Command line invocation:
    /Applications/Xcode.app/Contents/Developer/usr/bin/xcodebuild -workspace Telegram-Mac.xcworkspace -scheme Telegram -destination platform=macOS build

2026-09-21 20:22:13.461 xcodebuild[54928:3878363] [MT] IDERunDestination: Supported platforms for the buildables in the current scheme is empty.
Resolve Package Graph
2026-09-21 20:22:13.552 xcodebuild[54928:3878363] [MT] IDERunDestination: Supported platforms for the buildables in the current scheme is empty.
Invalid Exclude '/Users/buddhirajgautam/Documents/Cherrygram-Mac/macOS-Swift/submodules/tgcalls/tgcalls/legacy/InstanceImplLegacy.h': File not found.Invalid Exclude '/Users/buddhirajgautam/Documents/Cherrygram-Mac/macOS-Swift/submodules/tgcalls/tgcalls/legacy/InstanceImplLegacy.cpp': File not found.

Resolved source packages:
  TelegramMedia: /Users/buddhirajgautam/Documents/Cherrygram-Mac/macOS-Swift/packages/TelegramMedia
  GoogleUtilities: https://github.com/google/GoogleUtilities.git @ 7.13.3
  TgVoipWebrtc: /Users/buddhirajgautam/Documents/Cherrygram-Mac/macOS-Swift/submodules/tgcalls
  Emoji: /Users/buddhirajgautam/Documents/Cherrygram-Mac/macOS-Swift/submodules/telegram-ios/submodules/Emoji
  FoundationUtils: /Users/buddhirajgautam/Documents/Cherrygram-Mac/macOS-Swift/packages/FoundationUtils
  CurrencyFormat: /Users/buddhirajgautam/Documents/Cherrygram-Mac/macOS-Swift/packages/CurrencyFormat
  FFMpegBinding: /Users/buddhirajgautam/Documents/Cherrygram-Mac/macOS-Swift/submodules/telegram-ios/submodules/FFMpegBinding
  Reactions: /Users/buddhirajgautam/Documents/Cherrygram-Mac/macOS-Swift/packages/Reactions
  MergeLists: /Users/buddhirajgautam/Documents/Cherrygram-Mac/macOS-Swift/packages/MergeLists
  SSignalKit: /Users/buddhirajgautam/Documents/Cherrygram-Mac/macOS-Swift/submodules/telegram-ios/submodules/SSignalKit
  Mozjpeg: /Users/buddhirajgautam/Documents/Cherrygram-Mac/macOS-Swift/submodules/Mozjpeg
  EmojiSuggestions: /Users/buddhirajgautam/Documents/Cherrygram-Mac/macOS-Swift/packages/EmojiSuggestions
  InAppVideoServices: /Users/buddhirajgautam/Documents/Cherrygram-Mac/macOS-Swift/packages/InAppVideoServices
  GraphCore: /Users/buddhirajgautam/Documents/Cherrygram-Mac/macOS-Swift/submodules/telegram-ios/submodules/GraphCore
  Translate: /Users/buddhirajgautam/Documents/Cherrygram-Mac/macOS-Swift/packages/Translate
  TelegramIconsTheme: /Users/buddhirajgautam/Documents/Cherrygram-Mac/macOS-Swift/packages/TelegramIconsTheme
  Localization: /Users/buddhirajgautam/Documents/Cherrygram-Mac/macOS-Swift/packages/Localization
  TGUIKit: /Users/buddhirajgautam/Documents/Cherrygram-Mac/macOS-Swift/packages/TGUIKit
  ThemeSettings: /Users/buddhirajgautam/Documents/Cherrygram-Mac/macOS-Swift/packages/ThemeSettings
  OpusBinding: /Users/buddhirajgautam/Documents/Cherrygram-Mac/macOS-Swift/submodules/telegram-ios/submodules/OpusBinding
  Colors: /Users/buddhirajgautam/Documents/Cherrygram-Mac/macOS-Swift/packages/Colors
  Dock: /Users/buddhirajgautam/Documents/Cherrygram-Mac/macOS-Swift/packages/Dock
  InAppSettings: /Users/buddhirajgautam/Documents/Cherrygram-Mac/macOS-Swift/packages/InAppSettings
  TelegramApi: /Users/buddhirajgautam/Documents/Cherrygram-Mac/macOS-Swift/submodules/telegram-ios/submodules/TelegramApi
  EDSunriseSet: /Users/buddhirajgautam/Documents/Cherrygram-Mac/macOS-Swift/packages/EDSunriseSet
  sqlcipher: /Users/buddhirajgautam/Documents/Cherrygram-Mac/macOS-Swift/submodules/telegram-ios/submodules/sqlcipher
  MtProtoKit: /Users/buddhirajgautam/Documents/Cherrygram-Mac/macOS-Swift/submodules/telegram-ios/submodules/MtProtoKit
  LokiRng: /Users/buddhirajgautam/Documents/Cherrygram-Mac/macOS-Swift/submodules/telegram-ios/submodules/Utils/LokiRng
  TGCurrencyFormatter: /Users/buddhirajgautam/Documents/Cherrygram-Mac/macOS-Swift/packages/TGCurrencyFormatter
  BuildConfig: /Users/buddhirajgautam/Documents/Cherrygram-Mac/macOS-Swift/submodules/BuildConfig
  DateUtils: /Users/buddhirajgautam/Documents/Cherrygram-Mac/macOS-Swift/packages/DateUtils
  rnoise: /Users/buddhirajgautam/Documents/Cherrygram-Mac/macOS-Swift/submodules/telegram-ios/third-party/rnnoise
  NumberPluralization: /Users/buddhirajgautam/Documents/Cherrygram-Mac/macOS-Swift/packages/NumberPluralization
  CallVideoLayer: /Users/buddhirajgautam/Documents/Cherrygram-Mac/macOS-Swift/packages/CallVideoLayer
  PrivateCallScreen: /Users/buddhirajgautam/Documents/Cherrygram-Mac/macOS-Swift/packages/PrivateCallScreen
  EncryptionProvider: /Users/buddhirajgautam/Documents/Cherrygram-Mac/macOS-Swift/submodules/telegram-ios/submodules/EncryptionProvider @ local
  Crc32: /Users/buddhirajgautam/Documents/Cherrygram-Mac/macOS-Swift/submodules/telegram-ios/submodules/Crc32 @ local
  leveldb: https://github.com/firebase/leveldb.git @ 1.22.5
  GTMSessionFetcher: https://github.com/google/gtm-session-fetcher.git @ 3.5.0
  FlatBuffers: /Users/buddhirajgautam/Documents/Cherrygram-Mac/macOS-Swift/submodules/telegram-ios/submodules/TelegramCore/FlatBuffers @ local
  YuvConversion: /Users/buddhirajgautam/Documents/Cherrygram-Mac/macOS-Swift/submodules/telegram-ios/submodules/YuvConversion
  ManagedFile: /Users/buddhirajgautam/Documents/Cherrygram-Mac/macOS-Swift/submodules/telegram-ios/submodules/ManagedFile
  FlatSerialization: /Users/buddhirajgautam/Documents/Cherrygram-Mac/macOS-Swift/submodules/telegram-ios/submodules/TelegramCore/FlatSerialization @ local
  RingBuffer: /Users/buddhirajgautam/Documents/Cherrygram-Mac/macOS-Swift/packages/RingBuffer
  ColorPalette: /Users/buddhirajgautam/Documents/Cherrygram-Mac/macOS-Swift/packages/ColorPalette
  GoogleDataTransport: https://github.com/google/GoogleDataTransport.git @ 9.4.0
  RangeSet: /Users/buddhirajgautam/Documents/Cherrygram-Mac/macOS-Swift/submodules/telegram-ios/submodules/Utils/RangeSet
  ObjcUtils: /Users/buddhirajgautam/Documents/Cherrygram-Mac/macOS-Swift/packages/ObjcUtils
  LegacyReachability: /Users/buddhirajgautam/Documents/Cherrygram-Mac/macOS-Swift/submodules/telegram-ios/submodules/Reachability/LegacyReachability @ local
  libphonenumber: /Users/buddhirajgautam/Documents/Cherrygram-Mac/macOS-Swift/submodules/telegram-ios/submodules/libphonenumber
  DarwinDirStat: /Users/buddhirajgautam/Documents/Cherrygram-Mac/macOS-Swift/submodules/telegram-ios/submodules/Utils/DarwinDirStat
  SwiftProtobuf: https://github.com/apple/swift-protobuf.git @ 1.29.0
  Svg: /Users/buddhirajgautam/Documents/Cherrygram-Mac/macOS-Swift/packages/Svg
  GraphUI: /Users/buddhirajgautam/Documents/Cherrygram-Mac/macOS-Swift/packages/GraphUI
  StringTransliteration: /Users/buddhirajgautam/Documents/Cherrygram-Mac/macOS-Swift/submodules/telegram-ios/submodules/StringTransliteration @ local
  TelegramCore: /Users/buddhirajgautam/Documents/Cherrygram-Mac/macOS-Swift/submodules/telegram-ios/submodules/TelegramCore
  InputView: /Users/buddhirajgautam/Documents/Cherrygram-Mac/macOS-Swift/packages/InputView
  Promises: https://github.com/google/promises.git @ 2.4.0
  TelegramAudio: /Users/buddhirajgautam/Documents/Cherrygram-Mac/macOS-Swift/submodules/telegram-ios/submodules/TelegramAudio
  TelegramSystem: /Users/buddhirajgautam/Documents/Cherrygram-Mac/macOS-Swift/packages/TelegramSystem
  Strings: /Users/buddhirajgautam/Documents/Cherrygram-Mac/macOS-Swift/packages/Strings
  TGGifConverter: /Users/buddhirajgautam/Documents/Cherrygram-Mac/macOS-Swift/packages/TGGifConverter
  TelegramVoip: /Users/buddhirajgautam/Documents/Cherrygram-Mac/macOS-Swift/submodules/telegram-ios/submodules/TelegramVoip
  minizip: /Users/buddhirajgautam/Documents/Cherrygram-Mac/macOS-Swift/submodules/minizip
  TGPassportMRZ: /Users/buddhirajgautam/Documents/Cherrygram-Mac/macOS-Swift/packages/TGPassportMRZ
  OpenSSLEncryption: /Users/buddhirajgautam/Documents/Cherrygram-Mac/macOS-Swift/submodules/telegram-ios/submodules/OpenSSLEncryptionProvider
  TelegramMediaPlayer: /Users/buddhirajgautam/Documents/Cherrygram-Mac/macOS-Swift/submodules/telegram-ios/submodules/MediaPlayer
  libwebp: /Users/buddhirajgautam/Documents/Cherrygram-Mac/macOS-Swift/submodules/libwebp
  KeyboardKey: /Users/buddhirajgautam/Documents/Cherrygram-Mac/macOS-Swift/packages/KeyboardKey
  OCR: /Users/buddhirajgautam/Documents/Cherrygram-Mac/macOS-Swift/packages/OCR
  Zip: /Users/buddhirajgautam/Documents/Cherrygram-Mac/macOS-Swift/submodules/Zip
  FetchManager: /Users/buddhirajgautam/Documents/Cherrygram-Mac/macOS-Swift/packages/FetchManager
  DetectSpeech: /Users/buddhirajgautam/Documents/Cherrygram-Mac/macOS-Swift/packages/DetectSpeech
  HackUtils: /Users/buddhirajgautam/Documents/Cherrygram-Mac/macOS-Swift/packages/HackUtils
  InAppPurchaseManager: /Users/buddhirajgautam/Documents/Cherrygram-Mac/macOS-Swift/packages/InAppPurchaseManager
  ShelfPack: /Users/buddhirajgautam/Documents/Cherrygram-Mac/macOS-Swift/submodules/telegram-ios/submodules/Utils/ShelfPack
  HotKey: /Users/buddhirajgautam/Documents/Cherrygram-Mac/macOS-Swift/packages/HotKey
  MetalEngine: /Users/buddhirajgautam/Documents/Cherrygram-Mac/macOS-Swift/submodules/telegram-ios/submodules/MetalEngine
  abseil: https://github.com/firebase/abseil-cpp-SwiftPM.git @ 0.20220203.2
  Stripe: /Users/buddhirajgautam/Documents/Cherrygram-Mac/macOS-Swift/submodules/Stripe
  FastBlur: /Users/buddhirajgautam/Documents/Cherrygram-Mac/macOS-Swift/packages/FastBlur
  CryptoUtils: /Users/buddhirajgautam/Documents/Cherrygram-Mac/macOS-Swift/submodules/telegram-ios/submodules/CryptoUtils @ local
  Postbox: /Users/buddhirajgautam/Documents/Cherrygram-Mac/macOS-Swift/submodules/telegram-ios/submodules/Postbox
  TextRecognizing: /Users/buddhirajgautam/Documents/Cherrygram-Mac/macOS-Swift/packages/TextRecognizing
  NetworkLogging: /Users/buddhirajgautam/Documents/Cherrygram-Mac/macOS-Swift/submodules/telegram-ios/submodules/NetworkLogging @ local
  CalendarUtils: /Users/buddhirajgautam/Documents/Cherrygram-Mac/macOS-Swift/packages/CalendarUtils
  TGVideoCameraMovie: /Users/buddhirajgautam/Documents/Cherrygram-Mac/macOS-Swift/packages/TGVideoCameraMovie
  GoogleAppMeasurement: https://github.com/google/GoogleAppMeasurement.git @ 10.1.0
  TGModernGrowingTextView: /Users/buddhirajgautam/Documents/Cherrygram-Mac/macOS-Swift/packages/TGModernGrowingTextView
  TdBinding: /Users/buddhirajgautam/Documents/Cherrygram-Mac/macOS-Swift/submodules/telegram-ios/third-party/td/TdBinding
  gRPC: https://github.com/grpc/grpc-ios.git @ 1.44.3-grpc
  CrashHandler: /Users/buddhirajgautam/Documents/Cherrygram-Mac/macOS-Swift/packages/CrashHandler
  MurMurHash32: /Users/buddhirajgautam/Documents/Cherrygram-Mac/macOS-Swift/submodules/telegram-ios/submodules/MurMurHash32
  Firebase: https://github.com/firebase/firebase-ios-sdk @ 10.3.0
  DustLayer: /Users/buddhirajgautam/Documents/Cherrygram-Mac/macOS-Swift/packages/DustLayer
  BoringSSL-GRPC: https://github.com/firebase/boringssl-SwiftPM.git @ 0.9.1
  GZIP: /Users/buddhirajgautam/Documents/Cherrygram-Mac/macOS-Swift/packages/GZIP
  nanopb: https://github.com/firebase/nanopb.git @ 2.30909.0
  ApiCredentials: /Users/buddhirajgautam/Documents/Cherrygram-Mac/macOS-Swift/packages/ApiCredentials
  Reachability: /Users/buddhirajgautam/Documents/Cherrygram-Mac/macOS-Swift/submodules/telegram-ios/submodules/Reachability @ local

ComputePackagePrebuildTargetDependencyGraph

Prepare packages

CreateBuildRequest

SendProjectDescription

CreateBuildOperation

ComputeTargetDependencyGraph
note: Building targets in dependency order
note: Target dependency graph (228 targets)
    Target 'Telegram' in project 'Telegram'
        ➜ Explicit dependency on target 'TelegramShare' in project 'Telegram'
        ➜ Implicit dependency on target 'Sparkle' in project 'Sparkle' via file 'Sparkle.framework' in build phase 'Copy Files'
        ➜ Implicit dependency on target 'CodeSyntax' in project 'CodeSyntax' via file 'CodeSyntax.framework' in build phase 'Link Binary'
        ➜ Implicit dependency on target 'RLottie' in project 'RLottie_Xcode' via file 'RLottie.framework' in build phase 'Link Binary'
        ➜ Explicit dependency on target 'PrivateCallScreen-product' in project 'PrivateCallScreen'
        ➜ Explicit dependency on target 'FoundationUtils-product' in project 'FoundationUtils'
        ➜ Explicit dependency on target 'HotKey-product' in project 'HotKey'
        ➜ Explicit dependency on target 'InputView-product' in project 'InputView'
        ➜ Explicit dependency on target 'TelegramMediaPlayer-product' in project 'TelegramMediaPlayer'
        ➜ Explicit dependency on target 'Postbox-product' in project 'Postbox'
        ➜ Explicit dependency on target 'TelegramApi-product' in project 'TelegramApi'
        ➜ Explicit dependency on target 'Zip-product' in project 'Zip'
        ➜ Explicit dependency on target 'ThemeSettings-product' in project 'ThemeSettings'
        ➜ Explicit dependency on target 'libphonenumber-product' in project 'libphonenumber'
        ➜ Explicit dependency on target 'MergeLists-product' in project 'MergeLists'
        ➜ Explicit dependency on target 'CallVideoLayer-product' in project 'CallVideoLayer'
        ➜ Explicit dependency on target 'MetalEngine-product' in project 'MetalEngine'
        ➜ Explicit dependency on target 'MurMurHash32-product' in project 'MurMurHash32'
        ➜ Explicit dependency on target 'Stripe-product' in project 'Stripe'
        ➜ Explicit dependency on target 'FetchManager-product' in project 'FetchManager'
        ➜ Explicit dependency on target 'SwiftSignalKit-product' in project 'SSignalKit'
        ➜ Explicit dependency on target 'FastBlur-product' in project 'FastBlur'
        ➜ Explicit dependency on target 'TGCurrencyFormatter-product' in project 'TGCurrencyFormatter'
        ➜ Explicit dependency on target 'ColorPalette-product' in project 'ColorPalette'
        ➜ Explicit dependency on target 'FFMpegBinding-product' in project 'FFMpegBinding'
        ➜ Explicit dependency on target 'TelegramSystem-product' in project 'TelegramSystem'
        ➜ Explicit dependency on target 'TgVoipWebrtc-product' in project 'TgVoipWebrtc'
        ➜ Explicit dependency on target 'CurrencyFormat-product' in project 'CurrencyFormat'
        ➜ Explicit dependency on target 'GraphUI-product' in project 'GraphUI'
        ➜ Explicit dependency on target 'rnoise-product' in project 'rnoise'
        ➜ Explicit dependency on target 'YuvConversion-product' in project 'YuvConversion'
        ➜ Explicit dependency on target 'TelegramCore-product' in project 'TelegramCore'
        ➜ Explicit dependency on target 'DateUtils-product' in project 'DateUtils'
        ➜ Explicit dependency on target 'ManagedFile-product' in project 'ManagedFile'
        ➜ Explicit dependency on target 'TGUIKit-product' in project 'TGUIKit'
        ➜ Explicit dependency on target 'Localization-product' in project 'Localization'
        ➜ Explicit dependency on target 'TGModernGrowingTextView-product' in project 'TGModernGrowingTextView'
        ➜ Explicit dependency on target 'RangeSet-product' in project 'RangeSet'
        ➜ Explicit dependency on target 'ApiCredentials-product' in project 'ApiCredentials'
        ➜ Explicit dependency on target 'InAppPurchaseManager-product' in project 'InAppPurchaseManager'
        ➜ Explicit dependency on target 'HackUtils-product' in project 'HackUtils'
        ➜ Explicit dependency on target 'InAppVideoServices-product' in project 'InAppVideoServices'
        ➜ Explicit dependency on target 'ShelfPack-product' in project 'ShelfPack'
        ➜ Explicit dependency on target 'Translate-product' in project 'Translate'
        ➜ Explicit dependency on target 'Mozjpeg-product' in project 'Mozjpeg'
        ➜ Explicit dependency on target 'GraphCore-product' in project 'GraphCore'
        ➜ Explicit dependency on target 'TelegramVoip-product' in project 'TelegramVoip'
        ➜ Explicit dependency on target 'Dock-product' in project 'Dock'
        ➜ Explicit dependency on target 'KeyboardKey-product' in project 'KeyboardKey'
        ➜ Explicit dependency on target 'CrashHandler-product' in project 'CrashHandler'
        ➜ Explicit dependency on target 'TelegramIconsTheme-product' in project 'TelegramIconsTheme'
        ➜ Explicit dependency on target 'TdBinding-product' in project 'TdBinding'
        ➜ Explicit dependency on target 'LokiRng-product' in project 'LokiRng'
        ➜ Explicit dependency on target 'BuildConfig-product' in project 'BuildConfig'
        ➜ Explicit dependency on target 'OpenSSLEncryption-product' in project 'OpenSSLEncryption'
        ➜ Explicit dependency on target 'EDSunriseSet-product' in project 'EDSunriseSet'
        ➜ Explicit dependency on target 'OCR-product' in project 'OCR'
        ➜ Explicit dependency on target 'FirebaseCrashlytics-product' in project 'Firebase'
        ➜ Explicit dependency on target 'TelegramMedia-product' in project 'TelegramMedia'
        ➜ Explicit dependency on target 'CalendarUtils-product' in project 'CalendarUtils'
        ➜ Explicit dependency on target 'Reactions-product' in project 'Reactions'
        ➜ Explicit dependency on target 'FirebaseAnalytics-product' in project 'Firebase'
        ➜ Explicit dependency on target 'Strings-product' in project 'Strings'
        ➜ Explicit dependency on target 'GZIP-product' in project 'GZIP'
        ➜ Explicit dependency on target 'MtProtoKit-product' in project 'MtProtoKit'
        ➜ Explicit dependency on target 'TextRecognizing-product' in project 'TextRecognizing'
        ➜ Explicit dependency on target 'OpusBinding-product' in project 'OpusBinding'
        ➜ Explicit dependency on target 'DustLayer-product' in project 'DustLayer'
        ➜ Explicit dependency on target 'ObjcUtils-product' in project 'ObjcUtils'
        ➜ Explicit dependency on target 'TGVideoCameraMovie-product' in project 'TGVideoCameraMovie'
        ➜ Explicit dependency on target 'TGGifConverter-product' in project 'TGGifConverter'
        ➜ Explicit dependency on target 'RingBuffer-product' in project 'RingBuffer'
        ➜ Explicit dependency on target 'TGPassportMRZ-product' in project 'TGPassportMRZ'
        ➜ Explicit dependency on target 'libwebp-product' in project 'libwebp'
        ➜ Explicit dependency on target 'DetectSpeech-product' in project 'DetectSpeech'
        ➜ Explicit dependency on target 'Colors-product' in project 'Colors'
        ➜ Explicit dependency on target 'EmojiSuggestions-product' in project 'EmojiSuggestions'
        ➜ Explicit dependency on target 'InAppSettings-product' in project 'InAppSettings'
        ➜ Explicit dependency on target 'Svg-product' in project 'Svg'
    Target 'EmojiSuggestions-product' in project 'EmojiSuggestions'
        ➜ Explicit dependency on target 'EmojiSuggestions' in project 'EmojiSuggestions'
    Target 'EmojiSuggestions' in project 'EmojiSuggestions' (no dependencies)
    Target 'DetectSpeech-product' in project 'DetectSpeech'
        ➜ Explicit dependency on target 'DetectSpeech' in project 'DetectSpeech'
    Target 'DetectSpeech' in project 'DetectSpeech' (no dependencies)
    Target 'TGPassportMRZ-product' in project 'TGPassportMRZ'
        ➜ Explicit dependency on target 'TGPassportMRZ' in project 'TGPassportMRZ'
    Target 'TGPassportMRZ' in project 'TGPassportMRZ' (no dependencies)
    Target 'TGGifConverter-product' in project 'TGGifConverter'
        ➜ Explicit dependency on target 'TGGifConverter' in project 'TGGifConverter'
    Target 'TGGifConverter' in project 'TGGifConverter' (no dependencies)
    Target 'TGVideoCameraMovie-product' in project 'TGVideoCameraMovie'
        ➜ Explicit dependency on target 'TGVideoCameraMovie' in project 'TGVideoCameraMovie'
    Target 'TGVideoCameraMovie' in project 'TGVideoCameraMovie' (no dependencies)
    Target 'DustLayer-product' in project 'DustLayer'
        ➜ Explicit dependency on target 'DustLayer' in project 'DustLayer'
        ➜ Explicit dependency on target 'DustLayer_DustLayer' in project 'DustLayer'
        ➜ Explicit dependency on target 'SwiftSignalKit-product' in project 'SSignalKit'
        ➜ Explicit dependency on target 'MetalEngine-product' in project 'MetalEngine'
        ➜ Explicit dependency on target 'TGUIKit-product' in project 'TGUIKit'
    Target 'DustLayer' in project 'DustLayer'
        ➜ Explicit dependency on target 'DustLayer_DustLayer' in project 'DustLayer'
        ➜ Explicit dependency on target 'SwiftSignalKit-product' in project 'SSignalKit'
        ➜ Explicit dependency on target 'MetalEngine-product' in project 'MetalEngine'
        ➜ Explicit dependency on target 'TGUIKit-product' in project 'TGUIKit'
    Target 'DustLayer_DustLayer' in project 'DustLayer' (no dependencies)
    Target 'TextRecognizing-product' in project 'TextRecognizing'
        ➜ Explicit dependency on target 'TextRecognizing' in project 'TextRecognizing'
        ➜ Explicit dependency on target 'SwiftSignalKit-product' in project 'SSignalKit'
        ➜ Explicit dependency on target 'Translate-product' in project 'Translate'
        ➜ Explicit dependency on target 'TGUIKit-product' in project 'TGUIKit'
        ➜ Explicit dependency on target 'TelegramCore-product' in project 'TelegramCore'
        ➜ Explicit dependency on target 'Postbox-product' in project 'Postbox'
    Target 'TextRecognizing' in project 'TextRecognizing'
        ➜ Explicit dependency on target 'SwiftSignalKit-product' in project 'SSignalKit'
        ➜ Explicit dependency on target 'Translate-product' in project 'Translate'
        ➜ Explicit dependency on target 'TGUIKit-product' in project 'TGUIKit'
        ➜ Explicit dependency on target 'TelegramCore-product' in project 'TelegramCore'
        ➜ Explicit dependency on target 'Postbox-product' in project 'Postbox'
    Target 'FirebaseAnalytics-product' in project 'Firebase'
        ➜ Explicit dependency on target 'FirebaseAnalyticsTarget' in project 'Firebase'
        ➜ Explicit dependency on target 'Firebase' in project 'Firebase'
        ➜ Explicit dependency on target 'FirebaseCoreInternal' in project 'Firebase'
        ➜ Explicit dependency on target 'FirebaseCore' in project 'Firebase'
        ➜ Explicit dependency on target 'FirebaseInstallations' in project 'Firebase'
        ➜ Explicit dependency on target 'FirebaseAnalyticsWrapper' in project 'Firebase'
        ➜ Explicit dependency on target 'GULNSData-product' in project 'GoogleUtilities'
        ➜ Explicit dependency on target 'GULEnvironment-product' in project 'GoogleUtilities'
        ➜ Explicit dependency on target 'GULLogger-product' in project 'GoogleUtilities'
        ➜ Explicit dependency on target 'FBLPromises-product' in project 'Promises'
        ➜ Explicit dependency on target 'GULUserDefaults-product' in project 'GoogleUtilities'
        ➜ Explicit dependency on target 'GoogleAppMeasurement-product' in project 'GoogleAppMeasurement'
        ➜ Explicit dependency on target 'GULAppDelegateSwizzler-product' in project 'GoogleUtilities'
        ➜ Explicit dependency on target 'GULMethodSwizzler-product' in project 'GoogleUtilities'
        ➜ Explicit dependency on target 'GULNetwork-product' in project 'GoogleUtilities'
        ➜ Explicit dependency on target 'nanopb-product' in project 'nanopb'
    Target 'FirebaseAnalyticsTarget' in project 'Firebase'
        ➜ Explicit dependency on target 'Firebase' in project 'Firebase'
        ➜ Explicit dependency on target 'FirebaseCoreInternal' in project 'Firebase'
        ➜ Explicit dependency on target 'FirebaseCore' in project 'Firebase'
        ➜ Explicit dependency on target 'FirebaseInstallations' in project 'Firebase'
        ➜ Explicit dependency on target 'FirebaseAnalyticsWrapper' in project 'Firebase'
        ➜ Explicit dependency on target 'GULNSData-product' in project 'GoogleUtilities'
        ➜ Explicit dependency on target 'GULEnvironment-product' in project 'GoogleUtilities'
        ➜ Explicit dependency on target 'GULLogger-product' in project 'GoogleUtilities'
        ➜ Explicit dependency on target 'FBLPromises-product' in project 'Promises'
        ➜ Explicit dependency on target 'GULUserDefaults-product' in project 'GoogleUtilities'
        ➜ Explicit dependency on target 'GoogleAppMeasurement-product' in project 'GoogleAppMeasurement'
        ➜ Explicit dependency on target 'GULAppDelegateSwizzler-product' in project 'GoogleUtilities'
        ➜ Explicit dependency on target 'GULMethodSwizzler-product' in project 'GoogleUtilities'
        ➜ Explicit dependency on target 'GULNetwork-product' in project 'GoogleUtilities'
        ➜ Explicit dependency on target 'nanopb-product' in project 'nanopb'
    Target 'FirebaseAnalyticsWrapper' in project 'Firebase'
        ➜ Explicit dependency on target 'Firebase' in project 'Firebase'
        ➜ Explicit dependency on target 'FirebaseCoreInternal' in project 'Firebase'
        ➜ Explicit dependency on target 'FirebaseCore' in project 'Firebase'
        ➜ Explicit dependency on target 'FirebaseInstallations' in project 'Firebase'
        ➜ Explicit dependency on target 'GULNSData-product' in project 'GoogleUtilities'
        ➜ Explicit dependency on target 'GULEnvironment-product' in project 'GoogleUtilities'
        ➜ Explicit dependency on target 'GULLogger-product' in project 'GoogleUtilities'
        ➜ Explicit dependency on target 'FBLPromises-product' in project 'Promises'
        ➜ Explicit dependency on target 'GULUserDefaults-product' in project 'GoogleUtilities'
        ➜ Explicit dependency on target 'GoogleAppMeasurement-product' in project 'GoogleAppMeasurement'
        ➜ Explicit dependency on target 'GULAppDelegateSwizzler-product' in project 'GoogleUtilities'
        ➜ Explicit dependency on target 'GULMethodSwizzler-product' in project 'GoogleUtilities'
        ➜ Explicit dependency on target 'GULNetwork-product' in project 'GoogleUtilities'
        ➜ Explicit dependency on target 'nanopb-product' in project 'nanopb'
    Target 'GoogleAppMeasurement-product' in project 'GoogleAppMeasurement'
        ➜ Explicit dependency on target 'GoogleAppMeasurementTarget' in project 'GoogleAppMeasurement'
        ➜ Explicit dependency on target 'GULAppDelegateSwizzler-product' in project 'GoogleUtilities'
        ➜ Explicit dependency on target 'GULMethodSwizzler-product' in project 'GoogleUtilities'
        ➜ Explicit dependency on target 'GULNSData-product' in project 'GoogleUtilities'
        ➜ Explicit dependency on target 'GULNetwork-product' in project 'GoogleUtilities'
        ➜ Explicit dependency on target 'nanopb-product' in project 'nanopb'
    Target 'GoogleAppMeasurementTarget' in project 'GoogleAppMeasurement'
        ➜ Explicit dependency on target 'GULAppDelegateSwizzler-product' in project 'GoogleUtilities'
        ➜ Explicit dependency on target 'GULMethodSwizzler-product' in project 'GoogleUtilities'
        ➜ Explicit dependency on target 'GULNSData-product' in project 'GoogleUtilities'
        ➜ Explicit dependency on target 'GULNetwork-product' in project 'GoogleUtilities'
        ➜ Explicit dependency on target 'nanopb-product' in project 'nanopb'
    Target 'GULNetwork-product' in project 'GoogleUtilities'
        ➜ Explicit dependency on target 'GoogleUtilities-Network' in project 'GoogleUtilities'
        ➜ Explicit dependency on target 'GoogleUtilities_GoogleUtilities-Network' in project 'GoogleUtilities'
        ➜ Explicit dependency on target 'third-party-IsAppEncrypted' in project 'GoogleUtilities'
        ➜ Explicit dependency on target 'GoogleUtilities-Environment' in project 'GoogleUtilities'
        ➜ Explicit dependency on target 'GoogleUtilities-Logger' in project 'GoogleUtilities'
        ➜ Explicit dependency on target 'GoogleUtilities-NSData' in project 'GoogleUtilities'
        ➜ Explicit dependency on target 'GoogleUtilities-Reachability' in project 'GoogleUtilities'
        ➜ Explicit dependency on target 'FBLPromises-product' in project 'Promises'
    Target 'GULMethodSwizzler-product' in project 'GoogleUtilities'
        ➜ Explicit dependency on target 'GoogleUtilities-MethodSwizzler' in project 'GoogleUtilities'
        ➜ Explicit dependency on target 'GoogleUtilities_GoogleUtilities-MethodSwizzler' in project 'GoogleUtilities'
        ➜ Explicit dependency on target 'third-party-IsAppEncrypted' in project 'GoogleUtilities'
        ➜ Explicit dependency on target 'GoogleUtilities-Environment' in project 'GoogleUtilities'
        ➜ Explicit dependency on target 'GoogleUtilities-Logger' in project 'GoogleUtilities'
        ➜ Explicit dependency on target 'FBLPromises-product' in project 'Promises'
    Target 'GoogleUtilities-MethodSwizzler' in project 'GoogleUtilities'
        ➜ Explicit dependency on target 'GoogleUtilities_GoogleUtilities-MethodSwizzler' in project 'GoogleUtilities'
        ➜ Explicit dependency on target 'third-party-IsAppEncrypted' in project 'GoogleUtilities'
        ➜ Explicit dependency on target 'GoogleUtilities-Environment' in project 'GoogleUtilities'
        ➜ Explicit dependency on target 'GoogleUtilities-Logger' in project 'GoogleUtilities'
        ➜ Explicit dependency on target 'FBLPromises-product' in project 'Promises'
    Target 'GoogleUtilities_GoogleUtilities-MethodSwizzler' in project 'GoogleUtilities' (no dependencies)
    Target 'GULAppDelegateSwizzler-product' in project 'GoogleUtilities'
        ➜ Explicit dependency on target 'GoogleUtilities-AppDelegateSwizzler' in project 'GoogleUtilities'
        ➜ Explicit dependency on target 'GoogleUtilities_GoogleUtilities-AppDelegateSwizzler' in project 'GoogleUtilities'
        ➜ Explicit dependency on target 'third-party-IsAppEncrypted' in project 'GoogleUtilities'
        ➜ Explicit dependency on target 'GoogleUtilities-Environment' in project 'GoogleUtilities'
        ➜ Explicit dependency on target 'GoogleUtilities-Logger' in project 'GoogleUtilities'
        ➜ Explicit dependency on target 'GoogleUtilities-NSData' in project 'GoogleUtilities'
        ➜ Explicit dependency on target 'GoogleUtilities-Reachability' in project 'GoogleUtilities'
        ➜ Explicit dependency on target 'GoogleUtilities-Network' in project 'GoogleUtilities'
        ➜ Explicit dependency on target 'FBLPromises-product' in project 'Promises'
    Target 'GoogleUtilities-AppDelegateSwizzler' in project 'GoogleUtilities'
        ➜ Explicit dependency on target 'GoogleUtilities_GoogleUtilities-AppDelegateSwizzler' in project 'GoogleUtilities'
        ➜ Explicit dependency on target 'third-party-IsAppEncrypted' in project 'GoogleUtilities'
        ➜ Explicit dependency on target 'GoogleUtilities-Environment' in project 'GoogleUtilities'
        ➜ Explicit dependency on target 'GoogleUtilities-Logger' in project 'GoogleUtilities'
        ➜ Explicit dependency on target 'GoogleUtilities-NSData' in project 'GoogleUtilities'
        ➜ Explicit dependency on target 'GoogleUtilities-Reachability' in project 'GoogleUtilities'
        ➜ Explicit dependency on target 'GoogleUtilities-Network' in project 'GoogleUtilities'
        ➜ Explicit dependency on target 'FBLPromises-product' in project 'Promises'
    Target 'GoogleUtilities-Network' in project 'GoogleUtilities'
        ➜ Explicit dependency on target 'GoogleUtilities_GoogleUtilities-Network' in project 'GoogleUtilities'
        ➜ Explicit dependency on target 'third-party-IsAppEncrypted' in project 'GoogleUtilities'
        ➜ Explicit dependency on target 'GoogleUtilities-Environment' in project 'GoogleUtilities'
        ➜ Explicit dependency on target 'GoogleUtilities-Logger' in project 'GoogleUtilities'
        ➜ Explicit dependency on target 'GoogleUtilities-NSData' in project 'GoogleUtilities'
        ➜ Explicit dependency on target 'GoogleUtilities-Reachability' in project 'GoogleUtilities'
        ➜ Explicit dependency on target 'FBLPromises-product' in project 'Promises'
    Target 'GoogleUtilities_GoogleUtilities-Network' in project 'GoogleUtilities' (no dependencies)
    Target 'GoogleUtilities-Reachability' in project 'GoogleUtilities'
        ➜ Explicit dependency on target 'GoogleUtilities_GoogleUtilities-Reachability' in project 'GoogleUtilities'
        ➜ Explicit dependency on target 'third-party-IsAppEncrypted' in project 'GoogleUtilities'
        ➜ Explicit dependency on target 'GoogleUtilities-Environment' in project 'GoogleUtilities'
        ➜ Explicit dependency on target 'GoogleUtilities-Logger' in project 'GoogleUtilities'
        ➜ Explicit dependency on target 'FBLPromises-product' in project 'Promises'
    Target 'GoogleUtilities_GoogleUtilities-Reachability' in project 'GoogleUtilities' (no dependencies)
    Target 'GoogleUtilities_GoogleUtilities-AppDelegateSwizzler' in project 'GoogleUtilities' (no dependencies)
    Target 'Reactions-product' in project 'Reactions'
        ➜ Explicit dependency on target 'Reactions' in project 'Reactions'
        ➜ Explicit dependency on target 'Postbox-product' in project 'Postbox'
        ➜ Explicit dependency on target 'SwiftSignalKit-product' in project 'SSignalKit'
        ➜ Explicit dependency on target 'TelegramCore-product' in project 'TelegramCore'
        ➜ Explicit dependency on target 'InAppSettings-product' in project 'InAppSettings'
    Target 'Reactions' in project 'Reactions'
        ➜ Explicit dependency on target 'Postbox-product' in project 'Postbox'
        ➜ Explicit dependency on target 'SwiftSignalKit-product' in project 'SSignalKit'
        ➜ Explicit dependency on target 'TelegramCore-product' in project 'TelegramCore'
        ➜ Explicit dependency on target 'InAppSettings-product' in project 'InAppSettings'
    Target 'FirebaseCrashlytics-product' in project 'Firebase'
        ➜ Explicit dependency on target 'FirebaseCrashlytics' in project 'Firebase'
        ➜ Explicit dependency on target 'Firebase' in project 'Firebase'
        ➜ Explicit dependency on target 'FirebaseCoreInternal' in project 'Firebase'
        ➜ Explicit dependency on target 'FirebaseCore' in project 'Firebase'
        ➜ Explicit dependency on target 'FirebaseInstallations' in project 'Firebase'
        ➜ Explicit dependency on target 'GULNSData-product' in project 'GoogleUtilities'
        ➜ Explicit dependency on target 'GULEnvironment-product' in project 'GoogleUtilities'
        ➜ Explicit dependency on target 'GULLogger-product' in project 'GoogleUtilities'
        ➜ Explicit dependency on target 'FBLPromises-product' in project 'Promises'
        ➜ Explicit dependency on target 'GULUserDefaults-product' in project 'GoogleUtilities'
        ➜ Explicit dependency on target 'GoogleDataTransport-product' in project 'GoogleDataTransport'
        ➜ Explicit dependency on target 'nanopb-product' in project 'nanopb'
    Target 'FirebaseCrashlytics' in project 'Firebase'
        ➜ Explicit dependency on target 'Firebase' in project 'Firebase'
        ➜ Explicit dependency on target 'FirebaseCoreInternal' in project 'Firebase'
        ➜ Explicit dependency on target 'FirebaseCore' in project 'Firebase'
        ➜ Explicit dependency on target 'FirebaseInstallations' in project 'Firebase'
        ➜ Explicit dependency on target 'GULNSData-product' in project 'GoogleUtilities'
        ➜ Explicit dependency on target 'GULEnvironment-product' in project 'GoogleUtilities'
        ➜ Explicit dependency on target 'GULLogger-product' in project 'GoogleUtilities'
        ➜ Explicit dependency on target 'FBLPromises-product' in project 'Promises'
        ➜ Explicit dependency on target 'GULUserDefaults-product' in project 'GoogleUtilities'
        ➜ Explicit dependency on target 'GoogleDataTransport-product' in project 'GoogleDataTransport'
        ➜ Explicit dependency on target 'nanopb-product' in project 'nanopb'
    Target 'GoogleDataTransport-product' in project 'GoogleDataTransport'
        ➜ Explicit dependency on target 'GoogleDataTransport' in project 'GoogleDataTransport'
        ➜ Explicit dependency on target 'GoogleDataTransport_GoogleDataTransport' in project 'GoogleDataTransport'
        ➜ Explicit dependency on target 'nanopb-product' in project 'nanopb'
        ➜ Explicit dependency on target 'FBLPromises-product' in project 'Promises'
        ➜ Explicit dependency on target 'GULEnvironment-product' in project 'GoogleUtilities'
    Target 'GoogleDataTransport' in project 'GoogleDataTransport'
        ➜ Explicit dependency on target 'GoogleDataTransport_GoogleDataTransport' in project 'GoogleDataTransport'
        ➜ Explicit dependency on target 'nanopb-product' in project 'nanopb'
        ➜ Explicit dependency on target 'FBLPromises-product' in project 'Promises'
        ➜ Explicit dependency on target 'GULEnvironment-product' in project 'GoogleUtilities'
    Target 'nanopb-product' in project 'nanopb'
        ➜ Explicit dependency on target 'nanopb' in project 'nanopb'
    Target 'nanopb' in project 'nanopb' (no dependencies)
    Target 'GoogleDataTransport_GoogleDataTransport' in project 'GoogleDataTransport' (no dependencies)
    Target 'FirebaseInstallations' in project 'Firebase'
        ➜ Explicit dependency on target 'Firebase' in project 'Firebase'
        ➜ Explicit dependency on target 'FirebaseCoreInternal' in project 'Firebase'
        ➜ Explicit dependency on target 'FirebaseCore' in project 'Firebase'
        ➜ Explicit dependency on target 'GULNSData-product' in project 'GoogleUtilities'
        ➜ Explicit dependency on target 'GULEnvironment-product' in project 'GoogleUtilities'
        ➜ Explicit dependency on target 'GULLogger-product' in project 'GoogleUtilities'
        ➜ Explicit dependency on target 'FBLPromises-product' in project 'Promises'
        ➜ Explicit dependency on target 'GULUserDefaults-product' in project 'GoogleUtilities'
    Target 'GULUserDefaults-product' in project 'GoogleUtilities'
        ➜ Explicit dependency on target 'GoogleUtilities-UserDefaults' in project 'GoogleUtilities'
        ➜ Explicit dependency on target 'GoogleUtilities_GoogleUtilities-UserDefaults' in project 'GoogleUtilities'
        ➜ Explicit dependency on target 'third-party-IsAppEncrypted' in project 'GoogleUtilities'
        ➜ Explicit dependency on target 'GoogleUtilities-Environment' in project 'GoogleUtilities'
        ➜ Explicit dependency on target 'GoogleUtilities-Logger' in project 'GoogleUtilities'
        ➜ Explicit dependency on target 'FBLPromises-product' in project 'Promises'
    Target 'GoogleUtilities-UserDefaults' in project 'GoogleUtilities'
        ➜ Explicit dependency on target 'GoogleUtilities_GoogleUtilities-UserDefaults' in project 'GoogleUtilities'
        ➜ Explicit dependency on target 'third-party-IsAppEncrypted' in project 'GoogleUtilities'
        ➜ Explicit dependency on target 'GoogleUtilities-Environment' in project 'GoogleUtilities'
        ➜ Explicit dependency on target 'GoogleUtilities-Logger' in project 'GoogleUtilities'
        ➜ Explicit dependency on target 'FBLPromises-product' in project 'Promises'
    Target 'GoogleUtilities_GoogleUtilities-UserDefaults' in project 'GoogleUtilities' (no dependencies)
    Target 'FirebaseCore' in project 'Firebase'
        ➜ Explicit dependency on target 'Firebase' in project 'Firebase'
        ➜ Explicit dependency on target 'FirebaseCoreInternal' in project 'Firebase'
        ➜ Explicit dependency on target 'GULNSData-product' in project 'GoogleUtilities'
        ➜ Explicit dependency on target 'GULEnvironment-product' in project 'GoogleUtilities'
        ➜ Explicit dependency on target 'GULLogger-product' in project 'GoogleUtilities'
    Target 'GULLogger-product' in project 'GoogleUtilities'
        ➜ Explicit dependency on target 'GoogleUtilities-Logger' in project 'GoogleUtilities'
        ➜ Explicit dependency on target 'GoogleUtilities_GoogleUtilities-Logger' in project 'GoogleUtilities'
        ➜ Explicit dependency on target 'third-party-IsAppEncrypted' in project 'GoogleUtilities'
        ➜ Explicit dependency on target 'GoogleUtilities-Environment' in project 'GoogleUtilities'
        ➜ Explicit dependency on target 'FBLPromises-product' in project 'Promises'
    Target 'GoogleUtilities-Logger' in project 'GoogleUtilities'
        ➜ Explicit dependency on target 'GoogleUtilities_GoogleUtilities-Logger' in project 'GoogleUtilities'
        ➜ Explicit dependency on target 'third-party-IsAppEncrypted' in project 'GoogleUtilities'
        ➜ Explicit dependency on target 'GoogleUtilities-Environment' in project 'GoogleUtilities'
        ➜ Explicit dependency on target 'FBLPromises-product' in project 'Promises'
    Target 'GoogleUtilities_GoogleUtilities-Logger' in project 'GoogleUtilities' (no dependencies)
    Target 'GULEnvironment-product' in project 'GoogleUtilities'
        ➜ Explicit dependency on target 'GoogleUtilities-Environment' in project 'GoogleUtilities'
        ➜ Explicit dependency on target 'GoogleUtilities_GoogleUtilities-Environment' in project 'GoogleUtilities'
        ➜ Explicit dependency on target 'third-party-IsAppEncrypted' in project 'GoogleUtilities'
        ➜ Explicit dependency on target 'FBLPromises-product' in project 'Promises'
    Target 'GoogleUtilities-Environment' in project 'GoogleUtilities'
        ➜ Explicit dependency on target 'GoogleUtilities_GoogleUtilities-Environment' in project 'GoogleUtilities'
        ➜ Explicit dependency on target 'third-party-IsAppEncrypted' in project 'GoogleUtilities'
        ➜ Explicit dependency on target 'FBLPromises-product' in project 'Promises'
    Target 'FBLPromises-product' in project 'Promises'
        ➜ Explicit dependency on target 'FBLPromises' in project 'Promises'
        ➜ Explicit dependency on target 'Promises_FBLPromises' in project 'Promises'
    Target 'FBLPromises' in project 'Promises'
        ➜ Explicit dependency on target 'Promises_FBLPromises' in project 'Promises'
    Target 'Promises_FBLPromises' in project 'Promises' (no dependencies)
    Target 'third-party-IsAppEncrypted' in project 'GoogleUtilities' (no dependencies)
    Target 'GoogleUtilities_GoogleUtilities-Environment' in project 'GoogleUtilities' (no dependencies)
    Target 'FirebaseCoreInternal' in project 'Firebase'
        ➜ Explicit dependency on target 'GULNSData-product' in project 'GoogleUtilities'
    Target 'GULNSData-product' in project 'GoogleUtilities'
        ➜ Explicit dependency on target 'GoogleUtilities-NSData' in project 'GoogleUtilities'
        ➜ Explicit dependency on target 'GoogleUtilities_GoogleUtilities-NSData' in project 'GoogleUtilities'
    Target 'GoogleUtilities-NSData' in project 'GoogleUtilities'
        ➜ Explicit dependency on target 'GoogleUtilities_GoogleUtilities-NSData' in project 'GoogleUtilities'
    Target 'GoogleUtilities_GoogleUtilities-NSData' in project 'GoogleUtilities' (no dependencies)
    Target 'Firebase' in project 'Firebase' (no dependencies)
    Target 'OCR-product' in project 'OCR'
        ➜ Explicit dependency on target 'OCR' in project 'OCR'
    Target 'OCR' in project 'OCR' (no dependencies)
    Target 'EDSunriseSet-product' in project 'EDSunriseSet'
        ➜ Explicit dependency on target 'EDSunriseSet' in project 'EDSunriseSet'
    Target 'EDSunriseSet' in project 'EDSunriseSet' (no dependencies)
    Target 'LokiRng-product' in project 'LokiRng'
        ➜ Explicit dependency on target 'LokiRng' in project 'LokiRng'
    Target 'LokiRng' in project 'LokiRng' (no dependencies)
    Target 'TdBinding-product' in project 'TdBinding'
        ➜ Explicit dependency on target 'TdBinding' in project 'TdBinding'
    Target 'TdBinding' in project 'TdBinding' (no dependencies)
    Target 'CrashHandler-product' in project 'CrashHandler'
        ➜ Explicit dependency on target 'CrashHandler' in project 'CrashHandler'
    Target 'CrashHandler' in project 'CrashHandler' (no dependencies)
    Target 'Dock-product' in project 'Dock'
        ➜ Explicit dependency on target 'Dock' in project 'Dock'
        ➜ Explicit dependency on target 'SwiftSignalKit-product' in project 'SSignalKit'
        ➜ Explicit dependency on target 'TGUIKit-product' in project 'TGUIKit'
        ➜ Explicit dependency on target 'ObjcUtils-product' in project 'ObjcUtils'
    Target 'Dock' in project 'Dock'
        ➜ Explicit dependency on target 'SwiftSignalKit-product' in project 'SSignalKit'
        ➜ Explicit dependency on target 'TGUIKit-product' in project 'TGUIKit'
        ➜ Explicit dependency on target 'ObjcUtils-product' in project 'ObjcUtils'
    Target 'Translate-product' in project 'Translate'
        ➜ Explicit dependency on target 'Translate' in project 'Translate'
        ➜ Explicit dependency on target 'SwiftSignalKit-product' in project 'SSignalKit'
    Target 'Translate' in project 'Translate'
        ➜ Explicit dependency on target 'SwiftSignalKit-product' in project 'SSignalKit'
    Target 'InAppVideoServices-product' in project 'InAppVideoServices'
        ➜ Explicit dependency on target 'InAppVideoServices' in project 'InAppVideoServices'
    Target 'InAppVideoServices' in project 'InAppVideoServices' (no dependencies)
    Target 'HackUtils-product' in project 'HackUtils'
        ➜ Explicit dependency on target 'HackUtils' in project 'HackUtils'
    Target 'HackUtils' in project 'HackUtils' (no dependencies)
    Target 'InAppPurchaseManager-product' in project 'InAppPurchaseManager'
        ➜ Explicit dependency on target 'InAppPurchaseManager' in project 'InAppPurchaseManager'
        ➜ Explicit dependency on target 'CurrencyFormat-product' in project 'CurrencyFormat'
        ➜ Explicit dependency on target 'SwiftSignalKit-product' in project 'SSignalKit'
        ➜ Explicit dependency on target 'TelegramCore-product' in project 'TelegramCore'
        ➜ Explicit dependency on target 'Postbox-product' in project 'Postbox'
        ➜ Explicit dependency on target 'TGUIKit-product' in project 'TGUIKit'
        ➜ Explicit dependency on target 'InAppSettings-product' in project 'InAppSettings'
    Target 'InAppPurchaseManager' in project 'InAppPurchaseManager'
        ➜ Explicit dependency on target 'CurrencyFormat-product' in project 'CurrencyFormat'
        ➜ Explicit dependency on target 'SwiftSignalKit-product' in project 'SSignalKit'
        ➜ Explicit dependency on target 'TelegramCore-product' in project 'TelegramCore'
        ➜ Explicit dependency on target 'Postbox-product' in project 'Postbox'
        ➜ Explicit dependency on target 'TGUIKit-product' in project 'TGUIKit'
        ➜ Explicit dependency on target 'InAppSettings-product' in project 'InAppSettings'
    Target 'TGModernGrowingTextView-product' in project 'TGModernGrowingTextView'
        ➜ Explicit dependency on target 'TGModernGrowingTextView' in project 'TGModernGrowingTextView'
    Target 'TGModernGrowingTextView' in project 'TGModernGrowingTextView' (no dependencies)
    Target 'rnoise-product' in project 'rnoise'
        ➜ Explicit dependency on target 'rnoise' in project 'rnoise'
    Target 'rnoise' in project 'rnoise' (no dependencies)
    Target 'GraphUI-product' in project 'GraphUI'
        ➜ Explicit dependency on target 'GraphUI' in project 'GraphUI'
        ➜ Explicit dependency on target 'TGUIKit-product' in project 'TGUIKit'
        ➜ Explicit dependency on target 'GraphCore-product' in project 'GraphCore'
        ➜ Explicit dependency on target 'SwiftSignalKit-product' in project 'SSignalKit'
    Target 'GraphUI' in project 'GraphUI'
        ➜ Explicit dependency on target 'TGUIKit-product' in project 'TGUIKit'
        ➜ Explicit dependency on target 'GraphCore-product' in project 'GraphCore'
        ➜ Explicit dependency on target 'SwiftSignalKit-product' in project 'SSignalKit'
    Target 'GraphCore-product' in project 'GraphCore'
        ➜ Explicit dependency on target 'GraphCore' in project 'GraphCore'
    Target 'GraphCore' in project 'GraphCore' (no dependencies)
    Target 'CurrencyFormat-product' in project 'CurrencyFormat'
        ➜ Explicit dependency on target 'CurrencyFormat' in project 'CurrencyFormat'
    Target 'CurrencyFormat' in project 'CurrencyFormat' (no dependencies)
    Target 'TGCurrencyFormatter-product' in project 'TGCurrencyFormatter'
        ➜ Explicit dependency on target 'TGCurrencyFormatter' in project 'TGCurrencyFormatter'
    Target 'TGCurrencyFormatter' in project 'TGCurrencyFormatter' (no dependencies)
    Target 'FetchManager-product' in project 'FetchManager'
        ➜ Explicit dependency on target 'FetchManager' in project 'FetchManager'
        ➜ Explicit dependency on target 'Postbox-product' in project 'Postbox'
        ➜ Explicit dependency on target 'SwiftSignalKit-product' in project 'SSignalKit'
        ➜ Explicit dependency on target 'TelegramCore-product' in project 'TelegramCore'
    Target 'FetchManager' in project 'FetchManager'
        ➜ Explicit dependency on target 'Postbox-product' in project 'Postbox'
        ➜ Explicit dependency on target 'SwiftSignalKit-product' in project 'SSignalKit'
        ➜ Explicit dependency on target 'TelegramCore-product' in project 'TelegramCore'
    Target 'Stripe-product' in project 'Stripe'
        ➜ Explicit dependency on target 'Stripe' in project 'Stripe'
    Target 'Stripe' in project 'Stripe' (no dependencies)
    Target 'libphonenumber-product' in project 'libphonenumber'
        ➜ Explicit dependency on target 'libphonenumber' in project 'libphonenumber'
    Target 'libphonenumber' in project 'libphonenumber' (no dependencies)
    Target 'Zip-product' in project 'Zip'
        ➜ Explicit dependency on target 'Zip' in project 'Zip'
        ➜ Explicit dependency on target 'minizip-product' in project 'minizip'
    Target 'Zip' in project 'Zip'
        ➜ Explicit dependency on target 'minizip-product' in project 'minizip'
    Target 'minizip-product' in project 'minizip'
        ➜ Explicit dependency on target 'minizip' in project 'minizip'
    Target 'minizip' in project 'minizip' (no dependencies)
    Target 'HotKey-product' in project 'HotKey'
        ➜ Explicit dependency on target 'HotKey' in project 'HotKey'
    Target 'HotKey' in project 'HotKey' (no dependencies)
    Target 'PrivateCallScreen-product' in project 'PrivateCallScreen'
        ➜ Explicit dependency on target 'PrivateCallScreen' in project 'PrivateCallScreen'
        ➜ Explicit dependency on target 'PrivateCallScreen_PrivateCallScreen' in project 'PrivateCallScreen'
        ➜ Explicit dependency on target 'SwiftSignalKit-product' in project 'SSignalKit'
        ➜ Explicit dependency on target 'MetalEngine-product' in project 'MetalEngine'
        ➜ Explicit dependency on target 'TelegramCore-product' in project 'TelegramCore'
        ➜ Explicit dependency on target 'Postbox-product' in project 'Postbox'
        ➜ Explicit dependency on target 'TGUIKit-product' in project 'TGUIKit'
        ➜ Explicit dependency on target 'TelegramMedia-product' in project 'TelegramMedia'
        ➜ Explicit dependency on target 'Localization-product' in project 'Localization'
        ➜ Explicit dependency on target 'KeyboardKey-product' in project 'KeyboardKey'
        ➜ Explicit dependency on target 'ColorPalette-product' in project 'ColorPalette'
        ➜ Explicit dependency on target 'CallVideoLayer-product' in project 'CallVideoLayer'
    Target 'PrivateCallScreen' in project 'PrivateCallScreen'
        ➜ Explicit dependency on target 'PrivateCallScreen_PrivateCallScreen' in project 'PrivateCallScreen'
        ➜ Explicit dependency on target 'SwiftSignalKit-product' in project 'SSignalKit'
        ➜ Explicit dependency on target 'MetalEngine-product' in project 'MetalEngine'
        ➜ Explicit dependency on target 'TelegramCore-product' in project 'TelegramCore'
        ➜ Explicit dependency on target 'Postbox-product' in project 'Postbox'
        ➜ Explicit dependency on target 'TGUIKit-product' in project 'TGUIKit'
        ➜ Explicit dependency on target 'TelegramMedia-product' in project 'TelegramMedia'
        ➜ Explicit dependency on target 'Localization-product' in project 'Localization'
        ➜ Explicit dependency on target 'KeyboardKey-product' in project 'KeyboardKey'
        ➜ Explicit dependency on target 'ColorPalette-product' in project 'ColorPalette'
        ➜ Explicit dependency on target 'CallVideoLayer-product' in project 'CallVideoLayer'
    Target 'TelegramMedia-product' in project 'TelegramMedia'
        ➜ Explicit dependency on target 'TelegramMedia' in project 'TelegramMedia'
        ➜ Explicit dependency on target 'SwiftSignalKit-product' in project 'SSignalKit'
        ➜ Explicit dependency on target 'ColorPalette-product' in project 'ColorPalette'
        ➜ Explicit dependency on target 'KeyboardKey-product' in project 'KeyboardKey'
        ➜ Explicit dependency on target 'TGUIKit-product' in project 'TGUIKit'
        ➜ Explicit dependency on target 'CallVideoLayer-product' in project 'CallVideoLayer'
        ➜ Explicit dependency on target 'TgVoipWebrtc-product' in project 'TgVoipWebrtc'
        ➜ Explicit dependency on target 'TelegramCore-product' in project 'TelegramCore'
        ➜ Explicit dependency on target 'GZIP-product' in project 'GZIP'
        ➜ Explicit dependency on target 'Postbox-product' in project 'Postbox'
        ➜ Explicit dependency on target 'libwebp-product' in project 'libwebp'
        ➜ Explicit dependency on target 'ApiCredentials-product' in project 'ApiCredentials'
        ➜ Explicit dependency on target 'ObjcUtils-product' in project 'ObjcUtils'
        ➜ Explicit dependency on target 'TelegramMediaPlayer-product' in project 'TelegramMediaPlayer'
        ➜ Explicit dependency on target 'OpusBinding-product' in project 'OpusBinding'
        ➜ Explicit dependency on target 'TelegramVoip-product' in project 'TelegramVoip'
    Target 'TelegramMedia' in project 'TelegramMedia'
        ➜ Explicit dependency on target 'SwiftSignalKit-product' in project 'SSignalKit'
        ➜ Explicit dependency on target 'ColorPalette-product' in project 'ColorPalette'
        ➜ Explicit dependency on target 'KeyboardKey-product' in project 'KeyboardKey'
        ➜ Explicit dependency on target 'TGUIKit-product' in project 'TGUIKit'
        ➜ Explicit dependency on target 'CallVideoLayer-product' in project 'CallVideoLayer'
        ➜ Explicit dependency on target 'TgVoipWebrtc-product' in project 'TgVoipWebrtc'
        ➜ Explicit dependency on target 'TelegramCore-product' in project 'TelegramCore'
        ➜ Explicit dependency on target 'GZIP-product' in project 'GZIP'
        ➜ Explicit dependency on target 'Postbox-product' in project 'Postbox'
        ➜ Explicit dependency on target 'libwebp-product' in project 'libwebp'
        ➜ Explicit dependency on target 'ApiCredentials-product' in project 'ApiCredentials'
        ➜ Explicit dependency on target 'ObjcUtils-product' in project 'ObjcUtils'
        ➜ Explicit dependency on target 'TelegramMediaPlayer-product' in project 'TelegramMediaPlayer'
        ➜ Explicit dependency on target 'OpusBinding-product' in project 'OpusBinding'
        ➜ Explicit dependency on target 'TelegramVoip-product' in project 'TelegramVoip'
    Target 'TelegramVoip-product' in project 'TelegramVoip'
        ➜ Explicit dependency on target 'TelegramVoip' in project 'TelegramVoip'
        ➜ Explicit dependency on target 'TgVoipWebrtc-product' in project 'TgVoipWebrtc'
        ➜ Explicit dependency on target 'SwiftSignalKit-product' in project 'SSignalKit'
        ➜ Explicit dependency on target 'FFMpegBinding-product' in project 'FFMpegBinding'
        ➜ Explicit dependency on target 'TelegramCore-product' in project 'TelegramCore'
    Target 'TelegramVoip' in project 'TelegramVoip'
        ➜ Explicit dependency on target 'TgVoipWebrtc-product' in project 'TgVoipWebrtc'
        ➜ Explicit dependency on target 'SwiftSignalKit-product' in project 'SSignalKit'
        ➜ Explicit dependency on target 'FFMpegBinding-product' in project 'FFMpegBinding'
        ➜ Explicit dependency on target 'TelegramCore-product' in project 'TelegramCore'
    Target 'OpusBinding-product' in project 'OpusBinding'
        ➜ Explicit dependency on target 'OpusBinding' in project 'OpusBinding'
    Target 'OpusBinding' in project 'OpusBinding' (no dependencies)
    Target 'TgVoipWebrtc-product' in project 'TgVoipWebrtc'
        ➜ Explicit dependency on target 'TgVoipWebrtc' in project 'TgVoipWebrtc'
    Target 'TgVoipWebrtc' in project 'TgVoipWebrtc' (no dependencies)
    Target 'CallVideoLayer-product' in project 'CallVideoLayer'
        ➜ Explicit dependency on target 'CallVideoLayer' in project 'CallVideoLayer'
        ➜ Explicit dependency on target 'CallVideoLayer_CallVideoLayer' in project 'CallVideoLayer'
        ➜ Explicit dependency on target 'SwiftSignalKit-product' in project 'SSignalKit'
        ➜ Explicit dependency on target 'MetalEngine-product' in project 'MetalEngine'
        ➜ Explicit dependency on target 'TGUIKit-product' in project 'TGUIKit'
    Target 'CallVideoLayer' in project 'CallVideoLayer'
        ➜ Explicit dependency on target 'CallVideoLayer_CallVideoLayer' in project 'CallVideoLayer'
        ➜ Explicit dependency on target 'SwiftSignalKit-product' in project 'SSignalKit'
        ➜ Explicit dependency on target 'MetalEngine-product' in project 'MetalEngine'
        ➜ Explicit dependency on target 'TGUIKit-product' in project 'TGUIKit'
    Target 'CallVideoLayer_CallVideoLayer' in project 'CallVideoLayer' (no dependencies)
    Target 'MetalEngine-product' in project 'MetalEngine'
        ➜ Explicit dependency on target 'MetalEngine' in project 'MetalEngine'
        ➜ Explicit dependency on target 'MetalEngine_MetalEngine' in project 'MetalEngine'
        ➜ Explicit dependency on target 'ShelfPack-product' in project 'ShelfPack'
        ➜ Explicit dependency on target 'TGUIKit-product' in project 'TGUIKit'
    Target 'MetalEngine' in project 'MetalEngine'
        ➜ Explicit dependency on target 'MetalEngine_MetalEngine' in project 'MetalEngine'
        ➜ Explicit dependency on target 'ShelfPack-product' in project 'ShelfPack'
        ➜ Explicit dependency on target 'TGUIKit-product' in project 'TGUIKit'
    Target 'MetalEngine_MetalEngine' in project 'MetalEngine' (no dependencies)
    Target 'PrivateCallScreen_PrivateCallScreen' in project 'PrivateCallScreen' (no dependencies)
    Target 'CodeSyntax' in project 'CodeSyntax' (no dependencies)
    Target 'Sparkle' in project 'Sparkle'
        ➜ Explicit dependency on target 'Autoupdate' in project 'Sparkle'
    Target 'Autoupdate' in project 'Sparkle'
        ➜ Explicit dependency on target 'fileop' in project 'Sparkle'
    Target 'fileop' in project 'Sparkle' (no dependencies)
    Target 'TelegramShare' in project 'Telegram'
        ➜ Implicit dependency on target 'RLottie' in project 'RLottie_Xcode' via file 'RLottie.framework' in build phase 'Link Binary'
        ➜ Explicit dependency on target 'TelegramSystem-product' in project 'TelegramSystem'
        ➜ Explicit dependency on target 'TelegramIconsTheme-product' in project 'TelegramIconsTheme'
        ➜ Explicit dependency on target 'InputView-product' in project 'InputView'
        ➜ Explicit dependency on target 'TelegramMediaPlayer-product' in project 'TelegramMediaPlayer'
        ➜ Explicit dependency on target 'Strings-product' in project 'Strings'
        ➜ Explicit dependency on target 'YuvConversion-product' in project 'YuvConversion'
        ➜ Explicit dependency on target 'TelegramCore-product' in project 'TelegramCore'
        ➜ Explicit dependency on target 'DateUtils-product' in project 'DateUtils'
        ➜ Explicit dependency on target 'KeyboardKey-product' in project 'KeyboardKey'
        ➜ Explicit dependency on target 'ApiCredentials-product' in project 'ApiCredentials'
        ➜ Explicit dependency on target 'InAppSettings-product' in project 'InAppSettings'
        ➜ Explicit dependency on target 'RingBuffer-product' in project 'RingBuffer'
        ➜ Explicit dependency on target 'OpenSSLEncryption-product' in project 'OpenSSLEncryption'
        ➜ Explicit dependency on target 'NumberPluralization-product' in project 'NumberPluralization'
        ➜ Explicit dependency on target 'ThemeSettings-product' in project 'ThemeSettings'
        ➜ Explicit dependency on target 'Mozjpeg-product' in project 'Mozjpeg'
        ➜ Explicit dependency on target 'CalendarUtils-product' in project 'CalendarUtils'
        ➜ Explicit dependency on target 'BuildConfig-product' in project 'BuildConfig'
        ➜ Explicit dependency on target 'GZIP-product' in project 'GZIP'
        ➜ Explicit dependency on target 'FoundationUtils-product' in project 'FoundationUtils'
        ➜ Explicit dependency on target 'ColorPalette-product' in project 'ColorPalette'
        ➜ Explicit dependency on target 'FFMpegBinding-product' in project 'FFMpegBinding'
        ➜ Explicit dependency on target 'Localization-product' in project 'Localization'
        ➜ Explicit dependency on target 'ManagedFile-product' in project 'ManagedFile'
        ➜ Explicit dependency on target 'Svg-product' in project 'Svg'
        ➜ Explicit dependency on target 'Colors-product' in project 'Colors'
        ➜ Explicit dependency on target 'ShelfPack-product' in project 'ShelfPack'
        ➜ Explicit dependency on target 'FastBlur-product' in project 'FastBlur'
        ➜ Explicit dependency on target 'TGUIKit-product' in project 'TGUIKit'
        ➜ Explicit dependency on target 'ObjcUtils-product' in project 'ObjcUtils'
        ➜ Explicit dependency on target 'libwebp-product' in project 'libwebp'
        ➜ Explicit dependency on target 'SwiftSignalKit-product' in project 'SSignalKit'
        ➜ Explicit dependency on target 'TelegramApi-product' in project 'TelegramApi'
        ➜ Explicit dependency on target 'Postbox-product' in project 'Postbox'
    Target 'libwebp-product' in project 'libwebp'
        ➜ Explicit dependency on target 'libwebp' in project 'libwebp'
    Target 'libwebp' in project 'libwebp' (no dependencies)
    Target 'FastBlur-product' in project 'FastBlur'
        ➜ Explicit dependency on target 'FastBlur' in project 'FastBlur'
    Target 'FastBlur' in project 'FastBlur' (no dependencies)
    Target 'ShelfPack-product' in project 'ShelfPack'
        ➜ Explicit dependency on target 'ShelfPack' in project 'ShelfPack'
    Target 'ShelfPack' in project 'ShelfPack' (no dependencies)
    Target 'Svg-product' in project 'Svg'
        ➜ Explicit dependency on target 'Svg' in project 'Svg'
    Target 'Svg' in project 'Svg' (no dependencies)
    Target 'FoundationUtils-product' in project 'FoundationUtils'
        ➜ Explicit dependency on target 'FoundationUtils' in project 'FoundationUtils'
    Target 'FoundationUtils' in project 'FoundationUtils' (no dependencies)
    Target 'GZIP-product' in project 'GZIP'
        ➜ Explicit dependency on target 'GZIP' in project 'GZIP'
    Target 'GZIP' in project 'GZIP' (no dependencies)
    Target 'BuildConfig-product' in project 'BuildConfig'
        ➜ Explicit dependency on target 'BuildConfig' in project 'BuildConfig'
        ➜ Explicit dependency on target 'CryptoUtils-product' in project 'CryptoUtils'
        ➜ Explicit dependency on target 'MurMurHash32-product' in project 'MurMurHash32'
    Target 'BuildConfig' in project 'BuildConfig'
        ➜ Explicit dependency on target 'CryptoUtils-product' in project 'CryptoUtils'
        ➜ Explicit dependency on target 'MurMurHash32-product' in project 'MurMurHash32'
    Target 'CalendarUtils-product' in project 'CalendarUtils'
        ➜ Explicit dependency on target 'CalendarUtils' in project 'CalendarUtils'
    Target 'CalendarUtils' in project 'CalendarUtils' (no dependencies)
    Target 'Mozjpeg-product' in project 'Mozjpeg'
        ➜ Explicit dependency on target 'Mozjpeg' in project 'Mozjpeg'
    Target 'Mozjpeg' in project 'Mozjpeg' (no dependencies)
    Target 'ThemeSettings-product' in project 'ThemeSettings'
        ➜ Explicit dependency on target 'ThemeSettings' in project 'ThemeSettings'
        ➜ Explicit dependency on target 'ColorPalette-product' in project 'ColorPalette'
        ➜ Explicit dependency on target 'Postbox-product' in project 'Postbox'
        ➜ Explicit dependency on target 'TGUIKit-product' in project 'TGUIKit'
        ➜ Explicit dependency on target 'Colors-product' in project 'Colors'
        ➜ Explicit dependency on target 'InAppSettings-product' in project 'InAppSettings'
        ➜ Explicit dependency on target 'TelegramCore-product' in project 'TelegramCore'
    Target 'ThemeSettings' in project 'ThemeSettings'
        ➜ Explicit dependency on target 'ColorPalette-product' in project 'ColorPalette'
        ➜ Explicit dependency on target 'Postbox-product' in project 'Postbox'
        ➜ Explicit dependency on target 'TGUIKit-product' in project 'TGUIKit'
        ➜ Explicit dependency on target 'Colors-product' in project 'Colors'
        ➜ Explicit dependency on target 'InAppSettings-product' in project 'InAppSettings'
        ➜ Explicit dependency on target 'TelegramCore-product' in project 'TelegramCore'
    Target 'OpenSSLEncryption-product' in project 'OpenSSLEncryption'
        ➜ Explicit dependency on target 'OpenSSLEncryption' in project 'OpenSSLEncryption'
    Target 'OpenSSLEncryption' in project 'OpenSSLEncryption' (no dependencies)
    Target 'InAppSettings-product' in project 'InAppSettings'
        ➜ Explicit dependency on target 'InAppSettings' in project 'InAppSettings'
        ➜ Explicit dependency on target 'SwiftSignalKit-product' in project 'SSignalKit'
        ➜ Explicit dependency on target 'Postbox-product' in project 'Postbox'
        ➜ Explicit dependency on target 'KeyboardKey-product' in project 'KeyboardKey'
        ➜ Explicit dependency on target 'Strings-product' in project 'Strings'
        ➜ Explicit dependency on target 'TGUIKit-product' in project 'TGUIKit'
        ➜ Explicit dependency on target 'TelegramCore-product' in project 'TelegramCore'
    Target 'InAppSettings' in project 'InAppSettings'
        ➜ Explicit dependency on target 'SwiftSignalKit-product' in project 'SSignalKit'
        ➜ Explicit dependency on target 'Postbox-product' in project 'Postbox'
        ➜ Explicit dependency on target 'KeyboardKey-product' in project 'KeyboardKey'
        ➜ Explicit dependency on target 'Strings-product' in project 'Strings'
        ➜ Explicit dependency on target 'TGUIKit-product' in project 'TGUIKit'
        ➜ Explicit dependency on target 'TelegramCore-product' in project 'TelegramCore'
    Target 'ApiCredentials-product' in project 'ApiCredentials'
        ➜ Explicit dependency on target 'ApiCredentials' in project 'ApiCredentials'
    Target 'ApiCredentials' in project 'ApiCredentials' (no dependencies)
    Target 'DateUtils-product' in project 'DateUtils'
        ➜ Explicit dependency on target 'DateUtils' in project 'DateUtils'
    Target 'DateUtils' in project 'DateUtils' (no dependencies)
    Target 'TelegramMediaPlayer-product' in project 'TelegramMediaPlayer'
        ➜ Explicit dependency on target 'TelegramMediaPlayer' in project 'TelegramMediaPlayer'
        ➜ Explicit dependency on target 'TelegramCore-product' in project 'TelegramCore'
        ➜ Explicit dependency on target 'Postbox-product' in project 'Postbox'
        ➜ Explicit dependency on target 'FFMpegBinding-product' in project 'FFMpegBinding'
        ➜ Explicit dependency on target 'YuvConversion-product' in project 'YuvConversion'
        ➜ Explicit dependency on target 'RingBuffer-product' in project 'RingBuffer'
        ➜ Explicit dependency on target 'TGUIKit-product' in project 'TGUIKit'
    Target 'TelegramMediaPlayer' in project 'TelegramMediaPlayer'
        ➜ Explicit dependency on target 'TelegramCore-product' in project 'TelegramCore'
        ➜ Explicit dependency on target 'Postbox-product' in project 'Postbox'
        ➜ Explicit dependency on target 'FFMpegBinding-product' in project 'FFMpegBinding'
        ➜ Explicit dependency on target 'YuvConversion-product' in project 'YuvConversion'
        ➜ Explicit dependency on target 'RingBuffer-product' in project 'RingBuffer'
        ➜ Explicit dependency on target 'TGUIKit-product' in project 'TGUIKit'
    Target 'RingBuffer-product' in project 'RingBuffer'
        ➜ Explicit dependency on target 'RingBuffer' in project 'RingBuffer'
    Target 'RingBuffer' in project 'RingBuffer' (no dependencies)
    Target 'YuvConversion-product' in project 'YuvConversion'
        ➜ Explicit dependency on target 'YuvConversion' in project 'YuvConversion'
    Target 'YuvConversion' in project 'YuvConversion' (no dependencies)
    Target 'FFMpegBinding-product' in project 'FFMpegBinding'
        ➜ Explicit dependency on target 'FFMpegBinding' in project 'FFMpegBinding'
    Target 'FFMpegBinding' in project 'FFMpegBinding' (no dependencies)
    Target 'InputView-product' in project 'InputView'
        ➜ Explicit dependency on target 'InputView' in project 'InputView'
        ➜ Explicit dependency on target 'TGUIKit-product' in project 'TGUIKit'
        ➜ Explicit dependency on target 'Localization-product' in project 'Localization'
        ➜ Explicit dependency on target 'ColorPalette-product' in project 'ColorPalette'
        ➜ Explicit dependency on target 'Postbox-product' in project 'Postbox'
        ➜ Explicit dependency on target 'SwiftSignalKit-product' in project 'SSignalKit'
        ➜ Explicit dependency on target 'TelegramCore-product' in project 'TelegramCore'
    Target 'InputView' in project 'InputView'
        ➜ Explicit dependency on target 'TGUIKit-product' in project 'TGUIKit'
        ➜ Explicit dependency on target 'Localization-product' in project 'Localization'
        ➜ Explicit dependency on target 'ColorPalette-product' in project 'ColorPalette'
        ➜ Explicit dependency on target 'Postbox-product' in project 'Postbox'
        ➜ Explicit dependency on target 'SwiftSignalKit-product' in project 'SSignalKit'
        ➜ Explicit dependency on target 'TelegramCore-product' in project 'TelegramCore'
    Target 'Localization-product' in project 'Localization'
        ➜ Explicit dependency on target 'Localization' in project 'Localization'
        ➜ Explicit dependency on target 'TelegramCore-product' in project 'TelegramCore'
        ➜ Explicit dependency on target 'TGUIKit-product' in project 'TGUIKit'
        ➜ Explicit dependency on target 'NumberPluralization-product' in project 'NumberPluralization'
    Target 'Localization' in project 'Localization'
        ➜ Explicit dependency on target 'TelegramCore-product' in project 'TelegramCore'
        ➜ Explicit dependency on target 'TGUIKit-product' in project 'TGUIKit'
        ➜ Explicit dependency on target 'NumberPluralization-product' in project 'NumberPluralization'
    Target 'NumberPluralization-product' in project 'NumberPluralization'
        ➜ Explicit dependency on target 'NumberPluralization' in project 'NumberPluralization'
    Target 'NumberPluralization' in project 'NumberPluralization' (no dependencies)
    Target 'TelegramCore-product' in project 'TelegramCore'
        ➜ Explicit dependency on target 'TelegramCore' in project 'TelegramCore'
        ➜ Explicit dependency on target 'Postbox-product' in project 'Postbox'
        ➜ Explicit dependency on target 'SwiftSignalKit-product' in project 'SSignalKit'
        ➜ Explicit dependency on target 'MtProtoKit-product' in project 'MtProtoKit'
        ➜ Explicit dependency on target 'TelegramApi-product' in project 'TelegramApi'
        ➜ Explicit dependency on target 'CryptoUtils-product' in project 'CryptoUtils'
        ➜ Explicit dependency on target 'NetworkLogging-product' in project 'NetworkLogging'
        ➜ Explicit dependency on target 'DarwinDirStat-product' in project 'DarwinDirStat'
        ➜ Explicit dependency on target 'Reachability-product' in project 'Reachability'
        ➜ Explicit dependency on target 'Emoji-product' in project 'Emoji'
        ➜ Explicit dependency on target 'FlatBuffers-product' in project 'FlatBuffers'
        ➜ Explicit dependency on target 'FlatSerialization-product' in project 'FlatSerialization'
        ➜ Explicit dependency on target 'EncryptionProvider-product' in project 'EncryptionProvider'
    Target 'TelegramCore' in project 'TelegramCore'
        ➜ Explicit dependency on target 'Postbox-product' in project 'Postbox'
        ➜ Explicit dependency on target 'SwiftSignalKit-product' in project 'SSignalKit'
        ➜ Explicit dependency on target 'MtProtoKit-product' in project 'MtProtoKit'
        ➜ Explicit dependency on target 'TelegramApi-product' in project 'TelegramApi'
        ➜ Explicit dependency on target 'CryptoUtils-product' in project 'CryptoUtils'
        ➜ Explicit dependency on target 'NetworkLogging-product' in project 'NetworkLogging'
        ➜ Explicit dependency on target 'DarwinDirStat-product' in project 'DarwinDirStat'
        ➜ Explicit dependency on target 'Reachability-product' in project 'Reachability'
        ➜ Explicit dependency on target 'Emoji-product' in project 'Emoji'
        ➜ Explicit dependency on target 'FlatBuffers-product' in project 'FlatBuffers'
        ➜ Explicit dependency on target 'FlatSerialization-product' in project 'FlatSerialization'
        ➜ Explicit dependency on target 'EncryptionProvider-product' in project 'EncryptionProvider'
    Target 'FlatSerialization-product' in project 'FlatSerialization'
        ➜ Explicit dependency on target 'FlatSerialization' in project 'FlatSerialization'
        ➜ Explicit dependency on target 'FlatBuffers-product' in project 'FlatBuffers'
    Target 'FlatSerialization' in project 'FlatSerialization'
        ➜ Explicit dependency on target 'FlatBuffers-product' in project 'FlatBuffers'
    Target 'FlatBuffers-product' in project 'FlatBuffers'
        ➜ Explicit dependency on target 'FlatBuffers' in project 'FlatBuffers'
    Target 'FlatBuffers' in project 'FlatBuffers' (no dependencies)
    Target 'Emoji-product' in project 'Emoji'
        ➜ Explicit dependency on target 'Emoji' in project 'Emoji'
    Target 'Emoji' in project 'Emoji' (no dependencies)
    Target 'Reachability-product' in project 'Reachability'
        ➜ Explicit dependency on target 'Reachability' in project 'Reachability'
        ➜ Explicit dependency on target 'LegacyReachability-product' in project 'LegacyReachability'
        ➜ Explicit dependency on target 'SwiftSignalKit-product' in project 'SSignalKit'
    Target 'Reachability' in project 'Reachability'
        ➜ Explicit dependency on target 'LegacyReachability-product' in project 'LegacyReachability'
        ➜ Explicit dependency on target 'SwiftSignalKit-product' in project 'SSignalKit'
    Target 'LegacyReachability-product' in project 'LegacyReachability'
        ➜ Explicit dependency on target 'LegacyReachability' in project 'LegacyReachability'
    Target 'LegacyReachability' in project 'LegacyReachability' (no dependencies)
    Target 'NetworkLogging-product' in project 'NetworkLogging'
        ➜ Explicit dependency on target 'NetworkLogging' in project 'NetworkLogging'
        ➜ Explicit dependency on target 'MtProtoKit-product' in project 'MtProtoKit'
    Target 'NetworkLogging' in project 'NetworkLogging'
        ➜ Explicit dependency on target 'MtProtoKit-product' in project 'MtProtoKit'
    Target 'TelegramApi-product' in project 'TelegramApi'
        ➜ Explicit dependency on target 'TelegramApi' in project 'TelegramApi'
    Target 'TelegramApi' in project 'TelegramApi' (no dependencies)
    Target 'MtProtoKit-product' in project 'MtProtoKit'
        ➜ Explicit dependency on target 'MtProtoKit' in project 'MtProtoKit'
        ➜ Explicit dependency on target 'EncryptionProvider-product' in project 'EncryptionProvider'
    Target 'MtProtoKit' in project 'MtProtoKit'
        ➜ Explicit dependency on target 'EncryptionProvider-product' in project 'EncryptionProvider'
    Target 'EncryptionProvider-product' in project 'EncryptionProvider'
        ➜ Explicit dependency on target 'EncryptionProvider' in project 'EncryptionProvider'
    Target 'EncryptionProvider' in project 'EncryptionProvider' (no dependencies)
    Target 'Postbox-product' in project 'Postbox'
        ➜ Explicit dependency on target 'Postbox' in project 'Postbox'
        ➜ Explicit dependency on target 'MurMurHash32-product' in project 'MurMurHash32'
        ➜ Explicit dependency on target 'SwiftSignalKit-product' in project 'SSignalKit'
        ➜ Explicit dependency on target 'ManagedFile-product' in project 'ManagedFile'
        ➜ Explicit dependency on target 'RangeSet-product' in project 'RangeSet'
        ➜ Explicit dependency on target 'sqlcipher-product' in project 'sqlcipher'
        ➜ Explicit dependency on target 'StringTransliteration-product' in project 'StringTransliteration'
        ➜ Explicit dependency on target 'DarwinDirStat-product' in project 'DarwinDirStat'
        ➜ Explicit dependency on target 'CryptoUtils-product' in project 'CryptoUtils'
        ➜ Explicit dependency on target 'Crc32-product' in project 'Crc32'
    Target 'Postbox' in project 'Postbox'
        ➜ Explicit dependency on target 'MurMurHash32-product' in project 'MurMurHash32'
        ➜ Explicit dependency on target 'SwiftSignalKit-product' in project 'SSignalKit'
        ➜ Explicit dependency on target 'ManagedFile-product' in project 'ManagedFile'
        ➜ Explicit dependency on target 'RangeSet-product' in project 'RangeSet'
        ➜ Explicit dependency on target 'sqlcipher-product' in project 'sqlcipher'
        ➜ Explicit dependency on target 'StringTransliteration-product' in project 'StringTransliteration'
        ➜ Explicit dependency on target 'DarwinDirStat-product' in project 'DarwinDirStat'
        ➜ Explicit dependency on target 'CryptoUtils-product' in project 'CryptoUtils'
        ➜ Explicit dependency on target 'Crc32-product' in project 'Crc32'
    Target 'Crc32-product' in project 'Crc32'
        ➜ Explicit dependency on target 'Crc32' in project 'Crc32'
    Target 'Crc32' in project 'Crc32' (no dependencies)
    Target 'CryptoUtils-product' in project 'CryptoUtils'
        ➜ Explicit dependency on target 'CryptoUtils' in project 'CryptoUtils'
    Target 'CryptoUtils' in project 'CryptoUtils' (no dependencies)
    Target 'DarwinDirStat-product' in project 'DarwinDirStat'
        ➜ Explicit dependency on target 'DarwinDirStat' in project 'DarwinDirStat'
    Target 'DarwinDirStat' in project 'DarwinDirStat' (no dependencies)
    Target 'StringTransliteration-product' in project 'StringTransliteration'
        ➜ Explicit dependency on target 'StringTransliteration' in project 'StringTransliteration'
    Target 'StringTransliteration' in project 'StringTransliteration' (no dependencies)
    Target 'sqlcipher-product' in project 'sqlcipher'
        ➜ Explicit dependency on target 'sqlcipher' in project 'sqlcipher'
    Target 'sqlcipher' in project 'sqlcipher' (no dependencies)
    Target 'RangeSet-product' in project 'RangeSet'
        ➜ Explicit dependency on target 'RangeSet' in project 'RangeSet'
    Target 'RangeSet' in project 'RangeSet' (no dependencies)
    Target 'ManagedFile-product' in project 'ManagedFile'
        ➜ Explicit dependency on target 'ManagedFile' in project 'ManagedFile'
        ➜ Explicit dependency on target 'SwiftSignalKit-product' in project 'SSignalKit'
    Target 'ManagedFile' in project 'ManagedFile'
        ➜ Explicit dependency on target 'SwiftSignalKit-product' in project 'SSignalKit'
    Target 'MurMurHash32-product' in project 'MurMurHash32'
        ➜ Explicit dependency on target 'MurMurHash32' in project 'MurMurHash32'
    Target 'MurMurHash32' in project 'MurMurHash32' (no dependencies)
    Target 'TGUIKit-product' in project 'TGUIKit'
        ➜ Explicit dependency on target 'TGUIKit' in project 'TGUIKit'
        ➜ Explicit dependency on target 'SwiftSignalKit-product' in project 'SSignalKit'
        ➜ Explicit dependency on target 'ColorPalette-product' in project 'ColorPalette'
        ➜ Explicit dependency on target 'KeyboardKey-product' in project 'KeyboardKey'
        ➜ Explicit dependency on target 'ObjcUtils-product' in project 'ObjcUtils'
        ➜ Explicit dependency on target 'MergeLists-product' in project 'MergeLists'
    Target 'TGUIKit' in project 'TGUIKit'
        ➜ Explicit dependency on target 'SwiftSignalKit-product' in project 'SSignalKit'
        ➜ Explicit dependency on target 'ColorPalette-product' in project 'ColorPalette'
        ➜ Explicit dependency on target 'KeyboardKey-product' in project 'KeyboardKey'
        ➜ Explicit dependency on target 'ObjcUtils-product' in project 'ObjcUtils'
        ➜ Explicit dependency on target 'MergeLists-product' in project 'MergeLists'
    Target 'MergeLists-product' in project 'MergeLists'
        ➜ Explicit dependency on target 'MergeLists' in project 'MergeLists'
    Target 'MergeLists' in project 'MergeLists' (no dependencies)
    Target 'ObjcUtils-product' in project 'ObjcUtils'
        ➜ Explicit dependency on target 'ObjcUtils' in project 'ObjcUtils'
    Target 'ObjcUtils' in project 'ObjcUtils' (no dependencies)
    Target 'KeyboardKey-product' in project 'KeyboardKey'
        ➜ Explicit dependency on target 'KeyboardKey' in project 'KeyboardKey'
    Target 'KeyboardKey' in project 'KeyboardKey' (no dependencies)
    Target 'ColorPalette-product' in project 'ColorPalette'
        ➜ Explicit dependency on target 'ColorPalette' in project 'ColorPalette'
        ➜ Explicit dependency on target 'Colors-product' in project 'Colors'
    Target 'ColorPalette' in project 'ColorPalette'
        ➜ Explicit dependency on target 'Colors-product' in project 'Colors'
    Target 'Colors-product' in project 'Colors'
        ➜ Explicit dependency on target 'Colors' in project 'Colors'
        ➜ Explicit dependency on target 'Strings-product' in project 'Strings'
    Target 'Colors' in project 'Colors'
        ➜ Explicit dependency on target 'Strings-product' in project 'Strings'
    Target 'Strings-product' in project 'Strings'
        ➜ Explicit dependency on target 'Strings' in project 'Strings'
    Target 'Strings' in project 'Strings' (no dependencies)
    Target 'TelegramIconsTheme-product' in project 'TelegramIconsTheme'
        ➜ Explicit dependency on target 'TelegramIconsTheme' in project 'TelegramIconsTheme'
        ➜ Explicit dependency on target 'SwiftSignalKit-product' in project 'SSignalKit'
    Target 'TelegramIconsTheme' in project 'TelegramIconsTheme'
        ➜ Explicit dependency on target 'SwiftSignalKit-product' in project 'SSignalKit'
    Target 'SwiftSignalKit-product' in project 'SSignalKit'
        ➜ Explicit dependency on target 'SwiftSignalKit' in project 'SSignalKit'
    Target 'SwiftSignalKit' in project 'SSignalKit' (no dependencies)
    Target 'TelegramSystem-product' in project 'TelegramSystem'
        ➜ Explicit dependency on target 'TelegramSystem' in project 'TelegramSystem'
    Target 'TelegramSystem' in project 'TelegramSystem' (no dependencies)
    Target 'RLottie' in project 'RLottie_Xcode' (no dependencies)

GatherProvisioningInputs

CreateBuildDescription

ExecuteExternalTool /Applications/Xcode.app/Contents/Developer/Toolchains/XcodeDefault.xctoolchain/usr/bin/swiftc --version

ExecuteExternalTool /Applications/Xcode.app/Contents/Developer/Toolchains/XcodeDefault.xctoolchain/usr/bin/clang -v -E -dM -arch arm64 -isysroot /Applications/Xcode.app/Contents/Developer/Platforms/MacOSX.platform/Developer/SDKs/MacOSX27.0.sdk -x c -c /dev/null

ExecuteExternalTool /Applications/Xcode.app/Contents/Developer/Toolchains/XcodeDefault.xctoolchain/usr/bin/clang -v -E -dM -arch arm64 -isysroot /Applications/Xcode.app/Contents/Developer/Platforms/MacOSX.platform/Developer/SDKs/MacOSX27.0.sdk -x objective-c -c /dev/null

ExecuteExternalTool /Applications/Xcode.app/Contents/Developer/Toolchains/XcodeDefault.xctoolchain/usr/bin/clang -v -E -dM -isysroot /Applications/Xcode.app/Contents/Developer/Platforms/MacOSX.platform/Developer/SDKs/MacOSX27.0.sdk -x c -c /dev/null

ExecuteExternalTool /Applications/Xcode.app/Contents/Developer/Toolchains/XcodeDefault.xctoolchain/usr/bin/clang -v -E -dM -arch arm64 -isysroot /Applications/Xcode.app/Contents/Developer/Platforms/MacOSX.platform/Developer/SDKs/MacOSX27.0.sdk -x objective-c++ -c /dev/null

ExecuteExternalTool /Applications/Xcode.app/Contents/Developer/Toolchains/XcodeDefault.xctoolchain/usr/bin/ld -version_details

ExecuteExternalTool /Applications/Xcode.app/Contents/Developer/Toolchains/XcodeDefault.xctoolchain/usr/bin/clang -v -E -dM -arch arm64 -isysroot /Applications/Xcode.app/Contents/Developer/Platforms/MacOSX.platform/Developer/SDKs/MacOSX27.0.sdk -x c++ -c /dev/null

ExecuteExternalTool /Applications/Xcode.app/Contents/Developer/usr/bin/ibtool --version --output-format xml1

ExecuteExternalTool /Applications/Xcode.app/Contents/Developer/Toolchains/XcodeDefault.xctoolchain/usr/bin/libtool -V

ExecuteExternalTool /Applications/Xcode.app/Contents/Developer/usr/bin/actool --version --output-format xml1

ExecuteExternalTool /Applications/Xcode.app/Contents/Developer/Toolchains/XcodeDefault.xctoolchain/usr/bin/clang -v -E -dM -arch x86_64 -isysroot /Applications/Xcode.app/Contents/Developer/Platforms/MacOSX.platform/Developer/SDKs/MacOSX27.0.sdk -x objective-c -c /dev/null

ExecuteExternalTool /Applications/Xcode.app/Contents/Developer/Toolchains/XcodeDefault.xctoolchain/usr/bin/clang -v -E -dM -arch x86_64 -isysroot /Applications/Xcode.app/Contents/Developer/Platforms/MacOSX.platform/Developer/SDKs/MacOSX27.0.sdk -x c -c /dev/null

Build description signature: 7360eeeb08c1556d1870ec2c0ceb4adb
Build description path: /Users/buddhirajgautam/Library/Developer/Xcode/DerivedData/Telegram-Mac-fygdgghdgmuleoelvxabfmqiotta/Build/Intermediates.noindex/XCBuildData/7360eeeb08c1556d1870ec2c0ceb4adb.xcbuilddata
ClangStatCache /Applications/Xcode.app/Contents/Developer/Toolchains/XcodeDefault.xctoolchain/usr/bin/clang-stat-cache /Applications/Xcode.app/Contents/Developer/Platforms/MacOSX.platform/Developer/SDKs/MacOSX27.0.sdk /Users/buddhirajgautam/Library/Developer/Xcode/DerivedData/SDKStatCaches.noindex/macosx27.0-26A425-e829b21a6f8c9b70876ba0858053c0447231f6df4def33e022ae2eb8f782df1a.sdkstatcache
    cd /Users/buddhirajgautam/Documents/Cherrygram-Mac/macOS-Swift
    /Applications/Xcode.app/Contents/Developer/Toolchains/XcodeDefault.xctoolchain/usr/bin/clang-stat-cache /Applications/Xcode.app/Contents/Developer/Platforms/MacOSX.platform/Developer/SDKs/MacOSX27.0.sdk -o /Users/buddhirajgautam/Library/Developer/Xcode/DerivedData/SDKStatCaches.noindex/macosx27.0-26A425-e829b21a6f8c9b70876ba0858053c0447231f6df4def33e022ae2eb8f782df1a.sdkstatcache

Copy /Users/buddhirajgautam/Library/Developer/Xcode/DerivedData/Telegram-Mac-fygdgghdgmuleoelvxabfmqiotta/Build/Intermediates.noindex/GeneratedModuleMaps/TelegramMediaPlayer.modulemap /Users/buddhirajgautam/Library/Developer/Xcode/DerivedData/Telegram-Mac-fygdgghdgmuleoelvxabfmqiotta/Build/Intermediates.noindex/TelegramMediaPlayer.build/Debug/TelegramMediaPlayer-t.build/TelegramMediaPlayer.modulemap (in target 'TelegramMediaPlayer' from project 'TelegramMediaPlayer')
    cd /Users/buddhirajgautam/Documents/Cherrygram-Mac/macOS-Swift/submodules/telegram-ios/submodules/MediaPlayer
    builtin-copy -exclude .DS_Store -exclude CVS -exclude .svn -exclude .git -exclude .hg -resolve-src-symlinks /Users/buddhirajgautam/Library/Developer/Xcode/DerivedData/Telegram-Mac-fygdgghdgmuleoelvxabfmqiotta/Build/Intermediates.noindex/TelegramMediaPlayer.build/Debug/TelegramMediaPlayer-t.build/TelegramMediaPlayer.modulemap /Users/buddhirajgautam/Library/Developer/Xcode/DerivedData/Telegram-Mac-fygdgghdgmuleoelvxabfmqiotta/Build/Intermediates.noindex/GeneratedModuleMaps

Copy /Users/buddhirajgautam/Library/Developer/Xcode/DerivedData/Telegram-Mac-fygdgghdgmuleoelvxabfmqiotta/Build/Intermediates.noindex/GeneratedModuleMaps/TelegramMedia.modulemap /Users/buddhirajgautam/Library/Developer/Xcode/DerivedData/Telegram-Mac-fygdgghdgmuleoelvxabfmqiotta/Build/Intermediates.noindex/TelegramMedia.build/Debug/TelegramMedia-t.build/TelegramMedia.modulemap (in target 'TelegramMedia' from project 'TelegramMedia')
    cd /Users/buddhirajgautam/Documents/Cherrygram-Mac/macOS-Swift/packages/TelegramMedia
    builtin-copy -exclude .DS_Store -exclude CVS -exclude .svn -exclude .git -exclude .hg -resolve-src-symlinks /Users/buddhirajgautam/Library/Developer/Xcode/DerivedData/Telegram-Mac-fygdgghdgmuleoelvxabfmqiotta/Build/Intermediates.noindex/TelegramMedia.build/Debug/TelegramMedia-t.build/TelegramMedia.modulemap /Users/buddhirajgautam/Library/Developer/Xcode/DerivedData/Telegram-Mac-fygdgghdgmuleoelvxabfmqiotta/Build/Intermediates.noindex/GeneratedModuleMaps

Copy /Users/buddhirajgautam/Library/Developer/Xcode/DerivedData/Telegram-Mac-fygdgghdgmuleoelvxabfmqiotta/Build/Intermediates.noindex/GeneratedModuleMaps/TGUIKit.modulemap /Users/buddhirajgautam/Library/Developer/Xcode/DerivedData/Telegram-Mac-fygdgghdgmuleoelvxabfmqiotta/Build/Intermediates.noindex/TGUIKit.build/Debug/TGUIKit-t.build/TGUIKit.modulemap (in target 'TGUIKit' from project 'TGUIKit')
    cd /Users/buddhirajgautam/Documents/Cherrygram-Mac/macOS-Swift/packages/TGUIKit
    builtin-copy -exclude .DS_Store -exclude CVS -exclude .svn -exclude .git -exclude .hg -resolve-src-symlinks /Users/buddhirajgautam/Library/Developer/Xcode/DerivedData/Telegram-Mac-fygdgghdgmuleoelvxabfmqiotta/Build/Intermediates.noindex/TGUIKit.build/Debug/TGUIKit-t.build/TGUIKit.modulemap /Users/buddhirajgautam/Library/Developer/Xcode/DerivedData/Telegram-Mac-fygdgghdgmuleoelvxabfmqiotta/Build/Intermediates.noindex/GeneratedModuleMaps

Copy /Users/buddhirajgautam/Library/Developer/Xcode/DerivedData/Telegram-Mac-fygdgghdgmuleoelvxabfmqiotta/Build/Intermediates.noindex/GeneratedModuleMaps/MetalEngine.modulemap /Users/buddhirajgautam/Library/Developer/Xcode/DerivedData/Telegram-Mac-fygdgghdgmuleoelvxabfmqiotta/Build/Intermediates.noindex/MetalEngine.build/Debug/MetalEngine-t.build/MetalEngine.modulemap (in target 'MetalEngine' from project 'MetalEngine')
    cd /Users/buddhirajgautam/Documents/Cherrygram-Mac/macOS-Swift/submodules/telegram-ios/submodules/MetalEngine
    builtin-copy -exclude .DS_Store -exclude CVS -exclude .svn -exclude .git -exclude .hg -resolve-src-symlinks /Users/buddhirajgautam/Library/Developer/Xcode/DerivedData/Telegram-Mac-fygdgghdgmuleoelvxabfmqiotta/Build/Intermediates.noindex/MetalEngine.build/Debug/MetalEngine-t.build/MetalEngine.modulemap /Users/buddhirajgautam/Library/Developer/Xcode/DerivedData/Telegram-Mac-fygdgghdgmuleoelvxabfmqiotta/Build/Intermediates.noindex/GeneratedModuleMaps

Copy /Users/buddhirajgautam/Library/Developer/Xcode/DerivedData/Telegram-Mac-fygdgghdgmuleoelvxabfmqiotta/Build/Intermediates.noindex/GeneratedModuleMaps/Zip.modulemap /Users/buddhirajgautam/Library/Developer/Xcode/DerivedData/Telegram-Mac-fygdgghdgmuleoelvxabfmqiotta/Build/Intermediates.noindex/Zip.build/Debug/Zip-t.build/Zip.modulemap (in target 'Zip' from project 'Zip')
    cd /Users/buddhirajgautam/Documents/Cherrygram-Mac/macOS-Swift/submodules/Zip
    builtin-copy -exclude .DS_Store -exclude CVS -exclude .svn -exclude .git -exclude .hg -resolve-src-symlinks /Users/buddhirajgautam/Library/Developer/Xcode/DerivedData/Telegram-Mac-fygdgghdgmuleoelvxabfmqiotta/Build/Intermediates.noindex/Zip.build/Debug/Zip-t.build/Zip.modulemap /Users/buddhirajgautam/Library/Developer/Xcode/DerivedData/Telegram-Mac-fygdgghdgmuleoelvxabfmqiotta/Build/Intermediates.noindex/GeneratedModuleMaps

Copy /Users/buddhirajgautam/Library/Developer/Xcode/DerivedData/Telegram-Mac-fygdgghdgmuleoelvxabfmqiotta/Build/Intermediates.noindex/GeneratedModuleMaps/Translate.modulemap /Users/buddhirajgautam/Library/Developer/Xcode/DerivedData/Telegram-Mac-fygdgghdgmuleoelvxabfmqiotta/Build/Intermediates.noindex/Translate.build/Debug/Translate-t.build/Translate.modulemap (in target 'Translate' from project 'Translate')
    cd /Users/buddhirajgautam/Documents/Cherrygram-Mac/macOS-Swift/packages/Translate
    builtin-copy -exclude .DS_Store -exclude CVS -exclude .svn -exclude .git -exclude .hg -resolve-src-symlinks /Users/buddhirajgautam/Library/Developer/Xcode/DerivedData/Telegram-Mac-fygdgghdgmuleoelvxabfmqiotta/Build/Intermediates.noindex/Translate.build/Debug/Translate-t.build/Translate.modulemap /Users/buddhirajgautam/Library/Developer/Xcode/DerivedData/Telegram-Mac-fygdgghdgmuleoelvxabfmqiotta/Build/Intermediates.noindex/GeneratedModuleMaps

Copy /Users/buddhirajgautam/Library/Developer/Xcode/DerivedData/Telegram-Mac-fygdgghdgmuleoelvxabfmqiotta/Build/Intermediates.noindex/GeneratedModuleMaps/TelegramIconsTheme.modulemap /Users/buddhirajgautam/Library/Developer/Xcode/DerivedData/Telegram-Mac-fygdgghdgmuleoelvxabfmqiotta/Build/Intermediates.noindex/TelegramIconsTheme.build/Debug/TelegramIconsTheme-t.build/TelegramIconsTheme.modulemap (in target 'TelegramIconsTheme' from project 'TelegramIconsTheme')
    cd /Users/buddhirajgautam/Documents/Cherrygram-Mac/macOS-Swift/packages/TelegramIconsTheme
    builtin-copy -exclude .DS_Store -exclude CVS -exclude .svn -exclude .git -exclude .hg -resolve-src-symlinks /Users/buddhirajgautam/Library/Developer/Xcode/DerivedData/Telegram-Mac-fygdgghdgmuleoelvxabfmqiotta/Build/Intermediates.noindex/TelegramIconsTheme.build/Debug/TelegramIconsTheme-t.build/TelegramIconsTheme.modulemap /Users/buddhirajgautam/Library/Developer/Xcode/DerivedData/Telegram-Mac-fygdgghdgmuleoelvxabfmqiotta/Build/Intermediates.noindex/GeneratedModuleMaps

Copy /Users/buddhirajgautam/Library/Developer/Xcode/DerivedData/Telegram-Mac-fygdgghdgmuleoelvxabfmqiotta/Build/Intermediates.noindex/GeneratedModuleMaps/ThemeSettings.modulemap /Users/buddhirajgautam/Library/Developer/Xcode/DerivedData/Telegram-Mac-fygdgghdgmuleoelvxabfmqiotta/Build/Intermediates.noindex/ThemeSettings.build/Debug/ThemeSettings-t.build/ThemeSettings.modulemap (in target 'ThemeSettings' from project 'ThemeSettings')
    cd /Users/buddhirajgautam/Documents/Cherrygram-Mac/macOS-Swift/packages/ThemeSettings
    builtin-copy -exclude .DS_Store -exclude CVS -exclude .svn -exclude .git -exclude .hg -resolve-src-symlinks /Users/buddhirajgautam/Library/Developer/Xcode/DerivedData/Telegram-Mac-fygdgghdgmuleoelvxabfmqiotta/Build/Intermediates.noindex/ThemeSettings.build/Debug/ThemeSettings-t.build/ThemeSettings.modulemap /Users/buddhirajgautam/Library/Developer/Xcode/DerivedData/Telegram-Mac-fygdgghdgmuleoelvxabfmqiotta/Build/Intermediates.noindex/GeneratedModuleMaps

Copy /Users/buddhirajgautam/Library/Developer/Xcode/DerivedData/Telegram-Mac-fygdgghdgmuleoelvxabfmqiotta/Build/Intermediates.noindex/GeneratedModuleMaps/TextRecognizing.modulemap /Users/buddhirajgautam/Library/Developer/Xcode/DerivedData/Telegram-Mac-fygdgghdgmuleoelvxabfmqiotta/Build/Intermediates.noindex/TextRecognizing.build/Debug/TextRecognizing-t.build/TextRecognizing.modulemap (in target 'TextRecognizing' from project 'TextRecognizing')
    cd /Users/buddhirajgautam/Documents/Cherrygram-Mac/macOS-Swift/packages/TextRecognizing
    builtin-copy -exclude .DS_Store -exclude CVS -exclude .svn -exclude .git -exclude .hg -resolve-src-symlinks /Users/buddhirajgautam/Library/Developer/Xcode/DerivedData/Telegram-Mac-fygdgghdgmuleoelvxabfmqiotta/Build/Intermediates.noindex/TextRecognizing.build/Debug/TextRecognizing-t.build/TextRecognizing.modulemap /Users/buddhirajgautam/Library/Developer/Xcode/DerivedData/Telegram-Mac-fygdgghdgmuleoelvxabfmqiotta/Build/Intermediates.noindex/GeneratedModuleMaps

Copy /Users/buddhirajgautam/Library/Developer/Xcode/DerivedData/Telegram-Mac-fygdgghdgmuleoelvxabfmqiotta/Build/Intermediates.noindex/GeneratedModuleMaps/TelegramVoip.modulemap /Users/buddhirajgautam/Library/Developer/Xcode/DerivedData/Telegram-Mac-fygdgghdgmuleoelvxabfmqiotta/Build/Intermediates.noindex/TelegramVoip.build/Debug/TelegramVoip-t.build/TelegramVoip.modulemap (in target 'TelegramVoip' from project 'TelegramVoip')
    cd /Users/buddhirajgautam/Documents/Cherrygram-Mac/macOS-Swift/submodules/telegram-ios/submodules/TelegramVoip
    builtin-copy -exclude .DS_Store -exclude CVS -exclude .svn -exclude .git -exclude .hg -resolve-src-symlinks /Users/buddhirajgautam/Library/Developer/Xcode/DerivedData/Telegram-Mac-fygdgghdgmuleoelvxabfmqiotta/Build/Intermediates.noindex/TelegramVoip.build/Debug/TelegramVoip-t.build/TelegramVoip.modulemap /Users/buddhirajgautam/Library/Developer/Xcode/DerivedData/Telegram-Mac-fygdgghdgmuleoelvxabfmqiotta/Build/Intermediates.noindex/GeneratedModuleMaps

Copy /Users/buddhirajgautam/Library/Developer/Xcode/DerivedData/Telegram-Mac-fygdgghdgmuleoelvxabfmqiotta/Build/Intermediates.noindex/GeneratedModuleMaps/TelegramCore.modulemap /Users/buddhirajgautam/Library/Developer/Xcode/DerivedData/Telegram-Mac-fygdgghdgmuleoelvxabfmqiotta/Build/Intermediates.noindex/TelegramCore.build/Debug/TelegramCore-t.build/TelegramCore.modulemap (in target 'TelegramCore' from project 'TelegramCore')
    cd /Users/buddhirajgautam/Documents/Cherrygram-Mac/macOS-Swift/submodules/telegram-ios/submodules/TelegramCore
    builtin-copy -exclude .DS_Store -exclude CVS -exclude .svn -exclude .git -exclude .hg -resolve-src-symlinks /Users/buddhirajgautam/Library/Developer/Xcode/DerivedData/Telegram-Mac-fygdgghdgmuleoelvxabfmqiotta/Build/Intermediates.noindex/TelegramCore.build/Debug/TelegramCore-t.build/TelegramCore.modulemap /Users/buddhirajgautam/Library/Developer/Xcode/DerivedData/Telegram-Mac-fygdgghdgmuleoelvxabfmqiotta/Build/Intermediates.noindex/GeneratedModuleMaps

CpHeader /Users/buddhirajgautam/Library/Developer/Xcode/DerivedData/Telegram-Mac-fygdgghdgmuleoelvxabfmqiotta/Build/Products/Debug/Sparkle.framework/Versions/A/PrivateHeaders/SUUnarchiver.h /Users/buddhirajgautam/Documents/Cherrygram-Mac/macOS-Swift/submodules/Sparkle/Sparkle/SUUnarchiver.h (in target 'Sparkle' from project 'Sparkle')
    cd /Users/buddhirajgautam/Documents/Cherrygram-Mac/macOS-Swift/submodules/Sparkle
    builtin-copy -exclude .DS_Store -exclude CVS -exclude .svn -exclude .git -exclude .hg -strip-unsigned-binaries -strip-deterministic -strip-tool /Applications/Xcode.app/Contents/Developer/Toolchains/XcodeDefault.xctoolchain/usr/bin/strip -resolve-src-symlinks /Users/buddhirajgautam/Documents/Cherrygram-Mac/macOS-Swift/submodules/Sparkle/Sparkle/SUUnarchiver.h /Users/buddhirajgautam/Library/Developer/Xcode/DerivedData/Telegram-Mac-fygdgghdgmuleoelvxabfmqiotta/Build/Products/Debug/Sparkle.framework/Versions/A/PrivateHeaders

CpHeader /Users/buddhirajgautam/Library/Developer/Xcode/DerivedData/Telegram-Mac-fygdgghdgmuleoelvxabfmqiotta/Build/Products/Debug/Sparkle.framework/Versions/A/Headers/sha512.h /Users/buddhirajgautam/Documents/Cherrygram-Mac/macOS-Swift/submodules/Sparkle/ed25519/src/sha512.h (in target 'Sparkle' from project 'Sparkle')
    cd /Users/buddhirajgautam/Documents/Cherrygram-Mac/macOS-Swift/submodules/Sparkle
    builtin-copy -exclude .DS_Store -exclude CVS -exclude .svn -exclude .git -exclude .hg -strip-unsigned-binaries -strip-deterministic -strip-tool /Applications/Xcode.app/Contents/Developer/Toolchains/XcodeDefault.xctoolchain/usr/bin/strip -resolve-src-symlinks /Users/buddhirajgautam/Documents/Cherrygram-Mac/macOS-Swift/submodules/Sparkle/ed25519/src/sha512.h /Users/buddhirajgautam/Library/Developer/Xcode/DerivedData/Telegram-Mac-fygdgghdgmuleoelvxabfmqiotta/Build/Products/Debug/Sparkle.framework/Versions/A/Headers

CpHeader /Users/buddhirajgautam/Library/Developer/Xcode/DerivedData/Telegram-Mac-fygdgghdgmuleoelvxabfmqiotta/Build/Products/Debug/Sparkle.framework/Versions/A/Headers/sc.h /Users/buddhirajgautam/Documents/Cherrygram-Mac/macOS-Swift/submodules/Sparkle/ed25519/src/sc.h (in target 'Sparkle' from project 'Sparkle')
    cd /Users/buddhirajgautam/Documents/Cherrygram-Mac/macOS-Swift/submodules/Sparkle
    builtin-copy -exclude .DS_Store -exclude CVS -exclude .svn -exclude .git -exclude .hg -strip-unsigned-binaries -strip-deterministic -strip-tool /Applications/Xcode.app/Contents/Developer/Toolchains/XcodeDefault.xctoolchain/usr/bin/strip -resolve-src-symlinks /Users/buddhirajgautam/Documents/Cherrygram-Mac/macOS-Swift/submodules/Sparkle/ed25519/src/sc.h /Users/buddhirajgautam/Library/Developer/Xcode/DerivedData/Telegram-Mac-fygdgghdgmuleoelvxabfmqiotta/Build/Products/Debug/Sparkle.framework/Versions/A/Headers

CpHeader /Users/buddhirajgautam/Library/Developer/Xcode/DerivedData/Telegram-Mac-fygdgghdgmuleoelvxabfmqiotta/Build/Products/Debug/Sparkle.framework/Versions/A/Headers/precomp_data.h /Users/buddhirajgautam/Documents/Cherrygram-Mac/macOS-Swift/submodules/Sparkle/ed25519/src/precomp_data.h (in target 'Sparkle' from project 'Sparkle')
    cd /Users/buddhirajgautam/Documents/Cherrygram-Mac/macOS-Swift/submodules/Sparkle
    builtin-copy -exclude .DS_Store -exclude CVS -exclude .svn -exclude .git -exclude .hg -strip-unsigned-binaries -strip-deterministic -strip-tool /Applications/Xcode.app/Contents/Developer/Toolchains/XcodeDefault.xctoolchain/usr/bin/strip -resolve-src-symlinks /Users/buddhirajgautam/Documents/Cherrygram-Mac/macOS-Swift/submodules/Sparkle/ed25519/src/precomp_data.h /Users/buddhirajgautam/Library/Developer/Xcode/DerivedData/Telegram-Mac-fygdgghdgmuleoelvxabfmqiotta/Build/Products/Debug/Sparkle.framework/Versions/A/Headers

CpHeader /Users/buddhirajgautam/Library/Developer/Xcode/DerivedData/Telegram-Mac-fygdgghdgmuleoelvxabfmqiotta/Build/Products/Debug/Sparkle.framework/Versions/A/Headers/ge.h /Users/buddhirajgautam/Documents/Cherrygram-Mac/macOS-Swift/submodules/Sparkle/ed25519/src/ge.h (in target 'Sparkle' from project 'Sparkle')
    cd /Users/buddhirajgautam/Documents/Cherrygram-Mac/macOS-Swift/submodules/Sparkle
    builtin-copy -exclude .DS_Store -exclude CVS -exclude .svn -exclude .git -exclude .hg -strip-unsigned-binaries -strip-deterministic -strip-tool /Applications/Xcode.app/Contents/Developer/Toolchains/XcodeDefault.xctoolchain/usr/bin/strip -resolve-src-symlinks /Users/buddhirajgautam/Documents/Cherrygram-Mac/macOS-Swift/submodules/Sparkle/ed25519/src/ge.h /Users/buddhirajgautam/Library/Developer/Xcode/DerivedData/Telegram-Mac-fygdgghdgmuleoelvxabfmqiotta/Build/Products/Debug/Sparkle.framework/Versions/A/Headers

CpHeader /Users/buddhirajgautam/Library/Developer/Xcode/DerivedData/Telegram-Mac-fygdgghdgmuleoelvxabfmqiotta/Build/Products/Debug/Sparkle.framework/Versions/A/Headers/fixedint.h /Users/buddhirajgautam/Documents/Cherrygram-Mac/macOS-Swift/submodules/Sparkle/ed25519/src/fixedint.h (in target 'Sparkle' from project 'Sparkle')
    cd /Users/buddhirajgautam/Documents/Cherrygram-Mac/macOS-Swift/submodules/Sparkle
    builtin-copy -exclude .DS_Store -exclude CVS -exclude .svn -exclude .git -exclude .hg -strip-unsigned-binaries -strip-deterministic -strip-tool /Applications/Xcode.app/Contents/Developer/Toolchains/XcodeDefault.xctoolchain/usr/bin/strip -resolve-src-symlinks /Users/buddhirajgautam/Documents/Cherrygram-Mac/macOS-Swift/submodules/Sparkle/ed25519/src/fixedint.h /Users/buddhirajgautam/Library/Developer/Xcode/DerivedData/Telegram-Mac-fygdgghdgmuleoelvxabfmqiotta/Build/Products/Debug/Sparkle.framework/Versions/A/Headers

CpHeader /Users/buddhirajgautam/Library/Developer/Xcode/DerivedData/Telegram-Mac-fygdgghdgmuleoelvxabfmqiotta/Build/Products/Debug/Sparkle.framework/Versions/A/Headers/fe.h /Users/buddhirajgautam/Documents/Cherrygram-Mac/macOS-Swift/submodules/Sparkle/ed25519/src/fe.h (in target 'Sparkle' from project 'Sparkle')
    cd /Users/buddhirajgautam/Documents/Cherrygram-Mac/macOS-Swift/submodules/Sparkle
    builtin-copy -exclude .DS_Store -exclude CVS -exclude .svn -exclude .git -exclude .hg -strip-unsigned-binaries -strip-deterministic -strip-tool /Applications/Xcode.app/Contents/Developer/Toolchains/XcodeDefault.xctoolchain/usr/bin/strip -resolve-src-symlinks /Users/buddhirajgautam/Documents/Cherrygram-Mac/macOS-Swift/submodules/Sparkle/ed25519/src/fe.h /Users/buddhirajgautam/Library/Developer/Xcode/DerivedData/Telegram-Mac-fygdgghdgmuleoelvxabfmqiotta/Build/Products/Debug/Sparkle.framework/Versions/A/Headers

CpHeader /Users/buddhirajgautam/Library/Developer/Xcode/DerivedData/Telegram-Mac-fygdgghdgmuleoelvxabfmqiotta/Build/Products/Debug/Sparkle.framework/Versions/A/Headers/ed25519.h /Users/buddhirajgautam/Documents/Cherrygram-Mac/macOS-Swift/submodules/Sparkle/ed25519/src/ed25519.h (in target 'Sparkle' from project 'Sparkle')
    cd /Users/buddhirajgautam/Documents/Cherrygram-Mac/macOS-Swift/submodules/Sparkle
    builtin-copy -exclude .DS_Store -exclude CVS -exclude .svn -exclude .git -exclude .hg -strip-unsigned-binaries -strip-deterministic -strip-tool /Applications/Xcode.app/Contents/Developer/Toolchains/XcodeDefault.xctoolchain/usr/bin/strip -resolve-src-symlinks /Users/buddhirajgautam/Documents/Cherrygram-Mac/macOS-Swift/submodules/Sparkle/ed25519/src/ed25519.h /Users/buddhirajgautam/Library/Developer/Xcode/DerivedData/Telegram-Mac-fygdgghdgmuleoelvxabfmqiotta/Build/Products/Debug/Sparkle.framework/Versions/A/Headers

CpHeader /Users/buddhirajgautam/Library/Developer/Xcode/DerivedData/Telegram-Mac-fygdgghdgmuleoelvxabfmqiotta/Build/Products/Debug/Sparkle.framework/Versions/A/Headers/bspatch.h /Users/buddhirajgautam/Documents/Cherrygram-Mac/macOS-Swift/submodules/Sparkle/Vendor/bsdiff/bspatch.h (in target 'Sparkle' from project 'Sparkle')
    cd /Users/buddhirajgautam/Documents/Cherrygram-Mac/macOS-Swift/submodules/Sparkle
    builtin-copy -exclude .DS_Store -exclude CVS -exclude .svn -exclude .git -exclude .hg -strip-unsigned-binaries -strip-deterministic -strip-tool /Applications/Xcode.app/Contents/Developer/Toolchains/XcodeDefault.xctoolchain/usr/bin/strip -resolve-src-symlinks /Users/buddhirajgautam/Documents/Cherrygram-Mac/macOS-Swift/submodules/Sparkle/Vendor/bsdiff/bspatch.h /Users/buddhirajgautam/Library/Developer/Xcode/DerivedData/Telegram-Mac-fygdgghdgmuleoelvxabfmqiotta/Build/Products/Debug/Sparkle.framework/Versions/A/Headers

CpHeader /Users/buddhirajgautam/Library/Developer/Xcode/DerivedData/Telegram-Mac-fygdgghdgmuleoelvxabfmqiotta/Build/Products/Debug/Sparkle.framework/Versions/A/Headers/bscommon.h /Users/buddhirajgautam/Documents/Cherrygram-Mac/macOS-Swift/submodules/Sparkle/Vendor/bsdiff/bscommon.h (in target 'Sparkle' from project 'Sparkle')
    cd /Users/buddhirajgautam/Documents/Cherrygram-Mac/macOS-Swift/submodules/Sparkle
    builtin-copy -exclude .DS_Store -exclude CVS -exclude .svn -exclude .git -exclude .hg -strip-unsigned-binaries -strip-deterministic -strip-tool /Applications/Xcode.app/Contents/Developer/Toolchains/XcodeDefault.xctoolchain/usr/bin/strip -resolve-src-symlinks /Users/buddhirajgautam/Documents/Cherrygram-Mac/macOS-Swift/submodules/Sparkle/Vendor/bsdiff/bscommon.h /Users/buddhirajgautam/Library/Developer/Xcode/DerivedData/Telegram-Mac-fygdgghdgmuleoelvxabfmqiotta/Build/Products/Debug/Sparkle.framework/Versions/A/Headers

CpHeader /Users/buddhirajgautam/Library/Developer/Xcode/DerivedData/Telegram-Mac-fygdgghdgmuleoelvxabfmqiotta/Build/Products/Debug/Sparkle.framework/Versions/A/Headers/Sparkle.h /Users/buddhirajgautam/Documents/Cherrygram-Mac/macOS-Swift/submodules/Sparkle/Sparkle/Sparkle.h (in target 'Sparkle' from project 'Sparkle')
    cd /Users/buddhirajgautam/Documents/Cherrygram-Mac/macOS-Swift/submodules/Sparkle
    builtin-copy -exclude .DS_Store -exclude CVS -exclude .svn -exclude .git -exclude .hg -strip-unsigned-binaries -strip-deterministic -strip-tool /Applications/Xcode.app/Contents/Developer/Toolchains/XcodeDefault.xctoolchain/usr/bin/strip -resolve-src-symlinks /Users/buddhirajgautam/Documents/Cherrygram-Mac/macOS-Swift/submodules/Sparkle/Sparkle/Sparkle.h /Users/buddhirajgautam/Library/Developer/Xcode/DerivedData/Telegram-Mac-fygdgghdgmuleoelvxabfmqiotta/Build/Products/Debug/Sparkle.framework/Versions/A/Headers

CpHeader /Users/buddhirajgautam/Library/Developer/Xcode/DerivedData/Telegram-Mac-fygdgghdgmuleoelvxabfmqiotta/Build/Products/Debug/Sparkle.framework/Versions/A/Headers/SUVersionDisplayProtocol.h /Users/buddhirajgautam/Documents/Cherrygram-Mac/macOS-Swift/submodules/Sparkle/Sparkle/SUVersionDisplayProtocol.h (in target 'Sparkle' from project 'Sparkle')
    cd /Users/buddhirajgautam/Documents/Cherrygram-Mac/macOS-Swift/submodules/Sparkle
    builtin-copy -exclude .DS_Store -exclude CVS -exclude .svn -exclude .git -exclude .hg -strip-unsigned-binaries -strip-deterministic -strip-tool /Applications/Xcode.app/Contents/Developer/Toolchains/XcodeDefault.xctoolchain/usr/bin/strip -resolve-src-symlinks /Users/buddhirajgautam/Documents/Cherrygram-Mac/macOS-Swift/submodules/Sparkle/Sparkle/SUVersionDisplayProtocol.h /Users/buddhirajgautam/Library/Developer/Xcode/DerivedData/Telegram-Mac-fygdgghdgmuleoelvxabfmqiotta/Build/Products/Debug/Sparkle.framework/Versions/A/Headers

CpHeader /Users/buddhirajgautam/Library/Developer/Xcode/DerivedData/Telegram-Mac-fygdgghdgmuleoelvxabfmqiotta/Build/Products/Debug/Sparkle.framework/Versions/A/Headers/SUVersionComparisonProtocol.h /Users/buddhirajgautam/Documents/Cherrygram-Mac/macOS-Swift/submodules/Sparkle/Sparkle/SUVersionComparisonProtocol.h (in target 'Sparkle' from project 'Sparkle')
    cd /Users/buddhirajgautam/Documents/Cherrygram-Mac/macOS-Swift/submodules/Sparkle
    builtin-copy -exclude .DS_Store -exclude CVS -exclude .svn -exclude .git -exclude .hg -strip-unsigned-binaries -strip-deterministic -strip-tool /Applications/Xcode.app/Contents/Developer/Toolchains/XcodeDefault.xctoolchain/usr/bin/strip -resolve-src-symlinks /Users/buddhirajgautam/Documents/Cherrygram-Mac/macOS-Swift/submodules/Sparkle/Sparkle/SUVersionComparisonProtocol.h /Users/buddhirajgautam/Library/Developer/Xcode/DerivedData/Telegram-Mac-fygdgghdgmuleoelvxabfmqiotta/Build/Products/Debug/Sparkle.framework/Versions/A/Headers

CpHeader /Users/buddhirajgautam/Library/Developer/Xcode/DerivedData/Telegram-Mac-fygdgghdgmuleoelvxabfmqiotta/Build/Products/Debug/Sparkle.framework/Versions/A/Headers/SUUserInitiatedUpdateDriver.h /Users/buddhirajgautam/Documents/Cherrygram-Mac/macOS-Swift/submodules/Sparkle/Sparkle/SUUserInitiatedUpdateDriver.h (in target 'Sparkle' from project 'Sparkle')
    cd /Users/buddhirajgautam/Documents/Cherrygram-Mac/macOS-Swift/submodules/Sparkle
    builtin-copy -exclude .DS_Store -exclude CVS -exclude .svn -exclude .git -exclude .hg -strip-unsigned-binaries -strip-deterministic -strip-tool /Applications/Xcode.app/Contents/Developer/Toolchains/XcodeDefault.xctoolchain/usr/bin/strip -resolve-src-symlinks /Users/buddhirajgautam/Documents/Cherrygram-Mac/macOS-Swift/submodules/Sparkle/Sparkle/SUUserInitiatedUpdateDriver.h /Users/buddhirajgautam/Library/Developer/Xcode/DerivedData/Telegram-Mac-fygdgghdgmuleoelvxabfmqiotta/Build/Products/Debug/Sparkle.framework/Versions/A/Headers

CpHeader /Users/buddhirajgautam/Library/Developer/Xcode/DerivedData/Telegram-Mac-fygdgghdgmuleoelvxabfmqiotta/Build/Products/Debug/Sparkle.framework/Versions/A/Headers/SUUpdaterPrivate.h /Users/buddhirajgautam/Documents/Cherrygram-Mac/macOS-Swift/submodules/Sparkle/Sparkle/SUUpdaterPrivate.h (in target 'Sparkle' from project 'Sparkle')
    cd /Users/buddhirajgautam/Documents/Cherrygram-Mac/macOS-Swift/submodules/Sparkle
    builtin-copy -exclude .DS_Store -exclude CVS -exclude .svn -exclude .git -exclude .hg -strip-unsigned-binaries -strip-deterministic -strip-tool /Applications/Xcode.app/Contents/Developer/Toolchains/XcodeDefault.xctoolchain/usr/bin/strip -resolve-src-symlinks /Users/buddhirajgautam/Documents/Cherrygram-Mac/macOS-Swift/submodules/Sparkle/Sparkle/SUUpdaterPrivate.h /Users/buddhirajgautam/Library/Developer/Xcode/DerivedData/Telegram-Mac-fygdgghdgmuleoelvxabfmqiotta/Build/Products/Debug/Sparkle.framework/Versions/A/Headers

CpHeader /Users/buddhirajgautam/Library/Developer/Xcode/DerivedData/Telegram-Mac-fygdgghdgmuleoelvxabfmqiotta/Build/Products/Debug/Sparkle.framework/Versions/A/Headers/SUUpdaterDelegate.h /Users/buddhirajgautam/Documents/Cherrygram-Mac/macOS-Swift/submodules/Sparkle/Sparkle/SUUpdaterDelegate.h (in target 'Sparkle' from project 'Sparkle')
    cd /Users/buddhirajgautam/Documents/Cherrygram-Mac/macOS-Swift/submodules/Sparkle
    builtin-copy -exclude .DS_Store -exclude CVS -exclude .svn -exclude .git -exclude .hg -strip-unsigned-binaries -strip-deterministic -strip-tool /Applications/Xcode.app/Contents/Developer/Toolchains/XcodeDefault.xctoolchain/usr/bin/strip -resolve-src-symlinks /Users/buddhirajgautam/Documents/Cherrygram-Mac/macOS-Swift/submodules/Sparkle/Sparkle/SUUpdaterDelegate.h /Users/buddhirajgautam/Library/Developer/Xcode/DerivedData/Telegram-Mac-fygdgghdgmuleoelvxabfmqiotta/Build/Products/Debug/Sparkle.framework/Versions/A/Headers

CpHeader /Users/buddhirajgautam/Library/Developer/Xcode/DerivedData/Telegram-Mac-fygdgghdgmuleoelvxabfmqiotta/Build/Products/Debug/Sparkle.framework/Versions/A/Headers/SUUpdater.h /Users/buddhirajgautam/Documents/Cherrygram-Mac/macOS-Swift/submodules/Sparkle/Sparkle/SUUpdater.h (in target 'Sparkle' from project 'Sparkle')
    cd /Users/buddhirajgautam/Documents/Cherrygram-Mac/macOS-Swift/submodules/Sparkle
    builtin-copy -exclude .DS_Store -exclude CVS -exclude .svn -exclude .git -exclude .hg -strip-unsigned-binaries -strip-deterministic -strip-tool /Applications/Xcode.app/Contents/Developer/Toolchains/XcodeDefault.xctoolchain/usr/bin/strip -resolve-src-symlinks /Users/buddhirajgautam/Documents/Cherrygram-Mac/macOS-Swift/submodules/Sparkle/Sparkle/SUUpdater.h /Users/buddhirajgautam/Library/Developer/Xcode/DerivedData/Telegram-Mac-fygdgghdgmuleoelvxabfmqiotta/Build/Products/Debug/Sparkle.framework/Versions/A/Headers

CpHeader /Users/buddhirajgautam/Library/Developer/Xcode/DerivedData/Telegram-Mac-fygdgghdgmuleoelvxabfmqiotta/Build/Products/Debug/Sparkle.framework/Versions/A/Headers/SUUpdateValidator.h /Users/buddhirajgautam/Documents/Cherrygram-Mac/macOS-Swift/submodules/Sparkle/Sparkle/SUUpdateValidator.h (in target 'Sparkle' from project 'Sparkle')
    cd /Users/buddhirajgautam/Documents/Cherrygram-Mac/macOS-Swift/submodules/Sparkle
    builtin-copy -exclude .DS_Store -exclude CVS -exclude .svn -exclude .git -exclude .hg -strip-unsigned-binaries -strip-deterministic -strip-tool /Applications/Xcode.app/Contents/Developer/Toolchains/XcodeDefault.xctoolchain/usr/bin/strip -resolve-src-symlinks /Users/buddhirajgautam/Documents/Cherrygram-Mac/macOS-Swift/submodules/Sparkle/Sparkle/SUUpdateValidator.h /Users/buddhirajgautam/Library/Developer/Xcode/DerivedData/Telegram-Mac-fygdgghdgmuleoelvxabfmqiotta/Build/Products/Debug/Sparkle.framework/Versions/A/Headers

CpHeader /Users/buddhirajgautam/Library/Developer/Xcode/DerivedData/Telegram-Mac-fygdgghdgmuleoelvxabfmqiotta/Build/Products/Debug/Sparkle.framework/Versions/A/Headers/SUUpdatePermissionResponse.h /Users/buddhirajgautam/Documents/Cherrygram-Mac/macOS-Swift/submodules/Sparkle/Sparkle/SUUpdatePermissionResponse.h (in target 'Sparkle' from project 'Sparkle')
    cd /Users/buddhirajgautam/Documents/Cherrygram-Mac/macOS-Swift/submodules/Sparkle
    builtin-copy -exclude .DS_Store -exclude CVS -exclude .svn -exclude .git -exclude .hg -strip-unsigned-binaries -strip-deterministic -strip-tool /Applications/Xcode.app/Contents/Developer/Toolchains/XcodeDefault.xctoolchain/usr/bin/strip -resolve-src-symlinks /Users/buddhirajgautam/Documents/Cherrygram-Mac/macOS-Swift/submodules/Sparkle/Sparkle/SUUpdatePermissionResponse.h /Users/buddhirajgautam/Library/Developer/Xcode/DerivedData/Telegram-Mac-fygdgghdgmuleoelvxabfmqiotta/Build/Products/Debug/Sparkle.framework/Versions/A/Headers

CpHeader /Users/buddhirajgautam/Library/Developer/Xcode/DerivedData/Telegram-Mac-fygdgghdgmuleoelvxabfmqiotta/Build/Products/Debug/Sparkle.framework/Versions/A/Headers/SUUpdatePermissionPrompt.h /Users/buddhirajgautam/Documents/Cherrygram-Mac/macOS-Swift/submodules/Sparkle/Sparkle/SUUpdatePermissionPrompt.h (in target 'Sparkle' from project 'Sparkle')
    cd /Users/buddhirajgautam/Documents/Cherrygram-Mac/macOS-Swift/submodules/Sparkle
    builtin-copy -exclude .DS_Store -exclude CVS -exclude .svn -exclude .git -exclude .hg -strip-unsigned-binaries -strip-deterministic -strip-tool /Applications/Xcode.app/Contents/Developer/Toolchains/XcodeDefault.xctoolchain/usr/bin/strip -resolve-src-symlinks /Users/buddhirajgautam/Documents/Cherrygram-Mac/macOS-Swift/submodules/Sparkle/Sparkle/SUUpdatePermissionPrompt.h /Users/buddhirajgautam/Library/Developer/Xcode/DerivedData/Telegram-Mac-fygdgghdgmuleoelvxabfmqiotta/Build/Products/Debug/Sparkle.framework/Versions/A/Headers

CpHeader /Users/buddhirajgautam/Library/Developer/Xcode/DerivedData/Telegram-Mac-fygdgghdgmuleoelvxabfmqiotta/Build/Products/Debug/Sparkle.framework/Versions/A/Headers/SUUpdateDriver.h /Users/buddhirajgautam/Documents/Cherrygram-Mac/macOS-Swift/submodules/Sparkle/Sparkle/SUUpdateDriver.h (in target 'Sparkle' from project 'Sparkle')
    cd /Users/buddhirajgautam/Documents/Cherrygram-Mac/macOS-Swift/submodules/Sparkle
    builtin-copy -exclude .DS_Store -exclude CVS -exclude .svn -exclude .git -exclude .hg -strip-unsigned-binaries -strip-deterministic -strip-tool /Applications/Xcode.app/Contents/Developer/Toolchains/XcodeDefault.xctoolchain/usr/bin/strip -resolve-src-symlinks /Users/buddhirajgautam/Documents/Cherrygram-Mac/macOS-Swift/submodules/Sparkle/Sparkle/SUUpdateDriver.h /Users/buddhirajgautam/Library/Developer/Xcode/DerivedData/Telegram-Mac-fygdgghdgmuleoelvxabfmqiotta/Build/Products/Debug/Sparkle.framework/Versions/A/Headers

CpHeader /Users/buddhirajgautam/Library/Developer/Xcode/DerivedData/Telegram-Mac-fygdgghdgmuleoelvxabfmqiotta/Build/Products/Debug/Sparkle.framework/Versions/A/Headers/SUUpdateAlert.h /Users/buddhirajgautam/Documents/Cherrygram-Mac/macOS-Swift/submodules/Sparkle/Sparkle/SUUpdateAlert.h (in target 'Sparkle' from project 'Sparkle')
    cd /Users/buddhirajgautam/Documents/Cherrygram-Mac/macOS-Swift/submodules/Sparkle
    builtin-copy -exclude .DS_Store -exclude CVS -exclude .svn -exclude .git -exclude .hg -strip-unsigned-binaries -strip-deterministic -strip-tool /Applications/Xcode.app/Contents/Developer/Toolchains/XcodeDefault.xctoolchain/usr/bin/strip -resolve-src-symlinks /Users/buddhirajgautam/Documents/Cherrygram-Mac/macOS-Swift/submodules/Sparkle/Sparkle/SUUpdateAlert.h /Users/buddhirajgautam/Library/Developer/Xcode/DerivedData/Telegram-Mac-fygdgghdgmuleoelvxabfmqiotta/Build/Products/Debug/Sparkle.framework/Versions/A/Headers

CpHeader /Users/buddhirajgautam/Library/Developer/Xcode/DerivedData/Telegram-Mac-fygdgghdgmuleoelvxabfmqiotta/Build/Products/Debug/Sparkle.framework/Versions/A/Headers/SUUnarchiverProtocol.h /Users/buddhirajgautam/Documents/Cherrygram-Mac/macOS-Swift/submodules/Sparkle/Sparkle/SUUnarchiverProtocol.h (in target 'Sparkle' from project 'Sparkle')
    cd /Users/buddhirajgautam/Documents/Cherrygram-Mac/macOS-Swift/submodules/Sparkle
    builtin-copy -exclude .DS_Store -exclude CVS -exclude .svn -exclude .git -exclude .hg -strip-unsigned-binaries -strip-deterministic -strip-tool /Applications/Xcode.app/Contents/Developer/Toolchains/XcodeDefault.xctoolchain/usr/bin/strip -resolve-src-symlinks /Users/buddhirajgautam/Documents/Cherrygram-Mac/macOS-Swift/submodules/Sparkle/Sparkle/SUUnarchiverProtocol.h /Users/buddhirajgautam/Library/Developer/Xcode/DerivedData/Telegram-Mac-fygdgghdgmuleoelvxabfmqiotta/Build/Products/Debug/Sparkle.framework/Versions/A/Headers

CpHeader /Users/buddhirajgautam/Library/Developer/Xcode/DerivedData/Telegram-Mac-fygdgghdgmuleoelvxabfmqiotta/Build/Products/Debug/Sparkle.framework/Versions/A/Headers/SUUnarchiverNotifier.h /Users/buddhirajgautam/Documents/Cherrygram-Mac/macOS-Swift/submodules/Sparkle/Sparkle/SUUnarchiverNotifier.h (in target 'Sparkle' from project 'Sparkle')
    cd /Users/buddhirajgautam/Documents/Cherrygram-Mac/macOS-Swift/submodules/Sparkle
    builtin-copy -exclude .DS_Store -exclude CVS -exclude .svn -exclude .git -exclude .hg -strip-unsigned-binaries -strip-deterministic -strip-tool /Applications/Xcode.app/Contents/Developer/Toolchains/XcodeDefault.xctoolchain/usr/bin/strip -resolve-src-symlinks /Users/buddhirajgautam/Documents/Cherrygram-Mac/macOS-Swift/submodules/Sparkle/Sparkle/SUUnarchiverNotifier.h /Users/buddhirajgautam/Library/Developer/Xcode/DerivedData/Telegram-Mac-fygdgghdgmuleoelvxabfmqiotta/Build/Products/Debug/Sparkle.framework/Versions/A/Headers

CpHeader /Users/buddhirajgautam/Library/Developer/Xcode/DerivedData/Telegram-Mac-fygdgghdgmuleoelvxabfmqiotta/Build/Products/Debug/Sparkle.framework/Versions/A/Headers/SUUIBasedUpdateDriver.h /Users/buddhirajgautam/Documents/Cherrygram-Mac/macOS-Swift/submodules/Sparkle/Sparkle/SUUIBasedUpdateDriver.h (in target 'Sparkle' from project 'Sparkle')
    cd /Users/buddhirajgautam/Documents/Cherrygram-Mac/macOS-Swift/submodules/Sparkle
    builtin-copy -exclude .DS_Store -exclude CVS -exclude .svn -exclude .git -exclude .hg -strip-unsigned-binaries -strip-deterministic -strip-tool /Applications/Xcode.app/Contents/Developer/Toolchains/XcodeDefault.xctoolchain/usr/bin/strip -resolve-src-symlinks /Users/buddhirajgautam/Documents/Cherrygram-Mac/macOS-Swift/submodules/Sparkle/Sparkle/SUUIBasedUpdateDriver.h /Users/buddhirajgautam/Library/Developer/Xcode/DerivedData/Telegram-Mac-fygdgghdgmuleoelvxabfmqiotta/Build/Products/Debug/Sparkle.framework/Versions/A/Headers

CpHeader /Users/buddhirajgautam/Library/Developer/Xcode/DerivedData/Telegram-Mac-fygdgghdgmuleoelvxabfmqiotta/Build/Products/Debug/Sparkle.framework/Versions/A/Headers/SUTouchBarButtonGroup.h /Users/buddhirajgautam/Documents/Cherrygram-Mac/macOS-Swift/submodules/Sparkle/Sparkle/SUTouchBarButtonGroup.h (in target 'Sparkle' from project 'Sparkle')
    cd /Users/buddhirajgautam/Documents/Cherrygram-Mac/macOS-Swift/submodules/Sparkle
    builtin-copy -exclude .DS_Store -exclude CVS -exclude .svn -exclude .git -exclude .hg -strip-unsigned-binaries -strip-deterministic -strip-tool /Applications/Xcode.app/Contents/Developer/Toolchains/XcodeDefault.xctoolchain/usr/bin/strip -resolve-src-symlinks /Users/buddhirajgautam/Documents/Cherrygram-Mac/macOS-Swift/submodules/Sparkle/Sparkle/SUTouchBarButtonGroup.h /Users/buddhirajgautam/Library/Developer/Xcode/DerivedData/Telegram-Mac-fygdgghdgmuleoelvxabfmqiotta/Build/Products/Debug/Sparkle.framework/Versions/A/Headers

CpHeader /Users/buddhirajgautam/Library/Developer/Xcode/DerivedData/Telegram-Mac-fygdgghdgmuleoelvxabfmqiotta/Build/Products/Debug/Sparkle.framework/Versions/A/Headers/SUSystemUpdateInfo.h /Users/buddhirajgautam/Documents/Cherrygram-Mac/macOS-Swift/submodules/Sparkle/Sparkle/SUSystemUpdateInfo.h (in target 'Sparkle' from project 'Sparkle')
    cd /Users/buddhirajgautam/Documents/Cherrygram-Mac/macOS-Swift/submodules/Sparkle
    builtin-copy -exclude .DS_Store -exclude CVS -exclude .svn -exclude .git -exclude .hg -strip-unsigned-binaries -strip-deterministic -strip-tool /Applications/Xcode.app/Contents/Developer/Toolchains/XcodeDefault.xctoolchain/usr/bin/strip -resolve-src-symlinks /Users/buddhirajgautam/Documents/Cherrygram-Mac/macOS-Swift/submodules/Sparkle/Sparkle/SUSystemUpdateInfo.h /Users/buddhirajgautam/Library/Developer/Xcode/DerivedData/Telegram-Mac-fygdgghdgmuleoelvxabfmqiotta/Build/Products/Debug/Sparkle.framework/Versions/A/Headers

CpHeader /Users/buddhirajgautam/Library/Developer/Xcode/DerivedData/Telegram-Mac-fygdgghdgmuleoelvxabfmqiotta/Build/Products/Debug/Sparkle.framework/Versions/A/Headers/SUSystemProfiler.h /Users/buddhirajgautam/Documents/Cherrygram-Mac/macOS-Swift/submodules/Sparkle/Sparkle/SUSystemProfiler.h (in target 'Sparkle' from project 'Sparkle')
    cd /Users/buddhirajgautam/Documents/Cherrygram-Mac/macOS-Swift/submodules/Sparkle
    builtin-copy -exclude .DS_Store -exclude CVS -exclude .svn -exclude .git -exclude .hg -strip-unsigned-binaries -strip-deterministic -strip-tool /Applications/Xcode.app/Contents/Developer/Toolchains/XcodeDefault.xctoolchain/usr/bin/strip -resolve-src-symlinks /Users/buddhirajgautam/Documents/Cherrygram-Mac/macOS-Swift/submodules/Sparkle/Sparkle/SUSystemProfiler.h /Users/buddhirajgautam/Library/Developer/Xcode/DerivedData/Telegram-Mac-fygdgghdgmuleoelvxabfmqiotta/Build/Products/Debug/Sparkle.framework/Versions/A/Headers

CpHeader /Users/buddhirajgautam/Library/Developer/Xcode/DerivedData/Telegram-Mac-fygdgghdgmuleoelvxabfmqiotta/Build/Products/Debug/Sparkle.framework/Versions/A/Headers/SUStatusController.h /Users/buddhirajgautam/Documents/Cherrygram-Mac/macOS-Swift/submodules/Sparkle/Sparkle/SUStatusController.h (in target 'Sparkle' from project 'Sparkle')
    cd /Users/buddhirajgautam/Documents/Cherrygram-Mac/macOS-Swift/submodules/Sparkle
    builtin-copy -exclude .DS_Store -exclude CVS -exclude .svn -exclude .git -exclude .hg -strip-unsigned-binaries -strip-deterministic -strip-tool /Applications/Xcode.app/Contents/Developer/Toolchains/XcodeDefault.xctoolchain/usr/bin/strip -resolve-src-symlinks /Users/buddhirajgautam/Documents/Cherrygram-Mac/macOS-Swift/submodules/Sparkle/Sparkle/SUStatusController.h /Users/buddhirajgautam/Library/Developer/Xcode/DerivedData/Telegram-Mac-fygdgghdgmuleoelvxabfmqiotta/Build/Products/Debug/Sparkle.framework/Versions/A/Headers

CpHeader /Users/buddhirajgautam/Library/Developer/Xcode/DerivedData/Telegram-Mac-fygdgghdgmuleoelvxabfmqiotta/Build/Products/Debug/Sparkle.framework/Versions/A/Headers/SUStandardVersionComparator.h /Users/buddhirajgautam/Documents/Cherrygram-Mac/macOS-Swift/submodules/Sparkle/Sparkle/SUStandardVersionComparator.h (in target 'Sparkle' from project 'Sparkle')
    cd /Users/buddhirajgautam/Documents/Cherrygram-Mac/macOS-Swift/submodules/Sparkle
    builtin-copy -exclude .DS_Store -exclude CVS -exclude .svn -exclude .git -exclude .hg -strip-unsigned-binaries -strip-deterministic -strip-tool /Applications/Xcode.app/Contents/Developer/Toolchains/XcodeDefault.xctoolchain/usr/bin/strip -resolve-src-symlinks /Users/buddhirajgautam/Documents/Cherrygram-Mac/macOS-Swift/submodules/Sparkle/Sparkle/SUStandardVersionComparator.h /Users/buddhirajgautam/Library/Developer/Xcode/DerivedData/Telegram-Mac-fygdgghdgmuleoelvxabfmqiotta/Build/Products/Debug/Sparkle.framework/Versions/A/Headers

CpHeader /Users/buddhirajgautam/Library/Developer/Xcode/DerivedData/Telegram-Mac-fygdgghdgmuleoelvxabfmqiotta/Build/Products/Debug/Sparkle.framework/Versions/A/Headers/SUSignatures.h /Users/buddhirajgautam/Documents/Cherrygram-Mac/macOS-Swift/submodules/Sparkle/Sparkle/SUSignatures.h (in target 'Sparkle' from project 'Sparkle')
    cd /Users/buddhirajgautam/Documents/Cherrygram-Mac/macOS-Swift/submodules/Sparkle
    builtin-copy -exclude .DS_Store -exclude CVS -exclude .svn -exclude .git -exclude .hg -strip-unsigned-binaries -strip-deterministic -strip-tool /Applications/Xcode.app/Contents/Developer/Toolchains/XcodeDefault.xctoolchain/usr/bin/strip -resolve-src-symlinks /Users/buddhirajgautam/Documents/Cherrygram-Mac/macOS-Swift/submodules/Sparkle/Sparkle/SUSignatures.h /Users/buddhirajgautam/Library/Developer/Xcode/DerivedData/Telegram-Mac-fygdgghdgmuleoelvxabfmqiotta/Build/Products/Debug/Sparkle.framework/Versions/A/Headers

CpHeader /Users/buddhirajgautam/Library/Developer/Xcode/DerivedData/Telegram-Mac-fygdgghdgmuleoelvxabfmqiotta/Build/Products/Debug/Sparkle.framework/Versions/A/Headers/SUSignatureVerifier.h /Users/buddhirajgautam/Documents/Cherrygram-Mac/macOS-Swift/submodules/Sparkle/Sparkle/SUSignatureVerifier.h (in target 'Sparkle' from project 'Sparkle')
    cd /Users/buddhirajgautam/Documents/Cherrygram-Mac/macOS-Swift/submodules/Sparkle
    builtin-copy -exclude .DS_Store -exclude CVS -exclude .svn -exclude .git -exclude .hg -strip-unsigned-binaries -strip-deterministic -strip-tool /Applications/Xcode.app/Contents/Developer/Toolchains/XcodeDefault.xctoolchain/usr/bin/strip -resolve-src-symlinks /Users/buddhirajgautam/Documents/Cherrygram-Mac/macOS-Swift/submodules/Sparkle/Sparkle/SUSignatureVerifier.h /Users/buddhirajgautam/Library/Developer/Xcode/DerivedData/Telegram-Mac-fygdgghdgmuleoelvxabfmqiotta/Build/Products/Debug/Sparkle.framework/Versions/A/Headers

CpHeader /Users/buddhirajgautam/Library/Developer/Xcode/DerivedData/Telegram-Mac-fygdgghdgmuleoelvxabfmqiotta/Build/Products/Debug/Sparkle.framework/Versions/A/Headers/SUScheduledUpdateDriver.h /Users/buddhirajgautam/Documents/Cherrygram-Mac/macOS-Swift/submodules/Sparkle/Sparkle/SUScheduledUpdateDriver.h (in target 'Sparkle' from project 'Sparkle')
    cd /Users/buddhirajgautam/Documents/Cherrygram-Mac/macOS-Swift/submodules/Sparkle
    builtin-copy -exclude .DS_Store -exclude CVS -exclude .svn -exclude .git -exclude .hg -strip-unsigned-binaries -strip-deterministic -strip-tool /Applications/Xcode.app/Contents/Developer/Toolchains/XcodeDefault.xctoolchain/usr/bin/strip -resolve-src-symlinks /Users/buddhirajgautam/Documents/Cherrygram-Mac/macOS-Swift/submodules/Sparkle/Sparkle/SUScheduledUpdateDriver.h /Users/buddhirajgautam/Library/Developer/Xcode/DerivedData/Telegram-Mac-fygdgghdgmuleoelvxabfmqiotta/Build/Products/Debug/Sparkle.framework/Versions/A/Headers

CpHeader /Users/buddhirajgautam/Library/Developer/Xcode/DerivedData/Telegram-Mac-fygdgghdgmuleoelvxabfmqiotta/Build/Products/Debug/Sparkle.framework/Versions/A/Headers/SUProbingUpdateDriver.h /Users/buddhirajgautam/Documents/Cherrygram-Mac/macOS-Swift/submodules/Sparkle/Sparkle/SUProbingUpdateDriver.h (in target 'Sparkle' from project 'Sparkle')
    cd /Users/buddhirajgautam/Documents/Cherrygram-Mac/macOS-Swift/submodules/Sparkle
    builtin-copy -exclude .DS_Store -exclude CVS -exclude .svn -exclude .git -exclude .hg -strip-unsigned-binaries -strip-deterministic -strip-tool /Applications/Xcode.app/Contents/Developer/Toolchains/XcodeDefault.xctoolchain/usr/bin/strip -resolve-src-symlinks /Users/buddhirajgautam/Documents/Cherrygram-Mac/macOS-Swift/submodules/Sparkle/Sparkle/SUProbingUpdateDriver.h /Users/buddhirajgautam/Library/Developer/Xcode/DerivedData/Telegram-Mac-fygdgghdgmuleoelvxabfmqiotta/Build/Products/Debug/Sparkle.framework/Versions/A/Headers

CpHeader /Users/buddhirajgautam/Library/Developer/Xcode/DerivedData/Telegram-Mac-fygdgghdgmuleoelvxabfmqiotta/Build/Products/Debug/Sparkle.framework/Versions/A/Headers/SUPlainInstaller.h /Users/buddhirajgautam/Documents/Cherrygram-Mac/macOS-Swift/submodules/Sparkle/Sparkle/SUPlainInstaller.h (in target 'Sparkle' from project 'Sparkle')
    cd /Users/buddhirajgautam/Documents/Cherrygram-Mac/macOS-Swift/submodules/Sparkle
    builtin-copy -exclude .DS_Store -exclude CVS -exclude .svn -exclude .git -exclude .hg -strip-unsigned-binaries -strip-deterministic -strip-tool /Applications/Xcode.app/Contents/Developer/Toolchains/XcodeDefault.xctoolchain/usr/bin/strip -resolve-src-symlinks /Users/buddhirajgautam/Documents/Cherrygram-Mac/macOS-Swift/submodules/Sparkle/Sparkle/SUPlainInstaller.h /Users/buddhirajgautam/Library/Developer/Xcode/DerivedData/Telegram-Mac-fygdgghdgmuleoelvxabfmqiotta/Build/Products/Debug/Sparkle.framework/Versions/A/Headers

CpHeader /Users/buddhirajgautam/Library/Developer/Xcode/DerivedData/Telegram-Mac-fygdgghdgmuleoelvxabfmqiotta/Build/Products/Debug/Sparkle.framework/Versions/A/Headers/SUPipedUnarchiver.h /Users/buddhirajgautam/Documents/Cherrygram-Mac/macOS-Swift/submodules/Sparkle/Sparkle/SUPipedUnarchiver.h (in target 'Sparkle' from project 'Sparkle')
    cd /Users/buddhirajgautam/Documents/Cherrygram-Mac/macOS-Swift/submodules/Sparkle
    builtin-copy -exclude .DS_Store -exclude CVS -exclude .svn -exclude .git -exclude .hg -strip-unsigned-binaries -strip-deterministic -strip-tool /Applications/Xcode.app/Contents/Developer/Toolchains/XcodeDefault.xctoolchain/usr/bin/strip -resolve-src-symlinks /Users/buddhirajgautam/Documents/Cherrygram-Mac/macOS-Swift/submodules/Sparkle/Sparkle/SUPipedUnarchiver.h /Users/buddhirajgautam/Library/Developer/Xcode/DerivedData/Telegram-Mac-fygdgghdgmuleoelvxabfmqiotta/Build/Products/Debug/Sparkle.framework/Versions/A/Headers

CpHeader /Users/buddhirajgautam/Library/Developer/Xcode/DerivedData/Telegram-Mac-fygdgghdgmuleoelvxabfmqiotta/Build/Products/Debug/Sparkle.framework/Versions/A/Headers/SUPackageInstaller.h /Users/buddhirajgautam/Documents/Cherrygram-Mac/macOS-Swift/submodules/Sparkle/Sparkle/SUPackageInstaller.h (in target 'Sparkle' from project 'Sparkle')
    cd /Users/buddhirajgautam/Documents/Cherrygram-Mac/macOS-Swift/submodules/Sparkle
    builtin-copy -exclude .DS_Store -exclude CVS -exclude .svn -exclude .git -exclude .hg -strip-unsigned-binaries -strip-deterministic -strip-tool /Applications/Xcode.app/Contents/Developer/Toolchains/XcodeDefault.xctoolchain/usr/bin/strip -resolve-src-symlinks /Users/buddhirajgautam/Documents/Cherrygram-Mac/macOS-Swift/submodules/Sparkle/Sparkle/SUPackageInstaller.h /Users/buddhirajgautam/Library/Developer/Xcode/DerivedData/Telegram-Mac-fygdgghdgmuleoelvxabfmqiotta/Build/Products/Debug/Sparkle.framework/Versions/A/Headers

CpHeader /Users/buddhirajgautam/Library/Developer/Xcode/DerivedData/Telegram-Mac-fygdgghdgmuleoelvxabfmqiotta/Build/Products/Debug/Sparkle.framework/Versions/A/Headers/SUOperatingSystem.h /Users/buddhirajgautam/Documents/Cherrygram-Mac/macOS-Swift/submodules/Sparkle/Sparkle/SUOperatingSystem.h (in target 'Sparkle' from project 'Sparkle')
    cd /Users/buddhirajgautam/Documents/Cherrygram-Mac/macOS-Swift/submodules/Sparkle
    builtin-copy -exclude .DS_Store -exclude CVS -exclude .svn -exclude .git -exclude .hg -strip-unsigned-binaries -strip-deterministic -strip-tool /Applications/Xcode.app/Contents/Developer/Toolchains/XcodeDefault.xctoolchain/usr/bin/strip -resolve-src-symlinks /Users/buddhirajgautam/Documents/Cherrygram-Mac/macOS-Swift/submodules/Sparkle/Sparkle/SUOperatingSystem.h /Users/buddhirajgautam/Library/Developer/Xcode/DerivedData/Telegram-Mac-fygdgghdgmuleoelvxabfmqiotta/Build/Products/Debug/Sparkle.framework/Versions/A/Headers

CpHeader /Users/buddhirajgautam/Library/Developer/Xcode/DerivedData/Telegram-Mac-fygdgghdgmuleoelvxabfmqiotta/Build/Products/Debug/Sparkle.framework/Versions/A/Headers/SULog.h /Users/buddhirajgautam/Documents/Cherrygram-Mac/macOS-Swift/submodules/Sparkle/Sparkle/SULog.h (in target 'Sparkle' from project 'Sparkle')
    cd /Users/buddhirajgautam/Documents/Cherrygram-Mac/macOS-Swift/submodules/Sparkle
    builtin-copy -exclude .DS_Store -exclude CVS -exclude .svn -exclude .git -exclude .hg -strip-unsigned-binaries -strip-deterministic -strip-tool /Applications/Xcode.app/Contents/Developer/Toolchains/XcodeDefault.xctoolchain/usr/bin/strip -resolve-src-symlinks /Users/buddhirajgautam/Documents/Cherrygram-Mac/macOS-Swift/submodules/Sparkle/Sparkle/SULog.h /Users/buddhirajgautam/Library/Developer/Xcode/DerivedData/Telegram-Mac-fygdgghdgmuleoelvxabfmqiotta/Build/Products/Debug/Sparkle.framework/Versions/A/Headers

CpHeader /Users/buddhirajgautam/Library/Developer/Xcode/DerivedData/Telegram-Mac-fygdgghdgmuleoelvxabfmqiotta/Build/Products/Debug/Sparkle.framework/Versions/A/Headers/SULocalizations.h /Users/buddhirajgautam/Documents/Cherrygram-Mac/macOS-Swift/submodules/Sparkle/Sparkle/SULocalizations.h (in target 'Sparkle' from project 'Sparkle')
    cd /Users/buddhirajgautam/Documents/Cherrygram-Mac/macOS-Swift/submodules/Sparkle
    builtin-copy -exclude .DS_Store -exclude CVS -exclude .svn -exclude .git -exclude .hg -strip-unsigned-binaries -strip-deterministic -strip-tool /Applications/Xcode.app/Contents/Developer/Toolchains/XcodeDefault.xctoolchain/usr/bin/strip -resolve-src-symlinks /Users/buddhirajgautam/Documents/Cherrygram-Mac/macOS-Swift/submodules/Sparkle/Sparkle/SULocalizations.h /Users/buddhirajgautam/Library/Developer/Xcode/DerivedData/Telegram-Mac-fygdgghdgmuleoelvxabfmqiotta/Build/Products/Debug/Sparkle.framework/Versions/A/Headers

CpHeader /Users/buddhirajgautam/Library/Developer/Xcode/DerivedData/Telegram-Mac-fygdgghdgmuleoelvxabfmqiotta/Build/Products/Debug/Sparkle.framework/Versions/A/Headers/SUInstaller.h /Users/buddhirajgautam/Documents/Cherrygram-Mac/macOS-Swift/submodules/Sparkle/Sparkle/SUInstaller.h (in target 'Sparkle' from project 'Sparkle')
    cd /Users/buddhirajgautam/Documents/Cherrygram-Mac/macOS-Swift/submodules/Sparkle
    builtin-copy -exclude .DS_Store -exclude CVS -exclude .svn -exclude .git -exclude .hg -strip-unsigned-binaries -strip-deterministic -strip-tool /Applications/Xcode.app/Contents/Developer/Toolchains/XcodeDefault.xctoolchain/usr/bin/strip -resolve-src-symlinks /Users/buddhirajgautam/Documents/Cherrygram-Mac/macOS-Swift/submodules/Sparkle/Sparkle/SUInstaller.h /Users/buddhirajgautam/Library/Developer/Xcode/DerivedData/Telegram-Mac-fygdgghdgmuleoelvxabfmqiotta/Build/Products/Debug/Sparkle.framework/Versions/A/Headers

CpHeader /Users/buddhirajgautam/Library/Developer/Xcode/DerivedData/Telegram-Mac-fygdgghdgmuleoelvxabfmqiotta/Build/Products/Debug/Sparkle.framework/Versions/A/Headers/SUHost.h /Users/buddhirajgautam/Documents/Cherrygram-Mac/macOS-Swift/submodules/Sparkle/Sparkle/SUHost.h (in target 'Sparkle' from project 'Sparkle')
    cd /Users/buddhirajgautam/Documents/Cherrygram-Mac/macOS-Swift/submodules/Sparkle
    builtin-copy -exclude .DS_Store -exclude CVS -exclude .svn -exclude .git -exclude .hg -strip-unsigned-binaries -strip-deterministic -strip-tool /Applications/Xcode.app/Contents/Developer/Toolchains/XcodeDefault.xctoolchain/usr/bin/strip -resolve-src-symlinks /Users/buddhirajgautam/Documents/Cherrygram-Mac/macOS-Swift/submodules/Sparkle/Sparkle/SUHost.h /Users/buddhirajgautam/Library/Developer/Xcode/DerivedData/Telegram-Mac-fygdgghdgmuleoelvxabfmqiotta/Build/Products/Debug/Sparkle.framework/Versions/A/Headers

CpHeader /Users/buddhirajgautam/Library/Developer/Xcode/DerivedData/Telegram-Mac-fygdgghdgmuleoelvxabfmqiotta/Build/Products/Debug/Sparkle.framework/Versions/A/Headers/SUGuidedPackageInstaller.h /Users/buddhirajgautam/Documents/Cherrygram-Mac/macOS-Swift/submodules/Sparkle/Sparkle/SUGuidedPackageInstaller.h (in target 'Sparkle' from project 'Sparkle')
    cd /Users/buddhirajgautam/Documents/Cherrygram-Mac/macOS-Swift/submodules/Sparkle
    builtin-copy -exclude .DS_Store -exclude CVS -exclude .svn -exclude .git -exclude .hg -strip-unsigned-binaries -strip-deterministic -strip-tool /Applications/Xcode.app/Contents/Developer/Toolchains/XcodeDefault.xctoolchain/usr/bin/strip -resolve-src-symlinks /Users/buddhirajgautam/Documents/Cherrygram-Mac/macOS-Swift/submodules/Sparkle/Sparkle/SUGuidedPackageInstaller.h /Users/buddhirajgautam/Library/Developer/Xcode/DerivedData/Telegram-Mac-fygdgghdgmuleoelvxabfmqiotta/Build/Products/Debug/Sparkle.framework/Versions/A/Headers

CpHeader /Users/buddhirajgautam/Library/Developer/Xcode/DerivedData/Telegram-Mac-fygdgghdgmuleoelvxabfmqiotta/Build/Products/Debug/Sparkle.framework/Versions/A/Headers/SUFileOperationConstants.h /Users/buddhirajgautam/Documents/Cherrygram-Mac/macOS-Swift/submodules/Sparkle/fileop/SUFileOperationConstants.h (in target 'Sparkle' from project 'Sparkle')
    cd /Users/buddhirajgautam/Documents/Cherrygram-Mac/macOS-Swift/submodules/Sparkle
    builtin-copy -exclude .DS_Store -exclude CVS -exclude .svn -exclude .git -exclude .hg -strip-unsigned-binaries -strip-deterministic -strip-tool /Applications/Xcode.app/Contents/Developer/Toolchains/XcodeDefault.xctoolchain/usr/bin/strip -resolve-src-symlinks /Users/buddhirajgautam/Documents/Cherrygram-Mac/macOS-Swift/submodules/Sparkle/fileop/SUFileOperationConstants.h /Users/buddhirajgautam/Library/Developer/Xcode/DerivedData/Telegram-Mac-fygdgghdgmuleoelvxabfmqiotta/Build/Products/Debug/Sparkle.framework/Versions/A/Headers

CpHeader /Users/buddhirajgautam/Library/Developer/Xcode/DerivedData/Telegram-Mac-fygdgghdgmuleoelvxabfmqiotta/Build/Products/Debug/Sparkle.framework/Versions/A/Headers/SUFileManager.h /Users/buddhirajgautam/Documents/Cherrygram-Mac/macOS-Swift/submodules/Sparkle/Sparkle/SUFileManager.h (in target 'Sparkle' from project 'Sparkle')
    cd /Users/buddhirajgautam/Documents/Cherrygram-Mac/macOS-Swift/submodules/Sparkle
    builtin-copy -exclude .DS_Store -exclude CVS -exclude .svn -exclude .git -exclude .hg -strip-unsigned-binaries -strip-deterministic -strip-tool /Applications/Xcode.app/Contents/Developer/Toolchains/XcodeDefault.xctoolchain/usr/bin/strip -resolve-src-symlinks /Users/buddhirajgautam/Documents/Cherrygram-Mac/macOS-Swift/submodules/Sparkle/Sparkle/SUFileManager.h /Users/buddhirajgautam/Library/Developer/Xcode/DerivedData/Telegram-Mac-fygdgghdgmuleoelvxabfmqiotta/Build/Products/Debug/Sparkle.framework/Versions/A/Headers

CpHeader /Users/buddhirajgautam/Library/Developer/Xcode/DerivedData/Telegram-Mac-fygdgghdgmuleoelvxabfmqiotta/Build/Products/Debug/Sparkle.framework/Versions/A/Headers/SUExport.h /Users/buddhirajgautam/Documents/Cherrygram-Mac/macOS-Swift/submodules/Sparkle/Sparkle/SUExport.h (in target 'Sparkle' from project 'Sparkle')
    cd /Users/buddhirajgautam/Documents/Cherrygram-Mac/macOS-Swift/submodules/Sparkle
    builtin-copy -exclude .DS_Store -exclude CVS -exclude .svn -exclude .git -exclude .hg -strip-unsigned-binaries -strip-deterministic -strip-tool /Applications/Xcode.app/Contents/Developer/Toolchains/XcodeDefault.xctoolchain/usr/bin/strip -resolve-src-symlinks /Users/buddhirajgautam/Documents/Cherrygram-Mac/macOS-Swift/submodules/Sparkle/Sparkle/SUExport.h /Users/buddhirajgautam/Library/Developer/Xcode/DerivedData/Telegram-Mac-fygdgghdgmuleoelvxabfmqiotta/Build/Products/Debug/Sparkle.framework/Versions/A/Headers

CpHeader /Users/buddhirajgautam/Library/Developer/Xcode/DerivedData/Telegram-Mac-fygdgghdgmuleoelvxabfmqiotta/Build/Products/Debug/Sparkle.framework/Versions/A/Headers/SUErrors.h /Users/buddhirajgautam/Documents/Cherrygram-Mac/macOS-Swift/submodules/Sparkle/Sparkle/SUErrors.h (in target 'Sparkle' from project 'Sparkle')
    cd /Users/buddhirajgautam/Documents/Cherrygram-Mac/macOS-Swift/submodules/Sparkle
    builtin-copy -exclude .DS_Store -exclude CVS -exclude .svn -exclude .git -exclude .hg -strip-unsigned-binaries -strip-deterministic -strip-tool /Applications/Xcode.app/Contents/Developer/Toolchains/XcodeDefault.xctoolchain/usr/bin/strip -resolve-src-symlinks /Users/buddhirajgautam/Documents/Cherrygram-Mac/macOS-Swift/submodules/Sparkle/Sparkle/SUErrors.h /Users/buddhirajgautam/Library/Developer/Xcode/DerivedData/Telegram-Mac-fygdgghdgmuleoelvxabfmqiotta/Build/Products/Debug/Sparkle.framework/Versions/A/Headers

CpHeader /Users/buddhirajgautam/Library/Developer/Xcode/DerivedData/Telegram-Mac-fygdgghdgmuleoelvxabfmqiotta/Build/Products/Debug/Sparkle.framework/Versions/A/Headers/SUDiskImageUnarchiver.h /Users/buddhirajgautam/Documents/Cherrygram-Mac/macOS-Swift/submodules/Sparkle/Sparkle/SUDiskImageUnarchiver.h (in target 'Sparkle' from project 'Sparkle')
    cd /Users/buddhirajgautam/Documents/Cherrygram-Mac/macOS-Swift/submodules/Sparkle
    builtin-copy -exclude .DS_Store -exclude CVS -exclude .svn -exclude .git -exclude .hg -strip-unsigned-binaries -strip-deterministic -strip-tool /Applications/Xcode.app/Contents/Developer/Toolchains/XcodeDefault.xctoolchain/usr/bin/strip -resolve-src-symlinks /Users/buddhirajgautam/Documents/Cherrygram-Mac/macOS-Swift/submodules/Sparkle/Sparkle/SUDiskImageUnarchiver.h /Users/buddhirajgautam/Library/Developer/Xcode/DerivedData/Telegram-Mac-fygdgghdgmuleoelvxabfmqiotta/Build/Products/Debug/Sparkle.framework/Versions/A/Headers

CpHeader /Users/buddhirajgautam/Library/Developer/Xcode/DerivedData/Telegram-Mac-fygdgghdgmuleoelvxabfmqiotta/Build/Products/Debug/Sparkle.framework/Versions/A/Headers/SUConstants.h /Users/buddhirajgautam/Documents/Cherrygram-Mac/macOS-Swift/submodules/Sparkle/Sparkle/SUConstants.h (in target 'Sparkle' from project 'Sparkle')
    cd /Users/buddhirajgautam/Documents/Cherrygram-Mac/macOS-Swift/submodules/Sparkle
    builtin-copy -exclude .DS_Store -exclude CVS -exclude .svn -exclude .git -exclude .hg -strip-unsigned-binaries -strip-deterministic -strip-tool /Applications/Xcode.app/Contents/Developer/Toolchains/XcodeDefault.xctoolchain/usr/bin/strip -resolve-src-symlinks /Users/buddhirajgautam/Documents/Cherrygram-Mac/macOS-Swift/submodules/Sparkle/Sparkle/SUConstants.h /Users/buddhirajgautam/Library/Developer/Xcode/DerivedData/Telegram-Mac-fygdgghdgmuleoelvxabfmqiotta/Build/Products/Debug/Sparkle.framework/Versions/A/Headers

CpHeader /Users/buddhirajgautam/Library/Developer/Xcode/DerivedData/Telegram-Mac-fygdgghdgmuleoelvxabfmqiotta/Build/Products/Debug/Sparkle.framework/Versions/A/Headers/SUCodeSigningVerifier.h /Users/buddhirajgautam/Documents/Cherrygram-Mac/macOS-Swift/submodules/Sparkle/Sparkle/SUCodeSigningVerifier.h (in target 'Sparkle' from project 'Sparkle')
    cd /Users/buddhirajgautam/Documents/Cherrygram-Mac/macOS-Swift/submodules/Sparkle
    builtin-copy -exclude .DS_Store -exclude CVS -exclude .svn -exclude .git -exclude .hg -strip-unsigned-binaries -strip-deterministic -strip-tool /Applications/Xcode.app/Contents/Developer/Toolchains/XcodeDefault.xctoolchain/usr/bin/strip -resolve-src-symlinks /Users/buddhirajgautam/Documents/Cherrygram-Mac/macOS-Swift/submodules/Sparkle/Sparkle/SUCodeSigningVerifier.h /Users/buddhirajgautam/Library/Developer/Xcode/DerivedData/Telegram-Mac-fygdgghdgmuleoelvxabfmqiotta/Build/Products/Debug/Sparkle.framework/Versions/A/Headers

CpHeader /Users/buddhirajgautam/Library/Developer/Xcode/DerivedData/Telegram-Mac-fygdgghdgmuleoelvxabfmqiotta/Build/Products/Debug/Sparkle.framework/Versions/A/Headers/SUBundleIcon.h /Users/buddhirajgautam/Documents/Cherrygram-Mac/macOS-Swift/submodules/Sparkle/Sparkle/SUBundleIcon.h (in target 'Sparkle' from project 'Sparkle')
    cd /Users/buddhirajgautam/Documents/Cherrygram-Mac/macOS-Swift/submodules/Sparkle
    builtin-copy -exclude .DS_Store -exclude CVS -exclude .svn -exclude .git -exclude .hg -strip-unsigned-binaries -strip-deterministic -strip-tool /Applications/Xcode.app/Contents/Developer/Toolchains/XcodeDefault.xctoolchain/usr/bin/strip -resolve-src-symlinks /Users/buddhirajgautam/Documents/Cherrygram-Mac/macOS-Swift/submodules/Sparkle/Sparkle/SUBundleIcon.h /Users/buddhirajgautam/Library/Developer/Xcode/DerivedData/Telegram-Mac-fygdgghdgmuleoelvxabfmqiotta/Build/Products/Debug/Sparkle.framework/Versions/A/Headers

CpHeader /Users/buddhirajgautam/Library/Developer/Xcode/DerivedData/Telegram-Mac-fygdgghdgmuleoelvxabfmqiotta/Build/Products/Debug/Sparkle.framework/Versions/A/Headers/SUBinaryDeltaUnarchiver.h /Users/buddhirajgautam/Documents/Cherrygram-Mac/macOS-Swift/submodules/Sparkle/Sparkle/SUBinaryDeltaUnarchiver.h (in target 'Sparkle' from project 'Sparkle')
    cd /Users/buddhirajgautam/Documents/Cherrygram-Mac/macOS-Swift/submodules/Sparkle
    builtin-copy -exclude .DS_Store -exclude CVS -exclude .svn -exclude .git -exclude .hg -strip-unsigned-binaries -strip-deterministic -strip-tool /Applications/Xcode.app/Contents/Developer/Toolchains/XcodeDefault.xctoolchain/usr/bin/strip -resolve-src-symlinks /Users/buddhirajgautam/Documents/Cherrygram-Mac/macOS-Swift/submodules/Sparkle/Sparkle/SUBinaryDeltaUnarchiver.h /Users/buddhirajgautam/Library/Developer/Xcode/DerivedData/Telegram-Mac-fygdgghdgmuleoelvxabfmqiotta/Build/Products/Debug/Sparkle.framework/Versions/A/Headers

CpHeader /Users/buddhirajgautam/Library/Developer/Xcode/DerivedData/Telegram-Mac-fygdgghdgmuleoelvxabfmqiotta/Build/Products/Debug/Sparkle.framework/Versions/A/Headers/SUAutomaticUpdateDriver.h /Users/buddhirajgautam/Documents/Cherrygram-Mac/macOS-Swift/submodules/Sparkle/Sparkle/SUAutomaticUpdateDriver.h (in target 'Sparkle' from project 'Sparkle')
    cd /Users/buddhirajgautam/Documents/Cherrygram-Mac/macOS-Swift/submodules/Sparkle
    builtin-copy -exclude .DS_Store -exclude CVS -exclude .svn -exclude .git -exclude .hg -strip-unsigned-binaries -strip-deterministic -strip-tool /Applications/Xcode.app/Contents/Developer/Toolchains/XcodeDefault.xctoolchain/usr/bin/strip -resolve-src-symlinks /Users/buddhirajgautam/Documents/Cherrygram-Mac/macOS-Swift/submodules/Sparkle/Sparkle/SUAutomaticUpdateDriver.h /Users/buddhirajgautam/Library/Developer/Xcode/DerivedData/Telegram-Mac-fygdgghdgmuleoelvxabfmqiotta/Build/Products/Debug/Sparkle.framework/Versions/A/Headers

CpHeader /Users/buddhirajgautam/Library/Developer/Xcode/DerivedData/Telegram-Mac-fygdgghdgmuleoelvxabfmqiotta/Build/Products/Debug/Sparkle.framework/Versions/A/Headers/SUBasicUpdateDriver.h /Users/buddhirajgautam/Documents/Cherrygram-Mac/macOS-Swift/submodules/Sparkle/Sparkle/SUBasicUpdateDriver.h (in target 'Sparkle' from project 'Sparkle')
    cd /Users/buddhirajgautam/Documents/Cherrygram-Mac/macOS-Swift/submodules/Sparkle
    builtin-copy -exclude .DS_Store -exclude CVS -exclude .svn -exclude .git -exclude .hg -strip-unsigned-binaries -strip-deterministic -strip-tool /Applications/Xcode.app/Contents/Developer/Toolchains/XcodeDefault.xctoolchain/usr/bin/strip -resolve-src-symlinks /Users/buddhirajgautam/Documents/Cherrygram-Mac/macOS-Swift/submodules/Sparkle/Sparkle/SUBasicUpdateDriver.h /Users/buddhirajgautam/Library/Developer/Xcode/DerivedData/Telegram-Mac-fygdgghdgmuleoelvxabfmqiotta/Build/Products/Debug/Sparkle.framework/Versions/A/Headers

CpHeader /Users/buddhirajgautam/Library/Developer/Xcode/DerivedData/Telegram-Mac-fygdgghdgmuleoelvxabfmqiotta/Build/Products/Debug/Sparkle.framework/Versions/A/Headers/SUAutomaticUpdateAlert.h /Users/buddhirajgautam/Documents/Cherrygram-Mac/macOS-Swift/submodules/Sparkle/Sparkle/SUAutomaticUpdateAlert.h (in target 'Sparkle' from project 'Sparkle')
    cd /Users/buddhirajgautam/Documents/Cherrygram-Mac/macOS-Swift/submodules/Sparkle
    builtin-copy -exclude .DS_Store -exclude CVS -exclude .svn -exclude .git -exclude .hg -strip-unsigned-binaries -strip-deterministic -strip-tool /Applications/Xcode.app/Contents/Developer/Toolchains/XcodeDefault.xctoolchain/usr/bin/strip -resolve-src-symlinks /Users/buddhirajgautam/Documents/Cherrygram-Mac/macOS-Swift/submodules/Sparkle/Sparkle/SUAutomaticUpdateAlert.h /Users/buddhirajgautam/Library/Developer/Xcode/DerivedData/Telegram-Mac-fygdgghdgmuleoelvxabfmqiotta/Build/Products/Debug/Sparkle.framework/Versions/A/Headers

CpHeader /Users/buddhirajgautam/Library/Developer/Xcode/DerivedData/Telegram-Mac-fygdgghdgmuleoelvxabfmqiotta/Build/Products/Debug/Sparkle.framework/Versions/A/Headers/SUApplicationInfo.h /Users/buddhirajgautam/Documents/Cherrygram-Mac/macOS-Swift/submodules/Sparkle/Sparkle/SUApplicationInfo.h (in target 'Sparkle' from project 'Sparkle')
    cd /Users/buddhirajgautam/Documents/Cherrygram-Mac/macOS-Swift/submodules/Sparkle
    builtin-copy -exclude .DS_Store -exclude CVS -exclude .svn -exclude .git -exclude .hg -strip-unsigned-binaries -strip-deterministic -strip-tool /Applications/Xcode.app/Contents/Developer/Toolchains/XcodeDefault.xctoolchain/usr/bin/strip -resolve-src-symlinks /Users/buddhirajgautam/Documents/Cherrygram-Mac/macOS-Swift/submodules/Sparkle/Sparkle/SUApplicationInfo.h /Users/buddhirajgautam/Library/Developer/Xcode/DerivedData/Telegram-Mac-fygdgghdgmuleoelvxabfmqiotta/Build/Products/Debug/Sparkle.framework/Versions/A/Headers

CpHeader /Users/buddhirajgautam/Library/Developer/Xcode/DerivedData/Telegram-Mac-fygdgghdgmuleoelvxabfmqiotta/Build/Products/Debug/Sparkle.framework/Versions/A/Headers/SUAppcastItem.h /Users/buddhirajgautam/Documents/Cherrygram-Mac/macOS-Swift/submodules/Sparkle/Sparkle/SUAppcastItem.h (in target 'Sparkle' from project 'Sparkle')
    cd /Users/buddhirajgautam/Documents/Cherrygram-Mac/macOS-Swift/submodules/Sparkle
    builtin-copy -exclude .DS_Store -exclude CVS -exclude .svn -exclude .git -exclude .hg -strip-unsigned-binaries -strip-deterministic -strip-tool /Applications/Xcode.app/Contents/Developer/Toolchains/XcodeDefault.xctoolchain/usr/bin/strip -resolve-src-symlinks /Users/buddhirajgautam/Documents/Cherrygram-Mac/macOS-Swift/submodules/Sparkle/Sparkle/SUAppcastItem.h /Users/buddhirajgautam/Library/Developer/Xcode/DerivedData/Telegram-Mac-fygdgghdgmuleoelvxabfmqiotta/Build/Products/Debug/Sparkle.framework/Versions/A/Headers

CpHeader /Users/buddhirajgautam/Library/Developer/Xcode/DerivedData/Telegram-Mac-fygdgghdgmuleoelvxabfmqiotta/Build/Products/Debug/Sparkle.framework/Versions/A/Headers/SUAppcast.h /Users/buddhirajgautam/Documents/Cherrygram-Mac/macOS-Swift/submodules/Sparkle/Sparkle/SUAppcast.h (in target 'Sparkle' from project 'Sparkle')
    cd /Users/buddhirajgautam/Documents/Cherrygram-Mac/macOS-Swift/submodules/Sparkle
    builtin-copy -exclude .DS_Store -exclude CVS -exclude .svn -exclude .git -exclude .hg -strip-unsigned-binaries -strip-deterministic -strip-tool /Applications/Xcode.app/Contents/Developer/Toolchains/XcodeDefault.xctoolchain/usr/bin/strip -resolve-src-symlinks /Users/buddhirajgautam/Documents/Cherrygram-Mac/macOS-Swift/submodules/Sparkle/Sparkle/SUAppcast.h /Users/buddhirajgautam/Library/Developer/Xcode/DerivedData/Telegram-Mac-fygdgghdgmuleoelvxabfmqiotta/Build/Products/Debug/Sparkle.framework/Versions/A/Headers

CpHeader /Users/buddhirajgautam/Library/Developer/Xcode/DerivedData/Telegram-Mac-fygdgghdgmuleoelvxabfmqiotta/Build/Products/Debug/Sparkle.framework/Versions/A/Headers/SPUURLRequest.h /Users/buddhirajgautam/Documents/Cherrygram-Mac/macOS-Swift/submodules/Sparkle/Sparkle/SPUURLRequest.h (in target 'Sparkle' from project 'Sparkle')
    cd /Users/buddhirajgautam/Documents/Cherrygram-Mac/macOS-Swift/submodules/Sparkle
    builtin-copy -exclude .DS_Store -exclude CVS -exclude .svn -exclude .git -exclude .hg -strip-unsigned-binaries -strip-deterministic -strip-tool /Applications/Xcode.app/Contents/Developer/Toolchains/XcodeDefault.xctoolchain/usr/bin/strip -resolve-src-symlinks /Users/buddhirajgautam/Documents/Cherrygram-Mac/macOS-Swift/submodules/Sparkle/Sparkle/SPUURLRequest.h /Users/buddhirajgautam/Library/Developer/Xcode/DerivedData/Telegram-Mac-fygdgghdgmuleoelvxabfmqiotta/Build/Products/Debug/Sparkle.framework/Versions/A/Headers

CpHeader /Users/buddhirajgautam/Library/Developer/Xcode/DerivedData/Telegram-Mac-fygdgghdgmuleoelvxabfmqiotta/Build/Products/Debug/Sparkle.framework/Versions/A/Headers/SPULocalCacheDirectory.h /Users/buddhirajgautam/Documents/Cherrygram-Mac/macOS-Swift/submodules/Sparkle/Sparkle/SPULocalCacheDirectory.h (in target 'Sparkle' from project 'Sparkle')
    cd /Users/buddhirajgautam/Documents/Cherrygram-Mac/macOS-Swift/submodules/Sparkle
    builtin-copy -exclude .DS_Store -exclude CVS -exclude .svn -exclude .git -exclude .hg -strip-unsigned-binaries -strip-deterministic -strip-tool /Applications/Xcode.app/Contents/Developer/Toolchains/XcodeDefault.xctoolchain/usr/bin/strip -resolve-src-symlinks /Users/buddhirajgautam/Documents/Cherrygram-Mac/macOS-Swift/submodules/Sparkle/Sparkle/SPULocalCacheDirectory.h /Users/buddhirajgautam/Library/Developer/Xcode/DerivedData/Telegram-Mac-fygdgghdgmuleoelvxabfmqiotta/Build/Products/Debug/Sparkle.framework/Versions/A/Headers

CpHeader /Users/buddhirajgautam/Library/Developer/Xcode/DerivedData/Telegram-Mac-fygdgghdgmuleoelvxabfmqiotta/Build/Products/Debug/Sparkle.framework/Versions/A/Headers/SPUDownloaderSession.h /Users/buddhirajgautam/Documents/Cherrygram-Mac/macOS-Swift/submodules/Sparkle/Sparkle/SPUDownloaderSession.h (in target 'Sparkle' from project 'Sparkle')
    cd /Users/buddhirajgautam/Documents/Cherrygram-Mac/macOS-Swift/submodules/Sparkle
    builtin-copy -exclude .DS_Store -exclude CVS -exclude .svn -exclude .git -exclude .hg -strip-unsigned-binaries -strip-deterministic -strip-tool /Applications/Xcode.app/Contents/Developer/Toolchains/XcodeDefault.xctoolchain/usr/bin/strip -resolve-src-symlinks /Users/buddhirajgautam/Documents/Cherrygram-Mac/macOS-Swift/submodules/Sparkle/Sparkle/SPUDownloaderSession.h /Users/buddhirajgautam/Library/Developer/Xcode/DerivedData/Telegram-Mac-fygdgghdgmuleoelvxabfmqiotta/Build/Products/Debug/Sparkle.framework/Versions/A/Headers

CpHeader /Users/buddhirajgautam/Library/Developer/Xcode/DerivedData/Telegram-Mac-fygdgghdgmuleoelvxabfmqiotta/Build/Products/Debug/Sparkle.framework/Versions/A/Headers/SPUDownloaderProtocol.h /Users/buddhirajgautam/Documents/Cherrygram-Mac/macOS-Swift/submodules/Sparkle/Sparkle/SPUDownloaderProtocol.h (in target 'Sparkle' from project 'Sparkle')
    cd /Users/buddhirajgautam/Documents/Cherrygram-Mac/macOS-Swift/submodules/Sparkle
    builtin-copy -exclude .DS_Store -exclude CVS -exclude .svn -exclude .git -exclude .hg -strip-unsigned-binaries -strip-deterministic -strip-tool /Applications/Xcode.app/Contents/Developer/Toolchains/XcodeDefault.xctoolchain/usr/bin/strip -resolve-src-symlinks /Users/buddhirajgautam/Documents/Cherrygram-Mac/macOS-Swift/submodules/Sparkle/Sparkle/SPUDownloaderProtocol.h /Users/buddhirajgautam/Library/Developer/Xcode/DerivedData/Telegram-Mac-fygdgghdgmuleoelvxabfmqiotta/Build/Products/Debug/Sparkle.framework/Versions/A/Headers

CpHeader /Users/buddhirajgautam/Library/Developer/Xcode/DerivedData/Telegram-Mac-fygdgghdgmuleoelvxabfmqiotta/Build/Products/Debug/Sparkle.framework/Versions/A/Headers/SPUDownloaderDeprecated.h /Users/buddhirajgautam/Documents/Cherrygram-Mac/macOS-Swift/submodules/Sparkle/Sparkle/SPUDownloaderDeprecated.h (in target 'Sparkle' from project 'Sparkle')
    cd /Users/buddhirajgautam/Documents/Cherrygram-Mac/macOS-Swift/submodules/Sparkle
    builtin-copy -exclude .DS_Store -exclude CVS -exclude .svn -exclude .git -exclude .hg -strip-unsigned-binaries -strip-deterministic -strip-tool /Applications/Xcode.app/Contents/Developer/Toolchains/XcodeDefault.xctoolchain/usr/bin/strip -resolve-src-symlinks /Users/buddhirajgautam/Documents/Cherrygram-Mac/macOS-Swift/submodules/Sparkle/Sparkle/SPUDownloaderDeprecated.h /Users/buddhirajgautam/Library/Developer/Xcode/DerivedData/Telegram-Mac-fygdgghdgmuleoelvxabfmqiotta/Build/Products/Debug/Sparkle.framework/Versions/A/Headers

CpHeader /Users/buddhirajgautam/Library/Developer/Xcode/DerivedData/Telegram-Mac-fygdgghdgmuleoelvxabfmqiotta/Build/Products/Debug/Sparkle.framework/Versions/A/Headers/SPUDownloaderDelegate.h /Users/buddhirajgautam/Documents/Cherrygram-Mac/macOS-Swift/submodules/Sparkle/Sparkle/SPUDownloaderDelegate.h (in target 'Sparkle' from project 'Sparkle')
    cd /Users/buddhirajgautam/Documents/Cherrygram-Mac/macOS-Swift/submodules/Sparkle
    builtin-copy -exclude .DS_Store -exclude CVS -exclude .svn -exclude .git -exclude .hg -strip-unsigned-binaries -strip-deterministic -strip-tool /Applications/Xcode.app/Contents/Developer/Toolchains/XcodeDefault.xctoolchain/usr/bin/strip -resolve-src-symlinks /Users/buddhirajgautam/Documents/Cherrygram-Mac/macOS-Swift/submodules/Sparkle/Sparkle/SPUDownloaderDelegate.h /Users/buddhirajgautam/Library/Developer/Xcode/DerivedData/Telegram-Mac-fygdgghdgmuleoelvxabfmqiotta/Build/Products/Debug/Sparkle.framework/Versions/A/Headers

CpHeader /Users/buddhirajgautam/Library/Developer/Xcode/DerivedData/Telegram-Mac-fygdgghdgmuleoelvxabfmqiotta/Build/Products/Debug/Sparkle.framework/Versions/A/Headers/SPUDownloader.h /Users/buddhirajgautam/Documents/Cherrygram-Mac/macOS-Swift/submodules/Sparkle/Sparkle/SPUDownloader.h (in target 'Sparkle' from project 'Sparkle')
    cd /Users/buddhirajgautam/Documents/Cherrygram-Mac/macOS-Swift/submodules/Sparkle
    builtin-copy -exclude .DS_Store -exclude CVS -exclude .svn -exclude .git -exclude .hg -strip-unsigned-binaries -strip-deterministic -strip-tool /Applications/Xcode.app/Contents/Developer/Toolchains/XcodeDefault.xctoolchain/usr/bin/strip -resolve-src-symlinks /Users/buddhirajgautam/Documents/Cherrygram-Mac/macOS-Swift/submodules/Sparkle/Sparkle/SPUDownloader.h /Users/buddhirajgautam/Library/Developer/Xcode/DerivedData/Telegram-Mac-fygdgghdgmuleoelvxabfmqiotta/Build/Products/Debug/Sparkle.framework/Versions/A/Headers

CpHeader /Users/buddhirajgautam/Library/Developer/Xcode/DerivedData/Telegram-Mac-fygdgghdgmuleoelvxabfmqiotta/Build/Products/Debug/Sparkle.framework/Versions/A/Headers/SPUDownloadData.h /Users/buddhirajgautam/Documents/Cherrygram-Mac/macOS-Swift/submodules/Sparkle/Sparkle/SPUDownloadData.h (in target 'Sparkle' from project 'Sparkle')
    cd /Users/buddhirajgautam/Documents/Cherrygram-Mac/macOS-Swift/submodules/Sparkle
    builtin-copy -exclude .DS_Store -exclude CVS -exclude .svn -exclude .git -exclude .hg -strip-unsigned-binaries -strip-deterministic -strip-tool /Applications/Xcode.app/Contents/Developer/Toolchains/XcodeDefault.xctoolchain/usr/bin/strip -resolve-src-symlinks /Users/buddhirajgautam/Documents/Cherrygram-Mac/macOS-Swift/submodules/Sparkle/Sparkle/SPUDownloadData.h /Users/buddhirajgautam/Library/Developer/Xcode/DerivedData/Telegram-Mac-fygdgghdgmuleoelvxabfmqiotta/Build/Products/Debug/Sparkle.framework/Versions/A/Headers

Copy /Users/buddhirajgautam/Library/Developer/Xcode/DerivedData/Telegram-Mac-fygdgghdgmuleoelvxabfmqiotta/Build/Products/Debug/Sparkle.framework/Versions/A/Modules/module.modulemap /Users/buddhirajgautam/Library/Developer/Xcode/DerivedData/Telegram-Mac-fygdgghdgmuleoelvxabfmqiotta/Build/Intermediates.noindex/Sparkle.build/Debug/Sparkle.build/module.modulemap (in target 'Sparkle' from project 'Sparkle')
    cd /Users/buddhirajgautam/Documents/Cherrygram-Mac/macOS-Swift/submodules/Sparkle
    builtin-copy -exclude .DS_Store -exclude CVS -exclude .svn -exclude .git -exclude .hg -strip-unsigned-binaries -strip-deterministic -strip-tool /Applications/Xcode.app/Contents/Developer/Toolchains/XcodeDefault.xctoolchain/usr/bin/strip -resolve-src-symlinks /Users/buddhirajgautam/Library/Developer/Xcode/DerivedData/Telegram-Mac-fygdgghdgmuleoelvxabfmqiotta/Build/Intermediates.noindex/Sparkle.build/Debug/Sparkle.build/module.modulemap /Users/buddhirajgautam/Library/Developer/Xcode/DerivedData/Telegram-Mac-fygdgghdgmuleoelvxabfmqiotta/Build/Products/Debug/Sparkle.framework/Versions/A/Modules

Copy /Users/buddhirajgautam/Library/Developer/Xcode/DerivedData/Telegram-Mac-fygdgghdgmuleoelvxabfmqiotta/Build/Intermediates.noindex/GeneratedModuleMaps/Reactions.modulemap /Users/buddhirajgautam/Library/Developer/Xcode/DerivedData/Telegram-Mac-fygdgghdgmuleoelvxabfmqiotta/Build/Intermediates.noindex/Reactions.build/Debug/Reactions-t.build/Reactions.modulemap (in target 'Reactions' from project 'Reactions')
    cd /Users/buddhirajgautam/Documents/Cherrygram-Mac/macOS-Swift/packages/Reactions
    builtin-copy -exclude .DS_Store -exclude CVS -exclude .svn -exclude .git -exclude .hg -resolve-src-symlinks /Users/buddhirajgautam/Library/Developer/Xcode/DerivedData/Telegram-Mac-fygdgghdgmuleoelvxabfmqiotta/Build/Intermediates.noindex/Reactions.build/Debug/Reactions-t.build/Reactions.modulemap /Users/buddhirajgautam/Library/Developer/Xcode/DerivedData/Telegram-Mac-fygdgghdgmuleoelvxabfmqiotta/Build/Intermediates.noindex/GeneratedModuleMaps

Copy /Users/buddhirajgautam/Library/Developer/Xcode/DerivedData/Telegram-Mac-fygdgghdgmuleoelvxabfmqiotta/Build/Intermediates.noindex/GeneratedModuleMaps/Reachability.modulemap /Users/buddhirajgautam/Library/Developer/Xcode/DerivedData/Telegram-Mac-fygdgghdgmuleoelvxabfmqiotta/Build/Intermediates.noindex/Reachability.build/Debug/Reachability-t.build/Reachability.modulemap (in target 'Reachability' from project 'Reachability')
    cd /Users/buddhirajgautam/Documents/Cherrygram-Mac/macOS-Swift/submodules/telegram-ios/submodules/Reachability
    builtin-copy -exclude .DS_Store -exclude CVS -exclude .svn -exclude .git -exclude .hg -resolve-src-symlinks /Users/buddhirajgautam/Library/Developer/Xcode/DerivedData/Telegram-Mac-fygdgghdgmuleoelvxabfmqiotta/Build/Intermediates.noindex/Reachability.build/Debug/Reachability-t.build/Reachability.modulemap /Users/buddhirajgautam/Library/Developer/Xcode/DerivedData/Telegram-Mac-fygdgghdgmuleoelvxabfmqiotta/Build/Intermediates.noindex/GeneratedModuleMaps

Copy /Users/buddhirajgautam/Library/Developer/Xcode/DerivedData/Telegram-Mac-fygdgghdgmuleoelvxabfmqiotta/Build/Intermediates.noindex/GeneratedModuleMaps/PrivateCallScreen.modulemap /Users/buddhirajgautam/Library/Developer/Xcode/DerivedData/Telegram-Mac-fygdgghdgmuleoelvxabfmqiotta/Build/Intermediates.noindex/PrivateCallScreen.build/Debug/PrivateCallScreen-t.build/PrivateCallScreen.modulemap (in target 'PrivateCallScreen' from project 'PrivateCallScreen')
    cd /Users/buddhirajgautam/Documents/Cherrygram-Mac/macOS-Swift/packages/PrivateCallScreen
    builtin-copy -exclude .DS_Store -exclude CVS -exclude .svn -exclude .git -exclude .hg -resolve-src-symlinks /Users/buddhirajgautam/Library/Developer/Xcode/DerivedData/Telegram-Mac-fygdgghdgmuleoelvxabfmqiotta/Build/Intermediates.noindex/PrivateCallScreen.build/Debug/PrivateCallScreen-t.build/PrivateCallScreen.modulemap /Users/buddhirajgautam/Library/Developer/Xcode/DerivedData/Telegram-Mac-fygdgghdgmuleoelvxabfmqiotta/Build/Intermediates.noindex/GeneratedModuleMaps

Copy /Users/buddhirajgautam/Library/Developer/Xcode/DerivedData/Telegram-Mac-fygdgghdgmuleoelvxabfmqiotta/Build/Intermediates.noindex/GeneratedModuleMaps/Postbox.modulemap /Users/buddhirajgautam/Library/Developer/Xcode/DerivedData/Telegram-Mac-fygdgghdgmuleoelvxabfmqiotta/Build/Intermediates.noindex/Postbox.build/Debug/Postbox-t.build/Postbox.modulemap (in target 'Postbox' from project 'Postbox')
    cd /Users/buddhirajgautam/Documents/Cherrygram-Mac/macOS-Swift/submodules/telegram-ios/submodules/Postbox
    builtin-copy -exclude .DS_Store -exclude CVS -exclude .svn -exclude .git -exclude .hg -resolve-src-symlinks /Users/buddhirajgautam/Library/Developer/Xcode/DerivedData/Telegram-Mac-fygdgghdgmuleoelvxabfmqiotta/Build/Intermediates.noindex/Postbox.build/Debug/Postbox-t.build/Postbox.modulemap /Users/buddhirajgautam/Library/Developer/Xcode/DerivedData/Telegram-Mac-fygdgghdgmuleoelvxabfmqiotta/Build/Intermediates.noindex/GeneratedModuleMaps

Copy /Users/buddhirajgautam/Library/Developer/Xcode/DerivedData/Telegram-Mac-fygdgghdgmuleoelvxabfmqiotta/Build/Intermediates.noindex/GeneratedModuleMaps/MtProtoKit.modulemap /Users/buddhirajgautam/Library/Developer/Xcode/DerivedData/Telegram-Mac-fygdgghdgmuleoelvxabfmqiotta/Build/Intermediates.noindex/MtProtoKit.build/Debug/MtProtoKit-t.build/MtProtoKit.modulemap (in target 'MtProtoKit' from project 'MtProtoKit')
    cd /Users/buddhirajgautam/Documents/Cherrygram-Mac/macOS-Swift/submodules/telegram-ios/submodules/MtProtoKit
    builtin-copy -exclude .DS_Store -exclude CVS -exclude .svn -exclude .git -exclude .hg -resolve-src-symlinks /Users/buddhirajgautam/Library/Developer/Xcode/DerivedData/Telegram-Mac-fygdgghdgmuleoelvxabfmqiotta/Build/Intermediates.noindex/MtProtoKit.build/Debug/MtProtoKit-t.build/MtProtoKit.modulemap /Users/buddhirajgautam/Library/Developer/Xcode/DerivedData/Telegram-Mac-fygdgghdgmuleoelvxabfmqiotta/Build/Intermediates.noindex/GeneratedModuleMaps

Copy /Users/buddhirajgautam/Library/Developer/Xcode/DerivedData/Telegram-Mac-fygdgghdgmuleoelvxabfmqiotta/Build/Intermediates.noindex/GeneratedModuleMaps/NetworkLogging.modulemap /Users/buddhirajgautam/Library/Developer/Xcode/DerivedData/Telegram-Mac-fygdgghdgmuleoelvxabfmqiotta/Build/Intermediates.noindex/NetworkLogging.build/Debug/NetworkLogging-t.build/NetworkLogging.modulemap (in target 'NetworkLogging' from project 'NetworkLogging')
    cd /Users/buddhirajgautam/Documents/Cherrygram-Mac/macOS-Swift/submodules/telegram-ios/submodules/NetworkLogging
    builtin-copy -exclude .DS_Store -exclude CVS -exclude .svn -exclude .git -exclude .hg -resolve-src-symlinks /Users/buddhirajgautam/Library/Developer/Xcode/DerivedData/Telegram-Mac-fygdgghdgmuleoelvxabfmqiotta/Build/Intermediates.noindex/NetworkLogging.build/Debug/NetworkLogging-t.build/NetworkLogging.modulemap /Users/buddhirajgautam/Library/Developer/Xcode/DerivedData/Telegram-Mac-fygdgghdgmuleoelvxabfmqiotta/Build/Intermediates.noindex/GeneratedModuleMaps

Copy /Users/buddhirajgautam/Library/Developer/Xcode/DerivedData/Telegram-Mac-fygdgghdgmuleoelvxabfmqiotta/Build/Intermediates.noindex/GeneratedModuleMaps/ManagedFile.modulemap /Users/buddhirajgautam/Library/Developer/Xcode/DerivedData/Telegram-Mac-fygdgghdgmuleoelvxabfmqiotta/Build/Intermediates.noindex/ManagedFile.build/Debug/ManagedFile-t.build/ManagedFile.modulemap (in target 'ManagedFile' from project 'ManagedFile')
    cd /Users/buddhirajgautam/Documents/Cherrygram-Mac/macOS-Swift/submodules/telegram-ios/submodules/ManagedFile
    builtin-copy -exclude .DS_Store -exclude CVS -exclude .svn -exclude .git -exclude .hg -resolve-src-symlinks /Users/buddhirajgautam/Library/Developer/Xcode/DerivedData/Telegram-Mac-fygdgghdgmuleoelvxabfmqiotta/Build/Intermediates.noindex/ManagedFile.build/Debug/ManagedFile-t.build/ManagedFile.modulemap /Users/buddhirajgautam/Library/Developer/Xcode/DerivedData/Telegram-Mac-fygdgghdgmuleoelvxabfmqiotta/Build/Intermediates.noindex/GeneratedModuleMaps

Copy /Users/buddhirajgautam/Library/Developer/Xcode/DerivedData/Telegram-Mac-fygdgghdgmuleoelvxabfmqiotta/Build/Intermediates.noindex/GeneratedModuleMaps/Localization.modulemap /Users/buddhirajgautam/Library/Developer/Xcode/DerivedData/Telegram-Mac-fygdgghdgmuleoelvxabfmqiotta/Build/Intermediates.noindex/Localization.build/Debug/Localization-t.build/Localization.modulemap (in target 'Localization' from project 'Localization')
    cd /Users/buddhirajgautam/Documents/Cherrygram-Mac/macOS-Swift/packages/Localization
    builtin-copy -exclude .DS_Store -exclude CVS -exclude .svn -exclude .git -exclude .hg -resolve-src-symlinks /Users/buddhirajgautam/Library/Developer/Xcode/DerivedData/Telegram-Mac-fygdgghdgmuleoelvxabfmqiotta/Build/Intermediates.noindex/Localization.build/Debug/Localization-t.build/Localization.modulemap /Users/buddhirajgautam/Library/Developer/Xcode/DerivedData/Telegram-Mac-fygdgghdgmuleoelvxabfmqiotta/Build/Intermediates.noindex/GeneratedModuleMaps

Copy /Users/buddhirajgautam/Library/Developer/Xcode/DerivedData/Telegram-Mac-fygdgghdgmuleoelvxabfmqiotta/Build/Intermediates.noindex/GeneratedModuleMaps/InputView.modulemap /Users/buddhirajgautam/Library/Developer/Xcode/DerivedData/Telegram-Mac-fygdgghdgmuleoelvxabfmqiotta/Build/Intermediates.noindex/InputView.build/Debug/InputView-t.build/InputView.modulemap (in target 'InputView' from project 'InputView')
    cd /Users/buddhirajgautam/Documents/Cherrygram-Mac/macOS-Swift/packages/InputView
    builtin-copy -exclude .DS_Store -exclude CVS -exclude .svn -exclude .git -exclude .hg -resolve-src-symlinks /Users/buddhirajgautam/Library/Developer/Xcode/DerivedData/Telegram-Mac-fygdgghdgmuleoelvxabfmqiotta/Build/Intermediates.noindex/InputView.build/Debug/InputView-t.build/InputView.modulemap /Users/buddhirajgautam/Library/Developer/Xcode/DerivedData/Telegram-Mac-fygdgghdgmuleoelvxabfmqiotta/Build/Intermediates.noindex/GeneratedModuleMaps

Copy /Users/buddhirajgautam/Library/Developer/Xcode/DerivedData/Telegram-Mac-fygdgghdgmuleoelvxabfmqiotta/Build/Intermediates.noindex/GeneratedModuleMaps/InAppSettings.modulemap /Users/buddhirajgautam/Library/Developer/Xcode/DerivedData/Telegram-Mac-fygdgghdgmuleoelvxabfmqiotta/Build/Intermediates.noindex/InAppSettings.build/Debug/InAppSettings-t.build/InAppSettings.modulemap (in target 'InAppSettings' from project 'InAppSettings')
    cd /Users/buddhirajgautam/Documents/Cherrygram-Mac/macOS-Swift/packages/InAppSettings
    builtin-copy -exclude .DS_Store -exclude CVS -exclude .svn -exclude .git -exclude .hg -resolve-src-symlinks /Users/buddhirajgautam/Library/Developer/Xcode/DerivedData/Telegram-Mac-fygdgghdgmuleoelvxabfmqiotta/Build/Intermediates.noindex/InAppSettings.build/Debug/InAppSettings-t.build/InAppSettings.modulemap /Users/buddhirajgautam/Library/Developer/Xcode/DerivedData/Telegram-Mac-fygdgghdgmuleoelvxabfmqiotta/Build/Intermediates.noindex/GeneratedModuleMaps

Copy /Users/buddhirajgautam/Library/Developer/Xcode/DerivedData/Telegram-Mac-fygdgghdgmuleoelvxabfmqiotta/Build/Intermediates.noindex/GeneratedModuleMaps/InAppPurchaseManager.modulemap /Users/buddhirajgautam/Library/Developer/Xcode/DerivedData/Telegram-Mac-fygdgghdgmuleoelvxabfmqiotta/Build/Intermediates.noindex/InAppPurchaseManager.build/Debug/InAppPurchaseManager-t.build/InAppPurchaseManager.modulemap (in target 'InAppPurchaseManager' from project 'InAppPurchaseManager')
    cd /Users/buddhirajgautam/Documents/Cherrygram-Mac/macOS-Swift/packages/InAppPurchaseManager
    builtin-copy -exclude .DS_Store -exclude CVS -exclude .svn -exclude .git -exclude .hg -resolve-src-symlinks /Users/buddhirajgautam/Library/Developer/Xcode/DerivedData/Telegram-Mac-fygdgghdgmuleoelvxabfmqiotta/Build/Intermediates.noindex/InAppPurchaseManager.build/Debug/InAppPurchaseManager-t.build/InAppPurchaseManager.modulemap /Users/buddhirajgautam/Library/Developer/Xcode/DerivedData/Telegram-Mac-fygdgghdgmuleoelvxabfmqiotta/Build/Intermediates.noindex/GeneratedModuleMaps

Copy /Users/buddhirajgautam/Library/Developer/Xcode/DerivedData/Telegram-Mac-fygdgghdgmuleoelvxabfmqiotta/Build/Intermediates.noindex/GeneratedModuleMaps/GraphUI.modulemap /Users/buddhirajgautam/Library/Developer/Xcode/DerivedData/Telegram-Mac-fygdgghdgmuleoelvxabfmqiotta/Build/Intermediates.noindex/GraphUI.build/Debug/GraphUI-t.build/GraphUI.modulemap (in target 'GraphUI' from project 'GraphUI')
    cd /Users/buddhirajgautam/Documents/Cherrygram-Mac/macOS-Swift/packages/GraphUI
    builtin-copy -exclude .DS_Store -exclude CVS -exclude .svn -exclude .git -exclude .hg -resolve-src-symlinks /Users/buddhirajgautam/Library/Developer/Xcode/DerivedData/Telegram-Mac-fygdgghdgmuleoelvxabfmqiotta/Build/Intermediates.noindex/GraphUI.build/Debug/GraphUI-t.build/GraphUI.modulemap /Users/buddhirajgautam/Library/Developer/Xcode/DerivedData/Telegram-Mac-fygdgghdgmuleoelvxabfmqiotta/Build/Intermediates.noindex/GeneratedModuleMaps

Copy /Users/buddhirajgautam/Library/Developer/Xcode/DerivedData/Telegram-Mac-fygdgghdgmuleoelvxabfmqiotta/Build/Intermediates.noindex/GeneratedModuleMaps/GoogleUtilities-UserDefaults.modulemap /Users/buddhirajgautam/Library/Developer/Xcode/DerivedData/Telegram-Mac-fygdgghdgmuleoelvxabfmqiotta/Build/Intermediates.noindex/GoogleUtilities.build/Debug/GoogleUtilities-UserDefaults-t.build/GoogleUtilities-UserDefaults.modulemap (in target 'GoogleUtilities-UserDefaults' from project 'GoogleUtilities')
    cd /Users/buddhirajgautam/Library/Developer/Xcode/DerivedData/Telegram-Mac-fygdgghdgmuleoelvxabfmqiotta/SourcePackages/checkouts/GoogleUtilities
    builtin-copy -exclude .DS_Store -exclude CVS -exclude .svn -exclude .git -exclude .hg -resolve-src-symlinks /Users/buddhirajgautam/Library/Developer/Xcode/DerivedData/Telegram-Mac-fygdgghdgmuleoelvxabfmqiotta/Build/Intermediates.noindex/GoogleUtilities.build/Debug/GoogleUtilities-UserDefaults-t.build/GoogleUtilities-UserDefaults.modulemap /Users/buddhirajgautam/Library/Developer/Xcode/DerivedData/Telegram-Mac-fygdgghdgmuleoelvxabfmqiotta/Build/Intermediates.noindex/GeneratedModuleMaps

Copy /Users/buddhirajgautam/Library/Developer/Xcode/DerivedData/Telegram-Mac-fygdgghdgmuleoelvxabfmqiotta/Build/Intermediates.noindex/GeneratedModuleMaps/GoogleUtilities-Reachability.modulemap /Users/buddhirajgautam/Library/Developer/Xcode/DerivedData/Telegram-Mac-fygdgghdgmuleoelvxabfmqiotta/Build/Intermediates.noindex/GoogleUtilities.build/Debug/GoogleUtilities-Reachability-t.build/GoogleUtilities-Reachability.modulemap (in target 'GoogleUtilities-Reachability' from project 'GoogleUtilities')
    cd /Users/buddhirajgautam/Library/Developer/Xcode/DerivedData/Telegram-Mac-fygdgghdgmuleoelvxabfmqiotta/SourcePackages/checkouts/GoogleUtilities
    builtin-copy -exclude .DS_Store -exclude CVS -exclude .svn -exclude .git -exclude .hg -resolve-src-symlinks /Users/buddhirajgautam/Library/Developer/Xcode/DerivedData/Telegram-Mac-fygdgghdgmuleoelvxabfmqiotta/Build/Intermediates.noindex/GoogleUtilities.build/Debug/GoogleUtilities-Reachability-t.build/GoogleUtilities-Reachability.modulemap /Users/buddhirajgautam/Library/Developer/Xcode/DerivedData/Telegram-Mac-fygdgghdgmuleoelvxabfmqiotta/Build/Intermediates.noindex/GeneratedModuleMaps

Copy /Users/buddhirajgautam/Library/Developer/Xcode/DerivedData/Telegram-Mac-fygdgghdgmuleoelvxabfmqiotta/Build/Intermediates.noindex/GeneratedModuleMaps/GoogleUtilities-Network.modulemap /Users/buddhirajgautam/Library/Developer/Xcode/DerivedData/Telegram-Mac-fygdgghdgmuleoelvxabfmqiotta/Build/Intermediates.noindex/GoogleUtilities.build/Debug/GoogleUtilities-Network-t.build/GoogleUtilities-Network.modulemap (in target 'GoogleUtilities-Network' from project 'GoogleUtilities')
    cd /Users/buddhirajgautam/Library/Developer/Xcode/DerivedData/Telegram-Mac-fygdgghdgmuleoelvxabfmqiotta/SourcePackages/checkouts/GoogleUtilities
    builtin-copy -exclude .DS_Store -exclude CVS -exclude .svn -exclude .git -exclude .hg -resolve-src-symlinks /Users/buddhirajgautam/Library/Developer/Xcode/DerivedData/Telegram-Mac-fygdgghdgmuleoelvxabfmqiotta/Build/Intermediates.noindex/GoogleUtilities.build/Debug/GoogleUtilities-Network-t.build/GoogleUtilities-Network.modulemap /Users/buddhirajgautam/Library/Developer/Xcode/DerivedData/Telegram-Mac-fygdgghdgmuleoelvxabfmqiotta/Build/Intermediates.noindex/GeneratedModuleMaps

Copy /Users/buddhirajgautam/Library/Developer/Xcode/DerivedData/Telegram-Mac-fygdgghdgmuleoelvxabfmqiotta/Build/Intermediates.noindex/GeneratedModuleMaps/GoogleUtilities-NSData.modulemap /Users/buddhirajgautam/Library/Developer/Xcode/DerivedData/Telegram-Mac-fygdgghdgmuleoelvxabfmqiotta/Build/Intermediates.noindex/GoogleUtilities.build/Debug/GoogleUtilities-NSData-t.build/GoogleUtilities-NSData.modulemap (in target 'GoogleUtilities-NSData' from project 'GoogleUtilities')
    cd /Users/buddhirajgautam/Library/Developer/Xcode/DerivedData/Telegram-Mac-fygdgghdgmuleoelvxabfmqiotta/SourcePackages/checkouts/GoogleUtilities
    builtin-copy -exclude .DS_Store -exclude CVS -exclude .svn -exclude .git -exclude .hg -resolve-src-symlinks /Users/buddhirajgautam/Library/Developer/Xcode/DerivedData/Telegram-Mac-fygdgghdgmuleoelvxabfmqiotta/Build/Intermediates.noindex/GoogleUtilities.build/Debug/GoogleUtilities-NSData-t.build/GoogleUtilities-NSData.modulemap /Users/buddhirajgautam/Library/Developer/Xcode/DerivedData/Telegram-Mac-fygdgghdgmuleoelvxabfmqiotta/Build/Intermediates.noindex/GeneratedModuleMaps

Copy /Users/buddhirajgautam/Library/Developer/Xcode/DerivedData/Telegram-Mac-fygdgghdgmuleoelvxabfmqiotta/Build/Intermediates.noindex/GeneratedModuleMaps/GoogleUtilities-MethodSwizzler.modulemap /Users/buddhirajgautam/Library/Developer/Xcode/DerivedData/Telegram-Mac-fygdgghdgmuleoelvxabfmqiotta/Build/Intermediates.noindex/GoogleUtilities.build/Debug/GoogleUtilities-MethodSwizzler-t.build/GoogleUtilities-MethodSwizzler.modulemap (in target 'GoogleUtilities-MethodSwizzler' from project 'GoogleUtilities')
    cd /Users/buddhirajgautam/Library/Developer/Xcode/DerivedData/Telegram-Mac-fygdgghdgmuleoelvxabfmqiotta/SourcePackages/checkouts/GoogleUtilities
    builtin-copy -exclude .DS_Store -exclude CVS -exclude .svn -exclude .git -exclude .hg -resolve-src-symlinks /Users/buddhirajgautam/Library/Developer/Xcode/DerivedData/Telegram-Mac-fygdgghdgmuleoelvxabfmqiotta/Build/Intermediates.noindex/GoogleUtilities.build/Debug/GoogleUtilities-MethodSwizzler-t.build/GoogleUtilities-MethodSwizzler.modulemap /Users/buddhirajgautam/Library/Developer/Xcode/DerivedData/Telegram-Mac-fygdgghdgmuleoelvxabfmqiotta/Build/Intermediates.noindex/GeneratedModuleMaps

Copy /Users/buddhirajgautam/Library/Developer/Xcode/DerivedData/Telegram-Mac-fygdgghdgmuleoelvxabfmqiotta/Build/Intermediates.noindex/GeneratedModuleMaps/GoogleUtilities-Logger.modulemap /Users/buddhirajgautam/Library/Developer/Xcode/DerivedData/Telegram-Mac-fygdgghdgmuleoelvxabfmqiotta/Build/Intermediates.noindex/GoogleUtilities.build/Debug/GoogleUtilities-Logger-t.build/GoogleUtilities-Logger.modulemap (in target 'GoogleUtilities-Logger' from project 'GoogleUtilities')
    cd /Users/buddhirajgautam/Library/Developer/Xcode/DerivedData/Telegram-Mac-fygdgghdgmuleoelvxabfmqiotta/SourcePackages/checkouts/GoogleUtilities
    builtin-copy -exclude .DS_Store -exclude CVS -exclude .svn -exclude .git -exclude .hg -resolve-src-symlinks /Users/buddhirajgautam/Library/Developer/Xcode/DerivedData/Telegram-Mac-fygdgghdgmuleoelvxabfmqiotta/Build/Intermediates.noindex/GoogleUtilities.build/Debug/GoogleUtilities-Logger-t.build/GoogleUtilities-Logger.modulemap /Users/buddhirajgautam/Library/Developer/Xcode/DerivedData/Telegram-Mac-fygdgghdgmuleoelvxabfmqiotta/Build/Intermediates.noindex/GeneratedModuleMaps

Copy /Users/buddhirajgautam/Library/Developer/Xcode/DerivedData/Telegram-Mac-fygdgghdgmuleoelvxabfmqiotta/Build/Intermediates.noindex/GeneratedModuleMaps/GoogleUtilities-Environment.modulemap /Users/buddhirajgautam/Library/Developer/Xcode/DerivedData/Telegram-Mac-fygdgghdgmuleoelvxabfmqiotta/Build/Intermediates.noindex/GoogleUtilities.build/Debug/GoogleUtilities-Environment-t.build/GoogleUtilities-Environment.modulemap (in target 'GoogleUtilities-Environment' from project 'GoogleUtilities')
    cd /Users/buddhirajgautam/Library/Developer/Xcode/DerivedData/Telegram-Mac-fygdgghdgmuleoelvxabfmqiotta/SourcePackages/checkouts/GoogleUtilities
    builtin-copy -exclude .DS_Store -exclude CVS -exclude .svn -exclude .git -exclude .hg -resolve-src-symlinks /Users/buddhirajgautam/Library/Developer/Xcode/DerivedData/Telegram-Mac-fygdgghdgmuleoelvxabfmqiotta/Build/Intermediates.noindex/GoogleUtilities.build/Debug/GoogleUtilities-Environment-t.build/GoogleUtilities-Environment.modulemap /Users/buddhirajgautam/Library/Developer/Xcode/DerivedData/Telegram-Mac-fygdgghdgmuleoelvxabfmqiotta/Build/Intermediates.noindex/GeneratedModuleMaps

Copy /Users/buddhirajgautam/Library/Developer/Xcode/DerivedData/Telegram-Mac-fygdgghdgmuleoelvxabfmqiotta/Build/Intermediates.noindex/GeneratedModuleMaps/GoogleUtilities-AppDelegateSwizzler.modulemap /Users/buddhirajgautam/Library/Developer/Xcode/DerivedData/Telegram-Mac-fygdgghdgmuleoelvxabfmqiotta/Build/Intermediates.noindex/GoogleUtilities.build/Debug/GoogleUtilities-AppDelegateSwizzler-t.build/GoogleUtilities-AppDelegateSwizzler.modulemap (in target 'GoogleUtilities-AppDelegateSwizzler' from project 'GoogleUtilities')
    cd /Users/buddhirajgautam/Library/Developer/Xcode/DerivedData/Telegram-Mac-fygdgghdgmuleoelvxabfmqiotta/SourcePackages/checkouts/GoogleUtilities
    builtin-copy -exclude .DS_Store -exclude CVS -exclude .svn -exclude .git -exclude .hg -resolve-src-symlinks /Users/buddhirajgautam/Library/Developer/Xcode/DerivedData/Telegram-Mac-fygdgghdgmuleoelvxabfmqiotta/Build/Intermediates.noindex/GoogleUtilities.build/Debug/GoogleUtilities-AppDelegateSwizzler-t.build/GoogleUtilities-AppDelegateSwizzler.modulemap /Users/buddhirajgautam/Library/Developer/Xcode/DerivedData/Telegram-Mac-fygdgghdgmuleoelvxabfmqiotta/Build/Intermediates.noindex/GeneratedModuleMaps

Copy /Users/buddhirajgautam/Library/Developer/Xcode/DerivedData/Telegram-Mac-fygdgghdgmuleoelvxabfmqiotta/Build/Intermediates.noindex/GeneratedModuleMaps/GoogleDataTransport.modulemap /Users/buddhirajgautam/Library/Developer/Xcode/DerivedData/Telegram-Mac-fygdgghdgmuleoelvxabfmqiotta/Build/Intermediates.noindex/GoogleDataTransport.build/Debug/GoogleDataTransport-t.build/GoogleDataTransport.modulemap (in target 'GoogleDataTransport' from project 'GoogleDataTransport')
    cd /Users/buddhirajgautam/Library/Developer/Xcode/DerivedData/Telegram-Mac-fygdgghdgmuleoelvxabfmqiotta/SourcePackages/checkouts/GoogleDataTransport
    builtin-copy -exclude .DS_Store -exclude CVS -exclude .svn -exclude .git -exclude .hg -resolve-src-symlinks /Users/buddhirajgautam/Library/Developer/Xcode/DerivedData/Telegram-Mac-fygdgghdgmuleoelvxabfmqiotta/Build/Intermediates.noindex/GoogleDataTransport.build/Debug/GoogleDataTransport-t.build/GoogleDataTransport.modulemap /Users/buddhirajgautam/Library/Developer/Xcode/DerivedData/Telegram-Mac-fygdgghdgmuleoelvxabfmqiotta/Build/Intermediates.noindex/GeneratedModuleMaps

Copy /Users/buddhirajgautam/Library/Developer/Xcode/DerivedData/Telegram-Mac-fygdgghdgmuleoelvxabfmqiotta/Build/Intermediates.noindex/GeneratedModuleMaps/GoogleAppMeasurementTarget.modulemap /Users/buddhirajgautam/Library/Developer/Xcode/DerivedData/Telegram-Mac-fygdgghdgmuleoelvxabfmqiotta/Build/Intermediates.noindex/GoogleAppMeasurement.build/Debug/GoogleAppMeasurementTarget-t.build/GoogleAppMeasurementTarget.modulemap (in target 'GoogleAppMeasurementTarget' from project 'GoogleAppMeasurement')
    cd /Users/buddhirajgautam/Library/Developer/Xcode/DerivedData/Telegram-Mac-fygdgghdgmuleoelvxabfmqiotta/SourcePackages/checkouts/GoogleAppMeasurement
    builtin-copy -exclude .DS_Store -exclude CVS -exclude .svn -exclude .git -exclude .hg -resolve-src-symlinks /Users/buddhirajgautam/Library/Developer/Xcode/DerivedData/Telegram-Mac-fygdgghdgmuleoelvxabfmqiotta/Build/Intermediates.noindex/GoogleAppMeasurement.build/Debug/GoogleAppMeasurementTarget-t.build/GoogleAppMeasurementTarget.modulemap /Users/buddhirajgautam/Library/Developer/Xcode/DerivedData/Telegram-Mac-fygdgghdgmuleoelvxabfmqiotta/Build/Intermediates.noindex/GeneratedModuleMaps

Copy /Users/buddhirajgautam/Library/Developer/Xcode/DerivedData/Telegram-Mac-fygdgghdgmuleoelvxabfmqiotta/Build/Intermediates.noindex/GeneratedModuleMaps/FlatSerialization.modulemap /Users/buddhirajgautam/Library/Developer/Xcode/DerivedData/Telegram-Mac-fygdgghdgmuleoelvxabfmqiotta/Build/Intermediates.noindex/FlatSerialization.build/Debug/FlatSerialization-t.build/FlatSerialization.modulemap (in target 'FlatSerialization' from project 'FlatSerialization')
    cd /Users/buddhirajgautam/Documents/Cherrygram-Mac/macOS-Swift/submodules/telegram-ios/submodules/TelegramCore/FlatSerialization
    builtin-copy -exclude .DS_Store -exclude CVS -exclude .svn -exclude .git -exclude .hg -resolve-src-symlinks /Users/buddhirajgautam/Library/Developer/Xcode/DerivedData/Telegram-Mac-fygdgghdgmuleoelvxabfmqiotta/Build/Intermediates.noindex/FlatSerialization.build/Debug/FlatSerialization-t.build/FlatSerialization.modulemap /Users/buddhirajgautam/Library/Developer/Xcode/DerivedData/Telegram-Mac-fygdgghdgmuleoelvxabfmqiotta/Build/Intermediates.noindex/GeneratedModuleMaps

Copy /Users/buddhirajgautam/Library/Developer/Xcode/DerivedData/Telegram-Mac-fygdgghdgmuleoelvxabfmqiotta/Build/Intermediates.noindex/GeneratedModuleMaps/FirebaseInstallations.modulemap /Users/buddhirajgautam/Library/Developer/Xcode/DerivedData/Telegram-Mac-fygdgghdgmuleoelvxabfmqiotta/Build/Intermediates.noindex/Firebase.build/Debug/FirebaseInstallations-t.build/FirebaseInstallations.modulemap (in target 'FirebaseInstallations' from project 'Firebase')
    cd /Users/buddhirajgautam/Library/Developer/Xcode/DerivedData/Telegram-Mac-fygdgghdgmuleoelvxabfmqiotta/SourcePackages/checkouts/firebase-ios-sdk
    builtin-copy -exclude .DS_Store -exclude CVS -exclude .svn -exclude .git -exclude .hg -resolve-src-symlinks /Users/buddhirajgautam/Library/Developer/Xcode/DerivedData/Telegram-Mac-fygdgghdgmuleoelvxabfmqiotta/Build/Intermediates.noindex/Firebase.build/Debug/FirebaseInstallations-t.build/FirebaseInstallations.modulemap /Users/buddhirajgautam/Library/Developer/Xcode/DerivedData/Telegram-Mac-fygdgghdgmuleoelvxabfmqiotta/Build/Intermediates.noindex/GeneratedModuleMaps

Copy /Users/buddhirajgautam/Library/Developer/Xcode/DerivedData/Telegram-Mac-fygdgghdgmuleoelvxabfmqiotta/Build/Intermediates.noindex/GeneratedModuleMaps/FirebaseCrashlytics.modulemap /Users/buddhirajgautam/Library/Developer/Xcode/DerivedData/Telegram-Mac-fygdgghdgmuleoelvxabfmqiotta/Build/Intermediates.noindex/Firebase.build/Debug/FirebaseCrashlytics-t.build/FirebaseCrashlytics.modulemap (in target 'FirebaseCrashlytics' from project 'Firebase')
    cd /Users/buddhirajgautam/Library/Developer/Xcode/DerivedData/Telegram-Mac-fygdgghdgmuleoelvxabfmqiotta/SourcePackages/checkouts/firebase-ios-sdk
    builtin-copy -exclude .DS_Store -exclude CVS -exclude .svn -exclude .git -exclude .hg -resolve-src-symlinks /Users/buddhirajgautam/Library/Developer/Xcode/DerivedData/Telegram-Mac-fygdgghdgmuleoelvxabfmqiotta/Build/Intermediates.noindex/Firebase.build/Debug/FirebaseCrashlytics-t.build/FirebaseCrashlytics.modulemap /Users/buddhirajgautam/Library/Developer/Xcode/DerivedData/Telegram-Mac-fygdgghdgmuleoelvxabfmqiotta/Build/Intermediates.noindex/GeneratedModuleMaps

Copy /Users/buddhirajgautam/Library/Developer/Xcode/DerivedData/Telegram-Mac-fygdgghdgmuleoelvxabfmqiotta/Build/Intermediates.noindex/GeneratedModuleMaps/FirebaseCoreInternal.modulemap /Users/buddhirajgautam/Library/Developer/Xcode/DerivedData/Telegram-Mac-fygdgghdgmuleoelvxabfmqiotta/Build/Intermediates.noindex/Firebase.build/Debug/FirebaseCoreInternal-t.build/FirebaseCoreInternal.modulemap (in target 'FirebaseCoreInternal' from project 'Firebase')
    cd /Users/buddhirajgautam/Library/Developer/Xcode/DerivedData/Telegram-Mac-fygdgghdgmuleoelvxabfmqiotta/SourcePackages/checkouts/firebase-ios-sdk
    builtin-copy -exclude .DS_Store -exclude CVS -exclude .svn -exclude .git -exclude .hg -resolve-src-symlinks /Users/buddhirajgautam/Library/Developer/Xcode/DerivedData/Telegram-Mac-fygdgghdgmuleoelvxabfmqiotta/Build/Intermediates.noindex/Firebase.build/Debug/FirebaseCoreInternal-t.build/FirebaseCoreInternal.modulemap /Users/buddhirajgautam/Library/Developer/Xcode/DerivedData/Telegram-Mac-fygdgghdgmuleoelvxabfmqiotta/Build/Intermediates.noindex/GeneratedModuleMaps

Copy /Users/buddhirajgautam/Library/Developer/Xcode/DerivedData/Telegram-Mac-fygdgghdgmuleoelvxabfmqiotta/Build/Intermediates.noindex/GeneratedModuleMaps/FirebaseCore.modulemap /Users/buddhirajgautam/Library/Developer/Xcode/DerivedData/Telegram-Mac-fygdgghdgmuleoelvxabfmqiotta/Build/Intermediates.noindex/Firebase.build/Debug/FirebaseCore-t.build/FirebaseCore.modulemap (in target 'FirebaseCore' from project 'Firebase')
    cd /Users/buddhirajgautam/Library/Developer/Xcode/DerivedData/Telegram-Mac-fygdgghdgmuleoelvxabfmqiotta/SourcePackages/checkouts/firebase-ios-sdk
    builtin-copy -exclude .DS_Store -exclude CVS -exclude .svn -exclude .git -exclude .hg -resolve-src-symlinks /Users/buddhirajgautam/Library/Developer/Xcode/DerivedData/Telegram-Mac-fygdgghdgmuleoelvxabfmqiotta/Build/Intermediates.noindex/Firebase.build/Debug/FirebaseCore-t.build/FirebaseCore.modulemap /Users/buddhirajgautam/Library/Developer/Xcode/DerivedData/Telegram-Mac-fygdgghdgmuleoelvxabfmqiotta/Build/Intermediates.noindex/GeneratedModuleMaps

Copy /Users/buddhirajgautam/Library/Developer/Xcode/DerivedData/Telegram-Mac-fygdgghdgmuleoelvxabfmqiotta/Build/Intermediates.noindex/GeneratedModuleMaps/FirebaseAnalyticsWrapper.modulemap /Users/buddhirajgautam/Library/Developer/Xcode/DerivedData/Telegram-Mac-fygdgghdgmuleoelvxabfmqiotta/Build/Intermediates.noindex/Firebase.build/Debug/FirebaseAnalyticsWrapper-t.build/FirebaseAnalyticsWrapper.modulemap (in target 'FirebaseAnalyticsWrapper' from project 'Firebase')
    cd /Users/buddhirajgautam/Library/Developer/Xcode/DerivedData/Telegram-Mac-fygdgghdgmuleoelvxabfmqiotta/SourcePackages/checkouts/firebase-ios-sdk
    builtin-copy -exclude .DS_Store -exclude CVS -exclude .svn -exclude .git -exclude .hg -resolve-src-symlinks /Users/buddhirajgautam/Library/Developer/Xcode/DerivedData/Telegram-Mac-fygdgghdgmuleoelvxabfmqiotta/Build/Intermediates.noindex/Firebase.build/Debug/FirebaseAnalyticsWrapper-t.build/FirebaseAnalyticsWrapper.modulemap /Users/buddhirajgautam/Library/Developer/Xcode/DerivedData/Telegram-Mac-fygdgghdgmuleoelvxabfmqiotta/Build/Intermediates.noindex/GeneratedModuleMaps

Copy /Users/buddhirajgautam/Library/Developer/Xcode/DerivedData/Telegram-Mac-fygdgghdgmuleoelvxabfmqiotta/Build/Intermediates.noindex/GeneratedModuleMaps/FirebaseAnalyticsTarget.modulemap /Users/buddhirajgautam/Library/Developer/Xcode/DerivedData/Telegram-Mac-fygdgghdgmuleoelvxabfmqiotta/Build/Intermediates.noindex/Firebase.build/Debug/FirebaseAnalyticsTarget-t.build/FirebaseAnalyticsTarget.modulemap (in target 'FirebaseAnalyticsTarget' from project 'Firebase')
    cd /Users/buddhirajgautam/Library/Developer/Xcode/DerivedData/Telegram-Mac-fygdgghdgmuleoelvxabfmqiotta/SourcePackages/checkouts/firebase-ios-sdk
    builtin-copy -exclude .DS_Store -exclude CVS -exclude .svn -exclude .git -exclude .hg -resolve-src-symlinks /Users/buddhirajgautam/Library/Developer/Xcode/DerivedData/Telegram-Mac-fygdgghdgmuleoelvxabfmqiotta/Build/Intermediates.noindex/Firebase.build/Debug/FirebaseAnalyticsTarget-t.build/FirebaseAnalyticsTarget.modulemap /Users/buddhirajgautam/Library/Developer/Xcode/DerivedData/Telegram-Mac-fygdgghdgmuleoelvxabfmqiotta/Build/Intermediates.noindex/GeneratedModuleMaps

Copy /Users/buddhirajgautam/Library/Developer/Xcode/DerivedData/Telegram-Mac-fygdgghdgmuleoelvxabfmqiotta/Build/Intermediates.noindex/GeneratedModuleMaps/FetchManager.modulemap /Users/buddhirajgautam/Library/Developer/Xcode/DerivedData/Telegram-Mac-fygdgghdgmuleoelvxabfmqiotta/Build/Intermediates.noindex/FetchManager.build/Debug/FetchManager-t.build/FetchManager.modulemap (in target 'FetchManager' from project 'FetchManager')
    cd /Users/buddhirajgautam/Documents/Cherrygram-Mac/macOS-Swift/packages/FetchManager
    builtin-copy -exclude .DS_Store -exclude CVS -exclude .svn -exclude .git -exclude .hg -resolve-src-symlinks /Users/buddhirajgautam/Library/Developer/Xcode/DerivedData/Telegram-Mac-fygdgghdgmuleoelvxabfmqiotta/Build/Intermediates.noindex/FetchManager.build/Debug/FetchManager-t.build/FetchManager.modulemap /Users/buddhirajgautam/Library/Developer/Xcode/DerivedData/Telegram-Mac-fygdgghdgmuleoelvxabfmqiotta/Build/Intermediates.noindex/GeneratedModuleMaps

Copy /Users/buddhirajgautam/Library/Developer/Xcode/DerivedData/Telegram-Mac-fygdgghdgmuleoelvxabfmqiotta/Build/Intermediates.noindex/GeneratedModuleMaps/DustLayer.modulemap /Users/buddhirajgautam/Library/Developer/Xcode/DerivedData/Telegram-Mac-fygdgghdgmuleoelvxabfmqiotta/Build/Intermediates.noindex/DustLayer.build/Debug/DustLayer-t.build/DustLayer.modulemap (in target 'DustLayer' from project 'DustLayer')
    cd /Users/buddhirajgautam/Documents/Cherrygram-Mac/macOS-Swift/packages/DustLayer
    builtin-copy -exclude .DS_Store -exclude CVS -exclude .svn -exclude .git -exclude .hg -resolve-src-symlinks /Users/buddhirajgautam/Library/Developer/Xcode/DerivedData/Telegram-Mac-fygdgghdgmuleoelvxabfmqiotta/Build/Intermediates.noindex/DustLayer.build/Debug/DustLayer-t.build/DustLayer.modulemap /Users/buddhirajgautam/Library/Developer/Xcode/DerivedData/Telegram-Mac-fygdgghdgmuleoelvxabfmqiotta/Build/Intermediates.noindex/GeneratedModuleMaps

Copy /Users/buddhirajgautam/Library/Developer/Xcode/DerivedData/Telegram-Mac-fygdgghdgmuleoelvxabfmqiotta/Build/Intermediates.noindex/GeneratedModuleMaps/Dock.modulemap /Users/buddhirajgautam/Library/Developer/Xcode/DerivedData/Telegram-Mac-fygdgghdgmuleoelvxabfmqiotta/Build/Intermediates.noindex/Dock.build/Debug/Dock-t.build/Dock.modulemap (in target 'Dock' from project 'Dock')
    cd /Users/buddhirajgautam/Documents/Cherrygram-Mac/macOS-Swift/packages/Dock
    builtin-copy -exclude .DS_Store -exclude CVS -exclude .svn -exclude .git -exclude .hg -resolve-src-symlinks /Users/buddhirajgautam/Library/Developer/Xcode/DerivedData/Telegram-Mac-fygdgghdgmuleoelvxabfmqiotta/Build/Intermediates.noindex/Dock.build/Debug/Dock-t.build/Dock.modulemap /Users/buddhirajgautam/Library/Developer/Xcode/DerivedData/Telegram-Mac-fygdgghdgmuleoelvxabfmqiotta/Build/Intermediates.noindex/GeneratedModuleMaps

Copy /Users/buddhirajgautam/Library/Developer/Xcode/DerivedData/Telegram-Mac-fygdgghdgmuleoelvxabfmqiotta/Build/Intermediates.noindex/GeneratedModuleMaps/Colors.modulemap /Users/buddhirajgautam/Library/Developer/Xcode/DerivedData/Telegram-Mac-fygdgghdgmuleoelvxabfmqiotta/Build/Intermediates.noindex/Colors.build/Debug/Colors-t.build/Colors.modulemap (in target 'Colors' from project 'Colors')
    cd /Users/buddhirajgautam/Documents/Cherrygram-Mac/macOS-Swift/packages/Colors
    builtin-copy -exclude .DS_Store -exclude CVS -exclude .svn -exclude .git -exclude .hg -resolve-src-symlinks /Users/buddhirajgautam/Library/Developer/Xcode/DerivedData/Telegram-Mac-fygdgghdgmuleoelvxabfmqiotta/Build/Intermediates.noindex/Colors.build/Debug/Colors-t.build/Colors.modulemap /Users/buddhirajgautam/Library/Developer/Xcode/DerivedData/Telegram-Mac-fygdgghdgmuleoelvxabfmqiotta/Build/Intermediates.noindex/GeneratedModuleMaps

Copy /Users/buddhirajgautam/Library/Developer/Xcode/DerivedData/Telegram-Mac-fygdgghdgmuleoelvxabfmqiotta/Build/Intermediates.noindex/GeneratedModuleMaps/ColorPalette.modulemap /Users/buddhirajgautam/Library/Developer/Xcode/DerivedData/Telegram-Mac-fygdgghdgmuleoelvxabfmqiotta/Build/Intermediates.noindex/ColorPalette.build/Debug/ColorPalette-t.build/ColorPalette.modulemap (in target 'ColorPalette' from project 'ColorPalette')
    cd /Users/buddhirajgautam/Documents/Cherrygram-Mac/macOS-Swift/packages/ColorPalette
    builtin-copy -exclude .DS_Store -exclude CVS -exclude .svn -exclude .git -exclude .hg -resolve-src-symlinks /Users/buddhirajgautam/Library/Developer/Xcode/DerivedData/Telegram-Mac-fygdgghdgmuleoelvxabfmqiotta/Build/Intermediates.noindex/ColorPalette.build/Debug/ColorPalette-t.build/ColorPalette.modulemap /Users/buddhirajgautam/Library/Developer/Xcode/DerivedData/Telegram-Mac-fygdgghdgmuleoelvxabfmqiotta/Build/Intermediates.noindex/GeneratedModuleMaps

Copy /Users/buddhirajgautam/Library/Developer/Xcode/DerivedData/Telegram-Mac-fygdgghdgmuleoelvxabfmqiotta/Build/Intermediates.noindex/GeneratedModuleMaps/CallVideoLayer.modulemap /Users/buddhirajgautam/Library/Developer/Xcode/DerivedData/Telegram-Mac-fygdgghdgmuleoelvxabfmqiotta/Build/Intermediates.noindex/CallVideoLayer.build/Debug/CallVideoLayer-t.build/CallVideoLayer.modulemap (in target 'CallVideoLayer' from project 'CallVideoLayer')
    cd /Users/buddhirajgautam/Documents/Cherrygram-Mac/macOS-Swift/packages/CallVideoLayer
    builtin-copy -exclude .DS_Store -exclude CVS -exclude .svn -exclude .git -exclude .hg -resolve-src-symlinks /Users/buddhirajgautam/Library/Developer/Xcode/DerivedData/Telegram-Mac-fygdgghdgmuleoelvxabfmqiotta/Build/Intermediates.noindex/CallVideoLayer.build/Debug/CallVideoLayer-t.build/CallVideoLayer.modulemap /Users/buddhirajgautam/Library/Developer/Xcode/DerivedData/Telegram-Mac-fygdgghdgmuleoelvxabfmqiotta/Build/Intermediates.noindex/GeneratedModuleMaps

Copy /Users/buddhirajgautam/Library/Developer/Xcode/DerivedData/Telegram-Mac-fygdgghdgmuleoelvxabfmqiotta/Build/Intermediates.noindex/GeneratedModuleMaps/BuildConfig.modulemap /Users/buddhirajgautam/Library/Developer/Xcode/DerivedData/Telegram-Mac-fygdgghdgmuleoelvxabfmqiotta/Build/Intermediates.noindex/BuildConfig.build/Debug/BuildConfig-t.build/BuildConfig.modulemap (in target 'BuildConfig' from project 'BuildConfig')
    cd /Users/buddhirajgautam/Documents/Cherrygram-Mac/macOS-Swift/submodules/BuildConfig
    builtin-copy -exclude .DS_Store -exclude CVS -exclude .svn -exclude .git -exclude .hg -resolve-src-symlinks /Users/buddhirajgautam/Library/Developer/Xcode/DerivedData/Telegram-Mac-fygdgghdgmuleoelvxabfmqiotta/Build/Intermediates.noindex/BuildConfig.build/Debug/BuildConfig-t.build/BuildConfig.modulemap /Users/buddhirajgautam/Library/Developer/Xcode/DerivedData/Telegram-Mac-fygdgghdgmuleoelvxabfmqiotta/Build/Intermediates.noindex/GeneratedModuleMaps

Copy /Users/buddhirajgautam/Library/Developer/Xcode/DerivedData/Telegram-Mac-fygdgghdgmuleoelvxabfmqiotta/Build/Intermediates.noindex/GeneratedModuleMaps/third-party-IsAppEncrypted.modulemap /Users/buddhirajgautam/Library/Developer/Xcode/DerivedData/Telegram-Mac-fygdgghdgmuleoelvxabfmqiotta/Build/Intermediates.noindex/GoogleUtilities.build/Debug/third-party-IsAppEncrypted-t.build/third-party-IsAppEncrypted.modulemap (in target 'third-party-IsAppEncrypted' from project 'GoogleUtilities')
    cd /Users/buddhirajgautam/Library/Developer/Xcode/DerivedData/Telegram-Mac-fygdgghdgmuleoelvxabfmqiotta/SourcePackages/checkouts/GoogleUtilities
    builtin-copy -exclude .DS_Store -exclude CVS -exclude .svn -exclude .git -exclude .hg -resolve-src-symlinks /Users/buddhirajgautam/Library/Developer/Xcode/DerivedData/Telegram-Mac-fygdgghdgmuleoelvxabfmqiotta/Build/Intermediates.noindex/GoogleUtilities.build/Debug/third-party-IsAppEncrypted-t.build/third-party-IsAppEncrypted.modulemap /Users/buddhirajgautam/Library/Developer/Xcode/DerivedData/Telegram-Mac-fygdgghdgmuleoelvxabfmqiotta/Build/Intermediates.noindex/GeneratedModuleMaps

Copy /Users/buddhirajgautam/Library/Developer/Xcode/DerivedData/Telegram-Mac-fygdgghdgmuleoelvxabfmqiotta/Build/Intermediates.noindex/GeneratedModuleMaps/sqlcipher.modulemap /Users/buddhirajgautam/Library/Developer/Xcode/DerivedData/Telegram-Mac-fygdgghdgmuleoelvxabfmqiotta/Build/Intermediates.noindex/sqlcipher.build/Debug/sqlcipher-t.build/sqlcipher.modulemap (in target 'sqlcipher' from project 'sqlcipher')
    cd /Users/buddhirajgautam/Documents/Cherrygram-Mac/macOS-Swift/submodules/telegram-ios/submodules/sqlcipher
    builtin-copy -exclude .DS_Store -exclude CVS -exclude .svn -exclude .git -exclude .hg -resolve-src-symlinks /Users/buddhirajgautam/Library/Developer/Xcode/DerivedData/Telegram-Mac-fygdgghdgmuleoelvxabfmqiotta/Build/Intermediates.noindex/sqlcipher.build/Debug/sqlcipher-t.build/sqlcipher.modulemap /Users/buddhirajgautam/Library/Developer/Xcode/DerivedData/Telegram-Mac-fygdgghdgmuleoelvxabfmqiotta/Build/Intermediates.noindex/GeneratedModuleMaps

Copy /Users/buddhirajgautam/Library/Developer/Xcode/DerivedData/Telegram-Mac-fygdgghdgmuleoelvxabfmqiotta/Build/Intermediates.noindex/GeneratedModuleMaps/nanopb.modulemap /Users/buddhirajgautam/Library/Developer/Xcode/DerivedData/Telegram-Mac-fygdgghdgmuleoelvxabfmqiotta/Build/Intermediates.noindex/nanopb.build/Debug/nanopb-t.build/nanopb.modulemap (in target 'nanopb' from project 'nanopb')
    cd /Users/buddhirajgautam/Library/Developer/Xcode/DerivedData/Telegram-Mac-fygdgghdgmuleoelvxabfmqiotta/SourcePackages/checkouts/nanopb
    builtin-copy -exclude .DS_Store -exclude CVS -exclude .svn -exclude .git -exclude .hg -resolve-src-symlinks /Users/buddhirajgautam/Library/Developer/Xcode/DerivedData/Telegram-Mac-fygdgghdgmuleoelvxabfmqiotta/Build/Intermediates.noindex/nanopb.build/Debug/nanopb-t.build/nanopb.modulemap /Users/buddhirajgautam/Library/Developer/Xcode/DerivedData/Telegram-Mac-fygdgghdgmuleoelvxabfmqiotta/Build/Intermediates.noindex/GeneratedModuleMaps

Copy /Users/buddhirajgautam/Library/Developer/Xcode/DerivedData/Telegram-Mac-fygdgghdgmuleoelvxabfmqiotta/Build/Intermediates.noindex/GeneratedModuleMaps/rnoise.modulemap /Users/buddhirajgautam/Library/Developer/Xcode/DerivedData/Telegram-Mac-fygdgghdgmuleoelvxabfmqiotta/Build/Intermediates.noindex/rnoise.build/Debug/rnoise-t.build/rnoise.modulemap (in target 'rnoise' from project 'rnoise')
    cd /Users/buddhirajgautam/Documents/Cherrygram-Mac/macOS-Swift/submodules/telegram-ios/third-party/rnnoise
    builtin-copy -exclude .DS_Store -exclude CVS -exclude .svn -exclude .git -exclude .hg -resolve-src-symlinks /Users/buddhirajgautam/Library/Developer/Xcode/DerivedData/Telegram-Mac-fygdgghdgmuleoelvxabfmqiotta/Build/Intermediates.noindex/rnoise.build/Debug/rnoise-t.build/rnoise.modulemap /Users/buddhirajgautam/Library/Developer/Xcode/DerivedData/Telegram-Mac-fygdgghdgmuleoelvxabfmqiotta/Build/Intermediates.noindex/GeneratedModuleMaps

Copy /Users/buddhirajgautam/Library/Developer/Xcode/DerivedData/Telegram-Mac-fygdgghdgmuleoelvxabfmqiotta/Build/Intermediates.noindex/GeneratedModuleMaps/minizip.modulemap /Users/buddhirajgautam/Library/Developer/Xcode/DerivedData/Telegram-Mac-fygdgghdgmuleoelvxabfmqiotta/Build/Intermediates.noindex/minizip.build/Debug/minizip-t.build/minizip.modulemap (in target 'minizip' from project 'minizip')
    cd /Users/buddhirajgautam/Documents/Cherrygram-Mac/macOS-Swift/submodules/minizip
    builtin-copy -exclude .DS_Store -exclude CVS -exclude .svn -exclude .git -exclude .hg -resolve-src-symlinks /Users/buddhirajgautam/Library/Developer/Xcode/DerivedData/Telegram-Mac-fygdgghdgmuleoelvxabfmqiotta/Build/Intermediates.noindex/minizip.build/Debug/minizip-t.build/minizip.modulemap /Users/buddhirajgautam/Library/Developer/Xcode/DerivedData/Telegram-Mac-fygdgghdgmuleoelvxabfmqiotta/Build/Intermediates.noindex/GeneratedModuleMaps

Copy /Users/buddhirajgautam/Library/Developer/Xcode/DerivedData/Telegram-Mac-fygdgghdgmuleoelvxabfmqiotta/Build/Intermediates.noindex/GeneratedModuleMaps/libwebp.modulemap /Users/buddhirajgautam/Library/Developer/Xcode/DerivedData/Telegram-Mac-fygdgghdgmuleoelvxabfmqiotta/Build/Intermediates.noindex/libwebp.build/Debug/libwebp-t.build/libwebp.modulemap (in target 'libwebp' from project 'libwebp')
    cd /Users/buddhirajgautam/Documents/Cherrygram-Mac/macOS-Swift/submodules/libwebp
    builtin-copy -exclude .DS_Store -exclude CVS -exclude .svn -exclude .git -exclude .hg -resolve-src-symlinks /Users/buddhirajgautam/Library/Developer/Xcode/DerivedData/Telegram-Mac-fygdgghdgmuleoelvxabfmqiotta/Build/Intermediates.noindex/libwebp.build/Debug/libwebp-t.build/libwebp.modulemap /Users/buddhirajgautam/Library/Developer/Xcode/DerivedData/Telegram-Mac-fygdgghdgmuleoelvxabfmqiotta/Build/Intermediates.noindex/GeneratedModuleMaps

Copy /Users/buddhirajgautam/Library/Developer/Xcode/DerivedData/Telegram-Mac-fygdgghdgmuleoelvxabfmqiotta/Build/Intermediates.noindex/GeneratedModuleMaps/libphonenumber.modulemap /Users/buddhirajgautam/Library/Developer/Xcode/DerivedData/Telegram-Mac-fygdgghdgmuleoelvxabfmqiotta/Build/Intermediates.noindex/libphonenumber.build/Debug/libphonenumber-t.build/libphonenumber.modulemap (in target 'libphonenumber' from project 'libphonenumber')
    cd /Users/buddhirajgautam/Documents/Cherrygram-Mac/macOS-Swift/submodules/telegram-ios/submodules/libphonenumber
    builtin-copy -exclude .DS_Store -exclude CVS -exclude .svn -exclude .git -exclude .hg -resolve-src-symlinks /Users/buddhirajgautam/Library/Developer/Xcode/DerivedData/Telegram-Mac-fygdgghdgmuleoelvxabfmqiotta/Build/Intermediates.noindex/libphonenumber.build/Debug/libphonenumber-t.build/libphonenumber.modulemap /Users/buddhirajgautam/Library/Developer/Xcode/DerivedData/Telegram-Mac-fygdgghdgmuleoelvxabfmqiotta/Build/Intermediates.noindex/GeneratedModuleMaps

Copy /Users/buddhirajgautam/Library/Developer/Xcode/DerivedData/Telegram-Mac-fygdgghdgmuleoelvxabfmqiotta/Build/Intermediates.noindex/GeneratedModuleMaps/YuvConversion.modulemap /Users/buddhirajgautam/Library/Developer/Xcode/DerivedData/Telegram-Mac-fygdgghdgmuleoelvxabfmqiotta/Build/Intermediates.noindex/YuvConversion.build/Debug/YuvConversion-t.build/YuvConversion.modulemap (in target 'YuvConversion' from project 'YuvConversion')
    cd /Users/buddhirajgautam/Documents/Cherrygram-Mac/macOS-Swift/submodules/telegram-ios/submodules/YuvConversion
    builtin-copy -exclude .DS_Store -exclude CVS -exclude .svn -exclude .git -exclude .hg -resolve-src-symlinks /Users/buddhirajgautam/Library/Developer/Xcode/DerivedData/Telegram-Mac-fygdgghdgmuleoelvxabfmqiotta/Build/Intermediates.noindex/YuvConversion.build/Debug/YuvConversion-t.build/YuvConversion.modulemap /Users/buddhirajgautam/Library/Developer/Xcode/DerivedData/Telegram-Mac-fygdgghdgmuleoelvxabfmqiotta/Build/Intermediates.noindex/GeneratedModuleMaps

Copy /Users/buddhirajgautam/Library/Developer/Xcode/DerivedData/Telegram-Mac-fygdgghdgmuleoelvxabfmqiotta/Build/Intermediates.noindex/GeneratedModuleMaps/TgVoipWebrtc.modulemap /Users/buddhirajgautam/Library/Developer/Xcode/DerivedData/Telegram-Mac-fygdgghdgmuleoelvxabfmqiotta/Build/Intermediates.noindex/TgVoipWebrtc.build/Debug/TgVoipWebrtc-t.build/TgVoipWebrtc.modulemap (in target 'TgVoipWebrtc' from project 'TgVoipWebrtc')
    cd /Users/buddhirajgautam/Documents/Cherrygram-Mac/macOS-Swift/submodules/tgcalls
    builtin-copy -exclude .DS_Store -exclude CVS -exclude .svn -exclude .git -exclude .hg -resolve-src-symlinks /Users/buddhirajgautam/Library/Developer/Xcode/DerivedData/Telegram-Mac-fygdgghdgmuleoelvxabfmqiotta/Build/Intermediates.noindex/TgVoipWebrtc.build/Debug/TgVoipWebrtc-t.build/TgVoipWebrtc.modulemap /Users/buddhirajgautam/Library/Developer/Xcode/DerivedData/Telegram-Mac-fygdgghdgmuleoelvxabfmqiotta/Build/Intermediates.noindex/GeneratedModuleMaps

Copy /Users/buddhirajgautam/Library/Developer/Xcode/DerivedData/Telegram-Mac-fygdgghdgmuleoelvxabfmqiotta/Build/Intermediates.noindex/GeneratedModuleMaps/TelegramSystem.modulemap /Users/buddhirajgautam/Library/Developer/Xcode/DerivedData/Telegram-Mac-fygdgghdgmuleoelvxabfmqiotta/Build/Intermediates.noindex/TelegramSystem.build/Debug/TelegramSystem-t.build/TelegramSystem.modulemap (in target 'TelegramSystem' from project 'TelegramSystem')
    cd /Users/buddhirajgautam/Documents/Cherrygram-Mac/macOS-Swift/packages/TelegramSystem
    builtin-copy -exclude .DS_Store -exclude CVS -exclude .svn -exclude .git -exclude .hg -resolve-src-symlinks /Users/buddhirajgautam/Library/Developer/Xcode/DerivedData/Telegram-Mac-fygdgghdgmuleoelvxabfmqiotta/Build/Intermediates.noindex/TelegramSystem.build/Debug/TelegramSystem-t.build/TelegramSystem.modulemap /Users/buddhirajgautam/Library/Developer/Xcode/DerivedData/Telegram-Mac-fygdgghdgmuleoelvxabfmqiotta/Build/Intermediates.noindex/GeneratedModuleMaps

Copy /Users/buddhirajgautam/Library/Developer/Xcode/DerivedData/Telegram-Mac-fygdgghdgmuleoelvxabfmqiotta/Build/Intermediates.noindex/GeneratedModuleMaps/TelegramApi.modulemap /Users/buddhirajgautam/Library/Developer/Xcode/DerivedData/Telegram-Mac-fygdgghdgmuleoelvxabfmqiotta/Build/Intermediates.noindex/TelegramApi.build/Debug/TelegramApi-t.build/TelegramApi.modulemap (in target 'TelegramApi' from project 'TelegramApi')
    cd /Users/buddhirajgautam/Documents/Cherrygram-Mac/macOS-Swift/submodules/telegram-ios/submodules/TelegramApi
    builtin-copy -exclude .DS_Store -exclude CVS -exclude .svn -exclude .git -exclude .hg -resolve-src-symlinks /Users/buddhirajgautam/Library/Developer/Xcode/DerivedData/Telegram-Mac-fygdgghdgmuleoelvxabfmqiotta/Build/Intermediates.noindex/TelegramApi.build/Debug/TelegramApi-t.build/TelegramApi.modulemap /Users/buddhirajgautam/Library/Developer/Xcode/DerivedData/Telegram-Mac-fygdgghdgmuleoelvxabfmqiotta/Build/Intermediates.noindex/GeneratedModuleMaps

Copy /Users/buddhirajgautam/Library/Developer/Xcode/DerivedData/Telegram-Mac-fygdgghdgmuleoelvxabfmqiotta/Build/Intermediates.noindex/GeneratedModuleMaps/TdBinding.modulemap /Users/buddhirajgautam/Library/Developer/Xcode/DerivedData/Telegram-Mac-fygdgghdgmuleoelvxabfmqiotta/Build/Intermediates.noindex/TdBinding.build/Debug/TdBinding-t.build/TdBinding.modulemap (in target 'TdBinding' from project 'TdBinding')
    cd /Users/buddhirajgautam/Documents/Cherrygram-Mac/macOS-Swift/submodules/telegram-ios/third-party/td/TdBinding
    builtin-copy -exclude .DS_Store -exclude CVS -exclude .svn -exclude .git -exclude .hg -resolve-src-symlinks /Users/buddhirajgautam/Library/Developer/Xcode/DerivedData/Telegram-Mac-fygdgghdgmuleoelvxabfmqiotta/Build/Intermediates.noindex/TdBinding.build/Debug/TdBinding-t.build/TdBinding.modulemap /Users/buddhirajgautam/Library/Developer/Xcode/DerivedData/Telegram-Mac-fygdgghdgmuleoelvxabfmqiotta/Build/Intermediates.noindex/GeneratedModuleMaps

Copy /Users/buddhirajgautam/Library/Developer/Xcode/DerivedData/Telegram-Mac-fygdgghdgmuleoelvxabfmqiotta/Build/Intermediates.noindex/GeneratedModuleMaps/TGVideoCameraMovie.modulemap /Users/buddhirajgautam/Library/Developer/Xcode/DerivedData/Telegram-Mac-fygdgghdgmuleoelvxabfmqiotta/Build/Intermediates.noindex/TGVideoCameraMovie.build/Debug/TGVideoCameraMovie-t.build/TGVideoCameraMovie.modulemap (in target 'TGVideoCameraMovie' from project 'TGVideoCameraMovie')
    cd /Users/buddhirajgautam/Documents/Cherrygram-Mac/macOS-Swift/packages/TGVideoCameraMovie
    builtin-copy -exclude .DS_Store -exclude CVS -exclude .svn -exclude .git -exclude .hg -resolve-src-symlinks /Users/buddhirajgautam/Library/Developer/Xcode/DerivedData/Telegram-Mac-fygdgghdgmuleoelvxabfmqiotta/Build/Intermediates.noindex/TGVideoCameraMovie.build/Debug/TGVideoCameraMovie-t.build/TGVideoCameraMovie.modulemap /Users/buddhirajgautam/Library/Developer/Xcode/DerivedData/Telegram-Mac-fygdgghdgmuleoelvxabfmqiotta/Build/Intermediates.noindex/GeneratedModuleMaps

Copy /Users/buddhirajgautam/Library/Developer/Xcode/DerivedData/Telegram-Mac-fygdgghdgmuleoelvxabfmqiotta/Build/Intermediates.noindex/GeneratedModuleMaps/TGPassportMRZ.modulemap /Users/buddhirajgautam/Library/Developer/Xcode/DerivedData/Telegram-Mac-fygdgghdgmuleoelvxabfmqiotta/Build/Intermediates.noindex/TGPassportMRZ.build/Debug/TGPassportMRZ-t.build/TGPassportMRZ.modulemap (in target 'TGPassportMRZ' from project 'TGPassportMRZ')
    cd /Users/buddhirajgautam/Documents/Cherrygram-Mac/macOS-Swift/packages/TGPassportMRZ
    builtin-copy -exclude .DS_Store -exclude CVS -exclude .svn -exclude .git -exclude .hg -resolve-src-symlinks /Users/buddhirajgautam/Library/Developer/Xcode/DerivedData/Telegram-Mac-fygdgghdgmuleoelvxabfmqiotta/Build/Intermediates.noindex/TGPassportMRZ.build/Debug/TGPassportMRZ-t.build/TGPassportMRZ.modulemap /Users/buddhirajgautam/Library/Developer/Xcode/DerivedData/Telegram-Mac-fygdgghdgmuleoelvxabfmqiotta/Build/Intermediates.noindex/GeneratedModuleMaps

Copy /Users/buddhirajgautam/Library/Developer/Xcode/DerivedData/Telegram-Mac-fygdgghdgmuleoelvxabfmqiotta/Build/Intermediates.noindex/GeneratedModuleMaps/TGModernGrowingTextView.modulemap /Users/buddhirajgautam/Library/Developer/Xcode/DerivedData/Telegram-Mac-fygdgghdgmuleoelvxabfmqiotta/Build/Intermediates.noindex/TGModernGrowingTextView.build/Debug/TGModernGrowingTextView-t.build/TGModernGrowingTextView.modulemap (in target 'TGModernGrowingTextView' from project 'TGModernGrowingTextView')
    cd /Users/buddhirajgautam/Documents/Cherrygram-Mac/macOS-Swift/packages/TGModernGrowingTextView
    builtin-copy -exclude .DS_Store -exclude CVS -exclude .svn -exclude .git -exclude .hg -resolve-src-symlinks /Users/buddhirajgautam/Library/Developer/Xcode/DerivedData/Telegram-Mac-fygdgghdgmuleoelvxabfmqiotta/Build/Intermediates.noindex/TGModernGrowingTextView.build/Debug/TGModernGrowingTextView-t.build/TGModernGrowingTextView.modulemap /Users/buddhirajgautam/Library/Developer/Xcode/DerivedData/Telegram-Mac-fygdgghdgmuleoelvxabfmqiotta/Build/Intermediates.noindex/GeneratedModuleMaps

Copy /Users/buddhirajgautam/Library/Developer/Xcode/DerivedData/Telegram-Mac-fygdgghdgmuleoelvxabfmqiotta/Build/Intermediates.noindex/GeneratedModuleMaps/TGGifConverter.modulemap /Users/buddhirajgautam/Library/Developer/Xcode/DerivedData/Telegram-Mac-fygdgghdgmuleoelvxabfmqiotta/Build/Intermediates.noindex/TGGifConverter.build/Debug/TGGifConverter-t.build/TGGifConverter.modulemap (in target 'TGGifConverter' from project 'TGGifConverter')
    cd /Users/buddhirajgautam/Documents/Cherrygram-Mac/macOS-Swift/packages/TGGifConverter
    builtin-copy -exclude .DS_Store -exclude CVS -exclude .svn -exclude .git -exclude .hg -resolve-src-symlinks /Users/buddhirajgautam/Library/Developer/Xcode/DerivedData/Telegram-Mac-fygdgghdgmuleoelvxabfmqiotta/Build/Intermediates.noindex/TGGifConverter.build/Debug/TGGifConverter-t.build/TGGifConverter.modulemap /Users/buddhirajgautam/Library/Developer/Xcode/DerivedData/Telegram-Mac-fygdgghdgmuleoelvxabfmqiotta/Build/Intermediates.noindex/GeneratedModuleMaps

Copy /Users/buddhirajgautam/Library/Developer/Xcode/DerivedData/Telegram-Mac-fygdgghdgmuleoelvxabfmqiotta/Build/Intermediates.noindex/GeneratedModuleMaps/TGCurrencyFormatter.modulemap /Users/buddhirajgautam/Library/Developer/Xcode/DerivedData/Telegram-Mac-fygdgghdgmuleoelvxabfmqiotta/Build/Intermediates.noindex/TGCurrencyFormatter.build/Debug/TGCurrencyFormatter-t.build/TGCurrencyFormatter.modulemap (in target 'TGCurrencyFormatter' from project 'TGCurrencyFormatter')
    cd /Users/buddhirajgautam/Documents/Cherrygram-Mac/macOS-Swift/packages/TGCurrencyFormatter
    builtin-copy -exclude .DS_Store -exclude CVS -exclude .svn -exclude .git -exclude .hg -resolve-src-symlinks /Users/buddhirajgautam/Library/Developer/Xcode/DerivedData/Telegram-Mac-fygdgghdgmuleoelvxabfmqiotta/Build/Intermediates.noindex/TGCurrencyFormatter.build/Debug/TGCurrencyFormatter-t.build/TGCurrencyFormatter.modulemap /Users/buddhirajgautam/Library/Developer/Xcode/DerivedData/Telegram-Mac-fygdgghdgmuleoelvxabfmqiotta/Build/Intermediates.noindex/GeneratedModuleMaps

Copy /Users/buddhirajgautam/Library/Developer/Xcode/DerivedData/Telegram-Mac-fygdgghdgmuleoelvxabfmqiotta/Build/Intermediates.noindex/GeneratedModuleMaps/SwiftSignalKit.modulemap /Users/buddhirajgautam/Library/Developer/Xcode/DerivedData/Telegram-Mac-fygdgghdgmuleoelvxabfmqiotta/Build/Intermediates.noindex/SSignalKit.build/Debug/SwiftSignalKit-t.build/SwiftSignalKit.modulemap (in target 'SwiftSignalKit' from project 'SSignalKit')
    cd /Users/buddhirajgautam/Documents/Cherrygram-Mac/macOS-Swift/submodules/telegram-ios/submodules/SSignalKit
    builtin-copy -exclude .DS_Store -exclude CVS -exclude .svn -exclude .git -exclude .hg -resolve-src-symlinks /Users/buddhirajgautam/Library/Developer/Xcode/DerivedData/Telegram-Mac-fygdgghdgmuleoelvxabfmqiotta/Build/Intermediates.noindex/SSignalKit.build/Debug/SwiftSignalKit-t.build/SwiftSignalKit.modulemap /Users/buddhirajgautam/Library/Developer/Xcode/DerivedData/Telegram-Mac-fygdgghdgmuleoelvxabfmqiotta/Build/Intermediates.noindex/GeneratedModuleMaps

Copy /Users/buddhirajgautam/Library/Developer/Xcode/DerivedData/Telegram-Mac-fygdgghdgmuleoelvxabfmqiotta/Build/Intermediates.noindex/GeneratedModuleMaps/Svg.modulemap /Users/buddhirajgautam/Library/Developer/Xcode/DerivedData/Telegram-Mac-fygdgghdgmuleoelvxabfmqiotta/Build/Intermediates.noindex/Svg.build/Debug/Svg-t.build/Svg.modulemap (in target 'Svg' from project 'Svg')
    cd /Users/buddhirajgautam/Documents/Cherrygram-Mac/macOS-Swift/packages/Svg
    builtin-copy -exclude .DS_Store -exclude CVS -exclude .svn -exclude .git -exclude .hg -resolve-src-symlinks /Users/buddhirajgautam/Library/Developer/Xcode/DerivedData/Telegram-Mac-fygdgghdgmuleoelvxabfmqiotta/Build/Intermediates.noindex/Svg.build/Debug/Svg-t.build/Svg.modulemap /Users/buddhirajgautam/Library/Developer/Xcode/DerivedData/Telegram-Mac-fygdgghdgmuleoelvxabfmqiotta/Build/Intermediates.noindex/GeneratedModuleMaps

Copy /Users/buddhirajgautam/Library/Developer/Xcode/DerivedData/Telegram-Mac-fygdgghdgmuleoelvxabfmqiotta/Build/Intermediates.noindex/GeneratedModuleMaps/Stripe.modulemap /Users/buddhirajgautam/Library/Developer/Xcode/DerivedData/Telegram-Mac-fygdgghdgmuleoelvxabfmqiotta/Build/Intermediates.noindex/Stripe.build/Debug/Stripe-t.build/Stripe.modulemap (in target 'Stripe' from project 'Stripe')
    cd /Users/buddhirajgautam/Documents/Cherrygram-Mac/macOS-Swift/submodules/Stripe
    builtin-copy -exclude .DS_Store -exclude CVS -exclude .svn -exclude .git -exclude .hg -resolve-src-symlinks /Users/buddhirajgautam/Library/Developer/Xcode/DerivedData/Telegram-Mac-fygdgghdgmuleoelvxabfmqiotta/Build/Intermediates.noindex/Stripe.build/Debug/Stripe-t.build/Stripe.modulemap /Users/buddhirajgautam/Library/Developer/Xcode/DerivedData/Telegram-Mac-fygdgghdgmuleoelvxabfmqiotta/Build/Intermediates.noindex/GeneratedModuleMaps

Copy /Users/buddhirajgautam/Library/Developer/Xcode/DerivedData/Telegram-Mac-fygdgghdgmuleoelvxabfmqiotta/Build/Intermediates.noindex/GeneratedModuleMaps/Strings.modulemap /Users/buddhirajgautam/Library/Developer/Xcode/DerivedData/Telegram-Mac-fygdgghdgmuleoelvxabfmqiotta/Build/Intermediates.noindex/Strings.build/Debug/Strings-t.build/Strings.modulemap (in target 'Strings' from project 'Strings')
    cd /Users/buddhirajgautam/Documents/Cherrygram-Mac/macOS-Swift/packages/Strings
    builtin-copy -exclude .DS_Store -exclude CVS -exclude .svn -exclude .git -exclude .hg -resolve-src-symlinks /Users/buddhirajgautam/Library/Developer/Xcode/DerivedData/Telegram-Mac-fygdgghdgmuleoelvxabfmqiotta/Build/Intermediates.noindex/Strings.build/Debug/Strings-t.build/Strings.modulemap /Users/buddhirajgautam/Library/Developer/Xcode/DerivedData/Telegram-Mac-fygdgghdgmuleoelvxabfmqiotta/Build/Intermediates.noindex/GeneratedModuleMaps

Copy /Users/buddhirajgautam/Library/Developer/Xcode/DerivedData/Telegram-Mac-fygdgghdgmuleoelvxabfmqiotta/Build/Intermediates.noindex/GeneratedModuleMaps/StringTransliteration.modulemap /Users/buddhirajgautam/Library/Developer/Xcode/DerivedData/Telegram-Mac-fygdgghdgmuleoelvxabfmqiotta/Build/Intermediates.noindex/StringTransliteration.build/Debug/StringTransliteration-t.build/StringTransliteration.modulemap (in target 'StringTransliteration' from project 'StringTransliteration')
    cd /Users/buddhirajgautam/Documents/Cherrygram-Mac/macOS-Swift/submodules/telegram-ios/submodules/StringTransliteration
    builtin-copy -exclude .DS_Store -exclude CVS -exclude .svn -exclude .git -exclude .hg -resolve-src-symlinks /Users/buddhirajgautam/Library/Developer/Xcode/DerivedData/Telegram-Mac-fygdgghdgmuleoelvxabfmqiotta/Build/Intermediates.noindex/StringTransliteration.build/Debug/StringTransliteration-t.build/StringTransliteration.modulemap /Users/buddhirajgautam/Library/Developer/Xcode/DerivedData/Telegram-Mac-fygdgghdgmuleoelvxabfmqiotta/Build/Intermediates.noindex/GeneratedModuleMaps

Copy /Users/buddhirajgautam/Library/Developer/Xcode/DerivedData/Telegram-Mac-fygdgghdgmuleoelvxabfmqiotta/Build/Intermediates.noindex/GeneratedModuleMaps/ShelfPack.modulemap /Users/buddhirajgautam/Library/Developer/Xcode/DerivedData/Telegram-Mac-fygdgghdgmuleoelvxabfmqiotta/Build/Intermediates.noindex/ShelfPack.build/Debug/ShelfPack-t.build/ShelfPack.modulemap (in target 'ShelfPack' from project 'ShelfPack')
    cd /Users/buddhirajgautam/Documents/Cherrygram-Mac/macOS-Swift/submodules/telegram-ios/submodules/Utils/ShelfPack
    builtin-copy -exclude .DS_Store -exclude CVS -exclude .svn -exclude .git -exclude .hg -resolve-src-symlinks /Users/buddhirajgautam/Library/Developer/Xcode/DerivedData/Telegram-Mac-fygdgghdgmuleoelvxabfmqiotta/Build/Intermediates.noindex/ShelfPack.build/Debug/ShelfPack-t.build/ShelfPack.modulemap /Users/buddhirajgautam/Library/Developer/Xcode/DerivedData/Telegram-Mac-fygdgghdgmuleoelvxabfmqiotta/Build/Intermediates.noindex/GeneratedModuleMaps

Copy /Users/buddhirajgautam/Library/Developer/Xcode/DerivedData/Telegram-Mac-fygdgghdgmuleoelvxabfmqiotta/Build/Intermediates.noindex/GeneratedModuleMaps/RingBuffer.modulemap /Users/buddhirajgautam/Library/Developer/Xcode/DerivedData/Telegram-Mac-fygdgghdgmuleoelvxabfmqiotta/Build/Intermediates.noindex/RingBuffer.build/Debug/RingBuffer-t.build/RingBuffer.modulemap (in target 'RingBuffer' from project 'RingBuffer')
    cd /Users/buddhirajgautam/Documents/Cherrygram-Mac/macOS-Swift/packages/RingBuffer
    builtin-copy -exclude .DS_Store -exclude CVS -exclude .svn -exclude .git -exclude .hg -resolve-src-symlinks /Users/buddhirajgautam/Library/Developer/Xcode/DerivedData/Telegram-Mac-fygdgghdgmuleoelvxabfmqiotta/Build/Intermediates.noindex/RingBuffer.build/Debug/RingBuffer-t.build/RingBuffer.modulemap /Users/buddhirajgautam/Library/Developer/Xcode/DerivedData/Telegram-Mac-fygdgghdgmuleoelvxabfmqiotta/Build/Intermediates.noindex/GeneratedModuleMaps

Copy /Users/buddhirajgautam/Library/Developer/Xcode/DerivedData/Telegram-Mac-fygdgghdgmuleoelvxabfmqiotta/Build/Intermediates.noindex/GeneratedModuleMaps/RangeSet.modulemap /Users/buddhirajgautam/Library/Developer/Xcode/DerivedData/Telegram-Mac-fygdgghdgmuleoelvxabfmqiotta/Build/Intermediates.noindex/RangeSet.build/Debug/RangeSet-t.build/RangeSet.modulemap (in target 'RangeSet' from project 'RangeSet')
    cd /Users/buddhirajgautam/Documents/Cherrygram-Mac/macOS-Swift/submodules/telegram-ios/submodules/Utils/RangeSet
    builtin-copy -exclude .DS_Store -exclude CVS -exclude .svn -exclude .git -exclude .hg -resolve-src-symlinks /Users/buddhirajgautam/Library/Developer/Xcode/DerivedData/Telegram-Mac-fygdgghdgmuleoelvxabfmqiotta/Build/Intermediates.noindex/RangeSet.build/Debug/RangeSet-t.build/RangeSet.modulemap /Users/buddhirajgautam/Library/Developer/Xcode/DerivedData/Telegram-Mac-fygdgghdgmuleoelvxabfmqiotta/Build/Intermediates.noindex/GeneratedModuleMaps

Copy /Users/buddhirajgautam/Library/Developer/Xcode/DerivedData/Telegram-Mac-fygdgghdgmuleoelvxabfmqiotta/Build/Intermediates.noindex/GeneratedModuleMaps/OpusBinding.modulemap /Users/buddhirajgautam/Library/Developer/Xcode/DerivedData/Telegram-Mac-fygdgghdgmuleoelvxabfmqiotta/Build/Intermediates.noindex/OpusBinding.build/Debug/OpusBinding-t.build/OpusBinding.modulemap (in target 'OpusBinding' from project 'OpusBinding')
    cd /Users/buddhirajgautam/Documents/Cherrygram-Mac/macOS-Swift/submodules/telegram-ios/submodules/OpusBinding
    builtin-copy -exclude .DS_Store -exclude CVS -exclude .svn -exclude .git -exclude .hg -resolve-src-symlinks /Users/buddhirajgautam/Library/Developer/Xcode/DerivedData/Telegram-Mac-fygdgghdgmuleoelvxabfmqiotta/Build/Intermediates.noindex/OpusBinding.build/Debug/OpusBinding-t.build/OpusBinding.modulemap /Users/buddhirajgautam/Library/Developer/Xcode/DerivedData/Telegram-Mac-fygdgghdgmuleoelvxabfmqiotta/Build/Intermediates.noindex/GeneratedModuleMaps

Copy /Users/buddhirajgautam/Library/Developer/Xcode/DerivedData/Telegram-Mac-fygdgghdgmuleoelvxabfmqiotta/Build/Intermediates.noindex/GeneratedModuleMaps/OpenSSLEncryption.modulemap /Users/buddhirajgautam/Library/Developer/Xcode/DerivedData/Telegram-Mac-fygdgghdgmuleoelvxabfmqiotta/Build/Intermediates.noindex/OpenSSLEncryption.build/Debug/OpenSSLEncryption-t.build/OpenSSLEncryption.modulemap (in target 'OpenSSLEncryption' from project 'OpenSSLEncryption')
    cd /Users/buddhirajgautam/Documents/Cherrygram-Mac/macOS-Swift/submodules/telegram-ios/submodules/OpenSSLEncryptionProvider
    builtin-copy -exclude .DS_Store -exclude CVS -exclude .svn -exclude .git -exclude .hg -resolve-src-symlinks /Users/buddhirajgautam/Library/Developer/Xcode/DerivedData/Telegram-Mac-fygdgghdgmuleoelvxabfmqiotta/Build/Intermediates.noindex/OpenSSLEncryption.build/Debug/OpenSSLEncryption-t.build/OpenSSLEncryption.modulemap /Users/buddhirajgautam/Library/Developer/Xcode/DerivedData/Telegram-Mac-fygdgghdgmuleoelvxabfmqiotta/Build/Intermediates.noindex/GeneratedModuleMaps

Copy /Users/buddhirajgautam/Library/Developer/Xcode/DerivedData/Telegram-Mac-fygdgghdgmuleoelvxabfmqiotta/Build/Intermediates.noindex/GeneratedModuleMaps/ObjcUtils.modulemap /Users/buddhirajgautam/Library/Developer/Xcode/DerivedData/Telegram-Mac-fygdgghdgmuleoelvxabfmqiotta/Build/Intermediates.noindex/ObjcUtils.build/Debug/ObjcUtils-t.build/ObjcUtils.modulemap (in target 'ObjcUtils' from project 'ObjcUtils')
    cd /Users/buddhirajgautam/Documents/Cherrygram-Mac/macOS-Swift/packages/ObjcUtils
    builtin-copy -exclude .DS_Store -exclude CVS -exclude .svn -exclude .git -exclude .hg -resolve-src-symlinks /Users/buddhirajgautam/Library/Developer/Xcode/DerivedData/Telegram-Mac-fygdgghdgmuleoelvxabfmqiotta/Build/Intermediates.noindex/ObjcUtils.build/Debug/ObjcUtils-t.build/ObjcUtils.modulemap /Users/buddhirajgautam/Library/Developer/Xcode/DerivedData/Telegram-Mac-fygdgghdgmuleoelvxabfmqiotta/Build/Intermediates.noindex/GeneratedModuleMaps

Copy /Users/buddhirajgautam/Library/Developer/Xcode/DerivedData/Telegram-Mac-fygdgghdgmuleoelvxabfmqiotta/Build/Intermediates.noindex/GeneratedModuleMaps/OCR.modulemap /Users/buddhirajgautam/Library/Developer/Xcode/DerivedData/Telegram-Mac-fygdgghdgmuleoelvxabfmqiotta/Build/Intermediates.noindex/OCR.build/Debug/OCR-t.build/OCR.modulemap (in target 'OCR' from project 'OCR')
    cd /Users/buddhirajgautam/Documents/Cherrygram-Mac/macOS-Swift/packages/OCR
    builtin-copy -exclude .DS_Store -exclude CVS -exclude .svn -exclude .git -exclude .hg -resolve-src-symlinks /Users/buddhirajgautam/Library/Developer/Xcode/DerivedData/Telegram-Mac-fygdgghdgmuleoelvxabfmqiotta/Build/Intermediates.noindex/OCR.build/Debug/OCR-t.build/OCR.modulemap /Users/buddhirajgautam/Library/Developer/Xcode/DerivedData/Telegram-Mac-fygdgghdgmuleoelvxabfmqiotta/Build/Intermediates.noindex/GeneratedModuleMaps

Copy /Users/buddhirajgautam/Library/Developer/Xcode/DerivedData/Telegram-Mac-fygdgghdgmuleoelvxabfmqiotta/Build/Intermediates.noindex/GeneratedModuleMaps/MurMurHash32.modulemap /Users/buddhirajgautam/Library/Developer/Xcode/DerivedData/Telegram-Mac-fygdgghdgmuleoelvxabfmqiotta/Build/Intermediates.noindex/MurMurHash32.build/Debug/MurMurHash32-t.build/MurMurHash32.modulemap (in target 'MurMurHash32' from project 'MurMurHash32')
    cd /Users/buddhirajgautam/Documents/Cherrygram-Mac/macOS-Swift/submodules/telegram-ios/submodules/MurMurHash32
    builtin-copy -exclude .DS_Store -exclude CVS -exclude .svn -exclude .git -exclude .hg -resolve-src-symlinks /Users/buddhirajgautam/Library/Developer/Xcode/DerivedData/Telegram-Mac-fygdgghdgmuleoelvxabfmqiotta/Build/Intermediates.noindex/MurMurHash32.build/Debug/MurMurHash32-t.build/MurMurHash32.modulemap /Users/buddhirajgautam/Library/Developer/Xcode/DerivedData/Telegram-Mac-fygdgghdgmuleoelvxabfmqiotta/Build/Intermediates.noindex/GeneratedModuleMaps

Copy /Users/buddhirajgautam/Library/Developer/Xcode/DerivedData/Telegram-Mac-fygdgghdgmuleoelvxabfmqiotta/Build/Intermediates.noindex/GeneratedModuleMaps/NumberPluralization.modulemap /Users/buddhirajgautam/Library/Developer/Xcode/DerivedData/Telegram-Mac-fygdgghdgmuleoelvxabfmqiotta/Build/Intermediates.noindex/NumberPluralization.build/Debug/NumberPluralization-t.build/NumberPluralization.modulemap (in target 'NumberPluralization' from project 'NumberPluralization')
    cd /Users/buddhirajgautam/Documents/Cherrygram-Mac/macOS-Swift/packages/NumberPluralization
    builtin-copy -exclude .DS_Store -exclude CVS -exclude .svn -exclude .git -exclude .hg -resolve-src-symlinks /Users/buddhirajgautam/Library/Developer/Xcode/DerivedData/Telegram-Mac-fygdgghdgmuleoelvxabfmqiotta/Build/Intermediates.noindex/NumberPluralization.build/Debug/NumberPluralization-t.build/NumberPluralization.modulemap /Users/buddhirajgautam/Library/Developer/Xcode/DerivedData/Telegram-Mac-fygdgghdgmuleoelvxabfmqiotta/Build/Intermediates.noindex/GeneratedModuleMaps

Copy /Users/buddhirajgautam/Library/Developer/Xcode/DerivedData/Telegram-Mac-fygdgghdgmuleoelvxabfmqiotta/Build/Intermediates.noindex/GeneratedModuleMaps/Mozjpeg.modulemap /Users/buddhirajgautam/Library/Developer/Xcode/DerivedData/Telegram-Mac-fygdgghdgmuleoelvxabfmqiotta/Build/Intermediates.noindex/Mozjpeg.build/Debug/Mozjpeg-t.build/Mozjpeg.modulemap (in target 'Mozjpeg' from project 'Mozjpeg')
    cd /Users/buddhirajgautam/Documents/Cherrygram-Mac/macOS-Swift/submodules/Mozjpeg
    builtin-copy -exclude .DS_Store -exclude CVS -exclude .svn -exclude .git -exclude .hg -resolve-src-symlinks /Users/buddhirajgautam/Library/Developer/Xcode/DerivedData/Telegram-Mac-fygdgghdgmuleoelvxabfmqiotta/Build/Intermediates.noindex/Mozjpeg.build/Debug/Mozjpeg-t.build/Mozjpeg.modulemap /Users/buddhirajgautam/Library/Developer/Xcode/DerivedData/Telegram-Mac-fygdgghdgmuleoelvxabfmqiotta/Build/Intermediates.noindex/GeneratedModuleMaps

Copy /Users/buddhirajgautam/Library/Developer/Xcode/DerivedData/Telegram-Mac-fygdgghdgmuleoelvxabfmqiotta/Build/Intermediates.noindex/GeneratedModuleMaps/MergeLists.modulemap /Users/buddhirajgautam/Library/Developer/Xcode/DerivedData/Telegram-Mac-fygdgghdgmuleoelvxabfmqiotta/Build/Intermediates.noindex/MergeLists.build/Debug/MergeLists-t.build/MergeLists.modulemap (in target 'MergeLists' from project 'MergeLists')
    cd /Users/buddhirajgautam/Documents/Cherrygram-Mac/macOS-Swift/packages/MergeLists
    builtin-copy -exclude .DS_Store -exclude CVS -exclude .svn -exclude .git -exclude .hg -resolve-src-symlinks /Users/buddhirajgautam/Library/Developer/Xcode/DerivedData/Telegram-Mac-fygdgghdgmuleoelvxabfmqiotta/Build/Intermediates.noindex/MergeLists.build/Debug/MergeLists-t.build/MergeLists.modulemap /Users/buddhirajgautam/Library/Developer/Xcode/DerivedData/Telegram-Mac-fygdgghdgmuleoelvxabfmqiotta/Build/Intermediates.noindex/GeneratedModuleMaps

Copy /Users/buddhirajgautam/Library/Developer/Xcode/DerivedData/Telegram-Mac-fygdgghdgmuleoelvxabfmqiotta/Build/Intermediates.noindex/GeneratedModuleMaps/LokiRng.modulemap /Users/buddhirajgautam/Library/Developer/Xcode/DerivedData/Telegram-Mac-fygdgghdgmuleoelvxabfmqiotta/Build/Intermediates.noindex/LokiRng.build/Debug/LokiRng-t.build/LokiRng.modulemap (in target 'LokiRng' from project 'LokiRng')
    cd /Users/buddhirajgautam/Documents/Cherrygram-Mac/macOS-Swift/submodules/telegram-ios/submodules/Utils/LokiRng
    builtin-copy -exclude .DS_Store -exclude CVS -exclude .svn -exclude .git -exclude .hg -resolve-src-symlinks /Users/buddhirajgautam/Library/Developer/Xcode/DerivedData/Telegram-Mac-fygdgghdgmuleoelvxabfmqiotta/Build/Intermediates.noindex/LokiRng.build/Debug/LokiRng-t.build/LokiRng.modulemap /Users/buddhirajgautam/Library/Developer/Xcode/DerivedData/Telegram-Mac-fygdgghdgmuleoelvxabfmqiotta/Build/Intermediates.noindex/GeneratedModuleMaps

Copy /Users/buddhirajgautam/Library/Developer/Xcode/DerivedData/Telegram-Mac-fygdgghdgmuleoelvxabfmqiotta/Build/Intermediates.noindex/GeneratedModuleMaps/LegacyReachability.modulemap /Users/buddhirajgautam/Library/Developer/Xcode/DerivedData/Telegram-Mac-fygdgghdgmuleoelvxabfmqiotta/Build/Intermediates.noindex/LegacyReachability.build/Debug/LegacyReachability-t.build/LegacyReachability.modulemap (in target 'LegacyReachability' from project 'LegacyReachability')
    cd /Users/buddhirajgautam/Documents/Cherrygram-Mac/macOS-Swift/submodules/telegram-ios/submodules/Reachability/LegacyReachability
    builtin-copy -exclude .DS_Store -exclude CVS -exclude .svn -exclude .git -exclude .hg -resolve-src-symlinks /Users/buddhirajgautam/Library/Developer/Xcode/DerivedData/Telegram-Mac-fygdgghdgmuleoelvxabfmqiotta/Build/Intermediates.noindex/LegacyReachability.build/Debug/LegacyReachability-t.build/LegacyReachability.modulemap /Users/buddhirajgautam/Library/Developer/Xcode/DerivedData/Telegram-Mac-fygdgghdgmuleoelvxabfmqiotta/Build/Intermediates.noindex/GeneratedModuleMaps

Copy /Users/buddhirajgautam/Library/Developer/Xcode/DerivedData/Telegram-Mac-fygdgghdgmuleoelvxabfmqiotta/Build/Intermediates.noindex/GeneratedModuleMaps/KeyboardKey.modulemap /Users/buddhirajgautam/Library/Developer/Xcode/DerivedData/Telegram-Mac-fygdgghdgmuleoelvxabfmqiotta/Build/Intermediates.noindex/KeyboardKey.build/Debug/KeyboardKey-t.build/KeyboardKey.modulemap (in target 'KeyboardKey' from project 'KeyboardKey')
    cd /Users/buddhirajgautam/Documents/Cherrygram-Mac/macOS-Swift/packages/KeyboardKey
    builtin-copy -exclude .DS_Store -exclude CVS -exclude .svn -exclude .git -exclude .hg -resolve-src-symlinks /Users/buddhirajgautam/Library/Developer/Xcode/DerivedData/Telegram-Mac-fygdgghdgmuleoelvxabfmqiotta/Build/Intermediates.noindex/KeyboardKey.build/Debug/KeyboardKey-t.build/KeyboardKey.modulemap /Users/buddhirajgautam/Library/Developer/Xcode/DerivedData/Telegram-Mac-fygdgghdgmuleoelvxabfmqiotta/Build/Intermediates.noindex/GeneratedModuleMaps

Copy /Users/buddhirajgautam/Library/Developer/Xcode/DerivedData/Telegram-Mac-fygdgghdgmuleoelvxabfmqiotta/Build/Intermediates.noindex/GeneratedModuleMaps/InAppVideoServices.modulemap /Users/buddhirajgautam/Library/Developer/Xcode/DerivedData/Telegram-Mac-fygdgghdgmuleoelvxabfmqiotta/Build/Intermediates.noindex/InAppVideoServices.build/Debug/InAppVideoServices-t.build/InAppVideoServices.modulemap (in target 'InAppVideoServices' from project 'InAppVideoServices')
    cd /Users/buddhirajgautam/Documents/Cherrygram-Mac/macOS-Swift/packages/InAppVideoServices
    builtin-copy -exclude .DS_Store -exclude CVS -exclude .svn -exclude .git -exclude .hg -resolve-src-symlinks /Users/buddhirajgautam/Library/Developer/Xcode/DerivedData/Telegram-Mac-fygdgghdgmuleoelvxabfmqiotta/Build/Intermediates.noindex/InAppVideoServices.build/Debug/InAppVideoServices-t.build/InAppVideoServices.modulemap /Users/buddhirajgautam/Library/Developer/Xcode/DerivedData/Telegram-Mac-fygdgghdgmuleoelvxabfmqiotta/Build/Intermediates.noindex/GeneratedModuleMaps

Copy /Users/buddhirajgautam/Library/Developer/Xcode/DerivedData/Telegram-Mac-fygdgghdgmuleoelvxabfmqiotta/Build/Intermediates.noindex/GeneratedModuleMaps/HotKey.modulemap /Users/buddhirajgautam/Library/Developer/Xcode/DerivedData/Telegram-Mac-fygdgghdgmuleoelvxabfmqiotta/Build/Intermediates.noindex/HotKey.build/Debug/HotKey-t.build/HotKey.modulemap (in target 'HotKey' from project 'HotKey')
    cd /Users/buddhirajgautam/Documents/Cherrygram-Mac/macOS-Swift/packages/HotKey
    builtin-copy -exclude .DS_Store -exclude CVS -exclude .svn -exclude .git -exclude .hg -resolve-src-symlinks /Users/buddhirajgautam/Library/Developer/Xcode/DerivedData/Telegram-Mac-fygdgghdgmuleoelvxabfmqiotta/Build/Intermediates.noindex/HotKey.build/Debug/HotKey-t.build/HotKey.modulemap /Users/buddhirajgautam/Library/Developer/Xcode/DerivedData/Telegram-Mac-fygdgghdgmuleoelvxabfmqiotta/Build/Intermediates.noindex/GeneratedModuleMaps

Copy /Users/buddhirajgautam/Library/Developer/Xcode/DerivedData/Telegram-Mac-fygdgghdgmuleoelvxabfmqiotta/Build/Intermediates.noindex/GeneratedModuleMaps/HackUtils.modulemap /Users/buddhirajgautam/Library/Developer/Xcode/DerivedData/Telegram-Mac-fygdgghdgmuleoelvxabfmqiotta/Build/Intermediates.noindex/HackUtils.build/Debug/HackUtils-t.build/HackUtils.modulemap (in target 'HackUtils' from project 'HackUtils')
    cd /Users/buddhirajgautam/Documents/Cherrygram-Mac/macOS-Swift/packages/HackUtils
    builtin-copy -exclude .DS_Store -exclude CVS -exclude .svn -exclude .git -exclude .hg -resolve-src-symlinks /Users/buddhirajgautam/Library/Developer/Xcode/DerivedData/Telegram-Mac-fygdgghdgmuleoelvxabfmqiotta/Build/Intermediates.noindex/HackUtils.build/Debug/HackUtils-t.build/HackUtils.modulemap /Users/buddhirajgautam/Library/Developer/Xcode/DerivedData/Telegram-Mac-fygdgghdgmuleoelvxabfmqiotta/Build/Intermediates.noindex/GeneratedModuleMaps

Copy /Users/buddhirajgautam/Library/Developer/Xcode/DerivedData/Telegram-Mac-fygdgghdgmuleoelvxabfmqiotta/Build/Intermediates.noindex/GeneratedModuleMaps/GraphCore.modulemap /Users/buddhirajgautam/Library/Developer/Xcode/DerivedData/Telegram-Mac-fygdgghdgmuleoelvxabfmqiotta/Build/Intermediates.noindex/GraphCore.build/Debug/GraphCore-t.build/GraphCore.modulemap (in target 'GraphCore' from project 'GraphCore')
    cd /Users/buddhirajgautam/Documents/Cherrygram-Mac/macOS-Swift/submodules/telegram-ios/submodules/GraphCore
    builtin-copy -exclude .DS_Store -exclude CVS -exclude .svn -exclude .git -exclude .hg -resolve-src-symlinks /Users/buddhirajgautam/Library/Developer/Xcode/DerivedData/Telegram-Mac-fygdgghdgmuleoelvxabfmqiotta/Build/Intermediates.noindex/GraphCore.build/Debug/GraphCore-t.build/GraphCore.modulemap /Users/buddhirajgautam/Library/Developer/Xcode/DerivedData/Telegram-Mac-fygdgghdgmuleoelvxabfmqiotta/Build/Intermediates.noindex/GeneratedModuleMaps

Copy /Users/buddhirajgautam/Library/Developer/Xcode/DerivedData/Telegram-Mac-fygdgghdgmuleoelvxabfmqiotta/Build/Intermediates.noindex/GeneratedModuleMaps/GZIP.modulemap /Users/buddhirajgautam/Library/Developer/Xcode/DerivedData/Telegram-Mac-fygdgghdgmuleoelvxabfmqiotta/Build/Intermediates.noindex/GZIP.build/Debug/GZIP-t.build/GZIP.modulemap (in target 'GZIP' from project 'GZIP')
    cd /Users/buddhirajgautam/Documents/Cherrygram-Mac/macOS-Swift/packages/GZIP
    builtin-copy -exclude .DS_Store -exclude CVS -exclude .svn -exclude .git -exclude .hg -resolve-src-symlinks /Users/buddhirajgautam/Library/Developer/Xcode/DerivedData/Telegram-Mac-fygdgghdgmuleoelvxabfmqiotta/Build/Intermediates.noindex/GZIP.build/Debug/GZIP-t.build/GZIP.modulemap /Users/buddhirajgautam/Library/Developer/Xcode/DerivedData/Telegram-Mac-fygdgghdgmuleoelvxabfmqiotta/Build/Intermediates.noindex/GeneratedModuleMaps

Copy /Users/buddhirajgautam/Library/Developer/Xcode/DerivedData/Telegram-Mac-fygdgghdgmuleoelvxabfmqiotta/Build/Intermediates.noindex/GeneratedModuleMaps/FoundationUtils.modulemap /Users/buddhirajgautam/Library/Developer/Xcode/DerivedData/Telegram-Mac-fygdgghdgmuleoelvxabfmqiotta/Build/Intermediates.noindex/FoundationUtils.build/Debug/FoundationUtils-t.build/FoundationUtils.modulemap (in target 'FoundationUtils' from project 'FoundationUtils')
    cd /Users/buddhirajgautam/Documents/Cherrygram-Mac/macOS-Swift/packages/FoundationUtils
    builtin-copy -exclude .DS_Store -exclude CVS -exclude .svn -exclude .git -exclude .hg -resolve-src-symlinks /Users/buddhirajgautam/Library/Developer/Xcode/DerivedData/Telegram-Mac-fygdgghdgmuleoelvxabfmqiotta/Build/Intermediates.noindex/FoundationUtils.build/Debug/FoundationUtils-t.build/FoundationUtils.modulemap /Users/buddhirajgautam/Library/Developer/Xcode/DerivedData/Telegram-Mac-fygdgghdgmuleoelvxabfmqiotta/Build/Intermediates.noindex/GeneratedModuleMaps

Copy /Users/buddhirajgautam/Library/Developer/Xcode/DerivedData/Telegram-Mac-fygdgghdgmuleoelvxabfmqiotta/Build/Intermediates.noindex/GeneratedModuleMaps/FlatBuffers.modulemap /Users/buddhirajgautam/Library/Developer/Xcode/DerivedData/Telegram-Mac-fygdgghdgmuleoelvxabfmqiotta/Build/Intermediates.noindex/FlatBuffers.build/Debug/FlatBuffers-t.build/FlatBuffers.modulemap (in target 'FlatBuffers' from project 'FlatBuffers')
    cd /Users/buddhirajgautam/Documents/Cherrygram-Mac/macOS-Swift/submodules/telegram-ios/submodules/TelegramCore/FlatBuffers
    builtin-copy -exclude .DS_Store -exclude CVS -exclude .svn -exclude .git -exclude .hg -resolve-src-symlinks /Users/buddhirajgautam/Library/Developer/Xcode/DerivedData/Telegram-Mac-fygdgghdgmuleoelvxabfmqiotta/Build/Intermediates.noindex/FlatBuffers.build/Debug/FlatBuffers-t.build/FlatBuffers.modulemap /Users/buddhirajgautam/Library/Developer/Xcode/DerivedData/Telegram-Mac-fygdgghdgmuleoelvxabfmqiotta/Build/Intermediates.noindex/GeneratedModuleMaps

Copy /Users/buddhirajgautam/Library/Developer/Xcode/DerivedData/Telegram-Mac-fygdgghdgmuleoelvxabfmqiotta/Build/Intermediates.noindex/GeneratedModuleMaps/FastBlur.modulemap /Users/buddhirajgautam/Library/Developer/Xcode/DerivedData/Telegram-Mac-fygdgghdgmuleoelvxabfmqiotta/Build/Intermediates.noindex/FastBlur.build/Debug/FastBlur-t.build/FastBlur.modulemap (in target 'FastBlur' from project 'FastBlur')
    cd /Users/buddhirajgautam/Documents/Cherrygram-Mac/macOS-Swift/packages/FastBlur
    builtin-copy -exclude .DS_Store -exclude CVS -exclude .svn -exclude .git -exclude .hg -resolve-src-symlinks /Users/buddhirajgautam/Library/Developer/Xcode/DerivedData/Telegram-Mac-fygdgghdgmuleoelvxabfmqiotta/Build/Intermediates.noindex/FastBlur.build/Debug/FastBlur-t.build/FastBlur.modulemap /Users/buddhirajgautam/Library/Developer/Xcode/DerivedData/Telegram-Mac-fygdgghdgmuleoelvxabfmqiotta/Build/Intermediates.noindex/GeneratedModuleMaps

Copy /Users/buddhirajgautam/Library/Developer/Xcode/DerivedData/Telegram-Mac-fygdgghdgmuleoelvxabfmqiotta/Build/Intermediates.noindex/GeneratedModuleMaps/FFMpegBinding.modulemap /Users/buddhirajgautam/Library/Developer/Xcode/DerivedData/Telegram-Mac-fygdgghdgmuleoelvxabfmqiotta/Build/Intermediates.noindex/FFMpegBinding.build/Debug/FFMpegBinding-t.build/FFMpegBinding.modulemap (in target 'FFMpegBinding' from project 'FFMpegBinding')
    cd /Users/buddhirajgautam/Documents/Cherrygram-Mac/macOS-Swift/submodules/telegram-ios/submodules/FFMpegBinding
    builtin-copy -exclude .DS_Store -exclude CVS -exclude .svn -exclude .git -exclude .hg -resolve-src-symlinks /Users/buddhirajgautam/Library/Developer/Xcode/DerivedData/Telegram-Mac-fygdgghdgmuleoelvxabfmqiotta/Build/Intermediates.noindex/FFMpegBinding.build/Debug/FFMpegBinding-t.build/FFMpegBinding.modulemap /Users/buddhirajgautam/Library/Developer/Xcode/DerivedData/Telegram-Mac-fygdgghdgmuleoelvxabfmqiotta/Build/Intermediates.noindex/GeneratedModuleMaps

Copy /Users/buddhirajgautam/Library/Developer/Xcode/DerivedData/Telegram-Mac-fygdgghdgmuleoelvxabfmqiotta/Build/Intermediates.noindex/GeneratedModuleMaps/EncryptionProvider.modulemap /Users/buddhirajgautam/Library/Developer/Xcode/DerivedData/Telegram-Mac-fygdgghdgmuleoelvxabfmqiotta/Build/Intermediates.noindex/EncryptionProvider.build/Debug/EncryptionProvider-t.build/EncryptionProvider.modulemap (in target 'EncryptionProvider' from project 'EncryptionProvider')
    cd /Users/buddhirajgautam/Documents/Cherrygram-Mac/macOS-Swift/submodules/telegram-ios/submodules/EncryptionProvider
    builtin-copy -exclude .DS_Store -exclude CVS -exclude .svn -exclude .git -exclude .hg -resolve-src-symlinks /Users/buddhirajgautam/Library/Developer/Xcode/DerivedData/Telegram-Mac-fygdgghdgmuleoelvxabfmqiotta/Build/Intermediates.noindex/EncryptionProvider.build/Debug/EncryptionProvider-t.build/EncryptionProvider.modulemap /Users/buddhirajgautam/Library/Developer/Xcode/DerivedData/Telegram-Mac-fygdgghdgmuleoelvxabfmqiotta/Build/Intermediates.noindex/GeneratedModuleMaps

Copy /Users/buddhirajgautam/Library/Developer/Xcode/DerivedData/Telegram-Mac-fygdgghdgmuleoelvxabfmqiotta/Build/Intermediates.noindex/GeneratedModuleMaps/EmojiSuggestions.modulemap /Users/buddhirajgautam/Library/Developer/Xcode/DerivedData/Telegram-Mac-fygdgghdgmuleoelvxabfmqiotta/Build/Intermediates.noindex/EmojiSuggestions.build/Debug/EmojiSuggestions-t.build/EmojiSuggestions.modulemap (in target 'EmojiSuggestions' from project 'EmojiSuggestions')
    cd /Users/buddhirajgautam/Documents/Cherrygram-Mac/macOS-Swift/packages/EmojiSuggestions
    builtin-copy -exclude .DS_Store -exclude CVS -exclude .svn -exclude .git -exclude .hg -resolve-src-symlinks /Users/buddhirajgautam/Library/Developer/Xcode/DerivedData/Telegram-Mac-fygdgghdgmuleoelvxabfmqiotta/Build/Intermediates.noindex/EmojiSuggestions.build/Debug/EmojiSuggestions-t.build/EmojiSuggestions.modulemap /Users/buddhirajgautam/Library/Developer/Xcode/DerivedData/Telegram-Mac-fygdgghdgmuleoelvxabfmqiotta/Build/Intermediates.noindex/GeneratedModuleMaps

Copy /Users/buddhirajgautam/Library/Developer/Xcode/DerivedData/Telegram-Mac-fygdgghdgmuleoelvxabfmqiotta/Build/Intermediates.noindex/GeneratedModuleMaps/Emoji.modulemap /Users/buddhirajgautam/Library/Developer/Xcode/DerivedData/Telegram-Mac-fygdgghdgmuleoelvxabfmqiotta/Build/Intermediates.noindex/Emoji.build/Debug/Emoji-t.build/Emoji.modulemap (in target 'Emoji' from project 'Emoji')
    cd /Users/buddhirajgautam/Documents/Cherrygram-Mac/macOS-Swift/submodules/telegram-ios/submodules/Emoji
    builtin-copy -exclude .DS_Store -exclude CVS -exclude .svn -exclude .git -exclude .hg -resolve-src-symlinks /Users/buddhirajgautam/Library/Developer/Xcode/DerivedData/Telegram-Mac-fygdgghdgmuleoelvxabfmqiotta/Build/Intermediates.noindex/Emoji.build/Debug/Emoji-t.build/Emoji.modulemap /Users/buddhirajgautam/Library/Developer/Xcode/DerivedData/Telegram-Mac-fygdgghdgmuleoelvxabfmqiotta/Build/Intermediates.noindex/GeneratedModuleMaps

Copy /Users/buddhirajgautam/Library/Developer/Xcode/DerivedData/Telegram-Mac-fygdgghdgmuleoelvxabfmqiotta/Build/Intermediates.noindex/GeneratedModuleMaps/EDSunriseSet.modulemap /Users/buddhirajgautam/Library/Developer/Xcode/DerivedData/Telegram-Mac-fygdgghdgmuleoelvxabfmqiotta/Build/Intermediates.noindex/EDSunriseSet.build/Debug/EDSunriseSet-t.build/EDSunriseSet.modulemap (in target 'EDSunriseSet' from project 'EDSunriseSet')
    cd /Users/buddhirajgautam/Documents/Cherrygram-Mac/macOS-Swift/packages/EDSunriseSet
    builtin-copy -exclude .DS_Store -exclude CVS -exclude .svn -exclude .git -exclude .hg -resolve-src-symlinks /Users/buddhirajgautam/Library/Developer/Xcode/DerivedData/Telegram-Mac-fygdgghdgmuleoelvxabfmqiotta/Build/Intermediates.noindex/EDSunriseSet.build/Debug/EDSunriseSet-t.build/EDSunriseSet.modulemap /Users/buddhirajgautam/Library/Developer/Xcode/DerivedData/Telegram-Mac-fygdgghdgmuleoelvxabfmqiotta/Build/Intermediates.noindex/GeneratedModuleMaps

Copy /Users/buddhirajgautam/Library/Developer/Xcode/DerivedData/Telegram-Mac-fygdgghdgmuleoelvxabfmqiotta/Build/Intermediates.noindex/GeneratedModuleMaps/DetectSpeech.modulemap /Users/buddhirajgautam/Library/Developer/Xcode/DerivedData/Telegram-Mac-fygdgghdgmuleoelvxabfmqiotta/Build/Intermediates.noindex/DetectSpeech.build/Debug/DetectSpeech-t.build/DetectSpeech.modulemap (in target 'DetectSpeech' from project 'DetectSpeech')
    cd /Users/buddhirajgautam/Documents/Cherrygram-Mac/macOS-Swift/packages/DetectSpeech
    builtin-copy -exclude .DS_Store -exclude CVS -exclude .svn -exclude .git -exclude .hg -resolve-src-symlinks /Users/buddhirajgautam/Library/Developer/Xcode/DerivedData/Telegram-Mac-fygdgghdgmuleoelvxabfmqiotta/Build/Intermediates.noindex/DetectSpeech.build/Debug/DetectSpeech-t.build/DetectSpeech.modulemap /Users/buddhirajgautam/Library/Developer/Xcode/DerivedData/Telegram-Mac-fygdgghdgmuleoelvxabfmqiotta/Build/Intermediates.noindex/GeneratedModuleMaps

Copy /Users/buddhirajgautam/Library/Developer/Xcode/DerivedData/Telegram-Mac-fygdgghdgmuleoelvxabfmqiotta/Build/Intermediates.noindex/GeneratedModuleMaps/DateUtils.modulemap /Users/buddhirajgautam/Library/Developer/Xcode/DerivedData/Telegram-Mac-fygdgghdgmuleoelvxabfmqiotta/Build/Intermediates.noindex/DateUtils.build/Debug/DateUtils-t.build/DateUtils.modulemap (in target 'DateUtils' from project 'DateUtils')
    cd /Users/buddhirajgautam/Documents/Cherrygram-Mac/macOS-Swift/packages/DateUtils
    builtin-copy -exclude .DS_Store -exclude CVS -exclude .svn -exclude .git -exclude .hg -resolve-src-symlinks /Users/buddhirajgautam/Library/Developer/Xcode/DerivedData/Telegram-Mac-fygdgghdgmuleoelvxabfmqiotta/Build/Intermediates.noindex/DateUtils.build/Debug/DateUtils-t.build/DateUtils.modulemap /Users/buddhirajgautam/Library/Developer/Xcode/DerivedData/Telegram-Mac-fygdgghdgmuleoelvxabfmqiotta/Build/Intermediates.noindex/GeneratedModuleMaps

Copy /Users/buddhirajgautam/Library/Developer/Xcode/DerivedData/Telegram-Mac-fygdgghdgmuleoelvxabfmqiotta/Build/Intermediates.noindex/GeneratedModuleMaps/DarwinDirStat.modulemap /Users/buddhirajgautam/Library/Developer/Xcode/DerivedData/Telegram-Mac-fygdgghdgmuleoelvxabfmqiotta/Build/Intermediates.noindex/DarwinDirStat.build/Debug/DarwinDirStat-t.build/DarwinDirStat.modulemap (in target 'DarwinDirStat' from project 'DarwinDirStat')
    cd /Users/buddhirajgautam/Documents/Cherrygram-Mac/macOS-Swift/submodules/telegram-ios/submodules/Utils/DarwinDirStat
    builtin-copy -exclude .DS_Store -exclude CVS -exclude .svn -exclude .git -exclude .hg -resolve-src-symlinks /Users/buddhirajgautam/Library/Developer/Xcode/DerivedData/Telegram-Mac-fygdgghdgmuleoelvxabfmqiotta/Build/Intermediates.noindex/DarwinDirStat.build/Debug/DarwinDirStat-t.build/DarwinDirStat.modulemap /Users/buddhirajgautam/Library/Developer/Xcode/DerivedData/Telegram-Mac-fygdgghdgmuleoelvxabfmqiotta/Build/Intermediates.noindex/GeneratedModuleMaps

Copy /Users/buddhirajgautam/Library/Developer/Xcode/DerivedData/Telegram-Mac-fygdgghdgmuleoelvxabfmqiotta/Build/Intermediates.noindex/GeneratedModuleMaps/CurrencyFormat.modulemap /Users/buddhirajgautam/Library/Developer/Xcode/DerivedData/Telegram-Mac-fygdgghdgmuleoelvxabfmqiotta/Build/Intermediates.noindex/CurrencyFormat.build/Debug/CurrencyFormat-t.build/CurrencyFormat.modulemap (in target 'CurrencyFormat' from project 'CurrencyFormat')
    cd /Users/buddhirajgautam/Documents/Cherrygram-Mac/macOS-Swift/packages/CurrencyFormat
    builtin-copy -exclude .DS_Store -exclude CVS -exclude .svn -exclude .git -exclude .hg -resolve-src-symlinks /Users/buddhirajgautam/Library/Developer/Xcode/DerivedData/Telegram-Mac-fygdgghdgmuleoelvxabfmqiotta/Build/Intermediates.noindex/CurrencyFormat.build/Debug/CurrencyFormat-t.build/CurrencyFormat.modulemap /Users/buddhirajgautam/Library/Developer/Xcode/DerivedData/Telegram-Mac-fygdgghdgmuleoelvxabfmqiotta/Build/Intermediates.noindex/GeneratedModuleMaps

Copy /Users/buddhirajgautam/Library/Developer/Xcode/DerivedData/Telegram-Mac-fygdgghdgmuleoelvxabfmqiotta/Build/Intermediates.noindex/GeneratedModuleMaps/CryptoUtils.modulemap /Users/buddhirajgautam/Library/Developer/Xcode/DerivedData/Telegram-Mac-fygdgghdgmuleoelvxabfmqiotta/Build/Intermediates.noindex/CryptoUtils.build/Debug/CryptoUtils-t.build/CryptoUtils.modulemap (in target 'CryptoUtils' from project 'CryptoUtils')
    cd /Users/buddhirajgautam/Documents/Cherrygram-Mac/macOS-Swift/submodules/telegram-ios/submodules/CryptoUtils
    builtin-copy -exclude .DS_Store -exclude CVS -exclude .svn -exclude .git -exclude .hg -resolve-src-symlinks /Users/buddhirajgautam/Library/Developer/Xcode/DerivedData/Telegram-Mac-fygdgghdgmuleoelvxabfmqiotta/Build/Intermediates.noindex/CryptoUtils.build/Debug/CryptoUtils-t.build/CryptoUtils.modulemap /Users/buddhirajgautam/Library/Developer/Xcode/DerivedData/Telegram-Mac-fygdgghdgmuleoelvxabfmqiotta/Build/Intermediates.noindex/GeneratedModuleMaps

Copy /Users/buddhirajgautam/Library/Developer/Xcode/DerivedData/Telegram-Mac-fygdgghdgmuleoelvxabfmqiotta/Build/Intermediates.noindex/GeneratedModuleMaps/Crc32.modulemap /Users/buddhirajgautam/Library/Developer/Xcode/DerivedData/Telegram-Mac-fygdgghdgmuleoelvxabfmqiotta/Build/Intermediates.noindex/Crc32.build/Debug/Crc32-t.build/Crc32.modulemap (in target 'Crc32' from project 'Crc32')
    cd /Users/buddhirajgautam/Documents/Cherrygram-Mac/macOS-Swift/submodules/telegram-ios/submodules/Crc32
    builtin-copy -exclude .DS_Store -exclude CVS -exclude .svn -exclude .git -exclude .hg -resolve-src-symlinks /Users/buddhirajgautam/Library/Developer/Xcode/DerivedData/Telegram-Mac-fygdgghdgmuleoelvxabfmqiotta/Build/Intermediates.noindex/Crc32.build/Debug/Crc32-t.build/Crc32.modulemap /Users/buddhirajgautam/Library/Developer/Xcode/DerivedData/Telegram-Mac-fygdgghdgmuleoelvxabfmqiotta/Build/Intermediates.noindex/GeneratedModuleMaps

Copy /Users/buddhirajgautam/Library/Developer/Xcode/DerivedData/Telegram-Mac-fygdgghdgmuleoelvxabfmqiotta/Build/Intermediates.noindex/GeneratedModuleMaps/CrashHandler.modulemap /Users/buddhirajgautam/Library/Developer/Xcode/DerivedData/Telegram-Mac-fygdgghdgmuleoelvxabfmqiotta/Build/Intermediates.noindex/CrashHandler.build/Debug/CrashHandler-t.build/CrashHandler.modulemap (in target 'CrashHandler' from project 'CrashHandler')
    cd /Users/buddhirajgautam/Documents/Cherrygram-Mac/macOS-Swift/packages/CrashHandler
    builtin-copy -exclude .DS_Store -exclude CVS -exclude .svn -exclude .git -exclude .hg -resolve-src-symlinks /Users/buddhirajgautam/Library/Developer/Xcode/DerivedData/Telegram-Mac-fygdgghdgmuleoelvxabfmqiotta/Build/Intermediates.noindex/CrashHandler.build/Debug/CrashHandler-t.build/CrashHandler.modulemap /Users/buddhirajgautam/Library/Developer/Xcode/DerivedData/Telegram-Mac-fygdgghdgmuleoelvxabfmqiotta/Build/Intermediates.noindex/GeneratedModuleMaps

CpHeader /Users/buddhirajgautam/Library/Developer/Xcode/DerivedData/Telegram-Mac-fygdgghdgmuleoelvxabfmqiotta/Build/Products/Debug/CodeSyntax.framework/Versions/A/Headers/Syntaxer.h /Users/buddhirajgautam/Documents/Cherrygram-Mac/macOS-Swift/submodules/CodeSyntax/CodeSyntax/CodeSyntax/Syntaxer.h (in target 'CodeSyntax' from project 'CodeSyntax')
    cd /Users/buddhirajgautam/Documents/Cherrygram-Mac/macOS-Swift/submodules/CodeSyntax/CodeSyntax
    builtin-copy -exclude .DS_Store -exclude CVS -exclude .svn -exclude .git -exclude .hg -resolve-src-symlinks /Users/buddhirajgautam/Documents/Cherrygram-Mac/macOS-Swift/submodules/CodeSyntax/CodeSyntax/CodeSyntax/Syntaxer.h /Users/buddhirajgautam/Library/Developer/Xcode/DerivedData/Telegram-Mac-fygdgghdgmuleoelvxabfmqiotta/Build/Products/Debug/CodeSyntax.framework/Versions/A/Headers

CpHeader /Users/buddhirajgautam/Library/Developer/Xcode/DerivedData/Telegram-Mac-fygdgghdgmuleoelvxabfmqiotta/Build/Products/Debug/CodeSyntax.framework/Versions/A/Headers/CodeSyntax.h /Users/buddhirajgautam/Documents/Cherrygram-Mac/macOS-Swift/submodules/CodeSyntax/CodeSyntax/CodeSyntax/CodeSyntax.h (in target 'CodeSyntax' from project 'CodeSyntax')
    cd /Users/buddhirajgautam/Documents/Cherrygram-Mac/macOS-Swift/submodules/CodeSyntax/CodeSyntax
    builtin-copy -exclude .DS_Store -exclude CVS -exclude .svn -exclude .git -exclude .hg -resolve-src-symlinks /Users/buddhirajgautam/Documents/Cherrygram-Mac/macOS-Swift/submodules/CodeSyntax/CodeSyntax/CodeSyntax/CodeSyntax.h /Users/buddhirajgautam/Library/Developer/Xcode/DerivedData/Telegram-Mac-fygdgghdgmuleoelvxabfmqiotta/Build/Products/Debug/CodeSyntax.framework/Versions/A/Headers

Copy /Users/buddhirajgautam/Library/Developer/Xcode/DerivedData/Telegram-Mac-fygdgghdgmuleoelvxabfmqiotta/Build/Products/Debug/CodeSyntax.framework/Versions/A/Modules/module.modulemap /Users/buddhirajgautam/Library/Developer/Xcode/DerivedData/Telegram-Mac-fygdgghdgmuleoelvxabfmqiotta/Build/Intermediates.noindex/CodeSyntax.build/Debug/CodeSyntax.build/module.modulemap (in target 'CodeSyntax' from project 'CodeSyntax')
    cd /Users/buddhirajgautam/Documents/Cherrygram-Mac/macOS-Swift/submodules/CodeSyntax/CodeSyntax
    builtin-copy -exclude .DS_Store -exclude CVS -exclude .svn -exclude .git -exclude .hg -resolve-src-symlinks /Users/buddhirajgautam/Library/Developer/Xcode/DerivedData/Telegram-Mac-fygdgghdgmuleoelvxabfmqiotta/Build/Intermediates.noindex/CodeSyntax.build/Debug/CodeSyntax.build/module.modulemap /Users/buddhirajgautam/Library/Developer/Xcode/DerivedData/Telegram-Mac-fygdgghdgmuleoelvxabfmqiotta/Build/Products/Debug/CodeSyntax.framework/Versions/A/Modules

Copy /Users/buddhirajgautam/Library/Developer/Xcode/DerivedData/Telegram-Mac-fygdgghdgmuleoelvxabfmqiotta/Build/Intermediates.noindex/GeneratedModuleMaps/CalendarUtils.modulemap /Users/buddhirajgautam/Library/Developer/Xcode/DerivedData/Telegram-Mac-fygdgghdgmuleoelvxabfmqiotta/Build/Intermediates.noindex/CalendarUtils.build/Debug/CalendarUtils-t.build/CalendarUtils.modulemap (in target 'CalendarUtils' from project 'CalendarUtils')
    cd /Users/buddhirajgautam/Documents/Cherrygram-Mac/macOS-Swift/packages/CalendarUtils
    builtin-copy -exclude .DS_Store -exclude CVS -exclude .svn -exclude .git -exclude .hg -resolve-src-symlinks /Users/buddhirajgautam/Library/Developer/Xcode/DerivedData/Telegram-Mac-fygdgghdgmuleoelvxabfmqiotta/Build/Intermediates.noindex/CalendarUtils.build/Debug/CalendarUtils-t.build/CalendarUtils.modulemap /Users/buddhirajgautam/Library/Developer/Xcode/DerivedData/Telegram-Mac-fygdgghdgmuleoelvxabfmqiotta/Build/Intermediates.noindex/GeneratedModuleMaps

Copy /Users/buddhirajgautam/Library/Developer/Xcode/DerivedData/Telegram-Mac-fygdgghdgmuleoelvxabfmqiotta/Build/Intermediates.noindex/GeneratedModuleMaps/ApiCredentials.modulemap /Users/buddhirajgautam/Library/Developer/Xcode/DerivedData/Telegram-Mac-fygdgghdgmuleoelvxabfmqiotta/Build/Intermediates.noindex/ApiCredentials.build/Debug/ApiCredentials-t.build/ApiCredentials.modulemap (in target 'ApiCredentials' from project 'ApiCredentials')
    cd /Users/buddhirajgautam/Documents/Cherrygram-Mac/macOS-Swift/packages/ApiCredentials
    builtin-copy -exclude .DS_Store -exclude CVS -exclude .svn -exclude .git -exclude .hg -resolve-src-symlinks /Users/buddhirajgautam/Library/Developer/Xcode/DerivedData/Telegram-Mac-fygdgghdgmuleoelvxabfmqiotta/Build/Intermediates.noindex/ApiCredentials.build/Debug/ApiCredentials-t.build/ApiCredentials.modulemap /Users/buddhirajgautam/Library/Developer/Xcode/DerivedData/Telegram-Mac-fygdgghdgmuleoelvxabfmqiotta/Build/Intermediates.noindex/GeneratedModuleMaps

ProcessInfoPlistFile /Users/buddhirajgautam/Library/Developer/Xcode/DerivedData/Telegram-Mac-fygdgghdgmuleoelvxabfmqiotta/Build/Products/Debug/RLottie.framework/Versions/A/Resources/Info.plist /Users/buddhirajgautam/Documents/Cherrygram-Mac/macOS-Swift/submodules/RLottie_Xcode/RLottie/Info.plist (in target 'RLottie' from project 'RLottie_Xcode')
    cd /Users/buddhirajgautam/Documents/Cherrygram-Mac/macOS-Swift/submodules/RLottie_Xcode
    builtin-infoPlistUtility /Users/buddhirajgautam/Documents/Cherrygram-Mac/macOS-Swift/submodules/RLottie_Xcode/RLottie/Info.plist -producttype com.apple.product-type.framework -expandbuildsettings -platform macosx -o /Users/buddhirajgautam/Library/Developer/Xcode/DerivedData/Telegram-Mac-fygdgghdgmuleoelvxabfmqiotta/Build/Products/Debug/RLottie.framework/Versions/A/Resources/Info.plist

VerifyModule /Users/buddhirajgautam/Library/Developer/Xcode/DerivedData/Telegram-Mac-fygdgghdgmuleoelvxabfmqiotta/Build/Products/Debug/CodeSyntax.framework (in target 'CodeSyntax' from project 'CodeSyntax')
    cd /Users/buddhirajgautam/Documents/Cherrygram-Mac/macOS-Swift/submodules/CodeSyntax/CodeSyntax
    /Applications/Xcode.app/Contents/Developer/Toolchains/XcodeDefault.xctoolchain/usr/bin/modules-verifier /Users/buddhirajgautam/Library/Developer/Xcode/DerivedData/Telegram-Mac-fygdgghdgmuleoelvxabfmqiotta/Build/Products/Debug/CodeSyntax.framework --clang /Applications/Xcode.app/Contents/Developer/Toolchains/XcodeDefault.xctoolchain/usr/bin/clang --diagnostic-filename-map /Users/buddhirajgautam/Library/Developer/Xcode/DerivedData/Telegram-Mac-fygdgghdgmuleoelvxabfmqiotta/Build/Intermediates.noindex/CodeSyntax.build/Debug/CodeSyntax.build/CodeSyntax-diagnostic-filename-map.json --sdk /Applications/Xcode.app/Contents/Developer/Platforms/MacOSX.platform/Developer/SDKs/MacOSX27.0.sdk --intermediates-directory /Users/buddhirajgautam/Library/Developer/Xcode/DerivedData/Telegram-Mac-fygdgghdgmuleoelvxabfmqiotta/Build/Intermediates.noindex/CodeSyntax.build/Debug/CodeSyntax.build/VerifyModule --target arm64-apple-macos12.0 --language objective-c --language objective-c++ --standard gnu17 --standard gnu++20

CpResource /Users/buddhirajgautam/Library/Developer/Xcode/DerivedData/Telegram-Mac-fygdgghdgmuleoelvxabfmqiotta/Build/Products/Debug/Promises_FBLPromises.bundle/Contents/Resources/PrivacyInfo.xcprivacy /Users/buddhirajgautam/Library/Developer/Xcode/DerivedData/Telegram-Mac-fygdgghdgmuleoelvxabfmqiotta/SourcePackages/checkouts/promises/Sources/FBLPromises/Resources/PrivacyInfo.xcprivacy (in target 'Promises_FBLPromises' from project 'Promises')
    cd /Users/buddhirajgautam/Library/Developer/Xcode/DerivedData/Telegram-Mac-fygdgghdgmuleoelvxabfmqiotta/SourcePackages/checkouts/promises
    builtin-copy -exclude .DS_Store -exclude CVS -exclude .svn -exclude .git -exclude .hg -resolve-src-symlinks /Users/buddhirajgautam/Library/Developer/Xcode/DerivedData/Telegram-Mac-fygdgghdgmuleoelvxabfmqiotta/SourcePackages/checkouts/promises/Sources/FBLPromises/Resources/PrivacyInfo.xcprivacy /Users/buddhirajgautam/Library/Developer/Xcode/DerivedData/Telegram-Mac-fygdgghdgmuleoelvxabfmqiotta/Build/Products/Debug/Promises_FBLPromises.bundle/Contents/Resources

ProcessInfoPlistFile /Users/buddhirajgautam/Library/Developer/Xcode/DerivedData/Telegram-Mac-fygdgghdgmuleoelvxabfmqiotta/Build/Products/Debug/Promises_FBLPromises.bundle/Contents/Info.plist /Users/buddhirajgautam/Library/Developer/Xcode/DerivedData/Telegram-Mac-fygdgghdgmuleoelvxabfmqiotta/Build/Intermediates.noindex/Promises.build/Debug/Promises_FBLPromises-b.build/empty-Promises_FBLPromises.plist (in target 'Promises_FBLPromises' from project 'Promises')
    cd /Users/buddhirajgautam/Library/Developer/Xcode/DerivedData/Telegram-Mac-fygdgghdgmuleoelvxabfmqiotta/SourcePackages/checkouts/promises
    builtin-infoPlistUtility /Users/buddhirajgautam/Library/Developer/Xcode/DerivedData/Telegram-Mac-fygdgghdgmuleoelvxabfmqiotta/Build/Intermediates.noindex/Promises.build/Debug/Promises_FBLPromises-b.build/empty-Promises_FBLPromises.plist -producttype com.apple.product-type.bundle -expandbuildsettings -platform macosx -o /Users/buddhirajgautam/Library/Developer/Xcode/DerivedData/Telegram-Mac-fygdgghdgmuleoelvxabfmqiotta/Build/Products/Debug/Promises_FBLPromises.bundle/Contents/Info.plist

CpResource /Users/buddhirajgautam/Library/Developer/Xcode/DerivedData/Telegram-Mac-fygdgghdgmuleoelvxabfmqiotta/Build/Products/Debug/PrivateCallScreen_PrivateCallScreen.bundle/Contents/Resources/Assets.xcassets /Users/buddhirajgautam/Documents/Cherrygram-Mac/macOS-Swift/packages/PrivateCallScreen/Sources/Resources/Assets.xcassets (in target 'PrivateCallScreen_PrivateCallScreen' from project 'PrivateCallScreen')
    cd /Users/buddhirajgautam/Documents/Cherrygram-Mac/macOS-Swift/packages/PrivateCallScreen
    builtin-copy -exclude .DS_Store -exclude CVS -exclude .svn -exclude .git -exclude .hg -resolve-src-symlinks /Users/buddhirajgautam/Documents/Cherrygram-Mac/macOS-Swift/packages/PrivateCallScreen/Sources/Resources/Assets.xcassets /Users/buddhirajgautam/Library/Developer/Xcode/DerivedData/Telegram-Mac-fygdgghdgmuleoelvxabfmqiotta/Build/Products/Debug/PrivateCallScreen_PrivateCallScreen.bundle/Contents/Resources

ProcessInfoPlistFile /Users/buddhirajgautam/Library/Developer/Xcode/DerivedData/Telegram-Mac-fygdgghdgmuleoelvxabfmqiotta/Build/Products/Debug/PrivateCallScreen_PrivateCallScreen.bundle/Contents/Info.plist /Users/buddhirajgautam/Library/Developer/Xcode/DerivedData/Telegram-Mac-fygdgghdgmuleoelvxabfmqiotta/Build/Intermediates.noindex/PrivateCallScreen.build/Debug/PrivateCallScreen_PrivateCallScreen-b.build/empty-PrivateCallScreen_PrivateCallScreen.plist (in target 'PrivateCallScreen_PrivateCallScreen' from project 'PrivateCallScreen')
    cd /Users/buddhirajgautam/Documents/Cherrygram-Mac/macOS-Swift/packages/PrivateCallScreen
    builtin-infoPlistUtility /Users/buddhirajgautam/Library/Developer/Xcode/DerivedData/Telegram-Mac-fygdgghdgmuleoelvxabfmqiotta/Build/Intermediates.noindex/PrivateCallScreen.build/Debug/PrivateCallScreen_PrivateCallScreen-b.build/empty-PrivateCallScreen_PrivateCallScreen.plist -producttype com.apple.product-type.bundle -expandbuildsettings -platform macosx -o /Users/buddhirajgautam/Library/Developer/Xcode/DerivedData/Telegram-Mac-fygdgghdgmuleoelvxabfmqiotta/Build/Products/Debug/PrivateCallScreen_PrivateCallScreen.bundle/Contents/Info.plist

ProcessInfoPlistFile /Users/buddhirajgautam/Library/Developer/Xcode/DerivedData/Telegram-Mac-fygdgghdgmuleoelvxabfmqiotta/Build/Products/Debug/MetalEngine_MetalEngine.bundle/Contents/Info.plist /Users/buddhirajgautam/Library/Developer/Xcode/DerivedData/Telegram-Mac-fygdgghdgmuleoelvxabfmqiotta/Build/Intermediates.noindex/MetalEngine.build/Debug/MetalEngine_MetalEngine-b.build/empty-MetalEngine_MetalEngine.plist (in target 'MetalEngine_MetalEngine' from project 'MetalEngine')
    cd /Users/buddhirajgautam/Documents/Cherrygram-Mac/macOS-Swift/submodules/telegram-ios/submodules/MetalEngine
    builtin-infoPlistUtility /Users/buddhirajgautam/Library/Developer/Xcode/DerivedData/Telegram-Mac-fygdgghdgmuleoelvxabfmqiotta/Build/Intermediates.noindex/MetalEngine.build/Debug/MetalEngine_MetalEngine-b.build/empty-MetalEngine_MetalEngine.plist -producttype com.apple.product-type.bundle -expandbuildsettings -platform macosx -o /Users/buddhirajgautam/Library/Developer/Xcode/DerivedData/Telegram-Mac-fygdgghdgmuleoelvxabfmqiotta/Build/Products/Debug/MetalEngine_MetalEngine.bundle/Contents/Info.plist

CpResource /Users/buddhirajgautam/Library/Developer/Xcode/DerivedData/Telegram-Mac-fygdgghdgmuleoelvxabfmqiotta/Build/Products/Debug/MetalEngine_MetalEngine.bundle/Contents/Resources/MetalEngineShaders.metal /Users/buddhirajgautam/Documents/Cherrygram-Mac/macOS-Swift/submodules/telegram-ios/submodules/MetalEngine/Sources/MetalEngineShaders.metal (in target 'MetalEngine_MetalEngine' from project 'MetalEngine')
    cd /Users/buddhirajgautam/Documents/Cherrygram-Mac/macOS-Swift/submodules/telegram-ios/submodules/MetalEngine
    builtin-copy -exclude .DS_Store -exclude CVS -exclude .svn -exclude .git -exclude .hg -resolve-src-symlinks /Users/buddhirajgautam/Documents/Cherrygram-Mac/macOS-Swift/submodules/telegram-ios/submodules/MetalEngine/Sources/MetalEngineShaders.metal /Users/buddhirajgautam/Library/Developer/Xcode/DerivedData/Telegram-Mac-fygdgghdgmuleoelvxabfmqiotta/Build/Products/Debug/MetalEngine_MetalEngine.bundle/Contents/Resources

CpResource /Users/buddhirajgautam/Library/Developer/Xcode/DerivedData/Telegram-Mac-fygdgghdgmuleoelvxabfmqiotta/Build/Products/Debug/GoogleUtilities_GoogleUtilities-UserDefaults.bundle/Contents/Resources/PrivacyInfo.xcprivacy /Users/buddhirajgautam/Library/Developer/Xcode/DerivedData/Telegram-Mac-fygdgghdgmuleoelvxabfmqiotta/SourcePackages/checkouts/GoogleUtilities/GoogleUtilities/UserDefaults/Resources/PrivacyInfo.xcprivacy (in target 'GoogleUtilities_GoogleUtilities-UserDefaults' from project 'GoogleUtilities')
    cd /Users/buddhirajgautam/Library/Developer/Xcode/DerivedData/Telegram-Mac-fygdgghdgmuleoelvxabfmqiotta/SourcePackages/checkouts/GoogleUtilities
    builtin-copy -exclude .DS_Store -exclude CVS -exclude .svn -exclude .git -exclude .hg -resolve-src-symlinks /Users/buddhirajgautam/Library/Developer/Xcode/DerivedData/Telegram-Mac-fygdgghdgmuleoelvxabfmqiotta/SourcePackages/checkouts/GoogleUtilities/GoogleUtilities/UserDefaults/Resources/PrivacyInfo.xcprivacy /Users/buddhirajgautam/Library/Developer/Xcode/DerivedData/Telegram-Mac-fygdgghdgmuleoelvxabfmqiotta/Build/Products/Debug/GoogleUtilities_GoogleUtilities-UserDefaults.bundle/Contents/Resources

ProcessInfoPlistFile /Users/buddhirajgautam/Library/Developer/Xcode/DerivedData/Telegram-Mac-fygdgghdgmuleoelvxabfmqiotta/Build/Products/Debug/GoogleUtilities_GoogleUtilities-UserDefaults.bundle/Contents/Info.plist /Users/buddhirajgautam/Library/Developer/Xcode/DerivedData/Telegram-Mac-fygdgghdgmuleoelvxabfmqiotta/Build/Intermediates.noindex/GoogleUtilities.build/Debug/GoogleUtilities_GoogleUtilities-UserDefaults-b.build/empty-GoogleUtilities_GoogleUtilities-UserDefaults.plist (in target 'GoogleUtilities_GoogleUtilities-UserDefaults' from project 'GoogleUtilities')
    cd /Users/buddhirajgautam/Library/Developer/Xcode/DerivedData/Telegram-Mac-fygdgghdgmuleoelvxabfmqiotta/SourcePackages/checkouts/GoogleUtilities
    builtin-infoPlistUtility /Users/buddhirajgautam/Library/Developer/Xcode/DerivedData/Telegram-Mac-fygdgghdgmuleoelvxabfmqiotta/Build/Intermediates.noindex/GoogleUtilities.build/Debug/GoogleUtilities_GoogleUtilities-UserDefaults-b.build/empty-GoogleUtilities_GoogleUtilities-UserDefaults.plist -producttype com.apple.product-type.bundle -expandbuildsettings -platform macosx -o /Users/buddhirajgautam/Library/Developer/Xcode/DerivedData/Telegram-Mac-fygdgghdgmuleoelvxabfmqiotta/Build/Products/Debug/GoogleUtilities_GoogleUtilities-UserDefaults.bundle/Contents/Info.plist

ProcessInfoPlistFile /Users/buddhirajgautam/Library/Developer/Xcode/DerivedData/Telegram-Mac-fygdgghdgmuleoelvxabfmqiotta/Build/Products/Debug/GoogleUtilities_GoogleUtilities-Reachability.bundle/Contents/Info.plist /Users/buddhirajgautam/Library/Developer/Xcode/DerivedData/Telegram-Mac-fygdgghdgmuleoelvxabfmqiotta/Build/Intermediates.noindex/GoogleUtilities.build/Debug/GoogleUtilities_GoogleUtilities-Reachability-b.build/empty-GoogleUtilities_GoogleUtilities-Reachability.plist (in target 'GoogleUtilities_GoogleUtilities-Reachability' from project 'GoogleUtilities')
    cd /Users/buddhirajgautam/Library/Developer/Xcode/DerivedData/Telegram-Mac-fygdgghdgmuleoelvxabfmqiotta/SourcePackages/checkouts/GoogleUtilities
    builtin-infoPlistUtility /Users/buddhirajgautam/Library/Developer/Xcode/DerivedData/Telegram-Mac-fygdgghdgmuleoelvxabfmqiotta/Build/Intermediates.noindex/GoogleUtilities.build/Debug/GoogleUtilities_GoogleUtilities-Reachability-b.build/empty-GoogleUtilities_GoogleUtilities-Reachability.plist -producttype com.apple.product-type.bundle -expandbuildsettings -platform macosx -o /Users/buddhirajgautam/Library/Developer/Xcode/DerivedData/Telegram-Mac-fygdgghdgmuleoelvxabfmqiotta/Build/Products/Debug/GoogleUtilities_GoogleUtilities-Reachability.bundle/Contents/Info.plist

CpResource /Users/buddhirajgautam/Library/Developer/Xcode/DerivedData/Telegram-Mac-fygdgghdgmuleoelvxabfmqiotta/Build/Products/Debug/GoogleUtilities_GoogleUtilities-Reachability.bundle/Contents/Resources/PrivacyInfo.xcprivacy /Users/buddhirajgautam/Library/Developer/Xcode/DerivedData/Telegram-Mac-fygdgghdgmuleoelvxabfmqiotta/SourcePackages/checkouts/GoogleUtilities/GoogleUtilities/Reachability/Resources/PrivacyInfo.xcprivacy (in target 'GoogleUtilities_GoogleUtilities-Reachability' from project 'GoogleUtilities')
    cd /Users/buddhirajgautam/Library/Developer/Xcode/DerivedData/Telegram-Mac-fygdgghdgmuleoelvxabfmqiotta/SourcePackages/checkouts/GoogleUtilities
    builtin-copy -exclude .DS_Store -exclude CVS -exclude .svn -exclude .git -exclude .hg -resolve-src-symlinks /Users/buddhirajgautam/Library/Developer/Xcode/DerivedData/Telegram-Mac-fygdgghdgmuleoelvxabfmqiotta/SourcePackages/checkouts/GoogleUtilities/GoogleUtilities/Reachability/Resources/PrivacyInfo.xcprivacy /Users/buddhirajgautam/Library/Developer/Xcode/DerivedData/Telegram-Mac-fygdgghdgmuleoelvxabfmqiotta/Build/Products/Debug/GoogleUtilities_GoogleUtilities-Reachability.bundle/Contents/Resources

ProcessInfoPlistFile /Users/buddhirajgautam/Library/Developer/Xcode/DerivedData/Telegram-Mac-fygdgghdgmuleoelvxabfmqiotta/Build/Products/Debug/GoogleUtilities_GoogleUtilities-Network.bundle/Contents/Info.plist /Users/buddhirajgautam/Library/Developer/Xcode/DerivedData/Telegram-Mac-fygdgghdgmuleoelvxabfmqiotta/Build/Intermediates.noindex/GoogleUtilities.build/Debug/GoogleUtilities_GoogleUtilities-Network-b.build/empty-GoogleUtilities_GoogleUtilities-Network.plist (in target 'GoogleUtilities_GoogleUtilities-Network' from project 'GoogleUtilities')
    cd /Users/buddhirajgautam/Library/Developer/Xcode/DerivedData/Telegram-Mac-fygdgghdgmuleoelvxabfmqiotta/SourcePackages/checkouts/GoogleUtilities
    builtin-infoPlistUtility /Users/buddhirajgautam/Library/Developer/Xcode/DerivedData/Telegram-Mac-fygdgghdgmuleoelvxabfmqiotta/Build/Intermediates.noindex/GoogleUtilities.build/Debug/GoogleUtilities_GoogleUtilities-Network-b.build/empty-GoogleUtilities_GoogleUtilities-Network.plist -producttype com.apple.product-type.bundle -expandbuildsettings -platform macosx -o /Users/buddhirajgautam/Library/Developer/Xcode/DerivedData/Telegram-Mac-fygdgghdgmuleoelvxabfmqiotta/Build/Products/Debug/GoogleUtilities_GoogleUtilities-Network.bundle/Contents/Info.plist

CpResource /Users/buddhirajgautam/Library/Developer/Xcode/DerivedData/Telegram-Mac-fygdgghdgmuleoelvxabfmqiotta/Build/Products/Debug/GoogleUtilities_GoogleUtilities-Network.bundle/Contents/Resources/PrivacyInfo.xcprivacy /Users/buddhirajgautam/Library/Developer/Xcode/DerivedData/Telegram-Mac-fygdgghdgmuleoelvxabfmqiotta/SourcePackages/checkouts/GoogleUtilities/GoogleUtilities/Network/Resources/PrivacyInfo.xcprivacy (in target 'GoogleUtilities_GoogleUtilities-Network' from project 'GoogleUtilities')
    cd /Users/buddhirajgautam/Library/Developer/Xcode/DerivedData/Telegram-Mac-fygdgghdgmuleoelvxabfmqiotta/SourcePackages/checkouts/GoogleUtilities
    builtin-copy -exclude .DS_Store -exclude CVS -exclude .svn -exclude .git -exclude .hg -resolve-src-symlinks /Users/buddhirajgautam/Library/Developer/Xcode/DerivedData/Telegram-Mac-fygdgghdgmuleoelvxabfmqiotta/SourcePackages/checkouts/GoogleUtilities/GoogleUtilities/Network/Resources/PrivacyInfo.xcprivacy /Users/buddhirajgautam/Library/Developer/Xcode/DerivedData/Telegram-Mac-fygdgghdgmuleoelvxabfmqiotta/Build/Products/Debug/GoogleUtilities_GoogleUtilities-Network.bundle/Contents/Resources

ProcessInfoPlistFile /Users/buddhirajgautam/Library/Developer/Xcode/DerivedData/Telegram-Mac-fygdgghdgmuleoelvxabfmqiotta/Build/Products/Debug/GoogleUtilities_GoogleUtilities-NSData.bundle/Contents/Info.plist /Users/buddhirajgautam/Library/Developer/Xcode/DerivedData/Telegram-Mac-fygdgghdgmuleoelvxabfmqiotta/Build/Intermediates.noindex/GoogleUtilities.build/Debug/GoogleUtilities_GoogleUtilities-NSData-b.build/empty-GoogleUtilities_GoogleUtilities-NSData.plist (in target 'GoogleUtilities_GoogleUtilities-NSData' from project 'GoogleUtilities')
    cd /Users/buddhirajgautam/Library/Developer/Xcode/DerivedData/Telegram-Mac-fygdgghdgmuleoelvxabfmqiotta/SourcePackages/checkouts/GoogleUtilities
    builtin-infoPlistUtility /Users/buddhirajgautam/Library/Developer/Xcode/DerivedData/Telegram-Mac-fygdgghdgmuleoelvxabfmqiotta/Build/Intermediates.noindex/GoogleUtilities.build/Debug/GoogleUtilities_GoogleUtilities-NSData-b.build/empty-GoogleUtilities_GoogleUtilities-NSData.plist -producttype com.apple.product-type.bundle -expandbuildsettings -platform macosx -o /Users/buddhirajgautam/Library/Developer/Xcode/DerivedData/Telegram-Mac-fygdgghdgmuleoelvxabfmqiotta/Build/Products/Debug/GoogleUtilities_GoogleUtilities-NSData.bundle/Contents/Info.plist

CpResource /Users/buddhirajgautam/Library/Developer/Xcode/DerivedData/Telegram-Mac-fygdgghdgmuleoelvxabfmqiotta/Build/Products/Debug/GoogleUtilities_GoogleUtilities-NSData.bundle/Contents/Resources/PrivacyInfo.xcprivacy /Users/buddhirajgautam/Library/Developer/Xcode/DerivedData/Telegram-Mac-fygdgghdgmuleoelvxabfmqiotta/SourcePackages/checkouts/GoogleUtilities/GoogleUtilities/NSData+zlib/Resources/PrivacyInfo.xcprivacy (in target 'GoogleUtilities_GoogleUtilities-NSData' from project 'GoogleUtilities')
    cd /Users/buddhirajgautam/Library/Developer/Xcode/DerivedData/Telegram-Mac-fygdgghdgmuleoelvxabfmqiotta/SourcePackages/checkouts/GoogleUtilities
    builtin-copy -exclude .DS_Store -exclude CVS -exclude .svn -exclude .git -exclude .hg -resolve-src-symlinks /Users/buddhirajgautam/Library/Developer/Xcode/DerivedData/Telegram-Mac-fygdgghdgmuleoelvxabfmqiotta/SourcePackages/checkouts/GoogleUtilities/GoogleUtilities/NSData+zlib/Resources/PrivacyInfo.xcprivacy /Users/buddhirajgautam/Library/Developer/Xcode/DerivedData/Telegram-Mac-fygdgghdgmuleoelvxabfmqiotta/Build/Products/Debug/GoogleUtilities_GoogleUtilities-NSData.bundle/Contents/Resources

CpResource /Users/buddhirajgautam/Library/Developer/Xcode/DerivedData/Telegram-Mac-fygdgghdgmuleoelvxabfmqiotta/Build/Products/Debug/GoogleUtilities_GoogleUtilities-MethodSwizzler.bundle/Contents/Resources/PrivacyInfo.xcprivacy /Users/buddhirajgautam/Library/Developer/Xcode/DerivedData/Telegram-Mac-fygdgghdgmuleoelvxabfmqiotta/SourcePackages/checkouts/GoogleUtilities/GoogleUtilities/MethodSwizzler/Resources/PrivacyInfo.xcprivacy (in target 'GoogleUtilities_GoogleUtilities-MethodSwizzler' from project 'GoogleUtilities')
    cd /Users/buddhirajgautam/Library/Developer/Xcode/DerivedData/Telegram-Mac-fygdgghdgmuleoelvxabfmqiotta/SourcePackages/checkouts/GoogleUtilities
    builtin-copy -exclude .DS_Store -exclude CVS -exclude .svn -exclude .git -exclude .hg -resolve-src-symlinks /Users/buddhirajgautam/Library/Developer/Xcode/DerivedData/Telegram-Mac-fygdgghdgmuleoelvxabfmqiotta/SourcePackages/checkouts/GoogleUtilities/GoogleUtilities/MethodSwizzler/Resources/PrivacyInfo.xcprivacy /Users/buddhirajgautam/Library/Developer/Xcode/DerivedData/Telegram-Mac-fygdgghdgmuleoelvxabfmqiotta/Build/Products/Debug/GoogleUtilities_GoogleUtilities-MethodSwizzler.bundle/Contents/Resources

ProcessInfoPlistFile /Users/buddhirajgautam/Library/Developer/Xcode/DerivedData/Telegram-Mac-fygdgghdgmuleoelvxabfmqiotta/Build/Products/Debug/GoogleUtilities_GoogleUtilities-MethodSwizzler.bundle/Contents/Info.plist /Users/buddhirajgautam/Library/Developer/Xcode/DerivedData/Telegram-Mac-fygdgghdgmuleoelvxabfmqiotta/Build/Intermediates.noindex/GoogleUtilities.build/Debug/GoogleUtilities_GoogleUtilities-MethodSwizzler-b.build/empty-GoogleUtilities_GoogleUtilities-MethodSwizzler.plist (in target 'GoogleUtilities_GoogleUtilities-MethodSwizzler' from project 'GoogleUtilities')
    cd /Users/buddhirajgautam/Library/Developer/Xcode/DerivedData/Telegram-Mac-fygdgghdgmuleoelvxabfmqiotta/SourcePackages/checkouts/GoogleUtilities
    builtin-infoPlistUtility /Users/buddhirajgautam/Library/Developer/Xcode/DerivedData/Telegram-Mac-fygdgghdgmuleoelvxabfmqiotta/Build/Intermediates.noindex/GoogleUtilities.build/Debug/GoogleUtilities_GoogleUtilities-MethodSwizzler-b.build/empty-GoogleUtilities_GoogleUtilities-MethodSwizzler.plist -producttype com.apple.product-type.bundle -expandbuildsettings -platform macosx -o /Users/buddhirajgautam/Library/Developer/Xcode/DerivedData/Telegram-Mac-fygdgghdgmuleoelvxabfmqiotta/Build/Products/Debug/GoogleUtilities_GoogleUtilities-MethodSwizzler.bundle/Contents/Info.plist

ProcessInfoPlistFile /Users/buddhirajgautam/Library/Developer/Xcode/DerivedData/Telegram-Mac-fygdgghdgmuleoelvxabfmqiotta/Build/Products/Debug/GoogleUtilities_GoogleUtilities-Logger.bundle/Contents/Info.plist /Users/buddhirajgautam/Library/Developer/Xcode/DerivedData/Telegram-Mac-fygdgghdgmuleoelvxabfmqiotta/Build/Intermediates.noindex/GoogleUtilities.build/Debug/GoogleUtilities_GoogleUtilities-Logger-b.build/empty-GoogleUtilities_GoogleUtilities-Logger.plist (in target 'GoogleUtilities_GoogleUtilities-Logger' from project 'GoogleUtilities')
    cd /Users/buddhirajgautam/Library/Developer/Xcode/DerivedData/Telegram-Mac-fygdgghdgmuleoelvxabfmqiotta/SourcePackages/checkouts/GoogleUtilities
    builtin-infoPlistUtility /Users/buddhirajgautam/Library/Developer/Xcode/DerivedData/Telegram-Mac-fygdgghdgmuleoelvxabfmqiotta/Build/Intermediates.noindex/GoogleUtilities.build/Debug/GoogleUtilities_GoogleUtilities-Logger-b.build/empty-GoogleUtilities_GoogleUtilities-Logger.plist -producttype com.apple.product-type.bundle -expandbuildsettings -platform macosx -o /Users/buddhirajgautam/Library/Developer/Xcode/DerivedData/Telegram-Mac-fygdgghdgmuleoelvxabfmqiotta/Build/Products/Debug/GoogleUtilities_GoogleUtilities-Logger.bundle/Contents/Info.plist

CpResource /Users/buddhirajgautam/Library/Developer/Xcode/DerivedData/Telegram-Mac-fygdgghdgmuleoelvxabfmqiotta/Build/Products/Debug/GoogleUtilities_GoogleUtilities-Logger.bundle/Contents/Resources/PrivacyInfo.xcprivacy /Users/buddhirajgautam/Library/Developer/Xcode/DerivedData/Telegram-Mac-fygdgghdgmuleoelvxabfmqiotta/SourcePackages/checkouts/GoogleUtilities/GoogleUtilities/Logger/Resources/PrivacyInfo.xcprivacy (in target 'GoogleUtilities_GoogleUtilities-Logger' from project 'GoogleUtilities')
    cd /Users/buddhirajgautam/Library/Developer/Xcode/DerivedData/Telegram-Mac-fygdgghdgmuleoelvxabfmqiotta/SourcePackages/checkouts/GoogleUtilities
    builtin-copy -exclude .DS_Store -exclude CVS -exclude .svn -exclude .git -exclude .hg -resolve-src-symlinks /Users/buddhirajgautam/Library/Developer/Xcode/DerivedData/Telegram-Mac-fygdgghdgmuleoelvxabfmqiotta/SourcePackages/checkouts/GoogleUtilities/GoogleUtilities/Logger/Resources/PrivacyInfo.xcprivacy /Users/buddhirajgautam/Library/Developer/Xcode/DerivedData/Telegram-Mac-fygdgghdgmuleoelvxabfmqiotta/Build/Products/Debug/GoogleUtilities_GoogleUtilities-Logger.bundle/Contents/Resources

ProcessInfoPlistFile /Users/buddhirajgautam/Library/Developer/Xcode/DerivedData/Telegram-Mac-fygdgghdgmuleoelvxabfmqiotta/Build/Products/Debug/GoogleUtilities_GoogleUtilities-Environment.bundle/Contents/Info.plist /Users/buddhirajgautam/Library/Developer/Xcode/DerivedData/Telegram-Mac-fygdgghdgmuleoelvxabfmqiotta/Build/Intermediates.noindex/GoogleUtilities.build/Debug/GoogleUtilities_GoogleUtilities-Environment-b.build/empty-GoogleUtilities_GoogleUtilities-Environment.plist (in target 'GoogleUtilities_GoogleUtilities-Environment' from project 'GoogleUtilities')
    cd /Users/buddhirajgautam/Library/Developer/Xcode/DerivedData/Telegram-Mac-fygdgghdgmuleoelvxabfmqiotta/SourcePackages/checkouts/GoogleUtilities
    builtin-infoPlistUtility /Users/buddhirajgautam/Library/Developer/Xcode/DerivedData/Telegram-Mac-fygdgghdgmuleoelvxabfmqiotta/Build/Intermediates.noindex/GoogleUtilities.build/Debug/GoogleUtilities_GoogleUtilities-Environment-b.build/empty-GoogleUtilities_GoogleUtilities-Environment.plist -producttype com.apple.product-type.bundle -expandbuildsettings -platform macosx -o /Users/buddhirajgautam/Library/Developer/Xcode/DerivedData/Telegram-Mac-fygdgghdgmuleoelvxabfmqiotta/Build/Products/Debug/GoogleUtilities_GoogleUtilities-Environment.bundle/Contents/Info.plist

CpResource /Users/buddhirajgautam/Library/Developer/Xcode/DerivedData/Telegram-Mac-fygdgghdgmuleoelvxabfmqiotta/Build/Products/Debug/GoogleUtilities_GoogleUtilities-Environment.bundle/Contents/Resources/PrivacyInfo.xcprivacy /Users/buddhirajgautam/Library/Developer/Xcode/DerivedData/Telegram-Mac-fygdgghdgmuleoelvxabfmqiotta/SourcePackages/checkouts/GoogleUtilities/GoogleUtilities/Environment/Resources/PrivacyInfo.xcprivacy (in target 'GoogleUtilities_GoogleUtilities-Environment' from project 'GoogleUtilities')
    cd /Users/buddhirajgautam/Library/Developer/Xcode/DerivedData/Telegram-Mac-fygdgghdgmuleoelvxabfmqiotta/SourcePackages/checkouts/GoogleUtilities
    builtin-copy -exclude .DS_Store -exclude CVS -exclude .svn -exclude .git -exclude .hg -resolve-src-symlinks /Users/buddhirajgautam/Library/Developer/Xcode/DerivedData/Telegram-Mac-fygdgghdgmuleoelvxabfmqiotta/SourcePackages/checkouts/GoogleUtilities/GoogleUtilities/Environment/Resources/PrivacyInfo.xcprivacy /Users/buddhirajgautam/Library/Developer/Xcode/DerivedData/Telegram-Mac-fygdgghdgmuleoelvxabfmqiotta/Build/Products/Debug/GoogleUtilities_GoogleUtilities-Environment.bundle/Contents/Resources

ProcessInfoPlistFile /Users/buddhirajgautam/Library/Developer/Xcode/DerivedData/Telegram-Mac-fygdgghdgmuleoelvxabfmqiotta/Build/Products/Debug/GoogleUtilities_GoogleUtilities-AppDelegateSwizzler.bundle/Contents/Info.plist /Users/buddhirajgautam/Library/Developer/Xcode/DerivedData/Telegram-Mac-fygdgghdgmuleoelvxabfmqiotta/Build/Intermediates.noindex/GoogleUtilities.build/Debug/GoogleUtilities_GoogleUtilities-AppDelegateSwizzler-b.build/empty-GoogleUtilities_GoogleUtilities-AppDelegateSwizzler.plist (in target 'GoogleUtilities_GoogleUtilities-AppDelegateSwizzler' from project 'GoogleUtilities')
    cd /Users/buddhirajgautam/Library/Developer/Xcode/DerivedData/Telegram-Mac-fygdgghdgmuleoelvxabfmqiotta/SourcePackages/checkouts/GoogleUtilities
    builtin-infoPlistUtility /Users/buddhirajgautam/Library/Developer/Xcode/DerivedData/Telegram-Mac-fygdgghdgmuleoelvxabfmqiotta/Build/Intermediates.noindex/GoogleUtilities.build/Debug/GoogleUtilities_GoogleUtilities-AppDelegateSwizzler-b.build/empty-GoogleUtilities_GoogleUtilities-AppDelegateSwizzler.plist -producttype com.apple.product-type.bundle -expandbuildsettings -platform macosx -o /Users/buddhirajgautam/Library/Developer/Xcode/DerivedData/Telegram-Mac-fygdgghdgmuleoelvxabfmqiotta/Build/Products/Debug/GoogleUtilities_GoogleUtilities-AppDelegateSwizzler.bundle/Contents/Info.plist

CpResource /Users/buddhirajgautam/Library/Developer/Xcode/DerivedData/Telegram-Mac-fygdgghdgmuleoelvxabfmqiotta/Build/Products/Debug/GoogleUtilities_GoogleUtilities-AppDelegateSwizzler.bundle/Contents/Resources/PrivacyInfo.xcprivacy /Users/buddhirajgautam/Library/Developer/Xcode/DerivedData/Telegram-Mac-fygdgghdgmuleoelvxabfmqiotta/SourcePackages/checkouts/GoogleUtilities/GoogleUtilities/AppDelegateSwizzler/Resources/PrivacyInfo.xcprivacy (in target 'GoogleUtilities_GoogleUtilities-AppDelegateSwizzler' from project 'GoogleUtilities')
    cd /Users/buddhirajgautam/Library/Developer/Xcode/DerivedData/Telegram-Mac-fygdgghdgmuleoelvxabfmqiotta/SourcePackages/checkouts/GoogleUtilities
    builtin-copy -exclude .DS_Store -exclude CVS -exclude .svn -exclude .git -exclude .hg -resolve-src-symlinks /Users/buddhirajgautam/Library/Developer/Xcode/DerivedData/Telegram-Mac-fygdgghdgmuleoelvxabfmqiotta/SourcePackages/checkouts/GoogleUtilities/GoogleUtilities/AppDelegateSwizzler/Resources/PrivacyInfo.xcprivacy /Users/buddhirajgautam/Library/Developer/Xcode/DerivedData/Telegram-Mac-fygdgghdgmuleoelvxabfmqiotta/Build/Products/Debug/GoogleUtilities_GoogleUtilities-AppDelegateSwizzler.bundle/Contents/Resources

RegisterExecutionPolicyException /Users/buddhirajgautam/Library/Developer/Xcode/DerivedData/Telegram-Mac-fygdgghdgmuleoelvxabfmqiotta/Build/Products/Debug/Promises_FBLPromises.bundle (in target 'Promises_FBLPromises' from project 'Promises')
    cd /Users/buddhirajgautam/Library/Developer/Xcode/DerivedData/Telegram-Mac-fygdgghdgmuleoelvxabfmqiotta/SourcePackages/checkouts/promises
    builtin-RegisterExecutionPolicyException /Users/buddhirajgautam/Library/Developer/Xcode/DerivedData/Telegram-Mac-fygdgghdgmuleoelvxabfmqiotta/Build/Products/Debug/Promises_FBLPromises.bundle

RegisterExecutionPolicyException /Users/buddhirajgautam/Library/Developer/Xcode/DerivedData/Telegram-Mac-fygdgghdgmuleoelvxabfmqiotta/Build/Products/Debug/MetalEngine_MetalEngine.bundle (in target 'MetalEngine_MetalEngine' from project 'MetalEngine')
    cd /Users/buddhirajgautam/Documents/Cherrygram-Mac/macOS-Swift/submodules/telegram-ios/submodules/MetalEngine
    builtin-RegisterExecutionPolicyException /Users/buddhirajgautam/Library/Developer/Xcode/DerivedData/Telegram-Mac-fygdgghdgmuleoelvxabfmqiotta/Build/Products/Debug/MetalEngine_MetalEngine.bundle

RegisterExecutionPolicyException /Users/buddhirajgautam/Library/Developer/Xcode/DerivedData/Telegram-Mac-fygdgghdgmuleoelvxabfmqiotta/Build/Products/Debug/PrivateCallScreen_PrivateCallScreen.bundle (in target 'PrivateCallScreen_PrivateCallScreen' from project 'PrivateCallScreen')
    cd /Users/buddhirajgautam/Documents/Cherrygram-Mac/macOS-Swift/packages/PrivateCallScreen
    builtin-RegisterExecutionPolicyException /Users/buddhirajgautam/Library/Developer/Xcode/DerivedData/Telegram-Mac-fygdgghdgmuleoelvxabfmqiotta/Build/Products/Debug/PrivateCallScreen_PrivateCallScreen.bundle

RegisterExecutionPolicyException /Users/buddhirajgautam/Library/Developer/Xcode/DerivedData/Telegram-Mac-fygdgghdgmuleoelvxabfmqiotta/Build/Products/Debug/GoogleUtilities_GoogleUtilities-UserDefaults.bundle (in target 'GoogleUtilities_GoogleUtilities-UserDefaults' from project 'GoogleUtilities')
    cd /Users/buddhirajgautam/Library/Developer/Xcode/DerivedData/Telegram-Mac-fygdgghdgmuleoelvxabfmqiotta/SourcePackages/checkouts/GoogleUtilities
    builtin-RegisterExecutionPolicyException /Users/buddhirajgautam/Library/Developer/Xcode/DerivedData/Telegram-Mac-fygdgghdgmuleoelvxabfmqiotta/Build/Products/Debug/GoogleUtilities_GoogleUtilities-UserDefaults.bundle

RegisterExecutionPolicyException /Users/buddhirajgautam/Library/Developer/Xcode/DerivedData/Telegram-Mac-fygdgghdgmuleoelvxabfmqiotta/Build/Products/Debug/GoogleUtilities_GoogleUtilities-Reachability.bundle (in target 'GoogleUtilities_GoogleUtilities-Reachability' from project 'GoogleUtilities')
    cd /Users/buddhirajgautam/Library/Developer/Xcode/DerivedData/Telegram-Mac-fygdgghdgmuleoelvxabfmqiotta/SourcePackages/checkouts/GoogleUtilities
    builtin-RegisterExecutionPolicyException /Users/buddhirajgautam/Library/Developer/Xcode/DerivedData/Telegram-Mac-fygdgghdgmuleoelvxabfmqiotta/Build/Products/Debug/GoogleUtilities_GoogleUtilities-Reachability.bundle

RegisterExecutionPolicyException /Users/buddhirajgautam/Library/Developer/Xcode/DerivedData/Telegram-Mac-fygdgghdgmuleoelvxabfmqiotta/Build/Products/Debug/GoogleUtilities_GoogleUtilities-Network.bundle (in target 'GoogleUtilities_GoogleUtilities-Network' from project 'GoogleUtilities')
    cd /Users/buddhirajgautam/Library/Developer/Xcode/DerivedData/Telegram-Mac-fygdgghdgmuleoelvxabfmqiotta/SourcePackages/checkouts/GoogleUtilities
    builtin-RegisterExecutionPolicyException /Users/buddhirajgautam/Library/Developer/Xcode/DerivedData/Telegram-Mac-fygdgghdgmuleoelvxabfmqiotta/Build/Products/Debug/GoogleUtilities_GoogleUtilities-Network.bundle

RegisterExecutionPolicyException /Users/buddhirajgautam/Library/Developer/Xcode/DerivedData/Telegram-Mac-fygdgghdgmuleoelvxabfmqiotta/Build/Products/Debug/GoogleUtilities_GoogleUtilities-NSData.bundle (in target 'GoogleUtilities_GoogleUtilities-NSData' from project 'GoogleUtilities')
    cd /Users/buddhirajgautam/Library/Developer/Xcode/DerivedData/Telegram-Mac-fygdgghdgmuleoelvxabfmqiotta/SourcePackages/checkouts/GoogleUtilities
    builtin-RegisterExecutionPolicyException /Users/buddhirajgautam/Library/Developer/Xcode/DerivedData/Telegram-Mac-fygdgghdgmuleoelvxabfmqiotta/Build/Products/Debug/GoogleUtilities_GoogleUtilities-NSData.bundle

RegisterExecutionPolicyException /Users/buddhirajgautam/Library/Developer/Xcode/DerivedData/Telegram-Mac-fygdgghdgmuleoelvxabfmqiotta/Build/Products/Debug/GoogleUtilities_GoogleUtilities-MethodSwizzler.bundle (in target 'GoogleUtilities_GoogleUtilities-MethodSwizzler' from project 'GoogleUtilities')
    cd /Users/buddhirajgautam/Library/Developer/Xcode/DerivedData/Telegram-Mac-fygdgghdgmuleoelvxabfmqiotta/SourcePackages/checkouts/GoogleUtilities
    builtin-RegisterExecutionPolicyException /Users/buddhirajgautam/Library/Developer/Xcode/DerivedData/Telegram-Mac-fygdgghdgmuleoelvxabfmqiotta/Build/Products/Debug/GoogleUtilities_GoogleUtilities-MethodSwizzler.bundle

RegisterExecutionPolicyException /Users/buddhirajgautam/Library/Developer/Xcode/DerivedData/Telegram-Mac-fygdgghdgmuleoelvxabfmqiotta/Build/Products/Debug/GoogleUtilities_GoogleUtilities-Logger.bundle (in target 'GoogleUtilities_GoogleUtilities-Logger' from project 'GoogleUtilities')
    cd /Users/buddhirajgautam/Library/Developer/Xcode/DerivedData/Telegram-Mac-fygdgghdgmuleoelvxabfmqiotta/SourcePackages/checkouts/GoogleUtilities
    builtin-RegisterExecutionPolicyException /Users/buddhirajgautam/Library/Developer/Xcode/DerivedData/Telegram-Mac-fygdgghdgmuleoelvxabfmqiotta/Build/Products/Debug/GoogleUtilities_GoogleUtilities-Logger.bundle

RegisterExecutionPolicyException /Users/buddhirajgautam/Library/Developer/Xcode/DerivedData/Telegram-Mac-fygdgghdgmuleoelvxabfmqiotta/Build/Products/Debug/GoogleUtilities_GoogleUtilities-Environment.bundle (in target 'GoogleUtilities_GoogleUtilities-Environment' from project 'GoogleUtilities')
    cd /Users/buddhirajgautam/Library/Developer/Xcode/DerivedData/Telegram-Mac-fygdgghdgmuleoelvxabfmqiotta/SourcePackages/checkouts/GoogleUtilities
    builtin-RegisterExecutionPolicyException /Users/buddhirajgautam/Library/Developer/Xcode/DerivedData/Telegram-Mac-fygdgghdgmuleoelvxabfmqiotta/Build/Products/Debug/GoogleUtilities_GoogleUtilities-Environment.bundle

RegisterExecutionPolicyException /Users/buddhirajgautam/Library/Developer/Xcode/DerivedData/Telegram-Mac-fygdgghdgmuleoelvxabfmqiotta/Build/Products/Debug/GoogleUtilities_GoogleUtilities-AppDelegateSwizzler.bundle (in target 'GoogleUtilities_GoogleUtilities-AppDelegateSwizzler' from project 'GoogleUtilities')
    cd /Users/buddhirajgautam/Library/Developer/Xcode/DerivedData/Telegram-Mac-fygdgghdgmuleoelvxabfmqiotta/SourcePackages/checkouts/GoogleUtilities
    builtin-RegisterExecutionPolicyException /Users/buddhirajgautam/Library/Developer/Xcode/DerivedData/Telegram-Mac-fygdgghdgmuleoelvxabfmqiotta/Build/Products/Debug/GoogleUtilities_GoogleUtilities-AppDelegateSwizzler.bundle

Touch /Users/buddhirajgautam/Library/Developer/Xcode/DerivedData/Telegram-Mac-fygdgghdgmuleoelvxabfmqiotta/Build/Products/Debug/Promises_FBLPromises.bundle (in target 'Promises_FBLPromises' from project 'Promises')
    cd /Users/buddhirajgautam/Library/Developer/Xcode/DerivedData/Telegram-Mac-fygdgghdgmuleoelvxabfmqiotta/SourcePackages/checkouts/promises
    /usr/bin/touch -c /Users/buddhirajgautam/Library/Developer/Xcode/DerivedData/Telegram-Mac-fygdgghdgmuleoelvxabfmqiotta/Build/Products/Debug/Promises_FBLPromises.bundle

Ld /Users/buddhirajgautam/Library/Developer/Xcode/DerivedData/Telegram-Mac-fygdgghdgmuleoelvxabfmqiotta/Build/Intermediates.noindex/Sparkle.build/Debug/fileop.build/Objects-normal/x86_64/Binary/fileop normal x86_64 (in target 'fileop' from project 'Sparkle')
    cd /Users/buddhirajgautam/Documents/Cherrygram-Mac/macOS-Swift/submodules/Sparkle
    /Applications/Xcode.app/Contents/Developer/Toolchains/XcodeDefault.xctoolchain/usr/bin/clang -Xlinker -reproducible -target x86_64-apple-macos12.0 -isysroot /Applications/Xcode.app/Contents/Developer/Platforms/MacOSX.platform/Developer/SDKs/MacOSX27.0.sdk -Os -Xlinker -no_warn_duplicate_libraries -L/Users/buddhirajgautam/Library/Developer/Xcode/DerivedData/Telegram-Mac-fygdgghdgmuleoelvxabfmqiotta/Build/Intermediates.noindex/EagerLinkingTBDs/Debug -L/Users/buddhirajgautam/Library/Developer/Xcode/DerivedData/Telegram-Mac-fygdgghdgmuleoelvxabfmqiotta/Build/Products/Debug -F/Users/buddhirajgautam/Library/Developer/Xcode/DerivedData/Telegram-Mac-fygdgghdgmuleoelvxabfmqiotta/Build/Intermediates.noindex/EagerLinkingTBDs/Debug -F/Users/buddhirajgautam/Library/Developer/Xcode/DerivedData/Telegram-Mac-fygdgghdgmuleoelvxabfmqiotta/Build/Products/Debug -filelist /Users/buddhirajgautam/Library/Developer/Xcode/DerivedData/Telegram-Mac-fygdgghdgmuleoelvxabfmqiotta/Build/Intermediates.noindex/Sparkle.build/Debug/fileop.build/Objects-normal/x86_64/fileop.LinkFileList -Xlinker -dead_strip -Xlinker -object_path_lto -Xlinker /Users/buddhirajgautam/Library/Developer/Xcode/DerivedData/Telegram-Mac-fygdgghdgmuleoelvxabfmqiotta/Build/Intermediates.noindex/Sparkle.build/Debug/fileop.build/Objects-normal/x86_64/fileop_lto.o -Xlinker -debug_variant -Xlinker -dependency_info -Xlinker /Users/buddhirajgautam/Library/Developer/Xcode/DerivedData/Telegram-Mac-fygdgghdgmuleoelvxabfmqiotta/Build/Intermediates.noindex/Sparkle.build/Debug/fileop.build/Objects-normal/x86_64/fileop_dependency_info.dat -fobjc-arc -fobjc-link-runtime -fprofile-instr-generate -framework AppKit -framework Foundation -framework Security -o /Users/buddhirajgautam/Library/Developer/Xcode/DerivedData/Telegram-Mac-fygdgghdgmuleoelvxabfmqiotta/Build/Intermediates.noindex/Sparkle.build/Debug/fileop.build/Objects-normal/x86_64/Binary/fileop

Ld /Users/buddhirajgautam/Library/Developer/Xcode/DerivedData/Telegram-Mac-fygdgghdgmuleoelvxabfmqiotta/Build/Intermediates.noindex/Sparkle.build/Debug/fileop.build/Objects-normal/arm64/Binary/fileop normal arm64 (in target 'fileop' from project 'Sparkle')
    cd /Users/buddhirajgautam/Documents/Cherrygram-Mac/macOS-Swift/submodules/Sparkle
    /Applications/Xcode.app/Contents/Developer/Toolchains/XcodeDefault.xctoolchain/usr/bin/clang -Xlinker -reproducible -target arm64-apple-macos12.0 -isysroot /Applications/Xcode.app/Contents/Developer/Platforms/MacOSX.platform/Developer/SDKs/MacOSX27.0.sdk -Os -Xlinker -no_warn_duplicate_libraries -L/Users/buddhirajgautam/Library/Developer/Xcode/DerivedData/Telegram-Mac-fygdgghdgmuleoelvxabfmqiotta/Build/Intermediates.noindex/EagerLinkingTBDs/Debug -L/Users/buddhirajgautam/Library/Developer/Xcode/DerivedData/Telegram-Mac-fygdgghdgmuleoelvxabfmqiotta/Build/Products/Debug -F/Users/buddhirajgautam/Library/Developer/Xcode/DerivedData/Telegram-Mac-fygdgghdgmuleoelvxabfmqiotta/Build/Intermediates.noindex/EagerLinkingTBDs/Debug -F/Users/buddhirajgautam/Library/Developer/Xcode/DerivedData/Telegram-Mac-fygdgghdgmuleoelvxabfmqiotta/Build/Products/Debug -filelist /Users/buddhirajgautam/Library/Developer/Xcode/DerivedData/Telegram-Mac-fygdgghdgmuleoelvxabfmqiotta/Build/Intermediates.noindex/Sparkle.build/Debug/fileop.build/Objects-normal/arm64/fileop.LinkFileList -Xlinker -dead_strip -Xlinker -object_path_lto -Xlinker /Users/buddhirajgautam/Library/Developer/Xcode/DerivedData/Telegram-Mac-fygdgghdgmuleoelvxabfmqiotta/Build/Intermediates.noindex/Sparkle.build/Debug/fileop.build/Objects-normal/arm64/fileop_lto.o -Xlinker -debug_variant -Xlinker -dependency_info -Xlinker /Users/buddhirajgautam/Library/Developer/Xcode/DerivedData/Telegram-Mac-fygdgghdgmuleoelvxabfmqiotta/Build/Intermediates.noindex/Sparkle.build/Debug/fileop.build/Objects-normal/arm64/fileop_dependency_info.dat -fobjc-arc -fobjc-link-runtime -fprofile-instr-generate -framework AppKit -framework Foundation -framework Security -o /Users/buddhirajgautam/Library/Developer/Xcode/DerivedData/Telegram-Mac-fygdgghdgmuleoelvxabfmqiotta/Build/Intermediates.noindex/Sparkle.build/Debug/fileop.build/Objects-normal/arm64/Binary/fileop

CompileC /Users/buddhirajgautam/Library/Developer/Xcode/DerivedData/Telegram-Mac-fygdgghdgmuleoelvxabfmqiotta/Build/Intermediates.noindex/TgVoipWebrtc.build/Debug/TgVoipWebrtc-t.build/Objects-normal/arm64/objc_video_encoder_factory.o /Users/buddhirajgautam/Documents/Cherrygram-Mac/macOS-Swift/submodules/tgcalls/tgcalls/platform/darwin/objc_video_encoder_factory.mm normal arm64 objective-c++ com.apple.compilers.llvm.clang.1_0.compiler (in target 'TgVoipWebrtc' from project 'TgVoipWebrtc')
    cd /Users/buddhirajgautam/Documents/Cherrygram-Mac/macOS-Swift
    
    Using response file: /Users/buddhirajgautam/Library/Developer/Xcode/DerivedData/Telegram-Mac-fygdgghdgmuleoelvxabfmqiotta/Build/Intermediates.noindex/TgVoipWebrtc.build/Debug/TgVoipWebrtc-t.build/Objects-normal/arm64/af3fcb34312c57c0f52879cdce924b91-common-args.resp
    
    /Applications/Xcode.app/Contents/Developer/Toolchains/XcodeDefault.xctoolchain/usr/bin/clang -x objective-c++ -ivfsstatcache /Users/buddhirajgautam/Library/Developer/Xcode/DerivedData/SDKStatCaches.noindex/macosx27.0-26A425-e829b21a6f8c9b70876ba0858053c0447231f6df4def33e022ae2eb8f782df1a.sdkstatcache -target arm64-apple-macos12.0 -fmessage-length\=0 -fdiagnostics-show-note-include-stack -fmacro-backtrace-limit\=0 -fno-color-diagnostics -fmodules-prune-interval\=86400 -fmodules-prune-after\=345600 -fbuild-session-file\=/Users/buddhirajgautam/Library/Developer/Xcode/DerivedData/ModuleCache.noindex/Session.modulevalidation -fmodules-validate-once-per-build-session -Wnon-modular-include-in-framework-module -Werror\=non-modular-include-in-framework-module -Wno-trigraphs -Wno-missing-field-initializers -Wno-missing-prototypes -Wno-return-type -Wno-implicit-atomic-properties -Wno-objc-interface-ivars -Wno-arc-repeated-use-of-weak -Wno-non-virtual-dtor -Wno-overloaded-virtual -Wno-exit-time-destructors -Wno-missing-braces -Wparentheses -Wswitch -Wno-unused-function -Wno-unused-label -Wno-unused-parameter -Wno-unused-variable -Wunused-value -Wno-empty-body -Wno-uninitialized -Wno-unknown-pragmas -Wno-shadow -Wno-four-char-constants -Wno-conversion -Wno-constant-conversion -Wno-int-conversion -Wno-bool-conversion -Wno-enum-conversion -Wno-float-conversion -Wno-non-literal-null-conversion -Wno-objc-literal-conversion -Wshorten-64-to-32 -Wno-newline-eof -Wno-selector -Wno-strict-selector-match -Wno-undeclared-selector -Wno-deprecated-implementations -Wno-c++11-extensions -Wno-implicit-fallthrough -isysroot /Applications/Xcode.app/Contents/Developer/Platforms/MacOSX.platform/Developer/SDKs/MacOSX27.0.sdk -fstrict-aliasing -Wprotocol -Wdeprecated-declarations -Winvalid-offsetof -Wno-sign-conversion -Wno-infinite-recursion -Wno-move -Wno-comma -Wno-block-capture-autoreleasing -Wno-strict-prototypes -Wno-range-loop-analysis -Wno-semicolon-before-method-body -index-store-path /Users/buddhirajgautam/Library/Developer/Xcode/DerivedData/Telegram-Mac-fygdgghdgmuleoelvxabfmqiotta/Index.noindex/DataStore @/Users/buddhirajgautam/Library/Developer/Xcode/DerivedData/Telegram-Mac-fygdgghdgmuleoelvxabfmqiotta/Build/Intermediates.noindex/TgVoipWebrtc.build/Debug/TgVoipWebrtc-t.build/Objects-normal/arm64/af3fcb34312c57c0f52879cdce924b91-common-args.resp -MMD -MT dependencies -MF /Users/buddhirajgautam/Library/Developer/Xcode/DerivedData/Telegram-Mac-fygdgghdgmuleoelvxabfmqiotta/Build/Intermediates.noindex/TgVoipWebrtc.build/Debug/TgVoipWebrtc-t.build/Objects-normal/arm64/objc_video_encoder_factory.d --serialize-diagnostics /Users/buddhirajgautam/Library/Developer/Xcode/DerivedData/Telegram-Mac-fygdgghdgmuleoelvxabfmqiotta/Build/Intermediates.noindex/TgVoipWebrtc.build/Debug/TgVoipWebrtc-t.build/Objects-normal/arm64/objc_video_encoder_factory.dia -c /Users/buddhirajgautam/Documents/Cherrygram-Mac/macOS-Swift/submodules/tgcalls/tgcalls/platform/darwin/objc_video_encoder_factory.mm -o /Users/buddhirajgautam/Library/Developer/Xcode/DerivedData/Telegram-Mac-fygdgghdgmuleoelvxabfmqiotta/Build/Intermediates.noindex/TgVoipWebrtc.build/Debug/TgVoipWebrtc-t.build/Objects-normal/arm64/objc_video_encoder_factory.o -index-unit-output-path /TgVoipWebrtc.build/Debug/TgVoipWebrtc-t.build/Objects-normal/arm64/objc_video_encoder_factory.o
In file included from /Users/buddhirajgautam/Documents/Cherrygram-Mac/macOS-Swift/submodules/tgcalls/tgcalls/platform/darwin/objc_video_encoder_factory.mm:11:
In file included from /Users/buddhirajgautam/Documents/Cherrygram-Mac/macOS-Swift/submodules/tgcalls/tgcalls/platform/darwin/objc_video_encoder_factory.h:18:
In file included from /Users/buddhirajgautam/Documents/Cherrygram-Mac/macOS-Swift/submodules/tgcalls/SharedHeaders/webrtc/api/video_codecs/video_encoder_factory.h:18:
In file included from /Users/buddhirajgautam/Documents/Cherrygram-Mac/macOS-Swift/submodules/tgcalls/SharedHeaders/webrtc/third_party/abseil-cpp/absl/types/optional.h:39:
In file included from /Users/buddhirajgautam/Documents/Cherrygram-Mac/macOS-Swift/submodules/tgcalls/SharedHeaders/webrtc/third_party/abseil-cpp/absl/utility/utility.h:45:
/Users/buddhirajgautam/Documents/Cherrygram-Mac/macOS-Swift/submodules/tgcalls/SharedHeaders/webrtc/third_party/abseil-cpp/absl/meta/type_traits.h:511:36: warning: builtin __is_trivially_relocatable is deprecated; use __builtin_is_cpp_trivially_relocatable instead [-Wdeprecated-builtins]
  511 |     : std::integral_constant<bool, __is_trivially_relocatable(T)> {};
      |                                    ^
/Users/buddhirajgautam/Documents/Cherrygram-Mac/macOS-Swift/submodules/tgcalls/tgcalls/platform/darwin/objc_video_encoder_factory.mm:52:12: warning: implicit conversion loses integer precision: 'NSInteger' (aka 'long') to 'int32_t' (aka 'int') [-Wshorten-64-to-32]
   52 |     return [encoder_ startEncodeWithSettings:settings
      |     ~~~~~~ ^~~~~~~~~~~~~~~~~~~~~~~~~~~~~~~~~~~~~~~~~~
   53 |                                numberOfCores:encoder_settings.number_of_cores];
      |                                ~~~~~~~~~~~~~~~~~~~~~~~~~~~~~~~~~~~~~~~~~~~~~~~
/Users/buddhirajgautam/Documents/Cherrygram-Mac/macOS-Swift/submodules/tgcalls/tgcalls/platform/darwin/objc_video_encoder_factory.mm:82:39: warning: implicit conversion loses integer precision: 'NSInteger' (aka 'long') to 'int32_t' (aka 'int') [-Wshorten-64-to-32]
   82 |   int32_t Release() override { return [encoder_ releaseEncoder]; }
      |                                ~~~~~~ ^~~~~~~~~~~~~~~~~~~~~~~~~
/Users/buddhirajgautam/Documents/Cherrygram-Mac/macOS-Swift/submodules/tgcalls/tgcalls/platform/darwin/objc_video_encoder_factory.mm:93:14: warning: implicit conversion loses integer precision: 'NSInteger' (aka 'long') to 'int32_t' (aka 'int') [-Wshorten-64-to-32]
   93 |     result = [encoder_ encode:ToObjCVideoFrame(frame)
      |            ~ ^~~~~~~~~~~~~~~~~~~~~~~~~~~~~~~~~~~~~~~~
   94 |           codecSpecificInfo:nil
      |           ~~~~~~~~~~~~~~~~~~~~~
   95 |                  frameTypes:rtcFrameTypes];
      |                  ~~~~~~~~~~~~~~~~~~~~~~~~~
/Users/buddhirajgautam/Documents/Cherrygram-Mac/macOS-Swift/submodules/tgcalls/tgcalls/platform/darwin/objc_video_encoder_factory.mm:112:80: warning: implicit conversion loses integer precision: 'NSInteger' (aka 'long') to 'int' [-Wshorten-64-to-32]
  112 |     info.scaling_settings = qp_thresholds ? ScalingSettings(qp_thresholds.low, qp_thresholds.high) :
      |                                             ~~~~~~~~~~~~~~~                    ^~~~~~~~~~~~~~~~~~
/Users/buddhirajgautam/Documents/Cherrygram-Mac/macOS-Swift/submodules/tgcalls/tgcalls/platform/darwin/objc_video_encoder_factory.mm:112:61: warning: implicit conversion loses integer precision: 'NSInteger' (aka 'long') to 'int' [-Wshorten-64-to-32]
  112 |     info.scaling_settings = qp_thresholds ? ScalingSettings(qp_thresholds.low, qp_thresholds.high) :
      |                                             ~~~~~~~~~~~~~~~ ^~~~~~~~~~~~~~~~~
In file included from /Users/buddhirajgautam/Documents/Cherrygram-Mac/macOS-Swift/submodules/tgcalls/tgcalls/platform/darwin/objc_video_encoder_factory.mm:11:
In file included from /Users/buddhirajgautam/Documents/Cherrygram-Mac/macOS-Swift/submodules/tgcalls/tgcalls/platform/darwin/objc_video_encoder_factory.h:18:
In file included from /Users/buddhirajgautam/Documents/Cherrygram-Mac/macOS-Swift/submodules/tgcalls/SharedHeaders/webrtc/api/video_codecs/video_encoder_factory.h:18:
In file included from /Users/buddhirajgautam/Documents/Cherrygram-Mac/macOS-Swift/submodules/tgcalls/SharedHeaders/webrtc/third_party/abseil-cpp/absl/types/optional.h:39:
In file included from /Users/buddhirajgautam/Documents/Cherrygram-Mac/macOS-Swift/submodules/tgcalls/SharedHeaders/webrtc/third_party/abseil-cpp/absl/utility/utility.h:45:
/Users/buddhirajgautam/Documents/Cherrygram-Mac/macOS-Swift/submodules/tgcalls/SharedHeaders/webrtc/third_party/abseil-cpp/absl/meta/type_traits.h:511:36: warning: builtin __is_trivially_relocatable is deprecated; use __builtin_is_cpp_trivially_relocatable instead [-Wdeprecated-builtins]
  511 |     : std::integral_constant<bool, __is_trivially_relocatable(T)> {};
      |                                    ^
In file included from /Users/buddhirajgautam/Documents/Cherrygram-Mac/macOS-Swift/submodules/tgcalls/tgcalls/platform/darwin/objc_video_encoder_factory.mm:11:
In file included from /Users/buddhirajgautam/Documents/Cherrygram-Mac/macOS-Swift/submodules/tgcalls/tgcalls/platform/darwin/objc_video_encoder_factory.h:18:
In file included from /Users/buddhirajgautam/Documents/Cherrygram-Mac/macOS-Swift/submodules/tgcalls/SharedHeaders/webrtc/api/video_codecs/video_encoder_factory.h:21:
In file included from /Users/buddhirajgautam/Documents/Cherrygram-Mac/macOS-Swift/submodules/tgcalls/SharedHeaders/webrtc/api/video_codecs/sdp_video_format.h:17:
In file included from /Users/buddhirajgautam/Documents/Cherrygram-Mac/macOS-Swift/submodules/tgcalls/SharedHeaders/webrtc/third_party/abseil-cpp/absl/container/inlined_vector.h:53:
/Users/buddhirajgautam/Documents/Cherrygram-Mac/macOS-Swift/submodules/tgcalls/SharedHeaders/webrtc/third_party/abseil-cpp/absl/container/internal/inlined_vector.h:522:22: note: in instantiation of template class 'absl::is_trivially_relocatable<webrtc::DecodeTargetIndication>' requested here
  522 |                absl::is_trivially_relocatable<V>::value ||
      |                      ^
In file included from /Users/buddhirajgautam/Documents/Cherrygram-Mac/macOS-Swift/submodules/tgcalls/tgcalls/platform/darwin/objc_video_encoder_factory.mm:11:
In file included from /Users/buddhirajgautam/Documents/Cherrygram-Mac/macOS-Swift/submodules/tgcalls/tgcalls/platform/darwin/objc_video_encoder_factory.h:18:
In file included from /Users/buddhirajgautam/Documents/Cherrygram-Mac/macOS-Swift/submodules/tgcalls/SharedHeaders/webrtc/api/video_codecs/video_encoder_factory.h:19:
In file included from /Users/buddhirajgautam/Documents/Cherrygram-Mac/macOS-Swift/submodules/tgcalls/SharedHeaders/webrtc/api/units/data_rate.h:22:
In file included from /Users/buddhirajgautam/Documents/Cherrygram-Mac/macOS-Swift/submodules/tgcalls/SharedHeaders/webrtc/api/units/data_size.h:21:
In file included from /Users/buddhirajgautam/Documents/Cherrygram-Mac/macOS-Swift/submodules/tgcalls/SharedHeaders/webrtc/rtc_base/units/unit_base.h:20:
In file included from /Users/buddhirajgautam/Documents/Cherrygram-Mac/macOS-Swift/submodules/tgcalls/SharedHeaders/webrtc/rtc_base/checks.h:58:
In file included from /Users/buddhirajgautam/Documents/Cherrygram-Mac/macOS-Swift/submodules/tgcalls/SharedHeaders/webrtc/third_party/abseil-cpp/absl/strings/string_view.h:43:
/Users/buddhirajgautam/Documents/Cherrygram-Mac/macOS-Swift/submodules/tgcalls/SharedHeaders/webrtc/third_party/abseil-cpp/absl/base/macros.h:128:49: note: expanded from macro 'ABSL_HARDENING_ASSERT'
  128 | #define ABSL_HARDENING_ASSERT(expr) ABSL_ASSERT(expr)
      |                                                 ^
/Users/buddhirajgautam/Documents/Cherrygram-Mac/macOS-Swift/submodules/tgcalls/SharedHeaders/webrtc/third_party/abseil-cpp/absl/base/macros.h:95:30: note: expanded from macro 'ABSL_ASSERT'
   95 |   (false ? static_cast<void>(expr) : static_cast<void>(0))
      |                              ^
In file included from /Users/buddhirajgautam/Documents/Cherrygram-Mac/macOS-Swift/submodules/tgcalls/tgcalls/platform/darwin/objc_video_encoder_factory.mm:11:
In file included from /Users/buddhirajgautam/Documents/Cherrygram-Mac/macOS-Swift/submodules/tgcalls/tgcalls/platform/darwin/objc_video_encoder_factory.h:18:
In file included from /Users/buddhirajgautam/Documents/Cherrygram-Mac/macOS-Swift/submodules/tgcalls/SharedHeaders/webrtc/api/video_codecs/video_encoder_factory.h:21:
In file included from /Users/buddhirajgautam/Documents/Cherrygram-Mac/macOS-Swift/submodules/tgcalls/SharedHeaders/webrtc/api/video_codecs/sdp_video_format.h:17:
/Users/buddhirajgautam/Documents/Cherrygram-Mac/macOS-Swift/submodules/tgcalls/SharedHeaders/webrtc/third_party/abseil-cpp/absl/container/inlined_vector.h:856:14: note: in instantiation of member function 'absl::inlined_vector_internal::Storage<webrtc::DecodeTargetIndication, 10, std::allocator<webrtc::DecodeTargetIndication>>::MemcpyFrom' requested here
  856 |     storage_.MemcpyFrom(other.storage_);
      |              ^
/Users/buddhirajgautam/Documents/Cherrygram-Mac/macOS-Swift/submodules/tgcalls/SharedHeaders/webrtc/third_party/abseil-cpp/absl/container/inlined_vector.h:548:7: note: in instantiation of member function 'absl::InlinedVector<webrtc::DecodeTargetIndication, 10>::MoveAssignment' requested here
  548 |       MoveAssignment(MoveAssignmentPolicy{}, std::move(other));
      |       ^
In file included from /Users/buddhirajgautam/Documents/Cherrygram-Mac/macOS-Swift/submodules/tgcalls/tgcalls/platform/darwin/objc_video_encoder_factory.mm:18:
In file included from /Users/buddhirajgautam/Documents/Cherrygram-Mac/macOS-Swift/submodules/tgcalls/SharedHeaders/webrtc/sdk/objc/components/video_codec/RTCCodecSpecificInfoH264+Private.h:13:
In file included from /Users/buddhirajgautam/Documents/Cherrygram-Mac/macOS-Swift/submodules/tgcalls/SharedHeaders/webrtc/modules/video_coding/include/video_codec_interface.h:21:
In file included from /Users/buddhirajgautam/Documents/Cherrygram-Mac/macOS-Swift/submodules/tgcalls/SharedHeaders/webrtc/common_video/generic_frame_descriptor/generic_frame_info.h:20:
/Users/buddhirajgautam/Documents/Cherrygram-Mac/macOS-Swift/submodules/tgcalls/SharedHeaders/webrtc/api/transport/rtp/dependency_descriptor.h:133:35: note: in instantiation of member function 'absl::InlinedVector<webrtc::DecodeTargetIndication, 10>::operator=' requested here
  133 |   this->decode_target_indications =
      |                                   ^
In file included from /Users/buddhirajgautam/Documents/Cherrygram-Mac/macOS-Swift/submodules/tgcalls/tgcalls/platform/darwin/objc_video_encoder_factory.mm:11:
In file included from /Users/buddhirajgautam/Documents/Cherrygram-Mac/macOS-Swift/submodules/tgcalls/tgcalls/platform/darwin/objc_video_encoder_factory.h:18:
In file included from /Users/buddhirajgautam/Documents/Cherrygram-Mac/macOS-Swift/submodules/tgcalls/SharedHeaders/webrtc/api/video_codecs/video_encoder_factory.h:18:
In file included from /Users/buddhirajgautam/Documents/Cherrygram-Mac/macOS-Swift/submodules/tgcalls/SharedHeaders/webrtc/third_party/abseil-cpp/absl/types/optional.h:39:
In file included from /Users/buddhirajgautam/Documents/Cherrygram-Mac/macOS-Swift/submodules/tgcalls/SharedHeaders/webrtc/third_party/abseil-cpp/absl/utility/utility.h:45:
/Users/buddhirajgautam/Documents/Cherrygram-Mac/macOS-Swift/submodules/tgcalls/SharedHeaders/webrtc/third_party/abseil-cpp/absl/meta/type_traits.h:511:36: warning: builtin __is_trivially_relocatable is deprecated; use __builtin_is_cpp_trivially_relocatable instead [-Wdeprecated-builtins]
  511 |     : std::integral_constant<bool, __is_trivially_relocatable(T)> {};
      |                                    ^
In file included from /Users/buddhirajgautam/Documents/Cherrygram-Mac/macOS-Swift/submodules/tgcalls/tgcalls/platform/darwin/objc_video_encoder_factory.mm:11:
In file included from /Users/buddhirajgautam/Documents/Cherrygram-Mac/macOS-Swift/submodules/tgcalls/tgcalls/platform/darwin/objc_video_encoder_factory.h:18:
In file included from /Users/buddhirajgautam/Documents/Cherrygram-Mac/macOS-Swift/submodules/tgcalls/SharedHeaders/webrtc/api/video_codecs/video_encoder_factory.h:21:
In file included from /Users/buddhirajgautam/Documents/Cherrygram-Mac/macOS-Swift/submodules/tgcalls/SharedHeaders/webrtc/api/video_codecs/sdp_video_format.h:17:
In file included from /Users/buddhirajgautam/Documents/Cherrygram-Mac/macOS-Swift/submodules/tgcalls/SharedHeaders/webrtc/third_party/abseil-cpp/absl/container/inlined_vector.h:53:
/Users/buddhirajgautam/Documents/Cherrygram-Mac/macOS-Swift/submodules/tgcalls/SharedHeaders/webrtc/third_party/abseil-cpp/absl/container/internal/inlined_vector.h:522:22: note: in instantiation of template class 'absl::is_trivially_relocatable<int>' requested here
  522 |                absl::is_trivially_relocatable<V>::value ||
      |                      ^
In file included from /Users/buddhirajgautam/Documents/Cherrygram-Mac/macOS-Swift/submodules/tgcalls/tgcalls/platform/darwin/objc_video_encoder_factory.mm:11:
In file included from /Users/buddhirajgautam/Documents/Cherrygram-Mac/macOS-Swift/submodules/tgcalls/tgcalls/platform/darwin/objc_video_encoder_factory.h:18:
In file included from /Users/buddhirajgautam/Documents/Cherrygram-Mac/macOS-Swift/submodules/tgcalls/SharedHeaders/webrtc/api/video_codecs/video_encoder_factory.h:19:
In file included from /Users/buddhirajgautam/Documents/Cherrygram-Mac/macOS-Swift/submodules/tgcalls/SharedHeaders/webrtc/api/units/data_rate.h:22:
In file included from /Users/buddhirajgautam/Documents/Cherrygram-Mac/macOS-Swift/submodules/tgcalls/SharedHeaders/webrtc/api/units/data_size.h:21:
In file included from /Users/buddhirajgautam/Documents/Cherrygram-Mac/macOS-Swift/submodules/tgcalls/SharedHeaders/webrtc/rtc_base/units/unit_base.h:20:
In file included from /Users/buddhirajgautam/Documents/Cherrygram-Mac/macOS-Swift/submodules/tgcalls/SharedHeaders/webrtc/rtc_base/checks.h:58:
In file included from /Users/buddhirajgautam/Documents/Cherrygram-Mac/macOS-Swift/submodules/tgcalls/SharedHeaders/webrtc/third_party/abseil-cpp/absl/strings/string_view.h:43:
/Users/buddhirajgautam/Documents/Cherrygram-Mac/macOS-Swift/submodules/tgcalls/SharedHeaders/webrtc/third_party/abseil-cpp/absl/base/macros.h:128:49: note: expanded from macro 'ABSL_HARDENING_ASSERT'
  128 | #define ABSL_HARDENING_ASSERT(expr) ABSL_ASSERT(expr)
      |                                                 ^
/Users/buddhirajgautam/Documents/Cherrygram-Mac/macOS-Swift/submodules/tgcalls/SharedHeaders/webrtc/third_party/abseil-cpp/absl/base/macros.h:95:30: note: expanded from macro 'ABSL_ASSERT'
   95 |   (false ? static_cast<void>(expr) : static_cast<void>(0))
      |                              ^
In file included from /Users/buddhirajgautam/Documents/Cherrygram-Mac/macOS-Swift/submodules/tgcalls/tgcalls/platform/darwin/objc_video_encoder_factory.mm:11:
In file included from /Users/buddhirajgautam/Documents/Cherrygram-Mac/macOS-Swift/submodules/tgcalls/tgcalls/platform/darwin/objc_video_encoder_factory.h:18:
In file included from /Users/buddhirajgautam/Documents/Cherrygram-Mac/macOS-Swift/submodules/tgcalls/SharedHeaders/webrtc/api/video_codecs/video_encoder_factory.h:21:
In file included from /Users/buddhirajgautam/Documents/Cherrygram-Mac/macOS-Swift/submodules/tgcalls/SharedHeaders/webrtc/api/video_codecs/sdp_video_format.h:17:
/Users/buddhirajgautam/Documents/Cherrygram-Mac/macOS-Swift/submodules/tgcalls/SharedHeaders/webrtc/third_party/abseil-cpp/absl/container/inlined_vector.h:195:16: note: in instantiation of member function 'absl::inlined_vector_internal::Storage<int, 4, std::allocator<int>>::MemcpyFrom' requested here
  195 |       storage_.MemcpyFrom(other.storage_);
      |                ^
/Users/buddhirajgautam/Documents/Cherrygram-Mac/macOS-Swift/submodules/tgcalls/SharedHeaders/webrtc/third_party/abseil-cpp/absl/container/inlined_vector.h:177:9: note: in instantiation of member function 'absl::InlinedVector<int, 4>::InlinedVector' requested here
  177 |       : InlinedVector(other, other.storage_.GetAllocator()) {}
      |         ^
In file included from /Users/buddhirajgautam/Documents/Cherrygram-Mac/macOS-Swift/submodules/tgcalls/tgcalls/platform/darwin/objc_video_encoder_factory.mm:18:
In file included from /Users/buddhirajgautam/Documents/Cherrygram-Mac/macOS-Swift/submodules/tgcalls/SharedHeaders/webrtc/sdk/objc/components/video_codec/RTCCodecSpecificInfoH264+Private.h:13:
In file included from /Users/buddhirajgautam/Documents/Cherrygram-Mac/macOS-Swift/submodules/tgcalls/SharedHeaders/webrtc/modules/video_coding/include/video_codec_interface.h:21:
In file included from /Users/buddhirajgautam/Documents/Cherrygram-Mac/macOS-Swift/submodules/tgcalls/SharedHeaders/webrtc/common_video/generic_frame_descriptor/generic_frame_info.h:20:
/Users/buddhirajgautam/Documents/Cherrygram-Mac/macOS-Swift/submodules/tgcalls/SharedHeaders/webrtc/api/transport/rtp/dependency_descriptor.h:37:8: note: in instantiation of member function 'absl::InlinedVector<int, 4>::InlinedVector' requested here
   37 | struct FrameDependencyTemplate {
      |        ^
In file included from /Users/buddhirajgautam/Documents/Cherrygram-Mac/macOS-Swift/submodules/tgcalls/tgcalls/platform/darwin/objc_video_encoder_factory.mm:11:
In file included from /Users/buddhirajgautam/Documents/Cherrygram-Mac/macOS-Swift/submodules/tgcalls/tgcalls/platform/darwin/objc_video_encoder_factory.h:18:
In file included from /Users/buddhirajgautam/Documents/Cherrygram-Mac/macOS-Swift/submodules/tgcalls/SharedHeaders/webrtc/api/video_codecs/video_encoder_factory.h:18:
In file included from /Users/buddhirajgautam/Documents/Cherrygram-Mac/macOS-Swift/submodules/tgcalls/SharedHeaders/webrtc/third_party/abseil-cpp/absl/types/optional.h:39:
In file included from /Users/buddhirajgautam/Documents/Cherrygram-Mac/macOS-Swift/submodules/tgcalls/SharedHeaders/webrtc/third_party/abseil-cpp/absl/utility/utility.h:45:
/Users/buddhirajgautam/Documents/Cherrygram-Mac/macOS-Swift/submodules/tgcalls/SharedHeaders/webrtc/third_party/abseil-cpp/absl/meta/type_traits.h:511:36: warning: builtin __is_trivially_relocatable is deprecated; use __builtin_is_cpp_trivially_relocatable instead [-Wdeprecated-builtins]
  511 |     : std::integral_constant<bool, __is_trivially_relocatable(T)> {};
      |                                    ^
In file included from /Users/buddhirajgautam/Documents/Cherrygram-Mac/macOS-Swift/submodules/tgcalls/tgcalls/platform/darwin/objc_video_encoder_factory.mm:11:
In file included from /Users/buddhirajgautam/Documents/Cherrygram-Mac/macOS-Swift/submodules/tgcalls/tgcalls/platform/darwin/objc_video_encoder_factory.h:18:
In file included from /Users/buddhirajgautam/Documents/Cherrygram-Mac/macOS-Swift/submodules/tgcalls/SharedHeaders/webrtc/api/video_codecs/video_encoder_factory.h:21:
In file included from /Users/buddhirajgautam/Documents/Cherrygram-Mac/macOS-Swift/submodules/tgcalls/SharedHeaders/webrtc/api/video_codecs/sdp_video_format.h:17:
In file included from /Users/buddhirajgautam/Documents/Cherrygram-Mac/macOS-Swift/submodules/tgcalls/SharedHeaders/webrtc/third_party/abseil-cpp/absl/container/inlined_vector.h:53:
/Users/buddhirajgautam/Documents/Cherrygram-Mac/macOS-Swift/submodules/tgcalls/SharedHeaders/webrtc/third_party/abseil-cpp/absl/container/internal/inlined_vector.h:522:22: note: in instantiation of template class 'absl::is_trivially_relocatable<webrtc::RenderResolution>' requested here
  522 |                absl::is_trivially_relocatable<V>::value ||
      |                      ^
In file included from /Users/buddhirajgautam/Documents/Cherrygram-Mac/macOS-Swift/submodules/tgcalls/tgcalls/platform/darwin/objc_video_encoder_factory.mm:11:
In file included from /Users/buddhirajgautam/Documents/Cherrygram-Mac/macOS-Swift/submodules/tgcalls/tgcalls/platform/darwin/objc_video_encoder_factory.h:18:
In file included from /Users/buddhirajgautam/Documents/Cherrygram-Mac/macOS-Swift/submodules/tgcalls/SharedHeaders/webrtc/api/video_codecs/video_encoder_factory.h:19:
In file included from /Users/buddhirajgautam/Documents/Cherrygram-Mac/macOS-Swift/submodules/tgcalls/SharedHeaders/webrtc/api/units/data_rate.h:22:
In file included from /Users/buddhirajgautam/Documents/Cherrygram-Mac/macOS-Swift/submodules/tgcalls/SharedHeaders/webrtc/api/units/data_size.h:21:
In file included from /Users/buddhirajgautam/Documents/Cherrygram-Mac/macOS-Swift/submodules/tgcalls/SharedHeaders/webrtc/rtc_base/units/unit_base.h:20:
In file included from /Users/buddhirajgautam/Documents/Cherrygram-Mac/macOS-Swift/submodules/tgcalls/SharedHeaders/webrtc/rtc_base/checks.h:58:
In file included from /Users/buddhirajgautam/Documents/Cherrygram-Mac/macOS-Swift/submodules/tgcalls/SharedHeaders/webrtc/third_party/abseil-cpp/absl/strings/string_view.h:43:
/Users/buddhirajgautam/Documents/Cherrygram-Mac/macOS-Swift/submodules/tgcalls/SharedHeaders/webrtc/third_party/abseil-cpp/absl/base/macros.h:128:49: note: expanded from macro 'ABSL_HARDENING_ASSERT'
  128 | #define ABSL_HARDENING_ASSERT(expr) ABSL_ASSERT(expr)
      |                                                 ^
/Users/buddhirajgautam/Documents/Cherrygram-Mac/macOS-Swift/submodules/tgcalls/SharedHeaders/webrtc/third_party/abseil-cpp/absl/base/macros.h:95:30: note: expanded from macro 'ABSL_ASSERT'
   95 |   (false ? static_cast<void>(expr) : static_cast<void>(0))
      |                              ^
In file included from /Users/buddhirajgautam/Documents/Cherrygram-Mac/macOS-Swift/submodules/tgcalls/tgcalls/platform/darwin/objc_video_encoder_factory.mm:11:
In file included from /Users/buddhirajgautam/Documents/Cherrygram-Mac/macOS-Swift/submodules/tgcalls/tgcalls/platform/darwin/objc_video_encoder_factory.h:18:
In file included from /Users/buddhirajgautam/Documents/Cherrygram-Mac/macOS-Swift/submodules/tgcalls/SharedHeaders/webrtc/api/video_codecs/video_encoder_factory.h:21:
In file included from /Users/buddhirajgautam/Documents/Cherrygram-Mac/macOS-Swift/submodules/tgcalls/SharedHeaders/webrtc/api/video_codecs/sdp_video_format.h:17:
/Users/buddhirajgautam/Documents/Cherrygram-Mac/macOS-Swift/submodules/tgcalls/SharedHeaders/webrtc/third_party/abseil-cpp/absl/container/inlined_vector.h:195:16: note: in instantiation of member function 'absl::inlined_vector_internal::Storage<webrtc::RenderResolution, 4, std::allocator<webrtc::RenderResolution>>::MemcpyFrom' requested here
  195 |       storage_.MemcpyFrom(other.storage_);
      |                ^
/Users/buddhirajgautam/Documents/Cherrygram-Mac/macOS-Swift/submodules/tgcalls/SharedHeaders/webrtc/third_party/abseil-cpp/absl/container/inlined_vector.h:177:9: note: in instantiation of member function 'absl::InlinedVector<webrtc::RenderResolution, 4>::InlinedVector' requested here
  177 |       : InlinedVector(other, other.storage_.GetAllocator()) {}
      |         ^
In file included from /Users/buddhirajgautam/Documents/Cherrygram-Mac/macOS-Swift/submodules/tgcalls/tgcalls/platform/darwin/objc_video_encoder_factory.mm:18:
In file included from /Users/buddhirajgautam/Documents/Cherrygram-Mac/macOS-Swift/submodules/tgcalls/SharedHeaders/webrtc/sdk/objc/components/video_codec/RTCCodecSpecificInfoH264+Private.h:13:
In file included from /Users/buddhirajgautam/Documents/Cherrygram-Mac/macOS-Swift/submodules/tgcalls/SharedHeaders/webrtc/modules/video_coding/include/video_codec_interface.h:21:
In file included from /Users/buddhirajgautam/Documents/Cherrygram-Mac/macOS-Swift/submodules/tgcalls/SharedHeaders/webrtc/common_video/generic_frame_descriptor/generic_frame_info.h:20:
/Users/buddhirajgautam/Documents/Cherrygram-Mac/macOS-Swift/submodules/tgcalls/SharedHeaders/webrtc/api/transport/rtp/dependency_descriptor.h:61:8: note: in instantiation of member function 'absl::InlinedVector<webrtc::RenderResolution, 4>::InlinedVector' requested here
   61 | struct FrameDependencyStructure {
      |        ^
9 warnings generated.

SwiftDriver Zip normal arm64 com.apple.xcode.tools.swift.compiler (in target 'Zip' from project 'Zip')
    cd /Users/buddhirajgautam/Documents/Cherrygram-Mac/macOS-Swift
    builtin-SwiftDriver -- /Applications/Xcode.app/Contents/Developer/Toolchains/XcodeDefault.xctoolchain/usr/bin/swiftc -parse-as-library -module-name Zip -Onone @/Users/buddhirajgautam/Library/Developer/Xcode/DerivedData/Telegram-Mac-fygdgghdgmuleoelvxabfmqiotta/Build/Intermediates.noindex/Zip.build/Debug/Zip-t.build/Objects-normal/arm64/Zip.SwiftFileList -DSWIFT_PACKAGE -DDEBUG -DSWIFT_MODULE_RESOURCE_BUNDLE_UNAVAILABLE -Xcc -fmodule-map-file\=/Users/buddhirajgautam/Library/Developer/Xcode/DerivedData/Telegram-Mac-fygdgghdgmuleoelvxabfmqiotta/Build/Intermediates.noindex/GeneratedModuleMaps/minizip.modulemap -DXcode -plugin-path /Applications/Xcode.app/Contents/Developer/Toolchains/XcodeDefault.xctoolchain/usr/lib/swift/host/plugins/testing -enable-experimental-feature DebugDescriptionMacro -sdk /Applications/Xcode.app/Contents/Developer/Platforms/MacOSX.platform/Developer/SDKs/MacOSX27.0.sdk -target arm64-apple-macos12.0 -g -module-cache-path /Users/buddhirajgautam/Library/Developer/Xcode/DerivedData/ModuleCache.noindex -Xfrontend -serialize-debugging-options -profile-coverage-mapping -profile-generate -enable-testing -index-store-path /Users/buddhirajgautam/Library/Developer/Xcode/DerivedData/Telegram-Mac-fygdgghdgmuleoelvxabfmqiotta/Index.noindex/DataStore -Xcc -D_LIBCPP_HARDENING_MODE\=_LIBCPP_HARDENING_MODE_DEBUG -swift-version 5 -I /Users/buddhirajgautam/Library/Developer/Xcode/DerivedData/Telegram-Mac-fygdgghdgmuleoelvxabfmqiotta/Build/Products/Debug -Isystem /Applications/Xcode.app/Contents/Developer/Platforms/MacOSX.platform/Developer/usr/lib -F /Users/buddhirajgautam/Library/Developer/Xcode/DerivedData/Telegram-Mac-fygdgghdgmuleoelvxabfmqiotta/Build/Products/Debug/PackageFrameworks -F /Users/buddhirajgautam/Library/Developer/Xcode/DerivedData/Telegram-Mac-fygdgghdgmuleoelvxabfmqiotta/Build/Products/Debug -F /Applications/Xcode.app/Contents/Developer/Platforms/MacOSX.platform/Developer/Library/Frameworks -c -j8 -enable-batch-mode -incremental -Xcc -ivfsstatcache -Xcc /Users/buddhirajgautam/Library/Developer/Xcode/DerivedData/SDKStatCaches.noindex/macosx27.0-26A425-e829b21a6f8c9b70876ba0858053c0447231f6df4def33e022ae2eb8f782df1a.sdkstatcache -output-file-map /Users/buddhirajgautam/Library/Developer/Xcode/DerivedData/Telegram-Mac-fygdgghdgmuleoelvxabfmqiotta/Build/Intermediates.noindex/Zip.build/Debug/Zip-t.build/Objects-normal/arm64/Zip-OutputFileMap.json -save-temps -no-color-diagnostics -explicit-module-build -module-cache-path /Users/buddhirajgautam/Library/Developer/Xcode/DerivedData/Telegram-Mac-fygdgghdgmuleoelvxabfmqiotta/Build/Intermediates.noindex/SwiftExplicitPrecompiledModules -clang-scanner-module-cache-path /Users/buddhirajgautam/Library/Developer/Xcode/DerivedData/ModuleCache.noindex -sdk-module-cache-path /Users/buddhirajgautam/Library/Developer/Xcode/DerivedData/SDKExplicitPrecompiledModules -emit-dependencies -emit-module -emit-module-path /Users/buddhirajgautam/Library/Developer/Xcode/DerivedData/Telegram-Mac-fygdgghdgmuleoelvxabfmqiotta/Build/Intermediates.noindex/Zip.build/Debug/Zip-t.build/Objects-normal/arm64/Zip.swiftmodule -serialize-diagnostics -dependency-scan-serialize-diagnostics-path /Users/buddhirajgautam/Library/Developer/Xcode/DerivedData/Telegram-Mac-fygdgghdgmuleoelvxabfmqiotta/Build/Intermediates.noindex/Zip.build/Debug/Zip-t.build/Objects-normal/arm64/Zip-dependency-scan.dia -validate-clang-modules-once -clang-build-session-file /Users/buddhirajgautam/Library/Developer/Xcode/DerivedData/ModuleCache.noindex/Session.modulevalidation -Xcc -fmodules-prune-interval\=86400 -Xcc -fmodules-prune-after\=345600 -emit-const-values -const-gather-protocols-list /Users/buddhirajgautam/Library/Developer/Xcode/DerivedData/Telegram-Mac-fygdgghdgmuleoelvxabfmqiotta/Build/Intermediates.noindex/Zip.build/Debug/Zip-t.build/Objects-normal/arm64/Zip_const_extract_protocols.json -Xcc -I/Users/buddhirajgautam/Documents/Cherrygram-Mac/macOS-Swift/submodules/minizip/Sources -Xcc -I/Users/buddhirajgautam/Library/Developer/Xcode/DerivedData/Telegram-Mac-fygdgghdgmuleoelvxabfmqiotta/Build/Products/Debug/include -Xcc -I/Users/buddhirajgautam/Library/Developer/Xcode/DerivedData/Telegram-Mac-fygdgghdgmuleoelvxabfmqiotta/Build/Intermediates.noindex/Zip.build/Debug/Zip-t.build/DerivedSources-normal/arm64 -Xcc -I/Users/buddhirajgautam/Library/Developer/Xcode/DerivedData/Telegram-Mac-fygdgghdgmuleoelvxabfmqiotta/Build/Intermediates.noindex/Zip.build/Debug/Zip-t.build/DerivedSources/arm64 -Xcc -I/Users/buddhirajgautam/Library/Developer/Xcode/DerivedData/Telegram-Mac-fygdgghdgmuleoelvxabfmqiotta/Build/Intermediates.noindex/Zip.build/Debug/Zip-t.build/DerivedSources -Xcc -DSWIFT_PACKAGE -Xcc -DDEBUG\=1 -emit-objc-header -emit-objc-header-path /Users/buddhirajgautam/Library/Developer/Xcode/DerivedData/Telegram-Mac-fygdgghdgmuleoelvxabfmqiotta/Build/Intermediates.noindex/Zip.build/Debug/Zip-t.build/Objects-normal/arm64/Zip-Swift.h -working-directory /Users/buddhirajgautam/Documents/Cherrygram-Mac/macOS-Swift -experimental-emit-module-separately -disable-cmo

SwiftDriver TelegramSystem normal arm64 com.apple.xcode.tools.swift.compiler (in target 'TelegramSystem' from project 'TelegramSystem')
    cd /Users/buddhirajgautam/Documents/Cherrygram-Mac/macOS-Swift
    builtin-SwiftDriver -- /Applications/Xcode.app/Contents/Developer/Toolchains/XcodeDefault.xctoolchain/usr/bin/swiftc -parse-as-library -module-name TelegramSystem -Onone @/Users/buddhirajgautam/Library/Developer/Xcode/DerivedData/Telegram-Mac-fygdgghdgmuleoelvxabfmqiotta/Build/Intermediates.noindex/TelegramSystem.build/Debug/TelegramSystem-t.build/Objects-normal/arm64/TelegramSystem.SwiftFileList -DSWIFT_PACKAGE -DDEBUG -DSWIFT_MODULE_RESOURCE_BUNDLE_UNAVAILABLE -DXcode -plugin-path /Applications/Xcode.app/Contents/Developer/Toolchains/XcodeDefault.xctoolchain/usr/lib/swift/host/plugins/testing -enable-experimental-feature DebugDescriptionMacro -sdk /Applications/Xcode.app/Contents/Developer/Platforms/MacOSX.platform/Developer/SDKs/MacOSX27.0.sdk -target arm64-apple-macos12.0 -g -module-cache-path /Users/buddhirajgautam/Library/Developer/Xcode/DerivedData/ModuleCache.noindex -Xfrontend -serialize-debugging-options -profile-coverage-mapping -profile-generate -enable-testing -index-store-path /Users/buddhirajgautam/Library/Developer/Xcode/DerivedData/Telegram-Mac-fygdgghdgmuleoelvxabfmqiotta/Index.noindex/DataStore -Xcc -D_LIBCPP_HARDENING_MODE\=_LIBCPP_HARDENING_MODE_DEBUG -swift-version 5 -I /Users/buddhirajgautam/Library/Developer/Xcode/DerivedData/Telegram-Mac-fygdgghdgmuleoelvxabfmqiotta/Build/Products/Debug -Isystem /Applications/Xcode.app/Contents/Developer/Platforms/MacOSX.platform/Developer/usr/lib -F /Users/buddhirajgautam/Library/Developer/Xcode/DerivedData/Telegram-Mac-fygdgghdgmuleoelvxabfmqiotta/Build/Products/Debug -F /Applications/Xcode.app/Contents/Developer/Platforms/MacOSX.platform/Developer/Library/Frameworks -c -j8 -enable-batch-mode -incremental -Xcc -ivfsstatcache -Xcc /Users/buddhirajgautam/Library/Developer/Xcode/DerivedData/SDKStatCaches.noindex/macosx27.0-26A425-e829b21a6f8c9b70876ba0858053c0447231f6df4def33e022ae2eb8f782df1a.sdkstatcache -output-file-map /Users/buddhirajgautam/Library/Developer/Xcode/DerivedData/Telegram-Mac-fygdgghdgmuleoelvxabfmqiotta/Build/Intermediates.noindex/TelegramSystem.build/Debug/TelegramSystem-t.build/Objects-normal/arm64/TelegramSystem-OutputFileMap.json -save-temps -no-color-diagnostics -explicit-module-build -module-cache-path /Users/buddhirajgautam/Library/Developer/Xcode/DerivedData/Telegram-Mac-fygdgghdgmuleoelvxabfmqiotta/Build/Intermediates.noindex/SwiftExplicitPrecompiledModules -clang-scanner-module-cache-path /Users/buddhirajgautam/Library/Developer/Xcode/DerivedData/ModuleCache.noindex -sdk-module-cache-path /Users/buddhirajgautam/Library/Developer/Xcode/DerivedData/SDKExplicitPrecompiledModules -emit-dependencies -emit-module -emit-module-path /Users/buddhirajgautam/Library/Developer/Xcode/DerivedData/Telegram-Mac-fygdgghdgmuleoelvxabfmqiotta/Build/Intermediates.noindex/TelegramSystem.build/Debug/TelegramSystem-t.build/Objects-normal/arm64/TelegramSystem.swiftmodule -serialize-diagnostics -dependency-scan-serialize-diagnostics-path /Users/buddhirajgautam/Library/Developer/Xcode/DerivedData/Telegram-Mac-fygdgghdgmuleoelvxabfmqiotta/Build/Intermediates.noindex/TelegramSystem.build/Debug/TelegramSystem-t.build/Objects-normal/arm64/TelegramSystem-dependency-scan.dia -validate-clang-modules-once -clang-build-session-file /Users/buddhirajgautam/Library/Developer/Xcode/DerivedData/ModuleCache.noindex/Session.modulevalidation -Xcc -fmodules-prune-interval\=86400 -Xcc -fmodules-prune-after\=345600 -emit-const-values -const-gather-protocols-list /Users/buddhirajgautam/Library/Developer/Xcode/DerivedData/Telegram-Mac-fygdgghdgmuleoelvxabfmqiotta/Build/Intermediates.noindex/TelegramSystem.build/Debug/TelegramSystem-t.build/Objects-normal/arm64/TelegramSystem_const_extract_protocols.json -Xcc -I/Users/buddhirajgautam/Library/Developer/Xcode/DerivedData/Telegram-Mac-fygdgghdgmuleoelvxabfmqiotta/Build/Products/Debug/include -Xcc -I/Users/buddhirajgautam/Library/Developer/Xcode/DerivedData/Telegram-Mac-fygdgghdgmuleoelvxabfmqiotta/Build/Intermediates.noindex/TelegramSystem.build/Debug/TelegramSystem-t.build/DerivedSources-normal/arm64 -Xcc -I/Users/buddhirajgautam/Library/Developer/Xcode/DerivedData/Telegram-Mac-fygdgghdgmuleoelvxabfmqiotta/Build/Intermediates.noindex/TelegramSystem.build/Debug/TelegramSystem-t.build/DerivedSources/arm64 -Xcc -I/Users/buddhirajgautam/Library/Developer/Xcode/DerivedData/Telegram-Mac-fygdgghdgmuleoelvxabfmqiotta/Build/Intermediates.noindex/TelegramSystem.build/Debug/TelegramSystem-t.build/DerivedSources -Xcc -DSWIFT_PACKAGE -Xcc -DDEBUG\=1 -emit-objc-header -emit-objc-header-path /Users/buddhirajgautam/Library/Developer/Xcode/DerivedData/Telegram-Mac-fygdgghdgmuleoelvxabfmqiotta/Build/Intermediates.noindex/TelegramSystem.build/Debug/TelegramSystem-t.build/Objects-normal/arm64/TelegramSystem-Swift.h -working-directory /Users/buddhirajgautam/Documents/Cherrygram-Mac/macOS-Swift -experimental-emit-module-separately -disable-cmo

SwiftDriver TelegramApi normal arm64 com.apple.xcode.tools.swift.compiler (in target 'TelegramApi' from project 'TelegramApi')
    cd /Users/buddhirajgautam/Documents/Cherrygram-Mac/macOS-Swift
    builtin-SwiftDriver -- /Applications/Xcode.app/Contents/Developer/Toolchains/XcodeDefault.xctoolchain/usr/bin/swiftc -parse-as-library -module-name TelegramApi -Onone @/Users/buddhirajgautam/Library/Developer/Xcode/DerivedData/Telegram-Mac-fygdgghdgmuleoelvxabfmqiotta/Build/Intermediates.noindex/TelegramApi.build/Debug/TelegramApi-t.build/Objects-normal/arm64/TelegramApi.SwiftFileList -DSWIFT_PACKAGE -DDEBUG -DSWIFT_MODULE_RESOURCE_BUNDLE_UNAVAILABLE -DXcode -plugin-path /Applications/Xcode.app/Contents/Developer/Toolchains/XcodeDefault.xctoolchain/usr/lib/swift/host/plugins/testing -enable-experimental-feature DebugDescriptionMacro -sdk /Applications/Xcode.app/Contents/Developer/Platforms/MacOSX.platform/Developer/SDKs/MacOSX27.0.sdk -target arm64-apple-macos12.0 -g -module-cache-path /Users/buddhirajgautam/Library/Developer/Xcode/DerivedData/ModuleCache.noindex -Xfrontend -serialize-debugging-options -profile-coverage-mapping -profile-generate -enable-testing -index-store-path /Users/buddhirajgautam/Library/Developer/Xcode/DerivedData/Telegram-Mac-fygdgghdgmuleoelvxabfmqiotta/Index.noindex/DataStore -Xcc -D_LIBCPP_HARDENING_MODE\=_LIBCPP_HARDENING_MODE_DEBUG -swift-version 5 -I /Users/buddhirajgautam/Library/Developer/Xcode/DerivedData/Telegram-Mac-fygdgghdgmuleoelvxabfmqiotta/Build/Products/Debug -Isystem /Applications/Xcode.app/Contents/Developer/Platforms/MacOSX.platform/Developer/usr/lib -F /Users/buddhirajgautam/Library/Developer/Xcode/DerivedData/Telegram-Mac-fygdgghdgmuleoelvxabfmqiotta/Build/Products/Debug -F /Applications/Xcode.app/Contents/Developer/Platforms/MacOSX.platform/Developer/Library/Frameworks -c -j8 -enable-batch-mode -incremental -Xcc -ivfsstatcache -Xcc /Users/buddhirajgautam/Library/Developer/Xcode/DerivedData/SDKStatCaches.noindex/macosx27.0-26A425-e829b21a6f8c9b70876ba0858053c0447231f6df4def33e022ae2eb8f782df1a.sdkstatcache -output-file-map /Users/buddhirajgautam/Library/Developer/Xcode/DerivedData/Telegram-Mac-fygdgghdgmuleoelvxabfmqiotta/Build/Intermediates.noindex/TelegramApi.build/Debug/TelegramApi-t.build/Objects-normal/arm64/TelegramApi-OutputFileMap.json -save-temps -no-color-diagnostics -explicit-module-build -module-cache-path /Users/buddhirajgautam/Library/Developer/Xcode/DerivedData/Telegram-Mac-fygdgghdgmuleoelvxabfmqiotta/Build/Intermediates.noindex/SwiftExplicitPrecompiledModules -clang-scanner-module-cache-path /Users/buddhirajgautam/Library/Developer/Xcode/DerivedData/ModuleCache.noindex -sdk-module-cache-path /Users/buddhirajgautam/Library/Developer/Xcode/DerivedData/SDKExplicitPrecompiledModules -emit-dependencies -emit-module -emit-module-path /Users/buddhirajgautam/Library/Developer/Xcode/DerivedData/Telegram-Mac-fygdgghdgmuleoelvxabfmqiotta/Build/Intermediates.noindex/TelegramApi.build/Debug/TelegramApi-t.build/Objects-normal/arm64/TelegramApi.swiftmodule -serialize-diagnostics -dependency-scan-serialize-diagnostics-path /Users/buddhirajgautam/Library/Developer/Xcode/DerivedData/Telegram-Mac-fygdgghdgmuleoelvxabfmqiotta/Build/Intermediates.noindex/TelegramApi.build/Debug/TelegramApi-t.build/Objects-normal/arm64/TelegramApi-dependency-scan.dia -validate-clang-modules-once -clang-build-session-file /Users/buddhirajgautam/Library/Developer/Xcode/DerivedData/ModuleCache.noindex/Session.modulevalidation -Xcc -fmodules-prune-interval\=86400 -Xcc -fmodules-prune-after\=345600 -emit-const-values -const-gather-protocols-list /Users/buddhirajgautam/Library/Developer/Xcode/DerivedData/Telegram-Mac-fygdgghdgmuleoelvxabfmqiotta/Build/Intermediates.noindex/TelegramApi.build/Debug/TelegramApi-t.build/Objects-normal/arm64/TelegramApi_const_extract_protocols.json -Xcc -I/Users/buddhirajgautam/Library/Developer/Xcode/DerivedData/Telegram-Mac-fygdgghdgmuleoelvxabfmqiotta/Build/Products/Debug/include -Xcc -I/Users/buddhirajgautam/Library/Developer/Xcode/DerivedData/Telegram-Mac-fygdgghdgmuleoelvxabfmqiotta/Build/Intermediates.noindex/TelegramApi.build/Debug/TelegramApi-t.build/DerivedSources-normal/arm64 -Xcc -I/Users/buddhirajgautam/Library/Developer/Xcode/DerivedData/Telegram-Mac-fygdgghdgmuleoelvxabfmqiotta/Build/Intermediates.noindex/TelegramApi.build/Debug/TelegramApi-t.build/DerivedSources/arm64 -Xcc -I/Users/buddhirajgautam/Library/Developer/Xcode/DerivedData/Telegram-Mac-fygdgghdgmuleoelvxabfmqiotta/Build/Intermediates.noindex/TelegramApi.build/Debug/TelegramApi-t.build/DerivedSources -Xcc -DSWIFT_PACKAGE -Xcc -DDEBUG\=1 -emit-objc-header -emit-objc-header-path /Users/buddhirajgautam/Library/Developer/Xcode/DerivedData/Telegram-Mac-fygdgghdgmuleoelvxabfmqiotta/Build/Intermediates.noindex/TelegramApi.build/Debug/TelegramApi-t.build/Objects-normal/arm64/TelegramApi-Swift.h -working-directory /Users/buddhirajgautam/Documents/Cherrygram-Mac/macOS-Swift -experimental-emit-module-separately -disable-cmo

SwiftDriver SwiftSignalKit normal arm64 com.apple.xcode.tools.swift.compiler (in target 'SwiftSignalKit' from project 'SSignalKit')
    cd /Users/buddhirajgautam/Documents/Cherrygram-Mac/macOS-Swift
    builtin-SwiftDriver -- /Applications/Xcode.app/Contents/Developer/Toolchains/XcodeDefault.xctoolchain/usr/bin/swiftc -parse-as-library -module-name SwiftSignalKit -Onone @/Users/buddhirajgautam/Library/Developer/Xcode/DerivedData/Telegram-Mac-fygdgghdgmuleoelvxabfmqiotta/Build/Intermediates.noindex/SSignalKit.build/Debug/SwiftSignalKit-t.build/Objects-normal/arm64/SwiftSignalKit.SwiftFileList -DSWIFT_PACKAGE -DDEBUG -DSWIFT_MODULE_RESOURCE_BUNDLE_UNAVAILABLE -DXcode -plugin-path /Applications/Xcode.app/Contents/Developer/Toolchains/XcodeDefault.xctoolchain/usr/lib/swift/host/plugins/testing -enable-experimental-feature DebugDescriptionMacro -sdk /Applications/Xcode.app/Contents/Developer/Platforms/MacOSX.platform/Developer/SDKs/MacOSX27.0.sdk -target arm64-apple-macos12.0 -g -module-cache-path /Users/buddhirajgautam/Library/Developer/Xcode/DerivedData/ModuleCache.noindex -Xfrontend -serialize-debugging-options -profile-coverage-mapping -profile-generate -enable-testing -index-store-path /Users/buddhirajgautam/Library/Developer/Xcode/DerivedData/Telegram-Mac-fygdgghdgmuleoelvxabfmqiotta/Index.noindex/DataStore -Xcc -D_LIBCPP_HARDENING_MODE\=_LIBCPP_HARDENING_MODE_DEBUG -swift-version 5 -I /Users/buddhirajgautam/Library/Developer/Xcode/DerivedData/Telegram-Mac-fygdgghdgmuleoelvxabfmqiotta/Build/Products/Debug -Isystem /Applications/Xcode.app/Contents/Developer/Platforms/MacOSX.platform/Developer/usr/lib -F /Users/buddhirajgautam/Library/Developer/Xcode/DerivedData/Telegram-Mac-fygdgghdgmuleoelvxabfmqiotta/Build/Products/Debug -F /Applications/Xcode.app/Contents/Developer/Platforms/MacOSX.platform/Developer/Library/Frameworks -c -j8 -enable-batch-mode -incremental -Xcc -ivfsstatcache -Xcc /Users/buddhirajgautam/Library/Developer/Xcode/DerivedData/SDKStatCaches.noindex/macosx27.0-26A425-e829b21a6f8c9b70876ba0858053c0447231f6df4def33e022ae2eb8f782df1a.sdkstatcache -output-file-map /Users/buddhirajgautam/Library/Developer/Xcode/DerivedData/Telegram-Mac-fygdgghdgmuleoelvxabfmqiotta/Build/Intermediates.noindex/SSignalKit.build/Debug/SwiftSignalKit-t.build/Objects-normal/arm64/SwiftSignalKit-OutputFileMap.json -save-temps -no-color-diagnostics -explicit-module-build -module-cache-path /Users/buddhirajgautam/Library/Developer/Xcode/DerivedData/Telegram-Mac-fygdgghdgmuleoelvxabfmqiotta/Build/Intermediates.noindex/SwiftExplicitPrecompiledModules -clang-scanner-module-cache-path /Users/buddhirajgautam/Library/Developer/Xcode/DerivedData/ModuleCache.noindex -sdk-module-cache-path /Users/buddhirajgautam/Library/Developer/Xcode/DerivedData/SDKExplicitPrecompiledModules -emit-dependencies -emit-module -emit-module-path /Users/buddhirajgautam/Library/Developer/Xcode/DerivedData/Telegram-Mac-fygdgghdgmuleoelvxabfmqiotta/Build/Intermediates.noindex/SSignalKit.build/Debug/SwiftSignalKit-t.build/Objects-normal/arm64/SwiftSignalKit.swiftmodule -serialize-diagnostics -dependency-scan-serialize-diagnostics-path /Users/buddhirajgautam/Library/Developer/Xcode/DerivedData/Telegram-Mac-fygdgghdgmuleoelvxabfmqiotta/Build/Intermediates.noindex/SSignalKit.build/Debug/SwiftSignalKit-t.build/Objects-normal/arm64/SwiftSignalKit-dependency-scan.dia -validate-clang-modules-once -clang-build-session-file /Users/buddhirajgautam/Library/Developer/Xcode/DerivedData/ModuleCache.noindex/Session.modulevalidation -Xcc -fmodules-prune-interval\=86400 -Xcc -fmodules-prune-after\=345600 -emit-const-values -const-gather-protocols-list /Users/buddhirajgautam/Library/Developer/Xcode/DerivedData/Telegram-Mac-fygdgghdgmuleoelvxabfmqiotta/Build/Intermediates.noindex/SSignalKit.build/Debug/SwiftSignalKit-t.build/Objects-normal/arm64/SwiftSignalKit_const_extract_protocols.json -Xcc -I/Users/buddhirajgautam/Library/Developer/Xcode/DerivedData/Telegram-Mac-fygdgghdgmuleoelvxabfmqiotta/Build/Products/Debug/include -Xcc -I/Users/buddhirajgautam/Library/Developer/Xcode/DerivedData/Telegram-Mac-fygdgghdgmuleoelvxabfmqiotta/Build/Intermediates.noindex/SSignalKit.build/Debug/SwiftSignalKit-t.build/DerivedSources-normal/arm64 -Xcc -I/Users/buddhirajgautam/Library/Developer/Xcode/DerivedData/Telegram-Mac-fygdgghdgmuleoelvxabfmqiotta/Build/Intermediates.noindex/SSignalKit.build/Debug/SwiftSignalKit-t.build/DerivedSources/arm64 -Xcc -I/Users/buddhirajgautam/Library/Developer/Xcode/DerivedData/Telegram-Mac-fygdgghdgmuleoelvxabfmqiotta/Build/Intermediates.noindex/SSignalKit.build/Debug/SwiftSignalKit-t.build/DerivedSources -Xcc -DSWIFT_PACKAGE -Xcc -DDEBUG\=1 -emit-objc-header -emit-objc-header-path /Users/buddhirajgautam/Library/Developer/Xcode/DerivedData/Telegram-Mac-fygdgghdgmuleoelvxabfmqiotta/Build/Intermediates.noindex/SSignalKit.build/Debug/SwiftSignalKit-t.build/Objects-normal/arm64/SwiftSignalKit-Swift.h -working-directory /Users/buddhirajgautam/Documents/Cherrygram-Mac/macOS-Swift -experimental-emit-module-separately -disable-cmo

SwiftDriver Strings normal arm64 com.apple.xcode.tools.swift.compiler (in target 'Strings' from project 'Strings')
    cd /Users/buddhirajgautam/Documents/Cherrygram-Mac/macOS-Swift
    builtin-SwiftDriver -- /Applications/Xcode.app/Contents/Developer/Toolchains/XcodeDefault.xctoolchain/usr/bin/swiftc -parse-as-library -module-name Strings -Onone @/Users/buddhirajgautam/Library/Developer/Xcode/DerivedData/Telegram-Mac-fygdgghdgmuleoelvxabfmqiotta/Build/Intermediates.noindex/Strings.build/Debug/Strings-t.build/Objects-normal/arm64/Strings.SwiftFileList -DSWIFT_PACKAGE -DDEBUG -DSWIFT_MODULE_RESOURCE_BUNDLE_UNAVAILABLE -DXcode -plugin-path /Applications/Xcode.app/Contents/Developer/Toolchains/XcodeDefault.xctoolchain/usr/lib/swift/host/plugins/testing -enable-experimental-feature DebugDescriptionMacro -sdk /Applications/Xcode.app/Contents/Developer/Platforms/MacOSX.platform/Developer/SDKs/MacOSX27.0.sdk -target arm64-apple-macos12.0 -g -module-cache-path /Users/buddhirajgautam/Library/Developer/Xcode/DerivedData/ModuleCache.noindex -Xfrontend -serialize-debugging-options -profile-coverage-mapping -profile-generate -enable-testing -index-store-path /Users/buddhirajgautam/Library/Developer/Xcode/DerivedData/Telegram-Mac-fygdgghdgmuleoelvxabfmqiotta/Index.noindex/DataStore -Xcc -D_LIBCPP_HARDENING_MODE\=_LIBCPP_HARDENING_MODE_DEBUG -swift-version 5 -I /Users/buddhirajgautam/Library/Developer/Xcode/DerivedData/Telegram-Mac-fygdgghdgmuleoelvxabfmqiotta/Build/Products/Debug -Isystem /Applications/Xcode.app/Contents/Developer/Platforms/MacOSX.platform/Developer/usr/lib -F /Users/buddhirajgautam/Library/Developer/Xcode/DerivedData/Telegram-Mac-fygdgghdgmuleoelvxabfmqiotta/Build/Products/Debug -F /Applications/Xcode.app/Contents/Developer/Platforms/MacOSX.platform/Developer/Library/Frameworks -c -j8 -enable-batch-mode -incremental -Xcc -ivfsstatcache -Xcc /Users/buddhirajgautam/Library/Developer/Xcode/DerivedData/SDKStatCaches.noindex/macosx27.0-26A425-e829b21a6f8c9b70876ba0858053c0447231f6df4def33e022ae2eb8f782df1a.sdkstatcache -output-file-map /Users/buddhirajgautam/Library/Developer/Xcode/DerivedData/Telegram-Mac-fygdgghdgmuleoelvxabfmqiotta/Build/Intermediates.noindex/Strings.build/Debug/Strings-t.build/Objects-normal/arm64/Strings-OutputFileMap.json -save-temps -no-color-diagnostics -explicit-module-build -module-cache-path /Users/buddhirajgautam/Library/Developer/Xcode/DerivedData/Telegram-Mac-fygdgghdgmuleoelvxabfmqiotta/Build/Intermediates.noindex/SwiftExplicitPrecompiledModules -clang-scanner-module-cache-path /Users/buddhirajgautam/Library/Developer/Xcode/DerivedData/ModuleCache.noindex -sdk-module-cache-path /Users/buddhirajgautam/Library/Developer/Xcode/DerivedData/SDKExplicitPrecompiledModules -emit-dependencies -emit-module -emit-module-path /Users/buddhirajgautam/Library/Developer/Xcode/DerivedData/Telegram-Mac-fygdgghdgmuleoelvxabfmqiotta/Build/Intermediates.noindex/Strings.build/Debug/Strings-t.build/Objects-normal/arm64/Strings.swiftmodule -serialize-diagnostics -dependency-scan-serialize-diagnostics-path /Users/buddhirajgautam/Library/Developer/Xcode/DerivedData/Telegram-Mac-fygdgghdgmuleoelvxabfmqiotta/Build/Intermediates.noindex/Strings.build/Debug/Strings-t.build/Objects-normal/arm64/Strings-dependency-scan.dia -validate-clang-modules-once -clang-build-session-file /Users/buddhirajgautam/Library/Developer/Xcode/DerivedData/ModuleCache.noindex/Session.modulevalidation -Xcc -fmodules-prune-interval\=86400 -Xcc -fmodules-prune-after\=345600 -emit-const-values -const-gather-protocols-list /Users/buddhirajgautam/Library/Developer/Xcode/DerivedData/Telegram-Mac-fygdgghdgmuleoelvxabfmqiotta/Build/Intermediates.noindex/Strings.build/Debug/Strings-t.build/Objects-normal/arm64/Strings_const_extract_protocols.json -Xcc -I/Users/buddhirajgautam/Library/Developer/Xcode/DerivedData/Telegram-Mac-fygdgghdgmuleoelvxabfmqiotta/Build/Products/Debug/include -Xcc -I/Users/buddhirajgautam/Library/Developer/Xcode/DerivedData/Telegram-Mac-fygdgghdgmuleoelvxabfmqiotta/Build/Intermediates.noindex/Strings.build/Debug/Strings-t.build/DerivedSources-normal/arm64 -Xcc -I/Users/buddhirajgautam/Library/Developer/Xcode/DerivedData/Telegram-Mac-fygdgghdgmuleoelvxabfmqiotta/Build/Intermediates.noindex/Strings.build/Debug/Strings-t.build/DerivedSources/arm64 -Xcc -I/Users/buddhirajgautam/Library/Developer/Xcode/DerivedData/Telegram-Mac-fygdgghdgmuleoelvxabfmqiotta/Build/Intermediates.noindex/Strings.build/Debug/Strings-t.build/DerivedSources -Xcc -DSWIFT_PACKAGE -Xcc -DDEBUG\=1 -emit-objc-header -emit-objc-header-path /Users/buddhirajgautam/Library/Developer/Xcode/DerivedData/Telegram-Mac-fygdgghdgmuleoelvxabfmqiotta/Build/Intermediates.noindex/Strings.build/Debug/Strings-t.build/Objects-normal/arm64/Strings-Swift.h -working-directory /Users/buddhirajgautam/Documents/Cherrygram-Mac/macOS-Swift -experimental-emit-module-separately -disable-cmo

SwiftDriver RangeSet normal arm64 com.apple.xcode.tools.swift.compiler (in target 'RangeSet' from project 'RangeSet')
    cd /Users/buddhirajgautam/Documents/Cherrygram-Mac/macOS-Swift
    builtin-SwiftDriver -- /Applications/Xcode.app/Contents/Developer/Toolchains/XcodeDefault.xctoolchain/usr/bin/swiftc -parse-as-library -module-name RangeSet -Onone @/Users/buddhirajgautam/Library/Developer/Xcode/DerivedData/Telegram-Mac-fygdgghdgmuleoelvxabfmqiotta/Build/Intermediates.noindex/RangeSet.build/Debug/RangeSet-t.build/Objects-normal/arm64/RangeSet.SwiftFileList -DSWIFT_PACKAGE -DDEBUG -DSWIFT_MODULE_RESOURCE_BUNDLE_UNAVAILABLE -DXcode -plugin-path /Applications/Xcode.app/Contents/Developer/Toolchains/XcodeDefault.xctoolchain/usr/lib/swift/host/plugins/testing -enable-experimental-feature DebugDescriptionMacro -sdk /Applications/Xcode.app/Contents/Developer/Platforms/MacOSX.platform/Developer/SDKs/MacOSX27.0.sdk -target arm64-apple-macos12.0 -g -module-cache-path /Users/buddhirajgautam/Library/Developer/Xcode/DerivedData/ModuleCache.noindex -Xfrontend -serialize-debugging-options -profile-coverage-mapping -profile-generate -enable-testing -index-store-path /Users/buddhirajgautam/Library/Developer/Xcode/DerivedData/Telegram-Mac-fygdgghdgmuleoelvxabfmqiotta/Index.noindex/DataStore -Xcc -D_LIBCPP_HARDENING_MODE\=_LIBCPP_HARDENING_MODE_DEBUG -swift-version 5 -I /Users/buddhirajgautam/Library/Developer/Xcode/DerivedData/Telegram-Mac-fygdgghdgmuleoelvxabfmqiotta/Build/Products/Debug -Isystem /Applications/Xcode.app/Contents/Developer/Platforms/MacOSX.platform/Developer/usr/lib -F /Users/buddhirajgautam/Library/Developer/Xcode/DerivedData/Telegram-Mac-fygdgghdgmuleoelvxabfmqiotta/Build/Products/Debug -F /Applications/Xcode.app/Contents/Developer/Platforms/MacOSX.platform/Developer/Library/Frameworks -c -j8 -enable-batch-mode -incremental -Xcc -ivfsstatcache -Xcc /Users/buddhirajgautam/Library/Developer/Xcode/DerivedData/SDKStatCaches.noindex/macosx27.0-26A425-e829b21a6f8c9b70876ba0858053c0447231f6df4def33e022ae2eb8f782df1a.sdkstatcache -output-file-map /Users/buddhirajgautam/Library/Developer/Xcode/DerivedData/Telegram-Mac-fygdgghdgmuleoelvxabfmqiotta/Build/Intermediates.noindex/RangeSet.build/Debug/RangeSet-t.build/Objects-normal/arm64/RangeSet-OutputFileMap.json -save-temps -no-color-diagnostics -explicit-module-build -module-cache-path /Users/buddhirajgautam/Library/Developer/Xcode/DerivedData/Telegram-Mac-fygdgghdgmuleoelvxabfmqiotta/Build/Intermediates.noindex/SwiftExplicitPrecompiledModules -clang-scanner-module-cache-path /Users/buddhirajgautam/Library/Developer/Xcode/DerivedData/ModuleCache.noindex -sdk-module-cache-path /Users/buddhirajgautam/Library/Developer/Xcode/DerivedData/SDKExplicitPrecompiledModules -emit-dependencies -emit-module -emit-module-path /Users/buddhirajgautam/Library/Developer/Xcode/DerivedData/Telegram-Mac-fygdgghdgmuleoelvxabfmqiotta/Build/Intermediates.noindex/RangeSet.build/Debug/RangeSet-t.build/Objects-normal/arm64/RangeSet.swiftmodule -serialize-diagnostics -dependency-scan-serialize-diagnostics-path /Users/buddhirajgautam/Library/Developer/Xcode/DerivedData/Telegram-Mac-fygdgghdgmuleoelvxabfmqiotta/Build/Intermediates.noindex/RangeSet.build/Debug/RangeSet-t.build/Objects-normal/arm64/RangeSet-dependency-scan.dia -validate-clang-modules-once -clang-build-session-file /Users/buddhirajgautam/Library/Developer/Xcode/DerivedData/ModuleCache.noindex/Session.modulevalidation -Xcc -fmodules-prune-interval\=86400 -Xcc -fmodules-prune-after\=345600 -emit-const-values -const-gather-protocols-list /Users/buddhirajgautam/Library/Developer/Xcode/DerivedData/Telegram-Mac-fygdgghdgmuleoelvxabfmqiotta/Build/Intermediates.noindex/RangeSet.build/Debug/RangeSet-t.build/Objects-normal/arm64/RangeSet_const_extract_protocols.json -Xcc -I/Users/buddhirajgautam/Library/Developer/Xcode/DerivedData/Telegram-Mac-fygdgghdgmuleoelvxabfmqiotta/Build/Products/Debug/include -Xcc -I/Users/buddhirajgautam/Library/Developer/Xcode/DerivedData/Telegram-Mac-fygdgghdgmuleoelvxabfmqiotta/Build/Intermediates.noindex/RangeSet.build/Debug/RangeSet-t.build/DerivedSources-normal/arm64 -Xcc -I/Users/buddhirajgautam/Library/Developer/Xcode/DerivedData/Telegram-Mac-fygdgghdgmuleoelvxabfmqiotta/Build/Intermediates.noindex/RangeSet.build/Debug/RangeSet-t.build/DerivedSources/arm64 -Xcc -I/Users/buddhirajgautam/Library/Developer/Xcode/DerivedData/Telegram-Mac-fygdgghdgmuleoelvxabfmqiotta/Build/Intermediates.noindex/RangeSet.build/Debug/RangeSet-t.build/DerivedSources -Xcc -DSWIFT_PACKAGE -Xcc -DDEBUG\=1 -emit-objc-header -emit-objc-header-path /Users/buddhirajgautam/Library/Developer/Xcode/DerivedData/Telegram-Mac-fygdgghdgmuleoelvxabfmqiotta/Build/Intermediates.noindex/RangeSet.build/Debug/RangeSet-t.build/Objects-normal/arm64/RangeSet-Swift.h -working-directory /Users/buddhirajgautam/Documents/Cherrygram-Mac/macOS-Swift -experimental-emit-module-separately -disable-cmo

CreateUniversalBinary /Users/buddhirajgautam/Library/Developer/Xcode/DerivedData/Telegram-Mac-fygdgghdgmuleoelvxabfmqiotta/Build/Products/Debug/fileop normal arm64\ x86_64 (in target 'fileop' from project 'Sparkle')
    cd /Users/buddhirajgautam/Documents/Cherrygram-Mac/macOS-Swift/submodules/Sparkle
    /Applications/Xcode.app/Contents/Developer/Toolchains/XcodeDefault.xctoolchain/usr/bin/lipo -create /Users/buddhirajgautam/Library/Developer/Xcode/DerivedData/Telegram-Mac-fygdgghdgmuleoelvxabfmqiotta/Build/Intermediates.noindex/Sparkle.build/Debug/fileop.build/Objects-normal/arm64/Binary/fileop /Users/buddhirajgautam/Library/Developer/Xcode/DerivedData/Telegram-Mac-fygdgghdgmuleoelvxabfmqiotta/Build/Intermediates.noindex/Sparkle.build/Debug/fileop.build/Objects-normal/x86_64/Binary/fileop -output /Users/buddhirajgautam/Library/Developer/Xcode/DerivedData/Telegram-Mac-fygdgghdgmuleoelvxabfmqiotta/Build/Products/Debug/fileop

SwiftEmitModule normal arm64 Emitting\ module\ for\ RangeSet (in target 'RangeSet' from project 'RangeSet')

SwiftCompile normal arm64 (in target 'RangeSet' from project 'RangeSet')
    cd /Users/buddhirajgautam/Documents/Cherrygram-Mac/macOS-Swift
    

SwiftDriver MergeLists normal arm64 com.apple.xcode.tools.swift.compiler (in target 'MergeLists' from project 'MergeLists')
    cd /Users/buddhirajgautam/Documents/Cherrygram-Mac/macOS-Swift
    builtin-SwiftDriver -- /Applications/Xcode.app/Contents/Developer/Toolchains/XcodeDefault.xctoolchain/usr/bin/swiftc -parse-as-library -module-name MergeLists -Onone @/Users/buddhirajgautam/Library/Developer/Xcode/DerivedData/Telegram-Mac-fygdgghdgmuleoelvxabfmqiotta/Build/Intermediates.noindex/MergeLists.build/Debug/MergeLists-t.build/Objects-normal/arm64/MergeLists.SwiftFileList -DSWIFT_PACKAGE -DDEBUG -DSWIFT_MODULE_RESOURCE_BUNDLE_UNAVAILABLE -DXcode -plugin-path /Applications/Xcode.app/Contents/Developer/Toolchains/XcodeDefault.xctoolchain/usr/lib/swift/host/plugins/testing -enable-experimental-feature DebugDescriptionMacro -sdk /Applications/Xcode.app/Contents/Developer/Platforms/MacOSX.platform/Developer/SDKs/MacOSX27.0.sdk -target arm64-apple-macos12.0 -g -module-cache-path /Users/buddhirajgautam/Library/Developer/Xcode/DerivedData/ModuleCache.noindex -Xfrontend -serialize-debugging-options -profile-coverage-mapping -profile-generate -enable-testing -index-store-path /Users/buddhirajgautam/Library/Developer/Xcode/DerivedData/Telegram-Mac-fygdgghdgmuleoelvxabfmqiotta/Index.noindex/DataStore -Xcc -D_LIBCPP_HARDENING_MODE\=_LIBCPP_HARDENING_MODE_DEBUG -swift-version 5 -I /Users/buddhirajgautam/Library/Developer/Xcode/DerivedData/Telegram-Mac-fygdgghdgmuleoelvxabfmqiotta/Build/Products/Debug -Isystem /Applications/Xcode.app/Contents/Developer/Platforms/MacOSX.platform/Developer/usr/lib -F /Users/buddhirajgautam/Library/Developer/Xcode/DerivedData/Telegram-Mac-fygdgghdgmuleoelvxabfmqiotta/Build/Products/Debug -F /Applications/Xcode.app/Contents/Developer/Platforms/MacOSX.platform/Developer/Library/Frameworks -c -j8 -enable-batch-mode -incremental -Xcc -ivfsstatcache -Xcc /Users/buddhirajgautam/Library/Developer/Xcode/DerivedData/SDKStatCaches.noindex/macosx27.0-26A425-e829b21a6f8c9b70876ba0858053c0447231f6df4def33e022ae2eb8f782df1a.sdkstatcache -output-file-map /Users/buddhirajgautam/Library/Developer/Xcode/DerivedData/Telegram-Mac-fygdgghdgmuleoelvxabfmqiotta/Build/Intermediates.noindex/MergeLists.build/Debug/MergeLists-t.build/Objects-normal/arm64/MergeLists-OutputFileMap.json -save-temps -no-color-diagnostics -explicit-module-build -module-cache-path /Users/buddhirajgautam/Library/Developer/Xcode/DerivedData/Telegram-Mac-fygdgghdgmuleoelvxabfmqiotta/Build/Intermediates.noindex/SwiftExplicitPrecompiledModules -clang-scanner-module-cache-path /Users/buddhirajgautam/Library/Developer/Xcode/DerivedData/ModuleCache.noindex -sdk-module-cache-path /Users/buddhirajgautam/Library/Developer/Xcode/DerivedData/SDKExplicitPrecompiledModules -emit-dependencies -emit-module -emit-module-path /Users/buddhirajgautam/Library/Developer/Xcode/DerivedData/Telegram-Mac-fygdgghdgmuleoelvxabfmqiotta/Build/Intermediates.noindex/MergeLists.build/Debug/MergeLists-t.build/Objects-normal/arm64/MergeLists.swiftmodule -serialize-diagnostics -dependency-scan-serialize-diagnostics-path /Users/buddhirajgautam/Library/Developer/Xcode/DerivedData/Telegram-Mac-fygdgghdgmuleoelvxabfmqiotta/Build/Intermediates.noindex/MergeLists.build/Debug/MergeLists-t.build/Objects-normal/arm64/MergeLists-dependency-scan.dia -validate-clang-modules-once -clang-build-session-file /Users/buddhirajgautam/Library/Developer/Xcode/DerivedData/ModuleCache.noindex/Session.modulevalidation -Xcc -fmodules-prune-interval\=86400 -Xcc -fmodules-prune-after\=345600 -emit-const-values -const-gather-protocols-list /Users/buddhirajgautam/Library/Developer/Xcode/DerivedData/Telegram-Mac-fygdgghdgmuleoelvxabfmqiotta/Build/Intermediates.noindex/MergeLists.build/Debug/MergeLists-t.build/Objects-normal/arm64/MergeLists_const_extract_protocols.json -Xcc -I/Users/buddhirajgautam/Library/Developer/Xcode/DerivedData/Telegram-Mac-fygdgghdgmuleoelvxabfmqiotta/Build/Products/Debug/include -Xcc -I/Users/buddhirajgautam/Library/Developer/Xcode/DerivedData/Telegram-Mac-fygdgghdgmuleoelvxabfmqiotta/Build/Intermediates.noindex/MergeLists.build/Debug/MergeLists-t.build/DerivedSources-normal/arm64 -Xcc -I/Users/buddhirajgautam/Library/Developer/Xcode/DerivedData/Telegram-Mac-fygdgghdgmuleoelvxabfmqiotta/Build/Intermediates.noindex/MergeLists.build/Debug/MergeLists-t.build/DerivedSources/arm64 -Xcc -I/Users/buddhirajgautam/Library/Developer/Xcode/DerivedData/Telegram-Mac-fygdgghdgmuleoelvxabfmqiotta/Build/Intermediates.noindex/MergeLists.build/Debug/MergeLists-t.build/DerivedSources -Xcc -DSWIFT_PACKAGE -Xcc -DDEBUG\=1 -emit-objc-header -emit-objc-header-path /Users/buddhirajgautam/Library/Developer/Xcode/DerivedData/Telegram-Mac-fygdgghdgmuleoelvxabfmqiotta/Build/Intermediates.noindex/MergeLists.build/Debug/MergeLists-t.build/Objects-normal/arm64/MergeLists-Swift.h -working-directory /Users/buddhirajgautam/Documents/Cherrygram-Mac/macOS-Swift -experimental-emit-module-separately -disable-cmo

SwiftDriverJobDiscovery normal arm64 Emitting module for RangeSet (in target 'RangeSet' from project 'RangeSet')

SwiftDriver\ Compilation\ Requirements RangeSet normal arm64 com.apple.xcode.tools.swift.compiler (in target 'RangeSet' from project 'RangeSet')
    cd /Users/buddhirajgautam/Documents/Cherrygram-Mac/macOS-Swift
    builtin-Swift-Compilation-Requirements -- /Applications/Xcode.app/Contents/Developer/Toolchains/XcodeDefault.xctoolchain/usr/bin/swiftc -parse-as-library -module-name RangeSet -Onone @/Users/buddhirajgautam/Library/Developer/Xcode/DerivedData/Telegram-Mac-fygdgghdgmuleoelvxabfmqiotta/Build/Intermediates.noindex/RangeSet.build/Debug/RangeSet-t.build/Objects-normal/arm64/RangeSet.SwiftFileList -DSWIFT_PACKAGE -DDEBUG -DSWIFT_MODULE_RESOURCE_BUNDLE_UNAVAILABLE -DXcode -plugin-path /Applications/Xcode.app/Contents/Developer/Toolchains/XcodeDefault.xctoolchain/usr/lib/swift/host/plugins/testing -enable-experimental-feature DebugDescriptionMacro -sdk /Applications/Xcode.app/Contents/Developer/Platforms/MacOSX.platform/Developer/SDKs/MacOSX27.0.sdk -target arm64-apple-macos12.0 -g -module-cache-path /Users/buddhirajgautam/Library/Developer/Xcode/DerivedData/ModuleCache.noindex -Xfrontend -serialize-debugging-options -profile-coverage-mapping -profile-generate -enable-testing -index-store-path /Users/buddhirajgautam/Library/Developer/Xcode/DerivedData/Telegram-Mac-fygdgghdgmuleoelvxabfmqiotta/Index.noindex/DataStore -Xcc -D_LIBCPP_HARDENING_MODE\=_LIBCPP_HARDENING_MODE_DEBUG -swift-version 5 -I /Users/buddhirajgautam/Library/Developer/Xcode/DerivedData/Telegram-Mac-fygdgghdgmuleoelvxabfmqiotta/Build/Products/Debug -Isystem /Applications/Xcode.app/Contents/Developer/Platforms/MacOSX.platform/Developer/usr/lib -F /Users/buddhirajgautam/Library/Developer/Xcode/DerivedData/Telegram-Mac-fygdgghdgmuleoelvxabfmqiotta/Build/Products/Debug -F /Applications/Xcode.app/Contents/Developer/Platforms/MacOSX.platform/Developer/Library/Frameworks -c -j8 -enable-batch-mode -incremental -Xcc -ivfsstatcache -Xcc /Users/buddhirajgautam/Library/Developer/Xcode/DerivedData/SDKStatCaches.noindex/macosx27.0-26A425-e829b21a6f8c9b70876ba0858053c0447231f6df4def33e022ae2eb8f782df1a.sdkstatcache -output-file-map /Users/buddhirajgautam/Library/Developer/Xcode/DerivedData/Telegram-Mac-fygdgghdgmuleoelvxabfmqiotta/Build/Intermediates.noindex/RangeSet.build/Debug/RangeSet-t.build/Objects-normal/arm64/RangeSet-OutputFileMap.json -save-temps -no-color-diagnostics -explicit-module-build -module-cache-path /Users/buddhirajgautam/Library/Developer/Xcode/DerivedData/Telegram-Mac-fygdgghdgmuleoelvxabfmqiotta/Build/Intermediates.noindex/SwiftExplicitPrecompiledModules -clang-scanner-module-cache-path /Users/buddhirajgautam/Library/Developer/Xcode/DerivedData/ModuleCache.noindex -sdk-module-cache-path /Users/buddhirajgautam/Library/Developer/Xcode/DerivedData/SDKExplicitPrecompiledModules -emit-dependencies -emit-module -emit-module-path /Users/buddhirajgautam/Library/Developer/Xcode/DerivedData/Telegram-Mac-fygdgghdgmuleoelvxabfmqiotta/Build/Intermediates.noindex/RangeSet.build/Debug/RangeSet-t.build/Objects-normal/arm64/RangeSet.swiftmodule -serialize-diagnostics -dependency-scan-serialize-diagnostics-path /Users/buddhirajgautam/Library/Developer/Xcode/DerivedData/Telegram-Mac-fygdgghdgmuleoelvxabfmqiotta/Build/Intermediates.noindex/RangeSet.build/Debug/RangeSet-t.build/Objects-normal/arm64/RangeSet-dependency-scan.dia -validate-clang-modules-once -clang-build-session-file /Users/buddhirajgautam/Library/Developer/Xcode/DerivedData/ModuleCache.noindex/Session.modulevalidation -Xcc -fmodules-prune-interval\=86400 -Xcc -fmodules-prune-after\=345600 -emit-const-values -const-gather-protocols-list /Users/buddhirajgautam/Library/Developer/Xcode/DerivedData/Telegram-Mac-fygdgghdgmuleoelvxabfmqiotta/Build/Intermediates.noindex/RangeSet.build/Debug/RangeSet-t.build/Objects-normal/arm64/RangeSet_const_extract_protocols.json -Xcc -I/Users/buddhirajgautam/Library/Developer/Xcode/DerivedData/Telegram-Mac-fygdgghdgmuleoelvxabfmqiotta/Build/Products/Debug/include -Xcc -I/Users/buddhirajgautam/Library/Developer/Xcode/DerivedData/Telegram-Mac-fygdgghdgmuleoelvxabfmqiotta/Build/Intermediates.noindex/RangeSet.build/Debug/RangeSet-t.build/DerivedSources-normal/arm64 -Xcc -I/Users/buddhirajgautam/Library/Developer/Xcode/DerivedData/Telegram-Mac-fygdgghdgmuleoelvxabfmqiotta/Build/Intermediates.noindex/RangeSet.build/Debug/RangeSet-t.build/DerivedSources/arm64 -Xcc -I/Users/buddhirajgautam/Library/Developer/Xcode/DerivedData/Telegram-Mac-fygdgghdgmuleoelvxabfmqiotta/Build/Intermediates.noindex/RangeSet.build/Debug/RangeSet-t.build/DerivedSources -Xcc -DSWIFT_PACKAGE -Xcc -DDEBUG\=1 -emit-objc-header -emit-objc-header-path /Users/buddhirajgautam/Library/Developer/Xcode/DerivedData/Telegram-Mac-fygdgghdgmuleoelvxabfmqiotta/Build/Intermediates.noindex/RangeSet.build/Debug/RangeSet-t.build/Objects-normal/arm64/RangeSet-Swift.h -working-directory /Users/buddhirajgautam/Documents/Cherrygram-Mac/macOS-Swift -experimental-emit-module-separately -disable-cmo

SwiftDriver\ Compilation\ Requirements TelegramSystem normal arm64 com.apple.xcode.tools.swift.compiler (in target 'TelegramSystem' from project 'TelegramSystem')
    cd /Users/buddhirajgautam/Documents/Cherrygram-Mac/macOS-Swift
    builtin-Swift-Compilation-Requirements -- /Applications/Xcode.app/Contents/Developer/Toolchains/XcodeDefault.xctoolchain/usr/bin/swiftc -parse-as-library -module-name TelegramSystem -Onone @/Users/buddhirajgautam/Library/Developer/Xcode/DerivedData/Telegram-Mac-fygdgghdgmuleoelvxabfmqiotta/Build/Intermediates.noindex/TelegramSystem.build/Debug/TelegramSystem-t.build/Objects-normal/arm64/TelegramSystem.SwiftFileList -DSWIFT_PACKAGE -DDEBUG -DSWIFT_MODULE_RESOURCE_BUNDLE_UNAVAILABLE -DXcode -plugin-path /Applications/Xcode.app/Contents/Developer/Toolchains/XcodeDefault.xctoolchain/usr/lib/swift/host/plugins/testing -enable-experimental-feature DebugDescriptionMacro -sdk /Applications/Xcode.app/Contents/Developer/Platforms/MacOSX.platform/Developer/SDKs/MacOSX27.0.sdk -target arm64-apple-macos12.0 -g -module-cache-path /Users/buddhirajgautam/Library/Developer/Xcode/DerivedData/ModuleCache.noindex -Xfrontend -serialize-debugging-options -profile-coverage-mapping -profile-generate -enable-testing -index-store-path /Users/buddhirajgautam/Library/Developer/Xcode/DerivedData/Telegram-Mac-fygdgghdgmuleoelvxabfmqiotta/Index.noindex/DataStore -Xcc -D_LIBCPP_HARDENING_MODE\=_LIBCPP_HARDENING_MODE_DEBUG -swift-version 5 -I /Users/buddhirajgautam/Library/Developer/Xcode/DerivedData/Telegram-Mac-fygdgghdgmuleoelvxabfmqiotta/Build/Products/Debug -Isystem /Applications/Xcode.app/Contents/Developer/Platforms/MacOSX.platform/Developer/usr/lib -F /Users/buddhirajgautam/Library/Developer/Xcode/DerivedData/Telegram-Mac-fygdgghdgmuleoelvxabfmqiotta/Build/Products/Debug -F /Applications/Xcode.app/Contents/Developer/Platforms/MacOSX.platform/Developer/Library/Frameworks -c -j8 -enable-batch-mode -incremental -Xcc -ivfsstatcache -Xcc /Users/buddhirajgautam/Library/Developer/Xcode/DerivedData/SDKStatCaches.noindex/macosx27.0-26A425-e829b21a6f8c9b70876ba0858053c0447231f6df4def33e022ae2eb8f782df1a.sdkstatcache -output-file-map /Users/buddhirajgautam/Library/Developer/Xcode/DerivedData/Telegram-Mac-fygdgghdgmuleoelvxabfmqiotta/Build/Intermediates.noindex/TelegramSystem.build/Debug/TelegramSystem-t.build/Objects-normal/arm64/TelegramSystem-OutputFileMap.json -save-temps -no-color-diagnostics -explicit-module-build -module-cache-path /Users/buddhirajgautam/Library/Developer/Xcode/DerivedData/Telegram-Mac-fygdgghdgmuleoelvxabfmqiotta/Build/Intermediates.noindex/SwiftExplicitPrecompiledModules -clang-scanner-module-cache-path /Users/buddhirajgautam/Library/Developer/Xcode/DerivedData/ModuleCache.noindex -sdk-module-cache-path /Users/buddhirajgautam/Library/Developer/Xcode/DerivedData/SDKExplicitPrecompiledModules -emit-dependencies -emit-module -emit-module-path /Users/buddhirajgautam/Library/Developer/Xcode/DerivedData/Telegram-Mac-fygdgghdgmuleoelvxabfmqiotta/Build/Intermediates.noindex/TelegramSystem.build/Debug/TelegramSystem-t.build/Objects-normal/arm64/TelegramSystem.swiftmodule -serialize-diagnostics -dependency-scan-serialize-diagnostics-path /Users/buddhirajgautam/Library/Developer/Xcode/DerivedData/Telegram-Mac-fygdgghdgmuleoelvxabfmqiotta/Build/Intermediates.noindex/TelegramSystem.build/Debug/TelegramSystem-t.build/Objects-normal/arm64/TelegramSystem-dependency-scan.dia -validate-clang-modules-once -clang-build-session-file /Users/buddhirajgautam/Library/Developer/Xcode/DerivedData/ModuleCache.noindex/Session.modulevalidation -Xcc -fmodules-prune-interval\=86400 -Xcc -fmodules-prune-after\=345600 -emit-const-values -const-gather-protocols-list /Users/buddhirajgautam/Library/Developer/Xcode/DerivedData/Telegram-Mac-fygdgghdgmuleoelvxabfmqiotta/Build/Intermediates.noindex/TelegramSystem.build/Debug/TelegramSystem-t.build/Objects-normal/arm64/TelegramSystem_const_extract_protocols.json -Xcc -I/Users/buddhirajgautam/Library/Developer/Xcode/DerivedData/Telegram-Mac-fygdgghdgmuleoelvxabfmqiotta/Build/Products/Debug/include -Xcc -I/Users/buddhirajgautam/Library/Developer/Xcode/DerivedData/Telegram-Mac-fygdgghdgmuleoelvxabfmqiotta/Build/Intermediates.noindex/TelegramSystem.build/Debug/TelegramSystem-t.build/DerivedSources-normal/arm64 -Xcc -I/Users/buddhirajgautam/Library/Developer/Xcode/DerivedData/Telegram-Mac-fygdgghdgmuleoelvxabfmqiotta/Build/Intermediates.noindex/TelegramSystem.build/Debug/TelegramSystem-t.build/DerivedSources/arm64 -Xcc -I/Users/buddhirajgautam/Library/Developer/Xcode/DerivedData/Telegram-Mac-fygdgghdgmuleoelvxabfmqiotta/Build/Intermediates.noindex/TelegramSystem.build/Debug/TelegramSystem-t.build/DerivedSources -Xcc -DSWIFT_PACKAGE -Xcc -DDEBUG\=1 -emit-objc-header -emit-objc-header-path /Users/buddhirajgautam/Library/Developer/Xcode/DerivedData/Telegram-Mac-fygdgghdgmuleoelvxabfmqiotta/Build/Intermediates.noindex/TelegramSystem.build/Debug/TelegramSystem-t.build/Objects-normal/arm64/TelegramSystem-Swift.h -working-directory /Users/buddhirajgautam/Documents/Cherrygram-Mac/macOS-Swift -experimental-emit-module-separately -disable-cmo

SwiftMergeGeneratedHeaders /Users/buddhirajgautam/Library/Developer/Xcode/DerivedData/Telegram-Mac-fygdgghdgmuleoelvxabfmqiotta/Build/Intermediates.noindex/GeneratedModuleMaps/RangeSet-Swift.h /Users/buddhirajgautam/Library/Developer/Xcode/DerivedData/Telegram-Mac-fygdgghdgmuleoelvxabfmqiotta/Build/Intermediates.noindex/RangeSet.build/Debug/RangeSet-t.build/Objects-normal/arm64/RangeSet-Swift.h (in target 'RangeSet' from project 'RangeSet')
    cd /Users/buddhirajgautam/Documents/Cherrygram-Mac/macOS-Swift/submodules/telegram-ios/submodules/Utils/RangeSet
    builtin-swiftHeaderTool -arch arm64 /Users/buddhirajgautam/Library/Developer/Xcode/DerivedData/Telegram-Mac-fygdgghdgmuleoelvxabfmqiotta/Build/Intermediates.noindex/RangeSet.build/Debug/RangeSet-t.build/Objects-normal/arm64/RangeSet-Swift.h -o /Users/buddhirajgautam/Library/Developer/Xcode/DerivedData/Telegram-Mac-fygdgghdgmuleoelvxabfmqiotta/Build/Intermediates.noindex/GeneratedModuleMaps/RangeSet-Swift.h

SwiftMergeGeneratedHeaders /Users/buddhirajgautam/Library/Developer/Xcode/DerivedData/Telegram-Mac-fygdgghdgmuleoelvxabfmqiotta/Build/Intermediates.noindex/GeneratedModuleMaps/TelegramSystem-Swift.h /Users/buddhirajgautam/Library/Developer/Xcode/DerivedData/Telegram-Mac-fygdgghdgmuleoelvxabfmqiotta/Build/Intermediates.noindex/TelegramSystem.build/Debug/TelegramSystem-t.build/Objects-normal/arm64/TelegramSystem-Swift.h (in target 'TelegramSystem' from project 'TelegramSystem')
    cd /Users/buddhirajgautam/Documents/Cherrygram-Mac/macOS-Swift/packages/TelegramSystem
    builtin-swiftHeaderTool -arch arm64 /Users/buddhirajgautam/Library/Developer/Xcode/DerivedData/Telegram-Mac-fygdgghdgmuleoelvxabfmqiotta/Build/Intermediates.noindex/TelegramSystem.build/Debug/TelegramSystem-t.build/Objects-normal/arm64/TelegramSystem-Swift.h -o /Users/buddhirajgautam/Library/Developer/Xcode/DerivedData/Telegram-Mac-fygdgghdgmuleoelvxabfmqiotta/Build/Intermediates.noindex/GeneratedModuleMaps/TelegramSystem-Swift.h

Copy /Users/buddhirajgautam/Library/Developer/Xcode/DerivedData/Telegram-Mac-fygdgghdgmuleoelvxabfmqiotta/Build/Products/Debug/TelegramSystem.swiftmodule/arm64-apple-macos.swiftmodule /Users/buddhirajgautam/Library/Developer/Xcode/DerivedData/Telegram-Mac-fygdgghdgmuleoelvxabfmqiotta/Build/Intermediates.noindex/TelegramSystem.build/Debug/TelegramSystem-t.build/Objects-normal/arm64/TelegramSystem.swiftmodule (in target 'TelegramSystem' from project 'TelegramSystem')
    cd /Users/buddhirajgautam/Documents/Cherrygram-Mac/macOS-Swift/packages/TelegramSystem
    builtin-copy -exclude .DS_Store -exclude CVS -exclude .svn -exclude .git -exclude .hg -resolve-src-symlinks -rename /Users/buddhirajgautam/Library/Developer/Xcode/DerivedData/Telegram-Mac-fygdgghdgmuleoelvxabfmqiotta/Build/Intermediates.noindex/TelegramSystem.build/Debug/TelegramSystem-t.build/Objects-normal/arm64/TelegramSystem.swiftmodule /Users/buddhirajgautam/Library/Developer/Xcode/DerivedData/Telegram-Mac-fygdgghdgmuleoelvxabfmqiotta/Build/Products/Debug/TelegramSystem.swiftmodule/arm64-apple-macos.swiftmodule

Copy /Users/buddhirajgautam/Library/Developer/Xcode/DerivedData/Telegram-Mac-fygdgghdgmuleoelvxabfmqiotta/Build/Products/Debug/TelegramSystem.swiftmodule/arm64-apple-macos.swiftdoc /Users/buddhirajgautam/Library/Developer/Xcode/DerivedData/Telegram-Mac-fygdgghdgmuleoelvxabfmqiotta/Build/Intermediates.noindex/TelegramSystem.build/Debug/TelegramSystem-t.build/Objects-normal/arm64/TelegramSystem.swiftdoc (in target 'TelegramSystem' from project 'TelegramSystem')
    cd /Users/buddhirajgautam/Documents/Cherrygram-Mac/macOS-Swift/packages/TelegramSystem
    builtin-copy -exclude .DS_Store -exclude CVS -exclude .svn -exclude .git -exclude .hg -resolve-src-symlinks -rename /Users/buddhirajgautam/Library/Developer/Xcode/DerivedData/Telegram-Mac-fygdgghdgmuleoelvxabfmqiotta/Build/Intermediates.noindex/TelegramSystem.build/Debug/TelegramSystem-t.build/Objects-normal/arm64/TelegramSystem.swiftdoc /Users/buddhirajgautam/Library/Developer/Xcode/DerivedData/Telegram-Mac-fygdgghdgmuleoelvxabfmqiotta/Build/Products/Debug/TelegramSystem.swiftmodule/arm64-apple-macos.swiftdoc

Copy /Users/buddhirajgautam/Library/Developer/Xcode/DerivedData/Telegram-Mac-fygdgghdgmuleoelvxabfmqiotta/Build/Products/Debug/TelegramSystem.swiftmodule/arm64-apple-macos.abi.json /Users/buddhirajgautam/Library/Developer/Xcode/DerivedData/Telegram-Mac-fygdgghdgmuleoelvxabfmqiotta/Build/Intermediates.noindex/TelegramSystem.build/Debug/TelegramSystem-t.build/Objects-normal/arm64/TelegramSystem.abi.json (in target 'TelegramSystem' from project 'TelegramSystem')
    cd /Users/buddhirajgautam/Documents/Cherrygram-Mac/macOS-Swift/packages/TelegramSystem
    builtin-copy -exclude .DS_Store -exclude CVS -exclude .svn -exclude .git -exclude .hg -resolve-src-symlinks -rename /Users/buddhirajgautam/Library/Developer/Xcode/DerivedData/Telegram-Mac-fygdgghdgmuleoelvxabfmqiotta/Build/Intermediates.noindex/TelegramSystem.build/Debug/TelegramSystem-t.build/Objects-normal/arm64/TelegramSystem.abi.json /Users/buddhirajgautam/Library/Developer/Xcode/DerivedData/Telegram-Mac-fygdgghdgmuleoelvxabfmqiotta/Build/Products/Debug/TelegramSystem.swiftmodule/arm64-apple-macos.abi.json

Copy /Users/buddhirajgautam/Library/Developer/Xcode/DerivedData/Telegram-Mac-fygdgghdgmuleoelvxabfmqiotta/Build/Products/Debug/TelegramSystem.swiftmodule/Project/arm64-apple-macos.swiftsourceinfo /Users/buddhirajgautam/Library/Developer/Xcode/DerivedData/Telegram-Mac-fygdgghdgmuleoelvxabfmqiotta/Build/Intermediates.noindex/TelegramSystem.build/Debug/TelegramSystem-t.build/Objects-normal/arm64/TelegramSystem.swiftsourceinfo (in target 'TelegramSystem' from project 'TelegramSystem')
    cd /Users/buddhirajgautam/Documents/Cherrygram-Mac/macOS-Swift/packages/TelegramSystem
    builtin-copy -exclude .DS_Store -exclude CVS -exclude .svn -exclude .git -exclude .hg -resolve-src-symlinks -rename /Users/buddhirajgautam/Library/Developer/Xcode/DerivedData/Telegram-Mac-fygdgghdgmuleoelvxabfmqiotta/Build/Intermediates.noindex/TelegramSystem.build/Debug/TelegramSystem-t.build/Objects-normal/arm64/TelegramSystem.swiftsourceinfo /Users/buddhirajgautam/Library/Developer/Xcode/DerivedData/Telegram-Mac-fygdgghdgmuleoelvxabfmqiotta/Build/Products/Debug/TelegramSystem.swiftmodule/Project/arm64-apple-macos.swiftsourceinfo

Copy /Users/buddhirajgautam/Library/Developer/Xcode/DerivedData/Telegram-Mac-fygdgghdgmuleoelvxabfmqiotta/Build/Products/Debug/RangeSet.swiftmodule/arm64-apple-macos.swiftmodule /Users/buddhirajgautam/Library/Developer/Xcode/DerivedData/Telegram-Mac-fygdgghdgmuleoelvxabfmqiotta/Build/Intermediates.noindex/RangeSet.build/Debug/RangeSet-t.build/Objects-normal/arm64/RangeSet.swiftmodule (in target 'RangeSet' from project 'RangeSet')
    cd /Users/buddhirajgautam/Documents/Cherrygram-Mac/macOS-Swift/submodules/telegram-ios/submodules/Utils/RangeSet
    builtin-copy -exclude .DS_Store -exclude CVS -exclude .svn -exclude .git -exclude .hg -resolve-src-symlinks -rename /Users/buddhirajgautam/Library/Developer/Xcode/DerivedData/Telegram-Mac-fygdgghdgmuleoelvxabfmqiotta/Build/Intermediates.noindex/RangeSet.build/Debug/RangeSet-t.build/Objects-normal/arm64/RangeSet.swiftmodule /Users/buddhirajgautam/Library/Developer/Xcode/DerivedData/Telegram-Mac-fygdgghdgmuleoelvxabfmqiotta/Build/Products/Debug/RangeSet.swiftmodule/arm64-apple-macos.swiftmodule

Copy /Users/buddhirajgautam/Library/Developer/Xcode/DerivedData/Telegram-Mac-fygdgghdgmuleoelvxabfmqiotta/Build/Products/Debug/RangeSet.swiftmodule/arm64-apple-macos.swiftdoc /Users/buddhirajgautam/Library/Developer/Xcode/DerivedData/Telegram-Mac-fygdgghdgmuleoelvxabfmqiotta/Build/Intermediates.noindex/RangeSet.build/Debug/RangeSet-t.build/Objects-normal/arm64/RangeSet.swiftdoc (in target 'RangeSet' from project 'RangeSet')
    cd /Users/buddhirajgautam/Documents/Cherrygram-Mac/macOS-Swift/submodules/telegram-ios/submodules/Utils/RangeSet
    builtin-copy -exclude .DS_Store -exclude CVS -exclude .svn -exclude .git -exclude .hg -resolve-src-symlinks -rename /Users/buddhirajgautam/Library/Developer/Xcode/DerivedData/Telegram-Mac-fygdgghdgmuleoelvxabfmqiotta/Build/Intermediates.noindex/RangeSet.build/Debug/RangeSet-t.build/Objects-normal/arm64/RangeSet.swiftdoc /Users/buddhirajgautam/Library/Developer/Xcode/DerivedData/Telegram-Mac-fygdgghdgmuleoelvxabfmqiotta/Build/Products/Debug/RangeSet.swiftmodule/arm64-apple-macos.swiftdoc

Copy /Users/buddhirajgautam/Library/Developer/Xcode/DerivedData/Telegram-Mac-fygdgghdgmuleoelvxabfmqiotta/Build/Products/Debug/RangeSet.swiftmodule/arm64-apple-macos.abi.json /Users/buddhirajgautam/Library/Developer/Xcode/DerivedData/Telegram-Mac-fygdgghdgmuleoelvxabfmqiotta/Build/Intermediates.noindex/RangeSet.build/Debug/RangeSet-t.build/Objects-normal/arm64/RangeSet.abi.json (in target 'RangeSet' from project 'RangeSet')
    cd /Users/buddhirajgautam/Documents/Cherrygram-Mac/macOS-Swift/submodules/telegram-ios/submodules/Utils/RangeSet
    builtin-copy -exclude .DS_Store -exclude CVS -exclude .svn -exclude .git -exclude .hg -resolve-src-symlinks -rename /Users/buddhirajgautam/Library/Developer/Xcode/DerivedData/Telegram-Mac-fygdgghdgmuleoelvxabfmqiotta/Build/Intermediates.noindex/RangeSet.build/Debug/RangeSet-t.build/Objects-normal/arm64/RangeSet.abi.json /Users/buddhirajgautam/Library/Developer/Xcode/DerivedData/Telegram-Mac-fygdgghdgmuleoelvxabfmqiotta/Build/Products/Debug/RangeSet.swiftmodule/arm64-apple-macos.abi.json

Copy /Users/buddhirajgautam/Library/Developer/Xcode/DerivedData/Telegram-Mac-fygdgghdgmuleoelvxabfmqiotta/Build/Products/Debug/RangeSet.swiftmodule/Project/arm64-apple-macos.swiftsourceinfo /Users/buddhirajgautam/Library/Developer/Xcode/DerivedData/Telegram-Mac-fygdgghdgmuleoelvxabfmqiotta/Build/Intermediates.noindex/RangeSet.build/Debug/RangeSet-t.build/Objects-normal/arm64/RangeSet.swiftsourceinfo (in target 'RangeSet' from project 'RangeSet')
    cd /Users/buddhirajgautam/Documents/Cherrygram-Mac/macOS-Swift/submodules/telegram-ios/submodules/Utils/RangeSet
    builtin-copy -exclude .DS_Store -exclude CVS -exclude .svn -exclude .git -exclude .hg -resolve-src-symlinks -rename /Users/buddhirajgautam/Library/Developer/Xcode/DerivedData/Telegram-Mac-fygdgghdgmuleoelvxabfmqiotta/Build/Intermediates.noindex/RangeSet.build/Debug/RangeSet-t.build/Objects-normal/arm64/RangeSet.swiftsourceinfo /Users/buddhirajgautam/Library/Developer/Xcode/DerivedData/Telegram-Mac-fygdgghdgmuleoelvxabfmqiotta/Build/Products/Debug/RangeSet.swiftmodule/Project/arm64-apple-macos.swiftsourceinfo

SwiftDriver KeyboardKey normal arm64 com.apple.xcode.tools.swift.compiler (in target 'KeyboardKey' from project 'KeyboardKey')
    cd /Users/buddhirajgautam/Documents/Cherrygram-Mac/macOS-Swift
    builtin-SwiftDriver -- /Applications/Xcode.app/Contents/Developer/Toolchains/XcodeDefault.xctoolchain/usr/bin/swiftc -parse-as-library -module-name KeyboardKey -Onone @/Users/buddhirajgautam/Library/Developer/Xcode/DerivedData/Telegram-Mac-fygdgghdgmuleoelvxabfmqiotta/Build/Intermediates.noindex/KeyboardKey.build/Debug/KeyboardKey-t.build/Objects-normal/arm64/KeyboardKey.SwiftFileList -DSWIFT_PACKAGE -DDEBUG -DSWIFT_MODULE_RESOURCE_BUNDLE_UNAVAILABLE -DXcode -plugin-path /Applications/Xcode.app/Contents/Developer/Toolchains/XcodeDefault.xctoolchain/usr/lib/swift/host/plugins/testing -enable-experimental-feature DebugDescriptionMacro -sdk /Applications/Xcode.app/Contents/Developer/Platforms/MacOSX.platform/Developer/SDKs/MacOSX27.0.sdk -target arm64-apple-macos12.0 -g -module-cache-path /Users/buddhirajgautam/Library/Developer/Xcode/DerivedData/ModuleCache.noindex -Xfrontend -serialize-debugging-options -profile-coverage-mapping -profile-generate -enable-testing -index-store-path /Users/buddhirajgautam/Library/Developer/Xcode/DerivedData/Telegram-Mac-fygdgghdgmuleoelvxabfmqiotta/Index.noindex/DataStore -Xcc -D_LIBCPP_HARDENING_MODE\=_LIBCPP_HARDENING_MODE_DEBUG -swift-version 5 -I /Users/buddhirajgautam/Library/Developer/Xcode/DerivedData/Telegram-Mac-fygdgghdgmuleoelvxabfmqiotta/Build/Products/Debug -Isystem /Applications/Xcode.app/Contents/Developer/Platforms/MacOSX.platform/Developer/usr/lib -F /Users/buddhirajgautam/Library/Developer/Xcode/DerivedData/Telegram-Mac-fygdgghdgmuleoelvxabfmqiotta/Build/Products/Debug -F /Applications/Xcode.app/Contents/Developer/Platforms/MacOSX.platform/Developer/Library/Frameworks -c -j8 -enable-batch-mode -incremental -Xcc -ivfsstatcache -Xcc /Users/buddhirajgautam/Library/Developer/Xcode/DerivedData/SDKStatCaches.noindex/macosx27.0-26A425-e829b21a6f8c9b70876ba0858053c0447231f6df4def33e022ae2eb8f782df1a.sdkstatcache -output-file-map /Users/buddhirajgautam/Library/Developer/Xcode/DerivedData/Telegram-Mac-fygdgghdgmuleoelvxabfmqiotta/Build/Intermediates.noindex/KeyboardKey.build/Debug/KeyboardKey-t.build/Objects-normal/arm64/KeyboardKey-OutputFileMap.json -save-temps -no-color-diagnostics -explicit-module-build -module-cache-path /Users/buddhirajgautam/Library/Developer/Xcode/DerivedData/Telegram-Mac-fygdgghdgmuleoelvxabfmqiotta/Build/Intermediates.noindex/SwiftExplicitPrecompiledModules -clang-scanner-module-cache-path /Users/buddhirajgautam/Library/Developer/Xcode/DerivedData/ModuleCache.noindex -sdk-module-cache-path /Users/buddhirajgautam/Library/Developer/Xcode/DerivedData/SDKExplicitPrecompiledModules -emit-dependencies -emit-module -emit-module-path /Users/buddhirajgautam/Library/Developer/Xcode/DerivedData/Telegram-Mac-fygdgghdgmuleoelvxabfmqiotta/Build/Intermediates.noindex/KeyboardKey.build/Debug/KeyboardKey-t.build/Objects-normal/arm64/KeyboardKey.swiftmodule -serialize-diagnostics -dependency-scan-serialize-diagnostics-path /Users/buddhirajgautam/Library/Developer/Xcode/DerivedData/Telegram-Mac-fygdgghdgmuleoelvxabfmqiotta/Build/Intermediates.noindex/KeyboardKey.build/Debug/KeyboardKey-t.build/Objects-normal/arm64/KeyboardKey-dependency-scan.dia -validate-clang-modules-once -clang-build-session-file /Users/buddhirajgautam/Library/Developer/Xcode/DerivedData/ModuleCache.noindex/Session.modulevalidation -Xcc -fmodules-prune-interval\=86400 -Xcc -fmodules-prune-after\=345600 -emit-const-values -const-gather-protocols-list /Users/buddhirajgautam/Library/Developer/Xcode/DerivedData/Telegram-Mac-fygdgghdgmuleoelvxabfmqiotta/Build/Intermediates.noindex/KeyboardKey.build/Debug/KeyboardKey-t.build/Objects-normal/arm64/KeyboardKey_const_extract_protocols.json -Xcc -I/Users/buddhirajgautam/Library/Developer/Xcode/DerivedData/Telegram-Mac-fygdgghdgmuleoelvxabfmqiotta/Build/Products/Debug/include -Xcc -I/Users/buddhirajgautam/Library/Developer/Xcode/DerivedData/Telegram-Mac-fygdgghdgmuleoelvxabfmqiotta/Build/Intermediates.noindex/KeyboardKey.build/Debug/KeyboardKey-t.build/DerivedSources-normal/arm64 -Xcc -I/Users/buddhirajgautam/Library/Developer/Xcode/DerivedData/Telegram-Mac-fygdgghdgmuleoelvxabfmqiotta/Build/Intermediates.noindex/KeyboardKey.build/Debug/KeyboardKey-t.build/DerivedSources/arm64 -Xcc -I/Users/buddhirajgautam/Library/Developer/Xcode/DerivedData/Telegram-Mac-fygdgghdgmuleoelvxabfmqiotta/Build/Intermediates.noindex/KeyboardKey.build/Debug/KeyboardKey-t.build/DerivedSources -Xcc -DSWIFT_PACKAGE -Xcc -DDEBUG\=1 -emit-objc-header -emit-objc-header-path /Users/buddhirajgautam/Library/Developer/Xcode/DerivedData/Telegram-Mac-fygdgghdgmuleoelvxabfmqiotta/Build/Intermediates.noindex/KeyboardKey.build/Debug/KeyboardKey-t.build/Objects-normal/arm64/KeyboardKey-Swift.h -working-directory /Users/buddhirajgautam/Documents/Cherrygram-Mac/macOS-Swift -experimental-emit-module-separately -disable-cmo

SwiftEmitModule normal arm64 Emitting\ module\ for\ MergeLists (in target 'MergeLists' from project 'MergeLists')

SwiftCompile normal arm64 (in target 'MergeLists' from project 'MergeLists')
    cd /Users/buddhirajgautam/Documents/Cherrygram-Mac/macOS-Swift
    

SwiftDriver GraphCore normal arm64 com.apple.xcode.tools.swift.compiler (in target 'GraphCore' from project 'GraphCore')
    cd /Users/buddhirajgautam/Documents/Cherrygram-Mac/macOS-Swift
    builtin-SwiftDriver -- /Applications/Xcode.app/Contents/Developer/Toolchains/XcodeDefault.xctoolchain/usr/bin/swiftc -parse-as-library -module-name GraphCore -Onone @/Users/buddhirajgautam/Library/Developer/Xcode/DerivedData/Telegram-Mac-fygdgghdgmuleoelvxabfmqiotta/Build/Intermediates.noindex/GraphCore.build/Debug/GraphCore-t.build/Objects-normal/arm64/GraphCore.SwiftFileList -DSWIFT_PACKAGE -DDEBUG -DSWIFT_MODULE_RESOURCE_BUNDLE_UNAVAILABLE -DXcode -plugin-path /Applications/Xcode.app/Contents/Developer/Toolchains/XcodeDefault.xctoolchain/usr/lib/swift/host/plugins/testing -enable-experimental-feature DebugDescriptionMacro -sdk /Applications/Xcode.app/Contents/Developer/Platforms/MacOSX.platform/Developer/SDKs/MacOSX27.0.sdk -target arm64-apple-macos12.0 -g -module-cache-path /Users/buddhirajgautam/Library/Developer/Xcode/DerivedData/ModuleCache.noindex -Xfrontend -serialize-debugging-options -profile-coverage-mapping -profile-generate -enable-testing -index-store-path /Users/buddhirajgautam/Library/Developer/Xcode/DerivedData/Telegram-Mac-fygdgghdgmuleoelvxabfmqiotta/Index.noindex/DataStore -Xcc -D_LIBCPP_HARDENING_MODE\=_LIBCPP_HARDENING_MODE_DEBUG -swift-version 5 -I /Users/buddhirajgautam/Library/Developer/Xcode/DerivedData/Telegram-Mac-fygdgghdgmuleoelvxabfmqiotta/Build/Products/Debug -Isystem /Applications/Xcode.app/Contents/Developer/Platforms/MacOSX.platform/Developer/usr/lib -F /Users/buddhirajgautam/Library/Developer/Xcode/DerivedData/Telegram-Mac-fygdgghdgmuleoelvxabfmqiotta/Build/Products/Debug -F /Applications/Xcode.app/Contents/Developer/Platforms/MacOSX.platform/Developer/Library/Frameworks -c -j8 -enable-batch-mode -incremental -Xcc -ivfsstatcache -Xcc /Users/buddhirajgautam/Library/Developer/Xcode/DerivedData/SDKStatCaches.noindex/macosx27.0-26A425-e829b21a6f8c9b70876ba0858053c0447231f6df4def33e022ae2eb8f782df1a.sdkstatcache -output-file-map /Users/buddhirajgautam/Library/Developer/Xcode/DerivedData/Telegram-Mac-fygdgghdgmuleoelvxabfmqiotta/Build/Intermediates.noindex/GraphCore.build/Debug/GraphCore-t.build/Objects-normal/arm64/GraphCore-OutputFileMap.json -save-temps -no-color-diagnostics -explicit-module-build -module-cache-path /Users/buddhirajgautam/Library/Developer/Xcode/DerivedData/Telegram-Mac-fygdgghdgmuleoelvxabfmqiotta/Build/Intermediates.noindex/SwiftExplicitPrecompiledModules -clang-scanner-module-cache-path /Users/buddhirajgautam/Library/Developer/Xcode/DerivedData/ModuleCache.noindex -sdk-module-cache-path /Users/buddhirajgautam/Library/Developer/Xcode/DerivedData/SDKExplicitPrecompiledModules -emit-dependencies -emit-module -emit-module-path /Users/buddhirajgautam/Library/Developer/Xcode/DerivedData/Telegram-Mac-fygdgghdgmuleoelvxabfmqiotta/Build/Intermediates.noindex/GraphCore.build/Debug/GraphCore-t.build/Objects-normal/arm64/GraphCore.swiftmodule -serialize-diagnostics -dependency-scan-serialize-diagnostics-path /Users/buddhirajgautam/Library/Developer/Xcode/DerivedData/Telegram-Mac-fygdgghdgmuleoelvxabfmqiotta/Build/Intermediates.noindex/GraphCore.build/Debug/GraphCore-t.build/Objects-normal/arm64/GraphCore-dependency-scan.dia -validate-clang-modules-once -clang-build-session-file /Users/buddhirajgautam/Library/Developer/Xcode/DerivedData/ModuleCache.noindex/Session.modulevalidation -Xcc -fmodules-prune-interval\=86400 -Xcc -fmodules-prune-after\=345600 -emit-const-values -const-gather-protocols-list /Users/buddhirajgautam/Library/Developer/Xcode/DerivedData/Telegram-Mac-fygdgghdgmuleoelvxabfmqiotta/Build/Intermediates.noindex/GraphCore.build/Debug/GraphCore-t.build/Objects-normal/arm64/GraphCore_const_extract_protocols.json -Xcc -I/Users/buddhirajgautam/Library/Developer/Xcode/DerivedData/Telegram-Mac-fygdgghdgmuleoelvxabfmqiotta/Build/Products/Debug/include -Xcc -I/Users/buddhirajgautam/Library/Developer/Xcode/DerivedData/Telegram-Mac-fygdgghdgmuleoelvxabfmqiotta/Build/Intermediates.noindex/GraphCore.build/Debug/GraphCore-t.build/DerivedSources-normal/arm64 -Xcc -I/Users/buddhirajgautam/Library/Developer/Xcode/DerivedData/Telegram-Mac-fygdgghdgmuleoelvxabfmqiotta/Build/Intermediates.noindex/GraphCore.build/Debug/GraphCore-t.build/DerivedSources/arm64 -Xcc -I/Users/buddhirajgautam/Library/Developer/Xcode/DerivedData/Telegram-Mac-fygdgghdgmuleoelvxabfmqiotta/Build/Intermediates.noindex/GraphCore.build/Debug/GraphCore-t.build/DerivedSources -Xcc -DSWIFT_PACKAGE -Xcc -DDEBUG\=1 -emit-objc-header -emit-objc-header-path /Users/buddhirajgautam/Library/Developer/Xcode/DerivedData/Telegram-Mac-fygdgghdgmuleoelvxabfmqiotta/Build/Intermediates.noindex/GraphCore.build/Debug/GraphCore-t.build/Objects-normal/arm64/GraphCore-Swift.h -working-directory /Users/buddhirajgautam/Documents/Cherrygram-Mac/macOS-Swift -experimental-emit-module-separately -disable-cmo

SwiftDriver FoundationUtils normal arm64 com.apple.xcode.tools.swift.compiler (in target 'FoundationUtils' from project 'FoundationUtils')
    cd /Users/buddhirajgautam/Documents/Cherrygram-Mac/macOS-Swift
    builtin-SwiftDriver -- /Applications/Xcode.app/Contents/Developer/Toolchains/XcodeDefault.xctoolchain/usr/bin/swiftc -parse-as-library -module-name FoundationUtils -Onone @/Users/buddhirajgautam/Library/Developer/Xcode/DerivedData/Telegram-Mac-fygdgghdgmuleoelvxabfmqiotta/Build/Intermediates.noindex/FoundationUtils.build/Debug/FoundationUtils-t.build/Objects-normal/arm64/FoundationUtils.SwiftFileList -DSWIFT_PACKAGE -DDEBUG -DSWIFT_MODULE_RESOURCE_BUNDLE_UNAVAILABLE -DXcode -plugin-path /Applications/Xcode.app/Contents/Developer/Toolchains/XcodeDefault.xctoolchain/usr/lib/swift/host/plugins/testing -enable-experimental-feature DebugDescriptionMacro -sdk /Applications/Xcode.app/Contents/Developer/Platforms/MacOSX.platform/Developer/SDKs/MacOSX27.0.sdk -target arm64-apple-macos12.0 -g -module-cache-path /Users/buddhirajgautam/Library/Developer/Xcode/DerivedData/ModuleCache.noindex -Xfrontend -serialize-debugging-options -profile-coverage-mapping -profile-generate -enable-testing -index-store-path /Users/buddhirajgautam/Library/Developer/Xcode/DerivedData/Telegram-Mac-fygdgghdgmuleoelvxabfmqiotta/Index.noindex/DataStore -Xcc -D_LIBCPP_HARDENING_MODE\=_LIBCPP_HARDENING_MODE_DEBUG -swift-version 5 -I /Users/buddhirajgautam/Library/Developer/Xcode/DerivedData/Telegram-Mac-fygdgghdgmuleoelvxabfmqiotta/Build/Products/Debug -Isystem /Applications/Xcode.app/Contents/Developer/Platforms/MacOSX.platform/Developer/usr/lib -F /Users/buddhirajgautam/Library/Developer/Xcode/DerivedData/Telegram-Mac-fygdgghdgmuleoelvxabfmqiotta/Build/Products/Debug -F /Applications/Xcode.app/Contents/Developer/Platforms/MacOSX.platform/Developer/Library/Frameworks -c -j8 -enable-batch-mode -incremental -Xcc -ivfsstatcache -Xcc /Users/buddhirajgautam/Library/Developer/Xcode/DerivedData/SDKStatCaches.noindex/macosx27.0-26A425-e829b21a6f8c9b70876ba0858053c0447231f6df4def33e022ae2eb8f782df1a.sdkstatcache -output-file-map /Users/buddhirajgautam/Library/Developer/Xcode/DerivedData/Telegram-Mac-fygdgghdgmuleoelvxabfmqiotta/Build/Intermediates.noindex/FoundationUtils.build/Debug/FoundationUtils-t.build/Objects-normal/arm64/FoundationUtils-OutputFileMap.json -save-temps -no-color-diagnostics -explicit-module-build -module-cache-path /Users/buddhirajgautam/Library/Developer/Xcode/DerivedData/Telegram-Mac-fygdgghdgmuleoelvxabfmqiotta/Build/Intermediates.noindex/SwiftExplicitPrecompiledModules -clang-scanner-module-cache-path /Users/buddhirajgautam/Library/Developer/Xcode/DerivedData/ModuleCache.noindex -sdk-module-cache-path /Users/buddhirajgautam/Library/Developer/Xcode/DerivedData/SDKExplicitPrecompiledModules -emit-dependencies -emit-module -emit-module-path /Users/buddhirajgautam/Library/Developer/Xcode/DerivedData/Telegram-Mac-fygdgghdgmuleoelvxabfmqiotta/Build/Intermediates.noindex/FoundationUtils.build/Debug/FoundationUtils-t.build/Objects-normal/arm64/FoundationUtils.swiftmodule -serialize-diagnostics -dependency-scan-serialize-diagnostics-path /Users/buddhirajgautam/Library/Developer/Xcode/DerivedData/Telegram-Mac-fygdgghdgmuleoelvxabfmqiotta/Build/Intermediates.noindex/FoundationUtils.build/Debug/FoundationUtils-t.build/Objects-normal/arm64/FoundationUtils-dependency-scan.dia -validate-clang-modules-once -clang-build-session-file /Users/buddhirajgautam/Library/Developer/Xcode/DerivedData/ModuleCache.noindex/Session.modulevalidation -Xcc -fmodules-prune-interval\=86400 -Xcc -fmodules-prune-after\=345600 -emit-const-values -const-gather-protocols-list /Users/buddhirajgautam/Library/Developer/Xcode/DerivedData/Telegram-Mac-fygdgghdgmuleoelvxabfmqiotta/Build/Intermediates.noindex/FoundationUtils.build/Debug/FoundationUtils-t.build/Objects-normal/arm64/FoundationUtils_const_extract_protocols.json -Xcc -I/Users/buddhirajgautam/Library/Developer/Xcode/DerivedData/Telegram-Mac-fygdgghdgmuleoelvxabfmqiotta/Build/Products/Debug/include -Xcc -I/Users/buddhirajgautam/Library/Developer/Xcode/DerivedData/Telegram-Mac-fygdgghdgmuleoelvxabfmqiotta/Build/Intermediates.noindex/FoundationUtils.build/Debug/FoundationUtils-t.build/DerivedSources-normal/arm64 -Xcc -I/Users/buddhirajgautam/Library/Developer/Xcode/DerivedData/Telegram-Mac-fygdgghdgmuleoelvxabfmqiotta/Build/Intermediates.noindex/FoundationUtils.build/Debug/FoundationUtils-t.build/DerivedSources/arm64 -Xcc -I/Users/buddhirajgautam/Library/Developer/Xcode/DerivedData/Telegram-Mac-fygdgghdgmuleoelvxabfmqiotta/Build/Intermediates.noindex/FoundationUtils.build/Debug/FoundationUtils-t.build/DerivedSources -Xcc -DSWIFT_PACKAGE -Xcc -DDEBUG\=1 -emit-objc-header -emit-objc-header-path /Users/buddhirajgautam/Library/Developer/Xcode/DerivedData/Telegram-Mac-fygdgghdgmuleoelvxabfmqiotta/Build/Intermediates.noindex/FoundationUtils.build/Debug/FoundationUtils-t.build/Objects-normal/arm64/FoundationUtils-Swift.h -working-directory /Users/buddhirajgautam/Documents/Cherrygram-Mac/macOS-Swift -experimental-emit-module-separately -disable-cmo

SwiftEmitModule normal arm64 Emitting\ module\ for\ Strings (in target 'Strings' from project 'Strings')

SwiftCompile normal arm64 (in target 'Strings' from project 'Strings')
    cd /Users/buddhirajgautam/Documents/Cherrygram-Mac/macOS-Swift
    

SwiftEmitModule normal arm64 Emitting\ module\ for\ SwiftSignalKit (in target 'SwiftSignalKit' from project 'SSignalKit')

SwiftCompile normal arm64 (in target 'SwiftSignalKit' from project 'SSignalKit')
    cd /Users/buddhirajgautam/Documents/Cherrygram-Mac/macOS-Swift
    

SwiftDriverJobDiscovery normal arm64 Emitting module for MergeLists (in target 'MergeLists' from project 'MergeLists')

SwiftDriver\ Compilation\ Requirements MergeLists normal arm64 com.apple.xcode.tools.swift.compiler (in target 'MergeLists' from project 'MergeLists')
    cd /Users/buddhirajgautam/Documents/Cherrygram-Mac/macOS-Swift
    builtin-Swift-Compilation-Requirements -- /Applications/Xcode.app/Contents/Developer/Toolchains/XcodeDefault.xctoolchain/usr/bin/swiftc -parse-as-library -module-name MergeLists -Onone @/Users/buddhirajgautam/Library/Developer/Xcode/DerivedData/Telegram-Mac-fygdgghdgmuleoelvxabfmqiotta/Build/Intermediates.noindex/MergeLists.build/Debug/MergeLists-t.build/Objects-normal/arm64/MergeLists.SwiftFileList -DSWIFT_PACKAGE -DDEBUG -DSWIFT_MODULE_RESOURCE_BUNDLE_UNAVAILABLE -DXcode -plugin-path /Applications/Xcode.app/Contents/Developer/Toolchains/XcodeDefault.xctoolchain/usr/lib/swift/host/plugins/testing -enable-experimental-feature DebugDescriptionMacro -sdk /Applications/Xcode.app/Contents/Developer/Platforms/MacOSX.platform/Developer/SDKs/MacOSX27.0.sdk -target arm64-apple-macos12.0 -g -module-cache-path /Users/buddhirajgautam/Library/Developer/Xcode/DerivedData/ModuleCache.noindex -Xfrontend -serialize-debugging-options -profile-coverage-mapping -profile-generate -enable-testing -index-store-path /Users/buddhirajgautam/Library/Developer/Xcode/DerivedData/Telegram-Mac-fygdgghdgmuleoelvxabfmqiotta/Index.noindex/DataStore -Xcc -D_LIBCPP_HARDENING_MODE\=_LIBCPP_HARDENING_MODE_DEBUG -swift-version 5 -I /Users/buddhirajgautam/Library/Developer/Xcode/DerivedData/Telegram-Mac-fygdgghdgmuleoelvxabfmqiotta/Build/Products/Debug -Isystem /Applications/Xcode.app/Contents/Developer/Platforms/MacOSX.platform/Developer/usr/lib -F /Users/buddhirajgautam/Library/Developer/Xcode/DerivedData/Telegram-Mac-fygdgghdgmuleoelvxabfmqiotta/Build/Products/Debug -F /Applications/Xcode.app/Contents/Developer/Platforms/MacOSX.platform/Developer/Library/Frameworks -c -j8 -enable-batch-mode -incremental -Xcc -ivfsstatcache -Xcc /Users/buddhirajgautam/Library/Developer/Xcode/DerivedData/SDKStatCaches.noindex/macosx27.0-26A425-e829b21a6f8c9b70876ba0858053c0447231f6df4def33e022ae2eb8f782df1a.sdkstatcache -output-file-map /Users/buddhirajgautam/Library/Developer/Xcode/DerivedData/Telegram-Mac-fygdgghdgmuleoelvxabfmqiotta/Build/Intermediates.noindex/MergeLists.build/Debug/MergeLists-t.build/Objects-normal/arm64/MergeLists-OutputFileMap.json -save-temps -no-color-diagnostics -explicit-module-build -module-cache-path /Users/buddhirajgautam/Library/Developer/Xcode/DerivedData/Telegram-Mac-fygdgghdgmuleoelvxabfmqiotta/Build/Intermediates.noindex/SwiftExplicitPrecompiledModules -clang-scanner-module-cache-path /Users/buddhirajgautam/Library/Developer/Xcode/DerivedData/ModuleCache.noindex -sdk-module-cache-path /Users/buddhirajgautam/Library/Developer/Xcode/DerivedData/SDKExplicitPrecompiledModules -emit-dependencies -emit-module -emit-module-path /Users/buddhirajgautam/Library/Developer/Xcode/DerivedData/Telegram-Mac-fygdgghdgmuleoelvxabfmqiotta/Build/Intermediates.noindex/MergeLists.build/Debug/MergeLists-t.build/Objects-normal/arm64/MergeLists.swiftmodule -serialize-diagnostics -dependency-scan-serialize-diagnostics-path /Users/buddhirajgautam/Library/Developer/Xcode/DerivedData/Telegram-Mac-fygdgghdgmuleoelvxabfmqiotta/Build/Intermediates.noindex/MergeLists.build/Debug/MergeLists-t.build/Objects-normal/arm64/MergeLists-dependency-scan.dia -validate-clang-modules-once -clang-build-session-file /Users/buddhirajgautam/Library/Developer/Xcode/DerivedData/ModuleCache.noindex/Session.modulevalidation -Xcc -fmodules-prune-interval\=86400 -Xcc -fmodules-prune-after\=345600 -emit-const-values -const-gather-protocols-list /Users/buddhirajgautam/Library/Developer/Xcode/DerivedData/Telegram-Mac-fygdgghdgmuleoelvxabfmqiotta/Build/Intermediates.noindex/MergeLists.build/Debug/MergeLists-t.build/Objects-normal/arm64/MergeLists_const_extract_protocols.json -Xcc -I/Users/buddhirajgautam/Library/Developer/Xcode/DerivedData/Telegram-Mac-fygdgghdgmuleoelvxabfmqiotta/Build/Products/Debug/include -Xcc -I/Users/buddhirajgautam/Library/Developer/Xcode/DerivedData/Telegram-Mac-fygdgghdgmuleoelvxabfmqiotta/Build/Intermediates.noindex/MergeLists.build/Debug/MergeLists-t.build/DerivedSources-normal/arm64 -Xcc -I/Users/buddhirajgautam/Library/Developer/Xcode/DerivedData/Telegram-Mac-fygdgghdgmuleoelvxabfmqiotta/Build/Intermediates.noindex/MergeLists.build/Debug/MergeLists-t.build/DerivedSources/arm64 -Xcc -I/Users/buddhirajgautam/Library/Developer/Xcode/DerivedData/Telegram-Mac-fygdgghdgmuleoelvxabfmqiotta/Build/Intermediates.noindex/MergeLists.build/Debug/MergeLists-t.build/DerivedSources -Xcc -DSWIFT_PACKAGE -Xcc -DDEBUG\=1 -emit-objc-header -emit-objc-header-path /Users/buddhirajgautam/Library/Developer/Xcode/DerivedData/Telegram-Mac-fygdgghdgmuleoelvxabfmqiotta/Build/Intermediates.noindex/MergeLists.build/Debug/MergeLists-t.build/Objects-normal/arm64/MergeLists-Swift.h -working-directory /Users/buddhirajgautam/Documents/Cherrygram-Mac/macOS-Swift -experimental-emit-module-separately -disable-cmo

SwiftDriver FlatBuffers normal arm64 com.apple.xcode.tools.swift.compiler (in target 'FlatBuffers' from project 'FlatBuffers')
    cd /Users/buddhirajgautam/Documents/Cherrygram-Mac/macOS-Swift
    builtin-SwiftDriver -- /Applications/Xcode.app/Contents/Developer/Toolchains/XcodeDefault.xctoolchain/usr/bin/swiftc -parse-as-library -module-name FlatBuffers -Onone @/Users/buddhirajgautam/Library/Developer/Xcode/DerivedData/Telegram-Mac-fygdgghdgmuleoelvxabfmqiotta/Build/Intermediates.noindex/FlatBuffers.build/Debug/FlatBuffers-t.build/Objects-normal/arm64/FlatBuffers.SwiftFileList -DSWIFT_PACKAGE -DDEBUG -DSWIFT_MODULE_RESOURCE_BUNDLE_UNAVAILABLE -DXcode -plugin-path /Applications/Xcode.app/Contents/Developer/Toolchains/XcodeDefault.xctoolchain/usr/lib/swift/host/plugins/testing -enable-experimental-feature DebugDescriptionMacro -sdk /Applications/Xcode.app/Contents/Developer/Platforms/MacOSX.platform/Developer/SDKs/MacOSX27.0.sdk -target arm64-apple-macos12.0 -g -module-cache-path /Users/buddhirajgautam/Library/Developer/Xcode/DerivedData/ModuleCache.noindex -Xfrontend -serialize-debugging-options -profile-coverage-mapping -profile-generate -enable-testing -index-store-path /Users/buddhirajgautam/Library/Developer/Xcode/DerivedData/Telegram-Mac-fygdgghdgmuleoelvxabfmqiotta/Index.noindex/DataStore -Xcc -D_LIBCPP_HARDENING_MODE\=_LIBCPP_HARDENING_MODE_DEBUG -swift-version 5 -I /Users/buddhirajgautam/Library/Developer/Xcode/DerivedData/Telegram-Mac-fygdgghdgmuleoelvxabfmqiotta/Build/Products/Debug -Isystem /Applications/Xcode.app/Contents/Developer/Platforms/MacOSX.platform/Developer/usr/lib -F /Users/buddhirajgautam/Library/Developer/Xcode/DerivedData/Telegram-Mac-fygdgghdgmuleoelvxabfmqiotta/Build/Products/Debug -F /Applications/Xcode.app/Contents/Developer/Platforms/MacOSX.platform/Developer/Library/Frameworks -c -j8 -enable-batch-mode -incremental -Xcc -ivfsstatcache -Xcc /Users/buddhirajgautam/Library/Developer/Xcode/DerivedData/SDKStatCaches.noindex/macosx27.0-26A425-e829b21a6f8c9b70876ba0858053c0447231f6df4def33e022ae2eb8f782df1a.sdkstatcache -output-file-map /Users/buddhirajgautam/Library/Developer/Xcode/DerivedData/Telegram-Mac-fygdgghdgmuleoelvxabfmqiotta/Build/Intermediates.noindex/FlatBuffers.build/Debug/FlatBuffers-t.build/Objects-normal/arm64/FlatBuffers-OutputFileMap.json -save-temps -no-color-diagnostics -explicit-module-build -module-cache-path /Users/buddhirajgautam/Library/Developer/Xcode/DerivedData/Telegram-Mac-fygdgghdgmuleoelvxabfmqiotta/Build/Intermediates.noindex/SwiftExplicitPrecompiledModules -clang-scanner-module-cache-path /Users/buddhirajgautam/Library/Developer/Xcode/DerivedData/ModuleCache.noindex -sdk-module-cache-path /Users/buddhirajgautam/Library/Developer/Xcode/DerivedData/SDKExplicitPrecompiledModules -emit-dependencies -emit-module -emit-module-path /Users/buddhirajgautam/Library/Developer/Xcode/DerivedData/Telegram-Mac-fygdgghdgmuleoelvxabfmqiotta/Build/Intermediates.noindex/FlatBuffers.build/Debug/FlatBuffers-t.build/Objects-normal/arm64/FlatBuffers.swiftmodule -serialize-diagnostics -dependency-scan-serialize-diagnostics-path /Users/buddhirajgautam/Library/Developer/Xcode/DerivedData/Telegram-Mac-fygdgghdgmuleoelvxabfmqiotta/Build/Intermediates.noindex/FlatBuffers.build/Debug/FlatBuffers-t.build/Objects-normal/arm64/FlatBuffers-dependency-scan.dia -validate-clang-modules-once -clang-build-session-file /Users/buddhirajgautam/Library/Developer/Xcode/DerivedData/ModuleCache.noindex/Session.modulevalidation -Xcc -fmodules-prune-interval\=86400 -Xcc -fmodules-prune-after\=345600 -emit-const-values -const-gather-protocols-list /Users/buddhirajgautam/Library/Developer/Xcode/DerivedData/Telegram-Mac-fygdgghdgmuleoelvxabfmqiotta/Build/Intermediates.noindex/FlatBuffers.build/Debug/FlatBuffers-t.build/Objects-normal/arm64/FlatBuffers_const_extract_protocols.json -Xcc -I/Users/buddhirajgautam/Library/Developer/Xcode/DerivedData/Telegram-Mac-fygdgghdgmuleoelvxabfmqiotta/Build/Products/Debug/include -Xcc -I/Users/buddhirajgautam/Library/Developer/Xcode/DerivedData/Telegram-Mac-fygdgghdgmuleoelvxabfmqiotta/Build/Intermediates.noindex/FlatBuffers.build/Debug/FlatBuffers-t.build/DerivedSources-normal/arm64 -Xcc -I/Users/buddhirajgautam/Library/Developer/Xcode/DerivedData/Telegram-Mac-fygdgghdgmuleoelvxabfmqiotta/Build/Intermediates.noindex/FlatBuffers.build/Debug/FlatBuffers-t.build/DerivedSources/arm64 -Xcc -I/Users/buddhirajgautam/Library/Developer/Xcode/DerivedData/Telegram-Mac-fygdgghdgmuleoelvxabfmqiotta/Build/Intermediates.noindex/FlatBuffers.build/Debug/FlatBuffers-t.build/DerivedSources -Xcc -DSWIFT_PACKAGE -Xcc -DDEBUG\=1 -emit-objc-header -emit-objc-header-path /Users/buddhirajgautam/Library/Developer/Xcode/DerivedData/Telegram-Mac-fygdgghdgmuleoelvxabfmqiotta/Build/Intermediates.noindex/FlatBuffers.build/Debug/FlatBuffers-t.build/Objects-normal/arm64/FlatBuffers-Swift.h -working-directory /Users/buddhirajgautam/Documents/Cherrygram-Mac/macOS-Swift -experimental-emit-module-separately -disable-cmo

SwiftEmitModule normal arm64 Emitting\ module\ for\ TelegramApi (in target 'TelegramApi' from project 'TelegramApi')

SwiftCompile normal arm64 (in target 'TelegramApi' from project 'TelegramApi')
    cd /Users/buddhirajgautam/Documents/Cherrygram-Mac/macOS-Swift
    

SwiftDriverJobDiscovery normal arm64 Emitting module for Strings (in target 'Strings' from project 'Strings')

SwiftDriver\ Compilation\ Requirements Strings normal arm64 com.apple.xcode.tools.swift.compiler (in target 'Strings' from project 'Strings')
    cd /Users/buddhirajgautam/Documents/Cherrygram-Mac/macOS-Swift
    builtin-Swift-Compilation-Requirements -- /Applications/Xcode.app/Contents/Developer/Toolchains/XcodeDefault.xctoolchain/usr/bin/swiftc -parse-as-library -module-name Strings -Onone @/Users/buddhirajgautam/Library/Developer/Xcode/DerivedData/Telegram-Mac-fygdgghdgmuleoelvxabfmqiotta/Build/Intermediates.noindex/Strings.build/Debug/Strings-t.build/Objects-normal/arm64/Strings.SwiftFileList -DSWIFT_PACKAGE -DDEBUG -DSWIFT_MODULE_RESOURCE_BUNDLE_UNAVAILABLE -DXcode -plugin-path /Applications/Xcode.app/Contents/Developer/Toolchains/XcodeDefault.xctoolchain/usr/lib/swift/host/plugins/testing -enable-experimental-feature DebugDescriptionMacro -sdk /Applications/Xcode.app/Contents/Developer/Platforms/MacOSX.platform/Developer/SDKs/MacOSX27.0.sdk -target arm64-apple-macos12.0 -g -module-cache-path /Users/buddhirajgautam/Library/Developer/Xcode/DerivedData/ModuleCache.noindex -Xfrontend -serialize-debugging-options -profile-coverage-mapping -profile-generate -enable-testing -index-store-path /Users/buddhirajgautam/Library/Developer/Xcode/DerivedData/Telegram-Mac-fygdgghdgmuleoelvxabfmqiotta/Index.noindex/DataStore -Xcc -D_LIBCPP_HARDENING_MODE\=_LIBCPP_HARDENING_MODE_DEBUG -swift-version 5 -I /Users/buddhirajgautam/Library/Developer/Xcode/DerivedData/Telegram-Mac-fygdgghdgmuleoelvxabfmqiotta/Build/Products/Debug -Isystem /Applications/Xcode.app/Contents/Developer/Platforms/MacOSX.platform/Developer/usr/lib -F /Users/buddhirajgautam/Library/Developer/Xcode/DerivedData/Telegram-Mac-fygdgghdgmuleoelvxabfmqiotta/Build/Products/Debug -F /Applications/Xcode.app/Contents/Developer/Platforms/MacOSX.platform/Developer/Library/Frameworks -c -j8 -enable-batch-mode -incremental -Xcc -ivfsstatcache -Xcc /Users/buddhirajgautam/Library/Developer/Xcode/DerivedData/SDKStatCaches.noindex/macosx27.0-26A425-e829b21a6f8c9b70876ba0858053c0447231f6df4def33e022ae2eb8f782df1a.sdkstatcache -output-file-map /Users/buddhirajgautam/Library/Developer/Xcode/DerivedData/Telegram-Mac-fygdgghdgmuleoelvxabfmqiotta/Build/Intermediates.noindex/Strings.build/Debug/Strings-t.build/Objects-normal/arm64/Strings-OutputFileMap.json -save-temps -no-color-diagnostics -explicit-module-build -module-cache-path /Users/buddhirajgautam/Library/Developer/Xcode/DerivedData/Telegram-Mac-fygdgghdgmuleoelvxabfmqiotta/Build/Intermediates.noindex/SwiftExplicitPrecompiledModules -clang-scanner-module-cache-path /Users/buddhirajgautam/Library/Developer/Xcode/DerivedData/ModuleCache.noindex -sdk-module-cache-path /Users/buddhirajgautam/Library/Developer/Xcode/DerivedData/SDKExplicitPrecompiledModules -emit-dependencies -emit-module -emit-module-path /Users/buddhirajgautam/Library/Developer/Xcode/DerivedData/Telegram-Mac-fygdgghdgmuleoelvxabfmqiotta/Build/Intermediates.noindex/Strings.build/Debug/Strings-t.build/Objects-normal/arm64/Strings.swiftmodule -serialize-diagnostics -dependency-scan-serialize-diagnostics-path /Users/buddhirajgautam/Library/Developer/Xcode/DerivedData/Telegram-Mac-fygdgghdgmuleoelvxabfmqiotta/Build/Intermediates.noindex/Strings.build/Debug/Strings-t.build/Objects-normal/arm64/Strings-dependency-scan.dia -validate-clang-modules-once -clang-build-session-file /Users/buddhirajgautam/Library/Developer/Xcode/DerivedData/ModuleCache.noindex/Session.modulevalidation -Xcc -fmodules-prune-interval\=86400 -Xcc -fmodules-prune-after\=345600 -emit-const-values -const-gather-protocols-list /Users/buddhirajgautam/Library/Developer/Xcode/DerivedData/Telegram-Mac-fygdgghdgmuleoelvxabfmqiotta/Build/Intermediates.noindex/Strings.build/Debug/Strings-t.build/Objects-normal/arm64/Strings_const_extract_protocols.json -Xcc -I/Users/buddhirajgautam/Library/Developer/Xcode/DerivedData/Telegram-Mac-fygdgghdgmuleoelvxabfmqiotta/Build/Products/Debug/include -Xcc -I/Users/buddhirajgautam/Library/Developer/Xcode/DerivedData/Telegram-Mac-fygdgghdgmuleoelvxabfmqiotta/Build/Intermediates.noindex/Strings.build/Debug/Strings-t.build/DerivedSources-normal/arm64 -Xcc -I/Users/buddhirajgautam/Library/Developer/Xcode/DerivedData/Telegram-Mac-fygdgghdgmuleoelvxabfmqiotta/Build/Intermediates.noindex/Strings.build/Debug/Strings-t.build/DerivedSources/arm64 -Xcc -I/Users/buddhirajgautam/Library/Developer/Xcode/DerivedData/Telegram-Mac-fygdgghdgmuleoelvxabfmqiotta/Build/Intermediates.noindex/Strings.build/Debug/Strings-t.build/DerivedSources -Xcc -DSWIFT_PACKAGE -Xcc -DDEBUG\=1 -emit-objc-header -emit-objc-header-path /Users/buddhirajgautam/Library/Developer/Xcode/DerivedData/Telegram-Mac-fygdgghdgmuleoelvxabfmqiotta/Build/Intermediates.noindex/Strings.build/Debug/Strings-t.build/Objects-normal/arm64/Strings-Swift.h -working-directory /Users/buddhirajgautam/Documents/Cherrygram-Mac/macOS-Swift -experimental-emit-module-separately -disable-cmo

SwiftMergeGeneratedHeaders /Users/buddhirajgautam/Library/Developer/Xcode/DerivedData/Telegram-Mac-fygdgghdgmuleoelvxabfmqiotta/Build/Intermediates.noindex/GeneratedModuleMaps/MergeLists-Swift.h /Users/buddhirajgautam/Library/Developer/Xcode/DerivedData/Telegram-Mac-fygdgghdgmuleoelvxabfmqiotta/Build/Intermediates.noindex/MergeLists.build/Debug/MergeLists-t.build/Objects-normal/arm64/MergeLists-Swift.h (in target 'MergeLists' from project 'MergeLists')
    cd /Users/buddhirajgautam/Documents/Cherrygram-Mac/macOS-Swift/packages/MergeLists
    builtin-swiftHeaderTool -arch arm64 /Users/buddhirajgautam/Library/Developer/Xcode/DerivedData/Telegram-Mac-fygdgghdgmuleoelvxabfmqiotta/Build/Intermediates.noindex/MergeLists.build/Debug/MergeLists-t.build/Objects-normal/arm64/MergeLists-Swift.h -o /Users/buddhirajgautam/Library/Developer/Xcode/DerivedData/Telegram-Mac-fygdgghdgmuleoelvxabfmqiotta/Build/Intermediates.noindex/GeneratedModuleMaps/MergeLists-Swift.h

SwiftMergeGeneratedHeaders /Users/buddhirajgautam/Library/Developer/Xcode/DerivedData/Telegram-Mac-fygdgghdgmuleoelvxabfmqiotta/Build/Intermediates.noindex/GeneratedModuleMaps/Strings-Swift.h /Users/buddhirajgautam/Library/Developer/Xcode/DerivedData/Telegram-Mac-fygdgghdgmuleoelvxabfmqiotta/Build/Intermediates.noindex/Strings.build/Debug/Strings-t.build/Objects-normal/arm64/Strings-Swift.h (in target 'Strings' from project 'Strings')
    cd /Users/buddhirajgautam/Documents/Cherrygram-Mac/macOS-Swift/packages/Strings
    builtin-swiftHeaderTool -arch arm64 /Users/buddhirajgautam/Library/Developer/Xcode/DerivedData/Telegram-Mac-fygdgghdgmuleoelvxabfmqiotta/Build/Intermediates.noindex/Strings.build/Debug/Strings-t.build/Objects-normal/arm64/Strings-Swift.h -o /Users/buddhirajgautam/Library/Developer/Xcode/DerivedData/Telegram-Mac-fygdgghdgmuleoelvxabfmqiotta/Build/Intermediates.noindex/GeneratedModuleMaps/Strings-Swift.h

Copy /Users/buddhirajgautam/Library/Developer/Xcode/DerivedData/Telegram-Mac-fygdgghdgmuleoelvxabfmqiotta/Build/Products/Debug/Strings.swiftmodule/arm64-apple-macos.swiftmodule /Users/buddhirajgautam/Library/Developer/Xcode/DerivedData/Telegram-Mac-fygdgghdgmuleoelvxabfmqiotta/Build/Intermediates.noindex/Strings.build/Debug/Strings-t.build/Objects-normal/arm64/Strings.swiftmodule (in target 'Strings' from project 'Strings')
    cd /Users/buddhirajgautam/Documents/Cherrygram-Mac/macOS-Swift/packages/Strings
    builtin-copy -exclude .DS_Store -exclude CVS -exclude .svn -exclude .git -exclude .hg -resolve-src-symlinks -rename /Users/buddhirajgautam/Library/Developer/Xcode/DerivedData/Telegram-Mac-fygdgghdgmuleoelvxabfmqiotta/Build/Intermediates.noindex/Strings.build/Debug/Strings-t.build/Objects-normal/arm64/Strings.swiftmodule /Users/buddhirajgautam/Library/Developer/Xcode/DerivedData/Telegram-Mac-fygdgghdgmuleoelvxabfmqiotta/Build/Products/Debug/Strings.swiftmodule/arm64-apple-macos.swiftmodule

Copy /Users/buddhirajgautam/Library/Developer/Xcode/DerivedData/Telegram-Mac-fygdgghdgmuleoelvxabfmqiotta/Build/Products/Debug/Strings.swiftmodule/arm64-apple-macos.swiftdoc /Users/buddhirajgautam/Library/Developer/Xcode/DerivedData/Telegram-Mac-fygdgghdgmuleoelvxabfmqiotta/Build/Intermediates.noindex/Strings.build/Debug/Strings-t.build/Objects-normal/arm64/Strings.swiftdoc (in target 'Strings' from project 'Strings')
    cd /Users/buddhirajgautam/Documents/Cherrygram-Mac/macOS-Swift/packages/Strings
    builtin-copy -exclude .DS_Store -exclude CVS -exclude .svn -exclude .git -exclude .hg -resolve-src-symlinks -rename /Users/buddhirajgautam/Library/Developer/Xcode/DerivedData/Telegram-Mac-fygdgghdgmuleoelvxabfmqiotta/Build/Intermediates.noindex/Strings.build/Debug/Strings-t.build/Objects-normal/arm64/Strings.swiftdoc /Users/buddhirajgautam/Library/Developer/Xcode/DerivedData/Telegram-Mac-fygdgghdgmuleoelvxabfmqiotta/Build/Products/Debug/Strings.swiftmodule/arm64-apple-macos.swiftdoc

Copy /Users/buddhirajgautam/Library/Developer/Xcode/DerivedData/Telegram-Mac-fygdgghdgmuleoelvxabfmqiotta/Build/Products/Debug/Strings.swiftmodule/arm64-apple-macos.abi.json /Users/buddhirajgautam/Library/Developer/Xcode/DerivedData/Telegram-Mac-fygdgghdgmuleoelvxabfmqiotta/Build/Intermediates.noindex/Strings.build/Debug/Strings-t.build/Objects-normal/arm64/Strings.abi.json (in target 'Strings' from project 'Strings')
    cd /Users/buddhirajgautam/Documents/Cherrygram-Mac/macOS-Swift/packages/Strings
    builtin-copy -exclude .DS_Store -exclude CVS -exclude .svn -exclude .git -exclude .hg -resolve-src-symlinks -rename /Users/buddhirajgautam/Library/Developer/Xcode/DerivedData/Telegram-Mac-fygdgghdgmuleoelvxabfmqiotta/Build/Intermediates.noindex/Strings.build/Debug/Strings-t.build/Objects-normal/arm64/Strings.abi.json /Users/buddhirajgautam/Library/Developer/Xcode/DerivedData/Telegram-Mac-fygdgghdgmuleoelvxabfmqiotta/Build/Products/Debug/Strings.swiftmodule/arm64-apple-macos.abi.json

Copy /Users/buddhirajgautam/Library/Developer/Xcode/DerivedData/Telegram-Mac-fygdgghdgmuleoelvxabfmqiotta/Build/Products/Debug/Strings.swiftmodule/Project/arm64-apple-macos.swiftsourceinfo /Users/buddhirajgautam/Library/Developer/Xcode/DerivedData/Telegram-Mac-fygdgghdgmuleoelvxabfmqiotta/Build/Intermediates.noindex/Strings.build/Debug/Strings-t.build/Objects-normal/arm64/Strings.swiftsourceinfo (in target 'Strings' from project 'Strings')
    cd /Users/buddhirajgautam/Documents/Cherrygram-Mac/macOS-Swift/packages/Strings
    builtin-copy -exclude .DS_Store -exclude CVS -exclude .svn -exclude .git -exclude .hg -resolve-src-symlinks -rename /Users/buddhirajgautam/Library/Developer/Xcode/DerivedData/Telegram-Mac-fygdgghdgmuleoelvxabfmqiotta/Build/Intermediates.noindex/Strings.build/Debug/Strings-t.build/Objects-normal/arm64/Strings.swiftsourceinfo /Users/buddhirajgautam/Library/Developer/Xcode/DerivedData/Telegram-Mac-fygdgghdgmuleoelvxabfmqiotta/Build/Products/Debug/Strings.swiftmodule/Project/arm64-apple-macos.swiftsourceinfo

Copy /Users/buddhirajgautam/Library/Developer/Xcode/DerivedData/Telegram-Mac-fygdgghdgmuleoelvxabfmqiotta/Build/Products/Debug/MergeLists.swiftmodule/arm64-apple-macos.swiftmodule /Users/buddhirajgautam/Library/Developer/Xcode/DerivedData/Telegram-Mac-fygdgghdgmuleoelvxabfmqiotta/Build/Intermediates.noindex/MergeLists.build/Debug/MergeLists-t.build/Objects-normal/arm64/MergeLists.swiftmodule (in target 'MergeLists' from project 'MergeLists')
    cd /Users/buddhirajgautam/Documents/Cherrygram-Mac/macOS-Swift/packages/MergeLists
    builtin-copy -exclude .DS_Store -exclude CVS -exclude .svn -exclude .git -exclude .hg -resolve-src-symlinks -rename /Users/buddhirajgautam/Library/Developer/Xcode/DerivedData/Telegram-Mac-fygdgghdgmuleoelvxabfmqiotta/Build/Intermediates.noindex/MergeLists.build/Debug/MergeLists-t.build/Objects-normal/arm64/MergeLists.swiftmodule /Users/buddhirajgautam/Library/Developer/Xcode/DerivedData/Telegram-Mac-fygdgghdgmuleoelvxabfmqiotta/Build/Products/Debug/MergeLists.swiftmodule/arm64-apple-macos.swiftmodule

Copy /Users/buddhirajgautam/Library/Developer/Xcode/DerivedData/Telegram-Mac-fygdgghdgmuleoelvxabfmqiotta/Build/Products/Debug/MergeLists.swiftmodule/arm64-apple-macos.swiftdoc /Users/buddhirajgautam/Library/Developer/Xcode/DerivedData/Telegram-Mac-fygdgghdgmuleoelvxabfmqiotta/Build/Intermediates.noindex/MergeLists.build/Debug/MergeLists-t.build/Objects-normal/arm64/MergeLists.swiftdoc (in target 'MergeLists' from project 'MergeLists')
    cd /Users/buddhirajgautam/Documents/Cherrygram-Mac/macOS-Swift/packages/MergeLists
    builtin-copy -exclude .DS_Store -exclude CVS -exclude .svn -exclude .git -exclude .hg -resolve-src-symlinks -rename /Users/buddhirajgautam/Library/Developer/Xcode/DerivedData/Telegram-Mac-fygdgghdgmuleoelvxabfmqiotta/Build/Intermediates.noindex/MergeLists.build/Debug/MergeLists-t.build/Objects-normal/arm64/MergeLists.swiftdoc /Users/buddhirajgautam/Library/Developer/Xcode/DerivedData/Telegram-Mac-fygdgghdgmuleoelvxabfmqiotta/Build/Products/Debug/MergeLists.swiftmodule/arm64-apple-macos.swiftdoc

Copy /Users/buddhirajgautam/Library/Developer/Xcode/DerivedData/Telegram-Mac-fygdgghdgmuleoelvxabfmqiotta/Build/Products/Debug/MergeLists.swiftmodule/arm64-apple-macos.abi.json /Users/buddhirajgautam/Library/Developer/Xcode/DerivedData/Telegram-Mac-fygdgghdgmuleoelvxabfmqiotta/Build/Intermediates.noindex/MergeLists.build/Debug/MergeLists-t.build/Objects-normal/arm64/MergeLists.abi.json (in target 'MergeLists' from project 'MergeLists')
    cd /Users/buddhirajgautam/Documents/Cherrygram-Mac/macOS-Swift/packages/MergeLists
    builtin-copy -exclude .DS_Store -exclude CVS -exclude .svn -exclude .git -exclude .hg -resolve-src-symlinks -rename /Users/buddhirajgautam/Library/Developer/Xcode/DerivedData/Telegram-Mac-fygdgghdgmuleoelvxabfmqiotta/Build/Intermediates.noindex/MergeLists.build/Debug/MergeLists-t.build/Objects-normal/arm64/MergeLists.abi.json /Users/buddhirajgautam/Library/Developer/Xcode/DerivedData/Telegram-Mac-fygdgghdgmuleoelvxabfmqiotta/Build/Products/Debug/MergeLists.swiftmodule/arm64-apple-macos.abi.json

Copy /Users/buddhirajgautam/Library/Developer/Xcode/DerivedData/Telegram-Mac-fygdgghdgmuleoelvxabfmqiotta/Build/Products/Debug/MergeLists.swiftmodule/Project/arm64-apple-macos.swiftsourceinfo /Users/buddhirajgautam/Library/Developer/Xcode/DerivedData/Telegram-Mac-fygdgghdgmuleoelvxabfmqiotta/Build/Intermediates.noindex/MergeLists.build/Debug/MergeLists-t.build/Objects-normal/arm64/MergeLists.swiftsourceinfo (in target 'MergeLists' from project 'MergeLists')
    cd /Users/buddhirajgautam/Documents/Cherrygram-Mac/macOS-Swift/packages/MergeLists
    builtin-copy -exclude .DS_Store -exclude CVS -exclude .svn -exclude .git -exclude .hg -resolve-src-symlinks -rename /Users/buddhirajgautam/Library/Developer/Xcode/DerivedData/Telegram-Mac-fygdgghdgmuleoelvxabfmqiotta/Build/Intermediates.noindex/MergeLists.build/Debug/MergeLists-t.build/Objects-normal/arm64/MergeLists.swiftsourceinfo /Users/buddhirajgautam/Library/Developer/Xcode/DerivedData/Telegram-Mac-fygdgghdgmuleoelvxabfmqiotta/Build/Products/Debug/MergeLists.swiftmodule/Project/arm64-apple-macos.swiftsourceinfo

SwiftEmitModule normal arm64 Emitting\ module\ for\ FoundationUtils (in target 'FoundationUtils' from project 'FoundationUtils')

SwiftCompile normal arm64 (in target 'FoundationUtils' from project 'FoundationUtils')
    cd /Users/buddhirajgautam/Documents/Cherrygram-Mac/macOS-Swift
    

SwiftDriver FirebaseCoreInternal normal arm64 com.apple.xcode.tools.swift.compiler (in target 'FirebaseCoreInternal' from project 'Firebase')
    cd /Users/buddhirajgautam/Documents/Cherrygram-Mac/macOS-Swift
    builtin-SwiftDriver -- /Applications/Xcode.app/Contents/Developer/Toolchains/XcodeDefault.xctoolchain/usr/bin/swiftc -parse-as-library -module-name FirebaseCoreInternal -Onone @/Users/buddhirajgautam/Library/Developer/Xcode/DerivedData/Telegram-Mac-fygdgghdgmuleoelvxabfmqiotta/Build/Intermediates.noindex/Firebase.build/Debug/FirebaseCoreInternal-t.build/Objects-normal/arm64/FirebaseCoreInternal.SwiftFileList -DSWIFT_PACKAGE -DDEBUG -DSWIFT_MODULE_RESOURCE_BUNDLE_UNAVAILABLE -Xcc -fmodule-map-file\=/Users/buddhirajgautam/Library/Developer/Xcode/DerivedData/Telegram-Mac-fygdgghdgmuleoelvxabfmqiotta/Build/Intermediates.noindex/GeneratedModuleMaps/GoogleUtilities-NSData.modulemap -DXcode -plugin-path /Applications/Xcode.app/Contents/Developer/Toolchains/XcodeDefault.xctoolchain/usr/lib/swift/host/plugins/testing -enable-experimental-feature DebugDescriptionMacro -sdk /Applications/Xcode.app/Contents/Developer/Platforms/MacOSX.platform/Developer/SDKs/MacOSX27.0.sdk -target arm64-apple-macos12.0 -g -module-cache-path /Users/buddhirajgautam/Library/Developer/Xcode/DerivedData/ModuleCache.noindex -Xfrontend -serialize-debugging-options -profile-coverage-mapping -profile-generate -enable-testing -suppress-warnings -index-store-path /Users/buddhirajgautam/Library/Developer/Xcode/DerivedData/Telegram-Mac-fygdgghdgmuleoelvxabfmqiotta/Index.noindex/DataStore -Xcc -D_LIBCPP_HARDENING_MODE\=_LIBCPP_HARDENING_MODE_DEBUG -swift-version 5 -I /Users/buddhirajgautam/Library/Developer/Xcode/DerivedData/Telegram-Mac-fygdgghdgmuleoelvxabfmqiotta/Build/Products/Debug -Isystem /Applications/Xcode.app/Contents/Developer/Platforms/MacOSX.platform/Developer/usr/lib -F /Users/buddhirajgautam/Library/Developer/Xcode/DerivedData/Telegram-Mac-fygdgghdgmuleoelvxabfmqiotta/Build/Products/Debug/PackageFrameworks -F /Users/buddhirajgautam/Library/Developer/Xcode/DerivedData/Telegram-Mac-fygdgghdgmuleoelvxabfmqiotta/Build/Products/Debug -F /Applications/Xcode.app/Contents/Developer/Platforms/MacOSX.platform/Developer/Library/Frameworks -c -j8 -enable-batch-mode -incremental -Xcc -ivfsstatcache -Xcc /Users/buddhirajgautam/Library/Developer/Xcode/DerivedData/SDKStatCaches.noindex/macosx27.0-26A425-e829b21a6f8c9b70876ba0858053c0447231f6df4def33e022ae2eb8f782df1a.sdkstatcache -output-file-map /Users/buddhirajgautam/Library/Developer/Xcode/DerivedData/Telegram-Mac-fygdgghdgmuleoelvxabfmqiotta/Build/Intermediates.noindex/Firebase.build/Debug/FirebaseCoreInternal-t.build/Objects-normal/arm64/FirebaseCoreInternal-OutputFileMap.json -save-temps -no-color-diagnostics -explicit-module-build -module-cache-path /Users/buddhirajgautam/Library/Developer/Xcode/DerivedData/Telegram-Mac-fygdgghdgmuleoelvxabfmqiotta/Build/Intermediates.noindex/SwiftExplicitPrecompiledModules -clang-scanner-module-cache-path /Users/buddhirajgautam/Library/Developer/Xcode/DerivedData/ModuleCache.noindex -sdk-module-cache-path /Users/buddhirajgautam/Library/Developer/Xcode/DerivedData/SDKExplicitPrecompiledModules -emit-dependencies -emit-module -emit-module-path /Users/buddhirajgautam/Library/Developer/Xcode/DerivedData/Telegram-Mac-fygdgghdgmuleoelvxabfmqiotta/Build/Intermediates.noindex/Firebase.build/Debug/FirebaseCoreInternal-t.build/Objects-normal/arm64/FirebaseCoreInternal.swiftmodule -serialize-diagnostics -dependency-scan-serialize-diagnostics-path /Users/buddhirajgautam/Library/Developer/Xcode/DerivedData/Telegram-Mac-fygdgghdgmuleoelvxabfmqiotta/Build/Intermediates.noindex/Firebase.build/Debug/FirebaseCoreInternal-t.build/Objects-normal/arm64/FirebaseCoreInternal-dependency-scan.dia -validate-clang-modules-once -clang-build-session-file /Users/buddhirajgautam/Library/Developer/Xcode/DerivedData/ModuleCache.noindex/Session.modulevalidation -Xcc -fmodules-prune-interval\=86400 -Xcc -fmodules-prune-after\=345600 -emit-const-values -const-gather-protocols-list /Users/buddhirajgautam/Library/Developer/Xcode/DerivedData/Telegram-Mac-fygdgghdgmuleoelvxabfmqiotta/Build/Intermediates.noindex/Firebase.build/Debug/FirebaseCoreInternal-t.build/Objects-normal/arm64/FirebaseCoreInternal_const_extract_protocols.json -Xcc -I/Users/buddhirajgautam/Library/Developer/Xcode/DerivedData/Telegram-Mac-fygdgghdgmuleoelvxabfmqiotta/SourcePackages/checkouts/GoogleUtilities/GoogleUtilities/NSData+zlib/Public -Xcc -I/Users/buddhirajgautam/Library/Developer/Xcode/DerivedData/Telegram-Mac-fygdgghdgmuleoelvxabfmqiotta/Build/Products/Debug/include -Xcc -I/Users/buddhirajgautam/Library/Developer/Xcode/DerivedData/Telegram-Mac-fygdgghdgmuleoelvxabfmqiotta/Build/Intermediates.noindex/Firebase.build/Debug/FirebaseCoreInternal-t.build/DerivedSources-normal/arm64 -Xcc -I/Users/buddhirajgautam/Library/Developer/Xcode/DerivedData/Telegram-Mac-fygdgghdgmuleoelvxabfmqiotta/Build/Intermediates.noindex/Firebase.build/Debug/FirebaseCoreInternal-t.build/DerivedSources/arm64 -Xcc -I/Users/buddhirajgautam/Library/Developer/Xcode/DerivedData/Telegram-Mac-fygdgghdgmuleoelvxabfmqiotta/Build/Intermediates.noindex/Firebase.build/Debug/FirebaseCoreInternal-t.build/DerivedSources -Xcc -DSWIFT_PACKAGE -Xcc -DDEBUG\=1 -emit-objc-header -emit-objc-header-path /Users/buddhirajgautam/Library/Developer/Xcode/DerivedData/Telegram-Mac-fygdgghdgmuleoelvxabfmqiotta/Build/Intermediates.noindex/Firebase.build/Debug/FirebaseCoreInternal-t.build/Objects-normal/arm64/FirebaseCoreInternal-Swift.h -working-directory /Users/buddhirajgautam/Documents/Cherrygram-Mac/macOS-Swift -experimental-emit-module-separately -disable-cmo

SwiftEmitModule normal arm64 Emitting\ module\ for\ FlatBuffers (in target 'FlatBuffers' from project 'FlatBuffers')

SwiftCompile normal arm64 (in target 'FlatBuffers' from project 'FlatBuffers')
    cd /Users/buddhirajgautam/Documents/Cherrygram-Mac/macOS-Swift
    

SwiftDriverJobDiscovery normal arm64 Emitting module for SwiftSignalKit (in target 'SwiftSignalKit' from project 'SSignalKit')

SwiftDriver\ Compilation\ Requirements SwiftSignalKit normal arm64 com.apple.xcode.tools.swift.compiler (in target 'SwiftSignalKit' from project 'SSignalKit')
    cd /Users/buddhirajgautam/Documents/Cherrygram-Mac/macOS-Swift
    builtin-Swift-Compilation-Requirements -- /Applications/Xcode.app/Contents/Developer/Toolchains/XcodeDefault.xctoolchain/usr/bin/swiftc -parse-as-library -module-name SwiftSignalKit -Onone @/Users/buddhirajgautam/Library/Developer/Xcode/DerivedData/Telegram-Mac-fygdgghdgmuleoelvxabfmqiotta/Build/Intermediates.noindex/SSignalKit.build/Debug/SwiftSignalKit-t.build/Objects-normal/arm64/SwiftSignalKit.SwiftFileList -DSWIFT_PACKAGE -DDEBUG -DSWIFT_MODULE_RESOURCE_BUNDLE_UNAVAILABLE -DXcode -plugin-path /Applications/Xcode.app/Contents/Developer/Toolchains/XcodeDefault.xctoolchain/usr/lib/swift/host/plugins/testing -enable-experimental-feature DebugDescriptionMacro -sdk /Applications/Xcode.app/Contents/Developer/Platforms/MacOSX.platform/Developer/SDKs/MacOSX27.0.sdk -target arm64-apple-macos12.0 -g -module-cache-path /Users/buddhirajgautam/Library/Developer/Xcode/DerivedData/ModuleCache.noindex -Xfrontend -serialize-debugging-options -profile-coverage-mapping -profile-generate -enable-testing -index-store-path /Users/buddhirajgautam/Library/Developer/Xcode/DerivedData/Telegram-Mac-fygdgghdgmuleoelvxabfmqiotta/Index.noindex/DataStore -Xcc -D_LIBCPP_HARDENING_MODE\=_LIBCPP_HARDENING_MODE_DEBUG -swift-version 5 -I /Users/buddhirajgautam/Library/Developer/Xcode/DerivedData/Telegram-Mac-fygdgghdgmuleoelvxabfmqiotta/Build/Products/Debug -Isystem /Applications/Xcode.app/Contents/Developer/Platforms/MacOSX.platform/Developer/usr/lib -F /Users/buddhirajgautam/Library/Developer/Xcode/DerivedData/Telegram-Mac-fygdgghdgmuleoelvxabfmqiotta/Build/Products/Debug -F /Applications/Xcode.app/Contents/Developer/Platforms/MacOSX.platform/Developer/Library/Frameworks -c -j8 -enable-batch-mode -incremental -Xcc -ivfsstatcache -Xcc /Users/buddhirajgautam/Library/Developer/Xcode/DerivedData/SDKStatCaches.noindex/macosx27.0-26A425-e829b21a6f8c9b70876ba0858053c0447231f6df4def33e022ae2eb8f782df1a.sdkstatcache -output-file-map /Users/buddhirajgautam/Library/Developer/Xcode/DerivedData/Telegram-Mac-fygdgghdgmuleoelvxabfmqiotta/Build/Intermediates.noindex/SSignalKit.build/Debug/SwiftSignalKit-t.build/Objects-normal/arm64/SwiftSignalKit-OutputFileMap.json -save-temps -no-color-diagnostics -explicit-module-build -module-cache-path /Users/buddhirajgautam/Library/Developer/Xcode/DerivedData/Telegram-Mac-fygdgghdgmuleoelvxabfmqiotta/Build/Intermediates.noindex/SwiftExplicitPrecompiledModules -clang-scanner-module-cache-path /Users/buddhirajgautam/Library/Developer/Xcode/DerivedData/ModuleCache.noindex -sdk-module-cache-path /Users/buddhirajgautam/Library/Developer/Xcode/DerivedData/SDKExplicitPrecompiledModules -emit-dependencies -emit-module -emit-module-path /Users/buddhirajgautam/Library/Developer/Xcode/DerivedData/Telegram-Mac-fygdgghdgmuleoelvxabfmqiotta/Build/Intermediates.noindex/SSignalKit.build/Debug/SwiftSignalKit-t.build/Objects-normal/arm64/SwiftSignalKit.swiftmodule -serialize-diagnostics -dependency-scan-serialize-diagnostics-path /Users/buddhirajgautam/Library/Developer/Xcode/DerivedData/Telegram-Mac-fygdgghdgmuleoelvxabfmqiotta/Build/Intermediates.noindex/SSignalKit.build/Debug/SwiftSignalKit-t.build/Objects-normal/arm64/SwiftSignalKit-dependency-scan.dia -validate-clang-modules-once -clang-build-session-file /Users/buddhirajgautam/Library/Developer/Xcode/DerivedData/ModuleCache.noindex/Session.modulevalidation -Xcc -fmodules-prune-interval\=86400 -Xcc -fmodules-prune-after\=345600 -emit-const-values -const-gather-protocols-list /Users/buddhirajgautam/Library/Developer/Xcode/DerivedData/Telegram-Mac-fygdgghdgmuleoelvxabfmqiotta/Build/Intermediates.noindex/SSignalKit.build/Debug/SwiftSignalKit-t.build/Objects-normal/arm64/SwiftSignalKit_const_extract_protocols.json -Xcc -I/Users/buddhirajgautam/Library/Developer/Xcode/DerivedData/Telegram-Mac-fygdgghdgmuleoelvxabfmqiotta/Build/Products/Debug/include -Xcc -I/Users/buddhirajgautam/Library/Developer/Xcode/DerivedData/Telegram-Mac-fygdgghdgmuleoelvxabfmqiotta/Build/Intermediates.noindex/SSignalKit.build/Debug/SwiftSignalKit-t.build/DerivedSources-normal/arm64 -Xcc -I/Users/buddhirajgautam/Library/Developer/Xcode/DerivedData/Telegram-Mac-fygdgghdgmuleoelvxabfmqiotta/Build/Intermediates.noindex/SSignalKit.build/Debug/SwiftSignalKit-t.build/DerivedSources/arm64 -Xcc -I/Users/buddhirajgautam/Library/Developer/Xcode/DerivedData/Telegram-Mac-fygdgghdgmuleoelvxabfmqiotta/Build/Intermediates.noindex/SSignalKit.build/Debug/SwiftSignalKit-t.build/DerivedSources -Xcc -DSWIFT_PACKAGE -Xcc -DDEBUG\=1 -emit-objc-header -emit-objc-header-path /Users/buddhirajgautam/Library/Developer/Xcode/DerivedData/Telegram-Mac-fygdgghdgmuleoelvxabfmqiotta/Build/Intermediates.noindex/SSignalKit.build/Debug/SwiftSignalKit-t.build/Objects-normal/arm64/SwiftSignalKit-Swift.h -working-directory /Users/buddhirajgautam/Documents/Cherrygram-Mac/macOS-Swift -experimental-emit-module-separately -disable-cmo

SwiftDriverJobDiscovery normal arm64 Emitting module for FoundationUtils (in target 'FoundationUtils' from project 'FoundationUtils')

SwiftDriver\ Compilation\ Requirements FoundationUtils normal arm64 com.apple.xcode.tools.swift.compiler (in target 'FoundationUtils' from project 'FoundationUtils')
    cd /Users/buddhirajgautam/Documents/Cherrygram-Mac/macOS-Swift
    builtin-Swift-Compilation-Requirements -- /Applications/Xcode.app/Contents/Developer/Toolchains/XcodeDefault.xctoolchain/usr/bin/swiftc -parse-as-library -module-name FoundationUtils -Onone @/Users/buddhirajgautam/Library/Developer/Xcode/DerivedData/Telegram-Mac-fygdgghdgmuleoelvxabfmqiotta/Build/Intermediates.noindex/FoundationUtils.build/Debug/FoundationUtils-t.build/Objects-normal/arm64/FoundationUtils.SwiftFileList -DSWIFT_PACKAGE -DDEBUG -DSWIFT_MODULE_RESOURCE_BUNDLE_UNAVAILABLE -DXcode -plugin-path /Applications/Xcode.app/Contents/Developer/Toolchains/XcodeDefault.xctoolchain/usr/lib/swift/host/plugins/testing -enable-experimental-feature DebugDescriptionMacro -sdk /Applications/Xcode.app/Contents/Developer/Platforms/MacOSX.platform/Developer/SDKs/MacOSX27.0.sdk -target arm64-apple-macos12.0 -g -module-cache-path /Users/buddhirajgautam/Library/Developer/Xcode/DerivedData/ModuleCache.noindex -Xfrontend -serialize-debugging-options -profile-coverage-mapping -profile-generate -enable-testing -index-store-path /Users/buddhirajgautam/Library/Developer/Xcode/DerivedData/Telegram-Mac-fygdgghdgmuleoelvxabfmqiotta/Index.noindex/DataStore -Xcc -D_LIBCPP_HARDENING_MODE\=_LIBCPP_HARDENING_MODE_DEBUG -swift-version 5 -I /Users/buddhirajgautam/Library/Developer/Xcode/DerivedData/Telegram-Mac-fygdgghdgmuleoelvxabfmqiotta/Build/Products/Debug -Isystem /Applications/Xcode.app/Contents/Developer/Platforms/MacOSX.platform/Developer/usr/lib -F /Users/buddhirajgautam/Library/Developer/Xcode/DerivedData/Telegram-Mac-fygdgghdgmuleoelvxabfmqiotta/Build/Products/Debug -F /Applications/Xcode.app/Contents/Developer/Platforms/MacOSX.platform/Developer/Library/Frameworks -c -j8 -enable-batch-mode -incremental -Xcc -ivfsstatcache -Xcc /Users/buddhirajgautam/Library/Developer/Xcode/DerivedData/SDKStatCaches.noindex/macosx27.0-26A425-e829b21a6f8c9b70876ba0858053c0447231f6df4def33e022ae2eb8f782df1a.sdkstatcache -output-file-map /Users/buddhirajgautam/Library/Developer/Xcode/DerivedData/Telegram-Mac-fygdgghdgmuleoelvxabfmqiotta/Build/Intermediates.noindex/FoundationUtils.build/Debug/FoundationUtils-t.build/Objects-normal/arm64/FoundationUtils-OutputFileMap.json -save-temps -no-color-diagnostics -explicit-module-build -module-cache-path /Users/buddhirajgautam/Library/Developer/Xcode/DerivedData/Telegram-Mac-fygdgghdgmuleoelvxabfmqiotta/Build/Intermediates.noindex/SwiftExplicitPrecompiledModules -clang-scanner-module-cache-path /Users/buddhirajgautam/Library/Developer/Xcode/DerivedData/ModuleCache.noindex -sdk-module-cache-path /Users/buddhirajgautam/Library/Developer/Xcode/DerivedData/SDKExplicitPrecompiledModules -emit-dependencies -emit-module -emit-module-path /Users/buddhirajgautam/Library/Developer/Xcode/DerivedData/Telegram-Mac-fygdgghdgmuleoelvxabfmqiotta/Build/Intermediates.noindex/FoundationUtils.build/Debug/FoundationUtils-t.build/Objects-normal/arm64/FoundationUtils.swiftmodule -serialize-diagnostics -dependency-scan-serialize-diagnostics-path /Users/buddhirajgautam/Library/Developer/Xcode/DerivedData/Telegram-Mac-fygdgghdgmuleoelvxabfmqiotta/Build/Intermediates.noindex/FoundationUtils.build/Debug/FoundationUtils-t.build/Objects-normal/arm64/FoundationUtils-dependency-scan.dia -validate-clang-modules-once -clang-build-session-file /Users/buddhirajgautam/Library/Developer/Xcode/DerivedData/ModuleCache.noindex/Session.modulevalidation -Xcc -fmodules-prune-interval\=86400 -Xcc -fmodules-prune-after\=345600 -emit-const-values -const-gather-protocols-list /Users/buddhirajgautam/Library/Developer/Xcode/DerivedData/Telegram-Mac-fygdgghdgmuleoelvxabfmqiotta/Build/Intermediates.noindex/FoundationUtils.build/Debug/FoundationUtils-t.build/Objects-normal/arm64/FoundationUtils_const_extract_protocols.json -Xcc -I/Users/buddhirajgautam/Library/Developer/Xcode/DerivedData/Telegram-Mac-fygdgghdgmuleoelvxabfmqiotta/Build/Products/Debug/include -Xcc -I/Users/buddhirajgautam/Library/Developer/Xcode/DerivedData/Telegram-Mac-fygdgghdgmuleoelvxabfmqiotta/Build/Intermediates.noindex/FoundationUtils.build/Debug/FoundationUtils-t.build/DerivedSources-normal/arm64 -Xcc -I/Users/buddhirajgautam/Library/Developer/Xcode/DerivedData/Telegram-Mac-fygdgghdgmuleoelvxabfmqiotta/Build/Intermediates.noindex/FoundationUtils.build/Debug/FoundationUtils-t.build/DerivedSources/arm64 -Xcc -I/Users/buddhirajgautam/Library/Developer/Xcode/DerivedData/Telegram-Mac-fygdgghdgmuleoelvxabfmqiotta/Build/Intermediates.noindex/FoundationUtils.build/Debug/FoundationUtils-t.build/DerivedSources -Xcc -DSWIFT_PACKAGE -Xcc -DDEBUG\=1 -emit-objc-header -emit-objc-header-path /Users/buddhirajgautam/Library/Developer/Xcode/DerivedData/Telegram-Mac-fygdgghdgmuleoelvxabfmqiotta/Build/Intermediates.noindex/FoundationUtils.build/Debug/FoundationUtils-t.build/Objects-normal/arm64/FoundationUtils-Swift.h -working-directory /Users/buddhirajgautam/Documents/Cherrygram-Mac/macOS-Swift -experimental-emit-module-separately -disable-cmo

SwiftMergeGeneratedHeaders /Users/buddhirajgautam/Library/Developer/Xcode/DerivedData/Telegram-Mac-fygdgghdgmuleoelvxabfmqiotta/Build/Intermediates.noindex/GeneratedModuleMaps/SwiftSignalKit-Swift.h /Users/buddhirajgautam/Library/Developer/Xcode/DerivedData/Telegram-Mac-fygdgghdgmuleoelvxabfmqiotta/Build/Intermediates.noindex/SSignalKit.build/Debug/SwiftSignalKit-t.build/Objects-normal/arm64/SwiftSignalKit-Swift.h (in target 'SwiftSignalKit' from project 'SSignalKit')
    cd /Users/buddhirajgautam/Documents/Cherrygram-Mac/macOS-Swift/submodules/telegram-ios/submodules/SSignalKit
    builtin-swiftHeaderTool -arch arm64 /Users/buddhirajgautam/Library/Developer/Xcode/DerivedData/Telegram-Mac-fygdgghdgmuleoelvxabfmqiotta/Build/Intermediates.noindex/SSignalKit.build/Debug/SwiftSignalKit-t.build/Objects-normal/arm64/SwiftSignalKit-Swift.h -o /Users/buddhirajgautam/Library/Developer/Xcode/DerivedData/Telegram-Mac-fygdgghdgmuleoelvxabfmqiotta/Build/Intermediates.noindex/GeneratedModuleMaps/SwiftSignalKit-Swift.h

Copy /Users/buddhirajgautam/Library/Developer/Xcode/DerivedData/Telegram-Mac-fygdgghdgmuleoelvxabfmqiotta/Build/Products/Debug/SwiftSignalKit.swiftmodule/arm64-apple-macos.swiftmodule /Users/buddhirajgautam/Library/Developer/Xcode/DerivedData/Telegram-Mac-fygdgghdgmuleoelvxabfmqiotta/Build/Intermediates.noindex/SSignalKit.build/Debug/SwiftSignalKit-t.build/Objects-normal/arm64/SwiftSignalKit.swiftmodule (in target 'SwiftSignalKit' from project 'SSignalKit')
    cd /Users/buddhirajgautam/Documents/Cherrygram-Mac/macOS-Swift/submodules/telegram-ios/submodules/SSignalKit
    builtin-copy -exclude .DS_Store -exclude CVS -exclude .svn -exclude .git -exclude .hg -resolve-src-symlinks -rename /Users/buddhirajgautam/Library/Developer/Xcode/DerivedData/Telegram-Mac-fygdgghdgmuleoelvxabfmqiotta/Build/Intermediates.noindex/SSignalKit.build/Debug/SwiftSignalKit-t.build/Objects-normal/arm64/SwiftSignalKit.swiftmodule /Users/buddhirajgautam/Library/Developer/Xcode/DerivedData/Telegram-Mac-fygdgghdgmuleoelvxabfmqiotta/Build/Products/Debug/SwiftSignalKit.swiftmodule/arm64-apple-macos.swiftmodule

Copy /Users/buddhirajgautam/Library/Developer/Xcode/DerivedData/Telegram-Mac-fygdgghdgmuleoelvxabfmqiotta/Build/Products/Debug/SwiftSignalKit.swiftmodule/arm64-apple-macos.swiftdoc /Users/buddhirajgautam/Library/Developer/Xcode/DerivedData/Telegram-Mac-fygdgghdgmuleoelvxabfmqiotta/Build/Intermediates.noindex/SSignalKit.build/Debug/SwiftSignalKit-t.build/Objects-normal/arm64/SwiftSignalKit.swiftdoc (in target 'SwiftSignalKit' from project 'SSignalKit')
    cd /Users/buddhirajgautam/Documents/Cherrygram-Mac/macOS-Swift/submodules/telegram-ios/submodules/SSignalKit
    builtin-copy -exclude .DS_Store -exclude CVS -exclude .svn -exclude .git -exclude .hg -resolve-src-symlinks -rename /Users/buddhirajgautam/Library/Developer/Xcode/DerivedData/Telegram-Mac-fygdgghdgmuleoelvxabfmqiotta/Build/Intermediates.noindex/SSignalKit.build/Debug/SwiftSignalKit-t.build/Objects-normal/arm64/SwiftSignalKit.swiftdoc /Users/buddhirajgautam/Library/Developer/Xcode/DerivedData/Telegram-Mac-fygdgghdgmuleoelvxabfmqiotta/Build/Products/Debug/SwiftSignalKit.swiftmodule/arm64-apple-macos.swiftdoc

Copy /Users/buddhirajgautam/Library/Developer/Xcode/DerivedData/Telegram-Mac-fygdgghdgmuleoelvxabfmqiotta/Build/Products/Debug/SwiftSignalKit.swiftmodule/arm64-apple-macos.abi.json /Users/buddhirajgautam/Library/Developer/Xcode/DerivedData/Telegram-Mac-fygdgghdgmuleoelvxabfmqiotta/Build/Intermediates.noindex/SSignalKit.build/Debug/SwiftSignalKit-t.build/Objects-normal/arm64/SwiftSignalKit.abi.json (in target 'SwiftSignalKit' from project 'SSignalKit')
    cd /Users/buddhirajgautam/Documents/Cherrygram-Mac/macOS-Swift/submodules/telegram-ios/submodules/SSignalKit
    builtin-copy -exclude .DS_Store -exclude CVS -exclude .svn -exclude .git -exclude .hg -resolve-src-symlinks -rename /Users/buddhirajgautam/Library/Developer/Xcode/DerivedData/Telegram-Mac-fygdgghdgmuleoelvxabfmqiotta/Build/Intermediates.noindex/SSignalKit.build/Debug/SwiftSignalKit-t.build/Objects-normal/arm64/SwiftSignalKit.abi.json /Users/buddhirajgautam/Library/Developer/Xcode/DerivedData/Telegram-Mac-fygdgghdgmuleoelvxabfmqiotta/Build/Products/Debug/SwiftSignalKit.swiftmodule/arm64-apple-macos.abi.json

Copy /Users/buddhirajgautam/Library/Developer/Xcode/DerivedData/Telegram-Mac-fygdgghdgmuleoelvxabfmqiotta/Build/Products/Debug/SwiftSignalKit.swiftmodule/Project/arm64-apple-macos.swiftsourceinfo /Users/buddhirajgautam/Library/Developer/Xcode/DerivedData/Telegram-Mac-fygdgghdgmuleoelvxabfmqiotta/Build/Intermediates.noindex/SSignalKit.build/Debug/SwiftSignalKit-t.build/Objects-normal/arm64/SwiftSignalKit.swiftsourceinfo (in target 'SwiftSignalKit' from project 'SSignalKit')
    cd /Users/buddhirajgautam/Documents/Cherrygram-Mac/macOS-Swift/submodules/telegram-ios/submodules/SSignalKit
    builtin-copy -exclude .DS_Store -exclude CVS -exclude .svn -exclude .git -exclude .hg -resolve-src-symlinks -rename /Users/buddhirajgautam/Library/Developer/Xcode/DerivedData/Telegram-Mac-fygdgghdgmuleoelvxabfmqiotta/Build/Intermediates.noindex/SSignalKit.build/Debug/SwiftSignalKit-t.build/Objects-normal/arm64/SwiftSignalKit.swiftsourceinfo /Users/buddhirajgautam/Library/Developer/Xcode/DerivedData/Telegram-Mac-fygdgghdgmuleoelvxabfmqiotta/Build/Products/Debug/SwiftSignalKit.swiftmodule/Project/arm64-apple-macos.swiftsourceinfo

SwiftMergeGeneratedHeaders /Users/buddhirajgautam/Library/Developer/Xcode/DerivedData/Telegram-Mac-fygdgghdgmuleoelvxabfmqiotta/Build/Intermediates.noindex/GeneratedModuleMaps/FoundationUtils-Swift.h /Users/buddhirajgautam/Library/Developer/Xcode/DerivedData/Telegram-Mac-fygdgghdgmuleoelvxabfmqiotta/Build/Intermediates.noindex/FoundationUtils.build/Debug/FoundationUtils-t.build/Objects-normal/arm64/FoundationUtils-Swift.h (in target 'FoundationUtils' from project 'FoundationUtils')
    cd /Users/buddhirajgautam/Documents/Cherrygram-Mac/macOS-Swift/packages/FoundationUtils
    builtin-swiftHeaderTool -arch arm64 /Users/buddhirajgautam/Library/Developer/Xcode/DerivedData/Telegram-Mac-fygdgghdgmuleoelvxabfmqiotta/Build/Intermediates.noindex/FoundationUtils.build/Debug/FoundationUtils-t.build/Objects-normal/arm64/FoundationUtils-Swift.h -o /Users/buddhirajgautam/Library/Developer/Xcode/DerivedData/Telegram-Mac-fygdgghdgmuleoelvxabfmqiotta/Build/Intermediates.noindex/GeneratedModuleMaps/FoundationUtils-Swift.h

Copy /Users/buddhirajgautam/Library/Developer/Xcode/DerivedData/Telegram-Mac-fygdgghdgmuleoelvxabfmqiotta/Build/Products/Debug/FoundationUtils.swiftmodule/arm64-apple-macos.swiftmodule /Users/buddhirajgautam/Library/Developer/Xcode/DerivedData/Telegram-Mac-fygdgghdgmuleoelvxabfmqiotta/Build/Intermediates.noindex/FoundationUtils.build/Debug/FoundationUtils-t.build/Objects-normal/arm64/FoundationUtils.swiftmodule (in target 'FoundationUtils' from project 'FoundationUtils')
    cd /Users/buddhirajgautam/Documents/Cherrygram-Mac/macOS-Swift/packages/FoundationUtils
    builtin-copy -exclude .DS_Store -exclude CVS -exclude .svn -exclude .git -exclude .hg -resolve-src-symlinks -rename /Users/buddhirajgautam/Library/Developer/Xcode/DerivedData/Telegram-Mac-fygdgghdgmuleoelvxabfmqiotta/Build/Intermediates.noindex/FoundationUtils.build/Debug/FoundationUtils-t.build/Objects-normal/arm64/FoundationUtils.swiftmodule /Users/buddhirajgautam/Library/Developer/Xcode/DerivedData/Telegram-Mac-fygdgghdgmuleoelvxabfmqiotta/Build/Products/Debug/FoundationUtils.swiftmodule/arm64-apple-macos.swiftmodule

Copy /Users/buddhirajgautam/Library/Developer/Xcode/DerivedData/Telegram-Mac-fygdgghdgmuleoelvxabfmqiotta/Build/Products/Debug/FoundationUtils.swiftmodule/arm64-apple-macos.swiftdoc /Users/buddhirajgautam/Library/Developer/Xcode/DerivedData/Telegram-Mac-fygdgghdgmuleoelvxabfmqiotta/Build/Intermediates.noindex/FoundationUtils.build/Debug/FoundationUtils-t.build/Objects-normal/arm64/FoundationUtils.swiftdoc (in target 'FoundationUtils' from project 'FoundationUtils')
    cd /Users/buddhirajgautam/Documents/Cherrygram-Mac/macOS-Swift/packages/FoundationUtils
    builtin-copy -exclude .DS_Store -exclude CVS -exclude .svn -exclude .git -exclude .hg -resolve-src-symlinks -rename /Users/buddhirajgautam/Library/Developer/Xcode/DerivedData/Telegram-Mac-fygdgghdgmuleoelvxabfmqiotta/Build/Intermediates.noindex/FoundationUtils.build/Debug/FoundationUtils-t.build/Objects-normal/arm64/FoundationUtils.swiftdoc /Users/buddhirajgautam/Library/Developer/Xcode/DerivedData/Telegram-Mac-fygdgghdgmuleoelvxabfmqiotta/Build/Products/Debug/FoundationUtils.swiftmodule/arm64-apple-macos.swiftdoc

Copy /Users/buddhirajgautam/Library/Developer/Xcode/DerivedData/Telegram-Mac-fygdgghdgmuleoelvxabfmqiotta/Build/Products/Debug/FoundationUtils.swiftmodule/arm64-apple-macos.abi.json /Users/buddhirajgautam/Library/Developer/Xcode/DerivedData/Telegram-Mac-fygdgghdgmuleoelvxabfmqiotta/Build/Intermediates.noindex/FoundationUtils.build/Debug/FoundationUtils-t.build/Objects-normal/arm64/FoundationUtils.abi.json (in target 'FoundationUtils' from project 'FoundationUtils')
    cd /Users/buddhirajgautam/Documents/Cherrygram-Mac/macOS-Swift/packages/FoundationUtils
    builtin-copy -exclude .DS_Store -exclude CVS -exclude .svn -exclude .git -exclude .hg -resolve-src-symlinks -rename /Users/buddhirajgautam/Library/Developer/Xcode/DerivedData/Telegram-Mac-fygdgghdgmuleoelvxabfmqiotta/Build/Intermediates.noindex/FoundationUtils.build/Debug/FoundationUtils-t.build/Objects-normal/arm64/FoundationUtils.abi.json /Users/buddhirajgautam/Library/Developer/Xcode/DerivedData/Telegram-Mac-fygdgghdgmuleoelvxabfmqiotta/Build/Products/Debug/FoundationUtils.swiftmodule/arm64-apple-macos.abi.json

Copy /Users/buddhirajgautam/Library/Developer/Xcode/DerivedData/Telegram-Mac-fygdgghdgmuleoelvxabfmqiotta/Build/Products/Debug/FoundationUtils.swiftmodule/Project/arm64-apple-macos.swiftsourceinfo /Users/buddhirajgautam/Library/Developer/Xcode/DerivedData/Telegram-Mac-fygdgghdgmuleoelvxabfmqiotta/Build/Intermediates.noindex/FoundationUtils.build/Debug/FoundationUtils-t.build/Objects-normal/arm64/FoundationUtils.swiftsourceinfo (in target 'FoundationUtils' from project 'FoundationUtils')
    cd /Users/buddhirajgautam/Documents/Cherrygram-Mac/macOS-Swift/packages/FoundationUtils
    builtin-copy -exclude .DS_Store -exclude CVS -exclude .svn -exclude .git -exclude .hg -resolve-src-symlinks -rename /Users/buddhirajgautam/Library/Developer/Xcode/DerivedData/Telegram-Mac-fygdgghdgmuleoelvxabfmqiotta/Build/Intermediates.noindex/FoundationUtils.build/Debug/FoundationUtils-t.build/Objects-normal/arm64/FoundationUtils.swiftsourceinfo /Users/buddhirajgautam/Library/Developer/Xcode/DerivedData/Telegram-Mac-fygdgghdgmuleoelvxabfmqiotta/Build/Products/Debug/FoundationUtils.swiftmodule/Project/arm64-apple-macos.swiftsourceinfo

SwiftDriver Emoji normal arm64 com.apple.xcode.tools.swift.compiler (in target 'Emoji' from project 'Emoji')
    cd /Users/buddhirajgautam/Documents/Cherrygram-Mac/macOS-Swift
    builtin-SwiftDriver -- /Applications/Xcode.app/Contents/Developer/Toolchains/XcodeDefault.xctoolchain/usr/bin/swiftc -parse-as-library -module-name Emoji -Onone @/Users/buddhirajgautam/Library/Developer/Xcode/DerivedData/Telegram-Mac-fygdgghdgmuleoelvxabfmqiotta/Build/Intermediates.noindex/Emoji.build/Debug/Emoji-t.build/Objects-normal/arm64/Emoji.SwiftFileList -DSWIFT_PACKAGE -DDEBUG -DSWIFT_MODULE_RESOURCE_BUNDLE_UNAVAILABLE -DXcode -plugin-path /Applications/Xcode.app/Contents/Developer/Toolchains/XcodeDefault.xctoolchain/usr/lib/swift/host/plugins/testing -enable-experimental-feature DebugDescriptionMacro -sdk /Applications/Xcode.app/Contents/Developer/Platforms/MacOSX.platform/Developer/SDKs/MacOSX27.0.sdk -target arm64-apple-macos12.0 -g -module-cache-path /Users/buddhirajgautam/Library/Developer/Xcode/DerivedData/ModuleCache.noindex -Xfrontend -serialize-debugging-options -profile-coverage-mapping -profile-generate -enable-testing -index-store-path /Users/buddhirajgautam/Library/Developer/Xcode/DerivedData/Telegram-Mac-fygdgghdgmuleoelvxabfmqiotta/Index.noindex/DataStore -Xcc -D_LIBCPP_HARDENING_MODE\=_LIBCPP_HARDENING_MODE_DEBUG -swift-version 5 -I /Users/buddhirajgautam/Library/Developer/Xcode/DerivedData/Telegram-Mac-fygdgghdgmuleoelvxabfmqiotta/Build/Products/Debug -Isystem /Applications/Xcode.app/Contents/Developer/Platforms/MacOSX.platform/Developer/usr/lib -F /Users/buddhirajgautam/Library/Developer/Xcode/DerivedData/Telegram-Mac-fygdgghdgmuleoelvxabfmqiotta/Build/Products/Debug -F /Applications/Xcode.app/Contents/Developer/Platforms/MacOSX.platform/Developer/Library/Frameworks -c -j8 -enable-batch-mode -incremental -Xcc -ivfsstatcache -Xcc /Users/buddhirajgautam/Library/Developer/Xcode/DerivedData/SDKStatCaches.noindex/macosx27.0-26A425-e829b21a6f8c9b70876ba0858053c0447231f6df4def33e022ae2eb8f782df1a.sdkstatcache -output-file-map /Users/buddhirajgautam/Library/Developer/Xcode/DerivedData/Telegram-Mac-fygdgghdgmuleoelvxabfmqiotta/Build/Intermediates.noindex/Emoji.build/Debug/Emoji-t.build/Objects-normal/arm64/Emoji-OutputFileMap.json -save-temps -no-color-diagnostics -explicit-module-build -module-cache-path /Users/buddhirajgautam/Library/Developer/Xcode/DerivedData/Telegram-Mac-fygdgghdgmuleoelvxabfmqiotta/Build/Intermediates.noindex/SwiftExplicitPrecompiledModules -clang-scanner-module-cache-path /Users/buddhirajgautam/Library/Developer/Xcode/DerivedData/ModuleCache.noindex -sdk-module-cache-path /Users/buddhirajgautam/Library/Developer/Xcode/DerivedData/SDKExplicitPrecompiledModules -emit-dependencies -emit-module -emit-module-path /Users/buddhirajgautam/Library/Developer/Xcode/DerivedData/Telegram-Mac-fygdgghdgmuleoelvxabfmqiotta/Build/Intermediates.noindex/Emoji.build/Debug/Emoji-t.build/Objects-normal/arm64/Emoji.swiftmodule -serialize-diagnostics -dependency-scan-serialize-diagnostics-path /Users/buddhirajgautam/Library/Developer/Xcode/DerivedData/Telegram-Mac-fygdgghdgmuleoelvxabfmqiotta/Build/Intermediates.noindex/Emoji.build/Debug/Emoji-t.build/Objects-normal/arm64/Emoji-dependency-scan.dia -validate-clang-modules-once -clang-build-session-file /Users/buddhirajgautam/Library/Developer/Xcode/DerivedData/ModuleCache.noindex/Session.modulevalidation -Xcc -fmodules-prune-interval\=86400 -Xcc -fmodules-prune-after\=345600 -emit-const-values -const-gather-protocols-list /Users/buddhirajgautam/Library/Developer/Xcode/DerivedData/Telegram-Mac-fygdgghdgmuleoelvxabfmqiotta/Build/Intermediates.noindex/Emoji.build/Debug/Emoji-t.build/Objects-normal/arm64/Emoji_const_extract_protocols.json -Xcc -I/Users/buddhirajgautam/Library/Developer/Xcode/DerivedData/Telegram-Mac-fygdgghdgmuleoelvxabfmqiotta/Build/Products/Debug/include -Xcc -I/Users/buddhirajgautam/Library/Developer/Xcode/DerivedData/Telegram-Mac-fygdgghdgmuleoelvxabfmqiotta/Build/Intermediates.noindex/Emoji.build/Debug/Emoji-t.build/DerivedSources-normal/arm64 -Xcc -I/Users/buddhirajgautam/Library/Developer/Xcode/DerivedData/Telegram-Mac-fygdgghdgmuleoelvxabfmqiotta/Build/Intermediates.noindex/Emoji.build/Debug/Emoji-t.build/DerivedSources/arm64 -Xcc -I/Users/buddhirajgautam/Library/Developer/Xcode/DerivedData/Telegram-Mac-fygdgghdgmuleoelvxabfmqiotta/Build/Intermediates.noindex/Emoji.build/Debug/Emoji-t.build/DerivedSources -Xcc -DSWIFT_PACKAGE -Xcc -DDEBUG\=1 -emit-objc-header -emit-objc-header-path /Users/buddhirajgautam/Library/Developer/Xcode/DerivedData/Telegram-Mac-fygdgghdgmuleoelvxabfmqiotta/Build/Intermediates.noindex/Emoji.build/Debug/Emoji-t.build/Objects-normal/arm64/Emoji-Swift.h -working-directory /Users/buddhirajgautam/Documents/Cherrygram-Mac/macOS-Swift -experimental-emit-module-separately -disable-cmo

SwiftDriver CurrencyFormat normal arm64 com.apple.xcode.tools.swift.compiler (in target 'CurrencyFormat' from project 'CurrencyFormat')
    cd /Users/buddhirajgautam/Documents/Cherrygram-Mac/macOS-Swift
    builtin-SwiftDriver -- /Applications/Xcode.app/Contents/Developer/Toolchains/XcodeDefault.xctoolchain/usr/bin/swiftc -parse-as-library -module-name CurrencyFormat -Onone @/Users/buddhirajgautam/Library/Developer/Xcode/DerivedData/Telegram-Mac-fygdgghdgmuleoelvxabfmqiotta/Build/Intermediates.noindex/CurrencyFormat.build/Debug/CurrencyFormat-t.build/Objects-normal/arm64/CurrencyFormat.SwiftFileList -DSWIFT_PACKAGE -DDEBUG -DSWIFT_MODULE_RESOURCE_BUNDLE_UNAVAILABLE -DXcode -plugin-path /Applications/Xcode.app/Contents/Developer/Toolchains/XcodeDefault.xctoolchain/usr/lib/swift/host/plugins/testing -enable-experimental-feature DebugDescriptionMacro -sdk /Applications/Xcode.app/Contents/Developer/Platforms/MacOSX.platform/Developer/SDKs/MacOSX27.0.sdk -target arm64-apple-macos12.0 -g -module-cache-path /Users/buddhirajgautam/Library/Developer/Xcode/DerivedData/ModuleCache.noindex -Xfrontend -serialize-debugging-options -profile-coverage-mapping -profile-generate -enable-testing -index-store-path /Users/buddhirajgautam/Library/Developer/Xcode/DerivedData/Telegram-Mac-fygdgghdgmuleoelvxabfmqiotta/Index.noindex/DataStore -Xcc -D_LIBCPP_HARDENING_MODE\=_LIBCPP_HARDENING_MODE_DEBUG -swift-version 5 -I /Users/buddhirajgautam/Library/Developer/Xcode/DerivedData/Telegram-Mac-fygdgghdgmuleoelvxabfmqiotta/Build/Products/Debug -Isystem /Applications/Xcode.app/Contents/Developer/Platforms/MacOSX.platform/Developer/usr/lib -F /Users/buddhirajgautam/Library/Developer/Xcode/DerivedData/Telegram-Mac-fygdgghdgmuleoelvxabfmqiotta/Build/Products/Debug -F /Applications/Xcode.app/Contents/Developer/Platforms/MacOSX.platform/Developer/Library/Frameworks -c -j8 -enable-batch-mode -incremental -Xcc -ivfsstatcache -Xcc /Users/buddhirajgautam/Library/Developer/Xcode/DerivedData/SDKStatCaches.noindex/macosx27.0-26A425-e829b21a6f8c9b70876ba0858053c0447231f6df4def33e022ae2eb8f782df1a.sdkstatcache -output-file-map /Users/buddhirajgautam/Library/Developer/Xcode/DerivedData/Telegram-Mac-fygdgghdgmuleoelvxabfmqiotta/Build/Intermediates.noindex/CurrencyFormat.build/Debug/CurrencyFormat-t.build/Objects-normal/arm64/CurrencyFormat-OutputFileMap.json -save-temps -no-color-diagnostics -explicit-module-build -module-cache-path /Users/buddhirajgautam/Library/Developer/Xcode/DerivedData/Telegram-Mac-fygdgghdgmuleoelvxabfmqiotta/Build/Intermediates.noindex/SwiftExplicitPrecompiledModules -clang-scanner-module-cache-path /Users/buddhirajgautam/Library/Developer/Xcode/DerivedData/ModuleCache.noindex -sdk-module-cache-path /Users/buddhirajgautam/Library/Developer/Xcode/DerivedData/SDKExplicitPrecompiledModules -emit-dependencies -emit-module -emit-module-path /Users/buddhirajgautam/Library/Developer/Xcode/DerivedData/Telegram-Mac-fygdgghdgmuleoelvxabfmqiotta/Build/Intermediates.noindex/CurrencyFormat.build/Debug/CurrencyFormat-t.build/Objects-normal/arm64/CurrencyFormat.swiftmodule -serialize-diagnostics -dependency-scan-serialize-diagnostics-path /Users/buddhirajgautam/Library/Developer/Xcode/DerivedData/Telegram-Mac-fygdgghdgmuleoelvxabfmqiotta/Build/Intermediates.noindex/CurrencyFormat.build/Debug/CurrencyFormat-t.build/Objects-normal/arm64/CurrencyFormat-dependency-scan.dia -validate-clang-modules-once -clang-build-session-file /Users/buddhirajgautam/Library/Developer/Xcode/DerivedData/ModuleCache.noindex/Session.modulevalidation -Xcc -fmodules-prune-interval\=86400 -Xcc -fmodules-prune-after\=345600 -emit-const-values -const-gather-protocols-list /Users/buddhirajgautam/Library/Developer/Xcode/DerivedData/Telegram-Mac-fygdgghdgmuleoelvxabfmqiotta/Build/Intermediates.noindex/CurrencyFormat.build/Debug/CurrencyFormat-t.build/Objects-normal/arm64/CurrencyFormat_const_extract_protocols.json -Xcc -I/Users/buddhirajgautam/Library/Developer/Xcode/DerivedData/Telegram-Mac-fygdgghdgmuleoelvxabfmqiotta/Build/Products/Debug/include -Xcc -I/Users/buddhirajgautam/Library/Developer/Xcode/DerivedData/Telegram-Mac-fygdgghdgmuleoelvxabfmqiotta/Build/Intermediates.noindex/CurrencyFormat.build/Debug/CurrencyFormat-t.build/DerivedSources-normal/arm64 -Xcc -I/Users/buddhirajgautam/Library/Developer/Xcode/DerivedData/Telegram-Mac-fygdgghdgmuleoelvxabfmqiotta/Build/Intermediates.noindex/CurrencyFormat.build/Debug/CurrencyFormat-t.build/DerivedSources/arm64 -Xcc -I/Users/buddhirajgautam/Library/Developer/Xcode/DerivedData/Telegram-Mac-fygdgghdgmuleoelvxabfmqiotta/Build/Intermediates.noindex/CurrencyFormat.build/Debug/CurrencyFormat-t.build/DerivedSources -Xcc -DSWIFT_PACKAGE -Xcc -DDEBUG\=1 -emit-objc-header -emit-objc-header-path /Users/buddhirajgautam/Library/Developer/Xcode/DerivedData/Telegram-Mac-fygdgghdgmuleoelvxabfmqiotta/Build/Intermediates.noindex/CurrencyFormat.build/Debug/CurrencyFormat-t.build/Objects-normal/arm64/CurrencyFormat-Swift.h -working-directory /Users/buddhirajgautam/Documents/Cherrygram-Mac/macOS-Swift -experimental-emit-module-separately -disable-cmo

SwiftEmitModule normal arm64 Emitting\ module\ for\ KeyboardKey (in target 'KeyboardKey' from project 'KeyboardKey')

SwiftCompile normal arm64 (in target 'KeyboardKey' from project 'KeyboardKey')
    cd /Users/buddhirajgautam/Documents/Cherrygram-Mac/macOS-Swift
    

SwiftDriver CrashHandler normal arm64 com.apple.xcode.tools.swift.compiler (in target 'CrashHandler' from project 'CrashHandler')
    cd /Users/buddhirajgautam/Documents/Cherrygram-Mac/macOS-Swift
    builtin-SwiftDriver -- /Applications/Xcode.app/Contents/Developer/Toolchains/XcodeDefault.xctoolchain/usr/bin/swiftc -parse-as-library -module-name CrashHandler -Onone @/Users/buddhirajgautam/Library/Developer/Xcode/DerivedData/Telegram-Mac-fygdgghdgmuleoelvxabfmqiotta/Build/Intermediates.noindex/CrashHandler.build/Debug/CrashHandler-t.build/Objects-normal/arm64/CrashHandler.SwiftFileList -DSWIFT_PACKAGE -DDEBUG -DSWIFT_MODULE_RESOURCE_BUNDLE_UNAVAILABLE -DXcode -plugin-path /Applications/Xcode.app/Contents/Developer/Toolchains/XcodeDefault.xctoolchain/usr/lib/swift/host/plugins/testing -enable-experimental-feature DebugDescriptionMacro -sdk /Applications/Xcode.app/Contents/Developer/Platforms/MacOSX.platform/Developer/SDKs/MacOSX27.0.sdk -target arm64-apple-macos12.0 -g -module-cache-path /Users/buddhirajgautam/Library/Developer/Xcode/DerivedData/ModuleCache.noindex -Xfrontend -serialize-debugging-options -profile-coverage-mapping -profile-generate -enable-testing -index-store-path /Users/buddhirajgautam/Library/Developer/Xcode/DerivedData/Telegram-Mac-fygdgghdgmuleoelvxabfmqiotta/Index.noindex/DataStore -Xcc -D_LIBCPP_HARDENING_MODE\=_LIBCPP_HARDENING_MODE_DEBUG -swift-version 5 -I /Users/buddhirajgautam/Library/Developer/Xcode/DerivedData/Telegram-Mac-fygdgghdgmuleoelvxabfmqiotta/Build/Products/Debug -Isystem /Applications/Xcode.app/Contents/Developer/Platforms/MacOSX.platform/Developer/usr/lib -F /Users/buddhirajgautam/Library/Developer/Xcode/DerivedData/Telegram-Mac-fygdgghdgmuleoelvxabfmqiotta/Build/Products/Debug -F /Applications/Xcode.app/Contents/Developer/Platforms/MacOSX.platform/Developer/Library/Frameworks -c -j8 -enable-batch-mode -incremental -Xcc -ivfsstatcache -Xcc /Users/buddhirajgautam/Library/Developer/Xcode/DerivedData/SDKStatCaches.noindex/macosx27.0-26A425-e829b21a6f8c9b70876ba0858053c0447231f6df4def33e022ae2eb8f782df1a.sdkstatcache -output-file-map /Users/buddhirajgautam/Library/Developer/Xcode/DerivedData/Telegram-Mac-fygdgghdgmuleoelvxabfmqiotta/Build/Intermediates.noindex/CrashHandler.build/Debug/CrashHandler-t.build/Objects-normal/arm64/CrashHandler-OutputFileMap.json -save-temps -no-color-diagnostics -explicit-module-build -module-cache-path /Users/buddhirajgautam/Library/Developer/Xcode/DerivedData/Telegram-Mac-fygdgghdgmuleoelvxabfmqiotta/Build/Intermediates.noindex/SwiftExplicitPrecompiledModules -clang-scanner-module-cache-path /Users/buddhirajgautam/Library/Developer/Xcode/DerivedData/ModuleCache.noindex -sdk-module-cache-path /Users/buddhirajgautam/Library/Developer/Xcode/DerivedData/SDKExplicitPrecompiledModules -emit-dependencies -emit-module -emit-module-path /Users/buddhirajgautam/Library/Developer/Xcode/DerivedData/Telegram-Mac-fygdgghdgmuleoelvxabfmqiotta/Build/Intermediates.noindex/CrashHandler.build/Debug/CrashHandler-t.build/Objects-normal/arm64/CrashHandler.swiftmodule -serialize-diagnostics -dependency-scan-serialize-diagnostics-path /Users/buddhirajgautam/Library/Developer/Xcode/DerivedData/Telegram-Mac-fygdgghdgmuleoelvxabfmqiotta/Build/Intermediates.noindex/CrashHandler.build/Debug/CrashHandler-t.build/Objects-normal/arm64/CrashHandler-dependency-scan.dia -validate-clang-modules-once -clang-build-session-file /Users/buddhirajgautam/Library/Developer/Xcode/DerivedData/ModuleCache.noindex/Session.modulevalidation -Xcc -fmodules-prune-interval\=86400 -Xcc -fmodules-prune-after\=345600 -emit-const-values -const-gather-protocols-list /Users/buddhirajgautam/Library/Developer/Xcode/DerivedData/Telegram-Mac-fygdgghdgmuleoelvxabfmqiotta/Build/Intermediates.noindex/CrashHandler.build/Debug/CrashHandler-t.build/Objects-normal/arm64/CrashHandler_const_extract_protocols.json -Xcc -I/Users/buddhirajgautam/Library/Developer/Xcode/DerivedData/Telegram-Mac-fygdgghdgmuleoelvxabfmqiotta/Build/Products/Debug/include -Xcc -I/Users/buddhirajgautam/Library/Developer/Xcode/DerivedData/Telegram-Mac-fygdgghdgmuleoelvxabfmqiotta/Build/Intermediates.noindex/CrashHandler.build/Debug/CrashHandler-t.build/DerivedSources-normal/arm64 -Xcc -I/Users/buddhirajgautam/Library/Developer/Xcode/DerivedData/Telegram-Mac-fygdgghdgmuleoelvxabfmqiotta/Build/Intermediates.noindex/CrashHandler.build/Debug/CrashHandler-t.build/DerivedSources/arm64 -Xcc -I/Users/buddhirajgautam/Library/Developer/Xcode/DerivedData/Telegram-Mac-fygdgghdgmuleoelvxabfmqiotta/Build/Intermediates.noindex/CrashHandler.build/Debug/CrashHandler-t.build/DerivedSources -Xcc -DSWIFT_PACKAGE -Xcc -DDEBUG\=1 -emit-objc-header -emit-objc-header-path /Users/buddhirajgautam/Library/Developer/Xcode/DerivedData/Telegram-Mac-fygdgghdgmuleoelvxabfmqiotta/Build/Intermediates.noindex/CrashHandler.build/Debug/CrashHandler-t.build/Objects-normal/arm64/CrashHandler-Swift.h -working-directory /Users/buddhirajgautam/Documents/Cherrygram-Mac/macOS-Swift -experimental-emit-module-separately -disable-cmo

SwiftExplicitDependencyGeneratePcm arm64 /Users/buddhirajgautam/Library/Developer/Xcode/DerivedData/Telegram-Mac-fygdgghdgmuleoelvxabfmqiotta/Build/Intermediates.noindex/SwiftExplicitPrecompiledModules/GoogleUtilities_NSData-8A7C0QSAX61ZBTMO4JG5IZDTS.pcm

SwiftDriverJobDiscovery normal arm64 Emitting module for FlatBuffers (in target 'FlatBuffers' from project 'FlatBuffers')

SwiftEmitModule normal arm64 Emitting\ module\ for\ GraphCore (in target 'GraphCore' from project 'GraphCore')

SwiftCompile normal arm64 (in target 'GraphCore' from project 'GraphCore')
    cd /Users/buddhirajgautam/Documents/Cherrygram-Mac/macOS-Swift
    

SwiftDriver\ Compilation\ Requirements FlatBuffers normal arm64 com.apple.xcode.tools.swift.compiler (in target 'FlatBuffers' from project 'FlatBuffers')
    cd /Users/buddhirajgautam/Documents/Cherrygram-Mac/macOS-Swift
    builtin-Swift-Compilation-Requirements -- /Applications/Xcode.app/Contents/Developer/Toolchains/XcodeDefault.xctoolchain/usr/bin/swiftc -parse-as-library -module-name FlatBuffers -Onone @/Users/buddhirajgautam/Library/Developer/Xcode/DerivedData/Telegram-Mac-fygdgghdgmuleoelvxabfmqiotta/Build/Intermediates.noindex/FlatBuffers.build/Debug/FlatBuffers-t.build/Objects-normal/arm64/FlatBuffers.SwiftFileList -DSWIFT_PACKAGE -DDEBUG -DSWIFT_MODULE_RESOURCE_BUNDLE_UNAVAILABLE -DXcode -plugin-path /Applications/Xcode.app/Contents/Developer/Toolchains/XcodeDefault.xctoolchain/usr/lib/swift/host/plugins/testing -enable-experimental-feature DebugDescriptionMacro -sdk /Applications/Xcode.app/Contents/Developer/Platforms/MacOSX.platform/Developer/SDKs/MacOSX27.0.sdk -target arm64-apple-macos12.0 -g -module-cache-path /Users/buddhirajgautam/Library/Developer/Xcode/DerivedData/ModuleCache.noindex -Xfrontend -serialize-debugging-options -profile-coverage-mapping -profile-generate -enable-testing -index-store-path /Users/buddhirajgautam/Library/Developer/Xcode/DerivedData/Telegram-Mac-fygdgghdgmuleoelvxabfmqiotta/Index.noindex/DataStore -Xcc -D_LIBCPP_HARDENING_MODE\=_LIBCPP_HARDENING_MODE_DEBUG -swift-version 5 -I /Users/buddhirajgautam/Library/Developer/Xcode/DerivedData/Telegram-Mac-fygdgghdgmuleoelvxabfmqiotta/Build/Products/Debug -Isystem /Applications/Xcode.app/Contents/Developer/Platforms/MacOSX.platform/Developer/usr/lib -F /Users/buddhirajgautam/Library/Developer/Xcode/DerivedData/Telegram-Mac-fygdgghdgmuleoelvxabfmqiotta/Build/Products/Debug -F /Applications/Xcode.app/Contents/Developer/Platforms/MacOSX.platform/Developer/Library/Frameworks -c -j8 -enable-batch-mode -incremental -Xcc -ivfsstatcache -Xcc /Users/buddhirajgautam/Library/Developer/Xcode/DerivedData/SDKStatCaches.noindex/macosx27.0-26A425-e829b21a6f8c9b70876ba0858053c0447231f6df4def33e022ae2eb8f782df1a.sdkstatcache -output-file-map /Users/buddhirajgautam/Library/Developer/Xcode/DerivedData/Telegram-Mac-fygdgghdgmuleoelvxabfmqiotta/Build/Intermediates.noindex/FlatBuffers.build/Debug/FlatBuffers-t.build/Objects-normal/arm64/FlatBuffers-OutputFileMap.json -save-temps -no-color-diagnostics -explicit-module-build -module-cache-path /Users/buddhirajgautam/Library/Developer/Xcode/DerivedData/Telegram-Mac-fygdgghdgmuleoelvxabfmqiotta/Build/Intermediates.noindex/SwiftExplicitPrecompiledModules -clang-scanner-module-cache-path /Users/buddhirajgautam/Library/Developer/Xcode/DerivedData/ModuleCache.noindex -sdk-module-cache-path /Users/buddhirajgautam/Library/Developer/Xcode/DerivedData/SDKExplicitPrecompiledModules -emit-dependencies -emit-module -emit-module-path /Users/buddhirajgautam/Library/Developer/Xcode/DerivedData/Telegram-Mac-fygdgghdgmuleoelvxabfmqiotta/Build/Intermediates.noindex/FlatBuffers.build/Debug/FlatBuffers-t.build/Objects-normal/arm64/FlatBuffers.swiftmodule -serialize-diagnostics -dependency-scan-serialize-diagnostics-path /Users/buddhirajgautam/Library/Developer/Xcode/DerivedData/Telegram-Mac-fygdgghdgmuleoelvxabfmqiotta/Build/Intermediates.noindex/FlatBuffers.build/Debug/FlatBuffers-t.build/Objects-normal/arm64/FlatBuffers-dependency-scan.dia -validate-clang-modules-once -clang-build-session-file /Users/buddhirajgautam/Library/Developer/Xcode/DerivedData/ModuleCache.noindex/Session.modulevalidation -Xcc -fmodules-prune-interval\=86400 -Xcc -fmodules-prune-after\=345600 -emit-const-values -const-gather-protocols-list /Users/buddhirajgautam/Library/Developer/Xcode/DerivedData/Telegram-Mac-fygdgghdgmuleoelvxabfmqiotta/Build/Intermediates.noindex/FlatBuffers.build/Debug/FlatBuffers-t.build/Objects-normal/arm64/FlatBuffers_const_extract_protocols.json -Xcc -I/Users/buddhirajgautam/Library/Developer/Xcode/DerivedData/Telegram-Mac-fygdgghdgmuleoelvxabfmqiotta/Build/Products/Debug/include -Xcc -I/Users/buddhirajgautam/Library/Developer/Xcode/DerivedData/Telegram-Mac-fygdgghdgmuleoelvxabfmqiotta/Build/Intermediates.noindex/FlatBuffers.build/Debug/FlatBuffers-t.build/DerivedSources-normal/arm64 -Xcc -I/Users/buddhirajgautam/Library/Developer/Xcode/DerivedData/Telegram-Mac-fygdgghdgmuleoelvxabfmqiotta/Build/Intermediates.noindex/FlatBuffers.build/Debug/FlatBuffers-t.build/DerivedSources/arm64 -Xcc -I/Users/buddhirajgautam/Library/Developer/Xcode/DerivedData/Telegram-Mac-fygdgghdgmuleoelvxabfmqiotta/Build/Intermediates.noindex/FlatBuffers.build/Debug/FlatBuffers-t.build/DerivedSources -Xcc -DSWIFT_PACKAGE -Xcc -DDEBUG\=1 -emit-objc-header -emit-objc-header-path /Users/buddhirajgautam/Library/Developer/Xcode/DerivedData/Telegram-Mac-fygdgghdgmuleoelvxabfmqiotta/Build/Intermediates.noindex/FlatBuffers.build/Debug/FlatBuffers-t.build/Objects-normal/arm64/FlatBuffers-Swift.h -working-directory /Users/buddhirajgautam/Documents/Cherrygram-Mac/macOS-Swift -experimental-emit-module-separately -disable-cmo

SwiftDriverJobDiscovery normal arm64 Emitting module for KeyboardKey (in target 'KeyboardKey' from project 'KeyboardKey')

SwiftDriver\ Compilation\ Requirements KeyboardKey normal arm64 com.apple.xcode.tools.swift.compiler (in target 'KeyboardKey' from project 'KeyboardKey')
    cd /Users/buddhirajgautam/Documents/Cherrygram-Mac/macOS-Swift
    builtin-Swift-Compilation-Requirements -- /Applications/Xcode.app/Contents/Developer/Toolchains/XcodeDefault.xctoolchain/usr/bin/swiftc -parse-as-library -module-name KeyboardKey -Onone @/Users/buddhirajgautam/Library/Developer/Xcode/DerivedData/Telegram-Mac-fygdgghdgmuleoelvxabfmqiotta/Build/Intermediates.noindex/KeyboardKey.build/Debug/KeyboardKey-t.build/Objects-normal/arm64/KeyboardKey.SwiftFileList -DSWIFT_PACKAGE -DDEBUG -DSWIFT_MODULE_RESOURCE_BUNDLE_UNAVAILABLE -DXcode -plugin-path /Applications/Xcode.app/Contents/Developer/Toolchains/XcodeDefault.xctoolchain/usr/lib/swift/host/plugins/testing -enable-experimental-feature DebugDescriptionMacro -sdk /Applications/Xcode.app/Contents/Developer/Platforms/MacOSX.platform/Developer/SDKs/MacOSX27.0.sdk -target arm64-apple-macos12.0 -g -module-cache-path /Users/buddhirajgautam/Library/Developer/Xcode/DerivedData/ModuleCache.noindex -Xfrontend -serialize-debugging-options -profile-coverage-mapping -profile-generate -enable-testing -index-store-path /Users/buddhirajgautam/Library/Developer/Xcode/DerivedData/Telegram-Mac-fygdgghdgmuleoelvxabfmqiotta/Index.noindex/DataStore -Xcc -D_LIBCPP_HARDENING_MODE\=_LIBCPP_HARDENING_MODE_DEBUG -swift-version 5 -I /Users/buddhirajgautam/Library/Developer/Xcode/DerivedData/Telegram-Mac-fygdgghdgmuleoelvxabfmqiotta/Build/Products/Debug -Isystem /Applications/Xcode.app/Contents/Developer/Platforms/MacOSX.platform/Developer/usr/lib -F /Users/buddhirajgautam/Library/Developer/Xcode/DerivedData/Telegram-Mac-fygdgghdgmuleoelvxabfmqiotta/Build/Products/Debug -F /Applications/Xcode.app/Contents/Developer/Platforms/MacOSX.platform/Developer/Library/Frameworks -c -j8 -enable-batch-mode -incremental -Xcc -ivfsstatcache -Xcc /Users/buddhirajgautam/Library/Developer/Xcode/DerivedData/SDKStatCaches.noindex/macosx27.0-26A425-e829b21a6f8c9b70876ba0858053c0447231f6df4def33e022ae2eb8f782df1a.sdkstatcache -output-file-map /Users/buddhirajgautam/Library/Developer/Xcode/DerivedData/Telegram-Mac-fygdgghdgmuleoelvxabfmqiotta/Build/Intermediates.noindex/KeyboardKey.build/Debug/KeyboardKey-t.build/Objects-normal/arm64/KeyboardKey-OutputFileMap.json -save-temps -no-color-diagnostics -explicit-module-build -module-cache-path /Users/buddhirajgautam/Library/Developer/Xcode/DerivedData/Telegram-Mac-fygdgghdgmuleoelvxabfmqiotta/Build/Intermediates.noindex/SwiftExplicitPrecompiledModules -clang-scanner-module-cache-path /Users/buddhirajgautam/Library/Developer/Xcode/DerivedData/ModuleCache.noindex -sdk-module-cache-path /Users/buddhirajgautam/Library/Developer/Xcode/DerivedData/SDKExplicitPrecompiledModules -emit-dependencies -emit-module -emit-module-path /Users/buddhirajgautam/Library/Developer/Xcode/DerivedData/Telegram-Mac-fygdgghdgmuleoelvxabfmqiotta/Build/Intermediates.noindex/KeyboardKey.build/Debug/KeyboardKey-t.build/Objects-normal/arm64/KeyboardKey.swiftmodule -serialize-diagnostics -dependency-scan-serialize-diagnostics-path /Users/buddhirajgautam/Library/Developer/Xcode/DerivedData/Telegram-Mac-fygdgghdgmuleoelvxabfmqiotta/Build/Intermediates.noindex/KeyboardKey.build/Debug/KeyboardKey-t.build/Objects-normal/arm64/KeyboardKey-dependency-scan.dia -validate-clang-modules-once -clang-build-session-file /Users/buddhirajgautam/Library/Developer/Xcode/DerivedData/ModuleCache.noindex/Session.modulevalidation -Xcc -fmodules-prune-interval\=86400 -Xcc -fmodules-prune-after\=345600 -emit-const-values -const-gather-protocols-list /Users/buddhirajgautam/Library/Developer/Xcode/DerivedData/Telegram-Mac-fygdgghdgmuleoelvxabfmqiotta/Build/Intermediates.noindex/KeyboardKey.build/Debug/KeyboardKey-t.build/Objects-normal/arm64/KeyboardKey_const_extract_protocols.json -Xcc -I/Users/buddhirajgautam/Library/Developer/Xcode/DerivedData/Telegram-Mac-fygdgghdgmuleoelvxabfmqiotta/Build/Products/Debug/include -Xcc -I/Users/buddhirajgautam/Library/Developer/Xcode/DerivedData/Telegram-Mac-fygdgghdgmuleoelvxabfmqiotta/Build/Intermediates.noindex/KeyboardKey.build/Debug/KeyboardKey-t.build/DerivedSources-normal/arm64 -Xcc -I/Users/buddhirajgautam/Library/Developer/Xcode/DerivedData/Telegram-Mac-fygdgghdgmuleoelvxabfmqiotta/Build/Intermediates.noindex/KeyboardKey.build/Debug/KeyboardKey-t.build/DerivedSources/arm64 -Xcc -I/Users/buddhirajgautam/Library/Developer/Xcode/DerivedData/Telegram-Mac-fygdgghdgmuleoelvxabfmqiotta/Build/Intermediates.noindex/KeyboardKey.build/Debug/KeyboardKey-t.build/DerivedSources -Xcc -DSWIFT_PACKAGE -Xcc -DDEBUG\=1 -emit-objc-header -emit-objc-header-path /Users/buddhirajgautam/Library/Developer/Xcode/DerivedData/Telegram-Mac-fygdgghdgmuleoelvxabfmqiotta/Build/Intermediates.noindex/KeyboardKey.build/Debug/KeyboardKey-t.build/Objects-normal/arm64/KeyboardKey-Swift.h -working-directory /Users/buddhirajgautam/Documents/Cherrygram-Mac/macOS-Swift -experimental-emit-module-separately -disable-cmo

SwiftMergeGeneratedHeaders /Users/buddhirajgautam/Library/Developer/Xcode/DerivedData/Telegram-Mac-fygdgghdgmuleoelvxabfmqiotta/Build/Intermediates.noindex/GeneratedModuleMaps/FlatBuffers-Swift.h /Users/buddhirajgautam/Library/Developer/Xcode/DerivedData/Telegram-Mac-fygdgghdgmuleoelvxabfmqiotta/Build/Intermediates.noindex/FlatBuffers.build/Debug/FlatBuffers-t.build/Objects-normal/arm64/FlatBuffers-Swift.h (in target 'FlatBuffers' from project 'FlatBuffers')
    cd /Users/buddhirajgautam/Documents/Cherrygram-Mac/macOS-Swift/submodules/telegram-ios/submodules/TelegramCore/FlatBuffers
    builtin-swiftHeaderTool -arch arm64 /Users/buddhirajgautam/Library/Developer/Xcode/DerivedData/Telegram-Mac-fygdgghdgmuleoelvxabfmqiotta/Build/Intermediates.noindex/FlatBuffers.build/Debug/FlatBuffers-t.build/Objects-normal/arm64/FlatBuffers-Swift.h -o /Users/buddhirajgautam/Library/Developer/Xcode/DerivedData/Telegram-Mac-fygdgghdgmuleoelvxabfmqiotta/Build/Intermediates.noindex/GeneratedModuleMaps/FlatBuffers-Swift.h

Copy /Users/buddhirajgautam/Library/Developer/Xcode/DerivedData/Telegram-Mac-fygdgghdgmuleoelvxabfmqiotta/Build/Products/Debug/FlatBuffers.swiftmodule/arm64-apple-macos.swiftmodule /Users/buddhirajgautam/Library/Developer/Xcode/DerivedData/Telegram-Mac-fygdgghdgmuleoelvxabfmqiotta/Build/Intermediates.noindex/FlatBuffers.build/Debug/FlatBuffers-t.build/Objects-normal/arm64/FlatBuffers.swiftmodule (in target 'FlatBuffers' from project 'FlatBuffers')
    cd /Users/buddhirajgautam/Documents/Cherrygram-Mac/macOS-Swift/submodules/telegram-ios/submodules/TelegramCore/FlatBuffers
    builtin-copy -exclude .DS_Store -exclude CVS -exclude .svn -exclude .git -exclude .hg -resolve-src-symlinks -rename /Users/buddhirajgautam/Library/Developer/Xcode/DerivedData/Telegram-Mac-fygdgghdgmuleoelvxabfmqiotta/Build/Intermediates.noindex/FlatBuffers.build/Debug/FlatBuffers-t.build/Objects-normal/arm64/FlatBuffers.swiftmodule /Users/buddhirajgautam/Library/Developer/Xcode/DerivedData/Telegram-Mac-fygdgghdgmuleoelvxabfmqiotta/Build/Products/Debug/FlatBuffers.swiftmodule/arm64-apple-macos.swiftmodule

Copy /Users/buddhirajgautam/Library/Developer/Xcode/DerivedData/Telegram-Mac-fygdgghdgmuleoelvxabfmqiotta/Build/Products/Debug/FlatBuffers.swiftmodule/arm64-apple-macos.swiftdoc /Users/buddhirajgautam/Library/Developer/Xcode/DerivedData/Telegram-Mac-fygdgghdgmuleoelvxabfmqiotta/Build/Intermediates.noindex/FlatBuffers.build/Debug/FlatBuffers-t.build/Objects-normal/arm64/FlatBuffers.swiftdoc (in target 'FlatBuffers' from project 'FlatBuffers')
    cd /Users/buddhirajgautam/Documents/Cherrygram-Mac/macOS-Swift/submodules/telegram-ios/submodules/TelegramCore/FlatBuffers
    builtin-copy -exclude .DS_Store -exclude CVS -exclude .svn -exclude .git -exclude .hg -resolve-src-symlinks -rename /Users/buddhirajgautam/Library/Developer/Xcode/DerivedData/Telegram-Mac-fygdgghdgmuleoelvxabfmqiotta/Build/Intermediates.noindex/FlatBuffers.build/Debug/FlatBuffers-t.build/Objects-normal/arm64/FlatBuffers.swiftdoc /Users/buddhirajgautam/Library/Developer/Xcode/DerivedData/Telegram-Mac-fygdgghdgmuleoelvxabfmqiotta/Build/Products/Debug/FlatBuffers.swiftmodule/arm64-apple-macos.swiftdoc

Copy /Users/buddhirajgautam/Library/Developer/Xcode/DerivedData/Telegram-Mac-fygdgghdgmuleoelvxabfmqiotta/Build/Products/Debug/FlatBuffers.swiftmodule/arm64-apple-macos.abi.json /Users/buddhirajgautam/Library/Developer/Xcode/DerivedData/Telegram-Mac-fygdgghdgmuleoelvxabfmqiotta/Build/Intermediates.noindex/FlatBuffers.build/Debug/FlatBuffers-t.build/Objects-normal/arm64/FlatBuffers.abi.json (in target 'FlatBuffers' from project 'FlatBuffers')
    cd /Users/buddhirajgautam/Documents/Cherrygram-Mac/macOS-Swift/submodules/telegram-ios/submodules/TelegramCore/FlatBuffers
    builtin-copy -exclude .DS_Store -exclude CVS -exclude .svn -exclude .git -exclude .hg -resolve-src-symlinks -rename /Users/buddhirajgautam/Library/Developer/Xcode/DerivedData/Telegram-Mac-fygdgghdgmuleoelvxabfmqiotta/Build/Intermediates.noindex/FlatBuffers.build/Debug/FlatBuffers-t.build/Objects-normal/arm64/FlatBuffers.abi.json /Users/buddhirajgautam/Library/Developer/Xcode/DerivedData/Telegram-Mac-fygdgghdgmuleoelvxabfmqiotta/Build/Products/Debug/FlatBuffers.swiftmodule/arm64-apple-macos.abi.json

Copy /Users/buddhirajgautam/Library/Developer/Xcode/DerivedData/Telegram-Mac-fygdgghdgmuleoelvxabfmqiotta/Build/Products/Debug/FlatBuffers.swiftmodule/Project/arm64-apple-macos.swiftsourceinfo /Users/buddhirajgautam/Library/Developer/Xcode/DerivedData/Telegram-Mac-fygdgghdgmuleoelvxabfmqiotta/Build/Intermediates.noindex/FlatBuffers.build/Debug/FlatBuffers-t.build/Objects-normal/arm64/FlatBuffers.swiftsourceinfo (in target 'FlatBuffers' from project 'FlatBuffers')
    cd /Users/buddhirajgautam/Documents/Cherrygram-Mac/macOS-Swift/submodules/telegram-ios/submodules/TelegramCore/FlatBuffers
    builtin-copy -exclude .DS_Store -exclude CVS -exclude .svn -exclude .git -exclude .hg -resolve-src-symlinks -rename /Users/buddhirajgautam/Library/Developer/Xcode/DerivedData/Telegram-Mac-fygdgghdgmuleoelvxabfmqiotta/Build/Intermediates.noindex/FlatBuffers.build/Debug/FlatBuffers-t.build/Objects-normal/arm64/FlatBuffers.swiftsourceinfo /Users/buddhirajgautam/Library/Developer/Xcode/DerivedData/Telegram-Mac-fygdgghdgmuleoelvxabfmqiotta/Build/Products/Debug/FlatBuffers.swiftmodule/Project/arm64-apple-macos.swiftsourceinfo

SwiftEmitModule normal arm64 Emitting\ module\ for\ FirebaseCoreInternal (in target 'FirebaseCoreInternal' from project 'Firebase')

SwiftCompile normal arm64 (in target 'FirebaseCoreInternal' from project 'Firebase')
    cd /Users/buddhirajgautam/Documents/Cherrygram-Mac/macOS-Swift
    

SwiftMergeGeneratedHeaders /Users/buddhirajgautam/Library/Developer/Xcode/DerivedData/Telegram-Mac-fygdgghdgmuleoelvxabfmqiotta/Build/Intermediates.noindex/GeneratedModuleMaps/KeyboardKey-Swift.h /Users/buddhirajgautam/Library/Developer/Xcode/DerivedData/Telegram-Mac-fygdgghdgmuleoelvxabfmqiotta/Build/Intermediates.noindex/KeyboardKey.build/Debug/KeyboardKey-t.build/Objects-normal/arm64/KeyboardKey-Swift.h (in target 'KeyboardKey' from project 'KeyboardKey')
    cd /Users/buddhirajgautam/Documents/Cherrygram-Mac/macOS-Swift/packages/KeyboardKey
    builtin-swiftHeaderTool -arch arm64 /Users/buddhirajgautam/Library/Developer/Xcode/DerivedData/Telegram-Mac-fygdgghdgmuleoelvxabfmqiotta/Build/Intermediates.noindex/KeyboardKey.build/Debug/KeyboardKey-t.build/Objects-normal/arm64/KeyboardKey-Swift.h -o /Users/buddhirajgautam/Library/Developer/Xcode/DerivedData/Telegram-Mac-fygdgghdgmuleoelvxabfmqiotta/Build/Intermediates.noindex/GeneratedModuleMaps/KeyboardKey-Swift.h

Copy /Users/buddhirajgautam/Library/Developer/Xcode/DerivedData/Telegram-Mac-fygdgghdgmuleoelvxabfmqiotta/Build/Products/Debug/KeyboardKey.swiftmodule/arm64-apple-macos.swiftmodule /Users/buddhirajgautam/Library/Developer/Xcode/DerivedData/Telegram-Mac-fygdgghdgmuleoelvxabfmqiotta/Build/Intermediates.noindex/KeyboardKey.build/Debug/KeyboardKey-t.build/Objects-normal/arm64/KeyboardKey.swiftmodule (in target 'KeyboardKey' from project 'KeyboardKey')
    cd /Users/buddhirajgautam/Documents/Cherrygram-Mac/macOS-Swift/packages/KeyboardKey
    builtin-copy -exclude .DS_Store -exclude CVS -exclude .svn -exclude .git -exclude .hg -resolve-src-symlinks -rename /Users/buddhirajgautam/Library/Developer/Xcode/DerivedData/Telegram-Mac-fygdgghdgmuleoelvxabfmqiotta/Build/Intermediates.noindex/KeyboardKey.build/Debug/KeyboardKey-t.build/Objects-normal/arm64/KeyboardKey.swiftmodule /Users/buddhirajgautam/Library/Developer/Xcode/DerivedData/Telegram-Mac-fygdgghdgmuleoelvxabfmqiotta/Build/Products/Debug/KeyboardKey.swiftmodule/arm64-apple-macos.swiftmodule

Copy /Users/buddhirajgautam/Library/Developer/Xcode/DerivedData/Telegram-Mac-fygdgghdgmuleoelvxabfmqiotta/Build/Products/Debug/KeyboardKey.swiftmodule/arm64-apple-macos.swiftdoc /Users/buddhirajgautam/Library/Developer/Xcode/DerivedData/Telegram-Mac-fygdgghdgmuleoelvxabfmqiotta/Build/Intermediates.noindex/KeyboardKey.build/Debug/KeyboardKey-t.build/Objects-normal/arm64/KeyboardKey.swiftdoc (in target 'KeyboardKey' from project 'KeyboardKey')
    cd /Users/buddhirajgautam/Documents/Cherrygram-Mac/macOS-Swift/packages/KeyboardKey
    builtin-copy -exclude .DS_Store -exclude CVS -exclude .svn -exclude .git -exclude .hg -resolve-src-symlinks -rename /Users/buddhirajgautam/Library/Developer/Xcode/DerivedData/Telegram-Mac-fygdgghdgmuleoelvxabfmqiotta/Build/Intermediates.noindex/KeyboardKey.build/Debug/KeyboardKey-t.build/Objects-normal/arm64/KeyboardKey.swiftdoc /Users/buddhirajgautam/Library/Developer/Xcode/DerivedData/Telegram-Mac-fygdgghdgmuleoelvxabfmqiotta/Build/Products/Debug/KeyboardKey.swiftmodule/arm64-apple-macos.swiftdoc

Copy /Users/buddhirajgautam/Library/Developer/Xcode/DerivedData/Telegram-Mac-fygdgghdgmuleoelvxabfmqiotta/Build/Products/Debug/KeyboardKey.swiftmodule/arm64-apple-macos.abi.json /Users/buddhirajgautam/Library/Developer/Xcode/DerivedData/Telegram-Mac-fygdgghdgmuleoelvxabfmqiotta/Build/Intermediates.noindex/KeyboardKey.build/Debug/KeyboardKey-t.build/Objects-normal/arm64/KeyboardKey.abi.json (in target 'KeyboardKey' from project 'KeyboardKey')
    cd /Users/buddhirajgautam/Documents/Cherrygram-Mac/macOS-Swift/packages/KeyboardKey
    builtin-copy -exclude .DS_Store -exclude CVS -exclude .svn -exclude .git -exclude .hg -resolve-src-symlinks -rename /Users/buddhirajgautam/Library/Developer/Xcode/DerivedData/Telegram-Mac-fygdgghdgmuleoelvxabfmqiotta/Build/Intermediates.noindex/KeyboardKey.build/Debug/KeyboardKey-t.build/Objects-normal/arm64/KeyboardKey.abi.json /Users/buddhirajgautam/Library/Developer/Xcode/DerivedData/Telegram-Mac-fygdgghdgmuleoelvxabfmqiotta/Build/Products/Debug/KeyboardKey.swiftmodule/arm64-apple-macos.abi.json

Copy /Users/buddhirajgautam/Library/Developer/Xcode/DerivedData/Telegram-Mac-fygdgghdgmuleoelvxabfmqiotta/Build/Products/Debug/KeyboardKey.swiftmodule/Project/arm64-apple-macos.swiftsourceinfo /Users/buddhirajgautam/Library/Developer/Xcode/DerivedData/Telegram-Mac-fygdgghdgmuleoelvxabfmqiotta/Build/Intermediates.noindex/KeyboardKey.build/Debug/KeyboardKey-t.build/Objects-normal/arm64/KeyboardKey.swiftsourceinfo (in target 'KeyboardKey' from project 'KeyboardKey')
    cd /Users/buddhirajgautam/Documents/Cherrygram-Mac/macOS-Swift/packages/KeyboardKey
    builtin-copy -exclude .DS_Store -exclude CVS -exclude .svn -exclude .git -exclude .hg -resolve-src-symlinks -rename /Users/buddhirajgautam/Library/Developer/Xcode/DerivedData/Telegram-Mac-fygdgghdgmuleoelvxabfmqiotta/Build/Intermediates.noindex/KeyboardKey.build/Debug/KeyboardKey-t.build/Objects-normal/arm64/KeyboardKey.swiftsourceinfo /Users/buddhirajgautam/Library/Developer/Xcode/DerivedData/Telegram-Mac-fygdgghdgmuleoelvxabfmqiotta/Build/Products/Debug/KeyboardKey.swiftmodule/Project/arm64-apple-macos.swiftsourceinfo

SwiftEmitModule normal arm64 Emitting\ module\ for\ Emoji (in target 'Emoji' from project 'Emoji')

SwiftCompile normal arm64 (in target 'Emoji' from project 'Emoji')
    cd /Users/buddhirajgautam/Documents/Cherrygram-Mac/macOS-Swift
    

SwiftExplicitDependencyGeneratePcm arm64 /Users/buddhirajgautam/Library/Developer/Xcode/DerivedData/Telegram-Mac-fygdgghdgmuleoelvxabfmqiotta/Build/Intermediates.noindex/SwiftExplicitPrecompiledModules/minizip-2JIJJ0FFSYCD5B6S1AK3O4OK5.pcm

SwiftEmitModule normal arm64 Emitting\ module\ for\ CurrencyFormat (in target 'CurrencyFormat' from project 'CurrencyFormat')

SwiftCompile normal arm64 (in target 'CurrencyFormat' from project 'CurrencyFormat')
    cd /Users/buddhirajgautam/Documents/Cherrygram-Mac/macOS-Swift
    

SwiftEmitModule normal arm64 Emitting\ module\ for\ Zip (in target 'Zip' from project 'Zip')

SwiftCompile normal arm64 (in target 'Zip' from project 'Zip')
    cd /Users/buddhirajgautam/Documents/Cherrygram-Mac/macOS-Swift
    

SwiftDriverJobDiscovery normal arm64 Emitting module for Emoji (in target 'Emoji' from project 'Emoji')

SwiftDriver\ Compilation\ Requirements Emoji normal arm64 com.apple.xcode.tools.swift.compiler (in target 'Emoji' from project 'Emoji')
    cd /Users/buddhirajgautam/Documents/Cherrygram-Mac/macOS-Swift
    builtin-Swift-Compilation-Requirements -- /Applications/Xcode.app/Contents/Developer/Toolchains/XcodeDefault.xctoolchain/usr/bin/swiftc -parse-as-library -module-name Emoji -Onone @/Users/buddhirajgautam/Library/Developer/Xcode/DerivedData/Telegram-Mac-fygdgghdgmuleoelvxabfmqiotta/Build/Intermediates.noindex/Emoji.build/Debug/Emoji-t.build/Objects-normal/arm64/Emoji.SwiftFileList -DSWIFT_PACKAGE -DDEBUG -DSWIFT_MODULE_RESOURCE_BUNDLE_UNAVAILABLE -DXcode -plugin-path /Applications/Xcode.app/Contents/Developer/Toolchains/XcodeDefault.xctoolchain/usr/lib/swift/host/plugins/testing -enable-experimental-feature DebugDescriptionMacro -sdk /Applications/Xcode.app/Contents/Developer/Platforms/MacOSX.platform/Developer/SDKs/MacOSX27.0.sdk -target arm64-apple-macos12.0 -g -module-cache-path /Users/buddhirajgautam/Library/Developer/Xcode/DerivedData/ModuleCache.noindex -Xfrontend -serialize-debugging-options -profile-coverage-mapping -profile-generate -enable-testing -index-store-path /Users/buddhirajgautam/Library/Developer/Xcode/DerivedData/Telegram-Mac-fygdgghdgmuleoelvxabfmqiotta/Index.noindex/DataStore -Xcc -D_LIBCPP_HARDENING_MODE\=_LIBCPP_HARDENING_MODE_DEBUG -swift-version 5 -I /Users/buddhirajgautam/Library/Developer/Xcode/DerivedData/Telegram-Mac-fygdgghdgmuleoelvxabfmqiotta/Build/Products/Debug -Isystem /Applications/Xcode.app/Contents/Developer/Platforms/MacOSX.platform/Developer/usr/lib -F /Users/buddhirajgautam/Library/Developer/Xcode/DerivedData/Telegram-Mac-fygdgghdgmuleoelvxabfmqiotta/Build/Products/Debug -F /Applications/Xcode.app/Contents/Developer/Platforms/MacOSX.platform/Developer/Library/Frameworks -c -j8 -enable-batch-mode -incremental -Xcc -ivfsstatcache -Xcc /Users/buddhirajgautam/Library/Developer/Xcode/DerivedData/SDKStatCaches.noindex/macosx27.0-26A425-e829b21a6f8c9b70876ba0858053c0447231f6df4def33e022ae2eb8f782df1a.sdkstatcache -output-file-map /Users/buddhirajgautam/Library/Developer/Xcode/DerivedData/Telegram-Mac-fygdgghdgmuleoelvxabfmqiotta/Build/Intermediates.noindex/Emoji.build/Debug/Emoji-t.build/Objects-normal/arm64/Emoji-OutputFileMap.json -save-temps -no-color-diagnostics -explicit-module-build -module-cache-path /Users/buddhirajgautam/Library/Developer/Xcode/DerivedData/Telegram-Mac-fygdgghdgmuleoelvxabfmqiotta/Build/Intermediates.noindex/SwiftExplicitPrecompiledModules -clang-scanner-module-cache-path /Users/buddhirajgautam/Library/Developer/Xcode/DerivedData/ModuleCache.noindex -sdk-module-cache-path /Users/buddhirajgautam/Library/Developer/Xcode/DerivedData/SDKExplicitPrecompiledModules -emit-dependencies -emit-module -emit-module-path /Users/buddhirajgautam/Library/Developer/Xcode/DerivedData/Telegram-Mac-fygdgghdgmuleoelvxabfmqiotta/Build/Intermediates.noindex/Emoji.build/Debug/Emoji-t.build/Objects-normal/arm64/Emoji.swiftmodule -serialize-diagnostics -dependency-scan-serialize-diagnostics-path /Users/buddhirajgautam/Library/Developer/Xcode/DerivedData/Telegram-Mac-fygdgghdgmuleoelvxabfmqiotta/Build/Intermediates.noindex/Emoji.build/Debug/Emoji-t.build/Objects-normal/arm64/Emoji-dependency-scan.dia -validate-clang-modules-once -clang-build-session-file /Users/buddhirajgautam/Library/Developer/Xcode/DerivedData/ModuleCache.noindex/Session.modulevalidation -Xcc -fmodules-prune-interval\=86400 -Xcc -fmodules-prune-after\=345600 -emit-const-values -const-gather-protocols-list /Users/buddhirajgautam/Library/Developer/Xcode/DerivedData/Telegram-Mac-fygdgghdgmuleoelvxabfmqiotta/Build/Intermediates.noindex/Emoji.build/Debug/Emoji-t.build/Objects-normal/arm64/Emoji_const_extract_protocols.json -Xcc -I/Users/buddhirajgautam/Library/Developer/Xcode/DerivedData/Telegram-Mac-fygdgghdgmuleoelvxabfmqiotta/Build/Products/Debug/include -Xcc -I/Users/buddhirajgautam/Library/Developer/Xcode/DerivedData/Telegram-Mac-fygdgghdgmuleoelvxabfmqiotta/Build/Intermediates.noindex/Emoji.build/Debug/Emoji-t.build/DerivedSources-normal/arm64 -Xcc -I/Users/buddhirajgautam/Library/Developer/Xcode/DerivedData/Telegram-Mac-fygdgghdgmuleoelvxabfmqiotta/Build/Intermediates.noindex/Emoji.build/Debug/Emoji-t.build/DerivedSources/arm64 -Xcc -I/Users/buddhirajgautam/Library/Developer/Xcode/DerivedData/Telegram-Mac-fygdgghdgmuleoelvxabfmqiotta/Build/Intermediates.noindex/Emoji.build/Debug/Emoji-t.build/DerivedSources -Xcc -DSWIFT_PACKAGE -Xcc -DDEBUG\=1 -emit-objc-header -emit-objc-header-path /Users/buddhirajgautam/Library/Developer/Xcode/DerivedData/Telegram-Mac-fygdgghdgmuleoelvxabfmqiotta/Build/Intermediates.noindex/Emoji.build/Debug/Emoji-t.build/Objects-normal/arm64/Emoji-Swift.h -working-directory /Users/buddhirajgautam/Documents/Cherrygram-Mac/macOS-Swift -experimental-emit-module-separately -disable-cmo

SwiftDriverJobDiscovery normal arm64 Emitting module for FirebaseCoreInternal (in target 'FirebaseCoreInternal' from project 'Firebase')

SwiftDriver\ Compilation\ Requirements FirebaseCoreInternal normal arm64 com.apple.xcode.tools.swift.compiler (in target 'FirebaseCoreInternal' from project 'Firebase')
    cd /Users/buddhirajgautam/Documents/Cherrygram-Mac/macOS-Swift
    builtin-Swift-Compilation-Requirements -- /Applications/Xcode.app/Contents/Developer/Toolchains/XcodeDefault.xctoolchain/usr/bin/swiftc -parse-as-library -module-name FirebaseCoreInternal -Onone @/Users/buddhirajgautam/Library/Developer/Xcode/DerivedData/Telegram-Mac-fygdgghdgmuleoelvxabfmqiotta/Build/Intermediates.noindex/Firebase.build/Debug/FirebaseCoreInternal-t.build/Objects-normal/arm64/FirebaseCoreInternal.SwiftFileList -DSWIFT_PACKAGE -DDEBUG -DSWIFT_MODULE_RESOURCE_BUNDLE_UNAVAILABLE -Xcc -fmodule-map-file\=/Users/buddhirajgautam/Library/Developer/Xcode/DerivedData/Telegram-Mac-fygdgghdgmuleoelvxabfmqiotta/Build/Intermediates.noindex/GeneratedModuleMaps/GoogleUtilities-NSData.modulemap -DXcode -plugin-path /Applications/Xcode.app/Contents/Developer/Toolchains/XcodeDefault.xctoolchain/usr/lib/swift/host/plugins/testing -enable-experimental-feature DebugDescriptionMacro -sdk /Applications/Xcode.app/Contents/Developer/Platforms/MacOSX.platform/Developer/SDKs/MacOSX27.0.sdk -target arm64-apple-macos12.0 -g -module-cache-path /Users/buddhirajgautam/Library/Developer/Xcode/DerivedData/ModuleCache.noindex -Xfrontend -serialize-debugging-options -profile-coverage-mapping -profile-generate -enable-testing -suppress-warnings -index-store-path /Users/buddhirajgautam/Library/Developer/Xcode/DerivedData/Telegram-Mac-fygdgghdgmuleoelvxabfmqiotta/Index.noindex/DataStore -Xcc -D_LIBCPP_HARDENING_MODE\=_LIBCPP_HARDENING_MODE_DEBUG -swift-version 5 -I /Users/buddhirajgautam/Library/Developer/Xcode/DerivedData/Telegram-Mac-fygdgghdgmuleoelvxabfmqiotta/Build/Products/Debug -Isystem /Applications/Xcode.app/Contents/Developer/Platforms/MacOSX.platform/Developer/usr/lib -F /Users/buddhirajgautam/Library/Developer/Xcode/DerivedData/Telegram-Mac-fygdgghdgmuleoelvxabfmqiotta/Build/Products/Debug/PackageFrameworks -F /Users/buddhirajgautam/Library/Developer/Xcode/DerivedData/Telegram-Mac-fygdgghdgmuleoelvxabfmqiotta/Build/Products/Debug -F /Applications/Xcode.app/Contents/Developer/Platforms/MacOSX.platform/Developer/Library/Frameworks -c -j8 -enable-batch-mode -incremental -Xcc -ivfsstatcache -Xcc /Users/buddhirajgautam/Library/Developer/Xcode/DerivedData/SDKStatCaches.noindex/macosx27.0-26A425-e829b21a6f8c9b70876ba0858053c0447231f6df4def33e022ae2eb8f782df1a.sdkstatcache -output-file-map /Users/buddhirajgautam/Library/Developer/Xcode/DerivedData/Telegram-Mac-fygdgghdgmuleoelvxabfmqiotta/Build/Intermediates.noindex/Firebase.build/Debug/FirebaseCoreInternal-t.build/Objects-normal/arm64/FirebaseCoreInternal-OutputFileMap.json -save-temps -no-color-diagnostics -explicit-module-build -module-cache-path /Users/buddhirajgautam/Library/Developer/Xcode/DerivedData/Telegram-Mac-fygdgghdgmuleoelvxabfmqiotta/Build/Intermediates.noindex/SwiftExplicitPrecompiledModules -clang-scanner-module-cache-path /Users/buddhirajgautam/Library/Developer/Xcode/DerivedData/ModuleCache.noindex -sdk-module-cache-path /Users/buddhirajgautam/Library/Developer/Xcode/DerivedData/SDKExplicitPrecompiledModules -emit-dependencies -emit-module -emit-module-path /Users/buddhirajgautam/Library/Developer/Xcode/DerivedData/Telegram-Mac-fygdgghdgmuleoelvxabfmqiotta/Build/Intermediates.noindex/Firebase.build/Debug/FirebaseCoreInternal-t.build/Objects-normal/arm64/FirebaseCoreInternal.swiftmodule -serialize-diagnostics -dependency-scan-serialize-diagnostics-path /Users/buddhirajgautam/Library/Developer/Xcode/DerivedData/Telegram-Mac-fygdgghdgmuleoelvxabfmqiotta/Build/Intermediates.noindex/Firebase.build/Debug/FirebaseCoreInternal-t.build/Objects-normal/arm64/FirebaseCoreInternal-dependency-scan.dia -validate-clang-modules-once -clang-build-session-file /Users/buddhirajgautam/Library/Developer/Xcode/DerivedData/ModuleCache.noindex/Session.modulevalidation -Xcc -fmodules-prune-interval\=86400 -Xcc -fmodules-prune-after\=345600 -emit-const-values -const-gather-protocols-list /Users/buddhirajgautam/Library/Developer/Xcode/DerivedData/Telegram-Mac-fygdgghdgmuleoelvxabfmqiotta/Build/Intermediates.noindex/Firebase.build/Debug/FirebaseCoreInternal-t.build/Objects-normal/arm64/FirebaseCoreInternal_const_extract_protocols.json -Xcc -I/Users/buddhirajgautam/Library/Developer/Xcode/DerivedData/Telegram-Mac-fygdgghdgmuleoelvxabfmqiotta/SourcePackages/checkouts/GoogleUtilities/GoogleUtilities/NSData+zlib/Public -Xcc -I/Users/buddhirajgautam/Library/Developer/Xcode/DerivedData/Telegram-Mac-fygdgghdgmuleoelvxabfmqiotta/Build/Products/Debug/include -Xcc -I/Users/buddhirajgautam/Library/Developer/Xcode/DerivedData/Telegram-Mac-fygdgghdgmuleoelvxabfmqiotta/Build/Intermediates.noindex/Firebase.build/Debug/FirebaseCoreInternal-t.build/DerivedSources-normal/arm64 -Xcc -I/Users/buddhirajgautam/Library/Developer/Xcode/DerivedData/Telegram-Mac-fygdgghdgmuleoelvxabfmqiotta/Build/Intermediates.noindex/Firebase.build/Debug/FirebaseCoreInternal-t.build/DerivedSources/arm64 -Xcc -I/Users/buddhirajgautam/Library/Developer/Xcode/DerivedData/Telegram-Mac-fygdgghdgmuleoelvxabfmqiotta/Build/Intermediates.noindex/Firebase.build/Debug/FirebaseCoreInternal-t.build/DerivedSources -Xcc -DSWIFT_PACKAGE -Xcc -DDEBUG\=1 -emit-objc-header -emit-objc-header-path /Users/buddhirajgautam/Library/Developer/Xcode/DerivedData/Telegram-Mac-fygdgghdgmuleoelvxabfmqiotta/Build/Intermediates.noindex/Firebase.build/Debug/FirebaseCoreInternal-t.build/Objects-normal/arm64/FirebaseCoreInternal-Swift.h -working-directory /Users/buddhirajgautam/Documents/Cherrygram-Mac/macOS-Swift -experimental-emit-module-separately -disable-cmo

CompileC /Users/buddhirajgautam/Library/Developer/Xcode/DerivedData/Telegram-Mac-fygdgghdgmuleoelvxabfmqiotta/Build/Intermediates.noindex/TgVoipWebrtc.build/Debug/TgVoipWebrtc-t.build/Objects-normal/arm64/objc_video_decoder_factory.o /Users/buddhirajgautam/Documents/Cherrygram-Mac/macOS-Swift/submodules/tgcalls/tgcalls/platform/darwin/objc_video_decoder_factory.mm normal arm64 objective-c++ com.apple.compilers.llvm.clang.1_0.compiler (in target 'TgVoipWebrtc' from project 'TgVoipWebrtc')
    cd /Users/buddhirajgautam/Documents/Cherrygram-Mac/macOS-Swift
    
    Using response file: /Users/buddhirajgautam/Library/Developer/Xcode/DerivedData/Telegram-Mac-fygdgghdgmuleoelvxabfmqiotta/Build/Intermediates.noindex/TgVoipWebrtc.build/Debug/TgVoipWebrtc-t.build/Objects-normal/arm64/af3fcb34312c57c0f52879cdce924b91-common-args.resp
    
    /Applications/Xcode.app/Contents/Developer/Toolchains/XcodeDefault.xctoolchain/usr/bin/clang -x objective-c++ -ivfsstatcache /Users/buddhirajgautam/Library/Developer/Xcode/DerivedData/SDKStatCaches.noindex/macosx27.0-26A425-e829b21a6f8c9b70876ba0858053c0447231f6df4def33e022ae2eb8f782df1a.sdkstatcache -target arm64-apple-macos12.0 -fmessage-length\=0 -fdiagnostics-show-note-include-stack -fmacro-backtrace-limit\=0 -fno-color-diagnostics -fmodules-prune-interval\=86400 -fmodules-prune-after\=345600 -fbuild-session-file\=/Users/buddhirajgautam/Library/Developer/Xcode/DerivedData/ModuleCache.noindex/Session.modulevalidation -fmodules-validate-once-per-build-session -Wnon-modular-include-in-framework-module -Werror\=non-modular-include-in-framework-module -Wno-trigraphs -Wno-missing-field-initializers -Wno-missing-prototypes -Wno-return-type -Wno-implicit-atomic-properties -Wno-objc-interface-ivars -Wno-arc-repeated-use-of-weak -Wno-non-virtual-dtor -Wno-overloaded-virtual -Wno-exit-time-destructors -Wno-missing-braces -Wparentheses -Wswitch -Wno-unused-function -Wno-unused-label -Wno-unused-parameter -Wno-unused-variable -Wunused-value -Wno-empty-body -Wno-uninitialized -Wno-unknown-pragmas -Wno-shadow -Wno-four-char-constants -Wno-conversion -Wno-constant-conversion -Wno-int-conversion -Wno-bool-conversion -Wno-enum-conversion -Wno-float-conversion -Wno-non-literal-null-conversion -Wno-objc-literal-conversion -Wshorten-64-to-32 -Wno-newline-eof -Wno-selector -Wno-strict-selector-match -Wno-undeclared-selector -Wno-deprecated-implementations -Wno-c++11-extensions -Wno-implicit-fallthrough -isysroot /Applications/Xcode.app/Contents/Developer/Platforms/MacOSX.platform/Developer/SDKs/MacOSX27.0.sdk -fstrict-aliasing -Wprotocol -Wdeprecated-declarations -Winvalid-offsetof -Wno-sign-conversion -Wno-infinite-recursion -Wno-move -Wno-comma -Wno-block-capture-autoreleasing -Wno-strict-prototypes -Wno-range-loop-analysis -Wno-semicolon-before-method-body -index-store-path /Users/buddhirajgautam/Library/Developer/Xcode/DerivedData/Telegram-Mac-fygdgghdgmuleoelvxabfmqiotta/Index.noindex/DataStore @/Users/buddhirajgautam/Library/Developer/Xcode/DerivedData/Telegram-Mac-fygdgghdgmuleoelvxabfmqiotta/Build/Intermediates.noindex/TgVoipWebrtc.build/Debug/TgVoipWebrtc-t.build/Objects-normal/arm64/af3fcb34312c57c0f52879cdce924b91-common-args.resp -MMD -MT dependencies -MF /Users/buddhirajgautam/Library/Developer/Xcode/DerivedData/Telegram-Mac-fygdgghdgmuleoelvxabfmqiotta/Build/Intermediates.noindex/TgVoipWebrtc.build/Debug/TgVoipWebrtc-t.build/Objects-normal/arm64/objc_video_decoder_factory.d --serialize-diagnostics /Users/buddhirajgautam/Library/Developer/Xcode/DerivedData/Telegram-Mac-fygdgghdgmuleoelvxabfmqiotta/Build/Intermediates.noindex/TgVoipWebrtc.build/Debug/TgVoipWebrtc-t.build/Objects-normal/arm64/objc_video_decoder_factory.dia -c /Users/buddhirajgautam/Documents/Cherrygram-Mac/macOS-Swift/submodules/tgcalls/tgcalls/platform/darwin/objc_video_decoder_factory.mm -o /Users/buddhirajgautam/Library/Developer/Xcode/DerivedData/Telegram-Mac-fygdgghdgmuleoelvxabfmqiotta/Build/Intermediates.noindex/TgVoipWebrtc.build/Debug/TgVoipWebrtc-t.build/Objects-normal/arm64/objc_video_decoder_factory.o -index-unit-output-path /TgVoipWebrtc.build/Debug/TgVoipWebrtc-t.build/Objects-normal/arm64/objc_video_decoder_factory.o
In file included from /Users/buddhirajgautam/Documents/Cherrygram-Mac/macOS-Swift/submodules/tgcalls/tgcalls/platform/darwin/objc_video_decoder_factory.mm:11:
In file included from /Users/buddhirajgautam/Documents/Cherrygram-Mac/macOS-Swift/submodules/tgcalls/tgcalls/platform/darwin/objc_video_decoder_factory.h:16:
In file included from /Users/buddhirajgautam/Documents/Cherrygram-Mac/macOS-Swift/submodules/tgcalls/SharedHeaders/webrtc/api/video_codecs/video_decoder_factory.h:17:
In file included from /Users/buddhirajgautam/Documents/Cherrygram-Mac/macOS-Swift/submodules/tgcalls/SharedHeaders/webrtc/api/environment/environment.h:24:
In file included from /Users/buddhirajgautam/Documents/Cherrygram-Mac/macOS-Swift/submodules/tgcalls/SharedHeaders/webrtc/third_party/abseil-cpp/absl/base/nullability.h:153:
In file included from /Users/buddhirajgautam/Documents/Cherrygram-Mac/macOS-Swift/submodules/tgcalls/SharedHeaders/webrtc/third_party/abseil-cpp/absl/base/internal/nullability_impl.h:22:
/Users/buddhirajgautam/Documents/Cherrygram-Mac/macOS-Swift/submodules/tgcalls/SharedHeaders/webrtc/third_party/abseil-cpp/absl/meta/type_traits.h:511:36: warning: builtin __is_trivially_relocatable is deprecated; use __builtin_is_cpp_trivially_relocatable instead [-Wdeprecated-builtins]
  511 |     : std::integral_constant<bool, __is_trivially_relocatable(T)> {};
      |                                    ^
/Users/buddhirajgautam/Documents/Cherrygram-Mac/macOS-Swift/submodules/tgcalls/tgcalls/platform/darwin/objc_video_decoder_factory.mm:76:39: warning: implicit conversion loses integer precision: 'NSInteger' (aka 'long') to 'int32_t' (aka 'int') [-Wshorten-64-to-32]
   76 |   int32_t Release() override { return [decoder_ releaseDecoder]; }
      |                                ~~~~~~ ^~~~~~~~~~~~~~~~~~~~~~~~~
In file included from /Users/buddhirajgautam/Documents/Cherrygram-Mac/macOS-Swift/submodules/tgcalls/tgcalls/platform/darwin/objc_video_decoder_factory.mm:11:
In file included from /Users/buddhirajgautam/Documents/Cherrygram-Mac/macOS-Swift/submodules/tgcalls/tgcalls/platform/darwin/objc_video_decoder_factory.h:16:
In file included from /Users/buddhirajgautam/Documents/Cherrygram-Mac/macOS-Swift/submodules/tgcalls/SharedHeaders/webrtc/api/video_codecs/video_decoder_factory.h:17:
In file included from /Users/buddhirajgautam/Documents/Cherrygram-Mac/macOS-Swift/submodules/tgcalls/SharedHeaders/webrtc/api/environment/environment.h:24:
In file included from /Users/buddhirajgautam/Documents/Cherrygram-Mac/macOS-Swift/submodules/tgcalls/SharedHeaders/webrtc/third_party/abseil-cpp/absl/base/nullability.h:153:
In file included from /Users/buddhirajgautam/Documents/Cherrygram-Mac/macOS-Swift/submodules/tgcalls/SharedHeaders/webrtc/third_party/abseil-cpp/absl/base/internal/nullability_impl.h:22:
/Users/buddhirajgautam/Documents/Cherrygram-Mac/macOS-Swift/submodules/tgcalls/SharedHeaders/webrtc/third_party/abseil-cpp/absl/meta/type_traits.h:511:36: warning: builtin __is_trivially_relocatable is deprecated; use __builtin_is_cpp_trivially_relocatable instead [-Wdeprecated-builtins]
  511 |     : std::integral_constant<bool, __is_trivially_relocatable(T)> {};
      |                                    ^
In file included from /Users/buddhirajgautam/Documents/Cherrygram-Mac/macOS-Swift/submodules/tgcalls/tgcalls/platform/darwin/objc_video_decoder_factory.mm:11:
In file included from /Users/buddhirajgautam/Documents/Cherrygram-Mac/macOS-Swift/submodules/tgcalls/tgcalls/platform/darwin/objc_video_decoder_factory.h:16:
In file included from /Users/buddhirajgautam/Documents/Cherrygram-Mac/macOS-Swift/submodules/tgcalls/SharedHeaders/webrtc/api/video_codecs/video_decoder_factory.h:18:
In file included from /Users/buddhirajgautam/Documents/Cherrygram-Mac/macOS-Swift/submodules/tgcalls/SharedHeaders/webrtc/api/video_codecs/sdp_video_format.h:17:
In file included from /Users/buddhirajgautam/Documents/Cherrygram-Mac/macOS-Swift/submodules/tgcalls/SharedHeaders/webrtc/third_party/abseil-cpp/absl/container/inlined_vector.h:53:
/Users/buddhirajgautam/Documents/Cherrygram-Mac/macOS-Swift/submodules/tgcalls/SharedHeaders/webrtc/third_party/abseil-cpp/absl/container/internal/inlined_vector.h:522:22: note: in instantiation of template class 'absl::is_trivially_relocatable<webrtc::DecodeTargetIndication>' requested here
  522 |                absl::is_trivially_relocatable<V>::value ||
      |                      ^
In file included from /Users/buddhirajgautam/Documents/Cherrygram-Mac/macOS-Swift/submodules/tgcalls/tgcalls/platform/darwin/objc_video_decoder_factory.mm:11:
In file included from /Users/buddhirajgautam/Documents/Cherrygram-Mac/macOS-Swift/submodules/tgcalls/tgcalls/platform/darwin/objc_video_decoder_factory.h:16:
In file included from /Users/buddhirajgautam/Documents/Cherrygram-Mac/macOS-Swift/submodules/tgcalls/SharedHeaders/webrtc/api/video_codecs/video_decoder_factory.h:18:
In file included from /Users/buddhirajgautam/Documents/Cherrygram-Mac/macOS-Swift/submodules/tgcalls/SharedHeaders/webrtc/api/video_codecs/sdp_video_format.h:17:
In file included from /Users/buddhirajgautam/Documents/Cherrygram-Mac/macOS-Swift/submodules/tgcalls/SharedHeaders/webrtc/third_party/abseil-cpp/absl/container/inlined_vector.h:50:
/Users/buddhirajgautam/Documents/Cherrygram-Mac/macOS-Swift/submodules/tgcalls/SharedHeaders/webrtc/third_party/abseil-cpp/absl/base/macros.h:128:49: note: expanded from macro 'ABSL_HARDENING_ASSERT'
  128 | #define ABSL_HARDENING_ASSERT(expr) ABSL_ASSERT(expr)
      |                                                 ^
/Users/buddhirajgautam/Documents/Cherrygram-Mac/macOS-Swift/submodules/tgcalls/SharedHeaders/webrtc/third_party/abseil-cpp/absl/base/macros.h:95:30: note: expanded from macro 'ABSL_ASSERT'
   95 |   (false ? static_cast<void>(expr) : static_cast<void>(0))
      |                              ^
In file included from /Users/buddhirajgautam/Documents/Cherrygram-Mac/macOS-Swift/submodules/tgcalls/tgcalls/platform/darwin/objc_video_decoder_factory.mm:11:
In file included from /Users/buddhirajgautam/Documents/Cherrygram-Mac/macOS-Swift/submodules/tgcalls/tgcalls/platform/darwin/objc_video_decoder_factory.h:16:
In file included from /Users/buddhirajgautam/Documents/Cherrygram-Mac/macOS-Swift/submodules/tgcalls/SharedHeaders/webrtc/api/video_codecs/video_decoder_factory.h:18:
In file included from /Users/buddhirajgautam/Documents/Cherrygram-Mac/macOS-Swift/submodules/tgcalls/SharedHeaders/webrtc/api/video_codecs/sdp_video_format.h:17:
/Users/buddhirajgautam/Documents/Cherrygram-Mac/macOS-Swift/submodules/tgcalls/SharedHeaders/webrtc/third_party/abseil-cpp/absl/container/inlined_vector.h:856:14: note: in instantiation of member function 'absl::inlined_vector_internal::Storage<webrtc::DecodeTargetIndication, 10, std::allocator<webrtc::DecodeTargetIndication>>::MemcpyFrom' requested here
  856 |     storage_.MemcpyFrom(other.storage_);
      |              ^
/Users/buddhirajgautam/Documents/Cherrygram-Mac/macOS-Swift/submodules/tgcalls/SharedHeaders/webrtc/third_party/abseil-cpp/absl/container/inlined_vector.h:548:7: note: in instantiation of member function 'absl::InlinedVector<webrtc::DecodeTargetIndication, 10>::MoveAssignment' requested here
  548 |       MoveAssignment(MoveAssignmentPolicy{}, std::move(other));
      |       ^
In file included from /Users/buddhirajgautam/Documents/Cherrygram-Mac/macOS-Swift/submodules/tgcalls/tgcalls/platform/darwin/objc_video_decoder_factory.mm:26:
In file included from /Users/buddhirajgautam/Documents/Cherrygram-Mac/macOS-Swift/submodules/tgcalls/SharedHeaders/webrtc/modules/video_coding/include/video_codec_interface.h:21:
In file included from /Users/buddhirajgautam/Documents/Cherrygram-Mac/macOS-Swift/submodules/tgcalls/SharedHeaders/webrtc/common_video/generic_frame_descriptor/generic_frame_info.h:20:
/Users/buddhirajgautam/Documents/Cherrygram-Mac/macOS-Swift/submodules/tgcalls/SharedHeaders/webrtc/api/transport/rtp/dependency_descriptor.h:133:35: note: in instantiation of member function 'absl::InlinedVector<webrtc::DecodeTargetIndication, 10>::operator=' requested here
  133 |   this->decode_target_indications =
      |                                   ^
3 warnings generated.

SwiftMergeGeneratedHeaders /Users/buddhirajgautam/Library/Developer/Xcode/DerivedData/Telegram-Mac-fygdgghdgmuleoelvxabfmqiotta/Build/Intermediates.noindex/GeneratedModuleMaps/FirebaseCoreInternal-Swift.h /Users/buddhirajgautam/Library/Developer/Xcode/DerivedData/Telegram-Mac-fygdgghdgmuleoelvxabfmqiotta/Build/Intermediates.noindex/Firebase.build/Debug/FirebaseCoreInternal-t.build/Objects-normal/arm64/FirebaseCoreInternal-Swift.h (in target 'FirebaseCoreInternal' from project 'Firebase')
    cd /Users/buddhirajgautam/Library/Developer/Xcode/DerivedData/Telegram-Mac-fygdgghdgmuleoelvxabfmqiotta/SourcePackages/checkouts/firebase-ios-sdk
    builtin-swiftHeaderTool -arch arm64 /Users/buddhirajgautam/Library/Developer/Xcode/DerivedData/Telegram-Mac-fygdgghdgmuleoelvxabfmqiotta/Build/Intermediates.noindex/Firebase.build/Debug/FirebaseCoreInternal-t.build/Objects-normal/arm64/FirebaseCoreInternal-Swift.h -o /Users/buddhirajgautam/Library/Developer/Xcode/DerivedData/Telegram-Mac-fygdgghdgmuleoelvxabfmqiotta/Build/Intermediates.noindex/GeneratedModuleMaps/FirebaseCoreInternal-Swift.h

SwiftDriverJobDiscovery normal arm64 Emitting module for Zip (in target 'Zip' from project 'Zip')

SwiftDriver\ Compilation\ Requirements Zip normal arm64 com.apple.xcode.tools.swift.compiler (in target 'Zip' from project 'Zip')
    cd /Users/buddhirajgautam/Documents/Cherrygram-Mac/macOS-Swift
    builtin-Swift-Compilation-Requirements -- /Applications/Xcode.app/Contents/Developer/Toolchains/XcodeDefault.xctoolchain/usr/bin/swiftc -parse-as-library -module-name Zip -Onone @/Users/buddhirajgautam/Library/Developer/Xcode/DerivedData/Telegram-Mac-fygdgghdgmuleoelvxabfmqiotta/Build/Intermediates.noindex/Zip.build/Debug/Zip-t.build/Objects-normal/arm64/Zip.SwiftFileList -DSWIFT_PACKAGE -DDEBUG -DSWIFT_MODULE_RESOURCE_BUNDLE_UNAVAILABLE -Xcc -fmodule-map-file\=/Users/buddhirajgautam/Library/Developer/Xcode/DerivedData/Telegram-Mac-fygdgghdgmuleoelvxabfmqiotta/Build/Intermediates.noindex/GeneratedModuleMaps/minizip.modulemap -DXcode -plugin-path /Applications/Xcode.app/Contents/Developer/Toolchains/XcodeDefault.xctoolchain/usr/lib/swift/host/plugins/testing -enable-experimental-feature DebugDescriptionMacro -sdk /Applications/Xcode.app/Contents/Developer/Platforms/MacOSX.platform/Developer/SDKs/MacOSX27.0.sdk -target arm64-apple-macos12.0 -g -module-cache-path /Users/buddhirajgautam/Library/Developer/Xcode/DerivedData/ModuleCache.noindex -Xfrontend -serialize-debugging-options -profile-coverage-mapping -profile-generate -enable-testing -index-store-path /Users/buddhirajgautam/Library/Developer/Xcode/DerivedData/Telegram-Mac-fygdgghdgmuleoelvxabfmqiotta/Index.noindex/DataStore -Xcc -D_LIBCPP_HARDENING_MODE\=_LIBCPP_HARDENING_MODE_DEBUG -swift-version 5 -I /Users/buddhirajgautam/Library/Developer/Xcode/DerivedData/Telegram-Mac-fygdgghdgmuleoelvxabfmqiotta/Build/Products/Debug -Isystem /Applications/Xcode.app/Contents/Developer/Platforms/MacOSX.platform/Developer/usr/lib -F /Users/buddhirajgautam/Library/Developer/Xcode/DerivedData/Telegram-Mac-fygdgghdgmuleoelvxabfmqiotta/Build/Products/Debug/PackageFrameworks -F /Users/buddhirajgautam/Library/Developer/Xcode/DerivedData/Telegram-Mac-fygdgghdgmuleoelvxabfmqiotta/Build/Products/Debug -F /Applications/Xcode.app/Contents/Developer/Platforms/MacOSX.platform/Developer/Library/Frameworks -c -j8 -enable-batch-mode -incremental -Xcc -ivfsstatcache -Xcc /Users/buddhirajgautam/Library/Developer/Xcode/DerivedData/SDKStatCaches.noindex/macosx27.0-26A425-e829b21a6f8c9b70876ba0858053c0447231f6df4def33e022ae2eb8f782df1a.sdkstatcache -output-file-map /Users/buddhirajgautam/Library/Developer/Xcode/DerivedData/Telegram-Mac-fygdgghdgmuleoelvxabfmqiotta/Build/Intermediates.noindex/Zip.build/Debug/Zip-t.build/Objects-normal/arm64/Zip-OutputFileMap.json -save-temps -no-color-diagnostics -explicit-module-build -module-cache-path /Users/buddhirajgautam/Library/Developer/Xcode/DerivedData/Telegram-Mac-fygdgghdgmuleoelvxabfmqiotta/Build/Intermediates.noindex/SwiftExplicitPrecompiledModules -clang-scanner-module-cache-path /Users/buddhirajgautam/Library/Developer/Xcode/DerivedData/ModuleCache.noindex -sdk-module-cache-path /Users/buddhirajgautam/Library/Developer/Xcode/DerivedData/SDKExplicitPrecompiledModules -emit-dependencies -emit-module -emit-module-path /Users/buddhirajgautam/Library/Developer/Xcode/DerivedData/Telegram-Mac-fygdgghdgmuleoelvxabfmqiotta/Build/Intermediates.noindex/Zip.build/Debug/Zip-t.build/Objects-normal/arm64/Zip.swiftmodule -serialize-diagnostics -dependency-scan-serialize-diagnostics-path /Users/buddhirajgautam/Library/Developer/Xcode/DerivedData/Telegram-Mac-fygdgghdgmuleoelvxabfmqiotta/Build/Intermediates.noindex/Zip.build/Debug/Zip-t.build/Objects-normal/arm64/Zip-dependency-scan.dia -validate-clang-modules-once -clang-build-session-file /Users/buddhirajgautam/Library/Developer/Xcode/DerivedData/ModuleCache.noindex/Session.modulevalidation -Xcc -fmodules-prune-interval\=86400 -Xcc -fmodules-prune-after\=345600 -emit-const-values -const-gather-protocols-list /Users/buddhirajgautam/Library/Developer/Xcode/DerivedData/Telegram-Mac-fygdgghdgmuleoelvxabfmqiotta/Build/Intermediates.noindex/Zip.build/Debug/Zip-t.build/Objects-normal/arm64/Zip_const_extract_protocols.json -Xcc -I/Users/buddhirajgautam/Documents/Cherrygram-Mac/macOS-Swift/submodules/minizip/Sources -Xcc -I/Users/buddhirajgautam/Library/Developer/Xcode/DerivedData/Telegram-Mac-fygdgghdgmuleoelvxabfmqiotta/Build/Products/Debug/include -Xcc -I/Users/buddhirajgautam/Library/Developer/Xcode/DerivedData/Telegram-Mac-fygdgghdgmuleoelvxabfmqiotta/Build/Intermediates.noindex/Zip.build/Debug/Zip-t.build/DerivedSources-normal/arm64 -Xcc -I/Users/buddhirajgautam/Library/Developer/Xcode/DerivedData/Telegram-Mac-fygdgghdgmuleoelvxabfmqiotta/Build/Intermediates.noindex/Zip.build/Debug/Zip-t.build/DerivedSources/arm64 -Xcc -I/Users/buddhirajgautam/Library/Developer/Xcode/DerivedData/Telegram-Mac-fygdgghdgmuleoelvxabfmqiotta/Build/Intermediates.noindex/Zip.build/Debug/Zip-t.build/DerivedSources -Xcc -DSWIFT_PACKAGE -Xcc -DDEBUG\=1 -emit-objc-header -emit-objc-header-path /Users/buddhirajgautam/Library/Developer/Xcode/DerivedData/Telegram-Mac-fygdgghdgmuleoelvxabfmqiotta/Build/Intermediates.noindex/Zip.build/Debug/Zip-t.build/Objects-normal/arm64/Zip-Swift.h -working-directory /Users/buddhirajgautam/Documents/Cherrygram-Mac/macOS-Swift -experimental-emit-module-separately -disable-cmo

Copy /Users/buddhirajgautam/Library/Developer/Xcode/DerivedData/Telegram-Mac-fygdgghdgmuleoelvxabfmqiotta/Build/Products/Debug/FirebaseCoreInternal.swiftmodule/arm64-apple-macos.swiftmodule /Users/buddhirajgautam/Library/Developer/Xcode/DerivedData/Telegram-Mac-fygdgghdgmuleoelvxabfmqiotta/Build/Intermediates.noindex/Firebase.build/Debug/FirebaseCoreInternal-t.build/Objects-normal/arm64/FirebaseCoreInternal.swiftmodule (in target 'FirebaseCoreInternal' from project 'Firebase')
    cd /Users/buddhirajgautam/Library/Developer/Xcode/DerivedData/Telegram-Mac-fygdgghdgmuleoelvxabfmqiotta/SourcePackages/checkouts/firebase-ios-sdk
    builtin-copy -exclude .DS_Store -exclude CVS -exclude .svn -exclude .git -exclude .hg -resolve-src-symlinks -rename /Users/buddhirajgautam/Library/Developer/Xcode/DerivedData/Telegram-Mac-fygdgghdgmuleoelvxabfmqiotta/Build/Intermediates.noindex/Firebase.build/Debug/FirebaseCoreInternal-t.build/Objects-normal/arm64/FirebaseCoreInternal.swiftmodule /Users/buddhirajgautam/Library/Developer/Xcode/DerivedData/Telegram-Mac-fygdgghdgmuleoelvxabfmqiotta/Build/Products/Debug/FirebaseCoreInternal.swiftmodule/arm64-apple-macos.swiftmodule

SwiftMergeGeneratedHeaders /Users/buddhirajgautam/Library/Developer/Xcode/DerivedData/Telegram-Mac-fygdgghdgmuleoelvxabfmqiotta/Build/Intermediates.noindex/GeneratedModuleMaps/Zip-Swift.h /Users/buddhirajgautam/Library/Developer/Xcode/DerivedData/Telegram-Mac-fygdgghdgmuleoelvxabfmqiotta/Build/Intermediates.noindex/Zip.build/Debug/Zip-t.build/Objects-normal/arm64/Zip-Swift.h (in target 'Zip' from project 'Zip')
    cd /Users/buddhirajgautam/Documents/Cherrygram-Mac/macOS-Swift/submodules/Zip
    builtin-swiftHeaderTool -arch arm64 /Users/buddhirajgautam/Library/Developer/Xcode/DerivedData/Telegram-Mac-fygdgghdgmuleoelvxabfmqiotta/Build/Intermediates.noindex/Zip.build/Debug/Zip-t.build/Objects-normal/arm64/Zip-Swift.h -o /Users/buddhirajgautam/Library/Developer/Xcode/DerivedData/Telegram-Mac-fygdgghdgmuleoelvxabfmqiotta/Build/Intermediates.noindex/GeneratedModuleMaps/Zip-Swift.h

Copy /Users/buddhirajgautam/Library/Developer/Xcode/DerivedData/Telegram-Mac-fygdgghdgmuleoelvxabfmqiotta/Build/Products/Debug/Zip.swiftmodule/arm64-apple-macos.swiftmodule /Users/buddhirajgautam/Library/Developer/Xcode/DerivedData/Telegram-Mac-fygdgghdgmuleoelvxabfmqiotta/Build/Intermediates.noindex/Zip.build/Debug/Zip-t.build/Objects-normal/arm64/Zip.swiftmodule (in target 'Zip' from project 'Zip')
    cd /Users/buddhirajgautam/Documents/Cherrygram-Mac/macOS-Swift/submodules/Zip
    builtin-copy -exclude .DS_Store -exclude CVS -exclude .svn -exclude .git -exclude .hg -resolve-src-symlinks -rename /Users/buddhirajgautam/Library/Developer/Xcode/DerivedData/Telegram-Mac-fygdgghdgmuleoelvxabfmqiotta/Build/Intermediates.noindex/Zip.build/Debug/Zip-t.build/Objects-normal/arm64/Zip.swiftmodule /Users/buddhirajgautam/Library/Developer/Xcode/DerivedData/Telegram-Mac-fygdgghdgmuleoelvxabfmqiotta/Build/Products/Debug/Zip.swiftmodule/arm64-apple-macos.swiftmodule

Copy /Users/buddhirajgautam/Library/Developer/Xcode/DerivedData/Telegram-Mac-fygdgghdgmuleoelvxabfmqiotta/Build/Products/Debug/Zip.swiftmodule/arm64-apple-macos.swiftdoc /Users/buddhirajgautam/Library/Developer/Xcode/DerivedData/Telegram-Mac-fygdgghdgmuleoelvxabfmqiotta/Build/Intermediates.noindex/Zip.build/Debug/Zip-t.build/Objects-normal/arm64/Zip.swiftdoc (in target 'Zip' from project 'Zip')
    cd /Users/buddhirajgautam/Documents/Cherrygram-Mac/macOS-Swift/submodules/Zip
    builtin-copy -exclude .DS_Store -exclude CVS -exclude .svn -exclude .git -exclude .hg -resolve-src-symlinks -rename /Users/buddhirajgautam/Library/Developer/Xcode/DerivedData/Telegram-Mac-fygdgghdgmuleoelvxabfmqiotta/Build/Intermediates.noindex/Zip.build/Debug/Zip-t.build/Objects-normal/arm64/Zip.swiftdoc /Users/buddhirajgautam/Library/Developer/Xcode/DerivedData/Telegram-Mac-fygdgghdgmuleoelvxabfmqiotta/Build/Products/Debug/Zip.swiftmodule/arm64-apple-macos.swiftdoc

Copy /Users/buddhirajgautam/Library/Developer/Xcode/DerivedData/Telegram-Mac-fygdgghdgmuleoelvxabfmqiotta/Build/Products/Debug/Zip.swiftmodule/arm64-apple-macos.abi.json /Users/buddhirajgautam/Library/Developer/Xcode/DerivedData/Telegram-Mac-fygdgghdgmuleoelvxabfmqiotta/Build/Intermediates.noindex/Zip.build/Debug/Zip-t.build/Objects-normal/arm64/Zip.abi.json (in target 'Zip' from project 'Zip')
    cd /Users/buddhirajgautam/Documents/Cherrygram-Mac/macOS-Swift/submodules/Zip
    builtin-copy -exclude .DS_Store -exclude CVS -exclude .svn -exclude .git -exclude .hg -resolve-src-symlinks -rename /Users/buddhirajgautam/Library/Developer/Xcode/DerivedData/Telegram-Mac-fygdgghdgmuleoelvxabfmqiotta/Build/Intermediates.noindex/Zip.build/Debug/Zip-t.build/Objects-normal/arm64/Zip.abi.json /Users/buddhirajgautam/Library/Developer/Xcode/DerivedData/Telegram-Mac-fygdgghdgmuleoelvxabfmqiotta/Build/Products/Debug/Zip.swiftmodule/arm64-apple-macos.abi.json

Copy /Users/buddhirajgautam/Library/Developer/Xcode/DerivedData/Telegram-Mac-fygdgghdgmuleoelvxabfmqiotta/Build/Products/Debug/Zip.swiftmodule/Project/arm64-apple-macos.swiftsourceinfo /Users/buddhirajgautam/Library/Developer/Xcode/DerivedData/Telegram-Mac-fygdgghdgmuleoelvxabfmqiotta/Build/Intermediates.noindex/Zip.build/Debug/Zip-t.build/Objects-normal/arm64/Zip.swiftsourceinfo (in target 'Zip' from project 'Zip')
    cd /Users/buddhirajgautam/Documents/Cherrygram-Mac/macOS-Swift/submodules/Zip
    builtin-copy -exclude .DS_Store -exclude CVS -exclude .svn -exclude .git -exclude .hg -resolve-src-symlinks -rename /Users/buddhirajgautam/Library/Developer/Xcode/DerivedData/Telegram-Mac-fygdgghdgmuleoelvxabfmqiotta/Build/Intermediates.noindex/Zip.build/Debug/Zip-t.build/Objects-normal/arm64/Zip.swiftsourceinfo /Users/buddhirajgautam/Library/Developer/Xcode/DerivedData/Telegram-Mac-fygdgghdgmuleoelvxabfmqiotta/Build/Products/Debug/Zip.swiftmodule/Project/arm64-apple-macos.swiftsourceinfo

Copy /Users/buddhirajgautam/Library/Developer/Xcode/DerivedData/Telegram-Mac-fygdgghdgmuleoelvxabfmqiotta/Build/Products/Debug/FirebaseCoreInternal.swiftmodule/arm64-apple-macos.swiftdoc /Users/buddhirajgautam/Library/Developer/Xcode/DerivedData/Telegram-Mac-fygdgghdgmuleoelvxabfmqiotta/Build/Intermediates.noindex/Firebase.build/Debug/FirebaseCoreInternal-t.build/Objects-normal/arm64/FirebaseCoreInternal.swiftdoc (in target 'FirebaseCoreInternal' from project 'Firebase')
    cd /Users/buddhirajgautam/Library/Developer/Xcode/DerivedData/Telegram-Mac-fygdgghdgmuleoelvxabfmqiotta/SourcePackages/checkouts/firebase-ios-sdk
    builtin-copy -exclude .DS_Store -exclude CVS -exclude .svn -exclude .git -exclude .hg -resolve-src-symlinks -rename /Users/buddhirajgautam/Library/Developer/Xcode/DerivedData/Telegram-Mac-fygdgghdgmuleoelvxabfmqiotta/Build/Intermediates.noindex/Firebase.build/Debug/FirebaseCoreInternal-t.build/Objects-normal/arm64/FirebaseCoreInternal.swiftdoc /Users/buddhirajgautam/Library/Developer/Xcode/DerivedData/Telegram-Mac-fygdgghdgmuleoelvxabfmqiotta/Build/Products/Debug/FirebaseCoreInternal.swiftmodule/arm64-apple-macos.swiftdoc

Copy /Users/buddhirajgautam/Library/Developer/Xcode/DerivedData/Telegram-Mac-fygdgghdgmuleoelvxabfmqiotta/Build/Products/Debug/FirebaseCoreInternal.swiftmodule/arm64-apple-macos.abi.json /Users/buddhirajgautam/Library/Developer/Xcode/DerivedData/Telegram-Mac-fygdgghdgmuleoelvxabfmqiotta/Build/Intermediates.noindex/Firebase.build/Debug/FirebaseCoreInternal-t.build/Objects-normal/arm64/FirebaseCoreInternal.abi.json (in target 'FirebaseCoreInternal' from project 'Firebase')
    cd /Users/buddhirajgautam/Library/Developer/Xcode/DerivedData/Telegram-Mac-fygdgghdgmuleoelvxabfmqiotta/SourcePackages/checkouts/firebase-ios-sdk
    builtin-copy -exclude .DS_Store -exclude CVS -exclude .svn -exclude .git -exclude .hg -resolve-src-symlinks -rename /Users/buddhirajgautam/Library/Developer/Xcode/DerivedData/Telegram-Mac-fygdgghdgmuleoelvxabfmqiotta/Build/Intermediates.noindex/Firebase.build/Debug/FirebaseCoreInternal-t.build/Objects-normal/arm64/FirebaseCoreInternal.abi.json /Users/buddhirajgautam/Library/Developer/Xcode/DerivedData/Telegram-Mac-fygdgghdgmuleoelvxabfmqiotta/Build/Products/Debug/FirebaseCoreInternal.swiftmodule/arm64-apple-macos.abi.json

Copy /Users/buddhirajgautam/Library/Developer/Xcode/DerivedData/Telegram-Mac-fygdgghdgmuleoelvxabfmqiotta/Build/Products/Debug/FirebaseCoreInternal.swiftmodule/Project/arm64-apple-macos.swiftsourceinfo /Users/buddhirajgautam/Library/Developer/Xcode/DerivedData/Telegram-Mac-fygdgghdgmuleoelvxabfmqiotta/Build/Intermediates.noindex/Firebase.build/Debug/FirebaseCoreInternal-t.build/Objects-normal/arm64/FirebaseCoreInternal.swiftsourceinfo (in target 'FirebaseCoreInternal' from project 'Firebase')
    cd /Users/buddhirajgautam/Library/Developer/Xcode/DerivedData/Telegram-Mac-fygdgghdgmuleoelvxabfmqiotta/SourcePackages/checkouts/firebase-ios-sdk
    builtin-copy -exclude .DS_Store -exclude CVS -exclude .svn -exclude .git -exclude .hg -resolve-src-symlinks -rename /Users/buddhirajgautam/Library/Developer/Xcode/DerivedData/Telegram-Mac-fygdgghdgmuleoelvxabfmqiotta/Build/Intermediates.noindex/Firebase.build/Debug/FirebaseCoreInternal-t.build/Objects-normal/arm64/FirebaseCoreInternal.swiftsourceinfo /Users/buddhirajgautam/Library/Developer/Xcode/DerivedData/Telegram-Mac-fygdgghdgmuleoelvxabfmqiotta/Build/Products/Debug/FirebaseCoreInternal.swiftmodule/Project/arm64-apple-macos.swiftsourceinfo

SwiftMergeGeneratedHeaders /Users/buddhirajgautam/Library/Developer/Xcode/DerivedData/Telegram-Mac-fygdgghdgmuleoelvxabfmqiotta/Build/Intermediates.noindex/GeneratedModuleMaps/Emoji-Swift.h /Users/buddhirajgautam/Library/Developer/Xcode/DerivedData/Telegram-Mac-fygdgghdgmuleoelvxabfmqiotta/Build/Intermediates.noindex/Emoji.build/Debug/Emoji-t.build/Objects-normal/arm64/Emoji-Swift.h (in target 'Emoji' from project 'Emoji')
    cd /Users/buddhirajgautam/Documents/Cherrygram-Mac/macOS-Swift/submodules/telegram-ios/submodules/Emoji
    builtin-swiftHeaderTool -arch arm64 /Users/buddhirajgautam/Library/Developer/Xcode/DerivedData/Telegram-Mac-fygdgghdgmuleoelvxabfmqiotta/Build/Intermediates.noindex/Emoji.build/Debug/Emoji-t.build/Objects-normal/arm64/Emoji-Swift.h -o /Users/buddhirajgautam/Library/Developer/Xcode/DerivedData/Telegram-Mac-fygdgghdgmuleoelvxabfmqiotta/Build/Intermediates.noindex/GeneratedModuleMaps/Emoji-Swift.h

Copy /Users/buddhirajgautam/Library/Developer/Xcode/DerivedData/Telegram-Mac-fygdgghdgmuleoelvxabfmqiotta/Build/Products/Debug/Emoji.swiftmodule/arm64-apple-macos.swiftmodule /Users/buddhirajgautam/Library/Developer/Xcode/DerivedData/Telegram-Mac-fygdgghdgmuleoelvxabfmqiotta/Build/Intermediates.noindex/Emoji.build/Debug/Emoji-t.build/Objects-normal/arm64/Emoji.swiftmodule (in target 'Emoji' from project 'Emoji')
    cd /Users/buddhirajgautam/Documents/Cherrygram-Mac/macOS-Swift/submodules/telegram-ios/submodules/Emoji
    builtin-copy -exclude .DS_Store -exclude CVS -exclude .svn -exclude .git -exclude .hg -resolve-src-symlinks -rename /Users/buddhirajgautam/Library/Developer/Xcode/DerivedData/Telegram-Mac-fygdgghdgmuleoelvxabfmqiotta/Build/Intermediates.noindex/Emoji.build/Debug/Emoji-t.build/Objects-normal/arm64/Emoji.swiftmodule /Users/buddhirajgautam/Library/Developer/Xcode/DerivedData/Telegram-Mac-fygdgghdgmuleoelvxabfmqiotta/Build/Products/Debug/Emoji.swiftmodule/arm64-apple-macos.swiftmodule

Copy /Users/buddhirajgautam/Library/Developer/Xcode/DerivedData/Telegram-Mac-fygdgghdgmuleoelvxabfmqiotta/Build/Products/Debug/Emoji.swiftmodule/arm64-apple-macos.swiftdoc /Users/buddhirajgautam/Library/Developer/Xcode/DerivedData/Telegram-Mac-fygdgghdgmuleoelvxabfmqiotta/Build/Intermediates.noindex/Emoji.build/Debug/Emoji-t.build/Objects-normal/arm64/Emoji.swiftdoc (in target 'Emoji' from project 'Emoji')
    cd /Users/buddhirajgautam/Documents/Cherrygram-Mac/macOS-Swift/submodules/telegram-ios/submodules/Emoji
    builtin-copy -exclude .DS_Store -exclude CVS -exclude .svn -exclude .git -exclude .hg -resolve-src-symlinks -rename /Users/buddhirajgautam/Library/Developer/Xcode/DerivedData/Telegram-Mac-fygdgghdgmuleoelvxabfmqiotta/Build/Intermediates.noindex/Emoji.build/Debug/Emoji-t.build/Objects-normal/arm64/Emoji.swiftdoc /Users/buddhirajgautam/Library/Developer/Xcode/DerivedData/Telegram-Mac-fygdgghdgmuleoelvxabfmqiotta/Build/Products/Debug/Emoji.swiftmodule/arm64-apple-macos.swiftdoc

Copy /Users/buddhirajgautam/Library/Developer/Xcode/DerivedData/Telegram-Mac-fygdgghdgmuleoelvxabfmqiotta/Build/Products/Debug/Emoji.swiftmodule/arm64-apple-macos.abi.json /Users/buddhirajgautam/Library/Developer/Xcode/DerivedData/Telegram-Mac-fygdgghdgmuleoelvxabfmqiotta/Build/Intermediates.noindex/Emoji.build/Debug/Emoji-t.build/Objects-normal/arm64/Emoji.abi.json (in target 'Emoji' from project 'Emoji')
    cd /Users/buddhirajgautam/Documents/Cherrygram-Mac/macOS-Swift/submodules/telegram-ios/submodules/Emoji
    builtin-copy -exclude .DS_Store -exclude CVS -exclude .svn -exclude .git -exclude .hg -resolve-src-symlinks -rename /Users/buddhirajgautam/Library/Developer/Xcode/DerivedData/Telegram-Mac-fygdgghdgmuleoelvxabfmqiotta/Build/Intermediates.noindex/Emoji.build/Debug/Emoji-t.build/Objects-normal/arm64/Emoji.abi.json /Users/buddhirajgautam/Library/Developer/Xcode/DerivedData/Telegram-Mac-fygdgghdgmuleoelvxabfmqiotta/Build/Products/Debug/Emoji.swiftmodule/arm64-apple-macos.abi.json

Copy /Users/buddhirajgautam/Library/Developer/Xcode/DerivedData/Telegram-Mac-fygdgghdgmuleoelvxabfmqiotta/Build/Products/Debug/Emoji.swiftmodule/Project/arm64-apple-macos.swiftsourceinfo /Users/buddhirajgautam/Library/Developer/Xcode/DerivedData/Telegram-Mac-fygdgghdgmuleoelvxabfmqiotta/Build/Intermediates.noindex/Emoji.build/Debug/Emoji-t.build/Objects-normal/arm64/Emoji.swiftsourceinfo (in target 'Emoji' from project 'Emoji')
    cd /Users/buddhirajgautam/Documents/Cherrygram-Mac/macOS-Swift/submodules/telegram-ios/submodules/Emoji
    builtin-copy -exclude .DS_Store -exclude CVS -exclude .svn -exclude .git -exclude .hg -resolve-src-symlinks -rename /Users/buddhirajgautam/Library/Developer/Xcode/DerivedData/Telegram-Mac-fygdgghdgmuleoelvxabfmqiotta/Build/Intermediates.noindex/Emoji.build/Debug/Emoji-t.build/Objects-normal/arm64/Emoji.swiftsourceinfo /Users/buddhirajgautam/Library/Developer/Xcode/DerivedData/Telegram-Mac-fygdgghdgmuleoelvxabfmqiotta/Build/Products/Debug/Emoji.swiftmodule/Project/arm64-apple-macos.swiftsourceinfo

CompileC /Users/buddhirajgautam/Library/Developer/Xcode/DerivedData/Telegram-Mac-fygdgghdgmuleoelvxabfmqiotta/Build/Intermediates.noindex/TgVoipWebrtc.build/Debug/TgVoipWebrtc-t.build/Objects-normal/arm64/json11.o /Users/buddhirajgautam/Documents/Cherrygram-Mac/macOS-Swift/submodules/tgcalls/tgcalls/third-party/json11.cpp normal arm64 c++ com.apple.compilers.llvm.clang.1_0.compiler (in target 'TgVoipWebrtc' from project 'TgVoipWebrtc')
    cd /Users/buddhirajgautam/Documents/Cherrygram-Mac/macOS-Swift
    
    Using response file: /Users/buddhirajgautam/Library/Developer/Xcode/DerivedData/Telegram-Mac-fygdgghdgmuleoelvxabfmqiotta/Build/Intermediates.noindex/TgVoipWebrtc.build/Debug/TgVoipWebrtc-t.build/Objects-normal/arm64/82b82416624d2658e5098eb0a28c15c5-common-args.resp
    
    /Applications/Xcode.app/Contents/Developer/Toolchains/XcodeDefault.xctoolchain/usr/bin/clang -x c++ -ivfsstatcache /Users/buddhirajgautam/Library/Developer/Xcode/DerivedData/SDKStatCaches.noindex/macosx27.0-26A425-e829b21a6f8c9b70876ba0858053c0447231f6df4def33e022ae2eb8f782df1a.sdkstatcache -target arm64-apple-macos12.0 -fmessage-length\=0 -fdiagnostics-show-note-include-stack -fmacro-backtrace-limit\=0 -fno-color-diagnostics -fmodules-prune-interval\=86400 -fmodules-prune-after\=345600 -fbuild-session-file\=/Users/buddhirajgautam/Library/Developer/Xcode/DerivedData/ModuleCache.noindex/Session.modulevalidation -fmodules-validate-once-per-build-session -Wnon-modular-include-in-framework-module -Werror\=non-modular-include-in-framework-module -Wno-trigraphs -Wno-missing-field-initializers -Wno-missing-prototypes -Wno-return-type -Wno-non-virtual-dtor -Wno-overloaded-virtual -Wno-exit-time-destructors -Wno-missing-braces -Wparentheses -Wswitch -Wno-unused-function -Wno-unused-label -Wno-unused-parameter -Wno-unused-variable -Wunused-value -Wno-empty-body -Wno-uninitialized -Wno-unknown-pragmas -Wno-shadow -Wno-four-char-constants -Wno-conversion -Wno-constant-conversion -Wno-int-conversion -Wno-bool-conversion -Wno-enum-conversion -Wno-float-conversion -Wno-non-literal-null-conversion -Wno-objc-literal-conversion -Wshorten-64-to-32 -Wno-newline-eof -Wno-c++11-extensions -Wno-implicit-fallthrough -isysroot /Applications/Xcode.app/Contents/Developer/Platforms/MacOSX.platform/Developer/SDKs/MacOSX27.0.sdk -fstrict-aliasing -Wdeprecated-declarations -Winvalid-offsetof -Wno-sign-conversion -Wno-infinite-recursion -Wno-move -Wno-comma -Wno-block-capture-autoreleasing -Wno-strict-prototypes -Wno-range-loop-analysis -Wno-semicolon-before-method-body -index-store-path /Users/buddhirajgautam/Library/Developer/Xcode/DerivedData/Telegram-Mac-fygdgghdgmuleoelvxabfmqiotta/Index.noindex/DataStore @/Users/buddhirajgautam/Library/Developer/Xcode/DerivedData/Telegram-Mac-fygdgghdgmuleoelvxabfmqiotta/Build/Intermediates.noindex/TgVoipWebrtc.build/Debug/TgVoipWebrtc-t.build/Objects-normal/arm64/82b82416624d2658e5098eb0a28c15c5-common-args.resp -MMD -MT dependencies -MF /Users/buddhirajgautam/Library/Developer/Xcode/DerivedData/Telegram-Mac-fygdgghdgmuleoelvxabfmqiotta/Build/Intermediates.noindex/TgVoipWebrtc.build/Debug/TgVoipWebrtc-t.build/Objects-normal/arm64/json11.d --serialize-diagnostics /Users/buddhirajgautam/Library/Developer/Xcode/DerivedData/Telegram-Mac-fygdgghdgmuleoelvxabfmqiotta/Build/Intermediates.noindex/TgVoipWebrtc.build/Debug/TgVoipWebrtc-t.build/Objects-normal/arm64/json11.dia -c /Users/buddhirajgautam/Documents/Cherrygram-Mac/macOS-Swift/submodules/tgcalls/tgcalls/third-party/json11.cpp -o /Users/buddhirajgautam/Library/Developer/Xcode/DerivedData/Telegram-Mac-fygdgghdgmuleoelvxabfmqiotta/Build/Intermediates.noindex/TgVoipWebrtc.build/Debug/TgVoipWebrtc-t.build/Objects-normal/arm64/json11.o -index-unit-output-path /TgVoipWebrtc.build/Debug/TgVoipWebrtc-t.build/Objects-normal/arm64/json11.o
/Users/buddhirajgautam/Documents/Cherrygram-Mac/macOS-Swift/submodules/tgcalls/tgcalls/third-party/json11.cpp:201:54: warning: unqualified call to 'std::move' [-Wunqualified-std-cast-call]
  201 |     explicit JsonString(string &&value)      : Value(move(value)) {}
      |                                                      ^
      |                                                      std::
/Users/buddhirajgautam/Documents/Cherrygram-Mac/macOS-Swift/submodules/tgcalls/tgcalls/third-party/json11.cpp:209:58: warning: unqualified call to 'std::move' [-Wunqualified-std-cast-call]
  209 |     explicit JsonArray(Json::array &&value)      : Value(move(value)) {}
      |                                                          ^
      |                                                          std::
/Users/buddhirajgautam/Documents/Cherrygram-Mac/macOS-Swift/submodules/tgcalls/tgcalls/third-party/json11.cpp:217:60: warning: unqualified call to 'std::move' [-Wunqualified-std-cast-call]
  217 |     explicit JsonObject(Json::object &&value)      : Value(move(value)) {}
      |                                                            ^
      |                                                            std::
/Users/buddhirajgautam/Documents/Cherrygram-Mac/macOS-Swift/submodules/tgcalls/tgcalls/third-party/json11.cpp:259:72: warning: unqualified call to 'std::move' [-Wunqualified-std-cast-call]
  259 | Json::Json(string &&value)             : m_ptr(make_shared<JsonString>(move(value))) {}
      |                                                                        ^
      |                                                                        std::
/Users/buddhirajgautam/Documents/Cherrygram-Mac/macOS-Swift/submodules/tgcalls/tgcalls/third-party/json11.cpp:262:71: warning: unqualified call to 'std::move' [-Wunqualified-std-cast-call]
  262 | Json::Json(Json::array &&values)       : m_ptr(make_shared<JsonArray>(move(values))) {}
      |                                                                       ^
      |                                                                       std::
/Users/buddhirajgautam/Documents/Cherrygram-Mac/macOS-Swift/submodules/tgcalls/tgcalls/third-party/json11.cpp:264:72: warning: unqualified call to 'std::move' [-Wunqualified-std-cast-call]
  264 | Json::Json(Json::object &&values)      : m_ptr(make_shared<JsonObject>(move(values))) {}
      |                                                                        ^
      |                                                                        std::
/Users/buddhirajgautam/Documents/Cherrygram-Mac/macOS-Swift/submodules/tgcalls/tgcalls/third-party/json11.cpp:362:21: warning: unqualified call to 'std::move' [-Wunqualified-std-cast-call]
  362 |         return fail(move(msg), Json());
      |                     ^
      |                     std::
/Users/buddhirajgautam/Documents/Cherrygram-Mac/macOS-Swift/submodules/tgcalls/tgcalls/third-party/json11.cpp:154:46: warning: unqualified call to 'std::move' [-Wunqualified-std-cast-call]
  154 |     explicit Value(T &&value)      : m_value(move(value)) {}
      |                                              ^
      |                                              std::
/Users/buddhirajgautam/Documents/Cherrygram-Mac/macOS-Swift/submodules/tgcalls/tgcalls/third-party/json11.cpp:201:48: note: in instantiation of member function 'json11::Value<json11::Json::STRING, std::string>::Value' requested here
  201 |     explicit JsonString(string &&value)      : Value(move(value)) {}
      |                                                ^
/Users/buddhirajgautam/Documents/Cherrygram-Mac/macOS-Swift/submodules/tgcalls/tgcalls/third-party/json11.cpp:154:46: warning: unqualified call to 'std::move' [-Wunqualified-std-cast-call]
  154 |     explicit Value(T &&value)      : m_value(move(value)) {}
      |                                              ^
      |                                              std::
/Users/buddhirajgautam/Documents/Cherrygram-Mac/macOS-Swift/submodules/tgcalls/tgcalls/third-party/json11.cpp:209:52: note: in instantiation of member function 'json11::Value<json11::Json::ARRAY, std::vector<json11::Json>>::Value' requested here
  209 |     explicit JsonArray(Json::array &&value)      : Value(move(value)) {}
      |                                                    ^
/Users/buddhirajgautam/Documents/Cherrygram-Mac/macOS-Swift/submodules/tgcalls/tgcalls/third-party/json11.cpp:154:46: warning: unqualified call to 'std::move' [-Wunqualified-std-cast-call]
  154 |     explicit Value(T &&value)      : m_value(move(value)) {}
      |                                              ^
      |                                              std::
/Users/buddhirajgautam/Documents/Cherrygram-Mac/macOS-Swift/submodules/tgcalls/tgcalls/third-party/json11.cpp:217:54: note: in instantiation of member function 'json11::Value<json11::Json::OBJECT, std::map<std::string, json11::Json>>::Value' requested here
  217 |     explicit JsonObject(Json::object &&value)      : Value(move(value)) {}
      |                                                      ^
/Users/buddhirajgautam/Documents/Cherrygram-Mac/macOS-Swift/submodules/tgcalls/tgcalls/third-party/json11.cpp:154:46: warning: unqualified call to 'std::move' [-Wunqualified-std-cast-call]
  154 |     explicit Value(T &&value)      : m_value(move(value)) {}
      |                                              ^
      |                                              std::
/Users/buddhirajgautam/Documents/Cherrygram-Mac/macOS-Swift/submodules/tgcalls/tgcalls/third-party/json11.cpp:222:18: note: in instantiation of member function 'json11::Value<json11::Json::NUL, json11::NullStruct>::Value' requested here
  222 |     JsonNull() : Value({}) {}
      |                  ^
11 warnings generated.

CompileC /Users/buddhirajgautam/Library/Developer/Xcode/DerivedData/Telegram-Mac-fygdgghdgmuleoelvxabfmqiotta/Build/Intermediates.noindex/TgVoipWebrtc.build/Debug/TgVoipWebrtc-t.build/Objects-normal/arm64/ikcp.o /Users/buddhirajgautam/Documents/Cherrygram-Mac/macOS-Swift/submodules/tgcalls/tgcalls/v2/ikcp.cpp normal arm64 c++ com.apple.compilers.llvm.clang.1_0.compiler (in target 'TgVoipWebrtc' from project 'TgVoipWebrtc')
    cd /Users/buddhirajgautam/Documents/Cherrygram-Mac/macOS-Swift
    
    Using response file: /Users/buddhirajgautam/Library/Developer/Xcode/DerivedData/Telegram-Mac-fygdgghdgmuleoelvxabfmqiotta/Build/Intermediates.noindex/TgVoipWebrtc.build/Debug/TgVoipWebrtc-t.build/Objects-normal/arm64/82b82416624d2658e5098eb0a28c15c5-common-args.resp
    
    /Applications/Xcode.app/Contents/Developer/Toolchains/XcodeDefault.xctoolchain/usr/bin/clang -x c++ -ivfsstatcache /Users/buddhirajgautam/Library/Developer/Xcode/DerivedData/SDKStatCaches.noindex/macosx27.0-26A425-e829b21a6f8c9b70876ba0858053c0447231f6df4def33e022ae2eb8f782df1a.sdkstatcache -target arm64-apple-macos12.0 -fmessage-length\=0 -fdiagnostics-show-note-include-stack -fmacro-backtrace-limit\=0 -fno-color-diagnostics -fmodules-prune-interval\=86400 -fmodules-prune-after\=345600 -fbuild-session-file\=/Users/buddhirajgautam/Library/Developer/Xcode/DerivedData/ModuleCache.noindex/Session.modulevalidation -fmodules-validate-once-per-build-session -Wnon-modular-include-in-framework-module -Werror\=non-modular-include-in-framework-module -Wno-trigraphs -Wno-missing-field-initializers -Wno-missing-prototypes -Wno-return-type -Wno-non-virtual-dtor -Wno-overloaded-virtual -Wno-exit-time-destructors -Wno-missing-braces -Wparentheses -Wswitch -Wno-unused-function -Wno-unused-label -Wno-unused-parameter -Wno-unused-variable -Wunused-value -Wno-empty-body -Wno-uninitialized -Wno-unknown-pragmas -Wno-shadow -Wno-four-char-constants -Wno-conversion -Wno-constant-conversion -Wno-int-conversion -Wno-bool-conversion -Wno-enum-conversion -Wno-float-conversion -Wno-non-literal-null-conversion -Wno-objc-literal-conversion -Wshorten-64-to-32 -Wno-newline-eof -Wno-c++11-extensions -Wno-implicit-fallthrough -isysroot /Applications/Xcode.app/Contents/Developer/Platforms/MacOSX.platform/Developer/SDKs/MacOSX27.0.sdk -fstrict-aliasing -Wdeprecated-declarations -Winvalid-offsetof -Wno-sign-conversion -Wno-infinite-recursion -Wno-move -Wno-comma -Wno-block-capture-autoreleasing -Wno-strict-prototypes -Wno-range-loop-analysis -Wno-semicolon-before-method-body -index-store-path /Users/buddhirajgautam/Library/Developer/Xcode/DerivedData/Telegram-Mac-fygdgghdgmuleoelvxabfmqiotta/Index.noindex/DataStore @/Users/buddhirajgautam/Library/Developer/Xcode/DerivedData/Telegram-Mac-fygdgghdgmuleoelvxabfmqiotta/Build/Intermediates.noindex/TgVoipWebrtc.build/Debug/TgVoipWebrtc-t.build/Objects-normal/arm64/82b82416624d2658e5098eb0a28c15c5-common-args.resp -MMD -MT dependencies -MF /Users/buddhirajgautam/Library/Developer/Xcode/DerivedData/Telegram-Mac-fygdgghdgmuleoelvxabfmqiotta/Build/Intermediates.noindex/TgVoipWebrtc.build/Debug/TgVoipWebrtc-t.build/Objects-normal/arm64/ikcp.d --serialize-diagnostics /Users/buddhirajgautam/Library/Developer/Xcode/DerivedData/Telegram-Mac-fygdgghdgmuleoelvxabfmqiotta/Build/Intermediates.noindex/TgVoipWebrtc.build/Debug/TgVoipWebrtc-t.build/Objects-normal/arm64/ikcp.dia -c /Users/buddhirajgautam/Documents/Cherrygram-Mac/macOS-Swift/submodules/tgcalls/tgcalls/v2/ikcp.cpp -o /Users/buddhirajgautam/Library/Developer/Xcode/DerivedData/Telegram-Mac-fygdgghdgmuleoelvxabfmqiotta/Build/Intermediates.noindex/TgVoipWebrtc.build/Debug/TgVoipWebrtc-t.build/Objects-normal/arm64/ikcp.o -index-unit-output-path /TgVoipWebrtc.build/Debug/TgVoipWebrtc-t.build/Objects-normal/arm64/ikcp.o
/Users/buddhirajgautam/Documents/Cherrygram-Mac/macOS-Swift/submodules/tgcalls/tgcalls/v2/ikcp.cpp:193:2: warning: 'vsprintf' is deprecated: This function is provided for compatibility reasons only.  Due to security concerns inherent in the design of sprintf(3), it is highly recommended that you use vsnprintf(3) instead. [-Wdeprecated-declarations]
  193 |         vsprintf(buffer, fmt, argptr);
      |         ^
In file included from /Users/buddhirajgautam/Documents/Cherrygram-Mac/macOS-Swift/submodules/tgcalls/tgcalls/v2/ikcp.cpp:18:
In file included from /Applications/Xcode.app/Contents/Developer/Platforms/MacOSX.platform/Developer/SDKs/MacOSX27.0.sdk/usr/include/c++/v1/stdio.h:104:
In file included from /Applications/Xcode.app/Contents/Developer/Platforms/MacOSX.platform/Developer/SDKs/MacOSX27.0.sdk/usr/include/stdio.h:61:
/Applications/Xcode.app/Contents/Developer/Platforms/MacOSX.platform/Developer/SDKs/MacOSX27.0.sdk/usr/include/_stdio.h:298:1: note: 'vsprintf' has been explicitly marked deprecated here
  298 | __deprecated_msg("This function is provided for compatibility reasons only.  Due to security concerns inherent in the design of sprintf(3), it is highly recommended that you use vsnprintf(3) instead.")
      | ^
In file included from /Users/buddhirajgautam/Documents/Cherrygram-Mac/macOS-Swift/submodules/tgcalls/tgcalls/v2/ikcp.cpp:12:
In file included from /Users/buddhirajgautam/Documents/Cherrygram-Mac/macOS-Swift/submodules/tgcalls/tgcalls/v2/ikcp.h:16:
In file included from /Applications/Xcode.app/Contents/Developer/Platforms/MacOSX.platform/Developer/SDKs/MacOSX27.0.sdk/usr/include/c++/v1/stdlib.h:89:
In file included from /Applications/Xcode.app/Contents/Developer/Platforms/MacOSX.platform/Developer/SDKs/MacOSX27.0.sdk/usr/include/stdlib.h:58:
In file included from /Applications/Xcode.app/Contents/Developer/Platforms/MacOSX.platform/Developer/SDKs/MacOSX27.0.sdk/usr/include/_stdlib.h:65:
/Applications/Xcode.app/Contents/Developer/Platforms/MacOSX.platform/Developer/SDKs/MacOSX27.0.sdk/usr/include/sys/cdefs.h:227:48: note: expanded from macro '__deprecated_msg'
  227 |         #define __deprecated_msg(_msg) __attribute__((__deprecated__(_msg)))
      |                                                       ^
/Users/buddhirajgautam/Documents/Cherrygram-Mac/macOS-Swift/submodules/tgcalls/tgcalls/v2/ikcp.cpp:561:49: warning: implicit conversion loses integer precision: 'long' to 'IINT32' (aka 'int') [-Wshorten-64-to-32]
  561 |                 kcp->rx_rttval = (3 * kcp->rx_rttval + delta) / 4;
      |                                ~ ~~~~~~~~~~~~~~~~~~~~~~~~~~~~~^~~
/Users/buddhirajgautam/Documents/Cherrygram-Mac/macOS-Swift/submodules/tgcalls/tgcalls/v2/ikcp.cpp:803:26: warning: implicit conversion loses integer precision: 'long' to 'IINT32' (aka 'int') [-Wshorten-64-to-32]
  803 |                                 ikcp_update_ack(kcp, _itimediff(kcp->current, ts));
      |                                 ~~~~~~~~~~~~~~~      ^~~~~~~~~~~~~~~~~~~~~~~~~~~~
/Users/buddhirajgautam/Documents/Cherrygram-Mac/macOS-Swift/submodules/tgcalls/tgcalls/v2/ikcp.cpp:1166:9: warning: implicit conversion loses integer precision: 'long' to 'IINT32' (aka 'int') [-Wshorten-64-to-32]
 1166 |         slap = _itimediff(kcp->current, kcp->ts_flush);
      |              ~ ^~~~~~~~~~~~~~~~~~~~~~~~~~~~~~~~~~~~~~~
/Users/buddhirajgautam/Documents/Cherrygram-Mac/macOS-Swift/submodules/tgcalls/tgcalls/v2/ikcp.cpp:1213:13: warning: implicit conversion loses integer precision: 'long' to 'IINT32' (aka 'int') [-Wshorten-64-to-32]
 1213 |         tm_flush = _itimediff(ts_flush, current);
      |                  ~ ^~~~~~~~~~~~~~~~~~~~~~~~~~~~~
/Users/buddhirajgautam/Documents/Cherrygram-Mac/macOS-Swift/submodules/tgcalls/tgcalls/v2/ikcp.cpp:1217:17: warning: implicit conversion loses integer precision: 'long' to 'IINT32' (aka 'int') [-Wshorten-64-to-32]
 1217 |                 IINT32 diff = _itimediff(seg->resendts, current);
      |                        ~~~~   ^~~~~~~~~~~~~~~~~~~~~~~~~~~~~~~~~~
6 warnings generated.

SwiftEmitModule normal arm64 Emitting\ module\ for\ CrashHandler (in target 'CrashHandler' from project 'CrashHandler')

SwiftCompile normal arm64 (in target 'CrashHandler' from project 'CrashHandler')
    cd /Users/buddhirajgautam/Documents/Cherrygram-Mac/macOS-Swift
    

CompileC /Users/buddhirajgautam/Library/Developer/Xcode/DerivedData/Telegram-Mac-fygdgghdgmuleoelvxabfmqiotta/Build/Intermediates.noindex/TgVoipWebrtc.build/Debug/TgVoipWebrtc-t.build/Objects-normal/arm64/h265_nalu_rewriter.o /Users/buddhirajgautam/Documents/Cherrygram-Mac/macOS-Swift/submodules/tgcalls/tgcalls/platform/darwin/h265_nalu_rewriter.cc normal arm64 c++ com.apple.compilers.llvm.clang.1_0.compiler (in target 'TgVoipWebrtc' from project 'TgVoipWebrtc')
    cd /Users/buddhirajgautam/Documents/Cherrygram-Mac/macOS-Swift
    
    Using response file: /Users/buddhirajgautam/Library/Developer/Xcode/DerivedData/Telegram-Mac-fygdgghdgmuleoelvxabfmqiotta/Build/Intermediates.noindex/TgVoipWebrtc.build/Debug/TgVoipWebrtc-t.build/Objects-normal/arm64/82b82416624d2658e5098eb0a28c15c5-common-args.resp
    
    /Applications/Xcode.app/Contents/Developer/Toolchains/XcodeDefault.xctoolchain/usr/bin/clang -x c++ -ivfsstatcache /Users/buddhirajgautam/Library/Developer/Xcode/DerivedData/SDKStatCaches.noindex/macosx27.0-26A425-e829b21a6f8c9b70876ba0858053c0447231f6df4def33e022ae2eb8f782df1a.sdkstatcache -target arm64-apple-macos12.0 -fmessage-length\=0 -fdiagnostics-show-note-include-stack -fmacro-backtrace-limit\=0 -fno-color-diagnostics -fmodules-prune-interval\=86400 -fmodules-prune-after\=345600 -fbuild-session-file\=/Users/buddhirajgautam/Library/Developer/Xcode/DerivedData/ModuleCache.noindex/Session.modulevalidation -fmodules-validate-once-per-build-session -Wnon-modular-include-in-framework-module -Werror\=non-modular-include-in-framework-module -Wno-trigraphs -Wno-missing-field-initializers -Wno-missing-prototypes -Wno-return-type -Wno-non-virtual-dtor -Wno-overloaded-virtual -Wno-exit-time-destructors -Wno-missing-braces -Wparentheses -Wswitch -Wno-unused-function -Wno-unused-label -Wno-unused-parameter -Wno-unused-variable -Wunused-value -Wno-empty-body -Wno-uninitialized -Wno-unknown-pragmas -Wno-shadow -Wno-four-char-constants -Wno-conversion -Wno-constant-conversion -Wno-int-conversion -Wno-bool-conversion -Wno-enum-conversion -Wno-float-conversion -Wno-non-literal-null-conversion -Wno-objc-literal-conversion -Wshorten-64-to-32 -Wno-newline-eof -Wno-c++11-extensions -Wno-implicit-fallthrough -isysroot /Applications/Xcode.app/Contents/Developer/Platforms/MacOSX.platform/Developer/SDKs/MacOSX27.0.sdk -fstrict-aliasing -Wdeprecated-declarations -Winvalid-offsetof -Wno-sign-conversion -Wno-infinite-recursion -Wno-move -Wno-comma -Wno-block-capture-autoreleasing -Wno-strict-prototypes -Wno-range-loop-analysis -Wno-semicolon-before-method-body -index-store-path /Users/buddhirajgautam/Library/Developer/Xcode/DerivedData/Telegram-Mac-fygdgghdgmuleoelvxabfmqiotta/Index.noindex/DataStore @/Users/buddhirajgautam/Library/Developer/Xcode/DerivedData/Telegram-Mac-fygdgghdgmuleoelvxabfmqiotta/Build/Intermediates.noindex/TgVoipWebrtc.build/Debug/TgVoipWebrtc-t.build/Objects-normal/arm64/82b82416624d2658e5098eb0a28c15c5-common-args.resp -MMD -MT dependencies -MF /Users/buddhirajgautam/Library/Developer/Xcode/DerivedData/Telegram-Mac-fygdgghdgmuleoelvxabfmqiotta/Build/Intermediates.noindex/TgVoipWebrtc.build/Debug/TgVoipWebrtc-t.build/Objects-normal/arm64/h265_nalu_rewriter.d --serialize-diagnostics /Users/buddhirajgautam/Library/Developer/Xcode/DerivedData/Telegram-Mac-fygdgghdgmuleoelvxabfmqiotta/Build/Intermediates.noindex/TgVoipWebrtc.build/Debug/TgVoipWebrtc-t.build/Objects-normal/arm64/h265_nalu_rewriter.dia -c /Users/buddhirajgautam/Documents/Cherrygram-Mac/macOS-Swift/submodules/tgcalls/tgcalls/platform/darwin/h265_nalu_rewriter.cc -o /Users/buddhirajgautam/Library/Developer/Xcode/DerivedData/Telegram-Mac-fygdgghdgmuleoelvxabfmqiotta/Build/Intermediates.noindex/TgVoipWebrtc.build/Debug/TgVoipWebrtc-t.build/Objects-normal/arm64/h265_nalu_rewriter.o -index-unit-output-path /TgVoipWebrtc.build/Debug/TgVoipWebrtc-t.build/Objects-normal/arm64/h265_nalu_rewriter.o
In file included from /Users/buddhirajgautam/Documents/Cherrygram-Mac/macOS-Swift/submodules/tgcalls/tgcalls/platform/darwin/h265_nalu_rewriter.cc:12:
In file included from /Users/buddhirajgautam/Documents/Cherrygram-Mac/macOS-Swift/submodules/tgcalls/tgcalls/platform/darwin/h265_nalu_rewriter.h:15:
In file included from /Users/buddhirajgautam/Documents/Cherrygram-Mac/macOS-Swift/submodules/tgcalls/SharedHeaders/webrtc/modules/video_coding/codecs/h264/include/h264.h:19:
In file included from /Users/buddhirajgautam/Documents/Cherrygram-Mac/macOS-Swift/submodules/tgcalls/SharedHeaders/webrtc/api/video_codecs/h264_profile_level_id.h:16:
In file included from /Users/buddhirajgautam/Documents/Cherrygram-Mac/macOS-Swift/submodules/tgcalls/SharedHeaders/webrtc/third_party/abseil-cpp/absl/types/optional.h:39:
In file included from /Users/buddhirajgautam/Documents/Cherrygram-Mac/macOS-Swift/submodules/tgcalls/SharedHeaders/webrtc/third_party/abseil-cpp/absl/utility/utility.h:45:
/Users/buddhirajgautam/Documents/Cherrygram-Mac/macOS-Swift/submodules/tgcalls/SharedHeaders/webrtc/third_party/abseil-cpp/absl/meta/type_traits.h:511:36: warning: builtin __is_trivially_relocatable is deprecated; use __builtin_is_cpp_trivially_relocatable instead [-Wdeprecated-builtins]
  511 |     : std::integral_constant<bool, __is_trivially_relocatable(T)> {};
      |                                    ^
/Users/buddhirajgautam/Documents/Cherrygram-Mac/macOS-Swift/submodules/tgcalls/tgcalls/platform/darwin/h265_nalu_rewriter.cc:144:53: warning: implicit conversion loses integer precision: 'size_t' (aka 'unsigned long') to 'uint32_t' (aka 'unsigned int') [-Wshorten-64-to-32]
  144 |   uint32_t big_endian_length = CFSwapInt32HostToBig(data_size);
      |                                ~~~~~~~~~~~~~~~~~~~~ ^~~~~~~~~
In file included from /Users/buddhirajgautam/Documents/Cherrygram-Mac/macOS-Swift/submodules/tgcalls/tgcalls/platform/darwin/h265_nalu_rewriter.cc:12:
In file included from /Users/buddhirajgautam/Documents/Cherrygram-Mac/macOS-Swift/submodules/tgcalls/tgcalls/platform/darwin/h265_nalu_rewriter.h:15:
In file included from /Users/buddhirajgautam/Documents/Cherrygram-Mac/macOS-Swift/submodules/tgcalls/SharedHeaders/webrtc/modules/video_coding/codecs/h264/include/h264.h:19:
In file included from /Users/buddhirajgautam/Documents/Cherrygram-Mac/macOS-Swift/submodules/tgcalls/SharedHeaders/webrtc/api/video_codecs/h264_profile_level_id.h:16:
In file included from /Users/buddhirajgautam/Documents/Cherrygram-Mac/macOS-Swift/submodules/tgcalls/SharedHeaders/webrtc/third_party/abseil-cpp/absl/types/optional.h:39:
In file included from /Users/buddhirajgautam/Documents/Cherrygram-Mac/macOS-Swift/submodules/tgcalls/SharedHeaders/webrtc/third_party/abseil-cpp/absl/utility/utility.h:45:
/Users/buddhirajgautam/Documents/Cherrygram-Mac/macOS-Swift/submodules/tgcalls/SharedHeaders/webrtc/third_party/abseil-cpp/absl/meta/type_traits.h:511:36: warning: builtin __is_trivially_relocatable is deprecated; use __builtin_is_cpp_trivially_relocatable instead [-Wdeprecated-builtins]
  511 |     : std::integral_constant<bool, __is_trivially_relocatable(T)> {};
      |                                    ^
In file included from /Users/buddhirajgautam/Documents/Cherrygram-Mac/macOS-Swift/submodules/tgcalls/tgcalls/platform/darwin/h265_nalu_rewriter.cc:12:
In file included from /Users/buddhirajgautam/Documents/Cherrygram-Mac/macOS-Swift/submodules/tgcalls/tgcalls/platform/darwin/h265_nalu_rewriter.h:15:
In file included from /Users/buddhirajgautam/Documents/Cherrygram-Mac/macOS-Swift/submodules/tgcalls/SharedHeaders/webrtc/modules/video_coding/codecs/h264/include/h264.h:19:
In file included from /Users/buddhirajgautam/Documents/Cherrygram-Mac/macOS-Swift/submodules/tgcalls/SharedHeaders/webrtc/api/video_codecs/h264_profile_level_id.h:17:
In file included from /Users/buddhirajgautam/Documents/Cherrygram-Mac/macOS-Swift/submodules/tgcalls/SharedHeaders/webrtc/api/video_codecs/sdp_video_format.h:17:
In file included from /Users/buddhirajgautam/Documents/Cherrygram-Mac/macOS-Swift/submodules/tgcalls/SharedHeaders/webrtc/third_party/abseil-cpp/absl/container/inlined_vector.h:53:
/Users/buddhirajgautam/Documents/Cherrygram-Mac/macOS-Swift/submodules/tgcalls/SharedHeaders/webrtc/third_party/abseil-cpp/absl/container/internal/inlined_vector.h:522:22: note: in instantiation of template class 'absl::is_trivially_relocatable<webrtc::DecodeTargetIndication>' requested here
  522 |                absl::is_trivially_relocatable<V>::value ||
      |                      ^
In file included from /Users/buddhirajgautam/Documents/Cherrygram-Mac/macOS-Swift/submodules/tgcalls/tgcalls/platform/darwin/h265_nalu_rewriter.cc:12:
In file included from /Users/buddhirajgautam/Documents/Cherrygram-Mac/macOS-Swift/submodules/tgcalls/tgcalls/platform/darwin/h265_nalu_rewriter.h:15:
In file included from /Users/buddhirajgautam/Documents/Cherrygram-Mac/macOS-Swift/submodules/tgcalls/SharedHeaders/webrtc/modules/video_coding/codecs/h264/include/h264.h:19:
In file included from /Users/buddhirajgautam/Documents/Cherrygram-Mac/macOS-Swift/submodules/tgcalls/SharedHeaders/webrtc/api/video_codecs/h264_profile_level_id.h:17:
In file included from /Users/buddhirajgautam/Documents/Cherrygram-Mac/macOS-Swift/submodules/tgcalls/SharedHeaders/webrtc/api/video_codecs/sdp_video_format.h:17:
In file included from /Users/buddhirajgautam/Documents/Cherrygram-Mac/macOS-Swift/submodules/tgcalls/SharedHeaders/webrtc/third_party/abseil-cpp/absl/container/inlined_vector.h:50:
/Users/buddhirajgautam/Documents/Cherrygram-Mac/macOS-Swift/submodules/tgcalls/SharedHeaders/webrtc/third_party/abseil-cpp/absl/base/macros.h:128:49: note: expanded from macro 'ABSL_HARDENING_ASSERT'
  128 | #define ABSL_HARDENING_ASSERT(expr) ABSL_ASSERT(expr)
      |                                                 ^
/Users/buddhirajgautam/Documents/Cherrygram-Mac/macOS-Swift/submodules/tgcalls/SharedHeaders/webrtc/third_party/abseil-cpp/absl/base/macros.h:95:30: note: expanded from macro 'ABSL_ASSERT'
   95 |   (false ? static_cast<void>(expr) : static_cast<void>(0))
      |                              ^
In file included from /Users/buddhirajgautam/Documents/Cherrygram-Mac/macOS-Swift/submodules/tgcalls/tgcalls/platform/darwin/h265_nalu_rewriter.cc:12:
In file included from /Users/buddhirajgautam/Documents/Cherrygram-Mac/macOS-Swift/submodules/tgcalls/tgcalls/platform/darwin/h265_nalu_rewriter.h:15:
In file included from /Users/buddhirajgautam/Documents/Cherrygram-Mac/macOS-Swift/submodules/tgcalls/SharedHeaders/webrtc/modules/video_coding/codecs/h264/include/h264.h:19:
In file included from /Users/buddhirajgautam/Documents/Cherrygram-Mac/macOS-Swift/submodules/tgcalls/SharedHeaders/webrtc/api/video_codecs/h264_profile_level_id.h:17:
In file included from /Users/buddhirajgautam/Documents/Cherrygram-Mac/macOS-Swift/submodules/tgcalls/SharedHeaders/webrtc/api/video_codecs/sdp_video_format.h:17:
/Users/buddhirajgautam/Documents/Cherrygram-Mac/macOS-Swift/submodules/tgcalls/SharedHeaders/webrtc/third_party/abseil-cpp/absl/container/inlined_vector.h:856:14: note: in instantiation of member function 'absl::inlined_vector_internal::Storage<webrtc::DecodeTargetIndication, 10, std::allocator<webrtc::DecodeTargetIndication>>::MemcpyFrom' requested here
  856 |     storage_.MemcpyFrom(other.storage_);
      |              ^
/Users/buddhirajgautam/Documents/Cherrygram-Mac/macOS-Swift/submodules/tgcalls/SharedHeaders/webrtc/third_party/abseil-cpp/absl/container/inlined_vector.h:548:7: note: in instantiation of member function 'absl::InlinedVector<webrtc::DecodeTargetIndication, 10>::MoveAssignment' requested here
  548 |       MoveAssignment(MoveAssignmentPolicy{}, std::move(other));
      |       ^
In file included from /Users/buddhirajgautam/Documents/Cherrygram-Mac/macOS-Swift/submodules/tgcalls/tgcalls/platform/darwin/h265_nalu_rewriter.cc:12:
In file included from /Users/buddhirajgautam/Documents/Cherrygram-Mac/macOS-Swift/submodules/tgcalls/tgcalls/platform/darwin/h265_nalu_rewriter.h:15:
In file included from /Users/buddhirajgautam/Documents/Cherrygram-Mac/macOS-Swift/submodules/tgcalls/SharedHeaders/webrtc/modules/video_coding/codecs/h264/include/h264.h:22:
In file included from /Users/buddhirajgautam/Documents/Cherrygram-Mac/macOS-Swift/submodules/tgcalls/SharedHeaders/webrtc/modules/video_coding/include/video_codec_interface.h:21:
In file included from /Users/buddhirajgautam/Documents/Cherrygram-Mac/macOS-Swift/submodules/tgcalls/SharedHeaders/webrtc/common_video/generic_frame_descriptor/generic_frame_info.h:20:
/Users/buddhirajgautam/Documents/Cherrygram-Mac/macOS-Swift/submodules/tgcalls/SharedHeaders/webrtc/api/transport/rtp/dependency_descriptor.h:133:35: note: in instantiation of member function 'absl::InlinedVector<webrtc::DecodeTargetIndication, 10>::operator=' requested here
  133 |   this->decode_target_indications =
      |                                   ^
3 warnings generated.

SwiftDriverJobDiscovery normal arm64 Emitting module for CrashHandler (in target 'CrashHandler' from project 'CrashHandler')

SwiftDriver\ Compilation\ Requirements CrashHandler normal arm64 com.apple.xcode.tools.swift.compiler (in target 'CrashHandler' from project 'CrashHandler')
    cd /Users/buddhirajgautam/Documents/Cherrygram-Mac/macOS-Swift
    builtin-Swift-Compilation-Requirements -- /Applications/Xcode.app/Contents/Developer/Toolchains/XcodeDefault.xctoolchain/usr/bin/swiftc -parse-as-library -module-name CrashHandler -Onone @/Users/buddhirajgautam/Library/Developer/Xcode/DerivedData/Telegram-Mac-fygdgghdgmuleoelvxabfmqiotta/Build/Intermediates.noindex/CrashHandler.build/Debug/CrashHandler-t.build/Objects-normal/arm64/CrashHandler.SwiftFileList -DSWIFT_PACKAGE -DDEBUG -DSWIFT_MODULE_RESOURCE_BUNDLE_UNAVAILABLE -DXcode -plugin-path /Applications/Xcode.app/Contents/Developer/Toolchains/XcodeDefault.xctoolchain/usr/lib/swift/host/plugins/testing -enable-experimental-feature DebugDescriptionMacro -sdk /Applications/Xcode.app/Contents/Developer/Platforms/MacOSX.platform/Developer/SDKs/MacOSX27.0.sdk -target arm64-apple-macos12.0 -g -module-cache-path /Users/buddhirajgautam/Library/Developer/Xcode/DerivedData/ModuleCache.noindex -Xfrontend -serialize-debugging-options -profile-coverage-mapping -profile-generate -enable-testing -index-store-path /Users/buddhirajgautam/Library/Developer/Xcode/DerivedData/Telegram-Mac-fygdgghdgmuleoelvxabfmqiotta/Index.noindex/DataStore -Xcc -D_LIBCPP_HARDENING_MODE\=_LIBCPP_HARDENING_MODE_DEBUG -swift-version 5 -I /Users/buddhirajgautam/Library/Developer/Xcode/DerivedData/Telegram-Mac-fygdgghdgmuleoelvxabfmqiotta/Build/Products/Debug -Isystem /Applications/Xcode.app/Contents/Developer/Platforms/MacOSX.platform/Developer/usr/lib -F /Users/buddhirajgautam/Library/Developer/Xcode/DerivedData/Telegram-Mac-fygdgghdgmuleoelvxabfmqiotta/Build/Products/Debug -F /Applications/Xcode.app/Contents/Developer/Platforms/MacOSX.platform/Developer/Library/Frameworks -c -j8 -enable-batch-mode -incremental -Xcc -ivfsstatcache -Xcc /Users/buddhirajgautam/Library/Developer/Xcode/DerivedData/SDKStatCaches.noindex/macosx27.0-26A425-e829b21a6f8c9b70876ba0858053c0447231f6df4def33e022ae2eb8f782df1a.sdkstatcache -output-file-map /Users/buddhirajgautam/Library/Developer/Xcode/DerivedData/Telegram-Mac-fygdgghdgmuleoelvxabfmqiotta/Build/Intermediates.noindex/CrashHandler.build/Debug/CrashHandler-t.build/Objects-normal/arm64/CrashHandler-OutputFileMap.json -save-temps -no-color-diagnostics -explicit-module-build -module-cache-path /Users/buddhirajgautam/Library/Developer/Xcode/DerivedData/Telegram-Mac-fygdgghdgmuleoelvxabfmqiotta/Build/Intermediates.noindex/SwiftExplicitPrecompiledModules -clang-scanner-module-cache-path /Users/buddhirajgautam/Library/Developer/Xcode/DerivedData/ModuleCache.noindex -sdk-module-cache-path /Users/buddhirajgautam/Library/Developer/Xcode/DerivedData/SDKExplicitPrecompiledModules -emit-dependencies -emit-module -emit-module-path /Users/buddhirajgautam/Library/Developer/Xcode/DerivedData/Telegram-Mac-fygdgghdgmuleoelvxabfmqiotta/Build/Intermediates.noindex/CrashHandler.build/Debug/CrashHandler-t.build/Objects-normal/arm64/CrashHandler.swiftmodule -serialize-diagnostics -dependency-scan-serialize-diagnostics-path /Users/buddhirajgautam/Library/Developer/Xcode/DerivedData/Telegram-Mac-fygdgghdgmuleoelvxabfmqiotta/Build/Intermediates.noindex/CrashHandler.build/Debug/CrashHandler-t.build/Objects-normal/arm64/CrashHandler-dependency-scan.dia -validate-clang-modules-once -clang-build-session-file /Users/buddhirajgautam/Library/Developer/Xcode/DerivedData/ModuleCache.noindex/Session.modulevalidation -Xcc -fmodules-prune-interval\=86400 -Xcc -fmodules-prune-after\=345600 -emit-const-values -const-gather-protocols-list /Users/buddhirajgautam/Library/Developer/Xcode/DerivedData/Telegram-Mac-fygdgghdgmuleoelvxabfmqiotta/Build/Intermediates.noindex/CrashHandler.build/Debug/CrashHandler-t.build/Objects-normal/arm64/CrashHandler_const_extract_protocols.json -Xcc -I/Users/buddhirajgautam/Library/Developer/Xcode/DerivedData/Telegram-Mac-fygdgghdgmuleoelvxabfmqiotta/Build/Products/Debug/include -Xcc -I/Users/buddhirajgautam/Library/Developer/Xcode/DerivedData/Telegram-Mac-fygdgghdgmuleoelvxabfmqiotta/Build/Intermediates.noindex/CrashHandler.build/Debug/CrashHandler-t.build/DerivedSources-normal/arm64 -Xcc -I/Users/buddhirajgautam/Library/Developer/Xcode/DerivedData/Telegram-Mac-fygdgghdgmuleoelvxabfmqiotta/Build/Intermediates.noindex/CrashHandler.build/Debug/CrashHandler-t.build/DerivedSources/arm64 -Xcc -I/Users/buddhirajgautam/Library/Developer/Xcode/DerivedData/Telegram-Mac-fygdgghdgmuleoelvxabfmqiotta/Build/Intermediates.noindex/CrashHandler.build/Debug/CrashHandler-t.build/DerivedSources -Xcc -DSWIFT_PACKAGE -Xcc -DDEBUG\=1 -emit-objc-header -emit-objc-header-path /Users/buddhirajgautam/Library/Developer/Xcode/DerivedData/Telegram-Mac-fygdgghdgmuleoelvxabfmqiotta/Build/Intermediates.noindex/CrashHandler.build/Debug/CrashHandler-t.build/Objects-normal/arm64/CrashHandler-Swift.h -working-directory /Users/buddhirajgautam/Documents/Cherrygram-Mac/macOS-Swift -experimental-emit-module-separately -disable-cmo

SwiftDriverJobDiscovery normal arm64 Emitting module for CurrencyFormat (in target 'CurrencyFormat' from project 'CurrencyFormat')

SwiftDriver\ Compilation\ Requirements CurrencyFormat normal arm64 com.apple.xcode.tools.swift.compiler (in target 'CurrencyFormat' from project 'CurrencyFormat')
    cd /Users/buddhirajgautam/Documents/Cherrygram-Mac/macOS-Swift
    builtin-Swift-Compilation-Requirements -- /Applications/Xcode.app/Contents/Developer/Toolchains/XcodeDefault.xctoolchain/usr/bin/swiftc -parse-as-library -module-name CurrencyFormat -Onone @/Users/buddhirajgautam/Library/Developer/Xcode/DerivedData/Telegram-Mac-fygdgghdgmuleoelvxabfmqiotta/Build/Intermediates.noindex/CurrencyFormat.build/Debug/CurrencyFormat-t.build/Objects-normal/arm64/CurrencyFormat.SwiftFileList -DSWIFT_PACKAGE -DDEBUG -DSWIFT_MODULE_RESOURCE_BUNDLE_UNAVAILABLE -DXcode -plugin-path /Applications/Xcode.app/Contents/Developer/Toolchains/XcodeDefault.xctoolchain/usr/lib/swift/host/plugins/testing -enable-experimental-feature DebugDescriptionMacro -sdk /Applications/Xcode.app/Contents/Developer/Platforms/MacOSX.platform/Developer/SDKs/MacOSX27.0.sdk -target arm64-apple-macos12.0 -g -module-cache-path /Users/buddhirajgautam/Library/Developer/Xcode/DerivedData/ModuleCache.noindex -Xfrontend -serialize-debugging-options -profile-coverage-mapping -profile-generate -enable-testing -index-store-path /Users/buddhirajgautam/Library/Developer/Xcode/DerivedData/Telegram-Mac-fygdgghdgmuleoelvxabfmqiotta/Index.noindex/DataStore -Xcc -D_LIBCPP_HARDENING_MODE\=_LIBCPP_HARDENING_MODE_DEBUG -swift-version 5 -I /Users/buddhirajgautam/Library/Developer/Xcode/DerivedData/Telegram-Mac-fygdgghdgmuleoelvxabfmqiotta/Build/Products/Debug -Isystem /Applications/Xcode.app/Contents/Developer/Platforms/MacOSX.platform/Developer/usr/lib -F /Users/buddhirajgautam/Library/Developer/Xcode/DerivedData/Telegram-Mac-fygdgghdgmuleoelvxabfmqiotta/Build/Products/Debug -F /Applications/Xcode.app/Contents/Developer/Platforms/MacOSX.platform/Developer/Library/Frameworks -c -j8 -enable-batch-mode -incremental -Xcc -ivfsstatcache -Xcc /Users/buddhirajgautam/Library/Developer/Xcode/DerivedData/SDKStatCaches.noindex/macosx27.0-26A425-e829b21a6f8c9b70876ba0858053c0447231f6df4def33e022ae2eb8f782df1a.sdkstatcache -output-file-map /Users/buddhirajgautam/Library/Developer/Xcode/DerivedData/Telegram-Mac-fygdgghdgmuleoelvxabfmqiotta/Build/Intermediates.noindex/CurrencyFormat.build/Debug/CurrencyFormat-t.build/Objects-normal/arm64/CurrencyFormat-OutputFileMap.json -save-temps -no-color-diagnostics -explicit-module-build -module-cache-path /Users/buddhirajgautam/Library/Developer/Xcode/DerivedData/Telegram-Mac-fygdgghdgmuleoelvxabfmqiotta/Build/Intermediates.noindex/SwiftExplicitPrecompiledModules -clang-scanner-module-cache-path /Users/buddhirajgautam/Library/Developer/Xcode/DerivedData/ModuleCache.noindex -sdk-module-cache-path /Users/buddhirajgautam/Library/Developer/Xcode/DerivedData/SDKExplicitPrecompiledModules -emit-dependencies -emit-module -emit-module-path /Users/buddhirajgautam/Library/Developer/Xcode/DerivedData/Telegram-Mac-fygdgghdgmuleoelvxabfmqiotta/Build/Intermediates.noindex/CurrencyFormat.build/Debug/CurrencyFormat-t.build/Objects-normal/arm64/CurrencyFormat.swiftmodule -serialize-diagnostics -dependency-scan-serialize-diagnostics-path /Users/buddhirajgautam/Library/Developer/Xcode/DerivedData/Telegram-Mac-fygdgghdgmuleoelvxabfmqiotta/Build/Intermediates.noindex/CurrencyFormat.build/Debug/CurrencyFormat-t.build/Objects-normal/arm64/CurrencyFormat-dependency-scan.dia -validate-clang-modules-once -clang-build-session-file /Users/buddhirajgautam/Library/Developer/Xcode/DerivedData/ModuleCache.noindex/Session.modulevalidation -Xcc -fmodules-prune-interval\=86400 -Xcc -fmodules-prune-after\=345600 -emit-const-values -const-gather-protocols-list /Users/buddhirajgautam/Library/Developer/Xcode/DerivedData/Telegram-Mac-fygdgghdgmuleoelvxabfmqiotta/Build/Intermediates.noindex/CurrencyFormat.build/Debug/CurrencyFormat-t.build/Objects-normal/arm64/CurrencyFormat_const_extract_protocols.json -Xcc -I/Users/buddhirajgautam/Library/Developer/Xcode/DerivedData/Telegram-Mac-fygdgghdgmuleoelvxabfmqiotta/Build/Products/Debug/include -Xcc -I/Users/buddhirajgautam/Library/Developer/Xcode/DerivedData/Telegram-Mac-fygdgghdgmuleoelvxabfmqiotta/Build/Intermediates.noindex/CurrencyFormat.build/Debug/CurrencyFormat-t.build/DerivedSources-normal/arm64 -Xcc -I/Users/buddhirajgautam/Library/Developer/Xcode/DerivedData/Telegram-Mac-fygdgghdgmuleoelvxabfmqiotta/Build/Intermediates.noindex/CurrencyFormat.build/Debug/CurrencyFormat-t.build/DerivedSources/arm64 -Xcc -I/Users/buddhirajgautam/Library/Developer/Xcode/DerivedData/Telegram-Mac-fygdgghdgmuleoelvxabfmqiotta/Build/Intermediates.noindex/CurrencyFormat.build/Debug/CurrencyFormat-t.build/DerivedSources -Xcc -DSWIFT_PACKAGE -Xcc -DDEBUG\=1 -emit-objc-header -emit-objc-header-path /Users/buddhirajgautam/Library/Developer/Xcode/DerivedData/Telegram-Mac-fygdgghdgmuleoelvxabfmqiotta/Build/Intermediates.noindex/CurrencyFormat.build/Debug/CurrencyFormat-t.build/Objects-normal/arm64/CurrencyFormat-Swift.h -working-directory /Users/buddhirajgautam/Documents/Cherrygram-Mac/macOS-Swift -experimental-emit-module-separately -disable-cmo

CompileC /Users/buddhirajgautam/Library/Developer/Xcode/DerivedData/Telegram-Mac-fygdgghdgmuleoelvxabfmqiotta/Build/Intermediates.noindex/TgVoipWebrtc.build/Debug/TgVoipWebrtc-t.build/Objects-normal/arm64/h264_encoder_impl.o /Users/buddhirajgautam/Documents/Cherrygram-Mac/macOS-Swift/submodules/tgcalls/tgcalls/platform/darwin/h264_encoder_impl.cpp normal arm64 c++ com.apple.compilers.llvm.clang.1_0.compiler (in target 'TgVoipWebrtc' from project 'TgVoipWebrtc')
    cd /Users/buddhirajgautam/Documents/Cherrygram-Mac/macOS-Swift
    
    Using response file: /Users/buddhirajgautam/Library/Developer/Xcode/DerivedData/Telegram-Mac-fygdgghdgmuleoelvxabfmqiotta/Build/Intermediates.noindex/TgVoipWebrtc.build/Debug/TgVoipWebrtc-t.build/Objects-normal/arm64/82b82416624d2658e5098eb0a28c15c5-common-args.resp
    
    /Applications/Xcode.app/Contents/Developer/Toolchains/XcodeDefault.xctoolchain/usr/bin/clang -x c++ -ivfsstatcache /Users/buddhirajgautam/Library/Developer/Xcode/DerivedData/SDKStatCaches.noindex/macosx27.0-26A425-e829b21a6f8c9b70876ba0858053c0447231f6df4def33e022ae2eb8f782df1a.sdkstatcache -target arm64-apple-macos12.0 -fmessage-length\=0 -fdiagnostics-show-note-include-stack -fmacro-backtrace-limit\=0 -fno-color-diagnostics -fmodules-prune-interval\=86400 -fmodules-prune-after\=345600 -fbuild-session-file\=/Users/buddhirajgautam/Library/Developer/Xcode/DerivedData/ModuleCache.noindex/Session.modulevalidation -fmodules-validate-once-per-build-session -Wnon-modular-include-in-framework-module -Werror\=non-modular-include-in-framework-module -Wno-trigraphs -Wno-missing-field-initializers -Wno-missing-prototypes -Wno-return-type -Wno-non-virtual-dtor -Wno-overloaded-virtual -Wno-exit-time-destructors -Wno-missing-braces -Wparentheses -Wswitch -Wno-unused-function -Wno-unused-label -Wno-unused-parameter -Wno-unused-variable -Wunused-value -Wno-empty-body -Wno-uninitialized -Wno-unknown-pragmas -Wno-shadow -Wno-four-char-constants -Wno-conversion -Wno-constant-conversion -Wno-int-conversion -Wno-bool-conversion -Wno-enum-conversion -Wno-float-conversion -Wno-non-literal-null-conversion -Wno-objc-literal-conversion -Wshorten-64-to-32 -Wno-newline-eof -Wno-c++11-extensions -Wno-implicit-fallthrough -isysroot /Applications/Xcode.app/Contents/Developer/Platforms/MacOSX.platform/Developer/SDKs/MacOSX27.0.sdk -fstrict-aliasing -Wdeprecated-declarations -Winvalid-offsetof -Wno-sign-conversion -Wno-infinite-recursion -Wno-move -Wno-comma -Wno-block-capture-autoreleasing -Wno-strict-prototypes -Wno-range-loop-analysis -Wno-semicolon-before-method-body -index-store-path /Users/buddhirajgautam/Library/Developer/Xcode/DerivedData/Telegram-Mac-fygdgghdgmuleoelvxabfmqiotta/Index.noindex/DataStore @/Users/buddhirajgautam/Library/Developer/Xcode/DerivedData/Telegram-Mac-fygdgghdgmuleoelvxabfmqiotta/Build/Intermediates.noindex/TgVoipWebrtc.build/Debug/TgVoipWebrtc-t.build/Objects-normal/arm64/82b82416624d2658e5098eb0a28c15c5-common-args.resp -MMD -MT dependencies -MF /Users/buddhirajgautam/Library/Developer/Xcode/DerivedData/Telegram-Mac-fygdgghdgmuleoelvxabfmqiotta/Build/Intermediates.noindex/TgVoipWebrtc.build/Debug/TgVoipWebrtc-t.build/Objects-normal/arm64/h264_encoder_impl.d --serialize-diagnostics /Users/buddhirajgautam/Library/Developer/Xcode/DerivedData/Telegram-Mac-fygdgghdgmuleoelvxabfmqiotta/Build/Intermediates.noindex/TgVoipWebrtc.build/Debug/TgVoipWebrtc-t.build/Objects-normal/arm64/h264_encoder_impl.dia -c /Users/buddhirajgautam/Documents/Cherrygram-Mac/macOS-Swift/submodules/tgcalls/tgcalls/platform/darwin/h264_encoder_impl.cpp -o /Users/buddhirajgautam/Library/Developer/Xcode/DerivedData/Telegram-Mac-fygdgghdgmuleoelvxabfmqiotta/Build/Intermediates.noindex/TgVoipWebrtc.build/Debug/TgVoipWebrtc-t.build/Objects-normal/arm64/h264_encoder_impl.o -index-unit-output-path /TgVoipWebrtc.build/Debug/TgVoipWebrtc-t.build/Objects-normal/arm64/h264_encoder_impl.o

SwiftMergeGeneratedHeaders /Users/buddhirajgautam/Library/Developer/Xcode/DerivedData/Telegram-Mac-fygdgghdgmuleoelvxabfmqiotta/Build/Intermediates.noindex/GeneratedModuleMaps/CurrencyFormat-Swift.h /Users/buddhirajgautam/Library/Developer/Xcode/DerivedData/Telegram-Mac-fygdgghdgmuleoelvxabfmqiotta/Build/Intermediates.noindex/CurrencyFormat.build/Debug/CurrencyFormat-t.build/Objects-normal/arm64/CurrencyFormat-Swift.h (in target 'CurrencyFormat' from project 'CurrencyFormat')
    cd /Users/buddhirajgautam/Documents/Cherrygram-Mac/macOS-Swift/packages/CurrencyFormat
    builtin-swiftHeaderTool -arch arm64 /Users/buddhirajgautam/Library/Developer/Xcode/DerivedData/Telegram-Mac-fygdgghdgmuleoelvxabfmqiotta/Build/Intermediates.noindex/CurrencyFormat.build/Debug/CurrencyFormat-t.build/Objects-normal/arm64/CurrencyFormat-Swift.h -o /Users/buddhirajgautam/Library/Developer/Xcode/DerivedData/Telegram-Mac-fygdgghdgmuleoelvxabfmqiotta/Build/Intermediates.noindex/GeneratedModuleMaps/CurrencyFormat-Swift.h

Copy /Users/buddhirajgautam/Library/Developer/Xcode/DerivedData/Telegram-Mac-fygdgghdgmuleoelvxabfmqiotta/Build/Products/Debug/CurrencyFormat.swiftmodule/arm64-apple-macos.swiftmodule /Users/buddhirajgautam/Library/Developer/Xcode/DerivedData/Telegram-Mac-fygdgghdgmuleoelvxabfmqiotta/Build/Intermediates.noindex/CurrencyFormat.build/Debug/CurrencyFormat-t.build/Objects-normal/arm64/CurrencyFormat.swiftmodule (in target 'CurrencyFormat' from project 'CurrencyFormat')
    cd /Users/buddhirajgautam/Documents/Cherrygram-Mac/macOS-Swift/packages/CurrencyFormat
    builtin-copy -exclude .DS_Store -exclude CVS -exclude .svn -exclude .git -exclude .hg -resolve-src-symlinks -rename /Users/buddhirajgautam/Library/Developer/Xcode/DerivedData/Telegram-Mac-fygdgghdgmuleoelvxabfmqiotta/Build/Intermediates.noindex/CurrencyFormat.build/Debug/CurrencyFormat-t.build/Objects-normal/arm64/CurrencyFormat.swiftmodule /Users/buddhirajgautam/Library/Developer/Xcode/DerivedData/Telegram-Mac-fygdgghdgmuleoelvxabfmqiotta/Build/Products/Debug/CurrencyFormat.swiftmodule/arm64-apple-macos.swiftmodule

Copy /Users/buddhirajgautam/Library/Developer/Xcode/DerivedData/Telegram-Mac-fygdgghdgmuleoelvxabfmqiotta/Build/Products/Debug/CurrencyFormat.swiftmodule/arm64-apple-macos.swiftdoc /Users/buddhirajgautam/Library/Developer/Xcode/DerivedData/Telegram-Mac-fygdgghdgmuleoelvxabfmqiotta/Build/Intermediates.noindex/CurrencyFormat.build/Debug/CurrencyFormat-t.build/Objects-normal/arm64/CurrencyFormat.swiftdoc (in target 'CurrencyFormat' from project 'CurrencyFormat')
    cd /Users/buddhirajgautam/Documents/Cherrygram-Mac/macOS-Swift/packages/CurrencyFormat
    builtin-copy -exclude .DS_Store -exclude CVS -exclude .svn -exclude .git -exclude .hg -resolve-src-symlinks -rename /Users/buddhirajgautam/Library/Developer/Xcode/DerivedData/Telegram-Mac-fygdgghdgmuleoelvxabfmqiotta/Build/Intermediates.noindex/CurrencyFormat.build/Debug/CurrencyFormat-t.build/Objects-normal/arm64/CurrencyFormat.swiftdoc /Users/buddhirajgautam/Library/Developer/Xcode/DerivedData/Telegram-Mac-fygdgghdgmuleoelvxabfmqiotta/Build/Products/Debug/CurrencyFormat.swiftmodule/arm64-apple-macos.swiftdoc

Copy /Users/buddhirajgautam/Library/Developer/Xcode/DerivedData/Telegram-Mac-fygdgghdgmuleoelvxabfmqiotta/Build/Products/Debug/CurrencyFormat.swiftmodule/arm64-apple-macos.abi.json /Users/buddhirajgautam/Library/Developer/Xcode/DerivedData/Telegram-Mac-fygdgghdgmuleoelvxabfmqiotta/Build/Intermediates.noindex/CurrencyFormat.build/Debug/CurrencyFormat-t.build/Objects-normal/arm64/CurrencyFormat.abi.json (in target 'CurrencyFormat' from project 'CurrencyFormat')
    cd /Users/buddhirajgautam/Documents/Cherrygram-Mac/macOS-Swift/packages/CurrencyFormat
    builtin-copy -exclude .DS_Store -exclude CVS -exclude .svn -exclude .git -exclude .hg -resolve-src-symlinks -rename /Users/buddhirajgautam/Library/Developer/Xcode/DerivedData/Telegram-Mac-fygdgghdgmuleoelvxabfmqiotta/Build/Intermediates.noindex/CurrencyFormat.build/Debug/CurrencyFormat-t.build/Objects-normal/arm64/CurrencyFormat.abi.json /Users/buddhirajgautam/Library/Developer/Xcode/DerivedData/Telegram-Mac-fygdgghdgmuleoelvxabfmqiotta/Build/Products/Debug/CurrencyFormat.swiftmodule/arm64-apple-macos.abi.json

Copy /Users/buddhirajgautam/Library/Developer/Xcode/DerivedData/Telegram-Mac-fygdgghdgmuleoelvxabfmqiotta/Build/Products/Debug/CurrencyFormat.swiftmodule/Project/arm64-apple-macos.swiftsourceinfo /Users/buddhirajgautam/Library/Developer/Xcode/DerivedData/Telegram-Mac-fygdgghdgmuleoelvxabfmqiotta/Build/Intermediates.noindex/CurrencyFormat.build/Debug/CurrencyFormat-t.build/Objects-normal/arm64/CurrencyFormat.swiftsourceinfo (in target 'CurrencyFormat' from project 'CurrencyFormat')
    cd /Users/buddhirajgautam/Documents/Cherrygram-Mac/macOS-Swift/packages/CurrencyFormat
    builtin-copy -exclude .DS_Store -exclude CVS -exclude .svn -exclude .git -exclude .hg -resolve-src-symlinks -rename /Users/buddhirajgautam/Library/Developer/Xcode/DerivedData/Telegram-Mac-fygdgghdgmuleoelvxabfmqiotta/Build/Intermediates.noindex/CurrencyFormat.build/Debug/CurrencyFormat-t.build/Objects-normal/arm64/CurrencyFormat.swiftsourceinfo /Users/buddhirajgautam/Library/Developer/Xcode/DerivedData/Telegram-Mac-fygdgghdgmuleoelvxabfmqiotta/Build/Products/Debug/CurrencyFormat.swiftmodule/Project/arm64-apple-macos.swiftsourceinfo

SwiftMergeGeneratedHeaders /Users/buddhirajgautam/Library/Developer/Xcode/DerivedData/Telegram-Mac-fygdgghdgmuleoelvxabfmqiotta/Build/Intermediates.noindex/GeneratedModuleMaps/CrashHandler-Swift.h /Users/buddhirajgautam/Library/Developer/Xcode/DerivedData/Telegram-Mac-fygdgghdgmuleoelvxabfmqiotta/Build/Intermediates.noindex/CrashHandler.build/Debug/CrashHandler-t.build/Objects-normal/arm64/CrashHandler-Swift.h (in target 'CrashHandler' from project 'CrashHandler')
    cd /Users/buddhirajgautam/Documents/Cherrygram-Mac/macOS-Swift/packages/CrashHandler
    builtin-swiftHeaderTool -arch arm64 /Users/buddhirajgautam/Library/Developer/Xcode/DerivedData/Telegram-Mac-fygdgghdgmuleoelvxabfmqiotta/Build/Intermediates.noindex/CrashHandler.build/Debug/CrashHandler-t.build/Objects-normal/arm64/CrashHandler-Swift.h -o /Users/buddhirajgautam/Library/Developer/Xcode/DerivedData/Telegram-Mac-fygdgghdgmuleoelvxabfmqiotta/Build/Intermediates.noindex/GeneratedModuleMaps/CrashHandler-Swift.h

Copy /Users/buddhirajgautam/Library/Developer/Xcode/DerivedData/Telegram-Mac-fygdgghdgmuleoelvxabfmqiotta/Build/Products/Debug/CrashHandler.swiftmodule/arm64-apple-macos.swiftmodule /Users/buddhirajgautam/Library/Developer/Xcode/DerivedData/Telegram-Mac-fygdgghdgmuleoelvxabfmqiotta/Build/Intermediates.noindex/CrashHandler.build/Debug/CrashHandler-t.build/Objects-normal/arm64/CrashHandler.swiftmodule (in target 'CrashHandler' from project 'CrashHandler')
    cd /Users/buddhirajgautam/Documents/Cherrygram-Mac/macOS-Swift/packages/CrashHandler
    builtin-copy -exclude .DS_Store -exclude CVS -exclude .svn -exclude .git -exclude .hg -resolve-src-symlinks -rename /Users/buddhirajgautam/Library/Developer/Xcode/DerivedData/Telegram-Mac-fygdgghdgmuleoelvxabfmqiotta/Build/Intermediates.noindex/CrashHandler.build/Debug/CrashHandler-t.build/Objects-normal/arm64/CrashHandler.swiftmodule /Users/buddhirajgautam/Library/Developer/Xcode/DerivedData/Telegram-Mac-fygdgghdgmuleoelvxabfmqiotta/Build/Products/Debug/CrashHandler.swiftmodule/arm64-apple-macos.swiftmodule

Copy /Users/buddhirajgautam/Library/Developer/Xcode/DerivedData/Telegram-Mac-fygdgghdgmuleoelvxabfmqiotta/Build/Products/Debug/CrashHandler.swiftmodule/arm64-apple-macos.swiftdoc /Users/buddhirajgautam/Library/Developer/Xcode/DerivedData/Telegram-Mac-fygdgghdgmuleoelvxabfmqiotta/Build/Intermediates.noindex/CrashHandler.build/Debug/CrashHandler-t.build/Objects-normal/arm64/CrashHandler.swiftdoc (in target 'CrashHandler' from project 'CrashHandler')
    cd /Users/buddhirajgautam/Documents/Cherrygram-Mac/macOS-Swift/packages/CrashHandler
    builtin-copy -exclude .DS_Store -exclude CVS -exclude .svn -exclude .git -exclude .hg -resolve-src-symlinks -rename /Users/buddhirajgautam/Library/Developer/Xcode/DerivedData/Telegram-Mac-fygdgghdgmuleoelvxabfmqiotta/Build/Intermediates.noindex/CrashHandler.build/Debug/CrashHandler-t.build/Objects-normal/arm64/CrashHandler.swiftdoc /Users/buddhirajgautam/Library/Developer/Xcode/DerivedData/Telegram-Mac-fygdgghdgmuleoelvxabfmqiotta/Build/Products/Debug/CrashHandler.swiftmodule/arm64-apple-macos.swiftdoc

Copy /Users/buddhirajgautam/Library/Developer/Xcode/DerivedData/Telegram-Mac-fygdgghdgmuleoelvxabfmqiotta/Build/Products/Debug/CrashHandler.swiftmodule/arm64-apple-macos.abi.json /Users/buddhirajgautam/Library/Developer/Xcode/DerivedData/Telegram-Mac-fygdgghdgmuleoelvxabfmqiotta/Build/Intermediates.noindex/CrashHandler.build/Debug/CrashHandler-t.build/Objects-normal/arm64/CrashHandler.abi.json (in target 'CrashHandler' from project 'CrashHandler')
    cd /Users/buddhirajgautam/Documents/Cherrygram-Mac/macOS-Swift/packages/CrashHandler
    builtin-copy -exclude .DS_Store -exclude CVS -exclude .svn -exclude .git -exclude .hg -resolve-src-symlinks -rename /Users/buddhirajgautam/Library/Developer/Xcode/DerivedData/Telegram-Mac-fygdgghdgmuleoelvxabfmqiotta/Build/Intermediates.noindex/CrashHandler.build/Debug/CrashHandler-t.build/Objects-normal/arm64/CrashHandler.abi.json /Users/buddhirajgautam/Library/Developer/Xcode/DerivedData/Telegram-Mac-fygdgghdgmuleoelvxabfmqiotta/Build/Products/Debug/CrashHandler.swiftmodule/arm64-apple-macos.abi.json

Copy /Users/buddhirajgautam/Library/Developer/Xcode/DerivedData/Telegram-Mac-fygdgghdgmuleoelvxabfmqiotta/Build/Products/Debug/CrashHandler.swiftmodule/Project/arm64-apple-macos.swiftsourceinfo /Users/buddhirajgautam/Library/Developer/Xcode/DerivedData/Telegram-Mac-fygdgghdgmuleoelvxabfmqiotta/Build/Intermediates.noindex/CrashHandler.build/Debug/CrashHandler-t.build/Objects-normal/arm64/CrashHandler.swiftsourceinfo (in target 'CrashHandler' from project 'CrashHandler')
    cd /Users/buddhirajgautam/Documents/Cherrygram-Mac/macOS-Swift/packages/CrashHandler
    builtin-copy -exclude .DS_Store -exclude CVS -exclude .svn -exclude .git -exclude .hg -resolve-src-symlinks -rename /Users/buddhirajgautam/Library/Developer/Xcode/DerivedData/Telegram-Mac-fygdgghdgmuleoelvxabfmqiotta/Build/Intermediates.noindex/CrashHandler.build/Debug/CrashHandler-t.build/Objects-normal/arm64/CrashHandler.swiftsourceinfo /Users/buddhirajgautam/Library/Developer/Xcode/DerivedData/Telegram-Mac-fygdgghdgmuleoelvxabfmqiotta/Build/Products/Debug/CrashHandler.swiftmodule/Project/arm64-apple-macos.swiftsourceinfo

CompileC /Users/buddhirajgautam/Library/Developer/Xcode/DerivedData/Telegram-Mac-fygdgghdgmuleoelvxabfmqiotta/Build/Intermediates.noindex/TgVoipWebrtc.build/Debug/TgVoipWebrtc-t.build/Objects-normal/arm64/gzip.o /Users/buddhirajgautam/Documents/Cherrygram-Mac/macOS-Swift/submodules/tgcalls/tgcalls/utils/gzip.cpp normal arm64 c++ com.apple.compilers.llvm.clang.1_0.compiler (in target 'TgVoipWebrtc' from project 'TgVoipWebrtc')
    cd /Users/buddhirajgautam/Documents/Cherrygram-Mac/macOS-Swift
    
    Using response file: /Users/buddhirajgautam/Library/Developer/Xcode/DerivedData/Telegram-Mac-fygdgghdgmuleoelvxabfmqiotta/Build/Intermediates.noindex/TgVoipWebrtc.build/Debug/TgVoipWebrtc-t.build/Objects-normal/arm64/82b82416624d2658e5098eb0a28c15c5-common-args.resp
    
    /Applications/Xcode.app/Contents/Developer/Toolchains/XcodeDefault.xctoolchain/usr/bin/clang -x c++ -ivfsstatcache /Users/buddhirajgautam/Library/Developer/Xcode/DerivedData/SDKStatCaches.noindex/macosx27.0-26A425-e829b21a6f8c9b70876ba0858053c0447231f6df4def33e022ae2eb8f782df1a.sdkstatcache -target arm64-apple-macos12.0 -fmessage-length\=0 -fdiagnostics-show-note-include-stack -fmacro-backtrace-limit\=0 -fno-color-diagnostics -fmodules-prune-interval\=86400 -fmodules-prune-after\=345600 -fbuild-session-file\=/Users/buddhirajgautam/Library/Developer/Xcode/DerivedData/ModuleCache.noindex/Session.modulevalidation -fmodules-validate-once-per-build-session -Wnon-modular-include-in-framework-module -Werror\=non-modular-include-in-framework-module -Wno-trigraphs -Wno-missing-field-initializers -Wno-missing-prototypes -Wno-return-type -Wno-non-virtual-dtor -Wno-overloaded-virtual -Wno-exit-time-destructors -Wno-missing-braces -Wparentheses -Wswitch -Wno-unused-function -Wno-unused-label -Wno-unused-parameter -Wno-unused-variable -Wunused-value -Wno-empty-body -Wno-uninitialized -Wno-unknown-pragmas -Wno-shadow -Wno-four-char-constants -Wno-conversion -Wno-constant-conversion -Wno-int-conversion -Wno-bool-conversion -Wno-enum-conversion -Wno-float-conversion -Wno-non-literal-null-conversion -Wno-objc-literal-conversion -Wshorten-64-to-32 -Wno-newline-eof -Wno-c++11-extensions -Wno-implicit-fallthrough -isysroot /Applications/Xcode.app/Contents/Developer/Platforms/MacOSX.platform/Developer/SDKs/MacOSX27.0.sdk -fstrict-aliasing -Wdeprecated-declarations -Winvalid-offsetof -Wno-sign-conversion -Wno-infinite-recursion -Wno-move -Wno-comma -Wno-block-capture-autoreleasing -Wno-strict-prototypes -Wno-range-loop-analysis -Wno-semicolon-before-method-body -index-store-path /Users/buddhirajgautam/Library/Developer/Xcode/DerivedData/Telegram-Mac-fygdgghdgmuleoelvxabfmqiotta/Index.noindex/DataStore @/Users/buddhirajgautam/Library/Developer/Xcode/DerivedData/Telegram-Mac-fygdgghdgmuleoelvxabfmqiotta/Build/Intermediates.noindex/TgVoipWebrtc.build/Debug/TgVoipWebrtc-t.build/Objects-normal/arm64/82b82416624d2658e5098eb0a28c15c5-common-args.resp -MMD -MT dependencies -MF /Users/buddhirajgautam/Library/Developer/Xcode/DerivedData/Telegram-Mac-fygdgghdgmuleoelvxabfmqiotta/Build/Intermediates.noindex/TgVoipWebrtc.build/Debug/TgVoipWebrtc-t.build/Objects-normal/arm64/gzip.d --serialize-diagnostics /Users/buddhirajgautam/Library/Developer/Xcode/DerivedData/Telegram-Mac-fygdgghdgmuleoelvxabfmqiotta/Build/Intermediates.noindex/TgVoipWebrtc.build/Debug/TgVoipWebrtc-t.build/Objects-normal/arm64/gzip.dia -c /Users/buddhirajgautam/Documents/Cherrygram-Mac/macOS-Swift/submodules/tgcalls/tgcalls/utils/gzip.cpp -o /Users/buddhirajgautam/Library/Developer/Xcode/DerivedData/Telegram-Mac-fygdgghdgmuleoelvxabfmqiotta/Build/Intermediates.noindex/TgVoipWebrtc.build/Debug/TgVoipWebrtc-t.build/Objects-normal/arm64/gzip.o -index-unit-output-path /TgVoipWebrtc.build/Debug/TgVoipWebrtc-t.build/Objects-normal/arm64/gzip.o
In file included from /Users/buddhirajgautam/Documents/Cherrygram-Mac/macOS-Swift/submodules/tgcalls/tgcalls/utils/gzip.cpp:1:
In file included from /Users/buddhirajgautam/Documents/Cherrygram-Mac/macOS-Swift/submodules/tgcalls/tgcalls/utils/gzip.h:4:
In file included from /Users/buddhirajgautam/Documents/Cherrygram-Mac/macOS-Swift/submodules/tgcalls/SharedHeaders/webrtc/third_party/abseil-cpp/absl/types/optional.h:39:
In file included from /Users/buddhirajgautam/Documents/Cherrygram-Mac/macOS-Swift/submodules/tgcalls/SharedHeaders/webrtc/third_party/abseil-cpp/absl/utility/utility.h:45:
/Users/buddhirajgautam/Documents/Cherrygram-Mac/macOS-Swift/submodules/tgcalls/SharedHeaders/webrtc/third_party/abseil-cpp/absl/meta/type_traits.h:511:36: warning: builtin __is_trivially_relocatable is deprecated; use __builtin_is_cpp_trivially_relocatable instead [-Wdeprecated-builtins]
  511 |     : std::integral_constant<bool, __is_trivially_relocatable(T)> {};
      |                                    ^
1 warning generated.

CompileC /Users/buddhirajgautam/Library/Developer/Xcode/DerivedData/Telegram-Mac-fygdgghdgmuleoelvxabfmqiotta/Build/Intermediates.noindex/TgVoipWebrtc.build/Debug/TgVoipWebrtc-t.build/Objects-normal/arm64/VideoStreamingPart.o /Users/buddhirajgautam/Documents/Cherrygram-Mac/macOS-Swift/submodules/tgcalls/tgcalls/group/VideoStreamingPart.cpp normal arm64 c++ com.apple.compilers.llvm.clang.1_0.compiler (in target 'TgVoipWebrtc' from project 'TgVoipWebrtc')
    cd /Users/buddhirajgautam/Documents/Cherrygram-Mac/macOS-Swift
    
    Using response file: /Users/buddhirajgautam/Library/Developer/Xcode/DerivedData/Telegram-Mac-fygdgghdgmuleoelvxabfmqiotta/Build/Intermediates.noindex/TgVoipWebrtc.build/Debug/TgVoipWebrtc-t.build/Objects-normal/arm64/82b82416624d2658e5098eb0a28c15c5-common-args.resp
    
    /Applications/Xcode.app/Contents/Developer/Toolchains/XcodeDefault.xctoolchain/usr/bin/clang -x c++ -ivfsstatcache /Users/buddhirajgautam/Library/Developer/Xcode/DerivedData/SDKStatCaches.noindex/macosx27.0-26A425-e829b21a6f8c9b70876ba0858053c0447231f6df4def33e022ae2eb8f782df1a.sdkstatcache -target arm64-apple-macos12.0 -fmessage-length\=0 -fdiagnostics-show-note-include-stack -fmacro-backtrace-limit\=0 -fno-color-diagnostics -fmodules-prune-interval\=86400 -fmodules-prune-after\=345600 -fbuild-session-file\=/Users/buddhirajgautam/Library/Developer/Xcode/DerivedData/ModuleCache.noindex/Session.modulevalidation -fmodules-validate-once-per-build-session -Wnon-modular-include-in-framework-module -Werror\=non-modular-include-in-framework-module -Wno-trigraphs -Wno-missing-field-initializers -Wno-missing-prototypes -Wno-return-type -Wno-non-virtual-dtor -Wno-overloaded-virtual -Wno-exit-time-destructors -Wno-missing-braces -Wparentheses -Wswitch -Wno-unused-function -Wno-unused-label -Wno-unused-parameter -Wno-unused-variable -Wunused-value -Wno-empty-body -Wno-uninitialized -Wno-unknown-pragmas -Wno-shadow -Wno-four-char-constants -Wno-conversion -Wno-constant-conversion -Wno-int-conversion -Wno-bool-conversion -Wno-enum-conversion -Wno-float-conversion -Wno-non-literal-null-conversion -Wno-objc-literal-conversion -Wshorten-64-to-32 -Wno-newline-eof -Wno-c++11-extensions -Wno-implicit-fallthrough -isysroot /Applications/Xcode.app/Contents/Developer/Platforms/MacOSX.platform/Developer/SDKs/MacOSX27.0.sdk -fstrict-aliasing -Wdeprecated-declarations -Winvalid-offsetof -Wno-sign-conversion -Wno-infinite-recursion -Wno-move -Wno-comma -Wno-block-capture-autoreleasing -Wno-strict-prototypes -Wno-range-loop-analysis -Wno-semicolon-before-method-body -index-store-path /Users/buddhirajgautam/Library/Developer/Xcode/DerivedData/Telegram-Mac-fygdgghdgmuleoelvxabfmqiotta/Index.noindex/DataStore @/Users/buddhirajgautam/Library/Developer/Xcode/DerivedData/Telegram-Mac-fygdgghdgmuleoelvxabfmqiotta/Build/Intermediates.noindex/TgVoipWebrtc.build/Debug/TgVoipWebrtc-t.build/Objects-normal/arm64/82b82416624d2658e5098eb0a28c15c5-common-args.resp -MMD -MT dependencies -MF /Users/buddhirajgautam/Library/Developer/Xcode/DerivedData/Telegram-Mac-fygdgghdgmuleoelvxabfmqiotta/Build/Intermediates.noindex/TgVoipWebrtc.build/Debug/TgVoipWebrtc-t.build/Objects-normal/arm64/VideoStreamingPart.d --serialize-diagnostics /Users/buddhirajgautam/Library/Developer/Xcode/DerivedData/Telegram-Mac-fygdgghdgmuleoelvxabfmqiotta/Build/Intermediates.noindex/TgVoipWebrtc.build/Debug/TgVoipWebrtc-t.build/Objects-normal/arm64/VideoStreamingPart.dia -c /Users/buddhirajgautam/Documents/Cherrygram-Mac/macOS-Swift/submodules/tgcalls/tgcalls/group/VideoStreamingPart.cpp -o /Users/buddhirajgautam/Library/Developer/Xcode/DerivedData/Telegram-Mac-fygdgghdgmuleoelvxabfmqiotta/Build/Intermediates.noindex/TgVoipWebrtc.build/Debug/TgVoipWebrtc-t.build/Objects-normal/arm64/VideoStreamingPart.o -index-unit-output-path /TgVoipWebrtc.build/Debug/TgVoipWebrtc-t.build/Objects-normal/arm64/VideoStreamingPart.o
In file included from /Users/buddhirajgautam/Documents/Cherrygram-Mac/macOS-Swift/submodules/tgcalls/tgcalls/group/VideoStreamingPart.cpp:1:
In file included from /Users/buddhirajgautam/Documents/Cherrygram-Mac/macOS-Swift/submodules/tgcalls/tgcalls/group/VideoStreamingPart.h:4:
In file included from /Users/buddhirajgautam/Documents/Cherrygram-Mac/macOS-Swift/submodules/tgcalls/SharedHeaders/webrtc/third_party/abseil-cpp/absl/types/optional.h:39:
In file included from /Users/buddhirajgautam/Documents/Cherrygram-Mac/macOS-Swift/submodules/tgcalls/SharedHeaders/webrtc/third_party/abseil-cpp/absl/utility/utility.h:45:
/Users/buddhirajgautam/Documents/Cherrygram-Mac/macOS-Swift/submodules/tgcalls/SharedHeaders/webrtc/third_party/abseil-cpp/absl/meta/type_traits.h:511:36: warning: builtin __is_trivially_relocatable is deprecated; use __builtin_is_cpp_trivially_relocatable instead [-Wdeprecated-builtins]
  511 |     : std::integral_constant<bool, __is_trivially_relocatable(T)> {};
      |                                    ^
1 warning generated.

SwiftDriverJobDiscovery normal arm64 Emitting module for GraphCore (in target 'GraphCore' from project 'GraphCore')

SwiftDriver\ Compilation\ Requirements GraphCore normal arm64 com.apple.xcode.tools.swift.compiler (in target 'GraphCore' from project 'GraphCore')
    cd /Users/buddhirajgautam/Documents/Cherrygram-Mac/macOS-Swift
    builtin-Swift-Compilation-Requirements -- /Applications/Xcode.app/Contents/Developer/Toolchains/XcodeDefault.xctoolchain/usr/bin/swiftc -parse-as-library -module-name GraphCore -Onone @/Users/buddhirajgautam/Library/Developer/Xcode/DerivedData/Telegram-Mac-fygdgghdgmuleoelvxabfmqiotta/Build/Intermediates.noindex/GraphCore.build/Debug/GraphCore-t.build/Objects-normal/arm64/GraphCore.SwiftFileList -DSWIFT_PACKAGE -DDEBUG -DSWIFT_MODULE_RESOURCE_BUNDLE_UNAVAILABLE -DXcode -plugin-path /Applications/Xcode.app/Contents/Developer/Toolchains/XcodeDefault.xctoolchain/usr/lib/swift/host/plugins/testing -enable-experimental-feature DebugDescriptionMacro -sdk /Applications/Xcode.app/Contents/Developer/Platforms/MacOSX.platform/Developer/SDKs/MacOSX27.0.sdk -target arm64-apple-macos12.0 -g -module-cache-path /Users/buddhirajgautam/Library/Developer/Xcode/DerivedData/ModuleCache.noindex -Xfrontend -serialize-debugging-options -profile-coverage-mapping -profile-generate -enable-testing -index-store-path /Users/buddhirajgautam/Library/Developer/Xcode/DerivedData/Telegram-Mac-fygdgghdgmuleoelvxabfmqiotta/Index.noindex/DataStore -Xcc -D_LIBCPP_HARDENING_MODE\=_LIBCPP_HARDENING_MODE_DEBUG -swift-version 5 -I /Users/buddhirajgautam/Library/Developer/Xcode/DerivedData/Telegram-Mac-fygdgghdgmuleoelvxabfmqiotta/Build/Products/Debug -Isystem /Applications/Xcode.app/Contents/Developer/Platforms/MacOSX.platform/Developer/usr/lib -F /Users/buddhirajgautam/Library/Developer/Xcode/DerivedData/Telegram-Mac-fygdgghdgmuleoelvxabfmqiotta/Build/Products/Debug -F /Applications/Xcode.app/Contents/Developer/Platforms/MacOSX.platform/Developer/Library/Frameworks -c -j8 -enable-batch-mode -incremental -Xcc -ivfsstatcache -Xcc /Users/buddhirajgautam/Library/Developer/Xcode/DerivedData/SDKStatCaches.noindex/macosx27.0-26A425-e829b21a6f8c9b70876ba0858053c0447231f6df4def33e022ae2eb8f782df1a.sdkstatcache -output-file-map /Users/buddhirajgautam/Library/Developer/Xcode/DerivedData/Telegram-Mac-fygdgghdgmuleoelvxabfmqiotta/Build/Intermediates.noindex/GraphCore.build/Debug/GraphCore-t.build/Objects-normal/arm64/GraphCore-OutputFileMap.json -save-temps -no-color-diagnostics -explicit-module-build -module-cache-path /Users/buddhirajgautam/Library/Developer/Xcode/DerivedData/Telegram-Mac-fygdgghdgmuleoelvxabfmqiotta/Build/Intermediates.noindex/SwiftExplicitPrecompiledModules -clang-scanner-module-cache-path /Users/buddhirajgautam/Library/Developer/Xcode/DerivedData/ModuleCache.noindex -sdk-module-cache-path /Users/buddhirajgautam/Library/Developer/Xcode/DerivedData/SDKExplicitPrecompiledModules -emit-dependencies -emit-module -emit-module-path /Users/buddhirajgautam/Library/Developer/Xcode/DerivedData/Telegram-Mac-fygdgghdgmuleoelvxabfmqiotta/Build/Intermediates.noindex/GraphCore.build/Debug/GraphCore-t.build/Objects-normal/arm64/GraphCore.swiftmodule -serialize-diagnostics -dependency-scan-serialize-diagnostics-path /Users/buddhirajgautam/Library/Developer/Xcode/DerivedData/Telegram-Mac-fygdgghdgmuleoelvxabfmqiotta/Build/Intermediates.noindex/GraphCore.build/Debug/GraphCore-t.build/Objects-normal/arm64/GraphCore-dependency-scan.dia -validate-clang-modules-once -clang-build-session-file /Users/buddhirajgautam/Library/Developer/Xcode/DerivedData/ModuleCache.noindex/Session.modulevalidation -Xcc -fmodules-prune-interval\=86400 -Xcc -fmodules-prune-after\=345600 -emit-const-values -const-gather-protocols-list /Users/buddhirajgautam/Library/Developer/Xcode/DerivedData/Telegram-Mac-fygdgghdgmuleoelvxabfmqiotta/Build/Intermediates.noindex/GraphCore.build/Debug/GraphCore-t.build/Objects-normal/arm64/GraphCore_const_extract_protocols.json -Xcc -I/Users/buddhirajgautam/Library/Developer/Xcode/DerivedData/Telegram-Mac-fygdgghdgmuleoelvxabfmqiotta/Build/Products/Debug/include -Xcc -I/Users/buddhirajgautam/Library/Developer/Xcode/DerivedData/Telegram-Mac-fygdgghdgmuleoelvxabfmqiotta/Build/Intermediates.noindex/GraphCore.build/Debug/GraphCore-t.build/DerivedSources-normal/arm64 -Xcc -I/Users/buddhirajgautam/Library/Developer/Xcode/DerivedData/Telegram-Mac-fygdgghdgmuleoelvxabfmqiotta/Build/Intermediates.noindex/GraphCore.build/Debug/GraphCore-t.build/DerivedSources/arm64 -Xcc -I/Users/buddhirajgautam/Library/Developer/Xcode/DerivedData/Telegram-Mac-fygdgghdgmuleoelvxabfmqiotta/Build/Intermediates.noindex/GraphCore.build/Debug/GraphCore-t.build/DerivedSources -Xcc -DSWIFT_PACKAGE -Xcc -DDEBUG\=1 -emit-objc-header -emit-objc-header-path /Users/buddhirajgautam/Library/Developer/Xcode/DerivedData/Telegram-Mac-fygdgghdgmuleoelvxabfmqiotta/Build/Intermediates.noindex/GraphCore.build/Debug/GraphCore-t.build/Objects-normal/arm64/GraphCore-Swift.h -working-directory /Users/buddhirajgautam/Documents/Cherrygram-Mac/macOS-Swift -experimental-emit-module-separately -disable-cmo

CompileC /Users/buddhirajgautam/Library/Developer/Xcode/DerivedData/Telegram-Mac-fygdgghdgmuleoelvxabfmqiotta/Build/Intermediates.noindex/TgVoipWebrtc.build/Debug/TgVoipWebrtc-t.build/Objects-normal/arm64/VideoSampleBufferViewMac.o /Users/buddhirajgautam/Documents/Cherrygram-Mac/macOS-Swift/submodules/tgcalls/tgcalls/platform/darwin/VideoSampleBufferViewMac.mm normal arm64 objective-c++ com.apple.compilers.llvm.clang.1_0.compiler (in target 'TgVoipWebrtc' from project 'TgVoipWebrtc')
    cd /Users/buddhirajgautam/Documents/Cherrygram-Mac/macOS-Swift
    
    Using response file: /Users/buddhirajgautam/Library/Developer/Xcode/DerivedData/Telegram-Mac-fygdgghdgmuleoelvxabfmqiotta/Build/Intermediates.noindex/TgVoipWebrtc.build/Debug/TgVoipWebrtc-t.build/Objects-normal/arm64/af3fcb34312c57c0f52879cdce924b91-common-args.resp
    
    /Applications/Xcode.app/Contents/Developer/Toolchains/XcodeDefault.xctoolchain/usr/bin/clang -x objective-c++ -ivfsstatcache /Users/buddhirajgautam/Library/Developer/Xcode/DerivedData/SDKStatCaches.noindex/macosx27.0-26A425-e829b21a6f8c9b70876ba0858053c0447231f6df4def33e022ae2eb8f782df1a.sdkstatcache -target arm64-apple-macos12.0 -fmessage-length\=0 -fdiagnostics-show-note-include-stack -fmacro-backtrace-limit\=0 -fno-color-diagnostics -fmodules-prune-interval\=86400 -fmodules-prune-after\=345600 -fbuild-session-file\=/Users/buddhirajgautam/Library/Developer/Xcode/DerivedData/ModuleCache.noindex/Session.modulevalidation -fmodules-validate-once-per-build-session -Wnon-modular-include-in-framework-module -Werror\=non-modular-include-in-framework-module -Wno-trigraphs -Wno-missing-field-initializers -Wno-missing-prototypes -Wno-return-type -Wno-implicit-atomic-properties -Wno-objc-interface-ivars -Wno-arc-repeated-use-of-weak -Wno-non-virtual-dtor -Wno-overloaded-virtual -Wno-exit-time-destructors -Wno-missing-braces -Wparentheses -Wswitch -Wno-unused-function -Wno-unused-label -Wno-unused-parameter -Wno-unused-variable -Wunused-value -Wno-empty-body -Wno-uninitialized -Wno-unknown-pragmas -Wno-shadow -Wno-four-char-constants -Wno-conversion -Wno-constant-conversion -Wno-int-conversion -Wno-bool-conversion -Wno-enum-conversion -Wno-float-conversion -Wno-non-literal-null-conversion -Wno-objc-literal-conversion -Wshorten-64-to-32 -Wno-newline-eof -Wno-selector -Wno-strict-selector-match -Wno-undeclared-selector -Wno-deprecated-implementations -Wno-c++11-extensions -Wno-implicit-fallthrough -isysroot /Applications/Xcode.app/Contents/Developer/Platforms/MacOSX.platform/Developer/SDKs/MacOSX27.0.sdk -fstrict-aliasing -Wprotocol -Wdeprecated-declarations -Winvalid-offsetof -Wno-sign-conversion -Wno-infinite-recursion -Wno-move -Wno-comma -Wno-block-capture-autoreleasing -Wno-strict-prototypes -Wno-range-loop-analysis -Wno-semicolon-before-method-body -index-store-path /Users/buddhirajgautam/Library/Developer/Xcode/DerivedData/Telegram-Mac-fygdgghdgmuleoelvxabfmqiotta/Index.noindex/DataStore @/Users/buddhirajgautam/Library/Developer/Xcode/DerivedData/Telegram-Mac-fygdgghdgmuleoelvxabfmqiotta/Build/Intermediates.noindex/TgVoipWebrtc.build/Debug/TgVoipWebrtc-t.build/Objects-normal/arm64/af3fcb34312c57c0f52879cdce924b91-common-args.resp -MMD -MT dependencies -MF /Users/buddhirajgautam/Library/Developer/Xcode/DerivedData/Telegram-Mac-fygdgghdgmuleoelvxabfmqiotta/Build/Intermediates.noindex/TgVoipWebrtc.build/Debug/TgVoipWebrtc-t.build/Objects-normal/arm64/VideoSampleBufferViewMac.d --serialize-diagnostics /Users/buddhirajgautam/Library/Developer/Xcode/DerivedData/Telegram-Mac-fygdgghdgmuleoelvxabfmqiotta/Build/Intermediates.noindex/TgVoipWebrtc.build/Debug/TgVoipWebrtc-t.build/Objects-normal/arm64/VideoSampleBufferViewMac.dia -c /Users/buddhirajgautam/Documents/Cherrygram-Mac/macOS-Swift/submodules/tgcalls/tgcalls/platform/darwin/VideoSampleBufferViewMac.mm -o /Users/buddhirajgautam/Library/Developer/Xcode/DerivedData/Telegram-Mac-fygdgghdgmuleoelvxabfmqiotta/Build/Intermediates.noindex/TgVoipWebrtc.build/Debug/TgVoipWebrtc-t.build/Objects-normal/arm64/VideoSampleBufferViewMac.o -index-unit-output-path /TgVoipWebrtc.build/Debug/TgVoipWebrtc-t.build/Objects-normal/arm64/VideoSampleBufferViewMac.o
In file included from /Users/buddhirajgautam/Documents/Cherrygram-Mac/macOS-Swift/submodules/tgcalls/tgcalls/platform/darwin/VideoSampleBufferViewMac.mm:1:
In file included from /Users/buddhirajgautam/Documents/Cherrygram-Mac/macOS-Swift/submodules/tgcalls/tgcalls/platform/darwin/VideoSampleBufferViewMac.h:8:
In file included from /Users/buddhirajgautam/Documents/Cherrygram-Mac/macOS-Swift/submodules/tgcalls/SharedHeaders/webrtc/api/media_stream_interface.h:24:
In file included from /Users/buddhirajgautam/Documents/Cherrygram-Mac/macOS-Swift/submodules/tgcalls/SharedHeaders/webrtc/third_party/abseil-cpp/absl/types/optional.h:39:
In file included from /Users/buddhirajgautam/Documents/Cherrygram-Mac/macOS-Swift/submodules/tgcalls/SharedHeaders/webrtc/third_party/abseil-cpp/absl/utility/utility.h:45:
/Users/buddhirajgautam/Documents/Cherrygram-Mac/macOS-Swift/submodules/tgcalls/SharedHeaders/webrtc/third_party/abseil-cpp/absl/meta/type_traits.h:511:36: warning: builtin __is_trivially_relocatable is deprecated; use __builtin_is_cpp_trivially_relocatable instead [-Wdeprecated-builtins]
  511 |     : std::integral_constant<bool, __is_trivially_relocatable(T)> {};
      |                                    ^
/Users/buddhirajgautam/Documents/Cherrygram-Mac/macOS-Swift/submodules/tgcalls/tgcalls/platform/darwin/VideoSampleBufferViewMac.mm:200:1: warning: conflicting return type in implementation of 'frameRotation': 'CGFloat' (aka 'double') vs 'RTCVideoRotation' [-Wmismatched-return-types]
  200 | - (RTCVideoRotation)frameRotation {
      | ^  ~~~~~~~~~~~~~~~~
In file included from /Users/buddhirajgautam/Documents/Cherrygram-Mac/macOS-Swift/submodules/tgcalls/tgcalls/platform/darwin/VideoSampleBufferViewMac.mm:1:
In file included from /Users/buddhirajgautam/Documents/Cherrygram-Mac/macOS-Swift/submodules/tgcalls/tgcalls/platform/darwin/VideoSampleBufferViewMac.h:6:
In file included from /Applications/Xcode.app/Contents/Developer/Platforms/MacOSX.platform/Developer/SDKs/MacOSX27.0.sdk/System/Library/Frameworks/Cocoa.framework/Headers/Cocoa.h:13:
In file included from /Applications/Xcode.app/Contents/Developer/Platforms/MacOSX.platform/Developer/SDKs/MacOSX27.0.sdk/System/Library/Frameworks/AppKit.framework/Headers/AppKit.h:15:
In file included from /Applications/Xcode.app/Contents/Developer/Platforms/MacOSX.platform/Developer/SDKs/MacOSX27.0.sdk/System/Library/Frameworks/AppKit.framework/Headers/NSAccessibilityColor.h:9:
In file included from /Applications/Xcode.app/Contents/Developer/Platforms/MacOSX.platform/Developer/SDKs/MacOSX27.0.sdk/System/Library/Frameworks/AppKit.framework/Headers/NSColor.h:46:
In file included from /Applications/Xcode.app/Contents/Developer/Platforms/MacOSX.platform/Developer/SDKs/MacOSX27.0.sdk/System/Library/Frameworks/AppKit.framework/Headers/NSApplication.h:14:
In file included from /Applications/Xcode.app/Contents/Developer/Platforms/MacOSX.platform/Developer/SDKs/MacOSX27.0.sdk/System/Library/Frameworks/AppKit.framework/Headers/NSUserActivity.h:11:
In file included from /Applications/Xcode.app/Contents/Developer/Platforms/MacOSX.platform/Developer/SDKs/MacOSX27.0.sdk/System/Library/Frameworks/AppKit.framework/Headers/NSDocument.h:14:
In file included from /Applications/Xcode.app/Contents/Developer/Platforms/MacOSX.platform/Developer/SDKs/MacOSX27.0.sdk/System/Library/Frameworks/AppKit.framework/Headers/NSMenu.h:12:
In file included from /Applications/Xcode.app/Contents/Developer/Platforms/MacOSX.platform/Developer/SDKs/MacOSX27.0.sdk/System/Library/Frameworks/AppKit.framework/Headers/NSMenuItem.h:13:
/Applications/Xcode.app/Contents/Developer/Platforms/MacOSX.platform/Developer/SDKs/MacOSX27.0.sdk/System/Library/Frameworks/AppKit.framework/Headers/NSView.h:130:19: note: previous definition is here
  130 | @property CGFloat frameRotation;
      |                   ^
In file included from /Users/buddhirajgautam/Documents/Cherrygram-Mac/macOS-Swift/submodules/tgcalls/tgcalls/platform/darwin/VideoSampleBufferViewMac.mm:1:
In file included from /Users/buddhirajgautam/Documents/Cherrygram-Mac/macOS-Swift/submodules/tgcalls/tgcalls/platform/darwin/VideoSampleBufferViewMac.h:6:
In file included from /Applications/Xcode.app/Contents/Developer/Platforms/MacOSX.platform/Developer/SDKs/MacOSX27.0.sdk/System/Library/Frameworks/Cocoa.framework/Headers/Cocoa.h:13:
In file included from /Applications/Xcode.app/Contents/Developer/Platforms/MacOSX.platform/Developer/SDKs/MacOSX27.0.sdk/System/Library/Frameworks/AppKit.framework/Headers/AppKit.h:59:
In file included from /Applications/Xcode.app/Contents/Developer/Platforms/MacOSX.platform/Developer/SDKs/MacOSX27.0.sdk/System/Library/Frameworks/AppKit.framework/Headers/NSCIImageRep.h:11:
In file included from /Applications/Xcode.app/Contents/Developer/Platforms/MacOSX.platform/Developer/SDKs/MacOSX27.0.sdk/System/Library/Frameworks/CoreImage.framework/Headers/CIImage.h:15:
In file included from /Applications/Xcode.app/Contents/Developer/Platforms/MacOSX.platform/Developer/SDKs/MacOSX27.0.sdk/System/Library/Frameworks/CoreVideo.framework/Headers/CoreVideo.h:29:
/Applications/Xcode.app/Contents/Developer/Platforms/MacOSX.platform/Developer/SDKs/MacOSX27.0.sdk/System/Library/Frameworks/CoreVideo.framework/Headers/CVPixelBuffer.h:35:1: note: unnamed type used in template argument was declared here
   35 | enum : OSType
      | ^
/Applications/Xcode.app/Contents/Developer/Platforms/MacOSX.platform/Developer/SDKs/MacOSX27.0.sdk/System/Library/Frameworks/CoreVideo.framework/Headers/CVPixelBuffer.h:35:1: note: unnamed type used in template argument was declared here
2 warnings generated.

SwiftMergeGeneratedHeaders /Users/buddhirajgautam/Library/Developer/Xcode/DerivedData/Telegram-Mac-fygdgghdgmuleoelvxabfmqiotta/Build/Intermediates.noindex/GeneratedModuleMaps/GraphCore-Swift.h /Users/buddhirajgautam/Library/Developer/Xcode/DerivedData/Telegram-Mac-fygdgghdgmuleoelvxabfmqiotta/Build/Intermediates.noindex/GraphCore.build/Debug/GraphCore-t.build/Objects-normal/arm64/GraphCore-Swift.h (in target 'GraphCore' from project 'GraphCore')
    cd /Users/buddhirajgautam/Documents/Cherrygram-Mac/macOS-Swift/submodules/telegram-ios/submodules/GraphCore
    builtin-swiftHeaderTool -arch arm64 /Users/buddhirajgautam/Library/Developer/Xcode/DerivedData/Telegram-Mac-fygdgghdgmuleoelvxabfmqiotta/Build/Intermediates.noindex/GraphCore.build/Debug/GraphCore-t.build/Objects-normal/arm64/GraphCore-Swift.h -o /Users/buddhirajgautam/Library/Developer/Xcode/DerivedData/Telegram-Mac-fygdgghdgmuleoelvxabfmqiotta/Build/Intermediates.noindex/GeneratedModuleMaps/GraphCore-Swift.h

Copy /Users/buddhirajgautam/Library/Developer/Xcode/DerivedData/Telegram-Mac-fygdgghdgmuleoelvxabfmqiotta/Build/Products/Debug/GraphCore.swiftmodule/arm64-apple-macos.swiftmodule /Users/buddhirajgautam/Library/Developer/Xcode/DerivedData/Telegram-Mac-fygdgghdgmuleoelvxabfmqiotta/Build/Intermediates.noindex/GraphCore.build/Debug/GraphCore-t.build/Objects-normal/arm64/GraphCore.swiftmodule (in target 'GraphCore' from project 'GraphCore')
    cd /Users/buddhirajgautam/Documents/Cherrygram-Mac/macOS-Swift/submodules/telegram-ios/submodules/GraphCore
    builtin-copy -exclude .DS_Store -exclude CVS -exclude .svn -exclude .git -exclude .hg -resolve-src-symlinks -rename /Users/buddhirajgautam/Library/Developer/Xcode/DerivedData/Telegram-Mac-fygdgghdgmuleoelvxabfmqiotta/Build/Intermediates.noindex/GraphCore.build/Debug/GraphCore-t.build/Objects-normal/arm64/GraphCore.swiftmodule /Users/buddhirajgautam/Library/Developer/Xcode/DerivedData/Telegram-Mac-fygdgghdgmuleoelvxabfmqiotta/Build/Products/Debug/GraphCore.swiftmodule/arm64-apple-macos.swiftmodule

Copy /Users/buddhirajgautam/Library/Developer/Xcode/DerivedData/Telegram-Mac-fygdgghdgmuleoelvxabfmqiotta/Build/Products/Debug/GraphCore.swiftmodule/arm64-apple-macos.swiftdoc /Users/buddhirajgautam/Library/Developer/Xcode/DerivedData/Telegram-Mac-fygdgghdgmuleoelvxabfmqiotta/Build/Intermediates.noindex/GraphCore.build/Debug/GraphCore-t.build/Objects-normal/arm64/GraphCore.swiftdoc (in target 'GraphCore' from project 'GraphCore')
    cd /Users/buddhirajgautam/Documents/Cherrygram-Mac/macOS-Swift/submodules/telegram-ios/submodules/GraphCore
    builtin-copy -exclude .DS_Store -exclude CVS -exclude .svn -exclude .git -exclude .hg -resolve-src-symlinks -rename /Users/buddhirajgautam/Library/Developer/Xcode/DerivedData/Telegram-Mac-fygdgghdgmuleoelvxabfmqiotta/Build/Intermediates.noindex/GraphCore.build/Debug/GraphCore-t.build/Objects-normal/arm64/GraphCore.swiftdoc /Users/buddhirajgautam/Library/Developer/Xcode/DerivedData/Telegram-Mac-fygdgghdgmuleoelvxabfmqiotta/Build/Products/Debug/GraphCore.swiftmodule/arm64-apple-macos.swiftdoc

Copy /Users/buddhirajgautam/Library/Developer/Xcode/DerivedData/Telegram-Mac-fygdgghdgmuleoelvxabfmqiotta/Build/Products/Debug/GraphCore.swiftmodule/arm64-apple-macos.abi.json /Users/buddhirajgautam/Library/Developer/Xcode/DerivedData/Telegram-Mac-fygdgghdgmuleoelvxabfmqiotta/Build/Intermediates.noindex/GraphCore.build/Debug/GraphCore-t.build/Objects-normal/arm64/GraphCore.abi.json (in target 'GraphCore' from project 'GraphCore')
    cd /Users/buddhirajgautam/Documents/Cherrygram-Mac/macOS-Swift/submodules/telegram-ios/submodules/GraphCore
    builtin-copy -exclude .DS_Store -exclude CVS -exclude .svn -exclude .git -exclude .hg -resolve-src-symlinks -rename /Users/buddhirajgautam/Library/Developer/Xcode/DerivedData/Telegram-Mac-fygdgghdgmuleoelvxabfmqiotta/Build/Intermediates.noindex/GraphCore.build/Debug/GraphCore-t.build/Objects-normal/arm64/GraphCore.abi.json /Users/buddhirajgautam/Library/Developer/Xcode/DerivedData/Telegram-Mac-fygdgghdgmuleoelvxabfmqiotta/Build/Products/Debug/GraphCore.swiftmodule/arm64-apple-macos.abi.json

Copy /Users/buddhirajgautam/Library/Developer/Xcode/DerivedData/Telegram-Mac-fygdgghdgmuleoelvxabfmqiotta/Build/Products/Debug/GraphCore.swiftmodule/Project/arm64-apple-macos.swiftsourceinfo /Users/buddhirajgautam/Library/Developer/Xcode/DerivedData/Telegram-Mac-fygdgghdgmuleoelvxabfmqiotta/Build/Intermediates.noindex/GraphCore.build/Debug/GraphCore-t.build/Objects-normal/arm64/GraphCore.swiftsourceinfo (in target 'GraphCore' from project 'GraphCore')
    cd /Users/buddhirajgautam/Documents/Cherrygram-Mac/macOS-Swift/submodules/telegram-ios/submodules/GraphCore
    builtin-copy -exclude .DS_Store -exclude CVS -exclude .svn -exclude .git -exclude .hg -resolve-src-symlinks -rename /Users/buddhirajgautam/Library/Developer/Xcode/DerivedData/Telegram-Mac-fygdgghdgmuleoelvxabfmqiotta/Build/Intermediates.noindex/GraphCore.build/Debug/GraphCore-t.build/Objects-normal/arm64/GraphCore.swiftsourceinfo /Users/buddhirajgautam/Library/Developer/Xcode/DerivedData/Telegram-Mac-fygdgghdgmuleoelvxabfmqiotta/Build/Products/Debug/GraphCore.swiftmodule/Project/arm64-apple-macos.swiftsourceinfo

CompileC /Users/buddhirajgautam/Library/Developer/Xcode/DerivedData/Telegram-Mac-fygdgghdgmuleoelvxabfmqiotta/Build/Intermediates.noindex/TgVoipWebrtc.build/Debug/TgVoipWebrtc-t.build/Objects-normal/arm64/VideoMetalViewMac.o /Users/buddhirajgautam/Documents/Cherrygram-Mac/macOS-Swift/submodules/tgcalls/tgcalls/platform/darwin/VideoMetalViewMac.mm normal arm64 objective-c++ com.apple.compilers.llvm.clang.1_0.compiler (in target 'TgVoipWebrtc' from project 'TgVoipWebrtc')
    cd /Users/buddhirajgautam/Documents/Cherrygram-Mac/macOS-Swift
    
    Using response file: /Users/buddhirajgautam/Library/Developer/Xcode/DerivedData/Telegram-Mac-fygdgghdgmuleoelvxabfmqiotta/Build/Intermediates.noindex/TgVoipWebrtc.build/Debug/TgVoipWebrtc-t.build/Objects-normal/arm64/af3fcb34312c57c0f52879cdce924b91-common-args.resp
    
    /Applications/Xcode.app/Contents/Developer/Toolchains/XcodeDefault.xctoolchain/usr/bin/clang -x objective-c++ -ivfsstatcache /Users/buddhirajgautam/Library/Developer/Xcode/DerivedData/SDKStatCaches.noindex/macosx27.0-26A425-e829b21a6f8c9b70876ba0858053c0447231f6df4def33e022ae2eb8f782df1a.sdkstatcache -target arm64-apple-macos12.0 -fmessage-length\=0 -fdiagnostics-show-note-include-stack -fmacro-backtrace-limit\=0 -fno-color-diagnostics -fmodules-prune-interval\=86400 -fmodules-prune-after\=345600 -fbuild-session-file\=/Users/buddhirajgautam/Library/Developer/Xcode/DerivedData/ModuleCache.noindex/Session.modulevalidation -fmodules-validate-once-per-build-session -Wnon-modular-include-in-framework-module -Werror\=non-modular-include-in-framework-module -Wno-trigraphs -Wno-missing-field-initializers -Wno-missing-prototypes -Wno-return-type -Wno-implicit-atomic-properties -Wno-objc-interface-ivars -Wno-arc-repeated-use-of-weak -Wno-non-virtual-dtor -Wno-overloaded-virtual -Wno-exit-time-destructors -Wno-missing-braces -Wparentheses -Wswitch -Wno-unused-function -Wno-unused-label -Wno-unused-parameter -Wno-unused-variable -Wunused-value -Wno-empty-body -Wno-uninitialized -Wno-unknown-pragmas -Wno-shadow -Wno-four-char-constants -Wno-conversion -Wno-constant-conversion -Wno-int-conversion -Wno-bool-conversion -Wno-enum-conversion -Wno-float-conversion -Wno-non-literal-null-conversion -Wno-objc-literal-conversion -Wshorten-64-to-32 -Wno-newline-eof -Wno-selector -Wno-strict-selector-match -Wno-undeclared-selector -Wno-deprecated-implementations -Wno-c++11-extensions -Wno-implicit-fallthrough -isysroot /Applications/Xcode.app/Contents/Developer/Platforms/MacOSX.platform/Developer/SDKs/MacOSX27.0.sdk -fstrict-aliasing -Wprotocol -Wdeprecated-declarations -Winvalid-offsetof -Wno-sign-conversion -Wno-infinite-recursion -Wno-move -Wno-comma -Wno-block-capture-autoreleasing -Wno-strict-prototypes -Wno-range-loop-analysis -Wno-semicolon-before-method-body -index-store-path /Users/buddhirajgautam/Library/Developer/Xcode/DerivedData/Telegram-Mac-fygdgghdgmuleoelvxabfmqiotta/Index.noindex/DataStore @/Users/buddhirajgautam/Library/Developer/Xcode/DerivedData/Telegram-Mac-fygdgghdgmuleoelvxabfmqiotta/Build/Intermediates.noindex/TgVoipWebrtc.build/Debug/TgVoipWebrtc-t.build/Objects-normal/arm64/af3fcb34312c57c0f52879cdce924b91-common-args.resp -MMD -MT dependencies -MF /Users/buddhirajgautam/Library/Developer/Xcode/DerivedData/Telegram-Mac-fygdgghdgmuleoelvxabfmqiotta/Build/Intermediates.noindex/TgVoipWebrtc.build/Debug/TgVoipWebrtc-t.build/Objects-normal/arm64/VideoMetalViewMac.d --serialize-diagnostics /Users/buddhirajgautam/Library/Developer/Xcode/DerivedData/Telegram-Mac-fygdgghdgmuleoelvxabfmqiotta/Build/Intermediates.noindex/TgVoipWebrtc.build/Debug/TgVoipWebrtc-t.build/Objects-normal/arm64/VideoMetalViewMac.dia -c /Users/buddhirajgautam/Documents/Cherrygram-Mac/macOS-Swift/submodules/tgcalls/tgcalls/platform/darwin/VideoMetalViewMac.mm -o /Users/buddhirajgautam/Library/Developer/Xcode/DerivedData/Telegram-Mac-fygdgghdgmuleoelvxabfmqiotta/Build/Intermediates.noindex/TgVoipWebrtc.build/Debug/TgVoipWebrtc-t.build/Objects-normal/arm64/VideoMetalViewMac.o -index-unit-output-path /TgVoipWebrtc.build/Debug/TgVoipWebrtc-t.build/Objects-normal/arm64/VideoMetalViewMac.o
In file included from /Users/buddhirajgautam/Documents/Cherrygram-Mac/macOS-Swift/submodules/tgcalls/tgcalls/platform/darwin/VideoMetalViewMac.mm:1:
In file included from /Users/buddhirajgautam/Documents/Cherrygram-Mac/macOS-Swift/submodules/tgcalls/tgcalls/platform/darwin/VideoMetalViewMac.h:7:
In file included from /Users/buddhirajgautam/Documents/Cherrygram-Mac/macOS-Swift/submodules/tgcalls/SharedHeaders/webrtc/api/media_stream_interface.h:24:
In file included from /Users/buddhirajgautam/Documents/Cherrygram-Mac/macOS-Swift/submodules/tgcalls/SharedHeaders/webrtc/third_party/abseil-cpp/absl/types/optional.h:39:
In file included from /Users/buddhirajgautam/Documents/Cherrygram-Mac/macOS-Swift/submodules/tgcalls/SharedHeaders/webrtc/third_party/abseil-cpp/absl/utility/utility.h:45:
/Users/buddhirajgautam/Documents/Cherrygram-Mac/macOS-Swift/submodules/tgcalls/SharedHeaders/webrtc/third_party/abseil-cpp/absl/meta/type_traits.h:511:36: warning: builtin __is_trivially_relocatable is deprecated; use __builtin_is_cpp_trivially_relocatable instead [-Wdeprecated-builtins]
  511 |     : std::integral_constant<bool, __is_trivially_relocatable(T)> {};
      |                                    ^
1 warning generated.

CompileC /Users/buddhirajgautam/Library/Developer/Xcode/DerivedData/Telegram-Mac-fygdgghdgmuleoelvxabfmqiotta/Build/Intermediates.noindex/TgVoipWebrtc.build/Debug/TgVoipWebrtc-t.build/Objects-normal/arm64/VideoCapturerInterfaceImpl.o /Users/buddhirajgautam/Documents/Cherrygram-Mac/macOS-Swift/submodules/tgcalls/tgcalls/platform/darwin/VideoCapturerInterfaceImpl.mm normal arm64 objective-c++ com.apple.compilers.llvm.clang.1_0.compiler (in target 'TgVoipWebrtc' from project 'TgVoipWebrtc')
    cd /Users/buddhirajgautam/Documents/Cherrygram-Mac/macOS-Swift
    
    Using response file: /Users/buddhirajgautam/Library/Developer/Xcode/DerivedData/Telegram-Mac-fygdgghdgmuleoelvxabfmqiotta/Build/Intermediates.noindex/TgVoipWebrtc.build/Debug/TgVoipWebrtc-t.build/Objects-normal/arm64/af3fcb34312c57c0f52879cdce924b91-common-args.resp
    
    /Applications/Xcode.app/Contents/Developer/Toolchains/XcodeDefault.xctoolchain/usr/bin/clang -x objective-c++ -ivfsstatcache /Users/buddhirajgautam/Library/Developer/Xcode/DerivedData/SDKStatCaches.noindex/macosx27.0-26A425-e829b21a6f8c9b70876ba0858053c0447231f6df4def33e022ae2eb8f782df1a.sdkstatcache -target arm64-apple-macos12.0 -fmessage-length\=0 -fdiagnostics-show-note-include-stack -fmacro-backtrace-limit\=0 -fno-color-diagnostics -fmodules-prune-interval\=86400 -fmodules-prune-after\=345600 -fbuild-session-file\=/Users/buddhirajgautam/Library/Developer/Xcode/DerivedData/ModuleCache.noindex/Session.modulevalidation -fmodules-validate-once-per-build-session -Wnon-modular-include-in-framework-module -Werror\=non-modular-include-in-framework-module -Wno-trigraphs -Wno-missing-field-initializers -Wno-missing-prototypes -Wno-return-type -Wno-implicit-atomic-properties -Wno-objc-interface-ivars -Wno-arc-repeated-use-of-weak -Wno-non-virtual-dtor -Wno-overloaded-virtual -Wno-exit-time-destructors -Wno-missing-braces -Wparentheses -Wswitch -Wno-unused-function -Wno-unused-label -Wno-unused-parameter -Wno-unused-variable -Wunused-value -Wno-empty-body -Wno-uninitialized -Wno-unknown-pragmas -Wno-shadow -Wno-four-char-constants -Wno-conversion -Wno-constant-conversion -Wno-int-conversion -Wno-bool-conversion -Wno-enum-conversion -Wno-float-conversion -Wno-non-literal-null-conversion -Wno-objc-literal-conversion -Wshorten-64-to-32 -Wno-newline-eof -Wno-selector -Wno-strict-selector-match -Wno-undeclared-selector -Wno-deprecated-implementations -Wno-c++11-extensions -Wno-implicit-fallthrough -isysroot /Applications/Xcode.app/Contents/Developer/Platforms/MacOSX.platform/Developer/SDKs/MacOSX27.0.sdk -fstrict-aliasing -Wprotocol -Wdeprecated-declarations -Winvalid-offsetof -Wno-sign-conversion -Wno-infinite-recursion -Wno-move -Wno-comma -Wno-block-capture-autoreleasing -Wno-strict-prototypes -Wno-range-loop-analysis -Wno-semicolon-before-method-body -index-store-path /Users/buddhirajgautam/Library/Developer/Xcode/DerivedData/Telegram-Mac-fygdgghdgmuleoelvxabfmqiotta/Index.noindex/DataStore @/Users/buddhirajgautam/Library/Developer/Xcode/DerivedData/Telegram-Mac-fygdgghdgmuleoelvxabfmqiotta/Build/Intermediates.noindex/TgVoipWebrtc.build/Debug/TgVoipWebrtc-t.build/Objects-normal/arm64/af3fcb34312c57c0f52879cdce924b91-common-args.resp -MMD -MT dependencies -MF /Users/buddhirajgautam/Library/Developer/Xcode/DerivedData/Telegram-Mac-fygdgghdgmuleoelvxabfmqiotta/Build/Intermediates.noindex/TgVoipWebrtc.build/Debug/TgVoipWebrtc-t.build/Objects-normal/arm64/VideoCapturerInterfaceImpl.d --serialize-diagnostics /Users/buddhirajgautam/Library/Developer/Xcode/DerivedData/Telegram-Mac-fygdgghdgmuleoelvxabfmqiotta/Build/Intermediates.noindex/TgVoipWebrtc.build/Debug/TgVoipWebrtc-t.build/Objects-normal/arm64/VideoCapturerInterfaceImpl.dia -c /Users/buddhirajgautam/Documents/Cherrygram-Mac/macOS-Swift/submodules/tgcalls/tgcalls/platform/darwin/VideoCapturerInterfaceImpl.mm -o /Users/buddhirajgautam/Library/Developer/Xcode/DerivedData/Telegram-Mac-fygdgghdgmuleoelvxabfmqiotta/Build/Intermediates.noindex/TgVoipWebrtc.build/Debug/TgVoipWebrtc-t.build/Objects-normal/arm64/VideoCapturerInterfaceImpl.o -index-unit-output-path /TgVoipWebrtc.build/Debug/TgVoipWebrtc-t.build/Objects-normal/arm64/VideoCapturerInterfaceImpl.o
In file included from /Users/buddhirajgautam/Documents/Cherrygram-Mac/macOS-Swift/submodules/tgcalls/tgcalls/platform/darwin/VideoCapturerInterfaceImpl.mm:1:
In file included from /Users/buddhirajgautam/Documents/Cherrygram-Mac/macOS-Swift/submodules/tgcalls/tgcalls/platform/darwin/VideoCapturerInterfaceImpl.h:6:
In file included from /Users/buddhirajgautam/Documents/Cherrygram-Mac/macOS-Swift/submodules/tgcalls/SharedHeaders/webrtc/sdk/objc/native/src/objc_video_track_source.h:17:
In file included from /Users/buddhirajgautam/Documents/Cherrygram-Mac/macOS-Swift/submodules/tgcalls/SharedHeaders/webrtc/media/base/adapted_video_track_source.h:16:
In file included from /Users/buddhirajgautam/Documents/Cherrygram-Mac/macOS-Swift/submodules/tgcalls/SharedHeaders/webrtc/third_party/abseil-cpp/absl/types/optional.h:39:
In file included from /Users/buddhirajgautam/Documents/Cherrygram-Mac/macOS-Swift/submodules/tgcalls/SharedHeaders/webrtc/third_party/abseil-cpp/absl/utility/utility.h:45:
/Users/buddhirajgautam/Documents/Cherrygram-Mac/macOS-Swift/submodules/tgcalls/SharedHeaders/webrtc/third_party/abseil-cpp/absl/meta/type_traits.h:511:36: warning: builtin __is_trivially_relocatable is deprecated; use __builtin_is_cpp_trivially_relocatable instead [-Wdeprecated-builtins]
  511 |     : std::integral_constant<bool, __is_trivially_relocatable(T)> {};
      |                                    ^
1 warning generated.

CompileC /Users/buddhirajgautam/Library/Developer/Xcode/DerivedData/Telegram-Mac-fygdgghdgmuleoelvxabfmqiotta/Build/Intermediates.noindex/TgVoipWebrtc.build/Debug/TgVoipWebrtc-t.build/Objects-normal/arm64/VideoCaptureInterfaceImpl.o /Users/buddhirajgautam/Documents/Cherrygram-Mac/macOS-Swift/submodules/tgcalls/tgcalls/VideoCaptureInterfaceImpl.cpp normal arm64 c++ com.apple.compilers.llvm.clang.1_0.compiler (in target 'TgVoipWebrtc' from project 'TgVoipWebrtc')
    cd /Users/buddhirajgautam/Documents/Cherrygram-Mac/macOS-Swift
    
    Using response file: /Users/buddhirajgautam/Library/Developer/Xcode/DerivedData/Telegram-Mac-fygdgghdgmuleoelvxabfmqiotta/Build/Intermediates.noindex/TgVoipWebrtc.build/Debug/TgVoipWebrtc-t.build/Objects-normal/arm64/82b82416624d2658e5098eb0a28c15c5-common-args.resp
    
    /Applications/Xcode.app/Contents/Developer/Toolchains/XcodeDefault.xctoolchain/usr/bin/clang -x c++ -ivfsstatcache /Users/buddhirajgautam/Library/Developer/Xcode/DerivedData/SDKStatCaches.noindex/macosx27.0-26A425-e829b21a6f8c9b70876ba0858053c0447231f6df4def33e022ae2eb8f782df1a.sdkstatcache -target arm64-apple-macos12.0 -fmessage-length\=0 -fdiagnostics-show-note-include-stack -fmacro-backtrace-limit\=0 -fno-color-diagnostics -fmodules-prune-interval\=86400 -fmodules-prune-after\=345600 -fbuild-session-file\=/Users/buddhirajgautam/Library/Developer/Xcode/DerivedData/ModuleCache.noindex/Session.modulevalidation -fmodules-validate-once-per-build-session -Wnon-modular-include-in-framework-module -Werror\=non-modular-include-in-framework-module -Wno-trigraphs -Wno-missing-field-initializers -Wno-missing-prototypes -Wno-return-type -Wno-non-virtual-dtor -Wno-overloaded-virtual -Wno-exit-time-destructors -Wno-missing-braces -Wparentheses -Wswitch -Wno-unused-function -Wno-unused-label -Wno-unused-parameter -Wno-unused-variable -Wunused-value -Wno-empty-body -Wno-uninitialized -Wno-unknown-pragmas -Wno-shadow -Wno-four-char-constants -Wno-conversion -Wno-constant-conversion -Wno-int-conversion -Wno-bool-conversion -Wno-enum-conversion -Wno-float-conversion -Wno-non-literal-null-conversion -Wno-objc-literal-conversion -Wshorten-64-to-32 -Wno-newline-eof -Wno-c++11-extensions -Wno-implicit-fallthrough -isysroot /Applications/Xcode.app/Contents/Developer/Platforms/MacOSX.platform/Developer/SDKs/MacOSX27.0.sdk -fstrict-aliasing -Wdeprecated-declarations -Winvalid-offsetof -Wno-sign-conversion -Wno-infinite-recursion -Wno-move -Wno-comma -Wno-block-capture-autoreleasing -Wno-strict-prototypes -Wno-range-loop-analysis -Wno-semicolon-before-method-body -index-store-path /Users/buddhirajgautam/Library/Developer/Xcode/DerivedData/Telegram-Mac-fygdgghdgmuleoelvxabfmqiotta/Index.noindex/DataStore @/Users/buddhirajgautam/Library/Developer/Xcode/DerivedData/Telegram-Mac-fygdgghdgmuleoelvxabfmqiotta/Build/Intermediates.noindex/TgVoipWebrtc.build/Debug/TgVoipWebrtc-t.build/Objects-normal/arm64/82b82416624d2658e5098eb0a28c15c5-common-args.resp -MMD -MT dependencies -MF /Users/buddhirajgautam/Library/Developer/Xcode/DerivedData/Telegram-Mac-fygdgghdgmuleoelvxabfmqiotta/Build/Intermediates.noindex/TgVoipWebrtc.build/Debug/TgVoipWebrtc-t.build/Objects-normal/arm64/VideoCaptureInterfaceImpl.d --serialize-diagnostics /Users/buddhirajgautam/Library/Developer/Xcode/DerivedData/Telegram-Mac-fygdgghdgmuleoelvxabfmqiotta/Build/Intermediates.noindex/TgVoipWebrtc.build/Debug/TgVoipWebrtc-t.build/Objects-normal/arm64/VideoCaptureInterfaceImpl.dia -c /Users/buddhirajgautam/Documents/Cherrygram-Mac/macOS-Swift/submodules/tgcalls/tgcalls/VideoCaptureInterfaceImpl.cpp -o /Users/buddhirajgautam/Library/Developer/Xcode/DerivedData/Telegram-Mac-fygdgghdgmuleoelvxabfmqiotta/Build/Intermediates.noindex/TgVoipWebrtc.build/Debug/TgVoipWebrtc-t.build/Objects-normal/arm64/VideoCaptureInterfaceImpl.o -index-unit-output-path /TgVoipWebrtc.build/Debug/TgVoipWebrtc-t.build/Objects-normal/arm64/VideoCaptureInterfaceImpl.o
In file included from /Users/buddhirajgautam/Documents/Cherrygram-Mac/macOS-Swift/submodules/tgcalls/tgcalls/VideoCaptureInterfaceImpl.cpp:1:
In file included from /Users/buddhirajgautam/Documents/Cherrygram-Mac/macOS-Swift/submodules/tgcalls/tgcalls/VideoCaptureInterfaceImpl.h:6:
In file included from /Users/buddhirajgautam/Documents/Cherrygram-Mac/macOS-Swift/submodules/tgcalls/tgcalls/ThreadLocalObject.h:4:
In file included from /Users/buddhirajgautam/Documents/Cherrygram-Mac/macOS-Swift/submodules/tgcalls/SharedHeaders/webrtc/rtc_base/thread.h:26:
In file included from /Users/buddhirajgautam/Documents/Cherrygram-Mac/macOS-Swift/submodules/tgcalls/SharedHeaders/webrtc/third_party/abseil-cpp/absl/strings/string_view.h:40:
In file included from /Users/buddhirajgautam/Documents/Cherrygram-Mac/macOS-Swift/submodules/tgcalls/SharedHeaders/webrtc/third_party/abseil-cpp/absl/base/nullability.h:153:
In file included from /Users/buddhirajgautam/Documents/Cherrygram-Mac/macOS-Swift/submodules/tgcalls/SharedHeaders/webrtc/third_party/abseil-cpp/absl/base/internal/nullability_impl.h:22:
/Users/buddhirajgautam/Documents/Cherrygram-Mac/macOS-Swift/submodules/tgcalls/SharedHeaders/webrtc/third_party/abseil-cpp/absl/meta/type_traits.h:511:36: warning: builtin __is_trivially_relocatable is deprecated; use __builtin_is_cpp_trivially_relocatable instead [-Wdeprecated-builtins]
  511 |     : std::integral_constant<bool, __is_trivially_relocatable(T)> {};
      |                                    ^
/Users/buddhirajgautam/Documents/Cherrygram-Mac/macOS-Swift/submodules/tgcalls/SharedHeaders/webrtc/third_party/abseil-cpp/absl/meta/type_traits.h:511:36: warning: builtin __is_trivially_relocatable is deprecated; use __builtin_is_cpp_trivially_relocatable instead [-Wdeprecated-builtins]
In file included from /Users/buddhirajgautam/Documents/Cherrygram-Mac/macOS-Swift/submodules/tgcalls/tgcalls/VideoCaptureInterfaceImpl.cpp:1:
In file included from /Users/buddhirajgautam/Documents/Cherrygram-Mac/macOS-Swift/submodules/tgcalls/tgcalls/VideoCaptureInterfaceImpl.h:8:
In file included from /Users/buddhirajgautam/Documents/Cherrygram-Mac/macOS-Swift/submodules/tgcalls/tgcalls/platform/PlatformInterface.h:5:
In file included from /Users/buddhirajgautam/Documents/Cherrygram-Mac/macOS-Swift/submodules/tgcalls/SharedHeaders/webrtc/api/video_codecs/video_encoder_factory.h:21:
In file included from /Users/buddhirajgautam/Documents/Cherrygram-Mac/macOS-Swift/submodules/tgcalls/SharedHeaders/webrtc/api/video_codecs/sdp_video_format.h:17:
In file included from /Users/buddhirajgautam/Documents/Cherrygram-Mac/macOS-Swift/submodules/tgcalls/SharedHeaders/webrtc/third_party/abseil-cpp/absl/container/inlined_vector.h:53:
/Users/buddhirajgautam/Documents/Cherrygram-Mac/macOS-Swift/submodules/tgcalls/SharedHeaders/webrtc/third_party/abseil-cpp/absl/container/internal/inlined_vector.h:522:22: note: in instantiation of template class 'absl::is_trivially_relocatable<webrtc::DecodeTargetIndication>' requested here
  522 |                absl::is_trivially_relocatable<V>::value ||
      |                      ^
In file included from /Users/buddhirajgautam/Documents/Cherrygram-Mac/macOS-Swift/submodules/tgcalls/tgcalls/VideoCaptureInterfaceImpl.cpp:1:
In file included from /Users/buddhirajgautam/Documents/Cherrygram-Mac/macOS-Swift/submodules/tgcalls/tgcalls/VideoCaptureInterfaceImpl.h:6:
In file included from /Users/buddhirajgautam/Documents/Cherrygram-Mac/macOS-Swift/submodules/tgcalls/tgcalls/ThreadLocalObject.h:4:
In file included from /Users/buddhirajgautam/Documents/Cherrygram-Mac/macOS-Swift/submodules/tgcalls/SharedHeaders/webrtc/rtc_base/thread.h:26:
In file included from /Users/buddhirajgautam/Documents/Cherrygram-Mac/macOS-Swift/submodules/tgcalls/SharedHeaders/webrtc/third_party/abseil-cpp/absl/strings/string_view.h:43:
/Users/buddhirajgautam/Documents/Cherrygram-Mac/macOS-Swift/submodules/tgcalls/SharedHeaders/webrtc/third_party/abseil-cpp/absl/base/macros.h:128:49: note: expanded from macro 'ABSL_HARDENING_ASSERT'
  128 | #define ABSL_HARDENING_ASSERT(expr) ABSL_ASSERT(expr)
      |                                                 ^
/Users/buddhirajgautam/Documents/Cherrygram-Mac/macOS-Swift/submodules/tgcalls/SharedHeaders/webrtc/third_party/abseil-cpp/absl/base/macros.h:95:30: note: expanded from macro 'ABSL_ASSERT'
   95 |   (false ? static_cast<void>(expr) : static_cast<void>(0))
      |                              ^
In file included from /Users/buddhirajgautam/Documents/Cherrygram-Mac/macOS-Swift/submodules/tgcalls/tgcalls/VideoCaptureInterfaceImpl.cpp:1:
In file included from /Users/buddhirajgautam/Documents/Cherrygram-Mac/macOS-Swift/submodules/tgcalls/tgcalls/VideoCaptureInterfaceImpl.h:8:
In file included from /Users/buddhirajgautam/Documents/Cherrygram-Mac/macOS-Swift/submodules/tgcalls/tgcalls/platform/PlatformInterface.h:5:
In file included from /Users/buddhirajgautam/Documents/Cherrygram-Mac/macOS-Swift/submodules/tgcalls/SharedHeaders/webrtc/api/video_codecs/video_encoder_factory.h:21:
In file included from /Users/buddhirajgautam/Documents/Cherrygram-Mac/macOS-Swift/submodules/tgcalls/SharedHeaders/webrtc/api/video_codecs/sdp_video_format.h:17:
/Users/buddhirajgautam/Documents/Cherrygram-Mac/macOS-Swift/submodules/tgcalls/SharedHeaders/webrtc/third_party/abseil-cpp/absl/container/inlined_vector.h:856:14: note: in instantiation of member function 'absl::inlined_vector_internal::Storage<webrtc::DecodeTargetIndication, 10, std::allocator<webrtc::DecodeTargetIndication>>::MemcpyFrom' requested here
  856 |     storage_.MemcpyFrom(other.storage_);
      |              ^
/Users/buddhirajgautam/Documents/Cherrygram-Mac/macOS-Swift/submodules/tgcalls/SharedHeaders/webrtc/third_party/abseil-cpp/absl/container/inlined_vector.h:548:7: note: in instantiation of member function 'absl::InlinedVector<webrtc::DecodeTargetIndication, 10>::MoveAssignment' requested here
  548 |       MoveAssignment(MoveAssignmentPolicy{}, std::move(other));
      |       ^
In file included from /Users/buddhirajgautam/Documents/Cherrygram-Mac/macOS-Swift/submodules/tgcalls/tgcalls/VideoCaptureInterfaceImpl.cpp:4:
In file included from /Users/buddhirajgautam/Documents/Cherrygram-Mac/macOS-Swift/submodules/tgcalls/tgcalls/Manager.h:7:
In file included from /Users/buddhirajgautam/Documents/Cherrygram-Mac/macOS-Swift/submodules/tgcalls/tgcalls/MediaManager.h:8:
In file included from /Users/buddhirajgautam/Documents/Cherrygram-Mac/macOS-Swift/submodules/tgcalls/SharedHeaders/webrtc/pc/rtp_sender.h:29:
In file included from /Users/buddhirajgautam/Documents/Cherrygram-Mac/macOS-Swift/submodules/tgcalls/SharedHeaders/webrtc/api/frame_transformer_interface.h:19:
In file included from /Users/buddhirajgautam/Documents/Cherrygram-Mac/macOS-Swift/submodules/tgcalls/SharedHeaders/webrtc/api/video/encoded_frame.h:21:
In file included from /Users/buddhirajgautam/Documents/Cherrygram-Mac/macOS-Swift/submodules/tgcalls/SharedHeaders/webrtc/modules/rtp_rtcp/source/rtp_video_header.h:20:
/Users/buddhirajgautam/Documents/Cherrygram-Mac/macOS-Swift/submodules/tgcalls/SharedHeaders/webrtc/api/transport/rtp/dependency_descriptor.h:133:35: note: in instantiation of member function 'absl::InlinedVector<webrtc::DecodeTargetIndication, 10>::operator=' requested here
  133 |   this->decode_target_indications =
      |                                   ^
In file included from /Users/buddhirajgautam/Documents/Cherrygram-Mac/macOS-Swift/submodules/tgcalls/tgcalls/VideoCaptureInterfaceImpl.cpp:1:
In file included from /Users/buddhirajgautam/Documents/Cherrygram-Mac/macOS-Swift/submodules/tgcalls/tgcalls/VideoCaptureInterfaceImpl.h:6:
In file included from /Users/buddhirajgautam/Documents/Cherrygram-Mac/macOS-Swift/submodules/tgcalls/tgcalls/ThreadLocalObject.h:4:
In file included from /Users/buddhirajgautam/Documents/Cherrygram-Mac/macOS-Swift/submodules/tgcalls/SharedHeaders/webrtc/rtc_base/thread.h:26:
In file included from /Users/buddhirajgautam/Documents/Cherrygram-Mac/macOS-Swift/submodules/tgcalls/SharedHeaders/webrtc/third_party/abseil-cpp/absl/strings/string_view.h:40:
In file included from /Users/buddhirajgautam/Documents/Cherrygram-Mac/macOS-Swift/submodules/tgcalls/SharedHeaders/webrtc/third_party/abseil-cpp/absl/base/nullability.h:153:
In file included from /Users/buddhirajgautam/Documents/Cherrygram-Mac/macOS-Swift/submodules/tgcalls/SharedHeaders/webrtc/third_party/abseil-cpp/absl/base/internal/nullability_impl.h:22:
/Users/buddhirajgautam/Documents/Cherrygram-Mac/macOS-Swift/submodules/tgcalls/SharedHeaders/webrtc/third_party/abseil-cpp/absl/meta/type_traits.h:511:36: warning: builtin __is_trivially_relocatable is deprecated; use __builtin_is_cpp_trivially_relocatable instead [-Wdeprecated-builtins]
  511 |     : std::integral_constant<bool, __is_trivially_relocatable(T)> {};
      |                                    ^
In file included from /Users/buddhirajgautam/Documents/Cherrygram-Mac/macOS-Swift/submodules/tgcalls/tgcalls/VideoCaptureInterfaceImpl.cpp:1:
In file included from /Users/buddhirajgautam/Documents/Cherrygram-Mac/macOS-Swift/submodules/tgcalls/tgcalls/VideoCaptureInterfaceImpl.h:8:
In file included from /Users/buddhirajgautam/Documents/Cherrygram-Mac/macOS-Swift/submodules/tgcalls/tgcalls/platform/PlatformInterface.h:5:
In file included from /Users/buddhirajgautam/Documents/Cherrygram-Mac/macOS-Swift/submodules/tgcalls/SharedHeaders/webrtc/api/video_codecs/video_encoder_factory.h:21:
In file included from /Users/buddhirajgautam/Documents/Cherrygram-Mac/macOS-Swift/submodules/tgcalls/SharedHeaders/webrtc/api/video_codecs/sdp_video_format.h:17:
In file included from /Users/buddhirajgautam/Documents/Cherrygram-Mac/macOS-Swift/submodules/tgcalls/SharedHeaders/webrtc/third_party/abseil-cpp/absl/container/inlined_vector.h:53:
/Users/buddhirajgautam/Documents/Cherrygram-Mac/macOS-Swift/submodules/tgcalls/SharedHeaders/webrtc/third_party/abseil-cpp/absl/container/internal/inlined_vector.h:522:22: note: in instantiation of template class 'absl::is_trivially_relocatable<int>' requested here
  522 |                absl::is_trivially_relocatable<V>::value ||
      |                      ^
In file included from /Users/buddhirajgautam/Documents/Cherrygram-Mac/macOS-Swift/submodules/tgcalls/tgcalls/VideoCaptureInterfaceImpl.cpp:1:
In file included from /Users/buddhirajgautam/Documents/Cherrygram-Mac/macOS-Swift/submodules/tgcalls/tgcalls/VideoCaptureInterfaceImpl.h:6:
In file included from /Users/buddhirajgautam/Documents/Cherrygram-Mac/macOS-Swift/submodules/tgcalls/tgcalls/ThreadLocalObject.h:4:
In file included from /Users/buddhirajgautam/Documents/Cherrygram-Mac/macOS-Swift/submodules/tgcalls/SharedHeaders/webrtc/rtc_base/thread.h:26:
In file included from /Users/buddhirajgautam/Documents/Cherrygram-Mac/macOS-Swift/submodules/tgcalls/SharedHeaders/webrtc/third_party/abseil-cpp/absl/strings/string_view.h:43:
/Users/buddhirajgautam/Documents/Cherrygram-Mac/macOS-Swift/submodules/tgcalls/SharedHeaders/webrtc/third_party/abseil-cpp/absl/base/macros.h:128:49: note: expanded from macro 'ABSL_HARDENING_ASSERT'
  128 | #define ABSL_HARDENING_ASSERT(expr) ABSL_ASSERT(expr)
      |                                                 ^
/Users/buddhirajgautam/Documents/Cherrygram-Mac/macOS-Swift/submodules/tgcalls/SharedHeaders/webrtc/third_party/abseil-cpp/absl/base/macros.h:95:30: note: expanded from macro 'ABSL_ASSERT'
   95 |   (false ? static_cast<void>(expr) : static_cast<void>(0))
      |                              ^
In file included from /Users/buddhirajgautam/Documents/Cherrygram-Mac/macOS-Swift/submodules/tgcalls/tgcalls/VideoCaptureInterfaceImpl.cpp:1:
In file included from /Users/buddhirajgautam/Documents/Cherrygram-Mac/macOS-Swift/submodules/tgcalls/tgcalls/VideoCaptureInterfaceImpl.h:8:
In file included from /Users/buddhirajgautam/Documents/Cherrygram-Mac/macOS-Swift/submodules/tgcalls/tgcalls/platform/PlatformInterface.h:5:
In file included from /Users/buddhirajgautam/Documents/Cherrygram-Mac/macOS-Swift/submodules/tgcalls/SharedHeaders/webrtc/api/video_codecs/video_encoder_factory.h:21:
In file included from /Users/buddhirajgautam/Documents/Cherrygram-Mac/macOS-Swift/submodules/tgcalls/SharedHeaders/webrtc/api/video_codecs/sdp_video_format.h:17:
/Users/buddhirajgautam/Documents/Cherrygram-Mac/macOS-Swift/submodules/tgcalls/SharedHeaders/webrtc/third_party/abseil-cpp/absl/container/inlined_vector.h:195:16: note: in instantiation of member function 'absl::inlined_vector_internal::Storage<int, 4, std::allocator<int>>::MemcpyFrom' requested here
  195 |       storage_.MemcpyFrom(other.storage_);
      |                ^
/Users/buddhirajgautam/Documents/Cherrygram-Mac/macOS-Swift/submodules/tgcalls/SharedHeaders/webrtc/third_party/abseil-cpp/absl/container/inlined_vector.h:177:9: note: in instantiation of member function 'absl::InlinedVector<int, 4>::InlinedVector' requested here
  177 |       : InlinedVector(other, other.storage_.GetAllocator()) {}
      |         ^
In file included from /Users/buddhirajgautam/Documents/Cherrygram-Mac/macOS-Swift/submodules/tgcalls/tgcalls/VideoCaptureInterfaceImpl.cpp:4:
In file included from /Users/buddhirajgautam/Documents/Cherrygram-Mac/macOS-Swift/submodules/tgcalls/tgcalls/Manager.h:7:
In file included from /Users/buddhirajgautam/Documents/Cherrygram-Mac/macOS-Swift/submodules/tgcalls/tgcalls/MediaManager.h:8:
In file included from /Users/buddhirajgautam/Documents/Cherrygram-Mac/macOS-Swift/submodules/tgcalls/SharedHeaders/webrtc/pc/rtp_sender.h:29:
In file included from /Users/buddhirajgautam/Documents/Cherrygram-Mac/macOS-Swift/submodules/tgcalls/SharedHeaders/webrtc/api/frame_transformer_interface.h:19:
In file included from /Users/buddhirajgautam/Documents/Cherrygram-Mac/macOS-Swift/submodules/tgcalls/SharedHeaders/webrtc/api/video/encoded_frame.h:21:
In file included from /Users/buddhirajgautam/Documents/Cherrygram-Mac/macOS-Swift/submodules/tgcalls/SharedHeaders/webrtc/modules/rtp_rtcp/source/rtp_video_header.h:20:
/Users/buddhirajgautam/Documents/Cherrygram-Mac/macOS-Swift/submodules/tgcalls/SharedHeaders/webrtc/api/transport/rtp/dependency_descriptor.h:37:8: note: in instantiation of member function 'absl::InlinedVector<int, 4>::InlinedVector' requested here
   37 | struct FrameDependencyTemplate {
      |        ^
In file included from /Users/buddhirajgautam/Documents/Cherrygram-Mac/macOS-Swift/submodules/tgcalls/tgcalls/VideoCaptureInterfaceImpl.cpp:1:
In file included from /Users/buddhirajgautam/Documents/Cherrygram-Mac/macOS-Swift/submodules/tgcalls/tgcalls/VideoCaptureInterfaceImpl.h:6:
In file included from /Users/buddhirajgautam/Documents/Cherrygram-Mac/macOS-Swift/submodules/tgcalls/tgcalls/ThreadLocalObject.h:4:
In file included from /Users/buddhirajgautam/Documents/Cherrygram-Mac/macOS-Swift/submodules/tgcalls/SharedHeaders/webrtc/rtc_base/thread.h:26:
In file included from /Users/buddhirajgautam/Documents/Cherrygram-Mac/macOS-Swift/submodules/tgcalls/SharedHeaders/webrtc/third_party/abseil-cpp/absl/strings/string_view.h:40:
In file included from /Users/buddhirajgautam/Documents/Cherrygram-Mac/macOS-Swift/submodules/tgcalls/SharedHeaders/webrtc/third_party/abseil-cpp/absl/base/nullability.h:153:
In file included from /Users/buddhirajgautam/Documents/Cherrygram-Mac/macOS-Swift/submodules/tgcalls/SharedHeaders/webrtc/third_party/abseil-cpp/absl/base/internal/nullability_impl.h:22:
/Users/buddhirajgautam/Documents/Cherrygram-Mac/macOS-Swift/submodules/tgcalls/SharedHeaders/webrtc/third_party/abseil-cpp/absl/meta/type_traits.h:511:36: warning: builtin __is_trivially_relocatable is deprecated; use __builtin_is_cpp_trivially_relocatable instead [-Wdeprecated-builtins]
  511 |     : std::integral_constant<bool, __is_trivially_relocatable(T)> {};
      |                                    ^
In file included from /Users/buddhirajgautam/Documents/Cherrygram-Mac/macOS-Swift/submodules/tgcalls/tgcalls/VideoCaptureInterfaceImpl.cpp:1:
In file included from /Users/buddhirajgautam/Documents/Cherrygram-Mac/macOS-Swift/submodules/tgcalls/tgcalls/VideoCaptureInterfaceImpl.h:8:
In file included from /Users/buddhirajgautam/Documents/Cherrygram-Mac/macOS-Swift/submodules/tgcalls/tgcalls/platform/PlatformInterface.h:5:
In file included from /Users/buddhirajgautam/Documents/Cherrygram-Mac/macOS-Swift/submodules/tgcalls/SharedHeaders/webrtc/api/video_codecs/video_encoder_factory.h:21:
In file included from /Users/buddhirajgautam/Documents/Cherrygram-Mac/macOS-Swift/submodules/tgcalls/SharedHeaders/webrtc/api/video_codecs/sdp_video_format.h:17:
In file included from /Users/buddhirajgautam/Documents/Cherrygram-Mac/macOS-Swift/submodules/tgcalls/SharedHeaders/webrtc/third_party/abseil-cpp/absl/container/inlined_vector.h:53:
/Users/buddhirajgautam/Documents/Cherrygram-Mac/macOS-Swift/submodules/tgcalls/SharedHeaders/webrtc/third_party/abseil-cpp/absl/container/internal/inlined_vector.h:522:22: note: in instantiation of template class 'absl::is_trivially_relocatable<webrtc::RenderResolution>' requested here
  522 |                absl::is_trivially_relocatable<V>::value ||
      |                      ^
In file included from /Users/buddhirajgautam/Documents/Cherrygram-Mac/macOS-Swift/submodules/tgcalls/tgcalls/VideoCaptureInterfaceImpl.cpp:1:
In file included from /Users/buddhirajgautam/Documents/Cherrygram-Mac/macOS-Swift/submodules/tgcalls/tgcalls/VideoCaptureInterfaceImpl.h:6:
In file included from /Users/buddhirajgautam/Documents/Cherrygram-Mac/macOS-Swift/submodules/tgcalls/tgcalls/ThreadLocalObject.h:4:
In file included from /Users/buddhirajgautam/Documents/Cherrygram-Mac/macOS-Swift/submodules/tgcalls/SharedHeaders/webrtc/rtc_base/thread.h:26:
In file included from /Users/buddhirajgautam/Documents/Cherrygram-Mac/macOS-Swift/submodules/tgcalls/SharedHeaders/webrtc/third_party/abseil-cpp/absl/strings/string_view.h:43:
/Users/buddhirajgautam/Documents/Cherrygram-Mac/macOS-Swift/submodules/tgcalls/SharedHeaders/webrtc/third_party/abseil-cpp/absl/base/macros.h:128:49: note: expanded from macro 'ABSL_HARDENING_ASSERT'
  128 | #define ABSL_HARDENING_ASSERT(expr) ABSL_ASSERT(expr)
      |                                                 ^
/Users/buddhirajgautam/Documents/Cherrygram-Mac/macOS-Swift/submodules/tgcalls/SharedHeaders/webrtc/third_party/abseil-cpp/absl/base/macros.h:95:30: note: expanded from macro 'ABSL_ASSERT'
   95 |   (false ? static_cast<void>(expr) : static_cast<void>(0))
      |                              ^
In file included from /Users/buddhirajgautam/Documents/Cherrygram-Mac/macOS-Swift/submodules/tgcalls/tgcalls/VideoCaptureInterfaceImpl.cpp:1:
In file included from /Users/buddhirajgautam/Documents/Cherrygram-Mac/macOS-Swift/submodules/tgcalls/tgcalls/VideoCaptureInterfaceImpl.h:8:
In file included from /Users/buddhirajgautam/Documents/Cherrygram-Mac/macOS-Swift/submodules/tgcalls/tgcalls/platform/PlatformInterface.h:5:
In file included from /Users/buddhirajgautam/Documents/Cherrygram-Mac/macOS-Swift/submodules/tgcalls/SharedHeaders/webrtc/api/video_codecs/video_encoder_factory.h:21:
In file included from /Users/buddhirajgautam/Documents/Cherrygram-Mac/macOS-Swift/submodules/tgcalls/SharedHeaders/webrtc/api/video_codecs/sdp_video_format.h:17:
/Users/buddhirajgautam/Documents/Cherrygram-Mac/macOS-Swift/submodules/tgcalls/SharedHeaders/webrtc/third_party/abseil-cpp/absl/container/inlined_vector.h:195:16: note: in instantiation of member function 'absl::inlined_vector_internal::Storage<webrtc::RenderResolution, 4, std::allocator<webrtc::RenderResolution>>::MemcpyFrom' requested here
  195 |       storage_.MemcpyFrom(other.storage_);
      |                ^
/Users/buddhirajgautam/Documents/Cherrygram-Mac/macOS-Swift/submodules/tgcalls/SharedHeaders/webrtc/third_party/abseil-cpp/absl/container/inlined_vector.h:177:9: note: in instantiation of member function 'absl::InlinedVector<webrtc::RenderResolution, 4>::InlinedVector' requested here
  177 |       : InlinedVector(other, other.storage_.GetAllocator()) {}
      |         ^
In file included from /Users/buddhirajgautam/Documents/Cherrygram-Mac/macOS-Swift/submodules/tgcalls/tgcalls/VideoCaptureInterfaceImpl.cpp:4:
In file included from /Users/buddhirajgautam/Documents/Cherrygram-Mac/macOS-Swift/submodules/tgcalls/tgcalls/Manager.h:7:
In file included from /Users/buddhirajgautam/Documents/Cherrygram-Mac/macOS-Swift/submodules/tgcalls/tgcalls/MediaManager.h:8:
In file included from /Users/buddhirajgautam/Documents/Cherrygram-Mac/macOS-Swift/submodules/tgcalls/SharedHeaders/webrtc/pc/rtp_sender.h:29:
In file included from /Users/buddhirajgautam/Documents/Cherrygram-Mac/macOS-Swift/submodules/tgcalls/SharedHeaders/webrtc/api/frame_transformer_interface.h:19:
In file included from /Users/buddhirajgautam/Documents/Cherrygram-Mac/macOS-Swift/submodules/tgcalls/SharedHeaders/webrtc/api/video/encoded_frame.h:21:
In file included from /Users/buddhirajgautam/Documents/Cherrygram-Mac/macOS-Swift/submodules/tgcalls/SharedHeaders/webrtc/modules/rtp_rtcp/source/rtp_video_header.h:20:
/Users/buddhirajgautam/Documents/Cherrygram-Mac/macOS-Swift/submodules/tgcalls/SharedHeaders/webrtc/api/transport/rtp/dependency_descriptor.h:61:8: note: in instantiation of member function 'absl::InlinedVector<webrtc::RenderResolution, 4>::InlinedVector' requested here
   61 | struct FrameDependencyStructure {
      |        ^
4 warnings generated.

CompileC /Users/buddhirajgautam/Library/Developer/Xcode/DerivedData/Telegram-Mac-fygdgghdgmuleoelvxabfmqiotta/Build/Intermediates.noindex/TgVoipWebrtc.build/Debug/TgVoipWebrtc-t.build/Objects-normal/arm64/VideoCaptureInterface.o /Users/buddhirajgautam/Documents/Cherrygram-Mac/macOS-Swift/submodules/tgcalls/tgcalls/VideoCaptureInterface.cpp normal arm64 c++ com.apple.compilers.llvm.clang.1_0.compiler (in target 'TgVoipWebrtc' from project 'TgVoipWebrtc')
    cd /Users/buddhirajgautam/Documents/Cherrygram-Mac/macOS-Swift
    
    Using response file: /Users/buddhirajgautam/Library/Developer/Xcode/DerivedData/Telegram-Mac-fygdgghdgmuleoelvxabfmqiotta/Build/Intermediates.noindex/TgVoipWebrtc.build/Debug/TgVoipWebrtc-t.build/Objects-normal/arm64/82b82416624d2658e5098eb0a28c15c5-common-args.resp
    
    /Applications/Xcode.app/Contents/Developer/Toolchains/XcodeDefault.xctoolchain/usr/bin/clang -x c++ -ivfsstatcache /Users/buddhirajgautam/Library/Developer/Xcode/DerivedData/SDKStatCaches.noindex/macosx27.0-26A425-e829b21a6f8c9b70876ba0858053c0447231f6df4def33e022ae2eb8f782df1a.sdkstatcache -target arm64-apple-macos12.0 -fmessage-length\=0 -fdiagnostics-show-note-include-stack -fmacro-backtrace-limit\=0 -fno-color-diagnostics -fmodules-prune-interval\=86400 -fmodules-prune-after\=345600 -fbuild-session-file\=/Users/buddhirajgautam/Library/Developer/Xcode/DerivedData/ModuleCache.noindex/Session.modulevalidation -fmodules-validate-once-per-build-session -Wnon-modular-include-in-framework-module -Werror\=non-modular-include-in-framework-module -Wno-trigraphs -Wno-missing-field-initializers -Wno-missing-prototypes -Wno-return-type -Wno-non-virtual-dtor -Wno-overloaded-virtual -Wno-exit-time-destructors -Wno-missing-braces -Wparentheses -Wswitch -Wno-unused-function -Wno-unused-label -Wno-unused-parameter -Wno-unused-variable -Wunused-value -Wno-empty-body -Wno-uninitialized -Wno-unknown-pragmas -Wno-shadow -Wno-four-char-constants -Wno-conversion -Wno-constant-conversion -Wno-int-conversion -Wno-bool-conversion -Wno-enum-conversion -Wno-float-conversion -Wno-non-literal-null-conversion -Wno-objc-literal-conversion -Wshorten-64-to-32 -Wno-newline-eof -Wno-c++11-extensions -Wno-implicit-fallthrough -isysroot /Applications/Xcode.app/Contents/Developer/Platforms/MacOSX.platform/Developer/SDKs/MacOSX27.0.sdk -fstrict-aliasing -Wdeprecated-declarations -Winvalid-offsetof -Wno-sign-conversion -Wno-infinite-recursion -Wno-move -Wno-comma -Wno-block-capture-autoreleasing -Wno-strict-prototypes -Wno-range-loop-analysis -Wno-semicolon-before-method-body -index-store-path /Users/buddhirajgautam/Library/Developer/Xcode/DerivedData/Telegram-Mac-fygdgghdgmuleoelvxabfmqiotta/Index.noindex/DataStore @/Users/buddhirajgautam/Library/Developer/Xcode/DerivedData/Telegram-Mac-fygdgghdgmuleoelvxabfmqiotta/Build/Intermediates.noindex/TgVoipWebrtc.build/Debug/TgVoipWebrtc-t.build/Objects-normal/arm64/82b82416624d2658e5098eb0a28c15c5-common-args.resp -MMD -MT dependencies -MF /Users/buddhirajgautam/Library/Developer/Xcode/DerivedData/Telegram-Mac-fygdgghdgmuleoelvxabfmqiotta/Build/Intermediates.noindex/TgVoipWebrtc.build/Debug/TgVoipWebrtc-t.build/Objects-normal/arm64/VideoCaptureInterface.d --serialize-diagnostics /Users/buddhirajgautam/Library/Developer/Xcode/DerivedData/Telegram-Mac-fygdgghdgmuleoelvxabfmqiotta/Build/Intermediates.noindex/TgVoipWebrtc.build/Debug/TgVoipWebrtc-t.build/Objects-normal/arm64/VideoCaptureInterface.dia -c /Users/buddhirajgautam/Documents/Cherrygram-Mac/macOS-Swift/submodules/tgcalls/tgcalls/VideoCaptureInterface.cpp -o /Users/buddhirajgautam/Library/Developer/Xcode/DerivedData/Telegram-Mac-fygdgghdgmuleoelvxabfmqiotta/Build/Intermediates.noindex/TgVoipWebrtc.build/Debug/TgVoipWebrtc-t.build/Objects-normal/arm64/VideoCaptureInterface.o -index-unit-output-path /TgVoipWebrtc.build/Debug/TgVoipWebrtc-t.build/Objects-normal/arm64/VideoCaptureInterface.o
In file included from /Users/buddhirajgautam/Documents/Cherrygram-Mac/macOS-Swift/submodules/tgcalls/tgcalls/VideoCaptureInterface.cpp:3:
In file included from /Users/buddhirajgautam/Documents/Cherrygram-Mac/macOS-Swift/submodules/tgcalls/tgcalls/VideoCaptureInterfaceImpl.h:6:
In file included from /Users/buddhirajgautam/Documents/Cherrygram-Mac/macOS-Swift/submodules/tgcalls/tgcalls/ThreadLocalObject.h:4:
In file included from /Users/buddhirajgautam/Documents/Cherrygram-Mac/macOS-Swift/submodules/tgcalls/SharedHeaders/webrtc/rtc_base/thread.h:26:
In file included from /Users/buddhirajgautam/Documents/Cherrygram-Mac/macOS-Swift/submodules/tgcalls/SharedHeaders/webrtc/third_party/abseil-cpp/absl/strings/string_view.h:40:
In file included from /Users/buddhirajgautam/Documents/Cherrygram-Mac/macOS-Swift/submodules/tgcalls/SharedHeaders/webrtc/third_party/abseil-cpp/absl/base/nullability.h:153:
In file included from /Users/buddhirajgautam/Documents/Cherrygram-Mac/macOS-Swift/submodules/tgcalls/SharedHeaders/webrtc/third_party/abseil-cpp/absl/base/internal/nullability_impl.h:22:
/Users/buddhirajgautam/Documents/Cherrygram-Mac/macOS-Swift/submodules/tgcalls/SharedHeaders/webrtc/third_party/abseil-cpp/absl/meta/type_traits.h:511:36: warning: builtin __is_trivially_relocatable is deprecated; use __builtin_is_cpp_trivially_relocatable instead [-Wdeprecated-builtins]
  511 |     : std::integral_constant<bool, __is_trivially_relocatable(T)> {};
      |                                    ^
1 warning generated.

CompileC /Users/buddhirajgautam/Library/Developer/Xcode/DerivedData/Telegram-Mac-fygdgghdgmuleoelvxabfmqiotta/Build/Intermediates.noindex/TgVoipWebrtc.build/Debug/TgVoipWebrtc-t.build/Objects-normal/arm64/VideoCameraCapturerMac.o /Users/buddhirajgautam/Documents/Cherrygram-Mac/macOS-Swift/submodules/tgcalls/tgcalls/platform/darwin/VideoCameraCapturerMac.mm normal arm64 objective-c++ com.apple.compilers.llvm.clang.1_0.compiler (in target 'TgVoipWebrtc' from project 'TgVoipWebrtc')
    cd /Users/buddhirajgautam/Documents/Cherrygram-Mac/macOS-Swift
    
    Using response file: /Users/buddhirajgautam/Library/Developer/Xcode/DerivedData/Telegram-Mac-fygdgghdgmuleoelvxabfmqiotta/Build/Intermediates.noindex/TgVoipWebrtc.build/Debug/TgVoipWebrtc-t.build/Objects-normal/arm64/af3fcb34312c57c0f52879cdce924b91-common-args.resp
    
    /Applications/Xcode.app/Contents/Developer/Toolchains/XcodeDefault.xctoolchain/usr/bin/clang -x objective-c++ -ivfsstatcache /Users/buddhirajgautam/Library/Developer/Xcode/DerivedData/SDKStatCaches.noindex/macosx27.0-26A425-e829b21a6f8c9b70876ba0858053c0447231f6df4def33e022ae2eb8f782df1a.sdkstatcache -target arm64-apple-macos12.0 -fmessage-length\=0 -fdiagnostics-show-note-include-stack -fmacro-backtrace-limit\=0 -fno-color-diagnostics -fmodules-prune-interval\=86400 -fmodules-prune-after\=345600 -fbuild-session-file\=/Users/buddhirajgautam/Library/Developer/Xcode/DerivedData/ModuleCache.noindex/Session.modulevalidation -fmodules-validate-once-per-build-session -Wnon-modular-include-in-framework-module -Werror\=non-modular-include-in-framework-module -Wno-trigraphs -Wno-missing-field-initializers -Wno-missing-prototypes -Wno-return-type -Wno-implicit-atomic-properties -Wno-objc-interface-ivars -Wno-arc-repeated-use-of-weak -Wno-non-virtual-dtor -Wno-overloaded-virtual -Wno-exit-time-destructors -Wno-missing-braces -Wparentheses -Wswitch -Wno-unused-function -Wno-unused-label -Wno-unused-parameter -Wno-unused-variable -Wunused-value -Wno-empty-body -Wno-uninitialized -Wno-unknown-pragmas -Wno-shadow -Wno-four-char-constants -Wno-conversion -Wno-constant-conversion -Wno-int-conversion -Wno-bool-conversion -Wno-enum-conversion -Wno-float-conversion -Wno-non-literal-null-conversion -Wno-objc-literal-conversion -Wshorten-64-to-32 -Wno-newline-eof -Wno-selector -Wno-strict-selector-match -Wno-undeclared-selector -Wno-deprecated-implementations -Wno-c++11-extensions -Wno-implicit-fallthrough -isysroot /Applications/Xcode.app/Contents/Developer/Platforms/MacOSX.platform/Developer/SDKs/MacOSX27.0.sdk -fstrict-aliasing -Wprotocol -Wdeprecated-declarations -Winvalid-offsetof -Wno-sign-conversion -Wno-infinite-recursion -Wno-move -Wno-comma -Wno-block-capture-autoreleasing -Wno-strict-prototypes -Wno-range-loop-analysis -Wno-semicolon-before-method-body -index-store-path /Users/buddhirajgautam/Library/Developer/Xcode/DerivedData/Telegram-Mac-fygdgghdgmuleoelvxabfmqiotta/Index.noindex/DataStore @/Users/buddhirajgautam/Library/Developer/Xcode/DerivedData/Telegram-Mac-fygdgghdgmuleoelvxabfmqiotta/Build/Intermediates.noindex/TgVoipWebrtc.build/Debug/TgVoipWebrtc-t.build/Objects-normal/arm64/af3fcb34312c57c0f52879cdce924b91-common-args.resp -MMD -MT dependencies -MF /Users/buddhirajgautam/Library/Developer/Xcode/DerivedData/Telegram-Mac-fygdgghdgmuleoelvxabfmqiotta/Build/Intermediates.noindex/TgVoipWebrtc.build/Debug/TgVoipWebrtc-t.build/Objects-normal/arm64/VideoCameraCapturerMac.d --serialize-diagnostics /Users/buddhirajgautam/Library/Developer/Xcode/DerivedData/Telegram-Mac-fygdgghdgmuleoelvxabfmqiotta/Build/Intermediates.noindex/TgVoipWebrtc.build/Debug/TgVoipWebrtc-t.build/Objects-normal/arm64/VideoCameraCapturerMac.dia -c /Users/buddhirajgautam/Documents/Cherrygram-Mac/macOS-Swift/submodules/tgcalls/tgcalls/platform/darwin/VideoCameraCapturerMac.mm -o /Users/buddhirajgautam/Library/Developer/Xcode/DerivedData/Telegram-Mac-fygdgghdgmuleoelvxabfmqiotta/Build/Intermediates.noindex/TgVoipWebrtc.build/Debug/TgVoipWebrtc-t.build/Objects-normal/arm64/VideoCameraCapturerMac.o -index-unit-output-path /TgVoipWebrtc.build/Debug/TgVoipWebrtc-t.build/Objects-normal/arm64/VideoCameraCapturerMac.o
In file included from /Users/buddhirajgautam/Documents/Cherrygram-Mac/macOS-Swift/submodules/tgcalls/tgcalls/platform/darwin/VideoCameraCapturerMac.mm:1:
In file included from /Users/buddhirajgautam/Documents/Cherrygram-Mac/macOS-Swift/submodules/tgcalls/tgcalls/platform/darwin/VideoCameraCapturerMac.h:9:
In file included from /Users/buddhirajgautam/Documents/Cherrygram-Mac/macOS-Swift/submodules/tgcalls/SharedHeaders/webrtc/api/media_stream_interface.h:24:
In file included from /Users/buddhirajgautam/Documents/Cherrygram-Mac/macOS-Swift/submodules/tgcalls/SharedHeaders/webrtc/third_party/abseil-cpp/absl/types/optional.h:39:
In file included from /Users/buddhirajgautam/Documents/Cherrygram-Mac/macOS-Swift/submodules/tgcalls/SharedHeaders/webrtc/third_party/abseil-cpp/absl/utility/utility.h:45:
/Users/buddhirajgautam/Documents/Cherrygram-Mac/macOS-Swift/submodules/tgcalls/SharedHeaders/webrtc/third_party/abseil-cpp/absl/meta/type_traits.h:511:36: warning: builtin __is_trivially_relocatable is deprecated; use __builtin_is_cpp_trivially_relocatable instead [-Wdeprecated-builtins]
  511 |     : std::integral_constant<bool, __is_trivially_relocatable(T)> {};
      |                                    ^
/Users/buddhirajgautam/Documents/Cherrygram-Mac/macOS-Swift/submodules/tgcalls/tgcalls/platform/darwin/VideoCameraCapturerMac.mm:248:69: warning: 'devicesWithMediaType:' is deprecated: first deprecated in macOS 10.15 - Use AVCaptureDeviceDiscoverySession instead. [-Wdeprecated-declarations]
  248 |     NSMutableArray<AVCaptureDevice *> * devices = [[AVCaptureDevice devicesWithMediaType:AVMediaTypeVideo] mutableCopy];
      |                                                                     ^
In file included from /Users/buddhirajgautam/Documents/Cherrygram-Mac/macOS-Swift/submodules/tgcalls/tgcalls/platform/darwin/VideoCameraCapturerMac.mm:1:
In file included from /Users/buddhirajgautam/Documents/Cherrygram-Mac/macOS-Swift/submodules/tgcalls/tgcalls/platform/darwin/VideoCameraCapturerMac.h:5:
In file included from /Applications/Xcode.app/Contents/Developer/Platforms/MacOSX.platform/Developer/SDKs/MacOSX27.0.sdk/System/Library/Frameworks/AVFoundation.framework/Headers/AVFoundation.h:23:
In file included from /Applications/Xcode.app/Contents/Developer/Platforms/MacOSX.platform/Developer/SDKs/MacOSX27.0.sdk/System/Library/Frameworks/AVFoundation.framework/Headers/AVFCapture.h:13:
In file included from /Applications/Xcode.app/Contents/Developer/Platforms/MacOSX.platform/Developer/SDKs/MacOSX27.0.sdk/System/Library/Frameworks/AVFoundation.framework/Headers/AVCaptureAudioDataOutput.h:10:
In file included from /Applications/Xcode.app/Contents/Developer/Platforms/MacOSX.platform/Developer/SDKs/MacOSX27.0.sdk/System/Library/Frameworks/AVFoundation.framework/Headers/AVCaptureOutputBase.h:13:
In file included from /Applications/Xcode.app/Contents/Developer/Platforms/MacOSX.platform/Developer/SDKs/MacOSX27.0.sdk/System/Library/Frameworks/AVFoundation.framework/Headers/AVCaptureSession.h:11:
/Applications/Xcode.app/Contents/Developer/Platforms/MacOSX.platform/Developer/SDKs/MacOSX27.0.sdk/System/Library/Frameworks/AVFoundation.framework/Headers/AVCaptureDevice.h:168:1: note: 'devicesWithMediaType:' has been explicitly marked deprecated here
  168 | + (NSArray<AVCaptureDevice *> *)devicesWithMediaType:(AVMediaType)mediaType API_DEPRECATED("Use AVCaptureDeviceDiscoverySession instead.", ios(4.0, 10.0), macos(10.7, 10.15)) API_UNAVAILABLE(visionos) API_UNAVAILABLE(tvos);
      | ^
/Users/buddhirajgautam/Documents/Cherrygram-Mac/macOS-Swift/submodules/tgcalls/tgcalls/platform/darwin/VideoCameraCapturerMac.mm:250:51: warning: 'devicesWithMediaType:' is deprecated: first deprecated in macOS 10.15 - Use AVCaptureDeviceDiscoverySession instead. [-Wdeprecated-declarations]
  250 |     [devices addObjectsFromArray:[AVCaptureDevice devicesWithMediaType:AVMediaTypeMuxed]];
      |                                                   ^
In file included from /Users/buddhirajgautam/Documents/Cherrygram-Mac/macOS-Swift/submodules/tgcalls/tgcalls/platform/darwin/VideoCameraCapturerMac.mm:1:
In file included from /Users/buddhirajgautam/Documents/Cherrygram-Mac/macOS-Swift/submodules/tgcalls/tgcalls/platform/darwin/VideoCameraCapturerMac.h:5:
In file included from /Applications/Xcode.app/Contents/Developer/Platforms/MacOSX.platform/Developer/SDKs/MacOSX27.0.sdk/System/Library/Frameworks/AVFoundation.framework/Headers/AVFoundation.h:23:
In file included from /Applications/Xcode.app/Contents/Developer/Platforms/MacOSX.platform/Developer/SDKs/MacOSX27.0.sdk/System/Library/Frameworks/AVFoundation.framework/Headers/AVFCapture.h:13:
In file included from /Applications/Xcode.app/Contents/Developer/Platforms/MacOSX.platform/Developer/SDKs/MacOSX27.0.sdk/System/Library/Frameworks/AVFoundation.framework/Headers/AVCaptureAudioDataOutput.h:10:
In file included from /Applications/Xcode.app/Contents/Developer/Platforms/MacOSX.platform/Developer/SDKs/MacOSX27.0.sdk/System/Library/Frameworks/AVFoundation.framework/Headers/AVCaptureOutputBase.h:13:
In file included from /Applications/Xcode.app/Contents/Developer/Platforms/MacOSX.platform/Developer/SDKs/MacOSX27.0.sdk/System/Library/Frameworks/AVFoundation.framework/Headers/AVCaptureSession.h:11:
/Applications/Xcode.app/Contents/Developer/Platforms/MacOSX.platform/Developer/SDKs/MacOSX27.0.sdk/System/Library/Frameworks/AVFoundation.framework/Headers/AVCaptureDevice.h:168:1: note: 'devicesWithMediaType:' has been explicitly marked deprecated here
  168 | + (NSArray<AVCaptureDevice *> *)devicesWithMediaType:(AVMediaType)mediaType API_DEPRECATED("Use AVCaptureDeviceDiscoverySession instead.", ios(4.0, 10.0), macos(10.7, 10.15)) API_UNAVAILABLE(visionos) API_UNAVAILABLE(tvos);
      | ^
3 warnings generated.

CompileC /Users/buddhirajgautam/Library/Developer/Xcode/DerivedData/Telegram-Mac-fygdgghdgmuleoelvxabfmqiotta/Build/Intermediates.noindex/TgVoipWebrtc.build/Debug/TgVoipWebrtc-t.build/Objects-normal/arm64/VideoCMIOCapture.o /Users/buddhirajgautam/Documents/Cherrygram-Mac/macOS-Swift/submodules/tgcalls/tgcalls/platform/darwin/VideoCMIOCapture.mm normal arm64 objective-c++ com.apple.compilers.llvm.clang.1_0.compiler (in target 'TgVoipWebrtc' from project 'TgVoipWebrtc')
    cd /Users/buddhirajgautam/Documents/Cherrygram-Mac/macOS-Swift
    
    Using response file: /Users/buddhirajgautam/Library/Developer/Xcode/DerivedData/Telegram-Mac-fygdgghdgmuleoelvxabfmqiotta/Build/Intermediates.noindex/TgVoipWebrtc.build/Debug/TgVoipWebrtc-t.build/Objects-normal/arm64/af3fcb34312c57c0f52879cdce924b91-common-args.resp
    
    /Applications/Xcode.app/Contents/Developer/Toolchains/XcodeDefault.xctoolchain/usr/bin/clang -x objective-c++ -ivfsstatcache /Users/buddhirajgautam/Library/Developer/Xcode/DerivedData/SDKStatCaches.noindex/macosx27.0-26A425-e829b21a6f8c9b70876ba0858053c0447231f6df4def33e022ae2eb8f782df1a.sdkstatcache -target arm64-apple-macos12.0 -fmessage-length\=0 -fdiagnostics-show-note-include-stack -fmacro-backtrace-limit\=0 -fno-color-diagnostics -fmodules-prune-interval\=86400 -fmodules-prune-after\=345600 -fbuild-session-file\=/Users/buddhirajgautam/Library/Developer/Xcode/DerivedData/ModuleCache.noindex/Session.modulevalidation -fmodules-validate-once-per-build-session -Wnon-modular-include-in-framework-module -Werror\=non-modular-include-in-framework-module -Wno-trigraphs -Wno-missing-field-initializers -Wno-missing-prototypes -Wno-return-type -Wno-implicit-atomic-properties -Wno-objc-interface-ivars -Wno-arc-repeated-use-of-weak -Wno-non-virtual-dtor -Wno-overloaded-virtual -Wno-exit-time-destructors -Wno-missing-braces -Wparentheses -Wswitch -Wno-unused-function -Wno-unused-label -Wno-unused-parameter -Wno-unused-variable -Wunused-value -Wno-empty-body -Wno-uninitialized -Wno-unknown-pragmas -Wno-shadow -Wno-four-char-constants -Wno-conversion -Wno-constant-conversion -Wno-int-conversion -Wno-bool-conversion -Wno-enum-conversion -Wno-float-conversion -Wno-non-literal-null-conversion -Wno-objc-literal-conversion -Wshorten-64-to-32 -Wno-newline-eof -Wno-selector -Wno-strict-selector-match -Wno-undeclared-selector -Wno-deprecated-implementations -Wno-c++11-extensions -Wno-implicit-fallthrough -isysroot /Applications/Xcode.app/Contents/Developer/Platforms/MacOSX.platform/Developer/SDKs/MacOSX27.0.sdk -fstrict-aliasing -Wprotocol -Wdeprecated-declarations -Winvalid-offsetof -Wno-sign-conversion -Wno-infinite-recursion -Wno-move -Wno-comma -Wno-block-capture-autoreleasing -Wno-strict-prototypes -Wno-range-loop-analysis -Wno-semicolon-before-method-body -index-store-path /Users/buddhirajgautam/Library/Developer/Xcode/DerivedData/Telegram-Mac-fygdgghdgmuleoelvxabfmqiotta/Index.noindex/DataStore @/Users/buddhirajgautam/Library/Developer/Xcode/DerivedData/Telegram-Mac-fygdgghdgmuleoelvxabfmqiotta/Build/Intermediates.noindex/TgVoipWebrtc.build/Debug/TgVoipWebrtc-t.build/Objects-normal/arm64/af3fcb34312c57c0f52879cdce924b91-common-args.resp -MMD -MT dependencies -MF /Users/buddhirajgautam/Library/Developer/Xcode/DerivedData/Telegram-Mac-fygdgghdgmuleoelvxabfmqiotta/Build/Intermediates.noindex/TgVoipWebrtc.build/Debug/TgVoipWebrtc-t.build/Objects-normal/arm64/VideoCMIOCapture.d --serialize-diagnostics /Users/buddhirajgautam/Library/Developer/Xcode/DerivedData/Telegram-Mac-fygdgghdgmuleoelvxabfmqiotta/Build/Intermediates.noindex/TgVoipWebrtc.build/Debug/TgVoipWebrtc-t.build/Objects-normal/arm64/VideoCMIOCapture.dia -c /Users/buddhirajgautam/Documents/Cherrygram-Mac/macOS-Swift/submodules/tgcalls/tgcalls/platform/darwin/VideoCMIOCapture.mm -o /Users/buddhirajgautam/Library/Developer/Xcode/DerivedData/Telegram-Mac-fygdgghdgmuleoelvxabfmqiotta/Build/Intermediates.noindex/TgVoipWebrtc.build/Debug/TgVoipWebrtc-t.build/Objects-normal/arm64/VideoCMIOCapture.o -index-unit-output-path /TgVoipWebrtc.build/Debug/TgVoipWebrtc-t.build/Objects-normal/arm64/VideoCMIOCapture.o
In file included from /Users/buddhirajgautam/Documents/Cherrygram-Mac/macOS-Swift/submodules/tgcalls/tgcalls/platform/darwin/VideoCMIOCapture.mm:9:
In file included from /Users/buddhirajgautam/Documents/Cherrygram-Mac/macOS-Swift/submodules/tgcalls/tgcalls/platform/darwin/VideoCMIOCapture.h:10:
In file included from /Users/buddhirajgautam/Documents/Cherrygram-Mac/macOS-Swift/submodules/tgcalls/tgcalls/platform/darwin/VideoCameraCapturerMac.h:9:
In file included from /Users/buddhirajgautam/Documents/Cherrygram-Mac/macOS-Swift/submodules/tgcalls/SharedHeaders/webrtc/api/media_stream_interface.h:24:
In file included from /Users/buddhirajgautam/Documents/Cherrygram-Mac/macOS-Swift/submodules/tgcalls/SharedHeaders/webrtc/third_party/abseil-cpp/absl/types/optional.h:39:
In file included from /Users/buddhirajgautam/Documents/Cherrygram-Mac/macOS-Swift/submodules/tgcalls/SharedHeaders/webrtc/third_party/abseil-cpp/absl/utility/utility.h:45:
/Users/buddhirajgautam/Documents/Cherrygram-Mac/macOS-Swift/submodules/tgcalls/SharedHeaders/webrtc/third_party/abseil-cpp/absl/meta/type_traits.h:511:36: warning: builtin __is_trivially_relocatable is deprecated; use __builtin_is_cpp_trivially_relocatable instead [-Wdeprecated-builtins]
  511 |     : std::integral_constant<bool, __is_trivially_relocatable(T)> {};
      |                                    ^
1 warning generated.

CompileC /Users/buddhirajgautam/Library/Developer/Xcode/DerivedData/Telegram-Mac-fygdgghdgmuleoelvxabfmqiotta/Build/Intermediates.noindex/TgVoipWebrtc.build/Debug/TgVoipWebrtc-t.build/Objects-normal/arm64/TurnCustomizerImpl.o /Users/buddhirajgautam/Documents/Cherrygram-Mac/macOS-Swift/submodules/tgcalls/tgcalls/TurnCustomizerImpl.cpp normal arm64 c++ com.apple.compilers.llvm.clang.1_0.compiler (in target 'TgVoipWebrtc' from project 'TgVoipWebrtc')
    cd /Users/buddhirajgautam/Documents/Cherrygram-Mac/macOS-Swift
    
    Using response file: /Users/buddhirajgautam/Library/Developer/Xcode/DerivedData/Telegram-Mac-fygdgghdgmuleoelvxabfmqiotta/Build/Intermediates.noindex/TgVoipWebrtc.build/Debug/TgVoipWebrtc-t.build/Objects-normal/arm64/82b82416624d2658e5098eb0a28c15c5-common-args.resp
    
    /Applications/Xcode.app/Contents/Developer/Toolchains/XcodeDefault.xctoolchain/usr/bin/clang -x c++ -ivfsstatcache /Users/buddhirajgautam/Library/Developer/Xcode/DerivedData/SDKStatCaches.noindex/macosx27.0-26A425-e829b21a6f8c9b70876ba0858053c0447231f6df4def33e022ae2eb8f782df1a.sdkstatcache -target arm64-apple-macos12.0 -fmessage-length\=0 -fdiagnostics-show-note-include-stack -fmacro-backtrace-limit\=0 -fno-color-diagnostics -fmodules-prune-interval\=86400 -fmodules-prune-after\=345600 -fbuild-session-file\=/Users/buddhirajgautam/Library/Developer/Xcode/DerivedData/ModuleCache.noindex/Session.modulevalidation -fmodules-validate-once-per-build-session -Wnon-modular-include-in-framework-module -Werror\=non-modular-include-in-framework-module -Wno-trigraphs -Wno-missing-field-initializers -Wno-missing-prototypes -Wno-return-type -Wno-non-virtual-dtor -Wno-overloaded-virtual -Wno-exit-time-destructors -Wno-missing-braces -Wparentheses -Wswitch -Wno-unused-function -Wno-unused-label -Wno-unused-parameter -Wno-unused-variable -Wunused-value -Wno-empty-body -Wno-uninitialized -Wno-unknown-pragmas -Wno-shadow -Wno-four-char-constants -Wno-conversion -Wno-constant-conversion -Wno-int-conversion -Wno-bool-conversion -Wno-enum-conversion -Wno-float-conversion -Wno-non-literal-null-conversion -Wno-objc-literal-conversion -Wshorten-64-to-32 -Wno-newline-eof -Wno-c++11-extensions -Wno-implicit-fallthrough -isysroot /Applications/Xcode.app/Contents/Developer/Platforms/MacOSX.platform/Developer/SDKs/MacOSX27.0.sdk -fstrict-aliasing -Wdeprecated-declarations -Winvalid-offsetof -Wno-sign-conversion -Wno-infinite-recursion -Wno-move -Wno-comma -Wno-block-capture-autoreleasing -Wno-strict-prototypes -Wno-range-loop-analysis -Wno-semicolon-before-method-body -index-store-path /Users/buddhirajgautam/Library/Developer/Xcode/DerivedData/Telegram-Mac-fygdgghdgmuleoelvxabfmqiotta/Index.noindex/DataStore @/Users/buddhirajgautam/Library/Developer/Xcode/DerivedData/Telegram-Mac-fygdgghdgmuleoelvxabfmqiotta/Build/Intermediates.noindex/TgVoipWebrtc.build/Debug/TgVoipWebrtc-t.build/Objects-normal/arm64/82b82416624d2658e5098eb0a28c15c5-common-args.resp -MMD -MT dependencies -MF /Users/buddhirajgautam/Library/Developer/Xcode/DerivedData/Telegram-Mac-fygdgghdgmuleoelvxabfmqiotta/Build/Intermediates.noindex/TgVoipWebrtc.build/Debug/TgVoipWebrtc-t.build/Objects-normal/arm64/TurnCustomizerImpl.d --serialize-diagnostics /Users/buddhirajgautam/Library/Developer/Xcode/DerivedData/Telegram-Mac-fygdgghdgmuleoelvxabfmqiotta/Build/Intermediates.noindex/TgVoipWebrtc.build/Debug/TgVoipWebrtc-t.build/Objects-normal/arm64/TurnCustomizerImpl.dia -c /Users/buddhirajgautam/Documents/Cherrygram-Mac/macOS-Swift/submodules/tgcalls/tgcalls/TurnCustomizerImpl.cpp -o /Users/buddhirajgautam/Library/Developer/Xcode/DerivedData/Telegram-Mac-fygdgghdgmuleoelvxabfmqiotta/Build/Intermediates.noindex/TgVoipWebrtc.build/Debug/TgVoipWebrtc-t.build/Objects-normal/arm64/TurnCustomizerImpl.o -index-unit-output-path /TgVoipWebrtc.build/Debug/TgVoipWebrtc-t.build/Objects-normal/arm64/TurnCustomizerImpl.o
In file included from /Users/buddhirajgautam/Documents/Cherrygram-Mac/macOS-Swift/submodules/tgcalls/tgcalls/TurnCustomizerImpl.cpp:1:
In file included from /Users/buddhirajgautam/Documents/Cherrygram-Mac/macOS-Swift/submodules/tgcalls/tgcalls/TurnCustomizerImpl.h:4:
In file included from /Users/buddhirajgautam/Documents/Cherrygram-Mac/macOS-Swift/submodules/tgcalls/SharedHeaders/webrtc/api/turn_customizer.h:16:
In file included from /Users/buddhirajgautam/Documents/Cherrygram-Mac/macOS-Swift/submodules/tgcalls/SharedHeaders/webrtc/api/transport/stun.h:25:
In file included from /Users/buddhirajgautam/Documents/Cherrygram-Mac/macOS-Swift/submodules/tgcalls/SharedHeaders/webrtc/third_party/abseil-cpp/absl/strings/string_view.h:40:
In file included from /Users/buddhirajgautam/Documents/Cherrygram-Mac/macOS-Swift/submodules/tgcalls/SharedHeaders/webrtc/third_party/abseil-cpp/absl/base/nullability.h:153:
In file included from /Users/buddhirajgautam/Documents/Cherrygram-Mac/macOS-Swift/submodules/tgcalls/SharedHeaders/webrtc/third_party/abseil-cpp/absl/base/internal/nullability_impl.h:22:
/Users/buddhirajgautam/Documents/Cherrygram-Mac/macOS-Swift/submodules/tgcalls/SharedHeaders/webrtc/third_party/abseil-cpp/absl/meta/type_traits.h:511:36: warning: builtin __is_trivially_relocatable is deprecated; use __builtin_is_cpp_trivially_relocatable instead [-Wdeprecated-builtins]
  511 |     : std::integral_constant<bool, __is_trivially_relocatable(T)> {};
      |                                    ^
1 warning generated.

CompileC /Users/buddhirajgautam/Library/Developer/Xcode/DerivedData/Telegram-Mac-fygdgghdgmuleoelvxabfmqiotta/Build/Intermediates.noindex/TgVoipWebrtc.build/Debug/TgVoipWebrtc-t.build/Objects-normal/arm64/ThreadLocalObject.o /Users/buddhirajgautam/Documents/Cherrygram-Mac/macOS-Swift/submodules/tgcalls/tgcalls/ThreadLocalObject.cpp normal arm64 c++ com.apple.compilers.llvm.clang.1_0.compiler (in target 'TgVoipWebrtc' from project 'TgVoipWebrtc')
    cd /Users/buddhirajgautam/Documents/Cherrygram-Mac/macOS-Swift
    
    Using response file: /Users/buddhirajgautam/Library/Developer/Xcode/DerivedData/Telegram-Mac-fygdgghdgmuleoelvxabfmqiotta/Build/Intermediates.noindex/TgVoipWebrtc.build/Debug/TgVoipWebrtc-t.build/Objects-normal/arm64/82b82416624d2658e5098eb0a28c15c5-common-args.resp
    
    /Applications/Xcode.app/Contents/Developer/Toolchains/XcodeDefault.xctoolchain/usr/bin/clang -x c++ -ivfsstatcache /Users/buddhirajgautam/Library/Developer/Xcode/DerivedData/SDKStatCaches.noindex/macosx27.0-26A425-e829b21a6f8c9b70876ba0858053c0447231f6df4def33e022ae2eb8f782df1a.sdkstatcache -target arm64-apple-macos12.0 -fmessage-length\=0 -fdiagnostics-show-note-include-stack -fmacro-backtrace-limit\=0 -fno-color-diagnostics -fmodules-prune-interval\=86400 -fmodules-prune-after\=345600 -fbuild-session-file\=/Users/buddhirajgautam/Library/Developer/Xcode/DerivedData/ModuleCache.noindex/Session.modulevalidation -fmodules-validate-once-per-build-session -Wnon-modular-include-in-framework-module -Werror\=non-modular-include-in-framework-module -Wno-trigraphs -Wno-missing-field-initializers -Wno-missing-prototypes -Wno-return-type -Wno-non-virtual-dtor -Wno-overloaded-virtual -Wno-exit-time-destructors -Wno-missing-braces -Wparentheses -Wswitch -Wno-unused-function -Wno-unused-label -Wno-unused-parameter -Wno-unused-variable -Wunused-value -Wno-empty-body -Wno-uninitialized -Wno-unknown-pragmas -Wno-shadow -Wno-four-char-constants -Wno-conversion -Wno-constant-conversion -Wno-int-conversion -Wno-bool-conversion -Wno-enum-conversion -Wno-float-conversion -Wno-non-literal-null-conversion -Wno-objc-literal-conversion -Wshorten-64-to-32 -Wno-newline-eof -Wno-c++11-extensions -Wno-implicit-fallthrough -isysroot /Applications/Xcode.app/Contents/Developer/Platforms/MacOSX.platform/Developer/SDKs/MacOSX27.0.sdk -fstrict-aliasing -Wdeprecated-declarations -Winvalid-offsetof -Wno-sign-conversion -Wno-infinite-recursion -Wno-move -Wno-comma -Wno-block-capture-autoreleasing -Wno-strict-prototypes -Wno-range-loop-analysis -Wno-semicolon-before-method-body -index-store-path /Users/buddhirajgautam/Library/Developer/Xcode/DerivedData/Telegram-Mac-fygdgghdgmuleoelvxabfmqiotta/Index.noindex/DataStore @/Users/buddhirajgautam/Library/Developer/Xcode/DerivedData/Telegram-Mac-fygdgghdgmuleoelvxabfmqiotta/Build/Intermediates.noindex/TgVoipWebrtc.build/Debug/TgVoipWebrtc-t.build/Objects-normal/arm64/82b82416624d2658e5098eb0a28c15c5-common-args.resp -MMD -MT dependencies -MF /Users/buddhirajgautam/Library/Developer/Xcode/DerivedData/Telegram-Mac-fygdgghdgmuleoelvxabfmqiotta/Build/Intermediates.noindex/TgVoipWebrtc.build/Debug/TgVoipWebrtc-t.build/Objects-normal/arm64/ThreadLocalObject.d --serialize-diagnostics /Users/buddhirajgautam/Library/Developer/Xcode/DerivedData/Telegram-Mac-fygdgghdgmuleoelvxabfmqiotta/Build/Intermediates.noindex/TgVoipWebrtc.build/Debug/TgVoipWebrtc-t.build/Objects-normal/arm64/ThreadLocalObject.dia -c /Users/buddhirajgautam/Documents/Cherrygram-Mac/macOS-Swift/submodules/tgcalls/tgcalls/ThreadLocalObject.cpp -o /Users/buddhirajgautam/Library/Developer/Xcode/DerivedData/Telegram-Mac-fygdgghdgmuleoelvxabfmqiotta/Build/Intermediates.noindex/TgVoipWebrtc.build/Debug/TgVoipWebrtc-t.build/Objects-normal/arm64/ThreadLocalObject.o -index-unit-output-path /TgVoipWebrtc.build/Debug/TgVoipWebrtc-t.build/Objects-normal/arm64/ThreadLocalObject.o

CompileC /Users/buddhirajgautam/Library/Developer/Xcode/DerivedData/Telegram-Mac-fygdgghdgmuleoelvxabfmqiotta/Build/Intermediates.noindex/TgVoipWebrtc.build/Debug/TgVoipWebrtc-t.build/Objects-normal/arm64/TGRTCVideoEncoderH265.o /Users/buddhirajgautam/Documents/Cherrygram-Mac/macOS-Swift/submodules/tgcalls/tgcalls/platform/darwin/TGRTCVideoEncoderH265.mm normal arm64 objective-c++ com.apple.compilers.llvm.clang.1_0.compiler (in target 'TgVoipWebrtc' from project 'TgVoipWebrtc')
    cd /Users/buddhirajgautam/Documents/Cherrygram-Mac/macOS-Swift
    
    Using response file: /Users/buddhirajgautam/Library/Developer/Xcode/DerivedData/Telegram-Mac-fygdgghdgmuleoelvxabfmqiotta/Build/Intermediates.noindex/TgVoipWebrtc.build/Debug/TgVoipWebrtc-t.build/Objects-normal/arm64/af3fcb34312c57c0f52879cdce924b91-common-args.resp
    
    /Applications/Xcode.app/Contents/Developer/Toolchains/XcodeDefault.xctoolchain/usr/bin/clang -x objective-c++ -ivfsstatcache /Users/buddhirajgautam/Library/Developer/Xcode/DerivedData/SDKStatCaches.noindex/macosx27.0-26A425-e829b21a6f8c9b70876ba0858053c0447231f6df4def33e022ae2eb8f782df1a.sdkstatcache -target arm64-apple-macos12.0 -fmessage-length\=0 -fdiagnostics-show-note-include-stack -fmacro-backtrace-limit\=0 -fno-color-diagnostics -fmodules-prune-interval\=86400 -fmodules-prune-after\=345600 -fbuild-session-file\=/Users/buddhirajgautam/Library/Developer/Xcode/DerivedData/ModuleCache.noindex/Session.modulevalidation -fmodules-validate-once-per-build-session -Wnon-modular-include-in-framework-module -Werror\=non-modular-include-in-framework-module -Wno-trigraphs -Wno-missing-field-initializers -Wno-missing-prototypes -Wno-return-type -Wno-implicit-atomic-properties -Wno-objc-interface-ivars -Wno-arc-repeated-use-of-weak -Wno-non-virtual-dtor -Wno-overloaded-virtual -Wno-exit-time-destructors -Wno-missing-braces -Wparentheses -Wswitch -Wno-unused-function -Wno-unused-label -Wno-unused-parameter -Wno-unused-variable -Wunused-value -Wno-empty-body -Wno-uninitialized -Wno-unknown-pragmas -Wno-shadow -Wno-four-char-constants -Wno-conversion -Wno-constant-conversion -Wno-int-conversion -Wno-bool-conversion -Wno-enum-conversion -Wno-float-conversion -Wno-non-literal-null-conversion -Wno-objc-literal-conversion -Wshorten-64-to-32 -Wno-newline-eof -Wno-selector -Wno-strict-selector-match -Wno-undeclared-selector -Wno-deprecated-implementations -Wno-c++11-extensions -Wno-implicit-fallthrough -isysroot /Applications/Xcode.app/Contents/Developer/Platforms/MacOSX.platform/Developer/SDKs/MacOSX27.0.sdk -fstrict-aliasing -Wprotocol -Wdeprecated-declarations -Winvalid-offsetof -Wno-sign-conversion -Wno-infinite-recursion -Wno-move -Wno-comma -Wno-block-capture-autoreleasing -Wno-strict-prototypes -Wno-range-loop-analysis -Wno-semicolon-before-method-body -index-store-path /Users/buddhirajgautam/Library/Developer/Xcode/DerivedData/Telegram-Mac-fygdgghdgmuleoelvxabfmqiotta/Index.noindex/DataStore @/Users/buddhirajgautam/Library/Developer/Xcode/DerivedData/Telegram-Mac-fygdgghdgmuleoelvxabfmqiotta/Build/Intermediates.noindex/TgVoipWebrtc.build/Debug/TgVoipWebrtc-t.build/Objects-normal/arm64/af3fcb34312c57c0f52879cdce924b91-common-args.resp -MMD -MT dependencies -MF /Users/buddhirajgautam/Library/Developer/Xcode/DerivedData/Telegram-Mac-fygdgghdgmuleoelvxabfmqiotta/Build/Intermediates.noindex/TgVoipWebrtc.build/Debug/TgVoipWebrtc-t.build/Objects-normal/arm64/TGRTCVideoEncoderH265.d --serialize-diagnostics /Users/buddhirajgautam/Library/Developer/Xcode/DerivedData/Telegram-Mac-fygdgghdgmuleoelvxabfmqiotta/Build/Intermediates.noindex/TgVoipWebrtc.build/Debug/TgVoipWebrtc-t.build/Objects-normal/arm64/TGRTCVideoEncoderH265.dia -c /Users/buddhirajgautam/Documents/Cherrygram-Mac/macOS-Swift/submodules/tgcalls/tgcalls/platform/darwin/TGRTCVideoEncoderH265.mm -o /Users/buddhirajgautam/Library/Developer/Xcode/DerivedData/Telegram-Mac-fygdgghdgmuleoelvxabfmqiotta/Build/Intermediates.noindex/TgVoipWebrtc.build/Debug/TgVoipWebrtc-t.build/Objects-normal/arm64/TGRTCVideoEncoderH265.o -index-unit-output-path /TgVoipWebrtc.build/Debug/TgVoipWebrtc-t.build/Objects-normal/arm64/TGRTCVideoEncoderH265.o
In file included from /Users/buddhirajgautam/Documents/Cherrygram-Mac/macOS-Swift/submodules/tgcalls/tgcalls/platform/darwin/TGRTCVideoEncoderH265.mm:18:
In file included from /Users/buddhirajgautam/Documents/Cherrygram-Mac/macOS-Swift/submodules/tgcalls/SharedHeaders/webrtc/sdk/objc/api/peerconnection/RTCVideoCodecInfo+Private.h:13:
In file included from /Users/buddhirajgautam/Documents/Cherrygram-Mac/macOS-Swift/submodules/tgcalls/SharedHeaders/webrtc/api/video_codecs/sdp_video_format.h:17:
In file included from /Users/buddhirajgautam/Documents/Cherrygram-Mac/macOS-Swift/submodules/tgcalls/SharedHeaders/webrtc/third_party/abseil-cpp/absl/container/inlined_vector.h:53:
In file included from /Users/buddhirajgautam/Documents/Cherrygram-Mac/macOS-Swift/submodules/tgcalls/SharedHeaders/webrtc/third_party/abseil-cpp/absl/container/internal/inlined_vector.h:31:
In file included from /Users/buddhirajgautam/Documents/Cherrygram-Mac/macOS-Swift/submodules/tgcalls/SharedHeaders/webrtc/third_party/abseil-cpp/absl/container/internal/compressed_tuple.h:40:
In file included from /Users/buddhirajgautam/Documents/Cherrygram-Mac/macOS-Swift/submodules/tgcalls/SharedHeaders/webrtc/third_party/abseil-cpp/absl/utility/utility.h:45:
/Users/buddhirajgautam/Documents/Cherrygram-Mac/macOS-Swift/submodules/tgcalls/SharedHeaders/webrtc/third_party/abseil-cpp/absl/meta/type_traits.h:511:36: warning: builtin __is_trivially_relocatable is deprecated; use __builtin_is_cpp_trivially_relocatable instead [-Wdeprecated-builtins]
  511 |     : std::integral_constant<bool, __is_trivially_relocatable(T)> {};
      |                                    ^
/Users/buddhirajgautam/Documents/Cherrygram-Mac/macOS-Swift/submodules/tgcalls/tgcalls/platform/darwin/TGRTCVideoEncoderH265.mm:116:20: warning: implicit conversion loses integer precision: 'size_t' (aka 'unsigned long') to 'int' [-Wshorten-64-to-32]
  116 |   int dstStrideY = CVPixelBufferGetBytesPerRowOfPlane(pixelBuffer, 0);
      |       ~~~~~~~~~~   ^~~~~~~~~~~~~~~~~~~~~~~~~~~~~~~~~~~~~~~~~~~~~~~~~~
/Users/buddhirajgautam/Documents/Cherrygram-Mac/macOS-Swift/submodules/tgcalls/tgcalls/platform/darwin/TGRTCVideoEncoderH265.mm:119:21: warning: implicit conversion loses integer precision: 'size_t' (aka 'unsigned long') to 'int' [-Wshorten-64-to-32]
  119 |   int dstStrideUV = CVPixelBufferGetBytesPerRowOfPlane(pixelBuffer, 1);
      |       ~~~~~~~~~~~   ^~~~~~~~~~~~~~~~~~~~~~~~~~~~~~~~~~~~~~~~~~~~~~~~~~
/Users/buddhirajgautam/Documents/Cherrygram-Mac/macOS-Swift/submodules/tgcalls/tgcalls/platform/darwin/TGRTCVideoEncoderH265.mm:279:22: warning: implicit conversion loses integer precision: 'size_t' (aka 'unsigned long') to 'int' [-Wshorten-64-to-32]
  279 |       int dstWidth = CVPixelBufferGetWidth(pixelBuffer);
      |           ~~~~~~~~   ^~~~~~~~~~~~~~~~~~~~~~~~~~~~~~~~~~
/Users/buddhirajgautam/Documents/Cherrygram-Mac/macOS-Swift/submodules/tgcalls/tgcalls/platform/darwin/TGRTCVideoEncoderH265.mm:280:23: warning: implicit conversion loses integer precision: 'size_t' (aka 'unsigned long') to 'int' [-Wshorten-64-to-32]
  280 |       int dstHeight = CVPixelBufferGetHeight(pixelBuffer);
      |           ~~~~~~~~~   ^~~~~~~~~~~~~~~~~~~~~~~~~~~~~~~~~~~
In file included from /Users/buddhirajgautam/Documents/Cherrygram-Mac/macOS-Swift/submodules/tgcalls/tgcalls/platform/darwin/TGRTCVideoEncoderH265.mm:18:
In file included from /Users/buddhirajgautam/Documents/Cherrygram-Mac/macOS-Swift/submodules/tgcalls/SharedHeaders/webrtc/sdk/objc/api/peerconnection/RTCVideoCodecInfo+Private.h:13:
In file included from /Users/buddhirajgautam/Documents/Cherrygram-Mac/macOS-Swift/submodules/tgcalls/SharedHeaders/webrtc/api/video_codecs/sdp_video_format.h:17:
In file included from /Users/buddhirajgautam/Documents/Cherrygram-Mac/macOS-Swift/submodules/tgcalls/SharedHeaders/webrtc/third_party/abseil-cpp/absl/container/inlined_vector.h:53:
In file included from /Users/buddhirajgautam/Documents/Cherrygram-Mac/macOS-Swift/submodules/tgcalls/SharedHeaders/webrtc/third_party/abseil-cpp/absl/container/internal/inlined_vector.h:31:
In file included from /Users/buddhirajgautam/Documents/Cherrygram-Mac/macOS-Swift/submodules/tgcalls/SharedHeaders/webrtc/third_party/abseil-cpp/absl/container/internal/compressed_tuple.h:40:
In file included from /Users/buddhirajgautam/Documents/Cherrygram-Mac/macOS-Swift/submodules/tgcalls/SharedHeaders/webrtc/third_party/abseil-cpp/absl/utility/utility.h:45:
/Users/buddhirajgautam/Documents/Cherrygram-Mac/macOS-Swift/submodules/tgcalls/SharedHeaders/webrtc/third_party/abseil-cpp/absl/meta/type_traits.h:511:36: warning: builtin __is_trivially_relocatable is deprecated; use __builtin_is_cpp_trivially_relocatable instead [-Wdeprecated-builtins]
  511 |     : std::integral_constant<bool, __is_trivially_relocatable(T)> {};
      |                                    ^
In file included from /Users/buddhirajgautam/Documents/Cherrygram-Mac/macOS-Swift/submodules/tgcalls/tgcalls/platform/darwin/TGRTCVideoEncoderH265.mm:18:
In file included from /Users/buddhirajgautam/Documents/Cherrygram-Mac/macOS-Swift/submodules/tgcalls/SharedHeaders/webrtc/sdk/objc/api/peerconnection/RTCVideoCodecInfo+Private.h:13:
In file included from /Users/buddhirajgautam/Documents/Cherrygram-Mac/macOS-Swift/submodules/tgcalls/SharedHeaders/webrtc/api/video_codecs/sdp_video_format.h:17:
In file included from /Users/buddhirajgautam/Documents/Cherrygram-Mac/macOS-Swift/submodules/tgcalls/SharedHeaders/webrtc/third_party/abseil-cpp/absl/container/inlined_vector.h:53:
/Users/buddhirajgautam/Documents/Cherrygram-Mac/macOS-Swift/submodules/tgcalls/SharedHeaders/webrtc/third_party/abseil-cpp/absl/container/internal/inlined_vector.h:522:22: note: in instantiation of template class 'absl::is_trivially_relocatable<webrtc::DecodeTargetIndication>' requested here
  522 |                absl::is_trivially_relocatable<V>::value ||
      |                      ^
In file included from /Users/buddhirajgautam/Documents/Cherrygram-Mac/macOS-Swift/submodules/tgcalls/tgcalls/platform/darwin/TGRTCVideoEncoderH265.mm:18:
In file included from /Users/buddhirajgautam/Documents/Cherrygram-Mac/macOS-Swift/submodules/tgcalls/SharedHeaders/webrtc/sdk/objc/api/peerconnection/RTCVideoCodecInfo+Private.h:13:
In file included from /Users/buddhirajgautam/Documents/Cherrygram-Mac/macOS-Swift/submodules/tgcalls/SharedHeaders/webrtc/api/video_codecs/sdp_video_format.h:17:
In file included from /Users/buddhirajgautam/Documents/Cherrygram-Mac/macOS-Swift/submodules/tgcalls/SharedHeaders/webrtc/third_party/abseil-cpp/absl/container/inlined_vector.h:50:
/Users/buddhirajgautam/Documents/Cherrygram-Mac/macOS-Swift/submodules/tgcalls/SharedHeaders/webrtc/third_party/abseil-cpp/absl/base/macros.h:128:49: note: expanded from macro 'ABSL_HARDENING_ASSERT'
  128 | #define ABSL_HARDENING_ASSERT(expr) ABSL_ASSERT(expr)
      |                                                 ^
/Users/buddhirajgautam/Documents/Cherrygram-Mac/macOS-Swift/submodules/tgcalls/SharedHeaders/webrtc/third_party/abseil-cpp/absl/base/macros.h:95:30: note: expanded from macro 'ABSL_ASSERT'
   95 |   (false ? static_cast<void>(expr) : static_cast<void>(0))
      |                              ^
In file included from /Users/buddhirajgautam/Documents/Cherrygram-Mac/macOS-Swift/submodules/tgcalls/tgcalls/platform/darwin/TGRTCVideoEncoderH265.mm:18:
In file included from /Users/buddhirajgautam/Documents/Cherrygram-Mac/macOS-Swift/submodules/tgcalls/SharedHeaders/webrtc/sdk/objc/api/peerconnection/RTCVideoCodecInfo+Private.h:13:
In file included from /Users/buddhirajgautam/Documents/Cherrygram-Mac/macOS-Swift/submodules/tgcalls/SharedHeaders/webrtc/api/video_codecs/sdp_video_format.h:17:
/Users/buddhirajgautam/Documents/Cherrygram-Mac/macOS-Swift/submodules/tgcalls/SharedHeaders/webrtc/third_party/abseil-cpp/absl/container/inlined_vector.h:856:14: note: in instantiation of member function 'absl::inlined_vector_internal::Storage<webrtc::DecodeTargetIndication, 10, std::allocator<webrtc::DecodeTargetIndication>>::MemcpyFrom' requested here
  856 |     storage_.MemcpyFrom(other.storage_);
      |              ^
/Users/buddhirajgautam/Documents/Cherrygram-Mac/macOS-Swift/submodules/tgcalls/SharedHeaders/webrtc/third_party/abseil-cpp/absl/container/inlined_vector.h:548:7: note: in instantiation of member function 'absl::InlinedVector<webrtc::DecodeTargetIndication, 10>::MoveAssignment' requested here
  548 |       MoveAssignment(MoveAssignmentPolicy{}, std::move(other));
      |       ^
In file included from /Users/buddhirajgautam/Documents/Cherrygram-Mac/macOS-Swift/submodules/tgcalls/tgcalls/platform/darwin/TGRTCVideoEncoderH265.mm:37:
In file included from /Users/buddhirajgautam/Documents/Cherrygram-Mac/macOS-Swift/submodules/tgcalls/SharedHeaders/webrtc/sdk/objc/Framework/Classes/VideoToolbox/nalu_rewriter.h:11:
In file included from /Users/buddhirajgautam/Documents/Cherrygram-Mac/macOS-Swift/submodules/tgcalls/SharedHeaders/webrtc/sdk/objc/components/video_codec/nalu_rewriter.h:20:
In file included from /Users/buddhirajgautam/Documents/Cherrygram-Mac/macOS-Swift/submodules/tgcalls/SharedHeaders/webrtc/modules/video_coding/codecs/h264/include/h264.h:22:
In file included from /Users/buddhirajgautam/Documents/Cherrygram-Mac/macOS-Swift/submodules/tgcalls/SharedHeaders/webrtc/modules/video_coding/include/video_codec_interface.h:21:
In file included from /Users/buddhirajgautam/Documents/Cherrygram-Mac/macOS-Swift/submodules/tgcalls/SharedHeaders/webrtc/common_video/generic_frame_descriptor/generic_frame_info.h:20:
/Users/buddhirajgautam/Documents/Cherrygram-Mac/macOS-Swift/submodules/tgcalls/SharedHeaders/webrtc/api/transport/rtp/dependency_descriptor.h:133:35: note: in instantiation of member function 'absl::InlinedVector<webrtc::DecodeTargetIndication, 10>::operator=' requested here
  133 |   this->decode_target_indications =
      |                                   ^
6 warnings generated.

CompileC /Users/buddhirajgautam/Library/Developer/Xcode/DerivedData/Telegram-Mac-fygdgghdgmuleoelvxabfmqiotta/Build/Intermediates.noindex/TgVoipWebrtc.build/Debug/TgVoipWebrtc-t.build/Objects-normal/arm64/TGRTCVideoEncoderH264.o /Users/buddhirajgautam/Documents/Cherrygram-Mac/macOS-Swift/submodules/tgcalls/tgcalls/platform/darwin/TGRTCVideoEncoderH264.mm normal arm64 objective-c++ com.apple.compilers.llvm.clang.1_0.compiler (in target 'TgVoipWebrtc' from project 'TgVoipWebrtc')
    cd /Users/buddhirajgautam/Documents/Cherrygram-Mac/macOS-Swift
    
    Using response file: /Users/buddhirajgautam/Library/Developer/Xcode/DerivedData/Telegram-Mac-fygdgghdgmuleoelvxabfmqiotta/Build/Intermediates.noindex/TgVoipWebrtc.build/Debug/TgVoipWebrtc-t.build/Objects-normal/arm64/af3fcb34312c57c0f52879cdce924b91-common-args.resp
    
    /Applications/Xcode.app/Contents/Developer/Toolchains/XcodeDefault.xctoolchain/usr/bin/clang -x objective-c++ -ivfsstatcache /Users/buddhirajgautam/Library/Developer/Xcode/DerivedData/SDKStatCaches.noindex/macosx27.0-26A425-e829b21a6f8c9b70876ba0858053c0447231f6df4def33e022ae2eb8f782df1a.sdkstatcache -target arm64-apple-macos12.0 -fmessage-length\=0 -fdiagnostics-show-note-include-stack -fmacro-backtrace-limit\=0 -fno-color-diagnostics -fmodules-prune-interval\=86400 -fmodules-prune-after\=345600 -fbuild-session-file\=/Users/buddhirajgautam/Library/Developer/Xcode/DerivedData/ModuleCache.noindex/Session.modulevalidation -fmodules-validate-once-per-build-session -Wnon-modular-include-in-framework-module -Werror\=non-modular-include-in-framework-module -Wno-trigraphs -Wno-missing-field-initializers -Wno-missing-prototypes -Wno-return-type -Wno-implicit-atomic-properties -Wno-objc-interface-ivars -Wno-arc-repeated-use-of-weak -Wno-non-virtual-dtor -Wno-overloaded-virtual -Wno-exit-time-destructors -Wno-missing-braces -Wparentheses -Wswitch -Wno-unused-function -Wno-unused-label -Wno-unused-parameter -Wno-unused-variable -Wunused-value -Wno-empty-body -Wno-uninitialized -Wno-unknown-pragmas -Wno-shadow -Wno-four-char-constants -Wno-conversion -Wno-constant-conversion -Wno-int-conversion -Wno-bool-conversion -Wno-enum-conversion -Wno-float-conversion -Wno-non-literal-null-conversion -Wno-objc-literal-conversion -Wshorten-64-to-32 -Wno-newline-eof -Wno-selector -Wno-strict-selector-match -Wno-undeclared-selector -Wno-deprecated-implementations -Wno-c++11-extensions -Wno-implicit-fallthrough -isysroot /Applications/Xcode.app/Contents/Developer/Platforms/MacOSX.platform/Developer/SDKs/MacOSX27.0.sdk -fstrict-aliasing -Wprotocol -Wdeprecated-declarations -Winvalid-offsetof -Wno-sign-conversion -Wno-infinite-recursion -Wno-move -Wno-comma -Wno-block-capture-autoreleasing -Wno-strict-prototypes -Wno-range-loop-analysis -Wno-semicolon-before-method-body -index-store-path /Users/buddhirajgautam/Library/Developer/Xcode/DerivedData/Telegram-Mac-fygdgghdgmuleoelvxabfmqiotta/Index.noindex/DataStore @/Users/buddhirajgautam/Library/Developer/Xcode/DerivedData/Telegram-Mac-fygdgghdgmuleoelvxabfmqiotta/Build/Intermediates.noindex/TgVoipWebrtc.build/Debug/TgVoipWebrtc-t.build/Objects-normal/arm64/af3fcb34312c57c0f52879cdce924b91-common-args.resp -MMD -MT dependencies -MF /Users/buddhirajgautam/Library/Developer/Xcode/DerivedData/Telegram-Mac-fygdgghdgmuleoelvxabfmqiotta/Build/Intermediates.noindex/TgVoipWebrtc.build/Debug/TgVoipWebrtc-t.build/Objects-normal/arm64/TGRTCVideoEncoderH264.d --serialize-diagnostics /Users/buddhirajgautam/Library/Developer/Xcode/DerivedData/Telegram-Mac-fygdgghdgmuleoelvxabfmqiotta/Build/Intermediates.noindex/TgVoipWebrtc.build/Debug/TgVoipWebrtc-t.build/Objects-normal/arm64/TGRTCVideoEncoderH264.dia -c /Users/buddhirajgautam/Documents/Cherrygram-Mac/macOS-Swift/submodules/tgcalls/tgcalls/platform/darwin/TGRTCVideoEncoderH264.mm -o /Users/buddhirajgautam/Library/Developer/Xcode/DerivedData/Telegram-Mac-fygdgghdgmuleoelvxabfmqiotta/Build/Intermediates.noindex/TgVoipWebrtc.build/Debug/TgVoipWebrtc-t.build/Objects-normal/arm64/TGRTCVideoEncoderH264.o -index-unit-output-path /TgVoipWebrtc.build/Debug/TgVoipWebrtc-t.build/Objects-normal/arm64/TGRTCVideoEncoderH264.o
In file included from /Users/buddhirajgautam/Documents/Cherrygram-Mac/macOS-Swift/submodules/tgcalls/tgcalls/platform/darwin/TGRTCVideoEncoderH264.mm:22:
In file included from /Users/buddhirajgautam/Documents/Cherrygram-Mac/macOS-Swift/submodules/tgcalls/SharedHeaders/webrtc/sdk/objc/api/peerconnection/RTCVideoCodecInfo+Private.h:13:
In file included from /Users/buddhirajgautam/Documents/Cherrygram-Mac/macOS-Swift/submodules/tgcalls/SharedHeaders/webrtc/api/video_codecs/sdp_video_format.h:17:
In file included from /Users/buddhirajgautam/Documents/Cherrygram-Mac/macOS-Swift/submodules/tgcalls/SharedHeaders/webrtc/third_party/abseil-cpp/absl/container/inlined_vector.h:53:
In file included from /Users/buddhirajgautam/Documents/Cherrygram-Mac/macOS-Swift/submodules/tgcalls/SharedHeaders/webrtc/third_party/abseil-cpp/absl/container/internal/inlined_vector.h:31:
In file included from /Users/buddhirajgautam/Documents/Cherrygram-Mac/macOS-Swift/submodules/tgcalls/SharedHeaders/webrtc/third_party/abseil-cpp/absl/container/internal/compressed_tuple.h:40:
In file included from /Users/buddhirajgautam/Documents/Cherrygram-Mac/macOS-Swift/submodules/tgcalls/SharedHeaders/webrtc/third_party/abseil-cpp/absl/utility/utility.h:45:
/Users/buddhirajgautam/Documents/Cherrygram-Mac/macOS-Swift/submodules/tgcalls/SharedHeaders/webrtc/third_party/abseil-cpp/absl/meta/type_traits.h:511:36: warning: builtin __is_trivially_relocatable is deprecated; use __builtin_is_cpp_trivially_relocatable instead [-Wdeprecated-builtins]
  511 |     : std::integral_constant<bool, __is_trivially_relocatable(T)> {};
      |                                    ^
/Users/buddhirajgautam/Documents/Cherrygram-Mac/macOS-Swift/submodules/tgcalls/tgcalls/platform/darwin/TGRTCVideoEncoderH264.mm:113:20: warning: implicit conversion loses integer precision: 'size_t' (aka 'unsigned long') to 'int' [-Wshorten-64-to-32]
  113 |   int dstStrideY = CVPixelBufferGetBytesPerRowOfPlane(pixelBuffer, 0);
      |       ~~~~~~~~~~   ^~~~~~~~~~~~~~~~~~~~~~~~~~~~~~~~~~~~~~~~~~~~~~~~~~
/Users/buddhirajgautam/Documents/Cherrygram-Mac/macOS-Swift/submodules/tgcalls/tgcalls/platform/darwin/TGRTCVideoEncoderH264.mm:115:21: warning: implicit conversion loses integer precision: 'size_t' (aka 'unsigned long') to 'int' [-Wshorten-64-to-32]
  115 |   int dstStrideUV = CVPixelBufferGetBytesPerRowOfPlane(pixelBuffer, 1);
      |       ~~~~~~~~~~~   ^~~~~~~~~~~~~~~~~~~~~~~~~~~~~~~~~~~~~~~~~~~~~~~~~~
/Users/buddhirajgautam/Documents/Cherrygram-Mac/macOS-Swift/submodules/tgcalls/tgcalls/platform/darwin/TGRTCVideoEncoderH264.mm:182:11: warning: enumeration value 'kProfilePredictiveHigh444' not handled in switch [-Wswitch]
  182 |   switch (profile_level_id.profile) {
      |           ^~~~~~~~~~~~~~~~~~~~~~~~
/Users/buddhirajgautam/Documents/Cherrygram-Mac/macOS-Swift/submodules/tgcalls/tgcalls/platform/darwin/TGRTCVideoEncoderH264.mm:182:11: note: add missing switch cases
  182 |   switch (profile_level_id.profile) {
      |           ^
/Users/buddhirajgautam/Documents/Cherrygram-Mac/macOS-Swift/submodules/tgcalls/tgcalls/platform/darwin/TGRTCVideoEncoderH264.mm:431:22: warning: implicit conversion loses integer precision: 'size_t' (aka 'unsigned long') to 'int' [-Wshorten-64-to-32]
  431 |       int dstWidth = CVPixelBufferGetWidth(pixelBuffer);
      |           ~~~~~~~~   ^~~~~~~~~~~~~~~~~~~~~~~~~~~~~~~~~~
/Users/buddhirajgautam/Documents/Cherrygram-Mac/macOS-Swift/submodules/tgcalls/tgcalls/platform/darwin/TGRTCVideoEncoderH264.mm:432:23: warning: implicit conversion loses integer precision: 'size_t' (aka 'unsigned long') to 'int' [-Wshorten-64-to-32]
  432 |       int dstHeight = CVPixelBufferGetHeight(pixelBuffer);
      |           ~~~~~~~~~   ^~~~~~~~~~~~~~~~~~~~~~~~~~~~~~~~~~~
In file included from /Users/buddhirajgautam/Documents/Cherrygram-Mac/macOS-Swift/submodules/tgcalls/tgcalls/platform/darwin/TGRTCVideoEncoderH264.mm:22:
In file included from /Users/buddhirajgautam/Documents/Cherrygram-Mac/macOS-Swift/submodules/tgcalls/SharedHeaders/webrtc/sdk/objc/api/peerconnection/RTCVideoCodecInfo+Private.h:13:
In file included from /Users/buddhirajgautam/Documents/Cherrygram-Mac/macOS-Swift/submodules/tgcalls/SharedHeaders/webrtc/api/video_codecs/sdp_video_format.h:17:
In file included from /Users/buddhirajgautam/Documents/Cherrygram-Mac/macOS-Swift/submodules/tgcalls/SharedHeaders/webrtc/third_party/abseil-cpp/absl/container/inlined_vector.h:53:
In file included from /Users/buddhirajgautam/Documents/Cherrygram-Mac/macOS-Swift/submodules/tgcalls/SharedHeaders/webrtc/third_party/abseil-cpp/absl/container/internal/inlined_vector.h:31:
In file included from /Users/buddhirajgautam/Documents/Cherrygram-Mac/macOS-Swift/submodules/tgcalls/SharedHeaders/webrtc/third_party/abseil-cpp/absl/container/internal/compressed_tuple.h:40:
In file included from /Users/buddhirajgautam/Documents/Cherrygram-Mac/macOS-Swift/submodules/tgcalls/SharedHeaders/webrtc/third_party/abseil-cpp/absl/utility/utility.h:45:
/Users/buddhirajgautam/Documents/Cherrygram-Mac/macOS-Swift/submodules/tgcalls/SharedHeaders/webrtc/third_party/abseil-cpp/absl/meta/type_traits.h:511:36: warning: builtin __is_trivially_relocatable is deprecated; use __builtin_is_cpp_trivially_relocatable instead [-Wdeprecated-builtins]
  511 |     : std::integral_constant<bool, __is_trivially_relocatable(T)> {};
      |                                    ^
In file included from /Users/buddhirajgautam/Documents/Cherrygram-Mac/macOS-Swift/submodules/tgcalls/tgcalls/platform/darwin/TGRTCVideoEncoderH264.mm:22:
In file included from /Users/buddhirajgautam/Documents/Cherrygram-Mac/macOS-Swift/submodules/tgcalls/SharedHeaders/webrtc/sdk/objc/api/peerconnection/RTCVideoCodecInfo+Private.h:13:
In file included from /Users/buddhirajgautam/Documents/Cherrygram-Mac/macOS-Swift/submodules/tgcalls/SharedHeaders/webrtc/api/video_codecs/sdp_video_format.h:17:
In file included from /Users/buddhirajgautam/Documents/Cherrygram-Mac/macOS-Swift/submodules/tgcalls/SharedHeaders/webrtc/third_party/abseil-cpp/absl/container/inlined_vector.h:53:
/Users/buddhirajgautam/Documents/Cherrygram-Mac/macOS-Swift/submodules/tgcalls/SharedHeaders/webrtc/third_party/abseil-cpp/absl/container/internal/inlined_vector.h:522:22: note: in instantiation of template class 'absl::is_trivially_relocatable<webrtc::DecodeTargetIndication>' requested here
  522 |                absl::is_trivially_relocatable<V>::value ||
      |                      ^
In file included from /Users/buddhirajgautam/Documents/Cherrygram-Mac/macOS-Swift/submodules/tgcalls/tgcalls/platform/darwin/TGRTCVideoEncoderH264.mm:22:
In file included from /Users/buddhirajgautam/Documents/Cherrygram-Mac/macOS-Swift/submodules/tgcalls/SharedHeaders/webrtc/sdk/objc/api/peerconnection/RTCVideoCodecInfo+Private.h:13:
In file included from /Users/buddhirajgautam/Documents/Cherrygram-Mac/macOS-Swift/submodules/tgcalls/SharedHeaders/webrtc/api/video_codecs/sdp_video_format.h:17:
In file included from /Users/buddhirajgautam/Documents/Cherrygram-Mac/macOS-Swift/submodules/tgcalls/SharedHeaders/webrtc/third_party/abseil-cpp/absl/container/inlined_vector.h:50:
/Users/buddhirajgautam/Documents/Cherrygram-Mac/macOS-Swift/submodules/tgcalls/SharedHeaders/webrtc/third_party/abseil-cpp/absl/base/macros.h:128:49: note: expanded from macro 'ABSL_HARDENING_ASSERT'
  128 | #define ABSL_HARDENING_ASSERT(expr) ABSL_ASSERT(expr)
      |                                                 ^
/Users/buddhirajgautam/Documents/Cherrygram-Mac/macOS-Swift/submodules/tgcalls/SharedHeaders/webrtc/third_party/abseil-cpp/absl/base/macros.h:95:30: note: expanded from macro 'ABSL_ASSERT'
   95 |   (false ? static_cast<void>(expr) : static_cast<void>(0))
      |                              ^
In file included from /Users/buddhirajgautam/Documents/Cherrygram-Mac/macOS-Swift/submodules/tgcalls/tgcalls/platform/darwin/TGRTCVideoEncoderH264.mm:22:
In file included from /Users/buddhirajgautam/Documents/Cherrygram-Mac/macOS-Swift/submodules/tgcalls/SharedHeaders/webrtc/sdk/objc/api/peerconnection/RTCVideoCodecInfo+Private.h:13:
In file included from /Users/buddhirajgautam/Documents/Cherrygram-Mac/macOS-Swift/submodules/tgcalls/SharedHeaders/webrtc/api/video_codecs/sdp_video_format.h:17:
/Users/buddhirajgautam/Documents/Cherrygram-Mac/macOS-Swift/submodules/tgcalls/SharedHeaders/webrtc/third_party/abseil-cpp/absl/container/inlined_vector.h:856:14: note: in instantiation of member function 'absl::inlined_vector_internal::Storage<webrtc::DecodeTargetIndication, 10, std::allocator<webrtc::DecodeTargetIndication>>::MemcpyFrom' requested here
  856 |     storage_.MemcpyFrom(other.storage_);
      |              ^
/Users/buddhirajgautam/Documents/Cherrygram-Mac/macOS-Swift/submodules/tgcalls/SharedHeaders/webrtc/third_party/abseil-cpp/absl/container/inlined_vector.h:548:7: note: in instantiation of member function 'absl::InlinedVector<webrtc::DecodeTargetIndication, 10>::MoveAssignment' requested here
  548 |       MoveAssignment(MoveAssignmentPolicy{}, std::move(other));
      |       ^
In file included from /Users/buddhirajgautam/Documents/Cherrygram-Mac/macOS-Swift/submodules/tgcalls/tgcalls/platform/darwin/TGRTCVideoEncoderH264.mm:41:
In file included from /Users/buddhirajgautam/Documents/Cherrygram-Mac/macOS-Swift/submodules/tgcalls/SharedHeaders/webrtc/sdk/objc/components/video_codec/nalu_rewriter.h:20:
In file included from /Users/buddhirajgautam/Documents/Cherrygram-Mac/macOS-Swift/submodules/tgcalls/SharedHeaders/webrtc/modules/video_coding/codecs/h264/include/h264.h:22:
In file included from /Users/buddhirajgautam/Documents/Cherrygram-Mac/macOS-Swift/submodules/tgcalls/SharedHeaders/webrtc/modules/video_coding/include/video_codec_interface.h:21:
In file included from /Users/buddhirajgautam/Documents/Cherrygram-Mac/macOS-Swift/submodules/tgcalls/SharedHeaders/webrtc/common_video/generic_frame_descriptor/generic_frame_info.h:20:
/Users/buddhirajgautam/Documents/Cherrygram-Mac/macOS-Swift/submodules/tgcalls/SharedHeaders/webrtc/api/transport/rtp/dependency_descriptor.h:133:35: note: in instantiation of member function 'absl::InlinedVector<webrtc::DecodeTargetIndication, 10>::operator=' requested here
  133 |   this->decode_target_indications =
      |                                   ^
7 warnings generated.

CompileC /Users/buddhirajgautam/Library/Developer/Xcode/DerivedData/Telegram-Mac-fygdgghdgmuleoelvxabfmqiotta/Build/Intermediates.noindex/TgVoipWebrtc.build/Debug/TgVoipWebrtc-t.build/Objects-normal/arm64/TGRTCVideoDecoderH265.o /Users/buddhirajgautam/Documents/Cherrygram-Mac/macOS-Swift/submodules/tgcalls/tgcalls/platform/darwin/TGRTCVideoDecoderH265.mm normal arm64 objective-c++ com.apple.compilers.llvm.clang.1_0.compiler (in target 'TgVoipWebrtc' from project 'TgVoipWebrtc')
    cd /Users/buddhirajgautam/Documents/Cherrygram-Mac/macOS-Swift
    
    Using response file: /Users/buddhirajgautam/Library/Developer/Xcode/DerivedData/Telegram-Mac-fygdgghdgmuleoelvxabfmqiotta/Build/Intermediates.noindex/TgVoipWebrtc.build/Debug/TgVoipWebrtc-t.build/Objects-normal/arm64/af3fcb34312c57c0f52879cdce924b91-common-args.resp
    
    /Applications/Xcode.app/Contents/Developer/Toolchains/XcodeDefault.xctoolchain/usr/bin/clang -x objective-c++ -ivfsstatcache /Users/buddhirajgautam/Library/Developer/Xcode/DerivedData/SDKStatCaches.noindex/macosx27.0-26A425-e829b21a6f8c9b70876ba0858053c0447231f6df4def33e022ae2eb8f782df1a.sdkstatcache -target arm64-apple-macos12.0 -fmessage-length\=0 -fdiagnostics-show-note-include-stack -fmacro-backtrace-limit\=0 -fno-color-diagnostics -fmodules-prune-interval\=86400 -fmodules-prune-after\=345600 -fbuild-session-file\=/Users/buddhirajgautam/Library/Developer/Xcode/DerivedData/ModuleCache.noindex/Session.modulevalidation -fmodules-validate-once-per-build-session -Wnon-modular-include-in-framework-module -Werror\=non-modular-include-in-framework-module -Wno-trigraphs -Wno-missing-field-initializers -Wno-missing-prototypes -Wno-return-type -Wno-implicit-atomic-properties -Wno-objc-interface-ivars -Wno-arc-repeated-use-of-weak -Wno-non-virtual-dtor -Wno-overloaded-virtual -Wno-exit-time-destructors -Wno-missing-braces -Wparentheses -Wswitch -Wno-unused-function -Wno-unused-label -Wno-unused-parameter -Wno-unused-variable -Wunused-value -Wno-empty-body -Wno-uninitialized -Wno-unknown-pragmas -Wno-shadow -Wno-four-char-constants -Wno-conversion -Wno-constant-conversion -Wno-int-conversion -Wno-bool-conversion -Wno-enum-conversion -Wno-float-conversion -Wno-non-literal-null-conversion -Wno-objc-literal-conversion -Wshorten-64-to-32 -Wno-newline-eof -Wno-selector -Wno-strict-selector-match -Wno-undeclared-selector -Wno-deprecated-implementations -Wno-c++11-extensions -Wno-implicit-fallthrough -isysroot /Applications/Xcode.app/Contents/Developer/Platforms/MacOSX.platform/Developer/SDKs/MacOSX27.0.sdk -fstrict-aliasing -Wprotocol -Wdeprecated-declarations -Winvalid-offsetof -Wno-sign-conversion -Wno-infinite-recursion -Wno-move -Wno-comma -Wno-block-capture-autoreleasing -Wno-strict-prototypes -Wno-range-loop-analysis -Wno-semicolon-before-method-body -index-store-path /Users/buddhirajgautam/Library/Developer/Xcode/DerivedData/Telegram-Mac-fygdgghdgmuleoelvxabfmqiotta/Index.noindex/DataStore @/Users/buddhirajgautam/Library/Developer/Xcode/DerivedData/Telegram-Mac-fygdgghdgmuleoelvxabfmqiotta/Build/Intermediates.noindex/TgVoipWebrtc.build/Debug/TgVoipWebrtc-t.build/Objects-normal/arm64/af3fcb34312c57c0f52879cdce924b91-common-args.resp -MMD -MT dependencies -MF /Users/buddhirajgautam/Library/Developer/Xcode/DerivedData/Telegram-Mac-fygdgghdgmuleoelvxabfmqiotta/Build/Intermediates.noindex/TgVoipWebrtc.build/Debug/TgVoipWebrtc-t.build/Objects-normal/arm64/TGRTCVideoDecoderH265.d --serialize-diagnostics /Users/buddhirajgautam/Library/Developer/Xcode/DerivedData/Telegram-Mac-fygdgghdgmuleoelvxabfmqiotta/Build/Intermediates.noindex/TgVoipWebrtc.build/Debug/TgVoipWebrtc-t.build/Objects-normal/arm64/TGRTCVideoDecoderH265.dia -c /Users/buddhirajgautam/Documents/Cherrygram-Mac/macOS-Swift/submodules/tgcalls/tgcalls/platform/darwin/TGRTCVideoDecoderH265.mm -o /Users/buddhirajgautam/Library/Developer/Xcode/DerivedData/Telegram-Mac-fygdgghdgmuleoelvxabfmqiotta/Build/Intermediates.noindex/TgVoipWebrtc.build/Debug/TgVoipWebrtc-t.build/Objects-normal/arm64/TGRTCVideoDecoderH265.o -index-unit-output-path /TgVoipWebrtc.build/Debug/TgVoipWebrtc-t.build/Objects-normal/arm64/TGRTCVideoDecoderH265.o
In file included from /Users/buddhirajgautam/Documents/Cherrygram-Mac/macOS-Swift/submodules/tgcalls/tgcalls/platform/darwin/TGRTCVideoDecoderH265.mm:29:
In file included from /Users/buddhirajgautam/Documents/Cherrygram-Mac/macOS-Swift/submodules/tgcalls/SharedHeaders/webrtc/rtc_base/checks.h:57:
/Users/buddhirajgautam/Documents/Cherrygram-Mac/macOS-Swift/submodules/tgcalls/SharedHeaders/webrtc/third_party/abseil-cpp/absl/meta/type_traits.h:511:36: warning: builtin __is_trivially_relocatable is deprecated; use __builtin_is_cpp_trivially_relocatable instead [-Wdeprecated-builtins]
  511 |     : std::integral_constant<bool, __is_trivially_relocatable(T)> {};
      |                                    ^
/Users/buddhirajgautam/Documents/Cherrygram-Mac/macOS-Swift/submodules/tgcalls/SharedHeaders/webrtc/third_party/abseil-cpp/absl/meta/type_traits.h:511:36: warning: builtin __is_trivially_relocatable is deprecated; use __builtin_is_cpp_trivially_relocatable instead [-Wdeprecated-builtins]
In file included from /Users/buddhirajgautam/Documents/Cherrygram-Mac/macOS-Swift/submodules/tgcalls/tgcalls/platform/darwin/TGRTCVideoDecoderH265.mm:33:
In file included from /Users/buddhirajgautam/Documents/Cherrygram-Mac/macOS-Swift/submodules/tgcalls/SharedHeaders/webrtc/sdk/objc/components/video_codec/nalu_rewriter.h:20:
In file included from /Users/buddhirajgautam/Documents/Cherrygram-Mac/macOS-Swift/submodules/tgcalls/SharedHeaders/webrtc/modules/video_coding/codecs/h264/include/h264.h:19:
In file included from /Users/buddhirajgautam/Documents/Cherrygram-Mac/macOS-Swift/submodules/tgcalls/SharedHeaders/webrtc/api/video_codecs/h264_profile_level_id.h:17:
In file included from /Users/buddhirajgautam/Documents/Cherrygram-Mac/macOS-Swift/submodules/tgcalls/SharedHeaders/webrtc/api/video_codecs/sdp_video_format.h:17:
In file included from /Users/buddhirajgautam/Documents/Cherrygram-Mac/macOS-Swift/submodules/tgcalls/SharedHeaders/webrtc/third_party/abseil-cpp/absl/container/inlined_vector.h:53:
/Users/buddhirajgautam/Documents/Cherrygram-Mac/macOS-Swift/submodules/tgcalls/SharedHeaders/webrtc/third_party/abseil-cpp/absl/container/internal/inlined_vector.h:522:22: note: in instantiation of template class 'absl::is_trivially_relocatable<webrtc::DecodeTargetIndication>' requested here
  522 |                absl::is_trivially_relocatable<V>::value ||
      |                      ^
In file included from /Users/buddhirajgautam/Documents/Cherrygram-Mac/macOS-Swift/submodules/tgcalls/tgcalls/platform/darwin/TGRTCVideoDecoderH265.mm:29:
In file included from /Users/buddhirajgautam/Documents/Cherrygram-Mac/macOS-Swift/submodules/tgcalls/SharedHeaders/webrtc/rtc_base/checks.h:58:
In file included from /Users/buddhirajgautam/Documents/Cherrygram-Mac/macOS-Swift/submodules/tgcalls/SharedHeaders/webrtc/third_party/abseil-cpp/absl/strings/string_view.h:43:
/Users/buddhirajgautam/Documents/Cherrygram-Mac/macOS-Swift/submodules/tgcalls/SharedHeaders/webrtc/third_party/abseil-cpp/absl/base/macros.h:128:49: note: expanded from macro 'ABSL_HARDENING_ASSERT'
  128 | #define ABSL_HARDENING_ASSERT(expr) ABSL_ASSERT(expr)
      |                                                 ^
/Users/buddhirajgautam/Documents/Cherrygram-Mac/macOS-Swift/submodules/tgcalls/SharedHeaders/webrtc/third_party/abseil-cpp/absl/base/macros.h:95:30: note: expanded from macro 'ABSL_ASSERT'
   95 |   (false ? static_cast<void>(expr) : static_cast<void>(0))
      |                              ^
In file included from /Users/buddhirajgautam/Documents/Cherrygram-Mac/macOS-Swift/submodules/tgcalls/tgcalls/platform/darwin/TGRTCVideoDecoderH265.mm:33:
In file included from /Users/buddhirajgautam/Documents/Cherrygram-Mac/macOS-Swift/submodules/tgcalls/SharedHeaders/webrtc/sdk/objc/components/video_codec/nalu_rewriter.h:20:
In file included from /Users/buddhirajgautam/Documents/Cherrygram-Mac/macOS-Swift/submodules/tgcalls/SharedHeaders/webrtc/modules/video_coding/codecs/h264/include/h264.h:19:
In file included from /Users/buddhirajgautam/Documents/Cherrygram-Mac/macOS-Swift/submodules/tgcalls/SharedHeaders/webrtc/api/video_codecs/h264_profile_level_id.h:17:
In file included from /Users/buddhirajgautam/Documents/Cherrygram-Mac/macOS-Swift/submodules/tgcalls/SharedHeaders/webrtc/api/video_codecs/sdp_video_format.h:17:
/Users/buddhirajgautam/Documents/Cherrygram-Mac/macOS-Swift/submodules/tgcalls/SharedHeaders/webrtc/third_party/abseil-cpp/absl/container/inlined_vector.h:856:14: note: in instantiation of member function 'absl::inlined_vector_internal::Storage<webrtc::DecodeTargetIndication, 10, std::allocator<webrtc::DecodeTargetIndication>>::MemcpyFrom' requested here
  856 |     storage_.MemcpyFrom(other.storage_);
      |              ^
/Users/buddhirajgautam/Documents/Cherrygram-Mac/macOS-Swift/submodules/tgcalls/SharedHeaders/webrtc/third_party/abseil-cpp/absl/container/inlined_vector.h:548:7: note: in instantiation of member function 'absl::InlinedVector<webrtc::DecodeTargetIndication, 10>::MoveAssignment' requested here
  548 |       MoveAssignment(MoveAssignmentPolicy{}, std::move(other));
      |       ^
In file included from /Users/buddhirajgautam/Documents/Cherrygram-Mac/macOS-Swift/submodules/tgcalls/tgcalls/platform/darwin/TGRTCVideoDecoderH265.mm:33:
In file included from /Users/buddhirajgautam/Documents/Cherrygram-Mac/macOS-Swift/submodules/tgcalls/SharedHeaders/webrtc/sdk/objc/components/video_codec/nalu_rewriter.h:20:
In file included from /Users/buddhirajgautam/Documents/Cherrygram-Mac/macOS-Swift/submodules/tgcalls/SharedHeaders/webrtc/modules/video_coding/codecs/h264/include/h264.h:22:
In file included from /Users/buddhirajgautam/Documents/Cherrygram-Mac/macOS-Swift/submodules/tgcalls/SharedHeaders/webrtc/modules/video_coding/include/video_codec_interface.h:21:
In file included from /Users/buddhirajgautam/Documents/Cherrygram-Mac/macOS-Swift/submodules/tgcalls/SharedHeaders/webrtc/common_video/generic_frame_descriptor/generic_frame_info.h:20:
/Users/buddhirajgautam/Documents/Cherrygram-Mac/macOS-Swift/submodules/tgcalls/SharedHeaders/webrtc/api/transport/rtp/dependency_descriptor.h:133:35: note: in instantiation of member function 'absl::InlinedVector<webrtc::DecodeTargetIndication, 10>::operator=' requested here
  133 |   this->decode_target_indications =
      |                                   ^
2 warnings generated.

CompileC /Users/buddhirajgautam/Library/Developer/Xcode/DerivedData/Telegram-Mac-fygdgghdgmuleoelvxabfmqiotta/Build/Intermediates.noindex/TgVoipWebrtc.build/Debug/TgVoipWebrtc-t.build/Objects-normal/arm64/TGRTCVideoDecoderH264.o /Users/buddhirajgautam/Documents/Cherrygram-Mac/macOS-Swift/submodules/tgcalls/tgcalls/platform/darwin/TGRTCVideoDecoderH264.mm normal arm64 objective-c++ com.apple.compilers.llvm.clang.1_0.compiler (in target 'TgVoipWebrtc' from project 'TgVoipWebrtc')
    cd /Users/buddhirajgautam/Documents/Cherrygram-Mac/macOS-Swift
    
    Using response file: /Users/buddhirajgautam/Library/Developer/Xcode/DerivedData/Telegram-Mac-fygdgghdgmuleoelvxabfmqiotta/Build/Intermediates.noindex/TgVoipWebrtc.build/Debug/TgVoipWebrtc-t.build/Objects-normal/arm64/af3fcb34312c57c0f52879cdce924b91-common-args.resp
    
    /Applications/Xcode.app/Contents/Developer/Toolchains/XcodeDefault.xctoolchain/usr/bin/clang -x objective-c++ -ivfsstatcache /Users/buddhirajgautam/Library/Developer/Xcode/DerivedData/SDKStatCaches.noindex/macosx27.0-26A425-e829b21a6f8c9b70876ba0858053c0447231f6df4def33e022ae2eb8f782df1a.sdkstatcache -target arm64-apple-macos12.0 -fmessage-length\=0 -fdiagnostics-show-note-include-stack -fmacro-backtrace-limit\=0 -fno-color-diagnostics -fmodules-prune-interval\=86400 -fmodules-prune-after\=345600 -fbuild-session-file\=/Users/buddhirajgautam/Library/Developer/Xcode/DerivedData/ModuleCache.noindex/Session.modulevalidation -fmodules-validate-once-per-build-session -Wnon-modular-include-in-framework-module -Werror\=non-modular-include-in-framework-module -Wno-trigraphs -Wno-missing-field-initializers -Wno-missing-prototypes -Wno-return-type -Wno-implicit-atomic-properties -Wno-objc-interface-ivars -Wno-arc-repeated-use-of-weak -Wno-non-virtual-dtor -Wno-overloaded-virtual -Wno-exit-time-destructors -Wno-missing-braces -Wparentheses -Wswitch -Wno-unused-function -Wno-unused-label -Wno-unused-parameter -Wno-unused-variable -Wunused-value -Wno-empty-body -Wno-uninitialized -Wno-unknown-pragmas -Wno-shadow -Wno-four-char-constants -Wno-conversion -Wno-constant-conversion -Wno-int-conversion -Wno-bool-conversion -Wno-enum-conversion -Wno-float-conversion -Wno-non-literal-null-conversion -Wno-objc-literal-conversion -Wshorten-64-to-32 -Wno-newline-eof -Wno-selector -Wno-strict-selector-match -Wno-undeclared-selector -Wno-deprecated-implementations -Wno-c++11-extensions -Wno-implicit-fallthrough -isysroot /Applications/Xcode.app/Contents/Developer/Platforms/MacOSX.platform/Developer/SDKs/MacOSX27.0.sdk -fstrict-aliasing -Wprotocol -Wdeprecated-declarations -Winvalid-offsetof -Wno-sign-conversion -Wno-infinite-recursion -Wno-move -Wno-comma -Wno-block-capture-autoreleasing -Wno-strict-prototypes -Wno-range-loop-analysis -Wno-semicolon-before-method-body -index-store-path /Users/buddhirajgautam/Library/Developer/Xcode/DerivedData/Telegram-Mac-fygdgghdgmuleoelvxabfmqiotta/Index.noindex/DataStore @/Users/buddhirajgautam/Library/Developer/Xcode/DerivedData/Telegram-Mac-fygdgghdgmuleoelvxabfmqiotta/Build/Intermediates.noindex/TgVoipWebrtc.build/Debug/TgVoipWebrtc-t.build/Objects-normal/arm64/af3fcb34312c57c0f52879cdce924b91-common-args.resp -MMD -MT dependencies -MF /Users/buddhirajgautam/Library/Developer/Xcode/DerivedData/Telegram-Mac-fygdgghdgmuleoelvxabfmqiotta/Build/Intermediates.noindex/TgVoipWebrtc.build/Debug/TgVoipWebrtc-t.build/Objects-normal/arm64/TGRTCVideoDecoderH264.d --serialize-diagnostics /Users/buddhirajgautam/Library/Developer/Xcode/DerivedData/Telegram-Mac-fygdgghdgmuleoelvxabfmqiotta/Build/Intermediates.noindex/TgVoipWebrtc.build/Debug/TgVoipWebrtc-t.build/Objects-normal/arm64/TGRTCVideoDecoderH264.dia -c /Users/buddhirajgautam/Documents/Cherrygram-Mac/macOS-Swift/submodules/tgcalls/tgcalls/platform/darwin/TGRTCVideoDecoderH264.mm -o /Users/buddhirajgautam/Library/Developer/Xcode/DerivedData/Telegram-Mac-fygdgghdgmuleoelvxabfmqiotta/Build/Intermediates.noindex/TgVoipWebrtc.build/Debug/TgVoipWebrtc-t.build/Objects-normal/arm64/TGRTCVideoDecoderH264.o -index-unit-output-path /TgVoipWebrtc.build/Debug/TgVoipWebrtc-t.build/Objects-normal/arm64/TGRTCVideoDecoderH264.o
In file included from /Users/buddhirajgautam/Documents/Cherrygram-Mac/macOS-Swift/submodules/tgcalls/tgcalls/platform/darwin/TGRTCVideoDecoderH264.mm:27:
In file included from /Users/buddhirajgautam/Documents/Cherrygram-Mac/macOS-Swift/submodules/tgcalls/SharedHeaders/webrtc/rtc_base/checks.h:57:
/Users/buddhirajgautam/Documents/Cherrygram-Mac/macOS-Swift/submodules/tgcalls/SharedHeaders/webrtc/third_party/abseil-cpp/absl/meta/type_traits.h:511:36: warning: builtin __is_trivially_relocatable is deprecated; use __builtin_is_cpp_trivially_relocatable instead [-Wdeprecated-builtins]
  511 |     : std::integral_constant<bool, __is_trivially_relocatable(T)> {};
      |                                    ^
/Users/buddhirajgautam/Documents/Cherrygram-Mac/macOS-Swift/submodules/tgcalls/tgcalls/platform/darwin/TGRTCVideoDecoderH264.mm:70:42: warning: implicit conversion loses integer precision: 'int64_t' (aka 'long long') to 'int32_t' (aka 'int') [-Wshorten-64-to-32]
   70 |   decodedFrame.timeStamp = decodeParams->timestamp;
      |                          ~ ~~~~~~~~~~~~~~^~~~~~~~~
In file included from /Users/buddhirajgautam/Documents/Cherrygram-Mac/macOS-Swift/submodules/tgcalls/tgcalls/platform/darwin/TGRTCVideoDecoderH264.mm:27:
In file included from /Users/buddhirajgautam/Documents/Cherrygram-Mac/macOS-Swift/submodules/tgcalls/SharedHeaders/webrtc/rtc_base/checks.h:57:
/Users/buddhirajgautam/Documents/Cherrygram-Mac/macOS-Swift/submodules/tgcalls/SharedHeaders/webrtc/third_party/abseil-cpp/absl/meta/type_traits.h:511:36: warning: builtin __is_trivially_relocatable is deprecated; use __builtin_is_cpp_trivially_relocatable instead [-Wdeprecated-builtins]
  511 |     : std::integral_constant<bool, __is_trivially_relocatable(T)> {};
      |                                    ^
In file included from /Users/buddhirajgautam/Documents/Cherrygram-Mac/macOS-Swift/submodules/tgcalls/tgcalls/platform/darwin/TGRTCVideoDecoderH264.mm:30:
In file included from /Users/buddhirajgautam/Documents/Cherrygram-Mac/macOS-Swift/submodules/tgcalls/SharedHeaders/webrtc/sdk/objc/components/video_codec/nalu_rewriter.h:20:
In file included from /Users/buddhirajgautam/Documents/Cherrygram-Mac/macOS-Swift/submodules/tgcalls/SharedHeaders/webrtc/modules/video_coding/codecs/h264/include/h264.h:19:
In file included from /Users/buddhirajgautam/Documents/Cherrygram-Mac/macOS-Swift/submodules/tgcalls/SharedHeaders/webrtc/api/video_codecs/h264_profile_level_id.h:17:
In file included from /Users/buddhirajgautam/Documents/Cherrygram-Mac/macOS-Swift/submodules/tgcalls/SharedHeaders/webrtc/api/video_codecs/sdp_video_format.h:17:
In file included from /Users/buddhirajgautam/Documents/Cherrygram-Mac/macOS-Swift/submodules/tgcalls/SharedHeaders/webrtc/third_party/abseil-cpp/absl/container/inlined_vector.h:53:
/Users/buddhirajgautam/Documents/Cherrygram-Mac/macOS-Swift/submodules/tgcalls/SharedHeaders/webrtc/third_party/abseil-cpp/absl/container/internal/inlined_vector.h:522:22: note: in instantiation of template class 'absl::is_trivially_relocatable<webrtc::DecodeTargetIndication>' requested here
  522 |                absl::is_trivially_relocatable<V>::value ||
      |                      ^
In file included from /Users/buddhirajgautam/Documents/Cherrygram-Mac/macOS-Swift/submodules/tgcalls/tgcalls/platform/darwin/TGRTCVideoDecoderH264.mm:27:
In file included from /Users/buddhirajgautam/Documents/Cherrygram-Mac/macOS-Swift/submodules/tgcalls/SharedHeaders/webrtc/rtc_base/checks.h:58:
In file included from /Users/buddhirajgautam/Documents/Cherrygram-Mac/macOS-Swift/submodules/tgcalls/SharedHeaders/webrtc/third_party/abseil-cpp/absl/strings/string_view.h:43:
/Users/buddhirajgautam/Documents/Cherrygram-Mac/macOS-Swift/submodules/tgcalls/SharedHeaders/webrtc/third_party/abseil-cpp/absl/base/macros.h:128:49: note: expanded from macro 'ABSL_HARDENING_ASSERT'
  128 | #define ABSL_HARDENING_ASSERT(expr) ABSL_ASSERT(expr)
      |                                                 ^
/Users/buddhirajgautam/Documents/Cherrygram-Mac/macOS-Swift/submodules/tgcalls/SharedHeaders/webrtc/third_party/abseil-cpp/absl/base/macros.h:95:30: note: expanded from macro 'ABSL_ASSERT'
   95 |   (false ? static_cast<void>(expr) : static_cast<void>(0))
      |                              ^
In file included from /Users/buddhirajgautam/Documents/Cherrygram-Mac/macOS-Swift/submodules/tgcalls/tgcalls/platform/darwin/TGRTCVideoDecoderH264.mm:30:
In file included from /Users/buddhirajgautam/Documents/Cherrygram-Mac/macOS-Swift/submodules/tgcalls/SharedHeaders/webrtc/sdk/objc/components/video_codec/nalu_rewriter.h:20:
In file included from /Users/buddhirajgautam/Documents/Cherrygram-Mac/macOS-Swift/submodules/tgcalls/SharedHeaders/webrtc/modules/video_coding/codecs/h264/include/h264.h:19:
In file included from /Users/buddhirajgautam/Documents/Cherrygram-Mac/macOS-Swift/submodules/tgcalls/SharedHeaders/webrtc/api/video_codecs/h264_profile_level_id.h:17:
In file included from /Users/buddhirajgautam/Documents/Cherrygram-Mac/macOS-Swift/submodules/tgcalls/SharedHeaders/webrtc/api/video_codecs/sdp_video_format.h:17:
/Users/buddhirajgautam/Documents/Cherrygram-Mac/macOS-Swift/submodules/tgcalls/SharedHeaders/webrtc/third_party/abseil-cpp/absl/container/inlined_vector.h:856:14: note: in instantiation of member function 'absl::inlined_vector_internal::Storage<webrtc::DecodeTargetIndication, 10, std::allocator<webrtc::DecodeTargetIndication>>::MemcpyFrom' requested here
  856 |     storage_.MemcpyFrom(other.storage_);
      |              ^
/Users/buddhirajgautam/Documents/Cherrygram-Mac/macOS-Swift/submodules/tgcalls/SharedHeaders/webrtc/third_party/abseil-cpp/absl/container/inlined_vector.h:548:7: note: in instantiation of member function 'absl::InlinedVector<webrtc::DecodeTargetIndication, 10>::MoveAssignment' requested here
  548 |       MoveAssignment(MoveAssignmentPolicy{}, std::move(other));
      |       ^
In file included from /Users/buddhirajgautam/Documents/Cherrygram-Mac/macOS-Swift/submodules/tgcalls/tgcalls/platform/darwin/TGRTCVideoDecoderH264.mm:30:
In file included from /Users/buddhirajgautam/Documents/Cherrygram-Mac/macOS-Swift/submodules/tgcalls/SharedHeaders/webrtc/sdk/objc/components/video_codec/nalu_rewriter.h:20:
In file included from /Users/buddhirajgautam/Documents/Cherrygram-Mac/macOS-Swift/submodules/tgcalls/SharedHeaders/webrtc/modules/video_coding/codecs/h264/include/h264.h:22:
In file included from /Users/buddhirajgautam/Documents/Cherrygram-Mac/macOS-Swift/submodules/tgcalls/SharedHeaders/webrtc/modules/video_coding/include/video_codec_interface.h:21:
In file included from /Users/buddhirajgautam/Documents/Cherrygram-Mac/macOS-Swift/submodules/tgcalls/SharedHeaders/webrtc/common_video/generic_frame_descriptor/generic_frame_info.h:20:
/Users/buddhirajgautam/Documents/Cherrygram-Mac/macOS-Swift/submodules/tgcalls/SharedHeaders/webrtc/api/transport/rtp/dependency_descriptor.h:133:35: note: in instantiation of member function 'absl::InlinedVector<webrtc::DecodeTargetIndication, 10>::operator=' requested here
  133 |   this->decode_target_indications =
      |                                   ^
3 warnings generated.

CompileC /Users/buddhirajgautam/Library/Developer/Xcode/DerivedData/Telegram-Mac-fygdgghdgmuleoelvxabfmqiotta/Build/Intermediates.noindex/TgVoipWebrtc.build/Debug/TgVoipWebrtc-t.build/Objects-normal/arm64/TGRTCMTLRenderer.o /Users/buddhirajgautam/Documents/Cherrygram-Mac/macOS-Swift/submodules/tgcalls/tgcalls/platform/darwin/macOS/TGRTCMTLRenderer.mm normal arm64 objective-c++ com.apple.compilers.llvm.clang.1_0.compiler (in target 'TgVoipWebrtc' from project 'TgVoipWebrtc')
    cd /Users/buddhirajgautam/Documents/Cherrygram-Mac/macOS-Swift
    
    Using response file: /Users/buddhirajgautam/Library/Developer/Xcode/DerivedData/Telegram-Mac-fygdgghdgmuleoelvxabfmqiotta/Build/Intermediates.noindex/TgVoipWebrtc.build/Debug/TgVoipWebrtc-t.build/Objects-normal/arm64/af3fcb34312c57c0f52879cdce924b91-common-args.resp
    
    /Applications/Xcode.app/Contents/Developer/Toolchains/XcodeDefault.xctoolchain/usr/bin/clang -x objective-c++ -ivfsstatcache /Users/buddhirajgautam/Library/Developer/Xcode/DerivedData/SDKStatCaches.noindex/macosx27.0-26A425-e829b21a6f8c9b70876ba0858053c0447231f6df4def33e022ae2eb8f782df1a.sdkstatcache -target arm64-apple-macos12.0 -fmessage-length\=0 -fdiagnostics-show-note-include-stack -fmacro-backtrace-limit\=0 -fno-color-diagnostics -fmodules-prune-interval\=86400 -fmodules-prune-after\=345600 -fbuild-session-file\=/Users/buddhirajgautam/Library/Developer/Xcode/DerivedData/ModuleCache.noindex/Session.modulevalidation -fmodules-validate-once-per-build-session -Wnon-modular-include-in-framework-module -Werror\=non-modular-include-in-framework-module -Wno-trigraphs -Wno-missing-field-initializers -Wno-missing-prototypes -Wno-return-type -Wno-implicit-atomic-properties -Wno-objc-interface-ivars -Wno-arc-repeated-use-of-weak -Wno-non-virtual-dtor -Wno-overloaded-virtual -Wno-exit-time-destructors -Wno-missing-braces -Wparentheses -Wswitch -Wno-unused-function -Wno-unused-label -Wno-unused-parameter -Wno-unused-variable -Wunused-value -Wno-empty-body -Wno-uninitialized -Wno-unknown-pragmas -Wno-shadow -Wno-four-char-constants -Wno-conversion -Wno-constant-conversion -Wno-int-conversion -Wno-bool-conversion -Wno-enum-conversion -Wno-float-conversion -Wno-non-literal-null-conversion -Wno-objc-literal-conversion -Wshorten-64-to-32 -Wno-newline-eof -Wno-selector -Wno-strict-selector-match -Wno-undeclared-selector -Wno-deprecated-implementations -Wno-c++11-extensions -Wno-implicit-fallthrough -isysroot /Applications/Xcode.app/Contents/Developer/Platforms/MacOSX.platform/Developer/SDKs/MacOSX27.0.sdk -fstrict-aliasing -Wprotocol -Wdeprecated-declarations -Winvalid-offsetof -Wno-sign-conversion -Wno-infinite-recursion -Wno-move -Wno-comma -Wno-block-capture-autoreleasing -Wno-strict-prototypes -Wno-range-loop-analysis -Wno-semicolon-before-method-body -index-store-path /Users/buddhirajgautam/Library/Developer/Xcode/DerivedData/Telegram-Mac-fygdgghdgmuleoelvxabfmqiotta/Index.noindex/DataStore @/Users/buddhirajgautam/Library/Developer/Xcode/DerivedData/Telegram-Mac-fygdgghdgmuleoelvxabfmqiotta/Build/Intermediates.noindex/TgVoipWebrtc.build/Debug/TgVoipWebrtc-t.build/Objects-normal/arm64/af3fcb34312c57c0f52879cdce924b91-common-args.resp -MMD -MT dependencies -MF /Users/buddhirajgautam/Library/Developer/Xcode/DerivedData/Telegram-Mac-fygdgghdgmuleoelvxabfmqiotta/Build/Intermediates.noindex/TgVoipWebrtc.build/Debug/TgVoipWebrtc-t.build/Objects-normal/arm64/TGRTCMTLRenderer.d --serialize-diagnostics /Users/buddhirajgautam/Library/Developer/Xcode/DerivedData/Telegram-Mac-fygdgghdgmuleoelvxabfmqiotta/Build/Intermediates.noindex/TgVoipWebrtc.build/Debug/TgVoipWebrtc-t.build/Objects-normal/arm64/TGRTCMTLRenderer.dia -c /Users/buddhirajgautam/Documents/Cherrygram-Mac/macOS-Swift/submodules/tgcalls/tgcalls/platform/darwin/macOS/TGRTCMTLRenderer.mm -o /Users/buddhirajgautam/Library/Developer/Xcode/DerivedData/Telegram-Mac-fygdgghdgmuleoelvxabfmqiotta/Build/Intermediates.noindex/TgVoipWebrtc.build/Debug/TgVoipWebrtc-t.build/Objects-normal/arm64/TGRTCMTLRenderer.o -index-unit-output-path /TgVoipWebrtc.build/Debug/TgVoipWebrtc-t.build/Objects-normal/arm64/TGRTCMTLRenderer.o
In file included from /Users/buddhirajgautam/Documents/Cherrygram-Mac/macOS-Swift/submodules/tgcalls/tgcalls/platform/darwin/macOS/TGRTCMTLRenderer.mm:22:
In file included from /Users/buddhirajgautam/Documents/Cherrygram-Mac/macOS-Swift/submodules/tgcalls/SharedHeaders/webrtc/rtc_base/checks.h:57:
/Users/buddhirajgautam/Documents/Cherrygram-Mac/macOS-Swift/submodules/tgcalls/SharedHeaders/webrtc/third_party/abseil-cpp/absl/meta/type_traits.h:511:36: warning: builtin __is_trivially_relocatable is deprecated; use __builtin_is_cpp_trivially_relocatable instead [-Wdeprecated-builtins]
  511 |     : std::integral_constant<bool, __is_trivially_relocatable(T)> {};
      |                                    ^
1 warning generated.

CompileC /Users/buddhirajgautam/Library/Developer/Xcode/DerivedData/Telegram-Mac-fygdgghdgmuleoelvxabfmqiotta/Build/Intermediates.noindex/TgVoipWebrtc.build/Debug/TgVoipWebrtc-t.build/Objects-normal/arm64/TGRTCMTLI420Renderer.o /Users/buddhirajgautam/Documents/Cherrygram-Mac/macOS-Swift/submodules/tgcalls/tgcalls/platform/darwin/macOS/TGRTCMTLI420Renderer.mm normal arm64 objective-c++ com.apple.compilers.llvm.clang.1_0.compiler (in target 'TgVoipWebrtc' from project 'TgVoipWebrtc')
    cd /Users/buddhirajgautam/Documents/Cherrygram-Mac/macOS-Swift
    
    Using response file: /Users/buddhirajgautam/Library/Developer/Xcode/DerivedData/Telegram-Mac-fygdgghdgmuleoelvxabfmqiotta/Build/Intermediates.noindex/TgVoipWebrtc.build/Debug/TgVoipWebrtc-t.build/Objects-normal/arm64/af3fcb34312c57c0f52879cdce924b91-common-args.resp
    
    /Applications/Xcode.app/Contents/Developer/Toolchains/XcodeDefault.xctoolchain/usr/bin/clang -x objective-c++ -ivfsstatcache /Users/buddhirajgautam/Library/Developer/Xcode/DerivedData/SDKStatCaches.noindex/macosx27.0-26A425-e829b21a6f8c9b70876ba0858053c0447231f6df4def33e022ae2eb8f782df1a.sdkstatcache -target arm64-apple-macos12.0 -fmessage-length\=0 -fdiagnostics-show-note-include-stack -fmacro-backtrace-limit\=0 -fno-color-diagnostics -fmodules-prune-interval\=86400 -fmodules-prune-after\=345600 -fbuild-session-file\=/Users/buddhirajgautam/Library/Developer/Xcode/DerivedData/ModuleCache.noindex/Session.modulevalidation -fmodules-validate-once-per-build-session -Wnon-modular-include-in-framework-module -Werror\=non-modular-include-in-framework-module -Wno-trigraphs -Wno-missing-field-initializers -Wno-missing-prototypes -Wno-return-type -Wno-implicit-atomic-properties -Wno-objc-interface-ivars -Wno-arc-repeated-use-of-weak -Wno-non-virtual-dtor -Wno-overloaded-virtual -Wno-exit-time-destructors -Wno-missing-braces -Wparentheses -Wswitch -Wno-unused-function -Wno-unused-label -Wno-unused-parameter -Wno-unused-variable -Wunused-value -Wno-empty-body -Wno-uninitialized -Wno-unknown-pragmas -Wno-shadow -Wno-four-char-constants -Wno-conversion -Wno-constant-conversion -Wno-int-conversion -Wno-bool-conversion -Wno-enum-conversion -Wno-float-conversion -Wno-non-literal-null-conversion -Wno-objc-literal-conversion -Wshorten-64-to-32 -Wno-newline-eof -Wno-selector -Wno-strict-selector-match -Wno-undeclared-selector -Wno-deprecated-implementations -Wno-c++11-extensions -Wno-implicit-fallthrough -isysroot /Applications/Xcode.app/Contents/Developer/Platforms/MacOSX.platform/Developer/SDKs/MacOSX27.0.sdk -fstrict-aliasing -Wprotocol -Wdeprecated-declarations -Winvalid-offsetof -Wno-sign-conversion -Wno-infinite-recursion -Wno-move -Wno-comma -Wno-block-capture-autoreleasing -Wno-strict-prototypes -Wno-range-loop-analysis -Wno-semicolon-before-method-body -index-store-path /Users/buddhirajgautam/Library/Developer/Xcode/DerivedData/Telegram-Mac-fygdgghdgmuleoelvxabfmqiotta/Index.noindex/DataStore @/Users/buddhirajgautam/Library/Developer/Xcode/DerivedData/Telegram-Mac-fygdgghdgmuleoelvxabfmqiotta/Build/Intermediates.noindex/TgVoipWebrtc.build/Debug/TgVoipWebrtc-t.build/Objects-normal/arm64/af3fcb34312c57c0f52879cdce924b91-common-args.resp -MMD -MT dependencies -MF /Users/buddhirajgautam/Library/Developer/Xcode/DerivedData/Telegram-Mac-fygdgghdgmuleoelvxabfmqiotta/Build/Intermediates.noindex/TgVoipWebrtc.build/Debug/TgVoipWebrtc-t.build/Objects-normal/arm64/TGRTCMTLI420Renderer.d --serialize-diagnostics /Users/buddhirajgautam/Library/Developer/Xcode/DerivedData/Telegram-Mac-fygdgghdgmuleoelvxabfmqiotta/Build/Intermediates.noindex/TgVoipWebrtc.build/Debug/TgVoipWebrtc-t.build/Objects-normal/arm64/TGRTCMTLI420Renderer.dia -c /Users/buddhirajgautam/Documents/Cherrygram-Mac/macOS-Swift/submodules/tgcalls/tgcalls/platform/darwin/macOS/TGRTCMTLI420Renderer.mm -o /Users/buddhirajgautam/Library/Developer/Xcode/DerivedData/Telegram-Mac-fygdgghdgmuleoelvxabfmqiotta/Build/Intermediates.noindex/TgVoipWebrtc.build/Debug/TgVoipWebrtc-t.build/Objects-normal/arm64/TGRTCMTLI420Renderer.o -index-unit-output-path /TgVoipWebrtc.build/Debug/TgVoipWebrtc-t.build/Objects-normal/arm64/TGRTCMTLI420Renderer.o

CompileC /Users/buddhirajgautam/Library/Developer/Xcode/DerivedData/Telegram-Mac-fygdgghdgmuleoelvxabfmqiotta/Build/Intermediates.noindex/TgVoipWebrtc.build/Debug/TgVoipWebrtc-t.build/Objects-normal/arm64/TGRTCDefaultVideoEncoderFactory.o /Users/buddhirajgautam/Documents/Cherrygram-Mac/macOS-Swift/submodules/tgcalls/tgcalls/platform/darwin/TGRTCDefaultVideoEncoderFactory.mm normal arm64 objective-c++ com.apple.compilers.llvm.clang.1_0.compiler (in target 'TgVoipWebrtc' from project 'TgVoipWebrtc')
    cd /Users/buddhirajgautam/Documents/Cherrygram-Mac/macOS-Swift
    
    Using response file: /Users/buddhirajgautam/Library/Developer/Xcode/DerivedData/Telegram-Mac-fygdgghdgmuleoelvxabfmqiotta/Build/Intermediates.noindex/TgVoipWebrtc.build/Debug/TgVoipWebrtc-t.build/Objects-normal/arm64/af3fcb34312c57c0f52879cdce924b91-common-args.resp
    
    /Applications/Xcode.app/Contents/Developer/Toolchains/XcodeDefault.xctoolchain/usr/bin/clang -x objective-c++ -ivfsstatcache /Users/buddhirajgautam/Library/Developer/Xcode/DerivedData/SDKStatCaches.noindex/macosx27.0-26A425-e829b21a6f8c9b70876ba0858053c0447231f6df4def33e022ae2eb8f782df1a.sdkstatcache -target arm64-apple-macos12.0 -fmessage-length\=0 -fdiagnostics-show-note-include-stack -fmacro-backtrace-limit\=0 -fno-color-diagnostics -fmodules-prune-interval\=86400 -fmodules-prune-after\=345600 -fbuild-session-file\=/Users/buddhirajgautam/Library/Developer/Xcode/DerivedData/ModuleCache.noindex/Session.modulevalidation -fmodules-validate-once-per-build-session -Wnon-modular-include-in-framework-module -Werror\=non-modular-include-in-framework-module -Wno-trigraphs -Wno-missing-field-initializers -Wno-missing-prototypes -Wno-return-type -Wno-implicit-atomic-properties -Wno-objc-interface-ivars -Wno-arc-repeated-use-of-weak -Wno-non-virtual-dtor -Wno-overloaded-virtual -Wno-exit-time-destructors -Wno-missing-braces -Wparentheses -Wswitch -Wno-unused-function -Wno-unused-label -Wno-unused-parameter -Wno-unused-variable -Wunused-value -Wno-empty-body -Wno-uninitialized -Wno-unknown-pragmas -Wno-shadow -Wno-four-char-constants -Wno-conversion -Wno-constant-conversion -Wno-int-conversion -Wno-bool-conversion -Wno-enum-conversion -Wno-float-conversion -Wno-non-literal-null-conversion -Wno-objc-literal-conversion -Wshorten-64-to-32 -Wno-newline-eof -Wno-selector -Wno-strict-selector-match -Wno-undeclared-selector -Wno-deprecated-implementations -Wno-c++11-extensions -Wno-implicit-fallthrough -isysroot /Applications/Xcode.app/Contents/Developer/Platforms/MacOSX.platform/Developer/SDKs/MacOSX27.0.sdk -fstrict-aliasing -Wprotocol -Wdeprecated-declarations -Winvalid-offsetof -Wno-sign-conversion -Wno-infinite-recursion -Wno-move -Wno-comma -Wno-block-capture-autoreleasing -Wno-strict-prototypes -Wno-range-loop-analysis -Wno-semicolon-before-method-body -index-store-path /Users/buddhirajgautam/Library/Developer/Xcode/DerivedData/Telegram-Mac-fygdgghdgmuleoelvxabfmqiotta/Index.noindex/DataStore @/Users/buddhirajgautam/Library/Developer/Xcode/DerivedData/Telegram-Mac-fygdgghdgmuleoelvxabfmqiotta/Build/Intermediates.noindex/TgVoipWebrtc.build/Debug/TgVoipWebrtc-t.build/Objects-normal/arm64/af3fcb34312c57c0f52879cdce924b91-common-args.resp -MMD -MT dependencies -MF /Users/buddhirajgautam/Library/Developer/Xcode/DerivedData/Telegram-Mac-fygdgghdgmuleoelvxabfmqiotta/Build/Intermediates.noindex/TgVoipWebrtc.build/Debug/TgVoipWebrtc-t.build/Objects-normal/arm64/TGRTCDefaultVideoEncoderFactory.d --serialize-diagnostics /Users/buddhirajgautam/Library/Developer/Xcode/DerivedData/Telegram-Mac-fygdgghdgmuleoelvxabfmqiotta/Build/Intermediates.noindex/TgVoipWebrtc.build/Debug/TgVoipWebrtc-t.build/Objects-normal/arm64/TGRTCDefaultVideoEncoderFactory.dia -c /Users/buddhirajgautam/Documents/Cherrygram-Mac/macOS-Swift/submodules/tgcalls/tgcalls/platform/darwin/TGRTCDefaultVideoEncoderFactory.mm -o /Users/buddhirajgautam/Library/Developer/Xcode/DerivedData/Telegram-Mac-fygdgghdgmuleoelvxabfmqiotta/Build/Intermediates.noindex/TgVoipWebrtc.build/Debug/TgVoipWebrtc-t.build/Objects-normal/arm64/TGRTCDefaultVideoEncoderFactory.o -index-unit-output-path /TgVoipWebrtc.build/Debug/TgVoipWebrtc-t.build/Objects-normal/arm64/TGRTCDefaultVideoEncoderFactory.o
In file included from /Users/buddhirajgautam/Documents/Cherrygram-Mac/macOS-Swift/submodules/tgcalls/tgcalls/platform/darwin/TGRTCDefaultVideoEncoderFactory.mm:26:
In file included from /Users/buddhirajgautam/Documents/Cherrygram-Mac/macOS-Swift/submodules/tgcalls/SharedHeaders/webrtc/sdk/objc/api/video_codec/RTCWrappedNativeVideoEncoder.h:16:
In file included from /Users/buddhirajgautam/Documents/Cherrygram-Mac/macOS-Swift/submodules/tgcalls/SharedHeaders/webrtc/api/video_codecs/sdp_video_format.h:17:
In file included from /Users/buddhirajgautam/Documents/Cherrygram-Mac/macOS-Swift/submodules/tgcalls/SharedHeaders/webrtc/third_party/abseil-cpp/absl/container/inlined_vector.h:53:
In file included from /Users/buddhirajgautam/Documents/Cherrygram-Mac/macOS-Swift/submodules/tgcalls/SharedHeaders/webrtc/third_party/abseil-cpp/absl/container/internal/inlined_vector.h:31:
In file included from /Users/buddhirajgautam/Documents/Cherrygram-Mac/macOS-Swift/submodules/tgcalls/SharedHeaders/webrtc/third_party/abseil-cpp/absl/container/internal/compressed_tuple.h:40:
In file included from /Users/buddhirajgautam/Documents/Cherrygram-Mac/macOS-Swift/submodules/tgcalls/SharedHeaders/webrtc/third_party/abseil-cpp/absl/utility/utility.h:45:
/Users/buddhirajgautam/Documents/Cherrygram-Mac/macOS-Swift/submodules/tgcalls/SharedHeaders/webrtc/third_party/abseil-cpp/absl/meta/type_traits.h:511:36: warning: builtin __is_trivially_relocatable is deprecated; use __builtin_is_cpp_trivially_relocatable instead [-Wdeprecated-builtins]
  511 |     : std::integral_constant<bool, __is_trivially_relocatable(T)> {};
      |                                    ^
/Users/buddhirajgautam/Documents/Cherrygram-Mac/macOS-Swift/submodules/tgcalls/SharedHeaders/webrtc/third_party/abseil-cpp/absl/meta/type_traits.h:511:36: warning: builtin __is_trivially_relocatable is deprecated; use __builtin_is_cpp_trivially_relocatable instead [-Wdeprecated-builtins]
In file included from /Users/buddhirajgautam/Documents/Cherrygram-Mac/macOS-Swift/submodules/tgcalls/tgcalls/platform/darwin/TGRTCDefaultVideoEncoderFactory.mm:26:
In file included from /Users/buddhirajgautam/Documents/Cherrygram-Mac/macOS-Swift/submodules/tgcalls/SharedHeaders/webrtc/sdk/objc/api/video_codec/RTCWrappedNativeVideoEncoder.h:16:
In file included from /Users/buddhirajgautam/Documents/Cherrygram-Mac/macOS-Swift/submodules/tgcalls/SharedHeaders/webrtc/api/video_codecs/sdp_video_format.h:17:
In file included from /Users/buddhirajgautam/Documents/Cherrygram-Mac/macOS-Swift/submodules/tgcalls/SharedHeaders/webrtc/third_party/abseil-cpp/absl/container/inlined_vector.h:53:
/Users/buddhirajgautam/Documents/Cherrygram-Mac/macOS-Swift/submodules/tgcalls/SharedHeaders/webrtc/third_party/abseil-cpp/absl/container/internal/inlined_vector.h:522:22: note: in instantiation of template class 'absl::is_trivially_relocatable<webrtc::DecodeTargetIndication>' requested here
  522 |                absl::is_trivially_relocatable<V>::value ||
      |                      ^
In file included from /Users/buddhirajgautam/Documents/Cherrygram-Mac/macOS-Swift/submodules/tgcalls/tgcalls/platform/darwin/TGRTCDefaultVideoEncoderFactory.mm:26:
In file included from /Users/buddhirajgautam/Documents/Cherrygram-Mac/macOS-Swift/submodules/tgcalls/SharedHeaders/webrtc/sdk/objc/api/video_codec/RTCWrappedNativeVideoEncoder.h:16:
In file included from /Users/buddhirajgautam/Documents/Cherrygram-Mac/macOS-Swift/submodules/tgcalls/SharedHeaders/webrtc/api/video_codecs/sdp_video_format.h:17:
In file included from /Users/buddhirajgautam/Documents/Cherrygram-Mac/macOS-Swift/submodules/tgcalls/SharedHeaders/webrtc/third_party/abseil-cpp/absl/container/inlined_vector.h:50:
/Users/buddhirajgautam/Documents/Cherrygram-Mac/macOS-Swift/submodules/tgcalls/SharedHeaders/webrtc/third_party/abseil-cpp/absl/base/macros.h:128:49: note: expanded from macro 'ABSL_HARDENING_ASSERT'
  128 | #define ABSL_HARDENING_ASSERT(expr) ABSL_ASSERT(expr)
      |                                                 ^
/Users/buddhirajgautam/Documents/Cherrygram-Mac/macOS-Swift/submodules/tgcalls/SharedHeaders/webrtc/third_party/abseil-cpp/absl/base/macros.h:95:30: note: expanded from macro 'ABSL_ASSERT'
   95 |   (false ? static_cast<void>(expr) : static_cast<void>(0))
      |                              ^
In file included from /Users/buddhirajgautam/Documents/Cherrygram-Mac/macOS-Swift/submodules/tgcalls/tgcalls/platform/darwin/TGRTCDefaultVideoEncoderFactory.mm:26:
In file included from /Users/buddhirajgautam/Documents/Cherrygram-Mac/macOS-Swift/submodules/tgcalls/SharedHeaders/webrtc/sdk/objc/api/video_codec/RTCWrappedNativeVideoEncoder.h:16:
In file included from /Users/buddhirajgautam/Documents/Cherrygram-Mac/macOS-Swift/submodules/tgcalls/SharedHeaders/webrtc/api/video_codecs/sdp_video_format.h:17:
/Users/buddhirajgautam/Documents/Cherrygram-Mac/macOS-Swift/submodules/tgcalls/SharedHeaders/webrtc/third_party/abseil-cpp/absl/container/inlined_vector.h:856:14: note: in instantiation of member function 'absl::inlined_vector_internal::Storage<webrtc::DecodeTargetIndication, 10, std::allocator<webrtc::DecodeTargetIndication>>::MemcpyFrom' requested here
  856 |     storage_.MemcpyFrom(other.storage_);
      |              ^
/Users/buddhirajgautam/Documents/Cherrygram-Mac/macOS-Swift/submodules/tgcalls/SharedHeaders/webrtc/third_party/abseil-cpp/absl/container/inlined_vector.h:548:7: note: in instantiation of member function 'absl::InlinedVector<webrtc::DecodeTargetIndication, 10>::MoveAssignment' requested here
  548 |       MoveAssignment(MoveAssignmentPolicy{}, std::move(other));
      |       ^
In file included from /Users/buddhirajgautam/Documents/Cherrygram-Mac/macOS-Swift/submodules/tgcalls/tgcalls/platform/darwin/TGRTCDefaultVideoEncoderFactory.mm:27:
In file included from /Users/buddhirajgautam/Documents/Cherrygram-Mac/macOS-Swift/submodules/tgcalls/SharedHeaders/webrtc/modules/video_coding/codecs/h264/include/h264.h:22:
In file included from /Users/buddhirajgautam/Documents/Cherrygram-Mac/macOS-Swift/submodules/tgcalls/SharedHeaders/webrtc/modules/video_coding/include/video_codec_interface.h:21:
In file included from /Users/buddhirajgautam/Documents/Cherrygram-Mac/macOS-Swift/submodules/tgcalls/SharedHeaders/webrtc/common_video/generic_frame_descriptor/generic_frame_info.h:20:
/Users/buddhirajgautam/Documents/Cherrygram-Mac/macOS-Swift/submodules/tgcalls/SharedHeaders/webrtc/api/transport/rtp/dependency_descriptor.h:133:35: note: in instantiation of member function 'absl::InlinedVector<webrtc::DecodeTargetIndication, 10>::operator=' requested here
  133 |   this->decode_target_indications =
      |                                   ^
2 warnings generated.

CompileC /Users/buddhirajgautam/Library/Developer/Xcode/DerivedData/Telegram-Mac-fygdgghdgmuleoelvxabfmqiotta/Build/Intermediates.noindex/TgVoipWebrtc.build/Debug/TgVoipWebrtc-t.build/Objects-normal/arm64/TGRTCDefaultVideoDecoderFactory.o /Users/buddhirajgautam/Documents/Cherrygram-Mac/macOS-Swift/submodules/tgcalls/tgcalls/platform/darwin/TGRTCDefaultVideoDecoderFactory.mm normal arm64 objective-c++ com.apple.compilers.llvm.clang.1_0.compiler (in target 'TgVoipWebrtc' from project 'TgVoipWebrtc')
    cd /Users/buddhirajgautam/Documents/Cherrygram-Mac/macOS-Swift
    
    Using response file: /Users/buddhirajgautam/Library/Developer/Xcode/DerivedData/Telegram-Mac-fygdgghdgmuleoelvxabfmqiotta/Build/Intermediates.noindex/TgVoipWebrtc.build/Debug/TgVoipWebrtc-t.build/Objects-normal/arm64/af3fcb34312c57c0f52879cdce924b91-common-args.resp
    
    /Applications/Xcode.app/Contents/Developer/Toolchains/XcodeDefault.xctoolchain/usr/bin/clang -x objective-c++ -ivfsstatcache /Users/buddhirajgautam/Library/Developer/Xcode/DerivedData/SDKStatCaches.noindex/macosx27.0-26A425-e829b21a6f8c9b70876ba0858053c0447231f6df4def33e022ae2eb8f782df1a.sdkstatcache -target arm64-apple-macos12.0 -fmessage-length\=0 -fdiagnostics-show-note-include-stack -fmacro-backtrace-limit\=0 -fno-color-diagnostics -fmodules-prune-interval\=86400 -fmodules-prune-after\=345600 -fbuild-session-file\=/Users/buddhirajgautam/Library/Developer/Xcode/DerivedData/ModuleCache.noindex/Session.modulevalidation -fmodules-validate-once-per-build-session -Wnon-modular-include-in-framework-module -Werror\=non-modular-include-in-framework-module -Wno-trigraphs -Wno-missing-field-initializers -Wno-missing-prototypes -Wno-return-type -Wno-implicit-atomic-properties -Wno-objc-interface-ivars -Wno-arc-repeated-use-of-weak -Wno-non-virtual-dtor -Wno-overloaded-virtual -Wno-exit-time-destructors -Wno-missing-braces -Wparentheses -Wswitch -Wno-unused-function -Wno-unused-label -Wno-unused-parameter -Wno-unused-variable -Wunused-value -Wno-empty-body -Wno-uninitialized -Wno-unknown-pragmas -Wno-shadow -Wno-four-char-constants -Wno-conversion -Wno-constant-conversion -Wno-int-conversion -Wno-bool-conversion -Wno-enum-conversion -Wno-float-conversion -Wno-non-literal-null-conversion -Wno-objc-literal-conversion -Wshorten-64-to-32 -Wno-newline-eof -Wno-selector -Wno-strict-selector-match -Wno-undeclared-selector -Wno-deprecated-implementations -Wno-c++11-extensions -Wno-implicit-fallthrough -isysroot /Applications/Xcode.app/Contents/Developer/Platforms/MacOSX.platform/Developer/SDKs/MacOSX27.0.sdk -fstrict-aliasing -Wprotocol -Wdeprecated-declarations -Winvalid-offsetof -Wno-sign-conversion -Wno-infinite-recursion -Wno-move -Wno-comma -Wno-block-capture-autoreleasing -Wno-strict-prototypes -Wno-range-loop-analysis -Wno-semicolon-before-method-body -index-store-path /Users/buddhirajgautam/Library/Developer/Xcode/DerivedData/Telegram-Mac-fygdgghdgmuleoelvxabfmqiotta/Index.noindex/DataStore @/Users/buddhirajgautam/Library/Developer/Xcode/DerivedData/Telegram-Mac-fygdgghdgmuleoelvxabfmqiotta/Build/Intermediates.noindex/TgVoipWebrtc.build/Debug/TgVoipWebrtc-t.build/Objects-normal/arm64/af3fcb34312c57c0f52879cdce924b91-common-args.resp -MMD -MT dependencies -MF /Users/buddhirajgautam/Library/Developer/Xcode/DerivedData/Telegram-Mac-fygdgghdgmuleoelvxabfmqiotta/Build/Intermediates.noindex/TgVoipWebrtc.build/Debug/TgVoipWebrtc-t.build/Objects-normal/arm64/TGRTCDefaultVideoDecoderFactory.d --serialize-diagnostics /Users/buddhirajgautam/Library/Developer/Xcode/DerivedData/Telegram-Mac-fygdgghdgmuleoelvxabfmqiotta/Build/Intermediates.noindex/TgVoipWebrtc.build/Debug/TgVoipWebrtc-t.build/Objects-normal/arm64/TGRTCDefaultVideoDecoderFactory.dia -c /Users/buddhirajgautam/Documents/Cherrygram-Mac/macOS-Swift/submodules/tgcalls/tgcalls/platform/darwin/TGRTCDefaultVideoDecoderFactory.mm -o /Users/buddhirajgautam/Library/Developer/Xcode/DerivedData/Telegram-Mac-fygdgghdgmuleoelvxabfmqiotta/Build/Intermediates.noindex/TgVoipWebrtc.build/Debug/TgVoipWebrtc-t.build/Objects-normal/arm64/TGRTCDefaultVideoDecoderFactory.o -index-unit-output-path /TgVoipWebrtc.build/Debug/TgVoipWebrtc-t.build/Objects-normal/arm64/TGRTCDefaultVideoDecoderFactory.o
In file included from /Users/buddhirajgautam/Documents/Cherrygram-Mac/macOS-Swift/submodules/tgcalls/tgcalls/platform/darwin/TGRTCDefaultVideoDecoderFactory.mm:26:
In file included from /Users/buddhirajgautam/Documents/Cherrygram-Mac/macOS-Swift/submodules/tgcalls/SharedHeaders/webrtc/sdk/objc/api/video_codec/RTCWrappedNativeVideoDecoder.h:16:
In file included from /Users/buddhirajgautam/Documents/Cherrygram-Mac/macOS-Swift/submodules/tgcalls/SharedHeaders/webrtc/api/video_codecs/video_decoder.h:18:
In file included from /Users/buddhirajgautam/Documents/Cherrygram-Mac/macOS-Swift/submodules/tgcalls/SharedHeaders/webrtc/third_party/abseil-cpp/absl/types/optional.h:39:
In file included from /Users/buddhirajgautam/Documents/Cherrygram-Mac/macOS-Swift/submodules/tgcalls/SharedHeaders/webrtc/third_party/abseil-cpp/absl/utility/utility.h:45:
/Users/buddhirajgautam/Documents/Cherrygram-Mac/macOS-Swift/submodules/tgcalls/SharedHeaders/webrtc/third_party/abseil-cpp/absl/meta/type_traits.h:511:36: warning: builtin __is_trivially_relocatable is deprecated; use __builtin_is_cpp_trivially_relocatable instead [-Wdeprecated-builtins]
  511 |     : std::integral_constant<bool, __is_trivially_relocatable(T)> {};
      |                                    ^
/Users/buddhirajgautam/Documents/Cherrygram-Mac/macOS-Swift/submodules/tgcalls/SharedHeaders/webrtc/third_party/abseil-cpp/absl/meta/type_traits.h:511:36: warning: builtin __is_trivially_relocatable is deprecated; use __builtin_is_cpp_trivially_relocatable instead [-Wdeprecated-builtins]
In file included from /Users/buddhirajgautam/Documents/Cherrygram-Mac/macOS-Swift/submodules/tgcalls/tgcalls/platform/darwin/TGRTCDefaultVideoDecoderFactory.mm:26:
In file included from /Users/buddhirajgautam/Documents/Cherrygram-Mac/macOS-Swift/submodules/tgcalls/SharedHeaders/webrtc/sdk/objc/api/video_codec/RTCWrappedNativeVideoDecoder.h:17:
In file included from /Users/buddhirajgautam/Documents/Cherrygram-Mac/macOS-Swift/submodules/tgcalls/SharedHeaders/webrtc/media/base/codec.h:19:
In file included from /Users/buddhirajgautam/Documents/Cherrygram-Mac/macOS-Swift/submodules/tgcalls/SharedHeaders/webrtc/third_party/abseil-cpp/absl/container/inlined_vector.h:53:
/Users/buddhirajgautam/Documents/Cherrygram-Mac/macOS-Swift/submodules/tgcalls/SharedHeaders/webrtc/third_party/abseil-cpp/absl/container/internal/inlined_vector.h:522:22: note: in instantiation of template class 'absl::is_trivially_relocatable<webrtc::DecodeTargetIndication>' requested here
  522 |                absl::is_trivially_relocatable<V>::value ||
      |                      ^
In file included from /Users/buddhirajgautam/Documents/Cherrygram-Mac/macOS-Swift/submodules/tgcalls/tgcalls/platform/darwin/TGRTCDefaultVideoDecoderFactory.mm:26:
In file included from /Users/buddhirajgautam/Documents/Cherrygram-Mac/macOS-Swift/submodules/tgcalls/SharedHeaders/webrtc/sdk/objc/api/video_codec/RTCWrappedNativeVideoDecoder.h:16:
In file included from /Users/buddhirajgautam/Documents/Cherrygram-Mac/macOS-Swift/submodules/tgcalls/SharedHeaders/webrtc/api/video_codecs/video_decoder.h:19:
In file included from /Users/buddhirajgautam/Documents/Cherrygram-Mac/macOS-Swift/submodules/tgcalls/SharedHeaders/webrtc/api/video/encoded_image.h:20:
In file included from /Users/buddhirajgautam/Documents/Cherrygram-Mac/macOS-Swift/submodules/tgcalls/SharedHeaders/webrtc/api/rtp_packet_infos.h:20:
In file included from /Users/buddhirajgautam/Documents/Cherrygram-Mac/macOS-Swift/submodules/tgcalls/SharedHeaders/webrtc/api/rtp_packet_info.h:19:
In file included from /Users/buddhirajgautam/Documents/Cherrygram-Mac/macOS-Swift/submodules/tgcalls/SharedHeaders/webrtc/api/rtp_headers.h:20:
In file included from /Users/buddhirajgautam/Documents/Cherrygram-Mac/macOS-Swift/submodules/tgcalls/SharedHeaders/webrtc/api/array_view.h:19:
In file included from /Users/buddhirajgautam/Documents/Cherrygram-Mac/macOS-Swift/submodules/tgcalls/SharedHeaders/webrtc/rtc_base/checks.h:58:
In file included from /Users/buddhirajgautam/Documents/Cherrygram-Mac/macOS-Swift/submodules/tgcalls/SharedHeaders/webrtc/third_party/abseil-cpp/absl/strings/string_view.h:43:
/Users/buddhirajgautam/Documents/Cherrygram-Mac/macOS-Swift/submodules/tgcalls/SharedHeaders/webrtc/third_party/abseil-cpp/absl/base/macros.h:128:49: note: expanded from macro 'ABSL_HARDENING_ASSERT'
  128 | #define ABSL_HARDENING_ASSERT(expr) ABSL_ASSERT(expr)
      |                                                 ^
/Users/buddhirajgautam/Documents/Cherrygram-Mac/macOS-Swift/submodules/tgcalls/SharedHeaders/webrtc/third_party/abseil-cpp/absl/base/macros.h:95:30: note: expanded from macro 'ABSL_ASSERT'
   95 |   (false ? static_cast<void>(expr) : static_cast<void>(0))
      |                              ^
In file included from /Users/buddhirajgautam/Documents/Cherrygram-Mac/macOS-Swift/submodules/tgcalls/tgcalls/platform/darwin/TGRTCDefaultVideoDecoderFactory.mm:26:
In file included from /Users/buddhirajgautam/Documents/Cherrygram-Mac/macOS-Swift/submodules/tgcalls/SharedHeaders/webrtc/sdk/objc/api/video_codec/RTCWrappedNativeVideoDecoder.h:17:
In file included from /Users/buddhirajgautam/Documents/Cherrygram-Mac/macOS-Swift/submodules/tgcalls/SharedHeaders/webrtc/media/base/codec.h:19:
/Users/buddhirajgautam/Documents/Cherrygram-Mac/macOS-Swift/submodules/tgcalls/SharedHeaders/webrtc/third_party/abseil-cpp/absl/container/inlined_vector.h:856:14: note: in instantiation of member function 'absl::inlined_vector_internal::Storage<webrtc::DecodeTargetIndication, 10, std::allocator<webrtc::DecodeTargetIndication>>::MemcpyFrom' requested here
  856 |     storage_.MemcpyFrom(other.storage_);
      |              ^
/Users/buddhirajgautam/Documents/Cherrygram-Mac/macOS-Swift/submodules/tgcalls/SharedHeaders/webrtc/third_party/abseil-cpp/absl/container/inlined_vector.h:548:7: note: in instantiation of member function 'absl::InlinedVector<webrtc::DecodeTargetIndication, 10>::MoveAssignment' requested here
  548 |       MoveAssignment(MoveAssignmentPolicy{}, std::move(other));
      |       ^
In file included from /Users/buddhirajgautam/Documents/Cherrygram-Mac/macOS-Swift/submodules/tgcalls/tgcalls/platform/darwin/TGRTCDefaultVideoDecoderFactory.mm:27:
In file included from /Users/buddhirajgautam/Documents/Cherrygram-Mac/macOS-Swift/submodules/tgcalls/SharedHeaders/webrtc/modules/video_coding/codecs/h264/include/h264.h:22:
In file included from /Users/buddhirajgautam/Documents/Cherrygram-Mac/macOS-Swift/submodules/tgcalls/SharedHeaders/webrtc/modules/video_coding/include/video_codec_interface.h:21:
In file included from /Users/buddhirajgautam/Documents/Cherrygram-Mac/macOS-Swift/submodules/tgcalls/SharedHeaders/webrtc/common_video/generic_frame_descriptor/generic_frame_info.h:20:
/Users/buddhirajgautam/Documents/Cherrygram-Mac/macOS-Swift/submodules/tgcalls/SharedHeaders/webrtc/api/transport/rtp/dependency_descriptor.h:133:35: note: in instantiation of member function 'absl::InlinedVector<webrtc::DecodeTargetIndication, 10>::operator=' requested here
  133 |   this->decode_target_indications =
      |                                   ^
2 warnings generated.

CompileC /Users/buddhirajgautam/Library/Developer/Xcode/DerivedData/Telegram-Mac-fygdgghdgmuleoelvxabfmqiotta/Build/Intermediates.noindex/TgVoipWebrtc.build/Debug/TgVoipWebrtc-t.build/Objects-normal/arm64/TGRTCCVPixelBuffer.o /Users/buddhirajgautam/Documents/Cherrygram-Mac/macOS-Swift/submodules/tgcalls/tgcalls/platform/darwin/TGRTCCVPixelBuffer.mm normal arm64 objective-c++ com.apple.compilers.llvm.clang.1_0.compiler (in target 'TgVoipWebrtc' from project 'TgVoipWebrtc')
    cd /Users/buddhirajgautam/Documents/Cherrygram-Mac/macOS-Swift
    
    Using response file: /Users/buddhirajgautam/Library/Developer/Xcode/DerivedData/Telegram-Mac-fygdgghdgmuleoelvxabfmqiotta/Build/Intermediates.noindex/TgVoipWebrtc.build/Debug/TgVoipWebrtc-t.build/Objects-normal/arm64/af3fcb34312c57c0f52879cdce924b91-common-args.resp
    
    /Applications/Xcode.app/Contents/Developer/Toolchains/XcodeDefault.xctoolchain/usr/bin/clang -x objective-c++ -ivfsstatcache /Users/buddhirajgautam/Library/Developer/Xcode/DerivedData/SDKStatCaches.noindex/macosx27.0-26A425-e829b21a6f8c9b70876ba0858053c0447231f6df4def33e022ae2eb8f782df1a.sdkstatcache -target arm64-apple-macos12.0 -fmessage-length\=0 -fdiagnostics-show-note-include-stack -fmacro-backtrace-limit\=0 -fno-color-diagnostics -fmodules-prune-interval\=86400 -fmodules-prune-after\=345600 -fbuild-session-file\=/Users/buddhirajgautam/Library/Developer/Xcode/DerivedData/ModuleCache.noindex/Session.modulevalidation -fmodules-validate-once-per-build-session -Wnon-modular-include-in-framework-module -Werror\=non-modular-include-in-framework-module -Wno-trigraphs -Wno-missing-field-initializers -Wno-missing-prototypes -Wno-return-type -Wno-implicit-atomic-properties -Wno-objc-interface-ivars -Wno-arc-repeated-use-of-weak -Wno-non-virtual-dtor -Wno-overloaded-virtual -Wno-exit-time-destructors -Wno-missing-braces -Wparentheses -Wswitch -Wno-unused-function -Wno-unused-label -Wno-unused-parameter -Wno-unused-variable -Wunused-value -Wno-empty-body -Wno-uninitialized -Wno-unknown-pragmas -Wno-shadow -Wno-four-char-constants -Wno-conversion -Wno-constant-conversion -Wno-int-conversion -Wno-bool-conversion -Wno-enum-conversion -Wno-float-conversion -Wno-non-literal-null-conversion -Wno-objc-literal-conversion -Wshorten-64-to-32 -Wno-newline-eof -Wno-selector -Wno-strict-selector-match -Wno-undeclared-selector -Wno-deprecated-implementations -Wno-c++11-extensions -Wno-implicit-fallthrough -isysroot /Applications/Xcode.app/Contents/Developer/Platforms/MacOSX.platform/Developer/SDKs/MacOSX27.0.sdk -fstrict-aliasing -Wprotocol -Wdeprecated-declarations -Winvalid-offsetof -Wno-sign-conversion -Wno-infinite-recursion -Wno-move -Wno-comma -Wno-block-capture-autoreleasing -Wno-strict-prototypes -Wno-range-loop-analysis -Wno-semicolon-before-method-body -index-store-path /Users/buddhirajgautam/Library/Developer/Xcode/DerivedData/Telegram-Mac-fygdgghdgmuleoelvxabfmqiotta/Index.noindex/DataStore @/Users/buddhirajgautam/Library/Developer/Xcode/DerivedData/Telegram-Mac-fygdgghdgmuleoelvxabfmqiotta/Build/Intermediates.noindex/TgVoipWebrtc.build/Debug/TgVoipWebrtc-t.build/Objects-normal/arm64/af3fcb34312c57c0f52879cdce924b91-common-args.resp -MMD -MT dependencies -MF /Users/buddhirajgautam/Library/Developer/Xcode/DerivedData/Telegram-Mac-fygdgghdgmuleoelvxabfmqiotta/Build/Intermediates.noindex/TgVoipWebrtc.build/Debug/TgVoipWebrtc-t.build/Objects-normal/arm64/TGRTCCVPixelBuffer.d --serialize-diagnostics /Users/buddhirajgautam/Library/Developer/Xcode/DerivedData/Telegram-Mac-fygdgghdgmuleoelvxabfmqiotta/Build/Intermediates.noindex/TgVoipWebrtc.build/Debug/TgVoipWebrtc-t.build/Objects-normal/arm64/TGRTCCVPixelBuffer.dia -c /Users/buddhirajgautam/Documents/Cherrygram-Mac/macOS-Swift/submodules/tgcalls/tgcalls/platform/darwin/TGRTCCVPixelBuffer.mm -o /Users/buddhirajgautam/Library/Developer/Xcode/DerivedData/Telegram-Mac-fygdgghdgmuleoelvxabfmqiotta/Build/Intermediates.noindex/TgVoipWebrtc.build/Debug/TgVoipWebrtc-t.build/Objects-normal/arm64/TGRTCCVPixelBuffer.o -index-unit-output-path /TgVoipWebrtc.build/Debug/TgVoipWebrtc-t.build/Objects-normal/arm64/TGRTCCVPixelBuffer.o

CompileC /Users/buddhirajgautam/Library/Developer/Xcode/DerivedData/Telegram-Mac-fygdgghdgmuleoelvxabfmqiotta/Build/Intermediates.noindex/TgVoipWebrtc.build/Debug/TgVoipWebrtc-t.build/Objects-normal/arm64/TGCMIODevice.o /Users/buddhirajgautam/Documents/Cherrygram-Mac/macOS-Swift/submodules/tgcalls/tgcalls/platform/darwin/TGCMIODevice.mm normal arm64 objective-c++ com.apple.compilers.llvm.clang.1_0.compiler (in target 'TgVoipWebrtc' from project 'TgVoipWebrtc')
    cd /Users/buddhirajgautam/Documents/Cherrygram-Mac/macOS-Swift
    
    Using response file: /Users/buddhirajgautam/Library/Developer/Xcode/DerivedData/Telegram-Mac-fygdgghdgmuleoelvxabfmqiotta/Build/Intermediates.noindex/TgVoipWebrtc.build/Debug/TgVoipWebrtc-t.build/Objects-normal/arm64/af3fcb34312c57c0f52879cdce924b91-common-args.resp
    
    /Applications/Xcode.app/Contents/Developer/Toolchains/XcodeDefault.xctoolchain/usr/bin/clang -x objective-c++ -ivfsstatcache /Users/buddhirajgautam/Library/Developer/Xcode/DerivedData/SDKStatCaches.noindex/macosx27.0-26A425-e829b21a6f8c9b70876ba0858053c0447231f6df4def33e022ae2eb8f782df1a.sdkstatcache -target arm64-apple-macos12.0 -fmessage-length\=0 -fdiagnostics-show-note-include-stack -fmacro-backtrace-limit\=0 -fno-color-diagnostics -fmodules-prune-interval\=86400 -fmodules-prune-after\=345600 -fbuild-session-file\=/Users/buddhirajgautam/Library/Developer/Xcode/DerivedData/ModuleCache.noindex/Session.modulevalidation -fmodules-validate-once-per-build-session -Wnon-modular-include-in-framework-module -Werror\=non-modular-include-in-framework-module -Wno-trigraphs -Wno-missing-field-initializers -Wno-missing-prototypes -Wno-return-type -Wno-implicit-atomic-properties -Wno-objc-interface-ivars -Wno-arc-repeated-use-of-weak -Wno-non-virtual-dtor -Wno-overloaded-virtual -Wno-exit-time-destructors -Wno-missing-braces -Wparentheses -Wswitch -Wno-unused-function -Wno-unused-label -Wno-unused-parameter -Wno-unused-variable -Wunused-value -Wno-empty-body -Wno-uninitialized -Wno-unknown-pragmas -Wno-shadow -Wno-four-char-constants -Wno-conversion -Wno-constant-conversion -Wno-int-conversion -Wno-bool-conversion -Wno-enum-conversion -Wno-float-conversion -Wno-non-literal-null-conversion -Wno-objc-literal-conversion -Wshorten-64-to-32 -Wno-newline-eof -Wno-selector -Wno-strict-selector-match -Wno-undeclared-selector -Wno-deprecated-implementations -Wno-c++11-extensions -Wno-implicit-fallthrough -isysroot /Applications/Xcode.app/Contents/Developer/Platforms/MacOSX.platform/Developer/SDKs/MacOSX27.0.sdk -fstrict-aliasing -Wprotocol -Wdeprecated-declarations -Winvalid-offsetof -Wno-sign-conversion -Wno-infinite-recursion -Wno-move -Wno-comma -Wno-block-capture-autoreleasing -Wno-strict-prototypes -Wno-range-loop-analysis -Wno-semicolon-before-method-body -index-store-path /Users/buddhirajgautam/Library/Developer/Xcode/DerivedData/Telegram-Mac-fygdgghdgmuleoelvxabfmqiotta/Index.noindex/DataStore @/Users/buddhirajgautam/Library/Developer/Xcode/DerivedData/Telegram-Mac-fygdgghdgmuleoelvxabfmqiotta/Build/Intermediates.noindex/TgVoipWebrtc.build/Debug/TgVoipWebrtc-t.build/Objects-normal/arm64/af3fcb34312c57c0f52879cdce924b91-common-args.resp -MMD -MT dependencies -MF /Users/buddhirajgautam/Library/Developer/Xcode/DerivedData/Telegram-Mac-fygdgghdgmuleoelvxabfmqiotta/Build/Intermediates.noindex/TgVoipWebrtc.build/Debug/TgVoipWebrtc-t.build/Objects-normal/arm64/TGCMIODevice.d --serialize-diagnostics /Users/buddhirajgautam/Library/Developer/Xcode/DerivedData/Telegram-Mac-fygdgghdgmuleoelvxabfmqiotta/Build/Intermediates.noindex/TgVoipWebrtc.build/Debug/TgVoipWebrtc-t.build/Objects-normal/arm64/TGCMIODevice.dia -c /Users/buddhirajgautam/Documents/Cherrygram-Mac/macOS-Swift/submodules/tgcalls/tgcalls/platform/darwin/TGCMIODevice.mm -o /Users/buddhirajgautam/Library/Developer/Xcode/DerivedData/Telegram-Mac-fygdgghdgmuleoelvxabfmqiotta/Build/Intermediates.noindex/TgVoipWebrtc.build/Debug/TgVoipWebrtc-t.build/Objects-normal/arm64/TGCMIODevice.o -index-unit-output-path /TgVoipWebrtc.build/Debug/TgVoipWebrtc-t.build/Objects-normal/arm64/TGCMIODevice.o
/Users/buddhirajgautam/Documents/Cherrygram-Mac/macOS-Swift/submodules/tgcalls/tgcalls/platform/darwin/TGCMIODevice.mm:43:38: warning: 'kCMIOObjectPropertyElementMaster' is deprecated: first deprecated in macOS 12.0 [-Wdeprecated-declarations]
   43 |                                      kCMIOObjectPropertyElementMaster };
      |                                      ^~~~~~~~~~~~~~~~~~~~~~~~~~~~~~~~
      |                                      kCMIOObjectPropertyElementMain
In file included from /Users/buddhirajgautam/Documents/Cherrygram-Mac/macOS-Swift/submodules/tgcalls/tgcalls/platform/darwin/TGCMIODevice.mm:8:
In file included from /Users/buddhirajgautam/Documents/Cherrygram-Mac/macOS-Swift/submodules/tgcalls/tgcalls/platform/darwin/TGCMIODevice.h:10:
In file included from /Applications/Xcode.app/Contents/Developer/Platforms/MacOSX.platform/Developer/SDKs/MacOSX27.0.sdk/System/Library/Frameworks/CoreMediaIO.framework/Headers/CMIOHardware.h:47:
/Applications/Xcode.app/Contents/Developer/Platforms/MacOSX.platform/Developer/SDKs/MacOSX27.0.sdk/System/Library/Frameworks/CoreMediaIO.framework/Headers/CMIOHardwareObject.h:195:2: note: 'kCMIOObjectPropertyElementMaster' has been explicitly marked deprecated here
  195 |         kCMIOObjectPropertyElementMaster API_DEPRECATED_WITH_REPLACEMENT("kCMIOObjectPropertyElementMain", macos(10.4, 12.0)) = kCMIOObjectPropertyElementMain,
      |         ^
/Users/buddhirajgautam/Documents/Cherrygram-Mac/macOS-Swift/submodules/tgcalls/tgcalls/platform/darwin/TGCMIODevice.mm:57:38: warning: 'kCMIOObjectPropertyElementMaster' is deprecated: first deprecated in macOS 12.0 [-Wdeprecated-declarations]
   57 |                                      kCMIOObjectPropertyElementMaster };
      |                                      ^~~~~~~~~~~~~~~~~~~~~~~~~~~~~~~~
      |                                      kCMIOObjectPropertyElementMain
In file included from /Users/buddhirajgautam/Documents/Cherrygram-Mac/macOS-Swift/submodules/tgcalls/tgcalls/platform/darwin/TGCMIODevice.mm:8:
In file included from /Users/buddhirajgautam/Documents/Cherrygram-Mac/macOS-Swift/submodules/tgcalls/tgcalls/platform/darwin/TGCMIODevice.h:10:
In file included from /Applications/Xcode.app/Contents/Developer/Platforms/MacOSX.platform/Developer/SDKs/MacOSX27.0.sdk/System/Library/Frameworks/CoreMediaIO.framework/Headers/CMIOHardware.h:47:
/Applications/Xcode.app/Contents/Developer/Platforms/MacOSX.platform/Developer/SDKs/MacOSX27.0.sdk/System/Library/Frameworks/CoreMediaIO.framework/Headers/CMIOHardwareObject.h:195:2: note: 'kCMIOObjectPropertyElementMaster' has been explicitly marked deprecated here
  195 |         kCMIOObjectPropertyElementMaster API_DEPRECATED_WITH_REPLACEMENT("kCMIOObjectPropertyElementMain", macos(10.4, 12.0)) = kCMIOObjectPropertyElementMain,
      |         ^
2 warnings generated.

CompileC /Users/buddhirajgautam/Library/Developer/Xcode/DerivedData/Telegram-Mac-fygdgghdgmuleoelvxabfmqiotta/Build/Intermediates.noindex/TgVoipWebrtc.build/Debug/TgVoipWebrtc-t.build/Objects-normal/arm64/StreamingMediaContext.o /Users/buddhirajgautam/Documents/Cherrygram-Mac/macOS-Swift/submodules/tgcalls/tgcalls/group/StreamingMediaContext.cpp normal arm64 c++ com.apple.compilers.llvm.clang.1_0.compiler (in target 'TgVoipWebrtc' from project 'TgVoipWebrtc')
    cd /Users/buddhirajgautam/Documents/Cherrygram-Mac/macOS-Swift
    
    Using response file: /Users/buddhirajgautam/Library/Developer/Xcode/DerivedData/Telegram-Mac-fygdgghdgmuleoelvxabfmqiotta/Build/Intermediates.noindex/TgVoipWebrtc.build/Debug/TgVoipWebrtc-t.build/Objects-normal/arm64/82b82416624d2658e5098eb0a28c15c5-common-args.resp
    
    /Applications/Xcode.app/Contents/Developer/Toolchains/XcodeDefault.xctoolchain/usr/bin/clang -x c++ -ivfsstatcache /Users/buddhirajgautam/Library/Developer/Xcode/DerivedData/SDKStatCaches.noindex/macosx27.0-26A425-e829b21a6f8c9b70876ba0858053c0447231f6df4def33e022ae2eb8f782df1a.sdkstatcache -target arm64-apple-macos12.0 -fmessage-length\=0 -fdiagnostics-show-note-include-stack -fmacro-backtrace-limit\=0 -fno-color-diagnostics -fmodules-prune-interval\=86400 -fmodules-prune-after\=345600 -fbuild-session-file\=/Users/buddhirajgautam/Library/Developer/Xcode/DerivedData/ModuleCache.noindex/Session.modulevalidation -fmodules-validate-once-per-build-session -Wnon-modular-include-in-framework-module -Werror\=non-modular-include-in-framework-module -Wno-trigraphs -Wno-missing-field-initializers -Wno-missing-prototypes -Wno-return-type -Wno-non-virtual-dtor -Wno-overloaded-virtual -Wno-exit-time-destructors -Wno-missing-braces -Wparentheses -Wswitch -Wno-unused-function -Wno-unused-label -Wno-unused-parameter -Wno-unused-variable -Wunused-value -Wno-empty-body -Wno-uninitialized -Wno-unknown-pragmas -Wno-shadow -Wno-four-char-constants -Wno-conversion -Wno-constant-conversion -Wno-int-conversion -Wno-bool-conversion -Wno-enum-conversion -Wno-float-conversion -Wno-non-literal-null-conversion -Wno-objc-literal-conversion -Wshorten-64-to-32 -Wno-newline-eof -Wno-c++11-extensions -Wno-implicit-fallthrough -isysroot /Applications/Xcode.app/Contents/Developer/Platforms/MacOSX.platform/Developer/SDKs/MacOSX27.0.sdk -fstrict-aliasing -Wdeprecated-declarations -Winvalid-offsetof -Wno-sign-conversion -Wno-infinite-recursion -Wno-move -Wno-comma -Wno-block-capture-autoreleasing -Wno-strict-prototypes -Wno-range-loop-analysis -Wno-semicolon-before-method-body -index-store-path /Users/buddhirajgautam/Library/Developer/Xcode/DerivedData/Telegram-Mac-fygdgghdgmuleoelvxabfmqiotta/Index.noindex/DataStore @/Users/buddhirajgautam/Library/Developer/Xcode/DerivedData/Telegram-Mac-fygdgghdgmuleoelvxabfmqiotta/Build/Intermediates.noindex/TgVoipWebrtc.build/Debug/TgVoipWebrtc-t.build/Objects-normal/arm64/82b82416624d2658e5098eb0a28c15c5-common-args.resp -MMD -MT dependencies -MF /Users/buddhirajgautam/Library/Developer/Xcode/DerivedData/Telegram-Mac-fygdgghdgmuleoelvxabfmqiotta/Build/Intermediates.noindex/TgVoipWebrtc.build/Debug/TgVoipWebrtc-t.build/Objects-normal/arm64/StreamingMediaContext.d --serialize-diagnostics /Users/buddhirajgautam/Library/Developer/Xcode/DerivedData/Telegram-Mac-fygdgghdgmuleoelvxabfmqiotta/Build/Intermediates.noindex/TgVoipWebrtc.build/Debug/TgVoipWebrtc-t.build/Objects-normal/arm64/StreamingMediaContext.dia -c /Users/buddhirajgautam/Documents/Cherrygram-Mac/macOS-Swift/submodules/tgcalls/tgcalls/group/StreamingMediaContext.cpp -o /Users/buddhirajgautam/Library/Developer/Xcode/DerivedData/Telegram-Mac-fygdgghdgmuleoelvxabfmqiotta/Build/Intermediates.noindex/TgVoipWebrtc.build/Debug/TgVoipWebrtc-t.build/Objects-normal/arm64/StreamingMediaContext.o -index-unit-output-path /TgVoipWebrtc.build/Debug/TgVoipWebrtc-t.build/Objects-normal/arm64/StreamingMediaContext.o
In file included from /Users/buddhirajgautam/Documents/Cherrygram-Mac/macOS-Swift/submodules/tgcalls/tgcalls/group/StreamingMediaContext.cpp:3:
In file included from /Users/buddhirajgautam/Documents/Cherrygram-Mac/macOS-Swift/submodules/tgcalls/tgcalls/group/AudioStreamingPart.h:4:
In file included from /Users/buddhirajgautam/Documents/Cherrygram-Mac/macOS-Swift/submodules/tgcalls/SharedHeaders/webrtc/third_party/abseil-cpp/absl/types/optional.h:39:
In file included from /Users/buddhirajgautam/Documents/Cherrygram-Mac/macOS-Swift/submodules/tgcalls/SharedHeaders/webrtc/third_party/abseil-cpp/absl/utility/utility.h:45:
/Users/buddhirajgautam/Documents/Cherrygram-Mac/macOS-Swift/submodules/tgcalls/SharedHeaders/webrtc/third_party/abseil-cpp/absl/meta/type_traits.h:511:36: warning: builtin __is_trivially_relocatable is deprecated; use __builtin_is_cpp_trivially_relocatable instead [-Wdeprecated-builtins]
  511 |     : std::integral_constant<bool, __is_trivially_relocatable(T)> {};
      |                                    ^
1 warning generated.

CompileC /Users/buddhirajgautam/Library/Developer/Xcode/DerivedData/Telegram-Mac-fygdgghdgmuleoelvxabfmqiotta/Build/Intermediates.noindex/TgVoipWebrtc.build/Debug/TgVoipWebrtc-t.build/Objects-normal/arm64/StaticThreads.o /Users/buddhirajgautam/Documents/Cherrygram-Mac/macOS-Swift/submodules/tgcalls/tgcalls/StaticThreads.cpp normal arm64 c++ com.apple.compilers.llvm.clang.1_0.compiler (in target 'TgVoipWebrtc' from project 'TgVoipWebrtc')
    cd /Users/buddhirajgautam/Documents/Cherrygram-Mac/macOS-Swift
    
    Using response file: /Users/buddhirajgautam/Library/Developer/Xcode/DerivedData/Telegram-Mac-fygdgghdgmuleoelvxabfmqiotta/Build/Intermediates.noindex/TgVoipWebrtc.build/Debug/TgVoipWebrtc-t.build/Objects-normal/arm64/82b82416624d2658e5098eb0a28c15c5-common-args.resp
    
    /Applications/Xcode.app/Contents/Developer/Toolchains/XcodeDefault.xctoolchain/usr/bin/clang -x c++ -ivfsstatcache /Users/buddhirajgautam/Library/Developer/Xcode/DerivedData/SDKStatCaches.noindex/macosx27.0-26A425-e829b21a6f8c9b70876ba0858053c0447231f6df4def33e022ae2eb8f782df1a.sdkstatcache -target arm64-apple-macos12.0 -fmessage-length\=0 -fdiagnostics-show-note-include-stack -fmacro-backtrace-limit\=0 -fno-color-diagnostics -fmodules-prune-interval\=86400 -fmodules-prune-after\=345600 -fbuild-session-file\=/Users/buddhirajgautam/Library/Developer/Xcode/DerivedData/ModuleCache.noindex/Session.modulevalidation -fmodules-validate-once-per-build-session -Wnon-modular-include-in-framework-module -Werror\=non-modular-include-in-framework-module -Wno-trigraphs -Wno-missing-field-initializers -Wno-missing-prototypes -Wno-return-type -Wno-non-virtual-dtor -Wno-overloaded-virtual -Wno-exit-time-destructors -Wno-missing-braces -Wparentheses -Wswitch -Wno-unused-function -Wno-unused-label -Wno-unused-parameter -Wno-unused-variable -Wunused-value -Wno-empty-body -Wno-uninitialized -Wno-unknown-pragmas -Wno-shadow -Wno-four-char-constants -Wno-conversion -Wno-constant-conversion -Wno-int-conversion -Wno-bool-conversion -Wno-enum-conversion -Wno-float-conversion -Wno-non-literal-null-conversion -Wno-objc-literal-conversion -Wshorten-64-to-32 -Wno-newline-eof -Wno-c++11-extensions -Wno-implicit-fallthrough -isysroot /Applications/Xcode.app/Contents/Developer/Platforms/MacOSX.platform/Developer/SDKs/MacOSX27.0.sdk -fstrict-aliasing -Wdeprecated-declarations -Winvalid-offsetof -Wno-sign-conversion -Wno-infinite-recursion -Wno-move -Wno-comma -Wno-block-capture-autoreleasing -Wno-strict-prototypes -Wno-range-loop-analysis -Wno-semicolon-before-method-body -index-store-path /Users/buddhirajgautam/Library/Developer/Xcode/DerivedData/Telegram-Mac-fygdgghdgmuleoelvxabfmqiotta/Index.noindex/DataStore @/Users/buddhirajgautam/Library/Developer/Xcode/DerivedData/Telegram-Mac-fygdgghdgmuleoelvxabfmqiotta/Build/Intermediates.noindex/TgVoipWebrtc.build/Debug/TgVoipWebrtc-t.build/Objects-normal/arm64/82b82416624d2658e5098eb0a28c15c5-common-args.resp -MMD -MT dependencies -MF /Users/buddhirajgautam/Library/Developer/Xcode/DerivedData/Telegram-Mac-fygdgghdgmuleoelvxabfmqiotta/Build/Intermediates.noindex/TgVoipWebrtc.build/Debug/TgVoipWebrtc-t.build/Objects-normal/arm64/StaticThreads.d --serialize-diagnostics /Users/buddhirajgautam/Library/Developer/Xcode/DerivedData/Telegram-Mac-fygdgghdgmuleoelvxabfmqiotta/Build/Intermediates.noindex/TgVoipWebrtc.build/Debug/TgVoipWebrtc-t.build/Objects-normal/arm64/StaticThreads.dia -c /Users/buddhirajgautam/Documents/Cherrygram-Mac/macOS-Swift/submodules/tgcalls/tgcalls/StaticThreads.cpp -o /Users/buddhirajgautam/Library/Developer/Xcode/DerivedData/Telegram-Mac-fygdgghdgmuleoelvxabfmqiotta/Build/Intermediates.noindex/TgVoipWebrtc.build/Debug/TgVoipWebrtc-t.build/Objects-normal/arm64/StaticThreads.o -index-unit-output-path /TgVoipWebrtc.build/Debug/TgVoipWebrtc-t.build/Objects-normal/arm64/StaticThreads.o
In file included from /Users/buddhirajgautam/Documents/Cherrygram-Mac/macOS-Swift/submodules/tgcalls/tgcalls/StaticThreads.cpp:3:
In file included from /Users/buddhirajgautam/Documents/Cherrygram-Mac/macOS-Swift/submodules/tgcalls/SharedHeaders/webrtc/rtc_base/thread.h:26:
In file included from /Users/buddhirajgautam/Documents/Cherrygram-Mac/macOS-Swift/submodules/tgcalls/SharedHeaders/webrtc/third_party/abseil-cpp/absl/strings/string_view.h:40:
In file included from /Users/buddhirajgautam/Documents/Cherrygram-Mac/macOS-Swift/submodules/tgcalls/SharedHeaders/webrtc/third_party/abseil-cpp/absl/base/nullability.h:153:
In file included from /Users/buddhirajgautam/Documents/Cherrygram-Mac/macOS-Swift/submodules/tgcalls/SharedHeaders/webrtc/third_party/abseil-cpp/absl/base/internal/nullability_impl.h:22:
/Users/buddhirajgautam/Documents/Cherrygram-Mac/macOS-Swift/submodules/tgcalls/SharedHeaders/webrtc/third_party/abseil-cpp/absl/meta/type_traits.h:511:36: warning: builtin __is_trivially_relocatable is deprecated; use __builtin_is_cpp_trivially_relocatable instead [-Wdeprecated-builtins]
  511 |     : std::integral_constant<bool, __is_trivially_relocatable(T)> {};
      |                                    ^
/Users/buddhirajgautam/Documents/Cherrygram-Mac/macOS-Swift/submodules/tgcalls/SharedHeaders/webrtc/third_party/abseil-cpp/absl/meta/type_traits.h:511:36: warning: builtin __is_trivially_relocatable is deprecated; use __builtin_is_cpp_trivially_relocatable instead [-Wdeprecated-builtins]
In file included from /Users/buddhirajgautam/Documents/Cherrygram-Mac/macOS-Swift/submodules/tgcalls/tgcalls/StaticThreads.cpp:4:
In file included from /Users/buddhirajgautam/Documents/Cherrygram-Mac/macOS-Swift/submodules/tgcalls/SharedHeaders/webrtc/call/call.h:22:
In file included from /Users/buddhirajgautam/Documents/Cherrygram-Mac/macOS-Swift/submodules/tgcalls/SharedHeaders/webrtc/call/audio_receive_stream.h:20:
In file included from /Users/buddhirajgautam/Documents/Cherrygram-Mac/macOS-Swift/submodules/tgcalls/SharedHeaders/webrtc/api/audio_codecs/audio_decoder_factory.h:20:
In file included from /Users/buddhirajgautam/Documents/Cherrygram-Mac/macOS-Swift/submodules/tgcalls/SharedHeaders/webrtc/api/audio_codecs/audio_format.h:20:
In file included from /Users/buddhirajgautam/Documents/Cherrygram-Mac/macOS-Swift/submodules/tgcalls/SharedHeaders/webrtc/api/rtp_parameters.h:20:
In file included from /Users/buddhirajgautam/Documents/Cherrygram-Mac/macOS-Swift/submodules/tgcalls/SharedHeaders/webrtc/third_party/abseil-cpp/absl/container/inlined_vector.h:53:
/Users/buddhirajgautam/Documents/Cherrygram-Mac/macOS-Swift/submodules/tgcalls/SharedHeaders/webrtc/third_party/abseil-cpp/absl/container/internal/inlined_vector.h:522:22: note: in instantiation of template class 'absl::is_trivially_relocatable<webrtc::DecodeTargetIndication>' requested here
  522 |                absl::is_trivially_relocatable<V>::value ||
      |                      ^
In file included from /Users/buddhirajgautam/Documents/Cherrygram-Mac/macOS-Swift/submodules/tgcalls/tgcalls/StaticThreads.cpp:3:
In file included from /Users/buddhirajgautam/Documents/Cherrygram-Mac/macOS-Swift/submodules/tgcalls/SharedHeaders/webrtc/rtc_base/thread.h:26:
In file included from /Users/buddhirajgautam/Documents/Cherrygram-Mac/macOS-Swift/submodules/tgcalls/SharedHeaders/webrtc/third_party/abseil-cpp/absl/strings/string_view.h:43:
/Users/buddhirajgautam/Documents/Cherrygram-Mac/macOS-Swift/submodules/tgcalls/SharedHeaders/webrtc/third_party/abseil-cpp/absl/base/macros.h:128:49: note: expanded from macro 'ABSL_HARDENING_ASSERT'
  128 | #define ABSL_HARDENING_ASSERT(expr) ABSL_ASSERT(expr)
      |                                                 ^
/Users/buddhirajgautam/Documents/Cherrygram-Mac/macOS-Swift/submodules/tgcalls/SharedHeaders/webrtc/third_party/abseil-cpp/absl/base/macros.h:95:30: note: expanded from macro 'ABSL_ASSERT'
   95 |   (false ? static_cast<void>(expr) : static_cast<void>(0))
      |                              ^
In file included from /Users/buddhirajgautam/Documents/Cherrygram-Mac/macOS-Swift/submodules/tgcalls/tgcalls/StaticThreads.cpp:4:
In file included from /Users/buddhirajgautam/Documents/Cherrygram-Mac/macOS-Swift/submodules/tgcalls/SharedHeaders/webrtc/call/call.h:22:
In file included from /Users/buddhirajgautam/Documents/Cherrygram-Mac/macOS-Swift/submodules/tgcalls/SharedHeaders/webrtc/call/audio_receive_stream.h:20:
In file included from /Users/buddhirajgautam/Documents/Cherrygram-Mac/macOS-Swift/submodules/tgcalls/SharedHeaders/webrtc/api/audio_codecs/audio_decoder_factory.h:20:
In file included from /Users/buddhirajgautam/Documents/Cherrygram-Mac/macOS-Swift/submodules/tgcalls/SharedHeaders/webrtc/api/audio_codecs/audio_format.h:20:
In file included from /Users/buddhirajgautam/Documents/Cherrygram-Mac/macOS-Swift/submodules/tgcalls/SharedHeaders/webrtc/api/rtp_parameters.h:20:
/Users/buddhirajgautam/Documents/Cherrygram-Mac/macOS-Swift/submodules/tgcalls/SharedHeaders/webrtc/third_party/abseil-cpp/absl/container/inlined_vector.h:856:14: note: in instantiation of member function 'absl::inlined_vector_internal::Storage<webrtc::DecodeTargetIndication, 10, std::allocator<webrtc::DecodeTargetIndication>>::MemcpyFrom' requested here
  856 |     storage_.MemcpyFrom(other.storage_);
      |              ^
/Users/buddhirajgautam/Documents/Cherrygram-Mac/macOS-Swift/submodules/tgcalls/SharedHeaders/webrtc/third_party/abseil-cpp/absl/container/inlined_vector.h:548:7: note: in instantiation of member function 'absl::InlinedVector<webrtc::DecodeTargetIndication, 10>::MoveAssignment' requested here
  548 |       MoveAssignment(MoveAssignmentPolicy{}, std::move(other));
      |       ^
In file included from /Users/buddhirajgautam/Documents/Cherrygram-Mac/macOS-Swift/submodules/tgcalls/tgcalls/StaticThreads.cpp:4:
In file included from /Users/buddhirajgautam/Documents/Cherrygram-Mac/macOS-Swift/submodules/tgcalls/SharedHeaders/webrtc/call/call.h:22:
In file included from /Users/buddhirajgautam/Documents/Cherrygram-Mac/macOS-Swift/submodules/tgcalls/SharedHeaders/webrtc/call/audio_receive_stream.h:24:
In file included from /Users/buddhirajgautam/Documents/Cherrygram-Mac/macOS-Swift/submodules/tgcalls/SharedHeaders/webrtc/call/receive_stream.h:17:
In file included from /Users/buddhirajgautam/Documents/Cherrygram-Mac/macOS-Swift/submodules/tgcalls/SharedHeaders/webrtc/api/frame_transformer_interface.h:19:
In file included from /Users/buddhirajgautam/Documents/Cherrygram-Mac/macOS-Swift/submodules/tgcalls/SharedHeaders/webrtc/api/video/encoded_frame.h:21:
In file included from /Users/buddhirajgautam/Documents/Cherrygram-Mac/macOS-Swift/submodules/tgcalls/SharedHeaders/webrtc/modules/rtp_rtcp/source/rtp_video_header.h:20:
/Users/buddhirajgautam/Documents/Cherrygram-Mac/macOS-Swift/submodules/tgcalls/SharedHeaders/webrtc/api/transport/rtp/dependency_descriptor.h:133:35: note: in instantiation of member function 'absl::InlinedVector<webrtc::DecodeTargetIndication, 10>::operator=' requested here
  133 |   this->decode_target_indications =
      |                                   ^
In file included from /Users/buddhirajgautam/Documents/Cherrygram-Mac/macOS-Swift/submodules/tgcalls/tgcalls/StaticThreads.cpp:3:
In file included from /Users/buddhirajgautam/Documents/Cherrygram-Mac/macOS-Swift/submodules/tgcalls/SharedHeaders/webrtc/rtc_base/thread.h:26:
In file included from /Users/buddhirajgautam/Documents/Cherrygram-Mac/macOS-Swift/submodules/tgcalls/SharedHeaders/webrtc/third_party/abseil-cpp/absl/strings/string_view.h:40:
In file included from /Users/buddhirajgautam/Documents/Cherrygram-Mac/macOS-Swift/submodules/tgcalls/SharedHeaders/webrtc/third_party/abseil-cpp/absl/base/nullability.h:153:
In file included from /Users/buddhirajgautam/Documents/Cherrygram-Mac/macOS-Swift/submodules/tgcalls/SharedHeaders/webrtc/third_party/abseil-cpp/absl/base/internal/nullability_impl.h:22:
/Users/buddhirajgautam/Documents/Cherrygram-Mac/macOS-Swift/submodules/tgcalls/SharedHeaders/webrtc/third_party/abseil-cpp/absl/meta/type_traits.h:511:36: warning: builtin __is_trivially_relocatable is deprecated; use __builtin_is_cpp_trivially_relocatable instead [-Wdeprecated-builtins]
  511 |     : std::integral_constant<bool, __is_trivially_relocatable(T)> {};
      |                                    ^
In file included from /Users/buddhirajgautam/Documents/Cherrygram-Mac/macOS-Swift/submodules/tgcalls/tgcalls/StaticThreads.cpp:4:
In file included from /Users/buddhirajgautam/Documents/Cherrygram-Mac/macOS-Swift/submodules/tgcalls/SharedHeaders/webrtc/call/call.h:22:
In file included from /Users/buddhirajgautam/Documents/Cherrygram-Mac/macOS-Swift/submodules/tgcalls/SharedHeaders/webrtc/call/audio_receive_stream.h:20:
In file included from /Users/buddhirajgautam/Documents/Cherrygram-Mac/macOS-Swift/submodules/tgcalls/SharedHeaders/webrtc/api/audio_codecs/audio_decoder_factory.h:20:
In file included from /Users/buddhirajgautam/Documents/Cherrygram-Mac/macOS-Swift/submodules/tgcalls/SharedHeaders/webrtc/api/audio_codecs/audio_format.h:20:
In file included from /Users/buddhirajgautam/Documents/Cherrygram-Mac/macOS-Swift/submodules/tgcalls/SharedHeaders/webrtc/api/rtp_parameters.h:20:
In file included from /Users/buddhirajgautam/Documents/Cherrygram-Mac/macOS-Swift/submodules/tgcalls/SharedHeaders/webrtc/third_party/abseil-cpp/absl/container/inlined_vector.h:53:
/Users/buddhirajgautam/Documents/Cherrygram-Mac/macOS-Swift/submodules/tgcalls/SharedHeaders/webrtc/third_party/abseil-cpp/absl/container/internal/inlined_vector.h:522:22: note: in instantiation of template class 'absl::is_trivially_relocatable<int>' requested here
  522 |                absl::is_trivially_relocatable<V>::value ||
      |                      ^
In file included from /Users/buddhirajgautam/Documents/Cherrygram-Mac/macOS-Swift/submodules/tgcalls/tgcalls/StaticThreads.cpp:3:
In file included from /Users/buddhirajgautam/Documents/Cherrygram-Mac/macOS-Swift/submodules/tgcalls/SharedHeaders/webrtc/rtc_base/thread.h:26:
In file included from /Users/buddhirajgautam/Documents/Cherrygram-Mac/macOS-Swift/submodules/tgcalls/SharedHeaders/webrtc/third_party/abseil-cpp/absl/strings/string_view.h:43:
/Users/buddhirajgautam/Documents/Cherrygram-Mac/macOS-Swift/submodules/tgcalls/SharedHeaders/webrtc/third_party/abseil-cpp/absl/base/macros.h:128:49: note: expanded from macro 'ABSL_HARDENING_ASSERT'
  128 | #define ABSL_HARDENING_ASSERT(expr) ABSL_ASSERT(expr)
      |                                                 ^
/Users/buddhirajgautam/Documents/Cherrygram-Mac/macOS-Swift/submodules/tgcalls/SharedHeaders/webrtc/third_party/abseil-cpp/absl/base/macros.h:95:30: note: expanded from macro 'ABSL_ASSERT'
   95 |   (false ? static_cast<void>(expr) : static_cast<void>(0))
      |                              ^
In file included from /Users/buddhirajgautam/Documents/Cherrygram-Mac/macOS-Swift/submodules/tgcalls/tgcalls/StaticThreads.cpp:4:
In file included from /Users/buddhirajgautam/Documents/Cherrygram-Mac/macOS-Swift/submodules/tgcalls/SharedHeaders/webrtc/call/call.h:22:
In file included from /Users/buddhirajgautam/Documents/Cherrygram-Mac/macOS-Swift/submodules/tgcalls/SharedHeaders/webrtc/call/audio_receive_stream.h:20:
In file included from /Users/buddhirajgautam/Documents/Cherrygram-Mac/macOS-Swift/submodules/tgcalls/SharedHeaders/webrtc/api/audio_codecs/audio_decoder_factory.h:20:
In file included from /Users/buddhirajgautam/Documents/Cherrygram-Mac/macOS-Swift/submodules/tgcalls/SharedHeaders/webrtc/api/audio_codecs/audio_format.h:20:
In file included from /Users/buddhirajgautam/Documents/Cherrygram-Mac/macOS-Swift/submodules/tgcalls/SharedHeaders/webrtc/api/rtp_parameters.h:20:
/Users/buddhirajgautam/Documents/Cherrygram-Mac/macOS-Swift/submodules/tgcalls/SharedHeaders/webrtc/third_party/abseil-cpp/absl/container/inlined_vector.h:195:16: note: in instantiation of member function 'absl::inlined_vector_internal::Storage<int, 4, std::allocator<int>>::MemcpyFrom' requested here
  195 |       storage_.MemcpyFrom(other.storage_);
      |                ^
/Users/buddhirajgautam/Documents/Cherrygram-Mac/macOS-Swift/submodules/tgcalls/SharedHeaders/webrtc/third_party/abseil-cpp/absl/container/inlined_vector.h:177:9: note: in instantiation of member function 'absl::InlinedVector<int, 4>::InlinedVector' requested here
  177 |       : InlinedVector(other, other.storage_.GetAllocator()) {}
      |         ^
In file included from /Users/buddhirajgautam/Documents/Cherrygram-Mac/macOS-Swift/submodules/tgcalls/tgcalls/StaticThreads.cpp:4:
In file included from /Users/buddhirajgautam/Documents/Cherrygram-Mac/macOS-Swift/submodules/tgcalls/SharedHeaders/webrtc/call/call.h:22:
In file included from /Users/buddhirajgautam/Documents/Cherrygram-Mac/macOS-Swift/submodules/tgcalls/SharedHeaders/webrtc/call/audio_receive_stream.h:24:
In file included from /Users/buddhirajgautam/Documents/Cherrygram-Mac/macOS-Swift/submodules/tgcalls/SharedHeaders/webrtc/call/receive_stream.h:17:
In file included from /Users/buddhirajgautam/Documents/Cherrygram-Mac/macOS-Swift/submodules/tgcalls/SharedHeaders/webrtc/api/frame_transformer_interface.h:19:
In file included from /Users/buddhirajgautam/Documents/Cherrygram-Mac/macOS-Swift/submodules/tgcalls/SharedHeaders/webrtc/api/video/encoded_frame.h:21:
In file included from /Users/buddhirajgautam/Documents/Cherrygram-Mac/macOS-Swift/submodules/tgcalls/SharedHeaders/webrtc/modules/rtp_rtcp/source/rtp_video_header.h:20:
/Users/buddhirajgautam/Documents/Cherrygram-Mac/macOS-Swift/submodules/tgcalls/SharedHeaders/webrtc/api/transport/rtp/dependency_descriptor.h:37:8: note: in instantiation of member function 'absl::InlinedVector<int, 4>::InlinedVector' requested here
   37 | struct FrameDependencyTemplate {
      |        ^
In file included from /Users/buddhirajgautam/Documents/Cherrygram-Mac/macOS-Swift/submodules/tgcalls/tgcalls/StaticThreads.cpp:3:
In file included from /Users/buddhirajgautam/Documents/Cherrygram-Mac/macOS-Swift/submodules/tgcalls/SharedHeaders/webrtc/rtc_base/thread.h:26:
In file included from /Users/buddhirajgautam/Documents/Cherrygram-Mac/macOS-Swift/submodules/tgcalls/SharedHeaders/webrtc/third_party/abseil-cpp/absl/strings/string_view.h:40:
In file included from /Users/buddhirajgautam/Documents/Cherrygram-Mac/macOS-Swift/submodules/tgcalls/SharedHeaders/webrtc/third_party/abseil-cpp/absl/base/nullability.h:153:
In file included from /Users/buddhirajgautam/Documents/Cherrygram-Mac/macOS-Swift/submodules/tgcalls/SharedHeaders/webrtc/third_party/abseil-cpp/absl/base/internal/nullability_impl.h:22:
/Users/buddhirajgautam/Documents/Cherrygram-Mac/macOS-Swift/submodules/tgcalls/SharedHeaders/webrtc/third_party/abseil-cpp/absl/meta/type_traits.h:511:36: warning: builtin __is_trivially_relocatable is deprecated; use __builtin_is_cpp_trivially_relocatable instead [-Wdeprecated-builtins]
  511 |     : std::integral_constant<bool, __is_trivially_relocatable(T)> {};
      |                                    ^
In file included from /Users/buddhirajgautam/Documents/Cherrygram-Mac/macOS-Swift/submodules/tgcalls/tgcalls/StaticThreads.cpp:4:
In file included from /Users/buddhirajgautam/Documents/Cherrygram-Mac/macOS-Swift/submodules/tgcalls/SharedHeaders/webrtc/call/call.h:22:
In file included from /Users/buddhirajgautam/Documents/Cherrygram-Mac/macOS-Swift/submodules/tgcalls/SharedHeaders/webrtc/call/audio_receive_stream.h:20:
In file included from /Users/buddhirajgautam/Documents/Cherrygram-Mac/macOS-Swift/submodules/tgcalls/SharedHeaders/webrtc/api/audio_codecs/audio_decoder_factory.h:20:
In file included from /Users/buddhirajgautam/Documents/Cherrygram-Mac/macOS-Swift/submodules/tgcalls/SharedHeaders/webrtc/api/audio_codecs/audio_format.h:20:
In file included from /Users/buddhirajgautam/Documents/Cherrygram-Mac/macOS-Swift/submodules/tgcalls/SharedHeaders/webrtc/api/rtp_parameters.h:20:
In file included from /Users/buddhirajgautam/Documents/Cherrygram-Mac/macOS-Swift/submodules/tgcalls/SharedHeaders/webrtc/third_party/abseil-cpp/absl/container/inlined_vector.h:53:
/Users/buddhirajgautam/Documents/Cherrygram-Mac/macOS-Swift/submodules/tgcalls/SharedHeaders/webrtc/third_party/abseil-cpp/absl/container/internal/inlined_vector.h:522:22: note: in instantiation of template class 'absl::is_trivially_relocatable<webrtc::RenderResolution>' requested here
  522 |                absl::is_trivially_relocatable<V>::value ||
      |                      ^
In file included from /Users/buddhirajgautam/Documents/Cherrygram-Mac/macOS-Swift/submodules/tgcalls/tgcalls/StaticThreads.cpp:3:
In file included from /Users/buddhirajgautam/Documents/Cherrygram-Mac/macOS-Swift/submodules/tgcalls/SharedHeaders/webrtc/rtc_base/thread.h:26:
In file included from /Users/buddhirajgautam/Documents/Cherrygram-Mac/macOS-Swift/submodules/tgcalls/SharedHeaders/webrtc/third_party/abseil-cpp/absl/strings/string_view.h:43:
/Users/buddhirajgautam/Documents/Cherrygram-Mac/macOS-Swift/submodules/tgcalls/SharedHeaders/webrtc/third_party/abseil-cpp/absl/base/macros.h:128:49: note: expanded from macro 'ABSL_HARDENING_ASSERT'
  128 | #define ABSL_HARDENING_ASSERT(expr) ABSL_ASSERT(expr)
      |                                                 ^
/Users/buddhirajgautam/Documents/Cherrygram-Mac/macOS-Swift/submodules/tgcalls/SharedHeaders/webrtc/third_party/abseil-cpp/absl/base/macros.h:95:30: note: expanded from macro 'ABSL_ASSERT'
   95 |   (false ? static_cast<void>(expr) : static_cast<void>(0))
      |                              ^
In file included from /Users/buddhirajgautam/Documents/Cherrygram-Mac/macOS-Swift/submodules/tgcalls/tgcalls/StaticThreads.cpp:4:
In file included from /Users/buddhirajgautam/Documents/Cherrygram-Mac/macOS-Swift/submodules/tgcalls/SharedHeaders/webrtc/call/call.h:22:
In file included from /Users/buddhirajgautam/Documents/Cherrygram-Mac/macOS-Swift/submodules/tgcalls/SharedHeaders/webrtc/call/audio_receive_stream.h:20:
In file included from /Users/buddhirajgautam/Documents/Cherrygram-Mac/macOS-Swift/submodules/tgcalls/SharedHeaders/webrtc/api/audio_codecs/audio_decoder_factory.h:20:
In file included from /Users/buddhirajgautam/Documents/Cherrygram-Mac/macOS-Swift/submodules/tgcalls/SharedHeaders/webrtc/api/audio_codecs/audio_format.h:20:
In file included from /Users/buddhirajgautam/Documents/Cherrygram-Mac/macOS-Swift/submodules/tgcalls/SharedHeaders/webrtc/api/rtp_parameters.h:20:
/Users/buddhirajgautam/Documents/Cherrygram-Mac/macOS-Swift/submodules/tgcalls/SharedHeaders/webrtc/third_party/abseil-cpp/absl/container/inlined_vector.h:195:16: note: in instantiation of member function 'absl::inlined_vector_internal::Storage<webrtc::RenderResolution, 4, std::allocator<webrtc::RenderResolution>>::MemcpyFrom' requested here
  195 |       storage_.MemcpyFrom(other.storage_);
      |                ^
/Users/buddhirajgautam/Documents/Cherrygram-Mac/macOS-Swift/submodules/tgcalls/SharedHeaders/webrtc/third_party/abseil-cpp/absl/container/inlined_vector.h:177:9: note: in instantiation of member function 'absl::InlinedVector<webrtc::RenderResolution, 4>::InlinedVector' requested here
  177 |       : InlinedVector(other, other.storage_.GetAllocator()) {}
      |         ^
In file included from /Users/buddhirajgautam/Documents/Cherrygram-Mac/macOS-Swift/submodules/tgcalls/tgcalls/StaticThreads.cpp:4:
In file included from /Users/buddhirajgautam/Documents/Cherrygram-Mac/macOS-Swift/submodules/tgcalls/SharedHeaders/webrtc/call/call.h:22:
In file included from /Users/buddhirajgautam/Documents/Cherrygram-Mac/macOS-Swift/submodules/tgcalls/SharedHeaders/webrtc/call/audio_receive_stream.h:24:
In file included from /Users/buddhirajgautam/Documents/Cherrygram-Mac/macOS-Swift/submodules/tgcalls/SharedHeaders/webrtc/call/receive_stream.h:17:
In file included from /Users/buddhirajgautam/Documents/Cherrygram-Mac/macOS-Swift/submodules/tgcalls/SharedHeaders/webrtc/api/frame_transformer_interface.h:19:
In file included from /Users/buddhirajgautam/Documents/Cherrygram-Mac/macOS-Swift/submodules/tgcalls/SharedHeaders/webrtc/api/video/encoded_frame.h:21:
In file included from /Users/buddhirajgautam/Documents/Cherrygram-Mac/macOS-Swift/submodules/tgcalls/SharedHeaders/webrtc/modules/rtp_rtcp/source/rtp_video_header.h:20:
/Users/buddhirajgautam/Documents/Cherrygram-Mac/macOS-Swift/submodules/tgcalls/SharedHeaders/webrtc/api/transport/rtp/dependency_descriptor.h:61:8: note: in instantiation of member function 'absl::InlinedVector<webrtc::RenderResolution, 4>::InlinedVector' requested here
   61 | struct FrameDependencyStructure {
      |        ^
4 warnings generated.

CompileC /Users/buddhirajgautam/Library/Developer/Xcode/DerivedData/Telegram-Mac-fygdgghdgmuleoelvxabfmqiotta/Build/Intermediates.noindex/TgVoipWebrtc.build/Debug/TgVoipWebrtc-t.build/Objects-normal/arm64/Signaling_4_0_0.o /Users/buddhirajgautam/Documents/Cherrygram-Mac/macOS-Swift/submodules/tgcalls/tgcalls/v2_4_0_0/Signaling_4_0_0.cpp normal arm64 c++ com.apple.compilers.llvm.clang.1_0.compiler (in target 'TgVoipWebrtc' from project 'TgVoipWebrtc')
    cd /Users/buddhirajgautam/Documents/Cherrygram-Mac/macOS-Swift
    
    Using response file: /Users/buddhirajgautam/Library/Developer/Xcode/DerivedData/Telegram-Mac-fygdgghdgmuleoelvxabfmqiotta/Build/Intermediates.noindex/TgVoipWebrtc.build/Debug/TgVoipWebrtc-t.build/Objects-normal/arm64/82b82416624d2658e5098eb0a28c15c5-common-args.resp
    
    /Applications/Xcode.app/Contents/Developer/Toolchains/XcodeDefault.xctoolchain/usr/bin/clang -x c++ -ivfsstatcache /Users/buddhirajgautam/Library/Developer/Xcode/DerivedData/SDKStatCaches.noindex/macosx27.0-26A425-e829b21a6f8c9b70876ba0858053c0447231f6df4def33e022ae2eb8f782df1a.sdkstatcache -target arm64-apple-macos12.0 -fmessage-length\=0 -fdiagnostics-show-note-include-stack -fmacro-backtrace-limit\=0 -fno-color-diagnostics -fmodules-prune-interval\=86400 -fmodules-prune-after\=345600 -fbuild-session-file\=/Users/buddhirajgautam/Library/Developer/Xcode/DerivedData/ModuleCache.noindex/Session.modulevalidation -fmodules-validate-once-per-build-session -Wnon-modular-include-in-framework-module -Werror\=non-modular-include-in-framework-module -Wno-trigraphs -Wno-missing-field-initializers -Wno-missing-prototypes -Wno-return-type -Wno-non-virtual-dtor -Wno-overloaded-virtual -Wno-exit-time-destructors -Wno-missing-braces -Wparentheses -Wswitch -Wno-unused-function -Wno-unused-label -Wno-unused-parameter -Wno-unused-variable -Wunused-value -Wno-empty-body -Wno-uninitialized -Wno-unknown-pragmas -Wno-shadow -Wno-four-char-constants -Wno-conversion -Wno-constant-conversion -Wno-int-conversion -Wno-bool-conversion -Wno-enum-conversion -Wno-float-conversion -Wno-non-literal-null-conversion -Wno-objc-literal-conversion -Wshorten-64-to-32 -Wno-newline-eof -Wno-c++11-extensions -Wno-implicit-fallthrough -isysroot /Applications/Xcode.app/Contents/Developer/Platforms/MacOSX.platform/Developer/SDKs/MacOSX27.0.sdk -fstrict-aliasing -Wdeprecated-declarations -Winvalid-offsetof -Wno-sign-conversion -Wno-infinite-recursion -Wno-move -Wno-comma -Wno-block-capture-autoreleasing -Wno-strict-prototypes -Wno-range-loop-analysis -Wno-semicolon-before-method-body -index-store-path /Users/buddhirajgautam/Library/Developer/Xcode/DerivedData/Telegram-Mac-fygdgghdgmuleoelvxabfmqiotta/Index.noindex/DataStore @/Users/buddhirajgautam/Library/Developer/Xcode/DerivedData/Telegram-Mac-fygdgghdgmuleoelvxabfmqiotta/Build/Intermediates.noindex/TgVoipWebrtc.build/Debug/TgVoipWebrtc-t.build/Objects-normal/arm64/82b82416624d2658e5098eb0a28c15c5-common-args.resp -MMD -MT dependencies -MF /Users/buddhirajgautam/Library/Developer/Xcode/DerivedData/Telegram-Mac-fygdgghdgmuleoelvxabfmqiotta/Build/Intermediates.noindex/TgVoipWebrtc.build/Debug/TgVoipWebrtc-t.build/Objects-normal/arm64/Signaling_4_0_0.d --serialize-diagnostics /Users/buddhirajgautam/Library/Developer/Xcode/DerivedData/Telegram-Mac-fygdgghdgmuleoelvxabfmqiotta/Build/Intermediates.noindex/TgVoipWebrtc.build/Debug/TgVoipWebrtc-t.build/Objects-normal/arm64/Signaling_4_0_0.dia -c /Users/buddhirajgautam/Documents/Cherrygram-Mac/macOS-Swift/submodules/tgcalls/tgcalls/v2_4_0_0/Signaling_4_0_0.cpp -o /Users/buddhirajgautam/Library/Developer/Xcode/DerivedData/Telegram-Mac-fygdgghdgmuleoelvxabfmqiotta/Build/Intermediates.noindex/TgVoipWebrtc.build/Debug/TgVoipWebrtc-t.build/Objects-normal/arm64/Signaling_4_0_0.o -index-unit-output-path /TgVoipWebrtc.build/Debug/TgVoipWebrtc-t.build/Objects-normal/arm64/Signaling_4_0_0.o
In file included from /Users/buddhirajgautam/Documents/Cherrygram-Mac/macOS-Swift/submodules/tgcalls/tgcalls/v2_4_0_0/Signaling_4_0_0.cpp:1:
In file included from /Users/buddhirajgautam/Documents/Cherrygram-Mac/macOS-Swift/submodules/tgcalls/tgcalls/v2_4_0_0/Signaling_4_0_0.h:7:
In file included from /Users/buddhirajgautam/Documents/Cherrygram-Mac/macOS-Swift/submodules/tgcalls/SharedHeaders/webrtc/third_party/abseil-cpp/absl/types/variant.h:46:
In file included from /Users/buddhirajgautam/Documents/Cherrygram-Mac/macOS-Swift/submodules/tgcalls/SharedHeaders/webrtc/third_party/abseil-cpp/absl/utility/utility.h:45:
/Users/buddhirajgautam/Documents/Cherrygram-Mac/macOS-Swift/submodules/tgcalls/SharedHeaders/webrtc/third_party/abseil-cpp/absl/meta/type_traits.h:511:36: warning: builtin __is_trivially_relocatable is deprecated; use __builtin_is_cpp_trivially_relocatable instead [-Wdeprecated-builtins]
  511 |     : std::integral_constant<bool, __is_trivially_relocatable(T)> {};
      |                                    ^
1 warning generated.

CompileC /Users/buddhirajgautam/Library/Developer/Xcode/DerivedData/Telegram-Mac-fygdgghdgmuleoelvxabfmqiotta/Build/Intermediates.noindex/TgVoipWebrtc.build/Debug/TgVoipWebrtc-t.build/Objects-normal/arm64/SignalingSctpConnection.o /Users/buddhirajgautam/Documents/Cherrygram-Mac/macOS-Swift/submodules/tgcalls/tgcalls/v2/SignalingSctpConnection.cpp normal arm64 c++ com.apple.compilers.llvm.clang.1_0.compiler (in target 'TgVoipWebrtc' from project 'TgVoipWebrtc')
    cd /Users/buddhirajgautam/Documents/Cherrygram-Mac/macOS-Swift
    
    Using response file: /Users/buddhirajgautam/Library/Developer/Xcode/DerivedData/Telegram-Mac-fygdgghdgmuleoelvxabfmqiotta/Build/Intermediates.noindex/TgVoipWebrtc.build/Debug/TgVoipWebrtc-t.build/Objects-normal/arm64/82b82416624d2658e5098eb0a28c15c5-common-args.resp
    
    /Applications/Xcode.app/Contents/Developer/Toolchains/XcodeDefault.xctoolchain/usr/bin/clang -x c++ -ivfsstatcache /Users/buddhirajgautam/Library/Developer/Xcode/DerivedData/SDKStatCaches.noindex/macosx27.0-26A425-e829b21a6f8c9b70876ba0858053c0447231f6df4def33e022ae2eb8f782df1a.sdkstatcache -target arm64-apple-macos12.0 -fmessage-length\=0 -fdiagnostics-show-note-include-stack -fmacro-backtrace-limit\=0 -fno-color-diagnostics -fmodules-prune-interval\=86400 -fmodules-prune-after\=345600 -fbuild-session-file\=/Users/buddhirajgautam/Library/Developer/Xcode/DerivedData/ModuleCache.noindex/Session.modulevalidation -fmodules-validate-once-per-build-session -Wnon-modular-include-in-framework-module -Werror\=non-modular-include-in-framework-module -Wno-trigraphs -Wno-missing-field-initializers -Wno-missing-prototypes -Wno-return-type -Wno-non-virtual-dtor -Wno-overloaded-virtual -Wno-exit-time-destructors -Wno-missing-braces -Wparentheses -Wswitch -Wno-unused-function -Wno-unused-label -Wno-unused-parameter -Wno-unused-variable -Wunused-value -Wno-empty-body -Wno-uninitialized -Wno-unknown-pragmas -Wno-shadow -Wno-four-char-constants -Wno-conversion -Wno-constant-conversion -Wno-int-conversion -Wno-bool-conversion -Wno-enum-conversion -Wno-float-conversion -Wno-non-literal-null-conversion -Wno-objc-literal-conversion -Wshorten-64-to-32 -Wno-newline-eof -Wno-c++11-extensions -Wno-implicit-fallthrough -isysroot /Applications/Xcode.app/Contents/Developer/Platforms/MacOSX.platform/Developer/SDKs/MacOSX27.0.sdk -fstrict-aliasing -Wdeprecated-declarations -Winvalid-offsetof -Wno-sign-conversion -Wno-infinite-recursion -Wno-move -Wno-comma -Wno-block-capture-autoreleasing -Wno-strict-prototypes -Wno-range-loop-analysis -Wno-semicolon-before-method-body -index-store-path /Users/buddhirajgautam/Library/Developer/Xcode/DerivedData/Telegram-Mac-fygdgghdgmuleoelvxabfmqiotta/Index.noindex/DataStore @/Users/buddhirajgautam/Library/Developer/Xcode/DerivedData/Telegram-Mac-fygdgghdgmuleoelvxabfmqiotta/Build/Intermediates.noindex/TgVoipWebrtc.build/Debug/TgVoipWebrtc-t.build/Objects-normal/arm64/82b82416624d2658e5098eb0a28c15c5-common-args.resp -MMD -MT dependencies -MF /Users/buddhirajgautam/Library/Developer/Xcode/DerivedData/Telegram-Mac-fygdgghdgmuleoelvxabfmqiotta/Build/Intermediates.noindex/TgVoipWebrtc.build/Debug/TgVoipWebrtc-t.build/Objects-normal/arm64/SignalingSctpConnection.d --serialize-diagnostics /Users/buddhirajgautam/Library/Developer/Xcode/DerivedData/Telegram-Mac-fygdgghdgmuleoelvxabfmqiotta/Build/Intermediates.noindex/TgVoipWebrtc.build/Debug/TgVoipWebrtc-t.build/Objects-normal/arm64/SignalingSctpConnection.dia -c /Users/buddhirajgautam/Documents/Cherrygram-Mac/macOS-Swift/submodules/tgcalls/tgcalls/v2/SignalingSctpConnection.cpp -o /Users/buddhirajgautam/Library/Developer/Xcode/DerivedData/Telegram-Mac-fygdgghdgmuleoelvxabfmqiotta/Build/Intermediates.noindex/TgVoipWebrtc.build/Debug/TgVoipWebrtc-t.build/Objects-normal/arm64/SignalingSctpConnection.o -index-unit-output-path /TgVoipWebrtc.build/Debug/TgVoipWebrtc-t.build/Objects-normal/arm64/SignalingSctpConnection.o
In file included from /Users/buddhirajgautam/Documents/Cherrygram-Mac/macOS-Swift/submodules/tgcalls/tgcalls/v2/SignalingSctpConnection.cpp:1:
In file included from /Users/buddhirajgautam/Documents/Cherrygram-Mac/macOS-Swift/submodules/tgcalls/tgcalls/v2/SignalingSctpConnection.h:9:
In file included from /Users/buddhirajgautam/Documents/Cherrygram-Mac/macOS-Swift/submodules/tgcalls/SharedHeaders/webrtc/rtc_base/socket_address.h:16:
In file included from /Users/buddhirajgautam/Documents/Cherrygram-Mac/macOS-Swift/submodules/tgcalls/SharedHeaders/webrtc/third_party/abseil-cpp/absl/strings/string_view.h:40:
In file included from /Users/buddhirajgautam/Documents/Cherrygram-Mac/macOS-Swift/submodules/tgcalls/SharedHeaders/webrtc/third_party/abseil-cpp/absl/base/nullability.h:153:
In file included from /Users/buddhirajgautam/Documents/Cherrygram-Mac/macOS-Swift/submodules/tgcalls/SharedHeaders/webrtc/third_party/abseil-cpp/absl/base/internal/nullability_impl.h:22:
/Users/buddhirajgautam/Documents/Cherrygram-Mac/macOS-Swift/submodules/tgcalls/SharedHeaders/webrtc/third_party/abseil-cpp/absl/meta/type_traits.h:511:36: warning: builtin __is_trivially_relocatable is deprecated; use __builtin_is_cpp_trivially_relocatable instead [-Wdeprecated-builtins]
  511 |     : std::integral_constant<bool, __is_trivially_relocatable(T)> {};
      |                                    ^
/Users/buddhirajgautam/Documents/Cherrygram-Mac/macOS-Swift/submodules/tgcalls/SharedHeaders/webrtc/third_party/abseil-cpp/absl/meta/type_traits.h:511:36: warning: builtin __is_trivially_relocatable is deprecated; use __builtin_is_cpp_trivially_relocatable instead [-Wdeprecated-builtins]
In file included from /Users/buddhirajgautam/Documents/Cherrygram-Mac/macOS-Swift/submodules/tgcalls/tgcalls/v2/SignalingSctpConnection.cpp:1:
In file included from /Users/buddhirajgautam/Documents/Cherrygram-Mac/macOS-Swift/submodules/tgcalls/tgcalls/v2/SignalingSctpConnection.h:12:
In file included from /Users/buddhirajgautam/Documents/Cherrygram-Mac/macOS-Swift/submodules/tgcalls/SharedHeaders/webrtc/media/base/media_channel.h:27:
In file included from /Users/buddhirajgautam/Documents/Cherrygram-Mac/macOS-Swift/submodules/tgcalls/SharedHeaders/webrtc/api/frame_transformer_interface.h:19:
In file included from /Users/buddhirajgautam/Documents/Cherrygram-Mac/macOS-Swift/submodules/tgcalls/SharedHeaders/webrtc/api/video/encoded_frame.h:21:
In file included from /Users/buddhirajgautam/Documents/Cherrygram-Mac/macOS-Swift/submodules/tgcalls/SharedHeaders/webrtc/modules/rtp_rtcp/source/rtp_video_header.h:16:
In file included from /Users/buddhirajgautam/Documents/Cherrygram-Mac/macOS-Swift/submodules/tgcalls/SharedHeaders/webrtc/third_party/abseil-cpp/absl/container/inlined_vector.h:53:
/Users/buddhirajgautam/Documents/Cherrygram-Mac/macOS-Swift/submodules/tgcalls/SharedHeaders/webrtc/third_party/abseil-cpp/absl/container/internal/inlined_vector.h:522:22: note: in instantiation of template class 'absl::is_trivially_relocatable<webrtc::DecodeTargetIndication>' requested here
  522 |                absl::is_trivially_relocatable<V>::value ||
      |                      ^
In file included from /Users/buddhirajgautam/Documents/Cherrygram-Mac/macOS-Swift/submodules/tgcalls/tgcalls/v2/SignalingSctpConnection.cpp:1:
In file included from /Users/buddhirajgautam/Documents/Cherrygram-Mac/macOS-Swift/submodules/tgcalls/tgcalls/v2/SignalingSctpConnection.h:9:
In file included from /Users/buddhirajgautam/Documents/Cherrygram-Mac/macOS-Swift/submodules/tgcalls/SharedHeaders/webrtc/rtc_base/socket_address.h:16:
In file included from /Users/buddhirajgautam/Documents/Cherrygram-Mac/macOS-Swift/submodules/tgcalls/SharedHeaders/webrtc/third_party/abseil-cpp/absl/strings/string_view.h:43:
/Users/buddhirajgautam/Documents/Cherrygram-Mac/macOS-Swift/submodules/tgcalls/SharedHeaders/webrtc/third_party/abseil-cpp/absl/base/macros.h:128:49: note: expanded from macro 'ABSL_HARDENING_ASSERT'
  128 | #define ABSL_HARDENING_ASSERT(expr) ABSL_ASSERT(expr)
      |                                                 ^
/Users/buddhirajgautam/Documents/Cherrygram-Mac/macOS-Swift/submodules/tgcalls/SharedHeaders/webrtc/third_party/abseil-cpp/absl/base/macros.h:95:30: note: expanded from macro 'ABSL_ASSERT'
   95 |   (false ? static_cast<void>(expr) : static_cast<void>(0))
      |                              ^
In file included from /Users/buddhirajgautam/Documents/Cherrygram-Mac/macOS-Swift/submodules/tgcalls/tgcalls/v2/SignalingSctpConnection.cpp:1:
In file included from /Users/buddhirajgautam/Documents/Cherrygram-Mac/macOS-Swift/submodules/tgcalls/tgcalls/v2/SignalingSctpConnection.h:12:
In file included from /Users/buddhirajgautam/Documents/Cherrygram-Mac/macOS-Swift/submodules/tgcalls/SharedHeaders/webrtc/media/base/media_channel.h:27:
In file included from /Users/buddhirajgautam/Documents/Cherrygram-Mac/macOS-Swift/submodules/tgcalls/SharedHeaders/webrtc/api/frame_transformer_interface.h:19:
In file included from /Users/buddhirajgautam/Documents/Cherrygram-Mac/macOS-Swift/submodules/tgcalls/SharedHeaders/webrtc/api/video/encoded_frame.h:21:
In file included from /Users/buddhirajgautam/Documents/Cherrygram-Mac/macOS-Swift/submodules/tgcalls/SharedHeaders/webrtc/modules/rtp_rtcp/source/rtp_video_header.h:16:
/Users/buddhirajgautam/Documents/Cherrygram-Mac/macOS-Swift/submodules/tgcalls/SharedHeaders/webrtc/third_party/abseil-cpp/absl/container/inlined_vector.h:856:14: note: in instantiation of member function 'absl::inlined_vector_internal::Storage<webrtc::DecodeTargetIndication, 10, std::allocator<webrtc::DecodeTargetIndication>>::MemcpyFrom' requested here
  856 |     storage_.MemcpyFrom(other.storage_);
      |              ^
/Users/buddhirajgautam/Documents/Cherrygram-Mac/macOS-Swift/submodules/tgcalls/SharedHeaders/webrtc/third_party/abseil-cpp/absl/container/inlined_vector.h:548:7: note: in instantiation of member function 'absl::InlinedVector<webrtc::DecodeTargetIndication, 10>::MoveAssignment' requested here
  548 |       MoveAssignment(MoveAssignmentPolicy{}, std::move(other));
      |       ^
In file included from /Users/buddhirajgautam/Documents/Cherrygram-Mac/macOS-Swift/submodules/tgcalls/tgcalls/v2/SignalingSctpConnection.cpp:1:
In file included from /Users/buddhirajgautam/Documents/Cherrygram-Mac/macOS-Swift/submodules/tgcalls/tgcalls/v2/SignalingSctpConnection.h:12:
In file included from /Users/buddhirajgautam/Documents/Cherrygram-Mac/macOS-Swift/submodules/tgcalls/SharedHeaders/webrtc/media/base/media_channel.h:27:
In file included from /Users/buddhirajgautam/Documents/Cherrygram-Mac/macOS-Swift/submodules/tgcalls/SharedHeaders/webrtc/api/frame_transformer_interface.h:19:
In file included from /Users/buddhirajgautam/Documents/Cherrygram-Mac/macOS-Swift/submodules/tgcalls/SharedHeaders/webrtc/api/video/encoded_frame.h:21:
In file included from /Users/buddhirajgautam/Documents/Cherrygram-Mac/macOS-Swift/submodules/tgcalls/SharedHeaders/webrtc/modules/rtp_rtcp/source/rtp_video_header.h:20:
/Users/buddhirajgautam/Documents/Cherrygram-Mac/macOS-Swift/submodules/tgcalls/SharedHeaders/webrtc/api/transport/rtp/dependency_descriptor.h:133:35: note: in instantiation of member function 'absl::InlinedVector<webrtc::DecodeTargetIndication, 10>::operator=' requested here
  133 |   this->decode_target_indications =
      |                                   ^
In file included from /Users/buddhirajgautam/Documents/Cherrygram-Mac/macOS-Swift/submodules/tgcalls/tgcalls/v2/SignalingSctpConnection.cpp:1:
In file included from /Users/buddhirajgautam/Documents/Cherrygram-Mac/macOS-Swift/submodules/tgcalls/tgcalls/v2/SignalingSctpConnection.h:9:
In file included from /Users/buddhirajgautam/Documents/Cherrygram-Mac/macOS-Swift/submodules/tgcalls/SharedHeaders/webrtc/rtc_base/socket_address.h:16:
In file included from /Users/buddhirajgautam/Documents/Cherrygram-Mac/macOS-Swift/submodules/tgcalls/SharedHeaders/webrtc/third_party/abseil-cpp/absl/strings/string_view.h:40:
In file included from /Users/buddhirajgautam/Documents/Cherrygram-Mac/macOS-Swift/submodules/tgcalls/SharedHeaders/webrtc/third_party/abseil-cpp/absl/base/nullability.h:153:
In file included from /Users/buddhirajgautam/Documents/Cherrygram-Mac/macOS-Swift/submodules/tgcalls/SharedHeaders/webrtc/third_party/abseil-cpp/absl/base/internal/nullability_impl.h:22:
/Users/buddhirajgautam/Documents/Cherrygram-Mac/macOS-Swift/submodules/tgcalls/SharedHeaders/webrtc/third_party/abseil-cpp/absl/meta/type_traits.h:511:36: warning: builtin __is_trivially_relocatable is deprecated; use __builtin_is_cpp_trivially_relocatable instead [-Wdeprecated-builtins]
  511 |     : std::integral_constant<bool, __is_trivially_relocatable(T)> {};
      |                                    ^
In file included from /Users/buddhirajgautam/Documents/Cherrygram-Mac/macOS-Swift/submodules/tgcalls/tgcalls/v2/SignalingSctpConnection.cpp:1:
In file included from /Users/buddhirajgautam/Documents/Cherrygram-Mac/macOS-Swift/submodules/tgcalls/tgcalls/v2/SignalingSctpConnection.h:12:
In file included from /Users/buddhirajgautam/Documents/Cherrygram-Mac/macOS-Swift/submodules/tgcalls/SharedHeaders/webrtc/media/base/media_channel.h:27:
In file included from /Users/buddhirajgautam/Documents/Cherrygram-Mac/macOS-Swift/submodules/tgcalls/SharedHeaders/webrtc/api/frame_transformer_interface.h:19:
In file included from /Users/buddhirajgautam/Documents/Cherrygram-Mac/macOS-Swift/submodules/tgcalls/SharedHeaders/webrtc/api/video/encoded_frame.h:21:
In file included from /Users/buddhirajgautam/Documents/Cherrygram-Mac/macOS-Swift/submodules/tgcalls/SharedHeaders/webrtc/modules/rtp_rtcp/source/rtp_video_header.h:16:
In file included from /Users/buddhirajgautam/Documents/Cherrygram-Mac/macOS-Swift/submodules/tgcalls/SharedHeaders/webrtc/third_party/abseil-cpp/absl/container/inlined_vector.h:53:
/Users/buddhirajgautam/Documents/Cherrygram-Mac/macOS-Swift/submodules/tgcalls/SharedHeaders/webrtc/third_party/abseil-cpp/absl/container/internal/inlined_vector.h:522:22: note: in instantiation of template class 'absl::is_trivially_relocatable<int>' requested here
  522 |                absl::is_trivially_relocatable<V>::value ||
      |                      ^
In file included from /Users/buddhirajgautam/Documents/Cherrygram-Mac/macOS-Swift/submodules/tgcalls/tgcalls/v2/SignalingSctpConnection.cpp:1:
In file included from /Users/buddhirajgautam/Documents/Cherrygram-Mac/macOS-Swift/submodules/tgcalls/tgcalls/v2/SignalingSctpConnection.h:9:
In file included from /Users/buddhirajgautam/Documents/Cherrygram-Mac/macOS-Swift/submodules/tgcalls/SharedHeaders/webrtc/rtc_base/socket_address.h:16:
In file included from /Users/buddhirajgautam/Documents/Cherrygram-Mac/macOS-Swift/submodules/tgcalls/SharedHeaders/webrtc/third_party/abseil-cpp/absl/strings/string_view.h:43:
/Users/buddhirajgautam/Documents/Cherrygram-Mac/macOS-Swift/submodules/tgcalls/SharedHeaders/webrtc/third_party/abseil-cpp/absl/base/macros.h:128:49: note: expanded from macro 'ABSL_HARDENING_ASSERT'
  128 | #define ABSL_HARDENING_ASSERT(expr) ABSL_ASSERT(expr)
      |                                                 ^
/Users/buddhirajgautam/Documents/Cherrygram-Mac/macOS-Swift/submodules/tgcalls/SharedHeaders/webrtc/third_party/abseil-cpp/absl/base/macros.h:95:30: note: expanded from macro 'ABSL_ASSERT'
   95 |   (false ? static_cast<void>(expr) : static_cast<void>(0))
      |                              ^
In file included from /Users/buddhirajgautam/Documents/Cherrygram-Mac/macOS-Swift/submodules/tgcalls/tgcalls/v2/SignalingSctpConnection.cpp:1:
In file included from /Users/buddhirajgautam/Documents/Cherrygram-Mac/macOS-Swift/submodules/tgcalls/tgcalls/v2/SignalingSctpConnection.h:12:
In file included from /Users/buddhirajgautam/Documents/Cherrygram-Mac/macOS-Swift/submodules/tgcalls/SharedHeaders/webrtc/media/base/media_channel.h:27:
In file included from /Users/buddhirajgautam/Documents/Cherrygram-Mac/macOS-Swift/submodules/tgcalls/SharedHeaders/webrtc/api/frame_transformer_interface.h:19:
In file included from /Users/buddhirajgautam/Documents/Cherrygram-Mac/macOS-Swift/submodules/tgcalls/SharedHeaders/webrtc/api/video/encoded_frame.h:21:
In file included from /Users/buddhirajgautam/Documents/Cherrygram-Mac/macOS-Swift/submodules/tgcalls/SharedHeaders/webrtc/modules/rtp_rtcp/source/rtp_video_header.h:16:
/Users/buddhirajgautam/Documents/Cherrygram-Mac/macOS-Swift/submodules/tgcalls/SharedHeaders/webrtc/third_party/abseil-cpp/absl/container/inlined_vector.h:195:16: note: in instantiation of member function 'absl::inlined_vector_internal::Storage<int, 4, std::allocator<int>>::MemcpyFrom' requested here
  195 |       storage_.MemcpyFrom(other.storage_);
      |                ^
/Users/buddhirajgautam/Documents/Cherrygram-Mac/macOS-Swift/submodules/tgcalls/SharedHeaders/webrtc/third_party/abseil-cpp/absl/container/inlined_vector.h:177:9: note: in instantiation of member function 'absl::InlinedVector<int, 4>::InlinedVector' requested here
  177 |       : InlinedVector(other, other.storage_.GetAllocator()) {}
      |         ^
In file included from /Users/buddhirajgautam/Documents/Cherrygram-Mac/macOS-Swift/submodules/tgcalls/tgcalls/v2/SignalingSctpConnection.cpp:1:
In file included from /Users/buddhirajgautam/Documents/Cherrygram-Mac/macOS-Swift/submodules/tgcalls/tgcalls/v2/SignalingSctpConnection.h:12:
In file included from /Users/buddhirajgautam/Documents/Cherrygram-Mac/macOS-Swift/submodules/tgcalls/SharedHeaders/webrtc/media/base/media_channel.h:27:
In file included from /Users/buddhirajgautam/Documents/Cherrygram-Mac/macOS-Swift/submodules/tgcalls/SharedHeaders/webrtc/api/frame_transformer_interface.h:19:
In file included from /Users/buddhirajgautam/Documents/Cherrygram-Mac/macOS-Swift/submodules/tgcalls/SharedHeaders/webrtc/api/video/encoded_frame.h:21:
In file included from /Users/buddhirajgautam/Documents/Cherrygram-Mac/macOS-Swift/submodules/tgcalls/SharedHeaders/webrtc/modules/rtp_rtcp/source/rtp_video_header.h:20:
/Users/buddhirajgautam/Documents/Cherrygram-Mac/macOS-Swift/submodules/tgcalls/SharedHeaders/webrtc/api/transport/rtp/dependency_descriptor.h:37:8: note: in instantiation of member function 'absl::InlinedVector<int, 4>::InlinedVector' requested here
   37 | struct FrameDependencyTemplate {
      |        ^
In file included from /Users/buddhirajgautam/Documents/Cherrygram-Mac/macOS-Swift/submodules/tgcalls/tgcalls/v2/SignalingSctpConnection.cpp:1:
In file included from /Users/buddhirajgautam/Documents/Cherrygram-Mac/macOS-Swift/submodules/tgcalls/tgcalls/v2/SignalingSctpConnection.h:9:
In file included from /Users/buddhirajgautam/Documents/Cherrygram-Mac/macOS-Swift/submodules/tgcalls/SharedHeaders/webrtc/rtc_base/socket_address.h:16:
In file included from /Users/buddhirajgautam/Documents/Cherrygram-Mac/macOS-Swift/submodules/tgcalls/SharedHeaders/webrtc/third_party/abseil-cpp/absl/strings/string_view.h:40:
In file included from /Users/buddhirajgautam/Documents/Cherrygram-Mac/macOS-Swift/submodules/tgcalls/SharedHeaders/webrtc/third_party/abseil-cpp/absl/base/nullability.h:153:
In file included from /Users/buddhirajgautam/Documents/Cherrygram-Mac/macOS-Swift/submodules/tgcalls/SharedHeaders/webrtc/third_party/abseil-cpp/absl/base/internal/nullability_impl.h:22:
/Users/buddhirajgautam/Documents/Cherrygram-Mac/macOS-Swift/submodules/tgcalls/SharedHeaders/webrtc/third_party/abseil-cpp/absl/meta/type_traits.h:511:36: warning: builtin __is_trivially_relocatable is deprecated; use __builtin_is_cpp_trivially_relocatable instead [-Wdeprecated-builtins]
  511 |     : std::integral_constant<bool, __is_trivially_relocatable(T)> {};
      |                                    ^
In file included from /Users/buddhirajgautam/Documents/Cherrygram-Mac/macOS-Swift/submodules/tgcalls/tgcalls/v2/SignalingSctpConnection.cpp:1:
In file included from /Users/buddhirajgautam/Documents/Cherrygram-Mac/macOS-Swift/submodules/tgcalls/tgcalls/v2/SignalingSctpConnection.h:12:
In file included from /Users/buddhirajgautam/Documents/Cherrygram-Mac/macOS-Swift/submodules/tgcalls/SharedHeaders/webrtc/media/base/media_channel.h:27:
In file included from /Users/buddhirajgautam/Documents/Cherrygram-Mac/macOS-Swift/submodules/tgcalls/SharedHeaders/webrtc/api/frame_transformer_interface.h:19:
In file included from /Users/buddhirajgautam/Documents/Cherrygram-Mac/macOS-Swift/submodules/tgcalls/SharedHeaders/webrtc/api/video/encoded_frame.h:21:
In file included from /Users/buddhirajgautam/Documents/Cherrygram-Mac/macOS-Swift/submodules/tgcalls/SharedHeaders/webrtc/modules/rtp_rtcp/source/rtp_video_header.h:16:
In file included from /Users/buddhirajgautam/Documents/Cherrygram-Mac/macOS-Swift/submodules/tgcalls/SharedHeaders/webrtc/third_party/abseil-cpp/absl/container/inlined_vector.h:53:
/Users/buddhirajgautam/Documents/Cherrygram-Mac/macOS-Swift/submodules/tgcalls/SharedHeaders/webrtc/third_party/abseil-cpp/absl/container/internal/inlined_vector.h:522:22: note: in instantiation of template class 'absl::is_trivially_relocatable<webrtc::RenderResolution>' requested here
  522 |                absl::is_trivially_relocatable<V>::value ||
      |                      ^
In file included from /Users/buddhirajgautam/Documents/Cherrygram-Mac/macOS-Swift/submodules/tgcalls/tgcalls/v2/SignalingSctpConnection.cpp:1:
In file included from /Users/buddhirajgautam/Documents/Cherrygram-Mac/macOS-Swift/submodules/tgcalls/tgcalls/v2/SignalingSctpConnection.h:9:
In file included from /Users/buddhirajgautam/Documents/Cherrygram-Mac/macOS-Swift/submodules/tgcalls/SharedHeaders/webrtc/rtc_base/socket_address.h:16:
In file included from /Users/buddhirajgautam/Documents/Cherrygram-Mac/macOS-Swift/submodules/tgcalls/SharedHeaders/webrtc/third_party/abseil-cpp/absl/strings/string_view.h:43:
/Users/buddhirajgautam/Documents/Cherrygram-Mac/macOS-Swift/submodules/tgcalls/SharedHeaders/webrtc/third_party/abseil-cpp/absl/base/macros.h:128:49: note: expanded from macro 'ABSL_HARDENING_ASSERT'
  128 | #define ABSL_HARDENING_ASSERT(expr) ABSL_ASSERT(expr)
      |                                                 ^
/Users/buddhirajgautam/Documents/Cherrygram-Mac/macOS-Swift/submodules/tgcalls/SharedHeaders/webrtc/third_party/abseil-cpp/absl/base/macros.h:95:30: note: expanded from macro 'ABSL_ASSERT'
   95 |   (false ? static_cast<void>(expr) : static_cast<void>(0))
      |                              ^
In file included from /Users/buddhirajgautam/Documents/Cherrygram-Mac/macOS-Swift/submodules/tgcalls/tgcalls/v2/SignalingSctpConnection.cpp:1:
In file included from /Users/buddhirajgautam/Documents/Cherrygram-Mac/macOS-Swift/submodules/tgcalls/tgcalls/v2/SignalingSctpConnection.h:12:
In file included from /Users/buddhirajgautam/Documents/Cherrygram-Mac/macOS-Swift/submodules/tgcalls/SharedHeaders/webrtc/media/base/media_channel.h:27:
In file included from /Users/buddhirajgautam/Documents/Cherrygram-Mac/macOS-Swift/submodules/tgcalls/SharedHeaders/webrtc/api/frame_transformer_interface.h:19:
In file included from /Users/buddhirajgautam/Documents/Cherrygram-Mac/macOS-Swift/submodules/tgcalls/SharedHeaders/webrtc/api/video/encoded_frame.h:21:
In file included from /Users/buddhirajgautam/Documents/Cherrygram-Mac/macOS-Swift/submodules/tgcalls/SharedHeaders/webrtc/modules/rtp_rtcp/source/rtp_video_header.h:16:
/Users/buddhirajgautam/Documents/Cherrygram-Mac/macOS-Swift/submodules/tgcalls/SharedHeaders/webrtc/third_party/abseil-cpp/absl/container/inlined_vector.h:195:16: note: in instantiation of member function 'absl::inlined_vector_internal::Storage<webrtc::RenderResolution, 4, std::allocator<webrtc::RenderResolution>>::MemcpyFrom' requested here
  195 |       storage_.MemcpyFrom(other.storage_);
      |                ^
/Users/buddhirajgautam/Documents/Cherrygram-Mac/macOS-Swift/submodules/tgcalls/SharedHeaders/webrtc/third_party/abseil-cpp/absl/container/inlined_vector.h:177:9: note: in instantiation of member function 'absl::InlinedVector<webrtc::RenderResolution, 4>::InlinedVector' requested here
  177 |       : InlinedVector(other, other.storage_.GetAllocator()) {}
      |         ^
In file included from /Users/buddhirajgautam/Documents/Cherrygram-Mac/macOS-Swift/submodules/tgcalls/tgcalls/v2/SignalingSctpConnection.cpp:1:
In file included from /Users/buddhirajgautam/Documents/Cherrygram-Mac/macOS-Swift/submodules/tgcalls/tgcalls/v2/SignalingSctpConnection.h:12:
In file included from /Users/buddhirajgautam/Documents/Cherrygram-Mac/macOS-Swift/submodules/tgcalls/SharedHeaders/webrtc/media/base/media_channel.h:27:
In file included from /Users/buddhirajgautam/Documents/Cherrygram-Mac/macOS-Swift/submodules/tgcalls/SharedHeaders/webrtc/api/frame_transformer_interface.h:19:
In file included from /Users/buddhirajgautam/Documents/Cherrygram-Mac/macOS-Swift/submodules/tgcalls/SharedHeaders/webrtc/api/video/encoded_frame.h:21:
In file included from /Users/buddhirajgautam/Documents/Cherrygram-Mac/macOS-Swift/submodules/tgcalls/SharedHeaders/webrtc/modules/rtp_rtcp/source/rtp_video_header.h:20:
/Users/buddhirajgautam/Documents/Cherrygram-Mac/macOS-Swift/submodules/tgcalls/SharedHeaders/webrtc/api/transport/rtp/dependency_descriptor.h:61:8: note: in instantiation of member function 'absl::InlinedVector<webrtc::RenderResolution, 4>::InlinedVector' requested here
   61 | struct FrameDependencyStructure {
      |        ^
4 warnings generated.

CompileC /Users/buddhirajgautam/Library/Developer/Xcode/DerivedData/Telegram-Mac-fygdgghdgmuleoelvxabfmqiotta/Build/Intermediates.noindex/TgVoipWebrtc.build/Debug/TgVoipWebrtc-t.build/Objects-normal/arm64/SignalingKcpConnection.o /Users/buddhirajgautam/Documents/Cherrygram-Mac/macOS-Swift/submodules/tgcalls/tgcalls/v2/SignalingKcpConnection.cpp normal arm64 c++ com.apple.compilers.llvm.clang.1_0.compiler (in target 'TgVoipWebrtc' from project 'TgVoipWebrtc')
    cd /Users/buddhirajgautam/Documents/Cherrygram-Mac/macOS-Swift
    
    Using response file: /Users/buddhirajgautam/Library/Developer/Xcode/DerivedData/Telegram-Mac-fygdgghdgmuleoelvxabfmqiotta/Build/Intermediates.noindex/TgVoipWebrtc.build/Debug/TgVoipWebrtc-t.build/Objects-normal/arm64/82b82416624d2658e5098eb0a28c15c5-common-args.resp
    
    /Applications/Xcode.app/Contents/Developer/Toolchains/XcodeDefault.xctoolchain/usr/bin/clang -x c++ -ivfsstatcache /Users/buddhirajgautam/Library/Developer/Xcode/DerivedData/SDKStatCaches.noindex/macosx27.0-26A425-e829b21a6f8c9b70876ba0858053c0447231f6df4def33e022ae2eb8f782df1a.sdkstatcache -target arm64-apple-macos12.0 -fmessage-length\=0 -fdiagnostics-show-note-include-stack -fmacro-backtrace-limit\=0 -fno-color-diagnostics -fmodules-prune-interval\=86400 -fmodules-prune-after\=345600 -fbuild-session-file\=/Users/buddhirajgautam/Library/Developer/Xcode/DerivedData/ModuleCache.noindex/Session.modulevalidation -fmodules-validate-once-per-build-session -Wnon-modular-include-in-framework-module -Werror\=non-modular-include-in-framework-module -Wno-trigraphs -Wno-missing-field-initializers -Wno-missing-prototypes -Wno-return-type -Wno-non-virtual-dtor -Wno-overloaded-virtual -Wno-exit-time-destructors -Wno-missing-braces -Wparentheses -Wswitch -Wno-unused-function -Wno-unused-label -Wno-unused-parameter -Wno-unused-variable -Wunused-value -Wno-empty-body -Wno-uninitialized -Wno-unknown-pragmas -Wno-shadow -Wno-four-char-constants -Wno-conversion -Wno-constant-conversion -Wno-int-conversion -Wno-bool-conversion -Wno-enum-conversion -Wno-float-conversion -Wno-non-literal-null-conversion -Wno-objc-literal-conversion -Wshorten-64-to-32 -Wno-newline-eof -Wno-c++11-extensions -Wno-implicit-fallthrough -isysroot /Applications/Xcode.app/Contents/Developer/Platforms/MacOSX.platform/Developer/SDKs/MacOSX27.0.sdk -fstrict-aliasing -Wdeprecated-declarations -Winvalid-offsetof -Wno-sign-conversion -Wno-infinite-recursion -Wno-move -Wno-comma -Wno-block-capture-autoreleasing -Wno-strict-prototypes -Wno-range-loop-analysis -Wno-semicolon-before-method-body -index-store-path /Users/buddhirajgautam/Library/Developer/Xcode/DerivedData/Telegram-Mac-fygdgghdgmuleoelvxabfmqiotta/Index.noindex/DataStore @/Users/buddhirajgautam/Library/Developer/Xcode/DerivedData/Telegram-Mac-fygdgghdgmuleoelvxabfmqiotta/Build/Intermediates.noindex/TgVoipWebrtc.build/Debug/TgVoipWebrtc-t.build/Objects-normal/arm64/82b82416624d2658e5098eb0a28c15c5-common-args.resp -MMD -MT dependencies -MF /Users/buddhirajgautam/Library/Developer/Xcode/DerivedData/Telegram-Mac-fygdgghdgmuleoelvxabfmqiotta/Build/Intermediates.noindex/TgVoipWebrtc.build/Debug/TgVoipWebrtc-t.build/Objects-normal/arm64/SignalingKcpConnection.d --serialize-diagnostics /Users/buddhirajgautam/Library/Developer/Xcode/DerivedData/Telegram-Mac-fygdgghdgmuleoelvxabfmqiotta/Build/Intermediates.noindex/TgVoipWebrtc.build/Debug/TgVoipWebrtc-t.build/Objects-normal/arm64/SignalingKcpConnection.dia -c /Users/buddhirajgautam/Documents/Cherrygram-Mac/macOS-Swift/submodules/tgcalls/tgcalls/v2/SignalingKcpConnection.cpp -o /Users/buddhirajgautam/Library/Developer/Xcode/DerivedData/Telegram-Mac-fygdgghdgmuleoelvxabfmqiotta/Build/Intermediates.noindex/TgVoipWebrtc.build/Debug/TgVoipWebrtc-t.build/Objects-normal/arm64/SignalingKcpConnection.o -index-unit-output-path /TgVoipWebrtc.build/Debug/TgVoipWebrtc-t.build/Objects-normal/arm64/SignalingKcpConnection.o
In file included from /Users/buddhirajgautam/Documents/Cherrygram-Mac/macOS-Swift/submodules/tgcalls/tgcalls/v2/SignalingKcpConnection.cpp:1:
In file included from /Users/buddhirajgautam/Documents/Cherrygram-Mac/macOS-Swift/submodules/tgcalls/tgcalls/v2/SignalingKcpConnection.h:5:
In file included from /Users/buddhirajgautam/Documents/Cherrygram-Mac/macOS-Swift/submodules/tgcalls/SharedHeaders/webrtc/rtc_base/socket_address.h:16:
In file included from /Users/buddhirajgautam/Documents/Cherrygram-Mac/macOS-Swift/submodules/tgcalls/SharedHeaders/webrtc/third_party/abseil-cpp/absl/strings/string_view.h:40:
In file included from /Users/buddhirajgautam/Documents/Cherrygram-Mac/macOS-Swift/submodules/tgcalls/SharedHeaders/webrtc/third_party/abseil-cpp/absl/base/nullability.h:153:
In file included from /Users/buddhirajgautam/Documents/Cherrygram-Mac/macOS-Swift/submodules/tgcalls/SharedHeaders/webrtc/third_party/abseil-cpp/absl/base/internal/nullability_impl.h:22:
/Users/buddhirajgautam/Documents/Cherrygram-Mac/macOS-Swift/submodules/tgcalls/SharedHeaders/webrtc/third_party/abseil-cpp/absl/meta/type_traits.h:511:36: warning: builtin __is_trivially_relocatable is deprecated; use __builtin_is_cpp_trivially_relocatable instead [-Wdeprecated-builtins]
  511 |     : std::integral_constant<bool, __is_trivially_relocatable(T)> {};
      |                                    ^
/Users/buddhirajgautam/Documents/Cherrygram-Mac/macOS-Swift/submodules/tgcalls/SharedHeaders/webrtc/third_party/abseil-cpp/absl/meta/type_traits.h:511:36: warning: builtin __is_trivially_relocatable is deprecated; use __builtin_is_cpp_trivially_relocatable instead [-Wdeprecated-builtins]
In file included from /Users/buddhirajgautam/Documents/Cherrygram-Mac/macOS-Swift/submodules/tgcalls/tgcalls/v2/SignalingKcpConnection.cpp:1:
In file included from /Users/buddhirajgautam/Documents/Cherrygram-Mac/macOS-Swift/submodules/tgcalls/tgcalls/v2/SignalingKcpConnection.h:8:
In file included from /Users/buddhirajgautam/Documents/Cherrygram-Mac/macOS-Swift/submodules/tgcalls/SharedHeaders/webrtc/media/base/media_channel.h:27:
In file included from /Users/buddhirajgautam/Documents/Cherrygram-Mac/macOS-Swift/submodules/tgcalls/SharedHeaders/webrtc/api/frame_transformer_interface.h:19:
In file included from /Users/buddhirajgautam/Documents/Cherrygram-Mac/macOS-Swift/submodules/tgcalls/SharedHeaders/webrtc/api/video/encoded_frame.h:21:
In file included from /Users/buddhirajgautam/Documents/Cherrygram-Mac/macOS-Swift/submodules/tgcalls/SharedHeaders/webrtc/modules/rtp_rtcp/source/rtp_video_header.h:16:
In file included from /Users/buddhirajgautam/Documents/Cherrygram-Mac/macOS-Swift/submodules/tgcalls/SharedHeaders/webrtc/third_party/abseil-cpp/absl/container/inlined_vector.h:53:
/Users/buddhirajgautam/Documents/Cherrygram-Mac/macOS-Swift/submodules/tgcalls/SharedHeaders/webrtc/third_party/abseil-cpp/absl/container/internal/inlined_vector.h:522:22: note: in instantiation of template class 'absl::is_trivially_relocatable<webrtc::DecodeTargetIndication>' requested here
  522 |                absl::is_trivially_relocatable<V>::value ||
      |                      ^
In file included from /Users/buddhirajgautam/Documents/Cherrygram-Mac/macOS-Swift/submodules/tgcalls/tgcalls/v2/SignalingKcpConnection.cpp:1:
In file included from /Users/buddhirajgautam/Documents/Cherrygram-Mac/macOS-Swift/submodules/tgcalls/tgcalls/v2/SignalingKcpConnection.h:5:
In file included from /Users/buddhirajgautam/Documents/Cherrygram-Mac/macOS-Swift/submodules/tgcalls/SharedHeaders/webrtc/rtc_base/socket_address.h:16:
In file included from /Users/buddhirajgautam/Documents/Cherrygram-Mac/macOS-Swift/submodules/tgcalls/SharedHeaders/webrtc/third_party/abseil-cpp/absl/strings/string_view.h:43:
/Users/buddhirajgautam/Documents/Cherrygram-Mac/macOS-Swift/submodules/tgcalls/SharedHeaders/webrtc/third_party/abseil-cpp/absl/base/macros.h:128:49: note: expanded from macro 'ABSL_HARDENING_ASSERT'
  128 | #define ABSL_HARDENING_ASSERT(expr) ABSL_ASSERT(expr)
      |                                                 ^
/Users/buddhirajgautam/Documents/Cherrygram-Mac/macOS-Swift/submodules/tgcalls/SharedHeaders/webrtc/third_party/abseil-cpp/absl/base/macros.h:95:30: note: expanded from macro 'ABSL_ASSERT'
   95 |   (false ? static_cast<void>(expr) : static_cast<void>(0))
      |                              ^
In file included from /Users/buddhirajgautam/Documents/Cherrygram-Mac/macOS-Swift/submodules/tgcalls/tgcalls/v2/SignalingKcpConnection.cpp:1:
In file included from /Users/buddhirajgautam/Documents/Cherrygram-Mac/macOS-Swift/submodules/tgcalls/tgcalls/v2/SignalingKcpConnection.h:8:
In file included from /Users/buddhirajgautam/Documents/Cherrygram-Mac/macOS-Swift/submodules/tgcalls/SharedHeaders/webrtc/media/base/media_channel.h:27:
In file included from /Users/buddhirajgautam/Documents/Cherrygram-Mac/macOS-Swift/submodules/tgcalls/SharedHeaders/webrtc/api/frame_transformer_interface.h:19:
In file included from /Users/buddhirajgautam/Documents/Cherrygram-Mac/macOS-Swift/submodules/tgcalls/SharedHeaders/webrtc/api/video/encoded_frame.h:21:
In file included from /Users/buddhirajgautam/Documents/Cherrygram-Mac/macOS-Swift/submodules/tgcalls/SharedHeaders/webrtc/modules/rtp_rtcp/source/rtp_video_header.h:16:
/Users/buddhirajgautam/Documents/Cherrygram-Mac/macOS-Swift/submodules/tgcalls/SharedHeaders/webrtc/third_party/abseil-cpp/absl/container/inlined_vector.h:856:14: note: in instantiation of member function 'absl::inlined_vector_internal::Storage<webrtc::DecodeTargetIndication, 10, std::allocator<webrtc::DecodeTargetIndication>>::MemcpyFrom' requested here
  856 |     storage_.MemcpyFrom(other.storage_);
      |              ^
/Users/buddhirajgautam/Documents/Cherrygram-Mac/macOS-Swift/submodules/tgcalls/SharedHeaders/webrtc/third_party/abseil-cpp/absl/container/inlined_vector.h:548:7: note: in instantiation of member function 'absl::InlinedVector<webrtc::DecodeTargetIndication, 10>::MoveAssignment' requested here
  548 |       MoveAssignment(MoveAssignmentPolicy{}, std::move(other));
      |       ^
In file included from /Users/buddhirajgautam/Documents/Cherrygram-Mac/macOS-Swift/submodules/tgcalls/tgcalls/v2/SignalingKcpConnection.cpp:1:
In file included from /Users/buddhirajgautam/Documents/Cherrygram-Mac/macOS-Swift/submodules/tgcalls/tgcalls/v2/SignalingKcpConnection.h:8:
In file included from /Users/buddhirajgautam/Documents/Cherrygram-Mac/macOS-Swift/submodules/tgcalls/SharedHeaders/webrtc/media/base/media_channel.h:27:
In file included from /Users/buddhirajgautam/Documents/Cherrygram-Mac/macOS-Swift/submodules/tgcalls/SharedHeaders/webrtc/api/frame_transformer_interface.h:19:
In file included from /Users/buddhirajgautam/Documents/Cherrygram-Mac/macOS-Swift/submodules/tgcalls/SharedHeaders/webrtc/api/video/encoded_frame.h:21:
In file included from /Users/buddhirajgautam/Documents/Cherrygram-Mac/macOS-Swift/submodules/tgcalls/SharedHeaders/webrtc/modules/rtp_rtcp/source/rtp_video_header.h:20:
/Users/buddhirajgautam/Documents/Cherrygram-Mac/macOS-Swift/submodules/tgcalls/SharedHeaders/webrtc/api/transport/rtp/dependency_descriptor.h:133:35: note: in instantiation of member function 'absl::InlinedVector<webrtc::DecodeTargetIndication, 10>::operator=' requested here
  133 |   this->decode_target_indications =
      |                                   ^
In file included from /Users/buddhirajgautam/Documents/Cherrygram-Mac/macOS-Swift/submodules/tgcalls/tgcalls/v2/SignalingKcpConnection.cpp:1:
In file included from /Users/buddhirajgautam/Documents/Cherrygram-Mac/macOS-Swift/submodules/tgcalls/tgcalls/v2/SignalingKcpConnection.h:5:
In file included from /Users/buddhirajgautam/Documents/Cherrygram-Mac/macOS-Swift/submodules/tgcalls/SharedHeaders/webrtc/rtc_base/socket_address.h:16:
In file included from /Users/buddhirajgautam/Documents/Cherrygram-Mac/macOS-Swift/submodules/tgcalls/SharedHeaders/webrtc/third_party/abseil-cpp/absl/strings/string_view.h:40:
In file included from /Users/buddhirajgautam/Documents/Cherrygram-Mac/macOS-Swift/submodules/tgcalls/SharedHeaders/webrtc/third_party/abseil-cpp/absl/base/nullability.h:153:
In file included from /Users/buddhirajgautam/Documents/Cherrygram-Mac/macOS-Swift/submodules/tgcalls/SharedHeaders/webrtc/third_party/abseil-cpp/absl/base/internal/nullability_impl.h:22:
/Users/buddhirajgautam/Documents/Cherrygram-Mac/macOS-Swift/submodules/tgcalls/SharedHeaders/webrtc/third_party/abseil-cpp/absl/meta/type_traits.h:511:36: warning: builtin __is_trivially_relocatable is deprecated; use __builtin_is_cpp_trivially_relocatable instead [-Wdeprecated-builtins]
  511 |     : std::integral_constant<bool, __is_trivially_relocatable(T)> {};
      |                                    ^
In file included from /Users/buddhirajgautam/Documents/Cherrygram-Mac/macOS-Swift/submodules/tgcalls/tgcalls/v2/SignalingKcpConnection.cpp:1:
In file included from /Users/buddhirajgautam/Documents/Cherrygram-Mac/macOS-Swift/submodules/tgcalls/tgcalls/v2/SignalingKcpConnection.h:8:
In file included from /Users/buddhirajgautam/Documents/Cherrygram-Mac/macOS-Swift/submodules/tgcalls/SharedHeaders/webrtc/media/base/media_channel.h:27:
In file included from /Users/buddhirajgautam/Documents/Cherrygram-Mac/macOS-Swift/submodules/tgcalls/SharedHeaders/webrtc/api/frame_transformer_interface.h:19:
In file included from /Users/buddhirajgautam/Documents/Cherrygram-Mac/macOS-Swift/submodules/tgcalls/SharedHeaders/webrtc/api/video/encoded_frame.h:21:
In file included from /Users/buddhirajgautam/Documents/Cherrygram-Mac/macOS-Swift/submodules/tgcalls/SharedHeaders/webrtc/modules/rtp_rtcp/source/rtp_video_header.h:16:
In file included from /Users/buddhirajgautam/Documents/Cherrygram-Mac/macOS-Swift/submodules/tgcalls/SharedHeaders/webrtc/third_party/abseil-cpp/absl/container/inlined_vector.h:53:
/Users/buddhirajgautam/Documents/Cherrygram-Mac/macOS-Swift/submodules/tgcalls/SharedHeaders/webrtc/third_party/abseil-cpp/absl/container/internal/inlined_vector.h:522:22: note: in instantiation of template class 'absl::is_trivially_relocatable<int>' requested here
  522 |                absl::is_trivially_relocatable<V>::value ||
      |                      ^
In file included from /Users/buddhirajgautam/Documents/Cherrygram-Mac/macOS-Swift/submodules/tgcalls/tgcalls/v2/SignalingKcpConnection.cpp:1:
In file included from /Users/buddhirajgautam/Documents/Cherrygram-Mac/macOS-Swift/submodules/tgcalls/tgcalls/v2/SignalingKcpConnection.h:5:
In file included from /Users/buddhirajgautam/Documents/Cherrygram-Mac/macOS-Swift/submodules/tgcalls/SharedHeaders/webrtc/rtc_base/socket_address.h:16:
In file included from /Users/buddhirajgautam/Documents/Cherrygram-Mac/macOS-Swift/submodules/tgcalls/SharedHeaders/webrtc/third_party/abseil-cpp/absl/strings/string_view.h:43:
/Users/buddhirajgautam/Documents/Cherrygram-Mac/macOS-Swift/submodules/tgcalls/SharedHeaders/webrtc/third_party/abseil-cpp/absl/base/macros.h:128:49: note: expanded from macro 'ABSL_HARDENING_ASSERT'
  128 | #define ABSL_HARDENING_ASSERT(expr) ABSL_ASSERT(expr)
      |                                                 ^
/Users/buddhirajgautam/Documents/Cherrygram-Mac/macOS-Swift/submodules/tgcalls/SharedHeaders/webrtc/third_party/abseil-cpp/absl/base/macros.h:95:30: note: expanded from macro 'ABSL_ASSERT'
   95 |   (false ? static_cast<void>(expr) : static_cast<void>(0))
      |                              ^
In file included from /Users/buddhirajgautam/Documents/Cherrygram-Mac/macOS-Swift/submodules/tgcalls/tgcalls/v2/SignalingKcpConnection.cpp:1:
In file included from /Users/buddhirajgautam/Documents/Cherrygram-Mac/macOS-Swift/submodules/tgcalls/tgcalls/v2/SignalingKcpConnection.h:8:
In file included from /Users/buddhirajgautam/Documents/Cherrygram-Mac/macOS-Swift/submodules/tgcalls/SharedHeaders/webrtc/media/base/media_channel.h:27:
In file included from /Users/buddhirajgautam/Documents/Cherrygram-Mac/macOS-Swift/submodules/tgcalls/SharedHeaders/webrtc/api/frame_transformer_interface.h:19:
In file included from /Users/buddhirajgautam/Documents/Cherrygram-Mac/macOS-Swift/submodules/tgcalls/SharedHeaders/webrtc/api/video/encoded_frame.h:21:
In file included from /Users/buddhirajgautam/Documents/Cherrygram-Mac/macOS-Swift/submodules/tgcalls/SharedHeaders/webrtc/modules/rtp_rtcp/source/rtp_video_header.h:16:
/Users/buddhirajgautam/Documents/Cherrygram-Mac/macOS-Swift/submodules/tgcalls/SharedHeaders/webrtc/third_party/abseil-cpp/absl/container/inlined_vector.h:195:16: note: in instantiation of member function 'absl::inlined_vector_internal::Storage<int, 4, std::allocator<int>>::MemcpyFrom' requested here
  195 |       storage_.MemcpyFrom(other.storage_);
      |                ^
/Users/buddhirajgautam/Documents/Cherrygram-Mac/macOS-Swift/submodules/tgcalls/SharedHeaders/webrtc/third_party/abseil-cpp/absl/container/inlined_vector.h:177:9: note: in instantiation of member function 'absl::InlinedVector<int, 4>::InlinedVector' requested here
  177 |       : InlinedVector(other, other.storage_.GetAllocator()) {}
      |         ^
In file included from /Users/buddhirajgautam/Documents/Cherrygram-Mac/macOS-Swift/submodules/tgcalls/tgcalls/v2/SignalingKcpConnection.cpp:1:
In file included from /Users/buddhirajgautam/Documents/Cherrygram-Mac/macOS-Swift/submodules/tgcalls/tgcalls/v2/SignalingKcpConnection.h:8:
In file included from /Users/buddhirajgautam/Documents/Cherrygram-Mac/macOS-Swift/submodules/tgcalls/SharedHeaders/webrtc/media/base/media_channel.h:27:
In file included from /Users/buddhirajgautam/Documents/Cherrygram-Mac/macOS-Swift/submodules/tgcalls/SharedHeaders/webrtc/api/frame_transformer_interface.h:19:
In file included from /Users/buddhirajgautam/Documents/Cherrygram-Mac/macOS-Swift/submodules/tgcalls/SharedHeaders/webrtc/api/video/encoded_frame.h:21:
In file included from /Users/buddhirajgautam/Documents/Cherrygram-Mac/macOS-Swift/submodules/tgcalls/SharedHeaders/webrtc/modules/rtp_rtcp/source/rtp_video_header.h:20:
/Users/buddhirajgautam/Documents/Cherrygram-Mac/macOS-Swift/submodules/tgcalls/SharedHeaders/webrtc/api/transport/rtp/dependency_descriptor.h:37:8: note: in instantiation of member function 'absl::InlinedVector<int, 4>::InlinedVector' requested here
   37 | struct FrameDependencyTemplate {
      |        ^
In file included from /Users/buddhirajgautam/Documents/Cherrygram-Mac/macOS-Swift/submodules/tgcalls/tgcalls/v2/SignalingKcpConnection.cpp:1:
In file included from /Users/buddhirajgautam/Documents/Cherrygram-Mac/macOS-Swift/submodules/tgcalls/tgcalls/v2/SignalingKcpConnection.h:5:
In file included from /Users/buddhirajgautam/Documents/Cherrygram-Mac/macOS-Swift/submodules/tgcalls/SharedHeaders/webrtc/rtc_base/socket_address.h:16:
In file included from /Users/buddhirajgautam/Documents/Cherrygram-Mac/macOS-Swift/submodules/tgcalls/SharedHeaders/webrtc/third_party/abseil-cpp/absl/strings/string_view.h:40:
In file included from /Users/buddhirajgautam/Documents/Cherrygram-Mac/macOS-Swift/submodules/tgcalls/SharedHeaders/webrtc/third_party/abseil-cpp/absl/base/nullability.h:153:
In file included from /Users/buddhirajgautam/Documents/Cherrygram-Mac/macOS-Swift/submodules/tgcalls/SharedHeaders/webrtc/third_party/abseil-cpp/absl/base/internal/nullability_impl.h:22:
/Users/buddhirajgautam/Documents/Cherrygram-Mac/macOS-Swift/submodules/tgcalls/SharedHeaders/webrtc/third_party/abseil-cpp/absl/meta/type_traits.h:511:36: warning: builtin __is_trivially_relocatable is deprecated; use __builtin_is_cpp_trivially_relocatable instead [-Wdeprecated-builtins]
  511 |     : std::integral_constant<bool, __is_trivially_relocatable(T)> {};
      |                                    ^
In file included from /Users/buddhirajgautam/Documents/Cherrygram-Mac/macOS-Swift/submodules/tgcalls/tgcalls/v2/SignalingKcpConnection.cpp:1:
In file included from /Users/buddhirajgautam/Documents/Cherrygram-Mac/macOS-Swift/submodules/tgcalls/tgcalls/v2/SignalingKcpConnection.h:8:
In file included from /Users/buddhirajgautam/Documents/Cherrygram-Mac/macOS-Swift/submodules/tgcalls/SharedHeaders/webrtc/media/base/media_channel.h:27:
In file included from /Users/buddhirajgautam/Documents/Cherrygram-Mac/macOS-Swift/submodules/tgcalls/SharedHeaders/webrtc/api/frame_transformer_interface.h:19:
In file included from /Users/buddhirajgautam/Documents/Cherrygram-Mac/macOS-Swift/submodules/tgcalls/SharedHeaders/webrtc/api/video/encoded_frame.h:21:
In file included from /Users/buddhirajgautam/Documents/Cherrygram-Mac/macOS-Swift/submodules/tgcalls/SharedHeaders/webrtc/modules/rtp_rtcp/source/rtp_video_header.h:16:
In file included from /Users/buddhirajgautam/Documents/Cherrygram-Mac/macOS-Swift/submodules/tgcalls/SharedHeaders/webrtc/third_party/abseil-cpp/absl/container/inlined_vector.h:53:
/Users/buddhirajgautam/Documents/Cherrygram-Mac/macOS-Swift/submodules/tgcalls/SharedHeaders/webrtc/third_party/abseil-cpp/absl/container/internal/inlined_vector.h:522:22: note: in instantiation of template class 'absl::is_trivially_relocatable<webrtc::RenderResolution>' requested here
  522 |                absl::is_trivially_relocatable<V>::value ||
      |                      ^
In file included from /Users/buddhirajgautam/Documents/Cherrygram-Mac/macOS-Swift/submodules/tgcalls/tgcalls/v2/SignalingKcpConnection.cpp:1:
In file included from /Users/buddhirajgautam/Documents/Cherrygram-Mac/macOS-Swift/submodules/tgcalls/tgcalls/v2/SignalingKcpConnection.h:5:
In file included from /Users/buddhirajgautam/Documents/Cherrygram-Mac/macOS-Swift/submodules/tgcalls/SharedHeaders/webrtc/rtc_base/socket_address.h:16:
In file included from /Users/buddhirajgautam/Documents/Cherrygram-Mac/macOS-Swift/submodules/tgcalls/SharedHeaders/webrtc/third_party/abseil-cpp/absl/strings/string_view.h:43:
/Users/buddhirajgautam/Documents/Cherrygram-Mac/macOS-Swift/submodules/tgcalls/SharedHeaders/webrtc/third_party/abseil-cpp/absl/base/macros.h:128:49: note: expanded from macro 'ABSL_HARDENING_ASSERT'
  128 | #define ABSL_HARDENING_ASSERT(expr) ABSL_ASSERT(expr)
      |                                                 ^
/Users/buddhirajgautam/Documents/Cherrygram-Mac/macOS-Swift/submodules/tgcalls/SharedHeaders/webrtc/third_party/abseil-cpp/absl/base/macros.h:95:30: note: expanded from macro 'ABSL_ASSERT'
   95 |   (false ? static_cast<void>(expr) : static_cast<void>(0))
      |                              ^
In file included from /Users/buddhirajgautam/Documents/Cherrygram-Mac/macOS-Swift/submodules/tgcalls/tgcalls/v2/SignalingKcpConnection.cpp:1:
In file included from /Users/buddhirajgautam/Documents/Cherrygram-Mac/macOS-Swift/submodules/tgcalls/tgcalls/v2/SignalingKcpConnection.h:8:
In file included from /Users/buddhirajgautam/Documents/Cherrygram-Mac/macOS-Swift/submodules/tgcalls/SharedHeaders/webrtc/media/base/media_channel.h:27:
In file included from /Users/buddhirajgautam/Documents/Cherrygram-Mac/macOS-Swift/submodules/tgcalls/SharedHeaders/webrtc/api/frame_transformer_interface.h:19:
In file included from /Users/buddhirajgautam/Documents/Cherrygram-Mac/macOS-Swift/submodules/tgcalls/SharedHeaders/webrtc/api/video/encoded_frame.h:21:
In file included from /Users/buddhirajgautam/Documents/Cherrygram-Mac/macOS-Swift/submodules/tgcalls/SharedHeaders/webrtc/modules/rtp_rtcp/source/rtp_video_header.h:16:
/Users/buddhirajgautam/Documents/Cherrygram-Mac/macOS-Swift/submodules/tgcalls/SharedHeaders/webrtc/third_party/abseil-cpp/absl/container/inlined_vector.h:195:16: note: in instantiation of member function 'absl::inlined_vector_internal::Storage<webrtc::RenderResolution, 4, std::allocator<webrtc::RenderResolution>>::MemcpyFrom' requested here
  195 |       storage_.MemcpyFrom(other.storage_);
      |                ^
/Users/buddhirajgautam/Documents/Cherrygram-Mac/macOS-Swift/submodules/tgcalls/SharedHeaders/webrtc/third_party/abseil-cpp/absl/container/inlined_vector.h:177:9: note: in instantiation of member function 'absl::InlinedVector<webrtc::RenderResolution, 4>::InlinedVector' requested here
  177 |       : InlinedVector(other, other.storage_.GetAllocator()) {}
      |         ^
In file included from /Users/buddhirajgautam/Documents/Cherrygram-Mac/macOS-Swift/submodules/tgcalls/tgcalls/v2/SignalingKcpConnection.cpp:1:
In file included from /Users/buddhirajgautam/Documents/Cherrygram-Mac/macOS-Swift/submodules/tgcalls/tgcalls/v2/SignalingKcpConnection.h:8:
In file included from /Users/buddhirajgautam/Documents/Cherrygram-Mac/macOS-Swift/submodules/tgcalls/SharedHeaders/webrtc/media/base/media_channel.h:27:
In file included from /Users/buddhirajgautam/Documents/Cherrygram-Mac/macOS-Swift/submodules/tgcalls/SharedHeaders/webrtc/api/frame_transformer_interface.h:19:
In file included from /Users/buddhirajgautam/Documents/Cherrygram-Mac/macOS-Swift/submodules/tgcalls/SharedHeaders/webrtc/api/video/encoded_frame.h:21:
In file included from /Users/buddhirajgautam/Documents/Cherrygram-Mac/macOS-Swift/submodules/tgcalls/SharedHeaders/webrtc/modules/rtp_rtcp/source/rtp_video_header.h:20:
/Users/buddhirajgautam/Documents/Cherrygram-Mac/macOS-Swift/submodules/tgcalls/SharedHeaders/webrtc/api/transport/rtp/dependency_descriptor.h:61:8: note: in instantiation of member function 'absl::InlinedVector<webrtc::RenderResolution, 4>::InlinedVector' requested here
   61 | struct FrameDependencyStructure {
      |        ^
4 warnings generated.

CompileC /Users/buddhirajgautam/Library/Developer/Xcode/DerivedData/Telegram-Mac-fygdgghdgmuleoelvxabfmqiotta/Build/Intermediates.noindex/TgVoipWebrtc.build/Debug/TgVoipWebrtc-t.build/Objects-normal/arm64/SignalingEncryption.o /Users/buddhirajgautam/Documents/Cherrygram-Mac/macOS-Swift/submodules/tgcalls/tgcalls/v2/SignalingEncryption.cpp normal arm64 c++ com.apple.compilers.llvm.clang.1_0.compiler (in target 'TgVoipWebrtc' from project 'TgVoipWebrtc')
    cd /Users/buddhirajgautam/Documents/Cherrygram-Mac/macOS-Swift
    
    Using response file: /Users/buddhirajgautam/Library/Developer/Xcode/DerivedData/Telegram-Mac-fygdgghdgmuleoelvxabfmqiotta/Build/Intermediates.noindex/TgVoipWebrtc.build/Debug/TgVoipWebrtc-t.build/Objects-normal/arm64/82b82416624d2658e5098eb0a28c15c5-common-args.resp
    
    /Applications/Xcode.app/Contents/Developer/Toolchains/XcodeDefault.xctoolchain/usr/bin/clang -x c++ -ivfsstatcache /Users/buddhirajgautam/Library/Developer/Xcode/DerivedData/SDKStatCaches.noindex/macosx27.0-26A425-e829b21a6f8c9b70876ba0858053c0447231f6df4def33e022ae2eb8f782df1a.sdkstatcache -target arm64-apple-macos12.0 -fmessage-length\=0 -fdiagnostics-show-note-include-stack -fmacro-backtrace-limit\=0 -fno-color-diagnostics -fmodules-prune-interval\=86400 -fmodules-prune-after\=345600 -fbuild-session-file\=/Users/buddhirajgautam/Library/Developer/Xcode/DerivedData/ModuleCache.noindex/Session.modulevalidation -fmodules-validate-once-per-build-session -Wnon-modular-include-in-framework-module -Werror\=non-modular-include-in-framework-module -Wno-trigraphs -Wno-missing-field-initializers -Wno-missing-prototypes -Wno-return-type -Wno-non-virtual-dtor -Wno-overloaded-virtual -Wno-exit-time-destructors -Wno-missing-braces -Wparentheses -Wswitch -Wno-unused-function -Wno-unused-label -Wno-unused-parameter -Wno-unused-variable -Wunused-value -Wno-empty-body -Wno-uninitialized -Wno-unknown-pragmas -Wno-shadow -Wno-four-char-constants -Wno-conversion -Wno-constant-conversion -Wno-int-conversion -Wno-bool-conversion -Wno-enum-conversion -Wno-float-conversion -Wno-non-literal-null-conversion -Wno-objc-literal-conversion -Wshorten-64-to-32 -Wno-newline-eof -Wno-c++11-extensions -Wno-implicit-fallthrough -isysroot /Applications/Xcode.app/Contents/Developer/Platforms/MacOSX.platform/Developer/SDKs/MacOSX27.0.sdk -fstrict-aliasing -Wdeprecated-declarations -Winvalid-offsetof -Wno-sign-conversion -Wno-infinite-recursion -Wno-move -Wno-comma -Wno-block-capture-autoreleasing -Wno-strict-prototypes -Wno-range-loop-analysis -Wno-semicolon-before-method-body -index-store-path /Users/buddhirajgautam/Library/Developer/Xcode/DerivedData/Telegram-Mac-fygdgghdgmuleoelvxabfmqiotta/Index.noindex/DataStore @/Users/buddhirajgautam/Library/Developer/Xcode/DerivedData/Telegram-Mac-fygdgghdgmuleoelvxabfmqiotta/Build/Intermediates.noindex/TgVoipWebrtc.build/Debug/TgVoipWebrtc-t.build/Objects-normal/arm64/82b82416624d2658e5098eb0a28c15c5-common-args.resp -MMD -MT dependencies -MF /Users/buddhirajgautam/Library/Developer/Xcode/DerivedData/Telegram-Mac-fygdgghdgmuleoelvxabfmqiotta/Build/Intermediates.noindex/TgVoipWebrtc.build/Debug/TgVoipWebrtc-t.build/Objects-normal/arm64/SignalingEncryption.d --serialize-diagnostics /Users/buddhirajgautam/Library/Developer/Xcode/DerivedData/Telegram-Mac-fygdgghdgmuleoelvxabfmqiotta/Build/Intermediates.noindex/TgVoipWebrtc.build/Debug/TgVoipWebrtc-t.build/Objects-normal/arm64/SignalingEncryption.dia -c /Users/buddhirajgautam/Documents/Cherrygram-Mac/macOS-Swift/submodules/tgcalls/tgcalls/v2/SignalingEncryption.cpp -o /Users/buddhirajgautam/Library/Developer/Xcode/DerivedData/Telegram-Mac-fygdgghdgmuleoelvxabfmqiotta/Build/Intermediates.noindex/TgVoipWebrtc.build/Debug/TgVoipWebrtc-t.build/Objects-normal/arm64/SignalingEncryption.o -index-unit-output-path /TgVoipWebrtc.build/Debug/TgVoipWebrtc-t.build/Objects-normal/arm64/SignalingEncryption.o
In file included from /Users/buddhirajgautam/Documents/Cherrygram-Mac/macOS-Swift/submodules/tgcalls/tgcalls/v2/SignalingEncryption.cpp:1:
In file included from /Users/buddhirajgautam/Documents/Cherrygram-Mac/macOS-Swift/submodules/tgcalls/tgcalls/v2/SignalingEncryption.h:5:
In file included from /Users/buddhirajgautam/Documents/Cherrygram-Mac/macOS-Swift/submodules/tgcalls/tgcalls/EncryptedConnection.h:5:
In file included from /Users/buddhirajgautam/Documents/Cherrygram-Mac/macOS-Swift/submodules/tgcalls/tgcalls/Message.h:4:
In file included from /Users/buddhirajgautam/Documents/Cherrygram-Mac/macOS-Swift/submodules/tgcalls/SharedHeaders/webrtc/api/candidate.h:21:
In file included from /Users/buddhirajgautam/Documents/Cherrygram-Mac/macOS-Swift/submodules/tgcalls/SharedHeaders/webrtc/third_party/abseil-cpp/absl/strings/string_view.h:40:
In file included from /Users/buddhirajgautam/Documents/Cherrygram-Mac/macOS-Swift/submodules/tgcalls/SharedHeaders/webrtc/third_party/abseil-cpp/absl/base/nullability.h:153:
In file included from /Users/buddhirajgautam/Documents/Cherrygram-Mac/macOS-Swift/submodules/tgcalls/SharedHeaders/webrtc/third_party/abseil-cpp/absl/base/internal/nullability_impl.h:22:
/Users/buddhirajgautam/Documents/Cherrygram-Mac/macOS-Swift/submodules/tgcalls/SharedHeaders/webrtc/third_party/abseil-cpp/absl/meta/type_traits.h:511:36: warning: builtin __is_trivially_relocatable is deprecated; use __builtin_is_cpp_trivially_relocatable instead [-Wdeprecated-builtins]
  511 |     : std::integral_constant<bool, __is_trivially_relocatable(T)> {};
      |                                    ^
1 warning generated.

CompileC /Users/buddhirajgautam/Library/Developer/Xcode/DerivedData/Telegram-Mac-fygdgghdgmuleoelvxabfmqiotta/Build/Intermediates.noindex/TgVoipWebrtc.build/Debug/TgVoipWebrtc-t.build/Objects-normal/arm64/SignalingConnection.o /Users/buddhirajgautam/Documents/Cherrygram-Mac/macOS-Swift/submodules/tgcalls/tgcalls/v2/SignalingConnection.cpp normal arm64 c++ com.apple.compilers.llvm.clang.1_0.compiler (in target 'TgVoipWebrtc' from project 'TgVoipWebrtc')
    cd /Users/buddhirajgautam/Documents/Cherrygram-Mac/macOS-Swift
    
    Using response file: /Users/buddhirajgautam/Library/Developer/Xcode/DerivedData/Telegram-Mac-fygdgghdgmuleoelvxabfmqiotta/Build/Intermediates.noindex/TgVoipWebrtc.build/Debug/TgVoipWebrtc-t.build/Objects-normal/arm64/82b82416624d2658e5098eb0a28c15c5-common-args.resp
    
    /Applications/Xcode.app/Contents/Developer/Toolchains/XcodeDefault.xctoolchain/usr/bin/clang -x c++ -ivfsstatcache /Users/buddhirajgautam/Library/Developer/Xcode/DerivedData/SDKStatCaches.noindex/macosx27.0-26A425-e829b21a6f8c9b70876ba0858053c0447231f6df4def33e022ae2eb8f782df1a.sdkstatcache -target arm64-apple-macos12.0 -fmessage-length\=0 -fdiagnostics-show-note-include-stack -fmacro-backtrace-limit\=0 -fno-color-diagnostics -fmodules-prune-interval\=86400 -fmodules-prune-after\=345600 -fbuild-session-file\=/Users/buddhirajgautam/Library/Developer/Xcode/DerivedData/ModuleCache.noindex/Session.modulevalidation -fmodules-validate-once-per-build-session -Wnon-modular-include-in-framework-module -Werror\=non-modular-include-in-framework-module -Wno-trigraphs -Wno-missing-field-initializers -Wno-missing-prototypes -Wno-return-type -Wno-non-virtual-dtor -Wno-overloaded-virtual -Wno-exit-time-destructors -Wno-missing-braces -Wparentheses -Wswitch -Wno-unused-function -Wno-unused-label -Wno-unused-parameter -Wno-unused-variable -Wunused-value -Wno-empty-body -Wno-uninitialized -Wno-unknown-pragmas -Wno-shadow -Wno-four-char-constants -Wno-conversion -Wno-constant-conversion -Wno-int-conversion -Wno-bool-conversion -Wno-enum-conversion -Wno-float-conversion -Wno-non-literal-null-conversion -Wno-objc-literal-conversion -Wshorten-64-to-32 -Wno-newline-eof -Wno-c++11-extensions -Wno-implicit-fallthrough -isysroot /Applications/Xcode.app/Contents/Developer/Platforms/MacOSX.platform/Developer/SDKs/MacOSX27.0.sdk -fstrict-aliasing -Wdeprecated-declarations -Winvalid-offsetof -Wno-sign-conversion -Wno-infinite-recursion -Wno-move -Wno-comma -Wno-block-capture-autoreleasing -Wno-strict-prototypes -Wno-range-loop-analysis -Wno-semicolon-before-method-body -index-store-path /Users/buddhirajgautam/Library/Developer/Xcode/DerivedData/Telegram-Mac-fygdgghdgmuleoelvxabfmqiotta/Index.noindex/DataStore @/Users/buddhirajgautam/Library/Developer/Xcode/DerivedData/Telegram-Mac-fygdgghdgmuleoelvxabfmqiotta/Build/Intermediates.noindex/TgVoipWebrtc.build/Debug/TgVoipWebrtc-t.build/Objects-normal/arm64/82b82416624d2658e5098eb0a28c15c5-common-args.resp -MMD -MT dependencies -MF /Users/buddhirajgautam/Library/Developer/Xcode/DerivedData/Telegram-Mac-fygdgghdgmuleoelvxabfmqiotta/Build/Intermediates.noindex/TgVoipWebrtc.build/Debug/TgVoipWebrtc-t.build/Objects-normal/arm64/SignalingConnection.d --serialize-diagnostics /Users/buddhirajgautam/Library/Developer/Xcode/DerivedData/Telegram-Mac-fygdgghdgmuleoelvxabfmqiotta/Build/Intermediates.noindex/TgVoipWebrtc.build/Debug/TgVoipWebrtc-t.build/Objects-normal/arm64/SignalingConnection.dia -c /Users/buddhirajgautam/Documents/Cherrygram-Mac/macOS-Swift/submodules/tgcalls/tgcalls/v2/SignalingConnection.cpp -o /Users/buddhirajgautam/Library/Developer/Xcode/DerivedData/Telegram-Mac-fygdgghdgmuleoelvxabfmqiotta/Build/Intermediates.noindex/TgVoipWebrtc.build/Debug/TgVoipWebrtc-t.build/Objects-normal/arm64/SignalingConnection.o -index-unit-output-path /TgVoipWebrtc.build/Debug/TgVoipWebrtc-t.build/Objects-normal/arm64/SignalingConnection.o

CompileC /Users/buddhirajgautam/Library/Developer/Xcode/DerivedData/Telegram-Mac-fygdgghdgmuleoelvxabfmqiotta/Build/Intermediates.noindex/TgVoipWebrtc.build/Debug/TgVoipWebrtc-t.build/Objects-normal/arm64/Signaling.o /Users/buddhirajgautam/Documents/Cherrygram-Mac/macOS-Swift/submodules/tgcalls/tgcalls/v2/Signaling.cpp normal arm64 c++ com.apple.compilers.llvm.clang.1_0.compiler (in target 'TgVoipWebrtc' from project 'TgVoipWebrtc')
    cd /Users/buddhirajgautam/Documents/Cherrygram-Mac/macOS-Swift
    
    Using response file: /Users/buddhirajgautam/Library/Developer/Xcode/DerivedData/Telegram-Mac-fygdgghdgmuleoelvxabfmqiotta/Build/Intermediates.noindex/TgVoipWebrtc.build/Debug/TgVoipWebrtc-t.build/Objects-normal/arm64/82b82416624d2658e5098eb0a28c15c5-common-args.resp
    
    /Applications/Xcode.app/Contents/Developer/Toolchains/XcodeDefault.xctoolchain/usr/bin/clang -x c++ -ivfsstatcache /Users/buddhirajgautam/Library/Developer/Xcode/DerivedData/SDKStatCaches.noindex/macosx27.0-26A425-e829b21a6f8c9b70876ba0858053c0447231f6df4def33e022ae2eb8f782df1a.sdkstatcache -target arm64-apple-macos12.0 -fmessage-length\=0 -fdiagnostics-show-note-include-stack -fmacro-backtrace-limit\=0 -fno-color-diagnostics -fmodules-prune-interval\=86400 -fmodules-prune-after\=345600 -fbuild-session-file\=/Users/buddhirajgautam/Library/Developer/Xcode/DerivedData/ModuleCache.noindex/Session.modulevalidation -fmodules-validate-once-per-build-session -Wnon-modular-include-in-framework-module -Werror\=non-modular-include-in-framework-module -Wno-trigraphs -Wno-missing-field-initializers -Wno-missing-prototypes -Wno-return-type -Wno-non-virtual-dtor -Wno-overloaded-virtual -Wno-exit-time-destructors -Wno-missing-braces -Wparentheses -Wswitch -Wno-unused-function -Wno-unused-label -Wno-unused-parameter -Wno-unused-variable -Wunused-value -Wno-empty-body -Wno-uninitialized -Wno-unknown-pragmas -Wno-shadow -Wno-four-char-constants -Wno-conversion -Wno-constant-conversion -Wno-int-conversion -Wno-bool-conversion -Wno-enum-conversion -Wno-float-conversion -Wno-non-literal-null-conversion -Wno-objc-literal-conversion -Wshorten-64-to-32 -Wno-newline-eof -Wno-c++11-extensions -Wno-implicit-fallthrough -isysroot /Applications/Xcode.app/Contents/Developer/Platforms/MacOSX.platform/Developer/SDKs/MacOSX27.0.sdk -fstrict-aliasing -Wdeprecated-declarations -Winvalid-offsetof -Wno-sign-conversion -Wno-infinite-recursion -Wno-move -Wno-comma -Wno-block-capture-autoreleasing -Wno-strict-prototypes -Wno-range-loop-analysis -Wno-semicolon-before-method-body -index-store-path /Users/buddhirajgautam/Library/Developer/Xcode/DerivedData/Telegram-Mac-fygdgghdgmuleoelvxabfmqiotta/Index.noindex/DataStore @/Users/buddhirajgautam/Library/Developer/Xcode/DerivedData/Telegram-Mac-fygdgghdgmuleoelvxabfmqiotta/Build/Intermediates.noindex/TgVoipWebrtc.build/Debug/TgVoipWebrtc-t.build/Objects-normal/arm64/82b82416624d2658e5098eb0a28c15c5-common-args.resp -MMD -MT dependencies -MF /Users/buddhirajgautam/Library/Developer/Xcode/DerivedData/Telegram-Mac-fygdgghdgmuleoelvxabfmqiotta/Build/Intermediates.noindex/TgVoipWebrtc.build/Debug/TgVoipWebrtc-t.build/Objects-normal/arm64/Signaling.d --serialize-diagnostics /Users/buddhirajgautam/Library/Developer/Xcode/DerivedData/Telegram-Mac-fygdgghdgmuleoelvxabfmqiotta/Build/Intermediates.noindex/TgVoipWebrtc.build/Debug/TgVoipWebrtc-t.build/Objects-normal/arm64/Signaling.dia -c /Users/buddhirajgautam/Documents/Cherrygram-Mac/macOS-Swift/submodules/tgcalls/tgcalls/v2/Signaling.cpp -o /Users/buddhirajgautam/Library/Developer/Xcode/DerivedData/Telegram-Mac-fygdgghdgmuleoelvxabfmqiotta/Build/Intermediates.noindex/TgVoipWebrtc.build/Debug/TgVoipWebrtc-t.build/Objects-normal/arm64/Signaling.o -index-unit-output-path /TgVoipWebrtc.build/Debug/TgVoipWebrtc-t.build/Objects-normal/arm64/Signaling.o
In file included from /Users/buddhirajgautam/Documents/Cherrygram-Mac/macOS-Swift/submodules/tgcalls/tgcalls/v2/Signaling.cpp:1:
In file included from /Users/buddhirajgautam/Documents/Cherrygram-Mac/macOS-Swift/submodules/tgcalls/tgcalls/v2/Signaling.h:7:
In file included from /Users/buddhirajgautam/Documents/Cherrygram-Mac/macOS-Swift/submodules/tgcalls/SharedHeaders/webrtc/third_party/abseil-cpp/absl/types/variant.h:46:
In file included from /Users/buddhirajgautam/Documents/Cherrygram-Mac/macOS-Swift/submodules/tgcalls/SharedHeaders/webrtc/third_party/abseil-cpp/absl/utility/utility.h:45:
/Users/buddhirajgautam/Documents/Cherrygram-Mac/macOS-Swift/submodules/tgcalls/SharedHeaders/webrtc/third_party/abseil-cpp/absl/meta/type_traits.h:511:36: warning: builtin __is_trivially_relocatable is deprecated; use __builtin_is_cpp_trivially_relocatable instead [-Wdeprecated-builtins]
  511 |     : std::integral_constant<bool, __is_trivially_relocatable(T)> {};
      |                                    ^
1 warning generated.

CompileC /Users/buddhirajgautam/Library/Developer/Xcode/DerivedData/Telegram-Mac-fygdgghdgmuleoelvxabfmqiotta/Build/Intermediates.noindex/TgVoipWebrtc.build/Debug/TgVoipWebrtc-t.build/Objects-normal/arm64/SctpDataChannelProviderInterfaceImpl.o /Users/buddhirajgautam/Documents/Cherrygram-Mac/macOS-Swift/submodules/tgcalls/tgcalls/SctpDataChannelProviderInterfaceImpl.cpp normal arm64 c++ com.apple.compilers.llvm.clang.1_0.compiler (in target 'TgVoipWebrtc' from project 'TgVoipWebrtc')
    cd /Users/buddhirajgautam/Documents/Cherrygram-Mac/macOS-Swift
    
    Using response file: /Users/buddhirajgautam/Library/Developer/Xcode/DerivedData/Telegram-Mac-fygdgghdgmuleoelvxabfmqiotta/Build/Intermediates.noindex/TgVoipWebrtc.build/Debug/TgVoipWebrtc-t.build/Objects-normal/arm64/82b82416624d2658e5098eb0a28c15c5-common-args.resp
    
    /Applications/Xcode.app/Contents/Developer/Toolchains/XcodeDefault.xctoolchain/usr/bin/clang -x c++ -ivfsstatcache /Users/buddhirajgautam/Library/Developer/Xcode/DerivedData/SDKStatCaches.noindex/macosx27.0-26A425-e829b21a6f8c9b70876ba0858053c0447231f6df4def33e022ae2eb8f782df1a.sdkstatcache -target arm64-apple-macos12.0 -fmessage-length\=0 -fdiagnostics-show-note-include-stack -fmacro-backtrace-limit\=0 -fno-color-diagnostics -fmodules-prune-interval\=86400 -fmodules-prune-after\=345600 -fbuild-session-file\=/Users/buddhirajgautam/Library/Developer/Xcode/DerivedData/ModuleCache.noindex/Session.modulevalidation -fmodules-validate-once-per-build-session -Wnon-modular-include-in-framework-module -Werror\=non-modular-include-in-framework-module -Wno-trigraphs -Wno-missing-field-initializers -Wno-missing-prototypes -Wno-return-type -Wno-non-virtual-dtor -Wno-overloaded-virtual -Wno-exit-time-destructors -Wno-missing-braces -Wparentheses -Wswitch -Wno-unused-function -Wno-unused-label -Wno-unused-parameter -Wno-unused-variable -Wunused-value -Wno-empty-body -Wno-uninitialized -Wno-unknown-pragmas -Wno-shadow -Wno-four-char-constants -Wno-conversion -Wno-constant-conversion -Wno-int-conversion -Wno-bool-conversion -Wno-enum-conversion -Wno-float-conversion -Wno-non-literal-null-conversion -Wno-objc-literal-conversion -Wshorten-64-to-32 -Wno-newline-eof -Wno-c++11-extensions -Wno-implicit-fallthrough -isysroot /Applications/Xcode.app/Contents/Developer/Platforms/MacOSX.platform/Developer/SDKs/MacOSX27.0.sdk -fstrict-aliasing -Wdeprecated-declarations -Winvalid-offsetof -Wno-sign-conversion -Wno-infinite-recursion -Wno-move -Wno-comma -Wno-block-capture-autoreleasing -Wno-strict-prototypes -Wno-range-loop-analysis -Wno-semicolon-before-method-body -index-store-path /Users/buddhirajgautam/Library/Developer/Xcode/DerivedData/Telegram-Mac-fygdgghdgmuleoelvxabfmqiotta/Index.noindex/DataStore @/Users/buddhirajgautam/Library/Developer/Xcode/DerivedData/Telegram-Mac-fygdgghdgmuleoelvxabfmqiotta/Build/Intermediates.noindex/TgVoipWebrtc.build/Debug/TgVoipWebrtc-t.build/Objects-normal/arm64/82b82416624d2658e5098eb0a28c15c5-common-args.resp -MMD -MT dependencies -MF /Users/buddhirajgautam/Library/Developer/Xcode/DerivedData/Telegram-Mac-fygdgghdgmuleoelvxabfmqiotta/Build/Intermediates.noindex/TgVoipWebrtc.build/Debug/TgVoipWebrtc-t.build/Objects-normal/arm64/SctpDataChannelProviderInterfaceImpl.d --serialize-diagnostics /Users/buddhirajgautam/Library/Developer/Xcode/DerivedData/Telegram-Mac-fygdgghdgmuleoelvxabfmqiotta/Build/Intermediates.noindex/TgVoipWebrtc.build/Debug/TgVoipWebrtc-t.build/Objects-normal/arm64/SctpDataChannelProviderInterfaceImpl.dia -c /Users/buddhirajgautam/Documents/Cherrygram-Mac/macOS-Swift/submodules/tgcalls/tgcalls/SctpDataChannelProviderInterfaceImpl.cpp -o /Users/buddhirajgautam/Library/Developer/Xcode/DerivedData/Telegram-Mac-fygdgghdgmuleoelvxabfmqiotta/Build/Intermediates.noindex/TgVoipWebrtc.build/Debug/TgVoipWebrtc-t.build/Objects-normal/arm64/SctpDataChannelProviderInterfaceImpl.o -index-unit-output-path /TgVoipWebrtc.build/Debug/TgVoipWebrtc-t.build/Objects-normal/arm64/SctpDataChannelProviderInterfaceImpl.o
In file included from /Users/buddhirajgautam/Documents/Cherrygram-Mac/macOS-Swift/submodules/tgcalls/tgcalls/SctpDataChannelProviderInterfaceImpl.cpp:1:
In file included from /Users/buddhirajgautam/Documents/Cherrygram-Mac/macOS-Swift/submodules/tgcalls/tgcalls/SctpDataChannelProviderInterfaceImpl.h:4:
In file included from /Users/buddhirajgautam/Documents/Cherrygram-Mac/macOS-Swift/submodules/tgcalls/SharedHeaders/webrtc/rtc_base/weak_ptr.h:18:
In file included from /Users/buddhirajgautam/Documents/Cherrygram-Mac/macOS-Swift/submodules/tgcalls/SharedHeaders/webrtc/api/sequence_checker.h:13:
In file included from /Users/buddhirajgautam/Documents/Cherrygram-Mac/macOS-Swift/submodules/tgcalls/SharedHeaders/webrtc/rtc_base/checks.h:57:
/Users/buddhirajgautam/Documents/Cherrygram-Mac/macOS-Swift/submodules/tgcalls/SharedHeaders/webrtc/third_party/abseil-cpp/absl/meta/type_traits.h:511:36: warning: builtin __is_trivially_relocatable is deprecated; use __builtin_is_cpp_trivially_relocatable instead [-Wdeprecated-builtins]
  511 |     : std::integral_constant<bool, __is_trivially_relocatable(T)> {};
      |                                    ^
In file included from /Users/buddhirajgautam/Documents/Cherrygram-Mac/macOS-Swift/submodules/tgcalls/tgcalls/SctpDataChannelProviderInterfaceImpl.cpp:1:
In file included from /Users/buddhirajgautam/Documents/Cherrygram-Mac/macOS-Swift/submodules/tgcalls/tgcalls/SctpDataChannelProviderInterfaceImpl.h:7:
In file included from /Users/buddhirajgautam/Documents/Cherrygram-Mac/macOS-Swift/submodules/tgcalls/SharedHeaders/webrtc/pc/sctp_data_channel.h:29:
In file included from /Users/buddhirajgautam/Documents/Cherrygram-Mac/macOS-Swift/submodules/tgcalls/SharedHeaders/webrtc/pc/sctp_utils.h:20:
/Users/buddhirajgautam/Documents/Cherrygram-Mac/macOS-Swift/submodules/tgcalls/SharedHeaders/webrtc/net/dcsctp/public/types.h:47:64: warning: implicit conversion loses integer precision: 'long long' to 'const UnderlyingType' (aka 'const int') [-Wshorten-64-to-32]
   47 |             v.IsInfinite() ? InfiniteDuration() : DurationMs(v.ms())) {}
      |                                                   ~~~~~~~~~~ ~~^~~~
/Users/buddhirajgautam/Documents/Cherrygram-Mac/macOS-Swift/submodules/tgcalls/SharedHeaders/webrtc/net/dcsctp/public/types.h:122:26: warning: implicit conversion loses integer precision: 'UnderlyingType' (aka 'long long') to 'const UnderlyingType' (aka 'const int') [-Wshorten-64-to-32]
  122 |   return DurationMs(*lhs - *rhs);
      |          ~~~~~~~~~~ ~~~~~^~~~~~
In file included from /Users/buddhirajgautam/Documents/Cherrygram-Mac/macOS-Swift/submodules/tgcalls/tgcalls/SctpDataChannelProviderInterfaceImpl.cpp:1:
In file included from /Users/buddhirajgautam/Documents/Cherrygram-Mac/macOS-Swift/submodules/tgcalls/tgcalls/SctpDataChannelProviderInterfaceImpl.h:4:
In file included from /Users/buddhirajgautam/Documents/Cherrygram-Mac/macOS-Swift/submodules/tgcalls/SharedHeaders/webrtc/rtc_base/weak_ptr.h:18:
In file included from /Users/buddhirajgautam/Documents/Cherrygram-Mac/macOS-Swift/submodules/tgcalls/SharedHeaders/webrtc/api/sequence_checker.h:13:
In file included from /Users/buddhirajgautam/Documents/Cherrygram-Mac/macOS-Swift/submodules/tgcalls/SharedHeaders/webrtc/rtc_base/checks.h:57:
/Users/buddhirajgautam/Documents/Cherrygram-Mac/macOS-Swift/submodules/tgcalls/SharedHeaders/webrtc/third_party/abseil-cpp/absl/meta/type_traits.h:511:36: warning: builtin __is_trivially_relocatable is deprecated; use __builtin_is_cpp_trivially_relocatable instead [-Wdeprecated-builtins]
  511 |     : std::integral_constant<bool, __is_trivially_relocatable(T)> {};
      |                                    ^
In file included from /Users/buddhirajgautam/Documents/Cherrygram-Mac/macOS-Swift/submodules/tgcalls/tgcalls/SctpDataChannelProviderInterfaceImpl.cpp:1:
In file included from /Users/buddhirajgautam/Documents/Cherrygram-Mac/macOS-Swift/submodules/tgcalls/tgcalls/SctpDataChannelProviderInterfaceImpl.h:7:
In file included from /Users/buddhirajgautam/Documents/Cherrygram-Mac/macOS-Swift/submodules/tgcalls/SharedHeaders/webrtc/pc/sctp_data_channel.h:28:
In file included from /Users/buddhirajgautam/Documents/Cherrygram-Mac/macOS-Swift/submodules/tgcalls/SharedHeaders/webrtc/pc/data_channel_utils.h:23:
In file included from /Users/buddhirajgautam/Documents/Cherrygram-Mac/macOS-Swift/submodules/tgcalls/SharedHeaders/webrtc/media/base/media_engine.h:18:
In file included from /Users/buddhirajgautam/Documents/Cherrygram-Mac/macOS-Swift/submodules/tgcalls/SharedHeaders/webrtc/api/audio_codecs/audio_decoder_factory.h:20:
In file included from /Users/buddhirajgautam/Documents/Cherrygram-Mac/macOS-Swift/submodules/tgcalls/SharedHeaders/webrtc/api/audio_codecs/audio_format.h:20:
In file included from /Users/buddhirajgautam/Documents/Cherrygram-Mac/macOS-Swift/submodules/tgcalls/SharedHeaders/webrtc/api/rtp_parameters.h:20:
In file included from /Users/buddhirajgautam/Documents/Cherrygram-Mac/macOS-Swift/submodules/tgcalls/SharedHeaders/webrtc/third_party/abseil-cpp/absl/container/inlined_vector.h:53:
/Users/buddhirajgautam/Documents/Cherrygram-Mac/macOS-Swift/submodules/tgcalls/SharedHeaders/webrtc/third_party/abseil-cpp/absl/container/internal/inlined_vector.h:522:22: note: in instantiation of template class 'absl::is_trivially_relocatable<webrtc::DecodeTargetIndication>' requested here
  522 |                absl::is_trivially_relocatable<V>::value ||
      |                      ^
In file included from /Users/buddhirajgautam/Documents/Cherrygram-Mac/macOS-Swift/submodules/tgcalls/tgcalls/SctpDataChannelProviderInterfaceImpl.cpp:1:
In file included from /Users/buddhirajgautam/Documents/Cherrygram-Mac/macOS-Swift/submodules/tgcalls/tgcalls/SctpDataChannelProviderInterfaceImpl.h:4:
In file included from /Users/buddhirajgautam/Documents/Cherrygram-Mac/macOS-Swift/submodules/tgcalls/SharedHeaders/webrtc/rtc_base/weak_ptr.h:18:
In file included from /Users/buddhirajgautam/Documents/Cherrygram-Mac/macOS-Swift/submodules/tgcalls/SharedHeaders/webrtc/api/sequence_checker.h:13:
In file included from /Users/buddhirajgautam/Documents/Cherrygram-Mac/macOS-Swift/submodules/tgcalls/SharedHeaders/webrtc/rtc_base/checks.h:58:
In file included from /Users/buddhirajgautam/Documents/Cherrygram-Mac/macOS-Swift/submodules/tgcalls/SharedHeaders/webrtc/third_party/abseil-cpp/absl/strings/string_view.h:43:
/Users/buddhirajgautam/Documents/Cherrygram-Mac/macOS-Swift/submodules/tgcalls/SharedHeaders/webrtc/third_party/abseil-cpp/absl/base/macros.h:128:49: note: expanded from macro 'ABSL_HARDENING_ASSERT'
  128 | #define ABSL_HARDENING_ASSERT(expr) ABSL_ASSERT(expr)
      |                                                 ^
/Users/buddhirajgautam/Documents/Cherrygram-Mac/macOS-Swift/submodules/tgcalls/SharedHeaders/webrtc/third_party/abseil-cpp/absl/base/macros.h:95:30: note: expanded from macro 'ABSL_ASSERT'
   95 |   (false ? static_cast<void>(expr) : static_cast<void>(0))
      |                              ^
In file included from /Users/buddhirajgautam/Documents/Cherrygram-Mac/macOS-Swift/submodules/tgcalls/tgcalls/SctpDataChannelProviderInterfaceImpl.cpp:1:
In file included from /Users/buddhirajgautam/Documents/Cherrygram-Mac/macOS-Swift/submodules/tgcalls/tgcalls/SctpDataChannelProviderInterfaceImpl.h:7:
In file included from /Users/buddhirajgautam/Documents/Cherrygram-Mac/macOS-Swift/submodules/tgcalls/SharedHeaders/webrtc/pc/sctp_data_channel.h:28:
In file included from /Users/buddhirajgautam/Documents/Cherrygram-Mac/macOS-Swift/submodules/tgcalls/SharedHeaders/webrtc/pc/data_channel_utils.h:23:
In file included from /Users/buddhirajgautam/Documents/Cherrygram-Mac/macOS-Swift/submodules/tgcalls/SharedHeaders/webrtc/media/base/media_engine.h:18:
In file included from /Users/buddhirajgautam/Documents/Cherrygram-Mac/macOS-Swift/submodules/tgcalls/SharedHeaders/webrtc/api/audio_codecs/audio_decoder_factory.h:20:
In file included from /Users/buddhirajgautam/Documents/Cherrygram-Mac/macOS-Swift/submodules/tgcalls/SharedHeaders/webrtc/api/audio_codecs/audio_format.h:20:
In file included from /Users/buddhirajgautam/Documents/Cherrygram-Mac/macOS-Swift/submodules/tgcalls/SharedHeaders/webrtc/api/rtp_parameters.h:20:
/Users/buddhirajgautam/Documents/Cherrygram-Mac/macOS-Swift/submodules/tgcalls/SharedHeaders/webrtc/third_party/abseil-cpp/absl/container/inlined_vector.h:856:14: note: in instantiation of member function 'absl::inlined_vector_internal::Storage<webrtc::DecodeTargetIndication, 10, std::allocator<webrtc::DecodeTargetIndication>>::MemcpyFrom' requested here
  856 |     storage_.MemcpyFrom(other.storage_);
      |              ^
/Users/buddhirajgautam/Documents/Cherrygram-Mac/macOS-Swift/submodules/tgcalls/SharedHeaders/webrtc/third_party/abseil-cpp/absl/container/inlined_vector.h:548:7: note: in instantiation of member function 'absl::InlinedVector<webrtc::DecodeTargetIndication, 10>::MoveAssignment' requested here
  548 |       MoveAssignment(MoveAssignmentPolicy{}, std::move(other));
      |       ^
In file included from /Users/buddhirajgautam/Documents/Cherrygram-Mac/macOS-Swift/submodules/tgcalls/tgcalls/SctpDataChannelProviderInterfaceImpl.cpp:1:
In file included from /Users/buddhirajgautam/Documents/Cherrygram-Mac/macOS-Swift/submodules/tgcalls/tgcalls/SctpDataChannelProviderInterfaceImpl.h:7:
In file included from /Users/buddhirajgautam/Documents/Cherrygram-Mac/macOS-Swift/submodules/tgcalls/SharedHeaders/webrtc/pc/sctp_data_channel.h:28:
In file included from /Users/buddhirajgautam/Documents/Cherrygram-Mac/macOS-Swift/submodules/tgcalls/SharedHeaders/webrtc/pc/data_channel_utils.h:23:
In file included from /Users/buddhirajgautam/Documents/Cherrygram-Mac/macOS-Swift/submodules/tgcalls/SharedHeaders/webrtc/media/base/media_engine.h:26:
In file included from /Users/buddhirajgautam/Documents/Cherrygram-Mac/macOS-Swift/submodules/tgcalls/SharedHeaders/webrtc/media/base/media_channel.h:27:
In file included from /Users/buddhirajgautam/Documents/Cherrygram-Mac/macOS-Swift/submodules/tgcalls/SharedHeaders/webrtc/api/frame_transformer_interface.h:19:
In file included from /Users/buddhirajgautam/Documents/Cherrygram-Mac/macOS-Swift/submodules/tgcalls/SharedHeaders/webrtc/api/video/encoded_frame.h:21:
In file included from /Users/buddhirajgautam/Documents/Cherrygram-Mac/macOS-Swift/submodules/tgcalls/SharedHeaders/webrtc/modules/rtp_rtcp/source/rtp_video_header.h:20:
/Users/buddhirajgautam/Documents/Cherrygram-Mac/macOS-Swift/submodules/tgcalls/SharedHeaders/webrtc/api/transport/rtp/dependency_descriptor.h:133:35: note: in instantiation of member function 'absl::InlinedVector<webrtc::DecodeTargetIndication, 10>::operator=' requested here
  133 |   this->decode_target_indications =
      |                                   ^
In file included from /Users/buddhirajgautam/Documents/Cherrygram-Mac/macOS-Swift/submodules/tgcalls/tgcalls/SctpDataChannelProviderInterfaceImpl.cpp:1:
In file included from /Users/buddhirajgautam/Documents/Cherrygram-Mac/macOS-Swift/submodules/tgcalls/tgcalls/SctpDataChannelProviderInterfaceImpl.h:4:
In file included from /Users/buddhirajgautam/Documents/Cherrygram-Mac/macOS-Swift/submodules/tgcalls/SharedHeaders/webrtc/rtc_base/weak_ptr.h:18:
In file included from /Users/buddhirajgautam/Documents/Cherrygram-Mac/macOS-Swift/submodules/tgcalls/SharedHeaders/webrtc/api/sequence_checker.h:13:
In file included from /Users/buddhirajgautam/Documents/Cherrygram-Mac/macOS-Swift/submodules/tgcalls/SharedHeaders/webrtc/rtc_base/checks.h:57:
/Users/buddhirajgautam/Documents/Cherrygram-Mac/macOS-Swift/submodules/tgcalls/SharedHeaders/webrtc/third_party/abseil-cpp/absl/meta/type_traits.h:511:36: warning: builtin __is_trivially_relocatable is deprecated; use __builtin_is_cpp_trivially_relocatable instead [-Wdeprecated-builtins]
  511 |     : std::integral_constant<bool, __is_trivially_relocatable(T)> {};
      |                                    ^
In file included from /Users/buddhirajgautam/Documents/Cherrygram-Mac/macOS-Swift/submodules/tgcalls/tgcalls/SctpDataChannelProviderInterfaceImpl.cpp:1:
In file included from /Users/buddhirajgautam/Documents/Cherrygram-Mac/macOS-Swift/submodules/tgcalls/tgcalls/SctpDataChannelProviderInterfaceImpl.h:7:
In file included from /Users/buddhirajgautam/Documents/Cherrygram-Mac/macOS-Swift/submodules/tgcalls/SharedHeaders/webrtc/pc/sctp_data_channel.h:28:
In file included from /Users/buddhirajgautam/Documents/Cherrygram-Mac/macOS-Swift/submodules/tgcalls/SharedHeaders/webrtc/pc/data_channel_utils.h:23:
In file included from /Users/buddhirajgautam/Documents/Cherrygram-Mac/macOS-Swift/submodules/tgcalls/SharedHeaders/webrtc/media/base/media_engine.h:18:
In file included from /Users/buddhirajgautam/Documents/Cherrygram-Mac/macOS-Swift/submodules/tgcalls/SharedHeaders/webrtc/api/audio_codecs/audio_decoder_factory.h:20:
In file included from /Users/buddhirajgautam/Documents/Cherrygram-Mac/macOS-Swift/submodules/tgcalls/SharedHeaders/webrtc/api/audio_codecs/audio_format.h:20:
In file included from /Users/buddhirajgautam/Documents/Cherrygram-Mac/macOS-Swift/submodules/tgcalls/SharedHeaders/webrtc/api/rtp_parameters.h:20:
In file included from /Users/buddhirajgautam/Documents/Cherrygram-Mac/macOS-Swift/submodules/tgcalls/SharedHeaders/webrtc/third_party/abseil-cpp/absl/container/inlined_vector.h:53:
/Users/buddhirajgautam/Documents/Cherrygram-Mac/macOS-Swift/submodules/tgcalls/SharedHeaders/webrtc/third_party/abseil-cpp/absl/container/internal/inlined_vector.h:522:22: note: in instantiation of template class 'absl::is_trivially_relocatable<int>' requested here
  522 |                absl::is_trivially_relocatable<V>::value ||
      |                      ^
In file included from /Users/buddhirajgautam/Documents/Cherrygram-Mac/macOS-Swift/submodules/tgcalls/tgcalls/SctpDataChannelProviderInterfaceImpl.cpp:1:
In file included from /Users/buddhirajgautam/Documents/Cherrygram-Mac/macOS-Swift/submodules/tgcalls/tgcalls/SctpDataChannelProviderInterfaceImpl.h:4:
In file included from /Users/buddhirajgautam/Documents/Cherrygram-Mac/macOS-Swift/submodules/tgcalls/SharedHeaders/webrtc/rtc_base/weak_ptr.h:18:
In file included from /Users/buddhirajgautam/Documents/Cherrygram-Mac/macOS-Swift/submodules/tgcalls/SharedHeaders/webrtc/api/sequence_checker.h:13:
In file included from /Users/buddhirajgautam/Documents/Cherrygram-Mac/macOS-Swift/submodules/tgcalls/SharedHeaders/webrtc/rtc_base/checks.h:58:
In file included from /Users/buddhirajgautam/Documents/Cherrygram-Mac/macOS-Swift/submodules/tgcalls/SharedHeaders/webrtc/third_party/abseil-cpp/absl/strings/string_view.h:43:
/Users/buddhirajgautam/Documents/Cherrygram-Mac/macOS-Swift/submodules/tgcalls/SharedHeaders/webrtc/third_party/abseil-cpp/absl/base/macros.h:128:49: note: expanded from macro 'ABSL_HARDENING_ASSERT'
  128 | #define ABSL_HARDENING_ASSERT(expr) ABSL_ASSERT(expr)
      |                                                 ^
/Users/buddhirajgautam/Documents/Cherrygram-Mac/macOS-Swift/submodules/tgcalls/SharedHeaders/webrtc/third_party/abseil-cpp/absl/base/macros.h:95:30: note: expanded from macro 'ABSL_ASSERT'
   95 |   (false ? static_cast<void>(expr) : static_cast<void>(0))
      |                              ^
In file included from /Users/buddhirajgautam/Documents/Cherrygram-Mac/macOS-Swift/submodules/tgcalls/tgcalls/SctpDataChannelProviderInterfaceImpl.cpp:1:
In file included from /Users/buddhirajgautam/Documents/Cherrygram-Mac/macOS-Swift/submodules/tgcalls/tgcalls/SctpDataChannelProviderInterfaceImpl.h:7:
In file included from /Users/buddhirajgautam/Documents/Cherrygram-Mac/macOS-Swift/submodules/tgcalls/SharedHeaders/webrtc/pc/sctp_data_channel.h:28:
In file included from /Users/buddhirajgautam/Documents/Cherrygram-Mac/macOS-Swift/submodules/tgcalls/SharedHeaders/webrtc/pc/data_channel_utils.h:23:
In file included from /Users/buddhirajgautam/Documents/Cherrygram-Mac/macOS-Swift/submodules/tgcalls/SharedHeaders/webrtc/media/base/media_engine.h:18:
In file included from /Users/buddhirajgautam/Documents/Cherrygram-Mac/macOS-Swift/submodules/tgcalls/SharedHeaders/webrtc/api/audio_codecs/audio_decoder_factory.h:20:
In file included from /Users/buddhirajgautam/Documents/Cherrygram-Mac/macOS-Swift/submodules/tgcalls/SharedHeaders/webrtc/api/audio_codecs/audio_format.h:20:
In file included from /Users/buddhirajgautam/Documents/Cherrygram-Mac/macOS-Swift/submodules/tgcalls/SharedHeaders/webrtc/api/rtp_parameters.h:20:
/Users/buddhirajgautam/Documents/Cherrygram-Mac/macOS-Swift/submodules/tgcalls/SharedHeaders/webrtc/third_party/abseil-cpp/absl/container/inlined_vector.h:195:16: note: in instantiation of member function 'absl::inlined_vector_internal::Storage<int, 4, std::allocator<int>>::MemcpyFrom' requested here
  195 |       storage_.MemcpyFrom(other.storage_);
      |                ^
/Users/buddhirajgautam/Documents/Cherrygram-Mac/macOS-Swift/submodules/tgcalls/SharedHeaders/webrtc/third_party/abseil-cpp/absl/container/inlined_vector.h:177:9: note: in instantiation of member function 'absl::InlinedVector<int, 4>::InlinedVector' requested here
  177 |       : InlinedVector(other, other.storage_.GetAllocator()) {}
      |         ^
In file included from /Users/buddhirajgautam/Documents/Cherrygram-Mac/macOS-Swift/submodules/tgcalls/tgcalls/SctpDataChannelProviderInterfaceImpl.cpp:1:
In file included from /Users/buddhirajgautam/Documents/Cherrygram-Mac/macOS-Swift/submodules/tgcalls/tgcalls/SctpDataChannelProviderInterfaceImpl.h:7:
In file included from /Users/buddhirajgautam/Documents/Cherrygram-Mac/macOS-Swift/submodules/tgcalls/SharedHeaders/webrtc/pc/sctp_data_channel.h:28:
In file included from /Users/buddhirajgautam/Documents/Cherrygram-Mac/macOS-Swift/submodules/tgcalls/SharedHeaders/webrtc/pc/data_channel_utils.h:23:
In file included from /Users/buddhirajgautam/Documents/Cherrygram-Mac/macOS-Swift/submodules/tgcalls/SharedHeaders/webrtc/media/base/media_engine.h:26:
In file included from /Users/buddhirajgautam/Documents/Cherrygram-Mac/macOS-Swift/submodules/tgcalls/SharedHeaders/webrtc/media/base/media_channel.h:27:
In file included from /Users/buddhirajgautam/Documents/Cherrygram-Mac/macOS-Swift/submodules/tgcalls/SharedHeaders/webrtc/api/frame_transformer_interface.h:19:
In file included from /Users/buddhirajgautam/Documents/Cherrygram-Mac/macOS-Swift/submodules/tgcalls/SharedHeaders/webrtc/api/video/encoded_frame.h:21:
In file included from /Users/buddhirajgautam/Documents/Cherrygram-Mac/macOS-Swift/submodules/tgcalls/SharedHeaders/webrtc/modules/rtp_rtcp/source/rtp_video_header.h:20:
/Users/buddhirajgautam/Documents/Cherrygram-Mac/macOS-Swift/submodules/tgcalls/SharedHeaders/webrtc/api/transport/rtp/dependency_descriptor.h:37:8: note: in instantiation of member function 'absl::InlinedVector<int, 4>::InlinedVector' requested here
   37 | struct FrameDependencyTemplate {
      |        ^
In file included from /Users/buddhirajgautam/Documents/Cherrygram-Mac/macOS-Swift/submodules/tgcalls/tgcalls/SctpDataChannelProviderInterfaceImpl.cpp:1:
In file included from /Users/buddhirajgautam/Documents/Cherrygram-Mac/macOS-Swift/submodules/tgcalls/tgcalls/SctpDataChannelProviderInterfaceImpl.h:4:
In file included from /Users/buddhirajgautam/Documents/Cherrygram-Mac/macOS-Swift/submodules/tgcalls/SharedHeaders/webrtc/rtc_base/weak_ptr.h:18:
In file included from /Users/buddhirajgautam/Documents/Cherrygram-Mac/macOS-Swift/submodules/tgcalls/SharedHeaders/webrtc/api/sequence_checker.h:13:
In file included from /Users/buddhirajgautam/Documents/Cherrygram-Mac/macOS-Swift/submodules/tgcalls/SharedHeaders/webrtc/rtc_base/checks.h:57:
/Users/buddhirajgautam/Documents/Cherrygram-Mac/macOS-Swift/submodules/tgcalls/SharedHeaders/webrtc/third_party/abseil-cpp/absl/meta/type_traits.h:511:36: warning: builtin __is_trivially_relocatable is deprecated; use __builtin_is_cpp_trivially_relocatable instead [-Wdeprecated-builtins]
  511 |     : std::integral_constant<bool, __is_trivially_relocatable(T)> {};
      |                                    ^
In file included from /Users/buddhirajgautam/Documents/Cherrygram-Mac/macOS-Swift/submodules/tgcalls/tgcalls/SctpDataChannelProviderInterfaceImpl.cpp:1:
In file included from /Users/buddhirajgautam/Documents/Cherrygram-Mac/macOS-Swift/submodules/tgcalls/tgcalls/SctpDataChannelProviderInterfaceImpl.h:7:
In file included from /Users/buddhirajgautam/Documents/Cherrygram-Mac/macOS-Swift/submodules/tgcalls/SharedHeaders/webrtc/pc/sctp_data_channel.h:28:
In file included from /Users/buddhirajgautam/Documents/Cherrygram-Mac/macOS-Swift/submodules/tgcalls/SharedHeaders/webrtc/pc/data_channel_utils.h:23:
In file included from /Users/buddhirajgautam/Documents/Cherrygram-Mac/macOS-Swift/submodules/tgcalls/SharedHeaders/webrtc/media/base/media_engine.h:18:
In file included from /Users/buddhirajgautam/Documents/Cherrygram-Mac/macOS-Swift/submodules/tgcalls/SharedHeaders/webrtc/api/audio_codecs/audio_decoder_factory.h:20:
In file included from /Users/buddhirajgautam/Documents/Cherrygram-Mac/macOS-Swift/submodules/tgcalls/SharedHeaders/webrtc/api/audio_codecs/audio_format.h:20:
In file included from /Users/buddhirajgautam/Documents/Cherrygram-Mac/macOS-Swift/submodules/tgcalls/SharedHeaders/webrtc/api/rtp_parameters.h:20:
In file included from /Users/buddhirajgautam/Documents/Cherrygram-Mac/macOS-Swift/submodules/tgcalls/SharedHeaders/webrtc/third_party/abseil-cpp/absl/container/inlined_vector.h:53:
/Users/buddhirajgautam/Documents/Cherrygram-Mac/macOS-Swift/submodules/tgcalls/SharedHeaders/webrtc/third_party/abseil-cpp/absl/container/internal/inlined_vector.h:522:22: note: in instantiation of template class 'absl::is_trivially_relocatable<webrtc::RenderResolution>' requested here
  522 |                absl::is_trivially_relocatable<V>::value ||
      |                      ^
In file included from /Users/buddhirajgautam/Documents/Cherrygram-Mac/macOS-Swift/submodules/tgcalls/tgcalls/SctpDataChannelProviderInterfaceImpl.cpp:1:
In file included from /Users/buddhirajgautam/Documents/Cherrygram-Mac/macOS-Swift/submodules/tgcalls/tgcalls/SctpDataChannelProviderInterfaceImpl.h:4:
In file included from /Users/buddhirajgautam/Documents/Cherrygram-Mac/macOS-Swift/submodules/tgcalls/SharedHeaders/webrtc/rtc_base/weak_ptr.h:18:
In file included from /Users/buddhirajgautam/Documents/Cherrygram-Mac/macOS-Swift/submodules/tgcalls/SharedHeaders/webrtc/api/sequence_checker.h:13:
In file included from /Users/buddhirajgautam/Documents/Cherrygram-Mac/macOS-Swift/submodules/tgcalls/SharedHeaders/webrtc/rtc_base/checks.h:58:
In file included from /Users/buddhirajgautam/Documents/Cherrygram-Mac/macOS-Swift/submodules/tgcalls/SharedHeaders/webrtc/third_party/abseil-cpp/absl/strings/string_view.h:43:
/Users/buddhirajgautam/Documents/Cherrygram-Mac/macOS-Swift/submodules/tgcalls/SharedHeaders/webrtc/third_party/abseil-cpp/absl/base/macros.h:128:49: note: expanded from macro 'ABSL_HARDENING_ASSERT'
  128 | #define ABSL_HARDENING_ASSERT(expr) ABSL_ASSERT(expr)
      |                                                 ^
/Users/buddhirajgautam/Documents/Cherrygram-Mac/macOS-Swift/submodules/tgcalls/SharedHeaders/webrtc/third_party/abseil-cpp/absl/base/macros.h:95:30: note: expanded from macro 'ABSL_ASSERT'
   95 |   (false ? static_cast<void>(expr) : static_cast<void>(0))
      |                              ^
In file included from /Users/buddhirajgautam/Documents/Cherrygram-Mac/macOS-Swift/submodules/tgcalls/tgcalls/SctpDataChannelProviderInterfaceImpl.cpp:1:
In file included from /Users/buddhirajgautam/Documents/Cherrygram-Mac/macOS-Swift/submodules/tgcalls/tgcalls/SctpDataChannelProviderInterfaceImpl.h:7:
In file included from /Users/buddhirajgautam/Documents/Cherrygram-Mac/macOS-Swift/submodules/tgcalls/SharedHeaders/webrtc/pc/sctp_data_channel.h:28:
In file included from /Users/buddhirajgautam/Documents/Cherrygram-Mac/macOS-Swift/submodules/tgcalls/SharedHeaders/webrtc/pc/data_channel_utils.h:23:
In file included from /Users/buddhirajgautam/Documents/Cherrygram-Mac/macOS-Swift/submodules/tgcalls/SharedHeaders/webrtc/media/base/media_engine.h:18:
In file included from /Users/buddhirajgautam/Documents/Cherrygram-Mac/macOS-Swift/submodules/tgcalls/SharedHeaders/webrtc/api/audio_codecs/audio_decoder_factory.h:20:
In file included from /Users/buddhirajgautam/Documents/Cherrygram-Mac/macOS-Swift/submodules/tgcalls/SharedHeaders/webrtc/api/audio_codecs/audio_format.h:20:
In file included from /Users/buddhirajgautam/Documents/Cherrygram-Mac/macOS-Swift/submodules/tgcalls/SharedHeaders/webrtc/api/rtp_parameters.h:20:
/Users/buddhirajgautam/Documents/Cherrygram-Mac/macOS-Swift/submodules/tgcalls/SharedHeaders/webrtc/third_party/abseil-cpp/absl/container/inlined_vector.h:195:16: note: in instantiation of member function 'absl::inlined_vector_internal::Storage<webrtc::RenderResolution, 4, std::allocator<webrtc::RenderResolution>>::MemcpyFrom' requested here
  195 |       storage_.MemcpyFrom(other.storage_);
      |                ^
/Users/buddhirajgautam/Documents/Cherrygram-Mac/macOS-Swift/submodules/tgcalls/SharedHeaders/webrtc/third_party/abseil-cpp/absl/container/inlined_vector.h:177:9: note: in instantiation of member function 'absl::InlinedVector<webrtc::RenderResolution, 4>::InlinedVector' requested here
  177 |       : InlinedVector(other, other.storage_.GetAllocator()) {}
      |         ^
In file included from /Users/buddhirajgautam/Documents/Cherrygram-Mac/macOS-Swift/submodules/tgcalls/tgcalls/SctpDataChannelProviderInterfaceImpl.cpp:1:
In file included from /Users/buddhirajgautam/Documents/Cherrygram-Mac/macOS-Swift/submodules/tgcalls/tgcalls/SctpDataChannelProviderInterfaceImpl.h:7:
In file included from /Users/buddhirajgautam/Documents/Cherrygram-Mac/macOS-Swift/submodules/tgcalls/SharedHeaders/webrtc/pc/sctp_data_channel.h:28:
In file included from /Users/buddhirajgautam/Documents/Cherrygram-Mac/macOS-Swift/submodules/tgcalls/SharedHeaders/webrtc/pc/data_channel_utils.h:23:
In file included from /Users/buddhirajgautam/Documents/Cherrygram-Mac/macOS-Swift/submodules/tgcalls/SharedHeaders/webrtc/media/base/media_engine.h:26:
In file included from /Users/buddhirajgautam/Documents/Cherrygram-Mac/macOS-Swift/submodules/tgcalls/SharedHeaders/webrtc/media/base/media_channel.h:27:
In file included from /Users/buddhirajgautam/Documents/Cherrygram-Mac/macOS-Swift/submodules/tgcalls/SharedHeaders/webrtc/api/frame_transformer_interface.h:19:
In file included from /Users/buddhirajgautam/Documents/Cherrygram-Mac/macOS-Swift/submodules/tgcalls/SharedHeaders/webrtc/api/video/encoded_frame.h:21:
In file included from /Users/buddhirajgautam/Documents/Cherrygram-Mac/macOS-Swift/submodules/tgcalls/SharedHeaders/webrtc/modules/rtp_rtcp/source/rtp_video_header.h:20:
/Users/buddhirajgautam/Documents/Cherrygram-Mac/macOS-Swift/submodules/tgcalls/SharedHeaders/webrtc/api/transport/rtp/dependency_descriptor.h:61:8: note: in instantiation of member function 'absl::InlinedVector<webrtc::RenderResolution, 4>::InlinedVector' requested here
   61 | struct FrameDependencyStructure {
      |        ^
6 warnings generated.

CompileC /Users/buddhirajgautam/Library/Developer/Xcode/DerivedData/Telegram-Mac-fygdgghdgmuleoelvxabfmqiotta/Build/Intermediates.noindex/TgVoipWebrtc.build/Debug/TgVoipWebrtc-t.build/Objects-normal/arm64/ReflectorRelayPortFactory.o /Users/buddhirajgautam/Documents/Cherrygram-Mac/macOS-Swift/submodules/tgcalls/tgcalls/v2/ReflectorRelayPortFactory.cpp normal arm64 c++ com.apple.compilers.llvm.clang.1_0.compiler (in target 'TgVoipWebrtc' from project 'TgVoipWebrtc')
    cd /Users/buddhirajgautam/Documents/Cherrygram-Mac/macOS-Swift
    
    Using response file: /Users/buddhirajgautam/Library/Developer/Xcode/DerivedData/Telegram-Mac-fygdgghdgmuleoelvxabfmqiotta/Build/Intermediates.noindex/TgVoipWebrtc.build/Debug/TgVoipWebrtc-t.build/Objects-normal/arm64/82b82416624d2658e5098eb0a28c15c5-common-args.resp
    
    /Applications/Xcode.app/Contents/Developer/Toolchains/XcodeDefault.xctoolchain/usr/bin/clang -x c++ -ivfsstatcache /Users/buddhirajgautam/Library/Developer/Xcode/DerivedData/SDKStatCaches.noindex/macosx27.0-26A425-e829b21a6f8c9b70876ba0858053c0447231f6df4def33e022ae2eb8f782df1a.sdkstatcache -target arm64-apple-macos12.0 -fmessage-length\=0 -fdiagnostics-show-note-include-stack -fmacro-backtrace-limit\=0 -fno-color-diagnostics -fmodules-prune-interval\=86400 -fmodules-prune-after\=345600 -fbuild-session-file\=/Users/buddhirajgautam/Library/Developer/Xcode/DerivedData/ModuleCache.noindex/Session.modulevalidation -fmodules-validate-once-per-build-session -Wnon-modular-include-in-framework-module -Werror\=non-modular-include-in-framework-module -Wno-trigraphs -Wno-missing-field-initializers -Wno-missing-prototypes -Wno-return-type -Wno-non-virtual-dtor -Wno-overloaded-virtual -Wno-exit-time-destructors -Wno-missing-braces -Wparentheses -Wswitch -Wno-unused-function -Wno-unused-label -Wno-unused-parameter -Wno-unused-variable -Wunused-value -Wno-empty-body -Wno-uninitialized -Wno-unknown-pragmas -Wno-shadow -Wno-four-char-constants -Wno-conversion -Wno-constant-conversion -Wno-int-conversion -Wno-bool-conversion -Wno-enum-conversion -Wno-float-conversion -Wno-non-literal-null-conversion -Wno-objc-literal-conversion -Wshorten-64-to-32 -Wno-newline-eof -Wno-c++11-extensions -Wno-implicit-fallthrough -isysroot /Applications/Xcode.app/Contents/Developer/Platforms/MacOSX.platform/Developer/SDKs/MacOSX27.0.sdk -fstrict-aliasing -Wdeprecated-declarations -Winvalid-offsetof -Wno-sign-conversion -Wno-infinite-recursion -Wno-move -Wno-comma -Wno-block-capture-autoreleasing -Wno-strict-prototypes -Wno-range-loop-analysis -Wno-semicolon-before-method-body -index-store-path /Users/buddhirajgautam/Library/Developer/Xcode/DerivedData/Telegram-Mac-fygdgghdgmuleoelvxabfmqiotta/Index.noindex/DataStore @/Users/buddhirajgautam/Library/Developer/Xcode/DerivedData/Telegram-Mac-fygdgghdgmuleoelvxabfmqiotta/Build/Intermediates.noindex/TgVoipWebrtc.build/Debug/TgVoipWebrtc-t.build/Objects-normal/arm64/82b82416624d2658e5098eb0a28c15c5-common-args.resp -MMD -MT dependencies -MF /Users/buddhirajgautam/Library/Developer/Xcode/DerivedData/Telegram-Mac-fygdgghdgmuleoelvxabfmqiotta/Build/Intermediates.noindex/TgVoipWebrtc.build/Debug/TgVoipWebrtc-t.build/Objects-normal/arm64/ReflectorRelayPortFactory.d --serialize-diagnostics /Users/buddhirajgautam/Library/Developer/Xcode/DerivedData/Telegram-Mac-fygdgghdgmuleoelvxabfmqiotta/Build/Intermediates.noindex/TgVoipWebrtc.build/Debug/TgVoipWebrtc-t.build/Objects-normal/arm64/ReflectorRelayPortFactory.dia -c /Users/buddhirajgautam/Documents/Cherrygram-Mac/macOS-Swift/submodules/tgcalls/tgcalls/v2/ReflectorRelayPortFactory.cpp -o /Users/buddhirajgautam/Library/Developer/Xcode/DerivedData/Telegram-Mac-fygdgghdgmuleoelvxabfmqiotta/Build/Intermediates.noindex/TgVoipWebrtc.build/Debug/TgVoipWebrtc-t.build/Objects-normal/arm64/ReflectorRelayPortFactory.o -index-unit-output-path /TgVoipWebrtc.build/Debug/TgVoipWebrtc-t.build/Objects-normal/arm64/ReflectorRelayPortFactory.o
In file included from /Users/buddhirajgautam/Documents/Cherrygram-Mac/macOS-Swift/submodules/tgcalls/tgcalls/v2/ReflectorRelayPortFactory.cpp:1:
In file included from /Users/buddhirajgautam/Documents/Cherrygram-Mac/macOS-Swift/submodules/tgcalls/tgcalls/v2/ReflectorRelayPortFactory.h:4:
In file included from /Users/buddhirajgautam/Documents/Cherrygram-Mac/macOS-Swift/submodules/tgcalls/SharedHeaders/webrtc/p2p/client/relay_port_factory_interface.h:17:
In file included from /Users/buddhirajgautam/Documents/Cherrygram-Mac/macOS-Swift/submodules/tgcalls/SharedHeaders/webrtc/p2p/base/port_interface.h:19:
In file included from /Users/buddhirajgautam/Documents/Cherrygram-Mac/macOS-Swift/submodules/tgcalls/SharedHeaders/webrtc/third_party/abseil-cpp/absl/strings/string_view.h:40:
In file included from /Users/buddhirajgautam/Documents/Cherrygram-Mac/macOS-Swift/submodules/tgcalls/SharedHeaders/webrtc/third_party/abseil-cpp/absl/base/nullability.h:153:
In file included from /Users/buddhirajgautam/Documents/Cherrygram-Mac/macOS-Swift/submodules/tgcalls/SharedHeaders/webrtc/third_party/abseil-cpp/absl/base/internal/nullability_impl.h:22:
/Users/buddhirajgautam/Documents/Cherrygram-Mac/macOS-Swift/submodules/tgcalls/SharedHeaders/webrtc/third_party/abseil-cpp/absl/meta/type_traits.h:511:36: warning: builtin __is_trivially_relocatable is deprecated; use __builtin_is_cpp_trivially_relocatable instead [-Wdeprecated-builtins]
  511 |     : std::integral_constant<bool, __is_trivially_relocatable(T)> {};
      |                                    ^
1 warning generated.

CompileC /Users/buddhirajgautam/Library/Developer/Xcode/DerivedData/Telegram-Mac-fygdgghdgmuleoelvxabfmqiotta/Build/Intermediates.noindex/TgVoipWebrtc.build/Debug/TgVoipWebrtc-t.build/Objects-normal/arm64/ReflectorPort.o /Users/buddhirajgautam/Documents/Cherrygram-Mac/macOS-Swift/submodules/tgcalls/tgcalls/v2/ReflectorPort.cpp normal arm64 c++ com.apple.compilers.llvm.clang.1_0.compiler (in target 'TgVoipWebrtc' from project 'TgVoipWebrtc')
    cd /Users/buddhirajgautam/Documents/Cherrygram-Mac/macOS-Swift
    
    Using response file: /Users/buddhirajgautam/Library/Developer/Xcode/DerivedData/Telegram-Mac-fygdgghdgmuleoelvxabfmqiotta/Build/Intermediates.noindex/TgVoipWebrtc.build/Debug/TgVoipWebrtc-t.build/Objects-normal/arm64/82b82416624d2658e5098eb0a28c15c5-common-args.resp
    
    /Applications/Xcode.app/Contents/Developer/Toolchains/XcodeDefault.xctoolchain/usr/bin/clang -x c++ -ivfsstatcache /Users/buddhirajgautam/Library/Developer/Xcode/DerivedData/SDKStatCaches.noindex/macosx27.0-26A425-e829b21a6f8c9b70876ba0858053c0447231f6df4def33e022ae2eb8f782df1a.sdkstatcache -target arm64-apple-macos12.0 -fmessage-length\=0 -fdiagnostics-show-note-include-stack -fmacro-backtrace-limit\=0 -fno-color-diagnostics -fmodules-prune-interval\=86400 -fmodules-prune-after\=345600 -fbuild-session-file\=/Users/buddhirajgautam/Library/Developer/Xcode/DerivedData/ModuleCache.noindex/Session.modulevalidation -fmodules-validate-once-per-build-session -Wnon-modular-include-in-framework-module -Werror\=non-modular-include-in-framework-module -Wno-trigraphs -Wno-missing-field-initializers -Wno-missing-prototypes -Wno-return-type -Wno-non-virtual-dtor -Wno-overloaded-virtual -Wno-exit-time-destructors -Wno-missing-braces -Wparentheses -Wswitch -Wno-unused-function -Wno-unused-label -Wno-unused-parameter -Wno-unused-variable -Wunused-value -Wno-empty-body -Wno-uninitialized -Wno-unknown-pragmas -Wno-shadow -Wno-four-char-constants -Wno-conversion -Wno-constant-conversion -Wno-int-conversion -Wno-bool-conversion -Wno-enum-conversion -Wno-float-conversion -Wno-non-literal-null-conversion -Wno-objc-literal-conversion -Wshorten-64-to-32 -Wno-newline-eof -Wno-c++11-extensions -Wno-implicit-fallthrough -isysroot /Applications/Xcode.app/Contents/Developer/Platforms/MacOSX.platform/Developer/SDKs/MacOSX27.0.sdk -fstrict-aliasing -Wdeprecated-declarations -Winvalid-offsetof -Wno-sign-conversion -Wno-infinite-recursion -Wno-move -Wno-comma -Wno-block-capture-autoreleasing -Wno-strict-prototypes -Wno-range-loop-analysis -Wno-semicolon-before-method-body -index-store-path /Users/buddhirajgautam/Library/Developer/Xcode/DerivedData/Telegram-Mac-fygdgghdgmuleoelvxabfmqiotta/Index.noindex/DataStore @/Users/buddhirajgautam/Library/Developer/Xcode/DerivedData/Telegram-Mac-fygdgghdgmuleoelvxabfmqiotta/Build/Intermediates.noindex/TgVoipWebrtc.build/Debug/TgVoipWebrtc-t.build/Objects-normal/arm64/82b82416624d2658e5098eb0a28c15c5-common-args.resp -MMD -MT dependencies -MF /Users/buddhirajgautam/Library/Developer/Xcode/DerivedData/Telegram-Mac-fygdgghdgmuleoelvxabfmqiotta/Build/Intermediates.noindex/TgVoipWebrtc.build/Debug/TgVoipWebrtc-t.build/Objects-normal/arm64/ReflectorPort.d --serialize-diagnostics /Users/buddhirajgautam/Library/Developer/Xcode/DerivedData/Telegram-Mac-fygdgghdgmuleoelvxabfmqiotta/Build/Intermediates.noindex/TgVoipWebrtc.build/Debug/TgVoipWebrtc-t.build/Objects-normal/arm64/ReflectorPort.dia -c /Users/buddhirajgautam/Documents/Cherrygram-Mac/macOS-Swift/submodules/tgcalls/tgcalls/v2/ReflectorPort.cpp -o /Users/buddhirajgautam/Library/Developer/Xcode/DerivedData/Telegram-Mac-fygdgghdgmuleoelvxabfmqiotta/Build/Intermediates.noindex/TgVoipWebrtc.build/Debug/TgVoipWebrtc-t.build/Objects-normal/arm64/ReflectorPort.o -index-unit-output-path /TgVoipWebrtc.build/Debug/TgVoipWebrtc-t.build/Objects-normal/arm64/ReflectorPort.o
In file included from /Users/buddhirajgautam/Documents/Cherrygram-Mac/macOS-Swift/submodules/tgcalls/tgcalls/v2/ReflectorPort.cpp:1:
In file included from /Users/buddhirajgautam/Documents/Cherrygram-Mac/macOS-Swift/submodules/tgcalls/tgcalls/v2/ReflectorPort.h:13:
In file included from /Users/buddhirajgautam/Documents/Cherrygram-Mac/macOS-Swift/submodules/tgcalls/SharedHeaders/webrtc/third_party/abseil-cpp/absl/memory/memory.h:34:
/Users/buddhirajgautam/Documents/Cherrygram-Mac/macOS-Swift/submodules/tgcalls/SharedHeaders/webrtc/third_party/abseil-cpp/absl/meta/type_traits.h:511:36: warning: builtin __is_trivially_relocatable is deprecated; use __builtin_is_cpp_trivially_relocatable instead [-Wdeprecated-builtins]
  511 |     : std::integral_constant<bool, __is_trivially_relocatable(T)> {};
      |                                    ^
1 warning generated.

CompileC /Users/buddhirajgautam/Library/Developer/Xcode/DerivedData/Telegram-Mac-fygdgghdgmuleoelvxabfmqiotta/Build/Intermediates.noindex/TgVoipWebrtc.build/Debug/TgVoipWebrtc-t.build/Objects-normal/arm64/RawTcpSocket.o /Users/buddhirajgautam/Documents/Cherrygram-Mac/macOS-Swift/submodules/tgcalls/tgcalls/v2/RawTcpSocket.cpp normal arm64 c++ com.apple.compilers.llvm.clang.1_0.compiler (in target 'TgVoipWebrtc' from project 'TgVoipWebrtc')
    cd /Users/buddhirajgautam/Documents/Cherrygram-Mac/macOS-Swift
    
    Using response file: /Users/buddhirajgautam/Library/Developer/Xcode/DerivedData/Telegram-Mac-fygdgghdgmuleoelvxabfmqiotta/Build/Intermediates.noindex/TgVoipWebrtc.build/Debug/TgVoipWebrtc-t.build/Objects-normal/arm64/82b82416624d2658e5098eb0a28c15c5-common-args.resp
    
    /Applications/Xcode.app/Contents/Developer/Toolchains/XcodeDefault.xctoolchain/usr/bin/clang -x c++ -ivfsstatcache /Users/buddhirajgautam/Library/Developer/Xcode/DerivedData/SDKStatCaches.noindex/macosx27.0-26A425-e829b21a6f8c9b70876ba0858053c0447231f6df4def33e022ae2eb8f782df1a.sdkstatcache -target arm64-apple-macos12.0 -fmessage-length\=0 -fdiagnostics-show-note-include-stack -fmacro-backtrace-limit\=0 -fno-color-diagnostics -fmodules-prune-interval\=86400 -fmodules-prune-after\=345600 -fbuild-session-file\=/Users/buddhirajgautam/Library/Developer/Xcode/DerivedData/ModuleCache.noindex/Session.modulevalidation -fmodules-validate-once-per-build-session -Wnon-modular-include-in-framework-module -Werror\=non-modular-include-in-framework-module -Wno-trigraphs -Wno-missing-field-initializers -Wno-missing-prototypes -Wno-return-type -Wno-non-virtual-dtor -Wno-overloaded-virtual -Wno-exit-time-destructors -Wno-missing-braces -Wparentheses -Wswitch -Wno-unused-function -Wno-unused-label -Wno-unused-parameter -Wno-unused-variable -Wunused-value -Wno-empty-body -Wno-uninitialized -Wno-unknown-pragmas -Wno-shadow -Wno-four-char-constants -Wno-conversion -Wno-constant-conversion -Wno-int-conversion -Wno-bool-conversion -Wno-enum-conversion -Wno-float-conversion -Wno-non-literal-null-conversion -Wno-objc-literal-conversion -Wshorten-64-to-32 -Wno-newline-eof -Wno-c++11-extensions -Wno-implicit-fallthrough -isysroot /Applications/Xcode.app/Contents/Developer/Platforms/MacOSX.platform/Developer/SDKs/MacOSX27.0.sdk -fstrict-aliasing -Wdeprecated-declarations -Winvalid-offsetof -Wno-sign-conversion -Wno-infinite-recursion -Wno-move -Wno-comma -Wno-block-capture-autoreleasing -Wno-strict-prototypes -Wno-range-loop-analysis -Wno-semicolon-before-method-body -index-store-path /Users/buddhirajgautam/Library/Developer/Xcode/DerivedData/Telegram-Mac-fygdgghdgmuleoelvxabfmqiotta/Index.noindex/DataStore @/Users/buddhirajgautam/Library/Developer/Xcode/DerivedData/Telegram-Mac-fygdgghdgmuleoelvxabfmqiotta/Build/Intermediates.noindex/TgVoipWebrtc.build/Debug/TgVoipWebrtc-t.build/Objects-normal/arm64/82b82416624d2658e5098eb0a28c15c5-common-args.resp -MMD -MT dependencies -MF /Users/buddhirajgautam/Library/Developer/Xcode/DerivedData/Telegram-Mac-fygdgghdgmuleoelvxabfmqiotta/Build/Intermediates.noindex/TgVoipWebrtc.build/Debug/TgVoipWebrtc-t.build/Objects-normal/arm64/RawTcpSocket.d --serialize-diagnostics /Users/buddhirajgautam/Library/Developer/Xcode/DerivedData/Telegram-Mac-fygdgghdgmuleoelvxabfmqiotta/Build/Intermediates.noindex/TgVoipWebrtc.build/Debug/TgVoipWebrtc-t.build/Objects-normal/arm64/RawTcpSocket.dia -c /Users/buddhirajgautam/Documents/Cherrygram-Mac/macOS-Swift/submodules/tgcalls/tgcalls/v2/RawTcpSocket.cpp -o /Users/buddhirajgautam/Library/Developer/Xcode/DerivedData/Telegram-Mac-fygdgghdgmuleoelvxabfmqiotta/Build/Intermediates.noindex/TgVoipWebrtc.build/Debug/TgVoipWebrtc-t.build/Objects-normal/arm64/RawTcpSocket.o -index-unit-output-path /TgVoipWebrtc.build/Debug/TgVoipWebrtc-t.build/Objects-normal/arm64/RawTcpSocket.o
In file included from /Users/buddhirajgautam/Documents/Cherrygram-Mac/macOS-Swift/submodules/tgcalls/tgcalls/v2/RawTcpSocket.cpp:11:
In file included from /Users/buddhirajgautam/Documents/Cherrygram-Mac/macOS-Swift/submodules/tgcalls/tgcalls/v2/RawTcpSocket.h:19:
In file included from /Users/buddhirajgautam/Documents/Cherrygram-Mac/macOS-Swift/submodules/tgcalls/SharedHeaders/webrtc/api/array_view.h:19:
In file included from /Users/buddhirajgautam/Documents/Cherrygram-Mac/macOS-Swift/submodules/tgcalls/SharedHeaders/webrtc/rtc_base/checks.h:57:
/Users/buddhirajgautam/Documents/Cherrygram-Mac/macOS-Swift/submodules/tgcalls/SharedHeaders/webrtc/third_party/abseil-cpp/absl/meta/type_traits.h:511:36: warning: builtin __is_trivially_relocatable is deprecated; use __builtin_is_cpp_trivially_relocatable instead [-Wdeprecated-builtins]
  511 |     : std::integral_constant<bool, __is_trivially_relocatable(T)> {};
      |                                    ^
1 warning generated.

CompileC /Users/buddhirajgautam/Library/Developer/Xcode/DerivedData/Telegram-Mac-fygdgghdgmuleoelvxabfmqiotta/Build/Intermediates.noindex/TgVoipWebrtc.build/Debug/TgVoipWebrtc-t.build/Objects-normal/arm64/RTCH265ProfileLevelId.o /Users/buddhirajgautam/Documents/Cherrygram-Mac/macOS-Swift/submodules/tgcalls/tgcalls/platform/darwin/RTCH265ProfileLevelId.mm normal arm64 objective-c++ com.apple.compilers.llvm.clang.1_0.compiler (in target 'TgVoipWebrtc' from project 'TgVoipWebrtc')
    cd /Users/buddhirajgautam/Documents/Cherrygram-Mac/macOS-Swift
    
    Using response file: /Users/buddhirajgautam/Library/Developer/Xcode/DerivedData/Telegram-Mac-fygdgghdgmuleoelvxabfmqiotta/Build/Intermediates.noindex/TgVoipWebrtc.build/Debug/TgVoipWebrtc-t.build/Objects-normal/arm64/af3fcb34312c57c0f52879cdce924b91-common-args.resp
    
    /Applications/Xcode.app/Contents/Developer/Toolchains/XcodeDefault.xctoolchain/usr/bin/clang -x objective-c++ -ivfsstatcache /Users/buddhirajgautam/Library/Developer/Xcode/DerivedData/SDKStatCaches.noindex/macosx27.0-26A425-e829b21a6f8c9b70876ba0858053c0447231f6df4def33e022ae2eb8f782df1a.sdkstatcache -target arm64-apple-macos12.0 -fmessage-length\=0 -fdiagnostics-show-note-include-stack -fmacro-backtrace-limit\=0 -fno-color-diagnostics -fmodules-prune-interval\=86400 -fmodules-prune-after\=345600 -fbuild-session-file\=/Users/buddhirajgautam/Library/Developer/Xcode/DerivedData/ModuleCache.noindex/Session.modulevalidation -fmodules-validate-once-per-build-session -Wnon-modular-include-in-framework-module -Werror\=non-modular-include-in-framework-module -Wno-trigraphs -Wno-missing-field-initializers -Wno-missing-prototypes -Wno-return-type -Wno-implicit-atomic-properties -Wno-objc-interface-ivars -Wno-arc-repeated-use-of-weak -Wno-non-virtual-dtor -Wno-overloaded-virtual -Wno-exit-time-destructors -Wno-missing-braces -Wparentheses -Wswitch -Wno-unused-function -Wno-unused-label -Wno-unused-parameter -Wno-unused-variable -Wunused-value -Wno-empty-body -Wno-uninitialized -Wno-unknown-pragmas -Wno-shadow -Wno-four-char-constants -Wno-conversion -Wno-constant-conversion -Wno-int-conversion -Wno-bool-conversion -Wno-enum-conversion -Wno-float-conversion -Wno-non-literal-null-conversion -Wno-objc-literal-conversion -Wshorten-64-to-32 -Wno-newline-eof -Wno-selector -Wno-strict-selector-match -Wno-undeclared-selector -Wno-deprecated-implementations -Wno-c++11-extensions -Wno-implicit-fallthrough -isysroot /Applications/Xcode.app/Contents/Developer/Platforms/MacOSX.platform/Developer/SDKs/MacOSX27.0.sdk -fstrict-aliasing -Wprotocol -Wdeprecated-declarations -Winvalid-offsetof -Wno-sign-conversion -Wno-infinite-recursion -Wno-move -Wno-comma -Wno-block-capture-autoreleasing -Wno-strict-prototypes -Wno-range-loop-analysis -Wno-semicolon-before-method-body -index-store-path /Users/buddhirajgautam/Library/Developer/Xcode/DerivedData/Telegram-Mac-fygdgghdgmuleoelvxabfmqiotta/Index.noindex/DataStore @/Users/buddhirajgautam/Library/Developer/Xcode/DerivedData/Telegram-Mac-fygdgghdgmuleoelvxabfmqiotta/Build/Intermediates.noindex/TgVoipWebrtc.build/Debug/TgVoipWebrtc-t.build/Objects-normal/arm64/af3fcb34312c57c0f52879cdce924b91-common-args.resp -MMD -MT dependencies -MF /Users/buddhirajgautam/Library/Developer/Xcode/DerivedData/Telegram-Mac-fygdgghdgmuleoelvxabfmqiotta/Build/Intermediates.noindex/TgVoipWebrtc.build/Debug/TgVoipWebrtc-t.build/Objects-normal/arm64/RTCH265ProfileLevelId.d --serialize-diagnostics /Users/buddhirajgautam/Library/Developer/Xcode/DerivedData/Telegram-Mac-fygdgghdgmuleoelvxabfmqiotta/Build/Intermediates.noindex/TgVoipWebrtc.build/Debug/TgVoipWebrtc-t.build/Objects-normal/arm64/RTCH265ProfileLevelId.dia -c /Users/buddhirajgautam/Documents/Cherrygram-Mac/macOS-Swift/submodules/tgcalls/tgcalls/platform/darwin/RTCH265ProfileLevelId.mm -o /Users/buddhirajgautam/Library/Developer/Xcode/DerivedData/Telegram-Mac-fygdgghdgmuleoelvxabfmqiotta/Build/Intermediates.noindex/TgVoipWebrtc.build/Debug/TgVoipWebrtc-t.build/Objects-normal/arm64/RTCH265ProfileLevelId.o -index-unit-output-path /TgVoipWebrtc.build/Debug/TgVoipWebrtc-t.build/Objects-normal/arm64/RTCH265ProfileLevelId.o

CompileC /Users/buddhirajgautam/Library/Developer/Xcode/DerivedData/Telegram-Mac-fygdgghdgmuleoelvxabfmqiotta/Build/Intermediates.noindex/TgVoipWebrtc.build/Debug/TgVoipWebrtc-t.build/Objects-normal/arm64/RTCCodecSpecificInfoH265.o /Users/buddhirajgautam/Documents/Cherrygram-Mac/macOS-Swift/submodules/tgcalls/tgcalls/platform/darwin/RTCCodecSpecificInfoH265.mm normal arm64 objective-c++ com.apple.compilers.llvm.clang.1_0.compiler (in target 'TgVoipWebrtc' from project 'TgVoipWebrtc')
    cd /Users/buddhirajgautam/Documents/Cherrygram-Mac/macOS-Swift
    
    Using response file: /Users/buddhirajgautam/Library/Developer/Xcode/DerivedData/Telegram-Mac-fygdgghdgmuleoelvxabfmqiotta/Build/Intermediates.noindex/TgVoipWebrtc.build/Debug/TgVoipWebrtc-t.build/Objects-normal/arm64/af3fcb34312c57c0f52879cdce924b91-common-args.resp
    
    /Applications/Xcode.app/Contents/Developer/Toolchains/XcodeDefault.xctoolchain/usr/bin/clang -x objective-c++ -ivfsstatcache /Users/buddhirajgautam/Library/Developer/Xcode/DerivedData/SDKStatCaches.noindex/macosx27.0-26A425-e829b21a6f8c9b70876ba0858053c0447231f6df4def33e022ae2eb8f782df1a.sdkstatcache -target arm64-apple-macos12.0 -fmessage-length\=0 -fdiagnostics-show-note-include-stack -fmacro-backtrace-limit\=0 -fno-color-diagnostics -fmodules-prune-interval\=86400 -fmodules-prune-after\=345600 -fbuild-session-file\=/Users/buddhirajgautam/Library/Developer/Xcode/DerivedData/ModuleCache.noindex/Session.modulevalidation -fmodules-validate-once-per-build-session -Wnon-modular-include-in-framework-module -Werror\=non-modular-include-in-framework-module -Wno-trigraphs -Wno-missing-field-initializers -Wno-missing-prototypes -Wno-return-type -Wno-implicit-atomic-properties -Wno-objc-interface-ivars -Wno-arc-repeated-use-of-weak -Wno-non-virtual-dtor -Wno-overloaded-virtual -Wno-exit-time-destructors -Wno-missing-braces -Wparentheses -Wswitch -Wno-unused-function -Wno-unused-label -Wno-unused-parameter -Wno-unused-variable -Wunused-value -Wno-empty-body -Wno-uninitialized -Wno-unknown-pragmas -Wno-shadow -Wno-four-char-constants -Wno-conversion -Wno-constant-conversion -Wno-int-conversion -Wno-bool-conversion -Wno-enum-conversion -Wno-float-conversion -Wno-non-literal-null-conversion -Wno-objc-literal-conversion -Wshorten-64-to-32 -Wno-newline-eof -Wno-selector -Wno-strict-selector-match -Wno-undeclared-selector -Wno-deprecated-implementations -Wno-c++11-extensions -Wno-implicit-fallthrough -isysroot /Applications/Xcode.app/Contents/Developer/Platforms/MacOSX.platform/Developer/SDKs/MacOSX27.0.sdk -fstrict-aliasing -Wprotocol -Wdeprecated-declarations -Winvalid-offsetof -Wno-sign-conversion -Wno-infinite-recursion -Wno-move -Wno-comma -Wno-block-capture-autoreleasing -Wno-strict-prototypes -Wno-range-loop-analysis -Wno-semicolon-before-method-body -index-store-path /Users/buddhirajgautam/Library/Developer/Xcode/DerivedData/Telegram-Mac-fygdgghdgmuleoelvxabfmqiotta/Index.noindex/DataStore @/Users/buddhirajgautam/Library/Developer/Xcode/DerivedData/Telegram-Mac-fygdgghdgmuleoelvxabfmqiotta/Build/Intermediates.noindex/TgVoipWebrtc.build/Debug/TgVoipWebrtc-t.build/Objects-normal/arm64/af3fcb34312c57c0f52879cdce924b91-common-args.resp -MMD -MT dependencies -MF /Users/buddhirajgautam/Library/Developer/Xcode/DerivedData/Telegram-Mac-fygdgghdgmuleoelvxabfmqiotta/Build/Intermediates.noindex/TgVoipWebrtc.build/Debug/TgVoipWebrtc-t.build/Objects-normal/arm64/RTCCodecSpecificInfoH265.d --serialize-diagnostics /Users/buddhirajgautam/Library/Developer/Xcode/DerivedData/Telegram-Mac-fygdgghdgmuleoelvxabfmqiotta/Build/Intermediates.noindex/TgVoipWebrtc.build/Debug/TgVoipWebrtc-t.build/Objects-normal/arm64/RTCCodecSpecificInfoH265.dia -c /Users/buddhirajgautam/Documents/Cherrygram-Mac/macOS-Swift/submodules/tgcalls/tgcalls/platform/darwin/RTCCodecSpecificInfoH265.mm -o /Users/buddhirajgautam/Library/Developer/Xcode/DerivedData/Telegram-Mac-fygdgghdgmuleoelvxabfmqiotta/Build/Intermediates.noindex/TgVoipWebrtc.build/Debug/TgVoipWebrtc-t.build/Objects-normal/arm64/RTCCodecSpecificInfoH265.o -index-unit-output-path /TgVoipWebrtc.build/Debug/TgVoipWebrtc-t.build/Objects-normal/arm64/RTCCodecSpecificInfoH265.o
In file included from /Users/buddhirajgautam/Documents/Cherrygram-Mac/macOS-Swift/submodules/tgcalls/tgcalls/platform/darwin/RTCCodecSpecificInfoH265.mm:12:
In file included from /Users/buddhirajgautam/Documents/Cherrygram-Mac/macOS-Swift/submodules/tgcalls/tgcalls/platform/darwin/RTCCodecSpecificInfoH265+Private.h:14:
In file included from /Users/buddhirajgautam/Documents/Cherrygram-Mac/macOS-Swift/submodules/tgcalls/SharedHeaders/webrtc/modules/video_coding/include/video_codec_interface.h:16:
In file included from /Users/buddhirajgautam/Documents/Cherrygram-Mac/macOS-Swift/submodules/tgcalls/SharedHeaders/webrtc/third_party/abseil-cpp/absl/types/optional.h:39:
In file included from /Users/buddhirajgautam/Documents/Cherrygram-Mac/macOS-Swift/submodules/tgcalls/SharedHeaders/webrtc/third_party/abseil-cpp/absl/utility/utility.h:45:
/Users/buddhirajgautam/Documents/Cherrygram-Mac/macOS-Swift/submodules/tgcalls/SharedHeaders/webrtc/third_party/abseil-cpp/absl/meta/type_traits.h:511:36: warning: builtin __is_trivially_relocatable is deprecated; use __builtin_is_cpp_trivially_relocatable instead [-Wdeprecated-builtins]
  511 |     : std::integral_constant<bool, __is_trivially_relocatable(T)> {};
      |                                    ^
/Users/buddhirajgautam/Documents/Cherrygram-Mac/macOS-Swift/submodules/tgcalls/SharedHeaders/webrtc/third_party/abseil-cpp/absl/meta/type_traits.h:511:36: warning: builtin __is_trivially_relocatable is deprecated; use __builtin_is_cpp_trivially_relocatable instead [-Wdeprecated-builtins]
In file included from /Users/buddhirajgautam/Documents/Cherrygram-Mac/macOS-Swift/submodules/tgcalls/tgcalls/platform/darwin/RTCCodecSpecificInfoH265.mm:12:
In file included from /Users/buddhirajgautam/Documents/Cherrygram-Mac/macOS-Swift/submodules/tgcalls/tgcalls/platform/darwin/RTCCodecSpecificInfoH265+Private.h:14:
In file included from /Users/buddhirajgautam/Documents/Cherrygram-Mac/macOS-Swift/submodules/tgcalls/SharedHeaders/webrtc/modules/video_coding/include/video_codec_interface.h:20:
In file included from /Users/buddhirajgautam/Documents/Cherrygram-Mac/macOS-Swift/submodules/tgcalls/SharedHeaders/webrtc/api/video_codecs/video_encoder.h:19:
In file included from /Users/buddhirajgautam/Documents/Cherrygram-Mac/macOS-Swift/submodules/tgcalls/SharedHeaders/webrtc/third_party/abseil-cpp/absl/container/inlined_vector.h:53:
/Users/buddhirajgautam/Documents/Cherrygram-Mac/macOS-Swift/submodules/tgcalls/SharedHeaders/webrtc/third_party/abseil-cpp/absl/container/internal/inlined_vector.h:522:22: note: in instantiation of template class 'absl::is_trivially_relocatable<webrtc::DecodeTargetIndication>' requested here
  522 |                absl::is_trivially_relocatable<V>::value ||
      |                      ^
In file included from /Users/buddhirajgautam/Documents/Cherrygram-Mac/macOS-Swift/submodules/tgcalls/tgcalls/platform/darwin/RTCCodecSpecificInfoH265.mm:12:
In file included from /Users/buddhirajgautam/Documents/Cherrygram-Mac/macOS-Swift/submodules/tgcalls/tgcalls/platform/darwin/RTCCodecSpecificInfoH265+Private.h:14:
In file included from /Users/buddhirajgautam/Documents/Cherrygram-Mac/macOS-Swift/submodules/tgcalls/SharedHeaders/webrtc/modules/video_coding/include/video_codec_interface.h:17:
In file included from /Users/buddhirajgautam/Documents/Cherrygram-Mac/macOS-Swift/submodules/tgcalls/SharedHeaders/webrtc/api/video/video_frame.h:19:
In file included from /Users/buddhirajgautam/Documents/Cherrygram-Mac/macOS-Swift/submodules/tgcalls/SharedHeaders/webrtc/api/rtp_packet_infos.h:20:
In file included from /Users/buddhirajgautam/Documents/Cherrygram-Mac/macOS-Swift/submodules/tgcalls/SharedHeaders/webrtc/api/rtp_packet_info.h:19:
In file included from /Users/buddhirajgautam/Documents/Cherrygram-Mac/macOS-Swift/submodules/tgcalls/SharedHeaders/webrtc/api/rtp_headers.h:20:
In file included from /Users/buddhirajgautam/Documents/Cherrygram-Mac/macOS-Swift/submodules/tgcalls/SharedHeaders/webrtc/api/array_view.h:19:
In file included from /Users/buddhirajgautam/Documents/Cherrygram-Mac/macOS-Swift/submodules/tgcalls/SharedHeaders/webrtc/rtc_base/checks.h:58:
In file included from /Users/buddhirajgautam/Documents/Cherrygram-Mac/macOS-Swift/submodules/tgcalls/SharedHeaders/webrtc/third_party/abseil-cpp/absl/strings/string_view.h:43:
/Users/buddhirajgautam/Documents/Cherrygram-Mac/macOS-Swift/submodules/tgcalls/SharedHeaders/webrtc/third_party/abseil-cpp/absl/base/macros.h:128:49: note: expanded from macro 'ABSL_HARDENING_ASSERT'
  128 | #define ABSL_HARDENING_ASSERT(expr) ABSL_ASSERT(expr)
      |                                                 ^
/Users/buddhirajgautam/Documents/Cherrygram-Mac/macOS-Swift/submodules/tgcalls/SharedHeaders/webrtc/third_party/abseil-cpp/absl/base/macros.h:95:30: note: expanded from macro 'ABSL_ASSERT'
   95 |   (false ? static_cast<void>(expr) : static_cast<void>(0))
      |                              ^
In file included from /Users/buddhirajgautam/Documents/Cherrygram-Mac/macOS-Swift/submodules/tgcalls/tgcalls/platform/darwin/RTCCodecSpecificInfoH265.mm:12:
In file included from /Users/buddhirajgautam/Documents/Cherrygram-Mac/macOS-Swift/submodules/tgcalls/tgcalls/platform/darwin/RTCCodecSpecificInfoH265+Private.h:14:
In file included from /Users/buddhirajgautam/Documents/Cherrygram-Mac/macOS-Swift/submodules/tgcalls/SharedHeaders/webrtc/modules/video_coding/include/video_codec_interface.h:20:
In file included from /Users/buddhirajgautam/Documents/Cherrygram-Mac/macOS-Swift/submodules/tgcalls/SharedHeaders/webrtc/api/video_codecs/video_encoder.h:19:
/Users/buddhirajgautam/Documents/Cherrygram-Mac/macOS-Swift/submodules/tgcalls/SharedHeaders/webrtc/third_party/abseil-cpp/absl/container/inlined_vector.h:856:14: note: in instantiation of member function 'absl::inlined_vector_internal::Storage<webrtc::DecodeTargetIndication, 10, std::allocator<webrtc::DecodeTargetIndication>>::MemcpyFrom' requested here
  856 |     storage_.MemcpyFrom(other.storage_);
      |              ^
/Users/buddhirajgautam/Documents/Cherrygram-Mac/macOS-Swift/submodules/tgcalls/SharedHeaders/webrtc/third_party/abseil-cpp/absl/container/inlined_vector.h:548:7: note: in instantiation of member function 'absl::InlinedVector<webrtc::DecodeTargetIndication, 10>::MoveAssignment' requested here
  548 |       MoveAssignment(MoveAssignmentPolicy{}, std::move(other));
      |       ^
In file included from /Users/buddhirajgautam/Documents/Cherrygram-Mac/macOS-Swift/submodules/tgcalls/tgcalls/platform/darwin/RTCCodecSpecificInfoH265.mm:12:
In file included from /Users/buddhirajgautam/Documents/Cherrygram-Mac/macOS-Swift/submodules/tgcalls/tgcalls/platform/darwin/RTCCodecSpecificInfoH265+Private.h:14:
In file included from /Users/buddhirajgautam/Documents/Cherrygram-Mac/macOS-Swift/submodules/tgcalls/SharedHeaders/webrtc/modules/video_coding/include/video_codec_interface.h:21:
In file included from /Users/buddhirajgautam/Documents/Cherrygram-Mac/macOS-Swift/submodules/tgcalls/SharedHeaders/webrtc/common_video/generic_frame_descriptor/generic_frame_info.h:20:
/Users/buddhirajgautam/Documents/Cherrygram-Mac/macOS-Swift/submodules/tgcalls/SharedHeaders/webrtc/api/transport/rtp/dependency_descriptor.h:133:35: note: in instantiation of member function 'absl::InlinedVector<webrtc::DecodeTargetIndication, 10>::operator=' requested here
  133 |   this->decode_target_indications =
      |                                   ^
2 warnings generated.

CompileC /Users/buddhirajgautam/Library/Developer/Xcode/DerivedData/Telegram-Mac-fygdgghdgmuleoelvxabfmqiotta/Build/Intermediates.noindex/TgVoipWebrtc.build/Debug/TgVoipWebrtc-t.build/Objects-normal/arm64/OngoingCallThreadLocalContext.o /Users/buddhirajgautam/Documents/Cherrygram-Mac/macOS-Swift/submodules/tgcalls/macos/Sources/OngoingCallThreadLocalContext.mm normal arm64 objective-c++ com.apple.compilers.llvm.clang.1_0.compiler (in target 'TgVoipWebrtc' from project 'TgVoipWebrtc')
    cd /Users/buddhirajgautam/Documents/Cherrygram-Mac/macOS-Swift
    
    Using response file: /Users/buddhirajgautam/Library/Developer/Xcode/DerivedData/Telegram-Mac-fygdgghdgmuleoelvxabfmqiotta/Build/Intermediates.noindex/TgVoipWebrtc.build/Debug/TgVoipWebrtc-t.build/Objects-normal/arm64/af3fcb34312c57c0f52879cdce924b91-common-args.resp
    
    /Applications/Xcode.app/Contents/Developer/Toolchains/XcodeDefault.xctoolchain/usr/bin/clang -x objective-c++ -ivfsstatcache /Users/buddhirajgautam/Library/Developer/Xcode/DerivedData/SDKStatCaches.noindex/macosx27.0-26A425-e829b21a6f8c9b70876ba0858053c0447231f6df4def33e022ae2eb8f782df1a.sdkstatcache -target arm64-apple-macos12.0 -fmessage-length\=0 -fdiagnostics-show-note-include-stack -fmacro-backtrace-limit\=0 -fno-color-diagnostics -fmodules-prune-interval\=86400 -fmodules-prune-after\=345600 -fbuild-session-file\=/Users/buddhirajgautam/Library/Developer/Xcode/DerivedData/ModuleCache.noindex/Session.modulevalidation -fmodules-validate-once-per-build-session -Wnon-modular-include-in-framework-module -Werror\=non-modular-include-in-framework-module -Wno-trigraphs -Wno-missing-field-initializers -Wno-missing-prototypes -Wno-return-type -Wno-implicit-atomic-properties -Wno-objc-interface-ivars -Wno-arc-repeated-use-of-weak -Wno-non-virtual-dtor -Wno-overloaded-virtual -Wno-exit-time-destructors -Wno-missing-braces -Wparentheses -Wswitch -Wno-unused-function -Wno-unused-label -Wno-unused-parameter -Wno-unused-variable -Wunused-value -Wno-empty-body -Wno-uninitialized -Wno-unknown-pragmas -Wno-shadow -Wno-four-char-constants -Wno-conversion -Wno-constant-conversion -Wno-int-conversion -Wno-bool-conversion -Wno-enum-conversion -Wno-float-conversion -Wno-non-literal-null-conversion -Wno-objc-literal-conversion -Wshorten-64-to-32 -Wno-newline-eof -Wno-selector -Wno-strict-selector-match -Wno-undeclared-selector -Wno-deprecated-implementations -Wno-c++11-extensions -Wno-implicit-fallthrough -isysroot /Applications/Xcode.app/Contents/Developer/Platforms/MacOSX.platform/Developer/SDKs/MacOSX27.0.sdk -fstrict-aliasing -Wprotocol -Wdeprecated-declarations -Winvalid-offsetof -Wno-sign-conversion -Wno-infinite-recursion -Wno-move -Wno-comma -Wno-block-capture-autoreleasing -Wno-strict-prototypes -Wno-range-loop-analysis -Wno-semicolon-before-method-body -index-store-path /Users/buddhirajgautam/Library/Developer/Xcode/DerivedData/Telegram-Mac-fygdgghdgmuleoelvxabfmqiotta/Index.noindex/DataStore @/Users/buddhirajgautam/Library/Developer/Xcode/DerivedData/Telegram-Mac-fygdgghdgmuleoelvxabfmqiotta/Build/Intermediates.noindex/TgVoipWebrtc.build/Debug/TgVoipWebrtc-t.build/Objects-normal/arm64/af3fcb34312c57c0f52879cdce924b91-common-args.resp -MMD -MT dependencies -MF /Users/buddhirajgautam/Library/Developer/Xcode/DerivedData/Telegram-Mac-fygdgghdgmuleoelvxabfmqiotta/Build/Intermediates.noindex/TgVoipWebrtc.build/Debug/TgVoipWebrtc-t.build/Objects-normal/arm64/OngoingCallThreadLocalContext.d --serialize-diagnostics /Users/buddhirajgautam/Library/Developer/Xcode/DerivedData/Telegram-Mac-fygdgghdgmuleoelvxabfmqiotta/Build/Intermediates.noindex/TgVoipWebrtc.build/Debug/TgVoipWebrtc-t.build/Objects-normal/arm64/OngoingCallThreadLocalContext.dia -c /Users/buddhirajgautam/Documents/Cherrygram-Mac/macOS-Swift/submodules/tgcalls/macos/Sources/OngoingCallThreadLocalContext.mm -o /Users/buddhirajgautam/Library/Developer/Xcode/DerivedData/Telegram-Mac-fygdgghdgmuleoelvxabfmqiotta/Build/Intermediates.noindex/TgVoipWebrtc.build/Debug/TgVoipWebrtc-t.build/Objects-normal/arm64/OngoingCallThreadLocalContext.o -index-unit-output-path /TgVoipWebrtc.build/Debug/TgVoipWebrtc-t.build/Objects-normal/arm64/OngoingCallThreadLocalContext.o
In file included from /Users/buddhirajgautam/Documents/Cherrygram-Mac/macOS-Swift/submodules/tgcalls/macos/Sources/OngoingCallThreadLocalContext.mm:3:
In file included from /Users/buddhirajgautam/Documents/Cherrygram-Mac/macOS-Swift/submodules/tgcalls/macos/Sources/MediaUtils.h:13:
In file included from /Users/buddhirajgautam/Documents/Cherrygram-Mac/macOS-Swift/submodules/tgcalls/tgcalls/platform/darwin/VideoMetalViewMac.h:7:
In file included from /Users/buddhirajgautam/Documents/Cherrygram-Mac/macOS-Swift/submodules/tgcalls/SharedHeaders/webrtc/api/media_stream_interface.h:24:
In file included from /Users/buddhirajgautam/Documents/Cherrygram-Mac/macOS-Swift/submodules/tgcalls/SharedHeaders/webrtc/third_party/abseil-cpp/absl/types/optional.h:39:
In file included from /Users/buddhirajgautam/Documents/Cherrygram-Mac/macOS-Swift/submodules/tgcalls/SharedHeaders/webrtc/third_party/abseil-cpp/absl/utility/utility.h:45:
/Users/buddhirajgautam/Documents/Cherrygram-Mac/macOS-Swift/submodules/tgcalls/SharedHeaders/webrtc/third_party/abseil-cpp/absl/meta/type_traits.h:511:36: warning: builtin __is_trivially_relocatable is deprecated; use __builtin_is_cpp_trivially_relocatable instead [-Wdeprecated-builtins]
  511 |     : std::integral_constant<bool, __is_trivially_relocatable(T)> {};
      |                                    ^
/Users/buddhirajgautam/Documents/Cherrygram-Mac/macOS-Swift/submodules/tgcalls/macos/Sources/OngoingCallThreadLocalContext.mm:145:17: warning: category 'VideoViewImpl' does not conform to protocol 'OngoingCallThreadLocalContextWebrtcVideoView' [-Wprotocol]
  145 | @implementation VideoSampleBufferView (VideoViewImpl)
      |                 ^
/Users/buddhirajgautam/Documents/Cherrygram-Mac/macOS-Swift/submodules/tgcalls/macos/Sources/OngoingCallThreadLocalContext.mm:145:17: note: add stubs for missing protocol requirements
  145 | @implementation VideoSampleBufferView (VideoViewImpl)
      |                 ^
/Users/buddhirajgautam/Documents/Cherrygram-Mac/macOS-Swift/submodules/tgcalls/macos/Sources/OngoingCallThreadLocalContext.mm:906:24: warning: brace elision for designated initializer is a C99 extension [-Wc99-designator]
  906 |             .logPath = std::string(logPath.length == 0 ? "" : logPath.UTF8String),
      |                        ^~~~~~~~~~~~~~~~~~~~~~~~~~~~~~~~~~~~~~~~~~~~~~~~~~~~~~~~~~
      |                        {                                                         }
/Users/buddhirajgautam/Documents/Cherrygram-Mac/macOS-Swift/submodules/tgcalls/macos/Sources/OngoingCallThreadLocalContext.mm:907:29: warning: brace elision for designated initializer is a C99 extension [-Wc99-designator]
  907 |             .statsLogPath = std::string(statsLogPath.length == 0 ? "" : statsLogPath.UTF8String),
      |                             ^~~~~~~~~~~~~~~~~~~~~~~~~~~~~~~~~~~~~~~~~~~~~~~~~~~~~~~~~~~~~~~~~~~~
      |                             {                                                                   }
/Users/buddhirajgautam/Documents/Cherrygram-Mac/macOS-Swift/submodules/tgcalls/macos/Sources/OngoingCallThreadLocalContext.mm:1006:47: warning: ISO C++ requires field designators to be specified in declaration order; field 'remoteMediaStateUpdated' will be initialized after field 'remoteBatteryLevelIsLowUpdated' [-Wreorder-init-list]
 1006 |             .remoteBatteryLevelIsLowUpdated = [weakSelf, queue](bool isLow) {
      |             ~~~~~~~~~~~~~~~~~~~~~~~~~~~~~~~~~~^~~~~~~~~~~~~~~~~~~~~~~~~~~~~~~
 1007 |                 [queue dispatch:^{
      |                 ~~~~~~~~~~~~~~~~~~
 1008 |                     __strong OngoingCallThreadLocalContextWebrtc *strongSelf = weakSelf;
      |                     ~~~~~~~~~~~~~~~~~~~~~~~~~~~~~~~~~~~~~~~~~~~~~~~~~~~~~~~~~~~~~~~~~~~~
 1009 |                     if (strongSelf) {
      |                     ~~~~~~~~~~~~~~~~~
 1010 |                         OngoingCallRemoteBatteryLevelWebrtc remoteBatteryLevel;
      |                         ~~~~~~~~~~~~~~~~~~~~~~~~~~~~~~~~~~~~~~~~~~~~~~~~~~~~~~~
 1011 |                         if (isLow) {
      |                         ~~~~~~~~~~~~
 1012 |                             remoteBatteryLevel = OngoingCallRemoteBatteryLevelLow;
      |                             ~~~~~~~~~~~~~~~~~~~~~~~~~~~~~~~~~~~~~~~~~~~~~~~~~~~~~~
 1013 |                         } else {
      |                         ~~~~~~~~
 1014 |                             remoteBatteryLevel = OngoingCallRemoteBatteryLevelNormal;
      |                             ~~~~~~~~~~~~~~~~~~~~~~~~~~~~~~~~~~~~~~~~~~~~~~~~~~~~~~~~~
 1015 |                         }
      |                         ~
 1016 |                         if (strongSelf->_remoteBatteryLevel != remoteBatteryLevel) {
      |                         ~~~~~~~~~~~~~~~~~~~~~~~~~~~~~~~~~~~~~~~~~~~~~~~~~~~~~~~~~~~~
 1017 |                             strongSelf->_remoteBatteryLevel = remoteBatteryLevel;
      |                             ~~~~~~~~~~~~~~~~~~~~~~~~~~~~~~~~~~~~~~~~~~~~~~~~~~~~~
 1018 |                             if (strongSelf->_stateChanged) {
      |                             ~~~~~~~~~~~~~~~~~~~~~~~~~~~~~~~~
 1019 |                                 strongSelf->_stateChanged(strongSelf->_state, strongSelf->_videoState, strongSelf->_remoteVideoState, strongSelf->_remoteAudioState, strongSelf->_remoteBatteryLevel, strongSelf->_remotePreferredAspectRatio);
      |                                 ~~~~~~~~~~~~~~~~~~~~~~~~~~~~~~~~~~~~~~~~~~~~~~~~~~~~~~~~~~~~~~~~~~~~~~~~~~~~~~~~~~~~~~~~~~~~~~~~~~~~~~~~~~~~~~~~~~~~~~~~~~~~~~~~~~~~~~~~~~~~~~~~~~~~~~~~~~~~~~~~~~~~~~~~~~~~~~~~~~~~~~~~~~~~~~~~~~~~~~~~~~~~~~~
 1020 |                             }
      |                             ~
 1021 |                         }
      |                         ~
/Users/buddhirajgautam/Documents/Cherrygram-Mac/macOS-Swift/submodules/tgcalls/macos/Sources/OngoingCallThreadLocalContext.mm:965:40: note: previous initialization for field 'remoteMediaStateUpdated' is here
  965 |             .remoteMediaStateUpdated = [weakSelf, queue](tgcalls::AudioState audioState, tgcalls::VideoState videoState) {
      |                                        ^~~~~~~~~~~~~~~~~~~~~~~~~~~~~~~~~~~~~~~~~~~~~~~~~~~~~~~~~~~~~~~~~~~~~~~~~~~~~~~~~~~
  966 |                 [queue dispatch:^{
      |                 ~~~~~~~~~~~~~~~~~~
  967 |                     __strong OngoingCallThreadLocalContextWebrtc *strongSelf = weakSelf;
      |                     ~~~~~~~~~~~~~~~~~~~~~~~~~~~~~~~~~~~~~~~~~~~~~~~~~~~~~~~~~~~~~~~~~~~~
  968 |                     if (strongSelf) {
      |                     ~~~~~~~~~~~~~~~~~
  969 |                         OngoingCallRemoteAudioStateWebrtc remoteAudioState;
      |                         ~~~~~~~~~~~~~~~~~~~~~~~~~~~~~~~~~~~~~~~~~~~~~~~~~~~
  970 |                         OngoingCallRemoteVideoStateWebrtc remoteVideoState;
      |                         ~~~~~~~~~~~~~~~~~~~~~~~~~~~~~~~~~~~~~~~~~~~~~~~~~~~
  971 |                         switch (audioState) {
      |                         ~~~~~~~~~~~~~~~~~~~~~
  972 |                             case tgcalls::AudioState::Muted:
      |                             ~~~~~~~~~~~~~~~~~~~~~~~~~~~~~~~~
  973 |                                 remoteAudioState = OngoingCallRemoteAudioStateMuted;
      |                                 ~~~~~~~~~~~~~~~~~~~~~~~~~~~~~~~~~~~~~~~~~~~~~~~~~~~~
  974 |                                 break;
      |                                 ~~~~~~
  975 |                             case tgcalls::AudioState::Active:
      |                             ~~~~~~~~~~~~~~~~~~~~~~~~~~~~~~~~~
  976 |                                 remoteAudioState = OngoingCallRemoteAudioStateActive;
      |                                 ~~~~~~~~~~~~~~~~~~~~~~~~~~~~~~~~~~~~~~~~~~~~~~~~~~~~~
  977 |                                 break;
      |                                 ~~~~~~
  978 |                             default:
      |                             ~~~~~~~~
  979 |                                 remoteAudioState = OngoingCallRemoteAudioStateMuted;
      |                                 ~~~~~~~~~~~~~~~~~~~~~~~~~~~~~~~~~~~~~~~~~~~~~~~~~~~~
  980 |                                 break;
      |                                 ~~~~~~
/Users/buddhirajgautam/Documents/Cherrygram-Mac/macOS-Swift/submodules/tgcalls/macos/Sources/OngoingCallThreadLocalContext.mm:1649:46: warning: ISO C++ requires field designators to be specified in declaration order; field 'videoCodecPreferences' will be initialized after field 'initialEnableNoiseSuppression' [-Wreorder-init-list]
 1649 |             .initialEnableNoiseSuppression = enableNoiseSuppression,
      |             ~~~~~~~~~~~~~~~~~~~~~~~~~~~~~~~~~^~~~~~~~~~~~~~~~~~~~~~
/Users/buddhirajgautam/Documents/Cherrygram-Mac/macOS-Swift/submodules/tgcalls/macos/Sources/OngoingCallThreadLocalContext.mm:1648:38: note: previous initialization for field 'videoCodecPreferences' is here
 1648 |             .videoCodecPreferences = videoCodecPreferences,
      |                                      ^~~~~~~~~~~~~~~~~~~~~
6 warnings generated.

CompileC /Users/buddhirajgautam/Library/Developer/Xcode/DerivedData/Telegram-Mac-fygdgghdgmuleoelvxabfmqiotta/Build/Intermediates.noindex/TgVoipWebrtc.build/Debug/TgVoipWebrtc-t.build/Objects-normal/arm64/NetworkManager.o /Users/buddhirajgautam/Documents/Cherrygram-Mac/macOS-Swift/submodules/tgcalls/tgcalls/NetworkManager.cpp normal arm64 c++ com.apple.compilers.llvm.clang.1_0.compiler (in target 'TgVoipWebrtc' from project 'TgVoipWebrtc')
    cd /Users/buddhirajgautam/Documents/Cherrygram-Mac/macOS-Swift
    
    Using response file: /Users/buddhirajgautam/Library/Developer/Xcode/DerivedData/Telegram-Mac-fygdgghdgmuleoelvxabfmqiotta/Build/Intermediates.noindex/TgVoipWebrtc.build/Debug/TgVoipWebrtc-t.build/Objects-normal/arm64/82b82416624d2658e5098eb0a28c15c5-common-args.resp
    
    /Applications/Xcode.app/Contents/Developer/Toolchains/XcodeDefault.xctoolchain/usr/bin/clang -x c++ -ivfsstatcache /Users/buddhirajgautam/Library/Developer/Xcode/DerivedData/SDKStatCaches.noindex/macosx27.0-26A425-e829b21a6f8c9b70876ba0858053c0447231f6df4def33e022ae2eb8f782df1a.sdkstatcache -target arm64-apple-macos12.0 -fmessage-length\=0 -fdiagnostics-show-note-include-stack -fmacro-backtrace-limit\=0 -fno-color-diagnostics -fmodules-prune-interval\=86400 -fmodules-prune-after\=345600 -fbuild-session-file\=/Users/buddhirajgautam/Library/Developer/Xcode/DerivedData/ModuleCache.noindex/Session.modulevalidation -fmodules-validate-once-per-build-session -Wnon-modular-include-in-framework-module -Werror\=non-modular-include-in-framework-module -Wno-trigraphs -Wno-missing-field-initializers -Wno-missing-prototypes -Wno-return-type -Wno-non-virtual-dtor -Wno-overloaded-virtual -Wno-exit-time-destructors -Wno-missing-braces -Wparentheses -Wswitch -Wno-unused-function -Wno-unused-label -Wno-unused-parameter -Wno-unused-variable -Wunused-value -Wno-empty-body -Wno-uninitialized -Wno-unknown-pragmas -Wno-shadow -Wno-four-char-constants -Wno-conversion -Wno-constant-conversion -Wno-int-conversion -Wno-bool-conversion -Wno-enum-conversion -Wno-float-conversion -Wno-non-literal-null-conversion -Wno-objc-literal-conversion -Wshorten-64-to-32 -Wno-newline-eof -Wno-c++11-extensions -Wno-implicit-fallthrough -isysroot /Applications/Xcode.app/Contents/Developer/Platforms/MacOSX.platform/Developer/SDKs/MacOSX27.0.sdk -fstrict-aliasing -Wdeprecated-declarations -Winvalid-offsetof -Wno-sign-conversion -Wno-infinite-recursion -Wno-move -Wno-comma -Wno-block-capture-autoreleasing -Wno-strict-prototypes -Wno-range-loop-analysis -Wno-semicolon-before-method-body -index-store-path /Users/buddhirajgautam/Library/Developer/Xcode/DerivedData/Telegram-Mac-fygdgghdgmuleoelvxabfmqiotta/Index.noindex/DataStore @/Users/buddhirajgautam/Library/Developer/Xcode/DerivedData/Telegram-Mac-fygdgghdgmuleoelvxabfmqiotta/Build/Intermediates.noindex/TgVoipWebrtc.build/Debug/TgVoipWebrtc-t.build/Objects-normal/arm64/82b82416624d2658e5098eb0a28c15c5-common-args.resp -MMD -MT dependencies -MF /Users/buddhirajgautam/Library/Developer/Xcode/DerivedData/Telegram-Mac-fygdgghdgmuleoelvxabfmqiotta/Build/Intermediates.noindex/TgVoipWebrtc.build/Debug/TgVoipWebrtc-t.build/Objects-normal/arm64/NetworkManager.d --serialize-diagnostics /Users/buddhirajgautam/Library/Developer/Xcode/DerivedData/Telegram-Mac-fygdgghdgmuleoelvxabfmqiotta/Build/Intermediates.noindex/TgVoipWebrtc.build/Debug/TgVoipWebrtc-t.build/Objects-normal/arm64/NetworkManager.dia -c /Users/buddhirajgautam/Documents/Cherrygram-Mac/macOS-Swift/submodules/tgcalls/tgcalls/NetworkManager.cpp -o /Users/buddhirajgautam/Library/Developer/Xcode/DerivedData/Telegram-Mac-fygdgghdgmuleoelvxabfmqiotta/Build/Intermediates.noindex/TgVoipWebrtc.build/Debug/TgVoipWebrtc-t.build/Objects-normal/arm64/NetworkManager.o -index-unit-output-path /TgVoipWebrtc.build/Debug/TgVoipWebrtc-t.build/Objects-normal/arm64/NetworkManager.o
In file included from /Users/buddhirajgautam/Documents/Cherrygram-Mac/macOS-Swift/submodules/tgcalls/tgcalls/NetworkManager.cpp:1:
In file included from /Users/buddhirajgautam/Documents/Cherrygram-Mac/macOS-Swift/submodules/tgcalls/tgcalls/NetworkManager.h:4:
In file included from /Users/buddhirajgautam/Documents/Cherrygram-Mac/macOS-Swift/submodules/tgcalls/SharedHeaders/webrtc/rtc_base/thread.h:26:
In file included from /Users/buddhirajgautam/Documents/Cherrygram-Mac/macOS-Swift/submodules/tgcalls/SharedHeaders/webrtc/third_party/abseil-cpp/absl/strings/string_view.h:40:
In file included from /Users/buddhirajgautam/Documents/Cherrygram-Mac/macOS-Swift/submodules/tgcalls/SharedHeaders/webrtc/third_party/abseil-cpp/absl/base/nullability.h:153:
In file included from /Users/buddhirajgautam/Documents/Cherrygram-Mac/macOS-Swift/submodules/tgcalls/SharedHeaders/webrtc/third_party/abseil-cpp/absl/base/internal/nullability_impl.h:22:
/Users/buddhirajgautam/Documents/Cherrygram-Mac/macOS-Swift/submodules/tgcalls/SharedHeaders/webrtc/third_party/abseil-cpp/absl/meta/type_traits.h:511:36: warning: builtin __is_trivially_relocatable is deprecated; use __builtin_is_cpp_trivially_relocatable instead [-Wdeprecated-builtins]
  511 |     : std::integral_constant<bool, __is_trivially_relocatable(T)> {};
      |                                    ^
1 warning generated.

CompileC /Users/buddhirajgautam/Library/Developer/Xcode/DerivedData/Telegram-Mac-fygdgghdgmuleoelvxabfmqiotta/Build/Intermediates.noindex/TgVoipWebrtc.build/Debug/TgVoipWebrtc-t.build/Objects-normal/arm64/NativeNetworkingImpl.o /Users/buddhirajgautam/Documents/Cherrygram-Mac/macOS-Swift/submodules/tgcalls/tgcalls/v2/NativeNetworkingImpl.cpp normal arm64 c++ com.apple.compilers.llvm.clang.1_0.compiler (in target 'TgVoipWebrtc' from project 'TgVoipWebrtc')
    cd /Users/buddhirajgautam/Documents/Cherrygram-Mac/macOS-Swift
    
    Using response file: /Users/buddhirajgautam/Library/Developer/Xcode/DerivedData/Telegram-Mac-fygdgghdgmuleoelvxabfmqiotta/Build/Intermediates.noindex/TgVoipWebrtc.build/Debug/TgVoipWebrtc-t.build/Objects-normal/arm64/82b82416624d2658e5098eb0a28c15c5-common-args.resp
    
    /Applications/Xcode.app/Contents/Developer/Toolchains/XcodeDefault.xctoolchain/usr/bin/clang -x c++ -ivfsstatcache /Users/buddhirajgautam/Library/Developer/Xcode/DerivedData/SDKStatCaches.noindex/macosx27.0-26A425-e829b21a6f8c9b70876ba0858053c0447231f6df4def33e022ae2eb8f782df1a.sdkstatcache -target arm64-apple-macos12.0 -fmessage-length\=0 -fdiagnostics-show-note-include-stack -fmacro-backtrace-limit\=0 -fno-color-diagnostics -fmodules-prune-interval\=86400 -fmodules-prune-after\=345600 -fbuild-session-file\=/Users/buddhirajgautam/Library/Developer/Xcode/DerivedData/ModuleCache.noindex/Session.modulevalidation -fmodules-validate-once-per-build-session -Wnon-modular-include-in-framework-module -Werror\=non-modular-include-in-framework-module -Wno-trigraphs -Wno-missing-field-initializers -Wno-missing-prototypes -Wno-return-type -Wno-non-virtual-dtor -Wno-overloaded-virtual -Wno-exit-time-destructors -Wno-missing-braces -Wparentheses -Wswitch -Wno-unused-function -Wno-unused-label -Wno-unused-parameter -Wno-unused-variable -Wunused-value -Wno-empty-body -Wno-uninitialized -Wno-unknown-pragmas -Wno-shadow -Wno-four-char-constants -Wno-conversion -Wno-constant-conversion -Wno-int-conversion -Wno-bool-conversion -Wno-enum-conversion -Wno-float-conversion -Wno-non-literal-null-conversion -Wno-objc-literal-conversion -Wshorten-64-to-32 -Wno-newline-eof -Wno-c++11-extensions -Wno-implicit-fallthrough -isysroot /Applications/Xcode.app/Contents/Developer/Platforms/MacOSX.platform/Developer/SDKs/MacOSX27.0.sdk -fstrict-aliasing -Wdeprecated-declarations -Winvalid-offsetof -Wno-sign-conversion -Wno-infinite-recursion -Wno-move -Wno-comma -Wno-block-capture-autoreleasing -Wno-strict-prototypes -Wno-range-loop-analysis -Wno-semicolon-before-method-body -index-store-path /Users/buddhirajgautam/Library/Developer/Xcode/DerivedData/Telegram-Mac-fygdgghdgmuleoelvxabfmqiotta/Index.noindex/DataStore @/Users/buddhirajgautam/Library/Developer/Xcode/DerivedData/Telegram-Mac-fygdgghdgmuleoelvxabfmqiotta/Build/Intermediates.noindex/TgVoipWebrtc.build/Debug/TgVoipWebrtc-t.build/Objects-normal/arm64/82b82416624d2658e5098eb0a28c15c5-common-args.resp -MMD -MT dependencies -MF /Users/buddhirajgautam/Library/Developer/Xcode/DerivedData/Telegram-Mac-fygdgghdgmuleoelvxabfmqiotta/Build/Intermediates.noindex/TgVoipWebrtc.build/Debug/TgVoipWebrtc-t.build/Objects-normal/arm64/NativeNetworkingImpl.d --serialize-diagnostics /Users/buddhirajgautam/Library/Developer/Xcode/DerivedData/Telegram-Mac-fygdgghdgmuleoelvxabfmqiotta/Build/Intermediates.noindex/TgVoipWebrtc.build/Debug/TgVoipWebrtc-t.build/Objects-normal/arm64/NativeNetworkingImpl.dia -c /Users/buddhirajgautam/Documents/Cherrygram-Mac/macOS-Swift/submodules/tgcalls/tgcalls/v2/NativeNetworkingImpl.cpp -o /Users/buddhirajgautam/Library/Developer/Xcode/DerivedData/Telegram-Mac-fygdgghdgmuleoelvxabfmqiotta/Build/Intermediates.noindex/TgVoipWebrtc.build/Debug/TgVoipWebrtc-t.build/Objects-normal/arm64/NativeNetworkingImpl.o -index-unit-output-path /TgVoipWebrtc.build/Debug/TgVoipWebrtc-t.build/Objects-normal/arm64/NativeNetworkingImpl.o
In file included from /Users/buddhirajgautam/Documents/Cherrygram-Mac/macOS-Swift/submodules/tgcalls/tgcalls/v2/NativeNetworkingImpl.cpp:1:
In file included from /Users/buddhirajgautam/Documents/Cherrygram-Mac/macOS-Swift/submodules/tgcalls/tgcalls/v2/NativeNetworkingImpl.h:9:
In file included from /Users/buddhirajgautam/Documents/Cherrygram-Mac/macOS-Swift/submodules/tgcalls/SharedHeaders/webrtc/rtc_base/copy_on_write_buffer.h:22:
In file included from /Users/buddhirajgautam/Documents/Cherrygram-Mac/macOS-Swift/submodules/tgcalls/SharedHeaders/webrtc/third_party/abseil-cpp/absl/strings/string_view.h:40:
In file included from /Users/buddhirajgautam/Documents/Cherrygram-Mac/macOS-Swift/submodules/tgcalls/SharedHeaders/webrtc/third_party/abseil-cpp/absl/base/nullability.h:153:
In file included from /Users/buddhirajgautam/Documents/Cherrygram-Mac/macOS-Swift/submodules/tgcalls/SharedHeaders/webrtc/third_party/abseil-cpp/absl/base/internal/nullability_impl.h:22:
/Users/buddhirajgautam/Documents/Cherrygram-Mac/macOS-Swift/submodules/tgcalls/SharedHeaders/webrtc/third_party/abseil-cpp/absl/meta/type_traits.h:511:36: warning: builtin __is_trivially_relocatable is deprecated; use __builtin_is_cpp_trivially_relocatable instead [-Wdeprecated-builtins]
  511 |     : std::integral_constant<bool, __is_trivially_relocatable(T)> {};
      |                                    ^
In file included from /Users/buddhirajgautam/Documents/Cherrygram-Mac/macOS-Swift/submodules/tgcalls/tgcalls/v2/NativeNetworkingImpl.cpp:1:
In file included from /Users/buddhirajgautam/Documents/Cherrygram-Mac/macOS-Swift/submodules/tgcalls/tgcalls/v2/NativeNetworkingImpl.h:14:
In file included from /Users/buddhirajgautam/Documents/Cherrygram-Mac/macOS-Swift/submodules/tgcalls/SharedHeaders/webrtc/pc/sctp_data_channel.h:29:
In file included from /Users/buddhirajgautam/Documents/Cherrygram-Mac/macOS-Swift/submodules/tgcalls/SharedHeaders/webrtc/pc/sctp_utils.h:20:
/Users/buddhirajgautam/Documents/Cherrygram-Mac/macOS-Swift/submodules/tgcalls/SharedHeaders/webrtc/net/dcsctp/public/types.h:47:64: warning: implicit conversion loses integer precision: 'long long' to 'const UnderlyingType' (aka 'const int') [-Wshorten-64-to-32]
   47 |             v.IsInfinite() ? InfiniteDuration() : DurationMs(v.ms())) {}
      |                                                   ~~~~~~~~~~ ~~^~~~
/Users/buddhirajgautam/Documents/Cherrygram-Mac/macOS-Swift/submodules/tgcalls/SharedHeaders/webrtc/net/dcsctp/public/types.h:122:26: warning: implicit conversion loses integer precision: 'UnderlyingType' (aka 'long long') to 'const UnderlyingType' (aka 'const int') [-Wshorten-64-to-32]
  122 |   return DurationMs(*lhs - *rhs);
      |          ~~~~~~~~~~ ~~~~~^~~~~~
In file included from /Users/buddhirajgautam/Documents/Cherrygram-Mac/macOS-Swift/submodules/tgcalls/tgcalls/v2/NativeNetworkingImpl.cpp:1:
In file included from /Users/buddhirajgautam/Documents/Cherrygram-Mac/macOS-Swift/submodules/tgcalls/tgcalls/v2/NativeNetworkingImpl.h:9:
In file included from /Users/buddhirajgautam/Documents/Cherrygram-Mac/macOS-Swift/submodules/tgcalls/SharedHeaders/webrtc/rtc_base/copy_on_write_buffer.h:22:
In file included from /Users/buddhirajgautam/Documents/Cherrygram-Mac/macOS-Swift/submodules/tgcalls/SharedHeaders/webrtc/third_party/abseil-cpp/absl/strings/string_view.h:40:
In file included from /Users/buddhirajgautam/Documents/Cherrygram-Mac/macOS-Swift/submodules/tgcalls/SharedHeaders/webrtc/third_party/abseil-cpp/absl/base/nullability.h:153:
In file included from /Users/buddhirajgautam/Documents/Cherrygram-Mac/macOS-Swift/submodules/tgcalls/SharedHeaders/webrtc/third_party/abseil-cpp/absl/base/internal/nullability_impl.h:22:
/Users/buddhirajgautam/Documents/Cherrygram-Mac/macOS-Swift/submodules/tgcalls/SharedHeaders/webrtc/third_party/abseil-cpp/absl/meta/type_traits.h:511:36: warning: builtin __is_trivially_relocatable is deprecated; use __builtin_is_cpp_trivially_relocatable instead [-Wdeprecated-builtins]
  511 |     : std::integral_constant<bool, __is_trivially_relocatable(T)> {};
      |                                    ^
In file included from /Users/buddhirajgautam/Documents/Cherrygram-Mac/macOS-Swift/submodules/tgcalls/tgcalls/v2/NativeNetworkingImpl.cpp:1:
In file included from /Users/buddhirajgautam/Documents/Cherrygram-Mac/macOS-Swift/submodules/tgcalls/tgcalls/v2/NativeNetworkingImpl.h:12:
In file included from /Users/buddhirajgautam/Documents/Cherrygram-Mac/macOS-Swift/submodules/tgcalls/SharedHeaders/webrtc/media/base/media_channel.h:27:
In file included from /Users/buddhirajgautam/Documents/Cherrygram-Mac/macOS-Swift/submodules/tgcalls/SharedHeaders/webrtc/api/frame_transformer_interface.h:19:
In file included from /Users/buddhirajgautam/Documents/Cherrygram-Mac/macOS-Swift/submodules/tgcalls/SharedHeaders/webrtc/api/video/encoded_frame.h:21:
In file included from /Users/buddhirajgautam/Documents/Cherrygram-Mac/macOS-Swift/submodules/tgcalls/SharedHeaders/webrtc/modules/rtp_rtcp/source/rtp_video_header.h:16:
In file included from /Users/buddhirajgautam/Documents/Cherrygram-Mac/macOS-Swift/submodules/tgcalls/SharedHeaders/webrtc/third_party/abseil-cpp/absl/container/inlined_vector.h:53:
/Users/buddhirajgautam/Documents/Cherrygram-Mac/macOS-Swift/submodules/tgcalls/SharedHeaders/webrtc/third_party/abseil-cpp/absl/container/internal/inlined_vector.h:522:22: note: in instantiation of template class 'absl::is_trivially_relocatable<webrtc::DecodeTargetIndication>' requested here
  522 |                absl::is_trivially_relocatable<V>::value ||
      |                      ^
In file included from /Users/buddhirajgautam/Documents/Cherrygram-Mac/macOS-Swift/submodules/tgcalls/tgcalls/v2/NativeNetworkingImpl.cpp:1:
In file included from /Users/buddhirajgautam/Documents/Cherrygram-Mac/macOS-Swift/submodules/tgcalls/tgcalls/v2/NativeNetworkingImpl.h:9:
In file included from /Users/buddhirajgautam/Documents/Cherrygram-Mac/macOS-Swift/submodules/tgcalls/SharedHeaders/webrtc/rtc_base/copy_on_write_buffer.h:22:
In file included from /Users/buddhirajgautam/Documents/Cherrygram-Mac/macOS-Swift/submodules/tgcalls/SharedHeaders/webrtc/third_party/abseil-cpp/absl/strings/string_view.h:43:
/Users/buddhirajgautam/Documents/Cherrygram-Mac/macOS-Swift/submodules/tgcalls/SharedHeaders/webrtc/third_party/abseil-cpp/absl/base/macros.h:128:49: note: expanded from macro 'ABSL_HARDENING_ASSERT'
  128 | #define ABSL_HARDENING_ASSERT(expr) ABSL_ASSERT(expr)
      |                                                 ^
/Users/buddhirajgautam/Documents/Cherrygram-Mac/macOS-Swift/submodules/tgcalls/SharedHeaders/webrtc/third_party/abseil-cpp/absl/base/macros.h:95:30: note: expanded from macro 'ABSL_ASSERT'
   95 |   (false ? static_cast<void>(expr) : static_cast<void>(0))
      |                              ^
In file included from /Users/buddhirajgautam/Documents/Cherrygram-Mac/macOS-Swift/submodules/tgcalls/tgcalls/v2/NativeNetworkingImpl.cpp:1:
In file included from /Users/buddhirajgautam/Documents/Cherrygram-Mac/macOS-Swift/submodules/tgcalls/tgcalls/v2/NativeNetworkingImpl.h:12:
In file included from /Users/buddhirajgautam/Documents/Cherrygram-Mac/macOS-Swift/submodules/tgcalls/SharedHeaders/webrtc/media/base/media_channel.h:27:
In file included from /Users/buddhirajgautam/Documents/Cherrygram-Mac/macOS-Swift/submodules/tgcalls/SharedHeaders/webrtc/api/frame_transformer_interface.h:19:
In file included from /Users/buddhirajgautam/Documents/Cherrygram-Mac/macOS-Swift/submodules/tgcalls/SharedHeaders/webrtc/api/video/encoded_frame.h:21:
In file included from /Users/buddhirajgautam/Documents/Cherrygram-Mac/macOS-Swift/submodules/tgcalls/SharedHeaders/webrtc/modules/rtp_rtcp/source/rtp_video_header.h:16:
/Users/buddhirajgautam/Documents/Cherrygram-Mac/macOS-Swift/submodules/tgcalls/SharedHeaders/webrtc/third_party/abseil-cpp/absl/container/inlined_vector.h:856:14: note: in instantiation of member function 'absl::inlined_vector_internal::Storage<webrtc::DecodeTargetIndication, 10, std::allocator<webrtc::DecodeTargetIndication>>::MemcpyFrom' requested here
  856 |     storage_.MemcpyFrom(other.storage_);
      |              ^
/Users/buddhirajgautam/Documents/Cherrygram-Mac/macOS-Swift/submodules/tgcalls/SharedHeaders/webrtc/third_party/abseil-cpp/absl/container/inlined_vector.h:548:7: note: in instantiation of member function 'absl::InlinedVector<webrtc::DecodeTargetIndication, 10>::MoveAssignment' requested here
  548 |       MoveAssignment(MoveAssignmentPolicy{}, std::move(other));
      |       ^
In file included from /Users/buddhirajgautam/Documents/Cherrygram-Mac/macOS-Swift/submodules/tgcalls/tgcalls/v2/NativeNetworkingImpl.cpp:1:
In file included from /Users/buddhirajgautam/Documents/Cherrygram-Mac/macOS-Swift/submodules/tgcalls/tgcalls/v2/NativeNetworkingImpl.h:12:
In file included from /Users/buddhirajgautam/Documents/Cherrygram-Mac/macOS-Swift/submodules/tgcalls/SharedHeaders/webrtc/media/base/media_channel.h:27:
In file included from /Users/buddhirajgautam/Documents/Cherrygram-Mac/macOS-Swift/submodules/tgcalls/SharedHeaders/webrtc/api/frame_transformer_interface.h:19:
In file included from /Users/buddhirajgautam/Documents/Cherrygram-Mac/macOS-Swift/submodules/tgcalls/SharedHeaders/webrtc/api/video/encoded_frame.h:21:
In file included from /Users/buddhirajgautam/Documents/Cherrygram-Mac/macOS-Swift/submodules/tgcalls/SharedHeaders/webrtc/modules/rtp_rtcp/source/rtp_video_header.h:20:
/Users/buddhirajgautam/Documents/Cherrygram-Mac/macOS-Swift/submodules/tgcalls/SharedHeaders/webrtc/api/transport/rtp/dependency_descriptor.h:133:35: note: in instantiation of member function 'absl::InlinedVector<webrtc::DecodeTargetIndication, 10>::operator=' requested here
  133 |   this->decode_target_indications =
      |                                   ^
In file included from /Users/buddhirajgautam/Documents/Cherrygram-Mac/macOS-Swift/submodules/tgcalls/tgcalls/v2/NativeNetworkingImpl.cpp:1:
In file included from /Users/buddhirajgautam/Documents/Cherrygram-Mac/macOS-Swift/submodules/tgcalls/tgcalls/v2/NativeNetworkingImpl.h:9:
In file included from /Users/buddhirajgautam/Documents/Cherrygram-Mac/macOS-Swift/submodules/tgcalls/SharedHeaders/webrtc/rtc_base/copy_on_write_buffer.h:22:
In file included from /Users/buddhirajgautam/Documents/Cherrygram-Mac/macOS-Swift/submodules/tgcalls/SharedHeaders/webrtc/third_party/abseil-cpp/absl/strings/string_view.h:40:
In file included from /Users/buddhirajgautam/Documents/Cherrygram-Mac/macOS-Swift/submodules/tgcalls/SharedHeaders/webrtc/third_party/abseil-cpp/absl/base/nullability.h:153:
In file included from /Users/buddhirajgautam/Documents/Cherrygram-Mac/macOS-Swift/submodules/tgcalls/SharedHeaders/webrtc/third_party/abseil-cpp/absl/base/internal/nullability_impl.h:22:
/Users/buddhirajgautam/Documents/Cherrygram-Mac/macOS-Swift/submodules/tgcalls/SharedHeaders/webrtc/third_party/abseil-cpp/absl/meta/type_traits.h:511:36: warning: builtin __is_trivially_relocatable is deprecated; use __builtin_is_cpp_trivially_relocatable instead [-Wdeprecated-builtins]
  511 |     : std::integral_constant<bool, __is_trivially_relocatable(T)> {};
      |                                    ^
In file included from /Users/buddhirajgautam/Documents/Cherrygram-Mac/macOS-Swift/submodules/tgcalls/tgcalls/v2/NativeNetworkingImpl.cpp:1:
In file included from /Users/buddhirajgautam/Documents/Cherrygram-Mac/macOS-Swift/submodules/tgcalls/tgcalls/v2/NativeNetworkingImpl.h:12:
In file included from /Users/buddhirajgautam/Documents/Cherrygram-Mac/macOS-Swift/submodules/tgcalls/SharedHeaders/webrtc/media/base/media_channel.h:27:
In file included from /Users/buddhirajgautam/Documents/Cherrygram-Mac/macOS-Swift/submodules/tgcalls/SharedHeaders/webrtc/api/frame_transformer_interface.h:19:
In file included from /Users/buddhirajgautam/Documents/Cherrygram-Mac/macOS-Swift/submodules/tgcalls/SharedHeaders/webrtc/api/video/encoded_frame.h:21:
In file included from /Users/buddhirajgautam/Documents/Cherrygram-Mac/macOS-Swift/submodules/tgcalls/SharedHeaders/webrtc/modules/rtp_rtcp/source/rtp_video_header.h:16:
In file included from /Users/buddhirajgautam/Documents/Cherrygram-Mac/macOS-Swift/submodules/tgcalls/SharedHeaders/webrtc/third_party/abseil-cpp/absl/container/inlined_vector.h:53:
/Users/buddhirajgautam/Documents/Cherrygram-Mac/macOS-Swift/submodules/tgcalls/SharedHeaders/webrtc/third_party/abseil-cpp/absl/container/internal/inlined_vector.h:522:22: note: in instantiation of template class 'absl::is_trivially_relocatable<int>' requested here
  522 |                absl::is_trivially_relocatable<V>::value ||
      |                      ^
In file included from /Users/buddhirajgautam/Documents/Cherrygram-Mac/macOS-Swift/submodules/tgcalls/tgcalls/v2/NativeNetworkingImpl.cpp:1:
In file included from /Users/buddhirajgautam/Documents/Cherrygram-Mac/macOS-Swift/submodules/tgcalls/tgcalls/v2/NativeNetworkingImpl.h:9:
In file included from /Users/buddhirajgautam/Documents/Cherrygram-Mac/macOS-Swift/submodules/tgcalls/SharedHeaders/webrtc/rtc_base/copy_on_write_buffer.h:22:
In file included from /Users/buddhirajgautam/Documents/Cherrygram-Mac/macOS-Swift/submodules/tgcalls/SharedHeaders/webrtc/third_party/abseil-cpp/absl/strings/string_view.h:43:
/Users/buddhirajgautam/Documents/Cherrygram-Mac/macOS-Swift/submodules/tgcalls/SharedHeaders/webrtc/third_party/abseil-cpp/absl/base/macros.h:128:49: note: expanded from macro 'ABSL_HARDENING_ASSERT'
  128 | #define ABSL_HARDENING_ASSERT(expr) ABSL_ASSERT(expr)
      |                                                 ^
/Users/buddhirajgautam/Documents/Cherrygram-Mac/macOS-Swift/submodules/tgcalls/SharedHeaders/webrtc/third_party/abseil-cpp/absl/base/macros.h:95:30: note: expanded from macro 'ABSL_ASSERT'
   95 |   (false ? static_cast<void>(expr) : static_cast<void>(0))
      |                              ^
In file included from /Users/buddhirajgautam/Documents/Cherrygram-Mac/macOS-Swift/submodules/tgcalls/tgcalls/v2/NativeNetworkingImpl.cpp:1:
In file included from /Users/buddhirajgautam/Documents/Cherrygram-Mac/macOS-Swift/submodules/tgcalls/tgcalls/v2/NativeNetworkingImpl.h:12:
In file included from /Users/buddhirajgautam/Documents/Cherrygram-Mac/macOS-Swift/submodules/tgcalls/SharedHeaders/webrtc/media/base/media_channel.h:27:
In file included from /Users/buddhirajgautam/Documents/Cherrygram-Mac/macOS-Swift/submodules/tgcalls/SharedHeaders/webrtc/api/frame_transformer_interface.h:19:
In file included from /Users/buddhirajgautam/Documents/Cherrygram-Mac/macOS-Swift/submodules/tgcalls/SharedHeaders/webrtc/api/video/encoded_frame.h:21:
In file included from /Users/buddhirajgautam/Documents/Cherrygram-Mac/macOS-Swift/submodules/tgcalls/SharedHeaders/webrtc/modules/rtp_rtcp/source/rtp_video_header.h:16:
/Users/buddhirajgautam/Documents/Cherrygram-Mac/macOS-Swift/submodules/tgcalls/SharedHeaders/webrtc/third_party/abseil-cpp/absl/container/inlined_vector.h:195:16: note: in instantiation of member function 'absl::inlined_vector_internal::Storage<int, 4, std::allocator<int>>::MemcpyFrom' requested here
  195 |       storage_.MemcpyFrom(other.storage_);
      |                ^
/Users/buddhirajgautam/Documents/Cherrygram-Mac/macOS-Swift/submodules/tgcalls/SharedHeaders/webrtc/third_party/abseil-cpp/absl/container/inlined_vector.h:177:9: note: in instantiation of member function 'absl::InlinedVector<int, 4>::InlinedVector' requested here
  177 |       : InlinedVector(other, other.storage_.GetAllocator()) {}
      |         ^
In file included from /Users/buddhirajgautam/Documents/Cherrygram-Mac/macOS-Swift/submodules/tgcalls/tgcalls/v2/NativeNetworkingImpl.cpp:1:
In file included from /Users/buddhirajgautam/Documents/Cherrygram-Mac/macOS-Swift/submodules/tgcalls/tgcalls/v2/NativeNetworkingImpl.h:12:
In file included from /Users/buddhirajgautam/Documents/Cherrygram-Mac/macOS-Swift/submodules/tgcalls/SharedHeaders/webrtc/media/base/media_channel.h:27:
In file included from /Users/buddhirajgautam/Documents/Cherrygram-Mac/macOS-Swift/submodules/tgcalls/SharedHeaders/webrtc/api/frame_transformer_interface.h:19:
In file included from /Users/buddhirajgautam/Documents/Cherrygram-Mac/macOS-Swift/submodules/tgcalls/SharedHeaders/webrtc/api/video/encoded_frame.h:21:
In file included from /Users/buddhirajgautam/Documents/Cherrygram-Mac/macOS-Swift/submodules/tgcalls/SharedHeaders/webrtc/modules/rtp_rtcp/source/rtp_video_header.h:20:
/Users/buddhirajgautam/Documents/Cherrygram-Mac/macOS-Swift/submodules/tgcalls/SharedHeaders/webrtc/api/transport/rtp/dependency_descriptor.h:37:8: note: in instantiation of member function 'absl::InlinedVector<int, 4>::InlinedVector' requested here
   37 | struct FrameDependencyTemplate {
      |        ^
In file included from /Users/buddhirajgautam/Documents/Cherrygram-Mac/macOS-Swift/submodules/tgcalls/tgcalls/v2/NativeNetworkingImpl.cpp:1:
In file included from /Users/buddhirajgautam/Documents/Cherrygram-Mac/macOS-Swift/submodules/tgcalls/tgcalls/v2/NativeNetworkingImpl.h:9:
In file included from /Users/buddhirajgautam/Documents/Cherrygram-Mac/macOS-Swift/submodules/tgcalls/SharedHeaders/webrtc/rtc_base/copy_on_write_buffer.h:22:
In file included from /Users/buddhirajgautam/Documents/Cherrygram-Mac/macOS-Swift/submodules/tgcalls/SharedHeaders/webrtc/third_party/abseil-cpp/absl/strings/string_view.h:40:
In file included from /Users/buddhirajgautam/Documents/Cherrygram-Mac/macOS-Swift/submodules/tgcalls/SharedHeaders/webrtc/third_party/abseil-cpp/absl/base/nullability.h:153:
In file included from /Users/buddhirajgautam/Documents/Cherrygram-Mac/macOS-Swift/submodules/tgcalls/SharedHeaders/webrtc/third_party/abseil-cpp/absl/base/internal/nullability_impl.h:22:
/Users/buddhirajgautam/Documents/Cherrygram-Mac/macOS-Swift/submodules/tgcalls/SharedHeaders/webrtc/third_party/abseil-cpp/absl/meta/type_traits.h:511:36: warning: builtin __is_trivially_relocatable is deprecated; use __builtin_is_cpp_trivially_relocatable instead [-Wdeprecated-builtins]
  511 |     : std::integral_constant<bool, __is_trivially_relocatable(T)> {};
      |                                    ^
In file included from /Users/buddhirajgautam/Documents/Cherrygram-Mac/macOS-Swift/submodules/tgcalls/tgcalls/v2/NativeNetworkingImpl.cpp:1:
In file included from /Users/buddhirajgautam/Documents/Cherrygram-Mac/macOS-Swift/submodules/tgcalls/tgcalls/v2/NativeNetworkingImpl.h:12:
In file included from /Users/buddhirajgautam/Documents/Cherrygram-Mac/macOS-Swift/submodules/tgcalls/SharedHeaders/webrtc/media/base/media_channel.h:27:
In file included from /Users/buddhirajgautam/Documents/Cherrygram-Mac/macOS-Swift/submodules/tgcalls/SharedHeaders/webrtc/api/frame_transformer_interface.h:19:
In file included from /Users/buddhirajgautam/Documents/Cherrygram-Mac/macOS-Swift/submodules/tgcalls/SharedHeaders/webrtc/api/video/encoded_frame.h:21:
In file included from /Users/buddhirajgautam/Documents/Cherrygram-Mac/macOS-Swift/submodules/tgcalls/SharedHeaders/webrtc/modules/rtp_rtcp/source/rtp_video_header.h:16:
In file included from /Users/buddhirajgautam/Documents/Cherrygram-Mac/macOS-Swift/submodules/tgcalls/SharedHeaders/webrtc/third_party/abseil-cpp/absl/container/inlined_vector.h:53:
/Users/buddhirajgautam/Documents/Cherrygram-Mac/macOS-Swift/submodules/tgcalls/SharedHeaders/webrtc/third_party/abseil-cpp/absl/container/internal/inlined_vector.h:522:22: note: in instantiation of template class 'absl::is_trivially_relocatable<webrtc::RenderResolution>' requested here
  522 |                absl::is_trivially_relocatable<V>::value ||
      |                      ^
In file included from /Users/buddhirajgautam/Documents/Cherrygram-Mac/macOS-Swift/submodules/tgcalls/tgcalls/v2/NativeNetworkingImpl.cpp:1:
In file included from /Users/buddhirajgautam/Documents/Cherrygram-Mac/macOS-Swift/submodules/tgcalls/tgcalls/v2/NativeNetworkingImpl.h:9:
In file included from /Users/buddhirajgautam/Documents/Cherrygram-Mac/macOS-Swift/submodules/tgcalls/SharedHeaders/webrtc/rtc_base/copy_on_write_buffer.h:22:
In file included from /Users/buddhirajgautam/Documents/Cherrygram-Mac/macOS-Swift/submodules/tgcalls/SharedHeaders/webrtc/third_party/abseil-cpp/absl/strings/string_view.h:43:
/Users/buddhirajgautam/Documents/Cherrygram-Mac/macOS-Swift/submodules/tgcalls/SharedHeaders/webrtc/third_party/abseil-cpp/absl/base/macros.h:128:49: note: expanded from macro 'ABSL_HARDENING_ASSERT'
  128 | #define ABSL_HARDENING_ASSERT(expr) ABSL_ASSERT(expr)
      |                                                 ^
/Users/buddhirajgautam/Documents/Cherrygram-Mac/macOS-Swift/submodules/tgcalls/SharedHeaders/webrtc/third_party/abseil-cpp/absl/base/macros.h:95:30: note: expanded from macro 'ABSL_ASSERT'
   95 |   (false ? static_cast<void>(expr) : static_cast<void>(0))
      |                              ^
In file included from /Users/buddhirajgautam/Documents/Cherrygram-Mac/macOS-Swift/submodules/tgcalls/tgcalls/v2/NativeNetworkingImpl.cpp:1:
In file included from /Users/buddhirajgautam/Documents/Cherrygram-Mac/macOS-Swift/submodules/tgcalls/tgcalls/v2/NativeNetworkingImpl.h:12:
In file included from /Users/buddhirajgautam/Documents/Cherrygram-Mac/macOS-Swift/submodules/tgcalls/SharedHeaders/webrtc/media/base/media_channel.h:27:
In file included from /Users/buddhirajgautam/Documents/Cherrygram-Mac/macOS-Swift/submodules/tgcalls/SharedHeaders/webrtc/api/frame_transformer_interface.h:19:
In file included from /Users/buddhirajgautam/Documents/Cherrygram-Mac/macOS-Swift/submodules/tgcalls/SharedHeaders/webrtc/api/video/encoded_frame.h:21:
In file included from /Users/buddhirajgautam/Documents/Cherrygram-Mac/macOS-Swift/submodules/tgcalls/SharedHeaders/webrtc/modules/rtp_rtcp/source/rtp_video_header.h:16:
/Users/buddhirajgautam/Documents/Cherrygram-Mac/macOS-Swift/submodules/tgcalls/SharedHeaders/webrtc/third_party/abseil-cpp/absl/container/inlined_vector.h:195:16: note: in instantiation of member function 'absl::inlined_vector_internal::Storage<webrtc::RenderResolution, 4, std::allocator<webrtc::RenderResolution>>::MemcpyFrom' requested here
  195 |       storage_.MemcpyFrom(other.storage_);
      |                ^
/Users/buddhirajgautam/Documents/Cherrygram-Mac/macOS-Swift/submodules/tgcalls/SharedHeaders/webrtc/third_party/abseil-cpp/absl/container/inlined_vector.h:177:9: note: in instantiation of member function 'absl::InlinedVector<webrtc::RenderResolution, 4>::InlinedVector' requested here
  177 |       : InlinedVector(other, other.storage_.GetAllocator()) {}
      |         ^
In file included from /Users/buddhirajgautam/Documents/Cherrygram-Mac/macOS-Swift/submodules/tgcalls/tgcalls/v2/NativeNetworkingImpl.cpp:1:
In file included from /Users/buddhirajgautam/Documents/Cherrygram-Mac/macOS-Swift/submodules/tgcalls/tgcalls/v2/NativeNetworkingImpl.h:12:
In file included from /Users/buddhirajgautam/Documents/Cherrygram-Mac/macOS-Swift/submodules/tgcalls/SharedHeaders/webrtc/media/base/media_channel.h:27:
In file included from /Users/buddhirajgautam/Documents/Cherrygram-Mac/macOS-Swift/submodules/tgcalls/SharedHeaders/webrtc/api/frame_transformer_interface.h:19:
In file included from /Users/buddhirajgautam/Documents/Cherrygram-Mac/macOS-Swift/submodules/tgcalls/SharedHeaders/webrtc/api/video/encoded_frame.h:21:
In file included from /Users/buddhirajgautam/Documents/Cherrygram-Mac/macOS-Swift/submodules/tgcalls/SharedHeaders/webrtc/modules/rtp_rtcp/source/rtp_video_header.h:20:
/Users/buddhirajgautam/Documents/Cherrygram-Mac/macOS-Swift/submodules/tgcalls/SharedHeaders/webrtc/api/transport/rtp/dependency_descriptor.h:61:8: note: in instantiation of member function 'absl::InlinedVector<webrtc::RenderResolution, 4>::InlinedVector' requested here
   61 | struct FrameDependencyStructure {
      |        ^
6 warnings generated.

CompileC /Users/buddhirajgautam/Library/Developer/Xcode/DerivedData/Telegram-Mac-fygdgghdgmuleoelvxabfmqiotta/Build/Intermediates.noindex/TgVoipWebrtc.build/Debug/TgVoipWebrtc-t.build/Objects-normal/arm64/Message.o /Users/buddhirajgautam/Documents/Cherrygram-Mac/macOS-Swift/submodules/tgcalls/tgcalls/Message.cpp normal arm64 c++ com.apple.compilers.llvm.clang.1_0.compiler (in target 'TgVoipWebrtc' from project 'TgVoipWebrtc')
    cd /Users/buddhirajgautam/Documents/Cherrygram-Mac/macOS-Swift
    
    Using response file: /Users/buddhirajgautam/Library/Developer/Xcode/DerivedData/Telegram-Mac-fygdgghdgmuleoelvxabfmqiotta/Build/Intermediates.noindex/TgVoipWebrtc.build/Debug/TgVoipWebrtc-t.build/Objects-normal/arm64/82b82416624d2658e5098eb0a28c15c5-common-args.resp
    
    /Applications/Xcode.app/Contents/Developer/Toolchains/XcodeDefault.xctoolchain/usr/bin/clang -x c++ -ivfsstatcache /Users/buddhirajgautam/Library/Developer/Xcode/DerivedData/SDKStatCaches.noindex/macosx27.0-26A425-e829b21a6f8c9b70876ba0858053c0447231f6df4def33e022ae2eb8f782df1a.sdkstatcache -target arm64-apple-macos12.0 -fmessage-length\=0 -fdiagnostics-show-note-include-stack -fmacro-backtrace-limit\=0 -fno-color-diagnostics -fmodules-prune-interval\=86400 -fmodules-prune-after\=345600 -fbuild-session-file\=/Users/buddhirajgautam/Library/Developer/Xcode/DerivedData/ModuleCache.noindex/Session.modulevalidation -fmodules-validate-once-per-build-session -Wnon-modular-include-in-framework-module -Werror\=non-modular-include-in-framework-module -Wno-trigraphs -Wno-missing-field-initializers -Wno-missing-prototypes -Wno-return-type -Wno-non-virtual-dtor -Wno-overloaded-virtual -Wno-exit-time-destructors -Wno-missing-braces -Wparentheses -Wswitch -Wno-unused-function -Wno-unused-label -Wno-unused-parameter -Wno-unused-variable -Wunused-value -Wno-empty-body -Wno-uninitialized -Wno-unknown-pragmas -Wno-shadow -Wno-four-char-constants -Wno-conversion -Wno-constant-conversion -Wno-int-conversion -Wno-bool-conversion -Wno-enum-conversion -Wno-float-conversion -Wno-non-literal-null-conversion -Wno-objc-literal-conversion -Wshorten-64-to-32 -Wno-newline-eof -Wno-c++11-extensions -Wno-implicit-fallthrough -isysroot /Applications/Xcode.app/Contents/Developer/Platforms/MacOSX.platform/Developer/SDKs/MacOSX27.0.sdk -fstrict-aliasing -Wdeprecated-declarations -Winvalid-offsetof -Wno-sign-conversion -Wno-infinite-recursion -Wno-move -Wno-comma -Wno-block-capture-autoreleasing -Wno-strict-prototypes -Wno-range-loop-analysis -Wno-semicolon-before-method-body -index-store-path /Users/buddhirajgautam/Library/Developer/Xcode/DerivedData/Telegram-Mac-fygdgghdgmuleoelvxabfmqiotta/Index.noindex/DataStore @/Users/buddhirajgautam/Library/Developer/Xcode/DerivedData/Telegram-Mac-fygdgghdgmuleoelvxabfmqiotta/Build/Intermediates.noindex/TgVoipWebrtc.build/Debug/TgVoipWebrtc-t.build/Objects-normal/arm64/82b82416624d2658e5098eb0a28c15c5-common-args.resp -MMD -MT dependencies -MF /Users/buddhirajgautam/Library/Developer/Xcode/DerivedData/Telegram-Mac-fygdgghdgmuleoelvxabfmqiotta/Build/Intermediates.noindex/TgVoipWebrtc.build/Debug/TgVoipWebrtc-t.build/Objects-normal/arm64/Message.d --serialize-diagnostics /Users/buddhirajgautam/Library/Developer/Xcode/DerivedData/Telegram-Mac-fygdgghdgmuleoelvxabfmqiotta/Build/Intermediates.noindex/TgVoipWebrtc.build/Debug/TgVoipWebrtc-t.build/Objects-normal/arm64/Message.dia -c /Users/buddhirajgautam/Documents/Cherrygram-Mac/macOS-Swift/submodules/tgcalls/tgcalls/Message.cpp -o /Users/buddhirajgautam/Library/Developer/Xcode/DerivedData/Telegram-Mac-fygdgghdgmuleoelvxabfmqiotta/Build/Intermediates.noindex/TgVoipWebrtc.build/Debug/TgVoipWebrtc-t.build/Objects-normal/arm64/Message.o -index-unit-output-path /TgVoipWebrtc.build/Debug/TgVoipWebrtc-t.build/Objects-normal/arm64/Message.o
In file included from /Users/buddhirajgautam/Documents/Cherrygram-Mac/macOS-Swift/submodules/tgcalls/tgcalls/Message.cpp:1:
In file included from /Users/buddhirajgautam/Documents/Cherrygram-Mac/macOS-Swift/submodules/tgcalls/tgcalls/Message.h:4:
In file included from /Users/buddhirajgautam/Documents/Cherrygram-Mac/macOS-Swift/submodules/tgcalls/SharedHeaders/webrtc/api/candidate.h:21:
In file included from /Users/buddhirajgautam/Documents/Cherrygram-Mac/macOS-Swift/submodules/tgcalls/SharedHeaders/webrtc/third_party/abseil-cpp/absl/strings/string_view.h:40:
In file included from /Users/buddhirajgautam/Documents/Cherrygram-Mac/macOS-Swift/submodules/tgcalls/SharedHeaders/webrtc/third_party/abseil-cpp/absl/base/nullability.h:153:
In file included from /Users/buddhirajgautam/Documents/Cherrygram-Mac/macOS-Swift/submodules/tgcalls/SharedHeaders/webrtc/third_party/abseil-cpp/absl/base/internal/nullability_impl.h:22:
/Users/buddhirajgautam/Documents/Cherrygram-Mac/macOS-Swift/submodules/tgcalls/SharedHeaders/webrtc/third_party/abseil-cpp/absl/meta/type_traits.h:511:36: warning: builtin __is_trivially_relocatable is deprecated; use __builtin_is_cpp_trivially_relocatable instead [-Wdeprecated-builtins]
  511 |     : std::integral_constant<bool, __is_trivially_relocatable(T)> {};
      |                                    ^
1 warning generated.

CompileC /Users/buddhirajgautam/Library/Developer/Xcode/DerivedData/Telegram-Mac-fygdgghdgmuleoelvxabfmqiotta/Build/Intermediates.noindex/TgVoipWebrtc.build/Debug/TgVoipWebrtc-t.build/Objects-normal/arm64/MediaStreaming.o /Users/buddhirajgautam/Documents/Cherrygram-Mac/macOS-Swift/submodules/tgcalls/macos/Sources/MediaStreaming.mm normal arm64 objective-c++ com.apple.compilers.llvm.clang.1_0.compiler (in target 'TgVoipWebrtc' from project 'TgVoipWebrtc')
    cd /Users/buddhirajgautam/Documents/Cherrygram-Mac/macOS-Swift
    
    Using response file: /Users/buddhirajgautam/Library/Developer/Xcode/DerivedData/Telegram-Mac-fygdgghdgmuleoelvxabfmqiotta/Build/Intermediates.noindex/TgVoipWebrtc.build/Debug/TgVoipWebrtc-t.build/Objects-normal/arm64/af3fcb34312c57c0f52879cdce924b91-common-args.resp
    
    /Applications/Xcode.app/Contents/Developer/Toolchains/XcodeDefault.xctoolchain/usr/bin/clang -x objective-c++ -ivfsstatcache /Users/buddhirajgautam/Library/Developer/Xcode/DerivedData/SDKStatCaches.noindex/macosx27.0-26A425-e829b21a6f8c9b70876ba0858053c0447231f6df4def33e022ae2eb8f782df1a.sdkstatcache -target arm64-apple-macos12.0 -fmessage-length\=0 -fdiagnostics-show-note-include-stack -fmacro-backtrace-limit\=0 -fno-color-diagnostics -fmodules-prune-interval\=86400 -fmodules-prune-after\=345600 -fbuild-session-file\=/Users/buddhirajgautam/Library/Developer/Xcode/DerivedData/ModuleCache.noindex/Session.modulevalidation -fmodules-validate-once-per-build-session -Wnon-modular-include-in-framework-module -Werror\=non-modular-include-in-framework-module -Wno-trigraphs -Wno-missing-field-initializers -Wno-missing-prototypes -Wno-return-type -Wno-implicit-atomic-properties -Wno-objc-interface-ivars -Wno-arc-repeated-use-of-weak -Wno-non-virtual-dtor -Wno-overloaded-virtual -Wno-exit-time-destructors -Wno-missing-braces -Wparentheses -Wswitch -Wno-unused-function -Wno-unused-label -Wno-unused-parameter -Wno-unused-variable -Wunused-value -Wno-empty-body -Wno-uninitialized -Wno-unknown-pragmas -Wno-shadow -Wno-four-char-constants -Wno-conversion -Wno-constant-conversion -Wno-int-conversion -Wno-bool-conversion -Wno-enum-conversion -Wno-float-conversion -Wno-non-literal-null-conversion -Wno-objc-literal-conversion -Wshorten-64-to-32 -Wno-newline-eof -Wno-selector -Wno-strict-selector-match -Wno-undeclared-selector -Wno-deprecated-implementations -Wno-c++11-extensions -Wno-implicit-fallthrough -isysroot /Applications/Xcode.app/Contents/Developer/Platforms/MacOSX.platform/Developer/SDKs/MacOSX27.0.sdk -fstrict-aliasing -Wprotocol -Wdeprecated-declarations -Winvalid-offsetof -Wno-sign-conversion -Wno-infinite-recursion -Wno-move -Wno-comma -Wno-block-capture-autoreleasing -Wno-strict-prototypes -Wno-range-loop-analysis -Wno-semicolon-before-method-body -index-store-path /Users/buddhirajgautam/Library/Developer/Xcode/DerivedData/Telegram-Mac-fygdgghdgmuleoelvxabfmqiotta/Index.noindex/DataStore @/Users/buddhirajgautam/Library/Developer/Xcode/DerivedData/Telegram-Mac-fygdgghdgmuleoelvxabfmqiotta/Build/Intermediates.noindex/TgVoipWebrtc.build/Debug/TgVoipWebrtc-t.build/Objects-normal/arm64/af3fcb34312c57c0f52879cdce924b91-common-args.resp -MMD -MT dependencies -MF /Users/buddhirajgautam/Library/Developer/Xcode/DerivedData/Telegram-Mac-fygdgghdgmuleoelvxabfmqiotta/Build/Intermediates.noindex/TgVoipWebrtc.build/Debug/TgVoipWebrtc-t.build/Objects-normal/arm64/MediaStreaming.d --serialize-diagnostics /Users/buddhirajgautam/Library/Developer/Xcode/DerivedData/Telegram-Mac-fygdgghdgmuleoelvxabfmqiotta/Build/Intermediates.noindex/TgVoipWebrtc.build/Debug/TgVoipWebrtc-t.build/Objects-normal/arm64/MediaStreaming.dia -c /Users/buddhirajgautam/Documents/Cherrygram-Mac/macOS-Swift/submodules/tgcalls/macos/Sources/MediaStreaming.mm -o /Users/buddhirajgautam/Library/Developer/Xcode/DerivedData/Telegram-Mac-fygdgghdgmuleoelvxabfmqiotta/Build/Intermediates.noindex/TgVoipWebrtc.build/Debug/TgVoipWebrtc-t.build/Objects-normal/arm64/MediaStreaming.o -index-unit-output-path /TgVoipWebrtc.build/Debug/TgVoipWebrtc-t.build/Objects-normal/arm64/MediaStreaming.o
In file included from /Users/buddhirajgautam/Documents/Cherrygram-Mac/macOS-Swift/submodules/tgcalls/macos/Sources/MediaStreaming.mm:3:
In file included from /Users/buddhirajgautam/Documents/Cherrygram-Mac/macOS-Swift/submodules/tgcalls/macos/Sources/MediaUtils.h:13:
In file included from /Users/buddhirajgautam/Documents/Cherrygram-Mac/macOS-Swift/submodules/tgcalls/tgcalls/platform/darwin/VideoMetalViewMac.h:7:
In file included from /Users/buddhirajgautam/Documents/Cherrygram-Mac/macOS-Swift/submodules/tgcalls/SharedHeaders/webrtc/api/media_stream_interface.h:24:
In file included from /Users/buddhirajgautam/Documents/Cherrygram-Mac/macOS-Swift/submodules/tgcalls/SharedHeaders/webrtc/third_party/abseil-cpp/absl/types/optional.h:39:
In file included from /Users/buddhirajgautam/Documents/Cherrygram-Mac/macOS-Swift/submodules/tgcalls/SharedHeaders/webrtc/third_party/abseil-cpp/absl/utility/utility.h:45:
/Users/buddhirajgautam/Documents/Cherrygram-Mac/macOS-Swift/submodules/tgcalls/SharedHeaders/webrtc/third_party/abseil-cpp/absl/meta/type_traits.h:511:36: warning: builtin __is_trivially_relocatable is deprecated; use __builtin_is_cpp_trivially_relocatable instead [-Wdeprecated-builtins]
  511 |     : std::integral_constant<bool, __is_trivially_relocatable(T)> {};
      |                                    ^
1 warning generated.

CompileC /Users/buddhirajgautam/Library/Developer/Xcode/DerivedData/Telegram-Mac-fygdgghdgmuleoelvxabfmqiotta/Build/Intermediates.noindex/TgVoipWebrtc.build/Debug/TgVoipWebrtc-t.build/Objects-normal/arm64/MediaManager.o /Users/buddhirajgautam/Documents/Cherrygram-Mac/macOS-Swift/submodules/tgcalls/tgcalls/MediaManager.cpp normal arm64 c++ com.apple.compilers.llvm.clang.1_0.compiler (in target 'TgVoipWebrtc' from project 'TgVoipWebrtc')
    cd /Users/buddhirajgautam/Documents/Cherrygram-Mac/macOS-Swift
    
    Using response file: /Users/buddhirajgautam/Library/Developer/Xcode/DerivedData/Telegram-Mac-fygdgghdgmuleoelvxabfmqiotta/Build/Intermediates.noindex/TgVoipWebrtc.build/Debug/TgVoipWebrtc-t.build/Objects-normal/arm64/82b82416624d2658e5098eb0a28c15c5-common-args.resp
    
    /Applications/Xcode.app/Contents/Developer/Toolchains/XcodeDefault.xctoolchain/usr/bin/clang -x c++ -ivfsstatcache /Users/buddhirajgautam/Library/Developer/Xcode/DerivedData/SDKStatCaches.noindex/macosx27.0-26A425-e829b21a6f8c9b70876ba0858053c0447231f6df4def33e022ae2eb8f782df1a.sdkstatcache -target arm64-apple-macos12.0 -fmessage-length\=0 -fdiagnostics-show-note-include-stack -fmacro-backtrace-limit\=0 -fno-color-diagnostics -fmodules-prune-interval\=86400 -fmodules-prune-after\=345600 -fbuild-session-file\=/Users/buddhirajgautam/Library/Developer/Xcode/DerivedData/ModuleCache.noindex/Session.modulevalidation -fmodules-validate-once-per-build-session -Wnon-modular-include-in-framework-module -Werror\=non-modular-include-in-framework-module -Wno-trigraphs -Wno-missing-field-initializers -Wno-missing-prototypes -Wno-return-type -Wno-non-virtual-dtor -Wno-overloaded-virtual -Wno-exit-time-destructors -Wno-missing-braces -Wparentheses -Wswitch -Wno-unused-function -Wno-unused-label -Wno-unused-parameter -Wno-unused-variable -Wunused-value -Wno-empty-body -Wno-uninitialized -Wno-unknown-pragmas -Wno-shadow -Wno-four-char-constants -Wno-conversion -Wno-constant-conversion -Wno-int-conversion -Wno-bool-conversion -Wno-enum-conversion -Wno-float-conversion -Wno-non-literal-null-conversion -Wno-objc-literal-conversion -Wshorten-64-to-32 -Wno-newline-eof -Wno-c++11-extensions -Wno-implicit-fallthrough -isysroot /Applications/Xcode.app/Contents/Developer/Platforms/MacOSX.platform/Developer/SDKs/MacOSX27.0.sdk -fstrict-aliasing -Wdeprecated-declarations -Winvalid-offsetof -Wno-sign-conversion -Wno-infinite-recursion -Wno-move -Wno-comma -Wno-block-capture-autoreleasing -Wno-strict-prototypes -Wno-range-loop-analysis -Wno-semicolon-before-method-body -index-store-path /Users/buddhirajgautam/Library/Developer/Xcode/DerivedData/Telegram-Mac-fygdgghdgmuleoelvxabfmqiotta/Index.noindex/DataStore @/Users/buddhirajgautam/Library/Developer/Xcode/DerivedData/Telegram-Mac-fygdgghdgmuleoelvxabfmqiotta/Build/Intermediates.noindex/TgVoipWebrtc.build/Debug/TgVoipWebrtc-t.build/Objects-normal/arm64/82b82416624d2658e5098eb0a28c15c5-common-args.resp -MMD -MT dependencies -MF /Users/buddhirajgautam/Library/Developer/Xcode/DerivedData/Telegram-Mac-fygdgghdgmuleoelvxabfmqiotta/Build/Intermediates.noindex/TgVoipWebrtc.build/Debug/TgVoipWebrtc-t.build/Objects-normal/arm64/MediaManager.d --serialize-diagnostics /Users/buddhirajgautam/Library/Developer/Xcode/DerivedData/Telegram-Mac-fygdgghdgmuleoelvxabfmqiotta/Build/Intermediates.noindex/TgVoipWebrtc.build/Debug/TgVoipWebrtc-t.build/Objects-normal/arm64/MediaManager.dia -c /Users/buddhirajgautam/Documents/Cherrygram-Mac/macOS-Swift/submodules/tgcalls/tgcalls/MediaManager.cpp -o /Users/buddhirajgautam/Library/Developer/Xcode/DerivedData/Telegram-Mac-fygdgghdgmuleoelvxabfmqiotta/Build/Intermediates.noindex/TgVoipWebrtc.build/Debug/TgVoipWebrtc-t.build/Objects-normal/arm64/MediaManager.o -index-unit-output-path /TgVoipWebrtc.build/Debug/TgVoipWebrtc-t.build/Objects-normal/arm64/MediaManager.o
In file included from /Users/buddhirajgautam/Documents/Cherrygram-Mac/macOS-Swift/submodules/tgcalls/tgcalls/MediaManager.cpp:1:
In file included from /Users/buddhirajgautam/Documents/Cherrygram-Mac/macOS-Swift/submodules/tgcalls/tgcalls/MediaManager.h:4:
In file included from /Users/buddhirajgautam/Documents/Cherrygram-Mac/macOS-Swift/submodules/tgcalls/SharedHeaders/webrtc/rtc_base/thread.h:26:
In file included from /Users/buddhirajgautam/Documents/Cherrygram-Mac/macOS-Swift/submodules/tgcalls/SharedHeaders/webrtc/third_party/abseil-cpp/absl/strings/string_view.h:40:
In file included from /Users/buddhirajgautam/Documents/Cherrygram-Mac/macOS-Swift/submodules/tgcalls/SharedHeaders/webrtc/third_party/abseil-cpp/absl/base/nullability.h:153:
In file included from /Users/buddhirajgautam/Documents/Cherrygram-Mac/macOS-Swift/submodules/tgcalls/SharedHeaders/webrtc/third_party/abseil-cpp/absl/base/internal/nullability_impl.h:22:
/Users/buddhirajgautam/Documents/Cherrygram-Mac/macOS-Swift/submodules/tgcalls/SharedHeaders/webrtc/third_party/abseil-cpp/absl/meta/type_traits.h:511:36: warning: builtin __is_trivially_relocatable is deprecated; use __builtin_is_cpp_trivially_relocatable instead [-Wdeprecated-builtins]
  511 |     : std::integral_constant<bool, __is_trivially_relocatable(T)> {};
      |                                    ^
/Users/buddhirajgautam/Documents/Cherrygram-Mac/macOS-Swift/submodules/tgcalls/tgcalls/MediaManager.cpp:709:6: warning: implicit capture of 'this' with a capture default of '=' is deprecated [-Wdeprecated-this-capture]
  709 |                                         setOutgoingVideoState(state);
      |                                         ^
/Users/buddhirajgautam/Documents/Cherrygram-Mac/macOS-Swift/submodules/tgcalls/tgcalls/MediaManager.cpp:702:22: note: add an explicit capture of 'this' to capture '*this' by reference
  702 |                         thread->PostTask([=] {
      |                                           ^
      |                                            , this
/Users/buddhirajgautam/Documents/Cherrygram-Mac/macOS-Swift/submodules/tgcalls/tgcalls/MediaManager.cpp:709:6: warning: implicit capture of 'this' with a capture default of '=' is deprecated [-Wdeprecated-this-capture]
  709 |                                         setOutgoingVideoState(state);
      |                                         ^
/Users/buddhirajgautam/Documents/Cherrygram-Mac/macOS-Swift/submodules/tgcalls/tgcalls/MediaManager.cpp:701:28: note: add an explicit capture of 'this' to capture '*this' by reference
  701 |                 object->setStateUpdated([=](VideoState state) {
      |                                          ^
      |                                           , this
In file included from /Users/buddhirajgautam/Documents/Cherrygram-Mac/macOS-Swift/submodules/tgcalls/tgcalls/MediaManager.cpp:1:
In file included from /Users/buddhirajgautam/Documents/Cherrygram-Mac/macOS-Swift/submodules/tgcalls/tgcalls/MediaManager.h:4:
In file included from /Users/buddhirajgautam/Documents/Cherrygram-Mac/macOS-Swift/submodules/tgcalls/SharedHeaders/webrtc/rtc_base/thread.h:26:
In file included from /Users/buddhirajgautam/Documents/Cherrygram-Mac/macOS-Swift/submodules/tgcalls/SharedHeaders/webrtc/third_party/abseil-cpp/absl/strings/string_view.h:40:
In file included from /Users/buddhirajgautam/Documents/Cherrygram-Mac/macOS-Swift/submodules/tgcalls/SharedHeaders/webrtc/third_party/abseil-cpp/absl/base/nullability.h:153:
In file included from /Users/buddhirajgautam/Documents/Cherrygram-Mac/macOS-Swift/submodules/tgcalls/SharedHeaders/webrtc/third_party/abseil-cpp/absl/base/internal/nullability_impl.h:22:
/Users/buddhirajgautam/Documents/Cherrygram-Mac/macOS-Swift/submodules/tgcalls/SharedHeaders/webrtc/third_party/abseil-cpp/absl/meta/type_traits.h:511:36: warning: builtin __is_trivially_relocatable is deprecated; use __builtin_is_cpp_trivially_relocatable instead [-Wdeprecated-builtins]
  511 |     : std::integral_constant<bool, __is_trivially_relocatable(T)> {};
      |                                    ^
In file included from /Users/buddhirajgautam/Documents/Cherrygram-Mac/macOS-Swift/submodules/tgcalls/tgcalls/MediaManager.cpp:1:
In file included from /Users/buddhirajgautam/Documents/Cherrygram-Mac/macOS-Swift/submodules/tgcalls/tgcalls/MediaManager.h:8:
In file included from /Users/buddhirajgautam/Documents/Cherrygram-Mac/macOS-Swift/submodules/tgcalls/SharedHeaders/webrtc/pc/rtp_sender.h:29:
In file included from /Users/buddhirajgautam/Documents/Cherrygram-Mac/macOS-Swift/submodules/tgcalls/SharedHeaders/webrtc/api/frame_transformer_interface.h:19:
In file included from /Users/buddhirajgautam/Documents/Cherrygram-Mac/macOS-Swift/submodules/tgcalls/SharedHeaders/webrtc/api/video/encoded_frame.h:21:
In file included from /Users/buddhirajgautam/Documents/Cherrygram-Mac/macOS-Swift/submodules/tgcalls/SharedHeaders/webrtc/modules/rtp_rtcp/source/rtp_video_header.h:16:
In file included from /Users/buddhirajgautam/Documents/Cherrygram-Mac/macOS-Swift/submodules/tgcalls/SharedHeaders/webrtc/third_party/abseil-cpp/absl/container/inlined_vector.h:53:
/Users/buddhirajgautam/Documents/Cherrygram-Mac/macOS-Swift/submodules/tgcalls/SharedHeaders/webrtc/third_party/abseil-cpp/absl/container/internal/inlined_vector.h:522:22: note: in instantiation of template class 'absl::is_trivially_relocatable<webrtc::DecodeTargetIndication>' requested here
  522 |                absl::is_trivially_relocatable<V>::value ||
      |                      ^
In file included from /Users/buddhirajgautam/Documents/Cherrygram-Mac/macOS-Swift/submodules/tgcalls/tgcalls/MediaManager.cpp:1:
In file included from /Users/buddhirajgautam/Documents/Cherrygram-Mac/macOS-Swift/submodules/tgcalls/tgcalls/MediaManager.h:4:
In file included from /Users/buddhirajgautam/Documents/Cherrygram-Mac/macOS-Swift/submodules/tgcalls/SharedHeaders/webrtc/rtc_base/thread.h:26:
In file included from /Users/buddhirajgautam/Documents/Cherrygram-Mac/macOS-Swift/submodules/tgcalls/SharedHeaders/webrtc/third_party/abseil-cpp/absl/strings/string_view.h:43:
/Users/buddhirajgautam/Documents/Cherrygram-Mac/macOS-Swift/submodules/tgcalls/SharedHeaders/webrtc/third_party/abseil-cpp/absl/base/macros.h:128:49: note: expanded from macro 'ABSL_HARDENING_ASSERT'
  128 | #define ABSL_HARDENING_ASSERT(expr) ABSL_ASSERT(expr)
      |                                                 ^
/Users/buddhirajgautam/Documents/Cherrygram-Mac/macOS-Swift/submodules/tgcalls/SharedHeaders/webrtc/third_party/abseil-cpp/absl/base/macros.h:95:30: note: expanded from macro 'ABSL_ASSERT'
   95 |   (false ? static_cast<void>(expr) : static_cast<void>(0))
      |                              ^
In file included from /Users/buddhirajgautam/Documents/Cherrygram-Mac/macOS-Swift/submodules/tgcalls/tgcalls/MediaManager.cpp:1:
In file included from /Users/buddhirajgautam/Documents/Cherrygram-Mac/macOS-Swift/submodules/tgcalls/tgcalls/MediaManager.h:8:
In file included from /Users/buddhirajgautam/Documents/Cherrygram-Mac/macOS-Swift/submodules/tgcalls/SharedHeaders/webrtc/pc/rtp_sender.h:29:
In file included from /Users/buddhirajgautam/Documents/Cherrygram-Mac/macOS-Swift/submodules/tgcalls/SharedHeaders/webrtc/api/frame_transformer_interface.h:19:
In file included from /Users/buddhirajgautam/Documents/Cherrygram-Mac/macOS-Swift/submodules/tgcalls/SharedHeaders/webrtc/api/video/encoded_frame.h:21:
In file included from /Users/buddhirajgautam/Documents/Cherrygram-Mac/macOS-Swift/submodules/tgcalls/SharedHeaders/webrtc/modules/rtp_rtcp/source/rtp_video_header.h:16:
/Users/buddhirajgautam/Documents/Cherrygram-Mac/macOS-Swift/submodules/tgcalls/SharedHeaders/webrtc/third_party/abseil-cpp/absl/container/inlined_vector.h:856:14: note: in instantiation of member function 'absl::inlined_vector_internal::Storage<webrtc::DecodeTargetIndication, 10, std::allocator<webrtc::DecodeTargetIndication>>::MemcpyFrom' requested here
  856 |     storage_.MemcpyFrom(other.storage_);
      |              ^
/Users/buddhirajgautam/Documents/Cherrygram-Mac/macOS-Swift/submodules/tgcalls/SharedHeaders/webrtc/third_party/abseil-cpp/absl/container/inlined_vector.h:548:7: note: in instantiation of member function 'absl::InlinedVector<webrtc::DecodeTargetIndication, 10>::MoveAssignment' requested here
  548 |       MoveAssignment(MoveAssignmentPolicy{}, std::move(other));
      |       ^
In file included from /Users/buddhirajgautam/Documents/Cherrygram-Mac/macOS-Swift/submodules/tgcalls/tgcalls/MediaManager.cpp:1:
In file included from /Users/buddhirajgautam/Documents/Cherrygram-Mac/macOS-Swift/submodules/tgcalls/tgcalls/MediaManager.h:8:
In file included from /Users/buddhirajgautam/Documents/Cherrygram-Mac/macOS-Swift/submodules/tgcalls/SharedHeaders/webrtc/pc/rtp_sender.h:29:
In file included from /Users/buddhirajgautam/Documents/Cherrygram-Mac/macOS-Swift/submodules/tgcalls/SharedHeaders/webrtc/api/frame_transformer_interface.h:19:
In file included from /Users/buddhirajgautam/Documents/Cherrygram-Mac/macOS-Swift/submodules/tgcalls/SharedHeaders/webrtc/api/video/encoded_frame.h:21:
In file included from /Users/buddhirajgautam/Documents/Cherrygram-Mac/macOS-Swift/submodules/tgcalls/SharedHeaders/webrtc/modules/rtp_rtcp/source/rtp_video_header.h:20:
/Users/buddhirajgautam/Documents/Cherrygram-Mac/macOS-Swift/submodules/tgcalls/SharedHeaders/webrtc/api/transport/rtp/dependency_descriptor.h:133:35: note: in instantiation of member function 'absl::InlinedVector<webrtc::DecodeTargetIndication, 10>::operator=' requested here
  133 |   this->decode_target_indications =
      |                                   ^
In file included from /Users/buddhirajgautam/Documents/Cherrygram-Mac/macOS-Swift/submodules/tgcalls/tgcalls/MediaManager.cpp:1:
In file included from /Users/buddhirajgautam/Documents/Cherrygram-Mac/macOS-Swift/submodules/tgcalls/tgcalls/MediaManager.h:4:
In file included from /Users/buddhirajgautam/Documents/Cherrygram-Mac/macOS-Swift/submodules/tgcalls/SharedHeaders/webrtc/rtc_base/thread.h:26:
In file included from /Users/buddhirajgautam/Documents/Cherrygram-Mac/macOS-Swift/submodules/tgcalls/SharedHeaders/webrtc/third_party/abseil-cpp/absl/strings/string_view.h:40:
In file included from /Users/buddhirajgautam/Documents/Cherrygram-Mac/macOS-Swift/submodules/tgcalls/SharedHeaders/webrtc/third_party/abseil-cpp/absl/base/nullability.h:153:
In file included from /Users/buddhirajgautam/Documents/Cherrygram-Mac/macOS-Swift/submodules/tgcalls/SharedHeaders/webrtc/third_party/abseil-cpp/absl/base/internal/nullability_impl.h:22:
/Users/buddhirajgautam/Documents/Cherrygram-Mac/macOS-Swift/submodules/tgcalls/SharedHeaders/webrtc/third_party/abseil-cpp/absl/meta/type_traits.h:511:36: warning: builtin __is_trivially_relocatable is deprecated; use __builtin_is_cpp_trivially_relocatable instead [-Wdeprecated-builtins]
  511 |     : std::integral_constant<bool, __is_trivially_relocatable(T)> {};
      |                                    ^
In file included from /Users/buddhirajgautam/Documents/Cherrygram-Mac/macOS-Swift/submodules/tgcalls/tgcalls/MediaManager.cpp:1:
In file included from /Users/buddhirajgautam/Documents/Cherrygram-Mac/macOS-Swift/submodules/tgcalls/tgcalls/MediaManager.h:8:
In file included from /Users/buddhirajgautam/Documents/Cherrygram-Mac/macOS-Swift/submodules/tgcalls/SharedHeaders/webrtc/pc/rtp_sender.h:29:
In file included from /Users/buddhirajgautam/Documents/Cherrygram-Mac/macOS-Swift/submodules/tgcalls/SharedHeaders/webrtc/api/frame_transformer_interface.h:19:
In file included from /Users/buddhirajgautam/Documents/Cherrygram-Mac/macOS-Swift/submodules/tgcalls/SharedHeaders/webrtc/api/video/encoded_frame.h:21:
In file included from /Users/buddhirajgautam/Documents/Cherrygram-Mac/macOS-Swift/submodules/tgcalls/SharedHeaders/webrtc/modules/rtp_rtcp/source/rtp_video_header.h:16:
In file included from /Users/buddhirajgautam/Documents/Cherrygram-Mac/macOS-Swift/submodules/tgcalls/SharedHeaders/webrtc/third_party/abseil-cpp/absl/container/inlined_vector.h:53:
/Users/buddhirajgautam/Documents/Cherrygram-Mac/macOS-Swift/submodules/tgcalls/SharedHeaders/webrtc/third_party/abseil-cpp/absl/container/internal/inlined_vector.h:522:22: note: in instantiation of template class 'absl::is_trivially_relocatable<int>' requested here
  522 |                absl::is_trivially_relocatable<V>::value ||
      |                      ^
In file included from /Users/buddhirajgautam/Documents/Cherrygram-Mac/macOS-Swift/submodules/tgcalls/tgcalls/MediaManager.cpp:1:
In file included from /Users/buddhirajgautam/Documents/Cherrygram-Mac/macOS-Swift/submodules/tgcalls/tgcalls/MediaManager.h:4:
In file included from /Users/buddhirajgautam/Documents/Cherrygram-Mac/macOS-Swift/submodules/tgcalls/SharedHeaders/webrtc/rtc_base/thread.h:26:
In file included from /Users/buddhirajgautam/Documents/Cherrygram-Mac/macOS-Swift/submodules/tgcalls/SharedHeaders/webrtc/third_party/abseil-cpp/absl/strings/string_view.h:43:
/Users/buddhirajgautam/Documents/Cherrygram-Mac/macOS-Swift/submodules/tgcalls/SharedHeaders/webrtc/third_party/abseil-cpp/absl/base/macros.h:128:49: note: expanded from macro 'ABSL_HARDENING_ASSERT'
  128 | #define ABSL_HARDENING_ASSERT(expr) ABSL_ASSERT(expr)
      |                                                 ^
/Users/buddhirajgautam/Documents/Cherrygram-Mac/macOS-Swift/submodules/tgcalls/SharedHeaders/webrtc/third_party/abseil-cpp/absl/base/macros.h:95:30: note: expanded from macro 'ABSL_ASSERT'
   95 |   (false ? static_cast<void>(expr) : static_cast<void>(0))
      |                              ^
In file included from /Users/buddhirajgautam/Documents/Cherrygram-Mac/macOS-Swift/submodules/tgcalls/tgcalls/MediaManager.cpp:1:
In file included from /Users/buddhirajgautam/Documents/Cherrygram-Mac/macOS-Swift/submodules/tgcalls/tgcalls/MediaManager.h:8:
In file included from /Users/buddhirajgautam/Documents/Cherrygram-Mac/macOS-Swift/submodules/tgcalls/SharedHeaders/webrtc/pc/rtp_sender.h:29:
In file included from /Users/buddhirajgautam/Documents/Cherrygram-Mac/macOS-Swift/submodules/tgcalls/SharedHeaders/webrtc/api/frame_transformer_interface.h:19:
In file included from /Users/buddhirajgautam/Documents/Cherrygram-Mac/macOS-Swift/submodules/tgcalls/SharedHeaders/webrtc/api/video/encoded_frame.h:21:
In file included from /Users/buddhirajgautam/Documents/Cherrygram-Mac/macOS-Swift/submodules/tgcalls/SharedHeaders/webrtc/modules/rtp_rtcp/source/rtp_video_header.h:16:
/Users/buddhirajgautam/Documents/Cherrygram-Mac/macOS-Swift/submodules/tgcalls/SharedHeaders/webrtc/third_party/abseil-cpp/absl/container/inlined_vector.h:195:16: note: in instantiation of member function 'absl::inlined_vector_internal::Storage<int, 4, std::allocator<int>>::MemcpyFrom' requested here
  195 |       storage_.MemcpyFrom(other.storage_);
      |                ^
/Users/buddhirajgautam/Documents/Cherrygram-Mac/macOS-Swift/submodules/tgcalls/SharedHeaders/webrtc/third_party/abseil-cpp/absl/container/inlined_vector.h:177:9: note: in instantiation of member function 'absl::InlinedVector<int, 4>::InlinedVector' requested here
  177 |       : InlinedVector(other, other.storage_.GetAllocator()) {}
      |         ^
In file included from /Users/buddhirajgautam/Documents/Cherrygram-Mac/macOS-Swift/submodules/tgcalls/tgcalls/MediaManager.cpp:1:
In file included from /Users/buddhirajgautam/Documents/Cherrygram-Mac/macOS-Swift/submodules/tgcalls/tgcalls/MediaManager.h:8:
In file included from /Users/buddhirajgautam/Documents/Cherrygram-Mac/macOS-Swift/submodules/tgcalls/SharedHeaders/webrtc/pc/rtp_sender.h:29:
In file included from /Users/buddhirajgautam/Documents/Cherrygram-Mac/macOS-Swift/submodules/tgcalls/SharedHeaders/webrtc/api/frame_transformer_interface.h:19:
In file included from /Users/buddhirajgautam/Documents/Cherrygram-Mac/macOS-Swift/submodules/tgcalls/SharedHeaders/webrtc/api/video/encoded_frame.h:21:
In file included from /Users/buddhirajgautam/Documents/Cherrygram-Mac/macOS-Swift/submodules/tgcalls/SharedHeaders/webrtc/modules/rtp_rtcp/source/rtp_video_header.h:20:
/Users/buddhirajgautam/Documents/Cherrygram-Mac/macOS-Swift/submodules/tgcalls/SharedHeaders/webrtc/api/transport/rtp/dependency_descriptor.h:37:8: note: in instantiation of member function 'absl::InlinedVector<int, 4>::InlinedVector' requested here
   37 | struct FrameDependencyTemplate {
      |        ^
In file included from /Users/buddhirajgautam/Documents/Cherrygram-Mac/macOS-Swift/submodules/tgcalls/tgcalls/MediaManager.cpp:1:
In file included from /Users/buddhirajgautam/Documents/Cherrygram-Mac/macOS-Swift/submodules/tgcalls/tgcalls/MediaManager.h:4:
In file included from /Users/buddhirajgautam/Documents/Cherrygram-Mac/macOS-Swift/submodules/tgcalls/SharedHeaders/webrtc/rtc_base/thread.h:26:
In file included from /Users/buddhirajgautam/Documents/Cherrygram-Mac/macOS-Swift/submodules/tgcalls/SharedHeaders/webrtc/third_party/abseil-cpp/absl/strings/string_view.h:40:
In file included from /Users/buddhirajgautam/Documents/Cherrygram-Mac/macOS-Swift/submodules/tgcalls/SharedHeaders/webrtc/third_party/abseil-cpp/absl/base/nullability.h:153:
In file included from /Users/buddhirajgautam/Documents/Cherrygram-Mac/macOS-Swift/submodules/tgcalls/SharedHeaders/webrtc/third_party/abseil-cpp/absl/base/internal/nullability_impl.h:22:
/Users/buddhirajgautam/Documents/Cherrygram-Mac/macOS-Swift/submodules/tgcalls/SharedHeaders/webrtc/third_party/abseil-cpp/absl/meta/type_traits.h:511:36: warning: builtin __is_trivially_relocatable is deprecated; use __builtin_is_cpp_trivially_relocatable instead [-Wdeprecated-builtins]
  511 |     : std::integral_constant<bool, __is_trivially_relocatable(T)> {};
      |                                    ^
In file included from /Users/buddhirajgautam/Documents/Cherrygram-Mac/macOS-Swift/submodules/tgcalls/tgcalls/MediaManager.cpp:1:
In file included from /Users/buddhirajgautam/Documents/Cherrygram-Mac/macOS-Swift/submodules/tgcalls/tgcalls/MediaManager.h:8:
In file included from /Users/buddhirajgautam/Documents/Cherrygram-Mac/macOS-Swift/submodules/tgcalls/SharedHeaders/webrtc/pc/rtp_sender.h:29:
In file included from /Users/buddhirajgautam/Documents/Cherrygram-Mac/macOS-Swift/submodules/tgcalls/SharedHeaders/webrtc/api/frame_transformer_interface.h:19:
In file included from /Users/buddhirajgautam/Documents/Cherrygram-Mac/macOS-Swift/submodules/tgcalls/SharedHeaders/webrtc/api/video/encoded_frame.h:21:
In file included from /Users/buddhirajgautam/Documents/Cherrygram-Mac/macOS-Swift/submodules/tgcalls/SharedHeaders/webrtc/modules/rtp_rtcp/source/rtp_video_header.h:16:
In file included from /Users/buddhirajgautam/Documents/Cherrygram-Mac/macOS-Swift/submodules/tgcalls/SharedHeaders/webrtc/third_party/abseil-cpp/absl/container/inlined_vector.h:53:
/Users/buddhirajgautam/Documents/Cherrygram-Mac/macOS-Swift/submodules/tgcalls/SharedHeaders/webrtc/third_party/abseil-cpp/absl/container/internal/inlined_vector.h:522:22: note: in instantiation of template class 'absl::is_trivially_relocatable<webrtc::RenderResolution>' requested here
  522 |                absl::is_trivially_relocatable<V>::value ||
      |                      ^
In file included from /Users/buddhirajgautam/Documents/Cherrygram-Mac/macOS-Swift/submodules/tgcalls/tgcalls/MediaManager.cpp:1:
In file included from /Users/buddhirajgautam/Documents/Cherrygram-Mac/macOS-Swift/submodules/tgcalls/tgcalls/MediaManager.h:4:
In file included from /Users/buddhirajgautam/Documents/Cherrygram-Mac/macOS-Swift/submodules/tgcalls/SharedHeaders/webrtc/rtc_base/thread.h:26:
In file included from /Users/buddhirajgautam/Documents/Cherrygram-Mac/macOS-Swift/submodules/tgcalls/SharedHeaders/webrtc/third_party/abseil-cpp/absl/strings/string_view.h:43:
/Users/buddhirajgautam/Documents/Cherrygram-Mac/macOS-Swift/submodules/tgcalls/SharedHeaders/webrtc/third_party/abseil-cpp/absl/base/macros.h:128:49: note: expanded from macro 'ABSL_HARDENING_ASSERT'
  128 | #define ABSL_HARDENING_ASSERT(expr) ABSL_ASSERT(expr)
      |                                                 ^
/Users/buddhirajgautam/Documents/Cherrygram-Mac/macOS-Swift/submodules/tgcalls/SharedHeaders/webrtc/third_party/abseil-cpp/absl/base/macros.h:95:30: note: expanded from macro 'ABSL_ASSERT'
   95 |   (false ? static_cast<void>(expr) : static_cast<void>(0))
      |                              ^
In file included from /Users/buddhirajgautam/Documents/Cherrygram-Mac/macOS-Swift/submodules/tgcalls/tgcalls/MediaManager.cpp:1:
In file included from /Users/buddhirajgautam/Documents/Cherrygram-Mac/macOS-Swift/submodules/tgcalls/tgcalls/MediaManager.h:8:
In file included from /Users/buddhirajgautam/Documents/Cherrygram-Mac/macOS-Swift/submodules/tgcalls/SharedHeaders/webrtc/pc/rtp_sender.h:29:
In file included from /Users/buddhirajgautam/Documents/Cherrygram-Mac/macOS-Swift/submodules/tgcalls/SharedHeaders/webrtc/api/frame_transformer_interface.h:19:
In file included from /Users/buddhirajgautam/Documents/Cherrygram-Mac/macOS-Swift/submodules/tgcalls/SharedHeaders/webrtc/api/video/encoded_frame.h:21:
In file included from /Users/buddhirajgautam/Documents/Cherrygram-Mac/macOS-Swift/submodules/tgcalls/SharedHeaders/webrtc/modules/rtp_rtcp/source/rtp_video_header.h:16:
/Users/buddhirajgautam/Documents/Cherrygram-Mac/macOS-Swift/submodules/tgcalls/SharedHeaders/webrtc/third_party/abseil-cpp/absl/container/inlined_vector.h:195:16: note: in instantiation of member function 'absl::inlined_vector_internal::Storage<webrtc::RenderResolution, 4, std::allocator<webrtc::RenderResolution>>::MemcpyFrom' requested here
  195 |       storage_.MemcpyFrom(other.storage_);
      |                ^
/Users/buddhirajgautam/Documents/Cherrygram-Mac/macOS-Swift/submodules/tgcalls/SharedHeaders/webrtc/third_party/abseil-cpp/absl/container/inlined_vector.h:177:9: note: in instantiation of member function 'absl::InlinedVector<webrtc::RenderResolution, 4>::InlinedVector' requested here
  177 |       : InlinedVector(other, other.storage_.GetAllocator()) {}
      |         ^
In file included from /Users/buddhirajgautam/Documents/Cherrygram-Mac/macOS-Swift/submodules/tgcalls/tgcalls/MediaManager.cpp:1:
In file included from /Users/buddhirajgautam/Documents/Cherrygram-Mac/macOS-Swift/submodules/tgcalls/tgcalls/MediaManager.h:8:
In file included from /Users/buddhirajgautam/Documents/Cherrygram-Mac/macOS-Swift/submodules/tgcalls/SharedHeaders/webrtc/pc/rtp_sender.h:29:
In file included from /Users/buddhirajgautam/Documents/Cherrygram-Mac/macOS-Swift/submodules/tgcalls/SharedHeaders/webrtc/api/frame_transformer_interface.h:19:
In file included from /Users/buddhirajgautam/Documents/Cherrygram-Mac/macOS-Swift/submodules/tgcalls/SharedHeaders/webrtc/api/video/encoded_frame.h:21:
In file included from /Users/buddhirajgautam/Documents/Cherrygram-Mac/macOS-Swift/submodules/tgcalls/SharedHeaders/webrtc/modules/rtp_rtcp/source/rtp_video_header.h:20:
/Users/buddhirajgautam/Documents/Cherrygram-Mac/macOS-Swift/submodules/tgcalls/SharedHeaders/webrtc/api/transport/rtp/dependency_descriptor.h:61:8: note: in instantiation of member function 'absl::InlinedVector<webrtc::RenderResolution, 4>::InlinedVector' requested here
   61 | struct FrameDependencyStructure {
      |        ^
6 warnings generated.

CompileC /Users/buddhirajgautam/Library/Developer/Xcode/DerivedData/Telegram-Mac-fygdgghdgmuleoelvxabfmqiotta/Build/Intermediates.noindex/TgVoipWebrtc.build/Debug/TgVoipWebrtc-t.build/Objects-normal/arm64/Manager.o /Users/buddhirajgautam/Documents/Cherrygram-Mac/macOS-Swift/submodules/tgcalls/tgcalls/Manager.cpp normal arm64 c++ com.apple.compilers.llvm.clang.1_0.compiler (in target 'TgVoipWebrtc' from project 'TgVoipWebrtc')
    cd /Users/buddhirajgautam/Documents/Cherrygram-Mac/macOS-Swift
    
    Using response file: /Users/buddhirajgautam/Library/Developer/Xcode/DerivedData/Telegram-Mac-fygdgghdgmuleoelvxabfmqiotta/Build/Intermediates.noindex/TgVoipWebrtc.build/Debug/TgVoipWebrtc-t.build/Objects-normal/arm64/82b82416624d2658e5098eb0a28c15c5-common-args.resp
    
    /Applications/Xcode.app/Contents/Developer/Toolchains/XcodeDefault.xctoolchain/usr/bin/clang -x c++ -ivfsstatcache /Users/buddhirajgautam/Library/Developer/Xcode/DerivedData/SDKStatCaches.noindex/macosx27.0-26A425-e829b21a6f8c9b70876ba0858053c0447231f6df4def33e022ae2eb8f782df1a.sdkstatcache -target arm64-apple-macos12.0 -fmessage-length\=0 -fdiagnostics-show-note-include-stack -fmacro-backtrace-limit\=0 -fno-color-diagnostics -fmodules-prune-interval\=86400 -fmodules-prune-after\=345600 -fbuild-session-file\=/Users/buddhirajgautam/Library/Developer/Xcode/DerivedData/ModuleCache.noindex/Session.modulevalidation -fmodules-validate-once-per-build-session -Wnon-modular-include-in-framework-module -Werror\=non-modular-include-in-framework-module -Wno-trigraphs -Wno-missing-field-initializers -Wno-missing-prototypes -Wno-return-type -Wno-non-virtual-dtor -Wno-overloaded-virtual -Wno-exit-time-destructors -Wno-missing-braces -Wparentheses -Wswitch -Wno-unused-function -Wno-unused-label -Wno-unused-parameter -Wno-unused-variable -Wunused-value -Wno-empty-body -Wno-uninitialized -Wno-unknown-pragmas -Wno-shadow -Wno-four-char-constants -Wno-conversion -Wno-constant-conversion -Wno-int-conversion -Wno-bool-conversion -Wno-enum-conversion -Wno-float-conversion -Wno-non-literal-null-conversion -Wno-objc-literal-conversion -Wshorten-64-to-32 -Wno-newline-eof -Wno-c++11-extensions -Wno-implicit-fallthrough -isysroot /Applications/Xcode.app/Contents/Developer/Platforms/MacOSX.platform/Developer/SDKs/MacOSX27.0.sdk -fstrict-aliasing -Wdeprecated-declarations -Winvalid-offsetof -Wno-sign-conversion -Wno-infinite-recursion -Wno-move -Wno-comma -Wno-block-capture-autoreleasing -Wno-strict-prototypes -Wno-range-loop-analysis -Wno-semicolon-before-method-body -index-store-path /Users/buddhirajgautam/Library/Developer/Xcode/DerivedData/Telegram-Mac-fygdgghdgmuleoelvxabfmqiotta/Index.noindex/DataStore @/Users/buddhirajgautam/Library/Developer/Xcode/DerivedData/Telegram-Mac-fygdgghdgmuleoelvxabfmqiotta/Build/Intermediates.noindex/TgVoipWebrtc.build/Debug/TgVoipWebrtc-t.build/Objects-normal/arm64/82b82416624d2658e5098eb0a28c15c5-common-args.resp -MMD -MT dependencies -MF /Users/buddhirajgautam/Library/Developer/Xcode/DerivedData/Telegram-Mac-fygdgghdgmuleoelvxabfmqiotta/Build/Intermediates.noindex/TgVoipWebrtc.build/Debug/TgVoipWebrtc-t.build/Objects-normal/arm64/Manager.d --serialize-diagnostics /Users/buddhirajgautam/Library/Developer/Xcode/DerivedData/Telegram-Mac-fygdgghdgmuleoelvxabfmqiotta/Build/Intermediates.noindex/TgVoipWebrtc.build/Debug/TgVoipWebrtc-t.build/Objects-normal/arm64/Manager.dia -c /Users/buddhirajgautam/Documents/Cherrygram-Mac/macOS-Swift/submodules/tgcalls/tgcalls/Manager.cpp -o /Users/buddhirajgautam/Library/Developer/Xcode/DerivedData/Telegram-Mac-fygdgghdgmuleoelvxabfmqiotta/Build/Intermediates.noindex/TgVoipWebrtc.build/Debug/TgVoipWebrtc-t.build/Objects-normal/arm64/Manager.o -index-unit-output-path /TgVoipWebrtc.build/Debug/TgVoipWebrtc-t.build/Objects-normal/arm64/Manager.o
In file included from /Users/buddhirajgautam/Documents/Cherrygram-Mac/macOS-Swift/submodules/tgcalls/tgcalls/Manager.cpp:1:
In file included from /Users/buddhirajgautam/Documents/Cherrygram-Mac/macOS-Swift/submodules/tgcalls/tgcalls/Manager.h:4:
In file included from /Users/buddhirajgautam/Documents/Cherrygram-Mac/macOS-Swift/submodules/tgcalls/tgcalls/ThreadLocalObject.h:4:
In file included from /Users/buddhirajgautam/Documents/Cherrygram-Mac/macOS-Swift/submodules/tgcalls/SharedHeaders/webrtc/rtc_base/thread.h:26:
In file included from /Users/buddhirajgautam/Documents/Cherrygram-Mac/macOS-Swift/submodules/tgcalls/SharedHeaders/webrtc/third_party/abseil-cpp/absl/strings/string_view.h:40:
In file included from /Users/buddhirajgautam/Documents/Cherrygram-Mac/macOS-Swift/submodules/tgcalls/SharedHeaders/webrtc/third_party/abseil-cpp/absl/base/nullability.h:153:
In file included from /Users/buddhirajgautam/Documents/Cherrygram-Mac/macOS-Swift/submodules/tgcalls/SharedHeaders/webrtc/third_party/abseil-cpp/absl/base/internal/nullability_impl.h:22:
/Users/buddhirajgautam/Documents/Cherrygram-Mac/macOS-Swift/submodules/tgcalls/SharedHeaders/webrtc/third_party/abseil-cpp/absl/meta/type_traits.h:511:36: warning: builtin __is_trivially_relocatable is deprecated; use __builtin_is_cpp_trivially_relocatable instead [-Wdeprecated-builtins]
  511 |     : std::integral_constant<bool, __is_trivially_relocatable(T)> {};
      |                                    ^
/Users/buddhirajgautam/Documents/Cherrygram-Mac/macOS-Swift/submodules/tgcalls/tgcalls/Manager.cpp:85:32: warning: implicit capture of 'this' with a capture default of '=' is deprecated [-Wdeprecated-this-capture]
   85 |         [=](int delayMs, int cause) { sendSignalingAsync(delayMs, cause); }),
      |                                       ^
/Users/buddhirajgautam/Documents/Cherrygram-Mac/macOS-Swift/submodules/tgcalls/tgcalls/Manager.cpp:85:3: note: add an explicit capture of 'this' to capture '*this' by reference
   85 |         [=](int delayMs, int cause) { sendSignalingAsync(delayMs, cause); }),
      |          ^
      |           , this
/Users/buddhirajgautam/Documents/Cherrygram-Mac/macOS-Swift/submodules/tgcalls/tgcalls/Manager.cpp:112:29: warning: implicit capture of 'this' with a capture default of '=' is deprecated [-Wdeprecated-this-capture]
  112 |                 if (const auto prepared = _signaling.prepareForSending(message)) {
      |                                           ^
/Users/buddhirajgautam/Documents/Cherrygram-Mac/macOS-Swift/submodules/tgcalls/tgcalls/Manager.cpp:111:27: note: add an explicit capture of 'this' to capture '*this' by reference
  111 |         _sendSignalingMessage = [=](const Message &message) {
      |                                  ^
      |                                   , this
/Users/buddhirajgautam/Documents/Cherrygram-Mac/macOS-Swift/submodules/tgcalls/tgcalls/Manager.cpp:119:3: warning: implicit capture of 'this' with a capture default of '=' is deprecated [-Wdeprecated-this-capture]
  119 |                 _networkManager->perform([message = std::move(message)](NetworkManager *networkManager) {
      |                 ^
/Users/buddhirajgautam/Documents/Cherrygram-Mac/macOS-Swift/submodules/tgcalls/tgcalls/Manager.cpp:118:27: note: add an explicit capture of 'this' to capture '*this' by reference
  118 |         _sendTransportMessage = [=](Message &&message) {
      |                                  ^
      |                                   , this
In file included from /Users/buddhirajgautam/Documents/Cherrygram-Mac/macOS-Swift/submodules/tgcalls/tgcalls/Manager.cpp:1:
In file included from /Users/buddhirajgautam/Documents/Cherrygram-Mac/macOS-Swift/submodules/tgcalls/tgcalls/Manager.h:4:
In file included from /Users/buddhirajgautam/Documents/Cherrygram-Mac/macOS-Swift/submodules/tgcalls/tgcalls/ThreadLocalObject.h:4:
In file included from /Users/buddhirajgautam/Documents/Cherrygram-Mac/macOS-Swift/submodules/tgcalls/SharedHeaders/webrtc/rtc_base/thread.h:26:
In file included from /Users/buddhirajgautam/Documents/Cherrygram-Mac/macOS-Swift/submodules/tgcalls/SharedHeaders/webrtc/third_party/abseil-cpp/absl/strings/string_view.h:40:
In file included from /Users/buddhirajgautam/Documents/Cherrygram-Mac/macOS-Swift/submodules/tgcalls/SharedHeaders/webrtc/third_party/abseil-cpp/absl/base/nullability.h:153:
In file included from /Users/buddhirajgautam/Documents/Cherrygram-Mac/macOS-Swift/submodules/tgcalls/SharedHeaders/webrtc/third_party/abseil-cpp/absl/base/internal/nullability_impl.h:22:
/Users/buddhirajgautam/Documents/Cherrygram-Mac/macOS-Swift/submodules/tgcalls/SharedHeaders/webrtc/third_party/abseil-cpp/absl/meta/type_traits.h:511:36: warning: builtin __is_trivially_relocatable is deprecated; use __builtin_is_cpp_trivially_relocatable instead [-Wdeprecated-builtins]
  511 |     : std::integral_constant<bool, __is_trivially_relocatable(T)> {};
      |                                    ^
In file included from /Users/buddhirajgautam/Documents/Cherrygram-Mac/macOS-Swift/submodules/tgcalls/tgcalls/Manager.cpp:1:
In file included from /Users/buddhirajgautam/Documents/Cherrygram-Mac/macOS-Swift/submodules/tgcalls/tgcalls/Manager.h:5:
In file included from /Users/buddhirajgautam/Documents/Cherrygram-Mac/macOS-Swift/submodules/tgcalls/tgcalls/EncryptedConnection.h:5:
In file included from /Users/buddhirajgautam/Documents/Cherrygram-Mac/macOS-Swift/submodules/tgcalls/tgcalls/Message.h:5:
In file included from /Users/buddhirajgautam/Documents/Cherrygram-Mac/macOS-Swift/submodules/tgcalls/SharedHeaders/webrtc/api/video_codecs/sdp_video_format.h:17:
In file included from /Users/buddhirajgautam/Documents/Cherrygram-Mac/macOS-Swift/submodules/tgcalls/SharedHeaders/webrtc/third_party/abseil-cpp/absl/container/inlined_vector.h:53:
/Users/buddhirajgautam/Documents/Cherrygram-Mac/macOS-Swift/submodules/tgcalls/SharedHeaders/webrtc/third_party/abseil-cpp/absl/container/internal/inlined_vector.h:522:22: note: in instantiation of template class 'absl::is_trivially_relocatable<webrtc::DecodeTargetIndication>' requested here
  522 |                absl::is_trivially_relocatable<V>::value ||
      |                      ^
In file included from /Users/buddhirajgautam/Documents/Cherrygram-Mac/macOS-Swift/submodules/tgcalls/tgcalls/Manager.cpp:1:
In file included from /Users/buddhirajgautam/Documents/Cherrygram-Mac/macOS-Swift/submodules/tgcalls/tgcalls/Manager.h:4:
In file included from /Users/buddhirajgautam/Documents/Cherrygram-Mac/macOS-Swift/submodules/tgcalls/tgcalls/ThreadLocalObject.h:4:
In file included from /Users/buddhirajgautam/Documents/Cherrygram-Mac/macOS-Swift/submodules/tgcalls/SharedHeaders/webrtc/rtc_base/thread.h:26:
In file included from /Users/buddhirajgautam/Documents/Cherrygram-Mac/macOS-Swift/submodules/tgcalls/SharedHeaders/webrtc/third_party/abseil-cpp/absl/strings/string_view.h:43:
/Users/buddhirajgautam/Documents/Cherrygram-Mac/macOS-Swift/submodules/tgcalls/SharedHeaders/webrtc/third_party/abseil-cpp/absl/base/macros.h:128:49: note: expanded from macro 'ABSL_HARDENING_ASSERT'
  128 | #define ABSL_HARDENING_ASSERT(expr) ABSL_ASSERT(expr)
      |                                                 ^
/Users/buddhirajgautam/Documents/Cherrygram-Mac/macOS-Swift/submodules/tgcalls/SharedHeaders/webrtc/third_party/abseil-cpp/absl/base/macros.h:95:30: note: expanded from macro 'ABSL_ASSERT'
   95 |   (false ? static_cast<void>(expr) : static_cast<void>(0))
      |                              ^
In file included from /Users/buddhirajgautam/Documents/Cherrygram-Mac/macOS-Swift/submodules/tgcalls/tgcalls/Manager.cpp:1:
In file included from /Users/buddhirajgautam/Documents/Cherrygram-Mac/macOS-Swift/submodules/tgcalls/tgcalls/Manager.h:5:
In file included from /Users/buddhirajgautam/Documents/Cherrygram-Mac/macOS-Swift/submodules/tgcalls/tgcalls/EncryptedConnection.h:5:
In file included from /Users/buddhirajgautam/Documents/Cherrygram-Mac/macOS-Swift/submodules/tgcalls/tgcalls/Message.h:5:
In file included from /Users/buddhirajgautam/Documents/Cherrygram-Mac/macOS-Swift/submodules/tgcalls/SharedHeaders/webrtc/api/video_codecs/sdp_video_format.h:17:
/Users/buddhirajgautam/Documents/Cherrygram-Mac/macOS-Swift/submodules/tgcalls/SharedHeaders/webrtc/third_party/abseil-cpp/absl/container/inlined_vector.h:856:14: note: in instantiation of member function 'absl::inlined_vector_internal::Storage<webrtc::DecodeTargetIndication, 10, std::allocator<webrtc::DecodeTargetIndication>>::MemcpyFrom' requested here
  856 |     storage_.MemcpyFrom(other.storage_);
      |              ^
/Users/buddhirajgautam/Documents/Cherrygram-Mac/macOS-Swift/submodules/tgcalls/SharedHeaders/webrtc/third_party/abseil-cpp/absl/container/inlined_vector.h:548:7: note: in instantiation of member function 'absl::InlinedVector<webrtc::DecodeTargetIndication, 10>::MoveAssignment' requested here
  548 |       MoveAssignment(MoveAssignmentPolicy{}, std::move(other));
      |       ^
In file included from /Users/buddhirajgautam/Documents/Cherrygram-Mac/macOS-Swift/submodules/tgcalls/tgcalls/Manager.cpp:1:
In file included from /Users/buddhirajgautam/Documents/Cherrygram-Mac/macOS-Swift/submodules/tgcalls/tgcalls/Manager.h:7:
In file included from /Users/buddhirajgautam/Documents/Cherrygram-Mac/macOS-Swift/submodules/tgcalls/tgcalls/MediaManager.h:8:
In file included from /Users/buddhirajgautam/Documents/Cherrygram-Mac/macOS-Swift/submodules/tgcalls/SharedHeaders/webrtc/pc/rtp_sender.h:29:
In file included from /Users/buddhirajgautam/Documents/Cherrygram-Mac/macOS-Swift/submodules/tgcalls/SharedHeaders/webrtc/api/frame_transformer_interface.h:19:
In file included from /Users/buddhirajgautam/Documents/Cherrygram-Mac/macOS-Swift/submodules/tgcalls/SharedHeaders/webrtc/api/video/encoded_frame.h:21:
In file included from /Users/buddhirajgautam/Documents/Cherrygram-Mac/macOS-Swift/submodules/tgcalls/SharedHeaders/webrtc/modules/rtp_rtcp/source/rtp_video_header.h:20:
/Users/buddhirajgautam/Documents/Cherrygram-Mac/macOS-Swift/submodules/tgcalls/SharedHeaders/webrtc/api/transport/rtp/dependency_descriptor.h:133:35: note: in instantiation of member function 'absl::InlinedVector<webrtc::DecodeTargetIndication, 10>::operator=' requested here
  133 |   this->decode_target_indications =
      |                                   ^
In file included from /Users/buddhirajgautam/Documents/Cherrygram-Mac/macOS-Swift/submodules/tgcalls/tgcalls/Manager.cpp:1:
In file included from /Users/buddhirajgautam/Documents/Cherrygram-Mac/macOS-Swift/submodules/tgcalls/tgcalls/Manager.h:4:
In file included from /Users/buddhirajgautam/Documents/Cherrygram-Mac/macOS-Swift/submodules/tgcalls/tgcalls/ThreadLocalObject.h:4:
In file included from /Users/buddhirajgautam/Documents/Cherrygram-Mac/macOS-Swift/submodules/tgcalls/SharedHeaders/webrtc/rtc_base/thread.h:26:
In file included from /Users/buddhirajgautam/Documents/Cherrygram-Mac/macOS-Swift/submodules/tgcalls/SharedHeaders/webrtc/third_party/abseil-cpp/absl/strings/string_view.h:40:
In file included from /Users/buddhirajgautam/Documents/Cherrygram-Mac/macOS-Swift/submodules/tgcalls/SharedHeaders/webrtc/third_party/abseil-cpp/absl/base/nullability.h:153:
In file included from /Users/buddhirajgautam/Documents/Cherrygram-Mac/macOS-Swift/submodules/tgcalls/SharedHeaders/webrtc/third_party/abseil-cpp/absl/base/internal/nullability_impl.h:22:
/Users/buddhirajgautam/Documents/Cherrygram-Mac/macOS-Swift/submodules/tgcalls/SharedHeaders/webrtc/third_party/abseil-cpp/absl/meta/type_traits.h:511:36: warning: builtin __is_trivially_relocatable is deprecated; use __builtin_is_cpp_trivially_relocatable instead [-Wdeprecated-builtins]
  511 |     : std::integral_constant<bool, __is_trivially_relocatable(T)> {};
      |                                    ^
In file included from /Users/buddhirajgautam/Documents/Cherrygram-Mac/macOS-Swift/submodules/tgcalls/tgcalls/Manager.cpp:1:
In file included from /Users/buddhirajgautam/Documents/Cherrygram-Mac/macOS-Swift/submodules/tgcalls/tgcalls/Manager.h:5:
In file included from /Users/buddhirajgautam/Documents/Cherrygram-Mac/macOS-Swift/submodules/tgcalls/tgcalls/EncryptedConnection.h:5:
In file included from /Users/buddhirajgautam/Documents/Cherrygram-Mac/macOS-Swift/submodules/tgcalls/tgcalls/Message.h:5:
In file included from /Users/buddhirajgautam/Documents/Cherrygram-Mac/macOS-Swift/submodules/tgcalls/SharedHeaders/webrtc/api/video_codecs/sdp_video_format.h:17:
In file included from /Users/buddhirajgautam/Documents/Cherrygram-Mac/macOS-Swift/submodules/tgcalls/SharedHeaders/webrtc/third_party/abseil-cpp/absl/container/inlined_vector.h:53:
/Users/buddhirajgautam/Documents/Cherrygram-Mac/macOS-Swift/submodules/tgcalls/SharedHeaders/webrtc/third_party/abseil-cpp/absl/container/internal/inlined_vector.h:522:22: note: in instantiation of template class 'absl::is_trivially_relocatable<int>' requested here
  522 |                absl::is_trivially_relocatable<V>::value ||
      |                      ^
In file included from /Users/buddhirajgautam/Documents/Cherrygram-Mac/macOS-Swift/submodules/tgcalls/tgcalls/Manager.cpp:1:
In file included from /Users/buddhirajgautam/Documents/Cherrygram-Mac/macOS-Swift/submodules/tgcalls/tgcalls/Manager.h:4:
In file included from /Users/buddhirajgautam/Documents/Cherrygram-Mac/macOS-Swift/submodules/tgcalls/tgcalls/ThreadLocalObject.h:4:
In file included from /Users/buddhirajgautam/Documents/Cherrygram-Mac/macOS-Swift/submodules/tgcalls/SharedHeaders/webrtc/rtc_base/thread.h:26:
In file included from /Users/buddhirajgautam/Documents/Cherrygram-Mac/macOS-Swift/submodules/tgcalls/SharedHeaders/webrtc/third_party/abseil-cpp/absl/strings/string_view.h:43:
/Users/buddhirajgautam/Documents/Cherrygram-Mac/macOS-Swift/submodules/tgcalls/SharedHeaders/webrtc/third_party/abseil-cpp/absl/base/macros.h:128:49: note: expanded from macro 'ABSL_HARDENING_ASSERT'
  128 | #define ABSL_HARDENING_ASSERT(expr) ABSL_ASSERT(expr)
      |                                                 ^
/Users/buddhirajgautam/Documents/Cherrygram-Mac/macOS-Swift/submodules/tgcalls/SharedHeaders/webrtc/third_party/abseil-cpp/absl/base/macros.h:95:30: note: expanded from macro 'ABSL_ASSERT'
   95 |   (false ? static_cast<void>(expr) : static_cast<void>(0))
      |                              ^
In file included from /Users/buddhirajgautam/Documents/Cherrygram-Mac/macOS-Swift/submodules/tgcalls/tgcalls/Manager.cpp:1:
In file included from /Users/buddhirajgautam/Documents/Cherrygram-Mac/macOS-Swift/submodules/tgcalls/tgcalls/Manager.h:5:
In file included from /Users/buddhirajgautam/Documents/Cherrygram-Mac/macOS-Swift/submodules/tgcalls/tgcalls/EncryptedConnection.h:5:
In file included from /Users/buddhirajgautam/Documents/Cherrygram-Mac/macOS-Swift/submodules/tgcalls/tgcalls/Message.h:5:
In file included from /Users/buddhirajgautam/Documents/Cherrygram-Mac/macOS-Swift/submodules/tgcalls/SharedHeaders/webrtc/api/video_codecs/sdp_video_format.h:17:
/Users/buddhirajgautam/Documents/Cherrygram-Mac/macOS-Swift/submodules/tgcalls/SharedHeaders/webrtc/third_party/abseil-cpp/absl/container/inlined_vector.h:195:16: note: in instantiation of member function 'absl::inlined_vector_internal::Storage<int, 4, std::allocator<int>>::MemcpyFrom' requested here
  195 |       storage_.MemcpyFrom(other.storage_);
      |                ^
/Users/buddhirajgautam/Documents/Cherrygram-Mac/macOS-Swift/submodules/tgcalls/SharedHeaders/webrtc/third_party/abseil-cpp/absl/container/inlined_vector.h:177:9: note: in instantiation of member function 'absl::InlinedVector<int, 4>::InlinedVector' requested here
  177 |       : InlinedVector(other, other.storage_.GetAllocator()) {}
      |         ^
In file included from /Users/buddhirajgautam/Documents/Cherrygram-Mac/macOS-Swift/submodules/tgcalls/tgcalls/Manager.cpp:1:
In file included from /Users/buddhirajgautam/Documents/Cherrygram-Mac/macOS-Swift/submodules/tgcalls/tgcalls/Manager.h:7:
In file included from /Users/buddhirajgautam/Documents/Cherrygram-Mac/macOS-Swift/submodules/tgcalls/tgcalls/MediaManager.h:8:
In file included from /Users/buddhirajgautam/Documents/Cherrygram-Mac/macOS-Swift/submodules/tgcalls/SharedHeaders/webrtc/pc/rtp_sender.h:29:
In file included from /Users/buddhirajgautam/Documents/Cherrygram-Mac/macOS-Swift/submodules/tgcalls/SharedHeaders/webrtc/api/frame_transformer_interface.h:19:
In file included from /Users/buddhirajgautam/Documents/Cherrygram-Mac/macOS-Swift/submodules/tgcalls/SharedHeaders/webrtc/api/video/encoded_frame.h:21:
In file included from /Users/buddhirajgautam/Documents/Cherrygram-Mac/macOS-Swift/submodules/tgcalls/SharedHeaders/webrtc/modules/rtp_rtcp/source/rtp_video_header.h:20:
/Users/buddhirajgautam/Documents/Cherrygram-Mac/macOS-Swift/submodules/tgcalls/SharedHeaders/webrtc/api/transport/rtp/dependency_descriptor.h:37:8: note: in instantiation of member function 'absl::InlinedVector<int, 4>::InlinedVector' requested here
   37 | struct FrameDependencyTemplate {
      |        ^
In file included from /Users/buddhirajgautam/Documents/Cherrygram-Mac/macOS-Swift/submodules/tgcalls/tgcalls/Manager.cpp:1:
In file included from /Users/buddhirajgautam/Documents/Cherrygram-Mac/macOS-Swift/submodules/tgcalls/tgcalls/Manager.h:4:
In file included from /Users/buddhirajgautam/Documents/Cherrygram-Mac/macOS-Swift/submodules/tgcalls/tgcalls/ThreadLocalObject.h:4:
In file included from /Users/buddhirajgautam/Documents/Cherrygram-Mac/macOS-Swift/submodules/tgcalls/SharedHeaders/webrtc/rtc_base/thread.h:26:
In file included from /Users/buddhirajgautam/Documents/Cherrygram-Mac/macOS-Swift/submodules/tgcalls/SharedHeaders/webrtc/third_party/abseil-cpp/absl/strings/string_view.h:40:
In file included from /Users/buddhirajgautam/Documents/Cherrygram-Mac/macOS-Swift/submodules/tgcalls/SharedHeaders/webrtc/third_party/abseil-cpp/absl/base/nullability.h:153:
In file included from /Users/buddhirajgautam/Documents/Cherrygram-Mac/macOS-Swift/submodules/tgcalls/SharedHeaders/webrtc/third_party/abseil-cpp/absl/base/internal/nullability_impl.h:22:
/Users/buddhirajgautam/Documents/Cherrygram-Mac/macOS-Swift/submodules/tgcalls/SharedHeaders/webrtc/third_party/abseil-cpp/absl/meta/type_traits.h:511:36: warning: builtin __is_trivially_relocatable is deprecated; use __builtin_is_cpp_trivially_relocatable instead [-Wdeprecated-builtins]
  511 |     : std::integral_constant<bool, __is_trivially_relocatable(T)> {};
      |                                    ^
In file included from /Users/buddhirajgautam/Documents/Cherrygram-Mac/macOS-Swift/submodules/tgcalls/tgcalls/Manager.cpp:1:
In file included from /Users/buddhirajgautam/Documents/Cherrygram-Mac/macOS-Swift/submodules/tgcalls/tgcalls/Manager.h:5:
In file included from /Users/buddhirajgautam/Documents/Cherrygram-Mac/macOS-Swift/submodules/tgcalls/tgcalls/EncryptedConnection.h:5:
In file included from /Users/buddhirajgautam/Documents/Cherrygram-Mac/macOS-Swift/submodules/tgcalls/tgcalls/Message.h:5:
In file included from /Users/buddhirajgautam/Documents/Cherrygram-Mac/macOS-Swift/submodules/tgcalls/SharedHeaders/webrtc/api/video_codecs/sdp_video_format.h:17:
In file included from /Users/buddhirajgautam/Documents/Cherrygram-Mac/macOS-Swift/submodules/tgcalls/SharedHeaders/webrtc/third_party/abseil-cpp/absl/container/inlined_vector.h:53:
/Users/buddhirajgautam/Documents/Cherrygram-Mac/macOS-Swift/submodules/tgcalls/SharedHeaders/webrtc/third_party/abseil-cpp/absl/container/internal/inlined_vector.h:522:22: note: in instantiation of template class 'absl::is_trivially_relocatable<webrtc::RenderResolution>' requested here
  522 |                absl::is_trivially_relocatable<V>::value ||
      |                      ^
In file included from /Users/buddhirajgautam/Documents/Cherrygram-Mac/macOS-Swift/submodules/tgcalls/tgcalls/Manager.cpp:1:
In file included from /Users/buddhirajgautam/Documents/Cherrygram-Mac/macOS-Swift/submodules/tgcalls/tgcalls/Manager.h:4:
In file included from /Users/buddhirajgautam/Documents/Cherrygram-Mac/macOS-Swift/submodules/tgcalls/tgcalls/ThreadLocalObject.h:4:
In file included from /Users/buddhirajgautam/Documents/Cherrygram-Mac/macOS-Swift/submodules/tgcalls/SharedHeaders/webrtc/rtc_base/thread.h:26:
In file included from /Users/buddhirajgautam/Documents/Cherrygram-Mac/macOS-Swift/submodules/tgcalls/SharedHeaders/webrtc/third_party/abseil-cpp/absl/strings/string_view.h:43:
/Users/buddhirajgautam/Documents/Cherrygram-Mac/macOS-Swift/submodules/tgcalls/SharedHeaders/webrtc/third_party/abseil-cpp/absl/base/macros.h:128:49: note: expanded from macro 'ABSL_HARDENING_ASSERT'
  128 | #define ABSL_HARDENING_ASSERT(expr) ABSL_ASSERT(expr)
      |                                                 ^
/Users/buddhirajgautam/Documents/Cherrygram-Mac/macOS-Swift/submodules/tgcalls/SharedHeaders/webrtc/third_party/abseil-cpp/absl/base/macros.h:95:30: note: expanded from macro 'ABSL_ASSERT'
   95 |   (false ? static_cast<void>(expr) : static_cast<void>(0))
      |                              ^
In file included from /Users/buddhirajgautam/Documents/Cherrygram-Mac/macOS-Swift/submodules/tgcalls/tgcalls/Manager.cpp:1:
In file included from /Users/buddhirajgautam/Documents/Cherrygram-Mac/macOS-Swift/submodules/tgcalls/tgcalls/Manager.h:5:
In file included from /Users/buddhirajgautam/Documents/Cherrygram-Mac/macOS-Swift/submodules/tgcalls/tgcalls/EncryptedConnection.h:5:
In file included from /Users/buddhirajgautam/Documents/Cherrygram-Mac/macOS-Swift/submodules/tgcalls/tgcalls/Message.h:5:
In file included from /Users/buddhirajgautam/Documents/Cherrygram-Mac/macOS-Swift/submodules/tgcalls/SharedHeaders/webrtc/api/video_codecs/sdp_video_format.h:17:
/Users/buddhirajgautam/Documents/Cherrygram-Mac/macOS-Swift/submodules/tgcalls/SharedHeaders/webrtc/third_party/abseil-cpp/absl/container/inlined_vector.h:195:16: note: in instantiation of member function 'absl::inlined_vector_internal::Storage<webrtc::RenderResolution, 4, std::allocator<webrtc::RenderResolution>>::MemcpyFrom' requested here
  195 |       storage_.MemcpyFrom(other.storage_);
      |                ^
/Users/buddhirajgautam/Documents/Cherrygram-Mac/macOS-Swift/submodules/tgcalls/SharedHeaders/webrtc/third_party/abseil-cpp/absl/container/inlined_vector.h:177:9: note: in instantiation of member function 'absl::InlinedVector<webrtc::RenderResolution, 4>::InlinedVector' requested here
  177 |       : InlinedVector(other, other.storage_.GetAllocator()) {}
      |         ^
In file included from /Users/buddhirajgautam/Documents/Cherrygram-Mac/macOS-Swift/submodules/tgcalls/tgcalls/Manager.cpp:1:
In file included from /Users/buddhirajgautam/Documents/Cherrygram-Mac/macOS-Swift/submodules/tgcalls/tgcalls/Manager.h:7:
In file included from /Users/buddhirajgautam/Documents/Cherrygram-Mac/macOS-Swift/submodules/tgcalls/tgcalls/MediaManager.h:8:
In file included from /Users/buddhirajgautam/Documents/Cherrygram-Mac/macOS-Swift/submodules/tgcalls/SharedHeaders/webrtc/pc/rtp_sender.h:29:
In file included from /Users/buddhirajgautam/Documents/Cherrygram-Mac/macOS-Swift/submodules/tgcalls/SharedHeaders/webrtc/api/frame_transformer_interface.h:19:
In file included from /Users/buddhirajgautam/Documents/Cherrygram-Mac/macOS-Swift/submodules/tgcalls/SharedHeaders/webrtc/api/video/encoded_frame.h:21:
In file included from /Users/buddhirajgautam/Documents/Cherrygram-Mac/macOS-Swift/submodules/tgcalls/SharedHeaders/webrtc/modules/rtp_rtcp/source/rtp_video_header.h:20:
/Users/buddhirajgautam/Documents/Cherrygram-Mac/macOS-Swift/submodules/tgcalls/SharedHeaders/webrtc/api/transport/rtp/dependency_descriptor.h:61:8: note: in instantiation of member function 'absl::InlinedVector<webrtc::RenderResolution, 4>::InlinedVector' requested here
   61 | struct FrameDependencyStructure {
      |        ^
7 warnings generated.

CompileC /Users/buddhirajgautam/Library/Developer/Xcode/DerivedData/Telegram-Mac-fygdgghdgmuleoelvxabfmqiotta/Build/Intermediates.noindex/TgVoipWebrtc.build/Debug/TgVoipWebrtc-t.build/Objects-normal/arm64/LogSinkImpl.o /Users/buddhirajgautam/Documents/Cherrygram-Mac/macOS-Swift/submodules/tgcalls/tgcalls/LogSinkImpl.cpp normal arm64 c++ com.apple.compilers.llvm.clang.1_0.compiler (in target 'TgVoipWebrtc' from project 'TgVoipWebrtc')
    cd /Users/buddhirajgautam/Documents/Cherrygram-Mac/macOS-Swift
    
    Using response file: /Users/buddhirajgautam/Library/Developer/Xcode/DerivedData/Telegram-Mac-fygdgghdgmuleoelvxabfmqiotta/Build/Intermediates.noindex/TgVoipWebrtc.build/Debug/TgVoipWebrtc-t.build/Objects-normal/arm64/82b82416624d2658e5098eb0a28c15c5-common-args.resp
    
    /Applications/Xcode.app/Contents/Developer/Toolchains/XcodeDefault.xctoolchain/usr/bin/clang -x c++ -ivfsstatcache /Users/buddhirajgautam/Library/Developer/Xcode/DerivedData/SDKStatCaches.noindex/macosx27.0-26A425-e829b21a6f8c9b70876ba0858053c0447231f6df4def33e022ae2eb8f782df1a.sdkstatcache -target arm64-apple-macos12.0 -fmessage-length\=0 -fdiagnostics-show-note-include-stack -fmacro-backtrace-limit\=0 -fno-color-diagnostics -fmodules-prune-interval\=86400 -fmodules-prune-after\=345600 -fbuild-session-file\=/Users/buddhirajgautam/Library/Developer/Xcode/DerivedData/ModuleCache.noindex/Session.modulevalidation -fmodules-validate-once-per-build-session -Wnon-modular-include-in-framework-module -Werror\=non-modular-include-in-framework-module -Wno-trigraphs -Wno-missing-field-initializers -Wno-missing-prototypes -Wno-return-type -Wno-non-virtual-dtor -Wno-overloaded-virtual -Wno-exit-time-destructors -Wno-missing-braces -Wparentheses -Wswitch -Wno-unused-function -Wno-unused-label -Wno-unused-parameter -Wno-unused-variable -Wunused-value -Wno-empty-body -Wno-uninitialized -Wno-unknown-pragmas -Wno-shadow -Wno-four-char-constants -Wno-conversion -Wno-constant-conversion -Wno-int-conversion -Wno-bool-conversion -Wno-enum-conversion -Wno-float-conversion -Wno-non-literal-null-conversion -Wno-objc-literal-conversion -Wshorten-64-to-32 -Wno-newline-eof -Wno-c++11-extensions -Wno-implicit-fallthrough -isysroot /Applications/Xcode.app/Contents/Developer/Platforms/MacOSX.platform/Developer/SDKs/MacOSX27.0.sdk -fstrict-aliasing -Wdeprecated-declarations -Winvalid-offsetof -Wno-sign-conversion -Wno-infinite-recursion -Wno-move -Wno-comma -Wno-block-capture-autoreleasing -Wno-strict-prototypes -Wno-range-loop-analysis -Wno-semicolon-before-method-body -index-store-path /Users/buddhirajgautam/Library/Developer/Xcode/DerivedData/Telegram-Mac-fygdgghdgmuleoelvxabfmqiotta/Index.noindex/DataStore @/Users/buddhirajgautam/Library/Developer/Xcode/DerivedData/Telegram-Mac-fygdgghdgmuleoelvxabfmqiotta/Build/Intermediates.noindex/TgVoipWebrtc.build/Debug/TgVoipWebrtc-t.build/Objects-normal/arm64/82b82416624d2658e5098eb0a28c15c5-common-args.resp -MMD -MT dependencies -MF /Users/buddhirajgautam/Library/Developer/Xcode/DerivedData/Telegram-Mac-fygdgghdgmuleoelvxabfmqiotta/Build/Intermediates.noindex/TgVoipWebrtc.build/Debug/TgVoipWebrtc-t.build/Objects-normal/arm64/LogSinkImpl.d --serialize-diagnostics /Users/buddhirajgautam/Library/Developer/Xcode/DerivedData/Telegram-Mac-fygdgghdgmuleoelvxabfmqiotta/Build/Intermediates.noindex/TgVoipWebrtc.build/Debug/TgVoipWebrtc-t.build/Objects-normal/arm64/LogSinkImpl.dia -c /Users/buddhirajgautam/Documents/Cherrygram-Mac/macOS-Swift/submodules/tgcalls/tgcalls/LogSinkImpl.cpp -o /Users/buddhirajgautam/Library/Developer/Xcode/DerivedData/Telegram-Mac-fygdgghdgmuleoelvxabfmqiotta/Build/Intermediates.noindex/TgVoipWebrtc.build/Debug/TgVoipWebrtc-t.build/Objects-normal/arm64/LogSinkImpl.o -index-unit-output-path /TgVoipWebrtc.build/Debug/TgVoipWebrtc-t.build/Objects-normal/arm64/LogSinkImpl.o
In file included from /Users/buddhirajgautam/Documents/Cherrygram-Mac/macOS-Swift/submodules/tgcalls/tgcalls/LogSinkImpl.cpp:1:
In file included from /Users/buddhirajgautam/Documents/Cherrygram-Mac/macOS-Swift/submodules/tgcalls/tgcalls/LogSinkImpl.h:4:
In file included from /Users/buddhirajgautam/Documents/Cherrygram-Mac/macOS-Swift/submodules/tgcalls/SharedHeaders/webrtc/rtc_base/logging.h:60:
/Users/buddhirajgautam/Documents/Cherrygram-Mac/macOS-Swift/submodules/tgcalls/SharedHeaders/webrtc/third_party/abseil-cpp/absl/meta/type_traits.h:511:36: warning: builtin __is_trivially_relocatable is deprecated; use __builtin_is_cpp_trivially_relocatable instead [-Wdeprecated-builtins]
  511 |     : std::integral_constant<bool, __is_trivially_relocatable(T)> {};
      |                                    ^
1 warning generated.

CompileC /Users/buddhirajgautam/Library/Developer/Xcode/DerivedData/Telegram-Mac-fygdgghdgmuleoelvxabfmqiotta/Build/Intermediates.noindex/TgVoipWebrtc.build/Debug/TgVoipWebrtc-t.build/Objects-normal/arm64/LibYuvBinding.o /Users/buddhirajgautam/Documents/Cherrygram-Mac/macOS-Swift/submodules/tgcalls/macos/Sources/LibYuvBinding.mm normal arm64 objective-c++ com.apple.compilers.llvm.clang.1_0.compiler (in target 'TgVoipWebrtc' from project 'TgVoipWebrtc')
    cd /Users/buddhirajgautam/Documents/Cherrygram-Mac/macOS-Swift
    
    Using response file: /Users/buddhirajgautam/Library/Developer/Xcode/DerivedData/Telegram-Mac-fygdgghdgmuleoelvxabfmqiotta/Build/Intermediates.noindex/TgVoipWebrtc.build/Debug/TgVoipWebrtc-t.build/Objects-normal/arm64/af3fcb34312c57c0f52879cdce924b91-common-args.resp
    
    /Applications/Xcode.app/Contents/Developer/Toolchains/XcodeDefault.xctoolchain/usr/bin/clang -x objective-c++ -ivfsstatcache /Users/buddhirajgautam/Library/Developer/Xcode/DerivedData/SDKStatCaches.noindex/macosx27.0-26A425-e829b21a6f8c9b70876ba0858053c0447231f6df4def33e022ae2eb8f782df1a.sdkstatcache -target arm64-apple-macos12.0 -fmessage-length\=0 -fdiagnostics-show-note-include-stack -fmacro-backtrace-limit\=0 -fno-color-diagnostics -fmodules-prune-interval\=86400 -fmodules-prune-after\=345600 -fbuild-session-file\=/Users/buddhirajgautam/Library/Developer/Xcode/DerivedData/ModuleCache.noindex/Session.modulevalidation -fmodules-validate-once-per-build-session -Wnon-modular-include-in-framework-module -Werror\=non-modular-include-in-framework-module -Wno-trigraphs -Wno-missing-field-initializers -Wno-missing-prototypes -Wno-return-type -Wno-implicit-atomic-properties -Wno-objc-interface-ivars -Wno-arc-repeated-use-of-weak -Wno-non-virtual-dtor -Wno-overloaded-virtual -Wno-exit-time-destructors -Wno-missing-braces -Wparentheses -Wswitch -Wno-unused-function -Wno-unused-label -Wno-unused-parameter -Wno-unused-variable -Wunused-value -Wno-empty-body -Wno-uninitialized -Wno-unknown-pragmas -Wno-shadow -Wno-four-char-constants -Wno-conversion -Wno-constant-conversion -Wno-int-conversion -Wno-bool-conversion -Wno-enum-conversion -Wno-float-conversion -Wno-non-literal-null-conversion -Wno-objc-literal-conversion -Wshorten-64-to-32 -Wno-newline-eof -Wno-selector -Wno-strict-selector-match -Wno-undeclared-selector -Wno-deprecated-implementations -Wno-c++11-extensions -Wno-implicit-fallthrough -isysroot /Applications/Xcode.app/Contents/Developer/Platforms/MacOSX.platform/Developer/SDKs/MacOSX27.0.sdk -fstrict-aliasing -Wprotocol -Wdeprecated-declarations -Winvalid-offsetof -Wno-sign-conversion -Wno-infinite-recursion -Wno-move -Wno-comma -Wno-block-capture-autoreleasing -Wno-strict-prototypes -Wno-range-loop-analysis -Wno-semicolon-before-method-body -index-store-path /Users/buddhirajgautam/Library/Developer/Xcode/DerivedData/Telegram-Mac-fygdgghdgmuleoelvxabfmqiotta/Index.noindex/DataStore @/Users/buddhirajgautam/Library/Developer/Xcode/DerivedData/Telegram-Mac-fygdgghdgmuleoelvxabfmqiotta/Build/Intermediates.noindex/TgVoipWebrtc.build/Debug/TgVoipWebrtc-t.build/Objects-normal/arm64/af3fcb34312c57c0f52879cdce924b91-common-args.resp -MMD -MT dependencies -MF /Users/buddhirajgautam/Library/Developer/Xcode/DerivedData/Telegram-Mac-fygdgghdgmuleoelvxabfmqiotta/Build/Intermediates.noindex/TgVoipWebrtc.build/Debug/TgVoipWebrtc-t.build/Objects-normal/arm64/LibYuvBinding.d --serialize-diagnostics /Users/buddhirajgautam/Library/Developer/Xcode/DerivedData/Telegram-Mac-fygdgghdgmuleoelvxabfmqiotta/Build/Intermediates.noindex/TgVoipWebrtc.build/Debug/TgVoipWebrtc-t.build/Objects-normal/arm64/LibYuvBinding.dia -c /Users/buddhirajgautam/Documents/Cherrygram-Mac/macOS-Swift/submodules/tgcalls/macos/Sources/LibYuvBinding.mm -o /Users/buddhirajgautam/Library/Developer/Xcode/DerivedData/Telegram-Mac-fygdgghdgmuleoelvxabfmqiotta/Build/Intermediates.noindex/TgVoipWebrtc.build/Debug/TgVoipWebrtc-t.build/Objects-normal/arm64/LibYuvBinding.o -index-unit-output-path /TgVoipWebrtc.build/Debug/TgVoipWebrtc-t.build/Objects-normal/arm64/LibYuvBinding.o

CompileC /Users/buddhirajgautam/Library/Developer/Xcode/DerivedData/Telegram-Mac-fygdgghdgmuleoelvxabfmqiotta/Build/Intermediates.noindex/TgVoipWebrtc.build/Debug/TgVoipWebrtc-t.build/Objects-normal/arm64/InstanceV2ReferenceImpl.o /Users/buddhirajgautam/Documents/Cherrygram-Mac/macOS-Swift/submodules/tgcalls/tgcalls/v2/InstanceV2ReferenceImpl.cpp normal arm64 c++ com.apple.compilers.llvm.clang.1_0.compiler (in target 'TgVoipWebrtc' from project 'TgVoipWebrtc')
    cd /Users/buddhirajgautam/Documents/Cherrygram-Mac/macOS-Swift
    
    Using response file: /Users/buddhirajgautam/Library/Developer/Xcode/DerivedData/Telegram-Mac-fygdgghdgmuleoelvxabfmqiotta/Build/Intermediates.noindex/TgVoipWebrtc.build/Debug/TgVoipWebrtc-t.build/Objects-normal/arm64/82b82416624d2658e5098eb0a28c15c5-common-args.resp
    
    /Applications/Xcode.app/Contents/Developer/Toolchains/XcodeDefault.xctoolchain/usr/bin/clang -x c++ -ivfsstatcache /Users/buddhirajgautam/Library/Developer/Xcode/DerivedData/SDKStatCaches.noindex/macosx27.0-26A425-e829b21a6f8c9b70876ba0858053c0447231f6df4def33e022ae2eb8f782df1a.sdkstatcache -target arm64-apple-macos12.0 -fmessage-length\=0 -fdiagnostics-show-note-include-stack -fmacro-backtrace-limit\=0 -fno-color-diagnostics -fmodules-prune-interval\=86400 -fmodules-prune-after\=345600 -fbuild-session-file\=/Users/buddhirajgautam/Library/Developer/Xcode/DerivedData/ModuleCache.noindex/Session.modulevalidation -fmodules-validate-once-per-build-session -Wnon-modular-include-in-framework-module -Werror\=non-modular-include-in-framework-module -Wno-trigraphs -Wno-missing-field-initializers -Wno-missing-prototypes -Wno-return-type -Wno-non-virtual-dtor -Wno-overloaded-virtual -Wno-exit-time-destructors -Wno-missing-braces -Wparentheses -Wswitch -Wno-unused-function -Wno-unused-label -Wno-unused-parameter -Wno-unused-variable -Wunused-value -Wno-empty-body -Wno-uninitialized -Wno-unknown-pragmas -Wno-shadow -Wno-four-char-constants -Wno-conversion -Wno-constant-conversion -Wno-int-conversion -Wno-bool-conversion -Wno-enum-conversion -Wno-float-conversion -Wno-non-literal-null-conversion -Wno-objc-literal-conversion -Wshorten-64-to-32 -Wno-newline-eof -Wno-c++11-extensions -Wno-implicit-fallthrough -isysroot /Applications/Xcode.app/Contents/Developer/Platforms/MacOSX.platform/Developer/SDKs/MacOSX27.0.sdk -fstrict-aliasing -Wdeprecated-declarations -Winvalid-offsetof -Wno-sign-conversion -Wno-infinite-recursion -Wno-move -Wno-comma -Wno-block-capture-autoreleasing -Wno-strict-prototypes -Wno-range-loop-analysis -Wno-semicolon-before-method-body -index-store-path /Users/buddhirajgautam/Library/Developer/Xcode/DerivedData/Telegram-Mac-fygdgghdgmuleoelvxabfmqiotta/Index.noindex/DataStore @/Users/buddhirajgautam/Library/Developer/Xcode/DerivedData/Telegram-Mac-fygdgghdgmuleoelvxabfmqiotta/Build/Intermediates.noindex/TgVoipWebrtc.build/Debug/TgVoipWebrtc-t.build/Objects-normal/arm64/82b82416624d2658e5098eb0a28c15c5-common-args.resp -MMD -MT dependencies -MF /Users/buddhirajgautam/Library/Developer/Xcode/DerivedData/Telegram-Mac-fygdgghdgmuleoelvxabfmqiotta/Build/Intermediates.noindex/TgVoipWebrtc.build/Debug/TgVoipWebrtc-t.build/Objects-normal/arm64/InstanceV2ReferenceImpl.d --serialize-diagnostics /Users/buddhirajgautam/Library/Developer/Xcode/DerivedData/Telegram-Mac-fygdgghdgmuleoelvxabfmqiotta/Build/Intermediates.noindex/TgVoipWebrtc.build/Debug/TgVoipWebrtc-t.build/Objects-normal/arm64/InstanceV2ReferenceImpl.dia -c /Users/buddhirajgautam/Documents/Cherrygram-Mac/macOS-Swift/submodules/tgcalls/tgcalls/v2/InstanceV2ReferenceImpl.cpp -o /Users/buddhirajgautam/Library/Developer/Xcode/DerivedData/Telegram-Mac-fygdgghdgmuleoelvxabfmqiotta/Build/Intermediates.noindex/TgVoipWebrtc.build/Debug/TgVoipWebrtc-t.build/Objects-normal/arm64/InstanceV2ReferenceImpl.o -index-unit-output-path /TgVoipWebrtc.build/Debug/TgVoipWebrtc-t.build/Objects-normal/arm64/InstanceV2ReferenceImpl.o
In file included from /Users/buddhirajgautam/Documents/Cherrygram-Mac/macOS-Swift/submodules/tgcalls/tgcalls/v2/InstanceV2ReferenceImpl.cpp:3:
In file included from /Users/buddhirajgautam/Documents/Cherrygram-Mac/macOS-Swift/submodules/tgcalls/tgcalls/LogSinkImpl.h:4:
In file included from /Users/buddhirajgautam/Documents/Cherrygram-Mac/macOS-Swift/submodules/tgcalls/SharedHeaders/webrtc/rtc_base/logging.h:60:
/Users/buddhirajgautam/Documents/Cherrygram-Mac/macOS-Swift/submodules/tgcalls/SharedHeaders/webrtc/third_party/abseil-cpp/absl/meta/type_traits.h:511:36: warning: builtin __is_trivially_relocatable is deprecated; use __builtin_is_cpp_trivially_relocatable instead [-Wdeprecated-builtins]
  511 |     : std::integral_constant<bool, __is_trivially_relocatable(T)> {};
      |                                    ^
In file included from /Users/buddhirajgautam/Documents/Cherrygram-Mac/macOS-Swift/submodules/tgcalls/tgcalls/v2/InstanceV2ReferenceImpl.cpp:6:
In file included from /Users/buddhirajgautam/Documents/Cherrygram-Mac/macOS-Swift/submodules/tgcalls/tgcalls/v2/NativeNetworkingImpl.h:14:
In file included from /Users/buddhirajgautam/Documents/Cherrygram-Mac/macOS-Swift/submodules/tgcalls/SharedHeaders/webrtc/pc/sctp_data_channel.h:29:
In file included from /Users/buddhirajgautam/Documents/Cherrygram-Mac/macOS-Swift/submodules/tgcalls/SharedHeaders/webrtc/pc/sctp_utils.h:20:
/Users/buddhirajgautam/Documents/Cherrygram-Mac/macOS-Swift/submodules/tgcalls/SharedHeaders/webrtc/net/dcsctp/public/types.h:47:64: warning: implicit conversion loses integer precision: 'long long' to 'const UnderlyingType' (aka 'const int') [-Wshorten-64-to-32]
   47 |             v.IsInfinite() ? InfiniteDuration() : DurationMs(v.ms())) {}
      |                                                   ~~~~~~~~~~ ~~^~~~
/Users/buddhirajgautam/Documents/Cherrygram-Mac/macOS-Swift/submodules/tgcalls/SharedHeaders/webrtc/net/dcsctp/public/types.h:122:26: warning: implicit conversion loses integer precision: 'UnderlyingType' (aka 'long long') to 'const UnderlyingType' (aka 'const int') [-Wshorten-64-to-32]
  122 |   return DurationMs(*lhs - *rhs);
      |          ~~~~~~~~~~ ~~~~~^~~~~~
In file included from /Users/buddhirajgautam/Documents/Cherrygram-Mac/macOS-Swift/submodules/tgcalls/tgcalls/v2/InstanceV2ReferenceImpl.cpp:3:
In file included from /Users/buddhirajgautam/Documents/Cherrygram-Mac/macOS-Swift/submodules/tgcalls/tgcalls/LogSinkImpl.h:4:
In file included from /Users/buddhirajgautam/Documents/Cherrygram-Mac/macOS-Swift/submodules/tgcalls/SharedHeaders/webrtc/rtc_base/logging.h:60:
/Users/buddhirajgautam/Documents/Cherrygram-Mac/macOS-Swift/submodules/tgcalls/SharedHeaders/webrtc/third_party/abseil-cpp/absl/meta/type_traits.h:511:36: warning: builtin __is_trivially_relocatable is deprecated; use __builtin_is_cpp_trivially_relocatable instead [-Wdeprecated-builtins]
  511 |     : std::integral_constant<bool, __is_trivially_relocatable(T)> {};
      |                                    ^
In file included from /Users/buddhirajgautam/Documents/Cherrygram-Mac/macOS-Swift/submodules/tgcalls/tgcalls/v2/InstanceV2ReferenceImpl.cpp:4:
In file included from /Users/buddhirajgautam/Documents/Cherrygram-Mac/macOS-Swift/submodules/tgcalls/tgcalls/VideoCaptureInterfaceImpl.h:8:
In file included from /Users/buddhirajgautam/Documents/Cherrygram-Mac/macOS-Swift/submodules/tgcalls/tgcalls/platform/PlatformInterface.h:5:
In file included from /Users/buddhirajgautam/Documents/Cherrygram-Mac/macOS-Swift/submodules/tgcalls/SharedHeaders/webrtc/api/video_codecs/video_encoder_factory.h:21:
In file included from /Users/buddhirajgautam/Documents/Cherrygram-Mac/macOS-Swift/submodules/tgcalls/SharedHeaders/webrtc/api/video_codecs/sdp_video_format.h:17:
In file included from /Users/buddhirajgautam/Documents/Cherrygram-Mac/macOS-Swift/submodules/tgcalls/SharedHeaders/webrtc/third_party/abseil-cpp/absl/container/inlined_vector.h:53:
/Users/buddhirajgautam/Documents/Cherrygram-Mac/macOS-Swift/submodules/tgcalls/SharedHeaders/webrtc/third_party/abseil-cpp/absl/container/internal/inlined_vector.h:522:22: note: in instantiation of template class 'absl::is_trivially_relocatable<webrtc::DecodeTargetIndication>' requested here
  522 |                absl::is_trivially_relocatable<V>::value ||
      |                      ^
In file included from /Users/buddhirajgautam/Documents/Cherrygram-Mac/macOS-Swift/submodules/tgcalls/tgcalls/v2/InstanceV2ReferenceImpl.cpp:3:
In file included from /Users/buddhirajgautam/Documents/Cherrygram-Mac/macOS-Swift/submodules/tgcalls/tgcalls/LogSinkImpl.h:4:
In file included from /Users/buddhirajgautam/Documents/Cherrygram-Mac/macOS-Swift/submodules/tgcalls/SharedHeaders/webrtc/rtc_base/logging.h:61:
In file included from /Users/buddhirajgautam/Documents/Cherrygram-Mac/macOS-Swift/submodules/tgcalls/SharedHeaders/webrtc/third_party/abseil-cpp/absl/strings/string_view.h:43:
/Users/buddhirajgautam/Documents/Cherrygram-Mac/macOS-Swift/submodules/tgcalls/SharedHeaders/webrtc/third_party/abseil-cpp/absl/base/macros.h:128:49: note: expanded from macro 'ABSL_HARDENING_ASSERT'
  128 | #define ABSL_HARDENING_ASSERT(expr) ABSL_ASSERT(expr)
      |                                                 ^
/Users/buddhirajgautam/Documents/Cherrygram-Mac/macOS-Swift/submodules/tgcalls/SharedHeaders/webrtc/third_party/abseil-cpp/absl/base/macros.h:95:30: note: expanded from macro 'ABSL_ASSERT'
   95 |   (false ? static_cast<void>(expr) : static_cast<void>(0))
      |                              ^
In file included from /Users/buddhirajgautam/Documents/Cherrygram-Mac/macOS-Swift/submodules/tgcalls/tgcalls/v2/InstanceV2ReferenceImpl.cpp:4:
In file included from /Users/buddhirajgautam/Documents/Cherrygram-Mac/macOS-Swift/submodules/tgcalls/tgcalls/VideoCaptureInterfaceImpl.h:8:
In file included from /Users/buddhirajgautam/Documents/Cherrygram-Mac/macOS-Swift/submodules/tgcalls/tgcalls/platform/PlatformInterface.h:5:
In file included from /Users/buddhirajgautam/Documents/Cherrygram-Mac/macOS-Swift/submodules/tgcalls/SharedHeaders/webrtc/api/video_codecs/video_encoder_factory.h:21:
In file included from /Users/buddhirajgautam/Documents/Cherrygram-Mac/macOS-Swift/submodules/tgcalls/SharedHeaders/webrtc/api/video_codecs/sdp_video_format.h:17:
/Users/buddhirajgautam/Documents/Cherrygram-Mac/macOS-Swift/submodules/tgcalls/SharedHeaders/webrtc/third_party/abseil-cpp/absl/container/inlined_vector.h:856:14: note: in instantiation of member function 'absl::inlined_vector_internal::Storage<webrtc::DecodeTargetIndication, 10, std::allocator<webrtc::DecodeTargetIndication>>::MemcpyFrom' requested here
  856 |     storage_.MemcpyFrom(other.storage_);
      |              ^
/Users/buddhirajgautam/Documents/Cherrygram-Mac/macOS-Swift/submodules/tgcalls/SharedHeaders/webrtc/third_party/abseil-cpp/absl/container/inlined_vector.h:548:7: note: in instantiation of member function 'absl::InlinedVector<webrtc::DecodeTargetIndication, 10>::MoveAssignment' requested here
  548 |       MoveAssignment(MoveAssignmentPolicy{}, std::move(other));
      |       ^
In file included from /Users/buddhirajgautam/Documents/Cherrygram-Mac/macOS-Swift/submodules/tgcalls/tgcalls/v2/InstanceV2ReferenceImpl.cpp:6:
In file included from /Users/buddhirajgautam/Documents/Cherrygram-Mac/macOS-Swift/submodules/tgcalls/tgcalls/v2/NativeNetworkingImpl.h:12:
In file included from /Users/buddhirajgautam/Documents/Cherrygram-Mac/macOS-Swift/submodules/tgcalls/SharedHeaders/webrtc/media/base/media_channel.h:27:
In file included from /Users/buddhirajgautam/Documents/Cherrygram-Mac/macOS-Swift/submodules/tgcalls/SharedHeaders/webrtc/api/frame_transformer_interface.h:19:
In file included from /Users/buddhirajgautam/Documents/Cherrygram-Mac/macOS-Swift/submodules/tgcalls/SharedHeaders/webrtc/api/video/encoded_frame.h:21:
In file included from /Users/buddhirajgautam/Documents/Cherrygram-Mac/macOS-Swift/submodules/tgcalls/SharedHeaders/webrtc/modules/rtp_rtcp/source/rtp_video_header.h:20:
/Users/buddhirajgautam/Documents/Cherrygram-Mac/macOS-Swift/submodules/tgcalls/SharedHeaders/webrtc/api/transport/rtp/dependency_descriptor.h:133:35: note: in instantiation of member function 'absl::InlinedVector<webrtc::DecodeTargetIndication, 10>::operator=' requested here
  133 |   this->decode_target_indications =
      |                                   ^
In file included from /Users/buddhirajgautam/Documents/Cherrygram-Mac/macOS-Swift/submodules/tgcalls/tgcalls/v2/InstanceV2ReferenceImpl.cpp:3:
In file included from /Users/buddhirajgautam/Documents/Cherrygram-Mac/macOS-Swift/submodules/tgcalls/tgcalls/LogSinkImpl.h:4:
In file included from /Users/buddhirajgautam/Documents/Cherrygram-Mac/macOS-Swift/submodules/tgcalls/SharedHeaders/webrtc/rtc_base/logging.h:60:
/Users/buddhirajgautam/Documents/Cherrygram-Mac/macOS-Swift/submodules/tgcalls/SharedHeaders/webrtc/third_party/abseil-cpp/absl/meta/type_traits.h:511:36: warning: builtin __is_trivially_relocatable is deprecated; use __builtin_is_cpp_trivially_relocatable instead [-Wdeprecated-builtins]
  511 |     : std::integral_constant<bool, __is_trivially_relocatable(T)> {};
      |                                    ^
In file included from /Users/buddhirajgautam/Documents/Cherrygram-Mac/macOS-Swift/submodules/tgcalls/tgcalls/v2/InstanceV2ReferenceImpl.cpp:4:
In file included from /Users/buddhirajgautam/Documents/Cherrygram-Mac/macOS-Swift/submodules/tgcalls/tgcalls/VideoCaptureInterfaceImpl.h:8:
In file included from /Users/buddhirajgautam/Documents/Cherrygram-Mac/macOS-Swift/submodules/tgcalls/tgcalls/platform/PlatformInterface.h:5:
In file included from /Users/buddhirajgautam/Documents/Cherrygram-Mac/macOS-Swift/submodules/tgcalls/SharedHeaders/webrtc/api/video_codecs/video_encoder_factory.h:21:
In file included from /Users/buddhirajgautam/Documents/Cherrygram-Mac/macOS-Swift/submodules/tgcalls/SharedHeaders/webrtc/api/video_codecs/sdp_video_format.h:17:
In file included from /Users/buddhirajgautam/Documents/Cherrygram-Mac/macOS-Swift/submodules/tgcalls/SharedHeaders/webrtc/third_party/abseil-cpp/absl/container/inlined_vector.h:53:
/Users/buddhirajgautam/Documents/Cherrygram-Mac/macOS-Swift/submodules/tgcalls/SharedHeaders/webrtc/third_party/abseil-cpp/absl/container/internal/inlined_vector.h:522:22: note: in instantiation of template class 'absl::is_trivially_relocatable<int>' requested here
  522 |                absl::is_trivially_relocatable<V>::value ||
      |                      ^
In file included from /Users/buddhirajgautam/Documents/Cherrygram-Mac/macOS-Swift/submodules/tgcalls/tgcalls/v2/InstanceV2ReferenceImpl.cpp:3:
In file included from /Users/buddhirajgautam/Documents/Cherrygram-Mac/macOS-Swift/submodules/tgcalls/tgcalls/LogSinkImpl.h:4:
In file included from /Users/buddhirajgautam/Documents/Cherrygram-Mac/macOS-Swift/submodules/tgcalls/SharedHeaders/webrtc/rtc_base/logging.h:61:
In file included from /Users/buddhirajgautam/Documents/Cherrygram-Mac/macOS-Swift/submodules/tgcalls/SharedHeaders/webrtc/third_party/abseil-cpp/absl/strings/string_view.h:43:
/Users/buddhirajgautam/Documents/Cherrygram-Mac/macOS-Swift/submodules/tgcalls/SharedHeaders/webrtc/third_party/abseil-cpp/absl/base/macros.h:128:49: note: expanded from macro 'ABSL_HARDENING_ASSERT'
  128 | #define ABSL_HARDENING_ASSERT(expr) ABSL_ASSERT(expr)
      |                                                 ^
/Users/buddhirajgautam/Documents/Cherrygram-Mac/macOS-Swift/submodules/tgcalls/SharedHeaders/webrtc/third_party/abseil-cpp/absl/base/macros.h:95:30: note: expanded from macro 'ABSL_ASSERT'
   95 |   (false ? static_cast<void>(expr) : static_cast<void>(0))
      |                              ^
In file included from /Users/buddhirajgautam/Documents/Cherrygram-Mac/macOS-Swift/submodules/tgcalls/tgcalls/v2/InstanceV2ReferenceImpl.cpp:4:
In file included from /Users/buddhirajgautam/Documents/Cherrygram-Mac/macOS-Swift/submodules/tgcalls/tgcalls/VideoCaptureInterfaceImpl.h:8:
In file included from /Users/buddhirajgautam/Documents/Cherrygram-Mac/macOS-Swift/submodules/tgcalls/tgcalls/platform/PlatformInterface.h:5:
In file included from /Users/buddhirajgautam/Documents/Cherrygram-Mac/macOS-Swift/submodules/tgcalls/SharedHeaders/webrtc/api/video_codecs/video_encoder_factory.h:21:
In file included from /Users/buddhirajgautam/Documents/Cherrygram-Mac/macOS-Swift/submodules/tgcalls/SharedHeaders/webrtc/api/video_codecs/sdp_video_format.h:17:
/Users/buddhirajgautam/Documents/Cherrygram-Mac/macOS-Swift/submodules/tgcalls/SharedHeaders/webrtc/third_party/abseil-cpp/absl/container/inlined_vector.h:195:16: note: in instantiation of member function 'absl::inlined_vector_internal::Storage<int, 4, std::allocator<int>>::MemcpyFrom' requested here
  195 |       storage_.MemcpyFrom(other.storage_);
      |                ^
/Users/buddhirajgautam/Documents/Cherrygram-Mac/macOS-Swift/submodules/tgcalls/SharedHeaders/webrtc/third_party/abseil-cpp/absl/container/inlined_vector.h:177:9: note: in instantiation of member function 'absl::InlinedVector<int, 4>::InlinedVector' requested here
  177 |       : InlinedVector(other, other.storage_.GetAllocator()) {}
      |         ^
In file included from /Users/buddhirajgautam/Documents/Cherrygram-Mac/macOS-Swift/submodules/tgcalls/tgcalls/v2/InstanceV2ReferenceImpl.cpp:6:
In file included from /Users/buddhirajgautam/Documents/Cherrygram-Mac/macOS-Swift/submodules/tgcalls/tgcalls/v2/NativeNetworkingImpl.h:12:
In file included from /Users/buddhirajgautam/Documents/Cherrygram-Mac/macOS-Swift/submodules/tgcalls/SharedHeaders/webrtc/media/base/media_channel.h:27:
In file included from /Users/buddhirajgautam/Documents/Cherrygram-Mac/macOS-Swift/submodules/tgcalls/SharedHeaders/webrtc/api/frame_transformer_interface.h:19:
In file included from /Users/buddhirajgautam/Documents/Cherrygram-Mac/macOS-Swift/submodules/tgcalls/SharedHeaders/webrtc/api/video/encoded_frame.h:21:
In file included from /Users/buddhirajgautam/Documents/Cherrygram-Mac/macOS-Swift/submodules/tgcalls/SharedHeaders/webrtc/modules/rtp_rtcp/source/rtp_video_header.h:20:
/Users/buddhirajgautam/Documents/Cherrygram-Mac/macOS-Swift/submodules/tgcalls/SharedHeaders/webrtc/api/transport/rtp/dependency_descriptor.h:37:8: note: in instantiation of member function 'absl::InlinedVector<int, 4>::InlinedVector' requested here
   37 | struct FrameDependencyTemplate {
      |        ^
In file included from /Users/buddhirajgautam/Documents/Cherrygram-Mac/macOS-Swift/submodules/tgcalls/tgcalls/v2/InstanceV2ReferenceImpl.cpp:3:
In file included from /Users/buddhirajgautam/Documents/Cherrygram-Mac/macOS-Swift/submodules/tgcalls/tgcalls/LogSinkImpl.h:4:
In file included from /Users/buddhirajgautam/Documents/Cherrygram-Mac/macOS-Swift/submodules/tgcalls/SharedHeaders/webrtc/rtc_base/logging.h:60:
/Users/buddhirajgautam/Documents/Cherrygram-Mac/macOS-Swift/submodules/tgcalls/SharedHeaders/webrtc/third_party/abseil-cpp/absl/meta/type_traits.h:511:36: warning: builtin __is_trivially_relocatable is deprecated; use __builtin_is_cpp_trivially_relocatable instead [-Wdeprecated-builtins]
  511 |     : std::integral_constant<bool, __is_trivially_relocatable(T)> {};
      |                                    ^
In file included from /Users/buddhirajgautam/Documents/Cherrygram-Mac/macOS-Swift/submodules/tgcalls/tgcalls/v2/InstanceV2ReferenceImpl.cpp:4:
In file included from /Users/buddhirajgautam/Documents/Cherrygram-Mac/macOS-Swift/submodules/tgcalls/tgcalls/VideoCaptureInterfaceImpl.h:8:
In file included from /Users/buddhirajgautam/Documents/Cherrygram-Mac/macOS-Swift/submodules/tgcalls/tgcalls/platform/PlatformInterface.h:5:
In file included from /Users/buddhirajgautam/Documents/Cherrygram-Mac/macOS-Swift/submodules/tgcalls/SharedHeaders/webrtc/api/video_codecs/video_encoder_factory.h:21:
In file included from /Users/buddhirajgautam/Documents/Cherrygram-Mac/macOS-Swift/submodules/tgcalls/SharedHeaders/webrtc/api/video_codecs/sdp_video_format.h:17:
In file included from /Users/buddhirajgautam/Documents/Cherrygram-Mac/macOS-Swift/submodules/tgcalls/SharedHeaders/webrtc/third_party/abseil-cpp/absl/container/inlined_vector.h:53:
/Users/buddhirajgautam/Documents/Cherrygram-Mac/macOS-Swift/submodules/tgcalls/SharedHeaders/webrtc/third_party/abseil-cpp/absl/container/internal/inlined_vector.h:522:22: note: in instantiation of template class 'absl::is_trivially_relocatable<webrtc::RenderResolution>' requested here
  522 |                absl::is_trivially_relocatable<V>::value ||
      |                      ^
In file included from /Users/buddhirajgautam/Documents/Cherrygram-Mac/macOS-Swift/submodules/tgcalls/tgcalls/v2/InstanceV2ReferenceImpl.cpp:3:
In file included from /Users/buddhirajgautam/Documents/Cherrygram-Mac/macOS-Swift/submodules/tgcalls/tgcalls/LogSinkImpl.h:4:
In file included from /Users/buddhirajgautam/Documents/Cherrygram-Mac/macOS-Swift/submodules/tgcalls/SharedHeaders/webrtc/rtc_base/logging.h:61:
In file included from /Users/buddhirajgautam/Documents/Cherrygram-Mac/macOS-Swift/submodules/tgcalls/SharedHeaders/webrtc/third_party/abseil-cpp/absl/strings/string_view.h:43:
/Users/buddhirajgautam/Documents/Cherrygram-Mac/macOS-Swift/submodules/tgcalls/SharedHeaders/webrtc/third_party/abseil-cpp/absl/base/macros.h:128:49: note: expanded from macro 'ABSL_HARDENING_ASSERT'
  128 | #define ABSL_HARDENING_ASSERT(expr) ABSL_ASSERT(expr)
      |                                                 ^
/Users/buddhirajgautam/Documents/Cherrygram-Mac/macOS-Swift/submodules/tgcalls/SharedHeaders/webrtc/third_party/abseil-cpp/absl/base/macros.h:95:30: note: expanded from macro 'ABSL_ASSERT'
   95 |   (false ? static_cast<void>(expr) : static_cast<void>(0))
      |                              ^
In file included from /Users/buddhirajgautam/Documents/Cherrygram-Mac/macOS-Swift/submodules/tgcalls/tgcalls/v2/InstanceV2ReferenceImpl.cpp:4:
In file included from /Users/buddhirajgautam/Documents/Cherrygram-Mac/macOS-Swift/submodules/tgcalls/tgcalls/VideoCaptureInterfaceImpl.h:8:
In file included from /Users/buddhirajgautam/Documents/Cherrygram-Mac/macOS-Swift/submodules/tgcalls/tgcalls/platform/PlatformInterface.h:5:
In file included from /Users/buddhirajgautam/Documents/Cherrygram-Mac/macOS-Swift/submodules/tgcalls/SharedHeaders/webrtc/api/video_codecs/video_encoder_factory.h:21:
In file included from /Users/buddhirajgautam/Documents/Cherrygram-Mac/macOS-Swift/submodules/tgcalls/SharedHeaders/webrtc/api/video_codecs/sdp_video_format.h:17:
/Users/buddhirajgautam/Documents/Cherrygram-Mac/macOS-Swift/submodules/tgcalls/SharedHeaders/webrtc/third_party/abseil-cpp/absl/container/inlined_vector.h:195:16: note: in instantiation of member function 'absl::inlined_vector_internal::Storage<webrtc::RenderResolution, 4, std::allocator<webrtc::RenderResolution>>::MemcpyFrom' requested here
  195 |       storage_.MemcpyFrom(other.storage_);
      |                ^
/Users/buddhirajgautam/Documents/Cherrygram-Mac/macOS-Swift/submodules/tgcalls/SharedHeaders/webrtc/third_party/abseil-cpp/absl/container/inlined_vector.h:177:9: note: in instantiation of member function 'absl::InlinedVector<webrtc::RenderResolution, 4>::InlinedVector' requested here
  177 |       : InlinedVector(other, other.storage_.GetAllocator()) {}
      |         ^
In file included from /Users/buddhirajgautam/Documents/Cherrygram-Mac/macOS-Swift/submodules/tgcalls/tgcalls/v2/InstanceV2ReferenceImpl.cpp:6:
In file included from /Users/buddhirajgautam/Documents/Cherrygram-Mac/macOS-Swift/submodules/tgcalls/tgcalls/v2/NativeNetworkingImpl.h:12:
In file included from /Users/buddhirajgautam/Documents/Cherrygram-Mac/macOS-Swift/submodules/tgcalls/SharedHeaders/webrtc/media/base/media_channel.h:27:
In file included from /Users/buddhirajgautam/Documents/Cherrygram-Mac/macOS-Swift/submodules/tgcalls/SharedHeaders/webrtc/api/frame_transformer_interface.h:19:
In file included from /Users/buddhirajgautam/Documents/Cherrygram-Mac/macOS-Swift/submodules/tgcalls/SharedHeaders/webrtc/api/video/encoded_frame.h:21:
In file included from /Users/buddhirajgautam/Documents/Cherrygram-Mac/macOS-Swift/submodules/tgcalls/SharedHeaders/webrtc/modules/rtp_rtcp/source/rtp_video_header.h:20:
/Users/buddhirajgautam/Documents/Cherrygram-Mac/macOS-Swift/submodules/tgcalls/SharedHeaders/webrtc/api/transport/rtp/dependency_descriptor.h:61:8: note: in instantiation of member function 'absl::InlinedVector<webrtc::RenderResolution, 4>::InlinedVector' requested here
   61 | struct FrameDependencyStructure {
      |        ^
In file included from /Users/buddhirajgautam/Documents/Cherrygram-Mac/macOS-Swift/submodules/tgcalls/tgcalls/v2/InstanceV2ReferenceImpl.cpp:3:
In file included from /Users/buddhirajgautam/Documents/Cherrygram-Mac/macOS-Swift/submodules/tgcalls/tgcalls/LogSinkImpl.h:4:
In file included from /Users/buddhirajgautam/Documents/Cherrygram-Mac/macOS-Swift/submodules/tgcalls/SharedHeaders/webrtc/rtc_base/logging.h:60:
/Users/buddhirajgautam/Documents/Cherrygram-Mac/macOS-Swift/submodules/tgcalls/SharedHeaders/webrtc/third_party/abseil-cpp/absl/meta/type_traits.h:511:36: warning: builtin __is_trivially_relocatable is deprecated; use __builtin_is_cpp_trivially_relocatable instead [-Wdeprecated-builtins]
  511 |     : std::integral_constant<bool, __is_trivially_relocatable(T)> {};
      |                                    ^
In file included from /Users/buddhirajgautam/Documents/Cherrygram-Mac/macOS-Swift/submodules/tgcalls/tgcalls/v2/InstanceV2ReferenceImpl.cpp:4:
In file included from /Users/buddhirajgautam/Documents/Cherrygram-Mac/macOS-Swift/submodules/tgcalls/tgcalls/VideoCaptureInterfaceImpl.h:8:
In file included from /Users/buddhirajgautam/Documents/Cherrygram-Mac/macOS-Swift/submodules/tgcalls/tgcalls/platform/PlatformInterface.h:5:
In file included from /Users/buddhirajgautam/Documents/Cherrygram-Mac/macOS-Swift/submodules/tgcalls/SharedHeaders/webrtc/api/video_codecs/video_encoder_factory.h:21:
In file included from /Users/buddhirajgautam/Documents/Cherrygram-Mac/macOS-Swift/submodules/tgcalls/SharedHeaders/webrtc/api/video_codecs/sdp_video_format.h:17:
In file included from /Users/buddhirajgautam/Documents/Cherrygram-Mac/macOS-Swift/submodules/tgcalls/SharedHeaders/webrtc/third_party/abseil-cpp/absl/container/inlined_vector.h:53:
/Users/buddhirajgautam/Documents/Cherrygram-Mac/macOS-Swift/submodules/tgcalls/SharedHeaders/webrtc/third_party/abseil-cpp/absl/container/internal/inlined_vector.h:522:22: note: in instantiation of template class 'absl::is_trivially_relocatable<webrtc::ScalabilityMode>' requested here
  522 |                absl::is_trivially_relocatable<V>::value ||
      |                      ^
In file included from /Users/buddhirajgautam/Documents/Cherrygram-Mac/macOS-Swift/submodules/tgcalls/tgcalls/v2/InstanceV2ReferenceImpl.cpp:3:
In file included from /Users/buddhirajgautam/Documents/Cherrygram-Mac/macOS-Swift/submodules/tgcalls/tgcalls/LogSinkImpl.h:4:
In file included from /Users/buddhirajgautam/Documents/Cherrygram-Mac/macOS-Swift/submodules/tgcalls/SharedHeaders/webrtc/rtc_base/logging.h:61:
In file included from /Users/buddhirajgautam/Documents/Cherrygram-Mac/macOS-Swift/submodules/tgcalls/SharedHeaders/webrtc/third_party/abseil-cpp/absl/strings/string_view.h:43:
/Users/buddhirajgautam/Documents/Cherrygram-Mac/macOS-Swift/submodules/tgcalls/SharedHeaders/webrtc/third_party/abseil-cpp/absl/base/macros.h:128:49: note: expanded from macro 'ABSL_HARDENING_ASSERT'
  128 | #define ABSL_HARDENING_ASSERT(expr) ABSL_ASSERT(expr)
      |                                                 ^
/Users/buddhirajgautam/Documents/Cherrygram-Mac/macOS-Swift/submodules/tgcalls/SharedHeaders/webrtc/third_party/abseil-cpp/absl/base/macros.h:95:30: note: expanded from macro 'ABSL_ASSERT'
   95 |   (false ? static_cast<void>(expr) : static_cast<void>(0))
      |                              ^
In file included from /Users/buddhirajgautam/Documents/Cherrygram-Mac/macOS-Swift/submodules/tgcalls/tgcalls/v2/InstanceV2ReferenceImpl.cpp:4:
In file included from /Users/buddhirajgautam/Documents/Cherrygram-Mac/macOS-Swift/submodules/tgcalls/tgcalls/VideoCaptureInterfaceImpl.h:8:
In file included from /Users/buddhirajgautam/Documents/Cherrygram-Mac/macOS-Swift/submodules/tgcalls/tgcalls/platform/PlatformInterface.h:5:
In file included from /Users/buddhirajgautam/Documents/Cherrygram-Mac/macOS-Swift/submodules/tgcalls/SharedHeaders/webrtc/api/video_codecs/video_encoder_factory.h:21:
In file included from /Users/buddhirajgautam/Documents/Cherrygram-Mac/macOS-Swift/submodules/tgcalls/SharedHeaders/webrtc/api/video_codecs/sdp_video_format.h:17:
/Users/buddhirajgautam/Documents/Cherrygram-Mac/macOS-Swift/submodules/tgcalls/SharedHeaders/webrtc/third_party/abseil-cpp/absl/container/inlined_vector.h:195:16: note: in instantiation of member function 'absl::inlined_vector_internal::Storage<webrtc::ScalabilityMode, 34, std::allocator<webrtc::ScalabilityMode>>::MemcpyFrom' requested here
  195 |       storage_.MemcpyFrom(other.storage_);
      |                ^
/Users/buddhirajgautam/Documents/Cherrygram-Mac/macOS-Swift/submodules/tgcalls/SharedHeaders/webrtc/third_party/abseil-cpp/absl/container/inlined_vector.h:177:9: note: in instantiation of member function 'absl::InlinedVector<webrtc::ScalabilityMode, 34>::InlinedVector' requested here
  177 |       : InlinedVector(other, other.storage_.GetAllocator()) {}
      |         ^
In file included from /Users/buddhirajgautam/Documents/Cherrygram-Mac/macOS-Swift/submodules/tgcalls/tgcalls/v2/InstanceV2ReferenceImpl.cpp:4:
In file included from /Users/buddhirajgautam/Documents/Cherrygram-Mac/macOS-Swift/submodules/tgcalls/tgcalls/VideoCaptureInterfaceImpl.h:8:
In file included from /Users/buddhirajgautam/Documents/Cherrygram-Mac/macOS-Swift/submodules/tgcalls/tgcalls/platform/PlatformInterface.h:5:
In file included from /Users/buddhirajgautam/Documents/Cherrygram-Mac/macOS-Swift/submodules/tgcalls/SharedHeaders/webrtc/api/video_codecs/video_encoder_factory.h:21:
In file included from /Users/buddhirajgautam/Documents/Cherrygram-Mac/macOS-Swift/submodules/tgcalls/SharedHeaders/webrtc/api/video_codecs/sdp_video_format.h:20:
/Users/buddhirajgautam/Documents/Cherrygram-Mac/macOS-Swift/submodules/tgcalls/SharedHeaders/webrtc/api/rtp_parameters.h:177:19: note: in instantiation of member function 'absl::InlinedVector<webrtc::ScalabilityMode, 34>::InlinedVector' requested here
  177 | struct RTC_EXPORT RtpCodecCapability : public RtpCodec {
      |                   ^
In file included from /Users/buddhirajgautam/Documents/Cherrygram-Mac/macOS-Swift/submodules/tgcalls/tgcalls/v2/InstanceV2ReferenceImpl.cpp:1:
In file included from /Users/buddhirajgautam/Documents/Cherrygram-Mac/macOS-Swift/submodules/tgcalls/tgcalls/v2/InstanceV2ReferenceImpl.h:4:
In file included from /Users/buddhirajgautam/Documents/Cherrygram-Mac/macOS-Swift/submodules/tgcalls/tgcalls/Instance.h:4:
In file included from /Applications/Xcode.app/Contents/Developer/Platforms/MacOSX.platform/Developer/SDKs/MacOSX27.0.sdk/usr/include/c++/v1/functional:557:
In file included from /Applications/Xcode.app/Contents/Developer/Platforms/MacOSX.platform/Developer/SDKs/MacOSX27.0.sdk/usr/include/c++/v1/__functional/boyer_moore_searcher.h:21:
In file included from /Applications/Xcode.app/Contents/Developer/Platforms/MacOSX.platform/Developer/SDKs/MacOSX27.0.sdk/usr/include/c++/v1/__memory/shared_ptr.h:36:
/Applications/Xcode.app/Contents/Developer/Platforms/MacOSX.platform/Developer/SDKs/MacOSX27.0.sdk/usr/include/c++/v1/__memory/unique_ptr.h:761:30: warning: 'RtcEventLogFactory' is deprecated: Use default constructor [-Wdeprecated-declarations]
  761 |   return unique_ptr<_Tp>(new _Tp(std::forward<_Args>(__args)...));
      |                              ^
/Users/buddhirajgautam/Documents/Cherrygram-Mac/macOS-Swift/submodules/tgcalls/tgcalls/v2/InstanceV2ReferenceImpl.cpp:475:68: note: in instantiation of function template specialization 'std::make_unique<webrtc::RtcEventLogFactory, webrtc::TaskQueueFactory *, 0>' requested here
  475 |         peerConnectionFactoryDependencies.event_log_factory = std::make_unique<webrtc::RtcEventLogFactory>(peerConnectionFactoryDependencies.task_queue_factory.get());
      |                                                                    ^
In file included from /Users/buddhirajgautam/Documents/Cherrygram-Mac/macOS-Swift/submodules/tgcalls/tgcalls/v2/InstanceV2ReferenceImpl.cpp:38:
/Users/buddhirajgautam/Documents/Cherrygram-Mac/macOS-Swift/submodules/tgcalls/SharedHeaders/webrtc/api/rtc_event_log/rtc_event_log_factory.h:29:5: note: 'RtcEventLogFactory' has been explicitly marked deprecated here
   29 |   [[deprecated("Use default constructor")]]  //
      |     ^
8 warnings generated.

CompileC /Users/buddhirajgautam/Library/Developer/Xcode/DerivedData/Telegram-Mac-fygdgghdgmuleoelvxabfmqiotta/Build/Intermediates.noindex/TgVoipWebrtc.build/Debug/TgVoipWebrtc-t.build/Objects-normal/arm64/InstanceV2Impl.o /Users/buddhirajgautam/Documents/Cherrygram-Mac/macOS-Swift/submodules/tgcalls/tgcalls/v2/InstanceV2Impl.cpp normal arm64 c++ com.apple.compilers.llvm.clang.1_0.compiler (in target 'TgVoipWebrtc' from project 'TgVoipWebrtc')
    cd /Users/buddhirajgautam/Documents/Cherrygram-Mac/macOS-Swift
    
    Using response file: /Users/buddhirajgautam/Library/Developer/Xcode/DerivedData/Telegram-Mac-fygdgghdgmuleoelvxabfmqiotta/Build/Intermediates.noindex/TgVoipWebrtc.build/Debug/TgVoipWebrtc-t.build/Objects-normal/arm64/82b82416624d2658e5098eb0a28c15c5-common-args.resp
    
    /Applications/Xcode.app/Contents/Developer/Toolchains/XcodeDefault.xctoolchain/usr/bin/clang -x c++ -ivfsstatcache /Users/buddhirajgautam/Library/Developer/Xcode/DerivedData/SDKStatCaches.noindex/macosx27.0-26A425-e829b21a6f8c9b70876ba0858053c0447231f6df4def33e022ae2eb8f782df1a.sdkstatcache -target arm64-apple-macos12.0 -fmessage-length\=0 -fdiagnostics-show-note-include-stack -fmacro-backtrace-limit\=0 -fno-color-diagnostics -fmodules-prune-interval\=86400 -fmodules-prune-after\=345600 -fbuild-session-file\=/Users/buddhirajgautam/Library/Developer/Xcode/DerivedData/ModuleCache.noindex/Session.modulevalidation -fmodules-validate-once-per-build-session -Wnon-modular-include-in-framework-module -Werror\=non-modular-include-in-framework-module -Wno-trigraphs -Wno-missing-field-initializers -Wno-missing-prototypes -Wno-return-type -Wno-non-virtual-dtor -Wno-overloaded-virtual -Wno-exit-time-destructors -Wno-missing-braces -Wparentheses -Wswitch -Wno-unused-function -Wno-unused-label -Wno-unused-parameter -Wno-unused-variable -Wunused-value -Wno-empty-body -Wno-uninitialized -Wno-unknown-pragmas -Wno-shadow -Wno-four-char-constants -Wno-conversion -Wno-constant-conversion -Wno-int-conversion -Wno-bool-conversion -Wno-enum-conversion -Wno-float-conversion -Wno-non-literal-null-conversion -Wno-objc-literal-conversion -Wshorten-64-to-32 -Wno-newline-eof -Wno-c++11-extensions -Wno-implicit-fallthrough -isysroot /Applications/Xcode.app/Contents/Developer/Platforms/MacOSX.platform/Developer/SDKs/MacOSX27.0.sdk -fstrict-aliasing -Wdeprecated-declarations -Winvalid-offsetof -Wno-sign-conversion -Wno-infinite-recursion -Wno-move -Wno-comma -Wno-block-capture-autoreleasing -Wno-strict-prototypes -Wno-range-loop-analysis -Wno-semicolon-before-method-body -index-store-path /Users/buddhirajgautam/Library/Developer/Xcode/DerivedData/Telegram-Mac-fygdgghdgmuleoelvxabfmqiotta/Index.noindex/DataStore @/Users/buddhirajgautam/Library/Developer/Xcode/DerivedData/Telegram-Mac-fygdgghdgmuleoelvxabfmqiotta/Build/Intermediates.noindex/TgVoipWebrtc.build/Debug/TgVoipWebrtc-t.build/Objects-normal/arm64/82b82416624d2658e5098eb0a28c15c5-common-args.resp -MMD -MT dependencies -MF /Users/buddhirajgautam/Library/Developer/Xcode/DerivedData/Telegram-Mac-fygdgghdgmuleoelvxabfmqiotta/Build/Intermediates.noindex/TgVoipWebrtc.build/Debug/TgVoipWebrtc-t.build/Objects-normal/arm64/InstanceV2Impl.d --serialize-diagnostics /Users/buddhirajgautam/Library/Developer/Xcode/DerivedData/Telegram-Mac-fygdgghdgmuleoelvxabfmqiotta/Build/Intermediates.noindex/TgVoipWebrtc.build/Debug/TgVoipWebrtc-t.build/Objects-normal/arm64/InstanceV2Impl.dia -c /Users/buddhirajgautam/Documents/Cherrygram-Mac/macOS-Swift/submodules/tgcalls/tgcalls/v2/InstanceV2Impl.cpp -o /Users/buddhirajgautam/Library/Developer/Xcode/DerivedData/Telegram-Mac-fygdgghdgmuleoelvxabfmqiotta/Build/Intermediates.noindex/TgVoipWebrtc.build/Debug/TgVoipWebrtc-t.build/Objects-normal/arm64/InstanceV2Impl.o -index-unit-output-path /TgVoipWebrtc.build/Debug/TgVoipWebrtc-t.build/Objects-normal/arm64/InstanceV2Impl.o
In file included from /Users/buddhirajgautam/Documents/Cherrygram-Mac/macOS-Swift/submodules/tgcalls/tgcalls/v2/InstanceV2Impl.cpp:3:
In file included from /Users/buddhirajgautam/Documents/Cherrygram-Mac/macOS-Swift/submodules/tgcalls/tgcalls/LogSinkImpl.h:4:
In file included from /Users/buddhirajgautam/Documents/Cherrygram-Mac/macOS-Swift/submodules/tgcalls/SharedHeaders/webrtc/rtc_base/logging.h:60:
/Users/buddhirajgautam/Documents/Cherrygram-Mac/macOS-Swift/submodules/tgcalls/SharedHeaders/webrtc/third_party/abseil-cpp/absl/meta/type_traits.h:511:36: warning: builtin __is_trivially_relocatable is deprecated; use __builtin_is_cpp_trivially_relocatable instead [-Wdeprecated-builtins]
  511 |     : std::integral_constant<bool, __is_trivially_relocatable(T)> {};
      |                                    ^
In file included from /Users/buddhirajgautam/Documents/Cherrygram-Mac/macOS-Swift/submodules/tgcalls/tgcalls/v2/InstanceV2Impl.cpp:6:
In file included from /Users/buddhirajgautam/Documents/Cherrygram-Mac/macOS-Swift/submodules/tgcalls/tgcalls/v2/NativeNetworkingImpl.h:14:
In file included from /Users/buddhirajgautam/Documents/Cherrygram-Mac/macOS-Swift/submodules/tgcalls/SharedHeaders/webrtc/pc/sctp_data_channel.h:29:
In file included from /Users/buddhirajgautam/Documents/Cherrygram-Mac/macOS-Swift/submodules/tgcalls/SharedHeaders/webrtc/pc/sctp_utils.h:20:
/Users/buddhirajgautam/Documents/Cherrygram-Mac/macOS-Swift/submodules/tgcalls/SharedHeaders/webrtc/net/dcsctp/public/types.h:47:64: warning: implicit conversion loses integer precision: 'long long' to 'const UnderlyingType' (aka 'const int') [-Wshorten-64-to-32]
   47 |             v.IsInfinite() ? InfiniteDuration() : DurationMs(v.ms())) {}
      |                                                   ~~~~~~~~~~ ~~^~~~
/Users/buddhirajgautam/Documents/Cherrygram-Mac/macOS-Swift/submodules/tgcalls/SharedHeaders/webrtc/net/dcsctp/public/types.h:122:26: warning: implicit conversion loses integer precision: 'UnderlyingType' (aka 'long long') to 'const UnderlyingType' (aka 'const int') [-Wshorten-64-to-32]
  122 |   return DurationMs(*lhs - *rhs);
      |          ~~~~~~~~~~ ~~~~~^~~~~~
In file included from /Users/buddhirajgautam/Documents/Cherrygram-Mac/macOS-Swift/submodules/tgcalls/tgcalls/v2/InstanceV2Impl.cpp:3:
In file included from /Users/buddhirajgautam/Documents/Cherrygram-Mac/macOS-Swift/submodules/tgcalls/tgcalls/LogSinkImpl.h:4:
In file included from /Users/buddhirajgautam/Documents/Cherrygram-Mac/macOS-Swift/submodules/tgcalls/SharedHeaders/webrtc/rtc_base/logging.h:60:
/Users/buddhirajgautam/Documents/Cherrygram-Mac/macOS-Swift/submodules/tgcalls/SharedHeaders/webrtc/third_party/abseil-cpp/absl/meta/type_traits.h:511:36: warning: builtin __is_trivially_relocatable is deprecated; use __builtin_is_cpp_trivially_relocatable instead [-Wdeprecated-builtins]
  511 |     : std::integral_constant<bool, __is_trivially_relocatable(T)> {};
      |                                    ^
In file included from /Users/buddhirajgautam/Documents/Cherrygram-Mac/macOS-Swift/submodules/tgcalls/tgcalls/v2/InstanceV2Impl.cpp:4:
In file included from /Users/buddhirajgautam/Documents/Cherrygram-Mac/macOS-Swift/submodules/tgcalls/tgcalls/VideoCaptureInterfaceImpl.h:8:
In file included from /Users/buddhirajgautam/Documents/Cherrygram-Mac/macOS-Swift/submodules/tgcalls/tgcalls/platform/PlatformInterface.h:5:
In file included from /Users/buddhirajgautam/Documents/Cherrygram-Mac/macOS-Swift/submodules/tgcalls/SharedHeaders/webrtc/api/video_codecs/video_encoder_factory.h:21:
In file included from /Users/buddhirajgautam/Documents/Cherrygram-Mac/macOS-Swift/submodules/tgcalls/SharedHeaders/webrtc/api/video_codecs/sdp_video_format.h:17:
In file included from /Users/buddhirajgautam/Documents/Cherrygram-Mac/macOS-Swift/submodules/tgcalls/SharedHeaders/webrtc/third_party/abseil-cpp/absl/container/inlined_vector.h:53:
/Users/buddhirajgautam/Documents/Cherrygram-Mac/macOS-Swift/submodules/tgcalls/SharedHeaders/webrtc/third_party/abseil-cpp/absl/container/internal/inlined_vector.h:522:22: note: in instantiation of template class 'absl::is_trivially_relocatable<webrtc::DecodeTargetIndication>' requested here
  522 |                absl::is_trivially_relocatable<V>::value ||
      |                      ^
In file included from /Users/buddhirajgautam/Documents/Cherrygram-Mac/macOS-Swift/submodules/tgcalls/tgcalls/v2/InstanceV2Impl.cpp:3:
In file included from /Users/buddhirajgautam/Documents/Cherrygram-Mac/macOS-Swift/submodules/tgcalls/tgcalls/LogSinkImpl.h:4:
In file included from /Users/buddhirajgautam/Documents/Cherrygram-Mac/macOS-Swift/submodules/tgcalls/SharedHeaders/webrtc/rtc_base/logging.h:61:
In file included from /Users/buddhirajgautam/Documents/Cherrygram-Mac/macOS-Swift/submodules/tgcalls/SharedHeaders/webrtc/third_party/abseil-cpp/absl/strings/string_view.h:43:
/Users/buddhirajgautam/Documents/Cherrygram-Mac/macOS-Swift/submodules/tgcalls/SharedHeaders/webrtc/third_party/abseil-cpp/absl/base/macros.h:128:49: note: expanded from macro 'ABSL_HARDENING_ASSERT'
  128 | #define ABSL_HARDENING_ASSERT(expr) ABSL_ASSERT(expr)
      |                                                 ^
/Users/buddhirajgautam/Documents/Cherrygram-Mac/macOS-Swift/submodules/tgcalls/SharedHeaders/webrtc/third_party/abseil-cpp/absl/base/macros.h:95:30: note: expanded from macro 'ABSL_ASSERT'
   95 |   (false ? static_cast<void>(expr) : static_cast<void>(0))
      |                              ^
In file included from /Users/buddhirajgautam/Documents/Cherrygram-Mac/macOS-Swift/submodules/tgcalls/tgcalls/v2/InstanceV2Impl.cpp:4:
In file included from /Users/buddhirajgautam/Documents/Cherrygram-Mac/macOS-Swift/submodules/tgcalls/tgcalls/VideoCaptureInterfaceImpl.h:8:
In file included from /Users/buddhirajgautam/Documents/Cherrygram-Mac/macOS-Swift/submodules/tgcalls/tgcalls/platform/PlatformInterface.h:5:
In file included from /Users/buddhirajgautam/Documents/Cherrygram-Mac/macOS-Swift/submodules/tgcalls/SharedHeaders/webrtc/api/video_codecs/video_encoder_factory.h:21:
In file included from /Users/buddhirajgautam/Documents/Cherrygram-Mac/macOS-Swift/submodules/tgcalls/SharedHeaders/webrtc/api/video_codecs/sdp_video_format.h:17:
/Users/buddhirajgautam/Documents/Cherrygram-Mac/macOS-Swift/submodules/tgcalls/SharedHeaders/webrtc/third_party/abseil-cpp/absl/container/inlined_vector.h:856:14: note: in instantiation of member function 'absl::inlined_vector_internal::Storage<webrtc::DecodeTargetIndication, 10, std::allocator<webrtc::DecodeTargetIndication>>::MemcpyFrom' requested here
  856 |     storage_.MemcpyFrom(other.storage_);
      |              ^
/Users/buddhirajgautam/Documents/Cherrygram-Mac/macOS-Swift/submodules/tgcalls/SharedHeaders/webrtc/third_party/abseil-cpp/absl/container/inlined_vector.h:548:7: note: in instantiation of member function 'absl::InlinedVector<webrtc::DecodeTargetIndication, 10>::MoveAssignment' requested here
  548 |       MoveAssignment(MoveAssignmentPolicy{}, std::move(other));
      |       ^
In file included from /Users/buddhirajgautam/Documents/Cherrygram-Mac/macOS-Swift/submodules/tgcalls/tgcalls/v2/InstanceV2Impl.cpp:6:
In file included from /Users/buddhirajgautam/Documents/Cherrygram-Mac/macOS-Swift/submodules/tgcalls/tgcalls/v2/NativeNetworkingImpl.h:12:
In file included from /Users/buddhirajgautam/Documents/Cherrygram-Mac/macOS-Swift/submodules/tgcalls/SharedHeaders/webrtc/media/base/media_channel.h:27:
In file included from /Users/buddhirajgautam/Documents/Cherrygram-Mac/macOS-Swift/submodules/tgcalls/SharedHeaders/webrtc/api/frame_transformer_interface.h:19:
In file included from /Users/buddhirajgautam/Documents/Cherrygram-Mac/macOS-Swift/submodules/tgcalls/SharedHeaders/webrtc/api/video/encoded_frame.h:21:
In file included from /Users/buddhirajgautam/Documents/Cherrygram-Mac/macOS-Swift/submodules/tgcalls/SharedHeaders/webrtc/modules/rtp_rtcp/source/rtp_video_header.h:20:
/Users/buddhirajgautam/Documents/Cherrygram-Mac/macOS-Swift/submodules/tgcalls/SharedHeaders/webrtc/api/transport/rtp/dependency_descriptor.h:133:35: note: in instantiation of member function 'absl::InlinedVector<webrtc::DecodeTargetIndication, 10>::operator=' requested here
  133 |   this->decode_target_indications =
      |                                   ^
In file included from /Users/buddhirajgautam/Documents/Cherrygram-Mac/macOS-Swift/submodules/tgcalls/tgcalls/v2/InstanceV2Impl.cpp:3:
In file included from /Users/buddhirajgautam/Documents/Cherrygram-Mac/macOS-Swift/submodules/tgcalls/tgcalls/LogSinkImpl.h:4:
In file included from /Users/buddhirajgautam/Documents/Cherrygram-Mac/macOS-Swift/submodules/tgcalls/SharedHeaders/webrtc/rtc_base/logging.h:60:
/Users/buddhirajgautam/Documents/Cherrygram-Mac/macOS-Swift/submodules/tgcalls/SharedHeaders/webrtc/third_party/abseil-cpp/absl/meta/type_traits.h:511:36: warning: builtin __is_trivially_relocatable is deprecated; use __builtin_is_cpp_trivially_relocatable instead [-Wdeprecated-builtins]
  511 |     : std::integral_constant<bool, __is_trivially_relocatable(T)> {};
      |                                    ^
In file included from /Users/buddhirajgautam/Documents/Cherrygram-Mac/macOS-Swift/submodules/tgcalls/tgcalls/v2/InstanceV2Impl.cpp:4:
In file included from /Users/buddhirajgautam/Documents/Cherrygram-Mac/macOS-Swift/submodules/tgcalls/tgcalls/VideoCaptureInterfaceImpl.h:8:
In file included from /Users/buddhirajgautam/Documents/Cherrygram-Mac/macOS-Swift/submodules/tgcalls/tgcalls/platform/PlatformInterface.h:5:
In file included from /Users/buddhirajgautam/Documents/Cherrygram-Mac/macOS-Swift/submodules/tgcalls/SharedHeaders/webrtc/api/video_codecs/video_encoder_factory.h:21:
In file included from /Users/buddhirajgautam/Documents/Cherrygram-Mac/macOS-Swift/submodules/tgcalls/SharedHeaders/webrtc/api/video_codecs/sdp_video_format.h:17:
In file included from /Users/buddhirajgautam/Documents/Cherrygram-Mac/macOS-Swift/submodules/tgcalls/SharedHeaders/webrtc/third_party/abseil-cpp/absl/container/inlined_vector.h:53:
/Users/buddhirajgautam/Documents/Cherrygram-Mac/macOS-Swift/submodules/tgcalls/SharedHeaders/webrtc/third_party/abseil-cpp/absl/container/internal/inlined_vector.h:522:22: note: in instantiation of template class 'absl::is_trivially_relocatable<int>' requested here
  522 |                absl::is_trivially_relocatable<V>::value ||
      |                      ^
In file included from /Users/buddhirajgautam/Documents/Cherrygram-Mac/macOS-Swift/submodules/tgcalls/tgcalls/v2/InstanceV2Impl.cpp:3:
In file included from /Users/buddhirajgautam/Documents/Cherrygram-Mac/macOS-Swift/submodules/tgcalls/tgcalls/LogSinkImpl.h:4:
In file included from /Users/buddhirajgautam/Documents/Cherrygram-Mac/macOS-Swift/submodules/tgcalls/SharedHeaders/webrtc/rtc_base/logging.h:61:
In file included from /Users/buddhirajgautam/Documents/Cherrygram-Mac/macOS-Swift/submodules/tgcalls/SharedHeaders/webrtc/third_party/abseil-cpp/absl/strings/string_view.h:43:
/Users/buddhirajgautam/Documents/Cherrygram-Mac/macOS-Swift/submodules/tgcalls/SharedHeaders/webrtc/third_party/abseil-cpp/absl/base/macros.h:128:49: note: expanded from macro 'ABSL_HARDENING_ASSERT'
  128 | #define ABSL_HARDENING_ASSERT(expr) ABSL_ASSERT(expr)
      |                                                 ^
/Users/buddhirajgautam/Documents/Cherrygram-Mac/macOS-Swift/submodules/tgcalls/SharedHeaders/webrtc/third_party/abseil-cpp/absl/base/macros.h:95:30: note: expanded from macro 'ABSL_ASSERT'
   95 |   (false ? static_cast<void>(expr) : static_cast<void>(0))
      |                              ^
In file included from /Users/buddhirajgautam/Documents/Cherrygram-Mac/macOS-Swift/submodules/tgcalls/tgcalls/v2/InstanceV2Impl.cpp:4:
In file included from /Users/buddhirajgautam/Documents/Cherrygram-Mac/macOS-Swift/submodules/tgcalls/tgcalls/VideoCaptureInterfaceImpl.h:8:
In file included from /Users/buddhirajgautam/Documents/Cherrygram-Mac/macOS-Swift/submodules/tgcalls/tgcalls/platform/PlatformInterface.h:5:
In file included from /Users/buddhirajgautam/Documents/Cherrygram-Mac/macOS-Swift/submodules/tgcalls/SharedHeaders/webrtc/api/video_codecs/video_encoder_factory.h:21:
In file included from /Users/buddhirajgautam/Documents/Cherrygram-Mac/macOS-Swift/submodules/tgcalls/SharedHeaders/webrtc/api/video_codecs/sdp_video_format.h:17:
/Users/buddhirajgautam/Documents/Cherrygram-Mac/macOS-Swift/submodules/tgcalls/SharedHeaders/webrtc/third_party/abseil-cpp/absl/container/inlined_vector.h:195:16: note: in instantiation of member function 'absl::inlined_vector_internal::Storage<int, 4, std::allocator<int>>::MemcpyFrom' requested here
  195 |       storage_.MemcpyFrom(other.storage_);
      |                ^
/Users/buddhirajgautam/Documents/Cherrygram-Mac/macOS-Swift/submodules/tgcalls/SharedHeaders/webrtc/third_party/abseil-cpp/absl/container/inlined_vector.h:177:9: note: in instantiation of member function 'absl::InlinedVector<int, 4>::InlinedVector' requested here
  177 |       : InlinedVector(other, other.storage_.GetAllocator()) {}
      |         ^
In file included from /Users/buddhirajgautam/Documents/Cherrygram-Mac/macOS-Swift/submodules/tgcalls/tgcalls/v2/InstanceV2Impl.cpp:6:
In file included from /Users/buddhirajgautam/Documents/Cherrygram-Mac/macOS-Swift/submodules/tgcalls/tgcalls/v2/NativeNetworkingImpl.h:12:
In file included from /Users/buddhirajgautam/Documents/Cherrygram-Mac/macOS-Swift/submodules/tgcalls/SharedHeaders/webrtc/media/base/media_channel.h:27:
In file included from /Users/buddhirajgautam/Documents/Cherrygram-Mac/macOS-Swift/submodules/tgcalls/SharedHeaders/webrtc/api/frame_transformer_interface.h:19:
In file included from /Users/buddhirajgautam/Documents/Cherrygram-Mac/macOS-Swift/submodules/tgcalls/SharedHeaders/webrtc/api/video/encoded_frame.h:21:
In file included from /Users/buddhirajgautam/Documents/Cherrygram-Mac/macOS-Swift/submodules/tgcalls/SharedHeaders/webrtc/modules/rtp_rtcp/source/rtp_video_header.h:20:
/Users/buddhirajgautam/Documents/Cherrygram-Mac/macOS-Swift/submodules/tgcalls/SharedHeaders/webrtc/api/transport/rtp/dependency_descriptor.h:37:8: note: in instantiation of member function 'absl::InlinedVector<int, 4>::InlinedVector' requested here
   37 | struct FrameDependencyTemplate {
      |        ^
In file included from /Users/buddhirajgautam/Documents/Cherrygram-Mac/macOS-Swift/submodules/tgcalls/tgcalls/v2/InstanceV2Impl.cpp:3:
In file included from /Users/buddhirajgautam/Documents/Cherrygram-Mac/macOS-Swift/submodules/tgcalls/tgcalls/LogSinkImpl.h:4:
In file included from /Users/buddhirajgautam/Documents/Cherrygram-Mac/macOS-Swift/submodules/tgcalls/SharedHeaders/webrtc/rtc_base/logging.h:60:
/Users/buddhirajgautam/Documents/Cherrygram-Mac/macOS-Swift/submodules/tgcalls/SharedHeaders/webrtc/third_party/abseil-cpp/absl/meta/type_traits.h:511:36: warning: builtin __is_trivially_relocatable is deprecated; use __builtin_is_cpp_trivially_relocatable instead [-Wdeprecated-builtins]
  511 |     : std::integral_constant<bool, __is_trivially_relocatable(T)> {};
      |                                    ^
In file included from /Users/buddhirajgautam/Documents/Cherrygram-Mac/macOS-Swift/submodules/tgcalls/tgcalls/v2/InstanceV2Impl.cpp:4:
In file included from /Users/buddhirajgautam/Documents/Cherrygram-Mac/macOS-Swift/submodules/tgcalls/tgcalls/VideoCaptureInterfaceImpl.h:8:
In file included from /Users/buddhirajgautam/Documents/Cherrygram-Mac/macOS-Swift/submodules/tgcalls/tgcalls/platform/PlatformInterface.h:5:
In file included from /Users/buddhirajgautam/Documents/Cherrygram-Mac/macOS-Swift/submodules/tgcalls/SharedHeaders/webrtc/api/video_codecs/video_encoder_factory.h:21:
In file included from /Users/buddhirajgautam/Documents/Cherrygram-Mac/macOS-Swift/submodules/tgcalls/SharedHeaders/webrtc/api/video_codecs/sdp_video_format.h:17:
In file included from /Users/buddhirajgautam/Documents/Cherrygram-Mac/macOS-Swift/submodules/tgcalls/SharedHeaders/webrtc/third_party/abseil-cpp/absl/container/inlined_vector.h:53:
/Users/buddhirajgautam/Documents/Cherrygram-Mac/macOS-Swift/submodules/tgcalls/SharedHeaders/webrtc/third_party/abseil-cpp/absl/container/internal/inlined_vector.h:522:22: note: in instantiation of template class 'absl::is_trivially_relocatable<webrtc::RenderResolution>' requested here
  522 |                absl::is_trivially_relocatable<V>::value ||
      |                      ^
In file included from /Users/buddhirajgautam/Documents/Cherrygram-Mac/macOS-Swift/submodules/tgcalls/tgcalls/v2/InstanceV2Impl.cpp:3:
In file included from /Users/buddhirajgautam/Documents/Cherrygram-Mac/macOS-Swift/submodules/tgcalls/tgcalls/LogSinkImpl.h:4:
In file included from /Users/buddhirajgautam/Documents/Cherrygram-Mac/macOS-Swift/submodules/tgcalls/SharedHeaders/webrtc/rtc_base/logging.h:61:
In file included from /Users/buddhirajgautam/Documents/Cherrygram-Mac/macOS-Swift/submodules/tgcalls/SharedHeaders/webrtc/third_party/abseil-cpp/absl/strings/string_view.h:43:
/Users/buddhirajgautam/Documents/Cherrygram-Mac/macOS-Swift/submodules/tgcalls/SharedHeaders/webrtc/third_party/abseil-cpp/absl/base/macros.h:128:49: note: expanded from macro 'ABSL_HARDENING_ASSERT'
  128 | #define ABSL_HARDENING_ASSERT(expr) ABSL_ASSERT(expr)
      |                                                 ^
/Users/buddhirajgautam/Documents/Cherrygram-Mac/macOS-Swift/submodules/tgcalls/SharedHeaders/webrtc/third_party/abseil-cpp/absl/base/macros.h:95:30: note: expanded from macro 'ABSL_ASSERT'
   95 |   (false ? static_cast<void>(expr) : static_cast<void>(0))
      |                              ^
In file included from /Users/buddhirajgautam/Documents/Cherrygram-Mac/macOS-Swift/submodules/tgcalls/tgcalls/v2/InstanceV2Impl.cpp:4:
In file included from /Users/buddhirajgautam/Documents/Cherrygram-Mac/macOS-Swift/submodules/tgcalls/tgcalls/VideoCaptureInterfaceImpl.h:8:
In file included from /Users/buddhirajgautam/Documents/Cherrygram-Mac/macOS-Swift/submodules/tgcalls/tgcalls/platform/PlatformInterface.h:5:
In file included from /Users/buddhirajgautam/Documents/Cherrygram-Mac/macOS-Swift/submodules/tgcalls/SharedHeaders/webrtc/api/video_codecs/video_encoder_factory.h:21:
In file included from /Users/buddhirajgautam/Documents/Cherrygram-Mac/macOS-Swift/submodules/tgcalls/SharedHeaders/webrtc/api/video_codecs/sdp_video_format.h:17:
/Users/buddhirajgautam/Documents/Cherrygram-Mac/macOS-Swift/submodules/tgcalls/SharedHeaders/webrtc/third_party/abseil-cpp/absl/container/inlined_vector.h:195:16: note: in instantiation of member function 'absl::inlined_vector_internal::Storage<webrtc::RenderResolution, 4, std::allocator<webrtc::RenderResolution>>::MemcpyFrom' requested here
  195 |       storage_.MemcpyFrom(other.storage_);
      |                ^
/Users/buddhirajgautam/Documents/Cherrygram-Mac/macOS-Swift/submodules/tgcalls/SharedHeaders/webrtc/third_party/abseil-cpp/absl/container/inlined_vector.h:177:9: note: in instantiation of member function 'absl::InlinedVector<webrtc::RenderResolution, 4>::InlinedVector' requested here
  177 |       : InlinedVector(other, other.storage_.GetAllocator()) {}
      |         ^
In file included from /Users/buddhirajgautam/Documents/Cherrygram-Mac/macOS-Swift/submodules/tgcalls/tgcalls/v2/InstanceV2Impl.cpp:6:
In file included from /Users/buddhirajgautam/Documents/Cherrygram-Mac/macOS-Swift/submodules/tgcalls/tgcalls/v2/NativeNetworkingImpl.h:12:
In file included from /Users/buddhirajgautam/Documents/Cherrygram-Mac/macOS-Swift/submodules/tgcalls/SharedHeaders/webrtc/media/base/media_channel.h:27:
In file included from /Users/buddhirajgautam/Documents/Cherrygram-Mac/macOS-Swift/submodules/tgcalls/SharedHeaders/webrtc/api/frame_transformer_interface.h:19:
In file included from /Users/buddhirajgautam/Documents/Cherrygram-Mac/macOS-Swift/submodules/tgcalls/SharedHeaders/webrtc/api/video/encoded_frame.h:21:
In file included from /Users/buddhirajgautam/Documents/Cherrygram-Mac/macOS-Swift/submodules/tgcalls/SharedHeaders/webrtc/modules/rtp_rtcp/source/rtp_video_header.h:20:
/Users/buddhirajgautam/Documents/Cherrygram-Mac/macOS-Swift/submodules/tgcalls/SharedHeaders/webrtc/api/transport/rtp/dependency_descriptor.h:61:8: note: in instantiation of member function 'absl::InlinedVector<webrtc::RenderResolution, 4>::InlinedVector' requested here
   61 | struct FrameDependencyStructure {
      |        ^
6 warnings generated.

CompileC /Users/buddhirajgautam/Library/Developer/Xcode/DerivedData/Telegram-Mac-fygdgghdgmuleoelvxabfmqiotta/Build/Intermediates.noindex/TgVoipWebrtc.build/Debug/TgVoipWebrtc-t.build/Objects-normal/arm64/InstanceImpl.o /Users/buddhirajgautam/Documents/Cherrygram-Mac/macOS-Swift/submodules/tgcalls/tgcalls/InstanceImpl.cpp normal arm64 c++ com.apple.compilers.llvm.clang.1_0.compiler (in target 'TgVoipWebrtc' from project 'TgVoipWebrtc')
    cd /Users/buddhirajgautam/Documents/Cherrygram-Mac/macOS-Swift
    
    Using response file: /Users/buddhirajgautam/Library/Developer/Xcode/DerivedData/Telegram-Mac-fygdgghdgmuleoelvxabfmqiotta/Build/Intermediates.noindex/TgVoipWebrtc.build/Debug/TgVoipWebrtc-t.build/Objects-normal/arm64/82b82416624d2658e5098eb0a28c15c5-common-args.resp
    
    /Applications/Xcode.app/Contents/Developer/Toolchains/XcodeDefault.xctoolchain/usr/bin/clang -x c++ -ivfsstatcache /Users/buddhirajgautam/Library/Developer/Xcode/DerivedData/SDKStatCaches.noindex/macosx27.0-26A425-e829b21a6f8c9b70876ba0858053c0447231f6df4def33e022ae2eb8f782df1a.sdkstatcache -target arm64-apple-macos12.0 -fmessage-length\=0 -fdiagnostics-show-note-include-stack -fmacro-backtrace-limit\=0 -fno-color-diagnostics -fmodules-prune-interval\=86400 -fmodules-prune-after\=345600 -fbuild-session-file\=/Users/buddhirajgautam/Library/Developer/Xcode/DerivedData/ModuleCache.noindex/Session.modulevalidation -fmodules-validate-once-per-build-session -Wnon-modular-include-in-framework-module -Werror\=non-modular-include-in-framework-module -Wno-trigraphs -Wno-missing-field-initializers -Wno-missing-prototypes -Wno-return-type -Wno-non-virtual-dtor -Wno-overloaded-virtual -Wno-exit-time-destructors -Wno-missing-braces -Wparentheses -Wswitch -Wno-unused-function -Wno-unused-label -Wno-unused-parameter -Wno-unused-variable -Wunused-value -Wno-empty-body -Wno-uninitialized -Wno-unknown-pragmas -Wno-shadow -Wno-four-char-constants -Wno-conversion -Wno-constant-conversion -Wno-int-conversion -Wno-bool-conversion -Wno-enum-conversion -Wno-float-conversion -Wno-non-literal-null-conversion -Wno-objc-literal-conversion -Wshorten-64-to-32 -Wno-newline-eof -Wno-c++11-extensions -Wno-implicit-fallthrough -isysroot /Applications/Xcode.app/Contents/Developer/Platforms/MacOSX.platform/Developer/SDKs/MacOSX27.0.sdk -fstrict-aliasing -Wdeprecated-declarations -Winvalid-offsetof -Wno-sign-conversion -Wno-infinite-recursion -Wno-move -Wno-comma -Wno-block-capture-autoreleasing -Wno-strict-prototypes -Wno-range-loop-analysis -Wno-semicolon-before-method-body -index-store-path /Users/buddhirajgautam/Library/Developer/Xcode/DerivedData/Telegram-Mac-fygdgghdgmuleoelvxabfmqiotta/Index.noindex/DataStore @/Users/buddhirajgautam/Library/Developer/Xcode/DerivedData/Telegram-Mac-fygdgghdgmuleoelvxabfmqiotta/Build/Intermediates.noindex/TgVoipWebrtc.build/Debug/TgVoipWebrtc-t.build/Objects-normal/arm64/82b82416624d2658e5098eb0a28c15c5-common-args.resp -MMD -MT dependencies -MF /Users/buddhirajgautam/Library/Developer/Xcode/DerivedData/Telegram-Mac-fygdgghdgmuleoelvxabfmqiotta/Build/Intermediates.noindex/TgVoipWebrtc.build/Debug/TgVoipWebrtc-t.build/Objects-normal/arm64/InstanceImpl.d --serialize-diagnostics /Users/buddhirajgautam/Library/Developer/Xcode/DerivedData/Telegram-Mac-fygdgghdgmuleoelvxabfmqiotta/Build/Intermediates.noindex/TgVoipWebrtc.build/Debug/TgVoipWebrtc-t.build/Objects-normal/arm64/InstanceImpl.dia -c /Users/buddhirajgautam/Documents/Cherrygram-Mac/macOS-Swift/submodules/tgcalls/tgcalls/InstanceImpl.cpp -o /Users/buddhirajgautam/Library/Developer/Xcode/DerivedData/Telegram-Mac-fygdgghdgmuleoelvxabfmqiotta/Build/Intermediates.noindex/TgVoipWebrtc.build/Debug/TgVoipWebrtc-t.build/Objects-normal/arm64/InstanceImpl.o -index-unit-output-path /TgVoipWebrtc.build/Debug/TgVoipWebrtc-t.build/Objects-normal/arm64/InstanceImpl.o
In file included from /Users/buddhirajgautam/Documents/Cherrygram-Mac/macOS-Swift/submodules/tgcalls/tgcalls/InstanceImpl.cpp:3:
In file included from /Users/buddhirajgautam/Documents/Cherrygram-Mac/macOS-Swift/submodules/tgcalls/tgcalls/LogSinkImpl.h:4:
In file included from /Users/buddhirajgautam/Documents/Cherrygram-Mac/macOS-Swift/submodules/tgcalls/SharedHeaders/webrtc/rtc_base/logging.h:60:
/Users/buddhirajgautam/Documents/Cherrygram-Mac/macOS-Swift/submodules/tgcalls/SharedHeaders/webrtc/third_party/abseil-cpp/absl/meta/type_traits.h:511:36: warning: builtin __is_trivially_relocatable is deprecated; use __builtin_is_cpp_trivially_relocatable instead [-Wdeprecated-builtins]
  511 |     : std::integral_constant<bool, __is_trivially_relocatable(T)> {};
      |                                    ^
/Users/buddhirajgautam/Documents/Cherrygram-Mac/macOS-Swift/submodules/tgcalls/SharedHeaders/webrtc/third_party/abseil-cpp/absl/meta/type_traits.h:511:36: warning: builtin __is_trivially_relocatable is deprecated; use __builtin_is_cpp_trivially_relocatable instead [-Wdeprecated-builtins]
In file included from /Users/buddhirajgautam/Documents/Cherrygram-Mac/macOS-Swift/submodules/tgcalls/tgcalls/InstanceImpl.cpp:4:
In file included from /Users/buddhirajgautam/Documents/Cherrygram-Mac/macOS-Swift/submodules/tgcalls/tgcalls/Manager.h:5:
In file included from /Users/buddhirajgautam/Documents/Cherrygram-Mac/macOS-Swift/submodules/tgcalls/tgcalls/EncryptedConnection.h:5:
In file included from /Users/buddhirajgautam/Documents/Cherrygram-Mac/macOS-Swift/submodules/tgcalls/tgcalls/Message.h:5:
In file included from /Users/buddhirajgautam/Documents/Cherrygram-Mac/macOS-Swift/submodules/tgcalls/SharedHeaders/webrtc/api/video_codecs/sdp_video_format.h:17:
In file included from /Users/buddhirajgautam/Documents/Cherrygram-Mac/macOS-Swift/submodules/tgcalls/SharedHeaders/webrtc/third_party/abseil-cpp/absl/container/inlined_vector.h:53:
/Users/buddhirajgautam/Documents/Cherrygram-Mac/macOS-Swift/submodules/tgcalls/SharedHeaders/webrtc/third_party/abseil-cpp/absl/container/internal/inlined_vector.h:522:22: note: in instantiation of template class 'absl::is_trivially_relocatable<webrtc::DecodeTargetIndication>' requested here
  522 |                absl::is_trivially_relocatable<V>::value ||
      |                      ^
In file included from /Users/buddhirajgautam/Documents/Cherrygram-Mac/macOS-Swift/submodules/tgcalls/tgcalls/InstanceImpl.cpp:3:
In file included from /Users/buddhirajgautam/Documents/Cherrygram-Mac/macOS-Swift/submodules/tgcalls/tgcalls/LogSinkImpl.h:4:
In file included from /Users/buddhirajgautam/Documents/Cherrygram-Mac/macOS-Swift/submodules/tgcalls/SharedHeaders/webrtc/rtc_base/logging.h:61:
In file included from /Users/buddhirajgautam/Documents/Cherrygram-Mac/macOS-Swift/submodules/tgcalls/SharedHeaders/webrtc/third_party/abseil-cpp/absl/strings/string_view.h:43:
/Users/buddhirajgautam/Documents/Cherrygram-Mac/macOS-Swift/submodules/tgcalls/SharedHeaders/webrtc/third_party/abseil-cpp/absl/base/macros.h:128:49: note: expanded from macro 'ABSL_HARDENING_ASSERT'
  128 | #define ABSL_HARDENING_ASSERT(expr) ABSL_ASSERT(expr)
      |                                                 ^
/Users/buddhirajgautam/Documents/Cherrygram-Mac/macOS-Swift/submodules/tgcalls/SharedHeaders/webrtc/third_party/abseil-cpp/absl/base/macros.h:95:30: note: expanded from macro 'ABSL_ASSERT'
   95 |   (false ? static_cast<void>(expr) : static_cast<void>(0))
      |                              ^
In file included from /Users/buddhirajgautam/Documents/Cherrygram-Mac/macOS-Swift/submodules/tgcalls/tgcalls/InstanceImpl.cpp:4:
In file included from /Users/buddhirajgautam/Documents/Cherrygram-Mac/macOS-Swift/submodules/tgcalls/tgcalls/Manager.h:5:
In file included from /Users/buddhirajgautam/Documents/Cherrygram-Mac/macOS-Swift/submodules/tgcalls/tgcalls/EncryptedConnection.h:5:
In file included from /Users/buddhirajgautam/Documents/Cherrygram-Mac/macOS-Swift/submodules/tgcalls/tgcalls/Message.h:5:
In file included from /Users/buddhirajgautam/Documents/Cherrygram-Mac/macOS-Swift/submodules/tgcalls/SharedHeaders/webrtc/api/video_codecs/sdp_video_format.h:17:
/Users/buddhirajgautam/Documents/Cherrygram-Mac/macOS-Swift/submodules/tgcalls/SharedHeaders/webrtc/third_party/abseil-cpp/absl/container/inlined_vector.h:856:14: note: in instantiation of member function 'absl::inlined_vector_internal::Storage<webrtc::DecodeTargetIndication, 10, std::allocator<webrtc::DecodeTargetIndication>>::MemcpyFrom' requested here
  856 |     storage_.MemcpyFrom(other.storage_);
      |              ^
/Users/buddhirajgautam/Documents/Cherrygram-Mac/macOS-Swift/submodules/tgcalls/SharedHeaders/webrtc/third_party/abseil-cpp/absl/container/inlined_vector.h:548:7: note: in instantiation of member function 'absl::InlinedVector<webrtc::DecodeTargetIndication, 10>::MoveAssignment' requested here
  548 |       MoveAssignment(MoveAssignmentPolicy{}, std::move(other));
      |       ^
In file included from /Users/buddhirajgautam/Documents/Cherrygram-Mac/macOS-Swift/submodules/tgcalls/tgcalls/InstanceImpl.cpp:4:
In file included from /Users/buddhirajgautam/Documents/Cherrygram-Mac/macOS-Swift/submodules/tgcalls/tgcalls/Manager.h:7:
In file included from /Users/buddhirajgautam/Documents/Cherrygram-Mac/macOS-Swift/submodules/tgcalls/tgcalls/MediaManager.h:8:
In file included from /Users/buddhirajgautam/Documents/Cherrygram-Mac/macOS-Swift/submodules/tgcalls/SharedHeaders/webrtc/pc/rtp_sender.h:29:
In file included from /Users/buddhirajgautam/Documents/Cherrygram-Mac/macOS-Swift/submodules/tgcalls/SharedHeaders/webrtc/api/frame_transformer_interface.h:19:
In file included from /Users/buddhirajgautam/Documents/Cherrygram-Mac/macOS-Swift/submodules/tgcalls/SharedHeaders/webrtc/api/video/encoded_frame.h:21:
In file included from /Users/buddhirajgautam/Documents/Cherrygram-Mac/macOS-Swift/submodules/tgcalls/SharedHeaders/webrtc/modules/rtp_rtcp/source/rtp_video_header.h:20:
/Users/buddhirajgautam/Documents/Cherrygram-Mac/macOS-Swift/submodules/tgcalls/SharedHeaders/webrtc/api/transport/rtp/dependency_descriptor.h:133:35: note: in instantiation of member function 'absl::InlinedVector<webrtc::DecodeTargetIndication, 10>::operator=' requested here
  133 |   this->decode_target_indications =
      |                                   ^
In file included from /Users/buddhirajgautam/Documents/Cherrygram-Mac/macOS-Swift/submodules/tgcalls/tgcalls/InstanceImpl.cpp:3:
In file included from /Users/buddhirajgautam/Documents/Cherrygram-Mac/macOS-Swift/submodules/tgcalls/tgcalls/LogSinkImpl.h:4:
In file included from /Users/buddhirajgautam/Documents/Cherrygram-Mac/macOS-Swift/submodules/tgcalls/SharedHeaders/webrtc/rtc_base/logging.h:60:
/Users/buddhirajgautam/Documents/Cherrygram-Mac/macOS-Swift/submodules/tgcalls/SharedHeaders/webrtc/third_party/abseil-cpp/absl/meta/type_traits.h:511:36: warning: builtin __is_trivially_relocatable is deprecated; use __builtin_is_cpp_trivially_relocatable instead [-Wdeprecated-builtins]
  511 |     : std::integral_constant<bool, __is_trivially_relocatable(T)> {};
      |                                    ^
In file included from /Users/buddhirajgautam/Documents/Cherrygram-Mac/macOS-Swift/submodules/tgcalls/tgcalls/InstanceImpl.cpp:4:
In file included from /Users/buddhirajgautam/Documents/Cherrygram-Mac/macOS-Swift/submodules/tgcalls/tgcalls/Manager.h:5:
In file included from /Users/buddhirajgautam/Documents/Cherrygram-Mac/macOS-Swift/submodules/tgcalls/tgcalls/EncryptedConnection.h:5:
In file included from /Users/buddhirajgautam/Documents/Cherrygram-Mac/macOS-Swift/submodules/tgcalls/tgcalls/Message.h:5:
In file included from /Users/buddhirajgautam/Documents/Cherrygram-Mac/macOS-Swift/submodules/tgcalls/SharedHeaders/webrtc/api/video_codecs/sdp_video_format.h:17:
In file included from /Users/buddhirajgautam/Documents/Cherrygram-Mac/macOS-Swift/submodules/tgcalls/SharedHeaders/webrtc/third_party/abseil-cpp/absl/container/inlined_vector.h:53:
/Users/buddhirajgautam/Documents/Cherrygram-Mac/macOS-Swift/submodules/tgcalls/SharedHeaders/webrtc/third_party/abseil-cpp/absl/container/internal/inlined_vector.h:522:22: note: in instantiation of template class 'absl::is_trivially_relocatable<int>' requested here
  522 |                absl::is_trivially_relocatable<V>::value ||
      |                      ^
In file included from /Users/buddhirajgautam/Documents/Cherrygram-Mac/macOS-Swift/submodules/tgcalls/tgcalls/InstanceImpl.cpp:3:
In file included from /Users/buddhirajgautam/Documents/Cherrygram-Mac/macOS-Swift/submodules/tgcalls/tgcalls/LogSinkImpl.h:4:
In file included from /Users/buddhirajgautam/Documents/Cherrygram-Mac/macOS-Swift/submodules/tgcalls/SharedHeaders/webrtc/rtc_base/logging.h:61:
In file included from /Users/buddhirajgautam/Documents/Cherrygram-Mac/macOS-Swift/submodules/tgcalls/SharedHeaders/webrtc/third_party/abseil-cpp/absl/strings/string_view.h:43:
/Users/buddhirajgautam/Documents/Cherrygram-Mac/macOS-Swift/submodules/tgcalls/SharedHeaders/webrtc/third_party/abseil-cpp/absl/base/macros.h:128:49: note: expanded from macro 'ABSL_HARDENING_ASSERT'
  128 | #define ABSL_HARDENING_ASSERT(expr) ABSL_ASSERT(expr)
      |                                                 ^
/Users/buddhirajgautam/Documents/Cherrygram-Mac/macOS-Swift/submodules/tgcalls/SharedHeaders/webrtc/third_party/abseil-cpp/absl/base/macros.h:95:30: note: expanded from macro 'ABSL_ASSERT'
   95 |   (false ? static_cast<void>(expr) : static_cast<void>(0))
      |                              ^
In file included from /Users/buddhirajgautam/Documents/Cherrygram-Mac/macOS-Swift/submodules/tgcalls/tgcalls/InstanceImpl.cpp:4:
In file included from /Users/buddhirajgautam/Documents/Cherrygram-Mac/macOS-Swift/submodules/tgcalls/tgcalls/Manager.h:5:
In file included from /Users/buddhirajgautam/Documents/Cherrygram-Mac/macOS-Swift/submodules/tgcalls/tgcalls/EncryptedConnection.h:5:
In file included from /Users/buddhirajgautam/Documents/Cherrygram-Mac/macOS-Swift/submodules/tgcalls/tgcalls/Message.h:5:
In file included from /Users/buddhirajgautam/Documents/Cherrygram-Mac/macOS-Swift/submodules/tgcalls/SharedHeaders/webrtc/api/video_codecs/sdp_video_format.h:17:
/Users/buddhirajgautam/Documents/Cherrygram-Mac/macOS-Swift/submodules/tgcalls/SharedHeaders/webrtc/third_party/abseil-cpp/absl/container/inlined_vector.h:195:16: note: in instantiation of member function 'absl::inlined_vector_internal::Storage<int, 4, std::allocator<int>>::MemcpyFrom' requested here
  195 |       storage_.MemcpyFrom(other.storage_);
      |                ^
/Users/buddhirajgautam/Documents/Cherrygram-Mac/macOS-Swift/submodules/tgcalls/SharedHeaders/webrtc/third_party/abseil-cpp/absl/container/inlined_vector.h:177:9: note: in instantiation of member function 'absl::InlinedVector<int, 4>::InlinedVector' requested here
  177 |       : InlinedVector(other, other.storage_.GetAllocator()) {}
      |         ^
In file included from /Users/buddhirajgautam/Documents/Cherrygram-Mac/macOS-Swift/submodules/tgcalls/tgcalls/InstanceImpl.cpp:4:
In file included from /Users/buddhirajgautam/Documents/Cherrygram-Mac/macOS-Swift/submodules/tgcalls/tgcalls/Manager.h:7:
In file included from /Users/buddhirajgautam/Documents/Cherrygram-Mac/macOS-Swift/submodules/tgcalls/tgcalls/MediaManager.h:8:
In file included from /Users/buddhirajgautam/Documents/Cherrygram-Mac/macOS-Swift/submodules/tgcalls/SharedHeaders/webrtc/pc/rtp_sender.h:29:
In file included from /Users/buddhirajgautam/Documents/Cherrygram-Mac/macOS-Swift/submodules/tgcalls/SharedHeaders/webrtc/api/frame_transformer_interface.h:19:
In file included from /Users/buddhirajgautam/Documents/Cherrygram-Mac/macOS-Swift/submodules/tgcalls/SharedHeaders/webrtc/api/video/encoded_frame.h:21:
In file included from /Users/buddhirajgautam/Documents/Cherrygram-Mac/macOS-Swift/submodules/tgcalls/SharedHeaders/webrtc/modules/rtp_rtcp/source/rtp_video_header.h:20:
/Users/buddhirajgautam/Documents/Cherrygram-Mac/macOS-Swift/submodules/tgcalls/SharedHeaders/webrtc/api/transport/rtp/dependency_descriptor.h:37:8: note: in instantiation of member function 'absl::InlinedVector<int, 4>::InlinedVector' requested here
   37 | struct FrameDependencyTemplate {
      |        ^
In file included from /Users/buddhirajgautam/Documents/Cherrygram-Mac/macOS-Swift/submodules/tgcalls/tgcalls/InstanceImpl.cpp:3:
In file included from /Users/buddhirajgautam/Documents/Cherrygram-Mac/macOS-Swift/submodules/tgcalls/tgcalls/LogSinkImpl.h:4:
In file included from /Users/buddhirajgautam/Documents/Cherrygram-Mac/macOS-Swift/submodules/tgcalls/SharedHeaders/webrtc/rtc_base/logging.h:60:
/Users/buddhirajgautam/Documents/Cherrygram-Mac/macOS-Swift/submodules/tgcalls/SharedHeaders/webrtc/third_party/abseil-cpp/absl/meta/type_traits.h:511:36: warning: builtin __is_trivially_relocatable is deprecated; use __builtin_is_cpp_trivially_relocatable instead [-Wdeprecated-builtins]
  511 |     : std::integral_constant<bool, __is_trivially_relocatable(T)> {};
      |                                    ^
In file included from /Users/buddhirajgautam/Documents/Cherrygram-Mac/macOS-Swift/submodules/tgcalls/tgcalls/InstanceImpl.cpp:4:
In file included from /Users/buddhirajgautam/Documents/Cherrygram-Mac/macOS-Swift/submodules/tgcalls/tgcalls/Manager.h:5:
In file included from /Users/buddhirajgautam/Documents/Cherrygram-Mac/macOS-Swift/submodules/tgcalls/tgcalls/EncryptedConnection.h:5:
In file included from /Users/buddhirajgautam/Documents/Cherrygram-Mac/macOS-Swift/submodules/tgcalls/tgcalls/Message.h:5:
In file included from /Users/buddhirajgautam/Documents/Cherrygram-Mac/macOS-Swift/submodules/tgcalls/SharedHeaders/webrtc/api/video_codecs/sdp_video_format.h:17:
In file included from /Users/buddhirajgautam/Documents/Cherrygram-Mac/macOS-Swift/submodules/tgcalls/SharedHeaders/webrtc/third_party/abseil-cpp/absl/container/inlined_vector.h:53:
/Users/buddhirajgautam/Documents/Cherrygram-Mac/macOS-Swift/submodules/tgcalls/SharedHeaders/webrtc/third_party/abseil-cpp/absl/container/internal/inlined_vector.h:522:22: note: in instantiation of template class 'absl::is_trivially_relocatable<webrtc::RenderResolution>' requested here
  522 |                absl::is_trivially_relocatable<V>::value ||
      |                      ^
In file included from /Users/buddhirajgautam/Documents/Cherrygram-Mac/macOS-Swift/submodules/tgcalls/tgcalls/InstanceImpl.cpp:3:
In file included from /Users/buddhirajgautam/Documents/Cherrygram-Mac/macOS-Swift/submodules/tgcalls/tgcalls/LogSinkImpl.h:4:
In file included from /Users/buddhirajgautam/Documents/Cherrygram-Mac/macOS-Swift/submodules/tgcalls/SharedHeaders/webrtc/rtc_base/logging.h:61:
In file included from /Users/buddhirajgautam/Documents/Cherrygram-Mac/macOS-Swift/submodules/tgcalls/SharedHeaders/webrtc/third_party/abseil-cpp/absl/strings/string_view.h:43:
/Users/buddhirajgautam/Documents/Cherrygram-Mac/macOS-Swift/submodules/tgcalls/SharedHeaders/webrtc/third_party/abseil-cpp/absl/base/macros.h:128:49: note: expanded from macro 'ABSL_HARDENING_ASSERT'
  128 | #define ABSL_HARDENING_ASSERT(expr) ABSL_ASSERT(expr)
      |                                                 ^
/Users/buddhirajgautam/Documents/Cherrygram-Mac/macOS-Swift/submodules/tgcalls/SharedHeaders/webrtc/third_party/abseil-cpp/absl/base/macros.h:95:30: note: expanded from macro 'ABSL_ASSERT'
   95 |   (false ? static_cast<void>(expr) : static_cast<void>(0))
      |                              ^
In file included from /Users/buddhirajgautam/Documents/Cherrygram-Mac/macOS-Swift/submodules/tgcalls/tgcalls/InstanceImpl.cpp:4:
In file included from /Users/buddhirajgautam/Documents/Cherrygram-Mac/macOS-Swift/submodules/tgcalls/tgcalls/Manager.h:5:
In file included from /Users/buddhirajgautam/Documents/Cherrygram-Mac/macOS-Swift/submodules/tgcalls/tgcalls/EncryptedConnection.h:5:
In file included from /Users/buddhirajgautam/Documents/Cherrygram-Mac/macOS-Swift/submodules/tgcalls/tgcalls/Message.h:5:
In file included from /Users/buddhirajgautam/Documents/Cherrygram-Mac/macOS-Swift/submodules/tgcalls/SharedHeaders/webrtc/api/video_codecs/sdp_video_format.h:17:
/Users/buddhirajgautam/Documents/Cherrygram-Mac/macOS-Swift/submodules/tgcalls/SharedHeaders/webrtc/third_party/abseil-cpp/absl/container/inlined_vector.h:195:16: note: in instantiation of member function 'absl::inlined_vector_internal::Storage<webrtc::RenderResolution, 4, std::allocator<webrtc::RenderResolution>>::MemcpyFrom' requested here
  195 |       storage_.MemcpyFrom(other.storage_);
      |                ^
/Users/buddhirajgautam/Documents/Cherrygram-Mac/macOS-Swift/submodules/tgcalls/SharedHeaders/webrtc/third_party/abseil-cpp/absl/container/inlined_vector.h:177:9: note: in instantiation of member function 'absl::InlinedVector<webrtc::RenderResolution, 4>::InlinedVector' requested here
  177 |       : InlinedVector(other, other.storage_.GetAllocator()) {}
      |         ^
In file included from /Users/buddhirajgautam/Documents/Cherrygram-Mac/macOS-Swift/submodules/tgcalls/tgcalls/InstanceImpl.cpp:4:
In file included from /Users/buddhirajgautam/Documents/Cherrygram-Mac/macOS-Swift/submodules/tgcalls/tgcalls/Manager.h:7:
In file included from /Users/buddhirajgautam/Documents/Cherrygram-Mac/macOS-Swift/submodules/tgcalls/tgcalls/MediaManager.h:8:
In file included from /Users/buddhirajgautam/Documents/Cherrygram-Mac/macOS-Swift/submodules/tgcalls/SharedHeaders/webrtc/pc/rtp_sender.h:29:
In file included from /Users/buddhirajgautam/Documents/Cherrygram-Mac/macOS-Swift/submodules/tgcalls/SharedHeaders/webrtc/api/frame_transformer_interface.h:19:
In file included from /Users/buddhirajgautam/Documents/Cherrygram-Mac/macOS-Swift/submodules/tgcalls/SharedHeaders/webrtc/api/video/encoded_frame.h:21:
In file included from /Users/buddhirajgautam/Documents/Cherrygram-Mac/macOS-Swift/submodules/tgcalls/SharedHeaders/webrtc/modules/rtp_rtcp/source/rtp_video_header.h:20:
/Users/buddhirajgautam/Documents/Cherrygram-Mac/macOS-Swift/submodules/tgcalls/SharedHeaders/webrtc/api/transport/rtp/dependency_descriptor.h:61:8: note: in instantiation of member function 'absl::InlinedVector<webrtc::RenderResolution, 4>::InlinedVector' requested here
   61 | struct FrameDependencyStructure {
      |        ^
4 warnings generated.

CompileC /Users/buddhirajgautam/Library/Developer/Xcode/DerivedData/Telegram-Mac-fygdgghdgmuleoelvxabfmqiotta/Build/Intermediates.noindex/TgVoipWebrtc.build/Debug/TgVoipWebrtc-t.build/Objects-normal/arm64/Instance.o /Users/buddhirajgautam/Documents/Cherrygram-Mac/macOS-Swift/submodules/tgcalls/tgcalls/Instance.cpp normal arm64 c++ com.apple.compilers.llvm.clang.1_0.compiler (in target 'TgVoipWebrtc' from project 'TgVoipWebrtc')
    cd /Users/buddhirajgautam/Documents/Cherrygram-Mac/macOS-Swift
    
    Using response file: /Users/buddhirajgautam/Library/Developer/Xcode/DerivedData/Telegram-Mac-fygdgghdgmuleoelvxabfmqiotta/Build/Intermediates.noindex/TgVoipWebrtc.build/Debug/TgVoipWebrtc-t.build/Objects-normal/arm64/82b82416624d2658e5098eb0a28c15c5-common-args.resp
    
    /Applications/Xcode.app/Contents/Developer/Toolchains/XcodeDefault.xctoolchain/usr/bin/clang -x c++ -ivfsstatcache /Users/buddhirajgautam/Library/Developer/Xcode/DerivedData/SDKStatCaches.noindex/macosx27.0-26A425-e829b21a6f8c9b70876ba0858053c0447231f6df4def33e022ae2eb8f782df1a.sdkstatcache -target arm64-apple-macos12.0 -fmessage-length\=0 -fdiagnostics-show-note-include-stack -fmacro-backtrace-limit\=0 -fno-color-diagnostics -fmodules-prune-interval\=86400 -fmodules-prune-after\=345600 -fbuild-session-file\=/Users/buddhirajgautam/Library/Developer/Xcode/DerivedData/ModuleCache.noindex/Session.modulevalidation -fmodules-validate-once-per-build-session -Wnon-modular-include-in-framework-module -Werror\=non-modular-include-in-framework-module -Wno-trigraphs -Wno-missing-field-initializers -Wno-missing-prototypes -Wno-return-type -Wno-non-virtual-dtor -Wno-overloaded-virtual -Wno-exit-time-destructors -Wno-missing-braces -Wparentheses -Wswitch -Wno-unused-function -Wno-unused-label -Wno-unused-parameter -Wno-unused-variable -Wunused-value -Wno-empty-body -Wno-uninitialized -Wno-unknown-pragmas -Wno-shadow -Wno-four-char-constants -Wno-conversion -Wno-constant-conversion -Wno-int-conversion -Wno-bool-conversion -Wno-enum-conversion -Wno-float-conversion -Wno-non-literal-null-conversion -Wno-objc-literal-conversion -Wshorten-64-to-32 -Wno-newline-eof -Wno-c++11-extensions -Wno-implicit-fallthrough -isysroot /Applications/Xcode.app/Contents/Developer/Platforms/MacOSX.platform/Developer/SDKs/MacOSX27.0.sdk -fstrict-aliasing -Wdeprecated-declarations -Winvalid-offsetof -Wno-sign-conversion -Wno-infinite-recursion -Wno-move -Wno-comma -Wno-block-capture-autoreleasing -Wno-strict-prototypes -Wno-range-loop-analysis -Wno-semicolon-before-method-body -index-store-path /Users/buddhirajgautam/Library/Developer/Xcode/DerivedData/Telegram-Mac-fygdgghdgmuleoelvxabfmqiotta/Index.noindex/DataStore @/Users/buddhirajgautam/Library/Developer/Xcode/DerivedData/Telegram-Mac-fygdgghdgmuleoelvxabfmqiotta/Build/Intermediates.noindex/TgVoipWebrtc.build/Debug/TgVoipWebrtc-t.build/Objects-normal/arm64/82b82416624d2658e5098eb0a28c15c5-common-args.resp -MMD -MT dependencies -MF /Users/buddhirajgautam/Library/Developer/Xcode/DerivedData/Telegram-Mac-fygdgghdgmuleoelvxabfmqiotta/Build/Intermediates.noindex/TgVoipWebrtc.build/Debug/TgVoipWebrtc-t.build/Objects-normal/arm64/Instance.d --serialize-diagnostics /Users/buddhirajgautam/Library/Developer/Xcode/DerivedData/Telegram-Mac-fygdgghdgmuleoelvxabfmqiotta/Build/Intermediates.noindex/TgVoipWebrtc.build/Debug/TgVoipWebrtc-t.build/Objects-normal/arm64/Instance.dia -c /Users/buddhirajgautam/Documents/Cherrygram-Mac/macOS-Swift/submodules/tgcalls/tgcalls/Instance.cpp -o /Users/buddhirajgautam/Library/Developer/Xcode/DerivedData/Telegram-Mac-fygdgghdgmuleoelvxabfmqiotta/Build/Intermediates.noindex/TgVoipWebrtc.build/Debug/TgVoipWebrtc-t.build/Objects-normal/arm64/Instance.o -index-unit-output-path /TgVoipWebrtc.build/Debug/TgVoipWebrtc-t.build/Objects-normal/arm64/Instance.o

CompileC /Users/buddhirajgautam/Library/Developer/Xcode/DerivedData/Telegram-Mac-fygdgghdgmuleoelvxabfmqiotta/Build/Intermediates.noindex/TgVoipWebrtc.build/Debug/TgVoipWebrtc-t.build/Objects-normal/arm64/GroupNetworkManager.o /Users/buddhirajgautam/Documents/Cherrygram-Mac/macOS-Swift/submodules/tgcalls/tgcalls/group/GroupNetworkManager.cpp normal arm64 c++ com.apple.compilers.llvm.clang.1_0.compiler (in target 'TgVoipWebrtc' from project 'TgVoipWebrtc')
    cd /Users/buddhirajgautam/Documents/Cherrygram-Mac/macOS-Swift
    
    Using response file: /Users/buddhirajgautam/Library/Developer/Xcode/DerivedData/Telegram-Mac-fygdgghdgmuleoelvxabfmqiotta/Build/Intermediates.noindex/TgVoipWebrtc.build/Debug/TgVoipWebrtc-t.build/Objects-normal/arm64/82b82416624d2658e5098eb0a28c15c5-common-args.resp
    
    /Applications/Xcode.app/Contents/Developer/Toolchains/XcodeDefault.xctoolchain/usr/bin/clang -x c++ -ivfsstatcache /Users/buddhirajgautam/Library/Developer/Xcode/DerivedData/SDKStatCaches.noindex/macosx27.0-26A425-e829b21a6f8c9b70876ba0858053c0447231f6df4def33e022ae2eb8f782df1a.sdkstatcache -target arm64-apple-macos12.0 -fmessage-length\=0 -fdiagnostics-show-note-include-stack -fmacro-backtrace-limit\=0 -fno-color-diagnostics -fmodules-prune-interval\=86400 -fmodules-prune-after\=345600 -fbuild-session-file\=/Users/buddhirajgautam/Library/Developer/Xcode/DerivedData/ModuleCache.noindex/Session.modulevalidation -fmodules-validate-once-per-build-session -Wnon-modular-include-in-framework-module -Werror\=non-modular-include-in-framework-module -Wno-trigraphs -Wno-missing-field-initializers -Wno-missing-prototypes -Wno-return-type -Wno-non-virtual-dtor -Wno-overloaded-virtual -Wno-exit-time-destructors -Wno-missing-braces -Wparentheses -Wswitch -Wno-unused-function -Wno-unused-label -Wno-unused-parameter -Wno-unused-variable -Wunused-value -Wno-empty-body -Wno-uninitialized -Wno-unknown-pragmas -Wno-shadow -Wno-four-char-constants -Wno-conversion -Wno-constant-conversion -Wno-int-conversion -Wno-bool-conversion -Wno-enum-conversion -Wno-float-conversion -Wno-non-literal-null-conversion -Wno-objc-literal-conversion -Wshorten-64-to-32 -Wno-newline-eof -Wno-c++11-extensions -Wno-implicit-fallthrough -isysroot /Applications/Xcode.app/Contents/Developer/Platforms/MacOSX.platform/Developer/SDKs/MacOSX27.0.sdk -fstrict-aliasing -Wdeprecated-declarations -Winvalid-offsetof -Wno-sign-conversion -Wno-infinite-recursion -Wno-move -Wno-comma -Wno-block-capture-autoreleasing -Wno-strict-prototypes -Wno-range-loop-analysis -Wno-semicolon-before-method-body -index-store-path /Users/buddhirajgautam/Library/Developer/Xcode/DerivedData/Telegram-Mac-fygdgghdgmuleoelvxabfmqiotta/Index.noindex/DataStore @/Users/buddhirajgautam/Library/Developer/Xcode/DerivedData/Telegram-Mac-fygdgghdgmuleoelvxabfmqiotta/Build/Intermediates.noindex/TgVoipWebrtc.build/Debug/TgVoipWebrtc-t.build/Objects-normal/arm64/82b82416624d2658e5098eb0a28c15c5-common-args.resp -MMD -MT dependencies -MF /Users/buddhirajgautam/Library/Developer/Xcode/DerivedData/Telegram-Mac-fygdgghdgmuleoelvxabfmqiotta/Build/Intermediates.noindex/TgVoipWebrtc.build/Debug/TgVoipWebrtc-t.build/Objects-normal/arm64/GroupNetworkManager.d --serialize-diagnostics /Users/buddhirajgautam/Library/Developer/Xcode/DerivedData/Telegram-Mac-fygdgghdgmuleoelvxabfmqiotta/Build/Intermediates.noindex/TgVoipWebrtc.build/Debug/TgVoipWebrtc-t.build/Objects-normal/arm64/GroupNetworkManager.dia -c /Users/buddhirajgautam/Documents/Cherrygram-Mac/macOS-Swift/submodules/tgcalls/tgcalls/group/GroupNetworkManager.cpp -o /Users/buddhirajgautam/Library/Developer/Xcode/DerivedData/Telegram-Mac-fygdgghdgmuleoelvxabfmqiotta/Build/Intermediates.noindex/TgVoipWebrtc.build/Debug/TgVoipWebrtc-t.build/Objects-normal/arm64/GroupNetworkManager.o -index-unit-output-path /TgVoipWebrtc.build/Debug/TgVoipWebrtc-t.build/Objects-normal/arm64/GroupNetworkManager.o
In file included from /Users/buddhirajgautam/Documents/Cherrygram-Mac/macOS-Swift/submodules/tgcalls/tgcalls/group/GroupNetworkManager.cpp:1:
In file included from /Users/buddhirajgautam/Documents/Cherrygram-Mac/macOS-Swift/submodules/tgcalls/tgcalls/group/GroupNetworkManager.h:9:
In file included from /Users/buddhirajgautam/Documents/Cherrygram-Mac/macOS-Swift/submodules/tgcalls/SharedHeaders/webrtc/rtc_base/copy_on_write_buffer.h:22:
In file included from /Users/buddhirajgautam/Documents/Cherrygram-Mac/macOS-Swift/submodules/tgcalls/SharedHeaders/webrtc/third_party/abseil-cpp/absl/strings/string_view.h:40:
In file included from /Users/buddhirajgautam/Documents/Cherrygram-Mac/macOS-Swift/submodules/tgcalls/SharedHeaders/webrtc/third_party/abseil-cpp/absl/base/nullability.h:153:
In file included from /Users/buddhirajgautam/Documents/Cherrygram-Mac/macOS-Swift/submodules/tgcalls/SharedHeaders/webrtc/third_party/abseil-cpp/absl/base/internal/nullability_impl.h:22:
/Users/buddhirajgautam/Documents/Cherrygram-Mac/macOS-Swift/submodules/tgcalls/SharedHeaders/webrtc/third_party/abseil-cpp/absl/meta/type_traits.h:511:36: warning: builtin __is_trivially_relocatable is deprecated; use __builtin_is_cpp_trivially_relocatable instead [-Wdeprecated-builtins]
  511 |     : std::integral_constant<bool, __is_trivially_relocatable(T)> {};
      |                                    ^
In file included from /Users/buddhirajgautam/Documents/Cherrygram-Mac/macOS-Swift/submodules/tgcalls/tgcalls/group/GroupNetworkManager.cpp:1:
In file included from /Users/buddhirajgautam/Documents/Cherrygram-Mac/macOS-Swift/submodules/tgcalls/tgcalls/group/GroupNetworkManager.h:14:
In file included from /Users/buddhirajgautam/Documents/Cherrygram-Mac/macOS-Swift/submodules/tgcalls/SharedHeaders/webrtc/pc/sctp_data_channel.h:29:
In file included from /Users/buddhirajgautam/Documents/Cherrygram-Mac/macOS-Swift/submodules/tgcalls/SharedHeaders/webrtc/pc/sctp_utils.h:20:
/Users/buddhirajgautam/Documents/Cherrygram-Mac/macOS-Swift/submodules/tgcalls/SharedHeaders/webrtc/net/dcsctp/public/types.h:47:64: warning: implicit conversion loses integer precision: 'long long' to 'const UnderlyingType' (aka 'const int') [-Wshorten-64-to-32]
   47 |             v.IsInfinite() ? InfiniteDuration() : DurationMs(v.ms())) {}
      |                                                   ~~~~~~~~~~ ~~^~~~
/Users/buddhirajgautam/Documents/Cherrygram-Mac/macOS-Swift/submodules/tgcalls/SharedHeaders/webrtc/net/dcsctp/public/types.h:122:26: warning: implicit conversion loses integer precision: 'UnderlyingType' (aka 'long long') to 'const UnderlyingType' (aka 'const int') [-Wshorten-64-to-32]
  122 |   return DurationMs(*lhs - *rhs);
      |          ~~~~~~~~~~ ~~~~~^~~~~~
In file included from /Users/buddhirajgautam/Documents/Cherrygram-Mac/macOS-Swift/submodules/tgcalls/tgcalls/group/GroupNetworkManager.cpp:1:
In file included from /Users/buddhirajgautam/Documents/Cherrygram-Mac/macOS-Swift/submodules/tgcalls/tgcalls/group/GroupNetworkManager.h:9:
In file included from /Users/buddhirajgautam/Documents/Cherrygram-Mac/macOS-Swift/submodules/tgcalls/SharedHeaders/webrtc/rtc_base/copy_on_write_buffer.h:22:
In file included from /Users/buddhirajgautam/Documents/Cherrygram-Mac/macOS-Swift/submodules/tgcalls/SharedHeaders/webrtc/third_party/abseil-cpp/absl/strings/string_view.h:40:
In file included from /Users/buddhirajgautam/Documents/Cherrygram-Mac/macOS-Swift/submodules/tgcalls/SharedHeaders/webrtc/third_party/abseil-cpp/absl/base/nullability.h:153:
In file included from /Users/buddhirajgautam/Documents/Cherrygram-Mac/macOS-Swift/submodules/tgcalls/SharedHeaders/webrtc/third_party/abseil-cpp/absl/base/internal/nullability_impl.h:22:
/Users/buddhirajgautam/Documents/Cherrygram-Mac/macOS-Swift/submodules/tgcalls/SharedHeaders/webrtc/third_party/abseil-cpp/absl/meta/type_traits.h:511:36: warning: builtin __is_trivially_relocatable is deprecated; use __builtin_is_cpp_trivially_relocatable instead [-Wdeprecated-builtins]
  511 |     : std::integral_constant<bool, __is_trivially_relocatable(T)> {};
      |                                    ^
In file included from /Users/buddhirajgautam/Documents/Cherrygram-Mac/macOS-Swift/submodules/tgcalls/tgcalls/group/GroupNetworkManager.cpp:1:
In file included from /Users/buddhirajgautam/Documents/Cherrygram-Mac/macOS-Swift/submodules/tgcalls/tgcalls/group/GroupNetworkManager.h:12:
In file included from /Users/buddhirajgautam/Documents/Cherrygram-Mac/macOS-Swift/submodules/tgcalls/SharedHeaders/webrtc/media/base/media_channel.h:27:
In file included from /Users/buddhirajgautam/Documents/Cherrygram-Mac/macOS-Swift/submodules/tgcalls/SharedHeaders/webrtc/api/frame_transformer_interface.h:19:
In file included from /Users/buddhirajgautam/Documents/Cherrygram-Mac/macOS-Swift/submodules/tgcalls/SharedHeaders/webrtc/api/video/encoded_frame.h:21:
In file included from /Users/buddhirajgautam/Documents/Cherrygram-Mac/macOS-Swift/submodules/tgcalls/SharedHeaders/webrtc/modules/rtp_rtcp/source/rtp_video_header.h:16:
In file included from /Users/buddhirajgautam/Documents/Cherrygram-Mac/macOS-Swift/submodules/tgcalls/SharedHeaders/webrtc/third_party/abseil-cpp/absl/container/inlined_vector.h:53:
/Users/buddhirajgautam/Documents/Cherrygram-Mac/macOS-Swift/submodules/tgcalls/SharedHeaders/webrtc/third_party/abseil-cpp/absl/container/internal/inlined_vector.h:522:22: note: in instantiation of template class 'absl::is_trivially_relocatable<webrtc::DecodeTargetIndication>' requested here
  522 |                absl::is_trivially_relocatable<V>::value ||
      |                      ^
In file included from /Users/buddhirajgautam/Documents/Cherrygram-Mac/macOS-Swift/submodules/tgcalls/tgcalls/group/GroupNetworkManager.cpp:1:
In file included from /Users/buddhirajgautam/Documents/Cherrygram-Mac/macOS-Swift/submodules/tgcalls/tgcalls/group/GroupNetworkManager.h:9:
In file included from /Users/buddhirajgautam/Documents/Cherrygram-Mac/macOS-Swift/submodules/tgcalls/SharedHeaders/webrtc/rtc_base/copy_on_write_buffer.h:22:
In file included from /Users/buddhirajgautam/Documents/Cherrygram-Mac/macOS-Swift/submodules/tgcalls/SharedHeaders/webrtc/third_party/abseil-cpp/absl/strings/string_view.h:43:
/Users/buddhirajgautam/Documents/Cherrygram-Mac/macOS-Swift/submodules/tgcalls/SharedHeaders/webrtc/third_party/abseil-cpp/absl/base/macros.h:128:49: note: expanded from macro 'ABSL_HARDENING_ASSERT'
  128 | #define ABSL_HARDENING_ASSERT(expr) ABSL_ASSERT(expr)
      |                                                 ^
/Users/buddhirajgautam/Documents/Cherrygram-Mac/macOS-Swift/submodules/tgcalls/SharedHeaders/webrtc/third_party/abseil-cpp/absl/base/macros.h:95:30: note: expanded from macro 'ABSL_ASSERT'
   95 |   (false ? static_cast<void>(expr) : static_cast<void>(0))
      |                              ^
In file included from /Users/buddhirajgautam/Documents/Cherrygram-Mac/macOS-Swift/submodules/tgcalls/tgcalls/group/GroupNetworkManager.cpp:1:
In file included from /Users/buddhirajgautam/Documents/Cherrygram-Mac/macOS-Swift/submodules/tgcalls/tgcalls/group/GroupNetworkManager.h:12:
In file included from /Users/buddhirajgautam/Documents/Cherrygram-Mac/macOS-Swift/submodules/tgcalls/SharedHeaders/webrtc/media/base/media_channel.h:27:
In file included from /Users/buddhirajgautam/Documents/Cherrygram-Mac/macOS-Swift/submodules/tgcalls/SharedHeaders/webrtc/api/frame_transformer_interface.h:19:
In file included from /Users/buddhirajgautam/Documents/Cherrygram-Mac/macOS-Swift/submodules/tgcalls/SharedHeaders/webrtc/api/video/encoded_frame.h:21:
In file included from /Users/buddhirajgautam/Documents/Cherrygram-Mac/macOS-Swift/submodules/tgcalls/SharedHeaders/webrtc/modules/rtp_rtcp/source/rtp_video_header.h:16:
/Users/buddhirajgautam/Documents/Cherrygram-Mac/macOS-Swift/submodules/tgcalls/SharedHeaders/webrtc/third_party/abseil-cpp/absl/container/inlined_vector.h:856:14: note: in instantiation of member function 'absl::inlined_vector_internal::Storage<webrtc::DecodeTargetIndication, 10, std::allocator<webrtc::DecodeTargetIndication>>::MemcpyFrom' requested here
  856 |     storage_.MemcpyFrom(other.storage_);
      |              ^
/Users/buddhirajgautam/Documents/Cherrygram-Mac/macOS-Swift/submodules/tgcalls/SharedHeaders/webrtc/third_party/abseil-cpp/absl/container/inlined_vector.h:548:7: note: in instantiation of member function 'absl::InlinedVector<webrtc::DecodeTargetIndication, 10>::MoveAssignment' requested here
  548 |       MoveAssignment(MoveAssignmentPolicy{}, std::move(other));
      |       ^
In file included from /Users/buddhirajgautam/Documents/Cherrygram-Mac/macOS-Swift/submodules/tgcalls/tgcalls/group/GroupNetworkManager.cpp:1:
In file included from /Users/buddhirajgautam/Documents/Cherrygram-Mac/macOS-Swift/submodules/tgcalls/tgcalls/group/GroupNetworkManager.h:12:
In file included from /Users/buddhirajgautam/Documents/Cherrygram-Mac/macOS-Swift/submodules/tgcalls/SharedHeaders/webrtc/media/base/media_channel.h:27:
In file included from /Users/buddhirajgautam/Documents/Cherrygram-Mac/macOS-Swift/submodules/tgcalls/SharedHeaders/webrtc/api/frame_transformer_interface.h:19:
In file included from /Users/buddhirajgautam/Documents/Cherrygram-Mac/macOS-Swift/submodules/tgcalls/SharedHeaders/webrtc/api/video/encoded_frame.h:21:
In file included from /Users/buddhirajgautam/Documents/Cherrygram-Mac/macOS-Swift/submodules/tgcalls/SharedHeaders/webrtc/modules/rtp_rtcp/source/rtp_video_header.h:20:
/Users/buddhirajgautam/Documents/Cherrygram-Mac/macOS-Swift/submodules/tgcalls/SharedHeaders/webrtc/api/transport/rtp/dependency_descriptor.h:133:35: note: in instantiation of member function 'absl::InlinedVector<webrtc::DecodeTargetIndication, 10>::operator=' requested here
  133 |   this->decode_target_indications =
      |                                   ^
In file included from /Users/buddhirajgautam/Documents/Cherrygram-Mac/macOS-Swift/submodules/tgcalls/tgcalls/group/GroupNetworkManager.cpp:1:
In file included from /Users/buddhirajgautam/Documents/Cherrygram-Mac/macOS-Swift/submodules/tgcalls/tgcalls/group/GroupNetworkManager.h:9:
In file included from /Users/buddhirajgautam/Documents/Cherrygram-Mac/macOS-Swift/submodules/tgcalls/SharedHeaders/webrtc/rtc_base/copy_on_write_buffer.h:22:
In file included from /Users/buddhirajgautam/Documents/Cherrygram-Mac/macOS-Swift/submodules/tgcalls/SharedHeaders/webrtc/third_party/abseil-cpp/absl/strings/string_view.h:40:
In file included from /Users/buddhirajgautam/Documents/Cherrygram-Mac/macOS-Swift/submodules/tgcalls/SharedHeaders/webrtc/third_party/abseil-cpp/absl/base/nullability.h:153:
In file included from /Users/buddhirajgautam/Documents/Cherrygram-Mac/macOS-Swift/submodules/tgcalls/SharedHeaders/webrtc/third_party/abseil-cpp/absl/base/internal/nullability_impl.h:22:
/Users/buddhirajgautam/Documents/Cherrygram-Mac/macOS-Swift/submodules/tgcalls/SharedHeaders/webrtc/third_party/abseil-cpp/absl/meta/type_traits.h:511:36: warning: builtin __is_trivially_relocatable is deprecated; use __builtin_is_cpp_trivially_relocatable instead [-Wdeprecated-builtins]
  511 |     : std::integral_constant<bool, __is_trivially_relocatable(T)> {};
      |                                    ^
In file included from /Users/buddhirajgautam/Documents/Cherrygram-Mac/macOS-Swift/submodules/tgcalls/tgcalls/group/GroupNetworkManager.cpp:1:
In file included from /Users/buddhirajgautam/Documents/Cherrygram-Mac/macOS-Swift/submodules/tgcalls/tgcalls/group/GroupNetworkManager.h:12:
In file included from /Users/buddhirajgautam/Documents/Cherrygram-Mac/macOS-Swift/submodules/tgcalls/SharedHeaders/webrtc/media/base/media_channel.h:27:
In file included from /Users/buddhirajgautam/Documents/Cherrygram-Mac/macOS-Swift/submodules/tgcalls/SharedHeaders/webrtc/api/frame_transformer_interface.h:19:
In file included from /Users/buddhirajgautam/Documents/Cherrygram-Mac/macOS-Swift/submodules/tgcalls/SharedHeaders/webrtc/api/video/encoded_frame.h:21:
In file included from /Users/buddhirajgautam/Documents/Cherrygram-Mac/macOS-Swift/submodules/tgcalls/SharedHeaders/webrtc/modules/rtp_rtcp/source/rtp_video_header.h:16:
In file included from /Users/buddhirajgautam/Documents/Cherrygram-Mac/macOS-Swift/submodules/tgcalls/SharedHeaders/webrtc/third_party/abseil-cpp/absl/container/inlined_vector.h:53:
/Users/buddhirajgautam/Documents/Cherrygram-Mac/macOS-Swift/submodules/tgcalls/SharedHeaders/webrtc/third_party/abseil-cpp/absl/container/internal/inlined_vector.h:522:22: note: in instantiation of template class 'absl::is_trivially_relocatable<int>' requested here
  522 |                absl::is_trivially_relocatable<V>::value ||
      |                      ^
In file included from /Users/buddhirajgautam/Documents/Cherrygram-Mac/macOS-Swift/submodules/tgcalls/tgcalls/group/GroupNetworkManager.cpp:1:
In file included from /Users/buddhirajgautam/Documents/Cherrygram-Mac/macOS-Swift/submodules/tgcalls/tgcalls/group/GroupNetworkManager.h:9:
In file included from /Users/buddhirajgautam/Documents/Cherrygram-Mac/macOS-Swift/submodules/tgcalls/SharedHeaders/webrtc/rtc_base/copy_on_write_buffer.h:22:
In file included from /Users/buddhirajgautam/Documents/Cherrygram-Mac/macOS-Swift/submodules/tgcalls/SharedHeaders/webrtc/third_party/abseil-cpp/absl/strings/string_view.h:43:
/Users/buddhirajgautam/Documents/Cherrygram-Mac/macOS-Swift/submodules/tgcalls/SharedHeaders/webrtc/third_party/abseil-cpp/absl/base/macros.h:128:49: note: expanded from macro 'ABSL_HARDENING_ASSERT'
  128 | #define ABSL_HARDENING_ASSERT(expr) ABSL_ASSERT(expr)
      |                                                 ^
/Users/buddhirajgautam/Documents/Cherrygram-Mac/macOS-Swift/submodules/tgcalls/SharedHeaders/webrtc/third_party/abseil-cpp/absl/base/macros.h:95:30: note: expanded from macro 'ABSL_ASSERT'
   95 |   (false ? static_cast<void>(expr) : static_cast<void>(0))
      |                              ^
In file included from /Users/buddhirajgautam/Documents/Cherrygram-Mac/macOS-Swift/submodules/tgcalls/tgcalls/group/GroupNetworkManager.cpp:1:
In file included from /Users/buddhirajgautam/Documents/Cherrygram-Mac/macOS-Swift/submodules/tgcalls/tgcalls/group/GroupNetworkManager.h:12:
In file included from /Users/buddhirajgautam/Documents/Cherrygram-Mac/macOS-Swift/submodules/tgcalls/SharedHeaders/webrtc/media/base/media_channel.h:27:
In file included from /Users/buddhirajgautam/Documents/Cherrygram-Mac/macOS-Swift/submodules/tgcalls/SharedHeaders/webrtc/api/frame_transformer_interface.h:19:
In file included from /Users/buddhirajgautam/Documents/Cherrygram-Mac/macOS-Swift/submodules/tgcalls/SharedHeaders/webrtc/api/video/encoded_frame.h:21:
In file included from /Users/buddhirajgautam/Documents/Cherrygram-Mac/macOS-Swift/submodules/tgcalls/SharedHeaders/webrtc/modules/rtp_rtcp/source/rtp_video_header.h:16:
/Users/buddhirajgautam/Documents/Cherrygram-Mac/macOS-Swift/submodules/tgcalls/SharedHeaders/webrtc/third_party/abseil-cpp/absl/container/inlined_vector.h:195:16: note: in instantiation of member function 'absl::inlined_vector_internal::Storage<int, 4, std::allocator<int>>::MemcpyFrom' requested here
  195 |       storage_.MemcpyFrom(other.storage_);
      |                ^
/Users/buddhirajgautam/Documents/Cherrygram-Mac/macOS-Swift/submodules/tgcalls/SharedHeaders/webrtc/third_party/abseil-cpp/absl/container/inlined_vector.h:177:9: note: in instantiation of member function 'absl::InlinedVector<int, 4>::InlinedVector' requested here
  177 |       : InlinedVector(other, other.storage_.GetAllocator()) {}
      |         ^
In file included from /Users/buddhirajgautam/Documents/Cherrygram-Mac/macOS-Swift/submodules/tgcalls/tgcalls/group/GroupNetworkManager.cpp:1:
In file included from /Users/buddhirajgautam/Documents/Cherrygram-Mac/macOS-Swift/submodules/tgcalls/tgcalls/group/GroupNetworkManager.h:12:
In file included from /Users/buddhirajgautam/Documents/Cherrygram-Mac/macOS-Swift/submodules/tgcalls/SharedHeaders/webrtc/media/base/media_channel.h:27:
In file included from /Users/buddhirajgautam/Documents/Cherrygram-Mac/macOS-Swift/submodules/tgcalls/SharedHeaders/webrtc/api/frame_transformer_interface.h:19:
In file included from /Users/buddhirajgautam/Documents/Cherrygram-Mac/macOS-Swift/submodules/tgcalls/SharedHeaders/webrtc/api/video/encoded_frame.h:21:
In file included from /Users/buddhirajgautam/Documents/Cherrygram-Mac/macOS-Swift/submodules/tgcalls/SharedHeaders/webrtc/modules/rtp_rtcp/source/rtp_video_header.h:20:
/Users/buddhirajgautam/Documents/Cherrygram-Mac/macOS-Swift/submodules/tgcalls/SharedHeaders/webrtc/api/transport/rtp/dependency_descriptor.h:37:8: note: in instantiation of member function 'absl::InlinedVector<int, 4>::InlinedVector' requested here
   37 | struct FrameDependencyTemplate {
      |        ^
In file included from /Users/buddhirajgautam/Documents/Cherrygram-Mac/macOS-Swift/submodules/tgcalls/tgcalls/group/GroupNetworkManager.cpp:1:
In file included from /Users/buddhirajgautam/Documents/Cherrygram-Mac/macOS-Swift/submodules/tgcalls/tgcalls/group/GroupNetworkManager.h:9:
In file included from /Users/buddhirajgautam/Documents/Cherrygram-Mac/macOS-Swift/submodules/tgcalls/SharedHeaders/webrtc/rtc_base/copy_on_write_buffer.h:22:
In file included from /Users/buddhirajgautam/Documents/Cherrygram-Mac/macOS-Swift/submodules/tgcalls/SharedHeaders/webrtc/third_party/abseil-cpp/absl/strings/string_view.h:40:
In file included from /Users/buddhirajgautam/Documents/Cherrygram-Mac/macOS-Swift/submodules/tgcalls/SharedHeaders/webrtc/third_party/abseil-cpp/absl/base/nullability.h:153:
In file included from /Users/buddhirajgautam/Documents/Cherrygram-Mac/macOS-Swift/submodules/tgcalls/SharedHeaders/webrtc/third_party/abseil-cpp/absl/base/internal/nullability_impl.h:22:
/Users/buddhirajgautam/Documents/Cherrygram-Mac/macOS-Swift/submodules/tgcalls/SharedHeaders/webrtc/third_party/abseil-cpp/absl/meta/type_traits.h:511:36: warning: builtin __is_trivially_relocatable is deprecated; use __builtin_is_cpp_trivially_relocatable instead [-Wdeprecated-builtins]
  511 |     : std::integral_constant<bool, __is_trivially_relocatable(T)> {};
      |                                    ^
In file included from /Users/buddhirajgautam/Documents/Cherrygram-Mac/macOS-Swift/submodules/tgcalls/tgcalls/group/GroupNetworkManager.cpp:1:
In file included from /Users/buddhirajgautam/Documents/Cherrygram-Mac/macOS-Swift/submodules/tgcalls/tgcalls/group/GroupNetworkManager.h:12:
In file included from /Users/buddhirajgautam/Documents/Cherrygram-Mac/macOS-Swift/submodules/tgcalls/SharedHeaders/webrtc/media/base/media_channel.h:27:
In file included from /Users/buddhirajgautam/Documents/Cherrygram-Mac/macOS-Swift/submodules/tgcalls/SharedHeaders/webrtc/api/frame_transformer_interface.h:19:
In file included from /Users/buddhirajgautam/Documents/Cherrygram-Mac/macOS-Swift/submodules/tgcalls/SharedHeaders/webrtc/api/video/encoded_frame.h:21:
In file included from /Users/buddhirajgautam/Documents/Cherrygram-Mac/macOS-Swift/submodules/tgcalls/SharedHeaders/webrtc/modules/rtp_rtcp/source/rtp_video_header.h:16:
In file included from /Users/buddhirajgautam/Documents/Cherrygram-Mac/macOS-Swift/submodules/tgcalls/SharedHeaders/webrtc/third_party/abseil-cpp/absl/container/inlined_vector.h:53:
/Users/buddhirajgautam/Documents/Cherrygram-Mac/macOS-Swift/submodules/tgcalls/SharedHeaders/webrtc/third_party/abseil-cpp/absl/container/internal/inlined_vector.h:522:22: note: in instantiation of template class 'absl::is_trivially_relocatable<webrtc::RenderResolution>' requested here
  522 |                absl::is_trivially_relocatable<V>::value ||
      |                      ^
In file included from /Users/buddhirajgautam/Documents/Cherrygram-Mac/macOS-Swift/submodules/tgcalls/tgcalls/group/GroupNetworkManager.cpp:1:
In file included from /Users/buddhirajgautam/Documents/Cherrygram-Mac/macOS-Swift/submodules/tgcalls/tgcalls/group/GroupNetworkManager.h:9:
In file included from /Users/buddhirajgautam/Documents/Cherrygram-Mac/macOS-Swift/submodules/tgcalls/SharedHeaders/webrtc/rtc_base/copy_on_write_buffer.h:22:
In file included from /Users/buddhirajgautam/Documents/Cherrygram-Mac/macOS-Swift/submodules/tgcalls/SharedHeaders/webrtc/third_party/abseil-cpp/absl/strings/string_view.h:43:
/Users/buddhirajgautam/Documents/Cherrygram-Mac/macOS-Swift/submodules/tgcalls/SharedHeaders/webrtc/third_party/abseil-cpp/absl/base/macros.h:128:49: note: expanded from macro 'ABSL_HARDENING_ASSERT'
  128 | #define ABSL_HARDENING_ASSERT(expr) ABSL_ASSERT(expr)
      |                                                 ^
/Users/buddhirajgautam/Documents/Cherrygram-Mac/macOS-Swift/submodules/tgcalls/SharedHeaders/webrtc/third_party/abseil-cpp/absl/base/macros.h:95:30: note: expanded from macro 'ABSL_ASSERT'
   95 |   (false ? static_cast<void>(expr) : static_cast<void>(0))
      |                              ^
In file included from /Users/buddhirajgautam/Documents/Cherrygram-Mac/macOS-Swift/submodules/tgcalls/tgcalls/group/GroupNetworkManager.cpp:1:
In file included from /Users/buddhirajgautam/Documents/Cherrygram-Mac/macOS-Swift/submodules/tgcalls/tgcalls/group/GroupNetworkManager.h:12:
In file included from /Users/buddhirajgautam/Documents/Cherrygram-Mac/macOS-Swift/submodules/tgcalls/SharedHeaders/webrtc/media/base/media_channel.h:27:
In file included from /Users/buddhirajgautam/Documents/Cherrygram-Mac/macOS-Swift/submodules/tgcalls/SharedHeaders/webrtc/api/frame_transformer_interface.h:19:
In file included from /Users/buddhirajgautam/Documents/Cherrygram-Mac/macOS-Swift/submodules/tgcalls/SharedHeaders/webrtc/api/video/encoded_frame.h:21:
In file included from /Users/buddhirajgautam/Documents/Cherrygram-Mac/macOS-Swift/submodules/tgcalls/SharedHeaders/webrtc/modules/rtp_rtcp/source/rtp_video_header.h:16:
/Users/buddhirajgautam/Documents/Cherrygram-Mac/macOS-Swift/submodules/tgcalls/SharedHeaders/webrtc/third_party/abseil-cpp/absl/container/inlined_vector.h:195:16: note: in instantiation of member function 'absl::inlined_vector_internal::Storage<webrtc::RenderResolution, 4, std::allocator<webrtc::RenderResolution>>::MemcpyFrom' requested here
  195 |       storage_.MemcpyFrom(other.storage_);
      |                ^
/Users/buddhirajgautam/Documents/Cherrygram-Mac/macOS-Swift/submodules/tgcalls/SharedHeaders/webrtc/third_party/abseil-cpp/absl/container/inlined_vector.h:177:9: note: in instantiation of member function 'absl::InlinedVector<webrtc::RenderResolution, 4>::InlinedVector' requested here
  177 |       : InlinedVector(other, other.storage_.GetAllocator()) {}
      |         ^
In file included from /Users/buddhirajgautam/Documents/Cherrygram-Mac/macOS-Swift/submodules/tgcalls/tgcalls/group/GroupNetworkManager.cpp:1:
In file included from /Users/buddhirajgautam/Documents/Cherrygram-Mac/macOS-Swift/submodules/tgcalls/tgcalls/group/GroupNetworkManager.h:12:
In file included from /Users/buddhirajgautam/Documents/Cherrygram-Mac/macOS-Swift/submodules/tgcalls/SharedHeaders/webrtc/media/base/media_channel.h:27:
In file included from /Users/buddhirajgautam/Documents/Cherrygram-Mac/macOS-Swift/submodules/tgcalls/SharedHeaders/webrtc/api/frame_transformer_interface.h:19:
In file included from /Users/buddhirajgautam/Documents/Cherrygram-Mac/macOS-Swift/submodules/tgcalls/SharedHeaders/webrtc/api/video/encoded_frame.h:21:
In file included from /Users/buddhirajgautam/Documents/Cherrygram-Mac/macOS-Swift/submodules/tgcalls/SharedHeaders/webrtc/modules/rtp_rtcp/source/rtp_video_header.h:20:
/Users/buddhirajgautam/Documents/Cherrygram-Mac/macOS-Swift/submodules/tgcalls/SharedHeaders/webrtc/api/transport/rtp/dependency_descriptor.h:61:8: note: in instantiation of member function 'absl::InlinedVector<webrtc::RenderResolution, 4>::InlinedVector' requested here
   61 | struct FrameDependencyStructure {
      |        ^
6 warnings generated.

CompileC /Users/buddhirajgautam/Library/Developer/Xcode/DerivedData/Telegram-Mac-fygdgghdgmuleoelvxabfmqiotta/Build/Intermediates.noindex/TgVoipWebrtc.build/Debug/TgVoipWebrtc-t.build/Objects-normal/arm64/GroupJoinPayloadInternal.o /Users/buddhirajgautam/Documents/Cherrygram-Mac/macOS-Swift/submodules/tgcalls/tgcalls/group/GroupJoinPayloadInternal.cpp normal arm64 c++ com.apple.compilers.llvm.clang.1_0.compiler (in target 'TgVoipWebrtc' from project 'TgVoipWebrtc')
    cd /Users/buddhirajgautam/Documents/Cherrygram-Mac/macOS-Swift
    
    Using response file: /Users/buddhirajgautam/Library/Developer/Xcode/DerivedData/Telegram-Mac-fygdgghdgmuleoelvxabfmqiotta/Build/Intermediates.noindex/TgVoipWebrtc.build/Debug/TgVoipWebrtc-t.build/Objects-normal/arm64/82b82416624d2658e5098eb0a28c15c5-common-args.resp
    
    /Applications/Xcode.app/Contents/Developer/Toolchains/XcodeDefault.xctoolchain/usr/bin/clang -x c++ -ivfsstatcache /Users/buddhirajgautam/Library/Developer/Xcode/DerivedData/SDKStatCaches.noindex/macosx27.0-26A425-e829b21a6f8c9b70876ba0858053c0447231f6df4def33e022ae2eb8f782df1a.sdkstatcache -target arm64-apple-macos12.0 -fmessage-length\=0 -fdiagnostics-show-note-include-stack -fmacro-backtrace-limit\=0 -fno-color-diagnostics -fmodules-prune-interval\=86400 -fmodules-prune-after\=345600 -fbuild-session-file\=/Users/buddhirajgautam/Library/Developer/Xcode/DerivedData/ModuleCache.noindex/Session.modulevalidation -fmodules-validate-once-per-build-session -Wnon-modular-include-in-framework-module -Werror\=non-modular-include-in-framework-module -Wno-trigraphs -Wno-missing-field-initializers -Wno-missing-prototypes -Wno-return-type -Wno-non-virtual-dtor -Wno-overloaded-virtual -Wno-exit-time-destructors -Wno-missing-braces -Wparentheses -Wswitch -Wno-unused-function -Wno-unused-label -Wno-unused-parameter -Wno-unused-variable -Wunused-value -Wno-empty-body -Wno-uninitialized -Wno-unknown-pragmas -Wno-shadow -Wno-four-char-constants -Wno-conversion -Wno-constant-conversion -Wno-int-conversion -Wno-bool-conversion -Wno-enum-conversion -Wno-float-conversion -Wno-non-literal-null-conversion -Wno-objc-literal-conversion -Wshorten-64-to-32 -Wno-newline-eof -Wno-c++11-extensions -Wno-implicit-fallthrough -isysroot /Applications/Xcode.app/Contents/Developer/Platforms/MacOSX.platform/Developer/SDKs/MacOSX27.0.sdk -fstrict-aliasing -Wdeprecated-declarations -Winvalid-offsetof -Wno-sign-conversion -Wno-infinite-recursion -Wno-move -Wno-comma -Wno-block-capture-autoreleasing -Wno-strict-prototypes -Wno-range-loop-analysis -Wno-semicolon-before-method-body -index-store-path /Users/buddhirajgautam/Library/Developer/Xcode/DerivedData/Telegram-Mac-fygdgghdgmuleoelvxabfmqiotta/Index.noindex/DataStore @/Users/buddhirajgautam/Library/Developer/Xcode/DerivedData/Telegram-Mac-fygdgghdgmuleoelvxabfmqiotta/Build/Intermediates.noindex/TgVoipWebrtc.build/Debug/TgVoipWebrtc-t.build/Objects-normal/arm64/82b82416624d2658e5098eb0a28c15c5-common-args.resp -MMD -MT dependencies -MF /Users/buddhirajgautam/Library/Developer/Xcode/DerivedData/Telegram-Mac-fygdgghdgmuleoelvxabfmqiotta/Build/Intermediates.noindex/TgVoipWebrtc.build/Debug/TgVoipWebrtc-t.build/Objects-normal/arm64/GroupJoinPayloadInternal.d --serialize-diagnostics /Users/buddhirajgautam/Library/Developer/Xcode/DerivedData/Telegram-Mac-fygdgghdgmuleoelvxabfmqiotta/Build/Intermediates.noindex/TgVoipWebrtc.build/Debug/TgVoipWebrtc-t.build/Objects-normal/arm64/GroupJoinPayloadInternal.dia -c /Users/buddhirajgautam/Documents/Cherrygram-Mac/macOS-Swift/submodules/tgcalls/tgcalls/group/GroupJoinPayloadInternal.cpp -o /Users/buddhirajgautam/Library/Developer/Xcode/DerivedData/Telegram-Mac-fygdgghdgmuleoelvxabfmqiotta/Build/Intermediates.noindex/TgVoipWebrtc.build/Debug/TgVoipWebrtc-t.build/Objects-normal/arm64/GroupJoinPayloadInternal.o -index-unit-output-path /TgVoipWebrtc.build/Debug/TgVoipWebrtc-t.build/Objects-normal/arm64/GroupJoinPayloadInternal.o
In file included from /Users/buddhirajgautam/Documents/Cherrygram-Mac/macOS-Swift/submodules/tgcalls/tgcalls/group/GroupJoinPayloadInternal.cpp:1:
In file included from /Users/buddhirajgautam/Documents/Cherrygram-Mac/macOS-Swift/submodules/tgcalls/tgcalls/group/GroupJoinPayloadInternal.h:10:
In file included from /Users/buddhirajgautam/Documents/Cherrygram-Mac/macOS-Swift/submodules/tgcalls/SharedHeaders/webrtc/third_party/abseil-cpp/absl/types/optional.h:39:
In file included from /Users/buddhirajgautam/Documents/Cherrygram-Mac/macOS-Swift/submodules/tgcalls/SharedHeaders/webrtc/third_party/abseil-cpp/absl/utility/utility.h:45:
/Users/buddhirajgautam/Documents/Cherrygram-Mac/macOS-Swift/submodules/tgcalls/SharedHeaders/webrtc/third_party/abseil-cpp/absl/meta/type_traits.h:511:36: warning: builtin __is_trivially_relocatable is deprecated; use __builtin_is_cpp_trivially_relocatable instead [-Wdeprecated-builtins]
  511 |     : std::integral_constant<bool, __is_trivially_relocatable(T)> {};
      |                                    ^
1 warning generated.

CompileC /Users/buddhirajgautam/Library/Developer/Xcode/DerivedData/Telegram-Mac-fygdgghdgmuleoelvxabfmqiotta/Build/Intermediates.noindex/TgVoipWebrtc.build/Debug/TgVoipWebrtc-t.build/Objects-normal/arm64/GroupInstanceCustomImpl.o /Users/buddhirajgautam/Documents/Cherrygram-Mac/macOS-Swift/submodules/tgcalls/tgcalls/group/GroupInstanceCustomImpl.cpp normal arm64 c++ com.apple.compilers.llvm.clang.1_0.compiler (in target 'TgVoipWebrtc' from project 'TgVoipWebrtc')
    cd /Users/buddhirajgautam/Documents/Cherrygram-Mac/macOS-Swift
    
    Using response file: /Users/buddhirajgautam/Library/Developer/Xcode/DerivedData/Telegram-Mac-fygdgghdgmuleoelvxabfmqiotta/Build/Intermediates.noindex/TgVoipWebrtc.build/Debug/TgVoipWebrtc-t.build/Objects-normal/arm64/82b82416624d2658e5098eb0a28c15c5-common-args.resp
    
    /Applications/Xcode.app/Contents/Developer/Toolchains/XcodeDefault.xctoolchain/usr/bin/clang -x c++ -ivfsstatcache /Users/buddhirajgautam/Library/Developer/Xcode/DerivedData/SDKStatCaches.noindex/macosx27.0-26A425-e829b21a6f8c9b70876ba0858053c0447231f6df4def33e022ae2eb8f782df1a.sdkstatcache -target arm64-apple-macos12.0 -fmessage-length\=0 -fdiagnostics-show-note-include-stack -fmacro-backtrace-limit\=0 -fno-color-diagnostics -fmodules-prune-interval\=86400 -fmodules-prune-after\=345600 -fbuild-session-file\=/Users/buddhirajgautam/Library/Developer/Xcode/DerivedData/ModuleCache.noindex/Session.modulevalidation -fmodules-validate-once-per-build-session -Wnon-modular-include-in-framework-module -Werror\=non-modular-include-in-framework-module -Wno-trigraphs -Wno-missing-field-initializers -Wno-missing-prototypes -Wno-return-type -Wno-non-virtual-dtor -Wno-overloaded-virtual -Wno-exit-time-destructors -Wno-missing-braces -Wparentheses -Wswitch -Wno-unused-function -Wno-unused-label -Wno-unused-parameter -Wno-unused-variable -Wunused-value -Wno-empty-body -Wno-uninitialized -Wno-unknown-pragmas -Wno-shadow -Wno-four-char-constants -Wno-conversion -Wno-constant-conversion -Wno-int-conversion -Wno-bool-conversion -Wno-enum-conversion -Wno-float-conversion -Wno-non-literal-null-conversion -Wno-objc-literal-conversion -Wshorten-64-to-32 -Wno-newline-eof -Wno-c++11-extensions -Wno-implicit-fallthrough -isysroot /Applications/Xcode.app/Contents/Developer/Platforms/MacOSX.platform/Developer/SDKs/MacOSX27.0.sdk -fstrict-aliasing -Wdeprecated-declarations -Winvalid-offsetof -Wno-sign-conversion -Wno-infinite-recursion -Wno-move -Wno-comma -Wno-block-capture-autoreleasing -Wno-strict-prototypes -Wno-range-loop-analysis -Wno-semicolon-before-method-body -index-store-path /Users/buddhirajgautam/Library/Developer/Xcode/DerivedData/Telegram-Mac-fygdgghdgmuleoelvxabfmqiotta/Index.noindex/DataStore @/Users/buddhirajgautam/Library/Developer/Xcode/DerivedData/Telegram-Mac-fygdgghdgmuleoelvxabfmqiotta/Build/Intermediates.noindex/TgVoipWebrtc.build/Debug/TgVoipWebrtc-t.build/Objects-normal/arm64/82b82416624d2658e5098eb0a28c15c5-common-args.resp -MMD -MT dependencies -MF /Users/buddhirajgautam/Library/Developer/Xcode/DerivedData/Telegram-Mac-fygdgghdgmuleoelvxabfmqiotta/Build/Intermediates.noindex/TgVoipWebrtc.build/Debug/TgVoipWebrtc-t.build/Objects-normal/arm64/GroupInstanceCustomImpl.d --serialize-diagnostics /Users/buddhirajgautam/Library/Developer/Xcode/DerivedData/Telegram-Mac-fygdgghdgmuleoelvxabfmqiotta/Build/Intermediates.noindex/TgVoipWebrtc.build/Debug/TgVoipWebrtc-t.build/Objects-normal/arm64/GroupInstanceCustomImpl.dia -c /Users/buddhirajgautam/Documents/Cherrygram-Mac/macOS-Swift/submodules/tgcalls/tgcalls/group/GroupInstanceCustomImpl.cpp -o /Users/buddhirajgautam/Library/Developer/Xcode/DerivedData/Telegram-Mac-fygdgghdgmuleoelvxabfmqiotta/Build/Intermediates.noindex/TgVoipWebrtc.build/Debug/TgVoipWebrtc-t.build/Objects-normal/arm64/GroupInstanceCustomImpl.o -index-unit-output-path /TgVoipWebrtc.build/Debug/TgVoipWebrtc-t.build/Objects-normal/arm64/GroupInstanceCustomImpl.o
In file included from /Users/buddhirajgautam/Documents/Cherrygram-Mac/macOS-Swift/submodules/tgcalls/tgcalls/group/GroupInstanceCustomImpl.cpp:7:
In file included from /Users/buddhirajgautam/Documents/Cherrygram-Mac/macOS-Swift/submodules/tgcalls/tgcalls/VideoCaptureInterfaceImpl.h:6:
In file included from /Users/buddhirajgautam/Documents/Cherrygram-Mac/macOS-Swift/submodules/tgcalls/tgcalls/ThreadLocalObject.h:4:
In file included from /Users/buddhirajgautam/Documents/Cherrygram-Mac/macOS-Swift/submodules/tgcalls/SharedHeaders/webrtc/rtc_base/thread.h:26:
In file included from /Users/buddhirajgautam/Documents/Cherrygram-Mac/macOS-Swift/submodules/tgcalls/SharedHeaders/webrtc/third_party/abseil-cpp/absl/strings/string_view.h:40:
In file included from /Users/buddhirajgautam/Documents/Cherrygram-Mac/macOS-Swift/submodules/tgcalls/SharedHeaders/webrtc/third_party/abseil-cpp/absl/base/nullability.h:153:
In file included from /Users/buddhirajgautam/Documents/Cherrygram-Mac/macOS-Swift/submodules/tgcalls/SharedHeaders/webrtc/third_party/abseil-cpp/absl/base/internal/nullability_impl.h:22:
/Users/buddhirajgautam/Documents/Cherrygram-Mac/macOS-Swift/submodules/tgcalls/SharedHeaders/webrtc/third_party/abseil-cpp/absl/meta/type_traits.h:511:36: warning: builtin __is_trivially_relocatable is deprecated; use __builtin_is_cpp_trivially_relocatable instead [-Wdeprecated-builtins]
  511 |     : std::integral_constant<bool, __is_trivially_relocatable(T)> {};
      |                                    ^
In file included from /Users/buddhirajgautam/Documents/Cherrygram-Mac/macOS-Swift/submodules/tgcalls/tgcalls/group/GroupInstanceCustomImpl.cpp:13:
In file included from /Users/buddhirajgautam/Documents/Cherrygram-Mac/macOS-Swift/submodules/tgcalls/tgcalls/group/GroupNetworkManager.h:14:
In file included from /Users/buddhirajgautam/Documents/Cherrygram-Mac/macOS-Swift/submodules/tgcalls/SharedHeaders/webrtc/pc/sctp_data_channel.h:29:
In file included from /Users/buddhirajgautam/Documents/Cherrygram-Mac/macOS-Swift/submodules/tgcalls/SharedHeaders/webrtc/pc/sctp_utils.h:20:
/Users/buddhirajgautam/Documents/Cherrygram-Mac/macOS-Swift/submodules/tgcalls/SharedHeaders/webrtc/net/dcsctp/public/types.h:47:64: warning: implicit conversion loses integer precision: 'long long' to 'const UnderlyingType' (aka 'const int') [-Wshorten-64-to-32]
   47 |             v.IsInfinite() ? InfiniteDuration() : DurationMs(v.ms())) {}
      |                                                   ~~~~~~~~~~ ~~^~~~
/Users/buddhirajgautam/Documents/Cherrygram-Mac/macOS-Swift/submodules/tgcalls/SharedHeaders/webrtc/net/dcsctp/public/types.h:122:26: warning: implicit conversion loses integer precision: 'UnderlyingType' (aka 'long long') to 'const UnderlyingType' (aka 'const int') [-Wshorten-64-to-32]
  122 |   return DurationMs(*lhs - *rhs);
      |          ~~~~~~~~~~ ~~~~~^~~~~~
In file included from /Users/buddhirajgautam/Documents/Cherrygram-Mac/macOS-Swift/submodules/tgcalls/tgcalls/group/GroupInstanceCustomImpl.cpp:7:
In file included from /Users/buddhirajgautam/Documents/Cherrygram-Mac/macOS-Swift/submodules/tgcalls/tgcalls/VideoCaptureInterfaceImpl.h:6:
In file included from /Users/buddhirajgautam/Documents/Cherrygram-Mac/macOS-Swift/submodules/tgcalls/tgcalls/ThreadLocalObject.h:4:
In file included from /Users/buddhirajgautam/Documents/Cherrygram-Mac/macOS-Swift/submodules/tgcalls/SharedHeaders/webrtc/rtc_base/thread.h:26:
In file included from /Users/buddhirajgautam/Documents/Cherrygram-Mac/macOS-Swift/submodules/tgcalls/SharedHeaders/webrtc/third_party/abseil-cpp/absl/strings/string_view.h:40:
In file included from /Users/buddhirajgautam/Documents/Cherrygram-Mac/macOS-Swift/submodules/tgcalls/SharedHeaders/webrtc/third_party/abseil-cpp/absl/base/nullability.h:153:
In file included from /Users/buddhirajgautam/Documents/Cherrygram-Mac/macOS-Swift/submodules/tgcalls/SharedHeaders/webrtc/third_party/abseil-cpp/absl/base/internal/nullability_impl.h:22:
/Users/buddhirajgautam/Documents/Cherrygram-Mac/macOS-Swift/submodules/tgcalls/SharedHeaders/webrtc/third_party/abseil-cpp/absl/meta/type_traits.h:511:36: warning: builtin __is_trivially_relocatable is deprecated; use __builtin_is_cpp_trivially_relocatable instead [-Wdeprecated-builtins]
  511 |     : std::integral_constant<bool, __is_trivially_relocatable(T)> {};
      |                                    ^
In file included from /Users/buddhirajgautam/Documents/Cherrygram-Mac/macOS-Swift/submodules/tgcalls/tgcalls/group/GroupInstanceCustomImpl.cpp:7:
In file included from /Users/buddhirajgautam/Documents/Cherrygram-Mac/macOS-Swift/submodules/tgcalls/tgcalls/VideoCaptureInterfaceImpl.h:8:
In file included from /Users/buddhirajgautam/Documents/Cherrygram-Mac/macOS-Swift/submodules/tgcalls/tgcalls/platform/PlatformInterface.h:5:
In file included from /Users/buddhirajgautam/Documents/Cherrygram-Mac/macOS-Swift/submodules/tgcalls/SharedHeaders/webrtc/api/video_codecs/video_encoder_factory.h:21:
In file included from /Users/buddhirajgautam/Documents/Cherrygram-Mac/macOS-Swift/submodules/tgcalls/SharedHeaders/webrtc/api/video_codecs/sdp_video_format.h:17:
In file included from /Users/buddhirajgautam/Documents/Cherrygram-Mac/macOS-Swift/submodules/tgcalls/SharedHeaders/webrtc/third_party/abseil-cpp/absl/container/inlined_vector.h:53:
/Users/buddhirajgautam/Documents/Cherrygram-Mac/macOS-Swift/submodules/tgcalls/SharedHeaders/webrtc/third_party/abseil-cpp/absl/container/internal/inlined_vector.h:522:22: note: in instantiation of template class 'absl::is_trivially_relocatable<webrtc::DecodeTargetIndication>' requested here
  522 |                absl::is_trivially_relocatable<V>::value ||
      |                      ^
In file included from /Users/buddhirajgautam/Documents/Cherrygram-Mac/macOS-Swift/submodules/tgcalls/tgcalls/group/GroupInstanceCustomImpl.cpp:7:
In file included from /Users/buddhirajgautam/Documents/Cherrygram-Mac/macOS-Swift/submodules/tgcalls/tgcalls/VideoCaptureInterfaceImpl.h:6:
In file included from /Users/buddhirajgautam/Documents/Cherrygram-Mac/macOS-Swift/submodules/tgcalls/tgcalls/ThreadLocalObject.h:4:
In file included from /Users/buddhirajgautam/Documents/Cherrygram-Mac/macOS-Swift/submodules/tgcalls/SharedHeaders/webrtc/rtc_base/thread.h:26:
In file included from /Users/buddhirajgautam/Documents/Cherrygram-Mac/macOS-Swift/submodules/tgcalls/SharedHeaders/webrtc/third_party/abseil-cpp/absl/strings/string_view.h:43:
/Users/buddhirajgautam/Documents/Cherrygram-Mac/macOS-Swift/submodules/tgcalls/SharedHeaders/webrtc/third_party/abseil-cpp/absl/base/macros.h:128:49: note: expanded from macro 'ABSL_HARDENING_ASSERT'
  128 | #define ABSL_HARDENING_ASSERT(expr) ABSL_ASSERT(expr)
      |                                                 ^
/Users/buddhirajgautam/Documents/Cherrygram-Mac/macOS-Swift/submodules/tgcalls/SharedHeaders/webrtc/third_party/abseil-cpp/absl/base/macros.h:95:30: note: expanded from macro 'ABSL_ASSERT'
   95 |   (false ? static_cast<void>(expr) : static_cast<void>(0))
      |                              ^
In file included from /Users/buddhirajgautam/Documents/Cherrygram-Mac/macOS-Swift/submodules/tgcalls/tgcalls/group/GroupInstanceCustomImpl.cpp:7:
In file included from /Users/buddhirajgautam/Documents/Cherrygram-Mac/macOS-Swift/submodules/tgcalls/tgcalls/VideoCaptureInterfaceImpl.h:8:
In file included from /Users/buddhirajgautam/Documents/Cherrygram-Mac/macOS-Swift/submodules/tgcalls/tgcalls/platform/PlatformInterface.h:5:
In file included from /Users/buddhirajgautam/Documents/Cherrygram-Mac/macOS-Swift/submodules/tgcalls/SharedHeaders/webrtc/api/video_codecs/video_encoder_factory.h:21:
In file included from /Users/buddhirajgautam/Documents/Cherrygram-Mac/macOS-Swift/submodules/tgcalls/SharedHeaders/webrtc/api/video_codecs/sdp_video_format.h:17:
/Users/buddhirajgautam/Documents/Cherrygram-Mac/macOS-Swift/submodules/tgcalls/SharedHeaders/webrtc/third_party/abseil-cpp/absl/container/inlined_vector.h:856:14: note: in instantiation of member function 'absl::inlined_vector_internal::Storage<webrtc::DecodeTargetIndication, 10, std::allocator<webrtc::DecodeTargetIndication>>::MemcpyFrom' requested here
  856 |     storage_.MemcpyFrom(other.storage_);
      |              ^
/Users/buddhirajgautam/Documents/Cherrygram-Mac/macOS-Swift/submodules/tgcalls/SharedHeaders/webrtc/third_party/abseil-cpp/absl/container/inlined_vector.h:548:7: note: in instantiation of member function 'absl::InlinedVector<webrtc::DecodeTargetIndication, 10>::MoveAssignment' requested here
  548 |       MoveAssignment(MoveAssignmentPolicy{}, std::move(other));
      |       ^
In file included from /Users/buddhirajgautam/Documents/Cherrygram-Mac/macOS-Swift/submodules/tgcalls/tgcalls/group/GroupInstanceCustomImpl.cpp:13:
In file included from /Users/buddhirajgautam/Documents/Cherrygram-Mac/macOS-Swift/submodules/tgcalls/tgcalls/group/GroupNetworkManager.h:12:
In file included from /Users/buddhirajgautam/Documents/Cherrygram-Mac/macOS-Swift/submodules/tgcalls/SharedHeaders/webrtc/media/base/media_channel.h:27:
In file included from /Users/buddhirajgautam/Documents/Cherrygram-Mac/macOS-Swift/submodules/tgcalls/SharedHeaders/webrtc/api/frame_transformer_interface.h:19:
In file included from /Users/buddhirajgautam/Documents/Cherrygram-Mac/macOS-Swift/submodules/tgcalls/SharedHeaders/webrtc/api/video/encoded_frame.h:21:
In file included from /Users/buddhirajgautam/Documents/Cherrygram-Mac/macOS-Swift/submodules/tgcalls/SharedHeaders/webrtc/modules/rtp_rtcp/source/rtp_video_header.h:20:
/Users/buddhirajgautam/Documents/Cherrygram-Mac/macOS-Swift/submodules/tgcalls/SharedHeaders/webrtc/api/transport/rtp/dependency_descriptor.h:133:35: note: in instantiation of member function 'absl::InlinedVector<webrtc::DecodeTargetIndication, 10>::operator=' requested here
  133 |   this->decode_target_indications =
      |                                   ^
In file included from /Users/buddhirajgautam/Documents/Cherrygram-Mac/macOS-Swift/submodules/tgcalls/tgcalls/group/GroupInstanceCustomImpl.cpp:7:
In file included from /Users/buddhirajgautam/Documents/Cherrygram-Mac/macOS-Swift/submodules/tgcalls/tgcalls/VideoCaptureInterfaceImpl.h:6:
In file included from /Users/buddhirajgautam/Documents/Cherrygram-Mac/macOS-Swift/submodules/tgcalls/tgcalls/ThreadLocalObject.h:4:
In file included from /Users/buddhirajgautam/Documents/Cherrygram-Mac/macOS-Swift/submodules/tgcalls/SharedHeaders/webrtc/rtc_base/thread.h:26:
In file included from /Users/buddhirajgautam/Documents/Cherrygram-Mac/macOS-Swift/submodules/tgcalls/SharedHeaders/webrtc/third_party/abseil-cpp/absl/strings/string_view.h:40:
In file included from /Users/buddhirajgautam/Documents/Cherrygram-Mac/macOS-Swift/submodules/tgcalls/SharedHeaders/webrtc/third_party/abseil-cpp/absl/base/nullability.h:153:
In file included from /Users/buddhirajgautam/Documents/Cherrygram-Mac/macOS-Swift/submodules/tgcalls/SharedHeaders/webrtc/third_party/abseil-cpp/absl/base/internal/nullability_impl.h:22:
/Users/buddhirajgautam/Documents/Cherrygram-Mac/macOS-Swift/submodules/tgcalls/SharedHeaders/webrtc/third_party/abseil-cpp/absl/meta/type_traits.h:511:36: warning: builtin __is_trivially_relocatable is deprecated; use __builtin_is_cpp_trivially_relocatable instead [-Wdeprecated-builtins]
  511 |     : std::integral_constant<bool, __is_trivially_relocatable(T)> {};
      |                                    ^
In file included from /Users/buddhirajgautam/Documents/Cherrygram-Mac/macOS-Swift/submodules/tgcalls/tgcalls/group/GroupInstanceCustomImpl.cpp:7:
In file included from /Users/buddhirajgautam/Documents/Cherrygram-Mac/macOS-Swift/submodules/tgcalls/tgcalls/VideoCaptureInterfaceImpl.h:8:
In file included from /Users/buddhirajgautam/Documents/Cherrygram-Mac/macOS-Swift/submodules/tgcalls/tgcalls/platform/PlatformInterface.h:5:
In file included from /Users/buddhirajgautam/Documents/Cherrygram-Mac/macOS-Swift/submodules/tgcalls/SharedHeaders/webrtc/api/video_codecs/video_encoder_factory.h:21:
In file included from /Users/buddhirajgautam/Documents/Cherrygram-Mac/macOS-Swift/submodules/tgcalls/SharedHeaders/webrtc/api/video_codecs/sdp_video_format.h:17:
In file included from /Users/buddhirajgautam/Documents/Cherrygram-Mac/macOS-Swift/submodules/tgcalls/SharedHeaders/webrtc/third_party/abseil-cpp/absl/container/inlined_vector.h:53:
/Users/buddhirajgautam/Documents/Cherrygram-Mac/macOS-Swift/submodules/tgcalls/SharedHeaders/webrtc/third_party/abseil-cpp/absl/container/internal/inlined_vector.h:522:22: note: in instantiation of template class 'absl::is_trivially_relocatable<int>' requested here
  522 |                absl::is_trivially_relocatable<V>::value ||
      |                      ^
In file included from /Users/buddhirajgautam/Documents/Cherrygram-Mac/macOS-Swift/submodules/tgcalls/tgcalls/group/GroupInstanceCustomImpl.cpp:7:
In file included from /Users/buddhirajgautam/Documents/Cherrygram-Mac/macOS-Swift/submodules/tgcalls/tgcalls/VideoCaptureInterfaceImpl.h:6:
In file included from /Users/buddhirajgautam/Documents/Cherrygram-Mac/macOS-Swift/submodules/tgcalls/tgcalls/ThreadLocalObject.h:4:
In file included from /Users/buddhirajgautam/Documents/Cherrygram-Mac/macOS-Swift/submodules/tgcalls/SharedHeaders/webrtc/rtc_base/thread.h:26:
In file included from /Users/buddhirajgautam/Documents/Cherrygram-Mac/macOS-Swift/submodules/tgcalls/SharedHeaders/webrtc/third_party/abseil-cpp/absl/strings/string_view.h:43:
/Users/buddhirajgautam/Documents/Cherrygram-Mac/macOS-Swift/submodules/tgcalls/SharedHeaders/webrtc/third_party/abseil-cpp/absl/base/macros.h:128:49: note: expanded from macro 'ABSL_HARDENING_ASSERT'
  128 | #define ABSL_HARDENING_ASSERT(expr) ABSL_ASSERT(expr)
      |                                                 ^
/Users/buddhirajgautam/Documents/Cherrygram-Mac/macOS-Swift/submodules/tgcalls/SharedHeaders/webrtc/third_party/abseil-cpp/absl/base/macros.h:95:30: note: expanded from macro 'ABSL_ASSERT'
   95 |   (false ? static_cast<void>(expr) : static_cast<void>(0))
      |                              ^
In file included from /Users/buddhirajgautam/Documents/Cherrygram-Mac/macOS-Swift/submodules/tgcalls/tgcalls/group/GroupInstanceCustomImpl.cpp:7:
In file included from /Users/buddhirajgautam/Documents/Cherrygram-Mac/macOS-Swift/submodules/tgcalls/tgcalls/VideoCaptureInterfaceImpl.h:8:
In file included from /Users/buddhirajgautam/Documents/Cherrygram-Mac/macOS-Swift/submodules/tgcalls/tgcalls/platform/PlatformInterface.h:5:
In file included from /Users/buddhirajgautam/Documents/Cherrygram-Mac/macOS-Swift/submodules/tgcalls/SharedHeaders/webrtc/api/video_codecs/video_encoder_factory.h:21:
In file included from /Users/buddhirajgautam/Documents/Cherrygram-Mac/macOS-Swift/submodules/tgcalls/SharedHeaders/webrtc/api/video_codecs/sdp_video_format.h:17:
/Users/buddhirajgautam/Documents/Cherrygram-Mac/macOS-Swift/submodules/tgcalls/SharedHeaders/webrtc/third_party/abseil-cpp/absl/container/inlined_vector.h:195:16: note: in instantiation of member function 'absl::inlined_vector_internal::Storage<int, 4, std::allocator<int>>::MemcpyFrom' requested here
  195 |       storage_.MemcpyFrom(other.storage_);
      |                ^
/Users/buddhirajgautam/Documents/Cherrygram-Mac/macOS-Swift/submodules/tgcalls/SharedHeaders/webrtc/third_party/abseil-cpp/absl/container/inlined_vector.h:177:9: note: in instantiation of member function 'absl::InlinedVector<int, 4>::InlinedVector' requested here
  177 |       : InlinedVector(other, other.storage_.GetAllocator()) {}
      |         ^
In file included from /Users/buddhirajgautam/Documents/Cherrygram-Mac/macOS-Swift/submodules/tgcalls/tgcalls/group/GroupInstanceCustomImpl.cpp:13:
In file included from /Users/buddhirajgautam/Documents/Cherrygram-Mac/macOS-Swift/submodules/tgcalls/tgcalls/group/GroupNetworkManager.h:12:
In file included from /Users/buddhirajgautam/Documents/Cherrygram-Mac/macOS-Swift/submodules/tgcalls/SharedHeaders/webrtc/media/base/media_channel.h:27:
In file included from /Users/buddhirajgautam/Documents/Cherrygram-Mac/macOS-Swift/submodules/tgcalls/SharedHeaders/webrtc/api/frame_transformer_interface.h:19:
In file included from /Users/buddhirajgautam/Documents/Cherrygram-Mac/macOS-Swift/submodules/tgcalls/SharedHeaders/webrtc/api/video/encoded_frame.h:21:
In file included from /Users/buddhirajgautam/Documents/Cherrygram-Mac/macOS-Swift/submodules/tgcalls/SharedHeaders/webrtc/modules/rtp_rtcp/source/rtp_video_header.h:20:
/Users/buddhirajgautam/Documents/Cherrygram-Mac/macOS-Swift/submodules/tgcalls/SharedHeaders/webrtc/api/transport/rtp/dependency_descriptor.h:37:8: note: in instantiation of member function 'absl::InlinedVector<int, 4>::InlinedVector' requested here
   37 | struct FrameDependencyTemplate {
      |        ^
In file included from /Users/buddhirajgautam/Documents/Cherrygram-Mac/macOS-Swift/submodules/tgcalls/tgcalls/group/GroupInstanceCustomImpl.cpp:7:
In file included from /Users/buddhirajgautam/Documents/Cherrygram-Mac/macOS-Swift/submodules/tgcalls/tgcalls/VideoCaptureInterfaceImpl.h:6:
In file included from /Users/buddhirajgautam/Documents/Cherrygram-Mac/macOS-Swift/submodules/tgcalls/tgcalls/ThreadLocalObject.h:4:
In file included from /Users/buddhirajgautam/Documents/Cherrygram-Mac/macOS-Swift/submodules/tgcalls/SharedHeaders/webrtc/rtc_base/thread.h:26:
In file included from /Users/buddhirajgautam/Documents/Cherrygram-Mac/macOS-Swift/submodules/tgcalls/SharedHeaders/webrtc/third_party/abseil-cpp/absl/strings/string_view.h:40:
In file included from /Users/buddhirajgautam/Documents/Cherrygram-Mac/macOS-Swift/submodules/tgcalls/SharedHeaders/webrtc/third_party/abseil-cpp/absl/base/nullability.h:153:
In file included from /Users/buddhirajgautam/Documents/Cherrygram-Mac/macOS-Swift/submodules/tgcalls/SharedHeaders/webrtc/third_party/abseil-cpp/absl/base/internal/nullability_impl.h:22:
/Users/buddhirajgautam/Documents/Cherrygram-Mac/macOS-Swift/submodules/tgcalls/SharedHeaders/webrtc/third_party/abseil-cpp/absl/meta/type_traits.h:511:36: warning: builtin __is_trivially_relocatable is deprecated; use __builtin_is_cpp_trivially_relocatable instead [-Wdeprecated-builtins]
  511 |     : std::integral_constant<bool, __is_trivially_relocatable(T)> {};
      |                                    ^
In file included from /Users/buddhirajgautam/Documents/Cherrygram-Mac/macOS-Swift/submodules/tgcalls/tgcalls/group/GroupInstanceCustomImpl.cpp:7:
In file included from /Users/buddhirajgautam/Documents/Cherrygram-Mac/macOS-Swift/submodules/tgcalls/tgcalls/VideoCaptureInterfaceImpl.h:8:
In file included from /Users/buddhirajgautam/Documents/Cherrygram-Mac/macOS-Swift/submodules/tgcalls/tgcalls/platform/PlatformInterface.h:5:
In file included from /Users/buddhirajgautam/Documents/Cherrygram-Mac/macOS-Swift/submodules/tgcalls/SharedHeaders/webrtc/api/video_codecs/video_encoder_factory.h:21:
In file included from /Users/buddhirajgautam/Documents/Cherrygram-Mac/macOS-Swift/submodules/tgcalls/SharedHeaders/webrtc/api/video_codecs/sdp_video_format.h:17:
In file included from /Users/buddhirajgautam/Documents/Cherrygram-Mac/macOS-Swift/submodules/tgcalls/SharedHeaders/webrtc/third_party/abseil-cpp/absl/container/inlined_vector.h:53:
/Users/buddhirajgautam/Documents/Cherrygram-Mac/macOS-Swift/submodules/tgcalls/SharedHeaders/webrtc/third_party/abseil-cpp/absl/container/internal/inlined_vector.h:522:22: note: in instantiation of template class 'absl::is_trivially_relocatable<webrtc::RenderResolution>' requested here
  522 |                absl::is_trivially_relocatable<V>::value ||
      |                      ^
In file included from /Users/buddhirajgautam/Documents/Cherrygram-Mac/macOS-Swift/submodules/tgcalls/tgcalls/group/GroupInstanceCustomImpl.cpp:7:
In file included from /Users/buddhirajgautam/Documents/Cherrygram-Mac/macOS-Swift/submodules/tgcalls/tgcalls/VideoCaptureInterfaceImpl.h:6:
In file included from /Users/buddhirajgautam/Documents/Cherrygram-Mac/macOS-Swift/submodules/tgcalls/tgcalls/ThreadLocalObject.h:4:
In file included from /Users/buddhirajgautam/Documents/Cherrygram-Mac/macOS-Swift/submodules/tgcalls/SharedHeaders/webrtc/rtc_base/thread.h:26:
In file included from /Users/buddhirajgautam/Documents/Cherrygram-Mac/macOS-Swift/submodules/tgcalls/SharedHeaders/webrtc/third_party/abseil-cpp/absl/strings/string_view.h:43:
/Users/buddhirajgautam/Documents/Cherrygram-Mac/macOS-Swift/submodules/tgcalls/SharedHeaders/webrtc/third_party/abseil-cpp/absl/base/macros.h:128:49: note: expanded from macro 'ABSL_HARDENING_ASSERT'
  128 | #define ABSL_HARDENING_ASSERT(expr) ABSL_ASSERT(expr)
      |                                                 ^
/Users/buddhirajgautam/Documents/Cherrygram-Mac/macOS-Swift/submodules/tgcalls/SharedHeaders/webrtc/third_party/abseil-cpp/absl/base/macros.h:95:30: note: expanded from macro 'ABSL_ASSERT'
   95 |   (false ? static_cast<void>(expr) : static_cast<void>(0))
      |                              ^
In file included from /Users/buddhirajgautam/Documents/Cherrygram-Mac/macOS-Swift/submodules/tgcalls/tgcalls/group/GroupInstanceCustomImpl.cpp:7:
In file included from /Users/buddhirajgautam/Documents/Cherrygram-Mac/macOS-Swift/submodules/tgcalls/tgcalls/VideoCaptureInterfaceImpl.h:8:
In file included from /Users/buddhirajgautam/Documents/Cherrygram-Mac/macOS-Swift/submodules/tgcalls/tgcalls/platform/PlatformInterface.h:5:
In file included from /Users/buddhirajgautam/Documents/Cherrygram-Mac/macOS-Swift/submodules/tgcalls/SharedHeaders/webrtc/api/video_codecs/video_encoder_factory.h:21:
In file included from /Users/buddhirajgautam/Documents/Cherrygram-Mac/macOS-Swift/submodules/tgcalls/SharedHeaders/webrtc/api/video_codecs/sdp_video_format.h:17:
/Users/buddhirajgautam/Documents/Cherrygram-Mac/macOS-Swift/submodules/tgcalls/SharedHeaders/webrtc/third_party/abseil-cpp/absl/container/inlined_vector.h:195:16: note: in instantiation of member function 'absl::inlined_vector_internal::Storage<webrtc::RenderResolution, 4, std::allocator<webrtc::RenderResolution>>::MemcpyFrom' requested here
  195 |       storage_.MemcpyFrom(other.storage_);
      |                ^
/Users/buddhirajgautam/Documents/Cherrygram-Mac/macOS-Swift/submodules/tgcalls/SharedHeaders/webrtc/third_party/abseil-cpp/absl/container/inlined_vector.h:177:9: note: in instantiation of member function 'absl::InlinedVector<webrtc::RenderResolution, 4>::InlinedVector' requested here
  177 |       : InlinedVector(other, other.storage_.GetAllocator()) {}
      |         ^
In file included from /Users/buddhirajgautam/Documents/Cherrygram-Mac/macOS-Swift/submodules/tgcalls/tgcalls/group/GroupInstanceCustomImpl.cpp:13:
In file included from /Users/buddhirajgautam/Documents/Cherrygram-Mac/macOS-Swift/submodules/tgcalls/tgcalls/group/GroupNetworkManager.h:12:
In file included from /Users/buddhirajgautam/Documents/Cherrygram-Mac/macOS-Swift/submodules/tgcalls/SharedHeaders/webrtc/media/base/media_channel.h:27:
In file included from /Users/buddhirajgautam/Documents/Cherrygram-Mac/macOS-Swift/submodules/tgcalls/SharedHeaders/webrtc/api/frame_transformer_interface.h:19:
In file included from /Users/buddhirajgautam/Documents/Cherrygram-Mac/macOS-Swift/submodules/tgcalls/SharedHeaders/webrtc/api/video/encoded_frame.h:21:
In file included from /Users/buddhirajgautam/Documents/Cherrygram-Mac/macOS-Swift/submodules/tgcalls/SharedHeaders/webrtc/modules/rtp_rtcp/source/rtp_video_header.h:20:
/Users/buddhirajgautam/Documents/Cherrygram-Mac/macOS-Swift/submodules/tgcalls/SharedHeaders/webrtc/api/transport/rtp/dependency_descriptor.h:61:8: note: in instantiation of member function 'absl::InlinedVector<webrtc::RenderResolution, 4>::InlinedVector' requested here
   61 | struct FrameDependencyStructure {
      |        ^
6 warnings generated.

CompileC /Users/buddhirajgautam/Library/Developer/Xcode/DerivedData/Telegram-Mac-fygdgghdgmuleoelvxabfmqiotta/Build/Intermediates.noindex/TgVoipWebrtc.build/Debug/TgVoipWebrtc-t.build/Objects-normal/arm64/FieldTrialsConfig.o /Users/buddhirajgautam/Documents/Cherrygram-Mac/macOS-Swift/submodules/tgcalls/tgcalls/FieldTrialsConfig.cpp normal arm64 c++ com.apple.compilers.llvm.clang.1_0.compiler (in target 'TgVoipWebrtc' from project 'TgVoipWebrtc')
    cd /Users/buddhirajgautam/Documents/Cherrygram-Mac/macOS-Swift
    
    Using response file: /Users/buddhirajgautam/Library/Developer/Xcode/DerivedData/Telegram-Mac-fygdgghdgmuleoelvxabfmqiotta/Build/Intermediates.noindex/TgVoipWebrtc.build/Debug/TgVoipWebrtc-t.build/Objects-normal/arm64/82b82416624d2658e5098eb0a28c15c5-common-args.resp
    
    /Applications/Xcode.app/Contents/Developer/Toolchains/XcodeDefault.xctoolchain/usr/bin/clang -x c++ -ivfsstatcache /Users/buddhirajgautam/Library/Developer/Xcode/DerivedData/SDKStatCaches.noindex/macosx27.0-26A425-e829b21a6f8c9b70876ba0858053c0447231f6df4def33e022ae2eb8f782df1a.sdkstatcache -target arm64-apple-macos12.0 -fmessage-length\=0 -fdiagnostics-show-note-include-stack -fmacro-backtrace-limit\=0 -fno-color-diagnostics -fmodules-prune-interval\=86400 -fmodules-prune-after\=345600 -fbuild-session-file\=/Users/buddhirajgautam/Library/Developer/Xcode/DerivedData/ModuleCache.noindex/Session.modulevalidation -fmodules-validate-once-per-build-session -Wnon-modular-include-in-framework-module -Werror\=non-modular-include-in-framework-module -Wno-trigraphs -Wno-missing-field-initializers -Wno-missing-prototypes -Wno-return-type -Wno-non-virtual-dtor -Wno-overloaded-virtual -Wno-exit-time-destructors -Wno-missing-braces -Wparentheses -Wswitch -Wno-unused-function -Wno-unused-label -Wno-unused-parameter -Wno-unused-variable -Wunused-value -Wno-empty-body -Wno-uninitialized -Wno-unknown-pragmas -Wno-shadow -Wno-four-char-constants -Wno-conversion -Wno-constant-conversion -Wno-int-conversion -Wno-bool-conversion -Wno-enum-conversion -Wno-float-conversion -Wno-non-literal-null-conversion -Wno-objc-literal-conversion -Wshorten-64-to-32 -Wno-newline-eof -Wno-c++11-extensions -Wno-implicit-fallthrough -isysroot /Applications/Xcode.app/Contents/Developer/Platforms/MacOSX.platform/Developer/SDKs/MacOSX27.0.sdk -fstrict-aliasing -Wdeprecated-declarations -Winvalid-offsetof -Wno-sign-conversion -Wno-infinite-recursion -Wno-move -Wno-comma -Wno-block-capture-autoreleasing -Wno-strict-prototypes -Wno-range-loop-analysis -Wno-semicolon-before-method-body -index-store-path /Users/buddhirajgautam/Library/Developer/Xcode/DerivedData/Telegram-Mac-fygdgghdgmuleoelvxabfmqiotta/Index.noindex/DataStore @/Users/buddhirajgautam/Library/Developer/Xcode/DerivedData/Telegram-Mac-fygdgghdgmuleoelvxabfmqiotta/Build/Intermediates.noindex/TgVoipWebrtc.build/Debug/TgVoipWebrtc-t.build/Objects-normal/arm64/82b82416624d2658e5098eb0a28c15c5-common-args.resp -MMD -MT dependencies -MF /Users/buddhirajgautam/Library/Developer/Xcode/DerivedData/Telegram-Mac-fygdgghdgmuleoelvxabfmqiotta/Build/Intermediates.noindex/TgVoipWebrtc.build/Debug/TgVoipWebrtc-t.build/Objects-normal/arm64/FieldTrialsConfig.d --serialize-diagnostics /Users/buddhirajgautam/Library/Developer/Xcode/DerivedData/Telegram-Mac-fygdgghdgmuleoelvxabfmqiotta/Build/Intermediates.noindex/TgVoipWebrtc.build/Debug/TgVoipWebrtc-t.build/Objects-normal/arm64/FieldTrialsConfig.dia -c /Users/buddhirajgautam/Documents/Cherrygram-Mac/macOS-Swift/submodules/tgcalls/tgcalls/FieldTrialsConfig.cpp -o /Users/buddhirajgautam/Library/Developer/Xcode/DerivedData/Telegram-Mac-fygdgghdgmuleoelvxabfmqiotta/Build/Intermediates.noindex/TgVoipWebrtc.build/Debug/TgVoipWebrtc-t.build/Objects-normal/arm64/FieldTrialsConfig.o -index-unit-output-path /TgVoipWebrtc.build/Debug/TgVoipWebrtc-t.build/Objects-normal/arm64/FieldTrialsConfig.o
In file included from /Users/buddhirajgautam/Documents/Cherrygram-Mac/macOS-Swift/submodules/tgcalls/tgcalls/FieldTrialsConfig.cpp:1:
In file included from /Users/buddhirajgautam/Documents/Cherrygram-Mac/macOS-Swift/submodules/tgcalls/tgcalls/FieldTrialsConfig.h:4:
In file included from /Users/buddhirajgautam/Documents/Cherrygram-Mac/macOS-Swift/submodules/tgcalls/SharedHeaders/webrtc/api/transport/field_trial_based_config.h:15:
In file included from /Users/buddhirajgautam/Documents/Cherrygram-Mac/macOS-Swift/submodules/tgcalls/SharedHeaders/webrtc/third_party/abseil-cpp/absl/strings/string_view.h:40:
In file included from /Users/buddhirajgautam/Documents/Cherrygram-Mac/macOS-Swift/submodules/tgcalls/SharedHeaders/webrtc/third_party/abseil-cpp/absl/base/nullability.h:153:
In file included from /Users/buddhirajgautam/Documents/Cherrygram-Mac/macOS-Swift/submodules/tgcalls/SharedHeaders/webrtc/third_party/abseil-cpp/absl/base/internal/nullability_impl.h:22:
/Users/buddhirajgautam/Documents/Cherrygram-Mac/macOS-Swift/submodules/tgcalls/SharedHeaders/webrtc/third_party/abseil-cpp/absl/meta/type_traits.h:511:36: warning: builtin __is_trivially_relocatable is deprecated; use __builtin_is_cpp_trivially_relocatable instead [-Wdeprecated-builtins]
  511 |     : std::integral_constant<bool, __is_trivially_relocatable(T)> {};
      |                                    ^
1 warning generated.

CompileC /Users/buddhirajgautam/Library/Developer/Xcode/DerivedData/Telegram-Mac-fygdgghdgmuleoelvxabfmqiotta/Build/Intermediates.noindex/TgVoipWebrtc.build/Debug/TgVoipWebrtc-t.build/Objects-normal/arm64/FakeVideoTrackSource.o /Users/buddhirajgautam/Documents/Cherrygram-Mac/macOS-Swift/submodules/tgcalls/tgcalls/FakeVideoTrackSource.cpp normal arm64 c++ com.apple.compilers.llvm.clang.1_0.compiler (in target 'TgVoipWebrtc' from project 'TgVoipWebrtc')
    cd /Users/buddhirajgautam/Documents/Cherrygram-Mac/macOS-Swift
    
    Using response file: /Users/buddhirajgautam/Library/Developer/Xcode/DerivedData/Telegram-Mac-fygdgghdgmuleoelvxabfmqiotta/Build/Intermediates.noindex/TgVoipWebrtc.build/Debug/TgVoipWebrtc-t.build/Objects-normal/arm64/82b82416624d2658e5098eb0a28c15c5-common-args.resp
    
    /Applications/Xcode.app/Contents/Developer/Toolchains/XcodeDefault.xctoolchain/usr/bin/clang -x c++ -ivfsstatcache /Users/buddhirajgautam/Library/Developer/Xcode/DerivedData/SDKStatCaches.noindex/macosx27.0-26A425-e829b21a6f8c9b70876ba0858053c0447231f6df4def33e022ae2eb8f782df1a.sdkstatcache -target arm64-apple-macos12.0 -fmessage-length\=0 -fdiagnostics-show-note-include-stack -fmacro-backtrace-limit\=0 -fno-color-diagnostics -fmodules-prune-interval\=86400 -fmodules-prune-after\=345600 -fbuild-session-file\=/Users/buddhirajgautam/Library/Developer/Xcode/DerivedData/ModuleCache.noindex/Session.modulevalidation -fmodules-validate-once-per-build-session -Wnon-modular-include-in-framework-module -Werror\=non-modular-include-in-framework-module -Wno-trigraphs -Wno-missing-field-initializers -Wno-missing-prototypes -Wno-return-type -Wno-non-virtual-dtor -Wno-overloaded-virtual -Wno-exit-time-destructors -Wno-missing-braces -Wparentheses -Wswitch -Wno-unused-function -Wno-unused-label -Wno-unused-parameter -Wno-unused-variable -Wunused-value -Wno-empty-body -Wno-uninitialized -Wno-unknown-pragmas -Wno-shadow -Wno-four-char-constants -Wno-conversion -Wno-constant-conversion -Wno-int-conversion -Wno-bool-conversion -Wno-enum-conversion -Wno-float-conversion -Wno-non-literal-null-conversion -Wno-objc-literal-conversion -Wshorten-64-to-32 -Wno-newline-eof -Wno-c++11-extensions -Wno-implicit-fallthrough -isysroot /Applications/Xcode.app/Contents/Developer/Platforms/MacOSX.platform/Developer/SDKs/MacOSX27.0.sdk -fstrict-aliasing -Wdeprecated-declarations -Winvalid-offsetof -Wno-sign-conversion -Wno-infinite-recursion -Wno-move -Wno-comma -Wno-block-capture-autoreleasing -Wno-strict-prototypes -Wno-range-loop-analysis -Wno-semicolon-before-method-body -index-store-path /Users/buddhirajgautam/Library/Developer/Xcode/DerivedData/Telegram-Mac-fygdgghdgmuleoelvxabfmqiotta/Index.noindex/DataStore @/Users/buddhirajgautam/Library/Developer/Xcode/DerivedData/Telegram-Mac-fygdgghdgmuleoelvxabfmqiotta/Build/Intermediates.noindex/TgVoipWebrtc.build/Debug/TgVoipWebrtc-t.build/Objects-normal/arm64/82b82416624d2658e5098eb0a28c15c5-common-args.resp -MMD -MT dependencies -MF /Users/buddhirajgautam/Library/Developer/Xcode/DerivedData/Telegram-Mac-fygdgghdgmuleoelvxabfmqiotta/Build/Intermediates.noindex/TgVoipWebrtc.build/Debug/TgVoipWebrtc-t.build/Objects-normal/arm64/FakeVideoTrackSource.d --serialize-diagnostics /Users/buddhirajgautam/Library/Developer/Xcode/DerivedData/Telegram-Mac-fygdgghdgmuleoelvxabfmqiotta/Build/Intermediates.noindex/TgVoipWebrtc.build/Debug/TgVoipWebrtc-t.build/Objects-normal/arm64/FakeVideoTrackSource.dia -c /Users/buddhirajgautam/Documents/Cherrygram-Mac/macOS-Swift/submodules/tgcalls/tgcalls/FakeVideoTrackSource.cpp -o /Users/buddhirajgautam/Library/Developer/Xcode/DerivedData/Telegram-Mac-fygdgghdgmuleoelvxabfmqiotta/Build/Intermediates.noindex/TgVoipWebrtc.build/Debug/TgVoipWebrtc-t.build/Objects-normal/arm64/FakeVideoTrackSource.o -index-unit-output-path /TgVoipWebrtc.build/Debug/TgVoipWebrtc-t.build/Objects-normal/arm64/FakeVideoTrackSource.o
In file included from /Users/buddhirajgautam/Documents/Cherrygram-Mac/macOS-Swift/submodules/tgcalls/tgcalls/FakeVideoTrackSource.cpp:3:
In file included from /Users/buddhirajgautam/Documents/Cherrygram-Mac/macOS-Swift/submodules/tgcalls/SharedHeaders/webrtc/api/video/i420_buffer.h:19:
In file included from /Users/buddhirajgautam/Documents/Cherrygram-Mac/macOS-Swift/submodules/tgcalls/SharedHeaders/webrtc/api/video/video_frame_buffer.h:16:
In file included from /Users/buddhirajgautam/Documents/Cherrygram-Mac/macOS-Swift/submodules/tgcalls/SharedHeaders/webrtc/api/array_view.h:19:
In file included from /Users/buddhirajgautam/Documents/Cherrygram-Mac/macOS-Swift/submodules/tgcalls/SharedHeaders/webrtc/rtc_base/checks.h:57:
/Users/buddhirajgautam/Documents/Cherrygram-Mac/macOS-Swift/submodules/tgcalls/SharedHeaders/webrtc/third_party/abseil-cpp/absl/meta/type_traits.h:511:36: warning: builtin __is_trivially_relocatable is deprecated; use __builtin_is_cpp_trivially_relocatable instead [-Wdeprecated-builtins]
  511 |     : std::integral_constant<bool, __is_trivially_relocatable(T)> {};
      |                                    ^
/Users/buddhirajgautam/Documents/Cherrygram-Mac/macOS-Swift/submodules/tgcalls/SharedHeaders/webrtc/third_party/abseil-cpp/absl/meta/type_traits.h:511:36: warning: builtin __is_trivially_relocatable is deprecated; use __builtin_is_cpp_trivially_relocatable instead [-Wdeprecated-builtins]
In file included from /Users/buddhirajgautam/Documents/Cherrygram-Mac/macOS-Swift/submodules/tgcalls/tgcalls/FakeVideoTrackSource.cpp:5:
In file included from /Users/buddhirajgautam/Documents/Cherrygram-Mac/macOS-Swift/submodules/tgcalls/SharedHeaders/webrtc/pc/video_track_source.h:22:
In file included from /Users/buddhirajgautam/Documents/Cherrygram-Mac/macOS-Swift/submodules/tgcalls/SharedHeaders/webrtc/media/base/media_channel.h:27:
In file included from /Users/buddhirajgautam/Documents/Cherrygram-Mac/macOS-Swift/submodules/tgcalls/SharedHeaders/webrtc/api/frame_transformer_interface.h:19:
In file included from /Users/buddhirajgautam/Documents/Cherrygram-Mac/macOS-Swift/submodules/tgcalls/SharedHeaders/webrtc/api/video/encoded_frame.h:21:
In file included from /Users/buddhirajgautam/Documents/Cherrygram-Mac/macOS-Swift/submodules/tgcalls/SharedHeaders/webrtc/modules/rtp_rtcp/source/rtp_video_header.h:16:
In file included from /Users/buddhirajgautam/Documents/Cherrygram-Mac/macOS-Swift/submodules/tgcalls/SharedHeaders/webrtc/third_party/abseil-cpp/absl/container/inlined_vector.h:53:
/Users/buddhirajgautam/Documents/Cherrygram-Mac/macOS-Swift/submodules/tgcalls/SharedHeaders/webrtc/third_party/abseil-cpp/absl/container/internal/inlined_vector.h:522:22: note: in instantiation of template class 'absl::is_trivially_relocatable<webrtc::DecodeTargetIndication>' requested here
  522 |                absl::is_trivially_relocatable<V>::value ||
      |                      ^
In file included from /Users/buddhirajgautam/Documents/Cherrygram-Mac/macOS-Swift/submodules/tgcalls/tgcalls/FakeVideoTrackSource.cpp:3:
In file included from /Users/buddhirajgautam/Documents/Cherrygram-Mac/macOS-Swift/submodules/tgcalls/SharedHeaders/webrtc/api/video/i420_buffer.h:19:
In file included from /Users/buddhirajgautam/Documents/Cherrygram-Mac/macOS-Swift/submodules/tgcalls/SharedHeaders/webrtc/api/video/video_frame_buffer.h:16:
In file included from /Users/buddhirajgautam/Documents/Cherrygram-Mac/macOS-Swift/submodules/tgcalls/SharedHeaders/webrtc/api/array_view.h:19:
In file included from /Users/buddhirajgautam/Documents/Cherrygram-Mac/macOS-Swift/submodules/tgcalls/SharedHeaders/webrtc/rtc_base/checks.h:58:
In file included from /Users/buddhirajgautam/Documents/Cherrygram-Mac/macOS-Swift/submodules/tgcalls/SharedHeaders/webrtc/third_party/abseil-cpp/absl/strings/string_view.h:43:
/Users/buddhirajgautam/Documents/Cherrygram-Mac/macOS-Swift/submodules/tgcalls/SharedHeaders/webrtc/third_party/abseil-cpp/absl/base/macros.h:128:49: note: expanded from macro 'ABSL_HARDENING_ASSERT'
  128 | #define ABSL_HARDENING_ASSERT(expr) ABSL_ASSERT(expr)
      |                                                 ^
/Users/buddhirajgautam/Documents/Cherrygram-Mac/macOS-Swift/submodules/tgcalls/SharedHeaders/webrtc/third_party/abseil-cpp/absl/base/macros.h:95:30: note: expanded from macro 'ABSL_ASSERT'
   95 |   (false ? static_cast<void>(expr) : static_cast<void>(0))
      |                              ^
In file included from /Users/buddhirajgautam/Documents/Cherrygram-Mac/macOS-Swift/submodules/tgcalls/tgcalls/FakeVideoTrackSource.cpp:5:
In file included from /Users/buddhirajgautam/Documents/Cherrygram-Mac/macOS-Swift/submodules/tgcalls/SharedHeaders/webrtc/pc/video_track_source.h:22:
In file included from /Users/buddhirajgautam/Documents/Cherrygram-Mac/macOS-Swift/submodules/tgcalls/SharedHeaders/webrtc/media/base/media_channel.h:27:
In file included from /Users/buddhirajgautam/Documents/Cherrygram-Mac/macOS-Swift/submodules/tgcalls/SharedHeaders/webrtc/api/frame_transformer_interface.h:19:
In file included from /Users/buddhirajgautam/Documents/Cherrygram-Mac/macOS-Swift/submodules/tgcalls/SharedHeaders/webrtc/api/video/encoded_frame.h:21:
In file included from /Users/buddhirajgautam/Documents/Cherrygram-Mac/macOS-Swift/submodules/tgcalls/SharedHeaders/webrtc/modules/rtp_rtcp/source/rtp_video_header.h:16:
/Users/buddhirajgautam/Documents/Cherrygram-Mac/macOS-Swift/submodules/tgcalls/SharedHeaders/webrtc/third_party/abseil-cpp/absl/container/inlined_vector.h:856:14: note: in instantiation of member function 'absl::inlined_vector_internal::Storage<webrtc::DecodeTargetIndication, 10, std::allocator<webrtc::DecodeTargetIndication>>::MemcpyFrom' requested here
  856 |     storage_.MemcpyFrom(other.storage_);
      |              ^
/Users/buddhirajgautam/Documents/Cherrygram-Mac/macOS-Swift/submodules/tgcalls/SharedHeaders/webrtc/third_party/abseil-cpp/absl/container/inlined_vector.h:548:7: note: in instantiation of member function 'absl::InlinedVector<webrtc::DecodeTargetIndication, 10>::MoveAssignment' requested here
  548 |       MoveAssignment(MoveAssignmentPolicy{}, std::move(other));
      |       ^
In file included from /Users/buddhirajgautam/Documents/Cherrygram-Mac/macOS-Swift/submodules/tgcalls/tgcalls/FakeVideoTrackSource.cpp:5:
In file included from /Users/buddhirajgautam/Documents/Cherrygram-Mac/macOS-Swift/submodules/tgcalls/SharedHeaders/webrtc/pc/video_track_source.h:22:
In file included from /Users/buddhirajgautam/Documents/Cherrygram-Mac/macOS-Swift/submodules/tgcalls/SharedHeaders/webrtc/media/base/media_channel.h:27:
In file included from /Users/buddhirajgautam/Documents/Cherrygram-Mac/macOS-Swift/submodules/tgcalls/SharedHeaders/webrtc/api/frame_transformer_interface.h:19:
In file included from /Users/buddhirajgautam/Documents/Cherrygram-Mac/macOS-Swift/submodules/tgcalls/SharedHeaders/webrtc/api/video/encoded_frame.h:21:
In file included from /Users/buddhirajgautam/Documents/Cherrygram-Mac/macOS-Swift/submodules/tgcalls/SharedHeaders/webrtc/modules/rtp_rtcp/source/rtp_video_header.h:20:
/Users/buddhirajgautam/Documents/Cherrygram-Mac/macOS-Swift/submodules/tgcalls/SharedHeaders/webrtc/api/transport/rtp/dependency_descriptor.h:133:35: note: in instantiation of member function 'absl::InlinedVector<webrtc::DecodeTargetIndication, 10>::operator=' requested here
  133 |   this->decode_target_indications =
      |                                   ^
In file included from /Users/buddhirajgautam/Documents/Cherrygram-Mac/macOS-Swift/submodules/tgcalls/tgcalls/FakeVideoTrackSource.cpp:3:
In file included from /Users/buddhirajgautam/Documents/Cherrygram-Mac/macOS-Swift/submodules/tgcalls/SharedHeaders/webrtc/api/video/i420_buffer.h:19:
In file included from /Users/buddhirajgautam/Documents/Cherrygram-Mac/macOS-Swift/submodules/tgcalls/SharedHeaders/webrtc/api/video/video_frame_buffer.h:16:
In file included from /Users/buddhirajgautam/Documents/Cherrygram-Mac/macOS-Swift/submodules/tgcalls/SharedHeaders/webrtc/api/array_view.h:19:
In file included from /Users/buddhirajgautam/Documents/Cherrygram-Mac/macOS-Swift/submodules/tgcalls/SharedHeaders/webrtc/rtc_base/checks.h:57:
/Users/buddhirajgautam/Documents/Cherrygram-Mac/macOS-Swift/submodules/tgcalls/SharedHeaders/webrtc/third_party/abseil-cpp/absl/meta/type_traits.h:511:36: warning: builtin __is_trivially_relocatable is deprecated; use __builtin_is_cpp_trivially_relocatable instead [-Wdeprecated-builtins]
  511 |     : std::integral_constant<bool, __is_trivially_relocatable(T)> {};
      |                                    ^
In file included from /Users/buddhirajgautam/Documents/Cherrygram-Mac/macOS-Swift/submodules/tgcalls/tgcalls/FakeVideoTrackSource.cpp:5:
In file included from /Users/buddhirajgautam/Documents/Cherrygram-Mac/macOS-Swift/submodules/tgcalls/SharedHeaders/webrtc/pc/video_track_source.h:22:
In file included from /Users/buddhirajgautam/Documents/Cherrygram-Mac/macOS-Swift/submodules/tgcalls/SharedHeaders/webrtc/media/base/media_channel.h:27:
In file included from /Users/buddhirajgautam/Documents/Cherrygram-Mac/macOS-Swift/submodules/tgcalls/SharedHeaders/webrtc/api/frame_transformer_interface.h:19:
In file included from /Users/buddhirajgautam/Documents/Cherrygram-Mac/macOS-Swift/submodules/tgcalls/SharedHeaders/webrtc/api/video/encoded_frame.h:21:
In file included from /Users/buddhirajgautam/Documents/Cherrygram-Mac/macOS-Swift/submodules/tgcalls/SharedHeaders/webrtc/modules/rtp_rtcp/source/rtp_video_header.h:16:
In file included from /Users/buddhirajgautam/Documents/Cherrygram-Mac/macOS-Swift/submodules/tgcalls/SharedHeaders/webrtc/third_party/abseil-cpp/absl/container/inlined_vector.h:53:
/Users/buddhirajgautam/Documents/Cherrygram-Mac/macOS-Swift/submodules/tgcalls/SharedHeaders/webrtc/third_party/abseil-cpp/absl/container/internal/inlined_vector.h:522:22: note: in instantiation of template class 'absl::is_trivially_relocatable<int>' requested here
  522 |                absl::is_trivially_relocatable<V>::value ||
      |                      ^
In file included from /Users/buddhirajgautam/Documents/Cherrygram-Mac/macOS-Swift/submodules/tgcalls/tgcalls/FakeVideoTrackSource.cpp:3:
In file included from /Users/buddhirajgautam/Documents/Cherrygram-Mac/macOS-Swift/submodules/tgcalls/SharedHeaders/webrtc/api/video/i420_buffer.h:19:
In file included from /Users/buddhirajgautam/Documents/Cherrygram-Mac/macOS-Swift/submodules/tgcalls/SharedHeaders/webrtc/api/video/video_frame_buffer.h:16:
In file included from /Users/buddhirajgautam/Documents/Cherrygram-Mac/macOS-Swift/submodules/tgcalls/SharedHeaders/webrtc/api/array_view.h:19:
In file included from /Users/buddhirajgautam/Documents/Cherrygram-Mac/macOS-Swift/submodules/tgcalls/SharedHeaders/webrtc/rtc_base/checks.h:58:
In file included from /Users/buddhirajgautam/Documents/Cherrygram-Mac/macOS-Swift/submodules/tgcalls/SharedHeaders/webrtc/third_party/abseil-cpp/absl/strings/string_view.h:43:
/Users/buddhirajgautam/Documents/Cherrygram-Mac/macOS-Swift/submodules/tgcalls/SharedHeaders/webrtc/third_party/abseil-cpp/absl/base/macros.h:128:49: note: expanded from macro 'ABSL_HARDENING_ASSERT'
  128 | #define ABSL_HARDENING_ASSERT(expr) ABSL_ASSERT(expr)
      |                                                 ^
/Users/buddhirajgautam/Documents/Cherrygram-Mac/macOS-Swift/submodules/tgcalls/SharedHeaders/webrtc/third_party/abseil-cpp/absl/base/macros.h:95:30: note: expanded from macro 'ABSL_ASSERT'
   95 |   (false ? static_cast<void>(expr) : static_cast<void>(0))
      |                              ^
In file included from /Users/buddhirajgautam/Documents/Cherrygram-Mac/macOS-Swift/submodules/tgcalls/tgcalls/FakeVideoTrackSource.cpp:5:
In file included from /Users/buddhirajgautam/Documents/Cherrygram-Mac/macOS-Swift/submodules/tgcalls/SharedHeaders/webrtc/pc/video_track_source.h:22:
In file included from /Users/buddhirajgautam/Documents/Cherrygram-Mac/macOS-Swift/submodules/tgcalls/SharedHeaders/webrtc/media/base/media_channel.h:27:
In file included from /Users/buddhirajgautam/Documents/Cherrygram-Mac/macOS-Swift/submodules/tgcalls/SharedHeaders/webrtc/api/frame_transformer_interface.h:19:
In file included from /Users/buddhirajgautam/Documents/Cherrygram-Mac/macOS-Swift/submodules/tgcalls/SharedHeaders/webrtc/api/video/encoded_frame.h:21:
In file included from /Users/buddhirajgautam/Documents/Cherrygram-Mac/macOS-Swift/submodules/tgcalls/SharedHeaders/webrtc/modules/rtp_rtcp/source/rtp_video_header.h:16:
/Users/buddhirajgautam/Documents/Cherrygram-Mac/macOS-Swift/submodules/tgcalls/SharedHeaders/webrtc/third_party/abseil-cpp/absl/container/inlined_vector.h:195:16: note: in instantiation of member function 'absl::inlined_vector_internal::Storage<int, 4, std::allocator<int>>::MemcpyFrom' requested here
  195 |       storage_.MemcpyFrom(other.storage_);
      |                ^
/Users/buddhirajgautam/Documents/Cherrygram-Mac/macOS-Swift/submodules/tgcalls/SharedHeaders/webrtc/third_party/abseil-cpp/absl/container/inlined_vector.h:177:9: note: in instantiation of member function 'absl::InlinedVector<int, 4>::InlinedVector' requested here
  177 |       : InlinedVector(other, other.storage_.GetAllocator()) {}
      |         ^
In file included from /Users/buddhirajgautam/Documents/Cherrygram-Mac/macOS-Swift/submodules/tgcalls/tgcalls/FakeVideoTrackSource.cpp:5:
In file included from /Users/buddhirajgautam/Documents/Cherrygram-Mac/macOS-Swift/submodules/tgcalls/SharedHeaders/webrtc/pc/video_track_source.h:22:
In file included from /Users/buddhirajgautam/Documents/Cherrygram-Mac/macOS-Swift/submodules/tgcalls/SharedHeaders/webrtc/media/base/media_channel.h:27:
In file included from /Users/buddhirajgautam/Documents/Cherrygram-Mac/macOS-Swift/submodules/tgcalls/SharedHeaders/webrtc/api/frame_transformer_interface.h:19:
In file included from /Users/buddhirajgautam/Documents/Cherrygram-Mac/macOS-Swift/submodules/tgcalls/SharedHeaders/webrtc/api/video/encoded_frame.h:21:
In file included from /Users/buddhirajgautam/Documents/Cherrygram-Mac/macOS-Swift/submodules/tgcalls/SharedHeaders/webrtc/modules/rtp_rtcp/source/rtp_video_header.h:20:
/Users/buddhirajgautam/Documents/Cherrygram-Mac/macOS-Swift/submodules/tgcalls/SharedHeaders/webrtc/api/transport/rtp/dependency_descriptor.h:37:8: note: in instantiation of member function 'absl::InlinedVector<int, 4>::InlinedVector' requested here
   37 | struct FrameDependencyTemplate {
      |        ^
In file included from /Users/buddhirajgautam/Documents/Cherrygram-Mac/macOS-Swift/submodules/tgcalls/tgcalls/FakeVideoTrackSource.cpp:3:
In file included from /Users/buddhirajgautam/Documents/Cherrygram-Mac/macOS-Swift/submodules/tgcalls/SharedHeaders/webrtc/api/video/i420_buffer.h:19:
In file included from /Users/buddhirajgautam/Documents/Cherrygram-Mac/macOS-Swift/submodules/tgcalls/SharedHeaders/webrtc/api/video/video_frame_buffer.h:16:
In file included from /Users/buddhirajgautam/Documents/Cherrygram-Mac/macOS-Swift/submodules/tgcalls/SharedHeaders/webrtc/api/array_view.h:19:
In file included from /Users/buddhirajgautam/Documents/Cherrygram-Mac/macOS-Swift/submodules/tgcalls/SharedHeaders/webrtc/rtc_base/checks.h:57:
/Users/buddhirajgautam/Documents/Cherrygram-Mac/macOS-Swift/submodules/tgcalls/SharedHeaders/webrtc/third_party/abseil-cpp/absl/meta/type_traits.h:511:36: warning: builtin __is_trivially_relocatable is deprecated; use __builtin_is_cpp_trivially_relocatable instead [-Wdeprecated-builtins]
  511 |     : std::integral_constant<bool, __is_trivially_relocatable(T)> {};
      |                                    ^
In file included from /Users/buddhirajgautam/Documents/Cherrygram-Mac/macOS-Swift/submodules/tgcalls/tgcalls/FakeVideoTrackSource.cpp:5:
In file included from /Users/buddhirajgautam/Documents/Cherrygram-Mac/macOS-Swift/submodules/tgcalls/SharedHeaders/webrtc/pc/video_track_source.h:22:
In file included from /Users/buddhirajgautam/Documents/Cherrygram-Mac/macOS-Swift/submodules/tgcalls/SharedHeaders/webrtc/media/base/media_channel.h:27:
In file included from /Users/buddhirajgautam/Documents/Cherrygram-Mac/macOS-Swift/submodules/tgcalls/SharedHeaders/webrtc/api/frame_transformer_interface.h:19:
In file included from /Users/buddhirajgautam/Documents/Cherrygram-Mac/macOS-Swift/submodules/tgcalls/SharedHeaders/webrtc/api/video/encoded_frame.h:21:
In file included from /Users/buddhirajgautam/Documents/Cherrygram-Mac/macOS-Swift/submodules/tgcalls/SharedHeaders/webrtc/modules/rtp_rtcp/source/rtp_video_header.h:16:
In file included from /Users/buddhirajgautam/Documents/Cherrygram-Mac/macOS-Swift/submodules/tgcalls/SharedHeaders/webrtc/third_party/abseil-cpp/absl/container/inlined_vector.h:53:
/Users/buddhirajgautam/Documents/Cherrygram-Mac/macOS-Swift/submodules/tgcalls/SharedHeaders/webrtc/third_party/abseil-cpp/absl/container/internal/inlined_vector.h:522:22: note: in instantiation of template class 'absl::is_trivially_relocatable<webrtc::RenderResolution>' requested here
  522 |                absl::is_trivially_relocatable<V>::value ||
      |                      ^
In file included from /Users/buddhirajgautam/Documents/Cherrygram-Mac/macOS-Swift/submodules/tgcalls/tgcalls/FakeVideoTrackSource.cpp:3:
In file included from /Users/buddhirajgautam/Documents/Cherrygram-Mac/macOS-Swift/submodules/tgcalls/SharedHeaders/webrtc/api/video/i420_buffer.h:19:
In file included from /Users/buddhirajgautam/Documents/Cherrygram-Mac/macOS-Swift/submodules/tgcalls/SharedHeaders/webrtc/api/video/video_frame_buffer.h:16:
In file included from /Users/buddhirajgautam/Documents/Cherrygram-Mac/macOS-Swift/submodules/tgcalls/SharedHeaders/webrtc/api/array_view.h:19:
In file included from /Users/buddhirajgautam/Documents/Cherrygram-Mac/macOS-Swift/submodules/tgcalls/SharedHeaders/webrtc/rtc_base/checks.h:58:
In file included from /Users/buddhirajgautam/Documents/Cherrygram-Mac/macOS-Swift/submodules/tgcalls/SharedHeaders/webrtc/third_party/abseil-cpp/absl/strings/string_view.h:43:
/Users/buddhirajgautam/Documents/Cherrygram-Mac/macOS-Swift/submodules/tgcalls/SharedHeaders/webrtc/third_party/abseil-cpp/absl/base/macros.h:128:49: note: expanded from macro 'ABSL_HARDENING_ASSERT'
  128 | #define ABSL_HARDENING_ASSERT(expr) ABSL_ASSERT(expr)
      |                                                 ^
/Users/buddhirajgautam/Documents/Cherrygram-Mac/macOS-Swift/submodules/tgcalls/SharedHeaders/webrtc/third_party/abseil-cpp/absl/base/macros.h:95:30: note: expanded from macro 'ABSL_ASSERT'
   95 |   (false ? static_cast<void>(expr) : static_cast<void>(0))
      |                              ^
In file included from /Users/buddhirajgautam/Documents/Cherrygram-Mac/macOS-Swift/submodules/tgcalls/tgcalls/FakeVideoTrackSource.cpp:5:
In file included from /Users/buddhirajgautam/Documents/Cherrygram-Mac/macOS-Swift/submodules/tgcalls/SharedHeaders/webrtc/pc/video_track_source.h:22:
In file included from /Users/buddhirajgautam/Documents/Cherrygram-Mac/macOS-Swift/submodules/tgcalls/SharedHeaders/webrtc/media/base/media_channel.h:27:
In file included from /Users/buddhirajgautam/Documents/Cherrygram-Mac/macOS-Swift/submodules/tgcalls/SharedHeaders/webrtc/api/frame_transformer_interface.h:19:
In file included from /Users/buddhirajgautam/Documents/Cherrygram-Mac/macOS-Swift/submodules/tgcalls/SharedHeaders/webrtc/api/video/encoded_frame.h:21:
In file included from /Users/buddhirajgautam/Documents/Cherrygram-Mac/macOS-Swift/submodules/tgcalls/SharedHeaders/webrtc/modules/rtp_rtcp/source/rtp_video_header.h:16:
/Users/buddhirajgautam/Documents/Cherrygram-Mac/macOS-Swift/submodules/tgcalls/SharedHeaders/webrtc/third_party/abseil-cpp/absl/container/inlined_vector.h:195:16: note: in instantiation of member function 'absl::inlined_vector_internal::Storage<webrtc::RenderResolution, 4, std::allocator<webrtc::RenderResolution>>::MemcpyFrom' requested here
  195 |       storage_.MemcpyFrom(other.storage_);
      |                ^
/Users/buddhirajgautam/Documents/Cherrygram-Mac/macOS-Swift/submodules/tgcalls/SharedHeaders/webrtc/third_party/abseil-cpp/absl/container/inlined_vector.h:177:9: note: in instantiation of member function 'absl::InlinedVector<webrtc::RenderResolution, 4>::InlinedVector' requested here
  177 |       : InlinedVector(other, other.storage_.GetAllocator()) {}
      |         ^
In file included from /Users/buddhirajgautam/Documents/Cherrygram-Mac/macOS-Swift/submodules/tgcalls/tgcalls/FakeVideoTrackSource.cpp:5:
In file included from /Users/buddhirajgautam/Documents/Cherrygram-Mac/macOS-Swift/submodules/tgcalls/SharedHeaders/webrtc/pc/video_track_source.h:22:
In file included from /Users/buddhirajgautam/Documents/Cherrygram-Mac/macOS-Swift/submodules/tgcalls/SharedHeaders/webrtc/media/base/media_channel.h:27:
In file included from /Users/buddhirajgautam/Documents/Cherrygram-Mac/macOS-Swift/submodules/tgcalls/SharedHeaders/webrtc/api/frame_transformer_interface.h:19:
In file included from /Users/buddhirajgautam/Documents/Cherrygram-Mac/macOS-Swift/submodules/tgcalls/SharedHeaders/webrtc/api/video/encoded_frame.h:21:
In file included from /Users/buddhirajgautam/Documents/Cherrygram-Mac/macOS-Swift/submodules/tgcalls/SharedHeaders/webrtc/modules/rtp_rtcp/source/rtp_video_header.h:20:
/Users/buddhirajgautam/Documents/Cherrygram-Mac/macOS-Swift/submodules/tgcalls/SharedHeaders/webrtc/api/transport/rtp/dependency_descriptor.h:61:8: note: in instantiation of member function 'absl::InlinedVector<webrtc::RenderResolution, 4>::InlinedVector' requested here
   61 | struct FrameDependencyStructure {
      |        ^
4 warnings generated.

CompileC /Users/buddhirajgautam/Library/Developer/Xcode/DerivedData/Telegram-Mac-fygdgghdgmuleoelvxabfmqiotta/Build/Intermediates.noindex/TgVoipWebrtc.build/Debug/TgVoipWebrtc-t.build/Objects-normal/arm64/FakeAudioDeviceModule.o /Users/buddhirajgautam/Documents/Cherrygram-Mac/macOS-Swift/submodules/tgcalls/tgcalls/FakeAudioDeviceModule.cpp normal arm64 c++ com.apple.compilers.llvm.clang.1_0.compiler (in target 'TgVoipWebrtc' from project 'TgVoipWebrtc')
    cd /Users/buddhirajgautam/Documents/Cherrygram-Mac/macOS-Swift
    
    Using response file: /Users/buddhirajgautam/Library/Developer/Xcode/DerivedData/Telegram-Mac-fygdgghdgmuleoelvxabfmqiotta/Build/Intermediates.noindex/TgVoipWebrtc.build/Debug/TgVoipWebrtc-t.build/Objects-normal/arm64/82b82416624d2658e5098eb0a28c15c5-common-args.resp
    
    /Applications/Xcode.app/Contents/Developer/Toolchains/XcodeDefault.xctoolchain/usr/bin/clang -x c++ -ivfsstatcache /Users/buddhirajgautam/Library/Developer/Xcode/DerivedData/SDKStatCaches.noindex/macosx27.0-26A425-e829b21a6f8c9b70876ba0858053c0447231f6df4def33e022ae2eb8f782df1a.sdkstatcache -target arm64-apple-macos12.0 -fmessage-length\=0 -fdiagnostics-show-note-include-stack -fmacro-backtrace-limit\=0 -fno-color-diagnostics -fmodules-prune-interval\=86400 -fmodules-prune-after\=345600 -fbuild-session-file\=/Users/buddhirajgautam/Library/Developer/Xcode/DerivedData/ModuleCache.noindex/Session.modulevalidation -fmodules-validate-once-per-build-session -Wnon-modular-include-in-framework-module -Werror\=non-modular-include-in-framework-module -Wno-trigraphs -Wno-missing-field-initializers -Wno-missing-prototypes -Wno-return-type -Wno-non-virtual-dtor -Wno-overloaded-virtual -Wno-exit-time-destructors -Wno-missing-braces -Wparentheses -Wswitch -Wno-unused-function -Wno-unused-label -Wno-unused-parameter -Wno-unused-variable -Wunused-value -Wno-empty-body -Wno-uninitialized -Wno-unknown-pragmas -Wno-shadow -Wno-four-char-constants -Wno-conversion -Wno-constant-conversion -Wno-int-conversion -Wno-bool-conversion -Wno-enum-conversion -Wno-float-conversion -Wno-non-literal-null-conversion -Wno-objc-literal-conversion -Wshorten-64-to-32 -Wno-newline-eof -Wno-c++11-extensions -Wno-implicit-fallthrough -isysroot /Applications/Xcode.app/Contents/Developer/Platforms/MacOSX.platform/Developer/SDKs/MacOSX27.0.sdk -fstrict-aliasing -Wdeprecated-declarations -Winvalid-offsetof -Wno-sign-conversion -Wno-infinite-recursion -Wno-move -Wno-comma -Wno-block-capture-autoreleasing -Wno-strict-prototypes -Wno-range-loop-analysis -Wno-semicolon-before-method-body -index-store-path /Users/buddhirajgautam/Library/Developer/Xcode/DerivedData/Telegram-Mac-fygdgghdgmuleoelvxabfmqiotta/Index.noindex/DataStore @/Users/buddhirajgautam/Library/Developer/Xcode/DerivedData/Telegram-Mac-fygdgghdgmuleoelvxabfmqiotta/Build/Intermediates.noindex/TgVoipWebrtc.build/Debug/TgVoipWebrtc-t.build/Objects-normal/arm64/82b82416624d2658e5098eb0a28c15c5-common-args.resp -MMD -MT dependencies -MF /Users/buddhirajgautam/Library/Developer/Xcode/DerivedData/Telegram-Mac-fygdgghdgmuleoelvxabfmqiotta/Build/Intermediates.noindex/TgVoipWebrtc.build/Debug/TgVoipWebrtc-t.build/Objects-normal/arm64/FakeAudioDeviceModule.d --serialize-diagnostics /Users/buddhirajgautam/Library/Developer/Xcode/DerivedData/Telegram-Mac-fygdgghdgmuleoelvxabfmqiotta/Build/Intermediates.noindex/TgVoipWebrtc.build/Debug/TgVoipWebrtc-t.build/Objects-normal/arm64/FakeAudioDeviceModule.dia -c /Users/buddhirajgautam/Documents/Cherrygram-Mac/macOS-Swift/submodules/tgcalls/tgcalls/FakeAudioDeviceModule.cpp -o /Users/buddhirajgautam/Library/Developer/Xcode/DerivedData/Telegram-Mac-fygdgghdgmuleoelvxabfmqiotta/Build/Intermediates.noindex/TgVoipWebrtc.build/Debug/TgVoipWebrtc-t.build/Objects-normal/arm64/FakeAudioDeviceModule.o -index-unit-output-path /TgVoipWebrtc.build/Debug/TgVoipWebrtc-t.build/Objects-normal/arm64/FakeAudioDeviceModule.o
In file included from /Users/buddhirajgautam/Documents/Cherrygram-Mac/macOS-Swift/submodules/tgcalls/tgcalls/FakeAudioDeviceModule.cpp:3:
In file included from /Users/buddhirajgautam/Documents/Cherrygram-Mac/macOS-Swift/submodules/tgcalls/SharedHeaders/webrtc/modules/audio_device/include/audio_device_default.h:14:
In file included from /Users/buddhirajgautam/Documents/Cherrygram-Mac/macOS-Swift/submodules/tgcalls/SharedHeaders/webrtc/modules/audio_device/include/audio_device.h:14:
In file included from /Users/buddhirajgautam/Documents/Cherrygram-Mac/macOS-Swift/submodules/tgcalls/SharedHeaders/webrtc/third_party/abseil-cpp/absl/types/optional.h:39:
In file included from /Users/buddhirajgautam/Documents/Cherrygram-Mac/macOS-Swift/submodules/tgcalls/SharedHeaders/webrtc/third_party/abseil-cpp/absl/utility/utility.h:45:
/Users/buddhirajgautam/Documents/Cherrygram-Mac/macOS-Swift/submodules/tgcalls/SharedHeaders/webrtc/third_party/abseil-cpp/absl/meta/type_traits.h:511:36: warning: builtin __is_trivially_relocatable is deprecated; use __builtin_is_cpp_trivially_relocatable instead [-Wdeprecated-builtins]
  511 |     : std::integral_constant<bool, __is_trivially_relocatable(T)> {};
      |                                    ^
1 warning generated.

CompileC /Users/buddhirajgautam/Library/Developer/Xcode/DerivedData/Telegram-Mac-fygdgghdgmuleoelvxabfmqiotta/Build/Intermediates.noindex/TgVoipWebrtc.build/Debug/TgVoipWebrtc-t.build/Objects-normal/arm64/ExtractCVPixelBuffer.o /Users/buddhirajgautam/Documents/Cherrygram-Mac/macOS-Swift/submodules/tgcalls/tgcalls/platform/darwin/ExtractCVPixelBuffer.mm normal arm64 objective-c++ com.apple.compilers.llvm.clang.1_0.compiler (in target 'TgVoipWebrtc' from project 'TgVoipWebrtc')
    cd /Users/buddhirajgautam/Documents/Cherrygram-Mac/macOS-Swift
    
    Using response file: /Users/buddhirajgautam/Library/Developer/Xcode/DerivedData/Telegram-Mac-fygdgghdgmuleoelvxabfmqiotta/Build/Intermediates.noindex/TgVoipWebrtc.build/Debug/TgVoipWebrtc-t.build/Objects-normal/arm64/af3fcb34312c57c0f52879cdce924b91-common-args.resp
    
    /Applications/Xcode.app/Contents/Developer/Toolchains/XcodeDefault.xctoolchain/usr/bin/clang -x objective-c++ -ivfsstatcache /Users/buddhirajgautam/Library/Developer/Xcode/DerivedData/SDKStatCaches.noindex/macosx27.0-26A425-e829b21a6f8c9b70876ba0858053c0447231f6df4def33e022ae2eb8f782df1a.sdkstatcache -target arm64-apple-macos12.0 -fmessage-length\=0 -fdiagnostics-show-note-include-stack -fmacro-backtrace-limit\=0 -fno-color-diagnostics -fmodules-prune-interval\=86400 -fmodules-prune-after\=345600 -fbuild-session-file\=/Users/buddhirajgautam/Library/Developer/Xcode/DerivedData/ModuleCache.noindex/Session.modulevalidation -fmodules-validate-once-per-build-session -Wnon-modular-include-in-framework-module -Werror\=non-modular-include-in-framework-module -Wno-trigraphs -Wno-missing-field-initializers -Wno-missing-prototypes -Wno-return-type -Wno-implicit-atomic-properties -Wno-objc-interface-ivars -Wno-arc-repeated-use-of-weak -Wno-non-virtual-dtor -Wno-overloaded-virtual -Wno-exit-time-destructors -Wno-missing-braces -Wparentheses -Wswitch -Wno-unused-function -Wno-unused-label -Wno-unused-parameter -Wno-unused-variable -Wunused-value -Wno-empty-body -Wno-uninitialized -Wno-unknown-pragmas -Wno-shadow -Wno-four-char-constants -Wno-conversion -Wno-constant-conversion -Wno-int-conversion -Wno-bool-conversion -Wno-enum-conversion -Wno-float-conversion -Wno-non-literal-null-conversion -Wno-objc-literal-conversion -Wshorten-64-to-32 -Wno-newline-eof -Wno-selector -Wno-strict-selector-match -Wno-undeclared-selector -Wno-deprecated-implementations -Wno-c++11-extensions -Wno-implicit-fallthrough -isysroot /Applications/Xcode.app/Contents/Developer/Platforms/MacOSX.platform/Developer/SDKs/MacOSX27.0.sdk -fstrict-aliasing -Wprotocol -Wdeprecated-declarations -Winvalid-offsetof -Wno-sign-conversion -Wno-infinite-recursion -Wno-move -Wno-comma -Wno-block-capture-autoreleasing -Wno-strict-prototypes -Wno-range-loop-analysis -Wno-semicolon-before-method-body -index-store-path /Users/buddhirajgautam/Library/Developer/Xcode/DerivedData/Telegram-Mac-fygdgghdgmuleoelvxabfmqiotta/Index.noindex/DataStore @/Users/buddhirajgautam/Library/Developer/Xcode/DerivedData/Telegram-Mac-fygdgghdgmuleoelvxabfmqiotta/Build/Intermediates.noindex/TgVoipWebrtc.build/Debug/TgVoipWebrtc-t.build/Objects-normal/arm64/af3fcb34312c57c0f52879cdce924b91-common-args.resp -MMD -MT dependencies -MF /Users/buddhirajgautam/Library/Developer/Xcode/DerivedData/Telegram-Mac-fygdgghdgmuleoelvxabfmqiotta/Build/Intermediates.noindex/TgVoipWebrtc.build/Debug/TgVoipWebrtc-t.build/Objects-normal/arm64/ExtractCVPixelBuffer.d --serialize-diagnostics /Users/buddhirajgautam/Library/Developer/Xcode/DerivedData/Telegram-Mac-fygdgghdgmuleoelvxabfmqiotta/Build/Intermediates.noindex/TgVoipWebrtc.build/Debug/TgVoipWebrtc-t.build/Objects-normal/arm64/ExtractCVPixelBuffer.dia -c /Users/buddhirajgautam/Documents/Cherrygram-Mac/macOS-Swift/submodules/tgcalls/tgcalls/platform/darwin/ExtractCVPixelBuffer.mm -o /Users/buddhirajgautam/Library/Developer/Xcode/DerivedData/Telegram-Mac-fygdgghdgmuleoelvxabfmqiotta/Build/Intermediates.noindex/TgVoipWebrtc.build/Debug/TgVoipWebrtc-t.build/Objects-normal/arm64/ExtractCVPixelBuffer.o -index-unit-output-path /TgVoipWebrtc.build/Debug/TgVoipWebrtc-t.build/Objects-normal/arm64/ExtractCVPixelBuffer.o
In file included from /Users/buddhirajgautam/Documents/Cherrygram-Mac/macOS-Swift/submodules/tgcalls/tgcalls/platform/darwin/ExtractCVPixelBuffer.mm:1:
In file included from /Users/buddhirajgautam/Documents/Cherrygram-Mac/macOS-Swift/submodules/tgcalls/tgcalls/platform/darwin/ExtractCVPixelBuffer.h:4:
In file included from /Users/buddhirajgautam/Documents/Cherrygram-Mac/macOS-Swift/submodules/tgcalls/tgcalls/platform/PlatformInterface.h:4:
In file included from /Users/buddhirajgautam/Documents/Cherrygram-Mac/macOS-Swift/submodules/tgcalls/SharedHeaders/webrtc/rtc_base/thread.h:26:
In file included from /Users/buddhirajgautam/Documents/Cherrygram-Mac/macOS-Swift/submodules/tgcalls/SharedHeaders/webrtc/third_party/abseil-cpp/absl/strings/string_view.h:40:
In file included from /Users/buddhirajgautam/Documents/Cherrygram-Mac/macOS-Swift/submodules/tgcalls/SharedHeaders/webrtc/third_party/abseil-cpp/absl/base/nullability.h:153:
In file included from /Users/buddhirajgautam/Documents/Cherrygram-Mac/macOS-Swift/submodules/tgcalls/SharedHeaders/webrtc/third_party/abseil-cpp/absl/base/internal/nullability_impl.h:22:
/Users/buddhirajgautam/Documents/Cherrygram-Mac/macOS-Swift/submodules/tgcalls/SharedHeaders/webrtc/third_party/abseil-cpp/absl/meta/type_traits.h:511:36: warning: builtin __is_trivially_relocatable is deprecated; use __builtin_is_cpp_trivially_relocatable instead [-Wdeprecated-builtins]
  511 |     : std::integral_constant<bool, __is_trivially_relocatable(T)> {};
      |                                    ^
1 warning generated.

CompileC /Users/buddhirajgautam/Library/Developer/Xcode/DerivedData/Telegram-Mac-fygdgghdgmuleoelvxabfmqiotta/Build/Intermediates.noindex/TgVoipWebrtc.build/Debug/TgVoipWebrtc-t.build/Objects-normal/arm64/ExternalSignalingConnection.o /Users/buddhirajgautam/Documents/Cherrygram-Mac/macOS-Swift/submodules/tgcalls/tgcalls/v2/ExternalSignalingConnection.cpp normal arm64 c++ com.apple.compilers.llvm.clang.1_0.compiler (in target 'TgVoipWebrtc' from project 'TgVoipWebrtc')
    cd /Users/buddhirajgautam/Documents/Cherrygram-Mac/macOS-Swift
    
    Using response file: /Users/buddhirajgautam/Library/Developer/Xcode/DerivedData/Telegram-Mac-fygdgghdgmuleoelvxabfmqiotta/Build/Intermediates.noindex/TgVoipWebrtc.build/Debug/TgVoipWebrtc-t.build/Objects-normal/arm64/82b82416624d2658e5098eb0a28c15c5-common-args.resp
    
    /Applications/Xcode.app/Contents/Developer/Toolchains/XcodeDefault.xctoolchain/usr/bin/clang -x c++ -ivfsstatcache /Users/buddhirajgautam/Library/Developer/Xcode/DerivedData/SDKStatCaches.noindex/macosx27.0-26A425-e829b21a6f8c9b70876ba0858053c0447231f6df4def33e022ae2eb8f782df1a.sdkstatcache -target arm64-apple-macos12.0 -fmessage-length\=0 -fdiagnostics-show-note-include-stack -fmacro-backtrace-limit\=0 -fno-color-diagnostics -fmodules-prune-interval\=86400 -fmodules-prune-after\=345600 -fbuild-session-file\=/Users/buddhirajgautam/Library/Developer/Xcode/DerivedData/ModuleCache.noindex/Session.modulevalidation -fmodules-validate-once-per-build-session -Wnon-modular-include-in-framework-module -Werror\=non-modular-include-in-framework-module -Wno-trigraphs -Wno-missing-field-initializers -Wno-missing-prototypes -Wno-return-type -Wno-non-virtual-dtor -Wno-overloaded-virtual -Wno-exit-time-destructors -Wno-missing-braces -Wparentheses -Wswitch -Wno-unused-function -Wno-unused-label -Wno-unused-parameter -Wno-unused-variable -Wunused-value -Wno-empty-body -Wno-uninitialized -Wno-unknown-pragmas -Wno-shadow -Wno-four-char-constants -Wno-conversion -Wno-constant-conversion -Wno-int-conversion -Wno-bool-conversion -Wno-enum-conversion -Wno-float-conversion -Wno-non-literal-null-conversion -Wno-objc-literal-conversion -Wshorten-64-to-32 -Wno-newline-eof -Wno-c++11-extensions -Wno-implicit-fallthrough -isysroot /Applications/Xcode.app/Contents/Developer/Platforms/MacOSX.platform/Developer/SDKs/MacOSX27.0.sdk -fstrict-aliasing -Wdeprecated-declarations -Winvalid-offsetof -Wno-sign-conversion -Wno-infinite-recursion -Wno-move -Wno-comma -Wno-block-capture-autoreleasing -Wno-strict-prototypes -Wno-range-loop-analysis -Wno-semicolon-before-method-body -index-store-path /Users/buddhirajgautam/Library/Developer/Xcode/DerivedData/Telegram-Mac-fygdgghdgmuleoelvxabfmqiotta/Index.noindex/DataStore @/Users/buddhirajgautam/Library/Developer/Xcode/DerivedData/Telegram-Mac-fygdgghdgmuleoelvxabfmqiotta/Build/Intermediates.noindex/TgVoipWebrtc.build/Debug/TgVoipWebrtc-t.build/Objects-normal/arm64/82b82416624d2658e5098eb0a28c15c5-common-args.resp -MMD -MT dependencies -MF /Users/buddhirajgautam/Library/Developer/Xcode/DerivedData/Telegram-Mac-fygdgghdgmuleoelvxabfmqiotta/Build/Intermediates.noindex/TgVoipWebrtc.build/Debug/TgVoipWebrtc-t.build/Objects-normal/arm64/ExternalSignalingConnection.d --serialize-diagnostics /Users/buddhirajgautam/Library/Developer/Xcode/DerivedData/Telegram-Mac-fygdgghdgmuleoelvxabfmqiotta/Build/Intermediates.noindex/TgVoipWebrtc.build/Debug/TgVoipWebrtc-t.build/Objects-normal/arm64/ExternalSignalingConnection.dia -c /Users/buddhirajgautam/Documents/Cherrygram-Mac/macOS-Swift/submodules/tgcalls/tgcalls/v2/ExternalSignalingConnection.cpp -o /Users/buddhirajgautam/Library/Developer/Xcode/DerivedData/Telegram-Mac-fygdgghdgmuleoelvxabfmqiotta/Build/Intermediates.noindex/TgVoipWebrtc.build/Debug/TgVoipWebrtc-t.build/Objects-normal/arm64/ExternalSignalingConnection.o -index-unit-output-path /TgVoipWebrtc.build/Debug/TgVoipWebrtc-t.build/Objects-normal/arm64/ExternalSignalingConnection.o

CompileC /Users/buddhirajgautam/Library/Developer/Xcode/DerivedData/Telegram-Mac-fygdgghdgmuleoelvxabfmqiotta/Build/Intermediates.noindex/TgVoipWebrtc.build/Debug/TgVoipWebrtc-t.build/Objects-normal/arm64/EncryptedConnection.o /Users/buddhirajgautam/Documents/Cherrygram-Mac/macOS-Swift/submodules/tgcalls/tgcalls/EncryptedConnection.cpp normal arm64 c++ com.apple.compilers.llvm.clang.1_0.compiler (in target 'TgVoipWebrtc' from project 'TgVoipWebrtc')
    cd /Users/buddhirajgautam/Documents/Cherrygram-Mac/macOS-Swift
    
    Using response file: /Users/buddhirajgautam/Library/Developer/Xcode/DerivedData/Telegram-Mac-fygdgghdgmuleoelvxabfmqiotta/Build/Intermediates.noindex/TgVoipWebrtc.build/Debug/TgVoipWebrtc-t.build/Objects-normal/arm64/82b82416624d2658e5098eb0a28c15c5-common-args.resp
    
    /Applications/Xcode.app/Contents/Developer/Toolchains/XcodeDefault.xctoolchain/usr/bin/clang -x c++ -ivfsstatcache /Users/buddhirajgautam/Library/Developer/Xcode/DerivedData/SDKStatCaches.noindex/macosx27.0-26A425-e829b21a6f8c9b70876ba0858053c0447231f6df4def33e022ae2eb8f782df1a.sdkstatcache -target arm64-apple-macos12.0 -fmessage-length\=0 -fdiagnostics-show-note-include-stack -fmacro-backtrace-limit\=0 -fno-color-diagnostics -fmodules-prune-interval\=86400 -fmodules-prune-after\=345600 -fbuild-session-file\=/Users/buddhirajgautam/Library/Developer/Xcode/DerivedData/ModuleCache.noindex/Session.modulevalidation -fmodules-validate-once-per-build-session -Wnon-modular-include-in-framework-module -Werror\=non-modular-include-in-framework-module -Wno-trigraphs -Wno-missing-field-initializers -Wno-missing-prototypes -Wno-return-type -Wno-non-virtual-dtor -Wno-overloaded-virtual -Wno-exit-time-destructors -Wno-missing-braces -Wparentheses -Wswitch -Wno-unused-function -Wno-unused-label -Wno-unused-parameter -Wno-unused-variable -Wunused-value -Wno-empty-body -Wno-uninitialized -Wno-unknown-pragmas -Wno-shadow -Wno-four-char-constants -Wno-conversion -Wno-constant-conversion -Wno-int-conversion -Wno-bool-conversion -Wno-enum-conversion -Wno-float-conversion -Wno-non-literal-null-conversion -Wno-objc-literal-conversion -Wshorten-64-to-32 -Wno-newline-eof -Wno-c++11-extensions -Wno-implicit-fallthrough -isysroot /Applications/Xcode.app/Contents/Developer/Platforms/MacOSX.platform/Developer/SDKs/MacOSX27.0.sdk -fstrict-aliasing -Wdeprecated-declarations -Winvalid-offsetof -Wno-sign-conversion -Wno-infinite-recursion -Wno-move -Wno-comma -Wno-block-capture-autoreleasing -Wno-strict-prototypes -Wno-range-loop-analysis -Wno-semicolon-before-method-body -index-store-path /Users/buddhirajgautam/Library/Developer/Xcode/DerivedData/Telegram-Mac-fygdgghdgmuleoelvxabfmqiotta/Index.noindex/DataStore @/Users/buddhirajgautam/Library/Developer/Xcode/DerivedData/Telegram-Mac-fygdgghdgmuleoelvxabfmqiotta/Build/Intermediates.noindex/TgVoipWebrtc.build/Debug/TgVoipWebrtc-t.build/Objects-normal/arm64/82b82416624d2658e5098eb0a28c15c5-common-args.resp -MMD -MT dependencies -MF /Users/buddhirajgautam/Library/Developer/Xcode/DerivedData/Telegram-Mac-fygdgghdgmuleoelvxabfmqiotta/Build/Intermediates.noindex/TgVoipWebrtc.build/Debug/TgVoipWebrtc-t.build/Objects-normal/arm64/EncryptedConnection.d --serialize-diagnostics /Users/buddhirajgautam/Library/Developer/Xcode/DerivedData/Telegram-Mac-fygdgghdgmuleoelvxabfmqiotta/Build/Intermediates.noindex/TgVoipWebrtc.build/Debug/TgVoipWebrtc-t.build/Objects-normal/arm64/EncryptedConnection.dia -c /Users/buddhirajgautam/Documents/Cherrygram-Mac/macOS-Swift/submodules/tgcalls/tgcalls/EncryptedConnection.cpp -o /Users/buddhirajgautam/Library/Developer/Xcode/DerivedData/Telegram-Mac-fygdgghdgmuleoelvxabfmqiotta/Build/Intermediates.noindex/TgVoipWebrtc.build/Debug/TgVoipWebrtc-t.build/Objects-normal/arm64/EncryptedConnection.o -index-unit-output-path /TgVoipWebrtc.build/Debug/TgVoipWebrtc-t.build/Objects-normal/arm64/EncryptedConnection.o
In file included from /Users/buddhirajgautam/Documents/Cherrygram-Mac/macOS-Swift/submodules/tgcalls/tgcalls/EncryptedConnection.cpp:1:
In file included from /Users/buddhirajgautam/Documents/Cherrygram-Mac/macOS-Swift/submodules/tgcalls/tgcalls/EncryptedConnection.h:5:
In file included from /Users/buddhirajgautam/Documents/Cherrygram-Mac/macOS-Swift/submodules/tgcalls/tgcalls/Message.h:4:
In file included from /Users/buddhirajgautam/Documents/Cherrygram-Mac/macOS-Swift/submodules/tgcalls/SharedHeaders/webrtc/api/candidate.h:21:
In file included from /Users/buddhirajgautam/Documents/Cherrygram-Mac/macOS-Swift/submodules/tgcalls/SharedHeaders/webrtc/third_party/abseil-cpp/absl/strings/string_view.h:40:
In file included from /Users/buddhirajgautam/Documents/Cherrygram-Mac/macOS-Swift/submodules/tgcalls/SharedHeaders/webrtc/third_party/abseil-cpp/absl/base/nullability.h:153:
In file included from /Users/buddhirajgautam/Documents/Cherrygram-Mac/macOS-Swift/submodules/tgcalls/SharedHeaders/webrtc/third_party/abseil-cpp/absl/base/internal/nullability_impl.h:22:
/Users/buddhirajgautam/Documents/Cherrygram-Mac/macOS-Swift/submodules/tgcalls/SharedHeaders/webrtc/third_party/abseil-cpp/absl/meta/type_traits.h:511:36: warning: builtin __is_trivially_relocatable is deprecated; use __builtin_is_cpp_trivially_relocatable instead [-Wdeprecated-builtins]
  511 |     : std::integral_constant<bool, __is_trivially_relocatable(T)> {};
      |                                    ^
1 warning generated.

CompileC /Users/buddhirajgautam/Library/Developer/Xcode/DerivedData/Telegram-Mac-fygdgghdgmuleoelvxabfmqiotta/Build/Intermediates.noindex/TgVoipWebrtc.build/Debug/TgVoipWebrtc-t.build/Objects-normal/arm64/DirectNetworkingImpl.o /Users/buddhirajgautam/Documents/Cherrygram-Mac/macOS-Swift/submodules/tgcalls/tgcalls/v2/DirectNetworkingImpl.cpp normal arm64 c++ com.apple.compilers.llvm.clang.1_0.compiler (in target 'TgVoipWebrtc' from project 'TgVoipWebrtc')
    cd /Users/buddhirajgautam/Documents/Cherrygram-Mac/macOS-Swift
    
    Using response file: /Users/buddhirajgautam/Library/Developer/Xcode/DerivedData/Telegram-Mac-fygdgghdgmuleoelvxabfmqiotta/Build/Intermediates.noindex/TgVoipWebrtc.build/Debug/TgVoipWebrtc-t.build/Objects-normal/arm64/82b82416624d2658e5098eb0a28c15c5-common-args.resp
    
    /Applications/Xcode.app/Contents/Developer/Toolchains/XcodeDefault.xctoolchain/usr/bin/clang -x c++ -ivfsstatcache /Users/buddhirajgautam/Library/Developer/Xcode/DerivedData/SDKStatCaches.noindex/macosx27.0-26A425-e829b21a6f8c9b70876ba0858053c0447231f6df4def33e022ae2eb8f782df1a.sdkstatcache -target arm64-apple-macos12.0 -fmessage-length\=0 -fdiagnostics-show-note-include-stack -fmacro-backtrace-limit\=0 -fno-color-diagnostics -fmodules-prune-interval\=86400 -fmodules-prune-after\=345600 -fbuild-session-file\=/Users/buddhirajgautam/Library/Developer/Xcode/DerivedData/ModuleCache.noindex/Session.modulevalidation -fmodules-validate-once-per-build-session -Wnon-modular-include-in-framework-module -Werror\=non-modular-include-in-framework-module -Wno-trigraphs -Wno-missing-field-initializers -Wno-missing-prototypes -Wno-return-type -Wno-non-virtual-dtor -Wno-overloaded-virtual -Wno-exit-time-destructors -Wno-missing-braces -Wparentheses -Wswitch -Wno-unused-function -Wno-unused-label -Wno-unused-parameter -Wno-unused-variable -Wunused-value -Wno-empty-body -Wno-uninitialized -Wno-unknown-pragmas -Wno-shadow -Wno-four-char-constants -Wno-conversion -Wno-constant-conversion -Wno-int-conversion -Wno-bool-conversion -Wno-enum-conversion -Wno-float-conversion -Wno-non-literal-null-conversion -Wno-objc-literal-conversion -Wshorten-64-to-32 -Wno-newline-eof -Wno-c++11-extensions -Wno-implicit-fallthrough -isysroot /Applications/Xcode.app/Contents/Developer/Platforms/MacOSX.platform/Developer/SDKs/MacOSX27.0.sdk -fstrict-aliasing -Wdeprecated-declarations -Winvalid-offsetof -Wno-sign-conversion -Wno-infinite-recursion -Wno-move -Wno-comma -Wno-block-capture-autoreleasing -Wno-strict-prototypes -Wno-range-loop-analysis -Wno-semicolon-before-method-body -index-store-path /Users/buddhirajgautam/Library/Developer/Xcode/DerivedData/Telegram-Mac-fygdgghdgmuleoelvxabfmqiotta/Index.noindex/DataStore @/Users/buddhirajgautam/Library/Developer/Xcode/DerivedData/Telegram-Mac-fygdgghdgmuleoelvxabfmqiotta/Build/Intermediates.noindex/TgVoipWebrtc.build/Debug/TgVoipWebrtc-t.build/Objects-normal/arm64/82b82416624d2658e5098eb0a28c15c5-common-args.resp -MMD -MT dependencies -MF /Users/buddhirajgautam/Library/Developer/Xcode/DerivedData/Telegram-Mac-fygdgghdgmuleoelvxabfmqiotta/Build/Intermediates.noindex/TgVoipWebrtc.build/Debug/TgVoipWebrtc-t.build/Objects-normal/arm64/DirectNetworkingImpl.d --serialize-diagnostics /Users/buddhirajgautam/Library/Developer/Xcode/DerivedData/Telegram-Mac-fygdgghdgmuleoelvxabfmqiotta/Build/Intermediates.noindex/TgVoipWebrtc.build/Debug/TgVoipWebrtc-t.build/Objects-normal/arm64/DirectNetworkingImpl.dia -c /Users/buddhirajgautam/Documents/Cherrygram-Mac/macOS-Swift/submodules/tgcalls/tgcalls/v2/DirectNetworkingImpl.cpp -o /Users/buddhirajgautam/Library/Developer/Xcode/DerivedData/Telegram-Mac-fygdgghdgmuleoelvxabfmqiotta/Build/Intermediates.noindex/TgVoipWebrtc.build/Debug/TgVoipWebrtc-t.build/Objects-normal/arm64/DirectNetworkingImpl.o -index-unit-output-path /TgVoipWebrtc.build/Debug/TgVoipWebrtc-t.build/Objects-normal/arm64/DirectNetworkingImpl.o
In file included from /Users/buddhirajgautam/Documents/Cherrygram-Mac/macOS-Swift/submodules/tgcalls/tgcalls/v2/DirectNetworkingImpl.cpp:1:
In file included from /Users/buddhirajgautam/Documents/Cherrygram-Mac/macOS-Swift/submodules/tgcalls/tgcalls/v2/DirectNetworkingImpl.h:9:
In file included from /Users/buddhirajgautam/Documents/Cherrygram-Mac/macOS-Swift/submodules/tgcalls/SharedHeaders/webrtc/rtc_base/copy_on_write_buffer.h:22:
In file included from /Users/buddhirajgautam/Documents/Cherrygram-Mac/macOS-Swift/submodules/tgcalls/SharedHeaders/webrtc/third_party/abseil-cpp/absl/strings/string_view.h:40:
In file included from /Users/buddhirajgautam/Documents/Cherrygram-Mac/macOS-Swift/submodules/tgcalls/SharedHeaders/webrtc/third_party/abseil-cpp/absl/base/nullability.h:153:
In file included from /Users/buddhirajgautam/Documents/Cherrygram-Mac/macOS-Swift/submodules/tgcalls/SharedHeaders/webrtc/third_party/abseil-cpp/absl/base/internal/nullability_impl.h:22:
/Users/buddhirajgautam/Documents/Cherrygram-Mac/macOS-Swift/submodules/tgcalls/SharedHeaders/webrtc/third_party/abseil-cpp/absl/meta/type_traits.h:511:36: warning: builtin __is_trivially_relocatable is deprecated; use __builtin_is_cpp_trivially_relocatable instead [-Wdeprecated-builtins]
  511 |     : std::integral_constant<bool, __is_trivially_relocatable(T)> {};
      |                                    ^
In file included from /Users/buddhirajgautam/Documents/Cherrygram-Mac/macOS-Swift/submodules/tgcalls/tgcalls/v2/DirectNetworkingImpl.cpp:1:
In file included from /Users/buddhirajgautam/Documents/Cherrygram-Mac/macOS-Swift/submodules/tgcalls/tgcalls/v2/DirectNetworkingImpl.h:14:
In file included from /Users/buddhirajgautam/Documents/Cherrygram-Mac/macOS-Swift/submodules/tgcalls/SharedHeaders/webrtc/pc/sctp_data_channel.h:29:
In file included from /Users/buddhirajgautam/Documents/Cherrygram-Mac/macOS-Swift/submodules/tgcalls/SharedHeaders/webrtc/pc/sctp_utils.h:20:
/Users/buddhirajgautam/Documents/Cherrygram-Mac/macOS-Swift/submodules/tgcalls/SharedHeaders/webrtc/net/dcsctp/public/types.h:47:64: warning: implicit conversion loses integer precision: 'long long' to 'const UnderlyingType' (aka 'const int') [-Wshorten-64-to-32]
   47 |             v.IsInfinite() ? InfiniteDuration() : DurationMs(v.ms())) {}
      |                                                   ~~~~~~~~~~ ~~^~~~
/Users/buddhirajgautam/Documents/Cherrygram-Mac/macOS-Swift/submodules/tgcalls/SharedHeaders/webrtc/net/dcsctp/public/types.h:122:26: warning: implicit conversion loses integer precision: 'UnderlyingType' (aka 'long long') to 'const UnderlyingType' (aka 'const int') [-Wshorten-64-to-32]
  122 |   return DurationMs(*lhs - *rhs);
      |          ~~~~~~~~~~ ~~~~~^~~~~~
In file included from /Users/buddhirajgautam/Documents/Cherrygram-Mac/macOS-Swift/submodules/tgcalls/tgcalls/v2/DirectNetworkingImpl.cpp:1:
In file included from /Users/buddhirajgautam/Documents/Cherrygram-Mac/macOS-Swift/submodules/tgcalls/tgcalls/v2/DirectNetworkingImpl.h:9:
In file included from /Users/buddhirajgautam/Documents/Cherrygram-Mac/macOS-Swift/submodules/tgcalls/SharedHeaders/webrtc/rtc_base/copy_on_write_buffer.h:22:
In file included from /Users/buddhirajgautam/Documents/Cherrygram-Mac/macOS-Swift/submodules/tgcalls/SharedHeaders/webrtc/third_party/abseil-cpp/absl/strings/string_view.h:40:
In file included from /Users/buddhirajgautam/Documents/Cherrygram-Mac/macOS-Swift/submodules/tgcalls/SharedHeaders/webrtc/third_party/abseil-cpp/absl/base/nullability.h:153:
In file included from /Users/buddhirajgautam/Documents/Cherrygram-Mac/macOS-Swift/submodules/tgcalls/SharedHeaders/webrtc/third_party/abseil-cpp/absl/base/internal/nullability_impl.h:22:
/Users/buddhirajgautam/Documents/Cherrygram-Mac/macOS-Swift/submodules/tgcalls/SharedHeaders/webrtc/third_party/abseil-cpp/absl/meta/type_traits.h:511:36: warning: builtin __is_trivially_relocatable is deprecated; use __builtin_is_cpp_trivially_relocatable instead [-Wdeprecated-builtins]
  511 |     : std::integral_constant<bool, __is_trivially_relocatable(T)> {};
      |                                    ^
In file included from /Users/buddhirajgautam/Documents/Cherrygram-Mac/macOS-Swift/submodules/tgcalls/tgcalls/v2/DirectNetworkingImpl.cpp:1:
In file included from /Users/buddhirajgautam/Documents/Cherrygram-Mac/macOS-Swift/submodules/tgcalls/tgcalls/v2/DirectNetworkingImpl.h:12:
In file included from /Users/buddhirajgautam/Documents/Cherrygram-Mac/macOS-Swift/submodules/tgcalls/SharedHeaders/webrtc/media/base/media_channel.h:27:
In file included from /Users/buddhirajgautam/Documents/Cherrygram-Mac/macOS-Swift/submodules/tgcalls/SharedHeaders/webrtc/api/frame_transformer_interface.h:19:
In file included from /Users/buddhirajgautam/Documents/Cherrygram-Mac/macOS-Swift/submodules/tgcalls/SharedHeaders/webrtc/api/video/encoded_frame.h:21:
In file included from /Users/buddhirajgautam/Documents/Cherrygram-Mac/macOS-Swift/submodules/tgcalls/SharedHeaders/webrtc/modules/rtp_rtcp/source/rtp_video_header.h:16:
In file included from /Users/buddhirajgautam/Documents/Cherrygram-Mac/macOS-Swift/submodules/tgcalls/SharedHeaders/webrtc/third_party/abseil-cpp/absl/container/inlined_vector.h:53:
/Users/buddhirajgautam/Documents/Cherrygram-Mac/macOS-Swift/submodules/tgcalls/SharedHeaders/webrtc/third_party/abseil-cpp/absl/container/internal/inlined_vector.h:522:22: note: in instantiation of template class 'absl::is_trivially_relocatable<webrtc::DecodeTargetIndication>' requested here
  522 |                absl::is_trivially_relocatable<V>::value ||
      |                      ^
In file included from /Users/buddhirajgautam/Documents/Cherrygram-Mac/macOS-Swift/submodules/tgcalls/tgcalls/v2/DirectNetworkingImpl.cpp:1:
In file included from /Users/buddhirajgautam/Documents/Cherrygram-Mac/macOS-Swift/submodules/tgcalls/tgcalls/v2/DirectNetworkingImpl.h:9:
In file included from /Users/buddhirajgautam/Documents/Cherrygram-Mac/macOS-Swift/submodules/tgcalls/SharedHeaders/webrtc/rtc_base/copy_on_write_buffer.h:22:
In file included from /Users/buddhirajgautam/Documents/Cherrygram-Mac/macOS-Swift/submodules/tgcalls/SharedHeaders/webrtc/third_party/abseil-cpp/absl/strings/string_view.h:43:
/Users/buddhirajgautam/Documents/Cherrygram-Mac/macOS-Swift/submodules/tgcalls/SharedHeaders/webrtc/third_party/abseil-cpp/absl/base/macros.h:128:49: note: expanded from macro 'ABSL_HARDENING_ASSERT'
  128 | #define ABSL_HARDENING_ASSERT(expr) ABSL_ASSERT(expr)
      |                                                 ^
/Users/buddhirajgautam/Documents/Cherrygram-Mac/macOS-Swift/submodules/tgcalls/SharedHeaders/webrtc/third_party/abseil-cpp/absl/base/macros.h:95:30: note: expanded from macro 'ABSL_ASSERT'
   95 |   (false ? static_cast<void>(expr) : static_cast<void>(0))
      |                              ^
In file included from /Users/buddhirajgautam/Documents/Cherrygram-Mac/macOS-Swift/submodules/tgcalls/tgcalls/v2/DirectNetworkingImpl.cpp:1:
In file included from /Users/buddhirajgautam/Documents/Cherrygram-Mac/macOS-Swift/submodules/tgcalls/tgcalls/v2/DirectNetworkingImpl.h:12:
In file included from /Users/buddhirajgautam/Documents/Cherrygram-Mac/macOS-Swift/submodules/tgcalls/SharedHeaders/webrtc/media/base/media_channel.h:27:
In file included from /Users/buddhirajgautam/Documents/Cherrygram-Mac/macOS-Swift/submodules/tgcalls/SharedHeaders/webrtc/api/frame_transformer_interface.h:19:
In file included from /Users/buddhirajgautam/Documents/Cherrygram-Mac/macOS-Swift/submodules/tgcalls/SharedHeaders/webrtc/api/video/encoded_frame.h:21:
In file included from /Users/buddhirajgautam/Documents/Cherrygram-Mac/macOS-Swift/submodules/tgcalls/SharedHeaders/webrtc/modules/rtp_rtcp/source/rtp_video_header.h:16:
/Users/buddhirajgautam/Documents/Cherrygram-Mac/macOS-Swift/submodules/tgcalls/SharedHeaders/webrtc/third_party/abseil-cpp/absl/container/inlined_vector.h:856:14: note: in instantiation of member function 'absl::inlined_vector_internal::Storage<webrtc::DecodeTargetIndication, 10, std::allocator<webrtc::DecodeTargetIndication>>::MemcpyFrom' requested here
  856 |     storage_.MemcpyFrom(other.storage_);
      |              ^
/Users/buddhirajgautam/Documents/Cherrygram-Mac/macOS-Swift/submodules/tgcalls/SharedHeaders/webrtc/third_party/abseil-cpp/absl/container/inlined_vector.h:548:7: note: in instantiation of member function 'absl::InlinedVector<webrtc::DecodeTargetIndication, 10>::MoveAssignment' requested here
  548 |       MoveAssignment(MoveAssignmentPolicy{}, std::move(other));
      |       ^
In file included from /Users/buddhirajgautam/Documents/Cherrygram-Mac/macOS-Swift/submodules/tgcalls/tgcalls/v2/DirectNetworkingImpl.cpp:1:
In file included from /Users/buddhirajgautam/Documents/Cherrygram-Mac/macOS-Swift/submodules/tgcalls/tgcalls/v2/DirectNetworkingImpl.h:12:
In file included from /Users/buddhirajgautam/Documents/Cherrygram-Mac/macOS-Swift/submodules/tgcalls/SharedHeaders/webrtc/media/base/media_channel.h:27:
In file included from /Users/buddhirajgautam/Documents/Cherrygram-Mac/macOS-Swift/submodules/tgcalls/SharedHeaders/webrtc/api/frame_transformer_interface.h:19:
In file included from /Users/buddhirajgautam/Documents/Cherrygram-Mac/macOS-Swift/submodules/tgcalls/SharedHeaders/webrtc/api/video/encoded_frame.h:21:
In file included from /Users/buddhirajgautam/Documents/Cherrygram-Mac/macOS-Swift/submodules/tgcalls/SharedHeaders/webrtc/modules/rtp_rtcp/source/rtp_video_header.h:20:
/Users/buddhirajgautam/Documents/Cherrygram-Mac/macOS-Swift/submodules/tgcalls/SharedHeaders/webrtc/api/transport/rtp/dependency_descriptor.h:133:35: note: in instantiation of member function 'absl::InlinedVector<webrtc::DecodeTargetIndication, 10>::operator=' requested here
  133 |   this->decode_target_indications =
      |                                   ^
In file included from /Users/buddhirajgautam/Documents/Cherrygram-Mac/macOS-Swift/submodules/tgcalls/tgcalls/v2/DirectNetworkingImpl.cpp:1:
In file included from /Users/buddhirajgautam/Documents/Cherrygram-Mac/macOS-Swift/submodules/tgcalls/tgcalls/v2/DirectNetworkingImpl.h:9:
In file included from /Users/buddhirajgautam/Documents/Cherrygram-Mac/macOS-Swift/submodules/tgcalls/SharedHeaders/webrtc/rtc_base/copy_on_write_buffer.h:22:
In file included from /Users/buddhirajgautam/Documents/Cherrygram-Mac/macOS-Swift/submodules/tgcalls/SharedHeaders/webrtc/third_party/abseil-cpp/absl/strings/string_view.h:40:
In file included from /Users/buddhirajgautam/Documents/Cherrygram-Mac/macOS-Swift/submodules/tgcalls/SharedHeaders/webrtc/third_party/abseil-cpp/absl/base/nullability.h:153:
In file included from /Users/buddhirajgautam/Documents/Cherrygram-Mac/macOS-Swift/submodules/tgcalls/SharedHeaders/webrtc/third_party/abseil-cpp/absl/base/internal/nullability_impl.h:22:
/Users/buddhirajgautam/Documents/Cherrygram-Mac/macOS-Swift/submodules/tgcalls/SharedHeaders/webrtc/third_party/abseil-cpp/absl/meta/type_traits.h:511:36: warning: builtin __is_trivially_relocatable is deprecated; use __builtin_is_cpp_trivially_relocatable instead [-Wdeprecated-builtins]
  511 |     : std::integral_constant<bool, __is_trivially_relocatable(T)> {};
      |                                    ^
In file included from /Users/buddhirajgautam/Documents/Cherrygram-Mac/macOS-Swift/submodules/tgcalls/tgcalls/v2/DirectNetworkingImpl.cpp:1:
In file included from /Users/buddhirajgautam/Documents/Cherrygram-Mac/macOS-Swift/submodules/tgcalls/tgcalls/v2/DirectNetworkingImpl.h:12:
In file included from /Users/buddhirajgautam/Documents/Cherrygram-Mac/macOS-Swift/submodules/tgcalls/SharedHeaders/webrtc/media/base/media_channel.h:27:
In file included from /Users/buddhirajgautam/Documents/Cherrygram-Mac/macOS-Swift/submodules/tgcalls/SharedHeaders/webrtc/api/frame_transformer_interface.h:19:
In file included from /Users/buddhirajgautam/Documents/Cherrygram-Mac/macOS-Swift/submodules/tgcalls/SharedHeaders/webrtc/api/video/encoded_frame.h:21:
In file included from /Users/buddhirajgautam/Documents/Cherrygram-Mac/macOS-Swift/submodules/tgcalls/SharedHeaders/webrtc/modules/rtp_rtcp/source/rtp_video_header.h:16:
In file included from /Users/buddhirajgautam/Documents/Cherrygram-Mac/macOS-Swift/submodules/tgcalls/SharedHeaders/webrtc/third_party/abseil-cpp/absl/container/inlined_vector.h:53:
/Users/buddhirajgautam/Documents/Cherrygram-Mac/macOS-Swift/submodules/tgcalls/SharedHeaders/webrtc/third_party/abseil-cpp/absl/container/internal/inlined_vector.h:522:22: note: in instantiation of template class 'absl::is_trivially_relocatable<int>' requested here
  522 |                absl::is_trivially_relocatable<V>::value ||
      |                      ^
In file included from /Users/buddhirajgautam/Documents/Cherrygram-Mac/macOS-Swift/submodules/tgcalls/tgcalls/v2/DirectNetworkingImpl.cpp:1:
In file included from /Users/buddhirajgautam/Documents/Cherrygram-Mac/macOS-Swift/submodules/tgcalls/tgcalls/v2/DirectNetworkingImpl.h:9:
In file included from /Users/buddhirajgautam/Documents/Cherrygram-Mac/macOS-Swift/submodules/tgcalls/SharedHeaders/webrtc/rtc_base/copy_on_write_buffer.h:22:
In file included from /Users/buddhirajgautam/Documents/Cherrygram-Mac/macOS-Swift/submodules/tgcalls/SharedHeaders/webrtc/third_party/abseil-cpp/absl/strings/string_view.h:43:
/Users/buddhirajgautam/Documents/Cherrygram-Mac/macOS-Swift/submodules/tgcalls/SharedHeaders/webrtc/third_party/abseil-cpp/absl/base/macros.h:128:49: note: expanded from macro 'ABSL_HARDENING_ASSERT'
  128 | #define ABSL_HARDENING_ASSERT(expr) ABSL_ASSERT(expr)
      |                                                 ^
/Users/buddhirajgautam/Documents/Cherrygram-Mac/macOS-Swift/submodules/tgcalls/SharedHeaders/webrtc/third_party/abseil-cpp/absl/base/macros.h:95:30: note: expanded from macro 'ABSL_ASSERT'
   95 |   (false ? static_cast<void>(expr) : static_cast<void>(0))
      |                              ^
In file included from /Users/buddhirajgautam/Documents/Cherrygram-Mac/macOS-Swift/submodules/tgcalls/tgcalls/v2/DirectNetworkingImpl.cpp:1:
In file included from /Users/buddhirajgautam/Documents/Cherrygram-Mac/macOS-Swift/submodules/tgcalls/tgcalls/v2/DirectNetworkingImpl.h:12:
In file included from /Users/buddhirajgautam/Documents/Cherrygram-Mac/macOS-Swift/submodules/tgcalls/SharedHeaders/webrtc/media/base/media_channel.h:27:
In file included from /Users/buddhirajgautam/Documents/Cherrygram-Mac/macOS-Swift/submodules/tgcalls/SharedHeaders/webrtc/api/frame_transformer_interface.h:19:
In file included from /Users/buddhirajgautam/Documents/Cherrygram-Mac/macOS-Swift/submodules/tgcalls/SharedHeaders/webrtc/api/video/encoded_frame.h:21:
In file included from /Users/buddhirajgautam/Documents/Cherrygram-Mac/macOS-Swift/submodules/tgcalls/SharedHeaders/webrtc/modules/rtp_rtcp/source/rtp_video_header.h:16:
/Users/buddhirajgautam/Documents/Cherrygram-Mac/macOS-Swift/submodules/tgcalls/SharedHeaders/webrtc/third_party/abseil-cpp/absl/container/inlined_vector.h:195:16: note: in instantiation of member function 'absl::inlined_vector_internal::Storage<int, 4, std::allocator<int>>::MemcpyFrom' requested here
  195 |       storage_.MemcpyFrom(other.storage_);
      |                ^
/Users/buddhirajgautam/Documents/Cherrygram-Mac/macOS-Swift/submodules/tgcalls/SharedHeaders/webrtc/third_party/abseil-cpp/absl/container/inlined_vector.h:177:9: note: in instantiation of member function 'absl::InlinedVector<int, 4>::InlinedVector' requested here
  177 |       : InlinedVector(other, other.storage_.GetAllocator()) {}
      |         ^
In file included from /Users/buddhirajgautam/Documents/Cherrygram-Mac/macOS-Swift/submodules/tgcalls/tgcalls/v2/DirectNetworkingImpl.cpp:1:
In file included from /Users/buddhirajgautam/Documents/Cherrygram-Mac/macOS-Swift/submodules/tgcalls/tgcalls/v2/DirectNetworkingImpl.h:12:
In file included from /Users/buddhirajgautam/Documents/Cherrygram-Mac/macOS-Swift/submodules/tgcalls/SharedHeaders/webrtc/media/base/media_channel.h:27:
In file included from /Users/buddhirajgautam/Documents/Cherrygram-Mac/macOS-Swift/submodules/tgcalls/SharedHeaders/webrtc/api/frame_transformer_interface.h:19:
In file included from /Users/buddhirajgautam/Documents/Cherrygram-Mac/macOS-Swift/submodules/tgcalls/SharedHeaders/webrtc/api/video/encoded_frame.h:21:
In file included from /Users/buddhirajgautam/Documents/Cherrygram-Mac/macOS-Swift/submodules/tgcalls/SharedHeaders/webrtc/modules/rtp_rtcp/source/rtp_video_header.h:20:
/Users/buddhirajgautam/Documents/Cherrygram-Mac/macOS-Swift/submodules/tgcalls/SharedHeaders/webrtc/api/transport/rtp/dependency_descriptor.h:37:8: note: in instantiation of member function 'absl::InlinedVector<int, 4>::InlinedVector' requested here
   37 | struct FrameDependencyTemplate {
      |        ^
In file included from /Users/buddhirajgautam/Documents/Cherrygram-Mac/macOS-Swift/submodules/tgcalls/tgcalls/v2/DirectNetworkingImpl.cpp:1:
In file included from /Users/buddhirajgautam/Documents/Cherrygram-Mac/macOS-Swift/submodules/tgcalls/tgcalls/v2/DirectNetworkingImpl.h:9:
In file included from /Users/buddhirajgautam/Documents/Cherrygram-Mac/macOS-Swift/submodules/tgcalls/SharedHeaders/webrtc/rtc_base/copy_on_write_buffer.h:22:
In file included from /Users/buddhirajgautam/Documents/Cherrygram-Mac/macOS-Swift/submodules/tgcalls/SharedHeaders/webrtc/third_party/abseil-cpp/absl/strings/string_view.h:40:
In file included from /Users/buddhirajgautam/Documents/Cherrygram-Mac/macOS-Swift/submodules/tgcalls/SharedHeaders/webrtc/third_party/abseil-cpp/absl/base/nullability.h:153:
In file included from /Users/buddhirajgautam/Documents/Cherrygram-Mac/macOS-Swift/submodules/tgcalls/SharedHeaders/webrtc/third_party/abseil-cpp/absl/base/internal/nullability_impl.h:22:
/Users/buddhirajgautam/Documents/Cherrygram-Mac/macOS-Swift/submodules/tgcalls/SharedHeaders/webrtc/third_party/abseil-cpp/absl/meta/type_traits.h:511:36: warning: builtin __is_trivially_relocatable is deprecated; use __builtin_is_cpp_trivially_relocatable instead [-Wdeprecated-builtins]
  511 |     : std::integral_constant<bool, __is_trivially_relocatable(T)> {};
      |                                    ^
In file included from /Users/buddhirajgautam/Documents/Cherrygram-Mac/macOS-Swift/submodules/tgcalls/tgcalls/v2/DirectNetworkingImpl.cpp:1:
In file included from /Users/buddhirajgautam/Documents/Cherrygram-Mac/macOS-Swift/submodules/tgcalls/tgcalls/v2/DirectNetworkingImpl.h:12:
In file included from /Users/buddhirajgautam/Documents/Cherrygram-Mac/macOS-Swift/submodules/tgcalls/SharedHeaders/webrtc/media/base/media_channel.h:27:
In file included from /Users/buddhirajgautam/Documents/Cherrygram-Mac/macOS-Swift/submodules/tgcalls/SharedHeaders/webrtc/api/frame_transformer_interface.h:19:
In file included from /Users/buddhirajgautam/Documents/Cherrygram-Mac/macOS-Swift/submodules/tgcalls/SharedHeaders/webrtc/api/video/encoded_frame.h:21:
In file included from /Users/buddhirajgautam/Documents/Cherrygram-Mac/macOS-Swift/submodules/tgcalls/SharedHeaders/webrtc/modules/rtp_rtcp/source/rtp_video_header.h:16:
In file included from /Users/buddhirajgautam/Documents/Cherrygram-Mac/macOS-Swift/submodules/tgcalls/SharedHeaders/webrtc/third_party/abseil-cpp/absl/container/inlined_vector.h:53:
/Users/buddhirajgautam/Documents/Cherrygram-Mac/macOS-Swift/submodules/tgcalls/SharedHeaders/webrtc/third_party/abseil-cpp/absl/container/internal/inlined_vector.h:522:22: note: in instantiation of template class 'absl::is_trivially_relocatable<webrtc::RenderResolution>' requested here
  522 |                absl::is_trivially_relocatable<V>::value ||
      |                      ^
In file included from /Users/buddhirajgautam/Documents/Cherrygram-Mac/macOS-Swift/submodules/tgcalls/tgcalls/v2/DirectNetworkingImpl.cpp:1:
In file included from /Users/buddhirajgautam/Documents/Cherrygram-Mac/macOS-Swift/submodules/tgcalls/tgcalls/v2/DirectNetworkingImpl.h:9:
In file included from /Users/buddhirajgautam/Documents/Cherrygram-Mac/macOS-Swift/submodules/tgcalls/SharedHeaders/webrtc/rtc_base/copy_on_write_buffer.h:22:
In file included from /Users/buddhirajgautam/Documents/Cherrygram-Mac/macOS-Swift/submodules/tgcalls/SharedHeaders/webrtc/third_party/abseil-cpp/absl/strings/string_view.h:43:
/Users/buddhirajgautam/Documents/Cherrygram-Mac/macOS-Swift/submodules/tgcalls/SharedHeaders/webrtc/third_party/abseil-cpp/absl/base/macros.h:128:49: note: expanded from macro 'ABSL_HARDENING_ASSERT'
  128 | #define ABSL_HARDENING_ASSERT(expr) ABSL_ASSERT(expr)
      |                                                 ^
/Users/buddhirajgautam/Documents/Cherrygram-Mac/macOS-Swift/submodules/tgcalls/SharedHeaders/webrtc/third_party/abseil-cpp/absl/base/macros.h:95:30: note: expanded from macro 'ABSL_ASSERT'
   95 |   (false ? static_cast<void>(expr) : static_cast<void>(0))
      |                              ^
In file included from /Users/buddhirajgautam/Documents/Cherrygram-Mac/macOS-Swift/submodules/tgcalls/tgcalls/v2/DirectNetworkingImpl.cpp:1:
In file included from /Users/buddhirajgautam/Documents/Cherrygram-Mac/macOS-Swift/submodules/tgcalls/tgcalls/v2/DirectNetworkingImpl.h:12:
In file included from /Users/buddhirajgautam/Documents/Cherrygram-Mac/macOS-Swift/submodules/tgcalls/SharedHeaders/webrtc/media/base/media_channel.h:27:
In file included from /Users/buddhirajgautam/Documents/Cherrygram-Mac/macOS-Swift/submodules/tgcalls/SharedHeaders/webrtc/api/frame_transformer_interface.h:19:
In file included from /Users/buddhirajgautam/Documents/Cherrygram-Mac/macOS-Swift/submodules/tgcalls/SharedHeaders/webrtc/api/video/encoded_frame.h:21:
In file included from /Users/buddhirajgautam/Documents/Cherrygram-Mac/macOS-Swift/submodules/tgcalls/SharedHeaders/webrtc/modules/rtp_rtcp/source/rtp_video_header.h:16:
/Users/buddhirajgautam/Documents/Cherrygram-Mac/macOS-Swift/submodules/tgcalls/SharedHeaders/webrtc/third_party/abseil-cpp/absl/container/inlined_vector.h:195:16: note: in instantiation of member function 'absl::inlined_vector_internal::Storage<webrtc::RenderResolution, 4, std::allocator<webrtc::RenderResolution>>::MemcpyFrom' requested here
  195 |       storage_.MemcpyFrom(other.storage_);
      |                ^
/Users/buddhirajgautam/Documents/Cherrygram-Mac/macOS-Swift/submodules/tgcalls/SharedHeaders/webrtc/third_party/abseil-cpp/absl/container/inlined_vector.h:177:9: note: in instantiation of member function 'absl::InlinedVector<webrtc::RenderResolution, 4>::InlinedVector' requested here
  177 |       : InlinedVector(other, other.storage_.GetAllocator()) {}
      |         ^
In file included from /Users/buddhirajgautam/Documents/Cherrygram-Mac/macOS-Swift/submodules/tgcalls/tgcalls/v2/DirectNetworkingImpl.cpp:1:
In file included from /Users/buddhirajgautam/Documents/Cherrygram-Mac/macOS-Swift/submodules/tgcalls/tgcalls/v2/DirectNetworkingImpl.h:12:
In file included from /Users/buddhirajgautam/Documents/Cherrygram-Mac/macOS-Swift/submodules/tgcalls/SharedHeaders/webrtc/media/base/media_channel.h:27:
In file included from /Users/buddhirajgautam/Documents/Cherrygram-Mac/macOS-Swift/submodules/tgcalls/SharedHeaders/webrtc/api/frame_transformer_interface.h:19:
In file included from /Users/buddhirajgautam/Documents/Cherrygram-Mac/macOS-Swift/submodules/tgcalls/SharedHeaders/webrtc/api/video/encoded_frame.h:21:
In file included from /Users/buddhirajgautam/Documents/Cherrygram-Mac/macOS-Swift/submodules/tgcalls/SharedHeaders/webrtc/modules/rtp_rtcp/source/rtp_video_header.h:20:
/Users/buddhirajgautam/Documents/Cherrygram-Mac/macOS-Swift/submodules/tgcalls/SharedHeaders/webrtc/api/transport/rtp/dependency_descriptor.h:61:8: note: in instantiation of member function 'absl::InlinedVector<webrtc::RenderResolution, 4>::InlinedVector' requested here
   61 | struct FrameDependencyStructure {
      |        ^
6 warnings generated.

CompileC /Users/buddhirajgautam/Library/Developer/Xcode/DerivedData/Telegram-Mac-fygdgghdgmuleoelvxabfmqiotta/Build/Intermediates.noindex/TgVoipWebrtc.build/Debug/TgVoipWebrtc-t.build/Objects-normal/arm64/DesktopSharingCapturer.o /Users/buddhirajgautam/Documents/Cherrygram-Mac/macOS-Swift/submodules/tgcalls/tgcalls/platform/darwin/DesktopSharingCapturer.mm normal arm64 objective-c++ com.apple.compilers.llvm.clang.1_0.compiler (in target 'TgVoipWebrtc' from project 'TgVoipWebrtc')
    cd /Users/buddhirajgautam/Documents/Cherrygram-Mac/macOS-Swift
    
    Using response file: /Users/buddhirajgautam/Library/Developer/Xcode/DerivedData/Telegram-Mac-fygdgghdgmuleoelvxabfmqiotta/Build/Intermediates.noindex/TgVoipWebrtc.build/Debug/TgVoipWebrtc-t.build/Objects-normal/arm64/af3fcb34312c57c0f52879cdce924b91-common-args.resp
    
    /Applications/Xcode.app/Contents/Developer/Toolchains/XcodeDefault.xctoolchain/usr/bin/clang -x objective-c++ -ivfsstatcache /Users/buddhirajgautam/Library/Developer/Xcode/DerivedData/SDKStatCaches.noindex/macosx27.0-26A425-e829b21a6f8c9b70876ba0858053c0447231f6df4def33e022ae2eb8f782df1a.sdkstatcache -target arm64-apple-macos12.0 -fmessage-length\=0 -fdiagnostics-show-note-include-stack -fmacro-backtrace-limit\=0 -fno-color-diagnostics -fmodules-prune-interval\=86400 -fmodules-prune-after\=345600 -fbuild-session-file\=/Users/buddhirajgautam/Library/Developer/Xcode/DerivedData/ModuleCache.noindex/Session.modulevalidation -fmodules-validate-once-per-build-session -Wnon-modular-include-in-framework-module -Werror\=non-modular-include-in-framework-module -Wno-trigraphs -Wno-missing-field-initializers -Wno-missing-prototypes -Wno-return-type -Wno-implicit-atomic-properties -Wno-objc-interface-ivars -Wno-arc-repeated-use-of-weak -Wno-non-virtual-dtor -Wno-overloaded-virtual -Wno-exit-time-destructors -Wno-missing-braces -Wparentheses -Wswitch -Wno-unused-function -Wno-unused-label -Wno-unused-parameter -Wno-unused-variable -Wunused-value -Wno-empty-body -Wno-uninitialized -Wno-unknown-pragmas -Wno-shadow -Wno-four-char-constants -Wno-conversion -Wno-constant-conversion -Wno-int-conversion -Wno-bool-conversion -Wno-enum-conversion -Wno-float-conversion -Wno-non-literal-null-conversion -Wno-objc-literal-conversion -Wshorten-64-to-32 -Wno-newline-eof -Wno-selector -Wno-strict-selector-match -Wno-undeclared-selector -Wno-deprecated-implementations -Wno-c++11-extensions -Wno-implicit-fallthrough -isysroot /Applications/Xcode.app/Contents/Developer/Platforms/MacOSX.platform/Developer/SDKs/MacOSX27.0.sdk -fstrict-aliasing -Wprotocol -Wdeprecated-declarations -Winvalid-offsetof -Wno-sign-conversion -Wno-infinite-recursion -Wno-move -Wno-comma -Wno-block-capture-autoreleasing -Wno-strict-prototypes -Wno-range-loop-analysis -Wno-semicolon-before-method-body -index-store-path /Users/buddhirajgautam/Library/Developer/Xcode/DerivedData/Telegram-Mac-fygdgghdgmuleoelvxabfmqiotta/Index.noindex/DataStore @/Users/buddhirajgautam/Library/Developer/Xcode/DerivedData/Telegram-Mac-fygdgghdgmuleoelvxabfmqiotta/Build/Intermediates.noindex/TgVoipWebrtc.build/Debug/TgVoipWebrtc-t.build/Objects-normal/arm64/af3fcb34312c57c0f52879cdce924b91-common-args.resp -MMD -MT dependencies -MF /Users/buddhirajgautam/Library/Developer/Xcode/DerivedData/Telegram-Mac-fygdgghdgmuleoelvxabfmqiotta/Build/Intermediates.noindex/TgVoipWebrtc.build/Debug/TgVoipWebrtc-t.build/Objects-normal/arm64/DesktopSharingCapturer.d --serialize-diagnostics /Users/buddhirajgautam/Library/Developer/Xcode/DerivedData/Telegram-Mac-fygdgghdgmuleoelvxabfmqiotta/Build/Intermediates.noindex/TgVoipWebrtc.build/Debug/TgVoipWebrtc-t.build/Objects-normal/arm64/DesktopSharingCapturer.dia -c /Users/buddhirajgautam/Documents/Cherrygram-Mac/macOS-Swift/submodules/tgcalls/tgcalls/platform/darwin/DesktopSharingCapturer.mm -o /Users/buddhirajgautam/Library/Developer/Xcode/DerivedData/Telegram-Mac-fygdgghdgmuleoelvxabfmqiotta/Build/Intermediates.noindex/TgVoipWebrtc.build/Debug/TgVoipWebrtc-t.build/Objects-normal/arm64/DesktopSharingCapturer.o -index-unit-output-path /TgVoipWebrtc.build/Debug/TgVoipWebrtc-t.build/Objects-normal/arm64/DesktopSharingCapturer.o
In file included from /Users/buddhirajgautam/Documents/Cherrygram-Mac/macOS-Swift/submodules/tgcalls/tgcalls/platform/darwin/DesktopSharingCapturer.mm:1:
In file included from /Users/buddhirajgautam/Documents/Cherrygram-Mac/macOS-Swift/submodules/tgcalls/tgcalls/platform/darwin/DesktopSharingCapturer.h:7:
In file included from /Users/buddhirajgautam/Documents/Cherrygram-Mac/macOS-Swift/submodules/tgcalls/SharedHeaders/webrtc/api/video/video_sink_interface.h:14:
In file included from /Users/buddhirajgautam/Documents/Cherrygram-Mac/macOS-Swift/submodules/tgcalls/SharedHeaders/webrtc/third_party/abseil-cpp/absl/types/optional.h:39:
In file included from /Users/buddhirajgautam/Documents/Cherrygram-Mac/macOS-Swift/submodules/tgcalls/SharedHeaders/webrtc/third_party/abseil-cpp/absl/utility/utility.h:45:
/Users/buddhirajgautam/Documents/Cherrygram-Mac/macOS-Swift/submodules/tgcalls/SharedHeaders/webrtc/third_party/abseil-cpp/absl/meta/type_traits.h:511:36: warning: builtin __is_trivially_relocatable is deprecated; use __builtin_is_cpp_trivially_relocatable instead [-Wdeprecated-builtins]
  511 |     : std::integral_constant<bool, __is_trivially_relocatable(T)> {};
      |                                    ^
1 warning generated.

CompileC /Users/buddhirajgautam/Library/Developer/Xcode/DerivedData/Telegram-Mac-fygdgghdgmuleoelvxabfmqiotta/Build/Intermediates.noindex/TgVoipWebrtc.build/Debug/TgVoipWebrtc-t.build/Objects-normal/arm64/DesktopCaptureSourceViewMac.o /Users/buddhirajgautam/Documents/Cherrygram-Mac/macOS-Swift/submodules/tgcalls/tgcalls/platform/darwin/DesktopCaptureSourceViewMac.mm normal arm64 objective-c++ com.apple.compilers.llvm.clang.1_0.compiler (in target 'TgVoipWebrtc' from project 'TgVoipWebrtc')
    cd /Users/buddhirajgautam/Documents/Cherrygram-Mac/macOS-Swift
    
    Using response file: /Users/buddhirajgautam/Library/Developer/Xcode/DerivedData/Telegram-Mac-fygdgghdgmuleoelvxabfmqiotta/Build/Intermediates.noindex/TgVoipWebrtc.build/Debug/TgVoipWebrtc-t.build/Objects-normal/arm64/af3fcb34312c57c0f52879cdce924b91-common-args.resp
    
    /Applications/Xcode.app/Contents/Developer/Toolchains/XcodeDefault.xctoolchain/usr/bin/clang -x objective-c++ -ivfsstatcache /Users/buddhirajgautam/Library/Developer/Xcode/DerivedData/SDKStatCaches.noindex/macosx27.0-26A425-e829b21a6f8c9b70876ba0858053c0447231f6df4def33e022ae2eb8f782df1a.sdkstatcache -target arm64-apple-macos12.0 -fmessage-length\=0 -fdiagnostics-show-note-include-stack -fmacro-backtrace-limit\=0 -fno-color-diagnostics -fmodules-prune-interval\=86400 -fmodules-prune-after\=345600 -fbuild-session-file\=/Users/buddhirajgautam/Library/Developer/Xcode/DerivedData/ModuleCache.noindex/Session.modulevalidation -fmodules-validate-once-per-build-session -Wnon-modular-include-in-framework-module -Werror\=non-modular-include-in-framework-module -Wno-trigraphs -Wno-missing-field-initializers -Wno-missing-prototypes -Wno-return-type -Wno-implicit-atomic-properties -Wno-objc-interface-ivars -Wno-arc-repeated-use-of-weak -Wno-non-virtual-dtor -Wno-overloaded-virtual -Wno-exit-time-destructors -Wno-missing-braces -Wparentheses -Wswitch -Wno-unused-function -Wno-unused-label -Wno-unused-parameter -Wno-unused-variable -Wunused-value -Wno-empty-body -Wno-uninitialized -Wno-unknown-pragmas -Wno-shadow -Wno-four-char-constants -Wno-conversion -Wno-constant-conversion -Wno-int-conversion -Wno-bool-conversion -Wno-enum-conversion -Wno-float-conversion -Wno-non-literal-null-conversion -Wno-objc-literal-conversion -Wshorten-64-to-32 -Wno-newline-eof -Wno-selector -Wno-strict-selector-match -Wno-undeclared-selector -Wno-deprecated-implementations -Wno-c++11-extensions -Wno-implicit-fallthrough -isysroot /Applications/Xcode.app/Contents/Developer/Platforms/MacOSX.platform/Developer/SDKs/MacOSX27.0.sdk -fstrict-aliasing -Wprotocol -Wdeprecated-declarations -Winvalid-offsetof -Wno-sign-conversion -Wno-infinite-recursion -Wno-move -Wno-comma -Wno-block-capture-autoreleasing -Wno-strict-prototypes -Wno-range-loop-analysis -Wno-semicolon-before-method-body -index-store-path /Users/buddhirajgautam/Library/Developer/Xcode/DerivedData/Telegram-Mac-fygdgghdgmuleoelvxabfmqiotta/Index.noindex/DataStore @/Users/buddhirajgautam/Library/Developer/Xcode/DerivedData/Telegram-Mac-fygdgghdgmuleoelvxabfmqiotta/Build/Intermediates.noindex/TgVoipWebrtc.build/Debug/TgVoipWebrtc-t.build/Objects-normal/arm64/af3fcb34312c57c0f52879cdce924b91-common-args.resp -MMD -MT dependencies -MF /Users/buddhirajgautam/Library/Developer/Xcode/DerivedData/Telegram-Mac-fygdgghdgmuleoelvxabfmqiotta/Build/Intermediates.noindex/TgVoipWebrtc.build/Debug/TgVoipWebrtc-t.build/Objects-normal/arm64/DesktopCaptureSourceViewMac.d --serialize-diagnostics /Users/buddhirajgautam/Library/Developer/Xcode/DerivedData/Telegram-Mac-fygdgghdgmuleoelvxabfmqiotta/Build/Intermediates.noindex/TgVoipWebrtc.build/Debug/TgVoipWebrtc-t.build/Objects-normal/arm64/DesktopCaptureSourceViewMac.dia -c /Users/buddhirajgautam/Documents/Cherrygram-Mac/macOS-Swift/submodules/tgcalls/tgcalls/platform/darwin/DesktopCaptureSourceViewMac.mm -o /Users/buddhirajgautam/Library/Developer/Xcode/DerivedData/Telegram-Mac-fygdgghdgmuleoelvxabfmqiotta/Build/Intermediates.noindex/TgVoipWebrtc.build/Debug/TgVoipWebrtc-t.build/Objects-normal/arm64/DesktopCaptureSourceViewMac.o -index-unit-output-path /TgVoipWebrtc.build/Debug/TgVoipWebrtc-t.build/Objects-normal/arm64/DesktopCaptureSourceViewMac.o
In file included from /Users/buddhirajgautam/Documents/Cherrygram-Mac/macOS-Swift/submodules/tgcalls/tgcalls/platform/darwin/DesktopCaptureSourceViewMac.mm:10:
In file included from /Users/buddhirajgautam/Documents/Cherrygram-Mac/macOS-Swift/submodules/tgcalls/tgcalls/platform/darwin/VideoMetalViewMac.h:7:
In file included from /Users/buddhirajgautam/Documents/Cherrygram-Mac/macOS-Swift/submodules/tgcalls/SharedHeaders/webrtc/api/media_stream_interface.h:24:
In file included from /Users/buddhirajgautam/Documents/Cherrygram-Mac/macOS-Swift/submodules/tgcalls/SharedHeaders/webrtc/third_party/abseil-cpp/absl/types/optional.h:39:
In file included from /Users/buddhirajgautam/Documents/Cherrygram-Mac/macOS-Swift/submodules/tgcalls/SharedHeaders/webrtc/third_party/abseil-cpp/absl/utility/utility.h:45:
/Users/buddhirajgautam/Documents/Cherrygram-Mac/macOS-Swift/submodules/tgcalls/SharedHeaders/webrtc/third_party/abseil-cpp/absl/meta/type_traits.h:511:36: warning: builtin __is_trivially_relocatable is deprecated; use __builtin_is_cpp_trivially_relocatable instead [-Wdeprecated-builtins]
  511 |     : std::integral_constant<bool, __is_trivially_relocatable(T)> {};
      |                                    ^
1 warning generated.

CompileC /Users/buddhirajgautam/Library/Developer/Xcode/DerivedData/Telegram-Mac-fygdgghdgmuleoelvxabfmqiotta/Build/Intermediates.noindex/TgVoipWebrtc.build/Debug/TgVoipWebrtc-t.build/Objects-normal/arm64/DesktopCaptureSourceManager.o /Users/buddhirajgautam/Documents/Cherrygram-Mac/macOS-Swift/submodules/tgcalls/tgcalls/desktop_capturer/DesktopCaptureSourceManager.cpp normal arm64 c++ com.apple.compilers.llvm.clang.1_0.compiler (in target 'TgVoipWebrtc' from project 'TgVoipWebrtc')
    cd /Users/buddhirajgautam/Documents/Cherrygram-Mac/macOS-Swift
    
    Using response file: /Users/buddhirajgautam/Library/Developer/Xcode/DerivedData/Telegram-Mac-fygdgghdgmuleoelvxabfmqiotta/Build/Intermediates.noindex/TgVoipWebrtc.build/Debug/TgVoipWebrtc-t.build/Objects-normal/arm64/82b82416624d2658e5098eb0a28c15c5-common-args.resp
    
    /Applications/Xcode.app/Contents/Developer/Toolchains/XcodeDefault.xctoolchain/usr/bin/clang -x c++ -ivfsstatcache /Users/buddhirajgautam/Library/Developer/Xcode/DerivedData/SDKStatCaches.noindex/macosx27.0-26A425-e829b21a6f8c9b70876ba0858053c0447231f6df4def33e022ae2eb8f782df1a.sdkstatcache -target arm64-apple-macos12.0 -fmessage-length\=0 -fdiagnostics-show-note-include-stack -fmacro-backtrace-limit\=0 -fno-color-diagnostics -fmodules-prune-interval\=86400 -fmodules-prune-after\=345600 -fbuild-session-file\=/Users/buddhirajgautam/Library/Developer/Xcode/DerivedData/ModuleCache.noindex/Session.modulevalidation -fmodules-validate-once-per-build-session -Wnon-modular-include-in-framework-module -Werror\=non-modular-include-in-framework-module -Wno-trigraphs -Wno-missing-field-initializers -Wno-missing-prototypes -Wno-return-type -Wno-non-virtual-dtor -Wno-overloaded-virtual -Wno-exit-time-destructors -Wno-missing-braces -Wparentheses -Wswitch -Wno-unused-function -Wno-unused-label -Wno-unused-parameter -Wno-unused-variable -Wunused-value -Wno-empty-body -Wno-uninitialized -Wno-unknown-pragmas -Wno-shadow -Wno-four-char-constants -Wno-conversion -Wno-constant-conversion -Wno-int-conversion -Wno-bool-conversion -Wno-enum-conversion -Wno-float-conversion -Wno-non-literal-null-conversion -Wno-objc-literal-conversion -Wshorten-64-to-32 -Wno-newline-eof -Wno-c++11-extensions -Wno-implicit-fallthrough -isysroot /Applications/Xcode.app/Contents/Developer/Platforms/MacOSX.platform/Developer/SDKs/MacOSX27.0.sdk -fstrict-aliasing -Wdeprecated-declarations -Winvalid-offsetof -Wno-sign-conversion -Wno-infinite-recursion -Wno-move -Wno-comma -Wno-block-capture-autoreleasing -Wno-strict-prototypes -Wno-range-loop-analysis -Wno-semicolon-before-method-body -index-store-path /Users/buddhirajgautam/Library/Developer/Xcode/DerivedData/Telegram-Mac-fygdgghdgmuleoelvxabfmqiotta/Index.noindex/DataStore @/Users/buddhirajgautam/Library/Developer/Xcode/DerivedData/Telegram-Mac-fygdgghdgmuleoelvxabfmqiotta/Build/Intermediates.noindex/TgVoipWebrtc.build/Debug/TgVoipWebrtc-t.build/Objects-normal/arm64/82b82416624d2658e5098eb0a28c15c5-common-args.resp -MMD -MT dependencies -MF /Users/buddhirajgautam/Library/Developer/Xcode/DerivedData/Telegram-Mac-fygdgghdgmuleoelvxabfmqiotta/Build/Intermediates.noindex/TgVoipWebrtc.build/Debug/TgVoipWebrtc-t.build/Objects-normal/arm64/DesktopCaptureSourceManager.d --serialize-diagnostics /Users/buddhirajgautam/Library/Developer/Xcode/DerivedData/Telegram-Mac-fygdgghdgmuleoelvxabfmqiotta/Build/Intermediates.noindex/TgVoipWebrtc.build/Debug/TgVoipWebrtc-t.build/Objects-normal/arm64/DesktopCaptureSourceManager.dia -c /Users/buddhirajgautam/Documents/Cherrygram-Mac/macOS-Swift/submodules/tgcalls/tgcalls/desktop_capturer/DesktopCaptureSourceManager.cpp -o /Users/buddhirajgautam/Library/Developer/Xcode/DerivedData/Telegram-Mac-fygdgghdgmuleoelvxabfmqiotta/Build/Intermediates.noindex/TgVoipWebrtc.build/Debug/TgVoipWebrtc-t.build/Objects-normal/arm64/DesktopCaptureSourceManager.o -index-unit-output-path /TgVoipWebrtc.build/Debug/TgVoipWebrtc-t.build/Objects-normal/arm64/DesktopCaptureSourceManager.o
In file included from /Users/buddhirajgautam/Documents/Cherrygram-Mac/macOS-Swift/submodules/tgcalls/tgcalls/desktop_capturer/DesktopCaptureSourceManager.cpp:11:
In file included from /Users/buddhirajgautam/Documents/Cherrygram-Mac/macOS-Swift/submodules/tgcalls/SharedHeaders/webrtc/modules/desktop_capture/desktop_and_cursor_composer.h:18:
In file included from /Users/buddhirajgautam/Documents/Cherrygram-Mac/macOS-Swift/submodules/tgcalls/SharedHeaders/webrtc/modules/desktop_capture/desktop_capture_options.h:25:
In file included from /Users/buddhirajgautam/Documents/Cherrygram-Mac/macOS-Swift/submodules/tgcalls/SharedHeaders/webrtc/modules/desktop_capture/mac/desktop_configuration_monitor.h:21:
In file included from /Users/buddhirajgautam/Documents/Cherrygram-Mac/macOS-Swift/submodules/tgcalls/SharedHeaders/webrtc/rtc_base/synchronization/mutex.h:18:
In file included from /Users/buddhirajgautam/Documents/Cherrygram-Mac/macOS-Swift/submodules/tgcalls/SharedHeaders/webrtc/rtc_base/checks.h:57:
/Users/buddhirajgautam/Documents/Cherrygram-Mac/macOS-Swift/submodules/tgcalls/SharedHeaders/webrtc/third_party/abseil-cpp/absl/meta/type_traits.h:511:36: warning: builtin __is_trivially_relocatable is deprecated; use __builtin_is_cpp_trivially_relocatable instead [-Wdeprecated-builtins]
  511 |     : std::integral_constant<bool, __is_trivially_relocatable(T)> {};
      |                                    ^
1 warning generated.

CompileC /Users/buddhirajgautam/Library/Developer/Xcode/DerivedData/Telegram-Mac-fygdgghdgmuleoelvxabfmqiotta/Build/Intermediates.noindex/TgVoipWebrtc.build/Debug/TgVoipWebrtc-t.build/Objects-normal/arm64/DesktopCaptureSourceHelper.o /Users/buddhirajgautam/Documents/Cherrygram-Mac/macOS-Swift/submodules/tgcalls/tgcalls/desktop_capturer/DesktopCaptureSourceHelper.cpp normal arm64 c++ com.apple.compilers.llvm.clang.1_0.compiler (in target 'TgVoipWebrtc' from project 'TgVoipWebrtc')
    cd /Users/buddhirajgautam/Documents/Cherrygram-Mac/macOS-Swift
    
    Using response file: /Users/buddhirajgautam/Library/Developer/Xcode/DerivedData/Telegram-Mac-fygdgghdgmuleoelvxabfmqiotta/Build/Intermediates.noindex/TgVoipWebrtc.build/Debug/TgVoipWebrtc-t.build/Objects-normal/arm64/82b82416624d2658e5098eb0a28c15c5-common-args.resp
    
    /Applications/Xcode.app/Contents/Developer/Toolchains/XcodeDefault.xctoolchain/usr/bin/clang -x c++ -ivfsstatcache /Users/buddhirajgautam/Library/Developer/Xcode/DerivedData/SDKStatCaches.noindex/macosx27.0-26A425-e829b21a6f8c9b70876ba0858053c0447231f6df4def33e022ae2eb8f782df1a.sdkstatcache -target arm64-apple-macos12.0 -fmessage-length\=0 -fdiagnostics-show-note-include-stack -fmacro-backtrace-limit\=0 -fno-color-diagnostics -fmodules-prune-interval\=86400 -fmodules-prune-after\=345600 -fbuild-session-file\=/Users/buddhirajgautam/Library/Developer/Xcode/DerivedData/ModuleCache.noindex/Session.modulevalidation -fmodules-validate-once-per-build-session -Wnon-modular-include-in-framework-module -Werror\=non-modular-include-in-framework-module -Wno-trigraphs -Wno-missing-field-initializers -Wno-missing-prototypes -Wno-return-type -Wno-non-virtual-dtor -Wno-overloaded-virtual -Wno-exit-time-destructors -Wno-missing-braces -Wparentheses -Wswitch -Wno-unused-function -Wno-unused-label -Wno-unused-parameter -Wno-unused-variable -Wunused-value -Wno-empty-body -Wno-uninitialized -Wno-unknown-pragmas -Wno-shadow -Wno-four-char-constants -Wno-conversion -Wno-constant-conversion -Wno-int-conversion -Wno-bool-conversion -Wno-enum-conversion -Wno-float-conversion -Wno-non-literal-null-conversion -Wno-objc-literal-conversion -Wshorten-64-to-32 -Wno-newline-eof -Wno-c++11-extensions -Wno-implicit-fallthrough -isysroot /Applications/Xcode.app/Contents/Developer/Platforms/MacOSX.platform/Developer/SDKs/MacOSX27.0.sdk -fstrict-aliasing -Wdeprecated-declarations -Winvalid-offsetof -Wno-sign-conversion -Wno-infinite-recursion -Wno-move -Wno-comma -Wno-block-capture-autoreleasing -Wno-strict-prototypes -Wno-range-loop-analysis -Wno-semicolon-before-method-body -index-store-path /Users/buddhirajgautam/Library/Developer/Xcode/DerivedData/Telegram-Mac-fygdgghdgmuleoelvxabfmqiotta/Index.noindex/DataStore @/Users/buddhirajgautam/Library/Developer/Xcode/DerivedData/Telegram-Mac-fygdgghdgmuleoelvxabfmqiotta/Build/Intermediates.noindex/TgVoipWebrtc.build/Debug/TgVoipWebrtc-t.build/Objects-normal/arm64/82b82416624d2658e5098eb0a28c15c5-common-args.resp -MMD -MT dependencies -MF /Users/buddhirajgautam/Library/Developer/Xcode/DerivedData/Telegram-Mac-fygdgghdgmuleoelvxabfmqiotta/Build/Intermediates.noindex/TgVoipWebrtc.build/Debug/TgVoipWebrtc-t.build/Objects-normal/arm64/DesktopCaptureSourceHelper.d --serialize-diagnostics /Users/buddhirajgautam/Library/Developer/Xcode/DerivedData/Telegram-Mac-fygdgghdgmuleoelvxabfmqiotta/Build/Intermediates.noindex/TgVoipWebrtc.build/Debug/TgVoipWebrtc-t.build/Objects-normal/arm64/DesktopCaptureSourceHelper.dia -c /Users/buddhirajgautam/Documents/Cherrygram-Mac/macOS-Swift/submodules/tgcalls/tgcalls/desktop_capturer/DesktopCaptureSourceHelper.cpp -o /Users/buddhirajgautam/Library/Developer/Xcode/DerivedData/Telegram-Mac-fygdgghdgmuleoelvxabfmqiotta/Build/Intermediates.noindex/TgVoipWebrtc.build/Debug/TgVoipWebrtc-t.build/Objects-normal/arm64/DesktopCaptureSourceHelper.o -index-unit-output-path /TgVoipWebrtc.build/Debug/TgVoipWebrtc-t.build/Objects-normal/arm64/DesktopCaptureSourceHelper.o
In file included from /Users/buddhirajgautam/Documents/Cherrygram-Mac/macOS-Swift/submodules/tgcalls/tgcalls/desktop_capturer/DesktopCaptureSourceHelper.cpp:20:
In file included from /Users/buddhirajgautam/Documents/Cherrygram-Mac/macOS-Swift/submodules/tgcalls/SharedHeaders/webrtc/rtc_base/thread.h:26:
In file included from /Users/buddhirajgautam/Documents/Cherrygram-Mac/macOS-Swift/submodules/tgcalls/SharedHeaders/webrtc/third_party/abseil-cpp/absl/strings/string_view.h:40:
In file included from /Users/buddhirajgautam/Documents/Cherrygram-Mac/macOS-Swift/submodules/tgcalls/SharedHeaders/webrtc/third_party/abseil-cpp/absl/base/nullability.h:153:
In file included from /Users/buddhirajgautam/Documents/Cherrygram-Mac/macOS-Swift/submodules/tgcalls/SharedHeaders/webrtc/third_party/abseil-cpp/absl/base/internal/nullability_impl.h:22:
/Users/buddhirajgautam/Documents/Cherrygram-Mac/macOS-Swift/submodules/tgcalls/SharedHeaders/webrtc/third_party/abseil-cpp/absl/meta/type_traits.h:511:36: warning: builtin __is_trivially_relocatable is deprecated; use __builtin_is_cpp_trivially_relocatable instead [-Wdeprecated-builtins]
  511 |     : std::integral_constant<bool, __is_trivially_relocatable(T)> {};
      |                                    ^
1 warning generated.

CompileC /Users/buddhirajgautam/Library/Developer/Xcode/DerivedData/Telegram-Mac-fygdgghdgmuleoelvxabfmqiotta/Build/Intermediates.noindex/TgVoipWebrtc.build/Debug/TgVoipWebrtc-t.build/Objects-normal/arm64/DesktopCaptureSource.o /Users/buddhirajgautam/Documents/Cherrygram-Mac/macOS-Swift/submodules/tgcalls/tgcalls/desktop_capturer/DesktopCaptureSource.cpp normal arm64 c++ com.apple.compilers.llvm.clang.1_0.compiler (in target 'TgVoipWebrtc' from project 'TgVoipWebrtc')
    cd /Users/buddhirajgautam/Documents/Cherrygram-Mac/macOS-Swift
    
    Using response file: /Users/buddhirajgautam/Library/Developer/Xcode/DerivedData/Telegram-Mac-fygdgghdgmuleoelvxabfmqiotta/Build/Intermediates.noindex/TgVoipWebrtc.build/Debug/TgVoipWebrtc-t.build/Objects-normal/arm64/82b82416624d2658e5098eb0a28c15c5-common-args.resp
    
    /Applications/Xcode.app/Contents/Developer/Toolchains/XcodeDefault.xctoolchain/usr/bin/clang -x c++ -ivfsstatcache /Users/buddhirajgautam/Library/Developer/Xcode/DerivedData/SDKStatCaches.noindex/macosx27.0-26A425-e829b21a6f8c9b70876ba0858053c0447231f6df4def33e022ae2eb8f782df1a.sdkstatcache -target arm64-apple-macos12.0 -fmessage-length\=0 -fdiagnostics-show-note-include-stack -fmacro-backtrace-limit\=0 -fno-color-diagnostics -fmodules-prune-interval\=86400 -fmodules-prune-after\=345600 -fbuild-session-file\=/Users/buddhirajgautam/Library/Developer/Xcode/DerivedData/ModuleCache.noindex/Session.modulevalidation -fmodules-validate-once-per-build-session -Wnon-modular-include-in-framework-module -Werror\=non-modular-include-in-framework-module -Wno-trigraphs -Wno-missing-field-initializers -Wno-missing-prototypes -Wno-return-type -Wno-non-virtual-dtor -Wno-overloaded-virtual -Wno-exit-time-destructors -Wno-missing-braces -Wparentheses -Wswitch -Wno-unused-function -Wno-unused-label -Wno-unused-parameter -Wno-unused-variable -Wunused-value -Wno-empty-body -Wno-uninitialized -Wno-unknown-pragmas -Wno-shadow -Wno-four-char-constants -Wno-conversion -Wno-constant-conversion -Wno-int-conversion -Wno-bool-conversion -Wno-enum-conversion -Wno-float-conversion -Wno-non-literal-null-conversion -Wno-objc-literal-conversion -Wshorten-64-to-32 -Wno-newline-eof -Wno-c++11-extensions -Wno-implicit-fallthrough -isysroot /Applications/Xcode.app/Contents/Developer/Platforms/MacOSX.platform/Developer/SDKs/MacOSX27.0.sdk -fstrict-aliasing -Wdeprecated-declarations -Winvalid-offsetof -Wno-sign-conversion -Wno-infinite-recursion -Wno-move -Wno-comma -Wno-block-capture-autoreleasing -Wno-strict-prototypes -Wno-range-loop-analysis -Wno-semicolon-before-method-body -index-store-path /Users/buddhirajgautam/Library/Developer/Xcode/DerivedData/Telegram-Mac-fygdgghdgmuleoelvxabfmqiotta/Index.noindex/DataStore @/Users/buddhirajgautam/Library/Developer/Xcode/DerivedData/Telegram-Mac-fygdgghdgmuleoelvxabfmqiotta/Build/Intermediates.noindex/TgVoipWebrtc.build/Debug/TgVoipWebrtc-t.build/Objects-normal/arm64/82b82416624d2658e5098eb0a28c15c5-common-args.resp -MMD -MT dependencies -MF /Users/buddhirajgautam/Library/Developer/Xcode/DerivedData/Telegram-Mac-fygdgghdgmuleoelvxabfmqiotta/Build/Intermediates.noindex/TgVoipWebrtc.build/Debug/TgVoipWebrtc-t.build/Objects-normal/arm64/DesktopCaptureSource.d --serialize-diagnostics /Users/buddhirajgautam/Library/Developer/Xcode/DerivedData/Telegram-Mac-fygdgghdgmuleoelvxabfmqiotta/Build/Intermediates.noindex/TgVoipWebrtc.build/Debug/TgVoipWebrtc-t.build/Objects-normal/arm64/DesktopCaptureSource.dia -c /Users/buddhirajgautam/Documents/Cherrygram-Mac/macOS-Swift/submodules/tgcalls/tgcalls/desktop_capturer/DesktopCaptureSource.cpp -o /Users/buddhirajgautam/Library/Developer/Xcode/DerivedData/Telegram-Mac-fygdgghdgmuleoelvxabfmqiotta/Build/Intermediates.noindex/TgVoipWebrtc.build/Debug/TgVoipWebrtc-t.build/Objects-normal/arm64/DesktopCaptureSource.o -index-unit-output-path /TgVoipWebrtc.build/Debug/TgVoipWebrtc-t.build/Objects-normal/arm64/DesktopCaptureSource.o

CompileC /Users/buddhirajgautam/Library/Developer/Xcode/DerivedData/Telegram-Mac-fygdgghdgmuleoelvxabfmqiotta/Build/Intermediates.noindex/TgVoipWebrtc.build/Debug/TgVoipWebrtc-t.build/Objects-normal/arm64/DarwinVideoSource.o /Users/buddhirajgautam/Documents/Cherrygram-Mac/macOS-Swift/submodules/tgcalls/tgcalls/platform/darwin/DarwinVideoSource.mm normal arm64 objective-c++ com.apple.compilers.llvm.clang.1_0.compiler (in target 'TgVoipWebrtc' from project 'TgVoipWebrtc')
    cd /Users/buddhirajgautam/Documents/Cherrygram-Mac/macOS-Swift
    
    Using response file: /Users/buddhirajgautam/Library/Developer/Xcode/DerivedData/Telegram-Mac-fygdgghdgmuleoelvxabfmqiotta/Build/Intermediates.noindex/TgVoipWebrtc.build/Debug/TgVoipWebrtc-t.build/Objects-normal/arm64/af3fcb34312c57c0f52879cdce924b91-common-args.resp
    
    /Applications/Xcode.app/Contents/Developer/Toolchains/XcodeDefault.xctoolchain/usr/bin/clang -x objective-c++ -ivfsstatcache /Users/buddhirajgautam/Library/Developer/Xcode/DerivedData/SDKStatCaches.noindex/macosx27.0-26A425-e829b21a6f8c9b70876ba0858053c0447231f6df4def33e022ae2eb8f782df1a.sdkstatcache -target arm64-apple-macos12.0 -fmessage-length\=0 -fdiagnostics-show-note-include-stack -fmacro-backtrace-limit\=0 -fno-color-diagnostics -fmodules-prune-interval\=86400 -fmodules-prune-after\=345600 -fbuild-session-file\=/Users/buddhirajgautam/Library/Developer/Xcode/DerivedData/ModuleCache.noindex/Session.modulevalidation -fmodules-validate-once-per-build-session -Wnon-modular-include-in-framework-module -Werror\=non-modular-include-in-framework-module -Wno-trigraphs -Wno-missing-field-initializers -Wno-missing-prototypes -Wno-return-type -Wno-implicit-atomic-properties -Wno-objc-interface-ivars -Wno-arc-repeated-use-of-weak -Wno-non-virtual-dtor -Wno-overloaded-virtual -Wno-exit-time-destructors -Wno-missing-braces -Wparentheses -Wswitch -Wno-unused-function -Wno-unused-label -Wno-unused-parameter -Wno-unused-variable -Wunused-value -Wno-empty-body -Wno-uninitialized -Wno-unknown-pragmas -Wno-shadow -Wno-four-char-constants -Wno-conversion -Wno-constant-conversion -Wno-int-conversion -Wno-bool-conversion -Wno-enum-conversion -Wno-float-conversion -Wno-non-literal-null-conversion -Wno-objc-literal-conversion -Wshorten-64-to-32 -Wno-newline-eof -Wno-selector -Wno-strict-selector-match -Wno-undeclared-selector -Wno-deprecated-implementations -Wno-c++11-extensions -Wno-implicit-fallthrough -isysroot /Applications/Xcode.app/Contents/Developer/Platforms/MacOSX.platform/Developer/SDKs/MacOSX27.0.sdk -fstrict-aliasing -Wprotocol -Wdeprecated-declarations -Winvalid-offsetof -Wno-sign-conversion -Wno-infinite-recursion -Wno-move -Wno-comma -Wno-block-capture-autoreleasing -Wno-strict-prototypes -Wno-range-loop-analysis -Wno-semicolon-before-method-body -index-store-path /Users/buddhirajgautam/Library/Developer/Xcode/DerivedData/Telegram-Mac-fygdgghdgmuleoelvxabfmqiotta/Index.noindex/DataStore @/Users/buddhirajgautam/Library/Developer/Xcode/DerivedData/Telegram-Mac-fygdgghdgmuleoelvxabfmqiotta/Build/Intermediates.noindex/TgVoipWebrtc.build/Debug/TgVoipWebrtc-t.build/Objects-normal/arm64/af3fcb34312c57c0f52879cdce924b91-common-args.resp -MMD -MT dependencies -MF /Users/buddhirajgautam/Library/Developer/Xcode/DerivedData/Telegram-Mac-fygdgghdgmuleoelvxabfmqiotta/Build/Intermediates.noindex/TgVoipWebrtc.build/Debug/TgVoipWebrtc-t.build/Objects-normal/arm64/DarwinVideoSource.d --serialize-diagnostics /Users/buddhirajgautam/Library/Developer/Xcode/DerivedData/Telegram-Mac-fygdgghdgmuleoelvxabfmqiotta/Build/Intermediates.noindex/TgVoipWebrtc.build/Debug/TgVoipWebrtc-t.build/Objects-normal/arm64/DarwinVideoSource.dia -c /Users/buddhirajgautam/Documents/Cherrygram-Mac/macOS-Swift/submodules/tgcalls/tgcalls/platform/darwin/DarwinVideoSource.mm -o /Users/buddhirajgautam/Library/Developer/Xcode/DerivedData/Telegram-Mac-fygdgghdgmuleoelvxabfmqiotta/Build/Intermediates.noindex/TgVoipWebrtc.build/Debug/TgVoipWebrtc-t.build/Objects-normal/arm64/DarwinVideoSource.o -index-unit-output-path /TgVoipWebrtc.build/Debug/TgVoipWebrtc-t.build/Objects-normal/arm64/DarwinVideoSource.o
In file included from /Users/buddhirajgautam/Documents/Cherrygram-Mac/macOS-Swift/submodules/tgcalls/tgcalls/platform/darwin/DarwinVideoSource.mm:11:
In file included from /Users/buddhirajgautam/Documents/Cherrygram-Mac/macOS-Swift/submodules/tgcalls/tgcalls/platform/darwin/DarwinVideoSource.h:18:
In file included from /Users/buddhirajgautam/Documents/Cherrygram-Mac/macOS-Swift/submodules/tgcalls/SharedHeaders/webrtc/media/base/adapted_video_track_source.h:16:
In file included from /Users/buddhirajgautam/Documents/Cherrygram-Mac/macOS-Swift/submodules/tgcalls/SharedHeaders/webrtc/third_party/abseil-cpp/absl/types/optional.h:39:
In file included from /Users/buddhirajgautam/Documents/Cherrygram-Mac/macOS-Swift/submodules/tgcalls/SharedHeaders/webrtc/third_party/abseil-cpp/absl/utility/utility.h:45:
/Users/buddhirajgautam/Documents/Cherrygram-Mac/macOS-Swift/submodules/tgcalls/SharedHeaders/webrtc/third_party/abseil-cpp/absl/meta/type_traits.h:511:36: warning: builtin __is_trivially_relocatable is deprecated; use __builtin_is_cpp_trivially_relocatable instead [-Wdeprecated-builtins]
  511 |     : std::integral_constant<bool, __is_trivially_relocatable(T)> {};
      |                                    ^
1 warning generated.

CompileC /Users/buddhirajgautam/Library/Developer/Xcode/DerivedData/Telegram-Mac-fygdgghdgmuleoelvxabfmqiotta/Build/Intermediates.noindex/TgVoipWebrtc.build/Debug/TgVoipWebrtc-t.build/Objects-normal/arm64/DarwinInterface.o /Users/buddhirajgautam/Documents/Cherrygram-Mac/macOS-Swift/submodules/tgcalls/tgcalls/platform/darwin/DarwinInterface.mm normal arm64 objective-c++ com.apple.compilers.llvm.clang.1_0.compiler (in target 'TgVoipWebrtc' from project 'TgVoipWebrtc')
    cd /Users/buddhirajgautam/Documents/Cherrygram-Mac/macOS-Swift
    
    Using response file: /Users/buddhirajgautam/Library/Developer/Xcode/DerivedData/Telegram-Mac-fygdgghdgmuleoelvxabfmqiotta/Build/Intermediates.noindex/TgVoipWebrtc.build/Debug/TgVoipWebrtc-t.build/Objects-normal/arm64/af3fcb34312c57c0f52879cdce924b91-common-args.resp
    
    /Applications/Xcode.app/Contents/Developer/Toolchains/XcodeDefault.xctoolchain/usr/bin/clang -x objective-c++ -ivfsstatcache /Users/buddhirajgautam/Library/Developer/Xcode/DerivedData/SDKStatCaches.noindex/macosx27.0-26A425-e829b21a6f8c9b70876ba0858053c0447231f6df4def33e022ae2eb8f782df1a.sdkstatcache -target arm64-apple-macos12.0 -fmessage-length\=0 -fdiagnostics-show-note-include-stack -fmacro-backtrace-limit\=0 -fno-color-diagnostics -fmodules-prune-interval\=86400 -fmodules-prune-after\=345600 -fbuild-session-file\=/Users/buddhirajgautam/Library/Developer/Xcode/DerivedData/ModuleCache.noindex/Session.modulevalidation -fmodules-validate-once-per-build-session -Wnon-modular-include-in-framework-module -Werror\=non-modular-include-in-framework-module -Wno-trigraphs -Wno-missing-field-initializers -Wno-missing-prototypes -Wno-return-type -Wno-implicit-atomic-properties -Wno-objc-interface-ivars -Wno-arc-repeated-use-of-weak -Wno-non-virtual-dtor -Wno-overloaded-virtual -Wno-exit-time-destructors -Wno-missing-braces -Wparentheses -Wswitch -Wno-unused-function -Wno-unused-label -Wno-unused-parameter -Wno-unused-variable -Wunused-value -Wno-empty-body -Wno-uninitialized -Wno-unknown-pragmas -Wno-shadow -Wno-four-char-constants -Wno-conversion -Wno-constant-conversion -Wno-int-conversion -Wno-bool-conversion -Wno-enum-conversion -Wno-float-conversion -Wno-non-literal-null-conversion -Wno-objc-literal-conversion -Wshorten-64-to-32 -Wno-newline-eof -Wno-selector -Wno-strict-selector-match -Wno-undeclared-selector -Wno-deprecated-implementations -Wno-c++11-extensions -Wno-implicit-fallthrough -isysroot /Applications/Xcode.app/Contents/Developer/Platforms/MacOSX.platform/Developer/SDKs/MacOSX27.0.sdk -fstrict-aliasing -Wprotocol -Wdeprecated-declarations -Winvalid-offsetof -Wno-sign-conversion -Wno-infinite-recursion -Wno-move -Wno-comma -Wno-block-capture-autoreleasing -Wno-strict-prototypes -Wno-range-loop-analysis -Wno-semicolon-before-method-body -index-store-path /Users/buddhirajgautam/Library/Developer/Xcode/DerivedData/Telegram-Mac-fygdgghdgmuleoelvxabfmqiotta/Index.noindex/DataStore @/Users/buddhirajgautam/Library/Developer/Xcode/DerivedData/Telegram-Mac-fygdgghdgmuleoelvxabfmqiotta/Build/Intermediates.noindex/TgVoipWebrtc.build/Debug/TgVoipWebrtc-t.build/Objects-normal/arm64/af3fcb34312c57c0f52879cdce924b91-common-args.resp -MMD -MT dependencies -MF /Users/buddhirajgautam/Library/Developer/Xcode/DerivedData/Telegram-Mac-fygdgghdgmuleoelvxabfmqiotta/Build/Intermediates.noindex/TgVoipWebrtc.build/Debug/TgVoipWebrtc-t.build/Objects-normal/arm64/DarwinInterface.d --serialize-diagnostics /Users/buddhirajgautam/Library/Developer/Xcode/DerivedData/Telegram-Mac-fygdgghdgmuleoelvxabfmqiotta/Build/Intermediates.noindex/TgVoipWebrtc.build/Debug/TgVoipWebrtc-t.build/Objects-normal/arm64/DarwinInterface.dia -c /Users/buddhirajgautam/Documents/Cherrygram-Mac/macOS-Swift/submodules/tgcalls/tgcalls/platform/darwin/DarwinInterface.mm -o /Users/buddhirajgautam/Library/Developer/Xcode/DerivedData/Telegram-Mac-fygdgghdgmuleoelvxabfmqiotta/Build/Intermediates.noindex/TgVoipWebrtc.build/Debug/TgVoipWebrtc-t.build/Objects-normal/arm64/DarwinInterface.o -index-unit-output-path /TgVoipWebrtc.build/Debug/TgVoipWebrtc-t.build/Objects-normal/arm64/DarwinInterface.o
In file included from /Users/buddhirajgautam/Documents/Cherrygram-Mac/macOS-Swift/submodules/tgcalls/tgcalls/platform/darwin/DarwinInterface.mm:1:
In file included from /Users/buddhirajgautam/Documents/Cherrygram-Mac/macOS-Swift/submodules/tgcalls/tgcalls/platform/darwin/DarwinInterface.h:4:
In file included from /Users/buddhirajgautam/Documents/Cherrygram-Mac/macOS-Swift/submodules/tgcalls/tgcalls/platform/PlatformInterface.h:4:
In file included from /Users/buddhirajgautam/Documents/Cherrygram-Mac/macOS-Swift/submodules/tgcalls/SharedHeaders/webrtc/rtc_base/thread.h:26:
In file included from /Users/buddhirajgautam/Documents/Cherrygram-Mac/macOS-Swift/submodules/tgcalls/SharedHeaders/webrtc/third_party/abseil-cpp/absl/strings/string_view.h:40:
In file included from /Users/buddhirajgautam/Documents/Cherrygram-Mac/macOS-Swift/submodules/tgcalls/SharedHeaders/webrtc/third_party/abseil-cpp/absl/base/nullability.h:153:
In file included from /Users/buddhirajgautam/Documents/Cherrygram-Mac/macOS-Swift/submodules/tgcalls/SharedHeaders/webrtc/third_party/abseil-cpp/absl/base/internal/nullability_impl.h:22:
/Users/buddhirajgautam/Documents/Cherrygram-Mac/macOS-Swift/submodules/tgcalls/SharedHeaders/webrtc/third_party/abseil-cpp/absl/meta/type_traits.h:511:36: warning: builtin __is_trivially_relocatable is deprecated; use __builtin_is_cpp_trivially_relocatable instead [-Wdeprecated-builtins]
  511 |     : std::integral_constant<bool, __is_trivially_relocatable(T)> {};
      |                                    ^
1 warning generated.

CompileC /Users/buddhirajgautam/Library/Developer/Xcode/DerivedData/Telegram-Mac-fygdgghdgmuleoelvxabfmqiotta/Build/Intermediates.noindex/TgVoipWebrtc.build/Debug/TgVoipWebrtc-t.build/Objects-normal/arm64/DarwinFFMpeg.o /Users/buddhirajgautam/Documents/Cherrygram-Mac/macOS-Swift/submodules/tgcalls/tgcalls/platform/darwin/DarwinFFMpeg.mm normal arm64 objective-c++ com.apple.compilers.llvm.clang.1_0.compiler (in target 'TgVoipWebrtc' from project 'TgVoipWebrtc')
    cd /Users/buddhirajgautam/Documents/Cherrygram-Mac/macOS-Swift
    
    Using response file: /Users/buddhirajgautam/Library/Developer/Xcode/DerivedData/Telegram-Mac-fygdgghdgmuleoelvxabfmqiotta/Build/Intermediates.noindex/TgVoipWebrtc.build/Debug/TgVoipWebrtc-t.build/Objects-normal/arm64/af3fcb34312c57c0f52879cdce924b91-common-args.resp
    
    /Applications/Xcode.app/Contents/Developer/Toolchains/XcodeDefault.xctoolchain/usr/bin/clang -x objective-c++ -ivfsstatcache /Users/buddhirajgautam/Library/Developer/Xcode/DerivedData/SDKStatCaches.noindex/macosx27.0-26A425-e829b21a6f8c9b70876ba0858053c0447231f6df4def33e022ae2eb8f782df1a.sdkstatcache -target arm64-apple-macos12.0 -fmessage-length\=0 -fdiagnostics-show-note-include-stack -fmacro-backtrace-limit\=0 -fno-color-diagnostics -fmodules-prune-interval\=86400 -fmodules-prune-after\=345600 -fbuild-session-file\=/Users/buddhirajgautam/Library/Developer/Xcode/DerivedData/ModuleCache.noindex/Session.modulevalidation -fmodules-validate-once-per-build-session -Wnon-modular-include-in-framework-module -Werror\=non-modular-include-in-framework-module -Wno-trigraphs -Wno-missing-field-initializers -Wno-missing-prototypes -Wno-return-type -Wno-implicit-atomic-properties -Wno-objc-interface-ivars -Wno-arc-repeated-use-of-weak -Wno-non-virtual-dtor -Wno-overloaded-virtual -Wno-exit-time-destructors -Wno-missing-braces -Wparentheses -Wswitch -Wno-unused-function -Wno-unused-label -Wno-unused-parameter -Wno-unused-variable -Wunused-value -Wno-empty-body -Wno-uninitialized -Wno-unknown-pragmas -Wno-shadow -Wno-four-char-constants -Wno-conversion -Wno-constant-conversion -Wno-int-conversion -Wno-bool-conversion -Wno-enum-conversion -Wno-float-conversion -Wno-non-literal-null-conversion -Wno-objc-literal-conversion -Wshorten-64-to-32 -Wno-newline-eof -Wno-selector -Wno-strict-selector-match -Wno-undeclared-selector -Wno-deprecated-implementations -Wno-c++11-extensions -Wno-implicit-fallthrough -isysroot /Applications/Xcode.app/Contents/Developer/Platforms/MacOSX.platform/Developer/SDKs/MacOSX27.0.sdk -fstrict-aliasing -Wprotocol -Wdeprecated-declarations -Winvalid-offsetof -Wno-sign-conversion -Wno-infinite-recursion -Wno-move -Wno-comma -Wno-block-capture-autoreleasing -Wno-strict-prototypes -Wno-range-loop-analysis -Wno-semicolon-before-method-body -index-store-path /Users/buddhirajgautam/Library/Developer/Xcode/DerivedData/Telegram-Mac-fygdgghdgmuleoelvxabfmqiotta/Index.noindex/DataStore @/Users/buddhirajgautam/Library/Developer/Xcode/DerivedData/Telegram-Mac-fygdgghdgmuleoelvxabfmqiotta/Build/Intermediates.noindex/TgVoipWebrtc.build/Debug/TgVoipWebrtc-t.build/Objects-normal/arm64/af3fcb34312c57c0f52879cdce924b91-common-args.resp -MMD -MT dependencies -MF /Users/buddhirajgautam/Library/Developer/Xcode/DerivedData/Telegram-Mac-fygdgghdgmuleoelvxabfmqiotta/Build/Intermediates.noindex/TgVoipWebrtc.build/Debug/TgVoipWebrtc-t.build/Objects-normal/arm64/DarwinFFMpeg.d --serialize-diagnostics /Users/buddhirajgautam/Library/Developer/Xcode/DerivedData/Telegram-Mac-fygdgghdgmuleoelvxabfmqiotta/Build/Intermediates.noindex/TgVoipWebrtc.build/Debug/TgVoipWebrtc-t.build/Objects-normal/arm64/DarwinFFMpeg.dia -c /Users/buddhirajgautam/Documents/Cherrygram-Mac/macOS-Swift/submodules/tgcalls/tgcalls/platform/darwin/DarwinFFMpeg.mm -o /Users/buddhirajgautam/Library/Developer/Xcode/DerivedData/Telegram-Mac-fygdgghdgmuleoelvxabfmqiotta/Build/Intermediates.noindex/TgVoipWebrtc.build/Debug/TgVoipWebrtc-t.build/Objects-normal/arm64/DarwinFFMpeg.o -index-unit-output-path /TgVoipWebrtc.build/Debug/TgVoipWebrtc-t.build/Objects-normal/arm64/DarwinFFMpeg.o
In file included from /Users/buddhirajgautam/Documents/Cherrygram-Mac/macOS-Swift/submodules/tgcalls/tgcalls/platform/darwin/DarwinFFMpeg.mm:1:
In file included from /Users/buddhirajgautam/Documents/Cherrygram-Mac/macOS-Swift/submodules/tgcalls/tgcalls/platform/darwin/DarwinFFMpeg.h:4:
In file included from /Users/buddhirajgautam/Documents/Cherrygram-Mac/macOS-Swift/submodules/tgcalls/tgcalls/platform/PlatformInterface.h:4:
In file included from /Users/buddhirajgautam/Documents/Cherrygram-Mac/macOS-Swift/submodules/tgcalls/SharedHeaders/webrtc/rtc_base/thread.h:26:
In file included from /Users/buddhirajgautam/Documents/Cherrygram-Mac/macOS-Swift/submodules/tgcalls/SharedHeaders/webrtc/third_party/abseil-cpp/absl/strings/string_view.h:40:
In file included from /Users/buddhirajgautam/Documents/Cherrygram-Mac/macOS-Swift/submodules/tgcalls/SharedHeaders/webrtc/third_party/abseil-cpp/absl/base/nullability.h:153:
In file included from /Users/buddhirajgautam/Documents/Cherrygram-Mac/macOS-Swift/submodules/tgcalls/SharedHeaders/webrtc/third_party/abseil-cpp/absl/base/internal/nullability_impl.h:22:
/Users/buddhirajgautam/Documents/Cherrygram-Mac/macOS-Swift/submodules/tgcalls/SharedHeaders/webrtc/third_party/abseil-cpp/absl/meta/type_traits.h:511:36: warning: builtin __is_trivially_relocatable is deprecated; use __builtin_is_cpp_trivially_relocatable instead [-Wdeprecated-builtins]
  511 |     : std::integral_constant<bool, __is_trivially_relocatable(T)> {};
      |                                    ^
1 warning generated.

CompileC /Users/buddhirajgautam/Library/Developer/Xcode/DerivedData/Telegram-Mac-fygdgghdgmuleoelvxabfmqiotta/Build/Intermediates.noindex/TgVoipWebrtc.build/Debug/TgVoipWebrtc-t.build/Objects-normal/arm64/CustomSimulcastEncoderAdapter.o /Users/buddhirajgautam/Documents/Cherrygram-Mac/macOS-Swift/submodules/tgcalls/tgcalls/platform/darwin/CustomSimulcastEncoderAdapter.cpp normal arm64 c++ com.apple.compilers.llvm.clang.1_0.compiler (in target 'TgVoipWebrtc' from project 'TgVoipWebrtc')
    cd /Users/buddhirajgautam/Documents/Cherrygram-Mac/macOS-Swift
    
    Using response file: /Users/buddhirajgautam/Library/Developer/Xcode/DerivedData/Telegram-Mac-fygdgghdgmuleoelvxabfmqiotta/Build/Intermediates.noindex/TgVoipWebrtc.build/Debug/TgVoipWebrtc-t.build/Objects-normal/arm64/82b82416624d2658e5098eb0a28c15c5-common-args.resp
    
    /Applications/Xcode.app/Contents/Developer/Toolchains/XcodeDefault.xctoolchain/usr/bin/clang -x c++ -ivfsstatcache /Users/buddhirajgautam/Library/Developer/Xcode/DerivedData/SDKStatCaches.noindex/macosx27.0-26A425-e829b21a6f8c9b70876ba0858053c0447231f6df4def33e022ae2eb8f782df1a.sdkstatcache -target arm64-apple-macos12.0 -fmessage-length\=0 -fdiagnostics-show-note-include-stack -fmacro-backtrace-limit\=0 -fno-color-diagnostics -fmodules-prune-interval\=86400 -fmodules-prune-after\=345600 -fbuild-session-file\=/Users/buddhirajgautam/Library/Developer/Xcode/DerivedData/ModuleCache.noindex/Session.modulevalidation -fmodules-validate-once-per-build-session -Wnon-modular-include-in-framework-module -Werror\=non-modular-include-in-framework-module -Wno-trigraphs -Wno-missing-field-initializers -Wno-missing-prototypes -Wno-return-type -Wno-non-virtual-dtor -Wno-overloaded-virtual -Wno-exit-time-destructors -Wno-missing-braces -Wparentheses -Wswitch -Wno-unused-function -Wno-unused-label -Wno-unused-parameter -Wno-unused-variable -Wunused-value -Wno-empty-body -Wno-uninitialized -Wno-unknown-pragmas -Wno-shadow -Wno-four-char-constants -Wno-conversion -Wno-constant-conversion -Wno-int-conversion -Wno-bool-conversion -Wno-enum-conversion -Wno-float-conversion -Wno-non-literal-null-conversion -Wno-objc-literal-conversion -Wshorten-64-to-32 -Wno-newline-eof -Wno-c++11-extensions -Wno-implicit-fallthrough -isysroot /Applications/Xcode.app/Contents/Developer/Platforms/MacOSX.platform/Developer/SDKs/MacOSX27.0.sdk -fstrict-aliasing -Wdeprecated-declarations -Winvalid-offsetof -Wno-sign-conversion -Wno-infinite-recursion -Wno-move -Wno-comma -Wno-block-capture-autoreleasing -Wno-strict-prototypes -Wno-range-loop-analysis -Wno-semicolon-before-method-body -index-store-path /Users/buddhirajgautam/Library/Developer/Xcode/DerivedData/Telegram-Mac-fygdgghdgmuleoelvxabfmqiotta/Index.noindex/DataStore @/Users/buddhirajgautam/Library/Developer/Xcode/DerivedData/Telegram-Mac-fygdgghdgmuleoelvxabfmqiotta/Build/Intermediates.noindex/TgVoipWebrtc.build/Debug/TgVoipWebrtc-t.build/Objects-normal/arm64/82b82416624d2658e5098eb0a28c15c5-common-args.resp -MMD -MT dependencies -MF /Users/buddhirajgautam/Library/Developer/Xcode/DerivedData/Telegram-Mac-fygdgghdgmuleoelvxabfmqiotta/Build/Intermediates.noindex/TgVoipWebrtc.build/Debug/TgVoipWebrtc-t.build/Objects-normal/arm64/CustomSimulcastEncoderAdapter.d --serialize-diagnostics /Users/buddhirajgautam/Library/Developer/Xcode/DerivedData/Telegram-Mac-fygdgghdgmuleoelvxabfmqiotta/Build/Intermediates.noindex/TgVoipWebrtc.build/Debug/TgVoipWebrtc-t.build/Objects-normal/arm64/CustomSimulcastEncoderAdapter.dia -c /Users/buddhirajgautam/Documents/Cherrygram-Mac/macOS-Swift/submodules/tgcalls/tgcalls/platform/darwin/CustomSimulcastEncoderAdapter.cpp -o /Users/buddhirajgautam/Library/Developer/Xcode/DerivedData/Telegram-Mac-fygdgghdgmuleoelvxabfmqiotta/Build/Intermediates.noindex/TgVoipWebrtc.build/Debug/TgVoipWebrtc-t.build/Objects-normal/arm64/CustomSimulcastEncoderAdapter.o -index-unit-output-path /TgVoipWebrtc.build/Debug/TgVoipWebrtc-t.build/Objects-normal/arm64/CustomSimulcastEncoderAdapter.o
In file included from /Users/buddhirajgautam/Documents/Cherrygram-Mac/macOS-Swift/submodules/tgcalls/tgcalls/platform/darwin/CustomSimulcastEncoderAdapter.cpp:11:
In file included from /Users/buddhirajgautam/Documents/Cherrygram-Mac/macOS-Swift/submodules/tgcalls/tgcalls/platform/darwin/CustomSimulcastEncoderAdapter.h:23:
In file included from /Users/buddhirajgautam/Documents/Cherrygram-Mac/macOS-Swift/submodules/tgcalls/SharedHeaders/webrtc/third_party/abseil-cpp/absl/types/optional.h:39:
In file included from /Users/buddhirajgautam/Documents/Cherrygram-Mac/macOS-Swift/submodules/tgcalls/SharedHeaders/webrtc/third_party/abseil-cpp/absl/utility/utility.h:45:
/Users/buddhirajgautam/Documents/Cherrygram-Mac/macOS-Swift/submodules/tgcalls/SharedHeaders/webrtc/third_party/abseil-cpp/absl/meta/type_traits.h:511:36: warning: builtin __is_trivially_relocatable is deprecated; use __builtin_is_cpp_trivially_relocatable instead [-Wdeprecated-builtins]
  511 |     : std::integral_constant<bool, __is_trivially_relocatable(T)> {};
      |                                    ^
/Users/buddhirajgautam/Documents/Cherrygram-Mac/macOS-Swift/submodules/tgcalls/SharedHeaders/webrtc/third_party/abseil-cpp/absl/meta/type_traits.h:511:36: warning: builtin __is_trivially_relocatable is deprecated; use __builtin_is_cpp_trivially_relocatable instead [-Wdeprecated-builtins]
In file included from /Users/buddhirajgautam/Documents/Cherrygram-Mac/macOS-Swift/submodules/tgcalls/tgcalls/platform/darwin/CustomSimulcastEncoderAdapter.cpp:11:
In file included from /Users/buddhirajgautam/Documents/Cherrygram-Mac/macOS-Swift/submodules/tgcalls/tgcalls/platform/darwin/CustomSimulcastEncoderAdapter.h:26:
In file included from /Users/buddhirajgautam/Documents/Cherrygram-Mac/macOS-Swift/submodules/tgcalls/SharedHeaders/webrtc/api/video_codecs/sdp_video_format.h:17:
In file included from /Users/buddhirajgautam/Documents/Cherrygram-Mac/macOS-Swift/submodules/tgcalls/SharedHeaders/webrtc/third_party/abseil-cpp/absl/container/inlined_vector.h:53:
/Users/buddhirajgautam/Documents/Cherrygram-Mac/macOS-Swift/submodules/tgcalls/SharedHeaders/webrtc/third_party/abseil-cpp/absl/container/internal/inlined_vector.h:522:22: note: in instantiation of template class 'absl::is_trivially_relocatable<webrtc::DecodeTargetIndication>' requested here
  522 |                absl::is_trivially_relocatable<V>::value ||
      |                      ^
In file included from /Users/buddhirajgautam/Documents/Cherrygram-Mac/macOS-Swift/submodules/tgcalls/tgcalls/platform/darwin/CustomSimulcastEncoderAdapter.cpp:11:
In file included from /Users/buddhirajgautam/Documents/Cherrygram-Mac/macOS-Swift/submodules/tgcalls/tgcalls/platform/darwin/CustomSimulcastEncoderAdapter.h:25:
In file included from /Users/buddhirajgautam/Documents/Cherrygram-Mac/macOS-Swift/submodules/tgcalls/SharedHeaders/webrtc/api/sequence_checker.h:13:
In file included from /Users/buddhirajgautam/Documents/Cherrygram-Mac/macOS-Swift/submodules/tgcalls/SharedHeaders/webrtc/rtc_base/checks.h:58:
In file included from /Users/buddhirajgautam/Documents/Cherrygram-Mac/macOS-Swift/submodules/tgcalls/SharedHeaders/webrtc/third_party/abseil-cpp/absl/strings/string_view.h:43:
/Users/buddhirajgautam/Documents/Cherrygram-Mac/macOS-Swift/submodules/tgcalls/SharedHeaders/webrtc/third_party/abseil-cpp/absl/base/macros.h:128:49: note: expanded from macro 'ABSL_HARDENING_ASSERT'
  128 | #define ABSL_HARDENING_ASSERT(expr) ABSL_ASSERT(expr)
      |                                                 ^
/Users/buddhirajgautam/Documents/Cherrygram-Mac/macOS-Swift/submodules/tgcalls/SharedHeaders/webrtc/third_party/abseil-cpp/absl/base/macros.h:95:30: note: expanded from macro 'ABSL_ASSERT'
   95 |   (false ? static_cast<void>(expr) : static_cast<void>(0))
      |                              ^
In file included from /Users/buddhirajgautam/Documents/Cherrygram-Mac/macOS-Swift/submodules/tgcalls/tgcalls/platform/darwin/CustomSimulcastEncoderAdapter.cpp:11:
In file included from /Users/buddhirajgautam/Documents/Cherrygram-Mac/macOS-Swift/submodules/tgcalls/tgcalls/platform/darwin/CustomSimulcastEncoderAdapter.h:26:
In file included from /Users/buddhirajgautam/Documents/Cherrygram-Mac/macOS-Swift/submodules/tgcalls/SharedHeaders/webrtc/api/video_codecs/sdp_video_format.h:17:
/Users/buddhirajgautam/Documents/Cherrygram-Mac/macOS-Swift/submodules/tgcalls/SharedHeaders/webrtc/third_party/abseil-cpp/absl/container/inlined_vector.h:856:14: note: in instantiation of member function 'absl::inlined_vector_internal::Storage<webrtc::DecodeTargetIndication, 10, std::allocator<webrtc::DecodeTargetIndication>>::MemcpyFrom' requested here
  856 |     storage_.MemcpyFrom(other.storage_);
      |              ^
/Users/buddhirajgautam/Documents/Cherrygram-Mac/macOS-Swift/submodules/tgcalls/SharedHeaders/webrtc/third_party/abseil-cpp/absl/container/inlined_vector.h:548:7: note: in instantiation of member function 'absl::InlinedVector<webrtc::DecodeTargetIndication, 10>::MoveAssignment' requested here
  548 |       MoveAssignment(MoveAssignmentPolicy{}, std::move(other));
      |       ^
In file included from /Users/buddhirajgautam/Documents/Cherrygram-Mac/macOS-Swift/submodules/tgcalls/tgcalls/platform/darwin/CustomSimulcastEncoderAdapter.cpp:11:
In file included from /Users/buddhirajgautam/Documents/Cherrygram-Mac/macOS-Swift/submodules/tgcalls/tgcalls/platform/darwin/CustomSimulcastEncoderAdapter.h:30:
In file included from /Users/buddhirajgautam/Documents/Cherrygram-Mac/macOS-Swift/submodules/tgcalls/SharedHeaders/webrtc/modules/video_coding/include/video_codec_interface.h:21:
In file included from /Users/buddhirajgautam/Documents/Cherrygram-Mac/macOS-Swift/submodules/tgcalls/SharedHeaders/webrtc/common_video/generic_frame_descriptor/generic_frame_info.h:20:
/Users/buddhirajgautam/Documents/Cherrygram-Mac/macOS-Swift/submodules/tgcalls/SharedHeaders/webrtc/api/transport/rtp/dependency_descriptor.h:133:35: note: in instantiation of member function 'absl::InlinedVector<webrtc::DecodeTargetIndication, 10>::operator=' requested here
  133 |   this->decode_target_indications =
      |                                   ^
2 warnings generated.

SwiftDriverJobDiscovery normal arm64 Emitting module for TelegramApi (in target 'TelegramApi' from project 'TelegramApi')

SwiftDriver\ Compilation\ Requirements TelegramApi normal arm64 com.apple.xcode.tools.swift.compiler (in target 'TelegramApi' from project 'TelegramApi')
    cd /Users/buddhirajgautam/Documents/Cherrygram-Mac/macOS-Swift
    builtin-Swift-Compilation-Requirements -- /Applications/Xcode.app/Contents/Developer/Toolchains/XcodeDefault.xctoolchain/usr/bin/swiftc -parse-as-library -module-name TelegramApi -Onone @/Users/buddhirajgautam/Library/Developer/Xcode/DerivedData/Telegram-Mac-fygdgghdgmuleoelvxabfmqiotta/Build/Intermediates.noindex/TelegramApi.build/Debug/TelegramApi-t.build/Objects-normal/arm64/TelegramApi.SwiftFileList -DSWIFT_PACKAGE -DDEBUG -DSWIFT_MODULE_RESOURCE_BUNDLE_UNAVAILABLE -DXcode -plugin-path /Applications/Xcode.app/Contents/Developer/Toolchains/XcodeDefault.xctoolchain/usr/lib/swift/host/plugins/testing -enable-experimental-feature DebugDescriptionMacro -sdk /Applications/Xcode.app/Contents/Developer/Platforms/MacOSX.platform/Developer/SDKs/MacOSX27.0.sdk -target arm64-apple-macos12.0 -g -module-cache-path /Users/buddhirajgautam/Library/Developer/Xcode/DerivedData/ModuleCache.noindex -Xfrontend -serialize-debugging-options -profile-coverage-mapping -profile-generate -enable-testing -index-store-path /Users/buddhirajgautam/Library/Developer/Xcode/DerivedData/Telegram-Mac-fygdgghdgmuleoelvxabfmqiotta/Index.noindex/DataStore -Xcc -D_LIBCPP_HARDENING_MODE\=_LIBCPP_HARDENING_MODE_DEBUG -swift-version 5 -I /Users/buddhirajgautam/Library/Developer/Xcode/DerivedData/Telegram-Mac-fygdgghdgmuleoelvxabfmqiotta/Build/Products/Debug -Isystem /Applications/Xcode.app/Contents/Developer/Platforms/MacOSX.platform/Developer/usr/lib -F /Users/buddhirajgautam/Library/Developer/Xcode/DerivedData/Telegram-Mac-fygdgghdgmuleoelvxabfmqiotta/Build/Products/Debug -F /Applications/Xcode.app/Contents/Developer/Platforms/MacOSX.platform/Developer/Library/Frameworks -c -j8 -enable-batch-mode -incremental -Xcc -ivfsstatcache -Xcc /Users/buddhirajgautam/Library/Developer/Xcode/DerivedData/SDKStatCaches.noindex/macosx27.0-26A425-e829b21a6f8c9b70876ba0858053c0447231f6df4def33e022ae2eb8f782df1a.sdkstatcache -output-file-map /Users/buddhirajgautam/Library/Developer/Xcode/DerivedData/Telegram-Mac-fygdgghdgmuleoelvxabfmqiotta/Build/Intermediates.noindex/TelegramApi.build/Debug/TelegramApi-t.build/Objects-normal/arm64/TelegramApi-OutputFileMap.json -save-temps -no-color-diagnostics -explicit-module-build -module-cache-path /Users/buddhirajgautam/Library/Developer/Xcode/DerivedData/Telegram-Mac-fygdgghdgmuleoelvxabfmqiotta/Build/Intermediates.noindex/SwiftExplicitPrecompiledModules -clang-scanner-module-cache-path /Users/buddhirajgautam/Library/Developer/Xcode/DerivedData/ModuleCache.noindex -sdk-module-cache-path /Users/buddhirajgautam/Library/Developer/Xcode/DerivedData/SDKExplicitPrecompiledModules -emit-dependencies -emit-module -emit-module-path /Users/buddhirajgautam/Library/Developer/Xcode/DerivedData/Telegram-Mac-fygdgghdgmuleoelvxabfmqiotta/Build/Intermediates.noindex/TelegramApi.build/Debug/TelegramApi-t.build/Objects-normal/arm64/TelegramApi.swiftmodule -serialize-diagnostics -dependency-scan-serialize-diagnostics-path /Users/buddhirajgautam/Library/Developer/Xcode/DerivedData/Telegram-Mac-fygdgghdgmuleoelvxabfmqiotta/Build/Intermediates.noindex/TelegramApi.build/Debug/TelegramApi-t.build/Objects-normal/arm64/TelegramApi-dependency-scan.dia -validate-clang-modules-once -clang-build-session-file /Users/buddhirajgautam/Library/Developer/Xcode/DerivedData/ModuleCache.noindex/Session.modulevalidation -Xcc -fmodules-prune-interval\=86400 -Xcc -fmodules-prune-after\=345600 -emit-const-values -const-gather-protocols-list /Users/buddhirajgautam/Library/Developer/Xcode/DerivedData/Telegram-Mac-fygdgghdgmuleoelvxabfmqiotta/Build/Intermediates.noindex/TelegramApi.build/Debug/TelegramApi-t.build/Objects-normal/arm64/TelegramApi_const_extract_protocols.json -Xcc -I/Users/buddhirajgautam/Library/Developer/Xcode/DerivedData/Telegram-Mac-fygdgghdgmuleoelvxabfmqiotta/Build/Products/Debug/include -Xcc -I/Users/buddhirajgautam/Library/Developer/Xcode/DerivedData/Telegram-Mac-fygdgghdgmuleoelvxabfmqiotta/Build/Intermediates.noindex/TelegramApi.build/Debug/TelegramApi-t.build/DerivedSources-normal/arm64 -Xcc -I/Users/buddhirajgautam/Library/Developer/Xcode/DerivedData/Telegram-Mac-fygdgghdgmuleoelvxabfmqiotta/Build/Intermediates.noindex/TelegramApi.build/Debug/TelegramApi-t.build/DerivedSources/arm64 -Xcc -I/Users/buddhirajgautam/Library/Developer/Xcode/DerivedData/Telegram-Mac-fygdgghdgmuleoelvxabfmqiotta/Build/Intermediates.noindex/TelegramApi.build/Debug/TelegramApi-t.build/DerivedSources -Xcc -DSWIFT_PACKAGE -Xcc -DDEBUG\=1 -emit-objc-header -emit-objc-header-path /Users/buddhirajgautam/Library/Developer/Xcode/DerivedData/Telegram-Mac-fygdgghdgmuleoelvxabfmqiotta/Build/Intermediates.noindex/TelegramApi.build/Debug/TelegramApi-t.build/Objects-normal/arm64/TelegramApi-Swift.h -working-directory /Users/buddhirajgautam/Documents/Cherrygram-Mac/macOS-Swift -experimental-emit-module-separately -disable-cmo

CompileC /Users/buddhirajgautam/Library/Developer/Xcode/DerivedData/Telegram-Mac-fygdgghdgmuleoelvxabfmqiotta/Build/Intermediates.noindex/TgVoipWebrtc.build/Debug/TgVoipWebrtc-t.build/Objects-normal/arm64/CryptoHelper.o /Users/buddhirajgautam/Documents/Cherrygram-Mac/macOS-Swift/submodules/tgcalls/tgcalls/CryptoHelper.cpp normal arm64 c++ com.apple.compilers.llvm.clang.1_0.compiler (in target 'TgVoipWebrtc' from project 'TgVoipWebrtc')
    cd /Users/buddhirajgautam/Documents/Cherrygram-Mac/macOS-Swift
    
    Using response file: /Users/buddhirajgautam/Library/Developer/Xcode/DerivedData/Telegram-Mac-fygdgghdgmuleoelvxabfmqiotta/Build/Intermediates.noindex/TgVoipWebrtc.build/Debug/TgVoipWebrtc-t.build/Objects-normal/arm64/82b82416624d2658e5098eb0a28c15c5-common-args.resp
    
    /Applications/Xcode.app/Contents/Developer/Toolchains/XcodeDefault.xctoolchain/usr/bin/clang -x c++ -ivfsstatcache /Users/buddhirajgautam/Library/Developer/Xcode/DerivedData/SDKStatCaches.noindex/macosx27.0-26A425-e829b21a6f8c9b70876ba0858053c0447231f6df4def33e022ae2eb8f782df1a.sdkstatcache -target arm64-apple-macos12.0 -fmessage-length\=0 -fdiagnostics-show-note-include-stack -fmacro-backtrace-limit\=0 -fno-color-diagnostics -fmodules-prune-interval\=86400 -fmodules-prune-after\=345600 -fbuild-session-file\=/Users/buddhirajgautam/Library/Developer/Xcode/DerivedData/ModuleCache.noindex/Session.modulevalidation -fmodules-validate-once-per-build-session -Wnon-modular-include-in-framework-module -Werror\=non-modular-include-in-framework-module -Wno-trigraphs -Wno-missing-field-initializers -Wno-missing-prototypes -Wno-return-type -Wno-non-virtual-dtor -Wno-overloaded-virtual -Wno-exit-time-destructors -Wno-missing-braces -Wparentheses -Wswitch -Wno-unused-function -Wno-unused-label -Wno-unused-parameter -Wno-unused-variable -Wunused-value -Wno-empty-body -Wno-uninitialized -Wno-unknown-pragmas -Wno-shadow -Wno-four-char-constants -Wno-conversion -Wno-constant-conversion -Wno-int-conversion -Wno-bool-conversion -Wno-enum-conversion -Wno-float-conversion -Wno-non-literal-null-conversion -Wno-objc-literal-conversion -Wshorten-64-to-32 -Wno-newline-eof -Wno-c++11-extensions -Wno-implicit-fallthrough -isysroot /Applications/Xcode.app/Contents/Developer/Platforms/MacOSX.platform/Developer/SDKs/MacOSX27.0.sdk -fstrict-aliasing -Wdeprecated-declarations -Winvalid-offsetof -Wno-sign-conversion -Wno-infinite-recursion -Wno-move -Wno-comma -Wno-block-capture-autoreleasing -Wno-strict-prototypes -Wno-range-loop-analysis -Wno-semicolon-before-method-body -index-store-path /Users/buddhirajgautam/Library/Developer/Xcode/DerivedData/Telegram-Mac-fygdgghdgmuleoelvxabfmqiotta/Index.noindex/DataStore @/Users/buddhirajgautam/Library/Developer/Xcode/DerivedData/Telegram-Mac-fygdgghdgmuleoelvxabfmqiotta/Build/Intermediates.noindex/TgVoipWebrtc.build/Debug/TgVoipWebrtc-t.build/Objects-normal/arm64/82b82416624d2658e5098eb0a28c15c5-common-args.resp -MMD -MT dependencies -MF /Users/buddhirajgautam/Library/Developer/Xcode/DerivedData/Telegram-Mac-fygdgghdgmuleoelvxabfmqiotta/Build/Intermediates.noindex/TgVoipWebrtc.build/Debug/TgVoipWebrtc-t.build/Objects-normal/arm64/CryptoHelper.d --serialize-diagnostics /Users/buddhirajgautam/Library/Developer/Xcode/DerivedData/Telegram-Mac-fygdgghdgmuleoelvxabfmqiotta/Build/Intermediates.noindex/TgVoipWebrtc.build/Debug/TgVoipWebrtc-t.build/Objects-normal/arm64/CryptoHelper.dia -c /Users/buddhirajgautam/Documents/Cherrygram-Mac/macOS-Swift/submodules/tgcalls/tgcalls/CryptoHelper.cpp -o /Users/buddhirajgautam/Library/Developer/Xcode/DerivedData/Telegram-Mac-fygdgghdgmuleoelvxabfmqiotta/Build/Intermediates.noindex/TgVoipWebrtc.build/Debug/TgVoipWebrtc-t.build/Objects-normal/arm64/CryptoHelper.o -index-unit-output-path /TgVoipWebrtc.build/Debug/TgVoipWebrtc-t.build/Objects-normal/arm64/CryptoHelper.o
/Users/buddhirajgautam/Documents/Cherrygram-Mac/macOS-Swift/submodules/tgcalls/tgcalls/CryptoHelper.cpp:33:23: warning: implicit conversion loses integer precision: 'size_type' (aka 'unsigned long') to 'int' [-Wshorten-64-to-32]
   31 |         AES_set_encrypt_key(
      |         ~~~~~~~~~~~~~~~~~~~
   32 |                 reinterpret_cast<const unsigned char*>(aesKeyIv.key.data()),
   33 |                 aesKeyIv.key.size() * CHAR_BIT,
      |                 ~~~~~~~~~~~~~~~~~~~~^~~~~~~~~~
1 warning generated.

SwiftMergeGeneratedHeaders /Users/buddhirajgautam/Library/Developer/Xcode/DerivedData/Telegram-Mac-fygdgghdgmuleoelvxabfmqiotta/Build/Intermediates.noindex/GeneratedModuleMaps/TelegramApi-Swift.h /Users/buddhirajgautam/Library/Developer/Xcode/DerivedData/Telegram-Mac-fygdgghdgmuleoelvxabfmqiotta/Build/Intermediates.noindex/TelegramApi.build/Debug/TelegramApi-t.build/Objects-normal/arm64/TelegramApi-Swift.h (in target 'TelegramApi' from project 'TelegramApi')
    cd /Users/buddhirajgautam/Documents/Cherrygram-Mac/macOS-Swift/submodules/telegram-ios/submodules/TelegramApi
    builtin-swiftHeaderTool -arch arm64 /Users/buddhirajgautam/Library/Developer/Xcode/DerivedData/Telegram-Mac-fygdgghdgmuleoelvxabfmqiotta/Build/Intermediates.noindex/TelegramApi.build/Debug/TelegramApi-t.build/Objects-normal/arm64/TelegramApi-Swift.h -o /Users/buddhirajgautam/Library/Developer/Xcode/DerivedData/Telegram-Mac-fygdgghdgmuleoelvxabfmqiotta/Build/Intermediates.noindex/GeneratedModuleMaps/TelegramApi-Swift.h

Copy /Users/buddhirajgautam/Library/Developer/Xcode/DerivedData/Telegram-Mac-fygdgghdgmuleoelvxabfmqiotta/Build/Products/Debug/TelegramApi.swiftmodule/arm64-apple-macos.swiftmodule /Users/buddhirajgautam/Library/Developer/Xcode/DerivedData/Telegram-Mac-fygdgghdgmuleoelvxabfmqiotta/Build/Intermediates.noindex/TelegramApi.build/Debug/TelegramApi-t.build/Objects-normal/arm64/TelegramApi.swiftmodule (in target 'TelegramApi' from project 'TelegramApi')
    cd /Users/buddhirajgautam/Documents/Cherrygram-Mac/macOS-Swift/submodules/telegram-ios/submodules/TelegramApi
    builtin-copy -exclude .DS_Store -exclude CVS -exclude .svn -exclude .git -exclude .hg -resolve-src-symlinks -rename /Users/buddhirajgautam/Library/Developer/Xcode/DerivedData/Telegram-Mac-fygdgghdgmuleoelvxabfmqiotta/Build/Intermediates.noindex/TelegramApi.build/Debug/TelegramApi-t.build/Objects-normal/arm64/TelegramApi.swiftmodule /Users/buddhirajgautam/Library/Developer/Xcode/DerivedData/Telegram-Mac-fygdgghdgmuleoelvxabfmqiotta/Build/Products/Debug/TelegramApi.swiftmodule/arm64-apple-macos.swiftmodule

Copy /Users/buddhirajgautam/Library/Developer/Xcode/DerivedData/Telegram-Mac-fygdgghdgmuleoelvxabfmqiotta/Build/Products/Debug/TelegramApi.swiftmodule/arm64-apple-macos.swiftdoc /Users/buddhirajgautam/Library/Developer/Xcode/DerivedData/Telegram-Mac-fygdgghdgmuleoelvxabfmqiotta/Build/Intermediates.noindex/TelegramApi.build/Debug/TelegramApi-t.build/Objects-normal/arm64/TelegramApi.swiftdoc (in target 'TelegramApi' from project 'TelegramApi')
    cd /Users/buddhirajgautam/Documents/Cherrygram-Mac/macOS-Swift/submodules/telegram-ios/submodules/TelegramApi
    builtin-copy -exclude .DS_Store -exclude CVS -exclude .svn -exclude .git -exclude .hg -resolve-src-symlinks -rename /Users/buddhirajgautam/Library/Developer/Xcode/DerivedData/Telegram-Mac-fygdgghdgmuleoelvxabfmqiotta/Build/Intermediates.noindex/TelegramApi.build/Debug/TelegramApi-t.build/Objects-normal/arm64/TelegramApi.swiftdoc /Users/buddhirajgautam/Library/Developer/Xcode/DerivedData/Telegram-Mac-fygdgghdgmuleoelvxabfmqiotta/Build/Products/Debug/TelegramApi.swiftmodule/arm64-apple-macos.swiftdoc

Copy /Users/buddhirajgautam/Library/Developer/Xcode/DerivedData/Telegram-Mac-fygdgghdgmuleoelvxabfmqiotta/Build/Products/Debug/TelegramApi.swiftmodule/arm64-apple-macos.abi.json /Users/buddhirajgautam/Library/Developer/Xcode/DerivedData/Telegram-Mac-fygdgghdgmuleoelvxabfmqiotta/Build/Intermediates.noindex/TelegramApi.build/Debug/TelegramApi-t.build/Objects-normal/arm64/TelegramApi.abi.json (in target 'TelegramApi' from project 'TelegramApi')
    cd /Users/buddhirajgautam/Documents/Cherrygram-Mac/macOS-Swift/submodules/telegram-ios/submodules/TelegramApi
    builtin-copy -exclude .DS_Store -exclude CVS -exclude .svn -exclude .git -exclude .hg -resolve-src-symlinks -rename /Users/buddhirajgautam/Library/Developer/Xcode/DerivedData/Telegram-Mac-fygdgghdgmuleoelvxabfmqiotta/Build/Intermediates.noindex/TelegramApi.build/Debug/TelegramApi-t.build/Objects-normal/arm64/TelegramApi.abi.json /Users/buddhirajgautam/Library/Developer/Xcode/DerivedData/Telegram-Mac-fygdgghdgmuleoelvxabfmqiotta/Build/Products/Debug/TelegramApi.swiftmodule/arm64-apple-macos.abi.json

Copy /Users/buddhirajgautam/Library/Developer/Xcode/DerivedData/Telegram-Mac-fygdgghdgmuleoelvxabfmqiotta/Build/Products/Debug/TelegramApi.swiftmodule/Project/arm64-apple-macos.swiftsourceinfo /Users/buddhirajgautam/Library/Developer/Xcode/DerivedData/Telegram-Mac-fygdgghdgmuleoelvxabfmqiotta/Build/Intermediates.noindex/TelegramApi.build/Debug/TelegramApi-t.build/Objects-normal/arm64/TelegramApi.swiftsourceinfo (in target 'TelegramApi' from project 'TelegramApi')
    cd /Users/buddhirajgautam/Documents/Cherrygram-Mac/macOS-Swift/submodules/telegram-ios/submodules/TelegramApi
    builtin-copy -exclude .DS_Store -exclude CVS -exclude .svn -exclude .git -exclude .hg -resolve-src-symlinks -rename /Users/buddhirajgautam/Library/Developer/Xcode/DerivedData/Telegram-Mac-fygdgghdgmuleoelvxabfmqiotta/Build/Intermediates.noindex/TelegramApi.build/Debug/TelegramApi-t.build/Objects-normal/arm64/TelegramApi.swiftsourceinfo /Users/buddhirajgautam/Library/Developer/Xcode/DerivedData/Telegram-Mac-fygdgghdgmuleoelvxabfmqiotta/Build/Products/Debug/TelegramApi.swiftmodule/Project/arm64-apple-macos.swiftsourceinfo

CompileC /Users/buddhirajgautam/Library/Developer/Xcode/DerivedData/Telegram-Mac-fygdgghdgmuleoelvxabfmqiotta/Build/Intermediates.noindex/TgVoipWebrtc.build/Debug/TgVoipWebrtc-t.build/Objects-normal/arm64/ContentNegotiation.o /Users/buddhirajgautam/Documents/Cherrygram-Mac/macOS-Swift/submodules/tgcalls/tgcalls/v2/ContentNegotiation.cpp normal arm64 c++ com.apple.compilers.llvm.clang.1_0.compiler (in target 'TgVoipWebrtc' from project 'TgVoipWebrtc')
    cd /Users/buddhirajgautam/Documents/Cherrygram-Mac/macOS-Swift
    
    Using response file: /Users/buddhirajgautam/Library/Developer/Xcode/DerivedData/Telegram-Mac-fygdgghdgmuleoelvxabfmqiotta/Build/Intermediates.noindex/TgVoipWebrtc.build/Debug/TgVoipWebrtc-t.build/Objects-normal/arm64/82b82416624d2658e5098eb0a28c15c5-common-args.resp
    
    /Applications/Xcode.app/Contents/Developer/Toolchains/XcodeDefault.xctoolchain/usr/bin/clang -x c++ -ivfsstatcache /Users/buddhirajgautam/Library/Developer/Xcode/DerivedData/SDKStatCaches.noindex/macosx27.0-26A425-e829b21a6f8c9b70876ba0858053c0447231f6df4def33e022ae2eb8f782df1a.sdkstatcache -target arm64-apple-macos12.0 -fmessage-length\=0 -fdiagnostics-show-note-include-stack -fmacro-backtrace-limit\=0 -fno-color-diagnostics -fmodules-prune-interval\=86400 -fmodules-prune-after\=345600 -fbuild-session-file\=/Users/buddhirajgautam/Library/Developer/Xcode/DerivedData/ModuleCache.noindex/Session.modulevalidation -fmodules-validate-once-per-build-session -Wnon-modular-include-in-framework-module -Werror\=non-modular-include-in-framework-module -Wno-trigraphs -Wno-missing-field-initializers -Wno-missing-prototypes -Wno-return-type -Wno-non-virtual-dtor -Wno-overloaded-virtual -Wno-exit-time-destructors -Wno-missing-braces -Wparentheses -Wswitch -Wno-unused-function -Wno-unused-label -Wno-unused-parameter -Wno-unused-variable -Wunused-value -Wno-empty-body -Wno-uninitialized -Wno-unknown-pragmas -Wno-shadow -Wno-four-char-constants -Wno-conversion -Wno-constant-conversion -Wno-int-conversion -Wno-bool-conversion -Wno-enum-conversion -Wno-float-conversion -Wno-non-literal-null-conversion -Wno-objc-literal-conversion -Wshorten-64-to-32 -Wno-newline-eof -Wno-c++11-extensions -Wno-implicit-fallthrough -isysroot /Applications/Xcode.app/Contents/Developer/Platforms/MacOSX.platform/Developer/SDKs/MacOSX27.0.sdk -fstrict-aliasing -Wdeprecated-declarations -Winvalid-offsetof -Wno-sign-conversion -Wno-infinite-recursion -Wno-move -Wno-comma -Wno-block-capture-autoreleasing -Wno-strict-prototypes -Wno-range-loop-analysis -Wno-semicolon-before-method-body -index-store-path /Users/buddhirajgautam/Library/Developer/Xcode/DerivedData/Telegram-Mac-fygdgghdgmuleoelvxabfmqiotta/Index.noindex/DataStore @/Users/buddhirajgautam/Library/Developer/Xcode/DerivedData/Telegram-Mac-fygdgghdgmuleoelvxabfmqiotta/Build/Intermediates.noindex/TgVoipWebrtc.build/Debug/TgVoipWebrtc-t.build/Objects-normal/arm64/82b82416624d2658e5098eb0a28c15c5-common-args.resp -MMD -MT dependencies -MF /Users/buddhirajgautam/Library/Developer/Xcode/DerivedData/Telegram-Mac-fygdgghdgmuleoelvxabfmqiotta/Build/Intermediates.noindex/TgVoipWebrtc.build/Debug/TgVoipWebrtc-t.build/Objects-normal/arm64/ContentNegotiation.d --serialize-diagnostics /Users/buddhirajgautam/Library/Developer/Xcode/DerivedData/Telegram-Mac-fygdgghdgmuleoelvxabfmqiotta/Build/Intermediates.noindex/TgVoipWebrtc.build/Debug/TgVoipWebrtc-t.build/Objects-normal/arm64/ContentNegotiation.dia -c /Users/buddhirajgautam/Documents/Cherrygram-Mac/macOS-Swift/submodules/tgcalls/tgcalls/v2/ContentNegotiation.cpp -o /Users/buddhirajgautam/Library/Developer/Xcode/DerivedData/Telegram-Mac-fygdgghdgmuleoelvxabfmqiotta/Build/Intermediates.noindex/TgVoipWebrtc.build/Debug/TgVoipWebrtc-t.build/Objects-normal/arm64/ContentNegotiation.o -index-unit-output-path /TgVoipWebrtc.build/Debug/TgVoipWebrtc-t.build/Objects-normal/arm64/ContentNegotiation.o
In file included from /Users/buddhirajgautam/Documents/Cherrygram-Mac/macOS-Swift/submodules/tgcalls/tgcalls/v2/ContentNegotiation.cpp:1:
In file included from /Users/buddhirajgautam/Documents/Cherrygram-Mac/macOS-Swift/submodules/tgcalls/tgcalls/v2/ContentNegotiation.h:6:
In file included from /Users/buddhirajgautam/Documents/Cherrygram-Mac/macOS-Swift/submodules/tgcalls/SharedHeaders/webrtc/media/base/media_engine.h:18:
In file included from /Users/buddhirajgautam/Documents/Cherrygram-Mac/macOS-Swift/submodules/tgcalls/SharedHeaders/webrtc/api/audio_codecs/audio_decoder_factory.h:17:
In file included from /Users/buddhirajgautam/Documents/Cherrygram-Mac/macOS-Swift/submodules/tgcalls/SharedHeaders/webrtc/third_party/abseil-cpp/absl/types/optional.h:39:
In file included from /Users/buddhirajgautam/Documents/Cherrygram-Mac/macOS-Swift/submodules/tgcalls/SharedHeaders/webrtc/third_party/abseil-cpp/absl/utility/utility.h:45:
/Users/buddhirajgautam/Documents/Cherrygram-Mac/macOS-Swift/submodules/tgcalls/SharedHeaders/webrtc/third_party/abseil-cpp/absl/meta/type_traits.h:511:36: warning: builtin __is_trivially_relocatable is deprecated; use __builtin_is_cpp_trivially_relocatable instead [-Wdeprecated-builtins]
  511 |     : std::integral_constant<bool, __is_trivially_relocatable(T)> {};
      |                                    ^
/Users/buddhirajgautam/Documents/Cherrygram-Mac/macOS-Swift/submodules/tgcalls/SharedHeaders/webrtc/third_party/abseil-cpp/absl/meta/type_traits.h:511:36: warning: builtin __is_trivially_relocatable is deprecated; use __builtin_is_cpp_trivially_relocatable instead [-Wdeprecated-builtins]
In file included from /Users/buddhirajgautam/Documents/Cherrygram-Mac/macOS-Swift/submodules/tgcalls/tgcalls/v2/ContentNegotiation.cpp:1:
In file included from /Users/buddhirajgautam/Documents/Cherrygram-Mac/macOS-Swift/submodules/tgcalls/tgcalls/v2/ContentNegotiation.h:6:
In file included from /Users/buddhirajgautam/Documents/Cherrygram-Mac/macOS-Swift/submodules/tgcalls/SharedHeaders/webrtc/media/base/media_engine.h:18:
In file included from /Users/buddhirajgautam/Documents/Cherrygram-Mac/macOS-Swift/submodules/tgcalls/SharedHeaders/webrtc/api/audio_codecs/audio_decoder_factory.h:20:
In file included from /Users/buddhirajgautam/Documents/Cherrygram-Mac/macOS-Swift/submodules/tgcalls/SharedHeaders/webrtc/api/audio_codecs/audio_format.h:20:
In file included from /Users/buddhirajgautam/Documents/Cherrygram-Mac/macOS-Swift/submodules/tgcalls/SharedHeaders/webrtc/api/rtp_parameters.h:20:
In file included from /Users/buddhirajgautam/Documents/Cherrygram-Mac/macOS-Swift/submodules/tgcalls/SharedHeaders/webrtc/third_party/abseil-cpp/absl/container/inlined_vector.h:53:
/Users/buddhirajgautam/Documents/Cherrygram-Mac/macOS-Swift/submodules/tgcalls/SharedHeaders/webrtc/third_party/abseil-cpp/absl/container/internal/inlined_vector.h:522:22: note: in instantiation of template class 'absl::is_trivially_relocatable<webrtc::DecodeTargetIndication>' requested here
  522 |                absl::is_trivially_relocatable<V>::value ||
      |                      ^
In file included from /Users/buddhirajgautam/Documents/Cherrygram-Mac/macOS-Swift/submodules/tgcalls/tgcalls/v2/ContentNegotiation.cpp:1:
In file included from /Users/buddhirajgautam/Documents/Cherrygram-Mac/macOS-Swift/submodules/tgcalls/tgcalls/v2/ContentNegotiation.h:6:
In file included from /Users/buddhirajgautam/Documents/Cherrygram-Mac/macOS-Swift/submodules/tgcalls/SharedHeaders/webrtc/media/base/media_engine.h:18:
In file included from /Users/buddhirajgautam/Documents/Cherrygram-Mac/macOS-Swift/submodules/tgcalls/SharedHeaders/webrtc/api/audio_codecs/audio_decoder_factory.h:19:
In file included from /Users/buddhirajgautam/Documents/Cherrygram-Mac/macOS-Swift/submodules/tgcalls/SharedHeaders/webrtc/api/audio_codecs/audio_decoder.h:21:
In file included from /Users/buddhirajgautam/Documents/Cherrygram-Mac/macOS-Swift/submodules/tgcalls/SharedHeaders/webrtc/api/array_view.h:19:
In file included from /Users/buddhirajgautam/Documents/Cherrygram-Mac/macOS-Swift/submodules/tgcalls/SharedHeaders/webrtc/rtc_base/checks.h:58:
In file included from /Users/buddhirajgautam/Documents/Cherrygram-Mac/macOS-Swift/submodules/tgcalls/SharedHeaders/webrtc/third_party/abseil-cpp/absl/strings/string_view.h:43:
/Users/buddhirajgautam/Documents/Cherrygram-Mac/macOS-Swift/submodules/tgcalls/SharedHeaders/webrtc/third_party/abseil-cpp/absl/base/macros.h:128:49: note: expanded from macro 'ABSL_HARDENING_ASSERT'
  128 | #define ABSL_HARDENING_ASSERT(expr) ABSL_ASSERT(expr)
      |                                                 ^
/Users/buddhirajgautam/Documents/Cherrygram-Mac/macOS-Swift/submodules/tgcalls/SharedHeaders/webrtc/third_party/abseil-cpp/absl/base/macros.h:95:30: note: expanded from macro 'ABSL_ASSERT'
   95 |   (false ? static_cast<void>(expr) : static_cast<void>(0))
      |                              ^
In file included from /Users/buddhirajgautam/Documents/Cherrygram-Mac/macOS-Swift/submodules/tgcalls/tgcalls/v2/ContentNegotiation.cpp:1:
In file included from /Users/buddhirajgautam/Documents/Cherrygram-Mac/macOS-Swift/submodules/tgcalls/tgcalls/v2/ContentNegotiation.h:6:
In file included from /Users/buddhirajgautam/Documents/Cherrygram-Mac/macOS-Swift/submodules/tgcalls/SharedHeaders/webrtc/media/base/media_engine.h:18:
In file included from /Users/buddhirajgautam/Documents/Cherrygram-Mac/macOS-Swift/submodules/tgcalls/SharedHeaders/webrtc/api/audio_codecs/audio_decoder_factory.h:20:
In file included from /Users/buddhirajgautam/Documents/Cherrygram-Mac/macOS-Swift/submodules/tgcalls/SharedHeaders/webrtc/api/audio_codecs/audio_format.h:20:
In file included from /Users/buddhirajgautam/Documents/Cherrygram-Mac/macOS-Swift/submodules/tgcalls/SharedHeaders/webrtc/api/rtp_parameters.h:20:
/Users/buddhirajgautam/Documents/Cherrygram-Mac/macOS-Swift/submodules/tgcalls/SharedHeaders/webrtc/third_party/abseil-cpp/absl/container/inlined_vector.h:856:14: note: in instantiation of member function 'absl::inlined_vector_internal::Storage<webrtc::DecodeTargetIndication, 10, std::allocator<webrtc::DecodeTargetIndication>>::MemcpyFrom' requested here
  856 |     storage_.MemcpyFrom(other.storage_);
      |              ^
/Users/buddhirajgautam/Documents/Cherrygram-Mac/macOS-Swift/submodules/tgcalls/SharedHeaders/webrtc/third_party/abseil-cpp/absl/container/inlined_vector.h:548:7: note: in instantiation of member function 'absl::InlinedVector<webrtc::DecodeTargetIndication, 10>::MoveAssignment' requested here
  548 |       MoveAssignment(MoveAssignmentPolicy{}, std::move(other));
      |       ^
In file included from /Users/buddhirajgautam/Documents/Cherrygram-Mac/macOS-Swift/submodules/tgcalls/tgcalls/v2/ContentNegotiation.cpp:1:
In file included from /Users/buddhirajgautam/Documents/Cherrygram-Mac/macOS-Swift/submodules/tgcalls/tgcalls/v2/ContentNegotiation.h:6:
In file included from /Users/buddhirajgautam/Documents/Cherrygram-Mac/macOS-Swift/submodules/tgcalls/SharedHeaders/webrtc/media/base/media_engine.h:26:
In file included from /Users/buddhirajgautam/Documents/Cherrygram-Mac/macOS-Swift/submodules/tgcalls/SharedHeaders/webrtc/media/base/media_channel.h:27:
In file included from /Users/buddhirajgautam/Documents/Cherrygram-Mac/macOS-Swift/submodules/tgcalls/SharedHeaders/webrtc/api/frame_transformer_interface.h:19:
In file included from /Users/buddhirajgautam/Documents/Cherrygram-Mac/macOS-Swift/submodules/tgcalls/SharedHeaders/webrtc/api/video/encoded_frame.h:21:
In file included from /Users/buddhirajgautam/Documents/Cherrygram-Mac/macOS-Swift/submodules/tgcalls/SharedHeaders/webrtc/modules/rtp_rtcp/source/rtp_video_header.h:20:
/Users/buddhirajgautam/Documents/Cherrygram-Mac/macOS-Swift/submodules/tgcalls/SharedHeaders/webrtc/api/transport/rtp/dependency_descriptor.h:133:35: note: in instantiation of member function 'absl::InlinedVector<webrtc::DecodeTargetIndication, 10>::operator=' requested here
  133 |   this->decode_target_indications =
      |                                   ^
In file included from /Users/buddhirajgautam/Documents/Cherrygram-Mac/macOS-Swift/submodules/tgcalls/tgcalls/v2/ContentNegotiation.cpp:1:
In file included from /Users/buddhirajgautam/Documents/Cherrygram-Mac/macOS-Swift/submodules/tgcalls/tgcalls/v2/ContentNegotiation.h:6:
In file included from /Users/buddhirajgautam/Documents/Cherrygram-Mac/macOS-Swift/submodules/tgcalls/SharedHeaders/webrtc/media/base/media_engine.h:18:
In file included from /Users/buddhirajgautam/Documents/Cherrygram-Mac/macOS-Swift/submodules/tgcalls/SharedHeaders/webrtc/api/audio_codecs/audio_decoder_factory.h:17:
In file included from /Users/buddhirajgautam/Documents/Cherrygram-Mac/macOS-Swift/submodules/tgcalls/SharedHeaders/webrtc/third_party/abseil-cpp/absl/types/optional.h:39:
In file included from /Users/buddhirajgautam/Documents/Cherrygram-Mac/macOS-Swift/submodules/tgcalls/SharedHeaders/webrtc/third_party/abseil-cpp/absl/utility/utility.h:45:
/Users/buddhirajgautam/Documents/Cherrygram-Mac/macOS-Swift/submodules/tgcalls/SharedHeaders/webrtc/third_party/abseil-cpp/absl/meta/type_traits.h:511:36: warning: builtin __is_trivially_relocatable is deprecated; use __builtin_is_cpp_trivially_relocatable instead [-Wdeprecated-builtins]
  511 |     : std::integral_constant<bool, __is_trivially_relocatable(T)> {};
      |                                    ^
In file included from /Users/buddhirajgautam/Documents/Cherrygram-Mac/macOS-Swift/submodules/tgcalls/tgcalls/v2/ContentNegotiation.cpp:1:
In file included from /Users/buddhirajgautam/Documents/Cherrygram-Mac/macOS-Swift/submodules/tgcalls/tgcalls/v2/ContentNegotiation.h:6:
In file included from /Users/buddhirajgautam/Documents/Cherrygram-Mac/macOS-Swift/submodules/tgcalls/SharedHeaders/webrtc/media/base/media_engine.h:18:
In file included from /Users/buddhirajgautam/Documents/Cherrygram-Mac/macOS-Swift/submodules/tgcalls/SharedHeaders/webrtc/api/audio_codecs/audio_decoder_factory.h:20:
In file included from /Users/buddhirajgautam/Documents/Cherrygram-Mac/macOS-Swift/submodules/tgcalls/SharedHeaders/webrtc/api/audio_codecs/audio_format.h:20:
In file included from /Users/buddhirajgautam/Documents/Cherrygram-Mac/macOS-Swift/submodules/tgcalls/SharedHeaders/webrtc/api/rtp_parameters.h:20:
In file included from /Users/buddhirajgautam/Documents/Cherrygram-Mac/macOS-Swift/submodules/tgcalls/SharedHeaders/webrtc/third_party/abseil-cpp/absl/container/inlined_vector.h:53:
/Users/buddhirajgautam/Documents/Cherrygram-Mac/macOS-Swift/submodules/tgcalls/SharedHeaders/webrtc/third_party/abseil-cpp/absl/container/internal/inlined_vector.h:522:22: note: in instantiation of template class 'absl::is_trivially_relocatable<int>' requested here
  522 |                absl::is_trivially_relocatable<V>::value ||
      |                      ^
In file included from /Users/buddhirajgautam/Documents/Cherrygram-Mac/macOS-Swift/submodules/tgcalls/tgcalls/v2/ContentNegotiation.cpp:1:
In file included from /Users/buddhirajgautam/Documents/Cherrygram-Mac/macOS-Swift/submodules/tgcalls/tgcalls/v2/ContentNegotiation.h:6:
In file included from /Users/buddhirajgautam/Documents/Cherrygram-Mac/macOS-Swift/submodules/tgcalls/SharedHeaders/webrtc/media/base/media_engine.h:18:
In file included from /Users/buddhirajgautam/Documents/Cherrygram-Mac/macOS-Swift/submodules/tgcalls/SharedHeaders/webrtc/api/audio_codecs/audio_decoder_factory.h:19:
In file included from /Users/buddhirajgautam/Documents/Cherrygram-Mac/macOS-Swift/submodules/tgcalls/SharedHeaders/webrtc/api/audio_codecs/audio_decoder.h:21:
In file included from /Users/buddhirajgautam/Documents/Cherrygram-Mac/macOS-Swift/submodules/tgcalls/SharedHeaders/webrtc/api/array_view.h:19:
In file included from /Users/buddhirajgautam/Documents/Cherrygram-Mac/macOS-Swift/submodules/tgcalls/SharedHeaders/webrtc/rtc_base/checks.h:58:
In file included from /Users/buddhirajgautam/Documents/Cherrygram-Mac/macOS-Swift/submodules/tgcalls/SharedHeaders/webrtc/third_party/abseil-cpp/absl/strings/string_view.h:43:
/Users/buddhirajgautam/Documents/Cherrygram-Mac/macOS-Swift/submodules/tgcalls/SharedHeaders/webrtc/third_party/abseil-cpp/absl/base/macros.h:128:49: note: expanded from macro 'ABSL_HARDENING_ASSERT'
  128 | #define ABSL_HARDENING_ASSERT(expr) ABSL_ASSERT(expr)
      |                                                 ^
/Users/buddhirajgautam/Documents/Cherrygram-Mac/macOS-Swift/submodules/tgcalls/SharedHeaders/webrtc/third_party/abseil-cpp/absl/base/macros.h:95:30: note: expanded from macro 'ABSL_ASSERT'
   95 |   (false ? static_cast<void>(expr) : static_cast<void>(0))
      |                              ^
In file included from /Users/buddhirajgautam/Documents/Cherrygram-Mac/macOS-Swift/submodules/tgcalls/tgcalls/v2/ContentNegotiation.cpp:1:
In file included from /Users/buddhirajgautam/Documents/Cherrygram-Mac/macOS-Swift/submodules/tgcalls/tgcalls/v2/ContentNegotiation.h:6:
In file included from /Users/buddhirajgautam/Documents/Cherrygram-Mac/macOS-Swift/submodules/tgcalls/SharedHeaders/webrtc/media/base/media_engine.h:18:
In file included from /Users/buddhirajgautam/Documents/Cherrygram-Mac/macOS-Swift/submodules/tgcalls/SharedHeaders/webrtc/api/audio_codecs/audio_decoder_factory.h:20:
In file included from /Users/buddhirajgautam/Documents/Cherrygram-Mac/macOS-Swift/submodules/tgcalls/SharedHeaders/webrtc/api/audio_codecs/audio_format.h:20:
In file included from /Users/buddhirajgautam/Documents/Cherrygram-Mac/macOS-Swift/submodules/tgcalls/SharedHeaders/webrtc/api/rtp_parameters.h:20:
/Users/buddhirajgautam/Documents/Cherrygram-Mac/macOS-Swift/submodules/tgcalls/SharedHeaders/webrtc/third_party/abseil-cpp/absl/container/inlined_vector.h:195:16: note: in instantiation of member function 'absl::inlined_vector_internal::Storage<int, 4, std::allocator<int>>::MemcpyFrom' requested here
  195 |       storage_.MemcpyFrom(other.storage_);
      |                ^
/Users/buddhirajgautam/Documents/Cherrygram-Mac/macOS-Swift/submodules/tgcalls/SharedHeaders/webrtc/third_party/abseil-cpp/absl/container/inlined_vector.h:177:9: note: in instantiation of member function 'absl::InlinedVector<int, 4>::InlinedVector' requested here
  177 |       : InlinedVector(other, other.storage_.GetAllocator()) {}
      |         ^
In file included from /Users/buddhirajgautam/Documents/Cherrygram-Mac/macOS-Swift/submodules/tgcalls/tgcalls/v2/ContentNegotiation.cpp:1:
In file included from /Users/buddhirajgautam/Documents/Cherrygram-Mac/macOS-Swift/submodules/tgcalls/tgcalls/v2/ContentNegotiation.h:6:
In file included from /Users/buddhirajgautam/Documents/Cherrygram-Mac/macOS-Swift/submodules/tgcalls/SharedHeaders/webrtc/media/base/media_engine.h:26:
In file included from /Users/buddhirajgautam/Documents/Cherrygram-Mac/macOS-Swift/submodules/tgcalls/SharedHeaders/webrtc/media/base/media_channel.h:27:
In file included from /Users/buddhirajgautam/Documents/Cherrygram-Mac/macOS-Swift/submodules/tgcalls/SharedHeaders/webrtc/api/frame_transformer_interface.h:19:
In file included from /Users/buddhirajgautam/Documents/Cherrygram-Mac/macOS-Swift/submodules/tgcalls/SharedHeaders/webrtc/api/video/encoded_frame.h:21:
In file included from /Users/buddhirajgautam/Documents/Cherrygram-Mac/macOS-Swift/submodules/tgcalls/SharedHeaders/webrtc/modules/rtp_rtcp/source/rtp_video_header.h:20:
/Users/buddhirajgautam/Documents/Cherrygram-Mac/macOS-Swift/submodules/tgcalls/SharedHeaders/webrtc/api/transport/rtp/dependency_descriptor.h:37:8: note: in instantiation of member function 'absl::InlinedVector<int, 4>::InlinedVector' requested here
   37 | struct FrameDependencyTemplate {
      |        ^
In file included from /Users/buddhirajgautam/Documents/Cherrygram-Mac/macOS-Swift/submodules/tgcalls/tgcalls/v2/ContentNegotiation.cpp:1:
In file included from /Users/buddhirajgautam/Documents/Cherrygram-Mac/macOS-Swift/submodules/tgcalls/tgcalls/v2/ContentNegotiation.h:6:
In file included from /Users/buddhirajgautam/Documents/Cherrygram-Mac/macOS-Swift/submodules/tgcalls/SharedHeaders/webrtc/media/base/media_engine.h:18:
In file included from /Users/buddhirajgautam/Documents/Cherrygram-Mac/macOS-Swift/submodules/tgcalls/SharedHeaders/webrtc/api/audio_codecs/audio_decoder_factory.h:17:
In file included from /Users/buddhirajgautam/Documents/Cherrygram-Mac/macOS-Swift/submodules/tgcalls/SharedHeaders/webrtc/third_party/abseil-cpp/absl/types/optional.h:39:
In file included from /Users/buddhirajgautam/Documents/Cherrygram-Mac/macOS-Swift/submodules/tgcalls/SharedHeaders/webrtc/third_party/abseil-cpp/absl/utility/utility.h:45:
/Users/buddhirajgautam/Documents/Cherrygram-Mac/macOS-Swift/submodules/tgcalls/SharedHeaders/webrtc/third_party/abseil-cpp/absl/meta/type_traits.h:511:36: warning: builtin __is_trivially_relocatable is deprecated; use __builtin_is_cpp_trivially_relocatable instead [-Wdeprecated-builtins]
  511 |     : std::integral_constant<bool, __is_trivially_relocatable(T)> {};
      |                                    ^
In file included from /Users/buddhirajgautam/Documents/Cherrygram-Mac/macOS-Swift/submodules/tgcalls/tgcalls/v2/ContentNegotiation.cpp:1:
In file included from /Users/buddhirajgautam/Documents/Cherrygram-Mac/macOS-Swift/submodules/tgcalls/tgcalls/v2/ContentNegotiation.h:6:
In file included from /Users/buddhirajgautam/Documents/Cherrygram-Mac/macOS-Swift/submodules/tgcalls/SharedHeaders/webrtc/media/base/media_engine.h:18:
In file included from /Users/buddhirajgautam/Documents/Cherrygram-Mac/macOS-Swift/submodules/tgcalls/SharedHeaders/webrtc/api/audio_codecs/audio_decoder_factory.h:20:
In file included from /Users/buddhirajgautam/Documents/Cherrygram-Mac/macOS-Swift/submodules/tgcalls/SharedHeaders/webrtc/api/audio_codecs/audio_format.h:20:
In file included from /Users/buddhirajgautam/Documents/Cherrygram-Mac/macOS-Swift/submodules/tgcalls/SharedHeaders/webrtc/api/rtp_parameters.h:20:
In file included from /Users/buddhirajgautam/Documents/Cherrygram-Mac/macOS-Swift/submodules/tgcalls/SharedHeaders/webrtc/third_party/abseil-cpp/absl/container/inlined_vector.h:53:
/Users/buddhirajgautam/Documents/Cherrygram-Mac/macOS-Swift/submodules/tgcalls/SharedHeaders/webrtc/third_party/abseil-cpp/absl/container/internal/inlined_vector.h:522:22: note: in instantiation of template class 'absl::is_trivially_relocatable<webrtc::RenderResolution>' requested here
  522 |                absl::is_trivially_relocatable<V>::value ||
      |                      ^
In file included from /Users/buddhirajgautam/Documents/Cherrygram-Mac/macOS-Swift/submodules/tgcalls/tgcalls/v2/ContentNegotiation.cpp:1:
In file included from /Users/buddhirajgautam/Documents/Cherrygram-Mac/macOS-Swift/submodules/tgcalls/tgcalls/v2/ContentNegotiation.h:6:
In file included from /Users/buddhirajgautam/Documents/Cherrygram-Mac/macOS-Swift/submodules/tgcalls/SharedHeaders/webrtc/media/base/media_engine.h:18:
In file included from /Users/buddhirajgautam/Documents/Cherrygram-Mac/macOS-Swift/submodules/tgcalls/SharedHeaders/webrtc/api/audio_codecs/audio_decoder_factory.h:19:
In file included from /Users/buddhirajgautam/Documents/Cherrygram-Mac/macOS-Swift/submodules/tgcalls/SharedHeaders/webrtc/api/audio_codecs/audio_decoder.h:21:
In file included from /Users/buddhirajgautam/Documents/Cherrygram-Mac/macOS-Swift/submodules/tgcalls/SharedHeaders/webrtc/api/array_view.h:19:
In file included from /Users/buddhirajgautam/Documents/Cherrygram-Mac/macOS-Swift/submodules/tgcalls/SharedHeaders/webrtc/rtc_base/checks.h:58:
In file included from /Users/buddhirajgautam/Documents/Cherrygram-Mac/macOS-Swift/submodules/tgcalls/SharedHeaders/webrtc/third_party/abseil-cpp/absl/strings/string_view.h:43:
/Users/buddhirajgautam/Documents/Cherrygram-Mac/macOS-Swift/submodules/tgcalls/SharedHeaders/webrtc/third_party/abseil-cpp/absl/base/macros.h:128:49: note: expanded from macro 'ABSL_HARDENING_ASSERT'
  128 | #define ABSL_HARDENING_ASSERT(expr) ABSL_ASSERT(expr)
      |                                                 ^
/Users/buddhirajgautam/Documents/Cherrygram-Mac/macOS-Swift/submodules/tgcalls/SharedHeaders/webrtc/third_party/abseil-cpp/absl/base/macros.h:95:30: note: expanded from macro 'ABSL_ASSERT'
   95 |   (false ? static_cast<void>(expr) : static_cast<void>(0))
      |                              ^
In file included from /Users/buddhirajgautam/Documents/Cherrygram-Mac/macOS-Swift/submodules/tgcalls/tgcalls/v2/ContentNegotiation.cpp:1:
In file included from /Users/buddhirajgautam/Documents/Cherrygram-Mac/macOS-Swift/submodules/tgcalls/tgcalls/v2/ContentNegotiation.h:6:
In file included from /Users/buddhirajgautam/Documents/Cherrygram-Mac/macOS-Swift/submodules/tgcalls/SharedHeaders/webrtc/media/base/media_engine.h:18:
In file included from /Users/buddhirajgautam/Documents/Cherrygram-Mac/macOS-Swift/submodules/tgcalls/SharedHeaders/webrtc/api/audio_codecs/audio_decoder_factory.h:20:
In file included from /Users/buddhirajgautam/Documents/Cherrygram-Mac/macOS-Swift/submodules/tgcalls/SharedHeaders/webrtc/api/audio_codecs/audio_format.h:20:
In file included from /Users/buddhirajgautam/Documents/Cherrygram-Mac/macOS-Swift/submodules/tgcalls/SharedHeaders/webrtc/api/rtp_parameters.h:20:
/Users/buddhirajgautam/Documents/Cherrygram-Mac/macOS-Swift/submodules/tgcalls/SharedHeaders/webrtc/third_party/abseil-cpp/absl/container/inlined_vector.h:195:16: note: in instantiation of member function 'absl::inlined_vector_internal::Storage<webrtc::RenderResolution, 4, std::allocator<webrtc::RenderResolution>>::MemcpyFrom' requested here
  195 |       storage_.MemcpyFrom(other.storage_);
      |                ^
/Users/buddhirajgautam/Documents/Cherrygram-Mac/macOS-Swift/submodules/tgcalls/SharedHeaders/webrtc/third_party/abseil-cpp/absl/container/inlined_vector.h:177:9: note: in instantiation of member function 'absl::InlinedVector<webrtc::RenderResolution, 4>::InlinedVector' requested here
  177 |       : InlinedVector(other, other.storage_.GetAllocator()) {}
      |         ^
In file included from /Users/buddhirajgautam/Documents/Cherrygram-Mac/macOS-Swift/submodules/tgcalls/tgcalls/v2/ContentNegotiation.cpp:1:
In file included from /Users/buddhirajgautam/Documents/Cherrygram-Mac/macOS-Swift/submodules/tgcalls/tgcalls/v2/ContentNegotiation.h:6:
In file included from /Users/buddhirajgautam/Documents/Cherrygram-Mac/macOS-Swift/submodules/tgcalls/SharedHeaders/webrtc/media/base/media_engine.h:26:
In file included from /Users/buddhirajgautam/Documents/Cherrygram-Mac/macOS-Swift/submodules/tgcalls/SharedHeaders/webrtc/media/base/media_channel.h:27:
In file included from /Users/buddhirajgautam/Documents/Cherrygram-Mac/macOS-Swift/submodules/tgcalls/SharedHeaders/webrtc/api/frame_transformer_interface.h:19:
In file included from /Users/buddhirajgautam/Documents/Cherrygram-Mac/macOS-Swift/submodules/tgcalls/SharedHeaders/webrtc/api/video/encoded_frame.h:21:
In file included from /Users/buddhirajgautam/Documents/Cherrygram-Mac/macOS-Swift/submodules/tgcalls/SharedHeaders/webrtc/modules/rtp_rtcp/source/rtp_video_header.h:20:
/Users/buddhirajgautam/Documents/Cherrygram-Mac/macOS-Swift/submodules/tgcalls/SharedHeaders/webrtc/api/transport/rtp/dependency_descriptor.h:61:8: note: in instantiation of member function 'absl::InlinedVector<webrtc::RenderResolution, 4>::InlinedVector' requested here
   61 | struct FrameDependencyStructure {
      |        ^
In file included from /Users/buddhirajgautam/Documents/Cherrygram-Mac/macOS-Swift/submodules/tgcalls/tgcalls/v2/ContentNegotiation.cpp:1:
In file included from /Users/buddhirajgautam/Documents/Cherrygram-Mac/macOS-Swift/submodules/tgcalls/tgcalls/v2/ContentNegotiation.h:6:
In file included from /Users/buddhirajgautam/Documents/Cherrygram-Mac/macOS-Swift/submodules/tgcalls/SharedHeaders/webrtc/media/base/media_engine.h:18:
In file included from /Users/buddhirajgautam/Documents/Cherrygram-Mac/macOS-Swift/submodules/tgcalls/SharedHeaders/webrtc/api/audio_codecs/audio_decoder_factory.h:17:
In file included from /Users/buddhirajgautam/Documents/Cherrygram-Mac/macOS-Swift/submodules/tgcalls/SharedHeaders/webrtc/third_party/abseil-cpp/absl/types/optional.h:39:
In file included from /Users/buddhirajgautam/Documents/Cherrygram-Mac/macOS-Swift/submodules/tgcalls/SharedHeaders/webrtc/third_party/abseil-cpp/absl/utility/utility.h:45:
/Users/buddhirajgautam/Documents/Cherrygram-Mac/macOS-Swift/submodules/tgcalls/SharedHeaders/webrtc/third_party/abseil-cpp/absl/meta/type_traits.h:511:36: warning: builtin __is_trivially_relocatable is deprecated; use __builtin_is_cpp_trivially_relocatable instead [-Wdeprecated-builtins]
  511 |     : std::integral_constant<bool, __is_trivially_relocatable(T)> {};
      |                                    ^
In file included from /Users/buddhirajgautam/Documents/Cherrygram-Mac/macOS-Swift/submodules/tgcalls/tgcalls/v2/ContentNegotiation.cpp:1:
In file included from /Users/buddhirajgautam/Documents/Cherrygram-Mac/macOS-Swift/submodules/tgcalls/tgcalls/v2/ContentNegotiation.h:6:
In file included from /Users/buddhirajgautam/Documents/Cherrygram-Mac/macOS-Swift/submodules/tgcalls/SharedHeaders/webrtc/media/base/media_engine.h:18:
In file included from /Users/buddhirajgautam/Documents/Cherrygram-Mac/macOS-Swift/submodules/tgcalls/SharedHeaders/webrtc/api/audio_codecs/audio_decoder_factory.h:20:
In file included from /Users/buddhirajgautam/Documents/Cherrygram-Mac/macOS-Swift/submodules/tgcalls/SharedHeaders/webrtc/api/audio_codecs/audio_format.h:20:
In file included from /Users/buddhirajgautam/Documents/Cherrygram-Mac/macOS-Swift/submodules/tgcalls/SharedHeaders/webrtc/api/rtp_parameters.h:20:
In file included from /Users/buddhirajgautam/Documents/Cherrygram-Mac/macOS-Swift/submodules/tgcalls/SharedHeaders/webrtc/third_party/abseil-cpp/absl/container/inlined_vector.h:53:
/Users/buddhirajgautam/Documents/Cherrygram-Mac/macOS-Swift/submodules/tgcalls/SharedHeaders/webrtc/third_party/abseil-cpp/absl/container/internal/inlined_vector.h:522:22: note: in instantiation of template class 'absl::is_trivially_relocatable<webrtc::ScalabilityMode>' requested here
  522 |                absl::is_trivially_relocatable<V>::value ||
      |                      ^
In file included from /Users/buddhirajgautam/Documents/Cherrygram-Mac/macOS-Swift/submodules/tgcalls/tgcalls/v2/ContentNegotiation.cpp:1:
In file included from /Users/buddhirajgautam/Documents/Cherrygram-Mac/macOS-Swift/submodules/tgcalls/tgcalls/v2/ContentNegotiation.h:6:
In file included from /Users/buddhirajgautam/Documents/Cherrygram-Mac/macOS-Swift/submodules/tgcalls/SharedHeaders/webrtc/media/base/media_engine.h:18:
In file included from /Users/buddhirajgautam/Documents/Cherrygram-Mac/macOS-Swift/submodules/tgcalls/SharedHeaders/webrtc/api/audio_codecs/audio_decoder_factory.h:19:
In file included from /Users/buddhirajgautam/Documents/Cherrygram-Mac/macOS-Swift/submodules/tgcalls/SharedHeaders/webrtc/api/audio_codecs/audio_decoder.h:21:
In file included from /Users/buddhirajgautam/Documents/Cherrygram-Mac/macOS-Swift/submodules/tgcalls/SharedHeaders/webrtc/api/array_view.h:19:
In file included from /Users/buddhirajgautam/Documents/Cherrygram-Mac/macOS-Swift/submodules/tgcalls/SharedHeaders/webrtc/rtc_base/checks.h:58:
In file included from /Users/buddhirajgautam/Documents/Cherrygram-Mac/macOS-Swift/submodules/tgcalls/SharedHeaders/webrtc/third_party/abseil-cpp/absl/strings/string_view.h:43:
/Users/buddhirajgautam/Documents/Cherrygram-Mac/macOS-Swift/submodules/tgcalls/SharedHeaders/webrtc/third_party/abseil-cpp/absl/base/macros.h:128:49: note: expanded from macro 'ABSL_HARDENING_ASSERT'
  128 | #define ABSL_HARDENING_ASSERT(expr) ABSL_ASSERT(expr)
      |                                                 ^
/Users/buddhirajgautam/Documents/Cherrygram-Mac/macOS-Swift/submodules/tgcalls/SharedHeaders/webrtc/third_party/abseil-cpp/absl/base/macros.h:95:30: note: expanded from macro 'ABSL_ASSERT'
   95 |   (false ? static_cast<void>(expr) : static_cast<void>(0))
      |                              ^
In file included from /Users/buddhirajgautam/Documents/Cherrygram-Mac/macOS-Swift/submodules/tgcalls/tgcalls/v2/ContentNegotiation.cpp:1:
In file included from /Users/buddhirajgautam/Documents/Cherrygram-Mac/macOS-Swift/submodules/tgcalls/tgcalls/v2/ContentNegotiation.h:6:
In file included from /Users/buddhirajgautam/Documents/Cherrygram-Mac/macOS-Swift/submodules/tgcalls/SharedHeaders/webrtc/media/base/media_engine.h:18:
In file included from /Users/buddhirajgautam/Documents/Cherrygram-Mac/macOS-Swift/submodules/tgcalls/SharedHeaders/webrtc/api/audio_codecs/audio_decoder_factory.h:20:
In file included from /Users/buddhirajgautam/Documents/Cherrygram-Mac/macOS-Swift/submodules/tgcalls/SharedHeaders/webrtc/api/audio_codecs/audio_format.h:20:
In file included from /Users/buddhirajgautam/Documents/Cherrygram-Mac/macOS-Swift/submodules/tgcalls/SharedHeaders/webrtc/api/rtp_parameters.h:20:
/Users/buddhirajgautam/Documents/Cherrygram-Mac/macOS-Swift/submodules/tgcalls/SharedHeaders/webrtc/third_party/abseil-cpp/absl/container/inlined_vector.h:195:16: note: in instantiation of member function 'absl::inlined_vector_internal::Storage<webrtc::ScalabilityMode, 34, std::allocator<webrtc::ScalabilityMode>>::MemcpyFrom' requested here
  195 |       storage_.MemcpyFrom(other.storage_);
      |                ^
/Users/buddhirajgautam/Documents/Cherrygram-Mac/macOS-Swift/submodules/tgcalls/SharedHeaders/webrtc/third_party/abseil-cpp/absl/container/inlined_vector.h:177:9: note: in instantiation of member function 'absl::InlinedVector<webrtc::ScalabilityMode, 34>::InlinedVector' requested here
  177 |       : InlinedVector(other, other.storage_.GetAllocator()) {}
      |         ^
In file included from /Users/buddhirajgautam/Documents/Cherrygram-Mac/macOS-Swift/submodules/tgcalls/tgcalls/v2/ContentNegotiation.cpp:1:
In file included from /Users/buddhirajgautam/Documents/Cherrygram-Mac/macOS-Swift/submodules/tgcalls/tgcalls/v2/ContentNegotiation.h:6:
In file included from /Users/buddhirajgautam/Documents/Cherrygram-Mac/macOS-Swift/submodules/tgcalls/SharedHeaders/webrtc/media/base/media_engine.h:18:
In file included from /Users/buddhirajgautam/Documents/Cherrygram-Mac/macOS-Swift/submodules/tgcalls/SharedHeaders/webrtc/api/audio_codecs/audio_decoder_factory.h:20:
In file included from /Users/buddhirajgautam/Documents/Cherrygram-Mac/macOS-Swift/submodules/tgcalls/SharedHeaders/webrtc/api/audio_codecs/audio_format.h:20:
/Users/buddhirajgautam/Documents/Cherrygram-Mac/macOS-Swift/submodules/tgcalls/SharedHeaders/webrtc/api/rtp_parameters.h:177:19: note: in instantiation of member function 'absl::InlinedVector<webrtc::ScalabilityMode, 34>::InlinedVector' requested here
  177 | struct RTC_EXPORT RtpCodecCapability : public RtpCodec {
      |                   ^
5 warnings generated.

CompileC /Users/buddhirajgautam/Library/Developer/Xcode/DerivedData/Telegram-Mac-fygdgghdgmuleoelvxabfmqiotta/Build/Intermediates.noindex/TgVoipWebrtc.build/Debug/TgVoipWebrtc-t.build/Objects-normal/arm64/CodecSelectHelper.o /Users/buddhirajgautam/Documents/Cherrygram-Mac/macOS-Swift/submodules/tgcalls/tgcalls/CodecSelectHelper.cpp normal arm64 c++ com.apple.compilers.llvm.clang.1_0.compiler (in target 'TgVoipWebrtc' from project 'TgVoipWebrtc')
    cd /Users/buddhirajgautam/Documents/Cherrygram-Mac/macOS-Swift
    
    Using response file: /Users/buddhirajgautam/Library/Developer/Xcode/DerivedData/Telegram-Mac-fygdgghdgmuleoelvxabfmqiotta/Build/Intermediates.noindex/TgVoipWebrtc.build/Debug/TgVoipWebrtc-t.build/Objects-normal/arm64/82b82416624d2658e5098eb0a28c15c5-common-args.resp
    
    /Applications/Xcode.app/Contents/Developer/Toolchains/XcodeDefault.xctoolchain/usr/bin/clang -x c++ -ivfsstatcache /Users/buddhirajgautam/Library/Developer/Xcode/DerivedData/SDKStatCaches.noindex/macosx27.0-26A425-e829b21a6f8c9b70876ba0858053c0447231f6df4def33e022ae2eb8f782df1a.sdkstatcache -target arm64-apple-macos12.0 -fmessage-length\=0 -fdiagnostics-show-note-include-stack -fmacro-backtrace-limit\=0 -fno-color-diagnostics -fmodules-prune-interval\=86400 -fmodules-prune-after\=345600 -fbuild-session-file\=/Users/buddhirajgautam/Library/Developer/Xcode/DerivedData/ModuleCache.noindex/Session.modulevalidation -fmodules-validate-once-per-build-session -Wnon-modular-include-in-framework-module -Werror\=non-modular-include-in-framework-module -Wno-trigraphs -Wno-missing-field-initializers -Wno-missing-prototypes -Wno-return-type -Wno-non-virtual-dtor -Wno-overloaded-virtual -Wno-exit-time-destructors -Wno-missing-braces -Wparentheses -Wswitch -Wno-unused-function -Wno-unused-label -Wno-unused-parameter -Wno-unused-variable -Wunused-value -Wno-empty-body -Wno-uninitialized -Wno-unknown-pragmas -Wno-shadow -Wno-four-char-constants -Wno-conversion -Wno-constant-conversion -Wno-int-conversion -Wno-bool-conversion -Wno-enum-conversion -Wno-float-conversion -Wno-non-literal-null-conversion -Wno-objc-literal-conversion -Wshorten-64-to-32 -Wno-newline-eof -Wno-c++11-extensions -Wno-implicit-fallthrough -isysroot /Applications/Xcode.app/Contents/Developer/Platforms/MacOSX.platform/Developer/SDKs/MacOSX27.0.sdk -fstrict-aliasing -Wdeprecated-declarations -Winvalid-offsetof -Wno-sign-conversion -Wno-infinite-recursion -Wno-move -Wno-comma -Wno-block-capture-autoreleasing -Wno-strict-prototypes -Wno-range-loop-analysis -Wno-semicolon-before-method-body -index-store-path /Users/buddhirajgautam/Library/Developer/Xcode/DerivedData/Telegram-Mac-fygdgghdgmuleoelvxabfmqiotta/Index.noindex/DataStore @/Users/buddhirajgautam/Library/Developer/Xcode/DerivedData/Telegram-Mac-fygdgghdgmuleoelvxabfmqiotta/Build/Intermediates.noindex/TgVoipWebrtc.build/Debug/TgVoipWebrtc-t.build/Objects-normal/arm64/82b82416624d2658e5098eb0a28c15c5-common-args.resp -MMD -MT dependencies -MF /Users/buddhirajgautam/Library/Developer/Xcode/DerivedData/Telegram-Mac-fygdgghdgmuleoelvxabfmqiotta/Build/Intermediates.noindex/TgVoipWebrtc.build/Debug/TgVoipWebrtc-t.build/Objects-normal/arm64/CodecSelectHelper.d --serialize-diagnostics /Users/buddhirajgautam/Library/Developer/Xcode/DerivedData/Telegram-Mac-fygdgghdgmuleoelvxabfmqiotta/Build/Intermediates.noindex/TgVoipWebrtc.build/Debug/TgVoipWebrtc-t.build/Objects-normal/arm64/CodecSelectHelper.dia -c /Users/buddhirajgautam/Documents/Cherrygram-Mac/macOS-Swift/submodules/tgcalls/tgcalls/CodecSelectHelper.cpp -o /Users/buddhirajgautam/Library/Developer/Xcode/DerivedData/Telegram-Mac-fygdgghdgmuleoelvxabfmqiotta/Build/Intermediates.noindex/TgVoipWebrtc.build/Debug/TgVoipWebrtc-t.build/Objects-normal/arm64/CodecSelectHelper.o -index-unit-output-path /TgVoipWebrtc.build/Debug/TgVoipWebrtc-t.build/Objects-normal/arm64/CodecSelectHelper.o
In file included from /Users/buddhirajgautam/Documents/Cherrygram-Mac/macOS-Swift/submodules/tgcalls/tgcalls/CodecSelectHelper.cpp:1:
In file included from /Users/buddhirajgautam/Documents/Cherrygram-Mac/macOS-Swift/submodules/tgcalls/tgcalls/CodecSelectHelper.h:4:
In file included from /Users/buddhirajgautam/Documents/Cherrygram-Mac/macOS-Swift/submodules/tgcalls/tgcalls/Message.h:4:
In file included from /Users/buddhirajgautam/Documents/Cherrygram-Mac/macOS-Swift/submodules/tgcalls/SharedHeaders/webrtc/api/candidate.h:21:
In file included from /Users/buddhirajgautam/Documents/Cherrygram-Mac/macOS-Swift/submodules/tgcalls/SharedHeaders/webrtc/third_party/abseil-cpp/absl/strings/string_view.h:40:
In file included from /Users/buddhirajgautam/Documents/Cherrygram-Mac/macOS-Swift/submodules/tgcalls/SharedHeaders/webrtc/third_party/abseil-cpp/absl/base/nullability.h:153:
In file included from /Users/buddhirajgautam/Documents/Cherrygram-Mac/macOS-Swift/submodules/tgcalls/SharedHeaders/webrtc/third_party/abseil-cpp/absl/base/internal/nullability_impl.h:22:
/Users/buddhirajgautam/Documents/Cherrygram-Mac/macOS-Swift/submodules/tgcalls/SharedHeaders/webrtc/third_party/abseil-cpp/absl/meta/type_traits.h:511:36: warning: builtin __is_trivially_relocatable is deprecated; use __builtin_is_cpp_trivially_relocatable instead [-Wdeprecated-builtins]
  511 |     : std::integral_constant<bool, __is_trivially_relocatable(T)> {};
      |                                    ^
/Users/buddhirajgautam/Documents/Cherrygram-Mac/macOS-Swift/submodules/tgcalls/tgcalls/CodecSelectHelper.cpp:232:30: warning: implicit conversion loses integer precision: 'decltype(__x.base() - __y.base())' (aka 'long') to 'int' [-Wshorten-64-to-32]
  232 |                 result.myEncoderIndex = (i - begin(result.list));
      |                                       ~  ~~^~~~~~~~~~~~~~~~~~~~
2 warnings generated.

CompileC /Users/buddhirajgautam/Library/Developer/Xcode/DerivedData/Telegram-Mac-fygdgghdgmuleoelvxabfmqiotta/Build/Intermediates.noindex/TgVoipWebrtc.build/Debug/TgVoipWebrtc-t.build/Objects-normal/arm64/ChannelManager.o /Users/buddhirajgautam/Documents/Cherrygram-Mac/macOS-Swift/submodules/tgcalls/tgcalls/ChannelManager.cpp normal arm64 c++ com.apple.compilers.llvm.clang.1_0.compiler (in target 'TgVoipWebrtc' from project 'TgVoipWebrtc')
    cd /Users/buddhirajgautam/Documents/Cherrygram-Mac/macOS-Swift
    
    Using response file: /Users/buddhirajgautam/Library/Developer/Xcode/DerivedData/Telegram-Mac-fygdgghdgmuleoelvxabfmqiotta/Build/Intermediates.noindex/TgVoipWebrtc.build/Debug/TgVoipWebrtc-t.build/Objects-normal/arm64/82b82416624d2658e5098eb0a28c15c5-common-args.resp
    
    /Applications/Xcode.app/Contents/Developer/Toolchains/XcodeDefault.xctoolchain/usr/bin/clang -x c++ -ivfsstatcache /Users/buddhirajgautam/Library/Developer/Xcode/DerivedData/SDKStatCaches.noindex/macosx27.0-26A425-e829b21a6f8c9b70876ba0858053c0447231f6df4def33e022ae2eb8f782df1a.sdkstatcache -target arm64-apple-macos12.0 -fmessage-length\=0 -fdiagnostics-show-note-include-stack -fmacro-backtrace-limit\=0 -fno-color-diagnostics -fmodules-prune-interval\=86400 -fmodules-prune-after\=345600 -fbuild-session-file\=/Users/buddhirajgautam/Library/Developer/Xcode/DerivedData/ModuleCache.noindex/Session.modulevalidation -fmodules-validate-once-per-build-session -Wnon-modular-include-in-framework-module -Werror\=non-modular-include-in-framework-module -Wno-trigraphs -Wno-missing-field-initializers -Wno-missing-prototypes -Wno-return-type -Wno-non-virtual-dtor -Wno-overloaded-virtual -Wno-exit-time-destructors -Wno-missing-braces -Wparentheses -Wswitch -Wno-unused-function -Wno-unused-label -Wno-unused-parameter -Wno-unused-variable -Wunused-value -Wno-empty-body -Wno-uninitialized -Wno-unknown-pragmas -Wno-shadow -Wno-four-char-constants -Wno-conversion -Wno-constant-conversion -Wno-int-conversion -Wno-bool-conversion -Wno-enum-conversion -Wno-float-conversion -Wno-non-literal-null-conversion -Wno-objc-literal-conversion -Wshorten-64-to-32 -Wno-newline-eof -Wno-c++11-extensions -Wno-implicit-fallthrough -isysroot /Applications/Xcode.app/Contents/Developer/Platforms/MacOSX.platform/Developer/SDKs/MacOSX27.0.sdk -fstrict-aliasing -Wdeprecated-declarations -Winvalid-offsetof -Wno-sign-conversion -Wno-infinite-recursion -Wno-move -Wno-comma -Wno-block-capture-autoreleasing -Wno-strict-prototypes -Wno-range-loop-analysis -Wno-semicolon-before-method-body -index-store-path /Users/buddhirajgautam/Library/Developer/Xcode/DerivedData/Telegram-Mac-fygdgghdgmuleoelvxabfmqiotta/Index.noindex/DataStore @/Users/buddhirajgautam/Library/Developer/Xcode/DerivedData/Telegram-Mac-fygdgghdgmuleoelvxabfmqiotta/Build/Intermediates.noindex/TgVoipWebrtc.build/Debug/TgVoipWebrtc-t.build/Objects-normal/arm64/82b82416624d2658e5098eb0a28c15c5-common-args.resp -MMD -MT dependencies -MF /Users/buddhirajgautam/Library/Developer/Xcode/DerivedData/Telegram-Mac-fygdgghdgmuleoelvxabfmqiotta/Build/Intermediates.noindex/TgVoipWebrtc.build/Debug/TgVoipWebrtc-t.build/Objects-normal/arm64/ChannelManager.d --serialize-diagnostics /Users/buddhirajgautam/Library/Developer/Xcode/DerivedData/Telegram-Mac-fygdgghdgmuleoelvxabfmqiotta/Build/Intermediates.noindex/TgVoipWebrtc.build/Debug/TgVoipWebrtc-t.build/Objects-normal/arm64/ChannelManager.dia -c /Users/buddhirajgautam/Documents/Cherrygram-Mac/macOS-Swift/submodules/tgcalls/tgcalls/ChannelManager.cpp -o /Users/buddhirajgautam/Library/Developer/Xcode/DerivedData/Telegram-Mac-fygdgghdgmuleoelvxabfmqiotta/Build/Intermediates.noindex/TgVoipWebrtc.build/Debug/TgVoipWebrtc-t.build/Objects-normal/arm64/ChannelManager.o -index-unit-output-path /TgVoipWebrtc.build/Debug/TgVoipWebrtc-t.build/Objects-normal/arm64/ChannelManager.o
In file included from /Users/buddhirajgautam/Documents/Cherrygram-Mac/macOS-Swift/submodules/tgcalls/tgcalls/ChannelManager.cpp:1:
In file included from /Users/buddhirajgautam/Documents/Cherrygram-Mac/macOS-Swift/submodules/tgcalls/tgcalls/ChannelManager.h:7:
In file included from /Users/buddhirajgautam/Documents/Cherrygram-Mac/macOS-Swift/submodules/tgcalls/SharedHeaders/webrtc/api/audio_options.h:18:
In file included from /Users/buddhirajgautam/Documents/Cherrygram-Mac/macOS-Swift/submodules/tgcalls/SharedHeaders/webrtc/third_party/abseil-cpp/absl/types/optional.h:39:
In file included from /Users/buddhirajgautam/Documents/Cherrygram-Mac/macOS-Swift/submodules/tgcalls/SharedHeaders/webrtc/third_party/abseil-cpp/absl/utility/utility.h:45:
/Users/buddhirajgautam/Documents/Cherrygram-Mac/macOS-Swift/submodules/tgcalls/SharedHeaders/webrtc/third_party/abseil-cpp/absl/meta/type_traits.h:511:36: warning: builtin __is_trivially_relocatable is deprecated; use __builtin_is_cpp_trivially_relocatable instead [-Wdeprecated-builtins]
  511 |     : std::integral_constant<bool, __is_trivially_relocatable(T)> {};
      |                                    ^
/Users/buddhirajgautam/Documents/Cherrygram-Mac/macOS-Swift/submodules/tgcalls/SharedHeaders/webrtc/third_party/abseil-cpp/absl/meta/type_traits.h:511:36: warning: builtin __is_trivially_relocatable is deprecated; use __builtin_is_cpp_trivially_relocatable instead [-Wdeprecated-builtins]
In file included from /Users/buddhirajgautam/Documents/Cherrygram-Mac/macOS-Swift/submodules/tgcalls/tgcalls/ChannelManager.cpp:1:
In file included from /Users/buddhirajgautam/Documents/Cherrygram-Mac/macOS-Swift/submodules/tgcalls/tgcalls/ChannelManager.h:9:
In file included from /Users/buddhirajgautam/Documents/Cherrygram-Mac/macOS-Swift/submodules/tgcalls/SharedHeaders/webrtc/api/rtp_parameters.h:20:
In file included from /Users/buddhirajgautam/Documents/Cherrygram-Mac/macOS-Swift/submodules/tgcalls/SharedHeaders/webrtc/third_party/abseil-cpp/absl/container/inlined_vector.h:53:
/Users/buddhirajgautam/Documents/Cherrygram-Mac/macOS-Swift/submodules/tgcalls/SharedHeaders/webrtc/third_party/abseil-cpp/absl/container/internal/inlined_vector.h:522:22: note: in instantiation of template class 'absl::is_trivially_relocatable<webrtc::DecodeTargetIndication>' requested here
  522 |                absl::is_trivially_relocatable<V>::value ||
      |                      ^
In file included from /Users/buddhirajgautam/Documents/Cherrygram-Mac/macOS-Swift/submodules/tgcalls/tgcalls/ChannelManager.cpp:1:
In file included from /Users/buddhirajgautam/Documents/Cherrygram-Mac/macOS-Swift/submodules/tgcalls/tgcalls/ChannelManager.h:9:
In file included from /Users/buddhirajgautam/Documents/Cherrygram-Mac/macOS-Swift/submodules/tgcalls/SharedHeaders/webrtc/api/rtp_parameters.h:20:
In file included from /Users/buddhirajgautam/Documents/Cherrygram-Mac/macOS-Swift/submodules/tgcalls/SharedHeaders/webrtc/third_party/abseil-cpp/absl/container/inlined_vector.h:50:
/Users/buddhirajgautam/Documents/Cherrygram-Mac/macOS-Swift/submodules/tgcalls/SharedHeaders/webrtc/third_party/abseil-cpp/absl/base/macros.h:128:49: note: expanded from macro 'ABSL_HARDENING_ASSERT'
  128 | #define ABSL_HARDENING_ASSERT(expr) ABSL_ASSERT(expr)
      |                                                 ^
/Users/buddhirajgautam/Documents/Cherrygram-Mac/macOS-Swift/submodules/tgcalls/SharedHeaders/webrtc/third_party/abseil-cpp/absl/base/macros.h:95:30: note: expanded from macro 'ABSL_ASSERT'
   95 |   (false ? static_cast<void>(expr) : static_cast<void>(0))
      |                              ^
In file included from /Users/buddhirajgautam/Documents/Cherrygram-Mac/macOS-Swift/submodules/tgcalls/tgcalls/ChannelManager.cpp:1:
In file included from /Users/buddhirajgautam/Documents/Cherrygram-Mac/macOS-Swift/submodules/tgcalls/tgcalls/ChannelManager.h:9:
In file included from /Users/buddhirajgautam/Documents/Cherrygram-Mac/macOS-Swift/submodules/tgcalls/SharedHeaders/webrtc/api/rtp_parameters.h:20:
/Users/buddhirajgautam/Documents/Cherrygram-Mac/macOS-Swift/submodules/tgcalls/SharedHeaders/webrtc/third_party/abseil-cpp/absl/container/inlined_vector.h:856:14: note: in instantiation of member function 'absl::inlined_vector_internal::Storage<webrtc::DecodeTargetIndication, 10, std::allocator<webrtc::DecodeTargetIndication>>::MemcpyFrom' requested here
  856 |     storage_.MemcpyFrom(other.storage_);
      |              ^
/Users/buddhirajgautam/Documents/Cherrygram-Mac/macOS-Swift/submodules/tgcalls/SharedHeaders/webrtc/third_party/abseil-cpp/absl/container/inlined_vector.h:548:7: note: in instantiation of member function 'absl::InlinedVector<webrtc::DecodeTargetIndication, 10>::MoveAssignment' requested here
  548 |       MoveAssignment(MoveAssignmentPolicy{}, std::move(other));
      |       ^
In file included from /Users/buddhirajgautam/Documents/Cherrygram-Mac/macOS-Swift/submodules/tgcalls/tgcalls/ChannelManager.cpp:1:
In file included from /Users/buddhirajgautam/Documents/Cherrygram-Mac/macOS-Swift/submodules/tgcalls/tgcalls/ChannelManager.h:11:
In file included from /Users/buddhirajgautam/Documents/Cherrygram-Mac/macOS-Swift/submodules/tgcalls/SharedHeaders/webrtc/call/call.h:22:
In file included from /Users/buddhirajgautam/Documents/Cherrygram-Mac/macOS-Swift/submodules/tgcalls/SharedHeaders/webrtc/call/audio_receive_stream.h:24:
In file included from /Users/buddhirajgautam/Documents/Cherrygram-Mac/macOS-Swift/submodules/tgcalls/SharedHeaders/webrtc/call/receive_stream.h:17:
In file included from /Users/buddhirajgautam/Documents/Cherrygram-Mac/macOS-Swift/submodules/tgcalls/SharedHeaders/webrtc/api/frame_transformer_interface.h:19:
In file included from /Users/buddhirajgautam/Documents/Cherrygram-Mac/macOS-Swift/submodules/tgcalls/SharedHeaders/webrtc/api/video/encoded_frame.h:21:
In file included from /Users/buddhirajgautam/Documents/Cherrygram-Mac/macOS-Swift/submodules/tgcalls/SharedHeaders/webrtc/modules/rtp_rtcp/source/rtp_video_header.h:20:
/Users/buddhirajgautam/Documents/Cherrygram-Mac/macOS-Swift/submodules/tgcalls/SharedHeaders/webrtc/api/transport/rtp/dependency_descriptor.h:133:35: note: in instantiation of member function 'absl::InlinedVector<webrtc::DecodeTargetIndication, 10>::operator=' requested here
  133 |   this->decode_target_indications =
      |                                   ^
In file included from /Users/buddhirajgautam/Documents/Cherrygram-Mac/macOS-Swift/submodules/tgcalls/tgcalls/ChannelManager.cpp:1:
In file included from /Users/buddhirajgautam/Documents/Cherrygram-Mac/macOS-Swift/submodules/tgcalls/tgcalls/ChannelManager.h:7:
In file included from /Users/buddhirajgautam/Documents/Cherrygram-Mac/macOS-Swift/submodules/tgcalls/SharedHeaders/webrtc/api/audio_options.h:18:
In file included from /Users/buddhirajgautam/Documents/Cherrygram-Mac/macOS-Swift/submodules/tgcalls/SharedHeaders/webrtc/third_party/abseil-cpp/absl/types/optional.h:39:
In file included from /Users/buddhirajgautam/Documents/Cherrygram-Mac/macOS-Swift/submodules/tgcalls/SharedHeaders/webrtc/third_party/abseil-cpp/absl/utility/utility.h:45:
/Users/buddhirajgautam/Documents/Cherrygram-Mac/macOS-Swift/submodules/tgcalls/SharedHeaders/webrtc/third_party/abseil-cpp/absl/meta/type_traits.h:511:36: warning: builtin __is_trivially_relocatable is deprecated; use __builtin_is_cpp_trivially_relocatable instead [-Wdeprecated-builtins]
  511 |     : std::integral_constant<bool, __is_trivially_relocatable(T)> {};
      |                                    ^
In file included from /Users/buddhirajgautam/Documents/Cherrygram-Mac/macOS-Swift/submodules/tgcalls/tgcalls/ChannelManager.cpp:1:
In file included from /Users/buddhirajgautam/Documents/Cherrygram-Mac/macOS-Swift/submodules/tgcalls/tgcalls/ChannelManager.h:9:
In file included from /Users/buddhirajgautam/Documents/Cherrygram-Mac/macOS-Swift/submodules/tgcalls/SharedHeaders/webrtc/api/rtp_parameters.h:20:
In file included from /Users/buddhirajgautam/Documents/Cherrygram-Mac/macOS-Swift/submodules/tgcalls/SharedHeaders/webrtc/third_party/abseil-cpp/absl/container/inlined_vector.h:53:
/Users/buddhirajgautam/Documents/Cherrygram-Mac/macOS-Swift/submodules/tgcalls/SharedHeaders/webrtc/third_party/abseil-cpp/absl/container/internal/inlined_vector.h:522:22: note: in instantiation of template class 'absl::is_trivially_relocatable<int>' requested here
  522 |                absl::is_trivially_relocatable<V>::value ||
      |                      ^
In file included from /Users/buddhirajgautam/Documents/Cherrygram-Mac/macOS-Swift/submodules/tgcalls/tgcalls/ChannelManager.cpp:1:
In file included from /Users/buddhirajgautam/Documents/Cherrygram-Mac/macOS-Swift/submodules/tgcalls/tgcalls/ChannelManager.h:9:
In file included from /Users/buddhirajgautam/Documents/Cherrygram-Mac/macOS-Swift/submodules/tgcalls/SharedHeaders/webrtc/api/rtp_parameters.h:20:
In file included from /Users/buddhirajgautam/Documents/Cherrygram-Mac/macOS-Swift/submodules/tgcalls/SharedHeaders/webrtc/third_party/abseil-cpp/absl/container/inlined_vector.h:50:
/Users/buddhirajgautam/Documents/Cherrygram-Mac/macOS-Swift/submodules/tgcalls/SharedHeaders/webrtc/third_party/abseil-cpp/absl/base/macros.h:128:49: note: expanded from macro 'ABSL_HARDENING_ASSERT'
  128 | #define ABSL_HARDENING_ASSERT(expr) ABSL_ASSERT(expr)
      |                                                 ^
/Users/buddhirajgautam/Documents/Cherrygram-Mac/macOS-Swift/submodules/tgcalls/SharedHeaders/webrtc/third_party/abseil-cpp/absl/base/macros.h:95:30: note: expanded from macro 'ABSL_ASSERT'
   95 |   (false ? static_cast<void>(expr) : static_cast<void>(0))
      |                              ^
In file included from /Users/buddhirajgautam/Documents/Cherrygram-Mac/macOS-Swift/submodules/tgcalls/tgcalls/ChannelManager.cpp:1:
In file included from /Users/buddhirajgautam/Documents/Cherrygram-Mac/macOS-Swift/submodules/tgcalls/tgcalls/ChannelManager.h:9:
In file included from /Users/buddhirajgautam/Documents/Cherrygram-Mac/macOS-Swift/submodules/tgcalls/SharedHeaders/webrtc/api/rtp_parameters.h:20:
/Users/buddhirajgautam/Documents/Cherrygram-Mac/macOS-Swift/submodules/tgcalls/SharedHeaders/webrtc/third_party/abseil-cpp/absl/container/inlined_vector.h:195:16: note: in instantiation of member function 'absl::inlined_vector_internal::Storage<int, 4, std::allocator<int>>::MemcpyFrom' requested here
  195 |       storage_.MemcpyFrom(other.storage_);
      |                ^
/Users/buddhirajgautam/Documents/Cherrygram-Mac/macOS-Swift/submodules/tgcalls/SharedHeaders/webrtc/third_party/abseil-cpp/absl/container/inlined_vector.h:177:9: note: in instantiation of member function 'absl::InlinedVector<int, 4>::InlinedVector' requested here
  177 |       : InlinedVector(other, other.storage_.GetAllocator()) {}
      |         ^
In file included from /Users/buddhirajgautam/Documents/Cherrygram-Mac/macOS-Swift/submodules/tgcalls/tgcalls/ChannelManager.cpp:1:
In file included from /Users/buddhirajgautam/Documents/Cherrygram-Mac/macOS-Swift/submodules/tgcalls/tgcalls/ChannelManager.h:11:
In file included from /Users/buddhirajgautam/Documents/Cherrygram-Mac/macOS-Swift/submodules/tgcalls/SharedHeaders/webrtc/call/call.h:22:
In file included from /Users/buddhirajgautam/Documents/Cherrygram-Mac/macOS-Swift/submodules/tgcalls/SharedHeaders/webrtc/call/audio_receive_stream.h:24:
In file included from /Users/buddhirajgautam/Documents/Cherrygram-Mac/macOS-Swift/submodules/tgcalls/SharedHeaders/webrtc/call/receive_stream.h:17:
In file included from /Users/buddhirajgautam/Documents/Cherrygram-Mac/macOS-Swift/submodules/tgcalls/SharedHeaders/webrtc/api/frame_transformer_interface.h:19:
In file included from /Users/buddhirajgautam/Documents/Cherrygram-Mac/macOS-Swift/submodules/tgcalls/SharedHeaders/webrtc/api/video/encoded_frame.h:21:
In file included from /Users/buddhirajgautam/Documents/Cherrygram-Mac/macOS-Swift/submodules/tgcalls/SharedHeaders/webrtc/modules/rtp_rtcp/source/rtp_video_header.h:20:
/Users/buddhirajgautam/Documents/Cherrygram-Mac/macOS-Swift/submodules/tgcalls/SharedHeaders/webrtc/api/transport/rtp/dependency_descriptor.h:37:8: note: in instantiation of member function 'absl::InlinedVector<int, 4>::InlinedVector' requested here
   37 | struct FrameDependencyTemplate {
      |        ^
In file included from /Users/buddhirajgautam/Documents/Cherrygram-Mac/macOS-Swift/submodules/tgcalls/tgcalls/ChannelManager.cpp:1:
In file included from /Users/buddhirajgautam/Documents/Cherrygram-Mac/macOS-Swift/submodules/tgcalls/tgcalls/ChannelManager.h:7:
In file included from /Users/buddhirajgautam/Documents/Cherrygram-Mac/macOS-Swift/submodules/tgcalls/SharedHeaders/webrtc/api/audio_options.h:18:
In file included from /Users/buddhirajgautam/Documents/Cherrygram-Mac/macOS-Swift/submodules/tgcalls/SharedHeaders/webrtc/third_party/abseil-cpp/absl/types/optional.h:39:
In file included from /Users/buddhirajgautam/Documents/Cherrygram-Mac/macOS-Swift/submodules/tgcalls/SharedHeaders/webrtc/third_party/abseil-cpp/absl/utility/utility.h:45:
/Users/buddhirajgautam/Documents/Cherrygram-Mac/macOS-Swift/submodules/tgcalls/SharedHeaders/webrtc/third_party/abseil-cpp/absl/meta/type_traits.h:511:36: warning: builtin __is_trivially_relocatable is deprecated; use __builtin_is_cpp_trivially_relocatable instead [-Wdeprecated-builtins]
  511 |     : std::integral_constant<bool, __is_trivially_relocatable(T)> {};
      |                                    ^
In file included from /Users/buddhirajgautam/Documents/Cherrygram-Mac/macOS-Swift/submodules/tgcalls/tgcalls/ChannelManager.cpp:1:
In file included from /Users/buddhirajgautam/Documents/Cherrygram-Mac/macOS-Swift/submodules/tgcalls/tgcalls/ChannelManager.h:9:
In file included from /Users/buddhirajgautam/Documents/Cherrygram-Mac/macOS-Swift/submodules/tgcalls/SharedHeaders/webrtc/api/rtp_parameters.h:20:
In file included from /Users/buddhirajgautam/Documents/Cherrygram-Mac/macOS-Swift/submodules/tgcalls/SharedHeaders/webrtc/third_party/abseil-cpp/absl/container/inlined_vector.h:53:
/Users/buddhirajgautam/Documents/Cherrygram-Mac/macOS-Swift/submodules/tgcalls/SharedHeaders/webrtc/third_party/abseil-cpp/absl/container/internal/inlined_vector.h:522:22: note: in instantiation of template class 'absl::is_trivially_relocatable<webrtc::RenderResolution>' requested here
  522 |                absl::is_trivially_relocatable<V>::value ||
      |                      ^
In file included from /Users/buddhirajgautam/Documents/Cherrygram-Mac/macOS-Swift/submodules/tgcalls/tgcalls/ChannelManager.cpp:1:
In file included from /Users/buddhirajgautam/Documents/Cherrygram-Mac/macOS-Swift/submodules/tgcalls/tgcalls/ChannelManager.h:9:
In file included from /Users/buddhirajgautam/Documents/Cherrygram-Mac/macOS-Swift/submodules/tgcalls/SharedHeaders/webrtc/api/rtp_parameters.h:20:
In file included from /Users/buddhirajgautam/Documents/Cherrygram-Mac/macOS-Swift/submodules/tgcalls/SharedHeaders/webrtc/third_party/abseil-cpp/absl/container/inlined_vector.h:50:
/Users/buddhirajgautam/Documents/Cherrygram-Mac/macOS-Swift/submodules/tgcalls/SharedHeaders/webrtc/third_party/abseil-cpp/absl/base/macros.h:128:49: note: expanded from macro 'ABSL_HARDENING_ASSERT'
  128 | #define ABSL_HARDENING_ASSERT(expr) ABSL_ASSERT(expr)
      |                                                 ^
/Users/buddhirajgautam/Documents/Cherrygram-Mac/macOS-Swift/submodules/tgcalls/SharedHeaders/webrtc/third_party/abseil-cpp/absl/base/macros.h:95:30: note: expanded from macro 'ABSL_ASSERT'
   95 |   (false ? static_cast<void>(expr) : static_cast<void>(0))
      |                              ^
In file included from /Users/buddhirajgautam/Documents/Cherrygram-Mac/macOS-Swift/submodules/tgcalls/tgcalls/ChannelManager.cpp:1:
In file included from /Users/buddhirajgautam/Documents/Cherrygram-Mac/macOS-Swift/submodules/tgcalls/tgcalls/ChannelManager.h:9:
In file included from /Users/buddhirajgautam/Documents/Cherrygram-Mac/macOS-Swift/submodules/tgcalls/SharedHeaders/webrtc/api/rtp_parameters.h:20:
/Users/buddhirajgautam/Documents/Cherrygram-Mac/macOS-Swift/submodules/tgcalls/SharedHeaders/webrtc/third_party/abseil-cpp/absl/container/inlined_vector.h:195:16: note: in instantiation of member function 'absl::inlined_vector_internal::Storage<webrtc::RenderResolution, 4, std::allocator<webrtc::RenderResolution>>::MemcpyFrom' requested here
  195 |       storage_.MemcpyFrom(other.storage_);
      |                ^
/Users/buddhirajgautam/Documents/Cherrygram-Mac/macOS-Swift/submodules/tgcalls/SharedHeaders/webrtc/third_party/abseil-cpp/absl/container/inlined_vector.h:177:9: note: in instantiation of member function 'absl::InlinedVector<webrtc::RenderResolution, 4>::InlinedVector' requested here
  177 |       : InlinedVector(other, other.storage_.GetAllocator()) {}
      |         ^
In file included from /Users/buddhirajgautam/Documents/Cherrygram-Mac/macOS-Swift/submodules/tgcalls/tgcalls/ChannelManager.cpp:1:
In file included from /Users/buddhirajgautam/Documents/Cherrygram-Mac/macOS-Swift/submodules/tgcalls/tgcalls/ChannelManager.h:11:
In file included from /Users/buddhirajgautam/Documents/Cherrygram-Mac/macOS-Swift/submodules/tgcalls/SharedHeaders/webrtc/call/call.h:22:
In file included from /Users/buddhirajgautam/Documents/Cherrygram-Mac/macOS-Swift/submodules/tgcalls/SharedHeaders/webrtc/call/audio_receive_stream.h:24:
In file included from /Users/buddhirajgautam/Documents/Cherrygram-Mac/macOS-Swift/submodules/tgcalls/SharedHeaders/webrtc/call/receive_stream.h:17:
In file included from /Users/buddhirajgautam/Documents/Cherrygram-Mac/macOS-Swift/submodules/tgcalls/SharedHeaders/webrtc/api/frame_transformer_interface.h:19:
In file included from /Users/buddhirajgautam/Documents/Cherrygram-Mac/macOS-Swift/submodules/tgcalls/SharedHeaders/webrtc/api/video/encoded_frame.h:21:
In file included from /Users/buddhirajgautam/Documents/Cherrygram-Mac/macOS-Swift/submodules/tgcalls/SharedHeaders/webrtc/modules/rtp_rtcp/source/rtp_video_header.h:20:
/Users/buddhirajgautam/Documents/Cherrygram-Mac/macOS-Swift/submodules/tgcalls/SharedHeaders/webrtc/api/transport/rtp/dependency_descriptor.h:61:8: note: in instantiation of member function 'absl::InlinedVector<webrtc::RenderResolution, 4>::InlinedVector' requested here
   61 | struct FrameDependencyStructure {
      |        ^
4 warnings generated.

CompileC /Users/buddhirajgautam/Library/Developer/Xcode/DerivedData/Telegram-Mac-fygdgghdgmuleoelvxabfmqiotta/Build/Intermediates.noindex/TgVoipWebrtc.build/Debug/TgVoipWebrtc-t.build/Objects-normal/arm64/AudioStreamingPartPersistentDecoder.o /Users/buddhirajgautam/Documents/Cherrygram-Mac/macOS-Swift/submodules/tgcalls/tgcalls/group/AudioStreamingPartPersistentDecoder.cpp normal arm64 c++ com.apple.compilers.llvm.clang.1_0.compiler (in target 'TgVoipWebrtc' from project 'TgVoipWebrtc')
    cd /Users/buddhirajgautam/Documents/Cherrygram-Mac/macOS-Swift
    
    Using response file: /Users/buddhirajgautam/Library/Developer/Xcode/DerivedData/Telegram-Mac-fygdgghdgmuleoelvxabfmqiotta/Build/Intermediates.noindex/TgVoipWebrtc.build/Debug/TgVoipWebrtc-t.build/Objects-normal/arm64/82b82416624d2658e5098eb0a28c15c5-common-args.resp
    
    /Applications/Xcode.app/Contents/Developer/Toolchains/XcodeDefault.xctoolchain/usr/bin/clang -x c++ -ivfsstatcache /Users/buddhirajgautam/Library/Developer/Xcode/DerivedData/SDKStatCaches.noindex/macosx27.0-26A425-e829b21a6f8c9b70876ba0858053c0447231f6df4def33e022ae2eb8f782df1a.sdkstatcache -target arm64-apple-macos12.0 -fmessage-length\=0 -fdiagnostics-show-note-include-stack -fmacro-backtrace-limit\=0 -fno-color-diagnostics -fmodules-prune-interval\=86400 -fmodules-prune-after\=345600 -fbuild-session-file\=/Users/buddhirajgautam/Library/Developer/Xcode/DerivedData/ModuleCache.noindex/Session.modulevalidation -fmodules-validate-once-per-build-session -Wnon-modular-include-in-framework-module -Werror\=non-modular-include-in-framework-module -Wno-trigraphs -Wno-missing-field-initializers -Wno-missing-prototypes -Wno-return-type -Wno-non-virtual-dtor -Wno-overloaded-virtual -Wno-exit-time-destructors -Wno-missing-braces -Wparentheses -Wswitch -Wno-unused-function -Wno-unused-label -Wno-unused-parameter -Wno-unused-variable -Wunused-value -Wno-empty-body -Wno-uninitialized -Wno-unknown-pragmas -Wno-shadow -Wno-four-char-constants -Wno-conversion -Wno-constant-conversion -Wno-int-conversion -Wno-bool-conversion -Wno-enum-conversion -Wno-float-conversion -Wno-non-literal-null-conversion -Wno-objc-literal-conversion -Wshorten-64-to-32 -Wno-newline-eof -Wno-c++11-extensions -Wno-implicit-fallthrough -isysroot /Applications/Xcode.app/Contents/Developer/Platforms/MacOSX.platform/Developer/SDKs/MacOSX27.0.sdk -fstrict-aliasing -Wdeprecated-declarations -Winvalid-offsetof -Wno-sign-conversion -Wno-infinite-recursion -Wno-move -Wno-comma -Wno-block-capture-autoreleasing -Wno-strict-prototypes -Wno-range-loop-analysis -Wno-semicolon-before-method-body -index-store-path /Users/buddhirajgautam/Library/Developer/Xcode/DerivedData/Telegram-Mac-fygdgghdgmuleoelvxabfmqiotta/Index.noindex/DataStore @/Users/buddhirajgautam/Library/Developer/Xcode/DerivedData/Telegram-Mac-fygdgghdgmuleoelvxabfmqiotta/Build/Intermediates.noindex/TgVoipWebrtc.build/Debug/TgVoipWebrtc-t.build/Objects-normal/arm64/82b82416624d2658e5098eb0a28c15c5-common-args.resp -MMD -MT dependencies -MF /Users/buddhirajgautam/Library/Developer/Xcode/DerivedData/Telegram-Mac-fygdgghdgmuleoelvxabfmqiotta/Build/Intermediates.noindex/TgVoipWebrtc.build/Debug/TgVoipWebrtc-t.build/Objects-normal/arm64/AudioStreamingPartPersistentDecoder.d --serialize-diagnostics /Users/buddhirajgautam/Library/Developer/Xcode/DerivedData/Telegram-Mac-fygdgghdgmuleoelvxabfmqiotta/Build/Intermediates.noindex/TgVoipWebrtc.build/Debug/TgVoipWebrtc-t.build/Objects-normal/arm64/AudioStreamingPartPersistentDecoder.dia -c /Users/buddhirajgautam/Documents/Cherrygram-Mac/macOS-Swift/submodules/tgcalls/tgcalls/group/AudioStreamingPartPersistentDecoder.cpp -o /Users/buddhirajgautam/Library/Developer/Xcode/DerivedData/Telegram-Mac-fygdgghdgmuleoelvxabfmqiotta/Build/Intermediates.noindex/TgVoipWebrtc.build/Debug/TgVoipWebrtc-t.build/Objects-normal/arm64/AudioStreamingPartPersistentDecoder.o -index-unit-output-path /TgVoipWebrtc.build/Debug/TgVoipWebrtc-t.build/Objects-normal/arm64/AudioStreamingPartPersistentDecoder.o
In file included from /Users/buddhirajgautam/Documents/Cherrygram-Mac/macOS-Swift/submodules/tgcalls/tgcalls/group/AudioStreamingPartPersistentDecoder.cpp:1:
In file included from /Users/buddhirajgautam/Documents/Cherrygram-Mac/macOS-Swift/submodules/tgcalls/tgcalls/group/AudioStreamingPartPersistentDecoder.h:4:
In file included from /Users/buddhirajgautam/Documents/Cherrygram-Mac/macOS-Swift/submodules/tgcalls/SharedHeaders/webrtc/third_party/abseil-cpp/absl/types/optional.h:39:
In file included from /Users/buddhirajgautam/Documents/Cherrygram-Mac/macOS-Swift/submodules/tgcalls/SharedHeaders/webrtc/third_party/abseil-cpp/absl/utility/utility.h:45:
/Users/buddhirajgautam/Documents/Cherrygram-Mac/macOS-Swift/submodules/tgcalls/SharedHeaders/webrtc/third_party/abseil-cpp/absl/meta/type_traits.h:511:36: warning: builtin __is_trivially_relocatable is deprecated; use __builtin_is_cpp_trivially_relocatable instead [-Wdeprecated-builtins]
  511 |     : std::integral_constant<bool, __is_trivially_relocatable(T)> {};
      |                                    ^
1 warning generated.

CompileC /Users/buddhirajgautam/Library/Developer/Xcode/DerivedData/Telegram-Mac-fygdgghdgmuleoelvxabfmqiotta/Build/Intermediates.noindex/TgVoipWebrtc.build/Debug/TgVoipWebrtc-t.build/Objects-normal/arm64/AudioStreamingPartInternal.o /Users/buddhirajgautam/Documents/Cherrygram-Mac/macOS-Swift/submodules/tgcalls/tgcalls/group/AudioStreamingPartInternal.cpp normal arm64 c++ com.apple.compilers.llvm.clang.1_0.compiler (in target 'TgVoipWebrtc' from project 'TgVoipWebrtc')
    cd /Users/buddhirajgautam/Documents/Cherrygram-Mac/macOS-Swift
    
    Using response file: /Users/buddhirajgautam/Library/Developer/Xcode/DerivedData/Telegram-Mac-fygdgghdgmuleoelvxabfmqiotta/Build/Intermediates.noindex/TgVoipWebrtc.build/Debug/TgVoipWebrtc-t.build/Objects-normal/arm64/82b82416624d2658e5098eb0a28c15c5-common-args.resp
    
    /Applications/Xcode.app/Contents/Developer/Toolchains/XcodeDefault.xctoolchain/usr/bin/clang -x c++ -ivfsstatcache /Users/buddhirajgautam/Library/Developer/Xcode/DerivedData/SDKStatCaches.noindex/macosx27.0-26A425-e829b21a6f8c9b70876ba0858053c0447231f6df4def33e022ae2eb8f782df1a.sdkstatcache -target arm64-apple-macos12.0 -fmessage-length\=0 -fdiagnostics-show-note-include-stack -fmacro-backtrace-limit\=0 -fno-color-diagnostics -fmodules-prune-interval\=86400 -fmodules-prune-after\=345600 -fbuild-session-file\=/Users/buddhirajgautam/Library/Developer/Xcode/DerivedData/ModuleCache.noindex/Session.modulevalidation -fmodules-validate-once-per-build-session -Wnon-modular-include-in-framework-module -Werror\=non-modular-include-in-framework-module -Wno-trigraphs -Wno-missing-field-initializers -Wno-missing-prototypes -Wno-return-type -Wno-non-virtual-dtor -Wno-overloaded-virtual -Wno-exit-time-destructors -Wno-missing-braces -Wparentheses -Wswitch -Wno-unused-function -Wno-unused-label -Wno-unused-parameter -Wno-unused-variable -Wunused-value -Wno-empty-body -Wno-uninitialized -Wno-unknown-pragmas -Wno-shadow -Wno-four-char-constants -Wno-conversion -Wno-constant-conversion -Wno-int-conversion -Wno-bool-conversion -Wno-enum-conversion -Wno-float-conversion -Wno-non-literal-null-conversion -Wno-objc-literal-conversion -Wshorten-64-to-32 -Wno-newline-eof -Wno-c++11-extensions -Wno-implicit-fallthrough -isysroot /Applications/Xcode.app/Contents/Developer/Platforms/MacOSX.platform/Developer/SDKs/MacOSX27.0.sdk -fstrict-aliasing -Wdeprecated-declarations -Winvalid-offsetof -Wno-sign-conversion -Wno-infinite-recursion -Wno-move -Wno-comma -Wno-block-capture-autoreleasing -Wno-strict-prototypes -Wno-range-loop-analysis -Wno-semicolon-before-method-body -index-store-path /Users/buddhirajgautam/Library/Developer/Xcode/DerivedData/Telegram-Mac-fygdgghdgmuleoelvxabfmqiotta/Index.noindex/DataStore @/Users/buddhirajgautam/Library/Developer/Xcode/DerivedData/Telegram-Mac-fygdgghdgmuleoelvxabfmqiotta/Build/Intermediates.noindex/TgVoipWebrtc.build/Debug/TgVoipWebrtc-t.build/Objects-normal/arm64/82b82416624d2658e5098eb0a28c15c5-common-args.resp -MMD -MT dependencies -MF /Users/buddhirajgautam/Library/Developer/Xcode/DerivedData/Telegram-Mac-fygdgghdgmuleoelvxabfmqiotta/Build/Intermediates.noindex/TgVoipWebrtc.build/Debug/TgVoipWebrtc-t.build/Objects-normal/arm64/AudioStreamingPartInternal.d --serialize-diagnostics /Users/buddhirajgautam/Library/Developer/Xcode/DerivedData/Telegram-Mac-fygdgghdgmuleoelvxabfmqiotta/Build/Intermediates.noindex/TgVoipWebrtc.build/Debug/TgVoipWebrtc-t.build/Objects-normal/arm64/AudioStreamingPartInternal.dia -c /Users/buddhirajgautam/Documents/Cherrygram-Mac/macOS-Swift/submodules/tgcalls/tgcalls/group/AudioStreamingPartInternal.cpp -o /Users/buddhirajgautam/Library/Developer/Xcode/DerivedData/Telegram-Mac-fygdgghdgmuleoelvxabfmqiotta/Build/Intermediates.noindex/TgVoipWebrtc.build/Debug/TgVoipWebrtc-t.build/Objects-normal/arm64/AudioStreamingPartInternal.o -index-unit-output-path /TgVoipWebrtc.build/Debug/TgVoipWebrtc-t.build/Objects-normal/arm64/AudioStreamingPartInternal.o
In file included from /Users/buddhirajgautam/Documents/Cherrygram-Mac/macOS-Swift/submodules/tgcalls/tgcalls/group/AudioStreamingPartInternal.cpp:1:
In file included from /Users/buddhirajgautam/Documents/Cherrygram-Mac/macOS-Swift/submodules/tgcalls/tgcalls/group/AudioStreamingPartInternal.h:4:
In file included from /Users/buddhirajgautam/Documents/Cherrygram-Mac/macOS-Swift/submodules/tgcalls/SharedHeaders/webrtc/third_party/abseil-cpp/absl/types/optional.h:39:
In file included from /Users/buddhirajgautam/Documents/Cherrygram-Mac/macOS-Swift/submodules/tgcalls/SharedHeaders/webrtc/third_party/abseil-cpp/absl/utility/utility.h:45:
/Users/buddhirajgautam/Documents/Cherrygram-Mac/macOS-Swift/submodules/tgcalls/SharedHeaders/webrtc/third_party/abseil-cpp/absl/meta/type_traits.h:511:36: warning: builtin __is_trivially_relocatable is deprecated; use __builtin_is_cpp_trivially_relocatable instead [-Wdeprecated-builtins]
  511 |     : std::integral_constant<bool, __is_trivially_relocatable(T)> {};
      |                                    ^
1 warning generated.

CompileC /Users/buddhirajgautam/Library/Developer/Xcode/DerivedData/Telegram-Mac-fygdgghdgmuleoelvxabfmqiotta/Build/Intermediates.noindex/TgVoipWebrtc.build/Debug/TgVoipWebrtc-t.build/Objects-normal/arm64/AudioStreamingPart.o /Users/buddhirajgautam/Documents/Cherrygram-Mac/macOS-Swift/submodules/tgcalls/tgcalls/group/AudioStreamingPart.cpp normal arm64 c++ com.apple.compilers.llvm.clang.1_0.compiler (in target 'TgVoipWebrtc' from project 'TgVoipWebrtc')
    cd /Users/buddhirajgautam/Documents/Cherrygram-Mac/macOS-Swift
    
    Using response file: /Users/buddhirajgautam/Library/Developer/Xcode/DerivedData/Telegram-Mac-fygdgghdgmuleoelvxabfmqiotta/Build/Intermediates.noindex/TgVoipWebrtc.build/Debug/TgVoipWebrtc-t.build/Objects-normal/arm64/82b82416624d2658e5098eb0a28c15c5-common-args.resp
    
    /Applications/Xcode.app/Contents/Developer/Toolchains/XcodeDefault.xctoolchain/usr/bin/clang -x c++ -ivfsstatcache /Users/buddhirajgautam/Library/Developer/Xcode/DerivedData/SDKStatCaches.noindex/macosx27.0-26A425-e829b21a6f8c9b70876ba0858053c0447231f6df4def33e022ae2eb8f782df1a.sdkstatcache -target arm64-apple-macos12.0 -fmessage-length\=0 -fdiagnostics-show-note-include-stack -fmacro-backtrace-limit\=0 -fno-color-diagnostics -fmodules-prune-interval\=86400 -fmodules-prune-after\=345600 -fbuild-session-file\=/Users/buddhirajgautam/Library/Developer/Xcode/DerivedData/ModuleCache.noindex/Session.modulevalidation -fmodules-validate-once-per-build-session -Wnon-modular-include-in-framework-module -Werror\=non-modular-include-in-framework-module -Wno-trigraphs -Wno-missing-field-initializers -Wno-missing-prototypes -Wno-return-type -Wno-non-virtual-dtor -Wno-overloaded-virtual -Wno-exit-time-destructors -Wno-missing-braces -Wparentheses -Wswitch -Wno-unused-function -Wno-unused-label -Wno-unused-parameter -Wno-unused-variable -Wunused-value -Wno-empty-body -Wno-uninitialized -Wno-unknown-pragmas -Wno-shadow -Wno-four-char-constants -Wno-conversion -Wno-constant-conversion -Wno-int-conversion -Wno-bool-conversion -Wno-enum-conversion -Wno-float-conversion -Wno-non-literal-null-conversion -Wno-objc-literal-conversion -Wshorten-64-to-32 -Wno-newline-eof -Wno-c++11-extensions -Wno-implicit-fallthrough -isysroot /Applications/Xcode.app/Contents/Developer/Platforms/MacOSX.platform/Developer/SDKs/MacOSX27.0.sdk -fstrict-aliasing -Wdeprecated-declarations -Winvalid-offsetof -Wno-sign-conversion -Wno-infinite-recursion -Wno-move -Wno-comma -Wno-block-capture-autoreleasing -Wno-strict-prototypes -Wno-range-loop-analysis -Wno-semicolon-before-method-body -index-store-path /Users/buddhirajgautam/Library/Developer/Xcode/DerivedData/Telegram-Mac-fygdgghdgmuleoelvxabfmqiotta/Index.noindex/DataStore @/Users/buddhirajgautam/Library/Developer/Xcode/DerivedData/Telegram-Mac-fygdgghdgmuleoelvxabfmqiotta/Build/Intermediates.noindex/TgVoipWebrtc.build/Debug/TgVoipWebrtc-t.build/Objects-normal/arm64/82b82416624d2658e5098eb0a28c15c5-common-args.resp -MMD -MT dependencies -MF /Users/buddhirajgautam/Library/Developer/Xcode/DerivedData/Telegram-Mac-fygdgghdgmuleoelvxabfmqiotta/Build/Intermediates.noindex/TgVoipWebrtc.build/Debug/TgVoipWebrtc-t.build/Objects-normal/arm64/AudioStreamingPart.d --serialize-diagnostics /Users/buddhirajgautam/Library/Developer/Xcode/DerivedData/Telegram-Mac-fygdgghdgmuleoelvxabfmqiotta/Build/Intermediates.noindex/TgVoipWebrtc.build/Debug/TgVoipWebrtc-t.build/Objects-normal/arm64/AudioStreamingPart.dia -c /Users/buddhirajgautam/Documents/Cherrygram-Mac/macOS-Swift/submodules/tgcalls/tgcalls/group/AudioStreamingPart.cpp -o /Users/buddhirajgautam/Library/Developer/Xcode/DerivedData/Telegram-Mac-fygdgghdgmuleoelvxabfmqiotta/Build/Intermediates.noindex/TgVoipWebrtc.build/Debug/TgVoipWebrtc-t.build/Objects-normal/arm64/AudioStreamingPart.o -index-unit-output-path /TgVoipWebrtc.build/Debug/TgVoipWebrtc-t.build/Objects-normal/arm64/AudioStreamingPart.o
In file included from /Users/buddhirajgautam/Documents/Cherrygram-Mac/macOS-Swift/submodules/tgcalls/tgcalls/group/AudioStreamingPart.cpp:1:
In file included from /Users/buddhirajgautam/Documents/Cherrygram-Mac/macOS-Swift/submodules/tgcalls/tgcalls/group/AudioStreamingPart.h:4:
In file included from /Users/buddhirajgautam/Documents/Cherrygram-Mac/macOS-Swift/submodules/tgcalls/SharedHeaders/webrtc/third_party/abseil-cpp/absl/types/optional.h:39:
In file included from /Users/buddhirajgautam/Documents/Cherrygram-Mac/macOS-Swift/submodules/tgcalls/SharedHeaders/webrtc/third_party/abseil-cpp/absl/utility/utility.h:45:
/Users/buddhirajgautam/Documents/Cherrygram-Mac/macOS-Swift/submodules/tgcalls/SharedHeaders/webrtc/third_party/abseil-cpp/absl/meta/type_traits.h:511:36: warning: builtin __is_trivially_relocatable is deprecated; use __builtin_is_cpp_trivially_relocatable instead [-Wdeprecated-builtins]
  511 |     : std::integral_constant<bool, __is_trivially_relocatable(T)> {};
      |                                    ^
1 warning generated.

CompileC /Users/buddhirajgautam/Library/Developer/Xcode/DerivedData/Telegram-Mac-fygdgghdgmuleoelvxabfmqiotta/Build/Intermediates.noindex/TgVoipWebrtc.build/Debug/TgVoipWebrtc-t.build/Objects-normal/arm64/AudioDeviceHelper.o /Users/buddhirajgautam/Documents/Cherrygram-Mac/macOS-Swift/submodules/tgcalls/tgcalls/AudioDeviceHelper.cpp normal arm64 c++ com.apple.compilers.llvm.clang.1_0.compiler (in target 'TgVoipWebrtc' from project 'TgVoipWebrtc')
    cd /Users/buddhirajgautam/Documents/Cherrygram-Mac/macOS-Swift
    
    Using response file: /Users/buddhirajgautam/Library/Developer/Xcode/DerivedData/Telegram-Mac-fygdgghdgmuleoelvxabfmqiotta/Build/Intermediates.noindex/TgVoipWebrtc.build/Debug/TgVoipWebrtc-t.build/Objects-normal/arm64/82b82416624d2658e5098eb0a28c15c5-common-args.resp
    
    /Applications/Xcode.app/Contents/Developer/Toolchains/XcodeDefault.xctoolchain/usr/bin/clang -x c++ -ivfsstatcache /Users/buddhirajgautam/Library/Developer/Xcode/DerivedData/SDKStatCaches.noindex/macosx27.0-26A425-e829b21a6f8c9b70876ba0858053c0447231f6df4def33e022ae2eb8f782df1a.sdkstatcache -target arm64-apple-macos12.0 -fmessage-length\=0 -fdiagnostics-show-note-include-stack -fmacro-backtrace-limit\=0 -fno-color-diagnostics -fmodules-prune-interval\=86400 -fmodules-prune-after\=345600 -fbuild-session-file\=/Users/buddhirajgautam/Library/Developer/Xcode/DerivedData/ModuleCache.noindex/Session.modulevalidation -fmodules-validate-once-per-build-session -Wnon-modular-include-in-framework-module -Werror\=non-modular-include-in-framework-module -Wno-trigraphs -Wno-missing-field-initializers -Wno-missing-prototypes -Wno-return-type -Wno-non-virtual-dtor -Wno-overloaded-virtual -Wno-exit-time-destructors -Wno-missing-braces -Wparentheses -Wswitch -Wno-unused-function -Wno-unused-label -Wno-unused-parameter -Wno-unused-variable -Wunused-value -Wno-empty-body -Wno-uninitialized -Wno-unknown-pragmas -Wno-shadow -Wno-four-char-constants -Wno-conversion -Wno-constant-conversion -Wno-int-conversion -Wno-bool-conversion -Wno-enum-conversion -Wno-float-conversion -Wno-non-literal-null-conversion -Wno-objc-literal-conversion -Wshorten-64-to-32 -Wno-newline-eof -Wno-c++11-extensions -Wno-implicit-fallthrough -isysroot /Applications/Xcode.app/Contents/Developer/Platforms/MacOSX.platform/Developer/SDKs/MacOSX27.0.sdk -fstrict-aliasing -Wdeprecated-declarations -Winvalid-offsetof -Wno-sign-conversion -Wno-infinite-recursion -Wno-move -Wno-comma -Wno-block-capture-autoreleasing -Wno-strict-prototypes -Wno-range-loop-analysis -Wno-semicolon-before-method-body -index-store-path /Users/buddhirajgautam/Library/Developer/Xcode/DerivedData/Telegram-Mac-fygdgghdgmuleoelvxabfmqiotta/Index.noindex/DataStore @/Users/buddhirajgautam/Library/Developer/Xcode/DerivedData/Telegram-Mac-fygdgghdgmuleoelvxabfmqiotta/Build/Intermediates.noindex/TgVoipWebrtc.build/Debug/TgVoipWebrtc-t.build/Objects-normal/arm64/82b82416624d2658e5098eb0a28c15c5-common-args.resp -MMD -MT dependencies -MF /Users/buddhirajgautam/Library/Developer/Xcode/DerivedData/Telegram-Mac-fygdgghdgmuleoelvxabfmqiotta/Build/Intermediates.noindex/TgVoipWebrtc.build/Debug/TgVoipWebrtc-t.build/Objects-normal/arm64/AudioDeviceHelper.d --serialize-diagnostics /Users/buddhirajgautam/Library/Developer/Xcode/DerivedData/Telegram-Mac-fygdgghdgmuleoelvxabfmqiotta/Build/Intermediates.noindex/TgVoipWebrtc.build/Debug/TgVoipWebrtc-t.build/Objects-normal/arm64/AudioDeviceHelper.dia -c /Users/buddhirajgautam/Documents/Cherrygram-Mac/macOS-Swift/submodules/tgcalls/tgcalls/AudioDeviceHelper.cpp -o /Users/buddhirajgautam/Library/Developer/Xcode/DerivedData/Telegram-Mac-fygdgghdgmuleoelvxabfmqiotta/Build/Intermediates.noindex/TgVoipWebrtc.build/Debug/TgVoipWebrtc-t.build/Objects-normal/arm64/AudioDeviceHelper.o -index-unit-output-path /TgVoipWebrtc.build/Debug/TgVoipWebrtc-t.build/Objects-normal/arm64/AudioDeviceHelper.o
In file included from /Users/buddhirajgautam/Documents/Cherrygram-Mac/macOS-Swift/submodules/tgcalls/tgcalls/AudioDeviceHelper.cpp:3:
In file included from /Users/buddhirajgautam/Documents/Cherrygram-Mac/macOS-Swift/submodules/tgcalls/SharedHeaders/webrtc/modules/audio_device/include/audio_device.h:14:
In file included from /Users/buddhirajgautam/Documents/Cherrygram-Mac/macOS-Swift/submodules/tgcalls/SharedHeaders/webrtc/third_party/abseil-cpp/absl/types/optional.h:39:
In file included from /Users/buddhirajgautam/Documents/Cherrygram-Mac/macOS-Swift/submodules/tgcalls/SharedHeaders/webrtc/third_party/abseil-cpp/absl/utility/utility.h:45:
/Users/buddhirajgautam/Documents/Cherrygram-Mac/macOS-Swift/submodules/tgcalls/SharedHeaders/webrtc/third_party/abseil-cpp/absl/meta/type_traits.h:511:36: warning: builtin __is_trivially_relocatable is deprecated; use __builtin_is_cpp_trivially_relocatable instead [-Wdeprecated-builtins]
  511 |     : std::integral_constant<bool, __is_trivially_relocatable(T)> {};
      |                                    ^
1 warning generated.

CompileC /Users/buddhirajgautam/Library/Developer/Xcode/DerivedData/Telegram-Mac-fygdgghdgmuleoelvxabfmqiotta/Build/Intermediates.noindex/TgVoipWebrtc.build/Debug/TgVoipWebrtc-t.build/Objects-normal/arm64/AVIOContextImpl.o /Users/buddhirajgautam/Documents/Cherrygram-Mac/macOS-Swift/submodules/tgcalls/tgcalls/group/AVIOContextImpl.cpp normal arm64 c++ com.apple.compilers.llvm.clang.1_0.compiler (in target 'TgVoipWebrtc' from project 'TgVoipWebrtc')
    cd /Users/buddhirajgautam/Documents/Cherrygram-Mac/macOS-Swift
    
    Using response file: /Users/buddhirajgautam/Library/Developer/Xcode/DerivedData/Telegram-Mac-fygdgghdgmuleoelvxabfmqiotta/Build/Intermediates.noindex/TgVoipWebrtc.build/Debug/TgVoipWebrtc-t.build/Objects-normal/arm64/82b82416624d2658e5098eb0a28c15c5-common-args.resp
    
    /Applications/Xcode.app/Contents/Developer/Toolchains/XcodeDefault.xctoolchain/usr/bin/clang -x c++ -ivfsstatcache /Users/buddhirajgautam/Library/Developer/Xcode/DerivedData/SDKStatCaches.noindex/macosx27.0-26A425-e829b21a6f8c9b70876ba0858053c0447231f6df4def33e022ae2eb8f782df1a.sdkstatcache -target arm64-apple-macos12.0 -fmessage-length\=0 -fdiagnostics-show-note-include-stack -fmacro-backtrace-limit\=0 -fno-color-diagnostics -fmodules-prune-interval\=86400 -fmodules-prune-after\=345600 -fbuild-session-file\=/Users/buddhirajgautam/Library/Developer/Xcode/DerivedData/ModuleCache.noindex/Session.modulevalidation -fmodules-validate-once-per-build-session -Wnon-modular-include-in-framework-module -Werror\=non-modular-include-in-framework-module -Wno-trigraphs -Wno-missing-field-initializers -Wno-missing-prototypes -Wno-return-type -Wno-non-virtual-dtor -Wno-overloaded-virtual -Wno-exit-time-destructors -Wno-missing-braces -Wparentheses -Wswitch -Wno-unused-function -Wno-unused-label -Wno-unused-parameter -Wno-unused-variable -Wunused-value -Wno-empty-body -Wno-uninitialized -Wno-unknown-pragmas -Wno-shadow -Wno-four-char-constants -Wno-conversion -Wno-constant-conversion -Wno-int-conversion -Wno-bool-conversion -Wno-enum-conversion -Wno-float-conversion -Wno-non-literal-null-conversion -Wno-objc-literal-conversion -Wshorten-64-to-32 -Wno-newline-eof -Wno-c++11-extensions -Wno-implicit-fallthrough -isysroot /Applications/Xcode.app/Contents/Developer/Platforms/MacOSX.platform/Developer/SDKs/MacOSX27.0.sdk -fstrict-aliasing -Wdeprecated-declarations -Winvalid-offsetof -Wno-sign-conversion -Wno-infinite-recursion -Wno-move -Wno-comma -Wno-block-capture-autoreleasing -Wno-strict-prototypes -Wno-range-loop-analysis -Wno-semicolon-before-method-body -index-store-path /Users/buddhirajgautam/Library/Developer/Xcode/DerivedData/Telegram-Mac-fygdgghdgmuleoelvxabfmqiotta/Index.noindex/DataStore @/Users/buddhirajgautam/Library/Developer/Xcode/DerivedData/Telegram-Mac-fygdgghdgmuleoelvxabfmqiotta/Build/Intermediates.noindex/TgVoipWebrtc.build/Debug/TgVoipWebrtc-t.build/Objects-normal/arm64/82b82416624d2658e5098eb0a28c15c5-common-args.resp -MMD -MT dependencies -MF /Users/buddhirajgautam/Library/Developer/Xcode/DerivedData/Telegram-Mac-fygdgghdgmuleoelvxabfmqiotta/Build/Intermediates.noindex/TgVoipWebrtc.build/Debug/TgVoipWebrtc-t.build/Objects-normal/arm64/AVIOContextImpl.d --serialize-diagnostics /Users/buddhirajgautam/Library/Developer/Xcode/DerivedData/Telegram-Mac-fygdgghdgmuleoelvxabfmqiotta/Build/Intermediates.noindex/TgVoipWebrtc.build/Debug/TgVoipWebrtc-t.build/Objects-normal/arm64/AVIOContextImpl.dia -c /Users/buddhirajgautam/Documents/Cherrygram-Mac/macOS-Swift/submodules/tgcalls/tgcalls/group/AVIOContextImpl.cpp -o /Users/buddhirajgautam/Library/Developer/Xcode/DerivedData/Telegram-Mac-fygdgghdgmuleoelvxabfmqiotta/Build/Intermediates.noindex/TgVoipWebrtc.build/Debug/TgVoipWebrtc-t.build/Objects-normal/arm64/AVIOContextImpl.o -index-unit-output-path /TgVoipWebrtc.build/Debug/TgVoipWebrtc-t.build/Objects-normal/arm64/AVIOContextImpl.o
In file included from /Users/buddhirajgautam/Documents/Cherrygram-Mac/macOS-Swift/submodules/tgcalls/tgcalls/group/AVIOContextImpl.cpp:1:
In file included from /Users/buddhirajgautam/Documents/Cherrygram-Mac/macOS-Swift/submodules/tgcalls/tgcalls/group/AVIOContextImpl.h:4:
In file included from /Users/buddhirajgautam/Documents/Cherrygram-Mac/macOS-Swift/submodules/tgcalls/SharedHeaders/webrtc/third_party/abseil-cpp/absl/types/optional.h:39:
In file included from /Users/buddhirajgautam/Documents/Cherrygram-Mac/macOS-Swift/submodules/tgcalls/SharedHeaders/webrtc/third_party/abseil-cpp/absl/utility/utility.h:45:
/Users/buddhirajgautam/Documents/Cherrygram-Mac/macOS-Swift/submodules/tgcalls/SharedHeaders/webrtc/third_party/abseil-cpp/absl/meta/type_traits.h:511:36: warning: builtin __is_trivially_relocatable is deprecated; use __builtin_is_cpp_trivially_relocatable instead [-Wdeprecated-builtins]
  511 |     : std::integral_constant<bool, __is_trivially_relocatable(T)> {};
      |                                    ^
1 warning generated.

CompileC /Users/buddhirajgautam/Library/Developer/Xcode/DerivedData/Telegram-Mac-fygdgghdgmuleoelvxabfmqiotta/Build/Intermediates.noindex/TdBinding.build/Debug/TdBinding-t.build/Objects-normal/arm64/TdBinding.o /Users/buddhirajgautam/Documents/Cherrygram-Mac/macOS-Swift/submodules/telegram-ios/third-party/td/TdBinding/Sources/TdBinding.mm normal arm64 objective-c++ com.apple.compilers.llvm.clang.1_0.compiler (in target 'TdBinding' from project 'TdBinding')
    cd /Users/buddhirajgautam/Documents/Cherrygram-Mac/macOS-Swift
    
    Using response file: /Users/buddhirajgautam/Library/Developer/Xcode/DerivedData/Telegram-Mac-fygdgghdgmuleoelvxabfmqiotta/Build/Intermediates.noindex/TdBinding.build/Debug/TdBinding-t.build/Objects-normal/arm64/af3fcb34312c57c0f52879cdce924b91-common-args.resp
    
    /Applications/Xcode.app/Contents/Developer/Toolchains/XcodeDefault.xctoolchain/usr/bin/clang -x objective-c++ -ivfsstatcache /Users/buddhirajgautam/Library/Developer/Xcode/DerivedData/SDKStatCaches.noindex/macosx27.0-26A425-e829b21a6f8c9b70876ba0858053c0447231f6df4def33e022ae2eb8f782df1a.sdkstatcache -target arm64-apple-macos12.0 -fmessage-length\=0 -fdiagnostics-show-note-include-stack -fmacro-backtrace-limit\=0 -fno-color-diagnostics -fmodules-prune-interval\=86400 -fmodules-prune-after\=345600 -fbuild-session-file\=/Users/buddhirajgautam/Library/Developer/Xcode/DerivedData/ModuleCache.noindex/Session.modulevalidation -fmodules-validate-once-per-build-session -Wnon-modular-include-in-framework-module -Werror\=non-modular-include-in-framework-module -Wno-trigraphs -Wno-missing-field-initializers -Wno-missing-prototypes -Wno-return-type -Wno-implicit-atomic-properties -Wno-objc-interface-ivars -Wno-arc-repeated-use-of-weak -Wno-non-virtual-dtor -Wno-overloaded-virtual -Wno-exit-time-destructors -Wno-missing-braces -Wparentheses -Wswitch -Wno-unused-function -Wno-unused-label -Wno-unused-parameter -Wno-unused-variable -Wunused-value -Wno-empty-body -Wno-uninitialized -Wno-unknown-pragmas -Wno-shadow -Wno-four-char-constants -Wno-conversion -Wno-constant-conversion -Wno-int-conversion -Wno-bool-conversion -Wno-enum-conversion -Wno-float-conversion -Wno-non-literal-null-conversion -Wno-objc-literal-conversion -Wshorten-64-to-32 -Wno-newline-eof -Wno-selector -Wno-strict-selector-match -Wno-undeclared-selector -Wno-deprecated-implementations -Wno-c++11-extensions -Wno-implicit-fallthrough -isysroot /Applications/Xcode.app/Contents/Developer/Platforms/MacOSX.platform/Developer/SDKs/MacOSX27.0.sdk -fstrict-aliasing -Wprotocol -Wdeprecated-declarations -Winvalid-offsetof -Wno-sign-conversion -Wno-infinite-recursion -Wno-move -Wno-comma -Wno-block-capture-autoreleasing -Wno-strict-prototypes -Wno-range-loop-analysis -Wno-semicolon-before-method-body -index-store-path /Users/buddhirajgautam/Library/Developer/Xcode/DerivedData/Telegram-Mac-fygdgghdgmuleoelvxabfmqiotta/Index.noindex/DataStore @/Users/buddhirajgautam/Library/Developer/Xcode/DerivedData/Telegram-Mac-fygdgghdgmuleoelvxabfmqiotta/Build/Intermediates.noindex/TdBinding.build/Debug/TdBinding-t.build/Objects-normal/arm64/af3fcb34312c57c0f52879cdce924b91-common-args.resp -MMD -MT dependencies -MF /Users/buddhirajgautam/Library/Developer/Xcode/DerivedData/Telegram-Mac-fygdgghdgmuleoelvxabfmqiotta/Build/Intermediates.noindex/TdBinding.build/Debug/TdBinding-t.build/Objects-normal/arm64/TdBinding.d --serialize-diagnostics /Users/buddhirajgautam/Library/Developer/Xcode/DerivedData/Telegram-Mac-fygdgghdgmuleoelvxabfmqiotta/Build/Intermediates.noindex/TdBinding.build/Debug/TdBinding-t.build/Objects-normal/arm64/TdBinding.dia -c /Users/buddhirajgautam/Documents/Cherrygram-Mac/macOS-Swift/submodules/telegram-ios/third-party/td/TdBinding/Sources/TdBinding.mm -o /Users/buddhirajgautam/Library/Developer/Xcode/DerivedData/Telegram-Mac-fygdgghdgmuleoelvxabfmqiotta/Build/Intermediates.noindex/TdBinding.build/Debug/TdBinding-t.build/Objects-normal/arm64/TdBinding.o -index-unit-output-path /TdBinding.build/Debug/TdBinding-t.build/Objects-normal/arm64/TdBinding.o

CompileC /Users/buddhirajgautam/Library/Developer/Xcode/DerivedData/Telegram-Mac-fygdgghdgmuleoelvxabfmqiotta/Build/Intermediates.noindex/ShelfPack.build/Debug/ShelfPack-t.build/Objects-normal/arm64/ShelfPack.o /Users/buddhirajgautam/Documents/Cherrygram-Mac/macOS-Swift/submodules/telegram-ios/submodules/Utils/ShelfPack/Sources/ShelfPack.mm normal arm64 objective-c++ com.apple.compilers.llvm.clang.1_0.compiler (in target 'ShelfPack' from project 'ShelfPack')
    cd /Users/buddhirajgautam/Documents/Cherrygram-Mac/macOS-Swift
    
    Using response file: /Users/buddhirajgautam/Library/Developer/Xcode/DerivedData/Telegram-Mac-fygdgghdgmuleoelvxabfmqiotta/Build/Intermediates.noindex/ShelfPack.build/Debug/ShelfPack-t.build/Objects-normal/arm64/af3fcb34312c57c0f52879cdce924b91-common-args.resp
    
    /Applications/Xcode.app/Contents/Developer/Toolchains/XcodeDefault.xctoolchain/usr/bin/clang -x objective-c++ -ivfsstatcache /Users/buddhirajgautam/Library/Developer/Xcode/DerivedData/SDKStatCaches.noindex/macosx27.0-26A425-e829b21a6f8c9b70876ba0858053c0447231f6df4def33e022ae2eb8f782df1a.sdkstatcache -target arm64-apple-macos12.0 -fmessage-length\=0 -fdiagnostics-show-note-include-stack -fmacro-backtrace-limit\=0 -fno-color-diagnostics -fmodules-prune-interval\=86400 -fmodules-prune-after\=345600 -fbuild-session-file\=/Users/buddhirajgautam/Library/Developer/Xcode/DerivedData/ModuleCache.noindex/Session.modulevalidation -fmodules-validate-once-per-build-session -Wnon-modular-include-in-framework-module -Werror\=non-modular-include-in-framework-module -Wno-trigraphs -Wno-missing-field-initializers -Wno-missing-prototypes -Wno-return-type -Wno-implicit-atomic-properties -Wno-objc-interface-ivars -Wno-arc-repeated-use-of-weak -Wno-non-virtual-dtor -Wno-overloaded-virtual -Wno-exit-time-destructors -Wno-missing-braces -Wparentheses -Wswitch -Wno-unused-function -Wno-unused-label -Wno-unused-parameter -Wno-unused-variable -Wunused-value -Wno-empty-body -Wno-uninitialized -Wno-unknown-pragmas -Wno-shadow -Wno-four-char-constants -Wno-conversion -Wno-constant-conversion -Wno-int-conversion -Wno-bool-conversion -Wno-enum-conversion -Wno-float-conversion -Wno-non-literal-null-conversion -Wno-objc-literal-conversion -Wshorten-64-to-32 -Wno-newline-eof -Wno-selector -Wno-strict-selector-match -Wno-undeclared-selector -Wno-deprecated-implementations -Wno-c++11-extensions -Wno-implicit-fallthrough -isysroot /Applications/Xcode.app/Contents/Developer/Platforms/MacOSX.platform/Developer/SDKs/MacOSX27.0.sdk -fstrict-aliasing -Wprotocol -Wdeprecated-declarations -Winvalid-offsetof -Wno-sign-conversion -Wno-infinite-recursion -Wno-move -Wno-comma -Wno-block-capture-autoreleasing -Wno-strict-prototypes -Wno-range-loop-analysis -Wno-semicolon-before-method-body -index-store-path /Users/buddhirajgautam/Library/Developer/Xcode/DerivedData/Telegram-Mac-fygdgghdgmuleoelvxabfmqiotta/Index.noindex/DataStore @/Users/buddhirajgautam/Library/Developer/Xcode/DerivedData/Telegram-Mac-fygdgghdgmuleoelvxabfmqiotta/Build/Intermediates.noindex/ShelfPack.build/Debug/ShelfPack-t.build/Objects-normal/arm64/af3fcb34312c57c0f52879cdce924b91-common-args.resp -MMD -MT dependencies -MF /Users/buddhirajgautam/Library/Developer/Xcode/DerivedData/Telegram-Mac-fygdgghdgmuleoelvxabfmqiotta/Build/Intermediates.noindex/ShelfPack.build/Debug/ShelfPack-t.build/Objects-normal/arm64/ShelfPack.d --serialize-diagnostics /Users/buddhirajgautam/Library/Developer/Xcode/DerivedData/Telegram-Mac-fygdgghdgmuleoelvxabfmqiotta/Build/Intermediates.noindex/ShelfPack.build/Debug/ShelfPack-t.build/Objects-normal/arm64/ShelfPack.dia -c /Users/buddhirajgautam/Documents/Cherrygram-Mac/macOS-Swift/submodules/telegram-ios/submodules/Utils/ShelfPack/Sources/ShelfPack.mm -o /Users/buddhirajgautam/Library/Developer/Xcode/DerivedData/Telegram-Mac-fygdgghdgmuleoelvxabfmqiotta/Build/Intermediates.noindex/ShelfPack.build/Debug/ShelfPack-t.build/Objects-normal/arm64/ShelfPack.o -index-unit-output-path /ShelfPack.build/Debug/ShelfPack-t.build/Objects-normal/arm64/ShelfPack.o

CompileC /Users/buddhirajgautam/Library/Developer/Xcode/DerivedData/Telegram-Mac-fygdgghdgmuleoelvxabfmqiotta/Build/Intermediates.noindex/RLottie_Xcode.build/Debug/RLottie.build/Objects-normal/arm64/vrle.o /Users/buddhirajgautam/Documents/Cherrygram-Mac/macOS-Swift/submodules/rlottie/src/vector/vrle.cpp normal arm64 c++ com.apple.compilers.llvm.clang.1_0.compiler (in target 'RLottie' from project 'RLottie_Xcode')
    cd /Users/buddhirajgautam/Documents/Cherrygram-Mac/macOS-Swift/submodules/RLottie_Xcode
    
    Using response file: /Users/buddhirajgautam/Library/Developer/Xcode/DerivedData/Telegram-Mac-fygdgghdgmuleoelvxabfmqiotta/Build/Intermediates.noindex/RLottie_Xcode.build/Debug/RLottie.build/Objects-normal/arm64/82b82416624d2658e5098eb0a28c15c5-common-args.resp
    
    /Applications/Xcode.app/Contents/Developer/Toolchains/XcodeDefault.xctoolchain/usr/bin/clang -x c++ -ivfsstatcache /Users/buddhirajgautam/Library/Developer/Xcode/DerivedData/SDKStatCaches.noindex/macosx27.0-26A425-e829b21a6f8c9b70876ba0858053c0447231f6df4def33e022ae2eb8f782df1a.sdkstatcache -target arm64-apple-macos12.0 -fmessage-length\=0 -fdiagnostics-show-note-include-stack -fmacro-backtrace-limit\=0 -fno-color-diagnostics -fmodules-prune-interval\=86400 -fmodules-prune-after\=345600 -fbuild-session-file\=/Users/buddhirajgautam/Library/Developer/Xcode/DerivedData/ModuleCache.noindex/Session.modulevalidation -fmodules-validate-once-per-build-session -Wnon-modular-include-in-framework-module -Werror\=non-modular-include-in-framework-module -Wno-trigraphs -Wno-missing-field-initializers -Wno-missing-prototypes -Werror\=return-type -Wdocumentation -Wunreachable-code -Werror\=deprecated-objc-isa-usage -Werror\=objc-root-class -Wno-non-virtual-dtor -Wno-overloaded-virtual -Wno-exit-time-destructors -Wno-missing-braces -Wparentheses -Wswitch -Wunused-function -Wno-unused-label -Wno-unused-parameter -Wunused-variable -Wunused-value -Wempty-body -Wuninitialized -Wconditional-uninitialized -Wno-unknown-pragmas -Wno-shadow -Wno-four-char-constants -Wno-conversion -Wconstant-conversion -Wint-conversion -Wbool-conversion -Wenum-conversion -Wno-float-conversion -Wnon-literal-null-conversion -Wobjc-literal-conversion -Wshorten-64-to-32 -Wno-newline-eof -Wno-c++11-extensions -Wno-implicit-fallthrough -isysroot /Applications/Xcode.app/Contents/Developer/Platforms/MacOSX.platform/Developer/SDKs/MacOSX27.0.sdk -fstrict-aliasing -Wdeprecated-declarations -Winvalid-offsetof -Wno-sign-conversion -Winfinite-recursion -Wmove -Wcomma -Wblock-capture-autoreleasing -Wstrict-prototypes -Wrange-loop-analysis -Wno-semicolon-before-method-body -Wunguarded-availability -index-store-path /Users/buddhirajgautam/Library/Developer/Xcode/DerivedData/Telegram-Mac-fygdgghdgmuleoelvxabfmqiotta/Index.noindex/DataStore @/Users/buddhirajgautam/Library/Developer/Xcode/DerivedData/Telegram-Mac-fygdgghdgmuleoelvxabfmqiotta/Build/Intermediates.noindex/RLottie_Xcode.build/Debug/RLottie.build/Objects-normal/arm64/82b82416624d2658e5098eb0a28c15c5-common-args.resp -MMD -MT dependencies -MF /Users/buddhirajgautam/Library/Developer/Xcode/DerivedData/Telegram-Mac-fygdgghdgmuleoelvxabfmqiotta/Build/Intermediates.noindex/RLottie_Xcode.build/Debug/RLottie.build/Objects-normal/arm64/vrle.d --serialize-diagnostics /Users/buddhirajgautam/Library/Developer/Xcode/DerivedData/Telegram-Mac-fygdgghdgmuleoelvxabfmqiotta/Build/Intermediates.noindex/RLottie_Xcode.build/Debug/RLottie.build/Objects-normal/arm64/vrle.dia -c /Users/buddhirajgautam/Documents/Cherrygram-Mac/macOS-Swift/submodules/rlottie/src/vector/vrle.cpp -o /Users/buddhirajgautam/Library/Developer/Xcode/DerivedData/Telegram-Mac-fygdgghdgmuleoelvxabfmqiotta/Build/Intermediates.noindex/RLottie_Xcode.build/Debug/RLottie.build/Objects-normal/arm64/vrle.o -index-unit-output-path /RLottie_Xcode.build/Debug/RLottie.build/Objects-normal/arm64/vrle.o
/Users/buddhirajgautam/Documents/Cherrygram-Mac/macOS-Swift/submodules/rlottie/src/vector/vrle.cpp:646:32: warning: implicit conversion loses integer precision: 'long' to 'int' [-Wshorten-64-to-32]
  646 |             blit(aStart, (aPtr - aStart), array.data(), kBufferSize, -offset);
      |             ~~~~          ~~~~~^~~~~~~~
/Users/buddhirajgautam/Documents/Cherrygram-Mac/macOS-Swift/submodules/rlottie/src/vector/vrle.cpp:648:43: warning: implicit conversion loses integer precision: 'long' to 'int' [-Wshorten-64-to-32]
  648 |                 blitSrcOver(bStart, (bPtr - bStart), array.data(), kBufferSize, -offset);
      |                 ~~~~~~~~~~~          ~~~~~^~~~~~~~
/Users/buddhirajgautam/Documents/Cherrygram-Mac/macOS-Swift/submodules/rlottie/src/vector/vrle.cpp:650:39: warning: implicit conversion loses integer precision: 'long' to 'int' [-Wshorten-64-to-32]
  650 |                 blitXor(bStart, (bPtr - bStart), array.data(), kBufferSize, -offset);
      |                 ~~~~~~~          ~~~~~^~~~~~~~
/Users/buddhirajgautam/Documents/Cherrygram-Mac/macOS-Swift/submodules/rlottie/src/vector/vrle.cpp:710:32: warning: implicit conversion loses integer precision: 'long' to 'int' [-Wshorten-64-to-32]
  710 |             blit(aStart, (aPtr - aStart), array.data(), kBufferSize, -offset);
      |             ~~~~          ~~~~~^~~~~~~~
/Users/buddhirajgautam/Documents/Cherrygram-Mac/macOS-Swift/submodules/rlottie/src/vector/vrle.cpp:711:46: warning: implicit conversion loses integer precision: 'long' to 'int' [-Wshorten-64-to-32]
  711 |             blitDestinationOut(bStart, (bPtr - bStart), array.data(), kBufferSize, -offset);
      |             ~~~~~~~~~~~~~~~~~~          ~~~~~^~~~~~~~
5 warnings generated.

CompileC /Users/buddhirajgautam/Library/Developer/Xcode/DerivedData/Telegram-Mac-fygdgghdgmuleoelvxabfmqiotta/Build/Intermediates.noindex/RLottie_Xcode.build/Debug/RLottie.build/Objects-normal/arm64/vregion.o /Users/buddhirajgautam/Documents/Cherrygram-Mac/macOS-Swift/submodules/rlottie/src/vector/pixman/vregion.cpp normal arm64 c++ com.apple.compilers.llvm.clang.1_0.compiler (in target 'RLottie' from project 'RLottie_Xcode')
    cd /Users/buddhirajgautam/Documents/Cherrygram-Mac/macOS-Swift/submodules/RLottie_Xcode
    
    Using response file: /Users/buddhirajgautam/Library/Developer/Xcode/DerivedData/Telegram-Mac-fygdgghdgmuleoelvxabfmqiotta/Build/Intermediates.noindex/RLottie_Xcode.build/Debug/RLottie.build/Objects-normal/arm64/82b82416624d2658e5098eb0a28c15c5-common-args.resp
    
    /Applications/Xcode.app/Contents/Developer/Toolchains/XcodeDefault.xctoolchain/usr/bin/clang -x c++ -ivfsstatcache /Users/buddhirajgautam/Library/Developer/Xcode/DerivedData/SDKStatCaches.noindex/macosx27.0-26A425-e829b21a6f8c9b70876ba0858053c0447231f6df4def33e022ae2eb8f782df1a.sdkstatcache -target arm64-apple-macos12.0 -fmessage-length\=0 -fdiagnostics-show-note-include-stack -fmacro-backtrace-limit\=0 -fno-color-diagnostics -fmodules-prune-interval\=86400 -fmodules-prune-after\=345600 -fbuild-session-file\=/Users/buddhirajgautam/Library/Developer/Xcode/DerivedData/ModuleCache.noindex/Session.modulevalidation -fmodules-validate-once-per-build-session -Wnon-modular-include-in-framework-module -Werror\=non-modular-include-in-framework-module -Wno-trigraphs -Wno-missing-field-initializers -Wno-missing-prototypes -Werror\=return-type -Wdocumentation -Wunreachable-code -Werror\=deprecated-objc-isa-usage -Werror\=objc-root-class -Wno-non-virtual-dtor -Wno-overloaded-virtual -Wno-exit-time-destructors -Wno-missing-braces -Wparentheses -Wswitch -Wunused-function -Wno-unused-label -Wno-unused-parameter -Wunused-variable -Wunused-value -Wempty-body -Wuninitialized -Wconditional-uninitialized -Wno-unknown-pragmas -Wno-shadow -Wno-four-char-constants -Wno-conversion -Wconstant-conversion -Wint-conversion -Wbool-conversion -Wenum-conversion -Wno-float-conversion -Wnon-literal-null-conversion -Wobjc-literal-conversion -Wshorten-64-to-32 -Wno-newline-eof -Wno-c++11-extensions -Wno-implicit-fallthrough -isysroot /Applications/Xcode.app/Contents/Developer/Platforms/MacOSX.platform/Developer/SDKs/MacOSX27.0.sdk -fstrict-aliasing -Wdeprecated-declarations -Winvalid-offsetof -Wno-sign-conversion -Winfinite-recursion -Wmove -Wcomma -Wblock-capture-autoreleasing -Wstrict-prototypes -Wrange-loop-analysis -Wno-semicolon-before-method-body -Wunguarded-availability -index-store-path /Users/buddhirajgautam/Library/Developer/Xcode/DerivedData/Telegram-Mac-fygdgghdgmuleoelvxabfmqiotta/Index.noindex/DataStore @/Users/buddhirajgautam/Library/Developer/Xcode/DerivedData/Telegram-Mac-fygdgghdgmuleoelvxabfmqiotta/Build/Intermediates.noindex/RLottie_Xcode.build/Debug/RLottie.build/Objects-normal/arm64/82b82416624d2658e5098eb0a28c15c5-common-args.resp -MMD -MT dependencies -MF /Users/buddhirajgautam/Library/Developer/Xcode/DerivedData/Telegram-Mac-fygdgghdgmuleoelvxabfmqiotta/Build/Intermediates.noindex/RLottie_Xcode.build/Debug/RLottie.build/Objects-normal/arm64/vregion.d --serialize-diagnostics /Users/buddhirajgautam/Library/Developer/Xcode/DerivedData/Telegram-Mac-fygdgghdgmuleoelvxabfmqiotta/Build/Intermediates.noindex/RLottie_Xcode.build/Debug/RLottie.build/Objects-normal/arm64/vregion.dia -c /Users/buddhirajgautam/Documents/Cherrygram-Mac/macOS-Swift/submodules/rlottie/src/vector/pixman/vregion.cpp -o /Users/buddhirajgautam/Library/Developer/Xcode/DerivedData/Telegram-Mac-fygdgghdgmuleoelvxabfmqiotta/Build/Intermediates.noindex/RLottie_Xcode.build/Debug/RLottie.build/Objects-normal/arm64/vregion.o -index-unit-output-path /RLottie_Xcode.build/Debug/RLottie.build/Objects-normal/arm64/vregion.o
/Users/buddhirajgautam/Documents/Cherrygram-Mac/macOS-Swift/submodules/rlottie/src/vector/pixman/vregion.cpp:377:11: warning: implicit conversion loses integer precision: 'long' to 'int' [-Wshorten-64-to-32]
  377 |     num = PIXREGION_NUMRECTS(rgn);
      |         ~ ^~~~~~~~~~~~~~~~~~~~~~~
/Users/buddhirajgautam/Documents/Cherrygram-Mac/macOS-Swift/submodules/rlottie/src/vector/pixman/vregion.cpp:136:61: note: expanded from macro 'PIXREGION_NUMRECTS'
  136 | #define PIXREGION_NUMRECTS(reg) ((reg)->data ? (reg)->data->numRects : 1)
      |                                                ~~~~~~~~~~~~~^~~~~~~~
/Users/buddhirajgautam/Documents/Cherrygram-Mac/macOS-Swift/submodules/rlottie/src/vector/pixman/vregion.cpp:378:12: warning: implicit conversion loses integer precision: 'long' to 'int' [-Wshorten-64-to-32]
  378 |     size = PIXREGION_SIZE(rgn);
      |          ~ ^~~~~~~~~~~~~~~~~~~
/Users/buddhirajgautam/Documents/Cherrygram-Mac/macOS-Swift/submodules/rlottie/src/vector/pixman/vregion.cpp:137:57: note: expanded from macro 'PIXREGION_SIZE'
  137 | #define PIXREGION_SIZE(reg) ((reg)->data ? (reg)->data->size : 0)
      |                                            ~~~~~~~~~~~~~^~~~
/Users/buddhirajgautam/Documents/Cherrygram-Mac/macOS-Swift/submodules/rlottie/src/vector/pixman/vregion.cpp:421:12: warning: implicit conversion loses integer precision: 'long' to 'int' [-Wshorten-64-to-32]
  421 |     return PIXREGION_NUMRECTS(region);
      |     ~~~~~~ ^~~~~~~~~~~~~~~~~~~~~~~~~~
/Users/buddhirajgautam/Documents/Cherrygram-Mac/macOS-Swift/submodules/rlottie/src/vector/pixman/vregion.cpp:136:61: note: expanded from macro 'PIXREGION_NUMRECTS'
  136 | #define PIXREGION_NUMRECTS(reg) ((reg)->data ? (reg)->data->numRects : 1)
      |                                                ~~~~~~~~~~~~~^~~~~~~~
/Users/buddhirajgautam/Documents/Cherrygram-Mac/macOS-Swift/submodules/rlottie/src/vector/pixman/vregion.cpp:456:31: warning: implicit conversion loses integer precision: 'long' to 'int' [-Wshorten-64-to-32]
  456 |             n = region->data->numRects;
      |               ~ ~~~~~~~~~~~~~~^~~~~~~~
/Users/buddhirajgautam/Documents/Cherrygram-Mac/macOS-Swift/submodules/rlottie/src/vector/pixman/vregion.cpp:630:23: warning: implicit conversion loses integer precision: 'long' to 'int' [-Wshorten-64-to-32]
  630 |     new_rects = r_end - r;
      |               ~ ~~~~~~^~~
/Users/buddhirajgautam/Documents/Cherrygram-Mac/macOS-Swift/submodules/rlottie/src/vector/pixman/vregion.cpp:751:16: warning: implicit conversion loses integer precision: 'long' to 'int' [-Wshorten-64-to-32]
  751 |     new_size = PIXREGION_NUMRECTS(reg1);
      |              ~ ^~~~~~~~~~~~~~~~~~~~~~~~
/Users/buddhirajgautam/Documents/Cherrygram-Mac/macOS-Swift/submodules/rlottie/src/vector/pixman/vregion.cpp:136:61: note: expanded from macro 'PIXREGION_NUMRECTS'
  136 | #define PIXREGION_NUMRECTS(reg) ((reg)->data ? (reg)->data->numRects : 1)
      |                                                ~~~~~~~~~~~~~^~~~~~~~
/Users/buddhirajgautam/Documents/Cherrygram-Mac/macOS-Swift/submodules/rlottie/src/vector/pixman/vregion.cpp:754:16: warning: implicit conversion loses integer precision: 'long' to 'int' [-Wshorten-64-to-32]
  754 |     numRects = PIXREGION_NUMRECTS(reg2);
      |              ~ ^~~~~~~~~~~~~~~~~~~~~~~~
/Users/buddhirajgautam/Documents/Cherrygram-Mac/macOS-Swift/submodules/rlottie/src/vector/pixman/vregion.cpp:136:61: note: expanded from macro 'PIXREGION_NUMRECTS'
  136 | #define PIXREGION_NUMRECTS(reg) ((reg)->data ? (reg)->data->numRects : 1)
      |                                                ~~~~~~~~~~~~~^~~~~~~~
/Users/buddhirajgautam/Documents/Cherrygram-Mac/macOS-Swift/submodules/rlottie/src/vector/pixman/vregion.cpp:840:47: warning: implicit conversion loses integer precision: 'long' to 'int' [-Wshorten-64-to-32]
  840 |                     cur_band = new_reg->data->numRects;
      |                              ~ ~~~~~~~~~~~~~~~^~~~~~~~
/Users/buddhirajgautam/Documents/Cherrygram-Mac/macOS-Swift/submodules/rlottie/src/vector/pixman/vregion.cpp:854:47: warning: implicit conversion loses integer precision: 'long' to 'int' [-Wshorten-64-to-32]
  854 |                     cur_band = new_reg->data->numRects;
      |                              ~ ~~~~~~~~~~~~~~~^~~~~~~~
/Users/buddhirajgautam/Documents/Cherrygram-Mac/macOS-Swift/submodules/rlottie/src/vector/pixman/vregion.cpp:874:39: warning: implicit conversion loses integer precision: 'long' to 'int' [-Wshorten-64-to-32]
  874 |             cur_band = new_reg->data->numRects;
      |                      ~ ~~~~~~~~~~~~~~~^~~~~~~~
/Users/buddhirajgautam/Documents/Cherrygram-Mac/macOS-Swift/submodules/rlottie/src/vector/pixman/vregion.cpp:906:35: warning: implicit conversion loses integer precision: 'long' to 'int' [-Wshorten-64-to-32]
  906 |         cur_band = new_reg->data->numRects;
      |                  ~ ~~~~~~~~~~~~~~~^~~~~~~~
/Users/buddhirajgautam/Documents/Cherrygram-Mac/macOS-Swift/submodules/rlottie/src/vector/pixman/vregion.cpp:916:9: warning: implicit conversion loses integer precision: 'long' to 'int' [-Wshorten-64-to-32]
  916 |         APPEND_REGIONS(new_reg, r1_band_end, r1_end);
      |         ^~~~~~~~~~~~~~~~~~~~~~~~~~~~~~~~~~~~~~~~~~~~
/Users/buddhirajgautam/Documents/Cherrygram-Mac/macOS-Swift/submodules/rlottie/src/vector/pixman/vregion.cpp:661:32: note: expanded from macro 'APPEND_REGIONS'
  661 |         if ((new_rects = r_end - r)) {                         \
      |                        ~ ~~~~~~^~~
/Users/buddhirajgautam/Documents/Cherrygram-Mac/macOS-Swift/submodules/rlottie/src/vector/pixman/vregion.cpp:921:35: warning: implicit conversion loses integer precision: 'long' to 'int' [-Wshorten-64-to-32]
  921 |         cur_band = new_reg->data->numRects;
      |                  ~ ~~~~~~~~~~~~~~~^~~~~~~~
/Users/buddhirajgautam/Documents/Cherrygram-Mac/macOS-Swift/submodules/rlottie/src/vector/pixman/vregion.cpp:931:9: warning: implicit conversion loses integer precision: 'long' to 'int' [-Wshorten-64-to-32]
  931 |         APPEND_REGIONS(new_reg, r2_band_end, r2_end);
      |         ^~~~~~~~~~~~~~~~~~~~~~~~~~~~~~~~~~~~~~~~~~~~
/Users/buddhirajgautam/Documents/Cherrygram-Mac/macOS-Swift/submodules/rlottie/src/vector/pixman/vregion.cpp:661:32: note: expanded from macro 'APPEND_REGIONS'
  661 |         if ((new_rects = r_end - r)) {                         \
      |                        ~ ~~~~~~^~~
/Users/buddhirajgautam/Documents/Cherrygram-Mac/macOS-Swift/submodules/rlottie/src/vector/pixman/vregion.cpp:936:37: warning: implicit conversion loses integer precision: 'long' to 'int' [-Wshorten-64-to-32]
  936 |     if (!(numRects = new_reg->data->numRects)) {
      |                    ~ ~~~~~~~~~~~~~~~^~~~~~~~
/Users/buddhirajgautam/Documents/Cherrygram-Mac/macOS-Swift/submodules/rlottie/src/vector/pixman/vregion.cpp:1592:16: warning: implicit conversion loses integer precision: 'long' to 'int' [-Wshorten-64-to-32]
 1592 |     numRects = PIXREGION_NUMRECTS(region);
      |              ~ ^~~~~~~~~~~~~~~~~~~~~~~~~~
/Users/buddhirajgautam/Documents/Cherrygram-Mac/macOS-Swift/submodules/rlottie/src/vector/pixman/vregion.cpp:136:61: note: expanded from macro 'PIXREGION_NUMRECTS'
  136 | #define PIXREGION_NUMRECTS(reg) ((reg)->data ? (reg)->data->numRects : 1)
      |                                                ~~~~~~~~~~~~~^~~~~~~~
/Users/buddhirajgautam/Documents/Cherrygram-Mac/macOS-Swift/submodules/rlottie/src/vector/pixman/vregion.cpp:1685:51: warning: implicit conversion loses integer precision: 'long' to 'int' [-Wshorten-64-to-32]
 1685 |         if (region->data && (nbox = region->data->numRects)) {
      |                                   ~ ~~~~~~~~~~~~~~^~~~~~~~
/Users/buddhirajgautam/Documents/Cherrygram-Mac/macOS-Swift/submodules/rlottie/src/vector/pixman/vregion.cpp:1715:47: warning: implicit conversion loses integer precision: 'long' to 'int' [-Wshorten-64-to-32]
 1715 |     if (region->data && (nbox = region->data->numRects)) {
      |                               ~ ~~~~~~~~~~~~~~^~~~~~~~
18 warnings generated.

CompileC /Users/buddhirajgautam/Library/Developer/Xcode/DerivedData/Telegram-Mac-fygdgghdgmuleoelvxabfmqiotta/Build/Intermediates.noindex/RLottie_Xcode.build/Debug/RLottie.build/Objects-normal/arm64/vrect.o /Users/buddhirajgautam/Documents/Cherrygram-Mac/macOS-Swift/submodules/rlottie/src/vector/vrect.cpp normal arm64 c++ com.apple.compilers.llvm.clang.1_0.compiler (in target 'RLottie' from project 'RLottie_Xcode')
    cd /Users/buddhirajgautam/Documents/Cherrygram-Mac/macOS-Swift/submodules/RLottie_Xcode
    
    Using response file: /Users/buddhirajgautam/Library/Developer/Xcode/DerivedData/Telegram-Mac-fygdgghdgmuleoelvxabfmqiotta/Build/Intermediates.noindex/RLottie_Xcode.build/Debug/RLottie.build/Objects-normal/arm64/82b82416624d2658e5098eb0a28c15c5-common-args.resp
    
    /Applications/Xcode.app/Contents/Developer/Toolchains/XcodeDefault.xctoolchain/usr/bin/clang -x c++ -ivfsstatcache /Users/buddhirajgautam/Library/Developer/Xcode/DerivedData/SDKStatCaches.noindex/macosx27.0-26A425-e829b21a6f8c9b70876ba0858053c0447231f6df4def33e022ae2eb8f782df1a.sdkstatcache -target arm64-apple-macos12.0 -fmessage-length\=0 -fdiagnostics-show-note-include-stack -fmacro-backtrace-limit\=0 -fno-color-diagnostics -fmodules-prune-interval\=86400 -fmodules-prune-after\=345600 -fbuild-session-file\=/Users/buddhirajgautam/Library/Developer/Xcode/DerivedData/ModuleCache.noindex/Session.modulevalidation -fmodules-validate-once-per-build-session -Wnon-modular-include-in-framework-module -Werror\=non-modular-include-in-framework-module -Wno-trigraphs -Wno-missing-field-initializers -Wno-missing-prototypes -Werror\=return-type -Wdocumentation -Wunreachable-code -Werror\=deprecated-objc-isa-usage -Werror\=objc-root-class -Wno-non-virtual-dtor -Wno-overloaded-virtual -Wno-exit-time-destructors -Wno-missing-braces -Wparentheses -Wswitch -Wunused-function -Wno-unused-label -Wno-unused-parameter -Wunused-variable -Wunused-value -Wempty-body -Wuninitialized -Wconditional-uninitialized -Wno-unknown-pragmas -Wno-shadow -Wno-four-char-constants -Wno-conversion -Wconstant-conversion -Wint-conversion -Wbool-conversion -Wenum-conversion -Wno-float-conversion -Wnon-literal-null-conversion -Wobjc-literal-conversion -Wshorten-64-to-32 -Wno-newline-eof -Wno-c++11-extensions -Wno-implicit-fallthrough -isysroot /Applications/Xcode.app/Contents/Developer/Platforms/MacOSX.platform/Developer/SDKs/MacOSX27.0.sdk -fstrict-aliasing -Wdeprecated-declarations -Winvalid-offsetof -Wno-sign-conversion -Winfinite-recursion -Wmove -Wcomma -Wblock-capture-autoreleasing -Wstrict-prototypes -Wrange-loop-analysis -Wno-semicolon-before-method-body -Wunguarded-availability -index-store-path /Users/buddhirajgautam/Library/Developer/Xcode/DerivedData/Telegram-Mac-fygdgghdgmuleoelvxabfmqiotta/Index.noindex/DataStore @/Users/buddhirajgautam/Library/Developer/Xcode/DerivedData/Telegram-Mac-fygdgghdgmuleoelvxabfmqiotta/Build/Intermediates.noindex/RLottie_Xcode.build/Debug/RLottie.build/Objects-normal/arm64/82b82416624d2658e5098eb0a28c15c5-common-args.resp -MMD -MT dependencies -MF /Users/buddhirajgautam/Library/Developer/Xcode/DerivedData/Telegram-Mac-fygdgghdgmuleoelvxabfmqiotta/Build/Intermediates.noindex/RLottie_Xcode.build/Debug/RLottie.build/Objects-normal/arm64/vrect.d --serialize-diagnostics /Users/buddhirajgautam/Library/Developer/Xcode/DerivedData/Telegram-Mac-fygdgghdgmuleoelvxabfmqiotta/Build/Intermediates.noindex/RLottie_Xcode.build/Debug/RLottie.build/Objects-normal/arm64/vrect.dia -c /Users/buddhirajgautam/Documents/Cherrygram-Mac/macOS-Swift/submodules/rlottie/src/vector/vrect.cpp -o /Users/buddhirajgautam/Library/Developer/Xcode/DerivedData/Telegram-Mac-fygdgghdgmuleoelvxabfmqiotta/Build/Intermediates.noindex/RLottie_Xcode.build/Debug/RLottie.build/Objects-normal/arm64/vrect.o -index-unit-output-path /RLottie_Xcode.build/Debug/RLottie.build/Objects-normal/arm64/vrect.o

CompileC /Users/buddhirajgautam/Library/Developer/Xcode/DerivedData/Telegram-Mac-fygdgghdgmuleoelvxabfmqiotta/Build/Intermediates.noindex/RLottie_Xcode.build/Debug/RLottie.build/Objects-normal/arm64/vraster.o /Users/buddhirajgautam/Documents/Cherrygram-Mac/macOS-Swift/submodules/rlottie/src/vector/vraster.cpp normal arm64 c++ com.apple.compilers.llvm.clang.1_0.compiler (in target 'RLottie' from project 'RLottie_Xcode')
    cd /Users/buddhirajgautam/Documents/Cherrygram-Mac/macOS-Swift/submodules/RLottie_Xcode
    
    Using response file: /Users/buddhirajgautam/Library/Developer/Xcode/DerivedData/Telegram-Mac-fygdgghdgmuleoelvxabfmqiotta/Build/Intermediates.noindex/RLottie_Xcode.build/Debug/RLottie.build/Objects-normal/arm64/82b82416624d2658e5098eb0a28c15c5-common-args.resp
    
    /Applications/Xcode.app/Contents/Developer/Toolchains/XcodeDefault.xctoolchain/usr/bin/clang -x c++ -ivfsstatcache /Users/buddhirajgautam/Library/Developer/Xcode/DerivedData/SDKStatCaches.noindex/macosx27.0-26A425-e829b21a6f8c9b70876ba0858053c0447231f6df4def33e022ae2eb8f782df1a.sdkstatcache -target arm64-apple-macos12.0 -fmessage-length\=0 -fdiagnostics-show-note-include-stack -fmacro-backtrace-limit\=0 -fno-color-diagnostics -fmodules-prune-interval\=86400 -fmodules-prune-after\=345600 -fbuild-session-file\=/Users/buddhirajgautam/Library/Developer/Xcode/DerivedData/ModuleCache.noindex/Session.modulevalidation -fmodules-validate-once-per-build-session -Wnon-modular-include-in-framework-module -Werror\=non-modular-include-in-framework-module -Wno-trigraphs -Wno-missing-field-initializers -Wno-missing-prototypes -Werror\=return-type -Wdocumentation -Wunreachable-code -Werror\=deprecated-objc-isa-usage -Werror\=objc-root-class -Wno-non-virtual-dtor -Wno-overloaded-virtual -Wno-exit-time-destructors -Wno-missing-braces -Wparentheses -Wswitch -Wunused-function -Wno-unused-label -Wno-unused-parameter -Wunused-variable -Wunused-value -Wempty-body -Wuninitialized -Wconditional-uninitialized -Wno-unknown-pragmas -Wno-shadow -Wno-four-char-constants -Wno-conversion -Wconstant-conversion -Wint-conversion -Wbool-conversion -Wenum-conversion -Wno-float-conversion -Wnon-literal-null-conversion -Wobjc-literal-conversion -Wshorten-64-to-32 -Wno-newline-eof -Wno-c++11-extensions -Wno-implicit-fallthrough -isysroot /Applications/Xcode.app/Contents/Developer/Platforms/MacOSX.platform/Developer/SDKs/MacOSX27.0.sdk -fstrict-aliasing -Wdeprecated-declarations -Winvalid-offsetof -Wno-sign-conversion -Winfinite-recursion -Wmove -Wcomma -Wblock-capture-autoreleasing -Wstrict-prototypes -Wrange-loop-analysis -Wno-semicolon-before-method-body -Wunguarded-availability -index-store-path /Users/buddhirajgautam/Library/Developer/Xcode/DerivedData/Telegram-Mac-fygdgghdgmuleoelvxabfmqiotta/Index.noindex/DataStore @/Users/buddhirajgautam/Library/Developer/Xcode/DerivedData/Telegram-Mac-fygdgghdgmuleoelvxabfmqiotta/Build/Intermediates.noindex/RLottie_Xcode.build/Debug/RLottie.build/Objects-normal/arm64/82b82416624d2658e5098eb0a28c15c5-common-args.resp -MMD -MT dependencies -MF /Users/buddhirajgautam/Library/Developer/Xcode/DerivedData/Telegram-Mac-fygdgghdgmuleoelvxabfmqiotta/Build/Intermediates.noindex/RLottie_Xcode.build/Debug/RLottie.build/Objects-normal/arm64/vraster.d --serialize-diagnostics /Users/buddhirajgautam/Library/Developer/Xcode/DerivedData/Telegram-Mac-fygdgghdgmuleoelvxabfmqiotta/Build/Intermediates.noindex/RLottie_Xcode.build/Debug/RLottie.build/Objects-normal/arm64/vraster.dia -c /Users/buddhirajgautam/Documents/Cherrygram-Mac/macOS-Swift/submodules/rlottie/src/vector/vraster.cpp -o /Users/buddhirajgautam/Library/Developer/Xcode/DerivedData/Telegram-Mac-fygdgghdgmuleoelvxabfmqiotta/Build/Intermediates.noindex/RLottie_Xcode.build/Debug/RLottie.build/Objects-normal/arm64/vraster.o -index-unit-output-path /RLottie_Xcode.build/Debug/RLottie.build/Objects-normal/arm64/vraster.o

CompileC /Users/buddhirajgautam/Library/Developer/Xcode/DerivedData/Telegram-Mac-fygdgghdgmuleoelvxabfmqiotta/Build/Intermediates.noindex/RLottie_Xcode.build/Debug/RLottie.build/Objects-normal/arm64/vpathmesure.o /Users/buddhirajgautam/Documents/Cherrygram-Mac/macOS-Swift/submodules/rlottie/src/vector/vpathmesure.cpp normal arm64 c++ com.apple.compilers.llvm.clang.1_0.compiler (in target 'RLottie' from project 'RLottie_Xcode')
    cd /Users/buddhirajgautam/Documents/Cherrygram-Mac/macOS-Swift/submodules/RLottie_Xcode
    
    Using response file: /Users/buddhirajgautam/Library/Developer/Xcode/DerivedData/Telegram-Mac-fygdgghdgmuleoelvxabfmqiotta/Build/Intermediates.noindex/RLottie_Xcode.build/Debug/RLottie.build/Objects-normal/arm64/82b82416624d2658e5098eb0a28c15c5-common-args.resp
    
    /Applications/Xcode.app/Contents/Developer/Toolchains/XcodeDefault.xctoolchain/usr/bin/clang -x c++ -ivfsstatcache /Users/buddhirajgautam/Library/Developer/Xcode/DerivedData/SDKStatCaches.noindex/macosx27.0-26A425-e829b21a6f8c9b70876ba0858053c0447231f6df4def33e022ae2eb8f782df1a.sdkstatcache -target arm64-apple-macos12.0 -fmessage-length\=0 -fdiagnostics-show-note-include-stack -fmacro-backtrace-limit\=0 -fno-color-diagnostics -fmodules-prune-interval\=86400 -fmodules-prune-after\=345600 -fbuild-session-file\=/Users/buddhirajgautam/Library/Developer/Xcode/DerivedData/ModuleCache.noindex/Session.modulevalidation -fmodules-validate-once-per-build-session -Wnon-modular-include-in-framework-module -Werror\=non-modular-include-in-framework-module -Wno-trigraphs -Wno-missing-field-initializers -Wno-missing-prototypes -Werror\=return-type -Wdocumentation -Wunreachable-code -Werror\=deprecated-objc-isa-usage -Werror\=objc-root-class -Wno-non-virtual-dtor -Wno-overloaded-virtual -Wno-exit-time-destructors -Wno-missing-braces -Wparentheses -Wswitch -Wunused-function -Wno-unused-label -Wno-unused-parameter -Wunused-variable -Wunused-value -Wempty-body -Wuninitialized -Wconditional-uninitialized -Wno-unknown-pragmas -Wno-shadow -Wno-four-char-constants -Wno-conversion -Wconstant-conversion -Wint-conversion -Wbool-conversion -Wenum-conversion -Wno-float-conversion -Wnon-literal-null-conversion -Wobjc-literal-conversion -Wshorten-64-to-32 -Wno-newline-eof -Wno-c++11-extensions -Wno-implicit-fallthrough -isysroot /Applications/Xcode.app/Contents/Developer/Platforms/MacOSX.platform/Developer/SDKs/MacOSX27.0.sdk -fstrict-aliasing -Wdeprecated-declarations -Winvalid-offsetof -Wno-sign-conversion -Winfinite-recursion -Wmove -Wcomma -Wblock-capture-autoreleasing -Wstrict-prototypes -Wrange-loop-analysis -Wno-semicolon-before-method-body -Wunguarded-availability -index-store-path /Users/buddhirajgautam/Library/Developer/Xcode/DerivedData/Telegram-Mac-fygdgghdgmuleoelvxabfmqiotta/Index.noindex/DataStore @/Users/buddhirajgautam/Library/Developer/Xcode/DerivedData/Telegram-Mac-fygdgghdgmuleoelvxabfmqiotta/Build/Intermediates.noindex/RLottie_Xcode.build/Debug/RLottie.build/Objects-normal/arm64/82b82416624d2658e5098eb0a28c15c5-common-args.resp -MMD -MT dependencies -MF /Users/buddhirajgautam/Library/Developer/Xcode/DerivedData/Telegram-Mac-fygdgghdgmuleoelvxabfmqiotta/Build/Intermediates.noindex/RLottie_Xcode.build/Debug/RLottie.build/Objects-normal/arm64/vpathmesure.d --serialize-diagnostics /Users/buddhirajgautam/Library/Developer/Xcode/DerivedData/Telegram-Mac-fygdgghdgmuleoelvxabfmqiotta/Build/Intermediates.noindex/RLottie_Xcode.build/Debug/RLottie.build/Objects-normal/arm64/vpathmesure.dia -c /Users/buddhirajgautam/Documents/Cherrygram-Mac/macOS-Swift/submodules/rlottie/src/vector/vpathmesure.cpp -o /Users/buddhirajgautam/Library/Developer/Xcode/DerivedData/Telegram-Mac-fygdgghdgmuleoelvxabfmqiotta/Build/Intermediates.noindex/RLottie_Xcode.build/Debug/RLottie.build/Objects-normal/arm64/vpathmesure.o -index-unit-output-path /RLottie_Xcode.build/Debug/RLottie.build/Objects-normal/arm64/vpathmesure.o

CompileC /Users/buddhirajgautam/Library/Developer/Xcode/DerivedData/Telegram-Mac-fygdgghdgmuleoelvxabfmqiotta/Build/Intermediates.noindex/RLottie_Xcode.build/Debug/RLottie.build/Objects-normal/arm64/vpath.o /Users/buddhirajgautam/Documents/Cherrygram-Mac/macOS-Swift/submodules/rlottie/src/vector/vpath.cpp normal arm64 c++ com.apple.compilers.llvm.clang.1_0.compiler (in target 'RLottie' from project 'RLottie_Xcode')
    cd /Users/buddhirajgautam/Documents/Cherrygram-Mac/macOS-Swift/submodules/RLottie_Xcode
    
    Using response file: /Users/buddhirajgautam/Library/Developer/Xcode/DerivedData/Telegram-Mac-fygdgghdgmuleoelvxabfmqiotta/Build/Intermediates.noindex/RLottie_Xcode.build/Debug/RLottie.build/Objects-normal/arm64/82b82416624d2658e5098eb0a28c15c5-common-args.resp
    
    /Applications/Xcode.app/Contents/Developer/Toolchains/XcodeDefault.xctoolchain/usr/bin/clang -x c++ -ivfsstatcache /Users/buddhirajgautam/Library/Developer/Xcode/DerivedData/SDKStatCaches.noindex/macosx27.0-26A425-e829b21a6f8c9b70876ba0858053c0447231f6df4def33e022ae2eb8f782df1a.sdkstatcache -target arm64-apple-macos12.0 -fmessage-length\=0 -fdiagnostics-show-note-include-stack -fmacro-backtrace-limit\=0 -fno-color-diagnostics -fmodules-prune-interval\=86400 -fmodules-prune-after\=345600 -fbuild-session-file\=/Users/buddhirajgautam/Library/Developer/Xcode/DerivedData/ModuleCache.noindex/Session.modulevalidation -fmodules-validate-once-per-build-session -Wnon-modular-include-in-framework-module -Werror\=non-modular-include-in-framework-module -Wno-trigraphs -Wno-missing-field-initializers -Wno-missing-prototypes -Werror\=return-type -Wdocumentation -Wunreachable-code -Werror\=deprecated-objc-isa-usage -Werror\=objc-root-class -Wno-non-virtual-dtor -Wno-overloaded-virtual -Wno-exit-time-destructors -Wno-missing-braces -Wparentheses -Wswitch -Wunused-function -Wno-unused-label -Wno-unused-parameter -Wunused-variable -Wunused-value -Wempty-body -Wuninitialized -Wconditional-uninitialized -Wno-unknown-pragmas -Wno-shadow -Wno-four-char-constants -Wno-conversion -Wconstant-conversion -Wint-conversion -Wbool-conversion -Wenum-conversion -Wno-float-conversion -Wnon-literal-null-conversion -Wobjc-literal-conversion -Wshorten-64-to-32 -Wno-newline-eof -Wno-c++11-extensions -Wno-implicit-fallthrough -isysroot /Applications/Xcode.app/Contents/Developer/Platforms/MacOSX.platform/Developer/SDKs/MacOSX27.0.sdk -fstrict-aliasing -Wdeprecated-declarations -Winvalid-offsetof -Wno-sign-conversion -Winfinite-recursion -Wmove -Wcomma -Wblock-capture-autoreleasing -Wstrict-prototypes -Wrange-loop-analysis -Wno-semicolon-before-method-body -Wunguarded-availability -index-store-path /Users/buddhirajgautam/Library/Developer/Xcode/DerivedData/Telegram-Mac-fygdgghdgmuleoelvxabfmqiotta/Index.noindex/DataStore @/Users/buddhirajgautam/Library/Developer/Xcode/DerivedData/Telegram-Mac-fygdgghdgmuleoelvxabfmqiotta/Build/Intermediates.noindex/RLottie_Xcode.build/Debug/RLottie.build/Objects-normal/arm64/82b82416624d2658e5098eb0a28c15c5-common-args.resp -MMD -MT dependencies -MF /Users/buddhirajgautam/Library/Developer/Xcode/DerivedData/Telegram-Mac-fygdgghdgmuleoelvxabfmqiotta/Build/Intermediates.noindex/RLottie_Xcode.build/Debug/RLottie.build/Objects-normal/arm64/vpath.d --serialize-diagnostics /Users/buddhirajgautam/Library/Developer/Xcode/DerivedData/Telegram-Mac-fygdgghdgmuleoelvxabfmqiotta/Build/Intermediates.noindex/RLottie_Xcode.build/Debug/RLottie.build/Objects-normal/arm64/vpath.dia -c /Users/buddhirajgautam/Documents/Cherrygram-Mac/macOS-Swift/submodules/rlottie/src/vector/vpath.cpp -o /Users/buddhirajgautam/Library/Developer/Xcode/DerivedData/Telegram-Mac-fygdgghdgmuleoelvxabfmqiotta/Build/Intermediates.noindex/RLottie_Xcode.build/Debug/RLottie.build/Objects-normal/arm64/vpath.o -index-unit-output-path /RLottie_Xcode.build/Debug/RLottie.build/Objects-normal/arm64/vpath.o

Ld /Users/buddhirajgautam/Library/Developer/Xcode/DerivedData/Telegram-Mac-fygdgghdgmuleoelvxabfmqiotta/Build/Products/Debug/TdBinding.o normal (in target 'TdBinding' from project 'TdBinding')
    cd /Users/buddhirajgautam/Documents/Cherrygram-Mac/macOS-Swift/submodules/telegram-ios/third-party/td/TdBinding
    /Applications/Xcode.app/Contents/Developer/Toolchains/XcodeDefault.xctoolchain/usr/bin/clang++ -Xlinker -reproducible -target arm64-apple-macos12.0 -r -isysroot /Applications/Xcode.app/Contents/Developer/Platforms/MacOSX.platform/Developer/SDKs/MacOSX27.0.sdk -O0 -Xlinker -no_warn_duplicate_libraries -F/Users/buddhirajgautam/Library/Developer/Xcode/DerivedData/Telegram-Mac-fygdgghdgmuleoelvxabfmqiotta/Build/Intermediates.noindex/EagerLinkingTBDs/Debug -F/Users/buddhirajgautam/Library/Developer/Xcode/DerivedData/Telegram-Mac-fygdgghdgmuleoelvxabfmqiotta/Build/Products/Debug -iframework /Applications/Xcode.app/Contents/Developer/Platforms/MacOSX.platform/Developer/Library/Frameworks -filelist /Users/buddhirajgautam/Library/Developer/Xcode/DerivedData/Telegram-Mac-fygdgghdgmuleoelvxabfmqiotta/Build/Intermediates.noindex/TdBinding.build/Debug/TdBinding-t.build/Objects-normal/arm64/TdBinding.LinkFileList -nostdlib -Xlinker -object_path_lto -Xlinker /Users/buddhirajgautam/Library/Developer/Xcode/DerivedData/Telegram-Mac-fygdgghdgmuleoelvxabfmqiotta/Build/Intermediates.noindex/TdBinding.build/Debug/TdBinding-t.build/Objects-normal/arm64/TdBinding_lto.o -Xlinker -no_deduplicate -Xlinker -debug_variant -Xlinker -dependency_info -Xlinker /Users/buddhirajgautam/Library/Developer/Xcode/DerivedData/Telegram-Mac-fygdgghdgmuleoelvxabfmqiotta/Build/Intermediates.noindex/TdBinding.build/Debug/TdBinding-t.build/Objects-normal/arm64/TdBinding_dependency_info.dat -fobjc-arc -fobjc-link-runtime -o /Users/buddhirajgautam/Library/Developer/Xcode/DerivedData/Telegram-Mac-fygdgghdgmuleoelvxabfmqiotta/Build/Products/Debug/TdBinding.o

CompileC /Users/buddhirajgautam/Library/Developer/Xcode/DerivedData/Telegram-Mac-fygdgghdgmuleoelvxabfmqiotta/Build/Intermediates.noindex/RLottie_Xcode.build/Debug/RLottie.build/Objects-normal/arm64/vpainter.o /Users/buddhirajgautam/Documents/Cherrygram-Mac/macOS-Swift/submodules/rlottie/src/vector/vpainter.cpp normal arm64 c++ com.apple.compilers.llvm.clang.1_0.compiler (in target 'RLottie' from project 'RLottie_Xcode')
    cd /Users/buddhirajgautam/Documents/Cherrygram-Mac/macOS-Swift/submodules/RLottie_Xcode
    
    Using response file: /Users/buddhirajgautam/Library/Developer/Xcode/DerivedData/Telegram-Mac-fygdgghdgmuleoelvxabfmqiotta/Build/Intermediates.noindex/RLottie_Xcode.build/Debug/RLottie.build/Objects-normal/arm64/82b82416624d2658e5098eb0a28c15c5-common-args.resp
    
    /Applications/Xcode.app/Contents/Developer/Toolchains/XcodeDefault.xctoolchain/usr/bin/clang -x c++ -ivfsstatcache /Users/buddhirajgautam/Library/Developer/Xcode/DerivedData/SDKStatCaches.noindex/macosx27.0-26A425-e829b21a6f8c9b70876ba0858053c0447231f6df4def33e022ae2eb8f782df1a.sdkstatcache -target arm64-apple-macos12.0 -fmessage-length\=0 -fdiagnostics-show-note-include-stack -fmacro-backtrace-limit\=0 -fno-color-diagnostics -fmodules-prune-interval\=86400 -fmodules-prune-after\=345600 -fbuild-session-file\=/Users/buddhirajgautam/Library/Developer/Xcode/DerivedData/ModuleCache.noindex/Session.modulevalidation -fmodules-validate-once-per-build-session -Wnon-modular-include-in-framework-module -Werror\=non-modular-include-in-framework-module -Wno-trigraphs -Wno-missing-field-initializers -Wno-missing-prototypes -Werror\=return-type -Wdocumentation -Wunreachable-code -Werror\=deprecated-objc-isa-usage -Werror\=objc-root-class -Wno-non-virtual-dtor -Wno-overloaded-virtual -Wno-exit-time-destructors -Wno-missing-braces -Wparentheses -Wswitch -Wunused-function -Wno-unused-label -Wno-unused-parameter -Wunused-variable -Wunused-value -Wempty-body -Wuninitialized -Wconditional-uninitialized -Wno-unknown-pragmas -Wno-shadow -Wno-four-char-constants -Wno-conversion -Wconstant-conversion -Wint-conversion -Wbool-conversion -Wenum-conversion -Wno-float-conversion -Wnon-literal-null-conversion -Wobjc-literal-conversion -Wshorten-64-to-32 -Wno-newline-eof -Wno-c++11-extensions -Wno-implicit-fallthrough -isysroot /Applications/Xcode.app/Contents/Developer/Platforms/MacOSX.platform/Developer/SDKs/MacOSX27.0.sdk -fstrict-aliasing -Wdeprecated-declarations -Winvalid-offsetof -Wno-sign-conversion -Winfinite-recursion -Wmove -Wcomma -Wblock-capture-autoreleasing -Wstrict-prototypes -Wrange-loop-analysis -Wno-semicolon-before-method-body -Wunguarded-availability -index-store-path /Users/buddhirajgautam/Library/Developer/Xcode/DerivedData/Telegram-Mac-fygdgghdgmuleoelvxabfmqiotta/Index.noindex/DataStore @/Users/buddhirajgautam/Library/Developer/Xcode/DerivedData/Telegram-Mac-fygdgghdgmuleoelvxabfmqiotta/Build/Intermediates.noindex/RLottie_Xcode.build/Debug/RLottie.build/Objects-normal/arm64/82b82416624d2658e5098eb0a28c15c5-common-args.resp -MMD -MT dependencies -MF /Users/buddhirajgautam/Library/Developer/Xcode/DerivedData/Telegram-Mac-fygdgghdgmuleoelvxabfmqiotta/Build/Intermediates.noindex/RLottie_Xcode.build/Debug/RLottie.build/Objects-normal/arm64/vpainter.d --serialize-diagnostics /Users/buddhirajgautam/Library/Developer/Xcode/DerivedData/Telegram-Mac-fygdgghdgmuleoelvxabfmqiotta/Build/Intermediates.noindex/RLottie_Xcode.build/Debug/RLottie.build/Objects-normal/arm64/vpainter.dia -c /Users/buddhirajgautam/Documents/Cherrygram-Mac/macOS-Swift/submodules/rlottie/src/vector/vpainter.cpp -o /Users/buddhirajgautam/Library/Developer/Xcode/DerivedData/Telegram-Mac-fygdgghdgmuleoelvxabfmqiotta/Build/Intermediates.noindex/RLottie_Xcode.build/Debug/RLottie.build/Objects-normal/arm64/vpainter.o -index-unit-output-path /RLottie_Xcode.build/Debug/RLottie.build/Objects-normal/arm64/vpainter.o

CompileC /Users/buddhirajgautam/Library/Developer/Xcode/DerivedData/Telegram-Mac-fygdgghdgmuleoelvxabfmqiotta/Build/Intermediates.noindex/RLottie_Xcode.build/Debug/RLottie.build/Objects-normal/arm64/vmatrix.o /Users/buddhirajgautam/Documents/Cherrygram-Mac/macOS-Swift/submodules/rlottie/src/vector/vmatrix.cpp normal arm64 c++ com.apple.compilers.llvm.clang.1_0.compiler (in target 'RLottie' from project 'RLottie_Xcode')
    cd /Users/buddhirajgautam/Documents/Cherrygram-Mac/macOS-Swift/submodules/RLottie_Xcode
    
    Using response file: /Users/buddhirajgautam/Library/Developer/Xcode/DerivedData/Telegram-Mac-fygdgghdgmuleoelvxabfmqiotta/Build/Intermediates.noindex/RLottie_Xcode.build/Debug/RLottie.build/Objects-normal/arm64/82b82416624d2658e5098eb0a28c15c5-common-args.resp
    
    /Applications/Xcode.app/Contents/Developer/Toolchains/XcodeDefault.xctoolchain/usr/bin/clang -x c++ -ivfsstatcache /Users/buddhirajgautam/Library/Developer/Xcode/DerivedData/SDKStatCaches.noindex/macosx27.0-26A425-e829b21a6f8c9b70876ba0858053c0447231f6df4def33e022ae2eb8f782df1a.sdkstatcache -target arm64-apple-macos12.0 -fmessage-length\=0 -fdiagnostics-show-note-include-stack -fmacro-backtrace-limit\=0 -fno-color-diagnostics -fmodules-prune-interval\=86400 -fmodules-prune-after\=345600 -fbuild-session-file\=/Users/buddhirajgautam/Library/Developer/Xcode/DerivedData/ModuleCache.noindex/Session.modulevalidation -fmodules-validate-once-per-build-session -Wnon-modular-include-in-framework-module -Werror\=non-modular-include-in-framework-module -Wno-trigraphs -Wno-missing-field-initializers -Wno-missing-prototypes -Werror\=return-type -Wdocumentation -Wunreachable-code -Werror\=deprecated-objc-isa-usage -Werror\=objc-root-class -Wno-non-virtual-dtor -Wno-overloaded-virtual -Wno-exit-time-destructors -Wno-missing-braces -Wparentheses -Wswitch -Wunused-function -Wno-unused-label -Wno-unused-parameter -Wunused-variable -Wunused-value -Wempty-body -Wuninitialized -Wconditional-uninitialized -Wno-unknown-pragmas -Wno-shadow -Wno-four-char-constants -Wno-conversion -Wconstant-conversion -Wint-conversion -Wbool-conversion -Wenum-conversion -Wno-float-conversion -Wnon-literal-null-conversion -Wobjc-literal-conversion -Wshorten-64-to-32 -Wno-newline-eof -Wno-c++11-extensions -Wno-implicit-fallthrough -isysroot /Applications/Xcode.app/Contents/Developer/Platforms/MacOSX.platform/Developer/SDKs/MacOSX27.0.sdk -fstrict-aliasing -Wdeprecated-declarations -Winvalid-offsetof -Wno-sign-conversion -Winfinite-recursion -Wmove -Wcomma -Wblock-capture-autoreleasing -Wstrict-prototypes -Wrange-loop-analysis -Wno-semicolon-before-method-body -Wunguarded-availability -index-store-path /Users/buddhirajgautam/Library/Developer/Xcode/DerivedData/Telegram-Mac-fygdgghdgmuleoelvxabfmqiotta/Index.noindex/DataStore @/Users/buddhirajgautam/Library/Developer/Xcode/DerivedData/Telegram-Mac-fygdgghdgmuleoelvxabfmqiotta/Build/Intermediates.noindex/RLottie_Xcode.build/Debug/RLottie.build/Objects-normal/arm64/82b82416624d2658e5098eb0a28c15c5-common-args.resp -MMD -MT dependencies -MF /Users/buddhirajgautam/Library/Developer/Xcode/DerivedData/Telegram-Mac-fygdgghdgmuleoelvxabfmqiotta/Build/Intermediates.noindex/RLottie_Xcode.build/Debug/RLottie.build/Objects-normal/arm64/vmatrix.d --serialize-diagnostics /Users/buddhirajgautam/Library/Developer/Xcode/DerivedData/Telegram-Mac-fygdgghdgmuleoelvxabfmqiotta/Build/Intermediates.noindex/RLottie_Xcode.build/Debug/RLottie.build/Objects-normal/arm64/vmatrix.dia -c /Users/buddhirajgautam/Documents/Cherrygram-Mac/macOS-Swift/submodules/rlottie/src/vector/vmatrix.cpp -o /Users/buddhirajgautam/Library/Developer/Xcode/DerivedData/Telegram-Mac-fygdgghdgmuleoelvxabfmqiotta/Build/Intermediates.noindex/RLottie_Xcode.build/Debug/RLottie.build/Objects-normal/arm64/vmatrix.o -index-unit-output-path /RLottie_Xcode.build/Debug/RLottie.build/Objects-normal/arm64/vmatrix.o
/Users/buddhirajgautam/Documents/Cherrygram-Mac/macOS-Swift/submodules/rlottie/src/vector/vmatrix.cpp:596:50: warning: implicit conversion loses integer precision: 'long' to 'int' [-Wshorten-64-to-32]
  596 |         return rect.translated(std::lround(mtx), std::lround(mty));
      |                     ~~~~~~~~~~                   ^~~~~~~~~~~~~~~~
/Users/buddhirajgautam/Documents/Cherrygram-Mac/macOS-Swift/submodules/rlottie/src/vector/vmatrix.cpp:596:32: warning: implicit conversion loses integer precision: 'long' to 'int' [-Wshorten-64-to-32]
  596 |         return rect.translated(std::lround(mtx), std::lround(mty));
      |                     ~~~~~~~~~~ ^~~~~~~~~~~~~~~~
/Users/buddhirajgautam/Documents/Cherrygram-Mac/macOS-Swift/submodules/rlottie/src/vector/vmatrix.cpp:599:17: warning: implicit conversion loses integer precision: 'long' to 'int' [-Wshorten-64-to-32]
  599 |         int x = std::lround(m11 * rect.x() + mtx);
      |             ~   ^~~~~~~~~~~~~~~~~~~~~~~~~~~~~~~~~
/Users/buddhirajgautam/Documents/Cherrygram-Mac/macOS-Swift/submodules/rlottie/src/vector/vmatrix.cpp:600:17: warning: implicit conversion loses integer precision: 'long' to 'int' [-Wshorten-64-to-32]
  600 |         int y = std::lround(m22 * rect.y() + mty);
      |             ~   ^~~~~~~~~~~~~~~~~~~~~~~~~~~~~~~~~
/Users/buddhirajgautam/Documents/Cherrygram-Mac/macOS-Swift/submodules/rlottie/src/vector/vmatrix.cpp:601:17: warning: implicit conversion loses integer precision: 'long' to 'int' [-Wshorten-64-to-32]
  601 |         int w = std::lround(m11 * rect.width());
      |             ~   ^~~~~~~~~~~~~~~~~~~~~~~~~~~~~~~
/Users/buddhirajgautam/Documents/Cherrygram-Mac/macOS-Swift/submodules/rlottie/src/vector/vmatrix.cpp:602:17: warning: implicit conversion loses integer precision: 'long' to 'int' [-Wshorten-64-to-32]
  602 |         int h = std::lround(m22 * rect.height());
      |             ~   ^~~~~~~~~~~~~~~~~~~~~~~~~~~~~~~~
/Users/buddhirajgautam/Documents/Cherrygram-Mac/macOS-Swift/submodules/rlottie/src/vector/vmatrix.cpp:637:40: warning: implicit conversion loses integer precision: 'long' to 'int' [-Wshorten-64-to-32]
  635 |         return VRect(std::lround(xmin), std::lround(ymin),
      |                ~~~~~
  636 |                      std::lround(xmax) - std::lround(xmin),
  637 |                      std::lround(ymax) - std::lround(ymin));
      |                      ~~~~~~~~~~~~~~~~~~^~~~~~~~~~~~~~~~~~~
/Users/buddhirajgautam/Documents/Cherrygram-Mac/macOS-Swift/submodules/rlottie/src/vector/vmatrix.cpp:636:40: warning: implicit conversion loses integer precision: 'long' to 'int' [-Wshorten-64-to-32]
  635 |         return VRect(std::lround(xmin), std::lround(ymin),
      |                ~~~~~
  636 |                      std::lround(xmax) - std::lround(xmin),
      |                      ~~~~~~~~~~~~~~~~~~^~~~~~~~~~~~~~~~~~~
/Users/buddhirajgautam/Documents/Cherrygram-Mac/macOS-Swift/submodules/rlottie/src/vector/vmatrix.cpp:635:41: warning: implicit conversion loses integer precision: 'long' to 'int' [-Wshorten-64-to-32]
  635 |         return VRect(std::lround(xmin), std::lround(ymin),
      |                ~~~~~                    ^~~~~~~~~~~~~~~~~
/Users/buddhirajgautam/Documents/Cherrygram-Mac/macOS-Swift/submodules/rlottie/src/vector/vmatrix.cpp:635:22: warning: implicit conversion loses integer precision: 'long' to 'int' [-Wshorten-64-to-32]
  635 |         return VRect(std::lround(xmin), std::lround(ymin),
      |                ~~~~~ ^~~~~~~~~~~~~~~~~
/Users/buddhirajgautam/Documents/Cherrygram-Mac/macOS-Swift/submodules/rlottie/src/vector/vmatrix.cpp:652:42: warning: implicit conversion loses integer precision: 'long' to 'int' [-Wshorten-64-to-32]
  652 |         copy.translate(std::lround(mtx), std::lround(mty));
      |              ~~~~~~~~~                   ^~~~~~~~~~~~~~~~
/Users/buddhirajgautam/Documents/Cherrygram-Mac/macOS-Swift/submodules/rlottie/src/vector/vmatrix.cpp:652:24: warning: implicit conversion loses integer precision: 'long' to 'int' [-Wshorten-64-to-32]
  652 |         copy.translate(std::lround(mtx), std::lround(mty));
      |              ~~~~~~~~~ ^~~~~~~~~~~~~~~~
12 warnings generated.

CompileC /Users/buddhirajgautam/Library/Developer/Xcode/DerivedData/Telegram-Mac-fygdgghdgmuleoelvxabfmqiotta/Build/Intermediates.noindex/RLottie_Xcode.build/Debug/RLottie.build/Objects-normal/arm64/vinterpolator.o /Users/buddhirajgautam/Documents/Cherrygram-Mac/macOS-Swift/submodules/rlottie/src/vector/vinterpolator.cpp normal arm64 c++ com.apple.compilers.llvm.clang.1_0.compiler (in target 'RLottie' from project 'RLottie_Xcode')
    cd /Users/buddhirajgautam/Documents/Cherrygram-Mac/macOS-Swift/submodules/RLottie_Xcode
    
    Using response file: /Users/buddhirajgautam/Library/Developer/Xcode/DerivedData/Telegram-Mac-fygdgghdgmuleoelvxabfmqiotta/Build/Intermediates.noindex/RLottie_Xcode.build/Debug/RLottie.build/Objects-normal/arm64/82b82416624d2658e5098eb0a28c15c5-common-args.resp
    
    /Applications/Xcode.app/Contents/Developer/Toolchains/XcodeDefault.xctoolchain/usr/bin/clang -x c++ -ivfsstatcache /Users/buddhirajgautam/Library/Developer/Xcode/DerivedData/SDKStatCaches.noindex/macosx27.0-26A425-e829b21a6f8c9b70876ba0858053c0447231f6df4def33e022ae2eb8f782df1a.sdkstatcache -target arm64-apple-macos12.0 -fmessage-length\=0 -fdiagnostics-show-note-include-stack -fmacro-backtrace-limit\=0 -fno-color-diagnostics -fmodules-prune-interval\=86400 -fmodules-prune-after\=345600 -fbuild-session-file\=/Users/buddhirajgautam/Library/Developer/Xcode/DerivedData/ModuleCache.noindex/Session.modulevalidation -fmodules-validate-once-per-build-session -Wnon-modular-include-in-framework-module -Werror\=non-modular-include-in-framework-module -Wno-trigraphs -Wno-missing-field-initializers -Wno-missing-prototypes -Werror\=return-type -Wdocumentation -Wunreachable-code -Werror\=deprecated-objc-isa-usage -Werror\=objc-root-class -Wno-non-virtual-dtor -Wno-overloaded-virtual -Wno-exit-time-destructors -Wno-missing-braces -Wparentheses -Wswitch -Wunused-function -Wno-unused-label -Wno-unused-parameter -Wunused-variable -Wunused-value -Wempty-body -Wuninitialized -Wconditional-uninitialized -Wno-unknown-pragmas -Wno-shadow -Wno-four-char-constants -Wno-conversion -Wconstant-conversion -Wint-conversion -Wbool-conversion -Wenum-conversion -Wno-float-conversion -Wnon-literal-null-conversion -Wobjc-literal-conversion -Wshorten-64-to-32 -Wno-newline-eof -Wno-c++11-extensions -Wno-implicit-fallthrough -isysroot /Applications/Xcode.app/Contents/Developer/Platforms/MacOSX.platform/Developer/SDKs/MacOSX27.0.sdk -fstrict-aliasing -Wdeprecated-declarations -Winvalid-offsetof -Wno-sign-conversion -Winfinite-recursion -Wmove -Wcomma -Wblock-capture-autoreleasing -Wstrict-prototypes -Wrange-loop-analysis -Wno-semicolon-before-method-body -Wunguarded-availability -index-store-path /Users/buddhirajgautam/Library/Developer/Xcode/DerivedData/Telegram-Mac-fygdgghdgmuleoelvxabfmqiotta/Index.noindex/DataStore @/Users/buddhirajgautam/Library/Developer/Xcode/DerivedData/Telegram-Mac-fygdgghdgmuleoelvxabfmqiotta/Build/Intermediates.noindex/RLottie_Xcode.build/Debug/RLottie.build/Objects-normal/arm64/82b82416624d2658e5098eb0a28c15c5-common-args.resp -MMD -MT dependencies -MF /Users/buddhirajgautam/Library/Developer/Xcode/DerivedData/Telegram-Mac-fygdgghdgmuleoelvxabfmqiotta/Build/Intermediates.noindex/RLottie_Xcode.build/Debug/RLottie.build/Objects-normal/arm64/vinterpolator.d --serialize-diagnostics /Users/buddhirajgautam/Library/Developer/Xcode/DerivedData/Telegram-Mac-fygdgghdgmuleoelvxabfmqiotta/Build/Intermediates.noindex/RLottie_Xcode.build/Debug/RLottie.build/Objects-normal/arm64/vinterpolator.dia -c /Users/buddhirajgautam/Documents/Cherrygram-Mac/macOS-Swift/submodules/rlottie/src/vector/vinterpolator.cpp -o /Users/buddhirajgautam/Library/Developer/Xcode/DerivedData/Telegram-Mac-fygdgghdgmuleoelvxabfmqiotta/Build/Intermediates.noindex/RLottie_Xcode.build/Debug/RLottie.build/Objects-normal/arm64/vinterpolator.o -index-unit-output-path /RLottie_Xcode.build/Debug/RLottie.build/Objects-normal/arm64/vinterpolator.o

CompileC /Users/buddhirajgautam/Library/Developer/Xcode/DerivedData/Telegram-Mac-fygdgghdgmuleoelvxabfmqiotta/Build/Intermediates.noindex/RLottie_Xcode.build/Debug/RLottie.build/Objects-normal/arm64/vimageloader.o /Users/buddhirajgautam/Documents/Cherrygram-Mac/macOS-Swift/submodules/rlottie/src/vector/vimageloader.cpp normal arm64 c++ com.apple.compilers.llvm.clang.1_0.compiler (in target 'RLottie' from project 'RLottie_Xcode')
    cd /Users/buddhirajgautam/Documents/Cherrygram-Mac/macOS-Swift/submodules/RLottie_Xcode
    
    Using response file: /Users/buddhirajgautam/Library/Developer/Xcode/DerivedData/Telegram-Mac-fygdgghdgmuleoelvxabfmqiotta/Build/Intermediates.noindex/RLottie_Xcode.build/Debug/RLottie.build/Objects-normal/arm64/82b82416624d2658e5098eb0a28c15c5-common-args.resp
    
    /Applications/Xcode.app/Contents/Developer/Toolchains/XcodeDefault.xctoolchain/usr/bin/clang -x c++ -ivfsstatcache /Users/buddhirajgautam/Library/Developer/Xcode/DerivedData/SDKStatCaches.noindex/macosx27.0-26A425-e829b21a6f8c9b70876ba0858053c0447231f6df4def33e022ae2eb8f782df1a.sdkstatcache -target arm64-apple-macos12.0 -fmessage-length\=0 -fdiagnostics-show-note-include-stack -fmacro-backtrace-limit\=0 -fno-color-diagnostics -fmodules-prune-interval\=86400 -fmodules-prune-after\=345600 -fbuild-session-file\=/Users/buddhirajgautam/Library/Developer/Xcode/DerivedData/ModuleCache.noindex/Session.modulevalidation -fmodules-validate-once-per-build-session -Wnon-modular-include-in-framework-module -Werror\=non-modular-include-in-framework-module -Wno-trigraphs -Wno-missing-field-initializers -Wno-missing-prototypes -Werror\=return-type -Wdocumentation -Wunreachable-code -Werror\=deprecated-objc-isa-usage -Werror\=objc-root-class -Wno-non-virtual-dtor -Wno-overloaded-virtual -Wno-exit-time-destructors -Wno-missing-braces -Wparentheses -Wswitch -Wunused-function -Wno-unused-label -Wno-unused-parameter -Wunused-variable -Wunused-value -Wempty-body -Wuninitialized -Wconditional-uninitialized -Wno-unknown-pragmas -Wno-shadow -Wno-four-char-constants -Wno-conversion -Wconstant-conversion -Wint-conversion -Wbool-conversion -Wenum-conversion -Wno-float-conversion -Wnon-literal-null-conversion -Wobjc-literal-conversion -Wshorten-64-to-32 -Wno-newline-eof -Wno-c++11-extensions -Wno-implicit-fallthrough -isysroot /Applications/Xcode.app/Contents/Developer/Platforms/MacOSX.platform/Developer/SDKs/MacOSX27.0.sdk -fstrict-aliasing -Wdeprecated-declarations -Winvalid-offsetof -Wno-sign-conversion -Winfinite-recursion -Wmove -Wcomma -Wblock-capture-autoreleasing -Wstrict-prototypes -Wrange-loop-analysis -Wno-semicolon-before-method-body -Wunguarded-availability -index-store-path /Users/buddhirajgautam/Library/Developer/Xcode/DerivedData/Telegram-Mac-fygdgghdgmuleoelvxabfmqiotta/Index.noindex/DataStore @/Users/buddhirajgautam/Library/Developer/Xcode/DerivedData/Telegram-Mac-fygdgghdgmuleoelvxabfmqiotta/Build/Intermediates.noindex/RLottie_Xcode.build/Debug/RLottie.build/Objects-normal/arm64/82b82416624d2658e5098eb0a28c15c5-common-args.resp -MMD -MT dependencies -MF /Users/buddhirajgautam/Library/Developer/Xcode/DerivedData/Telegram-Mac-fygdgghdgmuleoelvxabfmqiotta/Build/Intermediates.noindex/RLottie_Xcode.build/Debug/RLottie.build/Objects-normal/arm64/vimageloader.d --serialize-diagnostics /Users/buddhirajgautam/Library/Developer/Xcode/DerivedData/Telegram-Mac-fygdgghdgmuleoelvxabfmqiotta/Build/Intermediates.noindex/RLottie_Xcode.build/Debug/RLottie.build/Objects-normal/arm64/vimageloader.dia -c /Users/buddhirajgautam/Documents/Cherrygram-Mac/macOS-Swift/submodules/rlottie/src/vector/vimageloader.cpp -o /Users/buddhirajgautam/Library/Developer/Xcode/DerivedData/Telegram-Mac-fygdgghdgmuleoelvxabfmqiotta/Build/Intermediates.noindex/RLottie_Xcode.build/Debug/RLottie.build/Objects-normal/arm64/vimageloader.o -index-unit-output-path /RLottie_Xcode.build/Debug/RLottie.build/Objects-normal/arm64/vimageloader.o

CompileC /Users/buddhirajgautam/Library/Developer/Xcode/DerivedData/Telegram-Mac-fygdgghdgmuleoelvxabfmqiotta/Build/Intermediates.noindex/RLottie_Xcode.build/Debug/RLottie.build/Objects-normal/arm64/velapsedtimer.o /Users/buddhirajgautam/Documents/Cherrygram-Mac/macOS-Swift/submodules/rlottie/src/vector/velapsedtimer.cpp normal arm64 c++ com.apple.compilers.llvm.clang.1_0.compiler (in target 'RLottie' from project 'RLottie_Xcode')
    cd /Users/buddhirajgautam/Documents/Cherrygram-Mac/macOS-Swift/submodules/RLottie_Xcode
    
    Using response file: /Users/buddhirajgautam/Library/Developer/Xcode/DerivedData/Telegram-Mac-fygdgghdgmuleoelvxabfmqiotta/Build/Intermediates.noindex/RLottie_Xcode.build/Debug/RLottie.build/Objects-normal/arm64/82b82416624d2658e5098eb0a28c15c5-common-args.resp
    
    /Applications/Xcode.app/Contents/Developer/Toolchains/XcodeDefault.xctoolchain/usr/bin/clang -x c++ -ivfsstatcache /Users/buddhirajgautam/Library/Developer/Xcode/DerivedData/SDKStatCaches.noindex/macosx27.0-26A425-e829b21a6f8c9b70876ba0858053c0447231f6df4def33e022ae2eb8f782df1a.sdkstatcache -target arm64-apple-macos12.0 -fmessage-length\=0 -fdiagnostics-show-note-include-stack -fmacro-backtrace-limit\=0 -fno-color-diagnostics -fmodules-prune-interval\=86400 -fmodules-prune-after\=345600 -fbuild-session-file\=/Users/buddhirajgautam/Library/Developer/Xcode/DerivedData/ModuleCache.noindex/Session.modulevalidation -fmodules-validate-once-per-build-session -Wnon-modular-include-in-framework-module -Werror\=non-modular-include-in-framework-module -Wno-trigraphs -Wno-missing-field-initializers -Wno-missing-prototypes -Werror\=return-type -Wdocumentation -Wunreachable-code -Werror\=deprecated-objc-isa-usage -Werror\=objc-root-class -Wno-non-virtual-dtor -Wno-overloaded-virtual -Wno-exit-time-destructors -Wno-missing-braces -Wparentheses -Wswitch -Wunused-function -Wno-unused-label -Wno-unused-parameter -Wunused-variable -Wunused-value -Wempty-body -Wuninitialized -Wconditional-uninitialized -Wno-unknown-pragmas -Wno-shadow -Wno-four-char-constants -Wno-conversion -Wconstant-conversion -Wint-conversion -Wbool-conversion -Wenum-conversion -Wno-float-conversion -Wnon-literal-null-conversion -Wobjc-literal-conversion -Wshorten-64-to-32 -Wno-newline-eof -Wno-c++11-extensions -Wno-implicit-fallthrough -isysroot /Applications/Xcode.app/Contents/Developer/Platforms/MacOSX.platform/Developer/SDKs/MacOSX27.0.sdk -fstrict-aliasing -Wdeprecated-declarations -Winvalid-offsetof -Wno-sign-conversion -Winfinite-recursion -Wmove -Wcomma -Wblock-capture-autoreleasing -Wstrict-prototypes -Wrange-loop-analysis -Wno-semicolon-before-method-body -Wunguarded-availability -index-store-path /Users/buddhirajgautam/Library/Developer/Xcode/DerivedData/Telegram-Mac-fygdgghdgmuleoelvxabfmqiotta/Index.noindex/DataStore @/Users/buddhirajgautam/Library/Developer/Xcode/DerivedData/Telegram-Mac-fygdgghdgmuleoelvxabfmqiotta/Build/Intermediates.noindex/RLottie_Xcode.build/Debug/RLottie.build/Objects-normal/arm64/82b82416624d2658e5098eb0a28c15c5-common-args.resp -MMD -MT dependencies -MF /Users/buddhirajgautam/Library/Developer/Xcode/DerivedData/Telegram-Mac-fygdgghdgmuleoelvxabfmqiotta/Build/Intermediates.noindex/RLottie_Xcode.build/Debug/RLottie.build/Objects-normal/arm64/velapsedtimer.d --serialize-diagnostics /Users/buddhirajgautam/Library/Developer/Xcode/DerivedData/Telegram-Mac-fygdgghdgmuleoelvxabfmqiotta/Build/Intermediates.noindex/RLottie_Xcode.build/Debug/RLottie.build/Objects-normal/arm64/velapsedtimer.dia -c /Users/buddhirajgautam/Documents/Cherrygram-Mac/macOS-Swift/submodules/rlottie/src/vector/velapsedtimer.cpp -o /Users/buddhirajgautam/Library/Developer/Xcode/DerivedData/Telegram-Mac-fygdgghdgmuleoelvxabfmqiotta/Build/Intermediates.noindex/RLottie_Xcode.build/Debug/RLottie.build/Objects-normal/arm64/velapsedtimer.o -index-unit-output-path /RLottie_Xcode.build/Debug/RLottie.build/Objects-normal/arm64/velapsedtimer.o

CompileC /Users/buddhirajgautam/Library/Developer/Xcode/DerivedData/Telegram-Mac-fygdgghdgmuleoelvxabfmqiotta/Build/Intermediates.noindex/RLottie_Xcode.build/Debug/RLottie.build/Objects-normal/arm64/vdrawhelper_sse2.o /Users/buddhirajgautam/Documents/Cherrygram-Mac/macOS-Swift/submodules/rlottie/src/vector/vdrawhelper_sse2.cpp normal arm64 c++ com.apple.compilers.llvm.clang.1_0.compiler (in target 'RLottie' from project 'RLottie_Xcode')
    cd /Users/buddhirajgautam/Documents/Cherrygram-Mac/macOS-Swift/submodules/RLottie_Xcode
    
    Using response file: /Users/buddhirajgautam/Library/Developer/Xcode/DerivedData/Telegram-Mac-fygdgghdgmuleoelvxabfmqiotta/Build/Intermediates.noindex/RLottie_Xcode.build/Debug/RLottie.build/Objects-normal/arm64/82b82416624d2658e5098eb0a28c15c5-common-args.resp
    
    /Applications/Xcode.app/Contents/Developer/Toolchains/XcodeDefault.xctoolchain/usr/bin/clang -x c++ -ivfsstatcache /Users/buddhirajgautam/Library/Developer/Xcode/DerivedData/SDKStatCaches.noindex/macosx27.0-26A425-e829b21a6f8c9b70876ba0858053c0447231f6df4def33e022ae2eb8f782df1a.sdkstatcache -target arm64-apple-macos12.0 -fmessage-length\=0 -fdiagnostics-show-note-include-stack -fmacro-backtrace-limit\=0 -fno-color-diagnostics -fmodules-prune-interval\=86400 -fmodules-prune-after\=345600 -fbuild-session-file\=/Users/buddhirajgautam/Library/Developer/Xcode/DerivedData/ModuleCache.noindex/Session.modulevalidation -fmodules-validate-once-per-build-session -Wnon-modular-include-in-framework-module -Werror\=non-modular-include-in-framework-module -Wno-trigraphs -Wno-missing-field-initializers -Wno-missing-prototypes -Werror\=return-type -Wdocumentation -Wunreachable-code -Werror\=deprecated-objc-isa-usage -Werror\=objc-root-class -Wno-non-virtual-dtor -Wno-overloaded-virtual -Wno-exit-time-destructors -Wno-missing-braces -Wparentheses -Wswitch -Wunused-function -Wno-unused-label -Wno-unused-parameter -Wunused-variable -Wunused-value -Wempty-body -Wuninitialized -Wconditional-uninitialized -Wno-unknown-pragmas -Wno-shadow -Wno-four-char-constants -Wno-conversion -Wconstant-conversion -Wint-conversion -Wbool-conversion -Wenum-conversion -Wno-float-conversion -Wnon-literal-null-conversion -Wobjc-literal-conversion -Wshorten-64-to-32 -Wno-newline-eof -Wno-c++11-extensions -Wno-implicit-fallthrough -isysroot /Applications/Xcode.app/Contents/Developer/Platforms/MacOSX.platform/Developer/SDKs/MacOSX27.0.sdk -fstrict-aliasing -Wdeprecated-declarations -Winvalid-offsetof -Wno-sign-conversion -Winfinite-recursion -Wmove -Wcomma -Wblock-capture-autoreleasing -Wstrict-prototypes -Wrange-loop-analysis -Wno-semicolon-before-method-body -Wunguarded-availability -index-store-path /Users/buddhirajgautam/Library/Developer/Xcode/DerivedData/Telegram-Mac-fygdgghdgmuleoelvxabfmqiotta/Index.noindex/DataStore @/Users/buddhirajgautam/Library/Developer/Xcode/DerivedData/Telegram-Mac-fygdgghdgmuleoelvxabfmqiotta/Build/Intermediates.noindex/RLottie_Xcode.build/Debug/RLottie.build/Objects-normal/arm64/82b82416624d2658e5098eb0a28c15c5-common-args.resp -MMD -MT dependencies -MF /Users/buddhirajgautam/Library/Developer/Xcode/DerivedData/Telegram-Mac-fygdgghdgmuleoelvxabfmqiotta/Build/Intermediates.noindex/RLottie_Xcode.build/Debug/RLottie.build/Objects-normal/arm64/vdrawhelper_sse2.d --serialize-diagnostics /Users/buddhirajgautam/Library/Developer/Xcode/DerivedData/Telegram-Mac-fygdgghdgmuleoelvxabfmqiotta/Build/Intermediates.noindex/RLottie_Xcode.build/Debug/RLottie.build/Objects-normal/arm64/vdrawhelper_sse2.dia -c /Users/buddhirajgautam/Documents/Cherrygram-Mac/macOS-Swift/submodules/rlottie/src/vector/vdrawhelper_sse2.cpp -o /Users/buddhirajgautam/Library/Developer/Xcode/DerivedData/Telegram-Mac-fygdgghdgmuleoelvxabfmqiotta/Build/Intermediates.noindex/RLottie_Xcode.build/Debug/RLottie.build/Objects-normal/arm64/vdrawhelper_sse2.o -index-unit-output-path /RLottie_Xcode.build/Debug/RLottie.build/Objects-normal/arm64/vdrawhelper_sse2.o

Ld /Users/buddhirajgautam/Library/Developer/Xcode/DerivedData/Telegram-Mac-fygdgghdgmuleoelvxabfmqiotta/Build/Products/Debug/ShelfPack.o normal (in target 'ShelfPack' from project 'ShelfPack')
    cd /Users/buddhirajgautam/Documents/Cherrygram-Mac/macOS-Swift/submodules/telegram-ios/submodules/Utils/ShelfPack
    /Applications/Xcode.app/Contents/Developer/Toolchains/XcodeDefault.xctoolchain/usr/bin/clang++ -Xlinker -reproducible -target arm64-apple-macos12.0 -r -isysroot /Applications/Xcode.app/Contents/Developer/Platforms/MacOSX.platform/Developer/SDKs/MacOSX27.0.sdk -O0 -Xlinker -no_warn_duplicate_libraries -F/Users/buddhirajgautam/Library/Developer/Xcode/DerivedData/Telegram-Mac-fygdgghdgmuleoelvxabfmqiotta/Build/Intermediates.noindex/EagerLinkingTBDs/Debug -F/Users/buddhirajgautam/Library/Developer/Xcode/DerivedData/Telegram-Mac-fygdgghdgmuleoelvxabfmqiotta/Build/Products/Debug -iframework /Applications/Xcode.app/Contents/Developer/Platforms/MacOSX.platform/Developer/Library/Frameworks -filelist /Users/buddhirajgautam/Library/Developer/Xcode/DerivedData/Telegram-Mac-fygdgghdgmuleoelvxabfmqiotta/Build/Intermediates.noindex/ShelfPack.build/Debug/ShelfPack-t.build/Objects-normal/arm64/ShelfPack.LinkFileList -nostdlib -Xlinker -object_path_lto -Xlinker /Users/buddhirajgautam/Library/Developer/Xcode/DerivedData/Telegram-Mac-fygdgghdgmuleoelvxabfmqiotta/Build/Intermediates.noindex/ShelfPack.build/Debug/ShelfPack-t.build/Objects-normal/arm64/ShelfPack_lto.o -Xlinker -no_deduplicate -Xlinker -debug_variant -Xlinker -dependency_info -Xlinker /Users/buddhirajgautam/Library/Developer/Xcode/DerivedData/Telegram-Mac-fygdgghdgmuleoelvxabfmqiotta/Build/Intermediates.noindex/ShelfPack.build/Debug/ShelfPack-t.build/Objects-normal/arm64/ShelfPack_dependency_info.dat -fobjc-arc -fobjc-link-runtime -o /Users/buddhirajgautam/Library/Developer/Xcode/DerivedData/Telegram-Mac-fygdgghdgmuleoelvxabfmqiotta/Build/Products/Debug/ShelfPack.o

CompileC /Users/buddhirajgautam/Library/Developer/Xcode/DerivedData/Telegram-Mac-fygdgghdgmuleoelvxabfmqiotta/Build/Intermediates.noindex/RLottie_Xcode.build/Debug/RLottie.build/Objects-normal/arm64/vdrawhelper_neon.o /Users/buddhirajgautam/Documents/Cherrygram-Mac/macOS-Swift/submodules/rlottie/src/vector/vdrawhelper_neon.cpp normal arm64 c++ com.apple.compilers.llvm.clang.1_0.compiler (in target 'RLottie' from project 'RLottie_Xcode')
    cd /Users/buddhirajgautam/Documents/Cherrygram-Mac/macOS-Swift/submodules/RLottie_Xcode
    
    Using response file: /Users/buddhirajgautam/Library/Developer/Xcode/DerivedData/Telegram-Mac-fygdgghdgmuleoelvxabfmqiotta/Build/Intermediates.noindex/RLottie_Xcode.build/Debug/RLottie.build/Objects-normal/arm64/82b82416624d2658e5098eb0a28c15c5-common-args.resp
    
    /Applications/Xcode.app/Contents/Developer/Toolchains/XcodeDefault.xctoolchain/usr/bin/clang -x c++ -ivfsstatcache /Users/buddhirajgautam/Library/Developer/Xcode/DerivedData/SDKStatCaches.noindex/macosx27.0-26A425-e829b21a6f8c9b70876ba0858053c0447231f6df4def33e022ae2eb8f782df1a.sdkstatcache -target arm64-apple-macos12.0 -fmessage-length\=0 -fdiagnostics-show-note-include-stack -fmacro-backtrace-limit\=0 -fno-color-diagnostics -fmodules-prune-interval\=86400 -fmodules-prune-after\=345600 -fbuild-session-file\=/Users/buddhirajgautam/Library/Developer/Xcode/DerivedData/ModuleCache.noindex/Session.modulevalidation -fmodules-validate-once-per-build-session -Wnon-modular-include-in-framework-module -Werror\=non-modular-include-in-framework-module -Wno-trigraphs -Wno-missing-field-initializers -Wno-missing-prototypes -Werror\=return-type -Wdocumentation -Wunreachable-code -Werror\=deprecated-objc-isa-usage -Werror\=objc-root-class -Wno-non-virtual-dtor -Wno-overloaded-virtual -Wno-exit-time-destructors -Wno-missing-braces -Wparentheses -Wswitch -Wunused-function -Wno-unused-label -Wno-unused-parameter -Wunused-variable -Wunused-value -Wempty-body -Wuninitialized -Wconditional-uninitialized -Wno-unknown-pragmas -Wno-shadow -Wno-four-char-constants -Wno-conversion -Wconstant-conversion -Wint-conversion -Wbool-conversion -Wenum-conversion -Wno-float-conversion -Wnon-literal-null-conversion -Wobjc-literal-conversion -Wshorten-64-to-32 -Wno-newline-eof -Wno-c++11-extensions -Wno-implicit-fallthrough -isysroot /Applications/Xcode.app/Contents/Developer/Platforms/MacOSX.platform/Developer/SDKs/MacOSX27.0.sdk -fstrict-aliasing -Wdeprecated-declarations -Winvalid-offsetof -Wno-sign-conversion -Winfinite-recursion -Wmove -Wcomma -Wblock-capture-autoreleasing -Wstrict-prototypes -Wrange-loop-analysis -Wno-semicolon-before-method-body -Wunguarded-availability -index-store-path /Users/buddhirajgautam/Library/Developer/Xcode/DerivedData/Telegram-Mac-fygdgghdgmuleoelvxabfmqiotta/Index.noindex/DataStore @/Users/buddhirajgautam/Library/Developer/Xcode/DerivedData/Telegram-Mac-fygdgghdgmuleoelvxabfmqiotta/Build/Intermediates.noindex/RLottie_Xcode.build/Debug/RLottie.build/Objects-normal/arm64/82b82416624d2658e5098eb0a28c15c5-common-args.resp -MMD -MT dependencies -MF /Users/buddhirajgautam/Library/Developer/Xcode/DerivedData/Telegram-Mac-fygdgghdgmuleoelvxabfmqiotta/Build/Intermediates.noindex/RLottie_Xcode.build/Debug/RLottie.build/Objects-normal/arm64/vdrawhelper_neon.d --serialize-diagnostics /Users/buddhirajgautam/Library/Developer/Xcode/DerivedData/Telegram-Mac-fygdgghdgmuleoelvxabfmqiotta/Build/Intermediates.noindex/RLottie_Xcode.build/Debug/RLottie.build/Objects-normal/arm64/vdrawhelper_neon.dia -c /Users/buddhirajgautam/Documents/Cherrygram-Mac/macOS-Swift/submodules/rlottie/src/vector/vdrawhelper_neon.cpp -o /Users/buddhirajgautam/Library/Developer/Xcode/DerivedData/Telegram-Mac-fygdgghdgmuleoelvxabfmqiotta/Build/Intermediates.noindex/RLottie_Xcode.build/Debug/RLottie.build/Objects-normal/arm64/vdrawhelper_neon.o -index-unit-output-path /RLottie_Xcode.build/Debug/RLottie.build/Objects-normal/arm64/vdrawhelper_neon.o

CompileC /Users/buddhirajgautam/Library/Developer/Xcode/DerivedData/Telegram-Mac-fygdgghdgmuleoelvxabfmqiotta/Build/Intermediates.noindex/RLottie_Xcode.build/Debug/RLottie.build/Objects-normal/arm64/vdrawhelper.o /Users/buddhirajgautam/Documents/Cherrygram-Mac/macOS-Swift/submodules/rlottie/src/vector/vdrawhelper.cpp normal arm64 c++ com.apple.compilers.llvm.clang.1_0.compiler (in target 'RLottie' from project 'RLottie_Xcode')
    cd /Users/buddhirajgautam/Documents/Cherrygram-Mac/macOS-Swift/submodules/RLottie_Xcode
    
    Using response file: /Users/buddhirajgautam/Library/Developer/Xcode/DerivedData/Telegram-Mac-fygdgghdgmuleoelvxabfmqiotta/Build/Intermediates.noindex/RLottie_Xcode.build/Debug/RLottie.build/Objects-normal/arm64/82b82416624d2658e5098eb0a28c15c5-common-args.resp
    
    /Applications/Xcode.app/Contents/Developer/Toolchains/XcodeDefault.xctoolchain/usr/bin/clang -x c++ -ivfsstatcache /Users/buddhirajgautam/Library/Developer/Xcode/DerivedData/SDKStatCaches.noindex/macosx27.0-26A425-e829b21a6f8c9b70876ba0858053c0447231f6df4def33e022ae2eb8f782df1a.sdkstatcache -target arm64-apple-macos12.0 -fmessage-length\=0 -fdiagnostics-show-note-include-stack -fmacro-backtrace-limit\=0 -fno-color-diagnostics -fmodules-prune-interval\=86400 -fmodules-prune-after\=345600 -fbuild-session-file\=/Users/buddhirajgautam/Library/Developer/Xcode/DerivedData/ModuleCache.noindex/Session.modulevalidation -fmodules-validate-once-per-build-session -Wnon-modular-include-in-framework-module -Werror\=non-modular-include-in-framework-module -Wno-trigraphs -Wno-missing-field-initializers -Wno-missing-prototypes -Werror\=return-type -Wdocumentation -Wunreachable-code -Werror\=deprecated-objc-isa-usage -Werror\=objc-root-class -Wno-non-virtual-dtor -Wno-overloaded-virtual -Wno-exit-time-destructors -Wno-missing-braces -Wparentheses -Wswitch -Wunused-function -Wno-unused-label -Wno-unused-parameter -Wunused-variable -Wunused-value -Wempty-body -Wuninitialized -Wconditional-uninitialized -Wno-unknown-pragmas -Wno-shadow -Wno-four-char-constants -Wno-conversion -Wconstant-conversion -Wint-conversion -Wbool-conversion -Wenum-conversion -Wno-float-conversion -Wnon-literal-null-conversion -Wobjc-literal-conversion -Wshorten-64-to-32 -Wno-newline-eof -Wno-c++11-extensions -Wno-implicit-fallthrough -isysroot /Applications/Xcode.app/Contents/Developer/Platforms/MacOSX.platform/Developer/SDKs/MacOSX27.0.sdk -fstrict-aliasing -Wdeprecated-declarations -Winvalid-offsetof -Wno-sign-conversion -Winfinite-recursion -Wmove -Wcomma -Wblock-capture-autoreleasing -Wstrict-prototypes -Wrange-loop-analysis -Wno-semicolon-before-method-body -Wunguarded-availability -index-store-path /Users/buddhirajgautam/Library/Developer/Xcode/DerivedData/Telegram-Mac-fygdgghdgmuleoelvxabfmqiotta/Index.noindex/DataStore @/Users/buddhirajgautam/Library/Developer/Xcode/DerivedData/Telegram-Mac-fygdgghdgmuleoelvxabfmqiotta/Build/Intermediates.noindex/RLottie_Xcode.build/Debug/RLottie.build/Objects-normal/arm64/82b82416624d2658e5098eb0a28c15c5-common-args.resp -MMD -MT dependencies -MF /Users/buddhirajgautam/Library/Developer/Xcode/DerivedData/Telegram-Mac-fygdgghdgmuleoelvxabfmqiotta/Build/Intermediates.noindex/RLottie_Xcode.build/Debug/RLottie.build/Objects-normal/arm64/vdrawhelper.d --serialize-diagnostics /Users/buddhirajgautam/Library/Developer/Xcode/DerivedData/Telegram-Mac-fygdgghdgmuleoelvxabfmqiotta/Build/Intermediates.noindex/RLottie_Xcode.build/Debug/RLottie.build/Objects-normal/arm64/vdrawhelper.dia -c /Users/buddhirajgautam/Documents/Cherrygram-Mac/macOS-Swift/submodules/rlottie/src/vector/vdrawhelper.cpp -o /Users/buddhirajgautam/Library/Developer/Xcode/DerivedData/Telegram-Mac-fygdgghdgmuleoelvxabfmqiotta/Build/Intermediates.noindex/RLottie_Xcode.build/Debug/RLottie.build/Objects-normal/arm64/vdrawhelper.o -index-unit-output-path /RLottie_Xcode.build/Debug/RLottie.build/Objects-normal/arm64/vdrawhelper.o
/Users/buddhirajgautam/Documents/Cherrygram-Mac/macOS-Swift/submodules/rlottie/src/vector/vdrawhelper.cpp:834:36: warning: implicit conversion loses integer precision: 'size_t' (aka 'unsigned long') to 'uint' (aka 'unsigned int') [-Wshorten-64-to-32]
  834 |     mBitmap.bytesPerLine = bitmap->stride();
      |                          ~ ~~~~~~~~^~~~~~~~
1 warning generated.

CompileC /Users/buddhirajgautam/Library/Developer/Xcode/DerivedData/Telegram-Mac-fygdgghdgmuleoelvxabfmqiotta/Build/Intermediates.noindex/RLottie_Xcode.build/Debug/RLottie.build/Objects-normal/arm64/vdrawable.o /Users/buddhirajgautam/Documents/Cherrygram-Mac/macOS-Swift/submodules/rlottie/src/vector/vdrawable.cpp normal arm64 c++ com.apple.compilers.llvm.clang.1_0.compiler (in target 'RLottie' from project 'RLottie_Xcode')
    cd /Users/buddhirajgautam/Documents/Cherrygram-Mac/macOS-Swift/submodules/RLottie_Xcode
    
    Using response file: /Users/buddhirajgautam/Library/Developer/Xcode/DerivedData/Telegram-Mac-fygdgghdgmuleoelvxabfmqiotta/Build/Intermediates.noindex/RLottie_Xcode.build/Debug/RLottie.build/Objects-normal/arm64/82b82416624d2658e5098eb0a28c15c5-common-args.resp
    
    /Applications/Xcode.app/Contents/Developer/Toolchains/XcodeDefault.xctoolchain/usr/bin/clang -x c++ -ivfsstatcache /Users/buddhirajgautam/Library/Developer/Xcode/DerivedData/SDKStatCaches.noindex/macosx27.0-26A425-e829b21a6f8c9b70876ba0858053c0447231f6df4def33e022ae2eb8f782df1a.sdkstatcache -target arm64-apple-macos12.0 -fmessage-length\=0 -fdiagnostics-show-note-include-stack -fmacro-backtrace-limit\=0 -fno-color-diagnostics -fmodules-prune-interval\=86400 -fmodules-prune-after\=345600 -fbuild-session-file\=/Users/buddhirajgautam/Library/Developer/Xcode/DerivedData/ModuleCache.noindex/Session.modulevalidation -fmodules-validate-once-per-build-session -Wnon-modular-include-in-framework-module -Werror\=non-modular-include-in-framework-module -Wno-trigraphs -Wno-missing-field-initializers -Wno-missing-prototypes -Werror\=return-type -Wdocumentation -Wunreachable-code -Werror\=deprecated-objc-isa-usage -Werror\=objc-root-class -Wno-non-virtual-dtor -Wno-overloaded-virtual -Wno-exit-time-destructors -Wno-missing-braces -Wparentheses -Wswitch -Wunused-function -Wno-unused-label -Wno-unused-parameter -Wunused-variable -Wunused-value -Wempty-body -Wuninitialized -Wconditional-uninitialized -Wno-unknown-pragmas -Wno-shadow -Wno-four-char-constants -Wno-conversion -Wconstant-conversion -Wint-conversion -Wbool-conversion -Wenum-conversion -Wno-float-conversion -Wnon-literal-null-conversion -Wobjc-literal-conversion -Wshorten-64-to-32 -Wno-newline-eof -Wno-c++11-extensions -Wno-implicit-fallthrough -isysroot /Applications/Xcode.app/Contents/Developer/Platforms/MacOSX.platform/Developer/SDKs/MacOSX27.0.sdk -fstrict-aliasing -Wdeprecated-declarations -Winvalid-offsetof -Wno-sign-conversion -Winfinite-recursion -Wmove -Wcomma -Wblock-capture-autoreleasing -Wstrict-prototypes -Wrange-loop-analysis -Wno-semicolon-before-method-body -Wunguarded-availability -index-store-path /Users/buddhirajgautam/Library/Developer/Xcode/DerivedData/Telegram-Mac-fygdgghdgmuleoelvxabfmqiotta/Index.noindex/DataStore @/Users/buddhirajgautam/Library/Developer/Xcode/DerivedData/Telegram-Mac-fygdgghdgmuleoelvxabfmqiotta/Build/Intermediates.noindex/RLottie_Xcode.build/Debug/RLottie.build/Objects-normal/arm64/82b82416624d2658e5098eb0a28c15c5-common-args.resp -MMD -MT dependencies -MF /Users/buddhirajgautam/Library/Developer/Xcode/DerivedData/Telegram-Mac-fygdgghdgmuleoelvxabfmqiotta/Build/Intermediates.noindex/RLottie_Xcode.build/Debug/RLottie.build/Objects-normal/arm64/vdrawable.d --serialize-diagnostics /Users/buddhirajgautam/Library/Developer/Xcode/DerivedData/Telegram-Mac-fygdgghdgmuleoelvxabfmqiotta/Build/Intermediates.noindex/RLottie_Xcode.build/Debug/RLottie.build/Objects-normal/arm64/vdrawable.dia -c /Users/buddhirajgautam/Documents/Cherrygram-Mac/macOS-Swift/submodules/rlottie/src/vector/vdrawable.cpp -o /Users/buddhirajgautam/Library/Developer/Xcode/DerivedData/Telegram-Mac-fygdgghdgmuleoelvxabfmqiotta/Build/Intermediates.noindex/RLottie_Xcode.build/Debug/RLottie.build/Objects-normal/arm64/vdrawable.o -index-unit-output-path /RLottie_Xcode.build/Debug/RLottie.build/Objects-normal/arm64/vdrawable.o

CompileC /Users/buddhirajgautam/Library/Developer/Xcode/DerivedData/Telegram-Mac-fygdgghdgmuleoelvxabfmqiotta/Build/Intermediates.noindex/RLottie_Xcode.build/Debug/RLottie.build/Objects-normal/arm64/vdebug.o /Users/buddhirajgautam/Documents/Cherrygram-Mac/macOS-Swift/submodules/rlottie/src/vector/vdebug.cpp normal arm64 c++ com.apple.compilers.llvm.clang.1_0.compiler (in target 'RLottie' from project 'RLottie_Xcode')
    cd /Users/buddhirajgautam/Documents/Cherrygram-Mac/macOS-Swift/submodules/RLottie_Xcode
    
    Using response file: /Users/buddhirajgautam/Library/Developer/Xcode/DerivedData/Telegram-Mac-fygdgghdgmuleoelvxabfmqiotta/Build/Intermediates.noindex/RLottie_Xcode.build/Debug/RLottie.build/Objects-normal/arm64/82b82416624d2658e5098eb0a28c15c5-common-args.resp
    
    /Applications/Xcode.app/Contents/Developer/Toolchains/XcodeDefault.xctoolchain/usr/bin/clang -x c++ -ivfsstatcache /Users/buddhirajgautam/Library/Developer/Xcode/DerivedData/SDKStatCaches.noindex/macosx27.0-26A425-e829b21a6f8c9b70876ba0858053c0447231f6df4def33e022ae2eb8f782df1a.sdkstatcache -target arm64-apple-macos12.0 -fmessage-length\=0 -fdiagnostics-show-note-include-stack -fmacro-backtrace-limit\=0 -fno-color-diagnostics -fmodules-prune-interval\=86400 -fmodules-prune-after\=345600 -fbuild-session-file\=/Users/buddhirajgautam/Library/Developer/Xcode/DerivedData/ModuleCache.noindex/Session.modulevalidation -fmodules-validate-once-per-build-session -Wnon-modular-include-in-framework-module -Werror\=non-modular-include-in-framework-module -Wno-trigraphs -Wno-missing-field-initializers -Wno-missing-prototypes -Werror\=return-type -Wdocumentation -Wunreachable-code -Werror\=deprecated-objc-isa-usage -Werror\=objc-root-class -Wno-non-virtual-dtor -Wno-overloaded-virtual -Wno-exit-time-destructors -Wno-missing-braces -Wparentheses -Wswitch -Wunused-function -Wno-unused-label -Wno-unused-parameter -Wunused-variable -Wunused-value -Wempty-body -Wuninitialized -Wconditional-uninitialized -Wno-unknown-pragmas -Wno-shadow -Wno-four-char-constants -Wno-conversion -Wconstant-conversion -Wint-conversion -Wbool-conversion -Wenum-conversion -Wno-float-conversion -Wnon-literal-null-conversion -Wobjc-literal-conversion -Wshorten-64-to-32 -Wno-newline-eof -Wno-c++11-extensions -Wno-implicit-fallthrough -isysroot /Applications/Xcode.app/Contents/Developer/Platforms/MacOSX.platform/Developer/SDKs/MacOSX27.0.sdk -fstrict-aliasing -Wdeprecated-declarations -Winvalid-offsetof -Wno-sign-conversion -Winfinite-recursion -Wmove -Wcomma -Wblock-capture-autoreleasing -Wstrict-prototypes -Wrange-loop-analysis -Wno-semicolon-before-method-body -Wunguarded-availability -index-store-path /Users/buddhirajgautam/Library/Developer/Xcode/DerivedData/Telegram-Mac-fygdgghdgmuleoelvxabfmqiotta/Index.noindex/DataStore @/Users/buddhirajgautam/Library/Developer/Xcode/DerivedData/Telegram-Mac-fygdgghdgmuleoelvxabfmqiotta/Build/Intermediates.noindex/RLottie_Xcode.build/Debug/RLottie.build/Objects-normal/arm64/82b82416624d2658e5098eb0a28c15c5-common-args.resp -MMD -MT dependencies -MF /Users/buddhirajgautam/Library/Developer/Xcode/DerivedData/Telegram-Mac-fygdgghdgmuleoelvxabfmqiotta/Build/Intermediates.noindex/RLottie_Xcode.build/Debug/RLottie.build/Objects-normal/arm64/vdebug.d --serialize-diagnostics /Users/buddhirajgautam/Library/Developer/Xcode/DerivedData/Telegram-Mac-fygdgghdgmuleoelvxabfmqiotta/Build/Intermediates.noindex/RLottie_Xcode.build/Debug/RLottie.build/Objects-normal/arm64/vdebug.dia -c /Users/buddhirajgautam/Documents/Cherrygram-Mac/macOS-Swift/submodules/rlottie/src/vector/vdebug.cpp -o /Users/buddhirajgautam/Library/Developer/Xcode/DerivedData/Telegram-Mac-fygdgghdgmuleoelvxabfmqiotta/Build/Intermediates.noindex/RLottie_Xcode.build/Debug/RLottie.build/Objects-normal/arm64/vdebug.o -index-unit-output-path /RLottie_Xcode.build/Debug/RLottie.build/Objects-normal/arm64/vdebug.o

CompileC /Users/buddhirajgautam/Library/Developer/Xcode/DerivedData/Telegram-Mac-fygdgghdgmuleoelvxabfmqiotta/Build/Intermediates.noindex/RLottie_Xcode.build/Debug/RLottie.build/Objects-normal/arm64/vdasher.o /Users/buddhirajgautam/Documents/Cherrygram-Mac/macOS-Swift/submodules/rlottie/src/vector/vdasher.cpp normal arm64 c++ com.apple.compilers.llvm.clang.1_0.compiler (in target 'RLottie' from project 'RLottie_Xcode')
    cd /Users/buddhirajgautam/Documents/Cherrygram-Mac/macOS-Swift/submodules/RLottie_Xcode
    
    Using response file: /Users/buddhirajgautam/Library/Developer/Xcode/DerivedData/Telegram-Mac-fygdgghdgmuleoelvxabfmqiotta/Build/Intermediates.noindex/RLottie_Xcode.build/Debug/RLottie.build/Objects-normal/arm64/82b82416624d2658e5098eb0a28c15c5-common-args.resp
    
    /Applications/Xcode.app/Contents/Developer/Toolchains/XcodeDefault.xctoolchain/usr/bin/clang -x c++ -ivfsstatcache /Users/buddhirajgautam/Library/Developer/Xcode/DerivedData/SDKStatCaches.noindex/macosx27.0-26A425-e829b21a6f8c9b70876ba0858053c0447231f6df4def33e022ae2eb8f782df1a.sdkstatcache -target arm64-apple-macos12.0 -fmessage-length\=0 -fdiagnostics-show-note-include-stack -fmacro-backtrace-limit\=0 -fno-color-diagnostics -fmodules-prune-interval\=86400 -fmodules-prune-after\=345600 -fbuild-session-file\=/Users/buddhirajgautam/Library/Developer/Xcode/DerivedData/ModuleCache.noindex/Session.modulevalidation -fmodules-validate-once-per-build-session -Wnon-modular-include-in-framework-module -Werror\=non-modular-include-in-framework-module -Wno-trigraphs -Wno-missing-field-initializers -Wno-missing-prototypes -Werror\=return-type -Wdocumentation -Wunreachable-code -Werror\=deprecated-objc-isa-usage -Werror\=objc-root-class -Wno-non-virtual-dtor -Wno-overloaded-virtual -Wno-exit-time-destructors -Wno-missing-braces -Wparentheses -Wswitch -Wunused-function -Wno-unused-label -Wno-unused-parameter -Wunused-variable -Wunused-value -Wempty-body -Wuninitialized -Wconditional-uninitialized -Wno-unknown-pragmas -Wno-shadow -Wno-four-char-constants -Wno-conversion -Wconstant-conversion -Wint-conversion -Wbool-conversion -Wenum-conversion -Wno-float-conversion -Wnon-literal-null-conversion -Wobjc-literal-conversion -Wshorten-64-to-32 -Wno-newline-eof -Wno-c++11-extensions -Wno-implicit-fallthrough -isysroot /Applications/Xcode.app/Contents/Developer/Platforms/MacOSX.platform/Developer/SDKs/MacOSX27.0.sdk -fstrict-aliasing -Wdeprecated-declarations -Winvalid-offsetof -Wno-sign-conversion -Winfinite-recursion -Wmove -Wcomma -Wblock-capture-autoreleasing -Wstrict-prototypes -Wrange-loop-analysis -Wno-semicolon-before-method-body -Wunguarded-availability -index-store-path /Users/buddhirajgautam/Library/Developer/Xcode/DerivedData/Telegram-Mac-fygdgghdgmuleoelvxabfmqiotta/Index.noindex/DataStore @/Users/buddhirajgautam/Library/Developer/Xcode/DerivedData/Telegram-Mac-fygdgghdgmuleoelvxabfmqiotta/Build/Intermediates.noindex/RLottie_Xcode.build/Debug/RLottie.build/Objects-normal/arm64/82b82416624d2658e5098eb0a28c15c5-common-args.resp -MMD -MT dependencies -MF /Users/buddhirajgautam/Library/Developer/Xcode/DerivedData/Telegram-Mac-fygdgghdgmuleoelvxabfmqiotta/Build/Intermediates.noindex/RLottie_Xcode.build/Debug/RLottie.build/Objects-normal/arm64/vdasher.d --serialize-diagnostics /Users/buddhirajgautam/Library/Developer/Xcode/DerivedData/Telegram-Mac-fygdgghdgmuleoelvxabfmqiotta/Build/Intermediates.noindex/RLottie_Xcode.build/Debug/RLottie.build/Objects-normal/arm64/vdasher.dia -c /Users/buddhirajgautam/Documents/Cherrygram-Mac/macOS-Swift/submodules/rlottie/src/vector/vdasher.cpp -o /Users/buddhirajgautam/Library/Developer/Xcode/DerivedData/Telegram-Mac-fygdgghdgmuleoelvxabfmqiotta/Build/Intermediates.noindex/RLottie_Xcode.build/Debug/RLottie.build/Objects-normal/arm64/vdasher.o -index-unit-output-path /RLottie_Xcode.build/Debug/RLottie.build/Objects-normal/arm64/vdasher.o

CompileC /Users/buddhirajgautam/Library/Developer/Xcode/DerivedData/Telegram-Mac-fygdgghdgmuleoelvxabfmqiotta/Build/Intermediates.noindex/RLottie_Xcode.build/Debug/RLottie.build/Objects-normal/arm64/vcompositionfunctions.o /Users/buddhirajgautam/Documents/Cherrygram-Mac/macOS-Swift/submodules/rlottie/src/vector/vcompositionfunctions.cpp normal arm64 c++ com.apple.compilers.llvm.clang.1_0.compiler (in target 'RLottie' from project 'RLottie_Xcode')
    cd /Users/buddhirajgautam/Documents/Cherrygram-Mac/macOS-Swift/submodules/RLottie_Xcode
    
    Using response file: /Users/buddhirajgautam/Library/Developer/Xcode/DerivedData/Telegram-Mac-fygdgghdgmuleoelvxabfmqiotta/Build/Intermediates.noindex/RLottie_Xcode.build/Debug/RLottie.build/Objects-normal/arm64/82b82416624d2658e5098eb0a28c15c5-common-args.resp
    
    /Applications/Xcode.app/Contents/Developer/Toolchains/XcodeDefault.xctoolchain/usr/bin/clang -x c++ -ivfsstatcache /Users/buddhirajgautam/Library/Developer/Xcode/DerivedData/SDKStatCaches.noindex/macosx27.0-26A425-e829b21a6f8c9b70876ba0858053c0447231f6df4def33e022ae2eb8f782df1a.sdkstatcache -target arm64-apple-macos12.0 -fmessage-length\=0 -fdiagnostics-show-note-include-stack -fmacro-backtrace-limit\=0 -fno-color-diagnostics -fmodules-prune-interval\=86400 -fmodules-prune-after\=345600 -fbuild-session-file\=/Users/buddhirajgautam/Library/Developer/Xcode/DerivedData/ModuleCache.noindex/Session.modulevalidation -fmodules-validate-once-per-build-session -Wnon-modular-include-in-framework-module -Werror\=non-modular-include-in-framework-module -Wno-trigraphs -Wno-missing-field-initializers -Wno-missing-prototypes -Werror\=return-type -Wdocumentation -Wunreachable-code -Werror\=deprecated-objc-isa-usage -Werror\=objc-root-class -Wno-non-virtual-dtor -Wno-overloaded-virtual -Wno-exit-time-destructors -Wno-missing-braces -Wparentheses -Wswitch -Wunused-function -Wno-unused-label -Wno-unused-parameter -Wunused-variable -Wunused-value -Wempty-body -Wuninitialized -Wconditional-uninitialized -Wno-unknown-pragmas -Wno-shadow -Wno-four-char-constants -Wno-conversion -Wconstant-conversion -Wint-conversion -Wbool-conversion -Wenum-conversion -Wno-float-conversion -Wnon-literal-null-conversion -Wobjc-literal-conversion -Wshorten-64-to-32 -Wno-newline-eof -Wno-c++11-extensions -Wno-implicit-fallthrough -isysroot /Applications/Xcode.app/Contents/Developer/Platforms/MacOSX.platform/Developer/SDKs/MacOSX27.0.sdk -fstrict-aliasing -Wdeprecated-declarations -Winvalid-offsetof -Wno-sign-conversion -Winfinite-recursion -Wmove -Wcomma -Wblock-capture-autoreleasing -Wstrict-prototypes -Wrange-loop-analysis -Wno-semicolon-before-method-body -Wunguarded-availability -index-store-path /Users/buddhirajgautam/Library/Developer/Xcode/DerivedData/Telegram-Mac-fygdgghdgmuleoelvxabfmqiotta/Index.noindex/DataStore @/Users/buddhirajgautam/Library/Developer/Xcode/DerivedData/Telegram-Mac-fygdgghdgmuleoelvxabfmqiotta/Build/Intermediates.noindex/RLottie_Xcode.build/Debug/RLottie.build/Objects-normal/arm64/82b82416624d2658e5098eb0a28c15c5-common-args.resp -MMD -MT dependencies -MF /Users/buddhirajgautam/Library/Developer/Xcode/DerivedData/Telegram-Mac-fygdgghdgmuleoelvxabfmqiotta/Build/Intermediates.noindex/RLottie_Xcode.build/Debug/RLottie.build/Objects-normal/arm64/vcompositionfunctions.d --serialize-diagnostics /Users/buddhirajgautam/Library/Developer/Xcode/DerivedData/Telegram-Mac-fygdgghdgmuleoelvxabfmqiotta/Build/Intermediates.noindex/RLottie_Xcode.build/Debug/RLottie.build/Objects-normal/arm64/vcompositionfunctions.dia -c /Users/buddhirajgautam/Documents/Cherrygram-Mac/macOS-Swift/submodules/rlottie/src/vector/vcompositionfunctions.cpp -o /Users/buddhirajgautam/Library/Developer/Xcode/DerivedData/Telegram-Mac-fygdgghdgmuleoelvxabfmqiotta/Build/Intermediates.noindex/RLottie_Xcode.build/Debug/RLottie.build/Objects-normal/arm64/vcompositionfunctions.o -index-unit-output-path /RLottie_Xcode.build/Debug/RLottie.build/Objects-normal/arm64/vcompositionfunctions.o

CompileC /Users/buddhirajgautam/Library/Developer/Xcode/DerivedData/Telegram-Mac-fygdgghdgmuleoelvxabfmqiotta/Build/Intermediates.noindex/RLottie_Xcode.build/Debug/RLottie.build/Objects-normal/arm64/vbrush.o /Users/buddhirajgautam/Documents/Cherrygram-Mac/macOS-Swift/submodules/rlottie/src/vector/vbrush.cpp normal arm64 c++ com.apple.compilers.llvm.clang.1_0.compiler (in target 'RLottie' from project 'RLottie_Xcode')
    cd /Users/buddhirajgautam/Documents/Cherrygram-Mac/macOS-Swift/submodules/RLottie_Xcode
    
    Using response file: /Users/buddhirajgautam/Library/Developer/Xcode/DerivedData/Telegram-Mac-fygdgghdgmuleoelvxabfmqiotta/Build/Intermediates.noindex/RLottie_Xcode.build/Debug/RLottie.build/Objects-normal/arm64/82b82416624d2658e5098eb0a28c15c5-common-args.resp
    
    /Applications/Xcode.app/Contents/Developer/Toolchains/XcodeDefault.xctoolchain/usr/bin/clang -x c++ -ivfsstatcache /Users/buddhirajgautam/Library/Developer/Xcode/DerivedData/SDKStatCaches.noindex/macosx27.0-26A425-e829b21a6f8c9b70876ba0858053c0447231f6df4def33e022ae2eb8f782df1a.sdkstatcache -target arm64-apple-macos12.0 -fmessage-length\=0 -fdiagnostics-show-note-include-stack -fmacro-backtrace-limit\=0 -fno-color-diagnostics -fmodules-prune-interval\=86400 -fmodules-prune-after\=345600 -fbuild-session-file\=/Users/buddhirajgautam/Library/Developer/Xcode/DerivedData/ModuleCache.noindex/Session.modulevalidation -fmodules-validate-once-per-build-session -Wnon-modular-include-in-framework-module -Werror\=non-modular-include-in-framework-module -Wno-trigraphs -Wno-missing-field-initializers -Wno-missing-prototypes -Werror\=return-type -Wdocumentation -Wunreachable-code -Werror\=deprecated-objc-isa-usage -Werror\=objc-root-class -Wno-non-virtual-dtor -Wno-overloaded-virtual -Wno-exit-time-destructors -Wno-missing-braces -Wparentheses -Wswitch -Wunused-function -Wno-unused-label -Wno-unused-parameter -Wunused-variable -Wunused-value -Wempty-body -Wuninitialized -Wconditional-uninitialized -Wno-unknown-pragmas -Wno-shadow -Wno-four-char-constants -Wno-conversion -Wconstant-conversion -Wint-conversion -Wbool-conversion -Wenum-conversion -Wno-float-conversion -Wnon-literal-null-conversion -Wobjc-literal-conversion -Wshorten-64-to-32 -Wno-newline-eof -Wno-c++11-extensions -Wno-implicit-fallthrough -isysroot /Applications/Xcode.app/Contents/Developer/Platforms/MacOSX.platform/Developer/SDKs/MacOSX27.0.sdk -fstrict-aliasing -Wdeprecated-declarations -Winvalid-offsetof -Wno-sign-conversion -Winfinite-recursion -Wmove -Wcomma -Wblock-capture-autoreleasing -Wstrict-prototypes -Wrange-loop-analysis -Wno-semicolon-before-method-body -Wunguarded-availability -index-store-path /Users/buddhirajgautam/Library/Developer/Xcode/DerivedData/Telegram-Mac-fygdgghdgmuleoelvxabfmqiotta/Index.noindex/DataStore @/Users/buddhirajgautam/Library/Developer/Xcode/DerivedData/Telegram-Mac-fygdgghdgmuleoelvxabfmqiotta/Build/Intermediates.noindex/RLottie_Xcode.build/Debug/RLottie.build/Objects-normal/arm64/82b82416624d2658e5098eb0a28c15c5-common-args.resp -MMD -MT dependencies -MF /Users/buddhirajgautam/Library/Developer/Xcode/DerivedData/Telegram-Mac-fygdgghdgmuleoelvxabfmqiotta/Build/Intermediates.noindex/RLottie_Xcode.build/Debug/RLottie.build/Objects-normal/arm64/vbrush.d --serialize-diagnostics /Users/buddhirajgautam/Library/Developer/Xcode/DerivedData/Telegram-Mac-fygdgghdgmuleoelvxabfmqiotta/Build/Intermediates.noindex/RLottie_Xcode.build/Debug/RLottie.build/Objects-normal/arm64/vbrush.dia -c /Users/buddhirajgautam/Documents/Cherrygram-Mac/macOS-Swift/submodules/rlottie/src/vector/vbrush.cpp -o /Users/buddhirajgautam/Library/Developer/Xcode/DerivedData/Telegram-Mac-fygdgghdgmuleoelvxabfmqiotta/Build/Intermediates.noindex/RLottie_Xcode.build/Debug/RLottie.build/Objects-normal/arm64/vbrush.o -index-unit-output-path /RLottie_Xcode.build/Debug/RLottie.build/Objects-normal/arm64/vbrush.o

CompileC /Users/buddhirajgautam/Library/Developer/Xcode/DerivedData/Telegram-Mac-fygdgghdgmuleoelvxabfmqiotta/Build/Intermediates.noindex/RLottie_Xcode.build/Debug/RLottie.build/Objects-normal/arm64/vbitmap.o /Users/buddhirajgautam/Documents/Cherrygram-Mac/macOS-Swift/submodules/rlottie/src/vector/vbitmap.cpp normal arm64 c++ com.apple.compilers.llvm.clang.1_0.compiler (in target 'RLottie' from project 'RLottie_Xcode')
    cd /Users/buddhirajgautam/Documents/Cherrygram-Mac/macOS-Swift/submodules/RLottie_Xcode
    
    Using response file: /Users/buddhirajgautam/Library/Developer/Xcode/DerivedData/Telegram-Mac-fygdgghdgmuleoelvxabfmqiotta/Build/Intermediates.noindex/RLottie_Xcode.build/Debug/RLottie.build/Objects-normal/arm64/82b82416624d2658e5098eb0a28c15c5-common-args.resp
    
    /Applications/Xcode.app/Contents/Developer/Toolchains/XcodeDefault.xctoolchain/usr/bin/clang -x c++ -ivfsstatcache /Users/buddhirajgautam/Library/Developer/Xcode/DerivedData/SDKStatCaches.noindex/macosx27.0-26A425-e829b21a6f8c9b70876ba0858053c0447231f6df4def33e022ae2eb8f782df1a.sdkstatcache -target arm64-apple-macos12.0 -fmessage-length\=0 -fdiagnostics-show-note-include-stack -fmacro-backtrace-limit\=0 -fno-color-diagnostics -fmodules-prune-interval\=86400 -fmodules-prune-after\=345600 -fbuild-session-file\=/Users/buddhirajgautam/Library/Developer/Xcode/DerivedData/ModuleCache.noindex/Session.modulevalidation -fmodules-validate-once-per-build-session -Wnon-modular-include-in-framework-module -Werror\=non-modular-include-in-framework-module -Wno-trigraphs -Wno-missing-field-initializers -Wno-missing-prototypes -Werror\=return-type -Wdocumentation -Wunreachable-code -Werror\=deprecated-objc-isa-usage -Werror\=objc-root-class -Wno-non-virtual-dtor -Wno-overloaded-virtual -Wno-exit-time-destructors -Wno-missing-braces -Wparentheses -Wswitch -Wunused-function -Wno-unused-label -Wno-unused-parameter -Wunused-variable -Wunused-value -Wempty-body -Wuninitialized -Wconditional-uninitialized -Wno-unknown-pragmas -Wno-shadow -Wno-four-char-constants -Wno-conversion -Wconstant-conversion -Wint-conversion -Wbool-conversion -Wenum-conversion -Wno-float-conversion -Wnon-literal-null-conversion -Wobjc-literal-conversion -Wshorten-64-to-32 -Wno-newline-eof -Wno-c++11-extensions -Wno-implicit-fallthrough -isysroot /Applications/Xcode.app/Contents/Developer/Platforms/MacOSX.platform/Developer/SDKs/MacOSX27.0.sdk -fstrict-aliasing -Wdeprecated-declarations -Winvalid-offsetof -Wno-sign-conversion -Winfinite-recursion -Wmove -Wcomma -Wblock-capture-autoreleasing -Wstrict-prototypes -Wrange-loop-analysis -Wno-semicolon-before-method-body -Wunguarded-availability -index-store-path /Users/buddhirajgautam/Library/Developer/Xcode/DerivedData/Telegram-Mac-fygdgghdgmuleoelvxabfmqiotta/Index.noindex/DataStore @/Users/buddhirajgautam/Library/Developer/Xcode/DerivedData/Telegram-Mac-fygdgghdgmuleoelvxabfmqiotta/Build/Intermediates.noindex/RLottie_Xcode.build/Debug/RLottie.build/Objects-normal/arm64/82b82416624d2658e5098eb0a28c15c5-common-args.resp -MMD -MT dependencies -MF /Users/buddhirajgautam/Library/Developer/Xcode/DerivedData/Telegram-Mac-fygdgghdgmuleoelvxabfmqiotta/Build/Intermediates.noindex/RLottie_Xcode.build/Debug/RLottie.build/Objects-normal/arm64/vbitmap.d --serialize-diagnostics /Users/buddhirajgautam/Library/Developer/Xcode/DerivedData/Telegram-Mac-fygdgghdgmuleoelvxabfmqiotta/Build/Intermediates.noindex/RLottie_Xcode.build/Debug/RLottie.build/Objects-normal/arm64/vbitmap.dia -c /Users/buddhirajgautam/Documents/Cherrygram-Mac/macOS-Swift/submodules/rlottie/src/vector/vbitmap.cpp -o /Users/buddhirajgautam/Library/Developer/Xcode/DerivedData/Telegram-Mac-fygdgghdgmuleoelvxabfmqiotta/Build/Intermediates.noindex/RLottie_Xcode.build/Debug/RLottie.build/Objects-normal/arm64/vbitmap.o -index-unit-output-path /RLottie_Xcode.build/Debug/RLottie.build/Objects-normal/arm64/vbitmap.o

CompileC /Users/buddhirajgautam/Library/Developer/Xcode/DerivedData/Telegram-Mac-fygdgghdgmuleoelvxabfmqiotta/Build/Intermediates.noindex/RLottie_Xcode.build/Debug/RLottie.build/Objects-normal/arm64/vbezier.o /Users/buddhirajgautam/Documents/Cherrygram-Mac/macOS-Swift/submodules/rlottie/src/vector/vbezier.cpp normal arm64 c++ com.apple.compilers.llvm.clang.1_0.compiler (in target 'RLottie' from project 'RLottie_Xcode')
    cd /Users/buddhirajgautam/Documents/Cherrygram-Mac/macOS-Swift/submodules/RLottie_Xcode
    
    Using response file: /Users/buddhirajgautam/Library/Developer/Xcode/DerivedData/Telegram-Mac-fygdgghdgmuleoelvxabfmqiotta/Build/Intermediates.noindex/RLottie_Xcode.build/Debug/RLottie.build/Objects-normal/arm64/82b82416624d2658e5098eb0a28c15c5-common-args.resp
    
    /Applications/Xcode.app/Contents/Developer/Toolchains/XcodeDefault.xctoolchain/usr/bin/clang -x c++ -ivfsstatcache /Users/buddhirajgautam/Library/Developer/Xcode/DerivedData/SDKStatCaches.noindex/macosx27.0-26A425-e829b21a6f8c9b70876ba0858053c0447231f6df4def33e022ae2eb8f782df1a.sdkstatcache -target arm64-apple-macos12.0 -fmessage-length\=0 -fdiagnostics-show-note-include-stack -fmacro-backtrace-limit\=0 -fno-color-diagnostics -fmodules-prune-interval\=86400 -fmodules-prune-after\=345600 -fbuild-session-file\=/Users/buddhirajgautam/Library/Developer/Xcode/DerivedData/ModuleCache.noindex/Session.modulevalidation -fmodules-validate-once-per-build-session -Wnon-modular-include-in-framework-module -Werror\=non-modular-include-in-framework-module -Wno-trigraphs -Wno-missing-field-initializers -Wno-missing-prototypes -Werror\=return-type -Wdocumentation -Wunreachable-code -Werror\=deprecated-objc-isa-usage -Werror\=objc-root-class -Wno-non-virtual-dtor -Wno-overloaded-virtual -Wno-exit-time-destructors -Wno-missing-braces -Wparentheses -Wswitch -Wunused-function -Wno-unused-label -Wno-unused-parameter -Wunused-variable -Wunused-value -Wempty-body -Wuninitialized -Wconditional-uninitialized -Wno-unknown-pragmas -Wno-shadow -Wno-four-char-constants -Wno-conversion -Wconstant-conversion -Wint-conversion -Wbool-conversion -Wenum-conversion -Wno-float-conversion -Wnon-literal-null-conversion -Wobjc-literal-conversion -Wshorten-64-to-32 -Wno-newline-eof -Wno-c++11-extensions -Wno-implicit-fallthrough -isysroot /Applications/Xcode.app/Contents/Developer/Platforms/MacOSX.platform/Developer/SDKs/MacOSX27.0.sdk -fstrict-aliasing -Wdeprecated-declarations -Winvalid-offsetof -Wno-sign-conversion -Winfinite-recursion -Wmove -Wcomma -Wblock-capture-autoreleasing -Wstrict-prototypes -Wrange-loop-analysis -Wno-semicolon-before-method-body -Wunguarded-availability -index-store-path /Users/buddhirajgautam/Library/Developer/Xcode/DerivedData/Telegram-Mac-fygdgghdgmuleoelvxabfmqiotta/Index.noindex/DataStore @/Users/buddhirajgautam/Library/Developer/Xcode/DerivedData/Telegram-Mac-fygdgghdgmuleoelvxabfmqiotta/Build/Intermediates.noindex/RLottie_Xcode.build/Debug/RLottie.build/Objects-normal/arm64/82b82416624d2658e5098eb0a28c15c5-common-args.resp -MMD -MT dependencies -MF /Users/buddhirajgautam/Library/Developer/Xcode/DerivedData/Telegram-Mac-fygdgghdgmuleoelvxabfmqiotta/Build/Intermediates.noindex/RLottie_Xcode.build/Debug/RLottie.build/Objects-normal/arm64/vbezier.d --serialize-diagnostics /Users/buddhirajgautam/Library/Developer/Xcode/DerivedData/Telegram-Mac-fygdgghdgmuleoelvxabfmqiotta/Build/Intermediates.noindex/RLottie_Xcode.build/Debug/RLottie.build/Objects-normal/arm64/vbezier.dia -c /Users/buddhirajgautam/Documents/Cherrygram-Mac/macOS-Swift/submodules/rlottie/src/vector/vbezier.cpp -o /Users/buddhirajgautam/Library/Developer/Xcode/DerivedData/Telegram-Mac-fygdgghdgmuleoelvxabfmqiotta/Build/Intermediates.noindex/RLottie_Xcode.build/Debug/RLottie.build/Objects-normal/arm64/vbezier.o -index-unit-output-path /RLottie_Xcode.build/Debug/RLottie.build/Objects-normal/arm64/vbezier.o

CompileC /Users/buddhirajgautam/Library/Developer/Xcode/DerivedData/Telegram-Mac-fygdgghdgmuleoelvxabfmqiotta/Build/Intermediates.noindex/RLottie_Xcode.build/Debug/RLottie.build/Objects-normal/arm64/v_ft_stroker.o /Users/buddhirajgautam/Documents/Cherrygram-Mac/macOS-Swift/submodules/rlottie/src/vector/freetype/v_ft_stroker.cpp normal arm64 c++ com.apple.compilers.llvm.clang.1_0.compiler (in target 'RLottie' from project 'RLottie_Xcode')
    cd /Users/buddhirajgautam/Documents/Cherrygram-Mac/macOS-Swift/submodules/RLottie_Xcode
    
    Using response file: /Users/buddhirajgautam/Library/Developer/Xcode/DerivedData/Telegram-Mac-fygdgghdgmuleoelvxabfmqiotta/Build/Intermediates.noindex/RLottie_Xcode.build/Debug/RLottie.build/Objects-normal/arm64/82b82416624d2658e5098eb0a28c15c5-common-args.resp
    
    /Applications/Xcode.app/Contents/Developer/Toolchains/XcodeDefault.xctoolchain/usr/bin/clang -x c++ -ivfsstatcache /Users/buddhirajgautam/Library/Developer/Xcode/DerivedData/SDKStatCaches.noindex/macosx27.0-26A425-e829b21a6f8c9b70876ba0858053c0447231f6df4def33e022ae2eb8f782df1a.sdkstatcache -target arm64-apple-macos12.0 -fmessage-length\=0 -fdiagnostics-show-note-include-stack -fmacro-backtrace-limit\=0 -fno-color-diagnostics -fmodules-prune-interval\=86400 -fmodules-prune-after\=345600 -fbuild-session-file\=/Users/buddhirajgautam/Library/Developer/Xcode/DerivedData/ModuleCache.noindex/Session.modulevalidation -fmodules-validate-once-per-build-session -Wnon-modular-include-in-framework-module -Werror\=non-modular-include-in-framework-module -Wno-trigraphs -Wno-missing-field-initializers -Wno-missing-prototypes -Werror\=return-type -Wdocumentation -Wunreachable-code -Werror\=deprecated-objc-isa-usage -Werror\=objc-root-class -Wno-non-virtual-dtor -Wno-overloaded-virtual -Wno-exit-time-destructors -Wno-missing-braces -Wparentheses -Wswitch -Wunused-function -Wno-unused-label -Wno-unused-parameter -Wunused-variable -Wunused-value -Wempty-body -Wuninitialized -Wconditional-uninitialized -Wno-unknown-pragmas -Wno-shadow -Wno-four-char-constants -Wno-conversion -Wconstant-conversion -Wint-conversion -Wbool-conversion -Wenum-conversion -Wno-float-conversion -Wnon-literal-null-conversion -Wobjc-literal-conversion -Wshorten-64-to-32 -Wno-newline-eof -Wno-c++11-extensions -Wno-implicit-fallthrough -isysroot /Applications/Xcode.app/Contents/Developer/Platforms/MacOSX.platform/Developer/SDKs/MacOSX27.0.sdk -fstrict-aliasing -Wdeprecated-declarations -Winvalid-offsetof -Wno-sign-conversion -Winfinite-recursion -Wmove -Wcomma -Wblock-capture-autoreleasing -Wstrict-prototypes -Wrange-loop-analysis -Wno-semicolon-before-method-body -Wunguarded-availability -index-store-path /Users/buddhirajgautam/Library/Developer/Xcode/DerivedData/Telegram-Mac-fygdgghdgmuleoelvxabfmqiotta/Index.noindex/DataStore @/Users/buddhirajgautam/Library/Developer/Xcode/DerivedData/Telegram-Mac-fygdgghdgmuleoelvxabfmqiotta/Build/Intermediates.noindex/RLottie_Xcode.build/Debug/RLottie.build/Objects-normal/arm64/82b82416624d2658e5098eb0a28c15c5-common-args.resp -MMD -MT dependencies -MF /Users/buddhirajgautam/Library/Developer/Xcode/DerivedData/Telegram-Mac-fygdgghdgmuleoelvxabfmqiotta/Build/Intermediates.noindex/RLottie_Xcode.build/Debug/RLottie.build/Objects-normal/arm64/v_ft_stroker.d --serialize-diagnostics /Users/buddhirajgautam/Library/Developer/Xcode/DerivedData/Telegram-Mac-fygdgghdgmuleoelvxabfmqiotta/Build/Intermediates.noindex/RLottie_Xcode.build/Debug/RLottie.build/Objects-normal/arm64/v_ft_stroker.dia -c /Users/buddhirajgautam/Documents/Cherrygram-Mac/macOS-Swift/submodules/rlottie/src/vector/freetype/v_ft_stroker.cpp -o /Users/buddhirajgautam/Library/Developer/Xcode/DerivedData/Telegram-Mac-fygdgghdgmuleoelvxabfmqiotta/Build/Intermediates.noindex/RLottie_Xcode.build/Debug/RLottie.build/Objects-normal/arm64/v_ft_stroker.o -index-unit-output-path /RLottie_Xcode.build/Debug/RLottie.build/Objects-normal/arm64/v_ft_stroker.o

CompileC /Users/buddhirajgautam/Library/Developer/Xcode/DerivedData/Telegram-Mac-fygdgghdgmuleoelvxabfmqiotta/Build/Intermediates.noindex/RLottie_Xcode.build/Debug/RLottie.build/Objects-normal/arm64/v_ft_raster.o /Users/buddhirajgautam/Documents/Cherrygram-Mac/macOS-Swift/submodules/rlottie/src/vector/freetype/v_ft_raster.cpp normal arm64 c++ com.apple.compilers.llvm.clang.1_0.compiler (in target 'RLottie' from project 'RLottie_Xcode')
    cd /Users/buddhirajgautam/Documents/Cherrygram-Mac/macOS-Swift/submodules/RLottie_Xcode
    
    Using response file: /Users/buddhirajgautam/Library/Developer/Xcode/DerivedData/Telegram-Mac-fygdgghdgmuleoelvxabfmqiotta/Build/Intermediates.noindex/RLottie_Xcode.build/Debug/RLottie.build/Objects-normal/arm64/82b82416624d2658e5098eb0a28c15c5-common-args.resp
    
    /Applications/Xcode.app/Contents/Developer/Toolchains/XcodeDefault.xctoolchain/usr/bin/clang -x c++ -ivfsstatcache /Users/buddhirajgautam/Library/Developer/Xcode/DerivedData/SDKStatCaches.noindex/macosx27.0-26A425-e829b21a6f8c9b70876ba0858053c0447231f6df4def33e022ae2eb8f782df1a.sdkstatcache -target arm64-apple-macos12.0 -fmessage-length\=0 -fdiagnostics-show-note-include-stack -fmacro-backtrace-limit\=0 -fno-color-diagnostics -fmodules-prune-interval\=86400 -fmodules-prune-after\=345600 -fbuild-session-file\=/Users/buddhirajgautam/Library/Developer/Xcode/DerivedData/ModuleCache.noindex/Session.modulevalidation -fmodules-validate-once-per-build-session -Wnon-modular-include-in-framework-module -Werror\=non-modular-include-in-framework-module -Wno-trigraphs -Wno-missing-field-initializers -Wno-missing-prototypes -Werror\=return-type -Wdocumentation -Wunreachable-code -Werror\=deprecated-objc-isa-usage -Werror\=objc-root-class -Wno-non-virtual-dtor -Wno-overloaded-virtual -Wno-exit-time-destructors -Wno-missing-braces -Wparentheses -Wswitch -Wunused-function -Wno-unused-label -Wno-unused-parameter -Wunused-variable -Wunused-value -Wempty-body -Wuninitialized -Wconditional-uninitialized -Wno-unknown-pragmas -Wno-shadow -Wno-four-char-constants -Wno-conversion -Wconstant-conversion -Wint-conversion -Wbool-conversion -Wenum-conversion -Wno-float-conversion -Wnon-literal-null-conversion -Wobjc-literal-conversion -Wshorten-64-to-32 -Wno-newline-eof -Wno-c++11-extensions -Wno-implicit-fallthrough -isysroot /Applications/Xcode.app/Contents/Developer/Platforms/MacOSX.platform/Developer/SDKs/MacOSX27.0.sdk -fstrict-aliasing -Wdeprecated-declarations -Winvalid-offsetof -Wno-sign-conversion -Winfinite-recursion -Wmove -Wcomma -Wblock-capture-autoreleasing -Wstrict-prototypes -Wrange-loop-analysis -Wno-semicolon-before-method-body -Wunguarded-availability -index-store-path /Users/buddhirajgautam/Library/Developer/Xcode/DerivedData/Telegram-Mac-fygdgghdgmuleoelvxabfmqiotta/Index.noindex/DataStore @/Users/buddhirajgautam/Library/Developer/Xcode/DerivedData/Telegram-Mac-fygdgghdgmuleoelvxabfmqiotta/Build/Intermediates.noindex/RLottie_Xcode.build/Debug/RLottie.build/Objects-normal/arm64/82b82416624d2658e5098eb0a28c15c5-common-args.resp -MMD -MT dependencies -MF /Users/buddhirajgautam/Library/Developer/Xcode/DerivedData/Telegram-Mac-fygdgghdgmuleoelvxabfmqiotta/Build/Intermediates.noindex/RLottie_Xcode.build/Debug/RLottie.build/Objects-normal/arm64/v_ft_raster.d --serialize-diagnostics /Users/buddhirajgautam/Library/Developer/Xcode/DerivedData/Telegram-Mac-fygdgghdgmuleoelvxabfmqiotta/Build/Intermediates.noindex/RLottie_Xcode.build/Debug/RLottie.build/Objects-normal/arm64/v_ft_raster.dia -c /Users/buddhirajgautam/Documents/Cherrygram-Mac/macOS-Swift/submodules/rlottie/src/vector/freetype/v_ft_raster.cpp -o /Users/buddhirajgautam/Library/Developer/Xcode/DerivedData/Telegram-Mac-fygdgghdgmuleoelvxabfmqiotta/Build/Intermediates.noindex/RLottie_Xcode.build/Debug/RLottie.build/Objects-normal/arm64/v_ft_raster.o -index-unit-output-path /RLottie_Xcode.build/Debug/RLottie.build/Objects-normal/arm64/v_ft_raster.o
/Users/buddhirajgautam/Documents/Cherrygram-Mac/macOS-Swift/submodules/rlottie/src/vector/freetype/v_ft_raster.cpp:574:31: warning: implicit conversion loses integer precision: 'TPos' (aka 'long') to 'TArea' (aka 'int') [-Wshorten-64-to-32]
  574 |         TArea prod = dx * fy1 - dy * fx1;
      |               ~~~~   ~~~~~~~~~^~~~~~~~~~
/Users/buddhirajgautam/Documents/Cherrygram-Mac/macOS-Swift/submodules/rlottie/src/vector/freetype/v_ft_raster.cpp:937:50: warning: implicit conversion loses integer precision: 'TCoord' (aka 'long') to 'int' [-Wshorten-64-to-32]
  937 |         if (x < ras.bound_left) ras.bound_left = x;
      |                                                ~ ^
/Users/buddhirajgautam/Documents/Cherrygram-Mac/macOS-Swift/submodules/rlottie/src/vector/freetype/v_ft_raster.cpp:938:48: warning: implicit conversion loses integer precision: 'TCoord' (aka 'long') to 'int' [-Wshorten-64-to-32]
  938 |         if (y < ras.bound_top) ras.bound_top = y;
      |                                              ~ ^
/Users/buddhirajgautam/Documents/Cherrygram-Mac/macOS-Swift/submodules/rlottie/src/vector/freetype/v_ft_raster.cpp:939:54: warning: implicit conversion loses integer precision: 'TCoord' (aka 'long') to 'int' [-Wshorten-64-to-32]
  939 |         if (y > ras.bound_bottom) ras.bound_bottom = y;
      |                                                    ~ ^
/Users/buddhirajgautam/Documents/Cherrygram-Mac/macOS-Swift/submodules/rlottie/src/vector/freetype/v_ft_raster.cpp:940:63: warning: implicit conversion loses integer precision: 'TCoord' (aka 'long') to 'int' [-Wshorten-64-to-32]
  940 |         if (x + acount > ras.bound_right) ras.bound_right = x + acount;
      |                                                           ~ ~~^~~~~~~~
/Users/buddhirajgautam/Documents/Cherrygram-Mac/macOS-Swift/submodules/rlottie/src/vector/freetype/v_ft_raster.cpp:1304:33: warning: increment of object of volatile-qualified type 'volatile int' is deprecated [-Wdeprecated-volatile]
 1304 |     for (n = 0; n < num_bands; n++, min = max) {
      |                                 ^
/Users/buddhirajgautam/Documents/Cherrygram-Mac/macOS-Swift/submodules/rlottie/src/vector/freetype/v_ft_raster.cpp:1352:21: warning: decrement of object of volatile-qualified type 'gray_TBand *volatile' (aka 'gray_TBand_ *volatile') is deprecated [-Wdeprecated-volatile]
 1352 |                 band--;
      |                     ^
/Users/buddhirajgautam/Documents/Cherrygram-Mac/macOS-Swift/submodules/rlottie/src/vector/freetype/v_ft_raster.cpp:1375:17: warning: increment of object of volatile-qualified type 'gray_TBand *volatile' (aka 'gray_TBand_ *volatile') is deprecated [-Wdeprecated-volatile]
 1375 |             band++;
      |                 ^
/Users/buddhirajgautam/Documents/Cherrygram-Mac/macOS-Swift/submodules/rlottie/src/vector/freetype/v_ft_raster.cpp:1304:37: warning: use of result of assignment to object of volatile-qualified type 'volatile TPos' (aka 'volatile long') is deprecated [-Wdeprecated-volatile]
 1304 |     for (n = 0; n < num_bands; n++, min = max) {
      |                                     ^
9 warnings generated.

CompileC /Users/buddhirajgautam/Library/Developer/Xcode/DerivedData/Telegram-Mac-fygdgghdgmuleoelvxabfmqiotta/Build/Intermediates.noindex/RLottie_Xcode.build/Debug/RLottie.build/Objects-normal/arm64/v_ft_math.o /Users/buddhirajgautam/Documents/Cherrygram-Mac/macOS-Swift/submodules/rlottie/src/vector/freetype/v_ft_math.cpp normal arm64 c++ com.apple.compilers.llvm.clang.1_0.compiler (in target 'RLottie' from project 'RLottie_Xcode')
    cd /Users/buddhirajgautam/Documents/Cherrygram-Mac/macOS-Swift/submodules/RLottie_Xcode
    
    Using response file: /Users/buddhirajgautam/Library/Developer/Xcode/DerivedData/Telegram-Mac-fygdgghdgmuleoelvxabfmqiotta/Build/Intermediates.noindex/RLottie_Xcode.build/Debug/RLottie.build/Objects-normal/arm64/82b82416624d2658e5098eb0a28c15c5-common-args.resp
    
    /Applications/Xcode.app/Contents/Developer/Toolchains/XcodeDefault.xctoolchain/usr/bin/clang -x c++ -ivfsstatcache /Users/buddhirajgautam/Library/Developer/Xcode/DerivedData/SDKStatCaches.noindex/macosx27.0-26A425-e829b21a6f8c9b70876ba0858053c0447231f6df4def33e022ae2eb8f782df1a.sdkstatcache -target arm64-apple-macos12.0 -fmessage-length\=0 -fdiagnostics-show-note-include-stack -fmacro-backtrace-limit\=0 -fno-color-diagnostics -fmodules-prune-interval\=86400 -fmodules-prune-after\=345600 -fbuild-session-file\=/Users/buddhirajgautam/Library/Developer/Xcode/DerivedData/ModuleCache.noindex/Session.modulevalidation -fmodules-validate-once-per-build-session -Wnon-modular-include-in-framework-module -Werror\=non-modular-include-in-framework-module -Wno-trigraphs -Wno-missing-field-initializers -Wno-missing-prototypes -Werror\=return-type -Wdocumentation -Wunreachable-code -Werror\=deprecated-objc-isa-usage -Werror\=objc-root-class -Wno-non-virtual-dtor -Wno-overloaded-virtual -Wno-exit-time-destructors -Wno-missing-braces -Wparentheses -Wswitch -Wunused-function -Wno-unused-label -Wno-unused-parameter -Wunused-variable -Wunused-value -Wempty-body -Wuninitialized -Wconditional-uninitialized -Wno-unknown-pragmas -Wno-shadow -Wno-four-char-constants -Wno-conversion -Wconstant-conversion -Wint-conversion -Wbool-conversion -Wenum-conversion -Wno-float-conversion -Wnon-literal-null-conversion -Wobjc-literal-conversion -Wshorten-64-to-32 -Wno-newline-eof -Wno-c++11-extensions -Wno-implicit-fallthrough -isysroot /Applications/Xcode.app/Contents/Developer/Platforms/MacOSX.platform/Developer/SDKs/MacOSX27.0.sdk -fstrict-aliasing -Wdeprecated-declarations -Winvalid-offsetof -Wno-sign-conversion -Winfinite-recursion -Wmove -Wcomma -Wblock-capture-autoreleasing -Wstrict-prototypes -Wrange-loop-analysis -Wno-semicolon-before-method-body -Wunguarded-availability -index-store-path /Users/buddhirajgautam/Library/Developer/Xcode/DerivedData/Telegram-Mac-fygdgghdgmuleoelvxabfmqiotta/Index.noindex/DataStore @/Users/buddhirajgautam/Library/Developer/Xcode/DerivedData/Telegram-Mac-fygdgghdgmuleoelvxabfmqiotta/Build/Intermediates.noindex/RLottie_Xcode.build/Debug/RLottie.build/Objects-normal/arm64/82b82416624d2658e5098eb0a28c15c5-common-args.resp -MMD -MT dependencies -MF /Users/buddhirajgautam/Library/Developer/Xcode/DerivedData/Telegram-Mac-fygdgghdgmuleoelvxabfmqiotta/Build/Intermediates.noindex/RLottie_Xcode.build/Debug/RLottie.build/Objects-normal/arm64/v_ft_math.d --serialize-diagnostics /Users/buddhirajgautam/Library/Developer/Xcode/DerivedData/Telegram-Mac-fygdgghdgmuleoelvxabfmqiotta/Build/Intermediates.noindex/RLottie_Xcode.build/Debug/RLottie.build/Objects-normal/arm64/v_ft_math.dia -c /Users/buddhirajgautam/Documents/Cherrygram-Mac/macOS-Swift/submodules/rlottie/src/vector/freetype/v_ft_math.cpp -o /Users/buddhirajgautam/Library/Developer/Xcode/DerivedData/Telegram-Mac-fygdgghdgmuleoelvxabfmqiotta/Build/Intermediates.noindex/RLottie_Xcode.build/Debug/RLottie.build/Objects-normal/arm64/v_ft_math.o -index-unit-output-path /RLottie_Xcode.build/Debug/RLottie.build/Objects-normal/arm64/v_ft_math.o
/Users/buddhirajgautam/Documents/Cherrygram-Mac/macOS-Swift/submodules/rlottie/src/vector/freetype/v_ft_math.cpp:165:36: warning: implicit conversion loses integer precision: 'SW_FT_Pos' (aka 'long') to 'unsigned int' [-Wshorten-64-to-32]
  165 |     shift = SW_FT_MSB(SW_FT_ABS(x) | SW_FT_ABS(y));
      |             ~~~~~~~~~~~~~~~~~~~~~~~^~~~~~~~~~~~~~~
/Users/buddhirajgautam/Documents/Cherrygram-Mac/macOS-Swift/submodules/rlottie/src/vector/freetype/v_ft_math.cpp:35:43: note: expanded from macro 'SW_FT_MSB'
   35 | #define SW_FT_MSB(x)  (31 - __builtin_clz(x))
      |                             ~~~~~~~~~~~~~ ^
1 warning generated.

CompileC /Users/buddhirajgautam/Library/Developer/Xcode/DerivedData/Telegram-Mac-fygdgghdgmuleoelvxabfmqiotta/Build/Intermediates.noindex/RLottie_Xcode.build/Debug/RLottie.build/Objects-normal/arm64/stb_image.o /Users/buddhirajgautam/Documents/Cherrygram-Mac/macOS-Swift/submodules/rlottie/src/vector/stb/stb_image.cpp normal arm64 c++ com.apple.compilers.llvm.clang.1_0.compiler (in target 'RLottie' from project 'RLottie_Xcode')
    cd /Users/buddhirajgautam/Documents/Cherrygram-Mac/macOS-Swift/submodules/RLottie_Xcode
    
    Using response file: /Users/buddhirajgautam/Library/Developer/Xcode/DerivedData/Telegram-Mac-fygdgghdgmuleoelvxabfmqiotta/Build/Intermediates.noindex/RLottie_Xcode.build/Debug/RLottie.build/Objects-normal/arm64/82b82416624d2658e5098eb0a28c15c5-common-args.resp
    
    /Applications/Xcode.app/Contents/Developer/Toolchains/XcodeDefault.xctoolchain/usr/bin/clang -x c++ -ivfsstatcache /Users/buddhirajgautam/Library/Developer/Xcode/DerivedData/SDKStatCaches.noindex/macosx27.0-26A425-e829b21a6f8c9b70876ba0858053c0447231f6df4def33e022ae2eb8f782df1a.sdkstatcache -target arm64-apple-macos12.0 -fmessage-length\=0 -fdiagnostics-show-note-include-stack -fmacro-backtrace-limit\=0 -fno-color-diagnostics -fmodules-prune-interval\=86400 -fmodules-prune-after\=345600 -fbuild-session-file\=/Users/buddhirajgautam/Library/Developer/Xcode/DerivedData/ModuleCache.noindex/Session.modulevalidation -fmodules-validate-once-per-build-session -Wnon-modular-include-in-framework-module -Werror\=non-modular-include-in-framework-module -Wno-trigraphs -Wno-missing-field-initializers -Wno-missing-prototypes -Werror\=return-type -Wdocumentation -Wunreachable-code -Werror\=deprecated-objc-isa-usage -Werror\=objc-root-class -Wno-non-virtual-dtor -Wno-overloaded-virtual -Wno-exit-time-destructors -Wno-missing-braces -Wparentheses -Wswitch -Wunused-function -Wno-unused-label -Wno-unused-parameter -Wunused-variable -Wunused-value -Wempty-body -Wuninitialized -Wconditional-uninitialized -Wno-unknown-pragmas -Wno-shadow -Wno-four-char-constants -Wno-conversion -Wconstant-conversion -Wint-conversion -Wbool-conversion -Wenum-conversion -Wno-float-conversion -Wnon-literal-null-conversion -Wobjc-literal-conversion -Wshorten-64-to-32 -Wno-newline-eof -Wno-c++11-extensions -Wno-implicit-fallthrough -isysroot /Applications/Xcode.app/Contents/Developer/Platforms/MacOSX.platform/Developer/SDKs/MacOSX27.0.sdk -fstrict-aliasing -Wdeprecated-declarations -Winvalid-offsetof -Wno-sign-conversion -Winfinite-recursion -Wmove -Wcomma -Wblock-capture-autoreleasing -Wstrict-prototypes -Wrange-loop-analysis -Wno-semicolon-before-method-body -Wunguarded-availability -index-store-path /Users/buddhirajgautam/Library/Developer/Xcode/DerivedData/Telegram-Mac-fygdgghdgmuleoelvxabfmqiotta/Index.noindex/DataStore @/Users/buddhirajgautam/Library/Developer/Xcode/DerivedData/Telegram-Mac-fygdgghdgmuleoelvxabfmqiotta/Build/Intermediates.noindex/RLottie_Xcode.build/Debug/RLottie.build/Objects-normal/arm64/82b82416624d2658e5098eb0a28c15c5-common-args.resp -MMD -MT dependencies -MF /Users/buddhirajgautam/Library/Developer/Xcode/DerivedData/Telegram-Mac-fygdgghdgmuleoelvxabfmqiotta/Build/Intermediates.noindex/RLottie_Xcode.build/Debug/RLottie.build/Objects-normal/arm64/stb_image.d --serialize-diagnostics /Users/buddhirajgautam/Library/Developer/Xcode/DerivedData/Telegram-Mac-fygdgghdgmuleoelvxabfmqiotta/Build/Intermediates.noindex/RLottie_Xcode.build/Debug/RLottie.build/Objects-normal/arm64/stb_image.dia -c /Users/buddhirajgautam/Documents/Cherrygram-Mac/macOS-Swift/submodules/rlottie/src/vector/stb/stb_image.cpp -o /Users/buddhirajgautam/Library/Developer/Xcode/DerivedData/Telegram-Mac-fygdgghdgmuleoelvxabfmqiotta/Build/Intermediates.noindex/RLottie_Xcode.build/Debug/RLottie.build/Objects-normal/arm64/stb_image.o -index-unit-output-path /RLottie_Xcode.build/Debug/RLottie.build/Objects-normal/arm64/stb_image.o
In file included from /Users/buddhirajgautam/Documents/Cherrygram-Mac/macOS-Swift/submodules/rlottie/src/vector/stb/stb_image.cpp:14:
/Users/buddhirajgautam/Documents/Cherrygram-Mac/macOS-Swift/submodules/rlottie/src/vector/stb/stb_image.h:1544:42: warning: possible misuse of comma operator here [-Wcomma]
 1544 |          STBI__CASE(1,2) { dest[0]=src[0], dest[1]=255;                                     } break;
      |                                          ^
/Users/buddhirajgautam/Documents/Cherrygram-Mac/macOS-Swift/submodules/rlottie/src/vector/stb/stb_image.h:1544:28: note: cast expression to void to silence warning
 1544 |          STBI__CASE(1,2) { dest[0]=src[0], dest[1]=255;                                     } break;
      |                            ^~~~~~~~~~~~~~
      |                            static_cast<void>( )
/Users/buddhirajgautam/Documents/Cherrygram-Mac/macOS-Swift/submodules/rlottie/src/vector/stb/stb_image.h:1546:58: warning: possible misuse of comma operator here [-Wcomma]
 1546 |          STBI__CASE(1,4) { dest[0]=dest[1]=dest[2]=src[0], dest[3]=255;                     } break;
      |                                                          ^
/Users/buddhirajgautam/Documents/Cherrygram-Mac/macOS-Swift/submodules/rlottie/src/vector/stb/stb_image.h:1546:28: note: cast expression to void to silence warning
 1546 |          STBI__CASE(1,4) { dest[0]=dest[1]=dest[2]=src[0], dest[3]=255;                     } break;
      |                            ^~~~~~~~~~~~~~~~~~~~~~~~~~~~~~
      |                            static_cast<void>(            )
/Users/buddhirajgautam/Documents/Cherrygram-Mac/macOS-Swift/submodules/rlottie/src/vector/stb/stb_image.h:1549:58: warning: possible misuse of comma operator here [-Wcomma]
 1549 |          STBI__CASE(2,4) { dest[0]=dest[1]=dest[2]=src[0], dest[3]=src[1];                  } break;
      |                                                          ^
/Users/buddhirajgautam/Documents/Cherrygram-Mac/macOS-Swift/submodules/rlottie/src/vector/stb/stb_image.h:1549:28: note: cast expression to void to silence warning
 1549 |          STBI__CASE(2,4) { dest[0]=dest[1]=dest[2]=src[0], dest[3]=src[1];                  } break;
      |                            ^~~~~~~~~~~~~~~~~~~~~~~~~~~~~~
      |                            static_cast<void>(            )
/Users/buddhirajgautam/Documents/Cherrygram-Mac/macOS-Swift/submodules/rlottie/src/vector/stb/stb_image.h:1550:42: warning: possible misuse of comma operator here [-Wcomma]
 1550 |          STBI__CASE(3,4) { dest[0]=src[0],dest[1]=src[1],dest[2]=src[2],dest[3]=255;        } break;
      |                                          ^
/Users/buddhirajgautam/Documents/Cherrygram-Mac/macOS-Swift/submodules/rlottie/src/vector/stb/stb_image.h:1550:28: note: cast expression to void to silence warning
 1550 |          STBI__CASE(3,4) { dest[0]=src[0],dest[1]=src[1],dest[2]=src[2],dest[3]=255;        } break;
      |                            ^~~~~~~~~~~~~~
      |                            static_cast<void>( )
/Users/buddhirajgautam/Documents/Cherrygram-Mac/macOS-Swift/submodules/rlottie/src/vector/stb/stb_image.h:1550:57: warning: possible misuse of comma operator here [-Wcomma]
 1550 |          STBI__CASE(3,4) { dest[0]=src[0],dest[1]=src[1],dest[2]=src[2],dest[3]=255;        } break;
      |                                                         ^
/Users/buddhirajgautam/Documents/Cherrygram-Mac/macOS-Swift/submodules/rlottie/src/vector/stb/stb_image.h:1550:43: note: cast expression to void to silence warning
 1550 |          STBI__CASE(3,4) { dest[0]=src[0],dest[1]=src[1],dest[2]=src[2],dest[3]=255;        } break;
      |                                           ^~~~~~~~~~~~~~
      |                                           static_cast<void>( )
/Users/buddhirajgautam/Documents/Cherrygram-Mac/macOS-Swift/submodules/rlottie/src/vector/stb/stb_image.h:1550:72: warning: possible misuse of comma operator here [-Wcomma]
 1550 |          STBI__CASE(3,4) { dest[0]=src[0],dest[1]=src[1],dest[2]=src[2],dest[3]=255;        } break;
      |                                                                        ^
/Users/buddhirajgautam/Documents/Cherrygram-Mac/macOS-Swift/submodules/rlottie/src/vector/stb/stb_image.h:1550:58: note: cast expression to void to silence warning
 1550 |          STBI__CASE(3,4) { dest[0]=src[0],dest[1]=src[1],dest[2]=src[2],dest[3]=255;        } break;
      |                                                          ^~~~~~~~~~~~~~
      |                                                          static_cast<void>( )
/Users/buddhirajgautam/Documents/Cherrygram-Mac/macOS-Swift/submodules/rlottie/src/vector/stb/stb_image.h:1552:73: warning: possible misuse of comma operator here [-Wcomma]
 1552 |          STBI__CASE(3,2) { dest[0]=stbi__compute_y(src[0],src[1],src[2]), dest[1] = 255;    } break;
      |                                                                         ^
/Users/buddhirajgautam/Documents/Cherrygram-Mac/macOS-Swift/submodules/rlottie/src/vector/stb/stb_image.h:1552:28: note: cast expression to void to silence warning
 1552 |          STBI__CASE(3,2) { dest[0]=stbi__compute_y(src[0],src[1],src[2]), dest[1] = 255;    } break;
      |                            ^~~~~~~~~~~~~~~~~~~~~~~~~~~~~~~~~~~~~~~~~~~~~
      |                            static_cast<void>(                           )
/Users/buddhirajgautam/Documents/Cherrygram-Mac/macOS-Swift/submodules/rlottie/src/vector/stb/stb_image.h:1554:73: warning: possible misuse of comma operator here [-Wcomma]
 1554 |          STBI__CASE(4,2) { dest[0]=stbi__compute_y(src[0],src[1],src[2]), dest[1] = src[3]; } break;
      |                                                                         ^
/Users/buddhirajgautam/Documents/Cherrygram-Mac/macOS-Swift/submodules/rlottie/src/vector/stb/stb_image.h:1554:28: note: cast expression to void to silence warning
 1554 |          STBI__CASE(4,2) { dest[0]=stbi__compute_y(src[0],src[1],src[2]), dest[1] = src[3]; } break;
      |                            ^~~~~~~~~~~~~~~~~~~~~~~~~~~~~~~~~~~~~~~~~~~~~
      |                            static_cast<void>(                           )
/Users/buddhirajgautam/Documents/Cherrygram-Mac/macOS-Swift/submodules/rlottie/src/vector/stb/stb_image.h:1555:42: warning: possible misuse of comma operator here [-Wcomma]
 1555 |          STBI__CASE(4,3) { dest[0]=src[0],dest[1]=src[1],dest[2]=src[2];                    } break;
      |                                          ^
/Users/buddhirajgautam/Documents/Cherrygram-Mac/macOS-Swift/submodules/rlottie/src/vector/stb/stb_image.h:1555:28: note: cast expression to void to silence warning
 1555 |          STBI__CASE(4,3) { dest[0]=src[0],dest[1]=src[1],dest[2]=src[2];                    } break;
      |                            ^~~~~~~~~~~~~~
      |                            static_cast<void>( )
/Users/buddhirajgautam/Documents/Cherrygram-Mac/macOS-Swift/submodules/rlottie/src/vector/stb/stb_image.h:1555:57: warning: possible misuse of comma operator here [-Wcomma]
 1555 |          STBI__CASE(4,3) { dest[0]=src[0],dest[1]=src[1],dest[2]=src[2];                    } break;
      |                                                         ^
/Users/buddhirajgautam/Documents/Cherrygram-Mac/macOS-Swift/submodules/rlottie/src/vector/stb/stb_image.h:1555:43: note: cast expression to void to silence warning
 1555 |          STBI__CASE(4,3) { dest[0]=src[0],dest[1]=src[1],dest[2]=src[2];                    } break;
      |                                           ^~~~~~~~~~~~~~
      |                                           static_cast<void>( )
/Users/buddhirajgautam/Documents/Cherrygram-Mac/macOS-Swift/submodules/rlottie/src/vector/stb/stb_image.h:1593:42: warning: possible misuse of comma operator here [-Wcomma]
 1593 |          STBI__CASE(1,2) { dest[0]=src[0], dest[1]=0xffff;                                     } break;
      |                                          ^
/Users/buddhirajgautam/Documents/Cherrygram-Mac/macOS-Swift/submodules/rlottie/src/vector/stb/stb_image.h:1593:28: note: cast expression to void to silence warning
 1593 |          STBI__CASE(1,2) { dest[0]=src[0], dest[1]=0xffff;                                     } break;
      |                            ^~~~~~~~~~~~~~
      |                            static_cast<void>( )
/Users/buddhirajgautam/Documents/Cherrygram-Mac/macOS-Swift/submodules/rlottie/src/vector/stb/stb_image.h:1595:58: warning: possible misuse of comma operator here [-Wcomma]
 1595 |          STBI__CASE(1,4) { dest[0]=dest[1]=dest[2]=src[0], dest[3]=0xffff;                     } break;
      |                                                          ^
/Users/buddhirajgautam/Documents/Cherrygram-Mac/macOS-Swift/submodules/rlottie/src/vector/stb/stb_image.h:1595:28: note: cast expression to void to silence warning
 1595 |          STBI__CASE(1,4) { dest[0]=dest[1]=dest[2]=src[0], dest[3]=0xffff;                     } break;
      |                            ^~~~~~~~~~~~~~~~~~~~~~~~~~~~~~
      |                            static_cast<void>(            )
/Users/buddhirajgautam/Documents/Cherrygram-Mac/macOS-Swift/submodules/rlottie/src/vector/stb/stb_image.h:1598:58: warning: possible misuse of comma operator here [-Wcomma]
 1598 |          STBI__CASE(2,4) { dest[0]=dest[1]=dest[2]=src[0], dest[3]=src[1];                     } break;
      |                                                          ^
/Users/buddhirajgautam/Documents/Cherrygram-Mac/macOS-Swift/submodules/rlottie/src/vector/stb/stb_image.h:1598:28: note: cast expression to void to silence warning
 1598 |          STBI__CASE(2,4) { dest[0]=dest[1]=dest[2]=src[0], dest[3]=src[1];                     } break;
      |                            ^~~~~~~~~~~~~~~~~~~~~~~~~~~~~~
      |                            static_cast<void>(            )
/Users/buddhirajgautam/Documents/Cherrygram-Mac/macOS-Swift/submodules/rlottie/src/vector/stb/stb_image.h:1599:42: warning: possible misuse of comma operator here [-Wcomma]
 1599 |          STBI__CASE(3,4) { dest[0]=src[0],dest[1]=src[1],dest[2]=src[2],dest[3]=0xffff;        } break;
      |                                          ^
/Users/buddhirajgautam/Documents/Cherrygram-Mac/macOS-Swift/submodules/rlottie/src/vector/stb/stb_image.h:1599:28: note: cast expression to void to silence warning
 1599 |          STBI__CASE(3,4) { dest[0]=src[0],dest[1]=src[1],dest[2]=src[2],dest[3]=0xffff;        } break;
      |                            ^~~~~~~~~~~~~~
      |                            static_cast<void>( )
/Users/buddhirajgautam/Documents/Cherrygram-Mac/macOS-Swift/submodules/rlottie/src/vector/stb/stb_image.h:1599:57: warning: possible misuse of comma operator here [-Wcomma]
 1599 |          STBI__CASE(3,4) { dest[0]=src[0],dest[1]=src[1],dest[2]=src[2],dest[3]=0xffff;        } break;
      |                                                         ^
/Users/buddhirajgautam/Documents/Cherrygram-Mac/macOS-Swift/submodules/rlottie/src/vector/stb/stb_image.h:1599:43: note: cast expression to void to silence warning
 1599 |          STBI__CASE(3,4) { dest[0]=src[0],dest[1]=src[1],dest[2]=src[2],dest[3]=0xffff;        } break;
      |                                           ^~~~~~~~~~~~~~
      |                                           static_cast<void>( )
/Users/buddhirajgautam/Documents/Cherrygram-Mac/macOS-Swift/submodules/rlottie/src/vector/stb/stb_image.h:1599:72: warning: possible misuse of comma operator here [-Wcomma]
 1599 |          STBI__CASE(3,4) { dest[0]=src[0],dest[1]=src[1],dest[2]=src[2],dest[3]=0xffff;        } break;
      |                                                                        ^
/Users/buddhirajgautam/Documents/Cherrygram-Mac/macOS-Swift/submodules/rlottie/src/vector/stb/stb_image.h:1599:58: note: cast expression to void to silence warning
 1599 |          STBI__CASE(3,4) { dest[0]=src[0],dest[1]=src[1],dest[2]=src[2],dest[3]=0xffff;        } break;
      |                                                          ^~~~~~~~~~~~~~
      |                                                          static_cast<void>( )
/Users/buddhirajgautam/Documents/Cherrygram-Mac/macOS-Swift/submodules/rlottie/src/vector/stb/stb_image.h:1601:76: warning: possible misuse of comma operator here [-Wcomma]
 1601 |          STBI__CASE(3,2) { dest[0]=stbi__compute_y_16(src[0],src[1],src[2]), dest[1] = 0xffff; } break;
      |                                                                            ^
/Users/buddhirajgautam/Documents/Cherrygram-Mac/macOS-Swift/submodules/rlottie/src/vector/stb/stb_image.h:1601:28: note: cast expression to void to silence warning
 1601 |          STBI__CASE(3,2) { dest[0]=stbi__compute_y_16(src[0],src[1],src[2]), dest[1] = 0xffff; } break;
      |                            ^~~~~~~~~~~~~~~~~~~~~~~~~~~~~~~~~~~~~~~~~~~~~~~~
      |                            static_cast<void>(                              )
/Users/buddhirajgautam/Documents/Cherrygram-Mac/macOS-Swift/submodules/rlottie/src/vector/stb/stb_image.h:1603:76: warning: possible misuse of comma operator here [-Wcomma]
 1603 |          STBI__CASE(4,2) { dest[0]=stbi__compute_y_16(src[0],src[1],src[2]), dest[1] = src[3]; } break;
      |                                                                            ^
/Users/buddhirajgautam/Documents/Cherrygram-Mac/macOS-Swift/submodules/rlottie/src/vector/stb/stb_image.h:1603:28: note: cast expression to void to silence warning
 1603 |          STBI__CASE(4,2) { dest[0]=stbi__compute_y_16(src[0],src[1],src[2]), dest[1] = src[3]; } break;
      |                            ^~~~~~~~~~~~~~~~~~~~~~~~~~~~~~~~~~~~~~~~~~~~~~~~
      |                            static_cast<void>(                              )
/Users/buddhirajgautam/Documents/Cherrygram-Mac/macOS-Swift/submodules/rlottie/src/vector/stb/stb_image.h:1604:42: warning: possible misuse of comma operator here [-Wcomma]
 1604 |          STBI__CASE(4,3) { dest[0]=src[0],dest[1]=src[1],dest[2]=src[2];                       } break;
      |                                          ^
/Users/buddhirajgautam/Documents/Cherrygram-Mac/macOS-Swift/submodules/rlottie/src/vector/stb/stb_image.h:1604:28: note: cast expression to void to silence warning
 1604 |          STBI__CASE(4,3) { dest[0]=src[0],dest[1]=src[1],dest[2]=src[2];                       } break;
      |                            ^~~~~~~~~~~~~~
      |                            static_cast<void>( )
/Users/buddhirajgautam/Documents/Cherrygram-Mac/macOS-Swift/submodules/rlottie/src/vector/stb/stb_image.h:1604:57: warning: possible misuse of comma operator here [-Wcomma]
 1604 |          STBI__CASE(4,3) { dest[0]=src[0],dest[1]=src[1],dest[2]=src[2];                       } break;
      |                                                         ^
/Users/buddhirajgautam/Documents/Cherrygram-Mac/macOS-Swift/submodules/rlottie/src/vector/stb/stb_image.h:1604:43: note: cast expression to void to silence warning
 1604 |          STBI__CASE(4,3) { dest[0]=src[0],dest[1]=src[1],dest[2]=src[2];                       } break;
      |                                           ^~~~~~~~~~~~~~
      |                                           static_cast<void>( )
/Users/buddhirajgautam/Documents/Cherrygram-Mac/macOS-Swift/submodules/rlottie/src/vector/stb/stb_image.h:3722:64: warning: possible misuse of comma operator here [-Wcomma]
 3722 |                   for (i=0; i < z->s->img_x; ++i) *out++ = y[i], *out++ = 255;
      |                                                                ^
/Users/buddhirajgautam/Documents/Cherrygram-Mac/macOS-Swift/submodules/rlottie/src/vector/stb/stb_image.h:3722:51: note: cast expression to void to silence warning
 3722 |                   for (i=0; i < z->s->img_x; ++i) *out++ = y[i], *out++ = 255;
      |                                                   ^~~~~~~~~~~~~
      |                                                   static_cast<void>( )
21 warnings generated.

CompileC /Users/buddhirajgautam/Library/Developer/Xcode/DerivedData/Telegram-Mac-fygdgghdgmuleoelvxabfmqiotta/Build/Intermediates.noindex/RLottie_Xcode.build/Debug/RLottie.build/Objects-normal/arm64/lottieproxymodel.o /Users/buddhirajgautam/Documents/Cherrygram-Mac/macOS-Swift/submodules/rlottie/src/lottie/lottieproxymodel.cpp normal arm64 c++ com.apple.compilers.llvm.clang.1_0.compiler (in target 'RLottie' from project 'RLottie_Xcode')
    cd /Users/buddhirajgautam/Documents/Cherrygram-Mac/macOS-Swift/submodules/RLottie_Xcode
    
    Using response file: /Users/buddhirajgautam/Library/Developer/Xcode/DerivedData/Telegram-Mac-fygdgghdgmuleoelvxabfmqiotta/Build/Intermediates.noindex/RLottie_Xcode.build/Debug/RLottie.build/Objects-normal/arm64/82b82416624d2658e5098eb0a28c15c5-common-args.resp
    
    /Applications/Xcode.app/Contents/Developer/Toolchains/XcodeDefault.xctoolchain/usr/bin/clang -x c++ -ivfsstatcache /Users/buddhirajgautam/Library/Developer/Xcode/DerivedData/SDKStatCaches.noindex/macosx27.0-26A425-e829b21a6f8c9b70876ba0858053c0447231f6df4def33e022ae2eb8f782df1a.sdkstatcache -target arm64-apple-macos12.0 -fmessage-length\=0 -fdiagnostics-show-note-include-stack -fmacro-backtrace-limit\=0 -fno-color-diagnostics -fmodules-prune-interval\=86400 -fmodules-prune-after\=345600 -fbuild-session-file\=/Users/buddhirajgautam/Library/Developer/Xcode/DerivedData/ModuleCache.noindex/Session.modulevalidation -fmodules-validate-once-per-build-session -Wnon-modular-include-in-framework-module -Werror\=non-modular-include-in-framework-module -Wno-trigraphs -Wno-missing-field-initializers -Wno-missing-prototypes -Werror\=return-type -Wdocumentation -Wunreachable-code -Werror\=deprecated-objc-isa-usage -Werror\=objc-root-class -Wno-non-virtual-dtor -Wno-overloaded-virtual -Wno-exit-time-destructors -Wno-missing-braces -Wparentheses -Wswitch -Wunused-function -Wno-unused-label -Wno-unused-parameter -Wunused-variable -Wunused-value -Wempty-body -Wuninitialized -Wconditional-uninitialized -Wno-unknown-pragmas -Wno-shadow -Wno-four-char-constants -Wno-conversion -Wconstant-conversion -Wint-conversion -Wbool-conversion -Wenum-conversion -Wno-float-conversion -Wnon-literal-null-conversion -Wobjc-literal-conversion -Wshorten-64-to-32 -Wno-newline-eof -Wno-c++11-extensions -Wno-implicit-fallthrough -isysroot /Applications/Xcode.app/Contents/Developer/Platforms/MacOSX.platform/Developer/SDKs/MacOSX27.0.sdk -fstrict-aliasing -Wdeprecated-declarations -Winvalid-offsetof -Wno-sign-conversion -Winfinite-recursion -Wmove -Wcomma -Wblock-capture-autoreleasing -Wstrict-prototypes -Wrange-loop-analysis -Wno-semicolon-before-method-body -Wunguarded-availability -index-store-path /Users/buddhirajgautam/Library/Developer/Xcode/DerivedData/Telegram-Mac-fygdgghdgmuleoelvxabfmqiotta/Index.noindex/DataStore @/Users/buddhirajgautam/Library/Developer/Xcode/DerivedData/Telegram-Mac-fygdgghdgmuleoelvxabfmqiotta/Build/Intermediates.noindex/RLottie_Xcode.build/Debug/RLottie.build/Objects-normal/arm64/82b82416624d2658e5098eb0a28c15c5-common-args.resp -MMD -MT dependencies -MF /Users/buddhirajgautam/Library/Developer/Xcode/DerivedData/Telegram-Mac-fygdgghdgmuleoelvxabfmqiotta/Build/Intermediates.noindex/RLottie_Xcode.build/Debug/RLottie.build/Objects-normal/arm64/lottieproxymodel.d --serialize-diagnostics /Users/buddhirajgautam/Library/Developer/Xcode/DerivedData/Telegram-Mac-fygdgghdgmuleoelvxabfmqiotta/Build/Intermediates.noindex/RLottie_Xcode.build/Debug/RLottie.build/Objects-normal/arm64/lottieproxymodel.dia -c /Users/buddhirajgautam/Documents/Cherrygram-Mac/macOS-Swift/submodules/rlottie/src/lottie/lottieproxymodel.cpp -o /Users/buddhirajgautam/Library/Developer/Xcode/DerivedData/Telegram-Mac-fygdgghdgmuleoelvxabfmqiotta/Build/Intermediates.noindex/RLottie_Xcode.build/Debug/RLottie.build/Objects-normal/arm64/lottieproxymodel.o -index-unit-output-path /RLottie_Xcode.build/Debug/RLottie.build/Objects-normal/arm64/lottieproxymodel.o

CompileC /Users/buddhirajgautam/Library/Developer/Xcode/DerivedData/Telegram-Mac-fygdgghdgmuleoelvxabfmqiotta/Build/Intermediates.noindex/RLottie_Xcode.build/Debug/RLottie.build/Objects-normal/arm64/lottieparser.o /Users/buddhirajgautam/Documents/Cherrygram-Mac/macOS-Swift/submodules/rlottie/src/lottie/lottieparser.cpp normal arm64 c++ com.apple.compilers.llvm.clang.1_0.compiler (in target 'RLottie' from project 'RLottie_Xcode')
    cd /Users/buddhirajgautam/Documents/Cherrygram-Mac/macOS-Swift/submodules/RLottie_Xcode
    
    Using response file: /Users/buddhirajgautam/Library/Developer/Xcode/DerivedData/Telegram-Mac-fygdgghdgmuleoelvxabfmqiotta/Build/Intermediates.noindex/RLottie_Xcode.build/Debug/RLottie.build/Objects-normal/arm64/82b82416624d2658e5098eb0a28c15c5-common-args.resp
    
    /Applications/Xcode.app/Contents/Developer/Toolchains/XcodeDefault.xctoolchain/usr/bin/clang -x c++ -ivfsstatcache /Users/buddhirajgautam/Library/Developer/Xcode/DerivedData/SDKStatCaches.noindex/macosx27.0-26A425-e829b21a6f8c9b70876ba0858053c0447231f6df4def33e022ae2eb8f782df1a.sdkstatcache -target arm64-apple-macos12.0 -fmessage-length\=0 -fdiagnostics-show-note-include-stack -fmacro-backtrace-limit\=0 -fno-color-diagnostics -fmodules-prune-interval\=86400 -fmodules-prune-after\=345600 -fbuild-session-file\=/Users/buddhirajgautam/Library/Developer/Xcode/DerivedData/ModuleCache.noindex/Session.modulevalidation -fmodules-validate-once-per-build-session -Wnon-modular-include-in-framework-module -Werror\=non-modular-include-in-framework-module -Wno-trigraphs -Wno-missing-field-initializers -Wno-missing-prototypes -Werror\=return-type -Wdocumentation -Wunreachable-code -Werror\=deprecated-objc-isa-usage -Werror\=objc-root-class -Wno-non-virtual-dtor -Wno-overloaded-virtual -Wno-exit-time-destructors -Wno-missing-braces -Wparentheses -Wswitch -Wunused-function -Wno-unused-label -Wno-unused-parameter -Wunused-variable -Wunused-value -Wempty-body -Wuninitialized -Wconditional-uninitialized -Wno-unknown-pragmas -Wno-shadow -Wno-four-char-constants -Wno-conversion -Wconstant-conversion -Wint-conversion -Wbool-conversion -Wenum-conversion -Wno-float-conversion -Wnon-literal-null-conversion -Wobjc-literal-conversion -Wshorten-64-to-32 -Wno-newline-eof -Wno-c++11-extensions -Wno-implicit-fallthrough -isysroot /Applications/Xcode.app/Contents/Developer/Platforms/MacOSX.platform/Developer/SDKs/MacOSX27.0.sdk -fstrict-aliasing -Wdeprecated-declarations -Winvalid-offsetof -Wno-sign-conversion -Winfinite-recursion -Wmove -Wcomma -Wblock-capture-autoreleasing -Wstrict-prototypes -Wrange-loop-analysis -Wno-semicolon-before-method-body -Wunguarded-availability -index-store-path /Users/buddhirajgautam/Library/Developer/Xcode/DerivedData/Telegram-Mac-fygdgghdgmuleoelvxabfmqiotta/Index.noindex/DataStore @/Users/buddhirajgautam/Library/Developer/Xcode/DerivedData/Telegram-Mac-fygdgghdgmuleoelvxabfmqiotta/Build/Intermediates.noindex/RLottie_Xcode.build/Debug/RLottie.build/Objects-normal/arm64/82b82416624d2658e5098eb0a28c15c5-common-args.resp -MMD -MT dependencies -MF /Users/buddhirajgautam/Library/Developer/Xcode/DerivedData/Telegram-Mac-fygdgghdgmuleoelvxabfmqiotta/Build/Intermediates.noindex/RLottie_Xcode.build/Debug/RLottie.build/Objects-normal/arm64/lottieparser.d --serialize-diagnostics /Users/buddhirajgautam/Library/Developer/Xcode/DerivedData/Telegram-Mac-fygdgghdgmuleoelvxabfmqiotta/Build/Intermediates.noindex/RLottie_Xcode.build/Debug/RLottie.build/Objects-normal/arm64/lottieparser.dia -c /Users/buddhirajgautam/Documents/Cherrygram-Mac/macOS-Swift/submodules/rlottie/src/lottie/lottieparser.cpp -o /Users/buddhirajgautam/Library/Developer/Xcode/DerivedData/Telegram-Mac-fygdgghdgmuleoelvxabfmqiotta/Build/Intermediates.noindex/RLottie_Xcode.build/Debug/RLottie.build/Objects-normal/arm64/lottieparser.o -index-unit-output-path /RLottie_Xcode.build/Debug/RLottie.build/Objects-normal/arm64/lottieparser.o
In file included from /Users/buddhirajgautam/Documents/Cherrygram-Mac/macOS-Swift/submodules/rlottie/src/lottie/lottieparser.cpp:19:
In file included from /Users/buddhirajgautam/Documents/Cherrygram-Mac/macOS-Swift/submodules/rlottie/src/lottie/lottieparser.h:23:
/Users/buddhirajgautam/Documents/Cherrygram-Mac/macOS-Swift/submodules/rlottie/src/lottie/lottiemodel.h:636:37: warning: implicit conversion loses integer precision: 'long' to 'int' [-Wshorten-64-to-32]
  636 |         frameNo = mExtra->mCompRef->frameAtTime(mExtra->mTimeRemap.value(frameNo));
      |                 ~ ~~~~~~~~~~~~~~~~~~^~~~~~~~~~~~~~~~~~~~~~~~~~~~~~~~~~~~~~~~~~~~~~
/Users/buddhirajgautam/Documents/Cherrygram-Mac/macOS-Swift/submodules/rlottie/src/lottie/lottieparser.cpp:615:40: warning: implicit conversion loses integer precision: 'long' to 'int' [-Wshorten-64-to-32]
  615 |     comp->mRootLayer->mInFrame = comp->mStartFrame;
      |                                ~ ~~~~~~^~~~~~~~~~~
/Users/buddhirajgautam/Documents/Cherrygram-Mac/macOS-Swift/submodules/rlottie/src/lottie/lottieparser.cpp:616:41: warning: implicit conversion loses integer precision: 'long' to 'int' [-Wshorten-64-to-32]
  616 |     comp->mRootLayer->mOutFrame = comp->mEndFrame;
      |                                 ~ ~~~~~~^~~~~~~~~
/Users/buddhirajgautam/Documents/Cherrygram-Mac/macOS-Swift/submodules/rlottie/src/lottie/lottieparser.cpp:989:31: warning: implicit conversion loses integer precision: 'long' to 'int' [-Wshorten-64-to-32]
  989 |             layer->mInFrame = std::lround(GetDouble());
      |                             ~ ^~~~~~~~~~~~~~~~~~~~~~~~
/Users/buddhirajgautam/Documents/Cherrygram-Mac/macOS-Swift/submodules/rlottie/src/lottie/lottieparser.cpp:992:32: warning: implicit conversion loses integer precision: 'long' to 'int' [-Wshorten-64-to-32]
  992 |             layer->mOutFrame = std::lround(GetDouble());
      |                              ~ ^~~~~~~~~~~~~~~~~~~~~~~~
5 warnings generated.

CompileC /Users/buddhirajgautam/Library/Developer/Xcode/DerivedData/Telegram-Mac-fygdgghdgmuleoelvxabfmqiotta/Build/Intermediates.noindex/RLottie_Xcode.build/Debug/RLottie.build/Objects-normal/arm64/lottiemodel.o /Users/buddhirajgautam/Documents/Cherrygram-Mac/macOS-Swift/submodules/rlottie/src/lottie/lottiemodel.cpp normal arm64 c++ com.apple.compilers.llvm.clang.1_0.compiler (in target 'RLottie' from project 'RLottie_Xcode')
    cd /Users/buddhirajgautam/Documents/Cherrygram-Mac/macOS-Swift/submodules/RLottie_Xcode
    
    Using response file: /Users/buddhirajgautam/Library/Developer/Xcode/DerivedData/Telegram-Mac-fygdgghdgmuleoelvxabfmqiotta/Build/Intermediates.noindex/RLottie_Xcode.build/Debug/RLottie.build/Objects-normal/arm64/82b82416624d2658e5098eb0a28c15c5-common-args.resp
    
    /Applications/Xcode.app/Contents/Developer/Toolchains/XcodeDefault.xctoolchain/usr/bin/clang -x c++ -ivfsstatcache /Users/buddhirajgautam/Library/Developer/Xcode/DerivedData/SDKStatCaches.noindex/macosx27.0-26A425-e829b21a6f8c9b70876ba0858053c0447231f6df4def33e022ae2eb8f782df1a.sdkstatcache -target arm64-apple-macos12.0 -fmessage-length\=0 -fdiagnostics-show-note-include-stack -fmacro-backtrace-limit\=0 -fno-color-diagnostics -fmodules-prune-interval\=86400 -fmodules-prune-after\=345600 -fbuild-session-file\=/Users/buddhirajgautam/Library/Developer/Xcode/DerivedData/ModuleCache.noindex/Session.modulevalidation -fmodules-validate-once-per-build-session -Wnon-modular-include-in-framework-module -Werror\=non-modular-include-in-framework-module -Wno-trigraphs -Wno-missing-field-initializers -Wno-missing-prototypes -Werror\=return-type -Wdocumentation -Wunreachable-code -Werror\=deprecated-objc-isa-usage -Werror\=objc-root-class -Wno-non-virtual-dtor -Wno-overloaded-virtual -Wno-exit-time-destructors -Wno-missing-braces -Wparentheses -Wswitch -Wunused-function -Wno-unused-label -Wno-unused-parameter -Wunused-variable -Wunused-value -Wempty-body -Wuninitialized -Wconditional-uninitialized -Wno-unknown-pragmas -Wno-shadow -Wno-four-char-constants -Wno-conversion -Wconstant-conversion -Wint-conversion -Wbool-conversion -Wenum-conversion -Wno-float-conversion -Wnon-literal-null-conversion -Wobjc-literal-conversion -Wshorten-64-to-32 -Wno-newline-eof -Wno-c++11-extensions -Wno-implicit-fallthrough -isysroot /Applications/Xcode.app/Contents/Developer/Platforms/MacOSX.platform/Developer/SDKs/MacOSX27.0.sdk -fstrict-aliasing -Wdeprecated-declarations -Winvalid-offsetof -Wno-sign-conversion -Winfinite-recursion -Wmove -Wcomma -Wblock-capture-autoreleasing -Wstrict-prototypes -Wrange-loop-analysis -Wno-semicolon-before-method-body -Wunguarded-availability -index-store-path /Users/buddhirajgautam/Library/Developer/Xcode/DerivedData/Telegram-Mac-fygdgghdgmuleoelvxabfmqiotta/Index.noindex/DataStore @/Users/buddhirajgautam/Library/Developer/Xcode/DerivedData/Telegram-Mac-fygdgghdgmuleoelvxabfmqiotta/Build/Intermediates.noindex/RLottie_Xcode.build/Debug/RLottie.build/Objects-normal/arm64/82b82416624d2658e5098eb0a28c15c5-common-args.resp -MMD -MT dependencies -MF /Users/buddhirajgautam/Library/Developer/Xcode/DerivedData/Telegram-Mac-fygdgghdgmuleoelvxabfmqiotta/Build/Intermediates.noindex/RLottie_Xcode.build/Debug/RLottie.build/Objects-normal/arm64/lottiemodel.d --serialize-diagnostics /Users/buddhirajgautam/Library/Developer/Xcode/DerivedData/Telegram-Mac-fygdgghdgmuleoelvxabfmqiotta/Build/Intermediates.noindex/RLottie_Xcode.build/Debug/RLottie.build/Objects-normal/arm64/lottiemodel.dia -c /Users/buddhirajgautam/Documents/Cherrygram-Mac/macOS-Swift/submodules/rlottie/src/lottie/lottiemodel.cpp -o /Users/buddhirajgautam/Library/Developer/Xcode/DerivedData/Telegram-Mac-fygdgghdgmuleoelvxabfmqiotta/Build/Intermediates.noindex/RLottie_Xcode.build/Debug/RLottie.build/Objects-normal/arm64/lottiemodel.o -index-unit-output-path /RLottie_Xcode.build/Debug/RLottie.build/Objects-normal/arm64/lottiemodel.o
In file included from /Users/buddhirajgautam/Documents/Cherrygram-Mac/macOS-Swift/submodules/rlottie/src/lottie/lottiemodel.cpp:19:
/Users/buddhirajgautam/Documents/Cherrygram-Mac/macOS-Swift/submodules/rlottie/src/lottie/lottiemodel.h:636:37: warning: implicit conversion loses integer precision: 'long' to 'int' [-Wshorten-64-to-32]
  636 |         frameNo = mExtra->mCompRef->frameAtTime(mExtra->mTimeRemap.value(frameNo));
      |                 ~ ~~~~~~~~~~~~~~~~~~^~~~~~~~~~~~~~~~~~~~~~~~~~~~~~~~~~~~~~~~~~~~~~
1 warning generated.

CompileC /Users/buddhirajgautam/Library/Developer/Xcode/DerivedData/Telegram-Mac-fygdgghdgmuleoelvxabfmqiotta/Build/Intermediates.noindex/RLottie_Xcode.build/Debug/RLottie.build/Objects-normal/arm64/lottieloader.o /Users/buddhirajgautam/Documents/Cherrygram-Mac/macOS-Swift/submodules/rlottie/src/lottie/lottieloader.cpp normal arm64 c++ com.apple.compilers.llvm.clang.1_0.compiler (in target 'RLottie' from project 'RLottie_Xcode')
    cd /Users/buddhirajgautam/Documents/Cherrygram-Mac/macOS-Swift/submodules/RLottie_Xcode
    
    Using response file: /Users/buddhirajgautam/Library/Developer/Xcode/DerivedData/Telegram-Mac-fygdgghdgmuleoelvxabfmqiotta/Build/Intermediates.noindex/RLottie_Xcode.build/Debug/RLottie.build/Objects-normal/arm64/82b82416624d2658e5098eb0a28c15c5-common-args.resp
    
    /Applications/Xcode.app/Contents/Developer/Toolchains/XcodeDefault.xctoolchain/usr/bin/clang -x c++ -ivfsstatcache /Users/buddhirajgautam/Library/Developer/Xcode/DerivedData/SDKStatCaches.noindex/macosx27.0-26A425-e829b21a6f8c9b70876ba0858053c0447231f6df4def33e022ae2eb8f782df1a.sdkstatcache -target arm64-apple-macos12.0 -fmessage-length\=0 -fdiagnostics-show-note-include-stack -fmacro-backtrace-limit\=0 -fno-color-diagnostics -fmodules-prune-interval\=86400 -fmodules-prune-after\=345600 -fbuild-session-file\=/Users/buddhirajgautam/Library/Developer/Xcode/DerivedData/ModuleCache.noindex/Session.modulevalidation -fmodules-validate-once-per-build-session -Wnon-modular-include-in-framework-module -Werror\=non-modular-include-in-framework-module -Wno-trigraphs -Wno-missing-field-initializers -Wno-missing-prototypes -Werror\=return-type -Wdocumentation -Wunreachable-code -Werror\=deprecated-objc-isa-usage -Werror\=objc-root-class -Wno-non-virtual-dtor -Wno-overloaded-virtual -Wno-exit-time-destructors -Wno-missing-braces -Wparentheses -Wswitch -Wunused-function -Wno-unused-label -Wno-unused-parameter -Wunused-variable -Wunused-value -Wempty-body -Wuninitialized -Wconditional-uninitialized -Wno-unknown-pragmas -Wno-shadow -Wno-four-char-constants -Wno-conversion -Wconstant-conversion -Wint-conversion -Wbool-conversion -Wenum-conversion -Wno-float-conversion -Wnon-literal-null-conversion -Wobjc-literal-conversion -Wshorten-64-to-32 -Wno-newline-eof -Wno-c++11-extensions -Wno-implicit-fallthrough -isysroot /Applications/Xcode.app/Contents/Developer/Platforms/MacOSX.platform/Developer/SDKs/MacOSX27.0.sdk -fstrict-aliasing -Wdeprecated-declarations -Winvalid-offsetof -Wno-sign-conversion -Winfinite-recursion -Wmove -Wcomma -Wblock-capture-autoreleasing -Wstrict-prototypes -Wrange-loop-analysis -Wno-semicolon-before-method-body -Wunguarded-availability -index-store-path /Users/buddhirajgautam/Library/Developer/Xcode/DerivedData/Telegram-Mac-fygdgghdgmuleoelvxabfmqiotta/Index.noindex/DataStore @/Users/buddhirajgautam/Library/Developer/Xcode/DerivedData/Telegram-Mac-fygdgghdgmuleoelvxabfmqiotta/Build/Intermediates.noindex/RLottie_Xcode.build/Debug/RLottie.build/Objects-normal/arm64/82b82416624d2658e5098eb0a28c15c5-common-args.resp -MMD -MT dependencies -MF /Users/buddhirajgautam/Library/Developer/Xcode/DerivedData/Telegram-Mac-fygdgghdgmuleoelvxabfmqiotta/Build/Intermediates.noindex/RLottie_Xcode.build/Debug/RLottie.build/Objects-normal/arm64/lottieloader.d --serialize-diagnostics /Users/buddhirajgautam/Library/Developer/Xcode/DerivedData/Telegram-Mac-fygdgghdgmuleoelvxabfmqiotta/Build/Intermediates.noindex/RLottie_Xcode.build/Debug/RLottie.build/Objects-normal/arm64/lottieloader.dia -c /Users/buddhirajgautam/Documents/Cherrygram-Mac/macOS-Swift/submodules/rlottie/src/lottie/lottieloader.cpp -o /Users/buddhirajgautam/Library/Developer/Xcode/DerivedData/Telegram-Mac-fygdgghdgmuleoelvxabfmqiotta/Build/Intermediates.noindex/RLottie_Xcode.build/Debug/RLottie.build/Objects-normal/arm64/lottieloader.o -index-unit-output-path /RLottie_Xcode.build/Debug/RLottie.build/Objects-normal/arm64/lottieloader.o
In file included from /Users/buddhirajgautam/Documents/Cherrygram-Mac/macOS-Swift/submodules/rlottie/src/lottie/lottieloader.cpp:20:
In file included from /Users/buddhirajgautam/Documents/Cherrygram-Mac/macOS-Swift/submodules/rlottie/src/lottie/lottieparser.h:23:
/Users/buddhirajgautam/Documents/Cherrygram-Mac/macOS-Swift/submodules/rlottie/src/lottie/lottiemodel.h:636:37: warning: implicit conversion loses integer precision: 'long' to 'int' [-Wshorten-64-to-32]
  636 |         frameNo = mExtra->mCompRef->frameAtTime(mExtra->mTimeRemap.value(frameNo));
      |                 ~ ~~~~~~~~~~~~~~~~~~^~~~~~~~~~~~~~~~~~~~~~~~~~~~~~~~~~~~~~~~~~~~~~
1 warning generated.

CompileC /Users/buddhirajgautam/Library/Developer/Xcode/DerivedData/Telegram-Mac-fygdgghdgmuleoelvxabfmqiotta/Build/Intermediates.noindex/RLottie_Xcode.build/Debug/RLottie.build/Objects-normal/arm64/lottiekeypath.o /Users/buddhirajgautam/Documents/Cherrygram-Mac/macOS-Swift/submodules/rlottie/src/lottie/lottiekeypath.cpp normal arm64 c++ com.apple.compilers.llvm.clang.1_0.compiler (in target 'RLottie' from project 'RLottie_Xcode')
    cd /Users/buddhirajgautam/Documents/Cherrygram-Mac/macOS-Swift/submodules/RLottie_Xcode
    
    Using response file: /Users/buddhirajgautam/Library/Developer/Xcode/DerivedData/Telegram-Mac-fygdgghdgmuleoelvxabfmqiotta/Build/Intermediates.noindex/RLottie_Xcode.build/Debug/RLottie.build/Objects-normal/arm64/82b82416624d2658e5098eb0a28c15c5-common-args.resp
    
    /Applications/Xcode.app/Contents/Developer/Toolchains/XcodeDefault.xctoolchain/usr/bin/clang -x c++ -ivfsstatcache /Users/buddhirajgautam/Library/Developer/Xcode/DerivedData/SDKStatCaches.noindex/macosx27.0-26A425-e829b21a6f8c9b70876ba0858053c0447231f6df4def33e022ae2eb8f782df1a.sdkstatcache -target arm64-apple-macos12.0 -fmessage-length\=0 -fdiagnostics-show-note-include-stack -fmacro-backtrace-limit\=0 -fno-color-diagnostics -fmodules-prune-interval\=86400 -fmodules-prune-after\=345600 -fbuild-session-file\=/Users/buddhirajgautam/Library/Developer/Xcode/DerivedData/ModuleCache.noindex/Session.modulevalidation -fmodules-validate-once-per-build-session -Wnon-modular-include-in-framework-module -Werror\=non-modular-include-in-framework-module -Wno-trigraphs -Wno-missing-field-initializers -Wno-missing-prototypes -Werror\=return-type -Wdocumentation -Wunreachable-code -Werror\=deprecated-objc-isa-usage -Werror\=objc-root-class -Wno-non-virtual-dtor -Wno-overloaded-virtual -Wno-exit-time-destructors -Wno-missing-braces -Wparentheses -Wswitch -Wunused-function -Wno-unused-label -Wno-unused-parameter -Wunused-variable -Wunused-value -Wempty-body -Wuninitialized -Wconditional-uninitialized -Wno-unknown-pragmas -Wno-shadow -Wno-four-char-constants -Wno-conversion -Wconstant-conversion -Wint-conversion -Wbool-conversion -Wenum-conversion -Wno-float-conversion -Wnon-literal-null-conversion -Wobjc-literal-conversion -Wshorten-64-to-32 -Wno-newline-eof -Wno-c++11-extensions -Wno-implicit-fallthrough -isysroot /Applications/Xcode.app/Contents/Developer/Platforms/MacOSX.platform/Developer/SDKs/MacOSX27.0.sdk -fstrict-aliasing -Wdeprecated-declarations -Winvalid-offsetof -Wno-sign-conversion -Winfinite-recursion -Wmove -Wcomma -Wblock-capture-autoreleasing -Wstrict-prototypes -Wrange-loop-analysis -Wno-semicolon-before-method-body -Wunguarded-availability -index-store-path /Users/buddhirajgautam/Library/Developer/Xcode/DerivedData/Telegram-Mac-fygdgghdgmuleoelvxabfmqiotta/Index.noindex/DataStore @/Users/buddhirajgautam/Library/Developer/Xcode/DerivedData/Telegram-Mac-fygdgghdgmuleoelvxabfmqiotta/Build/Intermediates.noindex/RLottie_Xcode.build/Debug/RLottie.build/Objects-normal/arm64/82b82416624d2658e5098eb0a28c15c5-common-args.resp -MMD -MT dependencies -MF /Users/buddhirajgautam/Library/Developer/Xcode/DerivedData/Telegram-Mac-fygdgghdgmuleoelvxabfmqiotta/Build/Intermediates.noindex/RLottie_Xcode.build/Debug/RLottie.build/Objects-normal/arm64/lottiekeypath.d --serialize-diagnostics /Users/buddhirajgautam/Library/Developer/Xcode/DerivedData/Telegram-Mac-fygdgghdgmuleoelvxabfmqiotta/Build/Intermediates.noindex/RLottie_Xcode.build/Debug/RLottie.build/Objects-normal/arm64/lottiekeypath.dia -c /Users/buddhirajgautam/Documents/Cherrygram-Mac/macOS-Swift/submodules/rlottie/src/lottie/lottiekeypath.cpp -o /Users/buddhirajgautam/Library/Developer/Xcode/DerivedData/Telegram-Mac-fygdgghdgmuleoelvxabfmqiotta/Build/Intermediates.noindex/RLottie_Xcode.build/Debug/RLottie.build/Objects-normal/arm64/lottiekeypath.o -index-unit-output-path /RLottie_Xcode.build/Debug/RLottie.build/Objects-normal/arm64/lottiekeypath.o

CompileC /Users/buddhirajgautam/Library/Developer/Xcode/DerivedData/Telegram-Mac-fygdgghdgmuleoelvxabfmqiotta/Build/Intermediates.noindex/RLottie_Xcode.build/Debug/RLottie.build/Objects-normal/arm64/lottieitem.o /Users/buddhirajgautam/Documents/Cherrygram-Mac/macOS-Swift/submodules/rlottie/src/lottie/lottieitem.cpp normal arm64 c++ com.apple.compilers.llvm.clang.1_0.compiler (in target 'RLottie' from project 'RLottie_Xcode')
    cd /Users/buddhirajgautam/Documents/Cherrygram-Mac/macOS-Swift/submodules/RLottie_Xcode
    
    Using response file: /Users/buddhirajgautam/Library/Developer/Xcode/DerivedData/Telegram-Mac-fygdgghdgmuleoelvxabfmqiotta/Build/Intermediates.noindex/RLottie_Xcode.build/Debug/RLottie.build/Objects-normal/arm64/82b82416624d2658e5098eb0a28c15c5-common-args.resp
    
    /Applications/Xcode.app/Contents/Developer/Toolchains/XcodeDefault.xctoolchain/usr/bin/clang -x c++ -ivfsstatcache /Users/buddhirajgautam/Library/Developer/Xcode/DerivedData/SDKStatCaches.noindex/macosx27.0-26A425-e829b21a6f8c9b70876ba0858053c0447231f6df4def33e022ae2eb8f782df1a.sdkstatcache -target arm64-apple-macos12.0 -fmessage-length\=0 -fdiagnostics-show-note-include-stack -fmacro-backtrace-limit\=0 -fno-color-diagnostics -fmodules-prune-interval\=86400 -fmodules-prune-after\=345600 -fbuild-session-file\=/Users/buddhirajgautam/Library/Developer/Xcode/DerivedData/ModuleCache.noindex/Session.modulevalidation -fmodules-validate-once-per-build-session -Wnon-modular-include-in-framework-module -Werror\=non-modular-include-in-framework-module -Wno-trigraphs -Wno-missing-field-initializers -Wno-missing-prototypes -Werror\=return-type -Wdocumentation -Wunreachable-code -Werror\=deprecated-objc-isa-usage -Werror\=objc-root-class -Wno-non-virtual-dtor -Wno-overloaded-virtual -Wno-exit-time-destructors -Wno-missing-braces -Wparentheses -Wswitch -Wunused-function -Wno-unused-label -Wno-unused-parameter -Wunused-variable -Wunused-value -Wempty-body -Wuninitialized -Wconditional-uninitialized -Wno-unknown-pragmas -Wno-shadow -Wno-four-char-constants -Wno-conversion -Wconstant-conversion -Wint-conversion -Wbool-conversion -Wenum-conversion -Wno-float-conversion -Wnon-literal-null-conversion -Wobjc-literal-conversion -Wshorten-64-to-32 -Wno-newline-eof -Wno-c++11-extensions -Wno-implicit-fallthrough -isysroot /Applications/Xcode.app/Contents/Developer/Platforms/MacOSX.platform/Developer/SDKs/MacOSX27.0.sdk -fstrict-aliasing -Wdeprecated-declarations -Winvalid-offsetof -Wno-sign-conversion -Winfinite-recursion -Wmove -Wcomma -Wblock-capture-autoreleasing -Wstrict-prototypes -Wrange-loop-analysis -Wno-semicolon-before-method-body -Wunguarded-availability -index-store-path /Users/buddhirajgautam/Library/Developer/Xcode/DerivedData/Telegram-Mac-fygdgghdgmuleoelvxabfmqiotta/Index.noindex/DataStore @/Users/buddhirajgautam/Library/Developer/Xcode/DerivedData/Telegram-Mac-fygdgghdgmuleoelvxabfmqiotta/Build/Intermediates.noindex/RLottie_Xcode.build/Debug/RLottie.build/Objects-normal/arm64/82b82416624d2658e5098eb0a28c15c5-common-args.resp -MMD -MT dependencies -MF /Users/buddhirajgautam/Library/Developer/Xcode/DerivedData/Telegram-Mac-fygdgghdgmuleoelvxabfmqiotta/Build/Intermediates.noindex/RLottie_Xcode.build/Debug/RLottie.build/Objects-normal/arm64/lottieitem.d --serialize-diagnostics /Users/buddhirajgautam/Library/Developer/Xcode/DerivedData/Telegram-Mac-fygdgghdgmuleoelvxabfmqiotta/Build/Intermediates.noindex/RLottie_Xcode.build/Debug/RLottie.build/Objects-normal/arm64/lottieitem.dia -c /Users/buddhirajgautam/Documents/Cherrygram-Mac/macOS-Swift/submodules/rlottie/src/lottie/lottieitem.cpp -o /Users/buddhirajgautam/Library/Developer/Xcode/DerivedData/Telegram-Mac-fygdgghdgmuleoelvxabfmqiotta/Build/Intermediates.noindex/RLottie_Xcode.build/Debug/RLottie.build/Objects-normal/arm64/lottieitem.o -index-unit-output-path /RLottie_Xcode.build/Debug/RLottie.build/Objects-normal/arm64/lottieitem.o
In file included from /Users/buddhirajgautam/Documents/Cherrygram-Mac/macOS-Swift/submodules/rlottie/src/lottie/lottieitem.cpp:19:
In file included from /Users/buddhirajgautam/Documents/Cherrygram-Mac/macOS-Swift/submodules/rlottie/src/lottie/lottieitem.h:25:
In file included from /Users/buddhirajgautam/Documents/Cherrygram-Mac/macOS-Swift/submodules/rlottie/src/lottie/lottieproxymodel.h:25:
/Users/buddhirajgautam/Documents/Cherrygram-Mac/macOS-Swift/submodules/rlottie/src/lottie/lottiemodel.h:636:37: warning: implicit conversion loses integer precision: 'long' to 'int' [-Wshorten-64-to-32]
  636 |         frameNo = mExtra->mCompRef->frameAtTime(mExtra->mTimeRemap.value(frameNo));
      |                 ~ ~~~~~~~~~~~~~~~~~~^~~~~~~~~~~~~~~~~~~~~~~~~~~~~~~~~~~~~~~~~~~~~~
1 warning generated.

CompileC /Users/buddhirajgautam/Library/Developer/Xcode/DerivedData/Telegram-Mac-fygdgghdgmuleoelvxabfmqiotta/Build/Intermediates.noindex/RLottie_Xcode.build/Debug/RLottie.build/Objects-normal/arm64/lottieanimation.o /Users/buddhirajgautam/Documents/Cherrygram-Mac/macOS-Swift/submodules/rlottie/src/lottie/lottieanimation.cpp normal arm64 c++ com.apple.compilers.llvm.clang.1_0.compiler (in target 'RLottie' from project 'RLottie_Xcode')
    cd /Users/buddhirajgautam/Documents/Cherrygram-Mac/macOS-Swift/submodules/RLottie_Xcode
    
    Using response file: /Users/buddhirajgautam/Library/Developer/Xcode/DerivedData/Telegram-Mac-fygdgghdgmuleoelvxabfmqiotta/Build/Intermediates.noindex/RLottie_Xcode.build/Debug/RLottie.build/Objects-normal/arm64/82b82416624d2658e5098eb0a28c15c5-common-args.resp
    
    /Applications/Xcode.app/Contents/Developer/Toolchains/XcodeDefault.xctoolchain/usr/bin/clang -x c++ -ivfsstatcache /Users/buddhirajgautam/Library/Developer/Xcode/DerivedData/SDKStatCaches.noindex/macosx27.0-26A425-e829b21a6f8c9b70876ba0858053c0447231f6df4def33e022ae2eb8f782df1a.sdkstatcache -target arm64-apple-macos12.0 -fmessage-length\=0 -fdiagnostics-show-note-include-stack -fmacro-backtrace-limit\=0 -fno-color-diagnostics -fmodules-prune-interval\=86400 -fmodules-prune-after\=345600 -fbuild-session-file\=/Users/buddhirajgautam/Library/Developer/Xcode/DerivedData/ModuleCache.noindex/Session.modulevalidation -fmodules-validate-once-per-build-session -Wnon-modular-include-in-framework-module -Werror\=non-modular-include-in-framework-module -Wno-trigraphs -Wno-missing-field-initializers -Wno-missing-prototypes -Werror\=return-type -Wdocumentation -Wunreachable-code -Werror\=deprecated-objc-isa-usage -Werror\=objc-root-class -Wno-non-virtual-dtor -Wno-overloaded-virtual -Wno-exit-time-destructors -Wno-missing-braces -Wparentheses -Wswitch -Wunused-function -Wno-unused-label -Wno-unused-parameter -Wunused-variable -Wunused-value -Wempty-body -Wuninitialized -Wconditional-uninitialized -Wno-unknown-pragmas -Wno-shadow -Wno-four-char-constants -Wno-conversion -Wconstant-conversion -Wint-conversion -Wbool-conversion -Wenum-conversion -Wno-float-conversion -Wnon-literal-null-conversion -Wobjc-literal-conversion -Wshorten-64-to-32 -Wno-newline-eof -Wno-c++11-extensions -Wno-implicit-fallthrough -isysroot /Applications/Xcode.app/Contents/Developer/Platforms/MacOSX.platform/Developer/SDKs/MacOSX27.0.sdk -fstrict-aliasing -Wdeprecated-declarations -Winvalid-offsetof -Wno-sign-conversion -Winfinite-recursion -Wmove -Wcomma -Wblock-capture-autoreleasing -Wstrict-prototypes -Wrange-loop-analysis -Wno-semicolon-before-method-body -Wunguarded-availability -index-store-path /Users/buddhirajgautam/Library/Developer/Xcode/DerivedData/Telegram-Mac-fygdgghdgmuleoelvxabfmqiotta/Index.noindex/DataStore @/Users/buddhirajgautam/Library/Developer/Xcode/DerivedData/Telegram-Mac-fygdgghdgmuleoelvxabfmqiotta/Build/Intermediates.noindex/RLottie_Xcode.build/Debug/RLottie.build/Objects-normal/arm64/82b82416624d2658e5098eb0a28c15c5-common-args.resp -MMD -MT dependencies -MF /Users/buddhirajgautam/Library/Developer/Xcode/DerivedData/Telegram-Mac-fygdgghdgmuleoelvxabfmqiotta/Build/Intermediates.noindex/RLottie_Xcode.build/Debug/RLottie.build/Objects-normal/arm64/lottieanimation.d --serialize-diagnostics /Users/buddhirajgautam/Library/Developer/Xcode/DerivedData/Telegram-Mac-fygdgghdgmuleoelvxabfmqiotta/Build/Intermediates.noindex/RLottie_Xcode.build/Debug/RLottie.build/Objects-normal/arm64/lottieanimation.dia -c /Users/buddhirajgautam/Documents/Cherrygram-Mac/macOS-Swift/submodules/rlottie/src/lottie/lottieanimation.cpp -o /Users/buddhirajgautam/Library/Developer/Xcode/DerivedData/Telegram-Mac-fygdgghdgmuleoelvxabfmqiotta/Build/Intermediates.noindex/RLottie_Xcode.build/Debug/RLottie.build/Objects-normal/arm64/lottieanimation.o -index-unit-output-path /RLottie_Xcode.build/Debug/RLottie.build/Objects-normal/arm64/lottieanimation.o
In file included from /Users/buddhirajgautam/Documents/Cherrygram-Mac/macOS-Swift/submodules/rlottie/src/lottie/lottieanimation.cpp:19:
In file included from /Users/buddhirajgautam/Documents/Cherrygram-Mac/macOS-Swift/submodules/rlottie/src/lottie/lottieitem.h:25:
In file included from /Users/buddhirajgautam/Documents/Cherrygram-Mac/macOS-Swift/submodules/rlottie/src/lottie/lottieproxymodel.h:25:
/Users/buddhirajgautam/Documents/Cherrygram-Mac/macOS-Swift/submodules/rlottie/src/lottie/lottiemodel.h:636:37: warning: implicit conversion loses integer precision: 'long' to 'int' [-Wshorten-64-to-32]
  636 |         frameNo = mExtra->mCompRef->frameAtTime(mExtra->mTimeRemap.value(frameNo));
      |                 ~ ~~~~~~~~~~~~~~~~~~^~~~~~~~~~~~~~~~~~~~~~~~~~~~~~~~~~~~~~~~~~~~~~
/Users/buddhirajgautam/Documents/Cherrygram-Mac/macOS-Swift/submodules/rlottie/src/lottie/lottieanimation.cpp:239:11: warning: parameter 'path' not found in the function declaration [-Wdocumentation]
  239 |  * @param path  add the details
      |           ^~~~
2 warnings generated.

CompileC /Users/buddhirajgautam/Library/Developer/Xcode/DerivedData/Telegram-Mac-fygdgghdgmuleoelvxabfmqiotta/Build/Intermediates.noindex/RLottie_Xcode.build/Debug/RLottie.build/Objects-normal/arm64/RLottieBridge.o /Users/buddhirajgautam/Documents/Cherrygram-Mac/macOS-Swift/submodules/RLottie_Xcode/Sources/RLottieBridge.mm normal arm64 objective-c++ com.apple.compilers.llvm.clang.1_0.compiler (in target 'RLottie' from project 'RLottie_Xcode')
    cd /Users/buddhirajgautam/Documents/Cherrygram-Mac/macOS-Swift/submodules/RLottie_Xcode
    
    Using response file: /Users/buddhirajgautam/Library/Developer/Xcode/DerivedData/Telegram-Mac-fygdgghdgmuleoelvxabfmqiotta/Build/Intermediates.noindex/RLottie_Xcode.build/Debug/RLottie.build/Objects-normal/arm64/af3fcb34312c57c0f52879cdce924b91-common-args.resp
    
    /Applications/Xcode.app/Contents/Developer/Toolchains/XcodeDefault.xctoolchain/usr/bin/clang -x objective-c++ -ivfsstatcache /Users/buddhirajgautam/Library/Developer/Xcode/DerivedData/SDKStatCaches.noindex/macosx27.0-26A425-e829b21a6f8c9b70876ba0858053c0447231f6df4def33e022ae2eb8f782df1a.sdkstatcache -target arm64-apple-macos12.0 -fmessage-length\=0 -fdiagnostics-show-note-include-stack -fmacro-backtrace-limit\=0 -fno-color-diagnostics -fmodules-prune-interval\=86400 -fmodules-prune-after\=345600 -fbuild-session-file\=/Users/buddhirajgautam/Library/Developer/Xcode/DerivedData/ModuleCache.noindex/Session.modulevalidation -fmodules-validate-once-per-build-session -Wnon-modular-include-in-framework-module -Werror\=non-modular-include-in-framework-module -Wno-trigraphs -Wno-missing-field-initializers -Wno-missing-prototypes -Werror\=return-type -Wdocumentation -Wunreachable-code -Wno-implicit-atomic-properties -Werror\=deprecated-objc-isa-usage -Wno-objc-interface-ivars -Werror\=objc-root-class -Wno-arc-repeated-use-of-weak -Wimplicit-retain-self -Wno-non-virtual-dtor -Wno-overloaded-virtual -Wno-exit-time-destructors -Wduplicate-method-match -Wno-missing-braces -Wparentheses -Wswitch -Wunused-function -Wno-unused-label -Wno-unused-parameter -Wunused-variable -Wunused-value -Wempty-body -Wuninitialized -Wconditional-uninitialized -Wno-unknown-pragmas -Wno-shadow -Wno-four-char-constants -Wno-conversion -Wconstant-conversion -Wint-conversion -Wbool-conversion -Wenum-conversion -Wno-float-conversion -Wnon-literal-null-conversion -Wobjc-literal-conversion -Wshorten-64-to-32 -Wno-newline-eof -Wno-selector -Wno-strict-selector-match -Wundeclared-selector -Wdeprecated-implementations -Wno-c++11-extensions -Wno-implicit-fallthrough -isysroot /Applications/Xcode.app/Contents/Developer/Platforms/MacOSX.platform/Developer/SDKs/MacOSX27.0.sdk -fstrict-aliasing -Wprotocol -Wdeprecated-declarations -Winvalid-offsetof -Wno-sign-conversion -Winfinite-recursion -Wmove -Wcomma -Wblock-capture-autoreleasing -Wstrict-prototypes -Wrange-loop-analysis -Wno-semicolon-before-method-body -Wunguarded-availability -index-store-path /Users/buddhirajgautam/Library/Developer/Xcode/DerivedData/Telegram-Mac-fygdgghdgmuleoelvxabfmqiotta/Index.noindex/DataStore @/Users/buddhirajgautam/Library/Developer/Xcode/DerivedData/Telegram-Mac-fygdgghdgmuleoelvxabfmqiotta/Build/Intermediates.noindex/RLottie_Xcode.build/Debug/RLottie.build/Objects-normal/arm64/af3fcb34312c57c0f52879cdce924b91-common-args.resp -MMD -MT dependencies -MF /Users/buddhirajgautam/Library/Developer/Xcode/DerivedData/Telegram-Mac-fygdgghdgmuleoelvxabfmqiotta/Build/Intermediates.noindex/RLottie_Xcode.build/Debug/RLottie.build/Objects-normal/arm64/RLottieBridge.d --serialize-diagnostics /Users/buddhirajgautam/Library/Developer/Xcode/DerivedData/Telegram-Mac-fygdgghdgmuleoelvxabfmqiotta/Build/Intermediates.noindex/RLottie_Xcode.build/Debug/RLottie.build/Objects-normal/arm64/RLottieBridge.dia -c /Users/buddhirajgautam/Documents/Cherrygram-Mac/macOS-Swift/submodules/RLottie_Xcode/Sources/RLottieBridge.mm -o /Users/buddhirajgautam/Library/Developer/Xcode/DerivedData/Telegram-Mac-fygdgghdgmuleoelvxabfmqiotta/Build/Intermediates.noindex/RLottie_Xcode.build/Debug/RLottie.build/Objects-normal/arm64/RLottieBridge.o -index-unit-output-path /RLottie_Xcode.build/Debug/RLottie.build/Objects-normal/arm64/RLottieBridge.o
/Users/buddhirajgautam/Documents/Cherrygram-Mac/macOS-Swift/submodules/RLottie_Xcode/Sources/RLottieBridge.mm:52:26: warning: implicit conversion loses integer precision: 'size_t' (aka 'unsigned long') to 'int' [-Wshorten-64-to-32]
   52 |     return self->player->totalFrame();
      |     ~~~~~~ ~~~~~~~~~~~~~~^~~~~~~~~~~~
/Users/buddhirajgautam/Documents/Cherrygram-Mac/macOS-Swift/submodules/RLottie_Xcode/Sources/RLottieBridge.mm:83:103: warning: bitwise operation between different enumeration types ('(unnamed enum at /Applications/Xcode.app/Contents/Developer/Platforms/MacOSX.platform/Developer/SDKs/MacOSX27.0.sdk/System/Library/Frameworks/CoreGraphics.framework/Headers/CGImage.h:69:9)' and 'CGImageAlphaInfo') is deprecated [-Wdeprecated-anon-enum-enum-conversion]
   83 |     CGImageRef image = CGImageCreate(w, h, 8, 32, bytesPerRow, colorSpace, kCGBitmapByteOrder32Little | kCGImageAlphaPremultipliedFirst, dataProvider, NULL, false, kCGRenderingIntentDefault);
      |                                                                            ~~~~~~~~~~~~~~~~~~~~~~~~~~ ^ ~~~~~~~~~~~~~~~~~~~~~~~~~~~~~~~
/Users/buddhirajgautam/Documents/Cherrygram-Mac/macOS-Swift/submodules/RLottie_Xcode/Sources/RLottieBridge.mm:74:19: warning: unused variable 'map' [-Wunused-variable]
   74 |     const uint8_t map[4] = { 3, 2, 1, 0 };
      |                   ^~~
3 warnings generated.

CompileC /Users/buddhirajgautam/Library/Developer/Xcode/DerivedData/Telegram-Mac-fygdgghdgmuleoelvxabfmqiotta/Build/Intermediates.noindex/OCR.build/Debug/OCR-t.build/Objects-normal/arm64/ocr.o /Users/buddhirajgautam/Documents/Cherrygram-Mac/macOS-Swift/packages/OCR/Sources/ocr.mm normal arm64 objective-c++ com.apple.compilers.llvm.clang.1_0.compiler (in target 'OCR' from project 'OCR')
    cd /Users/buddhirajgautam/Documents/Cherrygram-Mac/macOS-Swift
    
    Using response file: /Users/buddhirajgautam/Library/Developer/Xcode/DerivedData/Telegram-Mac-fygdgghdgmuleoelvxabfmqiotta/Build/Intermediates.noindex/OCR.build/Debug/OCR-t.build/Objects-normal/arm64/af3fcb34312c57c0f52879cdce924b91-common-args.resp
    
    /Applications/Xcode.app/Contents/Developer/Toolchains/XcodeDefault.xctoolchain/usr/bin/clang -x objective-c++ -ivfsstatcache /Users/buddhirajgautam/Library/Developer/Xcode/DerivedData/SDKStatCaches.noindex/macosx27.0-26A425-e829b21a6f8c9b70876ba0858053c0447231f6df4def33e022ae2eb8f782df1a.sdkstatcache -target arm64-apple-macos12.0 -fmessage-length\=0 -fdiagnostics-show-note-include-stack -fmacro-backtrace-limit\=0 -fno-color-diagnostics -fmodules-prune-interval\=86400 -fmodules-prune-after\=345600 -fbuild-session-file\=/Users/buddhirajgautam/Library/Developer/Xcode/DerivedData/ModuleCache.noindex/Session.modulevalidation -fmodules-validate-once-per-build-session -Wnon-modular-include-in-framework-module -Werror\=non-modular-include-in-framework-module -Wno-trigraphs -Wno-missing-field-initializers -Wno-missing-prototypes -Wno-return-type -Wno-implicit-atomic-properties -Wno-objc-interface-ivars -Wno-arc-repeated-use-of-weak -Wno-non-virtual-dtor -Wno-overloaded-virtual -Wno-exit-time-destructors -Wno-missing-braces -Wparentheses -Wswitch -Wno-unused-function -Wno-unused-label -Wno-unused-parameter -Wno-unused-variable -Wunused-value -Wno-empty-body -Wno-uninitialized -Wno-unknown-pragmas -Wno-shadow -Wno-four-char-constants -Wno-conversion -Wno-constant-conversion -Wno-int-conversion -Wno-bool-conversion -Wno-enum-conversion -Wno-float-conversion -Wno-non-literal-null-conversion -Wno-objc-literal-conversion -Wshorten-64-to-32 -Wno-newline-eof -Wno-selector -Wno-strict-selector-match -Wno-undeclared-selector -Wno-deprecated-implementations -Wno-c++11-extensions -Wno-implicit-fallthrough -isysroot /Applications/Xcode.app/Contents/Developer/Platforms/MacOSX.platform/Developer/SDKs/MacOSX27.0.sdk -fstrict-aliasing -Wprotocol -Wdeprecated-declarations -Winvalid-offsetof -Wno-sign-conversion -Wno-infinite-recursion -Wno-move -Wno-comma -Wno-block-capture-autoreleasing -Wno-strict-prototypes -Wno-range-loop-analysis -Wno-semicolon-before-method-body -index-store-path /Users/buddhirajgautam/Library/Developer/Xcode/DerivedData/Telegram-Mac-fygdgghdgmuleoelvxabfmqiotta/Index.noindex/DataStore @/Users/buddhirajgautam/Library/Developer/Xcode/DerivedData/Telegram-Mac-fygdgghdgmuleoelvxabfmqiotta/Build/Intermediates.noindex/OCR.build/Debug/OCR-t.build/Objects-normal/arm64/af3fcb34312c57c0f52879cdce924b91-common-args.resp -MMD -MT dependencies -MF /Users/buddhirajgautam/Library/Developer/Xcode/DerivedData/Telegram-Mac-fygdgghdgmuleoelvxabfmqiotta/Build/Intermediates.noindex/OCR.build/Debug/OCR-t.build/Objects-normal/arm64/ocr.d --serialize-diagnostics /Users/buddhirajgautam/Library/Developer/Xcode/DerivedData/Telegram-Mac-fygdgghdgmuleoelvxabfmqiotta/Build/Intermediates.noindex/OCR.build/Debug/OCR-t.build/Objects-normal/arm64/ocr.dia -c /Users/buddhirajgautam/Documents/Cherrygram-Mac/macOS-Swift/packages/OCR/Sources/ocr.mm -o /Users/buddhirajgautam/Library/Developer/Xcode/DerivedData/Telegram-Mac-fygdgghdgmuleoelvxabfmqiotta/Build/Intermediates.noindex/OCR.build/Debug/OCR-t.build/Objects-normal/arm64/ocr.o -index-unit-output-path /OCR.build/Debug/OCR-t.build/Objects-normal/arm64/ocr.o
/Users/buddhirajgautam/Documents/Cherrygram-Mac/macOS-Swift/packages/OCR/Sources/ocr.mm:161:153: warning: bitwise operation between different enumeration types ('CGImageAlphaInfo' and '(unnamed enum at /Applications/Xcode.app/Contents/Developer/Platforms/MacOSX.platform/Developer/SDKs/MacOSX27.0.sdk/System/Library/Frameworks/CoreGraphics.framework/Headers/CGImage.h:69:9)') is deprecated [-Wdeprecated-anon-enum-enum-conversion]
  161 |     CGContextRef context = CGBitmapContextCreate(bitmapPixels, width, height, bitsPerComponent, bytesPerRow, colorSpace, kCGImageAlphaPremultipliedLast | kCGBitmapByteOrder32Big);
      |                                                                                                                          ~~~~~~~~~~~~~~~~~~~~~~~~~~~~~~ ^ ~~~~~~~~~~~~~~~~~~~~~~~
1 warning generated.

CompileC /Users/buddhirajgautam/Library/Developer/Xcode/DerivedData/Telegram-Mac-fygdgghdgmuleoelvxabfmqiotta/Build/Intermediates.noindex/OCR.build/Debug/OCR-t.build/Objects-normal/arm64/fast-edge.o /Users/buddhirajgautam/Documents/Cherrygram-Mac/macOS-Swift/packages/OCR/Sources/fast-edge.cpp normal arm64 c++ com.apple.compilers.llvm.clang.1_0.compiler (in target 'OCR' from project 'OCR')
    cd /Users/buddhirajgautam/Documents/Cherrygram-Mac/macOS-Swift
    
    Using response file: /Users/buddhirajgautam/Library/Developer/Xcode/DerivedData/Telegram-Mac-fygdgghdgmuleoelvxabfmqiotta/Build/Intermediates.noindex/OCR.build/Debug/OCR-t.build/Objects-normal/arm64/82b82416624d2658e5098eb0a28c15c5-common-args.resp
    
    /Applications/Xcode.app/Contents/Developer/Toolchains/XcodeDefault.xctoolchain/usr/bin/clang -x c++ -ivfsstatcache /Users/buddhirajgautam/Library/Developer/Xcode/DerivedData/SDKStatCaches.noindex/macosx27.0-26A425-e829b21a6f8c9b70876ba0858053c0447231f6df4def33e022ae2eb8f782df1a.sdkstatcache -target arm64-apple-macos12.0 -fmessage-length\=0 -fdiagnostics-show-note-include-stack -fmacro-backtrace-limit\=0 -fno-color-diagnostics -fmodules-prune-interval\=86400 -fmodules-prune-after\=345600 -fbuild-session-file\=/Users/buddhirajgautam/Library/Developer/Xcode/DerivedData/ModuleCache.noindex/Session.modulevalidation -fmodules-validate-once-per-build-session -Wnon-modular-include-in-framework-module -Werror\=non-modular-include-in-framework-module -Wno-trigraphs -Wno-missing-field-initializers -Wno-missing-prototypes -Wno-return-type -Wno-non-virtual-dtor -Wno-overloaded-virtual -Wno-exit-time-destructors -Wno-missing-braces -Wparentheses -Wswitch -Wno-unused-function -Wno-unused-label -Wno-unused-parameter -Wno-unused-variable -Wunused-value -Wno-empty-body -Wno-uninitialized -Wno-unknown-pragmas -Wno-shadow -Wno-four-char-constants -Wno-conversion -Wno-constant-conversion -Wno-int-conversion -Wno-bool-conversion -Wno-enum-conversion -Wno-float-conversion -Wno-non-literal-null-conversion -Wno-objc-literal-conversion -Wshorten-64-to-32 -Wno-newline-eof -Wno-c++11-extensions -Wno-implicit-fallthrough -isysroot /Applications/Xcode.app/Contents/Developer/Platforms/MacOSX.platform/Developer/SDKs/MacOSX27.0.sdk -fstrict-aliasing -Wdeprecated-declarations -Winvalid-offsetof -Wno-sign-conversion -Wno-infinite-recursion -Wno-move -Wno-comma -Wno-block-capture-autoreleasing -Wno-strict-prototypes -Wno-range-loop-analysis -Wno-semicolon-before-method-body -index-store-path /Users/buddhirajgautam/Library/Developer/Xcode/DerivedData/Telegram-Mac-fygdgghdgmuleoelvxabfmqiotta/Index.noindex/DataStore @/Users/buddhirajgautam/Library/Developer/Xcode/DerivedData/Telegram-Mac-fygdgghdgmuleoelvxabfmqiotta/Build/Intermediates.noindex/OCR.build/Debug/OCR-t.build/Objects-normal/arm64/82b82416624d2658e5098eb0a28c15c5-common-args.resp -MMD -MT dependencies -MF /Users/buddhirajgautam/Library/Developer/Xcode/DerivedData/Telegram-Mac-fygdgghdgmuleoelvxabfmqiotta/Build/Intermediates.noindex/OCR.build/Debug/OCR-t.build/Objects-normal/arm64/fast-edge.d --serialize-diagnostics /Users/buddhirajgautam/Library/Developer/Xcode/DerivedData/Telegram-Mac-fygdgghdgmuleoelvxabfmqiotta/Build/Intermediates.noindex/OCR.build/Debug/OCR-t.build/Objects-normal/arm64/fast-edge.dia -c /Users/buddhirajgautam/Documents/Cherrygram-Mac/macOS-Swift/packages/OCR/Sources/fast-edge.cpp -o /Users/buddhirajgautam/Library/Developer/Xcode/DerivedData/Telegram-Mac-fygdgghdgmuleoelvxabfmqiotta/Build/Intermediates.noindex/OCR.build/Debug/OCR-t.build/Objects-normal/arm64/fast-edge.o -index-unit-output-path /OCR.build/Debug/OCR-t.build/Objects-normal/arm64/fast-edge.o

CompileC /Users/buddhirajgautam/Library/Developer/Xcode/DerivedData/Telegram-Mac-fygdgghdgmuleoelvxabfmqiotta/Build/Intermediates.noindex/LokiRng.build/Debug/LokiRng-t.build/Objects-normal/arm64/LokiRng.o /Users/buddhirajgautam/Documents/Cherrygram-Mac/macOS-Swift/submodules/telegram-ios/submodules/Utils/LokiRng/Sources/LokiRng.mm normal arm64 objective-c++ com.apple.compilers.llvm.clang.1_0.compiler (in target 'LokiRng' from project 'LokiRng')
    cd /Users/buddhirajgautam/Documents/Cherrygram-Mac/macOS-Swift
    
    Using response file: /Users/buddhirajgautam/Library/Developer/Xcode/DerivedData/Telegram-Mac-fygdgghdgmuleoelvxabfmqiotta/Build/Intermediates.noindex/LokiRng.build/Debug/LokiRng-t.build/Objects-normal/arm64/af3fcb34312c57c0f52879cdce924b91-common-args.resp
    
    /Applications/Xcode.app/Contents/Developer/Toolchains/XcodeDefault.xctoolchain/usr/bin/clang -x objective-c++ -ivfsstatcache /Users/buddhirajgautam/Library/Developer/Xcode/DerivedData/SDKStatCaches.noindex/macosx27.0-26A425-e829b21a6f8c9b70876ba0858053c0447231f6df4def33e022ae2eb8f782df1a.sdkstatcache -target arm64-apple-macos12.0 -fmessage-length\=0 -fdiagnostics-show-note-include-stack -fmacro-backtrace-limit\=0 -fno-color-diagnostics -fmodules-prune-interval\=86400 -fmodules-prune-after\=345600 -fbuild-session-file\=/Users/buddhirajgautam/Library/Developer/Xcode/DerivedData/ModuleCache.noindex/Session.modulevalidation -fmodules-validate-once-per-build-session -Wnon-modular-include-in-framework-module -Werror\=non-modular-include-in-framework-module -Wno-trigraphs -Wno-missing-field-initializers -Wno-missing-prototypes -Wno-return-type -Wno-implicit-atomic-properties -Wno-objc-interface-ivars -Wno-arc-repeated-use-of-weak -Wno-non-virtual-dtor -Wno-overloaded-virtual -Wno-exit-time-destructors -Wno-missing-braces -Wparentheses -Wswitch -Wno-unused-function -Wno-unused-label -Wno-unused-parameter -Wno-unused-variable -Wunused-value -Wno-empty-body -Wno-uninitialized -Wno-unknown-pragmas -Wno-shadow -Wno-four-char-constants -Wno-conversion -Wno-constant-conversion -Wno-int-conversion -Wno-bool-conversion -Wno-enum-conversion -Wno-float-conversion -Wno-non-literal-null-conversion -Wno-objc-literal-conversion -Wshorten-64-to-32 -Wno-newline-eof -Wno-selector -Wno-strict-selector-match -Wno-undeclared-selector -Wno-deprecated-implementations -Wno-c++11-extensions -Wno-implicit-fallthrough -isysroot /Applications/Xcode.app/Contents/Developer/Platforms/MacOSX.platform/Developer/SDKs/MacOSX27.0.sdk -fstrict-aliasing -Wprotocol -Wdeprecated-declarations -Winvalid-offsetof -Wno-sign-conversion -Wno-infinite-recursion -Wno-move -Wno-comma -Wno-block-capture-autoreleasing -Wno-strict-prototypes -Wno-range-loop-analysis -Wno-semicolon-before-method-body -index-store-path /Users/buddhirajgautam/Library/Developer/Xcode/DerivedData/Telegram-Mac-fygdgghdgmuleoelvxabfmqiotta/Index.noindex/DataStore @/Users/buddhirajgautam/Library/Developer/Xcode/DerivedData/Telegram-Mac-fygdgghdgmuleoelvxabfmqiotta/Build/Intermediates.noindex/LokiRng.build/Debug/LokiRng-t.build/Objects-normal/arm64/af3fcb34312c57c0f52879cdce924b91-common-args.resp -MMD -MT dependencies -MF /Users/buddhirajgautam/Library/Developer/Xcode/DerivedData/Telegram-Mac-fygdgghdgmuleoelvxabfmqiotta/Build/Intermediates.noindex/LokiRng.build/Debug/LokiRng-t.build/Objects-normal/arm64/LokiRng.d --serialize-diagnostics /Users/buddhirajgautam/Library/Developer/Xcode/DerivedData/Telegram-Mac-fygdgghdgmuleoelvxabfmqiotta/Build/Intermediates.noindex/LokiRng.build/Debug/LokiRng-t.build/Objects-normal/arm64/LokiRng.dia -c /Users/buddhirajgautam/Documents/Cherrygram-Mac/macOS-Swift/submodules/telegram-ios/submodules/Utils/LokiRng/Sources/LokiRng.mm -o /Users/buddhirajgautam/Library/Developer/Xcode/DerivedData/Telegram-Mac-fygdgghdgmuleoelvxabfmqiotta/Build/Intermediates.noindex/LokiRng.build/Debug/LokiRng-t.build/Objects-normal/arm64/LokiRng.o -index-unit-output-path /LokiRng.build/Debug/LokiRng-t.build/Objects-normal/arm64/LokiRng.o

CompileC /Users/buddhirajgautam/Library/Developer/Xcode/DerivedData/Telegram-Mac-fygdgghdgmuleoelvxabfmqiotta/Build/Intermediates.noindex/EncryptionProvider.build/Debug/EncryptionProvider-t.build/Objects-normal/arm64/EncryptionProvider.o /Users/buddhirajgautam/Documents/Cherrygram-Mac/macOS-Swift/submodules/telegram-ios/submodules/EncryptionProvider/Sources/EncryptionProvider.mm normal arm64 objective-c++ com.apple.compilers.llvm.clang.1_0.compiler (in target 'EncryptionProvider' from project 'EncryptionProvider')
    cd /Users/buddhirajgautam/Documents/Cherrygram-Mac/macOS-Swift
    
    Using response file: /Users/buddhirajgautam/Library/Developer/Xcode/DerivedData/Telegram-Mac-fygdgghdgmuleoelvxabfmqiotta/Build/Intermediates.noindex/EncryptionProvider.build/Debug/EncryptionProvider-t.build/Objects-normal/arm64/af3fcb34312c57c0f52879cdce924b91-common-args.resp
    
    /Applications/Xcode.app/Contents/Developer/Toolchains/XcodeDefault.xctoolchain/usr/bin/clang -x objective-c++ -ivfsstatcache /Users/buddhirajgautam/Library/Developer/Xcode/DerivedData/SDKStatCaches.noindex/macosx27.0-26A425-e829b21a6f8c9b70876ba0858053c0447231f6df4def33e022ae2eb8f782df1a.sdkstatcache -target arm64-apple-macos12.0 -fmessage-length\=0 -fdiagnostics-show-note-include-stack -fmacro-backtrace-limit\=0 -fno-color-diagnostics -fmodules-prune-interval\=86400 -fmodules-prune-after\=345600 -fbuild-session-file\=/Users/buddhirajgautam/Library/Developer/Xcode/DerivedData/ModuleCache.noindex/Session.modulevalidation -fmodules-validate-once-per-build-session -Wnon-modular-include-in-framework-module -Werror\=non-modular-include-in-framework-module -Wno-trigraphs -Wno-missing-field-initializers -Wno-missing-prototypes -Wno-return-type -Wno-implicit-atomic-properties -Wno-objc-interface-ivars -Wno-arc-repeated-use-of-weak -Wno-non-virtual-dtor -Wno-overloaded-virtual -Wno-exit-time-destructors -Wno-missing-braces -Wparentheses -Wswitch -Wno-unused-function -Wno-unused-label -Wno-unused-parameter -Wno-unused-variable -Wunused-value -Wno-empty-body -Wno-uninitialized -Wno-unknown-pragmas -Wno-shadow -Wno-four-char-constants -Wno-conversion -Wno-constant-conversion -Wno-int-conversion -Wno-bool-conversion -Wno-enum-conversion -Wno-float-conversion -Wno-non-literal-null-conversion -Wno-objc-literal-conversion -Wshorten-64-to-32 -Wno-newline-eof -Wno-selector -Wno-strict-selector-match -Wno-undeclared-selector -Wno-deprecated-implementations -Wno-c++11-extensions -Wno-implicit-fallthrough -isysroot /Applications/Xcode.app/Contents/Developer/Platforms/MacOSX.platform/Developer/SDKs/MacOSX27.0.sdk -fstrict-aliasing -Wprotocol -Wdeprecated-declarations -Winvalid-offsetof -Wno-sign-conversion -Wno-infinite-recursion -Wno-move -Wno-comma -Wno-block-capture-autoreleasing -Wno-strict-prototypes -Wno-range-loop-analysis -Wno-semicolon-before-method-body -index-store-path /Users/buddhirajgautam/Library/Developer/Xcode/DerivedData/Telegram-Mac-fygdgghdgmuleoelvxabfmqiotta/Index.noindex/DataStore @/Users/buddhirajgautam/Library/Developer/Xcode/DerivedData/Telegram-Mac-fygdgghdgmuleoelvxabfmqiotta/Build/Intermediates.noindex/EncryptionProvider.build/Debug/EncryptionProvider-t.build/Objects-normal/arm64/af3fcb34312c57c0f52879cdce924b91-common-args.resp -MMD -MT dependencies -MF /Users/buddhirajgautam/Library/Developer/Xcode/DerivedData/Telegram-Mac-fygdgghdgmuleoelvxabfmqiotta/Build/Intermediates.noindex/EncryptionProvider.build/Debug/EncryptionProvider-t.build/Objects-normal/arm64/EncryptionProvider.d --serialize-diagnostics /Users/buddhirajgautam/Library/Developer/Xcode/DerivedData/Telegram-Mac-fygdgghdgmuleoelvxabfmqiotta/Build/Intermediates.noindex/EncryptionProvider.build/Debug/EncryptionProvider-t.build/Objects-normal/arm64/EncryptionProvider.dia -c /Users/buddhirajgautam/Documents/Cherrygram-Mac/macOS-Swift/submodules/telegram-ios/submodules/EncryptionProvider/Sources/EncryptionProvider.mm -o /Users/buddhirajgautam/Library/Developer/Xcode/DerivedData/Telegram-Mac-fygdgghdgmuleoelvxabfmqiotta/Build/Intermediates.noindex/EncryptionProvider.build/Debug/EncryptionProvider-t.build/Objects-normal/arm64/EncryptionProvider.o -index-unit-output-path /EncryptionProvider.build/Debug/EncryptionProvider-t.build/Objects-normal/arm64/EncryptionProvider.o

CompileC /Users/buddhirajgautam/Library/Developer/Xcode/DerivedData/Telegram-Mac-fygdgghdgmuleoelvxabfmqiotta/Build/Intermediates.noindex/EmojiSuggestions.build/Debug/EmojiSuggestions-t.build/Objects-normal/arm64/emoji_suggestions_data.o /Users/buddhirajgautam/Documents/Cherrygram-Mac/macOS-Swift/packages/EmojiSuggestions/Sources/emoji_suggestions_data.cpp normal arm64 c++ com.apple.compilers.llvm.clang.1_0.compiler (in target 'EmojiSuggestions' from project 'EmojiSuggestions')
    cd /Users/buddhirajgautam/Documents/Cherrygram-Mac/macOS-Swift
    
    Using response file: /Users/buddhirajgautam/Library/Developer/Xcode/DerivedData/Telegram-Mac-fygdgghdgmuleoelvxabfmqiotta/Build/Intermediates.noindex/EmojiSuggestions.build/Debug/EmojiSuggestions-t.build/Objects-normal/arm64/82b82416624d2658e5098eb0a28c15c5-common-args.resp
    
    /Applications/Xcode.app/Contents/Developer/Toolchains/XcodeDefault.xctoolchain/usr/bin/clang -x c++ -ivfsstatcache /Users/buddhirajgautam/Library/Developer/Xcode/DerivedData/SDKStatCaches.noindex/macosx27.0-26A425-e829b21a6f8c9b70876ba0858053c0447231f6df4def33e022ae2eb8f782df1a.sdkstatcache -target arm64-apple-macos12.0 -fmessage-length\=0 -fdiagnostics-show-note-include-stack -fmacro-backtrace-limit\=0 -fno-color-diagnostics -fmodules-prune-interval\=86400 -fmodules-prune-after\=345600 -fbuild-session-file\=/Users/buddhirajgautam/Library/Developer/Xcode/DerivedData/ModuleCache.noindex/Session.modulevalidation -fmodules-validate-once-per-build-session -Wnon-modular-include-in-framework-module -Werror\=non-modular-include-in-framework-module -Wno-trigraphs -Wno-missing-field-initializers -Wno-missing-prototypes -Wno-return-type -Wno-non-virtual-dtor -Wno-overloaded-virtual -Wno-exit-time-destructors -Wno-missing-braces -Wparentheses -Wswitch -Wno-unused-function -Wno-unused-label -Wno-unused-parameter -Wno-unused-variable -Wunused-value -Wno-empty-body -Wno-uninitialized -Wno-unknown-pragmas -Wno-shadow -Wno-four-char-constants -Wno-conversion -Wno-constant-conversion -Wno-int-conversion -Wno-bool-conversion -Wno-enum-conversion -Wno-float-conversion -Wno-non-literal-null-conversion -Wno-objc-literal-conversion -Wshorten-64-to-32 -Wno-newline-eof -Wno-c++11-extensions -Wno-implicit-fallthrough -isysroot /Applications/Xcode.app/Contents/Developer/Platforms/MacOSX.platform/Developer/SDKs/MacOSX27.0.sdk -fstrict-aliasing -Wdeprecated-declarations -Winvalid-offsetof -Wno-sign-conversion -Wno-infinite-recursion -Wno-move -Wno-comma -Wno-block-capture-autoreleasing -Wno-strict-prototypes -Wno-range-loop-analysis -Wno-semicolon-before-method-body -index-store-path /Users/buddhirajgautam/Library/Developer/Xcode/DerivedData/Telegram-Mac-fygdgghdgmuleoelvxabfmqiotta/Index.noindex/DataStore @/Users/buddhirajgautam/Library/Developer/Xcode/DerivedData/Telegram-Mac-fygdgghdgmuleoelvxabfmqiotta/Build/Intermediates.noindex/EmojiSuggestions.build/Debug/EmojiSuggestions-t.build/Objects-normal/arm64/82b82416624d2658e5098eb0a28c15c5-common-args.resp -MMD -MT dependencies -MF /Users/buddhirajgautam/Library/Developer/Xcode/DerivedData/Telegram-Mac-fygdgghdgmuleoelvxabfmqiotta/Build/Intermediates.noindex/EmojiSuggestions.build/Debug/EmojiSuggestions-t.build/Objects-normal/arm64/emoji_suggestions_data.d --serialize-diagnostics /Users/buddhirajgautam/Library/Developer/Xcode/DerivedData/Telegram-Mac-fygdgghdgmuleoelvxabfmqiotta/Build/Intermediates.noindex/EmojiSuggestions.build/Debug/EmojiSuggestions-t.build/Objects-normal/arm64/emoji_suggestions_data.dia -c /Users/buddhirajgautam/Documents/Cherrygram-Mac/macOS-Swift/packages/EmojiSuggestions/Sources/emoji_suggestions_data.cpp -o /Users/buddhirajgautam/Library/Developer/Xcode/DerivedData/Telegram-Mac-fygdgghdgmuleoelvxabfmqiotta/Build/Intermediates.noindex/EmojiSuggestions.build/Debug/EmojiSuggestions-t.build/Objects-normal/arm64/emoji_suggestions_data.o -index-unit-output-path /EmojiSuggestions.build/Debug/EmojiSuggestions-t.build/Objects-normal/arm64/emoji_suggestions_data.o

CompileC /Users/buddhirajgautam/Library/Developer/Xcode/DerivedData/Telegram-Mac-fygdgghdgmuleoelvxabfmqiotta/Build/Intermediates.noindex/EmojiSuggestions.build/Debug/EmojiSuggestions-t.build/Objects-normal/arm64/emoji_suggestions.o /Users/buddhirajgautam/Documents/Cherrygram-Mac/macOS-Swift/packages/EmojiSuggestions/Sources/emoji_suggestions.cpp normal arm64 c++ com.apple.compilers.llvm.clang.1_0.compiler (in target 'EmojiSuggestions' from project 'EmojiSuggestions')
    cd /Users/buddhirajgautam/Documents/Cherrygram-Mac/macOS-Swift
    
    Using response file: /Users/buddhirajgautam/Library/Developer/Xcode/DerivedData/Telegram-Mac-fygdgghdgmuleoelvxabfmqiotta/Build/Intermediates.noindex/EmojiSuggestions.build/Debug/EmojiSuggestions-t.build/Objects-normal/arm64/82b82416624d2658e5098eb0a28c15c5-common-args.resp
    
    /Applications/Xcode.app/Contents/Developer/Toolchains/XcodeDefault.xctoolchain/usr/bin/clang -x c++ -ivfsstatcache /Users/buddhirajgautam/Library/Developer/Xcode/DerivedData/SDKStatCaches.noindex/macosx27.0-26A425-e829b21a6f8c9b70876ba0858053c0447231f6df4def33e022ae2eb8f782df1a.sdkstatcache -target arm64-apple-macos12.0 -fmessage-length\=0 -fdiagnostics-show-note-include-stack -fmacro-backtrace-limit\=0 -fno-color-diagnostics -fmodules-prune-interval\=86400 -fmodules-prune-after\=345600 -fbuild-session-file\=/Users/buddhirajgautam/Library/Developer/Xcode/DerivedData/ModuleCache.noindex/Session.modulevalidation -fmodules-validate-once-per-build-session -Wnon-modular-include-in-framework-module -Werror\=non-modular-include-in-framework-module -Wno-trigraphs -Wno-missing-field-initializers -Wno-missing-prototypes -Wno-return-type -Wno-non-virtual-dtor -Wno-overloaded-virtual -Wno-exit-time-destructors -Wno-missing-braces -Wparentheses -Wswitch -Wno-unused-function -Wno-unused-label -Wno-unused-parameter -Wno-unused-variable -Wunused-value -Wno-empty-body -Wno-uninitialized -Wno-unknown-pragmas -Wno-shadow -Wno-four-char-constants -Wno-conversion -Wno-constant-conversion -Wno-int-conversion -Wno-bool-conversion -Wno-enum-conversion -Wno-float-conversion -Wno-non-literal-null-conversion -Wno-objc-literal-conversion -Wshorten-64-to-32 -Wno-newline-eof -Wno-c++11-extensions -Wno-implicit-fallthrough -isysroot /Applications/Xcode.app/Contents/Developer/Platforms/MacOSX.platform/Developer/SDKs/MacOSX27.0.sdk -fstrict-aliasing -Wdeprecated-declarations -Winvalid-offsetof -Wno-sign-conversion -Wno-infinite-recursion -Wno-move -Wno-comma -Wno-block-capture-autoreleasing -Wno-strict-prototypes -Wno-range-loop-analysis -Wno-semicolon-before-method-body -index-store-path /Users/buddhirajgautam/Library/Developer/Xcode/DerivedData/Telegram-Mac-fygdgghdgmuleoelvxabfmqiotta/Index.noindex/DataStore @/Users/buddhirajgautam/Library/Developer/Xcode/DerivedData/Telegram-Mac-fygdgghdgmuleoelvxabfmqiotta/Build/Intermediates.noindex/EmojiSuggestions.build/Debug/EmojiSuggestions-t.build/Objects-normal/arm64/82b82416624d2658e5098eb0a28c15c5-common-args.resp -MMD -MT dependencies -MF /Users/buddhirajgautam/Library/Developer/Xcode/DerivedData/Telegram-Mac-fygdgghdgmuleoelvxabfmqiotta/Build/Intermediates.noindex/EmojiSuggestions.build/Debug/EmojiSuggestions-t.build/Objects-normal/arm64/emoji_suggestions.d --serialize-diagnostics /Users/buddhirajgautam/Library/Developer/Xcode/DerivedData/Telegram-Mac-fygdgghdgmuleoelvxabfmqiotta/Build/Intermediates.noindex/EmojiSuggestions.build/Debug/EmojiSuggestions-t.build/Objects-normal/arm64/emoji_suggestions.dia -c /Users/buddhirajgautam/Documents/Cherrygram-Mac/macOS-Swift/packages/EmojiSuggestions/Sources/emoji_suggestions.cpp -o /Users/buddhirajgautam/Library/Developer/Xcode/DerivedData/Telegram-Mac-fygdgghdgmuleoelvxabfmqiotta/Build/Intermediates.noindex/EmojiSuggestions.build/Debug/EmojiSuggestions-t.build/Objects-normal/arm64/emoji_suggestions.o -index-unit-output-path /EmojiSuggestions.build/Debug/EmojiSuggestions-t.build/Objects-normal/arm64/emoji_suggestions.o
/Users/buddhirajgautam/Documents/Cherrygram-Mac/macOS-Swift/packages/EmojiSuggestions/Sources/emoji_suggestions.cpp:238:22: warning: implicit conversion loses integer precision: 'size_type' (aka 'unsigned long') to 'int' [-Wshorten-64-to-32]
  238 |         _querySize = _query.size();
      |                    ~ ~~~~~~~^~~~~~
/Users/buddhirajgautam/Documents/Cherrygram-Mac/macOS-Swift/packages/EmojiSuggestions/Sources/emoji_suggestions.cpp:297:20: warning: implicit conversion loses integer precision: 'size_type' (aka 'unsigned long') to 'int' [-Wshorten-64-to-32]
  297 |                         maxWordsCount = wordsCount;
      |                                       ~ ^~~~~~~~~~
/Users/buddhirajgautam/Documents/Cherrygram-Mac/macOS-Swift/packages/EmojiSuggestions/Sources/emoji_suggestions.cpp:328:12: warning: implicit conversion loses integer precision: 'std::size_t' (aka 'unsigned long') to 'int' [-Wshorten-64-to-32]
  328 |                 if (word[i] != _query[i]) {
      |                     ~~~~ ^
/Users/buddhirajgautam/Documents/Cherrygram-Mac/macOS-Swift/packages/EmojiSuggestions/Sources/emoji_suggestions.cpp:340:19: warning: implicit conversion loses integer precision: 'std::size_t' (aka 'unsigned long') to 'int' [-Wshorten-64-to-32]
  340 |                 if (replacement[i] != _initialQuery[i]) {
      |                     ~~~~~~~~~~~ ^
/Users/buddhirajgautam/Documents/Cherrygram-Mac/macOS-Swift/packages/EmojiSuggestions/Sources/emoji_suggestions.cpp:340:39: warning: implicit conversion loses integer precision: 'std::size_t' (aka 'unsigned long') to 'int' [-Wshorten-64-to-32]
  340 |                 if (replacement[i] != _initialQuery[i]) {
      |                                       ~~~~~~~~~~~~~ ^
/Users/buddhirajgautam/Documents/Cherrygram-Mac/macOS-Swift/packages/EmojiSuggestions/Sources/emoji_suggestions.cpp:358:60: warning: implicit conversion loses integer precision: 'long' to 'int' [-Wshorten-64-to-32]
  358 |                 if (auto guard = UsedWordGuard(_currentItemWordsUsedMap, wordIndex)) {
      |                                  ~~~~~~~~~~~~~                           ^~~~~~~~~
/Users/buddhirajgautam/Documents/Cherrygram-Mac/macOS-Swift/packages/EmojiSuggestions/Sources/emoji_suggestions.cpp:384:9: warning: implicit conversion loses integer precision: 'std::size_t' (aka 'unsigned long') to 'int' [-Wshorten-64-to-32]
  384 |         return possibleEqualCharsCount;
      |         ~~~~~~ ^~~~~~~~~~~~~~~~~~~~~~~
7 warnings generated.

Ld /Users/buddhirajgautam/Library/Developer/Xcode/DerivedData/Telegram-Mac-fygdgghdgmuleoelvxabfmqiotta/Build/Products/Debug/LokiRng.o normal (in target 'LokiRng' from project 'LokiRng')
    cd /Users/buddhirajgautam/Documents/Cherrygram-Mac/macOS-Swift/submodules/telegram-ios/submodules/Utils/LokiRng
    /Applications/Xcode.app/Contents/Developer/Toolchains/XcodeDefault.xctoolchain/usr/bin/clang++ -Xlinker -reproducible -target arm64-apple-macos12.0 -r -isysroot /Applications/Xcode.app/Contents/Developer/Platforms/MacOSX.platform/Developer/SDKs/MacOSX27.0.sdk -O0 -Xlinker -no_warn_duplicate_libraries -F/Users/buddhirajgautam/Library/Developer/Xcode/DerivedData/Telegram-Mac-fygdgghdgmuleoelvxabfmqiotta/Build/Intermediates.noindex/EagerLinkingTBDs/Debug -F/Users/buddhirajgautam/Library/Developer/Xcode/DerivedData/Telegram-Mac-fygdgghdgmuleoelvxabfmqiotta/Build/Products/Debug -iframework /Applications/Xcode.app/Contents/Developer/Platforms/MacOSX.platform/Developer/Library/Frameworks -filelist /Users/buddhirajgautam/Library/Developer/Xcode/DerivedData/Telegram-Mac-fygdgghdgmuleoelvxabfmqiotta/Build/Intermediates.noindex/LokiRng.build/Debug/LokiRng-t.build/Objects-normal/arm64/LokiRng.LinkFileList -nostdlib -Xlinker -object_path_lto -Xlinker /Users/buddhirajgautam/Library/Developer/Xcode/DerivedData/Telegram-Mac-fygdgghdgmuleoelvxabfmqiotta/Build/Intermediates.noindex/LokiRng.build/Debug/LokiRng-t.build/Objects-normal/arm64/LokiRng_lto.o -Xlinker -no_deduplicate -Xlinker -debug_variant -Xlinker -dependency_info -Xlinker /Users/buddhirajgautam/Library/Developer/Xcode/DerivedData/Telegram-Mac-fygdgghdgmuleoelvxabfmqiotta/Build/Intermediates.noindex/LokiRng.build/Debug/LokiRng-t.build/Objects-normal/arm64/LokiRng_dependency_info.dat -fobjc-arc -fobjc-link-runtime -o /Users/buddhirajgautam/Library/Developer/Xcode/DerivedData/Telegram-Mac-fygdgghdgmuleoelvxabfmqiotta/Build/Products/Debug/LokiRng.o

CompileC /Users/buddhirajgautam/Library/Developer/Xcode/DerivedData/Telegram-Mac-fygdgghdgmuleoelvxabfmqiotta/Build/Intermediates.noindex/EmojiSuggestions.build/Debug/EmojiSuggestions-t.build/Objects-normal/arm64/EmojiSuggestionBridge.o /Users/buddhirajgautam/Documents/Cherrygram-Mac/macOS-Swift/packages/EmojiSuggestions/Sources/EmojiSuggestionBridge.mm normal arm64 objective-c++ com.apple.compilers.llvm.clang.1_0.compiler (in target 'EmojiSuggestions' from project 'EmojiSuggestions')
    cd /Users/buddhirajgautam/Documents/Cherrygram-Mac/macOS-Swift
    
    Using response file: /Users/buddhirajgautam/Library/Developer/Xcode/DerivedData/Telegram-Mac-fygdgghdgmuleoelvxabfmqiotta/Build/Intermediates.noindex/EmojiSuggestions.build/Debug/EmojiSuggestions-t.build/Objects-normal/arm64/af3fcb34312c57c0f52879cdce924b91-common-args.resp
    
    /Applications/Xcode.app/Contents/Developer/Toolchains/XcodeDefault.xctoolchain/usr/bin/clang -x objective-c++ -ivfsstatcache /Users/buddhirajgautam/Library/Developer/Xcode/DerivedData/SDKStatCaches.noindex/macosx27.0-26A425-e829b21a6f8c9b70876ba0858053c0447231f6df4def33e022ae2eb8f782df1a.sdkstatcache -target arm64-apple-macos12.0 -fmessage-length\=0 -fdiagnostics-show-note-include-stack -fmacro-backtrace-limit\=0 -fno-color-diagnostics -fmodules-prune-interval\=86400 -fmodules-prune-after\=345600 -fbuild-session-file\=/Users/buddhirajgautam/Library/Developer/Xcode/DerivedData/ModuleCache.noindex/Session.modulevalidation -fmodules-validate-once-per-build-session -Wnon-modular-include-in-framework-module -Werror\=non-modular-include-in-framework-module -Wno-trigraphs -Wno-missing-field-initializers -Wno-missing-prototypes -Wno-return-type -Wno-implicit-atomic-properties -Wno-objc-interface-ivars -Wno-arc-repeated-use-of-weak -Wno-non-virtual-dtor -Wno-overloaded-virtual -Wno-exit-time-destructors -Wno-missing-braces -Wparentheses -Wswitch -Wno-unused-function -Wno-unused-label -Wno-unused-parameter -Wno-unused-variable -Wunused-value -Wno-empty-body -Wno-uninitialized -Wno-unknown-pragmas -Wno-shadow -Wno-four-char-constants -Wno-conversion -Wno-constant-conversion -Wno-int-conversion -Wno-bool-conversion -Wno-enum-conversion -Wno-float-conversion -Wno-non-literal-null-conversion -Wno-objc-literal-conversion -Wshorten-64-to-32 -Wno-newline-eof -Wno-selector -Wno-strict-selector-match -Wno-undeclared-selector -Wno-deprecated-implementations -Wno-c++11-extensions -Wno-implicit-fallthrough -isysroot /Applications/Xcode.app/Contents/Developer/Platforms/MacOSX.platform/Developer/SDKs/MacOSX27.0.sdk -fstrict-aliasing -Wprotocol -Wdeprecated-declarations -Winvalid-offsetof -Wno-sign-conversion -Wno-infinite-recursion -Wno-move -Wno-comma -Wno-block-capture-autoreleasing -Wno-strict-prototypes -Wno-range-loop-analysis -Wno-semicolon-before-method-body -index-store-path /Users/buddhirajgautam/Library/Developer/Xcode/DerivedData/Telegram-Mac-fygdgghdgmuleoelvxabfmqiotta/Index.noindex/DataStore @/Users/buddhirajgautam/Library/Developer/Xcode/DerivedData/Telegram-Mac-fygdgghdgmuleoelvxabfmqiotta/Build/Intermediates.noindex/EmojiSuggestions.build/Debug/EmojiSuggestions-t.build/Objects-normal/arm64/af3fcb34312c57c0f52879cdce924b91-common-args.resp -MMD -MT dependencies -MF /Users/buddhirajgautam/Library/Developer/Xcode/DerivedData/Telegram-Mac-fygdgghdgmuleoelvxabfmqiotta/Build/Intermediates.noindex/EmojiSuggestions.build/Debug/EmojiSuggestions-t.build/Objects-normal/arm64/EmojiSuggestionBridge.d --serialize-diagnostics /Users/buddhirajgautam/Library/Developer/Xcode/DerivedData/Telegram-Mac-fygdgghdgmuleoelvxabfmqiotta/Build/Intermediates.noindex/EmojiSuggestions.build/Debug/EmojiSuggestions-t.build/Objects-normal/arm64/EmojiSuggestionBridge.dia -c /Users/buddhirajgautam/Documents/Cherrygram-Mac/macOS-Swift/packages/EmojiSuggestions/Sources/EmojiSuggestionBridge.mm -o /Users/buddhirajgautam/Library/Developer/Xcode/DerivedData/Telegram-Mac-fygdgghdgmuleoelvxabfmqiotta/Build/Intermediates.noindex/EmojiSuggestions.build/Debug/EmojiSuggestions-t.build/Objects-normal/arm64/EmojiSuggestionBridge.o -index-unit-output-path /EmojiSuggestions.build/Debug/EmojiSuggestions-t.build/Objects-normal/arm64/EmojiSuggestionBridge.o

Ld /Users/buddhirajgautam/Library/Developer/Xcode/DerivedData/Telegram-Mac-fygdgghdgmuleoelvxabfmqiotta/Build/Products/Debug/EncryptionProvider.o normal (in target 'EncryptionProvider' from project 'EncryptionProvider')
    cd /Users/buddhirajgautam/Documents/Cherrygram-Mac/macOS-Swift/submodules/telegram-ios/submodules/EncryptionProvider
    /Applications/Xcode.app/Contents/Developer/Toolchains/XcodeDefault.xctoolchain/usr/bin/clang++ -Xlinker -reproducible -target arm64-apple-macos12.0 -r -isysroot /Applications/Xcode.app/Contents/Developer/Platforms/MacOSX.platform/Developer/SDKs/MacOSX27.0.sdk -O0 -Xlinker -no_warn_duplicate_libraries -F/Users/buddhirajgautam/Library/Developer/Xcode/DerivedData/Telegram-Mac-fygdgghdgmuleoelvxabfmqiotta/Build/Intermediates.noindex/EagerLinkingTBDs/Debug -F/Users/buddhirajgautam/Library/Developer/Xcode/DerivedData/Telegram-Mac-fygdgghdgmuleoelvxabfmqiotta/Build/Products/Debug -iframework /Applications/Xcode.app/Contents/Developer/Platforms/MacOSX.platform/Developer/Library/Frameworks -filelist /Users/buddhirajgautam/Library/Developer/Xcode/DerivedData/Telegram-Mac-fygdgghdgmuleoelvxabfmqiotta/Build/Intermediates.noindex/EncryptionProvider.build/Debug/EncryptionProvider-t.build/Objects-normal/arm64/EncryptionProvider.LinkFileList -nostdlib -Xlinker -object_path_lto -Xlinker /Users/buddhirajgautam/Library/Developer/Xcode/DerivedData/Telegram-Mac-fygdgghdgmuleoelvxabfmqiotta/Build/Intermediates.noindex/EncryptionProvider.build/Debug/EncryptionProvider-t.build/Objects-normal/arm64/EncryptionProvider_lto.o -Xlinker -no_deduplicate -Xlinker -debug_variant -Xlinker -dependency_info -Xlinker /Users/buddhirajgautam/Library/Developer/Xcode/DerivedData/Telegram-Mac-fygdgghdgmuleoelvxabfmqiotta/Build/Intermediates.noindex/EncryptionProvider.build/Debug/EncryptionProvider-t.build/Objects-normal/arm64/EncryptionProvider_dependency_info.dat -fobjc-arc -fobjc-link-runtime -o /Users/buddhirajgautam/Library/Developer/Xcode/DerivedData/Telegram-Mac-fygdgghdgmuleoelvxabfmqiotta/Build/Products/Debug/EncryptionProvider.o

CompileC /Users/buddhirajgautam/Library/Developer/Xcode/DerivedData/Telegram-Mac-fygdgghdgmuleoelvxabfmqiotta/Build/Intermediates.noindex/DateUtils.build/Debug/DateUtils-t.build/Objects-normal/arm64/DateUtils.o /Users/buddhirajgautam/Documents/Cherrygram-Mac/macOS-Swift/packages/DateUtils/Sources/DateUtils/DateUtils.mm normal arm64 objective-c++ com.apple.compilers.llvm.clang.1_0.compiler (in target 'DateUtils' from project 'DateUtils')
    cd /Users/buddhirajgautam/Documents/Cherrygram-Mac/macOS-Swift
    
    Using response file: /Users/buddhirajgautam/Library/Developer/Xcode/DerivedData/Telegram-Mac-fygdgghdgmuleoelvxabfmqiotta/Build/Intermediates.noindex/DateUtils.build/Debug/DateUtils-t.build/Objects-normal/arm64/af3fcb34312c57c0f52879cdce924b91-common-args.resp
    
    /Applications/Xcode.app/Contents/Developer/Toolchains/XcodeDefault.xctoolchain/usr/bin/clang -x objective-c++ -ivfsstatcache /Users/buddhirajgautam/Library/Developer/Xcode/DerivedData/SDKStatCaches.noindex/macosx27.0-26A425-e829b21a6f8c9b70876ba0858053c0447231f6df4def33e022ae2eb8f782df1a.sdkstatcache -target arm64-apple-macos12.0 -fmessage-length\=0 -fdiagnostics-show-note-include-stack -fmacro-backtrace-limit\=0 -fno-color-diagnostics -fmodules-prune-interval\=86400 -fmodules-prune-after\=345600 -fbuild-session-file\=/Users/buddhirajgautam/Library/Developer/Xcode/DerivedData/ModuleCache.noindex/Session.modulevalidation -fmodules-validate-once-per-build-session -Wnon-modular-include-in-framework-module -Werror\=non-modular-include-in-framework-module -Wno-trigraphs -Wno-missing-field-initializers -Wno-missing-prototypes -Wno-return-type -Wno-implicit-atomic-properties -Wno-objc-interface-ivars -Wno-arc-repeated-use-of-weak -Wno-non-virtual-dtor -Wno-overloaded-virtual -Wno-exit-time-destructors -Wno-missing-braces -Wparentheses -Wswitch -Wno-unused-function -Wno-unused-label -Wno-unused-parameter -Wno-unused-variable -Wunused-value -Wno-empty-body -Wno-uninitialized -Wno-unknown-pragmas -Wno-shadow -Wno-four-char-constants -Wno-conversion -Wno-constant-conversion -Wno-int-conversion -Wno-bool-conversion -Wno-enum-conversion -Wno-float-conversion -Wno-non-literal-null-conversion -Wno-objc-literal-conversion -Wshorten-64-to-32 -Wno-newline-eof -Wno-selector -Wno-strict-selector-match -Wno-undeclared-selector -Wno-deprecated-implementations -Wno-c++11-extensions -Wno-implicit-fallthrough -isysroot /Applications/Xcode.app/Contents/Developer/Platforms/MacOSX.platform/Developer/SDKs/MacOSX27.0.sdk -fstrict-aliasing -Wprotocol -Wdeprecated-declarations -Winvalid-offsetof -Wno-sign-conversion -Wno-infinite-recursion -Wno-move -Wno-comma -Wno-block-capture-autoreleasing -Wno-strict-prototypes -Wno-range-loop-analysis -Wno-semicolon-before-method-body -index-store-path /Users/buddhirajgautam/Library/Developer/Xcode/DerivedData/Telegram-Mac-fygdgghdgmuleoelvxabfmqiotta/Index.noindex/DataStore @/Users/buddhirajgautam/Library/Developer/Xcode/DerivedData/Telegram-Mac-fygdgghdgmuleoelvxabfmqiotta/Build/Intermediates.noindex/DateUtils.build/Debug/DateUtils-t.build/Objects-normal/arm64/af3fcb34312c57c0f52879cdce924b91-common-args.resp -MMD -MT dependencies -MF /Users/buddhirajgautam/Library/Developer/Xcode/DerivedData/Telegram-Mac-fygdgghdgmuleoelvxabfmqiotta/Build/Intermediates.noindex/DateUtils.build/Debug/DateUtils-t.build/Objects-normal/arm64/DateUtils.d --serialize-diagnostics /Users/buddhirajgautam/Library/Developer/Xcode/DerivedData/Telegram-Mac-fygdgghdgmuleoelvxabfmqiotta/Build/Intermediates.noindex/DateUtils.build/Debug/DateUtils-t.build/Objects-normal/arm64/DateUtils.dia -c /Users/buddhirajgautam/Documents/Cherrygram-Mac/macOS-Swift/packages/DateUtils/Sources/DateUtils/DateUtils.mm -o /Users/buddhirajgautam/Library/Developer/Xcode/DerivedData/Telegram-Mac-fygdgghdgmuleoelvxabfmqiotta/Build/Intermediates.noindex/DateUtils.build/Debug/DateUtils-t.build/Objects-normal/arm64/DateUtils.o -index-unit-output-path /DateUtils.build/Debug/DateUtils-t.build/Objects-normal/arm64/DateUtils.o
/Users/buddhirajgautam/Documents/Cherrygram-Mac/macOS-Swift/packages/DateUtils/Sources/DateUtils/DateUtils.mm:633:80: warning: format specifies type 'id' but the argument has type 'NSString *(*)()' [-Wformat]
  633 |                     return [[NSString alloc] initWithFormat:@"%@, %d:%02d AM", dayDiff == 0 ? value_today : value_tomorrow, timeinfo.tm_hour == 0 ? 12 : timeinfo.tm_hour, timeinfo.tm_min];
      |                                                               ~~               ^~~~~~~~~~~~~~~~~~~~~~~~~~~~~~~~~~~~~~~~~~~
/Users/buddhirajgautam/Documents/Cherrygram-Mac/macOS-Swift/packages/DateUtils/Sources/DateUtils/DateUtils.mm:635:80: warning: format specifies type 'id' but the argument has type 'NSString *(*)()' [-Wformat]
  635 |                     return [[NSString alloc] initWithFormat:@"%@, %d:%02d PM", dayDiff == 0 ? value_today : value_tomorrow, (timeinfo.tm_hour - 12 == 0) ? 12 : (timeinfo.tm_hour - 12), timeinfo.tm_min];
      |                                                               ~~               ^~~~~~~~~~~~~~~~~~~~~~~~~~~~~~~~~~~~~~~~~~~
/Users/buddhirajgautam/Documents/Cherrygram-Mac/macOS-Swift/packages/DateUtils/Sources/DateUtils/DateUtils.mm:638:75: warning: format specifies type 'id' but the argument has type 'NSString *(*)()' [-Wformat]
  638 |                 return [[NSString alloc] initWithFormat:@"%@, %02d:%02d", dayDiff == 0 ? value_today : value_tomorrow, timeinfo.tm_hour, timeinfo.tm_min];
      |                                                           ~~              ^~~~~~~~~~~~~~~~~~~~~~~~~~~~~~~~~~~~~~~~~~~
3 warnings generated.

ScanDependencies /Users/buddhirajgautam/Library/Developer/Xcode/DerivedData/Telegram-Mac-fygdgghdgmuleoelvxabfmqiotta/Build/Intermediates.noindex/GoogleUtilities.build/Debug/third-party-IsAppEncrypted-t.build/Objects-normal/arm64/IsAppEncrypted.o /Users/buddhirajgautam/Library/Developer/Xcode/DerivedData/Telegram-Mac-fygdgghdgmuleoelvxabfmqiotta/SourcePackages/checkouts/GoogleUtilities/third_party/IsAppEncrypted/IsAppEncrypted.m normal arm64 objective-c com.apple.compilers.llvm.clang.1_0.compiler (in target 'third-party-IsAppEncrypted' from project 'GoogleUtilities')
    cd /Users/buddhirajgautam/Documents/Cherrygram-Mac/macOS-Swift
    
    Using response file: /Users/buddhirajgautam/Library/Developer/Xcode/DerivedData/Telegram-Mac-fygdgghdgmuleoelvxabfmqiotta/Build/Intermediates.noindex/GoogleUtilities.build/Debug/third-party-IsAppEncrypted-t.build/Objects-normal/arm64/e6072d4f65d7061329687fe24e3d63a7-common-args.resp
    
    builtin-ScanDependencies -o /Users/buddhirajgautam/Library/Developer/Xcode/DerivedData/Telegram-Mac-fygdgghdgmuleoelvxabfmqiotta/Build/Intermediates.noindex/GoogleUtilities.build/Debug/third-party-IsAppEncrypted-t.build/Objects-normal/arm64/IsAppEncrypted.o.scan -- /Applications/Xcode.app/Contents/Developer/Toolchains/XcodeDefault.xctoolchain/usr/bin/clang -x objective-c -ivfsstatcache /Users/buddhirajgautam/Library/Developer/Xcode/DerivedData/SDKStatCaches.noindex/macosx27.0-26A425-e829b21a6f8c9b70876ba0858053c0447231f6df4def33e022ae2eb8f782df1a.sdkstatcache -target arm64-apple-macos12.0 -fmessage-length\=0 -fdiagnostics-show-note-include-stack -fmacro-backtrace-limit\=0 -fno-color-diagnostics -fmodules-prune-interval\=86400 -fmodules-prune-after\=345600 -fbuild-session-file\=/Users/buddhirajgautam/Library/Developer/Xcode/DerivedData/ModuleCache.noindex/Session.modulevalidation -fmodules-validate-once-per-build-session -Wnon-modular-include-in-framework-module -Werror\=non-modular-include-in-framework-module -Wno-trigraphs -Wno-missing-field-initializers -Wno-missing-prototypes -Wno-return-type -Wno-implicit-atomic-properties -Wno-objc-interface-ivars -Wno-arc-repeated-use-of-weak -Wno-missing-braces -Wparentheses -Wswitch -Wno-unused-function -Wno-unused-label -Wno-unused-parameter -Wno-unused-variable -Wunused-value -Wno-empty-body -Wno-uninitialized -Wno-unknown-pragmas -w -Wno-shadow -Wno-four-char-constants -Wno-conversion -Wno-constant-conversion -Wno-int-conversion -Wno-bool-conversion -Wno-enum-conversion -Wno-float-conversion -Wno-non-literal-null-conversion -Wno-objc-literal-conversion -Wshorten-64-to-32 -Wpointer-sign -Wno-newline-eof -Wno-selector -Wno-strict-selector-match -Wno-undeclared-selector -Wno-deprecated-implementations -Wno-implicit-fallthrough -isysroot /Applications/Xcode.app/Contents/Developer/Platforms/MacOSX.platform/Developer/SDKs/MacOSX27.0.sdk -fstrict-aliasing -Wprotocol -Wdeprecated-declarations -Wno-sign-conversion -Wno-infinite-recursion -Wno-comma -Wno-block-capture-autoreleasing -Wno-strict-prototypes -Wno-semicolon-before-method-body -index-store-path /Users/buddhirajgautam/Library/Developer/Xcode/DerivedData/Telegram-Mac-fygdgghdgmuleoelvxabfmqiotta/Index.noindex/DataStore @/Users/buddhirajgautam/Library/Developer/Xcode/DerivedData/Telegram-Mac-fygdgghdgmuleoelvxabfmqiotta/Build/Intermediates.noindex/GoogleUtilities.build/Debug/third-party-IsAppEncrypted-t.build/Objects-normal/arm64/e6072d4f65d7061329687fe24e3d63a7-common-args.resp -MMD -MT dependencies -MF /Users/buddhirajgautam/Library/Developer/Xcode/DerivedData/Telegram-Mac-fygdgghdgmuleoelvxabfmqiotta/Build/Intermediates.noindex/GoogleUtilities.build/Debug/third-party-IsAppEncrypted-t.build/Objects-normal/arm64/IsAppEncrypted.d --serialize-diagnostics /Users/buddhirajgautam/Library/Developer/Xcode/DerivedData/Telegram-Mac-fygdgghdgmuleoelvxabfmqiotta/Build/Intermediates.noindex/GoogleUtilities.build/Debug/third-party-IsAppEncrypted-t.build/Objects-normal/arm64/IsAppEncrypted.dia -c /Users/buddhirajgautam/Library/Developer/Xcode/DerivedData/Telegram-Mac-fygdgghdgmuleoelvxabfmqiotta/SourcePackages/checkouts/GoogleUtilities/third_party/IsAppEncrypted/IsAppEncrypted.m -o /Users/buddhirajgautam/Library/Developer/Xcode/DerivedData/Telegram-Mac-fygdgghdgmuleoelvxabfmqiotta/Build/Intermediates.noindex/GoogleUtilities.build/Debug/third-party-IsAppEncrypted-t.build/Objects-normal/arm64/IsAppEncrypted.o -index-unit-output-path /GoogleUtilities.build/Debug/third-party-IsAppEncrypted-t.build/Objects-normal/arm64/IsAppEncrypted.o

ScanDependencies /Users/buddhirajgautam/Library/Developer/Xcode/DerivedData/Telegram-Mac-fygdgghdgmuleoelvxabfmqiotta/Build/Intermediates.noindex/sqlcipher.build/Debug/sqlcipher-t.build/Objects-normal/arm64/sqlite3.o /Users/buddhirajgautam/Documents/Cherrygram-Mac/macOS-Swift/submodules/telegram-ios/submodules/sqlcipher/Sources/sqlite3.c normal arm64 c com.apple.compilers.llvm.clang.1_0.compiler (in target 'sqlcipher' from project 'sqlcipher')
    cd /Users/buddhirajgautam/Documents/Cherrygram-Mac/macOS-Swift
    
    Using response file: /Users/buddhirajgautam/Library/Developer/Xcode/DerivedData/Telegram-Mac-fygdgghdgmuleoelvxabfmqiotta/Build/Intermediates.noindex/sqlcipher.build/Debug/sqlcipher-t.build/Objects-normal/arm64/7187679823f38a2a940e0043cdf9d637-common-args.resp
    
    builtin-ScanDependencies -o /Users/buddhirajgautam/Library/Developer/Xcode/DerivedData/Telegram-Mac-fygdgghdgmuleoelvxabfmqiotta/Build/Intermediates.noindex/sqlcipher.build/Debug/sqlcipher-t.build/Objects-normal/arm64/sqlite3.o.scan -- /Applications/Xcode.app/Contents/Developer/Toolchains/XcodeDefault.xctoolchain/usr/bin/clang -x c -ivfsstatcache /Users/buddhirajgautam/Library/Developer/Xcode/DerivedData/SDKStatCaches.noindex/macosx27.0-26A425-e829b21a6f8c9b70876ba0858053c0447231f6df4def33e022ae2eb8f782df1a.sdkstatcache -target arm64-apple-macos12.0 -fmessage-length\=0 -fdiagnostics-show-note-include-stack -fmacro-backtrace-limit\=0 -fno-color-diagnostics -fmodules-prune-interval\=86400 -fmodules-prune-after\=345600 -fbuild-session-file\=/Users/buddhirajgautam/Library/Developer/Xcode/DerivedData/ModuleCache.noindex/Session.modulevalidation -fmodules-validate-once-per-build-session -Wnon-modular-include-in-framework-module -Werror\=non-modular-include-in-framework-module -Wno-trigraphs -Wno-missing-field-initializers -Wno-missing-prototypes -Wno-return-type -Wno-missing-braces -Wparentheses -Wswitch -Wno-unused-function -Wno-unused-label -Wno-unused-parameter -Wno-unused-variable -Wunused-value -Wno-empty-body -Wno-uninitialized -Wno-unknown-pragmas -Wno-shadow -Wno-four-char-constants -Wno-conversion -Wno-constant-conversion -Wno-int-conversion -Wno-bool-conversion -Wno-enum-conversion -Wno-float-conversion -Wno-non-literal-null-conversion -Wno-objc-literal-conversion -Wshorten-64-to-32 -Wpointer-sign -Wno-newline-eof -Wno-implicit-fallthrough -isysroot /Applications/Xcode.app/Contents/Developer/Platforms/MacOSX.platform/Developer/SDKs/MacOSX27.0.sdk -fstrict-aliasing -Wdeprecated-declarations -Wno-sign-conversion -Wno-infinite-recursion -Wno-comma -Wno-block-capture-autoreleasing -Wno-strict-prototypes -Wno-semicolon-before-method-body -index-store-path /Users/buddhirajgautam/Library/Developer/Xcode/DerivedData/Telegram-Mac-fygdgghdgmuleoelvxabfmqiotta/Index.noindex/DataStore @/Users/buddhirajgautam/Library/Developer/Xcode/DerivedData/Telegram-Mac-fygdgghdgmuleoelvxabfmqiotta/Build/Intermediates.noindex/sqlcipher.build/Debug/sqlcipher-t.build/Objects-normal/arm64/7187679823f38a2a940e0043cdf9d637-common-args.resp -MMD -MT dependencies -MF /Users/buddhirajgautam/Library/Developer/Xcode/DerivedData/Telegram-Mac-fygdgghdgmuleoelvxabfmqiotta/Build/Intermediates.noindex/sqlcipher.build/Debug/sqlcipher-t.build/Objects-normal/arm64/sqlite3.d --serialize-diagnostics /Users/buddhirajgautam/Library/Developer/Xcode/DerivedData/Telegram-Mac-fygdgghdgmuleoelvxabfmqiotta/Build/Intermediates.noindex/sqlcipher.build/Debug/sqlcipher-t.build/Objects-normal/arm64/sqlite3.dia -c /Users/buddhirajgautam/Documents/Cherrygram-Mac/macOS-Swift/submodules/telegram-ios/submodules/sqlcipher/Sources/sqlite3.c -o /Users/buddhirajgautam/Library/Developer/Xcode/DerivedData/Telegram-Mac-fygdgghdgmuleoelvxabfmqiotta/Build/Intermediates.noindex/sqlcipher.build/Debug/sqlcipher-t.build/Objects-normal/arm64/sqlite3.o -index-unit-output-path /sqlcipher.build/Debug/sqlcipher-t.build/Objects-normal/arm64/sqlite3.o

CompileC /Users/buddhirajgautam/Library/Developer/Xcode/DerivedData/Telegram-Mac-fygdgghdgmuleoelvxabfmqiotta/Build/Intermediates.noindex/GoogleUtilities.build/Debug/third-party-IsAppEncrypted-t.build/Objects-normal/arm64/IsAppEncrypted.o /Users/buddhirajgautam/Library/Developer/Xcode/DerivedData/Telegram-Mac-fygdgghdgmuleoelvxabfmqiotta/SourcePackages/checkouts/GoogleUtilities/third_party/IsAppEncrypted/IsAppEncrypted.m normal arm64 objective-c com.apple.compilers.llvm.clang.1_0.compiler (in target 'third-party-IsAppEncrypted' from project 'GoogleUtilities')
    cd /Users/buddhirajgautam/Documents/Cherrygram-Mac/macOS-Swift
    
    Using response file: /Users/buddhirajgautam/Library/Developer/Xcode/DerivedData/Telegram-Mac-fygdgghdgmuleoelvxabfmqiotta/Build/Intermediates.noindex/GoogleUtilities.build/Debug/third-party-IsAppEncrypted-t.build/Objects-normal/arm64/e6072d4f65d7061329687fe24e3d63a7-common-args.resp
    
    /Applications/Xcode.app/Contents/Developer/Toolchains/XcodeDefault.xctoolchain/usr/bin/clang -x objective-c -ivfsstatcache /Users/buddhirajgautam/Library/Developer/Xcode/DerivedData/SDKStatCaches.noindex/macosx27.0-26A425-e829b21a6f8c9b70876ba0858053c0447231f6df4def33e022ae2eb8f782df1a.sdkstatcache -target arm64-apple-macos12.0 -fmessage-length\=0 -fdiagnostics-show-note-include-stack -fmacro-backtrace-limit\=0 -fno-color-diagnostics -fmodules-prune-interval\=86400 -fmodules-prune-after\=345600 -fbuild-session-file\=/Users/buddhirajgautam/Library/Developer/Xcode/DerivedData/ModuleCache.noindex/Session.modulevalidation -fmodules-validate-once-per-build-session -Wnon-modular-include-in-framework-module -Werror\=non-modular-include-in-framework-module -Wno-trigraphs -Wno-missing-field-initializers -Wno-missing-prototypes -Wno-return-type -Wno-implicit-atomic-properties -Wno-objc-interface-ivars -Wno-arc-repeated-use-of-weak -Wno-missing-braces -Wparentheses -Wswitch -Wno-unused-function -Wno-unused-label -Wno-unused-parameter -Wno-unused-variable -Wunused-value -Wno-empty-body -Wno-uninitialized -Wno-unknown-pragmas -w -Wno-shadow -Wno-four-char-constants -Wno-conversion -Wno-constant-conversion -Wno-int-conversion -Wno-bool-conversion -Wno-enum-conversion -Wno-float-conversion -Wno-non-literal-null-conversion -Wno-objc-literal-conversion -Wshorten-64-to-32 -Wpointer-sign -Wno-newline-eof -Wno-selector -Wno-strict-selector-match -Wno-undeclared-selector -Wno-deprecated-implementations -Wno-implicit-fallthrough -isysroot /Applications/Xcode.app/Contents/Developer/Platforms/MacOSX.platform/Developer/SDKs/MacOSX27.0.sdk -fstrict-aliasing -Wprotocol -Wdeprecated-declarations -Wno-sign-conversion -Wno-infinite-recursion -Wno-comma -Wno-block-capture-autoreleasing -Wno-strict-prototypes -Wno-semicolon-before-method-body -index-store-path /Users/buddhirajgautam/Library/Developer/Xcode/DerivedData/Telegram-Mac-fygdgghdgmuleoelvxabfmqiotta/Index.noindex/DataStore @/Users/buddhirajgautam/Library/Developer/Xcode/DerivedData/Telegram-Mac-fygdgghdgmuleoelvxabfmqiotta/Build/Intermediates.noindex/GoogleUtilities.build/Debug/third-party-IsAppEncrypted-t.build/Objects-normal/arm64/e6072d4f65d7061329687fe24e3d63a7-common-args.resp -MMD -MT dependencies -MF /Users/buddhirajgautam/Library/Developer/Xcode/DerivedData/Telegram-Mac-fygdgghdgmuleoelvxabfmqiotta/Build/Intermediates.noindex/GoogleUtilities.build/Debug/third-party-IsAppEncrypted-t.build/Objects-normal/arm64/IsAppEncrypted.d --serialize-diagnostics /Users/buddhirajgautam/Library/Developer/Xcode/DerivedData/Telegram-Mac-fygdgghdgmuleoelvxabfmqiotta/Build/Intermediates.noindex/GoogleUtilities.build/Debug/third-party-IsAppEncrypted-t.build/Objects-normal/arm64/IsAppEncrypted.dia -c /Users/buddhirajgautam/Library/Developer/Xcode/DerivedData/Telegram-Mac-fygdgghdgmuleoelvxabfmqiotta/SourcePackages/checkouts/GoogleUtilities/third_party/IsAppEncrypted/IsAppEncrypted.m -o /Users/buddhirajgautam/Library/Developer/Xcode/DerivedData/Telegram-Mac-fygdgghdgmuleoelvxabfmqiotta/Build/Intermediates.noindex/GoogleUtilities.build/Debug/third-party-IsAppEncrypted-t.build/Objects-normal/arm64/IsAppEncrypted.o -index-unit-output-path /GoogleUtilities.build/Debug/third-party-IsAppEncrypted-t.build/Objects-normal/arm64/IsAppEncrypted.o

ScanDependencies /Users/buddhirajgautam/Library/Developer/Xcode/DerivedData/Telegram-Mac-fygdgghdgmuleoelvxabfmqiotta/Build/Intermediates.noindex/rnoise.build/Debug/rnoise-t.build/Objects-normal/arm64/rnn_reader.o /Users/buddhirajgautam/Documents/Cherrygram-Mac/macOS-Swift/submodules/telegram-ios/third-party/rnnoise/Sources/rnn_reader.c normal arm64 c com.apple.compilers.llvm.clang.1_0.compiler (in target 'rnoise' from project 'rnoise')
    cd /Users/buddhirajgautam/Documents/Cherrygram-Mac/macOS-Swift
    
    Using response file: /Users/buddhirajgautam/Library/Developer/Xcode/DerivedData/Telegram-Mac-fygdgghdgmuleoelvxabfmqiotta/Build/Intermediates.noindex/rnoise.build/Debug/rnoise-t.build/Objects-normal/arm64/7187679823f38a2a940e0043cdf9d637-common-args.resp
    
    builtin-ScanDependencies -o /Users/buddhirajgautam/Library/Developer/Xcode/DerivedData/Telegram-Mac-fygdgghdgmuleoelvxabfmqiotta/Build/Intermediates.noindex/rnoise.build/Debug/rnoise-t.build/Objects-normal/arm64/rnn_reader.o.scan -- /Applications/Xcode.app/Contents/Developer/Toolchains/XcodeDefault.xctoolchain/usr/bin/clang -x c -ivfsstatcache /Users/buddhirajgautam/Library/Developer/Xcode/DerivedData/SDKStatCaches.noindex/macosx27.0-26A425-e829b21a6f8c9b70876ba0858053c0447231f6df4def33e022ae2eb8f782df1a.sdkstatcache -target arm64-apple-macos12.0 -fmessage-length\=0 -fdiagnostics-show-note-include-stack -fmacro-backtrace-limit\=0 -fno-color-diagnostics -fmodules-prune-interval\=86400 -fmodules-prune-after\=345600 -fbuild-session-file\=/Users/buddhirajgautam/Library/Developer/Xcode/DerivedData/ModuleCache.noindex/Session.modulevalidation -fmodules-validate-once-per-build-session -Wnon-modular-include-in-framework-module -Werror\=non-modular-include-in-framework-module -Wno-trigraphs -Wno-missing-field-initializers -Wno-missing-prototypes -Wno-return-type -Wno-missing-braces -Wparentheses -Wswitch -Wno-unused-function -Wno-unused-label -Wno-unused-parameter -Wno-unused-variable -Wunused-value -Wno-empty-body -Wno-uninitialized -Wno-unknown-pragmas -Wno-shadow -Wno-four-char-constants -Wno-conversion -Wno-constant-conversion -Wno-int-conversion -Wno-bool-conversion -Wno-enum-conversion -Wno-float-conversion -Wno-non-literal-null-conversion -Wno-objc-literal-conversion -Wshorten-64-to-32 -Wpointer-sign -Wno-newline-eof -Wno-implicit-fallthrough -isysroot /Applications/Xcode.app/Contents/Developer/Platforms/MacOSX.platform/Developer/SDKs/MacOSX27.0.sdk -fstrict-aliasing -Wdeprecated-declarations -Wno-sign-conversion -Wno-infinite-recursion -Wno-comma -Wno-block-capture-autoreleasing -Wno-strict-prototypes -Wno-semicolon-before-method-body -index-store-path /Users/buddhirajgautam/Library/Developer/Xcode/DerivedData/Telegram-Mac-fygdgghdgmuleoelvxabfmqiotta/Index.noindex/DataStore @/Users/buddhirajgautam/Library/Developer/Xcode/DerivedData/Telegram-Mac-fygdgghdgmuleoelvxabfmqiotta/Build/Intermediates.noindex/rnoise.build/Debug/rnoise-t.build/Objects-normal/arm64/7187679823f38a2a940e0043cdf9d637-common-args.resp -MMD -MT dependencies -MF /Users/buddhirajgautam/Library/Developer/Xcode/DerivedData/Telegram-Mac-fygdgghdgmuleoelvxabfmqiotta/Build/Intermediates.noindex/rnoise.build/Debug/rnoise-t.build/Objects-normal/arm64/rnn_reader.d --serialize-diagnostics /Users/buddhirajgautam/Library/Developer/Xcode/DerivedData/Telegram-Mac-fygdgghdgmuleoelvxabfmqiotta/Build/Intermediates.noindex/rnoise.build/Debug/rnoise-t.build/Objects-normal/arm64/rnn_reader.dia -c /Users/buddhirajgautam/Documents/Cherrygram-Mac/macOS-Swift/submodules/telegram-ios/third-party/rnnoise/Sources/rnn_reader.c -o /Users/buddhirajgautam/Library/Developer/Xcode/DerivedData/Telegram-Mac-fygdgghdgmuleoelvxabfmqiotta/Build/Intermediates.noindex/rnoise.build/Debug/rnoise-t.build/Objects-normal/arm64/rnn_reader.o -index-unit-output-path /rnoise.build/Debug/rnoise-t.build/Objects-normal/arm64/rnn_reader.o

CompileC /Users/buddhirajgautam/Library/Developer/Xcode/DerivedData/Telegram-Mac-fygdgghdgmuleoelvxabfmqiotta/Build/Intermediates.noindex/sqlcipher.build/Debug/sqlcipher-t.build/Objects-normal/arm64/sqlite3.o /Users/buddhirajgautam/Documents/Cherrygram-Mac/macOS-Swift/submodules/telegram-ios/submodules/sqlcipher/Sources/sqlite3.c normal arm64 c com.apple.compilers.llvm.clang.1_0.compiler (in target 'sqlcipher' from project 'sqlcipher')
    cd /Users/buddhirajgautam/Documents/Cherrygram-Mac/macOS-Swift
    
    Using response file: /Users/buddhirajgautam/Library/Developer/Xcode/DerivedData/Telegram-Mac-fygdgghdgmuleoelvxabfmqiotta/Build/Intermediates.noindex/sqlcipher.build/Debug/sqlcipher-t.build/Objects-normal/arm64/7187679823f38a2a940e0043cdf9d637-common-args.resp
    
    /Applications/Xcode.app/Contents/Developer/Toolchains/XcodeDefault.xctoolchain/usr/bin/clang -x c -ivfsstatcache /Users/buddhirajgautam/Library/Developer/Xcode/DerivedData/SDKStatCaches.noindex/macosx27.0-26A425-e829b21a6f8c9b70876ba0858053c0447231f6df4def33e022ae2eb8f782df1a.sdkstatcache -target arm64-apple-macos12.0 -fmessage-length\=0 -fdiagnostics-show-note-include-stack -fmacro-backtrace-limit\=0 -fno-color-diagnostics -fmodules-prune-interval\=86400 -fmodules-prune-after\=345600 -fbuild-session-file\=/Users/buddhirajgautam/Library/Developer/Xcode/DerivedData/ModuleCache.noindex/Session.modulevalidation -fmodules-validate-once-per-build-session -Wnon-modular-include-in-framework-module -Werror\=non-modular-include-in-framework-module -Wno-trigraphs -Wno-missing-field-initializers -Wno-missing-prototypes -Wno-return-type -Wno-missing-braces -Wparentheses -Wswitch -Wno-unused-function -Wno-unused-label -Wno-unused-parameter -Wno-unused-variable -Wunused-value -Wno-empty-body -Wno-uninitialized -Wno-unknown-pragmas -Wno-shadow -Wno-four-char-constants -Wno-conversion -Wno-constant-conversion -Wno-int-conversion -Wno-bool-conversion -Wno-enum-conversion -Wno-float-conversion -Wno-non-literal-null-conversion -Wno-objc-literal-conversion -Wshorten-64-to-32 -Wpointer-sign -Wno-newline-eof -Wno-implicit-fallthrough -isysroot /Applications/Xcode.app/Contents/Developer/Platforms/MacOSX.platform/Developer/SDKs/MacOSX27.0.sdk -fstrict-aliasing -Wdeprecated-declarations -Wno-sign-conversion -Wno-infinite-recursion -Wno-comma -Wno-block-capture-autoreleasing -Wno-strict-prototypes -Wno-semicolon-before-method-body -index-store-path /Users/buddhirajgautam/Library/Developer/Xcode/DerivedData/Telegram-Mac-fygdgghdgmuleoelvxabfmqiotta/Index.noindex/DataStore @/Users/buddhirajgautam/Library/Developer/Xcode/DerivedData/Telegram-Mac-fygdgghdgmuleoelvxabfmqiotta/Build/Intermediates.noindex/sqlcipher.build/Debug/sqlcipher-t.build/Objects-normal/arm64/7187679823f38a2a940e0043cdf9d637-common-args.resp -MMD -MT dependencies -MF /Users/buddhirajgautam/Library/Developer/Xcode/DerivedData/Telegram-Mac-fygdgghdgmuleoelvxabfmqiotta/Build/Intermediates.noindex/sqlcipher.build/Debug/sqlcipher-t.build/Objects-normal/arm64/sqlite3.d --serialize-diagnostics /Users/buddhirajgautam/Library/Developer/Xcode/DerivedData/Telegram-Mac-fygdgghdgmuleoelvxabfmqiotta/Build/Intermediates.noindex/sqlcipher.build/Debug/sqlcipher-t.build/Objects-normal/arm64/sqlite3.dia -c /Users/buddhirajgautam/Documents/Cherrygram-Mac/macOS-Swift/submodules/telegram-ios/submodules/sqlcipher/Sources/sqlite3.c -o /Users/buddhirajgautam/Library/Developer/Xcode/DerivedData/Telegram-Mac-fygdgghdgmuleoelvxabfmqiotta/Build/Intermediates.noindex/sqlcipher.build/Debug/sqlcipher-t.build/Objects-normal/arm64/sqlite3.o -index-unit-output-path /sqlcipher.build/Debug/sqlcipher-t.build/Objects-normal/arm64/sqlite3.o
/Users/buddhirajgautam/Documents/Cherrygram-Mac/macOS-Swift/submodules/telegram-ios/submodules/sqlcipher/Sources/sqlite3.c:37974:14: warning: implicit conversion loses integer precision: 'sqlite3_int64' (aka 'long long') to 'VList' (aka 'int') [-Wshorten-64-to-32]
 37974 |     pIn[0] = nAlloc;
       |            ~ ^~~~~~
/Users/buddhirajgautam/Documents/Cherrygram-Mac/macOS-Swift/submodules/telegram-ios/submodules/sqlcipher/Sources/sqlite3.c:40084:14: warning: implicit conversion loses integer precision: 'ssize_t' (aka 'long') to 'int' [-Wshorten-64-to-32]
 40084 |     do{ rc = osWrite(fd, "S", 1); }while( rc<0 && errno==EINTR );
       |            ~ ^~~~~~~~~~~~~~~~~~~
/Users/buddhirajgautam/Documents/Cherrygram-Mac/macOS-Swift/submodules/telegram-ios/submodules/sqlcipher/Sources/sqlite3.c:39128:21: note: expanded from macro 'osWrite'
 39128 | #define osWrite     ((ssize_t(*)(int,const void*,size_t))aSyscall[11].pCurrent)
       |                     ^
/Users/buddhirajgautam/Documents/Cherrygram-Mac/macOS-Swift/submodules/telegram-ios/submodules/sqlcipher/Sources/sqlite3.c:41829:42: warning: implicit conversion loses integer precision: 'unsigned long long' to 'int' [-Wshorten-64-to-32]
 41829 |         int sharedLockByte = SHARED_FIRST+pInode->sharedByte;
       |             ~~~~~~~~~~~~~~   ~~~~~~~~~~~~^~~~~~~~~~~~~~~~~~~
/Users/buddhirajgautam/Documents/Cherrygram-Mac/macOS-Swift/submodules/telegram-ios/submodules/sqlcipher/Sources/sqlite3.c:41980:11: warning: implicit conversion loses integer precision: 'ssize_t' (aka 'long') to 'int' [-Wshorten-64-to-32]
 41980 |     got = osPread(id->h, pBuf, cnt, offset);
       |         ~ ^~~~~~~~~~~~~~~~~~~~~~~~~~~~~~~~~
/Users/buddhirajgautam/Documents/Cherrygram-Mac/macOS-Swift/submodules/telegram-ios/submodules/sqlcipher/Sources/sqlite3.c:39118:21: note: expanded from macro 'osPread'
 39118 | #define osPread     ((ssize_t(*)(int,void*,size_t,off_t))aSyscall[9].pCurrent)
       |                     ^
/Users/buddhirajgautam/Documents/Cherrygram-Mac/macOS-Swift/submodules/telegram-ios/submodules/sqlcipher/Sources/sqlite3.c:43423:33: warning: implicit conversion loses integer precision: 'off_t' (aka 'long long') to 'int' [-Wshorten-64-to-32]
 43423 |           for(iPg=(sStat.st_size/pgsz); iPg<(nByte/pgsz); iPg++){
       |                  ~ ~~~~~~~~~~~~~^~~~~
/Users/buddhirajgautam/Documents/Cherrygram-Mac/macOS-Swift/submodules/telegram-ios/submodules/sqlcipher/Sources/sqlite3.c:45074:17: warning: implicit conversion loses integer precision: 'ssize_t' (aka 'long') to 'int' [-Wshorten-64-to-32]
 45074 |         nByte = osReadlink(zIn, zDel, nOut-1);
       |               ~ ^~~~~~~~~~~~~~~~~~~~~~~~~~~~~
/Users/buddhirajgautam/Documents/Cherrygram-Mac/macOS-Swift/submodules/telegram-ios/submodules/sqlcipher/Sources/sqlite3.c:39215:20: note: expanded from macro 'osReadlink'
 39215 | #define osReadlink ((ssize_t(*)(const char*,char*,size_t))aSyscall[26].pCurrent)
       |                    ^
/Users/buddhirajgautam/Documents/Cherrygram-Mac/macOS-Swift/submodules/telegram-ios/submodules/sqlcipher/Sources/sqlite3.c:45206:17: warning: implicit conversion loses integer precision: 'ssize_t' (aka 'long') to 'int' [-Wshorten-64-to-32]
 45206 |       do{ got = osRead(fd, zBuf, nBuf); }while( got<0 && errno==EINTR );
       |               ~ ^~~~~~~~~~~~~~~~~~~~~~
/Users/buddhirajgautam/Documents/Cherrygram-Mac/macOS-Swift/submodules/telegram-ios/submodules/sqlcipher/Sources/sqlite3.c:39111:21: note: expanded from macro 'osRead'
 39111 | #define osRead      ((ssize_t(*)(int,void*,size_t))aSyscall[8].pCurrent)
       |                     ^
/Users/buddhirajgautam/Documents/Cherrygram-Mac/macOS-Swift/submodules/telegram-ios/submodules/sqlcipher/Sources/sqlite3.c:45517:11: warning: implicit conversion loses integer precision: 'unsigned long' to 'int' [-Wshorten-64-to-32]
 45517 |     len = strlcat(lPath, "sqliteplocks", maxLen);
       |         ~ ^~~~~~~~~~~~~~~~~~~~~~~~~~~~~~~~~~~~~~
In module '_DarwinFoundation2' imported from /Applications/Xcode.app/Contents/Developer/Platforms/MacOSX.platform/Developer/SDKs/MacOSX27.0.sdk/usr/include/stdio.h:61:
/Applications/Xcode.app/Contents/Developer/Platforms/MacOSX.platform/Developer/SDKs/MacOSX27.0.sdk/usr/include/secure/_string.h:289:22: note: expanded from macro 'strlcat'
  289 | #define strlcat(...) __strlcat_chk_func (__VA_ARGS__)
      |                      ^~~~~~~~~~~~~~~~~~~~~~~~~~~~~~~~
/Applications/Xcode.app/Contents/Developer/Platforms/MacOSX.platform/Developer/SDKs/MacOSX27.0.sdk/usr/include/secure/_string.h:159:3: note: expanded from macro '__strlcat_chk_func'
  159 |                 __builtin___strlcat_chk (dest, __VA_ARGS__, __darwin_obsz (dest))
      |                 ^~~~~~~~~~~~~~~~~~~~~~~~~~~~~~~~~~~~~~~~~~~~~~~~~~~~~~~~~~~~~~~~~
/Users/buddhirajgautam/Documents/Cherrygram-Mac/macOS-Swift/submodules/telegram-ios/submodules/sqlcipher/Sources/sqlite3.c:45525:11: warning: implicit conversion loses integer precision: 'unsigned long' to 'int' [-Wshorten-64-to-32]
 45525 |     len = strlcat(lPath, "/", maxLen);
       |         ~ ^~~~~~~~~~~~~~~~~~~~~~~~~~~
In module '_DarwinFoundation2' imported from /Applications/Xcode.app/Contents/Developer/Platforms/MacOSX.platform/Developer/SDKs/MacOSX27.0.sdk/usr/include/stdio.h:61:
/Applications/Xcode.app/Contents/Developer/Platforms/MacOSX.platform/Developer/SDKs/MacOSX27.0.sdk/usr/include/secure/_string.h:289:22: note: expanded from macro 'strlcat'
  289 | #define strlcat(...) __strlcat_chk_func (__VA_ARGS__)
      |                      ^~~~~~~~~~~~~~~~~~~~~~~~~~~~~~~~
/Applications/Xcode.app/Contents/Developer/Platforms/MacOSX.platform/Developer/SDKs/MacOSX27.0.sdk/usr/include/secure/_string.h:159:3: note: expanded from macro '__strlcat_chk_func'
  159 |                 __builtin___strlcat_chk (dest, __VA_ARGS__, __darwin_obsz (dest))
      |                 ^~~~~~~~~~~~~~~~~~~~~~~~~~~~~~~~~~~~~~~~~~~~~~~~~~~~~~~~~~~~~~~~~
/Users/buddhirajgautam/Documents/Cherrygram-Mac/macOS-Swift/submodules/telegram-ios/submodules/sqlcipher/Sources/sqlite3.c:45818:19: warning: implicit conversion loses integer precision: 'ssize_t' (aka 'long') to 'int' [-Wshorten-64-to-32]
 45818 |         int len = osPread(conchFile->h, tBuf, PROXY_MAXCONCHLEN, 0);
       |             ~~~   ^~~~~~~~~~~~~~~~~~~~~~~~~~~~~~~~~~~~~~~~~~~~~~~~~
/Users/buddhirajgautam/Documents/Cherrygram-Mac/macOS-Swift/submodules/telegram-ios/submodules/sqlcipher/Sources/sqlite3.c:39118:21: note: expanded from macro 'osPread'
 39118 | #define osPread     ((ssize_t(*)(int,void*,size_t,off_t))aSyscall[9].pCurrent)
       |                     ^
/Users/buddhirajgautam/Documents/Cherrygram-Mac/macOS-Swift/submodules/telegram-ios/submodules/sqlcipher/Sources/sqlite3.c:45981:37: warning: implicit conversion loses integer precision: 'unsigned long' to 'int' [-Wshorten-64-to-32]
 45981 |         writeSize = PROXY_PATHINDEX + strlen(&writeBuffer[PROXY_PATHINDEX]);
       |                   ~ ~~~~~~~~~~~~~~~~^~~~~~~~~~~~~~~~~~~~~~~~~~~~~~~~~~~~~~~
/Users/buddhirajgautam/Documents/Cherrygram-Mac/macOS-Swift/submodules/telegram-ios/submodules/sqlcipher/Sources/sqlite3.c:46196:53: warning: implicit conversion loses integer precision: 'unsigned long' to 'int' [-Wshorten-64-to-32]
 46196 |     int len = strlen((char *)pFile->lockingContext) - strlen(DOTLOCK_SUFFIX);
       |         ~~~   ~~~~~~~~~~~~~~~~~~~~~~~~~~~~~~~~~~~~~~^~~~~~~~~~~~~~~~~~~~~~~~
/Users/buddhirajgautam/Documents/Cherrygram-Mac/macOS-Swift/submodules/telegram-ios/submodules/sqlcipher/Sources/sqlite3.c:65985:40: warning: implicit conversion loses integer precision: 'i64' (aka 'long long') to 'u32' (aka 'unsigned int') [-Wshorten-64-to-32]
 65985 |     iLastFrame = (nSize - WAL_HDRSIZE) / szFrame;
       |                ~ ~~~~~~~~~~~~~~~~~~~~~~^~~~~~~~~
/Users/buddhirajgautam/Documents/Cherrygram-Mac/macOS-Swift/submodules/telegram-ios/submodules/sqlcipher/Sources/sqlite3.c:77874:24: warning: implicit conversion loses integer precision: 'const sqlite3_int64' (aka 'const long long') to 'int' [-Wshorten-64-to-32]
 77874 |         x2.nData = pX->nKey;
       |                  ~ ~~~~^~~~
/Users/buddhirajgautam/Documents/Cherrygram-Mac/macOS-Swift/submodules/telegram-ios/submodules/sqlcipher/Sources/sqlite3.c:89242:42: warning: implicit conversion loses integer precision: 'sqlite3_uint64' (aka 'unsigned long long') to 'int' [-Wshorten-64-to-32]
 89242 |     rc = sqlite3_bind_zeroblob(pStmt, i, n);
       |          ~~~~~~~~~~~~~~~~~~~~~           ^
/Users/buddhirajgautam/Documents/Cherrygram-Mac/macOS-Swift/submodules/telegram-ios/submodules/sqlcipher/Sources/sqlite3.c:93191:21: warning: implicit conversion loses integer precision: 'i64' (aka 'long long') to 'int' [-Wshorten-64-to-32]
 93191 |     pOut->u.nZero = nZero;
       |                   ~ ^~~~~
/Users/buddhirajgautam/Documents/Cherrygram-Mac/macOS-Swift/submodules/telegram-ios/submodules/sqlcipher/Sources/sqlite3.c:99113:19: warning: implicit conversion loses integer precision: 'sqlite3_int64' (aka 'long long') to 'int' [-Wshorten-64-to-32]
 99113 |       p->nAlloc = nNew;
       |                 ~ ^~~~
/Users/buddhirajgautam/Documents/Cherrygram-Mac/macOS-Swift/submodules/telegram-ios/submodules/sqlcipher/Sources/sqlite3.c:100404:45: warning: implicit conversion loses integer precision: 'long' to 'int' [-Wshorten-64-to-32]
 100404 |         iListOff = (u8*)pSorter->list.pList - pSorter->list.aMemory;
        |                  ~ ~~~~~~~~~~~~~~~~~~~~~~~~~^~~~~~~~~~~~~~~~~~~~~~~
/Users/buddhirajgautam/Documents/Cherrygram-Mac/macOS-Swift/submodules/telegram-ios/submodules/sqlcipher/Sources/sqlite3.c:100415:26: warning: implicit conversion loses integer precision: 'sqlite3_int64' (aka 'long long') to 'int' [-Wshorten-64-to-32]
 100415 |       pSorter->nMemory = nNew;
        |                        ~ ^~~~
/Users/buddhirajgautam/Documents/Cherrygram-Mac/macOS-Swift/submodules/telegram-ios/submodules/sqlcipher/Sources/sqlite3.c:101919:40: warning: implicit conversion loses integer precision: 'sqlite_int64' (aka 'long long') to 'int' [-Wshorten-64-to-32]
 101919 |         nChunk = copy.endpoint.iOffset - iOff;
        |                ~ ~~~~~~~~~~~~~~~~~~~~~~^~~~~~
/Users/buddhirajgautam/Documents/Cherrygram-Mac/macOS-Swift/submodules/telegram-ios/submodules/sqlcipher/Sources/sqlite3.c:102010:23: warning: implicit conversion loses integer precision: 'sqlite_int64' (aka 'long long') to 'int' [-Wshorten-64-to-32]
 102010 |       p->nSize = iAmt + iOfst;
        |                ~ ~~~~~^~~~~~~
/Users/buddhirajgautam/Documents/Cherrygram-Mac/macOS-Swift/submodules/telegram-ios/submodules/sqlcipher/Sources/sqlite3.c:111619:25: warning: implicit conversion loses integer precision: 'long' to 'int' [-Wshorten-64-to-32]
 111619 |       iOff = pBest->t.z - zSql;
        |            ~ ~~~~~~~~~~~^~~~~~
/Users/buddhirajgautam/Documents/Cherrygram-Mac/macOS-Swift/submodules/telegram-ios/submodules/sqlcipher/Sources/sqlite3.c:112678:13: warning: implicit conversion loses integer precision: 'sqlite3_int64' (aka 'long long') to 'tRowcnt' (aka 'unsigned int') [-Wshorten-64-to-32]
 112678 |   p->nEst = sqlite3_value_int64(argv[2]);
        |           ~ ^~~~~~~~~~~~~~~~~~~~~~~~~~~~
/Users/buddhirajgautam/Documents/Cherrygram-Mac/macOS-Swift/submodules/telegram-ios/submodules/sqlcipher/Sources/sqlite3.c:112680:15: warning: implicit conversion loses integer precision: 'sqlite3_int64' (aka 'long long') to 'int' [-Wshorten-64-to-32]
 112680 |   p->nLimit = sqlite3_value_int64(argv[3]);
        |             ~ ^~~~~~~~~~~~~~~~~~~~~~~~~~~~
/Users/buddhirajgautam/Documents/Cherrygram-Mac/macOS-Swift/submodules/telegram-ios/submodules/sqlcipher/Sources/sqlite3.c:119461:20: warning: implicit conversion loses integer precision: 'sqlite3_int64' (aka 'long long') to 'u32' (aka 'unsigned int') [-Wshorten-64-to-32]
 119461 |     pSrc->nAlloc = nAlloc;
        |                  ~ ^~~~~~
/Users/buddhirajgautam/Documents/Cherrygram-Mac/macOS-Swift/submodules/telegram-ios/submodules/sqlcipher/Sources/sqlite3.c:122321:24: warning: implicit conversion loses integer precision: 'sqlite3_int64' (aka 'long long') to 'int' [-Wshorten-64-to-32]
 122321 |     sqlite3_randomness(n, p);
        |     ~~~~~~~~~~~~~~~~~~ ^
/Users/buddhirajgautam/Documents/Cherrygram-Mac/macOS-Swift/submodules/telegram-ios/submodules/sqlcipher/Sources/sqlite3.c:122322:44: warning: implicit conversion loses integer precision: 'sqlite3_int64' (aka 'long long') to 'int' [-Wshorten-64-to-32]
 122322 |     sqlite3_result_blob(context, (char*)p, n, sqlite3_free);
        |     ~~~~~~~~~~~~~~~~~~~                    ^
/Users/buddhirajgautam/Documents/Cherrygram-Mac/macOS-Swift/submodules/telegram-ios/submodules/sqlcipher/Sources/sqlite3.c:132448:28: warning: implicit conversion loses integer precision: 'const u64' (aka 'const unsigned long long') to 'int' [-Wshorten-64-to-32]
 132448 |     int iCookie = pPragma->iArg;  /* Which cookie to read or write */
        |         ~~~~~~~   ~~~~~~~~~^~~~
/Users/buddhirajgautam/Documents/Cherrygram-Mac/macOS-Swift/submodules/telegram-ios/submodules/sqlcipher/Sources/sqlite3.c:139251:29: warning: implicit conversion loses integer precision: 'u64' (aka 'unsigned long long') to 'int' [-Wshorten-64-to-32]
 139251 |     int flags = pParse->db->flags;
        |         ~~~~~   ~~~~~~~~~~~~^~~~~
/Users/buddhirajgautam/Documents/Cherrygram-Mac/macOS-Swift/submodules/telegram-ios/submodules/sqlcipher/Sources/sqlite3.c:156475:28: warning: implicit conversion loses integer precision: 'i64' (aka 'long long') to 'int' [-Wshorten-64-to-32]
 156475 |     int nSize = (p->nTotal / p->nParam);
        |         ~~~~~    ~~~~~~~~~~^~~~~~~~~~~
/Users/buddhirajgautam/Documents/Cherrygram-Mac/macOS-Swift/submodules/telegram-ios/submodules/sqlcipher/Sources/sqlite3.c:166638:19: warning: implicit conversion loses integer precision: 'sqlite3_int64' (aka 'long long') to 'int' [-Wshorten-64-to-32]
 166638 |     nBig = szAlloc/(3*LOOKASIDE_SMALL+sz);
        |          ~ ~~~~~~~^~~~~~~~~~~~~~~~~~~~~~~
/Users/buddhirajgautam/Documents/Cherrygram-Mac/macOS-Swift/submodules/telegram-ios/submodules/sqlcipher/Sources/sqlite3.c:166639:30: warning: implicit conversion loses integer precision: 'sqlite3_int64' (aka 'long long') to 'int' [-Wshorten-64-to-32]
 166639 |     nSm = (szAlloc - sz*nBig)/LOOKASIDE_SMALL;
        |         ~ ~~~~~~~~~~~~~~~~~~~^~~~~~~~~~~~~~~~
/Users/buddhirajgautam/Documents/Cherrygram-Mac/macOS-Swift/submodules/telegram-ios/submodules/sqlcipher/Sources/sqlite3.c:166641:19: warning: implicit conversion loses integer precision: 'sqlite3_int64' (aka 'long long') to 'int' [-Wshorten-64-to-32]
 166641 |     nBig = szAlloc/(LOOKASIDE_SMALL+sz);
        |          ~ ~~~~~~~^~~~~~~~~~~~~~~~~~~~~
/Users/buddhirajgautam/Documents/Cherrygram-Mac/macOS-Swift/submodules/telegram-ios/submodules/sqlcipher/Sources/sqlite3.c:166642:30: warning: implicit conversion loses integer precision: 'sqlite3_int64' (aka 'long long') to 'int' [-Wshorten-64-to-32]
 166642 |     nSm = (szAlloc - sz*nBig)/LOOKASIDE_SMALL;
        |         ~ ~~~~~~~~~~~~~~~~~~~^~~~~~~~~~~~~~~~
/Users/buddhirajgautam/Documents/Cherrygram-Mac/macOS-Swift/submodules/telegram-ios/submodules/sqlcipher/Sources/sqlite3.c:166646:19: warning: implicit conversion loses integer precision: 'sqlite3_int64' (aka 'long long') to 'int' [-Wshorten-64-to-32]
 166646 |     nBig = szAlloc/sz;
        |          ~ ~~~~~~~^~~
/Users/buddhirajgautam/Documents/Cherrygram-Mac/macOS-Swift/submodules/telegram-ios/submodules/sqlcipher/Sources/sqlite3.c:217996:23: warning: implicit conversion loses integer precision: 'long' to 'int' [-Wshorten-64-to-32]
 217996 |       pToken->n = (z2 - z);
        |                 ~  ~~~^~~
/Users/buddhirajgautam/Documents/Cherrygram-Mac/macOS-Swift/submodules/telegram-ios/submodules/sqlcipher/Sources/sqlite3.c:218008:23: warning: implicit conversion loses integer precision: 'long' to 'int' [-Wshorten-64-to-32]
 218008 |       pToken->n = (z2 - z);
        |                 ~  ~~~^~~
/Users/buddhirajgautam/Documents/Cherrygram-Mac/macOS-Swift/submodules/telegram-ios/submodules/sqlcipher/Sources/sqlite3.c:224435:12: warning: implicit conversion loses integer precision: 'long' to 'int' [-Wshorten-64-to-32]
 224435 |   return p - (*pa);
        |   ~~~~~~ ~~^~~~~~~
/Users/buddhirajgautam/Documents/Cherrygram-Mac/macOS-Swift/submodules/telegram-ios/submodules/sqlcipher/Sources/sqlite3.c:224556:30: warning: implicit conversion loses integer precision: 'long' to 'int' [-Wshorten-64-to-32]
 224556 |     pIter->base.nData = aOut - pIter->poslist.p;
        |                       ~ ~~~~~^~~~~~~~~~~~~~~~~~
/Users/buddhirajgautam/Documents/Cherrygram-Mac/macOS-Swift/submodules/telegram-ios/submodules/sqlcipher/Sources/sqlite3.c:228692:40: warning: implicit conversion loses integer precision: 'long' to 'int' [-Wshorten-64-to-32]
 228692 |       pSorter->aIdx[i] = &aBlob[nBlob] - a;
        |                        ~ ~~~~~~~~~~~~~~^~~
/Users/buddhirajgautam/Documents/Cherrygram-Mac/macOS-Swift/submodules/telegram-ios/submodules/sqlcipher/Sources/sqlite3.c:232387:19: warning: implicit conversion loses integer precision: 'long' to 'int' [-Wshorten-64-to-32]
 232387 |         is = zCsr - (unsigned char*)pText;
        |            ~ ~~~~~^~~~~~~~~~~~~~~~~~~~~~~
/Users/buddhirajgautam/Documents/Cherrygram-Mac/macOS-Swift/submodules/telegram-ios/submodules/sqlcipher/Sources/sqlite3.c:232394:21: warning: implicit conversion loses integer precision: 'long' to 'int' [-Wshorten-64-to-32]
 232394 |           is = zCsr - (unsigned char*)pText;
        |              ~ ~~~~~^~~~~~~~~~~~~~~~~~~~~~~
/Users/buddhirajgautam/Documents/Cherrygram-Mac/macOS-Swift/submodules/telegram-ios/submodules/sqlcipher/Sources/sqlite3.c:232444:17: warning: implicit conversion loses integer precision: 'long' to 'int' [-Wshorten-64-to-32]
 232444 |       ie = zCsr - (unsigned char*)pText;
        |          ~ ~~~~~^~~~~~~~~~~~~~~~~~~~~~~
/Users/buddhirajgautam/Documents/Cherrygram-Mac/macOS-Swift/submodules/telegram-ios/submodules/sqlcipher/Sources/sqlite3.c:232448:37: warning: implicit conversion loses integer precision: 'long' to 'int' [-Wshorten-64-to-32]
 232448 |     rc = xToken(pCtx, 0, aFold, zOut-aFold, is, ie);
        |          ~~~~~~                 ~~~~^~~~~~
44 warnings generated.

CompileC /Users/buddhirajgautam/Library/Developer/Xcode/DerivedData/Telegram-Mac-fygdgghdgmuleoelvxabfmqiotta/Build/Intermediates.noindex/rnoise.build/Debug/rnoise-t.build/Objects-normal/arm64/rnn_reader.o /Users/buddhirajgautam/Documents/Cherrygram-Mac/macOS-Swift/submodules/telegram-ios/third-party/rnnoise/Sources/rnn_reader.c normal arm64 c com.apple.compilers.llvm.clang.1_0.compiler (in target 'rnoise' from project 'rnoise')
    cd /Users/buddhirajgautam/Documents/Cherrygram-Mac/macOS-Swift
    
    Using response file: /Users/buddhirajgautam/Library/Developer/Xcode/DerivedData/Telegram-Mac-fygdgghdgmuleoelvxabfmqiotta/Build/Intermediates.noindex/rnoise.build/Debug/rnoise-t.build/Objects-normal/arm64/7187679823f38a2a940e0043cdf9d637-common-args.resp
    
    /Applications/Xcode.app/Contents/Developer/Toolchains/XcodeDefault.xctoolchain/usr/bin/clang -x c -ivfsstatcache /Users/buddhirajgautam/Library/Developer/Xcode/DerivedData/SDKStatCaches.noindex/macosx27.0-26A425-e829b21a6f8c9b70876ba0858053c0447231f6df4def33e022ae2eb8f782df1a.sdkstatcache -target arm64-apple-macos12.0 -fmessage-length\=0 -fdiagnostics-show-note-include-stack -fmacro-backtrace-limit\=0 -fno-color-diagnostics -fmodules-prune-interval\=86400 -fmodules-prune-after\=345600 -fbuild-session-file\=/Users/buddhirajgautam/Library/Developer/Xcode/DerivedData/ModuleCache.noindex/Session.modulevalidation -fmodules-validate-once-per-build-session -Wnon-modular-include-in-framework-module -Werror\=non-modular-include-in-framework-module -Wno-trigraphs -Wno-missing-field-initializers -Wno-missing-prototypes -Wno-return-type -Wno-missing-braces -Wparentheses -Wswitch -Wno-unused-function -Wno-unused-label -Wno-unused-parameter -Wno-unused-variable -Wunused-value -Wno-empty-body -Wno-uninitialized -Wno-unknown-pragmas -Wno-shadow -Wno-four-char-constants -Wno-conversion -Wno-constant-conversion -Wno-int-conversion -Wno-bool-conversion -Wno-enum-conversion -Wno-float-conversion -Wno-non-literal-null-conversion -Wno-objc-literal-conversion -Wshorten-64-to-32 -Wpointer-sign -Wno-newline-eof -Wno-implicit-fallthrough -isysroot /Applications/Xcode.app/Contents/Developer/Platforms/MacOSX.platform/Developer/SDKs/MacOSX27.0.sdk -fstrict-aliasing -Wdeprecated-declarations -Wno-sign-conversion -Wno-infinite-recursion -Wno-comma -Wno-block-capture-autoreleasing -Wno-strict-prototypes -Wno-semicolon-before-method-body -index-store-path /Users/buddhirajgautam/Library/Developer/Xcode/DerivedData/Telegram-Mac-fygdgghdgmuleoelvxabfmqiotta/Index.noindex/DataStore @/Users/buddhirajgautam/Library/Developer/Xcode/DerivedData/Telegram-Mac-fygdgghdgmuleoelvxabfmqiotta/Build/Intermediates.noindex/rnoise.build/Debug/rnoise-t.build/Objects-normal/arm64/7187679823f38a2a940e0043cdf9d637-common-args.resp -MMD -MT dependencies -MF /Users/buddhirajgautam/Library/Developer/Xcode/DerivedData/Telegram-Mac-fygdgghdgmuleoelvxabfmqiotta/Build/Intermediates.noindex/rnoise.build/Debug/rnoise-t.build/Objects-normal/arm64/rnn_reader.d --serialize-diagnostics /Users/buddhirajgautam/Library/Developer/Xcode/DerivedData/Telegram-Mac-fygdgghdgmuleoelvxabfmqiotta/Build/Intermediates.noindex/rnoise.build/Debug/rnoise-t.build/Objects-normal/arm64/rnn_reader.dia -c /Users/buddhirajgautam/Documents/Cherrygram-Mac/macOS-Swift/submodules/telegram-ios/third-party/rnnoise/Sources/rnn_reader.c -o /Users/buddhirajgautam/Library/Developer/Xcode/DerivedData/Telegram-Mac-fygdgghdgmuleoelvxabfmqiotta/Build/Intermediates.noindex/rnoise.build/Debug/rnoise-t.build/Objects-normal/arm64/rnn_reader.o -index-unit-output-path /rnoise.build/Debug/rnoise-t.build/Objects-normal/arm64/rnn_reader.o

Ld /Users/buddhirajgautam/Library/Developer/Xcode/DerivedData/Telegram-Mac-fygdgghdgmuleoelvxabfmqiotta/Build/Products/Debug/third-party-IsAppEncrypted.o normal (in target 'third-party-IsAppEncrypted' from project 'GoogleUtilities')
    cd /Users/buddhirajgautam/Library/Developer/Xcode/DerivedData/Telegram-Mac-fygdgghdgmuleoelvxabfmqiotta/SourcePackages/checkouts/GoogleUtilities
    /Applications/Xcode.app/Contents/Developer/Toolchains/XcodeDefault.xctoolchain/usr/bin/clang -Xlinker -reproducible -target arm64-apple-macos12.0 -r -isysroot /Applications/Xcode.app/Contents/Developer/Platforms/MacOSX.platform/Developer/SDKs/MacOSX27.0.sdk -O0 -w -Xlinker -no_warn_duplicate_libraries -F/Users/buddhirajgautam/Library/Developer/Xcode/DerivedData/Telegram-Mac-fygdgghdgmuleoelvxabfmqiotta/Build/Intermediates.noindex/EagerLinkingTBDs/Debug -F/Users/buddhirajgautam/Library/Developer/Xcode/DerivedData/Telegram-Mac-fygdgghdgmuleoelvxabfmqiotta/Build/Products/Debug -iframework /Applications/Xcode.app/Contents/Developer/Platforms/MacOSX.platform/Developer/Library/Frameworks -filelist /Users/buddhirajgautam/Library/Developer/Xcode/DerivedData/Telegram-Mac-fygdgghdgmuleoelvxabfmqiotta/Build/Intermediates.noindex/GoogleUtilities.build/Debug/third-party-IsAppEncrypted-t.build/Objects-normal/arm64/third-party-IsAppEncrypted.LinkFileList -nostdlib -Xlinker -object_path_lto -Xlinker /Users/buddhirajgautam/Library/Developer/Xcode/DerivedData/Telegram-Mac-fygdgghdgmuleoelvxabfmqiotta/Build/Intermediates.noindex/GoogleUtilities.build/Debug/third-party-IsAppEncrypted-t.build/Objects-normal/arm64/third-party-IsAppEncrypted_lto.o -Xlinker -no_deduplicate -Xlinker -debug_variant -Xlinker -dependency_info -Xlinker /Users/buddhirajgautam/Library/Developer/Xcode/DerivedData/Telegram-Mac-fygdgghdgmuleoelvxabfmqiotta/Build/Intermediates.noindex/GoogleUtilities.build/Debug/third-party-IsAppEncrypted-t.build/Objects-normal/arm64/third-party-IsAppEncrypted_dependency_info.dat -fobjc-arc -fobjc-link-runtime -o /Users/buddhirajgautam/Library/Developer/Xcode/DerivedData/Telegram-Mac-fygdgghdgmuleoelvxabfmqiotta/Build/Products/Debug/third-party-IsAppEncrypted.o

ScanDependencies /Users/buddhirajgautam/Library/Developer/Xcode/DerivedData/Telegram-Mac-fygdgghdgmuleoelvxabfmqiotta/Build/Intermediates.noindex/rnoise.build/Debug/rnoise-t.build/Objects-normal/arm64/rnn_data.o /Users/buddhirajgautam/Documents/Cherrygram-Mac/macOS-Swift/submodules/telegram-ios/third-party/rnnoise/Sources/rnn_data.c normal arm64 c com.apple.compilers.llvm.clang.1_0.compiler (in target 'rnoise' from project 'rnoise')
    cd /Users/buddhirajgautam/Documents/Cherrygram-Mac/macOS-Swift
    
    Using response file: /Users/buddhirajgautam/Library/Developer/Xcode/DerivedData/Telegram-Mac-fygdgghdgmuleoelvxabfmqiotta/Build/Intermediates.noindex/rnoise.build/Debug/rnoise-t.build/Objects-normal/arm64/7187679823f38a2a940e0043cdf9d637-common-args.resp
    
    builtin-ScanDependencies -o /Users/buddhirajgautam/Library/Developer/Xcode/DerivedData/Telegram-Mac-fygdgghdgmuleoelvxabfmqiotta/Build/Intermediates.noindex/rnoise.build/Debug/rnoise-t.build/Objects-normal/arm64/rnn_data.o.scan -- /Applications/Xcode.app/Contents/Developer/Toolchains/XcodeDefault.xctoolchain/usr/bin/clang -x c -ivfsstatcache /Users/buddhirajgautam/Library/Developer/Xcode/DerivedData/SDKStatCaches.noindex/macosx27.0-26A425-e829b21a6f8c9b70876ba0858053c0447231f6df4def33e022ae2eb8f782df1a.sdkstatcache -target arm64-apple-macos12.0 -fmessage-length\=0 -fdiagnostics-show-note-include-stack -fmacro-backtrace-limit\=0 -fno-color-diagnostics -fmodules-prune-interval\=86400 -fmodules-prune-after\=345600 -fbuild-session-file\=/Users/buddhirajgautam/Library/Developer/Xcode/DerivedData/ModuleCache.noindex/Session.modulevalidation -fmodules-validate-once-per-build-session -Wnon-modular-include-in-framework-module -Werror\=non-modular-include-in-framework-module -Wno-trigraphs -Wno-missing-field-initializers -Wno-missing-prototypes -Wno-return-type -Wno-missing-braces -Wparentheses -Wswitch -Wno-unused-function -Wno-unused-label -Wno-unused-parameter -Wno-unused-variable -Wunused-value -Wno-empty-body -Wno-uninitialized -Wno-unknown-pragmas -Wno-shadow -Wno-four-char-constants -Wno-conversion -Wno-constant-conversion -Wno-int-conversion -Wno-bool-conversion -Wno-enum-conversion -Wno-float-conversion -Wno-non-literal-null-conversion -Wno-objc-literal-conversion -Wshorten-64-to-32 -Wpointer-sign -Wno-newline-eof -Wno-implicit-fallthrough -isysroot /Applications/Xcode.app/Contents/Developer/Platforms/MacOSX.platform/Developer/SDKs/MacOSX27.0.sdk -fstrict-aliasing -Wdeprecated-declarations -Wno-sign-conversion -Wno-infinite-recursion -Wno-comma -Wno-block-capture-autoreleasing -Wno-strict-prototypes -Wno-semicolon-before-method-body -index-store-path /Users/buddhirajgautam/Library/Developer/Xcode/DerivedData/Telegram-Mac-fygdgghdgmuleoelvxabfmqiotta/Index.noindex/DataStore @/Users/buddhirajgautam/Library/Developer/Xcode/DerivedData/Telegram-Mac-fygdgghdgmuleoelvxabfmqiotta/Build/Intermediates.noindex/rnoise.build/Debug/rnoise-t.build/Objects-normal/arm64/7187679823f38a2a940e0043cdf9d637-common-args.resp -MMD -MT dependencies -MF /Users/buddhirajgautam/Library/Developer/Xcode/DerivedData/Telegram-Mac-fygdgghdgmuleoelvxabfmqiotta/Build/Intermediates.noindex/rnoise.build/Debug/rnoise-t.build/Objects-normal/arm64/rnn_data.d --serialize-diagnostics /Users/buddhirajgautam/Library/Developer/Xcode/DerivedData/Telegram-Mac-fygdgghdgmuleoelvxabfmqiotta/Build/Intermediates.noindex/rnoise.build/Debug/rnoise-t.build/Objects-normal/arm64/rnn_data.dia -c /Users/buddhirajgautam/Documents/Cherrygram-Mac/macOS-Swift/submodules/telegram-ios/third-party/rnnoise/Sources/rnn_data.c -o /Users/buddhirajgautam/Library/Developer/Xcode/DerivedData/Telegram-Mac-fygdgghdgmuleoelvxabfmqiotta/Build/Intermediates.noindex/rnoise.build/Debug/rnoise-t.build/Objects-normal/arm64/rnn_data.o -index-unit-output-path /rnoise.build/Debug/rnoise-t.build/Objects-normal/arm64/rnn_data.o

ScanDependencies /Users/buddhirajgautam/Library/Developer/Xcode/DerivedData/Telegram-Mac-fygdgghdgmuleoelvxabfmqiotta/Build/Intermediates.noindex/rnoise.build/Debug/rnoise-t.build/Objects-normal/arm64/rnn.o /Users/buddhirajgautam/Documents/Cherrygram-Mac/macOS-Swift/submodules/telegram-ios/third-party/rnnoise/Sources/rnn.c normal arm64 c com.apple.compilers.llvm.clang.1_0.compiler (in target 'rnoise' from project 'rnoise')
    cd /Users/buddhirajgautam/Documents/Cherrygram-Mac/macOS-Swift
    
    Using response file: /Users/buddhirajgautam/Library/Developer/Xcode/DerivedData/Telegram-Mac-fygdgghdgmuleoelvxabfmqiotta/Build/Intermediates.noindex/rnoise.build/Debug/rnoise-t.build/Objects-normal/arm64/7187679823f38a2a940e0043cdf9d637-common-args.resp
    
    builtin-ScanDependencies -o /Users/buddhirajgautam/Library/Developer/Xcode/DerivedData/Telegram-Mac-fygdgghdgmuleoelvxabfmqiotta/Build/Intermediates.noindex/rnoise.build/Debug/rnoise-t.build/Objects-normal/arm64/rnn.o.scan -- /Applications/Xcode.app/Contents/Developer/Toolchains/XcodeDefault.xctoolchain/usr/bin/clang -x c -ivfsstatcache /Users/buddhirajgautam/Library/Developer/Xcode/DerivedData/SDKStatCaches.noindex/macosx27.0-26A425-e829b21a6f8c9b70876ba0858053c0447231f6df4def33e022ae2eb8f782df1a.sdkstatcache -target arm64-apple-macos12.0 -fmessage-length\=0 -fdiagnostics-show-note-include-stack -fmacro-backtrace-limit\=0 -fno-color-diagnostics -fmodules-prune-interval\=86400 -fmodules-prune-after\=345600 -fbuild-session-file\=/Users/buddhirajgautam/Library/Developer/Xcode/DerivedData/ModuleCache.noindex/Session.modulevalidation -fmodules-validate-once-per-build-session -Wnon-modular-include-in-framework-module -Werror\=non-modular-include-in-framework-module -Wno-trigraphs -Wno-missing-field-initializers -Wno-missing-prototypes -Wno-return-type -Wno-missing-braces -Wparentheses -Wswitch -Wno-unused-function -Wno-unused-label -Wno-unused-parameter -Wno-unused-variable -Wunused-value -Wno-empty-body -Wno-uninitialized -Wno-unknown-pragmas -Wno-shadow -Wno-four-char-constants -Wno-conversion -Wno-constant-conversion -Wno-int-conversion -Wno-bool-conversion -Wno-enum-conversion -Wno-float-conversion -Wno-non-literal-null-conversion -Wno-objc-literal-conversion -Wshorten-64-to-32 -Wpointer-sign -Wno-newline-eof -Wno-implicit-fallthrough -isysroot /Applications/Xcode.app/Contents/Developer/Platforms/MacOSX.platform/Developer/SDKs/MacOSX27.0.sdk -fstrict-aliasing -Wdeprecated-declarations -Wno-sign-conversion -Wno-infinite-recursion -Wno-comma -Wno-block-capture-autoreleasing -Wno-strict-prototypes -Wno-semicolon-before-method-body -index-store-path /Users/buddhirajgautam/Library/Developer/Xcode/DerivedData/Telegram-Mac-fygdgghdgmuleoelvxabfmqiotta/Index.noindex/DataStore @/Users/buddhirajgautam/Library/Developer/Xcode/DerivedData/Telegram-Mac-fygdgghdgmuleoelvxabfmqiotta/Build/Intermediates.noindex/rnoise.build/Debug/rnoise-t.build/Objects-normal/arm64/7187679823f38a2a940e0043cdf9d637-common-args.resp -MMD -MT dependencies -MF /Users/buddhirajgautam/Library/Developer/Xcode/DerivedData/Telegram-Mac-fygdgghdgmuleoelvxabfmqiotta/Build/Intermediates.noindex/rnoise.build/Debug/rnoise-t.build/Objects-normal/arm64/rnn.d --serialize-diagnostics /Users/buddhirajgautam/Library/Developer/Xcode/DerivedData/Telegram-Mac-fygdgghdgmuleoelvxabfmqiotta/Build/Intermediates.noindex/rnoise.build/Debug/rnoise-t.build/Objects-normal/arm64/rnn.dia -c /Users/buddhirajgautam/Documents/Cherrygram-Mac/macOS-Swift/submodules/telegram-ios/third-party/rnnoise/Sources/rnn.c -o /Users/buddhirajgautam/Library/Developer/Xcode/DerivedData/Telegram-Mac-fygdgghdgmuleoelvxabfmqiotta/Build/Intermediates.noindex/rnoise.build/Debug/rnoise-t.build/Objects-normal/arm64/rnn.o -index-unit-output-path /rnoise.build/Debug/rnoise-t.build/Objects-normal/arm64/rnn.o

ScanDependencies /Users/buddhirajgautam/Library/Developer/Xcode/DerivedData/Telegram-Mac-fygdgghdgmuleoelvxabfmqiotta/Build/Intermediates.noindex/rnoise.build/Debug/rnoise-t.build/Objects-normal/arm64/pitch.o /Users/buddhirajgautam/Documents/Cherrygram-Mac/macOS-Swift/submodules/telegram-ios/third-party/rnnoise/Sources/pitch.c normal arm64 c com.apple.compilers.llvm.clang.1_0.compiler (in target 'rnoise' from project 'rnoise')
    cd /Users/buddhirajgautam/Documents/Cherrygram-Mac/macOS-Swift
    
    Using response file: /Users/buddhirajgautam/Library/Developer/Xcode/DerivedData/Telegram-Mac-fygdgghdgmuleoelvxabfmqiotta/Build/Intermediates.noindex/rnoise.build/Debug/rnoise-t.build/Objects-normal/arm64/7187679823f38a2a940e0043cdf9d637-common-args.resp
    
    builtin-ScanDependencies -o /Users/buddhirajgautam/Library/Developer/Xcode/DerivedData/Telegram-Mac-fygdgghdgmuleoelvxabfmqiotta/Build/Intermediates.noindex/rnoise.build/Debug/rnoise-t.build/Objects-normal/arm64/pitch.o.scan -- /Applications/Xcode.app/Contents/Developer/Toolchains/XcodeDefault.xctoolchain/usr/bin/clang -x c -ivfsstatcache /Users/buddhirajgautam/Library/Developer/Xcode/DerivedData/SDKStatCaches.noindex/macosx27.0-26A425-e829b21a6f8c9b70876ba0858053c0447231f6df4def33e022ae2eb8f782df1a.sdkstatcache -target arm64-apple-macos12.0 -fmessage-length\=0 -fdiagnostics-show-note-include-stack -fmacro-backtrace-limit\=0 -fno-color-diagnostics -fmodules-prune-interval\=86400 -fmodules-prune-after\=345600 -fbuild-session-file\=/Users/buddhirajgautam/Library/Developer/Xcode/DerivedData/ModuleCache.noindex/Session.modulevalidation -fmodules-validate-once-per-build-session -Wnon-modular-include-in-framework-module -Werror\=non-modular-include-in-framework-module -Wno-trigraphs -Wno-missing-field-initializers -Wno-missing-prototypes -Wno-return-type -Wno-missing-braces -Wparentheses -Wswitch -Wno-unused-function -Wno-unused-label -Wno-unused-parameter -Wno-unused-variable -Wunused-value -Wno-empty-body -Wno-uninitialized -Wno-unknown-pragmas -Wno-shadow -Wno-four-char-constants -Wno-conversion -Wno-constant-conversion -Wno-int-conversion -Wno-bool-conversion -Wno-enum-conversion -Wno-float-conversion -Wno-non-literal-null-conversion -Wno-objc-literal-conversion -Wshorten-64-to-32 -Wpointer-sign -Wno-newline-eof -Wno-implicit-fallthrough -isysroot /Applications/Xcode.app/Contents/Developer/Platforms/MacOSX.platform/Developer/SDKs/MacOSX27.0.sdk -fstrict-aliasing -Wdeprecated-declarations -Wno-sign-conversion -Wno-infinite-recursion -Wno-comma -Wno-block-capture-autoreleasing -Wno-strict-prototypes -Wno-semicolon-before-method-body -index-store-path /Users/buddhirajgautam/Library/Developer/Xcode/DerivedData/Telegram-Mac-fygdgghdgmuleoelvxabfmqiotta/Index.noindex/DataStore @/Users/buddhirajgautam/Library/Developer/Xcode/DerivedData/Telegram-Mac-fygdgghdgmuleoelvxabfmqiotta/Build/Intermediates.noindex/rnoise.build/Debug/rnoise-t.build/Objects-normal/arm64/7187679823f38a2a940e0043cdf9d637-common-args.resp -MMD -MT dependencies -MF /Users/buddhirajgautam/Library/Developer/Xcode/DerivedData/Telegram-Mac-fygdgghdgmuleoelvxabfmqiotta/Build/Intermediates.noindex/rnoise.build/Debug/rnoise-t.build/Objects-normal/arm64/pitch.d --serialize-diagnostics /Users/buddhirajgautam/Library/Developer/Xcode/DerivedData/Telegram-Mac-fygdgghdgmuleoelvxabfmqiotta/Build/Intermediates.noindex/rnoise.build/Debug/rnoise-t.build/Objects-normal/arm64/pitch.dia -c /Users/buddhirajgautam/Documents/Cherrygram-Mac/macOS-Swift/submodules/telegram-ios/third-party/rnnoise/Sources/pitch.c -o /Users/buddhirajgautam/Library/Developer/Xcode/DerivedData/Telegram-Mac-fygdgghdgmuleoelvxabfmqiotta/Build/Intermediates.noindex/rnoise.build/Debug/rnoise-t.build/Objects-normal/arm64/pitch.o -index-unit-output-path /rnoise.build/Debug/rnoise-t.build/Objects-normal/arm64/pitch.o

CompileC /Users/buddhirajgautam/Library/Developer/Xcode/DerivedData/Telegram-Mac-fygdgghdgmuleoelvxabfmqiotta/Build/Intermediates.noindex/rnoise.build/Debug/rnoise-t.build/Objects-normal/arm64/rnn_data.o /Users/buddhirajgautam/Documents/Cherrygram-Mac/macOS-Swift/submodules/telegram-ios/third-party/rnnoise/Sources/rnn_data.c normal arm64 c com.apple.compilers.llvm.clang.1_0.compiler (in target 'rnoise' from project 'rnoise')
    cd /Users/buddhirajgautam/Documents/Cherrygram-Mac/macOS-Swift
    
    Using response file: /Users/buddhirajgautam/Library/Developer/Xcode/DerivedData/Telegram-Mac-fygdgghdgmuleoelvxabfmqiotta/Build/Intermediates.noindex/rnoise.build/Debug/rnoise-t.build/Objects-normal/arm64/7187679823f38a2a940e0043cdf9d637-common-args.resp
    
    /Applications/Xcode.app/Contents/Developer/Toolchains/XcodeDefault.xctoolchain/usr/bin/clang -x c -ivfsstatcache /Users/buddhirajgautam/Library/Developer/Xcode/DerivedData/SDKStatCaches.noindex/macosx27.0-26A425-e829b21a6f8c9b70876ba0858053c0447231f6df4def33e022ae2eb8f782df1a.sdkstatcache -target arm64-apple-macos12.0 -fmessage-length\=0 -fdiagnostics-show-note-include-stack -fmacro-backtrace-limit\=0 -fno-color-diagnostics -fmodules-prune-interval\=86400 -fmodules-prune-after\=345600 -fbuild-session-file\=/Users/buddhirajgautam/Library/Developer/Xcode/DerivedData/ModuleCache.noindex/Session.modulevalidation -fmodules-validate-once-per-build-session -Wnon-modular-include-in-framework-module -Werror\=non-modular-include-in-framework-module -Wno-trigraphs -Wno-missing-field-initializers -Wno-missing-prototypes -Wno-return-type -Wno-missing-braces -Wparentheses -Wswitch -Wno-unused-function -Wno-unused-label -Wno-unused-parameter -Wno-unused-variable -Wunused-value -Wno-empty-body -Wno-uninitialized -Wno-unknown-pragmas -Wno-shadow -Wno-four-char-constants -Wno-conversion -Wno-constant-conversion -Wno-int-conversion -Wno-bool-conversion -Wno-enum-conversion -Wno-float-conversion -Wno-non-literal-null-conversion -Wno-objc-literal-conversion -Wshorten-64-to-32 -Wpointer-sign -Wno-newline-eof -Wno-implicit-fallthrough -isysroot /Applications/Xcode.app/Contents/Developer/Platforms/MacOSX.platform/Developer/SDKs/MacOSX27.0.sdk -fstrict-aliasing -Wdeprecated-declarations -Wno-sign-conversion -Wno-infinite-recursion -Wno-comma -Wno-block-capture-autoreleasing -Wno-strict-prototypes -Wno-semicolon-before-method-body -index-store-path /Users/buddhirajgautam/Library/Developer/Xcode/DerivedData/Telegram-Mac-fygdgghdgmuleoelvxabfmqiotta/Index.noindex/DataStore @/Users/buddhirajgautam/Library/Developer/Xcode/DerivedData/Telegram-Mac-fygdgghdgmuleoelvxabfmqiotta/Build/Intermediates.noindex/rnoise.build/Debug/rnoise-t.build/Objects-normal/arm64/7187679823f38a2a940e0043cdf9d637-common-args.resp -MMD -MT dependencies -MF /Users/buddhirajgautam/Library/Developer/Xcode/DerivedData/Telegram-Mac-fygdgghdgmuleoelvxabfmqiotta/Build/Intermediates.noindex/rnoise.build/Debug/rnoise-t.build/Objects-normal/arm64/rnn_data.d --serialize-diagnostics /Users/buddhirajgautam/Library/Developer/Xcode/DerivedData/Telegram-Mac-fygdgghdgmuleoelvxabfmqiotta/Build/Intermediates.noindex/rnoise.build/Debug/rnoise-t.build/Objects-normal/arm64/rnn_data.dia -c /Users/buddhirajgautam/Documents/Cherrygram-Mac/macOS-Swift/submodules/telegram-ios/third-party/rnnoise/Sources/rnn_data.c -o /Users/buddhirajgautam/Library/Developer/Xcode/DerivedData/Telegram-Mac-fygdgghdgmuleoelvxabfmqiotta/Build/Intermediates.noindex/rnoise.build/Debug/rnoise-t.build/Objects-normal/arm64/rnn_data.o -index-unit-output-path /rnoise.build/Debug/rnoise-t.build/Objects-normal/arm64/rnn_data.o

CompileC /Users/buddhirajgautam/Library/Developer/Xcode/DerivedData/Telegram-Mac-fygdgghdgmuleoelvxabfmqiotta/Build/Intermediates.noindex/rnoise.build/Debug/rnoise-t.build/Objects-normal/arm64/rnn.o /Users/buddhirajgautam/Documents/Cherrygram-Mac/macOS-Swift/submodules/telegram-ios/third-party/rnnoise/Sources/rnn.c normal arm64 c com.apple.compilers.llvm.clang.1_0.compiler (in target 'rnoise' from project 'rnoise')
    cd /Users/buddhirajgautam/Documents/Cherrygram-Mac/macOS-Swift
    
    Using response file: /Users/buddhirajgautam/Library/Developer/Xcode/DerivedData/Telegram-Mac-fygdgghdgmuleoelvxabfmqiotta/Build/Intermediates.noindex/rnoise.build/Debug/rnoise-t.build/Objects-normal/arm64/7187679823f38a2a940e0043cdf9d637-common-args.resp
    
    /Applications/Xcode.app/Contents/Developer/Toolchains/XcodeDefault.xctoolchain/usr/bin/clang -x c -ivfsstatcache /Users/buddhirajgautam/Library/Developer/Xcode/DerivedData/SDKStatCaches.noindex/macosx27.0-26A425-e829b21a6f8c9b70876ba0858053c0447231f6df4def33e022ae2eb8f782df1a.sdkstatcache -target arm64-apple-macos12.0 -fmessage-length\=0 -fdiagnostics-show-note-include-stack -fmacro-backtrace-limit\=0 -fno-color-diagnostics -fmodules-prune-interval\=86400 -fmodules-prune-after\=345600 -fbuild-session-file\=/Users/buddhirajgautam/Library/Developer/Xcode/DerivedData/ModuleCache.noindex/Session.modulevalidation -fmodules-validate-once-per-build-session -Wnon-modular-include-in-framework-module -Werror\=non-modular-include-in-framework-module -Wno-trigraphs -Wno-missing-field-initializers -Wno-missing-prototypes -Wno-return-type -Wno-missing-braces -Wparentheses -Wswitch -Wno-unused-function -Wno-unused-label -Wno-unused-parameter -Wno-unused-variable -Wunused-value -Wno-empty-body -Wno-uninitialized -Wno-unknown-pragmas -Wno-shadow -Wno-four-char-constants -Wno-conversion -Wno-constant-conversion -Wno-int-conversion -Wno-bool-conversion -Wno-enum-conversion -Wno-float-conversion -Wno-non-literal-null-conversion -Wno-objc-literal-conversion -Wshorten-64-to-32 -Wpointer-sign -Wno-newline-eof -Wno-implicit-fallthrough -isysroot /Applications/Xcode.app/Contents/Developer/Platforms/MacOSX.platform/Developer/SDKs/MacOSX27.0.sdk -fstrict-aliasing -Wdeprecated-declarations -Wno-sign-conversion -Wno-infinite-recursion -Wno-comma -Wno-block-capture-autoreleasing -Wno-strict-prototypes -Wno-semicolon-before-method-body -index-store-path /Users/buddhirajgautam/Library/Developer/Xcode/DerivedData/Telegram-Mac-fygdgghdgmuleoelvxabfmqiotta/Index.noindex/DataStore @/Users/buddhirajgautam/Library/Developer/Xcode/DerivedData/Telegram-Mac-fygdgghdgmuleoelvxabfmqiotta/Build/Intermediates.noindex/rnoise.build/Debug/rnoise-t.build/Objects-normal/arm64/7187679823f38a2a940e0043cdf9d637-common-args.resp -MMD -MT dependencies -MF /Users/buddhirajgautam/Library/Developer/Xcode/DerivedData/Telegram-Mac-fygdgghdgmuleoelvxabfmqiotta/Build/Intermediates.noindex/rnoise.build/Debug/rnoise-t.build/Objects-normal/arm64/rnn.d --serialize-diagnostics /Users/buddhirajgautam/Library/Developer/Xcode/DerivedData/Telegram-Mac-fygdgghdgmuleoelvxabfmqiotta/Build/Intermediates.noindex/rnoise.build/Debug/rnoise-t.build/Objects-normal/arm64/rnn.dia -c /Users/buddhirajgautam/Documents/Cherrygram-Mac/macOS-Swift/submodules/telegram-ios/third-party/rnnoise/Sources/rnn.c -o /Users/buddhirajgautam/Library/Developer/Xcode/DerivedData/Telegram-Mac-fygdgghdgmuleoelvxabfmqiotta/Build/Intermediates.noindex/rnoise.build/Debug/rnoise-t.build/Objects-normal/arm64/rnn.o -index-unit-output-path /rnoise.build/Debug/rnoise-t.build/Objects-normal/arm64/rnn.o

CompileC /Users/buddhirajgautam/Library/Developer/Xcode/DerivedData/Telegram-Mac-fygdgghdgmuleoelvxabfmqiotta/Build/Intermediates.noindex/rnoise.build/Debug/rnoise-t.build/Objects-normal/arm64/pitch.o /Users/buddhirajgautam/Documents/Cherrygram-Mac/macOS-Swift/submodules/telegram-ios/third-party/rnnoise/Sources/pitch.c normal arm64 c com.apple.compilers.llvm.clang.1_0.compiler (in target 'rnoise' from project 'rnoise')
    cd /Users/buddhirajgautam/Documents/Cherrygram-Mac/macOS-Swift
    
    Using response file: /Users/buddhirajgautam/Library/Developer/Xcode/DerivedData/Telegram-Mac-fygdgghdgmuleoelvxabfmqiotta/Build/Intermediates.noindex/rnoise.build/Debug/rnoise-t.build/Objects-normal/arm64/7187679823f38a2a940e0043cdf9d637-common-args.resp
    
    /Applications/Xcode.app/Contents/Developer/Toolchains/XcodeDefault.xctoolchain/usr/bin/clang -x c -ivfsstatcache /Users/buddhirajgautam/Library/Developer/Xcode/DerivedData/SDKStatCaches.noindex/macosx27.0-26A425-e829b21a6f8c9b70876ba0858053c0447231f6df4def33e022ae2eb8f782df1a.sdkstatcache -target arm64-apple-macos12.0 -fmessage-length\=0 -fdiagnostics-show-note-include-stack -fmacro-backtrace-limit\=0 -fno-color-diagnostics -fmodules-prune-interval\=86400 -fmodules-prune-after\=345600 -fbuild-session-file\=/Users/buddhirajgautam/Library/Developer/Xcode/DerivedData/ModuleCache.noindex/Session.modulevalidation -fmodules-validate-once-per-build-session -Wnon-modular-include-in-framework-module -Werror\=non-modular-include-in-framework-module -Wno-trigraphs -Wno-missing-field-initializers -Wno-missing-prototypes -Wno-return-type -Wno-missing-braces -Wparentheses -Wswitch -Wno-unused-function -Wno-unused-label -Wno-unused-parameter -Wno-unused-variable -Wunused-value -Wno-empty-body -Wno-uninitialized -Wno-unknown-pragmas -Wno-shadow -Wno-four-char-constants -Wno-conversion -Wno-constant-conversion -Wno-int-conversion -Wno-bool-conversion -Wno-enum-conversion -Wno-float-conversion -Wno-non-literal-null-conversion -Wno-objc-literal-conversion -Wshorten-64-to-32 -Wpointer-sign -Wno-newline-eof -Wno-implicit-fallthrough -isysroot /Applications/Xcode.app/Contents/Developer/Platforms/MacOSX.platform/Developer/SDKs/MacOSX27.0.sdk -fstrict-aliasing -Wdeprecated-declarations -Wno-sign-conversion -Wno-infinite-recursion -Wno-comma -Wno-block-capture-autoreleasing -Wno-strict-prototypes -Wno-semicolon-before-method-body -index-store-path /Users/buddhirajgautam/Library/Developer/Xcode/DerivedData/Telegram-Mac-fygdgghdgmuleoelvxabfmqiotta/Index.noindex/DataStore @/Users/buddhirajgautam/Library/Developer/Xcode/DerivedData/Telegram-Mac-fygdgghdgmuleoelvxabfmqiotta/Build/Intermediates.noindex/rnoise.build/Debug/rnoise-t.build/Objects-normal/arm64/7187679823f38a2a940e0043cdf9d637-common-args.resp -MMD -MT dependencies -MF /Users/buddhirajgautam/Library/Developer/Xcode/DerivedData/Telegram-Mac-fygdgghdgmuleoelvxabfmqiotta/Build/Intermediates.noindex/rnoise.build/Debug/rnoise-t.build/Objects-normal/arm64/pitch.d --serialize-diagnostics /Users/buddhirajgautam/Library/Developer/Xcode/DerivedData/Telegram-Mac-fygdgghdgmuleoelvxabfmqiotta/Build/Intermediates.noindex/rnoise.build/Debug/rnoise-t.build/Objects-normal/arm64/pitch.dia -c /Users/buddhirajgautam/Documents/Cherrygram-Mac/macOS-Swift/submodules/telegram-ios/third-party/rnnoise/Sources/pitch.c -o /Users/buddhirajgautam/Library/Developer/Xcode/DerivedData/Telegram-Mac-fygdgghdgmuleoelvxabfmqiotta/Build/Intermediates.noindex/rnoise.build/Debug/rnoise-t.build/Objects-normal/arm64/pitch.o -index-unit-output-path /rnoise.build/Debug/rnoise-t.build/Objects-normal/arm64/pitch.o

ScanDependencies /Users/buddhirajgautam/Library/Developer/Xcode/DerivedData/Telegram-Mac-fygdgghdgmuleoelvxabfmqiotta/Build/Intermediates.noindex/rnoise.build/Debug/rnoise-t.build/Objects-normal/arm64/kiss_fft.o /Users/buddhirajgautam/Documents/Cherrygram-Mac/macOS-Swift/submodules/telegram-ios/third-party/rnnoise/Sources/kiss_fft.c normal arm64 c com.apple.compilers.llvm.clang.1_0.compiler (in target 'rnoise' from project 'rnoise')
    cd /Users/buddhirajgautam/Documents/Cherrygram-Mac/macOS-Swift
    
    Using response file: /Users/buddhirajgautam/Library/Developer/Xcode/DerivedData/Telegram-Mac-fygdgghdgmuleoelvxabfmqiotta/Build/Intermediates.noindex/rnoise.build/Debug/rnoise-t.build/Objects-normal/arm64/7187679823f38a2a940e0043cdf9d637-common-args.resp
    
    builtin-ScanDependencies -o /Users/buddhirajgautam/Library/Developer/Xcode/DerivedData/Telegram-Mac-fygdgghdgmuleoelvxabfmqiotta/Build/Intermediates.noindex/rnoise.build/Debug/rnoise-t.build/Objects-normal/arm64/kiss_fft.o.scan -- /Applications/Xcode.app/Contents/Developer/Toolchains/XcodeDefault.xctoolchain/usr/bin/clang -x c -ivfsstatcache /Users/buddhirajgautam/Library/Developer/Xcode/DerivedData/SDKStatCaches.noindex/macosx27.0-26A425-e829b21a6f8c9b70876ba0858053c0447231f6df4def33e022ae2eb8f782df1a.sdkstatcache -target arm64-apple-macos12.0 -fmessage-length\=0 -fdiagnostics-show-note-include-stack -fmacro-backtrace-limit\=0 -fno-color-diagnostics -fmodules-prune-interval\=86400 -fmodules-prune-after\=345600 -fbuild-session-file\=/Users/buddhirajgautam/Library/Developer/Xcode/DerivedData/ModuleCache.noindex/Session.modulevalidation -fmodules-validate-once-per-build-session -Wnon-modular-include-in-framework-module -Werror\=non-modular-include-in-framework-module -Wno-trigraphs -Wno-missing-field-initializers -Wno-missing-prototypes -Wno-return-type -Wno-missing-braces -Wparentheses -Wswitch -Wno-unused-function -Wno-unused-label -Wno-unused-parameter -Wno-unused-variable -Wunused-value -Wno-empty-body -Wno-uninitialized -Wno-unknown-pragmas -Wno-shadow -Wno-four-char-constants -Wno-conversion -Wno-constant-conversion -Wno-int-conversion -Wno-bool-conversion -Wno-enum-conversion -Wno-float-conversion -Wno-non-literal-null-conversion -Wno-objc-literal-conversion -Wshorten-64-to-32 -Wpointer-sign -Wno-newline-eof -Wno-implicit-fallthrough -isysroot /Applications/Xcode.app/Contents/Developer/Platforms/MacOSX.platform/Developer/SDKs/MacOSX27.0.sdk -fstrict-aliasing -Wdeprecated-declarations -Wno-sign-conversion -Wno-infinite-recursion -Wno-comma -Wno-block-capture-autoreleasing -Wno-strict-prototypes -Wno-semicolon-before-method-body -index-store-path /Users/buddhirajgautam/Library/Developer/Xcode/DerivedData/Telegram-Mac-fygdgghdgmuleoelvxabfmqiotta/Index.noindex/DataStore @/Users/buddhirajgautam/Library/Developer/Xcode/DerivedData/Telegram-Mac-fygdgghdgmuleoelvxabfmqiotta/Build/Intermediates.noindex/rnoise.build/Debug/rnoise-t.build/Objects-normal/arm64/7187679823f38a2a940e0043cdf9d637-common-args.resp -MMD -MT dependencies -MF /Users/buddhirajgautam/Library/Developer/Xcode/DerivedData/Telegram-Mac-fygdgghdgmuleoelvxabfmqiotta/Build/Intermediates.noindex/rnoise.build/Debug/rnoise-t.build/Objects-normal/arm64/kiss_fft.d --serialize-diagnostics /Users/buddhirajgautam/Library/Developer/Xcode/DerivedData/Telegram-Mac-fygdgghdgmuleoelvxabfmqiotta/Build/Intermediates.noindex/rnoise.build/Debug/rnoise-t.build/Objects-normal/arm64/kiss_fft.dia -c /Users/buddhirajgautam/Documents/Cherrygram-Mac/macOS-Swift/submodules/telegram-ios/third-party/rnnoise/Sources/kiss_fft.c -o /Users/buddhirajgautam/Library/Developer/Xcode/DerivedData/Telegram-Mac-fygdgghdgmuleoelvxabfmqiotta/Build/Intermediates.noindex/rnoise.build/Debug/rnoise-t.build/Objects-normal/arm64/kiss_fft.o -index-unit-output-path /rnoise.build/Debug/rnoise-t.build/Objects-normal/arm64/kiss_fft.o

ScanDependencies /Users/buddhirajgautam/Library/Developer/Xcode/DerivedData/Telegram-Mac-fygdgghdgmuleoelvxabfmqiotta/Build/Intermediates.noindex/rnoise.build/Debug/rnoise-t.build/Objects-normal/arm64/denoise.o /Users/buddhirajgautam/Documents/Cherrygram-Mac/macOS-Swift/submodules/telegram-ios/third-party/rnnoise/Sources/denoise.c normal arm64 c com.apple.compilers.llvm.clang.1_0.compiler (in target 'rnoise' from project 'rnoise')
    cd /Users/buddhirajgautam/Documents/Cherrygram-Mac/macOS-Swift
    
    Using response file: /Users/buddhirajgautam/Library/Developer/Xcode/DerivedData/Telegram-Mac-fygdgghdgmuleoelvxabfmqiotta/Build/Intermediates.noindex/rnoise.build/Debug/rnoise-t.build/Objects-normal/arm64/7187679823f38a2a940e0043cdf9d637-common-args.resp
    
    builtin-ScanDependencies -o /Users/buddhirajgautam/Library/Developer/Xcode/DerivedData/Telegram-Mac-fygdgghdgmuleoelvxabfmqiotta/Build/Intermediates.noindex/rnoise.build/Debug/rnoise-t.build/Objects-normal/arm64/denoise.o.scan -- /Applications/Xcode.app/Contents/Developer/Toolchains/XcodeDefault.xctoolchain/usr/bin/clang -x c -ivfsstatcache /Users/buddhirajgautam/Library/Developer/Xcode/DerivedData/SDKStatCaches.noindex/macosx27.0-26A425-e829b21a6f8c9b70876ba0858053c0447231f6df4def33e022ae2eb8f782df1a.sdkstatcache -target arm64-apple-macos12.0 -fmessage-length\=0 -fdiagnostics-show-note-include-stack -fmacro-backtrace-limit\=0 -fno-color-diagnostics -fmodules-prune-interval\=86400 -fmodules-prune-after\=345600 -fbuild-session-file\=/Users/buddhirajgautam/Library/Developer/Xcode/DerivedData/ModuleCache.noindex/Session.modulevalidation -fmodules-validate-once-per-build-session -Wnon-modular-include-in-framework-module -Werror\=non-modular-include-in-framework-module -Wno-trigraphs -Wno-missing-field-initializers -Wno-missing-prototypes -Wno-return-type -Wno-missing-braces -Wparentheses -Wswitch -Wno-unused-function -Wno-unused-label -Wno-unused-parameter -Wno-unused-variable -Wunused-value -Wno-empty-body -Wno-uninitialized -Wno-unknown-pragmas -Wno-shadow -Wno-four-char-constants -Wno-conversion -Wno-constant-conversion -Wno-int-conversion -Wno-bool-conversion -Wno-enum-conversion -Wno-float-conversion -Wno-non-literal-null-conversion -Wno-objc-literal-conversion -Wshorten-64-to-32 -Wpointer-sign -Wno-newline-eof -Wno-implicit-fallthrough -isysroot /Applications/Xcode.app/Contents/Developer/Platforms/MacOSX.platform/Developer/SDKs/MacOSX27.0.sdk -fstrict-aliasing -Wdeprecated-declarations -Wno-sign-conversion -Wno-infinite-recursion -Wno-comma -Wno-block-capture-autoreleasing -Wno-strict-prototypes -Wno-semicolon-before-method-body -index-store-path /Users/buddhirajgautam/Library/Developer/Xcode/DerivedData/Telegram-Mac-fygdgghdgmuleoelvxabfmqiotta/Index.noindex/DataStore @/Users/buddhirajgautam/Library/Developer/Xcode/DerivedData/Telegram-Mac-fygdgghdgmuleoelvxabfmqiotta/Build/Intermediates.noindex/rnoise.build/Debug/rnoise-t.build/Objects-normal/arm64/7187679823f38a2a940e0043cdf9d637-common-args.resp -MMD -MT dependencies -MF /Users/buddhirajgautam/Library/Developer/Xcode/DerivedData/Telegram-Mac-fygdgghdgmuleoelvxabfmqiotta/Build/Intermediates.noindex/rnoise.build/Debug/rnoise-t.build/Objects-normal/arm64/denoise.d --serialize-diagnostics /Users/buddhirajgautam/Library/Developer/Xcode/DerivedData/Telegram-Mac-fygdgghdgmuleoelvxabfmqiotta/Build/Intermediates.noindex/rnoise.build/Debug/rnoise-t.build/Objects-normal/arm64/denoise.dia -c /Users/buddhirajgautam/Documents/Cherrygram-Mac/macOS-Swift/submodules/telegram-ios/third-party/rnnoise/Sources/denoise.c -o /Users/buddhirajgautam/Library/Developer/Xcode/DerivedData/Telegram-Mac-fygdgghdgmuleoelvxabfmqiotta/Build/Intermediates.noindex/rnoise.build/Debug/rnoise-t.build/Objects-normal/arm64/denoise.o -index-unit-output-path /rnoise.build/Debug/rnoise-t.build/Objects-normal/arm64/denoise.o

CompileC /Users/buddhirajgautam/Library/Developer/Xcode/DerivedData/Telegram-Mac-fygdgghdgmuleoelvxabfmqiotta/Build/Intermediates.noindex/rnoise.build/Debug/rnoise-t.build/Objects-normal/arm64/kiss_fft.o /Users/buddhirajgautam/Documents/Cherrygram-Mac/macOS-Swift/submodules/telegram-ios/third-party/rnnoise/Sources/kiss_fft.c normal arm64 c com.apple.compilers.llvm.clang.1_0.compiler (in target 'rnoise' from project 'rnoise')
    cd /Users/buddhirajgautam/Documents/Cherrygram-Mac/macOS-Swift
    
    Using response file: /Users/buddhirajgautam/Library/Developer/Xcode/DerivedData/Telegram-Mac-fygdgghdgmuleoelvxabfmqiotta/Build/Intermediates.noindex/rnoise.build/Debug/rnoise-t.build/Objects-normal/arm64/7187679823f38a2a940e0043cdf9d637-common-args.resp
    
    /Applications/Xcode.app/Contents/Developer/Toolchains/XcodeDefault.xctoolchain/usr/bin/clang -x c -ivfsstatcache /Users/buddhirajgautam/Library/Developer/Xcode/DerivedData/SDKStatCaches.noindex/macosx27.0-26A425-e829b21a6f8c9b70876ba0858053c0447231f6df4def33e022ae2eb8f782df1a.sdkstatcache -target arm64-apple-macos12.0 -fmessage-length\=0 -fdiagnostics-show-note-include-stack -fmacro-backtrace-limit\=0 -fno-color-diagnostics -fmodules-prune-interval\=86400 -fmodules-prune-after\=345600 -fbuild-session-file\=/Users/buddhirajgautam/Library/Developer/Xcode/DerivedData/ModuleCache.noindex/Session.modulevalidation -fmodules-validate-once-per-build-session -Wnon-modular-include-in-framework-module -Werror\=non-modular-include-in-framework-module -Wno-trigraphs -Wno-missing-field-initializers -Wno-missing-prototypes -Wno-return-type -Wno-missing-braces -Wparentheses -Wswitch -Wno-unused-function -Wno-unused-label -Wno-unused-parameter -Wno-unused-variable -Wunused-value -Wno-empty-body -Wno-uninitialized -Wno-unknown-pragmas -Wno-shadow -Wno-four-char-constants -Wno-conversion -Wno-constant-conversion -Wno-int-conversion -Wno-bool-conversion -Wno-enum-conversion -Wno-float-conversion -Wno-non-literal-null-conversion -Wno-objc-literal-conversion -Wshorten-64-to-32 -Wpointer-sign -Wno-newline-eof -Wno-implicit-fallthrough -isysroot /Applications/Xcode.app/Contents/Developer/Platforms/MacOSX.platform/Developer/SDKs/MacOSX27.0.sdk -fstrict-aliasing -Wdeprecated-declarations -Wno-sign-conversion -Wno-infinite-recursion -Wno-comma -Wno-block-capture-autoreleasing -Wno-strict-prototypes -Wno-semicolon-before-method-body -index-store-path /Users/buddhirajgautam/Library/Developer/Xcode/DerivedData/Telegram-Mac-fygdgghdgmuleoelvxabfmqiotta/Index.noindex/DataStore @/Users/buddhirajgautam/Library/Developer/Xcode/DerivedData/Telegram-Mac-fygdgghdgmuleoelvxabfmqiotta/Build/Intermediates.noindex/rnoise.build/Debug/rnoise-t.build/Objects-normal/arm64/7187679823f38a2a940e0043cdf9d637-common-args.resp -MMD -MT dependencies -MF /Users/buddhirajgautam/Library/Developer/Xcode/DerivedData/Telegram-Mac-fygdgghdgmuleoelvxabfmqiotta/Build/Intermediates.noindex/rnoise.build/Debug/rnoise-t.build/Objects-normal/arm64/kiss_fft.d --serialize-diagnostics /Users/buddhirajgautam/Library/Developer/Xcode/DerivedData/Telegram-Mac-fygdgghdgmuleoelvxabfmqiotta/Build/Intermediates.noindex/rnoise.build/Debug/rnoise-t.build/Objects-normal/arm64/kiss_fft.dia -c /Users/buddhirajgautam/Documents/Cherrygram-Mac/macOS-Swift/submodules/telegram-ios/third-party/rnnoise/Sources/kiss_fft.c -o /Users/buddhirajgautam/Library/Developer/Xcode/DerivedData/Telegram-Mac-fygdgghdgmuleoelvxabfmqiotta/Build/Intermediates.noindex/rnoise.build/Debug/rnoise-t.build/Objects-normal/arm64/kiss_fft.o -index-unit-output-path /rnoise.build/Debug/rnoise-t.build/Objects-normal/arm64/kiss_fft.o

CompileC /Users/buddhirajgautam/Library/Developer/Xcode/DerivedData/Telegram-Mac-fygdgghdgmuleoelvxabfmqiotta/Build/Intermediates.noindex/rnoise.build/Debug/rnoise-t.build/Objects-normal/arm64/denoise.o /Users/buddhirajgautam/Documents/Cherrygram-Mac/macOS-Swift/submodules/telegram-ios/third-party/rnnoise/Sources/denoise.c normal arm64 c com.apple.compilers.llvm.clang.1_0.compiler (in target 'rnoise' from project 'rnoise')
    cd /Users/buddhirajgautam/Documents/Cherrygram-Mac/macOS-Swift
    
    Using response file: /Users/buddhirajgautam/Library/Developer/Xcode/DerivedData/Telegram-Mac-fygdgghdgmuleoelvxabfmqiotta/Build/Intermediates.noindex/rnoise.build/Debug/rnoise-t.build/Objects-normal/arm64/7187679823f38a2a940e0043cdf9d637-common-args.resp
    
    /Applications/Xcode.app/Contents/Developer/Toolchains/XcodeDefault.xctoolchain/usr/bin/clang -x c -ivfsstatcache /Users/buddhirajgautam/Library/Developer/Xcode/DerivedData/SDKStatCaches.noindex/macosx27.0-26A425-e829b21a6f8c9b70876ba0858053c0447231f6df4def33e022ae2eb8f782df1a.sdkstatcache -target arm64-apple-macos12.0 -fmessage-length\=0 -fdiagnostics-show-note-include-stack -fmacro-backtrace-limit\=0 -fno-color-diagnostics -fmodules-prune-interval\=86400 -fmodules-prune-after\=345600 -fbuild-session-file\=/Users/buddhirajgautam/Library/Developer/Xcode/DerivedData/ModuleCache.noindex/Session.modulevalidation -fmodules-validate-once-per-build-session -Wnon-modular-include-in-framework-module -Werror\=non-modular-include-in-framework-module -Wno-trigraphs -Wno-missing-field-initializers -Wno-missing-prototypes -Wno-return-type -Wno-missing-braces -Wparentheses -Wswitch -Wno-unused-function -Wno-unused-label -Wno-unused-parameter -Wno-unused-variable -Wunused-value -Wno-empty-body -Wno-uninitialized -Wno-unknown-pragmas -Wno-shadow -Wno-four-char-constants -Wno-conversion -Wno-constant-conversion -Wno-int-conversion -Wno-bool-conversion -Wno-enum-conversion -Wno-float-conversion -Wno-non-literal-null-conversion -Wno-objc-literal-conversion -Wshorten-64-to-32 -Wpointer-sign -Wno-newline-eof -Wno-implicit-fallthrough -isysroot /Applications/Xcode.app/Contents/Developer/Platforms/MacOSX.platform/Developer/SDKs/MacOSX27.0.sdk -fstrict-aliasing -Wdeprecated-declarations -Wno-sign-conversion -Wno-infinite-recursion -Wno-comma -Wno-block-capture-autoreleasing -Wno-strict-prototypes -Wno-semicolon-before-method-body -index-store-path /Users/buddhirajgautam/Library/Developer/Xcode/DerivedData/Telegram-Mac-fygdgghdgmuleoelvxabfmqiotta/Index.noindex/DataStore @/Users/buddhirajgautam/Library/Developer/Xcode/DerivedData/Telegram-Mac-fygdgghdgmuleoelvxabfmqiotta/Build/Intermediates.noindex/rnoise.build/Debug/rnoise-t.build/Objects-normal/arm64/7187679823f38a2a940e0043cdf9d637-common-args.resp -MMD -MT dependencies -MF /Users/buddhirajgautam/Library/Developer/Xcode/DerivedData/Telegram-Mac-fygdgghdgmuleoelvxabfmqiotta/Build/Intermediates.noindex/rnoise.build/Debug/rnoise-t.build/Objects-normal/arm64/denoise.d --serialize-diagnostics /Users/buddhirajgautam/Library/Developer/Xcode/DerivedData/Telegram-Mac-fygdgghdgmuleoelvxabfmqiotta/Build/Intermediates.noindex/rnoise.build/Debug/rnoise-t.build/Objects-normal/arm64/denoise.dia -c /Users/buddhirajgautam/Documents/Cherrygram-Mac/macOS-Swift/submodules/telegram-ios/third-party/rnnoise/Sources/denoise.c -o /Users/buddhirajgautam/Library/Developer/Xcode/DerivedData/Telegram-Mac-fygdgghdgmuleoelvxabfmqiotta/Build/Intermediates.noindex/rnoise.build/Debug/rnoise-t.build/Objects-normal/arm64/denoise.o -index-unit-output-path /rnoise.build/Debug/rnoise-t.build/Objects-normal/arm64/denoise.o

Ld /Users/buddhirajgautam/Library/Developer/Xcode/DerivedData/Telegram-Mac-fygdgghdgmuleoelvxabfmqiotta/Build/Products/Debug/DateUtils.o normal (in target 'DateUtils' from project 'DateUtils')
    cd /Users/buddhirajgautam/Documents/Cherrygram-Mac/macOS-Swift/packages/DateUtils
    /Applications/Xcode.app/Contents/Developer/Toolchains/XcodeDefault.xctoolchain/usr/bin/clang++ -Xlinker -reproducible -target arm64-apple-macos12.0 -r -isysroot /Applications/Xcode.app/Contents/Developer/Platforms/MacOSX.platform/Developer/SDKs/MacOSX27.0.sdk -O0 -Xlinker -no_warn_duplicate_libraries -F/Users/buddhirajgautam/Library/Developer/Xcode/DerivedData/Telegram-Mac-fygdgghdgmuleoelvxabfmqiotta/Build/Intermediates.noindex/EagerLinkingTBDs/Debug -F/Users/buddhirajgautam/Library/Developer/Xcode/DerivedData/Telegram-Mac-fygdgghdgmuleoelvxabfmqiotta/Build/Products/Debug -iframework /Applications/Xcode.app/Contents/Developer/Platforms/MacOSX.platform/Developer/Library/Frameworks -filelist /Users/buddhirajgautam/Library/Developer/Xcode/DerivedData/Telegram-Mac-fygdgghdgmuleoelvxabfmqiotta/Build/Intermediates.noindex/DateUtils.build/Debug/DateUtils-t.build/Objects-normal/arm64/DateUtils.LinkFileList -nostdlib -Xlinker -object_path_lto -Xlinker /Users/buddhirajgautam/Library/Developer/Xcode/DerivedData/Telegram-Mac-fygdgghdgmuleoelvxabfmqiotta/Build/Intermediates.noindex/DateUtils.build/Debug/DateUtils-t.build/Objects-normal/arm64/DateUtils_lto.o -Xlinker -no_deduplicate -Xlinker -debug_variant -Xlinker -dependency_info -Xlinker /Users/buddhirajgautam/Library/Developer/Xcode/DerivedData/Telegram-Mac-fygdgghdgmuleoelvxabfmqiotta/Build/Intermediates.noindex/DateUtils.build/Debug/DateUtils-t.build/Objects-normal/arm64/DateUtils_dependency_info.dat -fobjc-arc -fobjc-link-runtime -o /Users/buddhirajgautam/Library/Developer/Xcode/DerivedData/Telegram-Mac-fygdgghdgmuleoelvxabfmqiotta/Build/Products/Debug/DateUtils.o

ScanDependencies /Users/buddhirajgautam/Library/Developer/Xcode/DerivedData/Telegram-Mac-fygdgghdgmuleoelvxabfmqiotta/Build/Intermediates.noindex/rnoise.build/Debug/rnoise-t.build/Objects-normal/arm64/celt_lpc.o /Users/buddhirajgautam/Documents/Cherrygram-Mac/macOS-Swift/submodules/telegram-ios/third-party/rnnoise/Sources/celt_lpc.c normal arm64 c com.apple.compilers.llvm.clang.1_0.compiler (in target 'rnoise' from project 'rnoise')
    cd /Users/buddhirajgautam/Documents/Cherrygram-Mac/macOS-Swift
    
    Using response file: /Users/buddhirajgautam/Library/Developer/Xcode/DerivedData/Telegram-Mac-fygdgghdgmuleoelvxabfmqiotta/Build/Intermediates.noindex/rnoise.build/Debug/rnoise-t.build/Objects-normal/arm64/7187679823f38a2a940e0043cdf9d637-common-args.resp
    
    builtin-ScanDependencies -o /Users/buddhirajgautam/Library/Developer/Xcode/DerivedData/Telegram-Mac-fygdgghdgmuleoelvxabfmqiotta/Build/Intermediates.noindex/rnoise.build/Debug/rnoise-t.build/Objects-normal/arm64/celt_lpc.o.scan -- /Applications/Xcode.app/Contents/Developer/Toolchains/XcodeDefault.xctoolchain/usr/bin/clang -x c -ivfsstatcache /Users/buddhirajgautam/Library/Developer/Xcode/DerivedData/SDKStatCaches.noindex/macosx27.0-26A425-e829b21a6f8c9b70876ba0858053c0447231f6df4def33e022ae2eb8f782df1a.sdkstatcache -target arm64-apple-macos12.0 -fmessage-length\=0 -fdiagnostics-show-note-include-stack -fmacro-backtrace-limit\=0 -fno-color-diagnostics -fmodules-prune-interval\=86400 -fmodules-prune-after\=345600 -fbuild-session-file\=/Users/buddhirajgautam/Library/Developer/Xcode/DerivedData/ModuleCache.noindex/Session.modulevalidation -fmodules-validate-once-per-build-session -Wnon-modular-include-in-framework-module -Werror\=non-modular-include-in-framework-module -Wno-trigraphs -Wno-missing-field-initializers -Wno-missing-prototypes -Wno-return-type -Wno-missing-braces -Wparentheses -Wswitch -Wno-unused-function -Wno-unused-label -Wno-unused-parameter -Wno-unused-variable -Wunused-value -Wno-empty-body -Wno-uninitialized -Wno-unknown-pragmas -Wno-shadow -Wno-four-char-constants -Wno-conversion -Wno-constant-conversion -Wno-int-conversion -Wno-bool-conversion -Wno-enum-conversion -Wno-float-conversion -Wno-non-literal-null-conversion -Wno-objc-literal-conversion -Wshorten-64-to-32 -Wpointer-sign -Wno-newline-eof -Wno-implicit-fallthrough -isysroot /Applications/Xcode.app/Contents/Developer/Platforms/MacOSX.platform/Developer/SDKs/MacOSX27.0.sdk -fstrict-aliasing -Wdeprecated-declarations -Wno-sign-conversion -Wno-infinite-recursion -Wno-comma -Wno-block-capture-autoreleasing -Wno-strict-prototypes -Wno-semicolon-before-method-body -index-store-path /Users/buddhirajgautam/Library/Developer/Xcode/DerivedData/Telegram-Mac-fygdgghdgmuleoelvxabfmqiotta/Index.noindex/DataStore @/Users/buddhirajgautam/Library/Developer/Xcode/DerivedData/Telegram-Mac-fygdgghdgmuleoelvxabfmqiotta/Build/Intermediates.noindex/rnoise.build/Debug/rnoise-t.build/Objects-normal/arm64/7187679823f38a2a940e0043cdf9d637-common-args.resp -MMD -MT dependencies -MF /Users/buddhirajgautam/Library/Developer/Xcode/DerivedData/Telegram-Mac-fygdgghdgmuleoelvxabfmqiotta/Build/Intermediates.noindex/rnoise.build/Debug/rnoise-t.build/Objects-normal/arm64/celt_lpc.d --serialize-diagnostics /Users/buddhirajgautam/Library/Developer/Xcode/DerivedData/Telegram-Mac-fygdgghdgmuleoelvxabfmqiotta/Build/Intermediates.noindex/rnoise.build/Debug/rnoise-t.build/Objects-normal/arm64/celt_lpc.dia -c /Users/buddhirajgautam/Documents/Cherrygram-Mac/macOS-Swift/submodules/telegram-ios/third-party/rnnoise/Sources/celt_lpc.c -o /Users/buddhirajgautam/Library/Developer/Xcode/DerivedData/Telegram-Mac-fygdgghdgmuleoelvxabfmqiotta/Build/Intermediates.noindex/rnoise.build/Debug/rnoise-t.build/Objects-normal/arm64/celt_lpc.o -index-unit-output-path /rnoise.build/Debug/rnoise-t.build/Objects-normal/arm64/celt_lpc.o

ScanDependencies /Users/buddhirajgautam/Library/Developer/Xcode/DerivedData/Telegram-Mac-fygdgghdgmuleoelvxabfmqiotta/Build/Intermediates.noindex/nanopb.build/Debug/nanopb-t.build/Objects-normal/arm64/pb_encode.o /Users/buddhirajgautam/Library/Developer/Xcode/DerivedData/Telegram-Mac-fygdgghdgmuleoelvxabfmqiotta/SourcePackages/checkouts/nanopb/pb_encode.c normal arm64 c com.apple.compilers.llvm.clang.1_0.compiler (in target 'nanopb' from project 'nanopb')
    cd /Users/buddhirajgautam/Documents/Cherrygram-Mac/macOS-Swift
    
    Using response file: /Users/buddhirajgautam/Library/Developer/Xcode/DerivedData/Telegram-Mac-fygdgghdgmuleoelvxabfmqiotta/Build/Intermediates.noindex/nanopb.build/Debug/nanopb-t.build/Objects-normal/arm64/7187679823f38a2a940e0043cdf9d637-common-args.resp
    
    builtin-ScanDependencies -o /Users/buddhirajgautam/Library/Developer/Xcode/DerivedData/Telegram-Mac-fygdgghdgmuleoelvxabfmqiotta/Build/Intermediates.noindex/nanopb.build/Debug/nanopb-t.build/Objects-normal/arm64/pb_encode.o.scan -- /Applications/Xcode.app/Contents/Developer/Toolchains/XcodeDefault.xctoolchain/usr/bin/clang -x c -ivfsstatcache /Users/buddhirajgautam/Library/Developer/Xcode/DerivedData/SDKStatCaches.noindex/macosx27.0-26A425-e829b21a6f8c9b70876ba0858053c0447231f6df4def33e022ae2eb8f782df1a.sdkstatcache -target arm64-apple-macos12.0 -fmessage-length\=0 -fdiagnostics-show-note-include-stack -fmacro-backtrace-limit\=0 -fno-color-diagnostics -fmodules-prune-interval\=86400 -fmodules-prune-after\=345600 -fbuild-session-file\=/Users/buddhirajgautam/Library/Developer/Xcode/DerivedData/ModuleCache.noindex/Session.modulevalidation -fmodules-validate-once-per-build-session -Wnon-modular-include-in-framework-module -Werror\=non-modular-include-in-framework-module -Wno-trigraphs -Wno-missing-field-initializers -Wno-missing-prototypes -Wno-return-type -Wno-missing-braces -Wparentheses -Wswitch -Wno-unused-function -Wno-unused-label -Wno-unused-parameter -Wno-unused-variable -Wunused-value -Wno-empty-body -Wno-uninitialized -Wno-unknown-pragmas -w -Wno-shadow -Wno-four-char-constants -Wno-conversion -Wno-constant-conversion -Wno-int-conversion -Wno-bool-conversion -Wno-enum-conversion -Wno-float-conversion -Wno-non-literal-null-conversion -Wno-objc-literal-conversion -Wshorten-64-to-32 -Wpointer-sign -Wno-newline-eof -Wno-implicit-fallthrough -isysroot /Applications/Xcode.app/Contents/Developer/Platforms/MacOSX.platform/Developer/SDKs/MacOSX27.0.sdk -fstrict-aliasing -Wdeprecated-declarations -Wno-sign-conversion -Wno-infinite-recursion -Wno-comma -Wno-block-capture-autoreleasing -Wno-strict-prototypes -Wno-semicolon-before-method-body -index-store-path /Users/buddhirajgautam/Library/Developer/Xcode/DerivedData/Telegram-Mac-fygdgghdgmuleoelvxabfmqiotta/Index.noindex/DataStore @/Users/buddhirajgautam/Library/Developer/Xcode/DerivedData/Telegram-Mac-fygdgghdgmuleoelvxabfmqiotta/Build/Intermediates.noindex/nanopb.build/Debug/nanopb-t.build/Objects-normal/arm64/7187679823f38a2a940e0043cdf9d637-common-args.resp -MMD -MT dependencies -MF /Users/buddhirajgautam/Library/Developer/Xcode/DerivedData/Telegram-Mac-fygdgghdgmuleoelvxabfmqiotta/Build/Intermediates.noindex/nanopb.build/Debug/nanopb-t.build/Objects-normal/arm64/pb_encode.d --serialize-diagnostics /Users/buddhirajgautam/Library/Developer/Xcode/DerivedData/Telegram-Mac-fygdgghdgmuleoelvxabfmqiotta/Build/Intermediates.noindex/nanopb.build/Debug/nanopb-t.build/Objects-normal/arm64/pb_encode.dia -c /Users/buddhirajgautam/Library/Developer/Xcode/DerivedData/Telegram-Mac-fygdgghdgmuleoelvxabfmqiotta/SourcePackages/checkouts/nanopb/pb_encode.c -o /Users/buddhirajgautam/Library/Developer/Xcode/DerivedData/Telegram-Mac-fygdgghdgmuleoelvxabfmqiotta/Build/Intermediates.noindex/nanopb.build/Debug/nanopb-t.build/Objects-normal/arm64/pb_encode.o -index-unit-output-path /nanopb.build/Debug/nanopb-t.build/Objects-normal/arm64/pb_encode.o

ScanDependencies /Users/buddhirajgautam/Library/Developer/Xcode/DerivedData/Telegram-Mac-fygdgghdgmuleoelvxabfmqiotta/Build/Intermediates.noindex/nanopb.build/Debug/nanopb-t.build/Objects-normal/arm64/pb_decode.o /Users/buddhirajgautam/Library/Developer/Xcode/DerivedData/Telegram-Mac-fygdgghdgmuleoelvxabfmqiotta/SourcePackages/checkouts/nanopb/pb_decode.c normal arm64 c com.apple.compilers.llvm.clang.1_0.compiler (in target 'nanopb' from project 'nanopb')
    cd /Users/buddhirajgautam/Documents/Cherrygram-Mac/macOS-Swift
    
    Using response file: /Users/buddhirajgautam/Library/Developer/Xcode/DerivedData/Telegram-Mac-fygdgghdgmuleoelvxabfmqiotta/Build/Intermediates.noindex/nanopb.build/Debug/nanopb-t.build/Objects-normal/arm64/7187679823f38a2a940e0043cdf9d637-common-args.resp
    
    builtin-ScanDependencies -o /Users/buddhirajgautam/Library/Developer/Xcode/DerivedData/Telegram-Mac-fygdgghdgmuleoelvxabfmqiotta/Build/Intermediates.noindex/nanopb.build/Debug/nanopb-t.build/Objects-normal/arm64/pb_decode.o.scan -- /Applications/Xcode.app/Contents/Developer/Toolchains/XcodeDefault.xctoolchain/usr/bin/clang -x c -ivfsstatcache /Users/buddhirajgautam/Library/Developer/Xcode/DerivedData/SDKStatCaches.noindex/macosx27.0-26A425-e829b21a6f8c9b70876ba0858053c0447231f6df4def33e022ae2eb8f782df1a.sdkstatcache -target arm64-apple-macos12.0 -fmessage-length\=0 -fdiagnostics-show-note-include-stack -fmacro-backtrace-limit\=0 -fno-color-diagnostics -fmodules-prune-interval\=86400 -fmodules-prune-after\=345600 -fbuild-session-file\=/Users/buddhirajgautam/Library/Developer/Xcode/DerivedData/ModuleCache.noindex/Session.modulevalidation -fmodules-validate-once-per-build-session -Wnon-modular-include-in-framework-module -Werror\=non-modular-include-in-framework-module -Wno-trigraphs -Wno-missing-field-initializers -Wno-missing-prototypes -Wno-return-type -Wno-missing-braces -Wparentheses -Wswitch -Wno-unused-function -Wno-unused-label -Wno-unused-parameter -Wno-unused-variable -Wunused-value -Wno-empty-body -Wno-uninitialized -Wno-unknown-pragmas -w -Wno-shadow -Wno-four-char-constants -Wno-conversion -Wno-constant-conversion -Wno-int-conversion -Wno-bool-conversion -Wno-enum-conversion -Wno-float-conversion -Wno-non-literal-null-conversion -Wno-objc-literal-conversion -Wshorten-64-to-32 -Wpointer-sign -Wno-newline-eof -Wno-implicit-fallthrough -isysroot /Applications/Xcode.app/Contents/Developer/Platforms/MacOSX.platform/Developer/SDKs/MacOSX27.0.sdk -fstrict-aliasing -Wdeprecated-declarations -Wno-sign-conversion -Wno-infinite-recursion -Wno-comma -Wno-block-capture-autoreleasing -Wno-strict-prototypes -Wno-semicolon-before-method-body -index-store-path /Users/buddhirajgautam/Library/Developer/Xcode/DerivedData/Telegram-Mac-fygdgghdgmuleoelvxabfmqiotta/Index.noindex/DataStore @/Users/buddhirajgautam/Library/Developer/Xcode/DerivedData/Telegram-Mac-fygdgghdgmuleoelvxabfmqiotta/Build/Intermediates.noindex/nanopb.build/Debug/nanopb-t.build/Objects-normal/arm64/7187679823f38a2a940e0043cdf9d637-common-args.resp -MMD -MT dependencies -MF /Users/buddhirajgautam/Library/Developer/Xcode/DerivedData/Telegram-Mac-fygdgghdgmuleoelvxabfmqiotta/Build/Intermediates.noindex/nanopb.build/Debug/nanopb-t.build/Objects-normal/arm64/pb_decode.d --serialize-diagnostics /Users/buddhirajgautam/Library/Developer/Xcode/DerivedData/Telegram-Mac-fygdgghdgmuleoelvxabfmqiotta/Build/Intermediates.noindex/nanopb.build/Debug/nanopb-t.build/Objects-normal/arm64/pb_decode.dia -c /Users/buddhirajgautam/Library/Developer/Xcode/DerivedData/Telegram-Mac-fygdgghdgmuleoelvxabfmqiotta/SourcePackages/checkouts/nanopb/pb_decode.c -o /Users/buddhirajgautam/Library/Developer/Xcode/DerivedData/Telegram-Mac-fygdgghdgmuleoelvxabfmqiotta/Build/Intermediates.noindex/nanopb.build/Debug/nanopb-t.build/Objects-normal/arm64/pb_decode.o -index-unit-output-path /nanopb.build/Debug/nanopb-t.build/Objects-normal/arm64/pb_decode.o

CompileC /Users/buddhirajgautam/Library/Developer/Xcode/DerivedData/Telegram-Mac-fygdgghdgmuleoelvxabfmqiotta/Build/Intermediates.noindex/rnoise.build/Debug/rnoise-t.build/Objects-normal/arm64/celt_lpc.o /Users/buddhirajgautam/Documents/Cherrygram-Mac/macOS-Swift/submodules/telegram-ios/third-party/rnnoise/Sources/celt_lpc.c normal arm64 c com.apple.compilers.llvm.clang.1_0.compiler (in target 'rnoise' from project 'rnoise')
    cd /Users/buddhirajgautam/Documents/Cherrygram-Mac/macOS-Swift
    
    Using response file: /Users/buddhirajgautam/Library/Developer/Xcode/DerivedData/Telegram-Mac-fygdgghdgmuleoelvxabfmqiotta/Build/Intermediates.noindex/rnoise.build/Debug/rnoise-t.build/Objects-normal/arm64/7187679823f38a2a940e0043cdf9d637-common-args.resp
    
    /Applications/Xcode.app/Contents/Developer/Toolchains/XcodeDefault.xctoolchain/usr/bin/clang -x c -ivfsstatcache /Users/buddhirajgautam/Library/Developer/Xcode/DerivedData/SDKStatCaches.noindex/macosx27.0-26A425-e829b21a6f8c9b70876ba0858053c0447231f6df4def33e022ae2eb8f782df1a.sdkstatcache -target arm64-apple-macos12.0 -fmessage-length\=0 -fdiagnostics-show-note-include-stack -fmacro-backtrace-limit\=0 -fno-color-diagnostics -fmodules-prune-interval\=86400 -fmodules-prune-after\=345600 -fbuild-session-file\=/Users/buddhirajgautam/Library/Developer/Xcode/DerivedData/ModuleCache.noindex/Session.modulevalidation -fmodules-validate-once-per-build-session -Wnon-modular-include-in-framework-module -Werror\=non-modular-include-in-framework-module -Wno-trigraphs -Wno-missing-field-initializers -Wno-missing-prototypes -Wno-return-type -Wno-missing-braces -Wparentheses -Wswitch -Wno-unused-function -Wno-unused-label -Wno-unused-parameter -Wno-unused-variable -Wunused-value -Wno-empty-body -Wno-uninitialized -Wno-unknown-pragmas -Wno-shadow -Wno-four-char-constants -Wno-conversion -Wno-constant-conversion -Wno-int-conversion -Wno-bool-conversion -Wno-enum-conversion -Wno-float-conversion -Wno-non-literal-null-conversion -Wno-objc-literal-conversion -Wshorten-64-to-32 -Wpointer-sign -Wno-newline-eof -Wno-implicit-fallthrough -isysroot /Applications/Xcode.app/Contents/Developer/Platforms/MacOSX.platform/Developer/SDKs/MacOSX27.0.sdk -fstrict-aliasing -Wdeprecated-declarations -Wno-sign-conversion -Wno-infinite-recursion -Wno-comma -Wno-block-capture-autoreleasing -Wno-strict-prototypes -Wno-semicolon-before-method-body -index-store-path /Users/buddhirajgautam/Library/Developer/Xcode/DerivedData/Telegram-Mac-fygdgghdgmuleoelvxabfmqiotta/Index.noindex/DataStore @/Users/buddhirajgautam/Library/Developer/Xcode/DerivedData/Telegram-Mac-fygdgghdgmuleoelvxabfmqiotta/Build/Intermediates.noindex/rnoise.build/Debug/rnoise-t.build/Objects-normal/arm64/7187679823f38a2a940e0043cdf9d637-common-args.resp -MMD -MT dependencies -MF /Users/buddhirajgautam/Library/Developer/Xcode/DerivedData/Telegram-Mac-fygdgghdgmuleoelvxabfmqiotta/Build/Intermediates.noindex/rnoise.build/Debug/rnoise-t.build/Objects-normal/arm64/celt_lpc.d --serialize-diagnostics /Users/buddhirajgautam/Library/Developer/Xcode/DerivedData/Telegram-Mac-fygdgghdgmuleoelvxabfmqiotta/Build/Intermediates.noindex/rnoise.build/Debug/rnoise-t.build/Objects-normal/arm64/celt_lpc.dia -c /Users/buddhirajgautam/Documents/Cherrygram-Mac/macOS-Swift/submodules/telegram-ios/third-party/rnnoise/Sources/celt_lpc.c -o /Users/buddhirajgautam/Library/Developer/Xcode/DerivedData/Telegram-Mac-fygdgghdgmuleoelvxabfmqiotta/Build/Intermediates.noindex/rnoise.build/Debug/rnoise-t.build/Objects-normal/arm64/celt_lpc.o -index-unit-output-path /rnoise.build/Debug/rnoise-t.build/Objects-normal/arm64/celt_lpc.o

ScanDependencies /Users/buddhirajgautam/Library/Developer/Xcode/DerivedData/Telegram-Mac-fygdgghdgmuleoelvxabfmqiotta/Build/Intermediates.noindex/nanopb.build/Debug/nanopb-t.build/Objects-normal/arm64/pb_common.o /Users/buddhirajgautam/Library/Developer/Xcode/DerivedData/Telegram-Mac-fygdgghdgmuleoelvxabfmqiotta/SourcePackages/checkouts/nanopb/pb_common.c normal arm64 c com.apple.compilers.llvm.clang.1_0.compiler (in target 'nanopb' from project 'nanopb')
    cd /Users/buddhirajgautam/Documents/Cherrygram-Mac/macOS-Swift
    
    Using response file: /Users/buddhirajgautam/Library/Developer/Xcode/DerivedData/Telegram-Mac-fygdgghdgmuleoelvxabfmqiotta/Build/Intermediates.noindex/nanopb.build/Debug/nanopb-t.build/Objects-normal/arm64/7187679823f38a2a940e0043cdf9d637-common-args.resp
    
    builtin-ScanDependencies -o /Users/buddhirajgautam/Library/Developer/Xcode/DerivedData/Telegram-Mac-fygdgghdgmuleoelvxabfmqiotta/Build/Intermediates.noindex/nanopb.build/Debug/nanopb-t.build/Objects-normal/arm64/pb_common.o.scan -- /Applications/Xcode.app/Contents/Developer/Toolchains/XcodeDefault.xctoolchain/usr/bin/clang -x c -ivfsstatcache /Users/buddhirajgautam/Library/Developer/Xcode/DerivedData/SDKStatCaches.noindex/macosx27.0-26A425-e829b21a6f8c9b70876ba0858053c0447231f6df4def33e022ae2eb8f782df1a.sdkstatcache -target arm64-apple-macos12.0 -fmessage-length\=0 -fdiagnostics-show-note-include-stack -fmacro-backtrace-limit\=0 -fno-color-diagnostics -fmodules-prune-interval\=86400 -fmodules-prune-after\=345600 -fbuild-session-file\=/Users/buddhirajgautam/Library/Developer/Xcode/DerivedData/ModuleCache.noindex/Session.modulevalidation -fmodules-validate-once-per-build-session -Wnon-modular-include-in-framework-module -Werror\=non-modular-include-in-framework-module -Wno-trigraphs -Wno-missing-field-initializers -Wno-missing-prototypes -Wno-return-type -Wno-missing-braces -Wparentheses -Wswitch -Wno-unused-function -Wno-unused-label -Wno-unused-parameter -Wno-unused-variable -Wunused-value -Wno-empty-body -Wno-uninitialized -Wno-unknown-pragmas -w -Wno-shadow -Wno-four-char-constants -Wno-conversion -Wno-constant-conversion -Wno-int-conversion -Wno-bool-conversion -Wno-enum-conversion -Wno-float-conversion -Wno-non-literal-null-conversion -Wno-objc-literal-conversion -Wshorten-64-to-32 -Wpointer-sign -Wno-newline-eof -Wno-implicit-fallthrough -isysroot /Applications/Xcode.app/Contents/Developer/Platforms/MacOSX.platform/Developer/SDKs/MacOSX27.0.sdk -fstrict-aliasing -Wdeprecated-declarations -Wno-sign-conversion -Wno-infinite-recursion -Wno-comma -Wno-block-capture-autoreleasing -Wno-strict-prototypes -Wno-semicolon-before-method-body -index-store-path /Users/buddhirajgautam/Library/Developer/Xcode/DerivedData/Telegram-Mac-fygdgghdgmuleoelvxabfmqiotta/Index.noindex/DataStore @/Users/buddhirajgautam/Library/Developer/Xcode/DerivedData/Telegram-Mac-fygdgghdgmuleoelvxabfmqiotta/Build/Intermediates.noindex/nanopb.build/Debug/nanopb-t.build/Objects-normal/arm64/7187679823f38a2a940e0043cdf9d637-common-args.resp -MMD -MT dependencies -MF /Users/buddhirajgautam/Library/Developer/Xcode/DerivedData/Telegram-Mac-fygdgghdgmuleoelvxabfmqiotta/Build/Intermediates.noindex/nanopb.build/Debug/nanopb-t.build/Objects-normal/arm64/pb_common.d --serialize-diagnostics /Users/buddhirajgautam/Library/Developer/Xcode/DerivedData/Telegram-Mac-fygdgghdgmuleoelvxabfmqiotta/Build/Intermediates.noindex/nanopb.build/Debug/nanopb-t.build/Objects-normal/arm64/pb_common.dia -c /Users/buddhirajgautam/Library/Developer/Xcode/DerivedData/Telegram-Mac-fygdgghdgmuleoelvxabfmqiotta/SourcePackages/checkouts/nanopb/pb_common.c -o /Users/buddhirajgautam/Library/Developer/Xcode/DerivedData/Telegram-Mac-fygdgghdgmuleoelvxabfmqiotta/Build/Intermediates.noindex/nanopb.build/Debug/nanopb-t.build/Objects-normal/arm64/pb_common.o -index-unit-output-path /nanopb.build/Debug/nanopb-t.build/Objects-normal/arm64/pb_common.o

ScanDependencies /Users/buddhirajgautam/Library/Developer/Xcode/DerivedData/Telegram-Mac-fygdgghdgmuleoelvxabfmqiotta/Build/Intermediates.noindex/minizip.build/Debug/minizip-t.build/Objects-normal/arm64/zip.o /Users/buddhirajgautam/Documents/Cherrygram-Mac/macOS-Swift/submodules/minizip/Sources/zip.c normal arm64 c com.apple.compilers.llvm.clang.1_0.compiler (in target 'minizip' from project 'minizip')
    cd /Users/buddhirajgautam/Documents/Cherrygram-Mac/macOS-Swift
    
    Using response file: /Users/buddhirajgautam/Library/Developer/Xcode/DerivedData/Telegram-Mac-fygdgghdgmuleoelvxabfmqiotta/Build/Intermediates.noindex/minizip.build/Debug/minizip-t.build/Objects-normal/arm64/7187679823f38a2a940e0043cdf9d637-common-args.resp
    
    builtin-ScanDependencies -o /Users/buddhirajgautam/Library/Developer/Xcode/DerivedData/Telegram-Mac-fygdgghdgmuleoelvxabfmqiotta/Build/Intermediates.noindex/minizip.build/Debug/minizip-t.build/Objects-normal/arm64/zip.o.scan -- /Applications/Xcode.app/Contents/Developer/Toolchains/XcodeDefault.xctoolchain/usr/bin/clang -x c -ivfsstatcache /Users/buddhirajgautam/Library/Developer/Xcode/DerivedData/SDKStatCaches.noindex/macosx27.0-26A425-e829b21a6f8c9b70876ba0858053c0447231f6df4def33e022ae2eb8f782df1a.sdkstatcache -target arm64-apple-macos12.0 -fmessage-length\=0 -fdiagnostics-show-note-include-stack -fmacro-backtrace-limit\=0 -fno-color-diagnostics -fmodules-prune-interval\=86400 -fmodules-prune-after\=345600 -fbuild-session-file\=/Users/buddhirajgautam/Library/Developer/Xcode/DerivedData/ModuleCache.noindex/Session.modulevalidation -fmodules-validate-once-per-build-session -Wnon-modular-include-in-framework-module -Werror\=non-modular-include-in-framework-module -Wno-trigraphs -Wno-missing-field-initializers -Wno-missing-prototypes -Wno-return-type -Wno-missing-braces -Wparentheses -Wswitch -Wno-unused-function -Wno-unused-label -Wno-unused-parameter -Wno-unused-variable -Wunused-value -Wno-empty-body -Wno-uninitialized -Wno-unknown-pragmas -Wno-shadow -Wno-four-char-constants -Wno-conversion -Wno-constant-conversion -Wno-int-conversion -Wno-bool-conversion -Wno-enum-conversion -Wno-float-conversion -Wno-non-literal-null-conversion -Wno-objc-literal-conversion -Wshorten-64-to-32 -Wpointer-sign -Wno-newline-eof -Wno-implicit-fallthrough -isysroot /Applications/Xcode.app/Contents/Developer/Platforms/MacOSX.platform/Developer/SDKs/MacOSX27.0.sdk -fstrict-aliasing -Wdeprecated-declarations -Wno-sign-conversion -Wno-infinite-recursion -Wno-comma -Wno-block-capture-autoreleasing -Wno-strict-prototypes -Wno-semicolon-before-method-body -index-store-path /Users/buddhirajgautam/Library/Developer/Xcode/DerivedData/Telegram-Mac-fygdgghdgmuleoelvxabfmqiotta/Index.noindex/DataStore @/Users/buddhirajgautam/Library/Developer/Xcode/DerivedData/Telegram-Mac-fygdgghdgmuleoelvxabfmqiotta/Build/Intermediates.noindex/minizip.build/Debug/minizip-t.build/Objects-normal/arm64/7187679823f38a2a940e0043cdf9d637-common-args.resp -MMD -MT dependencies -MF /Users/buddhirajgautam/Library/Developer/Xcode/DerivedData/Telegram-Mac-fygdgghdgmuleoelvxabfmqiotta/Build/Intermediates.noindex/minizip.build/Debug/minizip-t.build/Objects-normal/arm64/zip.d --serialize-diagnostics /Users/buddhirajgautam/Library/Developer/Xcode/DerivedData/Telegram-Mac-fygdgghdgmuleoelvxabfmqiotta/Build/Intermediates.noindex/minizip.build/Debug/minizip-t.build/Objects-normal/arm64/zip.dia -c /Users/buddhirajgautam/Documents/Cherrygram-Mac/macOS-Swift/submodules/minizip/Sources/zip.c -o /Users/buddhirajgautam/Library/Developer/Xcode/DerivedData/Telegram-Mac-fygdgghdgmuleoelvxabfmqiotta/Build/Intermediates.noindex/minizip.build/Debug/minizip-t.build/Objects-normal/arm64/zip.o -index-unit-output-path /minizip.build/Debug/minizip-t.build/Objects-normal/arm64/zip.o

CompileC /Users/buddhirajgautam/Library/Developer/Xcode/DerivedData/Telegram-Mac-fygdgghdgmuleoelvxabfmqiotta/Build/Intermediates.noindex/nanopb.build/Debug/nanopb-t.build/Objects-normal/arm64/pb_encode.o /Users/buddhirajgautam/Library/Developer/Xcode/DerivedData/Telegram-Mac-fygdgghdgmuleoelvxabfmqiotta/SourcePackages/checkouts/nanopb/pb_encode.c normal arm64 c com.apple.compilers.llvm.clang.1_0.compiler (in target 'nanopb' from project 'nanopb')
    cd /Users/buddhirajgautam/Documents/Cherrygram-Mac/macOS-Swift
    
    Using response file: /Users/buddhirajgautam/Library/Developer/Xcode/DerivedData/Telegram-Mac-fygdgghdgmuleoelvxabfmqiotta/Build/Intermediates.noindex/nanopb.build/Debug/nanopb-t.build/Objects-normal/arm64/7187679823f38a2a940e0043cdf9d637-common-args.resp
    
    /Applications/Xcode.app/Contents/Developer/Toolchains/XcodeDefault.xctoolchain/usr/bin/clang -x c -ivfsstatcache /Users/buddhirajgautam/Library/Developer/Xcode/DerivedData/SDKStatCaches.noindex/macosx27.0-26A425-e829b21a6f8c9b70876ba0858053c0447231f6df4def33e022ae2eb8f782df1a.sdkstatcache -target arm64-apple-macos12.0 -fmessage-length\=0 -fdiagnostics-show-note-include-stack -fmacro-backtrace-limit\=0 -fno-color-diagnostics -fmodules-prune-interval\=86400 -fmodules-prune-after\=345600 -fbuild-session-file\=/Users/buddhirajgautam/Library/Developer/Xcode/DerivedData/ModuleCache.noindex/Session.modulevalidation -fmodules-validate-once-per-build-session -Wnon-modular-include-in-framework-module -Werror\=non-modular-include-in-framework-module -Wno-trigraphs -Wno-missing-field-initializers -Wno-missing-prototypes -Wno-return-type -Wno-missing-braces -Wparentheses -Wswitch -Wno-unused-function -Wno-unused-label -Wno-unused-parameter -Wno-unused-variable -Wunused-value -Wno-empty-body -Wno-uninitialized -Wno-unknown-pragmas -w -Wno-shadow -Wno-four-char-constants -Wno-conversion -Wno-constant-conversion -Wno-int-conversion -Wno-bool-conversion -Wno-enum-conversion -Wno-float-conversion -Wno-non-literal-null-conversion -Wno-objc-literal-conversion -Wshorten-64-to-32 -Wpointer-sign -Wno-newline-eof -Wno-implicit-fallthrough -isysroot /Applications/Xcode.app/Contents/Developer/Platforms/MacOSX.platform/Developer/SDKs/MacOSX27.0.sdk -fstrict-aliasing -Wdeprecated-declarations -Wno-sign-conversion -Wno-infinite-recursion -Wno-comma -Wno-block-capture-autoreleasing -Wno-strict-prototypes -Wno-semicolon-before-method-body -index-store-path /Users/buddhirajgautam/Library/Developer/Xcode/DerivedData/Telegram-Mac-fygdgghdgmuleoelvxabfmqiotta/Index.noindex/DataStore @/Users/buddhirajgautam/Library/Developer/Xcode/DerivedData/Telegram-Mac-fygdgghdgmuleoelvxabfmqiotta/Build/Intermediates.noindex/nanopb.build/Debug/nanopb-t.build/Objects-normal/arm64/7187679823f38a2a940e0043cdf9d637-common-args.resp -MMD -MT dependencies -MF /Users/buddhirajgautam/Library/Developer/Xcode/DerivedData/Telegram-Mac-fygdgghdgmuleoelvxabfmqiotta/Build/Intermediates.noindex/nanopb.build/Debug/nanopb-t.build/Objects-normal/arm64/pb_encode.d --serialize-diagnostics /Users/buddhirajgautam/Library/Developer/Xcode/DerivedData/Telegram-Mac-fygdgghdgmuleoelvxabfmqiotta/Build/Intermediates.noindex/nanopb.build/Debug/nanopb-t.build/Objects-normal/arm64/pb_encode.dia -c /Users/buddhirajgautam/Library/Developer/Xcode/DerivedData/Telegram-Mac-fygdgghdgmuleoelvxabfmqiotta/SourcePackages/checkouts/nanopb/pb_encode.c -o /Users/buddhirajgautam/Library/Developer/Xcode/DerivedData/Telegram-Mac-fygdgghdgmuleoelvxabfmqiotta/Build/Intermediates.noindex/nanopb.build/Debug/nanopb-t.build/Objects-normal/arm64/pb_encode.o -index-unit-output-path /nanopb.build/Debug/nanopb-t.build/Objects-normal/arm64/pb_encode.o

CompileC /Users/buddhirajgautam/Library/Developer/Xcode/DerivedData/Telegram-Mac-fygdgghdgmuleoelvxabfmqiotta/Build/Intermediates.noindex/nanopb.build/Debug/nanopb-t.build/Objects-normal/arm64/pb_decode.o /Users/buddhirajgautam/Library/Developer/Xcode/DerivedData/Telegram-Mac-fygdgghdgmuleoelvxabfmqiotta/SourcePackages/checkouts/nanopb/pb_decode.c normal arm64 c com.apple.compilers.llvm.clang.1_0.compiler (in target 'nanopb' from project 'nanopb')
    cd /Users/buddhirajgautam/Documents/Cherrygram-Mac/macOS-Swift
    
    Using response file: /Users/buddhirajgautam/Library/Developer/Xcode/DerivedData/Telegram-Mac-fygdgghdgmuleoelvxabfmqiotta/Build/Intermediates.noindex/nanopb.build/Debug/nanopb-t.build/Objects-normal/arm64/7187679823f38a2a940e0043cdf9d637-common-args.resp
    
    /Applications/Xcode.app/Contents/Developer/Toolchains/XcodeDefault.xctoolchain/usr/bin/clang -x c -ivfsstatcache /Users/buddhirajgautam/Library/Developer/Xcode/DerivedData/SDKStatCaches.noindex/macosx27.0-26A425-e829b21a6f8c9b70876ba0858053c0447231f6df4def33e022ae2eb8f782df1a.sdkstatcache -target arm64-apple-macos12.0 -fmessage-length\=0 -fdiagnostics-show-note-include-stack -fmacro-backtrace-limit\=0 -fno-color-diagnostics -fmodules-prune-interval\=86400 -fmodules-prune-after\=345600 -fbuild-session-file\=/Users/buddhirajgautam/Library/Developer/Xcode/DerivedData/ModuleCache.noindex/Session.modulevalidation -fmodules-validate-once-per-build-session -Wnon-modular-include-in-framework-module -Werror\=non-modular-include-in-framework-module -Wno-trigraphs -Wno-missing-field-initializers -Wno-missing-prototypes -Wno-return-type -Wno-missing-braces -Wparentheses -Wswitch -Wno-unused-function -Wno-unused-label -Wno-unused-parameter -Wno-unused-variable -Wunused-value -Wno-empty-body -Wno-uninitialized -Wno-unknown-pragmas -w -Wno-shadow -Wno-four-char-constants -Wno-conversion -Wno-constant-conversion -Wno-int-conversion -Wno-bool-conversion -Wno-enum-conversion -Wno-float-conversion -Wno-non-literal-null-conversion -Wno-objc-literal-conversion -Wshorten-64-to-32 -Wpointer-sign -Wno-newline-eof -Wno-implicit-fallthrough -isysroot /Applications/Xcode.app/Contents/Developer/Platforms/MacOSX.platform/Developer/SDKs/MacOSX27.0.sdk -fstrict-aliasing -Wdeprecated-declarations -Wno-sign-conversion -Wno-infinite-recursion -Wno-comma -Wno-block-capture-autoreleasing -Wno-strict-prototypes -Wno-semicolon-before-method-body -index-store-path /Users/buddhirajgautam/Library/Developer/Xcode/DerivedData/Telegram-Mac-fygdgghdgmuleoelvxabfmqiotta/Index.noindex/DataStore @/Users/buddhirajgautam/Library/Developer/Xcode/DerivedData/Telegram-Mac-fygdgghdgmuleoelvxabfmqiotta/Build/Intermediates.noindex/nanopb.build/Debug/nanopb-t.build/Objects-normal/arm64/7187679823f38a2a940e0043cdf9d637-common-args.resp -MMD -MT dependencies -MF /Users/buddhirajgautam/Library/Developer/Xcode/DerivedData/Telegram-Mac-fygdgghdgmuleoelvxabfmqiotta/Build/Intermediates.noindex/nanopb.build/Debug/nanopb-t.build/Objects-normal/arm64/pb_decode.d --serialize-diagnostics /Users/buddhirajgautam/Library/Developer/Xcode/DerivedData/Telegram-Mac-fygdgghdgmuleoelvxabfmqiotta/Build/Intermediates.noindex/nanopb.build/Debug/nanopb-t.build/Objects-normal/arm64/pb_decode.dia -c /Users/buddhirajgautam/Library/Developer/Xcode/DerivedData/Telegram-Mac-fygdgghdgmuleoelvxabfmqiotta/SourcePackages/checkouts/nanopb/pb_decode.c -o /Users/buddhirajgautam/Library/Developer/Xcode/DerivedData/Telegram-Mac-fygdgghdgmuleoelvxabfmqiotta/Build/Intermediates.noindex/nanopb.build/Debug/nanopb-t.build/Objects-normal/arm64/pb_decode.o -index-unit-output-path /nanopb.build/Debug/nanopb-t.build/Objects-normal/arm64/pb_decode.o

CompileC /Users/buddhirajgautam/Library/Developer/Xcode/DerivedData/Telegram-Mac-fygdgghdgmuleoelvxabfmqiotta/Build/Intermediates.noindex/nanopb.build/Debug/nanopb-t.build/Objects-normal/arm64/pb_common.o /Users/buddhirajgautam/Library/Developer/Xcode/DerivedData/Telegram-Mac-fygdgghdgmuleoelvxabfmqiotta/SourcePackages/checkouts/nanopb/pb_common.c normal arm64 c com.apple.compilers.llvm.clang.1_0.compiler (in target 'nanopb' from project 'nanopb')
    cd /Users/buddhirajgautam/Documents/Cherrygram-Mac/macOS-Swift
    
    Using response file: /Users/buddhirajgautam/Library/Developer/Xcode/DerivedData/Telegram-Mac-fygdgghdgmuleoelvxabfmqiotta/Build/Intermediates.noindex/nanopb.build/Debug/nanopb-t.build/Objects-normal/arm64/7187679823f38a2a940e0043cdf9d637-common-args.resp
    
    /Applications/Xcode.app/Contents/Developer/Toolchains/XcodeDefault.xctoolchain/usr/bin/clang -x c -ivfsstatcache /Users/buddhirajgautam/Library/Developer/Xcode/DerivedData/SDKStatCaches.noindex/macosx27.0-26A425-e829b21a6f8c9b70876ba0858053c0447231f6df4def33e022ae2eb8f782df1a.sdkstatcache -target arm64-apple-macos12.0 -fmessage-length\=0 -fdiagnostics-show-note-include-stack -fmacro-backtrace-limit\=0 -fno-color-diagnostics -fmodules-prune-interval\=86400 -fmodules-prune-after\=345600 -fbuild-session-file\=/Users/buddhirajgautam/Library/Developer/Xcode/DerivedData/ModuleCache.noindex/Session.modulevalidation -fmodules-validate-once-per-build-session -Wnon-modular-include-in-framework-module -Werror\=non-modular-include-in-framework-module -Wno-trigraphs -Wno-missing-field-initializers -Wno-missing-prototypes -Wno-return-type -Wno-missing-braces -Wparentheses -Wswitch -Wno-unused-function -Wno-unused-label -Wno-unused-parameter -Wno-unused-variable -Wunused-value -Wno-empty-body -Wno-uninitialized -Wno-unknown-pragmas -w -Wno-shadow -Wno-four-char-constants -Wno-conversion -Wno-constant-conversion -Wno-int-conversion -Wno-bool-conversion -Wno-enum-conversion -Wno-float-conversion -Wno-non-literal-null-conversion -Wno-objc-literal-conversion -Wshorten-64-to-32 -Wpointer-sign -Wno-newline-eof -Wno-implicit-fallthrough -isysroot /Applications/Xcode.app/Contents/Developer/Platforms/MacOSX.platform/Developer/SDKs/MacOSX27.0.sdk -fstrict-aliasing -Wdeprecated-declarations -Wno-sign-conversion -Wno-infinite-recursion -Wno-comma -Wno-block-capture-autoreleasing -Wno-strict-prototypes -Wno-semicolon-before-method-body -index-store-path /Users/buddhirajgautam/Library/Developer/Xcode/DerivedData/Telegram-Mac-fygdgghdgmuleoelvxabfmqiotta/Index.noindex/DataStore @/Users/buddhirajgautam/Library/Developer/Xcode/DerivedData/Telegram-Mac-fygdgghdgmuleoelvxabfmqiotta/Build/Intermediates.noindex/nanopb.build/Debug/nanopb-t.build/Objects-normal/arm64/7187679823f38a2a940e0043cdf9d637-common-args.resp -MMD -MT dependencies -MF /Users/buddhirajgautam/Library/Developer/Xcode/DerivedData/Telegram-Mac-fygdgghdgmuleoelvxabfmqiotta/Build/Intermediates.noindex/nanopb.build/Debug/nanopb-t.build/Objects-normal/arm64/pb_common.d --serialize-diagnostics /Users/buddhirajgautam/Library/Developer/Xcode/DerivedData/Telegram-Mac-fygdgghdgmuleoelvxabfmqiotta/Build/Intermediates.noindex/nanopb.build/Debug/nanopb-t.build/Objects-normal/arm64/pb_common.dia -c /Users/buddhirajgautam/Library/Developer/Xcode/DerivedData/Telegram-Mac-fygdgghdgmuleoelvxabfmqiotta/SourcePackages/checkouts/nanopb/pb_common.c -o /Users/buddhirajgautam/Library/Developer/Xcode/DerivedData/Telegram-Mac-fygdgghdgmuleoelvxabfmqiotta/Build/Intermediates.noindex/nanopb.build/Debug/nanopb-t.build/Objects-normal/arm64/pb_common.o -index-unit-output-path /nanopb.build/Debug/nanopb-t.build/Objects-normal/arm64/pb_common.o

CompileC /Users/buddhirajgautam/Library/Developer/Xcode/DerivedData/Telegram-Mac-fygdgghdgmuleoelvxabfmqiotta/Build/Intermediates.noindex/minizip.build/Debug/minizip-t.build/Objects-normal/arm64/zip.o /Users/buddhirajgautam/Documents/Cherrygram-Mac/macOS-Swift/submodules/minizip/Sources/zip.c normal arm64 c com.apple.compilers.llvm.clang.1_0.compiler (in target 'minizip' from project 'minizip')
    cd /Users/buddhirajgautam/Documents/Cherrygram-Mac/macOS-Swift
    
    Using response file: /Users/buddhirajgautam/Library/Developer/Xcode/DerivedData/Telegram-Mac-fygdgghdgmuleoelvxabfmqiotta/Build/Intermediates.noindex/minizip.build/Debug/minizip-t.build/Objects-normal/arm64/7187679823f38a2a940e0043cdf9d637-common-args.resp
    
    /Applications/Xcode.app/Contents/Developer/Toolchains/XcodeDefault.xctoolchain/usr/bin/clang -x c -ivfsstatcache /Users/buddhirajgautam/Library/Developer/Xcode/DerivedData/SDKStatCaches.noindex/macosx27.0-26A425-e829b21a6f8c9b70876ba0858053c0447231f6df4def33e022ae2eb8f782df1a.sdkstatcache -target arm64-apple-macos12.0 -fmessage-length\=0 -fdiagnostics-show-note-include-stack -fmacro-backtrace-limit\=0 -fno-color-diagnostics -fmodules-prune-interval\=86400 -fmodules-prune-after\=345600 -fbuild-session-file\=/Users/buddhirajgautam/Library/Developer/Xcode/DerivedData/ModuleCache.noindex/Session.modulevalidation -fmodules-validate-once-per-build-session -Wnon-modular-include-in-framework-module -Werror\=non-modular-include-in-framework-module -Wno-trigraphs -Wno-missing-field-initializers -Wno-missing-prototypes -Wno-return-type -Wno-missing-braces -Wparentheses -Wswitch -Wno-unused-function -Wno-unused-label -Wno-unused-parameter -Wno-unused-variable -Wunused-value -Wno-empty-body -Wno-uninitialized -Wno-unknown-pragmas -Wno-shadow -Wno-four-char-constants -Wno-conversion -Wno-constant-conversion -Wno-int-conversion -Wno-bool-conversion -Wno-enum-conversion -Wno-float-conversion -Wno-non-literal-null-conversion -Wno-objc-literal-conversion -Wshorten-64-to-32 -Wpointer-sign -Wno-newline-eof -Wno-implicit-fallthrough -isysroot /Applications/Xcode.app/Contents/Developer/Platforms/MacOSX.platform/Developer/SDKs/MacOSX27.0.sdk -fstrict-aliasing -Wdeprecated-declarations -Wno-sign-conversion -Wno-infinite-recursion -Wno-comma -Wno-block-capture-autoreleasing -Wno-strict-prototypes -Wno-semicolon-before-method-body -index-store-path /Users/buddhirajgautam/Library/Developer/Xcode/DerivedData/Telegram-Mac-fygdgghdgmuleoelvxabfmqiotta/Index.noindex/DataStore @/Users/buddhirajgautam/Library/Developer/Xcode/DerivedData/Telegram-Mac-fygdgghdgmuleoelvxabfmqiotta/Build/Intermediates.noindex/minizip.build/Debug/minizip-t.build/Objects-normal/arm64/7187679823f38a2a940e0043cdf9d637-common-args.resp -MMD -MT dependencies -MF /Users/buddhirajgautam/Library/Developer/Xcode/DerivedData/Telegram-Mac-fygdgghdgmuleoelvxabfmqiotta/Build/Intermediates.noindex/minizip.build/Debug/minizip-t.build/Objects-normal/arm64/zip.d --serialize-diagnostics /Users/buddhirajgautam/Library/Developer/Xcode/DerivedData/Telegram-Mac-fygdgghdgmuleoelvxabfmqiotta/Build/Intermediates.noindex/minizip.build/Debug/minizip-t.build/Objects-normal/arm64/zip.dia -c /Users/buddhirajgautam/Documents/Cherrygram-Mac/macOS-Swift/submodules/minizip/Sources/zip.c -o /Users/buddhirajgautam/Library/Developer/Xcode/DerivedData/Telegram-Mac-fygdgghdgmuleoelvxabfmqiotta/Build/Intermediates.noindex/minizip.build/Debug/minizip-t.build/Objects-normal/arm64/zip.o -index-unit-output-path /minizip.build/Debug/minizip-t.build/Objects-normal/arm64/zip.o

Ld /Users/buddhirajgautam/Library/Developer/Xcode/DerivedData/Telegram-Mac-fygdgghdgmuleoelvxabfmqiotta/Build/Products/Debug/rnoise.o normal (in target 'rnoise' from project 'rnoise')
    cd /Users/buddhirajgautam/Documents/Cherrygram-Mac/macOS-Swift/submodules/telegram-ios/third-party/rnnoise
    /Applications/Xcode.app/Contents/Developer/Toolchains/XcodeDefault.xctoolchain/usr/bin/clang -Xlinker -reproducible -target arm64-apple-macos12.0 -r -isysroot /Applications/Xcode.app/Contents/Developer/Platforms/MacOSX.platform/Developer/SDKs/MacOSX27.0.sdk -O0 -Xlinker -no_warn_duplicate_libraries -F/Users/buddhirajgautam/Library/Developer/Xcode/DerivedData/Telegram-Mac-fygdgghdgmuleoelvxabfmqiotta/Build/Intermediates.noindex/EagerLinkingTBDs/Debug -F/Users/buddhirajgautam/Library/Developer/Xcode/DerivedData/Telegram-Mac-fygdgghdgmuleoelvxabfmqiotta/Build/Products/Debug -iframework /Applications/Xcode.app/Contents/Developer/Platforms/MacOSX.platform/Developer/Library/Frameworks -filelist /Users/buddhirajgautam/Library/Developer/Xcode/DerivedData/Telegram-Mac-fygdgghdgmuleoelvxabfmqiotta/Build/Intermediates.noindex/rnoise.build/Debug/rnoise-t.build/Objects-normal/arm64/rnoise.LinkFileList -nostdlib -Xlinker -object_path_lto -Xlinker /Users/buddhirajgautam/Library/Developer/Xcode/DerivedData/Telegram-Mac-fygdgghdgmuleoelvxabfmqiotta/Build/Intermediates.noindex/rnoise.build/Debug/rnoise-t.build/Objects-normal/arm64/rnoise_lto.o -Xlinker -no_deduplicate -Xlinker -debug_variant -Xlinker -dependency_info -Xlinker /Users/buddhirajgautam/Library/Developer/Xcode/DerivedData/Telegram-Mac-fygdgghdgmuleoelvxabfmqiotta/Build/Intermediates.noindex/rnoise.build/Debug/rnoise-t.build/Objects-normal/arm64/rnoise_dependency_info.dat -o /Users/buddhirajgautam/Library/Developer/Xcode/DerivedData/Telegram-Mac-fygdgghdgmuleoelvxabfmqiotta/Build/Products/Debug/rnoise.o

ScanDependencies /Users/buddhirajgautam/Library/Developer/Xcode/DerivedData/Telegram-Mac-fygdgghdgmuleoelvxabfmqiotta/Build/Intermediates.noindex/minizip.build/Debug/minizip-t.build/Objects-normal/arm64/unzip.o /Users/buddhirajgautam/Documents/Cherrygram-Mac/macOS-Swift/submodules/minizip/Sources/unzip.c normal arm64 c com.apple.compilers.llvm.clang.1_0.compiler (in target 'minizip' from project 'minizip')
    cd /Users/buddhirajgautam/Documents/Cherrygram-Mac/macOS-Swift
    
    Using response file: /Users/buddhirajgautam/Library/Developer/Xcode/DerivedData/Telegram-Mac-fygdgghdgmuleoelvxabfmqiotta/Build/Intermediates.noindex/minizip.build/Debug/minizip-t.build/Objects-normal/arm64/7187679823f38a2a940e0043cdf9d637-common-args.resp
    
    builtin-ScanDependencies -o /Users/buddhirajgautam/Library/Developer/Xcode/DerivedData/Telegram-Mac-fygdgghdgmuleoelvxabfmqiotta/Build/Intermediates.noindex/minizip.build/Debug/minizip-t.build/Objects-normal/arm64/unzip.o.scan -- /Applications/Xcode.app/Contents/Developer/Toolchains/XcodeDefault.xctoolchain/usr/bin/clang -x c -ivfsstatcache /Users/buddhirajgautam/Library/Developer/Xcode/DerivedData/SDKStatCaches.noindex/macosx27.0-26A425-e829b21a6f8c9b70876ba0858053c0447231f6df4def33e022ae2eb8f782df1a.sdkstatcache -target arm64-apple-macos12.0 -fmessage-length\=0 -fdiagnostics-show-note-include-stack -fmacro-backtrace-limit\=0 -fno-color-diagnostics -fmodules-prune-interval\=86400 -fmodules-prune-after\=345600 -fbuild-session-file\=/Users/buddhirajgautam/Library/Developer/Xcode/DerivedData/ModuleCache.noindex/Session.modulevalidation -fmodules-validate-once-per-build-session -Wnon-modular-include-in-framework-module -Werror\=non-modular-include-in-framework-module -Wno-trigraphs -Wno-missing-field-initializers -Wno-missing-prototypes -Wno-return-type -Wno-missing-braces -Wparentheses -Wswitch -Wno-unused-function -Wno-unused-label -Wno-unused-parameter -Wno-unused-variable -Wunused-value -Wno-empty-body -Wno-uninitialized -Wno-unknown-pragmas -Wno-shadow -Wno-four-char-constants -Wno-conversion -Wno-constant-conversion -Wno-int-conversion -Wno-bool-conversion -Wno-enum-conversion -Wno-float-conversion -Wno-non-literal-null-conversion -Wno-objc-literal-conversion -Wshorten-64-to-32 -Wpointer-sign -Wno-newline-eof -Wno-implicit-fallthrough -isysroot /Applications/Xcode.app/Contents/Developer/Platforms/MacOSX.platform/Developer/SDKs/MacOSX27.0.sdk -fstrict-aliasing -Wdeprecated-declarations -Wno-sign-conversion -Wno-infinite-recursion -Wno-comma -Wno-block-capture-autoreleasing -Wno-strict-prototypes -Wno-semicolon-before-method-body -index-store-path /Users/buddhirajgautam/Library/Developer/Xcode/DerivedData/Telegram-Mac-fygdgghdgmuleoelvxabfmqiotta/Index.noindex/DataStore @/Users/buddhirajgautam/Library/Developer/Xcode/DerivedData/Telegram-Mac-fygdgghdgmuleoelvxabfmqiotta/Build/Intermediates.noindex/minizip.build/Debug/minizip-t.build/Objects-normal/arm64/7187679823f38a2a940e0043cdf9d637-common-args.resp -MMD -MT dependencies -MF /Users/buddhirajgautam/Library/Developer/Xcode/DerivedData/Telegram-Mac-fygdgghdgmuleoelvxabfmqiotta/Build/Intermediates.noindex/minizip.build/Debug/minizip-t.build/Objects-normal/arm64/unzip.d --serialize-diagnostics /Users/buddhirajgautam/Library/Developer/Xcode/DerivedData/Telegram-Mac-fygdgghdgmuleoelvxabfmqiotta/Build/Intermediates.noindex/minizip.build/Debug/minizip-t.build/Objects-normal/arm64/unzip.dia -c /Users/buddhirajgautam/Documents/Cherrygram-Mac/macOS-Swift/submodules/minizip/Sources/unzip.c -o /Users/buddhirajgautam/Library/Developer/Xcode/DerivedData/Telegram-Mac-fygdgghdgmuleoelvxabfmqiotta/Build/Intermediates.noindex/minizip.build/Debug/minizip-t.build/Objects-normal/arm64/unzip.o -index-unit-output-path /minizip.build/Debug/minizip-t.build/Objects-normal/arm64/unzip.o

ScanDependencies /Users/buddhirajgautam/Library/Developer/Xcode/DerivedData/Telegram-Mac-fygdgghdgmuleoelvxabfmqiotta/Build/Intermediates.noindex/minizip.build/Debug/minizip-t.build/Objects-normal/arm64/ioapi.o /Users/buddhirajgautam/Documents/Cherrygram-Mac/macOS-Swift/submodules/minizip/Sources/ioapi.c normal arm64 c com.apple.compilers.llvm.clang.1_0.compiler (in target 'minizip' from project 'minizip')
    cd /Users/buddhirajgautam/Documents/Cherrygram-Mac/macOS-Swift
    
    Using response file: /Users/buddhirajgautam/Library/Developer/Xcode/DerivedData/Telegram-Mac-fygdgghdgmuleoelvxabfmqiotta/Build/Intermediates.noindex/minizip.build/Debug/minizip-t.build/Objects-normal/arm64/7187679823f38a2a940e0043cdf9d637-common-args.resp
    
    builtin-ScanDependencies -o /Users/buddhirajgautam/Library/Developer/Xcode/DerivedData/Telegram-Mac-fygdgghdgmuleoelvxabfmqiotta/Build/Intermediates.noindex/minizip.build/Debug/minizip-t.build/Objects-normal/arm64/ioapi.o.scan -- /Applications/Xcode.app/Contents/Developer/Toolchains/XcodeDefault.xctoolchain/usr/bin/clang -x c -ivfsstatcache /Users/buddhirajgautam/Library/Developer/Xcode/DerivedData/SDKStatCaches.noindex/macosx27.0-26A425-e829b21a6f8c9b70876ba0858053c0447231f6df4def33e022ae2eb8f782df1a.sdkstatcache -target arm64-apple-macos12.0 -fmessage-length\=0 -fdiagnostics-show-note-include-stack -fmacro-backtrace-limit\=0 -fno-color-diagnostics -fmodules-prune-interval\=86400 -fmodules-prune-after\=345600 -fbuild-session-file\=/Users/buddhirajgautam/Library/Developer/Xcode/DerivedData/ModuleCache.noindex/Session.modulevalidation -fmodules-validate-once-per-build-session -Wnon-modular-include-in-framework-module -Werror\=non-modular-include-in-framework-module -Wno-trigraphs -Wno-missing-field-initializers -Wno-missing-prototypes -Wno-return-type -Wno-missing-braces -Wparentheses -Wswitch -Wno-unused-function -Wno-unused-label -Wno-unused-parameter -Wno-unused-variable -Wunused-value -Wno-empty-body -Wno-uninitialized -Wno-unknown-pragmas -Wno-shadow -Wno-four-char-constants -Wno-conversion -Wno-constant-conversion -Wno-int-conversion -Wno-bool-conversion -Wno-enum-conversion -Wno-float-conversion -Wno-non-literal-null-conversion -Wno-objc-literal-conversion -Wshorten-64-to-32 -Wpointer-sign -Wno-newline-eof -Wno-implicit-fallthrough -isysroot /Applications/Xcode.app/Contents/Developer/Platforms/MacOSX.platform/Developer/SDKs/MacOSX27.0.sdk -fstrict-aliasing -Wdeprecated-declarations -Wno-sign-conversion -Wno-infinite-recursion -Wno-comma -Wno-block-capture-autoreleasing -Wno-strict-prototypes -Wno-semicolon-before-method-body -index-store-path /Users/buddhirajgautam/Library/Developer/Xcode/DerivedData/Telegram-Mac-fygdgghdgmuleoelvxabfmqiotta/Index.noindex/DataStore @/Users/buddhirajgautam/Library/Developer/Xcode/DerivedData/Telegram-Mac-fygdgghdgmuleoelvxabfmqiotta/Build/Intermediates.noindex/minizip.build/Debug/minizip-t.build/Objects-normal/arm64/7187679823f38a2a940e0043cdf9d637-common-args.resp -MMD -MT dependencies -MF /Users/buddhirajgautam/Library/Developer/Xcode/DerivedData/Telegram-Mac-fygdgghdgmuleoelvxabfmqiotta/Build/Intermediates.noindex/minizip.build/Debug/minizip-t.build/Objects-normal/arm64/ioapi.d --serialize-diagnostics /Users/buddhirajgautam/Library/Developer/Xcode/DerivedData/Telegram-Mac-fygdgghdgmuleoelvxabfmqiotta/Build/Intermediates.noindex/minizip.build/Debug/minizip-t.build/Objects-normal/arm64/ioapi.dia -c /Users/buddhirajgautam/Documents/Cherrygram-Mac/macOS-Swift/submodules/minizip/Sources/ioapi.c -o /Users/buddhirajgautam/Library/Developer/Xcode/DerivedData/Telegram-Mac-fygdgghdgmuleoelvxabfmqiotta/Build/Intermediates.noindex/minizip.build/Debug/minizip-t.build/Objects-normal/arm64/ioapi.o -index-unit-output-path /minizip.build/Debug/minizip-t.build/Objects-normal/arm64/ioapi.o

CompileC /Users/buddhirajgautam/Library/Developer/Xcode/DerivedData/Telegram-Mac-fygdgghdgmuleoelvxabfmqiotta/Build/Intermediates.noindex/minizip.build/Debug/minizip-t.build/Objects-normal/arm64/unzip.o /Users/buddhirajgautam/Documents/Cherrygram-Mac/macOS-Swift/submodules/minizip/Sources/unzip.c normal arm64 c com.apple.compilers.llvm.clang.1_0.compiler (in target 'minizip' from project 'minizip')
    cd /Users/buddhirajgautam/Documents/Cherrygram-Mac/macOS-Swift
    
    Using response file: /Users/buddhirajgautam/Library/Developer/Xcode/DerivedData/Telegram-Mac-fygdgghdgmuleoelvxabfmqiotta/Build/Intermediates.noindex/minizip.build/Debug/minizip-t.build/Objects-normal/arm64/7187679823f38a2a940e0043cdf9d637-common-args.resp
    
    /Applications/Xcode.app/Contents/Developer/Toolchains/XcodeDefault.xctoolchain/usr/bin/clang -x c -ivfsstatcache /Users/buddhirajgautam/Library/Developer/Xcode/DerivedData/SDKStatCaches.noindex/macosx27.0-26A425-e829b21a6f8c9b70876ba0858053c0447231f6df4def33e022ae2eb8f782df1a.sdkstatcache -target arm64-apple-macos12.0 -fmessage-length\=0 -fdiagnostics-show-note-include-stack -fmacro-backtrace-limit\=0 -fno-color-diagnostics -fmodules-prune-interval\=86400 -fmodules-prune-after\=345600 -fbuild-session-file\=/Users/buddhirajgautam/Library/Developer/Xcode/DerivedData/ModuleCache.noindex/Session.modulevalidation -fmodules-validate-once-per-build-session -Wnon-modular-include-in-framework-module -Werror\=non-modular-include-in-framework-module -Wno-trigraphs -Wno-missing-field-initializers -Wno-missing-prototypes -Wno-return-type -Wno-missing-braces -Wparentheses -Wswitch -Wno-unused-function -Wno-unused-label -Wno-unused-parameter -Wno-unused-variable -Wunused-value -Wno-empty-body -Wno-uninitialized -Wno-unknown-pragmas -Wno-shadow -Wno-four-char-constants -Wno-conversion -Wno-constant-conversion -Wno-int-conversion -Wno-bool-conversion -Wno-enum-conversion -Wno-float-conversion -Wno-non-literal-null-conversion -Wno-objc-literal-conversion -Wshorten-64-to-32 -Wpointer-sign -Wno-newline-eof -Wno-implicit-fallthrough -isysroot /Applications/Xcode.app/Contents/Developer/Platforms/MacOSX.platform/Developer/SDKs/MacOSX27.0.sdk -fstrict-aliasing -Wdeprecated-declarations -Wno-sign-conversion -Wno-infinite-recursion -Wno-comma -Wno-block-capture-autoreleasing -Wno-strict-prototypes -Wno-semicolon-before-method-body -index-store-path /Users/buddhirajgautam/Library/Developer/Xcode/DerivedData/Telegram-Mac-fygdgghdgmuleoelvxabfmqiotta/Index.noindex/DataStore @/Users/buddhirajgautam/Library/Developer/Xcode/DerivedData/Telegram-Mac-fygdgghdgmuleoelvxabfmqiotta/Build/Intermediates.noindex/minizip.build/Debug/minizip-t.build/Objects-normal/arm64/7187679823f38a2a940e0043cdf9d637-common-args.resp -MMD -MT dependencies -MF /Users/buddhirajgautam/Library/Developer/Xcode/DerivedData/Telegram-Mac-fygdgghdgmuleoelvxabfmqiotta/Build/Intermediates.noindex/minizip.build/Debug/minizip-t.build/Objects-normal/arm64/unzip.d --serialize-diagnostics /Users/buddhirajgautam/Library/Developer/Xcode/DerivedData/Telegram-Mac-fygdgghdgmuleoelvxabfmqiotta/Build/Intermediates.noindex/minizip.build/Debug/minizip-t.build/Objects-normal/arm64/unzip.dia -c /Users/buddhirajgautam/Documents/Cherrygram-Mac/macOS-Swift/submodules/minizip/Sources/unzip.c -o /Users/buddhirajgautam/Library/Developer/Xcode/DerivedData/Telegram-Mac-fygdgghdgmuleoelvxabfmqiotta/Build/Intermediates.noindex/minizip.build/Debug/minizip-t.build/Objects-normal/arm64/unzip.o -index-unit-output-path /minizip.build/Debug/minizip-t.build/Objects-normal/arm64/unzip.o
/Users/buddhirajgautam/Documents/Cherrygram-Mac/macOS-Swift/submodules/minizip/Sources/unzip.c:638:79: warning: implicit conversion loses integer precision: 'uLong' (aka 'unsigned long') to 'int' [-Wshorten-64-to-32]
  638 |             s->filestream = ZOPENDISK64(s->z_filefunc, s->filestream_with_CD, number_disk_next,
      |                             ~~~~~~~~~~~~~~~~~~~~~~~~~~~~~~~~~~~~~~~~~~~~~~~~~~^~~~~~~~~~~~~~~~~
  639 |                 ZLIB_FILEFUNC_MODE_READ | ZLIB_FILEFUNC_MODE_EXISTING);
      |                 ~~~~~~~~~~~~~~~~~~~~~~~~~~~~~~~~~~~~~~~~~~~~~~~~~~~~~~
In file included from /Users/buddhirajgautam/Documents/Cherrygram-Mac/macOS-Swift/submodules/minizip/Sources/unzip.c:28:
In file included from /Users/buddhirajgautam/Documents/Cherrygram-Mac/macOS-Swift/submodules/minizip/Sources/unzip.h:29:
/Users/buddhirajgautam/Documents/Cherrygram-Mac/macOS-Swift/submodules/minizip/Sources/ioapi.h:167:99: note: expanded from macro 'ZOPENDISK64'
  167 | #define ZOPENDISK64(filefunc,filestream,diskn,mode) (call_zopendisk64((&(filefunc)),(filestream),(diskn),(mode)))
      |                                                      ~~~~~~~~~~~~~~~~                             ^~~~~
1 warning generated.

CompileC /Users/buddhirajgautam/Library/Developer/Xcode/DerivedData/Telegram-Mac-fygdgghdgmuleoelvxabfmqiotta/Build/Intermediates.noindex/minizip.build/Debug/minizip-t.build/Objects-normal/arm64/ioapi.o /Users/buddhirajgautam/Documents/Cherrygram-Mac/macOS-Swift/submodules/minizip/Sources/ioapi.c normal arm64 c com.apple.compilers.llvm.clang.1_0.compiler (in target 'minizip' from project 'minizip')
    cd /Users/buddhirajgautam/Documents/Cherrygram-Mac/macOS-Swift
    
    Using response file: /Users/buddhirajgautam/Library/Developer/Xcode/DerivedData/Telegram-Mac-fygdgghdgmuleoelvxabfmqiotta/Build/Intermediates.noindex/minizip.build/Debug/minizip-t.build/Objects-normal/arm64/7187679823f38a2a940e0043cdf9d637-common-args.resp
    
    /Applications/Xcode.app/Contents/Developer/Toolchains/XcodeDefault.xctoolchain/usr/bin/clang -x c -ivfsstatcache /Users/buddhirajgautam/Library/Developer/Xcode/DerivedData/SDKStatCaches.noindex/macosx27.0-26A425-e829b21a6f8c9b70876ba0858053c0447231f6df4def33e022ae2eb8f782df1a.sdkstatcache -target arm64-apple-macos12.0 -fmessage-length\=0 -fdiagnostics-show-note-include-stack -fmacro-backtrace-limit\=0 -fno-color-diagnostics -fmodules-prune-interval\=86400 -fmodules-prune-after\=345600 -fbuild-session-file\=/Users/buddhirajgautam/Library/Developer/Xcode/DerivedData/ModuleCache.noindex/Session.modulevalidation -fmodules-validate-once-per-build-session -Wnon-modular-include-in-framework-module -Werror\=non-modular-include-in-framework-module -Wno-trigraphs -Wno-missing-field-initializers -Wno-missing-prototypes -Wno-return-type -Wno-missing-braces -Wparentheses -Wswitch -Wno-unused-function -Wno-unused-label -Wno-unused-parameter -Wno-unused-variable -Wunused-value -Wno-empty-body -Wno-uninitialized -Wno-unknown-pragmas -Wno-shadow -Wno-four-char-constants -Wno-conversion -Wno-constant-conversion -Wno-int-conversion -Wno-bool-conversion -Wno-enum-conversion -Wno-float-conversion -Wno-non-literal-null-conversion -Wno-objc-literal-conversion -Wshorten-64-to-32 -Wpointer-sign -Wno-newline-eof -Wno-implicit-fallthrough -isysroot /Applications/Xcode.app/Contents/Developer/Platforms/MacOSX.platform/Developer/SDKs/MacOSX27.0.sdk -fstrict-aliasing -Wdeprecated-declarations -Wno-sign-conversion -Wno-infinite-recursion -Wno-comma -Wno-block-capture-autoreleasing -Wno-strict-prototypes -Wno-semicolon-before-method-body -index-store-path /Users/buddhirajgautam/Library/Developer/Xcode/DerivedData/Telegram-Mac-fygdgghdgmuleoelvxabfmqiotta/Index.noindex/DataStore @/Users/buddhirajgautam/Library/Developer/Xcode/DerivedData/Telegram-Mac-fygdgghdgmuleoelvxabfmqiotta/Build/Intermediates.noindex/minizip.build/Debug/minizip-t.build/Objects-normal/arm64/7187679823f38a2a940e0043cdf9d637-common-args.resp -MMD -MT dependencies -MF /Users/buddhirajgautam/Library/Developer/Xcode/DerivedData/Telegram-Mac-fygdgghdgmuleoelvxabfmqiotta/Build/Intermediates.noindex/minizip.build/Debug/minizip-t.build/Objects-normal/arm64/ioapi.d --serialize-diagnostics /Users/buddhirajgautam/Library/Developer/Xcode/DerivedData/Telegram-Mac-fygdgghdgmuleoelvxabfmqiotta/Build/Intermediates.noindex/minizip.build/Debug/minizip-t.build/Objects-normal/arm64/ioapi.dia -c /Users/buddhirajgautam/Documents/Cherrygram-Mac/macOS-Swift/submodules/minizip/Sources/ioapi.c -o /Users/buddhirajgautam/Library/Developer/Xcode/DerivedData/Telegram-Mac-fygdgghdgmuleoelvxabfmqiotta/Build/Intermediates.noindex/minizip.build/Debug/minizip-t.build/Objects-normal/arm64/ioapi.o -index-unit-output-path /minizip.build/Debug/minizip-t.build/Objects-normal/arm64/ioapi.o

ScanDependencies /Users/buddhirajgautam/Library/Developer/Xcode/DerivedData/Telegram-Mac-fygdgghdgmuleoelvxabfmqiotta/Build/Intermediates.noindex/libwebp.build/Debug/libwebp-t.build/Objects-normal/arm64/libwebp.o /Users/buddhirajgautam/Documents/Cherrygram-Mac/macOS-Swift/submodules/libwebp/Sources/libwebp.m normal arm64 objective-c com.apple.compilers.llvm.clang.1_0.compiler (in target 'libwebp' from project 'libwebp')
    cd /Users/buddhirajgautam/Documents/Cherrygram-Mac/macOS-Swift
    
    Using response file: /Users/buddhirajgautam/Library/Developer/Xcode/DerivedData/Telegram-Mac-fygdgghdgmuleoelvxabfmqiotta/Build/Intermediates.noindex/libwebp.build/Debug/libwebp-t.build/Objects-normal/arm64/e6072d4f65d7061329687fe24e3d63a7-common-args.resp
    
    builtin-ScanDependencies -o /Users/buddhirajgautam/Library/Developer/Xcode/DerivedData/Telegram-Mac-fygdgghdgmuleoelvxabfmqiotta/Build/Intermediates.noindex/libwebp.build/Debug/libwebp-t.build/Objects-normal/arm64/libwebp.o.scan -- /Applications/Xcode.app/Contents/Developer/Toolchains/XcodeDefault.xctoolchain/usr/bin/clang -x objective-c -ivfsstatcache /Users/buddhirajgautam/Library/Developer/Xcode/DerivedData/SDKStatCaches.noindex/macosx27.0-26A425-e829b21a6f8c9b70876ba0858053c0447231f6df4def33e022ae2eb8f782df1a.sdkstatcache -target arm64-apple-macos12.0 -fmessage-length\=0 -fdiagnostics-show-note-include-stack -fmacro-backtrace-limit\=0 -fno-color-diagnostics -fmodules-prune-interval\=86400 -fmodules-prune-after\=345600 -fbuild-session-file\=/Users/buddhirajgautam/Library/Developer/Xcode/DerivedData/ModuleCache.noindex/Session.modulevalidation -fmodules-validate-once-per-build-session -Wnon-modular-include-in-framework-module -Werror\=non-modular-include-in-framework-module -Wno-trigraphs -Wno-missing-field-initializers -Wno-missing-prototypes -Wno-return-type -Wno-implicit-atomic-properties -Wno-objc-interface-ivars -Wno-arc-repeated-use-of-weak -Wno-missing-braces -Wparentheses -Wswitch -Wno-unused-function -Wno-unused-label -Wno-unused-parameter -Wno-unused-variable -Wunused-value -Wno-empty-body -Wno-uninitialized -Wno-unknown-pragmas -Wno-shadow -Wno-four-char-constants -Wno-conversion -Wno-constant-conversion -Wno-int-conversion -Wno-bool-conversion -Wno-enum-conversion -Wno-float-conversion -Wno-non-literal-null-conversion -Wno-objc-literal-conversion -Wshorten-64-to-32 -Wpointer-sign -Wno-newline-eof -Wno-selector -Wno-strict-selector-match -Wno-undeclared-selector -Wno-deprecated-implementations -Wno-implicit-fallthrough -isysroot /Applications/Xcode.app/Contents/Developer/Platforms/MacOSX.platform/Developer/SDKs/MacOSX27.0.sdk -fstrict-aliasing -Wprotocol -Wdeprecated-declarations -Wno-sign-conversion -Wno-infinite-recursion -Wno-comma -Wno-block-capture-autoreleasing -Wno-strict-prototypes -Wno-semicolon-before-method-body -index-store-path /Users/buddhirajgautam/Library/Developer/Xcode/DerivedData/Telegram-Mac-fygdgghdgmuleoelvxabfmqiotta/Index.noindex/DataStore @/Users/buddhirajgautam/Library/Developer/Xcode/DerivedData/Telegram-Mac-fygdgghdgmuleoelvxabfmqiotta/Build/Intermediates.noindex/libwebp.build/Debug/libwebp-t.build/Objects-normal/arm64/e6072d4f65d7061329687fe24e3d63a7-common-args.resp -MMD -MT dependencies -MF /Users/buddhirajgautam/Library/Developer/Xcode/DerivedData/Telegram-Mac-fygdgghdgmuleoelvxabfmqiotta/Build/Intermediates.noindex/libwebp.build/Debug/libwebp-t.build/Objects-normal/arm64/libwebp.d --serialize-diagnostics /Users/buddhirajgautam/Library/Developer/Xcode/DerivedData/Telegram-Mac-fygdgghdgmuleoelvxabfmqiotta/Build/Intermediates.noindex/libwebp.build/Debug/libwebp-t.build/Objects-normal/arm64/libwebp.dia -c /Users/buddhirajgautam/Documents/Cherrygram-Mac/macOS-Swift/submodules/libwebp/Sources/libwebp.m -o /Users/buddhirajgautam/Library/Developer/Xcode/DerivedData/Telegram-Mac-fygdgghdgmuleoelvxabfmqiotta/Build/Intermediates.noindex/libwebp.build/Debug/libwebp-t.build/Objects-normal/arm64/libwebp.o -index-unit-output-path /libwebp.build/Debug/libwebp-t.build/Objects-normal/arm64/libwebp.o

Ld /Users/buddhirajgautam/Library/Developer/Xcode/DerivedData/Telegram-Mac-fygdgghdgmuleoelvxabfmqiotta/Build/Products/Debug/nanopb.o normal (in target 'nanopb' from project 'nanopb')
    cd /Users/buddhirajgautam/Library/Developer/Xcode/DerivedData/Telegram-Mac-fygdgghdgmuleoelvxabfmqiotta/SourcePackages/checkouts/nanopb
    /Applications/Xcode.app/Contents/Developer/Toolchains/XcodeDefault.xctoolchain/usr/bin/clang -Xlinker -reproducible -target arm64-apple-macos12.0 -r -isysroot /Applications/Xcode.app/Contents/Developer/Platforms/MacOSX.platform/Developer/SDKs/MacOSX27.0.sdk -O0 -w -Xlinker -no_warn_duplicate_libraries -F/Users/buddhirajgautam/Library/Developer/Xcode/DerivedData/Telegram-Mac-fygdgghdgmuleoelvxabfmqiotta/Build/Intermediates.noindex/EagerLinkingTBDs/Debug -F/Users/buddhirajgautam/Library/Developer/Xcode/DerivedData/Telegram-Mac-fygdgghdgmuleoelvxabfmqiotta/Build/Products/Debug -iframework /Applications/Xcode.app/Contents/Developer/Platforms/MacOSX.platform/Developer/Library/Frameworks -filelist /Users/buddhirajgautam/Library/Developer/Xcode/DerivedData/Telegram-Mac-fygdgghdgmuleoelvxabfmqiotta/Build/Intermediates.noindex/nanopb.build/Debug/nanopb-t.build/Objects-normal/arm64/nanopb.LinkFileList -nostdlib -Xlinker -object_path_lto -Xlinker /Users/buddhirajgautam/Library/Developer/Xcode/DerivedData/Telegram-Mac-fygdgghdgmuleoelvxabfmqiotta/Build/Intermediates.noindex/nanopb.build/Debug/nanopb-t.build/Objects-normal/arm64/nanopb_lto.o -Xlinker -no_deduplicate -Xlinker -debug_variant -Xlinker -dependency_info -Xlinker /Users/buddhirajgautam/Library/Developer/Xcode/DerivedData/Telegram-Mac-fygdgghdgmuleoelvxabfmqiotta/Build/Intermediates.noindex/nanopb.build/Debug/nanopb-t.build/Objects-normal/arm64/nanopb_dependency_info.dat -o /Users/buddhirajgautam/Library/Developer/Xcode/DerivedData/Telegram-Mac-fygdgghdgmuleoelvxabfmqiotta/Build/Products/Debug/nanopb.o

ScanDependencies /Users/buddhirajgautam/Library/Developer/Xcode/DerivedData/Telegram-Mac-fygdgghdgmuleoelvxabfmqiotta/Build/Intermediates.noindex/libwebp.build/Debug/libwebp-t.build/Objects-normal/arm64/WebPImageCoder.o /Users/buddhirajgautam/Documents/Cherrygram-Mac/macOS-Swift/submodules/libwebp/Sources/WebPImageCoder.m normal arm64 objective-c com.apple.compilers.llvm.clang.1_0.compiler (in target 'libwebp' from project 'libwebp')
    cd /Users/buddhirajgautam/Documents/Cherrygram-Mac/macOS-Swift
    
    Using response file: /Users/buddhirajgautam/Library/Developer/Xcode/DerivedData/Telegram-Mac-fygdgghdgmuleoelvxabfmqiotta/Build/Intermediates.noindex/libwebp.build/Debug/libwebp-t.build/Objects-normal/arm64/e6072d4f65d7061329687fe24e3d63a7-common-args.resp
    
    builtin-ScanDependencies -o /Users/buddhirajgautam/Library/Developer/Xcode/DerivedData/Telegram-Mac-fygdgghdgmuleoelvxabfmqiotta/Build/Intermediates.noindex/libwebp.build/Debug/libwebp-t.build/Objects-normal/arm64/WebPImageCoder.o.scan -- /Applications/Xcode.app/Contents/Developer/Toolchains/XcodeDefault.xctoolchain/usr/bin/clang -x objective-c -ivfsstatcache /Users/buddhirajgautam/Library/Developer/Xcode/DerivedData/SDKStatCaches.noindex/macosx27.0-26A425-e829b21a6f8c9b70876ba0858053c0447231f6df4def33e022ae2eb8f782df1a.sdkstatcache -target arm64-apple-macos12.0 -fmessage-length\=0 -fdiagnostics-show-note-include-stack -fmacro-backtrace-limit\=0 -fno-color-diagnostics -fmodules-prune-interval\=86400 -fmodules-prune-after\=345600 -fbuild-session-file\=/Users/buddhirajgautam/Library/Developer/Xcode/DerivedData/ModuleCache.noindex/Session.modulevalidation -fmodules-validate-once-per-build-session -Wnon-modular-include-in-framework-module -Werror\=non-modular-include-in-framework-module -Wno-trigraphs -Wno-missing-field-initializers -Wno-missing-prototypes -Wno-return-type -Wno-implicit-atomic-properties -Wno-objc-interface-ivars -Wno-arc-repeated-use-of-weak -Wno-missing-braces -Wparentheses -Wswitch -Wno-unused-function -Wno-unused-label -Wno-unused-parameter -Wno-unused-variable -Wunused-value -Wno-empty-body -Wno-uninitialized -Wno-unknown-pragmas -Wno-shadow -Wno-four-char-constants -Wno-conversion -Wno-constant-conversion -Wno-int-conversion -Wno-bool-conversion -Wno-enum-conversion -Wno-float-conversion -Wno-non-literal-null-conversion -Wno-objc-literal-conversion -Wshorten-64-to-32 -Wpointer-sign -Wno-newline-eof -Wno-selector -Wno-strict-selector-match -Wno-undeclared-selector -Wno-deprecated-implementations -Wno-implicit-fallthrough -isysroot /Applications/Xcode.app/Contents/Developer/Platforms/MacOSX.platform/Developer/SDKs/MacOSX27.0.sdk -fstrict-aliasing -Wprotocol -Wdeprecated-declarations -Wno-sign-conversion -Wno-infinite-recursion -Wno-comma -Wno-block-capture-autoreleasing -Wno-strict-prototypes -Wno-semicolon-before-method-body -index-store-path /Users/buddhirajgautam/Library/Developer/Xcode/DerivedData/Telegram-Mac-fygdgghdgmuleoelvxabfmqiotta/Index.noindex/DataStore @/Users/buddhirajgautam/Library/Developer/Xcode/DerivedData/Telegram-Mac-fygdgghdgmuleoelvxabfmqiotta/Build/Intermediates.noindex/libwebp.build/Debug/libwebp-t.build/Objects-normal/arm64/e6072d4f65d7061329687fe24e3d63a7-common-args.resp -MMD -MT dependencies -MF /Users/buddhirajgautam/Library/Developer/Xcode/DerivedData/Telegram-Mac-fygdgghdgmuleoelvxabfmqiotta/Build/Intermediates.noindex/libwebp.build/Debug/libwebp-t.build/Objects-normal/arm64/WebPImageCoder.d --serialize-diagnostics /Users/buddhirajgautam/Library/Developer/Xcode/DerivedData/Telegram-Mac-fygdgghdgmuleoelvxabfmqiotta/Build/Intermediates.noindex/libwebp.build/Debug/libwebp-t.build/Objects-normal/arm64/WebPImageCoder.dia -c /Users/buddhirajgautam/Documents/Cherrygram-Mac/macOS-Swift/submodules/libwebp/Sources/WebPImageCoder.m -o /Users/buddhirajgautam/Library/Developer/Xcode/DerivedData/Telegram-Mac-fygdgghdgmuleoelvxabfmqiotta/Build/Intermediates.noindex/libwebp.build/Debug/libwebp-t.build/Objects-normal/arm64/WebPImageCoder.o -index-unit-output-path /libwebp.build/Debug/libwebp-t.build/Objects-normal/arm64/WebPImageCoder.o

ScanDependencies /Users/buddhirajgautam/Library/Developer/Xcode/DerivedData/Telegram-Mac-fygdgghdgmuleoelvxabfmqiotta/Build/Intermediates.noindex/libphonenumber.build/Debug/libphonenumber-t.build/Objects-normal/arm64/NBPhoneNumberUtil.o /Users/buddhirajgautam/Documents/Cherrygram-Mac/macOS-Swift/submodules/telegram-ios/submodules/libphonenumber/Sources/NBPhoneNumberUtil.m normal arm64 objective-c com.apple.compilers.llvm.clang.1_0.compiler (in target 'libphonenumber' from project 'libphonenumber')
    cd /Users/buddhirajgautam/Documents/Cherrygram-Mac/macOS-Swift
    
    Using response file: /Users/buddhirajgautam/Library/Developer/Xcode/DerivedData/Telegram-Mac-fygdgghdgmuleoelvxabfmqiotta/Build/Intermediates.noindex/libphonenumber.build/Debug/libphonenumber-t.build/Objects-normal/arm64/e6072d4f65d7061329687fe24e3d63a7-common-args.resp
    
    builtin-ScanDependencies -o /Users/buddhirajgautam/Library/Developer/Xcode/DerivedData/Telegram-Mac-fygdgghdgmuleoelvxabfmqiotta/Build/Intermediates.noindex/libphonenumber.build/Debug/libphonenumber-t.build/Objects-normal/arm64/NBPhoneNumberUtil.o.scan -- /Applications/Xcode.app/Contents/Developer/Toolchains/XcodeDefault.xctoolchain/usr/bin/clang -x objective-c -ivfsstatcache /Users/buddhirajgautam/Library/Developer/Xcode/DerivedData/SDKStatCaches.noindex/macosx27.0-26A425-e829b21a6f8c9b70876ba0858053c0447231f6df4def33e022ae2eb8f782df1a.sdkstatcache -target arm64-apple-macos12.0 -fmessage-length\=0 -fdiagnostics-show-note-include-stack -fmacro-backtrace-limit\=0 -fno-color-diagnostics -fmodules-prune-interval\=86400 -fmodules-prune-after\=345600 -fbuild-session-file\=/Users/buddhirajgautam/Library/Developer/Xcode/DerivedData/ModuleCache.noindex/Session.modulevalidation -fmodules-validate-once-per-build-session -Wnon-modular-include-in-framework-module -Werror\=non-modular-include-in-framework-module -Wno-trigraphs -Wno-missing-field-initializers -Wno-missing-prototypes -Wno-return-type -Wno-implicit-atomic-properties -Wno-objc-interface-ivars -Wno-arc-repeated-use-of-weak -Wno-missing-braces -Wparentheses -Wswitch -Wno-unused-function -Wno-unused-label -Wno-unused-parameter -Wno-unused-variable -Wunused-value -Wno-empty-body -Wno-uninitialized -Wno-unknown-pragmas -Wno-shadow -Wno-four-char-constants -Wno-conversion -Wno-constant-conversion -Wno-int-conversion -Wno-bool-conversion -Wno-enum-conversion -Wno-float-conversion -Wno-non-literal-null-conversion -Wno-objc-literal-conversion -Wshorten-64-to-32 -Wpointer-sign -Wno-newline-eof -Wno-selector -Wno-strict-selector-match -Wno-undeclared-selector -Wno-deprecated-implementations -Wno-implicit-fallthrough -isysroot /Applications/Xcode.app/Contents/Developer/Platforms/MacOSX.platform/Developer/SDKs/MacOSX27.0.sdk -fstrict-aliasing -Wprotocol -Wdeprecated-declarations -Wno-sign-conversion -Wno-infinite-recursion -Wno-comma -Wno-block-capture-autoreleasing -Wno-strict-prototypes -Wno-semicolon-before-method-body -index-store-path /Users/buddhirajgautam/Library/Developer/Xcode/DerivedData/Telegram-Mac-fygdgghdgmuleoelvxabfmqiotta/Index.noindex/DataStore @/Users/buddhirajgautam/Library/Developer/Xcode/DerivedData/Telegram-Mac-fygdgghdgmuleoelvxabfmqiotta/Build/Intermediates.noindex/libphonenumber.build/Debug/libphonenumber-t.build/Objects-normal/arm64/e6072d4f65d7061329687fe24e3d63a7-common-args.resp -MMD -MT dependencies -MF /Users/buddhirajgautam/Library/Developer/Xcode/DerivedData/Telegram-Mac-fygdgghdgmuleoelvxabfmqiotta/Build/Intermediates.noindex/libphonenumber.build/Debug/libphonenumber-t.build/Objects-normal/arm64/NBPhoneNumberUtil.d --serialize-diagnostics /Users/buddhirajgautam/Library/Developer/Xcode/DerivedData/Telegram-Mac-fygdgghdgmuleoelvxabfmqiotta/Build/Intermediates.noindex/libphonenumber.build/Debug/libphonenumber-t.build/Objects-normal/arm64/NBPhoneNumberUtil.dia -c /Users/buddhirajgautam/Documents/Cherrygram-Mac/macOS-Swift/submodules/telegram-ios/submodules/libphonenumber/Sources/NBPhoneNumberUtil.m -o /Users/buddhirajgautam/Library/Developer/Xcode/DerivedData/Telegram-Mac-fygdgghdgmuleoelvxabfmqiotta/Build/Intermediates.noindex/libphonenumber.build/Debug/libphonenumber-t.build/Objects-normal/arm64/NBPhoneNumberUtil.o -index-unit-output-path /libphonenumber.build/Debug/libphonenumber-t.build/Objects-normal/arm64/NBPhoneNumberUtil.o

ScanDependencies /Users/buddhirajgautam/Library/Developer/Xcode/DerivedData/Telegram-Mac-fygdgghdgmuleoelvxabfmqiotta/Build/Intermediates.noindex/libphonenumber.build/Debug/libphonenumber-t.build/Objects-normal/arm64/NBPhoneNumberDesc.o /Users/buddhirajgautam/Documents/Cherrygram-Mac/macOS-Swift/submodules/telegram-ios/submodules/libphonenumber/Sources/NBPhoneNumberDesc.m normal arm64 objective-c com.apple.compilers.llvm.clang.1_0.compiler (in target 'libphonenumber' from project 'libphonenumber')
    cd /Users/buddhirajgautam/Documents/Cherrygram-Mac/macOS-Swift
    
    Using response file: /Users/buddhirajgautam/Library/Developer/Xcode/DerivedData/Telegram-Mac-fygdgghdgmuleoelvxabfmqiotta/Build/Intermediates.noindex/libphonenumber.build/Debug/libphonenumber-t.build/Objects-normal/arm64/e6072d4f65d7061329687fe24e3d63a7-common-args.resp
    
    builtin-ScanDependencies -o /Users/buddhirajgautam/Library/Developer/Xcode/DerivedData/Telegram-Mac-fygdgghdgmuleoelvxabfmqiotta/Build/Intermediates.noindex/libphonenumber.build/Debug/libphonenumber-t.build/Objects-normal/arm64/NBPhoneNumberDesc.o.scan -- /Applications/Xcode.app/Contents/Developer/Toolchains/XcodeDefault.xctoolchain/usr/bin/clang -x objective-c -ivfsstatcache /Users/buddhirajgautam/Library/Developer/Xcode/DerivedData/SDKStatCaches.noindex/macosx27.0-26A425-e829b21a6f8c9b70876ba0858053c0447231f6df4def33e022ae2eb8f782df1a.sdkstatcache -target arm64-apple-macos12.0 -fmessage-length\=0 -fdiagnostics-show-note-include-stack -fmacro-backtrace-limit\=0 -fno-color-diagnostics -fmodules-prune-interval\=86400 -fmodules-prune-after\=345600 -fbuild-session-file\=/Users/buddhirajgautam/Library/Developer/Xcode/DerivedData/ModuleCache.noindex/Session.modulevalidation -fmodules-validate-once-per-build-session -Wnon-modular-include-in-framework-module -Werror\=non-modular-include-in-framework-module -Wno-trigraphs -Wno-missing-field-initializers -Wno-missing-prototypes -Wno-return-type -Wno-implicit-atomic-properties -Wno-objc-interface-ivars -Wno-arc-repeated-use-of-weak -Wno-missing-braces -Wparentheses -Wswitch -Wno-unused-function -Wno-unused-label -Wno-unused-parameter -Wno-unused-variable -Wunused-value -Wno-empty-body -Wno-uninitialized -Wno-unknown-pragmas -Wno-shadow -Wno-four-char-constants -Wno-conversion -Wno-constant-conversion -Wno-int-conversion -Wno-bool-conversion -Wno-enum-conversion -Wno-float-conversion -Wno-non-literal-null-conversion -Wno-objc-literal-conversion -Wshorten-64-to-32 -Wpointer-sign -Wno-newline-eof -Wno-selector -Wno-strict-selector-match -Wno-undeclared-selector -Wno-deprecated-implementations -Wno-implicit-fallthrough -isysroot /Applications/Xcode.app/Contents/Developer/Platforms/MacOSX.platform/Developer/SDKs/MacOSX27.0.sdk -fstrict-aliasing -Wprotocol -Wdeprecated-declarations -Wno-sign-conversion -Wno-infinite-recursion -Wno-comma -Wno-block-capture-autoreleasing -Wno-strict-prototypes -Wno-semicolon-before-method-body -index-store-path /Users/buddhirajgautam/Library/Developer/Xcode/DerivedData/Telegram-Mac-fygdgghdgmuleoelvxabfmqiotta/Index.noindex/DataStore @/Users/buddhirajgautam/Library/Developer/Xcode/DerivedData/Telegram-Mac-fygdgghdgmuleoelvxabfmqiotta/Build/Intermediates.noindex/libphonenumber.build/Debug/libphonenumber-t.build/Objects-normal/arm64/e6072d4f65d7061329687fe24e3d63a7-common-args.resp -MMD -MT dependencies -MF /Users/buddhirajgautam/Library/Developer/Xcode/DerivedData/Telegram-Mac-fygdgghdgmuleoelvxabfmqiotta/Build/Intermediates.noindex/libphonenumber.build/Debug/libphonenumber-t.build/Objects-normal/arm64/NBPhoneNumberDesc.d --serialize-diagnostics /Users/buddhirajgautam/Library/Developer/Xcode/DerivedData/Telegram-Mac-fygdgghdgmuleoelvxabfmqiotta/Build/Intermediates.noindex/libphonenumber.build/Debug/libphonenumber-t.build/Objects-normal/arm64/NBPhoneNumberDesc.dia -c /Users/buddhirajgautam/Documents/Cherrygram-Mac/macOS-Swift/submodules/telegram-ios/submodules/libphonenumber/Sources/NBPhoneNumberDesc.m -o /Users/buddhirajgautam/Library/Developer/Xcode/DerivedData/Telegram-Mac-fygdgghdgmuleoelvxabfmqiotta/Build/Intermediates.noindex/libphonenumber.build/Debug/libphonenumber-t.build/Objects-normal/arm64/NBPhoneNumberDesc.o -index-unit-output-path /libphonenumber.build/Debug/libphonenumber-t.build/Objects-normal/arm64/NBPhoneNumberDesc.o

Ld /Users/buddhirajgautam/Library/Developer/Xcode/DerivedData/Telegram-Mac-fygdgghdgmuleoelvxabfmqiotta/Build/Products/Debug/minizip.o normal (in target 'minizip' from project 'minizip')
    cd /Users/buddhirajgautam/Documents/Cherrygram-Mac/macOS-Swift/submodules/minizip
    /Applications/Xcode.app/Contents/Developer/Toolchains/XcodeDefault.xctoolchain/usr/bin/clang -Xlinker -reproducible -target arm64-apple-macos12.0 -r -isysroot /Applications/Xcode.app/Contents/Developer/Platforms/MacOSX.platform/Developer/SDKs/MacOSX27.0.sdk -O0 -Xlinker -no_warn_duplicate_libraries -F/Users/buddhirajgautam/Library/Developer/Xcode/DerivedData/Telegram-Mac-fygdgghdgmuleoelvxabfmqiotta/Build/Intermediates.noindex/EagerLinkingTBDs/Debug -F/Users/buddhirajgautam/Library/Developer/Xcode/DerivedData/Telegram-Mac-fygdgghdgmuleoelvxabfmqiotta/Build/Products/Debug -iframework /Applications/Xcode.app/Contents/Developer/Platforms/MacOSX.platform/Developer/Library/Frameworks -filelist /Users/buddhirajgautam/Library/Developer/Xcode/DerivedData/Telegram-Mac-fygdgghdgmuleoelvxabfmqiotta/Build/Intermediates.noindex/minizip.build/Debug/minizip-t.build/Objects-normal/arm64/minizip.LinkFileList -nostdlib -Xlinker -object_path_lto -Xlinker /Users/buddhirajgautam/Library/Developer/Xcode/DerivedData/Telegram-Mac-fygdgghdgmuleoelvxabfmqiotta/Build/Intermediates.noindex/minizip.build/Debug/minizip-t.build/Objects-normal/arm64/minizip_lto.o -Xlinker -no_deduplicate -Xlinker -debug_variant -Xlinker -dependency_info -Xlinker /Users/buddhirajgautam/Library/Developer/Xcode/DerivedData/Telegram-Mac-fygdgghdgmuleoelvxabfmqiotta/Build/Intermediates.noindex/minizip.build/Debug/minizip-t.build/Objects-normal/arm64/minizip_dependency_info.dat -o /Users/buddhirajgautam/Library/Developer/Xcode/DerivedData/Telegram-Mac-fygdgghdgmuleoelvxabfmqiotta/Build/Products/Debug/minizip.o

ScanDependencies /Users/buddhirajgautam/Library/Developer/Xcode/DerivedData/Telegram-Mac-fygdgghdgmuleoelvxabfmqiotta/Build/Intermediates.noindex/libphonenumber.build/Debug/libphonenumber-t.build/Objects-normal/arm64/NBPhoneNumberDefines.o /Users/buddhirajgautam/Documents/Cherrygram-Mac/macOS-Swift/submodules/telegram-ios/submodules/libphonenumber/Sources/NBPhoneNumberDefines.m normal arm64 objective-c com.apple.compilers.llvm.clang.1_0.compiler (in target 'libphonenumber' from project 'libphonenumber')
    cd /Users/buddhirajgautam/Documents/Cherrygram-Mac/macOS-Swift
    
    Using response file: /Users/buddhirajgautam/Library/Developer/Xcode/DerivedData/Telegram-Mac-fygdgghdgmuleoelvxabfmqiotta/Build/Intermediates.noindex/libphonenumber.build/Debug/libphonenumber-t.build/Objects-normal/arm64/e6072d4f65d7061329687fe24e3d63a7-common-args.resp
    
    builtin-ScanDependencies -o /Users/buddhirajgautam/Library/Developer/Xcode/DerivedData/Telegram-Mac-fygdgghdgmuleoelvxabfmqiotta/Build/Intermediates.noindex/libphonenumber.build/Debug/libphonenumber-t.build/Objects-normal/arm64/NBPhoneNumberDefines.o.scan -- /Applications/Xcode.app/Contents/Developer/Toolchains/XcodeDefault.xctoolchain/usr/bin/clang -x objective-c -ivfsstatcache /Users/buddhirajgautam/Library/Developer/Xcode/DerivedData/SDKStatCaches.noindex/macosx27.0-26A425-e829b21a6f8c9b70876ba0858053c0447231f6df4def33e022ae2eb8f782df1a.sdkstatcache -target arm64-apple-macos12.0 -fmessage-length\=0 -fdiagnostics-show-note-include-stack -fmacro-backtrace-limit\=0 -fno-color-diagnostics -fmodules-prune-interval\=86400 -fmodules-prune-after\=345600 -fbuild-session-file\=/Users/buddhirajgautam/Library/Developer/Xcode/DerivedData/ModuleCache.noindex/Session.modulevalidation -fmodules-validate-once-per-build-session -Wnon-modular-include-in-framework-module -Werror\=non-modular-include-in-framework-module -Wno-trigraphs -Wno-missing-field-initializers -Wno-missing-prototypes -Wno-return-type -Wno-implicit-atomic-properties -Wno-objc-interface-ivars -Wno-arc-repeated-use-of-weak -Wno-missing-braces -Wparentheses -Wswitch -Wno-unused-function -Wno-unused-label -Wno-unused-parameter -Wno-unused-variable -Wunused-value -Wno-empty-body -Wno-uninitialized -Wno-unknown-pragmas -Wno-shadow -Wno-four-char-constants -Wno-conversion -Wno-constant-conversion -Wno-int-conversion -Wno-bool-conversion -Wno-enum-conversion -Wno-float-conversion -Wno-non-literal-null-conversion -Wno-objc-literal-conversion -Wshorten-64-to-32 -Wpointer-sign -Wno-newline-eof -Wno-selector -Wno-strict-selector-match -Wno-undeclared-selector -Wno-deprecated-implementations -Wno-implicit-fallthrough -isysroot /Applications/Xcode.app/Contents/Developer/Platforms/MacOSX.platform/Developer/SDKs/MacOSX27.0.sdk -fstrict-aliasing -Wprotocol -Wdeprecated-declarations -Wno-sign-conversion -Wno-infinite-recursion -Wno-comma -Wno-block-capture-autoreleasing -Wno-strict-prototypes -Wno-semicolon-before-method-body -index-store-path /Users/buddhirajgautam/Library/Developer/Xcode/DerivedData/Telegram-Mac-fygdgghdgmuleoelvxabfmqiotta/Index.noindex/DataStore @/Users/buddhirajgautam/Library/Developer/Xcode/DerivedData/Telegram-Mac-fygdgghdgmuleoelvxabfmqiotta/Build/Intermediates.noindex/libphonenumber.build/Debug/libphonenumber-t.build/Objects-normal/arm64/e6072d4f65d7061329687fe24e3d63a7-common-args.resp -MMD -MT dependencies -MF /Users/buddhirajgautam/Library/Developer/Xcode/DerivedData/Telegram-Mac-fygdgghdgmuleoelvxabfmqiotta/Build/Intermediates.noindex/libphonenumber.build/Debug/libphonenumber-t.build/Objects-normal/arm64/NBPhoneNumberDefines.d --serialize-diagnostics /Users/buddhirajgautam/Library/Developer/Xcode/DerivedData/Telegram-Mac-fygdgghdgmuleoelvxabfmqiotta/Build/Intermediates.noindex/libphonenumber.build/Debug/libphonenumber-t.build/Objects-normal/arm64/NBPhoneNumberDefines.dia -c /Users/buddhirajgautam/Documents/Cherrygram-Mac/macOS-Swift/submodules/telegram-ios/submodules/libphonenumber/Sources/NBPhoneNumberDefines.m -o /Users/buddhirajgautam/Library/Developer/Xcode/DerivedData/Telegram-Mac-fygdgghdgmuleoelvxabfmqiotta/Build/Intermediates.noindex/libphonenumber.build/Debug/libphonenumber-t.build/Objects-normal/arm64/NBPhoneNumberDefines.o -index-unit-output-path /libphonenumber.build/Debug/libphonenumber-t.build/Objects-normal/arm64/NBPhoneNumberDefines.o

ScanDependencies /Users/buddhirajgautam/Library/Developer/Xcode/DerivedData/Telegram-Mac-fygdgghdgmuleoelvxabfmqiotta/Build/Intermediates.noindex/libphonenumber.build/Debug/libphonenumber-t.build/Objects-normal/arm64/NBPhoneNumber.o /Users/buddhirajgautam/Documents/Cherrygram-Mac/macOS-Swift/submodules/telegram-ios/submodules/libphonenumber/Sources/NBPhoneNumber.m normal arm64 objective-c com.apple.compilers.llvm.clang.1_0.compiler (in target 'libphonenumber' from project 'libphonenumber')
    cd /Users/buddhirajgautam/Documents/Cherrygram-Mac/macOS-Swift
    
    Using response file: /Users/buddhirajgautam/Library/Developer/Xcode/DerivedData/Telegram-Mac-fygdgghdgmuleoelvxabfmqiotta/Build/Intermediates.noindex/libphonenumber.build/Debug/libphonenumber-t.build/Objects-normal/arm64/e6072d4f65d7061329687fe24e3d63a7-common-args.resp
    
    builtin-ScanDependencies -o /Users/buddhirajgautam/Library/Developer/Xcode/DerivedData/Telegram-Mac-fygdgghdgmuleoelvxabfmqiotta/Build/Intermediates.noindex/libphonenumber.build/Debug/libphonenumber-t.build/Objects-normal/arm64/NBPhoneNumber.o.scan -- /Applications/Xcode.app/Contents/Developer/Toolchains/XcodeDefault.xctoolchain/usr/bin/clang -x objective-c -ivfsstatcache /Users/buddhirajgautam/Library/Developer/Xcode/DerivedData/SDKStatCaches.noindex/macosx27.0-26A425-e829b21a6f8c9b70876ba0858053c0447231f6df4def33e022ae2eb8f782df1a.sdkstatcache -target arm64-apple-macos12.0 -fmessage-length\=0 -fdiagnostics-show-note-include-stack -fmacro-backtrace-limit\=0 -fno-color-diagnostics -fmodules-prune-interval\=86400 -fmodules-prune-after\=345600 -fbuild-session-file\=/Users/buddhirajgautam/Library/Developer/Xcode/DerivedData/ModuleCache.noindex/Session.modulevalidation -fmodules-validate-once-per-build-session -Wnon-modular-include-in-framework-module -Werror\=non-modular-include-in-framework-module -Wno-trigraphs -Wno-missing-field-initializers -Wno-missing-prototypes -Wno-return-type -Wno-implicit-atomic-properties -Wno-objc-interface-ivars -Wno-arc-repeated-use-of-weak -Wno-missing-braces -Wparentheses -Wswitch -Wno-unused-function -Wno-unused-label -Wno-unused-parameter -Wno-unused-variable -Wunused-value -Wno-empty-body -Wno-uninitialized -Wno-unknown-pragmas -Wno-shadow -Wno-four-char-constants -Wno-conversion -Wno-constant-conversion -Wno-int-conversion -Wno-bool-conversion -Wno-enum-conversion -Wno-float-conversion -Wno-non-literal-null-conversion -Wno-objc-literal-conversion -Wshorten-64-to-32 -Wpointer-sign -Wno-newline-eof -Wno-selector -Wno-strict-selector-match -Wno-undeclared-selector -Wno-deprecated-implementations -Wno-implicit-fallthrough -isysroot /Applications/Xcode.app/Contents/Developer/Platforms/MacOSX.platform/Developer/SDKs/MacOSX27.0.sdk -fstrict-aliasing -Wprotocol -Wdeprecated-declarations -Wno-sign-conversion -Wno-infinite-recursion -Wno-comma -Wno-block-capture-autoreleasing -Wno-strict-prototypes -Wno-semicolon-before-method-body -index-store-path /Users/buddhirajgautam/Library/Developer/Xcode/DerivedData/Telegram-Mac-fygdgghdgmuleoelvxabfmqiotta/Index.noindex/DataStore @/Users/buddhirajgautam/Library/Developer/Xcode/DerivedData/Telegram-Mac-fygdgghdgmuleoelvxabfmqiotta/Build/Intermediates.noindex/libphonenumber.build/Debug/libphonenumber-t.build/Objects-normal/arm64/e6072d4f65d7061329687fe24e3d63a7-common-args.resp -MMD -MT dependencies -MF /Users/buddhirajgautam/Library/Developer/Xcode/DerivedData/Telegram-Mac-fygdgghdgmuleoelvxabfmqiotta/Build/Intermediates.noindex/libphonenumber.build/Debug/libphonenumber-t.build/Objects-normal/arm64/NBPhoneNumber.d --serialize-diagnostics /Users/buddhirajgautam/Library/Developer/Xcode/DerivedData/Telegram-Mac-fygdgghdgmuleoelvxabfmqiotta/Build/Intermediates.noindex/libphonenumber.build/Debug/libphonenumber-t.build/Objects-normal/arm64/NBPhoneNumber.dia -c /Users/buddhirajgautam/Documents/Cherrygram-Mac/macOS-Swift/submodules/telegram-ios/submodules/libphonenumber/Sources/NBPhoneNumber.m -o /Users/buddhirajgautam/Library/Developer/Xcode/DerivedData/Telegram-Mac-fygdgghdgmuleoelvxabfmqiotta/Build/Intermediates.noindex/libphonenumber.build/Debug/libphonenumber-t.build/Objects-normal/arm64/NBPhoneNumber.o -index-unit-output-path /libphonenumber.build/Debug/libphonenumber-t.build/Objects-normal/arm64/NBPhoneNumber.o

CompileC /Users/buddhirajgautam/Library/Developer/Xcode/DerivedData/Telegram-Mac-fygdgghdgmuleoelvxabfmqiotta/Build/Intermediates.noindex/libphonenumber.build/Debug/libphonenumber-t.build/Objects-normal/arm64/NBPhoneNumberUtil.o /Users/buddhirajgautam/Documents/Cherrygram-Mac/macOS-Swift/submodules/telegram-ios/submodules/libphonenumber/Sources/NBPhoneNumberUtil.m normal arm64 objective-c com.apple.compilers.llvm.clang.1_0.compiler (in target 'libphonenumber' from project 'libphonenumber')
    cd /Users/buddhirajgautam/Documents/Cherrygram-Mac/macOS-Swift
    
    Using response file: /Users/buddhirajgautam/Library/Developer/Xcode/DerivedData/Telegram-Mac-fygdgghdgmuleoelvxabfmqiotta/Build/Intermediates.noindex/libphonenumber.build/Debug/libphonenumber-t.build/Objects-normal/arm64/e6072d4f65d7061329687fe24e3d63a7-common-args.resp
    
    /Applications/Xcode.app/Contents/Developer/Toolchains/XcodeDefault.xctoolchain/usr/bin/clang -x objective-c -ivfsstatcache /Users/buddhirajgautam/Library/Developer/Xcode/DerivedData/SDKStatCaches.noindex/macosx27.0-26A425-e829b21a6f8c9b70876ba0858053c0447231f6df4def33e022ae2eb8f782df1a.sdkstatcache -target arm64-apple-macos12.0 -fmessage-length\=0 -fdiagnostics-show-note-include-stack -fmacro-backtrace-limit\=0 -fno-color-diagnostics -fmodules-prune-interval\=86400 -fmodules-prune-after\=345600 -fbuild-session-file\=/Users/buddhirajgautam/Library/Developer/Xcode/DerivedData/ModuleCache.noindex/Session.modulevalidation -fmodules-validate-once-per-build-session -Wnon-modular-include-in-framework-module -Werror\=non-modular-include-in-framework-module -Wno-trigraphs -Wno-missing-field-initializers -Wno-missing-prototypes -Wno-return-type -Wno-implicit-atomic-properties -Wno-objc-interface-ivars -Wno-arc-repeated-use-of-weak -Wno-missing-braces -Wparentheses -Wswitch -Wno-unused-function -Wno-unused-label -Wno-unused-parameter -Wno-unused-variable -Wunused-value -Wno-empty-body -Wno-uninitialized -Wno-unknown-pragmas -Wno-shadow -Wno-four-char-constants -Wno-conversion -Wno-constant-conversion -Wno-int-conversion -Wno-bool-conversion -Wno-enum-conversion -Wno-float-conversion -Wno-non-literal-null-conversion -Wno-objc-literal-conversion -Wshorten-64-to-32 -Wpointer-sign -Wno-newline-eof -Wno-selector -Wno-strict-selector-match -Wno-undeclared-selector -Wno-deprecated-implementations -Wno-implicit-fallthrough -isysroot /Applications/Xcode.app/Contents/Developer/Platforms/MacOSX.platform/Developer/SDKs/MacOSX27.0.sdk -fstrict-aliasing -Wprotocol -Wdeprecated-declarations -Wno-sign-conversion -Wno-infinite-recursion -Wno-comma -Wno-block-capture-autoreleasing -Wno-strict-prototypes -Wno-semicolon-before-method-body -index-store-path /Users/buddhirajgautam/Library/Developer/Xcode/DerivedData/Telegram-Mac-fygdgghdgmuleoelvxabfmqiotta/Index.noindex/DataStore @/Users/buddhirajgautam/Library/Developer/Xcode/DerivedData/Telegram-Mac-fygdgghdgmuleoelvxabfmqiotta/Build/Intermediates.noindex/libphonenumber.build/Debug/libphonenumber-t.build/Objects-normal/arm64/e6072d4f65d7061329687fe24e3d63a7-common-args.resp -MMD -MT dependencies -MF /Users/buddhirajgautam/Library/Developer/Xcode/DerivedData/Telegram-Mac-fygdgghdgmuleoelvxabfmqiotta/Build/Intermediates.noindex/libphonenumber.build/Debug/libphonenumber-t.build/Objects-normal/arm64/NBPhoneNumberUtil.d --serialize-diagnostics /Users/buddhirajgautam/Library/Developer/Xcode/DerivedData/Telegram-Mac-fygdgghdgmuleoelvxabfmqiotta/Build/Intermediates.noindex/libphonenumber.build/Debug/libphonenumber-t.build/Objects-normal/arm64/NBPhoneNumberUtil.dia -c /Users/buddhirajgautam/Documents/Cherrygram-Mac/macOS-Swift/submodules/telegram-ios/submodules/libphonenumber/Sources/NBPhoneNumberUtil.m -o /Users/buddhirajgautam/Library/Developer/Xcode/DerivedData/Telegram-Mac-fygdgghdgmuleoelvxabfmqiotta/Build/Intermediates.noindex/libphonenumber.build/Debug/libphonenumber-t.build/Objects-normal/arm64/NBPhoneNumberUtil.o -index-unit-output-path /libphonenumber.build/Debug/libphonenumber-t.build/Objects-normal/arm64/NBPhoneNumberUtil.o

CompileC /Users/buddhirajgautam/Library/Developer/Xcode/DerivedData/Telegram-Mac-fygdgghdgmuleoelvxabfmqiotta/Build/Intermediates.noindex/libphonenumber.build/Debug/libphonenumber-t.build/Objects-normal/arm64/NBPhoneNumberDesc.o /Users/buddhirajgautam/Documents/Cherrygram-Mac/macOS-Swift/submodules/telegram-ios/submodules/libphonenumber/Sources/NBPhoneNumberDesc.m normal arm64 objective-c com.apple.compilers.llvm.clang.1_0.compiler (in target 'libphonenumber' from project 'libphonenumber')
    cd /Users/buddhirajgautam/Documents/Cherrygram-Mac/macOS-Swift
    
    Using response file: /Users/buddhirajgautam/Library/Developer/Xcode/DerivedData/Telegram-Mac-fygdgghdgmuleoelvxabfmqiotta/Build/Intermediates.noindex/libphonenumber.build/Debug/libphonenumber-t.build/Objects-normal/arm64/e6072d4f65d7061329687fe24e3d63a7-common-args.resp
    
    /Applications/Xcode.app/Contents/Developer/Toolchains/XcodeDefault.xctoolchain/usr/bin/clang -x objective-c -ivfsstatcache /Users/buddhirajgautam/Library/Developer/Xcode/DerivedData/SDKStatCaches.noindex/macosx27.0-26A425-e829b21a6f8c9b70876ba0858053c0447231f6df4def33e022ae2eb8f782df1a.sdkstatcache -target arm64-apple-macos12.0 -fmessage-length\=0 -fdiagnostics-show-note-include-stack -fmacro-backtrace-limit\=0 -fno-color-diagnostics -fmodules-prune-interval\=86400 -fmodules-prune-after\=345600 -fbuild-session-file\=/Users/buddhirajgautam/Library/Developer/Xcode/DerivedData/ModuleCache.noindex/Session.modulevalidation -fmodules-validate-once-per-build-session -Wnon-modular-include-in-framework-module -Werror\=non-modular-include-in-framework-module -Wno-trigraphs -Wno-missing-field-initializers -Wno-missing-prototypes -Wno-return-type -Wno-implicit-atomic-properties -Wno-objc-interface-ivars -Wno-arc-repeated-use-of-weak -Wno-missing-braces -Wparentheses -Wswitch -Wno-unused-function -Wno-unused-label -Wno-unused-parameter -Wno-unused-variable -Wunused-value -Wno-empty-body -Wno-uninitialized -Wno-unknown-pragmas -Wno-shadow -Wno-four-char-constants -Wno-conversion -Wno-constant-conversion -Wno-int-conversion -Wno-bool-conversion -Wno-enum-conversion -Wno-float-conversion -Wno-non-literal-null-conversion -Wno-objc-literal-conversion -Wshorten-64-to-32 -Wpointer-sign -Wno-newline-eof -Wno-selector -Wno-strict-selector-match -Wno-undeclared-selector -Wno-deprecated-implementations -Wno-implicit-fallthrough -isysroot /Applications/Xcode.app/Contents/Developer/Platforms/MacOSX.platform/Developer/SDKs/MacOSX27.0.sdk -fstrict-aliasing -Wprotocol -Wdeprecated-declarations -Wno-sign-conversion -Wno-infinite-recursion -Wno-comma -Wno-block-capture-autoreleasing -Wno-strict-prototypes -Wno-semicolon-before-method-body -index-store-path /Users/buddhirajgautam/Library/Developer/Xcode/DerivedData/Telegram-Mac-fygdgghdgmuleoelvxabfmqiotta/Index.noindex/DataStore @/Users/buddhirajgautam/Library/Developer/Xcode/DerivedData/Telegram-Mac-fygdgghdgmuleoelvxabfmqiotta/Build/Intermediates.noindex/libphonenumber.build/Debug/libphonenumber-t.build/Objects-normal/arm64/e6072d4f65d7061329687fe24e3d63a7-common-args.resp -MMD -MT dependencies -MF /Users/buddhirajgautam/Library/Developer/Xcode/DerivedData/Telegram-Mac-fygdgghdgmuleoelvxabfmqiotta/Build/Intermediates.noindex/libphonenumber.build/Debug/libphonenumber-t.build/Objects-normal/arm64/NBPhoneNumberDesc.d --serialize-diagnostics /Users/buddhirajgautam/Library/Developer/Xcode/DerivedData/Telegram-Mac-fygdgghdgmuleoelvxabfmqiotta/Build/Intermediates.noindex/libphonenumber.build/Debug/libphonenumber-t.build/Objects-normal/arm64/NBPhoneNumberDesc.dia -c /Users/buddhirajgautam/Documents/Cherrygram-Mac/macOS-Swift/submodules/telegram-ios/submodules/libphonenumber/Sources/NBPhoneNumberDesc.m -o /Users/buddhirajgautam/Library/Developer/Xcode/DerivedData/Telegram-Mac-fygdgghdgmuleoelvxabfmqiotta/Build/Intermediates.noindex/libphonenumber.build/Debug/libphonenumber-t.build/Objects-normal/arm64/NBPhoneNumberDesc.o -index-unit-output-path /libphonenumber.build/Debug/libphonenumber-t.build/Objects-normal/arm64/NBPhoneNumberDesc.o

ScanDependencies /Users/buddhirajgautam/Library/Developer/Xcode/DerivedData/Telegram-Mac-fygdgghdgmuleoelvxabfmqiotta/Build/Intermediates.noindex/libphonenumber.build/Debug/libphonenumber-t.build/Objects-normal/arm64/NBPhoneMetaDataGenerator.o /Users/buddhirajgautam/Documents/Cherrygram-Mac/macOS-Swift/submodules/telegram-ios/submodules/libphonenumber/Sources/NBPhoneMetaDataGenerator.m normal arm64 objective-c com.apple.compilers.llvm.clang.1_0.compiler (in target 'libphonenumber' from project 'libphonenumber')
    cd /Users/buddhirajgautam/Documents/Cherrygram-Mac/macOS-Swift
    
    Using response file: /Users/buddhirajgautam/Library/Developer/Xcode/DerivedData/Telegram-Mac-fygdgghdgmuleoelvxabfmqiotta/Build/Intermediates.noindex/libphonenumber.build/Debug/libphonenumber-t.build/Objects-normal/arm64/e6072d4f65d7061329687fe24e3d63a7-common-args.resp
    
    builtin-ScanDependencies -o /Users/buddhirajgautam/Library/Developer/Xcode/DerivedData/Telegram-Mac-fygdgghdgmuleoelvxabfmqiotta/Build/Intermediates.noindex/libphonenumber.build/Debug/libphonenumber-t.build/Objects-normal/arm64/NBPhoneMetaDataGenerator.o.scan -- /Applications/Xcode.app/Contents/Developer/Toolchains/XcodeDefault.xctoolchain/usr/bin/clang -x objective-c -ivfsstatcache /Users/buddhirajgautam/Library/Developer/Xcode/DerivedData/SDKStatCaches.noindex/macosx27.0-26A425-e829b21a6f8c9b70876ba0858053c0447231f6df4def33e022ae2eb8f782df1a.sdkstatcache -target arm64-apple-macos12.0 -fmessage-length\=0 -fdiagnostics-show-note-include-stack -fmacro-backtrace-limit\=0 -fno-color-diagnostics -fmodules-prune-interval\=86400 -fmodules-prune-after\=345600 -fbuild-session-file\=/Users/buddhirajgautam/Library/Developer/Xcode/DerivedData/ModuleCache.noindex/Session.modulevalidation -fmodules-validate-once-per-build-session -Wnon-modular-include-in-framework-module -Werror\=non-modular-include-in-framework-module -Wno-trigraphs -Wno-missing-field-initializers -Wno-missing-prototypes -Wno-return-type -Wno-implicit-atomic-properties -Wno-objc-interface-ivars -Wno-arc-repeated-use-of-weak -Wno-missing-braces -Wparentheses -Wswitch -Wno-unused-function -Wno-unused-label -Wno-unused-parameter -Wno-unused-variable -Wunused-value -Wno-empty-body -Wno-uninitialized -Wno-unknown-pragmas -Wno-shadow -Wno-four-char-constants -Wno-conversion -Wno-constant-conversion -Wno-int-conversion -Wno-bool-conversion -Wno-enum-conversion -Wno-float-conversion -Wno-non-literal-null-conversion -Wno-objc-literal-conversion -Wshorten-64-to-32 -Wpointer-sign -Wno-newline-eof -Wno-selector -Wno-strict-selector-match -Wno-undeclared-selector -Wno-deprecated-implementations -Wno-implicit-fallthrough -isysroot /Applications/Xcode.app/Contents/Developer/Platforms/MacOSX.platform/Developer/SDKs/MacOSX27.0.sdk -fstrict-aliasing -Wprotocol -Wdeprecated-declarations -Wno-sign-conversion -Wno-infinite-recursion -Wno-comma -Wno-block-capture-autoreleasing -Wno-strict-prototypes -Wno-semicolon-before-method-body -index-store-path /Users/buddhirajgautam/Library/Developer/Xcode/DerivedData/Telegram-Mac-fygdgghdgmuleoelvxabfmqiotta/Index.noindex/DataStore @/Users/buddhirajgautam/Library/Developer/Xcode/DerivedData/Telegram-Mac-fygdgghdgmuleoelvxabfmqiotta/Build/Intermediates.noindex/libphonenumber.build/Debug/libphonenumber-t.build/Objects-normal/arm64/e6072d4f65d7061329687fe24e3d63a7-common-args.resp -MMD -MT dependencies -MF /Users/buddhirajgautam/Library/Developer/Xcode/DerivedData/Telegram-Mac-fygdgghdgmuleoelvxabfmqiotta/Build/Intermediates.noindex/libphonenumber.build/Debug/libphonenumber-t.build/Objects-normal/arm64/NBPhoneMetaDataGenerator.d --serialize-diagnostics /Users/buddhirajgautam/Library/Developer/Xcode/DerivedData/Telegram-Mac-fygdgghdgmuleoelvxabfmqiotta/Build/Intermediates.noindex/libphonenumber.build/Debug/libphonenumber-t.build/Objects-normal/arm64/NBPhoneMetaDataGenerator.dia -c /Users/buddhirajgautam/Documents/Cherrygram-Mac/macOS-Swift/submodules/telegram-ios/submodules/libphonenumber/Sources/NBPhoneMetaDataGenerator.m -o /Users/buddhirajgautam/Library/Developer/Xcode/DerivedData/Telegram-Mac-fygdgghdgmuleoelvxabfmqiotta/Build/Intermediates.noindex/libphonenumber.build/Debug/libphonenumber-t.build/Objects-normal/arm64/NBPhoneMetaDataGenerator.o -index-unit-output-path /libphonenumber.build/Debug/libphonenumber-t.build/Objects-normal/arm64/NBPhoneMetaDataGenerator.o

ScanDependencies /Users/buddhirajgautam/Library/Developer/Xcode/DerivedData/Telegram-Mac-fygdgghdgmuleoelvxabfmqiotta/Build/Intermediates.noindex/libphonenumber.build/Debug/libphonenumber-t.build/Objects-normal/arm64/NBPhoneMetaData.o /Users/buddhirajgautam/Documents/Cherrygram-Mac/macOS-Swift/submodules/telegram-ios/submodules/libphonenumber/Sources/NBPhoneMetaData.m normal arm64 objective-c com.apple.compilers.llvm.clang.1_0.compiler (in target 'libphonenumber' from project 'libphonenumber')
    cd /Users/buddhirajgautam/Documents/Cherrygram-Mac/macOS-Swift
    
    Using response file: /Users/buddhirajgautam/Library/Developer/Xcode/DerivedData/Telegram-Mac-fygdgghdgmuleoelvxabfmqiotta/Build/Intermediates.noindex/libphonenumber.build/Debug/libphonenumber-t.build/Objects-normal/arm64/e6072d4f65d7061329687fe24e3d63a7-common-args.resp
    
    builtin-ScanDependencies -o /Users/buddhirajgautam/Library/Developer/Xcode/DerivedData/Telegram-Mac-fygdgghdgmuleoelvxabfmqiotta/Build/Intermediates.noindex/libphonenumber.build/Debug/libphonenumber-t.build/Objects-normal/arm64/NBPhoneMetaData.o.scan -- /Applications/Xcode.app/Contents/Developer/Toolchains/XcodeDefault.xctoolchain/usr/bin/clang -x objective-c -ivfsstatcache /Users/buddhirajgautam/Library/Developer/Xcode/DerivedData/SDKStatCaches.noindex/macosx27.0-26A425-e829b21a6f8c9b70876ba0858053c0447231f6df4def33e022ae2eb8f782df1a.sdkstatcache -target arm64-apple-macos12.0 -fmessage-length\=0 -fdiagnostics-show-note-include-stack -fmacro-backtrace-limit\=0 -fno-color-diagnostics -fmodules-prune-interval\=86400 -fmodules-prune-after\=345600 -fbuild-session-file\=/Users/buddhirajgautam/Library/Developer/Xcode/DerivedData/ModuleCache.noindex/Session.modulevalidation -fmodules-validate-once-per-build-session -Wnon-modular-include-in-framework-module -Werror\=non-modular-include-in-framework-module -Wno-trigraphs -Wno-missing-field-initializers -Wno-missing-prototypes -Wno-return-type -Wno-implicit-atomic-properties -Wno-objc-interface-ivars -Wno-arc-repeated-use-of-weak -Wno-missing-braces -Wparentheses -Wswitch -Wno-unused-function -Wno-unused-label -Wno-unused-parameter -Wno-unused-variable -Wunused-value -Wno-empty-body -Wno-uninitialized -Wno-unknown-pragmas -Wno-shadow -Wno-four-char-constants -Wno-conversion -Wno-constant-conversion -Wno-int-conversion -Wno-bool-conversion -Wno-enum-conversion -Wno-float-conversion -Wno-non-literal-null-conversion -Wno-objc-literal-conversion -Wshorten-64-to-32 -Wpointer-sign -Wno-newline-eof -Wno-selector -Wno-strict-selector-match -Wno-undeclared-selector -Wno-deprecated-implementations -Wno-implicit-fallthrough -isysroot /Applications/Xcode.app/Contents/Developer/Platforms/MacOSX.platform/Developer/SDKs/MacOSX27.0.sdk -fstrict-aliasing -Wprotocol -Wdeprecated-declarations -Wno-sign-conversion -Wno-infinite-recursion -Wno-comma -Wno-block-capture-autoreleasing -Wno-strict-prototypes -Wno-semicolon-before-method-body -index-store-path /Users/buddhirajgautam/Library/Developer/Xcode/DerivedData/Telegram-Mac-fygdgghdgmuleoelvxabfmqiotta/Index.noindex/DataStore @/Users/buddhirajgautam/Library/Developer/Xcode/DerivedData/Telegram-Mac-fygdgghdgmuleoelvxabfmqiotta/Build/Intermediates.noindex/libphonenumber.build/Debug/libphonenumber-t.build/Objects-normal/arm64/e6072d4f65d7061329687fe24e3d63a7-common-args.resp -MMD -MT dependencies -MF /Users/buddhirajgautam/Library/Developer/Xcode/DerivedData/Telegram-Mac-fygdgghdgmuleoelvxabfmqiotta/Build/Intermediates.noindex/libphonenumber.build/Debug/libphonenumber-t.build/Objects-normal/arm64/NBPhoneMetaData.d --serialize-diagnostics /Users/buddhirajgautam/Library/Developer/Xcode/DerivedData/Telegram-Mac-fygdgghdgmuleoelvxabfmqiotta/Build/Intermediates.noindex/libphonenumber.build/Debug/libphonenumber-t.build/Objects-normal/arm64/NBPhoneMetaData.dia -c /Users/buddhirajgautam/Documents/Cherrygram-Mac/macOS-Swift/submodules/telegram-ios/submodules/libphonenumber/Sources/NBPhoneMetaData.m -o /Users/buddhirajgautam/Library/Developer/Xcode/DerivedData/Telegram-Mac-fygdgghdgmuleoelvxabfmqiotta/Build/Intermediates.noindex/libphonenumber.build/Debug/libphonenumber-t.build/Objects-normal/arm64/NBPhoneMetaData.o -index-unit-output-path /libphonenumber.build/Debug/libphonenumber-t.build/Objects-normal/arm64/NBPhoneMetaData.o

CompileC /Users/buddhirajgautam/Library/Developer/Xcode/DerivedData/Telegram-Mac-fygdgghdgmuleoelvxabfmqiotta/Build/Intermediates.noindex/libwebp.build/Debug/libwebp-t.build/Objects-normal/arm64/libwebp.o /Users/buddhirajgautam/Documents/Cherrygram-Mac/macOS-Swift/submodules/libwebp/Sources/libwebp.m normal arm64 objective-c com.apple.compilers.llvm.clang.1_0.compiler (in target 'libwebp' from project 'libwebp')
    cd /Users/buddhirajgautam/Documents/Cherrygram-Mac/macOS-Swift
    
    Using response file: /Users/buddhirajgautam/Library/Developer/Xcode/DerivedData/Telegram-Mac-fygdgghdgmuleoelvxabfmqiotta/Build/Intermediates.noindex/libwebp.build/Debug/libwebp-t.build/Objects-normal/arm64/e6072d4f65d7061329687fe24e3d63a7-common-args.resp
    
    /Applications/Xcode.app/Contents/Developer/Toolchains/XcodeDefault.xctoolchain/usr/bin/clang -x objective-c -ivfsstatcache /Users/buddhirajgautam/Library/Developer/Xcode/DerivedData/SDKStatCaches.noindex/macosx27.0-26A425-e829b21a6f8c9b70876ba0858053c0447231f6df4def33e022ae2eb8f782df1a.sdkstatcache -target arm64-apple-macos12.0 -fmessage-length\=0 -fdiagnostics-show-note-include-stack -fmacro-backtrace-limit\=0 -fno-color-diagnostics -fmodules-prune-interval\=86400 -fmodules-prune-after\=345600 -fbuild-session-file\=/Users/buddhirajgautam/Library/Developer/Xcode/DerivedData/ModuleCache.noindex/Session.modulevalidation -fmodules-validate-once-per-build-session -Wnon-modular-include-in-framework-module -Werror\=non-modular-include-in-framework-module -Wno-trigraphs -Wno-missing-field-initializers -Wno-missing-prototypes -Wno-return-type -Wno-implicit-atomic-properties -Wno-objc-interface-ivars -Wno-arc-repeated-use-of-weak -Wno-missing-braces -Wparentheses -Wswitch -Wno-unused-function -Wno-unused-label -Wno-unused-parameter -Wno-unused-variable -Wunused-value -Wno-empty-body -Wno-uninitialized -Wno-unknown-pragmas -Wno-shadow -Wno-four-char-constants -Wno-conversion -Wno-constant-conversion -Wno-int-conversion -Wno-bool-conversion -Wno-enum-conversion -Wno-float-conversion -Wno-non-literal-null-conversion -Wno-objc-literal-conversion -Wshorten-64-to-32 -Wpointer-sign -Wno-newline-eof -Wno-selector -Wno-strict-selector-match -Wno-undeclared-selector -Wno-deprecated-implementations -Wno-implicit-fallthrough -isysroot /Applications/Xcode.app/Contents/Developer/Platforms/MacOSX.platform/Developer/SDKs/MacOSX27.0.sdk -fstrict-aliasing -Wprotocol -Wdeprecated-declarations -Wno-sign-conversion -Wno-infinite-recursion -Wno-comma -Wno-block-capture-autoreleasing -Wno-strict-prototypes -Wno-semicolon-before-method-body -index-store-path /Users/buddhirajgautam/Library/Developer/Xcode/DerivedData/Telegram-Mac-fygdgghdgmuleoelvxabfmqiotta/Index.noindex/DataStore @/Users/buddhirajgautam/Library/Developer/Xcode/DerivedData/Telegram-Mac-fygdgghdgmuleoelvxabfmqiotta/Build/Intermediates.noindex/libwebp.build/Debug/libwebp-t.build/Objects-normal/arm64/e6072d4f65d7061329687fe24e3d63a7-common-args.resp -MMD -MT dependencies -MF /Users/buddhirajgautam/Library/Developer/Xcode/DerivedData/Telegram-Mac-fygdgghdgmuleoelvxabfmqiotta/Build/Intermediates.noindex/libwebp.build/Debug/libwebp-t.build/Objects-normal/arm64/libwebp.d --serialize-diagnostics /Users/buddhirajgautam/Library/Developer/Xcode/DerivedData/Telegram-Mac-fygdgghdgmuleoelvxabfmqiotta/Build/Intermediates.noindex/libwebp.build/Debug/libwebp-t.build/Objects-normal/arm64/libwebp.dia -c /Users/buddhirajgautam/Documents/Cherrygram-Mac/macOS-Swift/submodules/libwebp/Sources/libwebp.m -o /Users/buddhirajgautam/Library/Developer/Xcode/DerivedData/Telegram-Mac-fygdgghdgmuleoelvxabfmqiotta/Build/Intermediates.noindex/libwebp.build/Debug/libwebp-t.build/Objects-normal/arm64/libwebp.o -index-unit-output-path /libwebp.build/Debug/libwebp-t.build/Objects-normal/arm64/libwebp.o

CompileC /Users/buddhirajgautam/Library/Developer/Xcode/DerivedData/Telegram-Mac-fygdgghdgmuleoelvxabfmqiotta/Build/Intermediates.noindex/libwebp.build/Debug/libwebp-t.build/Objects-normal/arm64/WebPImageCoder.o /Users/buddhirajgautam/Documents/Cherrygram-Mac/macOS-Swift/submodules/libwebp/Sources/WebPImageCoder.m normal arm64 objective-c com.apple.compilers.llvm.clang.1_0.compiler (in target 'libwebp' from project 'libwebp')
    cd /Users/buddhirajgautam/Documents/Cherrygram-Mac/macOS-Swift
    
    Using response file: /Users/buddhirajgautam/Library/Developer/Xcode/DerivedData/Telegram-Mac-fygdgghdgmuleoelvxabfmqiotta/Build/Intermediates.noindex/libwebp.build/Debug/libwebp-t.build/Objects-normal/arm64/e6072d4f65d7061329687fe24e3d63a7-common-args.resp
    
    /Applications/Xcode.app/Contents/Developer/Toolchains/XcodeDefault.xctoolchain/usr/bin/clang -x objective-c -ivfsstatcache /Users/buddhirajgautam/Library/Developer/Xcode/DerivedData/SDKStatCaches.noindex/macosx27.0-26A425-e829b21a6f8c9b70876ba0858053c0447231f6df4def33e022ae2eb8f782df1a.sdkstatcache -target arm64-apple-macos12.0 -fmessage-length\=0 -fdiagnostics-show-note-include-stack -fmacro-backtrace-limit\=0 -fno-color-diagnostics -fmodules-prune-interval\=86400 -fmodules-prune-after\=345600 -fbuild-session-file\=/Users/buddhirajgautam/Library/Developer/Xcode/DerivedData/ModuleCache.noindex/Session.modulevalidation -fmodules-validate-once-per-build-session -Wnon-modular-include-in-framework-module -Werror\=non-modular-include-in-framework-module -Wno-trigraphs -Wno-missing-field-initializers -Wno-missing-prototypes -Wno-return-type -Wno-implicit-atomic-properties -Wno-objc-interface-ivars -Wno-arc-repeated-use-of-weak -Wno-missing-braces -Wparentheses -Wswitch -Wno-unused-function -Wno-unused-label -Wno-unused-parameter -Wno-unused-variable -Wunused-value -Wno-empty-body -Wno-uninitialized -Wno-unknown-pragmas -Wno-shadow -Wno-four-char-constants -Wno-conversion -Wno-constant-conversion -Wno-int-conversion -Wno-bool-conversion -Wno-enum-conversion -Wno-float-conversion -Wno-non-literal-null-conversion -Wno-objc-literal-conversion -Wshorten-64-to-32 -Wpointer-sign -Wno-newline-eof -Wno-selector -Wno-strict-selector-match -Wno-undeclared-selector -Wno-deprecated-implementations -Wno-implicit-fallthrough -isysroot /Applications/Xcode.app/Contents/Developer/Platforms/MacOSX.platform/Developer/SDKs/MacOSX27.0.sdk -fstrict-aliasing -Wprotocol -Wdeprecated-declarations -Wno-sign-conversion -Wno-infinite-recursion -Wno-comma -Wno-block-capture-autoreleasing -Wno-strict-prototypes -Wno-semicolon-before-method-body -index-store-path /Users/buddhirajgautam/Library/Developer/Xcode/DerivedData/Telegram-Mac-fygdgghdgmuleoelvxabfmqiotta/Index.noindex/DataStore @/Users/buddhirajgautam/Library/Developer/Xcode/DerivedData/Telegram-Mac-fygdgghdgmuleoelvxabfmqiotta/Build/Intermediates.noindex/libwebp.build/Debug/libwebp-t.build/Objects-normal/arm64/e6072d4f65d7061329687fe24e3d63a7-common-args.resp -MMD -MT dependencies -MF /Users/buddhirajgautam/Library/Developer/Xcode/DerivedData/Telegram-Mac-fygdgghdgmuleoelvxabfmqiotta/Build/Intermediates.noindex/libwebp.build/Debug/libwebp-t.build/Objects-normal/arm64/WebPImageCoder.d --serialize-diagnostics /Users/buddhirajgautam/Library/Developer/Xcode/DerivedData/Telegram-Mac-fygdgghdgmuleoelvxabfmqiotta/Build/Intermediates.noindex/libwebp.build/Debug/libwebp-t.build/Objects-normal/arm64/WebPImageCoder.dia -c /Users/buddhirajgautam/Documents/Cherrygram-Mac/macOS-Swift/submodules/libwebp/Sources/WebPImageCoder.m -o /Users/buddhirajgautam/Library/Developer/Xcode/DerivedData/Telegram-Mac-fygdgghdgmuleoelvxabfmqiotta/Build/Intermediates.noindex/libwebp.build/Debug/libwebp-t.build/Objects-normal/arm64/WebPImageCoder.o -index-unit-output-path /libwebp.build/Debug/libwebp-t.build/Objects-normal/arm64/WebPImageCoder.o

CompileC /Users/buddhirajgautam/Library/Developer/Xcode/DerivedData/Telegram-Mac-fygdgghdgmuleoelvxabfmqiotta/Build/Intermediates.noindex/libphonenumber.build/Debug/libphonenumber-t.build/Objects-normal/arm64/NBPhoneNumberDefines.o /Users/buddhirajgautam/Documents/Cherrygram-Mac/macOS-Swift/submodules/telegram-ios/submodules/libphonenumber/Sources/NBPhoneNumberDefines.m normal arm64 objective-c com.apple.compilers.llvm.clang.1_0.compiler (in target 'libphonenumber' from project 'libphonenumber')
    cd /Users/buddhirajgautam/Documents/Cherrygram-Mac/macOS-Swift
    
    Using response file: /Users/buddhirajgautam/Library/Developer/Xcode/DerivedData/Telegram-Mac-fygdgghdgmuleoelvxabfmqiotta/Build/Intermediates.noindex/libphonenumber.build/Debug/libphonenumber-t.build/Objects-normal/arm64/e6072d4f65d7061329687fe24e3d63a7-common-args.resp
    
    /Applications/Xcode.app/Contents/Developer/Toolchains/XcodeDefault.xctoolchain/usr/bin/clang -x objective-c -ivfsstatcache /Users/buddhirajgautam/Library/Developer/Xcode/DerivedData/SDKStatCaches.noindex/macosx27.0-26A425-e829b21a6f8c9b70876ba0858053c0447231f6df4def33e022ae2eb8f782df1a.sdkstatcache -target arm64-apple-macos12.0 -fmessage-length\=0 -fdiagnostics-show-note-include-stack -fmacro-backtrace-limit\=0 -fno-color-diagnostics -fmodules-prune-interval\=86400 -fmodules-prune-after\=345600 -fbuild-session-file\=/Users/buddhirajgautam/Library/Developer/Xcode/DerivedData/ModuleCache.noindex/Session.modulevalidation -fmodules-validate-once-per-build-session -Wnon-modular-include-in-framework-module -Werror\=non-modular-include-in-framework-module -Wno-trigraphs -Wno-missing-field-initializers -Wno-missing-prototypes -Wno-return-type -Wno-implicit-atomic-properties -Wno-objc-interface-ivars -Wno-arc-repeated-use-of-weak -Wno-missing-braces -Wparentheses -Wswitch -Wno-unused-function -Wno-unused-label -Wno-unused-parameter -Wno-unused-variable -Wunused-value -Wno-empty-body -Wno-uninitialized -Wno-unknown-pragmas -Wno-shadow -Wno-four-char-constants -Wno-conversion -Wno-constant-conversion -Wno-int-conversion -Wno-bool-conversion -Wno-enum-conversion -Wno-float-conversion -Wno-non-literal-null-conversion -Wno-objc-literal-conversion -Wshorten-64-to-32 -Wpointer-sign -Wno-newline-eof -Wno-selector -Wno-strict-selector-match -Wno-undeclared-selector -Wno-deprecated-implementations -Wno-implicit-fallthrough -isysroot /Applications/Xcode.app/Contents/Developer/Platforms/MacOSX.platform/Developer/SDKs/MacOSX27.0.sdk -fstrict-aliasing -Wprotocol -Wdeprecated-declarations -Wno-sign-conversion -Wno-infinite-recursion -Wno-comma -Wno-block-capture-autoreleasing -Wno-strict-prototypes -Wno-semicolon-before-method-body -index-store-path /Users/buddhirajgautam/Library/Developer/Xcode/DerivedData/Telegram-Mac-fygdgghdgmuleoelvxabfmqiotta/Index.noindex/DataStore @/Users/buddhirajgautam/Library/Developer/Xcode/DerivedData/Telegram-Mac-fygdgghdgmuleoelvxabfmqiotta/Build/Intermediates.noindex/libphonenumber.build/Debug/libphonenumber-t.build/Objects-normal/arm64/e6072d4f65d7061329687fe24e3d63a7-common-args.resp -MMD -MT dependencies -MF /Users/buddhirajgautam/Library/Developer/Xcode/DerivedData/Telegram-Mac-fygdgghdgmuleoelvxabfmqiotta/Build/Intermediates.noindex/libphonenumber.build/Debug/libphonenumber-t.build/Objects-normal/arm64/NBPhoneNumberDefines.d --serialize-diagnostics /Users/buddhirajgautam/Library/Developer/Xcode/DerivedData/Telegram-Mac-fygdgghdgmuleoelvxabfmqiotta/Build/Intermediates.noindex/libphonenumber.build/Debug/libphonenumber-t.build/Objects-normal/arm64/NBPhoneNumberDefines.dia -c /Users/buddhirajgautam/Documents/Cherrygram-Mac/macOS-Swift/submodules/telegram-ios/submodules/libphonenumber/Sources/NBPhoneNumberDefines.m -o /Users/buddhirajgautam/Library/Developer/Xcode/DerivedData/Telegram-Mac-fygdgghdgmuleoelvxabfmqiotta/Build/Intermediates.noindex/libphonenumber.build/Debug/libphonenumber-t.build/Objects-normal/arm64/NBPhoneNumberDefines.o -index-unit-output-path /libphonenumber.build/Debug/libphonenumber-t.build/Objects-normal/arm64/NBPhoneNumberDefines.o

CompileC /Users/buddhirajgautam/Library/Developer/Xcode/DerivedData/Telegram-Mac-fygdgghdgmuleoelvxabfmqiotta/Build/Intermediates.noindex/libphonenumber.build/Debug/libphonenumber-t.build/Objects-normal/arm64/NBPhoneNumber.o /Users/buddhirajgautam/Documents/Cherrygram-Mac/macOS-Swift/submodules/telegram-ios/submodules/libphonenumber/Sources/NBPhoneNumber.m normal arm64 objective-c com.apple.compilers.llvm.clang.1_0.compiler (in target 'libphonenumber' from project 'libphonenumber')
    cd /Users/buddhirajgautam/Documents/Cherrygram-Mac/macOS-Swift
    
    Using response file: /Users/buddhirajgautam/Library/Developer/Xcode/DerivedData/Telegram-Mac-fygdgghdgmuleoelvxabfmqiotta/Build/Intermediates.noindex/libphonenumber.build/Debug/libphonenumber-t.build/Objects-normal/arm64/e6072d4f65d7061329687fe24e3d63a7-common-args.resp
    
    /Applications/Xcode.app/Contents/Developer/Toolchains/XcodeDefault.xctoolchain/usr/bin/clang -x objective-c -ivfsstatcache /Users/buddhirajgautam/Library/Developer/Xcode/DerivedData/SDKStatCaches.noindex/macosx27.0-26A425-e829b21a6f8c9b70876ba0858053c0447231f6df4def33e022ae2eb8f782df1a.sdkstatcache -target arm64-apple-macos12.0 -fmessage-length\=0 -fdiagnostics-show-note-include-stack -fmacro-backtrace-limit\=0 -fno-color-diagnostics -fmodules-prune-interval\=86400 -fmodules-prune-after\=345600 -fbuild-session-file\=/Users/buddhirajgautam/Library/Developer/Xcode/DerivedData/ModuleCache.noindex/Session.modulevalidation -fmodules-validate-once-per-build-session -Wnon-modular-include-in-framework-module -Werror\=non-modular-include-in-framework-module -Wno-trigraphs -Wno-missing-field-initializers -Wno-missing-prototypes -Wno-return-type -Wno-implicit-atomic-properties -Wno-objc-interface-ivars -Wno-arc-repeated-use-of-weak -Wno-missing-braces -Wparentheses -Wswitch -Wno-unused-function -Wno-unused-label -Wno-unused-parameter -Wno-unused-variable -Wunused-value -Wno-empty-body -Wno-uninitialized -Wno-unknown-pragmas -Wno-shadow -Wno-four-char-constants -Wno-conversion -Wno-constant-conversion -Wno-int-conversion -Wno-bool-conversion -Wno-enum-conversion -Wno-float-conversion -Wno-non-literal-null-conversion -Wno-objc-literal-conversion -Wshorten-64-to-32 -Wpointer-sign -Wno-newline-eof -Wno-selector -Wno-strict-selector-match -Wno-undeclared-selector -Wno-deprecated-implementations -Wno-implicit-fallthrough -isysroot /Applications/Xcode.app/Contents/Developer/Platforms/MacOSX.platform/Developer/SDKs/MacOSX27.0.sdk -fstrict-aliasing -Wprotocol -Wdeprecated-declarations -Wno-sign-conversion -Wno-infinite-recursion -Wno-comma -Wno-block-capture-autoreleasing -Wno-strict-prototypes -Wno-semicolon-before-method-body -index-store-path /Users/buddhirajgautam/Library/Developer/Xcode/DerivedData/Telegram-Mac-fygdgghdgmuleoelvxabfmqiotta/Index.noindex/DataStore @/Users/buddhirajgautam/Library/Developer/Xcode/DerivedData/Telegram-Mac-fygdgghdgmuleoelvxabfmqiotta/Build/Intermediates.noindex/libphonenumber.build/Debug/libphonenumber-t.build/Objects-normal/arm64/e6072d4f65d7061329687fe24e3d63a7-common-args.resp -MMD -MT dependencies -MF /Users/buddhirajgautam/Library/Developer/Xcode/DerivedData/Telegram-Mac-fygdgghdgmuleoelvxabfmqiotta/Build/Intermediates.noindex/libphonenumber.build/Debug/libphonenumber-t.build/Objects-normal/arm64/NBPhoneNumber.d --serialize-diagnostics /Users/buddhirajgautam/Library/Developer/Xcode/DerivedData/Telegram-Mac-fygdgghdgmuleoelvxabfmqiotta/Build/Intermediates.noindex/libphonenumber.build/Debug/libphonenumber-t.build/Objects-normal/arm64/NBPhoneNumber.dia -c /Users/buddhirajgautam/Documents/Cherrygram-Mac/macOS-Swift/submodules/telegram-ios/submodules/libphonenumber/Sources/NBPhoneNumber.m -o /Users/buddhirajgautam/Library/Developer/Xcode/DerivedData/Telegram-Mac-fygdgghdgmuleoelvxabfmqiotta/Build/Intermediates.noindex/libphonenumber.build/Debug/libphonenumber-t.build/Objects-normal/arm64/NBPhoneNumber.o -index-unit-output-path /libphonenumber.build/Debug/libphonenumber-t.build/Objects-normal/arm64/NBPhoneNumber.o

CompileC /Users/buddhirajgautam/Library/Developer/Xcode/DerivedData/Telegram-Mac-fygdgghdgmuleoelvxabfmqiotta/Build/Intermediates.noindex/libphonenumber.build/Debug/libphonenumber-t.build/Objects-normal/arm64/NBPhoneMetaDataGenerator.o /Users/buddhirajgautam/Documents/Cherrygram-Mac/macOS-Swift/submodules/telegram-ios/submodules/libphonenumber/Sources/NBPhoneMetaDataGenerator.m normal arm64 objective-c com.apple.compilers.llvm.clang.1_0.compiler (in target 'libphonenumber' from project 'libphonenumber')
    cd /Users/buddhirajgautam/Documents/Cherrygram-Mac/macOS-Swift
    
    Using response file: /Users/buddhirajgautam/Library/Developer/Xcode/DerivedData/Telegram-Mac-fygdgghdgmuleoelvxabfmqiotta/Build/Intermediates.noindex/libphonenumber.build/Debug/libphonenumber-t.build/Objects-normal/arm64/e6072d4f65d7061329687fe24e3d63a7-common-args.resp
    
    /Applications/Xcode.app/Contents/Developer/Toolchains/XcodeDefault.xctoolchain/usr/bin/clang -x objective-c -ivfsstatcache /Users/buddhirajgautam/Library/Developer/Xcode/DerivedData/SDKStatCaches.noindex/macosx27.0-26A425-e829b21a6f8c9b70876ba0858053c0447231f6df4def33e022ae2eb8f782df1a.sdkstatcache -target arm64-apple-macos12.0 -fmessage-length\=0 -fdiagnostics-show-note-include-stack -fmacro-backtrace-limit\=0 -fno-color-diagnostics -fmodules-prune-interval\=86400 -fmodules-prune-after\=345600 -fbuild-session-file\=/Users/buddhirajgautam/Library/Developer/Xcode/DerivedData/ModuleCache.noindex/Session.modulevalidation -fmodules-validate-once-per-build-session -Wnon-modular-include-in-framework-module -Werror\=non-modular-include-in-framework-module -Wno-trigraphs -Wno-missing-field-initializers -Wno-missing-prototypes -Wno-return-type -Wno-implicit-atomic-properties -Wno-objc-interface-ivars -Wno-arc-repeated-use-of-weak -Wno-missing-braces -Wparentheses -Wswitch -Wno-unused-function -Wno-unused-label -Wno-unused-parameter -Wno-unused-variable -Wunused-value -Wno-empty-body -Wno-uninitialized -Wno-unknown-pragmas -Wno-shadow -Wno-four-char-constants -Wno-conversion -Wno-constant-conversion -Wno-int-conversion -Wno-bool-conversion -Wno-enum-conversion -Wno-float-conversion -Wno-non-literal-null-conversion -Wno-objc-literal-conversion -Wshorten-64-to-32 -Wpointer-sign -Wno-newline-eof -Wno-selector -Wno-strict-selector-match -Wno-undeclared-selector -Wno-deprecated-implementations -Wno-implicit-fallthrough -isysroot /Applications/Xcode.app/Contents/Developer/Platforms/MacOSX.platform/Developer/SDKs/MacOSX27.0.sdk -fstrict-aliasing -Wprotocol -Wdeprecated-declarations -Wno-sign-conversion -Wno-infinite-recursion -Wno-comma -Wno-block-capture-autoreleasing -Wno-strict-prototypes -Wno-semicolon-before-method-body -index-store-path /Users/buddhirajgautam/Library/Developer/Xcode/DerivedData/Telegram-Mac-fygdgghdgmuleoelvxabfmqiotta/Index.noindex/DataStore @/Users/buddhirajgautam/Library/Developer/Xcode/DerivedData/Telegram-Mac-fygdgghdgmuleoelvxabfmqiotta/Build/Intermediates.noindex/libphonenumber.build/Debug/libphonenumber-t.build/Objects-normal/arm64/e6072d4f65d7061329687fe24e3d63a7-common-args.resp -MMD -MT dependencies -MF /Users/buddhirajgautam/Library/Developer/Xcode/DerivedData/Telegram-Mac-fygdgghdgmuleoelvxabfmqiotta/Build/Intermediates.noindex/libphonenumber.build/Debug/libphonenumber-t.build/Objects-normal/arm64/NBPhoneMetaDataGenerator.d --serialize-diagnostics /Users/buddhirajgautam/Library/Developer/Xcode/DerivedData/Telegram-Mac-fygdgghdgmuleoelvxabfmqiotta/Build/Intermediates.noindex/libphonenumber.build/Debug/libphonenumber-t.build/Objects-normal/arm64/NBPhoneMetaDataGenerator.dia -c /Users/buddhirajgautam/Documents/Cherrygram-Mac/macOS-Swift/submodules/telegram-ios/submodules/libphonenumber/Sources/NBPhoneMetaDataGenerator.m -o /Users/buddhirajgautam/Library/Developer/Xcode/DerivedData/Telegram-Mac-fygdgghdgmuleoelvxabfmqiotta/Build/Intermediates.noindex/libphonenumber.build/Debug/libphonenumber-t.build/Objects-normal/arm64/NBPhoneMetaDataGenerator.o -index-unit-output-path /libphonenumber.build/Debug/libphonenumber-t.build/Objects-normal/arm64/NBPhoneMetaDataGenerator.o

CompileC /Users/buddhirajgautam/Library/Developer/Xcode/DerivedData/Telegram-Mac-fygdgghdgmuleoelvxabfmqiotta/Build/Intermediates.noindex/libphonenumber.build/Debug/libphonenumber-t.build/Objects-normal/arm64/NBPhoneMetaData.o /Users/buddhirajgautam/Documents/Cherrygram-Mac/macOS-Swift/submodules/telegram-ios/submodules/libphonenumber/Sources/NBPhoneMetaData.m normal arm64 objective-c com.apple.compilers.llvm.clang.1_0.compiler (in target 'libphonenumber' from project 'libphonenumber')
    cd /Users/buddhirajgautam/Documents/Cherrygram-Mac/macOS-Swift
    
    Using response file: /Users/buddhirajgautam/Library/Developer/Xcode/DerivedData/Telegram-Mac-fygdgghdgmuleoelvxabfmqiotta/Build/Intermediates.noindex/libphonenumber.build/Debug/libphonenumber-t.build/Objects-normal/arm64/e6072d4f65d7061329687fe24e3d63a7-common-args.resp
    
    /Applications/Xcode.app/Contents/Developer/Toolchains/XcodeDefault.xctoolchain/usr/bin/clang -x objective-c -ivfsstatcache /Users/buddhirajgautam/Library/Developer/Xcode/DerivedData/SDKStatCaches.noindex/macosx27.0-26A425-e829b21a6f8c9b70876ba0858053c0447231f6df4def33e022ae2eb8f782df1a.sdkstatcache -target arm64-apple-macos12.0 -fmessage-length\=0 -fdiagnostics-show-note-include-stack -fmacro-backtrace-limit\=0 -fno-color-diagnostics -fmodules-prune-interval\=86400 -fmodules-prune-after\=345600 -fbuild-session-file\=/Users/buddhirajgautam/Library/Developer/Xcode/DerivedData/ModuleCache.noindex/Session.modulevalidation -fmodules-validate-once-per-build-session -Wnon-modular-include-in-framework-module -Werror\=non-modular-include-in-framework-module -Wno-trigraphs -Wno-missing-field-initializers -Wno-missing-prototypes -Wno-return-type -Wno-implicit-atomic-properties -Wno-objc-interface-ivars -Wno-arc-repeated-use-of-weak -Wno-missing-braces -Wparentheses -Wswitch -Wno-unused-function -Wno-unused-label -Wno-unused-parameter -Wno-unused-variable -Wunused-value -Wno-empty-body -Wno-uninitialized -Wno-unknown-pragmas -Wno-shadow -Wno-four-char-constants -Wno-conversion -Wno-constant-conversion -Wno-int-conversion -Wno-bool-conversion -Wno-enum-conversion -Wno-float-conversion -Wno-non-literal-null-conversion -Wno-objc-literal-conversion -Wshorten-64-to-32 -Wpointer-sign -Wno-newline-eof -Wno-selector -Wno-strict-selector-match -Wno-undeclared-selector -Wno-deprecated-implementations -Wno-implicit-fallthrough -isysroot /Applications/Xcode.app/Contents/Developer/Platforms/MacOSX.platform/Developer/SDKs/MacOSX27.0.sdk -fstrict-aliasing -Wprotocol -Wdeprecated-declarations -Wno-sign-conversion -Wno-infinite-recursion -Wno-comma -Wno-block-capture-autoreleasing -Wno-strict-prototypes -Wno-semicolon-before-method-body -index-store-path /Users/buddhirajgautam/Library/Developer/Xcode/DerivedData/Telegram-Mac-fygdgghdgmuleoelvxabfmqiotta/Index.noindex/DataStore @/Users/buddhirajgautam/Library/Developer/Xcode/DerivedData/Telegram-Mac-fygdgghdgmuleoelvxabfmqiotta/Build/Intermediates.noindex/libphonenumber.build/Debug/libphonenumber-t.build/Objects-normal/arm64/e6072d4f65d7061329687fe24e3d63a7-common-args.resp -MMD -MT dependencies -MF /Users/buddhirajgautam/Library/Developer/Xcode/DerivedData/Telegram-Mac-fygdgghdgmuleoelvxabfmqiotta/Build/Intermediates.noindex/libphonenumber.build/Debug/libphonenumber-t.build/Objects-normal/arm64/NBPhoneMetaData.d --serialize-diagnostics /Users/buddhirajgautam/Library/Developer/Xcode/DerivedData/Telegram-Mac-fygdgghdgmuleoelvxabfmqiotta/Build/Intermediates.noindex/libphonenumber.build/Debug/libphonenumber-t.build/Objects-normal/arm64/NBPhoneMetaData.dia -c /Users/buddhirajgautam/Documents/Cherrygram-Mac/macOS-Swift/submodules/telegram-ios/submodules/libphonenumber/Sources/NBPhoneMetaData.m -o /Users/buddhirajgautam/Library/Developer/Xcode/DerivedData/Telegram-Mac-fygdgghdgmuleoelvxabfmqiotta/Build/Intermediates.noindex/libphonenumber.build/Debug/libphonenumber-t.build/Objects-normal/arm64/NBPhoneMetaData.o -index-unit-output-path /libphonenumber.build/Debug/libphonenumber-t.build/Objects-normal/arm64/NBPhoneMetaData.o

ScanDependencies /Users/buddhirajgautam/Library/Developer/Xcode/DerivedData/Telegram-Mac-fygdgghdgmuleoelvxabfmqiotta/Build/Intermediates.noindex/libphonenumber.build/Debug/libphonenumber-t.build/Objects-normal/arm64/NBNumberFormat.o /Users/buddhirajgautam/Documents/Cherrygram-Mac/macOS-Swift/submodules/telegram-ios/submodules/libphonenumber/Sources/NBNumberFormat.m normal arm64 objective-c com.apple.compilers.llvm.clang.1_0.compiler (in target 'libphonenumber' from project 'libphonenumber')
    cd /Users/buddhirajgautam/Documents/Cherrygram-Mac/macOS-Swift
    
    Using response file: /Users/buddhirajgautam/Library/Developer/Xcode/DerivedData/Telegram-Mac-fygdgghdgmuleoelvxabfmqiotta/Build/Intermediates.noindex/libphonenumber.build/Debug/libphonenumber-t.build/Objects-normal/arm64/e6072d4f65d7061329687fe24e3d63a7-common-args.resp
    
    builtin-ScanDependencies -o /Users/buddhirajgautam/Library/Developer/Xcode/DerivedData/Telegram-Mac-fygdgghdgmuleoelvxabfmqiotta/Build/Intermediates.noindex/libphonenumber.build/Debug/libphonenumber-t.build/Objects-normal/arm64/NBNumberFormat.o.scan -- /Applications/Xcode.app/Contents/Developer/Toolchains/XcodeDefault.xctoolchain/usr/bin/clang -x objective-c -ivfsstatcache /Users/buddhirajgautam/Library/Developer/Xcode/DerivedData/SDKStatCaches.noindex/macosx27.0-26A425-e829b21a6f8c9b70876ba0858053c0447231f6df4def33e022ae2eb8f782df1a.sdkstatcache -target arm64-apple-macos12.0 -fmessage-length\=0 -fdiagnostics-show-note-include-stack -fmacro-backtrace-limit\=0 -fno-color-diagnostics -fmodules-prune-interval\=86400 -fmodules-prune-after\=345600 -fbuild-session-file\=/Users/buddhirajgautam/Library/Developer/Xcode/DerivedData/ModuleCache.noindex/Session.modulevalidation -fmodules-validate-once-per-build-session -Wnon-modular-include-in-framework-module -Werror\=non-modular-include-in-framework-module -Wno-trigraphs -Wno-missing-field-initializers -Wno-missing-prototypes -Wno-return-type -Wno-implicit-atomic-properties -Wno-objc-interface-ivars -Wno-arc-repeated-use-of-weak -Wno-missing-braces -Wparentheses -Wswitch -Wno-unused-function -Wno-unused-label -Wno-unused-parameter -Wno-unused-variable -Wunused-value -Wno-empty-body -Wno-uninitialized -Wno-unknown-pragmas -Wno-shadow -Wno-four-char-constants -Wno-conversion -Wno-constant-conversion -Wno-int-conversion -Wno-bool-conversion -Wno-enum-conversion -Wno-float-conversion -Wno-non-literal-null-conversion -Wno-objc-literal-conversion -Wshorten-64-to-32 -Wpointer-sign -Wno-newline-eof -Wno-selector -Wno-strict-selector-match -Wno-undeclared-selector -Wno-deprecated-implementations -Wno-implicit-fallthrough -isysroot /Applications/Xcode.app/Contents/Developer/Platforms/MacOSX.platform/Developer/SDKs/MacOSX27.0.sdk -fstrict-aliasing -Wprotocol -Wdeprecated-declarations -Wno-sign-conversion -Wno-infinite-recursion -Wno-comma -Wno-block-capture-autoreleasing -Wno-strict-prototypes -Wno-semicolon-before-method-body -index-store-path /Users/buddhirajgautam/Library/Developer/Xcode/DerivedData/Telegram-Mac-fygdgghdgmuleoelvxabfmqiotta/Index.noindex/DataStore @/Users/buddhirajgautam/Library/Developer/Xcode/DerivedData/Telegram-Mac-fygdgghdgmuleoelvxabfmqiotta/Build/Intermediates.noindex/libphonenumber.build/Debug/libphonenumber-t.build/Objects-normal/arm64/e6072d4f65d7061329687fe24e3d63a7-common-args.resp -MMD -MT dependencies -MF /Users/buddhirajgautam/Library/Developer/Xcode/DerivedData/Telegram-Mac-fygdgghdgmuleoelvxabfmqiotta/Build/Intermediates.noindex/libphonenumber.build/Debug/libphonenumber-t.build/Objects-normal/arm64/NBNumberFormat.d --serialize-diagnostics /Users/buddhirajgautam/Library/Developer/Xcode/DerivedData/Telegram-Mac-fygdgghdgmuleoelvxabfmqiotta/Build/Intermediates.noindex/libphonenumber.build/Debug/libphonenumber-t.build/Objects-normal/arm64/NBNumberFormat.dia -c /Users/buddhirajgautam/Documents/Cherrygram-Mac/macOS-Swift/submodules/telegram-ios/submodules/libphonenumber/Sources/NBNumberFormat.m -o /Users/buddhirajgautam/Library/Developer/Xcode/DerivedData/Telegram-Mac-fygdgghdgmuleoelvxabfmqiotta/Build/Intermediates.noindex/libphonenumber.build/Debug/libphonenumber-t.build/Objects-normal/arm64/NBNumberFormat.o -index-unit-output-path /libphonenumber.build/Debug/libphonenumber-t.build/Objects-normal/arm64/NBNumberFormat.o

ScanDependencies /Users/buddhirajgautam/Library/Developer/Xcode/DerivedData/Telegram-Mac-fygdgghdgmuleoelvxabfmqiotta/Build/Intermediates.noindex/libphonenumber.build/Debug/libphonenumber-t.build/Objects-normal/arm64/NBMetadataHelper.o /Users/buddhirajgautam/Documents/Cherrygram-Mac/macOS-Swift/submodules/telegram-ios/submodules/libphonenumber/Sources/NBMetadataHelper.m normal arm64 objective-c com.apple.compilers.llvm.clang.1_0.compiler (in target 'libphonenumber' from project 'libphonenumber')
    cd /Users/buddhirajgautam/Documents/Cherrygram-Mac/macOS-Swift
    
    Using response file: /Users/buddhirajgautam/Library/Developer/Xcode/DerivedData/Telegram-Mac-fygdgghdgmuleoelvxabfmqiotta/Build/Intermediates.noindex/libphonenumber.build/Debug/libphonenumber-t.build/Objects-normal/arm64/e6072d4f65d7061329687fe24e3d63a7-common-args.resp
    
    builtin-ScanDependencies -o /Users/buddhirajgautam/Library/Developer/Xcode/DerivedData/Telegram-Mac-fygdgghdgmuleoelvxabfmqiotta/Build/Intermediates.noindex/libphonenumber.build/Debug/libphonenumber-t.build/Objects-normal/arm64/NBMetadataHelper.o.scan -- /Applications/Xcode.app/Contents/Developer/Toolchains/XcodeDefault.xctoolchain/usr/bin/clang -x objective-c -ivfsstatcache /Users/buddhirajgautam/Library/Developer/Xcode/DerivedData/SDKStatCaches.noindex/macosx27.0-26A425-e829b21a6f8c9b70876ba0858053c0447231f6df4def33e022ae2eb8f782df1a.sdkstatcache -target arm64-apple-macos12.0 -fmessage-length\=0 -fdiagnostics-show-note-include-stack -fmacro-backtrace-limit\=0 -fno-color-diagnostics -fmodules-prune-interval\=86400 -fmodules-prune-after\=345600 -fbuild-session-file\=/Users/buddhirajgautam/Library/Developer/Xcode/DerivedData/ModuleCache.noindex/Session.modulevalidation -fmodules-validate-once-per-build-session -Wnon-modular-include-in-framework-module -Werror\=non-modular-include-in-framework-module -Wno-trigraphs -Wno-missing-field-initializers -Wno-missing-prototypes -Wno-return-type -Wno-implicit-atomic-properties -Wno-objc-interface-ivars -Wno-arc-repeated-use-of-weak -Wno-missing-braces -Wparentheses -Wswitch -Wno-unused-function -Wno-unused-label -Wno-unused-parameter -Wno-unused-variable -Wunused-value -Wno-empty-body -Wno-uninitialized -Wno-unknown-pragmas -Wno-shadow -Wno-four-char-constants -Wno-conversion -Wno-constant-conversion -Wno-int-conversion -Wno-bool-conversion -Wno-enum-conversion -Wno-float-conversion -Wno-non-literal-null-conversion -Wno-objc-literal-conversion -Wshorten-64-to-32 -Wpointer-sign -Wno-newline-eof -Wno-selector -Wno-strict-selector-match -Wno-undeclared-selector -Wno-deprecated-implementations -Wno-implicit-fallthrough -isysroot /Applications/Xcode.app/Contents/Developer/Platforms/MacOSX.platform/Developer/SDKs/MacOSX27.0.sdk -fstrict-aliasing -Wprotocol -Wdeprecated-declarations -Wno-sign-conversion -Wno-infinite-recursion -Wno-comma -Wno-block-capture-autoreleasing -Wno-strict-prototypes -Wno-semicolon-before-method-body -index-store-path /Users/buddhirajgautam/Library/Developer/Xcode/DerivedData/Telegram-Mac-fygdgghdgmuleoelvxabfmqiotta/Index.noindex/DataStore @/Users/buddhirajgautam/Library/Developer/Xcode/DerivedData/Telegram-Mac-fygdgghdgmuleoelvxabfmqiotta/Build/Intermediates.noindex/libphonenumber.build/Debug/libphonenumber-t.build/Objects-normal/arm64/e6072d4f65d7061329687fe24e3d63a7-common-args.resp -MMD -MT dependencies -MF /Users/buddhirajgautam/Library/Developer/Xcode/DerivedData/Telegram-Mac-fygdgghdgmuleoelvxabfmqiotta/Build/Intermediates.noindex/libphonenumber.build/Debug/libphonenumber-t.build/Objects-normal/arm64/NBMetadataHelper.d --serialize-diagnostics /Users/buddhirajgautam/Library/Developer/Xcode/DerivedData/Telegram-Mac-fygdgghdgmuleoelvxabfmqiotta/Build/Intermediates.noindex/libphonenumber.build/Debug/libphonenumber-t.build/Objects-normal/arm64/NBMetadataHelper.dia -c /Users/buddhirajgautam/Documents/Cherrygram-Mac/macOS-Swift/submodules/telegram-ios/submodules/libphonenumber/Sources/NBMetadataHelper.m -o /Users/buddhirajgautam/Library/Developer/Xcode/DerivedData/Telegram-Mac-fygdgghdgmuleoelvxabfmqiotta/Build/Intermediates.noindex/libphonenumber.build/Debug/libphonenumber-t.build/Objects-normal/arm64/NBMetadataHelper.o -index-unit-output-path /libphonenumber.build/Debug/libphonenumber-t.build/Objects-normal/arm64/NBMetadataHelper.o

ScanDependencies /Users/buddhirajgautam/Library/Developer/Xcode/DerivedData/Telegram-Mac-fygdgghdgmuleoelvxabfmqiotta/Build/Intermediates.noindex/libphonenumber.build/Debug/libphonenumber-t.build/Objects-normal/arm64/NBMetadataCoreTestMapper.o /Users/buddhirajgautam/Documents/Cherrygram-Mac/macOS-Swift/submodules/telegram-ios/submodules/libphonenumber/Sources/NBMetadataCoreTestMapper.m normal arm64 objective-c com.apple.compilers.llvm.clang.1_0.compiler (in target 'libphonenumber' from project 'libphonenumber')
    cd /Users/buddhirajgautam/Documents/Cherrygram-Mac/macOS-Swift
    
    Using response file: /Users/buddhirajgautam/Library/Developer/Xcode/DerivedData/Telegram-Mac-fygdgghdgmuleoelvxabfmqiotta/Build/Intermediates.noindex/libphonenumber.build/Debug/libphonenumber-t.build/Objects-normal/arm64/e6072d4f65d7061329687fe24e3d63a7-common-args.resp
    
    builtin-ScanDependencies -o /Users/buddhirajgautam/Library/Developer/Xcode/DerivedData/Telegram-Mac-fygdgghdgmuleoelvxabfmqiotta/Build/Intermediates.noindex/libphonenumber.build/Debug/libphonenumber-t.build/Objects-normal/arm64/NBMetadataCoreTestMapper.o.scan -- /Applications/Xcode.app/Contents/Developer/Toolchains/XcodeDefault.xctoolchain/usr/bin/clang -x objective-c -ivfsstatcache /Users/buddhirajgautam/Library/Developer/Xcode/DerivedData/SDKStatCaches.noindex/macosx27.0-26A425-e829b21a6f8c9b70876ba0858053c0447231f6df4def33e022ae2eb8f782df1a.sdkstatcache -target arm64-apple-macos12.0 -fmessage-length\=0 -fdiagnostics-show-note-include-stack -fmacro-backtrace-limit\=0 -fno-color-diagnostics -fmodules-prune-interval\=86400 -fmodules-prune-after\=345600 -fbuild-session-file\=/Users/buddhirajgautam/Library/Developer/Xcode/DerivedData/ModuleCache.noindex/Session.modulevalidation -fmodules-validate-once-per-build-session -Wnon-modular-include-in-framework-module -Werror\=non-modular-include-in-framework-module -Wno-trigraphs -Wno-missing-field-initializers -Wno-missing-prototypes -Wno-return-type -Wno-implicit-atomic-properties -Wno-objc-interface-ivars -Wno-arc-repeated-use-of-weak -Wno-missing-braces -Wparentheses -Wswitch -Wno-unused-function -Wno-unused-label -Wno-unused-parameter -Wno-unused-variable -Wunused-value -Wno-empty-body -Wno-uninitialized -Wno-unknown-pragmas -Wno-shadow -Wno-four-char-constants -Wno-conversion -Wno-constant-conversion -Wno-int-conversion -Wno-bool-conversion -Wno-enum-conversion -Wno-float-conversion -Wno-non-literal-null-conversion -Wno-objc-literal-conversion -Wshorten-64-to-32 -Wpointer-sign -Wno-newline-eof -Wno-selector -Wno-strict-selector-match -Wno-undeclared-selector -Wno-deprecated-implementations -Wno-implicit-fallthrough -isysroot /Applications/Xcode.app/Contents/Developer/Platforms/MacOSX.platform/Developer/SDKs/MacOSX27.0.sdk -fstrict-aliasing -Wprotocol -Wdeprecated-declarations -Wno-sign-conversion -Wno-infinite-recursion -Wno-comma -Wno-block-capture-autoreleasing -Wno-strict-prototypes -Wno-semicolon-before-method-body -index-store-path /Users/buddhirajgautam/Library/Developer/Xcode/DerivedData/Telegram-Mac-fygdgghdgmuleoelvxabfmqiotta/Index.noindex/DataStore @/Users/buddhirajgautam/Library/Developer/Xcode/DerivedData/Telegram-Mac-fygdgghdgmuleoelvxabfmqiotta/Build/Intermediates.noindex/libphonenumber.build/Debug/libphonenumber-t.build/Objects-normal/arm64/e6072d4f65d7061329687fe24e3d63a7-common-args.resp -MMD -MT dependencies -MF /Users/buddhirajgautam/Library/Developer/Xcode/DerivedData/Telegram-Mac-fygdgghdgmuleoelvxabfmqiotta/Build/Intermediates.noindex/libphonenumber.build/Debug/libphonenumber-t.build/Objects-normal/arm64/NBMetadataCoreTestMapper.d --serialize-diagnostics /Users/buddhirajgautam/Library/Developer/Xcode/DerivedData/Telegram-Mac-fygdgghdgmuleoelvxabfmqiotta/Build/Intermediates.noindex/libphonenumber.build/Debug/libphonenumber-t.build/Objects-normal/arm64/NBMetadataCoreTestMapper.dia -c /Users/buddhirajgautam/Documents/Cherrygram-Mac/macOS-Swift/submodules/telegram-ios/submodules/libphonenumber/Sources/NBMetadataCoreTestMapper.m -o /Users/buddhirajgautam/Library/Developer/Xcode/DerivedData/Telegram-Mac-fygdgghdgmuleoelvxabfmqiotta/Build/Intermediates.noindex/libphonenumber.build/Debug/libphonenumber-t.build/Objects-normal/arm64/NBMetadataCoreTestMapper.o -index-unit-output-path /libphonenumber.build/Debug/libphonenumber-t.build/Objects-normal/arm64/NBMetadataCoreTestMapper.o

ScanDependencies /Users/buddhirajgautam/Library/Developer/Xcode/DerivedData/Telegram-Mac-fygdgghdgmuleoelvxabfmqiotta/Build/Intermediates.noindex/libphonenumber.build/Debug/libphonenumber-t.build/Objects-normal/arm64/NBMetadataCoreTest.o /Users/buddhirajgautam/Documents/Cherrygram-Mac/macOS-Swift/submodules/telegram-ios/submodules/libphonenumber/Sources/NBMetadataCoreTest.m normal arm64 objective-c com.apple.compilers.llvm.clang.1_0.compiler (in target 'libphonenumber' from project 'libphonenumber')
    cd /Users/buddhirajgautam/Documents/Cherrygram-Mac/macOS-Swift
    
    Using response file: /Users/buddhirajgautam/Library/Developer/Xcode/DerivedData/Telegram-Mac-fygdgghdgmuleoelvxabfmqiotta/Build/Intermediates.noindex/libphonenumber.build/Debug/libphonenumber-t.build/Objects-normal/arm64/e6072d4f65d7061329687fe24e3d63a7-common-args.resp
    
    builtin-ScanDependencies -o /Users/buddhirajgautam/Library/Developer/Xcode/DerivedData/Telegram-Mac-fygdgghdgmuleoelvxabfmqiotta/Build/Intermediates.noindex/libphonenumber.build/Debug/libphonenumber-t.build/Objects-normal/arm64/NBMetadataCoreTest.o.scan -- /Applications/Xcode.app/Contents/Developer/Toolchains/XcodeDefault.xctoolchain/usr/bin/clang -x objective-c -ivfsstatcache /Users/buddhirajgautam/Library/Developer/Xcode/DerivedData/SDKStatCaches.noindex/macosx27.0-26A425-e829b21a6f8c9b70876ba0858053c0447231f6df4def33e022ae2eb8f782df1a.sdkstatcache -target arm64-apple-macos12.0 -fmessage-length\=0 -fdiagnostics-show-note-include-stack -fmacro-backtrace-limit\=0 -fno-color-diagnostics -fmodules-prune-interval\=86400 -fmodules-prune-after\=345600 -fbuild-session-file\=/Users/buddhirajgautam/Library/Developer/Xcode/DerivedData/ModuleCache.noindex/Session.modulevalidation -fmodules-validate-once-per-build-session -Wnon-modular-include-in-framework-module -Werror\=non-modular-include-in-framework-module -Wno-trigraphs -Wno-missing-field-initializers -Wno-missing-prototypes -Wno-return-type -Wno-implicit-atomic-properties -Wno-objc-interface-ivars -Wno-arc-repeated-use-of-weak -Wno-missing-braces -Wparentheses -Wswitch -Wno-unused-function -Wno-unused-label -Wno-unused-parameter -Wno-unused-variable -Wunused-value -Wno-empty-body -Wno-uninitialized -Wno-unknown-pragmas -Wno-shadow -Wno-four-char-constants -Wno-conversion -Wno-constant-conversion -Wno-int-conversion -Wno-bool-conversion -Wno-enum-conversion -Wno-float-conversion -Wno-non-literal-null-conversion -Wno-objc-literal-conversion -Wshorten-64-to-32 -Wpointer-sign -Wno-newline-eof -Wno-selector -Wno-strict-selector-match -Wno-undeclared-selector -Wno-deprecated-implementations -Wno-implicit-fallthrough -isysroot /Applications/Xcode.app/Contents/Developer/Platforms/MacOSX.platform/Developer/SDKs/MacOSX27.0.sdk -fstrict-aliasing -Wprotocol -Wdeprecated-declarations -Wno-sign-conversion -Wno-infinite-recursion -Wno-comma -Wno-block-capture-autoreleasing -Wno-strict-prototypes -Wno-semicolon-before-method-body -index-store-path /Users/buddhirajgautam/Library/Developer/Xcode/DerivedData/Telegram-Mac-fygdgghdgmuleoelvxabfmqiotta/Index.noindex/DataStore @/Users/buddhirajgautam/Library/Developer/Xcode/DerivedData/Telegram-Mac-fygdgghdgmuleoelvxabfmqiotta/Build/Intermediates.noindex/libphonenumber.build/Debug/libphonenumber-t.build/Objects-normal/arm64/e6072d4f65d7061329687fe24e3d63a7-common-args.resp -MMD -MT dependencies -MF /Users/buddhirajgautam/Library/Developer/Xcode/DerivedData/Telegram-Mac-fygdgghdgmuleoelvxabfmqiotta/Build/Intermediates.noindex/libphonenumber.build/Debug/libphonenumber-t.build/Objects-normal/arm64/NBMetadataCoreTest.d --serialize-diagnostics /Users/buddhirajgautam/Library/Developer/Xcode/DerivedData/Telegram-Mac-fygdgghdgmuleoelvxabfmqiotta/Build/Intermediates.noindex/libphonenumber.build/Debug/libphonenumber-t.build/Objects-normal/arm64/NBMetadataCoreTest.dia -c /Users/buddhirajgautam/Documents/Cherrygram-Mac/macOS-Swift/submodules/telegram-ios/submodules/libphonenumber/Sources/NBMetadataCoreTest.m -o /Users/buddhirajgautam/Library/Developer/Xcode/DerivedData/Telegram-Mac-fygdgghdgmuleoelvxabfmqiotta/Build/Intermediates.noindex/libphonenumber.build/Debug/libphonenumber-t.build/Objects-normal/arm64/NBMetadataCoreTest.o -index-unit-output-path /libphonenumber.build/Debug/libphonenumber-t.build/Objects-normal/arm64/NBMetadataCoreTest.o

CompileC /Users/buddhirajgautam/Library/Developer/Xcode/DerivedData/Telegram-Mac-fygdgghdgmuleoelvxabfmqiotta/Build/Intermediates.noindex/libphonenumber.build/Debug/libphonenumber-t.build/Objects-normal/arm64/NBNumberFormat.o /Users/buddhirajgautam/Documents/Cherrygram-Mac/macOS-Swift/submodules/telegram-ios/submodules/libphonenumber/Sources/NBNumberFormat.m normal arm64 objective-c com.apple.compilers.llvm.clang.1_0.compiler (in target 'libphonenumber' from project 'libphonenumber')
    cd /Users/buddhirajgautam/Documents/Cherrygram-Mac/macOS-Swift
    
    Using response file: /Users/buddhirajgautam/Library/Developer/Xcode/DerivedData/Telegram-Mac-fygdgghdgmuleoelvxabfmqiotta/Build/Intermediates.noindex/libphonenumber.build/Debug/libphonenumber-t.build/Objects-normal/arm64/e6072d4f65d7061329687fe24e3d63a7-common-args.resp
    
    /Applications/Xcode.app/Contents/Developer/Toolchains/XcodeDefault.xctoolchain/usr/bin/clang -x objective-c -ivfsstatcache /Users/buddhirajgautam/Library/Developer/Xcode/DerivedData/SDKStatCaches.noindex/macosx27.0-26A425-e829b21a6f8c9b70876ba0858053c0447231f6df4def33e022ae2eb8f782df1a.sdkstatcache -target arm64-apple-macos12.0 -fmessage-length\=0 -fdiagnostics-show-note-include-stack -fmacro-backtrace-limit\=0 -fno-color-diagnostics -fmodules-prune-interval\=86400 -fmodules-prune-after\=345600 -fbuild-session-file\=/Users/buddhirajgautam/Library/Developer/Xcode/DerivedData/ModuleCache.noindex/Session.modulevalidation -fmodules-validate-once-per-build-session -Wnon-modular-include-in-framework-module -Werror\=non-modular-include-in-framework-module -Wno-trigraphs -Wno-missing-field-initializers -Wno-missing-prototypes -Wno-return-type -Wno-implicit-atomic-properties -Wno-objc-interface-ivars -Wno-arc-repeated-use-of-weak -Wno-missing-braces -Wparentheses -Wswitch -Wno-unused-function -Wno-unused-label -Wno-unused-parameter -Wno-unused-variable -Wunused-value -Wno-empty-body -Wno-uninitialized -Wno-unknown-pragmas -Wno-shadow -Wno-four-char-constants -Wno-conversion -Wno-constant-conversion -Wno-int-conversion -Wno-bool-conversion -Wno-enum-conversion -Wno-float-conversion -Wno-non-literal-null-conversion -Wno-objc-literal-conversion -Wshorten-64-to-32 -Wpointer-sign -Wno-newline-eof -Wno-selector -Wno-strict-selector-match -Wno-undeclared-selector -Wno-deprecated-implementations -Wno-implicit-fallthrough -isysroot /Applications/Xcode.app/Contents/Developer/Platforms/MacOSX.platform/Developer/SDKs/MacOSX27.0.sdk -fstrict-aliasing -Wprotocol -Wdeprecated-declarations -Wno-sign-conversion -Wno-infinite-recursion -Wno-comma -Wno-block-capture-autoreleasing -Wno-strict-prototypes -Wno-semicolon-before-method-body -index-store-path /Users/buddhirajgautam/Library/Developer/Xcode/DerivedData/Telegram-Mac-fygdgghdgmuleoelvxabfmqiotta/Index.noindex/DataStore @/Users/buddhirajgautam/Library/Developer/Xcode/DerivedData/Telegram-Mac-fygdgghdgmuleoelvxabfmqiotta/Build/Intermediates.noindex/libphonenumber.build/Debug/libphonenumber-t.build/Objects-normal/arm64/e6072d4f65d7061329687fe24e3d63a7-common-args.resp -MMD -MT dependencies -MF /Users/buddhirajgautam/Library/Developer/Xcode/DerivedData/Telegram-Mac-fygdgghdgmuleoelvxabfmqiotta/Build/Intermediates.noindex/libphonenumber.build/Debug/libphonenumber-t.build/Objects-normal/arm64/NBNumberFormat.d --serialize-diagnostics /Users/buddhirajgautam/Library/Developer/Xcode/DerivedData/Telegram-Mac-fygdgghdgmuleoelvxabfmqiotta/Build/Intermediates.noindex/libphonenumber.build/Debug/libphonenumber-t.build/Objects-normal/arm64/NBNumberFormat.dia -c /Users/buddhirajgautam/Documents/Cherrygram-Mac/macOS-Swift/submodules/telegram-ios/submodules/libphonenumber/Sources/NBNumberFormat.m -o /Users/buddhirajgautam/Library/Developer/Xcode/DerivedData/Telegram-Mac-fygdgghdgmuleoelvxabfmqiotta/Build/Intermediates.noindex/libphonenumber.build/Debug/libphonenumber-t.build/Objects-normal/arm64/NBNumberFormat.o -index-unit-output-path /libphonenumber.build/Debug/libphonenumber-t.build/Objects-normal/arm64/NBNumberFormat.o

CompileC /Users/buddhirajgautam/Library/Developer/Xcode/DerivedData/Telegram-Mac-fygdgghdgmuleoelvxabfmqiotta/Build/Intermediates.noindex/libphonenumber.build/Debug/libphonenumber-t.build/Objects-normal/arm64/NBMetadataHelper.o /Users/buddhirajgautam/Documents/Cherrygram-Mac/macOS-Swift/submodules/telegram-ios/submodules/libphonenumber/Sources/NBMetadataHelper.m normal arm64 objective-c com.apple.compilers.llvm.clang.1_0.compiler (in target 'libphonenumber' from project 'libphonenumber')
    cd /Users/buddhirajgautam/Documents/Cherrygram-Mac/macOS-Swift
    
    Using response file: /Users/buddhirajgautam/Library/Developer/Xcode/DerivedData/Telegram-Mac-fygdgghdgmuleoelvxabfmqiotta/Build/Intermediates.noindex/libphonenumber.build/Debug/libphonenumber-t.build/Objects-normal/arm64/e6072d4f65d7061329687fe24e3d63a7-common-args.resp
    
    /Applications/Xcode.app/Contents/Developer/Toolchains/XcodeDefault.xctoolchain/usr/bin/clang -x objective-c -ivfsstatcache /Users/buddhirajgautam/Library/Developer/Xcode/DerivedData/SDKStatCaches.noindex/macosx27.0-26A425-e829b21a6f8c9b70876ba0858053c0447231f6df4def33e022ae2eb8f782df1a.sdkstatcache -target arm64-apple-macos12.0 -fmessage-length\=0 -fdiagnostics-show-note-include-stack -fmacro-backtrace-limit\=0 -fno-color-diagnostics -fmodules-prune-interval\=86400 -fmodules-prune-after\=345600 -fbuild-session-file\=/Users/buddhirajgautam/Library/Developer/Xcode/DerivedData/ModuleCache.noindex/Session.modulevalidation -fmodules-validate-once-per-build-session -Wnon-modular-include-in-framework-module -Werror\=non-modular-include-in-framework-module -Wno-trigraphs -Wno-missing-field-initializers -Wno-missing-prototypes -Wno-return-type -Wno-implicit-atomic-properties -Wno-objc-interface-ivars -Wno-arc-repeated-use-of-weak -Wno-missing-braces -Wparentheses -Wswitch -Wno-unused-function -Wno-unused-label -Wno-unused-parameter -Wno-unused-variable -Wunused-value -Wno-empty-body -Wno-uninitialized -Wno-unknown-pragmas -Wno-shadow -Wno-four-char-constants -Wno-conversion -Wno-constant-conversion -Wno-int-conversion -Wno-bool-conversion -Wno-enum-conversion -Wno-float-conversion -Wno-non-literal-null-conversion -Wno-objc-literal-conversion -Wshorten-64-to-32 -Wpointer-sign -Wno-newline-eof -Wno-selector -Wno-strict-selector-match -Wno-undeclared-selector -Wno-deprecated-implementations -Wno-implicit-fallthrough -isysroot /Applications/Xcode.app/Contents/Developer/Platforms/MacOSX.platform/Developer/SDKs/MacOSX27.0.sdk -fstrict-aliasing -Wprotocol -Wdeprecated-declarations -Wno-sign-conversion -Wno-infinite-recursion -Wno-comma -Wno-block-capture-autoreleasing -Wno-strict-prototypes -Wno-semicolon-before-method-body -index-store-path /Users/buddhirajgautam/Library/Developer/Xcode/DerivedData/Telegram-Mac-fygdgghdgmuleoelvxabfmqiotta/Index.noindex/DataStore @/Users/buddhirajgautam/Library/Developer/Xcode/DerivedData/Telegram-Mac-fygdgghdgmuleoelvxabfmqiotta/Build/Intermediates.noindex/libphonenumber.build/Debug/libphonenumber-t.build/Objects-normal/arm64/e6072d4f65d7061329687fe24e3d63a7-common-args.resp -MMD -MT dependencies -MF /Users/buddhirajgautam/Library/Developer/Xcode/DerivedData/Telegram-Mac-fygdgghdgmuleoelvxabfmqiotta/Build/Intermediates.noindex/libphonenumber.build/Debug/libphonenumber-t.build/Objects-normal/arm64/NBMetadataHelper.d --serialize-diagnostics /Users/buddhirajgautam/Library/Developer/Xcode/DerivedData/Telegram-Mac-fygdgghdgmuleoelvxabfmqiotta/Build/Intermediates.noindex/libphonenumber.build/Debug/libphonenumber-t.build/Objects-normal/arm64/NBMetadataHelper.dia -c /Users/buddhirajgautam/Documents/Cherrygram-Mac/macOS-Swift/submodules/telegram-ios/submodules/libphonenumber/Sources/NBMetadataHelper.m -o /Users/buddhirajgautam/Library/Developer/Xcode/DerivedData/Telegram-Mac-fygdgghdgmuleoelvxabfmqiotta/Build/Intermediates.noindex/libphonenumber.build/Debug/libphonenumber-t.build/Objects-normal/arm64/NBMetadataHelper.o -index-unit-output-path /libphonenumber.build/Debug/libphonenumber-t.build/Objects-normal/arm64/NBMetadataHelper.o

CompileC /Users/buddhirajgautam/Library/Developer/Xcode/DerivedData/Telegram-Mac-fygdgghdgmuleoelvxabfmqiotta/Build/Intermediates.noindex/libphonenumber.build/Debug/libphonenumber-t.build/Objects-normal/arm64/NBMetadataCoreTestMapper.o /Users/buddhirajgautam/Documents/Cherrygram-Mac/macOS-Swift/submodules/telegram-ios/submodules/libphonenumber/Sources/NBMetadataCoreTestMapper.m normal arm64 objective-c com.apple.compilers.llvm.clang.1_0.compiler (in target 'libphonenumber' from project 'libphonenumber')
    cd /Users/buddhirajgautam/Documents/Cherrygram-Mac/macOS-Swift
    
    Using response file: /Users/buddhirajgautam/Library/Developer/Xcode/DerivedData/Telegram-Mac-fygdgghdgmuleoelvxabfmqiotta/Build/Intermediates.noindex/libphonenumber.build/Debug/libphonenumber-t.build/Objects-normal/arm64/e6072d4f65d7061329687fe24e3d63a7-common-args.resp
    
    /Applications/Xcode.app/Contents/Developer/Toolchains/XcodeDefault.xctoolchain/usr/bin/clang -x objective-c -ivfsstatcache /Users/buddhirajgautam/Library/Developer/Xcode/DerivedData/SDKStatCaches.noindex/macosx27.0-26A425-e829b21a6f8c9b70876ba0858053c0447231f6df4def33e022ae2eb8f782df1a.sdkstatcache -target arm64-apple-macos12.0 -fmessage-length\=0 -fdiagnostics-show-note-include-stack -fmacro-backtrace-limit\=0 -fno-color-diagnostics -fmodules-prune-interval\=86400 -fmodules-prune-after\=345600 -fbuild-session-file\=/Users/buddhirajgautam/Library/Developer/Xcode/DerivedData/ModuleCache.noindex/Session.modulevalidation -fmodules-validate-once-per-build-session -Wnon-modular-include-in-framework-module -Werror\=non-modular-include-in-framework-module -Wno-trigraphs -Wno-missing-field-initializers -Wno-missing-prototypes -Wno-return-type -Wno-implicit-atomic-properties -Wno-objc-interface-ivars -Wno-arc-repeated-use-of-weak -Wno-missing-braces -Wparentheses -Wswitch -Wno-unused-function -Wno-unused-label -Wno-unused-parameter -Wno-unused-variable -Wunused-value -Wno-empty-body -Wno-uninitialized -Wno-unknown-pragmas -Wno-shadow -Wno-four-char-constants -Wno-conversion -Wno-constant-conversion -Wno-int-conversion -Wno-bool-conversion -Wno-enum-conversion -Wno-float-conversion -Wno-non-literal-null-conversion -Wno-objc-literal-conversion -Wshorten-64-to-32 -Wpointer-sign -Wno-newline-eof -Wno-selector -Wno-strict-selector-match -Wno-undeclared-selector -Wno-deprecated-implementations -Wno-implicit-fallthrough -isysroot /Applications/Xcode.app/Contents/Developer/Platforms/MacOSX.platform/Developer/SDKs/MacOSX27.0.sdk -fstrict-aliasing -Wprotocol -Wdeprecated-declarations -Wno-sign-conversion -Wno-infinite-recursion -Wno-comma -Wno-block-capture-autoreleasing -Wno-strict-prototypes -Wno-semicolon-before-method-body -index-store-path /Users/buddhirajgautam/Library/Developer/Xcode/DerivedData/Telegram-Mac-fygdgghdgmuleoelvxabfmqiotta/Index.noindex/DataStore @/Users/buddhirajgautam/Library/Developer/Xcode/DerivedData/Telegram-Mac-fygdgghdgmuleoelvxabfmqiotta/Build/Intermediates.noindex/libphonenumber.build/Debug/libphonenumber-t.build/Objects-normal/arm64/e6072d4f65d7061329687fe24e3d63a7-common-args.resp -MMD -MT dependencies -MF /Users/buddhirajgautam/Library/Developer/Xcode/DerivedData/Telegram-Mac-fygdgghdgmuleoelvxabfmqiotta/Build/Intermediates.noindex/libphonenumber.build/Debug/libphonenumber-t.build/Objects-normal/arm64/NBMetadataCoreTestMapper.d --serialize-diagnostics /Users/buddhirajgautam/Library/Developer/Xcode/DerivedData/Telegram-Mac-fygdgghdgmuleoelvxabfmqiotta/Build/Intermediates.noindex/libphonenumber.build/Debug/libphonenumber-t.build/Objects-normal/arm64/NBMetadataCoreTestMapper.dia -c /Users/buddhirajgautam/Documents/Cherrygram-Mac/macOS-Swift/submodules/telegram-ios/submodules/libphonenumber/Sources/NBMetadataCoreTestMapper.m -o /Users/buddhirajgautam/Library/Developer/Xcode/DerivedData/Telegram-Mac-fygdgghdgmuleoelvxabfmqiotta/Build/Intermediates.noindex/libphonenumber.build/Debug/libphonenumber-t.build/Objects-normal/arm64/NBMetadataCoreTestMapper.o -index-unit-output-path /libphonenumber.build/Debug/libphonenumber-t.build/Objects-normal/arm64/NBMetadataCoreTestMapper.o

ScanDependencies /Users/buddhirajgautam/Library/Developer/Xcode/DerivedData/Telegram-Mac-fygdgghdgmuleoelvxabfmqiotta/Build/Intermediates.noindex/libphonenumber.build/Debug/libphonenumber-t.build/Objects-normal/arm64/NBMetadataCoreMapper.o /Users/buddhirajgautam/Documents/Cherrygram-Mac/macOS-Swift/submodules/telegram-ios/submodules/libphonenumber/Sources/NBMetadataCoreMapper.m normal arm64 objective-c com.apple.compilers.llvm.clang.1_0.compiler (in target 'libphonenumber' from project 'libphonenumber')
    cd /Users/buddhirajgautam/Documents/Cherrygram-Mac/macOS-Swift
    
    Using response file: /Users/buddhirajgautam/Library/Developer/Xcode/DerivedData/Telegram-Mac-fygdgghdgmuleoelvxabfmqiotta/Build/Intermediates.noindex/libphonenumber.build/Debug/libphonenumber-t.build/Objects-normal/arm64/e6072d4f65d7061329687fe24e3d63a7-common-args.resp
    
    builtin-ScanDependencies -o /Users/buddhirajgautam/Library/Developer/Xcode/DerivedData/Telegram-Mac-fygdgghdgmuleoelvxabfmqiotta/Build/Intermediates.noindex/libphonenumber.build/Debug/libphonenumber-t.build/Objects-normal/arm64/NBMetadataCoreMapper.o.scan -- /Applications/Xcode.app/Contents/Developer/Toolchains/XcodeDefault.xctoolchain/usr/bin/clang -x objective-c -ivfsstatcache /Users/buddhirajgautam/Library/Developer/Xcode/DerivedData/SDKStatCaches.noindex/macosx27.0-26A425-e829b21a6f8c9b70876ba0858053c0447231f6df4def33e022ae2eb8f782df1a.sdkstatcache -target arm64-apple-macos12.0 -fmessage-length\=0 -fdiagnostics-show-note-include-stack -fmacro-backtrace-limit\=0 -fno-color-diagnostics -fmodules-prune-interval\=86400 -fmodules-prune-after\=345600 -fbuild-session-file\=/Users/buddhirajgautam/Library/Developer/Xcode/DerivedData/ModuleCache.noindex/Session.modulevalidation -fmodules-validate-once-per-build-session -Wnon-modular-include-in-framework-module -Werror\=non-modular-include-in-framework-module -Wno-trigraphs -Wno-missing-field-initializers -Wno-missing-prototypes -Wno-return-type -Wno-implicit-atomic-properties -Wno-objc-interface-ivars -Wno-arc-repeated-use-of-weak -Wno-missing-braces -Wparentheses -Wswitch -Wno-unused-function -Wno-unused-label -Wno-unused-parameter -Wno-unused-variable -Wunused-value -Wno-empty-body -Wno-uninitialized -Wno-unknown-pragmas -Wno-shadow -Wno-four-char-constants -Wno-conversion -Wno-constant-conversion -Wno-int-conversion -Wno-bool-conversion -Wno-enum-conversion -Wno-float-conversion -Wno-non-literal-null-conversion -Wno-objc-literal-conversion -Wshorten-64-to-32 -Wpointer-sign -Wno-newline-eof -Wno-selector -Wno-strict-selector-match -Wno-undeclared-selector -Wno-deprecated-implementations -Wno-implicit-fallthrough -isysroot /Applications/Xcode.app/Contents/Developer/Platforms/MacOSX.platform/Developer/SDKs/MacOSX27.0.sdk -fstrict-aliasing -Wprotocol -Wdeprecated-declarations -Wno-sign-conversion -Wno-infinite-recursion -Wno-comma -Wno-block-capture-autoreleasing -Wno-strict-prototypes -Wno-semicolon-before-method-body -index-store-path /Users/buddhirajgautam/Library/Developer/Xcode/DerivedData/Telegram-Mac-fygdgghdgmuleoelvxabfmqiotta/Index.noindex/DataStore @/Users/buddhirajgautam/Library/Developer/Xcode/DerivedData/Telegram-Mac-fygdgghdgmuleoelvxabfmqiotta/Build/Intermediates.noindex/libphonenumber.build/Debug/libphonenumber-t.build/Objects-normal/arm64/e6072d4f65d7061329687fe24e3d63a7-common-args.resp -MMD -MT dependencies -MF /Users/buddhirajgautam/Library/Developer/Xcode/DerivedData/Telegram-Mac-fygdgghdgmuleoelvxabfmqiotta/Build/Intermediates.noindex/libphonenumber.build/Debug/libphonenumber-t.build/Objects-normal/arm64/NBMetadataCoreMapper.d --serialize-diagnostics /Users/buddhirajgautam/Library/Developer/Xcode/DerivedData/Telegram-Mac-fygdgghdgmuleoelvxabfmqiotta/Build/Intermediates.noindex/libphonenumber.build/Debug/libphonenumber-t.build/Objects-normal/arm64/NBMetadataCoreMapper.dia -c /Users/buddhirajgautam/Documents/Cherrygram-Mac/macOS-Swift/submodules/telegram-ios/submodules/libphonenumber/Sources/NBMetadataCoreMapper.m -o /Users/buddhirajgautam/Library/Developer/Xcode/DerivedData/Telegram-Mac-fygdgghdgmuleoelvxabfmqiotta/Build/Intermediates.noindex/libphonenumber.build/Debug/libphonenumber-t.build/Objects-normal/arm64/NBMetadataCoreMapper.o -index-unit-output-path /libphonenumber.build/Debug/libphonenumber-t.build/Objects-normal/arm64/NBMetadataCoreMapper.o

CompileC /Users/buddhirajgautam/Library/Developer/Xcode/DerivedData/Telegram-Mac-fygdgghdgmuleoelvxabfmqiotta/Build/Intermediates.noindex/libphonenumber.build/Debug/libphonenumber-t.build/Objects-normal/arm64/NBMetadataCoreTest.o /Users/buddhirajgautam/Documents/Cherrygram-Mac/macOS-Swift/submodules/telegram-ios/submodules/libphonenumber/Sources/NBMetadataCoreTest.m normal arm64 objective-c com.apple.compilers.llvm.clang.1_0.compiler (in target 'libphonenumber' from project 'libphonenumber')
    cd /Users/buddhirajgautam/Documents/Cherrygram-Mac/macOS-Swift
    
    Using response file: /Users/buddhirajgautam/Library/Developer/Xcode/DerivedData/Telegram-Mac-fygdgghdgmuleoelvxabfmqiotta/Build/Intermediates.noindex/libphonenumber.build/Debug/libphonenumber-t.build/Objects-normal/arm64/e6072d4f65d7061329687fe24e3d63a7-common-args.resp
    
    /Applications/Xcode.app/Contents/Developer/Toolchains/XcodeDefault.xctoolchain/usr/bin/clang -x objective-c -ivfsstatcache /Users/buddhirajgautam/Library/Developer/Xcode/DerivedData/SDKStatCaches.noindex/macosx27.0-26A425-e829b21a6f8c9b70876ba0858053c0447231f6df4def33e022ae2eb8f782df1a.sdkstatcache -target arm64-apple-macos12.0 -fmessage-length\=0 -fdiagnostics-show-note-include-stack -fmacro-backtrace-limit\=0 -fno-color-diagnostics -fmodules-prune-interval\=86400 -fmodules-prune-after\=345600 -fbuild-session-file\=/Users/buddhirajgautam/Library/Developer/Xcode/DerivedData/ModuleCache.noindex/Session.modulevalidation -fmodules-validate-once-per-build-session -Wnon-modular-include-in-framework-module -Werror\=non-modular-include-in-framework-module -Wno-trigraphs -Wno-missing-field-initializers -Wno-missing-prototypes -Wno-return-type -Wno-implicit-atomic-properties -Wno-objc-interface-ivars -Wno-arc-repeated-use-of-weak -Wno-missing-braces -Wparentheses -Wswitch -Wno-unused-function -Wno-unused-label -Wno-unused-parameter -Wno-unused-variable -Wunused-value -Wno-empty-body -Wno-uninitialized -Wno-unknown-pragmas -Wno-shadow -Wno-four-char-constants -Wno-conversion -Wno-constant-conversion -Wno-int-conversion -Wno-bool-conversion -Wno-enum-conversion -Wno-float-conversion -Wno-non-literal-null-conversion -Wno-objc-literal-conversion -Wshorten-64-to-32 -Wpointer-sign -Wno-newline-eof -Wno-selector -Wno-strict-selector-match -Wno-undeclared-selector -Wno-deprecated-implementations -Wno-implicit-fallthrough -isysroot /Applications/Xcode.app/Contents/Developer/Platforms/MacOSX.platform/Developer/SDKs/MacOSX27.0.sdk -fstrict-aliasing -Wprotocol -Wdeprecated-declarations -Wno-sign-conversion -Wno-infinite-recursion -Wno-comma -Wno-block-capture-autoreleasing -Wno-strict-prototypes -Wno-semicolon-before-method-body -index-store-path /Users/buddhirajgautam/Library/Developer/Xcode/DerivedData/Telegram-Mac-fygdgghdgmuleoelvxabfmqiotta/Index.noindex/DataStore @/Users/buddhirajgautam/Library/Developer/Xcode/DerivedData/Telegram-Mac-fygdgghdgmuleoelvxabfmqiotta/Build/Intermediates.noindex/libphonenumber.build/Debug/libphonenumber-t.build/Objects-normal/arm64/e6072d4f65d7061329687fe24e3d63a7-common-args.resp -MMD -MT dependencies -MF /Users/buddhirajgautam/Library/Developer/Xcode/DerivedData/Telegram-Mac-fygdgghdgmuleoelvxabfmqiotta/Build/Intermediates.noindex/libphonenumber.build/Debug/libphonenumber-t.build/Objects-normal/arm64/NBMetadataCoreTest.d --serialize-diagnostics /Users/buddhirajgautam/Library/Developer/Xcode/DerivedData/Telegram-Mac-fygdgghdgmuleoelvxabfmqiotta/Build/Intermediates.noindex/libphonenumber.build/Debug/libphonenumber-t.build/Objects-normal/arm64/NBMetadataCoreTest.dia -c /Users/buddhirajgautam/Documents/Cherrygram-Mac/macOS-Swift/submodules/telegram-ios/submodules/libphonenumber/Sources/NBMetadataCoreTest.m -o /Users/buddhirajgautam/Library/Developer/Xcode/DerivedData/Telegram-Mac-fygdgghdgmuleoelvxabfmqiotta/Build/Intermediates.noindex/libphonenumber.build/Debug/libphonenumber-t.build/Objects-normal/arm64/NBMetadataCoreTest.o -index-unit-output-path /libphonenumber.build/Debug/libphonenumber-t.build/Objects-normal/arm64/NBMetadataCoreTest.o

ScanDependencies /Users/buddhirajgautam/Library/Developer/Xcode/DerivedData/Telegram-Mac-fygdgghdgmuleoelvxabfmqiotta/Build/Intermediates.noindex/libphonenumber.build/Debug/libphonenumber-t.build/Objects-normal/arm64/NBMetadataCore.o /Users/buddhirajgautam/Documents/Cherrygram-Mac/macOS-Swift/submodules/telegram-ios/submodules/libphonenumber/Sources/NBMetadataCore.m normal arm64 objective-c com.apple.compilers.llvm.clang.1_0.compiler (in target 'libphonenumber' from project 'libphonenumber')
    cd /Users/buddhirajgautam/Documents/Cherrygram-Mac/macOS-Swift
    
    Using response file: /Users/buddhirajgautam/Library/Developer/Xcode/DerivedData/Telegram-Mac-fygdgghdgmuleoelvxabfmqiotta/Build/Intermediates.noindex/libphonenumber.build/Debug/libphonenumber-t.build/Objects-normal/arm64/e6072d4f65d7061329687fe24e3d63a7-common-args.resp
    
    builtin-ScanDependencies -o /Users/buddhirajgautam/Library/Developer/Xcode/DerivedData/Telegram-Mac-fygdgghdgmuleoelvxabfmqiotta/Build/Intermediates.noindex/libphonenumber.build/Debug/libphonenumber-t.build/Objects-normal/arm64/NBMetadataCore.o.scan -- /Applications/Xcode.app/Contents/Developer/Toolchains/XcodeDefault.xctoolchain/usr/bin/clang -x objective-c -ivfsstatcache /Users/buddhirajgautam/Library/Developer/Xcode/DerivedData/SDKStatCaches.noindex/macosx27.0-26A425-e829b21a6f8c9b70876ba0858053c0447231f6df4def33e022ae2eb8f782df1a.sdkstatcache -target arm64-apple-macos12.0 -fmessage-length\=0 -fdiagnostics-show-note-include-stack -fmacro-backtrace-limit\=0 -fno-color-diagnostics -fmodules-prune-interval\=86400 -fmodules-prune-after\=345600 -fbuild-session-file\=/Users/buddhirajgautam/Library/Developer/Xcode/DerivedData/ModuleCache.noindex/Session.modulevalidation -fmodules-validate-once-per-build-session -Wnon-modular-include-in-framework-module -Werror\=non-modular-include-in-framework-module -Wno-trigraphs -Wno-missing-field-initializers -Wno-missing-prototypes -Wno-return-type -Wno-implicit-atomic-properties -Wno-objc-interface-ivars -Wno-arc-repeated-use-of-weak -Wno-missing-braces -Wparentheses -Wswitch -Wno-unused-function -Wno-unused-label -Wno-unused-parameter -Wno-unused-variable -Wunused-value -Wno-empty-body -Wno-uninitialized -Wno-unknown-pragmas -Wno-shadow -Wno-four-char-constants -Wno-conversion -Wno-constant-conversion -Wno-int-conversion -Wno-bool-conversion -Wno-enum-conversion -Wno-float-conversion -Wno-non-literal-null-conversion -Wno-objc-literal-conversion -Wshorten-64-to-32 -Wpointer-sign -Wno-newline-eof -Wno-selector -Wno-strict-selector-match -Wno-undeclared-selector -Wno-deprecated-implementations -Wno-implicit-fallthrough -isysroot /Applications/Xcode.app/Contents/Developer/Platforms/MacOSX.platform/Developer/SDKs/MacOSX27.0.sdk -fstrict-aliasing -Wprotocol -Wdeprecated-declarations -Wno-sign-conversion -Wno-infinite-recursion -Wno-comma -Wno-block-capture-autoreleasing -Wno-strict-prototypes -Wno-semicolon-before-method-body -index-store-path /Users/buddhirajgautam/Library/Developer/Xcode/DerivedData/Telegram-Mac-fygdgghdgmuleoelvxabfmqiotta/Index.noindex/DataStore @/Users/buddhirajgautam/Library/Developer/Xcode/DerivedData/Telegram-Mac-fygdgghdgmuleoelvxabfmqiotta/Build/Intermediates.noindex/libphonenumber.build/Debug/libphonenumber-t.build/Objects-normal/arm64/e6072d4f65d7061329687fe24e3d63a7-common-args.resp -MMD -MT dependencies -MF /Users/buddhirajgautam/Library/Developer/Xcode/DerivedData/Telegram-Mac-fygdgghdgmuleoelvxabfmqiotta/Build/Intermediates.noindex/libphonenumber.build/Debug/libphonenumber-t.build/Objects-normal/arm64/NBMetadataCore.d --serialize-diagnostics /Users/buddhirajgautam/Library/Developer/Xcode/DerivedData/Telegram-Mac-fygdgghdgmuleoelvxabfmqiotta/Build/Intermediates.noindex/libphonenumber.build/Debug/libphonenumber-t.build/Objects-normal/arm64/NBMetadataCore.dia -c /Users/buddhirajgautam/Documents/Cherrygram-Mac/macOS-Swift/submodules/telegram-ios/submodules/libphonenumber/Sources/NBMetadataCore.m -o /Users/buddhirajgautam/Library/Developer/Xcode/DerivedData/Telegram-Mac-fygdgghdgmuleoelvxabfmqiotta/Build/Intermediates.noindex/libphonenumber.build/Debug/libphonenumber-t.build/Objects-normal/arm64/NBMetadataCore.o -index-unit-output-path /libphonenumber.build/Debug/libphonenumber-t.build/Objects-normal/arm64/NBMetadataCore.o

Ld /Users/buddhirajgautam/Library/Developer/Xcode/DerivedData/Telegram-Mac-fygdgghdgmuleoelvxabfmqiotta/Build/Products/Debug/libwebp.o normal (in target 'libwebp' from project 'libwebp')
    cd /Users/buddhirajgautam/Documents/Cherrygram-Mac/macOS-Swift/submodules/libwebp
    /Applications/Xcode.app/Contents/Developer/Toolchains/XcodeDefault.xctoolchain/usr/bin/clang -Xlinker -reproducible -target arm64-apple-macos12.0 -r -isysroot /Applications/Xcode.app/Contents/Developer/Platforms/MacOSX.platform/Developer/SDKs/MacOSX27.0.sdk -O0 -Xlinker -no_warn_duplicate_libraries -F/Users/buddhirajgautam/Library/Developer/Xcode/DerivedData/Telegram-Mac-fygdgghdgmuleoelvxabfmqiotta/Build/Intermediates.noindex/EagerLinkingTBDs/Debug -F/Users/buddhirajgautam/Library/Developer/Xcode/DerivedData/Telegram-Mac-fygdgghdgmuleoelvxabfmqiotta/Build/Products/Debug -iframework /Applications/Xcode.app/Contents/Developer/Platforms/MacOSX.platform/Developer/Library/Frameworks -filelist /Users/buddhirajgautam/Library/Developer/Xcode/DerivedData/Telegram-Mac-fygdgghdgmuleoelvxabfmqiotta/Build/Intermediates.noindex/libwebp.build/Debug/libwebp-t.build/Objects-normal/arm64/libwebp.LinkFileList -nostdlib -Xlinker -object_path_lto -Xlinker /Users/buddhirajgautam/Library/Developer/Xcode/DerivedData/Telegram-Mac-fygdgghdgmuleoelvxabfmqiotta/Build/Intermediates.noindex/libwebp.build/Debug/libwebp-t.build/Objects-normal/arm64/libwebp_lto.o -Xlinker -no_deduplicate -Xlinker -debug_variant -Xlinker -dependency_info -Xlinker /Users/buddhirajgautam/Library/Developer/Xcode/DerivedData/Telegram-Mac-fygdgghdgmuleoelvxabfmqiotta/Build/Intermediates.noindex/libwebp.build/Debug/libwebp-t.build/Objects-normal/arm64/libwebp_dependency_info.dat -fobjc-arc -fobjc-link-runtime -o /Users/buddhirajgautam/Library/Developer/Xcode/DerivedData/Telegram-Mac-fygdgghdgmuleoelvxabfmqiotta/Build/Products/Debug/libwebp.o

CompileC /Users/buddhirajgautam/Library/Developer/Xcode/DerivedData/Telegram-Mac-fygdgghdgmuleoelvxabfmqiotta/Build/Intermediates.noindex/libphonenumber.build/Debug/libphonenumber-t.build/Objects-normal/arm64/NBMetadataCoreMapper.o /Users/buddhirajgautam/Documents/Cherrygram-Mac/macOS-Swift/submodules/telegram-ios/submodules/libphonenumber/Sources/NBMetadataCoreMapper.m normal arm64 objective-c com.apple.compilers.llvm.clang.1_0.compiler (in target 'libphonenumber' from project 'libphonenumber')
    cd /Users/buddhirajgautam/Documents/Cherrygram-Mac/macOS-Swift
    
    Using response file: /Users/buddhirajgautam/Library/Developer/Xcode/DerivedData/Telegram-Mac-fygdgghdgmuleoelvxabfmqiotta/Build/Intermediates.noindex/libphonenumber.build/Debug/libphonenumber-t.build/Objects-normal/arm64/e6072d4f65d7061329687fe24e3d63a7-common-args.resp
    
    /Applications/Xcode.app/Contents/Developer/Toolchains/XcodeDefault.xctoolchain/usr/bin/clang -x objective-c -ivfsstatcache /Users/buddhirajgautam/Library/Developer/Xcode/DerivedData/SDKStatCaches.noindex/macosx27.0-26A425-e829b21a6f8c9b70876ba0858053c0447231f6df4def33e022ae2eb8f782df1a.sdkstatcache -target arm64-apple-macos12.0 -fmessage-length\=0 -fdiagnostics-show-note-include-stack -fmacro-backtrace-limit\=0 -fno-color-diagnostics -fmodules-prune-interval\=86400 -fmodules-prune-after\=345600 -fbuild-session-file\=/Users/buddhirajgautam/Library/Developer/Xcode/DerivedData/ModuleCache.noindex/Session.modulevalidation -fmodules-validate-once-per-build-session -Wnon-modular-include-in-framework-module -Werror\=non-modular-include-in-framework-module -Wno-trigraphs -Wno-missing-field-initializers -Wno-missing-prototypes -Wno-return-type -Wno-implicit-atomic-properties -Wno-objc-interface-ivars -Wno-arc-repeated-use-of-weak -Wno-missing-braces -Wparentheses -Wswitch -Wno-unused-function -Wno-unused-label -Wno-unused-parameter -Wno-unused-variable -Wunused-value -Wno-empty-body -Wno-uninitialized -Wno-unknown-pragmas -Wno-shadow -Wno-four-char-constants -Wno-conversion -Wno-constant-conversion -Wno-int-conversion -Wno-bool-conversion -Wno-enum-conversion -Wno-float-conversion -Wno-non-literal-null-conversion -Wno-objc-literal-conversion -Wshorten-64-to-32 -Wpointer-sign -Wno-newline-eof -Wno-selector -Wno-strict-selector-match -Wno-undeclared-selector -Wno-deprecated-implementations -Wno-implicit-fallthrough -isysroot /Applications/Xcode.app/Contents/Developer/Platforms/MacOSX.platform/Developer/SDKs/MacOSX27.0.sdk -fstrict-aliasing -Wprotocol -Wdeprecated-declarations -Wno-sign-conversion -Wno-infinite-recursion -Wno-comma -Wno-block-capture-autoreleasing -Wno-strict-prototypes -Wno-semicolon-before-method-body -index-store-path /Users/buddhirajgautam/Library/Developer/Xcode/DerivedData/Telegram-Mac-fygdgghdgmuleoelvxabfmqiotta/Index.noindex/DataStore @/Users/buddhirajgautam/Library/Developer/Xcode/DerivedData/Telegram-Mac-fygdgghdgmuleoelvxabfmqiotta/Build/Intermediates.noindex/libphonenumber.build/Debug/libphonenumber-t.build/Objects-normal/arm64/e6072d4f65d7061329687fe24e3d63a7-common-args.resp -MMD -MT dependencies -MF /Users/buddhirajgautam/Library/Developer/Xcode/DerivedData/Telegram-Mac-fygdgghdgmuleoelvxabfmqiotta/Build/Intermediates.noindex/libphonenumber.build/Debug/libphonenumber-t.build/Objects-normal/arm64/NBMetadataCoreMapper.d --serialize-diagnostics /Users/buddhirajgautam/Library/Developer/Xcode/DerivedData/Telegram-Mac-fygdgghdgmuleoelvxabfmqiotta/Build/Intermediates.noindex/libphonenumber.build/Debug/libphonenumber-t.build/Objects-normal/arm64/NBMetadataCoreMapper.dia -c /Users/buddhirajgautam/Documents/Cherrygram-Mac/macOS-Swift/submodules/telegram-ios/submodules/libphonenumber/Sources/NBMetadataCoreMapper.m -o /Users/buddhirajgautam/Library/Developer/Xcode/DerivedData/Telegram-Mac-fygdgghdgmuleoelvxabfmqiotta/Build/Intermediates.noindex/libphonenumber.build/Debug/libphonenumber-t.build/Objects-normal/arm64/NBMetadataCoreMapper.o -index-unit-output-path /libphonenumber.build/Debug/libphonenumber-t.build/Objects-normal/arm64/NBMetadataCoreMapper.o

ScanDependencies /Users/buddhirajgautam/Library/Developer/Xcode/DerivedData/Telegram-Mac-fygdgghdgmuleoelvxabfmqiotta/Build/Intermediates.noindex/libphonenumber.build/Debug/libphonenumber-t.build/Objects-normal/arm64/NBAsYouTypeFormatter.o /Users/buddhirajgautam/Documents/Cherrygram-Mac/macOS-Swift/submodules/telegram-ios/submodules/libphonenumber/Sources/NBAsYouTypeFormatter.m normal arm64 objective-c com.apple.compilers.llvm.clang.1_0.compiler (in target 'libphonenumber' from project 'libphonenumber')
    cd /Users/buddhirajgautam/Documents/Cherrygram-Mac/macOS-Swift
    
    Using response file: /Users/buddhirajgautam/Library/Developer/Xcode/DerivedData/Telegram-Mac-fygdgghdgmuleoelvxabfmqiotta/Build/Intermediates.noindex/libphonenumber.build/Debug/libphonenumber-t.build/Objects-normal/arm64/e6072d4f65d7061329687fe24e3d63a7-common-args.resp
    
    builtin-ScanDependencies -o /Users/buddhirajgautam/Library/Developer/Xcode/DerivedData/Telegram-Mac-fygdgghdgmuleoelvxabfmqiotta/Build/Intermediates.noindex/libphonenumber.build/Debug/libphonenumber-t.build/Objects-normal/arm64/NBAsYouTypeFormatter.o.scan -- /Applications/Xcode.app/Contents/Developer/Toolchains/XcodeDefault.xctoolchain/usr/bin/clang -x objective-c -ivfsstatcache /Users/buddhirajgautam/Library/Developer/Xcode/DerivedData/SDKStatCaches.noindex/macosx27.0-26A425-e829b21a6f8c9b70876ba0858053c0447231f6df4def33e022ae2eb8f782df1a.sdkstatcache -target arm64-apple-macos12.0 -fmessage-length\=0 -fdiagnostics-show-note-include-stack -fmacro-backtrace-limit\=0 -fno-color-diagnostics -fmodules-prune-interval\=86400 -fmodules-prune-after\=345600 -fbuild-session-file\=/Users/buddhirajgautam/Library/Developer/Xcode/DerivedData/ModuleCache.noindex/Session.modulevalidation -fmodules-validate-once-per-build-session -Wnon-modular-include-in-framework-module -Werror\=non-modular-include-in-framework-module -Wno-trigraphs -Wno-missing-field-initializers -Wno-missing-prototypes -Wno-return-type -Wno-implicit-atomic-properties -Wno-objc-interface-ivars -Wno-arc-repeated-use-of-weak -Wno-missing-braces -Wparentheses -Wswitch -Wno-unused-function -Wno-unused-label -Wno-unused-parameter -Wno-unused-variable -Wunused-value -Wno-empty-body -Wno-uninitialized -Wno-unknown-pragmas -Wno-shadow -Wno-four-char-constants -Wno-conversion -Wno-constant-conversion -Wno-int-conversion -Wno-bool-conversion -Wno-enum-conversion -Wno-float-conversion -Wno-non-literal-null-conversion -Wno-objc-literal-conversion -Wshorten-64-to-32 -Wpointer-sign -Wno-newline-eof -Wno-selector -Wno-strict-selector-match -Wno-undeclared-selector -Wno-deprecated-implementations -Wno-implicit-fallthrough -isysroot /Applications/Xcode.app/Contents/Developer/Platforms/MacOSX.platform/Developer/SDKs/MacOSX27.0.sdk -fstrict-aliasing -Wprotocol -Wdeprecated-declarations -Wno-sign-conversion -Wno-infinite-recursion -Wno-comma -Wno-block-capture-autoreleasing -Wno-strict-prototypes -Wno-semicolon-before-method-body -index-store-path /Users/buddhirajgautam/Library/Developer/Xcode/DerivedData/Telegram-Mac-fygdgghdgmuleoelvxabfmqiotta/Index.noindex/DataStore @/Users/buddhirajgautam/Library/Developer/Xcode/DerivedData/Telegram-Mac-fygdgghdgmuleoelvxabfmqiotta/Build/Intermediates.noindex/libphonenumber.build/Debug/libphonenumber-t.build/Objects-normal/arm64/e6072d4f65d7061329687fe24e3d63a7-common-args.resp -MMD -MT dependencies -MF /Users/buddhirajgautam/Library/Developer/Xcode/DerivedData/Telegram-Mac-fygdgghdgmuleoelvxabfmqiotta/Build/Intermediates.noindex/libphonenumber.build/Debug/libphonenumber-t.build/Objects-normal/arm64/NBAsYouTypeFormatter.d --serialize-diagnostics /Users/buddhirajgautam/Library/Developer/Xcode/DerivedData/Telegram-Mac-fygdgghdgmuleoelvxabfmqiotta/Build/Intermediates.noindex/libphonenumber.build/Debug/libphonenumber-t.build/Objects-normal/arm64/NBAsYouTypeFormatter.dia -c /Users/buddhirajgautam/Documents/Cherrygram-Mac/macOS-Swift/submodules/telegram-ios/submodules/libphonenumber/Sources/NBAsYouTypeFormatter.m -o /Users/buddhirajgautam/Library/Developer/Xcode/DerivedData/Telegram-Mac-fygdgghdgmuleoelvxabfmqiotta/Build/Intermediates.noindex/libphonenumber.build/Debug/libphonenumber-t.build/Objects-normal/arm64/NBAsYouTypeFormatter.o -index-unit-output-path /libphonenumber.build/Debug/libphonenumber-t.build/Objects-normal/arm64/NBAsYouTypeFormatter.o

GenerateDSYMFile /Users/buddhirajgautam/Library/Developer/Xcode/DerivedData/Telegram-Mac-fygdgghdgmuleoelvxabfmqiotta/Build/Products/Debug/fileop.dSYM /Users/buddhirajgautam/Library/Developer/Xcode/DerivedData/Telegram-Mac-fygdgghdgmuleoelvxabfmqiotta/Build/Products/Debug/fileop (in target 'fileop' from project 'Sparkle')
    cd /Users/buddhirajgautam/Documents/Cherrygram-Mac/macOS-Swift/submodules/Sparkle
    export PATH\=/Applications/Xcode.app/Contents/SharedFrameworks/SwiftBuild.framework/Versions/A/PlugIns/SWBBuildService.bundle/Contents/PlugIns/SWBUniversalPlatformPlugin.bundle/Contents/Frameworks/SWBUniversalPlatform.framework/Resources:/var/run/com.apple.security.cryptexd/mnt/com.apple.MobileAsset.MetalToolchain-v27.1.266.1.Pr1pMU/Metal.xctoolchain/usr/bin:/var/run/com.apple.security.cryptexd/mnt/com.apple.MobileAsset.MetalToolchain-v27.1.266.1.Pr1pMU/Metal.xctoolchain/usr/local/bin:/var/run/com.apple.security.cryptexd/mnt/com.apple.MobileAsset.MetalToolchain-v27.1.266.1.Pr1pMU/Metal.xctoolchain/usr/libexec:/Applications/Xcode.app/Contents/Developer/Toolchains/XcodeDefault.xctoolchain/usr/bin:/Applications/Xcode.app/Contents/Developer/Toolchains/XcodeDefault.xctoolchain/usr/local/bin:/Applications/Xcode.app/Contents/Developer/Toolchains/XcodeDefault.xctoolchain/usr/libexec:/Applications/Xcode.app/Contents/Developer/Platforms/MacOSX.platform/usr/bin:/Applications/Xcode.app/Contents/Developer/Platforms/MacOSX.platform/usr/local/bin:/Applications/Xcode.app/Contents/Developer/Platforms/MacOSX.platform/Developer/usr/bin:/Applications/Xcode.app/Contents/Developer/Platforms/MacOSX.platform/Developer/usr/local/bin:/Applications/Xcode.app/Contents/Developer/usr/bin:/Applications/Xcode.app/Contents/Developer/usr/local/bin:/usr/bin:/bin:/usr/sbin:/sbin
    /Applications/Xcode.app/Contents/Developer/Toolchains/XcodeDefault.xctoolchain/usr/bin/dsymutil /Users/buddhirajgautam/Library/Developer/Xcode/DerivedData/Telegram-Mac-fygdgghdgmuleoelvxabfmqiotta/Build/Products/Debug/fileop -o /Users/buddhirajgautam/Library/Developer/Xcode/DerivedData/Telegram-Mac-fygdgghdgmuleoelvxabfmqiotta/Build/Products/Debug/fileop.dSYM

CompileC /Users/buddhirajgautam/Library/Developer/Xcode/DerivedData/Telegram-Mac-fygdgghdgmuleoelvxabfmqiotta/Build/Intermediates.noindex/libphonenumber.build/Debug/libphonenumber-t.build/Objects-normal/arm64/NBMetadataCore.o /Users/buddhirajgautam/Documents/Cherrygram-Mac/macOS-Swift/submodules/telegram-ios/submodules/libphonenumber/Sources/NBMetadataCore.m normal arm64 objective-c com.apple.compilers.llvm.clang.1_0.compiler (in target 'libphonenumber' from project 'libphonenumber')
    cd /Users/buddhirajgautam/Documents/Cherrygram-Mac/macOS-Swift
    
    Using response file: /Users/buddhirajgautam/Library/Developer/Xcode/DerivedData/Telegram-Mac-fygdgghdgmuleoelvxabfmqiotta/Build/Intermediates.noindex/libphonenumber.build/Debug/libphonenumber-t.build/Objects-normal/arm64/e6072d4f65d7061329687fe24e3d63a7-common-args.resp
    
    /Applications/Xcode.app/Contents/Developer/Toolchains/XcodeDefault.xctoolchain/usr/bin/clang -x objective-c -ivfsstatcache /Users/buddhirajgautam/Library/Developer/Xcode/DerivedData/SDKStatCaches.noindex/macosx27.0-26A425-e829b21a6f8c9b70876ba0858053c0447231f6df4def33e022ae2eb8f782df1a.sdkstatcache -target arm64-apple-macos12.0 -fmessage-length\=0 -fdiagnostics-show-note-include-stack -fmacro-backtrace-limit\=0 -fno-color-diagnostics -fmodules-prune-interval\=86400 -fmodules-prune-after\=345600 -fbuild-session-file\=/Users/buddhirajgautam/Library/Developer/Xcode/DerivedData/ModuleCache.noindex/Session.modulevalidation -fmodules-validate-once-per-build-session -Wnon-modular-include-in-framework-module -Werror\=non-modular-include-in-framework-module -Wno-trigraphs -Wno-missing-field-initializers -Wno-missing-prototypes -Wno-return-type -Wno-implicit-atomic-properties -Wno-objc-interface-ivars -Wno-arc-repeated-use-of-weak -Wno-missing-braces -Wparentheses -Wswitch -Wno-unused-function -Wno-unused-label -Wno-unused-parameter -Wno-unused-variable -Wunused-value -Wno-empty-body -Wno-uninitialized -Wno-unknown-pragmas -Wno-shadow -Wno-four-char-constants -Wno-conversion -Wno-constant-conversion -Wno-int-conversion -Wno-bool-conversion -Wno-enum-conversion -Wno-float-conversion -Wno-non-literal-null-conversion -Wno-objc-literal-conversion -Wshorten-64-to-32 -Wpointer-sign -Wno-newline-eof -Wno-selector -Wno-strict-selector-match -Wno-undeclared-selector -Wno-deprecated-implementations -Wno-implicit-fallthrough -isysroot /Applications/Xcode.app/Contents/Developer/Platforms/MacOSX.platform/Developer/SDKs/MacOSX27.0.sdk -fstrict-aliasing -Wprotocol -Wdeprecated-declarations -Wno-sign-conversion -Wno-infinite-recursion -Wno-comma -Wno-block-capture-autoreleasing -Wno-strict-prototypes -Wno-semicolon-before-method-body -index-store-path /Users/buddhirajgautam/Library/Developer/Xcode/DerivedData/Telegram-Mac-fygdgghdgmuleoelvxabfmqiotta/Index.noindex/DataStore @/Users/buddhirajgautam/Library/Developer/Xcode/DerivedData/Telegram-Mac-fygdgghdgmuleoelvxabfmqiotta/Build/Intermediates.noindex/libphonenumber.build/Debug/libphonenumber-t.build/Objects-normal/arm64/e6072d4f65d7061329687fe24e3d63a7-common-args.resp -MMD -MT dependencies -MF /Users/buddhirajgautam/Library/Developer/Xcode/DerivedData/Telegram-Mac-fygdgghdgmuleoelvxabfmqiotta/Build/Intermediates.noindex/libphonenumber.build/Debug/libphonenumber-t.build/Objects-normal/arm64/NBMetadataCore.d --serialize-diagnostics /Users/buddhirajgautam/Library/Developer/Xcode/DerivedData/Telegram-Mac-fygdgghdgmuleoelvxabfmqiotta/Build/Intermediates.noindex/libphonenumber.build/Debug/libphonenumber-t.build/Objects-normal/arm64/NBMetadataCore.dia -c /Users/buddhirajgautam/Documents/Cherrygram-Mac/macOS-Swift/submodules/telegram-ios/submodules/libphonenumber/Sources/NBMetadataCore.m -o /Users/buddhirajgautam/Library/Developer/Xcode/DerivedData/Telegram-Mac-fygdgghdgmuleoelvxabfmqiotta/Build/Intermediates.noindex/libphonenumber.build/Debug/libphonenumber-t.build/Objects-normal/arm64/NBMetadataCore.o -index-unit-output-path /libphonenumber.build/Debug/libphonenumber-t.build/Objects-normal/arm64/NBMetadataCore.o

SwiftCompile normal arm64 Compiling\ ZipUtilities.swift /Users/buddhirajgautam/Documents/Cherrygram-Mac/macOS-Swift/submodules/Zip/Sources/ZipUtilities.swift (in target 'Zip' from project 'Zip')

SwiftCompile normal arm64 /Users/buddhirajgautam/Documents/Cherrygram-Mac/macOS-Swift/submodules/Zip/Sources/ZipUtilities.swift (in target 'Zip' from project 'Zip')
    cd /Users/buddhirajgautam/Documents/Cherrygram-Mac/macOS-Swift
    builtin-SwiftPerFileCompile ZipUtilities.swift

CompileC /Users/buddhirajgautam/Library/Developer/Xcode/DerivedData/Telegram-Mac-fygdgghdgmuleoelvxabfmqiotta/Build/Intermediates.noindex/libphonenumber.build/Debug/libphonenumber-t.build/Objects-normal/arm64/NBAsYouTypeFormatter.o /Users/buddhirajgautam/Documents/Cherrygram-Mac/macOS-Swift/submodules/telegram-ios/submodules/libphonenumber/Sources/NBAsYouTypeFormatter.m normal arm64 objective-c com.apple.compilers.llvm.clang.1_0.compiler (in target 'libphonenumber' from project 'libphonenumber')
    cd /Users/buddhirajgautam/Documents/Cherrygram-Mac/macOS-Swift
    
    Using response file: /Users/buddhirajgautam/Library/Developer/Xcode/DerivedData/Telegram-Mac-fygdgghdgmuleoelvxabfmqiotta/Build/Intermediates.noindex/libphonenumber.build/Debug/libphonenumber-t.build/Objects-normal/arm64/e6072d4f65d7061329687fe24e3d63a7-common-args.resp
    
    /Applications/Xcode.app/Contents/Developer/Toolchains/XcodeDefault.xctoolchain/usr/bin/clang -x objective-c -ivfsstatcache /Users/buddhirajgautam/Library/Developer/Xcode/DerivedData/SDKStatCaches.noindex/macosx27.0-26A425-e829b21a6f8c9b70876ba0858053c0447231f6df4def33e022ae2eb8f782df1a.sdkstatcache -target arm64-apple-macos12.0 -fmessage-length\=0 -fdiagnostics-show-note-include-stack -fmacro-backtrace-limit\=0 -fno-color-diagnostics -fmodules-prune-interval\=86400 -fmodules-prune-after\=345600 -fbuild-session-file\=/Users/buddhirajgautam/Library/Developer/Xcode/DerivedData/ModuleCache.noindex/Session.modulevalidation -fmodules-validate-once-per-build-session -Wnon-modular-include-in-framework-module -Werror\=non-modular-include-in-framework-module -Wno-trigraphs -Wno-missing-field-initializers -Wno-missing-prototypes -Wno-return-type -Wno-implicit-atomic-properties -Wno-objc-interface-ivars -Wno-arc-repeated-use-of-weak -Wno-missing-braces -Wparentheses -Wswitch -Wno-unused-function -Wno-unused-label -Wno-unused-parameter -Wno-unused-variable -Wunused-value -Wno-empty-body -Wno-uninitialized -Wno-unknown-pragmas -Wno-shadow -Wno-four-char-constants -Wno-conversion -Wno-constant-conversion -Wno-int-conversion -Wno-bool-conversion -Wno-enum-conversion -Wno-float-conversion -Wno-non-literal-null-conversion -Wno-objc-literal-conversion -Wshorten-64-to-32 -Wpointer-sign -Wno-newline-eof -Wno-selector -Wno-strict-selector-match -Wno-undeclared-selector -Wno-deprecated-implementations -Wno-implicit-fallthrough -isysroot /Applications/Xcode.app/Contents/Developer/Platforms/MacOSX.platform/Developer/SDKs/MacOSX27.0.sdk -fstrict-aliasing -Wprotocol -Wdeprecated-declarations -Wno-sign-conversion -Wno-infinite-recursion -Wno-comma -Wno-block-capture-autoreleasing -Wno-strict-prototypes -Wno-semicolon-before-method-body -index-store-path /Users/buddhirajgautam/Library/Developer/Xcode/DerivedData/Telegram-Mac-fygdgghdgmuleoelvxabfmqiotta/Index.noindex/DataStore @/Users/buddhirajgautam/Library/Developer/Xcode/DerivedData/Telegram-Mac-fygdgghdgmuleoelvxabfmqiotta/Build/Intermediates.noindex/libphonenumber.build/Debug/libphonenumber-t.build/Objects-normal/arm64/e6072d4f65d7061329687fe24e3d63a7-common-args.resp -MMD -MT dependencies -MF /Users/buddhirajgautam/Library/Developer/Xcode/DerivedData/Telegram-Mac-fygdgghdgmuleoelvxabfmqiotta/Build/Intermediates.noindex/libphonenumber.build/Debug/libphonenumber-t.build/Objects-normal/arm64/NBAsYouTypeFormatter.d --serialize-diagnostics /Users/buddhirajgautam/Library/Developer/Xcode/DerivedData/Telegram-Mac-fygdgghdgmuleoelvxabfmqiotta/Build/Intermediates.noindex/libphonenumber.build/Debug/libphonenumber-t.build/Objects-normal/arm64/NBAsYouTypeFormatter.dia -c /Users/buddhirajgautam/Documents/Cherrygram-Mac/macOS-Swift/submodules/telegram-ios/submodules/libphonenumber/Sources/NBAsYouTypeFormatter.m -o /Users/buddhirajgautam/Library/Developer/Xcode/DerivedData/Telegram-Mac-fygdgghdgmuleoelvxabfmqiotta/Build/Intermediates.noindex/libphonenumber.build/Debug/libphonenumber-t.build/Objects-normal/arm64/NBAsYouTypeFormatter.o -index-unit-output-path /libphonenumber.build/Debug/libphonenumber-t.build/Objects-normal/arm64/NBAsYouTypeFormatter.o

SwiftCompile normal arm64 Compiling\ Zip.swift /Users/buddhirajgautam/Documents/Cherrygram-Mac/macOS-Swift/submodules/Zip/Sources/Zip.swift (in target 'Zip' from project 'Zip')

SwiftCompile normal arm64 /Users/buddhirajgautam/Documents/Cherrygram-Mac/macOS-Swift/submodules/Zip/Sources/Zip.swift (in target 'Zip' from project 'Zip')
    cd /Users/buddhirajgautam/Documents/Cherrygram-Mac/macOS-Swift
    builtin-SwiftPerFileCompile Zip.swift

SwiftCompile normal arm64 Compiling\ QuickZip.swift /Users/buddhirajgautam/Documents/Cherrygram-Mac/macOS-Swift/submodules/Zip/Sources/QuickZip.swift (in target 'Zip' from project 'Zip')

SwiftCompile normal arm64 /Users/buddhirajgautam/Documents/Cherrygram-Mac/macOS-Swift/submodules/Zip/Sources/QuickZip.swift (in target 'Zip' from project 'Zip')
    cd /Users/buddhirajgautam/Documents/Cherrygram-Mac/macOS-Swift
    builtin-SwiftPerFileCompile QuickZip.swift

ScanDependencies /Users/buddhirajgautam/Library/Developer/Xcode/DerivedData/Telegram-Mac-fygdgghdgmuleoelvxabfmqiotta/Build/Intermediates.noindex/YuvConversion.build/Debug/YuvConversion-t.build/Objects-normal/arm64/YUV.o /Users/buddhirajgautam/Documents/Cherrygram-Mac/macOS-Swift/submodules/telegram-ios/submodules/YuvConversion/Sources/YUV.m normal arm64 objective-c com.apple.compilers.llvm.clang.1_0.compiler (in target 'YuvConversion' from project 'YuvConversion')
    cd /Users/buddhirajgautam/Documents/Cherrygram-Mac/macOS-Swift
    
    Using response file: /Users/buddhirajgautam/Library/Developer/Xcode/DerivedData/Telegram-Mac-fygdgghdgmuleoelvxabfmqiotta/Build/Intermediates.noindex/YuvConversion.build/Debug/YuvConversion-t.build/Objects-normal/arm64/e6072d4f65d7061329687fe24e3d63a7-common-args.resp
    
    builtin-ScanDependencies -o /Users/buddhirajgautam/Library/Developer/Xcode/DerivedData/Telegram-Mac-fygdgghdgmuleoelvxabfmqiotta/Build/Intermediates.noindex/YuvConversion.build/Debug/YuvConversion-t.build/Objects-normal/arm64/YUV.o.scan -- /Applications/Xcode.app/Contents/Developer/Toolchains/XcodeDefault.xctoolchain/usr/bin/clang -x objective-c -ivfsstatcache /Users/buddhirajgautam/Library/Developer/Xcode/DerivedData/SDKStatCaches.noindex/macosx27.0-26A425-e829b21a6f8c9b70876ba0858053c0447231f6df4def33e022ae2eb8f782df1a.sdkstatcache -target arm64-apple-macos12.0 -fmessage-length\=0 -fdiagnostics-show-note-include-stack -fmacro-backtrace-limit\=0 -fno-color-diagnostics -fmodules-prune-interval\=86400 -fmodules-prune-after\=345600 -fbuild-session-file\=/Users/buddhirajgautam/Library/Developer/Xcode/DerivedData/ModuleCache.noindex/Session.modulevalidation -fmodules-validate-once-per-build-session -Wnon-modular-include-in-framework-module -Werror\=non-modular-include-in-framework-module -Wno-trigraphs -Wno-missing-field-initializers -Wno-missing-prototypes -Wno-return-type -Wno-implicit-atomic-properties -Wno-objc-interface-ivars -Wno-arc-repeated-use-of-weak -Wno-missing-braces -Wparentheses -Wswitch -Wno-unused-function -Wno-unused-label -Wno-unused-parameter -Wno-unused-variable -Wunused-value -Wno-empty-body -Wno-uninitialized -Wno-unknown-pragmas -Wno-shadow -Wno-four-char-constants -Wno-conversion -Wno-constant-conversion -Wno-int-conversion -Wno-bool-conversion -Wno-enum-conversion -Wno-float-conversion -Wno-non-literal-null-conversion -Wno-objc-literal-conversion -Wshorten-64-to-32 -Wpointer-sign -Wno-newline-eof -Wno-selector -Wno-strict-selector-match -Wno-undeclared-selector -Wno-deprecated-implementations -Wno-implicit-fallthrough -isysroot /Applications/Xcode.app/Contents/Developer/Platforms/MacOSX.platform/Developer/SDKs/MacOSX27.0.sdk -fstrict-aliasing -Wprotocol -Wdeprecated-declarations -Wno-sign-conversion -Wno-infinite-recursion -Wno-comma -Wno-block-capture-autoreleasing -Wno-strict-prototypes -Wno-semicolon-before-method-body -index-store-path /Users/buddhirajgautam/Library/Developer/Xcode/DerivedData/Telegram-Mac-fygdgghdgmuleoelvxabfmqiotta/Index.noindex/DataStore @/Users/buddhirajgautam/Library/Developer/Xcode/DerivedData/Telegram-Mac-fygdgghdgmuleoelvxabfmqiotta/Build/Intermediates.noindex/YuvConversion.build/Debug/YuvConversion-t.build/Objects-normal/arm64/e6072d4f65d7061329687fe24e3d63a7-common-args.resp -MMD -MT dependencies -MF /Users/buddhirajgautam/Library/Developer/Xcode/DerivedData/Telegram-Mac-fygdgghdgmuleoelvxabfmqiotta/Build/Intermediates.noindex/YuvConversion.build/Debug/YuvConversion-t.build/Objects-normal/arm64/YUV.d --serialize-diagnostics /Users/buddhirajgautam/Library/Developer/Xcode/DerivedData/Telegram-Mac-fygdgghdgmuleoelvxabfmqiotta/Build/Intermediates.noindex/YuvConversion.build/Debug/YuvConversion-t.build/Objects-normal/arm64/YUV.dia -c /Users/buddhirajgautam/Documents/Cherrygram-Mac/macOS-Swift/submodules/telegram-ios/submodules/YuvConversion/Sources/YUV.m -o /Users/buddhirajgautam/Library/Developer/Xcode/DerivedData/Telegram-Mac-fygdgghdgmuleoelvxabfmqiotta/Build/Intermediates.noindex/YuvConversion.build/Debug/YuvConversion-t.build/Objects-normal/arm64/YUV.o -index-unit-output-path /YuvConversion.build/Debug/YuvConversion-t.build/Objects-normal/arm64/YUV.o

ScanDependencies /Users/buddhirajgautam/Library/Developer/Xcode/DerivedData/Telegram-Mac-fygdgghdgmuleoelvxabfmqiotta/Build/Intermediates.noindex/TgVoipWebrtc.build/Debug/TgVoipWebrtc-t.build/Objects-normal/arm64/TGRTCMetalContextHolder.o /Users/buddhirajgautam/Documents/Cherrygram-Mac/macOS-Swift/submodules/tgcalls/tgcalls/platform/darwin/macOS/TGRTCMetalContextHolder.m normal arm64 objective-c com.apple.compilers.llvm.clang.1_0.compiler (in target 'TgVoipWebrtc' from project 'TgVoipWebrtc')
    cd /Users/buddhirajgautam/Documents/Cherrygram-Mac/macOS-Swift
    
    Using response file: /Users/buddhirajgautam/Library/Developer/Xcode/DerivedData/Telegram-Mac-fygdgghdgmuleoelvxabfmqiotta/Build/Intermediates.noindex/TgVoipWebrtc.build/Debug/TgVoipWebrtc-t.build/Objects-normal/arm64/e6072d4f65d7061329687fe24e3d63a7-common-args.resp
    
    builtin-ScanDependencies -o /Users/buddhirajgautam/Library/Developer/Xcode/DerivedData/Telegram-Mac-fygdgghdgmuleoelvxabfmqiotta/Build/Intermediates.noindex/TgVoipWebrtc.build/Debug/TgVoipWebrtc-t.build/Objects-normal/arm64/TGRTCMetalContextHolder.o.scan -- /Applications/Xcode.app/Contents/Developer/Toolchains/XcodeDefault.xctoolchain/usr/bin/clang -x objective-c -ivfsstatcache /Users/buddhirajgautam/Library/Developer/Xcode/DerivedData/SDKStatCaches.noindex/macosx27.0-26A425-e829b21a6f8c9b70876ba0858053c0447231f6df4def33e022ae2eb8f782df1a.sdkstatcache -target arm64-apple-macos12.0 -fmessage-length\=0 -fdiagnostics-show-note-include-stack -fmacro-backtrace-limit\=0 -fno-color-diagnostics -fmodules-prune-interval\=86400 -fmodules-prune-after\=345600 -fbuild-session-file\=/Users/buddhirajgautam/Library/Developer/Xcode/DerivedData/ModuleCache.noindex/Session.modulevalidation -fmodules-validate-once-per-build-session -Wnon-modular-include-in-framework-module -Werror\=non-modular-include-in-framework-module -Wno-trigraphs -Wno-missing-field-initializers -Wno-missing-prototypes -Wno-return-type -Wno-implicit-atomic-properties -Wno-objc-interface-ivars -Wno-arc-repeated-use-of-weak -Wno-missing-braces -Wparentheses -Wswitch -Wno-unused-function -Wno-unused-label -Wno-unused-parameter -Wno-unused-variable -Wunused-value -Wno-empty-body -Wno-uninitialized -Wno-unknown-pragmas -Wno-shadow -Wno-four-char-constants -Wno-conversion -Wno-constant-conversion -Wno-int-conversion -Wno-bool-conversion -Wno-enum-conversion -Wno-float-conversion -Wno-non-literal-null-conversion -Wno-objc-literal-conversion -Wshorten-64-to-32 -Wpointer-sign -Wno-newline-eof -Wno-selector -Wno-strict-selector-match -Wno-undeclared-selector -Wno-deprecated-implementations -Wno-implicit-fallthrough -isysroot /Applications/Xcode.app/Contents/Developer/Platforms/MacOSX.platform/Developer/SDKs/MacOSX27.0.sdk -fstrict-aliasing -Wprotocol -Wdeprecated-declarations -Wno-sign-conversion -Wno-infinite-recursion -Wno-comma -Wno-block-capture-autoreleasing -Wno-strict-prototypes -Wno-semicolon-before-method-body -index-store-path /Users/buddhirajgautam/Library/Developer/Xcode/DerivedData/Telegram-Mac-fygdgghdgmuleoelvxabfmqiotta/Index.noindex/DataStore @/Users/buddhirajgautam/Library/Developer/Xcode/DerivedData/Telegram-Mac-fygdgghdgmuleoelvxabfmqiotta/Build/Intermediates.noindex/TgVoipWebrtc.build/Debug/TgVoipWebrtc-t.build/Objects-normal/arm64/e6072d4f65d7061329687fe24e3d63a7-common-args.resp -MMD -MT dependencies -MF /Users/buddhirajgautam/Library/Developer/Xcode/DerivedData/Telegram-Mac-fygdgghdgmuleoelvxabfmqiotta/Build/Intermediates.noindex/TgVoipWebrtc.build/Debug/TgVoipWebrtc-t.build/Objects-normal/arm64/TGRTCMetalContextHolder.d --serialize-diagnostics /Users/buddhirajgautam/Library/Developer/Xcode/DerivedData/Telegram-Mac-fygdgghdgmuleoelvxabfmqiotta/Build/Intermediates.noindex/TgVoipWebrtc.build/Debug/TgVoipWebrtc-t.build/Objects-normal/arm64/TGRTCMetalContextHolder.dia -c /Users/buddhirajgautam/Documents/Cherrygram-Mac/macOS-Swift/submodules/tgcalls/tgcalls/platform/darwin/macOS/TGRTCMetalContextHolder.m -o /Users/buddhirajgautam/Library/Developer/Xcode/DerivedData/Telegram-Mac-fygdgghdgmuleoelvxabfmqiotta/Build/Intermediates.noindex/TgVoipWebrtc.build/Debug/TgVoipWebrtc-t.build/Objects-normal/arm64/TGRTCMetalContextHolder.o -index-unit-output-path /TgVoipWebrtc.build/Debug/TgVoipWebrtc-t.build/Objects-normal/arm64/TGRTCMetalContextHolder.o

CompileC /Users/buddhirajgautam/Library/Developer/Xcode/DerivedData/Telegram-Mac-fygdgghdgmuleoelvxabfmqiotta/Build/Intermediates.noindex/YuvConversion.build/Debug/YuvConversion-t.build/Objects-normal/arm64/YUV.o /Users/buddhirajgautam/Documents/Cherrygram-Mac/macOS-Swift/submodules/telegram-ios/submodules/YuvConversion/Sources/YUV.m normal arm64 objective-c com.apple.compilers.llvm.clang.1_0.compiler (in target 'YuvConversion' from project 'YuvConversion')
    cd /Users/buddhirajgautam/Documents/Cherrygram-Mac/macOS-Swift
    
    Using response file: /Users/buddhirajgautam/Library/Developer/Xcode/DerivedData/Telegram-Mac-fygdgghdgmuleoelvxabfmqiotta/Build/Intermediates.noindex/YuvConversion.build/Debug/YuvConversion-t.build/Objects-normal/arm64/e6072d4f65d7061329687fe24e3d63a7-common-args.resp
    
    /Applications/Xcode.app/Contents/Developer/Toolchains/XcodeDefault.xctoolchain/usr/bin/clang -x objective-c -ivfsstatcache /Users/buddhirajgautam/Library/Developer/Xcode/DerivedData/SDKStatCaches.noindex/macosx27.0-26A425-e829b21a6f8c9b70876ba0858053c0447231f6df4def33e022ae2eb8f782df1a.sdkstatcache -target arm64-apple-macos12.0 -fmessage-length\=0 -fdiagnostics-show-note-include-stack -fmacro-backtrace-limit\=0 -fno-color-diagnostics -fmodules-prune-interval\=86400 -fmodules-prune-after\=345600 -fbuild-session-file\=/Users/buddhirajgautam/Library/Developer/Xcode/DerivedData/ModuleCache.noindex/Session.modulevalidation -fmodules-validate-once-per-build-session -Wnon-modular-include-in-framework-module -Werror\=non-modular-include-in-framework-module -Wno-trigraphs -Wno-missing-field-initializers -Wno-missing-prototypes -Wno-return-type -Wno-implicit-atomic-properties -Wno-objc-interface-ivars -Wno-arc-repeated-use-of-weak -Wno-missing-braces -Wparentheses -Wswitch -Wno-unused-function -Wno-unused-label -Wno-unused-parameter -Wno-unused-variable -Wunused-value -Wno-empty-body -Wno-uninitialized -Wno-unknown-pragmas -Wno-shadow -Wno-four-char-constants -Wno-conversion -Wno-constant-conversion -Wno-int-conversion -Wno-bool-conversion -Wno-enum-conversion -Wno-float-conversion -Wno-non-literal-null-conversion -Wno-objc-literal-conversion -Wshorten-64-to-32 -Wpointer-sign -Wno-newline-eof -Wno-selector -Wno-strict-selector-match -Wno-undeclared-selector -Wno-deprecated-implementations -Wno-implicit-fallthrough -isysroot /Applications/Xcode.app/Contents/Developer/Platforms/MacOSX.platform/Developer/SDKs/MacOSX27.0.sdk -fstrict-aliasing -Wprotocol -Wdeprecated-declarations -Wno-sign-conversion -Wno-infinite-recursion -Wno-comma -Wno-block-capture-autoreleasing -Wno-strict-prototypes -Wno-semicolon-before-method-body -index-store-path /Users/buddhirajgautam/Library/Developer/Xcode/DerivedData/Telegram-Mac-fygdgghdgmuleoelvxabfmqiotta/Index.noindex/DataStore @/Users/buddhirajgautam/Library/Developer/Xcode/DerivedData/Telegram-Mac-fygdgghdgmuleoelvxabfmqiotta/Build/Intermediates.noindex/YuvConversion.build/Debug/YuvConversion-t.build/Objects-normal/arm64/e6072d4f65d7061329687fe24e3d63a7-common-args.resp -MMD -MT dependencies -MF /Users/buddhirajgautam/Library/Developer/Xcode/DerivedData/Telegram-Mac-fygdgghdgmuleoelvxabfmqiotta/Build/Intermediates.noindex/YuvConversion.build/Debug/YuvConversion-t.build/Objects-normal/arm64/YUV.d --serialize-diagnostics /Users/buddhirajgautam/Library/Developer/Xcode/DerivedData/Telegram-Mac-fygdgghdgmuleoelvxabfmqiotta/Build/Intermediates.noindex/YuvConversion.build/Debug/YuvConversion-t.build/Objects-normal/arm64/YUV.dia -c /Users/buddhirajgautam/Documents/Cherrygram-Mac/macOS-Swift/submodules/telegram-ios/submodules/YuvConversion/Sources/YUV.m -o /Users/buddhirajgautam/Library/Developer/Xcode/DerivedData/Telegram-Mac-fygdgghdgmuleoelvxabfmqiotta/Build/Intermediates.noindex/YuvConversion.build/Debug/YuvConversion-t.build/Objects-normal/arm64/YUV.o -index-unit-output-path /YuvConversion.build/Debug/YuvConversion-t.build/Objects-normal/arm64/YUV.o

SwiftDriverJobDiscovery normal arm64 Compiling ZipUtilities.swift (in target 'Zip' from project 'Zip')

ScanDependencies /Users/buddhirajgautam/Library/Developer/Xcode/DerivedData/Telegram-Mac-fygdgghdgmuleoelvxabfmqiotta/Build/Intermediates.noindex/TgVoipWebrtc.build/Debug/TgVoipWebrtc-t.build/Objects-normal/arm64/TGCMIOCapturer.o /Users/buddhirajgautam/Documents/Cherrygram-Mac/macOS-Swift/submodules/tgcalls/tgcalls/platform/darwin/TGCMIOCapturer.m normal arm64 objective-c com.apple.compilers.llvm.clang.1_0.compiler (in target 'TgVoipWebrtc' from project 'TgVoipWebrtc')
    cd /Users/buddhirajgautam/Documents/Cherrygram-Mac/macOS-Swift
    
    Using response file: /Users/buddhirajgautam/Library/Developer/Xcode/DerivedData/Telegram-Mac-fygdgghdgmuleoelvxabfmqiotta/Build/Intermediates.noindex/TgVoipWebrtc.build/Debug/TgVoipWebrtc-t.build/Objects-normal/arm64/e6072d4f65d7061329687fe24e3d63a7-common-args.resp
    
    builtin-ScanDependencies -o /Users/buddhirajgautam/Library/Developer/Xcode/DerivedData/Telegram-Mac-fygdgghdgmuleoelvxabfmqiotta/Build/Intermediates.noindex/TgVoipWebrtc.build/Debug/TgVoipWebrtc-t.build/Objects-normal/arm64/TGCMIOCapturer.o.scan -- /Applications/Xcode.app/Contents/Developer/Toolchains/XcodeDefault.xctoolchain/usr/bin/clang -x objective-c -ivfsstatcache /Users/buddhirajgautam/Library/Developer/Xcode/DerivedData/SDKStatCaches.noindex/macosx27.0-26A425-e829b21a6f8c9b70876ba0858053c0447231f6df4def33e022ae2eb8f782df1a.sdkstatcache -target arm64-apple-macos12.0 -fmessage-length\=0 -fdiagnostics-show-note-include-stack -fmacro-backtrace-limit\=0 -fno-color-diagnostics -fmodules-prune-interval\=86400 -fmodules-prune-after\=345600 -fbuild-session-file\=/Users/buddhirajgautam/Library/Developer/Xcode/DerivedData/ModuleCache.noindex/Session.modulevalidation -fmodules-validate-once-per-build-session -Wnon-modular-include-in-framework-module -Werror\=non-modular-include-in-framework-module -Wno-trigraphs -Wno-missing-field-initializers -Wno-missing-prototypes -Wno-return-type -Wno-implicit-atomic-properties -Wno-objc-interface-ivars -Wno-arc-repeated-use-of-weak -Wno-missing-braces -Wparentheses -Wswitch -Wno-unused-function -Wno-unused-label -Wno-unused-parameter -Wno-unused-variable -Wunused-value -Wno-empty-body -Wno-uninitialized -Wno-unknown-pragmas -Wno-shadow -Wno-four-char-constants -Wno-conversion -Wno-constant-conversion -Wno-int-conversion -Wno-bool-conversion -Wno-enum-conversion -Wno-float-conversion -Wno-non-literal-null-conversion -Wno-objc-literal-conversion -Wshorten-64-to-32 -Wpointer-sign -Wno-newline-eof -Wno-selector -Wno-strict-selector-match -Wno-undeclared-selector -Wno-deprecated-implementations -Wno-implicit-fallthrough -isysroot /Applications/Xcode.app/Contents/Developer/Platforms/MacOSX.platform/Developer/SDKs/MacOSX27.0.sdk -fstrict-aliasing -Wprotocol -Wdeprecated-declarations -Wno-sign-conversion -Wno-infinite-recursion -Wno-comma -Wno-block-capture-autoreleasing -Wno-strict-prototypes -Wno-semicolon-before-method-body -index-store-path /Users/buddhirajgautam/Library/Developer/Xcode/DerivedData/Telegram-Mac-fygdgghdgmuleoelvxabfmqiotta/Index.noindex/DataStore @/Users/buddhirajgautam/Library/Developer/Xcode/DerivedData/Telegram-Mac-fygdgghdgmuleoelvxabfmqiotta/Build/Intermediates.noindex/TgVoipWebrtc.build/Debug/TgVoipWebrtc-t.build/Objects-normal/arm64/e6072d4f65d7061329687fe24e3d63a7-common-args.resp -MMD -MT dependencies -MF /Users/buddhirajgautam/Library/Developer/Xcode/DerivedData/Telegram-Mac-fygdgghdgmuleoelvxabfmqiotta/Build/Intermediates.noindex/TgVoipWebrtc.build/Debug/TgVoipWebrtc-t.build/Objects-normal/arm64/TGCMIOCapturer.d --serialize-diagnostics /Users/buddhirajgautam/Library/Developer/Xcode/DerivedData/Telegram-Mac-fygdgghdgmuleoelvxabfmqiotta/Build/Intermediates.noindex/TgVoipWebrtc.build/Debug/TgVoipWebrtc-t.build/Objects-normal/arm64/TGCMIOCapturer.dia -c /Users/buddhirajgautam/Documents/Cherrygram-Mac/macOS-Swift/submodules/tgcalls/tgcalls/platform/darwin/TGCMIOCapturer.m -o /Users/buddhirajgautam/Library/Developer/Xcode/DerivedData/Telegram-Mac-fygdgghdgmuleoelvxabfmqiotta/Build/Intermediates.noindex/TgVoipWebrtc.build/Debug/TgVoipWebrtc-t.build/Objects-normal/arm64/TGCMIOCapturer.o -index-unit-output-path /TgVoipWebrtc.build/Debug/TgVoipWebrtc-t.build/Objects-normal/arm64/TGCMIOCapturer.o

ScanDependencies /Users/buddhirajgautam/Library/Developer/Xcode/DerivedData/Telegram-Mac-fygdgghdgmuleoelvxabfmqiotta/Build/Intermediates.noindex/TgVoipWebrtc.build/Debug/TgVoipWebrtc-t.build/Objects-normal/arm64/SQueueLocalObject.o /Users/buddhirajgautam/Documents/Cherrygram-Mac/macOS-Swift/submodules/tgcalls/tgcalls/platform/darwin/SQueueLocalObject.m normal arm64 objective-c com.apple.compilers.llvm.clang.1_0.compiler (in target 'TgVoipWebrtc' from project 'TgVoipWebrtc')
    cd /Users/buddhirajgautam/Documents/Cherrygram-Mac/macOS-Swift
    
    Using response file: /Users/buddhirajgautam/Library/Developer/Xcode/DerivedData/Telegram-Mac-fygdgghdgmuleoelvxabfmqiotta/Build/Intermediates.noindex/TgVoipWebrtc.build/Debug/TgVoipWebrtc-t.build/Objects-normal/arm64/e6072d4f65d7061329687fe24e3d63a7-common-args.resp
    
    builtin-ScanDependencies -o /Users/buddhirajgautam/Library/Developer/Xcode/DerivedData/Telegram-Mac-fygdgghdgmuleoelvxabfmqiotta/Build/Intermediates.noindex/TgVoipWebrtc.build/Debug/TgVoipWebrtc-t.build/Objects-normal/arm64/SQueueLocalObject.o.scan -- /Applications/Xcode.app/Contents/Developer/Toolchains/XcodeDefault.xctoolchain/usr/bin/clang -x objective-c -ivfsstatcache /Users/buddhirajgautam/Library/Developer/Xcode/DerivedData/SDKStatCaches.noindex/macosx27.0-26A425-e829b21a6f8c9b70876ba0858053c0447231f6df4def33e022ae2eb8f782df1a.sdkstatcache -target arm64-apple-macos12.0 -fmessage-length\=0 -fdiagnostics-show-note-include-stack -fmacro-backtrace-limit\=0 -fno-color-diagnostics -fmodules-prune-interval\=86400 -fmodules-prune-after\=345600 -fbuild-session-file\=/Users/buddhirajgautam/Library/Developer/Xcode/DerivedData/ModuleCache.noindex/Session.modulevalidation -fmodules-validate-once-per-build-session -Wnon-modular-include-in-framework-module -Werror\=non-modular-include-in-framework-module -Wno-trigraphs -Wno-missing-field-initializers -Wno-missing-prototypes -Wno-return-type -Wno-implicit-atomic-properties -Wno-objc-interface-ivars -Wno-arc-repeated-use-of-weak -Wno-missing-braces -Wparentheses -Wswitch -Wno-unused-function -Wno-unused-label -Wno-unused-parameter -Wno-unused-variable -Wunused-value -Wno-empty-body -Wno-uninitialized -Wno-unknown-pragmas -Wno-shadow -Wno-four-char-constants -Wno-conversion -Wno-constant-conversion -Wno-int-conversion -Wno-bool-conversion -Wno-enum-conversion -Wno-float-conversion -Wno-non-literal-null-conversion -Wno-objc-literal-conversion -Wshorten-64-to-32 -Wpointer-sign -Wno-newline-eof -Wno-selector -Wno-strict-selector-match -Wno-undeclared-selector -Wno-deprecated-implementations -Wno-implicit-fallthrough -isysroot /Applications/Xcode.app/Contents/Developer/Platforms/MacOSX.platform/Developer/SDKs/MacOSX27.0.sdk -fstrict-aliasing -Wprotocol -Wdeprecated-declarations -Wno-sign-conversion -Wno-infinite-recursion -Wno-comma -Wno-block-capture-autoreleasing -Wno-strict-prototypes -Wno-semicolon-before-method-body -index-store-path /Users/buddhirajgautam/Library/Developer/Xcode/DerivedData/Telegram-Mac-fygdgghdgmuleoelvxabfmqiotta/Index.noindex/DataStore @/Users/buddhirajgautam/Library/Developer/Xcode/DerivedData/Telegram-Mac-fygdgghdgmuleoelvxabfmqiotta/Build/Intermediates.noindex/TgVoipWebrtc.build/Debug/TgVoipWebrtc-t.build/Objects-normal/arm64/e6072d4f65d7061329687fe24e3d63a7-common-args.resp -MMD -MT dependencies -MF /Users/buddhirajgautam/Library/Developer/Xcode/DerivedData/Telegram-Mac-fygdgghdgmuleoelvxabfmqiotta/Build/Intermediates.noindex/TgVoipWebrtc.build/Debug/TgVoipWebrtc-t.build/Objects-normal/arm64/SQueueLocalObject.d --serialize-diagnostics /Users/buddhirajgautam/Library/Developer/Xcode/DerivedData/Telegram-Mac-fygdgghdgmuleoelvxabfmqiotta/Build/Intermediates.noindex/TgVoipWebrtc.build/Debug/TgVoipWebrtc-t.build/Objects-normal/arm64/SQueueLocalObject.dia -c /Users/buddhirajgautam/Documents/Cherrygram-Mac/macOS-Swift/submodules/tgcalls/tgcalls/platform/darwin/SQueueLocalObject.m -o /Users/buddhirajgautam/Library/Developer/Xcode/DerivedData/Telegram-Mac-fygdgghdgmuleoelvxabfmqiotta/Build/Intermediates.noindex/TgVoipWebrtc.build/Debug/TgVoipWebrtc-t.build/Objects-normal/arm64/SQueueLocalObject.o -index-unit-output-path /TgVoipWebrtc.build/Debug/TgVoipWebrtc-t.build/Objects-normal/arm64/SQueueLocalObject.o

Ld /Users/buddhirajgautam/Library/Developer/Xcode/DerivedData/Telegram-Mac-fygdgghdgmuleoelvxabfmqiotta/Build/Products/Debug/YuvConversion.o normal (in target 'YuvConversion' from project 'YuvConversion')
    cd /Users/buddhirajgautam/Documents/Cherrygram-Mac/macOS-Swift/submodules/telegram-ios/submodules/YuvConversion
    /Applications/Xcode.app/Contents/Developer/Toolchains/XcodeDefault.xctoolchain/usr/bin/clang -Xlinker -reproducible -target arm64-apple-macos12.0 -r -isysroot /Applications/Xcode.app/Contents/Developer/Platforms/MacOSX.platform/Developer/SDKs/MacOSX27.0.sdk -O0 -Xlinker -no_warn_duplicate_libraries -F/Users/buddhirajgautam/Library/Developer/Xcode/DerivedData/Telegram-Mac-fygdgghdgmuleoelvxabfmqiotta/Build/Intermediates.noindex/EagerLinkingTBDs/Debug -F/Users/buddhirajgautam/Library/Developer/Xcode/DerivedData/Telegram-Mac-fygdgghdgmuleoelvxabfmqiotta/Build/Products/Debug -iframework /Applications/Xcode.app/Contents/Developer/Platforms/MacOSX.platform/Developer/Library/Frameworks -filelist /Users/buddhirajgautam/Library/Developer/Xcode/DerivedData/Telegram-Mac-fygdgghdgmuleoelvxabfmqiotta/Build/Intermediates.noindex/YuvConversion.build/Debug/YuvConversion-t.build/Objects-normal/arm64/YuvConversion.LinkFileList -nostdlib -Xlinker -object_path_lto -Xlinker /Users/buddhirajgautam/Library/Developer/Xcode/DerivedData/Telegram-Mac-fygdgghdgmuleoelvxabfmqiotta/Build/Intermediates.noindex/YuvConversion.build/Debug/YuvConversion-t.build/Objects-normal/arm64/YuvConversion_lto.o -Xlinker -no_deduplicate -Xlinker -debug_variant -Xlinker -dependency_info -Xlinker /Users/buddhirajgautam/Library/Developer/Xcode/DerivedData/Telegram-Mac-fygdgghdgmuleoelvxabfmqiotta/Build/Intermediates.noindex/YuvConversion.build/Debug/YuvConversion-t.build/Objects-normal/arm64/YuvConversion_dependency_info.dat -fobjc-arc -fobjc-link-runtime -o /Users/buddhirajgautam/Library/Developer/Xcode/DerivedData/Telegram-Mac-fygdgghdgmuleoelvxabfmqiotta/Build/Products/Debug/YuvConversion.o

CompileC /Users/buddhirajgautam/Library/Developer/Xcode/DerivedData/Telegram-Mac-fygdgghdgmuleoelvxabfmqiotta/Build/Intermediates.noindex/TgVoipWebrtc.build/Debug/TgVoipWebrtc-t.build/Objects-normal/arm64/SQueueLocalObject.o /Users/buddhirajgautam/Documents/Cherrygram-Mac/macOS-Swift/submodules/tgcalls/tgcalls/platform/darwin/SQueueLocalObject.m normal arm64 objective-c com.apple.compilers.llvm.clang.1_0.compiler (in target 'TgVoipWebrtc' from project 'TgVoipWebrtc')
    cd /Users/buddhirajgautam/Documents/Cherrygram-Mac/macOS-Swift
    
    Using response file: /Users/buddhirajgautam/Library/Developer/Xcode/DerivedData/Telegram-Mac-fygdgghdgmuleoelvxabfmqiotta/Build/Intermediates.noindex/TgVoipWebrtc.build/Debug/TgVoipWebrtc-t.build/Objects-normal/arm64/e6072d4f65d7061329687fe24e3d63a7-common-args.resp
    
    /Applications/Xcode.app/Contents/Developer/Toolchains/XcodeDefault.xctoolchain/usr/bin/clang -x objective-c -ivfsstatcache /Users/buddhirajgautam/Library/Developer/Xcode/DerivedData/SDKStatCaches.noindex/macosx27.0-26A425-e829b21a6f8c9b70876ba0858053c0447231f6df4def33e022ae2eb8f782df1a.sdkstatcache -target arm64-apple-macos12.0 -fmessage-length\=0 -fdiagnostics-show-note-include-stack -fmacro-backtrace-limit\=0 -fno-color-diagnostics -fmodules-prune-interval\=86400 -fmodules-prune-after\=345600 -fbuild-session-file\=/Users/buddhirajgautam/Library/Developer/Xcode/DerivedData/ModuleCache.noindex/Session.modulevalidation -fmodules-validate-once-per-build-session -Wnon-modular-include-in-framework-module -Werror\=non-modular-include-in-framework-module -Wno-trigraphs -Wno-missing-field-initializers -Wno-missing-prototypes -Wno-return-type -Wno-implicit-atomic-properties -Wno-objc-interface-ivars -Wno-arc-repeated-use-of-weak -Wno-missing-braces -Wparentheses -Wswitch -Wno-unused-function -Wno-unused-label -Wno-unused-parameter -Wno-unused-variable -Wunused-value -Wno-empty-body -Wno-uninitialized -Wno-unknown-pragmas -Wno-shadow -Wno-four-char-constants -Wno-conversion -Wno-constant-conversion -Wno-int-conversion -Wno-bool-conversion -Wno-enum-conversion -Wno-float-conversion -Wno-non-literal-null-conversion -Wno-objc-literal-conversion -Wshorten-64-to-32 -Wpointer-sign -Wno-newline-eof -Wno-selector -Wno-strict-selector-match -Wno-undeclared-selector -Wno-deprecated-implementations -Wno-implicit-fallthrough -isysroot /Applications/Xcode.app/Contents/Developer/Platforms/MacOSX.platform/Developer/SDKs/MacOSX27.0.sdk -fstrict-aliasing -Wprotocol -Wdeprecated-declarations -Wno-sign-conversion -Wno-infinite-recursion -Wno-comma -Wno-block-capture-autoreleasing -Wno-strict-prototypes -Wno-semicolon-before-method-body -index-store-path /Users/buddhirajgautam/Library/Developer/Xcode/DerivedData/Telegram-Mac-fygdgghdgmuleoelvxabfmqiotta/Index.noindex/DataStore @/Users/buddhirajgautam/Library/Developer/Xcode/DerivedData/Telegram-Mac-fygdgghdgmuleoelvxabfmqiotta/Build/Intermediates.noindex/TgVoipWebrtc.build/Debug/TgVoipWebrtc-t.build/Objects-normal/arm64/e6072d4f65d7061329687fe24e3d63a7-common-args.resp -MMD -MT dependencies -MF /Users/buddhirajgautam/Library/Developer/Xcode/DerivedData/Telegram-Mac-fygdgghdgmuleoelvxabfmqiotta/Build/Intermediates.noindex/TgVoipWebrtc.build/Debug/TgVoipWebrtc-t.build/Objects-normal/arm64/SQueueLocalObject.d --serialize-diagnostics /Users/buddhirajgautam/Library/Developer/Xcode/DerivedData/Telegram-Mac-fygdgghdgmuleoelvxabfmqiotta/Build/Intermediates.noindex/TgVoipWebrtc.build/Debug/TgVoipWebrtc-t.build/Objects-normal/arm64/SQueueLocalObject.dia -c /Users/buddhirajgautam/Documents/Cherrygram-Mac/macOS-Swift/submodules/tgcalls/tgcalls/platform/darwin/SQueueLocalObject.m -o /Users/buddhirajgautam/Library/Developer/Xcode/DerivedData/Telegram-Mac-fygdgghdgmuleoelvxabfmqiotta/Build/Intermediates.noindex/TgVoipWebrtc.build/Debug/TgVoipWebrtc-t.build/Objects-normal/arm64/SQueueLocalObject.o -index-unit-output-path /TgVoipWebrtc.build/Debug/TgVoipWebrtc-t.build/Objects-normal/arm64/SQueueLocalObject.o

CompileC /Users/buddhirajgautam/Library/Developer/Xcode/DerivedData/Telegram-Mac-fygdgghdgmuleoelvxabfmqiotta/Build/Intermediates.noindex/TgVoipWebrtc.build/Debug/TgVoipWebrtc-t.build/Objects-normal/arm64/TGRTCMetalContextHolder.o /Users/buddhirajgautam/Documents/Cherrygram-Mac/macOS-Swift/submodules/tgcalls/tgcalls/platform/darwin/macOS/TGRTCMetalContextHolder.m normal arm64 objective-c com.apple.compilers.llvm.clang.1_0.compiler (in target 'TgVoipWebrtc' from project 'TgVoipWebrtc')
    cd /Users/buddhirajgautam/Documents/Cherrygram-Mac/macOS-Swift
    
    Using response file: /Users/buddhirajgautam/Library/Developer/Xcode/DerivedData/Telegram-Mac-fygdgghdgmuleoelvxabfmqiotta/Build/Intermediates.noindex/TgVoipWebrtc.build/Debug/TgVoipWebrtc-t.build/Objects-normal/arm64/e6072d4f65d7061329687fe24e3d63a7-common-args.resp
    
    /Applications/Xcode.app/Contents/Developer/Toolchains/XcodeDefault.xctoolchain/usr/bin/clang -x objective-c -ivfsstatcache /Users/buddhirajgautam/Library/Developer/Xcode/DerivedData/SDKStatCaches.noindex/macosx27.0-26A425-e829b21a6f8c9b70876ba0858053c0447231f6df4def33e022ae2eb8f782df1a.sdkstatcache -target arm64-apple-macos12.0 -fmessage-length\=0 -fdiagnostics-show-note-include-stack -fmacro-backtrace-limit\=0 -fno-color-diagnostics -fmodules-prune-interval\=86400 -fmodules-prune-after\=345600 -fbuild-session-file\=/Users/buddhirajgautam/Library/Developer/Xcode/DerivedData/ModuleCache.noindex/Session.modulevalidation -fmodules-validate-once-per-build-session -Wnon-modular-include-in-framework-module -Werror\=non-modular-include-in-framework-module -Wno-trigraphs -Wno-missing-field-initializers -Wno-missing-prototypes -Wno-return-type -Wno-implicit-atomic-properties -Wno-objc-interface-ivars -Wno-arc-repeated-use-of-weak -Wno-missing-braces -Wparentheses -Wswitch -Wno-unused-function -Wno-unused-label -Wno-unused-parameter -Wno-unused-variable -Wunused-value -Wno-empty-body -Wno-uninitialized -Wno-unknown-pragmas -Wno-shadow -Wno-four-char-constants -Wno-conversion -Wno-constant-conversion -Wno-int-conversion -Wno-bool-conversion -Wno-enum-conversion -Wno-float-conversion -Wno-non-literal-null-conversion -Wno-objc-literal-conversion -Wshorten-64-to-32 -Wpointer-sign -Wno-newline-eof -Wno-selector -Wno-strict-selector-match -Wno-undeclared-selector -Wno-deprecated-implementations -Wno-implicit-fallthrough -isysroot /Applications/Xcode.app/Contents/Developer/Platforms/MacOSX.platform/Developer/SDKs/MacOSX27.0.sdk -fstrict-aliasing -Wprotocol -Wdeprecated-declarations -Wno-sign-conversion -Wno-infinite-recursion -Wno-comma -Wno-block-capture-autoreleasing -Wno-strict-prototypes -Wno-semicolon-before-method-body -index-store-path /Users/buddhirajgautam/Library/Developer/Xcode/DerivedData/Telegram-Mac-fygdgghdgmuleoelvxabfmqiotta/Index.noindex/DataStore @/Users/buddhirajgautam/Library/Developer/Xcode/DerivedData/Telegram-Mac-fygdgghdgmuleoelvxabfmqiotta/Build/Intermediates.noindex/TgVoipWebrtc.build/Debug/TgVoipWebrtc-t.build/Objects-normal/arm64/e6072d4f65d7061329687fe24e3d63a7-common-args.resp -MMD -MT dependencies -MF /Users/buddhirajgautam/Library/Developer/Xcode/DerivedData/Telegram-Mac-fygdgghdgmuleoelvxabfmqiotta/Build/Intermediates.noindex/TgVoipWebrtc.build/Debug/TgVoipWebrtc-t.build/Objects-normal/arm64/TGRTCMetalContextHolder.d --serialize-diagnostics /Users/buddhirajgautam/Library/Developer/Xcode/DerivedData/Telegram-Mac-fygdgghdgmuleoelvxabfmqiotta/Build/Intermediates.noindex/TgVoipWebrtc.build/Debug/TgVoipWebrtc-t.build/Objects-normal/arm64/TGRTCMetalContextHolder.dia -c /Users/buddhirajgautam/Documents/Cherrygram-Mac/macOS-Swift/submodules/tgcalls/tgcalls/platform/darwin/macOS/TGRTCMetalContextHolder.m -o /Users/buddhirajgautam/Library/Developer/Xcode/DerivedData/Telegram-Mac-fygdgghdgmuleoelvxabfmqiotta/Build/Intermediates.noindex/TgVoipWebrtc.build/Debug/TgVoipWebrtc-t.build/Objects-normal/arm64/TGRTCMetalContextHolder.o -index-unit-output-path /TgVoipWebrtc.build/Debug/TgVoipWebrtc-t.build/Objects-normal/arm64/TGRTCMetalContextHolder.o

ScanDependencies /Users/buddhirajgautam/Library/Developer/Xcode/DerivedData/Telegram-Mac-fygdgghdgmuleoelvxabfmqiotta/Build/Intermediates.noindex/TgVoipWebrtc.build/Debug/TgVoipWebrtc-t.build/Objects-normal/arm64/SQueue.o /Users/buddhirajgautam/Documents/Cherrygram-Mac/macOS-Swift/submodules/tgcalls/tgcalls/platform/darwin/SQueue.m normal arm64 objective-c com.apple.compilers.llvm.clang.1_0.compiler (in target 'TgVoipWebrtc' from project 'TgVoipWebrtc')
    cd /Users/buddhirajgautam/Documents/Cherrygram-Mac/macOS-Swift
    
    Using response file: /Users/buddhirajgautam/Library/Developer/Xcode/DerivedData/Telegram-Mac-fygdgghdgmuleoelvxabfmqiotta/Build/Intermediates.noindex/TgVoipWebrtc.build/Debug/TgVoipWebrtc-t.build/Objects-normal/arm64/e6072d4f65d7061329687fe24e3d63a7-common-args.resp
    
    builtin-ScanDependencies -o /Users/buddhirajgautam/Library/Developer/Xcode/DerivedData/Telegram-Mac-fygdgghdgmuleoelvxabfmqiotta/Build/Intermediates.noindex/TgVoipWebrtc.build/Debug/TgVoipWebrtc-t.build/Objects-normal/arm64/SQueue.o.scan -- /Applications/Xcode.app/Contents/Developer/Toolchains/XcodeDefault.xctoolchain/usr/bin/clang -x objective-c -ivfsstatcache /Users/buddhirajgautam/Library/Developer/Xcode/DerivedData/SDKStatCaches.noindex/macosx27.0-26A425-e829b21a6f8c9b70876ba0858053c0447231f6df4def33e022ae2eb8f782df1a.sdkstatcache -target arm64-apple-macos12.0 -fmessage-length\=0 -fdiagnostics-show-note-include-stack -fmacro-backtrace-limit\=0 -fno-color-diagnostics -fmodules-prune-interval\=86400 -fmodules-prune-after\=345600 -fbuild-session-file\=/Users/buddhirajgautam/Library/Developer/Xcode/DerivedData/ModuleCache.noindex/Session.modulevalidation -fmodules-validate-once-per-build-session -Wnon-modular-include-in-framework-module -Werror\=non-modular-include-in-framework-module -Wno-trigraphs -Wno-missing-field-initializers -Wno-missing-prototypes -Wno-return-type -Wno-implicit-atomic-properties -Wno-objc-interface-ivars -Wno-arc-repeated-use-of-weak -Wno-missing-braces -Wparentheses -Wswitch -Wno-unused-function -Wno-unused-label -Wno-unused-parameter -Wno-unused-variable -Wunused-value -Wno-empty-body -Wno-uninitialized -Wno-unknown-pragmas -Wno-shadow -Wno-four-char-constants -Wno-conversion -Wno-constant-conversion -Wno-int-conversion -Wno-bool-conversion -Wno-enum-conversion -Wno-float-conversion -Wno-non-literal-null-conversion -Wno-objc-literal-conversion -Wshorten-64-to-32 -Wpointer-sign -Wno-newline-eof -Wno-selector -Wno-strict-selector-match -Wno-undeclared-selector -Wno-deprecated-implementations -Wno-implicit-fallthrough -isysroot /Applications/Xcode.app/Contents/Developer/Platforms/MacOSX.platform/Developer/SDKs/MacOSX27.0.sdk -fstrict-aliasing -Wprotocol -Wdeprecated-declarations -Wno-sign-conversion -Wno-infinite-recursion -Wno-comma -Wno-block-capture-autoreleasing -Wno-strict-prototypes -Wno-semicolon-before-method-body -index-store-path /Users/buddhirajgautam/Library/Developer/Xcode/DerivedData/Telegram-Mac-fygdgghdgmuleoelvxabfmqiotta/Index.noindex/DataStore @/Users/buddhirajgautam/Library/Developer/Xcode/DerivedData/Telegram-Mac-fygdgghdgmuleoelvxabfmqiotta/Build/Intermediates.noindex/TgVoipWebrtc.build/Debug/TgVoipWebrtc-t.build/Objects-normal/arm64/e6072d4f65d7061329687fe24e3d63a7-common-args.resp -MMD -MT dependencies -MF /Users/buddhirajgautam/Library/Developer/Xcode/DerivedData/Telegram-Mac-fygdgghdgmuleoelvxabfmqiotta/Build/Intermediates.noindex/TgVoipWebrtc.build/Debug/TgVoipWebrtc-t.build/Objects-normal/arm64/SQueue.d --serialize-diagnostics /Users/buddhirajgautam/Library/Developer/Xcode/DerivedData/Telegram-Mac-fygdgghdgmuleoelvxabfmqiotta/Build/Intermediates.noindex/TgVoipWebrtc.build/Debug/TgVoipWebrtc-t.build/Objects-normal/arm64/SQueue.dia -c /Users/buddhirajgautam/Documents/Cherrygram-Mac/macOS-Swift/submodules/tgcalls/tgcalls/platform/darwin/SQueue.m -o /Users/buddhirajgautam/Library/Developer/Xcode/DerivedData/Telegram-Mac-fygdgghdgmuleoelvxabfmqiotta/Build/Intermediates.noindex/TgVoipWebrtc.build/Debug/TgVoipWebrtc-t.build/Objects-normal/arm64/SQueue.o -index-unit-output-path /TgVoipWebrtc.build/Debug/TgVoipWebrtc-t.build/Objects-normal/arm64/SQueue.o

SwiftDriverJobDiscovery normal arm64 Compiling QuickZip.swift (in target 'Zip' from project 'Zip')

SwiftDriver\ Compilation TelegramSystem normal arm64 com.apple.xcode.tools.swift.compiler (in target 'TelegramSystem' from project 'TelegramSystem')
    cd /Users/buddhirajgautam/Documents/Cherrygram-Mac/macOS-Swift
    builtin-Swift-Compilation -- /Applications/Xcode.app/Contents/Developer/Toolchains/XcodeDefault.xctoolchain/usr/bin/swiftc -parse-as-library -module-name TelegramSystem -Onone @/Users/buddhirajgautam/Library/Developer/Xcode/DerivedData/Telegram-Mac-fygdgghdgmuleoelvxabfmqiotta/Build/Intermediates.noindex/TelegramSystem.build/Debug/TelegramSystem-t.build/Objects-normal/arm64/TelegramSystem.SwiftFileList -DSWIFT_PACKAGE -DDEBUG -DSWIFT_MODULE_RESOURCE_BUNDLE_UNAVAILABLE -DXcode -plugin-path /Applications/Xcode.app/Contents/Developer/Toolchains/XcodeDefault.xctoolchain/usr/lib/swift/host/plugins/testing -enable-experimental-feature DebugDescriptionMacro -sdk /Applications/Xcode.app/Contents/Developer/Platforms/MacOSX.platform/Developer/SDKs/MacOSX27.0.sdk -target arm64-apple-macos12.0 -g -module-cache-path /Users/buddhirajgautam/Library/Developer/Xcode/DerivedData/ModuleCache.noindex -Xfrontend -serialize-debugging-options -profile-coverage-mapping -profile-generate -enable-testing -index-store-path /Users/buddhirajgautam/Library/Developer/Xcode/DerivedData/Telegram-Mac-fygdgghdgmuleoelvxabfmqiotta/Index.noindex/DataStore -Xcc -D_LIBCPP_HARDENING_MODE\=_LIBCPP_HARDENING_MODE_DEBUG -swift-version 5 -I /Users/buddhirajgautam/Library/Developer/Xcode/DerivedData/Telegram-Mac-fygdgghdgmuleoelvxabfmqiotta/Build/Products/Debug -Isystem /Applications/Xcode.app/Contents/Developer/Platforms/MacOSX.platform/Developer/usr/lib -F /Users/buddhirajgautam/Library/Developer/Xcode/DerivedData/Telegram-Mac-fygdgghdgmuleoelvxabfmqiotta/Build/Products/Debug -F /Applications/Xcode.app/Contents/Developer/Platforms/MacOSX.platform/Developer/Library/Frameworks -c -j8 -enable-batch-mode -incremental -Xcc -ivfsstatcache -Xcc /Users/buddhirajgautam/Library/Developer/Xcode/DerivedData/SDKStatCaches.noindex/macosx27.0-26A425-e829b21a6f8c9b70876ba0858053c0447231f6df4def33e022ae2eb8f782df1a.sdkstatcache -output-file-map /Users/buddhirajgautam/Library/Developer/Xcode/DerivedData/Telegram-Mac-fygdgghdgmuleoelvxabfmqiotta/Build/Intermediates.noindex/TelegramSystem.build/Debug/TelegramSystem-t.build/Objects-normal/arm64/TelegramSystem-OutputFileMap.json -save-temps -no-color-diagnostics -explicit-module-build -module-cache-path /Users/buddhirajgautam/Library/Developer/Xcode/DerivedData/Telegram-Mac-fygdgghdgmuleoelvxabfmqiotta/Build/Intermediates.noindex/SwiftExplicitPrecompiledModules -clang-scanner-module-cache-path /Users/buddhirajgautam/Library/Developer/Xcode/DerivedData/ModuleCache.noindex -sdk-module-cache-path /Users/buddhirajgautam/Library/Developer/Xcode/DerivedData/SDKExplicitPrecompiledModules -emit-dependencies -emit-module -emit-module-path /Users/buddhirajgautam/Library/Developer/Xcode/DerivedData/Telegram-Mac-fygdgghdgmuleoelvxabfmqiotta/Build/Intermediates.noindex/TelegramSystem.build/Debug/TelegramSystem-t.build/Objects-normal/arm64/TelegramSystem.swiftmodule -serialize-diagnostics -dependency-scan-serialize-diagnostics-path /Users/buddhirajgautam/Library/Developer/Xcode/DerivedData/Telegram-Mac-fygdgghdgmuleoelvxabfmqiotta/Build/Intermediates.noindex/TelegramSystem.build/Debug/TelegramSystem-t.build/Objects-normal/arm64/TelegramSystem-dependency-scan.dia -validate-clang-modules-once -clang-build-session-file /Users/buddhirajgautam/Library/Developer/Xcode/DerivedData/ModuleCache.noindex/Session.modulevalidation -Xcc -fmodules-prune-interval\=86400 -Xcc -fmodules-prune-after\=345600 -emit-const-values -const-gather-protocols-list /Users/buddhirajgautam/Library/Developer/Xcode/DerivedData/Telegram-Mac-fygdgghdgmuleoelvxabfmqiotta/Build/Intermediates.noindex/TelegramSystem.build/Debug/TelegramSystem-t.build/Objects-normal/arm64/TelegramSystem_const_extract_protocols.json -Xcc -I/Users/buddhirajgautam/Library/Developer/Xcode/DerivedData/Telegram-Mac-fygdgghdgmuleoelvxabfmqiotta/Build/Products/Debug/include -Xcc -I/Users/buddhirajgautam/Library/Developer/Xcode/DerivedData/Telegram-Mac-fygdgghdgmuleoelvxabfmqiotta/Build/Intermediates.noindex/TelegramSystem.build/Debug/TelegramSystem-t.build/DerivedSources-normal/arm64 -Xcc -I/Users/buddhirajgautam/Library/Developer/Xcode/DerivedData/Telegram-Mac-fygdgghdgmuleoelvxabfmqiotta/Build/Intermediates.noindex/TelegramSystem.build/Debug/TelegramSystem-t.build/DerivedSources/arm64 -Xcc -I/Users/buddhirajgautam/Library/Developer/Xcode/DerivedData/Telegram-Mac-fygdgghdgmuleoelvxabfmqiotta/Build/Intermediates.noindex/TelegramSystem.build/Debug/TelegramSystem-t.build/DerivedSources -Xcc -DSWIFT_PACKAGE -Xcc -DDEBUG\=1 -emit-objc-header -emit-objc-header-path /Users/buddhirajgautam/Library/Developer/Xcode/DerivedData/Telegram-Mac-fygdgghdgmuleoelvxabfmqiotta/Build/Intermediates.noindex/TelegramSystem.build/Debug/TelegramSystem-t.build/Objects-normal/arm64/TelegramSystem-Swift.h -working-directory /Users/buddhirajgautam/Documents/Cherrygram-Mac/macOS-Swift -experimental-emit-module-separately -disable-cmo

CompileC /Users/buddhirajgautam/Library/Developer/Xcode/DerivedData/Telegram-Mac-fygdgghdgmuleoelvxabfmqiotta/Build/Intermediates.noindex/TgVoipWebrtc.build/Debug/TgVoipWebrtc-t.build/Objects-normal/arm64/TGCMIOCapturer.o /Users/buddhirajgautam/Documents/Cherrygram-Mac/macOS-Swift/submodules/tgcalls/tgcalls/platform/darwin/TGCMIOCapturer.m normal arm64 objective-c com.apple.compilers.llvm.clang.1_0.compiler (in target 'TgVoipWebrtc' from project 'TgVoipWebrtc')
    cd /Users/buddhirajgautam/Documents/Cherrygram-Mac/macOS-Swift
    
    Using response file: /Users/buddhirajgautam/Library/Developer/Xcode/DerivedData/Telegram-Mac-fygdgghdgmuleoelvxabfmqiotta/Build/Intermediates.noindex/TgVoipWebrtc.build/Debug/TgVoipWebrtc-t.build/Objects-normal/arm64/e6072d4f65d7061329687fe24e3d63a7-common-args.resp
    
    /Applications/Xcode.app/Contents/Developer/Toolchains/XcodeDefault.xctoolchain/usr/bin/clang -x objective-c -ivfsstatcache /Users/buddhirajgautam/Library/Developer/Xcode/DerivedData/SDKStatCaches.noindex/macosx27.0-26A425-e829b21a6f8c9b70876ba0858053c0447231f6df4def33e022ae2eb8f782df1a.sdkstatcache -target arm64-apple-macos12.0 -fmessage-length\=0 -fdiagnostics-show-note-include-stack -fmacro-backtrace-limit\=0 -fno-color-diagnostics -fmodules-prune-interval\=86400 -fmodules-prune-after\=345600 -fbuild-session-file\=/Users/buddhirajgautam/Library/Developer/Xcode/DerivedData/ModuleCache.noindex/Session.modulevalidation -fmodules-validate-once-per-build-session -Wnon-modular-include-in-framework-module -Werror\=non-modular-include-in-framework-module -Wno-trigraphs -Wno-missing-field-initializers -Wno-missing-prototypes -Wno-return-type -Wno-implicit-atomic-properties -Wno-objc-interface-ivars -Wno-arc-repeated-use-of-weak -Wno-missing-braces -Wparentheses -Wswitch -Wno-unused-function -Wno-unused-label -Wno-unused-parameter -Wno-unused-variable -Wunused-value -Wno-empty-body -Wno-uninitialized -Wno-unknown-pragmas -Wno-shadow -Wno-four-char-constants -Wno-conversion -Wno-constant-conversion -Wno-int-conversion -Wno-bool-conversion -Wno-enum-conversion -Wno-float-conversion -Wno-non-literal-null-conversion -Wno-objc-literal-conversion -Wshorten-64-to-32 -Wpointer-sign -Wno-newline-eof -Wno-selector -Wno-strict-selector-match -Wno-undeclared-selector -Wno-deprecated-implementations -Wno-implicit-fallthrough -isysroot /Applications/Xcode.app/Contents/Developer/Platforms/MacOSX.platform/Developer/SDKs/MacOSX27.0.sdk -fstrict-aliasing -Wprotocol -Wdeprecated-declarations -Wno-sign-conversion -Wno-infinite-recursion -Wno-comma -Wno-block-capture-autoreleasing -Wno-strict-prototypes -Wno-semicolon-before-method-body -index-store-path /Users/buddhirajgautam/Library/Developer/Xcode/DerivedData/Telegram-Mac-fygdgghdgmuleoelvxabfmqiotta/Index.noindex/DataStore @/Users/buddhirajgautam/Library/Developer/Xcode/DerivedData/Telegram-Mac-fygdgghdgmuleoelvxabfmqiotta/Build/Intermediates.noindex/TgVoipWebrtc.build/Debug/TgVoipWebrtc-t.build/Objects-normal/arm64/e6072d4f65d7061329687fe24e3d63a7-common-args.resp -MMD -MT dependencies -MF /Users/buddhirajgautam/Library/Developer/Xcode/DerivedData/Telegram-Mac-fygdgghdgmuleoelvxabfmqiotta/Build/Intermediates.noindex/TgVoipWebrtc.build/Debug/TgVoipWebrtc-t.build/Objects-normal/arm64/TGCMIOCapturer.d --serialize-diagnostics /Users/buddhirajgautam/Library/Developer/Xcode/DerivedData/Telegram-Mac-fygdgghdgmuleoelvxabfmqiotta/Build/Intermediates.noindex/TgVoipWebrtc.build/Debug/TgVoipWebrtc-t.build/Objects-normal/arm64/TGCMIOCapturer.dia -c /Users/buddhirajgautam/Documents/Cherrygram-Mac/macOS-Swift/submodules/tgcalls/tgcalls/platform/darwin/TGCMIOCapturer.m -o /Users/buddhirajgautam/Library/Developer/Xcode/DerivedData/Telegram-Mac-fygdgghdgmuleoelvxabfmqiotta/Build/Intermediates.noindex/TgVoipWebrtc.build/Debug/TgVoipWebrtc-t.build/Objects-normal/arm64/TGCMIOCapturer.o -index-unit-output-path /TgVoipWebrtc.build/Debug/TgVoipWebrtc-t.build/Objects-normal/arm64/TGCMIOCapturer.o

CompileC /Users/buddhirajgautam/Library/Developer/Xcode/DerivedData/Telegram-Mac-fygdgghdgmuleoelvxabfmqiotta/Build/Intermediates.noindex/TgVoipWebrtc.build/Debug/TgVoipWebrtc-t.build/Objects-normal/arm64/SQueue.o /Users/buddhirajgautam/Documents/Cherrygram-Mac/macOS-Swift/submodules/tgcalls/tgcalls/platform/darwin/SQueue.m normal arm64 objective-c com.apple.compilers.llvm.clang.1_0.compiler (in target 'TgVoipWebrtc' from project 'TgVoipWebrtc')
    cd /Users/buddhirajgautam/Documents/Cherrygram-Mac/macOS-Swift
    
    Using response file: /Users/buddhirajgautam/Library/Developer/Xcode/DerivedData/Telegram-Mac-fygdgghdgmuleoelvxabfmqiotta/Build/Intermediates.noindex/TgVoipWebrtc.build/Debug/TgVoipWebrtc-t.build/Objects-normal/arm64/e6072d4f65d7061329687fe24e3d63a7-common-args.resp
    
    /Applications/Xcode.app/Contents/Developer/Toolchains/XcodeDefault.xctoolchain/usr/bin/clang -x objective-c -ivfsstatcache /Users/buddhirajgautam/Library/Developer/Xcode/DerivedData/SDKStatCaches.noindex/macosx27.0-26A425-e829b21a6f8c9b70876ba0858053c0447231f6df4def33e022ae2eb8f782df1a.sdkstatcache -target arm64-apple-macos12.0 -fmessage-length\=0 -fdiagnostics-show-note-include-stack -fmacro-backtrace-limit\=0 -fno-color-diagnostics -fmodules-prune-interval\=86400 -fmodules-prune-after\=345600 -fbuild-session-file\=/Users/buddhirajgautam/Library/Developer/Xcode/DerivedData/ModuleCache.noindex/Session.modulevalidation -fmodules-validate-once-per-build-session -Wnon-modular-include-in-framework-module -Werror\=non-modular-include-in-framework-module -Wno-trigraphs -Wno-missing-field-initializers -Wno-missing-prototypes -Wno-return-type -Wno-implicit-atomic-properties -Wno-objc-interface-ivars -Wno-arc-repeated-use-of-weak -Wno-missing-braces -Wparentheses -Wswitch -Wno-unused-function -Wno-unused-label -Wno-unused-parameter -Wno-unused-variable -Wunused-value -Wno-empty-body -Wno-uninitialized -Wno-unknown-pragmas -Wno-shadow -Wno-four-char-constants -Wno-conversion -Wno-constant-conversion -Wno-int-conversion -Wno-bool-conversion -Wno-enum-conversion -Wno-float-conversion -Wno-non-literal-null-conversion -Wno-objc-literal-conversion -Wshorten-64-to-32 -Wpointer-sign -Wno-newline-eof -Wno-selector -Wno-strict-selector-match -Wno-undeclared-selector -Wno-deprecated-implementations -Wno-implicit-fallthrough -isysroot /Applications/Xcode.app/Contents/Developer/Platforms/MacOSX.platform/Developer/SDKs/MacOSX27.0.sdk -fstrict-aliasing -Wprotocol -Wdeprecated-declarations -Wno-sign-conversion -Wno-infinite-recursion -Wno-comma -Wno-block-capture-autoreleasing -Wno-strict-prototypes -Wno-semicolon-before-method-body -index-store-path /Users/buddhirajgautam/Library/Developer/Xcode/DerivedData/Telegram-Mac-fygdgghdgmuleoelvxabfmqiotta/Index.noindex/DataStore @/Users/buddhirajgautam/Library/Developer/Xcode/DerivedData/Telegram-Mac-fygdgghdgmuleoelvxabfmqiotta/Build/Intermediates.noindex/TgVoipWebrtc.build/Debug/TgVoipWebrtc-t.build/Objects-normal/arm64/e6072d4f65d7061329687fe24e3d63a7-common-args.resp -MMD -MT dependencies -MF /Users/buddhirajgautam/Library/Developer/Xcode/DerivedData/Telegram-Mac-fygdgghdgmuleoelvxabfmqiotta/Build/Intermediates.noindex/TgVoipWebrtc.build/Debug/TgVoipWebrtc-t.build/Objects-normal/arm64/SQueue.d --serialize-diagnostics /Users/buddhirajgautam/Library/Developer/Xcode/DerivedData/Telegram-Mac-fygdgghdgmuleoelvxabfmqiotta/Build/Intermediates.noindex/TgVoipWebrtc.build/Debug/TgVoipWebrtc-t.build/Objects-normal/arm64/SQueue.dia -c /Users/buddhirajgautam/Documents/Cherrygram-Mac/macOS-Swift/submodules/tgcalls/tgcalls/platform/darwin/SQueue.m -o /Users/buddhirajgautam/Library/Developer/Xcode/DerivedData/Telegram-Mac-fygdgghdgmuleoelvxabfmqiotta/Build/Intermediates.noindex/TgVoipWebrtc.build/Debug/TgVoipWebrtc-t.build/Objects-normal/arm64/SQueue.o -index-unit-output-path /TgVoipWebrtc.build/Debug/TgVoipWebrtc-t.build/Objects-normal/arm64/SQueue.o

SwiftCompile normal arm64 Compiling\ Api0.swift,\ Api1.swift,\ Api10.swift,\ Api11.swift /Users/buddhirajgautam/Documents/Cherrygram-Mac/macOS-Swift/submodules/telegram-ios/submodules/TelegramApi/Sources/Api0.swift /Users/buddhirajgautam/Documents/Cherrygram-Mac/macOS-Swift/submodules/telegram-ios/submodules/TelegramApi/Sources/Api1.swift /Users/buddhirajgautam/Documents/Cherrygram-Mac/macOS-Swift/submodules/telegram-ios/submodules/TelegramApi/Sources/Api10.swift /Users/buddhirajgautam/Documents/Cherrygram-Mac/macOS-Swift/submodules/telegram-ios/submodules/TelegramApi/Sources/Api11.swift (in target 'TelegramApi' from project 'TelegramApi')

SwiftCompile normal arm64 /Users/buddhirajgautam/Documents/Cherrygram-Mac/macOS-Swift/submodules/telegram-ios/submodules/TelegramApi/Sources/Api0.swift (in target 'TelegramApi' from project 'TelegramApi')
    cd /Users/buddhirajgautam/Documents/Cherrygram-Mac/macOS-Swift
    builtin-SwiftPerFileCompile Api0.swift

SwiftCompile normal arm64 /Users/buddhirajgautam/Documents/Cherrygram-Mac/macOS-Swift/submodules/telegram-ios/submodules/TelegramApi/Sources/Api1.swift (in target 'TelegramApi' from project 'TelegramApi')
    cd /Users/buddhirajgautam/Documents/Cherrygram-Mac/macOS-Swift
    builtin-SwiftPerFileCompile Api1.swift

SwiftCompile normal arm64 /Users/buddhirajgautam/Documents/Cherrygram-Mac/macOS-Swift/submodules/telegram-ios/submodules/TelegramApi/Sources/Api10.swift (in target 'TelegramApi' from project 'TelegramApi')
    cd /Users/buddhirajgautam/Documents/Cherrygram-Mac/macOS-Swift
    builtin-SwiftPerFileCompile Api10.swift

SwiftCompile normal arm64 /Users/buddhirajgautam/Documents/Cherrygram-Mac/macOS-Swift/submodules/telegram-ios/submodules/TelegramApi/Sources/Api11.swift (in target 'TelegramApi' from project 'TelegramApi')
    cd /Users/buddhirajgautam/Documents/Cherrygram-Mac/macOS-Swift
    builtin-SwiftPerFileCompile Api11.swift

SwiftCompile normal arm64 Compiling\ Api23.swift,\ Api24.swift,\ Api36.swift,\ Api37.swift /Users/buddhirajgautam/Documents/Cherrygram-Mac/macOS-Swift/submodules/telegram-ios/submodules/TelegramApi/Sources/Api23.swift /Users/buddhirajgautam/Documents/Cherrygram-Mac/macOS-Swift/submodules/telegram-ios/submodules/TelegramApi/Sources/Api24.swift /Users/buddhirajgautam/Documents/Cherrygram-Mac/macOS-Swift/submodules/telegram-ios/submodules/TelegramApi/Sources/Api36.swift /Users/buddhirajgautam/Documents/Cherrygram-Mac/macOS-Swift/submodules/telegram-ios/submodules/TelegramApi/Sources/Api37.swift (in target 'TelegramApi' from project 'TelegramApi')

SwiftCompile normal arm64 /Users/buddhirajgautam/Documents/Cherrygram-Mac/macOS-Swift/submodules/telegram-ios/submodules/TelegramApi/Sources/Api23.swift (in target 'TelegramApi' from project 'TelegramApi')
    cd /Users/buddhirajgautam/Documents/Cherrygram-Mac/macOS-Swift
    builtin-SwiftPerFileCompile Api23.swift

SwiftCompile normal arm64 /Users/buddhirajgautam/Documents/Cherrygram-Mac/macOS-Swift/submodules/telegram-ios/submodules/TelegramApi/Sources/Api24.swift (in target 'TelegramApi' from project 'TelegramApi')
    cd /Users/buddhirajgautam/Documents/Cherrygram-Mac/macOS-Swift
    builtin-SwiftPerFileCompile Api24.swift

SwiftCompile normal arm64 /Users/buddhirajgautam/Documents/Cherrygram-Mac/macOS-Swift/submodules/telegram-ios/submodules/TelegramApi/Sources/Api36.swift (in target 'TelegramApi' from project 'TelegramApi')
    cd /Users/buddhirajgautam/Documents/Cherrygram-Mac/macOS-Swift
    builtin-SwiftPerFileCompile Api36.swift

SwiftCompile normal arm64 /Users/buddhirajgautam/Documents/Cherrygram-Mac/macOS-Swift/submodules/telegram-ios/submodules/TelegramApi/Sources/Api37.swift (in target 'TelegramApi' from project 'TelegramApi')
    cd /Users/buddhirajgautam/Documents/Cherrygram-Mac/macOS-Swift
    builtin-SwiftPerFileCompile Api37.swift

SwiftCompile normal arm64 Compiling\ Api38.swift,\ Api39.swift,\ Api4.swift,\ Api5.swift /Users/buddhirajgautam/Documents/Cherrygram-Mac/macOS-Swift/submodules/telegram-ios/submodules/TelegramApi/Sources/Api38.swift /Users/buddhirajgautam/Documents/Cherrygram-Mac/macOS-Swift/submodules/telegram-ios/submodules/TelegramApi/Sources/Api39.swift /Users/buddhirajgautam/Documents/Cherrygram-Mac/macOS-Swift/submodules/telegram-ios/submodules/TelegramApi/Sources/Api4.swift /Users/buddhirajgautam/Documents/Cherrygram-Mac/macOS-Swift/submodules/telegram-ios/submodules/TelegramApi/Sources/Api5.swift (in target 'TelegramApi' from project 'TelegramApi')

SwiftCompile normal arm64 /Users/buddhirajgautam/Documents/Cherrygram-Mac/macOS-Swift/submodules/telegram-ios/submodules/TelegramApi/Sources/Api38.swift (in target 'TelegramApi' from project 'TelegramApi')
    cd /Users/buddhirajgautam/Documents/Cherrygram-Mac/macOS-Swift
    builtin-SwiftPerFileCompile Api38.swift

SwiftCompile normal arm64 /Users/buddhirajgautam/Documents/Cherrygram-Mac/macOS-Swift/submodules/telegram-ios/submodules/TelegramApi/Sources/Api39.swift (in target 'TelegramApi' from project 'TelegramApi')
    cd /Users/buddhirajgautam/Documents/Cherrygram-Mac/macOS-Swift
    builtin-SwiftPerFileCompile Api39.swift

SwiftCompile normal arm64 /Users/buddhirajgautam/Documents/Cherrygram-Mac/macOS-Swift/submodules/telegram-ios/submodules/TelegramApi/Sources/Api4.swift (in target 'TelegramApi' from project 'TelegramApi')
    cd /Users/buddhirajgautam/Documents/Cherrygram-Mac/macOS-Swift
    builtin-SwiftPerFileCompile Api4.swift

SwiftCompile normal arm64 /Users/buddhirajgautam/Documents/Cherrygram-Mac/macOS-Swift/submodules/telegram-ios/submodules/TelegramApi/Sources/Api5.swift (in target 'TelegramApi' from project 'TelegramApi')
    cd /Users/buddhirajgautam/Documents/Cherrygram-Mac/macOS-Swift
    builtin-SwiftPerFileCompile Api5.swift

SwiftCompile normal arm64 Compiling\ Api12.swift,\ Api13.swift,\ Api14.swift,\ Api15.swift /Users/buddhirajgautam/Documents/Cherrygram-Mac/macOS-Swift/submodules/telegram-ios/submodules/TelegramApi/Sources/Api12.swift /Users/buddhirajgautam/Documents/Cherrygram-Mac/macOS-Swift/submodules/telegram-ios/submodules/TelegramApi/Sources/Api13.swift /Users/buddhirajgautam/Documents/Cherrygram-Mac/macOS-Swift/submodules/telegram-ios/submodules/TelegramApi/Sources/Api14.swift /Users/buddhirajgautam/Documents/Cherrygram-Mac/macOS-Swift/submodules/telegram-ios/submodules/TelegramApi/Sources/Api15.swift (in target 'TelegramApi' from project 'TelegramApi')

SwiftCompile normal arm64 /Users/buddhirajgautam/Documents/Cherrygram-Mac/macOS-Swift/submodules/telegram-ios/submodules/TelegramApi/Sources/Api12.swift (in target 'TelegramApi' from project 'TelegramApi')
    cd /Users/buddhirajgautam/Documents/Cherrygram-Mac/macOS-Swift
    builtin-SwiftPerFileCompile Api12.swift

SwiftCompile normal arm64 /Users/buddhirajgautam/Documents/Cherrygram-Mac/macOS-Swift/submodules/telegram-ios/submodules/TelegramApi/Sources/Api13.swift (in target 'TelegramApi' from project 'TelegramApi')
    cd /Users/buddhirajgautam/Documents/Cherrygram-Mac/macOS-Swift
    builtin-SwiftPerFileCompile Api13.swift

SwiftCompile normal arm64 /Users/buddhirajgautam/Documents/Cherrygram-Mac/macOS-Swift/submodules/telegram-ios/submodules/TelegramApi/Sources/Api14.swift (in target 'TelegramApi' from project 'TelegramApi')
    cd /Users/buddhirajgautam/Documents/Cherrygram-Mac/macOS-Swift
    builtin-SwiftPerFileCompile Api14.swift

SwiftCompile normal arm64 /Users/buddhirajgautam/Documents/Cherrygram-Mac/macOS-Swift/submodules/telegram-ios/submodules/TelegramApi/Sources/Api15.swift (in target 'TelegramApi' from project 'TelegramApi')
    cd /Users/buddhirajgautam/Documents/Cherrygram-Mac/macOS-Swift
    builtin-SwiftPerFileCompile Api15.swift

Ld /Users/buddhirajgautam/Library/Developer/Xcode/DerivedData/Telegram-Mac-fygdgghdgmuleoelvxabfmqiotta/Build/Products/Debug/TgVoipWebrtc.o normal (in target 'TgVoipWebrtc' from project 'TgVoipWebrtc')
    cd /Users/buddhirajgautam/Documents/Cherrygram-Mac/macOS-Swift/submodules/tgcalls
    /Applications/Xcode.app/Contents/Developer/Toolchains/XcodeDefault.xctoolchain/usr/bin/clang++ -Xlinker -reproducible -target arm64-apple-macos12.0 -r -isysroot /Applications/Xcode.app/Contents/Developer/Platforms/MacOSX.platform/Developer/SDKs/MacOSX27.0.sdk -O0 -Xlinker -no_warn_duplicate_libraries -F/Users/buddhirajgautam/Library/Developer/Xcode/DerivedData/Telegram-Mac-fygdgghdgmuleoelvxabfmqiotta/Build/Intermediates.noindex/EagerLinkingTBDs/Debug -F/Users/buddhirajgautam/Library/Developer/Xcode/DerivedData/Telegram-Mac-fygdgghdgmuleoelvxabfmqiotta/Build/Products/Debug -iframework /Applications/Xcode.app/Contents/Developer/Platforms/MacOSX.platform/Developer/Library/Frameworks -filelist /Users/buddhirajgautam/Library/Developer/Xcode/DerivedData/Telegram-Mac-fygdgghdgmuleoelvxabfmqiotta/Build/Intermediates.noindex/TgVoipWebrtc.build/Debug/TgVoipWebrtc-t.build/Objects-normal/arm64/TgVoipWebrtc.LinkFileList -nostdlib -Xlinker -object_path_lto -Xlinker /Users/buddhirajgautam/Library/Developer/Xcode/DerivedData/Telegram-Mac-fygdgghdgmuleoelvxabfmqiotta/Build/Intermediates.noindex/TgVoipWebrtc.build/Debug/TgVoipWebrtc-t.build/Objects-normal/arm64/TgVoipWebrtc_lto.o -Xlinker -no_deduplicate -Xlinker -debug_variant -Xlinker -dependency_info -Xlinker /Users/buddhirajgautam/Library/Developer/Xcode/DerivedData/Telegram-Mac-fygdgghdgmuleoelvxabfmqiotta/Build/Intermediates.noindex/TgVoipWebrtc.build/Debug/TgVoipWebrtc-t.build/Objects-normal/arm64/TgVoipWebrtc_dependency_info.dat -fobjc-arc -fobjc-link-runtime -o /Users/buddhirajgautam/Library/Developer/Xcode/DerivedData/Telegram-Mac-fygdgghdgmuleoelvxabfmqiotta/Build/Products/Debug/TgVoipWebrtc.o

Ld /Users/buddhirajgautam/Library/Developer/Xcode/DerivedData/Telegram-Mac-fygdgghdgmuleoelvxabfmqiotta/Build/Products/Debug/EmojiSuggestions.o normal (in target 'EmojiSuggestions' from project 'EmojiSuggestions')
    cd /Users/buddhirajgautam/Documents/Cherrygram-Mac/macOS-Swift/packages/EmojiSuggestions
    /Applications/Xcode.app/Contents/Developer/Toolchains/XcodeDefault.xctoolchain/usr/bin/clang++ -Xlinker -reproducible -target arm64-apple-macos12.0 -r -isysroot /Applications/Xcode.app/Contents/Developer/Platforms/MacOSX.platform/Developer/SDKs/MacOSX27.0.sdk -O0 -Xlinker -no_warn_duplicate_libraries -F/Users/buddhirajgautam/Library/Developer/Xcode/DerivedData/Telegram-Mac-fygdgghdgmuleoelvxabfmqiotta/Build/Intermediates.noindex/EagerLinkingTBDs/Debug -F/Users/buddhirajgautam/Library/Developer/Xcode/DerivedData/Telegram-Mac-fygdgghdgmuleoelvxabfmqiotta/Build/Products/Debug -iframework /Applications/Xcode.app/Contents/Developer/Platforms/MacOSX.platform/Developer/Library/Frameworks -filelist /Users/buddhirajgautam/Library/Developer/Xcode/DerivedData/Telegram-Mac-fygdgghdgmuleoelvxabfmqiotta/Build/Intermediates.noindex/EmojiSuggestions.build/Debug/EmojiSuggestions-t.build/Objects-normal/arm64/EmojiSuggestions.LinkFileList -nostdlib -Xlinker -object_path_lto -Xlinker /Users/buddhirajgautam/Library/Developer/Xcode/DerivedData/Telegram-Mac-fygdgghdgmuleoelvxabfmqiotta/Build/Intermediates.noindex/EmojiSuggestions.build/Debug/EmojiSuggestions-t.build/Objects-normal/arm64/EmojiSuggestions_lto.o -Xlinker -no_deduplicate -Xlinker -debug_variant -Xlinker -dependency_info -Xlinker /Users/buddhirajgautam/Library/Developer/Xcode/DerivedData/Telegram-Mac-fygdgghdgmuleoelvxabfmqiotta/Build/Intermediates.noindex/EmojiSuggestions.build/Debug/EmojiSuggestions-t.build/Objects-normal/arm64/EmojiSuggestions_dependency_info.dat -fobjc-arc -fobjc-link-runtime -o /Users/buddhirajgautam/Library/Developer/Xcode/DerivedData/Telegram-Mac-fygdgghdgmuleoelvxabfmqiotta/Build/Products/Debug/EmojiSuggestions.o

SwiftCompile normal arm64 Compiling\ Api2.swift,\ Api20.swift,\ Api21.swift,\ Api22.swift /Users/buddhirajgautam/Documents/Cherrygram-Mac/macOS-Swift/submodules/telegram-ios/submodules/TelegramApi/Sources/Api2.swift /Users/buddhirajgautam/Documents/Cherrygram-Mac/macOS-Swift/submodules/telegram-ios/submodules/TelegramApi/Sources/Api20.swift /Users/buddhirajgautam/Documents/Cherrygram-Mac/macOS-Swift/submodules/telegram-ios/submodules/TelegramApi/Sources/Api21.swift /Users/buddhirajgautam/Documents/Cherrygram-Mac/macOS-Swift/submodules/telegram-ios/submodules/TelegramApi/Sources/Api22.swift (in target 'TelegramApi' from project 'TelegramApi')

SwiftCompile normal arm64 /Users/buddhirajgautam/Documents/Cherrygram-Mac/macOS-Swift/submodules/telegram-ios/submodules/TelegramApi/Sources/Api2.swift (in target 'TelegramApi' from project 'TelegramApi')
    cd /Users/buddhirajgautam/Documents/Cherrygram-Mac/macOS-Swift
    builtin-SwiftPerFileCompile Api2.swift

SwiftCompile normal arm64 /Users/buddhirajgautam/Documents/Cherrygram-Mac/macOS-Swift/submodules/telegram-ios/submodules/TelegramApi/Sources/Api20.swift (in target 'TelegramApi' from project 'TelegramApi')
    cd /Users/buddhirajgautam/Documents/Cherrygram-Mac/macOS-Swift
    builtin-SwiftPerFileCompile Api20.swift

SwiftCompile normal arm64 /Users/buddhirajgautam/Documents/Cherrygram-Mac/macOS-Swift/submodules/telegram-ios/submodules/TelegramApi/Sources/Api21.swift (in target 'TelegramApi' from project 'TelegramApi')
    cd /Users/buddhirajgautam/Documents/Cherrygram-Mac/macOS-Swift
    builtin-SwiftPerFileCompile Api21.swift

SwiftCompile normal arm64 /Users/buddhirajgautam/Documents/Cherrygram-Mac/macOS-Swift/submodules/telegram-ios/submodules/TelegramApi/Sources/Api22.swift (in target 'TelegramApi' from project 'TelegramApi')
    cd /Users/buddhirajgautam/Documents/Cherrygram-Mac/macOS-Swift
    builtin-SwiftPerFileCompile Api22.swift

SwiftDriverJobDiscovery normal arm64 Compiling Zip.swift (in target 'Zip' from project 'Zip')

SwiftCompile normal arm64 Compiling\ Api9.swift,\ Buffer.swift,\ DeserializeFunctionResponse.swift /Users/buddhirajgautam/Documents/Cherrygram-Mac/macOS-Swift/submodules/telegram-ios/submodules/TelegramApi/Sources/Api9.swift /Users/buddhirajgautam/Documents/Cherrygram-Mac/macOS-Swift/submodules/telegram-ios/submodules/TelegramApi/Sources/Buffer.swift /Users/buddhirajgautam/Documents/Cherrygram-Mac/macOS-Swift/submodules/telegram-ios/submodules/TelegramApi/Sources/DeserializeFunctionResponse.swift (in target 'TelegramApi' from project 'TelegramApi')

SwiftCompile normal arm64 /Users/buddhirajgautam/Documents/Cherrygram-Mac/macOS-Swift/submodules/telegram-ios/submodules/TelegramApi/Sources/Api9.swift (in target 'TelegramApi' from project 'TelegramApi')
    cd /Users/buddhirajgautam/Documents/Cherrygram-Mac/macOS-Swift
    builtin-SwiftPerFileCompile Api9.swift

SwiftCompile normal arm64 /Users/buddhirajgautam/Documents/Cherrygram-Mac/macOS-Swift/submodules/telegram-ios/submodules/TelegramApi/Sources/Buffer.swift (in target 'TelegramApi' from project 'TelegramApi')
    cd /Users/buddhirajgautam/Documents/Cherrygram-Mac/macOS-Swift
    builtin-SwiftPerFileCompile Buffer.swift

SwiftCompile normal arm64 /Users/buddhirajgautam/Documents/Cherrygram-Mac/macOS-Swift/submodules/telegram-ios/submodules/TelegramApi/Sources/DeserializeFunctionResponse.swift (in target 'TelegramApi' from project 'TelegramApi')
    cd /Users/buddhirajgautam/Documents/Cherrygram-Mac/macOS-Swift
    builtin-SwiftPerFileCompile DeserializeFunctionResponse.swift

SwiftDriver\ Compilation Zip normal arm64 com.apple.xcode.tools.swift.compiler (in target 'Zip' from project 'Zip')
    cd /Users/buddhirajgautam/Documents/Cherrygram-Mac/macOS-Swift
    builtin-Swift-Compilation -- /Applications/Xcode.app/Contents/Developer/Toolchains/XcodeDefault.xctoolchain/usr/bin/swiftc -parse-as-library -module-name Zip -Onone @/Users/buddhirajgautam/Library/Developer/Xcode/DerivedData/Telegram-Mac-fygdgghdgmuleoelvxabfmqiotta/Build/Intermediates.noindex/Zip.build/Debug/Zip-t.build/Objects-normal/arm64/Zip.SwiftFileList -DSWIFT_PACKAGE -DDEBUG -DSWIFT_MODULE_RESOURCE_BUNDLE_UNAVAILABLE -Xcc -fmodule-map-file\=/Users/buddhirajgautam/Library/Developer/Xcode/DerivedData/Telegram-Mac-fygdgghdgmuleoelvxabfmqiotta/Build/Intermediates.noindex/GeneratedModuleMaps/minizip.modulemap -DXcode -plugin-path /Applications/Xcode.app/Contents/Developer/Toolchains/XcodeDefault.xctoolchain/usr/lib/swift/host/plugins/testing -enable-experimental-feature DebugDescriptionMacro -sdk /Applications/Xcode.app/Contents/Developer/Platforms/MacOSX.platform/Developer/SDKs/MacOSX27.0.sdk -target arm64-apple-macos12.0 -g -module-cache-path /Users/buddhirajgautam/Library/Developer/Xcode/DerivedData/ModuleCache.noindex -Xfrontend -serialize-debugging-options -profile-coverage-mapping -profile-generate -enable-testing -index-store-path /Users/buddhirajgautam/Library/Developer/Xcode/DerivedData/Telegram-Mac-fygdgghdgmuleoelvxabfmqiotta/Index.noindex/DataStore -Xcc -D_LIBCPP_HARDENING_MODE\=_LIBCPP_HARDENING_MODE_DEBUG -swift-version 5 -I /Users/buddhirajgautam/Library/Developer/Xcode/DerivedData/Telegram-Mac-fygdgghdgmuleoelvxabfmqiotta/Build/Products/Debug -Isystem /Applications/Xcode.app/Contents/Developer/Platforms/MacOSX.platform/Developer/usr/lib -F /Users/buddhirajgautam/Library/Developer/Xcode/DerivedData/Telegram-Mac-fygdgghdgmuleoelvxabfmqiotta/Build/Products/Debug/PackageFrameworks -F /Users/buddhirajgautam/Library/Developer/Xcode/DerivedData/Telegram-Mac-fygdgghdgmuleoelvxabfmqiotta/Build/Products/Debug -F /Applications/Xcode.app/Contents/Developer/Platforms/MacOSX.platform/Developer/Library/Frameworks -c -j8 -enable-batch-mode -incremental -Xcc -ivfsstatcache -Xcc /Users/buddhirajgautam/Library/Developer/Xcode/DerivedData/SDKStatCaches.noindex/macosx27.0-26A425-e829b21a6f8c9b70876ba0858053c0447231f6df4def33e022ae2eb8f782df1a.sdkstatcache -output-file-map /Users/buddhirajgautam/Library/Developer/Xcode/DerivedData/Telegram-Mac-fygdgghdgmuleoelvxabfmqiotta/Build/Intermediates.noindex/Zip.build/Debug/Zip-t.build/Objects-normal/arm64/Zip-OutputFileMap.json -save-temps -no-color-diagnostics -explicit-module-build -module-cache-path /Users/buddhirajgautam/Library/Developer/Xcode/DerivedData/Telegram-Mac-fygdgghdgmuleoelvxabfmqiotta/Build/Intermediates.noindex/SwiftExplicitPrecompiledModules -clang-scanner-module-cache-path /Users/buddhirajgautam/Library/Developer/Xcode/DerivedData/ModuleCache.noindex -sdk-module-cache-path /Users/buddhirajgautam/Library/Developer/Xcode/DerivedData/SDKExplicitPrecompiledModules -emit-dependencies -emit-module -emit-module-path /Users/buddhirajgautam/Library/Developer/Xcode/DerivedData/Telegram-Mac-fygdgghdgmuleoelvxabfmqiotta/Build/Intermediates.noindex/Zip.build/Debug/Zip-t.build/Objects-normal/arm64/Zip.swiftmodule -serialize-diagnostics -dependency-scan-serialize-diagnostics-path /Users/buddhirajgautam/Library/Developer/Xcode/DerivedData/Telegram-Mac-fygdgghdgmuleoelvxabfmqiotta/Build/Intermediates.noindex/Zip.build/Debug/Zip-t.build/Objects-normal/arm64/Zip-dependency-scan.dia -validate-clang-modules-once -clang-build-session-file /Users/buddhirajgautam/Library/Developer/Xcode/DerivedData/ModuleCache.noindex/Session.modulevalidation -Xcc -fmodules-prune-interval\=86400 -Xcc -fmodules-prune-after\=345600 -emit-const-values -const-gather-protocols-list /Users/buddhirajgautam/Library/Developer/Xcode/DerivedData/Telegram-Mac-fygdgghdgmuleoelvxabfmqiotta/Build/Intermediates.noindex/Zip.build/Debug/Zip-t.build/Objects-normal/arm64/Zip_const_extract_protocols.json -Xcc -I/Users/buddhirajgautam/Documents/Cherrygram-Mac/macOS-Swift/submodules/minizip/Sources -Xcc -I/Users/buddhirajgautam/Library/Developer/Xcode/DerivedData/Telegram-Mac-fygdgghdgmuleoelvxabfmqiotta/Build/Products/Debug/include -Xcc -I/Users/buddhirajgautam/Library/Developer/Xcode/DerivedData/Telegram-Mac-fygdgghdgmuleoelvxabfmqiotta/Build/Intermediates.noindex/Zip.build/Debug/Zip-t.build/DerivedSources-normal/arm64 -Xcc -I/Users/buddhirajgautam/Library/Developer/Xcode/DerivedData/Telegram-Mac-fygdgghdgmuleoelvxabfmqiotta/Build/Intermediates.noindex/Zip.build/Debug/Zip-t.build/DerivedSources/arm64 -Xcc -I/Users/buddhirajgautam/Library/Developer/Xcode/DerivedData/Telegram-Mac-fygdgghdgmuleoelvxabfmqiotta/Build/Intermediates.noindex/Zip.build/Debug/Zip-t.build/DerivedSources -Xcc -DSWIFT_PACKAGE -Xcc -DDEBUG\=1 -emit-objc-header -emit-objc-header-path /Users/buddhirajgautam/Library/Developer/Xcode/DerivedData/Telegram-Mac-fygdgghdgmuleoelvxabfmqiotta/Build/Intermediates.noindex/Zip.build/Debug/Zip-t.build/Objects-normal/arm64/Zip-Swift.h -working-directory /Users/buddhirajgautam/Documents/Cherrygram-Mac/macOS-Swift -experimental-emit-module-separately -disable-cmo

Ld /Users/buddhirajgautam/Library/Developer/Xcode/DerivedData/Telegram-Mac-fygdgghdgmuleoelvxabfmqiotta/Build/Products/Debug/libphonenumber.o normal (in target 'libphonenumber' from project 'libphonenumber')
    cd /Users/buddhirajgautam/Documents/Cherrygram-Mac/macOS-Swift/submodules/telegram-ios/submodules/libphonenumber
    /Applications/Xcode.app/Contents/Developer/Toolchains/XcodeDefault.xctoolchain/usr/bin/clang -Xlinker -reproducible -target arm64-apple-macos12.0 -r -isysroot /Applications/Xcode.app/Contents/Developer/Platforms/MacOSX.platform/Developer/SDKs/MacOSX27.0.sdk -O0 -Xlinker -no_warn_duplicate_libraries -F/Users/buddhirajgautam/Library/Developer/Xcode/DerivedData/Telegram-Mac-fygdgghdgmuleoelvxabfmqiotta/Build/Intermediates.noindex/EagerLinkingTBDs/Debug -F/Users/buddhirajgautam/Library/Developer/Xcode/DerivedData/Telegram-Mac-fygdgghdgmuleoelvxabfmqiotta/Build/Products/Debug -iframework /Applications/Xcode.app/Contents/Developer/Platforms/MacOSX.platform/Developer/Library/Frameworks -filelist /Users/buddhirajgautam/Library/Developer/Xcode/DerivedData/Telegram-Mac-fygdgghdgmuleoelvxabfmqiotta/Build/Intermediates.noindex/libphonenumber.build/Debug/libphonenumber-t.build/Objects-normal/arm64/libphonenumber.LinkFileList -nostdlib -Xlinker -object_path_lto -Xlinker /Users/buddhirajgautam/Library/Developer/Xcode/DerivedData/Telegram-Mac-fygdgghdgmuleoelvxabfmqiotta/Build/Intermediates.noindex/libphonenumber.build/Debug/libphonenumber-t.build/Objects-normal/arm64/libphonenumber_lto.o -Xlinker -no_deduplicate -Xlinker -debug_variant -Xlinker -dependency_info -Xlinker /Users/buddhirajgautam/Library/Developer/Xcode/DerivedData/Telegram-Mac-fygdgghdgmuleoelvxabfmqiotta/Build/Intermediates.noindex/libphonenumber.build/Debug/libphonenumber-t.build/Objects-normal/arm64/libphonenumber_dependency_info.dat -fobjc-arc -fobjc-link-runtime -o /Users/buddhirajgautam/Library/Developer/Xcode/DerivedData/Telegram-Mac-fygdgghdgmuleoelvxabfmqiotta/Build/Products/Debug/libphonenumber.o

SwiftCompile normal arm64 Compiling\ Api16.swift,\ Api17.swift,\ Api18.swift,\ Api19.swift /Users/buddhirajgautam/Documents/Cherrygram-Mac/macOS-Swift/submodules/telegram-ios/submodules/TelegramApi/Sources/Api16.swift /Users/buddhirajgautam/Documents/Cherrygram-Mac/macOS-Swift/submodules/telegram-ios/submodules/TelegramApi/Sources/Api17.swift /Users/buddhirajgautam/Documents/Cherrygram-Mac/macOS-Swift/submodules/telegram-ios/submodules/TelegramApi/Sources/Api18.swift /Users/buddhirajgautam/Documents/Cherrygram-Mac/macOS-Swift/submodules/telegram-ios/submodules/TelegramApi/Sources/Api19.swift (in target 'TelegramApi' from project 'TelegramApi')

SwiftCompile normal arm64 /Users/buddhirajgautam/Documents/Cherrygram-Mac/macOS-Swift/submodules/telegram-ios/submodules/TelegramApi/Sources/Api16.swift (in target 'TelegramApi' from project 'TelegramApi')
    cd /Users/buddhirajgautam/Documents/Cherrygram-Mac/macOS-Swift
    builtin-SwiftPerFileCompile Api16.swift

SwiftCompile normal arm64 /Users/buddhirajgautam/Documents/Cherrygram-Mac/macOS-Swift/submodules/telegram-ios/submodules/TelegramApi/Sources/Api17.swift (in target 'TelegramApi' from project 'TelegramApi')
    cd /Users/buddhirajgautam/Documents/Cherrygram-Mac/macOS-Swift
    builtin-SwiftPerFileCompile Api17.swift

SwiftCompile normal arm64 /Users/buddhirajgautam/Documents/Cherrygram-Mac/macOS-Swift/submodules/telegram-ios/submodules/TelegramApi/Sources/Api18.swift (in target 'TelegramApi' from project 'TelegramApi')
    cd /Users/buddhirajgautam/Documents/Cherrygram-Mac/macOS-Swift
    builtin-SwiftPerFileCompile Api18.swift

SwiftCompile normal arm64 /Users/buddhirajgautam/Documents/Cherrygram-Mac/macOS-Swift/submodules/telegram-ios/submodules/TelegramApi/Sources/Api19.swift (in target 'TelegramApi' from project 'TelegramApi')
    cd /Users/buddhirajgautam/Documents/Cherrygram-Mac/macOS-Swift
    builtin-SwiftPerFileCompile Api19.swift

SwiftDriverJobDiscovery normal arm64 Compiling Api9.swift, Buffer.swift, DeserializeFunctionResponse.swift (in target 'TelegramApi' from project 'TelegramApi')

SwiftCompile normal arm64 Compiling\ Api6.swift,\ Api7.swift,\ Api8.swift /Users/buddhirajgautam/Documents/Cherrygram-Mac/macOS-Swift/submodules/telegram-ios/submodules/TelegramApi/Sources/Api6.swift /Users/buddhirajgautam/Documents/Cherrygram-Mac/macOS-Swift/submodules/telegram-ios/submodules/TelegramApi/Sources/Api7.swift /Users/buddhirajgautam/Documents/Cherrygram-Mac/macOS-Swift/submodules/telegram-ios/submodules/TelegramApi/Sources/Api8.swift (in target 'TelegramApi' from project 'TelegramApi')

SwiftCompile normal arm64 /Users/buddhirajgautam/Documents/Cherrygram-Mac/macOS-Swift/submodules/telegram-ios/submodules/TelegramApi/Sources/Api6.swift (in target 'TelegramApi' from project 'TelegramApi')
    cd /Users/buddhirajgautam/Documents/Cherrygram-Mac/macOS-Swift
    builtin-SwiftPerFileCompile Api6.swift

SwiftCompile normal arm64 /Users/buddhirajgautam/Documents/Cherrygram-Mac/macOS-Swift/submodules/telegram-ios/submodules/TelegramApi/Sources/Api7.swift (in target 'TelegramApi' from project 'TelegramApi')
    cd /Users/buddhirajgautam/Documents/Cherrygram-Mac/macOS-Swift
    builtin-SwiftPerFileCompile Api7.swift

SwiftCompile normal arm64 /Users/buddhirajgautam/Documents/Cherrygram-Mac/macOS-Swift/submodules/telegram-ios/submodules/TelegramApi/Sources/Api8.swift (in target 'TelegramApi' from project 'TelegramApi')
    cd /Users/buddhirajgautam/Documents/Cherrygram-Mac/macOS-Swift
    builtin-SwiftPerFileCompile Api8.swift

SwiftCompile normal arm64 Compiling\ Api35.swift,\ SecretApiLayer101.swift /Users/buddhirajgautam/Documents/Cherrygram-Mac/macOS-Swift/submodules/telegram-ios/submodules/TelegramApi/Sources/Api35.swift /Users/buddhirajgautam/Documents/Cherrygram-Mac/macOS-Swift/submodules/telegram-ios/submodules/TelegramApi/Sources/SecretApiLayer101.swift (in target 'TelegramApi' from project 'TelegramApi')

SwiftCompile normal arm64 /Users/buddhirajgautam/Documents/Cherrygram-Mac/macOS-Swift/submodules/telegram-ios/submodules/TelegramApi/Sources/Api35.swift (in target 'TelegramApi' from project 'TelegramApi')
    cd /Users/buddhirajgautam/Documents/Cherrygram-Mac/macOS-Swift
    builtin-SwiftPerFileCompile Api35.swift

SwiftCompile normal arm64 /Users/buddhirajgautam/Documents/Cherrygram-Mac/macOS-Swift/submodules/telegram-ios/submodules/TelegramApi/Sources/SecretApiLayer101.swift (in target 'TelegramApi' from project 'TelegramApi')
    cd /Users/buddhirajgautam/Documents/Cherrygram-Mac/macOS-Swift
    builtin-SwiftPerFileCompile SecretApiLayer101.swift

SwiftDriverJobDiscovery normal arm64 Compiling Api2.swift, Api20.swift, Api21.swift, Api22.swift (in target 'TelegramApi' from project 'TelegramApi')

SwiftCompile normal arm64 Compiling\ SecretApiLayer144.swift,\ SecretApiLayer46.swift /Users/buddhirajgautam/Documents/Cherrygram-Mac/macOS-Swift/submodules/telegram-ios/submodules/TelegramApi/Sources/SecretApiLayer144.swift /Users/buddhirajgautam/Documents/Cherrygram-Mac/macOS-Swift/submodules/telegram-ios/submodules/TelegramApi/Sources/SecretApiLayer46.swift (in target 'TelegramApi' from project 'TelegramApi')

SwiftCompile normal arm64 /Users/buddhirajgautam/Documents/Cherrygram-Mac/macOS-Swift/submodules/telegram-ios/submodules/TelegramApi/Sources/SecretApiLayer144.swift (in target 'TelegramApi' from project 'TelegramApi')
    cd /Users/buddhirajgautam/Documents/Cherrygram-Mac/macOS-Swift
    builtin-SwiftPerFileCompile SecretApiLayer144.swift

SwiftCompile normal arm64 /Users/buddhirajgautam/Documents/Cherrygram-Mac/macOS-Swift/submodules/telegram-ios/submodules/TelegramApi/Sources/SecretApiLayer46.swift (in target 'TelegramApi' from project 'TelegramApi')
    cd /Users/buddhirajgautam/Documents/Cherrygram-Mac/macOS-Swift
    builtin-SwiftPerFileCompile SecretApiLayer46.swift

SwiftDriverJobDiscovery normal arm64 Compiling Api23.swift, Api24.swift, Api36.swift, Api37.swift (in target 'TelegramApi' from project 'TelegramApi')

SwiftCompile normal arm64 Compiling\ Api25.swift,\ Api26.swift,\ Api27.swift /Users/buddhirajgautam/Documents/Cherrygram-Mac/macOS-Swift/submodules/telegram-ios/submodules/TelegramApi/Sources/Api25.swift /Users/buddhirajgautam/Documents/Cherrygram-Mac/macOS-Swift/submodules/telegram-ios/submodules/TelegramApi/Sources/Api26.swift /Users/buddhirajgautam/Documents/Cherrygram-Mac/macOS-Swift/submodules/telegram-ios/submodules/TelegramApi/Sources/Api27.swift (in target 'TelegramApi' from project 'TelegramApi')

SwiftCompile normal arm64 /Users/buddhirajgautam/Documents/Cherrygram-Mac/macOS-Swift/submodules/telegram-ios/submodules/TelegramApi/Sources/Api25.swift (in target 'TelegramApi' from project 'TelegramApi')
    cd /Users/buddhirajgautam/Documents/Cherrygram-Mac/macOS-Swift
    builtin-SwiftPerFileCompile Api25.swift

SwiftCompile normal arm64 /Users/buddhirajgautam/Documents/Cherrygram-Mac/macOS-Swift/submodules/telegram-ios/submodules/TelegramApi/Sources/Api26.swift (in target 'TelegramApi' from project 'TelegramApi')
    cd /Users/buddhirajgautam/Documents/Cherrygram-Mac/macOS-Swift
    builtin-SwiftPerFileCompile Api26.swift

SwiftCompile normal arm64 /Users/buddhirajgautam/Documents/Cherrygram-Mac/macOS-Swift/submodules/telegram-ios/submodules/TelegramApi/Sources/Api27.swift (in target 'TelegramApi' from project 'TelegramApi')
    cd /Users/buddhirajgautam/Documents/Cherrygram-Mac/macOS-Swift
    builtin-SwiftPerFileCompile Api27.swift

SwiftDriverJobDiscovery normal arm64 Compiling Api12.swift, Api13.swift, Api14.swift, Api15.swift (in target 'TelegramApi' from project 'TelegramApi')

SwiftCompile normal arm64 Compiling\ SecretApiLayer73.swift,\ SecretApiLayer8.swift /Users/buddhirajgautam/Documents/Cherrygram-Mac/macOS-Swift/submodules/telegram-ios/submodules/TelegramApi/Sources/SecretApiLayer73.swift /Users/buddhirajgautam/Documents/Cherrygram-Mac/macOS-Swift/submodules/telegram-ios/submodules/TelegramApi/Sources/SecretApiLayer8.swift (in target 'TelegramApi' from project 'TelegramApi')

SwiftCompile normal arm64 /Users/buddhirajgautam/Documents/Cherrygram-Mac/macOS-Swift/submodules/telegram-ios/submodules/TelegramApi/Sources/SecretApiLayer73.swift (in target 'TelegramApi' from project 'TelegramApi')
    cd /Users/buddhirajgautam/Documents/Cherrygram-Mac/macOS-Swift
    builtin-SwiftPerFileCompile SecretApiLayer73.swift

SwiftCompile normal arm64 /Users/buddhirajgautam/Documents/Cherrygram-Mac/macOS-Swift/submodules/telegram-ios/submodules/TelegramApi/Sources/SecretApiLayer8.swift (in target 'TelegramApi' from project 'TelegramApi')
    cd /Users/buddhirajgautam/Documents/Cherrygram-Mac/macOS-Swift
    builtin-SwiftPerFileCompile SecretApiLayer8.swift

SwiftDriverJobDiscovery normal arm64 Compiling Api16.swift, Api17.swift, Api18.swift, Api19.swift (in target 'TelegramApi' from project 'TelegramApi')

SwiftCompile normal arm64 Compiling\ Api28.swift,\ Api29.swift /Users/buddhirajgautam/Documents/Cherrygram-Mac/macOS-Swift/submodules/telegram-ios/submodules/TelegramApi/Sources/Api28.swift /Users/buddhirajgautam/Documents/Cherrygram-Mac/macOS-Swift/submodules/telegram-ios/submodules/TelegramApi/Sources/Api29.swift (in target 'TelegramApi' from project 'TelegramApi')

SwiftCompile normal arm64 /Users/buddhirajgautam/Documents/Cherrygram-Mac/macOS-Swift/submodules/telegram-ios/submodules/TelegramApi/Sources/Api28.swift (in target 'TelegramApi' from project 'TelegramApi')
    cd /Users/buddhirajgautam/Documents/Cherrygram-Mac/macOS-Swift
    builtin-SwiftPerFileCompile Api28.swift

SwiftCompile normal arm64 /Users/buddhirajgautam/Documents/Cherrygram-Mac/macOS-Swift/submodules/telegram-ios/submodules/TelegramApi/Sources/Api29.swift (in target 'TelegramApi' from project 'TelegramApi')
    cd /Users/buddhirajgautam/Documents/Cherrygram-Mac/macOS-Swift
    builtin-SwiftPerFileCompile Api29.swift

SwiftDriverJobDiscovery normal arm64 Compiling Api6.swift, Api7.swift, Api8.swift (in target 'TelegramApi' from project 'TelegramApi')

SwiftCompile normal arm64 Compiling\ Api3.swift,\ Api30.swift /Users/buddhirajgautam/Documents/Cherrygram-Mac/macOS-Swift/submodules/telegram-ios/submodules/TelegramApi/Sources/Api3.swift /Users/buddhirajgautam/Documents/Cherrygram-Mac/macOS-Swift/submodules/telegram-ios/submodules/TelegramApi/Sources/Api30.swift (in target 'TelegramApi' from project 'TelegramApi')

SwiftCompile normal arm64 /Users/buddhirajgautam/Documents/Cherrygram-Mac/macOS-Swift/submodules/telegram-ios/submodules/TelegramApi/Sources/Api3.swift (in target 'TelegramApi' from project 'TelegramApi')
    cd /Users/buddhirajgautam/Documents/Cherrygram-Mac/macOS-Swift
    builtin-SwiftPerFileCompile Api3.swift

SwiftCompile normal arm64 /Users/buddhirajgautam/Documents/Cherrygram-Mac/macOS-Swift/submodules/telegram-ios/submodules/TelegramApi/Sources/Api30.swift (in target 'TelegramApi' from project 'TelegramApi')
    cd /Users/buddhirajgautam/Documents/Cherrygram-Mac/macOS-Swift
    builtin-SwiftPerFileCompile Api30.swift

SwiftDriverJobDiscovery normal arm64 Compiling SecretApiLayer144.swift, SecretApiLayer46.swift (in target 'TelegramApi' from project 'TelegramApi')

SwiftCompile normal arm64 Compiling\ Api31.swift,\ Api32.swift /Users/buddhirajgautam/Documents/Cherrygram-Mac/macOS-Swift/submodules/telegram-ios/submodules/TelegramApi/Sources/Api31.swift /Users/buddhirajgautam/Documents/Cherrygram-Mac/macOS-Swift/submodules/telegram-ios/submodules/TelegramApi/Sources/Api32.swift (in target 'TelegramApi' from project 'TelegramApi')

SwiftCompile normal arm64 /Users/buddhirajgautam/Documents/Cherrygram-Mac/macOS-Swift/submodules/telegram-ios/submodules/TelegramApi/Sources/Api31.swift (in target 'TelegramApi' from project 'TelegramApi')
    cd /Users/buddhirajgautam/Documents/Cherrygram-Mac/macOS-Swift
    builtin-SwiftPerFileCompile Api31.swift

SwiftCompile normal arm64 /Users/buddhirajgautam/Documents/Cherrygram-Mac/macOS-Swift/submodules/telegram-ios/submodules/TelegramApi/Sources/Api32.swift (in target 'TelegramApi' from project 'TelegramApi')
    cd /Users/buddhirajgautam/Documents/Cherrygram-Mac/macOS-Swift
    builtin-SwiftPerFileCompile Api32.swift

SwiftDriverJobDiscovery normal arm64 Compiling Api35.swift, SecretApiLayer101.swift (in target 'TelegramApi' from project 'TelegramApi')

SwiftCompile normal arm64 Compiling\ Api33.swift,\ Api34.swift /Users/buddhirajgautam/Documents/Cherrygram-Mac/macOS-Swift/submodules/telegram-ios/submodules/TelegramApi/Sources/Api33.swift /Users/buddhirajgautam/Documents/Cherrygram-Mac/macOS-Swift/submodules/telegram-ios/submodules/TelegramApi/Sources/Api34.swift (in target 'TelegramApi' from project 'TelegramApi')

SwiftCompile normal arm64 /Users/buddhirajgautam/Documents/Cherrygram-Mac/macOS-Swift/submodules/telegram-ios/submodules/TelegramApi/Sources/Api33.swift (in target 'TelegramApi' from project 'TelegramApi')
    cd /Users/buddhirajgautam/Documents/Cherrygram-Mac/macOS-Swift
    builtin-SwiftPerFileCompile Api33.swift

SwiftCompile normal arm64 /Users/buddhirajgautam/Documents/Cherrygram-Mac/macOS-Swift/submodules/telegram-ios/submodules/TelegramApi/Sources/Api34.swift (in target 'TelegramApi' from project 'TelegramApi')
    cd /Users/buddhirajgautam/Documents/Cherrygram-Mac/macOS-Swift
    builtin-SwiftPerFileCompile Api34.swift

SwiftDriverJobDiscovery normal arm64 Compiling SecretApiLayer73.swift, SecretApiLayer8.swift (in target 'TelegramApi' from project 'TelegramApi')

ScanDependencies /Users/buddhirajgautam/Library/Developer/Xcode/DerivedData/Telegram-Mac-fygdgghdgmuleoelvxabfmqiotta/Build/Intermediates.noindex/TGVideoCameraMovie.build/Debug/TGVideoCameraMovie-t.build/Objects-normal/arm64/TGVideoCameraMovieRecorder.o /Users/buddhirajgautam/Documents/Cherrygram-Mac/macOS-Swift/packages/TGVideoCameraMovie/Sources/TGVideoCameraMovieRecorder.m normal arm64 objective-c com.apple.compilers.llvm.clang.1_0.compiler (in target 'TGVideoCameraMovie' from project 'TGVideoCameraMovie')
    cd /Users/buddhirajgautam/Documents/Cherrygram-Mac/macOS-Swift
    
    Using response file: /Users/buddhirajgautam/Library/Developer/Xcode/DerivedData/Telegram-Mac-fygdgghdgmuleoelvxabfmqiotta/Build/Intermediates.noindex/TGVideoCameraMovie.build/Debug/TGVideoCameraMovie-t.build/Objects-normal/arm64/e6072d4f65d7061329687fe24e3d63a7-common-args.resp
    
    builtin-ScanDependencies -o /Users/buddhirajgautam/Library/Developer/Xcode/DerivedData/Telegram-Mac-fygdgghdgmuleoelvxabfmqiotta/Build/Intermediates.noindex/TGVideoCameraMovie.build/Debug/TGVideoCameraMovie-t.build/Objects-normal/arm64/TGVideoCameraMovieRecorder.o.scan -- /Applications/Xcode.app/Contents/Developer/Toolchains/XcodeDefault.xctoolchain/usr/bin/clang -x objective-c -ivfsstatcache /Users/buddhirajgautam/Library/Developer/Xcode/DerivedData/SDKStatCaches.noindex/macosx27.0-26A425-e829b21a6f8c9b70876ba0858053c0447231f6df4def33e022ae2eb8f782df1a.sdkstatcache -target arm64-apple-macos12.0 -fmessage-length\=0 -fdiagnostics-show-note-include-stack -fmacro-backtrace-limit\=0 -fno-color-diagnostics -fmodules-prune-interval\=86400 -fmodules-prune-after\=345600 -fbuild-session-file\=/Users/buddhirajgautam/Library/Developer/Xcode/DerivedData/ModuleCache.noindex/Session.modulevalidation -fmodules-validate-once-per-build-session -Wnon-modular-include-in-framework-module -Werror\=non-modular-include-in-framework-module -Wno-trigraphs -Wno-missing-field-initializers -Wno-missing-prototypes -Wno-return-type -Wno-implicit-atomic-properties -Wno-objc-interface-ivars -Wno-arc-repeated-use-of-weak -Wno-missing-braces -Wparentheses -Wswitch -Wno-unused-function -Wno-unused-label -Wno-unused-parameter -Wno-unused-variable -Wunused-value -Wno-empty-body -Wno-uninitialized -Wno-unknown-pragmas -Wno-shadow -Wno-four-char-constants -Wno-conversion -Wno-constant-conversion -Wno-int-conversion -Wno-bool-conversion -Wno-enum-conversion -Wno-float-conversion -Wno-non-literal-null-conversion -Wno-objc-literal-conversion -Wshorten-64-to-32 -Wpointer-sign -Wno-newline-eof -Wno-selector -Wno-strict-selector-match -Wno-undeclared-selector -Wno-deprecated-implementations -Wno-implicit-fallthrough -isysroot /Applications/Xcode.app/Contents/Developer/Platforms/MacOSX.platform/Developer/SDKs/MacOSX27.0.sdk -fstrict-aliasing -Wprotocol -Wdeprecated-declarations -Wno-sign-conversion -Wno-infinite-recursion -Wno-comma -Wno-block-capture-autoreleasing -Wno-strict-prototypes -Wno-semicolon-before-method-body -index-store-path /Users/buddhirajgautam/Library/Developer/Xcode/DerivedData/Telegram-Mac-fygdgghdgmuleoelvxabfmqiotta/Index.noindex/DataStore @/Users/buddhirajgautam/Library/Developer/Xcode/DerivedData/Telegram-Mac-fygdgghdgmuleoelvxabfmqiotta/Build/Intermediates.noindex/TGVideoCameraMovie.build/Debug/TGVideoCameraMovie-t.build/Objects-normal/arm64/e6072d4f65d7061329687fe24e3d63a7-common-args.resp -MMD -MT dependencies -MF /Users/buddhirajgautam/Library/Developer/Xcode/DerivedData/Telegram-Mac-fygdgghdgmuleoelvxabfmqiotta/Build/Intermediates.noindex/TGVideoCameraMovie.build/Debug/TGVideoCameraMovie-t.build/Objects-normal/arm64/TGVideoCameraMovieRecorder.d --serialize-diagnostics /Users/buddhirajgautam/Library/Developer/Xcode/DerivedData/Telegram-Mac-fygdgghdgmuleoelvxabfmqiotta/Build/Intermediates.noindex/TGVideoCameraMovie.build/Debug/TGVideoCameraMovie-t.build/Objects-normal/arm64/TGVideoCameraMovieRecorder.dia -c /Users/buddhirajgautam/Documents/Cherrygram-Mac/macOS-Swift/packages/TGVideoCameraMovie/Sources/TGVideoCameraMovieRecorder.m -o /Users/buddhirajgautam/Library/Developer/Xcode/DerivedData/Telegram-Mac-fygdgghdgmuleoelvxabfmqiotta/Build/Intermediates.noindex/TGVideoCameraMovie.build/Debug/TGVideoCameraMovie-t.build/Objects-normal/arm64/TGVideoCameraMovieRecorder.o -index-unit-output-path /TGVideoCameraMovie.build/Debug/TGVideoCameraMovie-t.build/Objects-normal/arm64/TGVideoCameraMovieRecorder.o

SwiftDriverJobDiscovery normal arm64 Compiling Api3.swift, Api30.swift (in target 'TelegramApi' from project 'TelegramApi')

ScanDependencies /Users/buddhirajgautam/Library/Developer/Xcode/DerivedData/Telegram-Mac-fygdgghdgmuleoelvxabfmqiotta/Build/Intermediates.noindex/TGVideoCameraMovie.build/Debug/TGVideoCameraMovie-t.build/Objects-normal/arm64/TGVideoCameraGLRenderer.o /Users/buddhirajgautam/Documents/Cherrygram-Mac/macOS-Swift/packages/TGVideoCameraMovie/Sources/TGVideoCameraGLRenderer.m normal arm64 objective-c com.apple.compilers.llvm.clang.1_0.compiler (in target 'TGVideoCameraMovie' from project 'TGVideoCameraMovie')
    cd /Users/buddhirajgautam/Documents/Cherrygram-Mac/macOS-Swift
    
    Using response file: /Users/buddhirajgautam/Library/Developer/Xcode/DerivedData/Telegram-Mac-fygdgghdgmuleoelvxabfmqiotta/Build/Intermediates.noindex/TGVideoCameraMovie.build/Debug/TGVideoCameraMovie-t.build/Objects-normal/arm64/e6072d4f65d7061329687fe24e3d63a7-common-args.resp
    
    builtin-ScanDependencies -o /Users/buddhirajgautam/Library/Developer/Xcode/DerivedData/Telegram-Mac-fygdgghdgmuleoelvxabfmqiotta/Build/Intermediates.noindex/TGVideoCameraMovie.build/Debug/TGVideoCameraMovie-t.build/Objects-normal/arm64/TGVideoCameraGLRenderer.o.scan -- /Applications/Xcode.app/Contents/Developer/Toolchains/XcodeDefault.xctoolchain/usr/bin/clang -x objective-c -ivfsstatcache /Users/buddhirajgautam/Library/Developer/Xcode/DerivedData/SDKStatCaches.noindex/macosx27.0-26A425-e829b21a6f8c9b70876ba0858053c0447231f6df4def33e022ae2eb8f782df1a.sdkstatcache -target arm64-apple-macos12.0 -fmessage-length\=0 -fdiagnostics-show-note-include-stack -fmacro-backtrace-limit\=0 -fno-color-diagnostics -fmodules-prune-interval\=86400 -fmodules-prune-after\=345600 -fbuild-session-file\=/Users/buddhirajgautam/Library/Developer/Xcode/DerivedData/ModuleCache.noindex/Session.modulevalidation -fmodules-validate-once-per-build-session -Wnon-modular-include-in-framework-module -Werror\=non-modular-include-in-framework-module -Wno-trigraphs -Wno-missing-field-initializers -Wno-missing-prototypes -Wno-return-type -Wno-implicit-atomic-properties -Wno-objc-interface-ivars -Wno-arc-repeated-use-of-weak -Wno-missing-braces -Wparentheses -Wswitch -Wno-unused-function -Wno-unused-label -Wno-unused-parameter -Wno-unused-variable -Wunused-value -Wno-empty-body -Wno-uninitialized -Wno-unknown-pragmas -Wno-shadow -Wno-four-char-constants -Wno-conversion -Wno-constant-conversion -Wno-int-conversion -Wno-bool-conversion -Wno-enum-conversion -Wno-float-conversion -Wno-non-literal-null-conversion -Wno-objc-literal-conversion -Wshorten-64-to-32 -Wpointer-sign -Wno-newline-eof -Wno-selector -Wno-strict-selector-match -Wno-undeclared-selector -Wno-deprecated-implementations -Wno-implicit-fallthrough -isysroot /Applications/Xcode.app/Contents/Developer/Platforms/MacOSX.platform/Developer/SDKs/MacOSX27.0.sdk -fstrict-aliasing -Wprotocol -Wdeprecated-declarations -Wno-sign-conversion -Wno-infinite-recursion -Wno-comma -Wno-block-capture-autoreleasing -Wno-strict-prototypes -Wno-semicolon-before-method-body -index-store-path /Users/buddhirajgautam/Library/Developer/Xcode/DerivedData/Telegram-Mac-fygdgghdgmuleoelvxabfmqiotta/Index.noindex/DataStore @/Users/buddhirajgautam/Library/Developer/Xcode/DerivedData/Telegram-Mac-fygdgghdgmuleoelvxabfmqiotta/Build/Intermediates.noindex/TGVideoCameraMovie.build/Debug/TGVideoCameraMovie-t.build/Objects-normal/arm64/e6072d4f65d7061329687fe24e3d63a7-common-args.resp -MMD -MT dependencies -MF /Users/buddhirajgautam/Library/Developer/Xcode/DerivedData/Telegram-Mac-fygdgghdgmuleoelvxabfmqiotta/Build/Intermediates.noindex/TGVideoCameraMovie.build/Debug/TGVideoCameraMovie-t.build/Objects-normal/arm64/TGVideoCameraGLRenderer.d --serialize-diagnostics /Users/buddhirajgautam/Library/Developer/Xcode/DerivedData/Telegram-Mac-fygdgghdgmuleoelvxabfmqiotta/Build/Intermediates.noindex/TGVideoCameraMovie.build/Debug/TGVideoCameraMovie-t.build/Objects-normal/arm64/TGVideoCameraGLRenderer.dia -c /Users/buddhirajgautam/Documents/Cherrygram-Mac/macOS-Swift/packages/TGVideoCameraMovie/Sources/TGVideoCameraGLRenderer.m -o /Users/buddhirajgautam/Library/Developer/Xcode/DerivedData/Telegram-Mac-fygdgghdgmuleoelvxabfmqiotta/Build/Intermediates.noindex/TGVideoCameraMovie.build/Debug/TGVideoCameraMovie-t.build/Objects-normal/arm64/TGVideoCameraGLRenderer.o -index-unit-output-path /TGVideoCameraMovie.build/Debug/TGVideoCameraMovie-t.build/Objects-normal/arm64/TGVideoCameraGLRenderer.o

SwiftDriverJobDiscovery normal arm64 Compiling Api31.swift, Api32.swift (in target 'TelegramApi' from project 'TelegramApi')

ScanDependencies /Users/buddhirajgautam/Library/Developer/Xcode/DerivedData/Telegram-Mac-fygdgghdgmuleoelvxabfmqiotta/Build/Intermediates.noindex/TGVideoCameraMovie.build/Debug/TGVideoCameraMovie-t.build/Objects-normal/arm64/TGPaintShader.o /Users/buddhirajgautam/Documents/Cherrygram-Mac/macOS-Swift/packages/TGVideoCameraMovie/Sources/TGPaintShader.m normal arm64 objective-c com.apple.compilers.llvm.clang.1_0.compiler (in target 'TGVideoCameraMovie' from project 'TGVideoCameraMovie')
    cd /Users/buddhirajgautam/Documents/Cherrygram-Mac/macOS-Swift
    
    Using response file: /Users/buddhirajgautam/Library/Developer/Xcode/DerivedData/Telegram-Mac-fygdgghdgmuleoelvxabfmqiotta/Build/Intermediates.noindex/TGVideoCameraMovie.build/Debug/TGVideoCameraMovie-t.build/Objects-normal/arm64/e6072d4f65d7061329687fe24e3d63a7-common-args.resp
    
    builtin-ScanDependencies -o /Users/buddhirajgautam/Library/Developer/Xcode/DerivedData/Telegram-Mac-fygdgghdgmuleoelvxabfmqiotta/Build/Intermediates.noindex/TGVideoCameraMovie.build/Debug/TGVideoCameraMovie-t.build/Objects-normal/arm64/TGPaintShader.o.scan -- /Applications/Xcode.app/Contents/Developer/Toolchains/XcodeDefault.xctoolchain/usr/bin/clang -x objective-c -ivfsstatcache /Users/buddhirajgautam/Library/Developer/Xcode/DerivedData/SDKStatCaches.noindex/macosx27.0-26A425-e829b21a6f8c9b70876ba0858053c0447231f6df4def33e022ae2eb8f782df1a.sdkstatcache -target arm64-apple-macos12.0 -fmessage-length\=0 -fdiagnostics-show-note-include-stack -fmacro-backtrace-limit\=0 -fno-color-diagnostics -fmodules-prune-interval\=86400 -fmodules-prune-after\=345600 -fbuild-session-file\=/Users/buddhirajgautam/Library/Developer/Xcode/DerivedData/ModuleCache.noindex/Session.modulevalidation -fmodules-validate-once-per-build-session -Wnon-modular-include-in-framework-module -Werror\=non-modular-include-in-framework-module -Wno-trigraphs -Wno-missing-field-initializers -Wno-missing-prototypes -Wno-return-type -Wno-implicit-atomic-properties -Wno-objc-interface-ivars -Wno-arc-repeated-use-of-weak -Wno-missing-braces -Wparentheses -Wswitch -Wno-unused-function -Wno-unused-label -Wno-unused-parameter -Wno-unused-variable -Wunused-value -Wno-empty-body -Wno-uninitialized -Wno-unknown-pragmas -Wno-shadow -Wno-four-char-constants -Wno-conversion -Wno-constant-conversion -Wno-int-conversion -Wno-bool-conversion -Wno-enum-conversion -Wno-float-conversion -Wno-non-literal-null-conversion -Wno-objc-literal-conversion -Wshorten-64-to-32 -Wpointer-sign -Wno-newline-eof -Wno-selector -Wno-strict-selector-match -Wno-undeclared-selector -Wno-deprecated-implementations -Wno-implicit-fallthrough -isysroot /Applications/Xcode.app/Contents/Developer/Platforms/MacOSX.platform/Developer/SDKs/MacOSX27.0.sdk -fstrict-aliasing -Wprotocol -Wdeprecated-declarations -Wno-sign-conversion -Wno-infinite-recursion -Wno-comma -Wno-block-capture-autoreleasing -Wno-strict-prototypes -Wno-semicolon-before-method-body -index-store-path /Users/buddhirajgautam/Library/Developer/Xcode/DerivedData/Telegram-Mac-fygdgghdgmuleoelvxabfmqiotta/Index.noindex/DataStore @/Users/buddhirajgautam/Library/Developer/Xcode/DerivedData/Telegram-Mac-fygdgghdgmuleoelvxabfmqiotta/Build/Intermediates.noindex/TGVideoCameraMovie.build/Debug/TGVideoCameraMovie-t.build/Objects-normal/arm64/e6072d4f65d7061329687fe24e3d63a7-common-args.resp -MMD -MT dependencies -MF /Users/buddhirajgautam/Library/Developer/Xcode/DerivedData/Telegram-Mac-fygdgghdgmuleoelvxabfmqiotta/Build/Intermediates.noindex/TGVideoCameraMovie.build/Debug/TGVideoCameraMovie-t.build/Objects-normal/arm64/TGPaintShader.d --serialize-diagnostics /Users/buddhirajgautam/Library/Developer/Xcode/DerivedData/Telegram-Mac-fygdgghdgmuleoelvxabfmqiotta/Build/Intermediates.noindex/TGVideoCameraMovie.build/Debug/TGVideoCameraMovie-t.build/Objects-normal/arm64/TGPaintShader.dia -c /Users/buddhirajgautam/Documents/Cherrygram-Mac/macOS-Swift/packages/TGVideoCameraMovie/Sources/TGPaintShader.m -o /Users/buddhirajgautam/Library/Developer/Xcode/DerivedData/Telegram-Mac-fygdgghdgmuleoelvxabfmqiotta/Build/Intermediates.noindex/TGVideoCameraMovie.build/Debug/TGVideoCameraMovie-t.build/Objects-normal/arm64/TGPaintShader.o -index-unit-output-path /TGVideoCameraMovie.build/Debug/TGVideoCameraMovie-t.build/Objects-normal/arm64/TGPaintShader.o

SwiftDriverJobDiscovery normal arm64 Compiling Api33.swift, Api34.swift (in target 'TelegramApi' from project 'TelegramApi')

ScanDependencies /Users/buddhirajgautam/Library/Developer/Xcode/DerivedData/Telegram-Mac-fygdgghdgmuleoelvxabfmqiotta/Build/Intermediates.noindex/TGPassportMRZ.build/Debug/TGPassportMRZ-t.build/Objects-normal/arm64/TGPassportMRZ.o /Users/buddhirajgautam/Documents/Cherrygram-Mac/macOS-Swift/packages/TGPassportMRZ/Sources/TGPassportMRZ/TGPassportMRZ.m normal arm64 objective-c com.apple.compilers.llvm.clang.1_0.compiler (in target 'TGPassportMRZ' from project 'TGPassportMRZ')
    cd /Users/buddhirajgautam/Documents/Cherrygram-Mac/macOS-Swift
    
    Using response file: /Users/buddhirajgautam/Library/Developer/Xcode/DerivedData/Telegram-Mac-fygdgghdgmuleoelvxabfmqiotta/Build/Intermediates.noindex/TGPassportMRZ.build/Debug/TGPassportMRZ-t.build/Objects-normal/arm64/e6072d4f65d7061329687fe24e3d63a7-common-args.resp
    
    builtin-ScanDependencies -o /Users/buddhirajgautam/Library/Developer/Xcode/DerivedData/Telegram-Mac-fygdgghdgmuleoelvxabfmqiotta/Build/Intermediates.noindex/TGPassportMRZ.build/Debug/TGPassportMRZ-t.build/Objects-normal/arm64/TGPassportMRZ.o.scan -- /Applications/Xcode.app/Contents/Developer/Toolchains/XcodeDefault.xctoolchain/usr/bin/clang -x objective-c -ivfsstatcache /Users/buddhirajgautam/Library/Developer/Xcode/DerivedData/SDKStatCaches.noindex/macosx27.0-26A425-e829b21a6f8c9b70876ba0858053c0447231f6df4def33e022ae2eb8f782df1a.sdkstatcache -target arm64-apple-macos12.0 -fmessage-length\=0 -fdiagnostics-show-note-include-stack -fmacro-backtrace-limit\=0 -fno-color-diagnostics -fmodules-prune-interval\=86400 -fmodules-prune-after\=345600 -fbuild-session-file\=/Users/buddhirajgautam/Library/Developer/Xcode/DerivedData/ModuleCache.noindex/Session.modulevalidation -fmodules-validate-once-per-build-session -Wnon-modular-include-in-framework-module -Werror\=non-modular-include-in-framework-module -Wno-trigraphs -Wno-missing-field-initializers -Wno-missing-prototypes -Wno-return-type -Wno-implicit-atomic-properties -Wno-objc-interface-ivars -Wno-arc-repeated-use-of-weak -Wno-missing-braces -Wparentheses -Wswitch -Wno-unused-function -Wno-unused-label -Wno-unused-parameter -Wno-unused-variable -Wunused-value -Wno-empty-body -Wno-uninitialized -Wno-unknown-pragmas -Wno-shadow -Wno-four-char-constants -Wno-conversion -Wno-constant-conversion -Wno-int-conversion -Wno-bool-conversion -Wno-enum-conversion -Wno-float-conversion -Wno-non-literal-null-conversion -Wno-objc-literal-conversion -Wshorten-64-to-32 -Wpointer-sign -Wno-newline-eof -Wno-selector -Wno-strict-selector-match -Wno-undeclared-selector -Wno-deprecated-implementations -Wno-implicit-fallthrough -isysroot /Applications/Xcode.app/Contents/Developer/Platforms/MacOSX.platform/Developer/SDKs/MacOSX27.0.sdk -fstrict-aliasing -Wprotocol -Wdeprecated-declarations -Wno-sign-conversion -Wno-infinite-recursion -Wno-comma -Wno-block-capture-autoreleasing -Wno-strict-prototypes -Wno-semicolon-before-method-body -index-store-path /Users/buddhirajgautam/Library/Developer/Xcode/DerivedData/Telegram-Mac-fygdgghdgmuleoelvxabfmqiotta/Index.noindex/DataStore @/Users/buddhirajgautam/Library/Developer/Xcode/DerivedData/Telegram-Mac-fygdgghdgmuleoelvxabfmqiotta/Build/Intermediates.noindex/TGPassportMRZ.build/Debug/TGPassportMRZ-t.build/Objects-normal/arm64/e6072d4f65d7061329687fe24e3d63a7-common-args.resp -MMD -MT dependencies -MF /Users/buddhirajgautam/Library/Developer/Xcode/DerivedData/Telegram-Mac-fygdgghdgmuleoelvxabfmqiotta/Build/Intermediates.noindex/TGPassportMRZ.build/Debug/TGPassportMRZ-t.build/Objects-normal/arm64/TGPassportMRZ.d --serialize-diagnostics /Users/buddhirajgautam/Library/Developer/Xcode/DerivedData/Telegram-Mac-fygdgghdgmuleoelvxabfmqiotta/Build/Intermediates.noindex/TGPassportMRZ.build/Debug/TGPassportMRZ-t.build/Objects-normal/arm64/TGPassportMRZ.dia -c /Users/buddhirajgautam/Documents/Cherrygram-Mac/macOS-Swift/packages/TGPassportMRZ/Sources/TGPassportMRZ/TGPassportMRZ.m -o /Users/buddhirajgautam/Library/Developer/Xcode/DerivedData/Telegram-Mac-fygdgghdgmuleoelvxabfmqiotta/Build/Intermediates.noindex/TGPassportMRZ.build/Debug/TGPassportMRZ-t.build/Objects-normal/arm64/TGPassportMRZ.o -index-unit-output-path /TGPassportMRZ.build/Debug/TGPassportMRZ-t.build/Objects-normal/arm64/TGPassportMRZ.o

CompileC /Users/buddhirajgautam/Library/Developer/Xcode/DerivedData/Telegram-Mac-fygdgghdgmuleoelvxabfmqiotta/Build/Intermediates.noindex/TGVideoCameraMovie.build/Debug/TGVideoCameraMovie-t.build/Objects-normal/arm64/TGPaintShader.o /Users/buddhirajgautam/Documents/Cherrygram-Mac/macOS-Swift/packages/TGVideoCameraMovie/Sources/TGPaintShader.m normal arm64 objective-c com.apple.compilers.llvm.clang.1_0.compiler (in target 'TGVideoCameraMovie' from project 'TGVideoCameraMovie')
    cd /Users/buddhirajgautam/Documents/Cherrygram-Mac/macOS-Swift
    
    Using response file: /Users/buddhirajgautam/Library/Developer/Xcode/DerivedData/Telegram-Mac-fygdgghdgmuleoelvxabfmqiotta/Build/Intermediates.noindex/TGVideoCameraMovie.build/Debug/TGVideoCameraMovie-t.build/Objects-normal/arm64/e6072d4f65d7061329687fe24e3d63a7-common-args.resp
    
    /Applications/Xcode.app/Contents/Developer/Toolchains/XcodeDefault.xctoolchain/usr/bin/clang -x objective-c -ivfsstatcache /Users/buddhirajgautam/Library/Developer/Xcode/DerivedData/SDKStatCaches.noindex/macosx27.0-26A425-e829b21a6f8c9b70876ba0858053c0447231f6df4def33e022ae2eb8f782df1a.sdkstatcache -target arm64-apple-macos12.0 -fmessage-length\=0 -fdiagnostics-show-note-include-stack -fmacro-backtrace-limit\=0 -fno-color-diagnostics -fmodules-prune-interval\=86400 -fmodules-prune-after\=345600 -fbuild-session-file\=/Users/buddhirajgautam/Library/Developer/Xcode/DerivedData/ModuleCache.noindex/Session.modulevalidation -fmodules-validate-once-per-build-session -Wnon-modular-include-in-framework-module -Werror\=non-modular-include-in-framework-module -Wno-trigraphs -Wno-missing-field-initializers -Wno-missing-prototypes -Wno-return-type -Wno-implicit-atomic-properties -Wno-objc-interface-ivars -Wno-arc-repeated-use-of-weak -Wno-missing-braces -Wparentheses -Wswitch -Wno-unused-function -Wno-unused-label -Wno-unused-parameter -Wno-unused-variable -Wunused-value -Wno-empty-body -Wno-uninitialized -Wno-unknown-pragmas -Wno-shadow -Wno-four-char-constants -Wno-conversion -Wno-constant-conversion -Wno-int-conversion -Wno-bool-conversion -Wno-enum-conversion -Wno-float-conversion -Wno-non-literal-null-conversion -Wno-objc-literal-conversion -Wshorten-64-to-32 -Wpointer-sign -Wno-newline-eof -Wno-selector -Wno-strict-selector-match -Wno-undeclared-selector -Wno-deprecated-implementations -Wno-implicit-fallthrough -isysroot /Applications/Xcode.app/Contents/Developer/Platforms/MacOSX.platform/Developer/SDKs/MacOSX27.0.sdk -fstrict-aliasing -Wprotocol -Wdeprecated-declarations -Wno-sign-conversion -Wno-infinite-recursion -Wno-comma -Wno-block-capture-autoreleasing -Wno-strict-prototypes -Wno-semicolon-before-method-body -index-store-path /Users/buddhirajgautam/Library/Developer/Xcode/DerivedData/Telegram-Mac-fygdgghdgmuleoelvxabfmqiotta/Index.noindex/DataStore @/Users/buddhirajgautam/Library/Developer/Xcode/DerivedData/Telegram-Mac-fygdgghdgmuleoelvxabfmqiotta/Build/Intermediates.noindex/TGVideoCameraMovie.build/Debug/TGVideoCameraMovie-t.build/Objects-normal/arm64/e6072d4f65d7061329687fe24e3d63a7-common-args.resp -MMD -MT dependencies -MF /Users/buddhirajgautam/Library/Developer/Xcode/DerivedData/Telegram-Mac-fygdgghdgmuleoelvxabfmqiotta/Build/Intermediates.noindex/TGVideoCameraMovie.build/Debug/TGVideoCameraMovie-t.build/Objects-normal/arm64/TGPaintShader.d --serialize-diagnostics /Users/buddhirajgautam/Library/Developer/Xcode/DerivedData/Telegram-Mac-fygdgghdgmuleoelvxabfmqiotta/Build/Intermediates.noindex/TGVideoCameraMovie.build/Debug/TGVideoCameraMovie-t.build/Objects-normal/arm64/TGPaintShader.dia -c /Users/buddhirajgautam/Documents/Cherrygram-Mac/macOS-Swift/packages/TGVideoCameraMovie/Sources/TGPaintShader.m -o /Users/buddhirajgautam/Library/Developer/Xcode/DerivedData/Telegram-Mac-fygdgghdgmuleoelvxabfmqiotta/Build/Intermediates.noindex/TGVideoCameraMovie.build/Debug/TGVideoCameraMovie-t.build/Objects-normal/arm64/TGPaintShader.o -index-unit-output-path /TGVideoCameraMovie.build/Debug/TGVideoCameraMovie-t.build/Objects-normal/arm64/TGPaintShader.o
/Users/buddhirajgautam/Documents/Cherrygram-Mac/macOS-Swift/packages/TGVideoCameraMovie/Sources/TGPaintShader.m:14:20: warning: 'glCreateProgram' is deprecated: first deprecated in macOS 10.14 - OpenGL API deprecated. (Define GL_SILENCE_DEPRECATION to silence these warnings) [-Wdeprecated-declarations]
   14 |         _program = glCreateProgram();
      |                    ^
In module 'OpenGL' imported from /Users/buddhirajgautam/Documents/Cherrygram-Mac/macOS-Swift/packages/TGVideoCameraMovie/Sources/TGPaintShader.h:2:
/Applications/Xcode.app/Contents/Developer/Platforms/MacOSX.platform/Developer/SDKs/MacOSX.sdk/System/Library/Frameworks/OpenGL.framework/Headers/gl3.h:1865:23: note: 'glCreateProgram' has been explicitly marked deprecated here
 1865 | GLAPI GLuint APIENTRY glCreateProgram (void) OPENGL_DEPRECATED(10.5, 10.14);
      |                       ^
/Users/buddhirajgautam/Documents/Cherrygram-Mac/macOS-Swift/packages/TGVideoCameraMovie/Sources/TGPaintShader.m:30:9: warning: 'glAttachShader' is deprecated: first deprecated in macOS 10.14 - OpenGL API deprecated. (Define GL_SILENCE_DEPRECATION to silence these warnings) [-Wdeprecated-declarations]
   30 |         glAttachShader(_program, vShader);
      |         ^
In module 'OpenGL' imported from /Users/buddhirajgautam/Documents/Cherrygram-Mac/macOS-Swift/packages/TGVideoCameraMovie/Sources/TGPaintShader.h:2:
/Applications/Xcode.app/Contents/Developer/Platforms/MacOSX.platform/Developer/SDKs/MacOSX.sdk/System/Library/Frameworks/OpenGL.framework/Headers/gl3.h:1862:21: note: 'glAttachShader' has been explicitly marked deprecated here
 1862 | GLAPI void APIENTRY glAttachShader (GLuint program, GLuint shader) OPENGL_DEPRECATED(10.5, 10.14);
      |                     ^
/Users/buddhirajgautam/Documents/Cherrygram-Mac/macOS-Swift/packages/TGVideoCameraMovie/Sources/TGPaintShader.m:31:9: warning: 'glAttachShader' is deprecated: first deprecated in macOS 10.14 - OpenGL API deprecated. (Define GL_SILENCE_DEPRECATION to silence these warnings) [-Wdeprecated-declarations]
   31 |         glAttachShader(_program, fShader);
      |         ^
In module 'OpenGL' imported from /Users/buddhirajgautam/Documents/Cherrygram-Mac/macOS-Swift/packages/TGVideoCameraMovie/Sources/TGPaintShader.h:2:
/Applications/Xcode.app/Contents/Developer/Platforms/MacOSX.platform/Developer/SDKs/MacOSX.sdk/System/Library/Frameworks/OpenGL.framework/Headers/gl3.h:1862:21: note: 'glAttachShader' has been explicitly marked deprecated here
 1862 | GLAPI void APIENTRY glAttachShader (GLuint program, GLuint shader) OPENGL_DEPRECATED(10.5, 10.14);
      |                     ^
/Users/buddhirajgautam/Documents/Cherrygram-Mac/macOS-Swift/packages/TGVideoCameraMovie/Sources/TGPaintShader.m:35:13: warning: 'glBindAttribLocation' is deprecated: first deprecated in macOS 10.14 - OpenGL API deprecated. (Define GL_SILENCE_DEPRECATION to silence these warnings) [-Wdeprecated-declarations]
   35 |             glBindAttribLocation(_program, (GLuint)index, [attribute UTF8String]);
      |             ^
In module 'OpenGL' imported from /Users/buddhirajgautam/Documents/Cherrygram-Mac/macOS-Swift/packages/TGVideoCameraMovie/Sources/TGPaintShader.h:2:
/Applications/Xcode.app/Contents/Developer/Platforms/MacOSX.platform/Developer/SDKs/MacOSX.sdk/System/Library/Frameworks/OpenGL.framework/Headers/gl3.h:1863:21: note: 'glBindAttribLocation' has been explicitly marked deprecated here
 1863 | GLAPI void APIENTRY glBindAttribLocation (GLuint program, GLuint index, const GLchar *name) OPENGL_DEPRECATED(10.5, 10.14);
      |                     ^
/Users/buddhirajgautam/Documents/Cherrygram-Mac/macOS-Swift/packages/TGVideoCameraMovie/Sources/TGPaintShader.m:47:38: warning: 'glGetUniformLocation' is deprecated: first deprecated in macOS 10.14 - OpenGL API deprecated. (Define GL_SILENCE_DEPRECATION to silence these warnings) [-Wdeprecated-declarations]
   47 |             uniformsMap[uniform] = @(glGetUniformLocation(_program, [uniform UTF8String]));
      |                                      ^
In module 'OpenGL' imported from /Users/buddhirajgautam/Documents/Cherrygram-Mac/macOS-Swift/packages/TGVideoCameraMovie/Sources/TGPaintShader.h:2:
/Applications/Xcode.app/Contents/Developer/Platforms/MacOSX.platform/Developer/SDKs/MacOSX.sdk/System/Library/Frameworks/OpenGL.framework/Headers/gl3.h:1881:22: note: 'glGetUniformLocation' has been explicitly marked deprecated here
 1881 | GLAPI GLint APIENTRY glGetUniformLocation (GLuint program, const GLchar *name) OPENGL_DEPRECATED(10.5, 10.14);
      |                      ^
/Users/buddhirajgautam/Documents/Cherrygram-Mac/macOS-Swift/packages/TGVideoCameraMovie/Sources/TGPaintShader.m:53:13: warning: 'glDeleteShader' is deprecated: first deprecated in macOS 10.14 - OpenGL API deprecated. (Define GL_SILENCE_DEPRECATION to silence these warnings) [-Wdeprecated-declarations]
   53 |             glDeleteShader(vShader);
      |             ^
In module 'OpenGL' imported from /Users/buddhirajgautam/Documents/Cherrygram-Mac/macOS-Swift/packages/TGVideoCameraMovie/Sources/TGPaintShader.h:2:
/Applications/Xcode.app/Contents/Developer/Platforms/MacOSX.platform/Developer/SDKs/MacOSX.sdk/System/Library/Frameworks/OpenGL.framework/Headers/gl3.h:1868:21: note: 'glDeleteShader' has been explicitly marked deprecated here
 1868 | GLAPI void APIENTRY glDeleteShader (GLuint shader) OPENGL_DEPRECATED(10.5, 10.14);
      |                     ^
/Users/buddhirajgautam/Documents/Cherrygram-Mac/macOS-Swift/packages/TGVideoCameraMovie/Sources/TGPaintShader.m:59:13: warning: 'glDeleteShader' is deprecated: first deprecated in macOS 10.14 - OpenGL API deprecated. (Define GL_SILENCE_DEPRECATION to silence these warnings) [-Wdeprecated-declarations]
   59 |             glDeleteShader(fShader);
      |             ^
In module 'OpenGL' imported from /Users/buddhirajgautam/Documents/Cherrygram-Mac/macOS-Swift/packages/TGVideoCameraMovie/Sources/TGPaintShader.h:2:
/Applications/Xcode.app/Contents/Developer/Platforms/MacOSX.platform/Developer/SDKs/MacOSX.sdk/System/Library/Frameworks/OpenGL.framework/Headers/gl3.h:1868:21: note: 'glDeleteShader' has been explicitly marked deprecated here
 1868 | GLAPI void APIENTRY glDeleteShader (GLuint shader) OPENGL_DEPRECATED(10.5, 10.14);
      |                     ^
/Users/buddhirajgautam/Documents/Cherrygram-Mac/macOS-Swift/packages/TGVideoCameraMovie/Sources/TGPaintShader.m:73:5: warning: 'glDeleteProgram' is deprecated: first deprecated in macOS 10.14 - OpenGL API deprecated. (Define GL_SILENCE_DEPRECATION to silence these warnings) [-Wdeprecated-declarations]
   73 |     glDeleteProgram(_program);
      |     ^
In module 'OpenGL' imported from /Users/buddhirajgautam/Documents/Cherrygram-Mac/macOS-Swift/packages/TGVideoCameraMovie/Sources/TGPaintShader.h:2:
/Applications/Xcode.app/Contents/Developer/Platforms/MacOSX.platform/Developer/SDKs/MacOSX.sdk/System/Library/Frameworks/OpenGL.framework/Headers/gl3.h:1867:21: note: 'glDeleteProgram' has been explicitly marked deprecated here
 1867 | GLAPI void APIENTRY glDeleteProgram (GLuint program) OPENGL_DEPRECATED(10.5, 10.14);
      |                     ^
/Users/buddhirajgautam/Documents/Cherrygram-Mac/macOS-Swift/packages/TGVideoCameraMovie/Sources/TGPaintShader.m:94:15: warning: 'glCreateShader' is deprecated: first deprecated in macOS 10.14 - OpenGL API deprecated. (Define GL_SILENCE_DEPRECATION to silence these warnings) [-Wdeprecated-declarations]
   94 |     *shader = glCreateShader(type);
      |               ^
In module 'OpenGL' imported from /Users/buddhirajgautam/Documents/Cherrygram-Mac/macOS-Swift/packages/TGVideoCameraMovie/Sources/TGPaintShader.h:2:
/Applications/Xcode.app/Contents/Developer/Platforms/MacOSX.platform/Developer/SDKs/MacOSX.sdk/System/Library/Frameworks/OpenGL.framework/Headers/gl3.h:1866:23: note: 'glCreateShader' has been explicitly marked deprecated here
 1866 | GLAPI GLuint APIENTRY glCreateShader (GLenum type) OPENGL_DEPRECATED(10.5, 10.14);
      |                       ^
/Users/buddhirajgautam/Documents/Cherrygram-Mac/macOS-Swift/packages/TGVideoCameraMovie/Sources/TGPaintShader.m:95:5: warning: 'glShaderSource' is deprecated: first deprecated in macOS 10.14 - OpenGL API deprecated. (Define GL_SILENCE_DEPRECATION to silence these warnings) [-Wdeprecated-declarations]
   95 |     glShaderSource(*shader, 1, &sources, NULL);
      |     ^
In module 'OpenGL' imported from /Users/buddhirajgautam/Documents/Cherrygram-Mac/macOS-Swift/packages/TGVideoCameraMovie/Sources/TGPaintShader.h:2:
/Applications/Xcode.app/Contents/Developer/Platforms/MacOSX.platform/Developer/SDKs/MacOSX.sdk/System/Library/Frameworks/OpenGL.framework/Headers/gl3.h:1891:21: note: 'glShaderSource' has been explicitly marked deprecated here
 1891 | GLAPI void APIENTRY glShaderSource (GLuint shader, GLsizei count, const GLchar* const *string, const GLint *length) OPENGL_DEPRECATED(10.5, 10.14);
      |                     ^
/Users/buddhirajgautam/Documents/Cherrygram-Mac/macOS-Swift/packages/TGVideoCameraMovie/Sources/TGPaintShader.m:96:5: warning: 'glCompileShader' is deprecated: first deprecated in macOS 10.14 - OpenGL API deprecated. (Define GL_SILENCE_DEPRECATION to silence these warnings) [-Wdeprecated-declarations]
   96 |     glCompileShader(*shader);
      |     ^
In module 'OpenGL' imported from /Users/buddhirajgautam/Documents/Cherrygram-Mac/macOS-Swift/packages/TGVideoCameraMovie/Sources/TGPaintShader.h:2:
/Applications/Xcode.app/Contents/Developer/Platforms/MacOSX.platform/Developer/SDKs/MacOSX.sdk/System/Library/Frameworks/OpenGL.framework/Headers/gl3.h:1864:21: note: 'glCompileShader' has been explicitly marked deprecated here
 1864 | GLAPI void APIENTRY glCompileShader (GLuint shader) OPENGL_DEPRECATED(10.5, 10.14);
      |                     ^
/Users/buddhirajgautam/Documents/Cherrygram-Mac/macOS-Swift/packages/TGVideoCameraMovie/Sources/TGPaintShader.m:100:5: warning: 'glGetShaderiv' is deprecated: first deprecated in macOS 10.14 - OpenGL API deprecated. (Define GL_SILENCE_DEPRECATION to silence these warnings) [-Wdeprecated-declarations]
  100 |     glGetShaderiv(*shader, GL_INFO_LOG_LENGTH, &logLength);
      |     ^
In module 'OpenGL' imported from /Users/buddhirajgautam/Documents/Cherrygram-Mac/macOS-Swift/packages/TGVideoCameraMovie/Sources/TGPaintShader.h:2:
/Applications/Xcode.app/Contents/Developer/Platforms/MacOSX.platform/Developer/SDKs/MacOSX.sdk/System/Library/Frameworks/OpenGL.framework/Headers/gl3.h:1878:21: note: 'glGetShaderiv' has been explicitly marked deprecated here
 1878 | GLAPI void APIENTRY glGetShaderiv (GLuint shader, GLenum pname, GLint *params) OPENGL_DEPRECATED(10.5, 10.14);
      |                     ^
/Users/buddhirajgautam/Documents/Cherrygram-Mac/macOS-Swift/packages/TGVideoCameraMovie/Sources/TGPaintShader.m:104:9: warning: 'glGetShaderInfoLog' is deprecated: first deprecated in macOS 10.14 - OpenGL API deprecated. (Define GL_SILENCE_DEPRECATION to silence these warnings) [-Wdeprecated-declarations]
  104 |         glGetShaderInfoLog(*shader, logLength, &logLength, log);
      |         ^
In module 'OpenGL' imported from /Users/buddhirajgautam/Documents/Cherrygram-Mac/macOS-Swift/packages/TGVideoCameraMovie/Sources/TGPaintShader.h:2:
/Applications/Xcode.app/Contents/Developer/Platforms/MacOSX.platform/Developer/SDKs/MacOSX.sdk/System/Library/Frameworks/OpenGL.framework/Headers/gl3.h:1879:21: note: 'glGetShaderInfoLog' has been explicitly marked deprecated here
 1879 | GLAPI void APIENTRY glGetShaderInfoLog (GLuint shader, GLsizei bufSize, GLsizei *length, GLchar *infoLog) OPENGL_DEPRECATED(10.5, 10.14);
      |                     ^
/Users/buddhirajgautam/Documents/Cherrygram-Mac/macOS-Swift/packages/TGVideoCameraMovie/Sources/TGPaintShader.m:110:5: warning: 'glGetShaderiv' is deprecated: first deprecated in macOS 10.14 - OpenGL API deprecated. (Define GL_SILENCE_DEPRECATION to silence these warnings) [-Wdeprecated-declarations]
  110 |     glGetShaderiv(*shader, GL_COMPILE_STATUS, &status);
      |     ^
In module 'OpenGL' imported from /Users/buddhirajgautam/Documents/Cherrygram-Mac/macOS-Swift/packages/TGVideoCameraMovie/Sources/TGPaintShader.h:2:
/Applications/Xcode.app/Contents/Developer/Platforms/MacOSX.platform/Developer/SDKs/MacOSX.sdk/System/Library/Frameworks/OpenGL.framework/Headers/gl3.h:1878:21: note: 'glGetShaderiv' has been explicitly marked deprecated here
 1878 | GLAPI void APIENTRY glGetShaderiv (GLuint shader, GLenum pname, GLint *params) OPENGL_DEPRECATED(10.5, 10.14);
      |                     ^
/Users/buddhirajgautam/Documents/Cherrygram-Mac/macOS-Swift/packages/TGVideoCameraMovie/Sources/TGPaintShader.m:122:5: warning: 'glLinkProgram' is deprecated: first deprecated in macOS 10.14 - OpenGL API deprecated. (Define GL_SILENCE_DEPRECATION to silence these warnings) [-Wdeprecated-declarations]
  122 |     glLinkProgram(program);
      |     ^
In module 'OpenGL' imported from /Users/buddhirajgautam/Documents/Cherrygram-Mac/macOS-Swift/packages/TGVideoCameraMovie/Sources/TGPaintShader.h:2:
/Applications/Xcode.app/Contents/Developer/Platforms/MacOSX.platform/Developer/SDKs/MacOSX.sdk/System/Library/Frameworks/OpenGL.framework/Headers/gl3.h:1890:21: note: 'glLinkProgram' has been explicitly marked deprecated here
 1890 | GLAPI void APIENTRY glLinkProgram (GLuint program) OPENGL_DEPRECATED(10.5, 10.14);
      |                     ^
/Users/buddhirajgautam/Documents/Cherrygram-Mac/macOS-Swift/packages/TGVideoCameraMovie/Sources/TGPaintShader.m:126:5: warning: 'glGetProgramiv' is deprecated: first deprecated in macOS 10.14 - OpenGL API deprecated. (Define GL_SILENCE_DEPRECATION to silence these warnings) [-Wdeprecated-declarations]
  126 |     glGetProgramiv(program, GL_INFO_LOG_LENGTH, &logLength);
      |     ^
In module 'OpenGL' imported from /Users/buddhirajgautam/Documents/Cherrygram-Mac/macOS-Swift/packages/TGVideoCameraMovie/Sources/TGPaintShader.h:2:
/Applications/Xcode.app/Contents/Developer/Platforms/MacOSX.platform/Developer/SDKs/MacOSX.sdk/System/Library/Frameworks/OpenGL.framework/Headers/gl3.h:1876:21: note: 'glGetProgramiv' has been explicitly marked deprecated here
 1876 | GLAPI void APIENTRY glGetProgramiv (GLuint program, GLenum pname, GLint *params) OPENGL_DEPRECATED(10.5, 10.14);
      |                     ^
/Users/buddhirajgautam/Documents/Cherrygram-Mac/macOS-Swift/packages/TGVideoCameraMovie/Sources/TGPaintShader.m:130:9: warning: 'glGetProgramInfoLog' is deprecated: first deprecated in macOS 10.14 - OpenGL API deprecated. (Define GL_SILENCE_DEPRECATION to silence these warnings) [-Wdeprecated-declarations]
  130 |         glGetProgramInfoLog(program, logLength, &logLength, log);
      |         ^
In module 'OpenGL' imported from /Users/buddhirajgautam/Documents/Cherrygram-Mac/macOS-Swift/packages/TGVideoCameraMovie/Sources/TGPaintShader.h:2:
/Applications/Xcode.app/Contents/Developer/Platforms/MacOSX.platform/Developer/SDKs/MacOSX.sdk/System/Library/Frameworks/OpenGL.framework/Headers/gl3.h:1877:21: note: 'glGetProgramInfoLog' has been explicitly marked deprecated here
 1877 | GLAPI void APIENTRY glGetProgramInfoLog (GLuint program, GLsizei bufSize, GLsizei *length, GLchar *infoLog) OPENGL_DEPRECATED(10.5, 10.14);
      |                     ^
/Users/buddhirajgautam/Documents/Cherrygram-Mac/macOS-Swift/packages/TGVideoCameraMovie/Sources/TGPaintShader.m:136:5: warning: 'glGetProgramiv' is deprecated: first deprecated in macOS 10.14 - OpenGL API deprecated. (Define GL_SILENCE_DEPRECATION to silence these warnings) [-Wdeprecated-declarations]
  136 |     glGetProgramiv(program, GL_LINK_STATUS, &status);
      |     ^
In module 'OpenGL' imported from /Users/buddhirajgautam/Documents/Cherrygram-Mac/macOS-Swift/packages/TGVideoCameraMovie/Sources/TGPaintShader.h:2:
/Applications/Xcode.app/Contents/Developer/Platforms/MacOSX.platform/Developer/SDKs/MacOSX.sdk/System/Library/Frameworks/OpenGL.framework/Headers/gl3.h:1876:21: note: 'glGetProgramiv' has been explicitly marked deprecated here
 1876 | GLAPI void APIENTRY glGetProgramiv (GLuint program, GLenum pname, GLint *params) OPENGL_DEPRECATED(10.5, 10.14);
      |                     ^
/Users/buddhirajgautam/Documents/Cherrygram-Mac/macOS-Swift/packages/TGVideoCameraMovie/Sources/TGPaintShader.m:146:9: warning: 'glDeleteShader' is deprecated: first deprecated in macOS 10.14 - OpenGL API deprecated. (Define GL_SILENCE_DEPRECATION to silence these warnings) [-Wdeprecated-declarations]
  146 |         glDeleteShader(vertexShader);
      |         ^
In module 'OpenGL' imported from /Users/buddhirajgautam/Documents/Cherrygram-Mac/macOS-Swift/packages/TGVideoCameraMovie/Sources/TGPaintShader.h:2:
/Applications/Xcode.app/Contents/Developer/Platforms/MacOSX.platform/Developer/SDKs/MacOSX.sdk/System/Library/Frameworks/OpenGL.framework/Headers/gl3.h:1868:21: note: 'glDeleteShader' has been explicitly marked deprecated here
 1868 | GLAPI void APIENTRY glDeleteShader (GLuint shader) OPENGL_DEPRECATED(10.5, 10.14);
      |                     ^
/Users/buddhirajgautam/Documents/Cherrygram-Mac/macOS-Swift/packages/TGVideoCameraMovie/Sources/TGPaintShader.m:149:9: warning: 'glDeleteShader' is deprecated: first deprecated in macOS 10.14 - OpenGL API deprecated. (Define GL_SILENCE_DEPRECATION to silence these warnings) [-Wdeprecated-declarations]
  149 |         glDeleteShader(fragmentShader);
      |         ^
In module 'OpenGL' imported from /Users/buddhirajgautam/Documents/Cherrygram-Mac/macOS-Swift/packages/TGVideoCameraMovie/Sources/TGPaintShader.h:2:
/Applications/Xcode.app/Contents/Developer/Platforms/MacOSX.platform/Developer/SDKs/MacOSX.sdk/System/Library/Frameworks/OpenGL.framework/Headers/gl3.h:1868:21: note: 'glDeleteShader' has been explicitly marked deprecated here
 1868 | GLAPI void APIENTRY glDeleteShader (GLuint shader) OPENGL_DEPRECATED(10.5, 10.14);
      |                     ^
/Users/buddhirajgautam/Documents/Cherrygram-Mac/macOS-Swift/packages/TGVideoCameraMovie/Sources/TGPaintShader.m:152:9: warning: 'glDeleteProgram' is deprecated: first deprecated in macOS 10.14 - OpenGL API deprecated. (Define GL_SILENCE_DEPRECATION to silence these warnings) [-Wdeprecated-declarations]
  152 |         glDeleteProgram(program);
      |         ^
In module 'OpenGL' imported from /Users/buddhirajgautam/Documents/Cherrygram-Mac/macOS-Swift/packages/TGVideoCameraMovie/Sources/TGPaintShader.h:2:
/Applications/Xcode.app/Contents/Developer/Platforms/MacOSX.platform/Developer/SDKs/MacOSX.sdk/System/Library/Frameworks/OpenGL.framework/Headers/gl3.h:1867:21: note: 'glDeleteProgram' has been explicitly marked deprecated here
 1867 | GLAPI void APIENTRY glDeleteProgram (GLuint program) OPENGL_DEPRECATED(10.5, 10.14);
      |                     ^
21 warnings generated.

PrecompileModule /Users/buddhirajgautam/Library/Developer/Xcode/DerivedData/Telegram-Mac-fygdgghdgmuleoelvxabfmqiotta/Build/Intermediates.noindex/ExplicitPrecompiledModules/CoreAudioTypes-6QFX02ZG4C668I34Q7XYTDA39.scan
    cd /
    builtin-precompileModule /Users/buddhirajgautam/Library/Developer/Xcode/DerivedData/Telegram-Mac-fygdgghdgmuleoelvxabfmqiotta/Build/Intermediates.noindex/ExplicitPrecompiledModules/CoreAudioTypes-6QFX02ZG4C668I34Q7XYTDA39.scan

PrecompileModule /Users/buddhirajgautam/Library/Developer/Xcode/DerivedData/Telegram-Mac-fygdgghdgmuleoelvxabfmqiotta/Build/Intermediates.noindex/ExplicitPrecompiledModules/CoreMIDI-4PN5HWYQC459OT8HZQR9JOLCL.scan
    cd /
    builtin-precompileModule /Users/buddhirajgautam/Library/Developer/Xcode/DerivedData/Telegram-Mac-fygdgghdgmuleoelvxabfmqiotta/Build/Intermediates.noindex/ExplicitPrecompiledModules/CoreMIDI-4PN5HWYQC459OT8HZQR9JOLCL.scan

PrecompileModule /Users/buddhirajgautam/Library/Developer/Xcode/DerivedData/Telegram-Mac-fygdgghdgmuleoelvxabfmqiotta/Build/Intermediates.noindex/ExplicitPrecompiledModules/CoreAudio-1KXRD6LKF5KPPX07DSJAH33C3.scan
    cd /
    builtin-precompileModule /Users/buddhirajgautam/Library/Developer/Xcode/DerivedData/Telegram-Mac-fygdgghdgmuleoelvxabfmqiotta/Build/Intermediates.noindex/ExplicitPrecompiledModules/CoreAudio-1KXRD6LKF5KPPX07DSJAH33C3.scan

PrecompileModule /Users/buddhirajgautam/Library/Developer/Xcode/DerivedData/Telegram-Mac-fygdgghdgmuleoelvxabfmqiotta/Build/Intermediates.noindex/ExplicitPrecompiledModules/_Builtin_tgmath-7W34O262DPZYVBXIO4D92AQRO.scan
    cd /
    builtin-precompileModule /Users/buddhirajgautam/Library/Developer/Xcode/DerivedData/Telegram-Mac-fygdgghdgmuleoelvxabfmqiotta/Build/Intermediates.noindex/ExplicitPrecompiledModules/_Builtin_tgmath-7W34O262DPZYVBXIO4D92AQRO.scan

PrecompileModule /Users/buddhirajgautam/Library/Developer/Xcode/DerivedData/Telegram-Mac-fygdgghdgmuleoelvxabfmqiotta/Build/Intermediates.noindex/ExplicitPrecompiledModules/UniformTypeIdentifiers-6VLJ3YX4L8TBN5Q0GEF3E3C4H.scan
    cd /
    builtin-precompileModule /Users/buddhirajgautam/Library/Developer/Xcode/DerivedData/Telegram-Mac-fygdgghdgmuleoelvxabfmqiotta/Build/Intermediates.noindex/ExplicitPrecompiledModules/UniformTypeIdentifiers-6VLJ3YX4L8TBN5Q0GEF3E3C4H.scan

PrecompileModule /Users/buddhirajgautam/Library/Developer/Xcode/DerivedData/Telegram-Mac-fygdgghdgmuleoelvxabfmqiotta/Build/Intermediates.noindex/ExplicitPrecompiledModules/Carbon-3QQZML59AJYTLIWAV1XHKFQE9.scan
    cd /
    builtin-precompileModule /Users/buddhirajgautam/Library/Developer/Xcode/DerivedData/Telegram-Mac-fygdgghdgmuleoelvxabfmqiotta/Build/Intermediates.noindex/ExplicitPrecompiledModules/Carbon-3QQZML59AJYTLIWAV1XHKFQE9.scan

PrecompileModule /Users/buddhirajgautam/Library/Developer/Xcode/DerivedData/Telegram-Mac-fygdgghdgmuleoelvxabfmqiotta/Build/Intermediates.noindex/ExplicitPrecompiledModules/simd-7GXRMSTES05VLW3P7BY7VC0WV.scan
    cd /
    builtin-precompileModule /Users/buddhirajgautam/Library/Developer/Xcode/DerivedData/Telegram-Mac-fygdgghdgmuleoelvxabfmqiotta/Build/Intermediates.noindex/ExplicitPrecompiledModules/simd-7GXRMSTES05VLW3P7BY7VC0WV.scan

PrecompileModule /Users/buddhirajgautam/Library/Developer/Xcode/DerivedData/Telegram-Mac-fygdgghdgmuleoelvxabfmqiotta/Build/Intermediates.noindex/ExplicitPrecompiledModules/CoreMedia-4MDMO4WLW292XF8DZYDZ51HQL.scan
    cd /
    builtin-precompileModule /Users/buddhirajgautam/Library/Developer/Xcode/DerivedData/Telegram-Mac-fygdgghdgmuleoelvxabfmqiotta/Build/Intermediates.noindex/ExplicitPrecompiledModules/CoreMedia-4MDMO4WLW292XF8DZYDZ51HQL.scan

CompileC /Users/buddhirajgautam/Library/Developer/Xcode/DerivedData/Telegram-Mac-fygdgghdgmuleoelvxabfmqiotta/Build/Intermediates.noindex/TGPassportMRZ.build/Debug/TGPassportMRZ-t.build/Objects-normal/arm64/TGPassportMRZ.o /Users/buddhirajgautam/Documents/Cherrygram-Mac/macOS-Swift/packages/TGPassportMRZ/Sources/TGPassportMRZ/TGPassportMRZ.m normal arm64 objective-c com.apple.compilers.llvm.clang.1_0.compiler (in target 'TGPassportMRZ' from project 'TGPassportMRZ')
    cd /Users/buddhirajgautam/Documents/Cherrygram-Mac/macOS-Swift
    
    Using response file: /Users/buddhirajgautam/Library/Developer/Xcode/DerivedData/Telegram-Mac-fygdgghdgmuleoelvxabfmqiotta/Build/Intermediates.noindex/TGPassportMRZ.build/Debug/TGPassportMRZ-t.build/Objects-normal/arm64/e6072d4f65d7061329687fe24e3d63a7-common-args.resp
    
    /Applications/Xcode.app/Contents/Developer/Toolchains/XcodeDefault.xctoolchain/usr/bin/clang -x objective-c -ivfsstatcache /Users/buddhirajgautam/Library/Developer/Xcode/DerivedData/SDKStatCaches.noindex/macosx27.0-26A425-e829b21a6f8c9b70876ba0858053c0447231f6df4def33e022ae2eb8f782df1a.sdkstatcache -target arm64-apple-macos12.0 -fmessage-length\=0 -fdiagnostics-show-note-include-stack -fmacro-backtrace-limit\=0 -fno-color-diagnostics -fmodules-prune-interval\=86400 -fmodules-prune-after\=345600 -fbuild-session-file\=/Users/buddhirajgautam/Library/Developer/Xcode/DerivedData/ModuleCache.noindex/Session.modulevalidation -fmodules-validate-once-per-build-session -Wnon-modular-include-in-framework-module -Werror\=non-modular-include-in-framework-module -Wno-trigraphs -Wno-missing-field-initializers -Wno-missing-prototypes -Wno-return-type -Wno-implicit-atomic-properties -Wno-objc-interface-ivars -Wno-arc-repeated-use-of-weak -Wno-missing-braces -Wparentheses -Wswitch -Wno-unused-function -Wno-unused-label -Wno-unused-parameter -Wno-unused-variable -Wunused-value -Wno-empty-body -Wno-uninitialized -Wno-unknown-pragmas -Wno-shadow -Wno-four-char-constants -Wno-conversion -Wno-constant-conversion -Wno-int-conversion -Wno-bool-conversion -Wno-enum-conversion -Wno-float-conversion -Wno-non-literal-null-conversion -Wno-objc-literal-conversion -Wshorten-64-to-32 -Wpointer-sign -Wno-newline-eof -Wno-selector -Wno-strict-selector-match -Wno-undeclared-selector -Wno-deprecated-implementations -Wno-implicit-fallthrough -isysroot /Applications/Xcode.app/Contents/Developer/Platforms/MacOSX.platform/Developer/SDKs/MacOSX27.0.sdk -fstrict-aliasing -Wprotocol -Wdeprecated-declarations -Wno-sign-conversion -Wno-infinite-recursion -Wno-comma -Wno-block-capture-autoreleasing -Wno-strict-prototypes -Wno-semicolon-before-method-body -index-store-path /Users/buddhirajgautam/Library/Developer/Xcode/DerivedData/Telegram-Mac-fygdgghdgmuleoelvxabfmqiotta/Index.noindex/DataStore @/Users/buddhirajgautam/Library/Developer/Xcode/DerivedData/Telegram-Mac-fygdgghdgmuleoelvxabfmqiotta/Build/Intermediates.noindex/TGPassportMRZ.build/Debug/TGPassportMRZ-t.build/Objects-normal/arm64/e6072d4f65d7061329687fe24e3d63a7-common-args.resp -MMD -MT dependencies -MF /Users/buddhirajgautam/Library/Developer/Xcode/DerivedData/Telegram-Mac-fygdgghdgmuleoelvxabfmqiotta/Build/Intermediates.noindex/TGPassportMRZ.build/Debug/TGPassportMRZ-t.build/Objects-normal/arm64/TGPassportMRZ.d --serialize-diagnostics /Users/buddhirajgautam/Library/Developer/Xcode/DerivedData/Telegram-Mac-fygdgghdgmuleoelvxabfmqiotta/Build/Intermediates.noindex/TGPassportMRZ.build/Debug/TGPassportMRZ-t.build/Objects-normal/arm64/TGPassportMRZ.dia -c /Users/buddhirajgautam/Documents/Cherrygram-Mac/macOS-Swift/packages/TGPassportMRZ/Sources/TGPassportMRZ/TGPassportMRZ.m -o /Users/buddhirajgautam/Library/Developer/Xcode/DerivedData/Telegram-Mac-fygdgghdgmuleoelvxabfmqiotta/Build/Intermediates.noindex/TGPassportMRZ.build/Debug/TGPassportMRZ-t.build/Objects-normal/arm64/TGPassportMRZ.o -index-unit-output-path /TGPassportMRZ.build/Debug/TGPassportMRZ-t.build/Objects-normal/arm64/TGPassportMRZ.o

PrecompileModule /Users/buddhirajgautam/Library/Developer/Xcode/DerivedData/Telegram-Mac-fygdgghdgmuleoelvxabfmqiotta/Build/Intermediates.noindex/ExplicitPrecompiledModules/AudioToolbox-7VJ8ABMUEDLRGCHKT069KZYLS.scan
    cd /
    builtin-precompileModule /Users/buddhirajgautam/Library/Developer/Xcode/DerivedData/Telegram-Mac-fygdgghdgmuleoelvxabfmqiotta/Build/Intermediates.noindex/ExplicitPrecompiledModules/AudioToolbox-7VJ8ABMUEDLRGCHKT069KZYLS.scan

PrecompileModule /Users/buddhirajgautam/Library/Developer/Xcode/DerivedData/Telegram-Mac-fygdgghdgmuleoelvxabfmqiotta/Build/Intermediates.noindex/ExplicitPrecompiledModules/VideoToolbox-6JLX030A40EC4HNBVNLHPQAES.scan
    cd /
    builtin-precompileModule /Users/buddhirajgautam/Library/Developer/Xcode/DerivedData/Telegram-Mac-fygdgghdgmuleoelvxabfmqiotta/Build/Intermediates.noindex/ExplicitPrecompiledModules/VideoToolbox-6JLX030A40EC4HNBVNLHPQAES.scan

Ld /Users/buddhirajgautam/Library/Developer/Xcode/DerivedData/Telegram-Mac-fygdgghdgmuleoelvxabfmqiotta/Build/Products/Debug/TGPassportMRZ.o normal (in target 'TGPassportMRZ' from project 'TGPassportMRZ')
    cd /Users/buddhirajgautam/Documents/Cherrygram-Mac/macOS-Swift/packages/TGPassportMRZ
    /Applications/Xcode.app/Contents/Developer/Toolchains/XcodeDefault.xctoolchain/usr/bin/clang -Xlinker -reproducible -target arm64-apple-macos12.0 -r -isysroot /Applications/Xcode.app/Contents/Developer/Platforms/MacOSX.platform/Developer/SDKs/MacOSX27.0.sdk -O0 -Xlinker -no_warn_duplicate_libraries -F/Users/buddhirajgautam/Library/Developer/Xcode/DerivedData/Telegram-Mac-fygdgghdgmuleoelvxabfmqiotta/Build/Intermediates.noindex/EagerLinkingTBDs/Debug -F/Users/buddhirajgautam/Library/Developer/Xcode/DerivedData/Telegram-Mac-fygdgghdgmuleoelvxabfmqiotta/Build/Products/Debug -iframework /Applications/Xcode.app/Contents/Developer/Platforms/MacOSX.platform/Developer/Library/Frameworks -filelist /Users/buddhirajgautam/Library/Developer/Xcode/DerivedData/Telegram-Mac-fygdgghdgmuleoelvxabfmqiotta/Build/Intermediates.noindex/TGPassportMRZ.build/Debug/TGPassportMRZ-t.build/Objects-normal/arm64/TGPassportMRZ.LinkFileList -nostdlib -Xlinker -object_path_lto -Xlinker /Users/buddhirajgautam/Library/Developer/Xcode/DerivedData/Telegram-Mac-fygdgghdgmuleoelvxabfmqiotta/Build/Intermediates.noindex/TGPassportMRZ.build/Debug/TGPassportMRZ-t.build/Objects-normal/arm64/TGPassportMRZ_lto.o -Xlinker -no_deduplicate -Xlinker -debug_variant -Xlinker -dependency_info -Xlinker /Users/buddhirajgautam/Library/Developer/Xcode/DerivedData/Telegram-Mac-fygdgghdgmuleoelvxabfmqiotta/Build/Intermediates.noindex/TGPassportMRZ.build/Debug/TGPassportMRZ-t.build/Objects-normal/arm64/TGPassportMRZ_dependency_info.dat -fobjc-arc -fobjc-link-runtime -o /Users/buddhirajgautam/Library/Developer/Xcode/DerivedData/Telegram-Mac-fygdgghdgmuleoelvxabfmqiotta/Build/Products/Debug/TGPassportMRZ.o

ScanDependencies /Users/buddhirajgautam/Library/Developer/Xcode/DerivedData/Telegram-Mac-fygdgghdgmuleoelvxabfmqiotta/Build/Intermediates.noindex/TGModernGrowingTextView.build/Debug/TGModernGrowingTextView-t.build/Objects-normal/arm64/TGModernGrowingTextView.o /Users/buddhirajgautam/Documents/Cherrygram-Mac/macOS-Swift/packages/TGModernGrowingTextView/Sources/TGModernGrowingTextView/TGModernGrowingTextView.m normal arm64 objective-c com.apple.compilers.llvm.clang.1_0.compiler (in target 'TGModernGrowingTextView' from project 'TGModernGrowingTextView')
    cd /Users/buddhirajgautam/Documents/Cherrygram-Mac/macOS-Swift
    
    Using response file: /Users/buddhirajgautam/Library/Developer/Xcode/DerivedData/Telegram-Mac-fygdgghdgmuleoelvxabfmqiotta/Build/Intermediates.noindex/TGModernGrowingTextView.build/Debug/TGModernGrowingTextView-t.build/Objects-normal/arm64/e6072d4f65d7061329687fe24e3d63a7-common-args.resp
    
    builtin-ScanDependencies -o /Users/buddhirajgautam/Library/Developer/Xcode/DerivedData/Telegram-Mac-fygdgghdgmuleoelvxabfmqiotta/Build/Intermediates.noindex/TGModernGrowingTextView.build/Debug/TGModernGrowingTextView-t.build/Objects-normal/arm64/TGModernGrowingTextView.o.scan -- /Applications/Xcode.app/Contents/Developer/Toolchains/XcodeDefault.xctoolchain/usr/bin/clang -x objective-c -ivfsstatcache /Users/buddhirajgautam/Library/Developer/Xcode/DerivedData/SDKStatCaches.noindex/macosx27.0-26A425-e829b21a6f8c9b70876ba0858053c0447231f6df4def33e022ae2eb8f782df1a.sdkstatcache -target arm64-apple-macos12.0 -fmessage-length\=0 -fdiagnostics-show-note-include-stack -fmacro-backtrace-limit\=0 -fno-color-diagnostics -fmodules-prune-interval\=86400 -fmodules-prune-after\=345600 -fbuild-session-file\=/Users/buddhirajgautam/Library/Developer/Xcode/DerivedData/ModuleCache.noindex/Session.modulevalidation -fmodules-validate-once-per-build-session -Wnon-modular-include-in-framework-module -Werror\=non-modular-include-in-framework-module -Wno-trigraphs -Wno-missing-field-initializers -Wno-missing-prototypes -Wno-return-type -Wno-implicit-atomic-properties -Wno-objc-interface-ivars -Wno-arc-repeated-use-of-weak -Wno-missing-braces -Wparentheses -Wswitch -Wno-unused-function -Wno-unused-label -Wno-unused-parameter -Wno-unused-variable -Wunused-value -Wno-empty-body -Wno-uninitialized -Wno-unknown-pragmas -Wno-shadow -Wno-four-char-constants -Wno-conversion -Wno-constant-conversion -Wno-int-conversion -Wno-bool-conversion -Wno-enum-conversion -Wno-float-conversion -Wno-non-literal-null-conversion -Wno-objc-literal-conversion -Wshorten-64-to-32 -Wpointer-sign -Wno-newline-eof -Wno-selector -Wno-strict-selector-match -Wno-undeclared-selector -Wno-deprecated-implementations -Wno-implicit-fallthrough -isysroot /Applications/Xcode.app/Contents/Developer/Platforms/MacOSX.platform/Developer/SDKs/MacOSX27.0.sdk -fstrict-aliasing -Wprotocol -Wdeprecated-declarations -Wno-sign-conversion -Wno-infinite-recursion -Wno-comma -Wno-block-capture-autoreleasing -Wno-strict-prototypes -Wno-semicolon-before-method-body -index-store-path /Users/buddhirajgautam/Library/Developer/Xcode/DerivedData/Telegram-Mac-fygdgghdgmuleoelvxabfmqiotta/Index.noindex/DataStore @/Users/buddhirajgautam/Library/Developer/Xcode/DerivedData/Telegram-Mac-fygdgghdgmuleoelvxabfmqiotta/Build/Intermediates.noindex/TGModernGrowingTextView.build/Debug/TGModernGrowingTextView-t.build/Objects-normal/arm64/e6072d4f65d7061329687fe24e3d63a7-common-args.resp -MMD -MT dependencies -MF /Users/buddhirajgautam/Library/Developer/Xcode/DerivedData/Telegram-Mac-fygdgghdgmuleoelvxabfmqiotta/Build/Intermediates.noindex/TGModernGrowingTextView.build/Debug/TGModernGrowingTextView-t.build/Objects-normal/arm64/TGModernGrowingTextView.d --serialize-diagnostics /Users/buddhirajgautam/Library/Developer/Xcode/DerivedData/Telegram-Mac-fygdgghdgmuleoelvxabfmqiotta/Build/Intermediates.noindex/TGModernGrowingTextView.build/Debug/TGModernGrowingTextView-t.build/Objects-normal/arm64/TGModernGrowingTextView.dia -c /Users/buddhirajgautam/Documents/Cherrygram-Mac/macOS-Swift/packages/TGModernGrowingTextView/Sources/TGModernGrowingTextView/TGModernGrowingTextView.m -o /Users/buddhirajgautam/Library/Developer/Xcode/DerivedData/Telegram-Mac-fygdgghdgmuleoelvxabfmqiotta/Build/Intermediates.noindex/TGModernGrowingTextView.build/Debug/TGModernGrowingTextView-t.build/Objects-normal/arm64/TGModernGrowingTextView.o -index-unit-output-path /TGModernGrowingTextView.build/Debug/TGModernGrowingTextView-t.build/Objects-normal/arm64/TGModernGrowingTextView.o

ScanDependencies /Users/buddhirajgautam/Library/Developer/Xcode/DerivedData/Telegram-Mac-fygdgghdgmuleoelvxabfmqiotta/Build/Intermediates.noindex/TGModernGrowingTextView.build/Debug/TGModernGrowingTextView-t.build/Objects-normal/arm64/TGInputTextTag.o /Users/buddhirajgautam/Documents/Cherrygram-Mac/macOS-Swift/packages/TGModernGrowingTextView/Sources/TGModernGrowingTextView/TGInputTextTag.m normal arm64 objective-c com.apple.compilers.llvm.clang.1_0.compiler (in target 'TGModernGrowingTextView' from project 'TGModernGrowingTextView')
    cd /Users/buddhirajgautam/Documents/Cherrygram-Mac/macOS-Swift
    
    Using response file: /Users/buddhirajgautam/Library/Developer/Xcode/DerivedData/Telegram-Mac-fygdgghdgmuleoelvxabfmqiotta/Build/Intermediates.noindex/TGModernGrowingTextView.build/Debug/TGModernGrowingTextView-t.build/Objects-normal/arm64/e6072d4f65d7061329687fe24e3d63a7-common-args.resp
    
    builtin-ScanDependencies -o /Users/buddhirajgautam/Library/Developer/Xcode/DerivedData/Telegram-Mac-fygdgghdgmuleoelvxabfmqiotta/Build/Intermediates.noindex/TGModernGrowingTextView.build/Debug/TGModernGrowingTextView-t.build/Objects-normal/arm64/TGInputTextTag.o.scan -- /Applications/Xcode.app/Contents/Developer/Toolchains/XcodeDefault.xctoolchain/usr/bin/clang -x objective-c -ivfsstatcache /Users/buddhirajgautam/Library/Developer/Xcode/DerivedData/SDKStatCaches.noindex/macosx27.0-26A425-e829b21a6f8c9b70876ba0858053c0447231f6df4def33e022ae2eb8f782df1a.sdkstatcache -target arm64-apple-macos12.0 -fmessage-length\=0 -fdiagnostics-show-note-include-stack -fmacro-backtrace-limit\=0 -fno-color-diagnostics -fmodules-prune-interval\=86400 -fmodules-prune-after\=345600 -fbuild-session-file\=/Users/buddhirajgautam/Library/Developer/Xcode/DerivedData/ModuleCache.noindex/Session.modulevalidation -fmodules-validate-once-per-build-session -Wnon-modular-include-in-framework-module -Werror\=non-modular-include-in-framework-module -Wno-trigraphs -Wno-missing-field-initializers -Wno-missing-prototypes -Wno-return-type -Wno-implicit-atomic-properties -Wno-objc-interface-ivars -Wno-arc-repeated-use-of-weak -Wno-missing-braces -Wparentheses -Wswitch -Wno-unused-function -Wno-unused-label -Wno-unused-parameter -Wno-unused-variable -Wunused-value -Wno-empty-body -Wno-uninitialized -Wno-unknown-pragmas -Wno-shadow -Wno-four-char-constants -Wno-conversion -Wno-constant-conversion -Wno-int-conversion -Wno-bool-conversion -Wno-enum-conversion -Wno-float-conversion -Wno-non-literal-null-conversion -Wno-objc-literal-conversion -Wshorten-64-to-32 -Wpointer-sign -Wno-newline-eof -Wno-selector -Wno-strict-selector-match -Wno-undeclared-selector -Wno-deprecated-implementations -Wno-implicit-fallthrough -isysroot /Applications/Xcode.app/Contents/Developer/Platforms/MacOSX.platform/Developer/SDKs/MacOSX27.0.sdk -fstrict-aliasing -Wprotocol -Wdeprecated-declarations -Wno-sign-conversion -Wno-infinite-recursion -Wno-comma -Wno-block-capture-autoreleasing -Wno-strict-prototypes -Wno-semicolon-before-method-body -index-store-path /Users/buddhirajgautam/Library/Developer/Xcode/DerivedData/Telegram-Mac-fygdgghdgmuleoelvxabfmqiotta/Index.noindex/DataStore @/Users/buddhirajgautam/Library/Developer/Xcode/DerivedData/Telegram-Mac-fygdgghdgmuleoelvxabfmqiotta/Build/Intermediates.noindex/TGModernGrowingTextView.build/Debug/TGModernGrowingTextView-t.build/Objects-normal/arm64/e6072d4f65d7061329687fe24e3d63a7-common-args.resp -MMD -MT dependencies -MF /Users/buddhirajgautam/Library/Developer/Xcode/DerivedData/Telegram-Mac-fygdgghdgmuleoelvxabfmqiotta/Build/Intermediates.noindex/TGModernGrowingTextView.build/Debug/TGModernGrowingTextView-t.build/Objects-normal/arm64/TGInputTextTag.d --serialize-diagnostics /Users/buddhirajgautam/Library/Developer/Xcode/DerivedData/Telegram-Mac-fygdgghdgmuleoelvxabfmqiotta/Build/Intermediates.noindex/TGModernGrowingTextView.build/Debug/TGModernGrowingTextView-t.build/Objects-normal/arm64/TGInputTextTag.dia -c /Users/buddhirajgautam/Documents/Cherrygram-Mac/macOS-Swift/packages/TGModernGrowingTextView/Sources/TGModernGrowingTextView/TGInputTextTag.m -o /Users/buddhirajgautam/Library/Developer/Xcode/DerivedData/Telegram-Mac-fygdgghdgmuleoelvxabfmqiotta/Build/Intermediates.noindex/TGModernGrowingTextView.build/Debug/TGModernGrowingTextView-t.build/Objects-normal/arm64/TGInputTextTag.o -index-unit-output-path /TGModernGrowingTextView.build/Debug/TGModernGrowingTextView-t.build/Objects-normal/arm64/TGInputTextTag.o

PrecompileModule /Users/buddhirajgautam/Library/Developer/Xcode/DerivedData/Telegram-Mac-fygdgghdgmuleoelvxabfmqiotta/Build/Intermediates.noindex/ExplicitPrecompiledModules/AVFAudio-23XD3M38PMLWXFCYG71R0O8Y3.scan
    cd /
    builtin-precompileModule /Users/buddhirajgautam/Library/Developer/Xcode/DerivedData/Telegram-Mac-fygdgghdgmuleoelvxabfmqiotta/Build/Intermediates.noindex/ExplicitPrecompiledModules/AVFAudio-23XD3M38PMLWXFCYG71R0O8Y3.scan

PrecompileModule /Users/buddhirajgautam/Library/Developer/Xcode/DerivedData/Telegram-Mac-fygdgghdgmuleoelvxabfmqiotta/Build/Intermediates.noindex/ExplicitPrecompiledModules/MediaToolbox-1RPNS2ZW2SC6UVI5PCR11AU2V.scan
    cd /
    builtin-precompileModule /Users/buddhirajgautam/Library/Developer/Xcode/DerivedData/Telegram-Mac-fygdgghdgmuleoelvxabfmqiotta/Build/Intermediates.noindex/ExplicitPrecompiledModules/MediaToolbox-1RPNS2ZW2SC6UVI5PCR11AU2V.scan

ScanDependencies /Users/buddhirajgautam/Library/Developer/Xcode/DerivedData/Telegram-Mac-fygdgghdgmuleoelvxabfmqiotta/Build/Intermediates.noindex/TGGifConverter.build/Debug/TGGifConverter-t.build/Objects-normal/arm64/TGGifConverter.o /Users/buddhirajgautam/Documents/Cherrygram-Mac/macOS-Swift/packages/TGGifConverter/Sources/TGGifConverter/TGGifConverter.m normal arm64 objective-c com.apple.compilers.llvm.clang.1_0.compiler (in target 'TGGifConverter' from project 'TGGifConverter')
    cd /Users/buddhirajgautam/Documents/Cherrygram-Mac/macOS-Swift
    
    Using response file: /Users/buddhirajgautam/Library/Developer/Xcode/DerivedData/Telegram-Mac-fygdgghdgmuleoelvxabfmqiotta/Build/Intermediates.noindex/TGGifConverter.build/Debug/TGGifConverter-t.build/Objects-normal/arm64/e6072d4f65d7061329687fe24e3d63a7-common-args.resp
    
    builtin-ScanDependencies -o /Users/buddhirajgautam/Library/Developer/Xcode/DerivedData/Telegram-Mac-fygdgghdgmuleoelvxabfmqiotta/Build/Intermediates.noindex/TGGifConverter.build/Debug/TGGifConverter-t.build/Objects-normal/arm64/TGGifConverter.o.scan -- /Applications/Xcode.app/Contents/Developer/Toolchains/XcodeDefault.xctoolchain/usr/bin/clang -x objective-c -ivfsstatcache /Users/buddhirajgautam/Library/Developer/Xcode/DerivedData/SDKStatCaches.noindex/macosx27.0-26A425-e829b21a6f8c9b70876ba0858053c0447231f6df4def33e022ae2eb8f782df1a.sdkstatcache -target arm64-apple-macos12.0 -fmessage-length\=0 -fdiagnostics-show-note-include-stack -fmacro-backtrace-limit\=0 -fno-color-diagnostics -fmodules-prune-interval\=86400 -fmodules-prune-after\=345600 -fbuild-session-file\=/Users/buddhirajgautam/Library/Developer/Xcode/DerivedData/ModuleCache.noindex/Session.modulevalidation -fmodules-validate-once-per-build-session -Wnon-modular-include-in-framework-module -Werror\=non-modular-include-in-framework-module -Wno-trigraphs -Wno-missing-field-initializers -Wno-missing-prototypes -Wno-return-type -Wno-implicit-atomic-properties -Wno-objc-interface-ivars -Wno-arc-repeated-use-of-weak -Wno-missing-braces -Wparentheses -Wswitch -Wno-unused-function -Wno-unused-label -Wno-unused-parameter -Wno-unused-variable -Wunused-value -Wno-empty-body -Wno-uninitialized -Wno-unknown-pragmas -Wno-shadow -Wno-four-char-constants -Wno-conversion -Wno-constant-conversion -Wno-int-conversion -Wno-bool-conversion -Wno-enum-conversion -Wno-float-conversion -Wno-non-literal-null-conversion -Wno-objc-literal-conversion -Wshorten-64-to-32 -Wpointer-sign -Wno-newline-eof -Wno-selector -Wno-strict-selector-match -Wno-undeclared-selector -Wno-deprecated-implementations -Wno-implicit-fallthrough -isysroot /Applications/Xcode.app/Contents/Developer/Platforms/MacOSX.platform/Developer/SDKs/MacOSX27.0.sdk -fstrict-aliasing -Wprotocol -Wdeprecated-declarations -Wno-sign-conversion -Wno-infinite-recursion -Wno-comma -Wno-block-capture-autoreleasing -Wno-strict-prototypes -Wno-semicolon-before-method-body -index-store-path /Users/buddhirajgautam/Library/Developer/Xcode/DerivedData/Telegram-Mac-fygdgghdgmuleoelvxabfmqiotta/Index.noindex/DataStore @/Users/buddhirajgautam/Library/Developer/Xcode/DerivedData/Telegram-Mac-fygdgghdgmuleoelvxabfmqiotta/Build/Intermediates.noindex/TGGifConverter.build/Debug/TGGifConverter-t.build/Objects-normal/arm64/e6072d4f65d7061329687fe24e3d63a7-common-args.resp -MMD -MT dependencies -MF /Users/buddhirajgautam/Library/Developer/Xcode/DerivedData/Telegram-Mac-fygdgghdgmuleoelvxabfmqiotta/Build/Intermediates.noindex/TGGifConverter.build/Debug/TGGifConverter-t.build/Objects-normal/arm64/TGGifConverter.d --serialize-diagnostics /Users/buddhirajgautam/Library/Developer/Xcode/DerivedData/Telegram-Mac-fygdgghdgmuleoelvxabfmqiotta/Build/Intermediates.noindex/TGGifConverter.build/Debug/TGGifConverter-t.build/Objects-normal/arm64/TGGifConverter.dia -c /Users/buddhirajgautam/Documents/Cherrygram-Mac/macOS-Swift/packages/TGGifConverter/Sources/TGGifConverter/TGGifConverter.m -o /Users/buddhirajgautam/Library/Developer/Xcode/DerivedData/Telegram-Mac-fygdgghdgmuleoelvxabfmqiotta/Build/Intermediates.noindex/TGGifConverter.build/Debug/TGGifConverter-t.build/Objects-normal/arm64/TGGifConverter.o -index-unit-output-path /TGGifConverter.build/Debug/TGGifConverter-t.build/Objects-normal/arm64/TGGifConverter.o

PrecompileModule /Users/buddhirajgautam/Library/Developer/Xcode/DerivedData/Telegram-Mac-fygdgghdgmuleoelvxabfmqiotta/Build/Intermediates.noindex/ExplicitPrecompiledModules/AVFoundation-6AJ7CNQ8LP2ULSN3R8WQ1BZ96.scan
    cd /
    builtin-precompileModule /Users/buddhirajgautam/Library/Developer/Xcode/DerivedData/Telegram-Mac-fygdgghdgmuleoelvxabfmqiotta/Build/Intermediates.noindex/ExplicitPrecompiledModules/AVFoundation-6AJ7CNQ8LP2ULSN3R8WQ1BZ96.scan

CompileC /Users/buddhirajgautam/Library/Developer/Xcode/DerivedData/Telegram-Mac-fygdgghdgmuleoelvxabfmqiotta/Build/Intermediates.noindex/TGModernGrowingTextView.build/Debug/TGModernGrowingTextView-t.build/Objects-normal/arm64/TGInputTextTag.o /Users/buddhirajgautam/Documents/Cherrygram-Mac/macOS-Swift/packages/TGModernGrowingTextView/Sources/TGModernGrowingTextView/TGInputTextTag.m normal arm64 objective-c com.apple.compilers.llvm.clang.1_0.compiler (in target 'TGModernGrowingTextView' from project 'TGModernGrowingTextView')
    cd /Users/buddhirajgautam/Documents/Cherrygram-Mac/macOS-Swift
    
    Using response file: /Users/buddhirajgautam/Library/Developer/Xcode/DerivedData/Telegram-Mac-fygdgghdgmuleoelvxabfmqiotta/Build/Intermediates.noindex/TGModernGrowingTextView.build/Debug/TGModernGrowingTextView-t.build/Objects-normal/arm64/e6072d4f65d7061329687fe24e3d63a7-common-args.resp
    
    /Applications/Xcode.app/Contents/Developer/Toolchains/XcodeDefault.xctoolchain/usr/bin/clang -x objective-c -ivfsstatcache /Users/buddhirajgautam/Library/Developer/Xcode/DerivedData/SDKStatCaches.noindex/macosx27.0-26A425-e829b21a6f8c9b70876ba0858053c0447231f6df4def33e022ae2eb8f782df1a.sdkstatcache -target arm64-apple-macos12.0 -fmessage-length\=0 -fdiagnostics-show-note-include-stack -fmacro-backtrace-limit\=0 -fno-color-diagnostics -fmodules-prune-interval\=86400 -fmodules-prune-after\=345600 -fbuild-session-file\=/Users/buddhirajgautam/Library/Developer/Xcode/DerivedData/ModuleCache.noindex/Session.modulevalidation -fmodules-validate-once-per-build-session -Wnon-modular-include-in-framework-module -Werror\=non-modular-include-in-framework-module -Wno-trigraphs -Wno-missing-field-initializers -Wno-missing-prototypes -Wno-return-type -Wno-implicit-atomic-properties -Wno-objc-interface-ivars -Wno-arc-repeated-use-of-weak -Wno-missing-braces -Wparentheses -Wswitch -Wno-unused-function -Wno-unused-label -Wno-unused-parameter -Wno-unused-variable -Wunused-value -Wno-empty-body -Wno-uninitialized -Wno-unknown-pragmas -Wno-shadow -Wno-four-char-constants -Wno-conversion -Wno-constant-conversion -Wno-int-conversion -Wno-bool-conversion -Wno-enum-conversion -Wno-float-conversion -Wno-non-literal-null-conversion -Wno-objc-literal-conversion -Wshorten-64-to-32 -Wpointer-sign -Wno-newline-eof -Wno-selector -Wno-strict-selector-match -Wno-undeclared-selector -Wno-deprecated-implementations -Wno-implicit-fallthrough -isysroot /Applications/Xcode.app/Contents/Developer/Platforms/MacOSX.platform/Developer/SDKs/MacOSX27.0.sdk -fstrict-aliasing -Wprotocol -Wdeprecated-declarations -Wno-sign-conversion -Wno-infinite-recursion -Wno-comma -Wno-block-capture-autoreleasing -Wno-strict-prototypes -Wno-semicolon-before-method-body -index-store-path /Users/buddhirajgautam/Library/Developer/Xcode/DerivedData/Telegram-Mac-fygdgghdgmuleoelvxabfmqiotta/Index.noindex/DataStore @/Users/buddhirajgautam/Library/Developer/Xcode/DerivedData/Telegram-Mac-fygdgghdgmuleoelvxabfmqiotta/Build/Intermediates.noindex/TGModernGrowingTextView.build/Debug/TGModernGrowingTextView-t.build/Objects-normal/arm64/e6072d4f65d7061329687fe24e3d63a7-common-args.resp -MMD -MT dependencies -MF /Users/buddhirajgautam/Library/Developer/Xcode/DerivedData/Telegram-Mac-fygdgghdgmuleoelvxabfmqiotta/Build/Intermediates.noindex/TGModernGrowingTextView.build/Debug/TGModernGrowingTextView-t.build/Objects-normal/arm64/TGInputTextTag.d --serialize-diagnostics /Users/buddhirajgautam/Library/Developer/Xcode/DerivedData/Telegram-Mac-fygdgghdgmuleoelvxabfmqiotta/Build/Intermediates.noindex/TGModernGrowingTextView.build/Debug/TGModernGrowingTextView-t.build/Objects-normal/arm64/TGInputTextTag.dia -c /Users/buddhirajgautam/Documents/Cherrygram-Mac/macOS-Swift/packages/TGModernGrowingTextView/Sources/TGModernGrowingTextView/TGInputTextTag.m -o /Users/buddhirajgautam/Library/Developer/Xcode/DerivedData/Telegram-Mac-fygdgghdgmuleoelvxabfmqiotta/Build/Intermediates.noindex/TGModernGrowingTextView.build/Debug/TGModernGrowingTextView-t.build/Objects-normal/arm64/TGInputTextTag.o -index-unit-output-path /TGModernGrowingTextView.build/Debug/TGModernGrowingTextView-t.build/Objects-normal/arm64/TGInputTextTag.o

CompileC /Users/buddhirajgautam/Library/Developer/Xcode/DerivedData/Telegram-Mac-fygdgghdgmuleoelvxabfmqiotta/Build/Intermediates.noindex/TGModernGrowingTextView.build/Debug/TGModernGrowingTextView-t.build/Objects-normal/arm64/TGModernGrowingTextView.o /Users/buddhirajgautam/Documents/Cherrygram-Mac/macOS-Swift/packages/TGModernGrowingTextView/Sources/TGModernGrowingTextView/TGModernGrowingTextView.m normal arm64 objective-c com.apple.compilers.llvm.clang.1_0.compiler (in target 'TGModernGrowingTextView' from project 'TGModernGrowingTextView')
    cd /Users/buddhirajgautam/Documents/Cherrygram-Mac/macOS-Swift
    
    Using response file: /Users/buddhirajgautam/Library/Developer/Xcode/DerivedData/Telegram-Mac-fygdgghdgmuleoelvxabfmqiotta/Build/Intermediates.noindex/TGModernGrowingTextView.build/Debug/TGModernGrowingTextView-t.build/Objects-normal/arm64/e6072d4f65d7061329687fe24e3d63a7-common-args.resp
    
    /Applications/Xcode.app/Contents/Developer/Toolchains/XcodeDefault.xctoolchain/usr/bin/clang -x objective-c -ivfsstatcache /Users/buddhirajgautam/Library/Developer/Xcode/DerivedData/SDKStatCaches.noindex/macosx27.0-26A425-e829b21a6f8c9b70876ba0858053c0447231f6df4def33e022ae2eb8f782df1a.sdkstatcache -target arm64-apple-macos12.0 -fmessage-length\=0 -fdiagnostics-show-note-include-stack -fmacro-backtrace-limit\=0 -fno-color-diagnostics -fmodules-prune-interval\=86400 -fmodules-prune-after\=345600 -fbuild-session-file\=/Users/buddhirajgautam/Library/Developer/Xcode/DerivedData/ModuleCache.noindex/Session.modulevalidation -fmodules-validate-once-per-build-session -Wnon-modular-include-in-framework-module -Werror\=non-modular-include-in-framework-module -Wno-trigraphs -Wno-missing-field-initializers -Wno-missing-prototypes -Wno-return-type -Wno-implicit-atomic-properties -Wno-objc-interface-ivars -Wno-arc-repeated-use-of-weak -Wno-missing-braces -Wparentheses -Wswitch -Wno-unused-function -Wno-unused-label -Wno-unused-parameter -Wno-unused-variable -Wunused-value -Wno-empty-body -Wno-uninitialized -Wno-unknown-pragmas -Wno-shadow -Wno-four-char-constants -Wno-conversion -Wno-constant-conversion -Wno-int-conversion -Wno-bool-conversion -Wno-enum-conversion -Wno-float-conversion -Wno-non-literal-null-conversion -Wno-objc-literal-conversion -Wshorten-64-to-32 -Wpointer-sign -Wno-newline-eof -Wno-selector -Wno-strict-selector-match -Wno-undeclared-selector -Wno-deprecated-implementations -Wno-implicit-fallthrough -isysroot /Applications/Xcode.app/Contents/Developer/Platforms/MacOSX.platform/Developer/SDKs/MacOSX27.0.sdk -fstrict-aliasing -Wprotocol -Wdeprecated-declarations -Wno-sign-conversion -Wno-infinite-recursion -Wno-comma -Wno-block-capture-autoreleasing -Wno-strict-prototypes -Wno-semicolon-before-method-body -index-store-path /Users/buddhirajgautam/Library/Developer/Xcode/DerivedData/Telegram-Mac-fygdgghdgmuleoelvxabfmqiotta/Index.noindex/DataStore @/Users/buddhirajgautam/Library/Developer/Xcode/DerivedData/Telegram-Mac-fygdgghdgmuleoelvxabfmqiotta/Build/Intermediates.noindex/TGModernGrowingTextView.build/Debug/TGModernGrowingTextView-t.build/Objects-normal/arm64/e6072d4f65d7061329687fe24e3d63a7-common-args.resp -MMD -MT dependencies -MF /Users/buddhirajgautam/Library/Developer/Xcode/DerivedData/Telegram-Mac-fygdgghdgmuleoelvxabfmqiotta/Build/Intermediates.noindex/TGModernGrowingTextView.build/Debug/TGModernGrowingTextView-t.build/Objects-normal/arm64/TGModernGrowingTextView.d --serialize-diagnostics /Users/buddhirajgautam/Library/Developer/Xcode/DerivedData/Telegram-Mac-fygdgghdgmuleoelvxabfmqiotta/Build/Intermediates.noindex/TGModernGrowingTextView.build/Debug/TGModernGrowingTextView-t.build/Objects-normal/arm64/TGModernGrowingTextView.dia -c /Users/buddhirajgautam/Documents/Cherrygram-Mac/macOS-Swift/packages/TGModernGrowingTextView/Sources/TGModernGrowingTextView/TGModernGrowingTextView.m -o /Users/buddhirajgautam/Library/Developer/Xcode/DerivedData/Telegram-Mac-fygdgghdgmuleoelvxabfmqiotta/Build/Intermediates.noindex/TGModernGrowingTextView.build/Debug/TGModernGrowingTextView-t.build/Objects-normal/arm64/TGModernGrowingTextView.o -index-unit-output-path /TGModernGrowingTextView.build/Debug/TGModernGrowingTextView-t.build/Objects-normal/arm64/TGModernGrowingTextView.o
In file included from /Users/buddhirajgautam/Documents/Cherrygram-Mac/macOS-Swift/packages/TGModernGrowingTextView/Sources/TGModernGrowingTextView/TGModernGrowingTextView.m:9:
/Users/buddhirajgautam/Documents/Cherrygram-Mac/macOS-Swift/packages/TGModernGrowingTextView/Sources/TGModernGrowingTextView/TGModernGrowingTextView.h:28:50: warning: pointer is missing a nullability type specifier (_Nonnull, _Nullable, or _Null_unspecified) [-Wnullability-completeness]
   28 | @property (nonatomic, strong) NSAttributedString *was;
      |                                                  ^
/Users/buddhirajgautam/Documents/Cherrygram-Mac/macOS-Swift/packages/TGModernGrowingTextView/Sources/TGModernGrowingTextView/TGModernGrowingTextView.h:28:50: note: insert '_Nullable' if the pointer may be null
   28 | @property (nonatomic, strong) NSAttributedString *was;
      |                                                  ^
      |                                                    _Nullable 
/Users/buddhirajgautam/Documents/Cherrygram-Mac/macOS-Swift/packages/TGModernGrowingTextView/Sources/TGModernGrowingTextView/TGModernGrowingTextView.h:28:50: note: insert '_Nonnull' if the pointer should never be null
   28 | @property (nonatomic, strong) NSAttributedString *was;
      |                                                  ^
      |                                                    _Nonnull 
/Users/buddhirajgautam/Documents/Cherrygram-Mac/macOS-Swift/packages/TGModernGrowingTextView/Sources/TGModernGrowingTextView/TGModernGrowingTextView.h:29:50: warning: pointer is missing a nullability type specifier (_Nonnull, _Nullable, or _Null_unspecified) [-Wnullability-completeness]
   29 | @property (nonatomic, strong) NSAttributedString *be;
      |                                                  ^
/Users/buddhirajgautam/Documents/Cherrygram-Mac/macOS-Swift/packages/TGModernGrowingTextView/Sources/TGModernGrowingTextView/TGModernGrowingTextView.h:29:50: note: insert '_Nullable' if the pointer may be null
   29 | @property (nonatomic, strong) NSAttributedString *be;
      |                                                  ^
      |                                                    _Nullable 
/Users/buddhirajgautam/Documents/Cherrygram-Mac/macOS-Swift/packages/TGModernGrowingTextView/Sources/TGModernGrowingTextView/TGModernGrowingTextView.h:29:50: note: insert '_Nonnull' if the pointer should never be null
   29 | @property (nonatomic, strong) NSAttributedString *be;
      |                                                  ^
      |                                                    _Nonnull 
/Users/buddhirajgautam/Documents/Cherrygram-Mac/macOS-Swift/packages/TGModernGrowingTextView/Sources/TGModernGrowingTextView/TGModernGrowingTextView.h:31:3: warning: pointer is missing a nullability type specifier (_Nonnull, _Nullable, or _Null_unspecified) [-Wnullability-completeness]
   31 | -(id)initWithAttributedString:(NSAttributedString *)was be: (NSAttributedString *)be inRange:(NSRange)inRange;
      |   ^
/Users/buddhirajgautam/Documents/Cherrygram-Mac/macOS-Swift/packages/TGModernGrowingTextView/Sources/TGModernGrowingTextView/TGModernGrowingTextView.h:31:3: note: insert '_Nullable' if the pointer may be null
   31 | -(id)initWithAttributedString:(NSAttributedString *)was be: (NSAttributedString *)be inRange:(NSRange)inRange;
      |   ^ 
      |      _Nullable 
/Users/buddhirajgautam/Documents/Cherrygram-Mac/macOS-Swift/packages/TGModernGrowingTextView/Sources/TGModernGrowingTextView/TGModernGrowingTextView.h:31:3: note: insert '_Nonnull' if the pointer should never be null
   31 | -(id)initWithAttributedString:(NSAttributedString *)was be: (NSAttributedString *)be inRange:(NSRange)inRange;
      |   ^ 
      |      _Nonnull 
/Users/buddhirajgautam/Documents/Cherrygram-Mac/macOS-Swift/packages/TGModernGrowingTextView/Sources/TGModernGrowingTextView/TGModernGrowingTextView.h:31:51: warning: pointer is missing a nullability type specifier (_Nonnull, _Nullable, or _Null_unspecified) [-Wnullability-completeness]
   31 | -(id)initWithAttributedString:(NSAttributedString *)was be: (NSAttributedString *)be inRange:(NSRange)inRange;
      |                                                   ^
/Users/buddhirajgautam/Documents/Cherrygram-Mac/macOS-Swift/packages/TGModernGrowingTextView/Sources/TGModernGrowingTextView/TGModernGrowingTextView.h:31:51: note: insert '_Nullable' if the pointer may be null
   31 | -(id)initWithAttributedString:(NSAttributedString *)was be: (NSAttributedString *)be inRange:(NSRange)inRange;
      |                                                   ^
      |                                                    _Nullable
/Users/buddhirajgautam/Documents/Cherrygram-Mac/macOS-Swift/packages/TGModernGrowingTextView/Sources/TGModernGrowingTextView/TGModernGrowingTextView.h:31:51: note: insert '_Nonnull' if the pointer should never be null
   31 | -(id)initWithAttributedString:(NSAttributedString *)was be: (NSAttributedString *)be inRange:(NSRange)inRange;
      |                                                   ^
      |                                                    _Nonnull
/Users/buddhirajgautam/Documents/Cherrygram-Mac/macOS-Swift/packages/TGModernGrowingTextView/Sources/TGModernGrowingTextView/TGModernGrowingTextView.h:31:81: warning: pointer is missing a nullability type specifier (_Nonnull, _Nullable, or _Null_unspecified) [-Wnullability-completeness]
   31 | -(id)initWithAttributedString:(NSAttributedString *)was be: (NSAttributedString *)be inRange:(NSRange)inRange;
      |                                                                                 ^
/Users/buddhirajgautam/Documents/Cherrygram-Mac/macOS-Swift/packages/TGModernGrowingTextView/Sources/TGModernGrowingTextView/TGModernGrowingTextView.h:31:81: note: insert '_Nullable' if the pointer may be null
   31 | -(id)initWithAttributedString:(NSAttributedString *)was be: (NSAttributedString *)be inRange:(NSRange)inRange;
      |                                                                                 ^
      |                                                                                  _Nullable
/Users/buddhirajgautam/Documents/Cherrygram-Mac/macOS-Swift/packages/TGModernGrowingTextView/Sources/TGModernGrowingTextView/TGModernGrowingTextView.h:31:81: note: insert '_Nonnull' if the pointer should never be null
   31 | -(id)initWithAttributedString:(NSAttributedString *)was be: (NSAttributedString *)be inRange:(NSRange)inRange;
      |                                                                                 ^
      |                                                                                  _Nonnull
/Users/buddhirajgautam/Documents/Cherrygram-Mac/macOS-Swift/packages/TGModernGrowingTextView/Sources/TGModernGrowingTextView/TGModernGrowingTextView.h:36:50: warning: pointer is missing a nullability type specifier (_Nonnull, _Nullable, or _Null_unspecified) [-Wnullability-completeness]
   36 | @property (nonatomic, strong) NSAttributedString *was;
      |                                                  ^
/Users/buddhirajgautam/Documents/Cherrygram-Mac/macOS-Swift/packages/TGModernGrowingTextView/Sources/TGModernGrowingTextView/TGModernGrowingTextView.h:36:50: note: insert '_Nullable' if the pointer may be null
   36 | @property (nonatomic, strong) NSAttributedString *was;
      |                                                  ^
      |                                                    _Nullable 
/Users/buddhirajgautam/Documents/Cherrygram-Mac/macOS-Swift/packages/TGModernGrowingTextView/Sources/TGModernGrowingTextView/TGModernGrowingTextView.h:36:50: note: insert '_Nonnull' if the pointer should never be null
   36 | @property (nonatomic, strong) NSAttributedString *was;
      |                                                  ^
      |                                                    _Nonnull 
/Users/buddhirajgautam/Documents/Cherrygram-Mac/macOS-Swift/packages/TGModernGrowingTextView/Sources/TGModernGrowingTextView/TGModernGrowingTextView.h:37:50: warning: pointer is missing a nullability type specifier (_Nonnull, _Nullable, or _Null_unspecified) [-Wnullability-completeness]
   37 | @property (nonatomic, strong) NSAttributedString *be;
      |                                                  ^
/Users/buddhirajgautam/Documents/Cherrygram-Mac/macOS-Swift/packages/TGModernGrowingTextView/Sources/TGModernGrowingTextView/TGModernGrowingTextView.h:37:50: note: insert '_Nullable' if the pointer may be null
   37 | @property (nonatomic, strong) NSAttributedString *be;
      |                                                  ^
      |                                                    _Nullable 
/Users/buddhirajgautam/Documents/Cherrygram-Mac/macOS-Swift/packages/TGModernGrowingTextView/Sources/TGModernGrowingTextView/TGModernGrowingTextView.h:37:50: note: insert '_Nonnull' if the pointer should never be null
   37 | @property (nonatomic, strong) NSAttributedString *be;
      |                                                  ^
      |                                                    _Nonnull 
/Users/buddhirajgautam/Documents/Cherrygram-Mac/macOS-Swift/packages/TGModernGrowingTextView/Sources/TGModernGrowingTextView/TGModernGrowingTextView.h:40:3: warning: pointer is missing a nullability type specifier (_Nonnull, _Nullable, or _Null_unspecified) [-Wnullability-completeness]
   40 | -(id)initWithAttributedString:(NSAttributedString *)was be: (NSAttributedString *)be wasRange:(NSRange)wasRange beRange:(NSRange)beRange;
      |   ^
/Users/buddhirajgautam/Documents/Cherrygram-Mac/macOS-Swift/packages/TGModernGrowingTextView/Sources/TGModernGrowingTextView/TGModernGrowingTextView.h:40:3: note: insert '_Nullable' if the pointer may be null
   40 | -(id)initWithAttributedString:(NSAttributedString *)was be: (NSAttributedString *)be wasRange:(NSRange)wasRange beRange:(NSRange)beRange;
      |   ^ 
      |      _Nullable 
/Users/buddhirajgautam/Documents/Cherrygram-Mac/macOS-Swift/packages/TGModernGrowingTextView/Sources/TGModernGrowingTextView/TGModernGrowingTextView.h:40:3: note: insert '_Nonnull' if the pointer should never be null
   40 | -(id)initWithAttributedString:(NSAttributedString *)was be: (NSAttributedString *)be wasRange:(NSRange)wasRange beRange:(NSRange)beRange;
      |   ^ 
      |      _Nonnull 
/Users/buddhirajgautam/Documents/Cherrygram-Mac/macOS-Swift/packages/TGModernGrowingTextView/Sources/TGModernGrowingTextView/TGModernGrowingTextView.h:40:51: warning: pointer is missing a nullability type specifier (_Nonnull, _Nullable, or _Null_unspecified) [-Wnullability-completeness]
   40 | -(id)initWithAttributedString:(NSAttributedString *)was be: (NSAttributedString *)be wasRange:(NSRange)wasRange beRange:(NSRange)beRange;
      |                                                   ^
/Users/buddhirajgautam/Documents/Cherrygram-Mac/macOS-Swift/packages/TGModernGrowingTextView/Sources/TGModernGrowingTextView/TGModernGrowingTextView.h:40:51: note: insert '_Nullable' if the pointer may be null
   40 | -(id)initWithAttributedString:(NSAttributedString *)was be: (NSAttributedString *)be wasRange:(NSRange)wasRange beRange:(NSRange)beRange;
      |                                                   ^
      |                                                    _Nullable
/Users/buddhirajgautam/Documents/Cherrygram-Mac/macOS-Swift/packages/TGModernGrowingTextView/Sources/TGModernGrowingTextView/TGModernGrowingTextView.h:40:51: note: insert '_Nonnull' if the pointer should never be null
   40 | -(id)initWithAttributedString:(NSAttributedString *)was be: (NSAttributedString *)be wasRange:(NSRange)wasRange beRange:(NSRange)beRange;
      |                                                   ^
      |                                                    _Nonnull
/Users/buddhirajgautam/Documents/Cherrygram-Mac/macOS-Swift/packages/TGModernGrowingTextView/Sources/TGModernGrowingTextView/TGModernGrowingTextView.h:40:81: warning: pointer is missing a nullability type specifier (_Nonnull, _Nullable, or _Null_unspecified) [-Wnullability-completeness]
   40 | -(id)initWithAttributedString:(NSAttributedString *)was be: (NSAttributedString *)be wasRange:(NSRange)wasRange beRange:(NSRange)beRange;
      |                                                                                 ^
/Users/buddhirajgautam/Documents/Cherrygram-Mac/macOS-Swift/packages/TGModernGrowingTextView/Sources/TGModernGrowingTextView/TGModernGrowingTextView.h:40:81: note: insert '_Nullable' if the pointer may be null
   40 | -(id)initWithAttributedString:(NSAttributedString *)was be: (NSAttributedString *)be wasRange:(NSRange)wasRange beRange:(NSRange)beRange;
      |                                                                                 ^
      |                                                                                  _Nullable
/Users/buddhirajgautam/Documents/Cherrygram-Mac/macOS-Swift/packages/TGModernGrowingTextView/Sources/TGModernGrowingTextView/TGModernGrowingTextView.h:40:81: note: insert '_Nonnull' if the pointer should never be null
   40 | -(id)initWithAttributedString:(NSAttributedString *)was be: (NSAttributedString *)be wasRange:(NSRange)wasRange beRange:(NSRange)beRange;
      |                                                                                 ^
      |                                                                                  _Nonnull
/Users/buddhirajgautam/Documents/Cherrygram-Mac/macOS-Swift/packages/TGModernGrowingTextView/Sources/TGModernGrowingTextView/TGModernGrowingTextView.h:50:51: warning: pointer is missing a nullability type specifier (_Nonnull, _Nullable, or _Null_unspecified) [-Wnullability-completeness]
   50 | -(int)maxCharactersLimit:(TGModernGrowingTextView *)textView;
      |                                                   ^
/Users/buddhirajgautam/Documents/Cherrygram-Mac/macOS-Swift/packages/TGModernGrowingTextView/Sources/TGModernGrowingTextView/TGModernGrowingTextView.h:50:51: note: insert '_Nullable' if the pointer may be null
   50 | -(int)maxCharactersLimit:(TGModernGrowingTextView *)textView;
      |                                                   ^
      |                                                    _Nullable
/Users/buddhirajgautam/Documents/Cherrygram-Mac/macOS-Swift/packages/TGModernGrowingTextView/Sources/TGModernGrowingTextView/TGModernGrowingTextView.h:50:51: note: insert '_Nonnull' if the pointer should never be null
   50 | -(int)maxCharactersLimit:(TGModernGrowingTextView *)textView;
      |                                                   ^
      |                                                    _Nonnull
/Users/buddhirajgautam/Documents/Cherrygram-Mac/macOS-Swift/packages/TGModernGrowingTextView/Sources/TGModernGrowingTextView/TGModernGrowingTextView.h:52:48: warning: pointer is missing a nullability type specifier (_Nonnull, _Nullable, or _Null_unspecified) [-Wnullability-completeness]
   52 | -(NSSize)textViewSize:(TGModernGrowingTextView *)textView;
      |                                                ^
/Users/buddhirajgautam/Documents/Cherrygram-Mac/macOS-Swift/packages/TGModernGrowingTextView/Sources/TGModernGrowingTextView/TGModernGrowingTextView.h:52:48: note: insert '_Nullable' if the pointer may be null
   52 | -(NSSize)textViewSize:(TGModernGrowingTextView *)textView;
      |                                                ^
      |                                                 _Nullable
/Users/buddhirajgautam/Documents/Cherrygram-Mac/macOS-Swift/packages/TGModernGrowingTextView/Sources/TGModernGrowingTextView/TGModernGrowingTextView.h:52:48: note: insert '_Nonnull' if the pointer should never be null
   52 | -(NSSize)textViewSize:(TGModernGrowingTextView *)textView;
      |                                                ^
      |                                                 _Nonnull
/Users/buddhirajgautam/Documents/Cherrygram-Mac/macOS-Swift/packages/TGModernGrowingTextView/Sources/TGModernGrowingTextView/TGModernGrowingTextView.h:63:45: warning: pointer is missing a nullability type specifier (_Nonnull, _Nullable, or _Null_unspecified) [-Wnullability-completeness]
   63 | - (BOOL)copyTextWithRTF:(NSAttributedString *)rtf;
      |                                             ^
/Users/buddhirajgautam/Documents/Cherrygram-Mac/macOS-Swift/packages/TGModernGrowingTextView/Sources/TGModernGrowingTextView/TGModernGrowingTextView.h:63:45: note: insert '_Nullable' if the pointer may be null
   63 | - (BOOL)copyTextWithRTF:(NSAttributedString *)rtf;
      |                                             ^
      |                                              _Nullable
/Users/buddhirajgautam/Documents/Cherrygram-Mac/macOS-Swift/packages/TGModernGrowingTextView/Sources/TGModernGrowingTextView/TGModernGrowingTextView.h:63:45: note: insert '_Nonnull' if the pointer should never be null
   63 | - (BOOL)copyTextWithRTF:(NSAttributedString *)rtf;
      |                                             ^
      |                                              _Nonnull
/Users/buddhirajgautam/Documents/Cherrygram-Mac/macOS-Swift/packages/TGModernGrowingTextView/Sources/TGModernGrowingTextView/TGModernGrowingTextView.h:64:38: warning: pointer is missing a nullability type specifier (_Nonnull, _Nullable, or _Null_unspecified) [-Wnullability-completeness]
   64 | - (NSArray<NSTouchBarItemIdentifier> *)textView:(NSTextView *)textView shouldUpdateTouchBarItemIdentifiers:(NSArray<NSTouchBarItemIdentifier> *)identifiers;
      |                                      ^
/Users/buddhirajgautam/Documents/Cherrygram-Mac/macOS-Swift/packages/TGModernGrowingTextView/Sources/TGModernGrowingTextView/TGModernGrowingTextView.h:64:38: note: insert '_Nullable' if the pointer may be null
   64 | - (NSArray<NSTouchBarItemIdentifier> *)textView:(NSTextView *)textView shouldUpdateTouchBarItemIdentifiers:(NSArray<NSTouchBarItemIdentifier> *)identifiers;
      |                                      ^
      |                                       _Nullable
/Users/buddhirajgautam/Documents/Cherrygram-Mac/macOS-Swift/packages/TGModernGrowingTextView/Sources/TGModernGrowingTextView/TGModernGrowingTextView.h:64:38: note: insert '_Nonnull' if the pointer should never be null
   64 | - (NSArray<NSTouchBarItemIdentifier> *)textView:(NSTextView *)textView shouldUpdateTouchBarItemIdentifiers:(NSArray<NSTouchBarItemIdentifier> *)identifiers;
      |                                      ^
      |                                       _Nonnull
/Users/buddhirajgautam/Documents/Cherrygram-Mac/macOS-Swift/packages/TGModernGrowingTextView/Sources/TGModernGrowingTextView/TGModernGrowingTextView.h:64:61: warning: pointer is missing a nullability type specifier (_Nonnull, _Nullable, or _Null_unspecified) [-Wnullability-completeness]
   64 | - (NSArray<NSTouchBarItemIdentifier> *)textView:(NSTextView *)textView shouldUpdateTouchBarItemIdentifiers:(NSArray<NSTouchBarItemIdentifier> *)identifiers;
      |                                                             ^
/Users/buddhirajgautam/Documents/Cherrygram-Mac/macOS-Swift/packages/TGModernGrowingTextView/Sources/TGModernGrowingTextView/TGModernGrowingTextView.h:64:61: note: insert '_Nullable' if the pointer may be null
   64 | - (NSArray<NSTouchBarItemIdentifier> *)textView:(NSTextView *)textView shouldUpdateTouchBarItemIdentifiers:(NSArray<NSTouchBarItemIdentifier> *)identifiers;
      |                                                             ^
      |                                                              _Nullable
/Users/buddhirajgautam/Documents/Cherrygram-Mac/macOS-Swift/packages/TGModernGrowingTextView/Sources/TGModernGrowingTextView/TGModernGrowingTextView.h:64:61: note: insert '_Nonnull' if the pointer should never be null
   64 | - (NSArray<NSTouchBarItemIdentifier> *)textView:(NSTextView *)textView shouldUpdateTouchBarItemIdentifiers:(NSArray<NSTouchBarItemIdentifier> *)identifiers;
      |                                                             ^
      |                                                              _Nonnull
/Users/buddhirajgautam/Documents/Cherrygram-Mac/macOS-Swift/packages/TGModernGrowingTextView/Sources/TGModernGrowingTextView/TGModernGrowingTextView.h:64:143: warning: pointer is missing a nullability type specifier (_Nonnull, _Nullable, or _Null_unspecified) [-Wnullability-completeness]
   64 | - (NSArray<NSTouchBarItemIdentifier> *)textView:(NSTextView *)textView shouldUpdateTouchBarItemIdentifiers:(NSArray<NSTouchBarItemIdentifier> *)identifiers;
      |                                                                                                                                               ^
/Users/buddhirajgautam/Documents/Cherrygram-Mac/macOS-Swift/packages/TGModernGrowingTextView/Sources/TGModernGrowingTextView/TGModernGrowingTextView.h:64:143: note: insert '_Nullable' if the pointer may be null
   64 | - (NSArray<NSTouchBarItemIdentifier> *)textView:(NSTextView *)textView shouldUpdateTouchBarItemIdentifiers:(NSArray<NSTouchBarItemIdentifier> *)identifiers;
      |                                                                                                                                               ^
      |                                                                                                                                                _Nullable
/Users/buddhirajgautam/Documents/Cherrygram-Mac/macOS-Swift/packages/TGModernGrowingTextView/Sources/TGModernGrowingTextView/TGModernGrowingTextView.h:64:143: note: insert '_Nonnull' if the pointer should never be null
   64 | - (NSArray<NSTouchBarItemIdentifier> *)textView:(NSTextView *)textView shouldUpdateTouchBarItemIdentifiers:(NSArray<NSTouchBarItemIdentifier> *)identifiers;
      |                                                                                                                                               ^
      |                                                                                                                                                _Nonnull
/Users/buddhirajgautam/Documents/Cherrygram-Mac/macOS-Swift/packages/TGModernGrowingTextView/Sources/TGModernGrowingTextView/TGModernGrowingTextView.h:81:3: warning: pointer is missing a nullability type specifier (_Nonnull, _Nullable, or _Null_unspecified) [-Wnullability-completeness]
   81 | -(instancetype)initWithFrame:(NSRect)frameRect unscrollable:(BOOL)unscrollable;
      |   ^
/Users/buddhirajgautam/Documents/Cherrygram-Mac/macOS-Swift/packages/TGModernGrowingTextView/Sources/TGModernGrowingTextView/TGModernGrowingTextView.h:81:3: note: insert '_Nullable' if the pointer may be null
   81 | -(instancetype)initWithFrame:(NSRect)frameRect unscrollable:(BOOL)unscrollable;
      |   ^           
      |                _Nullable 
/Users/buddhirajgautam/Documents/Cherrygram-Mac/macOS-Swift/packages/TGModernGrowingTextView/Sources/TGModernGrowingTextView/TGModernGrowingTextView.h:81:3: note: insert '_Nonnull' if the pointer should never be null
   81 | -(instancetype)initWithFrame:(NSRect)frameRect unscrollable:(BOOL)unscrollable;
      |   ^           
      |                _Nonnull 
/Users/buddhirajgautam/Documents/Cherrygram-Mac/macOS-Swift/packages/TGModernGrowingTextView/Sources/TGModernGrowingTextView/TGModernGrowingTextView.h:146:39: warning: pointer is missing a nullability type specifier (_Nonnull, _Nullable, or _Null_unspecified) [-Wnullability-completeness]
  146 | - (void)addSimpleItem:(SimpleUndoItem *)item;
      |                                       ^
/Users/buddhirajgautam/Documents/Cherrygram-Mac/macOS-Swift/packages/TGModernGrowingTextView/Sources/TGModernGrowingTextView/TGModernGrowingTextView.h:146:39: note: insert '_Nullable' if the pointer may be null
  146 | - (void)addSimpleItem:(SimpleUndoItem *)item;
      |                                       ^
      |                                        _Nullable
/Users/buddhirajgautam/Documents/Cherrygram-Mac/macOS-Swift/packages/TGModernGrowingTextView/Sources/TGModernGrowingTextView/TGModernGrowingTextView.h:146:39: note: insert '_Nonnull' if the pointer should never be null
  146 | - (void)addSimpleItem:(SimpleUndoItem *)item;
      |                                       ^
      |                                        _Nonnull
/Users/buddhirajgautam/Documents/Cherrygram-Mac/macOS-Swift/packages/TGModernGrowingTextView/Sources/TGModernGrowingTextView/TGModernGrowingTextView.m:183:43: warning: 'graphicsPort' is deprecated: first deprecated in macOS 10.14 [-Wdeprecated-declarations]
  183 |                                           graphicsPort];
      |                                           ^~~~~~~~~~~~
      |                                           CGContext
In module 'AppKit' imported from /Users/buddhirajgautam/Documents/Cherrygram-Mac/macOS-Swift/packages/TGModernGrowingTextView/Sources/TGModernGrowingTextView/TGInputTextTag.h:1:
/Applications/Xcode.app/Contents/Developer/Platforms/MacOSX.platform/Developer/SDKs/MacOSX27.0.sdk/System/Library/Frameworks/AppKit.framework/Headers/NSGraphicsContext.h:107:28: note: property 'graphicsPort' is declared deprecated here
  107 | @property (readonly) void *graphicsPort NS_RETURNS_INNER_POINTER API_DEPRECATED_WITH_REPLACEMENT("CGContext", macos(10.0,10.14));
      |                            ^
/Applications/Xcode.app/Contents/Developer/Platforms/MacOSX.platform/Developer/SDKs/MacOSX27.0.sdk/System/Library/Frameworks/AppKit.framework/Headers/NSGraphicsContext.h:107:28: note: 'graphicsPort' has been explicitly marked deprecated here
/Users/buddhirajgautam/Documents/Cherrygram-Mac/macOS-Swift/packages/TGModernGrowingTextView/Sources/TGModernGrowingTextView/TGModernGrowingTextView.m:424:37: warning: implicit conversion loses integer precision: 'NSUInteger' (aka 'unsigned long') to 'int' [-Wshorten-64-to-32]
  424 |     for (int i = self.selectedRange.location; i < self.selectedRange.location + self.selectedRange.length; i++) {
      |              ~   ~~~~~~~~~~~~~~~~~~~^~~~~~~~
/Users/buddhirajgautam/Documents/Cherrygram-Mac/macOS-Swift/packages/TGModernGrowingTextView/Sources/TGModernGrowingTextView/TGModernGrowingTextView.m:530:37: warning: implicit conversion loses integer precision: 'NSUInteger' (aka 'unsigned long') to 'int' [-Wshorten-64-to-32]
  530 |     for (int i = self.selectedRange.location; i < self.selectedRange.location + self.selectedRange.length; i++) {
      |              ~   ~~~~~~~~~~~~~~~~~~~^~~~~~~~
/Users/buddhirajgautam/Documents/Cherrygram-Mac/macOS-Swift/packages/TGModernGrowingTextView/Sources/TGModernGrowingTextView/TGModernGrowingTextView.m:565:37: warning: implicit conversion loses integer precision: 'NSUInteger' (aka 'unsigned long') to 'int' [-Wshorten-64-to-32]
  565 |     for (int i = self.selectedRange.location; i < self.selectedRange.location + self.selectedRange.length; i++) {
      |              ~   ~~~~~~~~~~~~~~~~~~~^~~~~~~~
/Users/buddhirajgautam/Documents/Cherrygram-Mac/macOS-Swift/packages/TGModernGrowingTextView/Sources/TGModernGrowingTextView/TGModernGrowingTextView.m:853:43: warning: 'graphicsPort' is deprecated: first deprecated in macOS 10.14 [-Wdeprecated-declarations]
  853 |                                           graphicsPort];
      |                                           ^~~~~~~~~~~~
      |                                           CGContext
In module 'AppKit' imported from /Users/buddhirajgautam/Documents/Cherrygram-Mac/macOS-Swift/packages/TGModernGrowingTextView/Sources/TGModernGrowingTextView/TGInputTextTag.h:1:
/Applications/Xcode.app/Contents/Developer/Platforms/MacOSX.platform/Developer/SDKs/MacOSX27.0.sdk/System/Library/Frameworks/AppKit.framework/Headers/NSGraphicsContext.h:107:28: note: property 'graphicsPort' is declared deprecated here
  107 | @property (readonly) void *graphicsPort NS_RETURNS_INNER_POINTER API_DEPRECATED_WITH_REPLACEMENT("CGContext", macos(10.0,10.14));
      |                            ^
/Applications/Xcode.app/Contents/Developer/Platforms/MacOSX.platform/Developer/SDKs/MacOSX27.0.sdk/System/Library/Frameworks/AppKit.framework/Headers/NSGraphicsContext.h:107:28: note: 'graphicsPort' has been explicitly marked deprecated here
/Users/buddhirajgautam/Documents/Cherrygram-Mac/macOS-Swift/packages/TGModernGrowingTextView/Sources/TGModernGrowingTextView/TGModernGrowingTextView.m:906:17: warning: method definition for 'makeQuote' not found [-Wincomplete-implementation]
  906 | @implementation TGModernGrowingTextView
      |                 ^
In file included from /Users/buddhirajgautam/Documents/Cherrygram-Mac/macOS-Swift/packages/TGModernGrowingTextView/Sources/TGModernGrowingTextView/TGModernGrowingTextView.m:9:
/Users/buddhirajgautam/Documents/Cherrygram-Mac/macOS-Swift/packages/TGModernGrowingTextView/Sources/TGModernGrowingTextView/TGModernGrowingTextView.h:136:1: note: method 'makeQuote' declared here
  136 | -(void)makeQuote;
      | ^
24 warnings generated.

ScanDependencies /Users/buddhirajgautam/Library/Developer/Xcode/DerivedData/Telegram-Mac-fygdgghdgmuleoelvxabfmqiotta/Build/Intermediates.noindex/TGCurrencyFormatter.build/Debug/TGCurrencyFormatter-t.build/Objects-normal/arm64/TGCurrencyFormatter.o /Users/buddhirajgautam/Documents/Cherrygram-Mac/macOS-Swift/packages/TGCurrencyFormatter/Sources/TGCurrencyFormatter/TGCurrencyFormatter.m normal arm64 objective-c com.apple.compilers.llvm.clang.1_0.compiler (in target 'TGCurrencyFormatter' from project 'TGCurrencyFormatter')
    cd /Users/buddhirajgautam/Documents/Cherrygram-Mac/macOS-Swift
    
    Using response file: /Users/buddhirajgautam/Library/Developer/Xcode/DerivedData/Telegram-Mac-fygdgghdgmuleoelvxabfmqiotta/Build/Intermediates.noindex/TGCurrencyFormatter.build/Debug/TGCurrencyFormatter-t.build/Objects-normal/arm64/e6072d4f65d7061329687fe24e3d63a7-common-args.resp
    
    builtin-ScanDependencies -o /Users/buddhirajgautam/Library/Developer/Xcode/DerivedData/Telegram-Mac-fygdgghdgmuleoelvxabfmqiotta/Build/Intermediates.noindex/TGCurrencyFormatter.build/Debug/TGCurrencyFormatter-t.build/Objects-normal/arm64/TGCurrencyFormatter.o.scan -- /Applications/Xcode.app/Contents/Developer/Toolchains/XcodeDefault.xctoolchain/usr/bin/clang -x objective-c -ivfsstatcache /Users/buddhirajgautam/Library/Developer/Xcode/DerivedData/SDKStatCaches.noindex/macosx27.0-26A425-e829b21a6f8c9b70876ba0858053c0447231f6df4def33e022ae2eb8f782df1a.sdkstatcache -target arm64-apple-macos12.0 -fmessage-length\=0 -fdiagnostics-show-note-include-stack -fmacro-backtrace-limit\=0 -fno-color-diagnostics -fmodules-prune-interval\=86400 -fmodules-prune-after\=345600 -fbuild-session-file\=/Users/buddhirajgautam/Library/Developer/Xcode/DerivedData/ModuleCache.noindex/Session.modulevalidation -fmodules-validate-once-per-build-session -Wnon-modular-include-in-framework-module -Werror\=non-modular-include-in-framework-module -Wno-trigraphs -Wno-missing-field-initializers -Wno-missing-prototypes -Wno-return-type -Wno-implicit-atomic-properties -Wno-objc-interface-ivars -Wno-arc-repeated-use-of-weak -Wno-missing-braces -Wparentheses -Wswitch -Wno-unused-function -Wno-unused-label -Wno-unused-parameter -Wno-unused-variable -Wunused-value -Wno-empty-body -Wno-uninitialized -Wno-unknown-pragmas -Wno-shadow -Wno-four-char-constants -Wno-conversion -Wno-constant-conversion -Wno-int-conversion -Wno-bool-conversion -Wno-enum-conversion -Wno-float-conversion -Wno-non-literal-null-conversion -Wno-objc-literal-conversion -Wshorten-64-to-32 -Wpointer-sign -Wno-newline-eof -Wno-selector -Wno-strict-selector-match -Wno-undeclared-selector -Wno-deprecated-implementations -Wno-implicit-fallthrough -isysroot /Applications/Xcode.app/Contents/Developer/Platforms/MacOSX.platform/Developer/SDKs/MacOSX27.0.sdk -fstrict-aliasing -Wprotocol -Wdeprecated-declarations -Wno-sign-conversion -Wno-infinite-recursion -Wno-comma -Wno-block-capture-autoreleasing -Wno-strict-prototypes -Wno-semicolon-before-method-body -index-store-path /Users/buddhirajgautam/Library/Developer/Xcode/DerivedData/Telegram-Mac-fygdgghdgmuleoelvxabfmqiotta/Index.noindex/DataStore @/Users/buddhirajgautam/Library/Developer/Xcode/DerivedData/Telegram-Mac-fygdgghdgmuleoelvxabfmqiotta/Build/Intermediates.noindex/TGCurrencyFormatter.build/Debug/TGCurrencyFormatter-t.build/Objects-normal/arm64/e6072d4f65d7061329687fe24e3d63a7-common-args.resp -MMD -MT dependencies -MF /Users/buddhirajgautam/Library/Developer/Xcode/DerivedData/Telegram-Mac-fygdgghdgmuleoelvxabfmqiotta/Build/Intermediates.noindex/TGCurrencyFormatter.build/Debug/TGCurrencyFormatter-t.build/Objects-normal/arm64/TGCurrencyFormatter.d --serialize-diagnostics /Users/buddhirajgautam/Library/Developer/Xcode/DerivedData/Telegram-Mac-fygdgghdgmuleoelvxabfmqiotta/Build/Intermediates.noindex/TGCurrencyFormatter.build/Debug/TGCurrencyFormatter-t.build/Objects-normal/arm64/TGCurrencyFormatter.dia -c /Users/buddhirajgautam/Documents/Cherrygram-Mac/macOS-Swift/packages/TGCurrencyFormatter/Sources/TGCurrencyFormatter/TGCurrencyFormatter.m -o /Users/buddhirajgautam/Library/Developer/Xcode/DerivedData/Telegram-Mac-fygdgghdgmuleoelvxabfmqiotta/Build/Intermediates.noindex/TGCurrencyFormatter.build/Debug/TGCurrencyFormatter-t.build/Objects-normal/arm64/TGCurrencyFormatter.o -index-unit-output-path /TGCurrencyFormatter.build/Debug/TGCurrencyFormatter-t.build/Objects-normal/arm64/TGCurrencyFormatter.o

SwiftCompile normal arm64 Compiling\ Signal_Reduce.swift,\ Signal_SideEffects.swift,\ Signal_Single.swift /Users/buddhirajgautam/Documents/Cherrygram-Mac/macOS-Swift/submodules/telegram-ios/submodules/SSignalKit/SwiftSignalKit/Source/Signal_Reduce.swift /Users/buddhirajgautam/Documents/Cherrygram-Mac/macOS-Swift/submodules/telegram-ios/submodules/SSignalKit/SwiftSignalKit/Source/Signal_SideEffects.swift /Users/buddhirajgautam/Documents/Cherrygram-Mac/macOS-Swift/submodules/telegram-ios/submodules/SSignalKit/SwiftSignalKit/Source/Signal_Single.swift (in target 'SwiftSignalKit' from project 'SSignalKit')

SwiftCompile normal arm64 /Users/buddhirajgautam/Documents/Cherrygram-Mac/macOS-Swift/submodules/telegram-ios/submodules/SSignalKit/SwiftSignalKit/Source/Signal_Reduce.swift (in target 'SwiftSignalKit' from project 'SSignalKit')
    cd /Users/buddhirajgautam/Documents/Cherrygram-Mac/macOS-Swift
    builtin-SwiftPerFileCompile Signal_Reduce.swift

SwiftCompile normal arm64 /Users/buddhirajgautam/Documents/Cherrygram-Mac/macOS-Swift/submodules/telegram-ios/submodules/SSignalKit/SwiftSignalKit/Source/Signal_SideEffects.swift (in target 'SwiftSignalKit' from project 'SSignalKit')
    cd /Users/buddhirajgautam/Documents/Cherrygram-Mac/macOS-Swift
    builtin-SwiftPerFileCompile Signal_SideEffects.swift

SwiftCompile normal arm64 /Users/buddhirajgautam/Documents/Cherrygram-Mac/macOS-Swift/submodules/telegram-ios/submodules/SSignalKit/SwiftSignalKit/Source/Signal_Single.swift (in target 'SwiftSignalKit' from project 'SSignalKit')
    cd /Users/buddhirajgautam/Documents/Cherrygram-Mac/macOS-Swift
    builtin-SwiftPerFileCompile Signal_Single.swift

CompileC /Users/buddhirajgautam/Library/Developer/Xcode/DerivedData/Telegram-Mac-fygdgghdgmuleoelvxabfmqiotta/Build/Intermediates.noindex/TGVideoCameraMovie.build/Debug/TGVideoCameraMovie-t.build/Objects-normal/arm64/TGVideoCameraMovieRecorder.o /Users/buddhirajgautam/Documents/Cherrygram-Mac/macOS-Swift/packages/TGVideoCameraMovie/Sources/TGVideoCameraMovieRecorder.m normal arm64 objective-c com.apple.compilers.llvm.clang.1_0.compiler (in target 'TGVideoCameraMovie' from project 'TGVideoCameraMovie')
    cd /Users/buddhirajgautam/Documents/Cherrygram-Mac/macOS-Swift
    
    Using response file: /Users/buddhirajgautam/Library/Developer/Xcode/DerivedData/Telegram-Mac-fygdgghdgmuleoelvxabfmqiotta/Build/Intermediates.noindex/TGVideoCameraMovie.build/Debug/TGVideoCameraMovie-t.build/Objects-normal/arm64/e6072d4f65d7061329687fe24e3d63a7-common-args.resp
    
    /Applications/Xcode.app/Contents/Developer/Toolchains/XcodeDefault.xctoolchain/usr/bin/clang -x objective-c -ivfsstatcache /Users/buddhirajgautam/Library/Developer/Xcode/DerivedData/SDKStatCaches.noindex/macosx27.0-26A425-e829b21a6f8c9b70876ba0858053c0447231f6df4def33e022ae2eb8f782df1a.sdkstatcache -target arm64-apple-macos12.0 -fmessage-length\=0 -fdiagnostics-show-note-include-stack -fmacro-backtrace-limit\=0 -fno-color-diagnostics -fmodules-prune-interval\=86400 -fmodules-prune-after\=345600 -fbuild-session-file\=/Users/buddhirajgautam/Library/Developer/Xcode/DerivedData/ModuleCache.noindex/Session.modulevalidation -fmodules-validate-once-per-build-session -Wnon-modular-include-in-framework-module -Werror\=non-modular-include-in-framework-module -Wno-trigraphs -Wno-missing-field-initializers -Wno-missing-prototypes -Wno-return-type -Wno-implicit-atomic-properties -Wno-objc-interface-ivars -Wno-arc-repeated-use-of-weak -Wno-missing-braces -Wparentheses -Wswitch -Wno-unused-function -Wno-unused-label -Wno-unused-parameter -Wno-unused-variable -Wunused-value -Wno-empty-body -Wno-uninitialized -Wno-unknown-pragmas -Wno-shadow -Wno-four-char-constants -Wno-conversion -Wno-constant-conversion -Wno-int-conversion -Wno-bool-conversion -Wno-enum-conversion -Wno-float-conversion -Wno-non-literal-null-conversion -Wno-objc-literal-conversion -Wshorten-64-to-32 -Wpointer-sign -Wno-newline-eof -Wno-selector -Wno-strict-selector-match -Wno-undeclared-selector -Wno-deprecated-implementations -Wno-implicit-fallthrough -isysroot /Applications/Xcode.app/Contents/Developer/Platforms/MacOSX.platform/Developer/SDKs/MacOSX27.0.sdk -fstrict-aliasing -Wprotocol -Wdeprecated-declarations -Wno-sign-conversion -Wno-infinite-recursion -Wno-comma -Wno-block-capture-autoreleasing -Wno-strict-prototypes -Wno-semicolon-before-method-body -index-store-path /Users/buddhirajgautam/Library/Developer/Xcode/DerivedData/Telegram-Mac-fygdgghdgmuleoelvxabfmqiotta/Index.noindex/DataStore @/Users/buddhirajgautam/Library/Developer/Xcode/DerivedData/Telegram-Mac-fygdgghdgmuleoelvxabfmqiotta/Build/Intermediates.noindex/TGVideoCameraMovie.build/Debug/TGVideoCameraMovie-t.build/Objects-normal/arm64/e6072d4f65d7061329687fe24e3d63a7-common-args.resp -MMD -MT dependencies -MF /Users/buddhirajgautam/Library/Developer/Xcode/DerivedData/Telegram-Mac-fygdgghdgmuleoelvxabfmqiotta/Build/Intermediates.noindex/TGVideoCameraMovie.build/Debug/TGVideoCameraMovie-t.build/Objects-normal/arm64/TGVideoCameraMovieRecorder.d --serialize-diagnostics /Users/buddhirajgautam/Library/Developer/Xcode/DerivedData/Telegram-Mac-fygdgghdgmuleoelvxabfmqiotta/Build/Intermediates.noindex/TGVideoCameraMovie.build/Debug/TGVideoCameraMovie-t.build/Objects-normal/arm64/TGVideoCameraMovieRecorder.dia -c /Users/buddhirajgautam/Documents/Cherrygram-Mac/macOS-Swift/packages/TGVideoCameraMovie/Sources/TGVideoCameraMovieRecorder.m -o /Users/buddhirajgautam/Library/Developer/Xcode/DerivedData/Telegram-Mac-fygdgghdgmuleoelvxabfmqiotta/Build/Intermediates.noindex/TGVideoCameraMovie.build/Debug/TGVideoCameraMovie-t.build/Objects-normal/arm64/TGVideoCameraMovieRecorder.o -index-unit-output-path /TGVideoCameraMovie.build/Debug/TGVideoCameraMovie-t.build/Objects-normal/arm64/TGVideoCameraMovieRecorder.o
/Users/buddhirajgautam/Documents/Cherrygram-Mac/macOS-Swift/packages/TGVideoCameraMovie/Sources/TGVideoCameraMovieRecorder.m:372:17: warning: implicit conversion loses integer precision: 'size_t' (aka 'unsigned long') to 'int' [-Wshorten-64-to-32]
  372 |     int width = CVPixelBufferGetWidth(pixelBuffer);
      |         ~~~~~   ^~~~~~~~~~~~~~~~~~~~~~~~~~~~~~~~~~
/Users/buddhirajgautam/Documents/Cherrygram-Mac/macOS-Swift/packages/TGVideoCameraMovie/Sources/TGVideoCameraMovieRecorder.m:373:18: warning: implicit conversion loses integer precision: 'size_t' (aka 'unsigned long') to 'int' [-Wshorten-64-to-32]
  373 |     int height = CVPixelBufferGetHeight(pixelBuffer);
      |         ~~~~~~   ^~~~~~~~~~~~~~~~~~~~~~~~~~~~~~~~~~~
2 warnings generated.

Ld /Users/buddhirajgautam/Library/Developer/Xcode/DerivedData/Telegram-Mac-fygdgghdgmuleoelvxabfmqiotta/Build/Products/Debug/TGModernGrowingTextView.o normal (in target 'TGModernGrowingTextView' from project 'TGModernGrowingTextView')
    cd /Users/buddhirajgautam/Documents/Cherrygram-Mac/macOS-Swift/packages/TGModernGrowingTextView
    /Applications/Xcode.app/Contents/Developer/Toolchains/XcodeDefault.xctoolchain/usr/bin/clang -Xlinker -reproducible -target arm64-apple-macos12.0 -r -isysroot /Applications/Xcode.app/Contents/Developer/Platforms/MacOSX.platform/Developer/SDKs/MacOSX27.0.sdk -O0 -Xlinker -no_warn_duplicate_libraries -F/Users/buddhirajgautam/Library/Developer/Xcode/DerivedData/Telegram-Mac-fygdgghdgmuleoelvxabfmqiotta/Build/Intermediates.noindex/EagerLinkingTBDs/Debug -F/Users/buddhirajgautam/Library/Developer/Xcode/DerivedData/Telegram-Mac-fygdgghdgmuleoelvxabfmqiotta/Build/Products/Debug -iframework /Applications/Xcode.app/Contents/Developer/Platforms/MacOSX.platform/Developer/Library/Frameworks -filelist /Users/buddhirajgautam/Library/Developer/Xcode/DerivedData/Telegram-Mac-fygdgghdgmuleoelvxabfmqiotta/Build/Intermediates.noindex/TGModernGrowingTextView.build/Debug/TGModernGrowingTextView-t.build/Objects-normal/arm64/TGModernGrowingTextView.LinkFileList -nostdlib -Xlinker -object_path_lto -Xlinker /Users/buddhirajgautam/Library/Developer/Xcode/DerivedData/Telegram-Mac-fygdgghdgmuleoelvxabfmqiotta/Build/Intermediates.noindex/TGModernGrowingTextView.build/Debug/TGModernGrowingTextView-t.build/Objects-normal/arm64/TGModernGrowingTextView_lto.o -Xlinker -no_deduplicate -Xlinker -debug_variant -Xlinker -dependency_info -Xlinker /Users/buddhirajgautam/Library/Developer/Xcode/DerivedData/Telegram-Mac-fygdgghdgmuleoelvxabfmqiotta/Build/Intermediates.noindex/TGModernGrowingTextView.build/Debug/TGModernGrowingTextView-t.build/Objects-normal/arm64/TGModernGrowingTextView_dependency_info.dat -fobjc-arc -fobjc-link-runtime -o /Users/buddhirajgautam/Library/Developer/Xcode/DerivedData/Telegram-Mac-fygdgghdgmuleoelvxabfmqiotta/Build/Products/Debug/TGModernGrowingTextView.o

CompileC /Users/buddhirajgautam/Library/Developer/Xcode/DerivedData/Telegram-Mac-fygdgghdgmuleoelvxabfmqiotta/Build/Intermediates.noindex/TGVideoCameraMovie.build/Debug/TGVideoCameraMovie-t.build/Objects-normal/arm64/TGVideoCameraGLRenderer.o /Users/buddhirajgautam/Documents/Cherrygram-Mac/macOS-Swift/packages/TGVideoCameraMovie/Sources/TGVideoCameraGLRenderer.m normal arm64 objective-c com.apple.compilers.llvm.clang.1_0.compiler (in target 'TGVideoCameraMovie' from project 'TGVideoCameraMovie')
    cd /Users/buddhirajgautam/Documents/Cherrygram-Mac/macOS-Swift
    
    Using response file: /Users/buddhirajgautam/Library/Developer/Xcode/DerivedData/Telegram-Mac-fygdgghdgmuleoelvxabfmqiotta/Build/Intermediates.noindex/TGVideoCameraMovie.build/Debug/TGVideoCameraMovie-t.build/Objects-normal/arm64/e6072d4f65d7061329687fe24e3d63a7-common-args.resp
    
    /Applications/Xcode.app/Contents/Developer/Toolchains/XcodeDefault.xctoolchain/usr/bin/clang -x objective-c -ivfsstatcache /Users/buddhirajgautam/Library/Developer/Xcode/DerivedData/SDKStatCaches.noindex/macosx27.0-26A425-e829b21a6f8c9b70876ba0858053c0447231f6df4def33e022ae2eb8f782df1a.sdkstatcache -target arm64-apple-macos12.0 -fmessage-length\=0 -fdiagnostics-show-note-include-stack -fmacro-backtrace-limit\=0 -fno-color-diagnostics -fmodules-prune-interval\=86400 -fmodules-prune-after\=345600 -fbuild-session-file\=/Users/buddhirajgautam/Library/Developer/Xcode/DerivedData/ModuleCache.noindex/Session.modulevalidation -fmodules-validate-once-per-build-session -Wnon-modular-include-in-framework-module -Werror\=non-modular-include-in-framework-module -Wno-trigraphs -Wno-missing-field-initializers -Wno-missing-prototypes -Wno-return-type -Wno-implicit-atomic-properties -Wno-objc-interface-ivars -Wno-arc-repeated-use-of-weak -Wno-missing-braces -Wparentheses -Wswitch -Wno-unused-function -Wno-unused-label -Wno-unused-parameter -Wno-unused-variable -Wunused-value -Wno-empty-body -Wno-uninitialized -Wno-unknown-pragmas -Wno-shadow -Wno-four-char-constants -Wno-conversion -Wno-constant-conversion -Wno-int-conversion -Wno-bool-conversion -Wno-enum-conversion -Wno-float-conversion -Wno-non-literal-null-conversion -Wno-objc-literal-conversion -Wshorten-64-to-32 -Wpointer-sign -Wno-newline-eof -Wno-selector -Wno-strict-selector-match -Wno-undeclared-selector -Wno-deprecated-implementations -Wno-implicit-fallthrough -isysroot /Applications/Xcode.app/Contents/Developer/Platforms/MacOSX.platform/Developer/SDKs/MacOSX27.0.sdk -fstrict-aliasing -Wprotocol -Wdeprecated-declarations -Wno-sign-conversion -Wno-infinite-recursion -Wno-comma -Wno-block-capture-autoreleasing -Wno-strict-prototypes -Wno-semicolon-before-method-body -index-store-path /Users/buddhirajgautam/Library/Developer/Xcode/DerivedData/Telegram-Mac-fygdgghdgmuleoelvxabfmqiotta/Index.noindex/DataStore @/Users/buddhirajgautam/Library/Developer/Xcode/DerivedData/Telegram-Mac-fygdgghdgmuleoelvxabfmqiotta/Build/Intermediates.noindex/TGVideoCameraMovie.build/Debug/TGVideoCameraMovie-t.build/Objects-normal/arm64/e6072d4f65d7061329687fe24e3d63a7-common-args.resp -MMD -MT dependencies -MF /Users/buddhirajgautam/Library/Developer/Xcode/DerivedData/Telegram-Mac-fygdgghdgmuleoelvxabfmqiotta/Build/Intermediates.noindex/TGVideoCameraMovie.build/Debug/TGVideoCameraMovie-t.build/Objects-normal/arm64/TGVideoCameraGLRenderer.d --serialize-diagnostics /Users/buddhirajgautam/Library/Developer/Xcode/DerivedData/Telegram-Mac-fygdgghdgmuleoelvxabfmqiotta/Build/Intermediates.noindex/TGVideoCameraMovie.build/Debug/TGVideoCameraMovie-t.build/Objects-normal/arm64/TGVideoCameraGLRenderer.dia -c /Users/buddhirajgautam/Documents/Cherrygram-Mac/macOS-Swift/packages/TGVideoCameraMovie/Sources/TGVideoCameraGLRenderer.m -o /Users/buddhirajgautam/Library/Developer/Xcode/DerivedData/Telegram-Mac-fygdgghdgmuleoelvxabfmqiotta/Build/Intermediates.noindex/TGVideoCameraMovie.build/Debug/TGVideoCameraMovie-t.build/Objects-normal/arm64/TGVideoCameraGLRenderer.o -index-unit-output-path /TGVideoCameraMovie.build/Debug/TGVideoCameraMovie-t.build/Objects-normal/arm64/TGVideoCameraGLRenderer.o
/Users/buddhirajgautam/Documents/Cherrygram-Mac/macOS-Swift/packages/TGVideoCameraMovie/Sources/TGVideoCameraGLRenderer.m:69:5: warning: 'CGLChoosePixelFormat' is deprecated: first deprecated in macOS 10.14 - OpenGL API deprecated. (Define GL_SILENCE_DEPRECATION to silence these warnings) [-Wdeprecated-declarations]
   69 |     CGLChoosePixelFormat (attribs, &pixelFormat, &numPixelFormats); // 5
      |     ^
In module 'OpenGL' imported from /Users/buddhirajgautam/Documents/Cherrygram-Mac/macOS-Swift/packages/TGVideoCameraMovie/Sources/TGVideoCameraGLRenderer.m:2:
/Applications/Xcode.app/Contents/Developer/Platforms/MacOSX.platform/Developer/SDKs/MacOSX.sdk/System/Library/Frameworks/OpenGL.framework/Headers/OpenGL.h:31:17: note: 'CGLChoosePixelFormat' has been explicitly marked deprecated here
   31 | extern CGLError CGLChoosePixelFormat(const CGLPixelFormatAttribute *attribs, CGLPixelFormatObj OPENGL_NULLABLE * OPENGL_NONNULL pix, GLint *npix) OPENGL_DEPRECATED(10.0, 10.14);
      |                 ^
/Users/buddhirajgautam/Documents/Cherrygram-Mac/macOS-Swift/packages/TGVideoCameraMovie/Sources/TGVideoCameraGLRenderer.m:71:9: warning: 'CGLCreateContext' is deprecated: first deprecated in macOS 10.14 - OpenGL API deprecated. (Define GL_SILENCE_DEPRECATION to silence these warnings) [-Wdeprecated-declarations]
   71 |         CGLCreateContext (pixelFormat, NULL, &myCGLContext); // 6
      |         ^
In module 'OpenGL' imported from /Users/buddhirajgautam/Documents/Cherrygram-Mac/macOS-Swift/packages/TGVideoCameraMovie/Sources/TGVideoCameraGLRenderer.m:2:
/Applications/Xcode.app/Contents/Developer/Platforms/MacOSX.platform/Developer/SDKs/MacOSX.sdk/System/Library/Frameworks/OpenGL.framework/Headers/OpenGL.h:48:17: note: 'CGLCreateContext' has been explicitly marked deprecated here
   48 | extern CGLError CGLCreateContext(CGLPixelFormatObj pix, CGLContextObj OPENGL_NULLABLE share, CGLContextObj OPENGL_NULLABLE * OPENGL_NONNULL ctx) OPENGL_DEPRECATED(10.0, 10.14);
      |                 ^
/Users/buddhirajgautam/Documents/Cherrygram-Mac/macOS-Swift/packages/TGVideoCameraMovie/Sources/TGVideoCameraGLRenderer.m:72:9: warning: 'CGLDestroyPixelFormat' is deprecated: first deprecated in macOS 10.14 - OpenGL API deprecated. (Define GL_SILENCE_DEPRECATION to silence these warnings) [-Wdeprecated-declarations]
   72 |         CGLDestroyPixelFormat (pixelFormat); // 7
      |         ^
In module 'OpenGL' imported from /Users/buddhirajgautam/Documents/Cherrygram-Mac/macOS-Swift/packages/TGVideoCameraMovie/Sources/TGVideoCameraGLRenderer.m:2:
/Applications/Xcode.app/Contents/Developer/Platforms/MacOSX.platform/Developer/SDKs/MacOSX.sdk/System/Library/Frameworks/OpenGL.framework/Headers/OpenGL.h:32:17: note: 'CGLDestroyPixelFormat' has been explicitly marked deprecated here
   32 | extern CGLError CGLDestroyPixelFormat(CGLPixelFormatObj pix) OPENGL_DEPRECATED(10.0, 10.14);
      |                 ^
/Users/buddhirajgautam/Documents/Cherrygram-Mac/macOS-Swift/packages/TGVideoCameraMovie/Sources/TGVideoCameraGLRenderer.m:263:15: warning: 'CVOpenGLTextureCacheCreateTextureFromImage' is deprecated: first deprecated in macOS 10.14 - OpenGL/OpenGLES is no longer supported. Use Metal APIs instead. (Define COREVIDEO_SILENCE_GL_DEPRECATION to silence these warnings) [-Wdeprecated-declarations]
  263 |         err = CVOpenGLTextureCacheCreateTextureFromImage(kCFAllocatorDefault, _prevTextureCache, _previousPixelBuffer, NULL, &prevTexture);
      |               ^
In module 'CoreVideo' imported from /Users/buddhirajgautam/Documents/Cherrygram-Mac/macOS-Swift/packages/TGVideoCameraMovie/PublicHeaders/TGVideoCameraMovie/TGVideoCameraGLRenderer.h:2:
/Applications/Xcode.app/Contents/Developer/Platforms/MacOSX.platform/Developer/SDKs/MacOSX27.0.sdk/System/Library/Frameworks/CoreVideo.framework/Headers/CVOpenGLTextureCache.h:89:20: note: 'CVOpenGLTextureCacheCreateTextureFromImage' has been explicitly marked deprecated here
   89 | CV_EXPORT CVReturn CVOpenGLTextureCacheCreateTextureFromImage(
      |                    ^
/Users/buddhirajgautam/Documents/Cherrygram-Mac/macOS-Swift/packages/TGVideoCameraMovie/Sources/TGVideoCameraGLRenderer.m:276:9: warning: 'CVOpenGLTextureCacheFlush' is deprecated: first deprecated in macOS 10.14 - OpenGL/OpenGLES is no longer supported. Use Metal APIs instead. (Define COREVIDEO_SILENCE_GL_DEPRECATION to silence these warnings) [-Wdeprecated-declarations]
  276 |         CVOpenGLTextureCacheFlush(_renderTextureCache, 0);
      |         ^
In module 'CoreVideo' imported from /Users/buddhirajgautam/Documents/Cherrygram-Mac/macOS-Swift/packages/TGVideoCameraMovie/PublicHeaders/TGVideoCameraMovie/TGVideoCameraGLRenderer.h:2:
/Applications/Xcode.app/Contents/Developer/Platforms/MacOSX.platform/Developer/SDKs/MacOSX27.0.sdk/System/Library/Frameworks/CoreVideo.framework/Headers/CVOpenGLTextureCache.h:105:16: note: 'CVOpenGLTextureCacheFlush' has been explicitly marked deprecated here
  105 | CV_EXPORT void CVOpenGLTextureCacheFlush( CVOpenGLTextureCacheRef CV_NONNULL textureCache, CVOptionFlags options ) COREVIDEO_GL_DEPRECATED(macosx, 10.4, 10.14) API_UNAVAILABLE(macCatalyst);
      |                ^
/Users/buddhirajgautam/Documents/Cherrygram-Mac/macOS-Swift/packages/TGVideoCameraMovie/Sources/TGVideoCameraGLRenderer.m:284:11: warning: 'CVOpenGLTextureCacheCreateTextureFromImage' is deprecated: first deprecated in macOS 10.14 - OpenGL/OpenGLES is no longer supported. Use Metal APIs instead. (Define COREVIDEO_SILENCE_GL_DEPRECATION to silence these warnings) [-Wdeprecated-declarations]
  284 |     err = CVOpenGLTextureCacheCreateTextureFromImage(kCFAllocatorDefault, _renderTextureCache, dstPixelBuffer, NULL, &dstTexture);
      |           ^
In module 'CoreVideo' imported from /Users/buddhirajgautam/Documents/Cherrygram-Mac/macOS-Swift/packages/TGVideoCameraMovie/PublicHeaders/TGVideoCameraMovie/TGVideoCameraGLRenderer.h:2:
/Applications/Xcode.app/Contents/Developer/Platforms/MacOSX.platform/Developer/SDKs/MacOSX27.0.sdk/System/Library/Frameworks/CoreVideo.framework/Headers/CVOpenGLTextureCache.h:89:20: note: 'CVOpenGLTextureCacheCreateTextureFromImage' has been explicitly marked deprecated here
   89 | CV_EXPORT CVReturn CVOpenGLTextureCacheCreateTextureFromImage(
      |                    ^
/Users/buddhirajgautam/Documents/Cherrygram-Mac/macOS-Swift/packages/TGVideoCameraMovie/Sources/TGVideoCameraGLRenderer.m:294:5: warning: 'glBindFramebuffer' is deprecated: first deprecated in macOS 10.14 - OpenGL API deprecated. (Define GL_SILENCE_DEPRECATION to silence these warnings) [-Wdeprecated-declarations]
  294 |     glBindFramebuffer(GL_FRAMEBUFFER, _offscreenBufferHandle);
      |     ^
In module 'OpenGL' imported from /Users/buddhirajgautam/Documents/Cherrygram-Mac/macOS-Swift/packages/TGVideoCameraMovie/Sources/TGVideoCameraGLRenderer.m:2:
/Applications/Xcode.app/Contents/Developer/Platforms/MacOSX.platform/Developer/SDKs/MacOSX.sdk/System/Library/Frameworks/OpenGL.framework/Headers/gl3.h:2295:21: note: 'glBindFramebuffer' has been explicitly marked deprecated here
 2295 | GLAPI void APIENTRY glBindFramebuffer (GLenum target, GLuint framebuffer) OPENGL_DEPRECATED(10.8, 10.14);
      |                     ^
/Users/buddhirajgautam/Documents/Cherrygram-Mac/macOS-Swift/packages/TGVideoCameraMovie/Sources/TGVideoCameraGLRenderer.m:295:5: warning: 'glViewport' is deprecated: first deprecated in macOS 10.14 - OpenGL API deprecated. (Define GL_SILENCE_DEPRECATION to silence these warnings) [-Wdeprecated-declarations]
  295 |     glViewport(0, 0, dstDimensions.width, dstDimensions.height);
      |     ^
In module 'OpenGL' imported from /Users/buddhirajgautam/Documents/Cherrygram-Mac/macOS-Swift/packages/TGVideoCameraMovie/Sources/TGVideoCameraGLRenderer.m:2:
/Applications/Xcode.app/Contents/Developer/Platforms/MacOSX.platform/Developer/SDKs/MacOSX.sdk/System/Library/Frameworks/OpenGL.framework/Headers/gl3.h:1664:21: note: 'glViewport' has been explicitly marked deprecated here
 1664 | GLAPI void APIENTRY glViewport (GLint x, GLint y, GLsizei width, GLsizei height) OPENGL_DEPRECATED(10.5, 10.14);
      |                     ^
/Users/buddhirajgautam/Documents/Cherrygram-Mac/macOS-Swift/packages/TGVideoCameraMovie/Sources/TGVideoCameraGLRenderer.m:296:5: warning: 'glUseProgram' is deprecated: first deprecated in macOS 10.14 - OpenGL API deprecated. (Define GL_SILENCE_DEPRECATION to silence these warnings) [-Wdeprecated-declarations]
  296 |     glUseProgram(_shader.program);
      |     ^
In module 'OpenGL' imported from /Users/buddhirajgautam/Documents/Cherrygram-Mac/macOS-Swift/packages/TGVideoCameraMovie/Sources/TGVideoCameraGLRenderer.m:2:
/Applications/Xcode.app/Contents/Developer/Platforms/MacOSX.platform/Developer/SDKs/MacOSX.sdk/System/Library/Frameworks/OpenGL.framework/Headers/gl3.h:1892:21: note: 'glUseProgram' has been explicitly marked deprecated here
 1892 | GLAPI void APIENTRY glUseProgram (GLuint program) OPENGL_DEPRECATED(10.5, 10.14);
      |                     ^
/Users/buddhirajgautam/Documents/Cherrygram-Mac/macOS-Swift/packages/TGVideoCameraMovie/Sources/TGVideoCameraGLRenderer.m:298:5: warning: 'glActiveTexture' is deprecated: first deprecated in macOS 10.14 - OpenGL API deprecated. (Define GL_SILENCE_DEPRECATION to silence these warnings) [-Wdeprecated-declarations]
  298 |     glActiveTexture(GL_TEXTURE0);
      |     ^
In module 'OpenGL' imported from /Users/buddhirajgautam/Documents/Cherrygram-Mac/macOS-Swift/packages/TGVideoCameraMovie/Sources/TGVideoCameraGLRenderer.m:2:
/Applications/Xcode.app/Contents/Developer/Platforms/MacOSX.platform/Developer/SDKs/MacOSX.sdk/System/Library/Frameworks/OpenGL.framework/Headers/gl3.h:1769:21: note: 'glActiveTexture' has been explicitly marked deprecated here
 1769 | GLAPI void APIENTRY glActiveTexture (GLenum texture) OPENGL_DEPRECATED(10.5, 10.14);
      |                     ^
/Users/buddhirajgautam/Documents/Cherrygram-Mac/macOS-Swift/packages/TGVideoCameraMovie/Sources/TGVideoCameraGLRenderer.m:299:5: warning: 'glBindTexture' is deprecated: first deprecated in macOS 10.14 - OpenGL API deprecated. (Define GL_SILENCE_DEPRECATION to silence these warnings) [-Wdeprecated-declarations]
  299 |     glBindTexture(CVOpenGLTextureGetTarget(dstTexture), CVOpenGLTextureGetName(dstTexture));
      |     ^
In module 'OpenGL' imported from /Users/buddhirajgautam/Documents/Cherrygram-Mac/macOS-Swift/packages/TGVideoCameraMovie/Sources/TGVideoCameraGLRenderer.m:2:
/Applications/Xcode.app/Contents/Developer/Platforms/MacOSX.platform/Developer/SDKs/MacOSX.sdk/System/Library/Frameworks/OpenGL.framework/Headers/gl3.h:1728:21: note: 'glBindTexture' has been explicitly marked deprecated here
 1728 | GLAPI void APIENTRY glBindTexture (GLenum target, GLuint texture) OPENGL_DEPRECATED(10.5, 10.14);
      |                     ^
/Users/buddhirajgautam/Documents/Cherrygram-Mac/macOS-Swift/packages/TGVideoCameraMovie/Sources/TGVideoCameraGLRenderer.m:299:19: warning: 'CVOpenGLTextureGetTarget' is deprecated: first deprecated in macOS 10.14 - OpenGL/OpenGLES is no longer supported. Use Metal APIs instead. (Define COREVIDEO_SILENCE_GL_DEPRECATION to silence these warnings) [-Wdeprecated-declarations]
  299 |     glBindTexture(CVOpenGLTextureGetTarget(dstTexture), CVOpenGLTextureGetName(dstTexture));
      |                   ^
In module 'CoreVideo' imported from /Users/buddhirajgautam/Documents/Cherrygram-Mac/macOS-Swift/packages/TGVideoCameraMovie/PublicHeaders/TGVideoCameraMovie/TGVideoCameraGLRenderer.h:2:
/Applications/Xcode.app/Contents/Developer/Platforms/MacOSX.platform/Developer/SDKs/MacOSX27.0.sdk/System/Library/Frameworks/CoreVideo.framework/Headers/CVOpenGLTexture.h:65:18: note: 'CVOpenGLTextureGetTarget' has been explicitly marked deprecated here
   65 | CV_EXPORT GLenum CVOpenGLTextureGetTarget( CVOpenGLTextureRef CV_NONNULL image ) COREVIDEO_GL_DEPRECATED(macosx, 10.4, 10.14) API_UNAVAILABLE(macCatalyst);
      |                  ^
/Users/buddhirajgautam/Documents/Cherrygram-Mac/macOS-Swift/packages/TGVideoCameraMovie/Sources/TGVideoCameraGLRenderer.m:299:57: warning: 'CVOpenGLTextureGetName' is deprecated: first deprecated in macOS 10.14 - OpenGL/OpenGLES is no longer supported. Use Metal APIs instead. (Define COREVIDEO_SILENCE_GL_DEPRECATION to silence these warnings) [-Wdeprecated-declarations]
  299 |     glBindTexture(CVOpenGLTextureGetTarget(dstTexture), CVOpenGLTextureGetName(dstTexture));
      |                                                         ^
In module 'CoreVideo' imported from /Users/buddhirajgautam/Documents/Cherrygram-Mac/macOS-Swift/packages/TGVideoCameraMovie/PublicHeaders/TGVideoCameraMovie/TGVideoCameraGLRenderer.h:2:
/Applications/Xcode.app/Contents/Developer/Platforms/MacOSX.platform/Developer/SDKs/MacOSX27.0.sdk/System/Library/Frameworks/CoreVideo.framework/Headers/CVOpenGLTexture.h:73:18: note: 'CVOpenGLTextureGetName' has been explicitly marked deprecated here
   73 | CV_EXPORT GLuint CVOpenGLTextureGetName( CVOpenGLTextureRef CV_NONNULL image ) COREVIDEO_GL_DEPRECATED(macosx, 10.4, 10.14) API_UNAVAILABLE(macCatalyst);
      |                  ^
/Users/buddhirajgautam/Documents/Cherrygram-Mac/macOS-Swift/packages/TGVideoCameraMovie/Sources/TGVideoCameraGLRenderer.m:300:5: warning: 'glTexParameteri' is deprecated: first deprecated in macOS 10.14 - OpenGL API deprecated. (Define GL_SILENCE_DEPRECATION to silence these warnings) [-Wdeprecated-declarations]
  300 |     glTexParameteri(GL_TEXTURE_2D, GL_TEXTURE_MIN_FILTER, GL_LINEAR);
      |     ^
In module 'OpenGL' imported from /Users/buddhirajgautam/Documents/Cherrygram-Mac/macOS-Swift/packages/TGVideoCameraMovie/Sources/TGVideoCameraGLRenderer.m:2:
/Applications/Xcode.app/Contents/Developer/Platforms/MacOSX.platform/Developer/SDKs/MacOSX.sdk/System/Library/Frameworks/OpenGL.framework/Headers/gl3.h:1626:21: note: 'glTexParameteri' has been explicitly marked deprecated here
 1626 | GLAPI void APIENTRY glTexParameteri (GLenum target, GLenum pname, GLint param) OPENGL_DEPRECATED(10.5, 10.14);
      |                     ^
/Users/buddhirajgautam/Documents/Cherrygram-Mac/macOS-Swift/packages/TGVideoCameraMovie/Sources/TGVideoCameraGLRenderer.m:301:5: warning: 'glTexParameteri' is deprecated: first deprecated in macOS 10.14 - OpenGL API deprecated. (Define GL_SILENCE_DEPRECATION to silence these warnings) [-Wdeprecated-declarations]
  301 |     glTexParameteri(GL_TEXTURE_2D, GL_TEXTURE_MAG_FILTER, GL_LINEAR);
      |     ^
In module 'OpenGL' imported from /Users/buddhirajgautam/Documents/Cherrygram-Mac/macOS-Swift/packages/TGVideoCameraMovie/Sources/TGVideoCameraGLRenderer.m:2:
/Applications/Xcode.app/Contents/Developer/Platforms/MacOSX.platform/Developer/SDKs/MacOSX.sdk/System/Library/Frameworks/OpenGL.framework/Headers/gl3.h:1626:21: note: 'glTexParameteri' has been explicitly marked deprecated here
 1626 | GLAPI void APIENTRY glTexParameteri (GLenum target, GLenum pname, GLint param) OPENGL_DEPRECATED(10.5, 10.14);
      |                     ^
/Users/buddhirajgautam/Documents/Cherrygram-Mac/macOS-Swift/packages/TGVideoCameraMovie/Sources/TGVideoCameraGLRenderer.m:302:5: warning: 'glTexParameteri' is deprecated: first deprecated in macOS 10.14 - OpenGL API deprecated. (Define GL_SILENCE_DEPRECATION to silence these warnings) [-Wdeprecated-declarations]
  302 |     glTexParameteri(GL_TEXTURE_2D, GL_TEXTURE_WRAP_S, GL_CLAMP_TO_EDGE);
      |     ^
In module 'OpenGL' imported from /Users/buddhirajgautam/Documents/Cherrygram-Mac/macOS-Swift/packages/TGVideoCameraMovie/Sources/TGVideoCameraGLRenderer.m:2:
/Applications/Xcode.app/Contents/Developer/Platforms/MacOSX.platform/Developer/SDKs/MacOSX.sdk/System/Library/Frameworks/OpenGL.framework/Headers/gl3.h:1626:21: note: 'glTexParameteri' has been explicitly marked deprecated here
 1626 | GLAPI void APIENTRY glTexParameteri (GLenum target, GLenum pname, GLint param) OPENGL_DEPRECATED(10.5, 10.14);
      |                     ^
/Users/buddhirajgautam/Documents/Cherrygram-Mac/macOS-Swift/packages/TGVideoCameraMovie/Sources/TGVideoCameraGLRenderer.m:303:5: warning: 'glTexParameteri' is deprecated: first deprecated in macOS 10.14 - OpenGL API deprecated. (Define GL_SILENCE_DEPRECATION to silence these warnings) [-Wdeprecated-declarations]
  303 |     glTexParameteri(GL_TEXTURE_2D, GL_TEXTURE_WRAP_T, GL_CLAMP_TO_EDGE);
      |     ^
In module 'OpenGL' imported from /Users/buddhirajgautam/Documents/Cherrygram-Mac/macOS-Swift/packages/TGVideoCameraMovie/Sources/TGVideoCameraGLRenderer.m:2:
/Applications/Xcode.app/Contents/Developer/Platforms/MacOSX.platform/Developer/SDKs/MacOSX.sdk/System/Library/Frameworks/OpenGL.framework/Headers/gl3.h:1626:21: note: 'glTexParameteri' has been explicitly marked deprecated here
 1626 | GLAPI void APIENTRY glTexParameteri (GLenum target, GLenum pname, GLint param) OPENGL_DEPRECATED(10.5, 10.14);
      |                     ^
/Users/buddhirajgautam/Documents/Cherrygram-Mac/macOS-Swift/packages/TGVideoCameraMovie/Sources/TGVideoCameraGLRenderer.m:304:5: warning: 'glFramebufferTexture2D' is deprecated: first deprecated in macOS 10.14 - OpenGL API deprecated. (Define GL_SILENCE_DEPRECATION to silence these warnings) [-Wdeprecated-declarations]
  304 |     glFramebufferTexture2D(GL_FRAMEBUFFER, GL_COLOR_ATTACHMENT0, CVOpenGLTextureGetTarget(dstTexture), CVOpenGLTextureGetName(dstTexture), 0);
      |     ^
In module 'OpenGL' imported from /Users/buddhirajgautam/Documents/Cherrygram-Mac/macOS-Swift/packages/TGVideoCameraMovie/Sources/TGVideoCameraGLRenderer.m:2:
/Applications/Xcode.app/Contents/Developer/Platforms/MacOSX.platform/Developer/SDKs/MacOSX.sdk/System/Library/Frameworks/OpenGL.framework/Headers/gl3.h:2300:21: note: 'glFramebufferTexture2D' has been explicitly marked deprecated here
 2300 | GLAPI void APIENTRY glFramebufferTexture2D (GLenum target, GLenum attachment, GLenum textarget, GLuint texture, GLint level) OPENGL_DEPRECATED(10.8, 10.14);
      |                     ^
/Users/buddhirajgautam/Documents/Cherrygram-Mac/macOS-Swift/packages/TGVideoCameraMovie/Sources/TGVideoCameraGLRenderer.m:304:66: warning: 'CVOpenGLTextureGetTarget' is deprecated: first deprecated in macOS 10.14 - OpenGL/OpenGLES is no longer supported. Use Metal APIs instead. (Define COREVIDEO_SILENCE_GL_DEPRECATION to silence these warnings) [-Wdeprecated-declarations]
  304 |     glFramebufferTexture2D(GL_FRAMEBUFFER, GL_COLOR_ATTACHMENT0, CVOpenGLTextureGetTarget(dstTexture), CVOpenGLTextureGetName(dstTexture), 0);
      |                                                                  ^
In module 'CoreVideo' imported from /Users/buddhirajgautam/Documents/Cherrygram-Mac/macOS-Swift/packages/TGVideoCameraMovie/PublicHeaders/TGVideoCameraMovie/TGVideoCameraGLRenderer.h:2:
/Applications/Xcode.app/Contents/Developer/Platforms/MacOSX.platform/Developer/SDKs/MacOSX27.0.sdk/System/Library/Frameworks/CoreVideo.framework/Headers/CVOpenGLTexture.h:65:18: note: 'CVOpenGLTextureGetTarget' has been explicitly marked deprecated here
   65 | CV_EXPORT GLenum CVOpenGLTextureGetTarget( CVOpenGLTextureRef CV_NONNULL image ) COREVIDEO_GL_DEPRECATED(macosx, 10.4, 10.14) API_UNAVAILABLE(macCatalyst);
      |                  ^
/Users/buddhirajgautam/Documents/Cherrygram-Mac/macOS-Swift/packages/TGVideoCameraMovie/Sources/TGVideoCameraGLRenderer.m:304:104: warning: 'CVOpenGLTextureGetName' is deprecated: first deprecated in macOS 10.14 - OpenGL/OpenGLES is no longer supported. Use Metal APIs instead. (Define COREVIDEO_SILENCE_GL_DEPRECATION to silence these warnings) [-Wdeprecated-declarations]
  304 |     glFramebufferTexture2D(GL_FRAMEBUFFER, GL_COLOR_ATTACHMENT0, CVOpenGLTextureGetTarget(dstTexture), CVOpenGLTextureGetName(dstTexture), 0);
      |                                                                                                        ^
In module 'CoreVideo' imported from /Users/buddhirajgautam/Documents/Cherrygram-Mac/macOS-Swift/packages/TGVideoCameraMovie/PublicHeaders/TGVideoCameraMovie/TGVideoCameraGLRenderer.h:2:
/Applications/Xcode.app/Contents/Developer/Platforms/MacOSX.platform/Developer/SDKs/MacOSX27.0.sdk/System/Library/Frameworks/CoreVideo.framework/Headers/CVOpenGLTexture.h:73:18: note: 'CVOpenGLTextureGetName' has been explicitly marked deprecated here
   73 | CV_EXPORT GLuint CVOpenGLTextureGetName( CVOpenGLTextureRef CV_NONNULL image ) COREVIDEO_GL_DEPRECATED(macosx, 10.4, 10.14) API_UNAVAILABLE(macCatalyst);
      |                  ^
/Users/buddhirajgautam/Documents/Cherrygram-Mac/macOS-Swift/packages/TGVideoCameraMovie/Sources/TGVideoCameraGLRenderer.m:313:5: warning: 'glPixelStorei' is deprecated: first deprecated in macOS 10.14 - OpenGL API deprecated. (Define GL_SILENCE_DEPRECATION to silence these warnings) [-Wdeprecated-declarations]
  313 |     glPixelStorei(GL_UNPACK_ROW_LENGTH, stride/4);
      |     ^
In module 'OpenGL' imported from /Users/buddhirajgautam/Documents/Cherrygram-Mac/macOS-Swift/packages/TGVideoCameraMovie/Sources/TGVideoCameraGLRenderer.m:2:
/Applications/Xcode.app/Contents/Developer/Platforms/MacOSX.platform/Developer/SDKs/MacOSX.sdk/System/Library/Frameworks/OpenGL.framework/Headers/gl3.h:1648:21: note: 'glPixelStorei' has been explicitly marked deprecated here
 1648 | GLAPI void APIENTRY glPixelStorei (GLenum pname, GLint param) OPENGL_DEPRECATED(10.5, 10.14);
      |                     ^
/Users/buddhirajgautam/Documents/Cherrygram-Mac/macOS-Swift/packages/TGVideoCameraMovie/Sources/TGVideoCameraGLRenderer.m:314:5: warning: 'glTexImage2D' is deprecated: first deprecated in macOS 10.14 - OpenGL API deprecated. (Define GL_SILENCE_DEPRECATION to silence these warnings) [-Wdeprecated-declarations]
  314 |     glTexImage2D(GL_TEXTURE_2D, 0, GL_RGBA, width, height, 0, GL_BGRA, GL_UNSIGNED_BYTE, CVPixelBufferGetBaseAddress(pixelBuffer));
      |     ^
In module 'OpenGL' imported from /Users/buddhirajgautam/Documents/Cherrygram-Mac/macOS-Swift/packages/TGVideoCameraMovie/Sources/TGVideoCameraGLRenderer.m:2:
/Applications/Xcode.app/Contents/Developer/Platforms/MacOSX.platform/Developer/SDKs/MacOSX.sdk/System/Library/Frameworks/OpenGL.framework/Headers/gl3.h:1629:21: note: 'glTexImage2D' has been explicitly marked deprecated here
 1629 | GLAPI void APIENTRY glTexImage2D (GLenum target, GLint level, GLint internalformat, GLsizei width, GLsizei height, GLint border, GLenum format, GLenum type, const GLvoid *pixels) OPENGL_DEPRECATED(10.5, 10.14);
      |                     ^
/Users/buddhirajgautam/Documents/Cherrygram-Mac/macOS-Swift/packages/TGVideoCameraMovie/Sources/TGVideoCameraGLRenderer.m:315:5: warning: 'glPixelStorei' is deprecated: first deprecated in macOS 10.14 - OpenGL API deprecated. (Define GL_SILENCE_DEPRECATION to silence these warnings) [-Wdeprecated-declarations]
  315 |     glPixelStorei(GL_UNPACK_ROW_LENGTH, 0);
      |     ^
In module 'OpenGL' imported from /Users/buddhirajgautam/Documents/Cherrygram-Mac/macOS-Swift/packages/TGVideoCameraMovie/Sources/TGVideoCameraGLRenderer.m:2:
/Applications/Xcode.app/Contents/Developer/Platforms/MacOSX.platform/Developer/SDKs/MacOSX.sdk/System/Library/Frameworks/OpenGL.framework/Headers/gl3.h:1648:21: note: 'glPixelStorei' has been explicitly marked deprecated here
 1648 | GLAPI void APIENTRY glPixelStorei (GLenum pname, GLint param) OPENGL_DEPRECATED(10.5, 10.14);
      |                     ^
/Users/buddhirajgautam/Documents/Cherrygram-Mac/macOS-Swift/packages/TGVideoCameraMovie/Sources/TGVideoCameraGLRenderer.m:318:5: warning: 'glTexParameteri' is deprecated: first deprecated in macOS 10.14 - OpenGL API deprecated. (Define GL_SILENCE_DEPRECATION to silence these warnings) [-Wdeprecated-declarations]
  318 |     glTexParameteri(GL_TEXTURE_2D, GL_TEXTURE_MIN_FILTER, GL_LINEAR);
      |     ^
In module 'OpenGL' imported from /Users/buddhirajgautam/Documents/Cherrygram-Mac/macOS-Swift/packages/TGVideoCameraMovie/Sources/TGVideoCameraGLRenderer.m:2:
/Applications/Xcode.app/Contents/Developer/Platforms/MacOSX.platform/Developer/SDKs/MacOSX.sdk/System/Library/Frameworks/OpenGL.framework/Headers/gl3.h:1626:21: note: 'glTexParameteri' has been explicitly marked deprecated here
 1626 | GLAPI void APIENTRY glTexParameteri (GLenum target, GLenum pname, GLint param) OPENGL_DEPRECATED(10.5, 10.14);
      |                     ^
/Users/buddhirajgautam/Documents/Cherrygram-Mac/macOS-Swift/packages/TGVideoCameraMovie/Sources/TGVideoCameraGLRenderer.m:319:5: warning: 'glTexParameteri' is deprecated: first deprecated in macOS 10.14 - OpenGL API deprecated. (Define GL_SILENCE_DEPRECATION to silence these warnings) [-Wdeprecated-declarations]
  319 |     glTexParameteri(GL_TEXTURE_2D, GL_TEXTURE_MAG_FILTER, GL_LINEAR);
      |     ^
In module 'OpenGL' imported from /Users/buddhirajgautam/Documents/Cherrygram-Mac/macOS-Swift/packages/TGVideoCameraMovie/Sources/TGVideoCameraGLRenderer.m:2:
/Applications/Xcode.app/Contents/Developer/Platforms/MacOSX.platform/Developer/SDKs/MacOSX.sdk/System/Library/Frameworks/OpenGL.framework/Headers/gl3.h:1626:21: note: 'glTexParameteri' has been explicitly marked deprecated here
 1626 | GLAPI void APIENTRY glTexParameteri (GLenum target, GLenum pname, GLint param) OPENGL_DEPRECATED(10.5, 10.14);
      |                     ^
/Users/buddhirajgautam/Documents/Cherrygram-Mac/macOS-Swift/packages/TGVideoCameraMovie/Sources/TGVideoCameraGLRenderer.m:320:5: warning: 'glTexParameteri' is deprecated: first deprecated in macOS 10.14 - OpenGL API deprecated. (Define GL_SILENCE_DEPRECATION to silence these warnings) [-Wdeprecated-declarations]
  320 |     glTexParameteri(GL_TEXTURE_2D, GL_TEXTURE_WRAP_S, GL_CLAMP_TO_EDGE);
      |     ^
In module 'OpenGL' imported from /Users/buddhirajgautam/Documents/Cherrygram-Mac/macOS-Swift/packages/TGVideoCameraMovie/Sources/TGVideoCameraGLRenderer.m:2:
/Applications/Xcode.app/Contents/Developer/Platforms/MacOSX.platform/Developer/SDKs/MacOSX.sdk/System/Library/Frameworks/OpenGL.framework/Headers/gl3.h:1626:21: note: 'glTexParameteri' has been explicitly marked deprecated here
 1626 | GLAPI void APIENTRY glTexParameteri (GLenum target, GLenum pname, GLint param) OPENGL_DEPRECATED(10.5, 10.14);
      |                     ^
/Users/buddhirajgautam/Documents/Cherrygram-Mac/macOS-Swift/packages/TGVideoCameraMovie/Sources/TGVideoCameraGLRenderer.m:321:5: warning: 'glTexParameteri' is deprecated: first deprecated in macOS 10.14 - OpenGL API deprecated. (Define GL_SILENCE_DEPRECATION to silence these warnings) [-Wdeprecated-declarations]
  321 |     glTexParameteri(GL_TEXTURE_2D, GL_TEXTURE_WRAP_T, GL_CLAMP_TO_EDGE);
      |     ^
In module 'OpenGL' imported from /Users/buddhirajgautam/Documents/Cherrygram-Mac/macOS-Swift/packages/TGVideoCameraMovie/Sources/TGVideoCameraGLRenderer.m:2:
/Applications/Xcode.app/Contents/Developer/Platforms/MacOSX.platform/Developer/SDKs/MacOSX.sdk/System/Library/Frameworks/OpenGL.framework/Headers/gl3.h:1626:21: note: 'glTexParameteri' has been explicitly marked deprecated here
 1626 | GLAPI void APIENTRY glTexParameteri (GLenum target, GLenum pname, GLint param) OPENGL_DEPRECATED(10.5, 10.14);
      |                     ^
/Users/buddhirajgautam/Documents/Cherrygram-Mac/macOS-Swift/packages/TGVideoCameraMovie/Sources/TGVideoCameraGLRenderer.m:326:9: warning: 'glActiveTexture' is deprecated: first deprecated in macOS 10.14 - OpenGL API deprecated. (Define GL_SILENCE_DEPRECATION to silence these warnings) [-Wdeprecated-declarations]
  326 |         glActiveTexture(GL_TEXTURE2);
      |         ^
In module 'OpenGL' imported from /Users/buddhirajgautam/Documents/Cherrygram-Mac/macOS-Swift/packages/TGVideoCameraMovie/Sources/TGVideoCameraGLRenderer.m:2:
/Applications/Xcode.app/Contents/Developer/Platforms/MacOSX.platform/Developer/SDKs/MacOSX.sdk/System/Library/Frameworks/OpenGL.framework/Headers/gl3.h:1769:21: note: 'glActiveTexture' has been explicitly marked deprecated here
 1769 | GLAPI void APIENTRY glActiveTexture (GLenum texture) OPENGL_DEPRECATED(10.5, 10.14);
      |                     ^
/Users/buddhirajgautam/Documents/Cherrygram-Mac/macOS-Swift/packages/TGVideoCameraMovie/Sources/TGVideoCameraGLRenderer.m:327:9: warning: 'glBindTexture' is deprecated: first deprecated in macOS 10.14 - OpenGL API deprecated. (Define GL_SILENCE_DEPRECATION to silence these warnings) [-Wdeprecated-declarations]
  327 |         glBindTexture(CVOpenGLTextureGetTarget(prevTexture), CVOpenGLTextureGetName(prevTexture));
      |         ^
In module 'OpenGL' imported from /Users/buddhirajgautam/Documents/Cherrygram-Mac/macOS-Swift/packages/TGVideoCameraMovie/Sources/TGVideoCameraGLRenderer.m:2:
/Applications/Xcode.app/Contents/Developer/Platforms/MacOSX.platform/Developer/SDKs/MacOSX.sdk/System/Library/Frameworks/OpenGL.framework/Headers/gl3.h:1728:21: note: 'glBindTexture' has been explicitly marked deprecated here
 1728 | GLAPI void APIENTRY glBindTexture (GLenum target, GLuint texture) OPENGL_DEPRECATED(10.5, 10.14);
      |                     ^
/Users/buddhirajgautam/Documents/Cherrygram-Mac/macOS-Swift/packages/TGVideoCameraMovie/Sources/TGVideoCameraGLRenderer.m:327:23: warning: 'CVOpenGLTextureGetTarget' is deprecated: first deprecated in macOS 10.14 - OpenGL/OpenGLES is no longer supported. Use Metal APIs instead. (Define COREVIDEO_SILENCE_GL_DEPRECATION to silence these warnings) [-Wdeprecated-declarations]
  327 |         glBindTexture(CVOpenGLTextureGetTarget(prevTexture), CVOpenGLTextureGetName(prevTexture));
      |                       ^
In module 'CoreVideo' imported from /Users/buddhirajgautam/Documents/Cherrygram-Mac/macOS-Swift/packages/TGVideoCameraMovie/PublicHeaders/TGVideoCameraMovie/TGVideoCameraGLRenderer.h:2:
/Applications/Xcode.app/Contents/Developer/Platforms/MacOSX.platform/Developer/SDKs/MacOSX27.0.sdk/System/Library/Frameworks/CoreVideo.framework/Headers/CVOpenGLTexture.h:65:18: note: 'CVOpenGLTextureGetTarget' has been explicitly marked deprecated here
   65 | CV_EXPORT GLenum CVOpenGLTextureGetTarget( CVOpenGLTextureRef CV_NONNULL image ) COREVIDEO_GL_DEPRECATED(macosx, 10.4, 10.14) API_UNAVAILABLE(macCatalyst);
      |                  ^
/Users/buddhirajgautam/Documents/Cherrygram-Mac/macOS-Swift/packages/TGVideoCameraMovie/Sources/TGVideoCameraGLRenderer.m:327:62: warning: 'CVOpenGLTextureGetName' is deprecated: first deprecated in macOS 10.14 - OpenGL/OpenGLES is no longer supported. Use Metal APIs instead. (Define COREVIDEO_SILENCE_GL_DEPRECATION to silence these warnings) [-Wdeprecated-declarations]
  327 |         glBindTexture(CVOpenGLTextureGetTarget(prevTexture), CVOpenGLTextureGetName(prevTexture));
      |                                                              ^
In module 'CoreVideo' imported from /Users/buddhirajgautam/Documents/Cherrygram-Mac/macOS-Swift/packages/TGVideoCameraMovie/PublicHeaders/TGVideoCameraMovie/TGVideoCameraGLRenderer.h:2:
/Applications/Xcode.app/Contents/Developer/Platforms/MacOSX.platform/Developer/SDKs/MacOSX27.0.sdk/System/Library/Frameworks/CoreVideo.framework/Headers/CVOpenGLTexture.h:73:18: note: 'CVOpenGLTextureGetName' has been explicitly marked deprecated here
   73 | CV_EXPORT GLuint CVOpenGLTextureGetName( CVOpenGLTextureRef CV_NONNULL image ) COREVIDEO_GL_DEPRECATED(macosx, 10.4, 10.14) API_UNAVAILABLE(macCatalyst);
      |                  ^
/Users/buddhirajgautam/Documents/Cherrygram-Mac/macOS-Swift/packages/TGVideoCameraMovie/Sources/TGVideoCameraGLRenderer.m:328:9: warning: 'glUniform1i' is deprecated: first deprecated in macOS 10.14 - OpenGL API deprecated. (Define GL_SILENCE_DEPRECATION to silence these warnings) [-Wdeprecated-declarations]
  328 |         glUniform1i(_previousFrameUniform, 2);
      |         ^
In module 'OpenGL' imported from /Users/buddhirajgautam/Documents/Cherrygram-Mac/macOS-Swift/packages/TGVideoCameraMovie/Sources/TGVideoCameraGLRenderer.m:2:
/Applications/Xcode.app/Contents/Developer/Platforms/MacOSX.platform/Developer/SDKs/MacOSX.sdk/System/Library/Frameworks/OpenGL.framework/Headers/gl3.h:1897:21: note: 'glUniform1i' has been explicitly marked deprecated here
 1897 | GLAPI void APIENTRY glUniform1i (GLint location, GLint v0) OPENGL_DEPRECATED(10.5, 10.14);
      |                     ^
/Users/buddhirajgautam/Documents/Cherrygram-Mac/macOS-Swift/packages/TGVideoCameraMovie/Sources/TGVideoCameraGLRenderer.m:330:9: warning: 'glTexParameteri' is deprecated: first deprecated in macOS 10.14 - OpenGL API deprecated. (Define GL_SILENCE_DEPRECATION to silence these warnings) [-Wdeprecated-declarations]
  330 |         glTexParameteri(GL_TEXTURE_2D, GL_TEXTURE_MIN_FILTER, GL_LINEAR);
      |         ^
In module 'OpenGL' imported from /Users/buddhirajgautam/Documents/Cherrygram-Mac/macOS-Swift/packages/TGVideoCameraMovie/Sources/TGVideoCameraGLRenderer.m:2:
/Applications/Xcode.app/Contents/Developer/Platforms/MacOSX.platform/Developer/SDKs/MacOSX.sdk/System/Library/Frameworks/OpenGL.framework/Headers/gl3.h:1626:21: note: 'glTexParameteri' has been explicitly marked deprecated here
 1626 | GLAPI void APIENTRY glTexParameteri (GLenum target, GLenum pname, GLint param) OPENGL_DEPRECATED(10.5, 10.14);
      |                     ^
/Users/buddhirajgautam/Documents/Cherrygram-Mac/macOS-Swift/packages/TGVideoCameraMovie/Sources/TGVideoCameraGLRenderer.m:331:9: warning: 'glTexParameteri' is deprecated: first deprecated in macOS 10.14 - OpenGL API deprecated. (Define GL_SILENCE_DEPRECATION to silence these warnings) [-Wdeprecated-declarations]
  331 |         glTexParameteri(GL_TEXTURE_2D, GL_TEXTURE_MAG_FILTER, GL_LINEAR);
      |         ^
In module 'OpenGL' imported from /Users/buddhirajgautam/Documents/Cherrygram-Mac/macOS-Swift/packages/TGVideoCameraMovie/Sources/TGVideoCameraGLRenderer.m:2:
/Applications/Xcode.app/Contents/Developer/Platforms/MacOSX.platform/Developer/SDKs/MacOSX.sdk/System/Library/Frameworks/OpenGL.framework/Headers/gl3.h:1626:21: note: 'glTexParameteri' has been explicitly marked deprecated here
 1626 | GLAPI void APIENTRY glTexParameteri (GLenum target, GLenum pname, GLint param) OPENGL_DEPRECATED(10.5, 10.14);
      |                     ^
/Users/buddhirajgautam/Documents/Cherrygram-Mac/macOS-Swift/packages/TGVideoCameraMovie/Sources/TGVideoCameraGLRenderer.m:332:9: warning: 'glTexParameteri' is deprecated: first deprecated in macOS 10.14 - OpenGL API deprecated. (Define GL_SILENCE_DEPRECATION to silence these warnings) [-Wdeprecated-declarations]
  332 |         glTexParameteri(GL_TEXTURE_2D, GL_TEXTURE_WRAP_S, GL_CLAMP_TO_EDGE);
      |         ^
In module 'OpenGL' imported from /Users/buddhirajgautam/Documents/Cherrygram-Mac/macOS-Swift/packages/TGVideoCameraMovie/Sources/TGVideoCameraGLRenderer.m:2:
/Applications/Xcode.app/Contents/Developer/Platforms/MacOSX.platform/Developer/SDKs/MacOSX.sdk/System/Library/Frameworks/OpenGL.framework/Headers/gl3.h:1626:21: note: 'glTexParameteri' has been explicitly marked deprecated here
 1626 | GLAPI void APIENTRY glTexParameteri (GLenum target, GLenum pname, GLint param) OPENGL_DEPRECATED(10.5, 10.14);
      |                     ^
/Users/buddhirajgautam/Documents/Cherrygram-Mac/macOS-Swift/packages/TGVideoCameraMovie/Sources/TGVideoCameraGLRenderer.m:333:9: warning: 'glTexParameteri' is deprecated: first deprecated in macOS 10.14 - OpenGL API deprecated. (Define GL_SILENCE_DEPRECATION to silence these warnings) [-Wdeprecated-declarations]
  333 |         glTexParameteri(GL_TEXTURE_2D, GL_TEXTURE_WRAP_T, GL_CLAMP_TO_EDGE);
      |         ^
In module 'OpenGL' imported from /Users/buddhirajgautam/Documents/Cherrygram-Mac/macOS-Swift/packages/TGVideoCameraMovie/Sources/TGVideoCameraGLRenderer.m:2:
/Applications/Xcode.app/Contents/Developer/Platforms/MacOSX.platform/Developer/SDKs/MacOSX.sdk/System/Library/Frameworks/OpenGL.framework/Headers/gl3.h:1626:21: note: 'glTexParameteri' has been explicitly marked deprecated here
 1626 | GLAPI void APIENTRY glTexParameteri (GLenum target, GLenum pname, GLint param) OPENGL_DEPRECATED(10.5, 10.14);
      |                     ^
/Users/buddhirajgautam/Documents/Cherrygram-Mac/macOS-Swift/packages/TGVideoCameraMovie/Sources/TGVideoCameraGLRenderer.m:336:5: warning: 'glVertexAttribPointer' is deprecated: first deprecated in macOS 10.14 - OpenGL API deprecated. (Define GL_SILENCE_DEPRECATION to silence these warnings) [-Wdeprecated-declarations]
  336 |     glVertexAttribPointer(0, 2, GL_FLOAT, 0, 0, squareVertices);
      |     ^
In module 'OpenGL' imported from /Users/buddhirajgautam/Documents/Cherrygram-Mac/macOS-Swift/packages/TGVideoCameraMovie/Sources/TGVideoCameraGLRenderer.m:2:
/Applications/Xcode.app/Contents/Developer/Platforms/MacOSX.platform/Developer/SDKs/MacOSX.sdk/System/Library/Frameworks/OpenGL.framework/Headers/gl3.h:1949:21: note: 'glVertexAttribPointer' has been explicitly marked deprecated here
 1949 | GLAPI void APIENTRY glVertexAttribPointer (GLuint index, GLint size, GLenum type, GLboolean normalized, GLsizei stride, const GLvoid *pointer) OPENGL_DEPRECATED(10.5, 10.14);
      |                     ^
/Users/buddhirajgautam/Documents/Cherrygram-Mac/macOS-Swift/packages/TGVideoCameraMovie/Sources/TGVideoCameraGLRenderer.m:337:5: warning: 'glEnableVertexAttribArray' is deprecated: first deprecated in macOS 10.14 - OpenGL API deprecated. (Define GL_SILENCE_DEPRECATION to silence these warnings) [-Wdeprecated-declarations]
  337 |     glEnableVertexAttribArray(0);
      |     ^
In module 'OpenGL' imported from /Users/buddhirajgautam/Documents/Cherrygram-Mac/macOS-Swift/packages/TGVideoCameraMovie/Sources/TGVideoCameraGLRenderer.m:2:
/Applications/Xcode.app/Contents/Developer/Platforms/MacOSX.platform/Developer/SDKs/MacOSX.sdk/System/Library/Frameworks/OpenGL.framework/Headers/gl3.h:1871:21: note: 'glEnableVertexAttribArray' has been explicitly marked deprecated here
 1871 | GLAPI void APIENTRY glEnableVertexAttribArray (GLuint index) OPENGL_DEPRECATED(10.5, 10.14);
      |                     ^
/Users/buddhirajgautam/Documents/Cherrygram-Mac/macOS-Swift/packages/TGVideoCameraMovie/Sources/TGVideoCameraGLRenderer.m:338:5: warning: 'glVertexAttribPointer' is deprecated: first deprecated in macOS 10.14 - OpenGL API deprecated. (Define GL_SILENCE_DEPRECATION to silence these warnings) [-Wdeprecated-declarations]
  338 |     glVertexAttribPointer(1, 2, GL_FLOAT, 0, 0, _textureVertices);
      |     ^
In module 'OpenGL' imported from /Users/buddhirajgautam/Documents/Cherrygram-Mac/macOS-Swift/packages/TGVideoCameraMovie/Sources/TGVideoCameraGLRenderer.m:2:
/Applications/Xcode.app/Contents/Developer/Platforms/MacOSX.platform/Developer/SDKs/MacOSX.sdk/System/Library/Frameworks/OpenGL.framework/Headers/gl3.h:1949:21: note: 'glVertexAttribPointer' has been explicitly marked deprecated here
 1949 | GLAPI void APIENTRY glVertexAttribPointer (GLuint index, GLint size, GLenum type, GLboolean normalized, GLsizei stride, const GLvoid *pointer) OPENGL_DEPRECATED(10.5, 10.14);
      |                     ^
/Users/buddhirajgautam/Documents/Cherrygram-Mac/macOS-Swift/packages/TGVideoCameraMovie/Sources/TGVideoCameraGLRenderer.m:339:5: warning: 'glEnableVertexAttribArray' is deprecated: first deprecated in macOS 10.14 - OpenGL API deprecated. (Define GL_SILENCE_DEPRECATION to silence these warnings) [-Wdeprecated-declarations]
  339 |     glEnableVertexAttribArray(1);
      |     ^
In module 'OpenGL' imported from /Users/buddhirajgautam/Documents/Cherrygram-Mac/macOS-Swift/packages/TGVideoCameraMovie/Sources/TGVideoCameraGLRenderer.m:2:
/Applications/Xcode.app/Contents/Developer/Platforms/MacOSX.platform/Developer/SDKs/MacOSX.sdk/System/Library/Frameworks/OpenGL.framework/Headers/gl3.h:1871:21: note: 'glEnableVertexAttribArray' has been explicitly marked deprecated here
 1871 | GLAPI void APIENTRY glEnableVertexAttribArray (GLuint index) OPENGL_DEPRECATED(10.5, 10.14);
      |                     ^
/Users/buddhirajgautam/Documents/Cherrygram-Mac/macOS-Swift/packages/TGVideoCameraMovie/Sources/TGVideoCameraGLRenderer.m:341:5: warning: 'glUniform1f' is deprecated: first deprecated in macOS 10.14 - OpenGL API deprecated. (Define GL_SILENCE_DEPRECATION to silence these warnings) [-Wdeprecated-declarations]
  341 |     glUniform1f(_opacityUniform, (GLfloat)_opacity);
      |     ^
In module 'OpenGL' imported from /Users/buddhirajgautam/Documents/Cherrygram-Mac/macOS-Swift/packages/TGVideoCameraMovie/Sources/TGVideoCameraGLRenderer.m:2:
/Applications/Xcode.app/Contents/Developer/Platforms/MacOSX.platform/Developer/SDKs/MacOSX.sdk/System/Library/Frameworks/OpenGL.framework/Headers/gl3.h:1893:21: note: 'glUniform1f' has been explicitly marked deprecated here
 1893 | GLAPI void APIENTRY glUniform1f (GLint location, GLfloat v0) OPENGL_DEPRECATED(10.5, 10.14);
      |                     ^
/Users/buddhirajgautam/Documents/Cherrygram-Mac/macOS-Swift/packages/TGVideoCameraMovie/Sources/TGVideoCameraGLRenderer.m:342:5: warning: 'glUniform1f' is deprecated: first deprecated in macOS 10.14 - OpenGL API deprecated. (Define GL_SILENCE_DEPRECATION to silence these warnings) [-Wdeprecated-declarations]
  342 |     glUniform1f(_aspectRatioUniform, (GLfloat)(1.0f / _aspectRatio));
      |     ^
In module 'OpenGL' imported from /Users/buddhirajgautam/Documents/Cherrygram-Mac/macOS-Swift/packages/TGVideoCameraMovie/Sources/TGVideoCameraGLRenderer.m:2:
/Applications/Xcode.app/Contents/Developer/Platforms/MacOSX.platform/Developer/SDKs/MacOSX.sdk/System/Library/Frameworks/OpenGL.framework/Headers/gl3.h:1893:21: note: 'glUniform1f' has been explicitly marked deprecated here
 1893 | GLAPI void APIENTRY glUniform1f (GLint location, GLfloat v0) OPENGL_DEPRECATED(10.5, 10.14);
      |                     ^
/Users/buddhirajgautam/Documents/Cherrygram-Mac/macOS-Swift/packages/TGVideoCameraMovie/Sources/TGVideoCameraGLRenderer.m:343:5: warning: 'glUniform1f' is deprecated: first deprecated in macOS 10.14 - OpenGL API deprecated. (Define GL_SILENCE_DEPRECATION to silence these warnings) [-Wdeprecated-declarations]
  343 |     glUniform1f(_noMirrorUniform, (GLfloat)(_mirror ? 1 : -1));
      |     ^
In module 'OpenGL' imported from /Users/buddhirajgautam/Documents/Cherrygram-Mac/macOS-Swift/packages/TGVideoCameraMovie/Sources/TGVideoCameraGLRenderer.m:2:
/Applications/Xcode.app/Contents/Developer/Platforms/MacOSX.platform/Developer/SDKs/MacOSX.sdk/System/Library/Frameworks/OpenGL.framework/Headers/gl3.h:1893:21: note: 'glUniform1f' has been explicitly marked deprecated here
 1893 | GLAPI void APIENTRY glUniform1f (GLint location, GLfloat v0) OPENGL_DEPRECATED(10.5, 10.14);
      |                     ^
/Users/buddhirajgautam/Documents/Cherrygram-Mac/macOS-Swift/packages/TGVideoCameraMovie/Sources/TGVideoCameraGLRenderer.m:344:5: warning: 'glUniform1f' is deprecated: first deprecated in macOS 10.14 - OpenGL API deprecated. (Define GL_SILENCE_DEPRECATION to silence these warnings) [-Wdeprecated-declarations]
  344 |     glUniform1f(_rotationAngleUniform, (GLfloat)(-90.0/180.0*M_PI));
      |     ^
In module 'OpenGL' imported from /Users/buddhirajgautam/Documents/Cherrygram-Mac/macOS-Swift/packages/TGVideoCameraMovie/Sources/TGVideoCameraGLRenderer.m:2:
/Applications/Xcode.app/Contents/Developer/Platforms/MacOSX.platform/Developer/SDKs/MacOSX.sdk/System/Library/Frameworks/OpenGL.framework/Headers/gl3.h:1893:21: note: 'glUniform1f' has been explicitly marked deprecated here
 1893 | GLAPI void APIENTRY glUniform1f (GLint location, GLfloat v0) OPENGL_DEPRECATED(10.5, 10.14);
      |                     ^
/Users/buddhirajgautam/Documents/Cherrygram-Mac/macOS-Swift/packages/TGVideoCameraMovie/Sources/TGVideoCameraGLRenderer.m:346:5: warning: 'glDrawArrays' is deprecated: first deprecated in macOS 10.14 - OpenGL API deprecated. (Define GL_SILENCE_DEPRECATION to silence these warnings) [-Wdeprecated-declarations]
  346 |     glDrawArrays(GL_TRIANGLE_STRIP, 0, 4);
      |     ^
In module 'OpenGL' imported from /Users/buddhirajgautam/Documents/Cherrygram-Mac/macOS-Swift/packages/TGVideoCameraMovie/Sources/TGVideoCameraGLRenderer.m:2:
/Applications/Xcode.app/Contents/Developer/Platforms/MacOSX.platform/Developer/SDKs/MacOSX.sdk/System/Library/Frameworks/OpenGL.framework/Headers/gl3.h:1719:21: note: 'glDrawArrays' has been explicitly marked deprecated here
 1719 | GLAPI void APIENTRY glDrawArrays (GLenum mode, GLint first, GLsizei count) OPENGL_DEPRECATED(10.5, 10.14);
      |                     ^
/Users/buddhirajgautam/Documents/Cherrygram-Mac/macOS-Swift/packages/TGVideoCameraMovie/Sources/TGVideoCameraGLRenderer.m:348:5: warning: 'glBindTexture' is deprecated: first deprecated in macOS 10.14 - OpenGL API deprecated. (Define GL_SILENCE_DEPRECATION to silence these warnings) [-Wdeprecated-declarations]
  348 |     glBindTexture(GL_TEXTURE_2D, 0);
      |     ^
In module 'OpenGL' imported from /Users/buddhirajgautam/Documents/Cherrygram-Mac/macOS-Swift/packages/TGVideoCameraMovie/Sources/TGVideoCameraGLRenderer.m:2:
/Applications/Xcode.app/Contents/Developer/Platforms/MacOSX.platform/Developer/SDKs/MacOSX.sdk/System/Library/Frameworks/OpenGL.framework/Headers/gl3.h:1728:21: note: 'glBindTexture' has been explicitly marked deprecated here
 1728 | GLAPI void APIENTRY glBindTexture (GLenum target, GLuint texture) OPENGL_DEPRECATED(10.5, 10.14);
      |                     ^
/Users/buddhirajgautam/Documents/Cherrygram-Mac/macOS-Swift/packages/TGVideoCameraMovie/Sources/TGVideoCameraGLRenderer.m:351:9: warning: 'glBindTexture' is deprecated: first deprecated in macOS 10.14 - OpenGL API deprecated. (Define GL_SILENCE_DEPRECATION to silence these warnings) [-Wdeprecated-declarations]
  351 |         glBindTexture(CVOpenGLTextureGetTarget(prevTexture), 0);
      |         ^
In module 'OpenGL' imported from /Users/buddhirajgautam/Documents/Cherrygram-Mac/macOS-Swift/packages/TGVideoCameraMovie/Sources/TGVideoCameraGLRenderer.m:2:
/Applications/Xcode.app/Contents/Developer/Platforms/MacOSX.platform/Developer/SDKs/MacOSX.sdk/System/Library/Frameworks/OpenGL.framework/Headers/gl3.h:1728:21: note: 'glBindTexture' has been explicitly marked deprecated here
 1728 | GLAPI void APIENTRY glBindTexture (GLenum target, GLuint texture) OPENGL_DEPRECATED(10.5, 10.14);
      |                     ^
/Users/buddhirajgautam/Documents/Cherrygram-Mac/macOS-Swift/packages/TGVideoCameraMovie/Sources/TGVideoCameraGLRenderer.m:351:23: warning: 'CVOpenGLTextureGetTarget' is deprecated: first deprecated in macOS 10.14 - OpenGL/OpenGLES is no longer supported. Use Metal APIs instead. (Define COREVIDEO_SILENCE_GL_DEPRECATION to silence these warnings) [-Wdeprecated-declarations]
  351 |         glBindTexture(CVOpenGLTextureGetTarget(prevTexture), 0);
      |                       ^
In module 'CoreVideo' imported from /Users/buddhirajgautam/Documents/Cherrygram-Mac/macOS-Swift/packages/TGVideoCameraMovie/PublicHeaders/TGVideoCameraMovie/TGVideoCameraGLRenderer.h:2:
/Applications/Xcode.app/Contents/Developer/Platforms/MacOSX.platform/Developer/SDKs/MacOSX27.0.sdk/System/Library/Frameworks/CoreVideo.framework/Headers/CVOpenGLTexture.h:65:18: note: 'CVOpenGLTextureGetTarget' has been explicitly marked deprecated here
   65 | CV_EXPORT GLenum CVOpenGLTextureGetTarget( CVOpenGLTextureRef CV_NONNULL image ) COREVIDEO_GL_DEPRECATED(macosx, 10.4, 10.14) API_UNAVAILABLE(macCatalyst);
      |                  ^
/Users/buddhirajgautam/Documents/Cherrygram-Mac/macOS-Swift/packages/TGVideoCameraMovie/Sources/TGVideoCameraGLRenderer.m:352:5: warning: 'glBindTexture' is deprecated: first deprecated in macOS 10.14 - OpenGL API deprecated. (Define GL_SILENCE_DEPRECATION to silence these warnings) [-Wdeprecated-declarations]
  352 |     glBindTexture(CVOpenGLTextureGetTarget(dstTexture), 0);
      |     ^
In module 'OpenGL' imported from /Users/buddhirajgautam/Documents/Cherrygram-Mac/macOS-Swift/packages/TGVideoCameraMovie/Sources/TGVideoCameraGLRenderer.m:2:
/Applications/Xcode.app/Contents/Developer/Platforms/MacOSX.platform/Developer/SDKs/MacOSX.sdk/System/Library/Frameworks/OpenGL.framework/Headers/gl3.h:1728:21: note: 'glBindTexture' has been explicitly marked deprecated here
 1728 | GLAPI void APIENTRY glBindTexture (GLenum target, GLuint texture) OPENGL_DEPRECATED(10.5, 10.14);
      |                     ^
/Users/buddhirajgautam/Documents/Cherrygram-Mac/macOS-Swift/packages/TGVideoCameraMovie/Sources/TGVideoCameraGLRenderer.m:352:19: warning: 'CVOpenGLTextureGetTarget' is deprecated: first deprecated in macOS 10.14 - OpenGL/OpenGLES is no longer supported. Use Metal APIs instead. (Define COREVIDEO_SILENCE_GL_DEPRECATION to silence these warnings) [-Wdeprecated-declarations]
  352 |     glBindTexture(CVOpenGLTextureGetTarget(dstTexture), 0);
      |                   ^
In module 'CoreVideo' imported from /Users/buddhirajgautam/Documents/Cherrygram-Mac/macOS-Swift/packages/TGVideoCameraMovie/PublicHeaders/TGVideoCameraMovie/TGVideoCameraGLRenderer.h:2:
/Applications/Xcode.app/Contents/Developer/Platforms/MacOSX.platform/Developer/SDKs/MacOSX27.0.sdk/System/Library/Frameworks/CoreVideo.framework/Headers/CVOpenGLTexture.h:65:18: note: 'CVOpenGLTextureGetTarget' has been explicitly marked deprecated here
   65 | CV_EXPORT GLenum CVOpenGLTextureGetTarget( CVOpenGLTextureRef CV_NONNULL image ) COREVIDEO_GL_DEPRECATED(macosx, 10.4, 10.14) API_UNAVAILABLE(macCatalyst);
      |                  ^
/Users/buddhirajgautam/Documents/Cherrygram-Mac/macOS-Swift/packages/TGVideoCameraMovie/Sources/TGVideoCameraGLRenderer.m:355:5: warning: 'glFlush' is deprecated: first deprecated in macOS 10.14 - OpenGL API deprecated. (Define GL_SILENCE_DEPRECATION to silence these warnings) [-Wdeprecated-declarations]
  355 |     glFlush();
      |     ^
In module 'OpenGL' imported from /Users/buddhirajgautam/Documents/Cherrygram-Mac/macOS-Swift/packages/TGVideoCameraMovie/Sources/TGVideoCameraGLRenderer.m:2:
/Applications/Xcode.app/Contents/Developer/Platforms/MacOSX.platform/Developer/SDKs/MacOSX.sdk/System/Library/Frameworks/OpenGL.framework/Headers/gl3.h:1641:21: note: 'glFlush' has been explicitly marked deprecated here
 1641 | GLAPI void APIENTRY glFlush (void) OPENGL_DEPRECATED(10.5, 10.14);
      |                     ^
/Users/buddhirajgautam/Documents/Cherrygram-Mac/macOS-Swift/packages/TGVideoCameraMovie/Sources/TGVideoCameraGLRenderer.m:309:17: warning: implicit conversion loses integer precision: 'size_t' (aka 'unsigned long') to 'int' [-Wshorten-64-to-32]
  309 |     int width = CVPixelBufferGetWidth(pixelBuffer);
      |         ~~~~~   ^~~~~~~~~~~~~~~~~~~~~~~~~~~~~~~~~~
/Users/buddhirajgautam/Documents/Cherrygram-Mac/macOS-Swift/packages/TGVideoCameraMovie/Sources/TGVideoCameraGLRenderer.m:310:18: warning: implicit conversion loses integer precision: 'size_t' (aka 'unsigned long') to 'int' [-Wshorten-64-to-32]
  310 |     int height = CVPixelBufferGetHeight(pixelBuffer);
      |         ~~~~~~   ^~~~~~~~~~~~~~~~~~~~~~~~~~~~~~~~~~~
/Users/buddhirajgautam/Documents/Cherrygram-Mac/macOS-Swift/packages/TGVideoCameraMovie/Sources/TGVideoCameraGLRenderer.m:311:16: warning: implicit conversion loses integer precision: 'size_t' (aka 'unsigned long') to 'int' [-Wshorten-64-to-32]
  311 |     int stride=CVPixelBufferGetBytesPerRow(pixelBuffer);
      |         ~~~~~~ ^~~~~~~~~~~~~~~~~~~~~~~~~~~~~~~~~~~~~~~~
/Users/buddhirajgautam/Documents/Cherrygram-Mac/macOS-Swift/packages/TGVideoCameraMovie/Sources/TGVideoCameraGLRenderer.m:392:5: warning: 'glDisable' is deprecated: first deprecated in macOS 10.14 - OpenGL API deprecated. (Define GL_SILENCE_DEPRECATION to silence these warnings) [-Wdeprecated-declarations]
  392 |     glDisable(GL_DEPTH_TEST);
      |     ^
In module 'OpenGL' imported from /Users/buddhirajgautam/Documents/Cherrygram-Mac/macOS-Swift/packages/TGVideoCameraMovie/Sources/TGVideoCameraGLRenderer.m:2:
/Applications/Xcode.app/Contents/Developer/Platforms/MacOSX.platform/Developer/SDKs/MacOSX.sdk/System/Library/Frameworks/OpenGL.framework/Headers/gl3.h:1638:21: note: 'glDisable' has been explicitly marked deprecated here
 1638 | GLAPI void APIENTRY glDisable (GLenum cap) OPENGL_DEPRECATED(10.5, 10.14);
      |                     ^
/Users/buddhirajgautam/Documents/Cherrygram-Mac/macOS-Swift/packages/TGVideoCameraMovie/Sources/TGVideoCameraGLRenderer.m:394:5: warning: 'glGenFramebuffers' is deprecated: first deprecated in macOS 10.14 - OpenGL API deprecated. (Define GL_SILENCE_DEPRECATION to silence these warnings) [-Wdeprecated-declarations]
  394 |     glGenFramebuffers(1, &_offscreenBufferHandle);
      |     ^
In module 'OpenGL' imported from /Users/buddhirajgautam/Documents/Cherrygram-Mac/macOS-Swift/packages/TGVideoCameraMovie/Sources/TGVideoCameraGLRenderer.m:2:
/Applications/Xcode.app/Contents/Developer/Platforms/MacOSX.platform/Developer/SDKs/MacOSX.sdk/System/Library/Frameworks/OpenGL.framework/Headers/gl3.h:2297:21: note: 'glGenFramebuffers' has been explicitly marked deprecated here
 2297 | GLAPI void APIENTRY glGenFramebuffers (GLsizei n, GLuint *framebuffers) OPENGL_DEPRECATED(10.8, 10.14);
      |                     ^
/Users/buddhirajgautam/Documents/Cherrygram-Mac/macOS-Swift/packages/TGVideoCameraMovie/Sources/TGVideoCameraGLRenderer.m:395:5: warning: 'glBindFramebuffer' is deprecated: first deprecated in macOS 10.14 - OpenGL API deprecated. (Define GL_SILENCE_DEPRECATION to silence these warnings) [-Wdeprecated-declarations]
  395 |     glBindFramebuffer(GL_FRAMEBUFFER, _offscreenBufferHandle);
      |     ^
In module 'OpenGL' imported from /Users/buddhirajgautam/Documents/Cherrygram-Mac/macOS-Swift/packages/TGVideoCameraMovie/Sources/TGVideoCameraGLRenderer.m:2:
/Applications/Xcode.app/Contents/Developer/Platforms/MacOSX.platform/Developer/SDKs/MacOSX.sdk/System/Library/Frameworks/OpenGL.framework/Headers/gl3.h:2295:21: note: 'glBindFramebuffer' has been explicitly marked deprecated here
 2295 | GLAPI void APIENTRY glBindFramebuffer (GLenum target, GLuint framebuffer) OPENGL_DEPRECATED(10.8, 10.14);
      |                     ^
/Users/buddhirajgautam/Documents/Cherrygram-Mac/macOS-Swift/packages/TGVideoCameraMovie/Sources/TGVideoCameraGLRenderer.m:399:20: warning: 'CVOpenGLTextureCacheCreate' is deprecated: first deprecated in macOS 10.14 - OpenGL/OpenGLES is no longer supported. Use Metal APIs instead. (Define COREVIDEO_SILENCE_GL_DEPRECATION to silence these warnings) [-Wdeprecated-declarations]
  399 |     CVReturn err = CVOpenGLTextureCacheCreate(kCFAllocatorDefault, NULL, _currentContext, CGLGetPixelFormat(_currentContext), NULL, &_textureCache);
      |                    ^
In module 'CoreVideo' imported from /Users/buddhirajgautam/Documents/Cherrygram-Mac/macOS-Swift/packages/TGVideoCameraMovie/PublicHeaders/TGVideoCameraMovie/TGVideoCameraGLRenderer.h:2:
/Applications/Xcode.app/Contents/Developer/Platforms/MacOSX.platform/Developer/SDKs/MacOSX27.0.sdk/System/Library/Frameworks/CoreVideo.framework/Headers/CVOpenGLTextureCache.h:71:20: note: 'CVOpenGLTextureCacheCreate' has been explicitly marked deprecated here
   71 | CV_EXPORT CVReturn CVOpenGLTextureCacheCreate(
      |                    ^
/Users/buddhirajgautam/Documents/Cherrygram-Mac/macOS-Swift/packages/TGVideoCameraMovie/Sources/TGVideoCameraGLRenderer.m:406:11: warning: 'CVOpenGLTextureCacheCreate' is deprecated: first deprecated in macOS 10.14 - OpenGL/OpenGLES is no longer supported. Use Metal APIs instead. (Define COREVIDEO_SILENCE_GL_DEPRECATION to silence these warnings) [-Wdeprecated-declarations]
  406 |     err = CVOpenGLTextureCacheCreate(kCFAllocatorDefault, NULL, _currentContext, CGLGetPixelFormat(_currentContext), NULL, &_prevTextureCache);
      |           ^
In module 'CoreVideo' imported from /Users/buddhirajgautam/Documents/Cherrygram-Mac/macOS-Swift/packages/TGVideoCameraMovie/PublicHeaders/TGVideoCameraMovie/TGVideoCameraGLRenderer.h:2:
/Applications/Xcode.app/Contents/Developer/Platforms/MacOSX.platform/Developer/SDKs/MacOSX27.0.sdk/System/Library/Frameworks/CoreVideo.framework/Headers/CVOpenGLTextureCache.h:71:20: note: 'CVOpenGLTextureCacheCreate' has been explicitly marked deprecated here
   71 | CV_EXPORT CVReturn CVOpenGLTextureCacheCreate(
      |                    ^
/Users/buddhirajgautam/Documents/Cherrygram-Mac/macOS-Swift/packages/TGVideoCameraMovie/Sources/TGVideoCameraGLRenderer.m:413:11: warning: 'CVOpenGLTextureCacheCreate' is deprecated: first deprecated in macOS 10.14 - OpenGL/OpenGLES is no longer supported. Use Metal APIs instead. (Define COREVIDEO_SILENCE_GL_DEPRECATION to silence these warnings) [-Wdeprecated-declarations]
  413 |     err = CVOpenGLTextureCacheCreate(kCFAllocatorDefault, NULL, _currentContext, CGLGetPixelFormat(_currentContext), NULL, &_renderTextureCache);
      |           ^
In module 'CoreVideo' imported from /Users/buddhirajgautam/Documents/Cherrygram-Mac/macOS-Swift/packages/TGVideoCameraMovie/PublicHeaders/TGVideoCameraMovie/TGVideoCameraGLRenderer.h:2:
/Applications/Xcode.app/Contents/Developer/Platforms/MacOSX.platform/Developer/SDKs/MacOSX27.0.sdk/System/Library/Frameworks/CoreVideo.framework/Headers/CVOpenGLTextureCache.h:71:20: note: 'CVOpenGLTextureCacheCreate' has been explicitly marked deprecated here
   71 | CV_EXPORT CVReturn CVOpenGLTextureCacheCreate(
      |                    ^
/Users/buddhirajgautam/Documents/Cherrygram-Mac/macOS-Swift/packages/TGVideoCameraMovie/Sources/TGVideoCameraGLRenderer.m:477:9: warning: 'glDeleteFramebuffers' is deprecated: first deprecated in macOS 10.14 - OpenGL API deprecated. (Define GL_SILENCE_DEPRECATION to silence these warnings) [-Wdeprecated-declarations]
  477 |         glDeleteFramebuffers(1, &_offscreenBufferHandle);
      |         ^
In module 'OpenGL' imported from /Users/buddhirajgautam/Documents/Cherrygram-Mac/macOS-Swift/packages/TGVideoCameraMovie/Sources/TGVideoCameraGLRenderer.m:2:
/Applications/Xcode.app/Contents/Developer/Platforms/MacOSX.platform/Developer/SDKs/MacOSX.sdk/System/Library/Frameworks/OpenGL.framework/Headers/gl3.h:2296:21: note: 'glDeleteFramebuffers' has been explicitly marked deprecated here
 2296 | GLAPI void APIENTRY glDeleteFramebuffers (GLsizei n, const GLuint *framebuffers) OPENGL_DEPRECATED(10.8, 10.14);
      |                     ^
61 warnings generated.

CompileC /Users/buddhirajgautam/Library/Developer/Xcode/DerivedData/Telegram-Mac-fygdgghdgmuleoelvxabfmqiotta/Build/Intermediates.noindex/TGGifConverter.build/Debug/TGGifConverter-t.build/Objects-normal/arm64/TGGifConverter.o /Users/buddhirajgautam/Documents/Cherrygram-Mac/macOS-Swift/packages/TGGifConverter/Sources/TGGifConverter/TGGifConverter.m normal arm64 objective-c com.apple.compilers.llvm.clang.1_0.compiler (in target 'TGGifConverter' from project 'TGGifConverter')
    cd /Users/buddhirajgautam/Documents/Cherrygram-Mac/macOS-Swift
    
    Using response file: /Users/buddhirajgautam/Library/Developer/Xcode/DerivedData/Telegram-Mac-fygdgghdgmuleoelvxabfmqiotta/Build/Intermediates.noindex/TGGifConverter.build/Debug/TGGifConverter-t.build/Objects-normal/arm64/e6072d4f65d7061329687fe24e3d63a7-common-args.resp
    
    /Applications/Xcode.app/Contents/Developer/Toolchains/XcodeDefault.xctoolchain/usr/bin/clang -x objective-c -ivfsstatcache /Users/buddhirajgautam/Library/Developer/Xcode/DerivedData/SDKStatCaches.noindex/macosx27.0-26A425-e829b21a6f8c9b70876ba0858053c0447231f6df4def33e022ae2eb8f782df1a.sdkstatcache -target arm64-apple-macos12.0 -fmessage-length\=0 -fdiagnostics-show-note-include-stack -fmacro-backtrace-limit\=0 -fno-color-diagnostics -fmodules-prune-interval\=86400 -fmodules-prune-after\=345600 -fbuild-session-file\=/Users/buddhirajgautam/Library/Developer/Xcode/DerivedData/ModuleCache.noindex/Session.modulevalidation -fmodules-validate-once-per-build-session -Wnon-modular-include-in-framework-module -Werror\=non-modular-include-in-framework-module -Wno-trigraphs -Wno-missing-field-initializers -Wno-missing-prototypes -Wno-return-type -Wno-implicit-atomic-properties -Wno-objc-interface-ivars -Wno-arc-repeated-use-of-weak -Wno-missing-braces -Wparentheses -Wswitch -Wno-unused-function -Wno-unused-label -Wno-unused-parameter -Wno-unused-variable -Wunused-value -Wno-empty-body -Wno-uninitialized -Wno-unknown-pragmas -Wno-shadow -Wno-four-char-constants -Wno-conversion -Wno-constant-conversion -Wno-int-conversion -Wno-bool-conversion -Wno-enum-conversion -Wno-float-conversion -Wno-non-literal-null-conversion -Wno-objc-literal-conversion -Wshorten-64-to-32 -Wpointer-sign -Wno-newline-eof -Wno-selector -Wno-strict-selector-match -Wno-undeclared-selector -Wno-deprecated-implementations -Wno-implicit-fallthrough -isysroot /Applications/Xcode.app/Contents/Developer/Platforms/MacOSX.platform/Developer/SDKs/MacOSX27.0.sdk -fstrict-aliasing -Wprotocol -Wdeprecated-declarations -Wno-sign-conversion -Wno-infinite-recursion -Wno-comma -Wno-block-capture-autoreleasing -Wno-strict-prototypes -Wno-semicolon-before-method-body -index-store-path /Users/buddhirajgautam/Library/Developer/Xcode/DerivedData/Telegram-Mac-fygdgghdgmuleoelvxabfmqiotta/Index.noindex/DataStore @/Users/buddhirajgautam/Library/Developer/Xcode/DerivedData/Telegram-Mac-fygdgghdgmuleoelvxabfmqiotta/Build/Intermediates.noindex/TGGifConverter.build/Debug/TGGifConverter-t.build/Objects-normal/arm64/e6072d4f65d7061329687fe24e3d63a7-common-args.resp -MMD -MT dependencies -MF /Users/buddhirajgautam/Library/Developer/Xcode/DerivedData/Telegram-Mac-fygdgghdgmuleoelvxabfmqiotta/Build/Intermediates.noindex/TGGifConverter.build/Debug/TGGifConverter-t.build/Objects-normal/arm64/TGGifConverter.d --serialize-diagnostics /Users/buddhirajgautam/Library/Developer/Xcode/DerivedData/Telegram-Mac-fygdgghdgmuleoelvxabfmqiotta/Build/Intermediates.noindex/TGGifConverter.build/Debug/TGGifConverter-t.build/Objects-normal/arm64/TGGifConverter.dia -c /Users/buddhirajgautam/Documents/Cherrygram-Mac/macOS-Swift/packages/TGGifConverter/Sources/TGGifConverter/TGGifConverter.m -o /Users/buddhirajgautam/Library/Developer/Xcode/DerivedData/Telegram-Mac-fygdgghdgmuleoelvxabfmqiotta/Build/Intermediates.noindex/TGGifConverter.build/Debug/TGGifConverter-t.build/Objects-normal/arm64/TGGifConverter.o -index-unit-output-path /TGGifConverter.build/Debug/TGGifConverter-t.build/Objects-normal/arm64/TGGifConverter.o
/Users/buddhirajgautam/Documents/Cherrygram-Mac/macOS-Swift/packages/TGGifConverter/Sources/TGGifConverter/TGGifConverter.m:74:55: warning: 'AVVideoCodecH264' is deprecated: first deprecated in macOS 10.13 [-Wdeprecated-declarations]
   74 |     NSDictionary *videoSettings = @{AVVideoCodecKey : AVVideoCodecH264,
      |                                                       ^~~~~~~~~~~~~~~~
      |                                                       AVVideoCodecTypeH264
In module 'AVFoundation' imported from /Users/buddhirajgautam/Documents/Cherrygram-Mac/macOS-Swift/packages/TGGifConverter/Sources/TGGifConverter/TGGifConverter.m:12:
/Applications/Xcode.app/Contents/Developer/Platforms/MacOSX.platform/Developer/SDKs/MacOSX27.0.sdk/System/Library/Frameworks/AVFoundation.framework/Headers/AVVideoSettings.h:60:29: note: 'AVVideoCodecH264' has been explicitly marked deprecated here
   60 |         AVF_EXPORT NSString *const AVVideoCodecH264 /* @"avc1" */                               API_DEPRECATED_WITH_REPLACEMENT("AVVideoCodecTypeH264", macos(10.7, 10.13), ios(4.0, 11.0), tvos(9.0, 11.0)) API_UNAVAILABLE(watchos, visionos);
      |                                    ^
/Users/buddhirajgautam/Documents/Cherrygram-Mac/macOS-Swift/packages/TGGifConverter/Sources/TGGifConverter/TGGifConverter.m:111:89: warning: 'kUTTypeGIF' is deprecated: first deprecated in macOS 12.0 - Use UTTypeGIF or UTType.gif (swift) instead. [-Wdeprecated-declarations]
  111 |             NSDictionary* options = @{(NSString*)kCGImageSourceTypeIdentifierHint : (id)kUTTypeGIF};
      |                                                                                         ^
In module 'Foundation' imported from /Users/buddhirajgautam/Documents/Cherrygram-Mac/macOS-Swift/packages/TGGifConverter/Sources/TGGifConverter/TGGifConverter.h:9:
In module 'CoreServices' imported from /Applications/Xcode.app/Contents/Developer/Platforms/MacOSX.platform/Developer/SDKs/MacOSX27.0.sdk/System/Library/Frameworks/Foundation.framework/Headers/NSURLError.h:15:
/Applications/Xcode.app/Contents/Developer/Platforms/MacOSX.platform/Developer/SDKs/MacOSX.sdk/System/Library/Frameworks/CoreServices.framework/Frameworks/LaunchServices.framework/Headers/UTCoreTypes.h:729:26: note: 'kUTTypeGIF' has been explicitly marked deprecated here
  729 | extern const CFStringRef kUTTypeGIF                                  API_DEPRECATED("Use UTTypeGIF or UTType.gif (swift) instead.", ios(3.0, 15.0), macos(10.4, 12.0), tvos(9.0, 15.0), watchos(1.0, 8.0));
      |                          ^
2 warnings generated.

Ld /Users/buddhirajgautam/Library/Developer/Xcode/DerivedData/Telegram-Mac-fygdgghdgmuleoelvxabfmqiotta/Build/Products/Debug/TGVideoCameraMovie.o normal (in target 'TGVideoCameraMovie' from project 'TGVideoCameraMovie')
    cd /Users/buddhirajgautam/Documents/Cherrygram-Mac/macOS-Swift/packages/TGVideoCameraMovie
    /Applications/Xcode.app/Contents/Developer/Toolchains/XcodeDefault.xctoolchain/usr/bin/clang -Xlinker -reproducible -target arm64-apple-macos12.0 -r -isysroot /Applications/Xcode.app/Contents/Developer/Platforms/MacOSX.platform/Developer/SDKs/MacOSX27.0.sdk -O0 -Xlinker -no_warn_duplicate_libraries -F/Users/buddhirajgautam/Library/Developer/Xcode/DerivedData/Telegram-Mac-fygdgghdgmuleoelvxabfmqiotta/Build/Intermediates.noindex/EagerLinkingTBDs/Debug -F/Users/buddhirajgautam/Library/Developer/Xcode/DerivedData/Telegram-Mac-fygdgghdgmuleoelvxabfmqiotta/Build/Products/Debug -iframework /Applications/Xcode.app/Contents/Developer/Platforms/MacOSX.platform/Developer/Library/Frameworks -filelist /Users/buddhirajgautam/Library/Developer/Xcode/DerivedData/Telegram-Mac-fygdgghdgmuleoelvxabfmqiotta/Build/Intermediates.noindex/TGVideoCameraMovie.build/Debug/TGVideoCameraMovie-t.build/Objects-normal/arm64/TGVideoCameraMovie.LinkFileList -nostdlib -Xlinker -object_path_lto -Xlinker /Users/buddhirajgautam/Library/Developer/Xcode/DerivedData/Telegram-Mac-fygdgghdgmuleoelvxabfmqiotta/Build/Intermediates.noindex/TGVideoCameraMovie.build/Debug/TGVideoCameraMovie-t.build/Objects-normal/arm64/TGVideoCameraMovie_lto.o -Xlinker -no_deduplicate -Xlinker -debug_variant -Xlinker -dependency_info -Xlinker /Users/buddhirajgautam/Library/Developer/Xcode/DerivedData/Telegram-Mac-fygdgghdgmuleoelvxabfmqiotta/Build/Intermediates.noindex/TGVideoCameraMovie.build/Debug/TGVideoCameraMovie-t.build/Objects-normal/arm64/TGVideoCameraMovie_dependency_info.dat -fobjc-arc -fobjc-link-runtime -o /Users/buddhirajgautam/Library/Developer/Xcode/DerivedData/Telegram-Mac-fygdgghdgmuleoelvxabfmqiotta/Build/Products/Debug/TGVideoCameraMovie.o

CompileC /Users/buddhirajgautam/Library/Developer/Xcode/DerivedData/Telegram-Mac-fygdgghdgmuleoelvxabfmqiotta/Build/Intermediates.noindex/TGCurrencyFormatter.build/Debug/TGCurrencyFormatter-t.build/Objects-normal/arm64/TGCurrencyFormatter.o /Users/buddhirajgautam/Documents/Cherrygram-Mac/macOS-Swift/packages/TGCurrencyFormatter/Sources/TGCurrencyFormatter/TGCurrencyFormatter.m normal arm64 objective-c com.apple.compilers.llvm.clang.1_0.compiler (in target 'TGCurrencyFormatter' from project 'TGCurrencyFormatter')
    cd /Users/buddhirajgautam/Documents/Cherrygram-Mac/macOS-Swift
    
    Using response file: /Users/buddhirajgautam/Library/Developer/Xcode/DerivedData/Telegram-Mac-fygdgghdgmuleoelvxabfmqiotta/Build/Intermediates.noindex/TGCurrencyFormatter.build/Debug/TGCurrencyFormatter-t.build/Objects-normal/arm64/e6072d4f65d7061329687fe24e3d63a7-common-args.resp
    
    /Applications/Xcode.app/Contents/Developer/Toolchains/XcodeDefault.xctoolchain/usr/bin/clang -x objective-c -ivfsstatcache /Users/buddhirajgautam/Library/Developer/Xcode/DerivedData/SDKStatCaches.noindex/macosx27.0-26A425-e829b21a6f8c9b70876ba0858053c0447231f6df4def33e022ae2eb8f782df1a.sdkstatcache -target arm64-apple-macos12.0 -fmessage-length\=0 -fdiagnostics-show-note-include-stack -fmacro-backtrace-limit\=0 -fno-color-diagnostics -fmodules-prune-interval\=86400 -fmodules-prune-after\=345600 -fbuild-session-file\=/Users/buddhirajgautam/Library/Developer/Xcode/DerivedData/ModuleCache.noindex/Session.modulevalidation -fmodules-validate-once-per-build-session -Wnon-modular-include-in-framework-module -Werror\=non-modular-include-in-framework-module -Wno-trigraphs -Wno-missing-field-initializers -Wno-missing-prototypes -Wno-return-type -Wno-implicit-atomic-properties -Wno-objc-interface-ivars -Wno-arc-repeated-use-of-weak -Wno-missing-braces -Wparentheses -Wswitch -Wno-unused-function -Wno-unused-label -Wno-unused-parameter -Wno-unused-variable -Wunused-value -Wno-empty-body -Wno-uninitialized -Wno-unknown-pragmas -Wno-shadow -Wno-four-char-constants -Wno-conversion -Wno-constant-conversion -Wno-int-conversion -Wno-bool-conversion -Wno-enum-conversion -Wno-float-conversion -Wno-non-literal-null-conversion -Wno-objc-literal-conversion -Wshorten-64-to-32 -Wpointer-sign -Wno-newline-eof -Wno-selector -Wno-strict-selector-match -Wno-undeclared-selector -Wno-deprecated-implementations -Wno-implicit-fallthrough -isysroot /Applications/Xcode.app/Contents/Developer/Platforms/MacOSX.platform/Developer/SDKs/MacOSX27.0.sdk -fstrict-aliasing -Wprotocol -Wdeprecated-declarations -Wno-sign-conversion -Wno-infinite-recursion -Wno-comma -Wno-block-capture-autoreleasing -Wno-strict-prototypes -Wno-semicolon-before-method-body -index-store-path /Users/buddhirajgautam/Library/Developer/Xcode/DerivedData/Telegram-Mac-fygdgghdgmuleoelvxabfmqiotta/Index.noindex/DataStore @/Users/buddhirajgautam/Library/Developer/Xcode/DerivedData/Telegram-Mac-fygdgghdgmuleoelvxabfmqiotta/Build/Intermediates.noindex/TGCurrencyFormatter.build/Debug/TGCurrencyFormatter-t.build/Objects-normal/arm64/e6072d4f65d7061329687fe24e3d63a7-common-args.resp -MMD -MT dependencies -MF /Users/buddhirajgautam/Library/Developer/Xcode/DerivedData/Telegram-Mac-fygdgghdgmuleoelvxabfmqiotta/Build/Intermediates.noindex/TGCurrencyFormatter.build/Debug/TGCurrencyFormatter-t.build/Objects-normal/arm64/TGCurrencyFormatter.d --serialize-diagnostics /Users/buddhirajgautam/Library/Developer/Xcode/DerivedData/Telegram-Mac-fygdgghdgmuleoelvxabfmqiotta/Build/Intermediates.noindex/TGCurrencyFormatter.build/Debug/TGCurrencyFormatter-t.build/Objects-normal/arm64/TGCurrencyFormatter.dia -c /Users/buddhirajgautam/Documents/Cherrygram-Mac/macOS-Swift/packages/TGCurrencyFormatter/Sources/TGCurrencyFormatter/TGCurrencyFormatter.m -o /Users/buddhirajgautam/Library/Developer/Xcode/DerivedData/Telegram-Mac-fygdgghdgmuleoelvxabfmqiotta/Build/Intermediates.noindex/TGCurrencyFormatter.build/Debug/TGCurrencyFormatter-t.build/Objects-normal/arm64/TGCurrencyFormatter.o -index-unit-output-path /TGCurrencyFormatter.build/Debug/TGCurrencyFormatter-t.build/Objects-normal/arm64/TGCurrencyFormatter.o

Ld /Users/buddhirajgautam/Library/Developer/Xcode/DerivedData/Telegram-Mac-fygdgghdgmuleoelvxabfmqiotta/Build/Products/Debug/TGGifConverter.o normal (in target 'TGGifConverter' from project 'TGGifConverter')
    cd /Users/buddhirajgautam/Documents/Cherrygram-Mac/macOS-Swift/packages/TGGifConverter
    /Applications/Xcode.app/Contents/Developer/Toolchains/XcodeDefault.xctoolchain/usr/bin/clang -Xlinker -reproducible -target arm64-apple-macos12.0 -r -isysroot /Applications/Xcode.app/Contents/Developer/Platforms/MacOSX.platform/Developer/SDKs/MacOSX27.0.sdk -O0 -Xlinker -no_warn_duplicate_libraries -F/Users/buddhirajgautam/Library/Developer/Xcode/DerivedData/Telegram-Mac-fygdgghdgmuleoelvxabfmqiotta/Build/Intermediates.noindex/EagerLinkingTBDs/Debug -F/Users/buddhirajgautam/Library/Developer/Xcode/DerivedData/Telegram-Mac-fygdgghdgmuleoelvxabfmqiotta/Build/Products/Debug -iframework /Applications/Xcode.app/Contents/Developer/Platforms/MacOSX.platform/Developer/Library/Frameworks -filelist /Users/buddhirajgautam/Library/Developer/Xcode/DerivedData/Telegram-Mac-fygdgghdgmuleoelvxabfmqiotta/Build/Intermediates.noindex/TGGifConverter.build/Debug/TGGifConverter-t.build/Objects-normal/arm64/TGGifConverter.LinkFileList -nostdlib -Xlinker -object_path_lto -Xlinker /Users/buddhirajgautam/Library/Developer/Xcode/DerivedData/Telegram-Mac-fygdgghdgmuleoelvxabfmqiotta/Build/Intermediates.noindex/TGGifConverter.build/Debug/TGGifConverter-t.build/Objects-normal/arm64/TGGifConverter_lto.o -Xlinker -no_deduplicate -Xlinker -debug_variant -Xlinker -dependency_info -Xlinker /Users/buddhirajgautam/Library/Developer/Xcode/DerivedData/Telegram-Mac-fygdgghdgmuleoelvxabfmqiotta/Build/Intermediates.noindex/TGGifConverter.build/Debug/TGGifConverter-t.build/Objects-normal/arm64/TGGifConverter_dependency_info.dat -fobjc-arc -fobjc-link-runtime -o /Users/buddhirajgautam/Library/Developer/Xcode/DerivedData/Telegram-Mac-fygdgghdgmuleoelvxabfmqiotta/Build/Products/Debug/TGGifConverter.o

SwiftDriverJobDiscovery normal arm64 Compiling Api28.swift, Api29.swift (in target 'TelegramApi' from project 'TelegramApi')

SwiftCompile normal arm64 Compiling\ Signal.swift,\ Signal_Catch.swift,\ Signal_Combine.swift /Users/buddhirajgautam/Documents/Cherrygram-Mac/macOS-Swift/submodules/telegram-ios/submodules/SSignalKit/SwiftSignalKit/Source/Signal.swift /Users/buddhirajgautam/Documents/Cherrygram-Mac/macOS-Swift/submodules/telegram-ios/submodules/SSignalKit/SwiftSignalKit/Source/Signal_Catch.swift /Users/buddhirajgautam/Documents/Cherrygram-Mac/macOS-Swift/submodules/telegram-ios/submodules/SSignalKit/SwiftSignalKit/Source/Signal_Combine.swift (in target 'SwiftSignalKit' from project 'SSignalKit')

SwiftCompile normal arm64 /Users/buddhirajgautam/Documents/Cherrygram-Mac/macOS-Swift/submodules/telegram-ios/submodules/SSignalKit/SwiftSignalKit/Source/Signal.swift (in target 'SwiftSignalKit' from project 'SSignalKit')
    cd /Users/buddhirajgautam/Documents/Cherrygram-Mac/macOS-Swift
    builtin-SwiftPerFileCompile Signal.swift

SwiftCompile normal arm64 /Users/buddhirajgautam/Documents/Cherrygram-Mac/macOS-Swift/submodules/telegram-ios/submodules/SSignalKit/SwiftSignalKit/Source/Signal_Catch.swift (in target 'SwiftSignalKit' from project 'SSignalKit')
    cd /Users/buddhirajgautam/Documents/Cherrygram-Mac/macOS-Swift
    builtin-SwiftPerFileCompile Signal_Catch.swift

SwiftCompile normal arm64 /Users/buddhirajgautam/Documents/Cherrygram-Mac/macOS-Swift/submodules/telegram-ios/submodules/SSignalKit/SwiftSignalKit/Source/Signal_Combine.swift (in target 'SwiftSignalKit' from project 'SSignalKit')
    cd /Users/buddhirajgautam/Documents/Cherrygram-Mac/macOS-Swift
    builtin-SwiftPerFileCompile Signal_Combine.swift

SwiftCompile normal arm64 Compiling\ ThreadPool.swift,\ Timer.swift,\ ValuePipe.swift /Users/buddhirajgautam/Documents/Cherrygram-Mac/macOS-Swift/submodules/telegram-ios/submodules/SSignalKit/SwiftSignalKit/Source/ThreadPool.swift /Users/buddhirajgautam/Documents/Cherrygram-Mac/macOS-Swift/submodules/telegram-ios/submodules/SSignalKit/SwiftSignalKit/Source/Timer.swift /Users/buddhirajgautam/Documents/Cherrygram-Mac/macOS-Swift/submodules/telegram-ios/submodules/SSignalKit/SwiftSignalKit/Source/ValuePipe.swift (in target 'SwiftSignalKit' from project 'SSignalKit')

SwiftCompile normal arm64 /Users/buddhirajgautam/Documents/Cherrygram-Mac/macOS-Swift/submodules/telegram-ios/submodules/SSignalKit/SwiftSignalKit/Source/ThreadPool.swift (in target 'SwiftSignalKit' from project 'SSignalKit')
    cd /Users/buddhirajgautam/Documents/Cherrygram-Mac/macOS-Swift
    builtin-SwiftPerFileCompile ThreadPool.swift

SwiftCompile normal arm64 /Users/buddhirajgautam/Documents/Cherrygram-Mac/macOS-Swift/submodules/telegram-ios/submodules/SSignalKit/SwiftSignalKit/Source/Timer.swift (in target 'SwiftSignalKit' from project 'SSignalKit')
    cd /Users/buddhirajgautam/Documents/Cherrygram-Mac/macOS-Swift
    builtin-SwiftPerFileCompile Timer.swift

SwiftCompile normal arm64 /Users/buddhirajgautam/Documents/Cherrygram-Mac/macOS-Swift/submodules/telegram-ios/submodules/SSignalKit/SwiftSignalKit/Source/ValuePipe.swift (in target 'SwiftSignalKit' from project 'SSignalKit')
    cd /Users/buddhirajgautam/Documents/Cherrygram-Mac/macOS-Swift
    builtin-SwiftPerFileCompile ValuePipe.swift

Ld /Users/buddhirajgautam/Library/Developer/Xcode/DerivedData/Telegram-Mac-fygdgghdgmuleoelvxabfmqiotta/Build/Products/Debug/TGCurrencyFormatter.o normal (in target 'TGCurrencyFormatter' from project 'TGCurrencyFormatter')
    cd /Users/buddhirajgautam/Documents/Cherrygram-Mac/macOS-Swift/packages/TGCurrencyFormatter
    /Applications/Xcode.app/Contents/Developer/Toolchains/XcodeDefault.xctoolchain/usr/bin/clang -Xlinker -reproducible -target arm64-apple-macos12.0 -r -isysroot /Applications/Xcode.app/Contents/Developer/Platforms/MacOSX.platform/Developer/SDKs/MacOSX27.0.sdk -O0 -Xlinker -no_warn_duplicate_libraries -F/Users/buddhirajgautam/Library/Developer/Xcode/DerivedData/Telegram-Mac-fygdgghdgmuleoelvxabfmqiotta/Build/Intermediates.noindex/EagerLinkingTBDs/Debug -F/Users/buddhirajgautam/Library/Developer/Xcode/DerivedData/Telegram-Mac-fygdgghdgmuleoelvxabfmqiotta/Build/Products/Debug -iframework /Applications/Xcode.app/Contents/Developer/Platforms/MacOSX.platform/Developer/Library/Frameworks -filelist /Users/buddhirajgautam/Library/Developer/Xcode/DerivedData/Telegram-Mac-fygdgghdgmuleoelvxabfmqiotta/Build/Intermediates.noindex/TGCurrencyFormatter.build/Debug/TGCurrencyFormatter-t.build/Objects-normal/arm64/TGCurrencyFormatter.LinkFileList -nostdlib -Xlinker -object_path_lto -Xlinker /Users/buddhirajgautam/Library/Developer/Xcode/DerivedData/Telegram-Mac-fygdgghdgmuleoelvxabfmqiotta/Build/Intermediates.noindex/TGCurrencyFormatter.build/Debug/TGCurrencyFormatter-t.build/Objects-normal/arm64/TGCurrencyFormatter_lto.o -Xlinker -no_deduplicate -Xlinker -debug_variant -Xlinker -dependency_info -Xlinker /Users/buddhirajgautam/Library/Developer/Xcode/DerivedData/Telegram-Mac-fygdgghdgmuleoelvxabfmqiotta/Build/Intermediates.noindex/TGCurrencyFormatter.build/Debug/TGCurrencyFormatter-t.build/Objects-normal/arm64/TGCurrencyFormatter_dependency_info.dat -fobjc-arc -fobjc-link-runtime -o /Users/buddhirajgautam/Library/Developer/Xcode/DerivedData/Telegram-Mac-fygdgghdgmuleoelvxabfmqiotta/Build/Products/Debug/TGCurrencyFormatter.o

SwiftCompile normal arm64 Compiling\ Signal_Take.swift,\ Signal_Timing.swift,\ Subscriber.swift /Users/buddhirajgautam/Documents/Cherrygram-Mac/macOS-Swift/submodules/telegram-ios/submodules/SSignalKit/SwiftSignalKit/Source/Signal_Take.swift /Users/buddhirajgautam/Documents/Cherrygram-Mac/macOS-Swift/submodules/telegram-ios/submodules/SSignalKit/SwiftSignalKit/Source/Signal_Timing.swift /Users/buddhirajgautam/Documents/Cherrygram-Mac/macOS-Swift/submodules/telegram-ios/submodules/SSignalKit/SwiftSignalKit/Source/Subscriber.swift (in target 'SwiftSignalKit' from project 'SSignalKit')

SwiftCompile normal arm64 /Users/buddhirajgautam/Documents/Cherrygram-Mac/macOS-Swift/submodules/telegram-ios/submodules/SSignalKit/SwiftSignalKit/Source/Signal_Take.swift (in target 'SwiftSignalKit' from project 'SSignalKit')
    cd /Users/buddhirajgautam/Documents/Cherrygram-Mac/macOS-Swift
    builtin-SwiftPerFileCompile Signal_Take.swift

SwiftCompile normal arm64 /Users/buddhirajgautam/Documents/Cherrygram-Mac/macOS-Swift/submodules/telegram-ios/submodules/SSignalKit/SwiftSignalKit/Source/Signal_Timing.swift (in target 'SwiftSignalKit' from project 'SSignalKit')
    cd /Users/buddhirajgautam/Documents/Cherrygram-Mac/macOS-Swift
    builtin-SwiftPerFileCompile Signal_Timing.swift

SwiftCompile normal arm64 /Users/buddhirajgautam/Documents/Cherrygram-Mac/macOS-Swift/submodules/telegram-ios/submodules/SSignalKit/SwiftSignalKit/Source/Subscriber.swift (in target 'SwiftSignalKit' from project 'SSignalKit')
    cd /Users/buddhirajgautam/Documents/Cherrygram-Mac/macOS-Swift
    builtin-SwiftPerFileCompile Subscriber.swift

SwiftDriverJobDiscovery normal arm64 Compiling Signal_Reduce.swift, Signal_SideEffects.swift, Signal_Single.swift (in target 'SwiftSignalKit' from project 'SSignalKit')

SwiftCompile normal arm64 Compiling\ Signal_Materialize.swift,\ Signal_Merge.swift,\ Signal_Meta.swift /Users/buddhirajgautam/Documents/Cherrygram-Mac/macOS-Swift/submodules/telegram-ios/submodules/SSignalKit/SwiftSignalKit/Source/Signal_Materialize.swift /Users/buddhirajgautam/Documents/Cherrygram-Mac/macOS-Swift/submodules/telegram-ios/submodules/SSignalKit/SwiftSignalKit/Source/Signal_Merge.swift /Users/buddhirajgautam/Documents/Cherrygram-Mac/macOS-Swift/submodules/telegram-ios/submodules/SSignalKit/SwiftSignalKit/Source/Signal_Meta.swift (in target 'SwiftSignalKit' from project 'SSignalKit')

SwiftCompile normal arm64 /Users/buddhirajgautam/Documents/Cherrygram-Mac/macOS-Swift/submodules/telegram-ios/submodules/SSignalKit/SwiftSignalKit/Source/Signal_Materialize.swift (in target 'SwiftSignalKit' from project 'SSignalKit')
    cd /Users/buddhirajgautam/Documents/Cherrygram-Mac/macOS-Swift
    builtin-SwiftPerFileCompile Signal_Materialize.swift

SwiftCompile normal arm64 /Users/buddhirajgautam/Documents/Cherrygram-Mac/macOS-Swift/submodules/telegram-ios/submodules/SSignalKit/SwiftSignalKit/Source/Signal_Merge.swift (in target 'SwiftSignalKit' from project 'SSignalKit')
    cd /Users/buddhirajgautam/Documents/Cherrygram-Mac/macOS-Swift
    builtin-SwiftPerFileCompile Signal_Merge.swift

SwiftCompile normal arm64 /Users/buddhirajgautam/Documents/Cherrygram-Mac/macOS-Swift/submodules/telegram-ios/submodules/SSignalKit/SwiftSignalKit/Source/Signal_Meta.swift (in target 'SwiftSignalKit' from project 'SSignalKit')
    cd /Users/buddhirajgautam/Documents/Cherrygram-Mac/macOS-Swift
    builtin-SwiftPerFileCompile Signal_Meta.swift

SwiftDriverJobDiscovery normal arm64 Compiling ThreadPool.swift, Timer.swift, ValuePipe.swift (in target 'SwiftSignalKit' from project 'SSignalKit')

SwiftCompile normal arm64 Compiling\ Signal_Dispatch.swift,\ Signal_Loop.swift,\ Signal_Mapping.swift /Users/buddhirajgautam/Documents/Cherrygram-Mac/macOS-Swift/submodules/telegram-ios/submodules/SSignalKit/SwiftSignalKit/Source/Signal_Dispatch.swift /Users/buddhirajgautam/Documents/Cherrygram-Mac/macOS-Swift/submodules/telegram-ios/submodules/SSignalKit/SwiftSignalKit/Source/Signal_Loop.swift /Users/buddhirajgautam/Documents/Cherrygram-Mac/macOS-Swift/submodules/telegram-ios/submodules/SSignalKit/SwiftSignalKit/Source/Signal_Mapping.swift (in target 'SwiftSignalKit' from project 'SSignalKit')

SwiftCompile normal arm64 /Users/buddhirajgautam/Documents/Cherrygram-Mac/macOS-Swift/submodules/telegram-ios/submodules/SSignalKit/SwiftSignalKit/Source/Signal_Dispatch.swift (in target 'SwiftSignalKit' from project 'SSignalKit')
    cd /Users/buddhirajgautam/Documents/Cherrygram-Mac/macOS-Swift
    builtin-SwiftPerFileCompile Signal_Dispatch.swift

SwiftCompile normal arm64 /Users/buddhirajgautam/Documents/Cherrygram-Mac/macOS-Swift/submodules/telegram-ios/submodules/SSignalKit/SwiftSignalKit/Source/Signal_Loop.swift (in target 'SwiftSignalKit' from project 'SSignalKit')
    cd /Users/buddhirajgautam/Documents/Cherrygram-Mac/macOS-Swift
    builtin-SwiftPerFileCompile Signal_Loop.swift

SwiftCompile normal arm64 /Users/buddhirajgautam/Documents/Cherrygram-Mac/macOS-Swift/submodules/telegram-ios/submodules/SSignalKit/SwiftSignalKit/Source/Signal_Mapping.swift (in target 'SwiftSignalKit' from project 'SSignalKit')
    cd /Users/buddhirajgautam/Documents/Cherrygram-Mac/macOS-Swift
    builtin-SwiftPerFileCompile Signal_Mapping.swift

SwiftCompile normal arm64 Compiling\ Atomic.swift,\ Bag.swift,\ Disposable.swift,\ Lock.swift /Users/buddhirajgautam/Documents/Cherrygram-Mac/macOS-Swift/submodules/telegram-ios/submodules/SSignalKit/SwiftSignalKit/Source/Atomic.swift /Users/buddhirajgautam/Documents/Cherrygram-Mac/macOS-Swift/submodules/telegram-ios/submodules/SSignalKit/SwiftSignalKit/Source/Bag.swift /Users/buddhirajgautam/Documents/Cherrygram-Mac/macOS-Swift/submodules/telegram-ios/submodules/SSignalKit/SwiftSignalKit/Source/Disposable.swift /Users/buddhirajgautam/Documents/Cherrygram-Mac/macOS-Swift/submodules/telegram-ios/submodules/SSignalKit/SwiftSignalKit/Source/Lock.swift (in target 'SwiftSignalKit' from project 'SSignalKit')

SwiftCompile normal arm64 /Users/buddhirajgautam/Documents/Cherrygram-Mac/macOS-Swift/submodules/telegram-ios/submodules/SSignalKit/SwiftSignalKit/Source/Atomic.swift (in target 'SwiftSignalKit' from project 'SSignalKit')
    cd /Users/buddhirajgautam/Documents/Cherrygram-Mac/macOS-Swift
    builtin-SwiftPerFileCompile Atomic.swift

SwiftCompile normal arm64 /Users/buddhirajgautam/Documents/Cherrygram-Mac/macOS-Swift/submodules/telegram-ios/submodules/SSignalKit/SwiftSignalKit/Source/Bag.swift (in target 'SwiftSignalKit' from project 'SSignalKit')
    cd /Users/buddhirajgautam/Documents/Cherrygram-Mac/macOS-Swift
    builtin-SwiftPerFileCompile Bag.swift

SwiftCompile normal arm64 /Users/buddhirajgautam/Documents/Cherrygram-Mac/macOS-Swift/submodules/telegram-ios/submodules/SSignalKit/SwiftSignalKit/Source/Disposable.swift (in target 'SwiftSignalKit' from project 'SSignalKit')
    cd /Users/buddhirajgautam/Documents/Cherrygram-Mac/macOS-Swift
    builtin-SwiftPerFileCompile Disposable.swift

SwiftCompile normal arm64 /Users/buddhirajgautam/Documents/Cherrygram-Mac/macOS-Swift/submodules/telegram-ios/submodules/SSignalKit/SwiftSignalKit/Source/Lock.swift (in target 'SwiftSignalKit' from project 'SSignalKit')
    cd /Users/buddhirajgautam/Documents/Cherrygram-Mac/macOS-Swift
    builtin-SwiftPerFileCompile Lock.swift

SwiftDriverJobDiscovery normal arm64 Compiling Signal_Materialize.swift, Signal_Merge.swift, Signal_Meta.swift (in target 'SwiftSignalKit' from project 'SSignalKit')

SwiftCompile normal arm64 Compiling\ Multicast.swift,\ Promise.swift,\ Queue.swift,\ QueueLocalObject.swift /Users/buddhirajgautam/Documents/Cherrygram-Mac/macOS-Swift/submodules/telegram-ios/submodules/SSignalKit/SwiftSignalKit/Source/Multicast.swift /Users/buddhirajgautam/Documents/Cherrygram-Mac/macOS-Swift/submodules/telegram-ios/submodules/SSignalKit/SwiftSignalKit/Source/Promise.swift /Users/buddhirajgautam/Documents/Cherrygram-Mac/macOS-Swift/submodules/telegram-ios/submodules/SSignalKit/SwiftSignalKit/Source/Queue.swift /Users/buddhirajgautam/Documents/Cherrygram-Mac/macOS-Swift/submodules/telegram-ios/submodules/SSignalKit/SwiftSignalKit/Source/QueueLocalObject.swift (in target 'SwiftSignalKit' from project 'SSignalKit')

SwiftCompile normal arm64 /Users/buddhirajgautam/Documents/Cherrygram-Mac/macOS-Swift/submodules/telegram-ios/submodules/SSignalKit/SwiftSignalKit/Source/Multicast.swift (in target 'SwiftSignalKit' from project 'SSignalKit')
    cd /Users/buddhirajgautam/Documents/Cherrygram-Mac/macOS-Swift
    builtin-SwiftPerFileCompile Multicast.swift

SwiftCompile normal arm64 /Users/buddhirajgautam/Documents/Cherrygram-Mac/macOS-Swift/submodules/telegram-ios/submodules/SSignalKit/SwiftSignalKit/Source/Promise.swift (in target 'SwiftSignalKit' from project 'SSignalKit')
    cd /Users/buddhirajgautam/Documents/Cherrygram-Mac/macOS-Swift
    builtin-SwiftPerFileCompile Promise.swift

SwiftCompile normal arm64 /Users/buddhirajgautam/Documents/Cherrygram-Mac/macOS-Swift/submodules/telegram-ios/submodules/SSignalKit/SwiftSignalKit/Source/Queue.swift (in target 'SwiftSignalKit' from project 'SSignalKit')
    cd /Users/buddhirajgautam/Documents/Cherrygram-Mac/macOS-Swift
    builtin-SwiftPerFileCompile Queue.swift

SwiftCompile normal arm64 /Users/buddhirajgautam/Documents/Cherrygram-Mac/macOS-Swift/submodules/telegram-ios/submodules/SSignalKit/SwiftSignalKit/Source/QueueLocalObject.swift (in target 'SwiftSignalKit' from project 'SSignalKit')
    cd /Users/buddhirajgautam/Documents/Cherrygram-Mac/macOS-Swift
    builtin-SwiftPerFileCompile QueueLocalObject.swift

SwiftDriverJobDiscovery normal arm64 Compiling Signal_Take.swift, Signal_Timing.swift, Subscriber.swift (in target 'SwiftSignalKit' from project 'SSignalKit')

ScanDependencies /Users/buddhirajgautam/Library/Developer/Xcode/DerivedData/Telegram-Mac-fygdgghdgmuleoelvxabfmqiotta/Build/Intermediates.noindex/Svg.build/Debug/Svg-t.build/Objects-normal/arm64/nanosvg.o /Users/buddhirajgautam/Documents/Cherrygram-Mac/macOS-Swift/packages/Svg/Sources/nanosvg.c normal arm64 c com.apple.compilers.llvm.clang.1_0.compiler (in target 'Svg' from project 'Svg')
    cd /Users/buddhirajgautam/Documents/Cherrygram-Mac/macOS-Swift
    
    Using response file: /Users/buddhirajgautam/Library/Developer/Xcode/DerivedData/Telegram-Mac-fygdgghdgmuleoelvxabfmqiotta/Build/Intermediates.noindex/Svg.build/Debug/Svg-t.build/Objects-normal/arm64/7187679823f38a2a940e0043cdf9d637-common-args.resp
    
    builtin-ScanDependencies -o /Users/buddhirajgautam/Library/Developer/Xcode/DerivedData/Telegram-Mac-fygdgghdgmuleoelvxabfmqiotta/Build/Intermediates.noindex/Svg.build/Debug/Svg-t.build/Objects-normal/arm64/nanosvg.o.scan -- /Applications/Xcode.app/Contents/Developer/Toolchains/XcodeDefault.xctoolchain/usr/bin/clang -x c -ivfsstatcache /Users/buddhirajgautam/Library/Developer/Xcode/DerivedData/SDKStatCaches.noindex/macosx27.0-26A425-e829b21a6f8c9b70876ba0858053c0447231f6df4def33e022ae2eb8f782df1a.sdkstatcache -target arm64-apple-macos12.0 -fmessage-length\=0 -fdiagnostics-show-note-include-stack -fmacro-backtrace-limit\=0 -fno-color-diagnostics -fmodules-prune-interval\=86400 -fmodules-prune-after\=345600 -fbuild-session-file\=/Users/buddhirajgautam/Library/Developer/Xcode/DerivedData/ModuleCache.noindex/Session.modulevalidation -fmodules-validate-once-per-build-session -Wnon-modular-include-in-framework-module -Werror\=non-modular-include-in-framework-module -Wno-trigraphs -Wno-missing-field-initializers -Wno-missing-prototypes -Wno-return-type -Wno-missing-braces -Wparentheses -Wswitch -Wno-unused-function -Wno-unused-label -Wno-unused-parameter -Wno-unused-variable -Wunused-value -Wno-empty-body -Wno-uninitialized -Wno-unknown-pragmas -Wno-shadow -Wno-four-char-constants -Wno-conversion -Wno-constant-conversion -Wno-int-conversion -Wno-bool-conversion -Wno-enum-conversion -Wno-float-conversion -Wno-non-literal-null-conversion -Wno-objc-literal-conversion -Wshorten-64-to-32 -Wpointer-sign -Wno-newline-eof -Wno-implicit-fallthrough -isysroot /Applications/Xcode.app/Contents/Developer/Platforms/MacOSX.platform/Developer/SDKs/MacOSX27.0.sdk -fstrict-aliasing -Wdeprecated-declarations -Wno-sign-conversion -Wno-infinite-recursion -Wno-comma -Wno-block-capture-autoreleasing -Wno-strict-prototypes -Wno-semicolon-before-method-body -index-store-path /Users/buddhirajgautam/Library/Developer/Xcode/DerivedData/Telegram-Mac-fygdgghdgmuleoelvxabfmqiotta/Index.noindex/DataStore @/Users/buddhirajgautam/Library/Developer/Xcode/DerivedData/Telegram-Mac-fygdgghdgmuleoelvxabfmqiotta/Build/Intermediates.noindex/Svg.build/Debug/Svg-t.build/Objects-normal/arm64/7187679823f38a2a940e0043cdf9d637-common-args.resp -MMD -MT dependencies -MF /Users/buddhirajgautam/Library/Developer/Xcode/DerivedData/Telegram-Mac-fygdgghdgmuleoelvxabfmqiotta/Build/Intermediates.noindex/Svg.build/Debug/Svg-t.build/Objects-normal/arm64/nanosvg.d --serialize-diagnostics /Users/buddhirajgautam/Library/Developer/Xcode/DerivedData/Telegram-Mac-fygdgghdgmuleoelvxabfmqiotta/Build/Intermediates.noindex/Svg.build/Debug/Svg-t.build/Objects-normal/arm64/nanosvg.dia -c /Users/buddhirajgautam/Documents/Cherrygram-Mac/macOS-Swift/packages/Svg/Sources/nanosvg.c -o /Users/buddhirajgautam/Library/Developer/Xcode/DerivedData/Telegram-Mac-fygdgghdgmuleoelvxabfmqiotta/Build/Intermediates.noindex/Svg.build/Debug/Svg-t.build/Objects-normal/arm64/nanosvg.o -index-unit-output-path /Svg.build/Debug/Svg-t.build/Objects-normal/arm64/nanosvg.o

SwiftDriverJobDiscovery normal arm64 Compiling Signal_Dispatch.swift, Signal_Loop.swift, Signal_Mapping.swift (in target 'SwiftSignalKit' from project 'SSignalKit')

ScanDependencies /Users/buddhirajgautam/Library/Developer/Xcode/DerivedData/Telegram-Mac-fygdgghdgmuleoelvxabfmqiotta/Build/Intermediates.noindex/Svg.build/Debug/Svg-t.build/Objects-normal/arm64/Svg.o /Users/buddhirajgautam/Documents/Cherrygram-Mac/macOS-Swift/packages/Svg/Sources/Svg.m normal arm64 objective-c com.apple.compilers.llvm.clang.1_0.compiler (in target 'Svg' from project 'Svg')
    cd /Users/buddhirajgautam/Documents/Cherrygram-Mac/macOS-Swift
    
    Using response file: /Users/buddhirajgautam/Library/Developer/Xcode/DerivedData/Telegram-Mac-fygdgghdgmuleoelvxabfmqiotta/Build/Intermediates.noindex/Svg.build/Debug/Svg-t.build/Objects-normal/arm64/e6072d4f65d7061329687fe24e3d63a7-common-args.resp
    
    builtin-ScanDependencies -o /Users/buddhirajgautam/Library/Developer/Xcode/DerivedData/Telegram-Mac-fygdgghdgmuleoelvxabfmqiotta/Build/Intermediates.noindex/Svg.build/Debug/Svg-t.build/Objects-normal/arm64/Svg.o.scan -- /Applications/Xcode.app/Contents/Developer/Toolchains/XcodeDefault.xctoolchain/usr/bin/clang -x objective-c -ivfsstatcache /Users/buddhirajgautam/Library/Developer/Xcode/DerivedData/SDKStatCaches.noindex/macosx27.0-26A425-e829b21a6f8c9b70876ba0858053c0447231f6df4def33e022ae2eb8f782df1a.sdkstatcache -target arm64-apple-macos12.0 -fmessage-length\=0 -fdiagnostics-show-note-include-stack -fmacro-backtrace-limit\=0 -fno-color-diagnostics -fmodules-prune-interval\=86400 -fmodules-prune-after\=345600 -fbuild-session-file\=/Users/buddhirajgautam/Library/Developer/Xcode/DerivedData/ModuleCache.noindex/Session.modulevalidation -fmodules-validate-once-per-build-session -Wnon-modular-include-in-framework-module -Werror\=non-modular-include-in-framework-module -Wno-trigraphs -Wno-missing-field-initializers -Wno-missing-prototypes -Wno-return-type -Wno-implicit-atomic-properties -Wno-objc-interface-ivars -Wno-arc-repeated-use-of-weak -Wno-missing-braces -Wparentheses -Wswitch -Wno-unused-function -Wno-unused-label -Wno-unused-parameter -Wno-unused-variable -Wunused-value -Wno-empty-body -Wno-uninitialized -Wno-unknown-pragmas -Wno-shadow -Wno-four-char-constants -Wno-conversion -Wno-constant-conversion -Wno-int-conversion -Wno-bool-conversion -Wno-enum-conversion -Wno-float-conversion -Wno-non-literal-null-conversion -Wno-objc-literal-conversion -Wshorten-64-to-32 -Wpointer-sign -Wno-newline-eof -Wno-selector -Wno-strict-selector-match -Wno-undeclared-selector -Wno-deprecated-implementations -Wno-implicit-fallthrough -isysroot /Applications/Xcode.app/Contents/Developer/Platforms/MacOSX.platform/Developer/SDKs/MacOSX27.0.sdk -fstrict-aliasing -Wprotocol -Wdeprecated-declarations -Wno-sign-conversion -Wno-infinite-recursion -Wno-comma -Wno-block-capture-autoreleasing -Wno-strict-prototypes -Wno-semicolon-before-method-body -index-store-path /Users/buddhirajgautam/Library/Developer/Xcode/DerivedData/Telegram-Mac-fygdgghdgmuleoelvxabfmqiotta/Index.noindex/DataStore @/Users/buddhirajgautam/Library/Developer/Xcode/DerivedData/Telegram-Mac-fygdgghdgmuleoelvxabfmqiotta/Build/Intermediates.noindex/Svg.build/Debug/Svg-t.build/Objects-normal/arm64/e6072d4f65d7061329687fe24e3d63a7-common-args.resp -MMD -MT dependencies -MF /Users/buddhirajgautam/Library/Developer/Xcode/DerivedData/Telegram-Mac-fygdgghdgmuleoelvxabfmqiotta/Build/Intermediates.noindex/Svg.build/Debug/Svg-t.build/Objects-normal/arm64/Svg.d --serialize-diagnostics /Users/buddhirajgautam/Library/Developer/Xcode/DerivedData/Telegram-Mac-fygdgghdgmuleoelvxabfmqiotta/Build/Intermediates.noindex/Svg.build/Debug/Svg-t.build/Objects-normal/arm64/Svg.dia -c /Users/buddhirajgautam/Documents/Cherrygram-Mac/macOS-Swift/packages/Svg/Sources/Svg.m -o /Users/buddhirajgautam/Library/Developer/Xcode/DerivedData/Telegram-Mac-fygdgghdgmuleoelvxabfmqiotta/Build/Intermediates.noindex/Svg.build/Debug/Svg-t.build/Objects-normal/arm64/Svg.o -index-unit-output-path /Svg.build/Debug/Svg-t.build/Objects-normal/arm64/Svg.o

SwiftDriverJobDiscovery normal arm64 Compiling Multicast.swift, Promise.swift, Queue.swift, QueueLocalObject.swift (in target 'SwiftSignalKit' from project 'SSignalKit')

ScanDependencies /Users/buddhirajgautam/Library/Developer/Xcode/DerivedData/Telegram-Mac-fygdgghdgmuleoelvxabfmqiotta/Build/Intermediates.noindex/Stripe.build/Debug/Stripe-t.build/Objects-normal/arm64/StripeError.o /Users/buddhirajgautam/Documents/Cherrygram-Mac/macOS-Swift/submodules/Stripe/Sources/StripeError.m normal arm64 objective-c com.apple.compilers.llvm.clang.1_0.compiler (in target 'Stripe' from project 'Stripe')
    cd /Users/buddhirajgautam/Documents/Cherrygram-Mac/macOS-Swift
    
    Using response file: /Users/buddhirajgautam/Library/Developer/Xcode/DerivedData/Telegram-Mac-fygdgghdgmuleoelvxabfmqiotta/Build/Intermediates.noindex/Stripe.build/Debug/Stripe-t.build/Objects-normal/arm64/e6072d4f65d7061329687fe24e3d63a7-common-args.resp
    
    builtin-ScanDependencies -o /Users/buddhirajgautam/Library/Developer/Xcode/DerivedData/Telegram-Mac-fygdgghdgmuleoelvxabfmqiotta/Build/Intermediates.noindex/Stripe.build/Debug/Stripe-t.build/Objects-normal/arm64/StripeError.o.scan -- /Applications/Xcode.app/Contents/Developer/Toolchains/XcodeDefault.xctoolchain/usr/bin/clang -x objective-c -ivfsstatcache /Users/buddhirajgautam/Library/Developer/Xcode/DerivedData/SDKStatCaches.noindex/macosx27.0-26A425-e829b21a6f8c9b70876ba0858053c0447231f6df4def33e022ae2eb8f782df1a.sdkstatcache -target arm64-apple-macos12.0 -fmessage-length\=0 -fdiagnostics-show-note-include-stack -fmacro-backtrace-limit\=0 -fno-color-diagnostics -fmodules-prune-interval\=86400 -fmodules-prune-after\=345600 -fbuild-session-file\=/Users/buddhirajgautam/Library/Developer/Xcode/DerivedData/ModuleCache.noindex/Session.modulevalidation -fmodules-validate-once-per-build-session -Wnon-modular-include-in-framework-module -Werror\=non-modular-include-in-framework-module -Wno-trigraphs -Wno-missing-field-initializers -Wno-missing-prototypes -Wno-return-type -Wno-implicit-atomic-properties -Wno-objc-interface-ivars -Wno-arc-repeated-use-of-weak -Wno-missing-braces -Wparentheses -Wswitch -Wno-unused-function -Wno-unused-label -Wno-unused-parameter -Wno-unused-variable -Wunused-value -Wno-empty-body -Wno-uninitialized -Wno-unknown-pragmas -Wno-shadow -Wno-four-char-constants -Wno-conversion -Wno-constant-conversion -Wno-int-conversion -Wno-bool-conversion -Wno-enum-conversion -Wno-float-conversion -Wno-non-literal-null-conversion -Wno-objc-literal-conversion -Wshorten-64-to-32 -Wpointer-sign -Wno-newline-eof -Wno-selector -Wno-strict-selector-match -Wno-undeclared-selector -Wno-deprecated-implementations -Wno-implicit-fallthrough -isysroot /Applications/Xcode.app/Contents/Developer/Platforms/MacOSX.platform/Developer/SDKs/MacOSX27.0.sdk -fstrict-aliasing -Wprotocol -Wdeprecated-declarations -Wno-sign-conversion -Wno-infinite-recursion -Wno-comma -Wno-block-capture-autoreleasing -Wno-strict-prototypes -Wno-semicolon-before-method-body -index-store-path /Users/buddhirajgautam/Library/Developer/Xcode/DerivedData/Telegram-Mac-fygdgghdgmuleoelvxabfmqiotta/Index.noindex/DataStore @/Users/buddhirajgautam/Library/Developer/Xcode/DerivedData/Telegram-Mac-fygdgghdgmuleoelvxabfmqiotta/Build/Intermediates.noindex/Stripe.build/Debug/Stripe-t.build/Objects-normal/arm64/e6072d4f65d7061329687fe24e3d63a7-common-args.resp -MMD -MT dependencies -MF /Users/buddhirajgautam/Library/Developer/Xcode/DerivedData/Telegram-Mac-fygdgghdgmuleoelvxabfmqiotta/Build/Intermediates.noindex/Stripe.build/Debug/Stripe-t.build/Objects-normal/arm64/StripeError.d --serialize-diagnostics /Users/buddhirajgautam/Library/Developer/Xcode/DerivedData/Telegram-Mac-fygdgghdgmuleoelvxabfmqiotta/Build/Intermediates.noindex/Stripe.build/Debug/Stripe-t.build/Objects-normal/arm64/StripeError.dia -c /Users/buddhirajgautam/Documents/Cherrygram-Mac/macOS-Swift/submodules/Stripe/Sources/StripeError.m -o /Users/buddhirajgautam/Library/Developer/Xcode/DerivedData/Telegram-Mac-fygdgghdgmuleoelvxabfmqiotta/Build/Intermediates.noindex/Stripe.build/Debug/Stripe-t.build/Objects-normal/arm64/StripeError.o -index-unit-output-path /Stripe.build/Debug/Stripe-t.build/Objects-normal/arm64/StripeError.o

SwiftDriverJobDiscovery normal arm64 Compiling Atomic.swift, Bag.swift, Disposable.swift, Lock.swift (in target 'SwiftSignalKit' from project 'SSignalKit')

ScanDependencies /Users/buddhirajgautam/Library/Developer/Xcode/DerivedData/Telegram-Mac-fygdgghdgmuleoelvxabfmqiotta/Build/Intermediates.noindex/Stripe.build/Debug/Stripe-t.build/Objects-normal/arm64/STPToken.o /Users/buddhirajgautam/Documents/Cherrygram-Mac/macOS-Swift/submodules/Stripe/Sources/STPToken.m normal arm64 objective-c com.apple.compilers.llvm.clang.1_0.compiler (in target 'Stripe' from project 'Stripe')
    cd /Users/buddhirajgautam/Documents/Cherrygram-Mac/macOS-Swift
    
    Using response file: /Users/buddhirajgautam/Library/Developer/Xcode/DerivedData/Telegram-Mac-fygdgghdgmuleoelvxabfmqiotta/Build/Intermediates.noindex/Stripe.build/Debug/Stripe-t.build/Objects-normal/arm64/e6072d4f65d7061329687fe24e3d63a7-common-args.resp
    
    builtin-ScanDependencies -o /Users/buddhirajgautam/Library/Developer/Xcode/DerivedData/Telegram-Mac-fygdgghdgmuleoelvxabfmqiotta/Build/Intermediates.noindex/Stripe.build/Debug/Stripe-t.build/Objects-normal/arm64/STPToken.o.scan -- /Applications/Xcode.app/Contents/Developer/Toolchains/XcodeDefault.xctoolchain/usr/bin/clang -x objective-c -ivfsstatcache /Users/buddhirajgautam/Library/Developer/Xcode/DerivedData/SDKStatCaches.noindex/macosx27.0-26A425-e829b21a6f8c9b70876ba0858053c0447231f6df4def33e022ae2eb8f782df1a.sdkstatcache -target arm64-apple-macos12.0 -fmessage-length\=0 -fdiagnostics-show-note-include-stack -fmacro-backtrace-limit\=0 -fno-color-diagnostics -fmodules-prune-interval\=86400 -fmodules-prune-after\=345600 -fbuild-session-file\=/Users/buddhirajgautam/Library/Developer/Xcode/DerivedData/ModuleCache.noindex/Session.modulevalidation -fmodules-validate-once-per-build-session -Wnon-modular-include-in-framework-module -Werror\=non-modular-include-in-framework-module -Wno-trigraphs -Wno-missing-field-initializers -Wno-missing-prototypes -Wno-return-type -Wno-implicit-atomic-properties -Wno-objc-interface-ivars -Wno-arc-repeated-use-of-weak -Wno-missing-braces -Wparentheses -Wswitch -Wno-unused-function -Wno-unused-label -Wno-unused-parameter -Wno-unused-variable -Wunused-value -Wno-empty-body -Wno-uninitialized -Wno-unknown-pragmas -Wno-shadow -Wno-four-char-constants -Wno-conversion -Wno-constant-conversion -Wno-int-conversion -Wno-bool-conversion -Wno-enum-conversion -Wno-float-conversion -Wno-non-literal-null-conversion -Wno-objc-literal-conversion -Wshorten-64-to-32 -Wpointer-sign -Wno-newline-eof -Wno-selector -Wno-strict-selector-match -Wno-undeclared-selector -Wno-deprecated-implementations -Wno-implicit-fallthrough -isysroot /Applications/Xcode.app/Contents/Developer/Platforms/MacOSX.platform/Developer/SDKs/MacOSX27.0.sdk -fstrict-aliasing -Wprotocol -Wdeprecated-declarations -Wno-sign-conversion -Wno-infinite-recursion -Wno-comma -Wno-block-capture-autoreleasing -Wno-strict-prototypes -Wno-semicolon-before-method-body -index-store-path /Users/buddhirajgautam/Library/Developer/Xcode/DerivedData/Telegram-Mac-fygdgghdgmuleoelvxabfmqiotta/Index.noindex/DataStore @/Users/buddhirajgautam/Library/Developer/Xcode/DerivedData/Telegram-Mac-fygdgghdgmuleoelvxabfmqiotta/Build/Intermediates.noindex/Stripe.build/Debug/Stripe-t.build/Objects-normal/arm64/e6072d4f65d7061329687fe24e3d63a7-common-args.resp -MMD -MT dependencies -MF /Users/buddhirajgautam/Library/Developer/Xcode/DerivedData/Telegram-Mac-fygdgghdgmuleoelvxabfmqiotta/Build/Intermediates.noindex/Stripe.build/Debug/Stripe-t.build/Objects-normal/arm64/STPToken.d --serialize-diagnostics /Users/buddhirajgautam/Library/Developer/Xcode/DerivedData/Telegram-Mac-fygdgghdgmuleoelvxabfmqiotta/Build/Intermediates.noindex/Stripe.build/Debug/Stripe-t.build/Objects-normal/arm64/STPToken.dia -c /Users/buddhirajgautam/Documents/Cherrygram-Mac/macOS-Swift/submodules/Stripe/Sources/STPToken.m -o /Users/buddhirajgautam/Library/Developer/Xcode/DerivedData/Telegram-Mac-fygdgghdgmuleoelvxabfmqiotta/Build/Intermediates.noindex/Stripe.build/Debug/Stripe-t.build/Objects-normal/arm64/STPToken.o -index-unit-output-path /Stripe.build/Debug/Stripe-t.build/Objects-normal/arm64/STPToken.o

CompileC /Users/buddhirajgautam/Library/Developer/Xcode/DerivedData/Telegram-Mac-fygdgghdgmuleoelvxabfmqiotta/Build/Intermediates.noindex/Svg.build/Debug/Svg-t.build/Objects-normal/arm64/nanosvg.o /Users/buddhirajgautam/Documents/Cherrygram-Mac/macOS-Swift/packages/Svg/Sources/nanosvg.c normal arm64 c com.apple.compilers.llvm.clang.1_0.compiler (in target 'Svg' from project 'Svg')
    cd /Users/buddhirajgautam/Documents/Cherrygram-Mac/macOS-Swift
    
    Using response file: /Users/buddhirajgautam/Library/Developer/Xcode/DerivedData/Telegram-Mac-fygdgghdgmuleoelvxabfmqiotta/Build/Intermediates.noindex/Svg.build/Debug/Svg-t.build/Objects-normal/arm64/7187679823f38a2a940e0043cdf9d637-common-args.resp
    
    /Applications/Xcode.app/Contents/Developer/Toolchains/XcodeDefault.xctoolchain/usr/bin/clang -x c -ivfsstatcache /Users/buddhirajgautam/Library/Developer/Xcode/DerivedData/SDKStatCaches.noindex/macosx27.0-26A425-e829b21a6f8c9b70876ba0858053c0447231f6df4def33e022ae2eb8f782df1a.sdkstatcache -target arm64-apple-macos12.0 -fmessage-length\=0 -fdiagnostics-show-note-include-stack -fmacro-backtrace-limit\=0 -fno-color-diagnostics -fmodules-prune-interval\=86400 -fmodules-prune-after\=345600 -fbuild-session-file\=/Users/buddhirajgautam/Library/Developer/Xcode/DerivedData/ModuleCache.noindex/Session.modulevalidation -fmodules-validate-once-per-build-session -Wnon-modular-include-in-framework-module -Werror\=non-modular-include-in-framework-module -Wno-trigraphs -Wno-missing-field-initializers -Wno-missing-prototypes -Wno-return-type -Wno-missing-braces -Wparentheses -Wswitch -Wno-unused-function -Wno-unused-label -Wno-unused-parameter -Wno-unused-variable -Wunused-value -Wno-empty-body -Wno-uninitialized -Wno-unknown-pragmas -Wno-shadow -Wno-four-char-constants -Wno-conversion -Wno-constant-conversion -Wno-int-conversion -Wno-bool-conversion -Wno-enum-conversion -Wno-float-conversion -Wno-non-literal-null-conversion -Wno-objc-literal-conversion -Wshorten-64-to-32 -Wpointer-sign -Wno-newline-eof -Wno-implicit-fallthrough -isysroot /Applications/Xcode.app/Contents/Developer/Platforms/MacOSX.platform/Developer/SDKs/MacOSX27.0.sdk -fstrict-aliasing -Wdeprecated-declarations -Wno-sign-conversion -Wno-infinite-recursion -Wno-comma -Wno-block-capture-autoreleasing -Wno-strict-prototypes -Wno-semicolon-before-method-body -index-store-path /Users/buddhirajgautam/Library/Developer/Xcode/DerivedData/Telegram-Mac-fygdgghdgmuleoelvxabfmqiotta/Index.noindex/DataStore @/Users/buddhirajgautam/Library/Developer/Xcode/DerivedData/Telegram-Mac-fygdgghdgmuleoelvxabfmqiotta/Build/Intermediates.noindex/Svg.build/Debug/Svg-t.build/Objects-normal/arm64/7187679823f38a2a940e0043cdf9d637-common-args.resp -MMD -MT dependencies -MF /Users/buddhirajgautam/Library/Developer/Xcode/DerivedData/Telegram-Mac-fygdgghdgmuleoelvxabfmqiotta/Build/Intermediates.noindex/Svg.build/Debug/Svg-t.build/Objects-normal/arm64/nanosvg.d --serialize-diagnostics /Users/buddhirajgautam/Library/Developer/Xcode/DerivedData/Telegram-Mac-fygdgghdgmuleoelvxabfmqiotta/Build/Intermediates.noindex/Svg.build/Debug/Svg-t.build/Objects-normal/arm64/nanosvg.dia -c /Users/buddhirajgautam/Documents/Cherrygram-Mac/macOS-Swift/packages/Svg/Sources/nanosvg.c -o /Users/buddhirajgautam/Library/Developer/Xcode/DerivedData/Telegram-Mac-fygdgghdgmuleoelvxabfmqiotta/Build/Intermediates.noindex/Svg.build/Debug/Svg-t.build/Objects-normal/arm64/nanosvg.o -index-unit-output-path /Svg.build/Debug/Svg-t.build/Objects-normal/arm64/nanosvg.o

SwiftDriverJobDiscovery normal arm64 Compiling Signal.swift, Signal_Catch.swift, Signal_Combine.swift (in target 'SwiftSignalKit' from project 'SSignalKit')

SwiftDriver\ Compilation SwiftSignalKit normal arm64 com.apple.xcode.tools.swift.compiler (in target 'SwiftSignalKit' from project 'SSignalKit')
    cd /Users/buddhirajgautam/Documents/Cherrygram-Mac/macOS-Swift
    builtin-Swift-Compilation -- /Applications/Xcode.app/Contents/Developer/Toolchains/XcodeDefault.xctoolchain/usr/bin/swiftc -parse-as-library -module-name SwiftSignalKit -Onone @/Users/buddhirajgautam/Library/Developer/Xcode/DerivedData/Telegram-Mac-fygdgghdgmuleoelvxabfmqiotta/Build/Intermediates.noindex/SSignalKit.build/Debug/SwiftSignalKit-t.build/Objects-normal/arm64/SwiftSignalKit.SwiftFileList -DSWIFT_PACKAGE -DDEBUG -DSWIFT_MODULE_RESOURCE_BUNDLE_UNAVAILABLE -DXcode -plugin-path /Applications/Xcode.app/Contents/Developer/Toolchains/XcodeDefault.xctoolchain/usr/lib/swift/host/plugins/testing -enable-experimental-feature DebugDescriptionMacro -sdk /Applications/Xcode.app/Contents/Developer/Platforms/MacOSX.platform/Developer/SDKs/MacOSX27.0.sdk -target arm64-apple-macos12.0 -g -module-cache-path /Users/buddhirajgautam/Library/Developer/Xcode/DerivedData/ModuleCache.noindex -Xfrontend -serialize-debugging-options -profile-coverage-mapping -profile-generate -enable-testing -index-store-path /Users/buddhirajgautam/Library/Developer/Xcode/DerivedData/Telegram-Mac-fygdgghdgmuleoelvxabfmqiotta/Index.noindex/DataStore -Xcc -D_LIBCPP_HARDENING_MODE\=_LIBCPP_HARDENING_MODE_DEBUG -swift-version 5 -I /Users/buddhirajgautam/Library/Developer/Xcode/DerivedData/Telegram-Mac-fygdgghdgmuleoelvxabfmqiotta/Build/Products/Debug -Isystem /Applications/Xcode.app/Contents/Developer/Platforms/MacOSX.platform/Developer/usr/lib -F /Users/buddhirajgautam/Library/Developer/Xcode/DerivedData/Telegram-Mac-fygdgghdgmuleoelvxabfmqiotta/Build/Products/Debug -F /Applications/Xcode.app/Contents/Developer/Platforms/MacOSX.platform/Developer/Library/Frameworks -c -j8 -enable-batch-mode -incremental -Xcc -ivfsstatcache -Xcc /Users/buddhirajgautam/Library/Developer/Xcode/DerivedData/SDKStatCaches.noindex/macosx27.0-26A425-e829b21a6f8c9b70876ba0858053c0447231f6df4def33e022ae2eb8f782df1a.sdkstatcache -output-file-map /Users/buddhirajgautam/Library/Developer/Xcode/DerivedData/Telegram-Mac-fygdgghdgmuleoelvxabfmqiotta/Build/Intermediates.noindex/SSignalKit.build/Debug/SwiftSignalKit-t.build/Objects-normal/arm64/SwiftSignalKit-OutputFileMap.json -save-temps -no-color-diagnostics -explicit-module-build -module-cache-path /Users/buddhirajgautam/Library/Developer/Xcode/DerivedData/Telegram-Mac-fygdgghdgmuleoelvxabfmqiotta/Build/Intermediates.noindex/SwiftExplicitPrecompiledModules -clang-scanner-module-cache-path /Users/buddhirajgautam/Library/Developer/Xcode/DerivedData/ModuleCache.noindex -sdk-module-cache-path /Users/buddhirajgautam/Library/Developer/Xcode/DerivedData/SDKExplicitPrecompiledModules -emit-dependencies -emit-module -emit-module-path /Users/buddhirajgautam/Library/Developer/Xcode/DerivedData/Telegram-Mac-fygdgghdgmuleoelvxabfmqiotta/Build/Intermediates.noindex/SSignalKit.build/Debug/SwiftSignalKit-t.build/Objects-normal/arm64/SwiftSignalKit.swiftmodule -serialize-diagnostics -dependency-scan-serialize-diagnostics-path /Users/buddhirajgautam/Library/Developer/Xcode/DerivedData/Telegram-Mac-fygdgghdgmuleoelvxabfmqiotta/Build/Intermediates.noindex/SSignalKit.build/Debug/SwiftSignalKit-t.build/Objects-normal/arm64/SwiftSignalKit-dependency-scan.dia -validate-clang-modules-once -clang-build-session-file /Users/buddhirajgautam/Library/Developer/Xcode/DerivedData/ModuleCache.noindex/Session.modulevalidation -Xcc -fmodules-prune-interval\=86400 -Xcc -fmodules-prune-after\=345600 -emit-const-values -const-gather-protocols-list /Users/buddhirajgautam/Library/Developer/Xcode/DerivedData/Telegram-Mac-fygdgghdgmuleoelvxabfmqiotta/Build/Intermediates.noindex/SSignalKit.build/Debug/SwiftSignalKit-t.build/Objects-normal/arm64/SwiftSignalKit_const_extract_protocols.json -Xcc -I/Users/buddhirajgautam/Library/Developer/Xcode/DerivedData/Telegram-Mac-fygdgghdgmuleoelvxabfmqiotta/Build/Products/Debug/include -Xcc -I/Users/buddhirajgautam/Library/Developer/Xcode/DerivedData/Telegram-Mac-fygdgghdgmuleoelvxabfmqiotta/Build/Intermediates.noindex/SSignalKit.build/Debug/SwiftSignalKit-t.build/DerivedSources-normal/arm64 -Xcc -I/Users/buddhirajgautam/Library/Developer/Xcode/DerivedData/Telegram-Mac-fygdgghdgmuleoelvxabfmqiotta/Build/Intermediates.noindex/SSignalKit.build/Debug/SwiftSignalKit-t.build/DerivedSources/arm64 -Xcc -I/Users/buddhirajgautam/Library/Developer/Xcode/DerivedData/Telegram-Mac-fygdgghdgmuleoelvxabfmqiotta/Build/Intermediates.noindex/SSignalKit.build/Debug/SwiftSignalKit-t.build/DerivedSources -Xcc -DSWIFT_PACKAGE -Xcc -DDEBUG\=1 -emit-objc-header -emit-objc-header-path /Users/buddhirajgautam/Library/Developer/Xcode/DerivedData/Telegram-Mac-fygdgghdgmuleoelvxabfmqiotta/Build/Intermediates.noindex/SSignalKit.build/Debug/SwiftSignalKit-t.build/Objects-normal/arm64/SwiftSignalKit-Swift.h -working-directory /Users/buddhirajgautam/Documents/Cherrygram-Mac/macOS-Swift -experimental-emit-module-separately -disable-cmo

ScanDependencies /Users/buddhirajgautam/Library/Developer/Xcode/DerivedData/Telegram-Mac-fygdgghdgmuleoelvxabfmqiotta/Build/Intermediates.noindex/Stripe.build/Debug/Stripe-t.build/Objects-normal/arm64/STPPostalCodeValidator.o /Users/buddhirajgautam/Documents/Cherrygram-Mac/macOS-Swift/submodules/Stripe/Sources/STPPostalCodeValidator.m normal arm64 objective-c com.apple.compilers.llvm.clang.1_0.compiler (in target 'Stripe' from project 'Stripe')
    cd /Users/buddhirajgautam/Documents/Cherrygram-Mac/macOS-Swift
    
    Using response file: /Users/buddhirajgautam/Library/Developer/Xcode/DerivedData/Telegram-Mac-fygdgghdgmuleoelvxabfmqiotta/Build/Intermediates.noindex/Stripe.build/Debug/Stripe-t.build/Objects-normal/arm64/e6072d4f65d7061329687fe24e3d63a7-common-args.resp
    
    builtin-ScanDependencies -o /Users/buddhirajgautam/Library/Developer/Xcode/DerivedData/Telegram-Mac-fygdgghdgmuleoelvxabfmqiotta/Build/Intermediates.noindex/Stripe.build/Debug/Stripe-t.build/Objects-normal/arm64/STPPostalCodeValidator.o.scan -- /Applications/Xcode.app/Contents/Developer/Toolchains/XcodeDefault.xctoolchain/usr/bin/clang -x objective-c -ivfsstatcache /Users/buddhirajgautam/Library/Developer/Xcode/DerivedData/SDKStatCaches.noindex/macosx27.0-26A425-e829b21a6f8c9b70876ba0858053c0447231f6df4def33e022ae2eb8f782df1a.sdkstatcache -target arm64-apple-macos12.0 -fmessage-length\=0 -fdiagnostics-show-note-include-stack -fmacro-backtrace-limit\=0 -fno-color-diagnostics -fmodules-prune-interval\=86400 -fmodules-prune-after\=345600 -fbuild-session-file\=/Users/buddhirajgautam/Library/Developer/Xcode/DerivedData/ModuleCache.noindex/Session.modulevalidation -fmodules-validate-once-per-build-session -Wnon-modular-include-in-framework-module -Werror\=non-modular-include-in-framework-module -Wno-trigraphs -Wno-missing-field-initializers -Wno-missing-prototypes -Wno-return-type -Wno-implicit-atomic-properties -Wno-objc-interface-ivars -Wno-arc-repeated-use-of-weak -Wno-missing-braces -Wparentheses -Wswitch -Wno-unused-function -Wno-unused-label -Wno-unused-parameter -Wno-unused-variable -Wunused-value -Wno-empty-body -Wno-uninitialized -Wno-unknown-pragmas -Wno-shadow -Wno-four-char-constants -Wno-conversion -Wno-constant-conversion -Wno-int-conversion -Wno-bool-conversion -Wno-enum-conversion -Wno-float-conversion -Wno-non-literal-null-conversion -Wno-objc-literal-conversion -Wshorten-64-to-32 -Wpointer-sign -Wno-newline-eof -Wno-selector -Wno-strict-selector-match -Wno-undeclared-selector -Wno-deprecated-implementations -Wno-implicit-fallthrough -isysroot /Applications/Xcode.app/Contents/Developer/Platforms/MacOSX.platform/Developer/SDKs/MacOSX27.0.sdk -fstrict-aliasing -Wprotocol -Wdeprecated-declarations -Wno-sign-conversion -Wno-infinite-recursion -Wno-comma -Wno-block-capture-autoreleasing -Wno-strict-prototypes -Wno-semicolon-before-method-body -index-store-path /Users/buddhirajgautam/Library/Developer/Xcode/DerivedData/Telegram-Mac-fygdgghdgmuleoelvxabfmqiotta/Index.noindex/DataStore @/Users/buddhirajgautam/Library/Developer/Xcode/DerivedData/Telegram-Mac-fygdgghdgmuleoelvxabfmqiotta/Build/Intermediates.noindex/Stripe.build/Debug/Stripe-t.build/Objects-normal/arm64/e6072d4f65d7061329687fe24e3d63a7-common-args.resp -MMD -MT dependencies -MF /Users/buddhirajgautam/Library/Developer/Xcode/DerivedData/Telegram-Mac-fygdgghdgmuleoelvxabfmqiotta/Build/Intermediates.noindex/Stripe.build/Debug/Stripe-t.build/Objects-normal/arm64/STPPostalCodeValidator.d --serialize-diagnostics /Users/buddhirajgautam/Library/Developer/Xcode/DerivedData/Telegram-Mac-fygdgghdgmuleoelvxabfmqiotta/Build/Intermediates.noindex/Stripe.build/Debug/Stripe-t.build/Objects-normal/arm64/STPPostalCodeValidator.dia -c /Users/buddhirajgautam/Documents/Cherrygram-Mac/macOS-Swift/submodules/Stripe/Sources/STPPostalCodeValidator.m -o /Users/buddhirajgautam/Library/Developer/Xcode/DerivedData/Telegram-Mac-fygdgghdgmuleoelvxabfmqiotta/Build/Intermediates.noindex/Stripe.build/Debug/Stripe-t.build/Objects-normal/arm64/STPPostalCodeValidator.o -index-unit-output-path /Stripe.build/Debug/Stripe-t.build/Objects-normal/arm64/STPPostalCodeValidator.o

ScanDependencies /Users/buddhirajgautam/Library/Developer/Xcode/DerivedData/Telegram-Mac-fygdgghdgmuleoelvxabfmqiotta/Build/Intermediates.noindex/Stripe.build/Debug/Stripe-t.build/Objects-normal/arm64/STPPhoneNumberValidator.o /Users/buddhirajgautam/Documents/Cherrygram-Mac/macOS-Swift/submodules/Stripe/Sources/STPPhoneNumberValidator.m normal arm64 objective-c com.apple.compilers.llvm.clang.1_0.compiler (in target 'Stripe' from project 'Stripe')
    cd /Users/buddhirajgautam/Documents/Cherrygram-Mac/macOS-Swift
    
    Using response file: /Users/buddhirajgautam/Library/Developer/Xcode/DerivedData/Telegram-Mac-fygdgghdgmuleoelvxabfmqiotta/Build/Intermediates.noindex/Stripe.build/Debug/Stripe-t.build/Objects-normal/arm64/e6072d4f65d7061329687fe24e3d63a7-common-args.resp
    
    builtin-ScanDependencies -o /Users/buddhirajgautam/Library/Developer/Xcode/DerivedData/Telegram-Mac-fygdgghdgmuleoelvxabfmqiotta/Build/Intermediates.noindex/Stripe.build/Debug/Stripe-t.build/Objects-normal/arm64/STPPhoneNumberValidator.o.scan -- /Applications/Xcode.app/Contents/Developer/Toolchains/XcodeDefault.xctoolchain/usr/bin/clang -x objective-c -ivfsstatcache /Users/buddhirajgautam/Library/Developer/Xcode/DerivedData/SDKStatCaches.noindex/macosx27.0-26A425-e829b21a6f8c9b70876ba0858053c0447231f6df4def33e022ae2eb8f782df1a.sdkstatcache -target arm64-apple-macos12.0 -fmessage-length\=0 -fdiagnostics-show-note-include-stack -fmacro-backtrace-limit\=0 -fno-color-diagnostics -fmodules-prune-interval\=86400 -fmodules-prune-after\=345600 -fbuild-session-file\=/Users/buddhirajgautam/Library/Developer/Xcode/DerivedData/ModuleCache.noindex/Session.modulevalidation -fmodules-validate-once-per-build-session -Wnon-modular-include-in-framework-module -Werror\=non-modular-include-in-framework-module -Wno-trigraphs -Wno-missing-field-initializers -Wno-missing-prototypes -Wno-return-type -Wno-implicit-atomic-properties -Wno-objc-interface-ivars -Wno-arc-repeated-use-of-weak -Wno-missing-braces -Wparentheses -Wswitch -Wno-unused-function -Wno-unused-label -Wno-unused-parameter -Wno-unused-variable -Wunused-value -Wno-empty-body -Wno-uninitialized -Wno-unknown-pragmas -Wno-shadow -Wno-four-char-constants -Wno-conversion -Wno-constant-conversion -Wno-int-conversion -Wno-bool-conversion -Wno-enum-conversion -Wno-float-conversion -Wno-non-literal-null-conversion -Wno-objc-literal-conversion -Wshorten-64-to-32 -Wpointer-sign -Wno-newline-eof -Wno-selector -Wno-strict-selector-match -Wno-undeclared-selector -Wno-deprecated-implementations -Wno-implicit-fallthrough -isysroot /Applications/Xcode.app/Contents/Developer/Platforms/MacOSX.platform/Developer/SDKs/MacOSX27.0.sdk -fstrict-aliasing -Wprotocol -Wdeprecated-declarations -Wno-sign-conversion -Wno-infinite-recursion -Wno-comma -Wno-block-capture-autoreleasing -Wno-strict-prototypes -Wno-semicolon-before-method-body -index-store-path /Users/buddhirajgautam/Library/Developer/Xcode/DerivedData/Telegram-Mac-fygdgghdgmuleoelvxabfmqiotta/Index.noindex/DataStore @/Users/buddhirajgautam/Library/Developer/Xcode/DerivedData/Telegram-Mac-fygdgghdgmuleoelvxabfmqiotta/Build/Intermediates.noindex/Stripe.build/Debug/Stripe-t.build/Objects-normal/arm64/e6072d4f65d7061329687fe24e3d63a7-common-args.resp -MMD -MT dependencies -MF /Users/buddhirajgautam/Library/Developer/Xcode/DerivedData/Telegram-Mac-fygdgghdgmuleoelvxabfmqiotta/Build/Intermediates.noindex/Stripe.build/Debug/Stripe-t.build/Objects-normal/arm64/STPPhoneNumberValidator.d --serialize-diagnostics /Users/buddhirajgautam/Library/Developer/Xcode/DerivedData/Telegram-Mac-fygdgghdgmuleoelvxabfmqiotta/Build/Intermediates.noindex/Stripe.build/Debug/Stripe-t.build/Objects-normal/arm64/STPPhoneNumberValidator.dia -c /Users/buddhirajgautam/Documents/Cherrygram-Mac/macOS-Swift/submodules/Stripe/Sources/STPPhoneNumberValidator.m -o /Users/buddhirajgautam/Library/Developer/Xcode/DerivedData/Telegram-Mac-fygdgghdgmuleoelvxabfmqiotta/Build/Intermediates.noindex/Stripe.build/Debug/Stripe-t.build/Objects-normal/arm64/STPPhoneNumberValidator.o -index-unit-output-path /Stripe.build/Debug/Stripe-t.build/Objects-normal/arm64/STPPhoneNumberValidator.o

CompileC /Users/buddhirajgautam/Library/Developer/Xcode/DerivedData/Telegram-Mac-fygdgghdgmuleoelvxabfmqiotta/Build/Intermediates.noindex/Stripe.build/Debug/Stripe-t.build/Objects-normal/arm64/StripeError.o /Users/buddhirajgautam/Documents/Cherrygram-Mac/macOS-Swift/submodules/Stripe/Sources/StripeError.m normal arm64 objective-c com.apple.compilers.llvm.clang.1_0.compiler (in target 'Stripe' from project 'Stripe')
    cd /Users/buddhirajgautam/Documents/Cherrygram-Mac/macOS-Swift
    
    Using response file: /Users/buddhirajgautam/Library/Developer/Xcode/DerivedData/Telegram-Mac-fygdgghdgmuleoelvxabfmqiotta/Build/Intermediates.noindex/Stripe.build/Debug/Stripe-t.build/Objects-normal/arm64/e6072d4f65d7061329687fe24e3d63a7-common-args.resp
    
    /Applications/Xcode.app/Contents/Developer/Toolchains/XcodeDefault.xctoolchain/usr/bin/clang -x objective-c -ivfsstatcache /Users/buddhirajgautam/Library/Developer/Xcode/DerivedData/SDKStatCaches.noindex/macosx27.0-26A425-e829b21a6f8c9b70876ba0858053c0447231f6df4def33e022ae2eb8f782df1a.sdkstatcache -target arm64-apple-macos12.0 -fmessage-length\=0 -fdiagnostics-show-note-include-stack -fmacro-backtrace-limit\=0 -fno-color-diagnostics -fmodules-prune-interval\=86400 -fmodules-prune-after\=345600 -fbuild-session-file\=/Users/buddhirajgautam/Library/Developer/Xcode/DerivedData/ModuleCache.noindex/Session.modulevalidation -fmodules-validate-once-per-build-session -Wnon-modular-include-in-framework-module -Werror\=non-modular-include-in-framework-module -Wno-trigraphs -Wno-missing-field-initializers -Wno-missing-prototypes -Wno-return-type -Wno-implicit-atomic-properties -Wno-objc-interface-ivars -Wno-arc-repeated-use-of-weak -Wno-missing-braces -Wparentheses -Wswitch -Wno-unused-function -Wno-unused-label -Wno-unused-parameter -Wno-unused-variable -Wunused-value -Wno-empty-body -Wno-uninitialized -Wno-unknown-pragmas -Wno-shadow -Wno-four-char-constants -Wno-conversion -Wno-constant-conversion -Wno-int-conversion -Wno-bool-conversion -Wno-enum-conversion -Wno-float-conversion -Wno-non-literal-null-conversion -Wno-objc-literal-conversion -Wshorten-64-to-32 -Wpointer-sign -Wno-newline-eof -Wno-selector -Wno-strict-selector-match -Wno-undeclared-selector -Wno-deprecated-implementations -Wno-implicit-fallthrough -isysroot /Applications/Xcode.app/Contents/Developer/Platforms/MacOSX.platform/Developer/SDKs/MacOSX27.0.sdk -fstrict-aliasing -Wprotocol -Wdeprecated-declarations -Wno-sign-conversion -Wno-infinite-recursion -Wno-comma -Wno-block-capture-autoreleasing -Wno-strict-prototypes -Wno-semicolon-before-method-body -index-store-path /Users/buddhirajgautam/Library/Developer/Xcode/DerivedData/Telegram-Mac-fygdgghdgmuleoelvxabfmqiotta/Index.noindex/DataStore @/Users/buddhirajgautam/Library/Developer/Xcode/DerivedData/Telegram-Mac-fygdgghdgmuleoelvxabfmqiotta/Build/Intermediates.noindex/Stripe.build/Debug/Stripe-t.build/Objects-normal/arm64/e6072d4f65d7061329687fe24e3d63a7-common-args.resp -MMD -MT dependencies -MF /Users/buddhirajgautam/Library/Developer/Xcode/DerivedData/Telegram-Mac-fygdgghdgmuleoelvxabfmqiotta/Build/Intermediates.noindex/Stripe.build/Debug/Stripe-t.build/Objects-normal/arm64/StripeError.d --serialize-diagnostics /Users/buddhirajgautam/Library/Developer/Xcode/DerivedData/Telegram-Mac-fygdgghdgmuleoelvxabfmqiotta/Build/Intermediates.noindex/Stripe.build/Debug/Stripe-t.build/Objects-normal/arm64/StripeError.dia -c /Users/buddhirajgautam/Documents/Cherrygram-Mac/macOS-Swift/submodules/Stripe/Sources/StripeError.m -o /Users/buddhirajgautam/Library/Developer/Xcode/DerivedData/Telegram-Mac-fygdgghdgmuleoelvxabfmqiotta/Build/Intermediates.noindex/Stripe.build/Debug/Stripe-t.build/Objects-normal/arm64/StripeError.o -index-unit-output-path /Stripe.build/Debug/Stripe-t.build/Objects-normal/arm64/StripeError.o

CompileC /Users/buddhirajgautam/Library/Developer/Xcode/DerivedData/Telegram-Mac-fygdgghdgmuleoelvxabfmqiotta/Build/Intermediates.noindex/Stripe.build/Debug/Stripe-t.build/Objects-normal/arm64/STPPostalCodeValidator.o /Users/buddhirajgautam/Documents/Cherrygram-Mac/macOS-Swift/submodules/Stripe/Sources/STPPostalCodeValidator.m normal arm64 objective-c com.apple.compilers.llvm.clang.1_0.compiler (in target 'Stripe' from project 'Stripe')
    cd /Users/buddhirajgautam/Documents/Cherrygram-Mac/macOS-Swift
    
    Using response file: /Users/buddhirajgautam/Library/Developer/Xcode/DerivedData/Telegram-Mac-fygdgghdgmuleoelvxabfmqiotta/Build/Intermediates.noindex/Stripe.build/Debug/Stripe-t.build/Objects-normal/arm64/e6072d4f65d7061329687fe24e3d63a7-common-args.resp
    
    /Applications/Xcode.app/Contents/Developer/Toolchains/XcodeDefault.xctoolchain/usr/bin/clang -x objective-c -ivfsstatcache /Users/buddhirajgautam/Library/Developer/Xcode/DerivedData/SDKStatCaches.noindex/macosx27.0-26A425-e829b21a6f8c9b70876ba0858053c0447231f6df4def33e022ae2eb8f782df1a.sdkstatcache -target arm64-apple-macos12.0 -fmessage-length\=0 -fdiagnostics-show-note-include-stack -fmacro-backtrace-limit\=0 -fno-color-diagnostics -fmodules-prune-interval\=86400 -fmodules-prune-after\=345600 -fbuild-session-file\=/Users/buddhirajgautam/Library/Developer/Xcode/DerivedData/ModuleCache.noindex/Session.modulevalidation -fmodules-validate-once-per-build-session -Wnon-modular-include-in-framework-module -Werror\=non-modular-include-in-framework-module -Wno-trigraphs -Wno-missing-field-initializers -Wno-missing-prototypes -Wno-return-type -Wno-implicit-atomic-properties -Wno-objc-interface-ivars -Wno-arc-repeated-use-of-weak -Wno-missing-braces -Wparentheses -Wswitch -Wno-unused-function -Wno-unused-label -Wno-unused-parameter -Wno-unused-variable -Wunused-value -Wno-empty-body -Wno-uninitialized -Wno-unknown-pragmas -Wno-shadow -Wno-four-char-constants -Wno-conversion -Wno-constant-conversion -Wno-int-conversion -Wno-bool-conversion -Wno-enum-conversion -Wno-float-conversion -Wno-non-literal-null-conversion -Wno-objc-literal-conversion -Wshorten-64-to-32 -Wpointer-sign -Wno-newline-eof -Wno-selector -Wno-strict-selector-match -Wno-undeclared-selector -Wno-deprecated-implementations -Wno-implicit-fallthrough -isysroot /Applications/Xcode.app/Contents/Developer/Platforms/MacOSX.platform/Developer/SDKs/MacOSX27.0.sdk -fstrict-aliasing -Wprotocol -Wdeprecated-declarations -Wno-sign-conversion -Wno-infinite-recursion -Wno-comma -Wno-block-capture-autoreleasing -Wno-strict-prototypes -Wno-semicolon-before-method-body -index-store-path /Users/buddhirajgautam/Library/Developer/Xcode/DerivedData/Telegram-Mac-fygdgghdgmuleoelvxabfmqiotta/Index.noindex/DataStore @/Users/buddhirajgautam/Library/Developer/Xcode/DerivedData/Telegram-Mac-fygdgghdgmuleoelvxabfmqiotta/Build/Intermediates.noindex/Stripe.build/Debug/Stripe-t.build/Objects-normal/arm64/e6072d4f65d7061329687fe24e3d63a7-common-args.resp -MMD -MT dependencies -MF /Users/buddhirajgautam/Library/Developer/Xcode/DerivedData/Telegram-Mac-fygdgghdgmuleoelvxabfmqiotta/Build/Intermediates.noindex/Stripe.build/Debug/Stripe-t.build/Objects-normal/arm64/STPPostalCodeValidator.d --serialize-diagnostics /Users/buddhirajgautam/Library/Developer/Xcode/DerivedData/Telegram-Mac-fygdgghdgmuleoelvxabfmqiotta/Build/Intermediates.noindex/Stripe.build/Debug/Stripe-t.build/Objects-normal/arm64/STPPostalCodeValidator.dia -c /Users/buddhirajgautam/Documents/Cherrygram-Mac/macOS-Swift/submodules/Stripe/Sources/STPPostalCodeValidator.m -o /Users/buddhirajgautam/Library/Developer/Xcode/DerivedData/Telegram-Mac-fygdgghdgmuleoelvxabfmqiotta/Build/Intermediates.noindex/Stripe.build/Debug/Stripe-t.build/Objects-normal/arm64/STPPostalCodeValidator.o -index-unit-output-path /Stripe.build/Debug/Stripe-t.build/Objects-normal/arm64/STPPostalCodeValidator.o

CompileC /Users/buddhirajgautam/Library/Developer/Xcode/DerivedData/Telegram-Mac-fygdgghdgmuleoelvxabfmqiotta/Build/Intermediates.noindex/Stripe.build/Debug/Stripe-t.build/Objects-normal/arm64/STPPhoneNumberValidator.o /Users/buddhirajgautam/Documents/Cherrygram-Mac/macOS-Swift/submodules/Stripe/Sources/STPPhoneNumberValidator.m normal arm64 objective-c com.apple.compilers.llvm.clang.1_0.compiler (in target 'Stripe' from project 'Stripe')
    cd /Users/buddhirajgautam/Documents/Cherrygram-Mac/macOS-Swift
    
    Using response file: /Users/buddhirajgautam/Library/Developer/Xcode/DerivedData/Telegram-Mac-fygdgghdgmuleoelvxabfmqiotta/Build/Intermediates.noindex/Stripe.build/Debug/Stripe-t.build/Objects-normal/arm64/e6072d4f65d7061329687fe24e3d63a7-common-args.resp
    
    /Applications/Xcode.app/Contents/Developer/Toolchains/XcodeDefault.xctoolchain/usr/bin/clang -x objective-c -ivfsstatcache /Users/buddhirajgautam/Library/Developer/Xcode/DerivedData/SDKStatCaches.noindex/macosx27.0-26A425-e829b21a6f8c9b70876ba0858053c0447231f6df4def33e022ae2eb8f782df1a.sdkstatcache -target arm64-apple-macos12.0 -fmessage-length\=0 -fdiagnostics-show-note-include-stack -fmacro-backtrace-limit\=0 -fno-color-diagnostics -fmodules-prune-interval\=86400 -fmodules-prune-after\=345600 -fbuild-session-file\=/Users/buddhirajgautam/Library/Developer/Xcode/DerivedData/ModuleCache.noindex/Session.modulevalidation -fmodules-validate-once-per-build-session -Wnon-modular-include-in-framework-module -Werror\=non-modular-include-in-framework-module -Wno-trigraphs -Wno-missing-field-initializers -Wno-missing-prototypes -Wno-return-type -Wno-implicit-atomic-properties -Wno-objc-interface-ivars -Wno-arc-repeated-use-of-weak -Wno-missing-braces -Wparentheses -Wswitch -Wno-unused-function -Wno-unused-label -Wno-unused-parameter -Wno-unused-variable -Wunused-value -Wno-empty-body -Wno-uninitialized -Wno-unknown-pragmas -Wno-shadow -Wno-four-char-constants -Wno-conversion -Wno-constant-conversion -Wno-int-conversion -Wno-bool-conversion -Wno-enum-conversion -Wno-float-conversion -Wno-non-literal-null-conversion -Wno-objc-literal-conversion -Wshorten-64-to-32 -Wpointer-sign -Wno-newline-eof -Wno-selector -Wno-strict-selector-match -Wno-undeclared-selector -Wno-deprecated-implementations -Wno-implicit-fallthrough -isysroot /Applications/Xcode.app/Contents/Developer/Platforms/MacOSX.platform/Developer/SDKs/MacOSX27.0.sdk -fstrict-aliasing -Wprotocol -Wdeprecated-declarations -Wno-sign-conversion -Wno-infinite-recursion -Wno-comma -Wno-block-capture-autoreleasing -Wno-strict-prototypes -Wno-semicolon-before-method-body -index-store-path /Users/buddhirajgautam/Library/Developer/Xcode/DerivedData/Telegram-Mac-fygdgghdgmuleoelvxabfmqiotta/Index.noindex/DataStore @/Users/buddhirajgautam/Library/Developer/Xcode/DerivedData/Telegram-Mac-fygdgghdgmuleoelvxabfmqiotta/Build/Intermediates.noindex/Stripe.build/Debug/Stripe-t.build/Objects-normal/arm64/e6072d4f65d7061329687fe24e3d63a7-common-args.resp -MMD -MT dependencies -MF /Users/buddhirajgautam/Library/Developer/Xcode/DerivedData/Telegram-Mac-fygdgghdgmuleoelvxabfmqiotta/Build/Intermediates.noindex/Stripe.build/Debug/Stripe-t.build/Objects-normal/arm64/STPPhoneNumberValidator.d --serialize-diagnostics /Users/buddhirajgautam/Library/Developer/Xcode/DerivedData/Telegram-Mac-fygdgghdgmuleoelvxabfmqiotta/Build/Intermediates.noindex/Stripe.build/Debug/Stripe-t.build/Objects-normal/arm64/STPPhoneNumberValidator.dia -c /Users/buddhirajgautam/Documents/Cherrygram-Mac/macOS-Swift/submodules/Stripe/Sources/STPPhoneNumberValidator.m -o /Users/buddhirajgautam/Library/Developer/Xcode/DerivedData/Telegram-Mac-fygdgghdgmuleoelvxabfmqiotta/Build/Intermediates.noindex/Stripe.build/Debug/Stripe-t.build/Objects-normal/arm64/STPPhoneNumberValidator.o -index-unit-output-path /Stripe.build/Debug/Stripe-t.build/Objects-normal/arm64/STPPhoneNumberValidator.o

ScanDependencies /Users/buddhirajgautam/Library/Developer/Xcode/DerivedData/Telegram-Mac-fygdgghdgmuleoelvxabfmqiotta/Build/Intermediates.noindex/Stripe.build/Debug/Stripe-t.build/Objects-normal/arm64/STPPaymentConfiguration.o /Users/buddhirajgautam/Documents/Cherrygram-Mac/macOS-Swift/submodules/Stripe/Sources/STPPaymentConfiguration.m normal arm64 objective-c com.apple.compilers.llvm.clang.1_0.compiler (in target 'Stripe' from project 'Stripe')
    cd /Users/buddhirajgautam/Documents/Cherrygram-Mac/macOS-Swift
    
    Using response file: /Users/buddhirajgautam/Library/Developer/Xcode/DerivedData/Telegram-Mac-fygdgghdgmuleoelvxabfmqiotta/Build/Intermediates.noindex/Stripe.build/Debug/Stripe-t.build/Objects-normal/arm64/e6072d4f65d7061329687fe24e3d63a7-common-args.resp
    
    builtin-ScanDependencies -o /Users/buddhirajgautam/Library/Developer/Xcode/DerivedData/Telegram-Mac-fygdgghdgmuleoelvxabfmqiotta/Build/Intermediates.noindex/Stripe.build/Debug/Stripe-t.build/Objects-normal/arm64/STPPaymentConfiguration.o.scan -- /Applications/Xcode.app/Contents/Developer/Toolchains/XcodeDefault.xctoolchain/usr/bin/clang -x objective-c -ivfsstatcache /Users/buddhirajgautam/Library/Developer/Xcode/DerivedData/SDKStatCaches.noindex/macosx27.0-26A425-e829b21a6f8c9b70876ba0858053c0447231f6df4def33e022ae2eb8f782df1a.sdkstatcache -target arm64-apple-macos12.0 -fmessage-length\=0 -fdiagnostics-show-note-include-stack -fmacro-backtrace-limit\=0 -fno-color-diagnostics -fmodules-prune-interval\=86400 -fmodules-prune-after\=345600 -fbuild-session-file\=/Users/buddhirajgautam/Library/Developer/Xcode/DerivedData/ModuleCache.noindex/Session.modulevalidation -fmodules-validate-once-per-build-session -Wnon-modular-include-in-framework-module -Werror\=non-modular-include-in-framework-module -Wno-trigraphs -Wno-missing-field-initializers -Wno-missing-prototypes -Wno-return-type -Wno-implicit-atomic-properties -Wno-objc-interface-ivars -Wno-arc-repeated-use-of-weak -Wno-missing-braces -Wparentheses -Wswitch -Wno-unused-function -Wno-unused-label -Wno-unused-parameter -Wno-unused-variable -Wunused-value -Wno-empty-body -Wno-uninitialized -Wno-unknown-pragmas -Wno-shadow -Wno-four-char-constants -Wno-conversion -Wno-constant-conversion -Wno-int-conversion -Wno-bool-conversion -Wno-enum-conversion -Wno-float-conversion -Wno-non-literal-null-conversion -Wno-objc-literal-conversion -Wshorten-64-to-32 -Wpointer-sign -Wno-newline-eof -Wno-selector -Wno-strict-selector-match -Wno-undeclared-selector -Wno-deprecated-implementations -Wno-implicit-fallthrough -isysroot /Applications/Xcode.app/Contents/Developer/Platforms/MacOSX.platform/Developer/SDKs/MacOSX27.0.sdk -fstrict-aliasing -Wprotocol -Wdeprecated-declarations -Wno-sign-conversion -Wno-infinite-recursion -Wno-comma -Wno-block-capture-autoreleasing -Wno-strict-prototypes -Wno-semicolon-before-method-body -index-store-path /Users/buddhirajgautam/Library/Developer/Xcode/DerivedData/Telegram-Mac-fygdgghdgmuleoelvxabfmqiotta/Index.noindex/DataStore @/Users/buddhirajgautam/Library/Developer/Xcode/DerivedData/Telegram-Mac-fygdgghdgmuleoelvxabfmqiotta/Build/Intermediates.noindex/Stripe.build/Debug/Stripe-t.build/Objects-normal/arm64/e6072d4f65d7061329687fe24e3d63a7-common-args.resp -MMD -MT dependencies -MF /Users/buddhirajgautam/Library/Developer/Xcode/DerivedData/Telegram-Mac-fygdgghdgmuleoelvxabfmqiotta/Build/Intermediates.noindex/Stripe.build/Debug/Stripe-t.build/Objects-normal/arm64/STPPaymentConfiguration.d --serialize-diagnostics /Users/buddhirajgautam/Library/Developer/Xcode/DerivedData/Telegram-Mac-fygdgghdgmuleoelvxabfmqiotta/Build/Intermediates.noindex/Stripe.build/Debug/Stripe-t.build/Objects-normal/arm64/STPPaymentConfiguration.dia -c /Users/buddhirajgautam/Documents/Cherrygram-Mac/macOS-Swift/submodules/Stripe/Sources/STPPaymentConfiguration.m -o /Users/buddhirajgautam/Library/Developer/Xcode/DerivedData/Telegram-Mac-fygdgghdgmuleoelvxabfmqiotta/Build/Intermediates.noindex/Stripe.build/Debug/Stripe-t.build/Objects-normal/arm64/STPPaymentConfiguration.o -index-unit-output-path /Stripe.build/Debug/Stripe-t.build/Objects-normal/arm64/STPPaymentConfiguration.o

ScanDependencies /Users/buddhirajgautam/Library/Developer/Xcode/DerivedData/Telegram-Mac-fygdgghdgmuleoelvxabfmqiotta/Build/Intermediates.noindex/Stripe.build/Debug/Stripe-t.build/Objects-normal/arm64/STPPaymentCardTextFieldViewModel.o /Users/buddhirajgautam/Documents/Cherrygram-Mac/macOS-Swift/submodules/Stripe/Sources/STPPaymentCardTextFieldViewModel.m normal arm64 objective-c com.apple.compilers.llvm.clang.1_0.compiler (in target 'Stripe' from project 'Stripe')
    cd /Users/buddhirajgautam/Documents/Cherrygram-Mac/macOS-Swift
    
    Using response file: /Users/buddhirajgautam/Library/Developer/Xcode/DerivedData/Telegram-Mac-fygdgghdgmuleoelvxabfmqiotta/Build/Intermediates.noindex/Stripe.build/Debug/Stripe-t.build/Objects-normal/arm64/e6072d4f65d7061329687fe24e3d63a7-common-args.resp
    
    builtin-ScanDependencies -o /Users/buddhirajgautam/Library/Developer/Xcode/DerivedData/Telegram-Mac-fygdgghdgmuleoelvxabfmqiotta/Build/Intermediates.noindex/Stripe.build/Debug/Stripe-t.build/Objects-normal/arm64/STPPaymentCardTextFieldViewModel.o.scan -- /Applications/Xcode.app/Contents/Developer/Toolchains/XcodeDefault.xctoolchain/usr/bin/clang -x objective-c -ivfsstatcache /Users/buddhirajgautam/Library/Developer/Xcode/DerivedData/SDKStatCaches.noindex/macosx27.0-26A425-e829b21a6f8c9b70876ba0858053c0447231f6df4def33e022ae2eb8f782df1a.sdkstatcache -target arm64-apple-macos12.0 -fmessage-length\=0 -fdiagnostics-show-note-include-stack -fmacro-backtrace-limit\=0 -fno-color-diagnostics -fmodules-prune-interval\=86400 -fmodules-prune-after\=345600 -fbuild-session-file\=/Users/buddhirajgautam/Library/Developer/Xcode/DerivedData/ModuleCache.noindex/Session.modulevalidation -fmodules-validate-once-per-build-session -Wnon-modular-include-in-framework-module -Werror\=non-modular-include-in-framework-module -Wno-trigraphs -Wno-missing-field-initializers -Wno-missing-prototypes -Wno-return-type -Wno-implicit-atomic-properties -Wno-objc-interface-ivars -Wno-arc-repeated-use-of-weak -Wno-missing-braces -Wparentheses -Wswitch -Wno-unused-function -Wno-unused-label -Wno-unused-parameter -Wno-unused-variable -Wunused-value -Wno-empty-body -Wno-uninitialized -Wno-unknown-pragmas -Wno-shadow -Wno-four-char-constants -Wno-conversion -Wno-constant-conversion -Wno-int-conversion -Wno-bool-conversion -Wno-enum-conversion -Wno-float-conversion -Wno-non-literal-null-conversion -Wno-objc-literal-conversion -Wshorten-64-to-32 -Wpointer-sign -Wno-newline-eof -Wno-selector -Wno-strict-selector-match -Wno-undeclared-selector -Wno-deprecated-implementations -Wno-implicit-fallthrough -isysroot /Applications/Xcode.app/Contents/Developer/Platforms/MacOSX.platform/Developer/SDKs/MacOSX27.0.sdk -fstrict-aliasing -Wprotocol -Wdeprecated-declarations -Wno-sign-conversion -Wno-infinite-recursion -Wno-comma -Wno-block-capture-autoreleasing -Wno-strict-prototypes -Wno-semicolon-before-method-body -index-store-path /Users/buddhirajgautam/Library/Developer/Xcode/DerivedData/Telegram-Mac-fygdgghdgmuleoelvxabfmqiotta/Index.noindex/DataStore @/Users/buddhirajgautam/Library/Developer/Xcode/DerivedData/Telegram-Mac-fygdgghdgmuleoelvxabfmqiotta/Build/Intermediates.noindex/Stripe.build/Debug/Stripe-t.build/Objects-normal/arm64/e6072d4f65d7061329687fe24e3d63a7-common-args.resp -MMD -MT dependencies -MF /Users/buddhirajgautam/Library/Developer/Xcode/DerivedData/Telegram-Mac-fygdgghdgmuleoelvxabfmqiotta/Build/Intermediates.noindex/Stripe.build/Debug/Stripe-t.build/Objects-normal/arm64/STPPaymentCardTextFieldViewModel.d --serialize-diagnostics /Users/buddhirajgautam/Library/Developer/Xcode/DerivedData/Telegram-Mac-fygdgghdgmuleoelvxabfmqiotta/Build/Intermediates.noindex/Stripe.build/Debug/Stripe-t.build/Objects-normal/arm64/STPPaymentCardTextFieldViewModel.dia -c /Users/buddhirajgautam/Documents/Cherrygram-Mac/macOS-Swift/submodules/Stripe/Sources/STPPaymentCardTextFieldViewModel.m -o /Users/buddhirajgautam/Library/Developer/Xcode/DerivedData/Telegram-Mac-fygdgghdgmuleoelvxabfmqiotta/Build/Intermediates.noindex/Stripe.build/Debug/Stripe-t.build/Objects-normal/arm64/STPPaymentCardTextFieldViewModel.o -index-unit-output-path /Stripe.build/Debug/Stripe-t.build/Objects-normal/arm64/STPPaymentCardTextFieldViewModel.o

ScanDependencies /Users/buddhirajgautam/Library/Developer/Xcode/DerivedData/Telegram-Mac-fygdgghdgmuleoelvxabfmqiotta/Build/Intermediates.noindex/Stripe.build/Debug/Stripe-t.build/Objects-normal/arm64/STPImageLibrary.o /Users/buddhirajgautam/Documents/Cherrygram-Mac/macOS-Swift/submodules/Stripe/Sources/STPImageLibrary.m normal arm64 objective-c com.apple.compilers.llvm.clang.1_0.compiler (in target 'Stripe' from project 'Stripe')
    cd /Users/buddhirajgautam/Documents/Cherrygram-Mac/macOS-Swift
    
    Using response file: /Users/buddhirajgautam/Library/Developer/Xcode/DerivedData/Telegram-Mac-fygdgghdgmuleoelvxabfmqiotta/Build/Intermediates.noindex/Stripe.build/Debug/Stripe-t.build/Objects-normal/arm64/e6072d4f65d7061329687fe24e3d63a7-common-args.resp
    
    builtin-ScanDependencies -o /Users/buddhirajgautam/Library/Developer/Xcode/DerivedData/Telegram-Mac-fygdgghdgmuleoelvxabfmqiotta/Build/Intermediates.noindex/Stripe.build/Debug/Stripe-t.build/Objects-normal/arm64/STPImageLibrary.o.scan -- /Applications/Xcode.app/Contents/Developer/Toolchains/XcodeDefault.xctoolchain/usr/bin/clang -x objective-c -ivfsstatcache /Users/buddhirajgautam/Library/Developer/Xcode/DerivedData/SDKStatCaches.noindex/macosx27.0-26A425-e829b21a6f8c9b70876ba0858053c0447231f6df4def33e022ae2eb8f782df1a.sdkstatcache -target arm64-apple-macos12.0 -fmessage-length\=0 -fdiagnostics-show-note-include-stack -fmacro-backtrace-limit\=0 -fno-color-diagnostics -fmodules-prune-interval\=86400 -fmodules-prune-after\=345600 -fbuild-session-file\=/Users/buddhirajgautam/Library/Developer/Xcode/DerivedData/ModuleCache.noindex/Session.modulevalidation -fmodules-validate-once-per-build-session -Wnon-modular-include-in-framework-module -Werror\=non-modular-include-in-framework-module -Wno-trigraphs -Wno-missing-field-initializers -Wno-missing-prototypes -Wno-return-type -Wno-implicit-atomic-properties -Wno-objc-interface-ivars -Wno-arc-repeated-use-of-weak -Wno-missing-braces -Wparentheses -Wswitch -Wno-unused-function -Wno-unused-label -Wno-unused-parameter -Wno-unused-variable -Wunused-value -Wno-empty-body -Wno-uninitialized -Wno-unknown-pragmas -Wno-shadow -Wno-four-char-constants -Wno-conversion -Wno-constant-conversion -Wno-int-conversion -Wno-bool-conversion -Wno-enum-conversion -Wno-float-conversion -Wno-non-literal-null-conversion -Wno-objc-literal-conversion -Wshorten-64-to-32 -Wpointer-sign -Wno-newline-eof -Wno-selector -Wno-strict-selector-match -Wno-undeclared-selector -Wno-deprecated-implementations -Wno-implicit-fallthrough -isysroot /Applications/Xcode.app/Contents/Developer/Platforms/MacOSX.platform/Developer/SDKs/MacOSX27.0.sdk -fstrict-aliasing -Wprotocol -Wdeprecated-declarations -Wno-sign-conversion -Wno-infinite-recursion -Wno-comma -Wno-block-capture-autoreleasing -Wno-strict-prototypes -Wno-semicolon-before-method-body -index-store-path /Users/buddhirajgautam/Library/Developer/Xcode/DerivedData/Telegram-Mac-fygdgghdgmuleoelvxabfmqiotta/Index.noindex/DataStore @/Users/buddhirajgautam/Library/Developer/Xcode/DerivedData/Telegram-Mac-fygdgghdgmuleoelvxabfmqiotta/Build/Intermediates.noindex/Stripe.build/Debug/Stripe-t.build/Objects-normal/arm64/e6072d4f65d7061329687fe24e3d63a7-common-args.resp -MMD -MT dependencies -MF /Users/buddhirajgautam/Library/Developer/Xcode/DerivedData/Telegram-Mac-fygdgghdgmuleoelvxabfmqiotta/Build/Intermediates.noindex/Stripe.build/Debug/Stripe-t.build/Objects-normal/arm64/STPImageLibrary.d --serialize-diagnostics /Users/buddhirajgautam/Library/Developer/Xcode/DerivedData/Telegram-Mac-fygdgghdgmuleoelvxabfmqiotta/Build/Intermediates.noindex/Stripe.build/Debug/Stripe-t.build/Objects-normal/arm64/STPImageLibrary.dia -c /Users/buddhirajgautam/Documents/Cherrygram-Mac/macOS-Swift/submodules/Stripe/Sources/STPImageLibrary.m -o /Users/buddhirajgautam/Library/Developer/Xcode/DerivedData/Telegram-Mac-fygdgghdgmuleoelvxabfmqiotta/Build/Intermediates.noindex/Stripe.build/Debug/Stripe-t.build/Objects-normal/arm64/STPImageLibrary.o -index-unit-output-path /Stripe.build/Debug/Stripe-t.build/Objects-normal/arm64/STPImageLibrary.o

SwiftDriverJobDiscovery normal arm64 Compiling Api25.swift, Api26.swift, Api27.swift (in target 'TelegramApi' from project 'TelegramApi')

ScanDependencies /Users/buddhirajgautam/Library/Developer/Xcode/DerivedData/Telegram-Mac-fygdgghdgmuleoelvxabfmqiotta/Build/Intermediates.noindex/Stripe.build/Debug/Stripe-t.build/Objects-normal/arm64/STPFormEncoder.o /Users/buddhirajgautam/Documents/Cherrygram-Mac/macOS-Swift/submodules/Stripe/Sources/STPFormEncoder.m normal arm64 objective-c com.apple.compilers.llvm.clang.1_0.compiler (in target 'Stripe' from project 'Stripe')
    cd /Users/buddhirajgautam/Documents/Cherrygram-Mac/macOS-Swift
    
    Using response file: /Users/buddhirajgautam/Library/Developer/Xcode/DerivedData/Telegram-Mac-fygdgghdgmuleoelvxabfmqiotta/Build/Intermediates.noindex/Stripe.build/Debug/Stripe-t.build/Objects-normal/arm64/e6072d4f65d7061329687fe24e3d63a7-common-args.resp
    
    builtin-ScanDependencies -o /Users/buddhirajgautam/Library/Developer/Xcode/DerivedData/Telegram-Mac-fygdgghdgmuleoelvxabfmqiotta/Build/Intermediates.noindex/Stripe.build/Debug/Stripe-t.build/Objects-normal/arm64/STPFormEncoder.o.scan -- /Applications/Xcode.app/Contents/Developer/Toolchains/XcodeDefault.xctoolchain/usr/bin/clang -x objective-c -ivfsstatcache /Users/buddhirajgautam/Library/Developer/Xcode/DerivedData/SDKStatCaches.noindex/macosx27.0-26A425-e829b21a6f8c9b70876ba0858053c0447231f6df4def33e022ae2eb8f782df1a.sdkstatcache -target arm64-apple-macos12.0 -fmessage-length\=0 -fdiagnostics-show-note-include-stack -fmacro-backtrace-limit\=0 -fno-color-diagnostics -fmodules-prune-interval\=86400 -fmodules-prune-after\=345600 -fbuild-session-file\=/Users/buddhirajgautam/Library/Developer/Xcode/DerivedData/ModuleCache.noindex/Session.modulevalidation -fmodules-validate-once-per-build-session -Wnon-modular-include-in-framework-module -Werror\=non-modular-include-in-framework-module -Wno-trigraphs -Wno-missing-field-initializers -Wno-missing-prototypes -Wno-return-type -Wno-implicit-atomic-properties -Wno-objc-interface-ivars -Wno-arc-repeated-use-of-weak -Wno-missing-braces -Wparentheses -Wswitch -Wno-unused-function -Wno-unused-label -Wno-unused-parameter -Wno-unused-variable -Wunused-value -Wno-empty-body -Wno-uninitialized -Wno-unknown-pragmas -Wno-shadow -Wno-four-char-constants -Wno-conversion -Wno-constant-conversion -Wno-int-conversion -Wno-bool-conversion -Wno-enum-conversion -Wno-float-conversion -Wno-non-literal-null-conversion -Wno-objc-literal-conversion -Wshorten-64-to-32 -Wpointer-sign -Wno-newline-eof -Wno-selector -Wno-strict-selector-match -Wno-undeclared-selector -Wno-deprecated-implementations -Wno-implicit-fallthrough -isysroot /Applications/Xcode.app/Contents/Developer/Platforms/MacOSX.platform/Developer/SDKs/MacOSX27.0.sdk -fstrict-aliasing -Wprotocol -Wdeprecated-declarations -Wno-sign-conversion -Wno-infinite-recursion -Wno-comma -Wno-block-capture-autoreleasing -Wno-strict-prototypes -Wno-semicolon-before-method-body -index-store-path /Users/buddhirajgautam/Library/Developer/Xcode/DerivedData/Telegram-Mac-fygdgghdgmuleoelvxabfmqiotta/Index.noindex/DataStore @/Users/buddhirajgautam/Library/Developer/Xcode/DerivedData/Telegram-Mac-fygdgghdgmuleoelvxabfmqiotta/Build/Intermediates.noindex/Stripe.build/Debug/Stripe-t.build/Objects-normal/arm64/e6072d4f65d7061329687fe24e3d63a7-common-args.resp -MMD -MT dependencies -MF /Users/buddhirajgautam/Library/Developer/Xcode/DerivedData/Telegram-Mac-fygdgghdgmuleoelvxabfmqiotta/Build/Intermediates.noindex/Stripe.build/Debug/Stripe-t.build/Objects-normal/arm64/STPFormEncoder.d --serialize-diagnostics /Users/buddhirajgautam/Library/Developer/Xcode/DerivedData/Telegram-Mac-fygdgghdgmuleoelvxabfmqiotta/Build/Intermediates.noindex/Stripe.build/Debug/Stripe-t.build/Objects-normal/arm64/STPFormEncoder.dia -c /Users/buddhirajgautam/Documents/Cherrygram-Mac/macOS-Swift/submodules/Stripe/Sources/STPFormEncoder.m -o /Users/buddhirajgautam/Library/Developer/Xcode/DerivedData/Telegram-Mac-fygdgghdgmuleoelvxabfmqiotta/Build/Intermediates.noindex/Stripe.build/Debug/Stripe-t.build/Objects-normal/arm64/STPFormEncoder.o -index-unit-output-path /Stripe.build/Debug/Stripe-t.build/Objects-normal/arm64/STPFormEncoder.o

CompileC /Users/buddhirajgautam/Library/Developer/Xcode/DerivedData/Telegram-Mac-fygdgghdgmuleoelvxabfmqiotta/Build/Intermediates.noindex/Svg.build/Debug/Svg-t.build/Objects-normal/arm64/Svg.o /Users/buddhirajgautam/Documents/Cherrygram-Mac/macOS-Swift/packages/Svg/Sources/Svg.m normal arm64 objective-c com.apple.compilers.llvm.clang.1_0.compiler (in target 'Svg' from project 'Svg')
    cd /Users/buddhirajgautam/Documents/Cherrygram-Mac/macOS-Swift
    
    Using response file: /Users/buddhirajgautam/Library/Developer/Xcode/DerivedData/Telegram-Mac-fygdgghdgmuleoelvxabfmqiotta/Build/Intermediates.noindex/Svg.build/Debug/Svg-t.build/Objects-normal/arm64/e6072d4f65d7061329687fe24e3d63a7-common-args.resp
    
    /Applications/Xcode.app/Contents/Developer/Toolchains/XcodeDefault.xctoolchain/usr/bin/clang -x objective-c -ivfsstatcache /Users/buddhirajgautam/Library/Developer/Xcode/DerivedData/SDKStatCaches.noindex/macosx27.0-26A425-e829b21a6f8c9b70876ba0858053c0447231f6df4def33e022ae2eb8f782df1a.sdkstatcache -target arm64-apple-macos12.0 -fmessage-length\=0 -fdiagnostics-show-note-include-stack -fmacro-backtrace-limit\=0 -fno-color-diagnostics -fmodules-prune-interval\=86400 -fmodules-prune-after\=345600 -fbuild-session-file\=/Users/buddhirajgautam/Library/Developer/Xcode/DerivedData/ModuleCache.noindex/Session.modulevalidation -fmodules-validate-once-per-build-session -Wnon-modular-include-in-framework-module -Werror\=non-modular-include-in-framework-module -Wno-trigraphs -Wno-missing-field-initializers -Wno-missing-prototypes -Wno-return-type -Wno-implicit-atomic-properties -Wno-objc-interface-ivars -Wno-arc-repeated-use-of-weak -Wno-missing-braces -Wparentheses -Wswitch -Wno-unused-function -Wno-unused-label -Wno-unused-parameter -Wno-unused-variable -Wunused-value -Wno-empty-body -Wno-uninitialized -Wno-unknown-pragmas -Wno-shadow -Wno-four-char-constants -Wno-conversion -Wno-constant-conversion -Wno-int-conversion -Wno-bool-conversion -Wno-enum-conversion -Wno-float-conversion -Wno-non-literal-null-conversion -Wno-objc-literal-conversion -Wshorten-64-to-32 -Wpointer-sign -Wno-newline-eof -Wno-selector -Wno-strict-selector-match -Wno-undeclared-selector -Wno-deprecated-implementations -Wno-implicit-fallthrough -isysroot /Applications/Xcode.app/Contents/Developer/Platforms/MacOSX.platform/Developer/SDKs/MacOSX27.0.sdk -fstrict-aliasing -Wprotocol -Wdeprecated-declarations -Wno-sign-conversion -Wno-infinite-recursion -Wno-comma -Wno-block-capture-autoreleasing -Wno-strict-prototypes -Wno-semicolon-before-method-body -index-store-path /Users/buddhirajgautam/Library/Developer/Xcode/DerivedData/Telegram-Mac-fygdgghdgmuleoelvxabfmqiotta/Index.noindex/DataStore @/Users/buddhirajgautam/Library/Developer/Xcode/DerivedData/Telegram-Mac-fygdgghdgmuleoelvxabfmqiotta/Build/Intermediates.noindex/Svg.build/Debug/Svg-t.build/Objects-normal/arm64/e6072d4f65d7061329687fe24e3d63a7-common-args.resp -MMD -MT dependencies -MF /Users/buddhirajgautam/Library/Developer/Xcode/DerivedData/Telegram-Mac-fygdgghdgmuleoelvxabfmqiotta/Build/Intermediates.noindex/Svg.build/Debug/Svg-t.build/Objects-normal/arm64/Svg.d --serialize-diagnostics /Users/buddhirajgautam/Library/Developer/Xcode/DerivedData/Telegram-Mac-fygdgghdgmuleoelvxabfmqiotta/Build/Intermediates.noindex/Svg.build/Debug/Svg-t.build/Objects-normal/arm64/Svg.dia -c /Users/buddhirajgautam/Documents/Cherrygram-Mac/macOS-Swift/packages/Svg/Sources/Svg.m -o /Users/buddhirajgautam/Library/Developer/Xcode/DerivedData/Telegram-Mac-fygdgghdgmuleoelvxabfmqiotta/Build/Intermediates.noindex/Svg.build/Debug/Svg-t.build/Objects-normal/arm64/Svg.o -index-unit-output-path /Svg.build/Debug/Svg-t.build/Objects-normal/arm64/Svg.o
/Users/buddhirajgautam/Documents/Cherrygram-Mac/macOS-Swift/packages/Svg/Sources/Svg.m:106:11: warning: initializing 'char *' with an expression of type 'NS_RETURNS_INNER_POINTER const char *' discards qualifiers [-Wincompatible-pointer-types-discards-qualifiers]
  106 |     char *zeroTerminatedData = xmlString.UTF8String;
      |           ^                    ~~~~~~~~~~~~~~~~~~~~
/Users/buddhirajgautam/Documents/Cherrygram-Mac/macOS-Swift/packages/Svg/Sources/Svg.m:129:64: warning: 'graphicsPort' is deprecated: first deprecated in macOS 10.14 [-Wdeprecated-declarations]
  129 |     CGContextRef context = [[NSGraphicsContext currentContext] graphicsPort];
      |                                                                ^~~~~~~~~~~~
      |                                                                CGContext
In module 'Cocoa' imported from /Users/buddhirajgautam/Documents/Cherrygram-Mac/macOS-Swift/packages/Svg/Sources/Svg.h:3:
In module 'AppKit' imported from /Applications/Xcode.app/Contents/Developer/Platforms/MacOSX.platform/Developer/SDKs/MacOSX.sdk/System/Library/Frameworks/Cocoa.framework/Headers/Cocoa.h:13:
/Applications/Xcode.app/Contents/Developer/Platforms/MacOSX.platform/Developer/SDKs/MacOSX27.0.sdk/System/Library/Frameworks/AppKit.framework/Headers/NSGraphicsContext.h:107:28: note: property 'graphicsPort' is declared deprecated here
  107 | @property (readonly) void *graphicsPort NS_RETURNS_INNER_POINTER API_DEPRECATED_WITH_REPLACEMENT("CGContext", macos(10.0,10.14));
      |                            ^
/Applications/Xcode.app/Contents/Developer/Platforms/MacOSX.platform/Developer/SDKs/MacOSX27.0.sdk/System/Library/Frameworks/AppKit.framework/Headers/NSGraphicsContext.h:107:28: note: 'graphicsPort' has been explicitly marked deprecated here
/Users/buddhirajgautam/Documents/Cherrygram-Mac/macOS-Swift/packages/Svg/Sources/Svg.m:413:64: warning: 'graphicsPort' is deprecated: first deprecated in macOS 10.14 [-Wdeprecated-declarations]
  413 |     CGContextRef context = [[NSGraphicsContext currentContext] graphicsPort];
      |                                                                ^~~~~~~~~~~~
      |                                                                CGContext
In module 'Cocoa' imported from /Users/buddhirajgautam/Documents/Cherrygram-Mac/macOS-Swift/packages/Svg/Sources/Svg.h:3:
In module 'AppKit' imported from /Applications/Xcode.app/Contents/Developer/Platforms/MacOSX.platform/Developer/SDKs/MacOSX.sdk/System/Library/Frameworks/Cocoa.framework/Headers/Cocoa.h:13:
/Applications/Xcode.app/Contents/Developer/Platforms/MacOSX.platform/Developer/SDKs/MacOSX27.0.sdk/System/Library/Frameworks/AppKit.framework/Headers/NSGraphicsContext.h:107:28: note: property 'graphicsPort' is declared deprecated here
  107 | @property (readonly) void *graphicsPort NS_RETURNS_INNER_POINTER API_DEPRECATED_WITH_REPLACEMENT("CGContext", macos(10.0,10.14));
      |                            ^
/Applications/Xcode.app/Contents/Developer/Platforms/MacOSX.platform/Developer/SDKs/MacOSX27.0.sdk/System/Library/Frameworks/AppKit.framework/Headers/NSGraphicsContext.h:107:28: note: 'graphicsPort' has been explicitly marked deprecated here
3 warnings generated.

CompileC /Users/buddhirajgautam/Library/Developer/Xcode/DerivedData/Telegram-Mac-fygdgghdgmuleoelvxabfmqiotta/Build/Intermediates.noindex/Stripe.build/Debug/Stripe-t.build/Objects-normal/arm64/STPFormEncoder.o /Users/buddhirajgautam/Documents/Cherrygram-Mac/macOS-Swift/submodules/Stripe/Sources/STPFormEncoder.m normal arm64 objective-c com.apple.compilers.llvm.clang.1_0.compiler (in target 'Stripe' from project 'Stripe')
    cd /Users/buddhirajgautam/Documents/Cherrygram-Mac/macOS-Swift
    
    Using response file: /Users/buddhirajgautam/Library/Developer/Xcode/DerivedData/Telegram-Mac-fygdgghdgmuleoelvxabfmqiotta/Build/Intermediates.noindex/Stripe.build/Debug/Stripe-t.build/Objects-normal/arm64/e6072d4f65d7061329687fe24e3d63a7-common-args.resp
    
    /Applications/Xcode.app/Contents/Developer/Toolchains/XcodeDefault.xctoolchain/usr/bin/clang -x objective-c -ivfsstatcache /Users/buddhirajgautam/Library/Developer/Xcode/DerivedData/SDKStatCaches.noindex/macosx27.0-26A425-e829b21a6f8c9b70876ba0858053c0447231f6df4def33e022ae2eb8f782df1a.sdkstatcache -target arm64-apple-macos12.0 -fmessage-length\=0 -fdiagnostics-show-note-include-stack -fmacro-backtrace-limit\=0 -fno-color-diagnostics -fmodules-prune-interval\=86400 -fmodules-prune-after\=345600 -fbuild-session-file\=/Users/buddhirajgautam/Library/Developer/Xcode/DerivedData/ModuleCache.noindex/Session.modulevalidation -fmodules-validate-once-per-build-session -Wnon-modular-include-in-framework-module -Werror\=non-modular-include-in-framework-module -Wno-trigraphs -Wno-missing-field-initializers -Wno-missing-prototypes -Wno-return-type -Wno-implicit-atomic-properties -Wno-objc-interface-ivars -Wno-arc-repeated-use-of-weak -Wno-missing-braces -Wparentheses -Wswitch -Wno-unused-function -Wno-unused-label -Wno-unused-parameter -Wno-unused-variable -Wunused-value -Wno-empty-body -Wno-uninitialized -Wno-unknown-pragmas -Wno-shadow -Wno-four-char-constants -Wno-conversion -Wno-constant-conversion -Wno-int-conversion -Wno-bool-conversion -Wno-enum-conversion -Wno-float-conversion -Wno-non-literal-null-conversion -Wno-objc-literal-conversion -Wshorten-64-to-32 -Wpointer-sign -Wno-newline-eof -Wno-selector -Wno-strict-selector-match -Wno-undeclared-selector -Wno-deprecated-implementations -Wno-implicit-fallthrough -isysroot /Applications/Xcode.app/Contents/Developer/Platforms/MacOSX.platform/Developer/SDKs/MacOSX27.0.sdk -fstrict-aliasing -Wprotocol -Wdeprecated-declarations -Wno-sign-conversion -Wno-infinite-recursion -Wno-comma -Wno-block-capture-autoreleasing -Wno-strict-prototypes -Wno-semicolon-before-method-body -index-store-path /Users/buddhirajgautam/Library/Developer/Xcode/DerivedData/Telegram-Mac-fygdgghdgmuleoelvxabfmqiotta/Index.noindex/DataStore @/Users/buddhirajgautam/Library/Developer/Xcode/DerivedData/Telegram-Mac-fygdgghdgmuleoelvxabfmqiotta/Build/Intermediates.noindex/Stripe.build/Debug/Stripe-t.build/Objects-normal/arm64/e6072d4f65d7061329687fe24e3d63a7-common-args.resp -MMD -MT dependencies -MF /Users/buddhirajgautam/Library/Developer/Xcode/DerivedData/Telegram-Mac-fygdgghdgmuleoelvxabfmqiotta/Build/Intermediates.noindex/Stripe.build/Debug/Stripe-t.build/Objects-normal/arm64/STPFormEncoder.d --serialize-diagnostics /Users/buddhirajgautam/Library/Developer/Xcode/DerivedData/Telegram-Mac-fygdgghdgmuleoelvxabfmqiotta/Build/Intermediates.noindex/Stripe.build/Debug/Stripe-t.build/Objects-normal/arm64/STPFormEncoder.dia -c /Users/buddhirajgautam/Documents/Cherrygram-Mac/macOS-Swift/submodules/Stripe/Sources/STPFormEncoder.m -o /Users/buddhirajgautam/Library/Developer/Xcode/DerivedData/Telegram-Mac-fygdgghdgmuleoelvxabfmqiotta/Build/Intermediates.noindex/Stripe.build/Debug/Stripe-t.build/Objects-normal/arm64/STPFormEncoder.o -index-unit-output-path /Stripe.build/Debug/Stripe-t.build/Objects-normal/arm64/STPFormEncoder.o

CompileC /Users/buddhirajgautam/Library/Developer/Xcode/DerivedData/Telegram-Mac-fygdgghdgmuleoelvxabfmqiotta/Build/Intermediates.noindex/Stripe.build/Debug/Stripe-t.build/Objects-normal/arm64/STPImageLibrary.o /Users/buddhirajgautam/Documents/Cherrygram-Mac/macOS-Swift/submodules/Stripe/Sources/STPImageLibrary.m normal arm64 objective-c com.apple.compilers.llvm.clang.1_0.compiler (in target 'Stripe' from project 'Stripe')
    cd /Users/buddhirajgautam/Documents/Cherrygram-Mac/macOS-Swift
    
    Using response file: /Users/buddhirajgautam/Library/Developer/Xcode/DerivedData/Telegram-Mac-fygdgghdgmuleoelvxabfmqiotta/Build/Intermediates.noindex/Stripe.build/Debug/Stripe-t.build/Objects-normal/arm64/e6072d4f65d7061329687fe24e3d63a7-common-args.resp
    
    /Applications/Xcode.app/Contents/Developer/Toolchains/XcodeDefault.xctoolchain/usr/bin/clang -x objective-c -ivfsstatcache /Users/buddhirajgautam/Library/Developer/Xcode/DerivedData/SDKStatCaches.noindex/macosx27.0-26A425-e829b21a6f8c9b70876ba0858053c0447231f6df4def33e022ae2eb8f782df1a.sdkstatcache -target arm64-apple-macos12.0 -fmessage-length\=0 -fdiagnostics-show-note-include-stack -fmacro-backtrace-limit\=0 -fno-color-diagnostics -fmodules-prune-interval\=86400 -fmodules-prune-after\=345600 -fbuild-session-file\=/Users/buddhirajgautam/Library/Developer/Xcode/DerivedData/ModuleCache.noindex/Session.modulevalidation -fmodules-validate-once-per-build-session -Wnon-modular-include-in-framework-module -Werror\=non-modular-include-in-framework-module -Wno-trigraphs -Wno-missing-field-initializers -Wno-missing-prototypes -Wno-return-type -Wno-implicit-atomic-properties -Wno-objc-interface-ivars -Wno-arc-repeated-use-of-weak -Wno-missing-braces -Wparentheses -Wswitch -Wno-unused-function -Wno-unused-label -Wno-unused-parameter -Wno-unused-variable -Wunused-value -Wno-empty-body -Wno-uninitialized -Wno-unknown-pragmas -Wno-shadow -Wno-four-char-constants -Wno-conversion -Wno-constant-conversion -Wno-int-conversion -Wno-bool-conversion -Wno-enum-conversion -Wno-float-conversion -Wno-non-literal-null-conversion -Wno-objc-literal-conversion -Wshorten-64-to-32 -Wpointer-sign -Wno-newline-eof -Wno-selector -Wno-strict-selector-match -Wno-undeclared-selector -Wno-deprecated-implementations -Wno-implicit-fallthrough -isysroot /Applications/Xcode.app/Contents/Developer/Platforms/MacOSX.platform/Developer/SDKs/MacOSX27.0.sdk -fstrict-aliasing -Wprotocol -Wdeprecated-declarations -Wno-sign-conversion -Wno-infinite-recursion -Wno-comma -Wno-block-capture-autoreleasing -Wno-strict-prototypes -Wno-semicolon-before-method-body -index-store-path /Users/buddhirajgautam/Library/Developer/Xcode/DerivedData/Telegram-Mac-fygdgghdgmuleoelvxabfmqiotta/Index.noindex/DataStore @/Users/buddhirajgautam/Library/Developer/Xcode/DerivedData/Telegram-Mac-fygdgghdgmuleoelvxabfmqiotta/Build/Intermediates.noindex/Stripe.build/Debug/Stripe-t.build/Objects-normal/arm64/e6072d4f65d7061329687fe24e3d63a7-common-args.resp -MMD -MT dependencies -MF /Users/buddhirajgautam/Library/Developer/Xcode/DerivedData/Telegram-Mac-fygdgghdgmuleoelvxabfmqiotta/Build/Intermediates.noindex/Stripe.build/Debug/Stripe-t.build/Objects-normal/arm64/STPImageLibrary.d --serialize-diagnostics /Users/buddhirajgautam/Library/Developer/Xcode/DerivedData/Telegram-Mac-fygdgghdgmuleoelvxabfmqiotta/Build/Intermediates.noindex/Stripe.build/Debug/Stripe-t.build/Objects-normal/arm64/STPImageLibrary.dia -c /Users/buddhirajgautam/Documents/Cherrygram-Mac/macOS-Swift/submodules/Stripe/Sources/STPImageLibrary.m -o /Users/buddhirajgautam/Library/Developer/Xcode/DerivedData/Telegram-Mac-fygdgghdgmuleoelvxabfmqiotta/Build/Intermediates.noindex/Stripe.build/Debug/Stripe-t.build/Objects-normal/arm64/STPImageLibrary.o -index-unit-output-path /Stripe.build/Debug/Stripe-t.build/Objects-normal/arm64/STPImageLibrary.o

ScanDependencies /Users/buddhirajgautam/Library/Developer/Xcode/DerivedData/Telegram-Mac-fygdgghdgmuleoelvxabfmqiotta/Build/Intermediates.noindex/Stripe.build/Debug/Stripe-t.build/Objects-normal/arm64/STPDispatchFunctions.o /Users/buddhirajgautam/Documents/Cherrygram-Mac/macOS-Swift/submodules/Stripe/Sources/STPDispatchFunctions.m normal arm64 objective-c com.apple.compilers.llvm.clang.1_0.compiler (in target 'Stripe' from project 'Stripe')
    cd /Users/buddhirajgautam/Documents/Cherrygram-Mac/macOS-Swift
    
    Using response file: /Users/buddhirajgautam/Library/Developer/Xcode/DerivedData/Telegram-Mac-fygdgghdgmuleoelvxabfmqiotta/Build/Intermediates.noindex/Stripe.build/Debug/Stripe-t.build/Objects-normal/arm64/e6072d4f65d7061329687fe24e3d63a7-common-args.resp
    
    builtin-ScanDependencies -o /Users/buddhirajgautam/Library/Developer/Xcode/DerivedData/Telegram-Mac-fygdgghdgmuleoelvxabfmqiotta/Build/Intermediates.noindex/Stripe.build/Debug/Stripe-t.build/Objects-normal/arm64/STPDispatchFunctions.o.scan -- /Applications/Xcode.app/Contents/Developer/Toolchains/XcodeDefault.xctoolchain/usr/bin/clang -x objective-c -ivfsstatcache /Users/buddhirajgautam/Library/Developer/Xcode/DerivedData/SDKStatCaches.noindex/macosx27.0-26A425-e829b21a6f8c9b70876ba0858053c0447231f6df4def33e022ae2eb8f782df1a.sdkstatcache -target arm64-apple-macos12.0 -fmessage-length\=0 -fdiagnostics-show-note-include-stack -fmacro-backtrace-limit\=0 -fno-color-diagnostics -fmodules-prune-interval\=86400 -fmodules-prune-after\=345600 -fbuild-session-file\=/Users/buddhirajgautam/Library/Developer/Xcode/DerivedData/ModuleCache.noindex/Session.modulevalidation -fmodules-validate-once-per-build-session -Wnon-modular-include-in-framework-module -Werror\=non-modular-include-in-framework-module -Wno-trigraphs -Wno-missing-field-initializers -Wno-missing-prototypes -Wno-return-type -Wno-implicit-atomic-properties -Wno-objc-interface-ivars -Wno-arc-repeated-use-of-weak -Wno-missing-braces -Wparentheses -Wswitch -Wno-unused-function -Wno-unused-label -Wno-unused-parameter -Wno-unused-variable -Wunused-value -Wno-empty-body -Wno-uninitialized -Wno-unknown-pragmas -Wno-shadow -Wno-four-char-constants -Wno-conversion -Wno-constant-conversion -Wno-int-conversion -Wno-bool-conversion -Wno-enum-conversion -Wno-float-conversion -Wno-non-literal-null-conversion -Wno-objc-literal-conversion -Wshorten-64-to-32 -Wpointer-sign -Wno-newline-eof -Wno-selector -Wno-strict-selector-match -Wno-undeclared-selector -Wno-deprecated-implementations -Wno-implicit-fallthrough -isysroot /Applications/Xcode.app/Contents/Developer/Platforms/MacOSX.platform/Developer/SDKs/MacOSX27.0.sdk -fstrict-aliasing -Wprotocol -Wdeprecated-declarations -Wno-sign-conversion -Wno-infinite-recursion -Wno-comma -Wno-block-capture-autoreleasing -Wno-strict-prototypes -Wno-semicolon-before-method-body -index-store-path /Users/buddhirajgautam/Library/Developer/Xcode/DerivedData/Telegram-Mac-fygdgghdgmuleoelvxabfmqiotta/Index.noindex/DataStore @/Users/buddhirajgautam/Library/Developer/Xcode/DerivedData/Telegram-Mac-fygdgghdgmuleoelvxabfmqiotta/Build/Intermediates.noindex/Stripe.build/Debug/Stripe-t.build/Objects-normal/arm64/e6072d4f65d7061329687fe24e3d63a7-common-args.resp -MMD -MT dependencies -MF /Users/buddhirajgautam/Library/Developer/Xcode/DerivedData/Telegram-Mac-fygdgghdgmuleoelvxabfmqiotta/Build/Intermediates.noindex/Stripe.build/Debug/Stripe-t.build/Objects-normal/arm64/STPDispatchFunctions.d --serialize-diagnostics /Users/buddhirajgautam/Library/Developer/Xcode/DerivedData/Telegram-Mac-fygdgghdgmuleoelvxabfmqiotta/Build/Intermediates.noindex/Stripe.build/Debug/Stripe-t.build/Objects-normal/arm64/STPDispatchFunctions.dia -c /Users/buddhirajgautam/Documents/Cherrygram-Mac/macOS-Swift/submodules/Stripe/Sources/STPDispatchFunctions.m -o /Users/buddhirajgautam/Library/Developer/Xcode/DerivedData/Telegram-Mac-fygdgghdgmuleoelvxabfmqiotta/Build/Intermediates.noindex/Stripe.build/Debug/Stripe-t.build/Objects-normal/arm64/STPDispatchFunctions.o -index-unit-output-path /Stripe.build/Debug/Stripe-t.build/Objects-normal/arm64/STPDispatchFunctions.o

CompileC /Users/buddhirajgautam/Library/Developer/Xcode/DerivedData/Telegram-Mac-fygdgghdgmuleoelvxabfmqiotta/Build/Intermediates.noindex/Stripe.build/Debug/Stripe-t.build/Objects-normal/arm64/STPToken.o /Users/buddhirajgautam/Documents/Cherrygram-Mac/macOS-Swift/submodules/Stripe/Sources/STPToken.m normal arm64 objective-c com.apple.compilers.llvm.clang.1_0.compiler (in target 'Stripe' from project 'Stripe')
    cd /Users/buddhirajgautam/Documents/Cherrygram-Mac/macOS-Swift
    
    Using response file: /Users/buddhirajgautam/Library/Developer/Xcode/DerivedData/Telegram-Mac-fygdgghdgmuleoelvxabfmqiotta/Build/Intermediates.noindex/Stripe.build/Debug/Stripe-t.build/Objects-normal/arm64/e6072d4f65d7061329687fe24e3d63a7-common-args.resp
    
    /Applications/Xcode.app/Contents/Developer/Toolchains/XcodeDefault.xctoolchain/usr/bin/clang -x objective-c -ivfsstatcache /Users/buddhirajgautam/Library/Developer/Xcode/DerivedData/SDKStatCaches.noindex/macosx27.0-26A425-e829b21a6f8c9b70876ba0858053c0447231f6df4def33e022ae2eb8f782df1a.sdkstatcache -target arm64-apple-macos12.0 -fmessage-length\=0 -fdiagnostics-show-note-include-stack -fmacro-backtrace-limit\=0 -fno-color-diagnostics -fmodules-prune-interval\=86400 -fmodules-prune-after\=345600 -fbuild-session-file\=/Users/buddhirajgautam/Library/Developer/Xcode/DerivedData/ModuleCache.noindex/Session.modulevalidation -fmodules-validate-once-per-build-session -Wnon-modular-include-in-framework-module -Werror\=non-modular-include-in-framework-module -Wno-trigraphs -Wno-missing-field-initializers -Wno-missing-prototypes -Wno-return-type -Wno-implicit-atomic-properties -Wno-objc-interface-ivars -Wno-arc-repeated-use-of-weak -Wno-missing-braces -Wparentheses -Wswitch -Wno-unused-function -Wno-unused-label -Wno-unused-parameter -Wno-unused-variable -Wunused-value -Wno-empty-body -Wno-uninitialized -Wno-unknown-pragmas -Wno-shadow -Wno-four-char-constants -Wno-conversion -Wno-constant-conversion -Wno-int-conversion -Wno-bool-conversion -Wno-enum-conversion -Wno-float-conversion -Wno-non-literal-null-conversion -Wno-objc-literal-conversion -Wshorten-64-to-32 -Wpointer-sign -Wno-newline-eof -Wno-selector -Wno-strict-selector-match -Wno-undeclared-selector -Wno-deprecated-implementations -Wno-implicit-fallthrough -isysroot /Applications/Xcode.app/Contents/Developer/Platforms/MacOSX.platform/Developer/SDKs/MacOSX27.0.sdk -fstrict-aliasing -Wprotocol -Wdeprecated-declarations -Wno-sign-conversion -Wno-infinite-recursion -Wno-comma -Wno-block-capture-autoreleasing -Wno-strict-prototypes -Wno-semicolon-before-method-body -index-store-path /Users/buddhirajgautam/Library/Developer/Xcode/DerivedData/Telegram-Mac-fygdgghdgmuleoelvxabfmqiotta/Index.noindex/DataStore @/Users/buddhirajgautam/Library/Developer/Xcode/DerivedData/Telegram-Mac-fygdgghdgmuleoelvxabfmqiotta/Build/Intermediates.noindex/Stripe.build/Debug/Stripe-t.build/Objects-normal/arm64/e6072d4f65d7061329687fe24e3d63a7-common-args.resp -MMD -MT dependencies -MF /Users/buddhirajgautam/Library/Developer/Xcode/DerivedData/Telegram-Mac-fygdgghdgmuleoelvxabfmqiotta/Build/Intermediates.noindex/Stripe.build/Debug/Stripe-t.build/Objects-normal/arm64/STPToken.d --serialize-diagnostics /Users/buddhirajgautam/Library/Developer/Xcode/DerivedData/Telegram-Mac-fygdgghdgmuleoelvxabfmqiotta/Build/Intermediates.noindex/Stripe.build/Debug/Stripe-t.build/Objects-normal/arm64/STPToken.dia -c /Users/buddhirajgautam/Documents/Cherrygram-Mac/macOS-Swift/submodules/Stripe/Sources/STPToken.m -o /Users/buddhirajgautam/Library/Developer/Xcode/DerivedData/Telegram-Mac-fygdgghdgmuleoelvxabfmqiotta/Build/Intermediates.noindex/Stripe.build/Debug/Stripe-t.build/Objects-normal/arm64/STPToken.o -index-unit-output-path /Stripe.build/Debug/Stripe-t.build/Objects-normal/arm64/STPToken.o
/Users/buddhirajgautam/Documents/Cherrygram-Mac/macOS-Swift/submodules/Stripe/Sources/STPToken.m:23:17: warning: method definition for 'init' not found [-Wincomplete-implementation]
   23 | @implementation STPToken
      |                 ^
In file included from /Users/buddhirajgautam/Documents/Cherrygram-Mac/macOS-Swift/submodules/Stripe/Sources/STPToken.m:9:
/Users/buddhirajgautam/Documents/Cherrygram-Mac/macOS-Swift/submodules/Stripe/PublicHeaders/Stripe/STPToken.h:24:1: note: method 'init' declared here
   24 | - (nonnull instancetype) init;
      | ^
1 warning generated.

CompileC /Users/buddhirajgautam/Library/Developer/Xcode/DerivedData/Telegram-Mac-fygdgghdgmuleoelvxabfmqiotta/Build/Intermediates.noindex/Stripe.build/Debug/Stripe-t.build/Objects-normal/arm64/STPPaymentCardTextFieldViewModel.o /Users/buddhirajgautam/Documents/Cherrygram-Mac/macOS-Swift/submodules/Stripe/Sources/STPPaymentCardTextFieldViewModel.m normal arm64 objective-c com.apple.compilers.llvm.clang.1_0.compiler (in target 'Stripe' from project 'Stripe')
    cd /Users/buddhirajgautam/Documents/Cherrygram-Mac/macOS-Swift
    
    Using response file: /Users/buddhirajgautam/Library/Developer/Xcode/DerivedData/Telegram-Mac-fygdgghdgmuleoelvxabfmqiotta/Build/Intermediates.noindex/Stripe.build/Debug/Stripe-t.build/Objects-normal/arm64/e6072d4f65d7061329687fe24e3d63a7-common-args.resp
    
    /Applications/Xcode.app/Contents/Developer/Toolchains/XcodeDefault.xctoolchain/usr/bin/clang -x objective-c -ivfsstatcache /Users/buddhirajgautam/Library/Developer/Xcode/DerivedData/SDKStatCaches.noindex/macosx27.0-26A425-e829b21a6f8c9b70876ba0858053c0447231f6df4def33e022ae2eb8f782df1a.sdkstatcache -target arm64-apple-macos12.0 -fmessage-length\=0 -fdiagnostics-show-note-include-stack -fmacro-backtrace-limit\=0 -fno-color-diagnostics -fmodules-prune-interval\=86400 -fmodules-prune-after\=345600 -fbuild-session-file\=/Users/buddhirajgautam/Library/Developer/Xcode/DerivedData/ModuleCache.noindex/Session.modulevalidation -fmodules-validate-once-per-build-session -Wnon-modular-include-in-framework-module -Werror\=non-modular-include-in-framework-module -Wno-trigraphs -Wno-missing-field-initializers -Wno-missing-prototypes -Wno-return-type -Wno-implicit-atomic-properties -Wno-objc-interface-ivars -Wno-arc-repeated-use-of-weak -Wno-missing-braces -Wparentheses -Wswitch -Wno-unused-function -Wno-unused-label -Wno-unused-parameter -Wno-unused-variable -Wunused-value -Wno-empty-body -Wno-uninitialized -Wno-unknown-pragmas -Wno-shadow -Wno-four-char-constants -Wno-conversion -Wno-constant-conversion -Wno-int-conversion -Wno-bool-conversion -Wno-enum-conversion -Wno-float-conversion -Wno-non-literal-null-conversion -Wno-objc-literal-conversion -Wshorten-64-to-32 -Wpointer-sign -Wno-newline-eof -Wno-selector -Wno-strict-selector-match -Wno-undeclared-selector -Wno-deprecated-implementations -Wno-implicit-fallthrough -isysroot /Applications/Xcode.app/Contents/Developer/Platforms/MacOSX.platform/Developer/SDKs/MacOSX27.0.sdk -fstrict-aliasing -Wprotocol -Wdeprecated-declarations -Wno-sign-conversion -Wno-infinite-recursion -Wno-comma -Wno-block-capture-autoreleasing -Wno-strict-prototypes -Wno-semicolon-before-method-body -index-store-path /Users/buddhirajgautam/Library/Developer/Xcode/DerivedData/Telegram-Mac-fygdgghdgmuleoelvxabfmqiotta/Index.noindex/DataStore @/Users/buddhirajgautam/Library/Developer/Xcode/DerivedData/Telegram-Mac-fygdgghdgmuleoelvxabfmqiotta/Build/Intermediates.noindex/Stripe.build/Debug/Stripe-t.build/Objects-normal/arm64/e6072d4f65d7061329687fe24e3d63a7-common-args.resp -MMD -MT dependencies -MF /Users/buddhirajgautam/Library/Developer/Xcode/DerivedData/Telegram-Mac-fygdgghdgmuleoelvxabfmqiotta/Build/Intermediates.noindex/Stripe.build/Debug/Stripe-t.build/Objects-normal/arm64/STPPaymentCardTextFieldViewModel.d --serialize-diagnostics /Users/buddhirajgautam/Library/Developer/Xcode/DerivedData/Telegram-Mac-fygdgghdgmuleoelvxabfmqiotta/Build/Intermediates.noindex/Stripe.build/Debug/Stripe-t.build/Objects-normal/arm64/STPPaymentCardTextFieldViewModel.dia -c /Users/buddhirajgautam/Documents/Cherrygram-Mac/macOS-Swift/submodules/Stripe/Sources/STPPaymentCardTextFieldViewModel.m -o /Users/buddhirajgautam/Library/Developer/Xcode/DerivedData/Telegram-Mac-fygdgghdgmuleoelvxabfmqiotta/Build/Intermediates.noindex/Stripe.build/Debug/Stripe-t.build/Objects-normal/arm64/STPPaymentCardTextFieldViewModel.o -index-unit-output-path /Stripe.build/Debug/Stripe-t.build/Objects-normal/arm64/STPPaymentCardTextFieldViewModel.o

CompileC /Users/buddhirajgautam/Library/Developer/Xcode/DerivedData/Telegram-Mac-fygdgghdgmuleoelvxabfmqiotta/Build/Intermediates.noindex/Stripe.build/Debug/Stripe-t.build/Objects-normal/arm64/STPDispatchFunctions.o /Users/buddhirajgautam/Documents/Cherrygram-Mac/macOS-Swift/submodules/Stripe/Sources/STPDispatchFunctions.m normal arm64 objective-c com.apple.compilers.llvm.clang.1_0.compiler (in target 'Stripe' from project 'Stripe')
    cd /Users/buddhirajgautam/Documents/Cherrygram-Mac/macOS-Swift
    
    Using response file: /Users/buddhirajgautam/Library/Developer/Xcode/DerivedData/Telegram-Mac-fygdgghdgmuleoelvxabfmqiotta/Build/Intermediates.noindex/Stripe.build/Debug/Stripe-t.build/Objects-normal/arm64/e6072d4f65d7061329687fe24e3d63a7-common-args.resp
    
    /Applications/Xcode.app/Contents/Developer/Toolchains/XcodeDefault.xctoolchain/usr/bin/clang -x objective-c -ivfsstatcache /Users/buddhirajgautam/Library/Developer/Xcode/DerivedData/SDKStatCaches.noindex/macosx27.0-26A425-e829b21a6f8c9b70876ba0858053c0447231f6df4def33e022ae2eb8f782df1a.sdkstatcache -target arm64-apple-macos12.0 -fmessage-length\=0 -fdiagnostics-show-note-include-stack -fmacro-backtrace-limit\=0 -fno-color-diagnostics -fmodules-prune-interval\=86400 -fmodules-prune-after\=345600 -fbuild-session-file\=/Users/buddhirajgautam/Library/Developer/Xcode/DerivedData/ModuleCache.noindex/Session.modulevalidation -fmodules-validate-once-per-build-session -Wnon-modular-include-in-framework-module -Werror\=non-modular-include-in-framework-module -Wno-trigraphs -Wno-missing-field-initializers -Wno-missing-prototypes -Wno-return-type -Wno-implicit-atomic-properties -Wno-objc-interface-ivars -Wno-arc-repeated-use-of-weak -Wno-missing-braces -Wparentheses -Wswitch -Wno-unused-function -Wno-unused-label -Wno-unused-parameter -Wno-unused-variable -Wunused-value -Wno-empty-body -Wno-uninitialized -Wno-unknown-pragmas -Wno-shadow -Wno-four-char-constants -Wno-conversion -Wno-constant-conversion -Wno-int-conversion -Wno-bool-conversion -Wno-enum-conversion -Wno-float-conversion -Wno-non-literal-null-conversion -Wno-objc-literal-conversion -Wshorten-64-to-32 -Wpointer-sign -Wno-newline-eof -Wno-selector -Wno-strict-selector-match -Wno-undeclared-selector -Wno-deprecated-implementations -Wno-implicit-fallthrough -isysroot /Applications/Xcode.app/Contents/Developer/Platforms/MacOSX.platform/Developer/SDKs/MacOSX27.0.sdk -fstrict-aliasing -Wprotocol -Wdeprecated-declarations -Wno-sign-conversion -Wno-infinite-recursion -Wno-comma -Wno-block-capture-autoreleasing -Wno-strict-prototypes -Wno-semicolon-before-method-body -index-store-path /Users/buddhirajgautam/Library/Developer/Xcode/DerivedData/Telegram-Mac-fygdgghdgmuleoelvxabfmqiotta/Index.noindex/DataStore @/Users/buddhirajgautam/Library/Developer/Xcode/DerivedData/Telegram-Mac-fygdgghdgmuleoelvxabfmqiotta/Build/Intermediates.noindex/Stripe.build/Debug/Stripe-t.build/Objects-normal/arm64/e6072d4f65d7061329687fe24e3d63a7-common-args.resp -MMD -MT dependencies -MF /Users/buddhirajgautam/Library/Developer/Xcode/DerivedData/Telegram-Mac-fygdgghdgmuleoelvxabfmqiotta/Build/Intermediates.noindex/Stripe.build/Debug/Stripe-t.build/Objects-normal/arm64/STPDispatchFunctions.d --serialize-diagnostics /Users/buddhirajgautam/Library/Developer/Xcode/DerivedData/Telegram-Mac-fygdgghdgmuleoelvxabfmqiotta/Build/Intermediates.noindex/Stripe.build/Debug/Stripe-t.build/Objects-normal/arm64/STPDispatchFunctions.dia -c /Users/buddhirajgautam/Documents/Cherrygram-Mac/macOS-Swift/submodules/Stripe/Sources/STPDispatchFunctions.m -o /Users/buddhirajgautam/Library/Developer/Xcode/DerivedData/Telegram-Mac-fygdgghdgmuleoelvxabfmqiotta/Build/Intermediates.noindex/Stripe.build/Debug/Stripe-t.build/Objects-normal/arm64/STPDispatchFunctions.o -index-unit-output-path /Stripe.build/Debug/Stripe-t.build/Objects-normal/arm64/STPDispatchFunctions.o

PrecompileModule /Users/buddhirajgautam/Library/Developer/Xcode/DerivedData/Telegram-Mac-fygdgghdgmuleoelvxabfmqiotta/Build/Intermediates.noindex/ExplicitPrecompiledModules/Contacts-6NASSFVH01A79JU553X2Y1QE8.scan
    cd /
    builtin-precompileModule /Users/buddhirajgautam/Library/Developer/Xcode/DerivedData/Telegram-Mac-fygdgghdgmuleoelvxabfmqiotta/Build/Intermediates.noindex/ExplicitPrecompiledModules/Contacts-6NASSFVH01A79JU553X2Y1QE8.scan

ScanDependencies /Users/buddhirajgautam/Library/Developer/Xcode/DerivedData/Telegram-Mac-fygdgghdgmuleoelvxabfmqiotta/Build/Intermediates.noindex/Stripe.build/Debug/Stripe-t.build/Objects-normal/arm64/STPDelegateProxy.o /Users/buddhirajgautam/Documents/Cherrygram-Mac/macOS-Swift/submodules/Stripe/Sources/STPDelegateProxy.m normal arm64 objective-c com.apple.compilers.llvm.clang.1_0.compiler (in target 'Stripe' from project 'Stripe')
    cd /Users/buddhirajgautam/Documents/Cherrygram-Mac/macOS-Swift
    
    Using response file: /Users/buddhirajgautam/Library/Developer/Xcode/DerivedData/Telegram-Mac-fygdgghdgmuleoelvxabfmqiotta/Build/Intermediates.noindex/Stripe.build/Debug/Stripe-t.build/Objects-normal/arm64/e6072d4f65d7061329687fe24e3d63a7-common-args.resp
    
    builtin-ScanDependencies -o /Users/buddhirajgautam/Library/Developer/Xcode/DerivedData/Telegram-Mac-fygdgghdgmuleoelvxabfmqiotta/Build/Intermediates.noindex/Stripe.build/Debug/Stripe-t.build/Objects-normal/arm64/STPDelegateProxy.o.scan -- /Applications/Xcode.app/Contents/Developer/Toolchains/XcodeDefault.xctoolchain/usr/bin/clang -x objective-c -ivfsstatcache /Users/buddhirajgautam/Library/Developer/Xcode/DerivedData/SDKStatCaches.noindex/macosx27.0-26A425-e829b21a6f8c9b70876ba0858053c0447231f6df4def33e022ae2eb8f782df1a.sdkstatcache -target arm64-apple-macos12.0 -fmessage-length\=0 -fdiagnostics-show-note-include-stack -fmacro-backtrace-limit\=0 -fno-color-diagnostics -fmodules-prune-interval\=86400 -fmodules-prune-after\=345600 -fbuild-session-file\=/Users/buddhirajgautam/Library/Developer/Xcode/DerivedData/ModuleCache.noindex/Session.modulevalidation -fmodules-validate-once-per-build-session -Wnon-modular-include-in-framework-module -Werror\=non-modular-include-in-framework-module -Wno-trigraphs -Wno-missing-field-initializers -Wno-missing-prototypes -Wno-return-type -Wno-implicit-atomic-properties -Wno-objc-interface-ivars -Wno-arc-repeated-use-of-weak -Wno-missing-braces -Wparentheses -Wswitch -Wno-unused-function -Wno-unused-label -Wno-unused-parameter -Wno-unused-variable -Wunused-value -Wno-empty-body -Wno-uninitialized -Wno-unknown-pragmas -Wno-shadow -Wno-four-char-constants -Wno-conversion -Wno-constant-conversion -Wno-int-conversion -Wno-bool-conversion -Wno-enum-conversion -Wno-float-conversion -Wno-non-literal-null-conversion -Wno-objc-literal-conversion -Wshorten-64-to-32 -Wpointer-sign -Wno-newline-eof -Wno-selector -Wno-strict-selector-match -Wno-undeclared-selector -Wno-deprecated-implementations -Wno-implicit-fallthrough -isysroot /Applications/Xcode.app/Contents/Developer/Platforms/MacOSX.platform/Developer/SDKs/MacOSX27.0.sdk -fstrict-aliasing -Wprotocol -Wdeprecated-declarations -Wno-sign-conversion -Wno-infinite-recursion -Wno-comma -Wno-block-capture-autoreleasing -Wno-strict-prototypes -Wno-semicolon-before-method-body -index-store-path /Users/buddhirajgautam/Library/Developer/Xcode/DerivedData/Telegram-Mac-fygdgghdgmuleoelvxabfmqiotta/Index.noindex/DataStore @/Users/buddhirajgautam/Library/Developer/Xcode/DerivedData/Telegram-Mac-fygdgghdgmuleoelvxabfmqiotta/Build/Intermediates.noindex/Stripe.build/Debug/Stripe-t.build/Objects-normal/arm64/e6072d4f65d7061329687fe24e3d63a7-common-args.resp -MMD -MT dependencies -MF /Users/buddhirajgautam/Library/Developer/Xcode/DerivedData/Telegram-Mac-fygdgghdgmuleoelvxabfmqiotta/Build/Intermediates.noindex/Stripe.build/Debug/Stripe-t.build/Objects-normal/arm64/STPDelegateProxy.d --serialize-diagnostics /Users/buddhirajgautam/Library/Developer/Xcode/DerivedData/Telegram-Mac-fygdgghdgmuleoelvxabfmqiotta/Build/Intermediates.noindex/Stripe.build/Debug/Stripe-t.build/Objects-normal/arm64/STPDelegateProxy.dia -c /Users/buddhirajgautam/Documents/Cherrygram-Mac/macOS-Swift/submodules/Stripe/Sources/STPDelegateProxy.m -o /Users/buddhirajgautam/Library/Developer/Xcode/DerivedData/Telegram-Mac-fygdgghdgmuleoelvxabfmqiotta/Build/Intermediates.noindex/Stripe.build/Debug/Stripe-t.build/Objects-normal/arm64/STPDelegateProxy.o -index-unit-output-path /Stripe.build/Debug/Stripe-t.build/Objects-normal/arm64/STPDelegateProxy.o

ScanDependencies /Users/buddhirajgautam/Library/Developer/Xcode/DerivedData/Telegram-Mac-fygdgghdgmuleoelvxabfmqiotta/Build/Intermediates.noindex/Stripe.build/Debug/Stripe-t.build/Objects-normal/arm64/STPCustomer.o /Users/buddhirajgautam/Documents/Cherrygram-Mac/macOS-Swift/submodules/Stripe/Sources/STPCustomer.m normal arm64 objective-c com.apple.compilers.llvm.clang.1_0.compiler (in target 'Stripe' from project 'Stripe')
    cd /Users/buddhirajgautam/Documents/Cherrygram-Mac/macOS-Swift
    
    Using response file: /Users/buddhirajgautam/Library/Developer/Xcode/DerivedData/Telegram-Mac-fygdgghdgmuleoelvxabfmqiotta/Build/Intermediates.noindex/Stripe.build/Debug/Stripe-t.build/Objects-normal/arm64/e6072d4f65d7061329687fe24e3d63a7-common-args.resp
    
    builtin-ScanDependencies -o /Users/buddhirajgautam/Library/Developer/Xcode/DerivedData/Telegram-Mac-fygdgghdgmuleoelvxabfmqiotta/Build/Intermediates.noindex/Stripe.build/Debug/Stripe-t.build/Objects-normal/arm64/STPCustomer.o.scan -- /Applications/Xcode.app/Contents/Developer/Toolchains/XcodeDefault.xctoolchain/usr/bin/clang -x objective-c -ivfsstatcache /Users/buddhirajgautam/Library/Developer/Xcode/DerivedData/SDKStatCaches.noindex/macosx27.0-26A425-e829b21a6f8c9b70876ba0858053c0447231f6df4def33e022ae2eb8f782df1a.sdkstatcache -target arm64-apple-macos12.0 -fmessage-length\=0 -fdiagnostics-show-note-include-stack -fmacro-backtrace-limit\=0 -fno-color-diagnostics -fmodules-prune-interval\=86400 -fmodules-prune-after\=345600 -fbuild-session-file\=/Users/buddhirajgautam/Library/Developer/Xcode/DerivedData/ModuleCache.noindex/Session.modulevalidation -fmodules-validate-once-per-build-session -Wnon-modular-include-in-framework-module -Werror\=non-modular-include-in-framework-module -Wno-trigraphs -Wno-missing-field-initializers -Wno-missing-prototypes -Wno-return-type -Wno-implicit-atomic-properties -Wno-objc-interface-ivars -Wno-arc-repeated-use-of-weak -Wno-missing-braces -Wparentheses -Wswitch -Wno-unused-function -Wno-unused-label -Wno-unused-parameter -Wno-unused-variable -Wunused-value -Wno-empty-body -Wno-uninitialized -Wno-unknown-pragmas -Wno-shadow -Wno-four-char-constants -Wno-conversion -Wno-constant-conversion -Wno-int-conversion -Wno-bool-conversion -Wno-enum-conversion -Wno-float-conversion -Wno-non-literal-null-conversion -Wno-objc-literal-conversion -Wshorten-64-to-32 -Wpointer-sign -Wno-newline-eof -Wno-selector -Wno-strict-selector-match -Wno-undeclared-selector -Wno-deprecated-implementations -Wno-implicit-fallthrough -isysroot /Applications/Xcode.app/Contents/Developer/Platforms/MacOSX.platform/Developer/SDKs/MacOSX27.0.sdk -fstrict-aliasing -Wprotocol -Wdeprecated-declarations -Wno-sign-conversion -Wno-infinite-recursion -Wno-comma -Wno-block-capture-autoreleasing -Wno-strict-prototypes -Wno-semicolon-before-method-body -index-store-path /Users/buddhirajgautam/Library/Developer/Xcode/DerivedData/Telegram-Mac-fygdgghdgmuleoelvxabfmqiotta/Index.noindex/DataStore @/Users/buddhirajgautam/Library/Developer/Xcode/DerivedData/Telegram-Mac-fygdgghdgmuleoelvxabfmqiotta/Build/Intermediates.noindex/Stripe.build/Debug/Stripe-t.build/Objects-normal/arm64/e6072d4f65d7061329687fe24e3d63a7-common-args.resp -MMD -MT dependencies -MF /Users/buddhirajgautam/Library/Developer/Xcode/DerivedData/Telegram-Mac-fygdgghdgmuleoelvxabfmqiotta/Build/Intermediates.noindex/Stripe.build/Debug/Stripe-t.build/Objects-normal/arm64/STPCustomer.d --serialize-diagnostics /Users/buddhirajgautam/Library/Developer/Xcode/DerivedData/Telegram-Mac-fygdgghdgmuleoelvxabfmqiotta/Build/Intermediates.noindex/Stripe.build/Debug/Stripe-t.build/Objects-normal/arm64/STPCustomer.dia -c /Users/buddhirajgautam/Documents/Cherrygram-Mac/macOS-Swift/submodules/Stripe/Sources/STPCustomer.m -o /Users/buddhirajgautam/Library/Developer/Xcode/DerivedData/Telegram-Mac-fygdgghdgmuleoelvxabfmqiotta/Build/Intermediates.noindex/Stripe.build/Debug/Stripe-t.build/Objects-normal/arm64/STPCustomer.o -index-unit-output-path /Stripe.build/Debug/Stripe-t.build/Objects-normal/arm64/STPCustomer.o

Ld /Users/buddhirajgautam/Library/Developer/Xcode/DerivedData/Telegram-Mac-fygdgghdgmuleoelvxabfmqiotta/Build/Products/Debug/Svg.o normal (in target 'Svg' from project 'Svg')
    cd /Users/buddhirajgautam/Documents/Cherrygram-Mac/macOS-Swift/packages/Svg
    /Applications/Xcode.app/Contents/Developer/Toolchains/XcodeDefault.xctoolchain/usr/bin/clang -Xlinker -reproducible -target arm64-apple-macos12.0 -r -isysroot /Applications/Xcode.app/Contents/Developer/Platforms/MacOSX.platform/Developer/SDKs/MacOSX27.0.sdk -O0 -Xlinker -no_warn_duplicate_libraries -F/Users/buddhirajgautam/Library/Developer/Xcode/DerivedData/Telegram-Mac-fygdgghdgmuleoelvxabfmqiotta/Build/Intermediates.noindex/EagerLinkingTBDs/Debug -F/Users/buddhirajgautam/Library/Developer/Xcode/DerivedData/Telegram-Mac-fygdgghdgmuleoelvxabfmqiotta/Build/Products/Debug -iframework /Applications/Xcode.app/Contents/Developer/Platforms/MacOSX.platform/Developer/Library/Frameworks -filelist /Users/buddhirajgautam/Library/Developer/Xcode/DerivedData/Telegram-Mac-fygdgghdgmuleoelvxabfmqiotta/Build/Intermediates.noindex/Svg.build/Debug/Svg-t.build/Objects-normal/arm64/Svg.LinkFileList -nostdlib -Xlinker -object_path_lto -Xlinker /Users/buddhirajgautam/Library/Developer/Xcode/DerivedData/Telegram-Mac-fygdgghdgmuleoelvxabfmqiotta/Build/Intermediates.noindex/Svg.build/Debug/Svg-t.build/Objects-normal/arm64/Svg_lto.o -Xlinker -no_deduplicate -Xlinker -debug_variant -Xlinker -dependency_info -Xlinker /Users/buddhirajgautam/Library/Developer/Xcode/DerivedData/Telegram-Mac-fygdgghdgmuleoelvxabfmqiotta/Build/Intermediates.noindex/Svg.build/Debug/Svg-t.build/Objects-normal/arm64/Svg_dependency_info.dat -fobjc-arc -fobjc-link-runtime -o /Users/buddhirajgautam/Library/Developer/Xcode/DerivedData/Telegram-Mac-fygdgghdgmuleoelvxabfmqiotta/Build/Products/Debug/Svg.o

CompileC /Users/buddhirajgautam/Library/Developer/Xcode/DerivedData/Telegram-Mac-fygdgghdgmuleoelvxabfmqiotta/Build/Intermediates.noindex/Stripe.build/Debug/Stripe-t.build/Objects-normal/arm64/STPDelegateProxy.o /Users/buddhirajgautam/Documents/Cherrygram-Mac/macOS-Swift/submodules/Stripe/Sources/STPDelegateProxy.m normal arm64 objective-c com.apple.compilers.llvm.clang.1_0.compiler (in target 'Stripe' from project 'Stripe')
    cd /Users/buddhirajgautam/Documents/Cherrygram-Mac/macOS-Swift
    
    Using response file: /Users/buddhirajgautam/Library/Developer/Xcode/DerivedData/Telegram-Mac-fygdgghdgmuleoelvxabfmqiotta/Build/Intermediates.noindex/Stripe.build/Debug/Stripe-t.build/Objects-normal/arm64/e6072d4f65d7061329687fe24e3d63a7-common-args.resp
    
    /Applications/Xcode.app/Contents/Developer/Toolchains/XcodeDefault.xctoolchain/usr/bin/clang -x objective-c -ivfsstatcache /Users/buddhirajgautam/Library/Developer/Xcode/DerivedData/SDKStatCaches.noindex/macosx27.0-26A425-e829b21a6f8c9b70876ba0858053c0447231f6df4def33e022ae2eb8f782df1a.sdkstatcache -target arm64-apple-macos12.0 -fmessage-length\=0 -fdiagnostics-show-note-include-stack -fmacro-backtrace-limit\=0 -fno-color-diagnostics -fmodules-prune-interval\=86400 -fmodules-prune-after\=345600 -fbuild-session-file\=/Users/buddhirajgautam/Library/Developer/Xcode/DerivedData/ModuleCache.noindex/Session.modulevalidation -fmodules-validate-once-per-build-session -Wnon-modular-include-in-framework-module -Werror\=non-modular-include-in-framework-module -Wno-trigraphs -Wno-missing-field-initializers -Wno-missing-prototypes -Wno-return-type -Wno-implicit-atomic-properties -Wno-objc-interface-ivars -Wno-arc-repeated-use-of-weak -Wno-missing-braces -Wparentheses -Wswitch -Wno-unused-function -Wno-unused-label -Wno-unused-parameter -Wno-unused-variable -Wunused-value -Wno-empty-body -Wno-uninitialized -Wno-unknown-pragmas -Wno-shadow -Wno-four-char-constants -Wno-conversion -Wno-constant-conversion -Wno-int-conversion -Wno-bool-conversion -Wno-enum-conversion -Wno-float-conversion -Wno-non-literal-null-conversion -Wno-objc-literal-conversion -Wshorten-64-to-32 -Wpointer-sign -Wno-newline-eof -Wno-selector -Wno-strict-selector-match -Wno-undeclared-selector -Wno-deprecated-implementations -Wno-implicit-fallthrough -isysroot /Applications/Xcode.app/Contents/Developer/Platforms/MacOSX.platform/Developer/SDKs/MacOSX27.0.sdk -fstrict-aliasing -Wprotocol -Wdeprecated-declarations -Wno-sign-conversion -Wno-infinite-recursion -Wno-comma -Wno-block-capture-autoreleasing -Wno-strict-prototypes -Wno-semicolon-before-method-body -index-store-path /Users/buddhirajgautam/Library/Developer/Xcode/DerivedData/Telegram-Mac-fygdgghdgmuleoelvxabfmqiotta/Index.noindex/DataStore @/Users/buddhirajgautam/Library/Developer/Xcode/DerivedData/Telegram-Mac-fygdgghdgmuleoelvxabfmqiotta/Build/Intermediates.noindex/Stripe.build/Debug/Stripe-t.build/Objects-normal/arm64/e6072d4f65d7061329687fe24e3d63a7-common-args.resp -MMD -MT dependencies -MF /Users/buddhirajgautam/Library/Developer/Xcode/DerivedData/Telegram-Mac-fygdgghdgmuleoelvxabfmqiotta/Build/Intermediates.noindex/Stripe.build/Debug/Stripe-t.build/Objects-normal/arm64/STPDelegateProxy.d --serialize-diagnostics /Users/buddhirajgautam/Library/Developer/Xcode/DerivedData/Telegram-Mac-fygdgghdgmuleoelvxabfmqiotta/Build/Intermediates.noindex/Stripe.build/Debug/Stripe-t.build/Objects-normal/arm64/STPDelegateProxy.dia -c /Users/buddhirajgautam/Documents/Cherrygram-Mac/macOS-Swift/submodules/Stripe/Sources/STPDelegateProxy.m -o /Users/buddhirajgautam/Library/Developer/Xcode/DerivedData/Telegram-Mac-fygdgghdgmuleoelvxabfmqiotta/Build/Intermediates.noindex/Stripe.build/Debug/Stripe-t.build/Objects-normal/arm64/STPDelegateProxy.o -index-unit-output-path /Stripe.build/Debug/Stripe-t.build/Objects-normal/arm64/STPDelegateProxy.o

CompileC /Users/buddhirajgautam/Library/Developer/Xcode/DerivedData/Telegram-Mac-fygdgghdgmuleoelvxabfmqiotta/Build/Intermediates.noindex/Stripe.build/Debug/Stripe-t.build/Objects-normal/arm64/STPCustomer.o /Users/buddhirajgautam/Documents/Cherrygram-Mac/macOS-Swift/submodules/Stripe/Sources/STPCustomer.m normal arm64 objective-c com.apple.compilers.llvm.clang.1_0.compiler (in target 'Stripe' from project 'Stripe')
    cd /Users/buddhirajgautam/Documents/Cherrygram-Mac/macOS-Swift
    
    Using response file: /Users/buddhirajgautam/Library/Developer/Xcode/DerivedData/Telegram-Mac-fygdgghdgmuleoelvxabfmqiotta/Build/Intermediates.noindex/Stripe.build/Debug/Stripe-t.build/Objects-normal/arm64/e6072d4f65d7061329687fe24e3d63a7-common-args.resp
    
    /Applications/Xcode.app/Contents/Developer/Toolchains/XcodeDefault.xctoolchain/usr/bin/clang -x objective-c -ivfsstatcache /Users/buddhirajgautam/Library/Developer/Xcode/DerivedData/SDKStatCaches.noindex/macosx27.0-26A425-e829b21a6f8c9b70876ba0858053c0447231f6df4def33e022ae2eb8f782df1a.sdkstatcache -target arm64-apple-macos12.0 -fmessage-length\=0 -fdiagnostics-show-note-include-stack -fmacro-backtrace-limit\=0 -fno-color-diagnostics -fmodules-prune-interval\=86400 -fmodules-prune-after\=345600 -fbuild-session-file\=/Users/buddhirajgautam/Library/Developer/Xcode/DerivedData/ModuleCache.noindex/Session.modulevalidation -fmodules-validate-once-per-build-session -Wnon-modular-include-in-framework-module -Werror\=non-modular-include-in-framework-module -Wno-trigraphs -Wno-missing-field-initializers -Wno-missing-prototypes -Wno-return-type -Wno-implicit-atomic-properties -Wno-objc-interface-ivars -Wno-arc-repeated-use-of-weak -Wno-missing-braces -Wparentheses -Wswitch -Wno-unused-function -Wno-unused-label -Wno-unused-parameter -Wno-unused-variable -Wunused-value -Wno-empty-body -Wno-uninitialized -Wno-unknown-pragmas -Wno-shadow -Wno-four-char-constants -Wno-conversion -Wno-constant-conversion -Wno-int-conversion -Wno-bool-conversion -Wno-enum-conversion -Wno-float-conversion -Wno-non-literal-null-conversion -Wno-objc-literal-conversion -Wshorten-64-to-32 -Wpointer-sign -Wno-newline-eof -Wno-selector -Wno-strict-selector-match -Wno-undeclared-selector -Wno-deprecated-implementations -Wno-implicit-fallthrough -isysroot /Applications/Xcode.app/Contents/Developer/Platforms/MacOSX.platform/Developer/SDKs/MacOSX27.0.sdk -fstrict-aliasing -Wprotocol -Wdeprecated-declarations -Wno-sign-conversion -Wno-infinite-recursion -Wno-comma -Wno-block-capture-autoreleasing -Wno-strict-prototypes -Wno-semicolon-before-method-body -index-store-path /Users/buddhirajgautam/Library/Developer/Xcode/DerivedData/Telegram-Mac-fygdgghdgmuleoelvxabfmqiotta/Index.noindex/DataStore @/Users/buddhirajgautam/Library/Developer/Xcode/DerivedData/Telegram-Mac-fygdgghdgmuleoelvxabfmqiotta/Build/Intermediates.noindex/Stripe.build/Debug/Stripe-t.build/Objects-normal/arm64/e6072d4f65d7061329687fe24e3d63a7-common-args.resp -MMD -MT dependencies -MF /Users/buddhirajgautam/Library/Developer/Xcode/DerivedData/Telegram-Mac-fygdgghdgmuleoelvxabfmqiotta/Build/Intermediates.noindex/Stripe.build/Debug/Stripe-t.build/Objects-normal/arm64/STPCustomer.d --serialize-diagnostics /Users/buddhirajgautam/Library/Developer/Xcode/DerivedData/Telegram-Mac-fygdgghdgmuleoelvxabfmqiotta/Build/Intermediates.noindex/Stripe.build/Debug/Stripe-t.build/Objects-normal/arm64/STPCustomer.dia -c /Users/buddhirajgautam/Documents/Cherrygram-Mac/macOS-Swift/submodules/Stripe/Sources/STPCustomer.m -o /Users/buddhirajgautam/Library/Developer/Xcode/DerivedData/Telegram-Mac-fygdgghdgmuleoelvxabfmqiotta/Build/Intermediates.noindex/Stripe.build/Debug/Stripe-t.build/Objects-normal/arm64/STPCustomer.o -index-unit-output-path /Stripe.build/Debug/Stripe-t.build/Objects-normal/arm64/STPCustomer.o

ScanDependencies /Users/buddhirajgautam/Library/Developer/Xcode/DerivedData/Telegram-Mac-fygdgghdgmuleoelvxabfmqiotta/Build/Intermediates.noindex/Stripe.build/Debug/Stripe-t.build/Objects-normal/arm64/STPCardValidator.o /Users/buddhirajgautam/Documents/Cherrygram-Mac/macOS-Swift/submodules/Stripe/Sources/STPCardValidator.m normal arm64 objective-c com.apple.compilers.llvm.clang.1_0.compiler (in target 'Stripe' from project 'Stripe')
    cd /Users/buddhirajgautam/Documents/Cherrygram-Mac/macOS-Swift
    
    Using response file: /Users/buddhirajgautam/Library/Developer/Xcode/DerivedData/Telegram-Mac-fygdgghdgmuleoelvxabfmqiotta/Build/Intermediates.noindex/Stripe.build/Debug/Stripe-t.build/Objects-normal/arm64/e6072d4f65d7061329687fe24e3d63a7-common-args.resp
    
    builtin-ScanDependencies -o /Users/buddhirajgautam/Library/Developer/Xcode/DerivedData/Telegram-Mac-fygdgghdgmuleoelvxabfmqiotta/Build/Intermediates.noindex/Stripe.build/Debug/Stripe-t.build/Objects-normal/arm64/STPCardValidator.o.scan -- /Applications/Xcode.app/Contents/Developer/Toolchains/XcodeDefault.xctoolchain/usr/bin/clang -x objective-c -ivfsstatcache /Users/buddhirajgautam/Library/Developer/Xcode/DerivedData/SDKStatCaches.noindex/macosx27.0-26A425-e829b21a6f8c9b70876ba0858053c0447231f6df4def33e022ae2eb8f782df1a.sdkstatcache -target arm64-apple-macos12.0 -fmessage-length\=0 -fdiagnostics-show-note-include-stack -fmacro-backtrace-limit\=0 -fno-color-diagnostics -fmodules-prune-interval\=86400 -fmodules-prune-after\=345600 -fbuild-session-file\=/Users/buddhirajgautam/Library/Developer/Xcode/DerivedData/ModuleCache.noindex/Session.modulevalidation -fmodules-validate-once-per-build-session -Wnon-modular-include-in-framework-module -Werror\=non-modular-include-in-framework-module -Wno-trigraphs -Wno-missing-field-initializers -Wno-missing-prototypes -Wno-return-type -Wno-implicit-atomic-properties -Wno-objc-interface-ivars -Wno-arc-repeated-use-of-weak -Wno-missing-braces -Wparentheses -Wswitch -Wno-unused-function -Wno-unused-label -Wno-unused-parameter -Wno-unused-variable -Wunused-value -Wno-empty-body -Wno-uninitialized -Wno-unknown-pragmas -Wno-shadow -Wno-four-char-constants -Wno-conversion -Wno-constant-conversion -Wno-int-conversion -Wno-bool-conversion -Wno-enum-conversion -Wno-float-conversion -Wno-non-literal-null-conversion -Wno-objc-literal-conversion -Wshorten-64-to-32 -Wpointer-sign -Wno-newline-eof -Wno-selector -Wno-strict-selector-match -Wno-undeclared-selector -Wno-deprecated-implementations -Wno-implicit-fallthrough -isysroot /Applications/Xcode.app/Contents/Developer/Platforms/MacOSX.platform/Developer/SDKs/MacOSX27.0.sdk -fstrict-aliasing -Wprotocol -Wdeprecated-declarations -Wno-sign-conversion -Wno-infinite-recursion -Wno-comma -Wno-block-capture-autoreleasing -Wno-strict-prototypes -Wno-semicolon-before-method-body -index-store-path /Users/buddhirajgautam/Library/Developer/Xcode/DerivedData/Telegram-Mac-fygdgghdgmuleoelvxabfmqiotta/Index.noindex/DataStore @/Users/buddhirajgautam/Library/Developer/Xcode/DerivedData/Telegram-Mac-fygdgghdgmuleoelvxabfmqiotta/Build/Intermediates.noindex/Stripe.build/Debug/Stripe-t.build/Objects-normal/arm64/e6072d4f65d7061329687fe24e3d63a7-common-args.resp -MMD -MT dependencies -MF /Users/buddhirajgautam/Library/Developer/Xcode/DerivedData/Telegram-Mac-fygdgghdgmuleoelvxabfmqiotta/Build/Intermediates.noindex/Stripe.build/Debug/Stripe-t.build/Objects-normal/arm64/STPCardValidator.d --serialize-diagnostics /Users/buddhirajgautam/Library/Developer/Xcode/DerivedData/Telegram-Mac-fygdgghdgmuleoelvxabfmqiotta/Build/Intermediates.noindex/Stripe.build/Debug/Stripe-t.build/Objects-normal/arm64/STPCardValidator.dia -c /Users/buddhirajgautam/Documents/Cherrygram-Mac/macOS-Swift/submodules/Stripe/Sources/STPCardValidator.m -o /Users/buddhirajgautam/Library/Developer/Xcode/DerivedData/Telegram-Mac-fygdgghdgmuleoelvxabfmqiotta/Build/Intermediates.noindex/Stripe.build/Debug/Stripe-t.build/Objects-normal/arm64/STPCardValidator.o -index-unit-output-path /Stripe.build/Debug/Stripe-t.build/Objects-normal/arm64/STPCardValidator.o

PrecompileModule /Users/buddhirajgautam/Library/Developer/Xcode/DerivedData/Telegram-Mac-fygdgghdgmuleoelvxabfmqiotta/Build/Intermediates.noindex/ExplicitPrecompiledModules/PassKit-1RH664S82RG81ZWC8J996DWCY.scan
    cd /
    builtin-precompileModule /Users/buddhirajgautam/Library/Developer/Xcode/DerivedData/Telegram-Mac-fygdgghdgmuleoelvxabfmqiotta/Build/Intermediates.noindex/ExplicitPrecompiledModules/PassKit-1RH664S82RG81ZWC8J996DWCY.scan

ScanDependencies /Users/buddhirajgautam/Library/Developer/Xcode/DerivedData/Telegram-Mac-fygdgghdgmuleoelvxabfmqiotta/Build/Intermediates.noindex/Stripe.build/Debug/Stripe-t.build/Objects-normal/arm64/STPCardParams.o /Users/buddhirajgautam/Documents/Cherrygram-Mac/macOS-Swift/submodules/Stripe/Sources/STPCardParams.m normal arm64 objective-c com.apple.compilers.llvm.clang.1_0.compiler (in target 'Stripe' from project 'Stripe')
    cd /Users/buddhirajgautam/Documents/Cherrygram-Mac/macOS-Swift
    
    Using response file: /Users/buddhirajgautam/Library/Developer/Xcode/DerivedData/Telegram-Mac-fygdgghdgmuleoelvxabfmqiotta/Build/Intermediates.noindex/Stripe.build/Debug/Stripe-t.build/Objects-normal/arm64/e6072d4f65d7061329687fe24e3d63a7-common-args.resp
    
    builtin-ScanDependencies -o /Users/buddhirajgautam/Library/Developer/Xcode/DerivedData/Telegram-Mac-fygdgghdgmuleoelvxabfmqiotta/Build/Intermediates.noindex/Stripe.build/Debug/Stripe-t.build/Objects-normal/arm64/STPCardParams.o.scan -- /Applications/Xcode.app/Contents/Developer/Toolchains/XcodeDefault.xctoolchain/usr/bin/clang -x objective-c -ivfsstatcache /Users/buddhirajgautam/Library/Developer/Xcode/DerivedData/SDKStatCaches.noindex/macosx27.0-26A425-e829b21a6f8c9b70876ba0858053c0447231f6df4def33e022ae2eb8f782df1a.sdkstatcache -target arm64-apple-macos12.0 -fmessage-length\=0 -fdiagnostics-show-note-include-stack -fmacro-backtrace-limit\=0 -fno-color-diagnostics -fmodules-prune-interval\=86400 -fmodules-prune-after\=345600 -fbuild-session-file\=/Users/buddhirajgautam/Library/Developer/Xcode/DerivedData/ModuleCache.noindex/Session.modulevalidation -fmodules-validate-once-per-build-session -Wnon-modular-include-in-framework-module -Werror\=non-modular-include-in-framework-module -Wno-trigraphs -Wno-missing-field-initializers -Wno-missing-prototypes -Wno-return-type -Wno-implicit-atomic-properties -Wno-objc-interface-ivars -Wno-arc-repeated-use-of-weak -Wno-missing-braces -Wparentheses -Wswitch -Wno-unused-function -Wno-unused-label -Wno-unused-parameter -Wno-unused-variable -Wunused-value -Wno-empty-body -Wno-uninitialized -Wno-unknown-pragmas -Wno-shadow -Wno-four-char-constants -Wno-conversion -Wno-constant-conversion -Wno-int-conversion -Wno-bool-conversion -Wno-enum-conversion -Wno-float-conversion -Wno-non-literal-null-conversion -Wno-objc-literal-conversion -Wshorten-64-to-32 -Wpointer-sign -Wno-newline-eof -Wno-selector -Wno-strict-selector-match -Wno-undeclared-selector -Wno-deprecated-implementations -Wno-implicit-fallthrough -isysroot /Applications/Xcode.app/Contents/Developer/Platforms/MacOSX.platform/Developer/SDKs/MacOSX27.0.sdk -fstrict-aliasing -Wprotocol -Wdeprecated-declarations -Wno-sign-conversion -Wno-infinite-recursion -Wno-comma -Wno-block-capture-autoreleasing -Wno-strict-prototypes -Wno-semicolon-before-method-body -index-store-path /Users/buddhirajgautam/Library/Developer/Xcode/DerivedData/Telegram-Mac-fygdgghdgmuleoelvxabfmqiotta/Index.noindex/DataStore @/Users/buddhirajgautam/Library/Developer/Xcode/DerivedData/Telegram-Mac-fygdgghdgmuleoelvxabfmqiotta/Build/Intermediates.noindex/Stripe.build/Debug/Stripe-t.build/Objects-normal/arm64/e6072d4f65d7061329687fe24e3d63a7-common-args.resp -MMD -MT dependencies -MF /Users/buddhirajgautam/Library/Developer/Xcode/DerivedData/Telegram-Mac-fygdgghdgmuleoelvxabfmqiotta/Build/Intermediates.noindex/Stripe.build/Debug/Stripe-t.build/Objects-normal/arm64/STPCardParams.d --serialize-diagnostics /Users/buddhirajgautam/Library/Developer/Xcode/DerivedData/Telegram-Mac-fygdgghdgmuleoelvxabfmqiotta/Build/Intermediates.noindex/Stripe.build/Debug/Stripe-t.build/Objects-normal/arm64/STPCardParams.dia -c /Users/buddhirajgautam/Documents/Cherrygram-Mac/macOS-Swift/submodules/Stripe/Sources/STPCardParams.m -o /Users/buddhirajgautam/Library/Developer/Xcode/DerivedData/Telegram-Mac-fygdgghdgmuleoelvxabfmqiotta/Build/Intermediates.noindex/Stripe.build/Debug/Stripe-t.build/Objects-normal/arm64/STPCardParams.o -index-unit-output-path /Stripe.build/Debug/Stripe-t.build/Objects-normal/arm64/STPCardParams.o

CompileC /Users/buddhirajgautam/Library/Developer/Xcode/DerivedData/Telegram-Mac-fygdgghdgmuleoelvxabfmqiotta/Build/Intermediates.noindex/Stripe.build/Debug/Stripe-t.build/Objects-normal/arm64/STPCardValidator.o /Users/buddhirajgautam/Documents/Cherrygram-Mac/macOS-Swift/submodules/Stripe/Sources/STPCardValidator.m normal arm64 objective-c com.apple.compilers.llvm.clang.1_0.compiler (in target 'Stripe' from project 'Stripe')
    cd /Users/buddhirajgautam/Documents/Cherrygram-Mac/macOS-Swift
    
    Using response file: /Users/buddhirajgautam/Library/Developer/Xcode/DerivedData/Telegram-Mac-fygdgghdgmuleoelvxabfmqiotta/Build/Intermediates.noindex/Stripe.build/Debug/Stripe-t.build/Objects-normal/arm64/e6072d4f65d7061329687fe24e3d63a7-common-args.resp
    
    /Applications/Xcode.app/Contents/Developer/Toolchains/XcodeDefault.xctoolchain/usr/bin/clang -x objective-c -ivfsstatcache /Users/buddhirajgautam/Library/Developer/Xcode/DerivedData/SDKStatCaches.noindex/macosx27.0-26A425-e829b21a6f8c9b70876ba0858053c0447231f6df4def33e022ae2eb8f782df1a.sdkstatcache -target arm64-apple-macos12.0 -fmessage-length\=0 -fdiagnostics-show-note-include-stack -fmacro-backtrace-limit\=0 -fno-color-diagnostics -fmodules-prune-interval\=86400 -fmodules-prune-after\=345600 -fbuild-session-file\=/Users/buddhirajgautam/Library/Developer/Xcode/DerivedData/ModuleCache.noindex/Session.modulevalidation -fmodules-validate-once-per-build-session -Wnon-modular-include-in-framework-module -Werror\=non-modular-include-in-framework-module -Wno-trigraphs -Wno-missing-field-initializers -Wno-missing-prototypes -Wno-return-type -Wno-implicit-atomic-properties -Wno-objc-interface-ivars -Wno-arc-repeated-use-of-weak -Wno-missing-braces -Wparentheses -Wswitch -Wno-unused-function -Wno-unused-label -Wno-unused-parameter -Wno-unused-variable -Wunused-value -Wno-empty-body -Wno-uninitialized -Wno-unknown-pragmas -Wno-shadow -Wno-four-char-constants -Wno-conversion -Wno-constant-conversion -Wno-int-conversion -Wno-bool-conversion -Wno-enum-conversion -Wno-float-conversion -Wno-non-literal-null-conversion -Wno-objc-literal-conversion -Wshorten-64-to-32 -Wpointer-sign -Wno-newline-eof -Wno-selector -Wno-strict-selector-match -Wno-undeclared-selector -Wno-deprecated-implementations -Wno-implicit-fallthrough -isysroot /Applications/Xcode.app/Contents/Developer/Platforms/MacOSX.platform/Developer/SDKs/MacOSX27.0.sdk -fstrict-aliasing -Wprotocol -Wdeprecated-declarations -Wno-sign-conversion -Wno-infinite-recursion -Wno-comma -Wno-block-capture-autoreleasing -Wno-strict-prototypes -Wno-semicolon-before-method-body -index-store-path /Users/buddhirajgautam/Library/Developer/Xcode/DerivedData/Telegram-Mac-fygdgghdgmuleoelvxabfmqiotta/Index.noindex/DataStore @/Users/buddhirajgautam/Library/Developer/Xcode/DerivedData/Telegram-Mac-fygdgghdgmuleoelvxabfmqiotta/Build/Intermediates.noindex/Stripe.build/Debug/Stripe-t.build/Objects-normal/arm64/e6072d4f65d7061329687fe24e3d63a7-common-args.resp -MMD -MT dependencies -MF /Users/buddhirajgautam/Library/Developer/Xcode/DerivedData/Telegram-Mac-fygdgghdgmuleoelvxabfmqiotta/Build/Intermediates.noindex/Stripe.build/Debug/Stripe-t.build/Objects-normal/arm64/STPCardValidator.d --serialize-diagnostics /Users/buddhirajgautam/Library/Developer/Xcode/DerivedData/Telegram-Mac-fygdgghdgmuleoelvxabfmqiotta/Build/Intermediates.noindex/Stripe.build/Debug/Stripe-t.build/Objects-normal/arm64/STPCardValidator.dia -c /Users/buddhirajgautam/Documents/Cherrygram-Mac/macOS-Swift/submodules/Stripe/Sources/STPCardValidator.m -o /Users/buddhirajgautam/Library/Developer/Xcode/DerivedData/Telegram-Mac-fygdgghdgmuleoelvxabfmqiotta/Build/Intermediates.noindex/Stripe.build/Debug/Stripe-t.build/Objects-normal/arm64/STPCardValidator.o -index-unit-output-path /Stripe.build/Debug/Stripe-t.build/Objects-normal/arm64/STPCardValidator.o

ScanDependencies /Users/buddhirajgautam/Library/Developer/Xcode/DerivedData/Telegram-Mac-fygdgghdgmuleoelvxabfmqiotta/Build/Intermediates.noindex/Stripe.build/Debug/Stripe-t.build/Objects-normal/arm64/STPCard.o /Users/buddhirajgautam/Documents/Cherrygram-Mac/macOS-Swift/submodules/Stripe/Sources/STPCard.m normal arm64 objective-c com.apple.compilers.llvm.clang.1_0.compiler (in target 'Stripe' from project 'Stripe')
    cd /Users/buddhirajgautam/Documents/Cherrygram-Mac/macOS-Swift
    
    Using response file: /Users/buddhirajgautam/Library/Developer/Xcode/DerivedData/Telegram-Mac-fygdgghdgmuleoelvxabfmqiotta/Build/Intermediates.noindex/Stripe.build/Debug/Stripe-t.build/Objects-normal/arm64/e6072d4f65d7061329687fe24e3d63a7-common-args.resp
    
    builtin-ScanDependencies -o /Users/buddhirajgautam/Library/Developer/Xcode/DerivedData/Telegram-Mac-fygdgghdgmuleoelvxabfmqiotta/Build/Intermediates.noindex/Stripe.build/Debug/Stripe-t.build/Objects-normal/arm64/STPCard.o.scan -- /Applications/Xcode.app/Contents/Developer/Toolchains/XcodeDefault.xctoolchain/usr/bin/clang -x objective-c -ivfsstatcache /Users/buddhirajgautam/Library/Developer/Xcode/DerivedData/SDKStatCaches.noindex/macosx27.0-26A425-e829b21a6f8c9b70876ba0858053c0447231f6df4def33e022ae2eb8f782df1a.sdkstatcache -target arm64-apple-macos12.0 -fmessage-length\=0 -fdiagnostics-show-note-include-stack -fmacro-backtrace-limit\=0 -fno-color-diagnostics -fmodules-prune-interval\=86400 -fmodules-prune-after\=345600 -fbuild-session-file\=/Users/buddhirajgautam/Library/Developer/Xcode/DerivedData/ModuleCache.noindex/Session.modulevalidation -fmodules-validate-once-per-build-session -Wnon-modular-include-in-framework-module -Werror\=non-modular-include-in-framework-module -Wno-trigraphs -Wno-missing-field-initializers -Wno-missing-prototypes -Wno-return-type -Wno-implicit-atomic-properties -Wno-objc-interface-ivars -Wno-arc-repeated-use-of-weak -Wno-missing-braces -Wparentheses -Wswitch -Wno-unused-function -Wno-unused-label -Wno-unused-parameter -Wno-unused-variable -Wunused-value -Wno-empty-body -Wno-uninitialized -Wno-unknown-pragmas -Wno-shadow -Wno-four-char-constants -Wno-conversion -Wno-constant-conversion -Wno-int-conversion -Wno-bool-conversion -Wno-enum-conversion -Wno-float-conversion -Wno-non-literal-null-conversion -Wno-objc-literal-conversion -Wshorten-64-to-32 -Wpointer-sign -Wno-newline-eof -Wno-selector -Wno-strict-selector-match -Wno-undeclared-selector -Wno-deprecated-implementations -Wno-implicit-fallthrough -isysroot /Applications/Xcode.app/Contents/Developer/Platforms/MacOSX.platform/Developer/SDKs/MacOSX27.0.sdk -fstrict-aliasing -Wprotocol -Wdeprecated-declarations -Wno-sign-conversion -Wno-infinite-recursion -Wno-comma -Wno-block-capture-autoreleasing -Wno-strict-prototypes -Wno-semicolon-before-method-body -index-store-path /Users/buddhirajgautam/Library/Developer/Xcode/DerivedData/Telegram-Mac-fygdgghdgmuleoelvxabfmqiotta/Index.noindex/DataStore @/Users/buddhirajgautam/Library/Developer/Xcode/DerivedData/Telegram-Mac-fygdgghdgmuleoelvxabfmqiotta/Build/Intermediates.noindex/Stripe.build/Debug/Stripe-t.build/Objects-normal/arm64/e6072d4f65d7061329687fe24e3d63a7-common-args.resp -MMD -MT dependencies -MF /Users/buddhirajgautam/Library/Developer/Xcode/DerivedData/Telegram-Mac-fygdgghdgmuleoelvxabfmqiotta/Build/Intermediates.noindex/Stripe.build/Debug/Stripe-t.build/Objects-normal/arm64/STPCard.d --serialize-diagnostics /Users/buddhirajgautam/Library/Developer/Xcode/DerivedData/Telegram-Mac-fygdgghdgmuleoelvxabfmqiotta/Build/Intermediates.noindex/Stripe.build/Debug/Stripe-t.build/Objects-normal/arm64/STPCard.dia -c /Users/buddhirajgautam/Documents/Cherrygram-Mac/macOS-Swift/submodules/Stripe/Sources/STPCard.m -o /Users/buddhirajgautam/Library/Developer/Xcode/DerivedData/Telegram-Mac-fygdgghdgmuleoelvxabfmqiotta/Build/Intermediates.noindex/Stripe.build/Debug/Stripe-t.build/Objects-normal/arm64/STPCard.o -index-unit-output-path /Stripe.build/Debug/Stripe-t.build/Objects-normal/arm64/STPCard.o

ScanDependencies /Users/buddhirajgautam/Library/Developer/Xcode/DerivedData/Telegram-Mac-fygdgghdgmuleoelvxabfmqiotta/Build/Intermediates.noindex/Stripe.build/Debug/Stripe-t.build/Objects-normal/arm64/STPBankAccountParams.o /Users/buddhirajgautam/Documents/Cherrygram-Mac/macOS-Swift/submodules/Stripe/Sources/STPBankAccountParams.m normal arm64 objective-c com.apple.compilers.llvm.clang.1_0.compiler (in target 'Stripe' from project 'Stripe')
    cd /Users/buddhirajgautam/Documents/Cherrygram-Mac/macOS-Swift
    
    Using response file: /Users/buddhirajgautam/Library/Developer/Xcode/DerivedData/Telegram-Mac-fygdgghdgmuleoelvxabfmqiotta/Build/Intermediates.noindex/Stripe.build/Debug/Stripe-t.build/Objects-normal/arm64/e6072d4f65d7061329687fe24e3d63a7-common-args.resp
    
    builtin-ScanDependencies -o /Users/buddhirajgautam/Library/Developer/Xcode/DerivedData/Telegram-Mac-fygdgghdgmuleoelvxabfmqiotta/Build/Intermediates.noindex/Stripe.build/Debug/Stripe-t.build/Objects-normal/arm64/STPBankAccountParams.o.scan -- /Applications/Xcode.app/Contents/Developer/Toolchains/XcodeDefault.xctoolchain/usr/bin/clang -x objective-c -ivfsstatcache /Users/buddhirajgautam/Library/Developer/Xcode/DerivedData/SDKStatCaches.noindex/macosx27.0-26A425-e829b21a6f8c9b70876ba0858053c0447231f6df4def33e022ae2eb8f782df1a.sdkstatcache -target arm64-apple-macos12.0 -fmessage-length\=0 -fdiagnostics-show-note-include-stack -fmacro-backtrace-limit\=0 -fno-color-diagnostics -fmodules-prune-interval\=86400 -fmodules-prune-after\=345600 -fbuild-session-file\=/Users/buddhirajgautam/Library/Developer/Xcode/DerivedData/ModuleCache.noindex/Session.modulevalidation -fmodules-validate-once-per-build-session -Wnon-modular-include-in-framework-module -Werror\=non-modular-include-in-framework-module -Wno-trigraphs -Wno-missing-field-initializers -Wno-missing-prototypes -Wno-return-type -Wno-implicit-atomic-properties -Wno-objc-interface-ivars -Wno-arc-repeated-use-of-weak -Wno-missing-braces -Wparentheses -Wswitch -Wno-unused-function -Wno-unused-label -Wno-unused-parameter -Wno-unused-variable -Wunused-value -Wno-empty-body -Wno-uninitialized -Wno-unknown-pragmas -Wno-shadow -Wno-four-char-constants -Wno-conversion -Wno-constant-conversion -Wno-int-conversion -Wno-bool-conversion -Wno-enum-conversion -Wno-float-conversion -Wno-non-literal-null-conversion -Wno-objc-literal-conversion -Wshorten-64-to-32 -Wpointer-sign -Wno-newline-eof -Wno-selector -Wno-strict-selector-match -Wno-undeclared-selector -Wno-deprecated-implementations -Wno-implicit-fallthrough -isysroot /Applications/Xcode.app/Contents/Developer/Platforms/MacOSX.platform/Developer/SDKs/MacOSX27.0.sdk -fstrict-aliasing -Wprotocol -Wdeprecated-declarations -Wno-sign-conversion -Wno-infinite-recursion -Wno-comma -Wno-block-capture-autoreleasing -Wno-strict-prototypes -Wno-semicolon-before-method-body -index-store-path /Users/buddhirajgautam/Library/Developer/Xcode/DerivedData/Telegram-Mac-fygdgghdgmuleoelvxabfmqiotta/Index.noindex/DataStore @/Users/buddhirajgautam/Library/Developer/Xcode/DerivedData/Telegram-Mac-fygdgghdgmuleoelvxabfmqiotta/Build/Intermediates.noindex/Stripe.build/Debug/Stripe-t.build/Objects-normal/arm64/e6072d4f65d7061329687fe24e3d63a7-common-args.resp -MMD -MT dependencies -MF /Users/buddhirajgautam/Library/Developer/Xcode/DerivedData/Telegram-Mac-fygdgghdgmuleoelvxabfmqiotta/Build/Intermediates.noindex/Stripe.build/Debug/Stripe-t.build/Objects-normal/arm64/STPBankAccountParams.d --serialize-diagnostics /Users/buddhirajgautam/Library/Developer/Xcode/DerivedData/Telegram-Mac-fygdgghdgmuleoelvxabfmqiotta/Build/Intermediates.noindex/Stripe.build/Debug/Stripe-t.build/Objects-normal/arm64/STPBankAccountParams.dia -c /Users/buddhirajgautam/Documents/Cherrygram-Mac/macOS-Swift/submodules/Stripe/Sources/STPBankAccountParams.m -o /Users/buddhirajgautam/Library/Developer/Xcode/DerivedData/Telegram-Mac-fygdgghdgmuleoelvxabfmqiotta/Build/Intermediates.noindex/Stripe.build/Debug/Stripe-t.build/Objects-normal/arm64/STPBankAccountParams.o -index-unit-output-path /Stripe.build/Debug/Stripe-t.build/Objects-normal/arm64/STPBankAccountParams.o

CompileC /Users/buddhirajgautam/Library/Developer/Xcode/DerivedData/Telegram-Mac-fygdgghdgmuleoelvxabfmqiotta/Build/Intermediates.noindex/Stripe.build/Debug/Stripe-t.build/Objects-normal/arm64/STPCardParams.o /Users/buddhirajgautam/Documents/Cherrygram-Mac/macOS-Swift/submodules/Stripe/Sources/STPCardParams.m normal arm64 objective-c com.apple.compilers.llvm.clang.1_0.compiler (in target 'Stripe' from project 'Stripe')
    cd /Users/buddhirajgautam/Documents/Cherrygram-Mac/macOS-Swift
    
    Using response file: /Users/buddhirajgautam/Library/Developer/Xcode/DerivedData/Telegram-Mac-fygdgghdgmuleoelvxabfmqiotta/Build/Intermediates.noindex/Stripe.build/Debug/Stripe-t.build/Objects-normal/arm64/e6072d4f65d7061329687fe24e3d63a7-common-args.resp
    
    /Applications/Xcode.app/Contents/Developer/Toolchains/XcodeDefault.xctoolchain/usr/bin/clang -x objective-c -ivfsstatcache /Users/buddhirajgautam/Library/Developer/Xcode/DerivedData/SDKStatCaches.noindex/macosx27.0-26A425-e829b21a6f8c9b70876ba0858053c0447231f6df4def33e022ae2eb8f782df1a.sdkstatcache -target arm64-apple-macos12.0 -fmessage-length\=0 -fdiagnostics-show-note-include-stack -fmacro-backtrace-limit\=0 -fno-color-diagnostics -fmodules-prune-interval\=86400 -fmodules-prune-after\=345600 -fbuild-session-file\=/Users/buddhirajgautam/Library/Developer/Xcode/DerivedData/ModuleCache.noindex/Session.modulevalidation -fmodules-validate-once-per-build-session -Wnon-modular-include-in-framework-module -Werror\=non-modular-include-in-framework-module -Wno-trigraphs -Wno-missing-field-initializers -Wno-missing-prototypes -Wno-return-type -Wno-implicit-atomic-properties -Wno-objc-interface-ivars -Wno-arc-repeated-use-of-weak -Wno-missing-braces -Wparentheses -Wswitch -Wno-unused-function -Wno-unused-label -Wno-unused-parameter -Wno-unused-variable -Wunused-value -Wno-empty-body -Wno-uninitialized -Wno-unknown-pragmas -Wno-shadow -Wno-four-char-constants -Wno-conversion -Wno-constant-conversion -Wno-int-conversion -Wno-bool-conversion -Wno-enum-conversion -Wno-float-conversion -Wno-non-literal-null-conversion -Wno-objc-literal-conversion -Wshorten-64-to-32 -Wpointer-sign -Wno-newline-eof -Wno-selector -Wno-strict-selector-match -Wno-undeclared-selector -Wno-deprecated-implementations -Wno-implicit-fallthrough -isysroot /Applications/Xcode.app/Contents/Developer/Platforms/MacOSX.platform/Developer/SDKs/MacOSX27.0.sdk -fstrict-aliasing -Wprotocol -Wdeprecated-declarations -Wno-sign-conversion -Wno-infinite-recursion -Wno-comma -Wno-block-capture-autoreleasing -Wno-strict-prototypes -Wno-semicolon-before-method-body -index-store-path /Users/buddhirajgautam/Library/Developer/Xcode/DerivedData/Telegram-Mac-fygdgghdgmuleoelvxabfmqiotta/Index.noindex/DataStore @/Users/buddhirajgautam/Library/Developer/Xcode/DerivedData/Telegram-Mac-fygdgghdgmuleoelvxabfmqiotta/Build/Intermediates.noindex/Stripe.build/Debug/Stripe-t.build/Objects-normal/arm64/e6072d4f65d7061329687fe24e3d63a7-common-args.resp -MMD -MT dependencies -MF /Users/buddhirajgautam/Library/Developer/Xcode/DerivedData/Telegram-Mac-fygdgghdgmuleoelvxabfmqiotta/Build/Intermediates.noindex/Stripe.build/Debug/Stripe-t.build/Objects-normal/arm64/STPCardParams.d --serialize-diagnostics /Users/buddhirajgautam/Library/Developer/Xcode/DerivedData/Telegram-Mac-fygdgghdgmuleoelvxabfmqiotta/Build/Intermediates.noindex/Stripe.build/Debug/Stripe-t.build/Objects-normal/arm64/STPCardParams.dia -c /Users/buddhirajgautam/Documents/Cherrygram-Mac/macOS-Swift/submodules/Stripe/Sources/STPCardParams.m -o /Users/buddhirajgautam/Library/Developer/Xcode/DerivedData/Telegram-Mac-fygdgghdgmuleoelvxabfmqiotta/Build/Intermediates.noindex/Stripe.build/Debug/Stripe-t.build/Objects-normal/arm64/STPCardParams.o -index-unit-output-path /Stripe.build/Debug/Stripe-t.build/Objects-normal/arm64/STPCardParams.o

ScanDependencies /Users/buddhirajgautam/Library/Developer/Xcode/DerivedData/Telegram-Mac-fygdgghdgmuleoelvxabfmqiotta/Build/Intermediates.noindex/Stripe.build/Debug/Stripe-t.build/Objects-normal/arm64/STPBankAccount.o /Users/buddhirajgautam/Documents/Cherrygram-Mac/macOS-Swift/submodules/Stripe/Sources/STPBankAccount.m normal arm64 objective-c com.apple.compilers.llvm.clang.1_0.compiler (in target 'Stripe' from project 'Stripe')
    cd /Users/buddhirajgautam/Documents/Cherrygram-Mac/macOS-Swift
    
    Using response file: /Users/buddhirajgautam/Library/Developer/Xcode/DerivedData/Telegram-Mac-fygdgghdgmuleoelvxabfmqiotta/Build/Intermediates.noindex/Stripe.build/Debug/Stripe-t.build/Objects-normal/arm64/e6072d4f65d7061329687fe24e3d63a7-common-args.resp
    
    builtin-ScanDependencies -o /Users/buddhirajgautam/Library/Developer/Xcode/DerivedData/Telegram-Mac-fygdgghdgmuleoelvxabfmqiotta/Build/Intermediates.noindex/Stripe.build/Debug/Stripe-t.build/Objects-normal/arm64/STPBankAccount.o.scan -- /Applications/Xcode.app/Contents/Developer/Toolchains/XcodeDefault.xctoolchain/usr/bin/clang -x objective-c -ivfsstatcache /Users/buddhirajgautam/Library/Developer/Xcode/DerivedData/SDKStatCaches.noindex/macosx27.0-26A425-e829b21a6f8c9b70876ba0858053c0447231f6df4def33e022ae2eb8f782df1a.sdkstatcache -target arm64-apple-macos12.0 -fmessage-length\=0 -fdiagnostics-show-note-include-stack -fmacro-backtrace-limit\=0 -fno-color-diagnostics -fmodules-prune-interval\=86400 -fmodules-prune-after\=345600 -fbuild-session-file\=/Users/buddhirajgautam/Library/Developer/Xcode/DerivedData/ModuleCache.noindex/Session.modulevalidation -fmodules-validate-once-per-build-session -Wnon-modular-include-in-framework-module -Werror\=non-modular-include-in-framework-module -Wno-trigraphs -Wno-missing-field-initializers -Wno-missing-prototypes -Wno-return-type -Wno-implicit-atomic-properties -Wno-objc-interface-ivars -Wno-arc-repeated-use-of-weak -Wno-missing-braces -Wparentheses -Wswitch -Wno-unused-function -Wno-unused-label -Wno-unused-parameter -Wno-unused-variable -Wunused-value -Wno-empty-body -Wno-uninitialized -Wno-unknown-pragmas -Wno-shadow -Wno-four-char-constants -Wno-conversion -Wno-constant-conversion -Wno-int-conversion -Wno-bool-conversion -Wno-enum-conversion -Wno-float-conversion -Wno-non-literal-null-conversion -Wno-objc-literal-conversion -Wshorten-64-to-32 -Wpointer-sign -Wno-newline-eof -Wno-selector -Wno-strict-selector-match -Wno-undeclared-selector -Wno-deprecated-implementations -Wno-implicit-fallthrough -isysroot /Applications/Xcode.app/Contents/Developer/Platforms/MacOSX.platform/Developer/SDKs/MacOSX27.0.sdk -fstrict-aliasing -Wprotocol -Wdeprecated-declarations -Wno-sign-conversion -Wno-infinite-recursion -Wno-comma -Wno-block-capture-autoreleasing -Wno-strict-prototypes -Wno-semicolon-before-method-body -index-store-path /Users/buddhirajgautam/Library/Developer/Xcode/DerivedData/Telegram-Mac-fygdgghdgmuleoelvxabfmqiotta/Index.noindex/DataStore @/Users/buddhirajgautam/Library/Developer/Xcode/DerivedData/Telegram-Mac-fygdgghdgmuleoelvxabfmqiotta/Build/Intermediates.noindex/Stripe.build/Debug/Stripe-t.build/Objects-normal/arm64/e6072d4f65d7061329687fe24e3d63a7-common-args.resp -MMD -MT dependencies -MF /Users/buddhirajgautam/Library/Developer/Xcode/DerivedData/Telegram-Mac-fygdgghdgmuleoelvxabfmqiotta/Build/Intermediates.noindex/Stripe.build/Debug/Stripe-t.build/Objects-normal/arm64/STPBankAccount.d --serialize-diagnostics /Users/buddhirajgautam/Library/Developer/Xcode/DerivedData/Telegram-Mac-fygdgghdgmuleoelvxabfmqiotta/Build/Intermediates.noindex/Stripe.build/Debug/Stripe-t.build/Objects-normal/arm64/STPBankAccount.dia -c /Users/buddhirajgautam/Documents/Cherrygram-Mac/macOS-Swift/submodules/Stripe/Sources/STPBankAccount.m -o /Users/buddhirajgautam/Library/Developer/Xcode/DerivedData/Telegram-Mac-fygdgghdgmuleoelvxabfmqiotta/Build/Intermediates.noindex/Stripe.build/Debug/Stripe-t.build/Objects-normal/arm64/STPBankAccount.o -index-unit-output-path /Stripe.build/Debug/Stripe-t.build/Objects-normal/arm64/STPBankAccount.o

CompileC /Users/buddhirajgautam/Library/Developer/Xcode/DerivedData/Telegram-Mac-fygdgghdgmuleoelvxabfmqiotta/Build/Intermediates.noindex/Stripe.build/Debug/Stripe-t.build/Objects-normal/arm64/STPCard.o /Users/buddhirajgautam/Documents/Cherrygram-Mac/macOS-Swift/submodules/Stripe/Sources/STPCard.m normal arm64 objective-c com.apple.compilers.llvm.clang.1_0.compiler (in target 'Stripe' from project 'Stripe')
    cd /Users/buddhirajgautam/Documents/Cherrygram-Mac/macOS-Swift
    
    Using response file: /Users/buddhirajgautam/Library/Developer/Xcode/DerivedData/Telegram-Mac-fygdgghdgmuleoelvxabfmqiotta/Build/Intermediates.noindex/Stripe.build/Debug/Stripe-t.build/Objects-normal/arm64/e6072d4f65d7061329687fe24e3d63a7-common-args.resp
    
    /Applications/Xcode.app/Contents/Developer/Toolchains/XcodeDefault.xctoolchain/usr/bin/clang -x objective-c -ivfsstatcache /Users/buddhirajgautam/Library/Developer/Xcode/DerivedData/SDKStatCaches.noindex/macosx27.0-26A425-e829b21a6f8c9b70876ba0858053c0447231f6df4def33e022ae2eb8f782df1a.sdkstatcache -target arm64-apple-macos12.0 -fmessage-length\=0 -fdiagnostics-show-note-include-stack -fmacro-backtrace-limit\=0 -fno-color-diagnostics -fmodules-prune-interval\=86400 -fmodules-prune-after\=345600 -fbuild-session-file\=/Users/buddhirajgautam/Library/Developer/Xcode/DerivedData/ModuleCache.noindex/Session.modulevalidation -fmodules-validate-once-per-build-session -Wnon-modular-include-in-framework-module -Werror\=non-modular-include-in-framework-module -Wno-trigraphs -Wno-missing-field-initializers -Wno-missing-prototypes -Wno-return-type -Wno-implicit-atomic-properties -Wno-objc-interface-ivars -Wno-arc-repeated-use-of-weak -Wno-missing-braces -Wparentheses -Wswitch -Wno-unused-function -Wno-unused-label -Wno-unused-parameter -Wno-unused-variable -Wunused-value -Wno-empty-body -Wno-uninitialized -Wno-unknown-pragmas -Wno-shadow -Wno-four-char-constants -Wno-conversion -Wno-constant-conversion -Wno-int-conversion -Wno-bool-conversion -Wno-enum-conversion -Wno-float-conversion -Wno-non-literal-null-conversion -Wno-objc-literal-conversion -Wshorten-64-to-32 -Wpointer-sign -Wno-newline-eof -Wno-selector -Wno-strict-selector-match -Wno-undeclared-selector -Wno-deprecated-implementations -Wno-implicit-fallthrough -isysroot /Applications/Xcode.app/Contents/Developer/Platforms/MacOSX.platform/Developer/SDKs/MacOSX27.0.sdk -fstrict-aliasing -Wprotocol -Wdeprecated-declarations -Wno-sign-conversion -Wno-infinite-recursion -Wno-comma -Wno-block-capture-autoreleasing -Wno-strict-prototypes -Wno-semicolon-before-method-body -index-store-path /Users/buddhirajgautam/Library/Developer/Xcode/DerivedData/Telegram-Mac-fygdgghdgmuleoelvxabfmqiotta/Index.noindex/DataStore @/Users/buddhirajgautam/Library/Developer/Xcode/DerivedData/Telegram-Mac-fygdgghdgmuleoelvxabfmqiotta/Build/Intermediates.noindex/Stripe.build/Debug/Stripe-t.build/Objects-normal/arm64/e6072d4f65d7061329687fe24e3d63a7-common-args.resp -MMD -MT dependencies -MF /Users/buddhirajgautam/Library/Developer/Xcode/DerivedData/Telegram-Mac-fygdgghdgmuleoelvxabfmqiotta/Build/Intermediates.noindex/Stripe.build/Debug/Stripe-t.build/Objects-normal/arm64/STPCard.d --serialize-diagnostics /Users/buddhirajgautam/Library/Developer/Xcode/DerivedData/Telegram-Mac-fygdgghdgmuleoelvxabfmqiotta/Build/Intermediates.noindex/Stripe.build/Debug/Stripe-t.build/Objects-normal/arm64/STPCard.dia -c /Users/buddhirajgautam/Documents/Cherrygram-Mac/macOS-Swift/submodules/Stripe/Sources/STPCard.m -o /Users/buddhirajgautam/Library/Developer/Xcode/DerivedData/Telegram-Mac-fygdgghdgmuleoelvxabfmqiotta/Build/Intermediates.noindex/Stripe.build/Debug/Stripe-t.build/Objects-normal/arm64/STPCard.o -index-unit-output-path /Stripe.build/Debug/Stripe-t.build/Objects-normal/arm64/STPCard.o

CompileC /Users/buddhirajgautam/Library/Developer/Xcode/DerivedData/Telegram-Mac-fygdgghdgmuleoelvxabfmqiotta/Build/Intermediates.noindex/Stripe.build/Debug/Stripe-t.build/Objects-normal/arm64/STPBankAccountParams.o /Users/buddhirajgautam/Documents/Cherrygram-Mac/macOS-Swift/submodules/Stripe/Sources/STPBankAccountParams.m normal arm64 objective-c com.apple.compilers.llvm.clang.1_0.compiler (in target 'Stripe' from project 'Stripe')
    cd /Users/buddhirajgautam/Documents/Cherrygram-Mac/macOS-Swift
    
    Using response file: /Users/buddhirajgautam/Library/Developer/Xcode/DerivedData/Telegram-Mac-fygdgghdgmuleoelvxabfmqiotta/Build/Intermediates.noindex/Stripe.build/Debug/Stripe-t.build/Objects-normal/arm64/e6072d4f65d7061329687fe24e3d63a7-common-args.resp
    
    /Applications/Xcode.app/Contents/Developer/Toolchains/XcodeDefault.xctoolchain/usr/bin/clang -x objective-c -ivfsstatcache /Users/buddhirajgautam/Library/Developer/Xcode/DerivedData/SDKStatCaches.noindex/macosx27.0-26A425-e829b21a6f8c9b70876ba0858053c0447231f6df4def33e022ae2eb8f782df1a.sdkstatcache -target arm64-apple-macos12.0 -fmessage-length\=0 -fdiagnostics-show-note-include-stack -fmacro-backtrace-limit\=0 -fno-color-diagnostics -fmodules-prune-interval\=86400 -fmodules-prune-after\=345600 -fbuild-session-file\=/Users/buddhirajgautam/Library/Developer/Xcode/DerivedData/ModuleCache.noindex/Session.modulevalidation -fmodules-validate-once-per-build-session -Wnon-modular-include-in-framework-module -Werror\=non-modular-include-in-framework-module -Wno-trigraphs -Wno-missing-field-initializers -Wno-missing-prototypes -Wno-return-type -Wno-implicit-atomic-properties -Wno-objc-interface-ivars -Wno-arc-repeated-use-of-weak -Wno-missing-braces -Wparentheses -Wswitch -Wno-unused-function -Wno-unused-label -Wno-unused-parameter -Wno-unused-variable -Wunused-value -Wno-empty-body -Wno-uninitialized -Wno-unknown-pragmas -Wno-shadow -Wno-four-char-constants -Wno-conversion -Wno-constant-conversion -Wno-int-conversion -Wno-bool-conversion -Wno-enum-conversion -Wno-float-conversion -Wno-non-literal-null-conversion -Wno-objc-literal-conversion -Wshorten-64-to-32 -Wpointer-sign -Wno-newline-eof -Wno-selector -Wno-strict-selector-match -Wno-undeclared-selector -Wno-deprecated-implementations -Wno-implicit-fallthrough -isysroot /Applications/Xcode.app/Contents/Developer/Platforms/MacOSX.platform/Developer/SDKs/MacOSX27.0.sdk -fstrict-aliasing -Wprotocol -Wdeprecated-declarations -Wno-sign-conversion -Wno-infinite-recursion -Wno-comma -Wno-block-capture-autoreleasing -Wno-strict-prototypes -Wno-semicolon-before-method-body -index-store-path /Users/buddhirajgautam/Library/Developer/Xcode/DerivedData/Telegram-Mac-fygdgghdgmuleoelvxabfmqiotta/Index.noindex/DataStore @/Users/buddhirajgautam/Library/Developer/Xcode/DerivedData/Telegram-Mac-fygdgghdgmuleoelvxabfmqiotta/Build/Intermediates.noindex/Stripe.build/Debug/Stripe-t.build/Objects-normal/arm64/e6072d4f65d7061329687fe24e3d63a7-common-args.resp -MMD -MT dependencies -MF /Users/buddhirajgautam/Library/Developer/Xcode/DerivedData/Telegram-Mac-fygdgghdgmuleoelvxabfmqiotta/Build/Intermediates.noindex/Stripe.build/Debug/Stripe-t.build/Objects-normal/arm64/STPBankAccountParams.d --serialize-diagnostics /Users/buddhirajgautam/Library/Developer/Xcode/DerivedData/Telegram-Mac-fygdgghdgmuleoelvxabfmqiotta/Build/Intermediates.noindex/Stripe.build/Debug/Stripe-t.build/Objects-normal/arm64/STPBankAccountParams.dia -c /Users/buddhirajgautam/Documents/Cherrygram-Mac/macOS-Swift/submodules/Stripe/Sources/STPBankAccountParams.m -o /Users/buddhirajgautam/Library/Developer/Xcode/DerivedData/Telegram-Mac-fygdgghdgmuleoelvxabfmqiotta/Build/Intermediates.noindex/Stripe.build/Debug/Stripe-t.build/Objects-normal/arm64/STPBankAccountParams.o -index-unit-output-path /Stripe.build/Debug/Stripe-t.build/Objects-normal/arm64/STPBankAccountParams.o

ScanDependencies /Users/buddhirajgautam/Library/Developer/Xcode/DerivedData/Telegram-Mac-fygdgghdgmuleoelvxabfmqiotta/Build/Intermediates.noindex/Stripe.build/Debug/Stripe-t.build/Objects-normal/arm64/STPBINRange.o /Users/buddhirajgautam/Documents/Cherrygram-Mac/macOS-Swift/submodules/Stripe/Sources/STPBINRange.m normal arm64 objective-c com.apple.compilers.llvm.clang.1_0.compiler (in target 'Stripe' from project 'Stripe')
    cd /Users/buddhirajgautam/Documents/Cherrygram-Mac/macOS-Swift
    
    Using response file: /Users/buddhirajgautam/Library/Developer/Xcode/DerivedData/Telegram-Mac-fygdgghdgmuleoelvxabfmqiotta/Build/Intermediates.noindex/Stripe.build/Debug/Stripe-t.build/Objects-normal/arm64/e6072d4f65d7061329687fe24e3d63a7-common-args.resp
    
    builtin-ScanDependencies -o /Users/buddhirajgautam/Library/Developer/Xcode/DerivedData/Telegram-Mac-fygdgghdgmuleoelvxabfmqiotta/Build/Intermediates.noindex/Stripe.build/Debug/Stripe-t.build/Objects-normal/arm64/STPBINRange.o.scan -- /Applications/Xcode.app/Contents/Developer/Toolchains/XcodeDefault.xctoolchain/usr/bin/clang -x objective-c -ivfsstatcache /Users/buddhirajgautam/Library/Developer/Xcode/DerivedData/SDKStatCaches.noindex/macosx27.0-26A425-e829b21a6f8c9b70876ba0858053c0447231f6df4def33e022ae2eb8f782df1a.sdkstatcache -target arm64-apple-macos12.0 -fmessage-length\=0 -fdiagnostics-show-note-include-stack -fmacro-backtrace-limit\=0 -fno-color-diagnostics -fmodules-prune-interval\=86400 -fmodules-prune-after\=345600 -fbuild-session-file\=/Users/buddhirajgautam/Library/Developer/Xcode/DerivedData/ModuleCache.noindex/Session.modulevalidation -fmodules-validate-once-per-build-session -Wnon-modular-include-in-framework-module -Werror\=non-modular-include-in-framework-module -Wno-trigraphs -Wno-missing-field-initializers -Wno-missing-prototypes -Wno-return-type -Wno-implicit-atomic-properties -Wno-objc-interface-ivars -Wno-arc-repeated-use-of-weak -Wno-missing-braces -Wparentheses -Wswitch -Wno-unused-function -Wno-unused-label -Wno-unused-parameter -Wno-unused-variable -Wunused-value -Wno-empty-body -Wno-uninitialized -Wno-unknown-pragmas -Wno-shadow -Wno-four-char-constants -Wno-conversion -Wno-constant-conversion -Wno-int-conversion -Wno-bool-conversion -Wno-enum-conversion -Wno-float-conversion -Wno-non-literal-null-conversion -Wno-objc-literal-conversion -Wshorten-64-to-32 -Wpointer-sign -Wno-newline-eof -Wno-selector -Wno-strict-selector-match -Wno-undeclared-selector -Wno-deprecated-implementations -Wno-implicit-fallthrough -isysroot /Applications/Xcode.app/Contents/Developer/Platforms/MacOSX.platform/Developer/SDKs/MacOSX27.0.sdk -fstrict-aliasing -Wprotocol -Wdeprecated-declarations -Wno-sign-conversion -Wno-infinite-recursion -Wno-comma -Wno-block-capture-autoreleasing -Wno-strict-prototypes -Wno-semicolon-before-method-body -index-store-path /Users/buddhirajgautam/Library/Developer/Xcode/DerivedData/Telegram-Mac-fygdgghdgmuleoelvxabfmqiotta/Index.noindex/DataStore @/Users/buddhirajgautam/Library/Developer/Xcode/DerivedData/Telegram-Mac-fygdgghdgmuleoelvxabfmqiotta/Build/Intermediates.noindex/Stripe.build/Debug/Stripe-t.build/Objects-normal/arm64/e6072d4f65d7061329687fe24e3d63a7-common-args.resp -MMD -MT dependencies -MF /Users/buddhirajgautam/Library/Developer/Xcode/DerivedData/Telegram-Mac-fygdgghdgmuleoelvxabfmqiotta/Build/Intermediates.noindex/Stripe.build/Debug/Stripe-t.build/Objects-normal/arm64/STPBINRange.d --serialize-diagnostics /Users/buddhirajgautam/Library/Developer/Xcode/DerivedData/Telegram-Mac-fygdgghdgmuleoelvxabfmqiotta/Build/Intermediates.noindex/Stripe.build/Debug/Stripe-t.build/Objects-normal/arm64/STPBINRange.dia -c /Users/buddhirajgautam/Documents/Cherrygram-Mac/macOS-Swift/submodules/Stripe/Sources/STPBINRange.m -o /Users/buddhirajgautam/Library/Developer/Xcode/DerivedData/Telegram-Mac-fygdgghdgmuleoelvxabfmqiotta/Build/Intermediates.noindex/Stripe.build/Debug/Stripe-t.build/Objects-normal/arm64/STPBINRange.o -index-unit-output-path /Stripe.build/Debug/Stripe-t.build/Objects-normal/arm64/STPBINRange.o

CompileC /Users/buddhirajgautam/Library/Developer/Xcode/DerivedData/Telegram-Mac-fygdgghdgmuleoelvxabfmqiotta/Build/Intermediates.noindex/Stripe.build/Debug/Stripe-t.build/Objects-normal/arm64/STPBankAccount.o /Users/buddhirajgautam/Documents/Cherrygram-Mac/macOS-Swift/submodules/Stripe/Sources/STPBankAccount.m normal arm64 objective-c com.apple.compilers.llvm.clang.1_0.compiler (in target 'Stripe' from project 'Stripe')
    cd /Users/buddhirajgautam/Documents/Cherrygram-Mac/macOS-Swift
    
    Using response file: /Users/buddhirajgautam/Library/Developer/Xcode/DerivedData/Telegram-Mac-fygdgghdgmuleoelvxabfmqiotta/Build/Intermediates.noindex/Stripe.build/Debug/Stripe-t.build/Objects-normal/arm64/e6072d4f65d7061329687fe24e3d63a7-common-args.resp
    
    /Applications/Xcode.app/Contents/Developer/Toolchains/XcodeDefault.xctoolchain/usr/bin/clang -x objective-c -ivfsstatcache /Users/buddhirajgautam/Library/Developer/Xcode/DerivedData/SDKStatCaches.noindex/macosx27.0-26A425-e829b21a6f8c9b70876ba0858053c0447231f6df4def33e022ae2eb8f782df1a.sdkstatcache -target arm64-apple-macos12.0 -fmessage-length\=0 -fdiagnostics-show-note-include-stack -fmacro-backtrace-limit\=0 -fno-color-diagnostics -fmodules-prune-interval\=86400 -fmodules-prune-after\=345600 -fbuild-session-file\=/Users/buddhirajgautam/Library/Developer/Xcode/DerivedData/ModuleCache.noindex/Session.modulevalidation -fmodules-validate-once-per-build-session -Wnon-modular-include-in-framework-module -Werror\=non-modular-include-in-framework-module -Wno-trigraphs -Wno-missing-field-initializers -Wno-missing-prototypes -Wno-return-type -Wno-implicit-atomic-properties -Wno-objc-interface-ivars -Wno-arc-repeated-use-of-weak -Wno-missing-braces -Wparentheses -Wswitch -Wno-unused-function -Wno-unused-label -Wno-unused-parameter -Wno-unused-variable -Wunused-value -Wno-empty-body -Wno-uninitialized -Wno-unknown-pragmas -Wno-shadow -Wno-four-char-constants -Wno-conversion -Wno-constant-conversion -Wno-int-conversion -Wno-bool-conversion -Wno-enum-conversion -Wno-float-conversion -Wno-non-literal-null-conversion -Wno-objc-literal-conversion -Wshorten-64-to-32 -Wpointer-sign -Wno-newline-eof -Wno-selector -Wno-strict-selector-match -Wno-undeclared-selector -Wno-deprecated-implementations -Wno-implicit-fallthrough -isysroot /Applications/Xcode.app/Contents/Developer/Platforms/MacOSX.platform/Developer/SDKs/MacOSX27.0.sdk -fstrict-aliasing -Wprotocol -Wdeprecated-declarations -Wno-sign-conversion -Wno-infinite-recursion -Wno-comma -Wno-block-capture-autoreleasing -Wno-strict-prototypes -Wno-semicolon-before-method-body -index-store-path /Users/buddhirajgautam/Library/Developer/Xcode/DerivedData/Telegram-Mac-fygdgghdgmuleoelvxabfmqiotta/Index.noindex/DataStore @/Users/buddhirajgautam/Library/Developer/Xcode/DerivedData/Telegram-Mac-fygdgghdgmuleoelvxabfmqiotta/Build/Intermediates.noindex/Stripe.build/Debug/Stripe-t.build/Objects-normal/arm64/e6072d4f65d7061329687fe24e3d63a7-common-args.resp -MMD -MT dependencies -MF /Users/buddhirajgautam/Library/Developer/Xcode/DerivedData/Telegram-Mac-fygdgghdgmuleoelvxabfmqiotta/Build/Intermediates.noindex/Stripe.build/Debug/Stripe-t.build/Objects-normal/arm64/STPBankAccount.d --serialize-diagnostics /Users/buddhirajgautam/Library/Developer/Xcode/DerivedData/Telegram-Mac-fygdgghdgmuleoelvxabfmqiotta/Build/Intermediates.noindex/Stripe.build/Debug/Stripe-t.build/Objects-normal/arm64/STPBankAccount.dia -c /Users/buddhirajgautam/Documents/Cherrygram-Mac/macOS-Swift/submodules/Stripe/Sources/STPBankAccount.m -o /Users/buddhirajgautam/Library/Developer/Xcode/DerivedData/Telegram-Mac-fygdgghdgmuleoelvxabfmqiotta/Build/Intermediates.noindex/Stripe.build/Debug/Stripe-t.build/Objects-normal/arm64/STPBankAccount.o -index-unit-output-path /Stripe.build/Debug/Stripe-t.build/Objects-normal/arm64/STPBankAccount.o

CompileC /Users/buddhirajgautam/Library/Developer/Xcode/DerivedData/Telegram-Mac-fygdgghdgmuleoelvxabfmqiotta/Build/Intermediates.noindex/Stripe.build/Debug/Stripe-t.build/Objects-normal/arm64/STPBINRange.o /Users/buddhirajgautam/Documents/Cherrygram-Mac/macOS-Swift/submodules/Stripe/Sources/STPBINRange.m normal arm64 objective-c com.apple.compilers.llvm.clang.1_0.compiler (in target 'Stripe' from project 'Stripe')
    cd /Users/buddhirajgautam/Documents/Cherrygram-Mac/macOS-Swift
    
    Using response file: /Users/buddhirajgautam/Library/Developer/Xcode/DerivedData/Telegram-Mac-fygdgghdgmuleoelvxabfmqiotta/Build/Intermediates.noindex/Stripe.build/Debug/Stripe-t.build/Objects-normal/arm64/e6072d4f65d7061329687fe24e3d63a7-common-args.resp
    
    /Applications/Xcode.app/Contents/Developer/Toolchains/XcodeDefault.xctoolchain/usr/bin/clang -x objective-c -ivfsstatcache /Users/buddhirajgautam/Library/Developer/Xcode/DerivedData/SDKStatCaches.noindex/macosx27.0-26A425-e829b21a6f8c9b70876ba0858053c0447231f6df4def33e022ae2eb8f782df1a.sdkstatcache -target arm64-apple-macos12.0 -fmessage-length\=0 -fdiagnostics-show-note-include-stack -fmacro-backtrace-limit\=0 -fno-color-diagnostics -fmodules-prune-interval\=86400 -fmodules-prune-after\=345600 -fbuild-session-file\=/Users/buddhirajgautam/Library/Developer/Xcode/DerivedData/ModuleCache.noindex/Session.modulevalidation -fmodules-validate-once-per-build-session -Wnon-modular-include-in-framework-module -Werror\=non-modular-include-in-framework-module -Wno-trigraphs -Wno-missing-field-initializers -Wno-missing-prototypes -Wno-return-type -Wno-implicit-atomic-properties -Wno-objc-interface-ivars -Wno-arc-repeated-use-of-weak -Wno-missing-braces -Wparentheses -Wswitch -Wno-unused-function -Wno-unused-label -Wno-unused-parameter -Wno-unused-variable -Wunused-value -Wno-empty-body -Wno-uninitialized -Wno-unknown-pragmas -Wno-shadow -Wno-four-char-constants -Wno-conversion -Wno-constant-conversion -Wno-int-conversion -Wno-bool-conversion -Wno-enum-conversion -Wno-float-conversion -Wno-non-literal-null-conversion -Wno-objc-literal-conversion -Wshorten-64-to-32 -Wpointer-sign -Wno-newline-eof -Wno-selector -Wno-strict-selector-match -Wno-undeclared-selector -Wno-deprecated-implementations -Wno-implicit-fallthrough -isysroot /Applications/Xcode.app/Contents/Developer/Platforms/MacOSX.platform/Developer/SDKs/MacOSX27.0.sdk -fstrict-aliasing -Wprotocol -Wdeprecated-declarations -Wno-sign-conversion -Wno-infinite-recursion -Wno-comma -Wno-block-capture-autoreleasing -Wno-strict-prototypes -Wno-semicolon-before-method-body -index-store-path /Users/buddhirajgautam/Library/Developer/Xcode/DerivedData/Telegram-Mac-fygdgghdgmuleoelvxabfmqiotta/Index.noindex/DataStore @/Users/buddhirajgautam/Library/Developer/Xcode/DerivedData/Telegram-Mac-fygdgghdgmuleoelvxabfmqiotta/Build/Intermediates.noindex/Stripe.build/Debug/Stripe-t.build/Objects-normal/arm64/e6072d4f65d7061329687fe24e3d63a7-common-args.resp -MMD -MT dependencies -MF /Users/buddhirajgautam/Library/Developer/Xcode/DerivedData/Telegram-Mac-fygdgghdgmuleoelvxabfmqiotta/Build/Intermediates.noindex/Stripe.build/Debug/Stripe-t.build/Objects-normal/arm64/STPBINRange.d --serialize-diagnostics /Users/buddhirajgautam/Library/Developer/Xcode/DerivedData/Telegram-Mac-fygdgghdgmuleoelvxabfmqiotta/Build/Intermediates.noindex/Stripe.build/Debug/Stripe-t.build/Objects-normal/arm64/STPBINRange.dia -c /Users/buddhirajgautam/Documents/Cherrygram-Mac/macOS-Swift/submodules/Stripe/Sources/STPBINRange.m -o /Users/buddhirajgautam/Library/Developer/Xcode/DerivedData/Telegram-Mac-fygdgghdgmuleoelvxabfmqiotta/Build/Intermediates.noindex/Stripe.build/Debug/Stripe-t.build/Objects-normal/arm64/STPBINRange.o -index-unit-output-path /Stripe.build/Debug/Stripe-t.build/Objects-normal/arm64/STPBINRange.o

ScanDependencies /Users/buddhirajgautam/Library/Developer/Xcode/DerivedData/Telegram-Mac-fygdgghdgmuleoelvxabfmqiotta/Build/Intermediates.noindex/Stripe.build/Debug/Stripe-t.build/Objects-normal/arm64/STPAddress.o /Users/buddhirajgautam/Documents/Cherrygram-Mac/macOS-Swift/submodules/Stripe/Sources/STPAddress.m normal arm64 objective-c com.apple.compilers.llvm.clang.1_0.compiler (in target 'Stripe' from project 'Stripe')
    cd /Users/buddhirajgautam/Documents/Cherrygram-Mac/macOS-Swift
    
    Using response file: /Users/buddhirajgautam/Library/Developer/Xcode/DerivedData/Telegram-Mac-fygdgghdgmuleoelvxabfmqiotta/Build/Intermediates.noindex/Stripe.build/Debug/Stripe-t.build/Objects-normal/arm64/e6072d4f65d7061329687fe24e3d63a7-common-args.resp
    
    builtin-ScanDependencies -o /Users/buddhirajgautam/Library/Developer/Xcode/DerivedData/Telegram-Mac-fygdgghdgmuleoelvxabfmqiotta/Build/Intermediates.noindex/Stripe.build/Debug/Stripe-t.build/Objects-normal/arm64/STPAddress.o.scan -- /Applications/Xcode.app/Contents/Developer/Toolchains/XcodeDefault.xctoolchain/usr/bin/clang -x objective-c -ivfsstatcache /Users/buddhirajgautam/Library/Developer/Xcode/DerivedData/SDKStatCaches.noindex/macosx27.0-26A425-e829b21a6f8c9b70876ba0858053c0447231f6df4def33e022ae2eb8f782df1a.sdkstatcache -target arm64-apple-macos12.0 -fmessage-length\=0 -fdiagnostics-show-note-include-stack -fmacro-backtrace-limit\=0 -fno-color-diagnostics -fmodules-prune-interval\=86400 -fmodules-prune-after\=345600 -fbuild-session-file\=/Users/buddhirajgautam/Library/Developer/Xcode/DerivedData/ModuleCache.noindex/Session.modulevalidation -fmodules-validate-once-per-build-session -Wnon-modular-include-in-framework-module -Werror\=non-modular-include-in-framework-module -Wno-trigraphs -Wno-missing-field-initializers -Wno-missing-prototypes -Wno-return-type -Wno-implicit-atomic-properties -Wno-objc-interface-ivars -Wno-arc-repeated-use-of-weak -Wno-missing-braces -Wparentheses -Wswitch -Wno-unused-function -Wno-unused-label -Wno-unused-parameter -Wno-unused-variable -Wunused-value -Wno-empty-body -Wno-uninitialized -Wno-unknown-pragmas -Wno-shadow -Wno-four-char-constants -Wno-conversion -Wno-constant-conversion -Wno-int-conversion -Wno-bool-conversion -Wno-enum-conversion -Wno-float-conversion -Wno-non-literal-null-conversion -Wno-objc-literal-conversion -Wshorten-64-to-32 -Wpointer-sign -Wno-newline-eof -Wno-selector -Wno-strict-selector-match -Wno-undeclared-selector -Wno-deprecated-implementations -Wno-implicit-fallthrough -isysroot /Applications/Xcode.app/Contents/Developer/Platforms/MacOSX.platform/Developer/SDKs/MacOSX27.0.sdk -fstrict-aliasing -Wprotocol -Wdeprecated-declarations -Wno-sign-conversion -Wno-infinite-recursion -Wno-comma -Wno-block-capture-autoreleasing -Wno-strict-prototypes -Wno-semicolon-before-method-body -index-store-path /Users/buddhirajgautam/Library/Developer/Xcode/DerivedData/Telegram-Mac-fygdgghdgmuleoelvxabfmqiotta/Index.noindex/DataStore @/Users/buddhirajgautam/Library/Developer/Xcode/DerivedData/Telegram-Mac-fygdgghdgmuleoelvxabfmqiotta/Build/Intermediates.noindex/Stripe.build/Debug/Stripe-t.build/Objects-normal/arm64/e6072d4f65d7061329687fe24e3d63a7-common-args.resp -MMD -MT dependencies -MF /Users/buddhirajgautam/Library/Developer/Xcode/DerivedData/Telegram-Mac-fygdgghdgmuleoelvxabfmqiotta/Build/Intermediates.noindex/Stripe.build/Debug/Stripe-t.build/Objects-normal/arm64/STPAddress.d --serialize-diagnostics /Users/buddhirajgautam/Library/Developer/Xcode/DerivedData/Telegram-Mac-fygdgghdgmuleoelvxabfmqiotta/Build/Intermediates.noindex/Stripe.build/Debug/Stripe-t.build/Objects-normal/arm64/STPAddress.dia -c /Users/buddhirajgautam/Documents/Cherrygram-Mac/macOS-Swift/submodules/Stripe/Sources/STPAddress.m -o /Users/buddhirajgautam/Library/Developer/Xcode/DerivedData/Telegram-Mac-fygdgghdgmuleoelvxabfmqiotta/Build/Intermediates.noindex/Stripe.build/Debug/Stripe-t.build/Objects-normal/arm64/STPAddress.o -index-unit-output-path /Stripe.build/Debug/Stripe-t.build/Objects-normal/arm64/STPAddress.o

ScanDependencies /Users/buddhirajgautam/Library/Developer/Xcode/DerivedData/Telegram-Mac-fygdgghdgmuleoelvxabfmqiotta/Build/Intermediates.noindex/Stripe.build/Debug/Stripe-t.build/Objects-normal/arm64/STPAPIPostRequest.o /Users/buddhirajgautam/Documents/Cherrygram-Mac/macOS-Swift/submodules/Stripe/Sources/STPAPIPostRequest.m normal arm64 objective-c com.apple.compilers.llvm.clang.1_0.compiler (in target 'Stripe' from project 'Stripe')
    cd /Users/buddhirajgautam/Documents/Cherrygram-Mac/macOS-Swift
    
    Using response file: /Users/buddhirajgautam/Library/Developer/Xcode/DerivedData/Telegram-Mac-fygdgghdgmuleoelvxabfmqiotta/Build/Intermediates.noindex/Stripe.build/Debug/Stripe-t.build/Objects-normal/arm64/e6072d4f65d7061329687fe24e3d63a7-common-args.resp
    
    builtin-ScanDependencies -o /Users/buddhirajgautam/Library/Developer/Xcode/DerivedData/Telegram-Mac-fygdgghdgmuleoelvxabfmqiotta/Build/Intermediates.noindex/Stripe.build/Debug/Stripe-t.build/Objects-normal/arm64/STPAPIPostRequest.o.scan -- /Applications/Xcode.app/Contents/Developer/Toolchains/XcodeDefault.xctoolchain/usr/bin/clang -x objective-c -ivfsstatcache /Users/buddhirajgautam/Library/Developer/Xcode/DerivedData/SDKStatCaches.noindex/macosx27.0-26A425-e829b21a6f8c9b70876ba0858053c0447231f6df4def33e022ae2eb8f782df1a.sdkstatcache -target arm64-apple-macos12.0 -fmessage-length\=0 -fdiagnostics-show-note-include-stack -fmacro-backtrace-limit\=0 -fno-color-diagnostics -fmodules-prune-interval\=86400 -fmodules-prune-after\=345600 -fbuild-session-file\=/Users/buddhirajgautam/Library/Developer/Xcode/DerivedData/ModuleCache.noindex/Session.modulevalidation -fmodules-validate-once-per-build-session -Wnon-modular-include-in-framework-module -Werror\=non-modular-include-in-framework-module -Wno-trigraphs -Wno-missing-field-initializers -Wno-missing-prototypes -Wno-return-type -Wno-implicit-atomic-properties -Wno-objc-interface-ivars -Wno-arc-repeated-use-of-weak -Wno-missing-braces -Wparentheses -Wswitch -Wno-unused-function -Wno-unused-label -Wno-unused-parameter -Wno-unused-variable -Wunused-value -Wno-empty-body -Wno-uninitialized -Wno-unknown-pragmas -Wno-shadow -Wno-four-char-constants -Wno-conversion -Wno-constant-conversion -Wno-int-conversion -Wno-bool-conversion -Wno-enum-conversion -Wno-float-conversion -Wno-non-literal-null-conversion -Wno-objc-literal-conversion -Wshorten-64-to-32 -Wpointer-sign -Wno-newline-eof -Wno-selector -Wno-strict-selector-match -Wno-undeclared-selector -Wno-deprecated-implementations -Wno-implicit-fallthrough -isysroot /Applications/Xcode.app/Contents/Developer/Platforms/MacOSX.platform/Developer/SDKs/MacOSX27.0.sdk -fstrict-aliasing -Wprotocol -Wdeprecated-declarations -Wno-sign-conversion -Wno-infinite-recursion -Wno-comma -Wno-block-capture-autoreleasing -Wno-strict-prototypes -Wno-semicolon-before-method-body -index-store-path /Users/buddhirajgautam/Library/Developer/Xcode/DerivedData/Telegram-Mac-fygdgghdgmuleoelvxabfmqiotta/Index.noindex/DataStore @/Users/buddhirajgautam/Library/Developer/Xcode/DerivedData/Telegram-Mac-fygdgghdgmuleoelvxabfmqiotta/Build/Intermediates.noindex/Stripe.build/Debug/Stripe-t.build/Objects-normal/arm64/e6072d4f65d7061329687fe24e3d63a7-common-args.resp -MMD -MT dependencies -MF /Users/buddhirajgautam/Library/Developer/Xcode/DerivedData/Telegram-Mac-fygdgghdgmuleoelvxabfmqiotta/Build/Intermediates.noindex/Stripe.build/Debug/Stripe-t.build/Objects-normal/arm64/STPAPIPostRequest.d --serialize-diagnostics /Users/buddhirajgautam/Library/Developer/Xcode/DerivedData/Telegram-Mac-fygdgghdgmuleoelvxabfmqiotta/Build/Intermediates.noindex/Stripe.build/Debug/Stripe-t.build/Objects-normal/arm64/STPAPIPostRequest.dia -c /Users/buddhirajgautam/Documents/Cherrygram-Mac/macOS-Swift/submodules/Stripe/Sources/STPAPIPostRequest.m -o /Users/buddhirajgautam/Library/Developer/Xcode/DerivedData/Telegram-Mac-fygdgghdgmuleoelvxabfmqiotta/Build/Intermediates.noindex/Stripe.build/Debug/Stripe-t.build/Objects-normal/arm64/STPAPIPostRequest.o -index-unit-output-path /Stripe.build/Debug/Stripe-t.build/Objects-normal/arm64/STPAPIPostRequest.o

CompileC /Users/buddhirajgautam/Library/Developer/Xcode/DerivedData/Telegram-Mac-fygdgghdgmuleoelvxabfmqiotta/Build/Intermediates.noindex/Stripe.build/Debug/Stripe-t.build/Objects-normal/arm64/STPPaymentConfiguration.o /Users/buddhirajgautam/Documents/Cherrygram-Mac/macOS-Swift/submodules/Stripe/Sources/STPPaymentConfiguration.m normal arm64 objective-c com.apple.compilers.llvm.clang.1_0.compiler (in target 'Stripe' from project 'Stripe')
    cd /Users/buddhirajgautam/Documents/Cherrygram-Mac/macOS-Swift
    
    Using response file: /Users/buddhirajgautam/Library/Developer/Xcode/DerivedData/Telegram-Mac-fygdgghdgmuleoelvxabfmqiotta/Build/Intermediates.noindex/Stripe.build/Debug/Stripe-t.build/Objects-normal/arm64/e6072d4f65d7061329687fe24e3d63a7-common-args.resp
    
    /Applications/Xcode.app/Contents/Developer/Toolchains/XcodeDefault.xctoolchain/usr/bin/clang -x objective-c -ivfsstatcache /Users/buddhirajgautam/Library/Developer/Xcode/DerivedData/SDKStatCaches.noindex/macosx27.0-26A425-e829b21a6f8c9b70876ba0858053c0447231f6df4def33e022ae2eb8f782df1a.sdkstatcache -target arm64-apple-macos12.0 -fmessage-length\=0 -fdiagnostics-show-note-include-stack -fmacro-backtrace-limit\=0 -fno-color-diagnostics -fmodules-prune-interval\=86400 -fmodules-prune-after\=345600 -fbuild-session-file\=/Users/buddhirajgautam/Library/Developer/Xcode/DerivedData/ModuleCache.noindex/Session.modulevalidation -fmodules-validate-once-per-build-session -Wnon-modular-include-in-framework-module -Werror\=non-modular-include-in-framework-module -Wno-trigraphs -Wno-missing-field-initializers -Wno-missing-prototypes -Wno-return-type -Wno-implicit-atomic-properties -Wno-objc-interface-ivars -Wno-arc-repeated-use-of-weak -Wno-missing-braces -Wparentheses -Wswitch -Wno-unused-function -Wno-unused-label -Wno-unused-parameter -Wno-unused-variable -Wunused-value -Wno-empty-body -Wno-uninitialized -Wno-unknown-pragmas -Wno-shadow -Wno-four-char-constants -Wno-conversion -Wno-constant-conversion -Wno-int-conversion -Wno-bool-conversion -Wno-enum-conversion -Wno-float-conversion -Wno-non-literal-null-conversion -Wno-objc-literal-conversion -Wshorten-64-to-32 -Wpointer-sign -Wno-newline-eof -Wno-selector -Wno-strict-selector-match -Wno-undeclared-selector -Wno-deprecated-implementations -Wno-implicit-fallthrough -isysroot /Applications/Xcode.app/Contents/Developer/Platforms/MacOSX.platform/Developer/SDKs/MacOSX27.0.sdk -fstrict-aliasing -Wprotocol -Wdeprecated-declarations -Wno-sign-conversion -Wno-infinite-recursion -Wno-comma -Wno-block-capture-autoreleasing -Wno-strict-prototypes -Wno-semicolon-before-method-body -index-store-path /Users/buddhirajgautam/Library/Developer/Xcode/DerivedData/Telegram-Mac-fygdgghdgmuleoelvxabfmqiotta/Index.noindex/DataStore @/Users/buddhirajgautam/Library/Developer/Xcode/DerivedData/Telegram-Mac-fygdgghdgmuleoelvxabfmqiotta/Build/Intermediates.noindex/Stripe.build/Debug/Stripe-t.build/Objects-normal/arm64/e6072d4f65d7061329687fe24e3d63a7-common-args.resp -MMD -MT dependencies -MF /Users/buddhirajgautam/Library/Developer/Xcode/DerivedData/Telegram-Mac-fygdgghdgmuleoelvxabfmqiotta/Build/Intermediates.noindex/Stripe.build/Debug/Stripe-t.build/Objects-normal/arm64/STPPaymentConfiguration.d --serialize-diagnostics /Users/buddhirajgautam/Library/Developer/Xcode/DerivedData/Telegram-Mac-fygdgghdgmuleoelvxabfmqiotta/Build/Intermediates.noindex/Stripe.build/Debug/Stripe-t.build/Objects-normal/arm64/STPPaymentConfiguration.dia -c /Users/buddhirajgautam/Documents/Cherrygram-Mac/macOS-Swift/submodules/Stripe/Sources/STPPaymentConfiguration.m -o /Users/buddhirajgautam/Library/Developer/Xcode/DerivedData/Telegram-Mac-fygdgghdgmuleoelvxabfmqiotta/Build/Intermediates.noindex/Stripe.build/Debug/Stripe-t.build/Objects-normal/arm64/STPPaymentConfiguration.o -index-unit-output-path /Stripe.build/Debug/Stripe-t.build/Objects-normal/arm64/STPPaymentConfiguration.o

ScanDependencies /Users/buddhirajgautam/Library/Developer/Xcode/DerivedData/Telegram-Mac-fygdgghdgmuleoelvxabfmqiotta/Build/Intermediates.noindex/Stripe.build/Debug/Stripe-t.build/Objects-normal/arm64/STPAPIClient.o /Users/buddhirajgautam/Documents/Cherrygram-Mac/macOS-Swift/submodules/Stripe/Sources/STPAPIClient.m normal arm64 objective-c com.apple.compilers.llvm.clang.1_0.compiler (in target 'Stripe' from project 'Stripe')
    cd /Users/buddhirajgautam/Documents/Cherrygram-Mac/macOS-Swift
    
    Using response file: /Users/buddhirajgautam/Library/Developer/Xcode/DerivedData/Telegram-Mac-fygdgghdgmuleoelvxabfmqiotta/Build/Intermediates.noindex/Stripe.build/Debug/Stripe-t.build/Objects-normal/arm64/e6072d4f65d7061329687fe24e3d63a7-common-args.resp
    
    builtin-ScanDependencies -o /Users/buddhirajgautam/Library/Developer/Xcode/DerivedData/Telegram-Mac-fygdgghdgmuleoelvxabfmqiotta/Build/Intermediates.noindex/Stripe.build/Debug/Stripe-t.build/Objects-normal/arm64/STPAPIClient.o.scan -- /Applications/Xcode.app/Contents/Developer/Toolchains/XcodeDefault.xctoolchain/usr/bin/clang -x objective-c -ivfsstatcache /Users/buddhirajgautam/Library/Developer/Xcode/DerivedData/SDKStatCaches.noindex/macosx27.0-26A425-e829b21a6f8c9b70876ba0858053c0447231f6df4def33e022ae2eb8f782df1a.sdkstatcache -target arm64-apple-macos12.0 -fmessage-length\=0 -fdiagnostics-show-note-include-stack -fmacro-backtrace-limit\=0 -fno-color-diagnostics -fmodules-prune-interval\=86400 -fmodules-prune-after\=345600 -fbuild-session-file\=/Users/buddhirajgautam/Library/Developer/Xcode/DerivedData/ModuleCache.noindex/Session.modulevalidation -fmodules-validate-once-per-build-session -Wnon-modular-include-in-framework-module -Werror\=non-modular-include-in-framework-module -Wno-trigraphs -Wno-missing-field-initializers -Wno-missing-prototypes -Wno-return-type -Wno-implicit-atomic-properties -Wno-objc-interface-ivars -Wno-arc-repeated-use-of-weak -Wno-missing-braces -Wparentheses -Wswitch -Wno-unused-function -Wno-unused-label -Wno-unused-parameter -Wno-unused-variable -Wunused-value -Wno-empty-body -Wno-uninitialized -Wno-unknown-pragmas -Wno-shadow -Wno-four-char-constants -Wno-conversion -Wno-constant-conversion -Wno-int-conversion -Wno-bool-conversion -Wno-enum-conversion -Wno-float-conversion -Wno-non-literal-null-conversion -Wno-objc-literal-conversion -Wshorten-64-to-32 -Wpointer-sign -Wno-newline-eof -Wno-selector -Wno-strict-selector-match -Wno-undeclared-selector -Wno-deprecated-implementations -Wno-implicit-fallthrough -isysroot /Applications/Xcode.app/Contents/Developer/Platforms/MacOSX.platform/Developer/SDKs/MacOSX27.0.sdk -fstrict-aliasing -Wprotocol -Wdeprecated-declarations -Wno-sign-conversion -Wno-infinite-recursion -Wno-comma -Wno-block-capture-autoreleasing -Wno-strict-prototypes -Wno-semicolon-before-method-body -index-store-path /Users/buddhirajgautam/Library/Developer/Xcode/DerivedData/Telegram-Mac-fygdgghdgmuleoelvxabfmqiotta/Index.noindex/DataStore @/Users/buddhirajgautam/Library/Developer/Xcode/DerivedData/Telegram-Mac-fygdgghdgmuleoelvxabfmqiotta/Build/Intermediates.noindex/Stripe.build/Debug/Stripe-t.build/Objects-normal/arm64/e6072d4f65d7061329687fe24e3d63a7-common-args.resp -MMD -MT dependencies -MF /Users/buddhirajgautam/Library/Developer/Xcode/DerivedData/Telegram-Mac-fygdgghdgmuleoelvxabfmqiotta/Build/Intermediates.noindex/Stripe.build/Debug/Stripe-t.build/Objects-normal/arm64/STPAPIClient.d --serialize-diagnostics /Users/buddhirajgautam/Library/Developer/Xcode/DerivedData/Telegram-Mac-fygdgghdgmuleoelvxabfmqiotta/Build/Intermediates.noindex/Stripe.build/Debug/Stripe-t.build/Objects-normal/arm64/STPAPIClient.dia -c /Users/buddhirajgautam/Documents/Cherrygram-Mac/macOS-Swift/submodules/Stripe/Sources/STPAPIClient.m -o /Users/buddhirajgautam/Library/Developer/Xcode/DerivedData/Telegram-Mac-fygdgghdgmuleoelvxabfmqiotta/Build/Intermediates.noindex/Stripe.build/Debug/Stripe-t.build/Objects-normal/arm64/STPAPIClient.o -index-unit-output-path /Stripe.build/Debug/Stripe-t.build/Objects-normal/arm64/STPAPIClient.o

ScanDependencies /Users/buddhirajgautam/Library/Developer/Xcode/DerivedData/Telegram-Mac-fygdgghdgmuleoelvxabfmqiotta/Build/Intermediates.noindex/Stripe.build/Debug/Stripe-t.build/Objects-normal/arm64/PKPayment+Stripe.o /Users/buddhirajgautam/Documents/Cherrygram-Mac/macOS-Swift/submodules/Stripe/Sources/PKPayment+Stripe.m normal arm64 objective-c com.apple.compilers.llvm.clang.1_0.compiler (in target 'Stripe' from project 'Stripe')
    cd /Users/buddhirajgautam/Documents/Cherrygram-Mac/macOS-Swift
    
    Using response file: /Users/buddhirajgautam/Library/Developer/Xcode/DerivedData/Telegram-Mac-fygdgghdgmuleoelvxabfmqiotta/Build/Intermediates.noindex/Stripe.build/Debug/Stripe-t.build/Objects-normal/arm64/e6072d4f65d7061329687fe24e3d63a7-common-args.resp
    
    builtin-ScanDependencies -o /Users/buddhirajgautam/Library/Developer/Xcode/DerivedData/Telegram-Mac-fygdgghdgmuleoelvxabfmqiotta/Build/Intermediates.noindex/Stripe.build/Debug/Stripe-t.build/Objects-normal/arm64/PKPayment+Stripe.o.scan -- /Applications/Xcode.app/Contents/Developer/Toolchains/XcodeDefault.xctoolchain/usr/bin/clang -x objective-c -ivfsstatcache /Users/buddhirajgautam/Library/Developer/Xcode/DerivedData/SDKStatCaches.noindex/macosx27.0-26A425-e829b21a6f8c9b70876ba0858053c0447231f6df4def33e022ae2eb8f782df1a.sdkstatcache -target arm64-apple-macos12.0 -fmessage-length\=0 -fdiagnostics-show-note-include-stack -fmacro-backtrace-limit\=0 -fno-color-diagnostics -fmodules-prune-interval\=86400 -fmodules-prune-after\=345600 -fbuild-session-file\=/Users/buddhirajgautam/Library/Developer/Xcode/DerivedData/ModuleCache.noindex/Session.modulevalidation -fmodules-validate-once-per-build-session -Wnon-modular-include-in-framework-module -Werror\=non-modular-include-in-framework-module -Wno-trigraphs -Wno-missing-field-initializers -Wno-missing-prototypes -Wno-return-type -Wno-implicit-atomic-properties -Wno-objc-interface-ivars -Wno-arc-repeated-use-of-weak -Wno-missing-braces -Wparentheses -Wswitch -Wno-unused-function -Wno-unused-label -Wno-unused-parameter -Wno-unused-variable -Wunused-value -Wno-empty-body -Wno-uninitialized -Wno-unknown-pragmas -Wno-shadow -Wno-four-char-constants -Wno-conversion -Wno-constant-conversion -Wno-int-conversion -Wno-bool-conversion -Wno-enum-conversion -Wno-float-conversion -Wno-non-literal-null-conversion -Wno-objc-literal-conversion -Wshorten-64-to-32 -Wpointer-sign -Wno-newline-eof -Wno-selector -Wno-strict-selector-match -Wno-undeclared-selector -Wno-deprecated-implementations -Wno-implicit-fallthrough -isysroot /Applications/Xcode.app/Contents/Developer/Platforms/MacOSX.platform/Developer/SDKs/MacOSX27.0.sdk -fstrict-aliasing -Wprotocol -Wdeprecated-declarations -Wno-sign-conversion -Wno-infinite-recursion -Wno-comma -Wno-block-capture-autoreleasing -Wno-strict-prototypes -Wno-semicolon-before-method-body -index-store-path /Users/buddhirajgautam/Library/Developer/Xcode/DerivedData/Telegram-Mac-fygdgghdgmuleoelvxabfmqiotta/Index.noindex/DataStore @/Users/buddhirajgautam/Library/Developer/Xcode/DerivedData/Telegram-Mac-fygdgghdgmuleoelvxabfmqiotta/Build/Intermediates.noindex/Stripe.build/Debug/Stripe-t.build/Objects-normal/arm64/e6072d4f65d7061329687fe24e3d63a7-common-args.resp -MMD -MT dependencies -MF /Users/buddhirajgautam/Library/Developer/Xcode/DerivedData/Telegram-Mac-fygdgghdgmuleoelvxabfmqiotta/Build/Intermediates.noindex/Stripe.build/Debug/Stripe-t.build/Objects-normal/arm64/PKPayment+Stripe.d --serialize-diagnostics /Users/buddhirajgautam/Library/Developer/Xcode/DerivedData/Telegram-Mac-fygdgghdgmuleoelvxabfmqiotta/Build/Intermediates.noindex/Stripe.build/Debug/Stripe-t.build/Objects-normal/arm64/PKPayment+Stripe.dia -c /Users/buddhirajgautam/Documents/Cherrygram-Mac/macOS-Swift/submodules/Stripe/Sources/PKPayment+Stripe.m -o /Users/buddhirajgautam/Library/Developer/Xcode/DerivedData/Telegram-Mac-fygdgghdgmuleoelvxabfmqiotta/Build/Intermediates.noindex/Stripe.build/Debug/Stripe-t.build/Objects-normal/arm64/PKPayment+Stripe.o -index-unit-output-path /Stripe.build/Debug/Stripe-t.build/Objects-normal/arm64/PKPayment+Stripe.o

CompileC /Users/buddhirajgautam/Library/Developer/Xcode/DerivedData/Telegram-Mac-fygdgghdgmuleoelvxabfmqiotta/Build/Intermediates.noindex/Stripe.build/Debug/Stripe-t.build/Objects-normal/arm64/STPAPIPostRequest.o /Users/buddhirajgautam/Documents/Cherrygram-Mac/macOS-Swift/submodules/Stripe/Sources/STPAPIPostRequest.m normal arm64 objective-c com.apple.compilers.llvm.clang.1_0.compiler (in target 'Stripe' from project 'Stripe')
    cd /Users/buddhirajgautam/Documents/Cherrygram-Mac/macOS-Swift
    
    Using response file: /Users/buddhirajgautam/Library/Developer/Xcode/DerivedData/Telegram-Mac-fygdgghdgmuleoelvxabfmqiotta/Build/Intermediates.noindex/Stripe.build/Debug/Stripe-t.build/Objects-normal/arm64/e6072d4f65d7061329687fe24e3d63a7-common-args.resp
    
    /Applications/Xcode.app/Contents/Developer/Toolchains/XcodeDefault.xctoolchain/usr/bin/clang -x objective-c -ivfsstatcache /Users/buddhirajgautam/Library/Developer/Xcode/DerivedData/SDKStatCaches.noindex/macosx27.0-26A425-e829b21a6f8c9b70876ba0858053c0447231f6df4def33e022ae2eb8f782df1a.sdkstatcache -target arm64-apple-macos12.0 -fmessage-length\=0 -fdiagnostics-show-note-include-stack -fmacro-backtrace-limit\=0 -fno-color-diagnostics -fmodules-prune-interval\=86400 -fmodules-prune-after\=345600 -fbuild-session-file\=/Users/buddhirajgautam/Library/Developer/Xcode/DerivedData/ModuleCache.noindex/Session.modulevalidation -fmodules-validate-once-per-build-session -Wnon-modular-include-in-framework-module -Werror\=non-modular-include-in-framework-module -Wno-trigraphs -Wno-missing-field-initializers -Wno-missing-prototypes -Wno-return-type -Wno-implicit-atomic-properties -Wno-objc-interface-ivars -Wno-arc-repeated-use-of-weak -Wno-missing-braces -Wparentheses -Wswitch -Wno-unused-function -Wno-unused-label -Wno-unused-parameter -Wno-unused-variable -Wunused-value -Wno-empty-body -Wno-uninitialized -Wno-unknown-pragmas -Wno-shadow -Wno-four-char-constants -Wno-conversion -Wno-constant-conversion -Wno-int-conversion -Wno-bool-conversion -Wno-enum-conversion -Wno-float-conversion -Wno-non-literal-null-conversion -Wno-objc-literal-conversion -Wshorten-64-to-32 -Wpointer-sign -Wno-newline-eof -Wno-selector -Wno-strict-selector-match -Wno-undeclared-selector -Wno-deprecated-implementations -Wno-implicit-fallthrough -isysroot /Applications/Xcode.app/Contents/Developer/Platforms/MacOSX.platform/Developer/SDKs/MacOSX27.0.sdk -fstrict-aliasing -Wprotocol -Wdeprecated-declarations -Wno-sign-conversion -Wno-infinite-recursion -Wno-comma -Wno-block-capture-autoreleasing -Wno-strict-prototypes -Wno-semicolon-before-method-body -index-store-path /Users/buddhirajgautam/Library/Developer/Xcode/DerivedData/Telegram-Mac-fygdgghdgmuleoelvxabfmqiotta/Index.noindex/DataStore @/Users/buddhirajgautam/Library/Developer/Xcode/DerivedData/Telegram-Mac-fygdgghdgmuleoelvxabfmqiotta/Build/Intermediates.noindex/Stripe.build/Debug/Stripe-t.build/Objects-normal/arm64/e6072d4f65d7061329687fe24e3d63a7-common-args.resp -MMD -MT dependencies -MF /Users/buddhirajgautam/Library/Developer/Xcode/DerivedData/Telegram-Mac-fygdgghdgmuleoelvxabfmqiotta/Build/Intermediates.noindex/Stripe.build/Debug/Stripe-t.build/Objects-normal/arm64/STPAPIPostRequest.d --serialize-diagnostics /Users/buddhirajgautam/Library/Developer/Xcode/DerivedData/Telegram-Mac-fygdgghdgmuleoelvxabfmqiotta/Build/Intermediates.noindex/Stripe.build/Debug/Stripe-t.build/Objects-normal/arm64/STPAPIPostRequest.dia -c /Users/buddhirajgautam/Documents/Cherrygram-Mac/macOS-Swift/submodules/Stripe/Sources/STPAPIPostRequest.m -o /Users/buddhirajgautam/Library/Developer/Xcode/DerivedData/Telegram-Mac-fygdgghdgmuleoelvxabfmqiotta/Build/Intermediates.noindex/Stripe.build/Debug/Stripe-t.build/Objects-normal/arm64/STPAPIPostRequest.o -index-unit-output-path /Stripe.build/Debug/Stripe-t.build/Objects-normal/arm64/STPAPIPostRequest.o

ScanDependencies /Users/buddhirajgautam/Library/Developer/Xcode/DerivedData/Telegram-Mac-fygdgghdgmuleoelvxabfmqiotta/Build/Intermediates.noindex/Stripe.build/Debug/Stripe-t.build/Objects-normal/arm64/NSString+Stripe_CardBrands.o /Users/buddhirajgautam/Documents/Cherrygram-Mac/macOS-Swift/submodules/Stripe/Sources/NSString+Stripe_CardBrands.m normal arm64 objective-c com.apple.compilers.llvm.clang.1_0.compiler (in target 'Stripe' from project 'Stripe')
    cd /Users/buddhirajgautam/Documents/Cherrygram-Mac/macOS-Swift
    
    Using response file: /Users/buddhirajgautam/Library/Developer/Xcode/DerivedData/Telegram-Mac-fygdgghdgmuleoelvxabfmqiotta/Build/Intermediates.noindex/Stripe.build/Debug/Stripe-t.build/Objects-normal/arm64/e6072d4f65d7061329687fe24e3d63a7-common-args.resp
    
    builtin-ScanDependencies -o /Users/buddhirajgautam/Library/Developer/Xcode/DerivedData/Telegram-Mac-fygdgghdgmuleoelvxabfmqiotta/Build/Intermediates.noindex/Stripe.build/Debug/Stripe-t.build/Objects-normal/arm64/NSString+Stripe_CardBrands.o.scan -- /Applications/Xcode.app/Contents/Developer/Toolchains/XcodeDefault.xctoolchain/usr/bin/clang -x objective-c -ivfsstatcache /Users/buddhirajgautam/Library/Developer/Xcode/DerivedData/SDKStatCaches.noindex/macosx27.0-26A425-e829b21a6f8c9b70876ba0858053c0447231f6df4def33e022ae2eb8f782df1a.sdkstatcache -target arm64-apple-macos12.0 -fmessage-length\=0 -fdiagnostics-show-note-include-stack -fmacro-backtrace-limit\=0 -fno-color-diagnostics -fmodules-prune-interval\=86400 -fmodules-prune-after\=345600 -fbuild-session-file\=/Users/buddhirajgautam/Library/Developer/Xcode/DerivedData/ModuleCache.noindex/Session.modulevalidation -fmodules-validate-once-per-build-session -Wnon-modular-include-in-framework-module -Werror\=non-modular-include-in-framework-module -Wno-trigraphs -Wno-missing-field-initializers -Wno-missing-prototypes -Wno-return-type -Wno-implicit-atomic-properties -Wno-objc-interface-ivars -Wno-arc-repeated-use-of-weak -Wno-missing-braces -Wparentheses -Wswitch -Wno-unused-function -Wno-unused-label -Wno-unused-parameter -Wno-unused-variable -Wunused-value -Wno-empty-body -Wno-uninitialized -Wno-unknown-pragmas -Wno-shadow -Wno-four-char-constants -Wno-conversion -Wno-constant-conversion -Wno-int-conversion -Wno-bool-conversion -Wno-enum-conversion -Wno-float-conversion -Wno-non-literal-null-conversion -Wno-objc-literal-conversion -Wshorten-64-to-32 -Wpointer-sign -Wno-newline-eof -Wno-selector -Wno-strict-selector-match -Wno-undeclared-selector -Wno-deprecated-implementations -Wno-implicit-fallthrough -isysroot /Applications/Xcode.app/Contents/Developer/Platforms/MacOSX.platform/Developer/SDKs/MacOSX27.0.sdk -fstrict-aliasing -Wprotocol -Wdeprecated-declarations -Wno-sign-conversion -Wno-infinite-recursion -Wno-comma -Wno-block-capture-autoreleasing -Wno-strict-prototypes -Wno-semicolon-before-method-body -index-store-path /Users/buddhirajgautam/Library/Developer/Xcode/DerivedData/Telegram-Mac-fygdgghdgmuleoelvxabfmqiotta/Index.noindex/DataStore @/Users/buddhirajgautam/Library/Developer/Xcode/DerivedData/Telegram-Mac-fygdgghdgmuleoelvxabfmqiotta/Build/Intermediates.noindex/Stripe.build/Debug/Stripe-t.build/Objects-normal/arm64/e6072d4f65d7061329687fe24e3d63a7-common-args.resp -MMD -MT dependencies -MF /Users/buddhirajgautam/Library/Developer/Xcode/DerivedData/Telegram-Mac-fygdgghdgmuleoelvxabfmqiotta/Build/Intermediates.noindex/Stripe.build/Debug/Stripe-t.build/Objects-normal/arm64/NSString+Stripe_CardBrands.d --serialize-diagnostics /Users/buddhirajgautam/Library/Developer/Xcode/DerivedData/Telegram-Mac-fygdgghdgmuleoelvxabfmqiotta/Build/Intermediates.noindex/Stripe.build/Debug/Stripe-t.build/Objects-normal/arm64/NSString+Stripe_CardBrands.dia -c /Users/buddhirajgautam/Documents/Cherrygram-Mac/macOS-Swift/submodules/Stripe/Sources/NSString+Stripe_CardBrands.m -o /Users/buddhirajgautam/Library/Developer/Xcode/DerivedData/Telegram-Mac-fygdgghdgmuleoelvxabfmqiotta/Build/Intermediates.noindex/Stripe.build/Debug/Stripe-t.build/Objects-normal/arm64/NSString+Stripe_CardBrands.o -index-unit-output-path /Stripe.build/Debug/Stripe-t.build/Objects-normal/arm64/NSString+Stripe_CardBrands.o

CompileC /Users/buddhirajgautam/Library/Developer/Xcode/DerivedData/Telegram-Mac-fygdgghdgmuleoelvxabfmqiotta/Build/Intermediates.noindex/Stripe.build/Debug/Stripe-t.build/Objects-normal/arm64/STPAddress.o /Users/buddhirajgautam/Documents/Cherrygram-Mac/macOS-Swift/submodules/Stripe/Sources/STPAddress.m normal arm64 objective-c com.apple.compilers.llvm.clang.1_0.compiler (in target 'Stripe' from project 'Stripe')
    cd /Users/buddhirajgautam/Documents/Cherrygram-Mac/macOS-Swift
    
    Using response file: /Users/buddhirajgautam/Library/Developer/Xcode/DerivedData/Telegram-Mac-fygdgghdgmuleoelvxabfmqiotta/Build/Intermediates.noindex/Stripe.build/Debug/Stripe-t.build/Objects-normal/arm64/e6072d4f65d7061329687fe24e3d63a7-common-args.resp
    
    /Applications/Xcode.app/Contents/Developer/Toolchains/XcodeDefault.xctoolchain/usr/bin/clang -x objective-c -ivfsstatcache /Users/buddhirajgautam/Library/Developer/Xcode/DerivedData/SDKStatCaches.noindex/macosx27.0-26A425-e829b21a6f8c9b70876ba0858053c0447231f6df4def33e022ae2eb8f782df1a.sdkstatcache -target arm64-apple-macos12.0 -fmessage-length\=0 -fdiagnostics-show-note-include-stack -fmacro-backtrace-limit\=0 -fno-color-diagnostics -fmodules-prune-interval\=86400 -fmodules-prune-after\=345600 -fbuild-session-file\=/Users/buddhirajgautam/Library/Developer/Xcode/DerivedData/ModuleCache.noindex/Session.modulevalidation -fmodules-validate-once-per-build-session -Wnon-modular-include-in-framework-module -Werror\=non-modular-include-in-framework-module -Wno-trigraphs -Wno-missing-field-initializers -Wno-missing-prototypes -Wno-return-type -Wno-implicit-atomic-properties -Wno-objc-interface-ivars -Wno-arc-repeated-use-of-weak -Wno-missing-braces -Wparentheses -Wswitch -Wno-unused-function -Wno-unused-label -Wno-unused-parameter -Wno-unused-variable -Wunused-value -Wno-empty-body -Wno-uninitialized -Wno-unknown-pragmas -Wno-shadow -Wno-four-char-constants -Wno-conversion -Wno-constant-conversion -Wno-int-conversion -Wno-bool-conversion -Wno-enum-conversion -Wno-float-conversion -Wno-non-literal-null-conversion -Wno-objc-literal-conversion -Wshorten-64-to-32 -Wpointer-sign -Wno-newline-eof -Wno-selector -Wno-strict-selector-match -Wno-undeclared-selector -Wno-deprecated-implementations -Wno-implicit-fallthrough -isysroot /Applications/Xcode.app/Contents/Developer/Platforms/MacOSX.platform/Developer/SDKs/MacOSX27.0.sdk -fstrict-aliasing -Wprotocol -Wdeprecated-declarations -Wno-sign-conversion -Wno-infinite-recursion -Wno-comma -Wno-block-capture-autoreleasing -Wno-strict-prototypes -Wno-semicolon-before-method-body -index-store-path /Users/buddhirajgautam/Library/Developer/Xcode/DerivedData/Telegram-Mac-fygdgghdgmuleoelvxabfmqiotta/Index.noindex/DataStore @/Users/buddhirajgautam/Library/Developer/Xcode/DerivedData/Telegram-Mac-fygdgghdgmuleoelvxabfmqiotta/Build/Intermediates.noindex/Stripe.build/Debug/Stripe-t.build/Objects-normal/arm64/e6072d4f65d7061329687fe24e3d63a7-common-args.resp -MMD -MT dependencies -MF /Users/buddhirajgautam/Library/Developer/Xcode/DerivedData/Telegram-Mac-fygdgghdgmuleoelvxabfmqiotta/Build/Intermediates.noindex/Stripe.build/Debug/Stripe-t.build/Objects-normal/arm64/STPAddress.d --serialize-diagnostics /Users/buddhirajgautam/Library/Developer/Xcode/DerivedData/Telegram-Mac-fygdgghdgmuleoelvxabfmqiotta/Build/Intermediates.noindex/Stripe.build/Debug/Stripe-t.build/Objects-normal/arm64/STPAddress.dia -c /Users/buddhirajgautam/Documents/Cherrygram-Mac/macOS-Swift/submodules/Stripe/Sources/STPAddress.m -o /Users/buddhirajgautam/Library/Developer/Xcode/DerivedData/Telegram-Mac-fygdgghdgmuleoelvxabfmqiotta/Build/Intermediates.noindex/Stripe.build/Debug/Stripe-t.build/Objects-normal/arm64/STPAddress.o -index-unit-output-path /Stripe.build/Debug/Stripe-t.build/Objects-normal/arm64/STPAddress.o

ScanDependencies /Users/buddhirajgautam/Library/Developer/Xcode/DerivedData/Telegram-Mac-fygdgghdgmuleoelvxabfmqiotta/Build/Intermediates.noindex/Stripe.build/Debug/Stripe-t.build/Objects-normal/arm64/NSString+Stripe.o /Users/buddhirajgautam/Documents/Cherrygram-Mac/macOS-Swift/submodules/Stripe/Sources/NSString+Stripe.m normal arm64 objective-c com.apple.compilers.llvm.clang.1_0.compiler (in target 'Stripe' from project 'Stripe')
    cd /Users/buddhirajgautam/Documents/Cherrygram-Mac/macOS-Swift
    
    Using response file: /Users/buddhirajgautam/Library/Developer/Xcode/DerivedData/Telegram-Mac-fygdgghdgmuleoelvxabfmqiotta/Build/Intermediates.noindex/Stripe.build/Debug/Stripe-t.build/Objects-normal/arm64/e6072d4f65d7061329687fe24e3d63a7-common-args.resp
    
    builtin-ScanDependencies -o /Users/buddhirajgautam/Library/Developer/Xcode/DerivedData/Telegram-Mac-fygdgghdgmuleoelvxabfmqiotta/Build/Intermediates.noindex/Stripe.build/Debug/Stripe-t.build/Objects-normal/arm64/NSString+Stripe.o.scan -- /Applications/Xcode.app/Contents/Developer/Toolchains/XcodeDefault.xctoolchain/usr/bin/clang -x objective-c -ivfsstatcache /Users/buddhirajgautam/Library/Developer/Xcode/DerivedData/SDKStatCaches.noindex/macosx27.0-26A425-e829b21a6f8c9b70876ba0858053c0447231f6df4def33e022ae2eb8f782df1a.sdkstatcache -target arm64-apple-macos12.0 -fmessage-length\=0 -fdiagnostics-show-note-include-stack -fmacro-backtrace-limit\=0 -fno-color-diagnostics -fmodules-prune-interval\=86400 -fmodules-prune-after\=345600 -fbuild-session-file\=/Users/buddhirajgautam/Library/Developer/Xcode/DerivedData/ModuleCache.noindex/Session.modulevalidation -fmodules-validate-once-per-build-session -Wnon-modular-include-in-framework-module -Werror\=non-modular-include-in-framework-module -Wno-trigraphs -Wno-missing-field-initializers -Wno-missing-prototypes -Wno-return-type -Wno-implicit-atomic-properties -Wno-objc-interface-ivars -Wno-arc-repeated-use-of-weak -Wno-missing-braces -Wparentheses -Wswitch -Wno-unused-function -Wno-unused-label -Wno-unused-parameter -Wno-unused-variable -Wunused-value -Wno-empty-body -Wno-uninitialized -Wno-unknown-pragmas -Wno-shadow -Wno-four-char-constants -Wno-conversion -Wno-constant-conversion -Wno-int-conversion -Wno-bool-conversion -Wno-enum-conversion -Wno-float-conversion -Wno-non-literal-null-conversion -Wno-objc-literal-conversion -Wshorten-64-to-32 -Wpointer-sign -Wno-newline-eof -Wno-selector -Wno-strict-selector-match -Wno-undeclared-selector -Wno-deprecated-implementations -Wno-implicit-fallthrough -isysroot /Applications/Xcode.app/Contents/Developer/Platforms/MacOSX.platform/Developer/SDKs/MacOSX27.0.sdk -fstrict-aliasing -Wprotocol -Wdeprecated-declarations -Wno-sign-conversion -Wno-infinite-recursion -Wno-comma -Wno-block-capture-autoreleasing -Wno-strict-prototypes -Wno-semicolon-before-method-body -index-store-path /Users/buddhirajgautam/Library/Developer/Xcode/DerivedData/Telegram-Mac-fygdgghdgmuleoelvxabfmqiotta/Index.noindex/DataStore @/Users/buddhirajgautam/Library/Developer/Xcode/DerivedData/Telegram-Mac-fygdgghdgmuleoelvxabfmqiotta/Build/Intermediates.noindex/Stripe.build/Debug/Stripe-t.build/Objects-normal/arm64/e6072d4f65d7061329687fe24e3d63a7-common-args.resp -MMD -MT dependencies -MF /Users/buddhirajgautam/Library/Developer/Xcode/DerivedData/Telegram-Mac-fygdgghdgmuleoelvxabfmqiotta/Build/Intermediates.noindex/Stripe.build/Debug/Stripe-t.build/Objects-normal/arm64/NSString+Stripe.d --serialize-diagnostics /Users/buddhirajgautam/Library/Developer/Xcode/DerivedData/Telegram-Mac-fygdgghdgmuleoelvxabfmqiotta/Build/Intermediates.noindex/Stripe.build/Debug/Stripe-t.build/Objects-normal/arm64/NSString+Stripe.dia -c /Users/buddhirajgautam/Documents/Cherrygram-Mac/macOS-Swift/submodules/Stripe/Sources/NSString+Stripe.m -o /Users/buddhirajgautam/Library/Developer/Xcode/DerivedData/Telegram-Mac-fygdgghdgmuleoelvxabfmqiotta/Build/Intermediates.noindex/Stripe.build/Debug/Stripe-t.build/Objects-normal/arm64/NSString+Stripe.o -index-unit-output-path /Stripe.build/Debug/Stripe-t.build/Objects-normal/arm64/NSString+Stripe.o

ScanDependencies /Users/buddhirajgautam/Library/Developer/Xcode/DerivedData/Telegram-Mac-fygdgghdgmuleoelvxabfmqiotta/Build/Intermediates.noindex/Stripe.build/Debug/Stripe-t.build/Objects-normal/arm64/NSDictionary+Stripe.o /Users/buddhirajgautam/Documents/Cherrygram-Mac/macOS-Swift/submodules/Stripe/Sources/NSDictionary+Stripe.m normal arm64 objective-c com.apple.compilers.llvm.clang.1_0.compiler (in target 'Stripe' from project 'Stripe')
    cd /Users/buddhirajgautam/Documents/Cherrygram-Mac/macOS-Swift
    
    Using response file: /Users/buddhirajgautam/Library/Developer/Xcode/DerivedData/Telegram-Mac-fygdgghdgmuleoelvxabfmqiotta/Build/Intermediates.noindex/Stripe.build/Debug/Stripe-t.build/Objects-normal/arm64/e6072d4f65d7061329687fe24e3d63a7-common-args.resp
    
    builtin-ScanDependencies -o /Users/buddhirajgautam/Library/Developer/Xcode/DerivedData/Telegram-Mac-fygdgghdgmuleoelvxabfmqiotta/Build/Intermediates.noindex/Stripe.build/Debug/Stripe-t.build/Objects-normal/arm64/NSDictionary+Stripe.o.scan -- /Applications/Xcode.app/Contents/Developer/Toolchains/XcodeDefault.xctoolchain/usr/bin/clang -x objective-c -ivfsstatcache /Users/buddhirajgautam/Library/Developer/Xcode/DerivedData/SDKStatCaches.noindex/macosx27.0-26A425-e829b21a6f8c9b70876ba0858053c0447231f6df4def33e022ae2eb8f782df1a.sdkstatcache -target arm64-apple-macos12.0 -fmessage-length\=0 -fdiagnostics-show-note-include-stack -fmacro-backtrace-limit\=0 -fno-color-diagnostics -fmodules-prune-interval\=86400 -fmodules-prune-after\=345600 -fbuild-session-file\=/Users/buddhirajgautam/Library/Developer/Xcode/DerivedData/ModuleCache.noindex/Session.modulevalidation -fmodules-validate-once-per-build-session -Wnon-modular-include-in-framework-module -Werror\=non-modular-include-in-framework-module -Wno-trigraphs -Wno-missing-field-initializers -Wno-missing-prototypes -Wno-return-type -Wno-implicit-atomic-properties -Wno-objc-interface-ivars -Wno-arc-repeated-use-of-weak -Wno-missing-braces -Wparentheses -Wswitch -Wno-unused-function -Wno-unused-label -Wno-unused-parameter -Wno-unused-variable -Wunused-value -Wno-empty-body -Wno-uninitialized -Wno-unknown-pragmas -Wno-shadow -Wno-four-char-constants -Wno-conversion -Wno-constant-conversion -Wno-int-conversion -Wno-bool-conversion -Wno-enum-conversion -Wno-float-conversion -Wno-non-literal-null-conversion -Wno-objc-literal-conversion -Wshorten-64-to-32 -Wpointer-sign -Wno-newline-eof -Wno-selector -Wno-strict-selector-match -Wno-undeclared-selector -Wno-deprecated-implementations -Wno-implicit-fallthrough -isysroot /Applications/Xcode.app/Contents/Developer/Platforms/MacOSX.platform/Developer/SDKs/MacOSX27.0.sdk -fstrict-aliasing -Wprotocol -Wdeprecated-declarations -Wno-sign-conversion -Wno-infinite-recursion -Wno-comma -Wno-block-capture-autoreleasing -Wno-strict-prototypes -Wno-semicolon-before-method-body -index-store-path /Users/buddhirajgautam/Library/Developer/Xcode/DerivedData/Telegram-Mac-fygdgghdgmuleoelvxabfmqiotta/Index.noindex/DataStore @/Users/buddhirajgautam/Library/Developer/Xcode/DerivedData/Telegram-Mac-fygdgghdgmuleoelvxabfmqiotta/Build/Intermediates.noindex/Stripe.build/Debug/Stripe-t.build/Objects-normal/arm64/e6072d4f65d7061329687fe24e3d63a7-common-args.resp -MMD -MT dependencies -MF /Users/buddhirajgautam/Library/Developer/Xcode/DerivedData/Telegram-Mac-fygdgghdgmuleoelvxabfmqiotta/Build/Intermediates.noindex/Stripe.build/Debug/Stripe-t.build/Objects-normal/arm64/NSDictionary+Stripe.d --serialize-diagnostics /Users/buddhirajgautam/Library/Developer/Xcode/DerivedData/Telegram-Mac-fygdgghdgmuleoelvxabfmqiotta/Build/Intermediates.noindex/Stripe.build/Debug/Stripe-t.build/Objects-normal/arm64/NSDictionary+Stripe.dia -c /Users/buddhirajgautam/Documents/Cherrygram-Mac/macOS-Swift/submodules/Stripe/Sources/NSDictionary+Stripe.m -o /Users/buddhirajgautam/Library/Developer/Xcode/DerivedData/Telegram-Mac-fygdgghdgmuleoelvxabfmqiotta/Build/Intermediates.noindex/Stripe.build/Debug/Stripe-t.build/Objects-normal/arm64/NSDictionary+Stripe.o -index-unit-output-path /Stripe.build/Debug/Stripe-t.build/Objects-normal/arm64/NSDictionary+Stripe.o

CompileC /Users/buddhirajgautam/Library/Developer/Xcode/DerivedData/Telegram-Mac-fygdgghdgmuleoelvxabfmqiotta/Build/Intermediates.noindex/Stripe.build/Debug/Stripe-t.build/Objects-normal/arm64/NSString+Stripe_CardBrands.o /Users/buddhirajgautam/Documents/Cherrygram-Mac/macOS-Swift/submodules/Stripe/Sources/NSString+Stripe_CardBrands.m normal arm64 objective-c com.apple.compilers.llvm.clang.1_0.compiler (in target 'Stripe' from project 'Stripe')
    cd /Users/buddhirajgautam/Documents/Cherrygram-Mac/macOS-Swift
    
    Using response file: /Users/buddhirajgautam/Library/Developer/Xcode/DerivedData/Telegram-Mac-fygdgghdgmuleoelvxabfmqiotta/Build/Intermediates.noindex/Stripe.build/Debug/Stripe-t.build/Objects-normal/arm64/e6072d4f65d7061329687fe24e3d63a7-common-args.resp
    
    /Applications/Xcode.app/Contents/Developer/Toolchains/XcodeDefault.xctoolchain/usr/bin/clang -x objective-c -ivfsstatcache /Users/buddhirajgautam/Library/Developer/Xcode/DerivedData/SDKStatCaches.noindex/macosx27.0-26A425-e829b21a6f8c9b70876ba0858053c0447231f6df4def33e022ae2eb8f782df1a.sdkstatcache -target arm64-apple-macos12.0 -fmessage-length\=0 -fdiagnostics-show-note-include-stack -fmacro-backtrace-limit\=0 -fno-color-diagnostics -fmodules-prune-interval\=86400 -fmodules-prune-after\=345600 -fbuild-session-file\=/Users/buddhirajgautam/Library/Developer/Xcode/DerivedData/ModuleCache.noindex/Session.modulevalidation -fmodules-validate-once-per-build-session -Wnon-modular-include-in-framework-module -Werror\=non-modular-include-in-framework-module -Wno-trigraphs -Wno-missing-field-initializers -Wno-missing-prototypes -Wno-return-type -Wno-implicit-atomic-properties -Wno-objc-interface-ivars -Wno-arc-repeated-use-of-weak -Wno-missing-braces -Wparentheses -Wswitch -Wno-unused-function -Wno-unused-label -Wno-unused-parameter -Wno-unused-variable -Wunused-value -Wno-empty-body -Wno-uninitialized -Wno-unknown-pragmas -Wno-shadow -Wno-four-char-constants -Wno-conversion -Wno-constant-conversion -Wno-int-conversion -Wno-bool-conversion -Wno-enum-conversion -Wno-float-conversion -Wno-non-literal-null-conversion -Wno-objc-literal-conversion -Wshorten-64-to-32 -Wpointer-sign -Wno-newline-eof -Wno-selector -Wno-strict-selector-match -Wno-undeclared-selector -Wno-deprecated-implementations -Wno-implicit-fallthrough -isysroot /Applications/Xcode.app/Contents/Developer/Platforms/MacOSX.platform/Developer/SDKs/MacOSX27.0.sdk -fstrict-aliasing -Wprotocol -Wdeprecated-declarations -Wno-sign-conversion -Wno-infinite-recursion -Wno-comma -Wno-block-capture-autoreleasing -Wno-strict-prototypes -Wno-semicolon-before-method-body -index-store-path /Users/buddhirajgautam/Library/Developer/Xcode/DerivedData/Telegram-Mac-fygdgghdgmuleoelvxabfmqiotta/Index.noindex/DataStore @/Users/buddhirajgautam/Library/Developer/Xcode/DerivedData/Telegram-Mac-fygdgghdgmuleoelvxabfmqiotta/Build/Intermediates.noindex/Stripe.build/Debug/Stripe-t.build/Objects-normal/arm64/e6072d4f65d7061329687fe24e3d63a7-common-args.resp -MMD -MT dependencies -MF /Users/buddhirajgautam/Library/Developer/Xcode/DerivedData/Telegram-Mac-fygdgghdgmuleoelvxabfmqiotta/Build/Intermediates.noindex/Stripe.build/Debug/Stripe-t.build/Objects-normal/arm64/NSString+Stripe_CardBrands.d --serialize-diagnostics /Users/buddhirajgautam/Library/Developer/Xcode/DerivedData/Telegram-Mac-fygdgghdgmuleoelvxabfmqiotta/Build/Intermediates.noindex/Stripe.build/Debug/Stripe-t.build/Objects-normal/arm64/NSString+Stripe_CardBrands.dia -c /Users/buddhirajgautam/Documents/Cherrygram-Mac/macOS-Swift/submodules/Stripe/Sources/NSString+Stripe_CardBrands.m -o /Users/buddhirajgautam/Library/Developer/Xcode/DerivedData/Telegram-Mac-fygdgghdgmuleoelvxabfmqiotta/Build/Intermediates.noindex/Stripe.build/Debug/Stripe-t.build/Objects-normal/arm64/NSString+Stripe_CardBrands.o -index-unit-output-path /Stripe.build/Debug/Stripe-t.build/Objects-normal/arm64/NSString+Stripe_CardBrands.o

SwiftCompile normal arm64 Compiling\ SubstringSearch.swift /Users/buddhirajgautam/Documents/Cherrygram-Mac/macOS-Swift/packages/Strings/Sources/Strings/SubstringSearch.swift (in target 'Strings' from project 'Strings')

SwiftCompile normal arm64 /Users/buddhirajgautam/Documents/Cherrygram-Mac/macOS-Swift/packages/Strings/Sources/Strings/SubstringSearch.swift (in target 'Strings' from project 'Strings')
    cd /Users/buddhirajgautam/Documents/Cherrygram-Mac/macOS-Swift
    builtin-SwiftPerFileCompile SubstringSearch.swift

CompileC /Users/buddhirajgautam/Library/Developer/Xcode/DerivedData/Telegram-Mac-fygdgghdgmuleoelvxabfmqiotta/Build/Intermediates.noindex/Stripe.build/Debug/Stripe-t.build/Objects-normal/arm64/STPAPIClient.o /Users/buddhirajgautam/Documents/Cherrygram-Mac/macOS-Swift/submodules/Stripe/Sources/STPAPIClient.m normal arm64 objective-c com.apple.compilers.llvm.clang.1_0.compiler (in target 'Stripe' from project 'Stripe')
    cd /Users/buddhirajgautam/Documents/Cherrygram-Mac/macOS-Swift
    
    Using response file: /Users/buddhirajgautam/Library/Developer/Xcode/DerivedData/Telegram-Mac-fygdgghdgmuleoelvxabfmqiotta/Build/Intermediates.noindex/Stripe.build/Debug/Stripe-t.build/Objects-normal/arm64/e6072d4f65d7061329687fe24e3d63a7-common-args.resp
    
    /Applications/Xcode.app/Contents/Developer/Toolchains/XcodeDefault.xctoolchain/usr/bin/clang -x objective-c -ivfsstatcache /Users/buddhirajgautam/Library/Developer/Xcode/DerivedData/SDKStatCaches.noindex/macosx27.0-26A425-e829b21a6f8c9b70876ba0858053c0447231f6df4def33e022ae2eb8f782df1a.sdkstatcache -target arm64-apple-macos12.0 -fmessage-length\=0 -fdiagnostics-show-note-include-stack -fmacro-backtrace-limit\=0 -fno-color-diagnostics -fmodules-prune-interval\=86400 -fmodules-prune-after\=345600 -fbuild-session-file\=/Users/buddhirajgautam/Library/Developer/Xcode/DerivedData/ModuleCache.noindex/Session.modulevalidation -fmodules-validate-once-per-build-session -Wnon-modular-include-in-framework-module -Werror\=non-modular-include-in-framework-module -Wno-trigraphs -Wno-missing-field-initializers -Wno-missing-prototypes -Wno-return-type -Wno-implicit-atomic-properties -Wno-objc-interface-ivars -Wno-arc-repeated-use-of-weak -Wno-missing-braces -Wparentheses -Wswitch -Wno-unused-function -Wno-unused-label -Wno-unused-parameter -Wno-unused-variable -Wunused-value -Wno-empty-body -Wno-uninitialized -Wno-unknown-pragmas -Wno-shadow -Wno-four-char-constants -Wno-conversion -Wno-constant-conversion -Wno-int-conversion -Wno-bool-conversion -Wno-enum-conversion -Wno-float-conversion -Wno-non-literal-null-conversion -Wno-objc-literal-conversion -Wshorten-64-to-32 -Wpointer-sign -Wno-newline-eof -Wno-selector -Wno-strict-selector-match -Wno-undeclared-selector -Wno-deprecated-implementations -Wno-implicit-fallthrough -isysroot /Applications/Xcode.app/Contents/Developer/Platforms/MacOSX.platform/Developer/SDKs/MacOSX27.0.sdk -fstrict-aliasing -Wprotocol -Wdeprecated-declarations -Wno-sign-conversion -Wno-infinite-recursion -Wno-comma -Wno-block-capture-autoreleasing -Wno-strict-prototypes -Wno-semicolon-before-method-body -index-store-path /Users/buddhirajgautam/Library/Developer/Xcode/DerivedData/Telegram-Mac-fygdgghdgmuleoelvxabfmqiotta/Index.noindex/DataStore @/Users/buddhirajgautam/Library/Developer/Xcode/DerivedData/Telegram-Mac-fygdgghdgmuleoelvxabfmqiotta/Build/Intermediates.noindex/Stripe.build/Debug/Stripe-t.build/Objects-normal/arm64/e6072d4f65d7061329687fe24e3d63a7-common-args.resp -MMD -MT dependencies -MF /Users/buddhirajgautam/Library/Developer/Xcode/DerivedData/Telegram-Mac-fygdgghdgmuleoelvxabfmqiotta/Build/Intermediates.noindex/Stripe.build/Debug/Stripe-t.build/Objects-normal/arm64/STPAPIClient.d --serialize-diagnostics /Users/buddhirajgautam/Library/Developer/Xcode/DerivedData/Telegram-Mac-fygdgghdgmuleoelvxabfmqiotta/Build/Intermediates.noindex/Stripe.build/Debug/Stripe-t.build/Objects-normal/arm64/STPAPIClient.dia -c /Users/buddhirajgautam/Documents/Cherrygram-Mac/macOS-Swift/submodules/Stripe/Sources/STPAPIClient.m -o /Users/buddhirajgautam/Library/Developer/Xcode/DerivedData/Telegram-Mac-fygdgghdgmuleoelvxabfmqiotta/Build/Intermediates.noindex/Stripe.build/Debug/Stripe-t.build/Objects-normal/arm64/STPAPIClient.o -index-unit-output-path /Stripe.build/Debug/Stripe-t.build/Objects-normal/arm64/STPAPIClient.o
/Users/buddhirajgautam/Documents/Cherrygram-Mac/macOS-Swift/submodules/Stripe/Sources/STPAPIClient.m:248:11: warning: comparison of address of 'PKPaymentNetworkDiscover' not equal to a null pointer is always true [-Wtautological-pointer-compare]
  248 |     if ((&PKPaymentNetworkDiscover) != NULL) {
      |           ^~~~~~~~~~~~~~~~~~~~~~~~     ~~~~
/Users/buddhirajgautam/Documents/Cherrygram-Mac/macOS-Swift/submodules/Stripe/Sources/STPAPIClient.m:273:17: warning: method definition for 'deviceSupportsApplePay' not found [-Wincomplete-implementation]
  273 | @implementation Stripe (Deprecated)
      |                 ^
In file included from /Users/buddhirajgautam/Documents/Cherrygram-Mac/macOS-Swift/submodules/Stripe/Sources/STPAPIClient.m:12:
/Users/buddhirajgautam/Documents/Cherrygram-Mac/macOS-Swift/submodules/Stripe/PublicHeaders/Stripe/STPAPIClient.h:202:1: note: method 'deviceSupportsApplePay' declared here
  202 | + (BOOL)deviceSupportsApplePay;
      | ^
2 warnings generated.

CompileC /Users/buddhirajgautam/Library/Developer/Xcode/DerivedData/Telegram-Mac-fygdgghdgmuleoelvxabfmqiotta/Build/Intermediates.noindex/Stripe.build/Debug/Stripe-t.build/Objects-normal/arm64/PKPayment+Stripe.o /Users/buddhirajgautam/Documents/Cherrygram-Mac/macOS-Swift/submodules/Stripe/Sources/PKPayment+Stripe.m normal arm64 objective-c com.apple.compilers.llvm.clang.1_0.compiler (in target 'Stripe' from project 'Stripe')
    cd /Users/buddhirajgautam/Documents/Cherrygram-Mac/macOS-Swift
    
    Using response file: /Users/buddhirajgautam/Library/Developer/Xcode/DerivedData/Telegram-Mac-fygdgghdgmuleoelvxabfmqiotta/Build/Intermediates.noindex/Stripe.build/Debug/Stripe-t.build/Objects-normal/arm64/e6072d4f65d7061329687fe24e3d63a7-common-args.resp
    
    /Applications/Xcode.app/Contents/Developer/Toolchains/XcodeDefault.xctoolchain/usr/bin/clang -x objective-c -ivfsstatcache /Users/buddhirajgautam/Library/Developer/Xcode/DerivedData/SDKStatCaches.noindex/macosx27.0-26A425-e829b21a6f8c9b70876ba0858053c0447231f6df4def33e022ae2eb8f782df1a.sdkstatcache -target arm64-apple-macos12.0 -fmessage-length\=0 -fdiagnostics-show-note-include-stack -fmacro-backtrace-limit\=0 -fno-color-diagnostics -fmodules-prune-interval\=86400 -fmodules-prune-after\=345600 -fbuild-session-file\=/Users/buddhirajgautam/Library/Developer/Xcode/DerivedData/ModuleCache.noindex/Session.modulevalidation -fmodules-validate-once-per-build-session -Wnon-modular-include-in-framework-module -Werror\=non-modular-include-in-framework-module -Wno-trigraphs -Wno-missing-field-initializers -Wno-missing-prototypes -Wno-return-type -Wno-implicit-atomic-properties -Wno-objc-interface-ivars -Wno-arc-repeated-use-of-weak -Wno-missing-braces -Wparentheses -Wswitch -Wno-unused-function -Wno-unused-label -Wno-unused-parameter -Wno-unused-variable -Wunused-value -Wno-empty-body -Wno-uninitialized -Wno-unknown-pragmas -Wno-shadow -Wno-four-char-constants -Wno-conversion -Wno-constant-conversion -Wno-int-conversion -Wno-bool-conversion -Wno-enum-conversion -Wno-float-conversion -Wno-non-literal-null-conversion -Wno-objc-literal-conversion -Wshorten-64-to-32 -Wpointer-sign -Wno-newline-eof -Wno-selector -Wno-strict-selector-match -Wno-undeclared-selector -Wno-deprecated-implementations -Wno-implicit-fallthrough -isysroot /Applications/Xcode.app/Contents/Developer/Platforms/MacOSX.platform/Developer/SDKs/MacOSX27.0.sdk -fstrict-aliasing -Wprotocol -Wdeprecated-declarations -Wno-sign-conversion -Wno-infinite-recursion -Wno-comma -Wno-block-capture-autoreleasing -Wno-strict-prototypes -Wno-semicolon-before-method-body -index-store-path /Users/buddhirajgautam/Library/Developer/Xcode/DerivedData/Telegram-Mac-fygdgghdgmuleoelvxabfmqiotta/Index.noindex/DataStore @/Users/buddhirajgautam/Library/Developer/Xcode/DerivedData/Telegram-Mac-fygdgghdgmuleoelvxabfmqiotta/Build/Intermediates.noindex/Stripe.build/Debug/Stripe-t.build/Objects-normal/arm64/e6072d4f65d7061329687fe24e3d63a7-common-args.resp -MMD -MT dependencies -MF /Users/buddhirajgautam/Library/Developer/Xcode/DerivedData/Telegram-Mac-fygdgghdgmuleoelvxabfmqiotta/Build/Intermediates.noindex/Stripe.build/Debug/Stripe-t.build/Objects-normal/arm64/PKPayment+Stripe.d --serialize-diagnostics /Users/buddhirajgautam/Library/Developer/Xcode/DerivedData/Telegram-Mac-fygdgghdgmuleoelvxabfmqiotta/Build/Intermediates.noindex/Stripe.build/Debug/Stripe-t.build/Objects-normal/arm64/PKPayment+Stripe.dia -c /Users/buddhirajgautam/Documents/Cherrygram-Mac/macOS-Swift/submodules/Stripe/Sources/PKPayment+Stripe.m -o /Users/buddhirajgautam/Library/Developer/Xcode/DerivedData/Telegram-Mac-fygdgghdgmuleoelvxabfmqiotta/Build/Intermediates.noindex/Stripe.build/Debug/Stripe-t.build/Objects-normal/arm64/PKPayment+Stripe.o -index-unit-output-path /Stripe.build/Debug/Stripe-t.build/Objects-normal/arm64/PKPayment+Stripe.o

CompileC /Users/buddhirajgautam/Library/Developer/Xcode/DerivedData/Telegram-Mac-fygdgghdgmuleoelvxabfmqiotta/Build/Intermediates.noindex/Stripe.build/Debug/Stripe-t.build/Objects-normal/arm64/NSString+Stripe.o /Users/buddhirajgautam/Documents/Cherrygram-Mac/macOS-Swift/submodules/Stripe/Sources/NSString+Stripe.m normal arm64 objective-c com.apple.compilers.llvm.clang.1_0.compiler (in target 'Stripe' from project 'Stripe')
    cd /Users/buddhirajgautam/Documents/Cherrygram-Mac/macOS-Swift
    
    Using response file: /Users/buddhirajgautam/Library/Developer/Xcode/DerivedData/Telegram-Mac-fygdgghdgmuleoelvxabfmqiotta/Build/Intermediates.noindex/Stripe.build/Debug/Stripe-t.build/Objects-normal/arm64/e6072d4f65d7061329687fe24e3d63a7-common-args.resp
    
    /Applications/Xcode.app/Contents/Developer/Toolchains/XcodeDefault.xctoolchain/usr/bin/clang -x objective-c -ivfsstatcache /Users/buddhirajgautam/Library/Developer/Xcode/DerivedData/SDKStatCaches.noindex/macosx27.0-26A425-e829b21a6f8c9b70876ba0858053c0447231f6df4def33e022ae2eb8f782df1a.sdkstatcache -target arm64-apple-macos12.0 -fmessage-length\=0 -fdiagnostics-show-note-include-stack -fmacro-backtrace-limit\=0 -fno-color-diagnostics -fmodules-prune-interval\=86400 -fmodules-prune-after\=345600 -fbuild-session-file\=/Users/buddhirajgautam/Library/Developer/Xcode/DerivedData/ModuleCache.noindex/Session.modulevalidation -fmodules-validate-once-per-build-session -Wnon-modular-include-in-framework-module -Werror\=non-modular-include-in-framework-module -Wno-trigraphs -Wno-missing-field-initializers -Wno-missing-prototypes -Wno-return-type -Wno-implicit-atomic-properties -Wno-objc-interface-ivars -Wno-arc-repeated-use-of-weak -Wno-missing-braces -Wparentheses -Wswitch -Wno-unused-function -Wno-unused-label -Wno-unused-parameter -Wno-unused-variable -Wunused-value -Wno-empty-body -Wno-uninitialized -Wno-unknown-pragmas -Wno-shadow -Wno-four-char-constants -Wno-conversion -Wno-constant-conversion -Wno-int-conversion -Wno-bool-conversion -Wno-enum-conversion -Wno-float-conversion -Wno-non-literal-null-conversion -Wno-objc-literal-conversion -Wshorten-64-to-32 -Wpointer-sign -Wno-newline-eof -Wno-selector -Wno-strict-selector-match -Wno-undeclared-selector -Wno-deprecated-implementations -Wno-implicit-fallthrough -isysroot /Applications/Xcode.app/Contents/Developer/Platforms/MacOSX.platform/Developer/SDKs/MacOSX27.0.sdk -fstrict-aliasing -Wprotocol -Wdeprecated-declarations -Wno-sign-conversion -Wno-infinite-recursion -Wno-comma -Wno-block-capture-autoreleasing -Wno-strict-prototypes -Wno-semicolon-before-method-body -index-store-path /Users/buddhirajgautam/Library/Developer/Xcode/DerivedData/Telegram-Mac-fygdgghdgmuleoelvxabfmqiotta/Index.noindex/DataStore @/Users/buddhirajgautam/Library/Developer/Xcode/DerivedData/Telegram-Mac-fygdgghdgmuleoelvxabfmqiotta/Build/Intermediates.noindex/Stripe.build/Debug/Stripe-t.build/Objects-normal/arm64/e6072d4f65d7061329687fe24e3d63a7-common-args.resp -MMD -MT dependencies -MF /Users/buddhirajgautam/Library/Developer/Xcode/DerivedData/Telegram-Mac-fygdgghdgmuleoelvxabfmqiotta/Build/Intermediates.noindex/Stripe.build/Debug/Stripe-t.build/Objects-normal/arm64/NSString+Stripe.d --serialize-diagnostics /Users/buddhirajgautam/Library/Developer/Xcode/DerivedData/Telegram-Mac-fygdgghdgmuleoelvxabfmqiotta/Build/Intermediates.noindex/Stripe.build/Debug/Stripe-t.build/Objects-normal/arm64/NSString+Stripe.dia -c /Users/buddhirajgautam/Documents/Cherrygram-Mac/macOS-Swift/submodules/Stripe/Sources/NSString+Stripe.m -o /Users/buddhirajgautam/Library/Developer/Xcode/DerivedData/Telegram-Mac-fygdgghdgmuleoelvxabfmqiotta/Build/Intermediates.noindex/Stripe.build/Debug/Stripe-t.build/Objects-normal/arm64/NSString+Stripe.o -index-unit-output-path /Stripe.build/Debug/Stripe-t.build/Objects-normal/arm64/NSString+Stripe.o

CompileC /Users/buddhirajgautam/Library/Developer/Xcode/DerivedData/Telegram-Mac-fygdgghdgmuleoelvxabfmqiotta/Build/Intermediates.noindex/Stripe.build/Debug/Stripe-t.build/Objects-normal/arm64/NSDictionary+Stripe.o /Users/buddhirajgautam/Documents/Cherrygram-Mac/macOS-Swift/submodules/Stripe/Sources/NSDictionary+Stripe.m normal arm64 objective-c com.apple.compilers.llvm.clang.1_0.compiler (in target 'Stripe' from project 'Stripe')
    cd /Users/buddhirajgautam/Documents/Cherrygram-Mac/macOS-Swift
    
    Using response file: /Users/buddhirajgautam/Library/Developer/Xcode/DerivedData/Telegram-Mac-fygdgghdgmuleoelvxabfmqiotta/Build/Intermediates.noindex/Stripe.build/Debug/Stripe-t.build/Objects-normal/arm64/e6072d4f65d7061329687fe24e3d63a7-common-args.resp
    
    /Applications/Xcode.app/Contents/Developer/Toolchains/XcodeDefault.xctoolchain/usr/bin/clang -x objective-c -ivfsstatcache /Users/buddhirajgautam/Library/Developer/Xcode/DerivedData/SDKStatCaches.noindex/macosx27.0-26A425-e829b21a6f8c9b70876ba0858053c0447231f6df4def33e022ae2eb8f782df1a.sdkstatcache -target arm64-apple-macos12.0 -fmessage-length\=0 -fdiagnostics-show-note-include-stack -fmacro-backtrace-limit\=0 -fno-color-diagnostics -fmodules-prune-interval\=86400 -fmodules-prune-after\=345600 -fbuild-session-file\=/Users/buddhirajgautam/Library/Developer/Xcode/DerivedData/ModuleCache.noindex/Session.modulevalidation -fmodules-validate-once-per-build-session -Wnon-modular-include-in-framework-module -Werror\=non-modular-include-in-framework-module -Wno-trigraphs -Wno-missing-field-initializers -Wno-missing-prototypes -Wno-return-type -Wno-implicit-atomic-properties -Wno-objc-interface-ivars -Wno-arc-repeated-use-of-weak -Wno-missing-braces -Wparentheses -Wswitch -Wno-unused-function -Wno-unused-label -Wno-unused-parameter -Wno-unused-variable -Wunused-value -Wno-empty-body -Wno-uninitialized -Wno-unknown-pragmas -Wno-shadow -Wno-four-char-constants -Wno-conversion -Wno-constant-conversion -Wno-int-conversion -Wno-bool-conversion -Wno-enum-conversion -Wno-float-conversion -Wno-non-literal-null-conversion -Wno-objc-literal-conversion -Wshorten-64-to-32 -Wpointer-sign -Wno-newline-eof -Wno-selector -Wno-strict-selector-match -Wno-undeclared-selector -Wno-deprecated-implementations -Wno-implicit-fallthrough -isysroot /Applications/Xcode.app/Contents/Developer/Platforms/MacOSX.platform/Developer/SDKs/MacOSX27.0.sdk -fstrict-aliasing -Wprotocol -Wdeprecated-declarations -Wno-sign-conversion -Wno-infinite-recursion -Wno-comma -Wno-block-capture-autoreleasing -Wno-strict-prototypes -Wno-semicolon-before-method-body -index-store-path /Users/buddhirajgautam/Library/Developer/Xcode/DerivedData/Telegram-Mac-fygdgghdgmuleoelvxabfmqiotta/Index.noindex/DataStore @/Users/buddhirajgautam/Library/Developer/Xcode/DerivedData/Telegram-Mac-fygdgghdgmuleoelvxabfmqiotta/Build/Intermediates.noindex/Stripe.build/Debug/Stripe-t.build/Objects-normal/arm64/e6072d4f65d7061329687fe24e3d63a7-common-args.resp -MMD -MT dependencies -MF /Users/buddhirajgautam/Library/Developer/Xcode/DerivedData/Telegram-Mac-fygdgghdgmuleoelvxabfmqiotta/Build/Intermediates.noindex/Stripe.build/Debug/Stripe-t.build/Objects-normal/arm64/NSDictionary+Stripe.d --serialize-diagnostics /Users/buddhirajgautam/Library/Developer/Xcode/DerivedData/Telegram-Mac-fygdgghdgmuleoelvxabfmqiotta/Build/Intermediates.noindex/Stripe.build/Debug/Stripe-t.build/Objects-normal/arm64/NSDictionary+Stripe.dia -c /Users/buddhirajgautam/Documents/Cherrygram-Mac/macOS-Swift/submodules/Stripe/Sources/NSDictionary+Stripe.m -o /Users/buddhirajgautam/Library/Developer/Xcode/DerivedData/Telegram-Mac-fygdgghdgmuleoelvxabfmqiotta/Build/Intermediates.noindex/Stripe.build/Debug/Stripe-t.build/Objects-normal/arm64/NSDictionary+Stripe.o -index-unit-output-path /Stripe.build/Debug/Stripe-t.build/Objects-normal/arm64/NSDictionary+Stripe.o

SwiftCompile normal arm64 Compiling\ Strings.swift /Users/buddhirajgautam/Documents/Cherrygram-Mac/macOS-Swift/packages/Strings/Sources/Strings/Strings.swift (in target 'Strings' from project 'Strings')
/Users/buddhirajgautam/Documents/Cherrygram-Mac/macOS-Swift/packages/Strings/Sources/Strings/Strings.swift:62:13: warning: variable 'russian' was never used; consider replacing with '_' or removing it [#NoUsage]
 60 |         let value = self.lowercased()
 61 |         
 62 |         var russian: [String] = value.map { String($0) }
    |             `- warning: variable 'russian' was never used; consider replacing with '_' or removing it [#NoUsage]
 63 |         var english: [String] = value.map { String($0) }
 64 |         

[#NoUsage]: <https://docs.swift.org/compiler/documentation/diagnostics/no-usage>

SwiftCompile normal arm64 /Users/buddhirajgautam/Documents/Cherrygram-Mac/macOS-Swift/packages/Strings/Sources/Strings/Strings.swift (in target 'Strings' from project 'Strings')
    cd /Users/buddhirajgautam/Documents/Cherrygram-Mac/macOS-Swift
    builtin-SwiftPerFileCompile Strings.swift

ScanDependencies /Users/buddhirajgautam/Library/Developer/Xcode/DerivedData/Telegram-Mac-fygdgghdgmuleoelvxabfmqiotta/Build/Intermediates.noindex/StringTransliteration.build/Debug/StringTransliteration-t.build/Objects-normal/arm64/StringTransliteration.o /Users/buddhirajgautam/Documents/Cherrygram-Mac/macOS-Swift/submodules/telegram-ios/submodules/StringTransliteration/Sources/StringTransliteration.m normal arm64 objective-c com.apple.compilers.llvm.clang.1_0.compiler (in target 'StringTransliteration' from project 'StringTransliteration')
    cd /Users/buddhirajgautam/Documents/Cherrygram-Mac/macOS-Swift
    
    Using response file: /Users/buddhirajgautam/Library/Developer/Xcode/DerivedData/Telegram-Mac-fygdgghdgmuleoelvxabfmqiotta/Build/Intermediates.noindex/StringTransliteration.build/Debug/StringTransliteration-t.build/Objects-normal/arm64/e6072d4f65d7061329687fe24e3d63a7-common-args.resp
    
    builtin-ScanDependencies -o /Users/buddhirajgautam/Library/Developer/Xcode/DerivedData/Telegram-Mac-fygdgghdgmuleoelvxabfmqiotta/Build/Intermediates.noindex/StringTransliteration.build/Debug/StringTransliteration-t.build/Objects-normal/arm64/StringTransliteration.o.scan -- /Applications/Xcode.app/Contents/Developer/Toolchains/XcodeDefault.xctoolchain/usr/bin/clang -x objective-c -ivfsstatcache /Users/buddhirajgautam/Library/Developer/Xcode/DerivedData/SDKStatCaches.noindex/macosx27.0-26A425-e829b21a6f8c9b70876ba0858053c0447231f6df4def33e022ae2eb8f782df1a.sdkstatcache -target arm64-apple-macos12.0 -fmessage-length\=0 -fdiagnostics-show-note-include-stack -fmacro-backtrace-limit\=0 -fno-color-diagnostics -fmodules-prune-interval\=86400 -fmodules-prune-after\=345600 -fbuild-session-file\=/Users/buddhirajgautam/Library/Developer/Xcode/DerivedData/ModuleCache.noindex/Session.modulevalidation -fmodules-validate-once-per-build-session -Wnon-modular-include-in-framework-module -Werror\=non-modular-include-in-framework-module -Wno-trigraphs -Wno-missing-field-initializers -Wno-missing-prototypes -Wno-return-type -Wno-implicit-atomic-properties -Wno-objc-interface-ivars -Wno-arc-repeated-use-of-weak -Wno-missing-braces -Wparentheses -Wswitch -Wno-unused-function -Wno-unused-label -Wno-unused-parameter -Wno-unused-variable -Wunused-value -Wno-empty-body -Wno-uninitialized -Wno-unknown-pragmas -Wno-shadow -Wno-four-char-constants -Wno-conversion -Wno-constant-conversion -Wno-int-conversion -Wno-bool-conversion -Wno-enum-conversion -Wno-float-conversion -Wno-non-literal-null-conversion -Wno-objc-literal-conversion -Wshorten-64-to-32 -Wpointer-sign -Wno-newline-eof -Wno-selector -Wno-strict-selector-match -Wno-undeclared-selector -Wno-deprecated-implementations -Wno-implicit-fallthrough -isysroot /Applications/Xcode.app/Contents/Developer/Platforms/MacOSX.platform/Developer/SDKs/MacOSX27.0.sdk -fstrict-aliasing -Wprotocol -Wdeprecated-declarations -Wno-sign-conversion -Wno-infinite-recursion -Wno-comma -Wno-block-capture-autoreleasing -Wno-strict-prototypes -Wno-semicolon-before-method-body -index-store-path /Users/buddhirajgautam/Library/Developer/Xcode/DerivedData/Telegram-Mac-fygdgghdgmuleoelvxabfmqiotta/Index.noindex/DataStore @/Users/buddhirajgautam/Library/Developer/Xcode/DerivedData/Telegram-Mac-fygdgghdgmuleoelvxabfmqiotta/Build/Intermediates.noindex/StringTransliteration.build/Debug/StringTransliteration-t.build/Objects-normal/arm64/e6072d4f65d7061329687fe24e3d63a7-common-args.resp -MMD -MT dependencies -MF /Users/buddhirajgautam/Library/Developer/Xcode/DerivedData/Telegram-Mac-fygdgghdgmuleoelvxabfmqiotta/Build/Intermediates.noindex/StringTransliteration.build/Debug/StringTransliteration-t.build/Objects-normal/arm64/StringTransliteration.d --serialize-diagnostics /Users/buddhirajgautam/Library/Developer/Xcode/DerivedData/Telegram-Mac-fygdgghdgmuleoelvxabfmqiotta/Build/Intermediates.noindex/StringTransliteration.build/Debug/StringTransliteration-t.build/Objects-normal/arm64/StringTransliteration.dia -c /Users/buddhirajgautam/Documents/Cherrygram-Mac/macOS-Swift/submodules/telegram-ios/submodules/StringTransliteration/Sources/StringTransliteration.m -o /Users/buddhirajgautam/Library/Developer/Xcode/DerivedData/Telegram-Mac-fygdgghdgmuleoelvxabfmqiotta/Build/Intermediates.noindex/StringTransliteration.build/Debug/StringTransliteration-t.build/Objects-normal/arm64/StringTransliteration.o -index-unit-output-path /StringTransliteration.build/Debug/StringTransliteration-t.build/Objects-normal/arm64/StringTransliteration.o

ScanDependencies /Users/buddhirajgautam/Library/Developer/Xcode/DerivedData/Telegram-Mac-fygdgghdgmuleoelvxabfmqiotta/Build/Intermediates.noindex/RingBuffer.build/Debug/RingBuffer-t.build/Objects-normal/arm64/RingBuffer.o /Users/buddhirajgautam/Documents/Cherrygram-Mac/macOS-Swift/packages/RingBuffer/Sources/RingBuffer/RingBuffer.m normal arm64 objective-c com.apple.compilers.llvm.clang.1_0.compiler (in target 'RingBuffer' from project 'RingBuffer')
    cd /Users/buddhirajgautam/Documents/Cherrygram-Mac/macOS-Swift
    
    Using response file: /Users/buddhirajgautam/Library/Developer/Xcode/DerivedData/Telegram-Mac-fygdgghdgmuleoelvxabfmqiotta/Build/Intermediates.noindex/RingBuffer.build/Debug/RingBuffer-t.build/Objects-normal/arm64/e6072d4f65d7061329687fe24e3d63a7-common-args.resp
    
    builtin-ScanDependencies -o /Users/buddhirajgautam/Library/Developer/Xcode/DerivedData/Telegram-Mac-fygdgghdgmuleoelvxabfmqiotta/Build/Intermediates.noindex/RingBuffer.build/Debug/RingBuffer-t.build/Objects-normal/arm64/RingBuffer.o.scan -- /Applications/Xcode.app/Contents/Developer/Toolchains/XcodeDefault.xctoolchain/usr/bin/clang -x objective-c -ivfsstatcache /Users/buddhirajgautam/Library/Developer/Xcode/DerivedData/SDKStatCaches.noindex/macosx27.0-26A425-e829b21a6f8c9b70876ba0858053c0447231f6df4def33e022ae2eb8f782df1a.sdkstatcache -target arm64-apple-macos12.0 -fmessage-length\=0 -fdiagnostics-show-note-include-stack -fmacro-backtrace-limit\=0 -fno-color-diagnostics -fmodules-prune-interval\=86400 -fmodules-prune-after\=345600 -fbuild-session-file\=/Users/buddhirajgautam/Library/Developer/Xcode/DerivedData/ModuleCache.noindex/Session.modulevalidation -fmodules-validate-once-per-build-session -Wnon-modular-include-in-framework-module -Werror\=non-modular-include-in-framework-module -Wno-trigraphs -Wno-missing-field-initializers -Wno-missing-prototypes -Wno-return-type -Wno-implicit-atomic-properties -Wno-objc-interface-ivars -Wno-arc-repeated-use-of-weak -Wno-missing-braces -Wparentheses -Wswitch -Wno-unused-function -Wno-unused-label -Wno-unused-parameter -Wno-unused-variable -Wunused-value -Wno-empty-body -Wno-uninitialized -Wno-unknown-pragmas -Wno-shadow -Wno-four-char-constants -Wno-conversion -Wno-constant-conversion -Wno-int-conversion -Wno-bool-conversion -Wno-enum-conversion -Wno-float-conversion -Wno-non-literal-null-conversion -Wno-objc-literal-conversion -Wshorten-64-to-32 -Wpointer-sign -Wno-newline-eof -Wno-selector -Wno-strict-selector-match -Wno-undeclared-selector -Wno-deprecated-implementations -Wno-implicit-fallthrough -isysroot /Applications/Xcode.app/Contents/Developer/Platforms/MacOSX.platform/Developer/SDKs/MacOSX27.0.sdk -fstrict-aliasing -Wprotocol -Wdeprecated-declarations -Wno-sign-conversion -Wno-infinite-recursion -Wno-comma -Wno-block-capture-autoreleasing -Wno-strict-prototypes -Wno-semicolon-before-method-body -index-store-path /Users/buddhirajgautam/Library/Developer/Xcode/DerivedData/Telegram-Mac-fygdgghdgmuleoelvxabfmqiotta/Index.noindex/DataStore @/Users/buddhirajgautam/Library/Developer/Xcode/DerivedData/Telegram-Mac-fygdgghdgmuleoelvxabfmqiotta/Build/Intermediates.noindex/RingBuffer.build/Debug/RingBuffer-t.build/Objects-normal/arm64/e6072d4f65d7061329687fe24e3d63a7-common-args.resp -MMD -MT dependencies -MF /Users/buddhirajgautam/Library/Developer/Xcode/DerivedData/Telegram-Mac-fygdgghdgmuleoelvxabfmqiotta/Build/Intermediates.noindex/RingBuffer.build/Debug/RingBuffer-t.build/Objects-normal/arm64/RingBuffer.d --serialize-diagnostics /Users/buddhirajgautam/Library/Developer/Xcode/DerivedData/Telegram-Mac-fygdgghdgmuleoelvxabfmqiotta/Build/Intermediates.noindex/RingBuffer.build/Debug/RingBuffer-t.build/Objects-normal/arm64/RingBuffer.dia -c /Users/buddhirajgautam/Documents/Cherrygram-Mac/macOS-Swift/packages/RingBuffer/Sources/RingBuffer/RingBuffer.m -o /Users/buddhirajgautam/Library/Developer/Xcode/DerivedData/Telegram-Mac-fygdgghdgmuleoelvxabfmqiotta/Build/Intermediates.noindex/RingBuffer.build/Debug/RingBuffer-t.build/Objects-normal/arm64/RingBuffer.o -index-unit-output-path /RingBuffer.build/Debug/RingBuffer-t.build/Objects-normal/arm64/RingBuffer.o

Ld /Users/buddhirajgautam/Library/Developer/Xcode/DerivedData/Telegram-Mac-fygdgghdgmuleoelvxabfmqiotta/Build/Products/Debug/Stripe.o normal (in target 'Stripe' from project 'Stripe')
    cd /Users/buddhirajgautam/Documents/Cherrygram-Mac/macOS-Swift/submodules/Stripe
    /Applications/Xcode.app/Contents/Developer/Toolchains/XcodeDefault.xctoolchain/usr/bin/clang -Xlinker -reproducible -target arm64-apple-macos12.0 -r -isysroot /Applications/Xcode.app/Contents/Developer/Platforms/MacOSX.platform/Developer/SDKs/MacOSX27.0.sdk -O0 -Xlinker -no_warn_duplicate_libraries -F/Users/buddhirajgautam/Library/Developer/Xcode/DerivedData/Telegram-Mac-fygdgghdgmuleoelvxabfmqiotta/Build/Intermediates.noindex/EagerLinkingTBDs/Debug -F/Users/buddhirajgautam/Library/Developer/Xcode/DerivedData/Telegram-Mac-fygdgghdgmuleoelvxabfmqiotta/Build/Products/Debug -iframework /Applications/Xcode.app/Contents/Developer/Platforms/MacOSX.platform/Developer/Library/Frameworks -filelist /Users/buddhirajgautam/Library/Developer/Xcode/DerivedData/Telegram-Mac-fygdgghdgmuleoelvxabfmqiotta/Build/Intermediates.noindex/Stripe.build/Debug/Stripe-t.build/Objects-normal/arm64/Stripe.LinkFileList -nostdlib -Xlinker -object_path_lto -Xlinker /Users/buddhirajgautam/Library/Developer/Xcode/DerivedData/Telegram-Mac-fygdgghdgmuleoelvxabfmqiotta/Build/Intermediates.noindex/Stripe.build/Debug/Stripe-t.build/Objects-normal/arm64/Stripe_lto.o -Xlinker -no_deduplicate -Xlinker -debug_variant -Xlinker -dependency_info -Xlinker /Users/buddhirajgautam/Library/Developer/Xcode/DerivedData/Telegram-Mac-fygdgghdgmuleoelvxabfmqiotta/Build/Intermediates.noindex/Stripe.build/Debug/Stripe-t.build/Objects-normal/arm64/Stripe_dependency_info.dat -fobjc-arc -fobjc-link-runtime -o /Users/buddhirajgautam/Library/Developer/Xcode/DerivedData/Telegram-Mac-fygdgghdgmuleoelvxabfmqiotta/Build/Products/Debug/Stripe.o

SwiftCompile normal arm64 Compiling\ Partition.swift /Users/buddhirajgautam/Documents/Cherrygram-Mac/macOS-Swift/submodules/telegram-ios/submodules/Utils/RangeSet/Sources/Partition.swift (in target 'RangeSet' from project 'RangeSet')

SwiftCompile normal arm64 /Users/buddhirajgautam/Documents/Cherrygram-Mac/macOS-Swift/submodules/telegram-ios/submodules/Utils/RangeSet/Sources/Partition.swift (in target 'RangeSet' from project 'RangeSet')
    cd /Users/buddhirajgautam/Documents/Cherrygram-Mac/macOS-Swift
    builtin-SwiftPerFileCompile Partition.swift

SwiftCompile normal arm64 Compiling\ RangeSet.swift /Users/buddhirajgautam/Documents/Cherrygram-Mac/macOS-Swift/submodules/telegram-ios/submodules/Utils/RangeSet/Sources/RangeSet.swift (in target 'RangeSet' from project 'RangeSet')

SwiftCompile normal arm64 /Users/buddhirajgautam/Documents/Cherrygram-Mac/macOS-Swift/submodules/telegram-ios/submodules/Utils/RangeSet/Sources/RangeSet.swift (in target 'RangeSet' from project 'RangeSet')
    cd /Users/buddhirajgautam/Documents/Cherrygram-Mac/macOS-Swift
    builtin-SwiftPerFileCompile RangeSet.swift

SwiftDriverJobDiscovery normal arm64 Compiling SubstringSearch.swift (in target 'Strings' from project 'Strings')

SwiftCompile normal arm64 Compiling\ RangeSetStorage.swift /Users/buddhirajgautam/Documents/Cherrygram-Mac/macOS-Swift/submodules/telegram-ios/submodules/Utils/RangeSet/Sources/RangeSetStorage.swift (in target 'RangeSet' from project 'RangeSet')

SwiftCompile normal arm64 /Users/buddhirajgautam/Documents/Cherrygram-Mac/macOS-Swift/submodules/telegram-ios/submodules/Utils/RangeSet/Sources/RangeSetStorage.swift (in target 'RangeSet' from project 'RangeSet')
    cd /Users/buddhirajgautam/Documents/Cherrygram-Mac/macOS-Swift
    builtin-SwiftPerFileCompile RangeSetStorage.swift

SwiftDriverJobDiscovery normal arm64 Compiling Partition.swift (in target 'RangeSet' from project 'RangeSet')

CompileC /Users/buddhirajgautam/Library/Developer/Xcode/DerivedData/Telegram-Mac-fygdgghdgmuleoelvxabfmqiotta/Build/Intermediates.noindex/StringTransliteration.build/Debug/StringTransliteration-t.build/Objects-normal/arm64/StringTransliteration.o /Users/buddhirajgautam/Documents/Cherrygram-Mac/macOS-Swift/submodules/telegram-ios/submodules/StringTransliteration/Sources/StringTransliteration.m normal arm64 objective-c com.apple.compilers.llvm.clang.1_0.compiler (in target 'StringTransliteration' from project 'StringTransliteration')
    cd /Users/buddhirajgautam/Documents/Cherrygram-Mac/macOS-Swift
    
    Using response file: /Users/buddhirajgautam/Library/Developer/Xcode/DerivedData/Telegram-Mac-fygdgghdgmuleoelvxabfmqiotta/Build/Intermediates.noindex/StringTransliteration.build/Debug/StringTransliteration-t.build/Objects-normal/arm64/e6072d4f65d7061329687fe24e3d63a7-common-args.resp
    
    /Applications/Xcode.app/Contents/Developer/Toolchains/XcodeDefault.xctoolchain/usr/bin/clang -x objective-c -ivfsstatcache /Users/buddhirajgautam/Library/Developer/Xcode/DerivedData/SDKStatCaches.noindex/macosx27.0-26A425-e829b21a6f8c9b70876ba0858053c0447231f6df4def33e022ae2eb8f782df1a.sdkstatcache -target arm64-apple-macos12.0 -fmessage-length\=0 -fdiagnostics-show-note-include-stack -fmacro-backtrace-limit\=0 -fno-color-diagnostics -fmodules-prune-interval\=86400 -fmodules-prune-after\=345600 -fbuild-session-file\=/Users/buddhirajgautam/Library/Developer/Xcode/DerivedData/ModuleCache.noindex/Session.modulevalidation -fmodules-validate-once-per-build-session -Wnon-modular-include-in-framework-module -Werror\=non-modular-include-in-framework-module -Wno-trigraphs -Wno-missing-field-initializers -Wno-missing-prototypes -Wno-return-type -Wno-implicit-atomic-properties -Wno-objc-interface-ivars -Wno-arc-repeated-use-of-weak -Wno-missing-braces -Wparentheses -Wswitch -Wno-unused-function -Wno-unused-label -Wno-unused-parameter -Wno-unused-variable -Wunused-value -Wno-empty-body -Wno-uninitialized -Wno-unknown-pragmas -Wno-shadow -Wno-four-char-constants -Wno-conversion -Wno-constant-conversion -Wno-int-conversion -Wno-bool-conversion -Wno-enum-conversion -Wno-float-conversion -Wno-non-literal-null-conversion -Wno-objc-literal-conversion -Wshorten-64-to-32 -Wpointer-sign -Wno-newline-eof -Wno-selector -Wno-strict-selector-match -Wno-undeclared-selector -Wno-deprecated-implementations -Wno-implicit-fallthrough -isysroot /Applications/Xcode.app/Contents/Developer/Platforms/MacOSX.platform/Developer/SDKs/MacOSX27.0.sdk -fstrict-aliasing -Wprotocol -Wdeprecated-declarations -Wno-sign-conversion -Wno-infinite-recursion -Wno-comma -Wno-block-capture-autoreleasing -Wno-strict-prototypes -Wno-semicolon-before-method-body -index-store-path /Users/buddhirajgautam/Library/Developer/Xcode/DerivedData/Telegram-Mac-fygdgghdgmuleoelvxabfmqiotta/Index.noindex/DataStore @/Users/buddhirajgautam/Library/Developer/Xcode/DerivedData/Telegram-Mac-fygdgghdgmuleoelvxabfmqiotta/Build/Intermediates.noindex/StringTransliteration.build/Debug/StringTransliteration-t.build/Objects-normal/arm64/e6072d4f65d7061329687fe24e3d63a7-common-args.resp -MMD -MT dependencies -MF /Users/buddhirajgautam/Library/Developer/Xcode/DerivedData/Telegram-Mac-fygdgghdgmuleoelvxabfmqiotta/Build/Intermediates.noindex/StringTransliteration.build/Debug/StringTransliteration-t.build/Objects-normal/arm64/StringTransliteration.d --serialize-diagnostics /Users/buddhirajgautam/Library/Developer/Xcode/DerivedData/Telegram-Mac-fygdgghdgmuleoelvxabfmqiotta/Build/Intermediates.noindex/StringTransliteration.build/Debug/StringTransliteration-t.build/Objects-normal/arm64/StringTransliteration.dia -c /Users/buddhirajgautam/Documents/Cherrygram-Mac/macOS-Swift/submodules/telegram-ios/submodules/StringTransliteration/Sources/StringTransliteration.m -o /Users/buddhirajgautam/Library/Developer/Xcode/DerivedData/Telegram-Mac-fygdgghdgmuleoelvxabfmqiotta/Build/Intermediates.noindex/StringTransliteration.build/Debug/StringTransliteration-t.build/Objects-normal/arm64/StringTransliteration.o -index-unit-output-path /StringTransliteration.build/Debug/StringTransliteration-t.build/Objects-normal/arm64/StringTransliteration.o

CompileC /Users/buddhirajgautam/Library/Developer/Xcode/DerivedData/Telegram-Mac-fygdgghdgmuleoelvxabfmqiotta/Build/Intermediates.noindex/RingBuffer.build/Debug/RingBuffer-t.build/Objects-normal/arm64/RingBuffer.o /Users/buddhirajgautam/Documents/Cherrygram-Mac/macOS-Swift/packages/RingBuffer/Sources/RingBuffer/RingBuffer.m normal arm64 objective-c com.apple.compilers.llvm.clang.1_0.compiler (in target 'RingBuffer' from project 'RingBuffer')
    cd /Users/buddhirajgautam/Documents/Cherrygram-Mac/macOS-Swift
    
    Using response file: /Users/buddhirajgautam/Library/Developer/Xcode/DerivedData/Telegram-Mac-fygdgghdgmuleoelvxabfmqiotta/Build/Intermediates.noindex/RingBuffer.build/Debug/RingBuffer-t.build/Objects-normal/arm64/e6072d4f65d7061329687fe24e3d63a7-common-args.resp
    
    /Applications/Xcode.app/Contents/Developer/Toolchains/XcodeDefault.xctoolchain/usr/bin/clang -x objective-c -ivfsstatcache /Users/buddhirajgautam/Library/Developer/Xcode/DerivedData/SDKStatCaches.noindex/macosx27.0-26A425-e829b21a6f8c9b70876ba0858053c0447231f6df4def33e022ae2eb8f782df1a.sdkstatcache -target arm64-apple-macos12.0 -fmessage-length\=0 -fdiagnostics-show-note-include-stack -fmacro-backtrace-limit\=0 -fno-color-diagnostics -fmodules-prune-interval\=86400 -fmodules-prune-after\=345600 -fbuild-session-file\=/Users/buddhirajgautam/Library/Developer/Xcode/DerivedData/ModuleCache.noindex/Session.modulevalidation -fmodules-validate-once-per-build-session -Wnon-modular-include-in-framework-module -Werror\=non-modular-include-in-framework-module -Wno-trigraphs -Wno-missing-field-initializers -Wno-missing-prototypes -Wno-return-type -Wno-implicit-atomic-properties -Wno-objc-interface-ivars -Wno-arc-repeated-use-of-weak -Wno-missing-braces -Wparentheses -Wswitch -Wno-unused-function -Wno-unused-label -Wno-unused-parameter -Wno-unused-variable -Wunused-value -Wno-empty-body -Wno-uninitialized -Wno-unknown-pragmas -Wno-shadow -Wno-four-char-constants -Wno-conversion -Wno-constant-conversion -Wno-int-conversion -Wno-bool-conversion -Wno-enum-conversion -Wno-float-conversion -Wno-non-literal-null-conversion -Wno-objc-literal-conversion -Wshorten-64-to-32 -Wpointer-sign -Wno-newline-eof -Wno-selector -Wno-strict-selector-match -Wno-undeclared-selector -Wno-deprecated-implementations -Wno-implicit-fallthrough -isysroot /Applications/Xcode.app/Contents/Developer/Platforms/MacOSX.platform/Developer/SDKs/MacOSX27.0.sdk -fstrict-aliasing -Wprotocol -Wdeprecated-declarations -Wno-sign-conversion -Wno-infinite-recursion -Wno-comma -Wno-block-capture-autoreleasing -Wno-strict-prototypes -Wno-semicolon-before-method-body -index-store-path /Users/buddhirajgautam/Library/Developer/Xcode/DerivedData/Telegram-Mac-fygdgghdgmuleoelvxabfmqiotta/Index.noindex/DataStore @/Users/buddhirajgautam/Library/Developer/Xcode/DerivedData/Telegram-Mac-fygdgghdgmuleoelvxabfmqiotta/Build/Intermediates.noindex/RingBuffer.build/Debug/RingBuffer-t.build/Objects-normal/arm64/e6072d4f65d7061329687fe24e3d63a7-common-args.resp -MMD -MT dependencies -MF /Users/buddhirajgautam/Library/Developer/Xcode/DerivedData/Telegram-Mac-fygdgghdgmuleoelvxabfmqiotta/Build/Intermediates.noindex/RingBuffer.build/Debug/RingBuffer-t.build/Objects-normal/arm64/RingBuffer.d --serialize-diagnostics /Users/buddhirajgautam/Library/Developer/Xcode/DerivedData/Telegram-Mac-fygdgghdgmuleoelvxabfmqiotta/Build/Intermediates.noindex/RingBuffer.build/Debug/RingBuffer-t.build/Objects-normal/arm64/RingBuffer.dia -c /Users/buddhirajgautam/Documents/Cherrygram-Mac/macOS-Swift/packages/RingBuffer/Sources/RingBuffer/RingBuffer.m -o /Users/buddhirajgautam/Library/Developer/Xcode/DerivedData/Telegram-Mac-fygdgghdgmuleoelvxabfmqiotta/Build/Intermediates.noindex/RingBuffer.build/Debug/RingBuffer-t.build/Objects-normal/arm64/RingBuffer.o -index-unit-output-path /RingBuffer.build/Debug/RingBuffer-t.build/Objects-normal/arm64/RingBuffer.o

Ld /Users/buddhirajgautam/Library/Developer/Xcode/DerivedData/Telegram-Mac-fygdgghdgmuleoelvxabfmqiotta/Build/Products/Debug/StringTransliteration.o normal (in target 'StringTransliteration' from project 'StringTransliteration')
    cd /Users/buddhirajgautam/Documents/Cherrygram-Mac/macOS-Swift/submodules/telegram-ios/submodules/StringTransliteration
    /Applications/Xcode.app/Contents/Developer/Toolchains/XcodeDefault.xctoolchain/usr/bin/clang -Xlinker -reproducible -target arm64-apple-macos12.0 -r -isysroot /Applications/Xcode.app/Contents/Developer/Platforms/MacOSX.platform/Developer/SDKs/MacOSX27.0.sdk -O0 -Xlinker -no_warn_duplicate_libraries -F/Users/buddhirajgautam/Library/Developer/Xcode/DerivedData/Telegram-Mac-fygdgghdgmuleoelvxabfmqiotta/Build/Intermediates.noindex/EagerLinkingTBDs/Debug -F/Users/buddhirajgautam/Library/Developer/Xcode/DerivedData/Telegram-Mac-fygdgghdgmuleoelvxabfmqiotta/Build/Products/Debug -iframework /Applications/Xcode.app/Contents/Developer/Platforms/MacOSX.platform/Developer/Library/Frameworks -filelist /Users/buddhirajgautam/Library/Developer/Xcode/DerivedData/Telegram-Mac-fygdgghdgmuleoelvxabfmqiotta/Build/Intermediates.noindex/StringTransliteration.build/Debug/StringTransliteration-t.build/Objects-normal/arm64/StringTransliteration.LinkFileList -nostdlib -Xlinker -object_path_lto -Xlinker /Users/buddhirajgautam/Library/Developer/Xcode/DerivedData/Telegram-Mac-fygdgghdgmuleoelvxabfmqiotta/Build/Intermediates.noindex/StringTransliteration.build/Debug/StringTransliteration-t.build/Objects-normal/arm64/StringTransliteration_lto.o -Xlinker -no_deduplicate -Xlinker -debug_variant -Xlinker -dependency_info -Xlinker /Users/buddhirajgautam/Library/Developer/Xcode/DerivedData/Telegram-Mac-fygdgghdgmuleoelvxabfmqiotta/Build/Intermediates.noindex/StringTransliteration.build/Debug/StringTransliteration-t.build/Objects-normal/arm64/StringTransliteration_dependency_info.dat -fobjc-arc -fobjc-link-runtime -o /Users/buddhirajgautam/Library/Developer/Xcode/DerivedData/Telegram-Mac-fygdgghdgmuleoelvxabfmqiotta/Build/Products/Debug/StringTransliteration.o

SwiftCompile normal arm64 Compiling\ DiscontiguousSlice.swift /Users/buddhirajgautam/Documents/Cherrygram-Mac/macOS-Swift/submodules/telegram-ios/submodules/Utils/RangeSet/Sources/DiscontiguousSlice.swift (in target 'RangeSet' from project 'RangeSet')

SwiftCompile normal arm64 /Users/buddhirajgautam/Documents/Cherrygram-Mac/macOS-Swift/submodules/telegram-ios/submodules/Utils/RangeSet/Sources/DiscontiguousSlice.swift (in target 'RangeSet' from project 'RangeSet')
    cd /Users/buddhirajgautam/Documents/Cherrygram-Mac/macOS-Swift
    builtin-SwiftPerFileCompile DiscontiguousSlice.swift

Ld /Users/buddhirajgautam/Library/Developer/Xcode/DerivedData/Telegram-Mac-fygdgghdgmuleoelvxabfmqiotta/Build/Products/Debug/RingBuffer.o normal (in target 'RingBuffer' from project 'RingBuffer')
    cd /Users/buddhirajgautam/Documents/Cherrygram-Mac/macOS-Swift/packages/RingBuffer
    /Applications/Xcode.app/Contents/Developer/Toolchains/XcodeDefault.xctoolchain/usr/bin/clang -Xlinker -reproducible -target arm64-apple-macos12.0 -r -isysroot /Applications/Xcode.app/Contents/Developer/Platforms/MacOSX.platform/Developer/SDKs/MacOSX27.0.sdk -O0 -Xlinker -no_warn_duplicate_libraries -F/Users/buddhirajgautam/Library/Developer/Xcode/DerivedData/Telegram-Mac-fygdgghdgmuleoelvxabfmqiotta/Build/Intermediates.noindex/EagerLinkingTBDs/Debug -F/Users/buddhirajgautam/Library/Developer/Xcode/DerivedData/Telegram-Mac-fygdgghdgmuleoelvxabfmqiotta/Build/Products/Debug -iframework /Applications/Xcode.app/Contents/Developer/Platforms/MacOSX.platform/Developer/Library/Frameworks -filelist /Users/buddhirajgautam/Library/Developer/Xcode/DerivedData/Telegram-Mac-fygdgghdgmuleoelvxabfmqiotta/Build/Intermediates.noindex/RingBuffer.build/Debug/RingBuffer-t.build/Objects-normal/arm64/RingBuffer.LinkFileList -nostdlib -Xlinker -object_path_lto -Xlinker /Users/buddhirajgautam/Library/Developer/Xcode/DerivedData/Telegram-Mac-fygdgghdgmuleoelvxabfmqiotta/Build/Intermediates.noindex/RingBuffer.build/Debug/RingBuffer-t.build/Objects-normal/arm64/RingBuffer_lto.o -Xlinker -no_deduplicate -Xlinker -debug_variant -Xlinker -dependency_info -Xlinker /Users/buddhirajgautam/Library/Developer/Xcode/DerivedData/Telegram-Mac-fygdgghdgmuleoelvxabfmqiotta/Build/Intermediates.noindex/RingBuffer.build/Debug/RingBuffer-t.build/Objects-normal/arm64/RingBuffer_dependency_info.dat -fobjc-arc -fobjc-link-runtime -o /Users/buddhirajgautam/Library/Developer/Xcode/DerivedData/Telegram-Mac-fygdgghdgmuleoelvxabfmqiotta/Build/Products/Debug/RingBuffer.o

SwiftCompile normal arm64 Compiling\ CollectionExtensions.swift /Users/buddhirajgautam/Documents/Cherrygram-Mac/macOS-Swift/submodules/telegram-ios/submodules/Utils/RangeSet/Sources/CollectionExtensions.swift (in target 'RangeSet' from project 'RangeSet')

SwiftCompile normal arm64 /Users/buddhirajgautam/Documents/Cherrygram-Mac/macOS-Swift/submodules/telegram-ios/submodules/Utils/RangeSet/Sources/CollectionExtensions.swift (in target 'RangeSet' from project 'RangeSet')
    cd /Users/buddhirajgautam/Documents/Cherrygram-Mac/macOS-Swift
    builtin-SwiftPerFileCompile CollectionExtensions.swift

Ld /Users/buddhirajgautam/Library/Developer/Xcode/DerivedData/Telegram-Mac-fygdgghdgmuleoelvxabfmqiotta/Build/Products/Debug/sqlcipher.o normal (in target 'sqlcipher' from project 'sqlcipher')
    cd /Users/buddhirajgautam/Documents/Cherrygram-Mac/macOS-Swift/submodules/telegram-ios/submodules/sqlcipher
    /Applications/Xcode.app/Contents/Developer/Toolchains/XcodeDefault.xctoolchain/usr/bin/clang -Xlinker -reproducible -target arm64-apple-macos12.0 -r -isysroot /Applications/Xcode.app/Contents/Developer/Platforms/MacOSX.platform/Developer/SDKs/MacOSX27.0.sdk -O0 -Xlinker -no_warn_duplicate_libraries -F/Users/buddhirajgautam/Library/Developer/Xcode/DerivedData/Telegram-Mac-fygdgghdgmuleoelvxabfmqiotta/Build/Intermediates.noindex/EagerLinkingTBDs/Debug -F/Users/buddhirajgautam/Library/Developer/Xcode/DerivedData/Telegram-Mac-fygdgghdgmuleoelvxabfmqiotta/Build/Products/Debug -iframework /Applications/Xcode.app/Contents/Developer/Platforms/MacOSX.platform/Developer/Library/Frameworks -filelist /Users/buddhirajgautam/Library/Developer/Xcode/DerivedData/Telegram-Mac-fygdgghdgmuleoelvxabfmqiotta/Build/Intermediates.noindex/sqlcipher.build/Debug/sqlcipher-t.build/Objects-normal/arm64/sqlcipher.LinkFileList -nostdlib -Xlinker -object_path_lto -Xlinker /Users/buddhirajgautam/Library/Developer/Xcode/DerivedData/Telegram-Mac-fygdgghdgmuleoelvxabfmqiotta/Build/Intermediates.noindex/sqlcipher.build/Debug/sqlcipher-t.build/Objects-normal/arm64/sqlcipher_lto.o -Xlinker -no_deduplicate -Xlinker -debug_variant -Xlinker -dependency_info -Xlinker /Users/buddhirajgautam/Library/Developer/Xcode/DerivedData/Telegram-Mac-fygdgghdgmuleoelvxabfmqiotta/Build/Intermediates.noindex/sqlcipher.build/Debug/sqlcipher-t.build/Objects-normal/arm64/sqlcipher_dependency_info.dat -o /Users/buddhirajgautam/Library/Developer/Xcode/DerivedData/Telegram-Mac-fygdgghdgmuleoelvxabfmqiotta/Build/Products/Debug/sqlcipher.o

SwiftCompile normal arm64 Compiling\ Pair.swift /Users/buddhirajgautam/Documents/Cherrygram-Mac/macOS-Swift/submodules/telegram-ios/submodules/Utils/RangeSet/Sources/Pair.swift (in target 'RangeSet' from project 'RangeSet')

SwiftCompile normal arm64 /Users/buddhirajgautam/Documents/Cherrygram-Mac/macOS-Swift/submodules/telegram-ios/submodules/Utils/RangeSet/Sources/Pair.swift (in target 'RangeSet' from project 'RangeSet')
    cd /Users/buddhirajgautam/Documents/Cherrygram-Mac/macOS-Swift
    builtin-SwiftPerFileCompile Pair.swift

SwiftDriverJobDiscovery normal arm64 Compiling Strings.swift (in target 'Strings' from project 'Strings')

ScanDependencies /Users/buddhirajgautam/Library/Developer/Xcode/DerivedData/Telegram-Mac-fygdgghdgmuleoelvxabfmqiotta/Build/Intermediates.noindex/RLottie_Xcode.build/Debug/RLottie.build/Objects-normal/arm64/RLottie_vers.o /Users/buddhirajgautam/Library/Developer/Xcode/DerivedData/Telegram-Mac-fygdgghdgmuleoelvxabfmqiotta/Build/Intermediates.noindex/RLottie_Xcode.build/Debug/RLottie.build/DerivedSources/RLottie_vers.c normal arm64 c com.apple.compilers.llvm.clang.1_0.compiler (in target 'RLottie' from project 'RLottie_Xcode')
    cd /Users/buddhirajgautam/Documents/Cherrygram-Mac/macOS-Swift/submodules/RLottie_Xcode
    
    Using response file: /Users/buddhirajgautam/Library/Developer/Xcode/DerivedData/Telegram-Mac-fygdgghdgmuleoelvxabfmqiotta/Build/Intermediates.noindex/RLottie_Xcode.build/Debug/RLottie.build/Objects-normal/arm64/7187679823f38a2a940e0043cdf9d637-common-args.resp
    
    builtin-ScanDependencies -o /Users/buddhirajgautam/Library/Developer/Xcode/DerivedData/Telegram-Mac-fygdgghdgmuleoelvxabfmqiotta/Build/Intermediates.noindex/RLottie_Xcode.build/Debug/RLottie.build/Objects-normal/arm64/RLottie_vers.o.scan -- /Applications/Xcode.app/Contents/Developer/Toolchains/XcodeDefault.xctoolchain/usr/bin/clang -x c -ivfsstatcache /Users/buddhirajgautam/Library/Developer/Xcode/DerivedData/SDKStatCaches.noindex/macosx27.0-26A425-e829b21a6f8c9b70876ba0858053c0447231f6df4def33e022ae2eb8f782df1a.sdkstatcache -target arm64-apple-macos12.0 -fmessage-length\=0 -fdiagnostics-show-note-include-stack -fmacro-backtrace-limit\=0 -fno-color-diagnostics -fmodules-prune-interval\=86400 -fmodules-prune-after\=345600 -fbuild-session-file\=/Users/buddhirajgautam/Library/Developer/Xcode/DerivedData/ModuleCache.noindex/Session.modulevalidation -fmodules-validate-once-per-build-session -Wnon-modular-include-in-framework-module -Werror\=non-modular-include-in-framework-module -Wno-trigraphs -Wno-missing-field-initializers -Wno-missing-prototypes -Werror\=return-type -Wdocumentation -Wunreachable-code -Werror\=deprecated-objc-isa-usage -Werror\=objc-root-class -Wno-missing-braces -Wparentheses -Wswitch -Wunused-function -Wno-unused-label -Wno-unused-parameter -Wunused-variable -Wunused-value -Wempty-body -Wuninitialized -Wconditional-uninitialized -Wno-unknown-pragmas -Wno-shadow -Wno-four-char-constants -Wno-conversion -Wconstant-conversion -Wint-conversion -Wbool-conversion -Wenum-conversion -Wno-float-conversion -Wnon-literal-null-conversion -Wobjc-literal-conversion -Wshorten-64-to-32 -Wpointer-sign -Wno-newline-eof -Wno-implicit-fallthrough -isysroot /Applications/Xcode.app/Contents/Developer/Platforms/MacOSX.platform/Developer/SDKs/MacOSX27.0.sdk -fstrict-aliasing -Wdeprecated-declarations -Wno-sign-conversion -Winfinite-recursion -Wcomma -Wblock-capture-autoreleasing -Wstrict-prototypes -Wno-semicolon-before-method-body -Wunguarded-availability -index-store-path /Users/buddhirajgautam/Library/Developer/Xcode/DerivedData/Telegram-Mac-fygdgghdgmuleoelvxabfmqiotta/Index.noindex/DataStore @/Users/buddhirajgautam/Library/Developer/Xcode/DerivedData/Telegram-Mac-fygdgghdgmuleoelvxabfmqiotta/Build/Intermediates.noindex/RLottie_Xcode.build/Debug/RLottie.build/Objects-normal/arm64/7187679823f38a2a940e0043cdf9d637-common-args.resp -MMD -MT dependencies -MF /Users/buddhirajgautam/Library/Developer/Xcode/DerivedData/Telegram-Mac-fygdgghdgmuleoelvxabfmqiotta/Build/Intermediates.noindex/RLottie_Xcode.build/Debug/RLottie.build/Objects-normal/arm64/RLottie_vers.d --serialize-diagnostics /Users/buddhirajgautam/Library/Developer/Xcode/DerivedData/Telegram-Mac-fygdgghdgmuleoelvxabfmqiotta/Build/Intermediates.noindex/RLottie_Xcode.build/Debug/RLottie.build/Objects-normal/arm64/RLottie_vers.dia -c /Users/buddhirajgautam/Library/Developer/Xcode/DerivedData/Telegram-Mac-fygdgghdgmuleoelvxabfmqiotta/Build/Intermediates.noindex/RLottie_Xcode.build/Debug/RLottie.build/DerivedSources/RLottie_vers.c -o /Users/buddhirajgautam/Library/Developer/Xcode/DerivedData/Telegram-Mac-fygdgghdgmuleoelvxabfmqiotta/Build/Intermediates.noindex/RLottie_Xcode.build/Debug/RLottie.build/Objects-normal/arm64/RLottie_vers.o -index-unit-output-path /RLottie_Xcode.build/Debug/RLottie.build/Objects-normal/arm64/RLottie_vers.o

SwiftDriver\ Compilation Strings normal arm64 com.apple.xcode.tools.swift.compiler (in target 'Strings' from project 'Strings')
    cd /Users/buddhirajgautam/Documents/Cherrygram-Mac/macOS-Swift
    builtin-Swift-Compilation -- /Applications/Xcode.app/Contents/Developer/Toolchains/XcodeDefault.xctoolchain/usr/bin/swiftc -parse-as-library -module-name Strings -Onone @/Users/buddhirajgautam/Library/Developer/Xcode/DerivedData/Telegram-Mac-fygdgghdgmuleoelvxabfmqiotta/Build/Intermediates.noindex/Strings.build/Debug/Strings-t.build/Objects-normal/arm64/Strings.SwiftFileList -DSWIFT_PACKAGE -DDEBUG -DSWIFT_MODULE_RESOURCE_BUNDLE_UNAVAILABLE -DXcode -plugin-path /Applications/Xcode.app/Contents/Developer/Toolchains/XcodeDefault.xctoolchain/usr/lib/swift/host/plugins/testing -enable-experimental-feature DebugDescriptionMacro -sdk /Applications/Xcode.app/Contents/Developer/Platforms/MacOSX.platform/Developer/SDKs/MacOSX27.0.sdk -target arm64-apple-macos12.0 -g -module-cache-path /Users/buddhirajgautam/Library/Developer/Xcode/DerivedData/ModuleCache.noindex -Xfrontend -serialize-debugging-options -profile-coverage-mapping -profile-generate -enable-testing -index-store-path /Users/buddhirajgautam/Library/Developer/Xcode/DerivedData/Telegram-Mac-fygdgghdgmuleoelvxabfmqiotta/Index.noindex/DataStore -Xcc -D_LIBCPP_HARDENING_MODE\=_LIBCPP_HARDENING_MODE_DEBUG -swift-version 5 -I /Users/buddhirajgautam/Library/Developer/Xcode/DerivedData/Telegram-Mac-fygdgghdgmuleoelvxabfmqiotta/Build/Products/Debug -Isystem /Applications/Xcode.app/Contents/Developer/Platforms/MacOSX.platform/Developer/usr/lib -F /Users/buddhirajgautam/Library/Developer/Xcode/DerivedData/Telegram-Mac-fygdgghdgmuleoelvxabfmqiotta/Build/Products/Debug -F /Applications/Xcode.app/Contents/Developer/Platforms/MacOSX.platform/Developer/Library/Frameworks -c -j8 -enable-batch-mode -incremental -Xcc -ivfsstatcache -Xcc /Users/buddhirajgautam/Library/Developer/Xcode/DerivedData/SDKStatCaches.noindex/macosx27.0-26A425-e829b21a6f8c9b70876ba0858053c0447231f6df4def33e022ae2eb8f782df1a.sdkstatcache -output-file-map /Users/buddhirajgautam/Library/Developer/Xcode/DerivedData/Telegram-Mac-fygdgghdgmuleoelvxabfmqiotta/Build/Intermediates.noindex/Strings.build/Debug/Strings-t.build/Objects-normal/arm64/Strings-OutputFileMap.json -save-temps -no-color-diagnostics -explicit-module-build -module-cache-path /Users/buddhirajgautam/Library/Developer/Xcode/DerivedData/Telegram-Mac-fygdgghdgmuleoelvxabfmqiotta/Build/Intermediates.noindex/SwiftExplicitPrecompiledModules -clang-scanner-module-cache-path /Users/buddhirajgautam/Library/Developer/Xcode/DerivedData/ModuleCache.noindex -sdk-module-cache-path /Users/buddhirajgautam/Library/Developer/Xcode/DerivedData/SDKExplicitPrecompiledModules -emit-dependencies -emit-module -emit-module-path /Users/buddhirajgautam/Library/Developer/Xcode/DerivedData/Telegram-Mac-fygdgghdgmuleoelvxabfmqiotta/Build/Intermediates.noindex/Strings.build/Debug/Strings-t.build/Objects-normal/arm64/Strings.swiftmodule -serialize-diagnostics -dependency-scan-serialize-diagnostics-path /Users/buddhirajgautam/Library/Developer/Xcode/DerivedData/Telegram-Mac-fygdgghdgmuleoelvxabfmqiotta/Build/Intermediates.noindex/Strings.build/Debug/Strings-t.build/Objects-normal/arm64/Strings-dependency-scan.dia -validate-clang-modules-once -clang-build-session-file /Users/buddhirajgautam/Library/Developer/Xcode/DerivedData/ModuleCache.noindex/Session.modulevalidation -Xcc -fmodules-prune-interval\=86400 -Xcc -fmodules-prune-after\=345600 -emit-const-values -const-gather-protocols-list /Users/buddhirajgautam/Library/Developer/Xcode/DerivedData/Telegram-Mac-fygdgghdgmuleoelvxabfmqiotta/Build/Intermediates.noindex/Strings.build/Debug/Strings-t.build/Objects-normal/arm64/Strings_const_extract_protocols.json -Xcc -I/Users/buddhirajgautam/Library/Developer/Xcode/DerivedData/Telegram-Mac-fygdgghdgmuleoelvxabfmqiotta/Build/Products/Debug/include -Xcc -I/Users/buddhirajgautam/Library/Developer/Xcode/DerivedData/Telegram-Mac-fygdgghdgmuleoelvxabfmqiotta/Build/Intermediates.noindex/Strings.build/Debug/Strings-t.build/DerivedSources-normal/arm64 -Xcc -I/Users/buddhirajgautam/Library/Developer/Xcode/DerivedData/Telegram-Mac-fygdgghdgmuleoelvxabfmqiotta/Build/Intermediates.noindex/Strings.build/Debug/Strings-t.build/DerivedSources/arm64 -Xcc -I/Users/buddhirajgautam/Library/Developer/Xcode/DerivedData/Telegram-Mac-fygdgghdgmuleoelvxabfmqiotta/Build/Intermediates.noindex/Strings.build/Debug/Strings-t.build/DerivedSources -Xcc -DSWIFT_PACKAGE -Xcc -DDEBUG\=1 -emit-objc-header -emit-objc-header-path /Users/buddhirajgautam/Library/Developer/Xcode/DerivedData/Telegram-Mac-fygdgghdgmuleoelvxabfmqiotta/Build/Intermediates.noindex/Strings.build/Debug/Strings-t.build/Objects-normal/arm64/Strings-Swift.h -working-directory /Users/buddhirajgautam/Documents/Cherrygram-Mac/macOS-Swift -experimental-emit-module-separately -disable-cmo

CompileC /Users/buddhirajgautam/Library/Developer/Xcode/DerivedData/Telegram-Mac-fygdgghdgmuleoelvxabfmqiotta/Build/Intermediates.noindex/RLottie_Xcode.build/Debug/RLottie.build/Objects-normal/arm64/RLottie_vers.o /Users/buddhirajgautam/Library/Developer/Xcode/DerivedData/Telegram-Mac-fygdgghdgmuleoelvxabfmqiotta/Build/Intermediates.noindex/RLottie_Xcode.build/Debug/RLottie.build/DerivedSources/RLottie_vers.c normal arm64 c com.apple.compilers.llvm.clang.1_0.compiler (in target 'RLottie' from project 'RLottie_Xcode')
    cd /Users/buddhirajgautam/Documents/Cherrygram-Mac/macOS-Swift/submodules/RLottie_Xcode
    
    Using response file: /Users/buddhirajgautam/Library/Developer/Xcode/DerivedData/Telegram-Mac-fygdgghdgmuleoelvxabfmqiotta/Build/Intermediates.noindex/RLottie_Xcode.build/Debug/RLottie.build/Objects-normal/arm64/7187679823f38a2a940e0043cdf9d637-common-args.resp
    
    /Applications/Xcode.app/Contents/Developer/Toolchains/XcodeDefault.xctoolchain/usr/bin/clang -x c -ivfsstatcache /Users/buddhirajgautam/Library/Developer/Xcode/DerivedData/SDKStatCaches.noindex/macosx27.0-26A425-e829b21a6f8c9b70876ba0858053c0447231f6df4def33e022ae2eb8f782df1a.sdkstatcache -target arm64-apple-macos12.0 -fmessage-length\=0 -fdiagnostics-show-note-include-stack -fmacro-backtrace-limit\=0 -fno-color-diagnostics -fmodules-prune-interval\=86400 -fmodules-prune-after\=345600 -fbuild-session-file\=/Users/buddhirajgautam/Library/Developer/Xcode/DerivedData/ModuleCache.noindex/Session.modulevalidation -fmodules-validate-once-per-build-session -Wnon-modular-include-in-framework-module -Werror\=non-modular-include-in-framework-module -Wno-trigraphs -Wno-missing-field-initializers -Wno-missing-prototypes -Werror\=return-type -Wdocumentation -Wunreachable-code -Werror\=deprecated-objc-isa-usage -Werror\=objc-root-class -Wno-missing-braces -Wparentheses -Wswitch -Wunused-function -Wno-unused-label -Wno-unused-parameter -Wunused-variable -Wunused-value -Wempty-body -Wuninitialized -Wconditional-uninitialized -Wno-unknown-pragmas -Wno-shadow -Wno-four-char-constants -Wno-conversion -Wconstant-conversion -Wint-conversion -Wbool-conversion -Wenum-conversion -Wno-float-conversion -Wnon-literal-null-conversion -Wobjc-literal-conversion -Wshorten-64-to-32 -Wpointer-sign -Wno-newline-eof -Wno-implicit-fallthrough -isysroot /Applications/Xcode.app/Contents/Developer/Platforms/MacOSX.platform/Developer/SDKs/MacOSX27.0.sdk -fstrict-aliasing -Wdeprecated-declarations -Wno-sign-conversion -Winfinite-recursion -Wcomma -Wblock-capture-autoreleasing -Wstrict-prototypes -Wno-semicolon-before-method-body -Wunguarded-availability -index-store-path /Users/buddhirajgautam/Library/Developer/Xcode/DerivedData/Telegram-Mac-fygdgghdgmuleoelvxabfmqiotta/Index.noindex/DataStore @/Users/buddhirajgautam/Library/Developer/Xcode/DerivedData/Telegram-Mac-fygdgghdgmuleoelvxabfmqiotta/Build/Intermediates.noindex/RLottie_Xcode.build/Debug/RLottie.build/Objects-normal/arm64/7187679823f38a2a940e0043cdf9d637-common-args.resp -MMD -MT dependencies -MF /Users/buddhirajgautam/Library/Developer/Xcode/DerivedData/Telegram-Mac-fygdgghdgmuleoelvxabfmqiotta/Build/Intermediates.noindex/RLottie_Xcode.build/Debug/RLottie.build/Objects-normal/arm64/RLottie_vers.d --serialize-diagnostics /Users/buddhirajgautam/Library/Developer/Xcode/DerivedData/Telegram-Mac-fygdgghdgmuleoelvxabfmqiotta/Build/Intermediates.noindex/RLottie_Xcode.build/Debug/RLottie.build/Objects-normal/arm64/RLottie_vers.dia -c /Users/buddhirajgautam/Library/Developer/Xcode/DerivedData/Telegram-Mac-fygdgghdgmuleoelvxabfmqiotta/Build/Intermediates.noindex/RLottie_Xcode.build/Debug/RLottie.build/DerivedSources/RLottie_vers.c -o /Users/buddhirajgautam/Library/Developer/Xcode/DerivedData/Telegram-Mac-fygdgghdgmuleoelvxabfmqiotta/Build/Intermediates.noindex/RLottie_Xcode.build/Debug/RLottie.build/Objects-normal/arm64/RLottie_vers.o -index-unit-output-path /RLottie_Xcode.build/Debug/RLottie.build/Objects-normal/arm64/RLottie_vers.o

Touch /Users/buddhirajgautam/Library/Developer/Xcode/DerivedData/Telegram-Mac-fygdgghdgmuleoelvxabfmqiotta/Build/Products/Debug/PrivateCallScreen_PrivateCallScreen.bundle (in target 'PrivateCallScreen_PrivateCallScreen' from project 'PrivateCallScreen')
    cd /Users/buddhirajgautam/Documents/Cherrygram-Mac/macOS-Swift/packages/PrivateCallScreen
    /usr/bin/touch -c /Users/buddhirajgautam/Library/Developer/Xcode/DerivedData/Telegram-Mac-fygdgghdgmuleoelvxabfmqiotta/Build/Products/Debug/PrivateCallScreen_PrivateCallScreen.bundle

Libtool /Users/buddhirajgautam/Library/Developer/Xcode/DerivedData/Telegram-Mac-fygdgghdgmuleoelvxabfmqiotta/Build/Products/Debug/RLottie.framework/Versions/A/RLottie normal (in target 'RLottie' from project 'RLottie_Xcode')
    cd /Users/buddhirajgautam/Documents/Cherrygram-Mac/macOS-Swift/submodules/RLottie_Xcode
    /Applications/Xcode.app/Contents/Developer/Toolchains/XcodeDefault.xctoolchain/usr/bin/libtool -static -arch_only arm64 -D -syslibroot /Applications/Xcode.app/Contents/Developer/Platforms/MacOSX.platform/Developer/SDKs/MacOSX27.0.sdk -L/Users/buddhirajgautam/Library/Developer/Xcode/DerivedData/Telegram-Mac-fygdgghdgmuleoelvxabfmqiotta/Build/Products/Debug -filelist /Users/buddhirajgautam/Library/Developer/Xcode/DerivedData/Telegram-Mac-fygdgghdgmuleoelvxabfmqiotta/Build/Intermediates.noindex/RLottie_Xcode.build/Debug/RLottie.build/Objects-normal/arm64/RLottie.LinkFileList -dependency_info /Users/buddhirajgautam/Library/Developer/Xcode/DerivedData/Telegram-Mac-fygdgghdgmuleoelvxabfmqiotta/Build/Intermediates.noindex/RLottie_Xcode.build/Debug/RLottie.build/Objects-normal/arm64/RLottie_libtool_dependency_info.dat -o /Users/buddhirajgautam/Library/Developer/Xcode/DerivedData/Telegram-Mac-fygdgghdgmuleoelvxabfmqiotta/Build/Products/Debug/RLottie.framework/Versions/A/RLottie

ScanDependencies /Users/buddhirajgautam/Library/Developer/Xcode/DerivedData/Telegram-Mac-fygdgghdgmuleoelvxabfmqiotta/Build/Intermediates.noindex/OpusBinding.build/Debug/OpusBinding-t.build/Objects-normal/arm64/wav_io.o /Users/buddhirajgautam/Documents/Cherrygram-Mac/macOS-Swift/submodules/telegram-ios/submodules/OpusBinding/Sources/opusenc/wav_io.c normal arm64 c com.apple.compilers.llvm.clang.1_0.compiler (in target 'OpusBinding' from project 'OpusBinding')
    cd /Users/buddhirajgautam/Documents/Cherrygram-Mac/macOS-Swift
    
    Using response file: /Users/buddhirajgautam/Library/Developer/Xcode/DerivedData/Telegram-Mac-fygdgghdgmuleoelvxabfmqiotta/Build/Intermediates.noindex/OpusBinding.build/Debug/OpusBinding-t.build/Objects-normal/arm64/7187679823f38a2a940e0043cdf9d637-common-args.resp
    
    builtin-ScanDependencies -o /Users/buddhirajgautam/Library/Developer/Xcode/DerivedData/Telegram-Mac-fygdgghdgmuleoelvxabfmqiotta/Build/Intermediates.noindex/OpusBinding.build/Debug/OpusBinding-t.build/Objects-normal/arm64/wav_io.o.scan -- /Applications/Xcode.app/Contents/Developer/Toolchains/XcodeDefault.xctoolchain/usr/bin/clang -x c -ivfsstatcache /Users/buddhirajgautam/Library/Developer/Xcode/DerivedData/SDKStatCaches.noindex/macosx27.0-26A425-e829b21a6f8c9b70876ba0858053c0447231f6df4def33e022ae2eb8f782df1a.sdkstatcache -target arm64-apple-macos12.0 -fmessage-length\=0 -fdiagnostics-show-note-include-stack -fmacro-backtrace-limit\=0 -fno-color-diagnostics -fmodules-prune-interval\=86400 -fmodules-prune-after\=345600 -fbuild-session-file\=/Users/buddhirajgautam/Library/Developer/Xcode/DerivedData/ModuleCache.noindex/Session.modulevalidation -fmodules-validate-once-per-build-session -Wnon-modular-include-in-framework-module -Werror\=non-modular-include-in-framework-module -Wno-trigraphs -Wno-missing-field-initializers -Wno-missing-prototypes -Wno-return-type -Wno-missing-braces -Wparentheses -Wswitch -Wno-unused-function -Wno-unused-label -Wno-unused-parameter -Wno-unused-variable -Wunused-value -Wno-empty-body -Wno-uninitialized -Wno-unknown-pragmas -Wno-shadow -Wno-four-char-constants -Wno-conversion -Wno-constant-conversion -Wno-int-conversion -Wno-bool-conversion -Wno-enum-conversion -Wno-float-conversion -Wno-non-literal-null-conversion -Wno-objc-literal-conversion -Wshorten-64-to-32 -Wpointer-sign -Wno-newline-eof -Wno-implicit-fallthrough -isysroot /Applications/Xcode.app/Contents/Developer/Platforms/MacOSX.platform/Developer/SDKs/MacOSX27.0.sdk -fstrict-aliasing -Wdeprecated-declarations -Wno-sign-conversion -Wno-infinite-recursion -Wno-comma -Wno-block-capture-autoreleasing -Wno-strict-prototypes -Wno-semicolon-before-method-body -index-store-path /Users/buddhirajgautam/Library/Developer/Xcode/DerivedData/Telegram-Mac-fygdgghdgmuleoelvxabfmqiotta/Index.noindex/DataStore @/Users/buddhirajgautam/Library/Developer/Xcode/DerivedData/Telegram-Mac-fygdgghdgmuleoelvxabfmqiotta/Build/Intermediates.noindex/OpusBinding.build/Debug/OpusBinding-t.build/Objects-normal/arm64/7187679823f38a2a940e0043cdf9d637-common-args.resp -MMD -MT dependencies -MF /Users/buddhirajgautam/Library/Developer/Xcode/DerivedData/Telegram-Mac-fygdgghdgmuleoelvxabfmqiotta/Build/Intermediates.noindex/OpusBinding.build/Debug/OpusBinding-t.build/Objects-normal/arm64/wav_io.d --serialize-diagnostics /Users/buddhirajgautam/Library/Developer/Xcode/DerivedData/Telegram-Mac-fygdgghdgmuleoelvxabfmqiotta/Build/Intermediates.noindex/OpusBinding.build/Debug/OpusBinding-t.build/Objects-normal/arm64/wav_io.dia -c /Users/buddhirajgautam/Documents/Cherrygram-Mac/macOS-Swift/submodules/telegram-ios/submodules/OpusBinding/Sources/opusenc/wav_io.c -o /Users/buddhirajgautam/Library/Developer/Xcode/DerivedData/Telegram-Mac-fygdgghdgmuleoelvxabfmqiotta/Build/Intermediates.noindex/OpusBinding.build/Debug/OpusBinding-t.build/Objects-normal/arm64/wav_io.o -index-unit-output-path /OpusBinding.build/Debug/OpusBinding-t.build/Objects-normal/arm64/wav_io.o

SwiftDriverJobDiscovery normal arm64 Compiling RangeSetStorage.swift (in target 'RangeSet' from project 'RangeSet')

ScanDependencies /Users/buddhirajgautam/Library/Developer/Xcode/DerivedData/Telegram-Mac-fygdgghdgmuleoelvxabfmqiotta/Build/Intermediates.noindex/OpusBinding.build/Debug/OpusBinding-t.build/Objects-normal/arm64/stream.o /Users/buddhirajgautam/Documents/Cherrygram-Mac/macOS-Swift/submodules/telegram-ios/submodules/OpusBinding/Sources/opusfile/stream.c normal arm64 c com.apple.compilers.llvm.clang.1_0.compiler (in target 'OpusBinding' from project 'OpusBinding')
    cd /Users/buddhirajgautam/Documents/Cherrygram-Mac/macOS-Swift
    
    Using response file: /Users/buddhirajgautam/Library/Developer/Xcode/DerivedData/Telegram-Mac-fygdgghdgmuleoelvxabfmqiotta/Build/Intermediates.noindex/OpusBinding.build/Debug/OpusBinding-t.build/Objects-normal/arm64/7187679823f38a2a940e0043cdf9d637-common-args.resp
    
    builtin-ScanDependencies -o /Users/buddhirajgautam/Library/Developer/Xcode/DerivedData/Telegram-Mac-fygdgghdgmuleoelvxabfmqiotta/Build/Intermediates.noindex/OpusBinding.build/Debug/OpusBinding-t.build/Objects-normal/arm64/stream.o.scan -- /Applications/Xcode.app/Contents/Developer/Toolchains/XcodeDefault.xctoolchain/usr/bin/clang -x c -ivfsstatcache /Users/buddhirajgautam/Library/Developer/Xcode/DerivedData/SDKStatCaches.noindex/macosx27.0-26A425-e829b21a6f8c9b70876ba0858053c0447231f6df4def33e022ae2eb8f782df1a.sdkstatcache -target arm64-apple-macos12.0 -fmessage-length\=0 -fdiagnostics-show-note-include-stack -fmacro-backtrace-limit\=0 -fno-color-diagnostics -fmodules-prune-interval\=86400 -fmodules-prune-after\=345600 -fbuild-session-file\=/Users/buddhirajgautam/Library/Developer/Xcode/DerivedData/ModuleCache.noindex/Session.modulevalidation -fmodules-validate-once-per-build-session -Wnon-modular-include-in-framework-module -Werror\=non-modular-include-in-framework-module -Wno-trigraphs -Wno-missing-field-initializers -Wno-missing-prototypes -Wno-return-type -Wno-missing-braces -Wparentheses -Wswitch -Wno-unused-function -Wno-unused-label -Wno-unused-parameter -Wno-unused-variable -Wunused-value -Wno-empty-body -Wno-uninitialized -Wno-unknown-pragmas -Wno-shadow -Wno-four-char-constants -Wno-conversion -Wno-constant-conversion -Wno-int-conversion -Wno-bool-conversion -Wno-enum-conversion -Wno-float-conversion -Wno-non-literal-null-conversion -Wno-objc-literal-conversion -Wshorten-64-to-32 -Wpointer-sign -Wno-newline-eof -Wno-implicit-fallthrough -isysroot /Applications/Xcode.app/Contents/Developer/Platforms/MacOSX.platform/Developer/SDKs/MacOSX27.0.sdk -fstrict-aliasing -Wdeprecated-declarations -Wno-sign-conversion -Wno-infinite-recursion -Wno-comma -Wno-block-capture-autoreleasing -Wno-strict-prototypes -Wno-semicolon-before-method-body -index-store-path /Users/buddhirajgautam/Library/Developer/Xcode/DerivedData/Telegram-Mac-fygdgghdgmuleoelvxabfmqiotta/Index.noindex/DataStore @/Users/buddhirajgautam/Library/Developer/Xcode/DerivedData/Telegram-Mac-fygdgghdgmuleoelvxabfmqiotta/Build/Intermediates.noindex/OpusBinding.build/Debug/OpusBinding-t.build/Objects-normal/arm64/7187679823f38a2a940e0043cdf9d637-common-args.resp -MMD -MT dependencies -MF /Users/buddhirajgautam/Library/Developer/Xcode/DerivedData/Telegram-Mac-fygdgghdgmuleoelvxabfmqiotta/Build/Intermediates.noindex/OpusBinding.build/Debug/OpusBinding-t.build/Objects-normal/arm64/stream.d --serialize-diagnostics /Users/buddhirajgautam/Library/Developer/Xcode/DerivedData/Telegram-Mac-fygdgghdgmuleoelvxabfmqiotta/Build/Intermediates.noindex/OpusBinding.build/Debug/OpusBinding-t.build/Objects-normal/arm64/stream.dia -c /Users/buddhirajgautam/Documents/Cherrygram-Mac/macOS-Swift/submodules/telegram-ios/submodules/OpusBinding/Sources/opusfile/stream.c -o /Users/buddhirajgautam/Library/Developer/Xcode/DerivedData/Telegram-Mac-fygdgghdgmuleoelvxabfmqiotta/Build/Intermediates.noindex/OpusBinding.build/Debug/OpusBinding-t.build/Objects-normal/arm64/stream.o -index-unit-output-path /OpusBinding.build/Debug/OpusBinding-t.build/Objects-normal/arm64/stream.o

SwiftDriverJobDiscovery normal arm64 Compiling RangeSet.swift (in target 'RangeSet' from project 'RangeSet')

ScanDependencies /Users/buddhirajgautam/Library/Developer/Xcode/DerivedData/Telegram-Mac-fygdgghdgmuleoelvxabfmqiotta/Build/Intermediates.noindex/OpusBinding.build/Debug/OpusBinding-t.build/Objects-normal/arm64/picture.o /Users/buddhirajgautam/Documents/Cherrygram-Mac/macOS-Swift/submodules/telegram-ios/submodules/OpusBinding/Sources/opusenc/picture.c normal arm64 c com.apple.compilers.llvm.clang.1_0.compiler (in target 'OpusBinding' from project 'OpusBinding')
    cd /Users/buddhirajgautam/Documents/Cherrygram-Mac/macOS-Swift
    
    Using response file: /Users/buddhirajgautam/Library/Developer/Xcode/DerivedData/Telegram-Mac-fygdgghdgmuleoelvxabfmqiotta/Build/Intermediates.noindex/OpusBinding.build/Debug/OpusBinding-t.build/Objects-normal/arm64/7187679823f38a2a940e0043cdf9d637-common-args.resp
    
    builtin-ScanDependencies -o /Users/buddhirajgautam/Library/Developer/Xcode/DerivedData/Telegram-Mac-fygdgghdgmuleoelvxabfmqiotta/Build/Intermediates.noindex/OpusBinding.build/Debug/OpusBinding-t.build/Objects-normal/arm64/picture.o.scan -- /Applications/Xcode.app/Contents/Developer/Toolchains/XcodeDefault.xctoolchain/usr/bin/clang -x c -ivfsstatcache /Users/buddhirajgautam/Library/Developer/Xcode/DerivedData/SDKStatCaches.noindex/macosx27.0-26A425-e829b21a6f8c9b70876ba0858053c0447231f6df4def33e022ae2eb8f782df1a.sdkstatcache -target arm64-apple-macos12.0 -fmessage-length\=0 -fdiagnostics-show-note-include-stack -fmacro-backtrace-limit\=0 -fno-color-diagnostics -fmodules-prune-interval\=86400 -fmodules-prune-after\=345600 -fbuild-session-file\=/Users/buddhirajgautam/Library/Developer/Xcode/DerivedData/ModuleCache.noindex/Session.modulevalidation -fmodules-validate-once-per-build-session -Wnon-modular-include-in-framework-module -Werror\=non-modular-include-in-framework-module -Wno-trigraphs -Wno-missing-field-initializers -Wno-missing-prototypes -Wno-return-type -Wno-missing-braces -Wparentheses -Wswitch -Wno-unused-function -Wno-unused-label -Wno-unused-parameter -Wno-unused-variable -Wunused-value -Wno-empty-body -Wno-uninitialized -Wno-unknown-pragmas -Wno-shadow -Wno-four-char-constants -Wno-conversion -Wno-constant-conversion -Wno-int-conversion -Wno-bool-conversion -Wno-enum-conversion -Wno-float-conversion -Wno-non-literal-null-conversion -Wno-objc-literal-conversion -Wshorten-64-to-32 -Wpointer-sign -Wno-newline-eof -Wno-implicit-fallthrough -isysroot /Applications/Xcode.app/Contents/Developer/Platforms/MacOSX.platform/Developer/SDKs/MacOSX27.0.sdk -fstrict-aliasing -Wdeprecated-declarations -Wno-sign-conversion -Wno-infinite-recursion -Wno-comma -Wno-block-capture-autoreleasing -Wno-strict-prototypes -Wno-semicolon-before-method-body -index-store-path /Users/buddhirajgautam/Library/Developer/Xcode/DerivedData/Telegram-Mac-fygdgghdgmuleoelvxabfmqiotta/Index.noindex/DataStore @/Users/buddhirajgautam/Library/Developer/Xcode/DerivedData/Telegram-Mac-fygdgghdgmuleoelvxabfmqiotta/Build/Intermediates.noindex/OpusBinding.build/Debug/OpusBinding-t.build/Objects-normal/arm64/7187679823f38a2a940e0043cdf9d637-common-args.resp -MMD -MT dependencies -MF /Users/buddhirajgautam/Library/Developer/Xcode/DerivedData/Telegram-Mac-fygdgghdgmuleoelvxabfmqiotta/Build/Intermediates.noindex/OpusBinding.build/Debug/OpusBinding-t.build/Objects-normal/arm64/picture.d --serialize-diagnostics /Users/buddhirajgautam/Library/Developer/Xcode/DerivedData/Telegram-Mac-fygdgghdgmuleoelvxabfmqiotta/Build/Intermediates.noindex/OpusBinding.build/Debug/OpusBinding-t.build/Objects-normal/arm64/picture.dia -c /Users/buddhirajgautam/Documents/Cherrygram-Mac/macOS-Swift/submodules/telegram-ios/submodules/OpusBinding/Sources/opusenc/picture.c -o /Users/buddhirajgautam/Library/Developer/Xcode/DerivedData/Telegram-Mac-fygdgghdgmuleoelvxabfmqiotta/Build/Intermediates.noindex/OpusBinding.build/Debug/OpusBinding-t.build/Objects-normal/arm64/picture.o -index-unit-output-path /OpusBinding.build/Debug/OpusBinding-t.build/Objects-normal/arm64/picture.o

ScanDependencies /Users/buddhirajgautam/Library/Developer/Xcode/DerivedData/Telegram-Mac-fygdgghdgmuleoelvxabfmqiotta/Build/Intermediates.noindex/OpusBinding.build/Debug/OpusBinding-t.build/Objects-normal/arm64/opusfile.o /Users/buddhirajgautam/Documents/Cherrygram-Mac/macOS-Swift/submodules/telegram-ios/submodules/OpusBinding/Sources/opusfile/opusfile.c normal arm64 c com.apple.compilers.llvm.clang.1_0.compiler (in target 'OpusBinding' from project 'OpusBinding')
    cd /Users/buddhirajgautam/Documents/Cherrygram-Mac/macOS-Swift
    
    Using response file: /Users/buddhirajgautam/Library/Developer/Xcode/DerivedData/Telegram-Mac-fygdgghdgmuleoelvxabfmqiotta/Build/Intermediates.noindex/OpusBinding.build/Debug/OpusBinding-t.build/Objects-normal/arm64/7187679823f38a2a940e0043cdf9d637-common-args.resp
    
    builtin-ScanDependencies -o /Users/buddhirajgautam/Library/Developer/Xcode/DerivedData/Telegram-Mac-fygdgghdgmuleoelvxabfmqiotta/Build/Intermediates.noindex/OpusBinding.build/Debug/OpusBinding-t.build/Objects-normal/arm64/opusfile.o.scan -- /Applications/Xcode.app/Contents/Developer/Toolchains/XcodeDefault.xctoolchain/usr/bin/clang -x c -ivfsstatcache /Users/buddhirajgautam/Library/Developer/Xcode/DerivedData/SDKStatCaches.noindex/macosx27.0-26A425-e829b21a6f8c9b70876ba0858053c0447231f6df4def33e022ae2eb8f782df1a.sdkstatcache -target arm64-apple-macos12.0 -fmessage-length\=0 -fdiagnostics-show-note-include-stack -fmacro-backtrace-limit\=0 -fno-color-diagnostics -fmodules-prune-interval\=86400 -fmodules-prune-after\=345600 -fbuild-session-file\=/Users/buddhirajgautam/Library/Developer/Xcode/DerivedData/ModuleCache.noindex/Session.modulevalidation -fmodules-validate-once-per-build-session -Wnon-modular-include-in-framework-module -Werror\=non-modular-include-in-framework-module -Wno-trigraphs -Wno-missing-field-initializers -Wno-missing-prototypes -Wno-return-type -Wno-missing-braces -Wparentheses -Wswitch -Wno-unused-function -Wno-unused-label -Wno-unused-parameter -Wno-unused-variable -Wunused-value -Wno-empty-body -Wno-uninitialized -Wno-unknown-pragmas -Wno-shadow -Wno-four-char-constants -Wno-conversion -Wno-constant-conversion -Wno-int-conversion -Wno-bool-conversion -Wno-enum-conversion -Wno-float-conversion -Wno-non-literal-null-conversion -Wno-objc-literal-conversion -Wshorten-64-to-32 -Wpointer-sign -Wno-newline-eof -Wno-implicit-fallthrough -isysroot /Applications/Xcode.app/Contents/Developer/Platforms/MacOSX.platform/Developer/SDKs/MacOSX27.0.sdk -fstrict-aliasing -Wdeprecated-declarations -Wno-sign-conversion -Wno-infinite-recursion -Wno-comma -Wno-block-capture-autoreleasing -Wno-strict-prototypes -Wno-semicolon-before-method-body -index-store-path /Users/buddhirajgautam/Library/Developer/Xcode/DerivedData/Telegram-Mac-fygdgghdgmuleoelvxabfmqiotta/Index.noindex/DataStore @/Users/buddhirajgautam/Library/Developer/Xcode/DerivedData/Telegram-Mac-fygdgghdgmuleoelvxabfmqiotta/Build/Intermediates.noindex/OpusBinding.build/Debug/OpusBinding-t.build/Objects-normal/arm64/7187679823f38a2a940e0043cdf9d637-common-args.resp -MMD -MT dependencies -MF /Users/buddhirajgautam/Library/Developer/Xcode/DerivedData/Telegram-Mac-fygdgghdgmuleoelvxabfmqiotta/Build/Intermediates.noindex/OpusBinding.build/Debug/OpusBinding-t.build/Objects-normal/arm64/opusfile.d --serialize-diagnostics /Users/buddhirajgautam/Library/Developer/Xcode/DerivedData/Telegram-Mac-fygdgghdgmuleoelvxabfmqiotta/Build/Intermediates.noindex/OpusBinding.build/Debug/OpusBinding-t.build/Objects-normal/arm64/opusfile.dia -c /Users/buddhirajgautam/Documents/Cherrygram-Mac/macOS-Swift/submodules/telegram-ios/submodules/OpusBinding/Sources/opusfile/opusfile.c -o /Users/buddhirajgautam/Library/Developer/Xcode/DerivedData/Telegram-Mac-fygdgghdgmuleoelvxabfmqiotta/Build/Intermediates.noindex/OpusBinding.build/Debug/OpusBinding-t.build/Objects-normal/arm64/opusfile.o -index-unit-output-path /OpusBinding.build/Debug/OpusBinding-t.build/Objects-normal/arm64/opusfile.o

SwiftDriverJobDiscovery normal arm64 Compiling CollectionExtensions.swift (in target 'RangeSet' from project 'RangeSet')

ScanDependencies /Users/buddhirajgautam/Library/Developer/Xcode/DerivedData/Telegram-Mac-fygdgghdgmuleoelvxabfmqiotta/Build/Intermediates.noindex/OpusBinding.build/Debug/OpusBinding-t.build/Objects-normal/arm64/opusenc.o /Users/buddhirajgautam/Documents/Cherrygram-Mac/macOS-Swift/submodules/telegram-ios/submodules/OpusBinding/Sources/opusenc/opusenc.m normal arm64 objective-c com.apple.compilers.llvm.clang.1_0.compiler (in target 'OpusBinding' from project 'OpusBinding')
    cd /Users/buddhirajgautam/Documents/Cherrygram-Mac/macOS-Swift
    
    Using response file: /Users/buddhirajgautam/Library/Developer/Xcode/DerivedData/Telegram-Mac-fygdgghdgmuleoelvxabfmqiotta/Build/Intermediates.noindex/OpusBinding.build/Debug/OpusBinding-t.build/Objects-normal/arm64/e6072d4f65d7061329687fe24e3d63a7-common-args.resp
    
    builtin-ScanDependencies -o /Users/buddhirajgautam/Library/Developer/Xcode/DerivedData/Telegram-Mac-fygdgghdgmuleoelvxabfmqiotta/Build/Intermediates.noindex/OpusBinding.build/Debug/OpusBinding-t.build/Objects-normal/arm64/opusenc.o.scan -- /Applications/Xcode.app/Contents/Developer/Toolchains/XcodeDefault.xctoolchain/usr/bin/clang -x objective-c -ivfsstatcache /Users/buddhirajgautam/Library/Developer/Xcode/DerivedData/SDKStatCaches.noindex/macosx27.0-26A425-e829b21a6f8c9b70876ba0858053c0447231f6df4def33e022ae2eb8f782df1a.sdkstatcache -target arm64-apple-macos12.0 -fmessage-length\=0 -fdiagnostics-show-note-include-stack -fmacro-backtrace-limit\=0 -fno-color-diagnostics -fmodules-prune-interval\=86400 -fmodules-prune-after\=345600 -fbuild-session-file\=/Users/buddhirajgautam/Library/Developer/Xcode/DerivedData/ModuleCache.noindex/Session.modulevalidation -fmodules-validate-once-per-build-session -Wnon-modular-include-in-framework-module -Werror\=non-modular-include-in-framework-module -Wno-trigraphs -Wno-missing-field-initializers -Wno-missing-prototypes -Wno-return-type -Wno-implicit-atomic-properties -Wno-objc-interface-ivars -Wno-arc-repeated-use-of-weak -Wno-missing-braces -Wparentheses -Wswitch -Wno-unused-function -Wno-unused-label -Wno-unused-parameter -Wno-unused-variable -Wunused-value -Wno-empty-body -Wno-uninitialized -Wno-unknown-pragmas -Wno-shadow -Wno-four-char-constants -Wno-conversion -Wno-constant-conversion -Wno-int-conversion -Wno-bool-conversion -Wno-enum-conversion -Wno-float-conversion -Wno-non-literal-null-conversion -Wno-objc-literal-conversion -Wshorten-64-to-32 -Wpointer-sign -Wno-newline-eof -Wno-selector -Wno-strict-selector-match -Wno-undeclared-selector -Wno-deprecated-implementations -Wno-implicit-fallthrough -isysroot /Applications/Xcode.app/Contents/Developer/Platforms/MacOSX.platform/Developer/SDKs/MacOSX27.0.sdk -fstrict-aliasing -Wprotocol -Wdeprecated-declarations -Wno-sign-conversion -Wno-infinite-recursion -Wno-comma -Wno-block-capture-autoreleasing -Wno-strict-prototypes -Wno-semicolon-before-method-body -index-store-path /Users/buddhirajgautam/Library/Developer/Xcode/DerivedData/Telegram-Mac-fygdgghdgmuleoelvxabfmqiotta/Index.noindex/DataStore @/Users/buddhirajgautam/Library/Developer/Xcode/DerivedData/Telegram-Mac-fygdgghdgmuleoelvxabfmqiotta/Build/Intermediates.noindex/OpusBinding.build/Debug/OpusBinding-t.build/Objects-normal/arm64/e6072d4f65d7061329687fe24e3d63a7-common-args.resp -MMD -MT dependencies -MF /Users/buddhirajgautam/Library/Developer/Xcode/DerivedData/Telegram-Mac-fygdgghdgmuleoelvxabfmqiotta/Build/Intermediates.noindex/OpusBinding.build/Debug/OpusBinding-t.build/Objects-normal/arm64/opusenc.d --serialize-diagnostics /Users/buddhirajgautam/Library/Developer/Xcode/DerivedData/Telegram-Mac-fygdgghdgmuleoelvxabfmqiotta/Build/Intermediates.noindex/OpusBinding.build/Debug/OpusBinding-t.build/Objects-normal/arm64/opusenc.dia -c /Users/buddhirajgautam/Documents/Cherrygram-Mac/macOS-Swift/submodules/telegram-ios/submodules/OpusBinding/Sources/opusenc/opusenc.m -o /Users/buddhirajgautam/Library/Developer/Xcode/DerivedData/Telegram-Mac-fygdgghdgmuleoelvxabfmqiotta/Build/Intermediates.noindex/OpusBinding.build/Debug/OpusBinding-t.build/Objects-normal/arm64/opusenc.o -index-unit-output-path /OpusBinding.build/Debug/OpusBinding-t.build/Objects-normal/arm64/opusenc.o

SwiftDriverJobDiscovery normal arm64 Compiling Pair.swift (in target 'RangeSet' from project 'RangeSet')

ScanDependencies /Users/buddhirajgautam/Library/Developer/Xcode/DerivedData/Telegram-Mac-fygdgghdgmuleoelvxabfmqiotta/Build/Intermediates.noindex/OpusBinding.build/Debug/OpusBinding-t.build/Objects-normal/arm64/opus_header.o /Users/buddhirajgautam/Documents/Cherrygram-Mac/macOS-Swift/submodules/telegram-ios/submodules/OpusBinding/Sources/opusenc/opus_header.c normal arm64 c com.apple.compilers.llvm.clang.1_0.compiler (in target 'OpusBinding' from project 'OpusBinding')
    cd /Users/buddhirajgautam/Documents/Cherrygram-Mac/macOS-Swift
    
    Using response file: /Users/buddhirajgautam/Library/Developer/Xcode/DerivedData/Telegram-Mac-fygdgghdgmuleoelvxabfmqiotta/Build/Intermediates.noindex/OpusBinding.build/Debug/OpusBinding-t.build/Objects-normal/arm64/7187679823f38a2a940e0043cdf9d637-common-args.resp
    
    builtin-ScanDependencies -o /Users/buddhirajgautam/Library/Developer/Xcode/DerivedData/Telegram-Mac-fygdgghdgmuleoelvxabfmqiotta/Build/Intermediates.noindex/OpusBinding.build/Debug/OpusBinding-t.build/Objects-normal/arm64/opus_header.o.scan -- /Applications/Xcode.app/Contents/Developer/Toolchains/XcodeDefault.xctoolchain/usr/bin/clang -x c -ivfsstatcache /Users/buddhirajgautam/Library/Developer/Xcode/DerivedData/SDKStatCaches.noindex/macosx27.0-26A425-e829b21a6f8c9b70876ba0858053c0447231f6df4def33e022ae2eb8f782df1a.sdkstatcache -target arm64-apple-macos12.0 -fmessage-length\=0 -fdiagnostics-show-note-include-stack -fmacro-backtrace-limit\=0 -fno-color-diagnostics -fmodules-prune-interval\=86400 -fmodules-prune-after\=345600 -fbuild-session-file\=/Users/buddhirajgautam/Library/Developer/Xcode/DerivedData/ModuleCache.noindex/Session.modulevalidation -fmodules-validate-once-per-build-session -Wnon-modular-include-in-framework-module -Werror\=non-modular-include-in-framework-module -Wno-trigraphs -Wno-missing-field-initializers -Wno-missing-prototypes -Wno-return-type -Wno-missing-braces -Wparentheses -Wswitch -Wno-unused-function -Wno-unused-label -Wno-unused-parameter -Wno-unused-variable -Wunused-value -Wno-empty-body -Wno-uninitialized -Wno-unknown-pragmas -Wno-shadow -Wno-four-char-constants -Wno-conversion -Wno-constant-conversion -Wno-int-conversion -Wno-bool-conversion -Wno-enum-conversion -Wno-float-conversion -Wno-non-literal-null-conversion -Wno-objc-literal-conversion -Wshorten-64-to-32 -Wpointer-sign -Wno-newline-eof -Wno-implicit-fallthrough -isysroot /Applications/Xcode.app/Contents/Developer/Platforms/MacOSX.platform/Developer/SDKs/MacOSX27.0.sdk -fstrict-aliasing -Wdeprecated-declarations -Wno-sign-conversion -Wno-infinite-recursion -Wno-comma -Wno-block-capture-autoreleasing -Wno-strict-prototypes -Wno-semicolon-before-method-body -index-store-path /Users/buddhirajgautam/Library/Developer/Xcode/DerivedData/Telegram-Mac-fygdgghdgmuleoelvxabfmqiotta/Index.noindex/DataStore @/Users/buddhirajgautam/Library/Developer/Xcode/DerivedData/Telegram-Mac-fygdgghdgmuleoelvxabfmqiotta/Build/Intermediates.noindex/OpusBinding.build/Debug/OpusBinding-t.build/Objects-normal/arm64/7187679823f38a2a940e0043cdf9d637-common-args.resp -MMD -MT dependencies -MF /Users/buddhirajgautam/Library/Developer/Xcode/DerivedData/Telegram-Mac-fygdgghdgmuleoelvxabfmqiotta/Build/Intermediates.noindex/OpusBinding.build/Debug/OpusBinding-t.build/Objects-normal/arm64/opus_header.d --serialize-diagnostics /Users/buddhirajgautam/Library/Developer/Xcode/DerivedData/Telegram-Mac-fygdgghdgmuleoelvxabfmqiotta/Build/Intermediates.noindex/OpusBinding.build/Debug/OpusBinding-t.build/Objects-normal/arm64/opus_header.dia -c /Users/buddhirajgautam/Documents/Cherrygram-Mac/macOS-Swift/submodules/telegram-ios/submodules/OpusBinding/Sources/opusenc/opus_header.c -o /Users/buddhirajgautam/Library/Developer/Xcode/DerivedData/Telegram-Mac-fygdgghdgmuleoelvxabfmqiotta/Build/Intermediates.noindex/OpusBinding.build/Debug/OpusBinding-t.build/Objects-normal/arm64/opus_header.o -index-unit-output-path /OpusBinding.build/Debug/OpusBinding-t.build/Objects-normal/arm64/opus_header.o

PrecompileModule /Users/buddhirajgautam/Library/Developer/Xcode/DerivedData/Telegram-Mac-fygdgghdgmuleoelvxabfmqiotta/Build/Intermediates.noindex/ExplicitPrecompiledModules/_Builtin_inttypes-3A2URFOSSG4K849Y9NJVI3QHH.scan
    cd /
    builtin-precompileModule /Users/buddhirajgautam/Library/Developer/Xcode/DerivedData/Telegram-Mac-fygdgghdgmuleoelvxabfmqiotta/Build/Intermediates.noindex/ExplicitPrecompiledModules/_Builtin_inttypes-3A2URFOSSG4K849Y9NJVI3QHH.scan

ScanDependencies /Users/buddhirajgautam/Library/Developer/Xcode/DerivedData/Telegram-Mac-fygdgghdgmuleoelvxabfmqiotta/Build/Intermediates.noindex/OpusBinding.build/Debug/OpusBinding-t.build/Objects-normal/arm64/internal.o /Users/buddhirajgautam/Documents/Cherrygram-Mac/macOS-Swift/submodules/telegram-ios/submodules/OpusBinding/Sources/opusfile/internal.c normal arm64 c com.apple.compilers.llvm.clang.1_0.compiler (in target 'OpusBinding' from project 'OpusBinding')
    cd /Users/buddhirajgautam/Documents/Cherrygram-Mac/macOS-Swift
    
    Using response file: /Users/buddhirajgautam/Library/Developer/Xcode/DerivedData/Telegram-Mac-fygdgghdgmuleoelvxabfmqiotta/Build/Intermediates.noindex/OpusBinding.build/Debug/OpusBinding-t.build/Objects-normal/arm64/7187679823f38a2a940e0043cdf9d637-common-args.resp
    
    builtin-ScanDependencies -o /Users/buddhirajgautam/Library/Developer/Xcode/DerivedData/Telegram-Mac-fygdgghdgmuleoelvxabfmqiotta/Build/Intermediates.noindex/OpusBinding.build/Debug/OpusBinding-t.build/Objects-normal/arm64/internal.o.scan -- /Applications/Xcode.app/Contents/Developer/Toolchains/XcodeDefault.xctoolchain/usr/bin/clang -x c -ivfsstatcache /Users/buddhirajgautam/Library/Developer/Xcode/DerivedData/SDKStatCaches.noindex/macosx27.0-26A425-e829b21a6f8c9b70876ba0858053c0447231f6df4def33e022ae2eb8f782df1a.sdkstatcache -target arm64-apple-macos12.0 -fmessage-length\=0 -fdiagnostics-show-note-include-stack -fmacro-backtrace-limit\=0 -fno-color-diagnostics -fmodules-prune-interval\=86400 -fmodules-prune-after\=345600 -fbuild-session-file\=/Users/buddhirajgautam/Library/Developer/Xcode/DerivedData/ModuleCache.noindex/Session.modulevalidation -fmodules-validate-once-per-build-session -Wnon-modular-include-in-framework-module -Werror\=non-modular-include-in-framework-module -Wno-trigraphs -Wno-missing-field-initializers -Wno-missing-prototypes -Wno-return-type -Wno-missing-braces -Wparentheses -Wswitch -Wno-unused-function -Wno-unused-label -Wno-unused-parameter -Wno-unused-variable -Wunused-value -Wno-empty-body -Wno-uninitialized -Wno-unknown-pragmas -Wno-shadow -Wno-four-char-constants -Wno-conversion -Wno-constant-conversion -Wno-int-conversion -Wno-bool-conversion -Wno-enum-conversion -Wno-float-conversion -Wno-non-literal-null-conversion -Wno-objc-literal-conversion -Wshorten-64-to-32 -Wpointer-sign -Wno-newline-eof -Wno-implicit-fallthrough -isysroot /Applications/Xcode.app/Contents/Developer/Platforms/MacOSX.platform/Developer/SDKs/MacOSX27.0.sdk -fstrict-aliasing -Wdeprecated-declarations -Wno-sign-conversion -Wno-infinite-recursion -Wno-comma -Wno-block-capture-autoreleasing -Wno-strict-prototypes -Wno-semicolon-before-method-body -index-store-path /Users/buddhirajgautam/Library/Developer/Xcode/DerivedData/Telegram-Mac-fygdgghdgmuleoelvxabfmqiotta/Index.noindex/DataStore @/Users/buddhirajgautam/Library/Developer/Xcode/DerivedData/Telegram-Mac-fygdgghdgmuleoelvxabfmqiotta/Build/Intermediates.noindex/OpusBinding.build/Debug/OpusBinding-t.build/Objects-normal/arm64/7187679823f38a2a940e0043cdf9d637-common-args.resp -MMD -MT dependencies -MF /Users/buddhirajgautam/Library/Developer/Xcode/DerivedData/Telegram-Mac-fygdgghdgmuleoelvxabfmqiotta/Build/Intermediates.noindex/OpusBinding.build/Debug/OpusBinding-t.build/Objects-normal/arm64/internal.d --serialize-diagnostics /Users/buddhirajgautam/Library/Developer/Xcode/DerivedData/Telegram-Mac-fygdgghdgmuleoelvxabfmqiotta/Build/Intermediates.noindex/OpusBinding.build/Debug/OpusBinding-t.build/Objects-normal/arm64/internal.dia -c /Users/buddhirajgautam/Documents/Cherrygram-Mac/macOS-Swift/submodules/telegram-ios/submodules/OpusBinding/Sources/opusfile/internal.c -o /Users/buddhirajgautam/Library/Developer/Xcode/DerivedData/Telegram-Mac-fygdgghdgmuleoelvxabfmqiotta/Build/Intermediates.noindex/OpusBinding.build/Debug/OpusBinding-t.build/Objects-normal/arm64/internal.o -index-unit-output-path /OpusBinding.build/Debug/OpusBinding-t.build/Objects-normal/arm64/internal.o

ScanDependencies /Users/buddhirajgautam/Library/Developer/Xcode/DerivedData/Telegram-Mac-fygdgghdgmuleoelvxabfmqiotta/Build/Intermediates.noindex/OpusBinding.build/Debug/OpusBinding-t.build/Objects-normal/arm64/info.o /Users/buddhirajgautam/Documents/Cherrygram-Mac/macOS-Swift/submodules/telegram-ios/submodules/OpusBinding/Sources/opusfile/info.c normal arm64 c com.apple.compilers.llvm.clang.1_0.compiler (in target 'OpusBinding' from project 'OpusBinding')
    cd /Users/buddhirajgautam/Documents/Cherrygram-Mac/macOS-Swift
    
    Using response file: /Users/buddhirajgautam/Library/Developer/Xcode/DerivedData/Telegram-Mac-fygdgghdgmuleoelvxabfmqiotta/Build/Intermediates.noindex/OpusBinding.build/Debug/OpusBinding-t.build/Objects-normal/arm64/7187679823f38a2a940e0043cdf9d637-common-args.resp
    
    builtin-ScanDependencies -o /Users/buddhirajgautam/Library/Developer/Xcode/DerivedData/Telegram-Mac-fygdgghdgmuleoelvxabfmqiotta/Build/Intermediates.noindex/OpusBinding.build/Debug/OpusBinding-t.build/Objects-normal/arm64/info.o.scan -- /Applications/Xcode.app/Contents/Developer/Toolchains/XcodeDefault.xctoolchain/usr/bin/clang -x c -ivfsstatcache /Users/buddhirajgautam/Library/Developer/Xcode/DerivedData/SDKStatCaches.noindex/macosx27.0-26A425-e829b21a6f8c9b70876ba0858053c0447231f6df4def33e022ae2eb8f782df1a.sdkstatcache -target arm64-apple-macos12.0 -fmessage-length\=0 -fdiagnostics-show-note-include-stack -fmacro-backtrace-limit\=0 -fno-color-diagnostics -fmodules-prune-interval\=86400 -fmodules-prune-after\=345600 -fbuild-session-file\=/Users/buddhirajgautam/Library/Developer/Xcode/DerivedData/ModuleCache.noindex/Session.modulevalidation -fmodules-validate-once-per-build-session -Wnon-modular-include-in-framework-module -Werror\=non-modular-include-in-framework-module -Wno-trigraphs -Wno-missing-field-initializers -Wno-missing-prototypes -Wno-return-type -Wno-missing-braces -Wparentheses -Wswitch -Wno-unused-function -Wno-unused-label -Wno-unused-parameter -Wno-unused-variable -Wunused-value -Wno-empty-body -Wno-uninitialized -Wno-unknown-pragmas -Wno-shadow -Wno-four-char-constants -Wno-conversion -Wno-constant-conversion -Wno-int-conversion -Wno-bool-conversion -Wno-enum-conversion -Wno-float-conversion -Wno-non-literal-null-conversion -Wno-objc-literal-conversion -Wshorten-64-to-32 -Wpointer-sign -Wno-newline-eof -Wno-implicit-fallthrough -isysroot /Applications/Xcode.app/Contents/Developer/Platforms/MacOSX.platform/Developer/SDKs/MacOSX27.0.sdk -fstrict-aliasing -Wdeprecated-declarations -Wno-sign-conversion -Wno-infinite-recursion -Wno-comma -Wno-block-capture-autoreleasing -Wno-strict-prototypes -Wno-semicolon-before-method-body -index-store-path /Users/buddhirajgautam/Library/Developer/Xcode/DerivedData/Telegram-Mac-fygdgghdgmuleoelvxabfmqiotta/Index.noindex/DataStore @/Users/buddhirajgautam/Library/Developer/Xcode/DerivedData/Telegram-Mac-fygdgghdgmuleoelvxabfmqiotta/Build/Intermediates.noindex/OpusBinding.build/Debug/OpusBinding-t.build/Objects-normal/arm64/7187679823f38a2a940e0043cdf9d637-common-args.resp -MMD -MT dependencies -MF /Users/buddhirajgautam/Library/Developer/Xcode/DerivedData/Telegram-Mac-fygdgghdgmuleoelvxabfmqiotta/Build/Intermediates.noindex/OpusBinding.build/Debug/OpusBinding-t.build/Objects-normal/arm64/info.d --serialize-diagnostics /Users/buddhirajgautam/Library/Developer/Xcode/DerivedData/Telegram-Mac-fygdgghdgmuleoelvxabfmqiotta/Build/Intermediates.noindex/OpusBinding.build/Debug/OpusBinding-t.build/Objects-normal/arm64/info.dia -c /Users/buddhirajgautam/Documents/Cherrygram-Mac/macOS-Swift/submodules/telegram-ios/submodules/OpusBinding/Sources/opusfile/info.c -o /Users/buddhirajgautam/Library/Developer/Xcode/DerivedData/Telegram-Mac-fygdgghdgmuleoelvxabfmqiotta/Build/Intermediates.noindex/OpusBinding.build/Debug/OpusBinding-t.build/Objects-normal/arm64/info.o -index-unit-output-path /OpusBinding.build/Debug/OpusBinding-t.build/Objects-normal/arm64/info.o

ScanDependencies /Users/buddhirajgautam/Library/Developer/Xcode/DerivedData/Telegram-Mac-fygdgghdgmuleoelvxabfmqiotta/Build/Intermediates.noindex/OpusBinding.build/Debug/OpusBinding-t.build/Objects-normal/arm64/framing.o /Users/buddhirajgautam/Documents/Cherrygram-Mac/macOS-Swift/submodules/telegram-ios/submodules/OpusBinding/Sources/ogg/framing.c normal arm64 c com.apple.compilers.llvm.clang.1_0.compiler (in target 'OpusBinding' from project 'OpusBinding')
    cd /Users/buddhirajgautam/Documents/Cherrygram-Mac/macOS-Swift
    
    Using response file: /Users/buddhirajgautam/Library/Developer/Xcode/DerivedData/Telegram-Mac-fygdgghdgmuleoelvxabfmqiotta/Build/Intermediates.noindex/OpusBinding.build/Debug/OpusBinding-t.build/Objects-normal/arm64/7187679823f38a2a940e0043cdf9d637-common-args.resp
    
    builtin-ScanDependencies -o /Users/buddhirajgautam/Library/Developer/Xcode/DerivedData/Telegram-Mac-fygdgghdgmuleoelvxabfmqiotta/Build/Intermediates.noindex/OpusBinding.build/Debug/OpusBinding-t.build/Objects-normal/arm64/framing.o.scan -- /Applications/Xcode.app/Contents/Developer/Toolchains/XcodeDefault.xctoolchain/usr/bin/clang -x c -ivfsstatcache /Users/buddhirajgautam/Library/Developer/Xcode/DerivedData/SDKStatCaches.noindex/macosx27.0-26A425-e829b21a6f8c9b70876ba0858053c0447231f6df4def33e022ae2eb8f782df1a.sdkstatcache -target arm64-apple-macos12.0 -fmessage-length\=0 -fdiagnostics-show-note-include-stack -fmacro-backtrace-limit\=0 -fno-color-diagnostics -fmodules-prune-interval\=86400 -fmodules-prune-after\=345600 -fbuild-session-file\=/Users/buddhirajgautam/Library/Developer/Xcode/DerivedData/ModuleCache.noindex/Session.modulevalidation -fmodules-validate-once-per-build-session -Wnon-modular-include-in-framework-module -Werror\=non-modular-include-in-framework-module -Wno-trigraphs -Wno-missing-field-initializers -Wno-missing-prototypes -Wno-return-type -Wno-missing-braces -Wparentheses -Wswitch -Wno-unused-function -Wno-unused-label -Wno-unused-parameter -Wno-unused-variable -Wunused-value -Wno-empty-body -Wno-uninitialized -Wno-unknown-pragmas -Wno-shadow -Wno-four-char-constants -Wno-conversion -Wno-constant-conversion -Wno-int-conversion -Wno-bool-conversion -Wno-enum-conversion -Wno-float-conversion -Wno-non-literal-null-conversion -Wno-objc-literal-conversion -Wshorten-64-to-32 -Wpointer-sign -Wno-newline-eof -Wno-implicit-fallthrough -isysroot /Applications/Xcode.app/Contents/Developer/Platforms/MacOSX.platform/Developer/SDKs/MacOSX27.0.sdk -fstrict-aliasing -Wdeprecated-declarations -Wno-sign-conversion -Wno-infinite-recursion -Wno-comma -Wno-block-capture-autoreleasing -Wno-strict-prototypes -Wno-semicolon-before-method-body -index-store-path /Users/buddhirajgautam/Library/Developer/Xcode/DerivedData/Telegram-Mac-fygdgghdgmuleoelvxabfmqiotta/Index.noindex/DataStore @/Users/buddhirajgautam/Library/Developer/Xcode/DerivedData/Telegram-Mac-fygdgghdgmuleoelvxabfmqiotta/Build/Intermediates.noindex/OpusBinding.build/Debug/OpusBinding-t.build/Objects-normal/arm64/7187679823f38a2a940e0043cdf9d637-common-args.resp -MMD -MT dependencies -MF /Users/buddhirajgautam/Library/Developer/Xcode/DerivedData/Telegram-Mac-fygdgghdgmuleoelvxabfmqiotta/Build/Intermediates.noindex/OpusBinding.build/Debug/OpusBinding-t.build/Objects-normal/arm64/framing.d --serialize-diagnostics /Users/buddhirajgautam/Library/Developer/Xcode/DerivedData/Telegram-Mac-fygdgghdgmuleoelvxabfmqiotta/Build/Intermediates.noindex/OpusBinding.build/Debug/OpusBinding-t.build/Objects-normal/arm64/framing.dia -c /Users/buddhirajgautam/Documents/Cherrygram-Mac/macOS-Swift/submodules/telegram-ios/submodules/OpusBinding/Sources/ogg/framing.c -o /Users/buddhirajgautam/Library/Developer/Xcode/DerivedData/Telegram-Mac-fygdgghdgmuleoelvxabfmqiotta/Build/Intermediates.noindex/OpusBinding.build/Debug/OpusBinding-t.build/Objects-normal/arm64/framing.o -index-unit-output-path /OpusBinding.build/Debug/OpusBinding-t.build/Objects-normal/arm64/framing.o

ScanDependencies /Users/buddhirajgautam/Library/Developer/Xcode/DerivedData/Telegram-Mac-fygdgghdgmuleoelvxabfmqiotta/Build/Intermediates.noindex/OpusBinding.build/Debug/OpusBinding-t.build/Objects-normal/arm64/diag_range.o /Users/buddhirajgautam/Documents/Cherrygram-Mac/macOS-Swift/submodules/telegram-ios/submodules/OpusBinding/Sources/opusenc/diag_range.c normal arm64 c com.apple.compilers.llvm.clang.1_0.compiler (in target 'OpusBinding' from project 'OpusBinding')
    cd /Users/buddhirajgautam/Documents/Cherrygram-Mac/macOS-Swift
    
    Using response file: /Users/buddhirajgautam/Library/Developer/Xcode/DerivedData/Telegram-Mac-fygdgghdgmuleoelvxabfmqiotta/Build/Intermediates.noindex/OpusBinding.build/Debug/OpusBinding-t.build/Objects-normal/arm64/7187679823f38a2a940e0043cdf9d637-common-args.resp
    
    builtin-ScanDependencies -o /Users/buddhirajgautam/Library/Developer/Xcode/DerivedData/Telegram-Mac-fygdgghdgmuleoelvxabfmqiotta/Build/Intermediates.noindex/OpusBinding.build/Debug/OpusBinding-t.build/Objects-normal/arm64/diag_range.o.scan -- /Applications/Xcode.app/Contents/Developer/Toolchains/XcodeDefault.xctoolchain/usr/bin/clang -x c -ivfsstatcache /Users/buddhirajgautam/Library/Developer/Xcode/DerivedData/SDKStatCaches.noindex/macosx27.0-26A425-e829b21a6f8c9b70876ba0858053c0447231f6df4def33e022ae2eb8f782df1a.sdkstatcache -target arm64-apple-macos12.0 -fmessage-length\=0 -fdiagnostics-show-note-include-stack -fmacro-backtrace-limit\=0 -fno-color-diagnostics -fmodules-prune-interval\=86400 -fmodules-prune-after\=345600 -fbuild-session-file\=/Users/buddhirajgautam/Library/Developer/Xcode/DerivedData/ModuleCache.noindex/Session.modulevalidation -fmodules-validate-once-per-build-session -Wnon-modular-include-in-framework-module -Werror\=non-modular-include-in-framework-module -Wno-trigraphs -Wno-missing-field-initializers -Wno-missing-prototypes -Wno-return-type -Wno-missing-braces -Wparentheses -Wswitch -Wno-unused-function -Wno-unused-label -Wno-unused-parameter -Wno-unused-variable -Wunused-value -Wno-empty-body -Wno-uninitialized -Wno-unknown-pragmas -Wno-shadow -Wno-four-char-constants -Wno-conversion -Wno-constant-conversion -Wno-int-conversion -Wno-bool-conversion -Wno-enum-conversion -Wno-float-conversion -Wno-non-literal-null-conversion -Wno-objc-literal-conversion -Wshorten-64-to-32 -Wpointer-sign -Wno-newline-eof -Wno-implicit-fallthrough -isysroot /Applications/Xcode.app/Contents/Developer/Platforms/MacOSX.platform/Developer/SDKs/MacOSX27.0.sdk -fstrict-aliasing -Wdeprecated-declarations -Wno-sign-conversion -Wno-infinite-recursion -Wno-comma -Wno-block-capture-autoreleasing -Wno-strict-prototypes -Wno-semicolon-before-method-body -index-store-path /Users/buddhirajgautam/Library/Developer/Xcode/DerivedData/Telegram-Mac-fygdgghdgmuleoelvxabfmqiotta/Index.noindex/DataStore @/Users/buddhirajgautam/Library/Developer/Xcode/DerivedData/Telegram-Mac-fygdgghdgmuleoelvxabfmqiotta/Build/Intermediates.noindex/OpusBinding.build/Debug/OpusBinding-t.build/Objects-normal/arm64/7187679823f38a2a940e0043cdf9d637-common-args.resp -MMD -MT dependencies -MF /Users/buddhirajgautam/Library/Developer/Xcode/DerivedData/Telegram-Mac-fygdgghdgmuleoelvxabfmqiotta/Build/Intermediates.noindex/OpusBinding.build/Debug/OpusBinding-t.build/Objects-normal/arm64/diag_range.d --serialize-diagnostics /Users/buddhirajgautam/Library/Developer/Xcode/DerivedData/Telegram-Mac-fygdgghdgmuleoelvxabfmqiotta/Build/Intermediates.noindex/OpusBinding.build/Debug/OpusBinding-t.build/Objects-normal/arm64/diag_range.dia -c /Users/buddhirajgautam/Documents/Cherrygram-Mac/macOS-Swift/submodules/telegram-ios/submodules/OpusBinding/Sources/opusenc/diag_range.c -o /Users/buddhirajgautam/Library/Developer/Xcode/DerivedData/Telegram-Mac-fygdgghdgmuleoelvxabfmqiotta/Build/Intermediates.noindex/OpusBinding.build/Debug/OpusBinding-t.build/Objects-normal/arm64/diag_range.o -index-unit-output-path /OpusBinding.build/Debug/OpusBinding-t.build/Objects-normal/arm64/diag_range.o

PrecompileModule /Users/buddhirajgautam/Library/Developer/Xcode/DerivedData/Telegram-Mac-fygdgghdgmuleoelvxabfmqiotta/Build/Intermediates.noindex/ExplicitPrecompiledModules/_Builtin_limits-AEM6UPO7UE9E47MERFEL7RO34.scan
    cd /
    builtin-precompileModule /Users/buddhirajgautam/Library/Developer/Xcode/DerivedData/Telegram-Mac-fygdgghdgmuleoelvxabfmqiotta/Build/Intermediates.noindex/ExplicitPrecompiledModules/_Builtin_limits-AEM6UPO7UE9E47MERFEL7RO34.scan

CompileC /Users/buddhirajgautam/Library/Developer/Xcode/DerivedData/Telegram-Mac-fygdgghdgmuleoelvxabfmqiotta/Build/Intermediates.noindex/OpusBinding.build/Debug/OpusBinding-t.build/Objects-normal/arm64/wav_io.o /Users/buddhirajgautam/Documents/Cherrygram-Mac/macOS-Swift/submodules/telegram-ios/submodules/OpusBinding/Sources/opusenc/wav_io.c normal arm64 c com.apple.compilers.llvm.clang.1_0.compiler (in target 'OpusBinding' from project 'OpusBinding')
    cd /Users/buddhirajgautam/Documents/Cherrygram-Mac/macOS-Swift
    
    Using response file: /Users/buddhirajgautam/Library/Developer/Xcode/DerivedData/Telegram-Mac-fygdgghdgmuleoelvxabfmqiotta/Build/Intermediates.noindex/OpusBinding.build/Debug/OpusBinding-t.build/Objects-normal/arm64/7187679823f38a2a940e0043cdf9d637-common-args.resp
    
    /Applications/Xcode.app/Contents/Developer/Toolchains/XcodeDefault.xctoolchain/usr/bin/clang -x c -ivfsstatcache /Users/buddhirajgautam/Library/Developer/Xcode/DerivedData/SDKStatCaches.noindex/macosx27.0-26A425-e829b21a6f8c9b70876ba0858053c0447231f6df4def33e022ae2eb8f782df1a.sdkstatcache -target arm64-apple-macos12.0 -fmessage-length\=0 -fdiagnostics-show-note-include-stack -fmacro-backtrace-limit\=0 -fno-color-diagnostics -fmodules-prune-interval\=86400 -fmodules-prune-after\=345600 -fbuild-session-file\=/Users/buddhirajgautam/Library/Developer/Xcode/DerivedData/ModuleCache.noindex/Session.modulevalidation -fmodules-validate-once-per-build-session -Wnon-modular-include-in-framework-module -Werror\=non-modular-include-in-framework-module -Wno-trigraphs -Wno-missing-field-initializers -Wno-missing-prototypes -Wno-return-type -Wno-missing-braces -Wparentheses -Wswitch -Wno-unused-function -Wno-unused-label -Wno-unused-parameter -Wno-unused-variable -Wunused-value -Wno-empty-body -Wno-uninitialized -Wno-unknown-pragmas -Wno-shadow -Wno-four-char-constants -Wno-conversion -Wno-constant-conversion -Wno-int-conversion -Wno-bool-conversion -Wno-enum-conversion -Wno-float-conversion -Wno-non-literal-null-conversion -Wno-objc-literal-conversion -Wshorten-64-to-32 -Wpointer-sign -Wno-newline-eof -Wno-implicit-fallthrough -isysroot /Applications/Xcode.app/Contents/Developer/Platforms/MacOSX.platform/Developer/SDKs/MacOSX27.0.sdk -fstrict-aliasing -Wdeprecated-declarations -Wno-sign-conversion -Wno-infinite-recursion -Wno-comma -Wno-block-capture-autoreleasing -Wno-strict-prototypes -Wno-semicolon-before-method-body -index-store-path /Users/buddhirajgautam/Library/Developer/Xcode/DerivedData/Telegram-Mac-fygdgghdgmuleoelvxabfmqiotta/Index.noindex/DataStore @/Users/buddhirajgautam/Library/Developer/Xcode/DerivedData/Telegram-Mac-fygdgghdgmuleoelvxabfmqiotta/Build/Intermediates.noindex/OpusBinding.build/Debug/OpusBinding-t.build/Objects-normal/arm64/7187679823f38a2a940e0043cdf9d637-common-args.resp -MMD -MT dependencies -MF /Users/buddhirajgautam/Library/Developer/Xcode/DerivedData/Telegram-Mac-fygdgghdgmuleoelvxabfmqiotta/Build/Intermediates.noindex/OpusBinding.build/Debug/OpusBinding-t.build/Objects-normal/arm64/wav_io.d --serialize-diagnostics /Users/buddhirajgautam/Library/Developer/Xcode/DerivedData/Telegram-Mac-fygdgghdgmuleoelvxabfmqiotta/Build/Intermediates.noindex/OpusBinding.build/Debug/OpusBinding-t.build/Objects-normal/arm64/wav_io.dia -c /Users/buddhirajgautam/Documents/Cherrygram-Mac/macOS-Swift/submodules/telegram-ios/submodules/OpusBinding/Sources/opusenc/wav_io.c -o /Users/buddhirajgautam/Library/Developer/Xcode/DerivedData/Telegram-Mac-fygdgghdgmuleoelvxabfmqiotta/Build/Intermediates.noindex/OpusBinding.build/Debug/OpusBinding-t.build/Objects-normal/arm64/wav_io.o -index-unit-output-path /OpusBinding.build/Debug/OpusBinding-t.build/Objects-normal/arm64/wav_io.o

CompileC /Users/buddhirajgautam/Library/Developer/Xcode/DerivedData/Telegram-Mac-fygdgghdgmuleoelvxabfmqiotta/Build/Intermediates.noindex/OpusBinding.build/Debug/OpusBinding-t.build/Objects-normal/arm64/stream.o /Users/buddhirajgautam/Documents/Cherrygram-Mac/macOS-Swift/submodules/telegram-ios/submodules/OpusBinding/Sources/opusfile/stream.c normal arm64 c com.apple.compilers.llvm.clang.1_0.compiler (in target 'OpusBinding' from project 'OpusBinding')
    cd /Users/buddhirajgautam/Documents/Cherrygram-Mac/macOS-Swift
    
    Using response file: /Users/buddhirajgautam/Library/Developer/Xcode/DerivedData/Telegram-Mac-fygdgghdgmuleoelvxabfmqiotta/Build/Intermediates.noindex/OpusBinding.build/Debug/OpusBinding-t.build/Objects-normal/arm64/7187679823f38a2a940e0043cdf9d637-common-args.resp
    
    /Applications/Xcode.app/Contents/Developer/Toolchains/XcodeDefault.xctoolchain/usr/bin/clang -x c -ivfsstatcache /Users/buddhirajgautam/Library/Developer/Xcode/DerivedData/SDKStatCaches.noindex/macosx27.0-26A425-e829b21a6f8c9b70876ba0858053c0447231f6df4def33e022ae2eb8f782df1a.sdkstatcache -target arm64-apple-macos12.0 -fmessage-length\=0 -fdiagnostics-show-note-include-stack -fmacro-backtrace-limit\=0 -fno-color-diagnostics -fmodules-prune-interval\=86400 -fmodules-prune-after\=345600 -fbuild-session-file\=/Users/buddhirajgautam/Library/Developer/Xcode/DerivedData/ModuleCache.noindex/Session.modulevalidation -fmodules-validate-once-per-build-session -Wnon-modular-include-in-framework-module -Werror\=non-modular-include-in-framework-module -Wno-trigraphs -Wno-missing-field-initializers -Wno-missing-prototypes -Wno-return-type -Wno-missing-braces -Wparentheses -Wswitch -Wno-unused-function -Wno-unused-label -Wno-unused-parameter -Wno-unused-variable -Wunused-value -Wno-empty-body -Wno-uninitialized -Wno-unknown-pragmas -Wno-shadow -Wno-four-char-constants -Wno-conversion -Wno-constant-conversion -Wno-int-conversion -Wno-bool-conversion -Wno-enum-conversion -Wno-float-conversion -Wno-non-literal-null-conversion -Wno-objc-literal-conversion -Wshorten-64-to-32 -Wpointer-sign -Wno-newline-eof -Wno-implicit-fallthrough -isysroot /Applications/Xcode.app/Contents/Developer/Platforms/MacOSX.platform/Developer/SDKs/MacOSX27.0.sdk -fstrict-aliasing -Wdeprecated-declarations -Wno-sign-conversion -Wno-infinite-recursion -Wno-comma -Wno-block-capture-autoreleasing -Wno-strict-prototypes -Wno-semicolon-before-method-body -index-store-path /Users/buddhirajgautam/Library/Developer/Xcode/DerivedData/Telegram-Mac-fygdgghdgmuleoelvxabfmqiotta/Index.noindex/DataStore @/Users/buddhirajgautam/Library/Developer/Xcode/DerivedData/Telegram-Mac-fygdgghdgmuleoelvxabfmqiotta/Build/Intermediates.noindex/OpusBinding.build/Debug/OpusBinding-t.build/Objects-normal/arm64/7187679823f38a2a940e0043cdf9d637-common-args.resp -MMD -MT dependencies -MF /Users/buddhirajgautam/Library/Developer/Xcode/DerivedData/Telegram-Mac-fygdgghdgmuleoelvxabfmqiotta/Build/Intermediates.noindex/OpusBinding.build/Debug/OpusBinding-t.build/Objects-normal/arm64/stream.d --serialize-diagnostics /Users/buddhirajgautam/Library/Developer/Xcode/DerivedData/Telegram-Mac-fygdgghdgmuleoelvxabfmqiotta/Build/Intermediates.noindex/OpusBinding.build/Debug/OpusBinding-t.build/Objects-normal/arm64/stream.dia -c /Users/buddhirajgautam/Documents/Cherrygram-Mac/macOS-Swift/submodules/telegram-ios/submodules/OpusBinding/Sources/opusfile/stream.c -o /Users/buddhirajgautam/Library/Developer/Xcode/DerivedData/Telegram-Mac-fygdgghdgmuleoelvxabfmqiotta/Build/Intermediates.noindex/OpusBinding.build/Debug/OpusBinding-t.build/Objects-normal/arm64/stream.o -index-unit-output-path /OpusBinding.build/Debug/OpusBinding-t.build/Objects-normal/arm64/stream.o

CompileC /Users/buddhirajgautam/Library/Developer/Xcode/DerivedData/Telegram-Mac-fygdgghdgmuleoelvxabfmqiotta/Build/Intermediates.noindex/OpusBinding.build/Debug/OpusBinding-t.build/Objects-normal/arm64/picture.o /Users/buddhirajgautam/Documents/Cherrygram-Mac/macOS-Swift/submodules/telegram-ios/submodules/OpusBinding/Sources/opusenc/picture.c normal arm64 c com.apple.compilers.llvm.clang.1_0.compiler (in target 'OpusBinding' from project 'OpusBinding')
    cd /Users/buddhirajgautam/Documents/Cherrygram-Mac/macOS-Swift
    
    Using response file: /Users/buddhirajgautam/Library/Developer/Xcode/DerivedData/Telegram-Mac-fygdgghdgmuleoelvxabfmqiotta/Build/Intermediates.noindex/OpusBinding.build/Debug/OpusBinding-t.build/Objects-normal/arm64/7187679823f38a2a940e0043cdf9d637-common-args.resp
    
    /Applications/Xcode.app/Contents/Developer/Toolchains/XcodeDefault.xctoolchain/usr/bin/clang -x c -ivfsstatcache /Users/buddhirajgautam/Library/Developer/Xcode/DerivedData/SDKStatCaches.noindex/macosx27.0-26A425-e829b21a6f8c9b70876ba0858053c0447231f6df4def33e022ae2eb8f782df1a.sdkstatcache -target arm64-apple-macos12.0 -fmessage-length\=0 -fdiagnostics-show-note-include-stack -fmacro-backtrace-limit\=0 -fno-color-diagnostics -fmodules-prune-interval\=86400 -fmodules-prune-after\=345600 -fbuild-session-file\=/Users/buddhirajgautam/Library/Developer/Xcode/DerivedData/ModuleCache.noindex/Session.modulevalidation -fmodules-validate-once-per-build-session -Wnon-modular-include-in-framework-module -Werror\=non-modular-include-in-framework-module -Wno-trigraphs -Wno-missing-field-initializers -Wno-missing-prototypes -Wno-return-type -Wno-missing-braces -Wparentheses -Wswitch -Wno-unused-function -Wno-unused-label -Wno-unused-parameter -Wno-unused-variable -Wunused-value -Wno-empty-body -Wno-uninitialized -Wno-unknown-pragmas -Wno-shadow -Wno-four-char-constants -Wno-conversion -Wno-constant-conversion -Wno-int-conversion -Wno-bool-conversion -Wno-enum-conversion -Wno-float-conversion -Wno-non-literal-null-conversion -Wno-objc-literal-conversion -Wshorten-64-to-32 -Wpointer-sign -Wno-newline-eof -Wno-implicit-fallthrough -isysroot /Applications/Xcode.app/Contents/Developer/Platforms/MacOSX.platform/Developer/SDKs/MacOSX27.0.sdk -fstrict-aliasing -Wdeprecated-declarations -Wno-sign-conversion -Wno-infinite-recursion -Wno-comma -Wno-block-capture-autoreleasing -Wno-strict-prototypes -Wno-semicolon-before-method-body -index-store-path /Users/buddhirajgautam/Library/Developer/Xcode/DerivedData/Telegram-Mac-fygdgghdgmuleoelvxabfmqiotta/Index.noindex/DataStore @/Users/buddhirajgautam/Library/Developer/Xcode/DerivedData/Telegram-Mac-fygdgghdgmuleoelvxabfmqiotta/Build/Intermediates.noindex/OpusBinding.build/Debug/OpusBinding-t.build/Objects-normal/arm64/7187679823f38a2a940e0043cdf9d637-common-args.resp -MMD -MT dependencies -MF /Users/buddhirajgautam/Library/Developer/Xcode/DerivedData/Telegram-Mac-fygdgghdgmuleoelvxabfmqiotta/Build/Intermediates.noindex/OpusBinding.build/Debug/OpusBinding-t.build/Objects-normal/arm64/picture.d --serialize-diagnostics /Users/buddhirajgautam/Library/Developer/Xcode/DerivedData/Telegram-Mac-fygdgghdgmuleoelvxabfmqiotta/Build/Intermediates.noindex/OpusBinding.build/Debug/OpusBinding-t.build/Objects-normal/arm64/picture.dia -c /Users/buddhirajgautam/Documents/Cherrygram-Mac/macOS-Swift/submodules/telegram-ios/submodules/OpusBinding/Sources/opusenc/picture.c -o /Users/buddhirajgautam/Library/Developer/Xcode/DerivedData/Telegram-Mac-fygdgghdgmuleoelvxabfmqiotta/Build/Intermediates.noindex/OpusBinding.build/Debug/OpusBinding-t.build/Objects-normal/arm64/picture.o -index-unit-output-path /OpusBinding.build/Debug/OpusBinding-t.build/Objects-normal/arm64/picture.o
/Users/buddhirajgautam/Documents/Cherrygram-Mac/macOS-Swift/submodules/telegram-ios/submodules/OpusBinding/Sources/opusenc/picture.c:426:58: warning: implicit conversion loses integer precision: 'long' to 'int' [-Wshorten-64-to-32]
  426 |      &&oi_strncasecmp("image/png",mime_type,mime_type_end-mime_type)==0){
      |        ~~~~~~~~~~~~~~                       ~~~~~~~~~~~~~^~~~~~~~~~
/Users/buddhirajgautam/Documents/Cherrygram-Mac/macOS-Swift/submodules/telegram-ios/submodules/OpusBinding/Sources/opusenc/picture.c:431:58: warning: implicit conversion loses integer precision: 'long' to 'int' [-Wshorten-64-to-32]
  431 |      &&oi_strncasecmp("image/gif",mime_type,mime_type_end-mime_type)==0){
      |        ~~~~~~~~~~~~~~                       ~~~~~~~~~~~~~^~~~~~~~~~
/Users/buddhirajgautam/Documents/Cherrygram-Mac/macOS-Swift/submodules/telegram-ios/submodules/OpusBinding/Sources/opusenc/picture.c:436:59: warning: implicit conversion loses integer precision: 'long' to 'int' [-Wshorten-64-to-32]
  436 |      &&oi_strncasecmp("image/jpeg",mime_type,mime_type_end-mime_type)==0){
      |        ~~~~~~~~~~~~~~                        ~~~~~~~~~~~~~^~~~~~~~~~
/Users/buddhirajgautam/Documents/Cherrygram-Mac/macOS-Swift/submodules/telegram-ios/submodules/OpusBinding/Sources/opusenc/picture.c:462:56: warning: implicit conversion loses integer precision: 'long' to 'int' [-Wshorten-64-to-32]
  462 |    ||oi_strncasecmp("image/png",mime_type,mime_type_end-mime_type)!=0)){
      |      ~~~~~~~~~~~~~~                       ~~~~~~~~~~~~~^~~~~~~~~~
/Users/buddhirajgautam/Documents/Cherrygram-Mac/macOS-Swift/submodules/telegram-ios/submodules/OpusBinding/Sources/opusenc/picture.c:494:47: warning: implicit conversion loses integer precision: 'size_t' (aka 'unsigned long') to 'int' [-Wshorten-64-to-32]
  494 |     base64_encode(out,(char *)buf+data_offset,data_length);
      |     ~~~~~~~~~~~~~                             ^~~~~~~~~~~
5 warnings generated.

CompileC /Users/buddhirajgautam/Library/Developer/Xcode/DerivedData/Telegram-Mac-fygdgghdgmuleoelvxabfmqiotta/Build/Intermediates.noindex/OpusBinding.build/Debug/OpusBinding-t.build/Objects-normal/arm64/opus_header.o /Users/buddhirajgautam/Documents/Cherrygram-Mac/macOS-Swift/submodules/telegram-ios/submodules/OpusBinding/Sources/opusenc/opus_header.c normal arm64 c com.apple.compilers.llvm.clang.1_0.compiler (in target 'OpusBinding' from project 'OpusBinding')
    cd /Users/buddhirajgautam/Documents/Cherrygram-Mac/macOS-Swift
    
    Using response file: /Users/buddhirajgautam/Library/Developer/Xcode/DerivedData/Telegram-Mac-fygdgghdgmuleoelvxabfmqiotta/Build/Intermediates.noindex/OpusBinding.build/Debug/OpusBinding-t.build/Objects-normal/arm64/7187679823f38a2a940e0043cdf9d637-common-args.resp
    
    /Applications/Xcode.app/Contents/Developer/Toolchains/XcodeDefault.xctoolchain/usr/bin/clang -x c -ivfsstatcache /Users/buddhirajgautam/Library/Developer/Xcode/DerivedData/SDKStatCaches.noindex/macosx27.0-26A425-e829b21a6f8c9b70876ba0858053c0447231f6df4def33e022ae2eb8f782df1a.sdkstatcache -target arm64-apple-macos12.0 -fmessage-length\=0 -fdiagnostics-show-note-include-stack -fmacro-backtrace-limit\=0 -fno-color-diagnostics -fmodules-prune-interval\=86400 -fmodules-prune-after\=345600 -fbuild-session-file\=/Users/buddhirajgautam/Library/Developer/Xcode/DerivedData/ModuleCache.noindex/Session.modulevalidation -fmodules-validate-once-per-build-session -Wnon-modular-include-in-framework-module -Werror\=non-modular-include-in-framework-module -Wno-trigraphs -Wno-missing-field-initializers -Wno-missing-prototypes -Wno-return-type -Wno-missing-braces -Wparentheses -Wswitch -Wno-unused-function -Wno-unused-label -Wno-unused-parameter -Wno-unused-variable -Wunused-value -Wno-empty-body -Wno-uninitialized -Wno-unknown-pragmas -Wno-shadow -Wno-four-char-constants -Wno-conversion -Wno-constant-conversion -Wno-int-conversion -Wno-bool-conversion -Wno-enum-conversion -Wno-float-conversion -Wno-non-literal-null-conversion -Wno-objc-literal-conversion -Wshorten-64-to-32 -Wpointer-sign -Wno-newline-eof -Wno-implicit-fallthrough -isysroot /Applications/Xcode.app/Contents/Developer/Platforms/MacOSX.platform/Developer/SDKs/MacOSX27.0.sdk -fstrict-aliasing -Wdeprecated-declarations -Wno-sign-conversion -Wno-infinite-recursion -Wno-comma -Wno-block-capture-autoreleasing -Wno-strict-prototypes -Wno-semicolon-before-method-body -index-store-path /Users/buddhirajgautam/Library/Developer/Xcode/DerivedData/Telegram-Mac-fygdgghdgmuleoelvxabfmqiotta/Index.noindex/DataStore @/Users/buddhirajgautam/Library/Developer/Xcode/DerivedData/Telegram-Mac-fygdgghdgmuleoelvxabfmqiotta/Build/Intermediates.noindex/OpusBinding.build/Debug/OpusBinding-t.build/Objects-normal/arm64/7187679823f38a2a940e0043cdf9d637-common-args.resp -MMD -MT dependencies -MF /Users/buddhirajgautam/Library/Developer/Xcode/DerivedData/Telegram-Mac-fygdgghdgmuleoelvxabfmqiotta/Build/Intermediates.noindex/OpusBinding.build/Debug/OpusBinding-t.build/Objects-normal/arm64/opus_header.d --serialize-diagnostics /Users/buddhirajgautam/Library/Developer/Xcode/DerivedData/Telegram-Mac-fygdgghdgmuleoelvxabfmqiotta/Build/Intermediates.noindex/OpusBinding.build/Debug/OpusBinding-t.build/Objects-normal/arm64/opus_header.dia -c /Users/buddhirajgautam/Documents/Cherrygram-Mac/macOS-Swift/submodules/telegram-ios/submodules/OpusBinding/Sources/opusenc/opus_header.c -o /Users/buddhirajgautam/Library/Developer/Xcode/DerivedData/Telegram-Mac-fygdgghdgmuleoelvxabfmqiotta/Build/Intermediates.noindex/OpusBinding.build/Debug/OpusBinding-t.build/Objects-normal/arm64/opus_header.o -index-unit-output-path /OpusBinding.build/Debug/OpusBinding-t.build/Objects-normal/arm64/opus_header.o

CompileC /Users/buddhirajgautam/Library/Developer/Xcode/DerivedData/Telegram-Mac-fygdgghdgmuleoelvxabfmqiotta/Build/Intermediates.noindex/OpusBinding.build/Debug/OpusBinding-t.build/Objects-normal/arm64/opusfile.o /Users/buddhirajgautam/Documents/Cherrygram-Mac/macOS-Swift/submodules/telegram-ios/submodules/OpusBinding/Sources/opusfile/opusfile.c normal arm64 c com.apple.compilers.llvm.clang.1_0.compiler (in target 'OpusBinding' from project 'OpusBinding')
    cd /Users/buddhirajgautam/Documents/Cherrygram-Mac/macOS-Swift
    
    Using response file: /Users/buddhirajgautam/Library/Developer/Xcode/DerivedData/Telegram-Mac-fygdgghdgmuleoelvxabfmqiotta/Build/Intermediates.noindex/OpusBinding.build/Debug/OpusBinding-t.build/Objects-normal/arm64/7187679823f38a2a940e0043cdf9d637-common-args.resp
    
    /Applications/Xcode.app/Contents/Developer/Toolchains/XcodeDefault.xctoolchain/usr/bin/clang -x c -ivfsstatcache /Users/buddhirajgautam/Library/Developer/Xcode/DerivedData/SDKStatCaches.noindex/macosx27.0-26A425-e829b21a6f8c9b70876ba0858053c0447231f6df4def33e022ae2eb8f782df1a.sdkstatcache -target arm64-apple-macos12.0 -fmessage-length\=0 -fdiagnostics-show-note-include-stack -fmacro-backtrace-limit\=0 -fno-color-diagnostics -fmodules-prune-interval\=86400 -fmodules-prune-after\=345600 -fbuild-session-file\=/Users/buddhirajgautam/Library/Developer/Xcode/DerivedData/ModuleCache.noindex/Session.modulevalidation -fmodules-validate-once-per-build-session -Wnon-modular-include-in-framework-module -Werror\=non-modular-include-in-framework-module -Wno-trigraphs -Wno-missing-field-initializers -Wno-missing-prototypes -Wno-return-type -Wno-missing-braces -Wparentheses -Wswitch -Wno-unused-function -Wno-unused-label -Wno-unused-parameter -Wno-unused-variable -Wunused-value -Wno-empty-body -Wno-uninitialized -Wno-unknown-pragmas -Wno-shadow -Wno-four-char-constants -Wno-conversion -Wno-constant-conversion -Wno-int-conversion -Wno-bool-conversion -Wno-enum-conversion -Wno-float-conversion -Wno-non-literal-null-conversion -Wno-objc-literal-conversion -Wshorten-64-to-32 -Wpointer-sign -Wno-newline-eof -Wno-implicit-fallthrough -isysroot /Applications/Xcode.app/Contents/Developer/Platforms/MacOSX.platform/Developer/SDKs/MacOSX27.0.sdk -fstrict-aliasing -Wdeprecated-declarations -Wno-sign-conversion -Wno-infinite-recursion -Wno-comma -Wno-block-capture-autoreleasing -Wno-strict-prototypes -Wno-semicolon-before-method-body -index-store-path /Users/buddhirajgautam/Library/Developer/Xcode/DerivedData/Telegram-Mac-fygdgghdgmuleoelvxabfmqiotta/Index.noindex/DataStore @/Users/buddhirajgautam/Library/Developer/Xcode/DerivedData/Telegram-Mac-fygdgghdgmuleoelvxabfmqiotta/Build/Intermediates.noindex/OpusBinding.build/Debug/OpusBinding-t.build/Objects-normal/arm64/7187679823f38a2a940e0043cdf9d637-common-args.resp -MMD -MT dependencies -MF /Users/buddhirajgautam/Library/Developer/Xcode/DerivedData/Telegram-Mac-fygdgghdgmuleoelvxabfmqiotta/Build/Intermediates.noindex/OpusBinding.build/Debug/OpusBinding-t.build/Objects-normal/arm64/opusfile.d --serialize-diagnostics /Users/buddhirajgautam/Library/Developer/Xcode/DerivedData/Telegram-Mac-fygdgghdgmuleoelvxabfmqiotta/Build/Intermediates.noindex/OpusBinding.build/Debug/OpusBinding-t.build/Objects-normal/arm64/opusfile.dia -c /Users/buddhirajgautam/Documents/Cherrygram-Mac/macOS-Swift/submodules/telegram-ios/submodules/OpusBinding/Sources/opusfile/opusfile.c -o /Users/buddhirajgautam/Library/Developer/Xcode/DerivedData/Telegram-Mac-fygdgghdgmuleoelvxabfmqiotta/Build/Intermediates.noindex/OpusBinding.build/Debug/OpusBinding-t.build/Objects-normal/arm64/opusfile.o -index-unit-output-path /OpusBinding.build/Debug/OpusBinding-t.build/Objects-normal/arm64/opusfile.o
/Users/buddhirajgautam/Documents/Cherrygram-Mac/macOS-Swift/submodules/telegram-ios/submodules/OpusBinding/Sources/opusfile/opusfile.c:191:10: warning: implicit conversion loses integer precision: 'long' to 'int' [-Wshorten-64-to-32]
  191 |     more=ogg_sync_pageseek(&_of->oy,_og);
      |         ~^~~~~~~~~~~~~~~~~~~~~~~~~~~~~~~
/Users/buddhirajgautam/Documents/Cherrygram-Mac/macOS-Swift/submodules/telegram-ios/submodules/OpusBinding/Sources/opusfile/opusfile.c:686:17: warning: implicit conversion loses integer precision: 'long' to 'int' [-Wshorten-64-to-32]
  686 |   gp_a_negative=OP_UNLIKELY(_gp_a<0);
      |                ~^~~~~~~~~~~~~~~~~~~~
In file included from /Users/buddhirajgautam/Documents/Cherrygram-Mac/macOS-Swift/submodules/telegram-ios/submodules/OpusBinding/Sources/opusfile/opusfile.c:21:
/Users/buddhirajgautam/Documents/Cherrygram-Mac/macOS-Swift/submodules/telegram-ios/submodules/OpusBinding/Sources/opusfile/internal.h:68:28: note: expanded from macro 'OP_UNLIKELY'
   68 | #  define OP_UNLIKELY(_x) (__builtin_expect(!!(_x),0))
      |                            ^~~~~~~~~~~~~~~~~~~~~~~~~~
/Users/buddhirajgautam/Documents/Cherrygram-Mac/macOS-Swift/submodules/telegram-ios/submodules/OpusBinding/Sources/opusfile/opusfile.c:687:17: warning: implicit conversion loses integer precision: 'long' to 'int' [-Wshorten-64-to-32]
  687 |   gp_b_negative=OP_UNLIKELY(_gp_b<0);
      |                ~^~~~~~~~~~~~~~~~~~~~
In file included from /Users/buddhirajgautam/Documents/Cherrygram-Mac/macOS-Swift/submodules/telegram-ios/submodules/OpusBinding/Sources/opusfile/opusfile.c:21:
/Users/buddhirajgautam/Documents/Cherrygram-Mac/macOS-Swift/submodules/telegram-ios/submodules/OpusBinding/Sources/opusfile/internal.h:68:28: note: expanded from macro 'OP_UNLIKELY'
   68 | #  define OP_UNLIKELY(_x) (__builtin_expect(!!(_x),0))
      |                            ^~~~~~~~~~~~~~~~~~~~~~~~~~
/Users/buddhirajgautam/Documents/Cherrygram-Mac/macOS-Swift/submodules/telegram-ios/submodules/OpusBinding/Sources/opusfile/opusfile.c:796:24: warning: implicit conversion loses integer precision: 'long' to 'int' [-Wshorten-64-to-32]
  795 |     _durations[op_count]=op_get_packet_duration(_of->op[op_count].packet,
      |                          ~~~~~~~~~~~~~~~~~~~~~~
  796 |      _of->op[op_count].bytes);
      |      ~~~~~~~~~~~~~~~~~~^~~~~
/Users/buddhirajgautam/Documents/Cherrygram-Mac/macOS-Swift/submodules/telegram-ios/submodules/OpusBinding/Sources/opusfile/opusfile.c:843:20: warning: implicit conversion loses integer precision: 'long' to 'ogg_uint32_t' (aka 'unsigned int') [-Wshorten-64-to-32]
  843 |   serialno=_of->os.serialno;
      |           ~~~~~~~~~^~~~~~~~
/Users/buddhirajgautam/Documents/Cherrygram-Mac/macOS-Swift/submodules/telegram-ios/submodules/OpusBinding/Sources/opusfile/opusfile.c:904:36: warning: implicit conversion loses integer precision: 'long' to 'int' [-Wshorten-64-to-32]
  904 |   cur_page_eos=_of->op[op_count-1].e_o_s;
      |               ~~~~~~~~~~~~~~~~~~~~~^~~~~
/Users/buddhirajgautam/Documents/Cherrygram-Mac/macOS-Swift/submodules/telegram-ios/submodules/OpusBinding/Sources/opusfile/opusfile.c:1269:36: warning: implicit conversion loses integer precision: 'long' to 'ogg_uint32_t' (aka 'unsigned int') [-Wshorten-64-to-32]
 1269 |     links[nlinks].serialno=_of->os.serialno;
      |                           ~~~~~~~~~^~~~~~~~
/Users/buddhirajgautam/Documents/Cherrygram-Mac/macOS-Swift/submodules/telegram-ios/submodules/OpusBinding/Sources/opusfile/opusfile.c:1546:36: warning: implicit conversion loses integer precision: 'long' to 'ogg_uint32_t' (aka 'unsigned int') [-Wshorten-64-to-32]
 1546 |     _of->links[0].serialno=_of->os.serialno;
      |                           ~~~~~~~~~^~~~~~~~
/Users/buddhirajgautam/Documents/Cherrygram-Mac/macOS-Swift/submodules/telegram-ios/submodules/OpusBinding/Sources/opusfile/opusfile.c:1917:55: warning: implicit conversion loses integer precision: 'long' to 'ogg_uint32_t' (aka 'unsigned int') [-Wshorten-64-to-32]
 1917 |           _of->links[0].serialno=cur_serialno=_of->os.serialno;
      |                                              ~~~~~~~~~^~~~~~~~
/Users/buddhirajgautam/Documents/Cherrygram-Mac/macOS-Swift/submodules/telegram-ios/submodules/OpusBinding/Sources/opusfile/opusfile.c:1963:42: warning: implicit conversion loses integer precision: 'long' to 'int' [-Wshorten-64-to-32]
 1963 |         cur_page_eos=_of->op[op_count-1].e_o_s;
      |                     ~~~~~~~~~~~~~~~~~~~~~^~~~~
/Users/buddhirajgautam/Documents/Cherrygram-Mac/macOS-Swift/submodules/telegram-ios/submodules/OpusBinding/Sources/opusfile/opusfile.c:2250:66: warning: implicit conversion loses integer precision: 'long' to 'int' [-Wshorten-64-to-32]
 2250 |              op_get_packet_duration(_of->op[0].packet,_of->op[0].bytes)));
      |              ~~~~~~~~~~~~~~~~~~~~~~                   ~~~~~~~~~~~^~~~~
In file included from /Users/buddhirajgautam/Documents/Cherrygram-Mac/macOS-Swift/submodules/telegram-ios/submodules/OpusBinding/Sources/opusfile/opusfile.c:21:
/Users/buddhirajgautam/Documents/Cherrygram-Mac/macOS-Swift/submodules/telegram-ios/submodules/OpusBinding/Sources/opusfile/internal.h:92:41: note: expanded from macro 'OP_ALWAYS_TRUE'
   92 | #  define OP_ALWAYS_TRUE(_cond) ((void)(_cond))
      |                                         ^~~~~
/Users/buddhirajgautam/Documents/Cherrygram-Mac/macOS-Swift/submodules/telegram-ios/submodules/OpusBinding/Sources/opusfile/opusfile.c:2627:23: warning: implicit conversion loses integer precision: 'const long' to 'opus_int32' (aka 'int') [-Wshorten-64-to-32]
 2626 |     ret=opus_multistream_decode_float(_of->od,
      |         ~~~~~~~~~~~~~~~~~~~~~~~~~~~~~
 2627 |      _op->packet,_op->bytes,_pcm,_nsamples,0);
      |                  ~~~~~^~~~~
/Users/buddhirajgautam/Documents/Cherrygram-Mac/macOS-Swift/submodules/telegram-ios/submodules/OpusBinding/Sources/opusfile/opusfile.c:2674:58: warning: implicit conversion loses integer precision: 'const long' to 'int' [-Wshorten-64-to-32]
 2674 |         duration=op_get_packet_duration(pop->packet,pop->bytes);
      |                  ~~~~~~~~~~~~~~~~~~~~~~             ~~~~~^~~~~
13 warnings generated.

CompileC /Users/buddhirajgautam/Library/Developer/Xcode/DerivedData/Telegram-Mac-fygdgghdgmuleoelvxabfmqiotta/Build/Intermediates.noindex/OpusBinding.build/Debug/OpusBinding-t.build/Objects-normal/arm64/internal.o /Users/buddhirajgautam/Documents/Cherrygram-Mac/macOS-Swift/submodules/telegram-ios/submodules/OpusBinding/Sources/opusfile/internal.c normal arm64 c com.apple.compilers.llvm.clang.1_0.compiler (in target 'OpusBinding' from project 'OpusBinding')
    cd /Users/buddhirajgautam/Documents/Cherrygram-Mac/macOS-Swift
    
    Using response file: /Users/buddhirajgautam/Library/Developer/Xcode/DerivedData/Telegram-Mac-fygdgghdgmuleoelvxabfmqiotta/Build/Intermediates.noindex/OpusBinding.build/Debug/OpusBinding-t.build/Objects-normal/arm64/7187679823f38a2a940e0043cdf9d637-common-args.resp
    
    /Applications/Xcode.app/Contents/Developer/Toolchains/XcodeDefault.xctoolchain/usr/bin/clang -x c -ivfsstatcache /Users/buddhirajgautam/Library/Developer/Xcode/DerivedData/SDKStatCaches.noindex/macosx27.0-26A425-e829b21a6f8c9b70876ba0858053c0447231f6df4def33e022ae2eb8f782df1a.sdkstatcache -target arm64-apple-macos12.0 -fmessage-length\=0 -fdiagnostics-show-note-include-stack -fmacro-backtrace-limit\=0 -fno-color-diagnostics -fmodules-prune-interval\=86400 -fmodules-prune-after\=345600 -fbuild-session-file\=/Users/buddhirajgautam/Library/Developer/Xcode/DerivedData/ModuleCache.noindex/Session.modulevalidation -fmodules-validate-once-per-build-session -Wnon-modular-include-in-framework-module -Werror\=non-modular-include-in-framework-module -Wno-trigraphs -Wno-missing-field-initializers -Wno-missing-prototypes -Wno-return-type -Wno-missing-braces -Wparentheses -Wswitch -Wno-unused-function -Wno-unused-label -Wno-unused-parameter -Wno-unused-variable -Wunused-value -Wno-empty-body -Wno-uninitialized -Wno-unknown-pragmas -Wno-shadow -Wno-four-char-constants -Wno-conversion -Wno-constant-conversion -Wno-int-conversion -Wno-bool-conversion -Wno-enum-conversion -Wno-float-conversion -Wno-non-literal-null-conversion -Wno-objc-literal-conversion -Wshorten-64-to-32 -Wpointer-sign -Wno-newline-eof -Wno-implicit-fallthrough -isysroot /Applications/Xcode.app/Contents/Developer/Platforms/MacOSX.platform/Developer/SDKs/MacOSX27.0.sdk -fstrict-aliasing -Wdeprecated-declarations -Wno-sign-conversion -Wno-infinite-recursion -Wno-comma -Wno-block-capture-autoreleasing -Wno-strict-prototypes -Wno-semicolon-before-method-body -index-store-path /Users/buddhirajgautam/Library/Developer/Xcode/DerivedData/Telegram-Mac-fygdgghdgmuleoelvxabfmqiotta/Index.noindex/DataStore @/Users/buddhirajgautam/Library/Developer/Xcode/DerivedData/Telegram-Mac-fygdgghdgmuleoelvxabfmqiotta/Build/Intermediates.noindex/OpusBinding.build/Debug/OpusBinding-t.build/Objects-normal/arm64/7187679823f38a2a940e0043cdf9d637-common-args.resp -MMD -MT dependencies -MF /Users/buddhirajgautam/Library/Developer/Xcode/DerivedData/Telegram-Mac-fygdgghdgmuleoelvxabfmqiotta/Build/Intermediates.noindex/OpusBinding.build/Debug/OpusBinding-t.build/Objects-normal/arm64/internal.d --serialize-diagnostics /Users/buddhirajgautam/Library/Developer/Xcode/DerivedData/Telegram-Mac-fygdgghdgmuleoelvxabfmqiotta/Build/Intermediates.noindex/OpusBinding.build/Debug/OpusBinding-t.build/Objects-normal/arm64/internal.dia -c /Users/buddhirajgautam/Documents/Cherrygram-Mac/macOS-Swift/submodules/telegram-ios/submodules/OpusBinding/Sources/opusfile/internal.c -o /Users/buddhirajgautam/Library/Developer/Xcode/DerivedData/Telegram-Mac-fygdgghdgmuleoelvxabfmqiotta/Build/Intermediates.noindex/OpusBinding.build/Debug/OpusBinding-t.build/Objects-normal/arm64/internal.o -index-unit-output-path /OpusBinding.build/Debug/OpusBinding-t.build/Objects-normal/arm64/internal.o

CompileC /Users/buddhirajgautam/Library/Developer/Xcode/DerivedData/Telegram-Mac-fygdgghdgmuleoelvxabfmqiotta/Build/Intermediates.noindex/OpusBinding.build/Debug/OpusBinding-t.build/Objects-normal/arm64/info.o /Users/buddhirajgautam/Documents/Cherrygram-Mac/macOS-Swift/submodules/telegram-ios/submodules/OpusBinding/Sources/opusfile/info.c normal arm64 c com.apple.compilers.llvm.clang.1_0.compiler (in target 'OpusBinding' from project 'OpusBinding')
    cd /Users/buddhirajgautam/Documents/Cherrygram-Mac/macOS-Swift
    
    Using response file: /Users/buddhirajgautam/Library/Developer/Xcode/DerivedData/Telegram-Mac-fygdgghdgmuleoelvxabfmqiotta/Build/Intermediates.noindex/OpusBinding.build/Debug/OpusBinding-t.build/Objects-normal/arm64/7187679823f38a2a940e0043cdf9d637-common-args.resp
    
    /Applications/Xcode.app/Contents/Developer/Toolchains/XcodeDefault.xctoolchain/usr/bin/clang -x c -ivfsstatcache /Users/buddhirajgautam/Library/Developer/Xcode/DerivedData/SDKStatCaches.noindex/macosx27.0-26A425-e829b21a6f8c9b70876ba0858053c0447231f6df4def33e022ae2eb8f782df1a.sdkstatcache -target arm64-apple-macos12.0 -fmessage-length\=0 -fdiagnostics-show-note-include-stack -fmacro-backtrace-limit\=0 -fno-color-diagnostics -fmodules-prune-interval\=86400 -fmodules-prune-after\=345600 -fbuild-session-file\=/Users/buddhirajgautam/Library/Developer/Xcode/DerivedData/ModuleCache.noindex/Session.modulevalidation -fmodules-validate-once-per-build-session -Wnon-modular-include-in-framework-module -Werror\=non-modular-include-in-framework-module -Wno-trigraphs -Wno-missing-field-initializers -Wno-missing-prototypes -Wno-return-type -Wno-missing-braces -Wparentheses -Wswitch -Wno-unused-function -Wno-unused-label -Wno-unused-parameter -Wno-unused-variable -Wunused-value -Wno-empty-body -Wno-uninitialized -Wno-unknown-pragmas -Wno-shadow -Wno-four-char-constants -Wno-conversion -Wno-constant-conversion -Wno-int-conversion -Wno-bool-conversion -Wno-enum-conversion -Wno-float-conversion -Wno-non-literal-null-conversion -Wno-objc-literal-conversion -Wshorten-64-to-32 -Wpointer-sign -Wno-newline-eof -Wno-implicit-fallthrough -isysroot /Applications/Xcode.app/Contents/Developer/Platforms/MacOSX.platform/Developer/SDKs/MacOSX27.0.sdk -fstrict-aliasing -Wdeprecated-declarations -Wno-sign-conversion -Wno-infinite-recursion -Wno-comma -Wno-block-capture-autoreleasing -Wno-strict-prototypes -Wno-semicolon-before-method-body -index-store-path /Users/buddhirajgautam/Library/Developer/Xcode/DerivedData/Telegram-Mac-fygdgghdgmuleoelvxabfmqiotta/Index.noindex/DataStore @/Users/buddhirajgautam/Library/Developer/Xcode/DerivedData/Telegram-Mac-fygdgghdgmuleoelvxabfmqiotta/Build/Intermediates.noindex/OpusBinding.build/Debug/OpusBinding-t.build/Objects-normal/arm64/7187679823f38a2a940e0043cdf9d637-common-args.resp -MMD -MT dependencies -MF /Users/buddhirajgautam/Library/Developer/Xcode/DerivedData/Telegram-Mac-fygdgghdgmuleoelvxabfmqiotta/Build/Intermediates.noindex/OpusBinding.build/Debug/OpusBinding-t.build/Objects-normal/arm64/info.d --serialize-diagnostics /Users/buddhirajgautam/Library/Developer/Xcode/DerivedData/Telegram-Mac-fygdgghdgmuleoelvxabfmqiotta/Build/Intermediates.noindex/OpusBinding.build/Debug/OpusBinding-t.build/Objects-normal/arm64/info.dia -c /Users/buddhirajgautam/Documents/Cherrygram-Mac/macOS-Swift/submodules/telegram-ios/submodules/OpusBinding/Sources/opusfile/info.c -o /Users/buddhirajgautam/Library/Developer/Xcode/DerivedData/Telegram-Mac-fygdgghdgmuleoelvxabfmqiotta/Build/Intermediates.noindex/OpusBinding.build/Debug/OpusBinding-t.build/Objects-normal/arm64/info.o -index-unit-output-path /OpusBinding.build/Debug/OpusBinding-t.build/Objects-normal/arm64/info.o
/Users/buddhirajgautam/Documents/Cherrygram-Mac/macOS-Swift/submodules/telegram-ios/submodules/OpusBinding/Sources/opusfile/info.c:255:11: warning: implicit conversion loses integer precision: 'unsigned long' to 'int' [-Wshorten-64-to-32]
  255 |   tag_len=strlen(_tag);
      |          ~^~~~~~~~~~~~
/Users/buddhirajgautam/Documents/Cherrygram-Mac/macOS-Swift/submodules/telegram-ios/submodules/OpusBinding/Sources/opusfile/info.c:256:13: warning: implicit conversion loses integer precision: 'unsigned long' to 'int' [-Wshorten-64-to-32]
  256 |   value_len=strlen(_value);
      |            ~^~~~~~~~~~~~~~
/Users/buddhirajgautam/Documents/Cherrygram-Mac/macOS-Swift/submodules/telegram-ios/submodules/OpusBinding/Sources/opusfile/info.c:285:37: warning: implicit conversion loses integer precision: 'unsigned long' to 'int' [-Wshorten-64-to-32]
  285 |   return opus_tagncompare(_tag_name,strlen(_tag_name),_comment);
      |          ~~~~~~~~~~~~~~~~           ^~~~~~~~~~~~~~~~~
/Users/buddhirajgautam/Documents/Cherrygram-Mac/macOS-Swift/submodules/telegram-ios/submodules/OpusBinding/Sources/opusfile/info.c:301:11: warning: implicit conversion loses integer precision: 'unsigned long' to 'int' [-Wshorten-64-to-32]
  301 |   tag_len=strlen(_tag);
      |          ~^~~~~~~~~~~~
/Users/buddhirajgautam/Documents/Cherrygram-Mac/macOS-Swift/submodules/telegram-ios/submodules/OpusBinding/Sources/opusfile/info.c:321:11: warning: implicit conversion loses integer precision: 'unsigned long' to 'int' [-Wshorten-64-to-32]
  321 |   tag_len=strlen(_tag);
      |          ~^~~~~~~~~~~~
5 warnings generated.

SwiftDriverJobDiscovery normal arm64 Compiling DiscontiguousSlice.swift (in target 'RangeSet' from project 'RangeSet')

CompileC /Users/buddhirajgautam/Library/Developer/Xcode/DerivedData/Telegram-Mac-fygdgghdgmuleoelvxabfmqiotta/Build/Intermediates.noindex/OpusBinding.build/Debug/OpusBinding-t.build/Objects-normal/arm64/framing.o /Users/buddhirajgautam/Documents/Cherrygram-Mac/macOS-Swift/submodules/telegram-ios/submodules/OpusBinding/Sources/ogg/framing.c normal arm64 c com.apple.compilers.llvm.clang.1_0.compiler (in target 'OpusBinding' from project 'OpusBinding')
    cd /Users/buddhirajgautam/Documents/Cherrygram-Mac/macOS-Swift
    
    Using response file: /Users/buddhirajgautam/Library/Developer/Xcode/DerivedData/Telegram-Mac-fygdgghdgmuleoelvxabfmqiotta/Build/Intermediates.noindex/OpusBinding.build/Debug/OpusBinding-t.build/Objects-normal/arm64/7187679823f38a2a940e0043cdf9d637-common-args.resp
    
    /Applications/Xcode.app/Contents/Developer/Toolchains/XcodeDefault.xctoolchain/usr/bin/clang -x c -ivfsstatcache /Users/buddhirajgautam/Library/Developer/Xcode/DerivedData/SDKStatCaches.noindex/macosx27.0-26A425-e829b21a6f8c9b70876ba0858053c0447231f6df4def33e022ae2eb8f782df1a.sdkstatcache -target arm64-apple-macos12.0 -fmessage-length\=0 -fdiagnostics-show-note-include-stack -fmacro-backtrace-limit\=0 -fno-color-diagnostics -fmodules-prune-interval\=86400 -fmodules-prune-after\=345600 -fbuild-session-file\=/Users/buddhirajgautam/Library/Developer/Xcode/DerivedData/ModuleCache.noindex/Session.modulevalidation -fmodules-validate-once-per-build-session -Wnon-modular-include-in-framework-module -Werror\=non-modular-include-in-framework-module -Wno-trigraphs -Wno-missing-field-initializers -Wno-missing-prototypes -Wno-return-type -Wno-missing-braces -Wparentheses -Wswitch -Wno-unused-function -Wno-unused-label -Wno-unused-parameter -Wno-unused-variable -Wunused-value -Wno-empty-body -Wno-uninitialized -Wno-unknown-pragmas -Wno-shadow -Wno-four-char-constants -Wno-conversion -Wno-constant-conversion -Wno-int-conversion -Wno-bool-conversion -Wno-enum-conversion -Wno-float-conversion -Wno-non-literal-null-conversion -Wno-objc-literal-conversion -Wshorten-64-to-32 -Wpointer-sign -Wno-newline-eof -Wno-implicit-fallthrough -isysroot /Applications/Xcode.app/Contents/Developer/Platforms/MacOSX.platform/Developer/SDKs/MacOSX27.0.sdk -fstrict-aliasing -Wdeprecated-declarations -Wno-sign-conversion -Wno-infinite-recursion -Wno-comma -Wno-block-capture-autoreleasing -Wno-strict-prototypes -Wno-semicolon-before-method-body -index-store-path /Users/buddhirajgautam/Library/Developer/Xcode/DerivedData/Telegram-Mac-fygdgghdgmuleoelvxabfmqiotta/Index.noindex/DataStore @/Users/buddhirajgautam/Library/Developer/Xcode/DerivedData/Telegram-Mac-fygdgghdgmuleoelvxabfmqiotta/Build/Intermediates.noindex/OpusBinding.build/Debug/OpusBinding-t.build/Objects-normal/arm64/7187679823f38a2a940e0043cdf9d637-common-args.resp -MMD -MT dependencies -MF /Users/buddhirajgautam/Library/Developer/Xcode/DerivedData/Telegram-Mac-fygdgghdgmuleoelvxabfmqiotta/Build/Intermediates.noindex/OpusBinding.build/Debug/OpusBinding-t.build/Objects-normal/arm64/framing.d --serialize-diagnostics /Users/buddhirajgautam/Library/Developer/Xcode/DerivedData/Telegram-Mac-fygdgghdgmuleoelvxabfmqiotta/Build/Intermediates.noindex/OpusBinding.build/Debug/OpusBinding-t.build/Objects-normal/arm64/framing.dia -c /Users/buddhirajgautam/Documents/Cherrygram-Mac/macOS-Swift/submodules/telegram-ios/submodules/OpusBinding/Sources/ogg/framing.c -o /Users/buddhirajgautam/Library/Developer/Xcode/DerivedData/Telegram-Mac-fygdgghdgmuleoelvxabfmqiotta/Build/Intermediates.noindex/OpusBinding.build/Debug/OpusBinding-t.build/Objects-normal/arm64/framing.o -index-unit-output-path /OpusBinding.build/Debug/OpusBinding-t.build/Objects-normal/arm64/framing.o
/Users/buddhirajgautam/Documents/Cherrygram-Mac/macOS-Swift/submodules/telegram-ios/submodules/OpusBinding/Sources/ogg/framing.c:393:44: warning: implicit conversion loses integer precision: 'long' to 'int' [-Wshorten-64-to-32]
  393 |   int maxvals=(os->lacing_fill>255?255:os->lacing_fill);
      |       ~~~~~~~                          ~~~~^~~~~~~~~~~
/Users/buddhirajgautam/Documents/Cherrygram-Mac/macOS-Swift/submodules/telegram-ios/submodules/OpusBinding/Sources/ogg/framing.c:653:17: warning: implicit conversion loses integer precision: 'long' to 'int' [-Wshorten-64-to-32]
  653 |     oy->storage=newsize;
      |                ~^~~~~~~
/Users/buddhirajgautam/Documents/Cherrygram-Mac/macOS-Swift/submodules/telegram-ios/submodules/OpusBinding/Sources/ogg/framing.c:863:15: warning: implicit conversion loses integer precision: 'long' to 'int' [-Wshorten-64-to-32]
  863 |     for(i=os->lacing_packet;i<os->lacing_fill;i++)
      |          ~~~~~^~~~~~~~~~~~~
/Users/buddhirajgautam/Documents/Cherrygram-Mac/macOS-Swift/submodules/telegram-ios/submodules/OpusBinding/Sources/ogg/framing.c:910:28: warning: implicit conversion loses integer precision: 'long' to 'int' [-Wshorten-64-to-32]
  910 |       if(val<255)saved=os->lacing_fill;
      |                       ~~~~~^~~~~~~~~~~
/Users/buddhirajgautam/Documents/Cherrygram-Mac/macOS-Swift/submodules/telegram-ios/submodules/OpusBinding/Sources/ogg/framing.c:982:15: warning: implicit conversion loses integer precision: 'long' to 'int' [-Wshorten-64-to-32]
  982 |   int ptr=os->lacing_returned;
      |       ~~~ ~~~~^~~~~~~~~~~~~~~
5 warnings generated.

CompileC /Users/buddhirajgautam/Library/Developer/Xcode/DerivedData/Telegram-Mac-fygdgghdgmuleoelvxabfmqiotta/Build/Intermediates.noindex/OpusBinding.build/Debug/OpusBinding-t.build/Objects-normal/arm64/diag_range.o /Users/buddhirajgautam/Documents/Cherrygram-Mac/macOS-Swift/submodules/telegram-ios/submodules/OpusBinding/Sources/opusenc/diag_range.c normal arm64 c com.apple.compilers.llvm.clang.1_0.compiler (in target 'OpusBinding' from project 'OpusBinding')
    cd /Users/buddhirajgautam/Documents/Cherrygram-Mac/macOS-Swift
    
    Using response file: /Users/buddhirajgautam/Library/Developer/Xcode/DerivedData/Telegram-Mac-fygdgghdgmuleoelvxabfmqiotta/Build/Intermediates.noindex/OpusBinding.build/Debug/OpusBinding-t.build/Objects-normal/arm64/7187679823f38a2a940e0043cdf9d637-common-args.resp
    
    /Applications/Xcode.app/Contents/Developer/Toolchains/XcodeDefault.xctoolchain/usr/bin/clang -x c -ivfsstatcache /Users/buddhirajgautam/Library/Developer/Xcode/DerivedData/SDKStatCaches.noindex/macosx27.0-26A425-e829b21a6f8c9b70876ba0858053c0447231f6df4def33e022ae2eb8f782df1a.sdkstatcache -target arm64-apple-macos12.0 -fmessage-length\=0 -fdiagnostics-show-note-include-stack -fmacro-backtrace-limit\=0 -fno-color-diagnostics -fmodules-prune-interval\=86400 -fmodules-prune-after\=345600 -fbuild-session-file\=/Users/buddhirajgautam/Library/Developer/Xcode/DerivedData/ModuleCache.noindex/Session.modulevalidation -fmodules-validate-once-per-build-session -Wnon-modular-include-in-framework-module -Werror\=non-modular-include-in-framework-module -Wno-trigraphs -Wno-missing-field-initializers -Wno-missing-prototypes -Wno-return-type -Wno-missing-braces -Wparentheses -Wswitch -Wno-unused-function -Wno-unused-label -Wno-unused-parameter -Wno-unused-variable -Wunused-value -Wno-empty-body -Wno-uninitialized -Wno-unknown-pragmas -Wno-shadow -Wno-four-char-constants -Wno-conversion -Wno-constant-conversion -Wno-int-conversion -Wno-bool-conversion -Wno-enum-conversion -Wno-float-conversion -Wno-non-literal-null-conversion -Wno-objc-literal-conversion -Wshorten-64-to-32 -Wpointer-sign -Wno-newline-eof -Wno-implicit-fallthrough -isysroot /Applications/Xcode.app/Contents/Developer/Platforms/MacOSX.platform/Developer/SDKs/MacOSX27.0.sdk -fstrict-aliasing -Wdeprecated-declarations -Wno-sign-conversion -Wno-infinite-recursion -Wno-comma -Wno-block-capture-autoreleasing -Wno-strict-prototypes -Wno-semicolon-before-method-body -index-store-path /Users/buddhirajgautam/Library/Developer/Xcode/DerivedData/Telegram-Mac-fygdgghdgmuleoelvxabfmqiotta/Index.noindex/DataStore @/Users/buddhirajgautam/Library/Developer/Xcode/DerivedData/Telegram-Mac-fygdgghdgmuleoelvxabfmqiotta/Build/Intermediates.noindex/OpusBinding.build/Debug/OpusBinding-t.build/Objects-normal/arm64/7187679823f38a2a940e0043cdf9d637-common-args.resp -MMD -MT dependencies -MF /Users/buddhirajgautam/Library/Developer/Xcode/DerivedData/Telegram-Mac-fygdgghdgmuleoelvxabfmqiotta/Build/Intermediates.noindex/OpusBinding.build/Debug/OpusBinding-t.build/Objects-normal/arm64/diag_range.d --serialize-diagnostics /Users/buddhirajgautam/Library/Developer/Xcode/DerivedData/Telegram-Mac-fygdgghdgmuleoelvxabfmqiotta/Build/Intermediates.noindex/OpusBinding.build/Debug/OpusBinding-t.build/Objects-normal/arm64/diag_range.dia -c /Users/buddhirajgautam/Documents/Cherrygram-Mac/macOS-Swift/submodules/telegram-ios/submodules/OpusBinding/Sources/opusenc/diag_range.c -o /Users/buddhirajgautam/Library/Developer/Xcode/DerivedData/Telegram-Mac-fygdgghdgmuleoelvxabfmqiotta/Build/Intermediates.noindex/OpusBinding.build/Debug/OpusBinding-t.build/Objects-normal/arm64/diag_range.o -index-unit-output-path /OpusBinding.build/Debug/OpusBinding-t.build/Objects-normal/arm64/diag_range.o
/Users/buddhirajgautam/Documents/Cherrygram-Mac/macOS-Swift/submodules/telegram-ios/submodules/OpusBinding/Sources/opusenc/diag_range.c:214:29: warning: implicit conversion loses integer precision: 'long' to 'int' [-Wshorten-64-to-32]
  214 |       *payload_offset = data-data0;
      |                       ~ ~~~~^~~~~~
1 warning generated.

SwiftDriver\ Compilation RangeSet normal arm64 com.apple.xcode.tools.swift.compiler (in target 'RangeSet' from project 'RangeSet')
    cd /Users/buddhirajgautam/Documents/Cherrygram-Mac/macOS-Swift
    builtin-Swift-Compilation -- /Applications/Xcode.app/Contents/Developer/Toolchains/XcodeDefault.xctoolchain/usr/bin/swiftc -parse-as-library -module-name RangeSet -Onone @/Users/buddhirajgautam/Library/Developer/Xcode/DerivedData/Telegram-Mac-fygdgghdgmuleoelvxabfmqiotta/Build/Intermediates.noindex/RangeSet.build/Debug/RangeSet-t.build/Objects-normal/arm64/RangeSet.SwiftFileList -DSWIFT_PACKAGE -DDEBUG -DSWIFT_MODULE_RESOURCE_BUNDLE_UNAVAILABLE -DXcode -plugin-path /Applications/Xcode.app/Contents/Developer/Toolchains/XcodeDefault.xctoolchain/usr/lib/swift/host/plugins/testing -enable-experimental-feature DebugDescriptionMacro -sdk /Applications/Xcode.app/Contents/Developer/Platforms/MacOSX.platform/Developer/SDKs/MacOSX27.0.sdk -target arm64-apple-macos12.0 -g -module-cache-path /Users/buddhirajgautam/Library/Developer/Xcode/DerivedData/ModuleCache.noindex -Xfrontend -serialize-debugging-options -profile-coverage-mapping -profile-generate -enable-testing -index-store-path /Users/buddhirajgautam/Library/Developer/Xcode/DerivedData/Telegram-Mac-fygdgghdgmuleoelvxabfmqiotta/Index.noindex/DataStore -Xcc -D_LIBCPP_HARDENING_MODE\=_LIBCPP_HARDENING_MODE_DEBUG -swift-version 5 -I /Users/buddhirajgautam/Library/Developer/Xcode/DerivedData/Telegram-Mac-fygdgghdgmuleoelvxabfmqiotta/Build/Products/Debug -Isystem /Applications/Xcode.app/Contents/Developer/Platforms/MacOSX.platform/Developer/usr/lib -F /Users/buddhirajgautam/Library/Developer/Xcode/DerivedData/Telegram-Mac-fygdgghdgmuleoelvxabfmqiotta/Build/Products/Debug -F /Applications/Xcode.app/Contents/Developer/Platforms/MacOSX.platform/Developer/Library/Frameworks -c -j8 -enable-batch-mode -incremental -Xcc -ivfsstatcache -Xcc /Users/buddhirajgautam/Library/Developer/Xcode/DerivedData/SDKStatCaches.noindex/macosx27.0-26A425-e829b21a6f8c9b70876ba0858053c0447231f6df4def33e022ae2eb8f782df1a.sdkstatcache -output-file-map /Users/buddhirajgautam/Library/Developer/Xcode/DerivedData/Telegram-Mac-fygdgghdgmuleoelvxabfmqiotta/Build/Intermediates.noindex/RangeSet.build/Debug/RangeSet-t.build/Objects-normal/arm64/RangeSet-OutputFileMap.json -save-temps -no-color-diagnostics -explicit-module-build -module-cache-path /Users/buddhirajgautam/Library/Developer/Xcode/DerivedData/Telegram-Mac-fygdgghdgmuleoelvxabfmqiotta/Build/Intermediates.noindex/SwiftExplicitPrecompiledModules -clang-scanner-module-cache-path /Users/buddhirajgautam/Library/Developer/Xcode/DerivedData/ModuleCache.noindex -sdk-module-cache-path /Users/buddhirajgautam/Library/Developer/Xcode/DerivedData/SDKExplicitPrecompiledModules -emit-dependencies -emit-module -emit-module-path /Users/buddhirajgautam/Library/Developer/Xcode/DerivedData/Telegram-Mac-fygdgghdgmuleoelvxabfmqiotta/Build/Intermediates.noindex/RangeSet.build/Debug/RangeSet-t.build/Objects-normal/arm64/RangeSet.swiftmodule -serialize-diagnostics -dependency-scan-serialize-diagnostics-path /Users/buddhirajgautam/Library/Developer/Xcode/DerivedData/Telegram-Mac-fygdgghdgmuleoelvxabfmqiotta/Build/Intermediates.noindex/RangeSet.build/Debug/RangeSet-t.build/Objects-normal/arm64/RangeSet-dependency-scan.dia -validate-clang-modules-once -clang-build-session-file /Users/buddhirajgautam/Library/Developer/Xcode/DerivedData/ModuleCache.noindex/Session.modulevalidation -Xcc -fmodules-prune-interval\=86400 -Xcc -fmodules-prune-after\=345600 -emit-const-values -const-gather-protocols-list /Users/buddhirajgautam/Library/Developer/Xcode/DerivedData/Telegram-Mac-fygdgghdgmuleoelvxabfmqiotta/Build/Intermediates.noindex/RangeSet.build/Debug/RangeSet-t.build/Objects-normal/arm64/RangeSet_const_extract_protocols.json -Xcc -I/Users/buddhirajgautam/Library/Developer/Xcode/DerivedData/Telegram-Mac-fygdgghdgmuleoelvxabfmqiotta/Build/Products/Debug/include -Xcc -I/Users/buddhirajgautam/Library/Developer/Xcode/DerivedData/Telegram-Mac-fygdgghdgmuleoelvxabfmqiotta/Build/Intermediates.noindex/RangeSet.build/Debug/RangeSet-t.build/DerivedSources-normal/arm64 -Xcc -I/Users/buddhirajgautam/Library/Developer/Xcode/DerivedData/Telegram-Mac-fygdgghdgmuleoelvxabfmqiotta/Build/Intermediates.noindex/RangeSet.build/Debug/RangeSet-t.build/DerivedSources/arm64 -Xcc -I/Users/buddhirajgautam/Library/Developer/Xcode/DerivedData/Telegram-Mac-fygdgghdgmuleoelvxabfmqiotta/Build/Intermediates.noindex/RangeSet.build/Debug/RangeSet-t.build/DerivedSources -Xcc -DSWIFT_PACKAGE -Xcc -DDEBUG\=1 -emit-objc-header -emit-objc-header-path /Users/buddhirajgautam/Library/Developer/Xcode/DerivedData/Telegram-Mac-fygdgghdgmuleoelvxabfmqiotta/Build/Intermediates.noindex/RangeSet.build/Debug/RangeSet-t.build/Objects-normal/arm64/RangeSet-Swift.h -working-directory /Users/buddhirajgautam/Documents/Cherrygram-Mac/macOS-Swift -experimental-emit-module-separately -disable-cmo

ScanDependencies /Users/buddhirajgautam/Library/Developer/Xcode/DerivedData/Telegram-Mac-fygdgghdgmuleoelvxabfmqiotta/Build/Intermediates.noindex/OpusBinding.build/Debug/OpusBinding-t.build/Objects-normal/arm64/bitwise.o /Users/buddhirajgautam/Documents/Cherrygram-Mac/macOS-Swift/submodules/telegram-ios/submodules/OpusBinding/Sources/ogg/bitwise.c normal arm64 c com.apple.compilers.llvm.clang.1_0.compiler (in target 'OpusBinding' from project 'OpusBinding')
    cd /Users/buddhirajgautam/Documents/Cherrygram-Mac/macOS-Swift
    
    Using response file: /Users/buddhirajgautam/Library/Developer/Xcode/DerivedData/Telegram-Mac-fygdgghdgmuleoelvxabfmqiotta/Build/Intermediates.noindex/OpusBinding.build/Debug/OpusBinding-t.build/Objects-normal/arm64/7187679823f38a2a940e0043cdf9d637-common-args.resp
    
    builtin-ScanDependencies -o /Users/buddhirajgautam/Library/Developer/Xcode/DerivedData/Telegram-Mac-fygdgghdgmuleoelvxabfmqiotta/Build/Intermediates.noindex/OpusBinding.build/Debug/OpusBinding-t.build/Objects-normal/arm64/bitwise.o.scan -- /Applications/Xcode.app/Contents/Developer/Toolchains/XcodeDefault.xctoolchain/usr/bin/clang -x c -ivfsstatcache /Users/buddhirajgautam/Library/Developer/Xcode/DerivedData/SDKStatCaches.noindex/macosx27.0-26A425-e829b21a6f8c9b70876ba0858053c0447231f6df4def33e022ae2eb8f782df1a.sdkstatcache -target arm64-apple-macos12.0 -fmessage-length\=0 -fdiagnostics-show-note-include-stack -fmacro-backtrace-limit\=0 -fno-color-diagnostics -fmodules-prune-interval\=86400 -fmodules-prune-after\=345600 -fbuild-session-file\=/Users/buddhirajgautam/Library/Developer/Xcode/DerivedData/ModuleCache.noindex/Session.modulevalidation -fmodules-validate-once-per-build-session -Wnon-modular-include-in-framework-module -Werror\=non-modular-include-in-framework-module -Wno-trigraphs -Wno-missing-field-initializers -Wno-missing-prototypes -Wno-return-type -Wno-missing-braces -Wparentheses -Wswitch -Wno-unused-function -Wno-unused-label -Wno-unused-parameter -Wno-unused-variable -Wunused-value -Wno-empty-body -Wno-uninitialized -Wno-unknown-pragmas -Wno-shadow -Wno-four-char-constants -Wno-conversion -Wno-constant-conversion -Wno-int-conversion -Wno-bool-conversion -Wno-enum-conversion -Wno-float-conversion -Wno-non-literal-null-conversion -Wno-objc-literal-conversion -Wshorten-64-to-32 -Wpointer-sign -Wno-newline-eof -Wno-implicit-fallthrough -isysroot /Applications/Xcode.app/Contents/Developer/Platforms/MacOSX.platform/Developer/SDKs/MacOSX27.0.sdk -fstrict-aliasing -Wdeprecated-declarations -Wno-sign-conversion -Wno-infinite-recursion -Wno-comma -Wno-block-capture-autoreleasing -Wno-strict-prototypes -Wno-semicolon-before-method-body -index-store-path /Users/buddhirajgautam/Library/Developer/Xcode/DerivedData/Telegram-Mac-fygdgghdgmuleoelvxabfmqiotta/Index.noindex/DataStore @/Users/buddhirajgautam/Library/Developer/Xcode/DerivedData/Telegram-Mac-fygdgghdgmuleoelvxabfmqiotta/Build/Intermediates.noindex/OpusBinding.build/Debug/OpusBinding-t.build/Objects-normal/arm64/7187679823f38a2a940e0043cdf9d637-common-args.resp -MMD -MT dependencies -MF /Users/buddhirajgautam/Library/Developer/Xcode/DerivedData/Telegram-Mac-fygdgghdgmuleoelvxabfmqiotta/Build/Intermediates.noindex/OpusBinding.build/Debug/OpusBinding-t.build/Objects-normal/arm64/bitwise.d --serialize-diagnostics /Users/buddhirajgautam/Library/Developer/Xcode/DerivedData/Telegram-Mac-fygdgghdgmuleoelvxabfmqiotta/Build/Intermediates.noindex/OpusBinding.build/Debug/OpusBinding-t.build/Objects-normal/arm64/bitwise.dia -c /Users/buddhirajgautam/Documents/Cherrygram-Mac/macOS-Swift/submodules/telegram-ios/submodules/OpusBinding/Sources/ogg/bitwise.c -o /Users/buddhirajgautam/Library/Developer/Xcode/DerivedData/Telegram-Mac-fygdgghdgmuleoelvxabfmqiotta/Build/Intermediates.noindex/OpusBinding.build/Debug/OpusBinding-t.build/Objects-normal/arm64/bitwise.o -index-unit-output-path /OpusBinding.build/Debug/OpusBinding-t.build/Objects-normal/arm64/bitwise.o

ScanDependencies /Users/buddhirajgautam/Library/Developer/Xcode/DerivedData/Telegram-Mac-fygdgghdgmuleoelvxabfmqiotta/Build/Intermediates.noindex/OpusBinding.build/Debug/OpusBinding-t.build/Objects-normal/arm64/TGDataItem.o /Users/buddhirajgautam/Documents/Cherrygram-Mac/macOS-Swift/submodules/telegram-ios/submodules/OpusBinding/Sources/TGDataItem.m normal arm64 objective-c com.apple.compilers.llvm.clang.1_0.compiler (in target 'OpusBinding' from project 'OpusBinding')
    cd /Users/buddhirajgautam/Documents/Cherrygram-Mac/macOS-Swift
    
    Using response file: /Users/buddhirajgautam/Library/Developer/Xcode/DerivedData/Telegram-Mac-fygdgghdgmuleoelvxabfmqiotta/Build/Intermediates.noindex/OpusBinding.build/Debug/OpusBinding-t.build/Objects-normal/arm64/e6072d4f65d7061329687fe24e3d63a7-common-args.resp
    
    builtin-ScanDependencies -o /Users/buddhirajgautam/Library/Developer/Xcode/DerivedData/Telegram-Mac-fygdgghdgmuleoelvxabfmqiotta/Build/Intermediates.noindex/OpusBinding.build/Debug/OpusBinding-t.build/Objects-normal/arm64/TGDataItem.o.scan -- /Applications/Xcode.app/Contents/Developer/Toolchains/XcodeDefault.xctoolchain/usr/bin/clang -x objective-c -ivfsstatcache /Users/buddhirajgautam/Library/Developer/Xcode/DerivedData/SDKStatCaches.noindex/macosx27.0-26A425-e829b21a6f8c9b70876ba0858053c0447231f6df4def33e022ae2eb8f782df1a.sdkstatcache -target arm64-apple-macos12.0 -fmessage-length\=0 -fdiagnostics-show-note-include-stack -fmacro-backtrace-limit\=0 -fno-color-diagnostics -fmodules-prune-interval\=86400 -fmodules-prune-after\=345600 -fbuild-session-file\=/Users/buddhirajgautam/Library/Developer/Xcode/DerivedData/ModuleCache.noindex/Session.modulevalidation -fmodules-validate-once-per-build-session -Wnon-modular-include-in-framework-module -Werror\=non-modular-include-in-framework-module -Wno-trigraphs -Wno-missing-field-initializers -Wno-missing-prototypes -Wno-return-type -Wno-implicit-atomic-properties -Wno-objc-interface-ivars -Wno-arc-repeated-use-of-weak -Wno-missing-braces -Wparentheses -Wswitch -Wno-unused-function -Wno-unused-label -Wno-unused-parameter -Wno-unused-variable -Wunused-value -Wno-empty-body -Wno-uninitialized -Wno-unknown-pragmas -Wno-shadow -Wno-four-char-constants -Wno-conversion -Wno-constant-conversion -Wno-int-conversion -Wno-bool-conversion -Wno-enum-conversion -Wno-float-conversion -Wno-non-literal-null-conversion -Wno-objc-literal-conversion -Wshorten-64-to-32 -Wpointer-sign -Wno-newline-eof -Wno-selector -Wno-strict-selector-match -Wno-undeclared-selector -Wno-deprecated-implementations -Wno-implicit-fallthrough -isysroot /Applications/Xcode.app/Contents/Developer/Platforms/MacOSX.platform/Developer/SDKs/MacOSX27.0.sdk -fstrict-aliasing -Wprotocol -Wdeprecated-declarations -Wno-sign-conversion -Wno-infinite-recursion -Wno-comma -Wno-block-capture-autoreleasing -Wno-strict-prototypes -Wno-semicolon-before-method-body -index-store-path /Users/buddhirajgautam/Library/Developer/Xcode/DerivedData/Telegram-Mac-fygdgghdgmuleoelvxabfmqiotta/Index.noindex/DataStore @/Users/buddhirajgautam/Library/Developer/Xcode/DerivedData/Telegram-Mac-fygdgghdgmuleoelvxabfmqiotta/Build/Intermediates.noindex/OpusBinding.build/Debug/OpusBinding-t.build/Objects-normal/arm64/e6072d4f65d7061329687fe24e3d63a7-common-args.resp -MMD -MT dependencies -MF /Users/buddhirajgautam/Library/Developer/Xcode/DerivedData/Telegram-Mac-fygdgghdgmuleoelvxabfmqiotta/Build/Intermediates.noindex/OpusBinding.build/Debug/OpusBinding-t.build/Objects-normal/arm64/TGDataItem.d --serialize-diagnostics /Users/buddhirajgautam/Library/Developer/Xcode/DerivedData/Telegram-Mac-fygdgghdgmuleoelvxabfmqiotta/Build/Intermediates.noindex/OpusBinding.build/Debug/OpusBinding-t.build/Objects-normal/arm64/TGDataItem.dia -c /Users/buddhirajgautam/Documents/Cherrygram-Mac/macOS-Swift/submodules/telegram-ios/submodules/OpusBinding/Sources/TGDataItem.m -o /Users/buddhirajgautam/Library/Developer/Xcode/DerivedData/Telegram-Mac-fygdgghdgmuleoelvxabfmqiotta/Build/Intermediates.noindex/OpusBinding.build/Debug/OpusBinding-t.build/Objects-normal/arm64/TGDataItem.o -index-unit-output-path /OpusBinding.build/Debug/OpusBinding-t.build/Objects-normal/arm64/TGDataItem.o

CompileC /Users/buddhirajgautam/Library/Developer/Xcode/DerivedData/Telegram-Mac-fygdgghdgmuleoelvxabfmqiotta/Build/Intermediates.noindex/OpusBinding.build/Debug/OpusBinding-t.build/Objects-normal/arm64/bitwise.o /Users/buddhirajgautam/Documents/Cherrygram-Mac/macOS-Swift/submodules/telegram-ios/submodules/OpusBinding/Sources/ogg/bitwise.c normal arm64 c com.apple.compilers.llvm.clang.1_0.compiler (in target 'OpusBinding' from project 'OpusBinding')
    cd /Users/buddhirajgautam/Documents/Cherrygram-Mac/macOS-Swift
    
    Using response file: /Users/buddhirajgautam/Library/Developer/Xcode/DerivedData/Telegram-Mac-fygdgghdgmuleoelvxabfmqiotta/Build/Intermediates.noindex/OpusBinding.build/Debug/OpusBinding-t.build/Objects-normal/arm64/7187679823f38a2a940e0043cdf9d637-common-args.resp
    
    /Applications/Xcode.app/Contents/Developer/Toolchains/XcodeDefault.xctoolchain/usr/bin/clang -x c -ivfsstatcache /Users/buddhirajgautam/Library/Developer/Xcode/DerivedData/SDKStatCaches.noindex/macosx27.0-26A425-e829b21a6f8c9b70876ba0858053c0447231f6df4def33e022ae2eb8f782df1a.sdkstatcache -target arm64-apple-macos12.0 -fmessage-length\=0 -fdiagnostics-show-note-include-stack -fmacro-backtrace-limit\=0 -fno-color-diagnostics -fmodules-prune-interval\=86400 -fmodules-prune-after\=345600 -fbuild-session-file\=/Users/buddhirajgautam/Library/Developer/Xcode/DerivedData/ModuleCache.noindex/Session.modulevalidation -fmodules-validate-once-per-build-session -Wnon-modular-include-in-framework-module -Werror\=non-modular-include-in-framework-module -Wno-trigraphs -Wno-missing-field-initializers -Wno-missing-prototypes -Wno-return-type -Wno-missing-braces -Wparentheses -Wswitch -Wno-unused-function -Wno-unused-label -Wno-unused-parameter -Wno-unused-variable -Wunused-value -Wno-empty-body -Wno-uninitialized -Wno-unknown-pragmas -Wno-shadow -Wno-four-char-constants -Wno-conversion -Wno-constant-conversion -Wno-int-conversion -Wno-bool-conversion -Wno-enum-conversion -Wno-float-conversion -Wno-non-literal-null-conversion -Wno-objc-literal-conversion -Wshorten-64-to-32 -Wpointer-sign -Wno-newline-eof -Wno-implicit-fallthrough -isysroot /Applications/Xcode.app/Contents/Developer/Platforms/MacOSX.platform/Developer/SDKs/MacOSX27.0.sdk -fstrict-aliasing -Wdeprecated-declarations -Wno-sign-conversion -Wno-infinite-recursion -Wno-comma -Wno-block-capture-autoreleasing -Wno-strict-prototypes -Wno-semicolon-before-method-body -index-store-path /Users/buddhirajgautam/Library/Developer/Xcode/DerivedData/Telegram-Mac-fygdgghdgmuleoelvxabfmqiotta/Index.noindex/DataStore @/Users/buddhirajgautam/Library/Developer/Xcode/DerivedData/Telegram-Mac-fygdgghdgmuleoelvxabfmqiotta/Build/Intermediates.noindex/OpusBinding.build/Debug/OpusBinding-t.build/Objects-normal/arm64/7187679823f38a2a940e0043cdf9d637-common-args.resp -MMD -MT dependencies -MF /Users/buddhirajgautam/Library/Developer/Xcode/DerivedData/Telegram-Mac-fygdgghdgmuleoelvxabfmqiotta/Build/Intermediates.noindex/OpusBinding.build/Debug/OpusBinding-t.build/Objects-normal/arm64/bitwise.d --serialize-diagnostics /Users/buddhirajgautam/Library/Developer/Xcode/DerivedData/Telegram-Mac-fygdgghdgmuleoelvxabfmqiotta/Build/Intermediates.noindex/OpusBinding.build/Debug/OpusBinding-t.build/Objects-normal/arm64/bitwise.dia -c /Users/buddhirajgautam/Documents/Cherrygram-Mac/macOS-Swift/submodules/telegram-ios/submodules/OpusBinding/Sources/ogg/bitwise.c -o /Users/buddhirajgautam/Library/Developer/Xcode/DerivedData/Telegram-Mac-fygdgghdgmuleoelvxabfmqiotta/Build/Intermediates.noindex/OpusBinding.build/Debug/OpusBinding-t.build/Objects-normal/arm64/bitwise.o -index-unit-output-path /OpusBinding.build/Debug/OpusBinding-t.build/Objects-normal/arm64/bitwise.o
/Users/buddhirajgautam/Documents/Cherrygram-Mac/macOS-Swift/submodules/telegram-ios/submodules/OpusBinding/Sources/ogg/bitwise.c:65:15: warning: implicit conversion loses integer precision: 'long' to 'int' [-Wshorten-64-to-32]
   65 |     b->endbit=bits;
      |              ~^~~~
/Users/buddhirajgautam/Documents/Cherrygram-Mac/macOS-Swift/submodules/telegram-ios/submodules/OpusBinding/Sources/ogg/bitwise.c:76:15: warning: implicit conversion loses integer precision: 'long' to 'int' [-Wshorten-64-to-32]
   76 |     b->endbit=bits;
      |              ~^~~~
/Users/buddhirajgautam/Documents/Cherrygram-Mac/macOS-Swift/submodules/telegram-ios/submodules/OpusBinding/Sources/ogg/bitwise.c:218:49: warning: implicit conversion loses integer precision: 'long' to 'int' [-Wshorten-64-to-32]
  218 |       w(b,(unsigned long)(ptr[bytes]>>(8-bits)),bits);
      |       ~                                         ^~~~
/Users/buddhirajgautam/Documents/Cherrygram-Mac/macOS-Swift/submodules/telegram-ios/submodules/OpusBinding/Sources/ogg/bitwise.c:220:39: warning: implicit conversion loses integer precision: 'long' to 'int' [-Wshorten-64-to-32]
  220 |       w(b,(unsigned long)(ptr[bytes]),bits);
      |       ~                               ^~~~
4 warnings generated.

ScanDependencies /Users/buddhirajgautam/Library/Developer/Xcode/DerivedData/Telegram-Mac-fygdgghdgmuleoelvxabfmqiotta/Build/Intermediates.noindex/OpusBinding.build/Debug/OpusBinding-t.build/Objects-normal/arm64/OggOpusReader.o /Users/buddhirajgautam/Documents/Cherrygram-Mac/macOS-Swift/submodules/telegram-ios/submodules/OpusBinding/Sources/OggOpusReader.m normal arm64 objective-c com.apple.compilers.llvm.clang.1_0.compiler (in target 'OpusBinding' from project 'OpusBinding')
    cd /Users/buddhirajgautam/Documents/Cherrygram-Mac/macOS-Swift
    
    Using response file: /Users/buddhirajgautam/Library/Developer/Xcode/DerivedData/Telegram-Mac-fygdgghdgmuleoelvxabfmqiotta/Build/Intermediates.noindex/OpusBinding.build/Debug/OpusBinding-t.build/Objects-normal/arm64/e6072d4f65d7061329687fe24e3d63a7-common-args.resp
    
    builtin-ScanDependencies -o /Users/buddhirajgautam/Library/Developer/Xcode/DerivedData/Telegram-Mac-fygdgghdgmuleoelvxabfmqiotta/Build/Intermediates.noindex/OpusBinding.build/Debug/OpusBinding-t.build/Objects-normal/arm64/OggOpusReader.o.scan -- /Applications/Xcode.app/Contents/Developer/Toolchains/XcodeDefault.xctoolchain/usr/bin/clang -x objective-c -ivfsstatcache /Users/buddhirajgautam/Library/Developer/Xcode/DerivedData/SDKStatCaches.noindex/macosx27.0-26A425-e829b21a6f8c9b70876ba0858053c0447231f6df4def33e022ae2eb8f782df1a.sdkstatcache -target arm64-apple-macos12.0 -fmessage-length\=0 -fdiagnostics-show-note-include-stack -fmacro-backtrace-limit\=0 -fno-color-diagnostics -fmodules-prune-interval\=86400 -fmodules-prune-after\=345600 -fbuild-session-file\=/Users/buddhirajgautam/Library/Developer/Xcode/DerivedData/ModuleCache.noindex/Session.modulevalidation -fmodules-validate-once-per-build-session -Wnon-modular-include-in-framework-module -Werror\=non-modular-include-in-framework-module -Wno-trigraphs -Wno-missing-field-initializers -Wno-missing-prototypes -Wno-return-type -Wno-implicit-atomic-properties -Wno-objc-interface-ivars -Wno-arc-repeated-use-of-weak -Wno-missing-braces -Wparentheses -Wswitch -Wno-unused-function -Wno-unused-label -Wno-unused-parameter -Wno-unused-variable -Wunused-value -Wno-empty-body -Wno-uninitialized -Wno-unknown-pragmas -Wno-shadow -Wno-four-char-constants -Wno-conversion -Wno-constant-conversion -Wno-int-conversion -Wno-bool-conversion -Wno-enum-conversion -Wno-float-conversion -Wno-non-literal-null-conversion -Wno-objc-literal-conversion -Wshorten-64-to-32 -Wpointer-sign -Wno-newline-eof -Wno-selector -Wno-strict-selector-match -Wno-undeclared-selector -Wno-deprecated-implementations -Wno-implicit-fallthrough -isysroot /Applications/Xcode.app/Contents/Developer/Platforms/MacOSX.platform/Developer/SDKs/MacOSX27.0.sdk -fstrict-aliasing -Wprotocol -Wdeprecated-declarations -Wno-sign-conversion -Wno-infinite-recursion -Wno-comma -Wno-block-capture-autoreleasing -Wno-strict-prototypes -Wno-semicolon-before-method-body -index-store-path /Users/buddhirajgautam/Library/Developer/Xcode/DerivedData/Telegram-Mac-fygdgghdgmuleoelvxabfmqiotta/Index.noindex/DataStore @/Users/buddhirajgautam/Library/Developer/Xcode/DerivedData/Telegram-Mac-fygdgghdgmuleoelvxabfmqiotta/Build/Intermediates.noindex/OpusBinding.build/Debug/OpusBinding-t.build/Objects-normal/arm64/e6072d4f65d7061329687fe24e3d63a7-common-args.resp -MMD -MT dependencies -MF /Users/buddhirajgautam/Library/Developer/Xcode/DerivedData/Telegram-Mac-fygdgghdgmuleoelvxabfmqiotta/Build/Intermediates.noindex/OpusBinding.build/Debug/OpusBinding-t.build/Objects-normal/arm64/OggOpusReader.d --serialize-diagnostics /Users/buddhirajgautam/Library/Developer/Xcode/DerivedData/Telegram-Mac-fygdgghdgmuleoelvxabfmqiotta/Build/Intermediates.noindex/OpusBinding.build/Debug/OpusBinding-t.build/Objects-normal/arm64/OggOpusReader.dia -c /Users/buddhirajgautam/Documents/Cherrygram-Mac/macOS-Swift/submodules/telegram-ios/submodules/OpusBinding/Sources/OggOpusReader.m -o /Users/buddhirajgautam/Library/Developer/Xcode/DerivedData/Telegram-Mac-fygdgghdgmuleoelvxabfmqiotta/Build/Intermediates.noindex/OpusBinding.build/Debug/OpusBinding-t.build/Objects-normal/arm64/OggOpusReader.o -index-unit-output-path /OpusBinding.build/Debug/OpusBinding-t.build/Objects-normal/arm64/OggOpusReader.o

ScanDependencies /Users/buddhirajgautam/Library/Developer/Xcode/DerivedData/Telegram-Mac-fygdgghdgmuleoelvxabfmqiotta/Build/Intermediates.noindex/OpenSSLEncryption.build/Debug/OpenSSLEncryption-t.build/Objects-normal/arm64/OpenSSLEncryptionProvider.o /Users/buddhirajgautam/Documents/Cherrygram-Mac/macOS-Swift/submodules/telegram-ios/submodules/OpenSSLEncryptionProvider/Sources/OpenSSLEncryptionProvider.m normal arm64 objective-c com.apple.compilers.llvm.clang.1_0.compiler (in target 'OpenSSLEncryption' from project 'OpenSSLEncryption')
    cd /Users/buddhirajgautam/Documents/Cherrygram-Mac/macOS-Swift
    
    Using response file: /Users/buddhirajgautam/Library/Developer/Xcode/DerivedData/Telegram-Mac-fygdgghdgmuleoelvxabfmqiotta/Build/Intermediates.noindex/OpenSSLEncryption.build/Debug/OpenSSLEncryption-t.build/Objects-normal/arm64/e6072d4f65d7061329687fe24e3d63a7-common-args.resp
    
    builtin-ScanDependencies -o /Users/buddhirajgautam/Library/Developer/Xcode/DerivedData/Telegram-Mac-fygdgghdgmuleoelvxabfmqiotta/Build/Intermediates.noindex/OpenSSLEncryption.build/Debug/OpenSSLEncryption-t.build/Objects-normal/arm64/OpenSSLEncryptionProvider.o.scan -- /Applications/Xcode.app/Contents/Developer/Toolchains/XcodeDefault.xctoolchain/usr/bin/clang -x objective-c -ivfsstatcache /Users/buddhirajgautam/Library/Developer/Xcode/DerivedData/SDKStatCaches.noindex/macosx27.0-26A425-e829b21a6f8c9b70876ba0858053c0447231f6df4def33e022ae2eb8f782df1a.sdkstatcache -target arm64-apple-macos12.0 -fmessage-length\=0 -fdiagnostics-show-note-include-stack -fmacro-backtrace-limit\=0 -fno-color-diagnostics -fmodules-prune-interval\=86400 -fmodules-prune-after\=345600 -fbuild-session-file\=/Users/buddhirajgautam/Library/Developer/Xcode/DerivedData/ModuleCache.noindex/Session.modulevalidation -fmodules-validate-once-per-build-session -Wnon-modular-include-in-framework-module -Werror\=non-modular-include-in-framework-module -Wno-trigraphs -Wno-missing-field-initializers -Wno-missing-prototypes -Wno-return-type -Wno-implicit-atomic-properties -Wno-objc-interface-ivars -Wno-arc-repeated-use-of-weak -Wno-missing-braces -Wparentheses -Wswitch -Wno-unused-function -Wno-unused-label -Wno-unused-parameter -Wno-unused-variable -Wunused-value -Wno-empty-body -Wno-uninitialized -Wno-unknown-pragmas -Wno-shadow -Wno-four-char-constants -Wno-conversion -Wno-constant-conversion -Wno-int-conversion -Wno-bool-conversion -Wno-enum-conversion -Wno-float-conversion -Wno-non-literal-null-conversion -Wno-objc-literal-conversion -Wshorten-64-to-32 -Wpointer-sign -Wno-newline-eof -Wno-selector -Wno-strict-selector-match -Wno-undeclared-selector -Wno-deprecated-implementations -Wno-implicit-fallthrough -isysroot /Applications/Xcode.app/Contents/Developer/Platforms/MacOSX.platform/Developer/SDKs/MacOSX27.0.sdk -fstrict-aliasing -Wprotocol -Wdeprecated-declarations -Wno-sign-conversion -Wno-infinite-recursion -Wno-comma -Wno-block-capture-autoreleasing -Wno-strict-prototypes -Wno-semicolon-before-method-body -index-store-path /Users/buddhirajgautam/Library/Developer/Xcode/DerivedData/Telegram-Mac-fygdgghdgmuleoelvxabfmqiotta/Index.noindex/DataStore @/Users/buddhirajgautam/Library/Developer/Xcode/DerivedData/Telegram-Mac-fygdgghdgmuleoelvxabfmqiotta/Build/Intermediates.noindex/OpenSSLEncryption.build/Debug/OpenSSLEncryption-t.build/Objects-normal/arm64/e6072d4f65d7061329687fe24e3d63a7-common-args.resp -MMD -MT dependencies -MF /Users/buddhirajgautam/Library/Developer/Xcode/DerivedData/Telegram-Mac-fygdgghdgmuleoelvxabfmqiotta/Build/Intermediates.noindex/OpenSSLEncryption.build/Debug/OpenSSLEncryption-t.build/Objects-normal/arm64/OpenSSLEncryptionProvider.d --serialize-diagnostics /Users/buddhirajgautam/Library/Developer/Xcode/DerivedData/Telegram-Mac-fygdgghdgmuleoelvxabfmqiotta/Build/Intermediates.noindex/OpenSSLEncryption.build/Debug/OpenSSLEncryption-t.build/Objects-normal/arm64/OpenSSLEncryptionProvider.dia -c /Users/buddhirajgautam/Documents/Cherrygram-Mac/macOS-Swift/submodules/telegram-ios/submodules/OpenSSLEncryptionProvider/Sources/OpenSSLEncryptionProvider.m -o /Users/buddhirajgautam/Library/Developer/Xcode/DerivedData/Telegram-Mac-fygdgghdgmuleoelvxabfmqiotta/Build/Intermediates.noindex/OpenSSLEncryption.build/Debug/OpenSSLEncryption-t.build/Objects-normal/arm64/OpenSSLEncryptionProvider.o -index-unit-output-path /OpenSSLEncryption.build/Debug/OpenSSLEncryption-t.build/Objects-normal/arm64/OpenSSLEncryptionProvider.o

ScanDependencies /Users/buddhirajgautam/Library/Developer/Xcode/DerivedData/Telegram-Mac-fygdgghdgmuleoelvxabfmqiotta/Build/Intermediates.noindex/ObjcUtils.build/Debug/ObjcUtils-t.build/Objects-normal/arm64/ObjcUtils.o /Users/buddhirajgautam/Documents/Cherrygram-Mac/macOS-Swift/packages/ObjcUtils/Sources/ObjcUtils/ObjcUtils.m normal arm64 objective-c com.apple.compilers.llvm.clang.1_0.compiler (in target 'ObjcUtils' from project 'ObjcUtils')
    cd /Users/buddhirajgautam/Documents/Cherrygram-Mac/macOS-Swift
    
    Using response file: /Users/buddhirajgautam/Library/Developer/Xcode/DerivedData/Telegram-Mac-fygdgghdgmuleoelvxabfmqiotta/Build/Intermediates.noindex/ObjcUtils.build/Debug/ObjcUtils-t.build/Objects-normal/arm64/e6072d4f65d7061329687fe24e3d63a7-common-args.resp
    
    builtin-ScanDependencies -o /Users/buddhirajgautam/Library/Developer/Xcode/DerivedData/Telegram-Mac-fygdgghdgmuleoelvxabfmqiotta/Build/Intermediates.noindex/ObjcUtils.build/Debug/ObjcUtils-t.build/Objects-normal/arm64/ObjcUtils.o.scan -- /Applications/Xcode.app/Contents/Developer/Toolchains/XcodeDefault.xctoolchain/usr/bin/clang -x objective-c -ivfsstatcache /Users/buddhirajgautam/Library/Developer/Xcode/DerivedData/SDKStatCaches.noindex/macosx27.0-26A425-e829b21a6f8c9b70876ba0858053c0447231f6df4def33e022ae2eb8f782df1a.sdkstatcache -target arm64-apple-macos12.0 -fmessage-length\=0 -fdiagnostics-show-note-include-stack -fmacro-backtrace-limit\=0 -fno-color-diagnostics -fmodules-prune-interval\=86400 -fmodules-prune-after\=345600 -fbuild-session-file\=/Users/buddhirajgautam/Library/Developer/Xcode/DerivedData/ModuleCache.noindex/Session.modulevalidation -fmodules-validate-once-per-build-session -Wnon-modular-include-in-framework-module -Werror\=non-modular-include-in-framework-module -Wno-trigraphs -Wno-missing-field-initializers -Wno-missing-prototypes -Wno-return-type -Wno-implicit-atomic-properties -Wno-objc-interface-ivars -Wno-arc-repeated-use-of-weak -Wno-missing-braces -Wparentheses -Wswitch -Wno-unused-function -Wno-unused-label -Wno-unused-parameter -Wno-unused-variable -Wunused-value -Wno-empty-body -Wno-uninitialized -Wno-unknown-pragmas -Wno-shadow -Wno-four-char-constants -Wno-conversion -Wno-constant-conversion -Wno-int-conversion -Wno-bool-conversion -Wno-enum-conversion -Wno-float-conversion -Wno-non-literal-null-conversion -Wno-objc-literal-conversion -Wshorten-64-to-32 -Wpointer-sign -Wno-newline-eof -Wno-selector -Wno-strict-selector-match -Wno-undeclared-selector -Wno-deprecated-implementations -Wno-implicit-fallthrough -isysroot /Applications/Xcode.app/Contents/Developer/Platforms/MacOSX.platform/Developer/SDKs/MacOSX27.0.sdk -fstrict-aliasing -Wprotocol -Wdeprecated-declarations -Wno-sign-conversion -Wno-infinite-recursion -Wno-comma -Wno-block-capture-autoreleasing -Wno-strict-prototypes -Wno-semicolon-before-method-body -index-store-path /Users/buddhirajgautam/Library/Developer/Xcode/DerivedData/Telegram-Mac-fygdgghdgmuleoelvxabfmqiotta/Index.noindex/DataStore @/Users/buddhirajgautam/Library/Developer/Xcode/DerivedData/Telegram-Mac-fygdgghdgmuleoelvxabfmqiotta/Build/Intermediates.noindex/ObjcUtils.build/Debug/ObjcUtils-t.build/Objects-normal/arm64/e6072d4f65d7061329687fe24e3d63a7-common-args.resp -MMD -MT dependencies -MF /Users/buddhirajgautam/Library/Developer/Xcode/DerivedData/Telegram-Mac-fygdgghdgmuleoelvxabfmqiotta/Build/Intermediates.noindex/ObjcUtils.build/Debug/ObjcUtils-t.build/Objects-normal/arm64/ObjcUtils.d --serialize-diagnostics /Users/buddhirajgautam/Library/Developer/Xcode/DerivedData/Telegram-Mac-fygdgghdgmuleoelvxabfmqiotta/Build/Intermediates.noindex/ObjcUtils.build/Debug/ObjcUtils-t.build/Objects-normal/arm64/ObjcUtils.dia -c /Users/buddhirajgautam/Documents/Cherrygram-Mac/macOS-Swift/packages/ObjcUtils/Sources/ObjcUtils/ObjcUtils.m -o /Users/buddhirajgautam/Library/Developer/Xcode/DerivedData/Telegram-Mac-fygdgghdgmuleoelvxabfmqiotta/Build/Intermediates.noindex/ObjcUtils.build/Debug/ObjcUtils-t.build/Objects-normal/arm64/ObjcUtils.o -index-unit-output-path /ObjcUtils.build/Debug/ObjcUtils-t.build/Objects-normal/arm64/ObjcUtils.o

ScanDependencies /Users/buddhirajgautam/Library/Developer/Xcode/DerivedData/Telegram-Mac-fygdgghdgmuleoelvxabfmqiotta/Build/Intermediates.noindex/OCR.build/Debug/OCR-t.build/Objects-normal/arm64/genann.o /Users/buddhirajgautam/Documents/Cherrygram-Mac/macOS-Swift/packages/OCR/Sources/genann.c normal arm64 c com.apple.compilers.llvm.clang.1_0.compiler (in target 'OCR' from project 'OCR')
    cd /Users/buddhirajgautam/Documents/Cherrygram-Mac/macOS-Swift
    
    Using response file: /Users/buddhirajgautam/Library/Developer/Xcode/DerivedData/Telegram-Mac-fygdgghdgmuleoelvxabfmqiotta/Build/Intermediates.noindex/OCR.build/Debug/OCR-t.build/Objects-normal/arm64/7187679823f38a2a940e0043cdf9d637-common-args.resp
    
    builtin-ScanDependencies -o /Users/buddhirajgautam/Library/Developer/Xcode/DerivedData/Telegram-Mac-fygdgghdgmuleoelvxabfmqiotta/Build/Intermediates.noindex/OCR.build/Debug/OCR-t.build/Objects-normal/arm64/genann.o.scan -- /Applications/Xcode.app/Contents/Developer/Toolchains/XcodeDefault.xctoolchain/usr/bin/clang -x c -ivfsstatcache /Users/buddhirajgautam/Library/Developer/Xcode/DerivedData/SDKStatCaches.noindex/macosx27.0-26A425-e829b21a6f8c9b70876ba0858053c0447231f6df4def33e022ae2eb8f782df1a.sdkstatcache -target arm64-apple-macos12.0 -fmessage-length\=0 -fdiagnostics-show-note-include-stack -fmacro-backtrace-limit\=0 -fno-color-diagnostics -fmodules-prune-interval\=86400 -fmodules-prune-after\=345600 -fbuild-session-file\=/Users/buddhirajgautam/Library/Developer/Xcode/DerivedData/ModuleCache.noindex/Session.modulevalidation -fmodules-validate-once-per-build-session -Wnon-modular-include-in-framework-module -Werror\=non-modular-include-in-framework-module -Wno-trigraphs -Wno-missing-field-initializers -Wno-missing-prototypes -Wno-return-type -Wno-missing-braces -Wparentheses -Wswitch -Wno-unused-function -Wno-unused-label -Wno-unused-parameter -Wno-unused-variable -Wunused-value -Wno-empty-body -Wno-uninitialized -Wno-unknown-pragmas -Wno-shadow -Wno-four-char-constants -Wno-conversion -Wno-constant-conversion -Wno-int-conversion -Wno-bool-conversion -Wno-enum-conversion -Wno-float-conversion -Wno-non-literal-null-conversion -Wno-objc-literal-conversion -Wshorten-64-to-32 -Wpointer-sign -Wno-newline-eof -Wno-implicit-fallthrough -isysroot /Applications/Xcode.app/Contents/Developer/Platforms/MacOSX.platform/Developer/SDKs/MacOSX27.0.sdk -fstrict-aliasing -Wdeprecated-declarations -Wno-sign-conversion -Wno-infinite-recursion -Wno-comma -Wno-block-capture-autoreleasing -Wno-strict-prototypes -Wno-semicolon-before-method-body -index-store-path /Users/buddhirajgautam/Library/Developer/Xcode/DerivedData/Telegram-Mac-fygdgghdgmuleoelvxabfmqiotta/Index.noindex/DataStore @/Users/buddhirajgautam/Library/Developer/Xcode/DerivedData/Telegram-Mac-fygdgghdgmuleoelvxabfmqiotta/Build/Intermediates.noindex/OCR.build/Debug/OCR-t.build/Objects-normal/arm64/7187679823f38a2a940e0043cdf9d637-common-args.resp -MMD -MT dependencies -MF /Users/buddhirajgautam/Library/Developer/Xcode/DerivedData/Telegram-Mac-fygdgghdgmuleoelvxabfmqiotta/Build/Intermediates.noindex/OCR.build/Debug/OCR-t.build/Objects-normal/arm64/genann.d --serialize-diagnostics /Users/buddhirajgautam/Library/Developer/Xcode/DerivedData/Telegram-Mac-fygdgghdgmuleoelvxabfmqiotta/Build/Intermediates.noindex/OCR.build/Debug/OCR-t.build/Objects-normal/arm64/genann.dia -c /Users/buddhirajgautam/Documents/Cherrygram-Mac/macOS-Swift/packages/OCR/Sources/genann.c -o /Users/buddhirajgautam/Library/Developer/Xcode/DerivedData/Telegram-Mac-fygdgghdgmuleoelvxabfmqiotta/Build/Intermediates.noindex/OCR.build/Debug/OCR-t.build/Objects-normal/arm64/genann.o -index-unit-output-path /OCR.build/Debug/OCR-t.build/Objects-normal/arm64/genann.o

ScanDependencies /Users/buddhirajgautam/Library/Developer/Xcode/DerivedData/Telegram-Mac-fygdgghdgmuleoelvxabfmqiotta/Build/Intermediates.noindex/NumberPluralization.build/Debug/NumberPluralization-t.build/Objects-normal/arm64/NumberPluralizationForm.o /Users/buddhirajgautam/Documents/Cherrygram-Mac/macOS-Swift/packages/NumberPluralization/Sources/NumberPluralization/NumberPluralizationForm.m normal arm64 objective-c com.apple.compilers.llvm.clang.1_0.compiler (in target 'NumberPluralization' from project 'NumberPluralization')
    cd /Users/buddhirajgautam/Documents/Cherrygram-Mac/macOS-Swift
    
    Using response file: /Users/buddhirajgautam/Library/Developer/Xcode/DerivedData/Telegram-Mac-fygdgghdgmuleoelvxabfmqiotta/Build/Intermediates.noindex/NumberPluralization.build/Debug/NumberPluralization-t.build/Objects-normal/arm64/e6072d4f65d7061329687fe24e3d63a7-common-args.resp
    
    builtin-ScanDependencies -o /Users/buddhirajgautam/Library/Developer/Xcode/DerivedData/Telegram-Mac-fygdgghdgmuleoelvxabfmqiotta/Build/Intermediates.noindex/NumberPluralization.build/Debug/NumberPluralization-t.build/Objects-normal/arm64/NumberPluralizationForm.o.scan -- /Applications/Xcode.app/Contents/Developer/Toolchains/XcodeDefault.xctoolchain/usr/bin/clang -x objective-c -ivfsstatcache /Users/buddhirajgautam/Library/Developer/Xcode/DerivedData/SDKStatCaches.noindex/macosx27.0-26A425-e829b21a6f8c9b70876ba0858053c0447231f6df4def33e022ae2eb8f782df1a.sdkstatcache -target arm64-apple-macos12.0 -fmessage-length\=0 -fdiagnostics-show-note-include-stack -fmacro-backtrace-limit\=0 -fno-color-diagnostics -fmodules-prune-interval\=86400 -fmodules-prune-after\=345600 -fbuild-session-file\=/Users/buddhirajgautam/Library/Developer/Xcode/DerivedData/ModuleCache.noindex/Session.modulevalidation -fmodules-validate-once-per-build-session -Wnon-modular-include-in-framework-module -Werror\=non-modular-include-in-framework-module -Wno-trigraphs -Wno-missing-field-initializers -Wno-missing-prototypes -Wno-return-type -Wno-implicit-atomic-properties -Wno-objc-interface-ivars -Wno-arc-repeated-use-of-weak -Wno-missing-braces -Wparentheses -Wswitch -Wno-unused-function -Wno-unused-label -Wno-unused-parameter -Wno-unused-variable -Wunused-value -Wno-empty-body -Wno-uninitialized -Wno-unknown-pragmas -Wno-shadow -Wno-four-char-constants -Wno-conversion -Wno-constant-conversion -Wno-int-conversion -Wno-bool-conversion -Wno-enum-conversion -Wno-float-conversion -Wno-non-literal-null-conversion -Wno-objc-literal-conversion -Wshorten-64-to-32 -Wpointer-sign -Wno-newline-eof -Wno-selector -Wno-strict-selector-match -Wno-undeclared-selector -Wno-deprecated-implementations -Wno-implicit-fallthrough -isysroot /Applications/Xcode.app/Contents/Developer/Platforms/MacOSX.platform/Developer/SDKs/MacOSX27.0.sdk -fstrict-aliasing -Wprotocol -Wdeprecated-declarations -Wno-sign-conversion -Wno-infinite-recursion -Wno-comma -Wno-block-capture-autoreleasing -Wno-strict-prototypes -Wno-semicolon-before-method-body -index-store-path /Users/buddhirajgautam/Library/Developer/Xcode/DerivedData/Telegram-Mac-fygdgghdgmuleoelvxabfmqiotta/Index.noindex/DataStore @/Users/buddhirajgautam/Library/Developer/Xcode/DerivedData/Telegram-Mac-fygdgghdgmuleoelvxabfmqiotta/Build/Intermediates.noindex/NumberPluralization.build/Debug/NumberPluralization-t.build/Objects-normal/arm64/e6072d4f65d7061329687fe24e3d63a7-common-args.resp -MMD -MT dependencies -MF /Users/buddhirajgautam/Library/Developer/Xcode/DerivedData/Telegram-Mac-fygdgghdgmuleoelvxabfmqiotta/Build/Intermediates.noindex/NumberPluralization.build/Debug/NumberPluralization-t.build/Objects-normal/arm64/NumberPluralizationForm.d --serialize-diagnostics /Users/buddhirajgautam/Library/Developer/Xcode/DerivedData/Telegram-Mac-fygdgghdgmuleoelvxabfmqiotta/Build/Intermediates.noindex/NumberPluralization.build/Debug/NumberPluralization-t.build/Objects-normal/arm64/NumberPluralizationForm.dia -c /Users/buddhirajgautam/Documents/Cherrygram-Mac/macOS-Swift/packages/NumberPluralization/Sources/NumberPluralization/NumberPluralizationForm.m -o /Users/buddhirajgautam/Library/Developer/Xcode/DerivedData/Telegram-Mac-fygdgghdgmuleoelvxabfmqiotta/Build/Intermediates.noindex/NumberPluralization.build/Debug/NumberPluralization-t.build/Objects-normal/arm64/NumberPluralizationForm.o -index-unit-output-path /NumberPluralization.build/Debug/NumberPluralization-t.build/Objects-normal/arm64/NumberPluralizationForm.o

CompileC /Users/buddhirajgautam/Library/Developer/Xcode/DerivedData/Telegram-Mac-fygdgghdgmuleoelvxabfmqiotta/Build/Intermediates.noindex/OCR.build/Debug/OCR-t.build/Objects-normal/arm64/genann.o /Users/buddhirajgautam/Documents/Cherrygram-Mac/macOS-Swift/packages/OCR/Sources/genann.c normal arm64 c com.apple.compilers.llvm.clang.1_0.compiler (in target 'OCR' from project 'OCR')
    cd /Users/buddhirajgautam/Documents/Cherrygram-Mac/macOS-Swift
    
    Using response file: /Users/buddhirajgautam/Library/Developer/Xcode/DerivedData/Telegram-Mac-fygdgghdgmuleoelvxabfmqiotta/Build/Intermediates.noindex/OCR.build/Debug/OCR-t.build/Objects-normal/arm64/7187679823f38a2a940e0043cdf9d637-common-args.resp
    
    /Applications/Xcode.app/Contents/Developer/Toolchains/XcodeDefault.xctoolchain/usr/bin/clang -x c -ivfsstatcache /Users/buddhirajgautam/Library/Developer/Xcode/DerivedData/SDKStatCaches.noindex/macosx27.0-26A425-e829b21a6f8c9b70876ba0858053c0447231f6df4def33e022ae2eb8f782df1a.sdkstatcache -target arm64-apple-macos12.0 -fmessage-length\=0 -fdiagnostics-show-note-include-stack -fmacro-backtrace-limit\=0 -fno-color-diagnostics -fmodules-prune-interval\=86400 -fmodules-prune-after\=345600 -fbuild-session-file\=/Users/buddhirajgautam/Library/Developer/Xcode/DerivedData/ModuleCache.noindex/Session.modulevalidation -fmodules-validate-once-per-build-session -Wnon-modular-include-in-framework-module -Werror\=non-modular-include-in-framework-module -Wno-trigraphs -Wno-missing-field-initializers -Wno-missing-prototypes -Wno-return-type -Wno-missing-braces -Wparentheses -Wswitch -Wno-unused-function -Wno-unused-label -Wno-unused-parameter -Wno-unused-variable -Wunused-value -Wno-empty-body -Wno-uninitialized -Wno-unknown-pragmas -Wno-shadow -Wno-four-char-constants -Wno-conversion -Wno-constant-conversion -Wno-int-conversion -Wno-bool-conversion -Wno-enum-conversion -Wno-float-conversion -Wno-non-literal-null-conversion -Wno-objc-literal-conversion -Wshorten-64-to-32 -Wpointer-sign -Wno-newline-eof -Wno-implicit-fallthrough -isysroot /Applications/Xcode.app/Contents/Developer/Platforms/MacOSX.platform/Developer/SDKs/MacOSX27.0.sdk -fstrict-aliasing -Wdeprecated-declarations -Wno-sign-conversion -Wno-infinite-recursion -Wno-comma -Wno-block-capture-autoreleasing -Wno-strict-prototypes -Wno-semicolon-before-method-body -index-store-path /Users/buddhirajgautam/Library/Developer/Xcode/DerivedData/Telegram-Mac-fygdgghdgmuleoelvxabfmqiotta/Index.noindex/DataStore @/Users/buddhirajgautam/Library/Developer/Xcode/DerivedData/Telegram-Mac-fygdgghdgmuleoelvxabfmqiotta/Build/Intermediates.noindex/OCR.build/Debug/OCR-t.build/Objects-normal/arm64/7187679823f38a2a940e0043cdf9d637-common-args.resp -MMD -MT dependencies -MF /Users/buddhirajgautam/Library/Developer/Xcode/DerivedData/Telegram-Mac-fygdgghdgmuleoelvxabfmqiotta/Build/Intermediates.noindex/OCR.build/Debug/OCR-t.build/Objects-normal/arm64/genann.d --serialize-diagnostics /Users/buddhirajgautam/Library/Developer/Xcode/DerivedData/Telegram-Mac-fygdgghdgmuleoelvxabfmqiotta/Build/Intermediates.noindex/OCR.build/Debug/OCR-t.build/Objects-normal/arm64/genann.dia -c /Users/buddhirajgautam/Documents/Cherrygram-Mac/macOS-Swift/packages/OCR/Sources/genann.c -o /Users/buddhirajgautam/Library/Developer/Xcode/DerivedData/Telegram-Mac-fygdgghdgmuleoelvxabfmqiotta/Build/Intermediates.noindex/OCR.build/Debug/OCR-t.build/Objects-normal/arm64/genann.o -index-unit-output-path /OCR.build/Debug/OCR-t.build/Objects-normal/arm64/genann.o

CompileC /Users/buddhirajgautam/Library/Developer/Xcode/DerivedData/Telegram-Mac-fygdgghdgmuleoelvxabfmqiotta/Build/Intermediates.noindex/OpusBinding.build/Debug/OpusBinding-t.build/Objects-normal/arm64/opusenc.o /Users/buddhirajgautam/Documents/Cherrygram-Mac/macOS-Swift/submodules/telegram-ios/submodules/OpusBinding/Sources/opusenc/opusenc.m normal arm64 objective-c com.apple.compilers.llvm.clang.1_0.compiler (in target 'OpusBinding' from project 'OpusBinding')
    cd /Users/buddhirajgautam/Documents/Cherrygram-Mac/macOS-Swift
    
    Using response file: /Users/buddhirajgautam/Library/Developer/Xcode/DerivedData/Telegram-Mac-fygdgghdgmuleoelvxabfmqiotta/Build/Intermediates.noindex/OpusBinding.build/Debug/OpusBinding-t.build/Objects-normal/arm64/e6072d4f65d7061329687fe24e3d63a7-common-args.resp
    
    /Applications/Xcode.app/Contents/Developer/Toolchains/XcodeDefault.xctoolchain/usr/bin/clang -x objective-c -ivfsstatcache /Users/buddhirajgautam/Library/Developer/Xcode/DerivedData/SDKStatCaches.noindex/macosx27.0-26A425-e829b21a6f8c9b70876ba0858053c0447231f6df4def33e022ae2eb8f782df1a.sdkstatcache -target arm64-apple-macos12.0 -fmessage-length\=0 -fdiagnostics-show-note-include-stack -fmacro-backtrace-limit\=0 -fno-color-diagnostics -fmodules-prune-interval\=86400 -fmodules-prune-after\=345600 -fbuild-session-file\=/Users/buddhirajgautam/Library/Developer/Xcode/DerivedData/ModuleCache.noindex/Session.modulevalidation -fmodules-validate-once-per-build-session -Wnon-modular-include-in-framework-module -Werror\=non-modular-include-in-framework-module -Wno-trigraphs -Wno-missing-field-initializers -Wno-missing-prototypes -Wno-return-type -Wno-implicit-atomic-properties -Wno-objc-interface-ivars -Wno-arc-repeated-use-of-weak -Wno-missing-braces -Wparentheses -Wswitch -Wno-unused-function -Wno-unused-label -Wno-unused-parameter -Wno-unused-variable -Wunused-value -Wno-empty-body -Wno-uninitialized -Wno-unknown-pragmas -Wno-shadow -Wno-four-char-constants -Wno-conversion -Wno-constant-conversion -Wno-int-conversion -Wno-bool-conversion -Wno-enum-conversion -Wno-float-conversion -Wno-non-literal-null-conversion -Wno-objc-literal-conversion -Wshorten-64-to-32 -Wpointer-sign -Wno-newline-eof -Wno-selector -Wno-strict-selector-match -Wno-undeclared-selector -Wno-deprecated-implementations -Wno-implicit-fallthrough -isysroot /Applications/Xcode.app/Contents/Developer/Platforms/MacOSX.platform/Developer/SDKs/MacOSX27.0.sdk -fstrict-aliasing -Wprotocol -Wdeprecated-declarations -Wno-sign-conversion -Wno-infinite-recursion -Wno-comma -Wno-block-capture-autoreleasing -Wno-strict-prototypes -Wno-semicolon-before-method-body -index-store-path /Users/buddhirajgautam/Library/Developer/Xcode/DerivedData/Telegram-Mac-fygdgghdgmuleoelvxabfmqiotta/Index.noindex/DataStore @/Users/buddhirajgautam/Library/Developer/Xcode/DerivedData/Telegram-Mac-fygdgghdgmuleoelvxabfmqiotta/Build/Intermediates.noindex/OpusBinding.build/Debug/OpusBinding-t.build/Objects-normal/arm64/e6072d4f65d7061329687fe24e3d63a7-common-args.resp -MMD -MT dependencies -MF /Users/buddhirajgautam/Library/Developer/Xcode/DerivedData/Telegram-Mac-fygdgghdgmuleoelvxabfmqiotta/Build/Intermediates.noindex/OpusBinding.build/Debug/OpusBinding-t.build/Objects-normal/arm64/opusenc.d --serialize-diagnostics /Users/buddhirajgautam/Library/Developer/Xcode/DerivedData/Telegram-Mac-fygdgghdgmuleoelvxabfmqiotta/Build/Intermediates.noindex/OpusBinding.build/Debug/OpusBinding-t.build/Objects-normal/arm64/opusenc.dia -c /Users/buddhirajgautam/Documents/Cherrygram-Mac/macOS-Swift/submodules/telegram-ios/submodules/OpusBinding/Sources/opusenc/opusenc.m -o /Users/buddhirajgautam/Library/Developer/Xcode/DerivedData/Telegram-Mac-fygdgghdgmuleoelvxabfmqiotta/Build/Intermediates.noindex/OpusBinding.build/Debug/OpusBinding-t.build/Objects-normal/arm64/opusenc.o -index-unit-output-path /OpusBinding.build/Debug/OpusBinding-t.build/Objects-normal/arm64/opusenc.o

CompileC /Users/buddhirajgautam/Library/Developer/Xcode/DerivedData/Telegram-Mac-fygdgghdgmuleoelvxabfmqiotta/Build/Intermediates.noindex/OpusBinding.build/Debug/OpusBinding-t.build/Objects-normal/arm64/OggOpusReader.o /Users/buddhirajgautam/Documents/Cherrygram-Mac/macOS-Swift/submodules/telegram-ios/submodules/OpusBinding/Sources/OggOpusReader.m normal arm64 objective-c com.apple.compilers.llvm.clang.1_0.compiler (in target 'OpusBinding' from project 'OpusBinding')
    cd /Users/buddhirajgautam/Documents/Cherrygram-Mac/macOS-Swift
    
    Using response file: /Users/buddhirajgautam/Library/Developer/Xcode/DerivedData/Telegram-Mac-fygdgghdgmuleoelvxabfmqiotta/Build/Intermediates.noindex/OpusBinding.build/Debug/OpusBinding-t.build/Objects-normal/arm64/e6072d4f65d7061329687fe24e3d63a7-common-args.resp
    
    /Applications/Xcode.app/Contents/Developer/Toolchains/XcodeDefault.xctoolchain/usr/bin/clang -x objective-c -ivfsstatcache /Users/buddhirajgautam/Library/Developer/Xcode/DerivedData/SDKStatCaches.noindex/macosx27.0-26A425-e829b21a6f8c9b70876ba0858053c0447231f6df4def33e022ae2eb8f782df1a.sdkstatcache -target arm64-apple-macos12.0 -fmessage-length\=0 -fdiagnostics-show-note-include-stack -fmacro-backtrace-limit\=0 -fno-color-diagnostics -fmodules-prune-interval\=86400 -fmodules-prune-after\=345600 -fbuild-session-file\=/Users/buddhirajgautam/Library/Developer/Xcode/DerivedData/ModuleCache.noindex/Session.modulevalidation -fmodules-validate-once-per-build-session -Wnon-modular-include-in-framework-module -Werror\=non-modular-include-in-framework-module -Wno-trigraphs -Wno-missing-field-initializers -Wno-missing-prototypes -Wno-return-type -Wno-implicit-atomic-properties -Wno-objc-interface-ivars -Wno-arc-repeated-use-of-weak -Wno-missing-braces -Wparentheses -Wswitch -Wno-unused-function -Wno-unused-label -Wno-unused-parameter -Wno-unused-variable -Wunused-value -Wno-empty-body -Wno-uninitialized -Wno-unknown-pragmas -Wno-shadow -Wno-four-char-constants -Wno-conversion -Wno-constant-conversion -Wno-int-conversion -Wno-bool-conversion -Wno-enum-conversion -Wno-float-conversion -Wno-non-literal-null-conversion -Wno-objc-literal-conversion -Wshorten-64-to-32 -Wpointer-sign -Wno-newline-eof -Wno-selector -Wno-strict-selector-match -Wno-undeclared-selector -Wno-deprecated-implementations -Wno-implicit-fallthrough -isysroot /Applications/Xcode.app/Contents/Developer/Platforms/MacOSX.platform/Developer/SDKs/MacOSX27.0.sdk -fstrict-aliasing -Wprotocol -Wdeprecated-declarations -Wno-sign-conversion -Wno-infinite-recursion -Wno-comma -Wno-block-capture-autoreleasing -Wno-strict-prototypes -Wno-semicolon-before-method-body -index-store-path /Users/buddhirajgautam/Library/Developer/Xcode/DerivedData/Telegram-Mac-fygdgghdgmuleoelvxabfmqiotta/Index.noindex/DataStore @/Users/buddhirajgautam/Library/Developer/Xcode/DerivedData/Telegram-Mac-fygdgghdgmuleoelvxabfmqiotta/Build/Intermediates.noindex/OpusBinding.build/Debug/OpusBinding-t.build/Objects-normal/arm64/e6072d4f65d7061329687fe24e3d63a7-common-args.resp -MMD -MT dependencies -MF /Users/buddhirajgautam/Library/Developer/Xcode/DerivedData/Telegram-Mac-fygdgghdgmuleoelvxabfmqiotta/Build/Intermediates.noindex/OpusBinding.build/Debug/OpusBinding-t.build/Objects-normal/arm64/OggOpusReader.d --serialize-diagnostics /Users/buddhirajgautam/Library/Developer/Xcode/DerivedData/Telegram-Mac-fygdgghdgmuleoelvxabfmqiotta/Build/Intermediates.noindex/OpusBinding.build/Debug/OpusBinding-t.build/Objects-normal/arm64/OggOpusReader.dia -c /Users/buddhirajgautam/Documents/Cherrygram-Mac/macOS-Swift/submodules/telegram-ios/submodules/OpusBinding/Sources/OggOpusReader.m -o /Users/buddhirajgautam/Library/Developer/Xcode/DerivedData/Telegram-Mac-fygdgghdgmuleoelvxabfmqiotta/Build/Intermediates.noindex/OpusBinding.build/Debug/OpusBinding-t.build/Objects-normal/arm64/OggOpusReader.o -index-unit-output-path /OpusBinding.build/Debug/OpusBinding-t.build/Objects-normal/arm64/OggOpusReader.o

CompileC /Users/buddhirajgautam/Library/Developer/Xcode/DerivedData/Telegram-Mac-fygdgghdgmuleoelvxabfmqiotta/Build/Intermediates.noindex/OpusBinding.build/Debug/OpusBinding-t.build/Objects-normal/arm64/TGDataItem.o /Users/buddhirajgautam/Documents/Cherrygram-Mac/macOS-Swift/submodules/telegram-ios/submodules/OpusBinding/Sources/TGDataItem.m normal arm64 objective-c com.apple.compilers.llvm.clang.1_0.compiler (in target 'OpusBinding' from project 'OpusBinding')
    cd /Users/buddhirajgautam/Documents/Cherrygram-Mac/macOS-Swift
    
    Using response file: /Users/buddhirajgautam/Library/Developer/Xcode/DerivedData/Telegram-Mac-fygdgghdgmuleoelvxabfmqiotta/Build/Intermediates.noindex/OpusBinding.build/Debug/OpusBinding-t.build/Objects-normal/arm64/e6072d4f65d7061329687fe24e3d63a7-common-args.resp
    
    /Applications/Xcode.app/Contents/Developer/Toolchains/XcodeDefault.xctoolchain/usr/bin/clang -x objective-c -ivfsstatcache /Users/buddhirajgautam/Library/Developer/Xcode/DerivedData/SDKStatCaches.noindex/macosx27.0-26A425-e829b21a6f8c9b70876ba0858053c0447231f6df4def33e022ae2eb8f782df1a.sdkstatcache -target arm64-apple-macos12.0 -fmessage-length\=0 -fdiagnostics-show-note-include-stack -fmacro-backtrace-limit\=0 -fno-color-diagnostics -fmodules-prune-interval\=86400 -fmodules-prune-after\=345600 -fbuild-session-file\=/Users/buddhirajgautam/Library/Developer/Xcode/DerivedData/ModuleCache.noindex/Session.modulevalidation -fmodules-validate-once-per-build-session -Wnon-modular-include-in-framework-module -Werror\=non-modular-include-in-framework-module -Wno-trigraphs -Wno-missing-field-initializers -Wno-missing-prototypes -Wno-return-type -Wno-implicit-atomic-properties -Wno-objc-interface-ivars -Wno-arc-repeated-use-of-weak -Wno-missing-braces -Wparentheses -Wswitch -Wno-unused-function -Wno-unused-label -Wno-unused-parameter -Wno-unused-variable -Wunused-value -Wno-empty-body -Wno-uninitialized -Wno-unknown-pragmas -Wno-shadow -Wno-four-char-constants -Wno-conversion -Wno-constant-conversion -Wno-int-conversion -Wno-bool-conversion -Wno-enum-conversion -Wno-float-conversion -Wno-non-literal-null-conversion -Wno-objc-literal-conversion -Wshorten-64-to-32 -Wpointer-sign -Wno-newline-eof -Wno-selector -Wno-strict-selector-match -Wno-undeclared-selector -Wno-deprecated-implementations -Wno-implicit-fallthrough -isysroot /Applications/Xcode.app/Contents/Developer/Platforms/MacOSX.platform/Developer/SDKs/MacOSX27.0.sdk -fstrict-aliasing -Wprotocol -Wdeprecated-declarations -Wno-sign-conversion -Wno-infinite-recursion -Wno-comma -Wno-block-capture-autoreleasing -Wno-strict-prototypes -Wno-semicolon-before-method-body -index-store-path /Users/buddhirajgautam/Library/Developer/Xcode/DerivedData/Telegram-Mac-fygdgghdgmuleoelvxabfmqiotta/Index.noindex/DataStore @/Users/buddhirajgautam/Library/Developer/Xcode/DerivedData/Telegram-Mac-fygdgghdgmuleoelvxabfmqiotta/Build/Intermediates.noindex/OpusBinding.build/Debug/OpusBinding-t.build/Objects-normal/arm64/e6072d4f65d7061329687fe24e3d63a7-common-args.resp -MMD -MT dependencies -MF /Users/buddhirajgautam/Library/Developer/Xcode/DerivedData/Telegram-Mac-fygdgghdgmuleoelvxabfmqiotta/Build/Intermediates.noindex/OpusBinding.build/Debug/OpusBinding-t.build/Objects-normal/arm64/TGDataItem.d --serialize-diagnostics /Users/buddhirajgautam/Library/Developer/Xcode/DerivedData/Telegram-Mac-fygdgghdgmuleoelvxabfmqiotta/Build/Intermediates.noindex/OpusBinding.build/Debug/OpusBinding-t.build/Objects-normal/arm64/TGDataItem.dia -c /Users/buddhirajgautam/Documents/Cherrygram-Mac/macOS-Swift/submodules/telegram-ios/submodules/OpusBinding/Sources/TGDataItem.m -o /Users/buddhirajgautam/Library/Developer/Xcode/DerivedData/Telegram-Mac-fygdgghdgmuleoelvxabfmqiotta/Build/Intermediates.noindex/OpusBinding.build/Debug/OpusBinding-t.build/Objects-normal/arm64/TGDataItem.o -index-unit-output-path /OpusBinding.build/Debug/OpusBinding-t.build/Objects-normal/arm64/TGDataItem.o

Ld /Users/buddhirajgautam/Library/Developer/Xcode/DerivedData/Telegram-Mac-fygdgghdgmuleoelvxabfmqiotta/Build/Products/Debug/OCR.o normal (in target 'OCR' from project 'OCR')
    cd /Users/buddhirajgautam/Documents/Cherrygram-Mac/macOS-Swift/packages/OCR
    /Applications/Xcode.app/Contents/Developer/Toolchains/XcodeDefault.xctoolchain/usr/bin/clang++ -Xlinker -reproducible -target arm64-apple-macos12.0 -r -isysroot /Applications/Xcode.app/Contents/Developer/Platforms/MacOSX.platform/Developer/SDKs/MacOSX27.0.sdk -O0 -Xlinker -no_warn_duplicate_libraries -F/Users/buddhirajgautam/Library/Developer/Xcode/DerivedData/Telegram-Mac-fygdgghdgmuleoelvxabfmqiotta/Build/Intermediates.noindex/EagerLinkingTBDs/Debug -F/Users/buddhirajgautam/Library/Developer/Xcode/DerivedData/Telegram-Mac-fygdgghdgmuleoelvxabfmqiotta/Build/Products/Debug -iframework /Applications/Xcode.app/Contents/Developer/Platforms/MacOSX.platform/Developer/Library/Frameworks -filelist /Users/buddhirajgautam/Library/Developer/Xcode/DerivedData/Telegram-Mac-fygdgghdgmuleoelvxabfmqiotta/Build/Intermediates.noindex/OCR.build/Debug/OCR-t.build/Objects-normal/arm64/OCR.LinkFileList -nostdlib -Xlinker -object_path_lto -Xlinker /Users/buddhirajgautam/Library/Developer/Xcode/DerivedData/Telegram-Mac-fygdgghdgmuleoelvxabfmqiotta/Build/Intermediates.noindex/OCR.build/Debug/OCR-t.build/Objects-normal/arm64/OCR_lto.o -Xlinker -no_deduplicate -Xlinker -debug_variant -Xlinker -dependency_info -Xlinker /Users/buddhirajgautam/Library/Developer/Xcode/DerivedData/Telegram-Mac-fygdgghdgmuleoelvxabfmqiotta/Build/Intermediates.noindex/OCR.build/Debug/OCR-t.build/Objects-normal/arm64/OCR_dependency_info.dat -fobjc-arc -fobjc-link-runtime -o /Users/buddhirajgautam/Library/Developer/Xcode/DerivedData/Telegram-Mac-fygdgghdgmuleoelvxabfmqiotta/Build/Products/Debug/OCR.o

ScanDependencies /Users/buddhirajgautam/Library/Developer/Xcode/DerivedData/Telegram-Mac-fygdgghdgmuleoelvxabfmqiotta/Build/Intermediates.noindex/NetworkLogging.build/Debug/NetworkLogging-t.build/Objects-normal/arm64/NetworkLogging.o /Users/buddhirajgautam/Documents/Cherrygram-Mac/macOS-Swift/submodules/telegram-ios/submodules/NetworkLogging/Sources/NetworkLogging.m normal arm64 objective-c com.apple.compilers.llvm.clang.1_0.compiler (in target 'NetworkLogging' from project 'NetworkLogging')
    cd /Users/buddhirajgautam/Documents/Cherrygram-Mac/macOS-Swift
    
    Using response file: /Users/buddhirajgautam/Library/Developer/Xcode/DerivedData/Telegram-Mac-fygdgghdgmuleoelvxabfmqiotta/Build/Intermediates.noindex/NetworkLogging.build/Debug/NetworkLogging-t.build/Objects-normal/arm64/e6072d4f65d7061329687fe24e3d63a7-common-args.resp
    
    builtin-ScanDependencies -o /Users/buddhirajgautam/Library/Developer/Xcode/DerivedData/Telegram-Mac-fygdgghdgmuleoelvxabfmqiotta/Build/Intermediates.noindex/NetworkLogging.build/Debug/NetworkLogging-t.build/Objects-normal/arm64/NetworkLogging.o.scan -- /Applications/Xcode.app/Contents/Developer/Toolchains/XcodeDefault.xctoolchain/usr/bin/clang -x objective-c -ivfsstatcache /Users/buddhirajgautam/Library/Developer/Xcode/DerivedData/SDKStatCaches.noindex/macosx27.0-26A425-e829b21a6f8c9b70876ba0858053c0447231f6df4def33e022ae2eb8f782df1a.sdkstatcache -target arm64-apple-macos12.0 -fmessage-length\=0 -fdiagnostics-show-note-include-stack -fmacro-backtrace-limit\=0 -fno-color-diagnostics -fmodules-prune-interval\=86400 -fmodules-prune-after\=345600 -fbuild-session-file\=/Users/buddhirajgautam/Library/Developer/Xcode/DerivedData/ModuleCache.noindex/Session.modulevalidation -fmodules-validate-once-per-build-session -Wnon-modular-include-in-framework-module -Werror\=non-modular-include-in-framework-module -Wno-trigraphs -Wno-missing-field-initializers -Wno-missing-prototypes -Wno-return-type -Wno-implicit-atomic-properties -Wno-objc-interface-ivars -Wno-arc-repeated-use-of-weak -Wno-missing-braces -Wparentheses -Wswitch -Wno-unused-function -Wno-unused-label -Wno-unused-parameter -Wno-unused-variable -Wunused-value -Wno-empty-body -Wno-uninitialized -Wno-unknown-pragmas -Wno-shadow -Wno-four-char-constants -Wno-conversion -Wno-constant-conversion -Wno-int-conversion -Wno-bool-conversion -Wno-enum-conversion -Wno-float-conversion -Wno-non-literal-null-conversion -Wno-objc-literal-conversion -Wshorten-64-to-32 -Wpointer-sign -Wno-newline-eof -Wno-selector -Wno-strict-selector-match -Wno-undeclared-selector -Wno-deprecated-implementations -Wno-implicit-fallthrough -isysroot /Applications/Xcode.app/Contents/Developer/Platforms/MacOSX.platform/Developer/SDKs/MacOSX27.0.sdk -fstrict-aliasing -Wprotocol -Wdeprecated-declarations -Wno-sign-conversion -Wno-infinite-recursion -Wno-comma -Wno-block-capture-autoreleasing -Wno-strict-prototypes -Wno-semicolon-before-method-body -index-store-path /Users/buddhirajgautam/Library/Developer/Xcode/DerivedData/Telegram-Mac-fygdgghdgmuleoelvxabfmqiotta/Index.noindex/DataStore @/Users/buddhirajgautam/Library/Developer/Xcode/DerivedData/Telegram-Mac-fygdgghdgmuleoelvxabfmqiotta/Build/Intermediates.noindex/NetworkLogging.build/Debug/NetworkLogging-t.build/Objects-normal/arm64/e6072d4f65d7061329687fe24e3d63a7-common-args.resp -MMD -MT dependencies -MF /Users/buddhirajgautam/Library/Developer/Xcode/DerivedData/Telegram-Mac-fygdgghdgmuleoelvxabfmqiotta/Build/Intermediates.noindex/NetworkLogging.build/Debug/NetworkLogging-t.build/Objects-normal/arm64/NetworkLogging.d --serialize-diagnostics /Users/buddhirajgautam/Library/Developer/Xcode/DerivedData/Telegram-Mac-fygdgghdgmuleoelvxabfmqiotta/Build/Intermediates.noindex/NetworkLogging.build/Debug/NetworkLogging-t.build/Objects-normal/arm64/NetworkLogging.dia -c /Users/buddhirajgautam/Documents/Cherrygram-Mac/macOS-Swift/submodules/telegram-ios/submodules/NetworkLogging/Sources/NetworkLogging.m -o /Users/buddhirajgautam/Library/Developer/Xcode/DerivedData/Telegram-Mac-fygdgghdgmuleoelvxabfmqiotta/Build/Intermediates.noindex/NetworkLogging.build/Debug/NetworkLogging-t.build/Objects-normal/arm64/NetworkLogging.o -index-unit-output-path /NetworkLogging.build/Debug/NetworkLogging-t.build/Objects-normal/arm64/NetworkLogging.o

ScanDependencies /Users/buddhirajgautam/Library/Developer/Xcode/DerivedData/Telegram-Mac-fygdgghdgmuleoelvxabfmqiotta/Build/Intermediates.noindex/MurMurHash32.build/Debug/MurMurHash32-t.build/Objects-normal/arm64/MurMurHash32.o /Users/buddhirajgautam/Documents/Cherrygram-Mac/macOS-Swift/submodules/telegram-ios/submodules/MurMurHash32/Sources/MurMurHash32.m normal arm64 objective-c com.apple.compilers.llvm.clang.1_0.compiler (in target 'MurMurHash32' from project 'MurMurHash32')
    cd /Users/buddhirajgautam/Documents/Cherrygram-Mac/macOS-Swift
    
    Using response file: /Users/buddhirajgautam/Library/Developer/Xcode/DerivedData/Telegram-Mac-fygdgghdgmuleoelvxabfmqiotta/Build/Intermediates.noindex/MurMurHash32.build/Debug/MurMurHash32-t.build/Objects-normal/arm64/e6072d4f65d7061329687fe24e3d63a7-common-args.resp
    
    builtin-ScanDependencies -o /Users/buddhirajgautam/Library/Developer/Xcode/DerivedData/Telegram-Mac-fygdgghdgmuleoelvxabfmqiotta/Build/Intermediates.noindex/MurMurHash32.build/Debug/MurMurHash32-t.build/Objects-normal/arm64/MurMurHash32.o.scan -- /Applications/Xcode.app/Contents/Developer/Toolchains/XcodeDefault.xctoolchain/usr/bin/clang -x objective-c -ivfsstatcache /Users/buddhirajgautam/Library/Developer/Xcode/DerivedData/SDKStatCaches.noindex/macosx27.0-26A425-e829b21a6f8c9b70876ba0858053c0447231f6df4def33e022ae2eb8f782df1a.sdkstatcache -target arm64-apple-macos12.0 -fmessage-length\=0 -fdiagnostics-show-note-include-stack -fmacro-backtrace-limit\=0 -fno-color-diagnostics -fmodules-prune-interval\=86400 -fmodules-prune-after\=345600 -fbuild-session-file\=/Users/buddhirajgautam/Library/Developer/Xcode/DerivedData/ModuleCache.noindex/Session.modulevalidation -fmodules-validate-once-per-build-session -Wnon-modular-include-in-framework-module -Werror\=non-modular-include-in-framework-module -Wno-trigraphs -Wno-missing-field-initializers -Wno-missing-prototypes -Wno-return-type -Wno-implicit-atomic-properties -Wno-objc-interface-ivars -Wno-arc-repeated-use-of-weak -Wno-missing-braces -Wparentheses -Wswitch -Wno-unused-function -Wno-unused-label -Wno-unused-parameter -Wno-unused-variable -Wunused-value -Wno-empty-body -Wno-uninitialized -Wno-unknown-pragmas -Wno-shadow -Wno-four-char-constants -Wno-conversion -Wno-constant-conversion -Wno-int-conversion -Wno-bool-conversion -Wno-enum-conversion -Wno-float-conversion -Wno-non-literal-null-conversion -Wno-objc-literal-conversion -Wshorten-64-to-32 -Wpointer-sign -Wno-newline-eof -Wno-selector -Wno-strict-selector-match -Wno-undeclared-selector -Wno-deprecated-implementations -Wno-implicit-fallthrough -isysroot /Applications/Xcode.app/Contents/Developer/Platforms/MacOSX.platform/Developer/SDKs/MacOSX27.0.sdk -fstrict-aliasing -Wprotocol -Wdeprecated-declarations -Wno-sign-conversion -Wno-infinite-recursion -Wno-comma -Wno-block-capture-autoreleasing -Wno-strict-prototypes -Wno-semicolon-before-method-body -index-store-path /Users/buddhirajgautam/Library/Developer/Xcode/DerivedData/Telegram-Mac-fygdgghdgmuleoelvxabfmqiotta/Index.noindex/DataStore @/Users/buddhirajgautam/Library/Developer/Xcode/DerivedData/Telegram-Mac-fygdgghdgmuleoelvxabfmqiotta/Build/Intermediates.noindex/MurMurHash32.build/Debug/MurMurHash32-t.build/Objects-normal/arm64/e6072d4f65d7061329687fe24e3d63a7-common-args.resp -MMD -MT dependencies -MF /Users/buddhirajgautam/Library/Developer/Xcode/DerivedData/Telegram-Mac-fygdgghdgmuleoelvxabfmqiotta/Build/Intermediates.noindex/MurMurHash32.build/Debug/MurMurHash32-t.build/Objects-normal/arm64/MurMurHash32.d --serialize-diagnostics /Users/buddhirajgautam/Library/Developer/Xcode/DerivedData/Telegram-Mac-fygdgghdgmuleoelvxabfmqiotta/Build/Intermediates.noindex/MurMurHash32.build/Debug/MurMurHash32-t.build/Objects-normal/arm64/MurMurHash32.dia -c /Users/buddhirajgautam/Documents/Cherrygram-Mac/macOS-Swift/submodules/telegram-ios/submodules/MurMurHash32/Sources/MurMurHash32.m -o /Users/buddhirajgautam/Library/Developer/Xcode/DerivedData/Telegram-Mac-fygdgghdgmuleoelvxabfmqiotta/Build/Intermediates.noindex/MurMurHash32.build/Debug/MurMurHash32-t.build/Objects-normal/arm64/MurMurHash32.o -index-unit-output-path /MurMurHash32.build/Debug/MurMurHash32-t.build/Objects-normal/arm64/MurMurHash32.o

Ld /Users/buddhirajgautam/Library/Developer/Xcode/DerivedData/Telegram-Mac-fygdgghdgmuleoelvxabfmqiotta/Build/Products/Debug/OpusBinding.o normal (in target 'OpusBinding' from project 'OpusBinding')
    cd /Users/buddhirajgautam/Documents/Cherrygram-Mac/macOS-Swift/submodules/telegram-ios/submodules/OpusBinding
    /Applications/Xcode.app/Contents/Developer/Toolchains/XcodeDefault.xctoolchain/usr/bin/clang -Xlinker -reproducible -target arm64-apple-macos12.0 -r -isysroot /Applications/Xcode.app/Contents/Developer/Platforms/MacOSX.platform/Developer/SDKs/MacOSX27.0.sdk -O0 -Xlinker -no_warn_duplicate_libraries -F/Users/buddhirajgautam/Library/Developer/Xcode/DerivedData/Telegram-Mac-fygdgghdgmuleoelvxabfmqiotta/Build/Intermediates.noindex/EagerLinkingTBDs/Debug -F/Users/buddhirajgautam/Library/Developer/Xcode/DerivedData/Telegram-Mac-fygdgghdgmuleoelvxabfmqiotta/Build/Products/Debug -iframework /Applications/Xcode.app/Contents/Developer/Platforms/MacOSX.platform/Developer/Library/Frameworks -filelist /Users/buddhirajgautam/Library/Developer/Xcode/DerivedData/Telegram-Mac-fygdgghdgmuleoelvxabfmqiotta/Build/Intermediates.noindex/OpusBinding.build/Debug/OpusBinding-t.build/Objects-normal/arm64/OpusBinding.LinkFileList -nostdlib -Xlinker -object_path_lto -Xlinker /Users/buddhirajgautam/Library/Developer/Xcode/DerivedData/Telegram-Mac-fygdgghdgmuleoelvxabfmqiotta/Build/Intermediates.noindex/OpusBinding.build/Debug/OpusBinding-t.build/Objects-normal/arm64/OpusBinding_lto.o -Xlinker -no_deduplicate -Xlinker -debug_variant -Xlinker -dependency_info -Xlinker /Users/buddhirajgautam/Library/Developer/Xcode/DerivedData/Telegram-Mac-fygdgghdgmuleoelvxabfmqiotta/Build/Intermediates.noindex/OpusBinding.build/Debug/OpusBinding-t.build/Objects-normal/arm64/OpusBinding_dependency_info.dat -fobjc-arc -fobjc-link-runtime -o /Users/buddhirajgautam/Library/Developer/Xcode/DerivedData/Telegram-Mac-fygdgghdgmuleoelvxabfmqiotta/Build/Products/Debug/OpusBinding.o

ScanDependencies /Users/buddhirajgautam/Library/Developer/Xcode/DerivedData/Telegram-Mac-fygdgghdgmuleoelvxabfmqiotta/Build/Intermediates.noindex/MtProtoKit.build/Debug/MtProtoKit-t.build/Objects-normal/arm64/PingFoundation.o /Users/buddhirajgautam/Documents/Cherrygram-Mac/macOS-Swift/submodules/telegram-ios/submodules/MtProtoKit/Sources/PingFoundation.m normal arm64 objective-c com.apple.compilers.llvm.clang.1_0.compiler (in target 'MtProtoKit' from project 'MtProtoKit')
    cd /Users/buddhirajgautam/Documents/Cherrygram-Mac/macOS-Swift
    
    Using response file: /Users/buddhirajgautam/Library/Developer/Xcode/DerivedData/Telegram-Mac-fygdgghdgmuleoelvxabfmqiotta/Build/Intermediates.noindex/MtProtoKit.build/Debug/MtProtoKit-t.build/Objects-normal/arm64/e6072d4f65d7061329687fe24e3d63a7-common-args.resp
    
    builtin-ScanDependencies -o /Users/buddhirajgautam/Library/Developer/Xcode/DerivedData/Telegram-Mac-fygdgghdgmuleoelvxabfmqiotta/Build/Intermediates.noindex/MtProtoKit.build/Debug/MtProtoKit-t.build/Objects-normal/arm64/PingFoundation.o.scan -- /Applications/Xcode.app/Contents/Developer/Toolchains/XcodeDefault.xctoolchain/usr/bin/clang -x objective-c -ivfsstatcache /Users/buddhirajgautam/Library/Developer/Xcode/DerivedData/SDKStatCaches.noindex/macosx27.0-26A425-e829b21a6f8c9b70876ba0858053c0447231f6df4def33e022ae2eb8f782df1a.sdkstatcache -target arm64-apple-macos12.0 -fmessage-length\=0 -fdiagnostics-show-note-include-stack -fmacro-backtrace-limit\=0 -fno-color-diagnostics -fmodules-prune-interval\=86400 -fmodules-prune-after\=345600 -fbuild-session-file\=/Users/buddhirajgautam/Library/Developer/Xcode/DerivedData/ModuleCache.noindex/Session.modulevalidation -fmodules-validate-once-per-build-session -Wnon-modular-include-in-framework-module -Werror\=non-modular-include-in-framework-module -Wno-trigraphs -Wno-missing-field-initializers -Wno-missing-prototypes -Wno-return-type -Wno-implicit-atomic-properties -Wno-objc-interface-ivars -Wno-arc-repeated-use-of-weak -Wno-missing-braces -Wparentheses -Wswitch -Wno-unused-function -Wno-unused-label -Wno-unused-parameter -Wno-unused-variable -Wunused-value -Wno-empty-body -Wno-uninitialized -Wno-unknown-pragmas -Wno-shadow -Wno-four-char-constants -Wno-conversion -Wno-constant-conversion -Wno-int-conversion -Wno-bool-conversion -Wno-enum-conversion -Wno-float-conversion -Wno-non-literal-null-conversion -Wno-objc-literal-conversion -Wshorten-64-to-32 -Wpointer-sign -Wno-newline-eof -Wno-selector -Wno-strict-selector-match -Wno-undeclared-selector -Wno-deprecated-implementations -Wno-implicit-fallthrough -isysroot /Applications/Xcode.app/Contents/Developer/Platforms/MacOSX.platform/Developer/SDKs/MacOSX27.0.sdk -fstrict-aliasing -Wprotocol -Wdeprecated-declarations -Wno-sign-conversion -Wno-infinite-recursion -Wno-comma -Wno-block-capture-autoreleasing -Wno-strict-prototypes -Wno-semicolon-before-method-body -index-store-path /Users/buddhirajgautam/Library/Developer/Xcode/DerivedData/Telegram-Mac-fygdgghdgmuleoelvxabfmqiotta/Index.noindex/DataStore @/Users/buddhirajgautam/Library/Developer/Xcode/DerivedData/Telegram-Mac-fygdgghdgmuleoelvxabfmqiotta/Build/Intermediates.noindex/MtProtoKit.build/Debug/MtProtoKit-t.build/Objects-normal/arm64/e6072d4f65d7061329687fe24e3d63a7-common-args.resp -MMD -MT dependencies -MF /Users/buddhirajgautam/Library/Developer/Xcode/DerivedData/Telegram-Mac-fygdgghdgmuleoelvxabfmqiotta/Build/Intermediates.noindex/MtProtoKit.build/Debug/MtProtoKit-t.build/Objects-normal/arm64/PingFoundation.d --serialize-diagnostics /Users/buddhirajgautam/Library/Developer/Xcode/DerivedData/Telegram-Mac-fygdgghdgmuleoelvxabfmqiotta/Build/Intermediates.noindex/MtProtoKit.build/Debug/MtProtoKit-t.build/Objects-normal/arm64/PingFoundation.dia -c /Users/buddhirajgautam/Documents/Cherrygram-Mac/macOS-Swift/submodules/telegram-ios/submodules/MtProtoKit/Sources/PingFoundation.m -o /Users/buddhirajgautam/Library/Developer/Xcode/DerivedData/Telegram-Mac-fygdgghdgmuleoelvxabfmqiotta/Build/Intermediates.noindex/MtProtoKit.build/Debug/MtProtoKit-t.build/Objects-normal/arm64/PingFoundation.o -index-unit-output-path /MtProtoKit.build/Debug/MtProtoKit-t.build/Objects-normal/arm64/PingFoundation.o

ScanDependencies /Users/buddhirajgautam/Library/Developer/Xcode/DerivedData/Telegram-Mac-fygdgghdgmuleoelvxabfmqiotta/Build/Intermediates.noindex/MtProtoKit.build/Debug/MtProtoKit-t.build/Objects-normal/arm64/MTTransportTransaction.o /Users/buddhirajgautam/Documents/Cherrygram-Mac/macOS-Swift/submodules/telegram-ios/submodules/MtProtoKit/Sources/MTTransportTransaction.m normal arm64 objective-c com.apple.compilers.llvm.clang.1_0.compiler (in target 'MtProtoKit' from project 'MtProtoKit')
    cd /Users/buddhirajgautam/Documents/Cherrygram-Mac/macOS-Swift
    
    Using response file: /Users/buddhirajgautam/Library/Developer/Xcode/DerivedData/Telegram-Mac-fygdgghdgmuleoelvxabfmqiotta/Build/Intermediates.noindex/MtProtoKit.build/Debug/MtProtoKit-t.build/Objects-normal/arm64/e6072d4f65d7061329687fe24e3d63a7-common-args.resp
    
    builtin-ScanDependencies -o /Users/buddhirajgautam/Library/Developer/Xcode/DerivedData/Telegram-Mac-fygdgghdgmuleoelvxabfmqiotta/Build/Intermediates.noindex/MtProtoKit.build/Debug/MtProtoKit-t.build/Objects-normal/arm64/MTTransportTransaction.o.scan -- /Applications/Xcode.app/Contents/Developer/Toolchains/XcodeDefault.xctoolchain/usr/bin/clang -x objective-c -ivfsstatcache /Users/buddhirajgautam/Library/Developer/Xcode/DerivedData/SDKStatCaches.noindex/macosx27.0-26A425-e829b21a6f8c9b70876ba0858053c0447231f6df4def33e022ae2eb8f782df1a.sdkstatcache -target arm64-apple-macos12.0 -fmessage-length\=0 -fdiagnostics-show-note-include-stack -fmacro-backtrace-limit\=0 -fno-color-diagnostics -fmodules-prune-interval\=86400 -fmodules-prune-after\=345600 -fbuild-session-file\=/Users/buddhirajgautam/Library/Developer/Xcode/DerivedData/ModuleCache.noindex/Session.modulevalidation -fmodules-validate-once-per-build-session -Wnon-modular-include-in-framework-module -Werror\=non-modular-include-in-framework-module -Wno-trigraphs -Wno-missing-field-initializers -Wno-missing-prototypes -Wno-return-type -Wno-implicit-atomic-properties -Wno-objc-interface-ivars -Wno-arc-repeated-use-of-weak -Wno-missing-braces -Wparentheses -Wswitch -Wno-unused-function -Wno-unused-label -Wno-unused-parameter -Wno-unused-variable -Wunused-value -Wno-empty-body -Wno-uninitialized -Wno-unknown-pragmas -Wno-shadow -Wno-four-char-constants -Wno-conversion -Wno-constant-conversion -Wno-int-conversion -Wno-bool-conversion -Wno-enum-conversion -Wno-float-conversion -Wno-non-literal-null-conversion -Wno-objc-literal-conversion -Wshorten-64-to-32 -Wpointer-sign -Wno-newline-eof -Wno-selector -Wno-strict-selector-match -Wno-undeclared-selector -Wno-deprecated-implementations -Wno-implicit-fallthrough -isysroot /Applications/Xcode.app/Contents/Developer/Platforms/MacOSX.platform/Developer/SDKs/MacOSX27.0.sdk -fstrict-aliasing -Wprotocol -Wdeprecated-declarations -Wno-sign-conversion -Wno-infinite-recursion -Wno-comma -Wno-block-capture-autoreleasing -Wno-strict-prototypes -Wno-semicolon-before-method-body -index-store-path /Users/buddhirajgautam/Library/Developer/Xcode/DerivedData/Telegram-Mac-fygdgghdgmuleoelvxabfmqiotta/Index.noindex/DataStore @/Users/buddhirajgautam/Library/Developer/Xcode/DerivedData/Telegram-Mac-fygdgghdgmuleoelvxabfmqiotta/Build/Intermediates.noindex/MtProtoKit.build/Debug/MtProtoKit-t.build/Objects-normal/arm64/e6072d4f65d7061329687fe24e3d63a7-common-args.resp -MMD -MT dependencies -MF /Users/buddhirajgautam/Library/Developer/Xcode/DerivedData/Telegram-Mac-fygdgghdgmuleoelvxabfmqiotta/Build/Intermediates.noindex/MtProtoKit.build/Debug/MtProtoKit-t.build/Objects-normal/arm64/MTTransportTransaction.d --serialize-diagnostics /Users/buddhirajgautam/Library/Developer/Xcode/DerivedData/Telegram-Mac-fygdgghdgmuleoelvxabfmqiotta/Build/Intermediates.noindex/MtProtoKit.build/Debug/MtProtoKit-t.build/Objects-normal/arm64/MTTransportTransaction.dia -c /Users/buddhirajgautam/Documents/Cherrygram-Mac/macOS-Swift/submodules/telegram-ios/submodules/MtProtoKit/Sources/MTTransportTransaction.m -o /Users/buddhirajgautam/Library/Developer/Xcode/DerivedData/Telegram-Mac-fygdgghdgmuleoelvxabfmqiotta/Build/Intermediates.noindex/MtProtoKit.build/Debug/MtProtoKit-t.build/Objects-normal/arm64/MTTransportTransaction.o -index-unit-output-path /MtProtoKit.build/Debug/MtProtoKit-t.build/Objects-normal/arm64/MTTransportTransaction.o

CompileC /Users/buddhirajgautam/Library/Developer/Xcode/DerivedData/Telegram-Mac-fygdgghdgmuleoelvxabfmqiotta/Build/Intermediates.noindex/OpenSSLEncryption.build/Debug/OpenSSLEncryption-t.build/Objects-normal/arm64/OpenSSLEncryptionProvider.o /Users/buddhirajgautam/Documents/Cherrygram-Mac/macOS-Swift/submodules/telegram-ios/submodules/OpenSSLEncryptionProvider/Sources/OpenSSLEncryptionProvider.m normal arm64 objective-c com.apple.compilers.llvm.clang.1_0.compiler (in target 'OpenSSLEncryption' from project 'OpenSSLEncryption')
    cd /Users/buddhirajgautam/Documents/Cherrygram-Mac/macOS-Swift
    
    Using response file: /Users/buddhirajgautam/Library/Developer/Xcode/DerivedData/Telegram-Mac-fygdgghdgmuleoelvxabfmqiotta/Build/Intermediates.noindex/OpenSSLEncryption.build/Debug/OpenSSLEncryption-t.build/Objects-normal/arm64/e6072d4f65d7061329687fe24e3d63a7-common-args.resp
    
    /Applications/Xcode.app/Contents/Developer/Toolchains/XcodeDefault.xctoolchain/usr/bin/clang -x objective-c -ivfsstatcache /Users/buddhirajgautam/Library/Developer/Xcode/DerivedData/SDKStatCaches.noindex/macosx27.0-26A425-e829b21a6f8c9b70876ba0858053c0447231f6df4def33e022ae2eb8f782df1a.sdkstatcache -target arm64-apple-macos12.0 -fmessage-length\=0 -fdiagnostics-show-note-include-stack -fmacro-backtrace-limit\=0 -fno-color-diagnostics -fmodules-prune-interval\=86400 -fmodules-prune-after\=345600 -fbuild-session-file\=/Users/buddhirajgautam/Library/Developer/Xcode/DerivedData/ModuleCache.noindex/Session.modulevalidation -fmodules-validate-once-per-build-session -Wnon-modular-include-in-framework-module -Werror\=non-modular-include-in-framework-module -Wno-trigraphs -Wno-missing-field-initializers -Wno-missing-prototypes -Wno-return-type -Wno-implicit-atomic-properties -Wno-objc-interface-ivars -Wno-arc-repeated-use-of-weak -Wno-missing-braces -Wparentheses -Wswitch -Wno-unused-function -Wno-unused-label -Wno-unused-parameter -Wno-unused-variable -Wunused-value -Wno-empty-body -Wno-uninitialized -Wno-unknown-pragmas -Wno-shadow -Wno-four-char-constants -Wno-conversion -Wno-constant-conversion -Wno-int-conversion -Wno-bool-conversion -Wno-enum-conversion -Wno-float-conversion -Wno-non-literal-null-conversion -Wno-objc-literal-conversion -Wshorten-64-to-32 -Wpointer-sign -Wno-newline-eof -Wno-selector -Wno-strict-selector-match -Wno-undeclared-selector -Wno-deprecated-implementations -Wno-implicit-fallthrough -isysroot /Applications/Xcode.app/Contents/Developer/Platforms/MacOSX.platform/Developer/SDKs/MacOSX27.0.sdk -fstrict-aliasing -Wprotocol -Wdeprecated-declarations -Wno-sign-conversion -Wno-infinite-recursion -Wno-comma -Wno-block-capture-autoreleasing -Wno-strict-prototypes -Wno-semicolon-before-method-body -index-store-path /Users/buddhirajgautam/Library/Developer/Xcode/DerivedData/Telegram-Mac-fygdgghdgmuleoelvxabfmqiotta/Index.noindex/DataStore @/Users/buddhirajgautam/Library/Developer/Xcode/DerivedData/Telegram-Mac-fygdgghdgmuleoelvxabfmqiotta/Build/Intermediates.noindex/OpenSSLEncryption.build/Debug/OpenSSLEncryption-t.build/Objects-normal/arm64/e6072d4f65d7061329687fe24e3d63a7-common-args.resp -MMD -MT dependencies -MF /Users/buddhirajgautam/Library/Developer/Xcode/DerivedData/Telegram-Mac-fygdgghdgmuleoelvxabfmqiotta/Build/Intermediates.noindex/OpenSSLEncryption.build/Debug/OpenSSLEncryption-t.build/Objects-normal/arm64/OpenSSLEncryptionProvider.d --serialize-diagnostics /Users/buddhirajgautam/Library/Developer/Xcode/DerivedData/Telegram-Mac-fygdgghdgmuleoelvxabfmqiotta/Build/Intermediates.noindex/OpenSSLEncryption.build/Debug/OpenSSLEncryption-t.build/Objects-normal/arm64/OpenSSLEncryptionProvider.dia -c /Users/buddhirajgautam/Documents/Cherrygram-Mac/macOS-Swift/submodules/telegram-ios/submodules/OpenSSLEncryptionProvider/Sources/OpenSSLEncryptionProvider.m -o /Users/buddhirajgautam/Library/Developer/Xcode/DerivedData/Telegram-Mac-fygdgghdgmuleoelvxabfmqiotta/Build/Intermediates.noindex/OpenSSLEncryption.build/Debug/OpenSSLEncryption-t.build/Objects-normal/arm64/OpenSSLEncryptionProvider.o -index-unit-output-path /OpenSSLEncryption.build/Debug/OpenSSLEncryption-t.build/Objects-normal/arm64/OpenSSLEncryptionProvider.o
/Users/buddhirajgautam/Documents/Cherrygram-Mac/macOS-Swift/submodules/telegram-ios/submodules/OpenSSLEncryptionProvider/Sources/OpenSSLEncryptionProvider.m:123:28: warning: implicit conversion loses integer precision: 'NSUInteger' (aka 'unsigned long') to 'int' [-Wshorten-64-to-32]
  123 |     BN_bin2bn(value.bytes, value.length, bignumImpl->_value);
      |     ~~~~~~~~~              ^~~~~~~~~~~~
1 warning generated.

CompileC /Users/buddhirajgautam/Library/Developer/Xcode/DerivedData/Telegram-Mac-fygdgghdgmuleoelvxabfmqiotta/Build/Intermediates.noindex/NumberPluralization.build/Debug/NumberPluralization-t.build/Objects-normal/arm64/NumberPluralizationForm.o /Users/buddhirajgautam/Documents/Cherrygram-Mac/macOS-Swift/packages/NumberPluralization/Sources/NumberPluralization/NumberPluralizationForm.m normal arm64 objective-c com.apple.compilers.llvm.clang.1_0.compiler (in target 'NumberPluralization' from project 'NumberPluralization')
    cd /Users/buddhirajgautam/Documents/Cherrygram-Mac/macOS-Swift
    
    Using response file: /Users/buddhirajgautam/Library/Developer/Xcode/DerivedData/Telegram-Mac-fygdgghdgmuleoelvxabfmqiotta/Build/Intermediates.noindex/NumberPluralization.build/Debug/NumberPluralization-t.build/Objects-normal/arm64/e6072d4f65d7061329687fe24e3d63a7-common-args.resp
    
    /Applications/Xcode.app/Contents/Developer/Toolchains/XcodeDefault.xctoolchain/usr/bin/clang -x objective-c -ivfsstatcache /Users/buddhirajgautam/Library/Developer/Xcode/DerivedData/SDKStatCaches.noindex/macosx27.0-26A425-e829b21a6f8c9b70876ba0858053c0447231f6df4def33e022ae2eb8f782df1a.sdkstatcache -target arm64-apple-macos12.0 -fmessage-length\=0 -fdiagnostics-show-note-include-stack -fmacro-backtrace-limit\=0 -fno-color-diagnostics -fmodules-prune-interval\=86400 -fmodules-prune-after\=345600 -fbuild-session-file\=/Users/buddhirajgautam/Library/Developer/Xcode/DerivedData/ModuleCache.noindex/Session.modulevalidation -fmodules-validate-once-per-build-session -Wnon-modular-include-in-framework-module -Werror\=non-modular-include-in-framework-module -Wno-trigraphs -Wno-missing-field-initializers -Wno-missing-prototypes -Wno-return-type -Wno-implicit-atomic-properties -Wno-objc-interface-ivars -Wno-arc-repeated-use-of-weak -Wno-missing-braces -Wparentheses -Wswitch -Wno-unused-function -Wno-unused-label -Wno-unused-parameter -Wno-unused-variable -Wunused-value -Wno-empty-body -Wno-uninitialized -Wno-unknown-pragmas -Wno-shadow -Wno-four-char-constants -Wno-conversion -Wno-constant-conversion -Wno-int-conversion -Wno-bool-conversion -Wno-enum-conversion -Wno-float-conversion -Wno-non-literal-null-conversion -Wno-objc-literal-conversion -Wshorten-64-to-32 -Wpointer-sign -Wno-newline-eof -Wno-selector -Wno-strict-selector-match -Wno-undeclared-selector -Wno-deprecated-implementations -Wno-implicit-fallthrough -isysroot /Applications/Xcode.app/Contents/Developer/Platforms/MacOSX.platform/Developer/SDKs/MacOSX27.0.sdk -fstrict-aliasing -Wprotocol -Wdeprecated-declarations -Wno-sign-conversion -Wno-infinite-recursion -Wno-comma -Wno-block-capture-autoreleasing -Wno-strict-prototypes -Wno-semicolon-before-method-body -index-store-path /Users/buddhirajgautam/Library/Developer/Xcode/DerivedData/Telegram-Mac-fygdgghdgmuleoelvxabfmqiotta/Index.noindex/DataStore @/Users/buddhirajgautam/Library/Developer/Xcode/DerivedData/Telegram-Mac-fygdgghdgmuleoelvxabfmqiotta/Build/Intermediates.noindex/NumberPluralization.build/Debug/NumberPluralization-t.build/Objects-normal/arm64/e6072d4f65d7061329687fe24e3d63a7-common-args.resp -MMD -MT dependencies -MF /Users/buddhirajgautam/Library/Developer/Xcode/DerivedData/Telegram-Mac-fygdgghdgmuleoelvxabfmqiotta/Build/Intermediates.noindex/NumberPluralization.build/Debug/NumberPluralization-t.build/Objects-normal/arm64/NumberPluralizationForm.d --serialize-diagnostics /Users/buddhirajgautam/Library/Developer/Xcode/DerivedData/Telegram-Mac-fygdgghdgmuleoelvxabfmqiotta/Build/Intermediates.noindex/NumberPluralization.build/Debug/NumberPluralization-t.build/Objects-normal/arm64/NumberPluralizationForm.dia -c /Users/buddhirajgautam/Documents/Cherrygram-Mac/macOS-Swift/packages/NumberPluralization/Sources/NumberPluralization/NumberPluralizationForm.m -o /Users/buddhirajgautam/Library/Developer/Xcode/DerivedData/Telegram-Mac-fygdgghdgmuleoelvxabfmqiotta/Build/Intermediates.noindex/NumberPluralization.build/Debug/NumberPluralization-t.build/Objects-normal/arm64/NumberPluralizationForm.o -index-unit-output-path /NumberPluralization.build/Debug/NumberPluralization-t.build/Objects-normal/arm64/NumberPluralizationForm.o

CompileC /Users/buddhirajgautam/Library/Developer/Xcode/DerivedData/Telegram-Mac-fygdgghdgmuleoelvxabfmqiotta/Build/Intermediates.noindex/MurMurHash32.build/Debug/MurMurHash32-t.build/Objects-normal/arm64/MurMurHash32.o /Users/buddhirajgautam/Documents/Cherrygram-Mac/macOS-Swift/submodules/telegram-ios/submodules/MurMurHash32/Sources/MurMurHash32.m normal arm64 objective-c com.apple.compilers.llvm.clang.1_0.compiler (in target 'MurMurHash32' from project 'MurMurHash32')
    cd /Users/buddhirajgautam/Documents/Cherrygram-Mac/macOS-Swift
    
    Using response file: /Users/buddhirajgautam/Library/Developer/Xcode/DerivedData/Telegram-Mac-fygdgghdgmuleoelvxabfmqiotta/Build/Intermediates.noindex/MurMurHash32.build/Debug/MurMurHash32-t.build/Objects-normal/arm64/e6072d4f65d7061329687fe24e3d63a7-common-args.resp
    
    /Applications/Xcode.app/Contents/Developer/Toolchains/XcodeDefault.xctoolchain/usr/bin/clang -x objective-c -ivfsstatcache /Users/buddhirajgautam/Library/Developer/Xcode/DerivedData/SDKStatCaches.noindex/macosx27.0-26A425-e829b21a6f8c9b70876ba0858053c0447231f6df4def33e022ae2eb8f782df1a.sdkstatcache -target arm64-apple-macos12.0 -fmessage-length\=0 -fdiagnostics-show-note-include-stack -fmacro-backtrace-limit\=0 -fno-color-diagnostics -fmodules-prune-interval\=86400 -fmodules-prune-after\=345600 -fbuild-session-file\=/Users/buddhirajgautam/Library/Developer/Xcode/DerivedData/ModuleCache.noindex/Session.modulevalidation -fmodules-validate-once-per-build-session -Wnon-modular-include-in-framework-module -Werror\=non-modular-include-in-framework-module -Wno-trigraphs -Wno-missing-field-initializers -Wno-missing-prototypes -Wno-return-type -Wno-implicit-atomic-properties -Wno-objc-interface-ivars -Wno-arc-repeated-use-of-weak -Wno-missing-braces -Wparentheses -Wswitch -Wno-unused-function -Wno-unused-label -Wno-unused-parameter -Wno-unused-variable -Wunused-value -Wno-empty-body -Wno-uninitialized -Wno-unknown-pragmas -Wno-shadow -Wno-four-char-constants -Wno-conversion -Wno-constant-conversion -Wno-int-conversion -Wno-bool-conversion -Wno-enum-conversion -Wno-float-conversion -Wno-non-literal-null-conversion -Wno-objc-literal-conversion -Wshorten-64-to-32 -Wpointer-sign -Wno-newline-eof -Wno-selector -Wno-strict-selector-match -Wno-undeclared-selector -Wno-deprecated-implementations -Wno-implicit-fallthrough -isysroot /Applications/Xcode.app/Contents/Developer/Platforms/MacOSX.platform/Developer/SDKs/MacOSX27.0.sdk -fstrict-aliasing -Wprotocol -Wdeprecated-declarations -Wno-sign-conversion -Wno-infinite-recursion -Wno-comma -Wno-block-capture-autoreleasing -Wno-strict-prototypes -Wno-semicolon-before-method-body -index-store-path /Users/buddhirajgautam/Library/Developer/Xcode/DerivedData/Telegram-Mac-fygdgghdgmuleoelvxabfmqiotta/Index.noindex/DataStore @/Users/buddhirajgautam/Library/Developer/Xcode/DerivedData/Telegram-Mac-fygdgghdgmuleoelvxabfmqiotta/Build/Intermediates.noindex/MurMurHash32.build/Debug/MurMurHash32-t.build/Objects-normal/arm64/e6072d4f65d7061329687fe24e3d63a7-common-args.resp -MMD -MT dependencies -MF /Users/buddhirajgautam/Library/Developer/Xcode/DerivedData/Telegram-Mac-fygdgghdgmuleoelvxabfmqiotta/Build/Intermediates.noindex/MurMurHash32.build/Debug/MurMurHash32-t.build/Objects-normal/arm64/MurMurHash32.d --serialize-diagnostics /Users/buddhirajgautam/Library/Developer/Xcode/DerivedData/Telegram-Mac-fygdgghdgmuleoelvxabfmqiotta/Build/Intermediates.noindex/MurMurHash32.build/Debug/MurMurHash32-t.build/Objects-normal/arm64/MurMurHash32.dia -c /Users/buddhirajgautam/Documents/Cherrygram-Mac/macOS-Swift/submodules/telegram-ios/submodules/MurMurHash32/Sources/MurMurHash32.m -o /Users/buddhirajgautam/Library/Developer/Xcode/DerivedData/Telegram-Mac-fygdgghdgmuleoelvxabfmqiotta/Build/Intermediates.noindex/MurMurHash32.build/Debug/MurMurHash32-t.build/Objects-normal/arm64/MurMurHash32.o -index-unit-output-path /MurMurHash32.build/Debug/MurMurHash32-t.build/Objects-normal/arm64/MurMurHash32.o

ScanDependencies /Users/buddhirajgautam/Library/Developer/Xcode/DerivedData/Telegram-Mac-fygdgghdgmuleoelvxabfmqiotta/Build/Intermediates.noindex/MtProtoKit.build/Debug/MtProtoKit-t.build/Objects-normal/arm64/MTTransportSchemeStats.o /Users/buddhirajgautam/Documents/Cherrygram-Mac/macOS-Swift/submodules/telegram-ios/submodules/MtProtoKit/Sources/MTTransportSchemeStats.m normal arm64 objective-c com.apple.compilers.llvm.clang.1_0.compiler (in target 'MtProtoKit' from project 'MtProtoKit')
    cd /Users/buddhirajgautam/Documents/Cherrygram-Mac/macOS-Swift
    
    Using response file: /Users/buddhirajgautam/Library/Developer/Xcode/DerivedData/Telegram-Mac-fygdgghdgmuleoelvxabfmqiotta/Build/Intermediates.noindex/MtProtoKit.build/Debug/MtProtoKit-t.build/Objects-normal/arm64/e6072d4f65d7061329687fe24e3d63a7-common-args.resp
    
    builtin-ScanDependencies -o /Users/buddhirajgautam/Library/Developer/Xcode/DerivedData/Telegram-Mac-fygdgghdgmuleoelvxabfmqiotta/Build/Intermediates.noindex/MtProtoKit.build/Debug/MtProtoKit-t.build/Objects-normal/arm64/MTTransportSchemeStats.o.scan -- /Applications/Xcode.app/Contents/Developer/Toolchains/XcodeDefault.xctoolchain/usr/bin/clang -x objective-c -ivfsstatcache /Users/buddhirajgautam/Library/Developer/Xcode/DerivedData/SDKStatCaches.noindex/macosx27.0-26A425-e829b21a6f8c9b70876ba0858053c0447231f6df4def33e022ae2eb8f782df1a.sdkstatcache -target arm64-apple-macos12.0 -fmessage-length\=0 -fdiagnostics-show-note-include-stack -fmacro-backtrace-limit\=0 -fno-color-diagnostics -fmodules-prune-interval\=86400 -fmodules-prune-after\=345600 -fbuild-session-file\=/Users/buddhirajgautam/Library/Developer/Xcode/DerivedData/ModuleCache.noindex/Session.modulevalidation -fmodules-validate-once-per-build-session -Wnon-modular-include-in-framework-module -Werror\=non-modular-include-in-framework-module -Wno-trigraphs -Wno-missing-field-initializers -Wno-missing-prototypes -Wno-return-type -Wno-implicit-atomic-properties -Wno-objc-interface-ivars -Wno-arc-repeated-use-of-weak -Wno-missing-braces -Wparentheses -Wswitch -Wno-unused-function -Wno-unused-label -Wno-unused-parameter -Wno-unused-variable -Wunused-value -Wno-empty-body -Wno-uninitialized -Wno-unknown-pragmas -Wno-shadow -Wno-four-char-constants -Wno-conversion -Wno-constant-conversion -Wno-int-conversion -Wno-bool-conversion -Wno-enum-conversion -Wno-float-conversion -Wno-non-literal-null-conversion -Wno-objc-literal-conversion -Wshorten-64-to-32 -Wpointer-sign -Wno-newline-eof -Wno-selector -Wno-strict-selector-match -Wno-undeclared-selector -Wno-deprecated-implementations -Wno-implicit-fallthrough -isysroot /Applications/Xcode.app/Contents/Developer/Platforms/MacOSX.platform/Developer/SDKs/MacOSX27.0.sdk -fstrict-aliasing -Wprotocol -Wdeprecated-declarations -Wno-sign-conversion -Wno-infinite-recursion -Wno-comma -Wno-block-capture-autoreleasing -Wno-strict-prototypes -Wno-semicolon-before-method-body -index-store-path /Users/buddhirajgautam/Library/Developer/Xcode/DerivedData/Telegram-Mac-fygdgghdgmuleoelvxabfmqiotta/Index.noindex/DataStore @/Users/buddhirajgautam/Library/Developer/Xcode/DerivedData/Telegram-Mac-fygdgghdgmuleoelvxabfmqiotta/Build/Intermediates.noindex/MtProtoKit.build/Debug/MtProtoKit-t.build/Objects-normal/arm64/e6072d4f65d7061329687fe24e3d63a7-common-args.resp -MMD -MT dependencies -MF /Users/buddhirajgautam/Library/Developer/Xcode/DerivedData/Telegram-Mac-fygdgghdgmuleoelvxabfmqiotta/Build/Intermediates.noindex/MtProtoKit.build/Debug/MtProtoKit-t.build/Objects-normal/arm64/MTTransportSchemeStats.d --serialize-diagnostics /Users/buddhirajgautam/Library/Developer/Xcode/DerivedData/Telegram-Mac-fygdgghdgmuleoelvxabfmqiotta/Build/Intermediates.noindex/MtProtoKit.build/Debug/MtProtoKit-t.build/Objects-normal/arm64/MTTransportSchemeStats.dia -c /Users/buddhirajgautam/Documents/Cherrygram-Mac/macOS-Swift/submodules/telegram-ios/submodules/MtProtoKit/Sources/MTTransportSchemeStats.m -o /Users/buddhirajgautam/Library/Developer/Xcode/DerivedData/Telegram-Mac-fygdgghdgmuleoelvxabfmqiotta/Build/Intermediates.noindex/MtProtoKit.build/Debug/MtProtoKit-t.build/Objects-normal/arm64/MTTransportSchemeStats.o -index-unit-output-path /MtProtoKit.build/Debug/MtProtoKit-t.build/Objects-normal/arm64/MTTransportSchemeStats.o

CompileC /Users/buddhirajgautam/Library/Developer/Xcode/DerivedData/Telegram-Mac-fygdgghdgmuleoelvxabfmqiotta/Build/Intermediates.noindex/MtProtoKit.build/Debug/MtProtoKit-t.build/Objects-normal/arm64/PingFoundation.o /Users/buddhirajgautam/Documents/Cherrygram-Mac/macOS-Swift/submodules/telegram-ios/submodules/MtProtoKit/Sources/PingFoundation.m normal arm64 objective-c com.apple.compilers.llvm.clang.1_0.compiler (in target 'MtProtoKit' from project 'MtProtoKit')
    cd /Users/buddhirajgautam/Documents/Cherrygram-Mac/macOS-Swift
    
    Using response file: /Users/buddhirajgautam/Library/Developer/Xcode/DerivedData/Telegram-Mac-fygdgghdgmuleoelvxabfmqiotta/Build/Intermediates.noindex/MtProtoKit.build/Debug/MtProtoKit-t.build/Objects-normal/arm64/e6072d4f65d7061329687fe24e3d63a7-common-args.resp
    
    /Applications/Xcode.app/Contents/Developer/Toolchains/XcodeDefault.xctoolchain/usr/bin/clang -x objective-c -ivfsstatcache /Users/buddhirajgautam/Library/Developer/Xcode/DerivedData/SDKStatCaches.noindex/macosx27.0-26A425-e829b21a6f8c9b70876ba0858053c0447231f6df4def33e022ae2eb8f782df1a.sdkstatcache -target arm64-apple-macos12.0 -fmessage-length\=0 -fdiagnostics-show-note-include-stack -fmacro-backtrace-limit\=0 -fno-color-diagnostics -fmodules-prune-interval\=86400 -fmodules-prune-after\=345600 -fbuild-session-file\=/Users/buddhirajgautam/Library/Developer/Xcode/DerivedData/ModuleCache.noindex/Session.modulevalidation -fmodules-validate-once-per-build-session -Wnon-modular-include-in-framework-module -Werror\=non-modular-include-in-framework-module -Wno-trigraphs -Wno-missing-field-initializers -Wno-missing-prototypes -Wno-return-type -Wno-implicit-atomic-properties -Wno-objc-interface-ivars -Wno-arc-repeated-use-of-weak -Wno-missing-braces -Wparentheses -Wswitch -Wno-unused-function -Wno-unused-label -Wno-unused-parameter -Wno-unused-variable -Wunused-value -Wno-empty-body -Wno-uninitialized -Wno-unknown-pragmas -Wno-shadow -Wno-four-char-constants -Wno-conversion -Wno-constant-conversion -Wno-int-conversion -Wno-bool-conversion -Wno-enum-conversion -Wno-float-conversion -Wno-non-literal-null-conversion -Wno-objc-literal-conversion -Wshorten-64-to-32 -Wpointer-sign -Wno-newline-eof -Wno-selector -Wno-strict-selector-match -Wno-undeclared-selector -Wno-deprecated-implementations -Wno-implicit-fallthrough -isysroot /Applications/Xcode.app/Contents/Developer/Platforms/MacOSX.platform/Developer/SDKs/MacOSX27.0.sdk -fstrict-aliasing -Wprotocol -Wdeprecated-declarations -Wno-sign-conversion -Wno-infinite-recursion -Wno-comma -Wno-block-capture-autoreleasing -Wno-strict-prototypes -Wno-semicolon-before-method-body -index-store-path /Users/buddhirajgautam/Library/Developer/Xcode/DerivedData/Telegram-Mac-fygdgghdgmuleoelvxabfmqiotta/Index.noindex/DataStore @/Users/buddhirajgautam/Library/Developer/Xcode/DerivedData/Telegram-Mac-fygdgghdgmuleoelvxabfmqiotta/Build/Intermediates.noindex/MtProtoKit.build/Debug/MtProtoKit-t.build/Objects-normal/arm64/e6072d4f65d7061329687fe24e3d63a7-common-args.resp -MMD -MT dependencies -MF /Users/buddhirajgautam/Library/Developer/Xcode/DerivedData/Telegram-Mac-fygdgghdgmuleoelvxabfmqiotta/Build/Intermediates.noindex/MtProtoKit.build/Debug/MtProtoKit-t.build/Objects-normal/arm64/PingFoundation.d --serialize-diagnostics /Users/buddhirajgautam/Library/Developer/Xcode/DerivedData/Telegram-Mac-fygdgghdgmuleoelvxabfmqiotta/Build/Intermediates.noindex/MtProtoKit.build/Debug/MtProtoKit-t.build/Objects-normal/arm64/PingFoundation.dia -c /Users/buddhirajgautam/Documents/Cherrygram-Mac/macOS-Swift/submodules/telegram-ios/submodules/MtProtoKit/Sources/PingFoundation.m -o /Users/buddhirajgautam/Library/Developer/Xcode/DerivedData/Telegram-Mac-fygdgghdgmuleoelvxabfmqiotta/Build/Intermediates.noindex/MtProtoKit.build/Debug/MtProtoKit-t.build/Objects-normal/arm64/PingFoundation.o -index-unit-output-path /MtProtoKit.build/Debug/MtProtoKit-t.build/Objects-normal/arm64/PingFoundation.o

CompileC /Users/buddhirajgautam/Library/Developer/Xcode/DerivedData/Telegram-Mac-fygdgghdgmuleoelvxabfmqiotta/Build/Intermediates.noindex/MtProtoKit.build/Debug/MtProtoKit-t.build/Objects-normal/arm64/MTTransportTransaction.o /Users/buddhirajgautam/Documents/Cherrygram-Mac/macOS-Swift/submodules/telegram-ios/submodules/MtProtoKit/Sources/MTTransportTransaction.m normal arm64 objective-c com.apple.compilers.llvm.clang.1_0.compiler (in target 'MtProtoKit' from project 'MtProtoKit')
    cd /Users/buddhirajgautam/Documents/Cherrygram-Mac/macOS-Swift
    
    Using response file: /Users/buddhirajgautam/Library/Developer/Xcode/DerivedData/Telegram-Mac-fygdgghdgmuleoelvxabfmqiotta/Build/Intermediates.noindex/MtProtoKit.build/Debug/MtProtoKit-t.build/Objects-normal/arm64/e6072d4f65d7061329687fe24e3d63a7-common-args.resp
    
    /Applications/Xcode.app/Contents/Developer/Toolchains/XcodeDefault.xctoolchain/usr/bin/clang -x objective-c -ivfsstatcache /Users/buddhirajgautam/Library/Developer/Xcode/DerivedData/SDKStatCaches.noindex/macosx27.0-26A425-e829b21a6f8c9b70876ba0858053c0447231f6df4def33e022ae2eb8f782df1a.sdkstatcache -target arm64-apple-macos12.0 -fmessage-length\=0 -fdiagnostics-show-note-include-stack -fmacro-backtrace-limit\=0 -fno-color-diagnostics -fmodules-prune-interval\=86400 -fmodules-prune-after\=345600 -fbuild-session-file\=/Users/buddhirajgautam/Library/Developer/Xcode/DerivedData/ModuleCache.noindex/Session.modulevalidation -fmodules-validate-once-per-build-session -Wnon-modular-include-in-framework-module -Werror\=non-modular-include-in-framework-module -Wno-trigraphs -Wno-missing-field-initializers -Wno-missing-prototypes -Wno-return-type -Wno-implicit-atomic-properties -Wno-objc-interface-ivars -Wno-arc-repeated-use-of-weak -Wno-missing-braces -Wparentheses -Wswitch -Wno-unused-function -Wno-unused-label -Wno-unused-parameter -Wno-unused-variable -Wunused-value -Wno-empty-body -Wno-uninitialized -Wno-unknown-pragmas -Wno-shadow -Wno-four-char-constants -Wno-conversion -Wno-constant-conversion -Wno-int-conversion -Wno-bool-conversion -Wno-enum-conversion -Wno-float-conversion -Wno-non-literal-null-conversion -Wno-objc-literal-conversion -Wshorten-64-to-32 -Wpointer-sign -Wno-newline-eof -Wno-selector -Wno-strict-selector-match -Wno-undeclared-selector -Wno-deprecated-implementations -Wno-implicit-fallthrough -isysroot /Applications/Xcode.app/Contents/Developer/Platforms/MacOSX.platform/Developer/SDKs/MacOSX27.0.sdk -fstrict-aliasing -Wprotocol -Wdeprecated-declarations -Wno-sign-conversion -Wno-infinite-recursion -Wno-comma -Wno-block-capture-autoreleasing -Wno-strict-prototypes -Wno-semicolon-before-method-body -index-store-path /Users/buddhirajgautam/Library/Developer/Xcode/DerivedData/Telegram-Mac-fygdgghdgmuleoelvxabfmqiotta/Index.noindex/DataStore @/Users/buddhirajgautam/Library/Developer/Xcode/DerivedData/Telegram-Mac-fygdgghdgmuleoelvxabfmqiotta/Build/Intermediates.noindex/MtProtoKit.build/Debug/MtProtoKit-t.build/Objects-normal/arm64/e6072d4f65d7061329687fe24e3d63a7-common-args.resp -MMD -MT dependencies -MF /Users/buddhirajgautam/Library/Developer/Xcode/DerivedData/Telegram-Mac-fygdgghdgmuleoelvxabfmqiotta/Build/Intermediates.noindex/MtProtoKit.build/Debug/MtProtoKit-t.build/Objects-normal/arm64/MTTransportTransaction.d --serialize-diagnostics /Users/buddhirajgautam/Library/Developer/Xcode/DerivedData/Telegram-Mac-fygdgghdgmuleoelvxabfmqiotta/Build/Intermediates.noindex/MtProtoKit.build/Debug/MtProtoKit-t.build/Objects-normal/arm64/MTTransportTransaction.dia -c /Users/buddhirajgautam/Documents/Cherrygram-Mac/macOS-Swift/submodules/telegram-ios/submodules/MtProtoKit/Sources/MTTransportTransaction.m -o /Users/buddhirajgautam/Library/Developer/Xcode/DerivedData/Telegram-Mac-fygdgghdgmuleoelvxabfmqiotta/Build/Intermediates.noindex/MtProtoKit.build/Debug/MtProtoKit-t.build/Objects-normal/arm64/MTTransportTransaction.o -index-unit-output-path /MtProtoKit.build/Debug/MtProtoKit-t.build/Objects-normal/arm64/MTTransportTransaction.o

Ld /Users/buddhirajgautam/Library/Developer/Xcode/DerivedData/Telegram-Mac-fygdgghdgmuleoelvxabfmqiotta/Build/Products/Debug/NumberPluralization.o normal (in target 'NumberPluralization' from project 'NumberPluralization')
    cd /Users/buddhirajgautam/Documents/Cherrygram-Mac/macOS-Swift/packages/NumberPluralization
    /Applications/Xcode.app/Contents/Developer/Toolchains/XcodeDefault.xctoolchain/usr/bin/clang -Xlinker -reproducible -target arm64-apple-macos12.0 -r -isysroot /Applications/Xcode.app/Contents/Developer/Platforms/MacOSX.platform/Developer/SDKs/MacOSX27.0.sdk -O0 -Xlinker -no_warn_duplicate_libraries -F/Users/buddhirajgautam/Library/Developer/Xcode/DerivedData/Telegram-Mac-fygdgghdgmuleoelvxabfmqiotta/Build/Intermediates.noindex/EagerLinkingTBDs/Debug -F/Users/buddhirajgautam/Library/Developer/Xcode/DerivedData/Telegram-Mac-fygdgghdgmuleoelvxabfmqiotta/Build/Products/Debug -iframework /Applications/Xcode.app/Contents/Developer/Platforms/MacOSX.platform/Developer/Library/Frameworks -filelist /Users/buddhirajgautam/Library/Developer/Xcode/DerivedData/Telegram-Mac-fygdgghdgmuleoelvxabfmqiotta/Build/Intermediates.noindex/NumberPluralization.build/Debug/NumberPluralization-t.build/Objects-normal/arm64/NumberPluralization.LinkFileList -nostdlib -Xlinker -object_path_lto -Xlinker /Users/buddhirajgautam/Library/Developer/Xcode/DerivedData/Telegram-Mac-fygdgghdgmuleoelvxabfmqiotta/Build/Intermediates.noindex/NumberPluralization.build/Debug/NumberPluralization-t.build/Objects-normal/arm64/NumberPluralization_lto.o -Xlinker -no_deduplicate -Xlinker -debug_variant -Xlinker -dependency_info -Xlinker /Users/buddhirajgautam/Library/Developer/Xcode/DerivedData/Telegram-Mac-fygdgghdgmuleoelvxabfmqiotta/Build/Intermediates.noindex/NumberPluralization.build/Debug/NumberPluralization-t.build/Objects-normal/arm64/NumberPluralization_dependency_info.dat -fobjc-arc -fobjc-link-runtime -o /Users/buddhirajgautam/Library/Developer/Xcode/DerivedData/Telegram-Mac-fygdgghdgmuleoelvxabfmqiotta/Build/Products/Debug/NumberPluralization.o

Ld /Users/buddhirajgautam/Library/Developer/Xcode/DerivedData/Telegram-Mac-fygdgghdgmuleoelvxabfmqiotta/Build/Products/Debug/OpenSSLEncryption.o normal (in target 'OpenSSLEncryption' from project 'OpenSSLEncryption')
    cd /Users/buddhirajgautam/Documents/Cherrygram-Mac/macOS-Swift/submodules/telegram-ios/submodules/OpenSSLEncryptionProvider
    /Applications/Xcode.app/Contents/Developer/Toolchains/XcodeDefault.xctoolchain/usr/bin/clang -Xlinker -reproducible -target arm64-apple-macos12.0 -r -isysroot /Applications/Xcode.app/Contents/Developer/Platforms/MacOSX.platform/Developer/SDKs/MacOSX27.0.sdk -O0 -Xlinker -no_warn_duplicate_libraries -F/Users/buddhirajgautam/Library/Developer/Xcode/DerivedData/Telegram-Mac-fygdgghdgmuleoelvxabfmqiotta/Build/Intermediates.noindex/EagerLinkingTBDs/Debug -F/Users/buddhirajgautam/Library/Developer/Xcode/DerivedData/Telegram-Mac-fygdgghdgmuleoelvxabfmqiotta/Build/Products/Debug -iframework /Applications/Xcode.app/Contents/Developer/Platforms/MacOSX.platform/Developer/Library/Frameworks -filelist /Users/buddhirajgautam/Library/Developer/Xcode/DerivedData/Telegram-Mac-fygdgghdgmuleoelvxabfmqiotta/Build/Intermediates.noindex/OpenSSLEncryption.build/Debug/OpenSSLEncryption-t.build/Objects-normal/arm64/OpenSSLEncryption.LinkFileList -nostdlib -Xlinker -object_path_lto -Xlinker /Users/buddhirajgautam/Library/Developer/Xcode/DerivedData/Telegram-Mac-fygdgghdgmuleoelvxabfmqiotta/Build/Intermediates.noindex/OpenSSLEncryption.build/Debug/OpenSSLEncryption-t.build/Objects-normal/arm64/OpenSSLEncryption_lto.o -Xlinker -no_deduplicate -Xlinker -debug_variant -Xlinker -dependency_info -Xlinker /Users/buddhirajgautam/Library/Developer/Xcode/DerivedData/Telegram-Mac-fygdgghdgmuleoelvxabfmqiotta/Build/Intermediates.noindex/OpenSSLEncryption.build/Debug/OpenSSLEncryption-t.build/Objects-normal/arm64/OpenSSLEncryption_dependency_info.dat -fobjc-arc -fobjc-link-runtime -o /Users/buddhirajgautam/Library/Developer/Xcode/DerivedData/Telegram-Mac-fygdgghdgmuleoelvxabfmqiotta/Build/Products/Debug/OpenSSLEncryption.o

CompileC /Users/buddhirajgautam/Library/Developer/Xcode/DerivedData/Telegram-Mac-fygdgghdgmuleoelvxabfmqiotta/Build/Intermediates.noindex/MtProtoKit.build/Debug/MtProtoKit-t.build/Objects-normal/arm64/MTTransportSchemeStats.o /Users/buddhirajgautam/Documents/Cherrygram-Mac/macOS-Swift/submodules/telegram-ios/submodules/MtProtoKit/Sources/MTTransportSchemeStats.m normal arm64 objective-c com.apple.compilers.llvm.clang.1_0.compiler (in target 'MtProtoKit' from project 'MtProtoKit')
    cd /Users/buddhirajgautam/Documents/Cherrygram-Mac/macOS-Swift
    
    Using response file: /Users/buddhirajgautam/Library/Developer/Xcode/DerivedData/Telegram-Mac-fygdgghdgmuleoelvxabfmqiotta/Build/Intermediates.noindex/MtProtoKit.build/Debug/MtProtoKit-t.build/Objects-normal/arm64/e6072d4f65d7061329687fe24e3d63a7-common-args.resp
    
    /Applications/Xcode.app/Contents/Developer/Toolchains/XcodeDefault.xctoolchain/usr/bin/clang -x objective-c -ivfsstatcache /Users/buddhirajgautam/Library/Developer/Xcode/DerivedData/SDKStatCaches.noindex/macosx27.0-26A425-e829b21a6f8c9b70876ba0858053c0447231f6df4def33e022ae2eb8f782df1a.sdkstatcache -target arm64-apple-macos12.0 -fmessage-length\=0 -fdiagnostics-show-note-include-stack -fmacro-backtrace-limit\=0 -fno-color-diagnostics -fmodules-prune-interval\=86400 -fmodules-prune-after\=345600 -fbuild-session-file\=/Users/buddhirajgautam/Library/Developer/Xcode/DerivedData/ModuleCache.noindex/Session.modulevalidation -fmodules-validate-once-per-build-session -Wnon-modular-include-in-framework-module -Werror\=non-modular-include-in-framework-module -Wno-trigraphs -Wno-missing-field-initializers -Wno-missing-prototypes -Wno-return-type -Wno-implicit-atomic-properties -Wno-objc-interface-ivars -Wno-arc-repeated-use-of-weak -Wno-missing-braces -Wparentheses -Wswitch -Wno-unused-function -Wno-unused-label -Wno-unused-parameter -Wno-unused-variable -Wunused-value -Wno-empty-body -Wno-uninitialized -Wno-unknown-pragmas -Wno-shadow -Wno-four-char-constants -Wno-conversion -Wno-constant-conversion -Wno-int-conversion -Wno-bool-conversion -Wno-enum-conversion -Wno-float-conversion -Wno-non-literal-null-conversion -Wno-objc-literal-conversion -Wshorten-64-to-32 -Wpointer-sign -Wno-newline-eof -Wno-selector -Wno-strict-selector-match -Wno-undeclared-selector -Wno-deprecated-implementations -Wno-implicit-fallthrough -isysroot /Applications/Xcode.app/Contents/Developer/Platforms/MacOSX.platform/Developer/SDKs/MacOSX27.0.sdk -fstrict-aliasing -Wprotocol -Wdeprecated-declarations -Wno-sign-conversion -Wno-infinite-recursion -Wno-comma -Wno-block-capture-autoreleasing -Wno-strict-prototypes -Wno-semicolon-before-method-body -index-store-path /Users/buddhirajgautam/Library/Developer/Xcode/DerivedData/Telegram-Mac-fygdgghdgmuleoelvxabfmqiotta/Index.noindex/DataStore @/Users/buddhirajgautam/Library/Developer/Xcode/DerivedData/Telegram-Mac-fygdgghdgmuleoelvxabfmqiotta/Build/Intermediates.noindex/MtProtoKit.build/Debug/MtProtoKit-t.build/Objects-normal/arm64/e6072d4f65d7061329687fe24e3d63a7-common-args.resp -MMD -MT dependencies -MF /Users/buddhirajgautam/Library/Developer/Xcode/DerivedData/Telegram-Mac-fygdgghdgmuleoelvxabfmqiotta/Build/Intermediates.noindex/MtProtoKit.build/Debug/MtProtoKit-t.build/Objects-normal/arm64/MTTransportSchemeStats.d --serialize-diagnostics /Users/buddhirajgautam/Library/Developer/Xcode/DerivedData/Telegram-Mac-fygdgghdgmuleoelvxabfmqiotta/Build/Intermediates.noindex/MtProtoKit.build/Debug/MtProtoKit-t.build/Objects-normal/arm64/MTTransportSchemeStats.dia -c /Users/buddhirajgautam/Documents/Cherrygram-Mac/macOS-Swift/submodules/telegram-ios/submodules/MtProtoKit/Sources/MTTransportSchemeStats.m -o /Users/buddhirajgautam/Library/Developer/Xcode/DerivedData/Telegram-Mac-fygdgghdgmuleoelvxabfmqiotta/Build/Intermediates.noindex/MtProtoKit.build/Debug/MtProtoKit-t.build/Objects-normal/arm64/MTTransportSchemeStats.o -index-unit-output-path /MtProtoKit.build/Debug/MtProtoKit-t.build/Objects-normal/arm64/MTTransportSchemeStats.o

Ld /Users/buddhirajgautam/Library/Developer/Xcode/DerivedData/Telegram-Mac-fygdgghdgmuleoelvxabfmqiotta/Build/Products/Debug/MurMurHash32.o normal (in target 'MurMurHash32' from project 'MurMurHash32')
    cd /Users/buddhirajgautam/Documents/Cherrygram-Mac/macOS-Swift/submodules/telegram-ios/submodules/MurMurHash32
    /Applications/Xcode.app/Contents/Developer/Toolchains/XcodeDefault.xctoolchain/usr/bin/clang -Xlinker -reproducible -target arm64-apple-macos12.0 -r -isysroot /Applications/Xcode.app/Contents/Developer/Platforms/MacOSX.platform/Developer/SDKs/MacOSX27.0.sdk -O0 -Xlinker -no_warn_duplicate_libraries -F/Users/buddhirajgautam/Library/Developer/Xcode/DerivedData/Telegram-Mac-fygdgghdgmuleoelvxabfmqiotta/Build/Intermediates.noindex/EagerLinkingTBDs/Debug -F/Users/buddhirajgautam/Library/Developer/Xcode/DerivedData/Telegram-Mac-fygdgghdgmuleoelvxabfmqiotta/Build/Products/Debug -iframework /Applications/Xcode.app/Contents/Developer/Platforms/MacOSX.platform/Developer/Library/Frameworks -filelist /Users/buddhirajgautam/Library/Developer/Xcode/DerivedData/Telegram-Mac-fygdgghdgmuleoelvxabfmqiotta/Build/Intermediates.noindex/MurMurHash32.build/Debug/MurMurHash32-t.build/Objects-normal/arm64/MurMurHash32.LinkFileList -nostdlib -Xlinker -object_path_lto -Xlinker /Users/buddhirajgautam/Library/Developer/Xcode/DerivedData/Telegram-Mac-fygdgghdgmuleoelvxabfmqiotta/Build/Intermediates.noindex/MurMurHash32.build/Debug/MurMurHash32-t.build/Objects-normal/arm64/MurMurHash32_lto.o -Xlinker -no_deduplicate -Xlinker -debug_variant -Xlinker -dependency_info -Xlinker /Users/buddhirajgautam/Library/Developer/Xcode/DerivedData/Telegram-Mac-fygdgghdgmuleoelvxabfmqiotta/Build/Intermediates.noindex/MurMurHash32.build/Debug/MurMurHash32-t.build/Objects-normal/arm64/MurMurHash32_dependency_info.dat -fobjc-arc -fobjc-link-runtime -o /Users/buddhirajgautam/Library/Developer/Xcode/DerivedData/Telegram-Mac-fygdgghdgmuleoelvxabfmqiotta/Build/Products/Debug/MurMurHash32.o

PrecompileModule /Users/buddhirajgautam/Library/Developer/Xcode/DerivedData/Telegram-Mac-fygdgghdgmuleoelvxabfmqiotta/Build/Intermediates.noindex/ExplicitPrecompiledModules/EncryptionProvider-2MH1FL074GZFQCY1C09WH2MH.scan
    cd /
    builtin-precompileModule /Users/buddhirajgautam/Library/Developer/Xcode/DerivedData/Telegram-Mac-fygdgghdgmuleoelvxabfmqiotta/Build/Intermediates.noindex/ExplicitPrecompiledModules/EncryptionProvider-2MH1FL074GZFQCY1C09WH2MH.scan

ScanDependencies /Users/buddhirajgautam/Library/Developer/Xcode/DerivedData/Telegram-Mac-fygdgghdgmuleoelvxabfmqiotta/Build/Intermediates.noindex/MtProtoKit.build/Debug/MtProtoKit-t.build/Objects-normal/arm64/MTTransportScheme.o /Users/buddhirajgautam/Documents/Cherrygram-Mac/macOS-Swift/submodules/telegram-ios/submodules/MtProtoKit/Sources/MTTransportScheme.m normal arm64 objective-c com.apple.compilers.llvm.clang.1_0.compiler (in target 'MtProtoKit' from project 'MtProtoKit')
    cd /Users/buddhirajgautam/Documents/Cherrygram-Mac/macOS-Swift
    
    Using response file: /Users/buddhirajgautam/Library/Developer/Xcode/DerivedData/Telegram-Mac-fygdgghdgmuleoelvxabfmqiotta/Build/Intermediates.noindex/MtProtoKit.build/Debug/MtProtoKit-t.build/Objects-normal/arm64/e6072d4f65d7061329687fe24e3d63a7-common-args.resp
    
    builtin-ScanDependencies -o /Users/buddhirajgautam/Library/Developer/Xcode/DerivedData/Telegram-Mac-fygdgghdgmuleoelvxabfmqiotta/Build/Intermediates.noindex/MtProtoKit.build/Debug/MtProtoKit-t.build/Objects-normal/arm64/MTTransportScheme.o.scan -- /Applications/Xcode.app/Contents/Developer/Toolchains/XcodeDefault.xctoolchain/usr/bin/clang -x objective-c -ivfsstatcache /Users/buddhirajgautam/Library/Developer/Xcode/DerivedData/SDKStatCaches.noindex/macosx27.0-26A425-e829b21a6f8c9b70876ba0858053c0447231f6df4def33e022ae2eb8f782df1a.sdkstatcache -target arm64-apple-macos12.0 -fmessage-length\=0 -fdiagnostics-show-note-include-stack -fmacro-backtrace-limit\=0 -fno-color-diagnostics -fmodules-prune-interval\=86400 -fmodules-prune-after\=345600 -fbuild-session-file\=/Users/buddhirajgautam/Library/Developer/Xcode/DerivedData/ModuleCache.noindex/Session.modulevalidation -fmodules-validate-once-per-build-session -Wnon-modular-include-in-framework-module -Werror\=non-modular-include-in-framework-module -Wno-trigraphs -Wno-missing-field-initializers -Wno-missing-prototypes -Wno-return-type -Wno-implicit-atomic-properties -Wno-objc-interface-ivars -Wno-arc-repeated-use-of-weak -Wno-missing-braces -Wparentheses -Wswitch -Wno-unused-function -Wno-unused-label -Wno-unused-parameter -Wno-unused-variable -Wunused-value -Wno-empty-body -Wno-uninitialized -Wno-unknown-pragmas -Wno-shadow -Wno-four-char-constants -Wno-conversion -Wno-constant-conversion -Wno-int-conversion -Wno-bool-conversion -Wno-enum-conversion -Wno-float-conversion -Wno-non-literal-null-conversion -Wno-objc-literal-conversion -Wshorten-64-to-32 -Wpointer-sign -Wno-newline-eof -Wno-selector -Wno-strict-selector-match -Wno-undeclared-selector -Wno-deprecated-implementations -Wno-implicit-fallthrough -isysroot /Applications/Xcode.app/Contents/Developer/Platforms/MacOSX.platform/Developer/SDKs/MacOSX27.0.sdk -fstrict-aliasing -Wprotocol -Wdeprecated-declarations -Wno-sign-conversion -Wno-infinite-recursion -Wno-comma -Wno-block-capture-autoreleasing -Wno-strict-prototypes -Wno-semicolon-before-method-body -index-store-path /Users/buddhirajgautam/Library/Developer/Xcode/DerivedData/Telegram-Mac-fygdgghdgmuleoelvxabfmqiotta/Index.noindex/DataStore @/Users/buddhirajgautam/Library/Developer/Xcode/DerivedData/Telegram-Mac-fygdgghdgmuleoelvxabfmqiotta/Build/Intermediates.noindex/MtProtoKit.build/Debug/MtProtoKit-t.build/Objects-normal/arm64/e6072d4f65d7061329687fe24e3d63a7-common-args.resp -MMD -MT dependencies -MF /Users/buddhirajgautam/Library/Developer/Xcode/DerivedData/Telegram-Mac-fygdgghdgmuleoelvxabfmqiotta/Build/Intermediates.noindex/MtProtoKit.build/Debug/MtProtoKit-t.build/Objects-normal/arm64/MTTransportScheme.d --serialize-diagnostics /Users/buddhirajgautam/Library/Developer/Xcode/DerivedData/Telegram-Mac-fygdgghdgmuleoelvxabfmqiotta/Build/Intermediates.noindex/MtProtoKit.build/Debug/MtProtoKit-t.build/Objects-normal/arm64/MTTransportScheme.dia -c /Users/buddhirajgautam/Documents/Cherrygram-Mac/macOS-Swift/submodules/telegram-ios/submodules/MtProtoKit/Sources/MTTransportScheme.m -o /Users/buddhirajgautam/Library/Developer/Xcode/DerivedData/Telegram-Mac-fygdgghdgmuleoelvxabfmqiotta/Build/Intermediates.noindex/MtProtoKit.build/Debug/MtProtoKit-t.build/Objects-normal/arm64/MTTransportScheme.o -index-unit-output-path /MtProtoKit.build/Debug/MtProtoKit-t.build/Objects-normal/arm64/MTTransportScheme.o

ScanDependencies /Users/buddhirajgautam/Library/Developer/Xcode/DerivedData/Telegram-Mac-fygdgghdgmuleoelvxabfmqiotta/Build/Intermediates.noindex/MtProtoKit.build/Debug/MtProtoKit-t.build/Objects-normal/arm64/MTTransport.o /Users/buddhirajgautam/Documents/Cherrygram-Mac/macOS-Swift/submodules/telegram-ios/submodules/MtProtoKit/Sources/MTTransport.m normal arm64 objective-c com.apple.compilers.llvm.clang.1_0.compiler (in target 'MtProtoKit' from project 'MtProtoKit')
    cd /Users/buddhirajgautam/Documents/Cherrygram-Mac/macOS-Swift
    
    Using response file: /Users/buddhirajgautam/Library/Developer/Xcode/DerivedData/Telegram-Mac-fygdgghdgmuleoelvxabfmqiotta/Build/Intermediates.noindex/MtProtoKit.build/Debug/MtProtoKit-t.build/Objects-normal/arm64/e6072d4f65d7061329687fe24e3d63a7-common-args.resp
    
    builtin-ScanDependencies -o /Users/buddhirajgautam/Library/Developer/Xcode/DerivedData/Telegram-Mac-fygdgghdgmuleoelvxabfmqiotta/Build/Intermediates.noindex/MtProtoKit.build/Debug/MtProtoKit-t.build/Objects-normal/arm64/MTTransport.o.scan -- /Applications/Xcode.app/Contents/Developer/Toolchains/XcodeDefault.xctoolchain/usr/bin/clang -x objective-c -ivfsstatcache /Users/buddhirajgautam/Library/Developer/Xcode/DerivedData/SDKStatCaches.noindex/macosx27.0-26A425-e829b21a6f8c9b70876ba0858053c0447231f6df4def33e022ae2eb8f782df1a.sdkstatcache -target arm64-apple-macos12.0 -fmessage-length\=0 -fdiagnostics-show-note-include-stack -fmacro-backtrace-limit\=0 -fno-color-diagnostics -fmodules-prune-interval\=86400 -fmodules-prune-after\=345600 -fbuild-session-file\=/Users/buddhirajgautam/Library/Developer/Xcode/DerivedData/ModuleCache.noindex/Session.modulevalidation -fmodules-validate-once-per-build-session -Wnon-modular-include-in-framework-module -Werror\=non-modular-include-in-framework-module -Wno-trigraphs -Wno-missing-field-initializers -Wno-missing-prototypes -Wno-return-type -Wno-implicit-atomic-properties -Wno-objc-interface-ivars -Wno-arc-repeated-use-of-weak -Wno-missing-braces -Wparentheses -Wswitch -Wno-unused-function -Wno-unused-label -Wno-unused-parameter -Wno-unused-variable -Wunused-value -Wno-empty-body -Wno-uninitialized -Wno-unknown-pragmas -Wno-shadow -Wno-four-char-constants -Wno-conversion -Wno-constant-conversion -Wno-int-conversion -Wno-bool-conversion -Wno-enum-conversion -Wno-float-conversion -Wno-non-literal-null-conversion -Wno-objc-literal-conversion -Wshorten-64-to-32 -Wpointer-sign -Wno-newline-eof -Wno-selector -Wno-strict-selector-match -Wno-undeclared-selector -Wno-deprecated-implementations -Wno-implicit-fallthrough -isysroot /Applications/Xcode.app/Contents/Developer/Platforms/MacOSX.platform/Developer/SDKs/MacOSX27.0.sdk -fstrict-aliasing -Wprotocol -Wdeprecated-declarations -Wno-sign-conversion -Wno-infinite-recursion -Wno-comma -Wno-block-capture-autoreleasing -Wno-strict-prototypes -Wno-semicolon-before-method-body -index-store-path /Users/buddhirajgautam/Library/Developer/Xcode/DerivedData/Telegram-Mac-fygdgghdgmuleoelvxabfmqiotta/Index.noindex/DataStore @/Users/buddhirajgautam/Library/Developer/Xcode/DerivedData/Telegram-Mac-fygdgghdgmuleoelvxabfmqiotta/Build/Intermediates.noindex/MtProtoKit.build/Debug/MtProtoKit-t.build/Objects-normal/arm64/e6072d4f65d7061329687fe24e3d63a7-common-args.resp -MMD -MT dependencies -MF /Users/buddhirajgautam/Library/Developer/Xcode/DerivedData/Telegram-Mac-fygdgghdgmuleoelvxabfmqiotta/Build/Intermediates.noindex/MtProtoKit.build/Debug/MtProtoKit-t.build/Objects-normal/arm64/MTTransport.d --serialize-diagnostics /Users/buddhirajgautam/Library/Developer/Xcode/DerivedData/Telegram-Mac-fygdgghdgmuleoelvxabfmqiotta/Build/Intermediates.noindex/MtProtoKit.build/Debug/MtProtoKit-t.build/Objects-normal/arm64/MTTransport.dia -c /Users/buddhirajgautam/Documents/Cherrygram-Mac/macOS-Swift/submodules/telegram-ios/submodules/MtProtoKit/Sources/MTTransport.m -o /Users/buddhirajgautam/Library/Developer/Xcode/DerivedData/Telegram-Mac-fygdgghdgmuleoelvxabfmqiotta/Build/Intermediates.noindex/MtProtoKit.build/Debug/MtProtoKit-t.build/Objects-normal/arm64/MTTransport.o -index-unit-output-path /MtProtoKit.build/Debug/MtProtoKit-t.build/Objects-normal/arm64/MTTransport.o

ScanDependencies /Users/buddhirajgautam/Library/Developer/Xcode/DerivedData/Telegram-Mac-fygdgghdgmuleoelvxabfmqiotta/Build/Intermediates.noindex/MtProtoKit.build/Debug/MtProtoKit-t.build/Objects-normal/arm64/MTTimer.o /Users/buddhirajgautam/Documents/Cherrygram-Mac/macOS-Swift/submodules/telegram-ios/submodules/MtProtoKit/Sources/MTTimer.m normal arm64 objective-c com.apple.compilers.llvm.clang.1_0.compiler (in target 'MtProtoKit' from project 'MtProtoKit')
    cd /Users/buddhirajgautam/Documents/Cherrygram-Mac/macOS-Swift
    
    Using response file: /Users/buddhirajgautam/Library/Developer/Xcode/DerivedData/Telegram-Mac-fygdgghdgmuleoelvxabfmqiotta/Build/Intermediates.noindex/MtProtoKit.build/Debug/MtProtoKit-t.build/Objects-normal/arm64/e6072d4f65d7061329687fe24e3d63a7-common-args.resp
    
    builtin-ScanDependencies -o /Users/buddhirajgautam/Library/Developer/Xcode/DerivedData/Telegram-Mac-fygdgghdgmuleoelvxabfmqiotta/Build/Intermediates.noindex/MtProtoKit.build/Debug/MtProtoKit-t.build/Objects-normal/arm64/MTTimer.o.scan -- /Applications/Xcode.app/Contents/Developer/Toolchains/XcodeDefault.xctoolchain/usr/bin/clang -x objective-c -ivfsstatcache /Users/buddhirajgautam/Library/Developer/Xcode/DerivedData/SDKStatCaches.noindex/macosx27.0-26A425-e829b21a6f8c9b70876ba0858053c0447231f6df4def33e022ae2eb8f782df1a.sdkstatcache -target arm64-apple-macos12.0 -fmessage-length\=0 -fdiagnostics-show-note-include-stack -fmacro-backtrace-limit\=0 -fno-color-diagnostics -fmodules-prune-interval\=86400 -fmodules-prune-after\=345600 -fbuild-session-file\=/Users/buddhirajgautam/Library/Developer/Xcode/DerivedData/ModuleCache.noindex/Session.modulevalidation -fmodules-validate-once-per-build-session -Wnon-modular-include-in-framework-module -Werror\=non-modular-include-in-framework-module -Wno-trigraphs -Wno-missing-field-initializers -Wno-missing-prototypes -Wno-return-type -Wno-implicit-atomic-properties -Wno-objc-interface-ivars -Wno-arc-repeated-use-of-weak -Wno-missing-braces -Wparentheses -Wswitch -Wno-unused-function -Wno-unused-label -Wno-unused-parameter -Wno-unused-variable -Wunused-value -Wno-empty-body -Wno-uninitialized -Wno-unknown-pragmas -Wno-shadow -Wno-four-char-constants -Wno-conversion -Wno-constant-conversion -Wno-int-conversion -Wno-bool-conversion -Wno-enum-conversion -Wno-float-conversion -Wno-non-literal-null-conversion -Wno-objc-literal-conversion -Wshorten-64-to-32 -Wpointer-sign -Wno-newline-eof -Wno-selector -Wno-strict-selector-match -Wno-undeclared-selector -Wno-deprecated-implementations -Wno-implicit-fallthrough -isysroot /Applications/Xcode.app/Contents/Developer/Platforms/MacOSX.platform/Developer/SDKs/MacOSX27.0.sdk -fstrict-aliasing -Wprotocol -Wdeprecated-declarations -Wno-sign-conversion -Wno-infinite-recursion -Wno-comma -Wno-block-capture-autoreleasing -Wno-strict-prototypes -Wno-semicolon-before-method-body -index-store-path /Users/buddhirajgautam/Library/Developer/Xcode/DerivedData/Telegram-Mac-fygdgghdgmuleoelvxabfmqiotta/Index.noindex/DataStore @/Users/buddhirajgautam/Library/Developer/Xcode/DerivedData/Telegram-Mac-fygdgghdgmuleoelvxabfmqiotta/Build/Intermediates.noindex/MtProtoKit.build/Debug/MtProtoKit-t.build/Objects-normal/arm64/e6072d4f65d7061329687fe24e3d63a7-common-args.resp -MMD -MT dependencies -MF /Users/buddhirajgautam/Library/Developer/Xcode/DerivedData/Telegram-Mac-fygdgghdgmuleoelvxabfmqiotta/Build/Intermediates.noindex/MtProtoKit.build/Debug/MtProtoKit-t.build/Objects-normal/arm64/MTTimer.d --serialize-diagnostics /Users/buddhirajgautam/Library/Developer/Xcode/DerivedData/Telegram-Mac-fygdgghdgmuleoelvxabfmqiotta/Build/Intermediates.noindex/MtProtoKit.build/Debug/MtProtoKit-t.build/Objects-normal/arm64/MTTimer.dia -c /Users/buddhirajgautam/Documents/Cherrygram-Mac/macOS-Swift/submodules/telegram-ios/submodules/MtProtoKit/Sources/MTTimer.m -o /Users/buddhirajgautam/Library/Developer/Xcode/DerivedData/Telegram-Mac-fygdgghdgmuleoelvxabfmqiotta/Build/Intermediates.noindex/MtProtoKit.build/Debug/MtProtoKit-t.build/Objects-normal/arm64/MTTimer.o -index-unit-output-path /MtProtoKit.build/Debug/MtProtoKit-t.build/Objects-normal/arm64/MTTimer.o

ScanDependencies /Users/buddhirajgautam/Library/Developer/Xcode/DerivedData/Telegram-Mac-fygdgghdgmuleoelvxabfmqiotta/Build/Intermediates.noindex/MtProtoKit.build/Debug/MtProtoKit-t.build/Objects-normal/arm64/MTTimeSyncMessageService.o /Users/buddhirajgautam/Documents/Cherrygram-Mac/macOS-Swift/submodules/telegram-ios/submodules/MtProtoKit/Sources/MTTimeSyncMessageService.m normal arm64 objective-c com.apple.compilers.llvm.clang.1_0.compiler (in target 'MtProtoKit' from project 'MtProtoKit')
    cd /Users/buddhirajgautam/Documents/Cherrygram-Mac/macOS-Swift
    
    Using response file: /Users/buddhirajgautam/Library/Developer/Xcode/DerivedData/Telegram-Mac-fygdgghdgmuleoelvxabfmqiotta/Build/Intermediates.noindex/MtProtoKit.build/Debug/MtProtoKit-t.build/Objects-normal/arm64/e6072d4f65d7061329687fe24e3d63a7-common-args.resp
    
    builtin-ScanDependencies -o /Users/buddhirajgautam/Library/Developer/Xcode/DerivedData/Telegram-Mac-fygdgghdgmuleoelvxabfmqiotta/Build/Intermediates.noindex/MtProtoKit.build/Debug/MtProtoKit-t.build/Objects-normal/arm64/MTTimeSyncMessageService.o.scan -- /Applications/Xcode.app/Contents/Developer/Toolchains/XcodeDefault.xctoolchain/usr/bin/clang -x objective-c -ivfsstatcache /Users/buddhirajgautam/Library/Developer/Xcode/DerivedData/SDKStatCaches.noindex/macosx27.0-26A425-e829b21a6f8c9b70876ba0858053c0447231f6df4def33e022ae2eb8f782df1a.sdkstatcache -target arm64-apple-macos12.0 -fmessage-length\=0 -fdiagnostics-show-note-include-stack -fmacro-backtrace-limit\=0 -fno-color-diagnostics -fmodules-prune-interval\=86400 -fmodules-prune-after\=345600 -fbuild-session-file\=/Users/buddhirajgautam/Library/Developer/Xcode/DerivedData/ModuleCache.noindex/Session.modulevalidation -fmodules-validate-once-per-build-session -Wnon-modular-include-in-framework-module -Werror\=non-modular-include-in-framework-module -Wno-trigraphs -Wno-missing-field-initializers -Wno-missing-prototypes -Wno-return-type -Wno-implicit-atomic-properties -Wno-objc-interface-ivars -Wno-arc-repeated-use-of-weak -Wno-missing-braces -Wparentheses -Wswitch -Wno-unused-function -Wno-unused-label -Wno-unused-parameter -Wno-unused-variable -Wunused-value -Wno-empty-body -Wno-uninitialized -Wno-unknown-pragmas -Wno-shadow -Wno-four-char-constants -Wno-conversion -Wno-constant-conversion -Wno-int-conversion -Wno-bool-conversion -Wno-enum-conversion -Wno-float-conversion -Wno-non-literal-null-conversion -Wno-objc-literal-conversion -Wshorten-64-to-32 -Wpointer-sign -Wno-newline-eof -Wno-selector -Wno-strict-selector-match -Wno-undeclared-selector -Wno-deprecated-implementations -Wno-implicit-fallthrough -isysroot /Applications/Xcode.app/Contents/Developer/Platforms/MacOSX.platform/Developer/SDKs/MacOSX27.0.sdk -fstrict-aliasing -Wprotocol -Wdeprecated-declarations -Wno-sign-conversion -Wno-infinite-recursion -Wno-comma -Wno-block-capture-autoreleasing -Wno-strict-prototypes -Wno-semicolon-before-method-body -index-store-path /Users/buddhirajgautam/Library/Developer/Xcode/DerivedData/Telegram-Mac-fygdgghdgmuleoelvxabfmqiotta/Index.noindex/DataStore @/Users/buddhirajgautam/Library/Developer/Xcode/DerivedData/Telegram-Mac-fygdgghdgmuleoelvxabfmqiotta/Build/Intermediates.noindex/MtProtoKit.build/Debug/MtProtoKit-t.build/Objects-normal/arm64/e6072d4f65d7061329687fe24e3d63a7-common-args.resp -MMD -MT dependencies -MF /Users/buddhirajgautam/Library/Developer/Xcode/DerivedData/Telegram-Mac-fygdgghdgmuleoelvxabfmqiotta/Build/Intermediates.noindex/MtProtoKit.build/Debug/MtProtoKit-t.build/Objects-normal/arm64/MTTimeSyncMessageService.d --serialize-diagnostics /Users/buddhirajgautam/Library/Developer/Xcode/DerivedData/Telegram-Mac-fygdgghdgmuleoelvxabfmqiotta/Build/Intermediates.noindex/MtProtoKit.build/Debug/MtProtoKit-t.build/Objects-normal/arm64/MTTimeSyncMessageService.dia -c /Users/buddhirajgautam/Documents/Cherrygram-Mac/macOS-Swift/submodules/telegram-ios/submodules/MtProtoKit/Sources/MTTimeSyncMessageService.m -o /Users/buddhirajgautam/Library/Developer/Xcode/DerivedData/Telegram-Mac-fygdgghdgmuleoelvxabfmqiotta/Build/Intermediates.noindex/MtProtoKit.build/Debug/MtProtoKit-t.build/Objects-normal/arm64/MTTimeSyncMessageService.o -index-unit-output-path /MtProtoKit.build/Debug/MtProtoKit-t.build/Objects-normal/arm64/MTTimeSyncMessageService.o

PrecompileModule /Users/buddhirajgautam/Library/Developer/Xcode/DerivedData/Telegram-Mac-fygdgghdgmuleoelvxabfmqiotta/Build/Intermediates.noindex/ExplicitPrecompiledModules/MtProtoKit-26YHJ22X68E00T74QYXMVI4IT.scan
    cd /
    builtin-precompileModule /Users/buddhirajgautam/Library/Developer/Xcode/DerivedData/Telegram-Mac-fygdgghdgmuleoelvxabfmqiotta/Build/Intermediates.noindex/ExplicitPrecompiledModules/MtProtoKit-26YHJ22X68E00T74QYXMVI4IT.scan

CompileC /Users/buddhirajgautam/Library/Developer/Xcode/DerivedData/Telegram-Mac-fygdgghdgmuleoelvxabfmqiotta/Build/Intermediates.noindex/MtProtoKit.build/Debug/MtProtoKit-t.build/Objects-normal/arm64/MTTransport.o /Users/buddhirajgautam/Documents/Cherrygram-Mac/macOS-Swift/submodules/telegram-ios/submodules/MtProtoKit/Sources/MTTransport.m normal arm64 objective-c com.apple.compilers.llvm.clang.1_0.compiler (in target 'MtProtoKit' from project 'MtProtoKit')
    cd /Users/buddhirajgautam/Documents/Cherrygram-Mac/macOS-Swift
    
    Using response file: /Users/buddhirajgautam/Library/Developer/Xcode/DerivedData/Telegram-Mac-fygdgghdgmuleoelvxabfmqiotta/Build/Intermediates.noindex/MtProtoKit.build/Debug/MtProtoKit-t.build/Objects-normal/arm64/e6072d4f65d7061329687fe24e3d63a7-common-args.resp
    
    /Applications/Xcode.app/Contents/Developer/Toolchains/XcodeDefault.xctoolchain/usr/bin/clang -x objective-c -ivfsstatcache /Users/buddhirajgautam/Library/Developer/Xcode/DerivedData/SDKStatCaches.noindex/macosx27.0-26A425-e829b21a6f8c9b70876ba0858053c0447231f6df4def33e022ae2eb8f782df1a.sdkstatcache -target arm64-apple-macos12.0 -fmessage-length\=0 -fdiagnostics-show-note-include-stack -fmacro-backtrace-limit\=0 -fno-color-diagnostics -fmodules-prune-interval\=86400 -fmodules-prune-after\=345600 -fbuild-session-file\=/Users/buddhirajgautam/Library/Developer/Xcode/DerivedData/ModuleCache.noindex/Session.modulevalidation -fmodules-validate-once-per-build-session -Wnon-modular-include-in-framework-module -Werror\=non-modular-include-in-framework-module -Wno-trigraphs -Wno-missing-field-initializers -Wno-missing-prototypes -Wno-return-type -Wno-implicit-atomic-properties -Wno-objc-interface-ivars -Wno-arc-repeated-use-of-weak -Wno-missing-braces -Wparentheses -Wswitch -Wno-unused-function -Wno-unused-label -Wno-unused-parameter -Wno-unused-variable -Wunused-value -Wno-empty-body -Wno-uninitialized -Wno-unknown-pragmas -Wno-shadow -Wno-four-char-constants -Wno-conversion -Wno-constant-conversion -Wno-int-conversion -Wno-bool-conversion -Wno-enum-conversion -Wno-float-conversion -Wno-non-literal-null-conversion -Wno-objc-literal-conversion -Wshorten-64-to-32 -Wpointer-sign -Wno-newline-eof -Wno-selector -Wno-strict-selector-match -Wno-undeclared-selector -Wno-deprecated-implementations -Wno-implicit-fallthrough -isysroot /Applications/Xcode.app/Contents/Developer/Platforms/MacOSX.platform/Developer/SDKs/MacOSX27.0.sdk -fstrict-aliasing -Wprotocol -Wdeprecated-declarations -Wno-sign-conversion -Wno-infinite-recursion -Wno-comma -Wno-block-capture-autoreleasing -Wno-strict-prototypes -Wno-semicolon-before-method-body -index-store-path /Users/buddhirajgautam/Library/Developer/Xcode/DerivedData/Telegram-Mac-fygdgghdgmuleoelvxabfmqiotta/Index.noindex/DataStore @/Users/buddhirajgautam/Library/Developer/Xcode/DerivedData/Telegram-Mac-fygdgghdgmuleoelvxabfmqiotta/Build/Intermediates.noindex/MtProtoKit.build/Debug/MtProtoKit-t.build/Objects-normal/arm64/e6072d4f65d7061329687fe24e3d63a7-common-args.resp -MMD -MT dependencies -MF /Users/buddhirajgautam/Library/Developer/Xcode/DerivedData/Telegram-Mac-fygdgghdgmuleoelvxabfmqiotta/Build/Intermediates.noindex/MtProtoKit.build/Debug/MtProtoKit-t.build/Objects-normal/arm64/MTTransport.d --serialize-diagnostics /Users/buddhirajgautam/Library/Developer/Xcode/DerivedData/Telegram-Mac-fygdgghdgmuleoelvxabfmqiotta/Build/Intermediates.noindex/MtProtoKit.build/Debug/MtProtoKit-t.build/Objects-normal/arm64/MTTransport.dia -c /Users/buddhirajgautam/Documents/Cherrygram-Mac/macOS-Swift/submodules/telegram-ios/submodules/MtProtoKit/Sources/MTTransport.m -o /Users/buddhirajgautam/Library/Developer/Xcode/DerivedData/Telegram-Mac-fygdgghdgmuleoelvxabfmqiotta/Build/Intermediates.noindex/MtProtoKit.build/Debug/MtProtoKit-t.build/Objects-normal/arm64/MTTransport.o -index-unit-output-path /MtProtoKit.build/Debug/MtProtoKit-t.build/Objects-normal/arm64/MTTransport.o

ScanDependencies /Users/buddhirajgautam/Library/Developer/Xcode/DerivedData/Telegram-Mac-fygdgghdgmuleoelvxabfmqiotta/Build/Intermediates.noindex/MtProtoKit.build/Debug/MtProtoKit-t.build/Objects-normal/arm64/MTTimeFixContext.o /Users/buddhirajgautam/Documents/Cherrygram-Mac/macOS-Swift/submodules/telegram-ios/submodules/MtProtoKit/Sources/MTTimeFixContext.m normal arm64 objective-c com.apple.compilers.llvm.clang.1_0.compiler (in target 'MtProtoKit' from project 'MtProtoKit')
    cd /Users/buddhirajgautam/Documents/Cherrygram-Mac/macOS-Swift
    
    Using response file: /Users/buddhirajgautam/Library/Developer/Xcode/DerivedData/Telegram-Mac-fygdgghdgmuleoelvxabfmqiotta/Build/Intermediates.noindex/MtProtoKit.build/Debug/MtProtoKit-t.build/Objects-normal/arm64/e6072d4f65d7061329687fe24e3d63a7-common-args.resp
    
    builtin-ScanDependencies -o /Users/buddhirajgautam/Library/Developer/Xcode/DerivedData/Telegram-Mac-fygdgghdgmuleoelvxabfmqiotta/Build/Intermediates.noindex/MtProtoKit.build/Debug/MtProtoKit-t.build/Objects-normal/arm64/MTTimeFixContext.o.scan -- /Applications/Xcode.app/Contents/Developer/Toolchains/XcodeDefault.xctoolchain/usr/bin/clang -x objective-c -ivfsstatcache /Users/buddhirajgautam/Library/Developer/Xcode/DerivedData/SDKStatCaches.noindex/macosx27.0-26A425-e829b21a6f8c9b70876ba0858053c0447231f6df4def33e022ae2eb8f782df1a.sdkstatcache -target arm64-apple-macos12.0 -fmessage-length\=0 -fdiagnostics-show-note-include-stack -fmacro-backtrace-limit\=0 -fno-color-diagnostics -fmodules-prune-interval\=86400 -fmodules-prune-after\=345600 -fbuild-session-file\=/Users/buddhirajgautam/Library/Developer/Xcode/DerivedData/ModuleCache.noindex/Session.modulevalidation -fmodules-validate-once-per-build-session -Wnon-modular-include-in-framework-module -Werror\=non-modular-include-in-framework-module -Wno-trigraphs -Wno-missing-field-initializers -Wno-missing-prototypes -Wno-return-type -Wno-implicit-atomic-properties -Wno-objc-interface-ivars -Wno-arc-repeated-use-of-weak -Wno-missing-braces -Wparentheses -Wswitch -Wno-unused-function -Wno-unused-label -Wno-unused-parameter -Wno-unused-variable -Wunused-value -Wno-empty-body -Wno-uninitialized -Wno-unknown-pragmas -Wno-shadow -Wno-four-char-constants -Wno-conversion -Wno-constant-conversion -Wno-int-conversion -Wno-bool-conversion -Wno-enum-conversion -Wno-float-conversion -Wno-non-literal-null-conversion -Wno-objc-literal-conversion -Wshorten-64-to-32 -Wpointer-sign -Wno-newline-eof -Wno-selector -Wno-strict-selector-match -Wno-undeclared-selector -Wno-deprecated-implementations -Wno-implicit-fallthrough -isysroot /Applications/Xcode.app/Contents/Developer/Platforms/MacOSX.platform/Developer/SDKs/MacOSX27.0.sdk -fstrict-aliasing -Wprotocol -Wdeprecated-declarations -Wno-sign-conversion -Wno-infinite-recursion -Wno-comma -Wno-block-capture-autoreleasing -Wno-strict-prototypes -Wno-semicolon-before-method-body -index-store-path /Users/buddhirajgautam/Library/Developer/Xcode/DerivedData/Telegram-Mac-fygdgghdgmuleoelvxabfmqiotta/Index.noindex/DataStore @/Users/buddhirajgautam/Library/Developer/Xcode/DerivedData/Telegram-Mac-fygdgghdgmuleoelvxabfmqiotta/Build/Intermediates.noindex/MtProtoKit.build/Debug/MtProtoKit-t.build/Objects-normal/arm64/e6072d4f65d7061329687fe24e3d63a7-common-args.resp -MMD -MT dependencies -MF /Users/buddhirajgautam/Library/Developer/Xcode/DerivedData/Telegram-Mac-fygdgghdgmuleoelvxabfmqiotta/Build/Intermediates.noindex/MtProtoKit.build/Debug/MtProtoKit-t.build/Objects-normal/arm64/MTTimeFixContext.d --serialize-diagnostics /Users/buddhirajgautam/Library/Developer/Xcode/DerivedData/Telegram-Mac-fygdgghdgmuleoelvxabfmqiotta/Build/Intermediates.noindex/MtProtoKit.build/Debug/MtProtoKit-t.build/Objects-normal/arm64/MTTimeFixContext.dia -c /Users/buddhirajgautam/Documents/Cherrygram-Mac/macOS-Swift/submodules/telegram-ios/submodules/MtProtoKit/Sources/MTTimeFixContext.m -o /Users/buddhirajgautam/Library/Developer/Xcode/DerivedData/Telegram-Mac-fygdgghdgmuleoelvxabfmqiotta/Build/Intermediates.noindex/MtProtoKit.build/Debug/MtProtoKit-t.build/Objects-normal/arm64/MTTimeFixContext.o -index-unit-output-path /MtProtoKit.build/Debug/MtProtoKit-t.build/Objects-normal/arm64/MTTimeFixContext.o

CompileC /Users/buddhirajgautam/Library/Developer/Xcode/DerivedData/Telegram-Mac-fygdgghdgmuleoelvxabfmqiotta/Build/Intermediates.noindex/MtProtoKit.build/Debug/MtProtoKit-t.build/Objects-normal/arm64/MTTransportScheme.o /Users/buddhirajgautam/Documents/Cherrygram-Mac/macOS-Swift/submodules/telegram-ios/submodules/MtProtoKit/Sources/MTTransportScheme.m normal arm64 objective-c com.apple.compilers.llvm.clang.1_0.compiler (in target 'MtProtoKit' from project 'MtProtoKit')
    cd /Users/buddhirajgautam/Documents/Cherrygram-Mac/macOS-Swift
    
    Using response file: /Users/buddhirajgautam/Library/Developer/Xcode/DerivedData/Telegram-Mac-fygdgghdgmuleoelvxabfmqiotta/Build/Intermediates.noindex/MtProtoKit.build/Debug/MtProtoKit-t.build/Objects-normal/arm64/e6072d4f65d7061329687fe24e3d63a7-common-args.resp
    
    /Applications/Xcode.app/Contents/Developer/Toolchains/XcodeDefault.xctoolchain/usr/bin/clang -x objective-c -ivfsstatcache /Users/buddhirajgautam/Library/Developer/Xcode/DerivedData/SDKStatCaches.noindex/macosx27.0-26A425-e829b21a6f8c9b70876ba0858053c0447231f6df4def33e022ae2eb8f782df1a.sdkstatcache -target arm64-apple-macos12.0 -fmessage-length\=0 -fdiagnostics-show-note-include-stack -fmacro-backtrace-limit\=0 -fno-color-diagnostics -fmodules-prune-interval\=86400 -fmodules-prune-after\=345600 -fbuild-session-file\=/Users/buddhirajgautam/Library/Developer/Xcode/DerivedData/ModuleCache.noindex/Session.modulevalidation -fmodules-validate-once-per-build-session -Wnon-modular-include-in-framework-module -Werror\=non-modular-include-in-framework-module -Wno-trigraphs -Wno-missing-field-initializers -Wno-missing-prototypes -Wno-return-type -Wno-implicit-atomic-properties -Wno-objc-interface-ivars -Wno-arc-repeated-use-of-weak -Wno-missing-braces -Wparentheses -Wswitch -Wno-unused-function -Wno-unused-label -Wno-unused-parameter -Wno-unused-variable -Wunused-value -Wno-empty-body -Wno-uninitialized -Wno-unknown-pragmas -Wno-shadow -Wno-four-char-constants -Wno-conversion -Wno-constant-conversion -Wno-int-conversion -Wno-bool-conversion -Wno-enum-conversion -Wno-float-conversion -Wno-non-literal-null-conversion -Wno-objc-literal-conversion -Wshorten-64-to-32 -Wpointer-sign -Wno-newline-eof -Wno-selector -Wno-strict-selector-match -Wno-undeclared-selector -Wno-deprecated-implementations -Wno-implicit-fallthrough -isysroot /Applications/Xcode.app/Contents/Developer/Platforms/MacOSX.platform/Developer/SDKs/MacOSX27.0.sdk -fstrict-aliasing -Wprotocol -Wdeprecated-declarations -Wno-sign-conversion -Wno-infinite-recursion -Wno-comma -Wno-block-capture-autoreleasing -Wno-strict-prototypes -Wno-semicolon-before-method-body -index-store-path /Users/buddhirajgautam/Library/Developer/Xcode/DerivedData/Telegram-Mac-fygdgghdgmuleoelvxabfmqiotta/Index.noindex/DataStore @/Users/buddhirajgautam/Library/Developer/Xcode/DerivedData/Telegram-Mac-fygdgghdgmuleoelvxabfmqiotta/Build/Intermediates.noindex/MtProtoKit.build/Debug/MtProtoKit-t.build/Objects-normal/arm64/e6072d4f65d7061329687fe24e3d63a7-common-args.resp -MMD -MT dependencies -MF /Users/buddhirajgautam/Library/Developer/Xcode/DerivedData/Telegram-Mac-fygdgghdgmuleoelvxabfmqiotta/Build/Intermediates.noindex/MtProtoKit.build/Debug/MtProtoKit-t.build/Objects-normal/arm64/MTTransportScheme.d --serialize-diagnostics /Users/buddhirajgautam/Library/Developer/Xcode/DerivedData/Telegram-Mac-fygdgghdgmuleoelvxabfmqiotta/Build/Intermediates.noindex/MtProtoKit.build/Debug/MtProtoKit-t.build/Objects-normal/arm64/MTTransportScheme.dia -c /Users/buddhirajgautam/Documents/Cherrygram-Mac/macOS-Swift/submodules/telegram-ios/submodules/MtProtoKit/Sources/MTTransportScheme.m -o /Users/buddhirajgautam/Library/Developer/Xcode/DerivedData/Telegram-Mac-fygdgghdgmuleoelvxabfmqiotta/Build/Intermediates.noindex/MtProtoKit.build/Debug/MtProtoKit-t.build/Objects-normal/arm64/MTTransportScheme.o -index-unit-output-path /MtProtoKit.build/Debug/MtProtoKit-t.build/Objects-normal/arm64/MTTransportScheme.o

CompileC /Users/buddhirajgautam/Library/Developer/Xcode/DerivedData/Telegram-Mac-fygdgghdgmuleoelvxabfmqiotta/Build/Intermediates.noindex/MtProtoKit.build/Debug/MtProtoKit-t.build/Objects-normal/arm64/MTTimer.o /Users/buddhirajgautam/Documents/Cherrygram-Mac/macOS-Swift/submodules/telegram-ios/submodules/MtProtoKit/Sources/MTTimer.m normal arm64 objective-c com.apple.compilers.llvm.clang.1_0.compiler (in target 'MtProtoKit' from project 'MtProtoKit')
    cd /Users/buddhirajgautam/Documents/Cherrygram-Mac/macOS-Swift
    
    Using response file: /Users/buddhirajgautam/Library/Developer/Xcode/DerivedData/Telegram-Mac-fygdgghdgmuleoelvxabfmqiotta/Build/Intermediates.noindex/MtProtoKit.build/Debug/MtProtoKit-t.build/Objects-normal/arm64/e6072d4f65d7061329687fe24e3d63a7-common-args.resp
    
    /Applications/Xcode.app/Contents/Developer/Toolchains/XcodeDefault.xctoolchain/usr/bin/clang -x objective-c -ivfsstatcache /Users/buddhirajgautam/Library/Developer/Xcode/DerivedData/SDKStatCaches.noindex/macosx27.0-26A425-e829b21a6f8c9b70876ba0858053c0447231f6df4def33e022ae2eb8f782df1a.sdkstatcache -target arm64-apple-macos12.0 -fmessage-length\=0 -fdiagnostics-show-note-include-stack -fmacro-backtrace-limit\=0 -fno-color-diagnostics -fmodules-prune-interval\=86400 -fmodules-prune-after\=345600 -fbuild-session-file\=/Users/buddhirajgautam/Library/Developer/Xcode/DerivedData/ModuleCache.noindex/Session.modulevalidation -fmodules-validate-once-per-build-session -Wnon-modular-include-in-framework-module -Werror\=non-modular-include-in-framework-module -Wno-trigraphs -Wno-missing-field-initializers -Wno-missing-prototypes -Wno-return-type -Wno-implicit-atomic-properties -Wno-objc-interface-ivars -Wno-arc-repeated-use-of-weak -Wno-missing-braces -Wparentheses -Wswitch -Wno-unused-function -Wno-unused-label -Wno-unused-parameter -Wno-unused-variable -Wunused-value -Wno-empty-body -Wno-uninitialized -Wno-unknown-pragmas -Wno-shadow -Wno-four-char-constants -Wno-conversion -Wno-constant-conversion -Wno-int-conversion -Wno-bool-conversion -Wno-enum-conversion -Wno-float-conversion -Wno-non-literal-null-conversion -Wno-objc-literal-conversion -Wshorten-64-to-32 -Wpointer-sign -Wno-newline-eof -Wno-selector -Wno-strict-selector-match -Wno-undeclared-selector -Wno-deprecated-implementations -Wno-implicit-fallthrough -isysroot /Applications/Xcode.app/Contents/Developer/Platforms/MacOSX.platform/Developer/SDKs/MacOSX27.0.sdk -fstrict-aliasing -Wprotocol -Wdeprecated-declarations -Wno-sign-conversion -Wno-infinite-recursion -Wno-comma -Wno-block-capture-autoreleasing -Wno-strict-prototypes -Wno-semicolon-before-method-body -index-store-path /Users/buddhirajgautam/Library/Developer/Xcode/DerivedData/Telegram-Mac-fygdgghdgmuleoelvxabfmqiotta/Index.noindex/DataStore @/Users/buddhirajgautam/Library/Developer/Xcode/DerivedData/Telegram-Mac-fygdgghdgmuleoelvxabfmqiotta/Build/Intermediates.noindex/MtProtoKit.build/Debug/MtProtoKit-t.build/Objects-normal/arm64/e6072d4f65d7061329687fe24e3d63a7-common-args.resp -MMD -MT dependencies -MF /Users/buddhirajgautam/Library/Developer/Xcode/DerivedData/Telegram-Mac-fygdgghdgmuleoelvxabfmqiotta/Build/Intermediates.noindex/MtProtoKit.build/Debug/MtProtoKit-t.build/Objects-normal/arm64/MTTimer.d --serialize-diagnostics /Users/buddhirajgautam/Library/Developer/Xcode/DerivedData/Telegram-Mac-fygdgghdgmuleoelvxabfmqiotta/Build/Intermediates.noindex/MtProtoKit.build/Debug/MtProtoKit-t.build/Objects-normal/arm64/MTTimer.dia -c /Users/buddhirajgautam/Documents/Cherrygram-Mac/macOS-Swift/submodules/telegram-ios/submodules/MtProtoKit/Sources/MTTimer.m -o /Users/buddhirajgautam/Library/Developer/Xcode/DerivedData/Telegram-Mac-fygdgghdgmuleoelvxabfmqiotta/Build/Intermediates.noindex/MtProtoKit.build/Debug/MtProtoKit-t.build/Objects-normal/arm64/MTTimer.o -index-unit-output-path /MtProtoKit.build/Debug/MtProtoKit-t.build/Objects-normal/arm64/MTTimer.o

CompileC /Users/buddhirajgautam/Library/Developer/Xcode/DerivedData/Telegram-Mac-fygdgghdgmuleoelvxabfmqiotta/Build/Intermediates.noindex/MtProtoKit.build/Debug/MtProtoKit-t.build/Objects-normal/arm64/MTTimeSyncMessageService.o /Users/buddhirajgautam/Documents/Cherrygram-Mac/macOS-Swift/submodules/telegram-ios/submodules/MtProtoKit/Sources/MTTimeSyncMessageService.m normal arm64 objective-c com.apple.compilers.llvm.clang.1_0.compiler (in target 'MtProtoKit' from project 'MtProtoKit')
    cd /Users/buddhirajgautam/Documents/Cherrygram-Mac/macOS-Swift
    
    Using response file: /Users/buddhirajgautam/Library/Developer/Xcode/DerivedData/Telegram-Mac-fygdgghdgmuleoelvxabfmqiotta/Build/Intermediates.noindex/MtProtoKit.build/Debug/MtProtoKit-t.build/Objects-normal/arm64/e6072d4f65d7061329687fe24e3d63a7-common-args.resp
    
    /Applications/Xcode.app/Contents/Developer/Toolchains/XcodeDefault.xctoolchain/usr/bin/clang -x objective-c -ivfsstatcache /Users/buddhirajgautam/Library/Developer/Xcode/DerivedData/SDKStatCaches.noindex/macosx27.0-26A425-e829b21a6f8c9b70876ba0858053c0447231f6df4def33e022ae2eb8f782df1a.sdkstatcache -target arm64-apple-macos12.0 -fmessage-length\=0 -fdiagnostics-show-note-include-stack -fmacro-backtrace-limit\=0 -fno-color-diagnostics -fmodules-prune-interval\=86400 -fmodules-prune-after\=345600 -fbuild-session-file\=/Users/buddhirajgautam/Library/Developer/Xcode/DerivedData/ModuleCache.noindex/Session.modulevalidation -fmodules-validate-once-per-build-session -Wnon-modular-include-in-framework-module -Werror\=non-modular-include-in-framework-module -Wno-trigraphs -Wno-missing-field-initializers -Wno-missing-prototypes -Wno-return-type -Wno-implicit-atomic-properties -Wno-objc-interface-ivars -Wno-arc-repeated-use-of-weak -Wno-missing-braces -Wparentheses -Wswitch -Wno-unused-function -Wno-unused-label -Wno-unused-parameter -Wno-unused-variable -Wunused-value -Wno-empty-body -Wno-uninitialized -Wno-unknown-pragmas -Wno-shadow -Wno-four-char-constants -Wno-conversion -Wno-constant-conversion -Wno-int-conversion -Wno-bool-conversion -Wno-enum-conversion -Wno-float-conversion -Wno-non-literal-null-conversion -Wno-objc-literal-conversion -Wshorten-64-to-32 -Wpointer-sign -Wno-newline-eof -Wno-selector -Wno-strict-selector-match -Wno-undeclared-selector -Wno-deprecated-implementations -Wno-implicit-fallthrough -isysroot /Applications/Xcode.app/Contents/Developer/Platforms/MacOSX.platform/Developer/SDKs/MacOSX27.0.sdk -fstrict-aliasing -Wprotocol -Wdeprecated-declarations -Wno-sign-conversion -Wno-infinite-recursion -Wno-comma -Wno-block-capture-autoreleasing -Wno-strict-prototypes -Wno-semicolon-before-method-body -index-store-path /Users/buddhirajgautam/Library/Developer/Xcode/DerivedData/Telegram-Mac-fygdgghdgmuleoelvxabfmqiotta/Index.noindex/DataStore @/Users/buddhirajgautam/Library/Developer/Xcode/DerivedData/Telegram-Mac-fygdgghdgmuleoelvxabfmqiotta/Build/Intermediates.noindex/MtProtoKit.build/Debug/MtProtoKit-t.build/Objects-normal/arm64/e6072d4f65d7061329687fe24e3d63a7-common-args.resp -MMD -MT dependencies -MF /Users/buddhirajgautam/Library/Developer/Xcode/DerivedData/Telegram-Mac-fygdgghdgmuleoelvxabfmqiotta/Build/Intermediates.noindex/MtProtoKit.build/Debug/MtProtoKit-t.build/Objects-normal/arm64/MTTimeSyncMessageService.d --serialize-diagnostics /Users/buddhirajgautam/Library/Developer/Xcode/DerivedData/Telegram-Mac-fygdgghdgmuleoelvxabfmqiotta/Build/Intermediates.noindex/MtProtoKit.build/Debug/MtProtoKit-t.build/Objects-normal/arm64/MTTimeSyncMessageService.dia -c /Users/buddhirajgautam/Documents/Cherrygram-Mac/macOS-Swift/submodules/telegram-ios/submodules/MtProtoKit/Sources/MTTimeSyncMessageService.m -o /Users/buddhirajgautam/Library/Developer/Xcode/DerivedData/Telegram-Mac-fygdgghdgmuleoelvxabfmqiotta/Build/Intermediates.noindex/MtProtoKit.build/Debug/MtProtoKit-t.build/Objects-normal/arm64/MTTimeSyncMessageService.o -index-unit-output-path /MtProtoKit.build/Debug/MtProtoKit-t.build/Objects-normal/arm64/MTTimeSyncMessageService.o

CompileC /Users/buddhirajgautam/Library/Developer/Xcode/DerivedData/Telegram-Mac-fygdgghdgmuleoelvxabfmqiotta/Build/Intermediates.noindex/MtProtoKit.build/Debug/MtProtoKit-t.build/Objects-normal/arm64/MTTimeFixContext.o /Users/buddhirajgautam/Documents/Cherrygram-Mac/macOS-Swift/submodules/telegram-ios/submodules/MtProtoKit/Sources/MTTimeFixContext.m normal arm64 objective-c com.apple.compilers.llvm.clang.1_0.compiler (in target 'MtProtoKit' from project 'MtProtoKit')
    cd /Users/buddhirajgautam/Documents/Cherrygram-Mac/macOS-Swift
    
    Using response file: /Users/buddhirajgautam/Library/Developer/Xcode/DerivedData/Telegram-Mac-fygdgghdgmuleoelvxabfmqiotta/Build/Intermediates.noindex/MtProtoKit.build/Debug/MtProtoKit-t.build/Objects-normal/arm64/e6072d4f65d7061329687fe24e3d63a7-common-args.resp
    
    /Applications/Xcode.app/Contents/Developer/Toolchains/XcodeDefault.xctoolchain/usr/bin/clang -x objective-c -ivfsstatcache /Users/buddhirajgautam/Library/Developer/Xcode/DerivedData/SDKStatCaches.noindex/macosx27.0-26A425-e829b21a6f8c9b70876ba0858053c0447231f6df4def33e022ae2eb8f782df1a.sdkstatcache -target arm64-apple-macos12.0 -fmessage-length\=0 -fdiagnostics-show-note-include-stack -fmacro-backtrace-limit\=0 -fno-color-diagnostics -fmodules-prune-interval\=86400 -fmodules-prune-after\=345600 -fbuild-session-file\=/Users/buddhirajgautam/Library/Developer/Xcode/DerivedData/ModuleCache.noindex/Session.modulevalidation -fmodules-validate-once-per-build-session -Wnon-modular-include-in-framework-module -Werror\=non-modular-include-in-framework-module -Wno-trigraphs -Wno-missing-field-initializers -Wno-missing-prototypes -Wno-return-type -Wno-implicit-atomic-properties -Wno-objc-interface-ivars -Wno-arc-repeated-use-of-weak -Wno-missing-braces -Wparentheses -Wswitch -Wno-unused-function -Wno-unused-label -Wno-unused-parameter -Wno-unused-variable -Wunused-value -Wno-empty-body -Wno-uninitialized -Wno-unknown-pragmas -Wno-shadow -Wno-four-char-constants -Wno-conversion -Wno-constant-conversion -Wno-int-conversion -Wno-bool-conversion -Wno-enum-conversion -Wno-float-conversion -Wno-non-literal-null-conversion -Wno-objc-literal-conversion -Wshorten-64-to-32 -Wpointer-sign -Wno-newline-eof -Wno-selector -Wno-strict-selector-match -Wno-undeclared-selector -Wno-deprecated-implementations -Wno-implicit-fallthrough -isysroot /Applications/Xcode.app/Contents/Developer/Platforms/MacOSX.platform/Developer/SDKs/MacOSX27.0.sdk -fstrict-aliasing -Wprotocol -Wdeprecated-declarations -Wno-sign-conversion -Wno-infinite-recursion -Wno-comma -Wno-block-capture-autoreleasing -Wno-strict-prototypes -Wno-semicolon-before-method-body -index-store-path /Users/buddhirajgautam/Library/Developer/Xcode/DerivedData/Telegram-Mac-fygdgghdgmuleoelvxabfmqiotta/Index.noindex/DataStore @/Users/buddhirajgautam/Library/Developer/Xcode/DerivedData/Telegram-Mac-fygdgghdgmuleoelvxabfmqiotta/Build/Intermediates.noindex/MtProtoKit.build/Debug/MtProtoKit-t.build/Objects-normal/arm64/e6072d4f65d7061329687fe24e3d63a7-common-args.resp -MMD -MT dependencies -MF /Users/buddhirajgautam/Library/Developer/Xcode/DerivedData/Telegram-Mac-fygdgghdgmuleoelvxabfmqiotta/Build/Intermediates.noindex/MtProtoKit.build/Debug/MtProtoKit-t.build/Objects-normal/arm64/MTTimeFixContext.d --serialize-diagnostics /Users/buddhirajgautam/Library/Developer/Xcode/DerivedData/Telegram-Mac-fygdgghdgmuleoelvxabfmqiotta/Build/Intermediates.noindex/MtProtoKit.build/Debug/MtProtoKit-t.build/Objects-normal/arm64/MTTimeFixContext.dia -c /Users/buddhirajgautam/Documents/Cherrygram-Mac/macOS-Swift/submodules/telegram-ios/submodules/MtProtoKit/Sources/MTTimeFixContext.m -o /Users/buddhirajgautam/Library/Developer/Xcode/DerivedData/Telegram-Mac-fygdgghdgmuleoelvxabfmqiotta/Build/Intermediates.noindex/MtProtoKit.build/Debug/MtProtoKit-t.build/Objects-normal/arm64/MTTimeFixContext.o -index-unit-output-path /MtProtoKit.build/Debug/MtProtoKit-t.build/Objects-normal/arm64/MTTimeFixContext.o

ScanDependencies /Users/buddhirajgautam/Library/Developer/Xcode/DerivedData/Telegram-Mac-fygdgghdgmuleoelvxabfmqiotta/Build/Intermediates.noindex/MtProtoKit.build/Debug/MtProtoKit-t.build/Objects-normal/arm64/MTTime.o /Users/buddhirajgautam/Documents/Cherrygram-Mac/macOS-Swift/submodules/telegram-ios/submodules/MtProtoKit/Sources/MTTime.m normal arm64 objective-c com.apple.compilers.llvm.clang.1_0.compiler (in target 'MtProtoKit' from project 'MtProtoKit')
    cd /Users/buddhirajgautam/Documents/Cherrygram-Mac/macOS-Swift
    
    Using response file: /Users/buddhirajgautam/Library/Developer/Xcode/DerivedData/Telegram-Mac-fygdgghdgmuleoelvxabfmqiotta/Build/Intermediates.noindex/MtProtoKit.build/Debug/MtProtoKit-t.build/Objects-normal/arm64/e6072d4f65d7061329687fe24e3d63a7-common-args.resp
    
    builtin-ScanDependencies -o /Users/buddhirajgautam/Library/Developer/Xcode/DerivedData/Telegram-Mac-fygdgghdgmuleoelvxabfmqiotta/Build/Intermediates.noindex/MtProtoKit.build/Debug/MtProtoKit-t.build/Objects-normal/arm64/MTTime.o.scan -- /Applications/Xcode.app/Contents/Developer/Toolchains/XcodeDefault.xctoolchain/usr/bin/clang -x objective-c -ivfsstatcache /Users/buddhirajgautam/Library/Developer/Xcode/DerivedData/SDKStatCaches.noindex/macosx27.0-26A425-e829b21a6f8c9b70876ba0858053c0447231f6df4def33e022ae2eb8f782df1a.sdkstatcache -target arm64-apple-macos12.0 -fmessage-length\=0 -fdiagnostics-show-note-include-stack -fmacro-backtrace-limit\=0 -fno-color-diagnostics -fmodules-prune-interval\=86400 -fmodules-prune-after\=345600 -fbuild-session-file\=/Users/buddhirajgautam/Library/Developer/Xcode/DerivedData/ModuleCache.noindex/Session.modulevalidation -fmodules-validate-once-per-build-session -Wnon-modular-include-in-framework-module -Werror\=non-modular-include-in-framework-module -Wno-trigraphs -Wno-missing-field-initializers -Wno-missing-prototypes -Wno-return-type -Wno-implicit-atomic-properties -Wno-objc-interface-ivars -Wno-arc-repeated-use-of-weak -Wno-missing-braces -Wparentheses -Wswitch -Wno-unused-function -Wno-unused-label -Wno-unused-parameter -Wno-unused-variable -Wunused-value -Wno-empty-body -Wno-uninitialized -Wno-unknown-pragmas -Wno-shadow -Wno-four-char-constants -Wno-conversion -Wno-constant-conversion -Wno-int-conversion -Wno-bool-conversion -Wno-enum-conversion -Wno-float-conversion -Wno-non-literal-null-conversion -Wno-objc-literal-conversion -Wshorten-64-to-32 -Wpointer-sign -Wno-newline-eof -Wno-selector -Wno-strict-selector-match -Wno-undeclared-selector -Wno-deprecated-implementations -Wno-implicit-fallthrough -isysroot /Applications/Xcode.app/Contents/Developer/Platforms/MacOSX.platform/Developer/SDKs/MacOSX27.0.sdk -fstrict-aliasing -Wprotocol -Wdeprecated-declarations -Wno-sign-conversion -Wno-infinite-recursion -Wno-comma -Wno-block-capture-autoreleasing -Wno-strict-prototypes -Wno-semicolon-before-method-body -index-store-path /Users/buddhirajgautam/Library/Developer/Xcode/DerivedData/Telegram-Mac-fygdgghdgmuleoelvxabfmqiotta/Index.noindex/DataStore @/Users/buddhirajgautam/Library/Developer/Xcode/DerivedData/Telegram-Mac-fygdgghdgmuleoelvxabfmqiotta/Build/Intermediates.noindex/MtProtoKit.build/Debug/MtProtoKit-t.build/Objects-normal/arm64/e6072d4f65d7061329687fe24e3d63a7-common-args.resp -MMD -MT dependencies -MF /Users/buddhirajgautam/Library/Developer/Xcode/DerivedData/Telegram-Mac-fygdgghdgmuleoelvxabfmqiotta/Build/Intermediates.noindex/MtProtoKit.build/Debug/MtProtoKit-t.build/Objects-normal/arm64/MTTime.d --serialize-diagnostics /Users/buddhirajgautam/Library/Developer/Xcode/DerivedData/Telegram-Mac-fygdgghdgmuleoelvxabfmqiotta/Build/Intermediates.noindex/MtProtoKit.build/Debug/MtProtoKit-t.build/Objects-normal/arm64/MTTime.dia -c /Users/buddhirajgautam/Documents/Cherrygram-Mac/macOS-Swift/submodules/telegram-ios/submodules/MtProtoKit/Sources/MTTime.m -o /Users/buddhirajgautam/Library/Developer/Xcode/DerivedData/Telegram-Mac-fygdgghdgmuleoelvxabfmqiotta/Build/Intermediates.noindex/MtProtoKit.build/Debug/MtProtoKit-t.build/Objects-normal/arm64/MTTime.o -index-unit-output-path /MtProtoKit.build/Debug/MtProtoKit-t.build/Objects-normal/arm64/MTTime.o

ScanDependencies /Users/buddhirajgautam/Library/Developer/Xcode/DerivedData/Telegram-Mac-fygdgghdgmuleoelvxabfmqiotta/Build/Intermediates.noindex/MtProtoKit.build/Debug/MtProtoKit-t.build/Objects-normal/arm64/MTTcpTransport.o /Users/buddhirajgautam/Documents/Cherrygram-Mac/macOS-Swift/submodules/telegram-ios/submodules/MtProtoKit/Sources/MTTcpTransport.m normal arm64 objective-c com.apple.compilers.llvm.clang.1_0.compiler (in target 'MtProtoKit' from project 'MtProtoKit')
    cd /Users/buddhirajgautam/Documents/Cherrygram-Mac/macOS-Swift
    
    Using response file: /Users/buddhirajgautam/Library/Developer/Xcode/DerivedData/Telegram-Mac-fygdgghdgmuleoelvxabfmqiotta/Build/Intermediates.noindex/MtProtoKit.build/Debug/MtProtoKit-t.build/Objects-normal/arm64/e6072d4f65d7061329687fe24e3d63a7-common-args.resp
    
    builtin-ScanDependencies -o /Users/buddhirajgautam/Library/Developer/Xcode/DerivedData/Telegram-Mac-fygdgghdgmuleoelvxabfmqiotta/Build/Intermediates.noindex/MtProtoKit.build/Debug/MtProtoKit-t.build/Objects-normal/arm64/MTTcpTransport.o.scan -- /Applications/Xcode.app/Contents/Developer/Toolchains/XcodeDefault.xctoolchain/usr/bin/clang -x objective-c -ivfsstatcache /Users/buddhirajgautam/Library/Developer/Xcode/DerivedData/SDKStatCaches.noindex/macosx27.0-26A425-e829b21a6f8c9b70876ba0858053c0447231f6df4def33e022ae2eb8f782df1a.sdkstatcache -target arm64-apple-macos12.0 -fmessage-length\=0 -fdiagnostics-show-note-include-stack -fmacro-backtrace-limit\=0 -fno-color-diagnostics -fmodules-prune-interval\=86400 -fmodules-prune-after\=345600 -fbuild-session-file\=/Users/buddhirajgautam/Library/Developer/Xcode/DerivedData/ModuleCache.noindex/Session.modulevalidation -fmodules-validate-once-per-build-session -Wnon-modular-include-in-framework-module -Werror\=non-modular-include-in-framework-module -Wno-trigraphs -Wno-missing-field-initializers -Wno-missing-prototypes -Wno-return-type -Wno-implicit-atomic-properties -Wno-objc-interface-ivars -Wno-arc-repeated-use-of-weak -Wno-missing-braces -Wparentheses -Wswitch -Wno-unused-function -Wno-unused-label -Wno-unused-parameter -Wno-unused-variable -Wunused-value -Wno-empty-body -Wno-uninitialized -Wno-unknown-pragmas -Wno-shadow -Wno-four-char-constants -Wno-conversion -Wno-constant-conversion -Wno-int-conversion -Wno-bool-conversion -Wno-enum-conversion -Wno-float-conversion -Wno-non-literal-null-conversion -Wno-objc-literal-conversion -Wshorten-64-to-32 -Wpointer-sign -Wno-newline-eof -Wno-selector -Wno-strict-selector-match -Wno-undeclared-selector -Wno-deprecated-implementations -Wno-implicit-fallthrough -isysroot /Applications/Xcode.app/Contents/Developer/Platforms/MacOSX.platform/Developer/SDKs/MacOSX27.0.sdk -fstrict-aliasing -Wprotocol -Wdeprecated-declarations -Wno-sign-conversion -Wno-infinite-recursion -Wno-comma -Wno-block-capture-autoreleasing -Wno-strict-prototypes -Wno-semicolon-before-method-body -index-store-path /Users/buddhirajgautam/Library/Developer/Xcode/DerivedData/Telegram-Mac-fygdgghdgmuleoelvxabfmqiotta/Index.noindex/DataStore @/Users/buddhirajgautam/Library/Developer/Xcode/DerivedData/Telegram-Mac-fygdgghdgmuleoelvxabfmqiotta/Build/Intermediates.noindex/MtProtoKit.build/Debug/MtProtoKit-t.build/Objects-normal/arm64/e6072d4f65d7061329687fe24e3d63a7-common-args.resp -MMD -MT dependencies -MF /Users/buddhirajgautam/Library/Developer/Xcode/DerivedData/Telegram-Mac-fygdgghdgmuleoelvxabfmqiotta/Build/Intermediates.noindex/MtProtoKit.build/Debug/MtProtoKit-t.build/Objects-normal/arm64/MTTcpTransport.d --serialize-diagnostics /Users/buddhirajgautam/Library/Developer/Xcode/DerivedData/Telegram-Mac-fygdgghdgmuleoelvxabfmqiotta/Build/Intermediates.noindex/MtProtoKit.build/Debug/MtProtoKit-t.build/Objects-normal/arm64/MTTcpTransport.dia -c /Users/buddhirajgautam/Documents/Cherrygram-Mac/macOS-Swift/submodules/telegram-ios/submodules/MtProtoKit/Sources/MTTcpTransport.m -o /Users/buddhirajgautam/Library/Developer/Xcode/DerivedData/Telegram-Mac-fygdgghdgmuleoelvxabfmqiotta/Build/Intermediates.noindex/MtProtoKit.build/Debug/MtProtoKit-t.build/Objects-normal/arm64/MTTcpTransport.o -index-unit-output-path /MtProtoKit.build/Debug/MtProtoKit-t.build/Objects-normal/arm64/MTTcpTransport.o

ScanDependencies /Users/buddhirajgautam/Library/Developer/Xcode/DerivedData/Telegram-Mac-fygdgghdgmuleoelvxabfmqiotta/Build/Intermediates.noindex/MtProtoKit.build/Debug/MtProtoKit-t.build/Objects-normal/arm64/MTTcpConnectionBehaviour.o /Users/buddhirajgautam/Documents/Cherrygram-Mac/macOS-Swift/submodules/telegram-ios/submodules/MtProtoKit/Sources/MTTcpConnectionBehaviour.m normal arm64 objective-c com.apple.compilers.llvm.clang.1_0.compiler (in target 'MtProtoKit' from project 'MtProtoKit')
    cd /Users/buddhirajgautam/Documents/Cherrygram-Mac/macOS-Swift
    
    Using response file: /Users/buddhirajgautam/Library/Developer/Xcode/DerivedData/Telegram-Mac-fygdgghdgmuleoelvxabfmqiotta/Build/Intermediates.noindex/MtProtoKit.build/Debug/MtProtoKit-t.build/Objects-normal/arm64/e6072d4f65d7061329687fe24e3d63a7-common-args.resp
    
    builtin-ScanDependencies -o /Users/buddhirajgautam/Library/Developer/Xcode/DerivedData/Telegram-Mac-fygdgghdgmuleoelvxabfmqiotta/Build/Intermediates.noindex/MtProtoKit.build/Debug/MtProtoKit-t.build/Objects-normal/arm64/MTTcpConnectionBehaviour.o.scan -- /Applications/Xcode.app/Contents/Developer/Toolchains/XcodeDefault.xctoolchain/usr/bin/clang -x objective-c -ivfsstatcache /Users/buddhirajgautam/Library/Developer/Xcode/DerivedData/SDKStatCaches.noindex/macosx27.0-26A425-e829b21a6f8c9b70876ba0858053c0447231f6df4def33e022ae2eb8f782df1a.sdkstatcache -target arm64-apple-macos12.0 -fmessage-length\=0 -fdiagnostics-show-note-include-stack -fmacro-backtrace-limit\=0 -fno-color-diagnostics -fmodules-prune-interval\=86400 -fmodules-prune-after\=345600 -fbuild-session-file\=/Users/buddhirajgautam/Library/Developer/Xcode/DerivedData/ModuleCache.noindex/Session.modulevalidation -fmodules-validate-once-per-build-session -Wnon-modular-include-in-framework-module -Werror\=non-modular-include-in-framework-module -Wno-trigraphs -Wno-missing-field-initializers -Wno-missing-prototypes -Wno-return-type -Wno-implicit-atomic-properties -Wno-objc-interface-ivars -Wno-arc-repeated-use-of-weak -Wno-missing-braces -Wparentheses -Wswitch -Wno-unused-function -Wno-unused-label -Wno-unused-parameter -Wno-unused-variable -Wunused-value -Wno-empty-body -Wno-uninitialized -Wno-unknown-pragmas -Wno-shadow -Wno-four-char-constants -Wno-conversion -Wno-constant-conversion -Wno-int-conversion -Wno-bool-conversion -Wno-enum-conversion -Wno-float-conversion -Wno-non-literal-null-conversion -Wno-objc-literal-conversion -Wshorten-64-to-32 -Wpointer-sign -Wno-newline-eof -Wno-selector -Wno-strict-selector-match -Wno-undeclared-selector -Wno-deprecated-implementations -Wno-implicit-fallthrough -isysroot /Applications/Xcode.app/Contents/Developer/Platforms/MacOSX.platform/Developer/SDKs/MacOSX27.0.sdk -fstrict-aliasing -Wprotocol -Wdeprecated-declarations -Wno-sign-conversion -Wno-infinite-recursion -Wno-comma -Wno-block-capture-autoreleasing -Wno-strict-prototypes -Wno-semicolon-before-method-body -index-store-path /Users/buddhirajgautam/Library/Developer/Xcode/DerivedData/Telegram-Mac-fygdgghdgmuleoelvxabfmqiotta/Index.noindex/DataStore @/Users/buddhirajgautam/Library/Developer/Xcode/DerivedData/Telegram-Mac-fygdgghdgmuleoelvxabfmqiotta/Build/Intermediates.noindex/MtProtoKit.build/Debug/MtProtoKit-t.build/Objects-normal/arm64/e6072d4f65d7061329687fe24e3d63a7-common-args.resp -MMD -MT dependencies -MF /Users/buddhirajgautam/Library/Developer/Xcode/DerivedData/Telegram-Mac-fygdgghdgmuleoelvxabfmqiotta/Build/Intermediates.noindex/MtProtoKit.build/Debug/MtProtoKit-t.build/Objects-normal/arm64/MTTcpConnectionBehaviour.d --serialize-diagnostics /Users/buddhirajgautam/Library/Developer/Xcode/DerivedData/Telegram-Mac-fygdgghdgmuleoelvxabfmqiotta/Build/Intermediates.noindex/MtProtoKit.build/Debug/MtProtoKit-t.build/Objects-normal/arm64/MTTcpConnectionBehaviour.dia -c /Users/buddhirajgautam/Documents/Cherrygram-Mac/macOS-Swift/submodules/telegram-ios/submodules/MtProtoKit/Sources/MTTcpConnectionBehaviour.m -o /Users/buddhirajgautam/Library/Developer/Xcode/DerivedData/Telegram-Mac-fygdgghdgmuleoelvxabfmqiotta/Build/Intermediates.noindex/MtProtoKit.build/Debug/MtProtoKit-t.build/Objects-normal/arm64/MTTcpConnectionBehaviour.o -index-unit-output-path /MtProtoKit.build/Debug/MtProtoKit-t.build/Objects-normal/arm64/MTTcpConnectionBehaviour.o

CompileC /Users/buddhirajgautam/Library/Developer/Xcode/DerivedData/Telegram-Mac-fygdgghdgmuleoelvxabfmqiotta/Build/Intermediates.noindex/NetworkLogging.build/Debug/NetworkLogging-t.build/Objects-normal/arm64/NetworkLogging.o /Users/buddhirajgautam/Documents/Cherrygram-Mac/macOS-Swift/submodules/telegram-ios/submodules/NetworkLogging/Sources/NetworkLogging.m normal arm64 objective-c com.apple.compilers.llvm.clang.1_0.compiler (in target 'NetworkLogging' from project 'NetworkLogging')
    cd /Users/buddhirajgautam/Documents/Cherrygram-Mac/macOS-Swift
    
    Using response file: /Users/buddhirajgautam/Library/Developer/Xcode/DerivedData/Telegram-Mac-fygdgghdgmuleoelvxabfmqiotta/Build/Intermediates.noindex/NetworkLogging.build/Debug/NetworkLogging-t.build/Objects-normal/arm64/e6072d4f65d7061329687fe24e3d63a7-common-args.resp
    
    /Applications/Xcode.app/Contents/Developer/Toolchains/XcodeDefault.xctoolchain/usr/bin/clang -x objective-c -ivfsstatcache /Users/buddhirajgautam/Library/Developer/Xcode/DerivedData/SDKStatCaches.noindex/macosx27.0-26A425-e829b21a6f8c9b70876ba0858053c0447231f6df4def33e022ae2eb8f782df1a.sdkstatcache -target arm64-apple-macos12.0 -fmessage-length\=0 -fdiagnostics-show-note-include-stack -fmacro-backtrace-limit\=0 -fno-color-diagnostics -fmodules-prune-interval\=86400 -fmodules-prune-after\=345600 -fbuild-session-file\=/Users/buddhirajgautam/Library/Developer/Xcode/DerivedData/ModuleCache.noindex/Session.modulevalidation -fmodules-validate-once-per-build-session -Wnon-modular-include-in-framework-module -Werror\=non-modular-include-in-framework-module -Wno-trigraphs -Wno-missing-field-initializers -Wno-missing-prototypes -Wno-return-type -Wno-implicit-atomic-properties -Wno-objc-interface-ivars -Wno-arc-repeated-use-of-weak -Wno-missing-braces -Wparentheses -Wswitch -Wno-unused-function -Wno-unused-label -Wno-unused-parameter -Wno-unused-variable -Wunused-value -Wno-empty-body -Wno-uninitialized -Wno-unknown-pragmas -Wno-shadow -Wno-four-char-constants -Wno-conversion -Wno-constant-conversion -Wno-int-conversion -Wno-bool-conversion -Wno-enum-conversion -Wno-float-conversion -Wno-non-literal-null-conversion -Wno-objc-literal-conversion -Wshorten-64-to-32 -Wpointer-sign -Wno-newline-eof -Wno-selector -Wno-strict-selector-match -Wno-undeclared-selector -Wno-deprecated-implementations -Wno-implicit-fallthrough -isysroot /Applications/Xcode.app/Contents/Developer/Platforms/MacOSX.platform/Developer/SDKs/MacOSX27.0.sdk -fstrict-aliasing -Wprotocol -Wdeprecated-declarations -Wno-sign-conversion -Wno-infinite-recursion -Wno-comma -Wno-block-capture-autoreleasing -Wno-strict-prototypes -Wno-semicolon-before-method-body -index-store-path /Users/buddhirajgautam/Library/Developer/Xcode/DerivedData/Telegram-Mac-fygdgghdgmuleoelvxabfmqiotta/Index.noindex/DataStore @/Users/buddhirajgautam/Library/Developer/Xcode/DerivedData/Telegram-Mac-fygdgghdgmuleoelvxabfmqiotta/Build/Intermediates.noindex/NetworkLogging.build/Debug/NetworkLogging-t.build/Objects-normal/arm64/e6072d4f65d7061329687fe24e3d63a7-common-args.resp -MMD -MT dependencies -MF /Users/buddhirajgautam/Library/Developer/Xcode/DerivedData/Telegram-Mac-fygdgghdgmuleoelvxabfmqiotta/Build/Intermediates.noindex/NetworkLogging.build/Debug/NetworkLogging-t.build/Objects-normal/arm64/NetworkLogging.d --serialize-diagnostics /Users/buddhirajgautam/Library/Developer/Xcode/DerivedData/Telegram-Mac-fygdgghdgmuleoelvxabfmqiotta/Build/Intermediates.noindex/NetworkLogging.build/Debug/NetworkLogging-t.build/Objects-normal/arm64/NetworkLogging.dia -c /Users/buddhirajgautam/Documents/Cherrygram-Mac/macOS-Swift/submodules/telegram-ios/submodules/NetworkLogging/Sources/NetworkLogging.m -o /Users/buddhirajgautam/Library/Developer/Xcode/DerivedData/Telegram-Mac-fygdgghdgmuleoelvxabfmqiotta/Build/Intermediates.noindex/NetworkLogging.build/Debug/NetworkLogging-t.build/Objects-normal/arm64/NetworkLogging.o -index-unit-output-path /NetworkLogging.build/Debug/NetworkLogging-t.build/Objects-normal/arm64/NetworkLogging.o

CompileC /Users/buddhirajgautam/Library/Developer/Xcode/DerivedData/Telegram-Mac-fygdgghdgmuleoelvxabfmqiotta/Build/Intermediates.noindex/MtProtoKit.build/Debug/MtProtoKit-t.build/Objects-normal/arm64/MTTime.o /Users/buddhirajgautam/Documents/Cherrygram-Mac/macOS-Swift/submodules/telegram-ios/submodules/MtProtoKit/Sources/MTTime.m normal arm64 objective-c com.apple.compilers.llvm.clang.1_0.compiler (in target 'MtProtoKit' from project 'MtProtoKit')
    cd /Users/buddhirajgautam/Documents/Cherrygram-Mac/macOS-Swift
    
    Using response file: /Users/buddhirajgautam/Library/Developer/Xcode/DerivedData/Telegram-Mac-fygdgghdgmuleoelvxabfmqiotta/Build/Intermediates.noindex/MtProtoKit.build/Debug/MtProtoKit-t.build/Objects-normal/arm64/e6072d4f65d7061329687fe24e3d63a7-common-args.resp
    
    /Applications/Xcode.app/Contents/Developer/Toolchains/XcodeDefault.xctoolchain/usr/bin/clang -x objective-c -ivfsstatcache /Users/buddhirajgautam/Library/Developer/Xcode/DerivedData/SDKStatCaches.noindex/macosx27.0-26A425-e829b21a6f8c9b70876ba0858053c0447231f6df4def33e022ae2eb8f782df1a.sdkstatcache -target arm64-apple-macos12.0 -fmessage-length\=0 -fdiagnostics-show-note-include-stack -fmacro-backtrace-limit\=0 -fno-color-diagnostics -fmodules-prune-interval\=86400 -fmodules-prune-after\=345600 -fbuild-session-file\=/Users/buddhirajgautam/Library/Developer/Xcode/DerivedData/ModuleCache.noindex/Session.modulevalidation -fmodules-validate-once-per-build-session -Wnon-modular-include-in-framework-module -Werror\=non-modular-include-in-framework-module -Wno-trigraphs -Wno-missing-field-initializers -Wno-missing-prototypes -Wno-return-type -Wno-implicit-atomic-properties -Wno-objc-interface-ivars -Wno-arc-repeated-use-of-weak -Wno-missing-braces -Wparentheses -Wswitch -Wno-unused-function -Wno-unused-label -Wno-unused-parameter -Wno-unused-variable -Wunused-value -Wno-empty-body -Wno-uninitialized -Wno-unknown-pragmas -Wno-shadow -Wno-four-char-constants -Wno-conversion -Wno-constant-conversion -Wno-int-conversion -Wno-bool-conversion -Wno-enum-conversion -Wno-float-conversion -Wno-non-literal-null-conversion -Wno-objc-literal-conversion -Wshorten-64-to-32 -Wpointer-sign -Wno-newline-eof -Wno-selector -Wno-strict-selector-match -Wno-undeclared-selector -Wno-deprecated-implementations -Wno-implicit-fallthrough -isysroot /Applications/Xcode.app/Contents/Developer/Platforms/MacOSX.platform/Developer/SDKs/MacOSX27.0.sdk -fstrict-aliasing -Wprotocol -Wdeprecated-declarations -Wno-sign-conversion -Wno-infinite-recursion -Wno-comma -Wno-block-capture-autoreleasing -Wno-strict-prototypes -Wno-semicolon-before-method-body -index-store-path /Users/buddhirajgautam/Library/Developer/Xcode/DerivedData/Telegram-Mac-fygdgghdgmuleoelvxabfmqiotta/Index.noindex/DataStore @/Users/buddhirajgautam/Library/Developer/Xcode/DerivedData/Telegram-Mac-fygdgghdgmuleoelvxabfmqiotta/Build/Intermediates.noindex/MtProtoKit.build/Debug/MtProtoKit-t.build/Objects-normal/arm64/e6072d4f65d7061329687fe24e3d63a7-common-args.resp -MMD -MT dependencies -MF /Users/buddhirajgautam/Library/Developer/Xcode/DerivedData/Telegram-Mac-fygdgghdgmuleoelvxabfmqiotta/Build/Intermediates.noindex/MtProtoKit.build/Debug/MtProtoKit-t.build/Objects-normal/arm64/MTTime.d --serialize-diagnostics /Users/buddhirajgautam/Library/Developer/Xcode/DerivedData/Telegram-Mac-fygdgghdgmuleoelvxabfmqiotta/Build/Intermediates.noindex/MtProtoKit.build/Debug/MtProtoKit-t.build/Objects-normal/arm64/MTTime.dia -c /Users/buddhirajgautam/Documents/Cherrygram-Mac/macOS-Swift/submodules/telegram-ios/submodules/MtProtoKit/Sources/MTTime.m -o /Users/buddhirajgautam/Library/Developer/Xcode/DerivedData/Telegram-Mac-fygdgghdgmuleoelvxabfmqiotta/Build/Intermediates.noindex/MtProtoKit.build/Debug/MtProtoKit-t.build/Objects-normal/arm64/MTTime.o -index-unit-output-path /MtProtoKit.build/Debug/MtProtoKit-t.build/Objects-normal/arm64/MTTime.o

CompileC /Users/buddhirajgautam/Library/Developer/Xcode/DerivedData/Telegram-Mac-fygdgghdgmuleoelvxabfmqiotta/Build/Intermediates.noindex/MtProtoKit.build/Debug/MtProtoKit-t.build/Objects-normal/arm64/MTTcpTransport.o /Users/buddhirajgautam/Documents/Cherrygram-Mac/macOS-Swift/submodules/telegram-ios/submodules/MtProtoKit/Sources/MTTcpTransport.m normal arm64 objective-c com.apple.compilers.llvm.clang.1_0.compiler (in target 'MtProtoKit' from project 'MtProtoKit')
    cd /Users/buddhirajgautam/Documents/Cherrygram-Mac/macOS-Swift
    
    Using response file: /Users/buddhirajgautam/Library/Developer/Xcode/DerivedData/Telegram-Mac-fygdgghdgmuleoelvxabfmqiotta/Build/Intermediates.noindex/MtProtoKit.build/Debug/MtProtoKit-t.build/Objects-normal/arm64/e6072d4f65d7061329687fe24e3d63a7-common-args.resp
    
    /Applications/Xcode.app/Contents/Developer/Toolchains/XcodeDefault.xctoolchain/usr/bin/clang -x objective-c -ivfsstatcache /Users/buddhirajgautam/Library/Developer/Xcode/DerivedData/SDKStatCaches.noindex/macosx27.0-26A425-e829b21a6f8c9b70876ba0858053c0447231f6df4def33e022ae2eb8f782df1a.sdkstatcache -target arm64-apple-macos12.0 -fmessage-length\=0 -fdiagnostics-show-note-include-stack -fmacro-backtrace-limit\=0 -fno-color-diagnostics -fmodules-prune-interval\=86400 -fmodules-prune-after\=345600 -fbuild-session-file\=/Users/buddhirajgautam/Library/Developer/Xcode/DerivedData/ModuleCache.noindex/Session.modulevalidation -fmodules-validate-once-per-build-session -Wnon-modular-include-in-framework-module -Werror\=non-modular-include-in-framework-module -Wno-trigraphs -Wno-missing-field-initializers -Wno-missing-prototypes -Wno-return-type -Wno-implicit-atomic-properties -Wno-objc-interface-ivars -Wno-arc-repeated-use-of-weak -Wno-missing-braces -Wparentheses -Wswitch -Wno-unused-function -Wno-unused-label -Wno-unused-parameter -Wno-unused-variable -Wunused-value -Wno-empty-body -Wno-uninitialized -Wno-unknown-pragmas -Wno-shadow -Wno-four-char-constants -Wno-conversion -Wno-constant-conversion -Wno-int-conversion -Wno-bool-conversion -Wno-enum-conversion -Wno-float-conversion -Wno-non-literal-null-conversion -Wno-objc-literal-conversion -Wshorten-64-to-32 -Wpointer-sign -Wno-newline-eof -Wno-selector -Wno-strict-selector-match -Wno-undeclared-selector -Wno-deprecated-implementations -Wno-implicit-fallthrough -isysroot /Applications/Xcode.app/Contents/Developer/Platforms/MacOSX.platform/Developer/SDKs/MacOSX27.0.sdk -fstrict-aliasing -Wprotocol -Wdeprecated-declarations -Wno-sign-conversion -Wno-infinite-recursion -Wno-comma -Wno-block-capture-autoreleasing -Wno-strict-prototypes -Wno-semicolon-before-method-body -index-store-path /Users/buddhirajgautam/Library/Developer/Xcode/DerivedData/Telegram-Mac-fygdgghdgmuleoelvxabfmqiotta/Index.noindex/DataStore @/Users/buddhirajgautam/Library/Developer/Xcode/DerivedData/Telegram-Mac-fygdgghdgmuleoelvxabfmqiotta/Build/Intermediates.noindex/MtProtoKit.build/Debug/MtProtoKit-t.build/Objects-normal/arm64/e6072d4f65d7061329687fe24e3d63a7-common-args.resp -MMD -MT dependencies -MF /Users/buddhirajgautam/Library/Developer/Xcode/DerivedData/Telegram-Mac-fygdgghdgmuleoelvxabfmqiotta/Build/Intermediates.noindex/MtProtoKit.build/Debug/MtProtoKit-t.build/Objects-normal/arm64/MTTcpTransport.d --serialize-diagnostics /Users/buddhirajgautam/Library/Developer/Xcode/DerivedData/Telegram-Mac-fygdgghdgmuleoelvxabfmqiotta/Build/Intermediates.noindex/MtProtoKit.build/Debug/MtProtoKit-t.build/Objects-normal/arm64/MTTcpTransport.dia -c /Users/buddhirajgautam/Documents/Cherrygram-Mac/macOS-Swift/submodules/telegram-ios/submodules/MtProtoKit/Sources/MTTcpTransport.m -o /Users/buddhirajgautam/Library/Developer/Xcode/DerivedData/Telegram-Mac-fygdgghdgmuleoelvxabfmqiotta/Build/Intermediates.noindex/MtProtoKit.build/Debug/MtProtoKit-t.build/Objects-normal/arm64/MTTcpTransport.o -index-unit-output-path /MtProtoKit.build/Debug/MtProtoKit-t.build/Objects-normal/arm64/MTTcpTransport.o

ScanDependencies /Users/buddhirajgautam/Library/Developer/Xcode/DerivedData/Telegram-Mac-fygdgghdgmuleoelvxabfmqiotta/Build/Intermediates.noindex/MtProtoKit.build/Debug/MtProtoKit-t.build/Objects-normal/arm64/MTTcpConnection.o /Users/buddhirajgautam/Documents/Cherrygram-Mac/macOS-Swift/submodules/telegram-ios/submodules/MtProtoKit/Sources/MTTcpConnection.m normal arm64 objective-c com.apple.compilers.llvm.clang.1_0.compiler (in target 'MtProtoKit' from project 'MtProtoKit')
    cd /Users/buddhirajgautam/Documents/Cherrygram-Mac/macOS-Swift
    
    Using response file: /Users/buddhirajgautam/Library/Developer/Xcode/DerivedData/Telegram-Mac-fygdgghdgmuleoelvxabfmqiotta/Build/Intermediates.noindex/MtProtoKit.build/Debug/MtProtoKit-t.build/Objects-normal/arm64/e6072d4f65d7061329687fe24e3d63a7-common-args.resp
    
    builtin-ScanDependencies -o /Users/buddhirajgautam/Library/Developer/Xcode/DerivedData/Telegram-Mac-fygdgghdgmuleoelvxabfmqiotta/Build/Intermediates.noindex/MtProtoKit.build/Debug/MtProtoKit-t.build/Objects-normal/arm64/MTTcpConnection.o.scan -- /Applications/Xcode.app/Contents/Developer/Toolchains/XcodeDefault.xctoolchain/usr/bin/clang -x objective-c -ivfsstatcache /Users/buddhirajgautam/Library/Developer/Xcode/DerivedData/SDKStatCaches.noindex/macosx27.0-26A425-e829b21a6f8c9b70876ba0858053c0447231f6df4def33e022ae2eb8f782df1a.sdkstatcache -target arm64-apple-macos12.0 -fmessage-length\=0 -fdiagnostics-show-note-include-stack -fmacro-backtrace-limit\=0 -fno-color-diagnostics -fmodules-prune-interval\=86400 -fmodules-prune-after\=345600 -fbuild-session-file\=/Users/buddhirajgautam/Library/Developer/Xcode/DerivedData/ModuleCache.noindex/Session.modulevalidation -fmodules-validate-once-per-build-session -Wnon-modular-include-in-framework-module -Werror\=non-modular-include-in-framework-module -Wno-trigraphs -Wno-missing-field-initializers -Wno-missing-prototypes -Wno-return-type -Wno-implicit-atomic-properties -Wno-objc-interface-ivars -Wno-arc-repeated-use-of-weak -Wno-missing-braces -Wparentheses -Wswitch -Wno-unused-function -Wno-unused-label -Wno-unused-parameter -Wno-unused-variable -Wunused-value -Wno-empty-body -Wno-uninitialized -Wno-unknown-pragmas -Wno-shadow -Wno-four-char-constants -Wno-conversion -Wno-constant-conversion -Wno-int-conversion -Wno-bool-conversion -Wno-enum-conversion -Wno-float-conversion -Wno-non-literal-null-conversion -Wno-objc-literal-conversion -Wshorten-64-to-32 -Wpointer-sign -Wno-newline-eof -Wno-selector -Wno-strict-selector-match -Wno-undeclared-selector -Wno-deprecated-implementations -Wno-implicit-fallthrough -isysroot /Applications/Xcode.app/Contents/Developer/Platforms/MacOSX.platform/Developer/SDKs/MacOSX27.0.sdk -fstrict-aliasing -Wprotocol -Wdeprecated-declarations -Wno-sign-conversion -Wno-infinite-recursion -Wno-comma -Wno-block-capture-autoreleasing -Wno-strict-prototypes -Wno-semicolon-before-method-body -index-store-path /Users/buddhirajgautam/Library/Developer/Xcode/DerivedData/Telegram-Mac-fygdgghdgmuleoelvxabfmqiotta/Index.noindex/DataStore @/Users/buddhirajgautam/Library/Developer/Xcode/DerivedData/Telegram-Mac-fygdgghdgmuleoelvxabfmqiotta/Build/Intermediates.noindex/MtProtoKit.build/Debug/MtProtoKit-t.build/Objects-normal/arm64/e6072d4f65d7061329687fe24e3d63a7-common-args.resp -MMD -MT dependencies -MF /Users/buddhirajgautam/Library/Developer/Xcode/DerivedData/Telegram-Mac-fygdgghdgmuleoelvxabfmqiotta/Build/Intermediates.noindex/MtProtoKit.build/Debug/MtProtoKit-t.build/Objects-normal/arm64/MTTcpConnection.d --serialize-diagnostics /Users/buddhirajgautam/Library/Developer/Xcode/DerivedData/Telegram-Mac-fygdgghdgmuleoelvxabfmqiotta/Build/Intermediates.noindex/MtProtoKit.build/Debug/MtProtoKit-t.build/Objects-normal/arm64/MTTcpConnection.dia -c /Users/buddhirajgautam/Documents/Cherrygram-Mac/macOS-Swift/submodules/telegram-ios/submodules/MtProtoKit/Sources/MTTcpConnection.m -o /Users/buddhirajgautam/Library/Developer/Xcode/DerivedData/Telegram-Mac-fygdgghdgmuleoelvxabfmqiotta/Build/Intermediates.noindex/MtProtoKit.build/Debug/MtProtoKit-t.build/Objects-normal/arm64/MTTcpConnection.o -index-unit-output-path /MtProtoKit.build/Debug/MtProtoKit-t.build/Objects-normal/arm64/MTTcpConnection.o

ScanDependencies /Users/buddhirajgautam/Library/Developer/Xcode/DerivedData/Telegram-Mac-fygdgghdgmuleoelvxabfmqiotta/Build/Intermediates.noindex/MtProtoKit.build/Debug/MtProtoKit-t.build/Objects-normal/arm64/MTSubscriber.o /Users/buddhirajgautam/Documents/Cherrygram-Mac/macOS-Swift/submodules/telegram-ios/submodules/MtProtoKit/Sources/MTSubscriber.m normal arm64 objective-c com.apple.compilers.llvm.clang.1_0.compiler (in target 'MtProtoKit' from project 'MtProtoKit')
    cd /Users/buddhirajgautam/Documents/Cherrygram-Mac/macOS-Swift
    
    Using response file: /Users/buddhirajgautam/Library/Developer/Xcode/DerivedData/Telegram-Mac-fygdgghdgmuleoelvxabfmqiotta/Build/Intermediates.noindex/MtProtoKit.build/Debug/MtProtoKit-t.build/Objects-normal/arm64/e6072d4f65d7061329687fe24e3d63a7-common-args.resp
    
    builtin-ScanDependencies -o /Users/buddhirajgautam/Library/Developer/Xcode/DerivedData/Telegram-Mac-fygdgghdgmuleoelvxabfmqiotta/Build/Intermediates.noindex/MtProtoKit.build/Debug/MtProtoKit-t.build/Objects-normal/arm64/MTSubscriber.o.scan -- /Applications/Xcode.app/Contents/Developer/Toolchains/XcodeDefault.xctoolchain/usr/bin/clang -x objective-c -ivfsstatcache /Users/buddhirajgautam/Library/Developer/Xcode/DerivedData/SDKStatCaches.noindex/macosx27.0-26A425-e829b21a6f8c9b70876ba0858053c0447231f6df4def33e022ae2eb8f782df1a.sdkstatcache -target arm64-apple-macos12.0 -fmessage-length\=0 -fdiagnostics-show-note-include-stack -fmacro-backtrace-limit\=0 -fno-color-diagnostics -fmodules-prune-interval\=86400 -fmodules-prune-after\=345600 -fbuild-session-file\=/Users/buddhirajgautam/Library/Developer/Xcode/DerivedData/ModuleCache.noindex/Session.modulevalidation -fmodules-validate-once-per-build-session -Wnon-modular-include-in-framework-module -Werror\=non-modular-include-in-framework-module -Wno-trigraphs -Wno-missing-field-initializers -Wno-missing-prototypes -Wno-return-type -Wno-implicit-atomic-properties -Wno-objc-interface-ivars -Wno-arc-repeated-use-of-weak -Wno-missing-braces -Wparentheses -Wswitch -Wno-unused-function -Wno-unused-label -Wno-unused-parameter -Wno-unused-variable -Wunused-value -Wno-empty-body -Wno-uninitialized -Wno-unknown-pragmas -Wno-shadow -Wno-four-char-constants -Wno-conversion -Wno-constant-conversion -Wno-int-conversion -Wno-bool-conversion -Wno-enum-conversion -Wno-float-conversion -Wno-non-literal-null-conversion -Wno-objc-literal-conversion -Wshorten-64-to-32 -Wpointer-sign -Wno-newline-eof -Wno-selector -Wno-strict-selector-match -Wno-undeclared-selector -Wno-deprecated-implementations -Wno-implicit-fallthrough -isysroot /Applications/Xcode.app/Contents/Developer/Platforms/MacOSX.platform/Developer/SDKs/MacOSX27.0.sdk -fstrict-aliasing -Wprotocol -Wdeprecated-declarations -Wno-sign-conversion -Wno-infinite-recursion -Wno-comma -Wno-block-capture-autoreleasing -Wno-strict-prototypes -Wno-semicolon-before-method-body -index-store-path /Users/buddhirajgautam/Library/Developer/Xcode/DerivedData/Telegram-Mac-fygdgghdgmuleoelvxabfmqiotta/Index.noindex/DataStore @/Users/buddhirajgautam/Library/Developer/Xcode/DerivedData/Telegram-Mac-fygdgghdgmuleoelvxabfmqiotta/Build/Intermediates.noindex/MtProtoKit.build/Debug/MtProtoKit-t.build/Objects-normal/arm64/e6072d4f65d7061329687fe24e3d63a7-common-args.resp -MMD -MT dependencies -MF /Users/buddhirajgautam/Library/Developer/Xcode/DerivedData/Telegram-Mac-fygdgghdgmuleoelvxabfmqiotta/Build/Intermediates.noindex/MtProtoKit.build/Debug/MtProtoKit-t.build/Objects-normal/arm64/MTSubscriber.d --serialize-diagnostics /Users/buddhirajgautam/Library/Developer/Xcode/DerivedData/Telegram-Mac-fygdgghdgmuleoelvxabfmqiotta/Build/Intermediates.noindex/MtProtoKit.build/Debug/MtProtoKit-t.build/Objects-normal/arm64/MTSubscriber.dia -c /Users/buddhirajgautam/Documents/Cherrygram-Mac/macOS-Swift/submodules/telegram-ios/submodules/MtProtoKit/Sources/MTSubscriber.m -o /Users/buddhirajgautam/Library/Developer/Xcode/DerivedData/Telegram-Mac-fygdgghdgmuleoelvxabfmqiotta/Build/Intermediates.noindex/MtProtoKit.build/Debug/MtProtoKit-t.build/Objects-normal/arm64/MTSubscriber.o -index-unit-output-path /MtProtoKit.build/Debug/MtProtoKit-t.build/Objects-normal/arm64/MTSubscriber.o

CompileC /Users/buddhirajgautam/Library/Developer/Xcode/DerivedData/Telegram-Mac-fygdgghdgmuleoelvxabfmqiotta/Build/Intermediates.noindex/MtProtoKit.build/Debug/MtProtoKit-t.build/Objects-normal/arm64/MTTcpConnectionBehaviour.o /Users/buddhirajgautam/Documents/Cherrygram-Mac/macOS-Swift/submodules/telegram-ios/submodules/MtProtoKit/Sources/MTTcpConnectionBehaviour.m normal arm64 objective-c com.apple.compilers.llvm.clang.1_0.compiler (in target 'MtProtoKit' from project 'MtProtoKit')
    cd /Users/buddhirajgautam/Documents/Cherrygram-Mac/macOS-Swift
    
    Using response file: /Users/buddhirajgautam/Library/Developer/Xcode/DerivedData/Telegram-Mac-fygdgghdgmuleoelvxabfmqiotta/Build/Intermediates.noindex/MtProtoKit.build/Debug/MtProtoKit-t.build/Objects-normal/arm64/e6072d4f65d7061329687fe24e3d63a7-common-args.resp
    
    /Applications/Xcode.app/Contents/Developer/Toolchains/XcodeDefault.xctoolchain/usr/bin/clang -x objective-c -ivfsstatcache /Users/buddhirajgautam/Library/Developer/Xcode/DerivedData/SDKStatCaches.noindex/macosx27.0-26A425-e829b21a6f8c9b70876ba0858053c0447231f6df4def33e022ae2eb8f782df1a.sdkstatcache -target arm64-apple-macos12.0 -fmessage-length\=0 -fdiagnostics-show-note-include-stack -fmacro-backtrace-limit\=0 -fno-color-diagnostics -fmodules-prune-interval\=86400 -fmodules-prune-after\=345600 -fbuild-session-file\=/Users/buddhirajgautam/Library/Developer/Xcode/DerivedData/ModuleCache.noindex/Session.modulevalidation -fmodules-validate-once-per-build-session -Wnon-modular-include-in-framework-module -Werror\=non-modular-include-in-framework-module -Wno-trigraphs -Wno-missing-field-initializers -Wno-missing-prototypes -Wno-return-type -Wno-implicit-atomic-properties -Wno-objc-interface-ivars -Wno-arc-repeated-use-of-weak -Wno-missing-braces -Wparentheses -Wswitch -Wno-unused-function -Wno-unused-label -Wno-unused-parameter -Wno-unused-variable -Wunused-value -Wno-empty-body -Wno-uninitialized -Wno-unknown-pragmas -Wno-shadow -Wno-four-char-constants -Wno-conversion -Wno-constant-conversion -Wno-int-conversion -Wno-bool-conversion -Wno-enum-conversion -Wno-float-conversion -Wno-non-literal-null-conversion -Wno-objc-literal-conversion -Wshorten-64-to-32 -Wpointer-sign -Wno-newline-eof -Wno-selector -Wno-strict-selector-match -Wno-undeclared-selector -Wno-deprecated-implementations -Wno-implicit-fallthrough -isysroot /Applications/Xcode.app/Contents/Developer/Platforms/MacOSX.platform/Developer/SDKs/MacOSX27.0.sdk -fstrict-aliasing -Wprotocol -Wdeprecated-declarations -Wno-sign-conversion -Wno-infinite-recursion -Wno-comma -Wno-block-capture-autoreleasing -Wno-strict-prototypes -Wno-semicolon-before-method-body -index-store-path /Users/buddhirajgautam/Library/Developer/Xcode/DerivedData/Telegram-Mac-fygdgghdgmuleoelvxabfmqiotta/Index.noindex/DataStore @/Users/buddhirajgautam/Library/Developer/Xcode/DerivedData/Telegram-Mac-fygdgghdgmuleoelvxabfmqiotta/Build/Intermediates.noindex/MtProtoKit.build/Debug/MtProtoKit-t.build/Objects-normal/arm64/e6072d4f65d7061329687fe24e3d63a7-common-args.resp -MMD -MT dependencies -MF /Users/buddhirajgautam/Library/Developer/Xcode/DerivedData/Telegram-Mac-fygdgghdgmuleoelvxabfmqiotta/Build/Intermediates.noindex/MtProtoKit.build/Debug/MtProtoKit-t.build/Objects-normal/arm64/MTTcpConnectionBehaviour.d --serialize-diagnostics /Users/buddhirajgautam/Library/Developer/Xcode/DerivedData/Telegram-Mac-fygdgghdgmuleoelvxabfmqiotta/Build/Intermediates.noindex/MtProtoKit.build/Debug/MtProtoKit-t.build/Objects-normal/arm64/MTTcpConnectionBehaviour.dia -c /Users/buddhirajgautam/Documents/Cherrygram-Mac/macOS-Swift/submodules/telegram-ios/submodules/MtProtoKit/Sources/MTTcpConnectionBehaviour.m -o /Users/buddhirajgautam/Library/Developer/Xcode/DerivedData/Telegram-Mac-fygdgghdgmuleoelvxabfmqiotta/Build/Intermediates.noindex/MtProtoKit.build/Debug/MtProtoKit-t.build/Objects-normal/arm64/MTTcpConnectionBehaviour.o -index-unit-output-path /MtProtoKit.build/Debug/MtProtoKit-t.build/Objects-normal/arm64/MTTcpConnectionBehaviour.o

ScanDependencies /Users/buddhirajgautam/Library/Developer/Xcode/DerivedData/Telegram-Mac-fygdgghdgmuleoelvxabfmqiotta/Build/Intermediates.noindex/MtProtoKit.build/Debug/MtProtoKit-t.build/Objects-normal/arm64/MTSignal.o /Users/buddhirajgautam/Documents/Cherrygram-Mac/macOS-Swift/submodules/telegram-ios/submodules/MtProtoKit/Sources/MTSignal.m normal arm64 objective-c com.apple.compilers.llvm.clang.1_0.compiler (in target 'MtProtoKit' from project 'MtProtoKit')
    cd /Users/buddhirajgautam/Documents/Cherrygram-Mac/macOS-Swift
    
    Using response file: /Users/buddhirajgautam/Library/Developer/Xcode/DerivedData/Telegram-Mac-fygdgghdgmuleoelvxabfmqiotta/Build/Intermediates.noindex/MtProtoKit.build/Debug/MtProtoKit-t.build/Objects-normal/arm64/e6072d4f65d7061329687fe24e3d63a7-common-args.resp
    
    builtin-ScanDependencies -o /Users/buddhirajgautam/Library/Developer/Xcode/DerivedData/Telegram-Mac-fygdgghdgmuleoelvxabfmqiotta/Build/Intermediates.noindex/MtProtoKit.build/Debug/MtProtoKit-t.build/Objects-normal/arm64/MTSignal.o.scan -- /Applications/Xcode.app/Contents/Developer/Toolchains/XcodeDefault.xctoolchain/usr/bin/clang -x objective-c -ivfsstatcache /Users/buddhirajgautam/Library/Developer/Xcode/DerivedData/SDKStatCaches.noindex/macosx27.0-26A425-e829b21a6f8c9b70876ba0858053c0447231f6df4def33e022ae2eb8f782df1a.sdkstatcache -target arm64-apple-macos12.0 -fmessage-length\=0 -fdiagnostics-show-note-include-stack -fmacro-backtrace-limit\=0 -fno-color-diagnostics -fmodules-prune-interval\=86400 -fmodules-prune-after\=345600 -fbuild-session-file\=/Users/buddhirajgautam/Library/Developer/Xcode/DerivedData/ModuleCache.noindex/Session.modulevalidation -fmodules-validate-once-per-build-session -Wnon-modular-include-in-framework-module -Werror\=non-modular-include-in-framework-module -Wno-trigraphs -Wno-missing-field-initializers -Wno-missing-prototypes -Wno-return-type -Wno-implicit-atomic-properties -Wno-objc-interface-ivars -Wno-arc-repeated-use-of-weak -Wno-missing-braces -Wparentheses -Wswitch -Wno-unused-function -Wno-unused-label -Wno-unused-parameter -Wno-unused-variable -Wunused-value -Wno-empty-body -Wno-uninitialized -Wno-unknown-pragmas -Wno-shadow -Wno-four-char-constants -Wno-conversion -Wno-constant-conversion -Wno-int-conversion -Wno-bool-conversion -Wno-enum-conversion -Wno-float-conversion -Wno-non-literal-null-conversion -Wno-objc-literal-conversion -Wshorten-64-to-32 -Wpointer-sign -Wno-newline-eof -Wno-selector -Wno-strict-selector-match -Wno-undeclared-selector -Wno-deprecated-implementations -Wno-implicit-fallthrough -isysroot /Applications/Xcode.app/Contents/Developer/Platforms/MacOSX.platform/Developer/SDKs/MacOSX27.0.sdk -fstrict-aliasing -Wprotocol -Wdeprecated-declarations -Wno-sign-conversion -Wno-infinite-recursion -Wno-comma -Wno-block-capture-autoreleasing -Wno-strict-prototypes -Wno-semicolon-before-method-body -index-store-path /Users/buddhirajgautam/Library/Developer/Xcode/DerivedData/Telegram-Mac-fygdgghdgmuleoelvxabfmqiotta/Index.noindex/DataStore @/Users/buddhirajgautam/Library/Developer/Xcode/DerivedData/Telegram-Mac-fygdgghdgmuleoelvxabfmqiotta/Build/Intermediates.noindex/MtProtoKit.build/Debug/MtProtoKit-t.build/Objects-normal/arm64/e6072d4f65d7061329687fe24e3d63a7-common-args.resp -MMD -MT dependencies -MF /Users/buddhirajgautam/Library/Developer/Xcode/DerivedData/Telegram-Mac-fygdgghdgmuleoelvxabfmqiotta/Build/Intermediates.noindex/MtProtoKit.build/Debug/MtProtoKit-t.build/Objects-normal/arm64/MTSignal.d --serialize-diagnostics /Users/buddhirajgautam/Library/Developer/Xcode/DerivedData/Telegram-Mac-fygdgghdgmuleoelvxabfmqiotta/Build/Intermediates.noindex/MtProtoKit.build/Debug/MtProtoKit-t.build/Objects-normal/arm64/MTSignal.dia -c /Users/buddhirajgautam/Documents/Cherrygram-Mac/macOS-Swift/submodules/telegram-ios/submodules/MtProtoKit/Sources/MTSignal.m -o /Users/buddhirajgautam/Library/Developer/Xcode/DerivedData/Telegram-Mac-fygdgghdgmuleoelvxabfmqiotta/Build/Intermediates.noindex/MtProtoKit.build/Debug/MtProtoKit-t.build/Objects-normal/arm64/MTSignal.o -index-unit-output-path /MtProtoKit.build/Debug/MtProtoKit-t.build/Objects-normal/arm64/MTSignal.o

ScanDependencies /Users/buddhirajgautam/Library/Developer/Xcode/DerivedData/Telegram-Mac-fygdgghdgmuleoelvxabfmqiotta/Build/Intermediates.noindex/MtProtoKit.build/Debug/MtProtoKit-t.build/Objects-normal/arm64/MTSetClientDhParamsResponseMessage.o /Users/buddhirajgautam/Documents/Cherrygram-Mac/macOS-Swift/submodules/telegram-ios/submodules/MtProtoKit/Sources/MTSetClientDhParamsResponseMessage.m normal arm64 objective-c com.apple.compilers.llvm.clang.1_0.compiler (in target 'MtProtoKit' from project 'MtProtoKit')
    cd /Users/buddhirajgautam/Documents/Cherrygram-Mac/macOS-Swift
    
    Using response file: /Users/buddhirajgautam/Library/Developer/Xcode/DerivedData/Telegram-Mac-fygdgghdgmuleoelvxabfmqiotta/Build/Intermediates.noindex/MtProtoKit.build/Debug/MtProtoKit-t.build/Objects-normal/arm64/e6072d4f65d7061329687fe24e3d63a7-common-args.resp
    
    builtin-ScanDependencies -o /Users/buddhirajgautam/Library/Developer/Xcode/DerivedData/Telegram-Mac-fygdgghdgmuleoelvxabfmqiotta/Build/Intermediates.noindex/MtProtoKit.build/Debug/MtProtoKit-t.build/Objects-normal/arm64/MTSetClientDhParamsResponseMessage.o.scan -- /Applications/Xcode.app/Contents/Developer/Toolchains/XcodeDefault.xctoolchain/usr/bin/clang -x objective-c -ivfsstatcache /Users/buddhirajgautam/Library/Developer/Xcode/DerivedData/SDKStatCaches.noindex/macosx27.0-26A425-e829b21a6f8c9b70876ba0858053c0447231f6df4def33e022ae2eb8f782df1a.sdkstatcache -target arm64-apple-macos12.0 -fmessage-length\=0 -fdiagnostics-show-note-include-stack -fmacro-backtrace-limit\=0 -fno-color-diagnostics -fmodules-prune-interval\=86400 -fmodules-prune-after\=345600 -fbuild-session-file\=/Users/buddhirajgautam/Library/Developer/Xcode/DerivedData/ModuleCache.noindex/Session.modulevalidation -fmodules-validate-once-per-build-session -Wnon-modular-include-in-framework-module -Werror\=non-modular-include-in-framework-module -Wno-trigraphs -Wno-missing-field-initializers -Wno-missing-prototypes -Wno-return-type -Wno-implicit-atomic-properties -Wno-objc-interface-ivars -Wno-arc-repeated-use-of-weak -Wno-missing-braces -Wparentheses -Wswitch -Wno-unused-function -Wno-unused-label -Wno-unused-parameter -Wno-unused-variable -Wunused-value -Wno-empty-body -Wno-uninitialized -Wno-unknown-pragmas -Wno-shadow -Wno-four-char-constants -Wno-conversion -Wno-constant-conversion -Wno-int-conversion -Wno-bool-conversion -Wno-enum-conversion -Wno-float-conversion -Wno-non-literal-null-conversion -Wno-objc-literal-conversion -Wshorten-64-to-32 -Wpointer-sign -Wno-newline-eof -Wno-selector -Wno-strict-selector-match -Wno-undeclared-selector -Wno-deprecated-implementations -Wno-implicit-fallthrough -isysroot /Applications/Xcode.app/Contents/Developer/Platforms/MacOSX.platform/Developer/SDKs/MacOSX27.0.sdk -fstrict-aliasing -Wprotocol -Wdeprecated-declarations -Wno-sign-conversion -Wno-infinite-recursion -Wno-comma -Wno-block-capture-autoreleasing -Wno-strict-prototypes -Wno-semicolon-before-method-body -index-store-path /Users/buddhirajgautam/Library/Developer/Xcode/DerivedData/Telegram-Mac-fygdgghdgmuleoelvxabfmqiotta/Index.noindex/DataStore @/Users/buddhirajgautam/Library/Developer/Xcode/DerivedData/Telegram-Mac-fygdgghdgmuleoelvxabfmqiotta/Build/Intermediates.noindex/MtProtoKit.build/Debug/MtProtoKit-t.build/Objects-normal/arm64/e6072d4f65d7061329687fe24e3d63a7-common-args.resp -MMD -MT dependencies -MF /Users/buddhirajgautam/Library/Developer/Xcode/DerivedData/Telegram-Mac-fygdgghdgmuleoelvxabfmqiotta/Build/Intermediates.noindex/MtProtoKit.build/Debug/MtProtoKit-t.build/Objects-normal/arm64/MTSetClientDhParamsResponseMessage.d --serialize-diagnostics /Users/buddhirajgautam/Library/Developer/Xcode/DerivedData/Telegram-Mac-fygdgghdgmuleoelvxabfmqiotta/Build/Intermediates.noindex/MtProtoKit.build/Debug/MtProtoKit-t.build/Objects-normal/arm64/MTSetClientDhParamsResponseMessage.dia -c /Users/buddhirajgautam/Documents/Cherrygram-Mac/macOS-Swift/submodules/telegram-ios/submodules/MtProtoKit/Sources/MTSetClientDhParamsResponseMessage.m -o /Users/buddhirajgautam/Library/Developer/Xcode/DerivedData/Telegram-Mac-fygdgghdgmuleoelvxabfmqiotta/Build/Intermediates.noindex/MtProtoKit.build/Debug/MtProtoKit-t.build/Objects-normal/arm64/MTSetClientDhParamsResponseMessage.o -index-unit-output-path /MtProtoKit.build/Debug/MtProtoKit-t.build/Objects-normal/arm64/MTSetClientDhParamsResponseMessage.o

PrecompileModule /Users/buddhirajgautam/Library/Developer/Xcode/DerivedData/Telegram-Mac-fygdgghdgmuleoelvxabfmqiotta/Build/Intermediates.noindex/ExplicitPrecompiledModules/CommonCrypto-C2WXK8XM41EYTJHGCSKPVAC10.scan
    cd /
    builtin-precompileModule /Users/buddhirajgautam/Library/Developer/Xcode/DerivedData/Telegram-Mac-fygdgghdgmuleoelvxabfmqiotta/Build/Intermediates.noindex/ExplicitPrecompiledModules/CommonCrypto-C2WXK8XM41EYTJHGCSKPVAC10.scan

CompileC /Users/buddhirajgautam/Library/Developer/Xcode/DerivedData/Telegram-Mac-fygdgghdgmuleoelvxabfmqiotta/Build/Intermediates.noindex/MtProtoKit.build/Debug/MtProtoKit-t.build/Objects-normal/arm64/MTSubscriber.o /Users/buddhirajgautam/Documents/Cherrygram-Mac/macOS-Swift/submodules/telegram-ios/submodules/MtProtoKit/Sources/MTSubscriber.m normal arm64 objective-c com.apple.compilers.llvm.clang.1_0.compiler (in target 'MtProtoKit' from project 'MtProtoKit')
    cd /Users/buddhirajgautam/Documents/Cherrygram-Mac/macOS-Swift
    
    Using response file: /Users/buddhirajgautam/Library/Developer/Xcode/DerivedData/Telegram-Mac-fygdgghdgmuleoelvxabfmqiotta/Build/Intermediates.noindex/MtProtoKit.build/Debug/MtProtoKit-t.build/Objects-normal/arm64/e6072d4f65d7061329687fe24e3d63a7-common-args.resp
    
    /Applications/Xcode.app/Contents/Developer/Toolchains/XcodeDefault.xctoolchain/usr/bin/clang -x objective-c -ivfsstatcache /Users/buddhirajgautam/Library/Developer/Xcode/DerivedData/SDKStatCaches.noindex/macosx27.0-26A425-e829b21a6f8c9b70876ba0858053c0447231f6df4def33e022ae2eb8f782df1a.sdkstatcache -target arm64-apple-macos12.0 -fmessage-length\=0 -fdiagnostics-show-note-include-stack -fmacro-backtrace-limit\=0 -fno-color-diagnostics -fmodules-prune-interval\=86400 -fmodules-prune-after\=345600 -fbuild-session-file\=/Users/buddhirajgautam/Library/Developer/Xcode/DerivedData/ModuleCache.noindex/Session.modulevalidation -fmodules-validate-once-per-build-session -Wnon-modular-include-in-framework-module -Werror\=non-modular-include-in-framework-module -Wno-trigraphs -Wno-missing-field-initializers -Wno-missing-prototypes -Wno-return-type -Wno-implicit-atomic-properties -Wno-objc-interface-ivars -Wno-arc-repeated-use-of-weak -Wno-missing-braces -Wparentheses -Wswitch -Wno-unused-function -Wno-unused-label -Wno-unused-parameter -Wno-unused-variable -Wunused-value -Wno-empty-body -Wno-uninitialized -Wno-unknown-pragmas -Wno-shadow -Wno-four-char-constants -Wno-conversion -Wno-constant-conversion -Wno-int-conversion -Wno-bool-conversion -Wno-enum-conversion -Wno-float-conversion -Wno-non-literal-null-conversion -Wno-objc-literal-conversion -Wshorten-64-to-32 -Wpointer-sign -Wno-newline-eof -Wno-selector -Wno-strict-selector-match -Wno-undeclared-selector -Wno-deprecated-implementations -Wno-implicit-fallthrough -isysroot /Applications/Xcode.app/Contents/Developer/Platforms/MacOSX.platform/Developer/SDKs/MacOSX27.0.sdk -fstrict-aliasing -Wprotocol -Wdeprecated-declarations -Wno-sign-conversion -Wno-infinite-recursion -Wno-comma -Wno-block-capture-autoreleasing -Wno-strict-prototypes -Wno-semicolon-before-method-body -index-store-path /Users/buddhirajgautam/Library/Developer/Xcode/DerivedData/Telegram-Mac-fygdgghdgmuleoelvxabfmqiotta/Index.noindex/DataStore @/Users/buddhirajgautam/Library/Developer/Xcode/DerivedData/Telegram-Mac-fygdgghdgmuleoelvxabfmqiotta/Build/Intermediates.noindex/MtProtoKit.build/Debug/MtProtoKit-t.build/Objects-normal/arm64/e6072d4f65d7061329687fe24e3d63a7-common-args.resp -MMD -MT dependencies -MF /Users/buddhirajgautam/Library/Developer/Xcode/DerivedData/Telegram-Mac-fygdgghdgmuleoelvxabfmqiotta/Build/Intermediates.noindex/MtProtoKit.build/Debug/MtProtoKit-t.build/Objects-normal/arm64/MTSubscriber.d --serialize-diagnostics /Users/buddhirajgautam/Library/Developer/Xcode/DerivedData/Telegram-Mac-fygdgghdgmuleoelvxabfmqiotta/Build/Intermediates.noindex/MtProtoKit.build/Debug/MtProtoKit-t.build/Objects-normal/arm64/MTSubscriber.dia -c /Users/buddhirajgautam/Documents/Cherrygram-Mac/macOS-Swift/submodules/telegram-ios/submodules/MtProtoKit/Sources/MTSubscriber.m -o /Users/buddhirajgautam/Library/Developer/Xcode/DerivedData/Telegram-Mac-fygdgghdgmuleoelvxabfmqiotta/Build/Intermediates.noindex/MtProtoKit.build/Debug/MtProtoKit-t.build/Objects-normal/arm64/MTSubscriber.o -index-unit-output-path /MtProtoKit.build/Debug/MtProtoKit-t.build/Objects-normal/arm64/MTSubscriber.o

ScanDependencies /Users/buddhirajgautam/Library/Developer/Xcode/DerivedData/Telegram-Mac-fygdgghdgmuleoelvxabfmqiotta/Build/Intermediates.noindex/MtProtoKit.build/Debug/MtProtoKit-t.build/Objects-normal/arm64/MTSessionInfo.o /Users/buddhirajgautam/Documents/Cherrygram-Mac/macOS-Swift/submodules/telegram-ios/submodules/MtProtoKit/Sources/MTSessionInfo.m normal arm64 objective-c com.apple.compilers.llvm.clang.1_0.compiler (in target 'MtProtoKit' from project 'MtProtoKit')
    cd /Users/buddhirajgautam/Documents/Cherrygram-Mac/macOS-Swift
    
    Using response file: /Users/buddhirajgautam/Library/Developer/Xcode/DerivedData/Telegram-Mac-fygdgghdgmuleoelvxabfmqiotta/Build/Intermediates.noindex/MtProtoKit.build/Debug/MtProtoKit-t.build/Objects-normal/arm64/e6072d4f65d7061329687fe24e3d63a7-common-args.resp
    
    builtin-ScanDependencies -o /Users/buddhirajgautam/Library/Developer/Xcode/DerivedData/Telegram-Mac-fygdgghdgmuleoelvxabfmqiotta/Build/Intermediates.noindex/MtProtoKit.build/Debug/MtProtoKit-t.build/Objects-normal/arm64/MTSessionInfo.o.scan -- /Applications/Xcode.app/Contents/Developer/Toolchains/XcodeDefault.xctoolchain/usr/bin/clang -x objective-c -ivfsstatcache /Users/buddhirajgautam/Library/Developer/Xcode/DerivedData/SDKStatCaches.noindex/macosx27.0-26A425-e829b21a6f8c9b70876ba0858053c0447231f6df4def33e022ae2eb8f782df1a.sdkstatcache -target arm64-apple-macos12.0 -fmessage-length\=0 -fdiagnostics-show-note-include-stack -fmacro-backtrace-limit\=0 -fno-color-diagnostics -fmodules-prune-interval\=86400 -fmodules-prune-after\=345600 -fbuild-session-file\=/Users/buddhirajgautam/Library/Developer/Xcode/DerivedData/ModuleCache.noindex/Session.modulevalidation -fmodules-validate-once-per-build-session -Wnon-modular-include-in-framework-module -Werror\=non-modular-include-in-framework-module -Wno-trigraphs -Wno-missing-field-initializers -Wno-missing-prototypes -Wno-return-type -Wno-implicit-atomic-properties -Wno-objc-interface-ivars -Wno-arc-repeated-use-of-weak -Wno-missing-braces -Wparentheses -Wswitch -Wno-unused-function -Wno-unused-label -Wno-unused-parameter -Wno-unused-variable -Wunused-value -Wno-empty-body -Wno-uninitialized -Wno-unknown-pragmas -Wno-shadow -Wno-four-char-constants -Wno-conversion -Wno-constant-conversion -Wno-int-conversion -Wno-bool-conversion -Wno-enum-conversion -Wno-float-conversion -Wno-non-literal-null-conversion -Wno-objc-literal-conversion -Wshorten-64-to-32 -Wpointer-sign -Wno-newline-eof -Wno-selector -Wno-strict-selector-match -Wno-undeclared-selector -Wno-deprecated-implementations -Wno-implicit-fallthrough -isysroot /Applications/Xcode.app/Contents/Developer/Platforms/MacOSX.platform/Developer/SDKs/MacOSX27.0.sdk -fstrict-aliasing -Wprotocol -Wdeprecated-declarations -Wno-sign-conversion -Wno-infinite-recursion -Wno-comma -Wno-block-capture-autoreleasing -Wno-strict-prototypes -Wno-semicolon-before-method-body -index-store-path /Users/buddhirajgautam/Library/Developer/Xcode/DerivedData/Telegram-Mac-fygdgghdgmuleoelvxabfmqiotta/Index.noindex/DataStore @/Users/buddhirajgautam/Library/Developer/Xcode/DerivedData/Telegram-Mac-fygdgghdgmuleoelvxabfmqiotta/Build/Intermediates.noindex/MtProtoKit.build/Debug/MtProtoKit-t.build/Objects-normal/arm64/e6072d4f65d7061329687fe24e3d63a7-common-args.resp -MMD -MT dependencies -MF /Users/buddhirajgautam/Library/Developer/Xcode/DerivedData/Telegram-Mac-fygdgghdgmuleoelvxabfmqiotta/Build/Intermediates.noindex/MtProtoKit.build/Debug/MtProtoKit-t.build/Objects-normal/arm64/MTSessionInfo.d --serialize-diagnostics /Users/buddhirajgautam/Library/Developer/Xcode/DerivedData/Telegram-Mac-fygdgghdgmuleoelvxabfmqiotta/Build/Intermediates.noindex/MtProtoKit.build/Debug/MtProtoKit-t.build/Objects-normal/arm64/MTSessionInfo.dia -c /Users/buddhirajgautam/Documents/Cherrygram-Mac/macOS-Swift/submodules/telegram-ios/submodules/MtProtoKit/Sources/MTSessionInfo.m -o /Users/buddhirajgautam/Library/Developer/Xcode/DerivedData/Telegram-Mac-fygdgghdgmuleoelvxabfmqiotta/Build/Intermediates.noindex/MtProtoKit.build/Debug/MtProtoKit-t.build/Objects-normal/arm64/MTSessionInfo.o -index-unit-output-path /MtProtoKit.build/Debug/MtProtoKit-t.build/Objects-normal/arm64/MTSessionInfo.o

CompileC /Users/buddhirajgautam/Library/Developer/Xcode/DerivedData/Telegram-Mac-fygdgghdgmuleoelvxabfmqiotta/Build/Intermediates.noindex/MtProtoKit.build/Debug/MtProtoKit-t.build/Objects-normal/arm64/MTSignal.o /Users/buddhirajgautam/Documents/Cherrygram-Mac/macOS-Swift/submodules/telegram-ios/submodules/MtProtoKit/Sources/MTSignal.m normal arm64 objective-c com.apple.compilers.llvm.clang.1_0.compiler (in target 'MtProtoKit' from project 'MtProtoKit')
    cd /Users/buddhirajgautam/Documents/Cherrygram-Mac/macOS-Swift
    
    Using response file: /Users/buddhirajgautam/Library/Developer/Xcode/DerivedData/Telegram-Mac-fygdgghdgmuleoelvxabfmqiotta/Build/Intermediates.noindex/MtProtoKit.build/Debug/MtProtoKit-t.build/Objects-normal/arm64/e6072d4f65d7061329687fe24e3d63a7-common-args.resp
    
    /Applications/Xcode.app/Contents/Developer/Toolchains/XcodeDefault.xctoolchain/usr/bin/clang -x objective-c -ivfsstatcache /Users/buddhirajgautam/Library/Developer/Xcode/DerivedData/SDKStatCaches.noindex/macosx27.0-26A425-e829b21a6f8c9b70876ba0858053c0447231f6df4def33e022ae2eb8f782df1a.sdkstatcache -target arm64-apple-macos12.0 -fmessage-length\=0 -fdiagnostics-show-note-include-stack -fmacro-backtrace-limit\=0 -fno-color-diagnostics -fmodules-prune-interval\=86400 -fmodules-prune-after\=345600 -fbuild-session-file\=/Users/buddhirajgautam/Library/Developer/Xcode/DerivedData/ModuleCache.noindex/Session.modulevalidation -fmodules-validate-once-per-build-session -Wnon-modular-include-in-framework-module -Werror\=non-modular-include-in-framework-module -Wno-trigraphs -Wno-missing-field-initializers -Wno-missing-prototypes -Wno-return-type -Wno-implicit-atomic-properties -Wno-objc-interface-ivars -Wno-arc-repeated-use-of-weak -Wno-missing-braces -Wparentheses -Wswitch -Wno-unused-function -Wno-unused-label -Wno-unused-parameter -Wno-unused-variable -Wunused-value -Wno-empty-body -Wno-uninitialized -Wno-unknown-pragmas -Wno-shadow -Wno-four-char-constants -Wno-conversion -Wno-constant-conversion -Wno-int-conversion -Wno-bool-conversion -Wno-enum-conversion -Wno-float-conversion -Wno-non-literal-null-conversion -Wno-objc-literal-conversion -Wshorten-64-to-32 -Wpointer-sign -Wno-newline-eof -Wno-selector -Wno-strict-selector-match -Wno-undeclared-selector -Wno-deprecated-implementations -Wno-implicit-fallthrough -isysroot /Applications/Xcode.app/Contents/Developer/Platforms/MacOSX.platform/Developer/SDKs/MacOSX27.0.sdk -fstrict-aliasing -Wprotocol -Wdeprecated-declarations -Wno-sign-conversion -Wno-infinite-recursion -Wno-comma -Wno-block-capture-autoreleasing -Wno-strict-prototypes -Wno-semicolon-before-method-body -index-store-path /Users/buddhirajgautam/Library/Developer/Xcode/DerivedData/Telegram-Mac-fygdgghdgmuleoelvxabfmqiotta/Index.noindex/DataStore @/Users/buddhirajgautam/Library/Developer/Xcode/DerivedData/Telegram-Mac-fygdgghdgmuleoelvxabfmqiotta/Build/Intermediates.noindex/MtProtoKit.build/Debug/MtProtoKit-t.build/Objects-normal/arm64/e6072d4f65d7061329687fe24e3d63a7-common-args.resp -MMD -MT dependencies -MF /Users/buddhirajgautam/Library/Developer/Xcode/DerivedData/Telegram-Mac-fygdgghdgmuleoelvxabfmqiotta/Build/Intermediates.noindex/MtProtoKit.build/Debug/MtProtoKit-t.build/Objects-normal/arm64/MTSignal.d --serialize-diagnostics /Users/buddhirajgautam/Library/Developer/Xcode/DerivedData/Telegram-Mac-fygdgghdgmuleoelvxabfmqiotta/Build/Intermediates.noindex/MtProtoKit.build/Debug/MtProtoKit-t.build/Objects-normal/arm64/MTSignal.dia -c /Users/buddhirajgautam/Documents/Cherrygram-Mac/macOS-Swift/submodules/telegram-ios/submodules/MtProtoKit/Sources/MTSignal.m -o /Users/buddhirajgautam/Library/Developer/Xcode/DerivedData/Telegram-Mac-fygdgghdgmuleoelvxabfmqiotta/Build/Intermediates.noindex/MtProtoKit.build/Debug/MtProtoKit-t.build/Objects-normal/arm64/MTSignal.o -index-unit-output-path /MtProtoKit.build/Debug/MtProtoKit-t.build/Objects-normal/arm64/MTSignal.o

CompileC /Users/buddhirajgautam/Library/Developer/Xcode/DerivedData/Telegram-Mac-fygdgghdgmuleoelvxabfmqiotta/Build/Intermediates.noindex/MtProtoKit.build/Debug/MtProtoKit-t.build/Objects-normal/arm64/MTSetClientDhParamsResponseMessage.o /Users/buddhirajgautam/Documents/Cherrygram-Mac/macOS-Swift/submodules/telegram-ios/submodules/MtProtoKit/Sources/MTSetClientDhParamsResponseMessage.m normal arm64 objective-c com.apple.compilers.llvm.clang.1_0.compiler (in target 'MtProtoKit' from project 'MtProtoKit')
    cd /Users/buddhirajgautam/Documents/Cherrygram-Mac/macOS-Swift
    
    Using response file: /Users/buddhirajgautam/Library/Developer/Xcode/DerivedData/Telegram-Mac-fygdgghdgmuleoelvxabfmqiotta/Build/Intermediates.noindex/MtProtoKit.build/Debug/MtProtoKit-t.build/Objects-normal/arm64/e6072d4f65d7061329687fe24e3d63a7-common-args.resp
    
    /Applications/Xcode.app/Contents/Developer/Toolchains/XcodeDefault.xctoolchain/usr/bin/clang -x objective-c -ivfsstatcache /Users/buddhirajgautam/Library/Developer/Xcode/DerivedData/SDKStatCaches.noindex/macosx27.0-26A425-e829b21a6f8c9b70876ba0858053c0447231f6df4def33e022ae2eb8f782df1a.sdkstatcache -target arm64-apple-macos12.0 -fmessage-length\=0 -fdiagnostics-show-note-include-stack -fmacro-backtrace-limit\=0 -fno-color-diagnostics -fmodules-prune-interval\=86400 -fmodules-prune-after\=345600 -fbuild-session-file\=/Users/buddhirajgautam/Library/Developer/Xcode/DerivedData/ModuleCache.noindex/Session.modulevalidation -fmodules-validate-once-per-build-session -Wnon-modular-include-in-framework-module -Werror\=non-modular-include-in-framework-module -Wno-trigraphs -Wno-missing-field-initializers -Wno-missing-prototypes -Wno-return-type -Wno-implicit-atomic-properties -Wno-objc-interface-ivars -Wno-arc-repeated-use-of-weak -Wno-missing-braces -Wparentheses -Wswitch -Wno-unused-function -Wno-unused-label -Wno-unused-parameter -Wno-unused-variable -Wunused-value -Wno-empty-body -Wno-uninitialized -Wno-unknown-pragmas -Wno-shadow -Wno-four-char-constants -Wno-conversion -Wno-constant-conversion -Wno-int-conversion -Wno-bool-conversion -Wno-enum-conversion -Wno-float-conversion -Wno-non-literal-null-conversion -Wno-objc-literal-conversion -Wshorten-64-to-32 -Wpointer-sign -Wno-newline-eof -Wno-selector -Wno-strict-selector-match -Wno-undeclared-selector -Wno-deprecated-implementations -Wno-implicit-fallthrough -isysroot /Applications/Xcode.app/Contents/Developer/Platforms/MacOSX.platform/Developer/SDKs/MacOSX27.0.sdk -fstrict-aliasing -Wprotocol -Wdeprecated-declarations -Wno-sign-conversion -Wno-infinite-recursion -Wno-comma -Wno-block-capture-autoreleasing -Wno-strict-prototypes -Wno-semicolon-before-method-body -index-store-path /Users/buddhirajgautam/Library/Developer/Xcode/DerivedData/Telegram-Mac-fygdgghdgmuleoelvxabfmqiotta/Index.noindex/DataStore @/Users/buddhirajgautam/Library/Developer/Xcode/DerivedData/Telegram-Mac-fygdgghdgmuleoelvxabfmqiotta/Build/Intermediates.noindex/MtProtoKit.build/Debug/MtProtoKit-t.build/Objects-normal/arm64/e6072d4f65d7061329687fe24e3d63a7-common-args.resp -MMD -MT dependencies -MF /Users/buddhirajgautam/Library/Developer/Xcode/DerivedData/Telegram-Mac-fygdgghdgmuleoelvxabfmqiotta/Build/Intermediates.noindex/MtProtoKit.build/Debug/MtProtoKit-t.build/Objects-normal/arm64/MTSetClientDhParamsResponseMessage.d --serialize-diagnostics /Users/buddhirajgautam/Library/Developer/Xcode/DerivedData/Telegram-Mac-fygdgghdgmuleoelvxabfmqiotta/Build/Intermediates.noindex/MtProtoKit.build/Debug/MtProtoKit-t.build/Objects-normal/arm64/MTSetClientDhParamsResponseMessage.dia -c /Users/buddhirajgautam/Documents/Cherrygram-Mac/macOS-Swift/submodules/telegram-ios/submodules/MtProtoKit/Sources/MTSetClientDhParamsResponseMessage.m -o /Users/buddhirajgautam/Library/Developer/Xcode/DerivedData/Telegram-Mac-fygdgghdgmuleoelvxabfmqiotta/Build/Intermediates.noindex/MtProtoKit.build/Debug/MtProtoKit-t.build/Objects-normal/arm64/MTSetClientDhParamsResponseMessage.o -index-unit-output-path /MtProtoKit.build/Debug/MtProtoKit-t.build/Objects-normal/arm64/MTSetClientDhParamsResponseMessage.o

CompileC /Users/buddhirajgautam/Library/Developer/Xcode/DerivedData/Telegram-Mac-fygdgghdgmuleoelvxabfmqiotta/Build/Intermediates.noindex/ObjcUtils.build/Debug/ObjcUtils-t.build/Objects-normal/arm64/ObjcUtils.o /Users/buddhirajgautam/Documents/Cherrygram-Mac/macOS-Swift/packages/ObjcUtils/Sources/ObjcUtils/ObjcUtils.m normal arm64 objective-c com.apple.compilers.llvm.clang.1_0.compiler (in target 'ObjcUtils' from project 'ObjcUtils')
    cd /Users/buddhirajgautam/Documents/Cherrygram-Mac/macOS-Swift
    
    Using response file: /Users/buddhirajgautam/Library/Developer/Xcode/DerivedData/Telegram-Mac-fygdgghdgmuleoelvxabfmqiotta/Build/Intermediates.noindex/ObjcUtils.build/Debug/ObjcUtils-t.build/Objects-normal/arm64/e6072d4f65d7061329687fe24e3d63a7-common-args.resp
    
    /Applications/Xcode.app/Contents/Developer/Toolchains/XcodeDefault.xctoolchain/usr/bin/clang -x objective-c -ivfsstatcache /Users/buddhirajgautam/Library/Developer/Xcode/DerivedData/SDKStatCaches.noindex/macosx27.0-26A425-e829b21a6f8c9b70876ba0858053c0447231f6df4def33e022ae2eb8f782df1a.sdkstatcache -target arm64-apple-macos12.0 -fmessage-length\=0 -fdiagnostics-show-note-include-stack -fmacro-backtrace-limit\=0 -fno-color-diagnostics -fmodules-prune-interval\=86400 -fmodules-prune-after\=345600 -fbuild-session-file\=/Users/buddhirajgautam/Library/Developer/Xcode/DerivedData/ModuleCache.noindex/Session.modulevalidation -fmodules-validate-once-per-build-session -Wnon-modular-include-in-framework-module -Werror\=non-modular-include-in-framework-module -Wno-trigraphs -Wno-missing-field-initializers -Wno-missing-prototypes -Wno-return-type -Wno-implicit-atomic-properties -Wno-objc-interface-ivars -Wno-arc-repeated-use-of-weak -Wno-missing-braces -Wparentheses -Wswitch -Wno-unused-function -Wno-unused-label -Wno-unused-parameter -Wno-unused-variable -Wunused-value -Wno-empty-body -Wno-uninitialized -Wno-unknown-pragmas -Wno-shadow -Wno-four-char-constants -Wno-conversion -Wno-constant-conversion -Wno-int-conversion -Wno-bool-conversion -Wno-enum-conversion -Wno-float-conversion -Wno-non-literal-null-conversion -Wno-objc-literal-conversion -Wshorten-64-to-32 -Wpointer-sign -Wno-newline-eof -Wno-selector -Wno-strict-selector-match -Wno-undeclared-selector -Wno-deprecated-implementations -Wno-implicit-fallthrough -isysroot /Applications/Xcode.app/Contents/Developer/Platforms/MacOSX.platform/Developer/SDKs/MacOSX27.0.sdk -fstrict-aliasing -Wprotocol -Wdeprecated-declarations -Wno-sign-conversion -Wno-infinite-recursion -Wno-comma -Wno-block-capture-autoreleasing -Wno-strict-prototypes -Wno-semicolon-before-method-body -index-store-path /Users/buddhirajgautam/Library/Developer/Xcode/DerivedData/Telegram-Mac-fygdgghdgmuleoelvxabfmqiotta/Index.noindex/DataStore @/Users/buddhirajgautam/Library/Developer/Xcode/DerivedData/Telegram-Mac-fygdgghdgmuleoelvxabfmqiotta/Build/Intermediates.noindex/ObjcUtils.build/Debug/ObjcUtils-t.build/Objects-normal/arm64/e6072d4f65d7061329687fe24e3d63a7-common-args.resp -MMD -MT dependencies -MF /Users/buddhirajgautam/Library/Developer/Xcode/DerivedData/Telegram-Mac-fygdgghdgmuleoelvxabfmqiotta/Build/Intermediates.noindex/ObjcUtils.build/Debug/ObjcUtils-t.build/Objects-normal/arm64/ObjcUtils.d --serialize-diagnostics /Users/buddhirajgautam/Library/Developer/Xcode/DerivedData/Telegram-Mac-fygdgghdgmuleoelvxabfmqiotta/Build/Intermediates.noindex/ObjcUtils.build/Debug/ObjcUtils-t.build/Objects-normal/arm64/ObjcUtils.dia -c /Users/buddhirajgautam/Documents/Cherrygram-Mac/macOS-Swift/packages/ObjcUtils/Sources/ObjcUtils/ObjcUtils.m -o /Users/buddhirajgautam/Library/Developer/Xcode/DerivedData/Telegram-Mac-fygdgghdgmuleoelvxabfmqiotta/Build/Intermediates.noindex/ObjcUtils.build/Debug/ObjcUtils-t.build/Objects-normal/arm64/ObjcUtils.o -index-unit-output-path /ObjcUtils.build/Debug/ObjcUtils-t.build/Objects-normal/arm64/ObjcUtils.o
In file included from /Users/buddhirajgautam/Documents/Cherrygram-Mac/macOS-Swift/packages/ObjcUtils/Sources/ObjcUtils/ObjcUtils.m:9:
/Users/buddhirajgautam/Documents/Cherrygram-Mac/macOS-Swift/packages/ObjcUtils/Sources/ObjcUtils/ObjcUtils.h:16:49: warning: pointer is missing a nullability type specifier (_Nonnull, _Nullable, or _Null_unspecified) [-Wnullability-completeness]
   16 | @property (nonatomic, strong,readonly) NSString *fullname;
      |                                                 ^
/Users/buddhirajgautam/Documents/Cherrygram-Mac/macOS-Swift/packages/ObjcUtils/Sources/ObjcUtils/ObjcUtils.h:16:49: note: insert '_Nullable' if the pointer may be null
   16 | @property (nonatomic, strong,readonly) NSString *fullname;
      |                                                 ^
      |                                                   _Nullable 
/Users/buddhirajgautam/Documents/Cherrygram-Mac/macOS-Swift/packages/ObjcUtils/Sources/ObjcUtils/ObjcUtils.h:16:49: note: insert '_Nonnull' if the pointer should never be null
   16 | @property (nonatomic, strong,readonly) NSString *fullname;
      |                                                 ^
      |                                                   _Nonnull 
/Users/buddhirajgautam/Documents/Cherrygram-Mac/macOS-Swift/packages/ObjcUtils/Sources/ObjcUtils/ObjcUtils.h:33:23: warning: pointer is missing a nullability type specifier (_Nonnull, _Nullable, or _Null_unspecified) [-Wnullability-completeness]
   33 | +(NSArray<NSNumber *> *)bufferList:(CMSampleBufferRef)sampleBuffer;
      |                       ^
/Users/buddhirajgautam/Documents/Cherrygram-Mac/macOS-Swift/packages/ObjcUtils/Sources/ObjcUtils/ObjcUtils.h:33:23: note: insert '_Nullable' if the pointer may be null
   33 | +(NSArray<NSNumber *> *)bufferList:(CMSampleBufferRef)sampleBuffer;
      |                       ^
      |                        _Nullable
/Users/buddhirajgautam/Documents/Cherrygram-Mac/macOS-Swift/packages/ObjcUtils/Sources/ObjcUtils/ObjcUtils.h:33:23: note: insert '_Nonnull' if the pointer should never be null
   33 | +(NSArray<NSNumber *> *)bufferList:(CMSampleBufferRef)sampleBuffer;
      |                       ^
      |                        _Nonnull
/Users/buddhirajgautam/Documents/Cherrygram-Mac/macOS-Swift/packages/ObjcUtils/Sources/ObjcUtils/ObjcUtils.h:33:37: warning: pointer is missing a nullability type specifier (_Nonnull, _Nullable, or _Null_unspecified) [-Wnullability-completeness]
   33 | +(NSArray<NSNumber *> *)bufferList:(CMSampleBufferRef)sampleBuffer;
      |                                     ^
/Users/buddhirajgautam/Documents/Cherrygram-Mac/macOS-Swift/packages/ObjcUtils/Sources/ObjcUtils/ObjcUtils.h:33:37: note: insert '_Nullable' if the pointer may be null
   33 | +(NSArray<NSNumber *> *)bufferList:(CMSampleBufferRef)sampleBuffer;
      |                                     ^                
      |                                                       _Nullable 
/Users/buddhirajgautam/Documents/Cherrygram-Mac/macOS-Swift/packages/ObjcUtils/Sources/ObjcUtils/ObjcUtils.h:33:37: note: insert '_Nonnull' if the pointer should never be null
   33 | +(NSArray<NSNumber *> *)bufferList:(CMSampleBufferRef)sampleBuffer;
      |                                     ^                
      |                                                       _Nonnull 
/Users/buddhirajgautam/Documents/Cherrygram-Mac/macOS-Swift/packages/ObjcUtils/Sources/ObjcUtils/ObjcUtils.h:44:151: warning: pointer is missing a nullability type specifier (_Nonnull, _Nullable, or _Null_unspecified) [-Wnullability-completeness]
   44 | + (NSString * __nullable)_youtubeVideoIdFromText:(NSString * __nullable)text originalUrl:(NSString * __nullable)originalUrl startTime:(NSTimeInterval *)startTime;
      |                                                                                                                                                       ^
/Users/buddhirajgautam/Documents/Cherrygram-Mac/macOS-Swift/packages/ObjcUtils/Sources/ObjcUtils/ObjcUtils.h:44:151: note: insert '_Nullable' if the pointer may be null
   44 | + (NSString * __nullable)_youtubeVideoIdFromText:(NSString * __nullable)text originalUrl:(NSString * __nullable)originalUrl startTime:(NSTimeInterval *)startTime;
      |                                                                                                                                                       ^
      |                                                                                                                                                        _Nullable
/Users/buddhirajgautam/Documents/Cherrygram-Mac/macOS-Swift/packages/ObjcUtils/Sources/ObjcUtils/ObjcUtils.h:44:151: note: insert '_Nonnull' if the pointer should never be null
   44 | + (NSString * __nullable)_youtubeVideoIdFromText:(NSString * __nullable)text originalUrl:(NSString * __nullable)originalUrl startTime:(NSTimeInterval *)startTime;
      |                                                                                                                                                       ^
      |                                                                                                                                                        _Nonnull
/Users/buddhirajgautam/Documents/Cherrygram-Mac/macOS-Swift/packages/ObjcUtils/Sources/ObjcUtils/ObjcUtils.h:45:29: warning: pointer is missing a nullability type specifier (_Nonnull, _Nullable, or _Null_unspecified) [-Wnullability-completeness]
   45 | +(NSArray<OpenWithObject *> *)appsForFileUrl:(NSString *)fileUrl;
      |                             ^
/Users/buddhirajgautam/Documents/Cherrygram-Mac/macOS-Swift/packages/ObjcUtils/Sources/ObjcUtils/ObjcUtils.h:45:29: note: insert '_Nullable' if the pointer may be null
   45 | +(NSArray<OpenWithObject *> *)appsForFileUrl:(NSString *)fileUrl;
      |                             ^
      |                              _Nullable
/Users/buddhirajgautam/Documents/Cherrygram-Mac/macOS-Swift/packages/ObjcUtils/Sources/ObjcUtils/ObjcUtils.h:45:29: note: insert '_Nonnull' if the pointer should never be null
   45 | +(NSArray<OpenWithObject *> *)appsForFileUrl:(NSString *)fileUrl;
      |                             ^
      |                              _Nonnull
/Users/buddhirajgautam/Documents/Cherrygram-Mac/macOS-Swift/packages/ObjcUtils/Sources/ObjcUtils/ObjcUtils.h:45:56: warning: pointer is missing a nullability type specifier (_Nonnull, _Nullable, or _Null_unspecified) [-Wnullability-completeness]
   45 | +(NSArray<OpenWithObject *> *)appsForFileUrl:(NSString *)fileUrl;
      |                                                        ^
/Users/buddhirajgautam/Documents/Cherrygram-Mac/macOS-Swift/packages/ObjcUtils/Sources/ObjcUtils/ObjcUtils.h:45:56: note: insert '_Nullable' if the pointer may be null
   45 | +(NSArray<OpenWithObject *> *)appsForFileUrl:(NSString *)fileUrl;
      |                                                        ^
      |                                                         _Nullable
/Users/buddhirajgautam/Documents/Cherrygram-Mac/macOS-Swift/packages/ObjcUtils/Sources/ObjcUtils/ObjcUtils.h:45:56: note: insert '_Nonnull' if the pointer should never be null
   45 | +(NSArray<OpenWithObject *> *)appsForFileUrl:(NSString *)fileUrl;
      |                                                        ^
      |                                                         _Nonnull
/Users/buddhirajgautam/Documents/Cherrygram-Mac/macOS-Swift/packages/ObjcUtils/Sources/ObjcUtils/ObjcUtils.h:60:60: warning: pointer is missing a nullability type specifier (_Nonnull, _Nullable, or _Null_unspecified) [-Wnullability-completeness]
   60 | NSArray<NSString *> *  __nonnull cut_long_message(NSString *message, int max_length);
      |                                                            ^
/Users/buddhirajgautam/Documents/Cherrygram-Mac/macOS-Swift/packages/ObjcUtils/Sources/ObjcUtils/ObjcUtils.h:60:60: note: insert '_Nullable' if the pointer may be null
   60 | NSArray<NSString *> *  __nonnull cut_long_message(NSString *message, int max_length);
      |                                                            ^
      |                                                              _Nullable 
/Users/buddhirajgautam/Documents/Cherrygram-Mac/macOS-Swift/packages/ObjcUtils/Sources/ObjcUtils/ObjcUtils.h:60:60: note: insert '_Nonnull' if the pointer should never be null
   60 | NSArray<NSString *> *  __nonnull cut_long_message(NSString *message, int max_length);
      |                                                            ^
      |                                                              _Nonnull 
/Users/buddhirajgautam/Documents/Cherrygram-Mac/macOS-Swift/packages/ObjcUtils/Sources/ObjcUtils/ObjcUtils.h:62:71: warning: pointer is missing a nullability type specifier (_Nonnull, _Nullable, or _Null_unspecified) [-Wnullability-completeness]
   62 | NSDictionary<NSString *, NSString *> * __nonnull audioTags(AVURLAsset *asset);
      |                                                                       ^
/Users/buddhirajgautam/Documents/Cherrygram-Mac/macOS-Swift/packages/ObjcUtils/Sources/ObjcUtils/ObjcUtils.h:62:71: note: insert '_Nullable' if the pointer may be null
   62 | NSDictionary<NSString *, NSString *> * __nonnull audioTags(AVURLAsset *asset);
      |                                                                       ^
      |                                                                         _Nullable 
/Users/buddhirajgautam/Documents/Cherrygram-Mac/macOS-Swift/packages/ObjcUtils/Sources/ObjcUtils/ObjcUtils.h:62:71: note: insert '_Nonnull' if the pointer should never be null
   62 | NSDictionary<NSString *, NSString *> * __nonnull audioTags(AVURLAsset *asset);
      |                                                                       ^
      |                                                                         _Nonnull 
/Users/buddhirajgautam/Documents/Cherrygram-Mac/macOS-Swift/packages/ObjcUtils/Sources/ObjcUtils/ObjcUtils.h:63:46: warning: pointer is missing a nullability type specifier (_Nonnull, _Nullable, or _Null_unspecified) [-Wnullability-completeness]
   63 | NSImage *  __nonnull TGIdenticonImage(NSData *data, NSData *additionalData, CGSize size);
      |                                              ^
/Users/buddhirajgautam/Documents/Cherrygram-Mac/macOS-Swift/packages/ObjcUtils/Sources/ObjcUtils/ObjcUtils.h:63:46: note: insert '_Nullable' if the pointer may be null
   63 | NSImage *  __nonnull TGIdenticonImage(NSData *data, NSData *additionalData, CGSize size);
      |                                              ^
      |                                                _Nullable 
/Users/buddhirajgautam/Documents/Cherrygram-Mac/macOS-Swift/packages/ObjcUtils/Sources/ObjcUtils/ObjcUtils.h:63:46: note: insert '_Nonnull' if the pointer should never be null
   63 | NSImage *  __nonnull TGIdenticonImage(NSData *data, NSData *additionalData, CGSize size);
      |                                              ^
      |                                                _Nonnull 
/Users/buddhirajgautam/Documents/Cherrygram-Mac/macOS-Swift/packages/ObjcUtils/Sources/ObjcUtils/ObjcUtils.h:63:60: warning: pointer is missing a nullability type specifier (_Nonnull, _Nullable, or _Null_unspecified) [-Wnullability-completeness]
   63 | NSImage *  __nonnull TGIdenticonImage(NSData *data, NSData *additionalData, CGSize size);
      |                                                            ^
/Users/buddhirajgautam/Documents/Cherrygram-Mac/macOS-Swift/packages/ObjcUtils/Sources/ObjcUtils/ObjcUtils.h:63:60: note: insert '_Nullable' if the pointer may be null
   63 | NSImage *  __nonnull TGIdenticonImage(NSData *data, NSData *additionalData, CGSize size);
      |                                                            ^
      |                                                              _Nullable 
/Users/buddhirajgautam/Documents/Cherrygram-Mac/macOS-Swift/packages/ObjcUtils/Sources/ObjcUtils/ObjcUtils.h:63:60: note: insert '_Nonnull' if the pointer should never be null
   63 | NSImage *  __nonnull TGIdenticonImage(NSData *data, NSData *additionalData, CGSize size);
      |                                                            ^
      |                                                              _Nonnull 
/Users/buddhirajgautam/Documents/Cherrygram-Mac/macOS-Swift/packages/ObjcUtils/Sources/ObjcUtils/ObjcUtils.h:69:32: warning: pointer is missing a nullability type specifier (_Nonnull, _Nullable, or _Null_unspecified) [-Wnullability-completeness]
   69 | BOOL isEnterAccessObjc(NSEvent *theEvent, BOOL byCmdEnter);
      |                                ^
/Users/buddhirajgautam/Documents/Cherrygram-Mac/macOS-Swift/packages/ObjcUtils/Sources/ObjcUtils/ObjcUtils.h:69:32: note: insert '_Nullable' if the pointer may be null
   69 | BOOL isEnterAccessObjc(NSEvent *theEvent, BOOL byCmdEnter);
      |                                ^
      |                                  _Nullable 
/Users/buddhirajgautam/Documents/Cherrygram-Mac/macOS-Swift/packages/ObjcUtils/Sources/ObjcUtils/ObjcUtils.h:69:32: note: insert '_Nonnull' if the pointer should never be null
   69 | BOOL isEnterAccessObjc(NSEvent *theEvent, BOOL byCmdEnter);
      |                                ^
      |                                  _Nonnull 
/Users/buddhirajgautam/Documents/Cherrygram-Mac/macOS-Swift/packages/ObjcUtils/Sources/ObjcUtils/ObjcUtils.h:70:31: warning: pointer is missing a nullability type specifier (_Nonnull, _Nullable, or _Null_unspecified) [-Wnullability-completeness]
   70 | BOOL isEnterEventObjc(NSEvent *theEvent);
      |                               ^
/Users/buddhirajgautam/Documents/Cherrygram-Mac/macOS-Swift/packages/ObjcUtils/Sources/ObjcUtils/ObjcUtils.h:70:31: note: insert '_Nullable' if the pointer may be null
   70 | BOOL isEnterEventObjc(NSEvent *theEvent);
      |                               ^
      |                                 _Nullable 
/Users/buddhirajgautam/Documents/Cherrygram-Mac/macOS-Swift/packages/ObjcUtils/Sources/ObjcUtils/ObjcUtils.h:70:31: note: insert '_Nonnull' if the pointer should never be null
   70 | BOOL isEnterEventObjc(NSEvent *theEvent);
      |                               ^
      |                                 _Nonnull 
/Users/buddhirajgautam/Documents/Cherrygram-Mac/macOS-Swift/packages/ObjcUtils/Sources/ObjcUtils/ObjcUtils.h:82:32: warning: pointer is missing a nullability type specifier (_Nonnull, _Nullable, or _Null_unspecified) [-Wnullability-completeness]
   82 | CGImageRef TGBlurredAlphaImage(CGImageRef source, CGSize size, CGFloat scale);
      |                                ^
/Users/buddhirajgautam/Documents/Cherrygram-Mac/macOS-Swift/packages/ObjcUtils/Sources/ObjcUtils/ObjcUtils.h:82:32: note: insert '_Nullable' if the pointer may be null
   82 | CGImageRef TGBlurredAlphaImage(CGImageRef source, CGSize size, CGFloat scale);
      |                                ^
      |                                           _Nullable
/Users/buddhirajgautam/Documents/Cherrygram-Mac/macOS-Swift/packages/ObjcUtils/Sources/ObjcUtils/ObjcUtils.h:82:32: note: insert '_Nonnull' if the pointer should never be null
   82 | CGImageRef TGBlurredAlphaImage(CGImageRef source, CGSize size, CGFloat scale);
      |                                ^
      |                                           _Nonnull
/Users/buddhirajgautam/Documents/Cherrygram-Mac/macOS-Swift/packages/ObjcUtils/Sources/ObjcUtils/ObjcUtils.h:82:1: warning: pointer is missing a nullability type specifier (_Nonnull, _Nullable, or _Null_unspecified) [-Wnullability-completeness]
   82 | CGImageRef TGBlurredAlphaImage(CGImageRef source, CGSize size, CGFloat scale);
      | ^
/Users/buddhirajgautam/Documents/Cherrygram-Mac/macOS-Swift/packages/ObjcUtils/Sources/ObjcUtils/ObjcUtils.h:82:1: note: insert '_Nullable' if the pointer may be null
   82 | CGImageRef TGBlurredAlphaImage(CGImageRef source, CGSize size, CGFloat scale);
      | ^
      |            _Nullable
/Users/buddhirajgautam/Documents/Cherrygram-Mac/macOS-Swift/packages/ObjcUtils/Sources/ObjcUtils/ObjcUtils.h:82:1: note: insert '_Nonnull' if the pointer should never be null
   82 | CGImageRef TGBlurredAlphaImage(CGImageRef source, CGSize size, CGFloat scale);
      | ^
      |            _Nonnull
/Users/buddhirajgautam/Documents/Cherrygram-Mac/macOS-Swift/packages/ObjcUtils/Sources/ObjcUtils/ObjcUtils.m:50:18: warning: implicit conversion loses integer precision: 'NSUInteger' (aka 'unsigned long') to 'int' [-Wshorten-64-to-32]
   50 |     int length = string.length;
      |         ~~~~~~   ^~~~~~~~~~~~~
/Users/buddhirajgautam/Documents/Cherrygram-Mac/macOS-Swift/packages/ObjcUtils/Sources/ObjcUtils/ObjcUtils.m:639:5: warning: 'CC_MD5' is deprecated: first deprecated in macOS 10.15 - This function is cryptographically broken and should not be used in security contexts. Clients should migrate to SHA256 (or stronger). [-Wdeprecated-declarations]
  639 |     CC_MD5( cStr, (int) strlen(cStr), digest ); // This is the md5 call
      |     ^
In module 'CommonCrypto' imported from /Users/buddhirajgautam/Documents/Cherrygram-Mac/macOS-Swift/packages/ObjcUtils/Sources/ObjcUtils/ObjcUtils.m:10:
/Applications/Xcode.app/Contents/Developer/Platforms/MacOSX.platform/Developer/SDKs/MacOSX27.0.sdk/usr/include/CommonCrypto/CommonDigest.h:142:23: note: 'CC_MD5' has been explicitly marked deprecated here
  142 | extern unsigned char *CC_MD5(const void *data, CC_LONG len, unsigned char *md)
      |                       ^
/Users/buddhirajgautam/Documents/Cherrygram-Mac/macOS-Swift/packages/ObjcUtils/Sources/ObjcUtils/ObjcUtils.m:781:13: warning: 'CC_MD5' is deprecated: first deprecated in macOS 10.15 - This function is cryptographically broken and should not be used in security contexts. Clients should migrate to SHA256 (or stronger). [-Wdeprecated-declarations]
  781 |             CC_MD5(buf, (unsigned) strlen(buf), digest);
      |             ^
In module 'CommonCrypto' imported from /Users/buddhirajgautam/Documents/Cherrygram-Mac/macOS-Swift/packages/ObjcUtils/Sources/ObjcUtils/ObjcUtils.m:10:
/Applications/Xcode.app/Contents/Developer/Platforms/MacOSX.platform/Developer/SDKs/MacOSX27.0.sdk/usr/include/CommonCrypto/CommonDigest.h:142:23: note: 'CC_MD5' has been explicitly marked deprecated here
  142 | extern unsigned char *CC_MD5(const void *data, CC_LONG len, unsigned char *md)
      |                       ^
/Users/buddhirajgautam/Documents/Cherrygram-Mac/macOS-Swift/packages/ObjcUtils/Sources/ObjcUtils/ObjcUtils.m:1238:38: warning: 'kIOMasterPortDefault' is deprecated: first deprecated in macOS 12.0 [-Wdeprecated-declarations]
 1238 |     if (IOServiceGetMatchingServices(kIOMasterPortDefault, IOServiceMatching("IOHIDSystem"), &iter) == KERN_SUCCESS) {
      |                                      ^~~~~~~~~~~~~~~~~~~~
      |                                      kIOMainPortDefault
In module 'Foundation' imported from /Users/buddhirajgautam/Documents/Cherrygram-Mac/macOS-Swift/packages/ObjcUtils/Sources/ObjcUtils/ObjcUtils.h:9:
In module 'CoreGraphics' imported from /Applications/Xcode.app/Contents/Developer/Platforms/MacOSX.platform/Developer/SDKs/MacOSX27.0.sdk/System/Library/Frameworks/Foundation.framework/Headers/NSGeometry.h:14:
In module 'IOKit' imported from /Applications/Xcode.app/Contents/Developer/Platforms/MacOSX.platform/Developer/SDKs/MacOSX27.0.sdk/System/Library/Frameworks/CoreGraphics.framework/Headers/CGDisplayConfiguration.h:12:
/Applications/Xcode.app/Contents/Developer/Platforms/MacOSX.platform/Developer/SDKs/MacOSX.sdk/System/Library/Frameworks/IOKit.framework/Headers/IOKitLib.h:133:19: note: 'kIOMasterPortDefault' has been explicitly marked deprecated here
  133 | const mach_port_t kIOMasterPortDefault
      |                   ^
/Users/buddhirajgautam/Documents/Cherrygram-Mac/macOS-Swift/packages/ObjcUtils/Sources/ObjcUtils/ObjcUtils.m:1336:54: warning: 'NSDeviceIndependentModifierFlagsMask' is deprecated: first deprecated in macOS 10.12 [-Wdeprecated-declarations]
 1336 |         NSUInteger flags = (theEvent.modifierFlags & NSDeviceIndependentModifierFlagsMask);
      |                                                      ^~~~~~~~~~~~~~~~~~~~~~~~~~~~~~~~~~~~
      |                                                      NSEventModifierFlagDeviceIndependentFlagsMask
In module 'AppKit' imported from /Users/buddhirajgautam/Documents/Cherrygram-Mac/macOS-Swift/packages/ObjcUtils/Sources/ObjcUtils/ObjcUtils.h:10:
/Applications/Xcode.app/Contents/Developer/Platforms/MacOSX.platform/Developer/SDKs/MacOSX27.0.sdk/System/Library/Frameworks/AppKit.framework/Headers/NSEvent.h:189:35: note: 'NSDeviceIndependentModifierFlagsMask' has been explicitly marked deprecated here
  189 | static const NSEventModifierFlags NSDeviceIndependentModifierFlagsMask    API_DEPRECATED_WITH_REPLACEMENT("NSEventModifierFlagDeviceIndependentFlagsMask", macos(10.0,10.12)) = NSEventModifierFlagDeviceIndependentFlagsMask;
      |                                   ^
/Users/buddhirajgautam/Documents/Cherrygram-Mac/macOS-Swift/packages/ObjcUtils/Sources/ObjcUtils/ObjcUtils.m:1337:107: warning: 'NSCommandKeyMask' is deprecated: first deprecated in macOS 10.12 [-Wdeprecated-declarations]
 1337 |         return !byCmdEnter ? flags == 0 || flags == 65536 || flags == 2097152 : (theEvent.modifierFlags & NSCommandKeyMask) > 0;
      |                                                                                                           ^~~~~~~~~~~~~~~~
      |                                                                                                           NSEventModifierFlagCommand
In module 'AppKit' imported from /Users/buddhirajgautam/Documents/Cherrygram-Mac/macOS-Swift/packages/ObjcUtils/Sources/ObjcUtils/ObjcUtils.h:10:
/Applications/Xcode.app/Contents/Developer/Platforms/MacOSX.platform/Developer/SDKs/MacOSX27.0.sdk/System/Library/Frameworks/AppKit.framework/Headers/NSEvent.h:185:35: note: 'NSCommandKeyMask' has been explicitly marked deprecated here
  185 | static const NSEventModifierFlags NSCommandKeyMask            API_DEPRECATED_WITH_REPLACEMENT("NSEventModifierFlagCommand", macos(10.0,10.12)) = NSEventModifierFlagCommand;
      |                                   ^
/Users/buddhirajgautam/Documents/Cherrygram-Mac/macOS-Swift/packages/ObjcUtils/Sources/ObjcUtils/ObjcUtils.m:1352:5: warning: 'CC_MD5' is deprecated: first deprecated in macOS 10.15 - This function is cryptographically broken and should not be used in security contexts. Clients should migrate to SHA256 (or stronger). [-Wdeprecated-declarations]
 1352 |     CC_MD5(buf, (CC_LONG)strlen(buf), digest);
      |     ^
In module 'CommonCrypto' imported from /Users/buddhirajgautam/Documents/Cherrygram-Mac/macOS-Swift/packages/ObjcUtils/Sources/ObjcUtils/ObjcUtils.m:10:
/Applications/Xcode.app/Contents/Developer/Platforms/MacOSX.platform/Developer/SDKs/MacOSX27.0.sdk/usr/include/CommonCrypto/CommonDigest.h:142:23: note: 'CC_MD5' has been explicitly marked deprecated here
  142 | extern unsigned char *CC_MD5(const void *data, CC_LONG len, unsigned char *md)
      |                       ^
/Users/buddhirajgautam/Documents/Cherrygram-Mac/macOS-Swift/packages/ObjcUtils/Sources/ObjcUtils/ObjcUtils.m:1370:5: warning: 'CC_MD5' is deprecated: first deprecated in macOS 10.15 - This function is cryptographically broken and should not be used in security contexts. Clients should migrate to SHA256 (or stronger). [-Wdeprecated-declarations]
 1370 |     CC_MD5(buf, (CC_LONG)strlen(buf), digest);
      |     ^
In module 'CommonCrypto' imported from /Users/buddhirajgautam/Documents/Cherrygram-Mac/macOS-Swift/packages/ObjcUtils/Sources/ObjcUtils/ObjcUtils.m:10:
/Applications/Xcode.app/Contents/Developer/Platforms/MacOSX.platform/Developer/SDKs/MacOSX27.0.sdk/usr/include/CommonCrypto/CommonDigest.h:142:23: note: 'CC_MD5' has been explicitly marked deprecated here
  142 | extern unsigned char *CC_MD5(const void *data, CC_LONG len, unsigned char *md)
      |                       ^
/Users/buddhirajgautam/Documents/Cherrygram-Mac/macOS-Swift/packages/ObjcUtils/Sources/ObjcUtils/ObjcUtils.m:1390:72: warning: passing 'const void *' to parameter of type 'TISInputSourceRef' (aka 'struct __TISInputSource *') discards qualifiers [-Wincompatible-pointer-types-discards-qualifiers]
 1390 |         NSArray* list = (__bridge NSArray *)(TISGetInputSourceProperty(CFArrayGetValueAtIndex(inputSourcesList, i), kTISPropertyInputSourceLanguages));
      |                                                                        ^~~~~~~~~~~~~~~~~~~~~~~~~~~~~~~~~~~~~~~~~~~
In module 'Carbon' imported from /Users/buddhirajgautam/Documents/Cherrygram-Mac/macOS-Swift/packages/ObjcUtils/Sources/ObjcUtils/ObjcUtils.m:12:
/Applications/Xcode.app/Contents/Developer/Platforms/MacOSX.platform/Developer/SDKs/MacOSX.sdk/System/Library/Frameworks/Carbon.framework/Frameworks/HIToolbox.framework/Headers/TextInputSources.h:720:23: note: passing argument to parameter 'inputSource' here
  720 |   TISInputSourceRef   inputSource,
      |                       ^
23 warnings generated.

CompileC /Users/buddhirajgautam/Library/Developer/Xcode/DerivedData/Telegram-Mac-fygdgghdgmuleoelvxabfmqiotta/Build/Intermediates.noindex/MtProtoKit.build/Debug/MtProtoKit-t.build/Objects-normal/arm64/MTTcpConnection.o /Users/buddhirajgautam/Documents/Cherrygram-Mac/macOS-Swift/submodules/telegram-ios/submodules/MtProtoKit/Sources/MTTcpConnection.m normal arm64 objective-c com.apple.compilers.llvm.clang.1_0.compiler (in target 'MtProtoKit' from project 'MtProtoKit')
    cd /Users/buddhirajgautam/Documents/Cherrygram-Mac/macOS-Swift
    
    Using response file: /Users/buddhirajgautam/Library/Developer/Xcode/DerivedData/Telegram-Mac-fygdgghdgmuleoelvxabfmqiotta/Build/Intermediates.noindex/MtProtoKit.build/Debug/MtProtoKit-t.build/Objects-normal/arm64/e6072d4f65d7061329687fe24e3d63a7-common-args.resp
    
    /Applications/Xcode.app/Contents/Developer/Toolchains/XcodeDefault.xctoolchain/usr/bin/clang -x objective-c -ivfsstatcache /Users/buddhirajgautam/Library/Developer/Xcode/DerivedData/SDKStatCaches.noindex/macosx27.0-26A425-e829b21a6f8c9b70876ba0858053c0447231f6df4def33e022ae2eb8f782df1a.sdkstatcache -target arm64-apple-macos12.0 -fmessage-length\=0 -fdiagnostics-show-note-include-stack -fmacro-backtrace-limit\=0 -fno-color-diagnostics -fmodules-prune-interval\=86400 -fmodules-prune-after\=345600 -fbuild-session-file\=/Users/buddhirajgautam/Library/Developer/Xcode/DerivedData/ModuleCache.noindex/Session.modulevalidation -fmodules-validate-once-per-build-session -Wnon-modular-include-in-framework-module -Werror\=non-modular-include-in-framework-module -Wno-trigraphs -Wno-missing-field-initializers -Wno-missing-prototypes -Wno-return-type -Wno-implicit-atomic-properties -Wno-objc-interface-ivars -Wno-arc-repeated-use-of-weak -Wno-missing-braces -Wparentheses -Wswitch -Wno-unused-function -Wno-unused-label -Wno-unused-parameter -Wno-unused-variable -Wunused-value -Wno-empty-body -Wno-uninitialized -Wno-unknown-pragmas -Wno-shadow -Wno-four-char-constants -Wno-conversion -Wno-constant-conversion -Wno-int-conversion -Wno-bool-conversion -Wno-enum-conversion -Wno-float-conversion -Wno-non-literal-null-conversion -Wno-objc-literal-conversion -Wshorten-64-to-32 -Wpointer-sign -Wno-newline-eof -Wno-selector -Wno-strict-selector-match -Wno-undeclared-selector -Wno-deprecated-implementations -Wno-implicit-fallthrough -isysroot /Applications/Xcode.app/Contents/Developer/Platforms/MacOSX.platform/Developer/SDKs/MacOSX27.0.sdk -fstrict-aliasing -Wprotocol -Wdeprecated-declarations -Wno-sign-conversion -Wno-infinite-recursion -Wno-comma -Wno-block-capture-autoreleasing -Wno-strict-prototypes -Wno-semicolon-before-method-body -index-store-path /Users/buddhirajgautam/Library/Developer/Xcode/DerivedData/Telegram-Mac-fygdgghdgmuleoelvxabfmqiotta/Index.noindex/DataStore @/Users/buddhirajgautam/Library/Developer/Xcode/DerivedData/Telegram-Mac-fygdgghdgmuleoelvxabfmqiotta/Build/Intermediates.noindex/MtProtoKit.build/Debug/MtProtoKit-t.build/Objects-normal/arm64/e6072d4f65d7061329687fe24e3d63a7-common-args.resp -MMD -MT dependencies -MF /Users/buddhirajgautam/Library/Developer/Xcode/DerivedData/Telegram-Mac-fygdgghdgmuleoelvxabfmqiotta/Build/Intermediates.noindex/MtProtoKit.build/Debug/MtProtoKit-t.build/Objects-normal/arm64/MTTcpConnection.d --serialize-diagnostics /Users/buddhirajgautam/Library/Developer/Xcode/DerivedData/Telegram-Mac-fygdgghdgmuleoelvxabfmqiotta/Build/Intermediates.noindex/MtProtoKit.build/Debug/MtProtoKit-t.build/Objects-normal/arm64/MTTcpConnection.dia -c /Users/buddhirajgautam/Documents/Cherrygram-Mac/macOS-Swift/submodules/telegram-ios/submodules/MtProtoKit/Sources/MTTcpConnection.m -o /Users/buddhirajgautam/Library/Developer/Xcode/DerivedData/Telegram-Mac-fygdgghdgmuleoelvxabfmqiotta/Build/Intermediates.noindex/MtProtoKit.build/Debug/MtProtoKit-t.build/Objects-normal/arm64/MTTcpConnection.o -index-unit-output-path /MtProtoKit.build/Debug/MtProtoKit-t.build/Objects-normal/arm64/MTTcpConnection.o

CompileC /Users/buddhirajgautam/Library/Developer/Xcode/DerivedData/Telegram-Mac-fygdgghdgmuleoelvxabfmqiotta/Build/Intermediates.noindex/MtProtoKit.build/Debug/MtProtoKit-t.build/Objects-normal/arm64/MTSessionInfo.o /Users/buddhirajgautam/Documents/Cherrygram-Mac/macOS-Swift/submodules/telegram-ios/submodules/MtProtoKit/Sources/MTSessionInfo.m normal arm64 objective-c com.apple.compilers.llvm.clang.1_0.compiler (in target 'MtProtoKit' from project 'MtProtoKit')
    cd /Users/buddhirajgautam/Documents/Cherrygram-Mac/macOS-Swift
    
    Using response file: /Users/buddhirajgautam/Library/Developer/Xcode/DerivedData/Telegram-Mac-fygdgghdgmuleoelvxabfmqiotta/Build/Intermediates.noindex/MtProtoKit.build/Debug/MtProtoKit-t.build/Objects-normal/arm64/e6072d4f65d7061329687fe24e3d63a7-common-args.resp
    
    /Applications/Xcode.app/Contents/Developer/Toolchains/XcodeDefault.xctoolchain/usr/bin/clang -x objective-c -ivfsstatcache /Users/buddhirajgautam/Library/Developer/Xcode/DerivedData/SDKStatCaches.noindex/macosx27.0-26A425-e829b21a6f8c9b70876ba0858053c0447231f6df4def33e022ae2eb8f782df1a.sdkstatcache -target arm64-apple-macos12.0 -fmessage-length\=0 -fdiagnostics-show-note-include-stack -fmacro-backtrace-limit\=0 -fno-color-diagnostics -fmodules-prune-interval\=86400 -fmodules-prune-after\=345600 -fbuild-session-file\=/Users/buddhirajgautam/Library/Developer/Xcode/DerivedData/ModuleCache.noindex/Session.modulevalidation -fmodules-validate-once-per-build-session -Wnon-modular-include-in-framework-module -Werror\=non-modular-include-in-framework-module -Wno-trigraphs -Wno-missing-field-initializers -Wno-missing-prototypes -Wno-return-type -Wno-implicit-atomic-properties -Wno-objc-interface-ivars -Wno-arc-repeated-use-of-weak -Wno-missing-braces -Wparentheses -Wswitch -Wno-unused-function -Wno-unused-label -Wno-unused-parameter -Wno-unused-variable -Wunused-value -Wno-empty-body -Wno-uninitialized -Wno-unknown-pragmas -Wno-shadow -Wno-four-char-constants -Wno-conversion -Wno-constant-conversion -Wno-int-conversion -Wno-bool-conversion -Wno-enum-conversion -Wno-float-conversion -Wno-non-literal-null-conversion -Wno-objc-literal-conversion -Wshorten-64-to-32 -Wpointer-sign -Wno-newline-eof -Wno-selector -Wno-strict-selector-match -Wno-undeclared-selector -Wno-deprecated-implementations -Wno-implicit-fallthrough -isysroot /Applications/Xcode.app/Contents/Developer/Platforms/MacOSX.platform/Developer/SDKs/MacOSX27.0.sdk -fstrict-aliasing -Wprotocol -Wdeprecated-declarations -Wno-sign-conversion -Wno-infinite-recursion -Wno-comma -Wno-block-capture-autoreleasing -Wno-strict-prototypes -Wno-semicolon-before-method-body -index-store-path /Users/buddhirajgautam/Library/Developer/Xcode/DerivedData/Telegram-Mac-fygdgghdgmuleoelvxabfmqiotta/Index.noindex/DataStore @/Users/buddhirajgautam/Library/Developer/Xcode/DerivedData/Telegram-Mac-fygdgghdgmuleoelvxabfmqiotta/Build/Intermediates.noindex/MtProtoKit.build/Debug/MtProtoKit-t.build/Objects-normal/arm64/e6072d4f65d7061329687fe24e3d63a7-common-args.resp -MMD -MT dependencies -MF /Users/buddhirajgautam/Library/Developer/Xcode/DerivedData/Telegram-Mac-fygdgghdgmuleoelvxabfmqiotta/Build/Intermediates.noindex/MtProtoKit.build/Debug/MtProtoKit-t.build/Objects-normal/arm64/MTSessionInfo.d --serialize-diagnostics /Users/buddhirajgautam/Library/Developer/Xcode/DerivedData/Telegram-Mac-fygdgghdgmuleoelvxabfmqiotta/Build/Intermediates.noindex/MtProtoKit.build/Debug/MtProtoKit-t.build/Objects-normal/arm64/MTSessionInfo.dia -c /Users/buddhirajgautam/Documents/Cherrygram-Mac/macOS-Swift/submodules/telegram-ios/submodules/MtProtoKit/Sources/MTSessionInfo.m -o /Users/buddhirajgautam/Library/Developer/Xcode/DerivedData/Telegram-Mac-fygdgghdgmuleoelvxabfmqiotta/Build/Intermediates.noindex/MtProtoKit.build/Debug/MtProtoKit-t.build/Objects-normal/arm64/MTSessionInfo.o -index-unit-output-path /MtProtoKit.build/Debug/MtProtoKit-t.build/Objects-normal/arm64/MTSessionInfo.o

ScanDependencies /Users/buddhirajgautam/Library/Developer/Xcode/DerivedData/Telegram-Mac-fygdgghdgmuleoelvxabfmqiotta/Build/Intermediates.noindex/MtProtoKit.build/Debug/MtProtoKit-t.build/Objects-normal/arm64/MTServerDhParamsMessage.o /Users/buddhirajgautam/Documents/Cherrygram-Mac/macOS-Swift/submodules/telegram-ios/submodules/MtProtoKit/Sources/MTServerDhParamsMessage.m normal arm64 objective-c com.apple.compilers.llvm.clang.1_0.compiler (in target 'MtProtoKit' from project 'MtProtoKit')
    cd /Users/buddhirajgautam/Documents/Cherrygram-Mac/macOS-Swift
    
    Using response file: /Users/buddhirajgautam/Library/Developer/Xcode/DerivedData/Telegram-Mac-fygdgghdgmuleoelvxabfmqiotta/Build/Intermediates.noindex/MtProtoKit.build/Debug/MtProtoKit-t.build/Objects-normal/arm64/e6072d4f65d7061329687fe24e3d63a7-common-args.resp
    
    builtin-ScanDependencies -o /Users/buddhirajgautam/Library/Developer/Xcode/DerivedData/Telegram-Mac-fygdgghdgmuleoelvxabfmqiotta/Build/Intermediates.noindex/MtProtoKit.build/Debug/MtProtoKit-t.build/Objects-normal/arm64/MTServerDhParamsMessage.o.scan -- /Applications/Xcode.app/Contents/Developer/Toolchains/XcodeDefault.xctoolchain/usr/bin/clang -x objective-c -ivfsstatcache /Users/buddhirajgautam/Library/Developer/Xcode/DerivedData/SDKStatCaches.noindex/macosx27.0-26A425-e829b21a6f8c9b70876ba0858053c0447231f6df4def33e022ae2eb8f782df1a.sdkstatcache -target arm64-apple-macos12.0 -fmessage-length\=0 -fdiagnostics-show-note-include-stack -fmacro-backtrace-limit\=0 -fno-color-diagnostics -fmodules-prune-interval\=86400 -fmodules-prune-after\=345600 -fbuild-session-file\=/Users/buddhirajgautam/Library/Developer/Xcode/DerivedData/ModuleCache.noindex/Session.modulevalidation -fmodules-validate-once-per-build-session -Wnon-modular-include-in-framework-module -Werror\=non-modular-include-in-framework-module -Wno-trigraphs -Wno-missing-field-initializers -Wno-missing-prototypes -Wno-return-type -Wno-implicit-atomic-properties -Wno-objc-interface-ivars -Wno-arc-repeated-use-of-weak -Wno-missing-braces -Wparentheses -Wswitch -Wno-unused-function -Wno-unused-label -Wno-unused-parameter -Wno-unused-variable -Wunused-value -Wno-empty-body -Wno-uninitialized -Wno-unknown-pragmas -Wno-shadow -Wno-four-char-constants -Wno-conversion -Wno-constant-conversion -Wno-int-conversion -Wno-bool-conversion -Wno-enum-conversion -Wno-float-conversion -Wno-non-literal-null-conversion -Wno-objc-literal-conversion -Wshorten-64-to-32 -Wpointer-sign -Wno-newline-eof -Wno-selector -Wno-strict-selector-match -Wno-undeclared-selector -Wno-deprecated-implementations -Wno-implicit-fallthrough -isysroot /Applications/Xcode.app/Contents/Developer/Platforms/MacOSX.platform/Developer/SDKs/MacOSX27.0.sdk -fstrict-aliasing -Wprotocol -Wdeprecated-declarations -Wno-sign-conversion -Wno-infinite-recursion -Wno-comma -Wno-block-capture-autoreleasing -Wno-strict-prototypes -Wno-semicolon-before-method-body -index-store-path /Users/buddhirajgautam/Library/Developer/Xcode/DerivedData/Telegram-Mac-fygdgghdgmuleoelvxabfmqiotta/Index.noindex/DataStore @/Users/buddhirajgautam/Library/Developer/Xcode/DerivedData/Telegram-Mac-fygdgghdgmuleoelvxabfmqiotta/Build/Intermediates.noindex/MtProtoKit.build/Debug/MtProtoKit-t.build/Objects-normal/arm64/e6072d4f65d7061329687fe24e3d63a7-common-args.resp -MMD -MT dependencies -MF /Users/buddhirajgautam/Library/Developer/Xcode/DerivedData/Telegram-Mac-fygdgghdgmuleoelvxabfmqiotta/Build/Intermediates.noindex/MtProtoKit.build/Debug/MtProtoKit-t.build/Objects-normal/arm64/MTServerDhParamsMessage.d --serialize-diagnostics /Users/buddhirajgautam/Library/Developer/Xcode/DerivedData/Telegram-Mac-fygdgghdgmuleoelvxabfmqiotta/Build/Intermediates.noindex/MtProtoKit.build/Debug/MtProtoKit-t.build/Objects-normal/arm64/MTServerDhParamsMessage.dia -c /Users/buddhirajgautam/Documents/Cherrygram-Mac/macOS-Swift/submodules/telegram-ios/submodules/MtProtoKit/Sources/MTServerDhParamsMessage.m -o /Users/buddhirajgautam/Library/Developer/Xcode/DerivedData/Telegram-Mac-fygdgghdgmuleoelvxabfmqiotta/Build/Intermediates.noindex/MtProtoKit.build/Debug/MtProtoKit-t.build/Objects-normal/arm64/MTServerDhParamsMessage.o -index-unit-output-path /MtProtoKit.build/Debug/MtProtoKit-t.build/Objects-normal/arm64/MTServerDhParamsMessage.o

ScanDependencies /Users/buddhirajgautam/Library/Developer/Xcode/DerivedData/Telegram-Mac-fygdgghdgmuleoelvxabfmqiotta/Build/Intermediates.noindex/MtProtoKit.build/Debug/MtProtoKit-t.build/Objects-normal/arm64/MTServerDhInnerDataMessage.o /Users/buddhirajgautam/Documents/Cherrygram-Mac/macOS-Swift/submodules/telegram-ios/submodules/MtProtoKit/Sources/MTServerDhInnerDataMessage.m normal arm64 objective-c com.apple.compilers.llvm.clang.1_0.compiler (in target 'MtProtoKit' from project 'MtProtoKit')
    cd /Users/buddhirajgautam/Documents/Cherrygram-Mac/macOS-Swift
    
    Using response file: /Users/buddhirajgautam/Library/Developer/Xcode/DerivedData/Telegram-Mac-fygdgghdgmuleoelvxabfmqiotta/Build/Intermediates.noindex/MtProtoKit.build/Debug/MtProtoKit-t.build/Objects-normal/arm64/e6072d4f65d7061329687fe24e3d63a7-common-args.resp
    
    builtin-ScanDependencies -o /Users/buddhirajgautam/Library/Developer/Xcode/DerivedData/Telegram-Mac-fygdgghdgmuleoelvxabfmqiotta/Build/Intermediates.noindex/MtProtoKit.build/Debug/MtProtoKit-t.build/Objects-normal/arm64/MTServerDhInnerDataMessage.o.scan -- /Applications/Xcode.app/Contents/Developer/Toolchains/XcodeDefault.xctoolchain/usr/bin/clang -x objective-c -ivfsstatcache /Users/buddhirajgautam/Library/Developer/Xcode/DerivedData/SDKStatCaches.noindex/macosx27.0-26A425-e829b21a6f8c9b70876ba0858053c0447231f6df4def33e022ae2eb8f782df1a.sdkstatcache -target arm64-apple-macos12.0 -fmessage-length\=0 -fdiagnostics-show-note-include-stack -fmacro-backtrace-limit\=0 -fno-color-diagnostics -fmodules-prune-interval\=86400 -fmodules-prune-after\=345600 -fbuild-session-file\=/Users/buddhirajgautam/Library/Developer/Xcode/DerivedData/ModuleCache.noindex/Session.modulevalidation -fmodules-validate-once-per-build-session -Wnon-modular-include-in-framework-module -Werror\=non-modular-include-in-framework-module -Wno-trigraphs -Wno-missing-field-initializers -Wno-missing-prototypes -Wno-return-type -Wno-implicit-atomic-properties -Wno-objc-interface-ivars -Wno-arc-repeated-use-of-weak -Wno-missing-braces -Wparentheses -Wswitch -Wno-unused-function -Wno-unused-label -Wno-unused-parameter -Wno-unused-variable -Wunused-value -Wno-empty-body -Wno-uninitialized -Wno-unknown-pragmas -Wno-shadow -Wno-four-char-constants -Wno-conversion -Wno-constant-conversion -Wno-int-conversion -Wno-bool-conversion -Wno-enum-conversion -Wno-float-conversion -Wno-non-literal-null-conversion -Wno-objc-literal-conversion -Wshorten-64-to-32 -Wpointer-sign -Wno-newline-eof -Wno-selector -Wno-strict-selector-match -Wno-undeclared-selector -Wno-deprecated-implementations -Wno-implicit-fallthrough -isysroot /Applications/Xcode.app/Contents/Developer/Platforms/MacOSX.platform/Developer/SDKs/MacOSX27.0.sdk -fstrict-aliasing -Wprotocol -Wdeprecated-declarations -Wno-sign-conversion -Wno-infinite-recursion -Wno-comma -Wno-block-capture-autoreleasing -Wno-strict-prototypes -Wno-semicolon-before-method-body -index-store-path /Users/buddhirajgautam/Library/Developer/Xcode/DerivedData/Telegram-Mac-fygdgghdgmuleoelvxabfmqiotta/Index.noindex/DataStore @/Users/buddhirajgautam/Library/Developer/Xcode/DerivedData/Telegram-Mac-fygdgghdgmuleoelvxabfmqiotta/Build/Intermediates.noindex/MtProtoKit.build/Debug/MtProtoKit-t.build/Objects-normal/arm64/e6072d4f65d7061329687fe24e3d63a7-common-args.resp -MMD -MT dependencies -MF /Users/buddhirajgautam/Library/Developer/Xcode/DerivedData/Telegram-Mac-fygdgghdgmuleoelvxabfmqiotta/Build/Intermediates.noindex/MtProtoKit.build/Debug/MtProtoKit-t.build/Objects-normal/arm64/MTServerDhInnerDataMessage.d --serialize-diagnostics /Users/buddhirajgautam/Library/Developer/Xcode/DerivedData/Telegram-Mac-fygdgghdgmuleoelvxabfmqiotta/Build/Intermediates.noindex/MtProtoKit.build/Debug/MtProtoKit-t.build/Objects-normal/arm64/MTServerDhInnerDataMessage.dia -c /Users/buddhirajgautam/Documents/Cherrygram-Mac/macOS-Swift/submodules/telegram-ios/submodules/MtProtoKit/Sources/MTServerDhInnerDataMessage.m -o /Users/buddhirajgautam/Library/Developer/Xcode/DerivedData/Telegram-Mac-fygdgghdgmuleoelvxabfmqiotta/Build/Intermediates.noindex/MtProtoKit.build/Debug/MtProtoKit-t.build/Objects-normal/arm64/MTServerDhInnerDataMessage.o -index-unit-output-path /MtProtoKit.build/Debug/MtProtoKit-t.build/Objects-normal/arm64/MTServerDhInnerDataMessage.o

CompileC /Users/buddhirajgautam/Library/Developer/Xcode/DerivedData/Telegram-Mac-fygdgghdgmuleoelvxabfmqiotta/Build/Intermediates.noindex/MtProtoKit.build/Debug/MtProtoKit-t.build/Objects-normal/arm64/MTServerDhParamsMessage.o /Users/buddhirajgautam/Documents/Cherrygram-Mac/macOS-Swift/submodules/telegram-ios/submodules/MtProtoKit/Sources/MTServerDhParamsMessage.m normal arm64 objective-c com.apple.compilers.llvm.clang.1_0.compiler (in target 'MtProtoKit' from project 'MtProtoKit')
    cd /Users/buddhirajgautam/Documents/Cherrygram-Mac/macOS-Swift
    
    Using response file: /Users/buddhirajgautam/Library/Developer/Xcode/DerivedData/Telegram-Mac-fygdgghdgmuleoelvxabfmqiotta/Build/Intermediates.noindex/MtProtoKit.build/Debug/MtProtoKit-t.build/Objects-normal/arm64/e6072d4f65d7061329687fe24e3d63a7-common-args.resp
    
    /Applications/Xcode.app/Contents/Developer/Toolchains/XcodeDefault.xctoolchain/usr/bin/clang -x objective-c -ivfsstatcache /Users/buddhirajgautam/Library/Developer/Xcode/DerivedData/SDKStatCaches.noindex/macosx27.0-26A425-e829b21a6f8c9b70876ba0858053c0447231f6df4def33e022ae2eb8f782df1a.sdkstatcache -target arm64-apple-macos12.0 -fmessage-length\=0 -fdiagnostics-show-note-include-stack -fmacro-backtrace-limit\=0 -fno-color-diagnostics -fmodules-prune-interval\=86400 -fmodules-prune-after\=345600 -fbuild-session-file\=/Users/buddhirajgautam/Library/Developer/Xcode/DerivedData/ModuleCache.noindex/Session.modulevalidation -fmodules-validate-once-per-build-session -Wnon-modular-include-in-framework-module -Werror\=non-modular-include-in-framework-module -Wno-trigraphs -Wno-missing-field-initializers -Wno-missing-prototypes -Wno-return-type -Wno-implicit-atomic-properties -Wno-objc-interface-ivars -Wno-arc-repeated-use-of-weak -Wno-missing-braces -Wparentheses -Wswitch -Wno-unused-function -Wno-unused-label -Wno-unused-parameter -Wno-unused-variable -Wunused-value -Wno-empty-body -Wno-uninitialized -Wno-unknown-pragmas -Wno-shadow -Wno-four-char-constants -Wno-conversion -Wno-constant-conversion -Wno-int-conversion -Wno-bool-conversion -Wno-enum-conversion -Wno-float-conversion -Wno-non-literal-null-conversion -Wno-objc-literal-conversion -Wshorten-64-to-32 -Wpointer-sign -Wno-newline-eof -Wno-selector -Wno-strict-selector-match -Wno-undeclared-selector -Wno-deprecated-implementations -Wno-implicit-fallthrough -isysroot /Applications/Xcode.app/Contents/Developer/Platforms/MacOSX.platform/Developer/SDKs/MacOSX27.0.sdk -fstrict-aliasing -Wprotocol -Wdeprecated-declarations -Wno-sign-conversion -Wno-infinite-recursion -Wno-comma -Wno-block-capture-autoreleasing -Wno-strict-prototypes -Wno-semicolon-before-method-body -index-store-path /Users/buddhirajgautam/Library/Developer/Xcode/DerivedData/Telegram-Mac-fygdgghdgmuleoelvxabfmqiotta/Index.noindex/DataStore @/Users/buddhirajgautam/Library/Developer/Xcode/DerivedData/Telegram-Mac-fygdgghdgmuleoelvxabfmqiotta/Build/Intermediates.noindex/MtProtoKit.build/Debug/MtProtoKit-t.build/Objects-normal/arm64/e6072d4f65d7061329687fe24e3d63a7-common-args.resp -MMD -MT dependencies -MF /Users/buddhirajgautam/Library/Developer/Xcode/DerivedData/Telegram-Mac-fygdgghdgmuleoelvxabfmqiotta/Build/Intermediates.noindex/MtProtoKit.build/Debug/MtProtoKit-t.build/Objects-normal/arm64/MTServerDhParamsMessage.d --serialize-diagnostics /Users/buddhirajgautam/Library/Developer/Xcode/DerivedData/Telegram-Mac-fygdgghdgmuleoelvxabfmqiotta/Build/Intermediates.noindex/MtProtoKit.build/Debug/MtProtoKit-t.build/Objects-normal/arm64/MTServerDhParamsMessage.dia -c /Users/buddhirajgautam/Documents/Cherrygram-Mac/macOS-Swift/submodules/telegram-ios/submodules/MtProtoKit/Sources/MTServerDhParamsMessage.m -o /Users/buddhirajgautam/Library/Developer/Xcode/DerivedData/Telegram-Mac-fygdgghdgmuleoelvxabfmqiotta/Build/Intermediates.noindex/MtProtoKit.build/Debug/MtProtoKit-t.build/Objects-normal/arm64/MTServerDhParamsMessage.o -index-unit-output-path /MtProtoKit.build/Debug/MtProtoKit-t.build/Objects-normal/arm64/MTServerDhParamsMessage.o

CompileC /Users/buddhirajgautam/Library/Developer/Xcode/DerivedData/Telegram-Mac-fygdgghdgmuleoelvxabfmqiotta/Build/Intermediates.noindex/MtProtoKit.build/Debug/MtProtoKit-t.build/Objects-normal/arm64/MTServerDhInnerDataMessage.o /Users/buddhirajgautam/Documents/Cherrygram-Mac/macOS-Swift/submodules/telegram-ios/submodules/MtProtoKit/Sources/MTServerDhInnerDataMessage.m normal arm64 objective-c com.apple.compilers.llvm.clang.1_0.compiler (in target 'MtProtoKit' from project 'MtProtoKit')
    cd /Users/buddhirajgautam/Documents/Cherrygram-Mac/macOS-Swift
    
    Using response file: /Users/buddhirajgautam/Library/Developer/Xcode/DerivedData/Telegram-Mac-fygdgghdgmuleoelvxabfmqiotta/Build/Intermediates.noindex/MtProtoKit.build/Debug/MtProtoKit-t.build/Objects-normal/arm64/e6072d4f65d7061329687fe24e3d63a7-common-args.resp
    
    /Applications/Xcode.app/Contents/Developer/Toolchains/XcodeDefault.xctoolchain/usr/bin/clang -x objective-c -ivfsstatcache /Users/buddhirajgautam/Library/Developer/Xcode/DerivedData/SDKStatCaches.noindex/macosx27.0-26A425-e829b21a6f8c9b70876ba0858053c0447231f6df4def33e022ae2eb8f782df1a.sdkstatcache -target arm64-apple-macos12.0 -fmessage-length\=0 -fdiagnostics-show-note-include-stack -fmacro-backtrace-limit\=0 -fno-color-diagnostics -fmodules-prune-interval\=86400 -fmodules-prune-after\=345600 -fbuild-session-file\=/Users/buddhirajgautam/Library/Developer/Xcode/DerivedData/ModuleCache.noindex/Session.modulevalidation -fmodules-validate-once-per-build-session -Wnon-modular-include-in-framework-module -Werror\=non-modular-include-in-framework-module -Wno-trigraphs -Wno-missing-field-initializers -Wno-missing-prototypes -Wno-return-type -Wno-implicit-atomic-properties -Wno-objc-interface-ivars -Wno-arc-repeated-use-of-weak -Wno-missing-braces -Wparentheses -Wswitch -Wno-unused-function -Wno-unused-label -Wno-unused-parameter -Wno-unused-variable -Wunused-value -Wno-empty-body -Wno-uninitialized -Wno-unknown-pragmas -Wno-shadow -Wno-four-char-constants -Wno-conversion -Wno-constant-conversion -Wno-int-conversion -Wno-bool-conversion -Wno-enum-conversion -Wno-float-conversion -Wno-non-literal-null-conversion -Wno-objc-literal-conversion -Wshorten-64-to-32 -Wpointer-sign -Wno-newline-eof -Wno-selector -Wno-strict-selector-match -Wno-undeclared-selector -Wno-deprecated-implementations -Wno-implicit-fallthrough -isysroot /Applications/Xcode.app/Contents/Developer/Platforms/MacOSX.platform/Developer/SDKs/MacOSX27.0.sdk -fstrict-aliasing -Wprotocol -Wdeprecated-declarations -Wno-sign-conversion -Wno-infinite-recursion -Wno-comma -Wno-block-capture-autoreleasing -Wno-strict-prototypes -Wno-semicolon-before-method-body -index-store-path /Users/buddhirajgautam/Library/Developer/Xcode/DerivedData/Telegram-Mac-fygdgghdgmuleoelvxabfmqiotta/Index.noindex/DataStore @/Users/buddhirajgautam/Library/Developer/Xcode/DerivedData/Telegram-Mac-fygdgghdgmuleoelvxabfmqiotta/Build/Intermediates.noindex/MtProtoKit.build/Debug/MtProtoKit-t.build/Objects-normal/arm64/e6072d4f65d7061329687fe24e3d63a7-common-args.resp -MMD -MT dependencies -MF /Users/buddhirajgautam/Library/Developer/Xcode/DerivedData/Telegram-Mac-fygdgghdgmuleoelvxabfmqiotta/Build/Intermediates.noindex/MtProtoKit.build/Debug/MtProtoKit-t.build/Objects-normal/arm64/MTServerDhInnerDataMessage.d --serialize-diagnostics /Users/buddhirajgautam/Library/Developer/Xcode/DerivedData/Telegram-Mac-fygdgghdgmuleoelvxabfmqiotta/Build/Intermediates.noindex/MtProtoKit.build/Debug/MtProtoKit-t.build/Objects-normal/arm64/MTServerDhInnerDataMessage.dia -c /Users/buddhirajgautam/Documents/Cherrygram-Mac/macOS-Swift/submodules/telegram-ios/submodules/MtProtoKit/Sources/MTServerDhInnerDataMessage.m -o /Users/buddhirajgautam/Library/Developer/Xcode/DerivedData/Telegram-Mac-fygdgghdgmuleoelvxabfmqiotta/Build/Intermediates.noindex/MtProtoKit.build/Debug/MtProtoKit-t.build/Objects-normal/arm64/MTServerDhInnerDataMessage.o -index-unit-output-path /MtProtoKit.build/Debug/MtProtoKit-t.build/Objects-normal/arm64/MTServerDhInnerDataMessage.o

ScanDependencies /Users/buddhirajgautam/Library/Developer/Xcode/DerivedData/Telegram-Mac-fygdgghdgmuleoelvxabfmqiotta/Build/Intermediates.noindex/MtProtoKit.build/Debug/MtProtoKit-t.build/Objects-normal/arm64/MTRsa.o /Users/buddhirajgautam/Documents/Cherrygram-Mac/macOS-Swift/submodules/telegram-ios/submodules/MtProtoKit/Sources/MTRsa.m normal arm64 objective-c com.apple.compilers.llvm.clang.1_0.compiler (in target 'MtProtoKit' from project 'MtProtoKit')
    cd /Users/buddhirajgautam/Documents/Cherrygram-Mac/macOS-Swift
    
    Using response file: /Users/buddhirajgautam/Library/Developer/Xcode/DerivedData/Telegram-Mac-fygdgghdgmuleoelvxabfmqiotta/Build/Intermediates.noindex/MtProtoKit.build/Debug/MtProtoKit-t.build/Objects-normal/arm64/e6072d4f65d7061329687fe24e3d63a7-common-args.resp
    
    builtin-ScanDependencies -o /Users/buddhirajgautam/Library/Developer/Xcode/DerivedData/Telegram-Mac-fygdgghdgmuleoelvxabfmqiotta/Build/Intermediates.noindex/MtProtoKit.build/Debug/MtProtoKit-t.build/Objects-normal/arm64/MTRsa.o.scan -- /Applications/Xcode.app/Contents/Developer/Toolchains/XcodeDefault.xctoolchain/usr/bin/clang -x objective-c -ivfsstatcache /Users/buddhirajgautam/Library/Developer/Xcode/DerivedData/SDKStatCaches.noindex/macosx27.0-26A425-e829b21a6f8c9b70876ba0858053c0447231f6df4def33e022ae2eb8f782df1a.sdkstatcache -target arm64-apple-macos12.0 -fmessage-length\=0 -fdiagnostics-show-note-include-stack -fmacro-backtrace-limit\=0 -fno-color-diagnostics -fmodules-prune-interval\=86400 -fmodules-prune-after\=345600 -fbuild-session-file\=/Users/buddhirajgautam/Library/Developer/Xcode/DerivedData/ModuleCache.noindex/Session.modulevalidation -fmodules-validate-once-per-build-session -Wnon-modular-include-in-framework-module -Werror\=non-modular-include-in-framework-module -Wno-trigraphs -Wno-missing-field-initializers -Wno-missing-prototypes -Wno-return-type -Wno-implicit-atomic-properties -Wno-objc-interface-ivars -Wno-arc-repeated-use-of-weak -Wno-missing-braces -Wparentheses -Wswitch -Wno-unused-function -Wno-unused-label -Wno-unused-parameter -Wno-unused-variable -Wunused-value -Wno-empty-body -Wno-uninitialized -Wno-unknown-pragmas -Wno-shadow -Wno-four-char-constants -Wno-conversion -Wno-constant-conversion -Wno-int-conversion -Wno-bool-conversion -Wno-enum-conversion -Wno-float-conversion -Wno-non-literal-null-conversion -Wno-objc-literal-conversion -Wshorten-64-to-32 -Wpointer-sign -Wno-newline-eof -Wno-selector -Wno-strict-selector-match -Wno-undeclared-selector -Wno-deprecated-implementations -Wno-implicit-fallthrough -isysroot /Applications/Xcode.app/Contents/Developer/Platforms/MacOSX.platform/Developer/SDKs/MacOSX27.0.sdk -fstrict-aliasing -Wprotocol -Wdeprecated-declarations -Wno-sign-conversion -Wno-infinite-recursion -Wno-comma -Wno-block-capture-autoreleasing -Wno-strict-prototypes -Wno-semicolon-before-method-body -index-store-path /Users/buddhirajgautam/Library/Developer/Xcode/DerivedData/Telegram-Mac-fygdgghdgmuleoelvxabfmqiotta/Index.noindex/DataStore @/Users/buddhirajgautam/Library/Developer/Xcode/DerivedData/Telegram-Mac-fygdgghdgmuleoelvxabfmqiotta/Build/Intermediates.noindex/MtProtoKit.build/Debug/MtProtoKit-t.build/Objects-normal/arm64/e6072d4f65d7061329687fe24e3d63a7-common-args.resp -MMD -MT dependencies -MF /Users/buddhirajgautam/Library/Developer/Xcode/DerivedData/Telegram-Mac-fygdgghdgmuleoelvxabfmqiotta/Build/Intermediates.noindex/MtProtoKit.build/Debug/MtProtoKit-t.build/Objects-normal/arm64/MTRsa.d --serialize-diagnostics /Users/buddhirajgautam/Library/Developer/Xcode/DerivedData/Telegram-Mac-fygdgghdgmuleoelvxabfmqiotta/Build/Intermediates.noindex/MtProtoKit.build/Debug/MtProtoKit-t.build/Objects-normal/arm64/MTRsa.dia -c /Users/buddhirajgautam/Documents/Cherrygram-Mac/macOS-Swift/submodules/telegram-ios/submodules/MtProtoKit/Sources/MTRsa.m -o /Users/buddhirajgautam/Library/Developer/Xcode/DerivedData/Telegram-Mac-fygdgghdgmuleoelvxabfmqiotta/Build/Intermediates.noindex/MtProtoKit.build/Debug/MtProtoKit-t.build/Objects-normal/arm64/MTRsa.o -index-unit-output-path /MtProtoKit.build/Debug/MtProtoKit-t.build/Objects-normal/arm64/MTRsa.o

ScanDependencies /Users/buddhirajgautam/Library/Developer/Xcode/DerivedData/Telegram-Mac-fygdgghdgmuleoelvxabfmqiotta/Build/Intermediates.noindex/MtProtoKit.build/Debug/MtProtoKit-t.build/Objects-normal/arm64/MTRpcResultMessage.o /Users/buddhirajgautam/Documents/Cherrygram-Mac/macOS-Swift/submodules/telegram-ios/submodules/MtProtoKit/Sources/MTRpcResultMessage.m normal arm64 objective-c com.apple.compilers.llvm.clang.1_0.compiler (in target 'MtProtoKit' from project 'MtProtoKit')
    cd /Users/buddhirajgautam/Documents/Cherrygram-Mac/macOS-Swift
    
    Using response file: /Users/buddhirajgautam/Library/Developer/Xcode/DerivedData/Telegram-Mac-fygdgghdgmuleoelvxabfmqiotta/Build/Intermediates.noindex/MtProtoKit.build/Debug/MtProtoKit-t.build/Objects-normal/arm64/e6072d4f65d7061329687fe24e3d63a7-common-args.resp
    
    builtin-ScanDependencies -o /Users/buddhirajgautam/Library/Developer/Xcode/DerivedData/Telegram-Mac-fygdgghdgmuleoelvxabfmqiotta/Build/Intermediates.noindex/MtProtoKit.build/Debug/MtProtoKit-t.build/Objects-normal/arm64/MTRpcResultMessage.o.scan -- /Applications/Xcode.app/Contents/Developer/Toolchains/XcodeDefault.xctoolchain/usr/bin/clang -x objective-c -ivfsstatcache /Users/buddhirajgautam/Library/Developer/Xcode/DerivedData/SDKStatCaches.noindex/macosx27.0-26A425-e829b21a6f8c9b70876ba0858053c0447231f6df4def33e022ae2eb8f782df1a.sdkstatcache -target arm64-apple-macos12.0 -fmessage-length\=0 -fdiagnostics-show-note-include-stack -fmacro-backtrace-limit\=0 -fno-color-diagnostics -fmodules-prune-interval\=86400 -fmodules-prune-after\=345600 -fbuild-session-file\=/Users/buddhirajgautam/Library/Developer/Xcode/DerivedData/ModuleCache.noindex/Session.modulevalidation -fmodules-validate-once-per-build-session -Wnon-modular-include-in-framework-module -Werror\=non-modular-include-in-framework-module -Wno-trigraphs -Wno-missing-field-initializers -Wno-missing-prototypes -Wno-return-type -Wno-implicit-atomic-properties -Wno-objc-interface-ivars -Wno-arc-repeated-use-of-weak -Wno-missing-braces -Wparentheses -Wswitch -Wno-unused-function -Wno-unused-label -Wno-unused-parameter -Wno-unused-variable -Wunused-value -Wno-empty-body -Wno-uninitialized -Wno-unknown-pragmas -Wno-shadow -Wno-four-char-constants -Wno-conversion -Wno-constant-conversion -Wno-int-conversion -Wno-bool-conversion -Wno-enum-conversion -Wno-float-conversion -Wno-non-literal-null-conversion -Wno-objc-literal-conversion -Wshorten-64-to-32 -Wpointer-sign -Wno-newline-eof -Wno-selector -Wno-strict-selector-match -Wno-undeclared-selector -Wno-deprecated-implementations -Wno-implicit-fallthrough -isysroot /Applications/Xcode.app/Contents/Developer/Platforms/MacOSX.platform/Developer/SDKs/MacOSX27.0.sdk -fstrict-aliasing -Wprotocol -Wdeprecated-declarations -Wno-sign-conversion -Wno-infinite-recursion -Wno-comma -Wno-block-capture-autoreleasing -Wno-strict-prototypes -Wno-semicolon-before-method-body -index-store-path /Users/buddhirajgautam/Library/Developer/Xcode/DerivedData/Telegram-Mac-fygdgghdgmuleoelvxabfmqiotta/Index.noindex/DataStore @/Users/buddhirajgautam/Library/Developer/Xcode/DerivedData/Telegram-Mac-fygdgghdgmuleoelvxabfmqiotta/Build/Intermediates.noindex/MtProtoKit.build/Debug/MtProtoKit-t.build/Objects-normal/arm64/e6072d4f65d7061329687fe24e3d63a7-common-args.resp -MMD -MT dependencies -MF /Users/buddhirajgautam/Library/Developer/Xcode/DerivedData/Telegram-Mac-fygdgghdgmuleoelvxabfmqiotta/Build/Intermediates.noindex/MtProtoKit.build/Debug/MtProtoKit-t.build/Objects-normal/arm64/MTRpcResultMessage.d --serialize-diagnostics /Users/buddhirajgautam/Library/Developer/Xcode/DerivedData/Telegram-Mac-fygdgghdgmuleoelvxabfmqiotta/Build/Intermediates.noindex/MtProtoKit.build/Debug/MtProtoKit-t.build/Objects-normal/arm64/MTRpcResultMessage.dia -c /Users/buddhirajgautam/Documents/Cherrygram-Mac/macOS-Swift/submodules/telegram-ios/submodules/MtProtoKit/Sources/MTRpcResultMessage.m -o /Users/buddhirajgautam/Library/Developer/Xcode/DerivedData/Telegram-Mac-fygdgghdgmuleoelvxabfmqiotta/Build/Intermediates.noindex/MtProtoKit.build/Debug/MtProtoKit-t.build/Objects-normal/arm64/MTRpcResultMessage.o -index-unit-output-path /MtProtoKit.build/Debug/MtProtoKit-t.build/Objects-normal/arm64/MTRpcResultMessage.o

ScanDependencies /Users/buddhirajgautam/Library/Developer/Xcode/DerivedData/Telegram-Mac-fygdgghdgmuleoelvxabfmqiotta/Build/Intermediates.noindex/MtProtoKit.build/Debug/MtProtoKit-t.build/Objects-normal/arm64/MTRpcError.o /Users/buddhirajgautam/Documents/Cherrygram-Mac/macOS-Swift/submodules/telegram-ios/submodules/MtProtoKit/Sources/MTRpcError.m normal arm64 objective-c com.apple.compilers.llvm.clang.1_0.compiler (in target 'MtProtoKit' from project 'MtProtoKit')
    cd /Users/buddhirajgautam/Documents/Cherrygram-Mac/macOS-Swift
    
    Using response file: /Users/buddhirajgautam/Library/Developer/Xcode/DerivedData/Telegram-Mac-fygdgghdgmuleoelvxabfmqiotta/Build/Intermediates.noindex/MtProtoKit.build/Debug/MtProtoKit-t.build/Objects-normal/arm64/e6072d4f65d7061329687fe24e3d63a7-common-args.resp
    
    builtin-ScanDependencies -o /Users/buddhirajgautam/Library/Developer/Xcode/DerivedData/Telegram-Mac-fygdgghdgmuleoelvxabfmqiotta/Build/Intermediates.noindex/MtProtoKit.build/Debug/MtProtoKit-t.build/Objects-normal/arm64/MTRpcError.o.scan -- /Applications/Xcode.app/Contents/Developer/Toolchains/XcodeDefault.xctoolchain/usr/bin/clang -x objective-c -ivfsstatcache /Users/buddhirajgautam/Library/Developer/Xcode/DerivedData/SDKStatCaches.noindex/macosx27.0-26A425-e829b21a6f8c9b70876ba0858053c0447231f6df4def33e022ae2eb8f782df1a.sdkstatcache -target arm64-apple-macos12.0 -fmessage-length\=0 -fdiagnostics-show-note-include-stack -fmacro-backtrace-limit\=0 -fno-color-diagnostics -fmodules-prune-interval\=86400 -fmodules-prune-after\=345600 -fbuild-session-file\=/Users/buddhirajgautam/Library/Developer/Xcode/DerivedData/ModuleCache.noindex/Session.modulevalidation -fmodules-validate-once-per-build-session -Wnon-modular-include-in-framework-module -Werror\=non-modular-include-in-framework-module -Wno-trigraphs -Wno-missing-field-initializers -Wno-missing-prototypes -Wno-return-type -Wno-implicit-atomic-properties -Wno-objc-interface-ivars -Wno-arc-repeated-use-of-weak -Wno-missing-braces -Wparentheses -Wswitch -Wno-unused-function -Wno-unused-label -Wno-unused-parameter -Wno-unused-variable -Wunused-value -Wno-empty-body -Wno-uninitialized -Wno-unknown-pragmas -Wno-shadow -Wno-four-char-constants -Wno-conversion -Wno-constant-conversion -Wno-int-conversion -Wno-bool-conversion -Wno-enum-conversion -Wno-float-conversion -Wno-non-literal-null-conversion -Wno-objc-literal-conversion -Wshorten-64-to-32 -Wpointer-sign -Wno-newline-eof -Wno-selector -Wno-strict-selector-match -Wno-undeclared-selector -Wno-deprecated-implementations -Wno-implicit-fallthrough -isysroot /Applications/Xcode.app/Contents/Developer/Platforms/MacOSX.platform/Developer/SDKs/MacOSX27.0.sdk -fstrict-aliasing -Wprotocol -Wdeprecated-declarations -Wno-sign-conversion -Wno-infinite-recursion -Wno-comma -Wno-block-capture-autoreleasing -Wno-strict-prototypes -Wno-semicolon-before-method-body -index-store-path /Users/buddhirajgautam/Library/Developer/Xcode/DerivedData/Telegram-Mac-fygdgghdgmuleoelvxabfmqiotta/Index.noindex/DataStore @/Users/buddhirajgautam/Library/Developer/Xcode/DerivedData/Telegram-Mac-fygdgghdgmuleoelvxabfmqiotta/Build/Intermediates.noindex/MtProtoKit.build/Debug/MtProtoKit-t.build/Objects-normal/arm64/e6072d4f65d7061329687fe24e3d63a7-common-args.resp -MMD -MT dependencies -MF /Users/buddhirajgautam/Library/Developer/Xcode/DerivedData/Telegram-Mac-fygdgghdgmuleoelvxabfmqiotta/Build/Intermediates.noindex/MtProtoKit.build/Debug/MtProtoKit-t.build/Objects-normal/arm64/MTRpcError.d --serialize-diagnostics /Users/buddhirajgautam/Library/Developer/Xcode/DerivedData/Telegram-Mac-fygdgghdgmuleoelvxabfmqiotta/Build/Intermediates.noindex/MtProtoKit.build/Debug/MtProtoKit-t.build/Objects-normal/arm64/MTRpcError.dia -c /Users/buddhirajgautam/Documents/Cherrygram-Mac/macOS-Swift/submodules/telegram-ios/submodules/MtProtoKit/Sources/MTRpcError.m -o /Users/buddhirajgautam/Library/Developer/Xcode/DerivedData/Telegram-Mac-fygdgghdgmuleoelvxabfmqiotta/Build/Intermediates.noindex/MtProtoKit.build/Debug/MtProtoKit-t.build/Objects-normal/arm64/MTRpcError.o -index-unit-output-path /MtProtoKit.build/Debug/MtProtoKit-t.build/Objects-normal/arm64/MTRpcError.o

ScanDependencies /Users/buddhirajgautam/Library/Developer/Xcode/DerivedData/Telegram-Mac-fygdgghdgmuleoelvxabfmqiotta/Build/Intermediates.noindex/MtProtoKit.build/Debug/MtProtoKit-t.build/Objects-normal/arm64/MTResendMessageService.o /Users/buddhirajgautam/Documents/Cherrygram-Mac/macOS-Swift/submodules/telegram-ios/submodules/MtProtoKit/Sources/MTResendMessageService.m normal arm64 objective-c com.apple.compilers.llvm.clang.1_0.compiler (in target 'MtProtoKit' from project 'MtProtoKit')
    cd /Users/buddhirajgautam/Documents/Cherrygram-Mac/macOS-Swift
    
    Using response file: /Users/buddhirajgautam/Library/Developer/Xcode/DerivedData/Telegram-Mac-fygdgghdgmuleoelvxabfmqiotta/Build/Intermediates.noindex/MtProtoKit.build/Debug/MtProtoKit-t.build/Objects-normal/arm64/e6072d4f65d7061329687fe24e3d63a7-common-args.resp
    
    builtin-ScanDependencies -o /Users/buddhirajgautam/Library/Developer/Xcode/DerivedData/Telegram-Mac-fygdgghdgmuleoelvxabfmqiotta/Build/Intermediates.noindex/MtProtoKit.build/Debug/MtProtoKit-t.build/Objects-normal/arm64/MTResendMessageService.o.scan -- /Applications/Xcode.app/Contents/Developer/Toolchains/XcodeDefault.xctoolchain/usr/bin/clang -x objective-c -ivfsstatcache /Users/buddhirajgautam/Library/Developer/Xcode/DerivedData/SDKStatCaches.noindex/macosx27.0-26A425-e829b21a6f8c9b70876ba0858053c0447231f6df4def33e022ae2eb8f782df1a.sdkstatcache -target arm64-apple-macos12.0 -fmessage-length\=0 -fdiagnostics-show-note-include-stack -fmacro-backtrace-limit\=0 -fno-color-diagnostics -fmodules-prune-interval\=86400 -fmodules-prune-after\=345600 -fbuild-session-file\=/Users/buddhirajgautam/Library/Developer/Xcode/DerivedData/ModuleCache.noindex/Session.modulevalidation -fmodules-validate-once-per-build-session -Wnon-modular-include-in-framework-module -Werror\=non-modular-include-in-framework-module -Wno-trigraphs -Wno-missing-field-initializers -Wno-missing-prototypes -Wno-return-type -Wno-implicit-atomic-properties -Wno-objc-interface-ivars -Wno-arc-repeated-use-of-weak -Wno-missing-braces -Wparentheses -Wswitch -Wno-unused-function -Wno-unused-label -Wno-unused-parameter -Wno-unused-variable -Wunused-value -Wno-empty-body -Wno-uninitialized -Wno-unknown-pragmas -Wno-shadow -Wno-four-char-constants -Wno-conversion -Wno-constant-conversion -Wno-int-conversion -Wno-bool-conversion -Wno-enum-conversion -Wno-float-conversion -Wno-non-literal-null-conversion -Wno-objc-literal-conversion -Wshorten-64-to-32 -Wpointer-sign -Wno-newline-eof -Wno-selector -Wno-strict-selector-match -Wno-undeclared-selector -Wno-deprecated-implementations -Wno-implicit-fallthrough -isysroot /Applications/Xcode.app/Contents/Developer/Platforms/MacOSX.platform/Developer/SDKs/MacOSX27.0.sdk -fstrict-aliasing -Wprotocol -Wdeprecated-declarations -Wno-sign-conversion -Wno-infinite-recursion -Wno-comma -Wno-block-capture-autoreleasing -Wno-strict-prototypes -Wno-semicolon-before-method-body -index-store-path /Users/buddhirajgautam/Library/Developer/Xcode/DerivedData/Telegram-Mac-fygdgghdgmuleoelvxabfmqiotta/Index.noindex/DataStore @/Users/buddhirajgautam/Library/Developer/Xcode/DerivedData/Telegram-Mac-fygdgghdgmuleoelvxabfmqiotta/Build/Intermediates.noindex/MtProtoKit.build/Debug/MtProtoKit-t.build/Objects-normal/arm64/e6072d4f65d7061329687fe24e3d63a7-common-args.resp -MMD -MT dependencies -MF /Users/buddhirajgautam/Library/Developer/Xcode/DerivedData/Telegram-Mac-fygdgghdgmuleoelvxabfmqiotta/Build/Intermediates.noindex/MtProtoKit.build/Debug/MtProtoKit-t.build/Objects-normal/arm64/MTResendMessageService.d --serialize-diagnostics /Users/buddhirajgautam/Library/Developer/Xcode/DerivedData/Telegram-Mac-fygdgghdgmuleoelvxabfmqiotta/Build/Intermediates.noindex/MtProtoKit.build/Debug/MtProtoKit-t.build/Objects-normal/arm64/MTResendMessageService.dia -c /Users/buddhirajgautam/Documents/Cherrygram-Mac/macOS-Swift/submodules/telegram-ios/submodules/MtProtoKit/Sources/MTResendMessageService.m -o /Users/buddhirajgautam/Library/Developer/Xcode/DerivedData/Telegram-Mac-fygdgghdgmuleoelvxabfmqiotta/Build/Intermediates.noindex/MtProtoKit.build/Debug/MtProtoKit-t.build/Objects-normal/arm64/MTResendMessageService.o -index-unit-output-path /MtProtoKit.build/Debug/MtProtoKit-t.build/Objects-normal/arm64/MTResendMessageService.o

CompileC /Users/buddhirajgautam/Library/Developer/Xcode/DerivedData/Telegram-Mac-fygdgghdgmuleoelvxabfmqiotta/Build/Intermediates.noindex/MtProtoKit.build/Debug/MtProtoKit-t.build/Objects-normal/arm64/MTRsa.o /Users/buddhirajgautam/Documents/Cherrygram-Mac/macOS-Swift/submodules/telegram-ios/submodules/MtProtoKit/Sources/MTRsa.m normal arm64 objective-c com.apple.compilers.llvm.clang.1_0.compiler (in target 'MtProtoKit' from project 'MtProtoKit')
    cd /Users/buddhirajgautam/Documents/Cherrygram-Mac/macOS-Swift
    
    Using response file: /Users/buddhirajgautam/Library/Developer/Xcode/DerivedData/Telegram-Mac-fygdgghdgmuleoelvxabfmqiotta/Build/Intermediates.noindex/MtProtoKit.build/Debug/MtProtoKit-t.build/Objects-normal/arm64/e6072d4f65d7061329687fe24e3d63a7-common-args.resp
    
    /Applications/Xcode.app/Contents/Developer/Toolchains/XcodeDefault.xctoolchain/usr/bin/clang -x objective-c -ivfsstatcache /Users/buddhirajgautam/Library/Developer/Xcode/DerivedData/SDKStatCaches.noindex/macosx27.0-26A425-e829b21a6f8c9b70876ba0858053c0447231f6df4def33e022ae2eb8f782df1a.sdkstatcache -target arm64-apple-macos12.0 -fmessage-length\=0 -fdiagnostics-show-note-include-stack -fmacro-backtrace-limit\=0 -fno-color-diagnostics -fmodules-prune-interval\=86400 -fmodules-prune-after\=345600 -fbuild-session-file\=/Users/buddhirajgautam/Library/Developer/Xcode/DerivedData/ModuleCache.noindex/Session.modulevalidation -fmodules-validate-once-per-build-session -Wnon-modular-include-in-framework-module -Werror\=non-modular-include-in-framework-module -Wno-trigraphs -Wno-missing-field-initializers -Wno-missing-prototypes -Wno-return-type -Wno-implicit-atomic-properties -Wno-objc-interface-ivars -Wno-arc-repeated-use-of-weak -Wno-missing-braces -Wparentheses -Wswitch -Wno-unused-function -Wno-unused-label -Wno-unused-parameter -Wno-unused-variable -Wunused-value -Wno-empty-body -Wno-uninitialized -Wno-unknown-pragmas -Wno-shadow -Wno-four-char-constants -Wno-conversion -Wno-constant-conversion -Wno-int-conversion -Wno-bool-conversion -Wno-enum-conversion -Wno-float-conversion -Wno-non-literal-null-conversion -Wno-objc-literal-conversion -Wshorten-64-to-32 -Wpointer-sign -Wno-newline-eof -Wno-selector -Wno-strict-selector-match -Wno-undeclared-selector -Wno-deprecated-implementations -Wno-implicit-fallthrough -isysroot /Applications/Xcode.app/Contents/Developer/Platforms/MacOSX.platform/Developer/SDKs/MacOSX27.0.sdk -fstrict-aliasing -Wprotocol -Wdeprecated-declarations -Wno-sign-conversion -Wno-infinite-recursion -Wno-comma -Wno-block-capture-autoreleasing -Wno-strict-prototypes -Wno-semicolon-before-method-body -index-store-path /Users/buddhirajgautam/Library/Developer/Xcode/DerivedData/Telegram-Mac-fygdgghdgmuleoelvxabfmqiotta/Index.noindex/DataStore @/Users/buddhirajgautam/Library/Developer/Xcode/DerivedData/Telegram-Mac-fygdgghdgmuleoelvxabfmqiotta/Build/Intermediates.noindex/MtProtoKit.build/Debug/MtProtoKit-t.build/Objects-normal/arm64/e6072d4f65d7061329687fe24e3d63a7-common-args.resp -MMD -MT dependencies -MF /Users/buddhirajgautam/Library/Developer/Xcode/DerivedData/Telegram-Mac-fygdgghdgmuleoelvxabfmqiotta/Build/Intermediates.noindex/MtProtoKit.build/Debug/MtProtoKit-t.build/Objects-normal/arm64/MTRsa.d --serialize-diagnostics /Users/buddhirajgautam/Library/Developer/Xcode/DerivedData/Telegram-Mac-fygdgghdgmuleoelvxabfmqiotta/Build/Intermediates.noindex/MtProtoKit.build/Debug/MtProtoKit-t.build/Objects-normal/arm64/MTRsa.dia -c /Users/buddhirajgautam/Documents/Cherrygram-Mac/macOS-Swift/submodules/telegram-ios/submodules/MtProtoKit/Sources/MTRsa.m -o /Users/buddhirajgautam/Library/Developer/Xcode/DerivedData/Telegram-Mac-fygdgghdgmuleoelvxabfmqiotta/Build/Intermediates.noindex/MtProtoKit.build/Debug/MtProtoKit-t.build/Objects-normal/arm64/MTRsa.o -index-unit-output-path /MtProtoKit.build/Debug/MtProtoKit-t.build/Objects-normal/arm64/MTRsa.o

CompileC /Users/buddhirajgautam/Library/Developer/Xcode/DerivedData/Telegram-Mac-fygdgghdgmuleoelvxabfmqiotta/Build/Intermediates.noindex/MtProtoKit.build/Debug/MtProtoKit-t.build/Objects-normal/arm64/MTRpcResultMessage.o /Users/buddhirajgautam/Documents/Cherrygram-Mac/macOS-Swift/submodules/telegram-ios/submodules/MtProtoKit/Sources/MTRpcResultMessage.m normal arm64 objective-c com.apple.compilers.llvm.clang.1_0.compiler (in target 'MtProtoKit' from project 'MtProtoKit')
    cd /Users/buddhirajgautam/Documents/Cherrygram-Mac/macOS-Swift
    
    Using response file: /Users/buddhirajgautam/Library/Developer/Xcode/DerivedData/Telegram-Mac-fygdgghdgmuleoelvxabfmqiotta/Build/Intermediates.noindex/MtProtoKit.build/Debug/MtProtoKit-t.build/Objects-normal/arm64/e6072d4f65d7061329687fe24e3d63a7-common-args.resp
    
    /Applications/Xcode.app/Contents/Developer/Toolchains/XcodeDefault.xctoolchain/usr/bin/clang -x objective-c -ivfsstatcache /Users/buddhirajgautam/Library/Developer/Xcode/DerivedData/SDKStatCaches.noindex/macosx27.0-26A425-e829b21a6f8c9b70876ba0858053c0447231f6df4def33e022ae2eb8f782df1a.sdkstatcache -target arm64-apple-macos12.0 -fmessage-length\=0 -fdiagnostics-show-note-include-stack -fmacro-backtrace-limit\=0 -fno-color-diagnostics -fmodules-prune-interval\=86400 -fmodules-prune-after\=345600 -fbuild-session-file\=/Users/buddhirajgautam/Library/Developer/Xcode/DerivedData/ModuleCache.noindex/Session.modulevalidation -fmodules-validate-once-per-build-session -Wnon-modular-include-in-framework-module -Werror\=non-modular-include-in-framework-module -Wno-trigraphs -Wno-missing-field-initializers -Wno-missing-prototypes -Wno-return-type -Wno-implicit-atomic-properties -Wno-objc-interface-ivars -Wno-arc-repeated-use-of-weak -Wno-missing-braces -Wparentheses -Wswitch -Wno-unused-function -Wno-unused-label -Wno-unused-parameter -Wno-unused-variable -Wunused-value -Wno-empty-body -Wno-uninitialized -Wno-unknown-pragmas -Wno-shadow -Wno-four-char-constants -Wno-conversion -Wno-constant-conversion -Wno-int-conversion -Wno-bool-conversion -Wno-enum-conversion -Wno-float-conversion -Wno-non-literal-null-conversion -Wno-objc-literal-conversion -Wshorten-64-to-32 -Wpointer-sign -Wno-newline-eof -Wno-selector -Wno-strict-selector-match -Wno-undeclared-selector -Wno-deprecated-implementations -Wno-implicit-fallthrough -isysroot /Applications/Xcode.app/Contents/Developer/Platforms/MacOSX.platform/Developer/SDKs/MacOSX27.0.sdk -fstrict-aliasing -Wprotocol -Wdeprecated-declarations -Wno-sign-conversion -Wno-infinite-recursion -Wno-comma -Wno-block-capture-autoreleasing -Wno-strict-prototypes -Wno-semicolon-before-method-body -index-store-path /Users/buddhirajgautam/Library/Developer/Xcode/DerivedData/Telegram-Mac-fygdgghdgmuleoelvxabfmqiotta/Index.noindex/DataStore @/Users/buddhirajgautam/Library/Developer/Xcode/DerivedData/Telegram-Mac-fygdgghdgmuleoelvxabfmqiotta/Build/Intermediates.noindex/MtProtoKit.build/Debug/MtProtoKit-t.build/Objects-normal/arm64/e6072d4f65d7061329687fe24e3d63a7-common-args.resp -MMD -MT dependencies -MF /Users/buddhirajgautam/Library/Developer/Xcode/DerivedData/Telegram-Mac-fygdgghdgmuleoelvxabfmqiotta/Build/Intermediates.noindex/MtProtoKit.build/Debug/MtProtoKit-t.build/Objects-normal/arm64/MTRpcResultMessage.d --serialize-diagnostics /Users/buddhirajgautam/Library/Developer/Xcode/DerivedData/Telegram-Mac-fygdgghdgmuleoelvxabfmqiotta/Build/Intermediates.noindex/MtProtoKit.build/Debug/MtProtoKit-t.build/Objects-normal/arm64/MTRpcResultMessage.dia -c /Users/buddhirajgautam/Documents/Cherrygram-Mac/macOS-Swift/submodules/telegram-ios/submodules/MtProtoKit/Sources/MTRpcResultMessage.m -o /Users/buddhirajgautam/Library/Developer/Xcode/DerivedData/Telegram-Mac-fygdgghdgmuleoelvxabfmqiotta/Build/Intermediates.noindex/MtProtoKit.build/Debug/MtProtoKit-t.build/Objects-normal/arm64/MTRpcResultMessage.o -index-unit-output-path /MtProtoKit.build/Debug/MtProtoKit-t.build/Objects-normal/arm64/MTRpcResultMessage.o

CompileC /Users/buddhirajgautam/Library/Developer/Xcode/DerivedData/Telegram-Mac-fygdgghdgmuleoelvxabfmqiotta/Build/Intermediates.noindex/MtProtoKit.build/Debug/MtProtoKit-t.build/Objects-normal/arm64/MTRpcError.o /Users/buddhirajgautam/Documents/Cherrygram-Mac/macOS-Swift/submodules/telegram-ios/submodules/MtProtoKit/Sources/MTRpcError.m normal arm64 objective-c com.apple.compilers.llvm.clang.1_0.compiler (in target 'MtProtoKit' from project 'MtProtoKit')
    cd /Users/buddhirajgautam/Documents/Cherrygram-Mac/macOS-Swift
    
    Using response file: /Users/buddhirajgautam/Library/Developer/Xcode/DerivedData/Telegram-Mac-fygdgghdgmuleoelvxabfmqiotta/Build/Intermediates.noindex/MtProtoKit.build/Debug/MtProtoKit-t.build/Objects-normal/arm64/e6072d4f65d7061329687fe24e3d63a7-common-args.resp
    
    /Applications/Xcode.app/Contents/Developer/Toolchains/XcodeDefault.xctoolchain/usr/bin/clang -x objective-c -ivfsstatcache /Users/buddhirajgautam/Library/Developer/Xcode/DerivedData/SDKStatCaches.noindex/macosx27.0-26A425-e829b21a6f8c9b70876ba0858053c0447231f6df4def33e022ae2eb8f782df1a.sdkstatcache -target arm64-apple-macos12.0 -fmessage-length\=0 -fdiagnostics-show-note-include-stack -fmacro-backtrace-limit\=0 -fno-color-diagnostics -fmodules-prune-interval\=86400 -fmodules-prune-after\=345600 -fbuild-session-file\=/Users/buddhirajgautam/Library/Developer/Xcode/DerivedData/ModuleCache.noindex/Session.modulevalidation -fmodules-validate-once-per-build-session -Wnon-modular-include-in-framework-module -Werror\=non-modular-include-in-framework-module -Wno-trigraphs -Wno-missing-field-initializers -Wno-missing-prototypes -Wno-return-type -Wno-implicit-atomic-properties -Wno-objc-interface-ivars -Wno-arc-repeated-use-of-weak -Wno-missing-braces -Wparentheses -Wswitch -Wno-unused-function -Wno-unused-label -Wno-unused-parameter -Wno-unused-variable -Wunused-value -Wno-empty-body -Wno-uninitialized -Wno-unknown-pragmas -Wno-shadow -Wno-four-char-constants -Wno-conversion -Wno-constant-conversion -Wno-int-conversion -Wno-bool-conversion -Wno-enum-conversion -Wno-float-conversion -Wno-non-literal-null-conversion -Wno-objc-literal-conversion -Wshorten-64-to-32 -Wpointer-sign -Wno-newline-eof -Wno-selector -Wno-strict-selector-match -Wno-undeclared-selector -Wno-deprecated-implementations -Wno-implicit-fallthrough -isysroot /Applications/Xcode.app/Contents/Developer/Platforms/MacOSX.platform/Developer/SDKs/MacOSX27.0.sdk -fstrict-aliasing -Wprotocol -Wdeprecated-declarations -Wno-sign-conversion -Wno-infinite-recursion -Wno-comma -Wno-block-capture-autoreleasing -Wno-strict-prototypes -Wno-semicolon-before-method-body -index-store-path /Users/buddhirajgautam/Library/Developer/Xcode/DerivedData/Telegram-Mac-fygdgghdgmuleoelvxabfmqiotta/Index.noindex/DataStore @/Users/buddhirajgautam/Library/Developer/Xcode/DerivedData/Telegram-Mac-fygdgghdgmuleoelvxabfmqiotta/Build/Intermediates.noindex/MtProtoKit.build/Debug/MtProtoKit-t.build/Objects-normal/arm64/e6072d4f65d7061329687fe24e3d63a7-common-args.resp -MMD -MT dependencies -MF /Users/buddhirajgautam/Library/Developer/Xcode/DerivedData/Telegram-Mac-fygdgghdgmuleoelvxabfmqiotta/Build/Intermediates.noindex/MtProtoKit.build/Debug/MtProtoKit-t.build/Objects-normal/arm64/MTRpcError.d --serialize-diagnostics /Users/buddhirajgautam/Library/Developer/Xcode/DerivedData/Telegram-Mac-fygdgghdgmuleoelvxabfmqiotta/Build/Intermediates.noindex/MtProtoKit.build/Debug/MtProtoKit-t.build/Objects-normal/arm64/MTRpcError.dia -c /Users/buddhirajgautam/Documents/Cherrygram-Mac/macOS-Swift/submodules/telegram-ios/submodules/MtProtoKit/Sources/MTRpcError.m -o /Users/buddhirajgautam/Library/Developer/Xcode/DerivedData/Telegram-Mac-fygdgghdgmuleoelvxabfmqiotta/Build/Intermediates.noindex/MtProtoKit.build/Debug/MtProtoKit-t.build/Objects-normal/arm64/MTRpcError.o -index-unit-output-path /MtProtoKit.build/Debug/MtProtoKit-t.build/Objects-normal/arm64/MTRpcError.o

CompileC /Users/buddhirajgautam/Library/Developer/Xcode/DerivedData/Telegram-Mac-fygdgghdgmuleoelvxabfmqiotta/Build/Intermediates.noindex/MtProtoKit.build/Debug/MtProtoKit-t.build/Objects-normal/arm64/MTResendMessageService.o /Users/buddhirajgautam/Documents/Cherrygram-Mac/macOS-Swift/submodules/telegram-ios/submodules/MtProtoKit/Sources/MTResendMessageService.m normal arm64 objective-c com.apple.compilers.llvm.clang.1_0.compiler (in target 'MtProtoKit' from project 'MtProtoKit')
    cd /Users/buddhirajgautam/Documents/Cherrygram-Mac/macOS-Swift
    
    Using response file: /Users/buddhirajgautam/Library/Developer/Xcode/DerivedData/Telegram-Mac-fygdgghdgmuleoelvxabfmqiotta/Build/Intermediates.noindex/MtProtoKit.build/Debug/MtProtoKit-t.build/Objects-normal/arm64/e6072d4f65d7061329687fe24e3d63a7-common-args.resp
    
    /Applications/Xcode.app/Contents/Developer/Toolchains/XcodeDefault.xctoolchain/usr/bin/clang -x objective-c -ivfsstatcache /Users/buddhirajgautam/Library/Developer/Xcode/DerivedData/SDKStatCaches.noindex/macosx27.0-26A425-e829b21a6f8c9b70876ba0858053c0447231f6df4def33e022ae2eb8f782df1a.sdkstatcache -target arm64-apple-macos12.0 -fmessage-length\=0 -fdiagnostics-show-note-include-stack -fmacro-backtrace-limit\=0 -fno-color-diagnostics -fmodules-prune-interval\=86400 -fmodules-prune-after\=345600 -fbuild-session-file\=/Users/buddhirajgautam/Library/Developer/Xcode/DerivedData/ModuleCache.noindex/Session.modulevalidation -fmodules-validate-once-per-build-session -Wnon-modular-include-in-framework-module -Werror\=non-modular-include-in-framework-module -Wno-trigraphs -Wno-missing-field-initializers -Wno-missing-prototypes -Wno-return-type -Wno-implicit-atomic-properties -Wno-objc-interface-ivars -Wno-arc-repeated-use-of-weak -Wno-missing-braces -Wparentheses -Wswitch -Wno-unused-function -Wno-unused-label -Wno-unused-parameter -Wno-unused-variable -Wunused-value -Wno-empty-body -Wno-uninitialized -Wno-unknown-pragmas -Wno-shadow -Wno-four-char-constants -Wno-conversion -Wno-constant-conversion -Wno-int-conversion -Wno-bool-conversion -Wno-enum-conversion -Wno-float-conversion -Wno-non-literal-null-conversion -Wno-objc-literal-conversion -Wshorten-64-to-32 -Wpointer-sign -Wno-newline-eof -Wno-selector -Wno-strict-selector-match -Wno-undeclared-selector -Wno-deprecated-implementations -Wno-implicit-fallthrough -isysroot /Applications/Xcode.app/Contents/Developer/Platforms/MacOSX.platform/Developer/SDKs/MacOSX27.0.sdk -fstrict-aliasing -Wprotocol -Wdeprecated-declarations -Wno-sign-conversion -Wno-infinite-recursion -Wno-comma -Wno-block-capture-autoreleasing -Wno-strict-prototypes -Wno-semicolon-before-method-body -index-store-path /Users/buddhirajgautam/Library/Developer/Xcode/DerivedData/Telegram-Mac-fygdgghdgmuleoelvxabfmqiotta/Index.noindex/DataStore @/Users/buddhirajgautam/Library/Developer/Xcode/DerivedData/Telegram-Mac-fygdgghdgmuleoelvxabfmqiotta/Build/Intermediates.noindex/MtProtoKit.build/Debug/MtProtoKit-t.build/Objects-normal/arm64/e6072d4f65d7061329687fe24e3d63a7-common-args.resp -MMD -MT dependencies -MF /Users/buddhirajgautam/Library/Developer/Xcode/DerivedData/Telegram-Mac-fygdgghdgmuleoelvxabfmqiotta/Build/Intermediates.noindex/MtProtoKit.build/Debug/MtProtoKit-t.build/Objects-normal/arm64/MTResendMessageService.d --serialize-diagnostics /Users/buddhirajgautam/Library/Developer/Xcode/DerivedData/Telegram-Mac-fygdgghdgmuleoelvxabfmqiotta/Build/Intermediates.noindex/MtProtoKit.build/Debug/MtProtoKit-t.build/Objects-normal/arm64/MTResendMessageService.dia -c /Users/buddhirajgautam/Documents/Cherrygram-Mac/macOS-Swift/submodules/telegram-ios/submodules/MtProtoKit/Sources/MTResendMessageService.m -o /Users/buddhirajgautam/Library/Developer/Xcode/DerivedData/Telegram-Mac-fygdgghdgmuleoelvxabfmqiotta/Build/Intermediates.noindex/MtProtoKit.build/Debug/MtProtoKit-t.build/Objects-normal/arm64/MTResendMessageService.o -index-unit-output-path /MtProtoKit.build/Debug/MtProtoKit-t.build/Objects-normal/arm64/MTResendMessageService.o

ScanDependencies /Users/buddhirajgautam/Library/Developer/Xcode/DerivedData/Telegram-Mac-fygdgghdgmuleoelvxabfmqiotta/Build/Intermediates.noindex/MtProtoKit.build/Debug/MtProtoKit-t.build/Objects-normal/arm64/MTResPqMessage.o /Users/buddhirajgautam/Documents/Cherrygram-Mac/macOS-Swift/submodules/telegram-ios/submodules/MtProtoKit/Sources/MTResPqMessage.m normal arm64 objective-c com.apple.compilers.llvm.clang.1_0.compiler (in target 'MtProtoKit' from project 'MtProtoKit')
    cd /Users/buddhirajgautam/Documents/Cherrygram-Mac/macOS-Swift
    
    Using response file: /Users/buddhirajgautam/Library/Developer/Xcode/DerivedData/Telegram-Mac-fygdgghdgmuleoelvxabfmqiotta/Build/Intermediates.noindex/MtProtoKit.build/Debug/MtProtoKit-t.build/Objects-normal/arm64/e6072d4f65d7061329687fe24e3d63a7-common-args.resp
    
    builtin-ScanDependencies -o /Users/buddhirajgautam/Library/Developer/Xcode/DerivedData/Telegram-Mac-fygdgghdgmuleoelvxabfmqiotta/Build/Intermediates.noindex/MtProtoKit.build/Debug/MtProtoKit-t.build/Objects-normal/arm64/MTResPqMessage.o.scan -- /Applications/Xcode.app/Contents/Developer/Toolchains/XcodeDefault.xctoolchain/usr/bin/clang -x objective-c -ivfsstatcache /Users/buddhirajgautam/Library/Developer/Xcode/DerivedData/SDKStatCaches.noindex/macosx27.0-26A425-e829b21a6f8c9b70876ba0858053c0447231f6df4def33e022ae2eb8f782df1a.sdkstatcache -target arm64-apple-macos12.0 -fmessage-length\=0 -fdiagnostics-show-note-include-stack -fmacro-backtrace-limit\=0 -fno-color-diagnostics -fmodules-prune-interval\=86400 -fmodules-prune-after\=345600 -fbuild-session-file\=/Users/buddhirajgautam/Library/Developer/Xcode/DerivedData/ModuleCache.noindex/Session.modulevalidation -fmodules-validate-once-per-build-session -Wnon-modular-include-in-framework-module -Werror\=non-modular-include-in-framework-module -Wno-trigraphs -Wno-missing-field-initializers -Wno-missing-prototypes -Wno-return-type -Wno-implicit-atomic-properties -Wno-objc-interface-ivars -Wno-arc-repeated-use-of-weak -Wno-missing-braces -Wparentheses -Wswitch -Wno-unused-function -Wno-unused-label -Wno-unused-parameter -Wno-unused-variable -Wunused-value -Wno-empty-body -Wno-uninitialized -Wno-unknown-pragmas -Wno-shadow -Wno-four-char-constants -Wno-conversion -Wno-constant-conversion -Wno-int-conversion -Wno-bool-conversion -Wno-enum-conversion -Wno-float-conversion -Wno-non-literal-null-conversion -Wno-objc-literal-conversion -Wshorten-64-to-32 -Wpointer-sign -Wno-newline-eof -Wno-selector -Wno-strict-selector-match -Wno-undeclared-selector -Wno-deprecated-implementations -Wno-implicit-fallthrough -isysroot /Applications/Xcode.app/Contents/Developer/Platforms/MacOSX.platform/Developer/SDKs/MacOSX27.0.sdk -fstrict-aliasing -Wprotocol -Wdeprecated-declarations -Wno-sign-conversion -Wno-infinite-recursion -Wno-comma -Wno-block-capture-autoreleasing -Wno-strict-prototypes -Wno-semicolon-before-method-body -index-store-path /Users/buddhirajgautam/Library/Developer/Xcode/DerivedData/Telegram-Mac-fygdgghdgmuleoelvxabfmqiotta/Index.noindex/DataStore @/Users/buddhirajgautam/Library/Developer/Xcode/DerivedData/Telegram-Mac-fygdgghdgmuleoelvxabfmqiotta/Build/Intermediates.noindex/MtProtoKit.build/Debug/MtProtoKit-t.build/Objects-normal/arm64/e6072d4f65d7061329687fe24e3d63a7-common-args.resp -MMD -MT dependencies -MF /Users/buddhirajgautam/Library/Developer/Xcode/DerivedData/Telegram-Mac-fygdgghdgmuleoelvxabfmqiotta/Build/Intermediates.noindex/MtProtoKit.build/Debug/MtProtoKit-t.build/Objects-normal/arm64/MTResPqMessage.d --serialize-diagnostics /Users/buddhirajgautam/Library/Developer/Xcode/DerivedData/Telegram-Mac-fygdgghdgmuleoelvxabfmqiotta/Build/Intermediates.noindex/MtProtoKit.build/Debug/MtProtoKit-t.build/Objects-normal/arm64/MTResPqMessage.dia -c /Users/buddhirajgautam/Documents/Cherrygram-Mac/macOS-Swift/submodules/telegram-ios/submodules/MtProtoKit/Sources/MTResPqMessage.m -o /Users/buddhirajgautam/Library/Developer/Xcode/DerivedData/Telegram-Mac-fygdgghdgmuleoelvxabfmqiotta/Build/Intermediates.noindex/MtProtoKit.build/Debug/MtProtoKit-t.build/Objects-normal/arm64/MTResPqMessage.o -index-unit-output-path /MtProtoKit.build/Debug/MtProtoKit-t.build/Objects-normal/arm64/MTResPqMessage.o

ScanDependencies /Users/buddhirajgautam/Library/Developer/Xcode/DerivedData/Telegram-Mac-fygdgghdgmuleoelvxabfmqiotta/Build/Intermediates.noindex/MtProtoKit.build/Debug/MtProtoKit-t.build/Objects-normal/arm64/MTRequestMessageService.o /Users/buddhirajgautam/Documents/Cherrygram-Mac/macOS-Swift/submodules/telegram-ios/submodules/MtProtoKit/Sources/MTRequestMessageService.m normal arm64 objective-c com.apple.compilers.llvm.clang.1_0.compiler (in target 'MtProtoKit' from project 'MtProtoKit')
    cd /Users/buddhirajgautam/Documents/Cherrygram-Mac/macOS-Swift
    
    Using response file: /Users/buddhirajgautam/Library/Developer/Xcode/DerivedData/Telegram-Mac-fygdgghdgmuleoelvxabfmqiotta/Build/Intermediates.noindex/MtProtoKit.build/Debug/MtProtoKit-t.build/Objects-normal/arm64/e6072d4f65d7061329687fe24e3d63a7-common-args.resp
    
    builtin-ScanDependencies -o /Users/buddhirajgautam/Library/Developer/Xcode/DerivedData/Telegram-Mac-fygdgghdgmuleoelvxabfmqiotta/Build/Intermediates.noindex/MtProtoKit.build/Debug/MtProtoKit-t.build/Objects-normal/arm64/MTRequestMessageService.o.scan -- /Applications/Xcode.app/Contents/Developer/Toolchains/XcodeDefault.xctoolchain/usr/bin/clang -x objective-c -ivfsstatcache /Users/buddhirajgautam/Library/Developer/Xcode/DerivedData/SDKStatCaches.noindex/macosx27.0-26A425-e829b21a6f8c9b70876ba0858053c0447231f6df4def33e022ae2eb8f782df1a.sdkstatcache -target arm64-apple-macos12.0 -fmessage-length\=0 -fdiagnostics-show-note-include-stack -fmacro-backtrace-limit\=0 -fno-color-diagnostics -fmodules-prune-interval\=86400 -fmodules-prune-after\=345600 -fbuild-session-file\=/Users/buddhirajgautam/Library/Developer/Xcode/DerivedData/ModuleCache.noindex/Session.modulevalidation -fmodules-validate-once-per-build-session -Wnon-modular-include-in-framework-module -Werror\=non-modular-include-in-framework-module -Wno-trigraphs -Wno-missing-field-initializers -Wno-missing-prototypes -Wno-return-type -Wno-implicit-atomic-properties -Wno-objc-interface-ivars -Wno-arc-repeated-use-of-weak -Wno-missing-braces -Wparentheses -Wswitch -Wno-unused-function -Wno-unused-label -Wno-unused-parameter -Wno-unused-variable -Wunused-value -Wno-empty-body -Wno-uninitialized -Wno-unknown-pragmas -Wno-shadow -Wno-four-char-constants -Wno-conversion -Wno-constant-conversion -Wno-int-conversion -Wno-bool-conversion -Wno-enum-conversion -Wno-float-conversion -Wno-non-literal-null-conversion -Wno-objc-literal-conversion -Wshorten-64-to-32 -Wpointer-sign -Wno-newline-eof -Wno-selector -Wno-strict-selector-match -Wno-undeclared-selector -Wno-deprecated-implementations -Wno-implicit-fallthrough -isysroot /Applications/Xcode.app/Contents/Developer/Platforms/MacOSX.platform/Developer/SDKs/MacOSX27.0.sdk -fstrict-aliasing -Wprotocol -Wdeprecated-declarations -Wno-sign-conversion -Wno-infinite-recursion -Wno-comma -Wno-block-capture-autoreleasing -Wno-strict-prototypes -Wno-semicolon-before-method-body -index-store-path /Users/buddhirajgautam/Library/Developer/Xcode/DerivedData/Telegram-Mac-fygdgghdgmuleoelvxabfmqiotta/Index.noindex/DataStore @/Users/buddhirajgautam/Library/Developer/Xcode/DerivedData/Telegram-Mac-fygdgghdgmuleoelvxabfmqiotta/Build/Intermediates.noindex/MtProtoKit.build/Debug/MtProtoKit-t.build/Objects-normal/arm64/e6072d4f65d7061329687fe24e3d63a7-common-args.resp -MMD -MT dependencies -MF /Users/buddhirajgautam/Library/Developer/Xcode/DerivedData/Telegram-Mac-fygdgghdgmuleoelvxabfmqiotta/Build/Intermediates.noindex/MtProtoKit.build/Debug/MtProtoKit-t.build/Objects-normal/arm64/MTRequestMessageService.d --serialize-diagnostics /Users/buddhirajgautam/Library/Developer/Xcode/DerivedData/Telegram-Mac-fygdgghdgmuleoelvxabfmqiotta/Build/Intermediates.noindex/MtProtoKit.build/Debug/MtProtoKit-t.build/Objects-normal/arm64/MTRequestMessageService.dia -c /Users/buddhirajgautam/Documents/Cherrygram-Mac/macOS-Swift/submodules/telegram-ios/submodules/MtProtoKit/Sources/MTRequestMessageService.m -o /Users/buddhirajgautam/Library/Developer/Xcode/DerivedData/Telegram-Mac-fygdgghdgmuleoelvxabfmqiotta/Build/Intermediates.noindex/MtProtoKit.build/Debug/MtProtoKit-t.build/Objects-normal/arm64/MTRequestMessageService.o -index-unit-output-path /MtProtoKit.build/Debug/MtProtoKit-t.build/Objects-normal/arm64/MTRequestMessageService.o

ScanDependencies /Users/buddhirajgautam/Library/Developer/Xcode/DerivedData/Telegram-Mac-fygdgghdgmuleoelvxabfmqiotta/Build/Intermediates.noindex/MtProtoKit.build/Debug/MtProtoKit-t.build/Objects-normal/arm64/MTRequestErrorContext.o /Users/buddhirajgautam/Documents/Cherrygram-Mac/macOS-Swift/submodules/telegram-ios/submodules/MtProtoKit/Sources/MTRequestErrorContext.m normal arm64 objective-c com.apple.compilers.llvm.clang.1_0.compiler (in target 'MtProtoKit' from project 'MtProtoKit')
    cd /Users/buddhirajgautam/Documents/Cherrygram-Mac/macOS-Swift
    
    Using response file: /Users/buddhirajgautam/Library/Developer/Xcode/DerivedData/Telegram-Mac-fygdgghdgmuleoelvxabfmqiotta/Build/Intermediates.noindex/MtProtoKit.build/Debug/MtProtoKit-t.build/Objects-normal/arm64/e6072d4f65d7061329687fe24e3d63a7-common-args.resp
    
    builtin-ScanDependencies -o /Users/buddhirajgautam/Library/Developer/Xcode/DerivedData/Telegram-Mac-fygdgghdgmuleoelvxabfmqiotta/Build/Intermediates.noindex/MtProtoKit.build/Debug/MtProtoKit-t.build/Objects-normal/arm64/MTRequestErrorContext.o.scan -- /Applications/Xcode.app/Contents/Developer/Toolchains/XcodeDefault.xctoolchain/usr/bin/clang -x objective-c -ivfsstatcache /Users/buddhirajgautam/Library/Developer/Xcode/DerivedData/SDKStatCaches.noindex/macosx27.0-26A425-e829b21a6f8c9b70876ba0858053c0447231f6df4def33e022ae2eb8f782df1a.sdkstatcache -target arm64-apple-macos12.0 -fmessage-length\=0 -fdiagnostics-show-note-include-stack -fmacro-backtrace-limit\=0 -fno-color-diagnostics -fmodules-prune-interval\=86400 -fmodules-prune-after\=345600 -fbuild-session-file\=/Users/buddhirajgautam/Library/Developer/Xcode/DerivedData/ModuleCache.noindex/Session.modulevalidation -fmodules-validate-once-per-build-session -Wnon-modular-include-in-framework-module -Werror\=non-modular-include-in-framework-module -Wno-trigraphs -Wno-missing-field-initializers -Wno-missing-prototypes -Wno-return-type -Wno-implicit-atomic-properties -Wno-objc-interface-ivars -Wno-arc-repeated-use-of-weak -Wno-missing-braces -Wparentheses -Wswitch -Wno-unused-function -Wno-unused-label -Wno-unused-parameter -Wno-unused-variable -Wunused-value -Wno-empty-body -Wno-uninitialized -Wno-unknown-pragmas -Wno-shadow -Wno-four-char-constants -Wno-conversion -Wno-constant-conversion -Wno-int-conversion -Wno-bool-conversion -Wno-enum-conversion -Wno-float-conversion -Wno-non-literal-null-conversion -Wno-objc-literal-conversion -Wshorten-64-to-32 -Wpointer-sign -Wno-newline-eof -Wno-selector -Wno-strict-selector-match -Wno-undeclared-selector -Wno-deprecated-implementations -Wno-implicit-fallthrough -isysroot /Applications/Xcode.app/Contents/Developer/Platforms/MacOSX.platform/Developer/SDKs/MacOSX27.0.sdk -fstrict-aliasing -Wprotocol -Wdeprecated-declarations -Wno-sign-conversion -Wno-infinite-recursion -Wno-comma -Wno-block-capture-autoreleasing -Wno-strict-prototypes -Wno-semicolon-before-method-body -index-store-path /Users/buddhirajgautam/Library/Developer/Xcode/DerivedData/Telegram-Mac-fygdgghdgmuleoelvxabfmqiotta/Index.noindex/DataStore @/Users/buddhirajgautam/Library/Developer/Xcode/DerivedData/Telegram-Mac-fygdgghdgmuleoelvxabfmqiotta/Build/Intermediates.noindex/MtProtoKit.build/Debug/MtProtoKit-t.build/Objects-normal/arm64/e6072d4f65d7061329687fe24e3d63a7-common-args.resp -MMD -MT dependencies -MF /Users/buddhirajgautam/Library/Developer/Xcode/DerivedData/Telegram-Mac-fygdgghdgmuleoelvxabfmqiotta/Build/Intermediates.noindex/MtProtoKit.build/Debug/MtProtoKit-t.build/Objects-normal/arm64/MTRequestErrorContext.d --serialize-diagnostics /Users/buddhirajgautam/Library/Developer/Xcode/DerivedData/Telegram-Mac-fygdgghdgmuleoelvxabfmqiotta/Build/Intermediates.noindex/MtProtoKit.build/Debug/MtProtoKit-t.build/Objects-normal/arm64/MTRequestErrorContext.dia -c /Users/buddhirajgautam/Documents/Cherrygram-Mac/macOS-Swift/submodules/telegram-ios/submodules/MtProtoKit/Sources/MTRequestErrorContext.m -o /Users/buddhirajgautam/Library/Developer/Xcode/DerivedData/Telegram-Mac-fygdgghdgmuleoelvxabfmqiotta/Build/Intermediates.noindex/MtProtoKit.build/Debug/MtProtoKit-t.build/Objects-normal/arm64/MTRequestErrorContext.o -index-unit-output-path /MtProtoKit.build/Debug/MtProtoKit-t.build/Objects-normal/arm64/MTRequestErrorContext.o

CompileC /Users/buddhirajgautam/Library/Developer/Xcode/DerivedData/Telegram-Mac-fygdgghdgmuleoelvxabfmqiotta/Build/Intermediates.noindex/MtProtoKit.build/Debug/MtProtoKit-t.build/Objects-normal/arm64/MTResPqMessage.o /Users/buddhirajgautam/Documents/Cherrygram-Mac/macOS-Swift/submodules/telegram-ios/submodules/MtProtoKit/Sources/MTResPqMessage.m normal arm64 objective-c com.apple.compilers.llvm.clang.1_0.compiler (in target 'MtProtoKit' from project 'MtProtoKit')
    cd /Users/buddhirajgautam/Documents/Cherrygram-Mac/macOS-Swift
    
    Using response file: /Users/buddhirajgautam/Library/Developer/Xcode/DerivedData/Telegram-Mac-fygdgghdgmuleoelvxabfmqiotta/Build/Intermediates.noindex/MtProtoKit.build/Debug/MtProtoKit-t.build/Objects-normal/arm64/e6072d4f65d7061329687fe24e3d63a7-common-args.resp
    
    /Applications/Xcode.app/Contents/Developer/Toolchains/XcodeDefault.xctoolchain/usr/bin/clang -x objective-c -ivfsstatcache /Users/buddhirajgautam/Library/Developer/Xcode/DerivedData/SDKStatCaches.noindex/macosx27.0-26A425-e829b21a6f8c9b70876ba0858053c0447231f6df4def33e022ae2eb8f782df1a.sdkstatcache -target arm64-apple-macos12.0 -fmessage-length\=0 -fdiagnostics-show-note-include-stack -fmacro-backtrace-limit\=0 -fno-color-diagnostics -fmodules-prune-interval\=86400 -fmodules-prune-after\=345600 -fbuild-session-file\=/Users/buddhirajgautam/Library/Developer/Xcode/DerivedData/ModuleCache.noindex/Session.modulevalidation -fmodules-validate-once-per-build-session -Wnon-modular-include-in-framework-module -Werror\=non-modular-include-in-framework-module -Wno-trigraphs -Wno-missing-field-initializers -Wno-missing-prototypes -Wno-return-type -Wno-implicit-atomic-properties -Wno-objc-interface-ivars -Wno-arc-repeated-use-of-weak -Wno-missing-braces -Wparentheses -Wswitch -Wno-unused-function -Wno-unused-label -Wno-unused-parameter -Wno-unused-variable -Wunused-value -Wno-empty-body -Wno-uninitialized -Wno-unknown-pragmas -Wno-shadow -Wno-four-char-constants -Wno-conversion -Wno-constant-conversion -Wno-int-conversion -Wno-bool-conversion -Wno-enum-conversion -Wno-float-conversion -Wno-non-literal-null-conversion -Wno-objc-literal-conversion -Wshorten-64-to-32 -Wpointer-sign -Wno-newline-eof -Wno-selector -Wno-strict-selector-match -Wno-undeclared-selector -Wno-deprecated-implementations -Wno-implicit-fallthrough -isysroot /Applications/Xcode.app/Contents/Developer/Platforms/MacOSX.platform/Developer/SDKs/MacOSX27.0.sdk -fstrict-aliasing -Wprotocol -Wdeprecated-declarations -Wno-sign-conversion -Wno-infinite-recursion -Wno-comma -Wno-block-capture-autoreleasing -Wno-strict-prototypes -Wno-semicolon-before-method-body -index-store-path /Users/buddhirajgautam/Library/Developer/Xcode/DerivedData/Telegram-Mac-fygdgghdgmuleoelvxabfmqiotta/Index.noindex/DataStore @/Users/buddhirajgautam/Library/Developer/Xcode/DerivedData/Telegram-Mac-fygdgghdgmuleoelvxabfmqiotta/Build/Intermediates.noindex/MtProtoKit.build/Debug/MtProtoKit-t.build/Objects-normal/arm64/e6072d4f65d7061329687fe24e3d63a7-common-args.resp -MMD -MT dependencies -MF /Users/buddhirajgautam/Library/Developer/Xcode/DerivedData/Telegram-Mac-fygdgghdgmuleoelvxabfmqiotta/Build/Intermediates.noindex/MtProtoKit.build/Debug/MtProtoKit-t.build/Objects-normal/arm64/MTResPqMessage.d --serialize-diagnostics /Users/buddhirajgautam/Library/Developer/Xcode/DerivedData/Telegram-Mac-fygdgghdgmuleoelvxabfmqiotta/Build/Intermediates.noindex/MtProtoKit.build/Debug/MtProtoKit-t.build/Objects-normal/arm64/MTResPqMessage.dia -c /Users/buddhirajgautam/Documents/Cherrygram-Mac/macOS-Swift/submodules/telegram-ios/submodules/MtProtoKit/Sources/MTResPqMessage.m -o /Users/buddhirajgautam/Library/Developer/Xcode/DerivedData/Telegram-Mac-fygdgghdgmuleoelvxabfmqiotta/Build/Intermediates.noindex/MtProtoKit.build/Debug/MtProtoKit-t.build/Objects-normal/arm64/MTResPqMessage.o -index-unit-output-path /MtProtoKit.build/Debug/MtProtoKit-t.build/Objects-normal/arm64/MTResPqMessage.o

ScanDependencies /Users/buddhirajgautam/Library/Developer/Xcode/DerivedData/Telegram-Mac-fygdgghdgmuleoelvxabfmqiotta/Build/Intermediates.noindex/MtProtoKit.build/Debug/MtProtoKit-t.build/Objects-normal/arm64/MTRequestContext.o /Users/buddhirajgautam/Documents/Cherrygram-Mac/macOS-Swift/submodules/telegram-ios/submodules/MtProtoKit/Sources/MTRequestContext.m normal arm64 objective-c com.apple.compilers.llvm.clang.1_0.compiler (in target 'MtProtoKit' from project 'MtProtoKit')
    cd /Users/buddhirajgautam/Documents/Cherrygram-Mac/macOS-Swift
    
    Using response file: /Users/buddhirajgautam/Library/Developer/Xcode/DerivedData/Telegram-Mac-fygdgghdgmuleoelvxabfmqiotta/Build/Intermediates.noindex/MtProtoKit.build/Debug/MtProtoKit-t.build/Objects-normal/arm64/e6072d4f65d7061329687fe24e3d63a7-common-args.resp
    
    builtin-ScanDependencies -o /Users/buddhirajgautam/Library/Developer/Xcode/DerivedData/Telegram-Mac-fygdgghdgmuleoelvxabfmqiotta/Build/Intermediates.noindex/MtProtoKit.build/Debug/MtProtoKit-t.build/Objects-normal/arm64/MTRequestContext.o.scan -- /Applications/Xcode.app/Contents/Developer/Toolchains/XcodeDefault.xctoolchain/usr/bin/clang -x objective-c -ivfsstatcache /Users/buddhirajgautam/Library/Developer/Xcode/DerivedData/SDKStatCaches.noindex/macosx27.0-26A425-e829b21a6f8c9b70876ba0858053c0447231f6df4def33e022ae2eb8f782df1a.sdkstatcache -target arm64-apple-macos12.0 -fmessage-length\=0 -fdiagnostics-show-note-include-stack -fmacro-backtrace-limit\=0 -fno-color-diagnostics -fmodules-prune-interval\=86400 -fmodules-prune-after\=345600 -fbuild-session-file\=/Users/buddhirajgautam/Library/Developer/Xcode/DerivedData/ModuleCache.noindex/Session.modulevalidation -fmodules-validate-once-per-build-session -Wnon-modular-include-in-framework-module -Werror\=non-modular-include-in-framework-module -Wno-trigraphs -Wno-missing-field-initializers -Wno-missing-prototypes -Wno-return-type -Wno-implicit-atomic-properties -Wno-objc-interface-ivars -Wno-arc-repeated-use-of-weak -Wno-missing-braces -Wparentheses -Wswitch -Wno-unused-function -Wno-unused-label -Wno-unused-parameter -Wno-unused-variable -Wunused-value -Wno-empty-body -Wno-uninitialized -Wno-unknown-pragmas -Wno-shadow -Wno-four-char-constants -Wno-conversion -Wno-constant-conversion -Wno-int-conversion -Wno-bool-conversion -Wno-enum-conversion -Wno-float-conversion -Wno-non-literal-null-conversion -Wno-objc-literal-conversion -Wshorten-64-to-32 -Wpointer-sign -Wno-newline-eof -Wno-selector -Wno-strict-selector-match -Wno-undeclared-selector -Wno-deprecated-implementations -Wno-implicit-fallthrough -isysroot /Applications/Xcode.app/Contents/Developer/Platforms/MacOSX.platform/Developer/SDKs/MacOSX27.0.sdk -fstrict-aliasing -Wprotocol -Wdeprecated-declarations -Wno-sign-conversion -Wno-infinite-recursion -Wno-comma -Wno-block-capture-autoreleasing -Wno-strict-prototypes -Wno-semicolon-before-method-body -index-store-path /Users/buddhirajgautam/Library/Developer/Xcode/DerivedData/Telegram-Mac-fygdgghdgmuleoelvxabfmqiotta/Index.noindex/DataStore @/Users/buddhirajgautam/Library/Developer/Xcode/DerivedData/Telegram-Mac-fygdgghdgmuleoelvxabfmqiotta/Build/Intermediates.noindex/MtProtoKit.build/Debug/MtProtoKit-t.build/Objects-normal/arm64/e6072d4f65d7061329687fe24e3d63a7-common-args.resp -MMD -MT dependencies -MF /Users/buddhirajgautam/Library/Developer/Xcode/DerivedData/Telegram-Mac-fygdgghdgmuleoelvxabfmqiotta/Build/Intermediates.noindex/MtProtoKit.build/Debug/MtProtoKit-t.build/Objects-normal/arm64/MTRequestContext.d --serialize-diagnostics /Users/buddhirajgautam/Library/Developer/Xcode/DerivedData/Telegram-Mac-fygdgghdgmuleoelvxabfmqiotta/Build/Intermediates.noindex/MtProtoKit.build/Debug/MtProtoKit-t.build/Objects-normal/arm64/MTRequestContext.dia -c /Users/buddhirajgautam/Documents/Cherrygram-Mac/macOS-Swift/submodules/telegram-ios/submodules/MtProtoKit/Sources/MTRequestContext.m -o /Users/buddhirajgautam/Library/Developer/Xcode/DerivedData/Telegram-Mac-fygdgghdgmuleoelvxabfmqiotta/Build/Intermediates.noindex/MtProtoKit.build/Debug/MtProtoKit-t.build/Objects-normal/arm64/MTRequestContext.o -index-unit-output-path /MtProtoKit.build/Debug/MtProtoKit-t.build/Objects-normal/arm64/MTRequestContext.o

CompileC /Users/buddhirajgautam/Library/Developer/Xcode/DerivedData/Telegram-Mac-fygdgghdgmuleoelvxabfmqiotta/Build/Intermediates.noindex/MtProtoKit.build/Debug/MtProtoKit-t.build/Objects-normal/arm64/MTRequestMessageService.o /Users/buddhirajgautam/Documents/Cherrygram-Mac/macOS-Swift/submodules/telegram-ios/submodules/MtProtoKit/Sources/MTRequestMessageService.m normal arm64 objective-c com.apple.compilers.llvm.clang.1_0.compiler (in target 'MtProtoKit' from project 'MtProtoKit')
    cd /Users/buddhirajgautam/Documents/Cherrygram-Mac/macOS-Swift
    
    Using response file: /Users/buddhirajgautam/Library/Developer/Xcode/DerivedData/Telegram-Mac-fygdgghdgmuleoelvxabfmqiotta/Build/Intermediates.noindex/MtProtoKit.build/Debug/MtProtoKit-t.build/Objects-normal/arm64/e6072d4f65d7061329687fe24e3d63a7-common-args.resp
    
    /Applications/Xcode.app/Contents/Developer/Toolchains/XcodeDefault.xctoolchain/usr/bin/clang -x objective-c -ivfsstatcache /Users/buddhirajgautam/Library/Developer/Xcode/DerivedData/SDKStatCaches.noindex/macosx27.0-26A425-e829b21a6f8c9b70876ba0858053c0447231f6df4def33e022ae2eb8f782df1a.sdkstatcache -target arm64-apple-macos12.0 -fmessage-length\=0 -fdiagnostics-show-note-include-stack -fmacro-backtrace-limit\=0 -fno-color-diagnostics -fmodules-prune-interval\=86400 -fmodules-prune-after\=345600 -fbuild-session-file\=/Users/buddhirajgautam/Library/Developer/Xcode/DerivedData/ModuleCache.noindex/Session.modulevalidation -fmodules-validate-once-per-build-session -Wnon-modular-include-in-framework-module -Werror\=non-modular-include-in-framework-module -Wno-trigraphs -Wno-missing-field-initializers -Wno-missing-prototypes -Wno-return-type -Wno-implicit-atomic-properties -Wno-objc-interface-ivars -Wno-arc-repeated-use-of-weak -Wno-missing-braces -Wparentheses -Wswitch -Wno-unused-function -Wno-unused-label -Wno-unused-parameter -Wno-unused-variable -Wunused-value -Wno-empty-body -Wno-uninitialized -Wno-unknown-pragmas -Wno-shadow -Wno-four-char-constants -Wno-conversion -Wno-constant-conversion -Wno-int-conversion -Wno-bool-conversion -Wno-enum-conversion -Wno-float-conversion -Wno-non-literal-null-conversion -Wno-objc-literal-conversion -Wshorten-64-to-32 -Wpointer-sign -Wno-newline-eof -Wno-selector -Wno-strict-selector-match -Wno-undeclared-selector -Wno-deprecated-implementations -Wno-implicit-fallthrough -isysroot /Applications/Xcode.app/Contents/Developer/Platforms/MacOSX.platform/Developer/SDKs/MacOSX27.0.sdk -fstrict-aliasing -Wprotocol -Wdeprecated-declarations -Wno-sign-conversion -Wno-infinite-recursion -Wno-comma -Wno-block-capture-autoreleasing -Wno-strict-prototypes -Wno-semicolon-before-method-body -index-store-path /Users/buddhirajgautam/Library/Developer/Xcode/DerivedData/Telegram-Mac-fygdgghdgmuleoelvxabfmqiotta/Index.noindex/DataStore @/Users/buddhirajgautam/Library/Developer/Xcode/DerivedData/Telegram-Mac-fygdgghdgmuleoelvxabfmqiotta/Build/Intermediates.noindex/MtProtoKit.build/Debug/MtProtoKit-t.build/Objects-normal/arm64/e6072d4f65d7061329687fe24e3d63a7-common-args.resp -MMD -MT dependencies -MF /Users/buddhirajgautam/Library/Developer/Xcode/DerivedData/Telegram-Mac-fygdgghdgmuleoelvxabfmqiotta/Build/Intermediates.noindex/MtProtoKit.build/Debug/MtProtoKit-t.build/Objects-normal/arm64/MTRequestMessageService.d --serialize-diagnostics /Users/buddhirajgautam/Library/Developer/Xcode/DerivedData/Telegram-Mac-fygdgghdgmuleoelvxabfmqiotta/Build/Intermediates.noindex/MtProtoKit.build/Debug/MtProtoKit-t.build/Objects-normal/arm64/MTRequestMessageService.dia -c /Users/buddhirajgautam/Documents/Cherrygram-Mac/macOS-Swift/submodules/telegram-ios/submodules/MtProtoKit/Sources/MTRequestMessageService.m -o /Users/buddhirajgautam/Library/Developer/Xcode/DerivedData/Telegram-Mac-fygdgghdgmuleoelvxabfmqiotta/Build/Intermediates.noindex/MtProtoKit.build/Debug/MtProtoKit-t.build/Objects-normal/arm64/MTRequestMessageService.o -index-unit-output-path /MtProtoKit.build/Debug/MtProtoKit-t.build/Objects-normal/arm64/MTRequestMessageService.o

Ld /Users/buddhirajgautam/Library/Developer/Xcode/DerivedData/Telegram-Mac-fygdgghdgmuleoelvxabfmqiotta/Build/Products/Debug/ObjcUtils.o normal (in target 'ObjcUtils' from project 'ObjcUtils')
    cd /Users/buddhirajgautam/Documents/Cherrygram-Mac/macOS-Swift/packages/ObjcUtils
    /Applications/Xcode.app/Contents/Developer/Toolchains/XcodeDefault.xctoolchain/usr/bin/clang -Xlinker -reproducible -target arm64-apple-macos12.0 -r -isysroot /Applications/Xcode.app/Contents/Developer/Platforms/MacOSX.platform/Developer/SDKs/MacOSX27.0.sdk -O0 -Xlinker -no_warn_duplicate_libraries -F/Users/buddhirajgautam/Library/Developer/Xcode/DerivedData/Telegram-Mac-fygdgghdgmuleoelvxabfmqiotta/Build/Intermediates.noindex/EagerLinkingTBDs/Debug -F/Users/buddhirajgautam/Library/Developer/Xcode/DerivedData/Telegram-Mac-fygdgghdgmuleoelvxabfmqiotta/Build/Products/Debug -iframework /Applications/Xcode.app/Contents/Developer/Platforms/MacOSX.platform/Developer/Library/Frameworks -filelist /Users/buddhirajgautam/Library/Developer/Xcode/DerivedData/Telegram-Mac-fygdgghdgmuleoelvxabfmqiotta/Build/Intermediates.noindex/ObjcUtils.build/Debug/ObjcUtils-t.build/Objects-normal/arm64/ObjcUtils.LinkFileList -nostdlib -Xlinker -object_path_lto -Xlinker /Users/buddhirajgautam/Library/Developer/Xcode/DerivedData/Telegram-Mac-fygdgghdgmuleoelvxabfmqiotta/Build/Intermediates.noindex/ObjcUtils.build/Debug/ObjcUtils-t.build/Objects-normal/arm64/ObjcUtils_lto.o -Xlinker -no_deduplicate -Xlinker -debug_variant -Xlinker -dependency_info -Xlinker /Users/buddhirajgautam/Library/Developer/Xcode/DerivedData/Telegram-Mac-fygdgghdgmuleoelvxabfmqiotta/Build/Intermediates.noindex/ObjcUtils.build/Debug/ObjcUtils-t.build/Objects-normal/arm64/ObjcUtils_dependency_info.dat -fobjc-arc -fobjc-link-runtime -o /Users/buddhirajgautam/Library/Developer/Xcode/DerivedData/Telegram-Mac-fygdgghdgmuleoelvxabfmqiotta/Build/Products/Debug/ObjcUtils.o

ScanDependencies /Users/buddhirajgautam/Library/Developer/Xcode/DerivedData/Telegram-Mac-fygdgghdgmuleoelvxabfmqiotta/Build/Intermediates.noindex/MtProtoKit.build/Debug/MtProtoKit-t.build/Objects-normal/arm64/MTRequest.o /Users/buddhirajgautam/Documents/Cherrygram-Mac/macOS-Swift/submodules/telegram-ios/submodules/MtProtoKit/Sources/MTRequest.m normal arm64 objective-c com.apple.compilers.llvm.clang.1_0.compiler (in target 'MtProtoKit' from project 'MtProtoKit')
    cd /Users/buddhirajgautam/Documents/Cherrygram-Mac/macOS-Swift
    
    Using response file: /Users/buddhirajgautam/Library/Developer/Xcode/DerivedData/Telegram-Mac-fygdgghdgmuleoelvxabfmqiotta/Build/Intermediates.noindex/MtProtoKit.build/Debug/MtProtoKit-t.build/Objects-normal/arm64/e6072d4f65d7061329687fe24e3d63a7-common-args.resp
    
    builtin-ScanDependencies -o /Users/buddhirajgautam/Library/Developer/Xcode/DerivedData/Telegram-Mac-fygdgghdgmuleoelvxabfmqiotta/Build/Intermediates.noindex/MtProtoKit.build/Debug/MtProtoKit-t.build/Objects-normal/arm64/MTRequest.o.scan -- /Applications/Xcode.app/Contents/Developer/Toolchains/XcodeDefault.xctoolchain/usr/bin/clang -x objective-c -ivfsstatcache /Users/buddhirajgautam/Library/Developer/Xcode/DerivedData/SDKStatCaches.noindex/macosx27.0-26A425-e829b21a6f8c9b70876ba0858053c0447231f6df4def33e022ae2eb8f782df1a.sdkstatcache -target arm64-apple-macos12.0 -fmessage-length\=0 -fdiagnostics-show-note-include-stack -fmacro-backtrace-limit\=0 -fno-color-diagnostics -fmodules-prune-interval\=86400 -fmodules-prune-after\=345600 -fbuild-session-file\=/Users/buddhirajgautam/Library/Developer/Xcode/DerivedData/ModuleCache.noindex/Session.modulevalidation -fmodules-validate-once-per-build-session -Wnon-modular-include-in-framework-module -Werror\=non-modular-include-in-framework-module -Wno-trigraphs -Wno-missing-field-initializers -Wno-missing-prototypes -Wno-return-type -Wno-implicit-atomic-properties -Wno-objc-interface-ivars -Wno-arc-repeated-use-of-weak -Wno-missing-braces -Wparentheses -Wswitch -Wno-unused-function -Wno-unused-label -Wno-unused-parameter -Wno-unused-variable -Wunused-value -Wno-empty-body -Wno-uninitialized -Wno-unknown-pragmas -Wno-shadow -Wno-four-char-constants -Wno-conversion -Wno-constant-conversion -Wno-int-conversion -Wno-bool-conversion -Wno-enum-conversion -Wno-float-conversion -Wno-non-literal-null-conversion -Wno-objc-literal-conversion -Wshorten-64-to-32 -Wpointer-sign -Wno-newline-eof -Wno-selector -Wno-strict-selector-match -Wno-undeclared-selector -Wno-deprecated-implementations -Wno-implicit-fallthrough -isysroot /Applications/Xcode.app/Contents/Developer/Platforms/MacOSX.platform/Developer/SDKs/MacOSX27.0.sdk -fstrict-aliasing -Wprotocol -Wdeprecated-declarations -Wno-sign-conversion -Wno-infinite-recursion -Wno-comma -Wno-block-capture-autoreleasing -Wno-strict-prototypes -Wno-semicolon-before-method-body -index-store-path /Users/buddhirajgautam/Library/Developer/Xcode/DerivedData/Telegram-Mac-fygdgghdgmuleoelvxabfmqiotta/Index.noindex/DataStore @/Users/buddhirajgautam/Library/Developer/Xcode/DerivedData/Telegram-Mac-fygdgghdgmuleoelvxabfmqiotta/Build/Intermediates.noindex/MtProtoKit.build/Debug/MtProtoKit-t.build/Objects-normal/arm64/e6072d4f65d7061329687fe24e3d63a7-common-args.resp -MMD -MT dependencies -MF /Users/buddhirajgautam/Library/Developer/Xcode/DerivedData/Telegram-Mac-fygdgghdgmuleoelvxabfmqiotta/Build/Intermediates.noindex/MtProtoKit.build/Debug/MtProtoKit-t.build/Objects-normal/arm64/MTRequest.d --serialize-diagnostics /Users/buddhirajgautam/Library/Developer/Xcode/DerivedData/Telegram-Mac-fygdgghdgmuleoelvxabfmqiotta/Build/Intermediates.noindex/MtProtoKit.build/Debug/MtProtoKit-t.build/Objects-normal/arm64/MTRequest.dia -c /Users/buddhirajgautam/Documents/Cherrygram-Mac/macOS-Swift/submodules/telegram-ios/submodules/MtProtoKit/Sources/MTRequest.m -o /Users/buddhirajgautam/Library/Developer/Xcode/DerivedData/Telegram-Mac-fygdgghdgmuleoelvxabfmqiotta/Build/Intermediates.noindex/MtProtoKit.build/Debug/MtProtoKit-t.build/Objects-normal/arm64/MTRequest.o -index-unit-output-path /MtProtoKit.build/Debug/MtProtoKit-t.build/Objects-normal/arm64/MTRequest.o

CompileC /Users/buddhirajgautam/Library/Developer/Xcode/DerivedData/Telegram-Mac-fygdgghdgmuleoelvxabfmqiotta/Build/Intermediates.noindex/MtProtoKit.build/Debug/MtProtoKit-t.build/Objects-normal/arm64/MTRequestContext.o /Users/buddhirajgautam/Documents/Cherrygram-Mac/macOS-Swift/submodules/telegram-ios/submodules/MtProtoKit/Sources/MTRequestContext.m normal arm64 objective-c com.apple.compilers.llvm.clang.1_0.compiler (in target 'MtProtoKit' from project 'MtProtoKit')
    cd /Users/buddhirajgautam/Documents/Cherrygram-Mac/macOS-Swift
    
    Using response file: /Users/buddhirajgautam/Library/Developer/Xcode/DerivedData/Telegram-Mac-fygdgghdgmuleoelvxabfmqiotta/Build/Intermediates.noindex/MtProtoKit.build/Debug/MtProtoKit-t.build/Objects-normal/arm64/e6072d4f65d7061329687fe24e3d63a7-common-args.resp
    
    /Applications/Xcode.app/Contents/Developer/Toolchains/XcodeDefault.xctoolchain/usr/bin/clang -x objective-c -ivfsstatcache /Users/buddhirajgautam/Library/Developer/Xcode/DerivedData/SDKStatCaches.noindex/macosx27.0-26A425-e829b21a6f8c9b70876ba0858053c0447231f6df4def33e022ae2eb8f782df1a.sdkstatcache -target arm64-apple-macos12.0 -fmessage-length\=0 -fdiagnostics-show-note-include-stack -fmacro-backtrace-limit\=0 -fno-color-diagnostics -fmodules-prune-interval\=86400 -fmodules-prune-after\=345600 -fbuild-session-file\=/Users/buddhirajgautam/Library/Developer/Xcode/DerivedData/ModuleCache.noindex/Session.modulevalidation -fmodules-validate-once-per-build-session -Wnon-modular-include-in-framework-module -Werror\=non-modular-include-in-framework-module -Wno-trigraphs -Wno-missing-field-initializers -Wno-missing-prototypes -Wno-return-type -Wno-implicit-atomic-properties -Wno-objc-interface-ivars -Wno-arc-repeated-use-of-weak -Wno-missing-braces -Wparentheses -Wswitch -Wno-unused-function -Wno-unused-label -Wno-unused-parameter -Wno-unused-variable -Wunused-value -Wno-empty-body -Wno-uninitialized -Wno-unknown-pragmas -Wno-shadow -Wno-four-char-constants -Wno-conversion -Wno-constant-conversion -Wno-int-conversion -Wno-bool-conversion -Wno-enum-conversion -Wno-float-conversion -Wno-non-literal-null-conversion -Wno-objc-literal-conversion -Wshorten-64-to-32 -Wpointer-sign -Wno-newline-eof -Wno-selector -Wno-strict-selector-match -Wno-undeclared-selector -Wno-deprecated-implementations -Wno-implicit-fallthrough -isysroot /Applications/Xcode.app/Contents/Developer/Platforms/MacOSX.platform/Developer/SDKs/MacOSX27.0.sdk -fstrict-aliasing -Wprotocol -Wdeprecated-declarations -Wno-sign-conversion -Wno-infinite-recursion -Wno-comma -Wno-block-capture-autoreleasing -Wno-strict-prototypes -Wno-semicolon-before-method-body -index-store-path /Users/buddhirajgautam/Library/Developer/Xcode/DerivedData/Telegram-Mac-fygdgghdgmuleoelvxabfmqiotta/Index.noindex/DataStore @/Users/buddhirajgautam/Library/Developer/Xcode/DerivedData/Telegram-Mac-fygdgghdgmuleoelvxabfmqiotta/Build/Intermediates.noindex/MtProtoKit.build/Debug/MtProtoKit-t.build/Objects-normal/arm64/e6072d4f65d7061329687fe24e3d63a7-common-args.resp -MMD -MT dependencies -MF /Users/buddhirajgautam/Library/Developer/Xcode/DerivedData/Telegram-Mac-fygdgghdgmuleoelvxabfmqiotta/Build/Intermediates.noindex/MtProtoKit.build/Debug/MtProtoKit-t.build/Objects-normal/arm64/MTRequestContext.d --serialize-diagnostics /Users/buddhirajgautam/Library/Developer/Xcode/DerivedData/Telegram-Mac-fygdgghdgmuleoelvxabfmqiotta/Build/Intermediates.noindex/MtProtoKit.build/Debug/MtProtoKit-t.build/Objects-normal/arm64/MTRequestContext.dia -c /Users/buddhirajgautam/Documents/Cherrygram-Mac/macOS-Swift/submodules/telegram-ios/submodules/MtProtoKit/Sources/MTRequestContext.m -o /Users/buddhirajgautam/Library/Developer/Xcode/DerivedData/Telegram-Mac-fygdgghdgmuleoelvxabfmqiotta/Build/Intermediates.noindex/MtProtoKit.build/Debug/MtProtoKit-t.build/Objects-normal/arm64/MTRequestContext.o -index-unit-output-path /MtProtoKit.build/Debug/MtProtoKit-t.build/Objects-normal/arm64/MTRequestContext.o

ScanDependencies /Users/buddhirajgautam/Library/Developer/Xcode/DerivedData/Telegram-Mac-fygdgghdgmuleoelvxabfmqiotta/Build/Intermediates.noindex/MtProtoKit.build/Debug/MtProtoKit-t.build/Objects-normal/arm64/MTQueueLocalObject.o /Users/buddhirajgautam/Documents/Cherrygram-Mac/macOS-Swift/submodules/telegram-ios/submodules/MtProtoKit/Sources/Utils/MTQueueLocalObject.m normal arm64 objective-c com.apple.compilers.llvm.clang.1_0.compiler (in target 'MtProtoKit' from project 'MtProtoKit')
    cd /Users/buddhirajgautam/Documents/Cherrygram-Mac/macOS-Swift
    
    Using response file: /Users/buddhirajgautam/Library/Developer/Xcode/DerivedData/Telegram-Mac-fygdgghdgmuleoelvxabfmqiotta/Build/Intermediates.noindex/MtProtoKit.build/Debug/MtProtoKit-t.build/Objects-normal/arm64/e6072d4f65d7061329687fe24e3d63a7-common-args.resp
    
    builtin-ScanDependencies -o /Users/buddhirajgautam/Library/Developer/Xcode/DerivedData/Telegram-Mac-fygdgghdgmuleoelvxabfmqiotta/Build/Intermediates.noindex/MtProtoKit.build/Debug/MtProtoKit-t.build/Objects-normal/arm64/MTQueueLocalObject.o.scan -- /Applications/Xcode.app/Contents/Developer/Toolchains/XcodeDefault.xctoolchain/usr/bin/clang -x objective-c -ivfsstatcache /Users/buddhirajgautam/Library/Developer/Xcode/DerivedData/SDKStatCaches.noindex/macosx27.0-26A425-e829b21a6f8c9b70876ba0858053c0447231f6df4def33e022ae2eb8f782df1a.sdkstatcache -target arm64-apple-macos12.0 -fmessage-length\=0 -fdiagnostics-show-note-include-stack -fmacro-backtrace-limit\=0 -fno-color-diagnostics -fmodules-prune-interval\=86400 -fmodules-prune-after\=345600 -fbuild-session-file\=/Users/buddhirajgautam/Library/Developer/Xcode/DerivedData/ModuleCache.noindex/Session.modulevalidation -fmodules-validate-once-per-build-session -Wnon-modular-include-in-framework-module -Werror\=non-modular-include-in-framework-module -Wno-trigraphs -Wno-missing-field-initializers -Wno-missing-prototypes -Wno-return-type -Wno-implicit-atomic-properties -Wno-objc-interface-ivars -Wno-arc-repeated-use-of-weak -Wno-missing-braces -Wparentheses -Wswitch -Wno-unused-function -Wno-unused-label -Wno-unused-parameter -Wno-unused-variable -Wunused-value -Wno-empty-body -Wno-uninitialized -Wno-unknown-pragmas -Wno-shadow -Wno-four-char-constants -Wno-conversion -Wno-constant-conversion -Wno-int-conversion -Wno-bool-conversion -Wno-enum-conversion -Wno-float-conversion -Wno-non-literal-null-conversion -Wno-objc-literal-conversion -Wshorten-64-to-32 -Wpointer-sign -Wno-newline-eof -Wno-selector -Wno-strict-selector-match -Wno-undeclared-selector -Wno-deprecated-implementations -Wno-implicit-fallthrough -isysroot /Applications/Xcode.app/Contents/Developer/Platforms/MacOSX.platform/Developer/SDKs/MacOSX27.0.sdk -fstrict-aliasing -Wprotocol -Wdeprecated-declarations -Wno-sign-conversion -Wno-infinite-recursion -Wno-comma -Wno-block-capture-autoreleasing -Wno-strict-prototypes -Wno-semicolon-before-method-body -index-store-path /Users/buddhirajgautam/Library/Developer/Xcode/DerivedData/Telegram-Mac-fygdgghdgmuleoelvxabfmqiotta/Index.noindex/DataStore @/Users/buddhirajgautam/Library/Developer/Xcode/DerivedData/Telegram-Mac-fygdgghdgmuleoelvxabfmqiotta/Build/Intermediates.noindex/MtProtoKit.build/Debug/MtProtoKit-t.build/Objects-normal/arm64/e6072d4f65d7061329687fe24e3d63a7-common-args.resp -MMD -MT dependencies -MF /Users/buddhirajgautam/Library/Developer/Xcode/DerivedData/Telegram-Mac-fygdgghdgmuleoelvxabfmqiotta/Build/Intermediates.noindex/MtProtoKit.build/Debug/MtProtoKit-t.build/Objects-normal/arm64/MTQueueLocalObject.d --serialize-diagnostics /Users/buddhirajgautam/Library/Developer/Xcode/DerivedData/Telegram-Mac-fygdgghdgmuleoelvxabfmqiotta/Build/Intermediates.noindex/MtProtoKit.build/Debug/MtProtoKit-t.build/Objects-normal/arm64/MTQueueLocalObject.dia -c /Users/buddhirajgautam/Documents/Cherrygram-Mac/macOS-Swift/submodules/telegram-ios/submodules/MtProtoKit/Sources/Utils/MTQueueLocalObject.m -o /Users/buddhirajgautam/Library/Developer/Xcode/DerivedData/Telegram-Mac-fygdgghdgmuleoelvxabfmqiotta/Build/Intermediates.noindex/MtProtoKit.build/Debug/MtProtoKit-t.build/Objects-normal/arm64/MTQueueLocalObject.o -index-unit-output-path /MtProtoKit.build/Debug/MtProtoKit-t.build/Objects-normal/arm64/MTQueueLocalObject.o

CompileC /Users/buddhirajgautam/Library/Developer/Xcode/DerivedData/Telegram-Mac-fygdgghdgmuleoelvxabfmqiotta/Build/Intermediates.noindex/MtProtoKit.build/Debug/MtProtoKit-t.build/Objects-normal/arm64/MTRequestErrorContext.o /Users/buddhirajgautam/Documents/Cherrygram-Mac/macOS-Swift/submodules/telegram-ios/submodules/MtProtoKit/Sources/MTRequestErrorContext.m normal arm64 objective-c com.apple.compilers.llvm.clang.1_0.compiler (in target 'MtProtoKit' from project 'MtProtoKit')
    cd /Users/buddhirajgautam/Documents/Cherrygram-Mac/macOS-Swift
    
    Using response file: /Users/buddhirajgautam/Library/Developer/Xcode/DerivedData/Telegram-Mac-fygdgghdgmuleoelvxabfmqiotta/Build/Intermediates.noindex/MtProtoKit.build/Debug/MtProtoKit-t.build/Objects-normal/arm64/e6072d4f65d7061329687fe24e3d63a7-common-args.resp
    
    /Applications/Xcode.app/Contents/Developer/Toolchains/XcodeDefault.xctoolchain/usr/bin/clang -x objective-c -ivfsstatcache /Users/buddhirajgautam/Library/Developer/Xcode/DerivedData/SDKStatCaches.noindex/macosx27.0-26A425-e829b21a6f8c9b70876ba0858053c0447231f6df4def33e022ae2eb8f782df1a.sdkstatcache -target arm64-apple-macos12.0 -fmessage-length\=0 -fdiagnostics-show-note-include-stack -fmacro-backtrace-limit\=0 -fno-color-diagnostics -fmodules-prune-interval\=86400 -fmodules-prune-after\=345600 -fbuild-session-file\=/Users/buddhirajgautam/Library/Developer/Xcode/DerivedData/ModuleCache.noindex/Session.modulevalidation -fmodules-validate-once-per-build-session -Wnon-modular-include-in-framework-module -Werror\=non-modular-include-in-framework-module -Wno-trigraphs -Wno-missing-field-initializers -Wno-missing-prototypes -Wno-return-type -Wno-implicit-atomic-properties -Wno-objc-interface-ivars -Wno-arc-repeated-use-of-weak -Wno-missing-braces -Wparentheses -Wswitch -Wno-unused-function -Wno-unused-label -Wno-unused-parameter -Wno-unused-variable -Wunused-value -Wno-empty-body -Wno-uninitialized -Wno-unknown-pragmas -Wno-shadow -Wno-four-char-constants -Wno-conversion -Wno-constant-conversion -Wno-int-conversion -Wno-bool-conversion -Wno-enum-conversion -Wno-float-conversion -Wno-non-literal-null-conversion -Wno-objc-literal-conversion -Wshorten-64-to-32 -Wpointer-sign -Wno-newline-eof -Wno-selector -Wno-strict-selector-match -Wno-undeclared-selector -Wno-deprecated-implementations -Wno-implicit-fallthrough -isysroot /Applications/Xcode.app/Contents/Developer/Platforms/MacOSX.platform/Developer/SDKs/MacOSX27.0.sdk -fstrict-aliasing -Wprotocol -Wdeprecated-declarations -Wno-sign-conversion -Wno-infinite-recursion -Wno-comma -Wno-block-capture-autoreleasing -Wno-strict-prototypes -Wno-semicolon-before-method-body -index-store-path /Users/buddhirajgautam/Library/Developer/Xcode/DerivedData/Telegram-Mac-fygdgghdgmuleoelvxabfmqiotta/Index.noindex/DataStore @/Users/buddhirajgautam/Library/Developer/Xcode/DerivedData/Telegram-Mac-fygdgghdgmuleoelvxabfmqiotta/Build/Intermediates.noindex/MtProtoKit.build/Debug/MtProtoKit-t.build/Objects-normal/arm64/e6072d4f65d7061329687fe24e3d63a7-common-args.resp -MMD -MT dependencies -MF /Users/buddhirajgautam/Library/Developer/Xcode/DerivedData/Telegram-Mac-fygdgghdgmuleoelvxabfmqiotta/Build/Intermediates.noindex/MtProtoKit.build/Debug/MtProtoKit-t.build/Objects-normal/arm64/MTRequestErrorContext.d --serialize-diagnostics /Users/buddhirajgautam/Library/Developer/Xcode/DerivedData/Telegram-Mac-fygdgghdgmuleoelvxabfmqiotta/Build/Intermediates.noindex/MtProtoKit.build/Debug/MtProtoKit-t.build/Objects-normal/arm64/MTRequestErrorContext.dia -c /Users/buddhirajgautam/Documents/Cherrygram-Mac/macOS-Swift/submodules/telegram-ios/submodules/MtProtoKit/Sources/MTRequestErrorContext.m -o /Users/buddhirajgautam/Library/Developer/Xcode/DerivedData/Telegram-Mac-fygdgghdgmuleoelvxabfmqiotta/Build/Intermediates.noindex/MtProtoKit.build/Debug/MtProtoKit-t.build/Objects-normal/arm64/MTRequestErrorContext.o -index-unit-output-path /MtProtoKit.build/Debug/MtProtoKit-t.build/Objects-normal/arm64/MTRequestErrorContext.o

ScanDependencies /Users/buddhirajgautam/Library/Developer/Xcode/DerivedData/Telegram-Mac-fygdgghdgmuleoelvxabfmqiotta/Build/Intermediates.noindex/MtProtoKit.build/Debug/MtProtoKit-t.build/Objects-normal/arm64/MTQueue.o /Users/buddhirajgautam/Documents/Cherrygram-Mac/macOS-Swift/submodules/telegram-ios/submodules/MtProtoKit/Sources/MTQueue.m normal arm64 objective-c com.apple.compilers.llvm.clang.1_0.compiler (in target 'MtProtoKit' from project 'MtProtoKit')
    cd /Users/buddhirajgautam/Documents/Cherrygram-Mac/macOS-Swift
    
    Using response file: /Users/buddhirajgautam/Library/Developer/Xcode/DerivedData/Telegram-Mac-fygdgghdgmuleoelvxabfmqiotta/Build/Intermediates.noindex/MtProtoKit.build/Debug/MtProtoKit-t.build/Objects-normal/arm64/e6072d4f65d7061329687fe24e3d63a7-common-args.resp
    
    builtin-ScanDependencies -o /Users/buddhirajgautam/Library/Developer/Xcode/DerivedData/Telegram-Mac-fygdgghdgmuleoelvxabfmqiotta/Build/Intermediates.noindex/MtProtoKit.build/Debug/MtProtoKit-t.build/Objects-normal/arm64/MTQueue.o.scan -- /Applications/Xcode.app/Contents/Developer/Toolchains/XcodeDefault.xctoolchain/usr/bin/clang -x objective-c -ivfsstatcache /Users/buddhirajgautam/Library/Developer/Xcode/DerivedData/SDKStatCaches.noindex/macosx27.0-26A425-e829b21a6f8c9b70876ba0858053c0447231f6df4def33e022ae2eb8f782df1a.sdkstatcache -target arm64-apple-macos12.0 -fmessage-length\=0 -fdiagnostics-show-note-include-stack -fmacro-backtrace-limit\=0 -fno-color-diagnostics -fmodules-prune-interval\=86400 -fmodules-prune-after\=345600 -fbuild-session-file\=/Users/buddhirajgautam/Library/Developer/Xcode/DerivedData/ModuleCache.noindex/Session.modulevalidation -fmodules-validate-once-per-build-session -Wnon-modular-include-in-framework-module -Werror\=non-modular-include-in-framework-module -Wno-trigraphs -Wno-missing-field-initializers -Wno-missing-prototypes -Wno-return-type -Wno-implicit-atomic-properties -Wno-objc-interface-ivars -Wno-arc-repeated-use-of-weak -Wno-missing-braces -Wparentheses -Wswitch -Wno-unused-function -Wno-unused-label -Wno-unused-parameter -Wno-unused-variable -Wunused-value -Wno-empty-body -Wno-uninitialized -Wno-unknown-pragmas -Wno-shadow -Wno-four-char-constants -Wno-conversion -Wno-constant-conversion -Wno-int-conversion -Wno-bool-conversion -Wno-enum-conversion -Wno-float-conversion -Wno-non-literal-null-conversion -Wno-objc-literal-conversion -Wshorten-64-to-32 -Wpointer-sign -Wno-newline-eof -Wno-selector -Wno-strict-selector-match -Wno-undeclared-selector -Wno-deprecated-implementations -Wno-implicit-fallthrough -isysroot /Applications/Xcode.app/Contents/Developer/Platforms/MacOSX.platform/Developer/SDKs/MacOSX27.0.sdk -fstrict-aliasing -Wprotocol -Wdeprecated-declarations -Wno-sign-conversion -Wno-infinite-recursion -Wno-comma -Wno-block-capture-autoreleasing -Wno-strict-prototypes -Wno-semicolon-before-method-body -index-store-path /Users/buddhirajgautam/Library/Developer/Xcode/DerivedData/Telegram-Mac-fygdgghdgmuleoelvxabfmqiotta/Index.noindex/DataStore @/Users/buddhirajgautam/Library/Developer/Xcode/DerivedData/Telegram-Mac-fygdgghdgmuleoelvxabfmqiotta/Build/Intermediates.noindex/MtProtoKit.build/Debug/MtProtoKit-t.build/Objects-normal/arm64/e6072d4f65d7061329687fe24e3d63a7-common-args.resp -MMD -MT dependencies -MF /Users/buddhirajgautam/Library/Developer/Xcode/DerivedData/Telegram-Mac-fygdgghdgmuleoelvxabfmqiotta/Build/Intermediates.noindex/MtProtoKit.build/Debug/MtProtoKit-t.build/Objects-normal/arm64/MTQueue.d --serialize-diagnostics /Users/buddhirajgautam/Library/Developer/Xcode/DerivedData/Telegram-Mac-fygdgghdgmuleoelvxabfmqiotta/Build/Intermediates.noindex/MtProtoKit.build/Debug/MtProtoKit-t.build/Objects-normal/arm64/MTQueue.dia -c /Users/buddhirajgautam/Documents/Cherrygram-Mac/macOS-Swift/submodules/telegram-ios/submodules/MtProtoKit/Sources/MTQueue.m -o /Users/buddhirajgautam/Library/Developer/Xcode/DerivedData/Telegram-Mac-fygdgghdgmuleoelvxabfmqiotta/Build/Intermediates.noindex/MtProtoKit.build/Debug/MtProtoKit-t.build/Objects-normal/arm64/MTQueue.o -index-unit-output-path /MtProtoKit.build/Debug/MtProtoKit-t.build/Objects-normal/arm64/MTQueue.o

CompileC /Users/buddhirajgautam/Library/Developer/Xcode/DerivedData/Telegram-Mac-fygdgghdgmuleoelvxabfmqiotta/Build/Intermediates.noindex/MtProtoKit.build/Debug/MtProtoKit-t.build/Objects-normal/arm64/MTQueueLocalObject.o /Users/buddhirajgautam/Documents/Cherrygram-Mac/macOS-Swift/submodules/telegram-ios/submodules/MtProtoKit/Sources/Utils/MTQueueLocalObject.m normal arm64 objective-c com.apple.compilers.llvm.clang.1_0.compiler (in target 'MtProtoKit' from project 'MtProtoKit')
    cd /Users/buddhirajgautam/Documents/Cherrygram-Mac/macOS-Swift
    
    Using response file: /Users/buddhirajgautam/Library/Developer/Xcode/DerivedData/Telegram-Mac-fygdgghdgmuleoelvxabfmqiotta/Build/Intermediates.noindex/MtProtoKit.build/Debug/MtProtoKit-t.build/Objects-normal/arm64/e6072d4f65d7061329687fe24e3d63a7-common-args.resp
    
    /Applications/Xcode.app/Contents/Developer/Toolchains/XcodeDefault.xctoolchain/usr/bin/clang -x objective-c -ivfsstatcache /Users/buddhirajgautam/Library/Developer/Xcode/DerivedData/SDKStatCaches.noindex/macosx27.0-26A425-e829b21a6f8c9b70876ba0858053c0447231f6df4def33e022ae2eb8f782df1a.sdkstatcache -target arm64-apple-macos12.0 -fmessage-length\=0 -fdiagnostics-show-note-include-stack -fmacro-backtrace-limit\=0 -fno-color-diagnostics -fmodules-prune-interval\=86400 -fmodules-prune-after\=345600 -fbuild-session-file\=/Users/buddhirajgautam/Library/Developer/Xcode/DerivedData/ModuleCache.noindex/Session.modulevalidation -fmodules-validate-once-per-build-session -Wnon-modular-include-in-framework-module -Werror\=non-modular-include-in-framework-module -Wno-trigraphs -Wno-missing-field-initializers -Wno-missing-prototypes -Wno-return-type -Wno-implicit-atomic-properties -Wno-objc-interface-ivars -Wno-arc-repeated-use-of-weak -Wno-missing-braces -Wparentheses -Wswitch -Wno-unused-function -Wno-unused-label -Wno-unused-parameter -Wno-unused-variable -Wunused-value -Wno-empty-body -Wno-uninitialized -Wno-unknown-pragmas -Wno-shadow -Wno-four-char-constants -Wno-conversion -Wno-constant-conversion -Wno-int-conversion -Wno-bool-conversion -Wno-enum-conversion -Wno-float-conversion -Wno-non-literal-null-conversion -Wno-objc-literal-conversion -Wshorten-64-to-32 -Wpointer-sign -Wno-newline-eof -Wno-selector -Wno-strict-selector-match -Wno-undeclared-selector -Wno-deprecated-implementations -Wno-implicit-fallthrough -isysroot /Applications/Xcode.app/Contents/Developer/Platforms/MacOSX.platform/Developer/SDKs/MacOSX27.0.sdk -fstrict-aliasing -Wprotocol -Wdeprecated-declarations -Wno-sign-conversion -Wno-infinite-recursion -Wno-comma -Wno-block-capture-autoreleasing -Wno-strict-prototypes -Wno-semicolon-before-method-body -index-store-path /Users/buddhirajgautam/Library/Developer/Xcode/DerivedData/Telegram-Mac-fygdgghdgmuleoelvxabfmqiotta/Index.noindex/DataStore @/Users/buddhirajgautam/Library/Developer/Xcode/DerivedData/Telegram-Mac-fygdgghdgmuleoelvxabfmqiotta/Build/Intermediates.noindex/MtProtoKit.build/Debug/MtProtoKit-t.build/Objects-normal/arm64/e6072d4f65d7061329687fe24e3d63a7-common-args.resp -MMD -MT dependencies -MF /Users/buddhirajgautam/Library/Developer/Xcode/DerivedData/Telegram-Mac-fygdgghdgmuleoelvxabfmqiotta/Build/Intermediates.noindex/MtProtoKit.build/Debug/MtProtoKit-t.build/Objects-normal/arm64/MTQueueLocalObject.d --serialize-diagnostics /Users/buddhirajgautam/Library/Developer/Xcode/DerivedData/Telegram-Mac-fygdgghdgmuleoelvxabfmqiotta/Build/Intermediates.noindex/MtProtoKit.build/Debug/MtProtoKit-t.build/Objects-normal/arm64/MTQueueLocalObject.dia -c /Users/buddhirajgautam/Documents/Cherrygram-Mac/macOS-Swift/submodules/telegram-ios/submodules/MtProtoKit/Sources/Utils/MTQueueLocalObject.m -o /Users/buddhirajgautam/Library/Developer/Xcode/DerivedData/Telegram-Mac-fygdgghdgmuleoelvxabfmqiotta/Build/Intermediates.noindex/MtProtoKit.build/Debug/MtProtoKit-t.build/Objects-normal/arm64/MTQueueLocalObject.o -index-unit-output-path /MtProtoKit.build/Debug/MtProtoKit-t.build/Objects-normal/arm64/MTQueueLocalObject.o

ScanDependencies /Users/buddhirajgautam/Library/Developer/Xcode/DerivedData/Telegram-Mac-fygdgghdgmuleoelvxabfmqiotta/Build/Intermediates.noindex/MtProtoKit.build/Debug/MtProtoKit-t.build/Objects-normal/arm64/MTProxyConnectivity.o /Users/buddhirajgautam/Documents/Cherrygram-Mac/macOS-Swift/submodules/telegram-ios/submodules/MtProtoKit/Sources/MTProxyConnectivity.m normal arm64 objective-c com.apple.compilers.llvm.clang.1_0.compiler (in target 'MtProtoKit' from project 'MtProtoKit')
    cd /Users/buddhirajgautam/Documents/Cherrygram-Mac/macOS-Swift
    
    Using response file: /Users/buddhirajgautam/Library/Developer/Xcode/DerivedData/Telegram-Mac-fygdgghdgmuleoelvxabfmqiotta/Build/Intermediates.noindex/MtProtoKit.build/Debug/MtProtoKit-t.build/Objects-normal/arm64/e6072d4f65d7061329687fe24e3d63a7-common-args.resp
    
    builtin-ScanDependencies -o /Users/buddhirajgautam/Library/Developer/Xcode/DerivedData/Telegram-Mac-fygdgghdgmuleoelvxabfmqiotta/Build/Intermediates.noindex/MtProtoKit.build/Debug/MtProtoKit-t.build/Objects-normal/arm64/MTProxyConnectivity.o.scan -- /Applications/Xcode.app/Contents/Developer/Toolchains/XcodeDefault.xctoolchain/usr/bin/clang -x objective-c -ivfsstatcache /Users/buddhirajgautam/Library/Developer/Xcode/DerivedData/SDKStatCaches.noindex/macosx27.0-26A425-e829b21a6f8c9b70876ba0858053c0447231f6df4def33e022ae2eb8f782df1a.sdkstatcache -target arm64-apple-macos12.0 -fmessage-length\=0 -fdiagnostics-show-note-include-stack -fmacro-backtrace-limit\=0 -fno-color-diagnostics -fmodules-prune-interval\=86400 -fmodules-prune-after\=345600 -fbuild-session-file\=/Users/buddhirajgautam/Library/Developer/Xcode/DerivedData/ModuleCache.noindex/Session.modulevalidation -fmodules-validate-once-per-build-session -Wnon-modular-include-in-framework-module -Werror\=non-modular-include-in-framework-module -Wno-trigraphs -Wno-missing-field-initializers -Wno-missing-prototypes -Wno-return-type -Wno-implicit-atomic-properties -Wno-objc-interface-ivars -Wno-arc-repeated-use-of-weak -Wno-missing-braces -Wparentheses -Wswitch -Wno-unused-function -Wno-unused-label -Wno-unused-parameter -Wno-unused-variable -Wunused-value -Wno-empty-body -Wno-uninitialized -Wno-unknown-pragmas -Wno-shadow -Wno-four-char-constants -Wno-conversion -Wno-constant-conversion -Wno-int-conversion -Wno-bool-conversion -Wno-enum-conversion -Wno-float-conversion -Wno-non-literal-null-conversion -Wno-objc-literal-conversion -Wshorten-64-to-32 -Wpointer-sign -Wno-newline-eof -Wno-selector -Wno-strict-selector-match -Wno-undeclared-selector -Wno-deprecated-implementations -Wno-implicit-fallthrough -isysroot /Applications/Xcode.app/Contents/Developer/Platforms/MacOSX.platform/Developer/SDKs/MacOSX27.0.sdk -fstrict-aliasing -Wprotocol -Wdeprecated-declarations -Wno-sign-conversion -Wno-infinite-recursion -Wno-comma -Wno-block-capture-autoreleasing -Wno-strict-prototypes -Wno-semicolon-before-method-body -index-store-path /Users/buddhirajgautam/Library/Developer/Xcode/DerivedData/Telegram-Mac-fygdgghdgmuleoelvxabfmqiotta/Index.noindex/DataStore @/Users/buddhirajgautam/Library/Developer/Xcode/DerivedData/Telegram-Mac-fygdgghdgmuleoelvxabfmqiotta/Build/Intermediates.noindex/MtProtoKit.build/Debug/MtProtoKit-t.build/Objects-normal/arm64/e6072d4f65d7061329687fe24e3d63a7-common-args.resp -MMD -MT dependencies -MF /Users/buddhirajgautam/Library/Developer/Xcode/DerivedData/Telegram-Mac-fygdgghdgmuleoelvxabfmqiotta/Build/Intermediates.noindex/MtProtoKit.build/Debug/MtProtoKit-t.build/Objects-normal/arm64/MTProxyConnectivity.d --serialize-diagnostics /Users/buddhirajgautam/Library/Developer/Xcode/DerivedData/Telegram-Mac-fygdgghdgmuleoelvxabfmqiotta/Build/Intermediates.noindex/MtProtoKit.build/Debug/MtProtoKit-t.build/Objects-normal/arm64/MTProxyConnectivity.dia -c /Users/buddhirajgautam/Documents/Cherrygram-Mac/macOS-Swift/submodules/telegram-ios/submodules/MtProtoKit/Sources/MTProxyConnectivity.m -o /Users/buddhirajgautam/Library/Developer/Xcode/DerivedData/Telegram-Mac-fygdgghdgmuleoelvxabfmqiotta/Build/Intermediates.noindex/MtProtoKit.build/Debug/MtProtoKit-t.build/Objects-normal/arm64/MTProxyConnectivity.o -index-unit-output-path /MtProtoKit.build/Debug/MtProtoKit-t.build/Objects-normal/arm64/MTProxyConnectivity.o

CompileC /Users/buddhirajgautam/Library/Developer/Xcode/DerivedData/Telegram-Mac-fygdgghdgmuleoelvxabfmqiotta/Build/Intermediates.noindex/MtProtoKit.build/Debug/MtProtoKit-t.build/Objects-normal/arm64/MTRequest.o /Users/buddhirajgautam/Documents/Cherrygram-Mac/macOS-Swift/submodules/telegram-ios/submodules/MtProtoKit/Sources/MTRequest.m normal arm64 objective-c com.apple.compilers.llvm.clang.1_0.compiler (in target 'MtProtoKit' from project 'MtProtoKit')
    cd /Users/buddhirajgautam/Documents/Cherrygram-Mac/macOS-Swift
    
    Using response file: /Users/buddhirajgautam/Library/Developer/Xcode/DerivedData/Telegram-Mac-fygdgghdgmuleoelvxabfmqiotta/Build/Intermediates.noindex/MtProtoKit.build/Debug/MtProtoKit-t.build/Objects-normal/arm64/e6072d4f65d7061329687fe24e3d63a7-common-args.resp
    
    /Applications/Xcode.app/Contents/Developer/Toolchains/XcodeDefault.xctoolchain/usr/bin/clang -x objective-c -ivfsstatcache /Users/buddhirajgautam/Library/Developer/Xcode/DerivedData/SDKStatCaches.noindex/macosx27.0-26A425-e829b21a6f8c9b70876ba0858053c0447231f6df4def33e022ae2eb8f782df1a.sdkstatcache -target arm64-apple-macos12.0 -fmessage-length\=0 -fdiagnostics-show-note-include-stack -fmacro-backtrace-limit\=0 -fno-color-diagnostics -fmodules-prune-interval\=86400 -fmodules-prune-after\=345600 -fbuild-session-file\=/Users/buddhirajgautam/Library/Developer/Xcode/DerivedData/ModuleCache.noindex/Session.modulevalidation -fmodules-validate-once-per-build-session -Wnon-modular-include-in-framework-module -Werror\=non-modular-include-in-framework-module -Wno-trigraphs -Wno-missing-field-initializers -Wno-missing-prototypes -Wno-return-type -Wno-implicit-atomic-properties -Wno-objc-interface-ivars -Wno-arc-repeated-use-of-weak -Wno-missing-braces -Wparentheses -Wswitch -Wno-unused-function -Wno-unused-label -Wno-unused-parameter -Wno-unused-variable -Wunused-value -Wno-empty-body -Wno-uninitialized -Wno-unknown-pragmas -Wno-shadow -Wno-four-char-constants -Wno-conversion -Wno-constant-conversion -Wno-int-conversion -Wno-bool-conversion -Wno-enum-conversion -Wno-float-conversion -Wno-non-literal-null-conversion -Wno-objc-literal-conversion -Wshorten-64-to-32 -Wpointer-sign -Wno-newline-eof -Wno-selector -Wno-strict-selector-match -Wno-undeclared-selector -Wno-deprecated-implementations -Wno-implicit-fallthrough -isysroot /Applications/Xcode.app/Contents/Developer/Platforms/MacOSX.platform/Developer/SDKs/MacOSX27.0.sdk -fstrict-aliasing -Wprotocol -Wdeprecated-declarations -Wno-sign-conversion -Wno-infinite-recursion -Wno-comma -Wno-block-capture-autoreleasing -Wno-strict-prototypes -Wno-semicolon-before-method-body -index-store-path /Users/buddhirajgautam/Library/Developer/Xcode/DerivedData/Telegram-Mac-fygdgghdgmuleoelvxabfmqiotta/Index.noindex/DataStore @/Users/buddhirajgautam/Library/Developer/Xcode/DerivedData/Telegram-Mac-fygdgghdgmuleoelvxabfmqiotta/Build/Intermediates.noindex/MtProtoKit.build/Debug/MtProtoKit-t.build/Objects-normal/arm64/e6072d4f65d7061329687fe24e3d63a7-common-args.resp -MMD -MT dependencies -MF /Users/buddhirajgautam/Library/Developer/Xcode/DerivedData/Telegram-Mac-fygdgghdgmuleoelvxabfmqiotta/Build/Intermediates.noindex/MtProtoKit.build/Debug/MtProtoKit-t.build/Objects-normal/arm64/MTRequest.d --serialize-diagnostics /Users/buddhirajgautam/Library/Developer/Xcode/DerivedData/Telegram-Mac-fygdgghdgmuleoelvxabfmqiotta/Build/Intermediates.noindex/MtProtoKit.build/Debug/MtProtoKit-t.build/Objects-normal/arm64/MTRequest.dia -c /Users/buddhirajgautam/Documents/Cherrygram-Mac/macOS-Swift/submodules/telegram-ios/submodules/MtProtoKit/Sources/MTRequest.m -o /Users/buddhirajgautam/Library/Developer/Xcode/DerivedData/Telegram-Mac-fygdgghdgmuleoelvxabfmqiotta/Build/Intermediates.noindex/MtProtoKit.build/Debug/MtProtoKit-t.build/Objects-normal/arm64/MTRequest.o -index-unit-output-path /MtProtoKit.build/Debug/MtProtoKit-t.build/Objects-normal/arm64/MTRequest.o

ScanDependencies /Users/buddhirajgautam/Library/Developer/Xcode/DerivedData/Telegram-Mac-fygdgghdgmuleoelvxabfmqiotta/Build/Intermediates.noindex/MtProtoKit.build/Debug/MtProtoKit-t.build/Objects-normal/arm64/MTProtoInstance.o /Users/buddhirajgautam/Documents/Cherrygram-Mac/macOS-Swift/submodules/telegram-ios/submodules/MtProtoKit/Sources/MTProtoInstance.m normal arm64 objective-c com.apple.compilers.llvm.clang.1_0.compiler (in target 'MtProtoKit' from project 'MtProtoKit')
    cd /Users/buddhirajgautam/Documents/Cherrygram-Mac/macOS-Swift
    
    Using response file: /Users/buddhirajgautam/Library/Developer/Xcode/DerivedData/Telegram-Mac-fygdgghdgmuleoelvxabfmqiotta/Build/Intermediates.noindex/MtProtoKit.build/Debug/MtProtoKit-t.build/Objects-normal/arm64/e6072d4f65d7061329687fe24e3d63a7-common-args.resp
    
    builtin-ScanDependencies -o /Users/buddhirajgautam/Library/Developer/Xcode/DerivedData/Telegram-Mac-fygdgghdgmuleoelvxabfmqiotta/Build/Intermediates.noindex/MtProtoKit.build/Debug/MtProtoKit-t.build/Objects-normal/arm64/MTProtoInstance.o.scan -- /Applications/Xcode.app/Contents/Developer/Toolchains/XcodeDefault.xctoolchain/usr/bin/clang -x objective-c -ivfsstatcache /Users/buddhirajgautam/Library/Developer/Xcode/DerivedData/SDKStatCaches.noindex/macosx27.0-26A425-e829b21a6f8c9b70876ba0858053c0447231f6df4def33e022ae2eb8f782df1a.sdkstatcache -target arm64-apple-macos12.0 -fmessage-length\=0 -fdiagnostics-show-note-include-stack -fmacro-backtrace-limit\=0 -fno-color-diagnostics -fmodules-prune-interval\=86400 -fmodules-prune-after\=345600 -fbuild-session-file\=/Users/buddhirajgautam/Library/Developer/Xcode/DerivedData/ModuleCache.noindex/Session.modulevalidation -fmodules-validate-once-per-build-session -Wnon-modular-include-in-framework-module -Werror\=non-modular-include-in-framework-module -Wno-trigraphs -Wno-missing-field-initializers -Wno-missing-prototypes -Wno-return-type -Wno-implicit-atomic-properties -Wno-objc-interface-ivars -Wno-arc-repeated-use-of-weak -Wno-missing-braces -Wparentheses -Wswitch -Wno-unused-function -Wno-unused-label -Wno-unused-parameter -Wno-unused-variable -Wunused-value -Wno-empty-body -Wno-uninitialized -Wno-unknown-pragmas -Wno-shadow -Wno-four-char-constants -Wno-conversion -Wno-constant-conversion -Wno-int-conversion -Wno-bool-conversion -Wno-enum-conversion -Wno-float-conversion -Wno-non-literal-null-conversion -Wno-objc-literal-conversion -Wshorten-64-to-32 -Wpointer-sign -Wno-newline-eof -Wno-selector -Wno-strict-selector-match -Wno-undeclared-selector -Wno-deprecated-implementations -Wno-implicit-fallthrough -isysroot /Applications/Xcode.app/Contents/Developer/Platforms/MacOSX.platform/Developer/SDKs/MacOSX27.0.sdk -fstrict-aliasing -Wprotocol -Wdeprecated-declarations -Wno-sign-conversion -Wno-infinite-recursion -Wno-comma -Wno-block-capture-autoreleasing -Wno-strict-prototypes -Wno-semicolon-before-method-body -index-store-path /Users/buddhirajgautam/Library/Developer/Xcode/DerivedData/Telegram-Mac-fygdgghdgmuleoelvxabfmqiotta/Index.noindex/DataStore @/Users/buddhirajgautam/Library/Developer/Xcode/DerivedData/Telegram-Mac-fygdgghdgmuleoelvxabfmqiotta/Build/Intermediates.noindex/MtProtoKit.build/Debug/MtProtoKit-t.build/Objects-normal/arm64/e6072d4f65d7061329687fe24e3d63a7-common-args.resp -MMD -MT dependencies -MF /Users/buddhirajgautam/Library/Developer/Xcode/DerivedData/Telegram-Mac-fygdgghdgmuleoelvxabfmqiotta/Build/Intermediates.noindex/MtProtoKit.build/Debug/MtProtoKit-t.build/Objects-normal/arm64/MTProtoInstance.d --serialize-diagnostics /Users/buddhirajgautam/Library/Developer/Xcode/DerivedData/Telegram-Mac-fygdgghdgmuleoelvxabfmqiotta/Build/Intermediates.noindex/MtProtoKit.build/Debug/MtProtoKit-t.build/Objects-normal/arm64/MTProtoInstance.dia -c /Users/buddhirajgautam/Documents/Cherrygram-Mac/macOS-Swift/submodules/telegram-ios/submodules/MtProtoKit/Sources/MTProtoInstance.m -o /Users/buddhirajgautam/Library/Developer/Xcode/DerivedData/Telegram-Mac-fygdgghdgmuleoelvxabfmqiotta/Build/Intermediates.noindex/MtProtoKit.build/Debug/MtProtoKit-t.build/Objects-normal/arm64/MTProtoInstance.o -index-unit-output-path /MtProtoKit.build/Debug/MtProtoKit-t.build/Objects-normal/arm64/MTProtoInstance.o

CompileC /Users/buddhirajgautam/Library/Developer/Xcode/DerivedData/Telegram-Mac-fygdgghdgmuleoelvxabfmqiotta/Build/Intermediates.noindex/MtProtoKit.build/Debug/MtProtoKit-t.build/Objects-normal/arm64/MTQueue.o /Users/buddhirajgautam/Documents/Cherrygram-Mac/macOS-Swift/submodules/telegram-ios/submodules/MtProtoKit/Sources/MTQueue.m normal arm64 objective-c com.apple.compilers.llvm.clang.1_0.compiler (in target 'MtProtoKit' from project 'MtProtoKit')
    cd /Users/buddhirajgautam/Documents/Cherrygram-Mac/macOS-Swift
    
    Using response file: /Users/buddhirajgautam/Library/Developer/Xcode/DerivedData/Telegram-Mac-fygdgghdgmuleoelvxabfmqiotta/Build/Intermediates.noindex/MtProtoKit.build/Debug/MtProtoKit-t.build/Objects-normal/arm64/e6072d4f65d7061329687fe24e3d63a7-common-args.resp
    
    /Applications/Xcode.app/Contents/Developer/Toolchains/XcodeDefault.xctoolchain/usr/bin/clang -x objective-c -ivfsstatcache /Users/buddhirajgautam/Library/Developer/Xcode/DerivedData/SDKStatCaches.noindex/macosx27.0-26A425-e829b21a6f8c9b70876ba0858053c0447231f6df4def33e022ae2eb8f782df1a.sdkstatcache -target arm64-apple-macos12.0 -fmessage-length\=0 -fdiagnostics-show-note-include-stack -fmacro-backtrace-limit\=0 -fno-color-diagnostics -fmodules-prune-interval\=86400 -fmodules-prune-after\=345600 -fbuild-session-file\=/Users/buddhirajgautam/Library/Developer/Xcode/DerivedData/ModuleCache.noindex/Session.modulevalidation -fmodules-validate-once-per-build-session -Wnon-modular-include-in-framework-module -Werror\=non-modular-include-in-framework-module -Wno-trigraphs -Wno-missing-field-initializers -Wno-missing-prototypes -Wno-return-type -Wno-implicit-atomic-properties -Wno-objc-interface-ivars -Wno-arc-repeated-use-of-weak -Wno-missing-braces -Wparentheses -Wswitch -Wno-unused-function -Wno-unused-label -Wno-unused-parameter -Wno-unused-variable -Wunused-value -Wno-empty-body -Wno-uninitialized -Wno-unknown-pragmas -Wno-shadow -Wno-four-char-constants -Wno-conversion -Wno-constant-conversion -Wno-int-conversion -Wno-bool-conversion -Wno-enum-conversion -Wno-float-conversion -Wno-non-literal-null-conversion -Wno-objc-literal-conversion -Wshorten-64-to-32 -Wpointer-sign -Wno-newline-eof -Wno-selector -Wno-strict-selector-match -Wno-undeclared-selector -Wno-deprecated-implementations -Wno-implicit-fallthrough -isysroot /Applications/Xcode.app/Contents/Developer/Platforms/MacOSX.platform/Developer/SDKs/MacOSX27.0.sdk -fstrict-aliasing -Wprotocol -Wdeprecated-declarations -Wno-sign-conversion -Wno-infinite-recursion -Wno-comma -Wno-block-capture-autoreleasing -Wno-strict-prototypes -Wno-semicolon-before-method-body -index-store-path /Users/buddhirajgautam/Library/Developer/Xcode/DerivedData/Telegram-Mac-fygdgghdgmuleoelvxabfmqiotta/Index.noindex/DataStore @/Users/buddhirajgautam/Library/Developer/Xcode/DerivedData/Telegram-Mac-fygdgghdgmuleoelvxabfmqiotta/Build/Intermediates.noindex/MtProtoKit.build/Debug/MtProtoKit-t.build/Objects-normal/arm64/e6072d4f65d7061329687fe24e3d63a7-common-args.resp -MMD -MT dependencies -MF /Users/buddhirajgautam/Library/Developer/Xcode/DerivedData/Telegram-Mac-fygdgghdgmuleoelvxabfmqiotta/Build/Intermediates.noindex/MtProtoKit.build/Debug/MtProtoKit-t.build/Objects-normal/arm64/MTQueue.d --serialize-diagnostics /Users/buddhirajgautam/Library/Developer/Xcode/DerivedData/Telegram-Mac-fygdgghdgmuleoelvxabfmqiotta/Build/Intermediates.noindex/MtProtoKit.build/Debug/MtProtoKit-t.build/Objects-normal/arm64/MTQueue.dia -c /Users/buddhirajgautam/Documents/Cherrygram-Mac/macOS-Swift/submodules/telegram-ios/submodules/MtProtoKit/Sources/MTQueue.m -o /Users/buddhirajgautam/Library/Developer/Xcode/DerivedData/Telegram-Mac-fygdgghdgmuleoelvxabfmqiotta/Build/Intermediates.noindex/MtProtoKit.build/Debug/MtProtoKit-t.build/Objects-normal/arm64/MTQueue.o -index-unit-output-path /MtProtoKit.build/Debug/MtProtoKit-t.build/Objects-normal/arm64/MTQueue.o

CompileC /Users/buddhirajgautam/Library/Developer/Xcode/DerivedData/Telegram-Mac-fygdgghdgmuleoelvxabfmqiotta/Build/Intermediates.noindex/MtProtoKit.build/Debug/MtProtoKit-t.build/Objects-normal/arm64/MTProxyConnectivity.o /Users/buddhirajgautam/Documents/Cherrygram-Mac/macOS-Swift/submodules/telegram-ios/submodules/MtProtoKit/Sources/MTProxyConnectivity.m normal arm64 objective-c com.apple.compilers.llvm.clang.1_0.compiler (in target 'MtProtoKit' from project 'MtProtoKit')
    cd /Users/buddhirajgautam/Documents/Cherrygram-Mac/macOS-Swift
    
    Using response file: /Users/buddhirajgautam/Library/Developer/Xcode/DerivedData/Telegram-Mac-fygdgghdgmuleoelvxabfmqiotta/Build/Intermediates.noindex/MtProtoKit.build/Debug/MtProtoKit-t.build/Objects-normal/arm64/e6072d4f65d7061329687fe24e3d63a7-common-args.resp
    
    /Applications/Xcode.app/Contents/Developer/Toolchains/XcodeDefault.xctoolchain/usr/bin/clang -x objective-c -ivfsstatcache /Users/buddhirajgautam/Library/Developer/Xcode/DerivedData/SDKStatCaches.noindex/macosx27.0-26A425-e829b21a6f8c9b70876ba0858053c0447231f6df4def33e022ae2eb8f782df1a.sdkstatcache -target arm64-apple-macos12.0 -fmessage-length\=0 -fdiagnostics-show-note-include-stack -fmacro-backtrace-limit\=0 -fno-color-diagnostics -fmodules-prune-interval\=86400 -fmodules-prune-after\=345600 -fbuild-session-file\=/Users/buddhirajgautam/Library/Developer/Xcode/DerivedData/ModuleCache.noindex/Session.modulevalidation -fmodules-validate-once-per-build-session -Wnon-modular-include-in-framework-module -Werror\=non-modular-include-in-framework-module -Wno-trigraphs -Wno-missing-field-initializers -Wno-missing-prototypes -Wno-return-type -Wno-implicit-atomic-properties -Wno-objc-interface-ivars -Wno-arc-repeated-use-of-weak -Wno-missing-braces -Wparentheses -Wswitch -Wno-unused-function -Wno-unused-label -Wno-unused-parameter -Wno-unused-variable -Wunused-value -Wno-empty-body -Wno-uninitialized -Wno-unknown-pragmas -Wno-shadow -Wno-four-char-constants -Wno-conversion -Wno-constant-conversion -Wno-int-conversion -Wno-bool-conversion -Wno-enum-conversion -Wno-float-conversion -Wno-non-literal-null-conversion -Wno-objc-literal-conversion -Wshorten-64-to-32 -Wpointer-sign -Wno-newline-eof -Wno-selector -Wno-strict-selector-match -Wno-undeclared-selector -Wno-deprecated-implementations -Wno-implicit-fallthrough -isysroot /Applications/Xcode.app/Contents/Developer/Platforms/MacOSX.platform/Developer/SDKs/MacOSX27.0.sdk -fstrict-aliasing -Wprotocol -Wdeprecated-declarations -Wno-sign-conversion -Wno-infinite-recursion -Wno-comma -Wno-block-capture-autoreleasing -Wno-strict-prototypes -Wno-semicolon-before-method-body -index-store-path /Users/buddhirajgautam/Library/Developer/Xcode/DerivedData/Telegram-Mac-fygdgghdgmuleoelvxabfmqiotta/Index.noindex/DataStore @/Users/buddhirajgautam/Library/Developer/Xcode/DerivedData/Telegram-Mac-fygdgghdgmuleoelvxabfmqiotta/Build/Intermediates.noindex/MtProtoKit.build/Debug/MtProtoKit-t.build/Objects-normal/arm64/e6072d4f65d7061329687fe24e3d63a7-common-args.resp -MMD -MT dependencies -MF /Users/buddhirajgautam/Library/Developer/Xcode/DerivedData/Telegram-Mac-fygdgghdgmuleoelvxabfmqiotta/Build/Intermediates.noindex/MtProtoKit.build/Debug/MtProtoKit-t.build/Objects-normal/arm64/MTProxyConnectivity.d --serialize-diagnostics /Users/buddhirajgautam/Library/Developer/Xcode/DerivedData/Telegram-Mac-fygdgghdgmuleoelvxabfmqiotta/Build/Intermediates.noindex/MtProtoKit.build/Debug/MtProtoKit-t.build/Objects-normal/arm64/MTProxyConnectivity.dia -c /Users/buddhirajgautam/Documents/Cherrygram-Mac/macOS-Swift/submodules/telegram-ios/submodules/MtProtoKit/Sources/MTProxyConnectivity.m -o /Users/buddhirajgautam/Library/Developer/Xcode/DerivedData/Telegram-Mac-fygdgghdgmuleoelvxabfmqiotta/Build/Intermediates.noindex/MtProtoKit.build/Debug/MtProtoKit-t.build/Objects-normal/arm64/MTProxyConnectivity.o -index-unit-output-path /MtProtoKit.build/Debug/MtProtoKit-t.build/Objects-normal/arm64/MTProxyConnectivity.o

ScanDependencies /Users/buddhirajgautam/Library/Developer/Xcode/DerivedData/Telegram-Mac-fygdgghdgmuleoelvxabfmqiotta/Build/Intermediates.noindex/MtProtoKit.build/Debug/MtProtoKit-t.build/Objects-normal/arm64/MTProtoEngine.o /Users/buddhirajgautam/Documents/Cherrygram-Mac/macOS-Swift/submodules/telegram-ios/submodules/MtProtoKit/Sources/MTProtoEngine.m normal arm64 objective-c com.apple.compilers.llvm.clang.1_0.compiler (in target 'MtProtoKit' from project 'MtProtoKit')
    cd /Users/buddhirajgautam/Documents/Cherrygram-Mac/macOS-Swift
    
    Using response file: /Users/buddhirajgautam/Library/Developer/Xcode/DerivedData/Telegram-Mac-fygdgghdgmuleoelvxabfmqiotta/Build/Intermediates.noindex/MtProtoKit.build/Debug/MtProtoKit-t.build/Objects-normal/arm64/e6072d4f65d7061329687fe24e3d63a7-common-args.resp
    
    builtin-ScanDependencies -o /Users/buddhirajgautam/Library/Developer/Xcode/DerivedData/Telegram-Mac-fygdgghdgmuleoelvxabfmqiotta/Build/Intermediates.noindex/MtProtoKit.build/Debug/MtProtoKit-t.build/Objects-normal/arm64/MTProtoEngine.o.scan -- /Applications/Xcode.app/Contents/Developer/Toolchains/XcodeDefault.xctoolchain/usr/bin/clang -x objective-c -ivfsstatcache /Users/buddhirajgautam/Library/Developer/Xcode/DerivedData/SDKStatCaches.noindex/macosx27.0-26A425-e829b21a6f8c9b70876ba0858053c0447231f6df4def33e022ae2eb8f782df1a.sdkstatcache -target arm64-apple-macos12.0 -fmessage-length\=0 -fdiagnostics-show-note-include-stack -fmacro-backtrace-limit\=0 -fno-color-diagnostics -fmodules-prune-interval\=86400 -fmodules-prune-after\=345600 -fbuild-session-file\=/Users/buddhirajgautam/Library/Developer/Xcode/DerivedData/ModuleCache.noindex/Session.modulevalidation -fmodules-validate-once-per-build-session -Wnon-modular-include-in-framework-module -Werror\=non-modular-include-in-framework-module -Wno-trigraphs -Wno-missing-field-initializers -Wno-missing-prototypes -Wno-return-type -Wno-implicit-atomic-properties -Wno-objc-interface-ivars -Wno-arc-repeated-use-of-weak -Wno-missing-braces -Wparentheses -Wswitch -Wno-unused-function -Wno-unused-label -Wno-unused-parameter -Wno-unused-variable -Wunused-value -Wno-empty-body -Wno-uninitialized -Wno-unknown-pragmas -Wno-shadow -Wno-four-char-constants -Wno-conversion -Wno-constant-conversion -Wno-int-conversion -Wno-bool-conversion -Wno-enum-conversion -Wno-float-conversion -Wno-non-literal-null-conversion -Wno-objc-literal-conversion -Wshorten-64-to-32 -Wpointer-sign -Wno-newline-eof -Wno-selector -Wno-strict-selector-match -Wno-undeclared-selector -Wno-deprecated-implementations -Wno-implicit-fallthrough -isysroot /Applications/Xcode.app/Contents/Developer/Platforms/MacOSX.platform/Developer/SDKs/MacOSX27.0.sdk -fstrict-aliasing -Wprotocol -Wdeprecated-declarations -Wno-sign-conversion -Wno-infinite-recursion -Wno-comma -Wno-block-capture-autoreleasing -Wno-strict-prototypes -Wno-semicolon-before-method-body -index-store-path /Users/buddhirajgautam/Library/Developer/Xcode/DerivedData/Telegram-Mac-fygdgghdgmuleoelvxabfmqiotta/Index.noindex/DataStore @/Users/buddhirajgautam/Library/Developer/Xcode/DerivedData/Telegram-Mac-fygdgghdgmuleoelvxabfmqiotta/Build/Intermediates.noindex/MtProtoKit.build/Debug/MtProtoKit-t.build/Objects-normal/arm64/e6072d4f65d7061329687fe24e3d63a7-common-args.resp -MMD -MT dependencies -MF /Users/buddhirajgautam/Library/Developer/Xcode/DerivedData/Telegram-Mac-fygdgghdgmuleoelvxabfmqiotta/Build/Intermediates.noindex/MtProtoKit.build/Debug/MtProtoKit-t.build/Objects-normal/arm64/MTProtoEngine.d --serialize-diagnostics /Users/buddhirajgautam/Library/Developer/Xcode/DerivedData/Telegram-Mac-fygdgghdgmuleoelvxabfmqiotta/Build/Intermediates.noindex/MtProtoKit.build/Debug/MtProtoKit-t.build/Objects-normal/arm64/MTProtoEngine.dia -c /Users/buddhirajgautam/Documents/Cherrygram-Mac/macOS-Swift/submodules/telegram-ios/submodules/MtProtoKit/Sources/MTProtoEngine.m -o /Users/buddhirajgautam/Library/Developer/Xcode/DerivedData/Telegram-Mac-fygdgghdgmuleoelvxabfmqiotta/Build/Intermediates.noindex/MtProtoKit.build/Debug/MtProtoKit-t.build/Objects-normal/arm64/MTProtoEngine.o -index-unit-output-path /MtProtoKit.build/Debug/MtProtoKit-t.build/Objects-normal/arm64/MTProtoEngine.o

CompileC /Users/buddhirajgautam/Library/Developer/Xcode/DerivedData/Telegram-Mac-fygdgghdgmuleoelvxabfmqiotta/Build/Intermediates.noindex/MtProtoKit.build/Debug/MtProtoKit-t.build/Objects-normal/arm64/MTProtoInstance.o /Users/buddhirajgautam/Documents/Cherrygram-Mac/macOS-Swift/submodules/telegram-ios/submodules/MtProtoKit/Sources/MTProtoInstance.m normal arm64 objective-c com.apple.compilers.llvm.clang.1_0.compiler (in target 'MtProtoKit' from project 'MtProtoKit')
    cd /Users/buddhirajgautam/Documents/Cherrygram-Mac/macOS-Swift
    
    Using response file: /Users/buddhirajgautam/Library/Developer/Xcode/DerivedData/Telegram-Mac-fygdgghdgmuleoelvxabfmqiotta/Build/Intermediates.noindex/MtProtoKit.build/Debug/MtProtoKit-t.build/Objects-normal/arm64/e6072d4f65d7061329687fe24e3d63a7-common-args.resp
    
    /Applications/Xcode.app/Contents/Developer/Toolchains/XcodeDefault.xctoolchain/usr/bin/clang -x objective-c -ivfsstatcache /Users/buddhirajgautam/Library/Developer/Xcode/DerivedData/SDKStatCaches.noindex/macosx27.0-26A425-e829b21a6f8c9b70876ba0858053c0447231f6df4def33e022ae2eb8f782df1a.sdkstatcache -target arm64-apple-macos12.0 -fmessage-length\=0 -fdiagnostics-show-note-include-stack -fmacro-backtrace-limit\=0 -fno-color-diagnostics -fmodules-prune-interval\=86400 -fmodules-prune-after\=345600 -fbuild-session-file\=/Users/buddhirajgautam/Library/Developer/Xcode/DerivedData/ModuleCache.noindex/Session.modulevalidation -fmodules-validate-once-per-build-session -Wnon-modular-include-in-framework-module -Werror\=non-modular-include-in-framework-module -Wno-trigraphs -Wno-missing-field-initializers -Wno-missing-prototypes -Wno-return-type -Wno-implicit-atomic-properties -Wno-objc-interface-ivars -Wno-arc-repeated-use-of-weak -Wno-missing-braces -Wparentheses -Wswitch -Wno-unused-function -Wno-unused-label -Wno-unused-parameter -Wno-unused-variable -Wunused-value -Wno-empty-body -Wno-uninitialized -Wno-unknown-pragmas -Wno-shadow -Wno-four-char-constants -Wno-conversion -Wno-constant-conversion -Wno-int-conversion -Wno-bool-conversion -Wno-enum-conversion -Wno-float-conversion -Wno-non-literal-null-conversion -Wno-objc-literal-conversion -Wshorten-64-to-32 -Wpointer-sign -Wno-newline-eof -Wno-selector -Wno-strict-selector-match -Wno-undeclared-selector -Wno-deprecated-implementations -Wno-implicit-fallthrough -isysroot /Applications/Xcode.app/Contents/Developer/Platforms/MacOSX.platform/Developer/SDKs/MacOSX27.0.sdk -fstrict-aliasing -Wprotocol -Wdeprecated-declarations -Wno-sign-conversion -Wno-infinite-recursion -Wno-comma -Wno-block-capture-autoreleasing -Wno-strict-prototypes -Wno-semicolon-before-method-body -index-store-path /Users/buddhirajgautam/Library/Developer/Xcode/DerivedData/Telegram-Mac-fygdgghdgmuleoelvxabfmqiotta/Index.noindex/DataStore @/Users/buddhirajgautam/Library/Developer/Xcode/DerivedData/Telegram-Mac-fygdgghdgmuleoelvxabfmqiotta/Build/Intermediates.noindex/MtProtoKit.build/Debug/MtProtoKit-t.build/Objects-normal/arm64/e6072d4f65d7061329687fe24e3d63a7-common-args.resp -MMD -MT dependencies -MF /Users/buddhirajgautam/Library/Developer/Xcode/DerivedData/Telegram-Mac-fygdgghdgmuleoelvxabfmqiotta/Build/Intermediates.noindex/MtProtoKit.build/Debug/MtProtoKit-t.build/Objects-normal/arm64/MTProtoInstance.d --serialize-diagnostics /Users/buddhirajgautam/Library/Developer/Xcode/DerivedData/Telegram-Mac-fygdgghdgmuleoelvxabfmqiotta/Build/Intermediates.noindex/MtProtoKit.build/Debug/MtProtoKit-t.build/Objects-normal/arm64/MTProtoInstance.dia -c /Users/buddhirajgautam/Documents/Cherrygram-Mac/macOS-Swift/submodules/telegram-ios/submodules/MtProtoKit/Sources/MTProtoInstance.m -o /Users/buddhirajgautam/Library/Developer/Xcode/DerivedData/Telegram-Mac-fygdgghdgmuleoelvxabfmqiotta/Build/Intermediates.noindex/MtProtoKit.build/Debug/MtProtoKit-t.build/Objects-normal/arm64/MTProtoInstance.o -index-unit-output-path /MtProtoKit.build/Debug/MtProtoKit-t.build/Objects-normal/arm64/MTProtoInstance.o

ScanDependencies /Users/buddhirajgautam/Library/Developer/Xcode/DerivedData/Telegram-Mac-fygdgghdgmuleoelvxabfmqiotta/Build/Intermediates.noindex/MtProtoKit.build/Debug/MtProtoKit-t.build/Objects-normal/arm64/MTProto.o /Users/buddhirajgautam/Documents/Cherrygram-Mac/macOS-Swift/submodules/telegram-ios/submodules/MtProtoKit/Sources/MTProto.m normal arm64 objective-c com.apple.compilers.llvm.clang.1_0.compiler (in target 'MtProtoKit' from project 'MtProtoKit')
    cd /Users/buddhirajgautam/Documents/Cherrygram-Mac/macOS-Swift
    
    Using response file: /Users/buddhirajgautam/Library/Developer/Xcode/DerivedData/Telegram-Mac-fygdgghdgmuleoelvxabfmqiotta/Build/Intermediates.noindex/MtProtoKit.build/Debug/MtProtoKit-t.build/Objects-normal/arm64/e6072d4f65d7061329687fe24e3d63a7-common-args.resp
    
    builtin-ScanDependencies -o /Users/buddhirajgautam/Library/Developer/Xcode/DerivedData/Telegram-Mac-fygdgghdgmuleoelvxabfmqiotta/Build/Intermediates.noindex/MtProtoKit.build/Debug/MtProtoKit-t.build/Objects-normal/arm64/MTProto.o.scan -- /Applications/Xcode.app/Contents/Developer/Toolchains/XcodeDefault.xctoolchain/usr/bin/clang -x objective-c -ivfsstatcache /Users/buddhirajgautam/Library/Developer/Xcode/DerivedData/SDKStatCaches.noindex/macosx27.0-26A425-e829b21a6f8c9b70876ba0858053c0447231f6df4def33e022ae2eb8f782df1a.sdkstatcache -target arm64-apple-macos12.0 -fmessage-length\=0 -fdiagnostics-show-note-include-stack -fmacro-backtrace-limit\=0 -fno-color-diagnostics -fmodules-prune-interval\=86400 -fmodules-prune-after\=345600 -fbuild-session-file\=/Users/buddhirajgautam/Library/Developer/Xcode/DerivedData/ModuleCache.noindex/Session.modulevalidation -fmodules-validate-once-per-build-session -Wnon-modular-include-in-framework-module -Werror\=non-modular-include-in-framework-module -Wno-trigraphs -Wno-missing-field-initializers -Wno-missing-prototypes -Wno-return-type -Wno-implicit-atomic-properties -Wno-objc-interface-ivars -Wno-arc-repeated-use-of-weak -Wno-missing-braces -Wparentheses -Wswitch -Wno-unused-function -Wno-unused-label -Wno-unused-parameter -Wno-unused-variable -Wunused-value -Wno-empty-body -Wno-uninitialized -Wno-unknown-pragmas -Wno-shadow -Wno-four-char-constants -Wno-conversion -Wno-constant-conversion -Wno-int-conversion -Wno-bool-conversion -Wno-enum-conversion -Wno-float-conversion -Wno-non-literal-null-conversion -Wno-objc-literal-conversion -Wshorten-64-to-32 -Wpointer-sign -Wno-newline-eof -Wno-selector -Wno-strict-selector-match -Wno-undeclared-selector -Wno-deprecated-implementations -Wno-implicit-fallthrough -isysroot /Applications/Xcode.app/Contents/Developer/Platforms/MacOSX.platform/Developer/SDKs/MacOSX27.0.sdk -fstrict-aliasing -Wprotocol -Wdeprecated-declarations -Wno-sign-conversion -Wno-infinite-recursion -Wno-comma -Wno-block-capture-autoreleasing -Wno-strict-prototypes -Wno-semicolon-before-method-body -index-store-path /Users/buddhirajgautam/Library/Developer/Xcode/DerivedData/Telegram-Mac-fygdgghdgmuleoelvxabfmqiotta/Index.noindex/DataStore @/Users/buddhirajgautam/Library/Developer/Xcode/DerivedData/Telegram-Mac-fygdgghdgmuleoelvxabfmqiotta/Build/Intermediates.noindex/MtProtoKit.build/Debug/MtProtoKit-t.build/Objects-normal/arm64/e6072d4f65d7061329687fe24e3d63a7-common-args.resp -MMD -MT dependencies -MF /Users/buddhirajgautam/Library/Developer/Xcode/DerivedData/Telegram-Mac-fygdgghdgmuleoelvxabfmqiotta/Build/Intermediates.noindex/MtProtoKit.build/Debug/MtProtoKit-t.build/Objects-normal/arm64/MTProto.d --serialize-diagnostics /Users/buddhirajgautam/Library/Developer/Xcode/DerivedData/Telegram-Mac-fygdgghdgmuleoelvxabfmqiotta/Build/Intermediates.noindex/MtProtoKit.build/Debug/MtProtoKit-t.build/Objects-normal/arm64/MTProto.dia -c /Users/buddhirajgautam/Documents/Cherrygram-Mac/macOS-Swift/submodules/telegram-ios/submodules/MtProtoKit/Sources/MTProto.m -o /Users/buddhirajgautam/Library/Developer/Xcode/DerivedData/Telegram-Mac-fygdgghdgmuleoelvxabfmqiotta/Build/Intermediates.noindex/MtProtoKit.build/Debug/MtProtoKit-t.build/Objects-normal/arm64/MTProto.o -index-unit-output-path /MtProtoKit.build/Debug/MtProtoKit-t.build/Objects-normal/arm64/MTProto.o

ScanDependencies /Users/buddhirajgautam/Library/Developer/Xcode/DerivedData/Telegram-Mac-fygdgghdgmuleoelvxabfmqiotta/Build/Intermediates.noindex/MtProtoKit.build/Debug/MtProtoKit-t.build/Objects-normal/arm64/MTPreparedMessage.o /Users/buddhirajgautam/Documents/Cherrygram-Mac/macOS-Swift/submodules/telegram-ios/submodules/MtProtoKit/Sources/MTPreparedMessage.m normal arm64 objective-c com.apple.compilers.llvm.clang.1_0.compiler (in target 'MtProtoKit' from project 'MtProtoKit')
    cd /Users/buddhirajgautam/Documents/Cherrygram-Mac/macOS-Swift
    
    Using response file: /Users/buddhirajgautam/Library/Developer/Xcode/DerivedData/Telegram-Mac-fygdgghdgmuleoelvxabfmqiotta/Build/Intermediates.noindex/MtProtoKit.build/Debug/MtProtoKit-t.build/Objects-normal/arm64/e6072d4f65d7061329687fe24e3d63a7-common-args.resp
    
    builtin-ScanDependencies -o /Users/buddhirajgautam/Library/Developer/Xcode/DerivedData/Telegram-Mac-fygdgghdgmuleoelvxabfmqiotta/Build/Intermediates.noindex/MtProtoKit.build/Debug/MtProtoKit-t.build/Objects-normal/arm64/MTPreparedMessage.o.scan -- /Applications/Xcode.app/Contents/Developer/Toolchains/XcodeDefault.xctoolchain/usr/bin/clang -x objective-c -ivfsstatcache /Users/buddhirajgautam/Library/Developer/Xcode/DerivedData/SDKStatCaches.noindex/macosx27.0-26A425-e829b21a6f8c9b70876ba0858053c0447231f6df4def33e022ae2eb8f782df1a.sdkstatcache -target arm64-apple-macos12.0 -fmessage-length\=0 -fdiagnostics-show-note-include-stack -fmacro-backtrace-limit\=0 -fno-color-diagnostics -fmodules-prune-interval\=86400 -fmodules-prune-after\=345600 -fbuild-session-file\=/Users/buddhirajgautam/Library/Developer/Xcode/DerivedData/ModuleCache.noindex/Session.modulevalidation -fmodules-validate-once-per-build-session -Wnon-modular-include-in-framework-module -Werror\=non-modular-include-in-framework-module -Wno-trigraphs -Wno-missing-field-initializers -Wno-missing-prototypes -Wno-return-type -Wno-implicit-atomic-properties -Wno-objc-interface-ivars -Wno-arc-repeated-use-of-weak -Wno-missing-braces -Wparentheses -Wswitch -Wno-unused-function -Wno-unused-label -Wno-unused-parameter -Wno-unused-variable -Wunused-value -Wno-empty-body -Wno-uninitialized -Wno-unknown-pragmas -Wno-shadow -Wno-four-char-constants -Wno-conversion -Wno-constant-conversion -Wno-int-conversion -Wno-bool-conversion -Wno-enum-conversion -Wno-float-conversion -Wno-non-literal-null-conversion -Wno-objc-literal-conversion -Wshorten-64-to-32 -Wpointer-sign -Wno-newline-eof -Wno-selector -Wno-strict-selector-match -Wno-undeclared-selector -Wno-deprecated-implementations -Wno-implicit-fallthrough -isysroot /Applications/Xcode.app/Contents/Developer/Platforms/MacOSX.platform/Developer/SDKs/MacOSX27.0.sdk -fstrict-aliasing -Wprotocol -Wdeprecated-declarations -Wno-sign-conversion -Wno-infinite-recursion -Wno-comma -Wno-block-capture-autoreleasing -Wno-strict-prototypes -Wno-semicolon-before-method-body -index-store-path /Users/buddhirajgautam/Library/Developer/Xcode/DerivedData/Telegram-Mac-fygdgghdgmuleoelvxabfmqiotta/Index.noindex/DataStore @/Users/buddhirajgautam/Library/Developer/Xcode/DerivedData/Telegram-Mac-fygdgghdgmuleoelvxabfmqiotta/Build/Intermediates.noindex/MtProtoKit.build/Debug/MtProtoKit-t.build/Objects-normal/arm64/e6072d4f65d7061329687fe24e3d63a7-common-args.resp -MMD -MT dependencies -MF /Users/buddhirajgautam/Library/Developer/Xcode/DerivedData/Telegram-Mac-fygdgghdgmuleoelvxabfmqiotta/Build/Intermediates.noindex/MtProtoKit.build/Debug/MtProtoKit-t.build/Objects-normal/arm64/MTPreparedMessage.d --serialize-diagnostics /Users/buddhirajgautam/Library/Developer/Xcode/DerivedData/Telegram-Mac-fygdgghdgmuleoelvxabfmqiotta/Build/Intermediates.noindex/MtProtoKit.build/Debug/MtProtoKit-t.build/Objects-normal/arm64/MTPreparedMessage.dia -c /Users/buddhirajgautam/Documents/Cherrygram-Mac/macOS-Swift/submodules/telegram-ios/submodules/MtProtoKit/Sources/MTPreparedMessage.m -o /Users/buddhirajgautam/Library/Developer/Xcode/DerivedData/Telegram-Mac-fygdgghdgmuleoelvxabfmqiotta/Build/Intermediates.noindex/MtProtoKit.build/Debug/MtProtoKit-t.build/Objects-normal/arm64/MTPreparedMessage.o -index-unit-output-path /MtProtoKit.build/Debug/MtProtoKit-t.build/Objects-normal/arm64/MTPreparedMessage.o

ScanDependencies /Users/buddhirajgautam/Library/Developer/Xcode/DerivedData/Telegram-Mac-fygdgghdgmuleoelvxabfmqiotta/Build/Intermediates.noindex/MtProtoKit.build/Debug/MtProtoKit-t.build/Objects-normal/arm64/MTPongMessage.o /Users/buddhirajgautam/Documents/Cherrygram-Mac/macOS-Swift/submodules/telegram-ios/submodules/MtProtoKit/Sources/MTPongMessage.m normal arm64 objective-c com.apple.compilers.llvm.clang.1_0.compiler (in target 'MtProtoKit' from project 'MtProtoKit')
    cd /Users/buddhirajgautam/Documents/Cherrygram-Mac/macOS-Swift
    
    Using response file: /Users/buddhirajgautam/Library/Developer/Xcode/DerivedData/Telegram-Mac-fygdgghdgmuleoelvxabfmqiotta/Build/Intermediates.noindex/MtProtoKit.build/Debug/MtProtoKit-t.build/Objects-normal/arm64/e6072d4f65d7061329687fe24e3d63a7-common-args.resp
    
    builtin-ScanDependencies -o /Users/buddhirajgautam/Library/Developer/Xcode/DerivedData/Telegram-Mac-fygdgghdgmuleoelvxabfmqiotta/Build/Intermediates.noindex/MtProtoKit.build/Debug/MtProtoKit-t.build/Objects-normal/arm64/MTPongMessage.o.scan -- /Applications/Xcode.app/Contents/Developer/Toolchains/XcodeDefault.xctoolchain/usr/bin/clang -x objective-c -ivfsstatcache /Users/buddhirajgautam/Library/Developer/Xcode/DerivedData/SDKStatCaches.noindex/macosx27.0-26A425-e829b21a6f8c9b70876ba0858053c0447231f6df4def33e022ae2eb8f782df1a.sdkstatcache -target arm64-apple-macos12.0 -fmessage-length\=0 -fdiagnostics-show-note-include-stack -fmacro-backtrace-limit\=0 -fno-color-diagnostics -fmodules-prune-interval\=86400 -fmodules-prune-after\=345600 -fbuild-session-file\=/Users/buddhirajgautam/Library/Developer/Xcode/DerivedData/ModuleCache.noindex/Session.modulevalidation -fmodules-validate-once-per-build-session -Wnon-modular-include-in-framework-module -Werror\=non-modular-include-in-framework-module -Wno-trigraphs -Wno-missing-field-initializers -Wno-missing-prototypes -Wno-return-type -Wno-implicit-atomic-properties -Wno-objc-interface-ivars -Wno-arc-repeated-use-of-weak -Wno-missing-braces -Wparentheses -Wswitch -Wno-unused-function -Wno-unused-label -Wno-unused-parameter -Wno-unused-variable -Wunused-value -Wno-empty-body -Wno-uninitialized -Wno-unknown-pragmas -Wno-shadow -Wno-four-char-constants -Wno-conversion -Wno-constant-conversion -Wno-int-conversion -Wno-bool-conversion -Wno-enum-conversion -Wno-float-conversion -Wno-non-literal-null-conversion -Wno-objc-literal-conversion -Wshorten-64-to-32 -Wpointer-sign -Wno-newline-eof -Wno-selector -Wno-strict-selector-match -Wno-undeclared-selector -Wno-deprecated-implementations -Wno-implicit-fallthrough -isysroot /Applications/Xcode.app/Contents/Developer/Platforms/MacOSX.platform/Developer/SDKs/MacOSX27.0.sdk -fstrict-aliasing -Wprotocol -Wdeprecated-declarations -Wno-sign-conversion -Wno-infinite-recursion -Wno-comma -Wno-block-capture-autoreleasing -Wno-strict-prototypes -Wno-semicolon-before-method-body -index-store-path /Users/buddhirajgautam/Library/Developer/Xcode/DerivedData/Telegram-Mac-fygdgghdgmuleoelvxabfmqiotta/Index.noindex/DataStore @/Users/buddhirajgautam/Library/Developer/Xcode/DerivedData/Telegram-Mac-fygdgghdgmuleoelvxabfmqiotta/Build/Intermediates.noindex/MtProtoKit.build/Debug/MtProtoKit-t.build/Objects-normal/arm64/e6072d4f65d7061329687fe24e3d63a7-common-args.resp -MMD -MT dependencies -MF /Users/buddhirajgautam/Library/Developer/Xcode/DerivedData/Telegram-Mac-fygdgghdgmuleoelvxabfmqiotta/Build/Intermediates.noindex/MtProtoKit.build/Debug/MtProtoKit-t.build/Objects-normal/arm64/MTPongMessage.d --serialize-diagnostics /Users/buddhirajgautam/Library/Developer/Xcode/DerivedData/Telegram-Mac-fygdgghdgmuleoelvxabfmqiotta/Build/Intermediates.noindex/MtProtoKit.build/Debug/MtProtoKit-t.build/Objects-normal/arm64/MTPongMessage.dia -c /Users/buddhirajgautam/Documents/Cherrygram-Mac/macOS-Swift/submodules/telegram-ios/submodules/MtProtoKit/Sources/MTPongMessage.m -o /Users/buddhirajgautam/Library/Developer/Xcode/DerivedData/Telegram-Mac-fygdgghdgmuleoelvxabfmqiotta/Build/Intermediates.noindex/MtProtoKit.build/Debug/MtProtoKit-t.build/Objects-normal/arm64/MTPongMessage.o -index-unit-output-path /MtProtoKit.build/Debug/MtProtoKit-t.build/Objects-normal/arm64/MTPongMessage.o

CompileC /Users/buddhirajgautam/Library/Developer/Xcode/DerivedData/Telegram-Mac-fygdgghdgmuleoelvxabfmqiotta/Build/Intermediates.noindex/MtProtoKit.build/Debug/MtProtoKit-t.build/Objects-normal/arm64/MTProtoEngine.o /Users/buddhirajgautam/Documents/Cherrygram-Mac/macOS-Swift/submodules/telegram-ios/submodules/MtProtoKit/Sources/MTProtoEngine.m normal arm64 objective-c com.apple.compilers.llvm.clang.1_0.compiler (in target 'MtProtoKit' from project 'MtProtoKit')
    cd /Users/buddhirajgautam/Documents/Cherrygram-Mac/macOS-Swift
    
    Using response file: /Users/buddhirajgautam/Library/Developer/Xcode/DerivedData/Telegram-Mac-fygdgghdgmuleoelvxabfmqiotta/Build/Intermediates.noindex/MtProtoKit.build/Debug/MtProtoKit-t.build/Objects-normal/arm64/e6072d4f65d7061329687fe24e3d63a7-common-args.resp
    
    /Applications/Xcode.app/Contents/Developer/Toolchains/XcodeDefault.xctoolchain/usr/bin/clang -x objective-c -ivfsstatcache /Users/buddhirajgautam/Library/Developer/Xcode/DerivedData/SDKStatCaches.noindex/macosx27.0-26A425-e829b21a6f8c9b70876ba0858053c0447231f6df4def33e022ae2eb8f782df1a.sdkstatcache -target arm64-apple-macos12.0 -fmessage-length\=0 -fdiagnostics-show-note-include-stack -fmacro-backtrace-limit\=0 -fno-color-diagnostics -fmodules-prune-interval\=86400 -fmodules-prune-after\=345600 -fbuild-session-file\=/Users/buddhirajgautam/Library/Developer/Xcode/DerivedData/ModuleCache.noindex/Session.modulevalidation -fmodules-validate-once-per-build-session -Wnon-modular-include-in-framework-module -Werror\=non-modular-include-in-framework-module -Wno-trigraphs -Wno-missing-field-initializers -Wno-missing-prototypes -Wno-return-type -Wno-implicit-atomic-properties -Wno-objc-interface-ivars -Wno-arc-repeated-use-of-weak -Wno-missing-braces -Wparentheses -Wswitch -Wno-unused-function -Wno-unused-label -Wno-unused-parameter -Wno-unused-variable -Wunused-value -Wno-empty-body -Wno-uninitialized -Wno-unknown-pragmas -Wno-shadow -Wno-four-char-constants -Wno-conversion -Wno-constant-conversion -Wno-int-conversion -Wno-bool-conversion -Wno-enum-conversion -Wno-float-conversion -Wno-non-literal-null-conversion -Wno-objc-literal-conversion -Wshorten-64-to-32 -Wpointer-sign -Wno-newline-eof -Wno-selector -Wno-strict-selector-match -Wno-undeclared-selector -Wno-deprecated-implementations -Wno-implicit-fallthrough -isysroot /Applications/Xcode.app/Contents/Developer/Platforms/MacOSX.platform/Developer/SDKs/MacOSX27.0.sdk -fstrict-aliasing -Wprotocol -Wdeprecated-declarations -Wno-sign-conversion -Wno-infinite-recursion -Wno-comma -Wno-block-capture-autoreleasing -Wno-strict-prototypes -Wno-semicolon-before-method-body -index-store-path /Users/buddhirajgautam/Library/Developer/Xcode/DerivedData/Telegram-Mac-fygdgghdgmuleoelvxabfmqiotta/Index.noindex/DataStore @/Users/buddhirajgautam/Library/Developer/Xcode/DerivedData/Telegram-Mac-fygdgghdgmuleoelvxabfmqiotta/Build/Intermediates.noindex/MtProtoKit.build/Debug/MtProtoKit-t.build/Objects-normal/arm64/e6072d4f65d7061329687fe24e3d63a7-common-args.resp -MMD -MT dependencies -MF /Users/buddhirajgautam/Library/Developer/Xcode/DerivedData/Telegram-Mac-fygdgghdgmuleoelvxabfmqiotta/Build/Intermediates.noindex/MtProtoKit.build/Debug/MtProtoKit-t.build/Objects-normal/arm64/MTProtoEngine.d --serialize-diagnostics /Users/buddhirajgautam/Library/Developer/Xcode/DerivedData/Telegram-Mac-fygdgghdgmuleoelvxabfmqiotta/Build/Intermediates.noindex/MtProtoKit.build/Debug/MtProtoKit-t.build/Objects-normal/arm64/MTProtoEngine.dia -c /Users/buddhirajgautam/Documents/Cherrygram-Mac/macOS-Swift/submodules/telegram-ios/submodules/MtProtoKit/Sources/MTProtoEngine.m -o /Users/buddhirajgautam/Library/Developer/Xcode/DerivedData/Telegram-Mac-fygdgghdgmuleoelvxabfmqiotta/Build/Intermediates.noindex/MtProtoKit.build/Debug/MtProtoKit-t.build/Objects-normal/arm64/MTProtoEngine.o -index-unit-output-path /MtProtoKit.build/Debug/MtProtoKit-t.build/Objects-normal/arm64/MTProtoEngine.o

CompileC /Users/buddhirajgautam/Library/Developer/Xcode/DerivedData/Telegram-Mac-fygdgghdgmuleoelvxabfmqiotta/Build/Intermediates.noindex/MtProtoKit.build/Debug/MtProtoKit-t.build/Objects-normal/arm64/MTProto.o /Users/buddhirajgautam/Documents/Cherrygram-Mac/macOS-Swift/submodules/telegram-ios/submodules/MtProtoKit/Sources/MTProto.m normal arm64 objective-c com.apple.compilers.llvm.clang.1_0.compiler (in target 'MtProtoKit' from project 'MtProtoKit')
    cd /Users/buddhirajgautam/Documents/Cherrygram-Mac/macOS-Swift
    
    Using response file: /Users/buddhirajgautam/Library/Developer/Xcode/DerivedData/Telegram-Mac-fygdgghdgmuleoelvxabfmqiotta/Build/Intermediates.noindex/MtProtoKit.build/Debug/MtProtoKit-t.build/Objects-normal/arm64/e6072d4f65d7061329687fe24e3d63a7-common-args.resp
    
    /Applications/Xcode.app/Contents/Developer/Toolchains/XcodeDefault.xctoolchain/usr/bin/clang -x objective-c -ivfsstatcache /Users/buddhirajgautam/Library/Developer/Xcode/DerivedData/SDKStatCaches.noindex/macosx27.0-26A425-e829b21a6f8c9b70876ba0858053c0447231f6df4def33e022ae2eb8f782df1a.sdkstatcache -target arm64-apple-macos12.0 -fmessage-length\=0 -fdiagnostics-show-note-include-stack -fmacro-backtrace-limit\=0 -fno-color-diagnostics -fmodules-prune-interval\=86400 -fmodules-prune-after\=345600 -fbuild-session-file\=/Users/buddhirajgautam/Library/Developer/Xcode/DerivedData/ModuleCache.noindex/Session.modulevalidation -fmodules-validate-once-per-build-session -Wnon-modular-include-in-framework-module -Werror\=non-modular-include-in-framework-module -Wno-trigraphs -Wno-missing-field-initializers -Wno-missing-prototypes -Wno-return-type -Wno-implicit-atomic-properties -Wno-objc-interface-ivars -Wno-arc-repeated-use-of-weak -Wno-missing-braces -Wparentheses -Wswitch -Wno-unused-function -Wno-unused-label -Wno-unused-parameter -Wno-unused-variable -Wunused-value -Wno-empty-body -Wno-uninitialized -Wno-unknown-pragmas -Wno-shadow -Wno-four-char-constants -Wno-conversion -Wno-constant-conversion -Wno-int-conversion -Wno-bool-conversion -Wno-enum-conversion -Wno-float-conversion -Wno-non-literal-null-conversion -Wno-objc-literal-conversion -Wshorten-64-to-32 -Wpointer-sign -Wno-newline-eof -Wno-selector -Wno-strict-selector-match -Wno-undeclared-selector -Wno-deprecated-implementations -Wno-implicit-fallthrough -isysroot /Applications/Xcode.app/Contents/Developer/Platforms/MacOSX.platform/Developer/SDKs/MacOSX27.0.sdk -fstrict-aliasing -Wprotocol -Wdeprecated-declarations -Wno-sign-conversion -Wno-infinite-recursion -Wno-comma -Wno-block-capture-autoreleasing -Wno-strict-prototypes -Wno-semicolon-before-method-body -index-store-path /Users/buddhirajgautam/Library/Developer/Xcode/DerivedData/Telegram-Mac-fygdgghdgmuleoelvxabfmqiotta/Index.noindex/DataStore @/Users/buddhirajgautam/Library/Developer/Xcode/DerivedData/Telegram-Mac-fygdgghdgmuleoelvxabfmqiotta/Build/Intermediates.noindex/MtProtoKit.build/Debug/MtProtoKit-t.build/Objects-normal/arm64/e6072d4f65d7061329687fe24e3d63a7-common-args.resp -MMD -MT dependencies -MF /Users/buddhirajgautam/Library/Developer/Xcode/DerivedData/Telegram-Mac-fygdgghdgmuleoelvxabfmqiotta/Build/Intermediates.noindex/MtProtoKit.build/Debug/MtProtoKit-t.build/Objects-normal/arm64/MTProto.d --serialize-diagnostics /Users/buddhirajgautam/Library/Developer/Xcode/DerivedData/Telegram-Mac-fygdgghdgmuleoelvxabfmqiotta/Build/Intermediates.noindex/MtProtoKit.build/Debug/MtProtoKit-t.build/Objects-normal/arm64/MTProto.dia -c /Users/buddhirajgautam/Documents/Cherrygram-Mac/macOS-Swift/submodules/telegram-ios/submodules/MtProtoKit/Sources/MTProto.m -o /Users/buddhirajgautam/Library/Developer/Xcode/DerivedData/Telegram-Mac-fygdgghdgmuleoelvxabfmqiotta/Build/Intermediates.noindex/MtProtoKit.build/Debug/MtProtoKit-t.build/Objects-normal/arm64/MTProto.o -index-unit-output-path /MtProtoKit.build/Debug/MtProtoKit-t.build/Objects-normal/arm64/MTProto.o

ScanDependencies /Users/buddhirajgautam/Library/Developer/Xcode/DerivedData/Telegram-Mac-fygdgghdgmuleoelvxabfmqiotta/Build/Intermediates.noindex/MtProtoKit.build/Debug/MtProtoKit-t.build/Objects-normal/arm64/MTPingMessage.o /Users/buddhirajgautam/Documents/Cherrygram-Mac/macOS-Swift/submodules/telegram-ios/submodules/MtProtoKit/Sources/MTPingMessage.m normal arm64 objective-c com.apple.compilers.llvm.clang.1_0.compiler (in target 'MtProtoKit' from project 'MtProtoKit')
    cd /Users/buddhirajgautam/Documents/Cherrygram-Mac/macOS-Swift
    
    Using response file: /Users/buddhirajgautam/Library/Developer/Xcode/DerivedData/Telegram-Mac-fygdgghdgmuleoelvxabfmqiotta/Build/Intermediates.noindex/MtProtoKit.build/Debug/MtProtoKit-t.build/Objects-normal/arm64/e6072d4f65d7061329687fe24e3d63a7-common-args.resp
    
    builtin-ScanDependencies -o /Users/buddhirajgautam/Library/Developer/Xcode/DerivedData/Telegram-Mac-fygdgghdgmuleoelvxabfmqiotta/Build/Intermediates.noindex/MtProtoKit.build/Debug/MtProtoKit-t.build/Objects-normal/arm64/MTPingMessage.o.scan -- /Applications/Xcode.app/Contents/Developer/Toolchains/XcodeDefault.xctoolchain/usr/bin/clang -x objective-c -ivfsstatcache /Users/buddhirajgautam/Library/Developer/Xcode/DerivedData/SDKStatCaches.noindex/macosx27.0-26A425-e829b21a6f8c9b70876ba0858053c0447231f6df4def33e022ae2eb8f782df1a.sdkstatcache -target arm64-apple-macos12.0 -fmessage-length\=0 -fdiagnostics-show-note-include-stack -fmacro-backtrace-limit\=0 -fno-color-diagnostics -fmodules-prune-interval\=86400 -fmodules-prune-after\=345600 -fbuild-session-file\=/Users/buddhirajgautam/Library/Developer/Xcode/DerivedData/ModuleCache.noindex/Session.modulevalidation -fmodules-validate-once-per-build-session -Wnon-modular-include-in-framework-module -Werror\=non-modular-include-in-framework-module -Wno-trigraphs -Wno-missing-field-initializers -Wno-missing-prototypes -Wno-return-type -Wno-implicit-atomic-properties -Wno-objc-interface-ivars -Wno-arc-repeated-use-of-weak -Wno-missing-braces -Wparentheses -Wswitch -Wno-unused-function -Wno-unused-label -Wno-unused-parameter -Wno-unused-variable -Wunused-value -Wno-empty-body -Wno-uninitialized -Wno-unknown-pragmas -Wno-shadow -Wno-four-char-constants -Wno-conversion -Wno-constant-conversion -Wno-int-conversion -Wno-bool-conversion -Wno-enum-conversion -Wno-float-conversion -Wno-non-literal-null-conversion -Wno-objc-literal-conversion -Wshorten-64-to-32 -Wpointer-sign -Wno-newline-eof -Wno-selector -Wno-strict-selector-match -Wno-undeclared-selector -Wno-deprecated-implementations -Wno-implicit-fallthrough -isysroot /Applications/Xcode.app/Contents/Developer/Platforms/MacOSX.platform/Developer/SDKs/MacOSX27.0.sdk -fstrict-aliasing -Wprotocol -Wdeprecated-declarations -Wno-sign-conversion -Wno-infinite-recursion -Wno-comma -Wno-block-capture-autoreleasing -Wno-strict-prototypes -Wno-semicolon-before-method-body -index-store-path /Users/buddhirajgautam/Library/Developer/Xcode/DerivedData/Telegram-Mac-fygdgghdgmuleoelvxabfmqiotta/Index.noindex/DataStore @/Users/buddhirajgautam/Library/Developer/Xcode/DerivedData/Telegram-Mac-fygdgghdgmuleoelvxabfmqiotta/Build/Intermediates.noindex/MtProtoKit.build/Debug/MtProtoKit-t.build/Objects-normal/arm64/e6072d4f65d7061329687fe24e3d63a7-common-args.resp -MMD -MT dependencies -MF /Users/buddhirajgautam/Library/Developer/Xcode/DerivedData/Telegram-Mac-fygdgghdgmuleoelvxabfmqiotta/Build/Intermediates.noindex/MtProtoKit.build/Debug/MtProtoKit-t.build/Objects-normal/arm64/MTPingMessage.d --serialize-diagnostics /Users/buddhirajgautam/Library/Developer/Xcode/DerivedData/Telegram-Mac-fygdgghdgmuleoelvxabfmqiotta/Build/Intermediates.noindex/MtProtoKit.build/Debug/MtProtoKit-t.build/Objects-normal/arm64/MTPingMessage.dia -c /Users/buddhirajgautam/Documents/Cherrygram-Mac/macOS-Swift/submodules/telegram-ios/submodules/MtProtoKit/Sources/MTPingMessage.m -o /Users/buddhirajgautam/Library/Developer/Xcode/DerivedData/Telegram-Mac-fygdgghdgmuleoelvxabfmqiotta/Build/Intermediates.noindex/MtProtoKit.build/Debug/MtProtoKit-t.build/Objects-normal/arm64/MTPingMessage.o -index-unit-output-path /MtProtoKit.build/Debug/MtProtoKit-t.build/Objects-normal/arm64/MTPingMessage.o

ScanDependencies /Users/buddhirajgautam/Library/Developer/Xcode/DerivedData/Telegram-Mac-fygdgghdgmuleoelvxabfmqiotta/Build/Intermediates.noindex/MtProtoKit.build/Debug/MtProtoKit-t.build/Objects-normal/arm64/MTOutputStream.o /Users/buddhirajgautam/Documents/Cherrygram-Mac/macOS-Swift/submodules/telegram-ios/submodules/MtProtoKit/Sources/MTOutputStream.m normal arm64 objective-c com.apple.compilers.llvm.clang.1_0.compiler (in target 'MtProtoKit' from project 'MtProtoKit')
    cd /Users/buddhirajgautam/Documents/Cherrygram-Mac/macOS-Swift
    
    Using response file: /Users/buddhirajgautam/Library/Developer/Xcode/DerivedData/Telegram-Mac-fygdgghdgmuleoelvxabfmqiotta/Build/Intermediates.noindex/MtProtoKit.build/Debug/MtProtoKit-t.build/Objects-normal/arm64/e6072d4f65d7061329687fe24e3d63a7-common-args.resp
    
    builtin-ScanDependencies -o /Users/buddhirajgautam/Library/Developer/Xcode/DerivedData/Telegram-Mac-fygdgghdgmuleoelvxabfmqiotta/Build/Intermediates.noindex/MtProtoKit.build/Debug/MtProtoKit-t.build/Objects-normal/arm64/MTOutputStream.o.scan -- /Applications/Xcode.app/Contents/Developer/Toolchains/XcodeDefault.xctoolchain/usr/bin/clang -x objective-c -ivfsstatcache /Users/buddhirajgautam/Library/Developer/Xcode/DerivedData/SDKStatCaches.noindex/macosx27.0-26A425-e829b21a6f8c9b70876ba0858053c0447231f6df4def33e022ae2eb8f782df1a.sdkstatcache -target arm64-apple-macos12.0 -fmessage-length\=0 -fdiagnostics-show-note-include-stack -fmacro-backtrace-limit\=0 -fno-color-diagnostics -fmodules-prune-interval\=86400 -fmodules-prune-after\=345600 -fbuild-session-file\=/Users/buddhirajgautam/Library/Developer/Xcode/DerivedData/ModuleCache.noindex/Session.modulevalidation -fmodules-validate-once-per-build-session -Wnon-modular-include-in-framework-module -Werror\=non-modular-include-in-framework-module -Wno-trigraphs -Wno-missing-field-initializers -Wno-missing-prototypes -Wno-return-type -Wno-implicit-atomic-properties -Wno-objc-interface-ivars -Wno-arc-repeated-use-of-weak -Wno-missing-braces -Wparentheses -Wswitch -Wno-unused-function -Wno-unused-label -Wno-unused-parameter -Wno-unused-variable -Wunused-value -Wno-empty-body -Wno-uninitialized -Wno-unknown-pragmas -Wno-shadow -Wno-four-char-constants -Wno-conversion -Wno-constant-conversion -Wno-int-conversion -Wno-bool-conversion -Wno-enum-conversion -Wno-float-conversion -Wno-non-literal-null-conversion -Wno-objc-literal-conversion -Wshorten-64-to-32 -Wpointer-sign -Wno-newline-eof -Wno-selector -Wno-strict-selector-match -Wno-undeclared-selector -Wno-deprecated-implementations -Wno-implicit-fallthrough -isysroot /Applications/Xcode.app/Contents/Developer/Platforms/MacOSX.platform/Developer/SDKs/MacOSX27.0.sdk -fstrict-aliasing -Wprotocol -Wdeprecated-declarations -Wno-sign-conversion -Wno-infinite-recursion -Wno-comma -Wno-block-capture-autoreleasing -Wno-strict-prototypes -Wno-semicolon-before-method-body -index-store-path /Users/buddhirajgautam/Library/Developer/Xcode/DerivedData/Telegram-Mac-fygdgghdgmuleoelvxabfmqiotta/Index.noindex/DataStore @/Users/buddhirajgautam/Library/Developer/Xcode/DerivedData/Telegram-Mac-fygdgghdgmuleoelvxabfmqiotta/Build/Intermediates.noindex/MtProtoKit.build/Debug/MtProtoKit-t.build/Objects-normal/arm64/e6072d4f65d7061329687fe24e3d63a7-common-args.resp -MMD -MT dependencies -MF /Users/buddhirajgautam/Library/Developer/Xcode/DerivedData/Telegram-Mac-fygdgghdgmuleoelvxabfmqiotta/Build/Intermediates.noindex/MtProtoKit.build/Debug/MtProtoKit-t.build/Objects-normal/arm64/MTOutputStream.d --serialize-diagnostics /Users/buddhirajgautam/Library/Developer/Xcode/DerivedData/Telegram-Mac-fygdgghdgmuleoelvxabfmqiotta/Build/Intermediates.noindex/MtProtoKit.build/Debug/MtProtoKit-t.build/Objects-normal/arm64/MTOutputStream.dia -c /Users/buddhirajgautam/Documents/Cherrygram-Mac/macOS-Swift/submodules/telegram-ios/submodules/MtProtoKit/Sources/MTOutputStream.m -o /Users/buddhirajgautam/Library/Developer/Xcode/DerivedData/Telegram-Mac-fygdgghdgmuleoelvxabfmqiotta/Build/Intermediates.noindex/MtProtoKit.build/Debug/MtProtoKit-t.build/Objects-normal/arm64/MTOutputStream.o -index-unit-output-path /MtProtoKit.build/Debug/MtProtoKit-t.build/Objects-normal/arm64/MTOutputStream.o

CompileC /Users/buddhirajgautam/Library/Developer/Xcode/DerivedData/Telegram-Mac-fygdgghdgmuleoelvxabfmqiotta/Build/Intermediates.noindex/MtProtoKit.build/Debug/MtProtoKit-t.build/Objects-normal/arm64/MTPreparedMessage.o /Users/buddhirajgautam/Documents/Cherrygram-Mac/macOS-Swift/submodules/telegram-ios/submodules/MtProtoKit/Sources/MTPreparedMessage.m normal arm64 objective-c com.apple.compilers.llvm.clang.1_0.compiler (in target 'MtProtoKit' from project 'MtProtoKit')
    cd /Users/buddhirajgautam/Documents/Cherrygram-Mac/macOS-Swift
    
    Using response file: /Users/buddhirajgautam/Library/Developer/Xcode/DerivedData/Telegram-Mac-fygdgghdgmuleoelvxabfmqiotta/Build/Intermediates.noindex/MtProtoKit.build/Debug/MtProtoKit-t.build/Objects-normal/arm64/e6072d4f65d7061329687fe24e3d63a7-common-args.resp
    
    /Applications/Xcode.app/Contents/Developer/Toolchains/XcodeDefault.xctoolchain/usr/bin/clang -x objective-c -ivfsstatcache /Users/buddhirajgautam/Library/Developer/Xcode/DerivedData/SDKStatCaches.noindex/macosx27.0-26A425-e829b21a6f8c9b70876ba0858053c0447231f6df4def33e022ae2eb8f782df1a.sdkstatcache -target arm64-apple-macos12.0 -fmessage-length\=0 -fdiagnostics-show-note-include-stack -fmacro-backtrace-limit\=0 -fno-color-diagnostics -fmodules-prune-interval\=86400 -fmodules-prune-after\=345600 -fbuild-session-file\=/Users/buddhirajgautam/Library/Developer/Xcode/DerivedData/ModuleCache.noindex/Session.modulevalidation -fmodules-validate-once-per-build-session -Wnon-modular-include-in-framework-module -Werror\=non-modular-include-in-framework-module -Wno-trigraphs -Wno-missing-field-initializers -Wno-missing-prototypes -Wno-return-type -Wno-implicit-atomic-properties -Wno-objc-interface-ivars -Wno-arc-repeated-use-of-weak -Wno-missing-braces -Wparentheses -Wswitch -Wno-unused-function -Wno-unused-label -Wno-unused-parameter -Wno-unused-variable -Wunused-value -Wno-empty-body -Wno-uninitialized -Wno-unknown-pragmas -Wno-shadow -Wno-four-char-constants -Wno-conversion -Wno-constant-conversion -Wno-int-conversion -Wno-bool-conversion -Wno-enum-conversion -Wno-float-conversion -Wno-non-literal-null-conversion -Wno-objc-literal-conversion -Wshorten-64-to-32 -Wpointer-sign -Wno-newline-eof -Wno-selector -Wno-strict-selector-match -Wno-undeclared-selector -Wno-deprecated-implementations -Wno-implicit-fallthrough -isysroot /Applications/Xcode.app/Contents/Developer/Platforms/MacOSX.platform/Developer/SDKs/MacOSX27.0.sdk -fstrict-aliasing -Wprotocol -Wdeprecated-declarations -Wno-sign-conversion -Wno-infinite-recursion -Wno-comma -Wno-block-capture-autoreleasing -Wno-strict-prototypes -Wno-semicolon-before-method-body -index-store-path /Users/buddhirajgautam/Library/Developer/Xcode/DerivedData/Telegram-Mac-fygdgghdgmuleoelvxabfmqiotta/Index.noindex/DataStore @/Users/buddhirajgautam/Library/Developer/Xcode/DerivedData/Telegram-Mac-fygdgghdgmuleoelvxabfmqiotta/Build/Intermediates.noindex/MtProtoKit.build/Debug/MtProtoKit-t.build/Objects-normal/arm64/e6072d4f65d7061329687fe24e3d63a7-common-args.resp -MMD -MT dependencies -MF /Users/buddhirajgautam/Library/Developer/Xcode/DerivedData/Telegram-Mac-fygdgghdgmuleoelvxabfmqiotta/Build/Intermediates.noindex/MtProtoKit.build/Debug/MtProtoKit-t.build/Objects-normal/arm64/MTPreparedMessage.d --serialize-diagnostics /Users/buddhirajgautam/Library/Developer/Xcode/DerivedData/Telegram-Mac-fygdgghdgmuleoelvxabfmqiotta/Build/Intermediates.noindex/MtProtoKit.build/Debug/MtProtoKit-t.build/Objects-normal/arm64/MTPreparedMessage.dia -c /Users/buddhirajgautam/Documents/Cherrygram-Mac/macOS-Swift/submodules/telegram-ios/submodules/MtProtoKit/Sources/MTPreparedMessage.m -o /Users/buddhirajgautam/Library/Developer/Xcode/DerivedData/Telegram-Mac-fygdgghdgmuleoelvxabfmqiotta/Build/Intermediates.noindex/MtProtoKit.build/Debug/MtProtoKit-t.build/Objects-normal/arm64/MTPreparedMessage.o -index-unit-output-path /MtProtoKit.build/Debug/MtProtoKit-t.build/Objects-normal/arm64/MTPreparedMessage.o

CompileC /Users/buddhirajgautam/Library/Developer/Xcode/DerivedData/Telegram-Mac-fygdgghdgmuleoelvxabfmqiotta/Build/Intermediates.noindex/MtProtoKit.build/Debug/MtProtoKit-t.build/Objects-normal/arm64/MTPongMessage.o /Users/buddhirajgautam/Documents/Cherrygram-Mac/macOS-Swift/submodules/telegram-ios/submodules/MtProtoKit/Sources/MTPongMessage.m normal arm64 objective-c com.apple.compilers.llvm.clang.1_0.compiler (in target 'MtProtoKit' from project 'MtProtoKit')
    cd /Users/buddhirajgautam/Documents/Cherrygram-Mac/macOS-Swift
    
    Using response file: /Users/buddhirajgautam/Library/Developer/Xcode/DerivedData/Telegram-Mac-fygdgghdgmuleoelvxabfmqiotta/Build/Intermediates.noindex/MtProtoKit.build/Debug/MtProtoKit-t.build/Objects-normal/arm64/e6072d4f65d7061329687fe24e3d63a7-common-args.resp
    
    /Applications/Xcode.app/Contents/Developer/Toolchains/XcodeDefault.xctoolchain/usr/bin/clang -x objective-c -ivfsstatcache /Users/buddhirajgautam/Library/Developer/Xcode/DerivedData/SDKStatCaches.noindex/macosx27.0-26A425-e829b21a6f8c9b70876ba0858053c0447231f6df4def33e022ae2eb8f782df1a.sdkstatcache -target arm64-apple-macos12.0 -fmessage-length\=0 -fdiagnostics-show-note-include-stack -fmacro-backtrace-limit\=0 -fno-color-diagnostics -fmodules-prune-interval\=86400 -fmodules-prune-after\=345600 -fbuild-session-file\=/Users/buddhirajgautam/Library/Developer/Xcode/DerivedData/ModuleCache.noindex/Session.modulevalidation -fmodules-validate-once-per-build-session -Wnon-modular-include-in-framework-module -Werror\=non-modular-include-in-framework-module -Wno-trigraphs -Wno-missing-field-initializers -Wno-missing-prototypes -Wno-return-type -Wno-implicit-atomic-properties -Wno-objc-interface-ivars -Wno-arc-repeated-use-of-weak -Wno-missing-braces -Wparentheses -Wswitch -Wno-unused-function -Wno-unused-label -Wno-unused-parameter -Wno-unused-variable -Wunused-value -Wno-empty-body -Wno-uninitialized -Wno-unknown-pragmas -Wno-shadow -Wno-four-char-constants -Wno-conversion -Wno-constant-conversion -Wno-int-conversion -Wno-bool-conversion -Wno-enum-conversion -Wno-float-conversion -Wno-non-literal-null-conversion -Wno-objc-literal-conversion -Wshorten-64-to-32 -Wpointer-sign -Wno-newline-eof -Wno-selector -Wno-strict-selector-match -Wno-undeclared-selector -Wno-deprecated-implementations -Wno-implicit-fallthrough -isysroot /Applications/Xcode.app/Contents/Developer/Platforms/MacOSX.platform/Developer/SDKs/MacOSX27.0.sdk -fstrict-aliasing -Wprotocol -Wdeprecated-declarations -Wno-sign-conversion -Wno-infinite-recursion -Wno-comma -Wno-block-capture-autoreleasing -Wno-strict-prototypes -Wno-semicolon-before-method-body -index-store-path /Users/buddhirajgautam/Library/Developer/Xcode/DerivedData/Telegram-Mac-fygdgghdgmuleoelvxabfmqiotta/Index.noindex/DataStore @/Users/buddhirajgautam/Library/Developer/Xcode/DerivedData/Telegram-Mac-fygdgghdgmuleoelvxabfmqiotta/Build/Intermediates.noindex/MtProtoKit.build/Debug/MtProtoKit-t.build/Objects-normal/arm64/e6072d4f65d7061329687fe24e3d63a7-common-args.resp -MMD -MT dependencies -MF /Users/buddhirajgautam/Library/Developer/Xcode/DerivedData/Telegram-Mac-fygdgghdgmuleoelvxabfmqiotta/Build/Intermediates.noindex/MtProtoKit.build/Debug/MtProtoKit-t.build/Objects-normal/arm64/MTPongMessage.d --serialize-diagnostics /Users/buddhirajgautam/Library/Developer/Xcode/DerivedData/Telegram-Mac-fygdgghdgmuleoelvxabfmqiotta/Build/Intermediates.noindex/MtProtoKit.build/Debug/MtProtoKit-t.build/Objects-normal/arm64/MTPongMessage.dia -c /Users/buddhirajgautam/Documents/Cherrygram-Mac/macOS-Swift/submodules/telegram-ios/submodules/MtProtoKit/Sources/MTPongMessage.m -o /Users/buddhirajgautam/Library/Developer/Xcode/DerivedData/Telegram-Mac-fygdgghdgmuleoelvxabfmqiotta/Build/Intermediates.noindex/MtProtoKit.build/Debug/MtProtoKit-t.build/Objects-normal/arm64/MTPongMessage.o -index-unit-output-path /MtProtoKit.build/Debug/MtProtoKit-t.build/Objects-normal/arm64/MTPongMessage.o

CompileC /Users/buddhirajgautam/Library/Developer/Xcode/DerivedData/Telegram-Mac-fygdgghdgmuleoelvxabfmqiotta/Build/Intermediates.noindex/MtProtoKit.build/Debug/MtProtoKit-t.build/Objects-normal/arm64/MTPingMessage.o /Users/buddhirajgautam/Documents/Cherrygram-Mac/macOS-Swift/submodules/telegram-ios/submodules/MtProtoKit/Sources/MTPingMessage.m normal arm64 objective-c com.apple.compilers.llvm.clang.1_0.compiler (in target 'MtProtoKit' from project 'MtProtoKit')
    cd /Users/buddhirajgautam/Documents/Cherrygram-Mac/macOS-Swift
    
    Using response file: /Users/buddhirajgautam/Library/Developer/Xcode/DerivedData/Telegram-Mac-fygdgghdgmuleoelvxabfmqiotta/Build/Intermediates.noindex/MtProtoKit.build/Debug/MtProtoKit-t.build/Objects-normal/arm64/e6072d4f65d7061329687fe24e3d63a7-common-args.resp
    
    /Applications/Xcode.app/Contents/Developer/Toolchains/XcodeDefault.xctoolchain/usr/bin/clang -x objective-c -ivfsstatcache /Users/buddhirajgautam/Library/Developer/Xcode/DerivedData/SDKStatCaches.noindex/macosx27.0-26A425-e829b21a6f8c9b70876ba0858053c0447231f6df4def33e022ae2eb8f782df1a.sdkstatcache -target arm64-apple-macos12.0 -fmessage-length\=0 -fdiagnostics-show-note-include-stack -fmacro-backtrace-limit\=0 -fno-color-diagnostics -fmodules-prune-interval\=86400 -fmodules-prune-after\=345600 -fbuild-session-file\=/Users/buddhirajgautam/Library/Developer/Xcode/DerivedData/ModuleCache.noindex/Session.modulevalidation -fmodules-validate-once-per-build-session -Wnon-modular-include-in-framework-module -Werror\=non-modular-include-in-framework-module -Wno-trigraphs -Wno-missing-field-initializers -Wno-missing-prototypes -Wno-return-type -Wno-implicit-atomic-properties -Wno-objc-interface-ivars -Wno-arc-repeated-use-of-weak -Wno-missing-braces -Wparentheses -Wswitch -Wno-unused-function -Wno-unused-label -Wno-unused-parameter -Wno-unused-variable -Wunused-value -Wno-empty-body -Wno-uninitialized -Wno-unknown-pragmas -Wno-shadow -Wno-four-char-constants -Wno-conversion -Wno-constant-conversion -Wno-int-conversion -Wno-bool-conversion -Wno-enum-conversion -Wno-float-conversion -Wno-non-literal-null-conversion -Wno-objc-literal-conversion -Wshorten-64-to-32 -Wpointer-sign -Wno-newline-eof -Wno-selector -Wno-strict-selector-match -Wno-undeclared-selector -Wno-deprecated-implementations -Wno-implicit-fallthrough -isysroot /Applications/Xcode.app/Contents/Developer/Platforms/MacOSX.platform/Developer/SDKs/MacOSX27.0.sdk -fstrict-aliasing -Wprotocol -Wdeprecated-declarations -Wno-sign-conversion -Wno-infinite-recursion -Wno-comma -Wno-block-capture-autoreleasing -Wno-strict-prototypes -Wno-semicolon-before-method-body -index-store-path /Users/buddhirajgautam/Library/Developer/Xcode/DerivedData/Telegram-Mac-fygdgghdgmuleoelvxabfmqiotta/Index.noindex/DataStore @/Users/buddhirajgautam/Library/Developer/Xcode/DerivedData/Telegram-Mac-fygdgghdgmuleoelvxabfmqiotta/Build/Intermediates.noindex/MtProtoKit.build/Debug/MtProtoKit-t.build/Objects-normal/arm64/e6072d4f65d7061329687fe24e3d63a7-common-args.resp -MMD -MT dependencies -MF /Users/buddhirajgautam/Library/Developer/Xcode/DerivedData/Telegram-Mac-fygdgghdgmuleoelvxabfmqiotta/Build/Intermediates.noindex/MtProtoKit.build/Debug/MtProtoKit-t.build/Objects-normal/arm64/MTPingMessage.d --serialize-diagnostics /Users/buddhirajgautam/Library/Developer/Xcode/DerivedData/Telegram-Mac-fygdgghdgmuleoelvxabfmqiotta/Build/Intermediates.noindex/MtProtoKit.build/Debug/MtProtoKit-t.build/Objects-normal/arm64/MTPingMessage.dia -c /Users/buddhirajgautam/Documents/Cherrygram-Mac/macOS-Swift/submodules/telegram-ios/submodules/MtProtoKit/Sources/MTPingMessage.m -o /Users/buddhirajgautam/Library/Developer/Xcode/DerivedData/Telegram-Mac-fygdgghdgmuleoelvxabfmqiotta/Build/Intermediates.noindex/MtProtoKit.build/Debug/MtProtoKit-t.build/Objects-normal/arm64/MTPingMessage.o -index-unit-output-path /MtProtoKit.build/Debug/MtProtoKit-t.build/Objects-normal/arm64/MTPingMessage.o

ScanDependencies /Users/buddhirajgautam/Library/Developer/Xcode/DerivedData/Telegram-Mac-fygdgghdgmuleoelvxabfmqiotta/Build/Intermediates.noindex/MtProtoKit.build/Debug/MtProtoKit-t.build/Objects-normal/arm64/MTOutgoingMessage.o /Users/buddhirajgautam/Documents/Cherrygram-Mac/macOS-Swift/submodules/telegram-ios/submodules/MtProtoKit/Sources/MTOutgoingMessage.m normal arm64 objective-c com.apple.compilers.llvm.clang.1_0.compiler (in target 'MtProtoKit' from project 'MtProtoKit')
    cd /Users/buddhirajgautam/Documents/Cherrygram-Mac/macOS-Swift
    
    Using response file: /Users/buddhirajgautam/Library/Developer/Xcode/DerivedData/Telegram-Mac-fygdgghdgmuleoelvxabfmqiotta/Build/Intermediates.noindex/MtProtoKit.build/Debug/MtProtoKit-t.build/Objects-normal/arm64/e6072d4f65d7061329687fe24e3d63a7-common-args.resp
    
    builtin-ScanDependencies -o /Users/buddhirajgautam/Library/Developer/Xcode/DerivedData/Telegram-Mac-fygdgghdgmuleoelvxabfmqiotta/Build/Intermediates.noindex/MtProtoKit.build/Debug/MtProtoKit-t.build/Objects-normal/arm64/MTOutgoingMessage.o.scan -- /Applications/Xcode.app/Contents/Developer/Toolchains/XcodeDefault.xctoolchain/usr/bin/clang -x objective-c -ivfsstatcache /Users/buddhirajgautam/Library/Developer/Xcode/DerivedData/SDKStatCaches.noindex/macosx27.0-26A425-e829b21a6f8c9b70876ba0858053c0447231f6df4def33e022ae2eb8f782df1a.sdkstatcache -target arm64-apple-macos12.0 -fmessage-length\=0 -fdiagnostics-show-note-include-stack -fmacro-backtrace-limit\=0 -fno-color-diagnostics -fmodules-prune-interval\=86400 -fmodules-prune-after\=345600 -fbuild-session-file\=/Users/buddhirajgautam/Library/Developer/Xcode/DerivedData/ModuleCache.noindex/Session.modulevalidation -fmodules-validate-once-per-build-session -Wnon-modular-include-in-framework-module -Werror\=non-modular-include-in-framework-module -Wno-trigraphs -Wno-missing-field-initializers -Wno-missing-prototypes -Wno-return-type -Wno-implicit-atomic-properties -Wno-objc-interface-ivars -Wno-arc-repeated-use-of-weak -Wno-missing-braces -Wparentheses -Wswitch -Wno-unused-function -Wno-unused-label -Wno-unused-parameter -Wno-unused-variable -Wunused-value -Wno-empty-body -Wno-uninitialized -Wno-unknown-pragmas -Wno-shadow -Wno-four-char-constants -Wno-conversion -Wno-constant-conversion -Wno-int-conversion -Wno-bool-conversion -Wno-enum-conversion -Wno-float-conversion -Wno-non-literal-null-conversion -Wno-objc-literal-conversion -Wshorten-64-to-32 -Wpointer-sign -Wno-newline-eof -Wno-selector -Wno-strict-selector-match -Wno-undeclared-selector -Wno-deprecated-implementations -Wno-implicit-fallthrough -isysroot /Applications/Xcode.app/Contents/Developer/Platforms/MacOSX.platform/Developer/SDKs/MacOSX27.0.sdk -fstrict-aliasing -Wprotocol -Wdeprecated-declarations -Wno-sign-conversion -Wno-infinite-recursion -Wno-comma -Wno-block-capture-autoreleasing -Wno-strict-prototypes -Wno-semicolon-before-method-body -index-store-path /Users/buddhirajgautam/Library/Developer/Xcode/DerivedData/Telegram-Mac-fygdgghdgmuleoelvxabfmqiotta/Index.noindex/DataStore @/Users/buddhirajgautam/Library/Developer/Xcode/DerivedData/Telegram-Mac-fygdgghdgmuleoelvxabfmqiotta/Build/Intermediates.noindex/MtProtoKit.build/Debug/MtProtoKit-t.build/Objects-normal/arm64/e6072d4f65d7061329687fe24e3d63a7-common-args.resp -MMD -MT dependencies -MF /Users/buddhirajgautam/Library/Developer/Xcode/DerivedData/Telegram-Mac-fygdgghdgmuleoelvxabfmqiotta/Build/Intermediates.noindex/MtProtoKit.build/Debug/MtProtoKit-t.build/Objects-normal/arm64/MTOutgoingMessage.d --serialize-diagnostics /Users/buddhirajgautam/Library/Developer/Xcode/DerivedData/Telegram-Mac-fygdgghdgmuleoelvxabfmqiotta/Build/Intermediates.noindex/MtProtoKit.build/Debug/MtProtoKit-t.build/Objects-normal/arm64/MTOutgoingMessage.dia -c /Users/buddhirajgautam/Documents/Cherrygram-Mac/macOS-Swift/submodules/telegram-ios/submodules/MtProtoKit/Sources/MTOutgoingMessage.m -o /Users/buddhirajgautam/Library/Developer/Xcode/DerivedData/Telegram-Mac-fygdgghdgmuleoelvxabfmqiotta/Build/Intermediates.noindex/MtProtoKit.build/Debug/MtProtoKit-t.build/Objects-normal/arm64/MTOutgoingMessage.o -index-unit-output-path /MtProtoKit.build/Debug/MtProtoKit-t.build/Objects-normal/arm64/MTOutgoingMessage.o

CompileC /Users/buddhirajgautam/Library/Developer/Xcode/DerivedData/Telegram-Mac-fygdgghdgmuleoelvxabfmqiotta/Build/Intermediates.noindex/MtProtoKit.build/Debug/MtProtoKit-t.build/Objects-normal/arm64/MTOutputStream.o /Users/buddhirajgautam/Documents/Cherrygram-Mac/macOS-Swift/submodules/telegram-ios/submodules/MtProtoKit/Sources/MTOutputStream.m normal arm64 objective-c com.apple.compilers.llvm.clang.1_0.compiler (in target 'MtProtoKit' from project 'MtProtoKit')
    cd /Users/buddhirajgautam/Documents/Cherrygram-Mac/macOS-Swift
    
    Using response file: /Users/buddhirajgautam/Library/Developer/Xcode/DerivedData/Telegram-Mac-fygdgghdgmuleoelvxabfmqiotta/Build/Intermediates.noindex/MtProtoKit.build/Debug/MtProtoKit-t.build/Objects-normal/arm64/e6072d4f65d7061329687fe24e3d63a7-common-args.resp
    
    /Applications/Xcode.app/Contents/Developer/Toolchains/XcodeDefault.xctoolchain/usr/bin/clang -x objective-c -ivfsstatcache /Users/buddhirajgautam/Library/Developer/Xcode/DerivedData/SDKStatCaches.noindex/macosx27.0-26A425-e829b21a6f8c9b70876ba0858053c0447231f6df4def33e022ae2eb8f782df1a.sdkstatcache -target arm64-apple-macos12.0 -fmessage-length\=0 -fdiagnostics-show-note-include-stack -fmacro-backtrace-limit\=0 -fno-color-diagnostics -fmodules-prune-interval\=86400 -fmodules-prune-after\=345600 -fbuild-session-file\=/Users/buddhirajgautam/Library/Developer/Xcode/DerivedData/ModuleCache.noindex/Session.modulevalidation -fmodules-validate-once-per-build-session -Wnon-modular-include-in-framework-module -Werror\=non-modular-include-in-framework-module -Wno-trigraphs -Wno-missing-field-initializers -Wno-missing-prototypes -Wno-return-type -Wno-implicit-atomic-properties -Wno-objc-interface-ivars -Wno-arc-repeated-use-of-weak -Wno-missing-braces -Wparentheses -Wswitch -Wno-unused-function -Wno-unused-label -Wno-unused-parameter -Wno-unused-variable -Wunused-value -Wno-empty-body -Wno-uninitialized -Wno-unknown-pragmas -Wno-shadow -Wno-four-char-constants -Wno-conversion -Wno-constant-conversion -Wno-int-conversion -Wno-bool-conversion -Wno-enum-conversion -Wno-float-conversion -Wno-non-literal-null-conversion -Wno-objc-literal-conversion -Wshorten-64-to-32 -Wpointer-sign -Wno-newline-eof -Wno-selector -Wno-strict-selector-match -Wno-undeclared-selector -Wno-deprecated-implementations -Wno-implicit-fallthrough -isysroot /Applications/Xcode.app/Contents/Developer/Platforms/MacOSX.platform/Developer/SDKs/MacOSX27.0.sdk -fstrict-aliasing -Wprotocol -Wdeprecated-declarations -Wno-sign-conversion -Wno-infinite-recursion -Wno-comma -Wno-block-capture-autoreleasing -Wno-strict-prototypes -Wno-semicolon-before-method-body -index-store-path /Users/buddhirajgautam/Library/Developer/Xcode/DerivedData/Telegram-Mac-fygdgghdgmuleoelvxabfmqiotta/Index.noindex/DataStore @/Users/buddhirajgautam/Library/Developer/Xcode/DerivedData/Telegram-Mac-fygdgghdgmuleoelvxabfmqiotta/Build/Intermediates.noindex/MtProtoKit.build/Debug/MtProtoKit-t.build/Objects-normal/arm64/e6072d4f65d7061329687fe24e3d63a7-common-args.resp -MMD -MT dependencies -MF /Users/buddhirajgautam/Library/Developer/Xcode/DerivedData/Telegram-Mac-fygdgghdgmuleoelvxabfmqiotta/Build/Intermediates.noindex/MtProtoKit.build/Debug/MtProtoKit-t.build/Objects-normal/arm64/MTOutputStream.d --serialize-diagnostics /Users/buddhirajgautam/Library/Developer/Xcode/DerivedData/Telegram-Mac-fygdgghdgmuleoelvxabfmqiotta/Build/Intermediates.noindex/MtProtoKit.build/Debug/MtProtoKit-t.build/Objects-normal/arm64/MTOutputStream.dia -c /Users/buddhirajgautam/Documents/Cherrygram-Mac/macOS-Swift/submodules/telegram-ios/submodules/MtProtoKit/Sources/MTOutputStream.m -o /Users/buddhirajgautam/Library/Developer/Xcode/DerivedData/Telegram-Mac-fygdgghdgmuleoelvxabfmqiotta/Build/Intermediates.noindex/MtProtoKit.build/Debug/MtProtoKit-t.build/Objects-normal/arm64/MTOutputStream.o -index-unit-output-path /MtProtoKit.build/Debug/MtProtoKit-t.build/Objects-normal/arm64/MTOutputStream.o

ScanDependencies /Users/buddhirajgautam/Library/Developer/Xcode/DerivedData/Telegram-Mac-fygdgghdgmuleoelvxabfmqiotta/Build/Intermediates.noindex/MtProtoKit.build/Debug/MtProtoKit-t.build/Objects-normal/arm64/MTNewSessionCreatedMessage.o /Users/buddhirajgautam/Documents/Cherrygram-Mac/macOS-Swift/submodules/telegram-ios/submodules/MtProtoKit/Sources/MTNewSessionCreatedMessage.m normal arm64 objective-c com.apple.compilers.llvm.clang.1_0.compiler (in target 'MtProtoKit' from project 'MtProtoKit')
    cd /Users/buddhirajgautam/Documents/Cherrygram-Mac/macOS-Swift
    
    Using response file: /Users/buddhirajgautam/Library/Developer/Xcode/DerivedData/Telegram-Mac-fygdgghdgmuleoelvxabfmqiotta/Build/Intermediates.noindex/MtProtoKit.build/Debug/MtProtoKit-t.build/Objects-normal/arm64/e6072d4f65d7061329687fe24e3d63a7-common-args.resp
    
    builtin-ScanDependencies -o /Users/buddhirajgautam/Library/Developer/Xcode/DerivedData/Telegram-Mac-fygdgghdgmuleoelvxabfmqiotta/Build/Intermediates.noindex/MtProtoKit.build/Debug/MtProtoKit-t.build/Objects-normal/arm64/MTNewSessionCreatedMessage.o.scan -- /Applications/Xcode.app/Contents/Developer/Toolchains/XcodeDefault.xctoolchain/usr/bin/clang -x objective-c -ivfsstatcache /Users/buddhirajgautam/Library/Developer/Xcode/DerivedData/SDKStatCaches.noindex/macosx27.0-26A425-e829b21a6f8c9b70876ba0858053c0447231f6df4def33e022ae2eb8f782df1a.sdkstatcache -target arm64-apple-macos12.0 -fmessage-length\=0 -fdiagnostics-show-note-include-stack -fmacro-backtrace-limit\=0 -fno-color-diagnostics -fmodules-prune-interval\=86400 -fmodules-prune-after\=345600 -fbuild-session-file\=/Users/buddhirajgautam/Library/Developer/Xcode/DerivedData/ModuleCache.noindex/Session.modulevalidation -fmodules-validate-once-per-build-session -Wnon-modular-include-in-framework-module -Werror\=non-modular-include-in-framework-module -Wno-trigraphs -Wno-missing-field-initializers -Wno-missing-prototypes -Wno-return-type -Wno-implicit-atomic-properties -Wno-objc-interface-ivars -Wno-arc-repeated-use-of-weak -Wno-missing-braces -Wparentheses -Wswitch -Wno-unused-function -Wno-unused-label -Wno-unused-parameter -Wno-unused-variable -Wunused-value -Wno-empty-body -Wno-uninitialized -Wno-unknown-pragmas -Wno-shadow -Wno-four-char-constants -Wno-conversion -Wno-constant-conversion -Wno-int-conversion -Wno-bool-conversion -Wno-enum-conversion -Wno-float-conversion -Wno-non-literal-null-conversion -Wno-objc-literal-conversion -Wshorten-64-to-32 -Wpointer-sign -Wno-newline-eof -Wno-selector -Wno-strict-selector-match -Wno-undeclared-selector -Wno-deprecated-implementations -Wno-implicit-fallthrough -isysroot /Applications/Xcode.app/Contents/Developer/Platforms/MacOSX.platform/Developer/SDKs/MacOSX27.0.sdk -fstrict-aliasing -Wprotocol -Wdeprecated-declarations -Wno-sign-conversion -Wno-infinite-recursion -Wno-comma -Wno-block-capture-autoreleasing -Wno-strict-prototypes -Wno-semicolon-before-method-body -index-store-path /Users/buddhirajgautam/Library/Developer/Xcode/DerivedData/Telegram-Mac-fygdgghdgmuleoelvxabfmqiotta/Index.noindex/DataStore @/Users/buddhirajgautam/Library/Developer/Xcode/DerivedData/Telegram-Mac-fygdgghdgmuleoelvxabfmqiotta/Build/Intermediates.noindex/MtProtoKit.build/Debug/MtProtoKit-t.build/Objects-normal/arm64/e6072d4f65d7061329687fe24e3d63a7-common-args.resp -MMD -MT dependencies -MF /Users/buddhirajgautam/Library/Developer/Xcode/DerivedData/Telegram-Mac-fygdgghdgmuleoelvxabfmqiotta/Build/Intermediates.noindex/MtProtoKit.build/Debug/MtProtoKit-t.build/Objects-normal/arm64/MTNewSessionCreatedMessage.d --serialize-diagnostics /Users/buddhirajgautam/Library/Developer/Xcode/DerivedData/Telegram-Mac-fygdgghdgmuleoelvxabfmqiotta/Build/Intermediates.noindex/MtProtoKit.build/Debug/MtProtoKit-t.build/Objects-normal/arm64/MTNewSessionCreatedMessage.dia -c /Users/buddhirajgautam/Documents/Cherrygram-Mac/macOS-Swift/submodules/telegram-ios/submodules/MtProtoKit/Sources/MTNewSessionCreatedMessage.m -o /Users/buddhirajgautam/Library/Developer/Xcode/DerivedData/Telegram-Mac-fygdgghdgmuleoelvxabfmqiotta/Build/Intermediates.noindex/MtProtoKit.build/Debug/MtProtoKit-t.build/Objects-normal/arm64/MTNewSessionCreatedMessage.o -index-unit-output-path /MtProtoKit.build/Debug/MtProtoKit-t.build/Objects-normal/arm64/MTNewSessionCreatedMessage.o

ScanDependencies /Users/buddhirajgautam/Library/Developer/Xcode/DerivedData/Telegram-Mac-fygdgghdgmuleoelvxabfmqiotta/Build/Intermediates.noindex/MtProtoKit.build/Debug/MtProtoKit-t.build/Objects-normal/arm64/MTNetworkUsageManager.o /Users/buddhirajgautam/Documents/Cherrygram-Mac/macOS-Swift/submodules/telegram-ios/submodules/MtProtoKit/Sources/MTNetworkUsageManager.m normal arm64 objective-c com.apple.compilers.llvm.clang.1_0.compiler (in target 'MtProtoKit' from project 'MtProtoKit')
    cd /Users/buddhirajgautam/Documents/Cherrygram-Mac/macOS-Swift
    
    Using response file: /Users/buddhirajgautam/Library/Developer/Xcode/DerivedData/Telegram-Mac-fygdgghdgmuleoelvxabfmqiotta/Build/Intermediates.noindex/MtProtoKit.build/Debug/MtProtoKit-t.build/Objects-normal/arm64/e6072d4f65d7061329687fe24e3d63a7-common-args.resp
    
    builtin-ScanDependencies -o /Users/buddhirajgautam/Library/Developer/Xcode/DerivedData/Telegram-Mac-fygdgghdgmuleoelvxabfmqiotta/Build/Intermediates.noindex/MtProtoKit.build/Debug/MtProtoKit-t.build/Objects-normal/arm64/MTNetworkUsageManager.o.scan -- /Applications/Xcode.app/Contents/Developer/Toolchains/XcodeDefault.xctoolchain/usr/bin/clang -x objective-c -ivfsstatcache /Users/buddhirajgautam/Library/Developer/Xcode/DerivedData/SDKStatCaches.noindex/macosx27.0-26A425-e829b21a6f8c9b70876ba0858053c0447231f6df4def33e022ae2eb8f782df1a.sdkstatcache -target arm64-apple-macos12.0 -fmessage-length\=0 -fdiagnostics-show-note-include-stack -fmacro-backtrace-limit\=0 -fno-color-diagnostics -fmodules-prune-interval\=86400 -fmodules-prune-after\=345600 -fbuild-session-file\=/Users/buddhirajgautam/Library/Developer/Xcode/DerivedData/ModuleCache.noindex/Session.modulevalidation -fmodules-validate-once-per-build-session -Wnon-modular-include-in-framework-module -Werror\=non-modular-include-in-framework-module -Wno-trigraphs -Wno-missing-field-initializers -Wno-missing-prototypes -Wno-return-type -Wno-implicit-atomic-properties -Wno-objc-interface-ivars -Wno-arc-repeated-use-of-weak -Wno-missing-braces -Wparentheses -Wswitch -Wno-unused-function -Wno-unused-label -Wno-unused-parameter -Wno-unused-variable -Wunused-value -Wno-empty-body -Wno-uninitialized -Wno-unknown-pragmas -Wno-shadow -Wno-four-char-constants -Wno-conversion -Wno-constant-conversion -Wno-int-conversion -Wno-bool-conversion -Wno-enum-conversion -Wno-float-conversion -Wno-non-literal-null-conversion -Wno-objc-literal-conversion -Wshorten-64-to-32 -Wpointer-sign -Wno-newline-eof -Wno-selector -Wno-strict-selector-match -Wno-undeclared-selector -Wno-deprecated-implementations -Wno-implicit-fallthrough -isysroot /Applications/Xcode.app/Contents/Developer/Platforms/MacOSX.platform/Developer/SDKs/MacOSX27.0.sdk -fstrict-aliasing -Wprotocol -Wdeprecated-declarations -Wno-sign-conversion -Wno-infinite-recursion -Wno-comma -Wno-block-capture-autoreleasing -Wno-strict-prototypes -Wno-semicolon-before-method-body -index-store-path /Users/buddhirajgautam/Library/Developer/Xcode/DerivedData/Telegram-Mac-fygdgghdgmuleoelvxabfmqiotta/Index.noindex/DataStore @/Users/buddhirajgautam/Library/Developer/Xcode/DerivedData/Telegram-Mac-fygdgghdgmuleoelvxabfmqiotta/Build/Intermediates.noindex/MtProtoKit.build/Debug/MtProtoKit-t.build/Objects-normal/arm64/e6072d4f65d7061329687fe24e3d63a7-common-args.resp -MMD -MT dependencies -MF /Users/buddhirajgautam/Library/Developer/Xcode/DerivedData/Telegram-Mac-fygdgghdgmuleoelvxabfmqiotta/Build/Intermediates.noindex/MtProtoKit.build/Debug/MtProtoKit-t.build/Objects-normal/arm64/MTNetworkUsageManager.d --serialize-diagnostics /Users/buddhirajgautam/Library/Developer/Xcode/DerivedData/Telegram-Mac-fygdgghdgmuleoelvxabfmqiotta/Build/Intermediates.noindex/MtProtoKit.build/Debug/MtProtoKit-t.build/Objects-normal/arm64/MTNetworkUsageManager.dia -c /Users/buddhirajgautam/Documents/Cherrygram-Mac/macOS-Swift/submodules/telegram-ios/submodules/MtProtoKit/Sources/MTNetworkUsageManager.m -o /Users/buddhirajgautam/Library/Developer/Xcode/DerivedData/Telegram-Mac-fygdgghdgmuleoelvxabfmqiotta/Build/Intermediates.noindex/MtProtoKit.build/Debug/MtProtoKit-t.build/Objects-normal/arm64/MTNetworkUsageManager.o -index-unit-output-path /MtProtoKit.build/Debug/MtProtoKit-t.build/Objects-normal/arm64/MTNetworkUsageManager.o

ScanDependencies /Users/buddhirajgautam/Library/Developer/Xcode/DerivedData/Telegram-Mac-fygdgghdgmuleoelvxabfmqiotta/Build/Intermediates.noindex/MtProtoKit.build/Debug/MtProtoKit-t.build/Objects-normal/arm64/MTNetworkUsageCalculationInfo.o /Users/buddhirajgautam/Documents/Cherrygram-Mac/macOS-Swift/submodules/telegram-ios/submodules/MtProtoKit/Sources/MTNetworkUsageCalculationInfo.m normal arm64 objective-c com.apple.compilers.llvm.clang.1_0.compiler (in target 'MtProtoKit' from project 'MtProtoKit')
    cd /Users/buddhirajgautam/Documents/Cherrygram-Mac/macOS-Swift
    
    Using response file: /Users/buddhirajgautam/Library/Developer/Xcode/DerivedData/Telegram-Mac-fygdgghdgmuleoelvxabfmqiotta/Build/Intermediates.noindex/MtProtoKit.build/Debug/MtProtoKit-t.build/Objects-normal/arm64/e6072d4f65d7061329687fe24e3d63a7-common-args.resp
    
    builtin-ScanDependencies -o /Users/buddhirajgautam/Library/Developer/Xcode/DerivedData/Telegram-Mac-fygdgghdgmuleoelvxabfmqiotta/Build/Intermediates.noindex/MtProtoKit.build/Debug/MtProtoKit-t.build/Objects-normal/arm64/MTNetworkUsageCalculationInfo.o.scan -- /Applications/Xcode.app/Contents/Developer/Toolchains/XcodeDefault.xctoolchain/usr/bin/clang -x objective-c -ivfsstatcache /Users/buddhirajgautam/Library/Developer/Xcode/DerivedData/SDKStatCaches.noindex/macosx27.0-26A425-e829b21a6f8c9b70876ba0858053c0447231f6df4def33e022ae2eb8f782df1a.sdkstatcache -target arm64-apple-macos12.0 -fmessage-length\=0 -fdiagnostics-show-note-include-stack -fmacro-backtrace-limit\=0 -fno-color-diagnostics -fmodules-prune-interval\=86400 -fmodules-prune-after\=345600 -fbuild-session-file\=/Users/buddhirajgautam/Library/Developer/Xcode/DerivedData/ModuleCache.noindex/Session.modulevalidation -fmodules-validate-once-per-build-session -Wnon-modular-include-in-framework-module -Werror\=non-modular-include-in-framework-module -Wno-trigraphs -Wno-missing-field-initializers -Wno-missing-prototypes -Wno-return-type -Wno-implicit-atomic-properties -Wno-objc-interface-ivars -Wno-arc-repeated-use-of-weak -Wno-missing-braces -Wparentheses -Wswitch -Wno-unused-function -Wno-unused-label -Wno-unused-parameter -Wno-unused-variable -Wunused-value -Wno-empty-body -Wno-uninitialized -Wno-unknown-pragmas -Wno-shadow -Wno-four-char-constants -Wno-conversion -Wno-constant-conversion -Wno-int-conversion -Wno-bool-conversion -Wno-enum-conversion -Wno-float-conversion -Wno-non-literal-null-conversion -Wno-objc-literal-conversion -Wshorten-64-to-32 -Wpointer-sign -Wno-newline-eof -Wno-selector -Wno-strict-selector-match -Wno-undeclared-selector -Wno-deprecated-implementations -Wno-implicit-fallthrough -isysroot /Applications/Xcode.app/Contents/Developer/Platforms/MacOSX.platform/Developer/SDKs/MacOSX27.0.sdk -fstrict-aliasing -Wprotocol -Wdeprecated-declarations -Wno-sign-conversion -Wno-infinite-recursion -Wno-comma -Wno-block-capture-autoreleasing -Wno-strict-prototypes -Wno-semicolon-before-method-body -index-store-path /Users/buddhirajgautam/Library/Developer/Xcode/DerivedData/Telegram-Mac-fygdgghdgmuleoelvxabfmqiotta/Index.noindex/DataStore @/Users/buddhirajgautam/Library/Developer/Xcode/DerivedData/Telegram-Mac-fygdgghdgmuleoelvxabfmqiotta/Build/Intermediates.noindex/MtProtoKit.build/Debug/MtProtoKit-t.build/Objects-normal/arm64/e6072d4f65d7061329687fe24e3d63a7-common-args.resp -MMD -MT dependencies -MF /Users/buddhirajgautam/Library/Developer/Xcode/DerivedData/Telegram-Mac-fygdgghdgmuleoelvxabfmqiotta/Build/Intermediates.noindex/MtProtoKit.build/Debug/MtProtoKit-t.build/Objects-normal/arm64/MTNetworkUsageCalculationInfo.d --serialize-diagnostics /Users/buddhirajgautam/Library/Developer/Xcode/DerivedData/Telegram-Mac-fygdgghdgmuleoelvxabfmqiotta/Build/Intermediates.noindex/MtProtoKit.build/Debug/MtProtoKit-t.build/Objects-normal/arm64/MTNetworkUsageCalculationInfo.dia -c /Users/buddhirajgautam/Documents/Cherrygram-Mac/macOS-Swift/submodules/telegram-ios/submodules/MtProtoKit/Sources/MTNetworkUsageCalculationInfo.m -o /Users/buddhirajgautam/Library/Developer/Xcode/DerivedData/Telegram-Mac-fygdgghdgmuleoelvxabfmqiotta/Build/Intermediates.noindex/MtProtoKit.build/Debug/MtProtoKit-t.build/Objects-normal/arm64/MTNetworkUsageCalculationInfo.o -index-unit-output-path /MtProtoKit.build/Debug/MtProtoKit-t.build/Objects-normal/arm64/MTNetworkUsageCalculationInfo.o

ScanDependencies /Users/buddhirajgautam/Library/Developer/Xcode/DerivedData/Telegram-Mac-fygdgghdgmuleoelvxabfmqiotta/Build/Intermediates.noindex/MtProtoKit.build/Debug/MtProtoKit-t.build/Objects-normal/arm64/MTNetworkAvailability.o /Users/buddhirajgautam/Documents/Cherrygram-Mac/macOS-Swift/submodules/telegram-ios/submodules/MtProtoKit/Sources/MTNetworkAvailability.m normal arm64 objective-c com.apple.compilers.llvm.clang.1_0.compiler (in target 'MtProtoKit' from project 'MtProtoKit')
    cd /Users/buddhirajgautam/Documents/Cherrygram-Mac/macOS-Swift
    
    Using response file: /Users/buddhirajgautam/Library/Developer/Xcode/DerivedData/Telegram-Mac-fygdgghdgmuleoelvxabfmqiotta/Build/Intermediates.noindex/MtProtoKit.build/Debug/MtProtoKit-t.build/Objects-normal/arm64/e6072d4f65d7061329687fe24e3d63a7-common-args.resp
    
    builtin-ScanDependencies -o /Users/buddhirajgautam/Library/Developer/Xcode/DerivedData/Telegram-Mac-fygdgghdgmuleoelvxabfmqiotta/Build/Intermediates.noindex/MtProtoKit.build/Debug/MtProtoKit-t.build/Objects-normal/arm64/MTNetworkAvailability.o.scan -- /Applications/Xcode.app/Contents/Developer/Toolchains/XcodeDefault.xctoolchain/usr/bin/clang -x objective-c -ivfsstatcache /Users/buddhirajgautam/Library/Developer/Xcode/DerivedData/SDKStatCaches.noindex/macosx27.0-26A425-e829b21a6f8c9b70876ba0858053c0447231f6df4def33e022ae2eb8f782df1a.sdkstatcache -target arm64-apple-macos12.0 -fmessage-length\=0 -fdiagnostics-show-note-include-stack -fmacro-backtrace-limit\=0 -fno-color-diagnostics -fmodules-prune-interval\=86400 -fmodules-prune-after\=345600 -fbuild-session-file\=/Users/buddhirajgautam/Library/Developer/Xcode/DerivedData/ModuleCache.noindex/Session.modulevalidation -fmodules-validate-once-per-build-session -Wnon-modular-include-in-framework-module -Werror\=non-modular-include-in-framework-module -Wno-trigraphs -Wno-missing-field-initializers -Wno-missing-prototypes -Wno-return-type -Wno-implicit-atomic-properties -Wno-objc-interface-ivars -Wno-arc-repeated-use-of-weak -Wno-missing-braces -Wparentheses -Wswitch -Wno-unused-function -Wno-unused-label -Wno-unused-parameter -Wno-unused-variable -Wunused-value -Wno-empty-body -Wno-uninitialized -Wno-unknown-pragmas -Wno-shadow -Wno-four-char-constants -Wno-conversion -Wno-constant-conversion -Wno-int-conversion -Wno-bool-conversion -Wno-enum-conversion -Wno-float-conversion -Wno-non-literal-null-conversion -Wno-objc-literal-conversion -Wshorten-64-to-32 -Wpointer-sign -Wno-newline-eof -Wno-selector -Wno-strict-selector-match -Wno-undeclared-selector -Wno-deprecated-implementations -Wno-implicit-fallthrough -isysroot /Applications/Xcode.app/Contents/Developer/Platforms/MacOSX.platform/Developer/SDKs/MacOSX27.0.sdk -fstrict-aliasing -Wprotocol -Wdeprecated-declarations -Wno-sign-conversion -Wno-infinite-recursion -Wno-comma -Wno-block-capture-autoreleasing -Wno-strict-prototypes -Wno-semicolon-before-method-body -index-store-path /Users/buddhirajgautam/Library/Developer/Xcode/DerivedData/Telegram-Mac-fygdgghdgmuleoelvxabfmqiotta/Index.noindex/DataStore @/Users/buddhirajgautam/Library/Developer/Xcode/DerivedData/Telegram-Mac-fygdgghdgmuleoelvxabfmqiotta/Build/Intermediates.noindex/MtProtoKit.build/Debug/MtProtoKit-t.build/Objects-normal/arm64/e6072d4f65d7061329687fe24e3d63a7-common-args.resp -MMD -MT dependencies -MF /Users/buddhirajgautam/Library/Developer/Xcode/DerivedData/Telegram-Mac-fygdgghdgmuleoelvxabfmqiotta/Build/Intermediates.noindex/MtProtoKit.build/Debug/MtProtoKit-t.build/Objects-normal/arm64/MTNetworkAvailability.d --serialize-diagnostics /Users/buddhirajgautam/Library/Developer/Xcode/DerivedData/Telegram-Mac-fygdgghdgmuleoelvxabfmqiotta/Build/Intermediates.noindex/MtProtoKit.build/Debug/MtProtoKit-t.build/Objects-normal/arm64/MTNetworkAvailability.dia -c /Users/buddhirajgautam/Documents/Cherrygram-Mac/macOS-Swift/submodules/telegram-ios/submodules/MtProtoKit/Sources/MTNetworkAvailability.m -o /Users/buddhirajgautam/Library/Developer/Xcode/DerivedData/Telegram-Mac-fygdgghdgmuleoelvxabfmqiotta/Build/Intermediates.noindex/MtProtoKit.build/Debug/MtProtoKit-t.build/Objects-normal/arm64/MTNetworkAvailability.o -index-unit-output-path /MtProtoKit.build/Debug/MtProtoKit-t.build/Objects-normal/arm64/MTNetworkAvailability.o

ScanDependencies /Users/buddhirajgautam/Library/Developer/Xcode/DerivedData/Telegram-Mac-fygdgghdgmuleoelvxabfmqiotta/Build/Intermediates.noindex/MtProtoKit.build/Debug/MtProtoKit-t.build/Objects-normal/arm64/MTMsgsStateReqMessage.o /Users/buddhirajgautam/Documents/Cherrygram-Mac/macOS-Swift/submodules/telegram-ios/submodules/MtProtoKit/Sources/MTMsgsStateReqMessage.m normal arm64 objective-c com.apple.compilers.llvm.clang.1_0.compiler (in target 'MtProtoKit' from project 'MtProtoKit')
    cd /Users/buddhirajgautam/Documents/Cherrygram-Mac/macOS-Swift
    
    Using response file: /Users/buddhirajgautam/Library/Developer/Xcode/DerivedData/Telegram-Mac-fygdgghdgmuleoelvxabfmqiotta/Build/Intermediates.noindex/MtProtoKit.build/Debug/MtProtoKit-t.build/Objects-normal/arm64/e6072d4f65d7061329687fe24e3d63a7-common-args.resp
    
    builtin-ScanDependencies -o /Users/buddhirajgautam/Library/Developer/Xcode/DerivedData/Telegram-Mac-fygdgghdgmuleoelvxabfmqiotta/Build/Intermediates.noindex/MtProtoKit.build/Debug/MtProtoKit-t.build/Objects-normal/arm64/MTMsgsStateReqMessage.o.scan -- /Applications/Xcode.app/Contents/Developer/Toolchains/XcodeDefault.xctoolchain/usr/bin/clang -x objective-c -ivfsstatcache /Users/buddhirajgautam/Library/Developer/Xcode/DerivedData/SDKStatCaches.noindex/macosx27.0-26A425-e829b21a6f8c9b70876ba0858053c0447231f6df4def33e022ae2eb8f782df1a.sdkstatcache -target arm64-apple-macos12.0 -fmessage-length\=0 -fdiagnostics-show-note-include-stack -fmacro-backtrace-limit\=0 -fno-color-diagnostics -fmodules-prune-interval\=86400 -fmodules-prune-after\=345600 -fbuild-session-file\=/Users/buddhirajgautam/Library/Developer/Xcode/DerivedData/ModuleCache.noindex/Session.modulevalidation -fmodules-validate-once-per-build-session -Wnon-modular-include-in-framework-module -Werror\=non-modular-include-in-framework-module -Wno-trigraphs -Wno-missing-field-initializers -Wno-missing-prototypes -Wno-return-type -Wno-implicit-atomic-properties -Wno-objc-interface-ivars -Wno-arc-repeated-use-of-weak -Wno-missing-braces -Wparentheses -Wswitch -Wno-unused-function -Wno-unused-label -Wno-unused-parameter -Wno-unused-variable -Wunused-value -Wno-empty-body -Wno-uninitialized -Wno-unknown-pragmas -Wno-shadow -Wno-four-char-constants -Wno-conversion -Wno-constant-conversion -Wno-int-conversion -Wno-bool-conversion -Wno-enum-conversion -Wno-float-conversion -Wno-non-literal-null-conversion -Wno-objc-literal-conversion -Wshorten-64-to-32 -Wpointer-sign -Wno-newline-eof -Wno-selector -Wno-strict-selector-match -Wno-undeclared-selector -Wno-deprecated-implementations -Wno-implicit-fallthrough -isysroot /Applications/Xcode.app/Contents/Developer/Platforms/MacOSX.platform/Developer/SDKs/MacOSX27.0.sdk -fstrict-aliasing -Wprotocol -Wdeprecated-declarations -Wno-sign-conversion -Wno-infinite-recursion -Wno-comma -Wno-block-capture-autoreleasing -Wno-strict-prototypes -Wno-semicolon-before-method-body -index-store-path /Users/buddhirajgautam/Library/Developer/Xcode/DerivedData/Telegram-Mac-fygdgghdgmuleoelvxabfmqiotta/Index.noindex/DataStore @/Users/buddhirajgautam/Library/Developer/Xcode/DerivedData/Telegram-Mac-fygdgghdgmuleoelvxabfmqiotta/Build/Intermediates.noindex/MtProtoKit.build/Debug/MtProtoKit-t.build/Objects-normal/arm64/e6072d4f65d7061329687fe24e3d63a7-common-args.resp -MMD -MT dependencies -MF /Users/buddhirajgautam/Library/Developer/Xcode/DerivedData/Telegram-Mac-fygdgghdgmuleoelvxabfmqiotta/Build/Intermediates.noindex/MtProtoKit.build/Debug/MtProtoKit-t.build/Objects-normal/arm64/MTMsgsStateReqMessage.d --serialize-diagnostics /Users/buddhirajgautam/Library/Developer/Xcode/DerivedData/Telegram-Mac-fygdgghdgmuleoelvxabfmqiotta/Build/Intermediates.noindex/MtProtoKit.build/Debug/MtProtoKit-t.build/Objects-normal/arm64/MTMsgsStateReqMessage.dia -c /Users/buddhirajgautam/Documents/Cherrygram-Mac/macOS-Swift/submodules/telegram-ios/submodules/MtProtoKit/Sources/MTMsgsStateReqMessage.m -o /Users/buddhirajgautam/Library/Developer/Xcode/DerivedData/Telegram-Mac-fygdgghdgmuleoelvxabfmqiotta/Build/Intermediates.noindex/MtProtoKit.build/Debug/MtProtoKit-t.build/Objects-normal/arm64/MTMsgsStateReqMessage.o -index-unit-output-path /MtProtoKit.build/Debug/MtProtoKit-t.build/Objects-normal/arm64/MTMsgsStateReqMessage.o

CompileC /Users/buddhirajgautam/Library/Developer/Xcode/DerivedData/Telegram-Mac-fygdgghdgmuleoelvxabfmqiotta/Build/Intermediates.noindex/MtProtoKit.build/Debug/MtProtoKit-t.build/Objects-normal/arm64/MTNewSessionCreatedMessage.o /Users/buddhirajgautam/Documents/Cherrygram-Mac/macOS-Swift/submodules/telegram-ios/submodules/MtProtoKit/Sources/MTNewSessionCreatedMessage.m normal arm64 objective-c com.apple.compilers.llvm.clang.1_0.compiler (in target 'MtProtoKit' from project 'MtProtoKit')
    cd /Users/buddhirajgautam/Documents/Cherrygram-Mac/macOS-Swift
    
    Using response file: /Users/buddhirajgautam/Library/Developer/Xcode/DerivedData/Telegram-Mac-fygdgghdgmuleoelvxabfmqiotta/Build/Intermediates.noindex/MtProtoKit.build/Debug/MtProtoKit-t.build/Objects-normal/arm64/e6072d4f65d7061329687fe24e3d63a7-common-args.resp
    
    /Applications/Xcode.app/Contents/Developer/Toolchains/XcodeDefault.xctoolchain/usr/bin/clang -x objective-c -ivfsstatcache /Users/buddhirajgautam/Library/Developer/Xcode/DerivedData/SDKStatCaches.noindex/macosx27.0-26A425-e829b21a6f8c9b70876ba0858053c0447231f6df4def33e022ae2eb8f782df1a.sdkstatcache -target arm64-apple-macos12.0 -fmessage-length\=0 -fdiagnostics-show-note-include-stack -fmacro-backtrace-limit\=0 -fno-color-diagnostics -fmodules-prune-interval\=86400 -fmodules-prune-after\=345600 -fbuild-session-file\=/Users/buddhirajgautam/Library/Developer/Xcode/DerivedData/ModuleCache.noindex/Session.modulevalidation -fmodules-validate-once-per-build-session -Wnon-modular-include-in-framework-module -Werror\=non-modular-include-in-framework-module -Wno-trigraphs -Wno-missing-field-initializers -Wno-missing-prototypes -Wno-return-type -Wno-implicit-atomic-properties -Wno-objc-interface-ivars -Wno-arc-repeated-use-of-weak -Wno-missing-braces -Wparentheses -Wswitch -Wno-unused-function -Wno-unused-label -Wno-unused-parameter -Wno-unused-variable -Wunused-value -Wno-empty-body -Wno-uninitialized -Wno-unknown-pragmas -Wno-shadow -Wno-four-char-constants -Wno-conversion -Wno-constant-conversion -Wno-int-conversion -Wno-bool-conversion -Wno-enum-conversion -Wno-float-conversion -Wno-non-literal-null-conversion -Wno-objc-literal-conversion -Wshorten-64-to-32 -Wpointer-sign -Wno-newline-eof -Wno-selector -Wno-strict-selector-match -Wno-undeclared-selector -Wno-deprecated-implementations -Wno-implicit-fallthrough -isysroot /Applications/Xcode.app/Contents/Developer/Platforms/MacOSX.platform/Developer/SDKs/MacOSX27.0.sdk -fstrict-aliasing -Wprotocol -Wdeprecated-declarations -Wno-sign-conversion -Wno-infinite-recursion -Wno-comma -Wno-block-capture-autoreleasing -Wno-strict-prototypes -Wno-semicolon-before-method-body -index-store-path /Users/buddhirajgautam/Library/Developer/Xcode/DerivedData/Telegram-Mac-fygdgghdgmuleoelvxabfmqiotta/Index.noindex/DataStore @/Users/buddhirajgautam/Library/Developer/Xcode/DerivedData/Telegram-Mac-fygdgghdgmuleoelvxabfmqiotta/Build/Intermediates.noindex/MtProtoKit.build/Debug/MtProtoKit-t.build/Objects-normal/arm64/e6072d4f65d7061329687fe24e3d63a7-common-args.resp -MMD -MT dependencies -MF /Users/buddhirajgautam/Library/Developer/Xcode/DerivedData/Telegram-Mac-fygdgghdgmuleoelvxabfmqiotta/Build/Intermediates.noindex/MtProtoKit.build/Debug/MtProtoKit-t.build/Objects-normal/arm64/MTNewSessionCreatedMessage.d --serialize-diagnostics /Users/buddhirajgautam/Library/Developer/Xcode/DerivedData/Telegram-Mac-fygdgghdgmuleoelvxabfmqiotta/Build/Intermediates.noindex/MtProtoKit.build/Debug/MtProtoKit-t.build/Objects-normal/arm64/MTNewSessionCreatedMessage.dia -c /Users/buddhirajgautam/Documents/Cherrygram-Mac/macOS-Swift/submodules/telegram-ios/submodules/MtProtoKit/Sources/MTNewSessionCreatedMessage.m -o /Users/buddhirajgautam/Library/Developer/Xcode/DerivedData/Telegram-Mac-fygdgghdgmuleoelvxabfmqiotta/Build/Intermediates.noindex/MtProtoKit.build/Debug/MtProtoKit-t.build/Objects-normal/arm64/MTNewSessionCreatedMessage.o -index-unit-output-path /MtProtoKit.build/Debug/MtProtoKit-t.build/Objects-normal/arm64/MTNewSessionCreatedMessage.o

CompileC /Users/buddhirajgautam/Library/Developer/Xcode/DerivedData/Telegram-Mac-fygdgghdgmuleoelvxabfmqiotta/Build/Intermediates.noindex/MtProtoKit.build/Debug/MtProtoKit-t.build/Objects-normal/arm64/MTNetworkUsageManager.o /Users/buddhirajgautam/Documents/Cherrygram-Mac/macOS-Swift/submodules/telegram-ios/submodules/MtProtoKit/Sources/MTNetworkUsageManager.m normal arm64 objective-c com.apple.compilers.llvm.clang.1_0.compiler (in target 'MtProtoKit' from project 'MtProtoKit')
    cd /Users/buddhirajgautam/Documents/Cherrygram-Mac/macOS-Swift
    
    Using response file: /Users/buddhirajgautam/Library/Developer/Xcode/DerivedData/Telegram-Mac-fygdgghdgmuleoelvxabfmqiotta/Build/Intermediates.noindex/MtProtoKit.build/Debug/MtProtoKit-t.build/Objects-normal/arm64/e6072d4f65d7061329687fe24e3d63a7-common-args.resp
    
    /Applications/Xcode.app/Contents/Developer/Toolchains/XcodeDefault.xctoolchain/usr/bin/clang -x objective-c -ivfsstatcache /Users/buddhirajgautam/Library/Developer/Xcode/DerivedData/SDKStatCaches.noindex/macosx27.0-26A425-e829b21a6f8c9b70876ba0858053c0447231f6df4def33e022ae2eb8f782df1a.sdkstatcache -target arm64-apple-macos12.0 -fmessage-length\=0 -fdiagnostics-show-note-include-stack -fmacro-backtrace-limit\=0 -fno-color-diagnostics -fmodules-prune-interval\=86400 -fmodules-prune-after\=345600 -fbuild-session-file\=/Users/buddhirajgautam/Library/Developer/Xcode/DerivedData/ModuleCache.noindex/Session.modulevalidation -fmodules-validate-once-per-build-session -Wnon-modular-include-in-framework-module -Werror\=non-modular-include-in-framework-module -Wno-trigraphs -Wno-missing-field-initializers -Wno-missing-prototypes -Wno-return-type -Wno-implicit-atomic-properties -Wno-objc-interface-ivars -Wno-arc-repeated-use-of-weak -Wno-missing-braces -Wparentheses -Wswitch -Wno-unused-function -Wno-unused-label -Wno-unused-parameter -Wno-unused-variable -Wunused-value -Wno-empty-body -Wno-uninitialized -Wno-unknown-pragmas -Wno-shadow -Wno-four-char-constants -Wno-conversion -Wno-constant-conversion -Wno-int-conversion -Wno-bool-conversion -Wno-enum-conversion -Wno-float-conversion -Wno-non-literal-null-conversion -Wno-objc-literal-conversion -Wshorten-64-to-32 -Wpointer-sign -Wno-newline-eof -Wno-selector -Wno-strict-selector-match -Wno-undeclared-selector -Wno-deprecated-implementations -Wno-implicit-fallthrough -isysroot /Applications/Xcode.app/Contents/Developer/Platforms/MacOSX.platform/Developer/SDKs/MacOSX27.0.sdk -fstrict-aliasing -Wprotocol -Wdeprecated-declarations -Wno-sign-conversion -Wno-infinite-recursion -Wno-comma -Wno-block-capture-autoreleasing -Wno-strict-prototypes -Wno-semicolon-before-method-body -index-store-path /Users/buddhirajgautam/Library/Developer/Xcode/DerivedData/Telegram-Mac-fygdgghdgmuleoelvxabfmqiotta/Index.noindex/DataStore @/Users/buddhirajgautam/Library/Developer/Xcode/DerivedData/Telegram-Mac-fygdgghdgmuleoelvxabfmqiotta/Build/Intermediates.noindex/MtProtoKit.build/Debug/MtProtoKit-t.build/Objects-normal/arm64/e6072d4f65d7061329687fe24e3d63a7-common-args.resp -MMD -MT dependencies -MF /Users/buddhirajgautam/Library/Developer/Xcode/DerivedData/Telegram-Mac-fygdgghdgmuleoelvxabfmqiotta/Build/Intermediates.noindex/MtProtoKit.build/Debug/MtProtoKit-t.build/Objects-normal/arm64/MTNetworkUsageManager.d --serialize-diagnostics /Users/buddhirajgautam/Library/Developer/Xcode/DerivedData/Telegram-Mac-fygdgghdgmuleoelvxabfmqiotta/Build/Intermediates.noindex/MtProtoKit.build/Debug/MtProtoKit-t.build/Objects-normal/arm64/MTNetworkUsageManager.dia -c /Users/buddhirajgautam/Documents/Cherrygram-Mac/macOS-Swift/submodules/telegram-ios/submodules/MtProtoKit/Sources/MTNetworkUsageManager.m -o /Users/buddhirajgautam/Library/Developer/Xcode/DerivedData/Telegram-Mac-fygdgghdgmuleoelvxabfmqiotta/Build/Intermediates.noindex/MtProtoKit.build/Debug/MtProtoKit-t.build/Objects-normal/arm64/MTNetworkUsageManager.o -index-unit-output-path /MtProtoKit.build/Debug/MtProtoKit-t.build/Objects-normal/arm64/MTNetworkUsageManager.o

CompileC /Users/buddhirajgautam/Library/Developer/Xcode/DerivedData/Telegram-Mac-fygdgghdgmuleoelvxabfmqiotta/Build/Intermediates.noindex/MtProtoKit.build/Debug/MtProtoKit-t.build/Objects-normal/arm64/MTNetworkUsageCalculationInfo.o /Users/buddhirajgautam/Documents/Cherrygram-Mac/macOS-Swift/submodules/telegram-ios/submodules/MtProtoKit/Sources/MTNetworkUsageCalculationInfo.m normal arm64 objective-c com.apple.compilers.llvm.clang.1_0.compiler (in target 'MtProtoKit' from project 'MtProtoKit')
    cd /Users/buddhirajgautam/Documents/Cherrygram-Mac/macOS-Swift
    
    Using response file: /Users/buddhirajgautam/Library/Developer/Xcode/DerivedData/Telegram-Mac-fygdgghdgmuleoelvxabfmqiotta/Build/Intermediates.noindex/MtProtoKit.build/Debug/MtProtoKit-t.build/Objects-normal/arm64/e6072d4f65d7061329687fe24e3d63a7-common-args.resp
    
    /Applications/Xcode.app/Contents/Developer/Toolchains/XcodeDefault.xctoolchain/usr/bin/clang -x objective-c -ivfsstatcache /Users/buddhirajgautam/Library/Developer/Xcode/DerivedData/SDKStatCaches.noindex/macosx27.0-26A425-e829b21a6f8c9b70876ba0858053c0447231f6df4def33e022ae2eb8f782df1a.sdkstatcache -target arm64-apple-macos12.0 -fmessage-length\=0 -fdiagnostics-show-note-include-stack -fmacro-backtrace-limit\=0 -fno-color-diagnostics -fmodules-prune-interval\=86400 -fmodules-prune-after\=345600 -fbuild-session-file\=/Users/buddhirajgautam/Library/Developer/Xcode/DerivedData/ModuleCache.noindex/Session.modulevalidation -fmodules-validate-once-per-build-session -Wnon-modular-include-in-framework-module -Werror\=non-modular-include-in-framework-module -Wno-trigraphs -Wno-missing-field-initializers -Wno-missing-prototypes -Wno-return-type -Wno-implicit-atomic-properties -Wno-objc-interface-ivars -Wno-arc-repeated-use-of-weak -Wno-missing-braces -Wparentheses -Wswitch -Wno-unused-function -Wno-unused-label -Wno-unused-parameter -Wno-unused-variable -Wunused-value -Wno-empty-body -Wno-uninitialized -Wno-unknown-pragmas -Wno-shadow -Wno-four-char-constants -Wno-conversion -Wno-constant-conversion -Wno-int-conversion -Wno-bool-conversion -Wno-enum-conversion -Wno-float-conversion -Wno-non-literal-null-conversion -Wno-objc-literal-conversion -Wshorten-64-to-32 -Wpointer-sign -Wno-newline-eof -Wno-selector -Wno-strict-selector-match -Wno-undeclared-selector -Wno-deprecated-implementations -Wno-implicit-fallthrough -isysroot /Applications/Xcode.app/Contents/Developer/Platforms/MacOSX.platform/Developer/SDKs/MacOSX27.0.sdk -fstrict-aliasing -Wprotocol -Wdeprecated-declarations -Wno-sign-conversion -Wno-infinite-recursion -Wno-comma -Wno-block-capture-autoreleasing -Wno-strict-prototypes -Wno-semicolon-before-method-body -index-store-path /Users/buddhirajgautam/Library/Developer/Xcode/DerivedData/Telegram-Mac-fygdgghdgmuleoelvxabfmqiotta/Index.noindex/DataStore @/Users/buddhirajgautam/Library/Developer/Xcode/DerivedData/Telegram-Mac-fygdgghdgmuleoelvxabfmqiotta/Build/Intermediates.noindex/MtProtoKit.build/Debug/MtProtoKit-t.build/Objects-normal/arm64/e6072d4f65d7061329687fe24e3d63a7-common-args.resp -MMD -MT dependencies -MF /Users/buddhirajgautam/Library/Developer/Xcode/DerivedData/Telegram-Mac-fygdgghdgmuleoelvxabfmqiotta/Build/Intermediates.noindex/MtProtoKit.build/Debug/MtProtoKit-t.build/Objects-normal/arm64/MTNetworkUsageCalculationInfo.d --serialize-diagnostics /Users/buddhirajgautam/Library/Developer/Xcode/DerivedData/Telegram-Mac-fygdgghdgmuleoelvxabfmqiotta/Build/Intermediates.noindex/MtProtoKit.build/Debug/MtProtoKit-t.build/Objects-normal/arm64/MTNetworkUsageCalculationInfo.dia -c /Users/buddhirajgautam/Documents/Cherrygram-Mac/macOS-Swift/submodules/telegram-ios/submodules/MtProtoKit/Sources/MTNetworkUsageCalculationInfo.m -o /Users/buddhirajgautam/Library/Developer/Xcode/DerivedData/Telegram-Mac-fygdgghdgmuleoelvxabfmqiotta/Build/Intermediates.noindex/MtProtoKit.build/Debug/MtProtoKit-t.build/Objects-normal/arm64/MTNetworkUsageCalculationInfo.o -index-unit-output-path /MtProtoKit.build/Debug/MtProtoKit-t.build/Objects-normal/arm64/MTNetworkUsageCalculationInfo.o

CompileC /Users/buddhirajgautam/Library/Developer/Xcode/DerivedData/Telegram-Mac-fygdgghdgmuleoelvxabfmqiotta/Build/Intermediates.noindex/MtProtoKit.build/Debug/MtProtoKit-t.build/Objects-normal/arm64/MTOutgoingMessage.o /Users/buddhirajgautam/Documents/Cherrygram-Mac/macOS-Swift/submodules/telegram-ios/submodules/MtProtoKit/Sources/MTOutgoingMessage.m normal arm64 objective-c com.apple.compilers.llvm.clang.1_0.compiler (in target 'MtProtoKit' from project 'MtProtoKit')
    cd /Users/buddhirajgautam/Documents/Cherrygram-Mac/macOS-Swift
    
    Using response file: /Users/buddhirajgautam/Library/Developer/Xcode/DerivedData/Telegram-Mac-fygdgghdgmuleoelvxabfmqiotta/Build/Intermediates.noindex/MtProtoKit.build/Debug/MtProtoKit-t.build/Objects-normal/arm64/e6072d4f65d7061329687fe24e3d63a7-common-args.resp
    
    /Applications/Xcode.app/Contents/Developer/Toolchains/XcodeDefault.xctoolchain/usr/bin/clang -x objective-c -ivfsstatcache /Users/buddhirajgautam/Library/Developer/Xcode/DerivedData/SDKStatCaches.noindex/macosx27.0-26A425-e829b21a6f8c9b70876ba0858053c0447231f6df4def33e022ae2eb8f782df1a.sdkstatcache -target arm64-apple-macos12.0 -fmessage-length\=0 -fdiagnostics-show-note-include-stack -fmacro-backtrace-limit\=0 -fno-color-diagnostics -fmodules-prune-interval\=86400 -fmodules-prune-after\=345600 -fbuild-session-file\=/Users/buddhirajgautam/Library/Developer/Xcode/DerivedData/ModuleCache.noindex/Session.modulevalidation -fmodules-validate-once-per-build-session -Wnon-modular-include-in-framework-module -Werror\=non-modular-include-in-framework-module -Wno-trigraphs -Wno-missing-field-initializers -Wno-missing-prototypes -Wno-return-type -Wno-implicit-atomic-properties -Wno-objc-interface-ivars -Wno-arc-repeated-use-of-weak -Wno-missing-braces -Wparentheses -Wswitch -Wno-unused-function -Wno-unused-label -Wno-unused-parameter -Wno-unused-variable -Wunused-value -Wno-empty-body -Wno-uninitialized -Wno-unknown-pragmas -Wno-shadow -Wno-four-char-constants -Wno-conversion -Wno-constant-conversion -Wno-int-conversion -Wno-bool-conversion -Wno-enum-conversion -Wno-float-conversion -Wno-non-literal-null-conversion -Wno-objc-literal-conversion -Wshorten-64-to-32 -Wpointer-sign -Wno-newline-eof -Wno-selector -Wno-strict-selector-match -Wno-undeclared-selector -Wno-deprecated-implementations -Wno-implicit-fallthrough -isysroot /Applications/Xcode.app/Contents/Developer/Platforms/MacOSX.platform/Developer/SDKs/MacOSX27.0.sdk -fstrict-aliasing -Wprotocol -Wdeprecated-declarations -Wno-sign-conversion -Wno-infinite-recursion -Wno-comma -Wno-block-capture-autoreleasing -Wno-strict-prototypes -Wno-semicolon-before-method-body -index-store-path /Users/buddhirajgautam/Library/Developer/Xcode/DerivedData/Telegram-Mac-fygdgghdgmuleoelvxabfmqiotta/Index.noindex/DataStore @/Users/buddhirajgautam/Library/Developer/Xcode/DerivedData/Telegram-Mac-fygdgghdgmuleoelvxabfmqiotta/Build/Intermediates.noindex/MtProtoKit.build/Debug/MtProtoKit-t.build/Objects-normal/arm64/e6072d4f65d7061329687fe24e3d63a7-common-args.resp -MMD -MT dependencies -MF /Users/buddhirajgautam/Library/Developer/Xcode/DerivedData/Telegram-Mac-fygdgghdgmuleoelvxabfmqiotta/Build/Intermediates.noindex/MtProtoKit.build/Debug/MtProtoKit-t.build/Objects-normal/arm64/MTOutgoingMessage.d --serialize-diagnostics /Users/buddhirajgautam/Library/Developer/Xcode/DerivedData/Telegram-Mac-fygdgghdgmuleoelvxabfmqiotta/Build/Intermediates.noindex/MtProtoKit.build/Debug/MtProtoKit-t.build/Objects-normal/arm64/MTOutgoingMessage.dia -c /Users/buddhirajgautam/Documents/Cherrygram-Mac/macOS-Swift/submodules/telegram-ios/submodules/MtProtoKit/Sources/MTOutgoingMessage.m -o /Users/buddhirajgautam/Library/Developer/Xcode/DerivedData/Telegram-Mac-fygdgghdgmuleoelvxabfmqiotta/Build/Intermediates.noindex/MtProtoKit.build/Debug/MtProtoKit-t.build/Objects-normal/arm64/MTOutgoingMessage.o -index-unit-output-path /MtProtoKit.build/Debug/MtProtoKit-t.build/Objects-normal/arm64/MTOutgoingMessage.o

CompileC /Users/buddhirajgautam/Library/Developer/Xcode/DerivedData/Telegram-Mac-fygdgghdgmuleoelvxabfmqiotta/Build/Intermediates.noindex/MtProtoKit.build/Debug/MtProtoKit-t.build/Objects-normal/arm64/MTMsgsStateReqMessage.o /Users/buddhirajgautam/Documents/Cherrygram-Mac/macOS-Swift/submodules/telegram-ios/submodules/MtProtoKit/Sources/MTMsgsStateReqMessage.m normal arm64 objective-c com.apple.compilers.llvm.clang.1_0.compiler (in target 'MtProtoKit' from project 'MtProtoKit')
    cd /Users/buddhirajgautam/Documents/Cherrygram-Mac/macOS-Swift
    
    Using response file: /Users/buddhirajgautam/Library/Developer/Xcode/DerivedData/Telegram-Mac-fygdgghdgmuleoelvxabfmqiotta/Build/Intermediates.noindex/MtProtoKit.build/Debug/MtProtoKit-t.build/Objects-normal/arm64/e6072d4f65d7061329687fe24e3d63a7-common-args.resp
    
    /Applications/Xcode.app/Contents/Developer/Toolchains/XcodeDefault.xctoolchain/usr/bin/clang -x objective-c -ivfsstatcache /Users/buddhirajgautam/Library/Developer/Xcode/DerivedData/SDKStatCaches.noindex/macosx27.0-26A425-e829b21a6f8c9b70876ba0858053c0447231f6df4def33e022ae2eb8f782df1a.sdkstatcache -target arm64-apple-macos12.0 -fmessage-length\=0 -fdiagnostics-show-note-include-stack -fmacro-backtrace-limit\=0 -fno-color-diagnostics -fmodules-prune-interval\=86400 -fmodules-prune-after\=345600 -fbuild-session-file\=/Users/buddhirajgautam/Library/Developer/Xcode/DerivedData/ModuleCache.noindex/Session.modulevalidation -fmodules-validate-once-per-build-session -Wnon-modular-include-in-framework-module -Werror\=non-modular-include-in-framework-module -Wno-trigraphs -Wno-missing-field-initializers -Wno-missing-prototypes -Wno-return-type -Wno-implicit-atomic-properties -Wno-objc-interface-ivars -Wno-arc-repeated-use-of-weak -Wno-missing-braces -Wparentheses -Wswitch -Wno-unused-function -Wno-unused-label -Wno-unused-parameter -Wno-unused-variable -Wunused-value -Wno-empty-body -Wno-uninitialized -Wno-unknown-pragmas -Wno-shadow -Wno-four-char-constants -Wno-conversion -Wno-constant-conversion -Wno-int-conversion -Wno-bool-conversion -Wno-enum-conversion -Wno-float-conversion -Wno-non-literal-null-conversion -Wno-objc-literal-conversion -Wshorten-64-to-32 -Wpointer-sign -Wno-newline-eof -Wno-selector -Wno-strict-selector-match -Wno-undeclared-selector -Wno-deprecated-implementations -Wno-implicit-fallthrough -isysroot /Applications/Xcode.app/Contents/Developer/Platforms/MacOSX.platform/Developer/SDKs/MacOSX27.0.sdk -fstrict-aliasing -Wprotocol -Wdeprecated-declarations -Wno-sign-conversion -Wno-infinite-recursion -Wno-comma -Wno-block-capture-autoreleasing -Wno-strict-prototypes -Wno-semicolon-before-method-body -index-store-path /Users/buddhirajgautam/Library/Developer/Xcode/DerivedData/Telegram-Mac-fygdgghdgmuleoelvxabfmqiotta/Index.noindex/DataStore @/Users/buddhirajgautam/Library/Developer/Xcode/DerivedData/Telegram-Mac-fygdgghdgmuleoelvxabfmqiotta/Build/Intermediates.noindex/MtProtoKit.build/Debug/MtProtoKit-t.build/Objects-normal/arm64/e6072d4f65d7061329687fe24e3d63a7-common-args.resp -MMD -MT dependencies -MF /Users/buddhirajgautam/Library/Developer/Xcode/DerivedData/Telegram-Mac-fygdgghdgmuleoelvxabfmqiotta/Build/Intermediates.noindex/MtProtoKit.build/Debug/MtProtoKit-t.build/Objects-normal/arm64/MTMsgsStateReqMessage.d --serialize-diagnostics /Users/buddhirajgautam/Library/Developer/Xcode/DerivedData/Telegram-Mac-fygdgghdgmuleoelvxabfmqiotta/Build/Intermediates.noindex/MtProtoKit.build/Debug/MtProtoKit-t.build/Objects-normal/arm64/MTMsgsStateReqMessage.dia -c /Users/buddhirajgautam/Documents/Cherrygram-Mac/macOS-Swift/submodules/telegram-ios/submodules/MtProtoKit/Sources/MTMsgsStateReqMessage.m -o /Users/buddhirajgautam/Library/Developer/Xcode/DerivedData/Telegram-Mac-fygdgghdgmuleoelvxabfmqiotta/Build/Intermediates.noindex/MtProtoKit.build/Debug/MtProtoKit-t.build/Objects-normal/arm64/MTMsgsStateReqMessage.o -index-unit-output-path /MtProtoKit.build/Debug/MtProtoKit-t.build/Objects-normal/arm64/MTMsgsStateReqMessage.o

PrecompileModule /Users/buddhirajgautam/Library/Developer/Xcode/DerivedData/Telegram-Mac-fygdgghdgmuleoelvxabfmqiotta/Build/Intermediates.noindex/ExplicitPrecompiledModules/SystemConfiguration-6B3M3UORJP775MXR19WYUFRG4.scan
    cd /
    builtin-precompileModule /Users/buddhirajgautam/Library/Developer/Xcode/DerivedData/Telegram-Mac-fygdgghdgmuleoelvxabfmqiotta/Build/Intermediates.noindex/ExplicitPrecompiledModules/SystemConfiguration-6B3M3UORJP775MXR19WYUFRG4.scan

ScanDependencies /Users/buddhirajgautam/Library/Developer/Xcode/DerivedData/Telegram-Mac-fygdgghdgmuleoelvxabfmqiotta/Build/Intermediates.noindex/MtProtoKit.build/Debug/MtProtoKit-t.build/Objects-normal/arm64/MTMsgsStateInfoMessage.o /Users/buddhirajgautam/Documents/Cherrygram-Mac/macOS-Swift/submodules/telegram-ios/submodules/MtProtoKit/Sources/MTMsgsStateInfoMessage.m normal arm64 objective-c com.apple.compilers.llvm.clang.1_0.compiler (in target 'MtProtoKit' from project 'MtProtoKit')
    cd /Users/buddhirajgautam/Documents/Cherrygram-Mac/macOS-Swift
    
    Using response file: /Users/buddhirajgautam/Library/Developer/Xcode/DerivedData/Telegram-Mac-fygdgghdgmuleoelvxabfmqiotta/Build/Intermediates.noindex/MtProtoKit.build/Debug/MtProtoKit-t.build/Objects-normal/arm64/e6072d4f65d7061329687fe24e3d63a7-common-args.resp
    
    builtin-ScanDependencies -o /Users/buddhirajgautam/Library/Developer/Xcode/DerivedData/Telegram-Mac-fygdgghdgmuleoelvxabfmqiotta/Build/Intermediates.noindex/MtProtoKit.build/Debug/MtProtoKit-t.build/Objects-normal/arm64/MTMsgsStateInfoMessage.o.scan -- /Applications/Xcode.app/Contents/Developer/Toolchains/XcodeDefault.xctoolchain/usr/bin/clang -x objective-c -ivfsstatcache /Users/buddhirajgautam/Library/Developer/Xcode/DerivedData/SDKStatCaches.noindex/macosx27.0-26A425-e829b21a6f8c9b70876ba0858053c0447231f6df4def33e022ae2eb8f782df1a.sdkstatcache -target arm64-apple-macos12.0 -fmessage-length\=0 -fdiagnostics-show-note-include-stack -fmacro-backtrace-limit\=0 -fno-color-diagnostics -fmodules-prune-interval\=86400 -fmodules-prune-after\=345600 -fbuild-session-file\=/Users/buddhirajgautam/Library/Developer/Xcode/DerivedData/ModuleCache.noindex/Session.modulevalidation -fmodules-validate-once-per-build-session -Wnon-modular-include-in-framework-module -Werror\=non-modular-include-in-framework-module -Wno-trigraphs -Wno-missing-field-initializers -Wno-missing-prototypes -Wno-return-type -Wno-implicit-atomic-properties -Wno-objc-interface-ivars -Wno-arc-repeated-use-of-weak -Wno-missing-braces -Wparentheses -Wswitch -Wno-unused-function -Wno-unused-label -Wno-unused-parameter -Wno-unused-variable -Wunused-value -Wno-empty-body -Wno-uninitialized -Wno-unknown-pragmas -Wno-shadow -Wno-four-char-constants -Wno-conversion -Wno-constant-conversion -Wno-int-conversion -Wno-bool-conversion -Wno-enum-conversion -Wno-float-conversion -Wno-non-literal-null-conversion -Wno-objc-literal-conversion -Wshorten-64-to-32 -Wpointer-sign -Wno-newline-eof -Wno-selector -Wno-strict-selector-match -Wno-undeclared-selector -Wno-deprecated-implementations -Wno-implicit-fallthrough -isysroot /Applications/Xcode.app/Contents/Developer/Platforms/MacOSX.platform/Developer/SDKs/MacOSX27.0.sdk -fstrict-aliasing -Wprotocol -Wdeprecated-declarations -Wno-sign-conversion -Wno-infinite-recursion -Wno-comma -Wno-block-capture-autoreleasing -Wno-strict-prototypes -Wno-semicolon-before-method-body -index-store-path /Users/buddhirajgautam/Library/Developer/Xcode/DerivedData/Telegram-Mac-fygdgghdgmuleoelvxabfmqiotta/Index.noindex/DataStore @/Users/buddhirajgautam/Library/Developer/Xcode/DerivedData/Telegram-Mac-fygdgghdgmuleoelvxabfmqiotta/Build/Intermediates.noindex/MtProtoKit.build/Debug/MtProtoKit-t.build/Objects-normal/arm64/e6072d4f65d7061329687fe24e3d63a7-common-args.resp -MMD -MT dependencies -MF /Users/buddhirajgautam/Library/Developer/Xcode/DerivedData/Telegram-Mac-fygdgghdgmuleoelvxabfmqiotta/Build/Intermediates.noindex/MtProtoKit.build/Debug/MtProtoKit-t.build/Objects-normal/arm64/MTMsgsStateInfoMessage.d --serialize-diagnostics /Users/buddhirajgautam/Library/Developer/Xcode/DerivedData/Telegram-Mac-fygdgghdgmuleoelvxabfmqiotta/Build/Intermediates.noindex/MtProtoKit.build/Debug/MtProtoKit-t.build/Objects-normal/arm64/MTMsgsStateInfoMessage.dia -c /Users/buddhirajgautam/Documents/Cherrygram-Mac/macOS-Swift/submodules/telegram-ios/submodules/MtProtoKit/Sources/MTMsgsStateInfoMessage.m -o /Users/buddhirajgautam/Library/Developer/Xcode/DerivedData/Telegram-Mac-fygdgghdgmuleoelvxabfmqiotta/Build/Intermediates.noindex/MtProtoKit.build/Debug/MtProtoKit-t.build/Objects-normal/arm64/MTMsgsStateInfoMessage.o -index-unit-output-path /MtProtoKit.build/Debug/MtProtoKit-t.build/Objects-normal/arm64/MTMsgsStateInfoMessage.o

ScanDependencies /Users/buddhirajgautam/Library/Developer/Xcode/DerivedData/Telegram-Mac-fygdgghdgmuleoelvxabfmqiotta/Build/Intermediates.noindex/MtProtoKit.build/Debug/MtProtoKit-t.build/Objects-normal/arm64/MTMsgsAckMessage.o /Users/buddhirajgautam/Documents/Cherrygram-Mac/macOS-Swift/submodules/telegram-ios/submodules/MtProtoKit/Sources/MTMsgsAckMessage.m normal arm64 objective-c com.apple.compilers.llvm.clang.1_0.compiler (in target 'MtProtoKit' from project 'MtProtoKit')
    cd /Users/buddhirajgautam/Documents/Cherrygram-Mac/macOS-Swift
    
    Using response file: /Users/buddhirajgautam/Library/Developer/Xcode/DerivedData/Telegram-Mac-fygdgghdgmuleoelvxabfmqiotta/Build/Intermediates.noindex/MtProtoKit.build/Debug/MtProtoKit-t.build/Objects-normal/arm64/e6072d4f65d7061329687fe24e3d63a7-common-args.resp
    
    builtin-ScanDependencies -o /Users/buddhirajgautam/Library/Developer/Xcode/DerivedData/Telegram-Mac-fygdgghdgmuleoelvxabfmqiotta/Build/Intermediates.noindex/MtProtoKit.build/Debug/MtProtoKit-t.build/Objects-normal/arm64/MTMsgsAckMessage.o.scan -- /Applications/Xcode.app/Contents/Developer/Toolchains/XcodeDefault.xctoolchain/usr/bin/clang -x objective-c -ivfsstatcache /Users/buddhirajgautam/Library/Developer/Xcode/DerivedData/SDKStatCaches.noindex/macosx27.0-26A425-e829b21a6f8c9b70876ba0858053c0447231f6df4def33e022ae2eb8f782df1a.sdkstatcache -target arm64-apple-macos12.0 -fmessage-length\=0 -fdiagnostics-show-note-include-stack -fmacro-backtrace-limit\=0 -fno-color-diagnostics -fmodules-prune-interval\=86400 -fmodules-prune-after\=345600 -fbuild-session-file\=/Users/buddhirajgautam/Library/Developer/Xcode/DerivedData/ModuleCache.noindex/Session.modulevalidation -fmodules-validate-once-per-build-session -Wnon-modular-include-in-framework-module -Werror\=non-modular-include-in-framework-module -Wno-trigraphs -Wno-missing-field-initializers -Wno-missing-prototypes -Wno-return-type -Wno-implicit-atomic-properties -Wno-objc-interface-ivars -Wno-arc-repeated-use-of-weak -Wno-missing-braces -Wparentheses -Wswitch -Wno-unused-function -Wno-unused-label -Wno-unused-parameter -Wno-unused-variable -Wunused-value -Wno-empty-body -Wno-uninitialized -Wno-unknown-pragmas -Wno-shadow -Wno-four-char-constants -Wno-conversion -Wno-constant-conversion -Wno-int-conversion -Wno-bool-conversion -Wno-enum-conversion -Wno-float-conversion -Wno-non-literal-null-conversion -Wno-objc-literal-conversion -Wshorten-64-to-32 -Wpointer-sign -Wno-newline-eof -Wno-selector -Wno-strict-selector-match -Wno-undeclared-selector -Wno-deprecated-implementations -Wno-implicit-fallthrough -isysroot /Applications/Xcode.app/Contents/Developer/Platforms/MacOSX.platform/Developer/SDKs/MacOSX27.0.sdk -fstrict-aliasing -Wprotocol -Wdeprecated-declarations -Wno-sign-conversion -Wno-infinite-recursion -Wno-comma -Wno-block-capture-autoreleasing -Wno-strict-prototypes -Wno-semicolon-before-method-body -index-store-path /Users/buddhirajgautam/Library/Developer/Xcode/DerivedData/Telegram-Mac-fygdgghdgmuleoelvxabfmqiotta/Index.noindex/DataStore @/Users/buddhirajgautam/Library/Developer/Xcode/DerivedData/Telegram-Mac-fygdgghdgmuleoelvxabfmqiotta/Build/Intermediates.noindex/MtProtoKit.build/Debug/MtProtoKit-t.build/Objects-normal/arm64/e6072d4f65d7061329687fe24e3d63a7-common-args.resp -MMD -MT dependencies -MF /Users/buddhirajgautam/Library/Developer/Xcode/DerivedData/Telegram-Mac-fygdgghdgmuleoelvxabfmqiotta/Build/Intermediates.noindex/MtProtoKit.build/Debug/MtProtoKit-t.build/Objects-normal/arm64/MTMsgsAckMessage.d --serialize-diagnostics /Users/buddhirajgautam/Library/Developer/Xcode/DerivedData/Telegram-Mac-fygdgghdgmuleoelvxabfmqiotta/Build/Intermediates.noindex/MtProtoKit.build/Debug/MtProtoKit-t.build/Objects-normal/arm64/MTMsgsAckMessage.dia -c /Users/buddhirajgautam/Documents/Cherrygram-Mac/macOS-Swift/submodules/telegram-ios/submodules/MtProtoKit/Sources/MTMsgsAckMessage.m -o /Users/buddhirajgautam/Library/Developer/Xcode/DerivedData/Telegram-Mac-fygdgghdgmuleoelvxabfmqiotta/Build/Intermediates.noindex/MtProtoKit.build/Debug/MtProtoKit-t.build/Objects-normal/arm64/MTMsgsAckMessage.o -index-unit-output-path /MtProtoKit.build/Debug/MtProtoKit-t.build/Objects-normal/arm64/MTMsgsAckMessage.o

CompileC /Users/buddhirajgautam/Library/Developer/Xcode/DerivedData/Telegram-Mac-fygdgghdgmuleoelvxabfmqiotta/Build/Intermediates.noindex/MtProtoKit.build/Debug/MtProtoKit-t.build/Objects-normal/arm64/MTMsgsStateInfoMessage.o /Users/buddhirajgautam/Documents/Cherrygram-Mac/macOS-Swift/submodules/telegram-ios/submodules/MtProtoKit/Sources/MTMsgsStateInfoMessage.m normal arm64 objective-c com.apple.compilers.llvm.clang.1_0.compiler (in target 'MtProtoKit' from project 'MtProtoKit')
    cd /Users/buddhirajgautam/Documents/Cherrygram-Mac/macOS-Swift
    
    Using response file: /Users/buddhirajgautam/Library/Developer/Xcode/DerivedData/Telegram-Mac-fygdgghdgmuleoelvxabfmqiotta/Build/Intermediates.noindex/MtProtoKit.build/Debug/MtProtoKit-t.build/Objects-normal/arm64/e6072d4f65d7061329687fe24e3d63a7-common-args.resp
    
    /Applications/Xcode.app/Contents/Developer/Toolchains/XcodeDefault.xctoolchain/usr/bin/clang -x objective-c -ivfsstatcache /Users/buddhirajgautam/Library/Developer/Xcode/DerivedData/SDKStatCaches.noindex/macosx27.0-26A425-e829b21a6f8c9b70876ba0858053c0447231f6df4def33e022ae2eb8f782df1a.sdkstatcache -target arm64-apple-macos12.0 -fmessage-length\=0 -fdiagnostics-show-note-include-stack -fmacro-backtrace-limit\=0 -fno-color-diagnostics -fmodules-prune-interval\=86400 -fmodules-prune-after\=345600 -fbuild-session-file\=/Users/buddhirajgautam/Library/Developer/Xcode/DerivedData/ModuleCache.noindex/Session.modulevalidation -fmodules-validate-once-per-build-session -Wnon-modular-include-in-framework-module -Werror\=non-modular-include-in-framework-module -Wno-trigraphs -Wno-missing-field-initializers -Wno-missing-prototypes -Wno-return-type -Wno-implicit-atomic-properties -Wno-objc-interface-ivars -Wno-arc-repeated-use-of-weak -Wno-missing-braces -Wparentheses -Wswitch -Wno-unused-function -Wno-unused-label -Wno-unused-parameter -Wno-unused-variable -Wunused-value -Wno-empty-body -Wno-uninitialized -Wno-unknown-pragmas -Wno-shadow -Wno-four-char-constants -Wno-conversion -Wno-constant-conversion -Wno-int-conversion -Wno-bool-conversion -Wno-enum-conversion -Wno-float-conversion -Wno-non-literal-null-conversion -Wno-objc-literal-conversion -Wshorten-64-to-32 -Wpointer-sign -Wno-newline-eof -Wno-selector -Wno-strict-selector-match -Wno-undeclared-selector -Wno-deprecated-implementations -Wno-implicit-fallthrough -isysroot /Applications/Xcode.app/Contents/Developer/Platforms/MacOSX.platform/Developer/SDKs/MacOSX27.0.sdk -fstrict-aliasing -Wprotocol -Wdeprecated-declarations -Wno-sign-conversion -Wno-infinite-recursion -Wno-comma -Wno-block-capture-autoreleasing -Wno-strict-prototypes -Wno-semicolon-before-method-body -index-store-path /Users/buddhirajgautam/Library/Developer/Xcode/DerivedData/Telegram-Mac-fygdgghdgmuleoelvxabfmqiotta/Index.noindex/DataStore @/Users/buddhirajgautam/Library/Developer/Xcode/DerivedData/Telegram-Mac-fygdgghdgmuleoelvxabfmqiotta/Build/Intermediates.noindex/MtProtoKit.build/Debug/MtProtoKit-t.build/Objects-normal/arm64/e6072d4f65d7061329687fe24e3d63a7-common-args.resp -MMD -MT dependencies -MF /Users/buddhirajgautam/Library/Developer/Xcode/DerivedData/Telegram-Mac-fygdgghdgmuleoelvxabfmqiotta/Build/Intermediates.noindex/MtProtoKit.build/Debug/MtProtoKit-t.build/Objects-normal/arm64/MTMsgsStateInfoMessage.d --serialize-diagnostics /Users/buddhirajgautam/Library/Developer/Xcode/DerivedData/Telegram-Mac-fygdgghdgmuleoelvxabfmqiotta/Build/Intermediates.noindex/MtProtoKit.build/Debug/MtProtoKit-t.build/Objects-normal/arm64/MTMsgsStateInfoMessage.dia -c /Users/buddhirajgautam/Documents/Cherrygram-Mac/macOS-Swift/submodules/telegram-ios/submodules/MtProtoKit/Sources/MTMsgsStateInfoMessage.m -o /Users/buddhirajgautam/Library/Developer/Xcode/DerivedData/Telegram-Mac-fygdgghdgmuleoelvxabfmqiotta/Build/Intermediates.noindex/MtProtoKit.build/Debug/MtProtoKit-t.build/Objects-normal/arm64/MTMsgsStateInfoMessage.o -index-unit-output-path /MtProtoKit.build/Debug/MtProtoKit-t.build/Objects-normal/arm64/MTMsgsStateInfoMessage.o

ScanDependencies /Users/buddhirajgautam/Library/Developer/Xcode/DerivedData/Telegram-Mac-fygdgghdgmuleoelvxabfmqiotta/Build/Intermediates.noindex/MtProtoKit.build/Debug/MtProtoKit-t.build/Objects-normal/arm64/MTMsgResendReqMessage.o /Users/buddhirajgautam/Documents/Cherrygram-Mac/macOS-Swift/submodules/telegram-ios/submodules/MtProtoKit/Sources/MTMsgResendReqMessage.m normal arm64 objective-c com.apple.compilers.llvm.clang.1_0.compiler (in target 'MtProtoKit' from project 'MtProtoKit')
    cd /Users/buddhirajgautam/Documents/Cherrygram-Mac/macOS-Swift
    
    Using response file: /Users/buddhirajgautam/Library/Developer/Xcode/DerivedData/Telegram-Mac-fygdgghdgmuleoelvxabfmqiotta/Build/Intermediates.noindex/MtProtoKit.build/Debug/MtProtoKit-t.build/Objects-normal/arm64/e6072d4f65d7061329687fe24e3d63a7-common-args.resp
    
    builtin-ScanDependencies -o /Users/buddhirajgautam/Library/Developer/Xcode/DerivedData/Telegram-Mac-fygdgghdgmuleoelvxabfmqiotta/Build/Intermediates.noindex/MtProtoKit.build/Debug/MtProtoKit-t.build/Objects-normal/arm64/MTMsgResendReqMessage.o.scan -- /Applications/Xcode.app/Contents/Developer/Toolchains/XcodeDefault.xctoolchain/usr/bin/clang -x objective-c -ivfsstatcache /Users/buddhirajgautam/Library/Developer/Xcode/DerivedData/SDKStatCaches.noindex/macosx27.0-26A425-e829b21a6f8c9b70876ba0858053c0447231f6df4def33e022ae2eb8f782df1a.sdkstatcache -target arm64-apple-macos12.0 -fmessage-length\=0 -fdiagnostics-show-note-include-stack -fmacro-backtrace-limit\=0 -fno-color-diagnostics -fmodules-prune-interval\=86400 -fmodules-prune-after\=345600 -fbuild-session-file\=/Users/buddhirajgautam/Library/Developer/Xcode/DerivedData/ModuleCache.noindex/Session.modulevalidation -fmodules-validate-once-per-build-session -Wnon-modular-include-in-framework-module -Werror\=non-modular-include-in-framework-module -Wno-trigraphs -Wno-missing-field-initializers -Wno-missing-prototypes -Wno-return-type -Wno-implicit-atomic-properties -Wno-objc-interface-ivars -Wno-arc-repeated-use-of-weak -Wno-missing-braces -Wparentheses -Wswitch -Wno-unused-function -Wno-unused-label -Wno-unused-parameter -Wno-unused-variable -Wunused-value -Wno-empty-body -Wno-uninitialized -Wno-unknown-pragmas -Wno-shadow -Wno-four-char-constants -Wno-conversion -Wno-constant-conversion -Wno-int-conversion -Wno-bool-conversion -Wno-enum-conversion -Wno-float-conversion -Wno-non-literal-null-conversion -Wno-objc-literal-conversion -Wshorten-64-to-32 -Wpointer-sign -Wno-newline-eof -Wno-selector -Wno-strict-selector-match -Wno-undeclared-selector -Wno-deprecated-implementations -Wno-implicit-fallthrough -isysroot /Applications/Xcode.app/Contents/Developer/Platforms/MacOSX.platform/Developer/SDKs/MacOSX27.0.sdk -fstrict-aliasing -Wprotocol -Wdeprecated-declarations -Wno-sign-conversion -Wno-infinite-recursion -Wno-comma -Wno-block-capture-autoreleasing -Wno-strict-prototypes -Wno-semicolon-before-method-body -index-store-path /Users/buddhirajgautam/Library/Developer/Xcode/DerivedData/Telegram-Mac-fygdgghdgmuleoelvxabfmqiotta/Index.noindex/DataStore @/Users/buddhirajgautam/Library/Developer/Xcode/DerivedData/Telegram-Mac-fygdgghdgmuleoelvxabfmqiotta/Build/Intermediates.noindex/MtProtoKit.build/Debug/MtProtoKit-t.build/Objects-normal/arm64/e6072d4f65d7061329687fe24e3d63a7-common-args.resp -MMD -MT dependencies -MF /Users/buddhirajgautam/Library/Developer/Xcode/DerivedData/Telegram-Mac-fygdgghdgmuleoelvxabfmqiotta/Build/Intermediates.noindex/MtProtoKit.build/Debug/MtProtoKit-t.build/Objects-normal/arm64/MTMsgResendReqMessage.d --serialize-diagnostics /Users/buddhirajgautam/Library/Developer/Xcode/DerivedData/Telegram-Mac-fygdgghdgmuleoelvxabfmqiotta/Build/Intermediates.noindex/MtProtoKit.build/Debug/MtProtoKit-t.build/Objects-normal/arm64/MTMsgResendReqMessage.dia -c /Users/buddhirajgautam/Documents/Cherrygram-Mac/macOS-Swift/submodules/telegram-ios/submodules/MtProtoKit/Sources/MTMsgResendReqMessage.m -o /Users/buddhirajgautam/Library/Developer/Xcode/DerivedData/Telegram-Mac-fygdgghdgmuleoelvxabfmqiotta/Build/Intermediates.noindex/MtProtoKit.build/Debug/MtProtoKit-t.build/Objects-normal/arm64/MTMsgResendReqMessage.o -index-unit-output-path /MtProtoKit.build/Debug/MtProtoKit-t.build/Objects-normal/arm64/MTMsgResendReqMessage.o

ScanDependencies /Users/buddhirajgautam/Library/Developer/Xcode/DerivedData/Telegram-Mac-fygdgghdgmuleoelvxabfmqiotta/Build/Intermediates.noindex/MtProtoKit.build/Debug/MtProtoKit-t.build/Objects-normal/arm64/MTMsgDetailedInfoMessage.o /Users/buddhirajgautam/Documents/Cherrygram-Mac/macOS-Swift/submodules/telegram-ios/submodules/MtProtoKit/Sources/MTMsgDetailedInfoMessage.m normal arm64 objective-c com.apple.compilers.llvm.clang.1_0.compiler (in target 'MtProtoKit' from project 'MtProtoKit')
    cd /Users/buddhirajgautam/Documents/Cherrygram-Mac/macOS-Swift
    
    Using response file: /Users/buddhirajgautam/Library/Developer/Xcode/DerivedData/Telegram-Mac-fygdgghdgmuleoelvxabfmqiotta/Build/Intermediates.noindex/MtProtoKit.build/Debug/MtProtoKit-t.build/Objects-normal/arm64/e6072d4f65d7061329687fe24e3d63a7-common-args.resp
    
    builtin-ScanDependencies -o /Users/buddhirajgautam/Library/Developer/Xcode/DerivedData/Telegram-Mac-fygdgghdgmuleoelvxabfmqiotta/Build/Intermediates.noindex/MtProtoKit.build/Debug/MtProtoKit-t.build/Objects-normal/arm64/MTMsgDetailedInfoMessage.o.scan -- /Applications/Xcode.app/Contents/Developer/Toolchains/XcodeDefault.xctoolchain/usr/bin/clang -x objective-c -ivfsstatcache /Users/buddhirajgautam/Library/Developer/Xcode/DerivedData/SDKStatCaches.noindex/macosx27.0-26A425-e829b21a6f8c9b70876ba0858053c0447231f6df4def33e022ae2eb8f782df1a.sdkstatcache -target arm64-apple-macos12.0 -fmessage-length\=0 -fdiagnostics-show-note-include-stack -fmacro-backtrace-limit\=0 -fno-color-diagnostics -fmodules-prune-interval\=86400 -fmodules-prune-after\=345600 -fbuild-session-file\=/Users/buddhirajgautam/Library/Developer/Xcode/DerivedData/ModuleCache.noindex/Session.modulevalidation -fmodules-validate-once-per-build-session -Wnon-modular-include-in-framework-module -Werror\=non-modular-include-in-framework-module -Wno-trigraphs -Wno-missing-field-initializers -Wno-missing-prototypes -Wno-return-type -Wno-implicit-atomic-properties -Wno-objc-interface-ivars -Wno-arc-repeated-use-of-weak -Wno-missing-braces -Wparentheses -Wswitch -Wno-unused-function -Wno-unused-label -Wno-unused-parameter -Wno-unused-variable -Wunused-value -Wno-empty-body -Wno-uninitialized -Wno-unknown-pragmas -Wno-shadow -Wno-four-char-constants -Wno-conversion -Wno-constant-conversion -Wno-int-conversion -Wno-bool-conversion -Wno-enum-conversion -Wno-float-conversion -Wno-non-literal-null-conversion -Wno-objc-literal-conversion -Wshorten-64-to-32 -Wpointer-sign -Wno-newline-eof -Wno-selector -Wno-strict-selector-match -Wno-undeclared-selector -Wno-deprecated-implementations -Wno-implicit-fallthrough -isysroot /Applications/Xcode.app/Contents/Developer/Platforms/MacOSX.platform/Developer/SDKs/MacOSX27.0.sdk -fstrict-aliasing -Wprotocol -Wdeprecated-declarations -Wno-sign-conversion -Wno-infinite-recursion -Wno-comma -Wno-block-capture-autoreleasing -Wno-strict-prototypes -Wno-semicolon-before-method-body -index-store-path /Users/buddhirajgautam/Library/Developer/Xcode/DerivedData/Telegram-Mac-fygdgghdgmuleoelvxabfmqiotta/Index.noindex/DataStore @/Users/buddhirajgautam/Library/Developer/Xcode/DerivedData/Telegram-Mac-fygdgghdgmuleoelvxabfmqiotta/Build/Intermediates.noindex/MtProtoKit.build/Debug/MtProtoKit-t.build/Objects-normal/arm64/e6072d4f65d7061329687fe24e3d63a7-common-args.resp -MMD -MT dependencies -MF /Users/buddhirajgautam/Library/Developer/Xcode/DerivedData/Telegram-Mac-fygdgghdgmuleoelvxabfmqiotta/Build/Intermediates.noindex/MtProtoKit.build/Debug/MtProtoKit-t.build/Objects-normal/arm64/MTMsgDetailedInfoMessage.d --serialize-diagnostics /Users/buddhirajgautam/Library/Developer/Xcode/DerivedData/Telegram-Mac-fygdgghdgmuleoelvxabfmqiotta/Build/Intermediates.noindex/MtProtoKit.build/Debug/MtProtoKit-t.build/Objects-normal/arm64/MTMsgDetailedInfoMessage.dia -c /Users/buddhirajgautam/Documents/Cherrygram-Mac/macOS-Swift/submodules/telegram-ios/submodules/MtProtoKit/Sources/MTMsgDetailedInfoMessage.m -o /Users/buddhirajgautam/Library/Developer/Xcode/DerivedData/Telegram-Mac-fygdgghdgmuleoelvxabfmqiotta/Build/Intermediates.noindex/MtProtoKit.build/Debug/MtProtoKit-t.build/Objects-normal/arm64/MTMsgDetailedInfoMessage.o -index-unit-output-path /MtProtoKit.build/Debug/MtProtoKit-t.build/Objects-normal/arm64/MTMsgDetailedInfoMessage.o

ScanDependencies /Users/buddhirajgautam/Library/Developer/Xcode/DerivedData/Telegram-Mac-fygdgghdgmuleoelvxabfmqiotta/Build/Intermediates.noindex/MtProtoKit.build/Debug/MtProtoKit-t.build/Objects-normal/arm64/MTMsgContainerMessage.o /Users/buddhirajgautam/Documents/Cherrygram-Mac/macOS-Swift/submodules/telegram-ios/submodules/MtProtoKit/Sources/MTMsgContainerMessage.m normal arm64 objective-c com.apple.compilers.llvm.clang.1_0.compiler (in target 'MtProtoKit' from project 'MtProtoKit')
    cd /Users/buddhirajgautam/Documents/Cherrygram-Mac/macOS-Swift
    
    Using response file: /Users/buddhirajgautam/Library/Developer/Xcode/DerivedData/Telegram-Mac-fygdgghdgmuleoelvxabfmqiotta/Build/Intermediates.noindex/MtProtoKit.build/Debug/MtProtoKit-t.build/Objects-normal/arm64/e6072d4f65d7061329687fe24e3d63a7-common-args.resp
    
    builtin-ScanDependencies -o /Users/buddhirajgautam/Library/Developer/Xcode/DerivedData/Telegram-Mac-fygdgghdgmuleoelvxabfmqiotta/Build/Intermediates.noindex/MtProtoKit.build/Debug/MtProtoKit-t.build/Objects-normal/arm64/MTMsgContainerMessage.o.scan -- /Applications/Xcode.app/Contents/Developer/Toolchains/XcodeDefault.xctoolchain/usr/bin/clang -x objective-c -ivfsstatcache /Users/buddhirajgautam/Library/Developer/Xcode/DerivedData/SDKStatCaches.noindex/macosx27.0-26A425-e829b21a6f8c9b70876ba0858053c0447231f6df4def33e022ae2eb8f782df1a.sdkstatcache -target arm64-apple-macos12.0 -fmessage-length\=0 -fdiagnostics-show-note-include-stack -fmacro-backtrace-limit\=0 -fno-color-diagnostics -fmodules-prune-interval\=86400 -fmodules-prune-after\=345600 -fbuild-session-file\=/Users/buddhirajgautam/Library/Developer/Xcode/DerivedData/ModuleCache.noindex/Session.modulevalidation -fmodules-validate-once-per-build-session -Wnon-modular-include-in-framework-module -Werror\=non-modular-include-in-framework-module -Wno-trigraphs -Wno-missing-field-initializers -Wno-missing-prototypes -Wno-return-type -Wno-implicit-atomic-properties -Wno-objc-interface-ivars -Wno-arc-repeated-use-of-weak -Wno-missing-braces -Wparentheses -Wswitch -Wno-unused-function -Wno-unused-label -Wno-unused-parameter -Wno-unused-variable -Wunused-value -Wno-empty-body -Wno-uninitialized -Wno-unknown-pragmas -Wno-shadow -Wno-four-char-constants -Wno-conversion -Wno-constant-conversion -Wno-int-conversion -Wno-bool-conversion -Wno-enum-conversion -Wno-float-conversion -Wno-non-literal-null-conversion -Wno-objc-literal-conversion -Wshorten-64-to-32 -Wpointer-sign -Wno-newline-eof -Wno-selector -Wno-strict-selector-match -Wno-undeclared-selector -Wno-deprecated-implementations -Wno-implicit-fallthrough -isysroot /Applications/Xcode.app/Contents/Developer/Platforms/MacOSX.platform/Developer/SDKs/MacOSX27.0.sdk -fstrict-aliasing -Wprotocol -Wdeprecated-declarations -Wno-sign-conversion -Wno-infinite-recursion -Wno-comma -Wno-block-capture-autoreleasing -Wno-strict-prototypes -Wno-semicolon-before-method-body -index-store-path /Users/buddhirajgautam/Library/Developer/Xcode/DerivedData/Telegram-Mac-fygdgghdgmuleoelvxabfmqiotta/Index.noindex/DataStore @/Users/buddhirajgautam/Library/Developer/Xcode/DerivedData/Telegram-Mac-fygdgghdgmuleoelvxabfmqiotta/Build/Intermediates.noindex/MtProtoKit.build/Debug/MtProtoKit-t.build/Objects-normal/arm64/e6072d4f65d7061329687fe24e3d63a7-common-args.resp -MMD -MT dependencies -MF /Users/buddhirajgautam/Library/Developer/Xcode/DerivedData/Telegram-Mac-fygdgghdgmuleoelvxabfmqiotta/Build/Intermediates.noindex/MtProtoKit.build/Debug/MtProtoKit-t.build/Objects-normal/arm64/MTMsgContainerMessage.d --serialize-diagnostics /Users/buddhirajgautam/Library/Developer/Xcode/DerivedData/Telegram-Mac-fygdgghdgmuleoelvxabfmqiotta/Build/Intermediates.noindex/MtProtoKit.build/Debug/MtProtoKit-t.build/Objects-normal/arm64/MTMsgContainerMessage.dia -c /Users/buddhirajgautam/Documents/Cherrygram-Mac/macOS-Swift/submodules/telegram-ios/submodules/MtProtoKit/Sources/MTMsgContainerMessage.m -o /Users/buddhirajgautam/Library/Developer/Xcode/DerivedData/Telegram-Mac-fygdgghdgmuleoelvxabfmqiotta/Build/Intermediates.noindex/MtProtoKit.build/Debug/MtProtoKit-t.build/Objects-normal/arm64/MTMsgContainerMessage.o -index-unit-output-path /MtProtoKit.build/Debug/MtProtoKit-t.build/Objects-normal/arm64/MTMsgContainerMessage.o

CompileC /Users/buddhirajgautam/Library/Developer/Xcode/DerivedData/Telegram-Mac-fygdgghdgmuleoelvxabfmqiotta/Build/Intermediates.noindex/MtProtoKit.build/Debug/MtProtoKit-t.build/Objects-normal/arm64/MTMsgsAckMessage.o /Users/buddhirajgautam/Documents/Cherrygram-Mac/macOS-Swift/submodules/telegram-ios/submodules/MtProtoKit/Sources/MTMsgsAckMessage.m normal arm64 objective-c com.apple.compilers.llvm.clang.1_0.compiler (in target 'MtProtoKit' from project 'MtProtoKit')
    cd /Users/buddhirajgautam/Documents/Cherrygram-Mac/macOS-Swift
    
    Using response file: /Users/buddhirajgautam/Library/Developer/Xcode/DerivedData/Telegram-Mac-fygdgghdgmuleoelvxabfmqiotta/Build/Intermediates.noindex/MtProtoKit.build/Debug/MtProtoKit-t.build/Objects-normal/arm64/e6072d4f65d7061329687fe24e3d63a7-common-args.resp
    
    /Applications/Xcode.app/Contents/Developer/Toolchains/XcodeDefault.xctoolchain/usr/bin/clang -x objective-c -ivfsstatcache /Users/buddhirajgautam/Library/Developer/Xcode/DerivedData/SDKStatCaches.noindex/macosx27.0-26A425-e829b21a6f8c9b70876ba0858053c0447231f6df4def33e022ae2eb8f782df1a.sdkstatcache -target arm64-apple-macos12.0 -fmessage-length\=0 -fdiagnostics-show-note-include-stack -fmacro-backtrace-limit\=0 -fno-color-diagnostics -fmodules-prune-interval\=86400 -fmodules-prune-after\=345600 -fbuild-session-file\=/Users/buddhirajgautam/Library/Developer/Xcode/DerivedData/ModuleCache.noindex/Session.modulevalidation -fmodules-validate-once-per-build-session -Wnon-modular-include-in-framework-module -Werror\=non-modular-include-in-framework-module -Wno-trigraphs -Wno-missing-field-initializers -Wno-missing-prototypes -Wno-return-type -Wno-implicit-atomic-properties -Wno-objc-interface-ivars -Wno-arc-repeated-use-of-weak -Wno-missing-braces -Wparentheses -Wswitch -Wno-unused-function -Wno-unused-label -Wno-unused-parameter -Wno-unused-variable -Wunused-value -Wno-empty-body -Wno-uninitialized -Wno-unknown-pragmas -Wno-shadow -Wno-four-char-constants -Wno-conversion -Wno-constant-conversion -Wno-int-conversion -Wno-bool-conversion -Wno-enum-conversion -Wno-float-conversion -Wno-non-literal-null-conversion -Wno-objc-literal-conversion -Wshorten-64-to-32 -Wpointer-sign -Wno-newline-eof -Wno-selector -Wno-strict-selector-match -Wno-undeclared-selector -Wno-deprecated-implementations -Wno-implicit-fallthrough -isysroot /Applications/Xcode.app/Contents/Developer/Platforms/MacOSX.platform/Developer/SDKs/MacOSX27.0.sdk -fstrict-aliasing -Wprotocol -Wdeprecated-declarations -Wno-sign-conversion -Wno-infinite-recursion -Wno-comma -Wno-block-capture-autoreleasing -Wno-strict-prototypes -Wno-semicolon-before-method-body -index-store-path /Users/buddhirajgautam/Library/Developer/Xcode/DerivedData/Telegram-Mac-fygdgghdgmuleoelvxabfmqiotta/Index.noindex/DataStore @/Users/buddhirajgautam/Library/Developer/Xcode/DerivedData/Telegram-Mac-fygdgghdgmuleoelvxabfmqiotta/Build/Intermediates.noindex/MtProtoKit.build/Debug/MtProtoKit-t.build/Objects-normal/arm64/e6072d4f65d7061329687fe24e3d63a7-common-args.resp -MMD -MT dependencies -MF /Users/buddhirajgautam/Library/Developer/Xcode/DerivedData/Telegram-Mac-fygdgghdgmuleoelvxabfmqiotta/Build/Intermediates.noindex/MtProtoKit.build/Debug/MtProtoKit-t.build/Objects-normal/arm64/MTMsgsAckMessage.d --serialize-diagnostics /Users/buddhirajgautam/Library/Developer/Xcode/DerivedData/Telegram-Mac-fygdgghdgmuleoelvxabfmqiotta/Build/Intermediates.noindex/MtProtoKit.build/Debug/MtProtoKit-t.build/Objects-normal/arm64/MTMsgsAckMessage.dia -c /Users/buddhirajgautam/Documents/Cherrygram-Mac/macOS-Swift/submodules/telegram-ios/submodules/MtProtoKit/Sources/MTMsgsAckMessage.m -o /Users/buddhirajgautam/Library/Developer/Xcode/DerivedData/Telegram-Mac-fygdgghdgmuleoelvxabfmqiotta/Build/Intermediates.noindex/MtProtoKit.build/Debug/MtProtoKit-t.build/Objects-normal/arm64/MTMsgsAckMessage.o -index-unit-output-path /MtProtoKit.build/Debug/MtProtoKit-t.build/Objects-normal/arm64/MTMsgsAckMessage.o

SwiftDriverJobDiscovery normal arm64 Compiling Api38.swift, Api39.swift, Api4.swift, Api5.swift (in target 'TelegramApi' from project 'TelegramApi')

ScanDependencies /Users/buddhirajgautam/Library/Developer/Xcode/DerivedData/Telegram-Mac-fygdgghdgmuleoelvxabfmqiotta/Build/Intermediates.noindex/MtProtoKit.build/Debug/MtProtoKit-t.build/Objects-normal/arm64/MTMsgAllInfoMessage.o /Users/buddhirajgautam/Documents/Cherrygram-Mac/macOS-Swift/submodules/telegram-ios/submodules/MtProtoKit/Sources/MTMsgAllInfoMessage.m normal arm64 objective-c com.apple.compilers.llvm.clang.1_0.compiler (in target 'MtProtoKit' from project 'MtProtoKit')
    cd /Users/buddhirajgautam/Documents/Cherrygram-Mac/macOS-Swift
    
    Using response file: /Users/buddhirajgautam/Library/Developer/Xcode/DerivedData/Telegram-Mac-fygdgghdgmuleoelvxabfmqiotta/Build/Intermediates.noindex/MtProtoKit.build/Debug/MtProtoKit-t.build/Objects-normal/arm64/e6072d4f65d7061329687fe24e3d63a7-common-args.resp
    
    builtin-ScanDependencies -o /Users/buddhirajgautam/Library/Developer/Xcode/DerivedData/Telegram-Mac-fygdgghdgmuleoelvxabfmqiotta/Build/Intermediates.noindex/MtProtoKit.build/Debug/MtProtoKit-t.build/Objects-normal/arm64/MTMsgAllInfoMessage.o.scan -- /Applications/Xcode.app/Contents/Developer/Toolchains/XcodeDefault.xctoolchain/usr/bin/clang -x objective-c -ivfsstatcache /Users/buddhirajgautam/Library/Developer/Xcode/DerivedData/SDKStatCaches.noindex/macosx27.0-26A425-e829b21a6f8c9b70876ba0858053c0447231f6df4def33e022ae2eb8f782df1a.sdkstatcache -target arm64-apple-macos12.0 -fmessage-length\=0 -fdiagnostics-show-note-include-stack -fmacro-backtrace-limit\=0 -fno-color-diagnostics -fmodules-prune-interval\=86400 -fmodules-prune-after\=345600 -fbuild-session-file\=/Users/buddhirajgautam/Library/Developer/Xcode/DerivedData/ModuleCache.noindex/Session.modulevalidation -fmodules-validate-once-per-build-session -Wnon-modular-include-in-framework-module -Werror\=non-modular-include-in-framework-module -Wno-trigraphs -Wno-missing-field-initializers -Wno-missing-prototypes -Wno-return-type -Wno-implicit-atomic-properties -Wno-objc-interface-ivars -Wno-arc-repeated-use-of-weak -Wno-missing-braces -Wparentheses -Wswitch -Wno-unused-function -Wno-unused-label -Wno-unused-parameter -Wno-unused-variable -Wunused-value -Wno-empty-body -Wno-uninitialized -Wno-unknown-pragmas -Wno-shadow -Wno-four-char-constants -Wno-conversion -Wno-constant-conversion -Wno-int-conversion -Wno-bool-conversion -Wno-enum-conversion -Wno-float-conversion -Wno-non-literal-null-conversion -Wno-objc-literal-conversion -Wshorten-64-to-32 -Wpointer-sign -Wno-newline-eof -Wno-selector -Wno-strict-selector-match -Wno-undeclared-selector -Wno-deprecated-implementations -Wno-implicit-fallthrough -isysroot /Applications/Xcode.app/Contents/Developer/Platforms/MacOSX.platform/Developer/SDKs/MacOSX27.0.sdk -fstrict-aliasing -Wprotocol -Wdeprecated-declarations -Wno-sign-conversion -Wno-infinite-recursion -Wno-comma -Wno-block-capture-autoreleasing -Wno-strict-prototypes -Wno-semicolon-before-method-body -index-store-path /Users/buddhirajgautam/Library/Developer/Xcode/DerivedData/Telegram-Mac-fygdgghdgmuleoelvxabfmqiotta/Index.noindex/DataStore @/Users/buddhirajgautam/Library/Developer/Xcode/DerivedData/Telegram-Mac-fygdgghdgmuleoelvxabfmqiotta/Build/Intermediates.noindex/MtProtoKit.build/Debug/MtProtoKit-t.build/Objects-normal/arm64/e6072d4f65d7061329687fe24e3d63a7-common-args.resp -MMD -MT dependencies -MF /Users/buddhirajgautam/Library/Developer/Xcode/DerivedData/Telegram-Mac-fygdgghdgmuleoelvxabfmqiotta/Build/Intermediates.noindex/MtProtoKit.build/Debug/MtProtoKit-t.build/Objects-normal/arm64/MTMsgAllInfoMessage.d --serialize-diagnostics /Users/buddhirajgautam/Library/Developer/Xcode/DerivedData/Telegram-Mac-fygdgghdgmuleoelvxabfmqiotta/Build/Intermediates.noindex/MtProtoKit.build/Debug/MtProtoKit-t.build/Objects-normal/arm64/MTMsgAllInfoMessage.dia -c /Users/buddhirajgautam/Documents/Cherrygram-Mac/macOS-Swift/submodules/telegram-ios/submodules/MtProtoKit/Sources/MTMsgAllInfoMessage.m -o /Users/buddhirajgautam/Library/Developer/Xcode/DerivedData/Telegram-Mac-fygdgghdgmuleoelvxabfmqiotta/Build/Intermediates.noindex/MtProtoKit.build/Debug/MtProtoKit-t.build/Objects-normal/arm64/MTMsgAllInfoMessage.o -index-unit-output-path /MtProtoKit.build/Debug/MtProtoKit-t.build/Objects-normal/arm64/MTMsgAllInfoMessage.o

ScanDependencies /Users/buddhirajgautam/Library/Developer/Xcode/DerivedData/Telegram-Mac-fygdgghdgmuleoelvxabfmqiotta/Build/Intermediates.noindex/MtProtoKit.build/Debug/MtProtoKit-t.build/Objects-normal/arm64/MTMessageTransaction.o /Users/buddhirajgautam/Documents/Cherrygram-Mac/macOS-Swift/submodules/telegram-ios/submodules/MtProtoKit/Sources/MTMessageTransaction.m normal arm64 objective-c com.apple.compilers.llvm.clang.1_0.compiler (in target 'MtProtoKit' from project 'MtProtoKit')
    cd /Users/buddhirajgautam/Documents/Cherrygram-Mac/macOS-Swift
    
    Using response file: /Users/buddhirajgautam/Library/Developer/Xcode/DerivedData/Telegram-Mac-fygdgghdgmuleoelvxabfmqiotta/Build/Intermediates.noindex/MtProtoKit.build/Debug/MtProtoKit-t.build/Objects-normal/arm64/e6072d4f65d7061329687fe24e3d63a7-common-args.resp
    
    builtin-ScanDependencies -o /Users/buddhirajgautam/Library/Developer/Xcode/DerivedData/Telegram-Mac-fygdgghdgmuleoelvxabfmqiotta/Build/Intermediates.noindex/MtProtoKit.build/Debug/MtProtoKit-t.build/Objects-normal/arm64/MTMessageTransaction.o.scan -- /Applications/Xcode.app/Contents/Developer/Toolchains/XcodeDefault.xctoolchain/usr/bin/clang -x objective-c -ivfsstatcache /Users/buddhirajgautam/Library/Developer/Xcode/DerivedData/SDKStatCaches.noindex/macosx27.0-26A425-e829b21a6f8c9b70876ba0858053c0447231f6df4def33e022ae2eb8f782df1a.sdkstatcache -target arm64-apple-macos12.0 -fmessage-length\=0 -fdiagnostics-show-note-include-stack -fmacro-backtrace-limit\=0 -fno-color-diagnostics -fmodules-prune-interval\=86400 -fmodules-prune-after\=345600 -fbuild-session-file\=/Users/buddhirajgautam/Library/Developer/Xcode/DerivedData/ModuleCache.noindex/Session.modulevalidation -fmodules-validate-once-per-build-session -Wnon-modular-include-in-framework-module -Werror\=non-modular-include-in-framework-module -Wno-trigraphs -Wno-missing-field-initializers -Wno-missing-prototypes -Wno-return-type -Wno-implicit-atomic-properties -Wno-objc-interface-ivars -Wno-arc-repeated-use-of-weak -Wno-missing-braces -Wparentheses -Wswitch -Wno-unused-function -Wno-unused-label -Wno-unused-parameter -Wno-unused-variable -Wunused-value -Wno-empty-body -Wno-uninitialized -Wno-unknown-pragmas -Wno-shadow -Wno-four-char-constants -Wno-conversion -Wno-constant-conversion -Wno-int-conversion -Wno-bool-conversion -Wno-enum-conversion -Wno-float-conversion -Wno-non-literal-null-conversion -Wno-objc-literal-conversion -Wshorten-64-to-32 -Wpointer-sign -Wno-newline-eof -Wno-selector -Wno-strict-selector-match -Wno-undeclared-selector -Wno-deprecated-implementations -Wno-implicit-fallthrough -isysroot /Applications/Xcode.app/Contents/Developer/Platforms/MacOSX.platform/Developer/SDKs/MacOSX27.0.sdk -fstrict-aliasing -Wprotocol -Wdeprecated-declarations -Wno-sign-conversion -Wno-infinite-recursion -Wno-comma -Wno-block-capture-autoreleasing -Wno-strict-prototypes -Wno-semicolon-before-method-body -index-store-path /Users/buddhirajgautam/Library/Developer/Xcode/DerivedData/Telegram-Mac-fygdgghdgmuleoelvxabfmqiotta/Index.noindex/DataStore @/Users/buddhirajgautam/Library/Developer/Xcode/DerivedData/Telegram-Mac-fygdgghdgmuleoelvxabfmqiotta/Build/Intermediates.noindex/MtProtoKit.build/Debug/MtProtoKit-t.build/Objects-normal/arm64/e6072d4f65d7061329687fe24e3d63a7-common-args.resp -MMD -MT dependencies -MF /Users/buddhirajgautam/Library/Developer/Xcode/DerivedData/Telegram-Mac-fygdgghdgmuleoelvxabfmqiotta/Build/Intermediates.noindex/MtProtoKit.build/Debug/MtProtoKit-t.build/Objects-normal/arm64/MTMessageTransaction.d --serialize-diagnostics /Users/buddhirajgautam/Library/Developer/Xcode/DerivedData/Telegram-Mac-fygdgghdgmuleoelvxabfmqiotta/Build/Intermediates.noindex/MtProtoKit.build/Debug/MtProtoKit-t.build/Objects-normal/arm64/MTMessageTransaction.dia -c /Users/buddhirajgautam/Documents/Cherrygram-Mac/macOS-Swift/submodules/telegram-ios/submodules/MtProtoKit/Sources/MTMessageTransaction.m -o /Users/buddhirajgautam/Library/Developer/Xcode/DerivedData/Telegram-Mac-fygdgghdgmuleoelvxabfmqiotta/Build/Intermediates.noindex/MtProtoKit.build/Debug/MtProtoKit-t.build/Objects-normal/arm64/MTMessageTransaction.o -index-unit-output-path /MtProtoKit.build/Debug/MtProtoKit-t.build/Objects-normal/arm64/MTMessageTransaction.o

ScanDependencies /Users/buddhirajgautam/Library/Developer/Xcode/DerivedData/Telegram-Mac-fygdgghdgmuleoelvxabfmqiotta/Build/Intermediates.noindex/MtProtoKit.build/Debug/MtProtoKit-t.build/Objects-normal/arm64/MTMessageEncryptionKey.o /Users/buddhirajgautam/Documents/Cherrygram-Mac/macOS-Swift/submodules/telegram-ios/submodules/MtProtoKit/Sources/MTMessageEncryptionKey.m normal arm64 objective-c com.apple.compilers.llvm.clang.1_0.compiler (in target 'MtProtoKit' from project 'MtProtoKit')
    cd /Users/buddhirajgautam/Documents/Cherrygram-Mac/macOS-Swift
    
    Using response file: /Users/buddhirajgautam/Library/Developer/Xcode/DerivedData/Telegram-Mac-fygdgghdgmuleoelvxabfmqiotta/Build/Intermediates.noindex/MtProtoKit.build/Debug/MtProtoKit-t.build/Objects-normal/arm64/e6072d4f65d7061329687fe24e3d63a7-common-args.resp
    
    builtin-ScanDependencies -o /Users/buddhirajgautam/Library/Developer/Xcode/DerivedData/Telegram-Mac-fygdgghdgmuleoelvxabfmqiotta/Build/Intermediates.noindex/MtProtoKit.build/Debug/MtProtoKit-t.build/Objects-normal/arm64/MTMessageEncryptionKey.o.scan -- /Applications/Xcode.app/Contents/Developer/Toolchains/XcodeDefault.xctoolchain/usr/bin/clang -x objective-c -ivfsstatcache /Users/buddhirajgautam/Library/Developer/Xcode/DerivedData/SDKStatCaches.noindex/macosx27.0-26A425-e829b21a6f8c9b70876ba0858053c0447231f6df4def33e022ae2eb8f782df1a.sdkstatcache -target arm64-apple-macos12.0 -fmessage-length\=0 -fdiagnostics-show-note-include-stack -fmacro-backtrace-limit\=0 -fno-color-diagnostics -fmodules-prune-interval\=86400 -fmodules-prune-after\=345600 -fbuild-session-file\=/Users/buddhirajgautam/Library/Developer/Xcode/DerivedData/ModuleCache.noindex/Session.modulevalidation -fmodules-validate-once-per-build-session -Wnon-modular-include-in-framework-module -Werror\=non-modular-include-in-framework-module -Wno-trigraphs -Wno-missing-field-initializers -Wno-missing-prototypes -Wno-return-type -Wno-implicit-atomic-properties -Wno-objc-interface-ivars -Wno-arc-repeated-use-of-weak -Wno-missing-braces -Wparentheses -Wswitch -Wno-unused-function -Wno-unused-label -Wno-unused-parameter -Wno-unused-variable -Wunused-value -Wno-empty-body -Wno-uninitialized -Wno-unknown-pragmas -Wno-shadow -Wno-four-char-constants -Wno-conversion -Wno-constant-conversion -Wno-int-conversion -Wno-bool-conversion -Wno-enum-conversion -Wno-float-conversion -Wno-non-literal-null-conversion -Wno-objc-literal-conversion -Wshorten-64-to-32 -Wpointer-sign -Wno-newline-eof -Wno-selector -Wno-strict-selector-match -Wno-undeclared-selector -Wno-deprecated-implementations -Wno-implicit-fallthrough -isysroot /Applications/Xcode.app/Contents/Developer/Platforms/MacOSX.platform/Developer/SDKs/MacOSX27.0.sdk -fstrict-aliasing -Wprotocol -Wdeprecated-declarations -Wno-sign-conversion -Wno-infinite-recursion -Wno-comma -Wno-block-capture-autoreleasing -Wno-strict-prototypes -Wno-semicolon-before-method-body -index-store-path /Users/buddhirajgautam/Library/Developer/Xcode/DerivedData/Telegram-Mac-fygdgghdgmuleoelvxabfmqiotta/Index.noindex/DataStore @/Users/buddhirajgautam/Library/Developer/Xcode/DerivedData/Telegram-Mac-fygdgghdgmuleoelvxabfmqiotta/Build/Intermediates.noindex/MtProtoKit.build/Debug/MtProtoKit-t.build/Objects-normal/arm64/e6072d4f65d7061329687fe24e3d63a7-common-args.resp -MMD -MT dependencies -MF /Users/buddhirajgautam/Library/Developer/Xcode/DerivedData/Telegram-Mac-fygdgghdgmuleoelvxabfmqiotta/Build/Intermediates.noindex/MtProtoKit.build/Debug/MtProtoKit-t.build/Objects-normal/arm64/MTMessageEncryptionKey.d --serialize-diagnostics /Users/buddhirajgautam/Library/Developer/Xcode/DerivedData/Telegram-Mac-fygdgghdgmuleoelvxabfmqiotta/Build/Intermediates.noindex/MtProtoKit.build/Debug/MtProtoKit-t.build/Objects-normal/arm64/MTMessageEncryptionKey.dia -c /Users/buddhirajgautam/Documents/Cherrygram-Mac/macOS-Swift/submodules/telegram-ios/submodules/MtProtoKit/Sources/MTMessageEncryptionKey.m -o /Users/buddhirajgautam/Library/Developer/Xcode/DerivedData/Telegram-Mac-fygdgghdgmuleoelvxabfmqiotta/Build/Intermediates.noindex/MtProtoKit.build/Debug/MtProtoKit-t.build/Objects-normal/arm64/MTMessageEncryptionKey.o -index-unit-output-path /MtProtoKit.build/Debug/MtProtoKit-t.build/Objects-normal/arm64/MTMessageEncryptionKey.o

ScanDependencies /Users/buddhirajgautam/Library/Developer/Xcode/DerivedData/Telegram-Mac-fygdgghdgmuleoelvxabfmqiotta/Build/Intermediates.noindex/MtProtoKit.build/Debug/MtProtoKit-t.build/Objects-normal/arm64/MTMessage.o /Users/buddhirajgautam/Documents/Cherrygram-Mac/macOS-Swift/submodules/telegram-ios/submodules/MtProtoKit/Sources/MTMessage.m normal arm64 objective-c com.apple.compilers.llvm.clang.1_0.compiler (in target 'MtProtoKit' from project 'MtProtoKit')
    cd /Users/buddhirajgautam/Documents/Cherrygram-Mac/macOS-Swift
    
    Using response file: /Users/buddhirajgautam/Library/Developer/Xcode/DerivedData/Telegram-Mac-fygdgghdgmuleoelvxabfmqiotta/Build/Intermediates.noindex/MtProtoKit.build/Debug/MtProtoKit-t.build/Objects-normal/arm64/e6072d4f65d7061329687fe24e3d63a7-common-args.resp
    
    builtin-ScanDependencies -o /Users/buddhirajgautam/Library/Developer/Xcode/DerivedData/Telegram-Mac-fygdgghdgmuleoelvxabfmqiotta/Build/Intermediates.noindex/MtProtoKit.build/Debug/MtProtoKit-t.build/Objects-normal/arm64/MTMessage.o.scan -- /Applications/Xcode.app/Contents/Developer/Toolchains/XcodeDefault.xctoolchain/usr/bin/clang -x objective-c -ivfsstatcache /Users/buddhirajgautam/Library/Developer/Xcode/DerivedData/SDKStatCaches.noindex/macosx27.0-26A425-e829b21a6f8c9b70876ba0858053c0447231f6df4def33e022ae2eb8f782df1a.sdkstatcache -target arm64-apple-macos12.0 -fmessage-length\=0 -fdiagnostics-show-note-include-stack -fmacro-backtrace-limit\=0 -fno-color-diagnostics -fmodules-prune-interval\=86400 -fmodules-prune-after\=345600 -fbuild-session-file\=/Users/buddhirajgautam/Library/Developer/Xcode/DerivedData/ModuleCache.noindex/Session.modulevalidation -fmodules-validate-once-per-build-session -Wnon-modular-include-in-framework-module -Werror\=non-modular-include-in-framework-module -Wno-trigraphs -Wno-missing-field-initializers -Wno-missing-prototypes -Wno-return-type -Wno-implicit-atomic-properties -Wno-objc-interface-ivars -Wno-arc-repeated-use-of-weak -Wno-missing-braces -Wparentheses -Wswitch -Wno-unused-function -Wno-unused-label -Wno-unused-parameter -Wno-unused-variable -Wunused-value -Wno-empty-body -Wno-uninitialized -Wno-unknown-pragmas -Wno-shadow -Wno-four-char-constants -Wno-conversion -Wno-constant-conversion -Wno-int-conversion -Wno-bool-conversion -Wno-enum-conversion -Wno-float-conversion -Wno-non-literal-null-conversion -Wno-objc-literal-conversion -Wshorten-64-to-32 -Wpointer-sign -Wno-newline-eof -Wno-selector -Wno-strict-selector-match -Wno-undeclared-selector -Wno-deprecated-implementations -Wno-implicit-fallthrough -isysroot /Applications/Xcode.app/Contents/Developer/Platforms/MacOSX.platform/Developer/SDKs/MacOSX27.0.sdk -fstrict-aliasing -Wprotocol -Wdeprecated-declarations -Wno-sign-conversion -Wno-infinite-recursion -Wno-comma -Wno-block-capture-autoreleasing -Wno-strict-prototypes -Wno-semicolon-before-method-body -index-store-path /Users/buddhirajgautam/Library/Developer/Xcode/DerivedData/Telegram-Mac-fygdgghdgmuleoelvxabfmqiotta/Index.noindex/DataStore @/Users/buddhirajgautam/Library/Developer/Xcode/DerivedData/Telegram-Mac-fygdgghdgmuleoelvxabfmqiotta/Build/Intermediates.noindex/MtProtoKit.build/Debug/MtProtoKit-t.build/Objects-normal/arm64/e6072d4f65d7061329687fe24e3d63a7-common-args.resp -MMD -MT dependencies -MF /Users/buddhirajgautam/Library/Developer/Xcode/DerivedData/Telegram-Mac-fygdgghdgmuleoelvxabfmqiotta/Build/Intermediates.noindex/MtProtoKit.build/Debug/MtProtoKit-t.build/Objects-normal/arm64/MTMessage.d --serialize-diagnostics /Users/buddhirajgautam/Library/Developer/Xcode/DerivedData/Telegram-Mac-fygdgghdgmuleoelvxabfmqiotta/Build/Intermediates.noindex/MtProtoKit.build/Debug/MtProtoKit-t.build/Objects-normal/arm64/MTMessage.dia -c /Users/buddhirajgautam/Documents/Cherrygram-Mac/macOS-Swift/submodules/telegram-ios/submodules/MtProtoKit/Sources/MTMessage.m -o /Users/buddhirajgautam/Library/Developer/Xcode/DerivedData/Telegram-Mac-fygdgghdgmuleoelvxabfmqiotta/Build/Intermediates.noindex/MtProtoKit.build/Debug/MtProtoKit-t.build/Objects-normal/arm64/MTMessage.o -index-unit-output-path /MtProtoKit.build/Debug/MtProtoKit-t.build/Objects-normal/arm64/MTMessage.o

ScanDependencies /Users/buddhirajgautam/Library/Developer/Xcode/DerivedData/Telegram-Mac-fygdgghdgmuleoelvxabfmqiotta/Build/Intermediates.noindex/MtProtoKit.build/Debug/MtProtoKit-t.build/Objects-normal/arm64/MTLogging.o /Users/buddhirajgautam/Documents/Cherrygram-Mac/macOS-Swift/submodules/telegram-ios/submodules/MtProtoKit/Sources/MTLogging.m normal arm64 objective-c com.apple.compilers.llvm.clang.1_0.compiler (in target 'MtProtoKit' from project 'MtProtoKit')
    cd /Users/buddhirajgautam/Documents/Cherrygram-Mac/macOS-Swift
    
    Using response file: /Users/buddhirajgautam/Library/Developer/Xcode/DerivedData/Telegram-Mac-fygdgghdgmuleoelvxabfmqiotta/Build/Intermediates.noindex/MtProtoKit.build/Debug/MtProtoKit-t.build/Objects-normal/arm64/e6072d4f65d7061329687fe24e3d63a7-common-args.resp
    
    builtin-ScanDependencies -o /Users/buddhirajgautam/Library/Developer/Xcode/DerivedData/Telegram-Mac-fygdgghdgmuleoelvxabfmqiotta/Build/Intermediates.noindex/MtProtoKit.build/Debug/MtProtoKit-t.build/Objects-normal/arm64/MTLogging.o.scan -- /Applications/Xcode.app/Contents/Developer/Toolchains/XcodeDefault.xctoolchain/usr/bin/clang -x objective-c -ivfsstatcache /Users/buddhirajgautam/Library/Developer/Xcode/DerivedData/SDKStatCaches.noindex/macosx27.0-26A425-e829b21a6f8c9b70876ba0858053c0447231f6df4def33e022ae2eb8f782df1a.sdkstatcache -target arm64-apple-macos12.0 -fmessage-length\=0 -fdiagnostics-show-note-include-stack -fmacro-backtrace-limit\=0 -fno-color-diagnostics -fmodules-prune-interval\=86400 -fmodules-prune-after\=345600 -fbuild-session-file\=/Users/buddhirajgautam/Library/Developer/Xcode/DerivedData/ModuleCache.noindex/Session.modulevalidation -fmodules-validate-once-per-build-session -Wnon-modular-include-in-framework-module -Werror\=non-modular-include-in-framework-module -Wno-trigraphs -Wno-missing-field-initializers -Wno-missing-prototypes -Wno-return-type -Wno-implicit-atomic-properties -Wno-objc-interface-ivars -Wno-arc-repeated-use-of-weak -Wno-missing-braces -Wparentheses -Wswitch -Wno-unused-function -Wno-unused-label -Wno-unused-parameter -Wno-unused-variable -Wunused-value -Wno-empty-body -Wno-uninitialized -Wno-unknown-pragmas -Wno-shadow -Wno-four-char-constants -Wno-conversion -Wno-constant-conversion -Wno-int-conversion -Wno-bool-conversion -Wno-enum-conversion -Wno-float-conversion -Wno-non-literal-null-conversion -Wno-objc-literal-conversion -Wshorten-64-to-32 -Wpointer-sign -Wno-newline-eof -Wno-selector -Wno-strict-selector-match -Wno-undeclared-selector -Wno-deprecated-implementations -Wno-implicit-fallthrough -isysroot /Applications/Xcode.app/Contents/Developer/Platforms/MacOSX.platform/Developer/SDKs/MacOSX27.0.sdk -fstrict-aliasing -Wprotocol -Wdeprecated-declarations -Wno-sign-conversion -Wno-infinite-recursion -Wno-comma -Wno-block-capture-autoreleasing -Wno-strict-prototypes -Wno-semicolon-before-method-body -index-store-path /Users/buddhirajgautam/Library/Developer/Xcode/DerivedData/Telegram-Mac-fygdgghdgmuleoelvxabfmqiotta/Index.noindex/DataStore @/Users/buddhirajgautam/Library/Developer/Xcode/DerivedData/Telegram-Mac-fygdgghdgmuleoelvxabfmqiotta/Build/Intermediates.noindex/MtProtoKit.build/Debug/MtProtoKit-t.build/Objects-normal/arm64/e6072d4f65d7061329687fe24e3d63a7-common-args.resp -MMD -MT dependencies -MF /Users/buddhirajgautam/Library/Developer/Xcode/DerivedData/Telegram-Mac-fygdgghdgmuleoelvxabfmqiotta/Build/Intermediates.noindex/MtProtoKit.build/Debug/MtProtoKit-t.build/Objects-normal/arm64/MTLogging.d --serialize-diagnostics /Users/buddhirajgautam/Library/Developer/Xcode/DerivedData/Telegram-Mac-fygdgghdgmuleoelvxabfmqiotta/Build/Intermediates.noindex/MtProtoKit.build/Debug/MtProtoKit-t.build/Objects-normal/arm64/MTLogging.dia -c /Users/buddhirajgautam/Documents/Cherrygram-Mac/macOS-Swift/submodules/telegram-ios/submodules/MtProtoKit/Sources/MTLogging.m -o /Users/buddhirajgautam/Library/Developer/Xcode/DerivedData/Telegram-Mac-fygdgghdgmuleoelvxabfmqiotta/Build/Intermediates.noindex/MtProtoKit.build/Debug/MtProtoKit-t.build/Objects-normal/arm64/MTLogging.o -index-unit-output-path /MtProtoKit.build/Debug/MtProtoKit-t.build/Objects-normal/arm64/MTLogging.o

ScanDependencies /Users/buddhirajgautam/Library/Developer/Xcode/DerivedData/Telegram-Mac-fygdgghdgmuleoelvxabfmqiotta/Build/Intermediates.noindex/MtProtoKit.build/Debug/MtProtoKit-t.build/Objects-normal/arm64/MTKeychain.o /Users/buddhirajgautam/Documents/Cherrygram-Mac/macOS-Swift/submodules/telegram-ios/submodules/MtProtoKit/Sources/MTKeychain.m normal arm64 objective-c com.apple.compilers.llvm.clang.1_0.compiler (in target 'MtProtoKit' from project 'MtProtoKit')
    cd /Users/buddhirajgautam/Documents/Cherrygram-Mac/macOS-Swift
    
    Using response file: /Users/buddhirajgautam/Library/Developer/Xcode/DerivedData/Telegram-Mac-fygdgghdgmuleoelvxabfmqiotta/Build/Intermediates.noindex/MtProtoKit.build/Debug/MtProtoKit-t.build/Objects-normal/arm64/e6072d4f65d7061329687fe24e3d63a7-common-args.resp
    
    builtin-ScanDependencies -o /Users/buddhirajgautam/Library/Developer/Xcode/DerivedData/Telegram-Mac-fygdgghdgmuleoelvxabfmqiotta/Build/Intermediates.noindex/MtProtoKit.build/Debug/MtProtoKit-t.build/Objects-normal/arm64/MTKeychain.o.scan -- /Applications/Xcode.app/Contents/Developer/Toolchains/XcodeDefault.xctoolchain/usr/bin/clang -x objective-c -ivfsstatcache /Users/buddhirajgautam/Library/Developer/Xcode/DerivedData/SDKStatCaches.noindex/macosx27.0-26A425-e829b21a6f8c9b70876ba0858053c0447231f6df4def33e022ae2eb8f782df1a.sdkstatcache -target arm64-apple-macos12.0 -fmessage-length\=0 -fdiagnostics-show-note-include-stack -fmacro-backtrace-limit\=0 -fno-color-diagnostics -fmodules-prune-interval\=86400 -fmodules-prune-after\=345600 -fbuild-session-file\=/Users/buddhirajgautam/Library/Developer/Xcode/DerivedData/ModuleCache.noindex/Session.modulevalidation -fmodules-validate-once-per-build-session -Wnon-modular-include-in-framework-module -Werror\=non-modular-include-in-framework-module -Wno-trigraphs -Wno-missing-field-initializers -Wno-missing-prototypes -Wno-return-type -Wno-implicit-atomic-properties -Wno-objc-interface-ivars -Wno-arc-repeated-use-of-weak -Wno-missing-braces -Wparentheses -Wswitch -Wno-unused-function -Wno-unused-label -Wno-unused-parameter -Wno-unused-variable -Wunused-value -Wno-empty-body -Wno-uninitialized -Wno-unknown-pragmas -Wno-shadow -Wno-four-char-constants -Wno-conversion -Wno-constant-conversion -Wno-int-conversion -Wno-bool-conversion -Wno-enum-conversion -Wno-float-conversion -Wno-non-literal-null-conversion -Wno-objc-literal-conversion -Wshorten-64-to-32 -Wpointer-sign -Wno-newline-eof -Wno-selector -Wno-strict-selector-match -Wno-undeclared-selector -Wno-deprecated-implementations -Wno-implicit-fallthrough -isysroot /Applications/Xcode.app/Contents/Developer/Platforms/MacOSX.platform/Developer/SDKs/MacOSX27.0.sdk -fstrict-aliasing -Wprotocol -Wdeprecated-declarations -Wno-sign-conversion -Wno-infinite-recursion -Wno-comma -Wno-block-capture-autoreleasing -Wno-strict-prototypes -Wno-semicolon-before-method-body -index-store-path /Users/buddhirajgautam/Library/Developer/Xcode/DerivedData/Telegram-Mac-fygdgghdgmuleoelvxabfmqiotta/Index.noindex/DataStore @/Users/buddhirajgautam/Library/Developer/Xcode/DerivedData/Telegram-Mac-fygdgghdgmuleoelvxabfmqiotta/Build/Intermediates.noindex/MtProtoKit.build/Debug/MtProtoKit-t.build/Objects-normal/arm64/e6072d4f65d7061329687fe24e3d63a7-common-args.resp -MMD -MT dependencies -MF /Users/buddhirajgautam/Library/Developer/Xcode/DerivedData/Telegram-Mac-fygdgghdgmuleoelvxabfmqiotta/Build/Intermediates.noindex/MtProtoKit.build/Debug/MtProtoKit-t.build/Objects-normal/arm64/MTKeychain.d --serialize-diagnostics /Users/buddhirajgautam/Library/Developer/Xcode/DerivedData/Telegram-Mac-fygdgghdgmuleoelvxabfmqiotta/Build/Intermediates.noindex/MtProtoKit.build/Debug/MtProtoKit-t.build/Objects-normal/arm64/MTKeychain.dia -c /Users/buddhirajgautam/Documents/Cherrygram-Mac/macOS-Swift/submodules/telegram-ios/submodules/MtProtoKit/Sources/MTKeychain.m -o /Users/buddhirajgautam/Library/Developer/Xcode/DerivedData/Telegram-Mac-fygdgghdgmuleoelvxabfmqiotta/Build/Intermediates.noindex/MtProtoKit.build/Debug/MtProtoKit-t.build/Objects-normal/arm64/MTKeychain.o -index-unit-output-path /MtProtoKit.build/Debug/MtProtoKit-t.build/Objects-normal/arm64/MTKeychain.o

ScanDependencies /Users/buddhirajgautam/Library/Developer/Xcode/DerivedData/Telegram-Mac-fygdgghdgmuleoelvxabfmqiotta/Build/Intermediates.noindex/MtProtoKit.build/Debug/MtProtoKit-t.build/Objects-normal/arm64/MTInternalMessageParser.o /Users/buddhirajgautam/Documents/Cherrygram-Mac/macOS-Swift/submodules/telegram-ios/submodules/MtProtoKit/Sources/MTInternalMessageParser.m normal arm64 objective-c com.apple.compilers.llvm.clang.1_0.compiler (in target 'MtProtoKit' from project 'MtProtoKit')
    cd /Users/buddhirajgautam/Documents/Cherrygram-Mac/macOS-Swift
    
    Using response file: /Users/buddhirajgautam/Library/Developer/Xcode/DerivedData/Telegram-Mac-fygdgghdgmuleoelvxabfmqiotta/Build/Intermediates.noindex/MtProtoKit.build/Debug/MtProtoKit-t.build/Objects-normal/arm64/e6072d4f65d7061329687fe24e3d63a7-common-args.resp
    
    builtin-ScanDependencies -o /Users/buddhirajgautam/Library/Developer/Xcode/DerivedData/Telegram-Mac-fygdgghdgmuleoelvxabfmqiotta/Build/Intermediates.noindex/MtProtoKit.build/Debug/MtProtoKit-t.build/Objects-normal/arm64/MTInternalMessageParser.o.scan -- /Applications/Xcode.app/Contents/Developer/Toolchains/XcodeDefault.xctoolchain/usr/bin/clang -x objective-c -ivfsstatcache /Users/buddhirajgautam/Library/Developer/Xcode/DerivedData/SDKStatCaches.noindex/macosx27.0-26A425-e829b21a6f8c9b70876ba0858053c0447231f6df4def33e022ae2eb8f782df1a.sdkstatcache -target arm64-apple-macos12.0 -fmessage-length\=0 -fdiagnostics-show-note-include-stack -fmacro-backtrace-limit\=0 -fno-color-diagnostics -fmodules-prune-interval\=86400 -fmodules-prune-after\=345600 -fbuild-session-file\=/Users/buddhirajgautam/Library/Developer/Xcode/DerivedData/ModuleCache.noindex/Session.modulevalidation -fmodules-validate-once-per-build-session -Wnon-modular-include-in-framework-module -Werror\=non-modular-include-in-framework-module -Wno-trigraphs -Wno-missing-field-initializers -Wno-missing-prototypes -Wno-return-type -Wno-implicit-atomic-properties -Wno-objc-interface-ivars -Wno-arc-repeated-use-of-weak -Wno-missing-braces -Wparentheses -Wswitch -Wno-unused-function -Wno-unused-label -Wno-unused-parameter -Wno-unused-variable -Wunused-value -Wno-empty-body -Wno-uninitialized -Wno-unknown-pragmas -Wno-shadow -Wno-four-char-constants -Wno-conversion -Wno-constant-conversion -Wno-int-conversion -Wno-bool-conversion -Wno-enum-conversion -Wno-float-conversion -Wno-non-literal-null-conversion -Wno-objc-literal-conversion -Wshorten-64-to-32 -Wpointer-sign -Wno-newline-eof -Wno-selector -Wno-strict-selector-match -Wno-undeclared-selector -Wno-deprecated-implementations -Wno-implicit-fallthrough -isysroot /Applications/Xcode.app/Contents/Developer/Platforms/MacOSX.platform/Developer/SDKs/MacOSX27.0.sdk -fstrict-aliasing -Wprotocol -Wdeprecated-declarations -Wno-sign-conversion -Wno-infinite-recursion -Wno-comma -Wno-block-capture-autoreleasing -Wno-strict-prototypes -Wno-semicolon-before-method-body -index-store-path /Users/buddhirajgautam/Library/Developer/Xcode/DerivedData/Telegram-Mac-fygdgghdgmuleoelvxabfmqiotta/Index.noindex/DataStore @/Users/buddhirajgautam/Library/Developer/Xcode/DerivedData/Telegram-Mac-fygdgghdgmuleoelvxabfmqiotta/Build/Intermediates.noindex/MtProtoKit.build/Debug/MtProtoKit-t.build/Objects-normal/arm64/e6072d4f65d7061329687fe24e3d63a7-common-args.resp -MMD -MT dependencies -MF /Users/buddhirajgautam/Library/Developer/Xcode/DerivedData/Telegram-Mac-fygdgghdgmuleoelvxabfmqiotta/Build/Intermediates.noindex/MtProtoKit.build/Debug/MtProtoKit-t.build/Objects-normal/arm64/MTInternalMessageParser.d --serialize-diagnostics /Users/buddhirajgautam/Library/Developer/Xcode/DerivedData/Telegram-Mac-fygdgghdgmuleoelvxabfmqiotta/Build/Intermediates.noindex/MtProtoKit.build/Debug/MtProtoKit-t.build/Objects-normal/arm64/MTInternalMessageParser.dia -c /Users/buddhirajgautam/Documents/Cherrygram-Mac/macOS-Swift/submodules/telegram-ios/submodules/MtProtoKit/Sources/MTInternalMessageParser.m -o /Users/buddhirajgautam/Library/Developer/Xcode/DerivedData/Telegram-Mac-fygdgghdgmuleoelvxabfmqiotta/Build/Intermediates.noindex/MtProtoKit.build/Debug/MtProtoKit-t.build/Objects-normal/arm64/MTInternalMessageParser.o -index-unit-output-path /MtProtoKit.build/Debug/MtProtoKit-t.build/Objects-normal/arm64/MTInternalMessageParser.o

ScanDependencies /Users/buddhirajgautam/Library/Developer/Xcode/DerivedData/Telegram-Mac-fygdgghdgmuleoelvxabfmqiotta/Build/Intermediates.noindex/MtProtoKit.build/Debug/MtProtoKit-t.build/Objects-normal/arm64/MTInputStream.o /Users/buddhirajgautam/Documents/Cherrygram-Mac/macOS-Swift/submodules/telegram-ios/submodules/MtProtoKit/Sources/MTInputStream.m normal arm64 objective-c com.apple.compilers.llvm.clang.1_0.compiler (in target 'MtProtoKit' from project 'MtProtoKit')
    cd /Users/buddhirajgautam/Documents/Cherrygram-Mac/macOS-Swift
    
    Using response file: /Users/buddhirajgautam/Library/Developer/Xcode/DerivedData/Telegram-Mac-fygdgghdgmuleoelvxabfmqiotta/Build/Intermediates.noindex/MtProtoKit.build/Debug/MtProtoKit-t.build/Objects-normal/arm64/e6072d4f65d7061329687fe24e3d63a7-common-args.resp
    
    builtin-ScanDependencies -o /Users/buddhirajgautam/Library/Developer/Xcode/DerivedData/Telegram-Mac-fygdgghdgmuleoelvxabfmqiotta/Build/Intermediates.noindex/MtProtoKit.build/Debug/MtProtoKit-t.build/Objects-normal/arm64/MTInputStream.o.scan -- /Applications/Xcode.app/Contents/Developer/Toolchains/XcodeDefault.xctoolchain/usr/bin/clang -x objective-c -ivfsstatcache /Users/buddhirajgautam/Library/Developer/Xcode/DerivedData/SDKStatCaches.noindex/macosx27.0-26A425-e829b21a6f8c9b70876ba0858053c0447231f6df4def33e022ae2eb8f782df1a.sdkstatcache -target arm64-apple-macos12.0 -fmessage-length\=0 -fdiagnostics-show-note-include-stack -fmacro-backtrace-limit\=0 -fno-color-diagnostics -fmodules-prune-interval\=86400 -fmodules-prune-after\=345600 -fbuild-session-file\=/Users/buddhirajgautam/Library/Developer/Xcode/DerivedData/ModuleCache.noindex/Session.modulevalidation -fmodules-validate-once-per-build-session -Wnon-modular-include-in-framework-module -Werror\=non-modular-include-in-framework-module -Wno-trigraphs -Wno-missing-field-initializers -Wno-missing-prototypes -Wno-return-type -Wno-implicit-atomic-properties -Wno-objc-interface-ivars -Wno-arc-repeated-use-of-weak -Wno-missing-braces -Wparentheses -Wswitch -Wno-unused-function -Wno-unused-label -Wno-unused-parameter -Wno-unused-variable -Wunused-value -Wno-empty-body -Wno-uninitialized -Wno-unknown-pragmas -Wno-shadow -Wno-four-char-constants -Wno-conversion -Wno-constant-conversion -Wno-int-conversion -Wno-bool-conversion -Wno-enum-conversion -Wno-float-conversion -Wno-non-literal-null-conversion -Wno-objc-literal-conversion -Wshorten-64-to-32 -Wpointer-sign -Wno-newline-eof -Wno-selector -Wno-strict-selector-match -Wno-undeclared-selector -Wno-deprecated-implementations -Wno-implicit-fallthrough -isysroot /Applications/Xcode.app/Contents/Developer/Platforms/MacOSX.platform/Developer/SDKs/MacOSX27.0.sdk -fstrict-aliasing -Wprotocol -Wdeprecated-declarations -Wno-sign-conversion -Wno-infinite-recursion -Wno-comma -Wno-block-capture-autoreleasing -Wno-strict-prototypes -Wno-semicolon-before-method-body -index-store-path /Users/buddhirajgautam/Library/Developer/Xcode/DerivedData/Telegram-Mac-fygdgghdgmuleoelvxabfmqiotta/Index.noindex/DataStore @/Users/buddhirajgautam/Library/Developer/Xcode/DerivedData/Telegram-Mac-fygdgghdgmuleoelvxabfmqiotta/Build/Intermediates.noindex/MtProtoKit.build/Debug/MtProtoKit-t.build/Objects-normal/arm64/e6072d4f65d7061329687fe24e3d63a7-common-args.resp -MMD -MT dependencies -MF /Users/buddhirajgautam/Library/Developer/Xcode/DerivedData/Telegram-Mac-fygdgghdgmuleoelvxabfmqiotta/Build/Intermediates.noindex/MtProtoKit.build/Debug/MtProtoKit-t.build/Objects-normal/arm64/MTInputStream.d --serialize-diagnostics /Users/buddhirajgautam/Library/Developer/Xcode/DerivedData/Telegram-Mac-fygdgghdgmuleoelvxabfmqiotta/Build/Intermediates.noindex/MtProtoKit.build/Debug/MtProtoKit-t.build/Objects-normal/arm64/MTInputStream.dia -c /Users/buddhirajgautam/Documents/Cherrygram-Mac/macOS-Swift/submodules/telegram-ios/submodules/MtProtoKit/Sources/MTInputStream.m -o /Users/buddhirajgautam/Library/Developer/Xcode/DerivedData/Telegram-Mac-fygdgghdgmuleoelvxabfmqiotta/Build/Intermediates.noindex/MtProtoKit.build/Debug/MtProtoKit-t.build/Objects-normal/arm64/MTInputStream.o -index-unit-output-path /MtProtoKit.build/Debug/MtProtoKit-t.build/Objects-normal/arm64/MTInputStream.o

ScanDependencies /Users/buddhirajgautam/Library/Developer/Xcode/DerivedData/Telegram-Mac-fygdgghdgmuleoelvxabfmqiotta/Build/Intermediates.noindex/MtProtoKit.build/Debug/MtProtoKit-t.build/Objects-normal/arm64/MTIncomingMessage.o /Users/buddhirajgautam/Documents/Cherrygram-Mac/macOS-Swift/submodules/telegram-ios/submodules/MtProtoKit/Sources/MTIncomingMessage.m normal arm64 objective-c com.apple.compilers.llvm.clang.1_0.compiler (in target 'MtProtoKit' from project 'MtProtoKit')
    cd /Users/buddhirajgautam/Documents/Cherrygram-Mac/macOS-Swift
    
    Using response file: /Users/buddhirajgautam/Library/Developer/Xcode/DerivedData/Telegram-Mac-fygdgghdgmuleoelvxabfmqiotta/Build/Intermediates.noindex/MtProtoKit.build/Debug/MtProtoKit-t.build/Objects-normal/arm64/e6072d4f65d7061329687fe24e3d63a7-common-args.resp
    
    builtin-ScanDependencies -o /Users/buddhirajgautam/Library/Developer/Xcode/DerivedData/Telegram-Mac-fygdgghdgmuleoelvxabfmqiotta/Build/Intermediates.noindex/MtProtoKit.build/Debug/MtProtoKit-t.build/Objects-normal/arm64/MTIncomingMessage.o.scan -- /Applications/Xcode.app/Contents/Developer/Toolchains/XcodeDefault.xctoolchain/usr/bin/clang -x objective-c -ivfsstatcache /Users/buddhirajgautam/Library/Developer/Xcode/DerivedData/SDKStatCaches.noindex/macosx27.0-26A425-e829b21a6f8c9b70876ba0858053c0447231f6df4def33e022ae2eb8f782df1a.sdkstatcache -target arm64-apple-macos12.0 -fmessage-length\=0 -fdiagnostics-show-note-include-stack -fmacro-backtrace-limit\=0 -fno-color-diagnostics -fmodules-prune-interval\=86400 -fmodules-prune-after\=345600 -fbuild-session-file\=/Users/buddhirajgautam/Library/Developer/Xcode/DerivedData/ModuleCache.noindex/Session.modulevalidation -fmodules-validate-once-per-build-session -Wnon-modular-include-in-framework-module -Werror\=non-modular-include-in-framework-module -Wno-trigraphs -Wno-missing-field-initializers -Wno-missing-prototypes -Wno-return-type -Wno-implicit-atomic-properties -Wno-objc-interface-ivars -Wno-arc-repeated-use-of-weak -Wno-missing-braces -Wparentheses -Wswitch -Wno-unused-function -Wno-unused-label -Wno-unused-parameter -Wno-unused-variable -Wunused-value -Wno-empty-body -Wno-uninitialized -Wno-unknown-pragmas -Wno-shadow -Wno-four-char-constants -Wno-conversion -Wno-constant-conversion -Wno-int-conversion -Wno-bool-conversion -Wno-enum-conversion -Wno-float-conversion -Wno-non-literal-null-conversion -Wno-objc-literal-conversion -Wshorten-64-to-32 -Wpointer-sign -Wno-newline-eof -Wno-selector -Wno-strict-selector-match -Wno-undeclared-selector -Wno-deprecated-implementations -Wno-implicit-fallthrough -isysroot /Applications/Xcode.app/Contents/Developer/Platforms/MacOSX.platform/Developer/SDKs/MacOSX27.0.sdk -fstrict-aliasing -Wprotocol -Wdeprecated-declarations -Wno-sign-conversion -Wno-infinite-recursion -Wno-comma -Wno-block-capture-autoreleasing -Wno-strict-prototypes -Wno-semicolon-before-method-body -index-store-path /Users/buddhirajgautam/Library/Developer/Xcode/DerivedData/Telegram-Mac-fygdgghdgmuleoelvxabfmqiotta/Index.noindex/DataStore @/Users/buddhirajgautam/Library/Developer/Xcode/DerivedData/Telegram-Mac-fygdgghdgmuleoelvxabfmqiotta/Build/Intermediates.noindex/MtProtoKit.build/Debug/MtProtoKit-t.build/Objects-normal/arm64/e6072d4f65d7061329687fe24e3d63a7-common-args.resp -MMD -MT dependencies -MF /Users/buddhirajgautam/Library/Developer/Xcode/DerivedData/Telegram-Mac-fygdgghdgmuleoelvxabfmqiotta/Build/Intermediates.noindex/MtProtoKit.build/Debug/MtProtoKit-t.build/Objects-normal/arm64/MTIncomingMessage.d --serialize-diagnostics /Users/buddhirajgautam/Library/Developer/Xcode/DerivedData/Telegram-Mac-fygdgghdgmuleoelvxabfmqiotta/Build/Intermediates.noindex/MtProtoKit.build/Debug/MtProtoKit-t.build/Objects-normal/arm64/MTIncomingMessage.dia -c /Users/buddhirajgautam/Documents/Cherrygram-Mac/macOS-Swift/submodules/telegram-ios/submodules/MtProtoKit/Sources/MTIncomingMessage.m -o /Users/buddhirajgautam/Library/Developer/Xcode/DerivedData/Telegram-Mac-fygdgghdgmuleoelvxabfmqiotta/Build/Intermediates.noindex/MtProtoKit.build/Debug/MtProtoKit-t.build/Objects-normal/arm64/MTIncomingMessage.o -index-unit-output-path /MtProtoKit.build/Debug/MtProtoKit-t.build/Objects-normal/arm64/MTIncomingMessage.o

ScanDependencies /Users/buddhirajgautam/Library/Developer/Xcode/DerivedData/Telegram-Mac-fygdgghdgmuleoelvxabfmqiotta/Build/Intermediates.noindex/MtProtoKit.build/Debug/MtProtoKit-t.build/Objects-normal/arm64/MTHttpRequestOperation.o /Users/buddhirajgautam/Documents/Cherrygram-Mac/macOS-Swift/submodules/telegram-ios/submodules/MtProtoKit/Sources/MTHttpRequestOperation.m normal arm64 objective-c com.apple.compilers.llvm.clang.1_0.compiler (in target 'MtProtoKit' from project 'MtProtoKit')
    cd /Users/buddhirajgautam/Documents/Cherrygram-Mac/macOS-Swift
    
    Using response file: /Users/buddhirajgautam/Library/Developer/Xcode/DerivedData/Telegram-Mac-fygdgghdgmuleoelvxabfmqiotta/Build/Intermediates.noindex/MtProtoKit.build/Debug/MtProtoKit-t.build/Objects-normal/arm64/e6072d4f65d7061329687fe24e3d63a7-common-args.resp
    
    builtin-ScanDependencies -o /Users/buddhirajgautam/Library/Developer/Xcode/DerivedData/Telegram-Mac-fygdgghdgmuleoelvxabfmqiotta/Build/Intermediates.noindex/MtProtoKit.build/Debug/MtProtoKit-t.build/Objects-normal/arm64/MTHttpRequestOperation.o.scan -- /Applications/Xcode.app/Contents/Developer/Toolchains/XcodeDefault.xctoolchain/usr/bin/clang -x objective-c -ivfsstatcache /Users/buddhirajgautam/Library/Developer/Xcode/DerivedData/SDKStatCaches.noindex/macosx27.0-26A425-e829b21a6f8c9b70876ba0858053c0447231f6df4def33e022ae2eb8f782df1a.sdkstatcache -target arm64-apple-macos12.0 -fmessage-length\=0 -fdiagnostics-show-note-include-stack -fmacro-backtrace-limit\=0 -fno-color-diagnostics -fmodules-prune-interval\=86400 -fmodules-prune-after\=345600 -fbuild-session-file\=/Users/buddhirajgautam/Library/Developer/Xcode/DerivedData/ModuleCache.noindex/Session.modulevalidation -fmodules-validate-once-per-build-session -Wnon-modular-include-in-framework-module -Werror\=non-modular-include-in-framework-module -Wno-trigraphs -Wno-missing-field-initializers -Wno-missing-prototypes -Wno-return-type -Wno-implicit-atomic-properties -Wno-objc-interface-ivars -Wno-arc-repeated-use-of-weak -Wno-missing-braces -Wparentheses -Wswitch -Wno-unused-function -Wno-unused-label -Wno-unused-parameter -Wno-unused-variable -Wunused-value -Wno-empty-body -Wno-uninitialized -Wno-unknown-pragmas -Wno-shadow -Wno-four-char-constants -Wno-conversion -Wno-constant-conversion -Wno-int-conversion -Wno-bool-conversion -Wno-enum-conversion -Wno-float-conversion -Wno-non-literal-null-conversion -Wno-objc-literal-conversion -Wshorten-64-to-32 -Wpointer-sign -Wno-newline-eof -Wno-selector -Wno-strict-selector-match -Wno-undeclared-selector -Wno-deprecated-implementations -Wno-implicit-fallthrough -isysroot /Applications/Xcode.app/Contents/Developer/Platforms/MacOSX.platform/Developer/SDKs/MacOSX27.0.sdk -fstrict-aliasing -Wprotocol -Wdeprecated-declarations -Wno-sign-conversion -Wno-infinite-recursion -Wno-comma -Wno-block-capture-autoreleasing -Wno-strict-prototypes -Wno-semicolon-before-method-body -index-store-path /Users/buddhirajgautam/Library/Developer/Xcode/DerivedData/Telegram-Mac-fygdgghdgmuleoelvxabfmqiotta/Index.noindex/DataStore @/Users/buddhirajgautam/Library/Developer/Xcode/DerivedData/Telegram-Mac-fygdgghdgmuleoelvxabfmqiotta/Build/Intermediates.noindex/MtProtoKit.build/Debug/MtProtoKit-t.build/Objects-normal/arm64/e6072d4f65d7061329687fe24e3d63a7-common-args.resp -MMD -MT dependencies -MF /Users/buddhirajgautam/Library/Developer/Xcode/DerivedData/Telegram-Mac-fygdgghdgmuleoelvxabfmqiotta/Build/Intermediates.noindex/MtProtoKit.build/Debug/MtProtoKit-t.build/Objects-normal/arm64/MTHttpRequestOperation.d --serialize-diagnostics /Users/buddhirajgautam/Library/Developer/Xcode/DerivedData/Telegram-Mac-fygdgghdgmuleoelvxabfmqiotta/Build/Intermediates.noindex/MtProtoKit.build/Debug/MtProtoKit-t.build/Objects-normal/arm64/MTHttpRequestOperation.dia -c /Users/buddhirajgautam/Documents/Cherrygram-Mac/macOS-Swift/submodules/telegram-ios/submodules/MtProtoKit/Sources/MTHttpRequestOperation.m -o /Users/buddhirajgautam/Library/Developer/Xcode/DerivedData/Telegram-Mac-fygdgghdgmuleoelvxabfmqiotta/Build/Intermediates.noindex/MtProtoKit.build/Debug/MtProtoKit-t.build/Objects-normal/arm64/MTHttpRequestOperation.o -index-unit-output-path /MtProtoKit.build/Debug/MtProtoKit-t.build/Objects-normal/arm64/MTHttpRequestOperation.o

CompileC /Users/buddhirajgautam/Library/Developer/Xcode/DerivedData/Telegram-Mac-fygdgghdgmuleoelvxabfmqiotta/Build/Intermediates.noindex/MtProtoKit.build/Debug/MtProtoKit-t.build/Objects-normal/arm64/MTNetworkAvailability.o /Users/buddhirajgautam/Documents/Cherrygram-Mac/macOS-Swift/submodules/telegram-ios/submodules/MtProtoKit/Sources/MTNetworkAvailability.m normal arm64 objective-c com.apple.compilers.llvm.clang.1_0.compiler (in target 'MtProtoKit' from project 'MtProtoKit')
    cd /Users/buddhirajgautam/Documents/Cherrygram-Mac/macOS-Swift
    
    Using response file: /Users/buddhirajgautam/Library/Developer/Xcode/DerivedData/Telegram-Mac-fygdgghdgmuleoelvxabfmqiotta/Build/Intermediates.noindex/MtProtoKit.build/Debug/MtProtoKit-t.build/Objects-normal/arm64/e6072d4f65d7061329687fe24e3d63a7-common-args.resp
    
    /Applications/Xcode.app/Contents/Developer/Toolchains/XcodeDefault.xctoolchain/usr/bin/clang -x objective-c -ivfsstatcache /Users/buddhirajgautam/Library/Developer/Xcode/DerivedData/SDKStatCaches.noindex/macosx27.0-26A425-e829b21a6f8c9b70876ba0858053c0447231f6df4def33e022ae2eb8f782df1a.sdkstatcache -target arm64-apple-macos12.0 -fmessage-length\=0 -fdiagnostics-show-note-include-stack -fmacro-backtrace-limit\=0 -fno-color-diagnostics -fmodules-prune-interval\=86400 -fmodules-prune-after\=345600 -fbuild-session-file\=/Users/buddhirajgautam/Library/Developer/Xcode/DerivedData/ModuleCache.noindex/Session.modulevalidation -fmodules-validate-once-per-build-session -Wnon-modular-include-in-framework-module -Werror\=non-modular-include-in-framework-module -Wno-trigraphs -Wno-missing-field-initializers -Wno-missing-prototypes -Wno-return-type -Wno-implicit-atomic-properties -Wno-objc-interface-ivars -Wno-arc-repeated-use-of-weak -Wno-missing-braces -Wparentheses -Wswitch -Wno-unused-function -Wno-unused-label -Wno-unused-parameter -Wno-unused-variable -Wunused-value -Wno-empty-body -Wno-uninitialized -Wno-unknown-pragmas -Wno-shadow -Wno-four-char-constants -Wno-conversion -Wno-constant-conversion -Wno-int-conversion -Wno-bool-conversion -Wno-enum-conversion -Wno-float-conversion -Wno-non-literal-null-conversion -Wno-objc-literal-conversion -Wshorten-64-to-32 -Wpointer-sign -Wno-newline-eof -Wno-selector -Wno-strict-selector-match -Wno-undeclared-selector -Wno-deprecated-implementations -Wno-implicit-fallthrough -isysroot /Applications/Xcode.app/Contents/Developer/Platforms/MacOSX.platform/Developer/SDKs/MacOSX27.0.sdk -fstrict-aliasing -Wprotocol -Wdeprecated-declarations -Wno-sign-conversion -Wno-infinite-recursion -Wno-comma -Wno-block-capture-autoreleasing -Wno-strict-prototypes -Wno-semicolon-before-method-body -index-store-path /Users/buddhirajgautam/Library/Developer/Xcode/DerivedData/Telegram-Mac-fygdgghdgmuleoelvxabfmqiotta/Index.noindex/DataStore @/Users/buddhirajgautam/Library/Developer/Xcode/DerivedData/Telegram-Mac-fygdgghdgmuleoelvxabfmqiotta/Build/Intermediates.noindex/MtProtoKit.build/Debug/MtProtoKit-t.build/Objects-normal/arm64/e6072d4f65d7061329687fe24e3d63a7-common-args.resp -MMD -MT dependencies -MF /Users/buddhirajgautam/Library/Developer/Xcode/DerivedData/Telegram-Mac-fygdgghdgmuleoelvxabfmqiotta/Build/Intermediates.noindex/MtProtoKit.build/Debug/MtProtoKit-t.build/Objects-normal/arm64/MTNetworkAvailability.d --serialize-diagnostics /Users/buddhirajgautam/Library/Developer/Xcode/DerivedData/Telegram-Mac-fygdgghdgmuleoelvxabfmqiotta/Build/Intermediates.noindex/MtProtoKit.build/Debug/MtProtoKit-t.build/Objects-normal/arm64/MTNetworkAvailability.dia -c /Users/buddhirajgautam/Documents/Cherrygram-Mac/macOS-Swift/submodules/telegram-ios/submodules/MtProtoKit/Sources/MTNetworkAvailability.m -o /Users/buddhirajgautam/Library/Developer/Xcode/DerivedData/Telegram-Mac-fygdgghdgmuleoelvxabfmqiotta/Build/Intermediates.noindex/MtProtoKit.build/Debug/MtProtoKit-t.build/Objects-normal/arm64/MTNetworkAvailability.o -index-unit-output-path /MtProtoKit.build/Debug/MtProtoKit-t.build/Objects-normal/arm64/MTNetworkAvailability.o

CompileC /Users/buddhirajgautam/Library/Developer/Xcode/DerivedData/Telegram-Mac-fygdgghdgmuleoelvxabfmqiotta/Build/Intermediates.noindex/MtProtoKit.build/Debug/MtProtoKit-t.build/Objects-normal/arm64/MTMsgResendReqMessage.o /Users/buddhirajgautam/Documents/Cherrygram-Mac/macOS-Swift/submodules/telegram-ios/submodules/MtProtoKit/Sources/MTMsgResendReqMessage.m normal arm64 objective-c com.apple.compilers.llvm.clang.1_0.compiler (in target 'MtProtoKit' from project 'MtProtoKit')
    cd /Users/buddhirajgautam/Documents/Cherrygram-Mac/macOS-Swift
    
    Using response file: /Users/buddhirajgautam/Library/Developer/Xcode/DerivedData/Telegram-Mac-fygdgghdgmuleoelvxabfmqiotta/Build/Intermediates.noindex/MtProtoKit.build/Debug/MtProtoKit-t.build/Objects-normal/arm64/e6072d4f65d7061329687fe24e3d63a7-common-args.resp
    
    /Applications/Xcode.app/Contents/Developer/Toolchains/XcodeDefault.xctoolchain/usr/bin/clang -x objective-c -ivfsstatcache /Users/buddhirajgautam/Library/Developer/Xcode/DerivedData/SDKStatCaches.noindex/macosx27.0-26A425-e829b21a6f8c9b70876ba0858053c0447231f6df4def33e022ae2eb8f782df1a.sdkstatcache -target arm64-apple-macos12.0 -fmessage-length\=0 -fdiagnostics-show-note-include-stack -fmacro-backtrace-limit\=0 -fno-color-diagnostics -fmodules-prune-interval\=86400 -fmodules-prune-after\=345600 -fbuild-session-file\=/Users/buddhirajgautam/Library/Developer/Xcode/DerivedData/ModuleCache.noindex/Session.modulevalidation -fmodules-validate-once-per-build-session -Wnon-modular-include-in-framework-module -Werror\=non-modular-include-in-framework-module -Wno-trigraphs -Wno-missing-field-initializers -Wno-missing-prototypes -Wno-return-type -Wno-implicit-atomic-properties -Wno-objc-interface-ivars -Wno-arc-repeated-use-of-weak -Wno-missing-braces -Wparentheses -Wswitch -Wno-unused-function -Wno-unused-label -Wno-unused-parameter -Wno-unused-variable -Wunused-value -Wno-empty-body -Wno-uninitialized -Wno-unknown-pragmas -Wno-shadow -Wno-four-char-constants -Wno-conversion -Wno-constant-conversion -Wno-int-conversion -Wno-bool-conversion -Wno-enum-conversion -Wno-float-conversion -Wno-non-literal-null-conversion -Wno-objc-literal-conversion -Wshorten-64-to-32 -Wpointer-sign -Wno-newline-eof -Wno-selector -Wno-strict-selector-match -Wno-undeclared-selector -Wno-deprecated-implementations -Wno-implicit-fallthrough -isysroot /Applications/Xcode.app/Contents/Developer/Platforms/MacOSX.platform/Developer/SDKs/MacOSX27.0.sdk -fstrict-aliasing -Wprotocol -Wdeprecated-declarations -Wno-sign-conversion -Wno-infinite-recursion -Wno-comma -Wno-block-capture-autoreleasing -Wno-strict-prototypes -Wno-semicolon-before-method-body -index-store-path /Users/buddhirajgautam/Library/Developer/Xcode/DerivedData/Telegram-Mac-fygdgghdgmuleoelvxabfmqiotta/Index.noindex/DataStore @/Users/buddhirajgautam/Library/Developer/Xcode/DerivedData/Telegram-Mac-fygdgghdgmuleoelvxabfmqiotta/Build/Intermediates.noindex/MtProtoKit.build/Debug/MtProtoKit-t.build/Objects-normal/arm64/e6072d4f65d7061329687fe24e3d63a7-common-args.resp -MMD -MT dependencies -MF /Users/buddhirajgautam/Library/Developer/Xcode/DerivedData/Telegram-Mac-fygdgghdgmuleoelvxabfmqiotta/Build/Intermediates.noindex/MtProtoKit.build/Debug/MtProtoKit-t.build/Objects-normal/arm64/MTMsgResendReqMessage.d --serialize-diagnostics /Users/buddhirajgautam/Library/Developer/Xcode/DerivedData/Telegram-Mac-fygdgghdgmuleoelvxabfmqiotta/Build/Intermediates.noindex/MtProtoKit.build/Debug/MtProtoKit-t.build/Objects-normal/arm64/MTMsgResendReqMessage.dia -c /Users/buddhirajgautam/Documents/Cherrygram-Mac/macOS-Swift/submodules/telegram-ios/submodules/MtProtoKit/Sources/MTMsgResendReqMessage.m -o /Users/buddhirajgautam/Library/Developer/Xcode/DerivedData/Telegram-Mac-fygdgghdgmuleoelvxabfmqiotta/Build/Intermediates.noindex/MtProtoKit.build/Debug/MtProtoKit-t.build/Objects-normal/arm64/MTMsgResendReqMessage.o -index-unit-output-path /MtProtoKit.build/Debug/MtProtoKit-t.build/Objects-normal/arm64/MTMsgResendReqMessage.o

CompileC /Users/buddhirajgautam/Library/Developer/Xcode/DerivedData/Telegram-Mac-fygdgghdgmuleoelvxabfmqiotta/Build/Intermediates.noindex/MtProtoKit.build/Debug/MtProtoKit-t.build/Objects-normal/arm64/MTMsgDetailedInfoMessage.o /Users/buddhirajgautam/Documents/Cherrygram-Mac/macOS-Swift/submodules/telegram-ios/submodules/MtProtoKit/Sources/MTMsgDetailedInfoMessage.m normal arm64 objective-c com.apple.compilers.llvm.clang.1_0.compiler (in target 'MtProtoKit' from project 'MtProtoKit')
    cd /Users/buddhirajgautam/Documents/Cherrygram-Mac/macOS-Swift
    
    Using response file: /Users/buddhirajgautam/Library/Developer/Xcode/DerivedData/Telegram-Mac-fygdgghdgmuleoelvxabfmqiotta/Build/Intermediates.noindex/MtProtoKit.build/Debug/MtProtoKit-t.build/Objects-normal/arm64/e6072d4f65d7061329687fe24e3d63a7-common-args.resp
    
    /Applications/Xcode.app/Contents/Developer/Toolchains/XcodeDefault.xctoolchain/usr/bin/clang -x objective-c -ivfsstatcache /Users/buddhirajgautam/Library/Developer/Xcode/DerivedData/SDKStatCaches.noindex/macosx27.0-26A425-e829b21a6f8c9b70876ba0858053c0447231f6df4def33e022ae2eb8f782df1a.sdkstatcache -target arm64-apple-macos12.0 -fmessage-length\=0 -fdiagnostics-show-note-include-stack -fmacro-backtrace-limit\=0 -fno-color-diagnostics -fmodules-prune-interval\=86400 -fmodules-prune-after\=345600 -fbuild-session-file\=/Users/buddhirajgautam/Library/Developer/Xcode/DerivedData/ModuleCache.noindex/Session.modulevalidation -fmodules-validate-once-per-build-session -Wnon-modular-include-in-framework-module -Werror\=non-modular-include-in-framework-module -Wno-trigraphs -Wno-missing-field-initializers -Wno-missing-prototypes -Wno-return-type -Wno-implicit-atomic-properties -Wno-objc-interface-ivars -Wno-arc-repeated-use-of-weak -Wno-missing-braces -Wparentheses -Wswitch -Wno-unused-function -Wno-unused-label -Wno-unused-parameter -Wno-unused-variable -Wunused-value -Wno-empty-body -Wno-uninitialized -Wno-unknown-pragmas -Wno-shadow -Wno-four-char-constants -Wno-conversion -Wno-constant-conversion -Wno-int-conversion -Wno-bool-conversion -Wno-enum-conversion -Wno-float-conversion -Wno-non-literal-null-conversion -Wno-objc-literal-conversion -Wshorten-64-to-32 -Wpointer-sign -Wno-newline-eof -Wno-selector -Wno-strict-selector-match -Wno-undeclared-selector -Wno-deprecated-implementations -Wno-implicit-fallthrough -isysroot /Applications/Xcode.app/Contents/Developer/Platforms/MacOSX.platform/Developer/SDKs/MacOSX27.0.sdk -fstrict-aliasing -Wprotocol -Wdeprecated-declarations -Wno-sign-conversion -Wno-infinite-recursion -Wno-comma -Wno-block-capture-autoreleasing -Wno-strict-prototypes -Wno-semicolon-before-method-body -index-store-path /Users/buddhirajgautam/Library/Developer/Xcode/DerivedData/Telegram-Mac-fygdgghdgmuleoelvxabfmqiotta/Index.noindex/DataStore @/Users/buddhirajgautam/Library/Developer/Xcode/DerivedData/Telegram-Mac-fygdgghdgmuleoelvxabfmqiotta/Build/Intermediates.noindex/MtProtoKit.build/Debug/MtProtoKit-t.build/Objects-normal/arm64/e6072d4f65d7061329687fe24e3d63a7-common-args.resp -MMD -MT dependencies -MF /Users/buddhirajgautam/Library/Developer/Xcode/DerivedData/Telegram-Mac-fygdgghdgmuleoelvxabfmqiotta/Build/Intermediates.noindex/MtProtoKit.build/Debug/MtProtoKit-t.build/Objects-normal/arm64/MTMsgDetailedInfoMessage.d --serialize-diagnostics /Users/buddhirajgautam/Library/Developer/Xcode/DerivedData/Telegram-Mac-fygdgghdgmuleoelvxabfmqiotta/Build/Intermediates.noindex/MtProtoKit.build/Debug/MtProtoKit-t.build/Objects-normal/arm64/MTMsgDetailedInfoMessage.dia -c /Users/buddhirajgautam/Documents/Cherrygram-Mac/macOS-Swift/submodules/telegram-ios/submodules/MtProtoKit/Sources/MTMsgDetailedInfoMessage.m -o /Users/buddhirajgautam/Library/Developer/Xcode/DerivedData/Telegram-Mac-fygdgghdgmuleoelvxabfmqiotta/Build/Intermediates.noindex/MtProtoKit.build/Debug/MtProtoKit-t.build/Objects-normal/arm64/MTMsgDetailedInfoMessage.o -index-unit-output-path /MtProtoKit.build/Debug/MtProtoKit-t.build/Objects-normal/arm64/MTMsgDetailedInfoMessage.o

CompileC /Users/buddhirajgautam/Library/Developer/Xcode/DerivedData/Telegram-Mac-fygdgghdgmuleoelvxabfmqiotta/Build/Intermediates.noindex/MtProtoKit.build/Debug/MtProtoKit-t.build/Objects-normal/arm64/MTMsgContainerMessage.o /Users/buddhirajgautam/Documents/Cherrygram-Mac/macOS-Swift/submodules/telegram-ios/submodules/MtProtoKit/Sources/MTMsgContainerMessage.m normal arm64 objective-c com.apple.compilers.llvm.clang.1_0.compiler (in target 'MtProtoKit' from project 'MtProtoKit')
    cd /Users/buddhirajgautam/Documents/Cherrygram-Mac/macOS-Swift
    
    Using response file: /Users/buddhirajgautam/Library/Developer/Xcode/DerivedData/Telegram-Mac-fygdgghdgmuleoelvxabfmqiotta/Build/Intermediates.noindex/MtProtoKit.build/Debug/MtProtoKit-t.build/Objects-normal/arm64/e6072d4f65d7061329687fe24e3d63a7-common-args.resp
    
    /Applications/Xcode.app/Contents/Developer/Toolchains/XcodeDefault.xctoolchain/usr/bin/clang -x objective-c -ivfsstatcache /Users/buddhirajgautam/Library/Developer/Xcode/DerivedData/SDKStatCaches.noindex/macosx27.0-26A425-e829b21a6f8c9b70876ba0858053c0447231f6df4def33e022ae2eb8f782df1a.sdkstatcache -target arm64-apple-macos12.0 -fmessage-length\=0 -fdiagnostics-show-note-include-stack -fmacro-backtrace-limit\=0 -fno-color-diagnostics -fmodules-prune-interval\=86400 -fmodules-prune-after\=345600 -fbuild-session-file\=/Users/buddhirajgautam/Library/Developer/Xcode/DerivedData/ModuleCache.noindex/Session.modulevalidation -fmodules-validate-once-per-build-session -Wnon-modular-include-in-framework-module -Werror\=non-modular-include-in-framework-module -Wno-trigraphs -Wno-missing-field-initializers -Wno-missing-prototypes -Wno-return-type -Wno-implicit-atomic-properties -Wno-objc-interface-ivars -Wno-arc-repeated-use-of-weak -Wno-missing-braces -Wparentheses -Wswitch -Wno-unused-function -Wno-unused-label -Wno-unused-parameter -Wno-unused-variable -Wunused-value -Wno-empty-body -Wno-uninitialized -Wno-unknown-pragmas -Wno-shadow -Wno-four-char-constants -Wno-conversion -Wno-constant-conversion -Wno-int-conversion -Wno-bool-conversion -Wno-enum-conversion -Wno-float-conversion -Wno-non-literal-null-conversion -Wno-objc-literal-conversion -Wshorten-64-to-32 -Wpointer-sign -Wno-newline-eof -Wno-selector -Wno-strict-selector-match -Wno-undeclared-selector -Wno-deprecated-implementations -Wno-implicit-fallthrough -isysroot /Applications/Xcode.app/Contents/Developer/Platforms/MacOSX.platform/Developer/SDKs/MacOSX27.0.sdk -fstrict-aliasing -Wprotocol -Wdeprecated-declarations -Wno-sign-conversion -Wno-infinite-recursion -Wno-comma -Wno-block-capture-autoreleasing -Wno-strict-prototypes -Wno-semicolon-before-method-body -index-store-path /Users/buddhirajgautam/Library/Developer/Xcode/DerivedData/Telegram-Mac-fygdgghdgmuleoelvxabfmqiotta/Index.noindex/DataStore @/Users/buddhirajgautam/Library/Developer/Xcode/DerivedData/Telegram-Mac-fygdgghdgmuleoelvxabfmqiotta/Build/Intermediates.noindex/MtProtoKit.build/Debug/MtProtoKit-t.build/Objects-normal/arm64/e6072d4f65d7061329687fe24e3d63a7-common-args.resp -MMD -MT dependencies -MF /Users/buddhirajgautam/Library/Developer/Xcode/DerivedData/Telegram-Mac-fygdgghdgmuleoelvxabfmqiotta/Build/Intermediates.noindex/MtProtoKit.build/Debug/MtProtoKit-t.build/Objects-normal/arm64/MTMsgContainerMessage.d --serialize-diagnostics /Users/buddhirajgautam/Library/Developer/Xcode/DerivedData/Telegram-Mac-fygdgghdgmuleoelvxabfmqiotta/Build/Intermediates.noindex/MtProtoKit.build/Debug/MtProtoKit-t.build/Objects-normal/arm64/MTMsgContainerMessage.dia -c /Users/buddhirajgautam/Documents/Cherrygram-Mac/macOS-Swift/submodules/telegram-ios/submodules/MtProtoKit/Sources/MTMsgContainerMessage.m -o /Users/buddhirajgautam/Library/Developer/Xcode/DerivedData/Telegram-Mac-fygdgghdgmuleoelvxabfmqiotta/Build/Intermediates.noindex/MtProtoKit.build/Debug/MtProtoKit-t.build/Objects-normal/arm64/MTMsgContainerMessage.o -index-unit-output-path /MtProtoKit.build/Debug/MtProtoKit-t.build/Objects-normal/arm64/MTMsgContainerMessage.o

CompileC /Users/buddhirajgautam/Library/Developer/Xcode/DerivedData/Telegram-Mac-fygdgghdgmuleoelvxabfmqiotta/Build/Intermediates.noindex/MtProtoKit.build/Debug/MtProtoKit-t.build/Objects-normal/arm64/MTMsgAllInfoMessage.o /Users/buddhirajgautam/Documents/Cherrygram-Mac/macOS-Swift/submodules/telegram-ios/submodules/MtProtoKit/Sources/MTMsgAllInfoMessage.m normal arm64 objective-c com.apple.compilers.llvm.clang.1_0.compiler (in target 'MtProtoKit' from project 'MtProtoKit')
    cd /Users/buddhirajgautam/Documents/Cherrygram-Mac/macOS-Swift
    
    Using response file: /Users/buddhirajgautam/Library/Developer/Xcode/DerivedData/Telegram-Mac-fygdgghdgmuleoelvxabfmqiotta/Build/Intermediates.noindex/MtProtoKit.build/Debug/MtProtoKit-t.build/Objects-normal/arm64/e6072d4f65d7061329687fe24e3d63a7-common-args.resp
    
    /Applications/Xcode.app/Contents/Developer/Toolchains/XcodeDefault.xctoolchain/usr/bin/clang -x objective-c -ivfsstatcache /Users/buddhirajgautam/Library/Developer/Xcode/DerivedData/SDKStatCaches.noindex/macosx27.0-26A425-e829b21a6f8c9b70876ba0858053c0447231f6df4def33e022ae2eb8f782df1a.sdkstatcache -target arm64-apple-macos12.0 -fmessage-length\=0 -fdiagnostics-show-note-include-stack -fmacro-backtrace-limit\=0 -fno-color-diagnostics -fmodules-prune-interval\=86400 -fmodules-prune-after\=345600 -fbuild-session-file\=/Users/buddhirajgautam/Library/Developer/Xcode/DerivedData/ModuleCache.noindex/Session.modulevalidation -fmodules-validate-once-per-build-session -Wnon-modular-include-in-framework-module -Werror\=non-modular-include-in-framework-module -Wno-trigraphs -Wno-missing-field-initializers -Wno-missing-prototypes -Wno-return-type -Wno-implicit-atomic-properties -Wno-objc-interface-ivars -Wno-arc-repeated-use-of-weak -Wno-missing-braces -Wparentheses -Wswitch -Wno-unused-function -Wno-unused-label -Wno-unused-parameter -Wno-unused-variable -Wunused-value -Wno-empty-body -Wno-uninitialized -Wno-unknown-pragmas -Wno-shadow -Wno-four-char-constants -Wno-conversion -Wno-constant-conversion -Wno-int-conversion -Wno-bool-conversion -Wno-enum-conversion -Wno-float-conversion -Wno-non-literal-null-conversion -Wno-objc-literal-conversion -Wshorten-64-to-32 -Wpointer-sign -Wno-newline-eof -Wno-selector -Wno-strict-selector-match -Wno-undeclared-selector -Wno-deprecated-implementations -Wno-implicit-fallthrough -isysroot /Applications/Xcode.app/Contents/Developer/Platforms/MacOSX.platform/Developer/SDKs/MacOSX27.0.sdk -fstrict-aliasing -Wprotocol -Wdeprecated-declarations -Wno-sign-conversion -Wno-infinite-recursion -Wno-comma -Wno-block-capture-autoreleasing -Wno-strict-prototypes -Wno-semicolon-before-method-body -index-store-path /Users/buddhirajgautam/Library/Developer/Xcode/DerivedData/Telegram-Mac-fygdgghdgmuleoelvxabfmqiotta/Index.noindex/DataStore @/Users/buddhirajgautam/Library/Developer/Xcode/DerivedData/Telegram-Mac-fygdgghdgmuleoelvxabfmqiotta/Build/Intermediates.noindex/MtProtoKit.build/Debug/MtProtoKit-t.build/Objects-normal/arm64/e6072d4f65d7061329687fe24e3d63a7-common-args.resp -MMD -MT dependencies -MF /Users/buddhirajgautam/Library/Developer/Xcode/DerivedData/Telegram-Mac-fygdgghdgmuleoelvxabfmqiotta/Build/Intermediates.noindex/MtProtoKit.build/Debug/MtProtoKit-t.build/Objects-normal/arm64/MTMsgAllInfoMessage.d --serialize-diagnostics /Users/buddhirajgautam/Library/Developer/Xcode/DerivedData/Telegram-Mac-fygdgghdgmuleoelvxabfmqiotta/Build/Intermediates.noindex/MtProtoKit.build/Debug/MtProtoKit-t.build/Objects-normal/arm64/MTMsgAllInfoMessage.dia -c /Users/buddhirajgautam/Documents/Cherrygram-Mac/macOS-Swift/submodules/telegram-ios/submodules/MtProtoKit/Sources/MTMsgAllInfoMessage.m -o /Users/buddhirajgautam/Library/Developer/Xcode/DerivedData/Telegram-Mac-fygdgghdgmuleoelvxabfmqiotta/Build/Intermediates.noindex/MtProtoKit.build/Debug/MtProtoKit-t.build/Objects-normal/arm64/MTMsgAllInfoMessage.o -index-unit-output-path /MtProtoKit.build/Debug/MtProtoKit-t.build/Objects-normal/arm64/MTMsgAllInfoMessage.o

CompileC /Users/buddhirajgautam/Library/Developer/Xcode/DerivedData/Telegram-Mac-fygdgghdgmuleoelvxabfmqiotta/Build/Intermediates.noindex/MtProtoKit.build/Debug/MtProtoKit-t.build/Objects-normal/arm64/MTMessageTransaction.o /Users/buddhirajgautam/Documents/Cherrygram-Mac/macOS-Swift/submodules/telegram-ios/submodules/MtProtoKit/Sources/MTMessageTransaction.m normal arm64 objective-c com.apple.compilers.llvm.clang.1_0.compiler (in target 'MtProtoKit' from project 'MtProtoKit')
    cd /Users/buddhirajgautam/Documents/Cherrygram-Mac/macOS-Swift
    
    Using response file: /Users/buddhirajgautam/Library/Developer/Xcode/DerivedData/Telegram-Mac-fygdgghdgmuleoelvxabfmqiotta/Build/Intermediates.noindex/MtProtoKit.build/Debug/MtProtoKit-t.build/Objects-normal/arm64/e6072d4f65d7061329687fe24e3d63a7-common-args.resp
    
    /Applications/Xcode.app/Contents/Developer/Toolchains/XcodeDefault.xctoolchain/usr/bin/clang -x objective-c -ivfsstatcache /Users/buddhirajgautam/Library/Developer/Xcode/DerivedData/SDKStatCaches.noindex/macosx27.0-26A425-e829b21a6f8c9b70876ba0858053c0447231f6df4def33e022ae2eb8f782df1a.sdkstatcache -target arm64-apple-macos12.0 -fmessage-length\=0 -fdiagnostics-show-note-include-stack -fmacro-backtrace-limit\=0 -fno-color-diagnostics -fmodules-prune-interval\=86400 -fmodules-prune-after\=345600 -fbuild-session-file\=/Users/buddhirajgautam/Library/Developer/Xcode/DerivedData/ModuleCache.noindex/Session.modulevalidation -fmodules-validate-once-per-build-session -Wnon-modular-include-in-framework-module -Werror\=non-modular-include-in-framework-module -Wno-trigraphs -Wno-missing-field-initializers -Wno-missing-prototypes -Wno-return-type -Wno-implicit-atomic-properties -Wno-objc-interface-ivars -Wno-arc-repeated-use-of-weak -Wno-missing-braces -Wparentheses -Wswitch -Wno-unused-function -Wno-unused-label -Wno-unused-parameter -Wno-unused-variable -Wunused-value -Wno-empty-body -Wno-uninitialized -Wno-unknown-pragmas -Wno-shadow -Wno-four-char-constants -Wno-conversion -Wno-constant-conversion -Wno-int-conversion -Wno-bool-conversion -Wno-enum-conversion -Wno-float-conversion -Wno-non-literal-null-conversion -Wno-objc-literal-conversion -Wshorten-64-to-32 -Wpointer-sign -Wno-newline-eof -Wno-selector -Wno-strict-selector-match -Wno-undeclared-selector -Wno-deprecated-implementations -Wno-implicit-fallthrough -isysroot /Applications/Xcode.app/Contents/Developer/Platforms/MacOSX.platform/Developer/SDKs/MacOSX27.0.sdk -fstrict-aliasing -Wprotocol -Wdeprecated-declarations -Wno-sign-conversion -Wno-infinite-recursion -Wno-comma -Wno-block-capture-autoreleasing -Wno-strict-prototypes -Wno-semicolon-before-method-body -index-store-path /Users/buddhirajgautam/Library/Developer/Xcode/DerivedData/Telegram-Mac-fygdgghdgmuleoelvxabfmqiotta/Index.noindex/DataStore @/Users/buddhirajgautam/Library/Developer/Xcode/DerivedData/Telegram-Mac-fygdgghdgmuleoelvxabfmqiotta/Build/Intermediates.noindex/MtProtoKit.build/Debug/MtProtoKit-t.build/Objects-normal/arm64/e6072d4f65d7061329687fe24e3d63a7-common-args.resp -MMD -MT dependencies -MF /Users/buddhirajgautam/Library/Developer/Xcode/DerivedData/Telegram-Mac-fygdgghdgmuleoelvxabfmqiotta/Build/Intermediates.noindex/MtProtoKit.build/Debug/MtProtoKit-t.build/Objects-normal/arm64/MTMessageTransaction.d --serialize-diagnostics /Users/buddhirajgautam/Library/Developer/Xcode/DerivedData/Telegram-Mac-fygdgghdgmuleoelvxabfmqiotta/Build/Intermediates.noindex/MtProtoKit.build/Debug/MtProtoKit-t.build/Objects-normal/arm64/MTMessageTransaction.dia -c /Users/buddhirajgautam/Documents/Cherrygram-Mac/macOS-Swift/submodules/telegram-ios/submodules/MtProtoKit/Sources/MTMessageTransaction.m -o /Users/buddhirajgautam/Library/Developer/Xcode/DerivedData/Telegram-Mac-fygdgghdgmuleoelvxabfmqiotta/Build/Intermediates.noindex/MtProtoKit.build/Debug/MtProtoKit-t.build/Objects-normal/arm64/MTMessageTransaction.o -index-unit-output-path /MtProtoKit.build/Debug/MtProtoKit-t.build/Objects-normal/arm64/MTMessageTransaction.o

CompileC /Users/buddhirajgautam/Library/Developer/Xcode/DerivedData/Telegram-Mac-fygdgghdgmuleoelvxabfmqiotta/Build/Intermediates.noindex/MtProtoKit.build/Debug/MtProtoKit-t.build/Objects-normal/arm64/MTMessageEncryptionKey.o /Users/buddhirajgautam/Documents/Cherrygram-Mac/macOS-Swift/submodules/telegram-ios/submodules/MtProtoKit/Sources/MTMessageEncryptionKey.m normal arm64 objective-c com.apple.compilers.llvm.clang.1_0.compiler (in target 'MtProtoKit' from project 'MtProtoKit')
    cd /Users/buddhirajgautam/Documents/Cherrygram-Mac/macOS-Swift
    
    Using response file: /Users/buddhirajgautam/Library/Developer/Xcode/DerivedData/Telegram-Mac-fygdgghdgmuleoelvxabfmqiotta/Build/Intermediates.noindex/MtProtoKit.build/Debug/MtProtoKit-t.build/Objects-normal/arm64/e6072d4f65d7061329687fe24e3d63a7-common-args.resp
    
    /Applications/Xcode.app/Contents/Developer/Toolchains/XcodeDefault.xctoolchain/usr/bin/clang -x objective-c -ivfsstatcache /Users/buddhirajgautam/Library/Developer/Xcode/DerivedData/SDKStatCaches.noindex/macosx27.0-26A425-e829b21a6f8c9b70876ba0858053c0447231f6df4def33e022ae2eb8f782df1a.sdkstatcache -target arm64-apple-macos12.0 -fmessage-length\=0 -fdiagnostics-show-note-include-stack -fmacro-backtrace-limit\=0 -fno-color-diagnostics -fmodules-prune-interval\=86400 -fmodules-prune-after\=345600 -fbuild-session-file\=/Users/buddhirajgautam/Library/Developer/Xcode/DerivedData/ModuleCache.noindex/Session.modulevalidation -fmodules-validate-once-per-build-session -Wnon-modular-include-in-framework-module -Werror\=non-modular-include-in-framework-module -Wno-trigraphs -Wno-missing-field-initializers -Wno-missing-prototypes -Wno-return-type -Wno-implicit-atomic-properties -Wno-objc-interface-ivars -Wno-arc-repeated-use-of-weak -Wno-missing-braces -Wparentheses -Wswitch -Wno-unused-function -Wno-unused-label -Wno-unused-parameter -Wno-unused-variable -Wunused-value -Wno-empty-body -Wno-uninitialized -Wno-unknown-pragmas -Wno-shadow -Wno-four-char-constants -Wno-conversion -Wno-constant-conversion -Wno-int-conversion -Wno-bool-conversion -Wno-enum-conversion -Wno-float-conversion -Wno-non-literal-null-conversion -Wno-objc-literal-conversion -Wshorten-64-to-32 -Wpointer-sign -Wno-newline-eof -Wno-selector -Wno-strict-selector-match -Wno-undeclared-selector -Wno-deprecated-implementations -Wno-implicit-fallthrough -isysroot /Applications/Xcode.app/Contents/Developer/Platforms/MacOSX.platform/Developer/SDKs/MacOSX27.0.sdk -fstrict-aliasing -Wprotocol -Wdeprecated-declarations -Wno-sign-conversion -Wno-infinite-recursion -Wno-comma -Wno-block-capture-autoreleasing -Wno-strict-prototypes -Wno-semicolon-before-method-body -index-store-path /Users/buddhirajgautam/Library/Developer/Xcode/DerivedData/Telegram-Mac-fygdgghdgmuleoelvxabfmqiotta/Index.noindex/DataStore @/Users/buddhirajgautam/Library/Developer/Xcode/DerivedData/Telegram-Mac-fygdgghdgmuleoelvxabfmqiotta/Build/Intermediates.noindex/MtProtoKit.build/Debug/MtProtoKit-t.build/Objects-normal/arm64/e6072d4f65d7061329687fe24e3d63a7-common-args.resp -MMD -MT dependencies -MF /Users/buddhirajgautam/Library/Developer/Xcode/DerivedData/Telegram-Mac-fygdgghdgmuleoelvxabfmqiotta/Build/Intermediates.noindex/MtProtoKit.build/Debug/MtProtoKit-t.build/Objects-normal/arm64/MTMessageEncryptionKey.d --serialize-diagnostics /Users/buddhirajgautam/Library/Developer/Xcode/DerivedData/Telegram-Mac-fygdgghdgmuleoelvxabfmqiotta/Build/Intermediates.noindex/MtProtoKit.build/Debug/MtProtoKit-t.build/Objects-normal/arm64/MTMessageEncryptionKey.dia -c /Users/buddhirajgautam/Documents/Cherrygram-Mac/macOS-Swift/submodules/telegram-ios/submodules/MtProtoKit/Sources/MTMessageEncryptionKey.m -o /Users/buddhirajgautam/Library/Developer/Xcode/DerivedData/Telegram-Mac-fygdgghdgmuleoelvxabfmqiotta/Build/Intermediates.noindex/MtProtoKit.build/Debug/MtProtoKit-t.build/Objects-normal/arm64/MTMessageEncryptionKey.o -index-unit-output-path /MtProtoKit.build/Debug/MtProtoKit-t.build/Objects-normal/arm64/MTMessageEncryptionKey.o

CompileC /Users/buddhirajgautam/Library/Developer/Xcode/DerivedData/Telegram-Mac-fygdgghdgmuleoelvxabfmqiotta/Build/Intermediates.noindex/MtProtoKit.build/Debug/MtProtoKit-t.build/Objects-normal/arm64/MTMessage.o /Users/buddhirajgautam/Documents/Cherrygram-Mac/macOS-Swift/submodules/telegram-ios/submodules/MtProtoKit/Sources/MTMessage.m normal arm64 objective-c com.apple.compilers.llvm.clang.1_0.compiler (in target 'MtProtoKit' from project 'MtProtoKit')
    cd /Users/buddhirajgautam/Documents/Cherrygram-Mac/macOS-Swift
    
    Using response file: /Users/buddhirajgautam/Library/Developer/Xcode/DerivedData/Telegram-Mac-fygdgghdgmuleoelvxabfmqiotta/Build/Intermediates.noindex/MtProtoKit.build/Debug/MtProtoKit-t.build/Objects-normal/arm64/e6072d4f65d7061329687fe24e3d63a7-common-args.resp
    
    /Applications/Xcode.app/Contents/Developer/Toolchains/XcodeDefault.xctoolchain/usr/bin/clang -x objective-c -ivfsstatcache /Users/buddhirajgautam/Library/Developer/Xcode/DerivedData/SDKStatCaches.noindex/macosx27.0-26A425-e829b21a6f8c9b70876ba0858053c0447231f6df4def33e022ae2eb8f782df1a.sdkstatcache -target arm64-apple-macos12.0 -fmessage-length\=0 -fdiagnostics-show-note-include-stack -fmacro-backtrace-limit\=0 -fno-color-diagnostics -fmodules-prune-interval\=86400 -fmodules-prune-after\=345600 -fbuild-session-file\=/Users/buddhirajgautam/Library/Developer/Xcode/DerivedData/ModuleCache.noindex/Session.modulevalidation -fmodules-validate-once-per-build-session -Wnon-modular-include-in-framework-module -Werror\=non-modular-include-in-framework-module -Wno-trigraphs -Wno-missing-field-initializers -Wno-missing-prototypes -Wno-return-type -Wno-implicit-atomic-properties -Wno-objc-interface-ivars -Wno-arc-repeated-use-of-weak -Wno-missing-braces -Wparentheses -Wswitch -Wno-unused-function -Wno-unused-label -Wno-unused-parameter -Wno-unused-variable -Wunused-value -Wno-empty-body -Wno-uninitialized -Wno-unknown-pragmas -Wno-shadow -Wno-four-char-constants -Wno-conversion -Wno-constant-conversion -Wno-int-conversion -Wno-bool-conversion -Wno-enum-conversion -Wno-float-conversion -Wno-non-literal-null-conversion -Wno-objc-literal-conversion -Wshorten-64-to-32 -Wpointer-sign -Wno-newline-eof -Wno-selector -Wno-strict-selector-match -Wno-undeclared-selector -Wno-deprecated-implementations -Wno-implicit-fallthrough -isysroot /Applications/Xcode.app/Contents/Developer/Platforms/MacOSX.platform/Developer/SDKs/MacOSX27.0.sdk -fstrict-aliasing -Wprotocol -Wdeprecated-declarations -Wno-sign-conversion -Wno-infinite-recursion -Wno-comma -Wno-block-capture-autoreleasing -Wno-strict-prototypes -Wno-semicolon-before-method-body -index-store-path /Users/buddhirajgautam/Library/Developer/Xcode/DerivedData/Telegram-Mac-fygdgghdgmuleoelvxabfmqiotta/Index.noindex/DataStore @/Users/buddhirajgautam/Library/Developer/Xcode/DerivedData/Telegram-Mac-fygdgghdgmuleoelvxabfmqiotta/Build/Intermediates.noindex/MtProtoKit.build/Debug/MtProtoKit-t.build/Objects-normal/arm64/e6072d4f65d7061329687fe24e3d63a7-common-args.resp -MMD -MT dependencies -MF /Users/buddhirajgautam/Library/Developer/Xcode/DerivedData/Telegram-Mac-fygdgghdgmuleoelvxabfmqiotta/Build/Intermediates.noindex/MtProtoKit.build/Debug/MtProtoKit-t.build/Objects-normal/arm64/MTMessage.d --serialize-diagnostics /Users/buddhirajgautam/Library/Developer/Xcode/DerivedData/Telegram-Mac-fygdgghdgmuleoelvxabfmqiotta/Build/Intermediates.noindex/MtProtoKit.build/Debug/MtProtoKit-t.build/Objects-normal/arm64/MTMessage.dia -c /Users/buddhirajgautam/Documents/Cherrygram-Mac/macOS-Swift/submodules/telegram-ios/submodules/MtProtoKit/Sources/MTMessage.m -o /Users/buddhirajgautam/Library/Developer/Xcode/DerivedData/Telegram-Mac-fygdgghdgmuleoelvxabfmqiotta/Build/Intermediates.noindex/MtProtoKit.build/Debug/MtProtoKit-t.build/Objects-normal/arm64/MTMessage.o -index-unit-output-path /MtProtoKit.build/Debug/MtProtoKit-t.build/Objects-normal/arm64/MTMessage.o

CompileC /Users/buddhirajgautam/Library/Developer/Xcode/DerivedData/Telegram-Mac-fygdgghdgmuleoelvxabfmqiotta/Build/Intermediates.noindex/MtProtoKit.build/Debug/MtProtoKit-t.build/Objects-normal/arm64/MTLogging.o /Users/buddhirajgautam/Documents/Cherrygram-Mac/macOS-Swift/submodules/telegram-ios/submodules/MtProtoKit/Sources/MTLogging.m normal arm64 objective-c com.apple.compilers.llvm.clang.1_0.compiler (in target 'MtProtoKit' from project 'MtProtoKit')
    cd /Users/buddhirajgautam/Documents/Cherrygram-Mac/macOS-Swift
    
    Using response file: /Users/buddhirajgautam/Library/Developer/Xcode/DerivedData/Telegram-Mac-fygdgghdgmuleoelvxabfmqiotta/Build/Intermediates.noindex/MtProtoKit.build/Debug/MtProtoKit-t.build/Objects-normal/arm64/e6072d4f65d7061329687fe24e3d63a7-common-args.resp
    
    /Applications/Xcode.app/Contents/Developer/Toolchains/XcodeDefault.xctoolchain/usr/bin/clang -x objective-c -ivfsstatcache /Users/buddhirajgautam/Library/Developer/Xcode/DerivedData/SDKStatCaches.noindex/macosx27.0-26A425-e829b21a6f8c9b70876ba0858053c0447231f6df4def33e022ae2eb8f782df1a.sdkstatcache -target arm64-apple-macos12.0 -fmessage-length\=0 -fdiagnostics-show-note-include-stack -fmacro-backtrace-limit\=0 -fno-color-diagnostics -fmodules-prune-interval\=86400 -fmodules-prune-after\=345600 -fbuild-session-file\=/Users/buddhirajgautam/Library/Developer/Xcode/DerivedData/ModuleCache.noindex/Session.modulevalidation -fmodules-validate-once-per-build-session -Wnon-modular-include-in-framework-module -Werror\=non-modular-include-in-framework-module -Wno-trigraphs -Wno-missing-field-initializers -Wno-missing-prototypes -Wno-return-type -Wno-implicit-atomic-properties -Wno-objc-interface-ivars -Wno-arc-repeated-use-of-weak -Wno-missing-braces -Wparentheses -Wswitch -Wno-unused-function -Wno-unused-label -Wno-unused-parameter -Wno-unused-variable -Wunused-value -Wno-empty-body -Wno-uninitialized -Wno-unknown-pragmas -Wno-shadow -Wno-four-char-constants -Wno-conversion -Wno-constant-conversion -Wno-int-conversion -Wno-bool-conversion -Wno-enum-conversion -Wno-float-conversion -Wno-non-literal-null-conversion -Wno-objc-literal-conversion -Wshorten-64-to-32 -Wpointer-sign -Wno-newline-eof -Wno-selector -Wno-strict-selector-match -Wno-undeclared-selector -Wno-deprecated-implementations -Wno-implicit-fallthrough -isysroot /Applications/Xcode.app/Contents/Developer/Platforms/MacOSX.platform/Developer/SDKs/MacOSX27.0.sdk -fstrict-aliasing -Wprotocol -Wdeprecated-declarations -Wno-sign-conversion -Wno-infinite-recursion -Wno-comma -Wno-block-capture-autoreleasing -Wno-strict-prototypes -Wno-semicolon-before-method-body -index-store-path /Users/buddhirajgautam/Library/Developer/Xcode/DerivedData/Telegram-Mac-fygdgghdgmuleoelvxabfmqiotta/Index.noindex/DataStore @/Users/buddhirajgautam/Library/Developer/Xcode/DerivedData/Telegram-Mac-fygdgghdgmuleoelvxabfmqiotta/Build/Intermediates.noindex/MtProtoKit.build/Debug/MtProtoKit-t.build/Objects-normal/arm64/e6072d4f65d7061329687fe24e3d63a7-common-args.resp -MMD -MT dependencies -MF /Users/buddhirajgautam/Library/Developer/Xcode/DerivedData/Telegram-Mac-fygdgghdgmuleoelvxabfmqiotta/Build/Intermediates.noindex/MtProtoKit.build/Debug/MtProtoKit-t.build/Objects-normal/arm64/MTLogging.d --serialize-diagnostics /Users/buddhirajgautam/Library/Developer/Xcode/DerivedData/Telegram-Mac-fygdgghdgmuleoelvxabfmqiotta/Build/Intermediates.noindex/MtProtoKit.build/Debug/MtProtoKit-t.build/Objects-normal/arm64/MTLogging.dia -c /Users/buddhirajgautam/Documents/Cherrygram-Mac/macOS-Swift/submodules/telegram-ios/submodules/MtProtoKit/Sources/MTLogging.m -o /Users/buddhirajgautam/Library/Developer/Xcode/DerivedData/Telegram-Mac-fygdgghdgmuleoelvxabfmqiotta/Build/Intermediates.noindex/MtProtoKit.build/Debug/MtProtoKit-t.build/Objects-normal/arm64/MTLogging.o -index-unit-output-path /MtProtoKit.build/Debug/MtProtoKit-t.build/Objects-normal/arm64/MTLogging.o

CompileC /Users/buddhirajgautam/Library/Developer/Xcode/DerivedData/Telegram-Mac-fygdgghdgmuleoelvxabfmqiotta/Build/Intermediates.noindex/MtProtoKit.build/Debug/MtProtoKit-t.build/Objects-normal/arm64/MTKeychain.o /Users/buddhirajgautam/Documents/Cherrygram-Mac/macOS-Swift/submodules/telegram-ios/submodules/MtProtoKit/Sources/MTKeychain.m normal arm64 objective-c com.apple.compilers.llvm.clang.1_0.compiler (in target 'MtProtoKit' from project 'MtProtoKit')
    cd /Users/buddhirajgautam/Documents/Cherrygram-Mac/macOS-Swift
    
    Using response file: /Users/buddhirajgautam/Library/Developer/Xcode/DerivedData/Telegram-Mac-fygdgghdgmuleoelvxabfmqiotta/Build/Intermediates.noindex/MtProtoKit.build/Debug/MtProtoKit-t.build/Objects-normal/arm64/e6072d4f65d7061329687fe24e3d63a7-common-args.resp
    
    /Applications/Xcode.app/Contents/Developer/Toolchains/XcodeDefault.xctoolchain/usr/bin/clang -x objective-c -ivfsstatcache /Users/buddhirajgautam/Library/Developer/Xcode/DerivedData/SDKStatCaches.noindex/macosx27.0-26A425-e829b21a6f8c9b70876ba0858053c0447231f6df4def33e022ae2eb8f782df1a.sdkstatcache -target arm64-apple-macos12.0 -fmessage-length\=0 -fdiagnostics-show-note-include-stack -fmacro-backtrace-limit\=0 -fno-color-diagnostics -fmodules-prune-interval\=86400 -fmodules-prune-after\=345600 -fbuild-session-file\=/Users/buddhirajgautam/Library/Developer/Xcode/DerivedData/ModuleCache.noindex/Session.modulevalidation -fmodules-validate-once-per-build-session -Wnon-modular-include-in-framework-module -Werror\=non-modular-include-in-framework-module -Wno-trigraphs -Wno-missing-field-initializers -Wno-missing-prototypes -Wno-return-type -Wno-implicit-atomic-properties -Wno-objc-interface-ivars -Wno-arc-repeated-use-of-weak -Wno-missing-braces -Wparentheses -Wswitch -Wno-unused-function -Wno-unused-label -Wno-unused-parameter -Wno-unused-variable -Wunused-value -Wno-empty-body -Wno-uninitialized -Wno-unknown-pragmas -Wno-shadow -Wno-four-char-constants -Wno-conversion -Wno-constant-conversion -Wno-int-conversion -Wno-bool-conversion -Wno-enum-conversion -Wno-float-conversion -Wno-non-literal-null-conversion -Wno-objc-literal-conversion -Wshorten-64-to-32 -Wpointer-sign -Wno-newline-eof -Wno-selector -Wno-strict-selector-match -Wno-undeclared-selector -Wno-deprecated-implementations -Wno-implicit-fallthrough -isysroot /Applications/Xcode.app/Contents/Developer/Platforms/MacOSX.platform/Developer/SDKs/MacOSX27.0.sdk -fstrict-aliasing -Wprotocol -Wdeprecated-declarations -Wno-sign-conversion -Wno-infinite-recursion -Wno-comma -Wno-block-capture-autoreleasing -Wno-strict-prototypes -Wno-semicolon-before-method-body -index-store-path /Users/buddhirajgautam/Library/Developer/Xcode/DerivedData/Telegram-Mac-fygdgghdgmuleoelvxabfmqiotta/Index.noindex/DataStore @/Users/buddhirajgautam/Library/Developer/Xcode/DerivedData/Telegram-Mac-fygdgghdgmuleoelvxabfmqiotta/Build/Intermediates.noindex/MtProtoKit.build/Debug/MtProtoKit-t.build/Objects-normal/arm64/e6072d4f65d7061329687fe24e3d63a7-common-args.resp -MMD -MT dependencies -MF /Users/buddhirajgautam/Library/Developer/Xcode/DerivedData/Telegram-Mac-fygdgghdgmuleoelvxabfmqiotta/Build/Intermediates.noindex/MtProtoKit.build/Debug/MtProtoKit-t.build/Objects-normal/arm64/MTKeychain.d --serialize-diagnostics /Users/buddhirajgautam/Library/Developer/Xcode/DerivedData/Telegram-Mac-fygdgghdgmuleoelvxabfmqiotta/Build/Intermediates.noindex/MtProtoKit.build/Debug/MtProtoKit-t.build/Objects-normal/arm64/MTKeychain.dia -c /Users/buddhirajgautam/Documents/Cherrygram-Mac/macOS-Swift/submodules/telegram-ios/submodules/MtProtoKit/Sources/MTKeychain.m -o /Users/buddhirajgautam/Library/Developer/Xcode/DerivedData/Telegram-Mac-fygdgghdgmuleoelvxabfmqiotta/Build/Intermediates.noindex/MtProtoKit.build/Debug/MtProtoKit-t.build/Objects-normal/arm64/MTKeychain.o -index-unit-output-path /MtProtoKit.build/Debug/MtProtoKit-t.build/Objects-normal/arm64/MTKeychain.o

CompileC /Users/buddhirajgautam/Library/Developer/Xcode/DerivedData/Telegram-Mac-fygdgghdgmuleoelvxabfmqiotta/Build/Intermediates.noindex/MtProtoKit.build/Debug/MtProtoKit-t.build/Objects-normal/arm64/MTInputStream.o /Users/buddhirajgautam/Documents/Cherrygram-Mac/macOS-Swift/submodules/telegram-ios/submodules/MtProtoKit/Sources/MTInputStream.m normal arm64 objective-c com.apple.compilers.llvm.clang.1_0.compiler (in target 'MtProtoKit' from project 'MtProtoKit')
    cd /Users/buddhirajgautam/Documents/Cherrygram-Mac/macOS-Swift
    
    Using response file: /Users/buddhirajgautam/Library/Developer/Xcode/DerivedData/Telegram-Mac-fygdgghdgmuleoelvxabfmqiotta/Build/Intermediates.noindex/MtProtoKit.build/Debug/MtProtoKit-t.build/Objects-normal/arm64/e6072d4f65d7061329687fe24e3d63a7-common-args.resp
    
    /Applications/Xcode.app/Contents/Developer/Toolchains/XcodeDefault.xctoolchain/usr/bin/clang -x objective-c -ivfsstatcache /Users/buddhirajgautam/Library/Developer/Xcode/DerivedData/SDKStatCaches.noindex/macosx27.0-26A425-e829b21a6f8c9b70876ba0858053c0447231f6df4def33e022ae2eb8f782df1a.sdkstatcache -target arm64-apple-macos12.0 -fmessage-length\=0 -fdiagnostics-show-note-include-stack -fmacro-backtrace-limit\=0 -fno-color-diagnostics -fmodules-prune-interval\=86400 -fmodules-prune-after\=345600 -fbuild-session-file\=/Users/buddhirajgautam/Library/Developer/Xcode/DerivedData/ModuleCache.noindex/Session.modulevalidation -fmodules-validate-once-per-build-session -Wnon-modular-include-in-framework-module -Werror\=non-modular-include-in-framework-module -Wno-trigraphs -Wno-missing-field-initializers -Wno-missing-prototypes -Wno-return-type -Wno-implicit-atomic-properties -Wno-objc-interface-ivars -Wno-arc-repeated-use-of-weak -Wno-missing-braces -Wparentheses -Wswitch -Wno-unused-function -Wno-unused-label -Wno-unused-parameter -Wno-unused-variable -Wunused-value -Wno-empty-body -Wno-uninitialized -Wno-unknown-pragmas -Wno-shadow -Wno-four-char-constants -Wno-conversion -Wno-constant-conversion -Wno-int-conversion -Wno-bool-conversion -Wno-enum-conversion -Wno-float-conversion -Wno-non-literal-null-conversion -Wno-objc-literal-conversion -Wshorten-64-to-32 -Wpointer-sign -Wno-newline-eof -Wno-selector -Wno-strict-selector-match -Wno-undeclared-selector -Wno-deprecated-implementations -Wno-implicit-fallthrough -isysroot /Applications/Xcode.app/Contents/Developer/Platforms/MacOSX.platform/Developer/SDKs/MacOSX27.0.sdk -fstrict-aliasing -Wprotocol -Wdeprecated-declarations -Wno-sign-conversion -Wno-infinite-recursion -Wno-comma -Wno-block-capture-autoreleasing -Wno-strict-prototypes -Wno-semicolon-before-method-body -index-store-path /Users/buddhirajgautam/Library/Developer/Xcode/DerivedData/Telegram-Mac-fygdgghdgmuleoelvxabfmqiotta/Index.noindex/DataStore @/Users/buddhirajgautam/Library/Developer/Xcode/DerivedData/Telegram-Mac-fygdgghdgmuleoelvxabfmqiotta/Build/Intermediates.noindex/MtProtoKit.build/Debug/MtProtoKit-t.build/Objects-normal/arm64/e6072d4f65d7061329687fe24e3d63a7-common-args.resp -MMD -MT dependencies -MF /Users/buddhirajgautam/Library/Developer/Xcode/DerivedData/Telegram-Mac-fygdgghdgmuleoelvxabfmqiotta/Build/Intermediates.noindex/MtProtoKit.build/Debug/MtProtoKit-t.build/Objects-normal/arm64/MTInputStream.d --serialize-diagnostics /Users/buddhirajgautam/Library/Developer/Xcode/DerivedData/Telegram-Mac-fygdgghdgmuleoelvxabfmqiotta/Build/Intermediates.noindex/MtProtoKit.build/Debug/MtProtoKit-t.build/Objects-normal/arm64/MTInputStream.dia -c /Users/buddhirajgautam/Documents/Cherrygram-Mac/macOS-Swift/submodules/telegram-ios/submodules/MtProtoKit/Sources/MTInputStream.m -o /Users/buddhirajgautam/Library/Developer/Xcode/DerivedData/Telegram-Mac-fygdgghdgmuleoelvxabfmqiotta/Build/Intermediates.noindex/MtProtoKit.build/Debug/MtProtoKit-t.build/Objects-normal/arm64/MTInputStream.o -index-unit-output-path /MtProtoKit.build/Debug/MtProtoKit-t.build/Objects-normal/arm64/MTInputStream.o

CompileC /Users/buddhirajgautam/Library/Developer/Xcode/DerivedData/Telegram-Mac-fygdgghdgmuleoelvxabfmqiotta/Build/Intermediates.noindex/MtProtoKit.build/Debug/MtProtoKit-t.build/Objects-normal/arm64/MTIncomingMessage.o /Users/buddhirajgautam/Documents/Cherrygram-Mac/macOS-Swift/submodules/telegram-ios/submodules/MtProtoKit/Sources/MTIncomingMessage.m normal arm64 objective-c com.apple.compilers.llvm.clang.1_0.compiler (in target 'MtProtoKit' from project 'MtProtoKit')
    cd /Users/buddhirajgautam/Documents/Cherrygram-Mac/macOS-Swift
    
    Using response file: /Users/buddhirajgautam/Library/Developer/Xcode/DerivedData/Telegram-Mac-fygdgghdgmuleoelvxabfmqiotta/Build/Intermediates.noindex/MtProtoKit.build/Debug/MtProtoKit-t.build/Objects-normal/arm64/e6072d4f65d7061329687fe24e3d63a7-common-args.resp
    
    /Applications/Xcode.app/Contents/Developer/Toolchains/XcodeDefault.xctoolchain/usr/bin/clang -x objective-c -ivfsstatcache /Users/buddhirajgautam/Library/Developer/Xcode/DerivedData/SDKStatCaches.noindex/macosx27.0-26A425-e829b21a6f8c9b70876ba0858053c0447231f6df4def33e022ae2eb8f782df1a.sdkstatcache -target arm64-apple-macos12.0 -fmessage-length\=0 -fdiagnostics-show-note-include-stack -fmacro-backtrace-limit\=0 -fno-color-diagnostics -fmodules-prune-interval\=86400 -fmodules-prune-after\=345600 -fbuild-session-file\=/Users/buddhirajgautam/Library/Developer/Xcode/DerivedData/ModuleCache.noindex/Session.modulevalidation -fmodules-validate-once-per-build-session -Wnon-modular-include-in-framework-module -Werror\=non-modular-include-in-framework-module -Wno-trigraphs -Wno-missing-field-initializers -Wno-missing-prototypes -Wno-return-type -Wno-implicit-atomic-properties -Wno-objc-interface-ivars -Wno-arc-repeated-use-of-weak -Wno-missing-braces -Wparentheses -Wswitch -Wno-unused-function -Wno-unused-label -Wno-unused-parameter -Wno-unused-variable -Wunused-value -Wno-empty-body -Wno-uninitialized -Wno-unknown-pragmas -Wno-shadow -Wno-four-char-constants -Wno-conversion -Wno-constant-conversion -Wno-int-conversion -Wno-bool-conversion -Wno-enum-conversion -Wno-float-conversion -Wno-non-literal-null-conversion -Wno-objc-literal-conversion -Wshorten-64-to-32 -Wpointer-sign -Wno-newline-eof -Wno-selector -Wno-strict-selector-match -Wno-undeclared-selector -Wno-deprecated-implementations -Wno-implicit-fallthrough -isysroot /Applications/Xcode.app/Contents/Developer/Platforms/MacOSX.platform/Developer/SDKs/MacOSX27.0.sdk -fstrict-aliasing -Wprotocol -Wdeprecated-declarations -Wno-sign-conversion -Wno-infinite-recursion -Wno-comma -Wno-block-capture-autoreleasing -Wno-strict-prototypes -Wno-semicolon-before-method-body -index-store-path /Users/buddhirajgautam/Library/Developer/Xcode/DerivedData/Telegram-Mac-fygdgghdgmuleoelvxabfmqiotta/Index.noindex/DataStore @/Users/buddhirajgautam/Library/Developer/Xcode/DerivedData/Telegram-Mac-fygdgghdgmuleoelvxabfmqiotta/Build/Intermediates.noindex/MtProtoKit.build/Debug/MtProtoKit-t.build/Objects-normal/arm64/e6072d4f65d7061329687fe24e3d63a7-common-args.resp -MMD -MT dependencies -MF /Users/buddhirajgautam/Library/Developer/Xcode/DerivedData/Telegram-Mac-fygdgghdgmuleoelvxabfmqiotta/Build/Intermediates.noindex/MtProtoKit.build/Debug/MtProtoKit-t.build/Objects-normal/arm64/MTIncomingMessage.d --serialize-diagnostics /Users/buddhirajgautam/Library/Developer/Xcode/DerivedData/Telegram-Mac-fygdgghdgmuleoelvxabfmqiotta/Build/Intermediates.noindex/MtProtoKit.build/Debug/MtProtoKit-t.build/Objects-normal/arm64/MTIncomingMessage.dia -c /Users/buddhirajgautam/Documents/Cherrygram-Mac/macOS-Swift/submodules/telegram-ios/submodules/MtProtoKit/Sources/MTIncomingMessage.m -o /Users/buddhirajgautam/Library/Developer/Xcode/DerivedData/Telegram-Mac-fygdgghdgmuleoelvxabfmqiotta/Build/Intermediates.noindex/MtProtoKit.build/Debug/MtProtoKit-t.build/Objects-normal/arm64/MTIncomingMessage.o -index-unit-output-path /MtProtoKit.build/Debug/MtProtoKit-t.build/Objects-normal/arm64/MTIncomingMessage.o

CompileC /Users/buddhirajgautam/Library/Developer/Xcode/DerivedData/Telegram-Mac-fygdgghdgmuleoelvxabfmqiotta/Build/Intermediates.noindex/MtProtoKit.build/Debug/MtProtoKit-t.build/Objects-normal/arm64/MTHttpRequestOperation.o /Users/buddhirajgautam/Documents/Cherrygram-Mac/macOS-Swift/submodules/telegram-ios/submodules/MtProtoKit/Sources/MTHttpRequestOperation.m normal arm64 objective-c com.apple.compilers.llvm.clang.1_0.compiler (in target 'MtProtoKit' from project 'MtProtoKit')
    cd /Users/buddhirajgautam/Documents/Cherrygram-Mac/macOS-Swift
    
    Using response file: /Users/buddhirajgautam/Library/Developer/Xcode/DerivedData/Telegram-Mac-fygdgghdgmuleoelvxabfmqiotta/Build/Intermediates.noindex/MtProtoKit.build/Debug/MtProtoKit-t.build/Objects-normal/arm64/e6072d4f65d7061329687fe24e3d63a7-common-args.resp
    
    /Applications/Xcode.app/Contents/Developer/Toolchains/XcodeDefault.xctoolchain/usr/bin/clang -x objective-c -ivfsstatcache /Users/buddhirajgautam/Library/Developer/Xcode/DerivedData/SDKStatCaches.noindex/macosx27.0-26A425-e829b21a6f8c9b70876ba0858053c0447231f6df4def33e022ae2eb8f782df1a.sdkstatcache -target arm64-apple-macos12.0 -fmessage-length\=0 -fdiagnostics-show-note-include-stack -fmacro-backtrace-limit\=0 -fno-color-diagnostics -fmodules-prune-interval\=86400 -fmodules-prune-after\=345600 -fbuild-session-file\=/Users/buddhirajgautam/Library/Developer/Xcode/DerivedData/ModuleCache.noindex/Session.modulevalidation -fmodules-validate-once-per-build-session -Wnon-modular-include-in-framework-module -Werror\=non-modular-include-in-framework-module -Wno-trigraphs -Wno-missing-field-initializers -Wno-missing-prototypes -Wno-return-type -Wno-implicit-atomic-properties -Wno-objc-interface-ivars -Wno-arc-repeated-use-of-weak -Wno-missing-braces -Wparentheses -Wswitch -Wno-unused-function -Wno-unused-label -Wno-unused-parameter -Wno-unused-variable -Wunused-value -Wno-empty-body -Wno-uninitialized -Wno-unknown-pragmas -Wno-shadow -Wno-four-char-constants -Wno-conversion -Wno-constant-conversion -Wno-int-conversion -Wno-bool-conversion -Wno-enum-conversion -Wno-float-conversion -Wno-non-literal-null-conversion -Wno-objc-literal-conversion -Wshorten-64-to-32 -Wpointer-sign -Wno-newline-eof -Wno-selector -Wno-strict-selector-match -Wno-undeclared-selector -Wno-deprecated-implementations -Wno-implicit-fallthrough -isysroot /Applications/Xcode.app/Contents/Developer/Platforms/MacOSX.platform/Developer/SDKs/MacOSX27.0.sdk -fstrict-aliasing -Wprotocol -Wdeprecated-declarations -Wno-sign-conversion -Wno-infinite-recursion -Wno-comma -Wno-block-capture-autoreleasing -Wno-strict-prototypes -Wno-semicolon-before-method-body -index-store-path /Users/buddhirajgautam/Library/Developer/Xcode/DerivedData/Telegram-Mac-fygdgghdgmuleoelvxabfmqiotta/Index.noindex/DataStore @/Users/buddhirajgautam/Library/Developer/Xcode/DerivedData/Telegram-Mac-fygdgghdgmuleoelvxabfmqiotta/Build/Intermediates.noindex/MtProtoKit.build/Debug/MtProtoKit-t.build/Objects-normal/arm64/e6072d4f65d7061329687fe24e3d63a7-common-args.resp -MMD -MT dependencies -MF /Users/buddhirajgautam/Library/Developer/Xcode/DerivedData/Telegram-Mac-fygdgghdgmuleoelvxabfmqiotta/Build/Intermediates.noindex/MtProtoKit.build/Debug/MtProtoKit-t.build/Objects-normal/arm64/MTHttpRequestOperation.d --serialize-diagnostics /Users/buddhirajgautam/Library/Developer/Xcode/DerivedData/Telegram-Mac-fygdgghdgmuleoelvxabfmqiotta/Build/Intermediates.noindex/MtProtoKit.build/Debug/MtProtoKit-t.build/Objects-normal/arm64/MTHttpRequestOperation.dia -c /Users/buddhirajgautam/Documents/Cherrygram-Mac/macOS-Swift/submodules/telegram-ios/submodules/MtProtoKit/Sources/MTHttpRequestOperation.m -o /Users/buddhirajgautam/Library/Developer/Xcode/DerivedData/Telegram-Mac-fygdgghdgmuleoelvxabfmqiotta/Build/Intermediates.noindex/MtProtoKit.build/Debug/MtProtoKit-t.build/Objects-normal/arm64/MTHttpRequestOperation.o -index-unit-output-path /MtProtoKit.build/Debug/MtProtoKit-t.build/Objects-normal/arm64/MTHttpRequestOperation.o

PrecompileModule /Users/buddhirajgautam/Library/Developer/Xcode/DerivedData/Telegram-Mac-fygdgghdgmuleoelvxabfmqiotta/Build/Intermediates.noindex/ExplicitPrecompiledModules/zlib-F5KPJCXN2H136UXPEEGAXXVJ0.scan
    cd /
    builtin-precompileModule /Users/buddhirajgautam/Library/Developer/Xcode/DerivedData/Telegram-Mac-fygdgghdgmuleoelvxabfmqiotta/Build/Intermediates.noindex/ExplicitPrecompiledModules/zlib-F5KPJCXN2H136UXPEEGAXXVJ0.scan

ScanDependencies /Users/buddhirajgautam/Library/Developer/Xcode/DerivedData/Telegram-Mac-fygdgghdgmuleoelvxabfmqiotta/Build/Intermediates.noindex/MtProtoKit.build/Debug/MtProtoKit-t.build/Objects-normal/arm64/MTGzip.o /Users/buddhirajgautam/Documents/Cherrygram-Mac/macOS-Swift/submodules/telegram-ios/submodules/MtProtoKit/Sources/MTGzip.m normal arm64 objective-c com.apple.compilers.llvm.clang.1_0.compiler (in target 'MtProtoKit' from project 'MtProtoKit')
    cd /Users/buddhirajgautam/Documents/Cherrygram-Mac/macOS-Swift
    
    Using response file: /Users/buddhirajgautam/Library/Developer/Xcode/DerivedData/Telegram-Mac-fygdgghdgmuleoelvxabfmqiotta/Build/Intermediates.noindex/MtProtoKit.build/Debug/MtProtoKit-t.build/Objects-normal/arm64/e6072d4f65d7061329687fe24e3d63a7-common-args.resp
    
    builtin-ScanDependencies -o /Users/buddhirajgautam/Library/Developer/Xcode/DerivedData/Telegram-Mac-fygdgghdgmuleoelvxabfmqiotta/Build/Intermediates.noindex/MtProtoKit.build/Debug/MtProtoKit-t.build/Objects-normal/arm64/MTGzip.o.scan -- /Applications/Xcode.app/Contents/Developer/Toolchains/XcodeDefault.xctoolchain/usr/bin/clang -x objective-c -ivfsstatcache /Users/buddhirajgautam/Library/Developer/Xcode/DerivedData/SDKStatCaches.noindex/macosx27.0-26A425-e829b21a6f8c9b70876ba0858053c0447231f6df4def33e022ae2eb8f782df1a.sdkstatcache -target arm64-apple-macos12.0 -fmessage-length\=0 -fdiagnostics-show-note-include-stack -fmacro-backtrace-limit\=0 -fno-color-diagnostics -fmodules-prune-interval\=86400 -fmodules-prune-after\=345600 -fbuild-session-file\=/Users/buddhirajgautam/Library/Developer/Xcode/DerivedData/ModuleCache.noindex/Session.modulevalidation -fmodules-validate-once-per-build-session -Wnon-modular-include-in-framework-module -Werror\=non-modular-include-in-framework-module -Wno-trigraphs -Wno-missing-field-initializers -Wno-missing-prototypes -Wno-return-type -Wno-implicit-atomic-properties -Wno-objc-interface-ivars -Wno-arc-repeated-use-of-weak -Wno-missing-braces -Wparentheses -Wswitch -Wno-unused-function -Wno-unused-label -Wno-unused-parameter -Wno-unused-variable -Wunused-value -Wno-empty-body -Wno-uninitialized -Wno-unknown-pragmas -Wno-shadow -Wno-four-char-constants -Wno-conversion -Wno-constant-conversion -Wno-int-conversion -Wno-bool-conversion -Wno-enum-conversion -Wno-float-conversion -Wno-non-literal-null-conversion -Wno-objc-literal-conversion -Wshorten-64-to-32 -Wpointer-sign -Wno-newline-eof -Wno-selector -Wno-strict-selector-match -Wno-undeclared-selector -Wno-deprecated-implementations -Wno-implicit-fallthrough -isysroot /Applications/Xcode.app/Contents/Developer/Platforms/MacOSX.platform/Developer/SDKs/MacOSX27.0.sdk -fstrict-aliasing -Wprotocol -Wdeprecated-declarations -Wno-sign-conversion -Wno-infinite-recursion -Wno-comma -Wno-block-capture-autoreleasing -Wno-strict-prototypes -Wno-semicolon-before-method-body -index-store-path /Users/buddhirajgautam/Library/Developer/Xcode/DerivedData/Telegram-Mac-fygdgghdgmuleoelvxabfmqiotta/Index.noindex/DataStore @/Users/buddhirajgautam/Library/Developer/Xcode/DerivedData/Telegram-Mac-fygdgghdgmuleoelvxabfmqiotta/Build/Intermediates.noindex/MtProtoKit.build/Debug/MtProtoKit-t.build/Objects-normal/arm64/e6072d4f65d7061329687fe24e3d63a7-common-args.resp -MMD -MT dependencies -MF /Users/buddhirajgautam/Library/Developer/Xcode/DerivedData/Telegram-Mac-fygdgghdgmuleoelvxabfmqiotta/Build/Intermediates.noindex/MtProtoKit.build/Debug/MtProtoKit-t.build/Objects-normal/arm64/MTGzip.d --serialize-diagnostics /Users/buddhirajgautam/Library/Developer/Xcode/DerivedData/Telegram-Mac-fygdgghdgmuleoelvxabfmqiotta/Build/Intermediates.noindex/MtProtoKit.build/Debug/MtProtoKit-t.build/Objects-normal/arm64/MTGzip.dia -c /Users/buddhirajgautam/Documents/Cherrygram-Mac/macOS-Swift/submodules/telegram-ios/submodules/MtProtoKit/Sources/MTGzip.m -o /Users/buddhirajgautam/Library/Developer/Xcode/DerivedData/Telegram-Mac-fygdgghdgmuleoelvxabfmqiotta/Build/Intermediates.noindex/MtProtoKit.build/Debug/MtProtoKit-t.build/Objects-normal/arm64/MTGzip.o -index-unit-output-path /MtProtoKit.build/Debug/MtProtoKit-t.build/Objects-normal/arm64/MTGzip.o

ScanDependencies /Users/buddhirajgautam/Library/Developer/Xcode/DerivedData/Telegram-Mac-fygdgghdgmuleoelvxabfmqiotta/Build/Intermediates.noindex/MtProtoKit.build/Debug/MtProtoKit-t.build/Objects-normal/arm64/MTFutureSaltsMessage.o /Users/buddhirajgautam/Documents/Cherrygram-Mac/macOS-Swift/submodules/telegram-ios/submodules/MtProtoKit/Sources/MTFutureSaltsMessage.m normal arm64 objective-c com.apple.compilers.llvm.clang.1_0.compiler (in target 'MtProtoKit' from project 'MtProtoKit')
    cd /Users/buddhirajgautam/Documents/Cherrygram-Mac/macOS-Swift
    
    Using response file: /Users/buddhirajgautam/Library/Developer/Xcode/DerivedData/Telegram-Mac-fygdgghdgmuleoelvxabfmqiotta/Build/Intermediates.noindex/MtProtoKit.build/Debug/MtProtoKit-t.build/Objects-normal/arm64/e6072d4f65d7061329687fe24e3d63a7-common-args.resp
    
    builtin-ScanDependencies -o /Users/buddhirajgautam/Library/Developer/Xcode/DerivedData/Telegram-Mac-fygdgghdgmuleoelvxabfmqiotta/Build/Intermediates.noindex/MtProtoKit.build/Debug/MtProtoKit-t.build/Objects-normal/arm64/MTFutureSaltsMessage.o.scan -- /Applications/Xcode.app/Contents/Developer/Toolchains/XcodeDefault.xctoolchain/usr/bin/clang -x objective-c -ivfsstatcache /Users/buddhirajgautam/Library/Developer/Xcode/DerivedData/SDKStatCaches.noindex/macosx27.0-26A425-e829b21a6f8c9b70876ba0858053c0447231f6df4def33e022ae2eb8f782df1a.sdkstatcache -target arm64-apple-macos12.0 -fmessage-length\=0 -fdiagnostics-show-note-include-stack -fmacro-backtrace-limit\=0 -fno-color-diagnostics -fmodules-prune-interval\=86400 -fmodules-prune-after\=345600 -fbuild-session-file\=/Users/buddhirajgautam/Library/Developer/Xcode/DerivedData/ModuleCache.noindex/Session.modulevalidation -fmodules-validate-once-per-build-session -Wnon-modular-include-in-framework-module -Werror\=non-modular-include-in-framework-module -Wno-trigraphs -Wno-missing-field-initializers -Wno-missing-prototypes -Wno-return-type -Wno-implicit-atomic-properties -Wno-objc-interface-ivars -Wno-arc-repeated-use-of-weak -Wno-missing-braces -Wparentheses -Wswitch -Wno-unused-function -Wno-unused-label -Wno-unused-parameter -Wno-unused-variable -Wunused-value -Wno-empty-body -Wno-uninitialized -Wno-unknown-pragmas -Wno-shadow -Wno-four-char-constants -Wno-conversion -Wno-constant-conversion -Wno-int-conversion -Wno-bool-conversion -Wno-enum-conversion -Wno-float-conversion -Wno-non-literal-null-conversion -Wno-objc-literal-conversion -Wshorten-64-to-32 -Wpointer-sign -Wno-newline-eof -Wno-selector -Wno-strict-selector-match -Wno-undeclared-selector -Wno-deprecated-implementations -Wno-implicit-fallthrough -isysroot /Applications/Xcode.app/Contents/Developer/Platforms/MacOSX.platform/Developer/SDKs/MacOSX27.0.sdk -fstrict-aliasing -Wprotocol -Wdeprecated-declarations -Wno-sign-conversion -Wno-infinite-recursion -Wno-comma -Wno-block-capture-autoreleasing -Wno-strict-prototypes -Wno-semicolon-before-method-body -index-store-path /Users/buddhirajgautam/Library/Developer/Xcode/DerivedData/Telegram-Mac-fygdgghdgmuleoelvxabfmqiotta/Index.noindex/DataStore @/Users/buddhirajgautam/Library/Developer/Xcode/DerivedData/Telegram-Mac-fygdgghdgmuleoelvxabfmqiotta/Build/Intermediates.noindex/MtProtoKit.build/Debug/MtProtoKit-t.build/Objects-normal/arm64/e6072d4f65d7061329687fe24e3d63a7-common-args.resp -MMD -MT dependencies -MF /Users/buddhirajgautam/Library/Developer/Xcode/DerivedData/Telegram-Mac-fygdgghdgmuleoelvxabfmqiotta/Build/Intermediates.noindex/MtProtoKit.build/Debug/MtProtoKit-t.build/Objects-normal/arm64/MTFutureSaltsMessage.d --serialize-diagnostics /Users/buddhirajgautam/Library/Developer/Xcode/DerivedData/Telegram-Mac-fygdgghdgmuleoelvxabfmqiotta/Build/Intermediates.noindex/MtProtoKit.build/Debug/MtProtoKit-t.build/Objects-normal/arm64/MTFutureSaltsMessage.dia -c /Users/buddhirajgautam/Documents/Cherrygram-Mac/macOS-Swift/submodules/telegram-ios/submodules/MtProtoKit/Sources/MTFutureSaltsMessage.m -o /Users/buddhirajgautam/Library/Developer/Xcode/DerivedData/Telegram-Mac-fygdgghdgmuleoelvxabfmqiotta/Build/Intermediates.noindex/MtProtoKit.build/Debug/MtProtoKit-t.build/Objects-normal/arm64/MTFutureSaltsMessage.o -index-unit-output-path /MtProtoKit.build/Debug/MtProtoKit-t.build/Objects-normal/arm64/MTFutureSaltsMessage.o

ScanDependencies /Users/buddhirajgautam/Library/Developer/Xcode/DerivedData/Telegram-Mac-fygdgghdgmuleoelvxabfmqiotta/Build/Intermediates.noindex/MtProtoKit.build/Debug/MtProtoKit-t.build/Objects-normal/arm64/MTFileBasedKeychain.o /Users/buddhirajgautam/Documents/Cherrygram-Mac/macOS-Swift/submodules/telegram-ios/submodules/MtProtoKit/Sources/MTFileBasedKeychain.m normal arm64 objective-c com.apple.compilers.llvm.clang.1_0.compiler (in target 'MtProtoKit' from project 'MtProtoKit')
    cd /Users/buddhirajgautam/Documents/Cherrygram-Mac/macOS-Swift
    
    Using response file: /Users/buddhirajgautam/Library/Developer/Xcode/DerivedData/Telegram-Mac-fygdgghdgmuleoelvxabfmqiotta/Build/Intermediates.noindex/MtProtoKit.build/Debug/MtProtoKit-t.build/Objects-normal/arm64/e6072d4f65d7061329687fe24e3d63a7-common-args.resp
    
    builtin-ScanDependencies -o /Users/buddhirajgautam/Library/Developer/Xcode/DerivedData/Telegram-Mac-fygdgghdgmuleoelvxabfmqiotta/Build/Intermediates.noindex/MtProtoKit.build/Debug/MtProtoKit-t.build/Objects-normal/arm64/MTFileBasedKeychain.o.scan -- /Applications/Xcode.app/Contents/Developer/Toolchains/XcodeDefault.xctoolchain/usr/bin/clang -x objective-c -ivfsstatcache /Users/buddhirajgautam/Library/Developer/Xcode/DerivedData/SDKStatCaches.noindex/macosx27.0-26A425-e829b21a6f8c9b70876ba0858053c0447231f6df4def33e022ae2eb8f782df1a.sdkstatcache -target arm64-apple-macos12.0 -fmessage-length\=0 -fdiagnostics-show-note-include-stack -fmacro-backtrace-limit\=0 -fno-color-diagnostics -fmodules-prune-interval\=86400 -fmodules-prune-after\=345600 -fbuild-session-file\=/Users/buddhirajgautam/Library/Developer/Xcode/DerivedData/ModuleCache.noindex/Session.modulevalidation -fmodules-validate-once-per-build-session -Wnon-modular-include-in-framework-module -Werror\=non-modular-include-in-framework-module -Wno-trigraphs -Wno-missing-field-initializers -Wno-missing-prototypes -Wno-return-type -Wno-implicit-atomic-properties -Wno-objc-interface-ivars -Wno-arc-repeated-use-of-weak -Wno-missing-braces -Wparentheses -Wswitch -Wno-unused-function -Wno-unused-label -Wno-unused-parameter -Wno-unused-variable -Wunused-value -Wno-empty-body -Wno-uninitialized -Wno-unknown-pragmas -Wno-shadow -Wno-four-char-constants -Wno-conversion -Wno-constant-conversion -Wno-int-conversion -Wno-bool-conversion -Wno-enum-conversion -Wno-float-conversion -Wno-non-literal-null-conversion -Wno-objc-literal-conversion -Wshorten-64-to-32 -Wpointer-sign -Wno-newline-eof -Wno-selector -Wno-strict-selector-match -Wno-undeclared-selector -Wno-deprecated-implementations -Wno-implicit-fallthrough -isysroot /Applications/Xcode.app/Contents/Developer/Platforms/MacOSX.platform/Developer/SDKs/MacOSX27.0.sdk -fstrict-aliasing -Wprotocol -Wdeprecated-declarations -Wno-sign-conversion -Wno-infinite-recursion -Wno-comma -Wno-block-capture-autoreleasing -Wno-strict-prototypes -Wno-semicolon-before-method-body -index-store-path /Users/buddhirajgautam/Library/Developer/Xcode/DerivedData/Telegram-Mac-fygdgghdgmuleoelvxabfmqiotta/Index.noindex/DataStore @/Users/buddhirajgautam/Library/Developer/Xcode/DerivedData/Telegram-Mac-fygdgghdgmuleoelvxabfmqiotta/Build/Intermediates.noindex/MtProtoKit.build/Debug/MtProtoKit-t.build/Objects-normal/arm64/e6072d4f65d7061329687fe24e3d63a7-common-args.resp -MMD -MT dependencies -MF /Users/buddhirajgautam/Library/Developer/Xcode/DerivedData/Telegram-Mac-fygdgghdgmuleoelvxabfmqiotta/Build/Intermediates.noindex/MtProtoKit.build/Debug/MtProtoKit-t.build/Objects-normal/arm64/MTFileBasedKeychain.d --serialize-diagnostics /Users/buddhirajgautam/Library/Developer/Xcode/DerivedData/Telegram-Mac-fygdgghdgmuleoelvxabfmqiotta/Build/Intermediates.noindex/MtProtoKit.build/Debug/MtProtoKit-t.build/Objects-normal/arm64/MTFileBasedKeychain.dia -c /Users/buddhirajgautam/Documents/Cherrygram-Mac/macOS-Swift/submodules/telegram-ios/submodules/MtProtoKit/Sources/MTFileBasedKeychain.m -o /Users/buddhirajgautam/Library/Developer/Xcode/DerivedData/Telegram-Mac-fygdgghdgmuleoelvxabfmqiotta/Build/Intermediates.noindex/MtProtoKit.build/Debug/MtProtoKit-t.build/Objects-normal/arm64/MTFileBasedKeychain.o -index-unit-output-path /MtProtoKit.build/Debug/MtProtoKit-t.build/Objects-normal/arm64/MTFileBasedKeychain.o

ScanDependencies /Users/buddhirajgautam/Library/Developer/Xcode/DerivedData/Telegram-Mac-fygdgghdgmuleoelvxabfmqiotta/Build/Intermediates.noindex/MtProtoKit.build/Debug/MtProtoKit-t.build/Objects-normal/arm64/MTExportedAuthorizationData.o /Users/buddhirajgautam/Documents/Cherrygram-Mac/macOS-Swift/submodules/telegram-ios/submodules/MtProtoKit/Sources/MTExportedAuthorizationData.m normal arm64 objective-c com.apple.compilers.llvm.clang.1_0.compiler (in target 'MtProtoKit' from project 'MtProtoKit')
    cd /Users/buddhirajgautam/Documents/Cherrygram-Mac/macOS-Swift
    
    Using response file: /Users/buddhirajgautam/Library/Developer/Xcode/DerivedData/Telegram-Mac-fygdgghdgmuleoelvxabfmqiotta/Build/Intermediates.noindex/MtProtoKit.build/Debug/MtProtoKit-t.build/Objects-normal/arm64/e6072d4f65d7061329687fe24e3d63a7-common-args.resp
    
    builtin-ScanDependencies -o /Users/buddhirajgautam/Library/Developer/Xcode/DerivedData/Telegram-Mac-fygdgghdgmuleoelvxabfmqiotta/Build/Intermediates.noindex/MtProtoKit.build/Debug/MtProtoKit-t.build/Objects-normal/arm64/MTExportedAuthorizationData.o.scan -- /Applications/Xcode.app/Contents/Developer/Toolchains/XcodeDefault.xctoolchain/usr/bin/clang -x objective-c -ivfsstatcache /Users/buddhirajgautam/Library/Developer/Xcode/DerivedData/SDKStatCaches.noindex/macosx27.0-26A425-e829b21a6f8c9b70876ba0858053c0447231f6df4def33e022ae2eb8f782df1a.sdkstatcache -target arm64-apple-macos12.0 -fmessage-length\=0 -fdiagnostics-show-note-include-stack -fmacro-backtrace-limit\=0 -fno-color-diagnostics -fmodules-prune-interval\=86400 -fmodules-prune-after\=345600 -fbuild-session-file\=/Users/buddhirajgautam/Library/Developer/Xcode/DerivedData/ModuleCache.noindex/Session.modulevalidation -fmodules-validate-once-per-build-session -Wnon-modular-include-in-framework-module -Werror\=non-modular-include-in-framework-module -Wno-trigraphs -Wno-missing-field-initializers -Wno-missing-prototypes -Wno-return-type -Wno-implicit-atomic-properties -Wno-objc-interface-ivars -Wno-arc-repeated-use-of-weak -Wno-missing-braces -Wparentheses -Wswitch -Wno-unused-function -Wno-unused-label -Wno-unused-parameter -Wno-unused-variable -Wunused-value -Wno-empty-body -Wno-uninitialized -Wno-unknown-pragmas -Wno-shadow -Wno-four-char-constants -Wno-conversion -Wno-constant-conversion -Wno-int-conversion -Wno-bool-conversion -Wno-enum-conversion -Wno-float-conversion -Wno-non-literal-null-conversion -Wno-objc-literal-conversion -Wshorten-64-to-32 -Wpointer-sign -Wno-newline-eof -Wno-selector -Wno-strict-selector-match -Wno-undeclared-selector -Wno-deprecated-implementations -Wno-implicit-fallthrough -isysroot /Applications/Xcode.app/Contents/Developer/Platforms/MacOSX.platform/Developer/SDKs/MacOSX27.0.sdk -fstrict-aliasing -Wprotocol -Wdeprecated-declarations -Wno-sign-conversion -Wno-infinite-recursion -Wno-comma -Wno-block-capture-autoreleasing -Wno-strict-prototypes -Wno-semicolon-before-method-body -index-store-path /Users/buddhirajgautam/Library/Developer/Xcode/DerivedData/Telegram-Mac-fygdgghdgmuleoelvxabfmqiotta/Index.noindex/DataStore @/Users/buddhirajgautam/Library/Developer/Xcode/DerivedData/Telegram-Mac-fygdgghdgmuleoelvxabfmqiotta/Build/Intermediates.noindex/MtProtoKit.build/Debug/MtProtoKit-t.build/Objects-normal/arm64/e6072d4f65d7061329687fe24e3d63a7-common-args.resp -MMD -MT dependencies -MF /Users/buddhirajgautam/Library/Developer/Xcode/DerivedData/Telegram-Mac-fygdgghdgmuleoelvxabfmqiotta/Build/Intermediates.noindex/MtProtoKit.build/Debug/MtProtoKit-t.build/Objects-normal/arm64/MTExportedAuthorizationData.d --serialize-diagnostics /Users/buddhirajgautam/Library/Developer/Xcode/DerivedData/Telegram-Mac-fygdgghdgmuleoelvxabfmqiotta/Build/Intermediates.noindex/MtProtoKit.build/Debug/MtProtoKit-t.build/Objects-normal/arm64/MTExportedAuthorizationData.dia -c /Users/buddhirajgautam/Documents/Cherrygram-Mac/macOS-Swift/submodules/telegram-ios/submodules/MtProtoKit/Sources/MTExportedAuthorizationData.m -o /Users/buddhirajgautam/Library/Developer/Xcode/DerivedData/Telegram-Mac-fygdgghdgmuleoelvxabfmqiotta/Build/Intermediates.noindex/MtProtoKit.build/Debug/MtProtoKit-t.build/Objects-normal/arm64/MTExportedAuthorizationData.o -index-unit-output-path /MtProtoKit.build/Debug/MtProtoKit-t.build/Objects-normal/arm64/MTExportedAuthorizationData.o

CompileC /Users/buddhirajgautam/Library/Developer/Xcode/DerivedData/Telegram-Mac-fygdgghdgmuleoelvxabfmqiotta/Build/Intermediates.noindex/MtProtoKit.build/Debug/MtProtoKit-t.build/Objects-normal/arm64/MTFileBasedKeychain.o /Users/buddhirajgautam/Documents/Cherrygram-Mac/macOS-Swift/submodules/telegram-ios/submodules/MtProtoKit/Sources/MTFileBasedKeychain.m normal arm64 objective-c com.apple.compilers.llvm.clang.1_0.compiler (in target 'MtProtoKit' from project 'MtProtoKit')
    cd /Users/buddhirajgautam/Documents/Cherrygram-Mac/macOS-Swift
    
    Using response file: /Users/buddhirajgautam/Library/Developer/Xcode/DerivedData/Telegram-Mac-fygdgghdgmuleoelvxabfmqiotta/Build/Intermediates.noindex/MtProtoKit.build/Debug/MtProtoKit-t.build/Objects-normal/arm64/e6072d4f65d7061329687fe24e3d63a7-common-args.resp
    
    /Applications/Xcode.app/Contents/Developer/Toolchains/XcodeDefault.xctoolchain/usr/bin/clang -x objective-c -ivfsstatcache /Users/buddhirajgautam/Library/Developer/Xcode/DerivedData/SDKStatCaches.noindex/macosx27.0-26A425-e829b21a6f8c9b70876ba0858053c0447231f6df4def33e022ae2eb8f782df1a.sdkstatcache -target arm64-apple-macos12.0 -fmessage-length\=0 -fdiagnostics-show-note-include-stack -fmacro-backtrace-limit\=0 -fno-color-diagnostics -fmodules-prune-interval\=86400 -fmodules-prune-after\=345600 -fbuild-session-file\=/Users/buddhirajgautam/Library/Developer/Xcode/DerivedData/ModuleCache.noindex/Session.modulevalidation -fmodules-validate-once-per-build-session -Wnon-modular-include-in-framework-module -Werror\=non-modular-include-in-framework-module -Wno-trigraphs -Wno-missing-field-initializers -Wno-missing-prototypes -Wno-return-type -Wno-implicit-atomic-properties -Wno-objc-interface-ivars -Wno-arc-repeated-use-of-weak -Wno-missing-braces -Wparentheses -Wswitch -Wno-unused-function -Wno-unused-label -Wno-unused-parameter -Wno-unused-variable -Wunused-value -Wno-empty-body -Wno-uninitialized -Wno-unknown-pragmas -Wno-shadow -Wno-four-char-constants -Wno-conversion -Wno-constant-conversion -Wno-int-conversion -Wno-bool-conversion -Wno-enum-conversion -Wno-float-conversion -Wno-non-literal-null-conversion -Wno-objc-literal-conversion -Wshorten-64-to-32 -Wpointer-sign -Wno-newline-eof -Wno-selector -Wno-strict-selector-match -Wno-undeclared-selector -Wno-deprecated-implementations -Wno-implicit-fallthrough -isysroot /Applications/Xcode.app/Contents/Developer/Platforms/MacOSX.platform/Developer/SDKs/MacOSX27.0.sdk -fstrict-aliasing -Wprotocol -Wdeprecated-declarations -Wno-sign-conversion -Wno-infinite-recursion -Wno-comma -Wno-block-capture-autoreleasing -Wno-strict-prototypes -Wno-semicolon-before-method-body -index-store-path /Users/buddhirajgautam/Library/Developer/Xcode/DerivedData/Telegram-Mac-fygdgghdgmuleoelvxabfmqiotta/Index.noindex/DataStore @/Users/buddhirajgautam/Library/Developer/Xcode/DerivedData/Telegram-Mac-fygdgghdgmuleoelvxabfmqiotta/Build/Intermediates.noindex/MtProtoKit.build/Debug/MtProtoKit-t.build/Objects-normal/arm64/e6072d4f65d7061329687fe24e3d63a7-common-args.resp -MMD -MT dependencies -MF /Users/buddhirajgautam/Library/Developer/Xcode/DerivedData/Telegram-Mac-fygdgghdgmuleoelvxabfmqiotta/Build/Intermediates.noindex/MtProtoKit.build/Debug/MtProtoKit-t.build/Objects-normal/arm64/MTFileBasedKeychain.d --serialize-diagnostics /Users/buddhirajgautam/Library/Developer/Xcode/DerivedData/Telegram-Mac-fygdgghdgmuleoelvxabfmqiotta/Build/Intermediates.noindex/MtProtoKit.build/Debug/MtProtoKit-t.build/Objects-normal/arm64/MTFileBasedKeychain.dia -c /Users/buddhirajgautam/Documents/Cherrygram-Mac/macOS-Swift/submodules/telegram-ios/submodules/MtProtoKit/Sources/MTFileBasedKeychain.m -o /Users/buddhirajgautam/Library/Developer/Xcode/DerivedData/Telegram-Mac-fygdgghdgmuleoelvxabfmqiotta/Build/Intermediates.noindex/MtProtoKit.build/Debug/MtProtoKit-t.build/Objects-normal/arm64/MTFileBasedKeychain.o -index-unit-output-path /MtProtoKit.build/Debug/MtProtoKit-t.build/Objects-normal/arm64/MTFileBasedKeychain.o

ScanDependencies /Users/buddhirajgautam/Library/Developer/Xcode/DerivedData/Telegram-Mac-fygdgghdgmuleoelvxabfmqiotta/Build/Intermediates.noindex/MtProtoKit.build/Debug/MtProtoKit-t.build/Objects-normal/arm64/MTEncryption.o /Users/buddhirajgautam/Documents/Cherrygram-Mac/macOS-Swift/submodules/telegram-ios/submodules/MtProtoKit/Sources/MTEncryption.m normal arm64 objective-c com.apple.compilers.llvm.clang.1_0.compiler (in target 'MtProtoKit' from project 'MtProtoKit')
    cd /Users/buddhirajgautam/Documents/Cherrygram-Mac/macOS-Swift
    
    Using response file: /Users/buddhirajgautam/Library/Developer/Xcode/DerivedData/Telegram-Mac-fygdgghdgmuleoelvxabfmqiotta/Build/Intermediates.noindex/MtProtoKit.build/Debug/MtProtoKit-t.build/Objects-normal/arm64/e6072d4f65d7061329687fe24e3d63a7-common-args.resp
    
    builtin-ScanDependencies -o /Users/buddhirajgautam/Library/Developer/Xcode/DerivedData/Telegram-Mac-fygdgghdgmuleoelvxabfmqiotta/Build/Intermediates.noindex/MtProtoKit.build/Debug/MtProtoKit-t.build/Objects-normal/arm64/MTEncryption.o.scan -- /Applications/Xcode.app/Contents/Developer/Toolchains/XcodeDefault.xctoolchain/usr/bin/clang -x objective-c -ivfsstatcache /Users/buddhirajgautam/Library/Developer/Xcode/DerivedData/SDKStatCaches.noindex/macosx27.0-26A425-e829b21a6f8c9b70876ba0858053c0447231f6df4def33e022ae2eb8f782df1a.sdkstatcache -target arm64-apple-macos12.0 -fmessage-length\=0 -fdiagnostics-show-note-include-stack -fmacro-backtrace-limit\=0 -fno-color-diagnostics -fmodules-prune-interval\=86400 -fmodules-prune-after\=345600 -fbuild-session-file\=/Users/buddhirajgautam/Library/Developer/Xcode/DerivedData/ModuleCache.noindex/Session.modulevalidation -fmodules-validate-once-per-build-session -Wnon-modular-include-in-framework-module -Werror\=non-modular-include-in-framework-module -Wno-trigraphs -Wno-missing-field-initializers -Wno-missing-prototypes -Wno-return-type -Wno-implicit-atomic-properties -Wno-objc-interface-ivars -Wno-arc-repeated-use-of-weak -Wno-missing-braces -Wparentheses -Wswitch -Wno-unused-function -Wno-unused-label -Wno-unused-parameter -Wno-unused-variable -Wunused-value -Wno-empty-body -Wno-uninitialized -Wno-unknown-pragmas -Wno-shadow -Wno-four-char-constants -Wno-conversion -Wno-constant-conversion -Wno-int-conversion -Wno-bool-conversion -Wno-enum-conversion -Wno-float-conversion -Wno-non-literal-null-conversion -Wno-objc-literal-conversion -Wshorten-64-to-32 -Wpointer-sign -Wno-newline-eof -Wno-selector -Wno-strict-selector-match -Wno-undeclared-selector -Wno-deprecated-implementations -Wno-implicit-fallthrough -isysroot /Applications/Xcode.app/Contents/Developer/Platforms/MacOSX.platform/Developer/SDKs/MacOSX27.0.sdk -fstrict-aliasing -Wprotocol -Wdeprecated-declarations -Wno-sign-conversion -Wno-infinite-recursion -Wno-comma -Wno-block-capture-autoreleasing -Wno-strict-prototypes -Wno-semicolon-before-method-body -index-store-path /Users/buddhirajgautam/Library/Developer/Xcode/DerivedData/Telegram-Mac-fygdgghdgmuleoelvxabfmqiotta/Index.noindex/DataStore @/Users/buddhirajgautam/Library/Developer/Xcode/DerivedData/Telegram-Mac-fygdgghdgmuleoelvxabfmqiotta/Build/Intermediates.noindex/MtProtoKit.build/Debug/MtProtoKit-t.build/Objects-normal/arm64/e6072d4f65d7061329687fe24e3d63a7-common-args.resp -MMD -MT dependencies -MF /Users/buddhirajgautam/Library/Developer/Xcode/DerivedData/Telegram-Mac-fygdgghdgmuleoelvxabfmqiotta/Build/Intermediates.noindex/MtProtoKit.build/Debug/MtProtoKit-t.build/Objects-normal/arm64/MTEncryption.d --serialize-diagnostics /Users/buddhirajgautam/Library/Developer/Xcode/DerivedData/Telegram-Mac-fygdgghdgmuleoelvxabfmqiotta/Build/Intermediates.noindex/MtProtoKit.build/Debug/MtProtoKit-t.build/Objects-normal/arm64/MTEncryption.dia -c /Users/buddhirajgautam/Documents/Cherrygram-Mac/macOS-Swift/submodules/telegram-ios/submodules/MtProtoKit/Sources/MTEncryption.m -o /Users/buddhirajgautam/Library/Developer/Xcode/DerivedData/Telegram-Mac-fygdgghdgmuleoelvxabfmqiotta/Build/Intermediates.noindex/MtProtoKit.build/Debug/MtProtoKit-t.build/Objects-normal/arm64/MTEncryption.o -index-unit-output-path /MtProtoKit.build/Debug/MtProtoKit-t.build/Objects-normal/arm64/MTEncryption.o

CompileC /Users/buddhirajgautam/Library/Developer/Xcode/DerivedData/Telegram-Mac-fygdgghdgmuleoelvxabfmqiotta/Build/Intermediates.noindex/MtProtoKit.build/Debug/MtProtoKit-t.build/Objects-normal/arm64/MTFutureSaltsMessage.o /Users/buddhirajgautam/Documents/Cherrygram-Mac/macOS-Swift/submodules/telegram-ios/submodules/MtProtoKit/Sources/MTFutureSaltsMessage.m normal arm64 objective-c com.apple.compilers.llvm.clang.1_0.compiler (in target 'MtProtoKit' from project 'MtProtoKit')
    cd /Users/buddhirajgautam/Documents/Cherrygram-Mac/macOS-Swift
    
    Using response file: /Users/buddhirajgautam/Library/Developer/Xcode/DerivedData/Telegram-Mac-fygdgghdgmuleoelvxabfmqiotta/Build/Intermediates.noindex/MtProtoKit.build/Debug/MtProtoKit-t.build/Objects-normal/arm64/e6072d4f65d7061329687fe24e3d63a7-common-args.resp
    
    /Applications/Xcode.app/Contents/Developer/Toolchains/XcodeDefault.xctoolchain/usr/bin/clang -x objective-c -ivfsstatcache /Users/buddhirajgautam/Library/Developer/Xcode/DerivedData/SDKStatCaches.noindex/macosx27.0-26A425-e829b21a6f8c9b70876ba0858053c0447231f6df4def33e022ae2eb8f782df1a.sdkstatcache -target arm64-apple-macos12.0 -fmessage-length\=0 -fdiagnostics-show-note-include-stack -fmacro-backtrace-limit\=0 -fno-color-diagnostics -fmodules-prune-interval\=86400 -fmodules-prune-after\=345600 -fbuild-session-file\=/Users/buddhirajgautam/Library/Developer/Xcode/DerivedData/ModuleCache.noindex/Session.modulevalidation -fmodules-validate-once-per-build-session -Wnon-modular-include-in-framework-module -Werror\=non-modular-include-in-framework-module -Wno-trigraphs -Wno-missing-field-initializers -Wno-missing-prototypes -Wno-return-type -Wno-implicit-atomic-properties -Wno-objc-interface-ivars -Wno-arc-repeated-use-of-weak -Wno-missing-braces -Wparentheses -Wswitch -Wno-unused-function -Wno-unused-label -Wno-unused-parameter -Wno-unused-variable -Wunused-value -Wno-empty-body -Wno-uninitialized -Wno-unknown-pragmas -Wno-shadow -Wno-four-char-constants -Wno-conversion -Wno-constant-conversion -Wno-int-conversion -Wno-bool-conversion -Wno-enum-conversion -Wno-float-conversion -Wno-non-literal-null-conversion -Wno-objc-literal-conversion -Wshorten-64-to-32 -Wpointer-sign -Wno-newline-eof -Wno-selector -Wno-strict-selector-match -Wno-undeclared-selector -Wno-deprecated-implementations -Wno-implicit-fallthrough -isysroot /Applications/Xcode.app/Contents/Developer/Platforms/MacOSX.platform/Developer/SDKs/MacOSX27.0.sdk -fstrict-aliasing -Wprotocol -Wdeprecated-declarations -Wno-sign-conversion -Wno-infinite-recursion -Wno-comma -Wno-block-capture-autoreleasing -Wno-strict-prototypes -Wno-semicolon-before-method-body -index-store-path /Users/buddhirajgautam/Library/Developer/Xcode/DerivedData/Telegram-Mac-fygdgghdgmuleoelvxabfmqiotta/Index.noindex/DataStore @/Users/buddhirajgautam/Library/Developer/Xcode/DerivedData/Telegram-Mac-fygdgghdgmuleoelvxabfmqiotta/Build/Intermediates.noindex/MtProtoKit.build/Debug/MtProtoKit-t.build/Objects-normal/arm64/e6072d4f65d7061329687fe24e3d63a7-common-args.resp -MMD -MT dependencies -MF /Users/buddhirajgautam/Library/Developer/Xcode/DerivedData/Telegram-Mac-fygdgghdgmuleoelvxabfmqiotta/Build/Intermediates.noindex/MtProtoKit.build/Debug/MtProtoKit-t.build/Objects-normal/arm64/MTFutureSaltsMessage.d --serialize-diagnostics /Users/buddhirajgautam/Library/Developer/Xcode/DerivedData/Telegram-Mac-fygdgghdgmuleoelvxabfmqiotta/Build/Intermediates.noindex/MtProtoKit.build/Debug/MtProtoKit-t.build/Objects-normal/arm64/MTFutureSaltsMessage.dia -c /Users/buddhirajgautam/Documents/Cherrygram-Mac/macOS-Swift/submodules/telegram-ios/submodules/MtProtoKit/Sources/MTFutureSaltsMessage.m -o /Users/buddhirajgautam/Library/Developer/Xcode/DerivedData/Telegram-Mac-fygdgghdgmuleoelvxabfmqiotta/Build/Intermediates.noindex/MtProtoKit.build/Debug/MtProtoKit-t.build/Objects-normal/arm64/MTFutureSaltsMessage.o -index-unit-output-path /MtProtoKit.build/Debug/MtProtoKit-t.build/Objects-normal/arm64/MTFutureSaltsMessage.o

ScanDependencies /Users/buddhirajgautam/Library/Developer/Xcode/DerivedData/Telegram-Mac-fygdgghdgmuleoelvxabfmqiotta/Build/Intermediates.noindex/MtProtoKit.build/Debug/MtProtoKit-t.build/Objects-normal/arm64/MTDropRpcResultMessage.o /Users/buddhirajgautam/Documents/Cherrygram-Mac/macOS-Swift/submodules/telegram-ios/submodules/MtProtoKit/Sources/MTDropRpcResultMessage.m normal arm64 objective-c com.apple.compilers.llvm.clang.1_0.compiler (in target 'MtProtoKit' from project 'MtProtoKit')
    cd /Users/buddhirajgautam/Documents/Cherrygram-Mac/macOS-Swift
    
    Using response file: /Users/buddhirajgautam/Library/Developer/Xcode/DerivedData/Telegram-Mac-fygdgghdgmuleoelvxabfmqiotta/Build/Intermediates.noindex/MtProtoKit.build/Debug/MtProtoKit-t.build/Objects-normal/arm64/e6072d4f65d7061329687fe24e3d63a7-common-args.resp
    
    builtin-ScanDependencies -o /Users/buddhirajgautam/Library/Developer/Xcode/DerivedData/Telegram-Mac-fygdgghdgmuleoelvxabfmqiotta/Build/Intermediates.noindex/MtProtoKit.build/Debug/MtProtoKit-t.build/Objects-normal/arm64/MTDropRpcResultMessage.o.scan -- /Applications/Xcode.app/Contents/Developer/Toolchains/XcodeDefault.xctoolchain/usr/bin/clang -x objective-c -ivfsstatcache /Users/buddhirajgautam/Library/Developer/Xcode/DerivedData/SDKStatCaches.noindex/macosx27.0-26A425-e829b21a6f8c9b70876ba0858053c0447231f6df4def33e022ae2eb8f782df1a.sdkstatcache -target arm64-apple-macos12.0 -fmessage-length\=0 -fdiagnostics-show-note-include-stack -fmacro-backtrace-limit\=0 -fno-color-diagnostics -fmodules-prune-interval\=86400 -fmodules-prune-after\=345600 -fbuild-session-file\=/Users/buddhirajgautam/Library/Developer/Xcode/DerivedData/ModuleCache.noindex/Session.modulevalidation -fmodules-validate-once-per-build-session -Wnon-modular-include-in-framework-module -Werror\=non-modular-include-in-framework-module -Wno-trigraphs -Wno-missing-field-initializers -Wno-missing-prototypes -Wno-return-type -Wno-implicit-atomic-properties -Wno-objc-interface-ivars -Wno-arc-repeated-use-of-weak -Wno-missing-braces -Wparentheses -Wswitch -Wno-unused-function -Wno-unused-label -Wno-unused-parameter -Wno-unused-variable -Wunused-value -Wno-empty-body -Wno-uninitialized -Wno-unknown-pragmas -Wno-shadow -Wno-four-char-constants -Wno-conversion -Wno-constant-conversion -Wno-int-conversion -Wno-bool-conversion -Wno-enum-conversion -Wno-float-conversion -Wno-non-literal-null-conversion -Wno-objc-literal-conversion -Wshorten-64-to-32 -Wpointer-sign -Wno-newline-eof -Wno-selector -Wno-strict-selector-match -Wno-undeclared-selector -Wno-deprecated-implementations -Wno-implicit-fallthrough -isysroot /Applications/Xcode.app/Contents/Developer/Platforms/MacOSX.platform/Developer/SDKs/MacOSX27.0.sdk -fstrict-aliasing -Wprotocol -Wdeprecated-declarations -Wno-sign-conversion -Wno-infinite-recursion -Wno-comma -Wno-block-capture-autoreleasing -Wno-strict-prototypes -Wno-semicolon-before-method-body -index-store-path /Users/buddhirajgautam/Library/Developer/Xcode/DerivedData/Telegram-Mac-fygdgghdgmuleoelvxabfmqiotta/Index.noindex/DataStore @/Users/buddhirajgautam/Library/Developer/Xcode/DerivedData/Telegram-Mac-fygdgghdgmuleoelvxabfmqiotta/Build/Intermediates.noindex/MtProtoKit.build/Debug/MtProtoKit-t.build/Objects-normal/arm64/e6072d4f65d7061329687fe24e3d63a7-common-args.resp -MMD -MT dependencies -MF /Users/buddhirajgautam/Library/Developer/Xcode/DerivedData/Telegram-Mac-fygdgghdgmuleoelvxabfmqiotta/Build/Intermediates.noindex/MtProtoKit.build/Debug/MtProtoKit-t.build/Objects-normal/arm64/MTDropRpcResultMessage.d --serialize-diagnostics /Users/buddhirajgautam/Library/Developer/Xcode/DerivedData/Telegram-Mac-fygdgghdgmuleoelvxabfmqiotta/Build/Intermediates.noindex/MtProtoKit.build/Debug/MtProtoKit-t.build/Objects-normal/arm64/MTDropRpcResultMessage.dia -c /Users/buddhirajgautam/Documents/Cherrygram-Mac/macOS-Swift/submodules/telegram-ios/submodules/MtProtoKit/Sources/MTDropRpcResultMessage.m -o /Users/buddhirajgautam/Library/Developer/Xcode/DerivedData/Telegram-Mac-fygdgghdgmuleoelvxabfmqiotta/Build/Intermediates.noindex/MtProtoKit.build/Debug/MtProtoKit-t.build/Objects-normal/arm64/MTDropRpcResultMessage.o -index-unit-output-path /MtProtoKit.build/Debug/MtProtoKit-t.build/Objects-normal/arm64/MTDropRpcResultMessage.o

CompileC /Users/buddhirajgautam/Library/Developer/Xcode/DerivedData/Telegram-Mac-fygdgghdgmuleoelvxabfmqiotta/Build/Intermediates.noindex/MtProtoKit.build/Debug/MtProtoKit-t.build/Objects-normal/arm64/MTInternalMessageParser.o /Users/buddhirajgautam/Documents/Cherrygram-Mac/macOS-Swift/submodules/telegram-ios/submodules/MtProtoKit/Sources/MTInternalMessageParser.m normal arm64 objective-c com.apple.compilers.llvm.clang.1_0.compiler (in target 'MtProtoKit' from project 'MtProtoKit')
    cd /Users/buddhirajgautam/Documents/Cherrygram-Mac/macOS-Swift
    
    Using response file: /Users/buddhirajgautam/Library/Developer/Xcode/DerivedData/Telegram-Mac-fygdgghdgmuleoelvxabfmqiotta/Build/Intermediates.noindex/MtProtoKit.build/Debug/MtProtoKit-t.build/Objects-normal/arm64/e6072d4f65d7061329687fe24e3d63a7-common-args.resp
    
    /Applications/Xcode.app/Contents/Developer/Toolchains/XcodeDefault.xctoolchain/usr/bin/clang -x objective-c -ivfsstatcache /Users/buddhirajgautam/Library/Developer/Xcode/DerivedData/SDKStatCaches.noindex/macosx27.0-26A425-e829b21a6f8c9b70876ba0858053c0447231f6df4def33e022ae2eb8f782df1a.sdkstatcache -target arm64-apple-macos12.0 -fmessage-length\=0 -fdiagnostics-show-note-include-stack -fmacro-backtrace-limit\=0 -fno-color-diagnostics -fmodules-prune-interval\=86400 -fmodules-prune-after\=345600 -fbuild-session-file\=/Users/buddhirajgautam/Library/Developer/Xcode/DerivedData/ModuleCache.noindex/Session.modulevalidation -fmodules-validate-once-per-build-session -Wnon-modular-include-in-framework-module -Werror\=non-modular-include-in-framework-module -Wno-trigraphs -Wno-missing-field-initializers -Wno-missing-prototypes -Wno-return-type -Wno-implicit-atomic-properties -Wno-objc-interface-ivars -Wno-arc-repeated-use-of-weak -Wno-missing-braces -Wparentheses -Wswitch -Wno-unused-function -Wno-unused-label -Wno-unused-parameter -Wno-unused-variable -Wunused-value -Wno-empty-body -Wno-uninitialized -Wno-unknown-pragmas -Wno-shadow -Wno-four-char-constants -Wno-conversion -Wno-constant-conversion -Wno-int-conversion -Wno-bool-conversion -Wno-enum-conversion -Wno-float-conversion -Wno-non-literal-null-conversion -Wno-objc-literal-conversion -Wshorten-64-to-32 -Wpointer-sign -Wno-newline-eof -Wno-selector -Wno-strict-selector-match -Wno-undeclared-selector -Wno-deprecated-implementations -Wno-implicit-fallthrough -isysroot /Applications/Xcode.app/Contents/Developer/Platforms/MacOSX.platform/Developer/SDKs/MacOSX27.0.sdk -fstrict-aliasing -Wprotocol -Wdeprecated-declarations -Wno-sign-conversion -Wno-infinite-recursion -Wno-comma -Wno-block-capture-autoreleasing -Wno-strict-prototypes -Wno-semicolon-before-method-body -index-store-path /Users/buddhirajgautam/Library/Developer/Xcode/DerivedData/Telegram-Mac-fygdgghdgmuleoelvxabfmqiotta/Index.noindex/DataStore @/Users/buddhirajgautam/Library/Developer/Xcode/DerivedData/Telegram-Mac-fygdgghdgmuleoelvxabfmqiotta/Build/Intermediates.noindex/MtProtoKit.build/Debug/MtProtoKit-t.build/Objects-normal/arm64/e6072d4f65d7061329687fe24e3d63a7-common-args.resp -MMD -MT dependencies -MF /Users/buddhirajgautam/Library/Developer/Xcode/DerivedData/Telegram-Mac-fygdgghdgmuleoelvxabfmqiotta/Build/Intermediates.noindex/MtProtoKit.build/Debug/MtProtoKit-t.build/Objects-normal/arm64/MTInternalMessageParser.d --serialize-diagnostics /Users/buddhirajgautam/Library/Developer/Xcode/DerivedData/Telegram-Mac-fygdgghdgmuleoelvxabfmqiotta/Build/Intermediates.noindex/MtProtoKit.build/Debug/MtProtoKit-t.build/Objects-normal/arm64/MTInternalMessageParser.dia -c /Users/buddhirajgautam/Documents/Cherrygram-Mac/macOS-Swift/submodules/telegram-ios/submodules/MtProtoKit/Sources/MTInternalMessageParser.m -o /Users/buddhirajgautam/Library/Developer/Xcode/DerivedData/Telegram-Mac-fygdgghdgmuleoelvxabfmqiotta/Build/Intermediates.noindex/MtProtoKit.build/Debug/MtProtoKit-t.build/Objects-normal/arm64/MTInternalMessageParser.o -index-unit-output-path /MtProtoKit.build/Debug/MtProtoKit-t.build/Objects-normal/arm64/MTInternalMessageParser.o

CompileC /Users/buddhirajgautam/Library/Developer/Xcode/DerivedData/Telegram-Mac-fygdgghdgmuleoelvxabfmqiotta/Build/Intermediates.noindex/MtProtoKit.build/Debug/MtProtoKit-t.build/Objects-normal/arm64/MTGzip.o /Users/buddhirajgautam/Documents/Cherrygram-Mac/macOS-Swift/submodules/telegram-ios/submodules/MtProtoKit/Sources/MTGzip.m normal arm64 objective-c com.apple.compilers.llvm.clang.1_0.compiler (in target 'MtProtoKit' from project 'MtProtoKit')
    cd /Users/buddhirajgautam/Documents/Cherrygram-Mac/macOS-Swift
    
    Using response file: /Users/buddhirajgautam/Library/Developer/Xcode/DerivedData/Telegram-Mac-fygdgghdgmuleoelvxabfmqiotta/Build/Intermediates.noindex/MtProtoKit.build/Debug/MtProtoKit-t.build/Objects-normal/arm64/e6072d4f65d7061329687fe24e3d63a7-common-args.resp
    
    /Applications/Xcode.app/Contents/Developer/Toolchains/XcodeDefault.xctoolchain/usr/bin/clang -x objective-c -ivfsstatcache /Users/buddhirajgautam/Library/Developer/Xcode/DerivedData/SDKStatCaches.noindex/macosx27.0-26A425-e829b21a6f8c9b70876ba0858053c0447231f6df4def33e022ae2eb8f782df1a.sdkstatcache -target arm64-apple-macos12.0 -fmessage-length\=0 -fdiagnostics-show-note-include-stack -fmacro-backtrace-limit\=0 -fno-color-diagnostics -fmodules-prune-interval\=86400 -fmodules-prune-after\=345600 -fbuild-session-file\=/Users/buddhirajgautam/Library/Developer/Xcode/DerivedData/ModuleCache.noindex/Session.modulevalidation -fmodules-validate-once-per-build-session -Wnon-modular-include-in-framework-module -Werror\=non-modular-include-in-framework-module -Wno-trigraphs -Wno-missing-field-initializers -Wno-missing-prototypes -Wno-return-type -Wno-implicit-atomic-properties -Wno-objc-interface-ivars -Wno-arc-repeated-use-of-weak -Wno-missing-braces -Wparentheses -Wswitch -Wno-unused-function -Wno-unused-label -Wno-unused-parameter -Wno-unused-variable -Wunused-value -Wno-empty-body -Wno-uninitialized -Wno-unknown-pragmas -Wno-shadow -Wno-four-char-constants -Wno-conversion -Wno-constant-conversion -Wno-int-conversion -Wno-bool-conversion -Wno-enum-conversion -Wno-float-conversion -Wno-non-literal-null-conversion -Wno-objc-literal-conversion -Wshorten-64-to-32 -Wpointer-sign -Wno-newline-eof -Wno-selector -Wno-strict-selector-match -Wno-undeclared-selector -Wno-deprecated-implementations -Wno-implicit-fallthrough -isysroot /Applications/Xcode.app/Contents/Developer/Platforms/MacOSX.platform/Developer/SDKs/MacOSX27.0.sdk -fstrict-aliasing -Wprotocol -Wdeprecated-declarations -Wno-sign-conversion -Wno-infinite-recursion -Wno-comma -Wno-block-capture-autoreleasing -Wno-strict-prototypes -Wno-semicolon-before-method-body -index-store-path /Users/buddhirajgautam/Library/Developer/Xcode/DerivedData/Telegram-Mac-fygdgghdgmuleoelvxabfmqiotta/Index.noindex/DataStore @/Users/buddhirajgautam/Library/Developer/Xcode/DerivedData/Telegram-Mac-fygdgghdgmuleoelvxabfmqiotta/Build/Intermediates.noindex/MtProtoKit.build/Debug/MtProtoKit-t.build/Objects-normal/arm64/e6072d4f65d7061329687fe24e3d63a7-common-args.resp -MMD -MT dependencies -MF /Users/buddhirajgautam/Library/Developer/Xcode/DerivedData/Telegram-Mac-fygdgghdgmuleoelvxabfmqiotta/Build/Intermediates.noindex/MtProtoKit.build/Debug/MtProtoKit-t.build/Objects-normal/arm64/MTGzip.d --serialize-diagnostics /Users/buddhirajgautam/Library/Developer/Xcode/DerivedData/Telegram-Mac-fygdgghdgmuleoelvxabfmqiotta/Build/Intermediates.noindex/MtProtoKit.build/Debug/MtProtoKit-t.build/Objects-normal/arm64/MTGzip.dia -c /Users/buddhirajgautam/Documents/Cherrygram-Mac/macOS-Swift/submodules/telegram-ios/submodules/MtProtoKit/Sources/MTGzip.m -o /Users/buddhirajgautam/Library/Developer/Xcode/DerivedData/Telegram-Mac-fygdgghdgmuleoelvxabfmqiotta/Build/Intermediates.noindex/MtProtoKit.build/Debug/MtProtoKit-t.build/Objects-normal/arm64/MTGzip.o -index-unit-output-path /MtProtoKit.build/Debug/MtProtoKit-t.build/Objects-normal/arm64/MTGzip.o

ScanDependencies /Users/buddhirajgautam/Library/Developer/Xcode/DerivedData/Telegram-Mac-fygdgghdgmuleoelvxabfmqiotta/Build/Intermediates.noindex/MtProtoKit.build/Debug/MtProtoKit-t.build/Objects-normal/arm64/MTDropResponseContext.o /Users/buddhirajgautam/Documents/Cherrygram-Mac/macOS-Swift/submodules/telegram-ios/submodules/MtProtoKit/Sources/MTDropResponseContext.m normal arm64 objective-c com.apple.compilers.llvm.clang.1_0.compiler (in target 'MtProtoKit' from project 'MtProtoKit')
    cd /Users/buddhirajgautam/Documents/Cherrygram-Mac/macOS-Swift
    
    Using response file: /Users/buddhirajgautam/Library/Developer/Xcode/DerivedData/Telegram-Mac-fygdgghdgmuleoelvxabfmqiotta/Build/Intermediates.noindex/MtProtoKit.build/Debug/MtProtoKit-t.build/Objects-normal/arm64/e6072d4f65d7061329687fe24e3d63a7-common-args.resp
    
    builtin-ScanDependencies -o /Users/buddhirajgautam/Library/Developer/Xcode/DerivedData/Telegram-Mac-fygdgghdgmuleoelvxabfmqiotta/Build/Intermediates.noindex/MtProtoKit.build/Debug/MtProtoKit-t.build/Objects-normal/arm64/MTDropResponseContext.o.scan -- /Applications/Xcode.app/Contents/Developer/Toolchains/XcodeDefault.xctoolchain/usr/bin/clang -x objective-c -ivfsstatcache /Users/buddhirajgautam/Library/Developer/Xcode/DerivedData/SDKStatCaches.noindex/macosx27.0-26A425-e829b21a6f8c9b70876ba0858053c0447231f6df4def33e022ae2eb8f782df1a.sdkstatcache -target arm64-apple-macos12.0 -fmessage-length\=0 -fdiagnostics-show-note-include-stack -fmacro-backtrace-limit\=0 -fno-color-diagnostics -fmodules-prune-interval\=86400 -fmodules-prune-after\=345600 -fbuild-session-file\=/Users/buddhirajgautam/Library/Developer/Xcode/DerivedData/ModuleCache.noindex/Session.modulevalidation -fmodules-validate-once-per-build-session -Wnon-modular-include-in-framework-module -Werror\=non-modular-include-in-framework-module -Wno-trigraphs -Wno-missing-field-initializers -Wno-missing-prototypes -Wno-return-type -Wno-implicit-atomic-properties -Wno-objc-interface-ivars -Wno-arc-repeated-use-of-weak -Wno-missing-braces -Wparentheses -Wswitch -Wno-unused-function -Wno-unused-label -Wno-unused-parameter -Wno-unused-variable -Wunused-value -Wno-empty-body -Wno-uninitialized -Wno-unknown-pragmas -Wno-shadow -Wno-four-char-constants -Wno-conversion -Wno-constant-conversion -Wno-int-conversion -Wno-bool-conversion -Wno-enum-conversion -Wno-float-conversion -Wno-non-literal-null-conversion -Wno-objc-literal-conversion -Wshorten-64-to-32 -Wpointer-sign -Wno-newline-eof -Wno-selector -Wno-strict-selector-match -Wno-undeclared-selector -Wno-deprecated-implementations -Wno-implicit-fallthrough -isysroot /Applications/Xcode.app/Contents/Developer/Platforms/MacOSX.platform/Developer/SDKs/MacOSX27.0.sdk -fstrict-aliasing -Wprotocol -Wdeprecated-declarations -Wno-sign-conversion -Wno-infinite-recursion -Wno-comma -Wno-block-capture-autoreleasing -Wno-strict-prototypes -Wno-semicolon-before-method-body -index-store-path /Users/buddhirajgautam/Library/Developer/Xcode/DerivedData/Telegram-Mac-fygdgghdgmuleoelvxabfmqiotta/Index.noindex/DataStore @/Users/buddhirajgautam/Library/Developer/Xcode/DerivedData/Telegram-Mac-fygdgghdgmuleoelvxabfmqiotta/Build/Intermediates.noindex/MtProtoKit.build/Debug/MtProtoKit-t.build/Objects-normal/arm64/e6072d4f65d7061329687fe24e3d63a7-common-args.resp -MMD -MT dependencies -MF /Users/buddhirajgautam/Library/Developer/Xcode/DerivedData/Telegram-Mac-fygdgghdgmuleoelvxabfmqiotta/Build/Intermediates.noindex/MtProtoKit.build/Debug/MtProtoKit-t.build/Objects-normal/arm64/MTDropResponseContext.d --serialize-diagnostics /Users/buddhirajgautam/Library/Developer/Xcode/DerivedData/Telegram-Mac-fygdgghdgmuleoelvxabfmqiotta/Build/Intermediates.noindex/MtProtoKit.build/Debug/MtProtoKit-t.build/Objects-normal/arm64/MTDropResponseContext.dia -c /Users/buddhirajgautam/Documents/Cherrygram-Mac/macOS-Swift/submodules/telegram-ios/submodules/MtProtoKit/Sources/MTDropResponseContext.m -o /Users/buddhirajgautam/Library/Developer/Xcode/DerivedData/Telegram-Mac-fygdgghdgmuleoelvxabfmqiotta/Build/Intermediates.noindex/MtProtoKit.build/Debug/MtProtoKit-t.build/Objects-normal/arm64/MTDropResponseContext.o -index-unit-output-path /MtProtoKit.build/Debug/MtProtoKit-t.build/Objects-normal/arm64/MTDropResponseContext.o

CompileC /Users/buddhirajgautam/Library/Developer/Xcode/DerivedData/Telegram-Mac-fygdgghdgmuleoelvxabfmqiotta/Build/Intermediates.noindex/MtProtoKit.build/Debug/MtProtoKit-t.build/Objects-normal/arm64/MTExportedAuthorizationData.o /Users/buddhirajgautam/Documents/Cherrygram-Mac/macOS-Swift/submodules/telegram-ios/submodules/MtProtoKit/Sources/MTExportedAuthorizationData.m normal arm64 objective-c com.apple.compilers.llvm.clang.1_0.compiler (in target 'MtProtoKit' from project 'MtProtoKit')
    cd /Users/buddhirajgautam/Documents/Cherrygram-Mac/macOS-Swift
    
    Using response file: /Users/buddhirajgautam/Library/Developer/Xcode/DerivedData/Telegram-Mac-fygdgghdgmuleoelvxabfmqiotta/Build/Intermediates.noindex/MtProtoKit.build/Debug/MtProtoKit-t.build/Objects-normal/arm64/e6072d4f65d7061329687fe24e3d63a7-common-args.resp
    
    /Applications/Xcode.app/Contents/Developer/Toolchains/XcodeDefault.xctoolchain/usr/bin/clang -x objective-c -ivfsstatcache /Users/buddhirajgautam/Library/Developer/Xcode/DerivedData/SDKStatCaches.noindex/macosx27.0-26A425-e829b21a6f8c9b70876ba0858053c0447231f6df4def33e022ae2eb8f782df1a.sdkstatcache -target arm64-apple-macos12.0 -fmessage-length\=0 -fdiagnostics-show-note-include-stack -fmacro-backtrace-limit\=0 -fno-color-diagnostics -fmodules-prune-interval\=86400 -fmodules-prune-after\=345600 -fbuild-session-file\=/Users/buddhirajgautam/Library/Developer/Xcode/DerivedData/ModuleCache.noindex/Session.modulevalidation -fmodules-validate-once-per-build-session -Wnon-modular-include-in-framework-module -Werror\=non-modular-include-in-framework-module -Wno-trigraphs -Wno-missing-field-initializers -Wno-missing-prototypes -Wno-return-type -Wno-implicit-atomic-properties -Wno-objc-interface-ivars -Wno-arc-repeated-use-of-weak -Wno-missing-braces -Wparentheses -Wswitch -Wno-unused-function -Wno-unused-label -Wno-unused-parameter -Wno-unused-variable -Wunused-value -Wno-empty-body -Wno-uninitialized -Wno-unknown-pragmas -Wno-shadow -Wno-four-char-constants -Wno-conversion -Wno-constant-conversion -Wno-int-conversion -Wno-bool-conversion -Wno-enum-conversion -Wno-float-conversion -Wno-non-literal-null-conversion -Wno-objc-literal-conversion -Wshorten-64-to-32 -Wpointer-sign -Wno-newline-eof -Wno-selector -Wno-strict-selector-match -Wno-undeclared-selector -Wno-deprecated-implementations -Wno-implicit-fallthrough -isysroot /Applications/Xcode.app/Contents/Developer/Platforms/MacOSX.platform/Developer/SDKs/MacOSX27.0.sdk -fstrict-aliasing -Wprotocol -Wdeprecated-declarations -Wno-sign-conversion -Wno-infinite-recursion -Wno-comma -Wno-block-capture-autoreleasing -Wno-strict-prototypes -Wno-semicolon-before-method-body -index-store-path /Users/buddhirajgautam/Library/Developer/Xcode/DerivedData/Telegram-Mac-fygdgghdgmuleoelvxabfmqiotta/Index.noindex/DataStore @/Users/buddhirajgautam/Library/Developer/Xcode/DerivedData/Telegram-Mac-fygdgghdgmuleoelvxabfmqiotta/Build/Intermediates.noindex/MtProtoKit.build/Debug/MtProtoKit-t.build/Objects-normal/arm64/e6072d4f65d7061329687fe24e3d63a7-common-args.resp -MMD -MT dependencies -MF /Users/buddhirajgautam/Library/Developer/Xcode/DerivedData/Telegram-Mac-fygdgghdgmuleoelvxabfmqiotta/Build/Intermediates.noindex/MtProtoKit.build/Debug/MtProtoKit-t.build/Objects-normal/arm64/MTExportedAuthorizationData.d --serialize-diagnostics /Users/buddhirajgautam/Library/Developer/Xcode/DerivedData/Telegram-Mac-fygdgghdgmuleoelvxabfmqiotta/Build/Intermediates.noindex/MtProtoKit.build/Debug/MtProtoKit-t.build/Objects-normal/arm64/MTExportedAuthorizationData.dia -c /Users/buddhirajgautam/Documents/Cherrygram-Mac/macOS-Swift/submodules/telegram-ios/submodules/MtProtoKit/Sources/MTExportedAuthorizationData.m -o /Users/buddhirajgautam/Library/Developer/Xcode/DerivedData/Telegram-Mac-fygdgghdgmuleoelvxabfmqiotta/Build/Intermediates.noindex/MtProtoKit.build/Debug/MtProtoKit-t.build/Objects-normal/arm64/MTExportedAuthorizationData.o -index-unit-output-path /MtProtoKit.build/Debug/MtProtoKit-t.build/Objects-normal/arm64/MTExportedAuthorizationData.o

ScanDependencies /Users/buddhirajgautam/Library/Developer/Xcode/DerivedData/Telegram-Mac-fygdgghdgmuleoelvxabfmqiotta/Build/Intermediates.noindex/MtProtoKit.build/Debug/MtProtoKit-t.build/Objects-normal/arm64/MTDisposable.o /Users/buddhirajgautam/Documents/Cherrygram-Mac/macOS-Swift/submodules/telegram-ios/submodules/MtProtoKit/Sources/MTDisposable.m normal arm64 objective-c com.apple.compilers.llvm.clang.1_0.compiler (in target 'MtProtoKit' from project 'MtProtoKit')
    cd /Users/buddhirajgautam/Documents/Cherrygram-Mac/macOS-Swift
    
    Using response file: /Users/buddhirajgautam/Library/Developer/Xcode/DerivedData/Telegram-Mac-fygdgghdgmuleoelvxabfmqiotta/Build/Intermediates.noindex/MtProtoKit.build/Debug/MtProtoKit-t.build/Objects-normal/arm64/e6072d4f65d7061329687fe24e3d63a7-common-args.resp
    
    builtin-ScanDependencies -o /Users/buddhirajgautam/Library/Developer/Xcode/DerivedData/Telegram-Mac-fygdgghdgmuleoelvxabfmqiotta/Build/Intermediates.noindex/MtProtoKit.build/Debug/MtProtoKit-t.build/Objects-normal/arm64/MTDisposable.o.scan -- /Applications/Xcode.app/Contents/Developer/Toolchains/XcodeDefault.xctoolchain/usr/bin/clang -x objective-c -ivfsstatcache /Users/buddhirajgautam/Library/Developer/Xcode/DerivedData/SDKStatCaches.noindex/macosx27.0-26A425-e829b21a6f8c9b70876ba0858053c0447231f6df4def33e022ae2eb8f782df1a.sdkstatcache -target arm64-apple-macos12.0 -fmessage-length\=0 -fdiagnostics-show-note-include-stack -fmacro-backtrace-limit\=0 -fno-color-diagnostics -fmodules-prune-interval\=86400 -fmodules-prune-after\=345600 -fbuild-session-file\=/Users/buddhirajgautam/Library/Developer/Xcode/DerivedData/ModuleCache.noindex/Session.modulevalidation -fmodules-validate-once-per-build-session -Wnon-modular-include-in-framework-module -Werror\=non-modular-include-in-framework-module -Wno-trigraphs -Wno-missing-field-initializers -Wno-missing-prototypes -Wno-return-type -Wno-implicit-atomic-properties -Wno-objc-interface-ivars -Wno-arc-repeated-use-of-weak -Wno-missing-braces -Wparentheses -Wswitch -Wno-unused-function -Wno-unused-label -Wno-unused-parameter -Wno-unused-variable -Wunused-value -Wno-empty-body -Wno-uninitialized -Wno-unknown-pragmas -Wno-shadow -Wno-four-char-constants -Wno-conversion -Wno-constant-conversion -Wno-int-conversion -Wno-bool-conversion -Wno-enum-conversion -Wno-float-conversion -Wno-non-literal-null-conversion -Wno-objc-literal-conversion -Wshorten-64-to-32 -Wpointer-sign -Wno-newline-eof -Wno-selector -Wno-strict-selector-match -Wno-undeclared-selector -Wno-deprecated-implementations -Wno-implicit-fallthrough -isysroot /Applications/Xcode.app/Contents/Developer/Platforms/MacOSX.platform/Developer/SDKs/MacOSX27.0.sdk -fstrict-aliasing -Wprotocol -Wdeprecated-declarations -Wno-sign-conversion -Wno-infinite-recursion -Wno-comma -Wno-block-capture-autoreleasing -Wno-strict-prototypes -Wno-semicolon-before-method-body -index-store-path /Users/buddhirajgautam/Library/Developer/Xcode/DerivedData/Telegram-Mac-fygdgghdgmuleoelvxabfmqiotta/Index.noindex/DataStore @/Users/buddhirajgautam/Library/Developer/Xcode/DerivedData/Telegram-Mac-fygdgghdgmuleoelvxabfmqiotta/Build/Intermediates.noindex/MtProtoKit.build/Debug/MtProtoKit-t.build/Objects-normal/arm64/e6072d4f65d7061329687fe24e3d63a7-common-args.resp -MMD -MT dependencies -MF /Users/buddhirajgautam/Library/Developer/Xcode/DerivedData/Telegram-Mac-fygdgghdgmuleoelvxabfmqiotta/Build/Intermediates.noindex/MtProtoKit.build/Debug/MtProtoKit-t.build/Objects-normal/arm64/MTDisposable.d --serialize-diagnostics /Users/buddhirajgautam/Library/Developer/Xcode/DerivedData/Telegram-Mac-fygdgghdgmuleoelvxabfmqiotta/Build/Intermediates.noindex/MtProtoKit.build/Debug/MtProtoKit-t.build/Objects-normal/arm64/MTDisposable.dia -c /Users/buddhirajgautam/Documents/Cherrygram-Mac/macOS-Swift/submodules/telegram-ios/submodules/MtProtoKit/Sources/MTDisposable.m -o /Users/buddhirajgautam/Library/Developer/Xcode/DerivedData/Telegram-Mac-fygdgghdgmuleoelvxabfmqiotta/Build/Intermediates.noindex/MtProtoKit.build/Debug/MtProtoKit-t.build/Objects-normal/arm64/MTDisposable.o -index-unit-output-path /MtProtoKit.build/Debug/MtProtoKit-t.build/Objects-normal/arm64/MTDisposable.o

CompileC /Users/buddhirajgautam/Library/Developer/Xcode/DerivedData/Telegram-Mac-fygdgghdgmuleoelvxabfmqiotta/Build/Intermediates.noindex/MtProtoKit.build/Debug/MtProtoKit-t.build/Objects-normal/arm64/MTEncryption.o /Users/buddhirajgautam/Documents/Cherrygram-Mac/macOS-Swift/submodules/telegram-ios/submodules/MtProtoKit/Sources/MTEncryption.m normal arm64 objective-c com.apple.compilers.llvm.clang.1_0.compiler (in target 'MtProtoKit' from project 'MtProtoKit')
    cd /Users/buddhirajgautam/Documents/Cherrygram-Mac/macOS-Swift
    
    Using response file: /Users/buddhirajgautam/Library/Developer/Xcode/DerivedData/Telegram-Mac-fygdgghdgmuleoelvxabfmqiotta/Build/Intermediates.noindex/MtProtoKit.build/Debug/MtProtoKit-t.build/Objects-normal/arm64/e6072d4f65d7061329687fe24e3d63a7-common-args.resp
    
    /Applications/Xcode.app/Contents/Developer/Toolchains/XcodeDefault.xctoolchain/usr/bin/clang -x objective-c -ivfsstatcache /Users/buddhirajgautam/Library/Developer/Xcode/DerivedData/SDKStatCaches.noindex/macosx27.0-26A425-e829b21a6f8c9b70876ba0858053c0447231f6df4def33e022ae2eb8f782df1a.sdkstatcache -target arm64-apple-macos12.0 -fmessage-length\=0 -fdiagnostics-show-note-include-stack -fmacro-backtrace-limit\=0 -fno-color-diagnostics -fmodules-prune-interval\=86400 -fmodules-prune-after\=345600 -fbuild-session-file\=/Users/buddhirajgautam/Library/Developer/Xcode/DerivedData/ModuleCache.noindex/Session.modulevalidation -fmodules-validate-once-per-build-session -Wnon-modular-include-in-framework-module -Werror\=non-modular-include-in-framework-module -Wno-trigraphs -Wno-missing-field-initializers -Wno-missing-prototypes -Wno-return-type -Wno-implicit-atomic-properties -Wno-objc-interface-ivars -Wno-arc-repeated-use-of-weak -Wno-missing-braces -Wparentheses -Wswitch -Wno-unused-function -Wno-unused-label -Wno-unused-parameter -Wno-unused-variable -Wunused-value -Wno-empty-body -Wno-uninitialized -Wno-unknown-pragmas -Wno-shadow -Wno-four-char-constants -Wno-conversion -Wno-constant-conversion -Wno-int-conversion -Wno-bool-conversion -Wno-enum-conversion -Wno-float-conversion -Wno-non-literal-null-conversion -Wno-objc-literal-conversion -Wshorten-64-to-32 -Wpointer-sign -Wno-newline-eof -Wno-selector -Wno-strict-selector-match -Wno-undeclared-selector -Wno-deprecated-implementations -Wno-implicit-fallthrough -isysroot /Applications/Xcode.app/Contents/Developer/Platforms/MacOSX.platform/Developer/SDKs/MacOSX27.0.sdk -fstrict-aliasing -Wprotocol -Wdeprecated-declarations -Wno-sign-conversion -Wno-infinite-recursion -Wno-comma -Wno-block-capture-autoreleasing -Wno-strict-prototypes -Wno-semicolon-before-method-body -index-store-path /Users/buddhirajgautam/Library/Developer/Xcode/DerivedData/Telegram-Mac-fygdgghdgmuleoelvxabfmqiotta/Index.noindex/DataStore @/Users/buddhirajgautam/Library/Developer/Xcode/DerivedData/Telegram-Mac-fygdgghdgmuleoelvxabfmqiotta/Build/Intermediates.noindex/MtProtoKit.build/Debug/MtProtoKit-t.build/Objects-normal/arm64/e6072d4f65d7061329687fe24e3d63a7-common-args.resp -MMD -MT dependencies -MF /Users/buddhirajgautam/Library/Developer/Xcode/DerivedData/Telegram-Mac-fygdgghdgmuleoelvxabfmqiotta/Build/Intermediates.noindex/MtProtoKit.build/Debug/MtProtoKit-t.build/Objects-normal/arm64/MTEncryption.d --serialize-diagnostics /Users/buddhirajgautam/Library/Developer/Xcode/DerivedData/Telegram-Mac-fygdgghdgmuleoelvxabfmqiotta/Build/Intermediates.noindex/MtProtoKit.build/Debug/MtProtoKit-t.build/Objects-normal/arm64/MTEncryption.dia -c /Users/buddhirajgautam/Documents/Cherrygram-Mac/macOS-Swift/submodules/telegram-ios/submodules/MtProtoKit/Sources/MTEncryption.m -o /Users/buddhirajgautam/Library/Developer/Xcode/DerivedData/Telegram-Mac-fygdgghdgmuleoelvxabfmqiotta/Build/Intermediates.noindex/MtProtoKit.build/Debug/MtProtoKit-t.build/Objects-normal/arm64/MTEncryption.o -index-unit-output-path /MtProtoKit.build/Debug/MtProtoKit-t.build/Objects-normal/arm64/MTEncryption.o

CompileC /Users/buddhirajgautam/Library/Developer/Xcode/DerivedData/Telegram-Mac-fygdgghdgmuleoelvxabfmqiotta/Build/Intermediates.noindex/MtProtoKit.build/Debug/MtProtoKit-t.build/Objects-normal/arm64/MTDropRpcResultMessage.o /Users/buddhirajgautam/Documents/Cherrygram-Mac/macOS-Swift/submodules/telegram-ios/submodules/MtProtoKit/Sources/MTDropRpcResultMessage.m normal arm64 objective-c com.apple.compilers.llvm.clang.1_0.compiler (in target 'MtProtoKit' from project 'MtProtoKit')
    cd /Users/buddhirajgautam/Documents/Cherrygram-Mac/macOS-Swift
    
    Using response file: /Users/buddhirajgautam/Library/Developer/Xcode/DerivedData/Telegram-Mac-fygdgghdgmuleoelvxabfmqiotta/Build/Intermediates.noindex/MtProtoKit.build/Debug/MtProtoKit-t.build/Objects-normal/arm64/e6072d4f65d7061329687fe24e3d63a7-common-args.resp
    
    /Applications/Xcode.app/Contents/Developer/Toolchains/XcodeDefault.xctoolchain/usr/bin/clang -x objective-c -ivfsstatcache /Users/buddhirajgautam/Library/Developer/Xcode/DerivedData/SDKStatCaches.noindex/macosx27.0-26A425-e829b21a6f8c9b70876ba0858053c0447231f6df4def33e022ae2eb8f782df1a.sdkstatcache -target arm64-apple-macos12.0 -fmessage-length\=0 -fdiagnostics-show-note-include-stack -fmacro-backtrace-limit\=0 -fno-color-diagnostics -fmodules-prune-interval\=86400 -fmodules-prune-after\=345600 -fbuild-session-file\=/Users/buddhirajgautam/Library/Developer/Xcode/DerivedData/ModuleCache.noindex/Session.modulevalidation -fmodules-validate-once-per-build-session -Wnon-modular-include-in-framework-module -Werror\=non-modular-include-in-framework-module -Wno-trigraphs -Wno-missing-field-initializers -Wno-missing-prototypes -Wno-return-type -Wno-implicit-atomic-properties -Wno-objc-interface-ivars -Wno-arc-repeated-use-of-weak -Wno-missing-braces -Wparentheses -Wswitch -Wno-unused-function -Wno-unused-label -Wno-unused-parameter -Wno-unused-variable -Wunused-value -Wno-empty-body -Wno-uninitialized -Wno-unknown-pragmas -Wno-shadow -Wno-four-char-constants -Wno-conversion -Wno-constant-conversion -Wno-int-conversion -Wno-bool-conversion -Wno-enum-conversion -Wno-float-conversion -Wno-non-literal-null-conversion -Wno-objc-literal-conversion -Wshorten-64-to-32 -Wpointer-sign -Wno-newline-eof -Wno-selector -Wno-strict-selector-match -Wno-undeclared-selector -Wno-deprecated-implementations -Wno-implicit-fallthrough -isysroot /Applications/Xcode.app/Contents/Developer/Platforms/MacOSX.platform/Developer/SDKs/MacOSX27.0.sdk -fstrict-aliasing -Wprotocol -Wdeprecated-declarations -Wno-sign-conversion -Wno-infinite-recursion -Wno-comma -Wno-block-capture-autoreleasing -Wno-strict-prototypes -Wno-semicolon-before-method-body -index-store-path /Users/buddhirajgautam/Library/Developer/Xcode/DerivedData/Telegram-Mac-fygdgghdgmuleoelvxabfmqiotta/Index.noindex/DataStore @/Users/buddhirajgautam/Library/Developer/Xcode/DerivedData/Telegram-Mac-fygdgghdgmuleoelvxabfmqiotta/Build/Intermediates.noindex/MtProtoKit.build/Debug/MtProtoKit-t.build/Objects-normal/arm64/e6072d4f65d7061329687fe24e3d63a7-common-args.resp -MMD -MT dependencies -MF /Users/buddhirajgautam/Library/Developer/Xcode/DerivedData/Telegram-Mac-fygdgghdgmuleoelvxabfmqiotta/Build/Intermediates.noindex/MtProtoKit.build/Debug/MtProtoKit-t.build/Objects-normal/arm64/MTDropRpcResultMessage.d --serialize-diagnostics /Users/buddhirajgautam/Library/Developer/Xcode/DerivedData/Telegram-Mac-fygdgghdgmuleoelvxabfmqiotta/Build/Intermediates.noindex/MtProtoKit.build/Debug/MtProtoKit-t.build/Objects-normal/arm64/MTDropRpcResultMessage.dia -c /Users/buddhirajgautam/Documents/Cherrygram-Mac/macOS-Swift/submodules/telegram-ios/submodules/MtProtoKit/Sources/MTDropRpcResultMessage.m -o /Users/buddhirajgautam/Library/Developer/Xcode/DerivedData/Telegram-Mac-fygdgghdgmuleoelvxabfmqiotta/Build/Intermediates.noindex/MtProtoKit.build/Debug/MtProtoKit-t.build/Objects-normal/arm64/MTDropRpcResultMessage.o -index-unit-output-path /MtProtoKit.build/Debug/MtProtoKit-t.build/Objects-normal/arm64/MTDropRpcResultMessage.o

CompileC /Users/buddhirajgautam/Library/Developer/Xcode/DerivedData/Telegram-Mac-fygdgghdgmuleoelvxabfmqiotta/Build/Intermediates.noindex/MtProtoKit.build/Debug/MtProtoKit-t.build/Objects-normal/arm64/MTDropResponseContext.o /Users/buddhirajgautam/Documents/Cherrygram-Mac/macOS-Swift/submodules/telegram-ios/submodules/MtProtoKit/Sources/MTDropResponseContext.m normal arm64 objective-c com.apple.compilers.llvm.clang.1_0.compiler (in target 'MtProtoKit' from project 'MtProtoKit')
    cd /Users/buddhirajgautam/Documents/Cherrygram-Mac/macOS-Swift
    
    Using response file: /Users/buddhirajgautam/Library/Developer/Xcode/DerivedData/Telegram-Mac-fygdgghdgmuleoelvxabfmqiotta/Build/Intermediates.noindex/MtProtoKit.build/Debug/MtProtoKit-t.build/Objects-normal/arm64/e6072d4f65d7061329687fe24e3d63a7-common-args.resp
    
    /Applications/Xcode.app/Contents/Developer/Toolchains/XcodeDefault.xctoolchain/usr/bin/clang -x objective-c -ivfsstatcache /Users/buddhirajgautam/Library/Developer/Xcode/DerivedData/SDKStatCaches.noindex/macosx27.0-26A425-e829b21a6f8c9b70876ba0858053c0447231f6df4def33e022ae2eb8f782df1a.sdkstatcache -target arm64-apple-macos12.0 -fmessage-length\=0 -fdiagnostics-show-note-include-stack -fmacro-backtrace-limit\=0 -fno-color-diagnostics -fmodules-prune-interval\=86400 -fmodules-prune-after\=345600 -fbuild-session-file\=/Users/buddhirajgautam/Library/Developer/Xcode/DerivedData/ModuleCache.noindex/Session.modulevalidation -fmodules-validate-once-per-build-session -Wnon-modular-include-in-framework-module -Werror\=non-modular-include-in-framework-module -Wno-trigraphs -Wno-missing-field-initializers -Wno-missing-prototypes -Wno-return-type -Wno-implicit-atomic-properties -Wno-objc-interface-ivars -Wno-arc-repeated-use-of-weak -Wno-missing-braces -Wparentheses -Wswitch -Wno-unused-function -Wno-unused-label -Wno-unused-parameter -Wno-unused-variable -Wunused-value -Wno-empty-body -Wno-uninitialized -Wno-unknown-pragmas -Wno-shadow -Wno-four-char-constants -Wno-conversion -Wno-constant-conversion -Wno-int-conversion -Wno-bool-conversion -Wno-enum-conversion -Wno-float-conversion -Wno-non-literal-null-conversion -Wno-objc-literal-conversion -Wshorten-64-to-32 -Wpointer-sign -Wno-newline-eof -Wno-selector -Wno-strict-selector-match -Wno-undeclared-selector -Wno-deprecated-implementations -Wno-implicit-fallthrough -isysroot /Applications/Xcode.app/Contents/Developer/Platforms/MacOSX.platform/Developer/SDKs/MacOSX27.0.sdk -fstrict-aliasing -Wprotocol -Wdeprecated-declarations -Wno-sign-conversion -Wno-infinite-recursion -Wno-comma -Wno-block-capture-autoreleasing -Wno-strict-prototypes -Wno-semicolon-before-method-body -index-store-path /Users/buddhirajgautam/Library/Developer/Xcode/DerivedData/Telegram-Mac-fygdgghdgmuleoelvxabfmqiotta/Index.noindex/DataStore @/Users/buddhirajgautam/Library/Developer/Xcode/DerivedData/Telegram-Mac-fygdgghdgmuleoelvxabfmqiotta/Build/Intermediates.noindex/MtProtoKit.build/Debug/MtProtoKit-t.build/Objects-normal/arm64/e6072d4f65d7061329687fe24e3d63a7-common-args.resp -MMD -MT dependencies -MF /Users/buddhirajgautam/Library/Developer/Xcode/DerivedData/Telegram-Mac-fygdgghdgmuleoelvxabfmqiotta/Build/Intermediates.noindex/MtProtoKit.build/Debug/MtProtoKit-t.build/Objects-normal/arm64/MTDropResponseContext.d --serialize-diagnostics /Users/buddhirajgautam/Library/Developer/Xcode/DerivedData/Telegram-Mac-fygdgghdgmuleoelvxabfmqiotta/Build/Intermediates.noindex/MtProtoKit.build/Debug/MtProtoKit-t.build/Objects-normal/arm64/MTDropResponseContext.dia -c /Users/buddhirajgautam/Documents/Cherrygram-Mac/macOS-Swift/submodules/telegram-ios/submodules/MtProtoKit/Sources/MTDropResponseContext.m -o /Users/buddhirajgautam/Library/Developer/Xcode/DerivedData/Telegram-Mac-fygdgghdgmuleoelvxabfmqiotta/Build/Intermediates.noindex/MtProtoKit.build/Debug/MtProtoKit-t.build/Objects-normal/arm64/MTDropResponseContext.o -index-unit-output-path /MtProtoKit.build/Debug/MtProtoKit-t.build/Objects-normal/arm64/MTDropResponseContext.o

ScanDependencies /Users/buddhirajgautam/Library/Developer/Xcode/DerivedData/Telegram-Mac-fygdgghdgmuleoelvxabfmqiotta/Build/Intermediates.noindex/MtProtoKit.build/Debug/MtProtoKit-t.build/Objects-normal/arm64/MTDiscoverDatacenterAddressAction.o /Users/buddhirajgautam/Documents/Cherrygram-Mac/macOS-Swift/submodules/telegram-ios/submodules/MtProtoKit/Sources/MTDiscoverDatacenterAddressAction.m normal arm64 objective-c com.apple.compilers.llvm.clang.1_0.compiler (in target 'MtProtoKit' from project 'MtProtoKit')
    cd /Users/buddhirajgautam/Documents/Cherrygram-Mac/macOS-Swift
    
    Using response file: /Users/buddhirajgautam/Library/Developer/Xcode/DerivedData/Telegram-Mac-fygdgghdgmuleoelvxabfmqiotta/Build/Intermediates.noindex/MtProtoKit.build/Debug/MtProtoKit-t.build/Objects-normal/arm64/e6072d4f65d7061329687fe24e3d63a7-common-args.resp
    
    builtin-ScanDependencies -o /Users/buddhirajgautam/Library/Developer/Xcode/DerivedData/Telegram-Mac-fygdgghdgmuleoelvxabfmqiotta/Build/Intermediates.noindex/MtProtoKit.build/Debug/MtProtoKit-t.build/Objects-normal/arm64/MTDiscoverDatacenterAddressAction.o.scan -- /Applications/Xcode.app/Contents/Developer/Toolchains/XcodeDefault.xctoolchain/usr/bin/clang -x objective-c -ivfsstatcache /Users/buddhirajgautam/Library/Developer/Xcode/DerivedData/SDKStatCaches.noindex/macosx27.0-26A425-e829b21a6f8c9b70876ba0858053c0447231f6df4def33e022ae2eb8f782df1a.sdkstatcache -target arm64-apple-macos12.0 -fmessage-length\=0 -fdiagnostics-show-note-include-stack -fmacro-backtrace-limit\=0 -fno-color-diagnostics -fmodules-prune-interval\=86400 -fmodules-prune-after\=345600 -fbuild-session-file\=/Users/buddhirajgautam/Library/Developer/Xcode/DerivedData/ModuleCache.noindex/Session.modulevalidation -fmodules-validate-once-per-build-session -Wnon-modular-include-in-framework-module -Werror\=non-modular-include-in-framework-module -Wno-trigraphs -Wno-missing-field-initializers -Wno-missing-prototypes -Wno-return-type -Wno-implicit-atomic-properties -Wno-objc-interface-ivars -Wno-arc-repeated-use-of-weak -Wno-missing-braces -Wparentheses -Wswitch -Wno-unused-function -Wno-unused-label -Wno-unused-parameter -Wno-unused-variable -Wunused-value -Wno-empty-body -Wno-uninitialized -Wno-unknown-pragmas -Wno-shadow -Wno-four-char-constants -Wno-conversion -Wno-constant-conversion -Wno-int-conversion -Wno-bool-conversion -Wno-enum-conversion -Wno-float-conversion -Wno-non-literal-null-conversion -Wno-objc-literal-conversion -Wshorten-64-to-32 -Wpointer-sign -Wno-newline-eof -Wno-selector -Wno-strict-selector-match -Wno-undeclared-selector -Wno-deprecated-implementations -Wno-implicit-fallthrough -isysroot /Applications/Xcode.app/Contents/Developer/Platforms/MacOSX.platform/Developer/SDKs/MacOSX27.0.sdk -fstrict-aliasing -Wprotocol -Wdeprecated-declarations -Wno-sign-conversion -Wno-infinite-recursion -Wno-comma -Wno-block-capture-autoreleasing -Wno-strict-prototypes -Wno-semicolon-before-method-body -index-store-path /Users/buddhirajgautam/Library/Developer/Xcode/DerivedData/Telegram-Mac-fygdgghdgmuleoelvxabfmqiotta/Index.noindex/DataStore @/Users/buddhirajgautam/Library/Developer/Xcode/DerivedData/Telegram-Mac-fygdgghdgmuleoelvxabfmqiotta/Build/Intermediates.noindex/MtProtoKit.build/Debug/MtProtoKit-t.build/Objects-normal/arm64/e6072d4f65d7061329687fe24e3d63a7-common-args.resp -MMD -MT dependencies -MF /Users/buddhirajgautam/Library/Developer/Xcode/DerivedData/Telegram-Mac-fygdgghdgmuleoelvxabfmqiotta/Build/Intermediates.noindex/MtProtoKit.build/Debug/MtProtoKit-t.build/Objects-normal/arm64/MTDiscoverDatacenterAddressAction.d --serialize-diagnostics /Users/buddhirajgautam/Library/Developer/Xcode/DerivedData/Telegram-Mac-fygdgghdgmuleoelvxabfmqiotta/Build/Intermediates.noindex/MtProtoKit.build/Debug/MtProtoKit-t.build/Objects-normal/arm64/MTDiscoverDatacenterAddressAction.dia -c /Users/buddhirajgautam/Documents/Cherrygram-Mac/macOS-Swift/submodules/telegram-ios/submodules/MtProtoKit/Sources/MTDiscoverDatacenterAddressAction.m -o /Users/buddhirajgautam/Library/Developer/Xcode/DerivedData/Telegram-Mac-fygdgghdgmuleoelvxabfmqiotta/Build/Intermediates.noindex/MtProtoKit.build/Debug/MtProtoKit-t.build/Objects-normal/arm64/MTDiscoverDatacenterAddressAction.o -index-unit-output-path /MtProtoKit.build/Debug/MtProtoKit-t.build/Objects-normal/arm64/MTDiscoverDatacenterAddressAction.o

ScanDependencies /Users/buddhirajgautam/Library/Developer/Xcode/DerivedData/Telegram-Mac-fygdgghdgmuleoelvxabfmqiotta/Build/Intermediates.noindex/MtProtoKit.build/Debug/MtProtoKit-t.build/Objects-normal/arm64/MTDiscoverConnectionSignals.o /Users/buddhirajgautam/Documents/Cherrygram-Mac/macOS-Swift/submodules/telegram-ios/submodules/MtProtoKit/Sources/MTDiscoverConnectionSignals.m normal arm64 objective-c com.apple.compilers.llvm.clang.1_0.compiler (in target 'MtProtoKit' from project 'MtProtoKit')
    cd /Users/buddhirajgautam/Documents/Cherrygram-Mac/macOS-Swift
    
    Using response file: /Users/buddhirajgautam/Library/Developer/Xcode/DerivedData/Telegram-Mac-fygdgghdgmuleoelvxabfmqiotta/Build/Intermediates.noindex/MtProtoKit.build/Debug/MtProtoKit-t.build/Objects-normal/arm64/e6072d4f65d7061329687fe24e3d63a7-common-args.resp
    
    builtin-ScanDependencies -o /Users/buddhirajgautam/Library/Developer/Xcode/DerivedData/Telegram-Mac-fygdgghdgmuleoelvxabfmqiotta/Build/Intermediates.noindex/MtProtoKit.build/Debug/MtProtoKit-t.build/Objects-normal/arm64/MTDiscoverConnectionSignals.o.scan -- /Applications/Xcode.app/Contents/Developer/Toolchains/XcodeDefault.xctoolchain/usr/bin/clang -x objective-c -ivfsstatcache /Users/buddhirajgautam/Library/Developer/Xcode/DerivedData/SDKStatCaches.noindex/macosx27.0-26A425-e829b21a6f8c9b70876ba0858053c0447231f6df4def33e022ae2eb8f782df1a.sdkstatcache -target arm64-apple-macos12.0 -fmessage-length\=0 -fdiagnostics-show-note-include-stack -fmacro-backtrace-limit\=0 -fno-color-diagnostics -fmodules-prune-interval\=86400 -fmodules-prune-after\=345600 -fbuild-session-file\=/Users/buddhirajgautam/Library/Developer/Xcode/DerivedData/ModuleCache.noindex/Session.modulevalidation -fmodules-validate-once-per-build-session -Wnon-modular-include-in-framework-module -Werror\=non-modular-include-in-framework-module -Wno-trigraphs -Wno-missing-field-initializers -Wno-missing-prototypes -Wno-return-type -Wno-implicit-atomic-properties -Wno-objc-interface-ivars -Wno-arc-repeated-use-of-weak -Wno-missing-braces -Wparentheses -Wswitch -Wno-unused-function -Wno-unused-label -Wno-unused-parameter -Wno-unused-variable -Wunused-value -Wno-empty-body -Wno-uninitialized -Wno-unknown-pragmas -Wno-shadow -Wno-four-char-constants -Wno-conversion -Wno-constant-conversion -Wno-int-conversion -Wno-bool-conversion -Wno-enum-conversion -Wno-float-conversion -Wno-non-literal-null-conversion -Wno-objc-literal-conversion -Wshorten-64-to-32 -Wpointer-sign -Wno-newline-eof -Wno-selector -Wno-strict-selector-match -Wno-undeclared-selector -Wno-deprecated-implementations -Wno-implicit-fallthrough -isysroot /Applications/Xcode.app/Contents/Developer/Platforms/MacOSX.platform/Developer/SDKs/MacOSX27.0.sdk -fstrict-aliasing -Wprotocol -Wdeprecated-declarations -Wno-sign-conversion -Wno-infinite-recursion -Wno-comma -Wno-block-capture-autoreleasing -Wno-strict-prototypes -Wno-semicolon-before-method-body -index-store-path /Users/buddhirajgautam/Library/Developer/Xcode/DerivedData/Telegram-Mac-fygdgghdgmuleoelvxabfmqiotta/Index.noindex/DataStore @/Users/buddhirajgautam/Library/Developer/Xcode/DerivedData/Telegram-Mac-fygdgghdgmuleoelvxabfmqiotta/Build/Intermediates.noindex/MtProtoKit.build/Debug/MtProtoKit-t.build/Objects-normal/arm64/e6072d4f65d7061329687fe24e3d63a7-common-args.resp -MMD -MT dependencies -MF /Users/buddhirajgautam/Library/Developer/Xcode/DerivedData/Telegram-Mac-fygdgghdgmuleoelvxabfmqiotta/Build/Intermediates.noindex/MtProtoKit.build/Debug/MtProtoKit-t.build/Objects-normal/arm64/MTDiscoverConnectionSignals.d --serialize-diagnostics /Users/buddhirajgautam/Library/Developer/Xcode/DerivedData/Telegram-Mac-fygdgghdgmuleoelvxabfmqiotta/Build/Intermediates.noindex/MtProtoKit.build/Debug/MtProtoKit-t.build/Objects-normal/arm64/MTDiscoverConnectionSignals.dia -c /Users/buddhirajgautam/Documents/Cherrygram-Mac/macOS-Swift/submodules/telegram-ios/submodules/MtProtoKit/Sources/MTDiscoverConnectionSignals.m -o /Users/buddhirajgautam/Library/Developer/Xcode/DerivedData/Telegram-Mac-fygdgghdgmuleoelvxabfmqiotta/Build/Intermediates.noindex/MtProtoKit.build/Debug/MtProtoKit-t.build/Objects-normal/arm64/MTDiscoverConnectionSignals.o -index-unit-output-path /MtProtoKit.build/Debug/MtProtoKit-t.build/Objects-normal/arm64/MTDiscoverConnectionSignals.o

CompileC /Users/buddhirajgautam/Library/Developer/Xcode/DerivedData/Telegram-Mac-fygdgghdgmuleoelvxabfmqiotta/Build/Intermediates.noindex/MtProtoKit.build/Debug/MtProtoKit-t.build/Objects-normal/arm64/MTDisposable.o /Users/buddhirajgautam/Documents/Cherrygram-Mac/macOS-Swift/submodules/telegram-ios/submodules/MtProtoKit/Sources/MTDisposable.m normal arm64 objective-c com.apple.compilers.llvm.clang.1_0.compiler (in target 'MtProtoKit' from project 'MtProtoKit')
    cd /Users/buddhirajgautam/Documents/Cherrygram-Mac/macOS-Swift
    
    Using response file: /Users/buddhirajgautam/Library/Developer/Xcode/DerivedData/Telegram-Mac-fygdgghdgmuleoelvxabfmqiotta/Build/Intermediates.noindex/MtProtoKit.build/Debug/MtProtoKit-t.build/Objects-normal/arm64/e6072d4f65d7061329687fe24e3d63a7-common-args.resp
    
    /Applications/Xcode.app/Contents/Developer/Toolchains/XcodeDefault.xctoolchain/usr/bin/clang -x objective-c -ivfsstatcache /Users/buddhirajgautam/Library/Developer/Xcode/DerivedData/SDKStatCaches.noindex/macosx27.0-26A425-e829b21a6f8c9b70876ba0858053c0447231f6df4def33e022ae2eb8f782df1a.sdkstatcache -target arm64-apple-macos12.0 -fmessage-length\=0 -fdiagnostics-show-note-include-stack -fmacro-backtrace-limit\=0 -fno-color-diagnostics -fmodules-prune-interval\=86400 -fmodules-prune-after\=345600 -fbuild-session-file\=/Users/buddhirajgautam/Library/Developer/Xcode/DerivedData/ModuleCache.noindex/Session.modulevalidation -fmodules-validate-once-per-build-session -Wnon-modular-include-in-framework-module -Werror\=non-modular-include-in-framework-module -Wno-trigraphs -Wno-missing-field-initializers -Wno-missing-prototypes -Wno-return-type -Wno-implicit-atomic-properties -Wno-objc-interface-ivars -Wno-arc-repeated-use-of-weak -Wno-missing-braces -Wparentheses -Wswitch -Wno-unused-function -Wno-unused-label -Wno-unused-parameter -Wno-unused-variable -Wunused-value -Wno-empty-body -Wno-uninitialized -Wno-unknown-pragmas -Wno-shadow -Wno-four-char-constants -Wno-conversion -Wno-constant-conversion -Wno-int-conversion -Wno-bool-conversion -Wno-enum-conversion -Wno-float-conversion -Wno-non-literal-null-conversion -Wno-objc-literal-conversion -Wshorten-64-to-32 -Wpointer-sign -Wno-newline-eof -Wno-selector -Wno-strict-selector-match -Wno-undeclared-selector -Wno-deprecated-implementations -Wno-implicit-fallthrough -isysroot /Applications/Xcode.app/Contents/Developer/Platforms/MacOSX.platform/Developer/SDKs/MacOSX27.0.sdk -fstrict-aliasing -Wprotocol -Wdeprecated-declarations -Wno-sign-conversion -Wno-infinite-recursion -Wno-comma -Wno-block-capture-autoreleasing -Wno-strict-prototypes -Wno-semicolon-before-method-body -index-store-path /Users/buddhirajgautam/Library/Developer/Xcode/DerivedData/Telegram-Mac-fygdgghdgmuleoelvxabfmqiotta/Index.noindex/DataStore @/Users/buddhirajgautam/Library/Developer/Xcode/DerivedData/Telegram-Mac-fygdgghdgmuleoelvxabfmqiotta/Build/Intermediates.noindex/MtProtoKit.build/Debug/MtProtoKit-t.build/Objects-normal/arm64/e6072d4f65d7061329687fe24e3d63a7-common-args.resp -MMD -MT dependencies -MF /Users/buddhirajgautam/Library/Developer/Xcode/DerivedData/Telegram-Mac-fygdgghdgmuleoelvxabfmqiotta/Build/Intermediates.noindex/MtProtoKit.build/Debug/MtProtoKit-t.build/Objects-normal/arm64/MTDisposable.d --serialize-diagnostics /Users/buddhirajgautam/Library/Developer/Xcode/DerivedData/Telegram-Mac-fygdgghdgmuleoelvxabfmqiotta/Build/Intermediates.noindex/MtProtoKit.build/Debug/MtProtoKit-t.build/Objects-normal/arm64/MTDisposable.dia -c /Users/buddhirajgautam/Documents/Cherrygram-Mac/macOS-Swift/submodules/telegram-ios/submodules/MtProtoKit/Sources/MTDisposable.m -o /Users/buddhirajgautam/Library/Developer/Xcode/DerivedData/Telegram-Mac-fygdgghdgmuleoelvxabfmqiotta/Build/Intermediates.noindex/MtProtoKit.build/Debug/MtProtoKit-t.build/Objects-normal/arm64/MTDisposable.o -index-unit-output-path /MtProtoKit.build/Debug/MtProtoKit-t.build/Objects-normal/arm64/MTDisposable.o

ScanDependencies /Users/buddhirajgautam/Library/Developer/Xcode/DerivedData/Telegram-Mac-fygdgghdgmuleoelvxabfmqiotta/Build/Intermediates.noindex/MtProtoKit.build/Debug/MtProtoKit-t.build/Objects-normal/arm64/MTDestroySessionResponseMessage.o /Users/buddhirajgautam/Documents/Cherrygram-Mac/macOS-Swift/submodules/telegram-ios/submodules/MtProtoKit/Sources/MTDestroySessionResponseMessage.m normal arm64 objective-c com.apple.compilers.llvm.clang.1_0.compiler (in target 'MtProtoKit' from project 'MtProtoKit')
    cd /Users/buddhirajgautam/Documents/Cherrygram-Mac/macOS-Swift
    
    Using response file: /Users/buddhirajgautam/Library/Developer/Xcode/DerivedData/Telegram-Mac-fygdgghdgmuleoelvxabfmqiotta/Build/Intermediates.noindex/MtProtoKit.build/Debug/MtProtoKit-t.build/Objects-normal/arm64/e6072d4f65d7061329687fe24e3d63a7-common-args.resp
    
    builtin-ScanDependencies -o /Users/buddhirajgautam/Library/Developer/Xcode/DerivedData/Telegram-Mac-fygdgghdgmuleoelvxabfmqiotta/Build/Intermediates.noindex/MtProtoKit.build/Debug/MtProtoKit-t.build/Objects-normal/arm64/MTDestroySessionResponseMessage.o.scan -- /Applications/Xcode.app/Contents/Developer/Toolchains/XcodeDefault.xctoolchain/usr/bin/clang -x objective-c -ivfsstatcache /Users/buddhirajgautam/Library/Developer/Xcode/DerivedData/SDKStatCaches.noindex/macosx27.0-26A425-e829b21a6f8c9b70876ba0858053c0447231f6df4def33e022ae2eb8f782df1a.sdkstatcache -target arm64-apple-macos12.0 -fmessage-length\=0 -fdiagnostics-show-note-include-stack -fmacro-backtrace-limit\=0 -fno-color-diagnostics -fmodules-prune-interval\=86400 -fmodules-prune-after\=345600 -fbuild-session-file\=/Users/buddhirajgautam/Library/Developer/Xcode/DerivedData/ModuleCache.noindex/Session.modulevalidation -fmodules-validate-once-per-build-session -Wnon-modular-include-in-framework-module -Werror\=non-modular-include-in-framework-module -Wno-trigraphs -Wno-missing-field-initializers -Wno-missing-prototypes -Wno-return-type -Wno-implicit-atomic-properties -Wno-objc-interface-ivars -Wno-arc-repeated-use-of-weak -Wno-missing-braces -Wparentheses -Wswitch -Wno-unused-function -Wno-unused-label -Wno-unused-parameter -Wno-unused-variable -Wunused-value -Wno-empty-body -Wno-uninitialized -Wno-unknown-pragmas -Wno-shadow -Wno-four-char-constants -Wno-conversion -Wno-constant-conversion -Wno-int-conversion -Wno-bool-conversion -Wno-enum-conversion -Wno-float-conversion -Wno-non-literal-null-conversion -Wno-objc-literal-conversion -Wshorten-64-to-32 -Wpointer-sign -Wno-newline-eof -Wno-selector -Wno-strict-selector-match -Wno-undeclared-selector -Wno-deprecated-implementations -Wno-implicit-fallthrough -isysroot /Applications/Xcode.app/Contents/Developer/Platforms/MacOSX.platform/Developer/SDKs/MacOSX27.0.sdk -fstrict-aliasing -Wprotocol -Wdeprecated-declarations -Wno-sign-conversion -Wno-infinite-recursion -Wno-comma -Wno-block-capture-autoreleasing -Wno-strict-prototypes -Wno-semicolon-before-method-body -index-store-path /Users/buddhirajgautam/Library/Developer/Xcode/DerivedData/Telegram-Mac-fygdgghdgmuleoelvxabfmqiotta/Index.noindex/DataStore @/Users/buddhirajgautam/Library/Developer/Xcode/DerivedData/Telegram-Mac-fygdgghdgmuleoelvxabfmqiotta/Build/Intermediates.noindex/MtProtoKit.build/Debug/MtProtoKit-t.build/Objects-normal/arm64/e6072d4f65d7061329687fe24e3d63a7-common-args.resp -MMD -MT dependencies -MF /Users/buddhirajgautam/Library/Developer/Xcode/DerivedData/Telegram-Mac-fygdgghdgmuleoelvxabfmqiotta/Build/Intermediates.noindex/MtProtoKit.build/Debug/MtProtoKit-t.build/Objects-normal/arm64/MTDestroySessionResponseMessage.d --serialize-diagnostics /Users/buddhirajgautam/Library/Developer/Xcode/DerivedData/Telegram-Mac-fygdgghdgmuleoelvxabfmqiotta/Build/Intermediates.noindex/MtProtoKit.build/Debug/MtProtoKit-t.build/Objects-normal/arm64/MTDestroySessionResponseMessage.dia -c /Users/buddhirajgautam/Documents/Cherrygram-Mac/macOS-Swift/submodules/telegram-ios/submodules/MtProtoKit/Sources/MTDestroySessionResponseMessage.m -o /Users/buddhirajgautam/Library/Developer/Xcode/DerivedData/Telegram-Mac-fygdgghdgmuleoelvxabfmqiotta/Build/Intermediates.noindex/MtProtoKit.build/Debug/MtProtoKit-t.build/Objects-normal/arm64/MTDestroySessionResponseMessage.o -index-unit-output-path /MtProtoKit.build/Debug/MtProtoKit-t.build/Objects-normal/arm64/MTDestroySessionResponseMessage.o

CompileC /Users/buddhirajgautam/Library/Developer/Xcode/DerivedData/Telegram-Mac-fygdgghdgmuleoelvxabfmqiotta/Build/Intermediates.noindex/MtProtoKit.build/Debug/MtProtoKit-t.build/Objects-normal/arm64/MTDiscoverConnectionSignals.o /Users/buddhirajgautam/Documents/Cherrygram-Mac/macOS-Swift/submodules/telegram-ios/submodules/MtProtoKit/Sources/MTDiscoverConnectionSignals.m normal arm64 objective-c com.apple.compilers.llvm.clang.1_0.compiler (in target 'MtProtoKit' from project 'MtProtoKit')
    cd /Users/buddhirajgautam/Documents/Cherrygram-Mac/macOS-Swift
    
    Using response file: /Users/buddhirajgautam/Library/Developer/Xcode/DerivedData/Telegram-Mac-fygdgghdgmuleoelvxabfmqiotta/Build/Intermediates.noindex/MtProtoKit.build/Debug/MtProtoKit-t.build/Objects-normal/arm64/e6072d4f65d7061329687fe24e3d63a7-common-args.resp
    
    /Applications/Xcode.app/Contents/Developer/Toolchains/XcodeDefault.xctoolchain/usr/bin/clang -x objective-c -ivfsstatcache /Users/buddhirajgautam/Library/Developer/Xcode/DerivedData/SDKStatCaches.noindex/macosx27.0-26A425-e829b21a6f8c9b70876ba0858053c0447231f6df4def33e022ae2eb8f782df1a.sdkstatcache -target arm64-apple-macos12.0 -fmessage-length\=0 -fdiagnostics-show-note-include-stack -fmacro-backtrace-limit\=0 -fno-color-diagnostics -fmodules-prune-interval\=86400 -fmodules-prune-after\=345600 -fbuild-session-file\=/Users/buddhirajgautam/Library/Developer/Xcode/DerivedData/ModuleCache.noindex/Session.modulevalidation -fmodules-validate-once-per-build-session -Wnon-modular-include-in-framework-module -Werror\=non-modular-include-in-framework-module -Wno-trigraphs -Wno-missing-field-initializers -Wno-missing-prototypes -Wno-return-type -Wno-implicit-atomic-properties -Wno-objc-interface-ivars -Wno-arc-repeated-use-of-weak -Wno-missing-braces -Wparentheses -Wswitch -Wno-unused-function -Wno-unused-label -Wno-unused-parameter -Wno-unused-variable -Wunused-value -Wno-empty-body -Wno-uninitialized -Wno-unknown-pragmas -Wno-shadow -Wno-four-char-constants -Wno-conversion -Wno-constant-conversion -Wno-int-conversion -Wno-bool-conversion -Wno-enum-conversion -Wno-float-conversion -Wno-non-literal-null-conversion -Wno-objc-literal-conversion -Wshorten-64-to-32 -Wpointer-sign -Wno-newline-eof -Wno-selector -Wno-strict-selector-match -Wno-undeclared-selector -Wno-deprecated-implementations -Wno-implicit-fallthrough -isysroot /Applications/Xcode.app/Contents/Developer/Platforms/MacOSX.platform/Developer/SDKs/MacOSX27.0.sdk -fstrict-aliasing -Wprotocol -Wdeprecated-declarations -Wno-sign-conversion -Wno-infinite-recursion -Wno-comma -Wno-block-capture-autoreleasing -Wno-strict-prototypes -Wno-semicolon-before-method-body -index-store-path /Users/buddhirajgautam/Library/Developer/Xcode/DerivedData/Telegram-Mac-fygdgghdgmuleoelvxabfmqiotta/Index.noindex/DataStore @/Users/buddhirajgautam/Library/Developer/Xcode/DerivedData/Telegram-Mac-fygdgghdgmuleoelvxabfmqiotta/Build/Intermediates.noindex/MtProtoKit.build/Debug/MtProtoKit-t.build/Objects-normal/arm64/e6072d4f65d7061329687fe24e3d63a7-common-args.resp -MMD -MT dependencies -MF /Users/buddhirajgautam/Library/Developer/Xcode/DerivedData/Telegram-Mac-fygdgghdgmuleoelvxabfmqiotta/Build/Intermediates.noindex/MtProtoKit.build/Debug/MtProtoKit-t.build/Objects-normal/arm64/MTDiscoverConnectionSignals.d --serialize-diagnostics /Users/buddhirajgautam/Library/Developer/Xcode/DerivedData/Telegram-Mac-fygdgghdgmuleoelvxabfmqiotta/Build/Intermediates.noindex/MtProtoKit.build/Debug/MtProtoKit-t.build/Objects-normal/arm64/MTDiscoverConnectionSignals.dia -c /Users/buddhirajgautam/Documents/Cherrygram-Mac/macOS-Swift/submodules/telegram-ios/submodules/MtProtoKit/Sources/MTDiscoverConnectionSignals.m -o /Users/buddhirajgautam/Library/Developer/Xcode/DerivedData/Telegram-Mac-fygdgghdgmuleoelvxabfmqiotta/Build/Intermediates.noindex/MtProtoKit.build/Debug/MtProtoKit-t.build/Objects-normal/arm64/MTDiscoverConnectionSignals.o -index-unit-output-path /MtProtoKit.build/Debug/MtProtoKit-t.build/Objects-normal/arm64/MTDiscoverConnectionSignals.o

ScanDependencies /Users/buddhirajgautam/Library/Developer/Xcode/DerivedData/Telegram-Mac-fygdgghdgmuleoelvxabfmqiotta/Build/Intermediates.noindex/MtProtoKit.build/Debug/MtProtoKit-t.build/Objects-normal/arm64/MTDatacenterVerificationData.o /Users/buddhirajgautam/Documents/Cherrygram-Mac/macOS-Swift/submodules/telegram-ios/submodules/MtProtoKit/Sources/MTDatacenterVerificationData.m normal arm64 objective-c com.apple.compilers.llvm.clang.1_0.compiler (in target 'MtProtoKit' from project 'MtProtoKit')
    cd /Users/buddhirajgautam/Documents/Cherrygram-Mac/macOS-Swift
    
    Using response file: /Users/buddhirajgautam/Library/Developer/Xcode/DerivedData/Telegram-Mac-fygdgghdgmuleoelvxabfmqiotta/Build/Intermediates.noindex/MtProtoKit.build/Debug/MtProtoKit-t.build/Objects-normal/arm64/e6072d4f65d7061329687fe24e3d63a7-common-args.resp
    
    builtin-ScanDependencies -o /Users/buddhirajgautam/Library/Developer/Xcode/DerivedData/Telegram-Mac-fygdgghdgmuleoelvxabfmqiotta/Build/Intermediates.noindex/MtProtoKit.build/Debug/MtProtoKit-t.build/Objects-normal/arm64/MTDatacenterVerificationData.o.scan -- /Applications/Xcode.app/Contents/Developer/Toolchains/XcodeDefault.xctoolchain/usr/bin/clang -x objective-c -ivfsstatcache /Users/buddhirajgautam/Library/Developer/Xcode/DerivedData/SDKStatCaches.noindex/macosx27.0-26A425-e829b21a6f8c9b70876ba0858053c0447231f6df4def33e022ae2eb8f782df1a.sdkstatcache -target arm64-apple-macos12.0 -fmessage-length\=0 -fdiagnostics-show-note-include-stack -fmacro-backtrace-limit\=0 -fno-color-diagnostics -fmodules-prune-interval\=86400 -fmodules-prune-after\=345600 -fbuild-session-file\=/Users/buddhirajgautam/Library/Developer/Xcode/DerivedData/ModuleCache.noindex/Session.modulevalidation -fmodules-validate-once-per-build-session -Wnon-modular-include-in-framework-module -Werror\=non-modular-include-in-framework-module -Wno-trigraphs -Wno-missing-field-initializers -Wno-missing-prototypes -Wno-return-type -Wno-implicit-atomic-properties -Wno-objc-interface-ivars -Wno-arc-repeated-use-of-weak -Wno-missing-braces -Wparentheses -Wswitch -Wno-unused-function -Wno-unused-label -Wno-unused-parameter -Wno-unused-variable -Wunused-value -Wno-empty-body -Wno-uninitialized -Wno-unknown-pragmas -Wno-shadow -Wno-four-char-constants -Wno-conversion -Wno-constant-conversion -Wno-int-conversion -Wno-bool-conversion -Wno-enum-conversion -Wno-float-conversion -Wno-non-literal-null-conversion -Wno-objc-literal-conversion -Wshorten-64-to-32 -Wpointer-sign -Wno-newline-eof -Wno-selector -Wno-strict-selector-match -Wno-undeclared-selector -Wno-deprecated-implementations -Wno-implicit-fallthrough -isysroot /Applications/Xcode.app/Contents/Developer/Platforms/MacOSX.platform/Developer/SDKs/MacOSX27.0.sdk -fstrict-aliasing -Wprotocol -Wdeprecated-declarations -Wno-sign-conversion -Wno-infinite-recursion -Wno-comma -Wno-block-capture-autoreleasing -Wno-strict-prototypes -Wno-semicolon-before-method-body -index-store-path /Users/buddhirajgautam/Library/Developer/Xcode/DerivedData/Telegram-Mac-fygdgghdgmuleoelvxabfmqiotta/Index.noindex/DataStore @/Users/buddhirajgautam/Library/Developer/Xcode/DerivedData/Telegram-Mac-fygdgghdgmuleoelvxabfmqiotta/Build/Intermediates.noindex/MtProtoKit.build/Debug/MtProtoKit-t.build/Objects-normal/arm64/e6072d4f65d7061329687fe24e3d63a7-common-args.resp -MMD -MT dependencies -MF /Users/buddhirajgautam/Library/Developer/Xcode/DerivedData/Telegram-Mac-fygdgghdgmuleoelvxabfmqiotta/Build/Intermediates.noindex/MtProtoKit.build/Debug/MtProtoKit-t.build/Objects-normal/arm64/MTDatacenterVerificationData.d --serialize-diagnostics /Users/buddhirajgautam/Library/Developer/Xcode/DerivedData/Telegram-Mac-fygdgghdgmuleoelvxabfmqiotta/Build/Intermediates.noindex/MtProtoKit.build/Debug/MtProtoKit-t.build/Objects-normal/arm64/MTDatacenterVerificationData.dia -c /Users/buddhirajgautam/Documents/Cherrygram-Mac/macOS-Swift/submodules/telegram-ios/submodules/MtProtoKit/Sources/MTDatacenterVerificationData.m -o /Users/buddhirajgautam/Library/Developer/Xcode/DerivedData/Telegram-Mac-fygdgghdgmuleoelvxabfmqiotta/Build/Intermediates.noindex/MtProtoKit.build/Debug/MtProtoKit-t.build/Objects-normal/arm64/MTDatacenterVerificationData.o -index-unit-output-path /MtProtoKit.build/Debug/MtProtoKit-t.build/Objects-normal/arm64/MTDatacenterVerificationData.o

ScanDependencies /Users/buddhirajgautam/Library/Developer/Xcode/DerivedData/Telegram-Mac-fygdgghdgmuleoelvxabfmqiotta/Build/Intermediates.noindex/MtProtoKit.build/Debug/MtProtoKit-t.build/Objects-normal/arm64/MTDatacenterTransferAuthAction.o /Users/buddhirajgautam/Documents/Cherrygram-Mac/macOS-Swift/submodules/telegram-ios/submodules/MtProtoKit/Sources/MTDatacenterTransferAuthAction.m normal arm64 objective-c com.apple.compilers.llvm.clang.1_0.compiler (in target 'MtProtoKit' from project 'MtProtoKit')
    cd /Users/buddhirajgautam/Documents/Cherrygram-Mac/macOS-Swift
    
    Using response file: /Users/buddhirajgautam/Library/Developer/Xcode/DerivedData/Telegram-Mac-fygdgghdgmuleoelvxabfmqiotta/Build/Intermediates.noindex/MtProtoKit.build/Debug/MtProtoKit-t.build/Objects-normal/arm64/e6072d4f65d7061329687fe24e3d63a7-common-args.resp
    
    builtin-ScanDependencies -o /Users/buddhirajgautam/Library/Developer/Xcode/DerivedData/Telegram-Mac-fygdgghdgmuleoelvxabfmqiotta/Build/Intermediates.noindex/MtProtoKit.build/Debug/MtProtoKit-t.build/Objects-normal/arm64/MTDatacenterTransferAuthAction.o.scan -- /Applications/Xcode.app/Contents/Developer/Toolchains/XcodeDefault.xctoolchain/usr/bin/clang -x objective-c -ivfsstatcache /Users/buddhirajgautam/Library/Developer/Xcode/DerivedData/SDKStatCaches.noindex/macosx27.0-26A425-e829b21a6f8c9b70876ba0858053c0447231f6df4def33e022ae2eb8f782df1a.sdkstatcache -target arm64-apple-macos12.0 -fmessage-length\=0 -fdiagnostics-show-note-include-stack -fmacro-backtrace-limit\=0 -fno-color-diagnostics -fmodules-prune-interval\=86400 -fmodules-prune-after\=345600 -fbuild-session-file\=/Users/buddhirajgautam/Library/Developer/Xcode/DerivedData/ModuleCache.noindex/Session.modulevalidation -fmodules-validate-once-per-build-session -Wnon-modular-include-in-framework-module -Werror\=non-modular-include-in-framework-module -Wno-trigraphs -Wno-missing-field-initializers -Wno-missing-prototypes -Wno-return-type -Wno-implicit-atomic-properties -Wno-objc-interface-ivars -Wno-arc-repeated-use-of-weak -Wno-missing-braces -Wparentheses -Wswitch -Wno-unused-function -Wno-unused-label -Wno-unused-parameter -Wno-unused-variable -Wunused-value -Wno-empty-body -Wno-uninitialized -Wno-unknown-pragmas -Wno-shadow -Wno-four-char-constants -Wno-conversion -Wno-constant-conversion -Wno-int-conversion -Wno-bool-conversion -Wno-enum-conversion -Wno-float-conversion -Wno-non-literal-null-conversion -Wno-objc-literal-conversion -Wshorten-64-to-32 -Wpointer-sign -Wno-newline-eof -Wno-selector -Wno-strict-selector-match -Wno-undeclared-selector -Wno-deprecated-implementations -Wno-implicit-fallthrough -isysroot /Applications/Xcode.app/Contents/Developer/Platforms/MacOSX.platform/Developer/SDKs/MacOSX27.0.sdk -fstrict-aliasing -Wprotocol -Wdeprecated-declarations -Wno-sign-conversion -Wno-infinite-recursion -Wno-comma -Wno-block-capture-autoreleasing -Wno-strict-prototypes -Wno-semicolon-before-method-body -index-store-path /Users/buddhirajgautam/Library/Developer/Xcode/DerivedData/Telegram-Mac-fygdgghdgmuleoelvxabfmqiotta/Index.noindex/DataStore @/Users/buddhirajgautam/Library/Developer/Xcode/DerivedData/Telegram-Mac-fygdgghdgmuleoelvxabfmqiotta/Build/Intermediates.noindex/MtProtoKit.build/Debug/MtProtoKit-t.build/Objects-normal/arm64/e6072d4f65d7061329687fe24e3d63a7-common-args.resp -MMD -MT dependencies -MF /Users/buddhirajgautam/Library/Developer/Xcode/DerivedData/Telegram-Mac-fygdgghdgmuleoelvxabfmqiotta/Build/Intermediates.noindex/MtProtoKit.build/Debug/MtProtoKit-t.build/Objects-normal/arm64/MTDatacenterTransferAuthAction.d --serialize-diagnostics /Users/buddhirajgautam/Library/Developer/Xcode/DerivedData/Telegram-Mac-fygdgghdgmuleoelvxabfmqiotta/Build/Intermediates.noindex/MtProtoKit.build/Debug/MtProtoKit-t.build/Objects-normal/arm64/MTDatacenterTransferAuthAction.dia -c /Users/buddhirajgautam/Documents/Cherrygram-Mac/macOS-Swift/submodules/telegram-ios/submodules/MtProtoKit/Sources/MTDatacenterTransferAuthAction.m -o /Users/buddhirajgautam/Library/Developer/Xcode/DerivedData/Telegram-Mac-fygdgghdgmuleoelvxabfmqiotta/Build/Intermediates.noindex/MtProtoKit.build/Debug/MtProtoKit-t.build/Objects-normal/arm64/MTDatacenterTransferAuthAction.o -index-unit-output-path /MtProtoKit.build/Debug/MtProtoKit-t.build/Objects-normal/arm64/MTDatacenterTransferAuthAction.o

ScanDependencies /Users/buddhirajgautam/Library/Developer/Xcode/DerivedData/Telegram-Mac-fygdgghdgmuleoelvxabfmqiotta/Build/Intermediates.noindex/MtProtoKit.build/Debug/MtProtoKit-t.build/Objects-normal/arm64/MTDatacenterSaltInfo.o /Users/buddhirajgautam/Documents/Cherrygram-Mac/macOS-Swift/submodules/telegram-ios/submodules/MtProtoKit/Sources/MTDatacenterSaltInfo.m normal arm64 objective-c com.apple.compilers.llvm.clang.1_0.compiler (in target 'MtProtoKit' from project 'MtProtoKit')
    cd /Users/buddhirajgautam/Documents/Cherrygram-Mac/macOS-Swift
    
    Using response file: /Users/buddhirajgautam/Library/Developer/Xcode/DerivedData/Telegram-Mac-fygdgghdgmuleoelvxabfmqiotta/Build/Intermediates.noindex/MtProtoKit.build/Debug/MtProtoKit-t.build/Objects-normal/arm64/e6072d4f65d7061329687fe24e3d63a7-common-args.resp
    
    builtin-ScanDependencies -o /Users/buddhirajgautam/Library/Developer/Xcode/DerivedData/Telegram-Mac-fygdgghdgmuleoelvxabfmqiotta/Build/Intermediates.noindex/MtProtoKit.build/Debug/MtProtoKit-t.build/Objects-normal/arm64/MTDatacenterSaltInfo.o.scan -- /Applications/Xcode.app/Contents/Developer/Toolchains/XcodeDefault.xctoolchain/usr/bin/clang -x objective-c -ivfsstatcache /Users/buddhirajgautam/Library/Developer/Xcode/DerivedData/SDKStatCaches.noindex/macosx27.0-26A425-e829b21a6f8c9b70876ba0858053c0447231f6df4def33e022ae2eb8f782df1a.sdkstatcache -target arm64-apple-macos12.0 -fmessage-length\=0 -fdiagnostics-show-note-include-stack -fmacro-backtrace-limit\=0 -fno-color-diagnostics -fmodules-prune-interval\=86400 -fmodules-prune-after\=345600 -fbuild-session-file\=/Users/buddhirajgautam/Library/Developer/Xcode/DerivedData/ModuleCache.noindex/Session.modulevalidation -fmodules-validate-once-per-build-session -Wnon-modular-include-in-framework-module -Werror\=non-modular-include-in-framework-module -Wno-trigraphs -Wno-missing-field-initializers -Wno-missing-prototypes -Wno-return-type -Wno-implicit-atomic-properties -Wno-objc-interface-ivars -Wno-arc-repeated-use-of-weak -Wno-missing-braces -Wparentheses -Wswitch -Wno-unused-function -Wno-unused-label -Wno-unused-parameter -Wno-unused-variable -Wunused-value -Wno-empty-body -Wno-uninitialized -Wno-unknown-pragmas -Wno-shadow -Wno-four-char-constants -Wno-conversion -Wno-constant-conversion -Wno-int-conversion -Wno-bool-conversion -Wno-enum-conversion -Wno-float-conversion -Wno-non-literal-null-conversion -Wno-objc-literal-conversion -Wshorten-64-to-32 -Wpointer-sign -Wno-newline-eof -Wno-selector -Wno-strict-selector-match -Wno-undeclared-selector -Wno-deprecated-implementations -Wno-implicit-fallthrough -isysroot /Applications/Xcode.app/Contents/Developer/Platforms/MacOSX.platform/Developer/SDKs/MacOSX27.0.sdk -fstrict-aliasing -Wprotocol -Wdeprecated-declarations -Wno-sign-conversion -Wno-infinite-recursion -Wno-comma -Wno-block-capture-autoreleasing -Wno-strict-prototypes -Wno-semicolon-before-method-body -index-store-path /Users/buddhirajgautam/Library/Developer/Xcode/DerivedData/Telegram-Mac-fygdgghdgmuleoelvxabfmqiotta/Index.noindex/DataStore @/Users/buddhirajgautam/Library/Developer/Xcode/DerivedData/Telegram-Mac-fygdgghdgmuleoelvxabfmqiotta/Build/Intermediates.noindex/MtProtoKit.build/Debug/MtProtoKit-t.build/Objects-normal/arm64/e6072d4f65d7061329687fe24e3d63a7-common-args.resp -MMD -MT dependencies -MF /Users/buddhirajgautam/Library/Developer/Xcode/DerivedData/Telegram-Mac-fygdgghdgmuleoelvxabfmqiotta/Build/Intermediates.noindex/MtProtoKit.build/Debug/MtProtoKit-t.build/Objects-normal/arm64/MTDatacenterSaltInfo.d --serialize-diagnostics /Users/buddhirajgautam/Library/Developer/Xcode/DerivedData/Telegram-Mac-fygdgghdgmuleoelvxabfmqiotta/Build/Intermediates.noindex/MtProtoKit.build/Debug/MtProtoKit-t.build/Objects-normal/arm64/MTDatacenterSaltInfo.dia -c /Users/buddhirajgautam/Documents/Cherrygram-Mac/macOS-Swift/submodules/telegram-ios/submodules/MtProtoKit/Sources/MTDatacenterSaltInfo.m -o /Users/buddhirajgautam/Library/Developer/Xcode/DerivedData/Telegram-Mac-fygdgghdgmuleoelvxabfmqiotta/Build/Intermediates.noindex/MtProtoKit.build/Debug/MtProtoKit-t.build/Objects-normal/arm64/MTDatacenterSaltInfo.o -index-unit-output-path /MtProtoKit.build/Debug/MtProtoKit-t.build/Objects-normal/arm64/MTDatacenterSaltInfo.o

CompileC /Users/buddhirajgautam/Library/Developer/Xcode/DerivedData/Telegram-Mac-fygdgghdgmuleoelvxabfmqiotta/Build/Intermediates.noindex/MtProtoKit.build/Debug/MtProtoKit-t.build/Objects-normal/arm64/MTDiscoverDatacenterAddressAction.o /Users/buddhirajgautam/Documents/Cherrygram-Mac/macOS-Swift/submodules/telegram-ios/submodules/MtProtoKit/Sources/MTDiscoverDatacenterAddressAction.m normal arm64 objective-c com.apple.compilers.llvm.clang.1_0.compiler (in target 'MtProtoKit' from project 'MtProtoKit')
    cd /Users/buddhirajgautam/Documents/Cherrygram-Mac/macOS-Swift
    
    Using response file: /Users/buddhirajgautam/Library/Developer/Xcode/DerivedData/Telegram-Mac-fygdgghdgmuleoelvxabfmqiotta/Build/Intermediates.noindex/MtProtoKit.build/Debug/MtProtoKit-t.build/Objects-normal/arm64/e6072d4f65d7061329687fe24e3d63a7-common-args.resp
    
    /Applications/Xcode.app/Contents/Developer/Toolchains/XcodeDefault.xctoolchain/usr/bin/clang -x objective-c -ivfsstatcache /Users/buddhirajgautam/Library/Developer/Xcode/DerivedData/SDKStatCaches.noindex/macosx27.0-26A425-e829b21a6f8c9b70876ba0858053c0447231f6df4def33e022ae2eb8f782df1a.sdkstatcache -target arm64-apple-macos12.0 -fmessage-length\=0 -fdiagnostics-show-note-include-stack -fmacro-backtrace-limit\=0 -fno-color-diagnostics -fmodules-prune-interval\=86400 -fmodules-prune-after\=345600 -fbuild-session-file\=/Users/buddhirajgautam/Library/Developer/Xcode/DerivedData/ModuleCache.noindex/Session.modulevalidation -fmodules-validate-once-per-build-session -Wnon-modular-include-in-framework-module -Werror\=non-modular-include-in-framework-module -Wno-trigraphs -Wno-missing-field-initializers -Wno-missing-prototypes -Wno-return-type -Wno-implicit-atomic-properties -Wno-objc-interface-ivars -Wno-arc-repeated-use-of-weak -Wno-missing-braces -Wparentheses -Wswitch -Wno-unused-function -Wno-unused-label -Wno-unused-parameter -Wno-unused-variable -Wunused-value -Wno-empty-body -Wno-uninitialized -Wno-unknown-pragmas -Wno-shadow -Wno-four-char-constants -Wno-conversion -Wno-constant-conversion -Wno-int-conversion -Wno-bool-conversion -Wno-enum-conversion -Wno-float-conversion -Wno-non-literal-null-conversion -Wno-objc-literal-conversion -Wshorten-64-to-32 -Wpointer-sign -Wno-newline-eof -Wno-selector -Wno-strict-selector-match -Wno-undeclared-selector -Wno-deprecated-implementations -Wno-implicit-fallthrough -isysroot /Applications/Xcode.app/Contents/Developer/Platforms/MacOSX.platform/Developer/SDKs/MacOSX27.0.sdk -fstrict-aliasing -Wprotocol -Wdeprecated-declarations -Wno-sign-conversion -Wno-infinite-recursion -Wno-comma -Wno-block-capture-autoreleasing -Wno-strict-prototypes -Wno-semicolon-before-method-body -index-store-path /Users/buddhirajgautam/Library/Developer/Xcode/DerivedData/Telegram-Mac-fygdgghdgmuleoelvxabfmqiotta/Index.noindex/DataStore @/Users/buddhirajgautam/Library/Developer/Xcode/DerivedData/Telegram-Mac-fygdgghdgmuleoelvxabfmqiotta/Build/Intermediates.noindex/MtProtoKit.build/Debug/MtProtoKit-t.build/Objects-normal/arm64/e6072d4f65d7061329687fe24e3d63a7-common-args.resp -MMD -MT dependencies -MF /Users/buddhirajgautam/Library/Developer/Xcode/DerivedData/Telegram-Mac-fygdgghdgmuleoelvxabfmqiotta/Build/Intermediates.noindex/MtProtoKit.build/Debug/MtProtoKit-t.build/Objects-normal/arm64/MTDiscoverDatacenterAddressAction.d --serialize-diagnostics /Users/buddhirajgautam/Library/Developer/Xcode/DerivedData/Telegram-Mac-fygdgghdgmuleoelvxabfmqiotta/Build/Intermediates.noindex/MtProtoKit.build/Debug/MtProtoKit-t.build/Objects-normal/arm64/MTDiscoverDatacenterAddressAction.dia -c /Users/buddhirajgautam/Documents/Cherrygram-Mac/macOS-Swift/submodules/telegram-ios/submodules/MtProtoKit/Sources/MTDiscoverDatacenterAddressAction.m -o /Users/buddhirajgautam/Library/Developer/Xcode/DerivedData/Telegram-Mac-fygdgghdgmuleoelvxabfmqiotta/Build/Intermediates.noindex/MtProtoKit.build/Debug/MtProtoKit-t.build/Objects-normal/arm64/MTDiscoverDatacenterAddressAction.o -index-unit-output-path /MtProtoKit.build/Debug/MtProtoKit-t.build/Objects-normal/arm64/MTDiscoverDatacenterAddressAction.o

CompileC /Users/buddhirajgautam/Library/Developer/Xcode/DerivedData/Telegram-Mac-fygdgghdgmuleoelvxabfmqiotta/Build/Intermediates.noindex/MtProtoKit.build/Debug/MtProtoKit-t.build/Objects-normal/arm64/MTDestroySessionResponseMessage.o /Users/buddhirajgautam/Documents/Cherrygram-Mac/macOS-Swift/submodules/telegram-ios/submodules/MtProtoKit/Sources/MTDestroySessionResponseMessage.m normal arm64 objective-c com.apple.compilers.llvm.clang.1_0.compiler (in target 'MtProtoKit' from project 'MtProtoKit')
    cd /Users/buddhirajgautam/Documents/Cherrygram-Mac/macOS-Swift
    
    Using response file: /Users/buddhirajgautam/Library/Developer/Xcode/DerivedData/Telegram-Mac-fygdgghdgmuleoelvxabfmqiotta/Build/Intermediates.noindex/MtProtoKit.build/Debug/MtProtoKit-t.build/Objects-normal/arm64/e6072d4f65d7061329687fe24e3d63a7-common-args.resp
    
    /Applications/Xcode.app/Contents/Developer/Toolchains/XcodeDefault.xctoolchain/usr/bin/clang -x objective-c -ivfsstatcache /Users/buddhirajgautam/Library/Developer/Xcode/DerivedData/SDKStatCaches.noindex/macosx27.0-26A425-e829b21a6f8c9b70876ba0858053c0447231f6df4def33e022ae2eb8f782df1a.sdkstatcache -target arm64-apple-macos12.0 -fmessage-length\=0 -fdiagnostics-show-note-include-stack -fmacro-backtrace-limit\=0 -fno-color-diagnostics -fmodules-prune-interval\=86400 -fmodules-prune-after\=345600 -fbuild-session-file\=/Users/buddhirajgautam/Library/Developer/Xcode/DerivedData/ModuleCache.noindex/Session.modulevalidation -fmodules-validate-once-per-build-session -Wnon-modular-include-in-framework-module -Werror\=non-modular-include-in-framework-module -Wno-trigraphs -Wno-missing-field-initializers -Wno-missing-prototypes -Wno-return-type -Wno-implicit-atomic-properties -Wno-objc-interface-ivars -Wno-arc-repeated-use-of-weak -Wno-missing-braces -Wparentheses -Wswitch -Wno-unused-function -Wno-unused-label -Wno-unused-parameter -Wno-unused-variable -Wunused-value -Wno-empty-body -Wno-uninitialized -Wno-unknown-pragmas -Wno-shadow -Wno-four-char-constants -Wno-conversion -Wno-constant-conversion -Wno-int-conversion -Wno-bool-conversion -Wno-enum-conversion -Wno-float-conversion -Wno-non-literal-null-conversion -Wno-objc-literal-conversion -Wshorten-64-to-32 -Wpointer-sign -Wno-newline-eof -Wno-selector -Wno-strict-selector-match -Wno-undeclared-selector -Wno-deprecated-implementations -Wno-implicit-fallthrough -isysroot /Applications/Xcode.app/Contents/Developer/Platforms/MacOSX.platform/Developer/SDKs/MacOSX27.0.sdk -fstrict-aliasing -Wprotocol -Wdeprecated-declarations -Wno-sign-conversion -Wno-infinite-recursion -Wno-comma -Wno-block-capture-autoreleasing -Wno-strict-prototypes -Wno-semicolon-before-method-body -index-store-path /Users/buddhirajgautam/Library/Developer/Xcode/DerivedData/Telegram-Mac-fygdgghdgmuleoelvxabfmqiotta/Index.noindex/DataStore @/Users/buddhirajgautam/Library/Developer/Xcode/DerivedData/Telegram-Mac-fygdgghdgmuleoelvxabfmqiotta/Build/Intermediates.noindex/MtProtoKit.build/Debug/MtProtoKit-t.build/Objects-normal/arm64/e6072d4f65d7061329687fe24e3d63a7-common-args.resp -MMD -MT dependencies -MF /Users/buddhirajgautam/Library/Developer/Xcode/DerivedData/Telegram-Mac-fygdgghdgmuleoelvxabfmqiotta/Build/Intermediates.noindex/MtProtoKit.build/Debug/MtProtoKit-t.build/Objects-normal/arm64/MTDestroySessionResponseMessage.d --serialize-diagnostics /Users/buddhirajgautam/Library/Developer/Xcode/DerivedData/Telegram-Mac-fygdgghdgmuleoelvxabfmqiotta/Build/Intermediates.noindex/MtProtoKit.build/Debug/MtProtoKit-t.build/Objects-normal/arm64/MTDestroySessionResponseMessage.dia -c /Users/buddhirajgautam/Documents/Cherrygram-Mac/macOS-Swift/submodules/telegram-ios/submodules/MtProtoKit/Sources/MTDestroySessionResponseMessage.m -o /Users/buddhirajgautam/Library/Developer/Xcode/DerivedData/Telegram-Mac-fygdgghdgmuleoelvxabfmqiotta/Build/Intermediates.noindex/MtProtoKit.build/Debug/MtProtoKit-t.build/Objects-normal/arm64/MTDestroySessionResponseMessage.o -index-unit-output-path /MtProtoKit.build/Debug/MtProtoKit-t.build/Objects-normal/arm64/MTDestroySessionResponseMessage.o

ScanDependencies /Users/buddhirajgautam/Library/Developer/Xcode/DerivedData/Telegram-Mac-fygdgghdgmuleoelvxabfmqiotta/Build/Intermediates.noindex/MtProtoKit.build/Debug/MtProtoKit-t.build/Objects-normal/arm64/MTDatacenterAuthMessageService.o /Users/buddhirajgautam/Documents/Cherrygram-Mac/macOS-Swift/submodules/telegram-ios/submodules/MtProtoKit/Sources/MTDatacenterAuthMessageService.m normal arm64 objective-c com.apple.compilers.llvm.clang.1_0.compiler (in target 'MtProtoKit' from project 'MtProtoKit')
    cd /Users/buddhirajgautam/Documents/Cherrygram-Mac/macOS-Swift
    
    Using response file: /Users/buddhirajgautam/Library/Developer/Xcode/DerivedData/Telegram-Mac-fygdgghdgmuleoelvxabfmqiotta/Build/Intermediates.noindex/MtProtoKit.build/Debug/MtProtoKit-t.build/Objects-normal/arm64/e6072d4f65d7061329687fe24e3d63a7-common-args.resp
    
    builtin-ScanDependencies -o /Users/buddhirajgautam/Library/Developer/Xcode/DerivedData/Telegram-Mac-fygdgghdgmuleoelvxabfmqiotta/Build/Intermediates.noindex/MtProtoKit.build/Debug/MtProtoKit-t.build/Objects-normal/arm64/MTDatacenterAuthMessageService.o.scan -- /Applications/Xcode.app/Contents/Developer/Toolchains/XcodeDefault.xctoolchain/usr/bin/clang -x objective-c -ivfsstatcache /Users/buddhirajgautam/Library/Developer/Xcode/DerivedData/SDKStatCaches.noindex/macosx27.0-26A425-e829b21a6f8c9b70876ba0858053c0447231f6df4def33e022ae2eb8f782df1a.sdkstatcache -target arm64-apple-macos12.0 -fmessage-length\=0 -fdiagnostics-show-note-include-stack -fmacro-backtrace-limit\=0 -fno-color-diagnostics -fmodules-prune-interval\=86400 -fmodules-prune-after\=345600 -fbuild-session-file\=/Users/buddhirajgautam/Library/Developer/Xcode/DerivedData/ModuleCache.noindex/Session.modulevalidation -fmodules-validate-once-per-build-session -Wnon-modular-include-in-framework-module -Werror\=non-modular-include-in-framework-module -Wno-trigraphs -Wno-missing-field-initializers -Wno-missing-prototypes -Wno-return-type -Wno-implicit-atomic-properties -Wno-objc-interface-ivars -Wno-arc-repeated-use-of-weak -Wno-missing-braces -Wparentheses -Wswitch -Wno-unused-function -Wno-unused-label -Wno-unused-parameter -Wno-unused-variable -Wunused-value -Wno-empty-body -Wno-uninitialized -Wno-unknown-pragmas -Wno-shadow -Wno-four-char-constants -Wno-conversion -Wno-constant-conversion -Wno-int-conversion -Wno-bool-conversion -Wno-enum-conversion -Wno-float-conversion -Wno-non-literal-null-conversion -Wno-objc-literal-conversion -Wshorten-64-to-32 -Wpointer-sign -Wno-newline-eof -Wno-selector -Wno-strict-selector-match -Wno-undeclared-selector -Wno-deprecated-implementations -Wno-implicit-fallthrough -isysroot /Applications/Xcode.app/Contents/Developer/Platforms/MacOSX.platform/Developer/SDKs/MacOSX27.0.sdk -fstrict-aliasing -Wprotocol -Wdeprecated-declarations -Wno-sign-conversion -Wno-infinite-recursion -Wno-comma -Wno-block-capture-autoreleasing -Wno-strict-prototypes -Wno-semicolon-before-method-body -index-store-path /Users/buddhirajgautam/Library/Developer/Xcode/DerivedData/Telegram-Mac-fygdgghdgmuleoelvxabfmqiotta/Index.noindex/DataStore @/Users/buddhirajgautam/Library/Developer/Xcode/DerivedData/Telegram-Mac-fygdgghdgmuleoelvxabfmqiotta/Build/Intermediates.noindex/MtProtoKit.build/Debug/MtProtoKit-t.build/Objects-normal/arm64/e6072d4f65d7061329687fe24e3d63a7-common-args.resp -MMD -MT dependencies -MF /Users/buddhirajgautam/Library/Developer/Xcode/DerivedData/Telegram-Mac-fygdgghdgmuleoelvxabfmqiotta/Build/Intermediates.noindex/MtProtoKit.build/Debug/MtProtoKit-t.build/Objects-normal/arm64/MTDatacenterAuthMessageService.d --serialize-diagnostics /Users/buddhirajgautam/Library/Developer/Xcode/DerivedData/Telegram-Mac-fygdgghdgmuleoelvxabfmqiotta/Build/Intermediates.noindex/MtProtoKit.build/Debug/MtProtoKit-t.build/Objects-normal/arm64/MTDatacenterAuthMessageService.dia -c /Users/buddhirajgautam/Documents/Cherrygram-Mac/macOS-Swift/submodules/telegram-ios/submodules/MtProtoKit/Sources/MTDatacenterAuthMessageService.m -o /Users/buddhirajgautam/Library/Developer/Xcode/DerivedData/Telegram-Mac-fygdgghdgmuleoelvxabfmqiotta/Build/Intermediates.noindex/MtProtoKit.build/Debug/MtProtoKit-t.build/Objects-normal/arm64/MTDatacenterAuthMessageService.o -index-unit-output-path /MtProtoKit.build/Debug/MtProtoKit-t.build/Objects-normal/arm64/MTDatacenterAuthMessageService.o

CompileC /Users/buddhirajgautam/Library/Developer/Xcode/DerivedData/Telegram-Mac-fygdgghdgmuleoelvxabfmqiotta/Build/Intermediates.noindex/MtProtoKit.build/Debug/MtProtoKit-t.build/Objects-normal/arm64/MTDatacenterTransferAuthAction.o /Users/buddhirajgautam/Documents/Cherrygram-Mac/macOS-Swift/submodules/telegram-ios/submodules/MtProtoKit/Sources/MTDatacenterTransferAuthAction.m normal arm64 objective-c com.apple.compilers.llvm.clang.1_0.compiler (in target 'MtProtoKit' from project 'MtProtoKit')
    cd /Users/buddhirajgautam/Documents/Cherrygram-Mac/macOS-Swift
    
    Using response file: /Users/buddhirajgautam/Library/Developer/Xcode/DerivedData/Telegram-Mac-fygdgghdgmuleoelvxabfmqiotta/Build/Intermediates.noindex/MtProtoKit.build/Debug/MtProtoKit-t.build/Objects-normal/arm64/e6072d4f65d7061329687fe24e3d63a7-common-args.resp
    
    /Applications/Xcode.app/Contents/Developer/Toolchains/XcodeDefault.xctoolchain/usr/bin/clang -x objective-c -ivfsstatcache /Users/buddhirajgautam/Library/Developer/Xcode/DerivedData/SDKStatCaches.noindex/macosx27.0-26A425-e829b21a6f8c9b70876ba0858053c0447231f6df4def33e022ae2eb8f782df1a.sdkstatcache -target arm64-apple-macos12.0 -fmessage-length\=0 -fdiagnostics-show-note-include-stack -fmacro-backtrace-limit\=0 -fno-color-diagnostics -fmodules-prune-interval\=86400 -fmodules-prune-after\=345600 -fbuild-session-file\=/Users/buddhirajgautam/Library/Developer/Xcode/DerivedData/ModuleCache.noindex/Session.modulevalidation -fmodules-validate-once-per-build-session -Wnon-modular-include-in-framework-module -Werror\=non-modular-include-in-framework-module -Wno-trigraphs -Wno-missing-field-initializers -Wno-missing-prototypes -Wno-return-type -Wno-implicit-atomic-properties -Wno-objc-interface-ivars -Wno-arc-repeated-use-of-weak -Wno-missing-braces -Wparentheses -Wswitch -Wno-unused-function -Wno-unused-label -Wno-unused-parameter -Wno-unused-variable -Wunused-value -Wno-empty-body -Wno-uninitialized -Wno-unknown-pragmas -Wno-shadow -Wno-four-char-constants -Wno-conversion -Wno-constant-conversion -Wno-int-conversion -Wno-bool-conversion -Wno-enum-conversion -Wno-float-conversion -Wno-non-literal-null-conversion -Wno-objc-literal-conversion -Wshorten-64-to-32 -Wpointer-sign -Wno-newline-eof -Wno-selector -Wno-strict-selector-match -Wno-undeclared-selector -Wno-deprecated-implementations -Wno-implicit-fallthrough -isysroot /Applications/Xcode.app/Contents/Developer/Platforms/MacOSX.platform/Developer/SDKs/MacOSX27.0.sdk -fstrict-aliasing -Wprotocol -Wdeprecated-declarations -Wno-sign-conversion -Wno-infinite-recursion -Wno-comma -Wno-block-capture-autoreleasing -Wno-strict-prototypes -Wno-semicolon-before-method-body -index-store-path /Users/buddhirajgautam/Library/Developer/Xcode/DerivedData/Telegram-Mac-fygdgghdgmuleoelvxabfmqiotta/Index.noindex/DataStore @/Users/buddhirajgautam/Library/Developer/Xcode/DerivedData/Telegram-Mac-fygdgghdgmuleoelvxabfmqiotta/Build/Intermediates.noindex/MtProtoKit.build/Debug/MtProtoKit-t.build/Objects-normal/arm64/e6072d4f65d7061329687fe24e3d63a7-common-args.resp -MMD -MT dependencies -MF /Users/buddhirajgautam/Library/Developer/Xcode/DerivedData/Telegram-Mac-fygdgghdgmuleoelvxabfmqiotta/Build/Intermediates.noindex/MtProtoKit.build/Debug/MtProtoKit-t.build/Objects-normal/arm64/MTDatacenterTransferAuthAction.d --serialize-diagnostics /Users/buddhirajgautam/Library/Developer/Xcode/DerivedData/Telegram-Mac-fygdgghdgmuleoelvxabfmqiotta/Build/Intermediates.noindex/MtProtoKit.build/Debug/MtProtoKit-t.build/Objects-normal/arm64/MTDatacenterTransferAuthAction.dia -c /Users/buddhirajgautam/Documents/Cherrygram-Mac/macOS-Swift/submodules/telegram-ios/submodules/MtProtoKit/Sources/MTDatacenterTransferAuthAction.m -o /Users/buddhirajgautam/Library/Developer/Xcode/DerivedData/Telegram-Mac-fygdgghdgmuleoelvxabfmqiotta/Build/Intermediates.noindex/MtProtoKit.build/Debug/MtProtoKit-t.build/Objects-normal/arm64/MTDatacenterTransferAuthAction.o -index-unit-output-path /MtProtoKit.build/Debug/MtProtoKit-t.build/Objects-normal/arm64/MTDatacenterTransferAuthAction.o

CompileC /Users/buddhirajgautam/Library/Developer/Xcode/DerivedData/Telegram-Mac-fygdgghdgmuleoelvxabfmqiotta/Build/Intermediates.noindex/MtProtoKit.build/Debug/MtProtoKit-t.build/Objects-normal/arm64/MTDatacenterVerificationData.o /Users/buddhirajgautam/Documents/Cherrygram-Mac/macOS-Swift/submodules/telegram-ios/submodules/MtProtoKit/Sources/MTDatacenterVerificationData.m normal arm64 objective-c com.apple.compilers.llvm.clang.1_0.compiler (in target 'MtProtoKit' from project 'MtProtoKit')
    cd /Users/buddhirajgautam/Documents/Cherrygram-Mac/macOS-Swift
    
    Using response file: /Users/buddhirajgautam/Library/Developer/Xcode/DerivedData/Telegram-Mac-fygdgghdgmuleoelvxabfmqiotta/Build/Intermediates.noindex/MtProtoKit.build/Debug/MtProtoKit-t.build/Objects-normal/arm64/e6072d4f65d7061329687fe24e3d63a7-common-args.resp
    
    /Applications/Xcode.app/Contents/Developer/Toolchains/XcodeDefault.xctoolchain/usr/bin/clang -x objective-c -ivfsstatcache /Users/buddhirajgautam/Library/Developer/Xcode/DerivedData/SDKStatCaches.noindex/macosx27.0-26A425-e829b21a6f8c9b70876ba0858053c0447231f6df4def33e022ae2eb8f782df1a.sdkstatcache -target arm64-apple-macos12.0 -fmessage-length\=0 -fdiagnostics-show-note-include-stack -fmacro-backtrace-limit\=0 -fno-color-diagnostics -fmodules-prune-interval\=86400 -fmodules-prune-after\=345600 -fbuild-session-file\=/Users/buddhirajgautam/Library/Developer/Xcode/DerivedData/ModuleCache.noindex/Session.modulevalidation -fmodules-validate-once-per-build-session -Wnon-modular-include-in-framework-module -Werror\=non-modular-include-in-framework-module -Wno-trigraphs -Wno-missing-field-initializers -Wno-missing-prototypes -Wno-return-type -Wno-implicit-atomic-properties -Wno-objc-interface-ivars -Wno-arc-repeated-use-of-weak -Wno-missing-braces -Wparentheses -Wswitch -Wno-unused-function -Wno-unused-label -Wno-unused-parameter -Wno-unused-variable -Wunused-value -Wno-empty-body -Wno-uninitialized -Wno-unknown-pragmas -Wno-shadow -Wno-four-char-constants -Wno-conversion -Wno-constant-conversion -Wno-int-conversion -Wno-bool-conversion -Wno-enum-conversion -Wno-float-conversion -Wno-non-literal-null-conversion -Wno-objc-literal-conversion -Wshorten-64-to-32 -Wpointer-sign -Wno-newline-eof -Wno-selector -Wno-strict-selector-match -Wno-undeclared-selector -Wno-deprecated-implementations -Wno-implicit-fallthrough -isysroot /Applications/Xcode.app/Contents/Developer/Platforms/MacOSX.platform/Developer/SDKs/MacOSX27.0.sdk -fstrict-aliasing -Wprotocol -Wdeprecated-declarations -Wno-sign-conversion -Wno-infinite-recursion -Wno-comma -Wno-block-capture-autoreleasing -Wno-strict-prototypes -Wno-semicolon-before-method-body -index-store-path /Users/buddhirajgautam/Library/Developer/Xcode/DerivedData/Telegram-Mac-fygdgghdgmuleoelvxabfmqiotta/Index.noindex/DataStore @/Users/buddhirajgautam/Library/Developer/Xcode/DerivedData/Telegram-Mac-fygdgghdgmuleoelvxabfmqiotta/Build/Intermediates.noindex/MtProtoKit.build/Debug/MtProtoKit-t.build/Objects-normal/arm64/e6072d4f65d7061329687fe24e3d63a7-common-args.resp -MMD -MT dependencies -MF /Users/buddhirajgautam/Library/Developer/Xcode/DerivedData/Telegram-Mac-fygdgghdgmuleoelvxabfmqiotta/Build/Intermediates.noindex/MtProtoKit.build/Debug/MtProtoKit-t.build/Objects-normal/arm64/MTDatacenterVerificationData.d --serialize-diagnostics /Users/buddhirajgautam/Library/Developer/Xcode/DerivedData/Telegram-Mac-fygdgghdgmuleoelvxabfmqiotta/Build/Intermediates.noindex/MtProtoKit.build/Debug/MtProtoKit-t.build/Objects-normal/arm64/MTDatacenterVerificationData.dia -c /Users/buddhirajgautam/Documents/Cherrygram-Mac/macOS-Swift/submodules/telegram-ios/submodules/MtProtoKit/Sources/MTDatacenterVerificationData.m -o /Users/buddhirajgautam/Library/Developer/Xcode/DerivedData/Telegram-Mac-fygdgghdgmuleoelvxabfmqiotta/Build/Intermediates.noindex/MtProtoKit.build/Debug/MtProtoKit-t.build/Objects-normal/arm64/MTDatacenterVerificationData.o -index-unit-output-path /MtProtoKit.build/Debug/MtProtoKit-t.build/Objects-normal/arm64/MTDatacenterVerificationData.o

CompileC /Users/buddhirajgautam/Library/Developer/Xcode/DerivedData/Telegram-Mac-fygdgghdgmuleoelvxabfmqiotta/Build/Intermediates.noindex/MtProtoKit.build/Debug/MtProtoKit-t.build/Objects-normal/arm64/MTDatacenterSaltInfo.o /Users/buddhirajgautam/Documents/Cherrygram-Mac/macOS-Swift/submodules/telegram-ios/submodules/MtProtoKit/Sources/MTDatacenterSaltInfo.m normal arm64 objective-c com.apple.compilers.llvm.clang.1_0.compiler (in target 'MtProtoKit' from project 'MtProtoKit')
    cd /Users/buddhirajgautam/Documents/Cherrygram-Mac/macOS-Swift
    
    Using response file: /Users/buddhirajgautam/Library/Developer/Xcode/DerivedData/Telegram-Mac-fygdgghdgmuleoelvxabfmqiotta/Build/Intermediates.noindex/MtProtoKit.build/Debug/MtProtoKit-t.build/Objects-normal/arm64/e6072d4f65d7061329687fe24e3d63a7-common-args.resp
    
    /Applications/Xcode.app/Contents/Developer/Toolchains/XcodeDefault.xctoolchain/usr/bin/clang -x objective-c -ivfsstatcache /Users/buddhirajgautam/Library/Developer/Xcode/DerivedData/SDKStatCaches.noindex/macosx27.0-26A425-e829b21a6f8c9b70876ba0858053c0447231f6df4def33e022ae2eb8f782df1a.sdkstatcache -target arm64-apple-macos12.0 -fmessage-length\=0 -fdiagnostics-show-note-include-stack -fmacro-backtrace-limit\=0 -fno-color-diagnostics -fmodules-prune-interval\=86400 -fmodules-prune-after\=345600 -fbuild-session-file\=/Users/buddhirajgautam/Library/Developer/Xcode/DerivedData/ModuleCache.noindex/Session.modulevalidation -fmodules-validate-once-per-build-session -Wnon-modular-include-in-framework-module -Werror\=non-modular-include-in-framework-module -Wno-trigraphs -Wno-missing-field-initializers -Wno-missing-prototypes -Wno-return-type -Wno-implicit-atomic-properties -Wno-objc-interface-ivars -Wno-arc-repeated-use-of-weak -Wno-missing-braces -Wparentheses -Wswitch -Wno-unused-function -Wno-unused-label -Wno-unused-parameter -Wno-unused-variable -Wunused-value -Wno-empty-body -Wno-uninitialized -Wno-unknown-pragmas -Wno-shadow -Wno-four-char-constants -Wno-conversion -Wno-constant-conversion -Wno-int-conversion -Wno-bool-conversion -Wno-enum-conversion -Wno-float-conversion -Wno-non-literal-null-conversion -Wno-objc-literal-conversion -Wshorten-64-to-32 -Wpointer-sign -Wno-newline-eof -Wno-selector -Wno-strict-selector-match -Wno-undeclared-selector -Wno-deprecated-implementations -Wno-implicit-fallthrough -isysroot /Applications/Xcode.app/Contents/Developer/Platforms/MacOSX.platform/Developer/SDKs/MacOSX27.0.sdk -fstrict-aliasing -Wprotocol -Wdeprecated-declarations -Wno-sign-conversion -Wno-infinite-recursion -Wno-comma -Wno-block-capture-autoreleasing -Wno-strict-prototypes -Wno-semicolon-before-method-body -index-store-path /Users/buddhirajgautam/Library/Developer/Xcode/DerivedData/Telegram-Mac-fygdgghdgmuleoelvxabfmqiotta/Index.noindex/DataStore @/Users/buddhirajgautam/Library/Developer/Xcode/DerivedData/Telegram-Mac-fygdgghdgmuleoelvxabfmqiotta/Build/Intermediates.noindex/MtProtoKit.build/Debug/MtProtoKit-t.build/Objects-normal/arm64/e6072d4f65d7061329687fe24e3d63a7-common-args.resp -MMD -MT dependencies -MF /Users/buddhirajgautam/Library/Developer/Xcode/DerivedData/Telegram-Mac-fygdgghdgmuleoelvxabfmqiotta/Build/Intermediates.noindex/MtProtoKit.build/Debug/MtProtoKit-t.build/Objects-normal/arm64/MTDatacenterSaltInfo.d --serialize-diagnostics /Users/buddhirajgautam/Library/Developer/Xcode/DerivedData/Telegram-Mac-fygdgghdgmuleoelvxabfmqiotta/Build/Intermediates.noindex/MtProtoKit.build/Debug/MtProtoKit-t.build/Objects-normal/arm64/MTDatacenterSaltInfo.dia -c /Users/buddhirajgautam/Documents/Cherrygram-Mac/macOS-Swift/submodules/telegram-ios/submodules/MtProtoKit/Sources/MTDatacenterSaltInfo.m -o /Users/buddhirajgautam/Library/Developer/Xcode/DerivedData/Telegram-Mac-fygdgghdgmuleoelvxabfmqiotta/Build/Intermediates.noindex/MtProtoKit.build/Debug/MtProtoKit-t.build/Objects-normal/arm64/MTDatacenterSaltInfo.o -index-unit-output-path /MtProtoKit.build/Debug/MtProtoKit-t.build/Objects-normal/arm64/MTDatacenterSaltInfo.o

CompileC /Users/buddhirajgautam/Library/Developer/Xcode/DerivedData/Telegram-Mac-fygdgghdgmuleoelvxabfmqiotta/Build/Intermediates.noindex/MtProtoKit.build/Debug/MtProtoKit-t.build/Objects-normal/arm64/MTDatacenterAuthMessageService.o /Users/buddhirajgautam/Documents/Cherrygram-Mac/macOS-Swift/submodules/telegram-ios/submodules/MtProtoKit/Sources/MTDatacenterAuthMessageService.m normal arm64 objective-c com.apple.compilers.llvm.clang.1_0.compiler (in target 'MtProtoKit' from project 'MtProtoKit')
    cd /Users/buddhirajgautam/Documents/Cherrygram-Mac/macOS-Swift
    
    Using response file: /Users/buddhirajgautam/Library/Developer/Xcode/DerivedData/Telegram-Mac-fygdgghdgmuleoelvxabfmqiotta/Build/Intermediates.noindex/MtProtoKit.build/Debug/MtProtoKit-t.build/Objects-normal/arm64/e6072d4f65d7061329687fe24e3d63a7-common-args.resp
    
    /Applications/Xcode.app/Contents/Developer/Toolchains/XcodeDefault.xctoolchain/usr/bin/clang -x objective-c -ivfsstatcache /Users/buddhirajgautam/Library/Developer/Xcode/DerivedData/SDKStatCaches.noindex/macosx27.0-26A425-e829b21a6f8c9b70876ba0858053c0447231f6df4def33e022ae2eb8f782df1a.sdkstatcache -target arm64-apple-macos12.0 -fmessage-length\=0 -fdiagnostics-show-note-include-stack -fmacro-backtrace-limit\=0 -fno-color-diagnostics -fmodules-prune-interval\=86400 -fmodules-prune-after\=345600 -fbuild-session-file\=/Users/buddhirajgautam/Library/Developer/Xcode/DerivedData/ModuleCache.noindex/Session.modulevalidation -fmodules-validate-once-per-build-session -Wnon-modular-include-in-framework-module -Werror\=non-modular-include-in-framework-module -Wno-trigraphs -Wno-missing-field-initializers -Wno-missing-prototypes -Wno-return-type -Wno-implicit-atomic-properties -Wno-objc-interface-ivars -Wno-arc-repeated-use-of-weak -Wno-missing-braces -Wparentheses -Wswitch -Wno-unused-function -Wno-unused-label -Wno-unused-parameter -Wno-unused-variable -Wunused-value -Wno-empty-body -Wno-uninitialized -Wno-unknown-pragmas -Wno-shadow -Wno-four-char-constants -Wno-conversion -Wno-constant-conversion -Wno-int-conversion -Wno-bool-conversion -Wno-enum-conversion -Wno-float-conversion -Wno-non-literal-null-conversion -Wno-objc-literal-conversion -Wshorten-64-to-32 -Wpointer-sign -Wno-newline-eof -Wno-selector -Wno-strict-selector-match -Wno-undeclared-selector -Wno-deprecated-implementations -Wno-implicit-fallthrough -isysroot /Applications/Xcode.app/Contents/Developer/Platforms/MacOSX.platform/Developer/SDKs/MacOSX27.0.sdk -fstrict-aliasing -Wprotocol -Wdeprecated-declarations -Wno-sign-conversion -Wno-infinite-recursion -Wno-comma -Wno-block-capture-autoreleasing -Wno-strict-prototypes -Wno-semicolon-before-method-body -index-store-path /Users/buddhirajgautam/Library/Developer/Xcode/DerivedData/Telegram-Mac-fygdgghdgmuleoelvxabfmqiotta/Index.noindex/DataStore @/Users/buddhirajgautam/Library/Developer/Xcode/DerivedData/Telegram-Mac-fygdgghdgmuleoelvxabfmqiotta/Build/Intermediates.noindex/MtProtoKit.build/Debug/MtProtoKit-t.build/Objects-normal/arm64/e6072d4f65d7061329687fe24e3d63a7-common-args.resp -MMD -MT dependencies -MF /Users/buddhirajgautam/Library/Developer/Xcode/DerivedData/Telegram-Mac-fygdgghdgmuleoelvxabfmqiotta/Build/Intermediates.noindex/MtProtoKit.build/Debug/MtProtoKit-t.build/Objects-normal/arm64/MTDatacenterAuthMessageService.d --serialize-diagnostics /Users/buddhirajgautam/Library/Developer/Xcode/DerivedData/Telegram-Mac-fygdgghdgmuleoelvxabfmqiotta/Build/Intermediates.noindex/MtProtoKit.build/Debug/MtProtoKit-t.build/Objects-normal/arm64/MTDatacenterAuthMessageService.dia -c /Users/buddhirajgautam/Documents/Cherrygram-Mac/macOS-Swift/submodules/telegram-ios/submodules/MtProtoKit/Sources/MTDatacenterAuthMessageService.m -o /Users/buddhirajgautam/Library/Developer/Xcode/DerivedData/Telegram-Mac-fygdgghdgmuleoelvxabfmqiotta/Build/Intermediates.noindex/MtProtoKit.build/Debug/MtProtoKit-t.build/Objects-normal/arm64/MTDatacenterAuthMessageService.o -index-unit-output-path /MtProtoKit.build/Debug/MtProtoKit-t.build/Objects-normal/arm64/MTDatacenterAuthMessageService.o

ScanDependencies /Users/buddhirajgautam/Library/Developer/Xcode/DerivedData/Telegram-Mac-fygdgghdgmuleoelvxabfmqiotta/Build/Intermediates.noindex/MtProtoKit.build/Debug/MtProtoKit-t.build/Objects-normal/arm64/MTDatacenterAuthInfo.o /Users/buddhirajgautam/Documents/Cherrygram-Mac/macOS-Swift/submodules/telegram-ios/submodules/MtProtoKit/Sources/MTDatacenterAuthInfo.m normal arm64 objective-c com.apple.compilers.llvm.clang.1_0.compiler (in target 'MtProtoKit' from project 'MtProtoKit')
    cd /Users/buddhirajgautam/Documents/Cherrygram-Mac/macOS-Swift
    
    Using response file: /Users/buddhirajgautam/Library/Developer/Xcode/DerivedData/Telegram-Mac-fygdgghdgmuleoelvxabfmqiotta/Build/Intermediates.noindex/MtProtoKit.build/Debug/MtProtoKit-t.build/Objects-normal/arm64/e6072d4f65d7061329687fe24e3d63a7-common-args.resp
    
    builtin-ScanDependencies -o /Users/buddhirajgautam/Library/Developer/Xcode/DerivedData/Telegram-Mac-fygdgghdgmuleoelvxabfmqiotta/Build/Intermediates.noindex/MtProtoKit.build/Debug/MtProtoKit-t.build/Objects-normal/arm64/MTDatacenterAuthInfo.o.scan -- /Applications/Xcode.app/Contents/Developer/Toolchains/XcodeDefault.xctoolchain/usr/bin/clang -x objective-c -ivfsstatcache /Users/buddhirajgautam/Library/Developer/Xcode/DerivedData/SDKStatCaches.noindex/macosx27.0-26A425-e829b21a6f8c9b70876ba0858053c0447231f6df4def33e022ae2eb8f782df1a.sdkstatcache -target arm64-apple-macos12.0 -fmessage-length\=0 -fdiagnostics-show-note-include-stack -fmacro-backtrace-limit\=0 -fno-color-diagnostics -fmodules-prune-interval\=86400 -fmodules-prune-after\=345600 -fbuild-session-file\=/Users/buddhirajgautam/Library/Developer/Xcode/DerivedData/ModuleCache.noindex/Session.modulevalidation -fmodules-validate-once-per-build-session -Wnon-modular-include-in-framework-module -Werror\=non-modular-include-in-framework-module -Wno-trigraphs -Wno-missing-field-initializers -Wno-missing-prototypes -Wno-return-type -Wno-implicit-atomic-properties -Wno-objc-interface-ivars -Wno-arc-repeated-use-of-weak -Wno-missing-braces -Wparentheses -Wswitch -Wno-unused-function -Wno-unused-label -Wno-unused-parameter -Wno-unused-variable -Wunused-value -Wno-empty-body -Wno-uninitialized -Wno-unknown-pragmas -Wno-shadow -Wno-four-char-constants -Wno-conversion -Wno-constant-conversion -Wno-int-conversion -Wno-bool-conversion -Wno-enum-conversion -Wno-float-conversion -Wno-non-literal-null-conversion -Wno-objc-literal-conversion -Wshorten-64-to-32 -Wpointer-sign -Wno-newline-eof -Wno-selector -Wno-strict-selector-match -Wno-undeclared-selector -Wno-deprecated-implementations -Wno-implicit-fallthrough -isysroot /Applications/Xcode.app/Contents/Developer/Platforms/MacOSX.platform/Developer/SDKs/MacOSX27.0.sdk -fstrict-aliasing -Wprotocol -Wdeprecated-declarations -Wno-sign-conversion -Wno-infinite-recursion -Wno-comma -Wno-block-capture-autoreleasing -Wno-strict-prototypes -Wno-semicolon-before-method-body -index-store-path /Users/buddhirajgautam/Library/Developer/Xcode/DerivedData/Telegram-Mac-fygdgghdgmuleoelvxabfmqiotta/Index.noindex/DataStore @/Users/buddhirajgautam/Library/Developer/Xcode/DerivedData/Telegram-Mac-fygdgghdgmuleoelvxabfmqiotta/Build/Intermediates.noindex/MtProtoKit.build/Debug/MtProtoKit-t.build/Objects-normal/arm64/e6072d4f65d7061329687fe24e3d63a7-common-args.resp -MMD -MT dependencies -MF /Users/buddhirajgautam/Library/Developer/Xcode/DerivedData/Telegram-Mac-fygdgghdgmuleoelvxabfmqiotta/Build/Intermediates.noindex/MtProtoKit.build/Debug/MtProtoKit-t.build/Objects-normal/arm64/MTDatacenterAuthInfo.d --serialize-diagnostics /Users/buddhirajgautam/Library/Developer/Xcode/DerivedData/Telegram-Mac-fygdgghdgmuleoelvxabfmqiotta/Build/Intermediates.noindex/MtProtoKit.build/Debug/MtProtoKit-t.build/Objects-normal/arm64/MTDatacenterAuthInfo.dia -c /Users/buddhirajgautam/Documents/Cherrygram-Mac/macOS-Swift/submodules/telegram-ios/submodules/MtProtoKit/Sources/MTDatacenterAuthInfo.m -o /Users/buddhirajgautam/Library/Developer/Xcode/DerivedData/Telegram-Mac-fygdgghdgmuleoelvxabfmqiotta/Build/Intermediates.noindex/MtProtoKit.build/Debug/MtProtoKit-t.build/Objects-normal/arm64/MTDatacenterAuthInfo.o -index-unit-output-path /MtProtoKit.build/Debug/MtProtoKit-t.build/Objects-normal/arm64/MTDatacenterAuthInfo.o

ScanDependencies /Users/buddhirajgautam/Library/Developer/Xcode/DerivedData/Telegram-Mac-fygdgghdgmuleoelvxabfmqiotta/Build/Intermediates.noindex/MtProtoKit.build/Debug/MtProtoKit-t.build/Objects-normal/arm64/MTDatacenterAuthAction.o /Users/buddhirajgautam/Documents/Cherrygram-Mac/macOS-Swift/submodules/telegram-ios/submodules/MtProtoKit/Sources/MTDatacenterAuthAction.m normal arm64 objective-c com.apple.compilers.llvm.clang.1_0.compiler (in target 'MtProtoKit' from project 'MtProtoKit')
    cd /Users/buddhirajgautam/Documents/Cherrygram-Mac/macOS-Swift
    
    Using response file: /Users/buddhirajgautam/Library/Developer/Xcode/DerivedData/Telegram-Mac-fygdgghdgmuleoelvxabfmqiotta/Build/Intermediates.noindex/MtProtoKit.build/Debug/MtProtoKit-t.build/Objects-normal/arm64/e6072d4f65d7061329687fe24e3d63a7-common-args.resp
    
    builtin-ScanDependencies -o /Users/buddhirajgautam/Library/Developer/Xcode/DerivedData/Telegram-Mac-fygdgghdgmuleoelvxabfmqiotta/Build/Intermediates.noindex/MtProtoKit.build/Debug/MtProtoKit-t.build/Objects-normal/arm64/MTDatacenterAuthAction.o.scan -- /Applications/Xcode.app/Contents/Developer/Toolchains/XcodeDefault.xctoolchain/usr/bin/clang -x objective-c -ivfsstatcache /Users/buddhirajgautam/Library/Developer/Xcode/DerivedData/SDKStatCaches.noindex/macosx27.0-26A425-e829b21a6f8c9b70876ba0858053c0447231f6df4def33e022ae2eb8f782df1a.sdkstatcache -target arm64-apple-macos12.0 -fmessage-length\=0 -fdiagnostics-show-note-include-stack -fmacro-backtrace-limit\=0 -fno-color-diagnostics -fmodules-prune-interval\=86400 -fmodules-prune-after\=345600 -fbuild-session-file\=/Users/buddhirajgautam/Library/Developer/Xcode/DerivedData/ModuleCache.noindex/Session.modulevalidation -fmodules-validate-once-per-build-session -Wnon-modular-include-in-framework-module -Werror\=non-modular-include-in-framework-module -Wno-trigraphs -Wno-missing-field-initializers -Wno-missing-prototypes -Wno-return-type -Wno-implicit-atomic-properties -Wno-objc-interface-ivars -Wno-arc-repeated-use-of-weak -Wno-missing-braces -Wparentheses -Wswitch -Wno-unused-function -Wno-unused-label -Wno-unused-parameter -Wno-unused-variable -Wunused-value -Wno-empty-body -Wno-uninitialized -Wno-unknown-pragmas -Wno-shadow -Wno-four-char-constants -Wno-conversion -Wno-constant-conversion -Wno-int-conversion -Wno-bool-conversion -Wno-enum-conversion -Wno-float-conversion -Wno-non-literal-null-conversion -Wno-objc-literal-conversion -Wshorten-64-to-32 -Wpointer-sign -Wno-newline-eof -Wno-selector -Wno-strict-selector-match -Wno-undeclared-selector -Wno-deprecated-implementations -Wno-implicit-fallthrough -isysroot /Applications/Xcode.app/Contents/Developer/Platforms/MacOSX.platform/Developer/SDKs/MacOSX27.0.sdk -fstrict-aliasing -Wprotocol -Wdeprecated-declarations -Wno-sign-conversion -Wno-infinite-recursion -Wno-comma -Wno-block-capture-autoreleasing -Wno-strict-prototypes -Wno-semicolon-before-method-body -index-store-path /Users/buddhirajgautam/Library/Developer/Xcode/DerivedData/Telegram-Mac-fygdgghdgmuleoelvxabfmqiotta/Index.noindex/DataStore @/Users/buddhirajgautam/Library/Developer/Xcode/DerivedData/Telegram-Mac-fygdgghdgmuleoelvxabfmqiotta/Build/Intermediates.noindex/MtProtoKit.build/Debug/MtProtoKit-t.build/Objects-normal/arm64/e6072d4f65d7061329687fe24e3d63a7-common-args.resp -MMD -MT dependencies -MF /Users/buddhirajgautam/Library/Developer/Xcode/DerivedData/Telegram-Mac-fygdgghdgmuleoelvxabfmqiotta/Build/Intermediates.noindex/MtProtoKit.build/Debug/MtProtoKit-t.build/Objects-normal/arm64/MTDatacenterAuthAction.d --serialize-diagnostics /Users/buddhirajgautam/Library/Developer/Xcode/DerivedData/Telegram-Mac-fygdgghdgmuleoelvxabfmqiotta/Build/Intermediates.noindex/MtProtoKit.build/Debug/MtProtoKit-t.build/Objects-normal/arm64/MTDatacenterAuthAction.dia -c /Users/buddhirajgautam/Documents/Cherrygram-Mac/macOS-Swift/submodules/telegram-ios/submodules/MtProtoKit/Sources/MTDatacenterAuthAction.m -o /Users/buddhirajgautam/Library/Developer/Xcode/DerivedData/Telegram-Mac-fygdgghdgmuleoelvxabfmqiotta/Build/Intermediates.noindex/MtProtoKit.build/Debug/MtProtoKit-t.build/Objects-normal/arm64/MTDatacenterAuthAction.o -index-unit-output-path /MtProtoKit.build/Debug/MtProtoKit-t.build/Objects-normal/arm64/MTDatacenterAuthAction.o

ScanDependencies /Users/buddhirajgautam/Library/Developer/Xcode/DerivedData/Telegram-Mac-fygdgghdgmuleoelvxabfmqiotta/Build/Intermediates.noindex/MtProtoKit.build/Debug/MtProtoKit-t.build/Objects-normal/arm64/MTDatacenterAddressSet.o /Users/buddhirajgautam/Documents/Cherrygram-Mac/macOS-Swift/submodules/telegram-ios/submodules/MtProtoKit/Sources/MTDatacenterAddressSet.m normal arm64 objective-c com.apple.compilers.llvm.clang.1_0.compiler (in target 'MtProtoKit' from project 'MtProtoKit')
    cd /Users/buddhirajgautam/Documents/Cherrygram-Mac/macOS-Swift
    
    Using response file: /Users/buddhirajgautam/Library/Developer/Xcode/DerivedData/Telegram-Mac-fygdgghdgmuleoelvxabfmqiotta/Build/Intermediates.noindex/MtProtoKit.build/Debug/MtProtoKit-t.build/Objects-normal/arm64/e6072d4f65d7061329687fe24e3d63a7-common-args.resp
    
    builtin-ScanDependencies -o /Users/buddhirajgautam/Library/Developer/Xcode/DerivedData/Telegram-Mac-fygdgghdgmuleoelvxabfmqiotta/Build/Intermediates.noindex/MtProtoKit.build/Debug/MtProtoKit-t.build/Objects-normal/arm64/MTDatacenterAddressSet.o.scan -- /Applications/Xcode.app/Contents/Developer/Toolchains/XcodeDefault.xctoolchain/usr/bin/clang -x objective-c -ivfsstatcache /Users/buddhirajgautam/Library/Developer/Xcode/DerivedData/SDKStatCaches.noindex/macosx27.0-26A425-e829b21a6f8c9b70876ba0858053c0447231f6df4def33e022ae2eb8f782df1a.sdkstatcache -target arm64-apple-macos12.0 -fmessage-length\=0 -fdiagnostics-show-note-include-stack -fmacro-backtrace-limit\=0 -fno-color-diagnostics -fmodules-prune-interval\=86400 -fmodules-prune-after\=345600 -fbuild-session-file\=/Users/buddhirajgautam/Library/Developer/Xcode/DerivedData/ModuleCache.noindex/Session.modulevalidation -fmodules-validate-once-per-build-session -Wnon-modular-include-in-framework-module -Werror\=non-modular-include-in-framework-module -Wno-trigraphs -Wno-missing-field-initializers -Wno-missing-prototypes -Wno-return-type -Wno-implicit-atomic-properties -Wno-objc-interface-ivars -Wno-arc-repeated-use-of-weak -Wno-missing-braces -Wparentheses -Wswitch -Wno-unused-function -Wno-unused-label -Wno-unused-parameter -Wno-unused-variable -Wunused-value -Wno-empty-body -Wno-uninitialized -Wno-unknown-pragmas -Wno-shadow -Wno-four-char-constants -Wno-conversion -Wno-constant-conversion -Wno-int-conversion -Wno-bool-conversion -Wno-enum-conversion -Wno-float-conversion -Wno-non-literal-null-conversion -Wno-objc-literal-conversion -Wshorten-64-to-32 -Wpointer-sign -Wno-newline-eof -Wno-selector -Wno-strict-selector-match -Wno-undeclared-selector -Wno-deprecated-implementations -Wno-implicit-fallthrough -isysroot /Applications/Xcode.app/Contents/Developer/Platforms/MacOSX.platform/Developer/SDKs/MacOSX27.0.sdk -fstrict-aliasing -Wprotocol -Wdeprecated-declarations -Wno-sign-conversion -Wno-infinite-recursion -Wno-comma -Wno-block-capture-autoreleasing -Wno-strict-prototypes -Wno-semicolon-before-method-body -index-store-path /Users/buddhirajgautam/Library/Developer/Xcode/DerivedData/Telegram-Mac-fygdgghdgmuleoelvxabfmqiotta/Index.noindex/DataStore @/Users/buddhirajgautam/Library/Developer/Xcode/DerivedData/Telegram-Mac-fygdgghdgmuleoelvxabfmqiotta/Build/Intermediates.noindex/MtProtoKit.build/Debug/MtProtoKit-t.build/Objects-normal/arm64/e6072d4f65d7061329687fe24e3d63a7-common-args.resp -MMD -MT dependencies -MF /Users/buddhirajgautam/Library/Developer/Xcode/DerivedData/Telegram-Mac-fygdgghdgmuleoelvxabfmqiotta/Build/Intermediates.noindex/MtProtoKit.build/Debug/MtProtoKit-t.build/Objects-normal/arm64/MTDatacenterAddressSet.d --serialize-diagnostics /Users/buddhirajgautam/Library/Developer/Xcode/DerivedData/Telegram-Mac-fygdgghdgmuleoelvxabfmqiotta/Build/Intermediates.noindex/MtProtoKit.build/Debug/MtProtoKit-t.build/Objects-normal/arm64/MTDatacenterAddressSet.dia -c /Users/buddhirajgautam/Documents/Cherrygram-Mac/macOS-Swift/submodules/telegram-ios/submodules/MtProtoKit/Sources/MTDatacenterAddressSet.m -o /Users/buddhirajgautam/Library/Developer/Xcode/DerivedData/Telegram-Mac-fygdgghdgmuleoelvxabfmqiotta/Build/Intermediates.noindex/MtProtoKit.build/Debug/MtProtoKit-t.build/Objects-normal/arm64/MTDatacenterAddressSet.o -index-unit-output-path /MtProtoKit.build/Debug/MtProtoKit-t.build/Objects-normal/arm64/MTDatacenterAddressSet.o

ScanDependencies /Users/buddhirajgautam/Library/Developer/Xcode/DerivedData/Telegram-Mac-fygdgghdgmuleoelvxabfmqiotta/Build/Intermediates.noindex/MtProtoKit.build/Debug/MtProtoKit-t.build/Objects-normal/arm64/MTDatacenterAddressListData.o /Users/buddhirajgautam/Documents/Cherrygram-Mac/macOS-Swift/submodules/telegram-ios/submodules/MtProtoKit/Sources/MTDatacenterAddressListData.m normal arm64 objective-c com.apple.compilers.llvm.clang.1_0.compiler (in target 'MtProtoKit' from project 'MtProtoKit')
    cd /Users/buddhirajgautam/Documents/Cherrygram-Mac/macOS-Swift
    
    Using response file: /Users/buddhirajgautam/Library/Developer/Xcode/DerivedData/Telegram-Mac-fygdgghdgmuleoelvxabfmqiotta/Build/Intermediates.noindex/MtProtoKit.build/Debug/MtProtoKit-t.build/Objects-normal/arm64/e6072d4f65d7061329687fe24e3d63a7-common-args.resp
    
    builtin-ScanDependencies -o /Users/buddhirajgautam/Library/Developer/Xcode/DerivedData/Telegram-Mac-fygdgghdgmuleoelvxabfmqiotta/Build/Intermediates.noindex/MtProtoKit.build/Debug/MtProtoKit-t.build/Objects-normal/arm64/MTDatacenterAddressListData.o.scan -- /Applications/Xcode.app/Contents/Developer/Toolchains/XcodeDefault.xctoolchain/usr/bin/clang -x objective-c -ivfsstatcache /Users/buddhirajgautam/Library/Developer/Xcode/DerivedData/SDKStatCaches.noindex/macosx27.0-26A425-e829b21a6f8c9b70876ba0858053c0447231f6df4def33e022ae2eb8f782df1a.sdkstatcache -target arm64-apple-macos12.0 -fmessage-length\=0 -fdiagnostics-show-note-include-stack -fmacro-backtrace-limit\=0 -fno-color-diagnostics -fmodules-prune-interval\=86400 -fmodules-prune-after\=345600 -fbuild-session-file\=/Users/buddhirajgautam/Library/Developer/Xcode/DerivedData/ModuleCache.noindex/Session.modulevalidation -fmodules-validate-once-per-build-session -Wnon-modular-include-in-framework-module -Werror\=non-modular-include-in-framework-module -Wno-trigraphs -Wno-missing-field-initializers -Wno-missing-prototypes -Wno-return-type -Wno-implicit-atomic-properties -Wno-objc-interface-ivars -Wno-arc-repeated-use-of-weak -Wno-missing-braces -Wparentheses -Wswitch -Wno-unused-function -Wno-unused-label -Wno-unused-parameter -Wno-unused-variable -Wunused-value -Wno-empty-body -Wno-uninitialized -Wno-unknown-pragmas -Wno-shadow -Wno-four-char-constants -Wno-conversion -Wno-constant-conversion -Wno-int-conversion -Wno-bool-conversion -Wno-enum-conversion -Wno-float-conversion -Wno-non-literal-null-conversion -Wno-objc-literal-conversion -Wshorten-64-to-32 -Wpointer-sign -Wno-newline-eof -Wno-selector -Wno-strict-selector-match -Wno-undeclared-selector -Wno-deprecated-implementations -Wno-implicit-fallthrough -isysroot /Applications/Xcode.app/Contents/Developer/Platforms/MacOSX.platform/Developer/SDKs/MacOSX27.0.sdk -fstrict-aliasing -Wprotocol -Wdeprecated-declarations -Wno-sign-conversion -Wno-infinite-recursion -Wno-comma -Wno-block-capture-autoreleasing -Wno-strict-prototypes -Wno-semicolon-before-method-body -index-store-path /Users/buddhirajgautam/Library/Developer/Xcode/DerivedData/Telegram-Mac-fygdgghdgmuleoelvxabfmqiotta/Index.noindex/DataStore @/Users/buddhirajgautam/Library/Developer/Xcode/DerivedData/Telegram-Mac-fygdgghdgmuleoelvxabfmqiotta/Build/Intermediates.noindex/MtProtoKit.build/Debug/MtProtoKit-t.build/Objects-normal/arm64/e6072d4f65d7061329687fe24e3d63a7-common-args.resp -MMD -MT dependencies -MF /Users/buddhirajgautam/Library/Developer/Xcode/DerivedData/Telegram-Mac-fygdgghdgmuleoelvxabfmqiotta/Build/Intermediates.noindex/MtProtoKit.build/Debug/MtProtoKit-t.build/Objects-normal/arm64/MTDatacenterAddressListData.d --serialize-diagnostics /Users/buddhirajgautam/Library/Developer/Xcode/DerivedData/Telegram-Mac-fygdgghdgmuleoelvxabfmqiotta/Build/Intermediates.noindex/MtProtoKit.build/Debug/MtProtoKit-t.build/Objects-normal/arm64/MTDatacenterAddressListData.dia -c /Users/buddhirajgautam/Documents/Cherrygram-Mac/macOS-Swift/submodules/telegram-ios/submodules/MtProtoKit/Sources/MTDatacenterAddressListData.m -o /Users/buddhirajgautam/Library/Developer/Xcode/DerivedData/Telegram-Mac-fygdgghdgmuleoelvxabfmqiotta/Build/Intermediates.noindex/MtProtoKit.build/Debug/MtProtoKit-t.build/Objects-normal/arm64/MTDatacenterAddressListData.o -index-unit-output-path /MtProtoKit.build/Debug/MtProtoKit-t.build/Objects-normal/arm64/MTDatacenterAddressListData.o

ScanDependencies /Users/buddhirajgautam/Library/Developer/Xcode/DerivedData/Telegram-Mac-fygdgghdgmuleoelvxabfmqiotta/Build/Intermediates.noindex/MtProtoKit.build/Debug/MtProtoKit-t.build/Objects-normal/arm64/MTDatacenterAddress.o /Users/buddhirajgautam/Documents/Cherrygram-Mac/macOS-Swift/submodules/telegram-ios/submodules/MtProtoKit/Sources/MTDatacenterAddress.m normal arm64 objective-c com.apple.compilers.llvm.clang.1_0.compiler (in target 'MtProtoKit' from project 'MtProtoKit')
    cd /Users/buddhirajgautam/Documents/Cherrygram-Mac/macOS-Swift
    
    Using response file: /Users/buddhirajgautam/Library/Developer/Xcode/DerivedData/Telegram-Mac-fygdgghdgmuleoelvxabfmqiotta/Build/Intermediates.noindex/MtProtoKit.build/Debug/MtProtoKit-t.build/Objects-normal/arm64/e6072d4f65d7061329687fe24e3d63a7-common-args.resp
    
    builtin-ScanDependencies -o /Users/buddhirajgautam/Library/Developer/Xcode/DerivedData/Telegram-Mac-fygdgghdgmuleoelvxabfmqiotta/Build/Intermediates.noindex/MtProtoKit.build/Debug/MtProtoKit-t.build/Objects-normal/arm64/MTDatacenterAddress.o.scan -- /Applications/Xcode.app/Contents/Developer/Toolchains/XcodeDefault.xctoolchain/usr/bin/clang -x objective-c -ivfsstatcache /Users/buddhirajgautam/Library/Developer/Xcode/DerivedData/SDKStatCaches.noindex/macosx27.0-26A425-e829b21a6f8c9b70876ba0858053c0447231f6df4def33e022ae2eb8f782df1a.sdkstatcache -target arm64-apple-macos12.0 -fmessage-length\=0 -fdiagnostics-show-note-include-stack -fmacro-backtrace-limit\=0 -fno-color-diagnostics -fmodules-prune-interval\=86400 -fmodules-prune-after\=345600 -fbuild-session-file\=/Users/buddhirajgautam/Library/Developer/Xcode/DerivedData/ModuleCache.noindex/Session.modulevalidation -fmodules-validate-once-per-build-session -Wnon-modular-include-in-framework-module -Werror\=non-modular-include-in-framework-module -Wno-trigraphs -Wno-missing-field-initializers -Wno-missing-prototypes -Wno-return-type -Wno-implicit-atomic-properties -Wno-objc-interface-ivars -Wno-arc-repeated-use-of-weak -Wno-missing-braces -Wparentheses -Wswitch -Wno-unused-function -Wno-unused-label -Wno-unused-parameter -Wno-unused-variable -Wunused-value -Wno-empty-body -Wno-uninitialized -Wno-unknown-pragmas -Wno-shadow -Wno-four-char-constants -Wno-conversion -Wno-constant-conversion -Wno-int-conversion -Wno-bool-conversion -Wno-enum-conversion -Wno-float-conversion -Wno-non-literal-null-conversion -Wno-objc-literal-conversion -Wshorten-64-to-32 -Wpointer-sign -Wno-newline-eof -Wno-selector -Wno-strict-selector-match -Wno-undeclared-selector -Wno-deprecated-implementations -Wno-implicit-fallthrough -isysroot /Applications/Xcode.app/Contents/Developer/Platforms/MacOSX.platform/Developer/SDKs/MacOSX27.0.sdk -fstrict-aliasing -Wprotocol -Wdeprecated-declarations -Wno-sign-conversion -Wno-infinite-recursion -Wno-comma -Wno-block-capture-autoreleasing -Wno-strict-prototypes -Wno-semicolon-before-method-body -index-store-path /Users/buddhirajgautam/Library/Developer/Xcode/DerivedData/Telegram-Mac-fygdgghdgmuleoelvxabfmqiotta/Index.noindex/DataStore @/Users/buddhirajgautam/Library/Developer/Xcode/DerivedData/Telegram-Mac-fygdgghdgmuleoelvxabfmqiotta/Build/Intermediates.noindex/MtProtoKit.build/Debug/MtProtoKit-t.build/Objects-normal/arm64/e6072d4f65d7061329687fe24e3d63a7-common-args.resp -MMD -MT dependencies -MF /Users/buddhirajgautam/Library/Developer/Xcode/DerivedData/Telegram-Mac-fygdgghdgmuleoelvxabfmqiotta/Build/Intermediates.noindex/MtProtoKit.build/Debug/MtProtoKit-t.build/Objects-normal/arm64/MTDatacenterAddress.d --serialize-diagnostics /Users/buddhirajgautam/Library/Developer/Xcode/DerivedData/Telegram-Mac-fygdgghdgmuleoelvxabfmqiotta/Build/Intermediates.noindex/MtProtoKit.build/Debug/MtProtoKit-t.build/Objects-normal/arm64/MTDatacenterAddress.dia -c /Users/buddhirajgautam/Documents/Cherrygram-Mac/macOS-Swift/submodules/telegram-ios/submodules/MtProtoKit/Sources/MTDatacenterAddress.m -o /Users/buddhirajgautam/Library/Developer/Xcode/DerivedData/Telegram-Mac-fygdgghdgmuleoelvxabfmqiotta/Build/Intermediates.noindex/MtProtoKit.build/Debug/MtProtoKit-t.build/Objects-normal/arm64/MTDatacenterAddress.o -index-unit-output-path /MtProtoKit.build/Debug/MtProtoKit-t.build/Objects-normal/arm64/MTDatacenterAddress.o

CompileC /Users/buddhirajgautam/Library/Developer/Xcode/DerivedData/Telegram-Mac-fygdgghdgmuleoelvxabfmqiotta/Build/Intermediates.noindex/MtProtoKit.build/Debug/MtProtoKit-t.build/Objects-normal/arm64/MTDatacenterAuthInfo.o /Users/buddhirajgautam/Documents/Cherrygram-Mac/macOS-Swift/submodules/telegram-ios/submodules/MtProtoKit/Sources/MTDatacenterAuthInfo.m normal arm64 objective-c com.apple.compilers.llvm.clang.1_0.compiler (in target 'MtProtoKit' from project 'MtProtoKit')
    cd /Users/buddhirajgautam/Documents/Cherrygram-Mac/macOS-Swift
    
    Using response file: /Users/buddhirajgautam/Library/Developer/Xcode/DerivedData/Telegram-Mac-fygdgghdgmuleoelvxabfmqiotta/Build/Intermediates.noindex/MtProtoKit.build/Debug/MtProtoKit-t.build/Objects-normal/arm64/e6072d4f65d7061329687fe24e3d63a7-common-args.resp
    
    /Applications/Xcode.app/Contents/Developer/Toolchains/XcodeDefault.xctoolchain/usr/bin/clang -x objective-c -ivfsstatcache /Users/buddhirajgautam/Library/Developer/Xcode/DerivedData/SDKStatCaches.noindex/macosx27.0-26A425-e829b21a6f8c9b70876ba0858053c0447231f6df4def33e022ae2eb8f782df1a.sdkstatcache -target arm64-apple-macos12.0 -fmessage-length\=0 -fdiagnostics-show-note-include-stack -fmacro-backtrace-limit\=0 -fno-color-diagnostics -fmodules-prune-interval\=86400 -fmodules-prune-after\=345600 -fbuild-session-file\=/Users/buddhirajgautam/Library/Developer/Xcode/DerivedData/ModuleCache.noindex/Session.modulevalidation -fmodules-validate-once-per-build-session -Wnon-modular-include-in-framework-module -Werror\=non-modular-include-in-framework-module -Wno-trigraphs -Wno-missing-field-initializers -Wno-missing-prototypes -Wno-return-type -Wno-implicit-atomic-properties -Wno-objc-interface-ivars -Wno-arc-repeated-use-of-weak -Wno-missing-braces -Wparentheses -Wswitch -Wno-unused-function -Wno-unused-label -Wno-unused-parameter -Wno-unused-variable -Wunused-value -Wno-empty-body -Wno-uninitialized -Wno-unknown-pragmas -Wno-shadow -Wno-four-char-constants -Wno-conversion -Wno-constant-conversion -Wno-int-conversion -Wno-bool-conversion -Wno-enum-conversion -Wno-float-conversion -Wno-non-literal-null-conversion -Wno-objc-literal-conversion -Wshorten-64-to-32 -Wpointer-sign -Wno-newline-eof -Wno-selector -Wno-strict-selector-match -Wno-undeclared-selector -Wno-deprecated-implementations -Wno-implicit-fallthrough -isysroot /Applications/Xcode.app/Contents/Developer/Platforms/MacOSX.platform/Developer/SDKs/MacOSX27.0.sdk -fstrict-aliasing -Wprotocol -Wdeprecated-declarations -Wno-sign-conversion -Wno-infinite-recursion -Wno-comma -Wno-block-capture-autoreleasing -Wno-strict-prototypes -Wno-semicolon-before-method-body -index-store-path /Users/buddhirajgautam/Library/Developer/Xcode/DerivedData/Telegram-Mac-fygdgghdgmuleoelvxabfmqiotta/Index.noindex/DataStore @/Users/buddhirajgautam/Library/Developer/Xcode/DerivedData/Telegram-Mac-fygdgghdgmuleoelvxabfmqiotta/Build/Intermediates.noindex/MtProtoKit.build/Debug/MtProtoKit-t.build/Objects-normal/arm64/e6072d4f65d7061329687fe24e3d63a7-common-args.resp -MMD -MT dependencies -MF /Users/buddhirajgautam/Library/Developer/Xcode/DerivedData/Telegram-Mac-fygdgghdgmuleoelvxabfmqiotta/Build/Intermediates.noindex/MtProtoKit.build/Debug/MtProtoKit-t.build/Objects-normal/arm64/MTDatacenterAuthInfo.d --serialize-diagnostics /Users/buddhirajgautam/Library/Developer/Xcode/DerivedData/Telegram-Mac-fygdgghdgmuleoelvxabfmqiotta/Build/Intermediates.noindex/MtProtoKit.build/Debug/MtProtoKit-t.build/Objects-normal/arm64/MTDatacenterAuthInfo.dia -c /Users/buddhirajgautam/Documents/Cherrygram-Mac/macOS-Swift/submodules/telegram-ios/submodules/MtProtoKit/Sources/MTDatacenterAuthInfo.m -o /Users/buddhirajgautam/Library/Developer/Xcode/DerivedData/Telegram-Mac-fygdgghdgmuleoelvxabfmqiotta/Build/Intermediates.noindex/MtProtoKit.build/Debug/MtProtoKit-t.build/Objects-normal/arm64/MTDatacenterAuthInfo.o -index-unit-output-path /MtProtoKit.build/Debug/MtProtoKit-t.build/Objects-normal/arm64/MTDatacenterAuthInfo.o

CompileC /Users/buddhirajgautam/Library/Developer/Xcode/DerivedData/Telegram-Mac-fygdgghdgmuleoelvxabfmqiotta/Build/Intermediates.noindex/MtProtoKit.build/Debug/MtProtoKit-t.build/Objects-normal/arm64/MTDatacenterAuthAction.o /Users/buddhirajgautam/Documents/Cherrygram-Mac/macOS-Swift/submodules/telegram-ios/submodules/MtProtoKit/Sources/MTDatacenterAuthAction.m normal arm64 objective-c com.apple.compilers.llvm.clang.1_0.compiler (in target 'MtProtoKit' from project 'MtProtoKit')
    cd /Users/buddhirajgautam/Documents/Cherrygram-Mac/macOS-Swift
    
    Using response file: /Users/buddhirajgautam/Library/Developer/Xcode/DerivedData/Telegram-Mac-fygdgghdgmuleoelvxabfmqiotta/Build/Intermediates.noindex/MtProtoKit.build/Debug/MtProtoKit-t.build/Objects-normal/arm64/e6072d4f65d7061329687fe24e3d63a7-common-args.resp
    
    /Applications/Xcode.app/Contents/Developer/Toolchains/XcodeDefault.xctoolchain/usr/bin/clang -x objective-c -ivfsstatcache /Users/buddhirajgautam/Library/Developer/Xcode/DerivedData/SDKStatCaches.noindex/macosx27.0-26A425-e829b21a6f8c9b70876ba0858053c0447231f6df4def33e022ae2eb8f782df1a.sdkstatcache -target arm64-apple-macos12.0 -fmessage-length\=0 -fdiagnostics-show-note-include-stack -fmacro-backtrace-limit\=0 -fno-color-diagnostics -fmodules-prune-interval\=86400 -fmodules-prune-after\=345600 -fbuild-session-file\=/Users/buddhirajgautam/Library/Developer/Xcode/DerivedData/ModuleCache.noindex/Session.modulevalidation -fmodules-validate-once-per-build-session -Wnon-modular-include-in-framework-module -Werror\=non-modular-include-in-framework-module -Wno-trigraphs -Wno-missing-field-initializers -Wno-missing-prototypes -Wno-return-type -Wno-implicit-atomic-properties -Wno-objc-interface-ivars -Wno-arc-repeated-use-of-weak -Wno-missing-braces -Wparentheses -Wswitch -Wno-unused-function -Wno-unused-label -Wno-unused-parameter -Wno-unused-variable -Wunused-value -Wno-empty-body -Wno-uninitialized -Wno-unknown-pragmas -Wno-shadow -Wno-four-char-constants -Wno-conversion -Wno-constant-conversion -Wno-int-conversion -Wno-bool-conversion -Wno-enum-conversion -Wno-float-conversion -Wno-non-literal-null-conversion -Wno-objc-literal-conversion -Wshorten-64-to-32 -Wpointer-sign -Wno-newline-eof -Wno-selector -Wno-strict-selector-match -Wno-undeclared-selector -Wno-deprecated-implementations -Wno-implicit-fallthrough -isysroot /Applications/Xcode.app/Contents/Developer/Platforms/MacOSX.platform/Developer/SDKs/MacOSX27.0.sdk -fstrict-aliasing -Wprotocol -Wdeprecated-declarations -Wno-sign-conversion -Wno-infinite-recursion -Wno-comma -Wno-block-capture-autoreleasing -Wno-strict-prototypes -Wno-semicolon-before-method-body -index-store-path /Users/buddhirajgautam/Library/Developer/Xcode/DerivedData/Telegram-Mac-fygdgghdgmuleoelvxabfmqiotta/Index.noindex/DataStore @/Users/buddhirajgautam/Library/Developer/Xcode/DerivedData/Telegram-Mac-fygdgghdgmuleoelvxabfmqiotta/Build/Intermediates.noindex/MtProtoKit.build/Debug/MtProtoKit-t.build/Objects-normal/arm64/e6072d4f65d7061329687fe24e3d63a7-common-args.resp -MMD -MT dependencies -MF /Users/buddhirajgautam/Library/Developer/Xcode/DerivedData/Telegram-Mac-fygdgghdgmuleoelvxabfmqiotta/Build/Intermediates.noindex/MtProtoKit.build/Debug/MtProtoKit-t.build/Objects-normal/arm64/MTDatacenterAuthAction.d --serialize-diagnostics /Users/buddhirajgautam/Library/Developer/Xcode/DerivedData/Telegram-Mac-fygdgghdgmuleoelvxabfmqiotta/Build/Intermediates.noindex/MtProtoKit.build/Debug/MtProtoKit-t.build/Objects-normal/arm64/MTDatacenterAuthAction.dia -c /Users/buddhirajgautam/Documents/Cherrygram-Mac/macOS-Swift/submodules/telegram-ios/submodules/MtProtoKit/Sources/MTDatacenterAuthAction.m -o /Users/buddhirajgautam/Library/Developer/Xcode/DerivedData/Telegram-Mac-fygdgghdgmuleoelvxabfmqiotta/Build/Intermediates.noindex/MtProtoKit.build/Debug/MtProtoKit-t.build/Objects-normal/arm64/MTDatacenterAuthAction.o -index-unit-output-path /MtProtoKit.build/Debug/MtProtoKit-t.build/Objects-normal/arm64/MTDatacenterAuthAction.o

ScanDependencies /Users/buddhirajgautam/Library/Developer/Xcode/DerivedData/Telegram-Mac-fygdgghdgmuleoelvxabfmqiotta/Build/Intermediates.noindex/MtProtoKit.build/Debug/MtProtoKit-t.build/Objects-normal/arm64/MTDNS.o /Users/buddhirajgautam/Documents/Cherrygram-Mac/macOS-Swift/submodules/telegram-ios/submodules/MtProtoKit/Sources/MTDNS.m normal arm64 objective-c com.apple.compilers.llvm.clang.1_0.compiler (in target 'MtProtoKit' from project 'MtProtoKit')
    cd /Users/buddhirajgautam/Documents/Cherrygram-Mac/macOS-Swift
    
    Using response file: /Users/buddhirajgautam/Library/Developer/Xcode/DerivedData/Telegram-Mac-fygdgghdgmuleoelvxabfmqiotta/Build/Intermediates.noindex/MtProtoKit.build/Debug/MtProtoKit-t.build/Objects-normal/arm64/e6072d4f65d7061329687fe24e3d63a7-common-args.resp
    
    builtin-ScanDependencies -o /Users/buddhirajgautam/Library/Developer/Xcode/DerivedData/Telegram-Mac-fygdgghdgmuleoelvxabfmqiotta/Build/Intermediates.noindex/MtProtoKit.build/Debug/MtProtoKit-t.build/Objects-normal/arm64/MTDNS.o.scan -- /Applications/Xcode.app/Contents/Developer/Toolchains/XcodeDefault.xctoolchain/usr/bin/clang -x objective-c -ivfsstatcache /Users/buddhirajgautam/Library/Developer/Xcode/DerivedData/SDKStatCaches.noindex/macosx27.0-26A425-e829b21a6f8c9b70876ba0858053c0447231f6df4def33e022ae2eb8f782df1a.sdkstatcache -target arm64-apple-macos12.0 -fmessage-length\=0 -fdiagnostics-show-note-include-stack -fmacro-backtrace-limit\=0 -fno-color-diagnostics -fmodules-prune-interval\=86400 -fmodules-prune-after\=345600 -fbuild-session-file\=/Users/buddhirajgautam/Library/Developer/Xcode/DerivedData/ModuleCache.noindex/Session.modulevalidation -fmodules-validate-once-per-build-session -Wnon-modular-include-in-framework-module -Werror\=non-modular-include-in-framework-module -Wno-trigraphs -Wno-missing-field-initializers -Wno-missing-prototypes -Wno-return-type -Wno-implicit-atomic-properties -Wno-objc-interface-ivars -Wno-arc-repeated-use-of-weak -Wno-missing-braces -Wparentheses -Wswitch -Wno-unused-function -Wno-unused-label -Wno-unused-parameter -Wno-unused-variable -Wunused-value -Wno-empty-body -Wno-uninitialized -Wno-unknown-pragmas -Wno-shadow -Wno-four-char-constants -Wno-conversion -Wno-constant-conversion -Wno-int-conversion -Wno-bool-conversion -Wno-enum-conversion -Wno-float-conversion -Wno-non-literal-null-conversion -Wno-objc-literal-conversion -Wshorten-64-to-32 -Wpointer-sign -Wno-newline-eof -Wno-selector -Wno-strict-selector-match -Wno-undeclared-selector -Wno-deprecated-implementations -Wno-implicit-fallthrough -isysroot /Applications/Xcode.app/Contents/Developer/Platforms/MacOSX.platform/Developer/SDKs/MacOSX27.0.sdk -fstrict-aliasing -Wprotocol -Wdeprecated-declarations -Wno-sign-conversion -Wno-infinite-recursion -Wno-comma -Wno-block-capture-autoreleasing -Wno-strict-prototypes -Wno-semicolon-before-method-body -index-store-path /Users/buddhirajgautam/Library/Developer/Xcode/DerivedData/Telegram-Mac-fygdgghdgmuleoelvxabfmqiotta/Index.noindex/DataStore @/Users/buddhirajgautam/Library/Developer/Xcode/DerivedData/Telegram-Mac-fygdgghdgmuleoelvxabfmqiotta/Build/Intermediates.noindex/MtProtoKit.build/Debug/MtProtoKit-t.build/Objects-normal/arm64/e6072d4f65d7061329687fe24e3d63a7-common-args.resp -MMD -MT dependencies -MF /Users/buddhirajgautam/Library/Developer/Xcode/DerivedData/Telegram-Mac-fygdgghdgmuleoelvxabfmqiotta/Build/Intermediates.noindex/MtProtoKit.build/Debug/MtProtoKit-t.build/Objects-normal/arm64/MTDNS.d --serialize-diagnostics /Users/buddhirajgautam/Library/Developer/Xcode/DerivedData/Telegram-Mac-fygdgghdgmuleoelvxabfmqiotta/Build/Intermediates.noindex/MtProtoKit.build/Debug/MtProtoKit-t.build/Objects-normal/arm64/MTDNS.dia -c /Users/buddhirajgautam/Documents/Cherrygram-Mac/macOS-Swift/submodules/telegram-ios/submodules/MtProtoKit/Sources/MTDNS.m -o /Users/buddhirajgautam/Library/Developer/Xcode/DerivedData/Telegram-Mac-fygdgghdgmuleoelvxabfmqiotta/Build/Intermediates.noindex/MtProtoKit.build/Debug/MtProtoKit-t.build/Objects-normal/arm64/MTDNS.o -index-unit-output-path /MtProtoKit.build/Debug/MtProtoKit-t.build/Objects-normal/arm64/MTDNS.o

CompileC /Users/buddhirajgautam/Library/Developer/Xcode/DerivedData/Telegram-Mac-fygdgghdgmuleoelvxabfmqiotta/Build/Intermediates.noindex/MtProtoKit.build/Debug/MtProtoKit-t.build/Objects-normal/arm64/MTDatacenterAddressSet.o /Users/buddhirajgautam/Documents/Cherrygram-Mac/macOS-Swift/submodules/telegram-ios/submodules/MtProtoKit/Sources/MTDatacenterAddressSet.m normal arm64 objective-c com.apple.compilers.llvm.clang.1_0.compiler (in target 'MtProtoKit' from project 'MtProtoKit')
    cd /Users/buddhirajgautam/Documents/Cherrygram-Mac/macOS-Swift
    
    Using response file: /Users/buddhirajgautam/Library/Developer/Xcode/DerivedData/Telegram-Mac-fygdgghdgmuleoelvxabfmqiotta/Build/Intermediates.noindex/MtProtoKit.build/Debug/MtProtoKit-t.build/Objects-normal/arm64/e6072d4f65d7061329687fe24e3d63a7-common-args.resp
    
    /Applications/Xcode.app/Contents/Developer/Toolchains/XcodeDefault.xctoolchain/usr/bin/clang -x objective-c -ivfsstatcache /Users/buddhirajgautam/Library/Developer/Xcode/DerivedData/SDKStatCaches.noindex/macosx27.0-26A425-e829b21a6f8c9b70876ba0858053c0447231f6df4def33e022ae2eb8f782df1a.sdkstatcache -target arm64-apple-macos12.0 -fmessage-length\=0 -fdiagnostics-show-note-include-stack -fmacro-backtrace-limit\=0 -fno-color-diagnostics -fmodules-prune-interval\=86400 -fmodules-prune-after\=345600 -fbuild-session-file\=/Users/buddhirajgautam/Library/Developer/Xcode/DerivedData/ModuleCache.noindex/Session.modulevalidation -fmodules-validate-once-per-build-session -Wnon-modular-include-in-framework-module -Werror\=non-modular-include-in-framework-module -Wno-trigraphs -Wno-missing-field-initializers -Wno-missing-prototypes -Wno-return-type -Wno-implicit-atomic-properties -Wno-objc-interface-ivars -Wno-arc-repeated-use-of-weak -Wno-missing-braces -Wparentheses -Wswitch -Wno-unused-function -Wno-unused-label -Wno-unused-parameter -Wno-unused-variable -Wunused-value -Wno-empty-body -Wno-uninitialized -Wno-unknown-pragmas -Wno-shadow -Wno-four-char-constants -Wno-conversion -Wno-constant-conversion -Wno-int-conversion -Wno-bool-conversion -Wno-enum-conversion -Wno-float-conversion -Wno-non-literal-null-conversion -Wno-objc-literal-conversion -Wshorten-64-to-32 -Wpointer-sign -Wno-newline-eof -Wno-selector -Wno-strict-selector-match -Wno-undeclared-selector -Wno-deprecated-implementations -Wno-implicit-fallthrough -isysroot /Applications/Xcode.app/Contents/Developer/Platforms/MacOSX.platform/Developer/SDKs/MacOSX27.0.sdk -fstrict-aliasing -Wprotocol -Wdeprecated-declarations -Wno-sign-conversion -Wno-infinite-recursion -Wno-comma -Wno-block-capture-autoreleasing -Wno-strict-prototypes -Wno-semicolon-before-method-body -index-store-path /Users/buddhirajgautam/Library/Developer/Xcode/DerivedData/Telegram-Mac-fygdgghdgmuleoelvxabfmqiotta/Index.noindex/DataStore @/Users/buddhirajgautam/Library/Developer/Xcode/DerivedData/Telegram-Mac-fygdgghdgmuleoelvxabfmqiotta/Build/Intermediates.noindex/MtProtoKit.build/Debug/MtProtoKit-t.build/Objects-normal/arm64/e6072d4f65d7061329687fe24e3d63a7-common-args.resp -MMD -MT dependencies -MF /Users/buddhirajgautam/Library/Developer/Xcode/DerivedData/Telegram-Mac-fygdgghdgmuleoelvxabfmqiotta/Build/Intermediates.noindex/MtProtoKit.build/Debug/MtProtoKit-t.build/Objects-normal/arm64/MTDatacenterAddressSet.d --serialize-diagnostics /Users/buddhirajgautam/Library/Developer/Xcode/DerivedData/Telegram-Mac-fygdgghdgmuleoelvxabfmqiotta/Build/Intermediates.noindex/MtProtoKit.build/Debug/MtProtoKit-t.build/Objects-normal/arm64/MTDatacenterAddressSet.dia -c /Users/buddhirajgautam/Documents/Cherrygram-Mac/macOS-Swift/submodules/telegram-ios/submodules/MtProtoKit/Sources/MTDatacenterAddressSet.m -o /Users/buddhirajgautam/Library/Developer/Xcode/DerivedData/Telegram-Mac-fygdgghdgmuleoelvxabfmqiotta/Build/Intermediates.noindex/MtProtoKit.build/Debug/MtProtoKit-t.build/Objects-normal/arm64/MTDatacenterAddressSet.o -index-unit-output-path /MtProtoKit.build/Debug/MtProtoKit-t.build/Objects-normal/arm64/MTDatacenterAddressSet.o

ScanDependencies /Users/buddhirajgautam/Library/Developer/Xcode/DerivedData/Telegram-Mac-fygdgghdgmuleoelvxabfmqiotta/Build/Intermediates.noindex/MtProtoKit.build/Debug/MtProtoKit-t.build/Objects-normal/arm64/MTContext.o /Users/buddhirajgautam/Documents/Cherrygram-Mac/macOS-Swift/submodules/telegram-ios/submodules/MtProtoKit/Sources/MTContext.m normal arm64 objective-c com.apple.compilers.llvm.clang.1_0.compiler (in target 'MtProtoKit' from project 'MtProtoKit')
    cd /Users/buddhirajgautam/Documents/Cherrygram-Mac/macOS-Swift
    
    Using response file: /Users/buddhirajgautam/Library/Developer/Xcode/DerivedData/Telegram-Mac-fygdgghdgmuleoelvxabfmqiotta/Build/Intermediates.noindex/MtProtoKit.build/Debug/MtProtoKit-t.build/Objects-normal/arm64/e6072d4f65d7061329687fe24e3d63a7-common-args.resp
    
    builtin-ScanDependencies -o /Users/buddhirajgautam/Library/Developer/Xcode/DerivedData/Telegram-Mac-fygdgghdgmuleoelvxabfmqiotta/Build/Intermediates.noindex/MtProtoKit.build/Debug/MtProtoKit-t.build/Objects-normal/arm64/MTContext.o.scan -- /Applications/Xcode.app/Contents/Developer/Toolchains/XcodeDefault.xctoolchain/usr/bin/clang -x objective-c -ivfsstatcache /Users/buddhirajgautam/Library/Developer/Xcode/DerivedData/SDKStatCaches.noindex/macosx27.0-26A425-e829b21a6f8c9b70876ba0858053c0447231f6df4def33e022ae2eb8f782df1a.sdkstatcache -target arm64-apple-macos12.0 -fmessage-length\=0 -fdiagnostics-show-note-include-stack -fmacro-backtrace-limit\=0 -fno-color-diagnostics -fmodules-prune-interval\=86400 -fmodules-prune-after\=345600 -fbuild-session-file\=/Users/buddhirajgautam/Library/Developer/Xcode/DerivedData/ModuleCache.noindex/Session.modulevalidation -fmodules-validate-once-per-build-session -Wnon-modular-include-in-framework-module -Werror\=non-modular-include-in-framework-module -Wno-trigraphs -Wno-missing-field-initializers -Wno-missing-prototypes -Wno-return-type -Wno-implicit-atomic-properties -Wno-objc-interface-ivars -Wno-arc-repeated-use-of-weak -Wno-missing-braces -Wparentheses -Wswitch -Wno-unused-function -Wno-unused-label -Wno-unused-parameter -Wno-unused-variable -Wunused-value -Wno-empty-body -Wno-uninitialized -Wno-unknown-pragmas -Wno-shadow -Wno-four-char-constants -Wno-conversion -Wno-constant-conversion -Wno-int-conversion -Wno-bool-conversion -Wno-enum-conversion -Wno-float-conversion -Wno-non-literal-null-conversion -Wno-objc-literal-conversion -Wshorten-64-to-32 -Wpointer-sign -Wno-newline-eof -Wno-selector -Wno-strict-selector-match -Wno-undeclared-selector -Wno-deprecated-implementations -Wno-implicit-fallthrough -isysroot /Applications/Xcode.app/Contents/Developer/Platforms/MacOSX.platform/Developer/SDKs/MacOSX27.0.sdk -fstrict-aliasing -Wprotocol -Wdeprecated-declarations -Wno-sign-conversion -Wno-infinite-recursion -Wno-comma -Wno-block-capture-autoreleasing -Wno-strict-prototypes -Wno-semicolon-before-method-body -index-store-path /Users/buddhirajgautam/Library/Developer/Xcode/DerivedData/Telegram-Mac-fygdgghdgmuleoelvxabfmqiotta/Index.noindex/DataStore @/Users/buddhirajgautam/Library/Developer/Xcode/DerivedData/Telegram-Mac-fygdgghdgmuleoelvxabfmqiotta/Build/Intermediates.noindex/MtProtoKit.build/Debug/MtProtoKit-t.build/Objects-normal/arm64/e6072d4f65d7061329687fe24e3d63a7-common-args.resp -MMD -MT dependencies -MF /Users/buddhirajgautam/Library/Developer/Xcode/DerivedData/Telegram-Mac-fygdgghdgmuleoelvxabfmqiotta/Build/Intermediates.noindex/MtProtoKit.build/Debug/MtProtoKit-t.build/Objects-normal/arm64/MTContext.d --serialize-diagnostics /Users/buddhirajgautam/Library/Developer/Xcode/DerivedData/Telegram-Mac-fygdgghdgmuleoelvxabfmqiotta/Build/Intermediates.noindex/MtProtoKit.build/Debug/MtProtoKit-t.build/Objects-normal/arm64/MTContext.dia -c /Users/buddhirajgautam/Documents/Cherrygram-Mac/macOS-Swift/submodules/telegram-ios/submodules/MtProtoKit/Sources/MTContext.m -o /Users/buddhirajgautam/Library/Developer/Xcode/DerivedData/Telegram-Mac-fygdgghdgmuleoelvxabfmqiotta/Build/Intermediates.noindex/MtProtoKit.build/Debug/MtProtoKit-t.build/Objects-normal/arm64/MTContext.o -index-unit-output-path /MtProtoKit.build/Debug/MtProtoKit-t.build/Objects-normal/arm64/MTContext.o

CompileC /Users/buddhirajgautam/Library/Developer/Xcode/DerivedData/Telegram-Mac-fygdgghdgmuleoelvxabfmqiotta/Build/Intermediates.noindex/MtProtoKit.build/Debug/MtProtoKit-t.build/Objects-normal/arm64/MTDatacenterAddressListData.o /Users/buddhirajgautam/Documents/Cherrygram-Mac/macOS-Swift/submodules/telegram-ios/submodules/MtProtoKit/Sources/MTDatacenterAddressListData.m normal arm64 objective-c com.apple.compilers.llvm.clang.1_0.compiler (in target 'MtProtoKit' from project 'MtProtoKit')
    cd /Users/buddhirajgautam/Documents/Cherrygram-Mac/macOS-Swift
    
    Using response file: /Users/buddhirajgautam/Library/Developer/Xcode/DerivedData/Telegram-Mac-fygdgghdgmuleoelvxabfmqiotta/Build/Intermediates.noindex/MtProtoKit.build/Debug/MtProtoKit-t.build/Objects-normal/arm64/e6072d4f65d7061329687fe24e3d63a7-common-args.resp
    
    /Applications/Xcode.app/Contents/Developer/Toolchains/XcodeDefault.xctoolchain/usr/bin/clang -x objective-c -ivfsstatcache /Users/buddhirajgautam/Library/Developer/Xcode/DerivedData/SDKStatCaches.noindex/macosx27.0-26A425-e829b21a6f8c9b70876ba0858053c0447231f6df4def33e022ae2eb8f782df1a.sdkstatcache -target arm64-apple-macos12.0 -fmessage-length\=0 -fdiagnostics-show-note-include-stack -fmacro-backtrace-limit\=0 -fno-color-diagnostics -fmodules-prune-interval\=86400 -fmodules-prune-after\=345600 -fbuild-session-file\=/Users/buddhirajgautam/Library/Developer/Xcode/DerivedData/ModuleCache.noindex/Session.modulevalidation -fmodules-validate-once-per-build-session -Wnon-modular-include-in-framework-module -Werror\=non-modular-include-in-framework-module -Wno-trigraphs -Wno-missing-field-initializers -Wno-missing-prototypes -Wno-return-type -Wno-implicit-atomic-properties -Wno-objc-interface-ivars -Wno-arc-repeated-use-of-weak -Wno-missing-braces -Wparentheses -Wswitch -Wno-unused-function -Wno-unused-label -Wno-unused-parameter -Wno-unused-variable -Wunused-value -Wno-empty-body -Wno-uninitialized -Wno-unknown-pragmas -Wno-shadow -Wno-four-char-constants -Wno-conversion -Wno-constant-conversion -Wno-int-conversion -Wno-bool-conversion -Wno-enum-conversion -Wno-float-conversion -Wno-non-literal-null-conversion -Wno-objc-literal-conversion -Wshorten-64-to-32 -Wpointer-sign -Wno-newline-eof -Wno-selector -Wno-strict-selector-match -Wno-undeclared-selector -Wno-deprecated-implementations -Wno-implicit-fallthrough -isysroot /Applications/Xcode.app/Contents/Developer/Platforms/MacOSX.platform/Developer/SDKs/MacOSX27.0.sdk -fstrict-aliasing -Wprotocol -Wdeprecated-declarations -Wno-sign-conversion -Wno-infinite-recursion -Wno-comma -Wno-block-capture-autoreleasing -Wno-strict-prototypes -Wno-semicolon-before-method-body -index-store-path /Users/buddhirajgautam/Library/Developer/Xcode/DerivedData/Telegram-Mac-fygdgghdgmuleoelvxabfmqiotta/Index.noindex/DataStore @/Users/buddhirajgautam/Library/Developer/Xcode/DerivedData/Telegram-Mac-fygdgghdgmuleoelvxabfmqiotta/Build/Intermediates.noindex/MtProtoKit.build/Debug/MtProtoKit-t.build/Objects-normal/arm64/e6072d4f65d7061329687fe24e3d63a7-common-args.resp -MMD -MT dependencies -MF /Users/buddhirajgautam/Library/Developer/Xcode/DerivedData/Telegram-Mac-fygdgghdgmuleoelvxabfmqiotta/Build/Intermediates.noindex/MtProtoKit.build/Debug/MtProtoKit-t.build/Objects-normal/arm64/MTDatacenterAddressListData.d --serialize-diagnostics /Users/buddhirajgautam/Library/Developer/Xcode/DerivedData/Telegram-Mac-fygdgghdgmuleoelvxabfmqiotta/Build/Intermediates.noindex/MtProtoKit.build/Debug/MtProtoKit-t.build/Objects-normal/arm64/MTDatacenterAddressListData.dia -c /Users/buddhirajgautam/Documents/Cherrygram-Mac/macOS-Swift/submodules/telegram-ios/submodules/MtProtoKit/Sources/MTDatacenterAddressListData.m -o /Users/buddhirajgautam/Library/Developer/Xcode/DerivedData/Telegram-Mac-fygdgghdgmuleoelvxabfmqiotta/Build/Intermediates.noindex/MtProtoKit.build/Debug/MtProtoKit-t.build/Objects-normal/arm64/MTDatacenterAddressListData.o -index-unit-output-path /MtProtoKit.build/Debug/MtProtoKit-t.build/Objects-normal/arm64/MTDatacenterAddressListData.o

CompileC /Users/buddhirajgautam/Library/Developer/Xcode/DerivedData/Telegram-Mac-fygdgghdgmuleoelvxabfmqiotta/Build/Intermediates.noindex/MtProtoKit.build/Debug/MtProtoKit-t.build/Objects-normal/arm64/MTDatacenterAddress.o /Users/buddhirajgautam/Documents/Cherrygram-Mac/macOS-Swift/submodules/telegram-ios/submodules/MtProtoKit/Sources/MTDatacenterAddress.m normal arm64 objective-c com.apple.compilers.llvm.clang.1_0.compiler (in target 'MtProtoKit' from project 'MtProtoKit')
    cd /Users/buddhirajgautam/Documents/Cherrygram-Mac/macOS-Swift
    
    Using response file: /Users/buddhirajgautam/Library/Developer/Xcode/DerivedData/Telegram-Mac-fygdgghdgmuleoelvxabfmqiotta/Build/Intermediates.noindex/MtProtoKit.build/Debug/MtProtoKit-t.build/Objects-normal/arm64/e6072d4f65d7061329687fe24e3d63a7-common-args.resp
    
    /Applications/Xcode.app/Contents/Developer/Toolchains/XcodeDefault.xctoolchain/usr/bin/clang -x objective-c -ivfsstatcache /Users/buddhirajgautam/Library/Developer/Xcode/DerivedData/SDKStatCaches.noindex/macosx27.0-26A425-e829b21a6f8c9b70876ba0858053c0447231f6df4def33e022ae2eb8f782df1a.sdkstatcache -target arm64-apple-macos12.0 -fmessage-length\=0 -fdiagnostics-show-note-include-stack -fmacro-backtrace-limit\=0 -fno-color-diagnostics -fmodules-prune-interval\=86400 -fmodules-prune-after\=345600 -fbuild-session-file\=/Users/buddhirajgautam/Library/Developer/Xcode/DerivedData/ModuleCache.noindex/Session.modulevalidation -fmodules-validate-once-per-build-session -Wnon-modular-include-in-framework-module -Werror\=non-modular-include-in-framework-module -Wno-trigraphs -Wno-missing-field-initializers -Wno-missing-prototypes -Wno-return-type -Wno-implicit-atomic-properties -Wno-objc-interface-ivars -Wno-arc-repeated-use-of-weak -Wno-missing-braces -Wparentheses -Wswitch -Wno-unused-function -Wno-unused-label -Wno-unused-parameter -Wno-unused-variable -Wunused-value -Wno-empty-body -Wno-uninitialized -Wno-unknown-pragmas -Wno-shadow -Wno-four-char-constants -Wno-conversion -Wno-constant-conversion -Wno-int-conversion -Wno-bool-conversion -Wno-enum-conversion -Wno-float-conversion -Wno-non-literal-null-conversion -Wno-objc-literal-conversion -Wshorten-64-to-32 -Wpointer-sign -Wno-newline-eof -Wno-selector -Wno-strict-selector-match -Wno-undeclared-selector -Wno-deprecated-implementations -Wno-implicit-fallthrough -isysroot /Applications/Xcode.app/Contents/Developer/Platforms/MacOSX.platform/Developer/SDKs/MacOSX27.0.sdk -fstrict-aliasing -Wprotocol -Wdeprecated-declarations -Wno-sign-conversion -Wno-infinite-recursion -Wno-comma -Wno-block-capture-autoreleasing -Wno-strict-prototypes -Wno-semicolon-before-method-body -index-store-path /Users/buddhirajgautam/Library/Developer/Xcode/DerivedData/Telegram-Mac-fygdgghdgmuleoelvxabfmqiotta/Index.noindex/DataStore @/Users/buddhirajgautam/Library/Developer/Xcode/DerivedData/Telegram-Mac-fygdgghdgmuleoelvxabfmqiotta/Build/Intermediates.noindex/MtProtoKit.build/Debug/MtProtoKit-t.build/Objects-normal/arm64/e6072d4f65d7061329687fe24e3d63a7-common-args.resp -MMD -MT dependencies -MF /Users/buddhirajgautam/Library/Developer/Xcode/DerivedData/Telegram-Mac-fygdgghdgmuleoelvxabfmqiotta/Build/Intermediates.noindex/MtProtoKit.build/Debug/MtProtoKit-t.build/Objects-normal/arm64/MTDatacenterAddress.d --serialize-diagnostics /Users/buddhirajgautam/Library/Developer/Xcode/DerivedData/Telegram-Mac-fygdgghdgmuleoelvxabfmqiotta/Build/Intermediates.noindex/MtProtoKit.build/Debug/MtProtoKit-t.build/Objects-normal/arm64/MTDatacenterAddress.dia -c /Users/buddhirajgautam/Documents/Cherrygram-Mac/macOS-Swift/submodules/telegram-ios/submodules/MtProtoKit/Sources/MTDatacenterAddress.m -o /Users/buddhirajgautam/Library/Developer/Xcode/DerivedData/Telegram-Mac-fygdgghdgmuleoelvxabfmqiotta/Build/Intermediates.noindex/MtProtoKit.build/Debug/MtProtoKit-t.build/Objects-normal/arm64/MTDatacenterAddress.o -index-unit-output-path /MtProtoKit.build/Debug/MtProtoKit-t.build/Objects-normal/arm64/MTDatacenterAddress.o

CompileC /Users/buddhirajgautam/Library/Developer/Xcode/DerivedData/Telegram-Mac-fygdgghdgmuleoelvxabfmqiotta/Build/Intermediates.noindex/MtProtoKit.build/Debug/MtProtoKit-t.build/Objects-normal/arm64/MTDNS.o /Users/buddhirajgautam/Documents/Cherrygram-Mac/macOS-Swift/submodules/telegram-ios/submodules/MtProtoKit/Sources/MTDNS.m normal arm64 objective-c com.apple.compilers.llvm.clang.1_0.compiler (in target 'MtProtoKit' from project 'MtProtoKit')
    cd /Users/buddhirajgautam/Documents/Cherrygram-Mac/macOS-Swift
    
    Using response file: /Users/buddhirajgautam/Library/Developer/Xcode/DerivedData/Telegram-Mac-fygdgghdgmuleoelvxabfmqiotta/Build/Intermediates.noindex/MtProtoKit.build/Debug/MtProtoKit-t.build/Objects-normal/arm64/e6072d4f65d7061329687fe24e3d63a7-common-args.resp
    
    /Applications/Xcode.app/Contents/Developer/Toolchains/XcodeDefault.xctoolchain/usr/bin/clang -x objective-c -ivfsstatcache /Users/buddhirajgautam/Library/Developer/Xcode/DerivedData/SDKStatCaches.noindex/macosx27.0-26A425-e829b21a6f8c9b70876ba0858053c0447231f6df4def33e022ae2eb8f782df1a.sdkstatcache -target arm64-apple-macos12.0 -fmessage-length\=0 -fdiagnostics-show-note-include-stack -fmacro-backtrace-limit\=0 -fno-color-diagnostics -fmodules-prune-interval\=86400 -fmodules-prune-after\=345600 -fbuild-session-file\=/Users/buddhirajgautam/Library/Developer/Xcode/DerivedData/ModuleCache.noindex/Session.modulevalidation -fmodules-validate-once-per-build-session -Wnon-modular-include-in-framework-module -Werror\=non-modular-include-in-framework-module -Wno-trigraphs -Wno-missing-field-initializers -Wno-missing-prototypes -Wno-return-type -Wno-implicit-atomic-properties -Wno-objc-interface-ivars -Wno-arc-repeated-use-of-weak -Wno-missing-braces -Wparentheses -Wswitch -Wno-unused-function -Wno-unused-label -Wno-unused-parameter -Wno-unused-variable -Wunused-value -Wno-empty-body -Wno-uninitialized -Wno-unknown-pragmas -Wno-shadow -Wno-four-char-constants -Wno-conversion -Wno-constant-conversion -Wno-int-conversion -Wno-bool-conversion -Wno-enum-conversion -Wno-float-conversion -Wno-non-literal-null-conversion -Wno-objc-literal-conversion -Wshorten-64-to-32 -Wpointer-sign -Wno-newline-eof -Wno-selector -Wno-strict-selector-match -Wno-undeclared-selector -Wno-deprecated-implementations -Wno-implicit-fallthrough -isysroot /Applications/Xcode.app/Contents/Developer/Platforms/MacOSX.platform/Developer/SDKs/MacOSX27.0.sdk -fstrict-aliasing -Wprotocol -Wdeprecated-declarations -Wno-sign-conversion -Wno-infinite-recursion -Wno-comma -Wno-block-capture-autoreleasing -Wno-strict-prototypes -Wno-semicolon-before-method-body -index-store-path /Users/buddhirajgautam/Library/Developer/Xcode/DerivedData/Telegram-Mac-fygdgghdgmuleoelvxabfmqiotta/Index.noindex/DataStore @/Users/buddhirajgautam/Library/Developer/Xcode/DerivedData/Telegram-Mac-fygdgghdgmuleoelvxabfmqiotta/Build/Intermediates.noindex/MtProtoKit.build/Debug/MtProtoKit-t.build/Objects-normal/arm64/e6072d4f65d7061329687fe24e3d63a7-common-args.resp -MMD -MT dependencies -MF /Users/buddhirajgautam/Library/Developer/Xcode/DerivedData/Telegram-Mac-fygdgghdgmuleoelvxabfmqiotta/Build/Intermediates.noindex/MtProtoKit.build/Debug/MtProtoKit-t.build/Objects-normal/arm64/MTDNS.d --serialize-diagnostics /Users/buddhirajgautam/Library/Developer/Xcode/DerivedData/Telegram-Mac-fygdgghdgmuleoelvxabfmqiotta/Build/Intermediates.noindex/MtProtoKit.build/Debug/MtProtoKit-t.build/Objects-normal/arm64/MTDNS.dia -c /Users/buddhirajgautam/Documents/Cherrygram-Mac/macOS-Swift/submodules/telegram-ios/submodules/MtProtoKit/Sources/MTDNS.m -o /Users/buddhirajgautam/Library/Developer/Xcode/DerivedData/Telegram-Mac-fygdgghdgmuleoelvxabfmqiotta/Build/Intermediates.noindex/MtProtoKit.build/Debug/MtProtoKit-t.build/Objects-normal/arm64/MTDNS.o -index-unit-output-path /MtProtoKit.build/Debug/MtProtoKit-t.build/Objects-normal/arm64/MTDNS.o

CompileC /Users/buddhirajgautam/Library/Developer/Xcode/DerivedData/Telegram-Mac-fygdgghdgmuleoelvxabfmqiotta/Build/Intermediates.noindex/MtProtoKit.build/Debug/MtProtoKit-t.build/Objects-normal/arm64/MTContext.o /Users/buddhirajgautam/Documents/Cherrygram-Mac/macOS-Swift/submodules/telegram-ios/submodules/MtProtoKit/Sources/MTContext.m normal arm64 objective-c com.apple.compilers.llvm.clang.1_0.compiler (in target 'MtProtoKit' from project 'MtProtoKit')
    cd /Users/buddhirajgautam/Documents/Cherrygram-Mac/macOS-Swift
    
    Using response file: /Users/buddhirajgautam/Library/Developer/Xcode/DerivedData/Telegram-Mac-fygdgghdgmuleoelvxabfmqiotta/Build/Intermediates.noindex/MtProtoKit.build/Debug/MtProtoKit-t.build/Objects-normal/arm64/e6072d4f65d7061329687fe24e3d63a7-common-args.resp
    
    /Applications/Xcode.app/Contents/Developer/Toolchains/XcodeDefault.xctoolchain/usr/bin/clang -x objective-c -ivfsstatcache /Users/buddhirajgautam/Library/Developer/Xcode/DerivedData/SDKStatCaches.noindex/macosx27.0-26A425-e829b21a6f8c9b70876ba0858053c0447231f6df4def33e022ae2eb8f782df1a.sdkstatcache -target arm64-apple-macos12.0 -fmessage-length\=0 -fdiagnostics-show-note-include-stack -fmacro-backtrace-limit\=0 -fno-color-diagnostics -fmodules-prune-interval\=86400 -fmodules-prune-after\=345600 -fbuild-session-file\=/Users/buddhirajgautam/Library/Developer/Xcode/DerivedData/ModuleCache.noindex/Session.modulevalidation -fmodules-validate-once-per-build-session -Wnon-modular-include-in-framework-module -Werror\=non-modular-include-in-framework-module -Wno-trigraphs -Wno-missing-field-initializers -Wno-missing-prototypes -Wno-return-type -Wno-implicit-atomic-properties -Wno-objc-interface-ivars -Wno-arc-repeated-use-of-weak -Wno-missing-braces -Wparentheses -Wswitch -Wno-unused-function -Wno-unused-label -Wno-unused-parameter -Wno-unused-variable -Wunused-value -Wno-empty-body -Wno-uninitialized -Wno-unknown-pragmas -Wno-shadow -Wno-four-char-constants -Wno-conversion -Wno-constant-conversion -Wno-int-conversion -Wno-bool-conversion -Wno-enum-conversion -Wno-float-conversion -Wno-non-literal-null-conversion -Wno-objc-literal-conversion -Wshorten-64-to-32 -Wpointer-sign -Wno-newline-eof -Wno-selector -Wno-strict-selector-match -Wno-undeclared-selector -Wno-deprecated-implementations -Wno-implicit-fallthrough -isysroot /Applications/Xcode.app/Contents/Developer/Platforms/MacOSX.platform/Developer/SDKs/MacOSX27.0.sdk -fstrict-aliasing -Wprotocol -Wdeprecated-declarations -Wno-sign-conversion -Wno-infinite-recursion -Wno-comma -Wno-block-capture-autoreleasing -Wno-strict-prototypes -Wno-semicolon-before-method-body -index-store-path /Users/buddhirajgautam/Library/Developer/Xcode/DerivedData/Telegram-Mac-fygdgghdgmuleoelvxabfmqiotta/Index.noindex/DataStore @/Users/buddhirajgautam/Library/Developer/Xcode/DerivedData/Telegram-Mac-fygdgghdgmuleoelvxabfmqiotta/Build/Intermediates.noindex/MtProtoKit.build/Debug/MtProtoKit-t.build/Objects-normal/arm64/e6072d4f65d7061329687fe24e3d63a7-common-args.resp -MMD -MT dependencies -MF /Users/buddhirajgautam/Library/Developer/Xcode/DerivedData/Telegram-Mac-fygdgghdgmuleoelvxabfmqiotta/Build/Intermediates.noindex/MtProtoKit.build/Debug/MtProtoKit-t.build/Objects-normal/arm64/MTContext.d --serialize-diagnostics /Users/buddhirajgautam/Library/Developer/Xcode/DerivedData/Telegram-Mac-fygdgghdgmuleoelvxabfmqiotta/Build/Intermediates.noindex/MtProtoKit.build/Debug/MtProtoKit-t.build/Objects-normal/arm64/MTContext.dia -c /Users/buddhirajgautam/Documents/Cherrygram-Mac/macOS-Swift/submodules/telegram-ios/submodules/MtProtoKit/Sources/MTContext.m -o /Users/buddhirajgautam/Library/Developer/Xcode/DerivedData/Telegram-Mac-fygdgghdgmuleoelvxabfmqiotta/Build/Intermediates.noindex/MtProtoKit.build/Debug/MtProtoKit-t.build/Objects-normal/arm64/MTContext.o -index-unit-output-path /MtProtoKit.build/Debug/MtProtoKit-t.build/Objects-normal/arm64/MTContext.o

ScanDependencies /Users/buddhirajgautam/Library/Developer/Xcode/DerivedData/Telegram-Mac-fygdgghdgmuleoelvxabfmqiotta/Build/Intermediates.noindex/MtProtoKit.build/Debug/MtProtoKit-t.build/Objects-normal/arm64/MTConnectionProbing.o /Users/buddhirajgautam/Documents/Cherrygram-Mac/macOS-Swift/submodules/telegram-ios/submodules/MtProtoKit/Sources/MTConnectionProbing.m normal arm64 objective-c com.apple.compilers.llvm.clang.1_0.compiler (in target 'MtProtoKit' from project 'MtProtoKit')
    cd /Users/buddhirajgautam/Documents/Cherrygram-Mac/macOS-Swift
    
    Using response file: /Users/buddhirajgautam/Library/Developer/Xcode/DerivedData/Telegram-Mac-fygdgghdgmuleoelvxabfmqiotta/Build/Intermediates.noindex/MtProtoKit.build/Debug/MtProtoKit-t.build/Objects-normal/arm64/e6072d4f65d7061329687fe24e3d63a7-common-args.resp
    
    builtin-ScanDependencies -o /Users/buddhirajgautam/Library/Developer/Xcode/DerivedData/Telegram-Mac-fygdgghdgmuleoelvxabfmqiotta/Build/Intermediates.noindex/MtProtoKit.build/Debug/MtProtoKit-t.build/Objects-normal/arm64/MTConnectionProbing.o.scan -- /Applications/Xcode.app/Contents/Developer/Toolchains/XcodeDefault.xctoolchain/usr/bin/clang -x objective-c -ivfsstatcache /Users/buddhirajgautam/Library/Developer/Xcode/DerivedData/SDKStatCaches.noindex/macosx27.0-26A425-e829b21a6f8c9b70876ba0858053c0447231f6df4def33e022ae2eb8f782df1a.sdkstatcache -target arm64-apple-macos12.0 -fmessage-length\=0 -fdiagnostics-show-note-include-stack -fmacro-backtrace-limit\=0 -fno-color-diagnostics -fmodules-prune-interval\=86400 -fmodules-prune-after\=345600 -fbuild-session-file\=/Users/buddhirajgautam/Library/Developer/Xcode/DerivedData/ModuleCache.noindex/Session.modulevalidation -fmodules-validate-once-per-build-session -Wnon-modular-include-in-framework-module -Werror\=non-modular-include-in-framework-module -Wno-trigraphs -Wno-missing-field-initializers -Wno-missing-prototypes -Wno-return-type -Wno-implicit-atomic-properties -Wno-objc-interface-ivars -Wno-arc-repeated-use-of-weak -Wno-missing-braces -Wparentheses -Wswitch -Wno-unused-function -Wno-unused-label -Wno-unused-parameter -Wno-unused-variable -Wunused-value -Wno-empty-body -Wno-uninitialized -Wno-unknown-pragmas -Wno-shadow -Wno-four-char-constants -Wno-conversion -Wno-constant-conversion -Wno-int-conversion -Wno-bool-conversion -Wno-enum-conversion -Wno-float-conversion -Wno-non-literal-null-conversion -Wno-objc-literal-conversion -Wshorten-64-to-32 -Wpointer-sign -Wno-newline-eof -Wno-selector -Wno-strict-selector-match -Wno-undeclared-selector -Wno-deprecated-implementations -Wno-implicit-fallthrough -isysroot /Applications/Xcode.app/Contents/Developer/Platforms/MacOSX.platform/Developer/SDKs/MacOSX27.0.sdk -fstrict-aliasing -Wprotocol -Wdeprecated-declarations -Wno-sign-conversion -Wno-infinite-recursion -Wno-comma -Wno-block-capture-autoreleasing -Wno-strict-prototypes -Wno-semicolon-before-method-body -index-store-path /Users/buddhirajgautam/Library/Developer/Xcode/DerivedData/Telegram-Mac-fygdgghdgmuleoelvxabfmqiotta/Index.noindex/DataStore @/Users/buddhirajgautam/Library/Developer/Xcode/DerivedData/Telegram-Mac-fygdgghdgmuleoelvxabfmqiotta/Build/Intermediates.noindex/MtProtoKit.build/Debug/MtProtoKit-t.build/Objects-normal/arm64/e6072d4f65d7061329687fe24e3d63a7-common-args.resp -MMD -MT dependencies -MF /Users/buddhirajgautam/Library/Developer/Xcode/DerivedData/Telegram-Mac-fygdgghdgmuleoelvxabfmqiotta/Build/Intermediates.noindex/MtProtoKit.build/Debug/MtProtoKit-t.build/Objects-normal/arm64/MTConnectionProbing.d --serialize-diagnostics /Users/buddhirajgautam/Library/Developer/Xcode/DerivedData/Telegram-Mac-fygdgghdgmuleoelvxabfmqiotta/Build/Intermediates.noindex/MtProtoKit.build/Debug/MtProtoKit-t.build/Objects-normal/arm64/MTConnectionProbing.dia -c /Users/buddhirajgautam/Documents/Cherrygram-Mac/macOS-Swift/submodules/telegram-ios/submodules/MtProtoKit/Sources/MTConnectionProbing.m -o /Users/buddhirajgautam/Library/Developer/Xcode/DerivedData/Telegram-Mac-fygdgghdgmuleoelvxabfmqiotta/Build/Intermediates.noindex/MtProtoKit.build/Debug/MtProtoKit-t.build/Objects-normal/arm64/MTConnectionProbing.o -index-unit-output-path /MtProtoKit.build/Debug/MtProtoKit-t.build/Objects-normal/arm64/MTConnectionProbing.o

ScanDependencies /Users/buddhirajgautam/Library/Developer/Xcode/DerivedData/Telegram-Mac-fygdgghdgmuleoelvxabfmqiotta/Build/Intermediates.noindex/MtProtoKit.build/Debug/MtProtoKit-t.build/Objects-normal/arm64/MTBufferReader.o /Users/buddhirajgautam/Documents/Cherrygram-Mac/macOS-Swift/submodules/telegram-ios/submodules/MtProtoKit/Sources/MTBufferReader.m normal arm64 objective-c com.apple.compilers.llvm.clang.1_0.compiler (in target 'MtProtoKit' from project 'MtProtoKit')
    cd /Users/buddhirajgautam/Documents/Cherrygram-Mac/macOS-Swift
    
    Using response file: /Users/buddhirajgautam/Library/Developer/Xcode/DerivedData/Telegram-Mac-fygdgghdgmuleoelvxabfmqiotta/Build/Intermediates.noindex/MtProtoKit.build/Debug/MtProtoKit-t.build/Objects-normal/arm64/e6072d4f65d7061329687fe24e3d63a7-common-args.resp
    
    builtin-ScanDependencies -o /Users/buddhirajgautam/Library/Developer/Xcode/DerivedData/Telegram-Mac-fygdgghdgmuleoelvxabfmqiotta/Build/Intermediates.noindex/MtProtoKit.build/Debug/MtProtoKit-t.build/Objects-normal/arm64/MTBufferReader.o.scan -- /Applications/Xcode.app/Contents/Developer/Toolchains/XcodeDefault.xctoolchain/usr/bin/clang -x objective-c -ivfsstatcache /Users/buddhirajgautam/Library/Developer/Xcode/DerivedData/SDKStatCaches.noindex/macosx27.0-26A425-e829b21a6f8c9b70876ba0858053c0447231f6df4def33e022ae2eb8f782df1a.sdkstatcache -target arm64-apple-macos12.0 -fmessage-length\=0 -fdiagnostics-show-note-include-stack -fmacro-backtrace-limit\=0 -fno-color-diagnostics -fmodules-prune-interval\=86400 -fmodules-prune-after\=345600 -fbuild-session-file\=/Users/buddhirajgautam/Library/Developer/Xcode/DerivedData/ModuleCache.noindex/Session.modulevalidation -fmodules-validate-once-per-build-session -Wnon-modular-include-in-framework-module -Werror\=non-modular-include-in-framework-module -Wno-trigraphs -Wno-missing-field-initializers -Wno-missing-prototypes -Wno-return-type -Wno-implicit-atomic-properties -Wno-objc-interface-ivars -Wno-arc-repeated-use-of-weak -Wno-missing-braces -Wparentheses -Wswitch -Wno-unused-function -Wno-unused-label -Wno-unused-parameter -Wno-unused-variable -Wunused-value -Wno-empty-body -Wno-uninitialized -Wno-unknown-pragmas -Wno-shadow -Wno-four-char-constants -Wno-conversion -Wno-constant-conversion -Wno-int-conversion -Wno-bool-conversion -Wno-enum-conversion -Wno-float-conversion -Wno-non-literal-null-conversion -Wno-objc-literal-conversion -Wshorten-64-to-32 -Wpointer-sign -Wno-newline-eof -Wno-selector -Wno-strict-selector-match -Wno-undeclared-selector -Wno-deprecated-implementations -Wno-implicit-fallthrough -isysroot /Applications/Xcode.app/Contents/Developer/Platforms/MacOSX.platform/Developer/SDKs/MacOSX27.0.sdk -fstrict-aliasing -Wprotocol -Wdeprecated-declarations -Wno-sign-conversion -Wno-infinite-recursion -Wno-comma -Wno-block-capture-autoreleasing -Wno-strict-prototypes -Wno-semicolon-before-method-body -index-store-path /Users/buddhirajgautam/Library/Developer/Xcode/DerivedData/Telegram-Mac-fygdgghdgmuleoelvxabfmqiotta/Index.noindex/DataStore @/Users/buddhirajgautam/Library/Developer/Xcode/DerivedData/Telegram-Mac-fygdgghdgmuleoelvxabfmqiotta/Build/Intermediates.noindex/MtProtoKit.build/Debug/MtProtoKit-t.build/Objects-normal/arm64/e6072d4f65d7061329687fe24e3d63a7-common-args.resp -MMD -MT dependencies -MF /Users/buddhirajgautam/Library/Developer/Xcode/DerivedData/Telegram-Mac-fygdgghdgmuleoelvxabfmqiotta/Build/Intermediates.noindex/MtProtoKit.build/Debug/MtProtoKit-t.build/Objects-normal/arm64/MTBufferReader.d --serialize-diagnostics /Users/buddhirajgautam/Library/Developer/Xcode/DerivedData/Telegram-Mac-fygdgghdgmuleoelvxabfmqiotta/Build/Intermediates.noindex/MtProtoKit.build/Debug/MtProtoKit-t.build/Objects-normal/arm64/MTBufferReader.dia -c /Users/buddhirajgautam/Documents/Cherrygram-Mac/macOS-Swift/submodules/telegram-ios/submodules/MtProtoKit/Sources/MTBufferReader.m -o /Users/buddhirajgautam/Library/Developer/Xcode/DerivedData/Telegram-Mac-fygdgghdgmuleoelvxabfmqiotta/Build/Intermediates.noindex/MtProtoKit.build/Debug/MtProtoKit-t.build/Objects-normal/arm64/MTBufferReader.o -index-unit-output-path /MtProtoKit.build/Debug/MtProtoKit-t.build/Objects-normal/arm64/MTBufferReader.o

ScanDependencies /Users/buddhirajgautam/Library/Developer/Xcode/DerivedData/Telegram-Mac-fygdgghdgmuleoelvxabfmqiotta/Build/Intermediates.noindex/MtProtoKit.build/Debug/MtProtoKit-t.build/Objects-normal/arm64/MTBuffer.o /Users/buddhirajgautam/Documents/Cherrygram-Mac/macOS-Swift/submodules/telegram-ios/submodules/MtProtoKit/Sources/MTBuffer.m normal arm64 objective-c com.apple.compilers.llvm.clang.1_0.compiler (in target 'MtProtoKit' from project 'MtProtoKit')
    cd /Users/buddhirajgautam/Documents/Cherrygram-Mac/macOS-Swift
    
    Using response file: /Users/buddhirajgautam/Library/Developer/Xcode/DerivedData/Telegram-Mac-fygdgghdgmuleoelvxabfmqiotta/Build/Intermediates.noindex/MtProtoKit.build/Debug/MtProtoKit-t.build/Objects-normal/arm64/e6072d4f65d7061329687fe24e3d63a7-common-args.resp
    
    builtin-ScanDependencies -o /Users/buddhirajgautam/Library/Developer/Xcode/DerivedData/Telegram-Mac-fygdgghdgmuleoelvxabfmqiotta/Build/Intermediates.noindex/MtProtoKit.build/Debug/MtProtoKit-t.build/Objects-normal/arm64/MTBuffer.o.scan -- /Applications/Xcode.app/Contents/Developer/Toolchains/XcodeDefault.xctoolchain/usr/bin/clang -x objective-c -ivfsstatcache /Users/buddhirajgautam/Library/Developer/Xcode/DerivedData/SDKStatCaches.noindex/macosx27.0-26A425-e829b21a6f8c9b70876ba0858053c0447231f6df4def33e022ae2eb8f782df1a.sdkstatcache -target arm64-apple-macos12.0 -fmessage-length\=0 -fdiagnostics-show-note-include-stack -fmacro-backtrace-limit\=0 -fno-color-diagnostics -fmodules-prune-interval\=86400 -fmodules-prune-after\=345600 -fbuild-session-file\=/Users/buddhirajgautam/Library/Developer/Xcode/DerivedData/ModuleCache.noindex/Session.modulevalidation -fmodules-validate-once-per-build-session -Wnon-modular-include-in-framework-module -Werror\=non-modular-include-in-framework-module -Wno-trigraphs -Wno-missing-field-initializers -Wno-missing-prototypes -Wno-return-type -Wno-implicit-atomic-properties -Wno-objc-interface-ivars -Wno-arc-repeated-use-of-weak -Wno-missing-braces -Wparentheses -Wswitch -Wno-unused-function -Wno-unused-label -Wno-unused-parameter -Wno-unused-variable -Wunused-value -Wno-empty-body -Wno-uninitialized -Wno-unknown-pragmas -Wno-shadow -Wno-four-char-constants -Wno-conversion -Wno-constant-conversion -Wno-int-conversion -Wno-bool-conversion -Wno-enum-conversion -Wno-float-conversion -Wno-non-literal-null-conversion -Wno-objc-literal-conversion -Wshorten-64-to-32 -Wpointer-sign -Wno-newline-eof -Wno-selector -Wno-strict-selector-match -Wno-undeclared-selector -Wno-deprecated-implementations -Wno-implicit-fallthrough -isysroot /Applications/Xcode.app/Contents/Developer/Platforms/MacOSX.platform/Developer/SDKs/MacOSX27.0.sdk -fstrict-aliasing -Wprotocol -Wdeprecated-declarations -Wno-sign-conversion -Wno-infinite-recursion -Wno-comma -Wno-block-capture-autoreleasing -Wno-strict-prototypes -Wno-semicolon-before-method-body -index-store-path /Users/buddhirajgautam/Library/Developer/Xcode/DerivedData/Telegram-Mac-fygdgghdgmuleoelvxabfmqiotta/Index.noindex/DataStore @/Users/buddhirajgautam/Library/Developer/Xcode/DerivedData/Telegram-Mac-fygdgghdgmuleoelvxabfmqiotta/Build/Intermediates.noindex/MtProtoKit.build/Debug/MtProtoKit-t.build/Objects-normal/arm64/e6072d4f65d7061329687fe24e3d63a7-common-args.resp -MMD -MT dependencies -MF /Users/buddhirajgautam/Library/Developer/Xcode/DerivedData/Telegram-Mac-fygdgghdgmuleoelvxabfmqiotta/Build/Intermediates.noindex/MtProtoKit.build/Debug/MtProtoKit-t.build/Objects-normal/arm64/MTBuffer.d --serialize-diagnostics /Users/buddhirajgautam/Library/Developer/Xcode/DerivedData/Telegram-Mac-fygdgghdgmuleoelvxabfmqiotta/Build/Intermediates.noindex/MtProtoKit.build/Debug/MtProtoKit-t.build/Objects-normal/arm64/MTBuffer.dia -c /Users/buddhirajgautam/Documents/Cherrygram-Mac/macOS-Swift/submodules/telegram-ios/submodules/MtProtoKit/Sources/MTBuffer.m -o /Users/buddhirajgautam/Library/Developer/Xcode/DerivedData/Telegram-Mac-fygdgghdgmuleoelvxabfmqiotta/Build/Intermediates.noindex/MtProtoKit.build/Debug/MtProtoKit-t.build/Objects-normal/arm64/MTBuffer.o -index-unit-output-path /MtProtoKit.build/Debug/MtProtoKit-t.build/Objects-normal/arm64/MTBuffer.o

ScanDependencies /Users/buddhirajgautam/Library/Developer/Xcode/DerivedData/Telegram-Mac-fygdgghdgmuleoelvxabfmqiotta/Build/Intermediates.noindex/MtProtoKit.build/Debug/MtProtoKit-t.build/Objects-normal/arm64/MTBindingTempAuthKeyContext.o /Users/buddhirajgautam/Documents/Cherrygram-Mac/macOS-Swift/submodules/telegram-ios/submodules/MtProtoKit/Sources/MTBindingTempAuthKeyContext.m normal arm64 objective-c com.apple.compilers.llvm.clang.1_0.compiler (in target 'MtProtoKit' from project 'MtProtoKit')
    cd /Users/buddhirajgautam/Documents/Cherrygram-Mac/macOS-Swift
    
    Using response file: /Users/buddhirajgautam/Library/Developer/Xcode/DerivedData/Telegram-Mac-fygdgghdgmuleoelvxabfmqiotta/Build/Intermediates.noindex/MtProtoKit.build/Debug/MtProtoKit-t.build/Objects-normal/arm64/e6072d4f65d7061329687fe24e3d63a7-common-args.resp
    
    builtin-ScanDependencies -o /Users/buddhirajgautam/Library/Developer/Xcode/DerivedData/Telegram-Mac-fygdgghdgmuleoelvxabfmqiotta/Build/Intermediates.noindex/MtProtoKit.build/Debug/MtProtoKit-t.build/Objects-normal/arm64/MTBindingTempAuthKeyContext.o.scan -- /Applications/Xcode.app/Contents/Developer/Toolchains/XcodeDefault.xctoolchain/usr/bin/clang -x objective-c -ivfsstatcache /Users/buddhirajgautam/Library/Developer/Xcode/DerivedData/SDKStatCaches.noindex/macosx27.0-26A425-e829b21a6f8c9b70876ba0858053c0447231f6df4def33e022ae2eb8f782df1a.sdkstatcache -target arm64-apple-macos12.0 -fmessage-length\=0 -fdiagnostics-show-note-include-stack -fmacro-backtrace-limit\=0 -fno-color-diagnostics -fmodules-prune-interval\=86400 -fmodules-prune-after\=345600 -fbuild-session-file\=/Users/buddhirajgautam/Library/Developer/Xcode/DerivedData/ModuleCache.noindex/Session.modulevalidation -fmodules-validate-once-per-build-session -Wnon-modular-include-in-framework-module -Werror\=non-modular-include-in-framework-module -Wno-trigraphs -Wno-missing-field-initializers -Wno-missing-prototypes -Wno-return-type -Wno-implicit-atomic-properties -Wno-objc-interface-ivars -Wno-arc-repeated-use-of-weak -Wno-missing-braces -Wparentheses -Wswitch -Wno-unused-function -Wno-unused-label -Wno-unused-parameter -Wno-unused-variable -Wunused-value -Wno-empty-body -Wno-uninitialized -Wno-unknown-pragmas -Wno-shadow -Wno-four-char-constants -Wno-conversion -Wno-constant-conversion -Wno-int-conversion -Wno-bool-conversion -Wno-enum-conversion -Wno-float-conversion -Wno-non-literal-null-conversion -Wno-objc-literal-conversion -Wshorten-64-to-32 -Wpointer-sign -Wno-newline-eof -Wno-selector -Wno-strict-selector-match -Wno-undeclared-selector -Wno-deprecated-implementations -Wno-implicit-fallthrough -isysroot /Applications/Xcode.app/Contents/Developer/Platforms/MacOSX.platform/Developer/SDKs/MacOSX27.0.sdk -fstrict-aliasing -Wprotocol -Wdeprecated-declarations -Wno-sign-conversion -Wno-infinite-recursion -Wno-comma -Wno-block-capture-autoreleasing -Wno-strict-prototypes -Wno-semicolon-before-method-body -index-store-path /Users/buddhirajgautam/Library/Developer/Xcode/DerivedData/Telegram-Mac-fygdgghdgmuleoelvxabfmqiotta/Index.noindex/DataStore @/Users/buddhirajgautam/Library/Developer/Xcode/DerivedData/Telegram-Mac-fygdgghdgmuleoelvxabfmqiotta/Build/Intermediates.noindex/MtProtoKit.build/Debug/MtProtoKit-t.build/Objects-normal/arm64/e6072d4f65d7061329687fe24e3d63a7-common-args.resp -MMD -MT dependencies -MF /Users/buddhirajgautam/Library/Developer/Xcode/DerivedData/Telegram-Mac-fygdgghdgmuleoelvxabfmqiotta/Build/Intermediates.noindex/MtProtoKit.build/Debug/MtProtoKit-t.build/Objects-normal/arm64/MTBindingTempAuthKeyContext.d --serialize-diagnostics /Users/buddhirajgautam/Library/Developer/Xcode/DerivedData/Telegram-Mac-fygdgghdgmuleoelvxabfmqiotta/Build/Intermediates.noindex/MtProtoKit.build/Debug/MtProtoKit-t.build/Objects-normal/arm64/MTBindingTempAuthKeyContext.dia -c /Users/buddhirajgautam/Documents/Cherrygram-Mac/macOS-Swift/submodules/telegram-ios/submodules/MtProtoKit/Sources/MTBindingTempAuthKeyContext.m -o /Users/buddhirajgautam/Library/Developer/Xcode/DerivedData/Telegram-Mac-fygdgghdgmuleoelvxabfmqiotta/Build/Intermediates.noindex/MtProtoKit.build/Debug/MtProtoKit-t.build/Objects-normal/arm64/MTBindingTempAuthKeyContext.o -index-unit-output-path /MtProtoKit.build/Debug/MtProtoKit-t.build/Objects-normal/arm64/MTBindingTempAuthKeyContext.o

ScanDependencies /Users/buddhirajgautam/Library/Developer/Xcode/DerivedData/Telegram-Mac-fygdgghdgmuleoelvxabfmqiotta/Build/Intermediates.noindex/MtProtoKit.build/Debug/MtProtoKit-t.build/Objects-normal/arm64/MTBindKeyMessageService.o /Users/buddhirajgautam/Documents/Cherrygram-Mac/macOS-Swift/submodules/telegram-ios/submodules/MtProtoKit/Sources/MTBindKeyMessageService.m normal arm64 objective-c com.apple.compilers.llvm.clang.1_0.compiler (in target 'MtProtoKit' from project 'MtProtoKit')
    cd /Users/buddhirajgautam/Documents/Cherrygram-Mac/macOS-Swift
    
    Using response file: /Users/buddhirajgautam/Library/Developer/Xcode/DerivedData/Telegram-Mac-fygdgghdgmuleoelvxabfmqiotta/Build/Intermediates.noindex/MtProtoKit.build/Debug/MtProtoKit-t.build/Objects-normal/arm64/e6072d4f65d7061329687fe24e3d63a7-common-args.resp
    
    builtin-ScanDependencies -o /Users/buddhirajgautam/Library/Developer/Xcode/DerivedData/Telegram-Mac-fygdgghdgmuleoelvxabfmqiotta/Build/Intermediates.noindex/MtProtoKit.build/Debug/MtProtoKit-t.build/Objects-normal/arm64/MTBindKeyMessageService.o.scan -- /Applications/Xcode.app/Contents/Developer/Toolchains/XcodeDefault.xctoolchain/usr/bin/clang -x objective-c -ivfsstatcache /Users/buddhirajgautam/Library/Developer/Xcode/DerivedData/SDKStatCaches.noindex/macosx27.0-26A425-e829b21a6f8c9b70876ba0858053c0447231f6df4def33e022ae2eb8f782df1a.sdkstatcache -target arm64-apple-macos12.0 -fmessage-length\=0 -fdiagnostics-show-note-include-stack -fmacro-backtrace-limit\=0 -fno-color-diagnostics -fmodules-prune-interval\=86400 -fmodules-prune-after\=345600 -fbuild-session-file\=/Users/buddhirajgautam/Library/Developer/Xcode/DerivedData/ModuleCache.noindex/Session.modulevalidation -fmodules-validate-once-per-build-session -Wnon-modular-include-in-framework-module -Werror\=non-modular-include-in-framework-module -Wno-trigraphs -Wno-missing-field-initializers -Wno-missing-prototypes -Wno-return-type -Wno-implicit-atomic-properties -Wno-objc-interface-ivars -Wno-arc-repeated-use-of-weak -Wno-missing-braces -Wparentheses -Wswitch -Wno-unused-function -Wno-unused-label -Wno-unused-parameter -Wno-unused-variable -Wunused-value -Wno-empty-body -Wno-uninitialized -Wno-unknown-pragmas -Wno-shadow -Wno-four-char-constants -Wno-conversion -Wno-constant-conversion -Wno-int-conversion -Wno-bool-conversion -Wno-enum-conversion -Wno-float-conversion -Wno-non-literal-null-conversion -Wno-objc-literal-conversion -Wshorten-64-to-32 -Wpointer-sign -Wno-newline-eof -Wno-selector -Wno-strict-selector-match -Wno-undeclared-selector -Wno-deprecated-implementations -Wno-implicit-fallthrough -isysroot /Applications/Xcode.app/Contents/Developer/Platforms/MacOSX.platform/Developer/SDKs/MacOSX27.0.sdk -fstrict-aliasing -Wprotocol -Wdeprecated-declarations -Wno-sign-conversion -Wno-infinite-recursion -Wno-comma -Wno-block-capture-autoreleasing -Wno-strict-prototypes -Wno-semicolon-before-method-body -index-store-path /Users/buddhirajgautam/Library/Developer/Xcode/DerivedData/Telegram-Mac-fygdgghdgmuleoelvxabfmqiotta/Index.noindex/DataStore @/Users/buddhirajgautam/Library/Developer/Xcode/DerivedData/Telegram-Mac-fygdgghdgmuleoelvxabfmqiotta/Build/Intermediates.noindex/MtProtoKit.build/Debug/MtProtoKit-t.build/Objects-normal/arm64/e6072d4f65d7061329687fe24e3d63a7-common-args.resp -MMD -MT dependencies -MF /Users/buddhirajgautam/Library/Developer/Xcode/DerivedData/Telegram-Mac-fygdgghdgmuleoelvxabfmqiotta/Build/Intermediates.noindex/MtProtoKit.build/Debug/MtProtoKit-t.build/Objects-normal/arm64/MTBindKeyMessageService.d --serialize-diagnostics /Users/buddhirajgautam/Library/Developer/Xcode/DerivedData/Telegram-Mac-fygdgghdgmuleoelvxabfmqiotta/Build/Intermediates.noindex/MtProtoKit.build/Debug/MtProtoKit-t.build/Objects-normal/arm64/MTBindKeyMessageService.dia -c /Users/buddhirajgautam/Documents/Cherrygram-Mac/macOS-Swift/submodules/telegram-ios/submodules/MtProtoKit/Sources/MTBindKeyMessageService.m -o /Users/buddhirajgautam/Library/Developer/Xcode/DerivedData/Telegram-Mac-fygdgghdgmuleoelvxabfmqiotta/Build/Intermediates.noindex/MtProtoKit.build/Debug/MtProtoKit-t.build/Objects-normal/arm64/MTBindKeyMessageService.o -index-unit-output-path /MtProtoKit.build/Debug/MtProtoKit-t.build/Objects-normal/arm64/MTBindKeyMessageService.o

CompileC /Users/buddhirajgautam/Library/Developer/Xcode/DerivedData/Telegram-Mac-fygdgghdgmuleoelvxabfmqiotta/Build/Intermediates.noindex/MtProtoKit.build/Debug/MtProtoKit-t.build/Objects-normal/arm64/MTConnectionProbing.o /Users/buddhirajgautam/Documents/Cherrygram-Mac/macOS-Swift/submodules/telegram-ios/submodules/MtProtoKit/Sources/MTConnectionProbing.m normal arm64 objective-c com.apple.compilers.llvm.clang.1_0.compiler (in target 'MtProtoKit' from project 'MtProtoKit')
    cd /Users/buddhirajgautam/Documents/Cherrygram-Mac/macOS-Swift
    
    Using response file: /Users/buddhirajgautam/Library/Developer/Xcode/DerivedData/Telegram-Mac-fygdgghdgmuleoelvxabfmqiotta/Build/Intermediates.noindex/MtProtoKit.build/Debug/MtProtoKit-t.build/Objects-normal/arm64/e6072d4f65d7061329687fe24e3d63a7-common-args.resp
    
    /Applications/Xcode.app/Contents/Developer/Toolchains/XcodeDefault.xctoolchain/usr/bin/clang -x objective-c -ivfsstatcache /Users/buddhirajgautam/Library/Developer/Xcode/DerivedData/SDKStatCaches.noindex/macosx27.0-26A425-e829b21a6f8c9b70876ba0858053c0447231f6df4def33e022ae2eb8f782df1a.sdkstatcache -target arm64-apple-macos12.0 -fmessage-length\=0 -fdiagnostics-show-note-include-stack -fmacro-backtrace-limit\=0 -fno-color-diagnostics -fmodules-prune-interval\=86400 -fmodules-prune-after\=345600 -fbuild-session-file\=/Users/buddhirajgautam/Library/Developer/Xcode/DerivedData/ModuleCache.noindex/Session.modulevalidation -fmodules-validate-once-per-build-session -Wnon-modular-include-in-framework-module -Werror\=non-modular-include-in-framework-module -Wno-trigraphs -Wno-missing-field-initializers -Wno-missing-prototypes -Wno-return-type -Wno-implicit-atomic-properties -Wno-objc-interface-ivars -Wno-arc-repeated-use-of-weak -Wno-missing-braces -Wparentheses -Wswitch -Wno-unused-function -Wno-unused-label -Wno-unused-parameter -Wno-unused-variable -Wunused-value -Wno-empty-body -Wno-uninitialized -Wno-unknown-pragmas -Wno-shadow -Wno-four-char-constants -Wno-conversion -Wno-constant-conversion -Wno-int-conversion -Wno-bool-conversion -Wno-enum-conversion -Wno-float-conversion -Wno-non-literal-null-conversion -Wno-objc-literal-conversion -Wshorten-64-to-32 -Wpointer-sign -Wno-newline-eof -Wno-selector -Wno-strict-selector-match -Wno-undeclared-selector -Wno-deprecated-implementations -Wno-implicit-fallthrough -isysroot /Applications/Xcode.app/Contents/Developer/Platforms/MacOSX.platform/Developer/SDKs/MacOSX27.0.sdk -fstrict-aliasing -Wprotocol -Wdeprecated-declarations -Wno-sign-conversion -Wno-infinite-recursion -Wno-comma -Wno-block-capture-autoreleasing -Wno-strict-prototypes -Wno-semicolon-before-method-body -index-store-path /Users/buddhirajgautam/Library/Developer/Xcode/DerivedData/Telegram-Mac-fygdgghdgmuleoelvxabfmqiotta/Index.noindex/DataStore @/Users/buddhirajgautam/Library/Developer/Xcode/DerivedData/Telegram-Mac-fygdgghdgmuleoelvxabfmqiotta/Build/Intermediates.noindex/MtProtoKit.build/Debug/MtProtoKit-t.build/Objects-normal/arm64/e6072d4f65d7061329687fe24e3d63a7-common-args.resp -MMD -MT dependencies -MF /Users/buddhirajgautam/Library/Developer/Xcode/DerivedData/Telegram-Mac-fygdgghdgmuleoelvxabfmqiotta/Build/Intermediates.noindex/MtProtoKit.build/Debug/MtProtoKit-t.build/Objects-normal/arm64/MTConnectionProbing.d --serialize-diagnostics /Users/buddhirajgautam/Library/Developer/Xcode/DerivedData/Telegram-Mac-fygdgghdgmuleoelvxabfmqiotta/Build/Intermediates.noindex/MtProtoKit.build/Debug/MtProtoKit-t.build/Objects-normal/arm64/MTConnectionProbing.dia -c /Users/buddhirajgautam/Documents/Cherrygram-Mac/macOS-Swift/submodules/telegram-ios/submodules/MtProtoKit/Sources/MTConnectionProbing.m -o /Users/buddhirajgautam/Library/Developer/Xcode/DerivedData/Telegram-Mac-fygdgghdgmuleoelvxabfmqiotta/Build/Intermediates.noindex/MtProtoKit.build/Debug/MtProtoKit-t.build/Objects-normal/arm64/MTConnectionProbing.o -index-unit-output-path /MtProtoKit.build/Debug/MtProtoKit-t.build/Objects-normal/arm64/MTConnectionProbing.o

ScanDependencies /Users/buddhirajgautam/Library/Developer/Xcode/DerivedData/Telegram-Mac-fygdgghdgmuleoelvxabfmqiotta/Build/Intermediates.noindex/MtProtoKit.build/Debug/MtProtoKit-t.build/Objects-normal/arm64/MTBag.o /Users/buddhirajgautam/Documents/Cherrygram-Mac/macOS-Swift/submodules/telegram-ios/submodules/MtProtoKit/Sources/MTBag.m normal arm64 objective-c com.apple.compilers.llvm.clang.1_0.compiler (in target 'MtProtoKit' from project 'MtProtoKit')
    cd /Users/buddhirajgautam/Documents/Cherrygram-Mac/macOS-Swift
    
    Using response file: /Users/buddhirajgautam/Library/Developer/Xcode/DerivedData/Telegram-Mac-fygdgghdgmuleoelvxabfmqiotta/Build/Intermediates.noindex/MtProtoKit.build/Debug/MtProtoKit-t.build/Objects-normal/arm64/e6072d4f65d7061329687fe24e3d63a7-common-args.resp
    
    builtin-ScanDependencies -o /Users/buddhirajgautam/Library/Developer/Xcode/DerivedData/Telegram-Mac-fygdgghdgmuleoelvxabfmqiotta/Build/Intermediates.noindex/MtProtoKit.build/Debug/MtProtoKit-t.build/Objects-normal/arm64/MTBag.o.scan -- /Applications/Xcode.app/Contents/Developer/Toolchains/XcodeDefault.xctoolchain/usr/bin/clang -x objective-c -ivfsstatcache /Users/buddhirajgautam/Library/Developer/Xcode/DerivedData/SDKStatCaches.noindex/macosx27.0-26A425-e829b21a6f8c9b70876ba0858053c0447231f6df4def33e022ae2eb8f782df1a.sdkstatcache -target arm64-apple-macos12.0 -fmessage-length\=0 -fdiagnostics-show-note-include-stack -fmacro-backtrace-limit\=0 -fno-color-diagnostics -fmodules-prune-interval\=86400 -fmodules-prune-after\=345600 -fbuild-session-file\=/Users/buddhirajgautam/Library/Developer/Xcode/DerivedData/ModuleCache.noindex/Session.modulevalidation -fmodules-validate-once-per-build-session -Wnon-modular-include-in-framework-module -Werror\=non-modular-include-in-framework-module -Wno-trigraphs -Wno-missing-field-initializers -Wno-missing-prototypes -Wno-return-type -Wno-implicit-atomic-properties -Wno-objc-interface-ivars -Wno-arc-repeated-use-of-weak -Wno-missing-braces -Wparentheses -Wswitch -Wno-unused-function -Wno-unused-label -Wno-unused-parameter -Wno-unused-variable -Wunused-value -Wno-empty-body -Wno-uninitialized -Wno-unknown-pragmas -Wno-shadow -Wno-four-char-constants -Wno-conversion -Wno-constant-conversion -Wno-int-conversion -Wno-bool-conversion -Wno-enum-conversion -Wno-float-conversion -Wno-non-literal-null-conversion -Wno-objc-literal-conversion -Wshorten-64-to-32 -Wpointer-sign -Wno-newline-eof -Wno-selector -Wno-strict-selector-match -Wno-undeclared-selector -Wno-deprecated-implementations -Wno-implicit-fallthrough -isysroot /Applications/Xcode.app/Contents/Developer/Platforms/MacOSX.platform/Developer/SDKs/MacOSX27.0.sdk -fstrict-aliasing -Wprotocol -Wdeprecated-declarations -Wno-sign-conversion -Wno-infinite-recursion -Wno-comma -Wno-block-capture-autoreleasing -Wno-strict-prototypes -Wno-semicolon-before-method-body -index-store-path /Users/buddhirajgautam/Library/Developer/Xcode/DerivedData/Telegram-Mac-fygdgghdgmuleoelvxabfmqiotta/Index.noindex/DataStore @/Users/buddhirajgautam/Library/Developer/Xcode/DerivedData/Telegram-Mac-fygdgghdgmuleoelvxabfmqiotta/Build/Intermediates.noindex/MtProtoKit.build/Debug/MtProtoKit-t.build/Objects-normal/arm64/e6072d4f65d7061329687fe24e3d63a7-common-args.resp -MMD -MT dependencies -MF /Users/buddhirajgautam/Library/Developer/Xcode/DerivedData/Telegram-Mac-fygdgghdgmuleoelvxabfmqiotta/Build/Intermediates.noindex/MtProtoKit.build/Debug/MtProtoKit-t.build/Objects-normal/arm64/MTBag.d --serialize-diagnostics /Users/buddhirajgautam/Library/Developer/Xcode/DerivedData/Telegram-Mac-fygdgghdgmuleoelvxabfmqiotta/Build/Intermediates.noindex/MtProtoKit.build/Debug/MtProtoKit-t.build/Objects-normal/arm64/MTBag.dia -c /Users/buddhirajgautam/Documents/Cherrygram-Mac/macOS-Swift/submodules/telegram-ios/submodules/MtProtoKit/Sources/MTBag.m -o /Users/buddhirajgautam/Library/Developer/Xcode/DerivedData/Telegram-Mac-fygdgghdgmuleoelvxabfmqiotta/Build/Intermediates.noindex/MtProtoKit.build/Debug/MtProtoKit-t.build/Objects-normal/arm64/MTBag.o -index-unit-output-path /MtProtoKit.build/Debug/MtProtoKit-t.build/Objects-normal/arm64/MTBag.o

CompileC /Users/buddhirajgautam/Library/Developer/Xcode/DerivedData/Telegram-Mac-fygdgghdgmuleoelvxabfmqiotta/Build/Intermediates.noindex/MtProtoKit.build/Debug/MtProtoKit-t.build/Objects-normal/arm64/MTBufferReader.o /Users/buddhirajgautam/Documents/Cherrygram-Mac/macOS-Swift/submodules/telegram-ios/submodules/MtProtoKit/Sources/MTBufferReader.m normal arm64 objective-c com.apple.compilers.llvm.clang.1_0.compiler (in target 'MtProtoKit' from project 'MtProtoKit')
    cd /Users/buddhirajgautam/Documents/Cherrygram-Mac/macOS-Swift
    
    Using response file: /Users/buddhirajgautam/Library/Developer/Xcode/DerivedData/Telegram-Mac-fygdgghdgmuleoelvxabfmqiotta/Build/Intermediates.noindex/MtProtoKit.build/Debug/MtProtoKit-t.build/Objects-normal/arm64/e6072d4f65d7061329687fe24e3d63a7-common-args.resp
    
    /Applications/Xcode.app/Contents/Developer/Toolchains/XcodeDefault.xctoolchain/usr/bin/clang -x objective-c -ivfsstatcache /Users/buddhirajgautam/Library/Developer/Xcode/DerivedData/SDKStatCaches.noindex/macosx27.0-26A425-e829b21a6f8c9b70876ba0858053c0447231f6df4def33e022ae2eb8f782df1a.sdkstatcache -target arm64-apple-macos12.0 -fmessage-length\=0 -fdiagnostics-show-note-include-stack -fmacro-backtrace-limit\=0 -fno-color-diagnostics -fmodules-prune-interval\=86400 -fmodules-prune-after\=345600 -fbuild-session-file\=/Users/buddhirajgautam/Library/Developer/Xcode/DerivedData/ModuleCache.noindex/Session.modulevalidation -fmodules-validate-once-per-build-session -Wnon-modular-include-in-framework-module -Werror\=non-modular-include-in-framework-module -Wno-trigraphs -Wno-missing-field-initializers -Wno-missing-prototypes -Wno-return-type -Wno-implicit-atomic-properties -Wno-objc-interface-ivars -Wno-arc-repeated-use-of-weak -Wno-missing-braces -Wparentheses -Wswitch -Wno-unused-function -Wno-unused-label -Wno-unused-parameter -Wno-unused-variable -Wunused-value -Wno-empty-body -Wno-uninitialized -Wno-unknown-pragmas -Wno-shadow -Wno-four-char-constants -Wno-conversion -Wno-constant-conversion -Wno-int-conversion -Wno-bool-conversion -Wno-enum-conversion -Wno-float-conversion -Wno-non-literal-null-conversion -Wno-objc-literal-conversion -Wshorten-64-to-32 -Wpointer-sign -Wno-newline-eof -Wno-selector -Wno-strict-selector-match -Wno-undeclared-selector -Wno-deprecated-implementations -Wno-implicit-fallthrough -isysroot /Applications/Xcode.app/Contents/Developer/Platforms/MacOSX.platform/Developer/SDKs/MacOSX27.0.sdk -fstrict-aliasing -Wprotocol -Wdeprecated-declarations -Wno-sign-conversion -Wno-infinite-recursion -Wno-comma -Wno-block-capture-autoreleasing -Wno-strict-prototypes -Wno-semicolon-before-method-body -index-store-path /Users/buddhirajgautam/Library/Developer/Xcode/DerivedData/Telegram-Mac-fygdgghdgmuleoelvxabfmqiotta/Index.noindex/DataStore @/Users/buddhirajgautam/Library/Developer/Xcode/DerivedData/Telegram-Mac-fygdgghdgmuleoelvxabfmqiotta/Build/Intermediates.noindex/MtProtoKit.build/Debug/MtProtoKit-t.build/Objects-normal/arm64/e6072d4f65d7061329687fe24e3d63a7-common-args.resp -MMD -MT dependencies -MF /Users/buddhirajgautam/Library/Developer/Xcode/DerivedData/Telegram-Mac-fygdgghdgmuleoelvxabfmqiotta/Build/Intermediates.noindex/MtProtoKit.build/Debug/MtProtoKit-t.build/Objects-normal/arm64/MTBufferReader.d --serialize-diagnostics /Users/buddhirajgautam/Library/Developer/Xcode/DerivedData/Telegram-Mac-fygdgghdgmuleoelvxabfmqiotta/Build/Intermediates.noindex/MtProtoKit.build/Debug/MtProtoKit-t.build/Objects-normal/arm64/MTBufferReader.dia -c /Users/buddhirajgautam/Documents/Cherrygram-Mac/macOS-Swift/submodules/telegram-ios/submodules/MtProtoKit/Sources/MTBufferReader.m -o /Users/buddhirajgautam/Library/Developer/Xcode/DerivedData/Telegram-Mac-fygdgghdgmuleoelvxabfmqiotta/Build/Intermediates.noindex/MtProtoKit.build/Debug/MtProtoKit-t.build/Objects-normal/arm64/MTBufferReader.o -index-unit-output-path /MtProtoKit.build/Debug/MtProtoKit-t.build/Objects-normal/arm64/MTBufferReader.o

CompileC /Users/buddhirajgautam/Library/Developer/Xcode/DerivedData/Telegram-Mac-fygdgghdgmuleoelvxabfmqiotta/Build/Intermediates.noindex/MtProtoKit.build/Debug/MtProtoKit-t.build/Objects-normal/arm64/MTBuffer.o /Users/buddhirajgautam/Documents/Cherrygram-Mac/macOS-Swift/submodules/telegram-ios/submodules/MtProtoKit/Sources/MTBuffer.m normal arm64 objective-c com.apple.compilers.llvm.clang.1_0.compiler (in target 'MtProtoKit' from project 'MtProtoKit')
    cd /Users/buddhirajgautam/Documents/Cherrygram-Mac/macOS-Swift
    
    Using response file: /Users/buddhirajgautam/Library/Developer/Xcode/DerivedData/Telegram-Mac-fygdgghdgmuleoelvxabfmqiotta/Build/Intermediates.noindex/MtProtoKit.build/Debug/MtProtoKit-t.build/Objects-normal/arm64/e6072d4f65d7061329687fe24e3d63a7-common-args.resp
    
    /Applications/Xcode.app/Contents/Developer/Toolchains/XcodeDefault.xctoolchain/usr/bin/clang -x objective-c -ivfsstatcache /Users/buddhirajgautam/Library/Developer/Xcode/DerivedData/SDKStatCaches.noindex/macosx27.0-26A425-e829b21a6f8c9b70876ba0858053c0447231f6df4def33e022ae2eb8f782df1a.sdkstatcache -target arm64-apple-macos12.0 -fmessage-length\=0 -fdiagnostics-show-note-include-stack -fmacro-backtrace-limit\=0 -fno-color-diagnostics -fmodules-prune-interval\=86400 -fmodules-prune-after\=345600 -fbuild-session-file\=/Users/buddhirajgautam/Library/Developer/Xcode/DerivedData/ModuleCache.noindex/Session.modulevalidation -fmodules-validate-once-per-build-session -Wnon-modular-include-in-framework-module -Werror\=non-modular-include-in-framework-module -Wno-trigraphs -Wno-missing-field-initializers -Wno-missing-prototypes -Wno-return-type -Wno-implicit-atomic-properties -Wno-objc-interface-ivars -Wno-arc-repeated-use-of-weak -Wno-missing-braces -Wparentheses -Wswitch -Wno-unused-function -Wno-unused-label -Wno-unused-parameter -Wno-unused-variable -Wunused-value -Wno-empty-body -Wno-uninitialized -Wno-unknown-pragmas -Wno-shadow -Wno-four-char-constants -Wno-conversion -Wno-constant-conversion -Wno-int-conversion -Wno-bool-conversion -Wno-enum-conversion -Wno-float-conversion -Wno-non-literal-null-conversion -Wno-objc-literal-conversion -Wshorten-64-to-32 -Wpointer-sign -Wno-newline-eof -Wno-selector -Wno-strict-selector-match -Wno-undeclared-selector -Wno-deprecated-implementations -Wno-implicit-fallthrough -isysroot /Applications/Xcode.app/Contents/Developer/Platforms/MacOSX.platform/Developer/SDKs/MacOSX27.0.sdk -fstrict-aliasing -Wprotocol -Wdeprecated-declarations -Wno-sign-conversion -Wno-infinite-recursion -Wno-comma -Wno-block-capture-autoreleasing -Wno-strict-prototypes -Wno-semicolon-before-method-body -index-store-path /Users/buddhirajgautam/Library/Developer/Xcode/DerivedData/Telegram-Mac-fygdgghdgmuleoelvxabfmqiotta/Index.noindex/DataStore @/Users/buddhirajgautam/Library/Developer/Xcode/DerivedData/Telegram-Mac-fygdgghdgmuleoelvxabfmqiotta/Build/Intermediates.noindex/MtProtoKit.build/Debug/MtProtoKit-t.build/Objects-normal/arm64/e6072d4f65d7061329687fe24e3d63a7-common-args.resp -MMD -MT dependencies -MF /Users/buddhirajgautam/Library/Developer/Xcode/DerivedData/Telegram-Mac-fygdgghdgmuleoelvxabfmqiotta/Build/Intermediates.noindex/MtProtoKit.build/Debug/MtProtoKit-t.build/Objects-normal/arm64/MTBuffer.d --serialize-diagnostics /Users/buddhirajgautam/Library/Developer/Xcode/DerivedData/Telegram-Mac-fygdgghdgmuleoelvxabfmqiotta/Build/Intermediates.noindex/MtProtoKit.build/Debug/MtProtoKit-t.build/Objects-normal/arm64/MTBuffer.dia -c /Users/buddhirajgautam/Documents/Cherrygram-Mac/macOS-Swift/submodules/telegram-ios/submodules/MtProtoKit/Sources/MTBuffer.m -o /Users/buddhirajgautam/Library/Developer/Xcode/DerivedData/Telegram-Mac-fygdgghdgmuleoelvxabfmqiotta/Build/Intermediates.noindex/MtProtoKit.build/Debug/MtProtoKit-t.build/Objects-normal/arm64/MTBuffer.o -index-unit-output-path /MtProtoKit.build/Debug/MtProtoKit-t.build/Objects-normal/arm64/MTBuffer.o

CompileC /Users/buddhirajgautam/Library/Developer/Xcode/DerivedData/Telegram-Mac-fygdgghdgmuleoelvxabfmqiotta/Build/Intermediates.noindex/MtProtoKit.build/Debug/MtProtoKit-t.build/Objects-normal/arm64/MTBindingTempAuthKeyContext.o /Users/buddhirajgautam/Documents/Cherrygram-Mac/macOS-Swift/submodules/telegram-ios/submodules/MtProtoKit/Sources/MTBindingTempAuthKeyContext.m normal arm64 objective-c com.apple.compilers.llvm.clang.1_0.compiler (in target 'MtProtoKit' from project 'MtProtoKit')
    cd /Users/buddhirajgautam/Documents/Cherrygram-Mac/macOS-Swift
    
    Using response file: /Users/buddhirajgautam/Library/Developer/Xcode/DerivedData/Telegram-Mac-fygdgghdgmuleoelvxabfmqiotta/Build/Intermediates.noindex/MtProtoKit.build/Debug/MtProtoKit-t.build/Objects-normal/arm64/e6072d4f65d7061329687fe24e3d63a7-common-args.resp
    
    /Applications/Xcode.app/Contents/Developer/Toolchains/XcodeDefault.xctoolchain/usr/bin/clang -x objective-c -ivfsstatcache /Users/buddhirajgautam/Library/Developer/Xcode/DerivedData/SDKStatCaches.noindex/macosx27.0-26A425-e829b21a6f8c9b70876ba0858053c0447231f6df4def33e022ae2eb8f782df1a.sdkstatcache -target arm64-apple-macos12.0 -fmessage-length\=0 -fdiagnostics-show-note-include-stack -fmacro-backtrace-limit\=0 -fno-color-diagnostics -fmodules-prune-interval\=86400 -fmodules-prune-after\=345600 -fbuild-session-file\=/Users/buddhirajgautam/Library/Developer/Xcode/DerivedData/ModuleCache.noindex/Session.modulevalidation -fmodules-validate-once-per-build-session -Wnon-modular-include-in-framework-module -Werror\=non-modular-include-in-framework-module -Wno-trigraphs -Wno-missing-field-initializers -Wno-missing-prototypes -Wno-return-type -Wno-implicit-atomic-properties -Wno-objc-interface-ivars -Wno-arc-repeated-use-of-weak -Wno-missing-braces -Wparentheses -Wswitch -Wno-unused-function -Wno-unused-label -Wno-unused-parameter -Wno-unused-variable -Wunused-value -Wno-empty-body -Wno-uninitialized -Wno-unknown-pragmas -Wno-shadow -Wno-four-char-constants -Wno-conversion -Wno-constant-conversion -Wno-int-conversion -Wno-bool-conversion -Wno-enum-conversion -Wno-float-conversion -Wno-non-literal-null-conversion -Wno-objc-literal-conversion -Wshorten-64-to-32 -Wpointer-sign -Wno-newline-eof -Wno-selector -Wno-strict-selector-match -Wno-undeclared-selector -Wno-deprecated-implementations -Wno-implicit-fallthrough -isysroot /Applications/Xcode.app/Contents/Developer/Platforms/MacOSX.platform/Developer/SDKs/MacOSX27.0.sdk -fstrict-aliasing -Wprotocol -Wdeprecated-declarations -Wno-sign-conversion -Wno-infinite-recursion -Wno-comma -Wno-block-capture-autoreleasing -Wno-strict-prototypes -Wno-semicolon-before-method-body -index-store-path /Users/buddhirajgautam/Library/Developer/Xcode/DerivedData/Telegram-Mac-fygdgghdgmuleoelvxabfmqiotta/Index.noindex/DataStore @/Users/buddhirajgautam/Library/Developer/Xcode/DerivedData/Telegram-Mac-fygdgghdgmuleoelvxabfmqiotta/Build/Intermediates.noindex/MtProtoKit.build/Debug/MtProtoKit-t.build/Objects-normal/arm64/e6072d4f65d7061329687fe24e3d63a7-common-args.resp -MMD -MT dependencies -MF /Users/buddhirajgautam/Library/Developer/Xcode/DerivedData/Telegram-Mac-fygdgghdgmuleoelvxabfmqiotta/Build/Intermediates.noindex/MtProtoKit.build/Debug/MtProtoKit-t.build/Objects-normal/arm64/MTBindingTempAuthKeyContext.d --serialize-diagnostics /Users/buddhirajgautam/Library/Developer/Xcode/DerivedData/Telegram-Mac-fygdgghdgmuleoelvxabfmqiotta/Build/Intermediates.noindex/MtProtoKit.build/Debug/MtProtoKit-t.build/Objects-normal/arm64/MTBindingTempAuthKeyContext.dia -c /Users/buddhirajgautam/Documents/Cherrygram-Mac/macOS-Swift/submodules/telegram-ios/submodules/MtProtoKit/Sources/MTBindingTempAuthKeyContext.m -o /Users/buddhirajgautam/Library/Developer/Xcode/DerivedData/Telegram-Mac-fygdgghdgmuleoelvxabfmqiotta/Build/Intermediates.noindex/MtProtoKit.build/Debug/MtProtoKit-t.build/Objects-normal/arm64/MTBindingTempAuthKeyContext.o -index-unit-output-path /MtProtoKit.build/Debug/MtProtoKit-t.build/Objects-normal/arm64/MTBindingTempAuthKeyContext.o

CompileC /Users/buddhirajgautam/Library/Developer/Xcode/DerivedData/Telegram-Mac-fygdgghdgmuleoelvxabfmqiotta/Build/Intermediates.noindex/MtProtoKit.build/Debug/MtProtoKit-t.build/Objects-normal/arm64/MTBindKeyMessageService.o /Users/buddhirajgautam/Documents/Cherrygram-Mac/macOS-Swift/submodules/telegram-ios/submodules/MtProtoKit/Sources/MTBindKeyMessageService.m normal arm64 objective-c com.apple.compilers.llvm.clang.1_0.compiler (in target 'MtProtoKit' from project 'MtProtoKit')
    cd /Users/buddhirajgautam/Documents/Cherrygram-Mac/macOS-Swift
    
    Using response file: /Users/buddhirajgautam/Library/Developer/Xcode/DerivedData/Telegram-Mac-fygdgghdgmuleoelvxabfmqiotta/Build/Intermediates.noindex/MtProtoKit.build/Debug/MtProtoKit-t.build/Objects-normal/arm64/e6072d4f65d7061329687fe24e3d63a7-common-args.resp
    
    /Applications/Xcode.app/Contents/Developer/Toolchains/XcodeDefault.xctoolchain/usr/bin/clang -x objective-c -ivfsstatcache /Users/buddhirajgautam/Library/Developer/Xcode/DerivedData/SDKStatCaches.noindex/macosx27.0-26A425-e829b21a6f8c9b70876ba0858053c0447231f6df4def33e022ae2eb8f782df1a.sdkstatcache -target arm64-apple-macos12.0 -fmessage-length\=0 -fdiagnostics-show-note-include-stack -fmacro-backtrace-limit\=0 -fno-color-diagnostics -fmodules-prune-interval\=86400 -fmodules-prune-after\=345600 -fbuild-session-file\=/Users/buddhirajgautam/Library/Developer/Xcode/DerivedData/ModuleCache.noindex/Session.modulevalidation -fmodules-validate-once-per-build-session -Wnon-modular-include-in-framework-module -Werror\=non-modular-include-in-framework-module -Wno-trigraphs -Wno-missing-field-initializers -Wno-missing-prototypes -Wno-return-type -Wno-implicit-atomic-properties -Wno-objc-interface-ivars -Wno-arc-repeated-use-of-weak -Wno-missing-braces -Wparentheses -Wswitch -Wno-unused-function -Wno-unused-label -Wno-unused-parameter -Wno-unused-variable -Wunused-value -Wno-empty-body -Wno-uninitialized -Wno-unknown-pragmas -Wno-shadow -Wno-four-char-constants -Wno-conversion -Wno-constant-conversion -Wno-int-conversion -Wno-bool-conversion -Wno-enum-conversion -Wno-float-conversion -Wno-non-literal-null-conversion -Wno-objc-literal-conversion -Wshorten-64-to-32 -Wpointer-sign -Wno-newline-eof -Wno-selector -Wno-strict-selector-match -Wno-undeclared-selector -Wno-deprecated-implementations -Wno-implicit-fallthrough -isysroot /Applications/Xcode.app/Contents/Developer/Platforms/MacOSX.platform/Developer/SDKs/MacOSX27.0.sdk -fstrict-aliasing -Wprotocol -Wdeprecated-declarations -Wno-sign-conversion -Wno-infinite-recursion -Wno-comma -Wno-block-capture-autoreleasing -Wno-strict-prototypes -Wno-semicolon-before-method-body -index-store-path /Users/buddhirajgautam/Library/Developer/Xcode/DerivedData/Telegram-Mac-fygdgghdgmuleoelvxabfmqiotta/Index.noindex/DataStore @/Users/buddhirajgautam/Library/Developer/Xcode/DerivedData/Telegram-Mac-fygdgghdgmuleoelvxabfmqiotta/Build/Intermediates.noindex/MtProtoKit.build/Debug/MtProtoKit-t.build/Objects-normal/arm64/e6072d4f65d7061329687fe24e3d63a7-common-args.resp -MMD -MT dependencies -MF /Users/buddhirajgautam/Library/Developer/Xcode/DerivedData/Telegram-Mac-fygdgghdgmuleoelvxabfmqiotta/Build/Intermediates.noindex/MtProtoKit.build/Debug/MtProtoKit-t.build/Objects-normal/arm64/MTBindKeyMessageService.d --serialize-diagnostics /Users/buddhirajgautam/Library/Developer/Xcode/DerivedData/Telegram-Mac-fygdgghdgmuleoelvxabfmqiotta/Build/Intermediates.noindex/MtProtoKit.build/Debug/MtProtoKit-t.build/Objects-normal/arm64/MTBindKeyMessageService.dia -c /Users/buddhirajgautam/Documents/Cherrygram-Mac/macOS-Swift/submodules/telegram-ios/submodules/MtProtoKit/Sources/MTBindKeyMessageService.m -o /Users/buddhirajgautam/Library/Developer/Xcode/DerivedData/Telegram-Mac-fygdgghdgmuleoelvxabfmqiotta/Build/Intermediates.noindex/MtProtoKit.build/Debug/MtProtoKit-t.build/Objects-normal/arm64/MTBindKeyMessageService.o -index-unit-output-path /MtProtoKit.build/Debug/MtProtoKit-t.build/Objects-normal/arm64/MTBindKeyMessageService.o

CompileC /Users/buddhirajgautam/Library/Developer/Xcode/DerivedData/Telegram-Mac-fygdgghdgmuleoelvxabfmqiotta/Build/Intermediates.noindex/MtProtoKit.build/Debug/MtProtoKit-t.build/Objects-normal/arm64/MTBag.o /Users/buddhirajgautam/Documents/Cherrygram-Mac/macOS-Swift/submodules/telegram-ios/submodules/MtProtoKit/Sources/MTBag.m normal arm64 objective-c com.apple.compilers.llvm.clang.1_0.compiler (in target 'MtProtoKit' from project 'MtProtoKit')
    cd /Users/buddhirajgautam/Documents/Cherrygram-Mac/macOS-Swift
    
    Using response file: /Users/buddhirajgautam/Library/Developer/Xcode/DerivedData/Telegram-Mac-fygdgghdgmuleoelvxabfmqiotta/Build/Intermediates.noindex/MtProtoKit.build/Debug/MtProtoKit-t.build/Objects-normal/arm64/e6072d4f65d7061329687fe24e3d63a7-common-args.resp
    
    /Applications/Xcode.app/Contents/Developer/Toolchains/XcodeDefault.xctoolchain/usr/bin/clang -x objective-c -ivfsstatcache /Users/buddhirajgautam/Library/Developer/Xcode/DerivedData/SDKStatCaches.noindex/macosx27.0-26A425-e829b21a6f8c9b70876ba0858053c0447231f6df4def33e022ae2eb8f782df1a.sdkstatcache -target arm64-apple-macos12.0 -fmessage-length\=0 -fdiagnostics-show-note-include-stack -fmacro-backtrace-limit\=0 -fno-color-diagnostics -fmodules-prune-interval\=86400 -fmodules-prune-after\=345600 -fbuild-session-file\=/Users/buddhirajgautam/Library/Developer/Xcode/DerivedData/ModuleCache.noindex/Session.modulevalidation -fmodules-validate-once-per-build-session -Wnon-modular-include-in-framework-module -Werror\=non-modular-include-in-framework-module -Wno-trigraphs -Wno-missing-field-initializers -Wno-missing-prototypes -Wno-return-type -Wno-implicit-atomic-properties -Wno-objc-interface-ivars -Wno-arc-repeated-use-of-weak -Wno-missing-braces -Wparentheses -Wswitch -Wno-unused-function -Wno-unused-label -Wno-unused-parameter -Wno-unused-variable -Wunused-value -Wno-empty-body -Wno-uninitialized -Wno-unknown-pragmas -Wno-shadow -Wno-four-char-constants -Wno-conversion -Wno-constant-conversion -Wno-int-conversion -Wno-bool-conversion -Wno-enum-conversion -Wno-float-conversion -Wno-non-literal-null-conversion -Wno-objc-literal-conversion -Wshorten-64-to-32 -Wpointer-sign -Wno-newline-eof -Wno-selector -Wno-strict-selector-match -Wno-undeclared-selector -Wno-deprecated-implementations -Wno-implicit-fallthrough -isysroot /Applications/Xcode.app/Contents/Developer/Platforms/MacOSX.platform/Developer/SDKs/MacOSX27.0.sdk -fstrict-aliasing -Wprotocol -Wdeprecated-declarations -Wno-sign-conversion -Wno-infinite-recursion -Wno-comma -Wno-block-capture-autoreleasing -Wno-strict-prototypes -Wno-semicolon-before-method-body -index-store-path /Users/buddhirajgautam/Library/Developer/Xcode/DerivedData/Telegram-Mac-fygdgghdgmuleoelvxabfmqiotta/Index.noindex/DataStore @/Users/buddhirajgautam/Library/Developer/Xcode/DerivedData/Telegram-Mac-fygdgghdgmuleoelvxabfmqiotta/Build/Intermediates.noindex/MtProtoKit.build/Debug/MtProtoKit-t.build/Objects-normal/arm64/e6072d4f65d7061329687fe24e3d63a7-common-args.resp -MMD -MT dependencies -MF /Users/buddhirajgautam/Library/Developer/Xcode/DerivedData/Telegram-Mac-fygdgghdgmuleoelvxabfmqiotta/Build/Intermediates.noindex/MtProtoKit.build/Debug/MtProtoKit-t.build/Objects-normal/arm64/MTBag.d --serialize-diagnostics /Users/buddhirajgautam/Library/Developer/Xcode/DerivedData/Telegram-Mac-fygdgghdgmuleoelvxabfmqiotta/Build/Intermediates.noindex/MtProtoKit.build/Debug/MtProtoKit-t.build/Objects-normal/arm64/MTBag.dia -c /Users/buddhirajgautam/Documents/Cherrygram-Mac/macOS-Swift/submodules/telegram-ios/submodules/MtProtoKit/Sources/MTBag.m -o /Users/buddhirajgautam/Library/Developer/Xcode/DerivedData/Telegram-Mac-fygdgghdgmuleoelvxabfmqiotta/Build/Intermediates.noindex/MtProtoKit.build/Debug/MtProtoKit-t.build/Objects-normal/arm64/MTBag.o -index-unit-output-path /MtProtoKit.build/Debug/MtProtoKit-t.build/Objects-normal/arm64/MTBag.o

ScanDependencies /Users/buddhirajgautam/Library/Developer/Xcode/DerivedData/Telegram-Mac-fygdgghdgmuleoelvxabfmqiotta/Build/Intermediates.noindex/MtProtoKit.build/Debug/MtProtoKit-t.build/Objects-normal/arm64/MTBadMsgNotificationMessage.o /Users/buddhirajgautam/Documents/Cherrygram-Mac/macOS-Swift/submodules/telegram-ios/submodules/MtProtoKit/Sources/MTBadMsgNotificationMessage.m normal arm64 objective-c com.apple.compilers.llvm.clang.1_0.compiler (in target 'MtProtoKit' from project 'MtProtoKit')
    cd /Users/buddhirajgautam/Documents/Cherrygram-Mac/macOS-Swift
    
    Using response file: /Users/buddhirajgautam/Library/Developer/Xcode/DerivedData/Telegram-Mac-fygdgghdgmuleoelvxabfmqiotta/Build/Intermediates.noindex/MtProtoKit.build/Debug/MtProtoKit-t.build/Objects-normal/arm64/e6072d4f65d7061329687fe24e3d63a7-common-args.resp
    
    builtin-ScanDependencies -o /Users/buddhirajgautam/Library/Developer/Xcode/DerivedData/Telegram-Mac-fygdgghdgmuleoelvxabfmqiotta/Build/Intermediates.noindex/MtProtoKit.build/Debug/MtProtoKit-t.build/Objects-normal/arm64/MTBadMsgNotificationMessage.o.scan -- /Applications/Xcode.app/Contents/Developer/Toolchains/XcodeDefault.xctoolchain/usr/bin/clang -x objective-c -ivfsstatcache /Users/buddhirajgautam/Library/Developer/Xcode/DerivedData/SDKStatCaches.noindex/macosx27.0-26A425-e829b21a6f8c9b70876ba0858053c0447231f6df4def33e022ae2eb8f782df1a.sdkstatcache -target arm64-apple-macos12.0 -fmessage-length\=0 -fdiagnostics-show-note-include-stack -fmacro-backtrace-limit\=0 -fno-color-diagnostics -fmodules-prune-interval\=86400 -fmodules-prune-after\=345600 -fbuild-session-file\=/Users/buddhirajgautam/Library/Developer/Xcode/DerivedData/ModuleCache.noindex/Session.modulevalidation -fmodules-validate-once-per-build-session -Wnon-modular-include-in-framework-module -Werror\=non-modular-include-in-framework-module -Wno-trigraphs -Wno-missing-field-initializers -Wno-missing-prototypes -Wno-return-type -Wno-implicit-atomic-properties -Wno-objc-interface-ivars -Wno-arc-repeated-use-of-weak -Wno-missing-braces -Wparentheses -Wswitch -Wno-unused-function -Wno-unused-label -Wno-unused-parameter -Wno-unused-variable -Wunused-value -Wno-empty-body -Wno-uninitialized -Wno-unknown-pragmas -Wno-shadow -Wno-four-char-constants -Wno-conversion -Wno-constant-conversion -Wno-int-conversion -Wno-bool-conversion -Wno-enum-conversion -Wno-float-conversion -Wno-non-literal-null-conversion -Wno-objc-literal-conversion -Wshorten-64-to-32 -Wpointer-sign -Wno-newline-eof -Wno-selector -Wno-strict-selector-match -Wno-undeclared-selector -Wno-deprecated-implementations -Wno-implicit-fallthrough -isysroot /Applications/Xcode.app/Contents/Developer/Platforms/MacOSX.platform/Developer/SDKs/MacOSX27.0.sdk -fstrict-aliasing -Wprotocol -Wdeprecated-declarations -Wno-sign-conversion -Wno-infinite-recursion -Wno-comma -Wno-block-capture-autoreleasing -Wno-strict-prototypes -Wno-semicolon-before-method-body -index-store-path /Users/buddhirajgautam/Library/Developer/Xcode/DerivedData/Telegram-Mac-fygdgghdgmuleoelvxabfmqiotta/Index.noindex/DataStore @/Users/buddhirajgautam/Library/Developer/Xcode/DerivedData/Telegram-Mac-fygdgghdgmuleoelvxabfmqiotta/Build/Intermediates.noindex/MtProtoKit.build/Debug/MtProtoKit-t.build/Objects-normal/arm64/e6072d4f65d7061329687fe24e3d63a7-common-args.resp -MMD -MT dependencies -MF /Users/buddhirajgautam/Library/Developer/Xcode/DerivedData/Telegram-Mac-fygdgghdgmuleoelvxabfmqiotta/Build/Intermediates.noindex/MtProtoKit.build/Debug/MtProtoKit-t.build/Objects-normal/arm64/MTBadMsgNotificationMessage.d --serialize-diagnostics /Users/buddhirajgautam/Library/Developer/Xcode/DerivedData/Telegram-Mac-fygdgghdgmuleoelvxabfmqiotta/Build/Intermediates.noindex/MtProtoKit.build/Debug/MtProtoKit-t.build/Objects-normal/arm64/MTBadMsgNotificationMessage.dia -c /Users/buddhirajgautam/Documents/Cherrygram-Mac/macOS-Swift/submodules/telegram-ios/submodules/MtProtoKit/Sources/MTBadMsgNotificationMessage.m -o /Users/buddhirajgautam/Library/Developer/Xcode/DerivedData/Telegram-Mac-fygdgghdgmuleoelvxabfmqiotta/Build/Intermediates.noindex/MtProtoKit.build/Debug/MtProtoKit-t.build/Objects-normal/arm64/MTBadMsgNotificationMessage.o -index-unit-output-path /MtProtoKit.build/Debug/MtProtoKit-t.build/Objects-normal/arm64/MTBadMsgNotificationMessage.o

ScanDependencies /Users/buddhirajgautam/Library/Developer/Xcode/DerivedData/Telegram-Mac-fygdgghdgmuleoelvxabfmqiotta/Build/Intermediates.noindex/MtProtoKit.build/Debug/MtProtoKit-t.build/Objects-normal/arm64/MTBackupAddressSignals.o /Users/buddhirajgautam/Documents/Cherrygram-Mac/macOS-Swift/submodules/telegram-ios/submodules/MtProtoKit/Sources/MTBackupAddressSignals.m normal arm64 objective-c com.apple.compilers.llvm.clang.1_0.compiler (in target 'MtProtoKit' from project 'MtProtoKit')
    cd /Users/buddhirajgautam/Documents/Cherrygram-Mac/macOS-Swift
    
    Using response file: /Users/buddhirajgautam/Library/Developer/Xcode/DerivedData/Telegram-Mac-fygdgghdgmuleoelvxabfmqiotta/Build/Intermediates.noindex/MtProtoKit.build/Debug/MtProtoKit-t.build/Objects-normal/arm64/e6072d4f65d7061329687fe24e3d63a7-common-args.resp
    
    builtin-ScanDependencies -o /Users/buddhirajgautam/Library/Developer/Xcode/DerivedData/Telegram-Mac-fygdgghdgmuleoelvxabfmqiotta/Build/Intermediates.noindex/MtProtoKit.build/Debug/MtProtoKit-t.build/Objects-normal/arm64/MTBackupAddressSignals.o.scan -- /Applications/Xcode.app/Contents/Developer/Toolchains/XcodeDefault.xctoolchain/usr/bin/clang -x objective-c -ivfsstatcache /Users/buddhirajgautam/Library/Developer/Xcode/DerivedData/SDKStatCaches.noindex/macosx27.0-26A425-e829b21a6f8c9b70876ba0858053c0447231f6df4def33e022ae2eb8f782df1a.sdkstatcache -target arm64-apple-macos12.0 -fmessage-length\=0 -fdiagnostics-show-note-include-stack -fmacro-backtrace-limit\=0 -fno-color-diagnostics -fmodules-prune-interval\=86400 -fmodules-prune-after\=345600 -fbuild-session-file\=/Users/buddhirajgautam/Library/Developer/Xcode/DerivedData/ModuleCache.noindex/Session.modulevalidation -fmodules-validate-once-per-build-session -Wnon-modular-include-in-framework-module -Werror\=non-modular-include-in-framework-module -Wno-trigraphs -Wno-missing-field-initializers -Wno-missing-prototypes -Wno-return-type -Wno-implicit-atomic-properties -Wno-objc-interface-ivars -Wno-arc-repeated-use-of-weak -Wno-missing-braces -Wparentheses -Wswitch -Wno-unused-function -Wno-unused-label -Wno-unused-parameter -Wno-unused-variable -Wunused-value -Wno-empty-body -Wno-uninitialized -Wno-unknown-pragmas -Wno-shadow -Wno-four-char-constants -Wno-conversion -Wno-constant-conversion -Wno-int-conversion -Wno-bool-conversion -Wno-enum-conversion -Wno-float-conversion -Wno-non-literal-null-conversion -Wno-objc-literal-conversion -Wshorten-64-to-32 -Wpointer-sign -Wno-newline-eof -Wno-selector -Wno-strict-selector-match -Wno-undeclared-selector -Wno-deprecated-implementations -Wno-implicit-fallthrough -isysroot /Applications/Xcode.app/Contents/Developer/Platforms/MacOSX.platform/Developer/SDKs/MacOSX27.0.sdk -fstrict-aliasing -Wprotocol -Wdeprecated-declarations -Wno-sign-conversion -Wno-infinite-recursion -Wno-comma -Wno-block-capture-autoreleasing -Wno-strict-prototypes -Wno-semicolon-before-method-body -index-store-path /Users/buddhirajgautam/Library/Developer/Xcode/DerivedData/Telegram-Mac-fygdgghdgmuleoelvxabfmqiotta/Index.noindex/DataStore @/Users/buddhirajgautam/Library/Developer/Xcode/DerivedData/Telegram-Mac-fygdgghdgmuleoelvxabfmqiotta/Build/Intermediates.noindex/MtProtoKit.build/Debug/MtProtoKit-t.build/Objects-normal/arm64/e6072d4f65d7061329687fe24e3d63a7-common-args.resp -MMD -MT dependencies -MF /Users/buddhirajgautam/Library/Developer/Xcode/DerivedData/Telegram-Mac-fygdgghdgmuleoelvxabfmqiotta/Build/Intermediates.noindex/MtProtoKit.build/Debug/MtProtoKit-t.build/Objects-normal/arm64/MTBackupAddressSignals.d --serialize-diagnostics /Users/buddhirajgautam/Library/Developer/Xcode/DerivedData/Telegram-Mac-fygdgghdgmuleoelvxabfmqiotta/Build/Intermediates.noindex/MtProtoKit.build/Debug/MtProtoKit-t.build/Objects-normal/arm64/MTBackupAddressSignals.dia -c /Users/buddhirajgautam/Documents/Cherrygram-Mac/macOS-Swift/submodules/telegram-ios/submodules/MtProtoKit/Sources/MTBackupAddressSignals.m -o /Users/buddhirajgautam/Library/Developer/Xcode/DerivedData/Telegram-Mac-fygdgghdgmuleoelvxabfmqiotta/Build/Intermediates.noindex/MtProtoKit.build/Debug/MtProtoKit-t.build/Objects-normal/arm64/MTBackupAddressSignals.o -index-unit-output-path /MtProtoKit.build/Debug/MtProtoKit-t.build/Objects-normal/arm64/MTBackupAddressSignals.o

ScanDependencies /Users/buddhirajgautam/Library/Developer/Xcode/DerivedData/Telegram-Mac-fygdgghdgmuleoelvxabfmqiotta/Build/Intermediates.noindex/MtProtoKit.build/Debug/MtProtoKit-t.build/Objects-normal/arm64/MTAtomic.o /Users/buddhirajgautam/Documents/Cherrygram-Mac/macOS-Swift/submodules/telegram-ios/submodules/MtProtoKit/Sources/MTAtomic.m normal arm64 objective-c com.apple.compilers.llvm.clang.1_0.compiler (in target 'MtProtoKit' from project 'MtProtoKit')
    cd /Users/buddhirajgautam/Documents/Cherrygram-Mac/macOS-Swift
    
    Using response file: /Users/buddhirajgautam/Library/Developer/Xcode/DerivedData/Telegram-Mac-fygdgghdgmuleoelvxabfmqiotta/Build/Intermediates.noindex/MtProtoKit.build/Debug/MtProtoKit-t.build/Objects-normal/arm64/e6072d4f65d7061329687fe24e3d63a7-common-args.resp
    
    builtin-ScanDependencies -o /Users/buddhirajgautam/Library/Developer/Xcode/DerivedData/Telegram-Mac-fygdgghdgmuleoelvxabfmqiotta/Build/Intermediates.noindex/MtProtoKit.build/Debug/MtProtoKit-t.build/Objects-normal/arm64/MTAtomic.o.scan -- /Applications/Xcode.app/Contents/Developer/Toolchains/XcodeDefault.xctoolchain/usr/bin/clang -x objective-c -ivfsstatcache /Users/buddhirajgautam/Library/Developer/Xcode/DerivedData/SDKStatCaches.noindex/macosx27.0-26A425-e829b21a6f8c9b70876ba0858053c0447231f6df4def33e022ae2eb8f782df1a.sdkstatcache -target arm64-apple-macos12.0 -fmessage-length\=0 -fdiagnostics-show-note-include-stack -fmacro-backtrace-limit\=0 -fno-color-diagnostics -fmodules-prune-interval\=86400 -fmodules-prune-after\=345600 -fbuild-session-file\=/Users/buddhirajgautam/Library/Developer/Xcode/DerivedData/ModuleCache.noindex/Session.modulevalidation -fmodules-validate-once-per-build-session -Wnon-modular-include-in-framework-module -Werror\=non-modular-include-in-framework-module -Wno-trigraphs -Wno-missing-field-initializers -Wno-missing-prototypes -Wno-return-type -Wno-implicit-atomic-properties -Wno-objc-interface-ivars -Wno-arc-repeated-use-of-weak -Wno-missing-braces -Wparentheses -Wswitch -Wno-unused-function -Wno-unused-label -Wno-unused-parameter -Wno-unused-variable -Wunused-value -Wno-empty-body -Wno-uninitialized -Wno-unknown-pragmas -Wno-shadow -Wno-four-char-constants -Wno-conversion -Wno-constant-conversion -Wno-int-conversion -Wno-bool-conversion -Wno-enum-conversion -Wno-float-conversion -Wno-non-literal-null-conversion -Wno-objc-literal-conversion -Wshorten-64-to-32 -Wpointer-sign -Wno-newline-eof -Wno-selector -Wno-strict-selector-match -Wno-undeclared-selector -Wno-deprecated-implementations -Wno-implicit-fallthrough -isysroot /Applications/Xcode.app/Contents/Developer/Platforms/MacOSX.platform/Developer/SDKs/MacOSX27.0.sdk -fstrict-aliasing -Wprotocol -Wdeprecated-declarations -Wno-sign-conversion -Wno-infinite-recursion -Wno-comma -Wno-block-capture-autoreleasing -Wno-strict-prototypes -Wno-semicolon-before-method-body -index-store-path /Users/buddhirajgautam/Library/Developer/Xcode/DerivedData/Telegram-Mac-fygdgghdgmuleoelvxabfmqiotta/Index.noindex/DataStore @/Users/buddhirajgautam/Library/Developer/Xcode/DerivedData/Telegram-Mac-fygdgghdgmuleoelvxabfmqiotta/Build/Intermediates.noindex/MtProtoKit.build/Debug/MtProtoKit-t.build/Objects-normal/arm64/e6072d4f65d7061329687fe24e3d63a7-common-args.resp -MMD -MT dependencies -MF /Users/buddhirajgautam/Library/Developer/Xcode/DerivedData/Telegram-Mac-fygdgghdgmuleoelvxabfmqiotta/Build/Intermediates.noindex/MtProtoKit.build/Debug/MtProtoKit-t.build/Objects-normal/arm64/MTAtomic.d --serialize-diagnostics /Users/buddhirajgautam/Library/Developer/Xcode/DerivedData/Telegram-Mac-fygdgghdgmuleoelvxabfmqiotta/Build/Intermediates.noindex/MtProtoKit.build/Debug/MtProtoKit-t.build/Objects-normal/arm64/MTAtomic.dia -c /Users/buddhirajgautam/Documents/Cherrygram-Mac/macOS-Swift/submodules/telegram-ios/submodules/MtProtoKit/Sources/MTAtomic.m -o /Users/buddhirajgautam/Library/Developer/Xcode/DerivedData/Telegram-Mac-fygdgghdgmuleoelvxabfmqiotta/Build/Intermediates.noindex/MtProtoKit.build/Debug/MtProtoKit-t.build/Objects-normal/arm64/MTAtomic.o -index-unit-output-path /MtProtoKit.build/Debug/MtProtoKit-t.build/Objects-normal/arm64/MTAtomic.o

ScanDependencies /Users/buddhirajgautam/Library/Developer/Xcode/DerivedData/Telegram-Mac-fygdgghdgmuleoelvxabfmqiotta/Build/Intermediates.noindex/MtProtoKit.build/Debug/MtProtoKit-t.build/Objects-normal/arm64/MTApiEnvironment.o /Users/buddhirajgautam/Documents/Cherrygram-Mac/macOS-Swift/submodules/telegram-ios/submodules/MtProtoKit/Sources/MTApiEnvironment.m normal arm64 objective-c com.apple.compilers.llvm.clang.1_0.compiler (in target 'MtProtoKit' from project 'MtProtoKit')
    cd /Users/buddhirajgautam/Documents/Cherrygram-Mac/macOS-Swift
    
    Using response file: /Users/buddhirajgautam/Library/Developer/Xcode/DerivedData/Telegram-Mac-fygdgghdgmuleoelvxabfmqiotta/Build/Intermediates.noindex/MtProtoKit.build/Debug/MtProtoKit-t.build/Objects-normal/arm64/e6072d4f65d7061329687fe24e3d63a7-common-args.resp
    
    builtin-ScanDependencies -o /Users/buddhirajgautam/Library/Developer/Xcode/DerivedData/Telegram-Mac-fygdgghdgmuleoelvxabfmqiotta/Build/Intermediates.noindex/MtProtoKit.build/Debug/MtProtoKit-t.build/Objects-normal/arm64/MTApiEnvironment.o.scan -- /Applications/Xcode.app/Contents/Developer/Toolchains/XcodeDefault.xctoolchain/usr/bin/clang -x objective-c -ivfsstatcache /Users/buddhirajgautam/Library/Developer/Xcode/DerivedData/SDKStatCaches.noindex/macosx27.0-26A425-e829b21a6f8c9b70876ba0858053c0447231f6df4def33e022ae2eb8f782df1a.sdkstatcache -target arm64-apple-macos12.0 -fmessage-length\=0 -fdiagnostics-show-note-include-stack -fmacro-backtrace-limit\=0 -fno-color-diagnostics -fmodules-prune-interval\=86400 -fmodules-prune-after\=345600 -fbuild-session-file\=/Users/buddhirajgautam/Library/Developer/Xcode/DerivedData/ModuleCache.noindex/Session.modulevalidation -fmodules-validate-once-per-build-session -Wnon-modular-include-in-framework-module -Werror\=non-modular-include-in-framework-module -Wno-trigraphs -Wno-missing-field-initializers -Wno-missing-prototypes -Wno-return-type -Wno-implicit-atomic-properties -Wno-objc-interface-ivars -Wno-arc-repeated-use-of-weak -Wno-missing-braces -Wparentheses -Wswitch -Wno-unused-function -Wno-unused-label -Wno-unused-parameter -Wno-unused-variable -Wunused-value -Wno-empty-body -Wno-uninitialized -Wno-unknown-pragmas -Wno-shadow -Wno-four-char-constants -Wno-conversion -Wno-constant-conversion -Wno-int-conversion -Wno-bool-conversion -Wno-enum-conversion -Wno-float-conversion -Wno-non-literal-null-conversion -Wno-objc-literal-conversion -Wshorten-64-to-32 -Wpointer-sign -Wno-newline-eof -Wno-selector -Wno-strict-selector-match -Wno-undeclared-selector -Wno-deprecated-implementations -Wno-implicit-fallthrough -isysroot /Applications/Xcode.app/Contents/Developer/Platforms/MacOSX.platform/Developer/SDKs/MacOSX27.0.sdk -fstrict-aliasing -Wprotocol -Wdeprecated-declarations -Wno-sign-conversion -Wno-infinite-recursion -Wno-comma -Wno-block-capture-autoreleasing -Wno-strict-prototypes -Wno-semicolon-before-method-body -index-store-path /Users/buddhirajgautam/Library/Developer/Xcode/DerivedData/Telegram-Mac-fygdgghdgmuleoelvxabfmqiotta/Index.noindex/DataStore @/Users/buddhirajgautam/Library/Developer/Xcode/DerivedData/Telegram-Mac-fygdgghdgmuleoelvxabfmqiotta/Build/Intermediates.noindex/MtProtoKit.build/Debug/MtProtoKit-t.build/Objects-normal/arm64/e6072d4f65d7061329687fe24e3d63a7-common-args.resp -MMD -MT dependencies -MF /Users/buddhirajgautam/Library/Developer/Xcode/DerivedData/Telegram-Mac-fygdgghdgmuleoelvxabfmqiotta/Build/Intermediates.noindex/MtProtoKit.build/Debug/MtProtoKit-t.build/Objects-normal/arm64/MTApiEnvironment.d --serialize-diagnostics /Users/buddhirajgautam/Library/Developer/Xcode/DerivedData/Telegram-Mac-fygdgghdgmuleoelvxabfmqiotta/Build/Intermediates.noindex/MtProtoKit.build/Debug/MtProtoKit-t.build/Objects-normal/arm64/MTApiEnvironment.dia -c /Users/buddhirajgautam/Documents/Cherrygram-Mac/macOS-Swift/submodules/telegram-ios/submodules/MtProtoKit/Sources/MTApiEnvironment.m -o /Users/buddhirajgautam/Library/Developer/Xcode/DerivedData/Telegram-Mac-fygdgghdgmuleoelvxabfmqiotta/Build/Intermediates.noindex/MtProtoKit.build/Debug/MtProtoKit-t.build/Objects-normal/arm64/MTApiEnvironment.o -index-unit-output-path /MtProtoKit.build/Debug/MtProtoKit-t.build/Objects-normal/arm64/MTApiEnvironment.o

CompileC /Users/buddhirajgautam/Library/Developer/Xcode/DerivedData/Telegram-Mac-fygdgghdgmuleoelvxabfmqiotta/Build/Intermediates.noindex/MtProtoKit.build/Debug/MtProtoKit-t.build/Objects-normal/arm64/MTBadMsgNotificationMessage.o /Users/buddhirajgautam/Documents/Cherrygram-Mac/macOS-Swift/submodules/telegram-ios/submodules/MtProtoKit/Sources/MTBadMsgNotificationMessage.m normal arm64 objective-c com.apple.compilers.llvm.clang.1_0.compiler (in target 'MtProtoKit' from project 'MtProtoKit')
    cd /Users/buddhirajgautam/Documents/Cherrygram-Mac/macOS-Swift
    
    Using response file: /Users/buddhirajgautam/Library/Developer/Xcode/DerivedData/Telegram-Mac-fygdgghdgmuleoelvxabfmqiotta/Build/Intermediates.noindex/MtProtoKit.build/Debug/MtProtoKit-t.build/Objects-normal/arm64/e6072d4f65d7061329687fe24e3d63a7-common-args.resp
    
    /Applications/Xcode.app/Contents/Developer/Toolchains/XcodeDefault.xctoolchain/usr/bin/clang -x objective-c -ivfsstatcache /Users/buddhirajgautam/Library/Developer/Xcode/DerivedData/SDKStatCaches.noindex/macosx27.0-26A425-e829b21a6f8c9b70876ba0858053c0447231f6df4def33e022ae2eb8f782df1a.sdkstatcache -target arm64-apple-macos12.0 -fmessage-length\=0 -fdiagnostics-show-note-include-stack -fmacro-backtrace-limit\=0 -fno-color-diagnostics -fmodules-prune-interval\=86400 -fmodules-prune-after\=345600 -fbuild-session-file\=/Users/buddhirajgautam/Library/Developer/Xcode/DerivedData/ModuleCache.noindex/Session.modulevalidation -fmodules-validate-once-per-build-session -Wnon-modular-include-in-framework-module -Werror\=non-modular-include-in-framework-module -Wno-trigraphs -Wno-missing-field-initializers -Wno-missing-prototypes -Wno-return-type -Wno-implicit-atomic-properties -Wno-objc-interface-ivars -Wno-arc-repeated-use-of-weak -Wno-missing-braces -Wparentheses -Wswitch -Wno-unused-function -Wno-unused-label -Wno-unused-parameter -Wno-unused-variable -Wunused-value -Wno-empty-body -Wno-uninitialized -Wno-unknown-pragmas -Wno-shadow -Wno-four-char-constants -Wno-conversion -Wno-constant-conversion -Wno-int-conversion -Wno-bool-conversion -Wno-enum-conversion -Wno-float-conversion -Wno-non-literal-null-conversion -Wno-objc-literal-conversion -Wshorten-64-to-32 -Wpointer-sign -Wno-newline-eof -Wno-selector -Wno-strict-selector-match -Wno-undeclared-selector -Wno-deprecated-implementations -Wno-implicit-fallthrough -isysroot /Applications/Xcode.app/Contents/Developer/Platforms/MacOSX.platform/Developer/SDKs/MacOSX27.0.sdk -fstrict-aliasing -Wprotocol -Wdeprecated-declarations -Wno-sign-conversion -Wno-infinite-recursion -Wno-comma -Wno-block-capture-autoreleasing -Wno-strict-prototypes -Wno-semicolon-before-method-body -index-store-path /Users/buddhirajgautam/Library/Developer/Xcode/DerivedData/Telegram-Mac-fygdgghdgmuleoelvxabfmqiotta/Index.noindex/DataStore @/Users/buddhirajgautam/Library/Developer/Xcode/DerivedData/Telegram-Mac-fygdgghdgmuleoelvxabfmqiotta/Build/Intermediates.noindex/MtProtoKit.build/Debug/MtProtoKit-t.build/Objects-normal/arm64/e6072d4f65d7061329687fe24e3d63a7-common-args.resp -MMD -MT dependencies -MF /Users/buddhirajgautam/Library/Developer/Xcode/DerivedData/Telegram-Mac-fygdgghdgmuleoelvxabfmqiotta/Build/Intermediates.noindex/MtProtoKit.build/Debug/MtProtoKit-t.build/Objects-normal/arm64/MTBadMsgNotificationMessage.d --serialize-diagnostics /Users/buddhirajgautam/Library/Developer/Xcode/DerivedData/Telegram-Mac-fygdgghdgmuleoelvxabfmqiotta/Build/Intermediates.noindex/MtProtoKit.build/Debug/MtProtoKit-t.build/Objects-normal/arm64/MTBadMsgNotificationMessage.dia -c /Users/buddhirajgautam/Documents/Cherrygram-Mac/macOS-Swift/submodules/telegram-ios/submodules/MtProtoKit/Sources/MTBadMsgNotificationMessage.m -o /Users/buddhirajgautam/Library/Developer/Xcode/DerivedData/Telegram-Mac-fygdgghdgmuleoelvxabfmqiotta/Build/Intermediates.noindex/MtProtoKit.build/Debug/MtProtoKit-t.build/Objects-normal/arm64/MTBadMsgNotificationMessage.o -index-unit-output-path /MtProtoKit.build/Debug/MtProtoKit-t.build/Objects-normal/arm64/MTBadMsgNotificationMessage.o

ScanDependencies /Users/buddhirajgautam/Library/Developer/Xcode/DerivedData/Telegram-Mac-fygdgghdgmuleoelvxabfmqiotta/Build/Intermediates.noindex/MtProtoKit.build/Debug/MtProtoKit-t.build/Objects-normal/arm64/MTAes.o /Users/buddhirajgautam/Documents/Cherrygram-Mac/macOS-Swift/submodules/telegram-ios/submodules/MtProtoKit/Sources/MTAes.m normal arm64 objective-c com.apple.compilers.llvm.clang.1_0.compiler (in target 'MtProtoKit' from project 'MtProtoKit')
    cd /Users/buddhirajgautam/Documents/Cherrygram-Mac/macOS-Swift
    
    Using response file: /Users/buddhirajgautam/Library/Developer/Xcode/DerivedData/Telegram-Mac-fygdgghdgmuleoelvxabfmqiotta/Build/Intermediates.noindex/MtProtoKit.build/Debug/MtProtoKit-t.build/Objects-normal/arm64/e6072d4f65d7061329687fe24e3d63a7-common-args.resp
    
    builtin-ScanDependencies -o /Users/buddhirajgautam/Library/Developer/Xcode/DerivedData/Telegram-Mac-fygdgghdgmuleoelvxabfmqiotta/Build/Intermediates.noindex/MtProtoKit.build/Debug/MtProtoKit-t.build/Objects-normal/arm64/MTAes.o.scan -- /Applications/Xcode.app/Contents/Developer/Toolchains/XcodeDefault.xctoolchain/usr/bin/clang -x objective-c -ivfsstatcache /Users/buddhirajgautam/Library/Developer/Xcode/DerivedData/SDKStatCaches.noindex/macosx27.0-26A425-e829b21a6f8c9b70876ba0858053c0447231f6df4def33e022ae2eb8f782df1a.sdkstatcache -target arm64-apple-macos12.0 -fmessage-length\=0 -fdiagnostics-show-note-include-stack -fmacro-backtrace-limit\=0 -fno-color-diagnostics -fmodules-prune-interval\=86400 -fmodules-prune-after\=345600 -fbuild-session-file\=/Users/buddhirajgautam/Library/Developer/Xcode/DerivedData/ModuleCache.noindex/Session.modulevalidation -fmodules-validate-once-per-build-session -Wnon-modular-include-in-framework-module -Werror\=non-modular-include-in-framework-module -Wno-trigraphs -Wno-missing-field-initializers -Wno-missing-prototypes -Wno-return-type -Wno-implicit-atomic-properties -Wno-objc-interface-ivars -Wno-arc-repeated-use-of-weak -Wno-missing-braces -Wparentheses -Wswitch -Wno-unused-function -Wno-unused-label -Wno-unused-parameter -Wno-unused-variable -Wunused-value -Wno-empty-body -Wno-uninitialized -Wno-unknown-pragmas -Wno-shadow -Wno-four-char-constants -Wno-conversion -Wno-constant-conversion -Wno-int-conversion -Wno-bool-conversion -Wno-enum-conversion -Wno-float-conversion -Wno-non-literal-null-conversion -Wno-objc-literal-conversion -Wshorten-64-to-32 -Wpointer-sign -Wno-newline-eof -Wno-selector -Wno-strict-selector-match -Wno-undeclared-selector -Wno-deprecated-implementations -Wno-implicit-fallthrough -isysroot /Applications/Xcode.app/Contents/Developer/Platforms/MacOSX.platform/Developer/SDKs/MacOSX27.0.sdk -fstrict-aliasing -Wprotocol -Wdeprecated-declarations -Wno-sign-conversion -Wno-infinite-recursion -Wno-comma -Wno-block-capture-autoreleasing -Wno-strict-prototypes -Wno-semicolon-before-method-body -index-store-path /Users/buddhirajgautam/Library/Developer/Xcode/DerivedData/Telegram-Mac-fygdgghdgmuleoelvxabfmqiotta/Index.noindex/DataStore @/Users/buddhirajgautam/Library/Developer/Xcode/DerivedData/Telegram-Mac-fygdgghdgmuleoelvxabfmqiotta/Build/Intermediates.noindex/MtProtoKit.build/Debug/MtProtoKit-t.build/Objects-normal/arm64/e6072d4f65d7061329687fe24e3d63a7-common-args.resp -MMD -MT dependencies -MF /Users/buddhirajgautam/Library/Developer/Xcode/DerivedData/Telegram-Mac-fygdgghdgmuleoelvxabfmqiotta/Build/Intermediates.noindex/MtProtoKit.build/Debug/MtProtoKit-t.build/Objects-normal/arm64/MTAes.d --serialize-diagnostics /Users/buddhirajgautam/Library/Developer/Xcode/DerivedData/Telegram-Mac-fygdgghdgmuleoelvxabfmqiotta/Build/Intermediates.noindex/MtProtoKit.build/Debug/MtProtoKit-t.build/Objects-normal/arm64/MTAes.dia -c /Users/buddhirajgautam/Documents/Cherrygram-Mac/macOS-Swift/submodules/telegram-ios/submodules/MtProtoKit/Sources/MTAes.m -o /Users/buddhirajgautam/Library/Developer/Xcode/DerivedData/Telegram-Mac-fygdgghdgmuleoelvxabfmqiotta/Build/Intermediates.noindex/MtProtoKit.build/Debug/MtProtoKit-t.build/Objects-normal/arm64/MTAes.o -index-unit-output-path /MtProtoKit.build/Debug/MtProtoKit-t.build/Objects-normal/arm64/MTAes.o

CompileC /Users/buddhirajgautam/Library/Developer/Xcode/DerivedData/Telegram-Mac-fygdgghdgmuleoelvxabfmqiotta/Build/Intermediates.noindex/MtProtoKit.build/Debug/MtProtoKit-t.build/Objects-normal/arm64/MTAtomic.o /Users/buddhirajgautam/Documents/Cherrygram-Mac/macOS-Swift/submodules/telegram-ios/submodules/MtProtoKit/Sources/MTAtomic.m normal arm64 objective-c com.apple.compilers.llvm.clang.1_0.compiler (in target 'MtProtoKit' from project 'MtProtoKit')
    cd /Users/buddhirajgautam/Documents/Cherrygram-Mac/macOS-Swift
    
    Using response file: /Users/buddhirajgautam/Library/Developer/Xcode/DerivedData/Telegram-Mac-fygdgghdgmuleoelvxabfmqiotta/Build/Intermediates.noindex/MtProtoKit.build/Debug/MtProtoKit-t.build/Objects-normal/arm64/e6072d4f65d7061329687fe24e3d63a7-common-args.resp
    
    /Applications/Xcode.app/Contents/Developer/Toolchains/XcodeDefault.xctoolchain/usr/bin/clang -x objective-c -ivfsstatcache /Users/buddhirajgautam/Library/Developer/Xcode/DerivedData/SDKStatCaches.noindex/macosx27.0-26A425-e829b21a6f8c9b70876ba0858053c0447231f6df4def33e022ae2eb8f782df1a.sdkstatcache -target arm64-apple-macos12.0 -fmessage-length\=0 -fdiagnostics-show-note-include-stack -fmacro-backtrace-limit\=0 -fno-color-diagnostics -fmodules-prune-interval\=86400 -fmodules-prune-after\=345600 -fbuild-session-file\=/Users/buddhirajgautam/Library/Developer/Xcode/DerivedData/ModuleCache.noindex/Session.modulevalidation -fmodules-validate-once-per-build-session -Wnon-modular-include-in-framework-module -Werror\=non-modular-include-in-framework-module -Wno-trigraphs -Wno-missing-field-initializers -Wno-missing-prototypes -Wno-return-type -Wno-implicit-atomic-properties -Wno-objc-interface-ivars -Wno-arc-repeated-use-of-weak -Wno-missing-braces -Wparentheses -Wswitch -Wno-unused-function -Wno-unused-label -Wno-unused-parameter -Wno-unused-variable -Wunused-value -Wno-empty-body -Wno-uninitialized -Wno-unknown-pragmas -Wno-shadow -Wno-four-char-constants -Wno-conversion -Wno-constant-conversion -Wno-int-conversion -Wno-bool-conversion -Wno-enum-conversion -Wno-float-conversion -Wno-non-literal-null-conversion -Wno-objc-literal-conversion -Wshorten-64-to-32 -Wpointer-sign -Wno-newline-eof -Wno-selector -Wno-strict-selector-match -Wno-undeclared-selector -Wno-deprecated-implementations -Wno-implicit-fallthrough -isysroot /Applications/Xcode.app/Contents/Developer/Platforms/MacOSX.platform/Developer/SDKs/MacOSX27.0.sdk -fstrict-aliasing -Wprotocol -Wdeprecated-declarations -Wno-sign-conversion -Wno-infinite-recursion -Wno-comma -Wno-block-capture-autoreleasing -Wno-strict-prototypes -Wno-semicolon-before-method-body -index-store-path /Users/buddhirajgautam/Library/Developer/Xcode/DerivedData/Telegram-Mac-fygdgghdgmuleoelvxabfmqiotta/Index.noindex/DataStore @/Users/buddhirajgautam/Library/Developer/Xcode/DerivedData/Telegram-Mac-fygdgghdgmuleoelvxabfmqiotta/Build/Intermediates.noindex/MtProtoKit.build/Debug/MtProtoKit-t.build/Objects-normal/arm64/e6072d4f65d7061329687fe24e3d63a7-common-args.resp -MMD -MT dependencies -MF /Users/buddhirajgautam/Library/Developer/Xcode/DerivedData/Telegram-Mac-fygdgghdgmuleoelvxabfmqiotta/Build/Intermediates.noindex/MtProtoKit.build/Debug/MtProtoKit-t.build/Objects-normal/arm64/MTAtomic.d --serialize-diagnostics /Users/buddhirajgautam/Library/Developer/Xcode/DerivedData/Telegram-Mac-fygdgghdgmuleoelvxabfmqiotta/Build/Intermediates.noindex/MtProtoKit.build/Debug/MtProtoKit-t.build/Objects-normal/arm64/MTAtomic.dia -c /Users/buddhirajgautam/Documents/Cherrygram-Mac/macOS-Swift/submodules/telegram-ios/submodules/MtProtoKit/Sources/MTAtomic.m -o /Users/buddhirajgautam/Library/Developer/Xcode/DerivedData/Telegram-Mac-fygdgghdgmuleoelvxabfmqiotta/Build/Intermediates.noindex/MtProtoKit.build/Debug/MtProtoKit-t.build/Objects-normal/arm64/MTAtomic.o -index-unit-output-path /MtProtoKit.build/Debug/MtProtoKit-t.build/Objects-normal/arm64/MTAtomic.o

CompileC /Users/buddhirajgautam/Library/Developer/Xcode/DerivedData/Telegram-Mac-fygdgghdgmuleoelvxabfmqiotta/Build/Intermediates.noindex/MtProtoKit.build/Debug/MtProtoKit-t.build/Objects-normal/arm64/MTBackupAddressSignals.o /Users/buddhirajgautam/Documents/Cherrygram-Mac/macOS-Swift/submodules/telegram-ios/submodules/MtProtoKit/Sources/MTBackupAddressSignals.m normal arm64 objective-c com.apple.compilers.llvm.clang.1_0.compiler (in target 'MtProtoKit' from project 'MtProtoKit')
    cd /Users/buddhirajgautam/Documents/Cherrygram-Mac/macOS-Swift
    
    Using response file: /Users/buddhirajgautam/Library/Developer/Xcode/DerivedData/Telegram-Mac-fygdgghdgmuleoelvxabfmqiotta/Build/Intermediates.noindex/MtProtoKit.build/Debug/MtProtoKit-t.build/Objects-normal/arm64/e6072d4f65d7061329687fe24e3d63a7-common-args.resp
    
    /Applications/Xcode.app/Contents/Developer/Toolchains/XcodeDefault.xctoolchain/usr/bin/clang -x objective-c -ivfsstatcache /Users/buddhirajgautam/Library/Developer/Xcode/DerivedData/SDKStatCaches.noindex/macosx27.0-26A425-e829b21a6f8c9b70876ba0858053c0447231f6df4def33e022ae2eb8f782df1a.sdkstatcache -target arm64-apple-macos12.0 -fmessage-length\=0 -fdiagnostics-show-note-include-stack -fmacro-backtrace-limit\=0 -fno-color-diagnostics -fmodules-prune-interval\=86400 -fmodules-prune-after\=345600 -fbuild-session-file\=/Users/buddhirajgautam/Library/Developer/Xcode/DerivedData/ModuleCache.noindex/Session.modulevalidation -fmodules-validate-once-per-build-session -Wnon-modular-include-in-framework-module -Werror\=non-modular-include-in-framework-module -Wno-trigraphs -Wno-missing-field-initializers -Wno-missing-prototypes -Wno-return-type -Wno-implicit-atomic-properties -Wno-objc-interface-ivars -Wno-arc-repeated-use-of-weak -Wno-missing-braces -Wparentheses -Wswitch -Wno-unused-function -Wno-unused-label -Wno-unused-parameter -Wno-unused-variable -Wunused-value -Wno-empty-body -Wno-uninitialized -Wno-unknown-pragmas -Wno-shadow -Wno-four-char-constants -Wno-conversion -Wno-constant-conversion -Wno-int-conversion -Wno-bool-conversion -Wno-enum-conversion -Wno-float-conversion -Wno-non-literal-null-conversion -Wno-objc-literal-conversion -Wshorten-64-to-32 -Wpointer-sign -Wno-newline-eof -Wno-selector -Wno-strict-selector-match -Wno-undeclared-selector -Wno-deprecated-implementations -Wno-implicit-fallthrough -isysroot /Applications/Xcode.app/Contents/Developer/Platforms/MacOSX.platform/Developer/SDKs/MacOSX27.0.sdk -fstrict-aliasing -Wprotocol -Wdeprecated-declarations -Wno-sign-conversion -Wno-infinite-recursion -Wno-comma -Wno-block-capture-autoreleasing -Wno-strict-prototypes -Wno-semicolon-before-method-body -index-store-path /Users/buddhirajgautam/Library/Developer/Xcode/DerivedData/Telegram-Mac-fygdgghdgmuleoelvxabfmqiotta/Index.noindex/DataStore @/Users/buddhirajgautam/Library/Developer/Xcode/DerivedData/Telegram-Mac-fygdgghdgmuleoelvxabfmqiotta/Build/Intermediates.noindex/MtProtoKit.build/Debug/MtProtoKit-t.build/Objects-normal/arm64/e6072d4f65d7061329687fe24e3d63a7-common-args.resp -MMD -MT dependencies -MF /Users/buddhirajgautam/Library/Developer/Xcode/DerivedData/Telegram-Mac-fygdgghdgmuleoelvxabfmqiotta/Build/Intermediates.noindex/MtProtoKit.build/Debug/MtProtoKit-t.build/Objects-normal/arm64/MTBackupAddressSignals.d --serialize-diagnostics /Users/buddhirajgautam/Library/Developer/Xcode/DerivedData/Telegram-Mac-fygdgghdgmuleoelvxabfmqiotta/Build/Intermediates.noindex/MtProtoKit.build/Debug/MtProtoKit-t.build/Objects-normal/arm64/MTBackupAddressSignals.dia -c /Users/buddhirajgautam/Documents/Cherrygram-Mac/macOS-Swift/submodules/telegram-ios/submodules/MtProtoKit/Sources/MTBackupAddressSignals.m -o /Users/buddhirajgautam/Library/Developer/Xcode/DerivedData/Telegram-Mac-fygdgghdgmuleoelvxabfmqiotta/Build/Intermediates.noindex/MtProtoKit.build/Debug/MtProtoKit-t.build/Objects-normal/arm64/MTBackupAddressSignals.o -index-unit-output-path /MtProtoKit.build/Debug/MtProtoKit-t.build/Objects-normal/arm64/MTBackupAddressSignals.o

ScanDependencies /Users/buddhirajgautam/Library/Developer/Xcode/DerivedData/Telegram-Mac-fygdgghdgmuleoelvxabfmqiotta/Build/Intermediates.noindex/MtProtoKit.build/Debug/MtProtoKit-t.build/Objects-normal/arm64/GCDAsyncSocket.o /Users/buddhirajgautam/Documents/Cherrygram-Mac/macOS-Swift/submodules/telegram-ios/submodules/MtProtoKit/Sources/GCDAsyncSocket.m normal arm64 objective-c com.apple.compilers.llvm.clang.1_0.compiler (in target 'MtProtoKit' from project 'MtProtoKit')
    cd /Users/buddhirajgautam/Documents/Cherrygram-Mac/macOS-Swift
    
    Using response file: /Users/buddhirajgautam/Library/Developer/Xcode/DerivedData/Telegram-Mac-fygdgghdgmuleoelvxabfmqiotta/Build/Intermediates.noindex/MtProtoKit.build/Debug/MtProtoKit-t.build/Objects-normal/arm64/e6072d4f65d7061329687fe24e3d63a7-common-args.resp
    
    builtin-ScanDependencies -o /Users/buddhirajgautam/Library/Developer/Xcode/DerivedData/Telegram-Mac-fygdgghdgmuleoelvxabfmqiotta/Build/Intermediates.noindex/MtProtoKit.build/Debug/MtProtoKit-t.build/Objects-normal/arm64/GCDAsyncSocket.o.scan -- /Applications/Xcode.app/Contents/Developer/Toolchains/XcodeDefault.xctoolchain/usr/bin/clang -x objective-c -ivfsstatcache /Users/buddhirajgautam/Library/Developer/Xcode/DerivedData/SDKStatCaches.noindex/macosx27.0-26A425-e829b21a6f8c9b70876ba0858053c0447231f6df4def33e022ae2eb8f782df1a.sdkstatcache -target arm64-apple-macos12.0 -fmessage-length\=0 -fdiagnostics-show-note-include-stack -fmacro-backtrace-limit\=0 -fno-color-diagnostics -fmodules-prune-interval\=86400 -fmodules-prune-after\=345600 -fbuild-session-file\=/Users/buddhirajgautam/Library/Developer/Xcode/DerivedData/ModuleCache.noindex/Session.modulevalidation -fmodules-validate-once-per-build-session -Wnon-modular-include-in-framework-module -Werror\=non-modular-include-in-framework-module -Wno-trigraphs -Wno-missing-field-initializers -Wno-missing-prototypes -Wno-return-type -Wno-implicit-atomic-properties -Wno-objc-interface-ivars -Wno-arc-repeated-use-of-weak -Wno-missing-braces -Wparentheses -Wswitch -Wno-unused-function -Wno-unused-label -Wno-unused-parameter -Wno-unused-variable -Wunused-value -Wno-empty-body -Wno-uninitialized -Wno-unknown-pragmas -Wno-shadow -Wno-four-char-constants -Wno-conversion -Wno-constant-conversion -Wno-int-conversion -Wno-bool-conversion -Wno-enum-conversion -Wno-float-conversion -Wno-non-literal-null-conversion -Wno-objc-literal-conversion -Wshorten-64-to-32 -Wpointer-sign -Wno-newline-eof -Wno-selector -Wno-strict-selector-match -Wno-undeclared-selector -Wno-deprecated-implementations -Wno-implicit-fallthrough -isysroot /Applications/Xcode.app/Contents/Developer/Platforms/MacOSX.platform/Developer/SDKs/MacOSX27.0.sdk -fstrict-aliasing -Wprotocol -Wdeprecated-declarations -Wno-sign-conversion -Wno-infinite-recursion -Wno-comma -Wno-block-capture-autoreleasing -Wno-strict-prototypes -Wno-semicolon-before-method-body -index-store-path /Users/buddhirajgautam/Library/Developer/Xcode/DerivedData/Telegram-Mac-fygdgghdgmuleoelvxabfmqiotta/Index.noindex/DataStore @/Users/buddhirajgautam/Library/Developer/Xcode/DerivedData/Telegram-Mac-fygdgghdgmuleoelvxabfmqiotta/Build/Intermediates.noindex/MtProtoKit.build/Debug/MtProtoKit-t.build/Objects-normal/arm64/e6072d4f65d7061329687fe24e3d63a7-common-args.resp -MMD -MT dependencies -MF /Users/buddhirajgautam/Library/Developer/Xcode/DerivedData/Telegram-Mac-fygdgghdgmuleoelvxabfmqiotta/Build/Intermediates.noindex/MtProtoKit.build/Debug/MtProtoKit-t.build/Objects-normal/arm64/GCDAsyncSocket.d --serialize-diagnostics /Users/buddhirajgautam/Library/Developer/Xcode/DerivedData/Telegram-Mac-fygdgghdgmuleoelvxabfmqiotta/Build/Intermediates.noindex/MtProtoKit.build/Debug/MtProtoKit-t.build/Objects-normal/arm64/GCDAsyncSocket.dia -c /Users/buddhirajgautam/Documents/Cherrygram-Mac/macOS-Swift/submodules/telegram-ios/submodules/MtProtoKit/Sources/GCDAsyncSocket.m -o /Users/buddhirajgautam/Library/Developer/Xcode/DerivedData/Telegram-Mac-fygdgghdgmuleoelvxabfmqiotta/Build/Intermediates.noindex/MtProtoKit.build/Debug/MtProtoKit-t.build/Objects-normal/arm64/GCDAsyncSocket.o -index-unit-output-path /MtProtoKit.build/Debug/MtProtoKit-t.build/Objects-normal/arm64/GCDAsyncSocket.o

CompileC /Users/buddhirajgautam/Library/Developer/Xcode/DerivedData/Telegram-Mac-fygdgghdgmuleoelvxabfmqiotta/Build/Intermediates.noindex/MtProtoKit.build/Debug/MtProtoKit-t.build/Objects-normal/arm64/MTApiEnvironment.o /Users/buddhirajgautam/Documents/Cherrygram-Mac/macOS-Swift/submodules/telegram-ios/submodules/MtProtoKit/Sources/MTApiEnvironment.m normal arm64 objective-c com.apple.compilers.llvm.clang.1_0.compiler (in target 'MtProtoKit' from project 'MtProtoKit')
    cd /Users/buddhirajgautam/Documents/Cherrygram-Mac/macOS-Swift
    
    Using response file: /Users/buddhirajgautam/Library/Developer/Xcode/DerivedData/Telegram-Mac-fygdgghdgmuleoelvxabfmqiotta/Build/Intermediates.noindex/MtProtoKit.build/Debug/MtProtoKit-t.build/Objects-normal/arm64/e6072d4f65d7061329687fe24e3d63a7-common-args.resp
    
    /Applications/Xcode.app/Contents/Developer/Toolchains/XcodeDefault.xctoolchain/usr/bin/clang -x objective-c -ivfsstatcache /Users/buddhirajgautam/Library/Developer/Xcode/DerivedData/SDKStatCaches.noindex/macosx27.0-26A425-e829b21a6f8c9b70876ba0858053c0447231f6df4def33e022ae2eb8f782df1a.sdkstatcache -target arm64-apple-macos12.0 -fmessage-length\=0 -fdiagnostics-show-note-include-stack -fmacro-backtrace-limit\=0 -fno-color-diagnostics -fmodules-prune-interval\=86400 -fmodules-prune-after\=345600 -fbuild-session-file\=/Users/buddhirajgautam/Library/Developer/Xcode/DerivedData/ModuleCache.noindex/Session.modulevalidation -fmodules-validate-once-per-build-session -Wnon-modular-include-in-framework-module -Werror\=non-modular-include-in-framework-module -Wno-trigraphs -Wno-missing-field-initializers -Wno-missing-prototypes -Wno-return-type -Wno-implicit-atomic-properties -Wno-objc-interface-ivars -Wno-arc-repeated-use-of-weak -Wno-missing-braces -Wparentheses -Wswitch -Wno-unused-function -Wno-unused-label -Wno-unused-parameter -Wno-unused-variable -Wunused-value -Wno-empty-body -Wno-uninitialized -Wno-unknown-pragmas -Wno-shadow -Wno-four-char-constants -Wno-conversion -Wno-constant-conversion -Wno-int-conversion -Wno-bool-conversion -Wno-enum-conversion -Wno-float-conversion -Wno-non-literal-null-conversion -Wno-objc-literal-conversion -Wshorten-64-to-32 -Wpointer-sign -Wno-newline-eof -Wno-selector -Wno-strict-selector-match -Wno-undeclared-selector -Wno-deprecated-implementations -Wno-implicit-fallthrough -isysroot /Applications/Xcode.app/Contents/Developer/Platforms/MacOSX.platform/Developer/SDKs/MacOSX27.0.sdk -fstrict-aliasing -Wprotocol -Wdeprecated-declarations -Wno-sign-conversion -Wno-infinite-recursion -Wno-comma -Wno-block-capture-autoreleasing -Wno-strict-prototypes -Wno-semicolon-before-method-body -index-store-path /Users/buddhirajgautam/Library/Developer/Xcode/DerivedData/Telegram-Mac-fygdgghdgmuleoelvxabfmqiotta/Index.noindex/DataStore @/Users/buddhirajgautam/Library/Developer/Xcode/DerivedData/Telegram-Mac-fygdgghdgmuleoelvxabfmqiotta/Build/Intermediates.noindex/MtProtoKit.build/Debug/MtProtoKit-t.build/Objects-normal/arm64/e6072d4f65d7061329687fe24e3d63a7-common-args.resp -MMD -MT dependencies -MF /Users/buddhirajgautam/Library/Developer/Xcode/DerivedData/Telegram-Mac-fygdgghdgmuleoelvxabfmqiotta/Build/Intermediates.noindex/MtProtoKit.build/Debug/MtProtoKit-t.build/Objects-normal/arm64/MTApiEnvironment.d --serialize-diagnostics /Users/buddhirajgautam/Library/Developer/Xcode/DerivedData/Telegram-Mac-fygdgghdgmuleoelvxabfmqiotta/Build/Intermediates.noindex/MtProtoKit.build/Debug/MtProtoKit-t.build/Objects-normal/arm64/MTApiEnvironment.dia -c /Users/buddhirajgautam/Documents/Cherrygram-Mac/macOS-Swift/submodules/telegram-ios/submodules/MtProtoKit/Sources/MTApiEnvironment.m -o /Users/buddhirajgautam/Library/Developer/Xcode/DerivedData/Telegram-Mac-fygdgghdgmuleoelvxabfmqiotta/Build/Intermediates.noindex/MtProtoKit.build/Debug/MtProtoKit-t.build/Objects-normal/arm64/MTApiEnvironment.o -index-unit-output-path /MtProtoKit.build/Debug/MtProtoKit-t.build/Objects-normal/arm64/MTApiEnvironment.o

ScanDependencies /Users/buddhirajgautam/Library/Developer/Xcode/DerivedData/Telegram-Mac-fygdgghdgmuleoelvxabfmqiotta/Build/Intermediates.noindex/Mozjpeg.build/Debug/Mozjpeg-t.build/Objects-normal/arm64/Mozjpeg.o /Users/buddhirajgautam/Documents/Cherrygram-Mac/macOS-Swift/submodules/Mozjpeg/Sources/Mozjpeg.m normal arm64 objective-c com.apple.compilers.llvm.clang.1_0.compiler (in target 'Mozjpeg' from project 'Mozjpeg')
    cd /Users/buddhirajgautam/Documents/Cherrygram-Mac/macOS-Swift
    
    Using response file: /Users/buddhirajgautam/Library/Developer/Xcode/DerivedData/Telegram-Mac-fygdgghdgmuleoelvxabfmqiotta/Build/Intermediates.noindex/Mozjpeg.build/Debug/Mozjpeg-t.build/Objects-normal/arm64/e6072d4f65d7061329687fe24e3d63a7-common-args.resp
    
    builtin-ScanDependencies -o /Users/buddhirajgautam/Library/Developer/Xcode/DerivedData/Telegram-Mac-fygdgghdgmuleoelvxabfmqiotta/Build/Intermediates.noindex/Mozjpeg.build/Debug/Mozjpeg-t.build/Objects-normal/arm64/Mozjpeg.o.scan -- /Applications/Xcode.app/Contents/Developer/Toolchains/XcodeDefault.xctoolchain/usr/bin/clang -x objective-c -ivfsstatcache /Users/buddhirajgautam/Library/Developer/Xcode/DerivedData/SDKStatCaches.noindex/macosx27.0-26A425-e829b21a6f8c9b70876ba0858053c0447231f6df4def33e022ae2eb8f782df1a.sdkstatcache -target arm64-apple-macos12.0 -fmessage-length\=0 -fdiagnostics-show-note-include-stack -fmacro-backtrace-limit\=0 -fno-color-diagnostics -fmodules-prune-interval\=86400 -fmodules-prune-after\=345600 -fbuild-session-file\=/Users/buddhirajgautam/Library/Developer/Xcode/DerivedData/ModuleCache.noindex/Session.modulevalidation -fmodules-validate-once-per-build-session -Wnon-modular-include-in-framework-module -Werror\=non-modular-include-in-framework-module -Wno-trigraphs -Wno-missing-field-initializers -Wno-missing-prototypes -Wno-return-type -Wno-implicit-atomic-properties -Wno-objc-interface-ivars -Wno-arc-repeated-use-of-weak -Wno-missing-braces -Wparentheses -Wswitch -Wno-unused-function -Wno-unused-label -Wno-unused-parameter -Wno-unused-variable -Wunused-value -Wno-empty-body -Wno-uninitialized -Wno-unknown-pragmas -Wno-shadow -Wno-four-char-constants -Wno-conversion -Wno-constant-conversion -Wno-int-conversion -Wno-bool-conversion -Wno-enum-conversion -Wno-float-conversion -Wno-non-literal-null-conversion -Wno-objc-literal-conversion -Wshorten-64-to-32 -Wpointer-sign -Wno-newline-eof -Wno-selector -Wno-strict-selector-match -Wno-undeclared-selector -Wno-deprecated-implementations -Wno-implicit-fallthrough -isysroot /Applications/Xcode.app/Contents/Developer/Platforms/MacOSX.platform/Developer/SDKs/MacOSX27.0.sdk -fstrict-aliasing -Wprotocol -Wdeprecated-declarations -Wno-sign-conversion -Wno-infinite-recursion -Wno-comma -Wno-block-capture-autoreleasing -Wno-strict-prototypes -Wno-semicolon-before-method-body -index-store-path /Users/buddhirajgautam/Library/Developer/Xcode/DerivedData/Telegram-Mac-fygdgghdgmuleoelvxabfmqiotta/Index.noindex/DataStore @/Users/buddhirajgautam/Library/Developer/Xcode/DerivedData/Telegram-Mac-fygdgghdgmuleoelvxabfmqiotta/Build/Intermediates.noindex/Mozjpeg.build/Debug/Mozjpeg-t.build/Objects-normal/arm64/e6072d4f65d7061329687fe24e3d63a7-common-args.resp -MMD -MT dependencies -MF /Users/buddhirajgautam/Library/Developer/Xcode/DerivedData/Telegram-Mac-fygdgghdgmuleoelvxabfmqiotta/Build/Intermediates.noindex/Mozjpeg.build/Debug/Mozjpeg-t.build/Objects-normal/arm64/Mozjpeg.d --serialize-diagnostics /Users/buddhirajgautam/Library/Developer/Xcode/DerivedData/Telegram-Mac-fygdgghdgmuleoelvxabfmqiotta/Build/Intermediates.noindex/Mozjpeg.build/Debug/Mozjpeg-t.build/Objects-normal/arm64/Mozjpeg.dia -c /Users/buddhirajgautam/Documents/Cherrygram-Mac/macOS-Swift/submodules/Mozjpeg/Sources/Mozjpeg.m -o /Users/buddhirajgautam/Library/Developer/Xcode/DerivedData/Telegram-Mac-fygdgghdgmuleoelvxabfmqiotta/Build/Intermediates.noindex/Mozjpeg.build/Debug/Mozjpeg-t.build/Objects-normal/arm64/Mozjpeg.o -index-unit-output-path /Mozjpeg.build/Debug/Mozjpeg-t.build/Objects-normal/arm64/Mozjpeg.o

CompileC /Users/buddhirajgautam/Library/Developer/Xcode/DerivedData/Telegram-Mac-fygdgghdgmuleoelvxabfmqiotta/Build/Intermediates.noindex/MtProtoKit.build/Debug/MtProtoKit-t.build/Objects-normal/arm64/MTAes.o /Users/buddhirajgautam/Documents/Cherrygram-Mac/macOS-Swift/submodules/telegram-ios/submodules/MtProtoKit/Sources/MTAes.m normal arm64 objective-c com.apple.compilers.llvm.clang.1_0.compiler (in target 'MtProtoKit' from project 'MtProtoKit')
    cd /Users/buddhirajgautam/Documents/Cherrygram-Mac/macOS-Swift
    
    Using response file: /Users/buddhirajgautam/Library/Developer/Xcode/DerivedData/Telegram-Mac-fygdgghdgmuleoelvxabfmqiotta/Build/Intermediates.noindex/MtProtoKit.build/Debug/MtProtoKit-t.build/Objects-normal/arm64/e6072d4f65d7061329687fe24e3d63a7-common-args.resp
    
    /Applications/Xcode.app/Contents/Developer/Toolchains/XcodeDefault.xctoolchain/usr/bin/clang -x objective-c -ivfsstatcache /Users/buddhirajgautam/Library/Developer/Xcode/DerivedData/SDKStatCaches.noindex/macosx27.0-26A425-e829b21a6f8c9b70876ba0858053c0447231f6df4def33e022ae2eb8f782df1a.sdkstatcache -target arm64-apple-macos12.0 -fmessage-length\=0 -fdiagnostics-show-note-include-stack -fmacro-backtrace-limit\=0 -fno-color-diagnostics -fmodules-prune-interval\=86400 -fmodules-prune-after\=345600 -fbuild-session-file\=/Users/buddhirajgautam/Library/Developer/Xcode/DerivedData/ModuleCache.noindex/Session.modulevalidation -fmodules-validate-once-per-build-session -Wnon-modular-include-in-framework-module -Werror\=non-modular-include-in-framework-module -Wno-trigraphs -Wno-missing-field-initializers -Wno-missing-prototypes -Wno-return-type -Wno-implicit-atomic-properties -Wno-objc-interface-ivars -Wno-arc-repeated-use-of-weak -Wno-missing-braces -Wparentheses -Wswitch -Wno-unused-function -Wno-unused-label -Wno-unused-parameter -Wno-unused-variable -Wunused-value -Wno-empty-body -Wno-uninitialized -Wno-unknown-pragmas -Wno-shadow -Wno-four-char-constants -Wno-conversion -Wno-constant-conversion -Wno-int-conversion -Wno-bool-conversion -Wno-enum-conversion -Wno-float-conversion -Wno-non-literal-null-conversion -Wno-objc-literal-conversion -Wshorten-64-to-32 -Wpointer-sign -Wno-newline-eof -Wno-selector -Wno-strict-selector-match -Wno-undeclared-selector -Wno-deprecated-implementations -Wno-implicit-fallthrough -isysroot /Applications/Xcode.app/Contents/Developer/Platforms/MacOSX.platform/Developer/SDKs/MacOSX27.0.sdk -fstrict-aliasing -Wprotocol -Wdeprecated-declarations -Wno-sign-conversion -Wno-infinite-recursion -Wno-comma -Wno-block-capture-autoreleasing -Wno-strict-prototypes -Wno-semicolon-before-method-body -index-store-path /Users/buddhirajgautam/Library/Developer/Xcode/DerivedData/Telegram-Mac-fygdgghdgmuleoelvxabfmqiotta/Index.noindex/DataStore @/Users/buddhirajgautam/Library/Developer/Xcode/DerivedData/Telegram-Mac-fygdgghdgmuleoelvxabfmqiotta/Build/Intermediates.noindex/MtProtoKit.build/Debug/MtProtoKit-t.build/Objects-normal/arm64/e6072d4f65d7061329687fe24e3d63a7-common-args.resp -MMD -MT dependencies -MF /Users/buddhirajgautam/Library/Developer/Xcode/DerivedData/Telegram-Mac-fygdgghdgmuleoelvxabfmqiotta/Build/Intermediates.noindex/MtProtoKit.build/Debug/MtProtoKit-t.build/Objects-normal/arm64/MTAes.d --serialize-diagnostics /Users/buddhirajgautam/Library/Developer/Xcode/DerivedData/Telegram-Mac-fygdgghdgmuleoelvxabfmqiotta/Build/Intermediates.noindex/MtProtoKit.build/Debug/MtProtoKit-t.build/Objects-normal/arm64/MTAes.dia -c /Users/buddhirajgautam/Documents/Cherrygram-Mac/macOS-Swift/submodules/telegram-ios/submodules/MtProtoKit/Sources/MTAes.m -o /Users/buddhirajgautam/Library/Developer/Xcode/DerivedData/Telegram-Mac-fygdgghdgmuleoelvxabfmqiotta/Build/Intermediates.noindex/MtProtoKit.build/Debug/MtProtoKit-t.build/Objects-normal/arm64/MTAes.o -index-unit-output-path /MtProtoKit.build/Debug/MtProtoKit-t.build/Objects-normal/arm64/MTAes.o

Touch /Users/buddhirajgautam/Library/Developer/Xcode/DerivedData/Telegram-Mac-fygdgghdgmuleoelvxabfmqiotta/Build/Products/Debug/MetalEngine_MetalEngine.bundle (in target 'MetalEngine_MetalEngine' from project 'MetalEngine')
    cd /Users/buddhirajgautam/Documents/Cherrygram-Mac/macOS-Swift/submodules/telegram-ios/submodules/MetalEngine
    /usr/bin/touch -c /Users/buddhirajgautam/Library/Developer/Xcode/DerivedData/Telegram-Mac-fygdgghdgmuleoelvxabfmqiotta/Build/Products/Debug/MetalEngine_MetalEngine.bundle

CompileC /Users/buddhirajgautam/Library/Developer/Xcode/DerivedData/Telegram-Mac-fygdgghdgmuleoelvxabfmqiotta/Build/Intermediates.noindex/MtProtoKit.build/Debug/MtProtoKit-t.build/Objects-normal/arm64/GCDAsyncSocket.o /Users/buddhirajgautam/Documents/Cherrygram-Mac/macOS-Swift/submodules/telegram-ios/submodules/MtProtoKit/Sources/GCDAsyncSocket.m normal arm64 objective-c com.apple.compilers.llvm.clang.1_0.compiler (in target 'MtProtoKit' from project 'MtProtoKit')
    cd /Users/buddhirajgautam/Documents/Cherrygram-Mac/macOS-Swift
    
    Using response file: /Users/buddhirajgautam/Library/Developer/Xcode/DerivedData/Telegram-Mac-fygdgghdgmuleoelvxabfmqiotta/Build/Intermediates.noindex/MtProtoKit.build/Debug/MtProtoKit-t.build/Objects-normal/arm64/e6072d4f65d7061329687fe24e3d63a7-common-args.resp
    
    /Applications/Xcode.app/Contents/Developer/Toolchains/XcodeDefault.xctoolchain/usr/bin/clang -x objective-c -ivfsstatcache /Users/buddhirajgautam/Library/Developer/Xcode/DerivedData/SDKStatCaches.noindex/macosx27.0-26A425-e829b21a6f8c9b70876ba0858053c0447231f6df4def33e022ae2eb8f782df1a.sdkstatcache -target arm64-apple-macos12.0 -fmessage-length\=0 -fdiagnostics-show-note-include-stack -fmacro-backtrace-limit\=0 -fno-color-diagnostics -fmodules-prune-interval\=86400 -fmodules-prune-after\=345600 -fbuild-session-file\=/Users/buddhirajgautam/Library/Developer/Xcode/DerivedData/ModuleCache.noindex/Session.modulevalidation -fmodules-validate-once-per-build-session -Wnon-modular-include-in-framework-module -Werror\=non-modular-include-in-framework-module -Wno-trigraphs -Wno-missing-field-initializers -Wno-missing-prototypes -Wno-return-type -Wno-implicit-atomic-properties -Wno-objc-interface-ivars -Wno-arc-repeated-use-of-weak -Wno-missing-braces -Wparentheses -Wswitch -Wno-unused-function -Wno-unused-label -Wno-unused-parameter -Wno-unused-variable -Wunused-value -Wno-empty-body -Wno-uninitialized -Wno-unknown-pragmas -Wno-shadow -Wno-four-char-constants -Wno-conversion -Wno-constant-conversion -Wno-int-conversion -Wno-bool-conversion -Wno-enum-conversion -Wno-float-conversion -Wno-non-literal-null-conversion -Wno-objc-literal-conversion -Wshorten-64-to-32 -Wpointer-sign -Wno-newline-eof -Wno-selector -Wno-strict-selector-match -Wno-undeclared-selector -Wno-deprecated-implementations -Wno-implicit-fallthrough -isysroot /Applications/Xcode.app/Contents/Developer/Platforms/MacOSX.platform/Developer/SDKs/MacOSX27.0.sdk -fstrict-aliasing -Wprotocol -Wdeprecated-declarations -Wno-sign-conversion -Wno-infinite-recursion -Wno-comma -Wno-block-capture-autoreleasing -Wno-strict-prototypes -Wno-semicolon-before-method-body -index-store-path /Users/buddhirajgautam/Library/Developer/Xcode/DerivedData/Telegram-Mac-fygdgghdgmuleoelvxabfmqiotta/Index.noindex/DataStore @/Users/buddhirajgautam/Library/Developer/Xcode/DerivedData/Telegram-Mac-fygdgghdgmuleoelvxabfmqiotta/Build/Intermediates.noindex/MtProtoKit.build/Debug/MtProtoKit-t.build/Objects-normal/arm64/e6072d4f65d7061329687fe24e3d63a7-common-args.resp -MMD -MT dependencies -MF /Users/buddhirajgautam/Library/Developer/Xcode/DerivedData/Telegram-Mac-fygdgghdgmuleoelvxabfmqiotta/Build/Intermediates.noindex/MtProtoKit.build/Debug/MtProtoKit-t.build/Objects-normal/arm64/GCDAsyncSocket.d --serialize-diagnostics /Users/buddhirajgautam/Library/Developer/Xcode/DerivedData/Telegram-Mac-fygdgghdgmuleoelvxabfmqiotta/Build/Intermediates.noindex/MtProtoKit.build/Debug/MtProtoKit-t.build/Objects-normal/arm64/GCDAsyncSocket.dia -c /Users/buddhirajgautam/Documents/Cherrygram-Mac/macOS-Swift/submodules/telegram-ios/submodules/MtProtoKit/Sources/GCDAsyncSocket.m -o /Users/buddhirajgautam/Library/Developer/Xcode/DerivedData/Telegram-Mac-fygdgghdgmuleoelvxabfmqiotta/Build/Intermediates.noindex/MtProtoKit.build/Debug/MtProtoKit-t.build/Objects-normal/arm64/GCDAsyncSocket.o -index-unit-output-path /MtProtoKit.build/Debug/MtProtoKit-t.build/Objects-normal/arm64/GCDAsyncSocket.o

SwiftCompile normal arm64 Compiling\ MergeLists.swift /Users/buddhirajgautam/Documents/Cherrygram-Mac/macOS-Swift/packages/MergeLists/Sources/MergeLists/MergeLists.swift (in target 'MergeLists' from project 'MergeLists')

SwiftCompile normal arm64 /Users/buddhirajgautam/Documents/Cherrygram-Mac/macOS-Swift/packages/MergeLists/Sources/MergeLists/MergeLists.swift (in target 'MergeLists' from project 'MergeLists')
    cd /Users/buddhirajgautam/Documents/Cherrygram-Mac/macOS-Swift
    builtin-SwiftPerFileCompile MergeLists.swift

ScanDependencies /Users/buddhirajgautam/Library/Developer/Xcode/DerivedData/Telegram-Mac-fygdgghdgmuleoelvxabfmqiotta/Build/Intermediates.noindex/LegacyReachability.build/Debug/LegacyReachability-t.build/Objects-normal/arm64/LegacyReachability.o /Users/buddhirajgautam/Documents/Cherrygram-Mac/macOS-Swift/submodules/telegram-ios/submodules/Reachability/LegacyReachability/Sources/LegacyReachability.m normal arm64 objective-c com.apple.compilers.llvm.clang.1_0.compiler (in target 'LegacyReachability' from project 'LegacyReachability')
    cd /Users/buddhirajgautam/Documents/Cherrygram-Mac/macOS-Swift
    
    Using response file: /Users/buddhirajgautam/Library/Developer/Xcode/DerivedData/Telegram-Mac-fygdgghdgmuleoelvxabfmqiotta/Build/Intermediates.noindex/LegacyReachability.build/Debug/LegacyReachability-t.build/Objects-normal/arm64/e6072d4f65d7061329687fe24e3d63a7-common-args.resp
    
    builtin-ScanDependencies -o /Users/buddhirajgautam/Library/Developer/Xcode/DerivedData/Telegram-Mac-fygdgghdgmuleoelvxabfmqiotta/Build/Intermediates.noindex/LegacyReachability.build/Debug/LegacyReachability-t.build/Objects-normal/arm64/LegacyReachability.o.scan -- /Applications/Xcode.app/Contents/Developer/Toolchains/XcodeDefault.xctoolchain/usr/bin/clang -x objective-c -ivfsstatcache /Users/buddhirajgautam/Library/Developer/Xcode/DerivedData/SDKStatCaches.noindex/macosx27.0-26A425-e829b21a6f8c9b70876ba0858053c0447231f6df4def33e022ae2eb8f782df1a.sdkstatcache -target arm64-apple-macos12.0 -fmessage-length\=0 -fdiagnostics-show-note-include-stack -fmacro-backtrace-limit\=0 -fno-color-diagnostics -fmodules-prune-interval\=86400 -fmodules-prune-after\=345600 -fbuild-session-file\=/Users/buddhirajgautam/Library/Developer/Xcode/DerivedData/ModuleCache.noindex/Session.modulevalidation -fmodules-validate-once-per-build-session -Wnon-modular-include-in-framework-module -Werror\=non-modular-include-in-framework-module -Wno-trigraphs -Wno-missing-field-initializers -Wno-missing-prototypes -Wno-return-type -Wno-implicit-atomic-properties -Wno-objc-interface-ivars -Wno-arc-repeated-use-of-weak -Wno-missing-braces -Wparentheses -Wswitch -Wno-unused-function -Wno-unused-label -Wno-unused-parameter -Wno-unused-variable -Wunused-value -Wno-empty-body -Wno-uninitialized -Wno-unknown-pragmas -Wno-shadow -Wno-four-char-constants -Wno-conversion -Wno-constant-conversion -Wno-int-conversion -Wno-bool-conversion -Wno-enum-conversion -Wno-float-conversion -Wno-non-literal-null-conversion -Wno-objc-literal-conversion -Wshorten-64-to-32 -Wpointer-sign -Wno-newline-eof -Wno-selector -Wno-strict-selector-match -Wno-undeclared-selector -Wno-deprecated-implementations -Wno-implicit-fallthrough -isysroot /Applications/Xcode.app/Contents/Developer/Platforms/MacOSX.platform/Developer/SDKs/MacOSX27.0.sdk -fstrict-aliasing -Wprotocol -Wdeprecated-declarations -Wno-sign-conversion -Wno-infinite-recursion -Wno-comma -Wno-block-capture-autoreleasing -Wno-strict-prototypes -Wno-semicolon-before-method-body -index-store-path /Users/buddhirajgautam/Library/Developer/Xcode/DerivedData/Telegram-Mac-fygdgghdgmuleoelvxabfmqiotta/Index.noindex/DataStore @/Users/buddhirajgautam/Library/Developer/Xcode/DerivedData/Telegram-Mac-fygdgghdgmuleoelvxabfmqiotta/Build/Intermediates.noindex/LegacyReachability.build/Debug/LegacyReachability-t.build/Objects-normal/arm64/e6072d4f65d7061329687fe24e3d63a7-common-args.resp -MMD -MT dependencies -MF /Users/buddhirajgautam/Library/Developer/Xcode/DerivedData/Telegram-Mac-fygdgghdgmuleoelvxabfmqiotta/Build/Intermediates.noindex/LegacyReachability.build/Debug/LegacyReachability-t.build/Objects-normal/arm64/LegacyReachability.d --serialize-diagnostics /Users/buddhirajgautam/Library/Developer/Xcode/DerivedData/Telegram-Mac-fygdgghdgmuleoelvxabfmqiotta/Build/Intermediates.noindex/LegacyReachability.build/Debug/LegacyReachability-t.build/Objects-normal/arm64/LegacyReachability.dia -c /Users/buddhirajgautam/Documents/Cherrygram-Mac/macOS-Swift/submodules/telegram-ios/submodules/Reachability/LegacyReachability/Sources/LegacyReachability.m -o /Users/buddhirajgautam/Library/Developer/Xcode/DerivedData/Telegram-Mac-fygdgghdgmuleoelvxabfmqiotta/Build/Intermediates.noindex/LegacyReachability.build/Debug/LegacyReachability-t.build/Objects-normal/arm64/LegacyReachability.o -index-unit-output-path /LegacyReachability.build/Debug/LegacyReachability-t.build/Objects-normal/arm64/LegacyReachability.o

SwiftCompile normal arm64 Compiling\ KeyboardKey.swift /Users/buddhirajgautam/Documents/Cherrygram-Mac/macOS-Swift/packages/KeyboardKey/Sources/KeyboardKey/KeyboardKey.swift (in target 'KeyboardKey' from project 'KeyboardKey')

SwiftCompile normal arm64 /Users/buddhirajgautam/Documents/Cherrygram-Mac/macOS-Swift/packages/KeyboardKey/Sources/KeyboardKey/KeyboardKey.swift (in target 'KeyboardKey' from project 'KeyboardKey')
    cd /Users/buddhirajgautam/Documents/Cherrygram-Mac/macOS-Swift
    builtin-SwiftPerFileCompile KeyboardKey.swift

ScanDependencies /Users/buddhirajgautam/Library/Developer/Xcode/DerivedData/Telegram-Mac-fygdgghdgmuleoelvxabfmqiotta/Build/Intermediates.noindex/InAppVideoServices.build/Debug/InAppVideoServices-t.build/Objects-normal/arm64/YTVimeoVideo.o /Users/buddhirajgautam/Documents/Cherrygram-Mac/macOS-Swift/packages/InAppVideoServices/Sources/vimeo/YTVimeoVideo.m normal arm64 objective-c com.apple.compilers.llvm.clang.1_0.compiler (in target 'InAppVideoServices' from project 'InAppVideoServices')
    cd /Users/buddhirajgautam/Documents/Cherrygram-Mac/macOS-Swift
    
    Using response file: /Users/buddhirajgautam/Library/Developer/Xcode/DerivedData/Telegram-Mac-fygdgghdgmuleoelvxabfmqiotta/Build/Intermediates.noindex/InAppVideoServices.build/Debug/InAppVideoServices-t.build/Objects-normal/arm64/e6072d4f65d7061329687fe24e3d63a7-common-args.resp
    
    builtin-ScanDependencies -o /Users/buddhirajgautam/Library/Developer/Xcode/DerivedData/Telegram-Mac-fygdgghdgmuleoelvxabfmqiotta/Build/Intermediates.noindex/InAppVideoServices.build/Debug/InAppVideoServices-t.build/Objects-normal/arm64/YTVimeoVideo.o.scan -- /Applications/Xcode.app/Contents/Developer/Toolchains/XcodeDefault.xctoolchain/usr/bin/clang -x objective-c -ivfsstatcache /Users/buddhirajgautam/Library/Developer/Xcode/DerivedData/SDKStatCaches.noindex/macosx27.0-26A425-e829b21a6f8c9b70876ba0858053c0447231f6df4def33e022ae2eb8f782df1a.sdkstatcache -target arm64-apple-macos12.0 -fmessage-length\=0 -fdiagnostics-show-note-include-stack -fmacro-backtrace-limit\=0 -fno-color-diagnostics -fmodules-prune-interval\=86400 -fmodules-prune-after\=345600 -fbuild-session-file\=/Users/buddhirajgautam/Library/Developer/Xcode/DerivedData/ModuleCache.noindex/Session.modulevalidation -fmodules-validate-once-per-build-session -Wnon-modular-include-in-framework-module -Werror\=non-modular-include-in-framework-module -Wno-trigraphs -Wno-missing-field-initializers -Wno-missing-prototypes -Wno-return-type -Wno-implicit-atomic-properties -Wno-objc-interface-ivars -Wno-arc-repeated-use-of-weak -Wno-missing-braces -Wparentheses -Wswitch -Wno-unused-function -Wno-unused-label -Wno-unused-parameter -Wno-unused-variable -Wunused-value -Wno-empty-body -Wno-uninitialized -Wno-unknown-pragmas -Wno-shadow -Wno-four-char-constants -Wno-conversion -Wno-constant-conversion -Wno-int-conversion -Wno-bool-conversion -Wno-enum-conversion -Wno-float-conversion -Wno-non-literal-null-conversion -Wno-objc-literal-conversion -Wshorten-64-to-32 -Wpointer-sign -Wno-newline-eof -Wno-selector -Wno-strict-selector-match -Wno-undeclared-selector -Wno-deprecated-implementations -Wno-implicit-fallthrough -isysroot /Applications/Xcode.app/Contents/Developer/Platforms/MacOSX.platform/Developer/SDKs/MacOSX27.0.sdk -fstrict-aliasing -Wprotocol -Wdeprecated-declarations -Wno-sign-conversion -Wno-infinite-recursion -Wno-comma -Wno-block-capture-autoreleasing -Wno-strict-prototypes -Wno-semicolon-before-method-body -index-store-path /Users/buddhirajgautam/Library/Developer/Xcode/DerivedData/Telegram-Mac-fygdgghdgmuleoelvxabfmqiotta/Index.noindex/DataStore @/Users/buddhirajgautam/Library/Developer/Xcode/DerivedData/Telegram-Mac-fygdgghdgmuleoelvxabfmqiotta/Build/Intermediates.noindex/InAppVideoServices.build/Debug/InAppVideoServices-t.build/Objects-normal/arm64/e6072d4f65d7061329687fe24e3d63a7-common-args.resp -MMD -MT dependencies -MF /Users/buddhirajgautam/Library/Developer/Xcode/DerivedData/Telegram-Mac-fygdgghdgmuleoelvxabfmqiotta/Build/Intermediates.noindex/InAppVideoServices.build/Debug/InAppVideoServices-t.build/Objects-normal/arm64/YTVimeoVideo.d --serialize-diagnostics /Users/buddhirajgautam/Library/Developer/Xcode/DerivedData/Telegram-Mac-fygdgghdgmuleoelvxabfmqiotta/Build/Intermediates.noindex/InAppVideoServices.build/Debug/InAppVideoServices-t.build/Objects-normal/arm64/YTVimeoVideo.dia -c /Users/buddhirajgautam/Documents/Cherrygram-Mac/macOS-Swift/packages/InAppVideoServices/Sources/vimeo/YTVimeoVideo.m -o /Users/buddhirajgautam/Library/Developer/Xcode/DerivedData/Telegram-Mac-fygdgghdgmuleoelvxabfmqiotta/Build/Intermediates.noindex/InAppVideoServices.build/Debug/InAppVideoServices-t.build/Objects-normal/arm64/YTVimeoVideo.o -index-unit-output-path /InAppVideoServices.build/Debug/InAppVideoServices-t.build/Objects-normal/arm64/YTVimeoVideo.o

ScanDependencies /Users/buddhirajgautam/Library/Developer/Xcode/DerivedData/Telegram-Mac-fygdgghdgmuleoelvxabfmqiotta/Build/Intermediates.noindex/InAppVideoServices.build/Debug/InAppVideoServices-t.build/Objects-normal/arm64/YTVimeoURLParser.o /Users/buddhirajgautam/Documents/Cherrygram-Mac/macOS-Swift/packages/InAppVideoServices/Sources/vimeo/YTVimeoURLParser.m normal arm64 objective-c com.apple.compilers.llvm.clang.1_0.compiler (in target 'InAppVideoServices' from project 'InAppVideoServices')
    cd /Users/buddhirajgautam/Documents/Cherrygram-Mac/macOS-Swift
    
    Using response file: /Users/buddhirajgautam/Library/Developer/Xcode/DerivedData/Telegram-Mac-fygdgghdgmuleoelvxabfmqiotta/Build/Intermediates.noindex/InAppVideoServices.build/Debug/InAppVideoServices-t.build/Objects-normal/arm64/e6072d4f65d7061329687fe24e3d63a7-common-args.resp
    
    builtin-ScanDependencies -o /Users/buddhirajgautam/Library/Developer/Xcode/DerivedData/Telegram-Mac-fygdgghdgmuleoelvxabfmqiotta/Build/Intermediates.noindex/InAppVideoServices.build/Debug/InAppVideoServices-t.build/Objects-normal/arm64/YTVimeoURLParser.o.scan -- /Applications/Xcode.app/Contents/Developer/Toolchains/XcodeDefault.xctoolchain/usr/bin/clang -x objective-c -ivfsstatcache /Users/buddhirajgautam/Library/Developer/Xcode/DerivedData/SDKStatCaches.noindex/macosx27.0-26A425-e829b21a6f8c9b70876ba0858053c0447231f6df4def33e022ae2eb8f782df1a.sdkstatcache -target arm64-apple-macos12.0 -fmessage-length\=0 -fdiagnostics-show-note-include-stack -fmacro-backtrace-limit\=0 -fno-color-diagnostics -fmodules-prune-interval\=86400 -fmodules-prune-after\=345600 -fbuild-session-file\=/Users/buddhirajgautam/Library/Developer/Xcode/DerivedData/ModuleCache.noindex/Session.modulevalidation -fmodules-validate-once-per-build-session -Wnon-modular-include-in-framework-module -Werror\=non-modular-include-in-framework-module -Wno-trigraphs -Wno-missing-field-initializers -Wno-missing-prototypes -Wno-return-type -Wno-implicit-atomic-properties -Wno-objc-interface-ivars -Wno-arc-repeated-use-of-weak -Wno-missing-braces -Wparentheses -Wswitch -Wno-unused-function -Wno-unused-label -Wno-unused-parameter -Wno-unused-variable -Wunused-value -Wno-empty-body -Wno-uninitialized -Wno-unknown-pragmas -Wno-shadow -Wno-four-char-constants -Wno-conversion -Wno-constant-conversion -Wno-int-conversion -Wno-bool-conversion -Wno-enum-conversion -Wno-float-conversion -Wno-non-literal-null-conversion -Wno-objc-literal-conversion -Wshorten-64-to-32 -Wpointer-sign -Wno-newline-eof -Wno-selector -Wno-strict-selector-match -Wno-undeclared-selector -Wno-deprecated-implementations -Wno-implicit-fallthrough -isysroot /Applications/Xcode.app/Contents/Developer/Platforms/MacOSX.platform/Developer/SDKs/MacOSX27.0.sdk -fstrict-aliasing -Wprotocol -Wdeprecated-declarations -Wno-sign-conversion -Wno-infinite-recursion -Wno-comma -Wno-block-capture-autoreleasing -Wno-strict-prototypes -Wno-semicolon-before-method-body -index-store-path /Users/buddhirajgautam/Library/Developer/Xcode/DerivedData/Telegram-Mac-fygdgghdgmuleoelvxabfmqiotta/Index.noindex/DataStore @/Users/buddhirajgautam/Library/Developer/Xcode/DerivedData/Telegram-Mac-fygdgghdgmuleoelvxabfmqiotta/Build/Intermediates.noindex/InAppVideoServices.build/Debug/InAppVideoServices-t.build/Objects-normal/arm64/e6072d4f65d7061329687fe24e3d63a7-common-args.resp -MMD -MT dependencies -MF /Users/buddhirajgautam/Library/Developer/Xcode/DerivedData/Telegram-Mac-fygdgghdgmuleoelvxabfmqiotta/Build/Intermediates.noindex/InAppVideoServices.build/Debug/InAppVideoServices-t.build/Objects-normal/arm64/YTVimeoURLParser.d --serialize-diagnostics /Users/buddhirajgautam/Library/Developer/Xcode/DerivedData/Telegram-Mac-fygdgghdgmuleoelvxabfmqiotta/Build/Intermediates.noindex/InAppVideoServices.build/Debug/InAppVideoServices-t.build/Objects-normal/arm64/YTVimeoURLParser.dia -c /Users/buddhirajgautam/Documents/Cherrygram-Mac/macOS-Swift/packages/InAppVideoServices/Sources/vimeo/YTVimeoURLParser.m -o /Users/buddhirajgautam/Library/Developer/Xcode/DerivedData/Telegram-Mac-fygdgghdgmuleoelvxabfmqiotta/Build/Intermediates.noindex/InAppVideoServices.build/Debug/InAppVideoServices-t.build/Objects-normal/arm64/YTVimeoURLParser.o -index-unit-output-path /InAppVideoServices.build/Debug/InAppVideoServices-t.build/Objects-normal/arm64/YTVimeoURLParser.o

ScanDependencies /Users/buddhirajgautam/Library/Developer/Xcode/DerivedData/Telegram-Mac-fygdgghdgmuleoelvxabfmqiotta/Build/Intermediates.noindex/InAppVideoServices.build/Debug/InAppVideoServices-t.build/Objects-normal/arm64/YTVimeoExtractorOperation.o /Users/buddhirajgautam/Documents/Cherrygram-Mac/macOS-Swift/packages/InAppVideoServices/Sources/vimeo/YTVimeoExtractorOperation.m normal arm64 objective-c com.apple.compilers.llvm.clang.1_0.compiler (in target 'InAppVideoServices' from project 'InAppVideoServices')
    cd /Users/buddhirajgautam/Documents/Cherrygram-Mac/macOS-Swift
    
    Using response file: /Users/buddhirajgautam/Library/Developer/Xcode/DerivedData/Telegram-Mac-fygdgghdgmuleoelvxabfmqiotta/Build/Intermediates.noindex/InAppVideoServices.build/Debug/InAppVideoServices-t.build/Objects-normal/arm64/e6072d4f65d7061329687fe24e3d63a7-common-args.resp
    
    builtin-ScanDependencies -o /Users/buddhirajgautam/Library/Developer/Xcode/DerivedData/Telegram-Mac-fygdgghdgmuleoelvxabfmqiotta/Build/Intermediates.noindex/InAppVideoServices.build/Debug/InAppVideoServices-t.build/Objects-normal/arm64/YTVimeoExtractorOperation.o.scan -- /Applications/Xcode.app/Contents/Developer/Toolchains/XcodeDefault.xctoolchain/usr/bin/clang -x objective-c -ivfsstatcache /Users/buddhirajgautam/Library/Developer/Xcode/DerivedData/SDKStatCaches.noindex/macosx27.0-26A425-e829b21a6f8c9b70876ba0858053c0447231f6df4def33e022ae2eb8f782df1a.sdkstatcache -target arm64-apple-macos12.0 -fmessage-length\=0 -fdiagnostics-show-note-include-stack -fmacro-backtrace-limit\=0 -fno-color-diagnostics -fmodules-prune-interval\=86400 -fmodules-prune-after\=345600 -fbuild-session-file\=/Users/buddhirajgautam/Library/Developer/Xcode/DerivedData/ModuleCache.noindex/Session.modulevalidation -fmodules-validate-once-per-build-session -Wnon-modular-include-in-framework-module -Werror\=non-modular-include-in-framework-module -Wno-trigraphs -Wno-missing-field-initializers -Wno-missing-prototypes -Wno-return-type -Wno-implicit-atomic-properties -Wno-objc-interface-ivars -Wno-arc-repeated-use-of-weak -Wno-missing-braces -Wparentheses -Wswitch -Wno-unused-function -Wno-unused-label -Wno-unused-parameter -Wno-unused-variable -Wunused-value -Wno-empty-body -Wno-uninitialized -Wno-unknown-pragmas -Wno-shadow -Wno-four-char-constants -Wno-conversion -Wno-constant-conversion -Wno-int-conversion -Wno-bool-conversion -Wno-enum-conversion -Wno-float-conversion -Wno-non-literal-null-conversion -Wno-objc-literal-conversion -Wshorten-64-to-32 -Wpointer-sign -Wno-newline-eof -Wno-selector -Wno-strict-selector-match -Wno-undeclared-selector -Wno-deprecated-implementations -Wno-implicit-fallthrough -isysroot /Applications/Xcode.app/Contents/Developer/Platforms/MacOSX.platform/Developer/SDKs/MacOSX27.0.sdk -fstrict-aliasing -Wprotocol -Wdeprecated-declarations -Wno-sign-conversion -Wno-infinite-recursion -Wno-comma -Wno-block-capture-autoreleasing -Wno-strict-prototypes -Wno-semicolon-before-method-body -index-store-path /Users/buddhirajgautam/Library/Developer/Xcode/DerivedData/Telegram-Mac-fygdgghdgmuleoelvxabfmqiotta/Index.noindex/DataStore @/Users/buddhirajgautam/Library/Developer/Xcode/DerivedData/Telegram-Mac-fygdgghdgmuleoelvxabfmqiotta/Build/Intermediates.noindex/InAppVideoServices.build/Debug/InAppVideoServices-t.build/Objects-normal/arm64/e6072d4f65d7061329687fe24e3d63a7-common-args.resp -MMD -MT dependencies -MF /Users/buddhirajgautam/Library/Developer/Xcode/DerivedData/Telegram-Mac-fygdgghdgmuleoelvxabfmqiotta/Build/Intermediates.noindex/InAppVideoServices.build/Debug/InAppVideoServices-t.build/Objects-normal/arm64/YTVimeoExtractorOperation.d --serialize-diagnostics /Users/buddhirajgautam/Library/Developer/Xcode/DerivedData/Telegram-Mac-fygdgghdgmuleoelvxabfmqiotta/Build/Intermediates.noindex/InAppVideoServices.build/Debug/InAppVideoServices-t.build/Objects-normal/arm64/YTVimeoExtractorOperation.dia -c /Users/buddhirajgautam/Documents/Cherrygram-Mac/macOS-Swift/packages/InAppVideoServices/Sources/vimeo/YTVimeoExtractorOperation.m -o /Users/buddhirajgautam/Library/Developer/Xcode/DerivedData/Telegram-Mac-fygdgghdgmuleoelvxabfmqiotta/Build/Intermediates.noindex/InAppVideoServices.build/Debug/InAppVideoServices-t.build/Objects-normal/arm64/YTVimeoExtractorOperation.o -index-unit-output-path /InAppVideoServices.build/Debug/InAppVideoServices-t.build/Objects-normal/arm64/YTVimeoExtractorOperation.o

SwiftDriverJobDiscovery normal arm64 Compiling MergeLists.swift (in target 'MergeLists' from project 'MergeLists')

SwiftDriver\ Compilation MergeLists normal arm64 com.apple.xcode.tools.swift.compiler (in target 'MergeLists' from project 'MergeLists')
    cd /Users/buddhirajgautam/Documents/Cherrygram-Mac/macOS-Swift
    builtin-Swift-Compilation -- /Applications/Xcode.app/Contents/Developer/Toolchains/XcodeDefault.xctoolchain/usr/bin/swiftc -parse-as-library -module-name MergeLists -Onone @/Users/buddhirajgautam/Library/Developer/Xcode/DerivedData/Telegram-Mac-fygdgghdgmuleoelvxabfmqiotta/Build/Intermediates.noindex/MergeLists.build/Debug/MergeLists-t.build/Objects-normal/arm64/MergeLists.SwiftFileList -DSWIFT_PACKAGE -DDEBUG -DSWIFT_MODULE_RESOURCE_BUNDLE_UNAVAILABLE -DXcode -plugin-path /Applications/Xcode.app/Contents/Developer/Toolchains/XcodeDefault.xctoolchain/usr/lib/swift/host/plugins/testing -enable-experimental-feature DebugDescriptionMacro -sdk /Applications/Xcode.app/Contents/Developer/Platforms/MacOSX.platform/Developer/SDKs/MacOSX27.0.sdk -target arm64-apple-macos12.0 -g -module-cache-path /Users/buddhirajgautam/Library/Developer/Xcode/DerivedData/ModuleCache.noindex -Xfrontend -serialize-debugging-options -profile-coverage-mapping -profile-generate -enable-testing -index-store-path /Users/buddhirajgautam/Library/Developer/Xcode/DerivedData/Telegram-Mac-fygdgghdgmuleoelvxabfmqiotta/Index.noindex/DataStore -Xcc -D_LIBCPP_HARDENING_MODE\=_LIBCPP_HARDENING_MODE_DEBUG -swift-version 5 -I /Users/buddhirajgautam/Library/Developer/Xcode/DerivedData/Telegram-Mac-fygdgghdgmuleoelvxabfmqiotta/Build/Products/Debug -Isystem /Applications/Xcode.app/Contents/Developer/Platforms/MacOSX.platform/Developer/usr/lib -F /Users/buddhirajgautam/Library/Developer/Xcode/DerivedData/Telegram-Mac-fygdgghdgmuleoelvxabfmqiotta/Build/Products/Debug -F /Applications/Xcode.app/Contents/Developer/Platforms/MacOSX.platform/Developer/Library/Frameworks -c -j8 -enable-batch-mode -incremental -Xcc -ivfsstatcache -Xcc /Users/buddhirajgautam/Library/Developer/Xcode/DerivedData/SDKStatCaches.noindex/macosx27.0-26A425-e829b21a6f8c9b70876ba0858053c0447231f6df4def33e022ae2eb8f782df1a.sdkstatcache -output-file-map /Users/buddhirajgautam/Library/Developer/Xcode/DerivedData/Telegram-Mac-fygdgghdgmuleoelvxabfmqiotta/Build/Intermediates.noindex/MergeLists.build/Debug/MergeLists-t.build/Objects-normal/arm64/MergeLists-OutputFileMap.json -save-temps -no-color-diagnostics -explicit-module-build -module-cache-path /Users/buddhirajgautam/Library/Developer/Xcode/DerivedData/Telegram-Mac-fygdgghdgmuleoelvxabfmqiotta/Build/Intermediates.noindex/SwiftExplicitPrecompiledModules -clang-scanner-module-cache-path /Users/buddhirajgautam/Library/Developer/Xcode/DerivedData/ModuleCache.noindex -sdk-module-cache-path /Users/buddhirajgautam/Library/Developer/Xcode/DerivedData/SDKExplicitPrecompiledModules -emit-dependencies -emit-module -emit-module-path /Users/buddhirajgautam/Library/Developer/Xcode/DerivedData/Telegram-Mac-fygdgghdgmuleoelvxabfmqiotta/Build/Intermediates.noindex/MergeLists.build/Debug/MergeLists-t.build/Objects-normal/arm64/MergeLists.swiftmodule -serialize-diagnostics -dependency-scan-serialize-diagnostics-path /Users/buddhirajgautam/Library/Developer/Xcode/DerivedData/Telegram-Mac-fygdgghdgmuleoelvxabfmqiotta/Build/Intermediates.noindex/MergeLists.build/Debug/MergeLists-t.build/Objects-normal/arm64/MergeLists-dependency-scan.dia -validate-clang-modules-once -clang-build-session-file /Users/buddhirajgautam/Library/Developer/Xcode/DerivedData/ModuleCache.noindex/Session.modulevalidation -Xcc -fmodules-prune-interval\=86400 -Xcc -fmodules-prune-after\=345600 -emit-const-values -const-gather-protocols-list /Users/buddhirajgautam/Library/Developer/Xcode/DerivedData/Telegram-Mac-fygdgghdgmuleoelvxabfmqiotta/Build/Intermediates.noindex/MergeLists.build/Debug/MergeLists-t.build/Objects-normal/arm64/MergeLists_const_extract_protocols.json -Xcc -I/Users/buddhirajgautam/Library/Developer/Xcode/DerivedData/Telegram-Mac-fygdgghdgmuleoelvxabfmqiotta/Build/Products/Debug/include -Xcc -I/Users/buddhirajgautam/Library/Developer/Xcode/DerivedData/Telegram-Mac-fygdgghdgmuleoelvxabfmqiotta/Build/Intermediates.noindex/MergeLists.build/Debug/MergeLists-t.build/DerivedSources-normal/arm64 -Xcc -I/Users/buddhirajgautam/Library/Developer/Xcode/DerivedData/Telegram-Mac-fygdgghdgmuleoelvxabfmqiotta/Build/Intermediates.noindex/MergeLists.build/Debug/MergeLists-t.build/DerivedSources/arm64 -Xcc -I/Users/buddhirajgautam/Library/Developer/Xcode/DerivedData/Telegram-Mac-fygdgghdgmuleoelvxabfmqiotta/Build/Intermediates.noindex/MergeLists.build/Debug/MergeLists-t.build/DerivedSources -Xcc -DSWIFT_PACKAGE -Xcc -DDEBUG\=1 -emit-objc-header -emit-objc-header-path /Users/buddhirajgautam/Library/Developer/Xcode/DerivedData/Telegram-Mac-fygdgghdgmuleoelvxabfmqiotta/Build/Intermediates.noindex/MergeLists.build/Debug/MergeLists-t.build/Objects-normal/arm64/MergeLists-Swift.h -working-directory /Users/buddhirajgautam/Documents/Cherrygram-Mac/macOS-Swift -experimental-emit-module-separately -disable-cmo

ScanDependencies /Users/buddhirajgautam/Library/Developer/Xcode/DerivedData/Telegram-Mac-fygdgghdgmuleoelvxabfmqiotta/Build/Intermediates.noindex/InAppVideoServices.build/Debug/InAppVideoServices-t.build/Objects-normal/arm64/YTVimeoExtractor.o /Users/buddhirajgautam/Documents/Cherrygram-Mac/macOS-Swift/packages/InAppVideoServices/Sources/vimeo/YTVimeoExtractor.m normal arm64 objective-c com.apple.compilers.llvm.clang.1_0.compiler (in target 'InAppVideoServices' from project 'InAppVideoServices')
    cd /Users/buddhirajgautam/Documents/Cherrygram-Mac/macOS-Swift
    
    Using response file: /Users/buddhirajgautam/Library/Developer/Xcode/DerivedData/Telegram-Mac-fygdgghdgmuleoelvxabfmqiotta/Build/Intermediates.noindex/InAppVideoServices.build/Debug/InAppVideoServices-t.build/Objects-normal/arm64/e6072d4f65d7061329687fe24e3d63a7-common-args.resp
    
    builtin-ScanDependencies -o /Users/buddhirajgautam/Library/Developer/Xcode/DerivedData/Telegram-Mac-fygdgghdgmuleoelvxabfmqiotta/Build/Intermediates.noindex/InAppVideoServices.build/Debug/InAppVideoServices-t.build/Objects-normal/arm64/YTVimeoExtractor.o.scan -- /Applications/Xcode.app/Contents/Developer/Toolchains/XcodeDefault.xctoolchain/usr/bin/clang -x objective-c -ivfsstatcache /Users/buddhirajgautam/Library/Developer/Xcode/DerivedData/SDKStatCaches.noindex/macosx27.0-26A425-e829b21a6f8c9b70876ba0858053c0447231f6df4def33e022ae2eb8f782df1a.sdkstatcache -target arm64-apple-macos12.0 -fmessage-length\=0 -fdiagnostics-show-note-include-stack -fmacro-backtrace-limit\=0 -fno-color-diagnostics -fmodules-prune-interval\=86400 -fmodules-prune-after\=345600 -fbuild-session-file\=/Users/buddhirajgautam/Library/Developer/Xcode/DerivedData/ModuleCache.noindex/Session.modulevalidation -fmodules-validate-once-per-build-session -Wnon-modular-include-in-framework-module -Werror\=non-modular-include-in-framework-module -Wno-trigraphs -Wno-missing-field-initializers -Wno-missing-prototypes -Wno-return-type -Wno-implicit-atomic-properties -Wno-objc-interface-ivars -Wno-arc-repeated-use-of-weak -Wno-missing-braces -Wparentheses -Wswitch -Wno-unused-function -Wno-unused-label -Wno-unused-parameter -Wno-unused-variable -Wunused-value -Wno-empty-body -Wno-uninitialized -Wno-unknown-pragmas -Wno-shadow -Wno-four-char-constants -Wno-conversion -Wno-constant-conversion -Wno-int-conversion -Wno-bool-conversion -Wno-enum-conversion -Wno-float-conversion -Wno-non-literal-null-conversion -Wno-objc-literal-conversion -Wshorten-64-to-32 -Wpointer-sign -Wno-newline-eof -Wno-selector -Wno-strict-selector-match -Wno-undeclared-selector -Wno-deprecated-implementations -Wno-implicit-fallthrough -isysroot /Applications/Xcode.app/Contents/Developer/Platforms/MacOSX.platform/Developer/SDKs/MacOSX27.0.sdk -fstrict-aliasing -Wprotocol -Wdeprecated-declarations -Wno-sign-conversion -Wno-infinite-recursion -Wno-comma -Wno-block-capture-autoreleasing -Wno-strict-prototypes -Wno-semicolon-before-method-body -index-store-path /Users/buddhirajgautam/Library/Developer/Xcode/DerivedData/Telegram-Mac-fygdgghdgmuleoelvxabfmqiotta/Index.noindex/DataStore @/Users/buddhirajgautam/Library/Developer/Xcode/DerivedData/Telegram-Mac-fygdgghdgmuleoelvxabfmqiotta/Build/Intermediates.noindex/InAppVideoServices.build/Debug/InAppVideoServices-t.build/Objects-normal/arm64/e6072d4f65d7061329687fe24e3d63a7-common-args.resp -MMD -MT dependencies -MF /Users/buddhirajgautam/Library/Developer/Xcode/DerivedData/Telegram-Mac-fygdgghdgmuleoelvxabfmqiotta/Build/Intermediates.noindex/InAppVideoServices.build/Debug/InAppVideoServices-t.build/Objects-normal/arm64/YTVimeoExtractor.d --serialize-diagnostics /Users/buddhirajgautam/Library/Developer/Xcode/DerivedData/Telegram-Mac-fygdgghdgmuleoelvxabfmqiotta/Build/Intermediates.noindex/InAppVideoServices.build/Debug/InAppVideoServices-t.build/Objects-normal/arm64/YTVimeoExtractor.dia -c /Users/buddhirajgautam/Documents/Cherrygram-Mac/macOS-Swift/packages/InAppVideoServices/Sources/vimeo/YTVimeoExtractor.m -o /Users/buddhirajgautam/Library/Developer/Xcode/DerivedData/Telegram-Mac-fygdgghdgmuleoelvxabfmqiotta/Build/Intermediates.noindex/InAppVideoServices.build/Debug/InAppVideoServices-t.build/Objects-normal/arm64/YTVimeoExtractor.o -index-unit-output-path /InAppVideoServices.build/Debug/InAppVideoServices-t.build/Objects-normal/arm64/YTVimeoExtractor.o

ScanDependencies /Users/buddhirajgautam/Library/Developer/Xcode/DerivedData/Telegram-Mac-fygdgghdgmuleoelvxabfmqiotta/Build/Intermediates.noindex/InAppVideoServices.build/Debug/InAppVideoServices-t.build/Objects-normal/arm64/XCDYouTubeVideoWebpage.o /Users/buddhirajgautam/Documents/Cherrygram-Mac/macOS-Swift/packages/InAppVideoServices/Sources/youtube/XCDYouTubeVideoWebpage.m normal arm64 objective-c com.apple.compilers.llvm.clang.1_0.compiler (in target 'InAppVideoServices' from project 'InAppVideoServices')
    cd /Users/buddhirajgautam/Documents/Cherrygram-Mac/macOS-Swift
    
    Using response file: /Users/buddhirajgautam/Library/Developer/Xcode/DerivedData/Telegram-Mac-fygdgghdgmuleoelvxabfmqiotta/Build/Intermediates.noindex/InAppVideoServices.build/Debug/InAppVideoServices-t.build/Objects-normal/arm64/e6072d4f65d7061329687fe24e3d63a7-common-args.resp
    
    builtin-ScanDependencies -o /Users/buddhirajgautam/Library/Developer/Xcode/DerivedData/Telegram-Mac-fygdgghdgmuleoelvxabfmqiotta/Build/Intermediates.noindex/InAppVideoServices.build/Debug/InAppVideoServices-t.build/Objects-normal/arm64/XCDYouTubeVideoWebpage.o.scan -- /Applications/Xcode.app/Contents/Developer/Toolchains/XcodeDefault.xctoolchain/usr/bin/clang -x objective-c -ivfsstatcache /Users/buddhirajgautam/Library/Developer/Xcode/DerivedData/SDKStatCaches.noindex/macosx27.0-26A425-e829b21a6f8c9b70876ba0858053c0447231f6df4def33e022ae2eb8f782df1a.sdkstatcache -target arm64-apple-macos12.0 -fmessage-length\=0 -fdiagnostics-show-note-include-stack -fmacro-backtrace-limit\=0 -fno-color-diagnostics -fmodules-prune-interval\=86400 -fmodules-prune-after\=345600 -fbuild-session-file\=/Users/buddhirajgautam/Library/Developer/Xcode/DerivedData/ModuleCache.noindex/Session.modulevalidation -fmodules-validate-once-per-build-session -Wnon-modular-include-in-framework-module -Werror\=non-modular-include-in-framework-module -Wno-trigraphs -Wno-missing-field-initializers -Wno-missing-prototypes -Wno-return-type -Wno-implicit-atomic-properties -Wno-objc-interface-ivars -Wno-arc-repeated-use-of-weak -Wno-missing-braces -Wparentheses -Wswitch -Wno-unused-function -Wno-unused-label -Wno-unused-parameter -Wno-unused-variable -Wunused-value -Wno-empty-body -Wno-uninitialized -Wno-unknown-pragmas -Wno-shadow -Wno-four-char-constants -Wno-conversion -Wno-constant-conversion -Wno-int-conversion -Wno-bool-conversion -Wno-enum-conversion -Wno-float-conversion -Wno-non-literal-null-conversion -Wno-objc-literal-conversion -Wshorten-64-to-32 -Wpointer-sign -Wno-newline-eof -Wno-selector -Wno-strict-selector-match -Wno-undeclared-selector -Wno-deprecated-implementations -Wno-implicit-fallthrough -isysroot /Applications/Xcode.app/Contents/Developer/Platforms/MacOSX.platform/Developer/SDKs/MacOSX27.0.sdk -fstrict-aliasing -Wprotocol -Wdeprecated-declarations -Wno-sign-conversion -Wno-infinite-recursion -Wno-comma -Wno-block-capture-autoreleasing -Wno-strict-prototypes -Wno-semicolon-before-method-body -index-store-path /Users/buddhirajgautam/Library/Developer/Xcode/DerivedData/Telegram-Mac-fygdgghdgmuleoelvxabfmqiotta/Index.noindex/DataStore @/Users/buddhirajgautam/Library/Developer/Xcode/DerivedData/Telegram-Mac-fygdgghdgmuleoelvxabfmqiotta/Build/Intermediates.noindex/InAppVideoServices.build/Debug/InAppVideoServices-t.build/Objects-normal/arm64/e6072d4f65d7061329687fe24e3d63a7-common-args.resp -MMD -MT dependencies -MF /Users/buddhirajgautam/Library/Developer/Xcode/DerivedData/Telegram-Mac-fygdgghdgmuleoelvxabfmqiotta/Build/Intermediates.noindex/InAppVideoServices.build/Debug/InAppVideoServices-t.build/Objects-normal/arm64/XCDYouTubeVideoWebpage.d --serialize-diagnostics /Users/buddhirajgautam/Library/Developer/Xcode/DerivedData/Telegram-Mac-fygdgghdgmuleoelvxabfmqiotta/Build/Intermediates.noindex/InAppVideoServices.build/Debug/InAppVideoServices-t.build/Objects-normal/arm64/XCDYouTubeVideoWebpage.dia -c /Users/buddhirajgautam/Documents/Cherrygram-Mac/macOS-Swift/packages/InAppVideoServices/Sources/youtube/XCDYouTubeVideoWebpage.m -o /Users/buddhirajgautam/Library/Developer/Xcode/DerivedData/Telegram-Mac-fygdgghdgmuleoelvxabfmqiotta/Build/Intermediates.noindex/InAppVideoServices.build/Debug/InAppVideoServices-t.build/Objects-normal/arm64/XCDYouTubeVideoWebpage.o -index-unit-output-path /InAppVideoServices.build/Debug/InAppVideoServices-t.build/Objects-normal/arm64/XCDYouTubeVideoWebpage.o

CompileC /Users/buddhirajgautam/Library/Developer/Xcode/DerivedData/Telegram-Mac-fygdgghdgmuleoelvxabfmqiotta/Build/Intermediates.noindex/InAppVideoServices.build/Debug/InAppVideoServices-t.build/Objects-normal/arm64/YTVimeoVideo.o /Users/buddhirajgautam/Documents/Cherrygram-Mac/macOS-Swift/packages/InAppVideoServices/Sources/vimeo/YTVimeoVideo.m normal arm64 objective-c com.apple.compilers.llvm.clang.1_0.compiler (in target 'InAppVideoServices' from project 'InAppVideoServices')
    cd /Users/buddhirajgautam/Documents/Cherrygram-Mac/macOS-Swift
    
    Using response file: /Users/buddhirajgautam/Library/Developer/Xcode/DerivedData/Telegram-Mac-fygdgghdgmuleoelvxabfmqiotta/Build/Intermediates.noindex/InAppVideoServices.build/Debug/InAppVideoServices-t.build/Objects-normal/arm64/e6072d4f65d7061329687fe24e3d63a7-common-args.resp
    
    /Applications/Xcode.app/Contents/Developer/Toolchains/XcodeDefault.xctoolchain/usr/bin/clang -x objective-c -ivfsstatcache /Users/buddhirajgautam/Library/Developer/Xcode/DerivedData/SDKStatCaches.noindex/macosx27.0-26A425-e829b21a6f8c9b70876ba0858053c0447231f6df4def33e022ae2eb8f782df1a.sdkstatcache -target arm64-apple-macos12.0 -fmessage-length\=0 -fdiagnostics-show-note-include-stack -fmacro-backtrace-limit\=0 -fno-color-diagnostics -fmodules-prune-interval\=86400 -fmodules-prune-after\=345600 -fbuild-session-file\=/Users/buddhirajgautam/Library/Developer/Xcode/DerivedData/ModuleCache.noindex/Session.modulevalidation -fmodules-validate-once-per-build-session -Wnon-modular-include-in-framework-module -Werror\=non-modular-include-in-framework-module -Wno-trigraphs -Wno-missing-field-initializers -Wno-missing-prototypes -Wno-return-type -Wno-implicit-atomic-properties -Wno-objc-interface-ivars -Wno-arc-repeated-use-of-weak -Wno-missing-braces -Wparentheses -Wswitch -Wno-unused-function -Wno-unused-label -Wno-unused-parameter -Wno-unused-variable -Wunused-value -Wno-empty-body -Wno-uninitialized -Wno-unknown-pragmas -Wno-shadow -Wno-four-char-constants -Wno-conversion -Wno-constant-conversion -Wno-int-conversion -Wno-bool-conversion -Wno-enum-conversion -Wno-float-conversion -Wno-non-literal-null-conversion -Wno-objc-literal-conversion -Wshorten-64-to-32 -Wpointer-sign -Wno-newline-eof -Wno-selector -Wno-strict-selector-match -Wno-undeclared-selector -Wno-deprecated-implementations -Wno-implicit-fallthrough -isysroot /Applications/Xcode.app/Contents/Developer/Platforms/MacOSX.platform/Developer/SDKs/MacOSX27.0.sdk -fstrict-aliasing -Wprotocol -Wdeprecated-declarations -Wno-sign-conversion -Wno-infinite-recursion -Wno-comma -Wno-block-capture-autoreleasing -Wno-strict-prototypes -Wno-semicolon-before-method-body -index-store-path /Users/buddhirajgautam/Library/Developer/Xcode/DerivedData/Telegram-Mac-fygdgghdgmuleoelvxabfmqiotta/Index.noindex/DataStore @/Users/buddhirajgautam/Library/Developer/Xcode/DerivedData/Telegram-Mac-fygdgghdgmuleoelvxabfmqiotta/Build/Intermediates.noindex/InAppVideoServices.build/Debug/InAppVideoServices-t.build/Objects-normal/arm64/e6072d4f65d7061329687fe24e3d63a7-common-args.resp -MMD -MT dependencies -MF /Users/buddhirajgautam/Library/Developer/Xcode/DerivedData/Telegram-Mac-fygdgghdgmuleoelvxabfmqiotta/Build/Intermediates.noindex/InAppVideoServices.build/Debug/InAppVideoServices-t.build/Objects-normal/arm64/YTVimeoVideo.d --serialize-diagnostics /Users/buddhirajgautam/Library/Developer/Xcode/DerivedData/Telegram-Mac-fygdgghdgmuleoelvxabfmqiotta/Build/Intermediates.noindex/InAppVideoServices.build/Debug/InAppVideoServices-t.build/Objects-normal/arm64/YTVimeoVideo.dia -c /Users/buddhirajgautam/Documents/Cherrygram-Mac/macOS-Swift/packages/InAppVideoServices/Sources/vimeo/YTVimeoVideo.m -o /Users/buddhirajgautam/Library/Developer/Xcode/DerivedData/Telegram-Mac-fygdgghdgmuleoelvxabfmqiotta/Build/Intermediates.noindex/InAppVideoServices.build/Debug/InAppVideoServices-t.build/Objects-normal/arm64/YTVimeoVideo.o -index-unit-output-path /InAppVideoServices.build/Debug/InAppVideoServices-t.build/Objects-normal/arm64/YTVimeoVideo.o

CompileC /Users/buddhirajgautam/Library/Developer/Xcode/DerivedData/Telegram-Mac-fygdgghdgmuleoelvxabfmqiotta/Build/Intermediates.noindex/LegacyReachability.build/Debug/LegacyReachability-t.build/Objects-normal/arm64/LegacyReachability.o /Users/buddhirajgautam/Documents/Cherrygram-Mac/macOS-Swift/submodules/telegram-ios/submodules/Reachability/LegacyReachability/Sources/LegacyReachability.m normal arm64 objective-c com.apple.compilers.llvm.clang.1_0.compiler (in target 'LegacyReachability' from project 'LegacyReachability')
    cd /Users/buddhirajgautam/Documents/Cherrygram-Mac/macOS-Swift
    
    Using response file: /Users/buddhirajgautam/Library/Developer/Xcode/DerivedData/Telegram-Mac-fygdgghdgmuleoelvxabfmqiotta/Build/Intermediates.noindex/LegacyReachability.build/Debug/LegacyReachability-t.build/Objects-normal/arm64/e6072d4f65d7061329687fe24e3d63a7-common-args.resp
    
    /Applications/Xcode.app/Contents/Developer/Toolchains/XcodeDefault.xctoolchain/usr/bin/clang -x objective-c -ivfsstatcache /Users/buddhirajgautam/Library/Developer/Xcode/DerivedData/SDKStatCaches.noindex/macosx27.0-26A425-e829b21a6f8c9b70876ba0858053c0447231f6df4def33e022ae2eb8f782df1a.sdkstatcache -target arm64-apple-macos12.0 -fmessage-length\=0 -fdiagnostics-show-note-include-stack -fmacro-backtrace-limit\=0 -fno-color-diagnostics -fmodules-prune-interval\=86400 -fmodules-prune-after\=345600 -fbuild-session-file\=/Users/buddhirajgautam/Library/Developer/Xcode/DerivedData/ModuleCache.noindex/Session.modulevalidation -fmodules-validate-once-per-build-session -Wnon-modular-include-in-framework-module -Werror\=non-modular-include-in-framework-module -Wno-trigraphs -Wno-missing-field-initializers -Wno-missing-prototypes -Wno-return-type -Wno-implicit-atomic-properties -Wno-objc-interface-ivars -Wno-arc-repeated-use-of-weak -Wno-missing-braces -Wparentheses -Wswitch -Wno-unused-function -Wno-unused-label -Wno-unused-parameter -Wno-unused-variable -Wunused-value -Wno-empty-body -Wno-uninitialized -Wno-unknown-pragmas -Wno-shadow -Wno-four-char-constants -Wno-conversion -Wno-constant-conversion -Wno-int-conversion -Wno-bool-conversion -Wno-enum-conversion -Wno-float-conversion -Wno-non-literal-null-conversion -Wno-objc-literal-conversion -Wshorten-64-to-32 -Wpointer-sign -Wno-newline-eof -Wno-selector -Wno-strict-selector-match -Wno-undeclared-selector -Wno-deprecated-implementations -Wno-implicit-fallthrough -isysroot /Applications/Xcode.app/Contents/Developer/Platforms/MacOSX.platform/Developer/SDKs/MacOSX27.0.sdk -fstrict-aliasing -Wprotocol -Wdeprecated-declarations -Wno-sign-conversion -Wno-infinite-recursion -Wno-comma -Wno-block-capture-autoreleasing -Wno-strict-prototypes -Wno-semicolon-before-method-body -index-store-path /Users/buddhirajgautam/Library/Developer/Xcode/DerivedData/Telegram-Mac-fygdgghdgmuleoelvxabfmqiotta/Index.noindex/DataStore @/Users/buddhirajgautam/Library/Developer/Xcode/DerivedData/Telegram-Mac-fygdgghdgmuleoelvxabfmqiotta/Build/Intermediates.noindex/LegacyReachability.build/Debug/LegacyReachability-t.build/Objects-normal/arm64/e6072d4f65d7061329687fe24e3d63a7-common-args.resp -MMD -MT dependencies -MF /Users/buddhirajgautam/Library/Developer/Xcode/DerivedData/Telegram-Mac-fygdgghdgmuleoelvxabfmqiotta/Build/Intermediates.noindex/LegacyReachability.build/Debug/LegacyReachability-t.build/Objects-normal/arm64/LegacyReachability.d --serialize-diagnostics /Users/buddhirajgautam/Library/Developer/Xcode/DerivedData/Telegram-Mac-fygdgghdgmuleoelvxabfmqiotta/Build/Intermediates.noindex/LegacyReachability.build/Debug/LegacyReachability-t.build/Objects-normal/arm64/LegacyReachability.dia -c /Users/buddhirajgautam/Documents/Cherrygram-Mac/macOS-Swift/submodules/telegram-ios/submodules/Reachability/LegacyReachability/Sources/LegacyReachability.m -o /Users/buddhirajgautam/Library/Developer/Xcode/DerivedData/Telegram-Mac-fygdgghdgmuleoelvxabfmqiotta/Build/Intermediates.noindex/LegacyReachability.build/Debug/LegacyReachability-t.build/Objects-normal/arm64/LegacyReachability.o -index-unit-output-path /LegacyReachability.build/Debug/LegacyReachability-t.build/Objects-normal/arm64/LegacyReachability.o

CompileC /Users/buddhirajgautam/Library/Developer/Xcode/DerivedData/Telegram-Mac-fygdgghdgmuleoelvxabfmqiotta/Build/Intermediates.noindex/InAppVideoServices.build/Debug/InAppVideoServices-t.build/Objects-normal/arm64/YTVimeoURLParser.o /Users/buddhirajgautam/Documents/Cherrygram-Mac/macOS-Swift/packages/InAppVideoServices/Sources/vimeo/YTVimeoURLParser.m normal arm64 objective-c com.apple.compilers.llvm.clang.1_0.compiler (in target 'InAppVideoServices' from project 'InAppVideoServices')
    cd /Users/buddhirajgautam/Documents/Cherrygram-Mac/macOS-Swift
    
    Using response file: /Users/buddhirajgautam/Library/Developer/Xcode/DerivedData/Telegram-Mac-fygdgghdgmuleoelvxabfmqiotta/Build/Intermediates.noindex/InAppVideoServices.build/Debug/InAppVideoServices-t.build/Objects-normal/arm64/e6072d4f65d7061329687fe24e3d63a7-common-args.resp
    
    /Applications/Xcode.app/Contents/Developer/Toolchains/XcodeDefault.xctoolchain/usr/bin/clang -x objective-c -ivfsstatcache /Users/buddhirajgautam/Library/Developer/Xcode/DerivedData/SDKStatCaches.noindex/macosx27.0-26A425-e829b21a6f8c9b70876ba0858053c0447231f6df4def33e022ae2eb8f782df1a.sdkstatcache -target arm64-apple-macos12.0 -fmessage-length\=0 -fdiagnostics-show-note-include-stack -fmacro-backtrace-limit\=0 -fno-color-diagnostics -fmodules-prune-interval\=86400 -fmodules-prune-after\=345600 -fbuild-session-file\=/Users/buddhirajgautam/Library/Developer/Xcode/DerivedData/ModuleCache.noindex/Session.modulevalidation -fmodules-validate-once-per-build-session -Wnon-modular-include-in-framework-module -Werror\=non-modular-include-in-framework-module -Wno-trigraphs -Wno-missing-field-initializers -Wno-missing-prototypes -Wno-return-type -Wno-implicit-atomic-properties -Wno-objc-interface-ivars -Wno-arc-repeated-use-of-weak -Wno-missing-braces -Wparentheses -Wswitch -Wno-unused-function -Wno-unused-label -Wno-unused-parameter -Wno-unused-variable -Wunused-value -Wno-empty-body -Wno-uninitialized -Wno-unknown-pragmas -Wno-shadow -Wno-four-char-constants -Wno-conversion -Wno-constant-conversion -Wno-int-conversion -Wno-bool-conversion -Wno-enum-conversion -Wno-float-conversion -Wno-non-literal-null-conversion -Wno-objc-literal-conversion -Wshorten-64-to-32 -Wpointer-sign -Wno-newline-eof -Wno-selector -Wno-strict-selector-match -Wno-undeclared-selector -Wno-deprecated-implementations -Wno-implicit-fallthrough -isysroot /Applications/Xcode.app/Contents/Developer/Platforms/MacOSX.platform/Developer/SDKs/MacOSX27.0.sdk -fstrict-aliasing -Wprotocol -Wdeprecated-declarations -Wno-sign-conversion -Wno-infinite-recursion -Wno-comma -Wno-block-capture-autoreleasing -Wno-strict-prototypes -Wno-semicolon-before-method-body -index-store-path /Users/buddhirajgautam/Library/Developer/Xcode/DerivedData/Telegram-Mac-fygdgghdgmuleoelvxabfmqiotta/Index.noindex/DataStore @/Users/buddhirajgautam/Library/Developer/Xcode/DerivedData/Telegram-Mac-fygdgghdgmuleoelvxabfmqiotta/Build/Intermediates.noindex/InAppVideoServices.build/Debug/InAppVideoServices-t.build/Objects-normal/arm64/e6072d4f65d7061329687fe24e3d63a7-common-args.resp -MMD -MT dependencies -MF /Users/buddhirajgautam/Library/Developer/Xcode/DerivedData/Telegram-Mac-fygdgghdgmuleoelvxabfmqiotta/Build/Intermediates.noindex/InAppVideoServices.build/Debug/InAppVideoServices-t.build/Objects-normal/arm64/YTVimeoURLParser.d --serialize-diagnostics /Users/buddhirajgautam/Library/Developer/Xcode/DerivedData/Telegram-Mac-fygdgghdgmuleoelvxabfmqiotta/Build/Intermediates.noindex/InAppVideoServices.build/Debug/InAppVideoServices-t.build/Objects-normal/arm64/YTVimeoURLParser.dia -c /Users/buddhirajgautam/Documents/Cherrygram-Mac/macOS-Swift/packages/InAppVideoServices/Sources/vimeo/YTVimeoURLParser.m -o /Users/buddhirajgautam/Library/Developer/Xcode/DerivedData/Telegram-Mac-fygdgghdgmuleoelvxabfmqiotta/Build/Intermediates.noindex/InAppVideoServices.build/Debug/InAppVideoServices-t.build/Objects-normal/arm64/YTVimeoURLParser.o -index-unit-output-path /InAppVideoServices.build/Debug/InAppVideoServices-t.build/Objects-normal/arm64/YTVimeoURLParser.o

CompileC /Users/buddhirajgautam/Library/Developer/Xcode/DerivedData/Telegram-Mac-fygdgghdgmuleoelvxabfmqiotta/Build/Intermediates.noindex/InAppVideoServices.build/Debug/InAppVideoServices-t.build/Objects-normal/arm64/YTVimeoExtractorOperation.o /Users/buddhirajgautam/Documents/Cherrygram-Mac/macOS-Swift/packages/InAppVideoServices/Sources/vimeo/YTVimeoExtractorOperation.m normal arm64 objective-c com.apple.compilers.llvm.clang.1_0.compiler (in target 'InAppVideoServices' from project 'InAppVideoServices')
    cd /Users/buddhirajgautam/Documents/Cherrygram-Mac/macOS-Swift
    
    Using response file: /Users/buddhirajgautam/Library/Developer/Xcode/DerivedData/Telegram-Mac-fygdgghdgmuleoelvxabfmqiotta/Build/Intermediates.noindex/InAppVideoServices.build/Debug/InAppVideoServices-t.build/Objects-normal/arm64/e6072d4f65d7061329687fe24e3d63a7-common-args.resp
    
    /Applications/Xcode.app/Contents/Developer/Toolchains/XcodeDefault.xctoolchain/usr/bin/clang -x objective-c -ivfsstatcache /Users/buddhirajgautam/Library/Developer/Xcode/DerivedData/SDKStatCaches.noindex/macosx27.0-26A425-e829b21a6f8c9b70876ba0858053c0447231f6df4def33e022ae2eb8f782df1a.sdkstatcache -target arm64-apple-macos12.0 -fmessage-length\=0 -fdiagnostics-show-note-include-stack -fmacro-backtrace-limit\=0 -fno-color-diagnostics -fmodules-prune-interval\=86400 -fmodules-prune-after\=345600 -fbuild-session-file\=/Users/buddhirajgautam/Library/Developer/Xcode/DerivedData/ModuleCache.noindex/Session.modulevalidation -fmodules-validate-once-per-build-session -Wnon-modular-include-in-framework-module -Werror\=non-modular-include-in-framework-module -Wno-trigraphs -Wno-missing-field-initializers -Wno-missing-prototypes -Wno-return-type -Wno-implicit-atomic-properties -Wno-objc-interface-ivars -Wno-arc-repeated-use-of-weak -Wno-missing-braces -Wparentheses -Wswitch -Wno-unused-function -Wno-unused-label -Wno-unused-parameter -Wno-unused-variable -Wunused-value -Wno-empty-body -Wno-uninitialized -Wno-unknown-pragmas -Wno-shadow -Wno-four-char-constants -Wno-conversion -Wno-constant-conversion -Wno-int-conversion -Wno-bool-conversion -Wno-enum-conversion -Wno-float-conversion -Wno-non-literal-null-conversion -Wno-objc-literal-conversion -Wshorten-64-to-32 -Wpointer-sign -Wno-newline-eof -Wno-selector -Wno-strict-selector-match -Wno-undeclared-selector -Wno-deprecated-implementations -Wno-implicit-fallthrough -isysroot /Applications/Xcode.app/Contents/Developer/Platforms/MacOSX.platform/Developer/SDKs/MacOSX27.0.sdk -fstrict-aliasing -Wprotocol -Wdeprecated-declarations -Wno-sign-conversion -Wno-infinite-recursion -Wno-comma -Wno-block-capture-autoreleasing -Wno-strict-prototypes -Wno-semicolon-before-method-body -index-store-path /Users/buddhirajgautam/Library/Developer/Xcode/DerivedData/Telegram-Mac-fygdgghdgmuleoelvxabfmqiotta/Index.noindex/DataStore @/Users/buddhirajgautam/Library/Developer/Xcode/DerivedData/Telegram-Mac-fygdgghdgmuleoelvxabfmqiotta/Build/Intermediates.noindex/InAppVideoServices.build/Debug/InAppVideoServices-t.build/Objects-normal/arm64/e6072d4f65d7061329687fe24e3d63a7-common-args.resp -MMD -MT dependencies -MF /Users/buddhirajgautam/Library/Developer/Xcode/DerivedData/Telegram-Mac-fygdgghdgmuleoelvxabfmqiotta/Build/Intermediates.noindex/InAppVideoServices.build/Debug/InAppVideoServices-t.build/Objects-normal/arm64/YTVimeoExtractorOperation.d --serialize-diagnostics /Users/buddhirajgautam/Library/Developer/Xcode/DerivedData/Telegram-Mac-fygdgghdgmuleoelvxabfmqiotta/Build/Intermediates.noindex/InAppVideoServices.build/Debug/InAppVideoServices-t.build/Objects-normal/arm64/YTVimeoExtractorOperation.dia -c /Users/buddhirajgautam/Documents/Cherrygram-Mac/macOS-Swift/packages/InAppVideoServices/Sources/vimeo/YTVimeoExtractorOperation.m -o /Users/buddhirajgautam/Library/Developer/Xcode/DerivedData/Telegram-Mac-fygdgghdgmuleoelvxabfmqiotta/Build/Intermediates.noindex/InAppVideoServices.build/Debug/InAppVideoServices-t.build/Objects-normal/arm64/YTVimeoExtractorOperation.o -index-unit-output-path /InAppVideoServices.build/Debug/InAppVideoServices-t.build/Objects-normal/arm64/YTVimeoExtractorOperation.o

CompileC /Users/buddhirajgautam/Library/Developer/Xcode/DerivedData/Telegram-Mac-fygdgghdgmuleoelvxabfmqiotta/Build/Intermediates.noindex/InAppVideoServices.build/Debug/InAppVideoServices-t.build/Objects-normal/arm64/YTVimeoExtractor.o /Users/buddhirajgautam/Documents/Cherrygram-Mac/macOS-Swift/packages/InAppVideoServices/Sources/vimeo/YTVimeoExtractor.m normal arm64 objective-c com.apple.compilers.llvm.clang.1_0.compiler (in target 'InAppVideoServices' from project 'InAppVideoServices')
    cd /Users/buddhirajgautam/Documents/Cherrygram-Mac/macOS-Swift
    
    Using response file: /Users/buddhirajgautam/Library/Developer/Xcode/DerivedData/Telegram-Mac-fygdgghdgmuleoelvxabfmqiotta/Build/Intermediates.noindex/InAppVideoServices.build/Debug/InAppVideoServices-t.build/Objects-normal/arm64/e6072d4f65d7061329687fe24e3d63a7-common-args.resp
    
    /Applications/Xcode.app/Contents/Developer/Toolchains/XcodeDefault.xctoolchain/usr/bin/clang -x objective-c -ivfsstatcache /Users/buddhirajgautam/Library/Developer/Xcode/DerivedData/SDKStatCaches.noindex/macosx27.0-26A425-e829b21a6f8c9b70876ba0858053c0447231f6df4def33e022ae2eb8f782df1a.sdkstatcache -target arm64-apple-macos12.0 -fmessage-length\=0 -fdiagnostics-show-note-include-stack -fmacro-backtrace-limit\=0 -fno-color-diagnostics -fmodules-prune-interval\=86400 -fmodules-prune-after\=345600 -fbuild-session-file\=/Users/buddhirajgautam/Library/Developer/Xcode/DerivedData/ModuleCache.noindex/Session.modulevalidation -fmodules-validate-once-per-build-session -Wnon-modular-include-in-framework-module -Werror\=non-modular-include-in-framework-module -Wno-trigraphs -Wno-missing-field-initializers -Wno-missing-prototypes -Wno-return-type -Wno-implicit-atomic-properties -Wno-objc-interface-ivars -Wno-arc-repeated-use-of-weak -Wno-missing-braces -Wparentheses -Wswitch -Wno-unused-function -Wno-unused-label -Wno-unused-parameter -Wno-unused-variable -Wunused-value -Wno-empty-body -Wno-uninitialized -Wno-unknown-pragmas -Wno-shadow -Wno-four-char-constants -Wno-conversion -Wno-constant-conversion -Wno-int-conversion -Wno-bool-conversion -Wno-enum-conversion -Wno-float-conversion -Wno-non-literal-null-conversion -Wno-objc-literal-conversion -Wshorten-64-to-32 -Wpointer-sign -Wno-newline-eof -Wno-selector -Wno-strict-selector-match -Wno-undeclared-selector -Wno-deprecated-implementations -Wno-implicit-fallthrough -isysroot /Applications/Xcode.app/Contents/Developer/Platforms/MacOSX.platform/Developer/SDKs/MacOSX27.0.sdk -fstrict-aliasing -Wprotocol -Wdeprecated-declarations -Wno-sign-conversion -Wno-infinite-recursion -Wno-comma -Wno-block-capture-autoreleasing -Wno-strict-prototypes -Wno-semicolon-before-method-body -index-store-path /Users/buddhirajgautam/Library/Developer/Xcode/DerivedData/Telegram-Mac-fygdgghdgmuleoelvxabfmqiotta/Index.noindex/DataStore @/Users/buddhirajgautam/Library/Developer/Xcode/DerivedData/Telegram-Mac-fygdgghdgmuleoelvxabfmqiotta/Build/Intermediates.noindex/InAppVideoServices.build/Debug/InAppVideoServices-t.build/Objects-normal/arm64/e6072d4f65d7061329687fe24e3d63a7-common-args.resp -MMD -MT dependencies -MF /Users/buddhirajgautam/Library/Developer/Xcode/DerivedData/Telegram-Mac-fygdgghdgmuleoelvxabfmqiotta/Build/Intermediates.noindex/InAppVideoServices.build/Debug/InAppVideoServices-t.build/Objects-normal/arm64/YTVimeoExtractor.d --serialize-diagnostics /Users/buddhirajgautam/Library/Developer/Xcode/DerivedData/Telegram-Mac-fygdgghdgmuleoelvxabfmqiotta/Build/Intermediates.noindex/InAppVideoServices.build/Debug/InAppVideoServices-t.build/Objects-normal/arm64/YTVimeoExtractor.dia -c /Users/buddhirajgautam/Documents/Cherrygram-Mac/macOS-Swift/packages/InAppVideoServices/Sources/vimeo/YTVimeoExtractor.m -o /Users/buddhirajgautam/Library/Developer/Xcode/DerivedData/Telegram-Mac-fygdgghdgmuleoelvxabfmqiotta/Build/Intermediates.noindex/InAppVideoServices.build/Debug/InAppVideoServices-t.build/Objects-normal/arm64/YTVimeoExtractor.o -index-unit-output-path /InAppVideoServices.build/Debug/InAppVideoServices-t.build/Objects-normal/arm64/YTVimeoExtractor.o

CompileC /Users/buddhirajgautam/Library/Developer/Xcode/DerivedData/Telegram-Mac-fygdgghdgmuleoelvxabfmqiotta/Build/Intermediates.noindex/InAppVideoServices.build/Debug/InAppVideoServices-t.build/Objects-normal/arm64/XCDYouTubeVideoWebpage.o /Users/buddhirajgautam/Documents/Cherrygram-Mac/macOS-Swift/packages/InAppVideoServices/Sources/youtube/XCDYouTubeVideoWebpage.m normal arm64 objective-c com.apple.compilers.llvm.clang.1_0.compiler (in target 'InAppVideoServices' from project 'InAppVideoServices')
    cd /Users/buddhirajgautam/Documents/Cherrygram-Mac/macOS-Swift
    
    Using response file: /Users/buddhirajgautam/Library/Developer/Xcode/DerivedData/Telegram-Mac-fygdgghdgmuleoelvxabfmqiotta/Build/Intermediates.noindex/InAppVideoServices.build/Debug/InAppVideoServices-t.build/Objects-normal/arm64/e6072d4f65d7061329687fe24e3d63a7-common-args.resp
    
    /Applications/Xcode.app/Contents/Developer/Toolchains/XcodeDefault.xctoolchain/usr/bin/clang -x objective-c -ivfsstatcache /Users/buddhirajgautam/Library/Developer/Xcode/DerivedData/SDKStatCaches.noindex/macosx27.0-26A425-e829b21a6f8c9b70876ba0858053c0447231f6df4def33e022ae2eb8f782df1a.sdkstatcache -target arm64-apple-macos12.0 -fmessage-length\=0 -fdiagnostics-show-note-include-stack -fmacro-backtrace-limit\=0 -fno-color-diagnostics -fmodules-prune-interval\=86400 -fmodules-prune-after\=345600 -fbuild-session-file\=/Users/buddhirajgautam/Library/Developer/Xcode/DerivedData/ModuleCache.noindex/Session.modulevalidation -fmodules-validate-once-per-build-session -Wnon-modular-include-in-framework-module -Werror\=non-modular-include-in-framework-module -Wno-trigraphs -Wno-missing-field-initializers -Wno-missing-prototypes -Wno-return-type -Wno-implicit-atomic-properties -Wno-objc-interface-ivars -Wno-arc-repeated-use-of-weak -Wno-missing-braces -Wparentheses -Wswitch -Wno-unused-function -Wno-unused-label -Wno-unused-parameter -Wno-unused-variable -Wunused-value -Wno-empty-body -Wno-uninitialized -Wno-unknown-pragmas -Wno-shadow -Wno-four-char-constants -Wno-conversion -Wno-constant-conversion -Wno-int-conversion -Wno-bool-conversion -Wno-enum-conversion -Wno-float-conversion -Wno-non-literal-null-conversion -Wno-objc-literal-conversion -Wshorten-64-to-32 -Wpointer-sign -Wno-newline-eof -Wno-selector -Wno-strict-selector-match -Wno-undeclared-selector -Wno-deprecated-implementations -Wno-implicit-fallthrough -isysroot /Applications/Xcode.app/Contents/Developer/Platforms/MacOSX.platform/Developer/SDKs/MacOSX27.0.sdk -fstrict-aliasing -Wprotocol -Wdeprecated-declarations -Wno-sign-conversion -Wno-infinite-recursion -Wno-comma -Wno-block-capture-autoreleasing -Wno-strict-prototypes -Wno-semicolon-before-method-body -index-store-path /Users/buddhirajgautam/Library/Developer/Xcode/DerivedData/Telegram-Mac-fygdgghdgmuleoelvxabfmqiotta/Index.noindex/DataStore @/Users/buddhirajgautam/Library/Developer/Xcode/DerivedData/Telegram-Mac-fygdgghdgmuleoelvxabfmqiotta/Build/Intermediates.noindex/InAppVideoServices.build/Debug/InAppVideoServices-t.build/Objects-normal/arm64/e6072d4f65d7061329687fe24e3d63a7-common-args.resp -MMD -MT dependencies -MF /Users/buddhirajgautam/Library/Developer/Xcode/DerivedData/Telegram-Mac-fygdgghdgmuleoelvxabfmqiotta/Build/Intermediates.noindex/InAppVideoServices.build/Debug/InAppVideoServices-t.build/Objects-normal/arm64/XCDYouTubeVideoWebpage.d --serialize-diagnostics /Users/buddhirajgautam/Library/Developer/Xcode/DerivedData/Telegram-Mac-fygdgghdgmuleoelvxabfmqiotta/Build/Intermediates.noindex/InAppVideoServices.build/Debug/InAppVideoServices-t.build/Objects-normal/arm64/XCDYouTubeVideoWebpage.dia -c /Users/buddhirajgautam/Documents/Cherrygram-Mac/macOS-Swift/packages/InAppVideoServices/Sources/youtube/XCDYouTubeVideoWebpage.m -o /Users/buddhirajgautam/Library/Developer/Xcode/DerivedData/Telegram-Mac-fygdgghdgmuleoelvxabfmqiotta/Build/Intermediates.noindex/InAppVideoServices.build/Debug/InAppVideoServices-t.build/Objects-normal/arm64/XCDYouTubeVideoWebpage.o -index-unit-output-path /InAppVideoServices.build/Debug/InAppVideoServices-t.build/Objects-normal/arm64/XCDYouTubeVideoWebpage.o

ScanDependencies /Users/buddhirajgautam/Library/Developer/Xcode/DerivedData/Telegram-Mac-fygdgghdgmuleoelvxabfmqiotta/Build/Intermediates.noindex/InAppVideoServices.build/Debug/InAppVideoServices-t.build/Objects-normal/arm64/XCDYouTubeVideoOperation.o /Users/buddhirajgautam/Documents/Cherrygram-Mac/macOS-Swift/packages/InAppVideoServices/Sources/youtube/XCDYouTubeVideoOperation.m normal arm64 objective-c com.apple.compilers.llvm.clang.1_0.compiler (in target 'InAppVideoServices' from project 'InAppVideoServices')
    cd /Users/buddhirajgautam/Documents/Cherrygram-Mac/macOS-Swift
    
    Using response file: /Users/buddhirajgautam/Library/Developer/Xcode/DerivedData/Telegram-Mac-fygdgghdgmuleoelvxabfmqiotta/Build/Intermediates.noindex/InAppVideoServices.build/Debug/InAppVideoServices-t.build/Objects-normal/arm64/e6072d4f65d7061329687fe24e3d63a7-common-args.resp
    
    builtin-ScanDependencies -o /Users/buddhirajgautam/Library/Developer/Xcode/DerivedData/Telegram-Mac-fygdgghdgmuleoelvxabfmqiotta/Build/Intermediates.noindex/InAppVideoServices.build/Debug/InAppVideoServices-t.build/Objects-normal/arm64/XCDYouTubeVideoOperation.o.scan -- /Applications/Xcode.app/Contents/Developer/Toolchains/XcodeDefault.xctoolchain/usr/bin/clang -x objective-c -ivfsstatcache /Users/buddhirajgautam/Library/Developer/Xcode/DerivedData/SDKStatCaches.noindex/macosx27.0-26A425-e829b21a6f8c9b70876ba0858053c0447231f6df4def33e022ae2eb8f782df1a.sdkstatcache -target arm64-apple-macos12.0 -fmessage-length\=0 -fdiagnostics-show-note-include-stack -fmacro-backtrace-limit\=0 -fno-color-diagnostics -fmodules-prune-interval\=86400 -fmodules-prune-after\=345600 -fbuild-session-file\=/Users/buddhirajgautam/Library/Developer/Xcode/DerivedData/ModuleCache.noindex/Session.modulevalidation -fmodules-validate-once-per-build-session -Wnon-modular-include-in-framework-module -Werror\=non-modular-include-in-framework-module -Wno-trigraphs -Wno-missing-field-initializers -Wno-missing-prototypes -Wno-return-type -Wno-implicit-atomic-properties -Wno-objc-interface-ivars -Wno-arc-repeated-use-of-weak -Wno-missing-braces -Wparentheses -Wswitch -Wno-unused-function -Wno-unused-label -Wno-unused-parameter -Wno-unused-variable -Wunused-value -Wno-empty-body -Wno-uninitialized -Wno-unknown-pragmas -Wno-shadow -Wno-four-char-constants -Wno-conversion -Wno-constant-conversion -Wno-int-conversion -Wno-bool-conversion -Wno-enum-conversion -Wno-float-conversion -Wno-non-literal-null-conversion -Wno-objc-literal-conversion -Wshorten-64-to-32 -Wpointer-sign -Wno-newline-eof -Wno-selector -Wno-strict-selector-match -Wno-undeclared-selector -Wno-deprecated-implementations -Wno-implicit-fallthrough -isysroot /Applications/Xcode.app/Contents/Developer/Platforms/MacOSX.platform/Developer/SDKs/MacOSX27.0.sdk -fstrict-aliasing -Wprotocol -Wdeprecated-declarations -Wno-sign-conversion -Wno-infinite-recursion -Wno-comma -Wno-block-capture-autoreleasing -Wno-strict-prototypes -Wno-semicolon-before-method-body -index-store-path /Users/buddhirajgautam/Library/Developer/Xcode/DerivedData/Telegram-Mac-fygdgghdgmuleoelvxabfmqiotta/Index.noindex/DataStore @/Users/buddhirajgautam/Library/Developer/Xcode/DerivedData/Telegram-Mac-fygdgghdgmuleoelvxabfmqiotta/Build/Intermediates.noindex/InAppVideoServices.build/Debug/InAppVideoServices-t.build/Objects-normal/arm64/e6072d4f65d7061329687fe24e3d63a7-common-args.resp -MMD -MT dependencies -MF /Users/buddhirajgautam/Library/Developer/Xcode/DerivedData/Telegram-Mac-fygdgghdgmuleoelvxabfmqiotta/Build/Intermediates.noindex/InAppVideoServices.build/Debug/InAppVideoServices-t.build/Objects-normal/arm64/XCDYouTubeVideoOperation.d --serialize-diagnostics /Users/buddhirajgautam/Library/Developer/Xcode/DerivedData/Telegram-Mac-fygdgghdgmuleoelvxabfmqiotta/Build/Intermediates.noindex/InAppVideoServices.build/Debug/InAppVideoServices-t.build/Objects-normal/arm64/XCDYouTubeVideoOperation.dia -c /Users/buddhirajgautam/Documents/Cherrygram-Mac/macOS-Swift/packages/InAppVideoServices/Sources/youtube/XCDYouTubeVideoOperation.m -o /Users/buddhirajgautam/Library/Developer/Xcode/DerivedData/Telegram-Mac-fygdgghdgmuleoelvxabfmqiotta/Build/Intermediates.noindex/InAppVideoServices.build/Debug/InAppVideoServices-t.build/Objects-normal/arm64/XCDYouTubeVideoOperation.o -index-unit-output-path /InAppVideoServices.build/Debug/InAppVideoServices-t.build/Objects-normal/arm64/XCDYouTubeVideoOperation.o

Ld /Users/buddhirajgautam/Library/Developer/Xcode/DerivedData/Telegram-Mac-fygdgghdgmuleoelvxabfmqiotta/Build/Products/Debug/LegacyReachability.o normal (in target 'LegacyReachability' from project 'LegacyReachability')
    cd /Users/buddhirajgautam/Documents/Cherrygram-Mac/macOS-Swift/submodules/telegram-ios/submodules/Reachability/LegacyReachability
    /Applications/Xcode.app/Contents/Developer/Toolchains/XcodeDefault.xctoolchain/usr/bin/clang -Xlinker -reproducible -target arm64-apple-macos12.0 -r -isysroot /Applications/Xcode.app/Contents/Developer/Platforms/MacOSX.platform/Developer/SDKs/MacOSX27.0.sdk -O0 -Xlinker -no_warn_duplicate_libraries -F/Users/buddhirajgautam/Library/Developer/Xcode/DerivedData/Telegram-Mac-fygdgghdgmuleoelvxabfmqiotta/Build/Intermediates.noindex/EagerLinkingTBDs/Debug -F/Users/buddhirajgautam/Library/Developer/Xcode/DerivedData/Telegram-Mac-fygdgghdgmuleoelvxabfmqiotta/Build/Products/Debug -iframework /Applications/Xcode.app/Contents/Developer/Platforms/MacOSX.platform/Developer/Library/Frameworks -filelist /Users/buddhirajgautam/Library/Developer/Xcode/DerivedData/Telegram-Mac-fygdgghdgmuleoelvxabfmqiotta/Build/Intermediates.noindex/LegacyReachability.build/Debug/LegacyReachability-t.build/Objects-normal/arm64/LegacyReachability.LinkFileList -nostdlib -Xlinker -object_path_lto -Xlinker /Users/buddhirajgautam/Library/Developer/Xcode/DerivedData/Telegram-Mac-fygdgghdgmuleoelvxabfmqiotta/Build/Intermediates.noindex/LegacyReachability.build/Debug/LegacyReachability-t.build/Objects-normal/arm64/LegacyReachability_lto.o -Xlinker -no_deduplicate -Xlinker -debug_variant -Xlinker -dependency_info -Xlinker /Users/buddhirajgautam/Library/Developer/Xcode/DerivedData/Telegram-Mac-fygdgghdgmuleoelvxabfmqiotta/Build/Intermediates.noindex/LegacyReachability.build/Debug/LegacyReachability-t.build/Objects-normal/arm64/LegacyReachability_dependency_info.dat -fobjc-arc -fobjc-link-runtime -o /Users/buddhirajgautam/Library/Developer/Xcode/DerivedData/Telegram-Mac-fygdgghdgmuleoelvxabfmqiotta/Build/Products/Debug/LegacyReachability.o

ScanDependencies /Users/buddhirajgautam/Library/Developer/Xcode/DerivedData/Telegram-Mac-fygdgghdgmuleoelvxabfmqiotta/Build/Intermediates.noindex/InAppVideoServices.build/Debug/InAppVideoServices-t.build/Objects-normal/arm64/XCDYouTubeVideo.o /Users/buddhirajgautam/Documents/Cherrygram-Mac/macOS-Swift/packages/InAppVideoServices/Sources/youtube/XCDYouTubeVideo.m normal arm64 objective-c com.apple.compilers.llvm.clang.1_0.compiler (in target 'InAppVideoServices' from project 'InAppVideoServices')
    cd /Users/buddhirajgautam/Documents/Cherrygram-Mac/macOS-Swift
    
    Using response file: /Users/buddhirajgautam/Library/Developer/Xcode/DerivedData/Telegram-Mac-fygdgghdgmuleoelvxabfmqiotta/Build/Intermediates.noindex/InAppVideoServices.build/Debug/InAppVideoServices-t.build/Objects-normal/arm64/e6072d4f65d7061329687fe24e3d63a7-common-args.resp
    
    builtin-ScanDependencies -o /Users/buddhirajgautam/Library/Developer/Xcode/DerivedData/Telegram-Mac-fygdgghdgmuleoelvxabfmqiotta/Build/Intermediates.noindex/InAppVideoServices.build/Debug/InAppVideoServices-t.build/Objects-normal/arm64/XCDYouTubeVideo.o.scan -- /Applications/Xcode.app/Contents/Developer/Toolchains/XcodeDefault.xctoolchain/usr/bin/clang -x objective-c -ivfsstatcache /Users/buddhirajgautam/Library/Developer/Xcode/DerivedData/SDKStatCaches.noindex/macosx27.0-26A425-e829b21a6f8c9b70876ba0858053c0447231f6df4def33e022ae2eb8f782df1a.sdkstatcache -target arm64-apple-macos12.0 -fmessage-length\=0 -fdiagnostics-show-note-include-stack -fmacro-backtrace-limit\=0 -fno-color-diagnostics -fmodules-prune-interval\=86400 -fmodules-prune-after\=345600 -fbuild-session-file\=/Users/buddhirajgautam/Library/Developer/Xcode/DerivedData/ModuleCache.noindex/Session.modulevalidation -fmodules-validate-once-per-build-session -Wnon-modular-include-in-framework-module -Werror\=non-modular-include-in-framework-module -Wno-trigraphs -Wno-missing-field-initializers -Wno-missing-prototypes -Wno-return-type -Wno-implicit-atomic-properties -Wno-objc-interface-ivars -Wno-arc-repeated-use-of-weak -Wno-missing-braces -Wparentheses -Wswitch -Wno-unused-function -Wno-unused-label -Wno-unused-parameter -Wno-unused-variable -Wunused-value -Wno-empty-body -Wno-uninitialized -Wno-unknown-pragmas -Wno-shadow -Wno-four-char-constants -Wno-conversion -Wno-constant-conversion -Wno-int-conversion -Wno-bool-conversion -Wno-enum-conversion -Wno-float-conversion -Wno-non-literal-null-conversion -Wno-objc-literal-conversion -Wshorten-64-to-32 -Wpointer-sign -Wno-newline-eof -Wno-selector -Wno-strict-selector-match -Wno-undeclared-selector -Wno-deprecated-implementations -Wno-implicit-fallthrough -isysroot /Applications/Xcode.app/Contents/Developer/Platforms/MacOSX.platform/Developer/SDKs/MacOSX27.0.sdk -fstrict-aliasing -Wprotocol -Wdeprecated-declarations -Wno-sign-conversion -Wno-infinite-recursion -Wno-comma -Wno-block-capture-autoreleasing -Wno-strict-prototypes -Wno-semicolon-before-method-body -index-store-path /Users/buddhirajgautam/Library/Developer/Xcode/DerivedData/Telegram-Mac-fygdgghdgmuleoelvxabfmqiotta/Index.noindex/DataStore @/Users/buddhirajgautam/Library/Developer/Xcode/DerivedData/Telegram-Mac-fygdgghdgmuleoelvxabfmqiotta/Build/Intermediates.noindex/InAppVideoServices.build/Debug/InAppVideoServices-t.build/Objects-normal/arm64/e6072d4f65d7061329687fe24e3d63a7-common-args.resp -MMD -MT dependencies -MF /Users/buddhirajgautam/Library/Developer/Xcode/DerivedData/Telegram-Mac-fygdgghdgmuleoelvxabfmqiotta/Build/Intermediates.noindex/InAppVideoServices.build/Debug/InAppVideoServices-t.build/Objects-normal/arm64/XCDYouTubeVideo.d --serialize-diagnostics /Users/buddhirajgautam/Library/Developer/Xcode/DerivedData/Telegram-Mac-fygdgghdgmuleoelvxabfmqiotta/Build/Intermediates.noindex/InAppVideoServices.build/Debug/InAppVideoServices-t.build/Objects-normal/arm64/XCDYouTubeVideo.dia -c /Users/buddhirajgautam/Documents/Cherrygram-Mac/macOS-Swift/packages/InAppVideoServices/Sources/youtube/XCDYouTubeVideo.m -o /Users/buddhirajgautam/Library/Developer/Xcode/DerivedData/Telegram-Mac-fygdgghdgmuleoelvxabfmqiotta/Build/Intermediates.noindex/InAppVideoServices.build/Debug/InAppVideoServices-t.build/Objects-normal/arm64/XCDYouTubeVideo.o -index-unit-output-path /InAppVideoServices.build/Debug/InAppVideoServices-t.build/Objects-normal/arm64/XCDYouTubeVideo.o

ScanDependencies /Users/buddhirajgautam/Library/Developer/Xcode/DerivedData/Telegram-Mac-fygdgghdgmuleoelvxabfmqiotta/Build/Intermediates.noindex/InAppVideoServices.build/Debug/InAppVideoServices-t.build/Objects-normal/arm64/XCDYouTubePlayerScript.o /Users/buddhirajgautam/Documents/Cherrygram-Mac/macOS-Swift/packages/InAppVideoServices/Sources/youtube/XCDYouTubePlayerScript.m normal arm64 objective-c com.apple.compilers.llvm.clang.1_0.compiler (in target 'InAppVideoServices' from project 'InAppVideoServices')
    cd /Users/buddhirajgautam/Documents/Cherrygram-Mac/macOS-Swift
    
    Using response file: /Users/buddhirajgautam/Library/Developer/Xcode/DerivedData/Telegram-Mac-fygdgghdgmuleoelvxabfmqiotta/Build/Intermediates.noindex/InAppVideoServices.build/Debug/InAppVideoServices-t.build/Objects-normal/arm64/e6072d4f65d7061329687fe24e3d63a7-common-args.resp
    
    builtin-ScanDependencies -o /Users/buddhirajgautam/Library/Developer/Xcode/DerivedData/Telegram-Mac-fygdgghdgmuleoelvxabfmqiotta/Build/Intermediates.noindex/InAppVideoServices.build/Debug/InAppVideoServices-t.build/Objects-normal/arm64/XCDYouTubePlayerScript.o.scan -- /Applications/Xcode.app/Contents/Developer/Toolchains/XcodeDefault.xctoolchain/usr/bin/clang -x objective-c -ivfsstatcache /Users/buddhirajgautam/Library/Developer/Xcode/DerivedData/SDKStatCaches.noindex/macosx27.0-26A425-e829b21a6f8c9b70876ba0858053c0447231f6df4def33e022ae2eb8f782df1a.sdkstatcache -target arm64-apple-macos12.0 -fmessage-length\=0 -fdiagnostics-show-note-include-stack -fmacro-backtrace-limit\=0 -fno-color-diagnostics -fmodules-prune-interval\=86400 -fmodules-prune-after\=345600 -fbuild-session-file\=/Users/buddhirajgautam/Library/Developer/Xcode/DerivedData/ModuleCache.noindex/Session.modulevalidation -fmodules-validate-once-per-build-session -Wnon-modular-include-in-framework-module -Werror\=non-modular-include-in-framework-module -Wno-trigraphs -Wno-missing-field-initializers -Wno-missing-prototypes -Wno-return-type -Wno-implicit-atomic-properties -Wno-objc-interface-ivars -Wno-arc-repeated-use-of-weak -Wno-missing-braces -Wparentheses -Wswitch -Wno-unused-function -Wno-unused-label -Wno-unused-parameter -Wno-unused-variable -Wunused-value -Wno-empty-body -Wno-uninitialized -Wno-unknown-pragmas -Wno-shadow -Wno-four-char-constants -Wno-conversion -Wno-constant-conversion -Wno-int-conversion -Wno-bool-conversion -Wno-enum-conversion -Wno-float-conversion -Wno-non-literal-null-conversion -Wno-objc-literal-conversion -Wshorten-64-to-32 -Wpointer-sign -Wno-newline-eof -Wno-selector -Wno-strict-selector-match -Wno-undeclared-selector -Wno-deprecated-implementations -Wno-implicit-fallthrough -isysroot /Applications/Xcode.app/Contents/Developer/Platforms/MacOSX.platform/Developer/SDKs/MacOSX27.0.sdk -fstrict-aliasing -Wprotocol -Wdeprecated-declarations -Wno-sign-conversion -Wno-infinite-recursion -Wno-comma -Wno-block-capture-autoreleasing -Wno-strict-prototypes -Wno-semicolon-before-method-body -index-store-path /Users/buddhirajgautam/Library/Developer/Xcode/DerivedData/Telegram-Mac-fygdgghdgmuleoelvxabfmqiotta/Index.noindex/DataStore @/Users/buddhirajgautam/Library/Developer/Xcode/DerivedData/Telegram-Mac-fygdgghdgmuleoelvxabfmqiotta/Build/Intermediates.noindex/InAppVideoServices.build/Debug/InAppVideoServices-t.build/Objects-normal/arm64/e6072d4f65d7061329687fe24e3d63a7-common-args.resp -MMD -MT dependencies -MF /Users/buddhirajgautam/Library/Developer/Xcode/DerivedData/Telegram-Mac-fygdgghdgmuleoelvxabfmqiotta/Build/Intermediates.noindex/InAppVideoServices.build/Debug/InAppVideoServices-t.build/Objects-normal/arm64/XCDYouTubePlayerScript.d --serialize-diagnostics /Users/buddhirajgautam/Library/Developer/Xcode/DerivedData/Telegram-Mac-fygdgghdgmuleoelvxabfmqiotta/Build/Intermediates.noindex/InAppVideoServices.build/Debug/InAppVideoServices-t.build/Objects-normal/arm64/XCDYouTubePlayerScript.dia -c /Users/buddhirajgautam/Documents/Cherrygram-Mac/macOS-Swift/packages/InAppVideoServices/Sources/youtube/XCDYouTubePlayerScript.m -o /Users/buddhirajgautam/Library/Developer/Xcode/DerivedData/Telegram-Mac-fygdgghdgmuleoelvxabfmqiotta/Build/Intermediates.noindex/InAppVideoServices.build/Debug/InAppVideoServices-t.build/Objects-normal/arm64/XCDYouTubePlayerScript.o -index-unit-output-path /InAppVideoServices.build/Debug/InAppVideoServices-t.build/Objects-normal/arm64/XCDYouTubePlayerScript.o

CompileC /Users/buddhirajgautam/Library/Developer/Xcode/DerivedData/Telegram-Mac-fygdgghdgmuleoelvxabfmqiotta/Build/Intermediates.noindex/InAppVideoServices.build/Debug/InAppVideoServices-t.build/Objects-normal/arm64/XCDYouTubeVideoOperation.o /Users/buddhirajgautam/Documents/Cherrygram-Mac/macOS-Swift/packages/InAppVideoServices/Sources/youtube/XCDYouTubeVideoOperation.m normal arm64 objective-c com.apple.compilers.llvm.clang.1_0.compiler (in target 'InAppVideoServices' from project 'InAppVideoServices')
    cd /Users/buddhirajgautam/Documents/Cherrygram-Mac/macOS-Swift
    
    Using response file: /Users/buddhirajgautam/Library/Developer/Xcode/DerivedData/Telegram-Mac-fygdgghdgmuleoelvxabfmqiotta/Build/Intermediates.noindex/InAppVideoServices.build/Debug/InAppVideoServices-t.build/Objects-normal/arm64/e6072d4f65d7061329687fe24e3d63a7-common-args.resp
    
    /Applications/Xcode.app/Contents/Developer/Toolchains/XcodeDefault.xctoolchain/usr/bin/clang -x objective-c -ivfsstatcache /Users/buddhirajgautam/Library/Developer/Xcode/DerivedData/SDKStatCaches.noindex/macosx27.0-26A425-e829b21a6f8c9b70876ba0858053c0447231f6df4def33e022ae2eb8f782df1a.sdkstatcache -target arm64-apple-macos12.0 -fmessage-length\=0 -fdiagnostics-show-note-include-stack -fmacro-backtrace-limit\=0 -fno-color-diagnostics -fmodules-prune-interval\=86400 -fmodules-prune-after\=345600 -fbuild-session-file\=/Users/buddhirajgautam/Library/Developer/Xcode/DerivedData/ModuleCache.noindex/Session.modulevalidation -fmodules-validate-once-per-build-session -Wnon-modular-include-in-framework-module -Werror\=non-modular-include-in-framework-module -Wno-trigraphs -Wno-missing-field-initializers -Wno-missing-prototypes -Wno-return-type -Wno-implicit-atomic-properties -Wno-objc-interface-ivars -Wno-arc-repeated-use-of-weak -Wno-missing-braces -Wparentheses -Wswitch -Wno-unused-function -Wno-unused-label -Wno-unused-parameter -Wno-unused-variable -Wunused-value -Wno-empty-body -Wno-uninitialized -Wno-unknown-pragmas -Wno-shadow -Wno-four-char-constants -Wno-conversion -Wno-constant-conversion -Wno-int-conversion -Wno-bool-conversion -Wno-enum-conversion -Wno-float-conversion -Wno-non-literal-null-conversion -Wno-objc-literal-conversion -Wshorten-64-to-32 -Wpointer-sign -Wno-newline-eof -Wno-selector -Wno-strict-selector-match -Wno-undeclared-selector -Wno-deprecated-implementations -Wno-implicit-fallthrough -isysroot /Applications/Xcode.app/Contents/Developer/Platforms/MacOSX.platform/Developer/SDKs/MacOSX27.0.sdk -fstrict-aliasing -Wprotocol -Wdeprecated-declarations -Wno-sign-conversion -Wno-infinite-recursion -Wno-comma -Wno-block-capture-autoreleasing -Wno-strict-prototypes -Wno-semicolon-before-method-body -index-store-path /Users/buddhirajgautam/Library/Developer/Xcode/DerivedData/Telegram-Mac-fygdgghdgmuleoelvxabfmqiotta/Index.noindex/DataStore @/Users/buddhirajgautam/Library/Developer/Xcode/DerivedData/Telegram-Mac-fygdgghdgmuleoelvxabfmqiotta/Build/Intermediates.noindex/InAppVideoServices.build/Debug/InAppVideoServices-t.build/Objects-normal/arm64/e6072d4f65d7061329687fe24e3d63a7-common-args.resp -MMD -MT dependencies -MF /Users/buddhirajgautam/Library/Developer/Xcode/DerivedData/Telegram-Mac-fygdgghdgmuleoelvxabfmqiotta/Build/Intermediates.noindex/InAppVideoServices.build/Debug/InAppVideoServices-t.build/Objects-normal/arm64/XCDYouTubeVideoOperation.d --serialize-diagnostics /Users/buddhirajgautam/Library/Developer/Xcode/DerivedData/Telegram-Mac-fygdgghdgmuleoelvxabfmqiotta/Build/Intermediates.noindex/InAppVideoServices.build/Debug/InAppVideoServices-t.build/Objects-normal/arm64/XCDYouTubeVideoOperation.dia -c /Users/buddhirajgautam/Documents/Cherrygram-Mac/macOS-Swift/packages/InAppVideoServices/Sources/youtube/XCDYouTubeVideoOperation.m -o /Users/buddhirajgautam/Library/Developer/Xcode/DerivedData/Telegram-Mac-fygdgghdgmuleoelvxabfmqiotta/Build/Intermediates.noindex/InAppVideoServices.build/Debug/InAppVideoServices-t.build/Objects-normal/arm64/XCDYouTubeVideoOperation.o -index-unit-output-path /InAppVideoServices.build/Debug/InAppVideoServices-t.build/Objects-normal/arm64/XCDYouTubeVideoOperation.o

ScanDependencies /Users/buddhirajgautam/Library/Developer/Xcode/DerivedData/Telegram-Mac-fygdgghdgmuleoelvxabfmqiotta/Build/Intermediates.noindex/InAppVideoServices.build/Debug/InAppVideoServices-t.build/Objects-normal/arm64/XCDYouTubeLogger.o /Users/buddhirajgautam/Documents/Cherrygram-Mac/macOS-Swift/packages/InAppVideoServices/Sources/youtube/XCDYouTubeLogger.m normal arm64 objective-c com.apple.compilers.llvm.clang.1_0.compiler (in target 'InAppVideoServices' from project 'InAppVideoServices')
    cd /Users/buddhirajgautam/Documents/Cherrygram-Mac/macOS-Swift
    
    Using response file: /Users/buddhirajgautam/Library/Developer/Xcode/DerivedData/Telegram-Mac-fygdgghdgmuleoelvxabfmqiotta/Build/Intermediates.noindex/InAppVideoServices.build/Debug/InAppVideoServices-t.build/Objects-normal/arm64/e6072d4f65d7061329687fe24e3d63a7-common-args.resp
    
    builtin-ScanDependencies -o /Users/buddhirajgautam/Library/Developer/Xcode/DerivedData/Telegram-Mac-fygdgghdgmuleoelvxabfmqiotta/Build/Intermediates.noindex/InAppVideoServices.build/Debug/InAppVideoServices-t.build/Objects-normal/arm64/XCDYouTubeLogger.o.scan -- /Applications/Xcode.app/Contents/Developer/Toolchains/XcodeDefault.xctoolchain/usr/bin/clang -x objective-c -ivfsstatcache /Users/buddhirajgautam/Library/Developer/Xcode/DerivedData/SDKStatCaches.noindex/macosx27.0-26A425-e829b21a6f8c9b70876ba0858053c0447231f6df4def33e022ae2eb8f782df1a.sdkstatcache -target arm64-apple-macos12.0 -fmessage-length\=0 -fdiagnostics-show-note-include-stack -fmacro-backtrace-limit\=0 -fno-color-diagnostics -fmodules-prune-interval\=86400 -fmodules-prune-after\=345600 -fbuild-session-file\=/Users/buddhirajgautam/Library/Developer/Xcode/DerivedData/ModuleCache.noindex/Session.modulevalidation -fmodules-validate-once-per-build-session -Wnon-modular-include-in-framework-module -Werror\=non-modular-include-in-framework-module -Wno-trigraphs -Wno-missing-field-initializers -Wno-missing-prototypes -Wno-return-type -Wno-implicit-atomic-properties -Wno-objc-interface-ivars -Wno-arc-repeated-use-of-weak -Wno-missing-braces -Wparentheses -Wswitch -Wno-unused-function -Wno-unused-label -Wno-unused-parameter -Wno-unused-variable -Wunused-value -Wno-empty-body -Wno-uninitialized -Wno-unknown-pragmas -Wno-shadow -Wno-four-char-constants -Wno-conversion -Wno-constant-conversion -Wno-int-conversion -Wno-bool-conversion -Wno-enum-conversion -Wno-float-conversion -Wno-non-literal-null-conversion -Wno-objc-literal-conversion -Wshorten-64-to-32 -Wpointer-sign -Wno-newline-eof -Wno-selector -Wno-strict-selector-match -Wno-undeclared-selector -Wno-deprecated-implementations -Wno-implicit-fallthrough -isysroot /Applications/Xcode.app/Contents/Developer/Platforms/MacOSX.platform/Developer/SDKs/MacOSX27.0.sdk -fstrict-aliasing -Wprotocol -Wdeprecated-declarations -Wno-sign-conversion -Wno-infinite-recursion -Wno-comma -Wno-block-capture-autoreleasing -Wno-strict-prototypes -Wno-semicolon-before-method-body -index-store-path /Users/buddhirajgautam/Library/Developer/Xcode/DerivedData/Telegram-Mac-fygdgghdgmuleoelvxabfmqiotta/Index.noindex/DataStore @/Users/buddhirajgautam/Library/Developer/Xcode/DerivedData/Telegram-Mac-fygdgghdgmuleoelvxabfmqiotta/Build/Intermediates.noindex/InAppVideoServices.build/Debug/InAppVideoServices-t.build/Objects-normal/arm64/e6072d4f65d7061329687fe24e3d63a7-common-args.resp -MMD -MT dependencies -MF /Users/buddhirajgautam/Library/Developer/Xcode/DerivedData/Telegram-Mac-fygdgghdgmuleoelvxabfmqiotta/Build/Intermediates.noindex/InAppVideoServices.build/Debug/InAppVideoServices-t.build/Objects-normal/arm64/XCDYouTubeLogger.d --serialize-diagnostics /Users/buddhirajgautam/Library/Developer/Xcode/DerivedData/Telegram-Mac-fygdgghdgmuleoelvxabfmqiotta/Build/Intermediates.noindex/InAppVideoServices.build/Debug/InAppVideoServices-t.build/Objects-normal/arm64/XCDYouTubeLogger.dia -c /Users/buddhirajgautam/Documents/Cherrygram-Mac/macOS-Swift/packages/InAppVideoServices/Sources/youtube/XCDYouTubeLogger.m -o /Users/buddhirajgautam/Library/Developer/Xcode/DerivedData/Telegram-Mac-fygdgghdgmuleoelvxabfmqiotta/Build/Intermediates.noindex/InAppVideoServices.build/Debug/InAppVideoServices-t.build/Objects-normal/arm64/XCDYouTubeLogger.o -index-unit-output-path /InAppVideoServices.build/Debug/InAppVideoServices-t.build/Objects-normal/arm64/XCDYouTubeLogger.o

ScanDependencies /Users/buddhirajgautam/Library/Developer/Xcode/DerivedData/Telegram-Mac-fygdgghdgmuleoelvxabfmqiotta/Build/Intermediates.noindex/InAppVideoServices.build/Debug/InAppVideoServices-t.build/Objects-normal/arm64/XCDYouTubeClient.o /Users/buddhirajgautam/Documents/Cherrygram-Mac/macOS-Swift/packages/InAppVideoServices/Sources/youtube/XCDYouTubeClient.m normal arm64 objective-c com.apple.compilers.llvm.clang.1_0.compiler (in target 'InAppVideoServices' from project 'InAppVideoServices')
    cd /Users/buddhirajgautam/Documents/Cherrygram-Mac/macOS-Swift
    
    Using response file: /Users/buddhirajgautam/Library/Developer/Xcode/DerivedData/Telegram-Mac-fygdgghdgmuleoelvxabfmqiotta/Build/Intermediates.noindex/InAppVideoServices.build/Debug/InAppVideoServices-t.build/Objects-normal/arm64/e6072d4f65d7061329687fe24e3d63a7-common-args.resp
    
    builtin-ScanDependencies -o /Users/buddhirajgautam/Library/Developer/Xcode/DerivedData/Telegram-Mac-fygdgghdgmuleoelvxabfmqiotta/Build/Intermediates.noindex/InAppVideoServices.build/Debug/InAppVideoServices-t.build/Objects-normal/arm64/XCDYouTubeClient.o.scan -- /Applications/Xcode.app/Contents/Developer/Toolchains/XcodeDefault.xctoolchain/usr/bin/clang -x objective-c -ivfsstatcache /Users/buddhirajgautam/Library/Developer/Xcode/DerivedData/SDKStatCaches.noindex/macosx27.0-26A425-e829b21a6f8c9b70876ba0858053c0447231f6df4def33e022ae2eb8f782df1a.sdkstatcache -target arm64-apple-macos12.0 -fmessage-length\=0 -fdiagnostics-show-note-include-stack -fmacro-backtrace-limit\=0 -fno-color-diagnostics -fmodules-prune-interval\=86400 -fmodules-prune-after\=345600 -fbuild-session-file\=/Users/buddhirajgautam/Library/Developer/Xcode/DerivedData/ModuleCache.noindex/Session.modulevalidation -fmodules-validate-once-per-build-session -Wnon-modular-include-in-framework-module -Werror\=non-modular-include-in-framework-module -Wno-trigraphs -Wno-missing-field-initializers -Wno-missing-prototypes -Wno-return-type -Wno-implicit-atomic-properties -Wno-objc-interface-ivars -Wno-arc-repeated-use-of-weak -Wno-missing-braces -Wparentheses -Wswitch -Wno-unused-function -Wno-unused-label -Wno-unused-parameter -Wno-unused-variable -Wunused-value -Wno-empty-body -Wno-uninitialized -Wno-unknown-pragmas -Wno-shadow -Wno-four-char-constants -Wno-conversion -Wno-constant-conversion -Wno-int-conversion -Wno-bool-conversion -Wno-enum-conversion -Wno-float-conversion -Wno-non-literal-null-conversion -Wno-objc-literal-conversion -Wshorten-64-to-32 -Wpointer-sign -Wno-newline-eof -Wno-selector -Wno-strict-selector-match -Wno-undeclared-selector -Wno-deprecated-implementations -Wno-implicit-fallthrough -isysroot /Applications/Xcode.app/Contents/Developer/Platforms/MacOSX.platform/Developer/SDKs/MacOSX27.0.sdk -fstrict-aliasing -Wprotocol -Wdeprecated-declarations -Wno-sign-conversion -Wno-infinite-recursion -Wno-comma -Wno-block-capture-autoreleasing -Wno-strict-prototypes -Wno-semicolon-before-method-body -index-store-path /Users/buddhirajgautam/Library/Developer/Xcode/DerivedData/Telegram-Mac-fygdgghdgmuleoelvxabfmqiotta/Index.noindex/DataStore @/Users/buddhirajgautam/Library/Developer/Xcode/DerivedData/Telegram-Mac-fygdgghdgmuleoelvxabfmqiotta/Build/Intermediates.noindex/InAppVideoServices.build/Debug/InAppVideoServices-t.build/Objects-normal/arm64/e6072d4f65d7061329687fe24e3d63a7-common-args.resp -MMD -MT dependencies -MF /Users/buddhirajgautam/Library/Developer/Xcode/DerivedData/Telegram-Mac-fygdgghdgmuleoelvxabfmqiotta/Build/Intermediates.noindex/InAppVideoServices.build/Debug/InAppVideoServices-t.build/Objects-normal/arm64/XCDYouTubeClient.d --serialize-diagnostics /Users/buddhirajgautam/Library/Developer/Xcode/DerivedData/Telegram-Mac-fygdgghdgmuleoelvxabfmqiotta/Build/Intermediates.noindex/InAppVideoServices.build/Debug/InAppVideoServices-t.build/Objects-normal/arm64/XCDYouTubeClient.dia -c /Users/buddhirajgautam/Documents/Cherrygram-Mac/macOS-Swift/packages/InAppVideoServices/Sources/youtube/XCDYouTubeClient.m -o /Users/buddhirajgautam/Library/Developer/Xcode/DerivedData/Telegram-Mac-fygdgghdgmuleoelvxabfmqiotta/Build/Intermediates.noindex/InAppVideoServices.build/Debug/InAppVideoServices-t.build/Objects-normal/arm64/XCDYouTubeClient.o -index-unit-output-path /InAppVideoServices.build/Debug/InAppVideoServices-t.build/Objects-normal/arm64/XCDYouTubeClient.o

CompileC /Users/buddhirajgautam/Library/Developer/Xcode/DerivedData/Telegram-Mac-fygdgghdgmuleoelvxabfmqiotta/Build/Intermediates.noindex/InAppVideoServices.build/Debug/InAppVideoServices-t.build/Objects-normal/arm64/XCDYouTubeVideo.o /Users/buddhirajgautam/Documents/Cherrygram-Mac/macOS-Swift/packages/InAppVideoServices/Sources/youtube/XCDYouTubeVideo.m normal arm64 objective-c com.apple.compilers.llvm.clang.1_0.compiler (in target 'InAppVideoServices' from project 'InAppVideoServices')
    cd /Users/buddhirajgautam/Documents/Cherrygram-Mac/macOS-Swift
    
    Using response file: /Users/buddhirajgautam/Library/Developer/Xcode/DerivedData/Telegram-Mac-fygdgghdgmuleoelvxabfmqiotta/Build/Intermediates.noindex/InAppVideoServices.build/Debug/InAppVideoServices-t.build/Objects-normal/arm64/e6072d4f65d7061329687fe24e3d63a7-common-args.resp
    
    /Applications/Xcode.app/Contents/Developer/Toolchains/XcodeDefault.xctoolchain/usr/bin/clang -x objective-c -ivfsstatcache /Users/buddhirajgautam/Library/Developer/Xcode/DerivedData/SDKStatCaches.noindex/macosx27.0-26A425-e829b21a6f8c9b70876ba0858053c0447231f6df4def33e022ae2eb8f782df1a.sdkstatcache -target arm64-apple-macos12.0 -fmessage-length\=0 -fdiagnostics-show-note-include-stack -fmacro-backtrace-limit\=0 -fno-color-diagnostics -fmodules-prune-interval\=86400 -fmodules-prune-after\=345600 -fbuild-session-file\=/Users/buddhirajgautam/Library/Developer/Xcode/DerivedData/ModuleCache.noindex/Session.modulevalidation -fmodules-validate-once-per-build-session -Wnon-modular-include-in-framework-module -Werror\=non-modular-include-in-framework-module -Wno-trigraphs -Wno-missing-field-initializers -Wno-missing-prototypes -Wno-return-type -Wno-implicit-atomic-properties -Wno-objc-interface-ivars -Wno-arc-repeated-use-of-weak -Wno-missing-braces -Wparentheses -Wswitch -Wno-unused-function -Wno-unused-label -Wno-unused-parameter -Wno-unused-variable -Wunused-value -Wno-empty-body -Wno-uninitialized -Wno-unknown-pragmas -Wno-shadow -Wno-four-char-constants -Wno-conversion -Wno-constant-conversion -Wno-int-conversion -Wno-bool-conversion -Wno-enum-conversion -Wno-float-conversion -Wno-non-literal-null-conversion -Wno-objc-literal-conversion -Wshorten-64-to-32 -Wpointer-sign -Wno-newline-eof -Wno-selector -Wno-strict-selector-match -Wno-undeclared-selector -Wno-deprecated-implementations -Wno-implicit-fallthrough -isysroot /Applications/Xcode.app/Contents/Developer/Platforms/MacOSX.platform/Developer/SDKs/MacOSX27.0.sdk -fstrict-aliasing -Wprotocol -Wdeprecated-declarations -Wno-sign-conversion -Wno-infinite-recursion -Wno-comma -Wno-block-capture-autoreleasing -Wno-strict-prototypes -Wno-semicolon-before-method-body -index-store-path /Users/buddhirajgautam/Library/Developer/Xcode/DerivedData/Telegram-Mac-fygdgghdgmuleoelvxabfmqiotta/Index.noindex/DataStore @/Users/buddhirajgautam/Library/Developer/Xcode/DerivedData/Telegram-Mac-fygdgghdgmuleoelvxabfmqiotta/Build/Intermediates.noindex/InAppVideoServices.build/Debug/InAppVideoServices-t.build/Objects-normal/arm64/e6072d4f65d7061329687fe24e3d63a7-common-args.resp -MMD -MT dependencies -MF /Users/buddhirajgautam/Library/Developer/Xcode/DerivedData/Telegram-Mac-fygdgghdgmuleoelvxabfmqiotta/Build/Intermediates.noindex/InAppVideoServices.build/Debug/InAppVideoServices-t.build/Objects-normal/arm64/XCDYouTubeVideo.d --serialize-diagnostics /Users/buddhirajgautam/Library/Developer/Xcode/DerivedData/Telegram-Mac-fygdgghdgmuleoelvxabfmqiotta/Build/Intermediates.noindex/InAppVideoServices.build/Debug/InAppVideoServices-t.build/Objects-normal/arm64/XCDYouTubeVideo.dia -c /Users/buddhirajgautam/Documents/Cherrygram-Mac/macOS-Swift/packages/InAppVideoServices/Sources/youtube/XCDYouTubeVideo.m -o /Users/buddhirajgautam/Library/Developer/Xcode/DerivedData/Telegram-Mac-fygdgghdgmuleoelvxabfmqiotta/Build/Intermediates.noindex/InAppVideoServices.build/Debug/InAppVideoServices-t.build/Objects-normal/arm64/XCDYouTubeVideo.o -index-unit-output-path /InAppVideoServices.build/Debug/InAppVideoServices-t.build/Objects-normal/arm64/XCDYouTubeVideo.o

ScanDependencies /Users/buddhirajgautam/Library/Developer/Xcode/DerivedData/Telegram-Mac-fygdgghdgmuleoelvxabfmqiotta/Build/Intermediates.noindex/HotKey.build/Debug/HotKey-t.build/Objects-normal/arm64/HotKeyUtilities.o /Users/buddhirajgautam/Documents/Cherrygram-Mac/macOS-Swift/packages/HotKey/Sources/HotKeyUtilities.m normal arm64 objective-c com.apple.compilers.llvm.clang.1_0.compiler (in target 'HotKey' from project 'HotKey')
    cd /Users/buddhirajgautam/Documents/Cherrygram-Mac/macOS-Swift
    
    Using response file: /Users/buddhirajgautam/Library/Developer/Xcode/DerivedData/Telegram-Mac-fygdgghdgmuleoelvxabfmqiotta/Build/Intermediates.noindex/HotKey.build/Debug/HotKey-t.build/Objects-normal/arm64/e6072d4f65d7061329687fe24e3d63a7-common-args.resp
    
    builtin-ScanDependencies -o /Users/buddhirajgautam/Library/Developer/Xcode/DerivedData/Telegram-Mac-fygdgghdgmuleoelvxabfmqiotta/Build/Intermediates.noindex/HotKey.build/Debug/HotKey-t.build/Objects-normal/arm64/HotKeyUtilities.o.scan -- /Applications/Xcode.app/Contents/Developer/Toolchains/XcodeDefault.xctoolchain/usr/bin/clang -x objective-c -ivfsstatcache /Users/buddhirajgautam/Library/Developer/Xcode/DerivedData/SDKStatCaches.noindex/macosx27.0-26A425-e829b21a6f8c9b70876ba0858053c0447231f6df4def33e022ae2eb8f782df1a.sdkstatcache -target arm64-apple-macos12.0 -fmessage-length\=0 -fdiagnostics-show-note-include-stack -fmacro-backtrace-limit\=0 -fno-color-diagnostics -fmodules-prune-interval\=86400 -fmodules-prune-after\=345600 -fbuild-session-file\=/Users/buddhirajgautam/Library/Developer/Xcode/DerivedData/ModuleCache.noindex/Session.modulevalidation -fmodules-validate-once-per-build-session -Wnon-modular-include-in-framework-module -Werror\=non-modular-include-in-framework-module -Wno-trigraphs -Wno-missing-field-initializers -Wno-missing-prototypes -Wno-return-type -Wno-implicit-atomic-properties -Wno-objc-interface-ivars -Wno-arc-repeated-use-of-weak -Wno-missing-braces -Wparentheses -Wswitch -Wno-unused-function -Wno-unused-label -Wno-unused-parameter -Wno-unused-variable -Wunused-value -Wno-empty-body -Wno-uninitialized -Wno-unknown-pragmas -Wno-shadow -Wno-four-char-constants -Wno-conversion -Wno-constant-conversion -Wno-int-conversion -Wno-bool-conversion -Wno-enum-conversion -Wno-float-conversion -Wno-non-literal-null-conversion -Wno-objc-literal-conversion -Wshorten-64-to-32 -Wpointer-sign -Wno-newline-eof -Wno-selector -Wno-strict-selector-match -Wno-undeclared-selector -Wno-deprecated-implementations -Wno-implicit-fallthrough -isysroot /Applications/Xcode.app/Contents/Developer/Platforms/MacOSX.platform/Developer/SDKs/MacOSX27.0.sdk -fstrict-aliasing -Wprotocol -Wdeprecated-declarations -Wno-sign-conversion -Wno-infinite-recursion -Wno-comma -Wno-block-capture-autoreleasing -Wno-strict-prototypes -Wno-semicolon-before-method-body -index-store-path /Users/buddhirajgautam/Library/Developer/Xcode/DerivedData/Telegram-Mac-fygdgghdgmuleoelvxabfmqiotta/Index.noindex/DataStore @/Users/buddhirajgautam/Library/Developer/Xcode/DerivedData/Telegram-Mac-fygdgghdgmuleoelvxabfmqiotta/Build/Intermediates.noindex/HotKey.build/Debug/HotKey-t.build/Objects-normal/arm64/e6072d4f65d7061329687fe24e3d63a7-common-args.resp -MMD -MT dependencies -MF /Users/buddhirajgautam/Library/Developer/Xcode/DerivedData/Telegram-Mac-fygdgghdgmuleoelvxabfmqiotta/Build/Intermediates.noindex/HotKey.build/Debug/HotKey-t.build/Objects-normal/arm64/HotKeyUtilities.d --serialize-diagnostics /Users/buddhirajgautam/Library/Developer/Xcode/DerivedData/Telegram-Mac-fygdgghdgmuleoelvxabfmqiotta/Build/Intermediates.noindex/HotKey.build/Debug/HotKey-t.build/Objects-normal/arm64/HotKeyUtilities.dia -c /Users/buddhirajgautam/Documents/Cherrygram-Mac/macOS-Swift/packages/HotKey/Sources/HotKeyUtilities.m -o /Users/buddhirajgautam/Library/Developer/Xcode/DerivedData/Telegram-Mac-fygdgghdgmuleoelvxabfmqiotta/Build/Intermediates.noindex/HotKey.build/Debug/HotKey-t.build/Objects-normal/arm64/HotKeyUtilities.o -index-unit-output-path /HotKey.build/Debug/HotKey-t.build/Objects-normal/arm64/HotKeyUtilities.o

CompileC /Users/buddhirajgautam/Library/Developer/Xcode/DerivedData/Telegram-Mac-fygdgghdgmuleoelvxabfmqiotta/Build/Intermediates.noindex/InAppVideoServices.build/Debug/InAppVideoServices-t.build/Objects-normal/arm64/XCDYouTubeClient.o /Users/buddhirajgautam/Documents/Cherrygram-Mac/macOS-Swift/packages/InAppVideoServices/Sources/youtube/XCDYouTubeClient.m normal arm64 objective-c com.apple.compilers.llvm.clang.1_0.compiler (in target 'InAppVideoServices' from project 'InAppVideoServices')
    cd /Users/buddhirajgautam/Documents/Cherrygram-Mac/macOS-Swift
    
    Using response file: /Users/buddhirajgautam/Library/Developer/Xcode/DerivedData/Telegram-Mac-fygdgghdgmuleoelvxabfmqiotta/Build/Intermediates.noindex/InAppVideoServices.build/Debug/InAppVideoServices-t.build/Objects-normal/arm64/e6072d4f65d7061329687fe24e3d63a7-common-args.resp
    
    /Applications/Xcode.app/Contents/Developer/Toolchains/XcodeDefault.xctoolchain/usr/bin/clang -x objective-c -ivfsstatcache /Users/buddhirajgautam/Library/Developer/Xcode/DerivedData/SDKStatCaches.noindex/macosx27.0-26A425-e829b21a6f8c9b70876ba0858053c0447231f6df4def33e022ae2eb8f782df1a.sdkstatcache -target arm64-apple-macos12.0 -fmessage-length\=0 -fdiagnostics-show-note-include-stack -fmacro-backtrace-limit\=0 -fno-color-diagnostics -fmodules-prune-interval\=86400 -fmodules-prune-after\=345600 -fbuild-session-file\=/Users/buddhirajgautam/Library/Developer/Xcode/DerivedData/ModuleCache.noindex/Session.modulevalidation -fmodules-validate-once-per-build-session -Wnon-modular-include-in-framework-module -Werror\=non-modular-include-in-framework-module -Wno-trigraphs -Wno-missing-field-initializers -Wno-missing-prototypes -Wno-return-type -Wno-implicit-atomic-properties -Wno-objc-interface-ivars -Wno-arc-repeated-use-of-weak -Wno-missing-braces -Wparentheses -Wswitch -Wno-unused-function -Wno-unused-label -Wno-unused-parameter -Wno-unused-variable -Wunused-value -Wno-empty-body -Wno-uninitialized -Wno-unknown-pragmas -Wno-shadow -Wno-four-char-constants -Wno-conversion -Wno-constant-conversion -Wno-int-conversion -Wno-bool-conversion -Wno-enum-conversion -Wno-float-conversion -Wno-non-literal-null-conversion -Wno-objc-literal-conversion -Wshorten-64-to-32 -Wpointer-sign -Wno-newline-eof -Wno-selector -Wno-strict-selector-match -Wno-undeclared-selector -Wno-deprecated-implementations -Wno-implicit-fallthrough -isysroot /Applications/Xcode.app/Contents/Developer/Platforms/MacOSX.platform/Developer/SDKs/MacOSX27.0.sdk -fstrict-aliasing -Wprotocol -Wdeprecated-declarations -Wno-sign-conversion -Wno-infinite-recursion -Wno-comma -Wno-block-capture-autoreleasing -Wno-strict-prototypes -Wno-semicolon-before-method-body -index-store-path /Users/buddhirajgautam/Library/Developer/Xcode/DerivedData/Telegram-Mac-fygdgghdgmuleoelvxabfmqiotta/Index.noindex/DataStore @/Users/buddhirajgautam/Library/Developer/Xcode/DerivedData/Telegram-Mac-fygdgghdgmuleoelvxabfmqiotta/Build/Intermediates.noindex/InAppVideoServices.build/Debug/InAppVideoServices-t.build/Objects-normal/arm64/e6072d4f65d7061329687fe24e3d63a7-common-args.resp -MMD -MT dependencies -MF /Users/buddhirajgautam/Library/Developer/Xcode/DerivedData/Telegram-Mac-fygdgghdgmuleoelvxabfmqiotta/Build/Intermediates.noindex/InAppVideoServices.build/Debug/InAppVideoServices-t.build/Objects-normal/arm64/XCDYouTubeClient.d --serialize-diagnostics /Users/buddhirajgautam/Library/Developer/Xcode/DerivedData/Telegram-Mac-fygdgghdgmuleoelvxabfmqiotta/Build/Intermediates.noindex/InAppVideoServices.build/Debug/InAppVideoServices-t.build/Objects-normal/arm64/XCDYouTubeClient.dia -c /Users/buddhirajgautam/Documents/Cherrygram-Mac/macOS-Swift/packages/InAppVideoServices/Sources/youtube/XCDYouTubeClient.m -o /Users/buddhirajgautam/Library/Developer/Xcode/DerivedData/Telegram-Mac-fygdgghdgmuleoelvxabfmqiotta/Build/Intermediates.noindex/InAppVideoServices.build/Debug/InAppVideoServices-t.build/Objects-normal/arm64/XCDYouTubeClient.o -index-unit-output-path /InAppVideoServices.build/Debug/InAppVideoServices-t.build/Objects-normal/arm64/XCDYouTubeClient.o

CompileC /Users/buddhirajgautam/Library/Developer/Xcode/DerivedData/Telegram-Mac-fygdgghdgmuleoelvxabfmqiotta/Build/Intermediates.noindex/InAppVideoServices.build/Debug/InAppVideoServices-t.build/Objects-normal/arm64/XCDYouTubeLogger.o /Users/buddhirajgautam/Documents/Cherrygram-Mac/macOS-Swift/packages/InAppVideoServices/Sources/youtube/XCDYouTubeLogger.m normal arm64 objective-c com.apple.compilers.llvm.clang.1_0.compiler (in target 'InAppVideoServices' from project 'InAppVideoServices')
    cd /Users/buddhirajgautam/Documents/Cherrygram-Mac/macOS-Swift
    
    Using response file: /Users/buddhirajgautam/Library/Developer/Xcode/DerivedData/Telegram-Mac-fygdgghdgmuleoelvxabfmqiotta/Build/Intermediates.noindex/InAppVideoServices.build/Debug/InAppVideoServices-t.build/Objects-normal/arm64/e6072d4f65d7061329687fe24e3d63a7-common-args.resp
    
    /Applications/Xcode.app/Contents/Developer/Toolchains/XcodeDefault.xctoolchain/usr/bin/clang -x objective-c -ivfsstatcache /Users/buddhirajgautam/Library/Developer/Xcode/DerivedData/SDKStatCaches.noindex/macosx27.0-26A425-e829b21a6f8c9b70876ba0858053c0447231f6df4def33e022ae2eb8f782df1a.sdkstatcache -target arm64-apple-macos12.0 -fmessage-length\=0 -fdiagnostics-show-note-include-stack -fmacro-backtrace-limit\=0 -fno-color-diagnostics -fmodules-prune-interval\=86400 -fmodules-prune-after\=345600 -fbuild-session-file\=/Users/buddhirajgautam/Library/Developer/Xcode/DerivedData/ModuleCache.noindex/Session.modulevalidation -fmodules-validate-once-per-build-session -Wnon-modular-include-in-framework-module -Werror\=non-modular-include-in-framework-module -Wno-trigraphs -Wno-missing-field-initializers -Wno-missing-prototypes -Wno-return-type -Wno-implicit-atomic-properties -Wno-objc-interface-ivars -Wno-arc-repeated-use-of-weak -Wno-missing-braces -Wparentheses -Wswitch -Wno-unused-function -Wno-unused-label -Wno-unused-parameter -Wno-unused-variable -Wunused-value -Wno-empty-body -Wno-uninitialized -Wno-unknown-pragmas -Wno-shadow -Wno-four-char-constants -Wno-conversion -Wno-constant-conversion -Wno-int-conversion -Wno-bool-conversion -Wno-enum-conversion -Wno-float-conversion -Wno-non-literal-null-conversion -Wno-objc-literal-conversion -Wshorten-64-to-32 -Wpointer-sign -Wno-newline-eof -Wno-selector -Wno-strict-selector-match -Wno-undeclared-selector -Wno-deprecated-implementations -Wno-implicit-fallthrough -isysroot /Applications/Xcode.app/Contents/Developer/Platforms/MacOSX.platform/Developer/SDKs/MacOSX27.0.sdk -fstrict-aliasing -Wprotocol -Wdeprecated-declarations -Wno-sign-conversion -Wno-infinite-recursion -Wno-comma -Wno-block-capture-autoreleasing -Wno-strict-prototypes -Wno-semicolon-before-method-body -index-store-path /Users/buddhirajgautam/Library/Developer/Xcode/DerivedData/Telegram-Mac-fygdgghdgmuleoelvxabfmqiotta/Index.noindex/DataStore @/Users/buddhirajgautam/Library/Developer/Xcode/DerivedData/Telegram-Mac-fygdgghdgmuleoelvxabfmqiotta/Build/Intermediates.noindex/InAppVideoServices.build/Debug/InAppVideoServices-t.build/Objects-normal/arm64/e6072d4f65d7061329687fe24e3d63a7-common-args.resp -MMD -MT dependencies -MF /Users/buddhirajgautam/Library/Developer/Xcode/DerivedData/Telegram-Mac-fygdgghdgmuleoelvxabfmqiotta/Build/Intermediates.noindex/InAppVideoServices.build/Debug/InAppVideoServices-t.build/Objects-normal/arm64/XCDYouTubeLogger.d --serialize-diagnostics /Users/buddhirajgautam/Library/Developer/Xcode/DerivedData/Telegram-Mac-fygdgghdgmuleoelvxabfmqiotta/Build/Intermediates.noindex/InAppVideoServices.build/Debug/InAppVideoServices-t.build/Objects-normal/arm64/XCDYouTubeLogger.dia -c /Users/buddhirajgautam/Documents/Cherrygram-Mac/macOS-Swift/packages/InAppVideoServices/Sources/youtube/XCDYouTubeLogger.m -o /Users/buddhirajgautam/Library/Developer/Xcode/DerivedData/Telegram-Mac-fygdgghdgmuleoelvxabfmqiotta/Build/Intermediates.noindex/InAppVideoServices.build/Debug/InAppVideoServices-t.build/Objects-normal/arm64/XCDYouTubeLogger.o -index-unit-output-path /InAppVideoServices.build/Debug/InAppVideoServices-t.build/Objects-normal/arm64/XCDYouTubeLogger.o

PrecompileModule /Users/buddhirajgautam/Library/Developer/Xcode/DerivedData/Telegram-Mac-fygdgghdgmuleoelvxabfmqiotta/Build/Intermediates.noindex/ExplicitPrecompiledModules/JavaScriptCore-DI3CM6U0DAUA59DSFTEY33IX4.scan
    cd /
    builtin-precompileModule /Users/buddhirajgautam/Library/Developer/Xcode/DerivedData/Telegram-Mac-fygdgghdgmuleoelvxabfmqiotta/Build/Intermediates.noindex/ExplicitPrecompiledModules/JavaScriptCore-DI3CM6U0DAUA59DSFTEY33IX4.scan

CompileC /Users/buddhirajgautam/Library/Developer/Xcode/DerivedData/Telegram-Mac-fygdgghdgmuleoelvxabfmqiotta/Build/Intermediates.noindex/Mozjpeg.build/Debug/Mozjpeg-t.build/Objects-normal/arm64/Mozjpeg.o /Users/buddhirajgautam/Documents/Cherrygram-Mac/macOS-Swift/submodules/Mozjpeg/Sources/Mozjpeg.m normal arm64 objective-c com.apple.compilers.llvm.clang.1_0.compiler (in target 'Mozjpeg' from project 'Mozjpeg')
    cd /Users/buddhirajgautam/Documents/Cherrygram-Mac/macOS-Swift
    
    Using response file: /Users/buddhirajgautam/Library/Developer/Xcode/DerivedData/Telegram-Mac-fygdgghdgmuleoelvxabfmqiotta/Build/Intermediates.noindex/Mozjpeg.build/Debug/Mozjpeg-t.build/Objects-normal/arm64/e6072d4f65d7061329687fe24e3d63a7-common-args.resp
    
    /Applications/Xcode.app/Contents/Developer/Toolchains/XcodeDefault.xctoolchain/usr/bin/clang -x objective-c -ivfsstatcache /Users/buddhirajgautam/Library/Developer/Xcode/DerivedData/SDKStatCaches.noindex/macosx27.0-26A425-e829b21a6f8c9b70876ba0858053c0447231f6df4def33e022ae2eb8f782df1a.sdkstatcache -target arm64-apple-macos12.0 -fmessage-length\=0 -fdiagnostics-show-note-include-stack -fmacro-backtrace-limit\=0 -fno-color-diagnostics -fmodules-prune-interval\=86400 -fmodules-prune-after\=345600 -fbuild-session-file\=/Users/buddhirajgautam/Library/Developer/Xcode/DerivedData/ModuleCache.noindex/Session.modulevalidation -fmodules-validate-once-per-build-session -Wnon-modular-include-in-framework-module -Werror\=non-modular-include-in-framework-module -Wno-trigraphs -Wno-missing-field-initializers -Wno-missing-prototypes -Wno-return-type -Wno-implicit-atomic-properties -Wno-objc-interface-ivars -Wno-arc-repeated-use-of-weak -Wno-missing-braces -Wparentheses -Wswitch -Wno-unused-function -Wno-unused-label -Wno-unused-parameter -Wno-unused-variable -Wunused-value -Wno-empty-body -Wno-uninitialized -Wno-unknown-pragmas -Wno-shadow -Wno-four-char-constants -Wno-conversion -Wno-constant-conversion -Wno-int-conversion -Wno-bool-conversion -Wno-enum-conversion -Wno-float-conversion -Wno-non-literal-null-conversion -Wno-objc-literal-conversion -Wshorten-64-to-32 -Wpointer-sign -Wno-newline-eof -Wno-selector -Wno-strict-selector-match -Wno-undeclared-selector -Wno-deprecated-implementations -Wno-implicit-fallthrough -isysroot /Applications/Xcode.app/Contents/Developer/Platforms/MacOSX.platform/Developer/SDKs/MacOSX27.0.sdk -fstrict-aliasing -Wprotocol -Wdeprecated-declarations -Wno-sign-conversion -Wno-infinite-recursion -Wno-comma -Wno-block-capture-autoreleasing -Wno-strict-prototypes -Wno-semicolon-before-method-body -index-store-path /Users/buddhirajgautam/Library/Developer/Xcode/DerivedData/Telegram-Mac-fygdgghdgmuleoelvxabfmqiotta/Index.noindex/DataStore @/Users/buddhirajgautam/Library/Developer/Xcode/DerivedData/Telegram-Mac-fygdgghdgmuleoelvxabfmqiotta/Build/Intermediates.noindex/Mozjpeg.build/Debug/Mozjpeg-t.build/Objects-normal/arm64/e6072d4f65d7061329687fe24e3d63a7-common-args.resp -MMD -MT dependencies -MF /Users/buddhirajgautam/Library/Developer/Xcode/DerivedData/Telegram-Mac-fygdgghdgmuleoelvxabfmqiotta/Build/Intermediates.noindex/Mozjpeg.build/Debug/Mozjpeg-t.build/Objects-normal/arm64/Mozjpeg.d --serialize-diagnostics /Users/buddhirajgautam/Library/Developer/Xcode/DerivedData/Telegram-Mac-fygdgghdgmuleoelvxabfmqiotta/Build/Intermediates.noindex/Mozjpeg.build/Debug/Mozjpeg-t.build/Objects-normal/arm64/Mozjpeg.dia -c /Users/buddhirajgautam/Documents/Cherrygram-Mac/macOS-Swift/submodules/Mozjpeg/Sources/Mozjpeg.m -o /Users/buddhirajgautam/Library/Developer/Xcode/DerivedData/Telegram-Mac-fygdgghdgmuleoelvxabfmqiotta/Build/Intermediates.noindex/Mozjpeg.build/Debug/Mozjpeg-t.build/Objects-normal/arm64/Mozjpeg.o -index-unit-output-path /Mozjpeg.build/Debug/Mozjpeg-t.build/Objects-normal/arm64/Mozjpeg.o

ScanDependencies /Users/buddhirajgautam/Library/Developer/Xcode/DerivedData/Telegram-Mac-fygdgghdgmuleoelvxabfmqiotta/Build/Intermediates.noindex/HackUtils.build/Debug/HackUtils-t.build/Objects-normal/arm64/HackUtils.o /Users/buddhirajgautam/Documents/Cherrygram-Mac/macOS-Swift/packages/HackUtils/Sources/HackUtils/HackUtils.m normal arm64 objective-c com.apple.compilers.llvm.clang.1_0.compiler (in target 'HackUtils' from project 'HackUtils')
    cd /Users/buddhirajgautam/Documents/Cherrygram-Mac/macOS-Swift
    
    Using response file: /Users/buddhirajgautam/Library/Developer/Xcode/DerivedData/Telegram-Mac-fygdgghdgmuleoelvxabfmqiotta/Build/Intermediates.noindex/HackUtils.build/Debug/HackUtils-t.build/Objects-normal/arm64/e6072d4f65d7061329687fe24e3d63a7-common-args.resp
    
    builtin-ScanDependencies -o /Users/buddhirajgautam/Library/Developer/Xcode/DerivedData/Telegram-Mac-fygdgghdgmuleoelvxabfmqiotta/Build/Intermediates.noindex/HackUtils.build/Debug/HackUtils-t.build/Objects-normal/arm64/HackUtils.o.scan -- /Applications/Xcode.app/Contents/Developer/Toolchains/XcodeDefault.xctoolchain/usr/bin/clang -x objective-c -ivfsstatcache /Users/buddhirajgautam/Library/Developer/Xcode/DerivedData/SDKStatCaches.noindex/macosx27.0-26A425-e829b21a6f8c9b70876ba0858053c0447231f6df4def33e022ae2eb8f782df1a.sdkstatcache -target arm64-apple-macos12.0 -fmessage-length\=0 -fdiagnostics-show-note-include-stack -fmacro-backtrace-limit\=0 -fno-color-diagnostics -fmodules-prune-interval\=86400 -fmodules-prune-after\=345600 -fbuild-session-file\=/Users/buddhirajgautam/Library/Developer/Xcode/DerivedData/ModuleCache.noindex/Session.modulevalidation -fmodules-validate-once-per-build-session -Wnon-modular-include-in-framework-module -Werror\=non-modular-include-in-framework-module -Wno-trigraphs -Wno-missing-field-initializers -Wno-missing-prototypes -Wno-return-type -Wno-implicit-atomic-properties -Wno-objc-interface-ivars -Wno-arc-repeated-use-of-weak -Wno-missing-braces -Wparentheses -Wswitch -Wno-unused-function -Wno-unused-label -Wno-unused-parameter -Wno-unused-variable -Wunused-value -Wno-empty-body -Wno-uninitialized -Wno-unknown-pragmas -Wno-shadow -Wno-four-char-constants -Wno-conversion -Wno-constant-conversion -Wno-int-conversion -Wno-bool-conversion -Wno-enum-conversion -Wno-float-conversion -Wno-non-literal-null-conversion -Wno-objc-literal-conversion -Wshorten-64-to-32 -Wpointer-sign -Wno-newline-eof -Wno-selector -Wno-strict-selector-match -Wno-undeclared-selector -Wno-deprecated-implementations -Wno-implicit-fallthrough -isysroot /Applications/Xcode.app/Contents/Developer/Platforms/MacOSX.platform/Developer/SDKs/MacOSX27.0.sdk -fstrict-aliasing -Wprotocol -Wdeprecated-declarations -Wno-sign-conversion -Wno-infinite-recursion -Wno-comma -Wno-block-capture-autoreleasing -Wno-strict-prototypes -Wno-semicolon-before-method-body -index-store-path /Users/buddhirajgautam/Library/Developer/Xcode/DerivedData/Telegram-Mac-fygdgghdgmuleoelvxabfmqiotta/Index.noindex/DataStore @/Users/buddhirajgautam/Library/Developer/Xcode/DerivedData/Telegram-Mac-fygdgghdgmuleoelvxabfmqiotta/Build/Intermediates.noindex/HackUtils.build/Debug/HackUtils-t.build/Objects-normal/arm64/e6072d4f65d7061329687fe24e3d63a7-common-args.resp -MMD -MT dependencies -MF /Users/buddhirajgautam/Library/Developer/Xcode/DerivedData/Telegram-Mac-fygdgghdgmuleoelvxabfmqiotta/Build/Intermediates.noindex/HackUtils.build/Debug/HackUtils-t.build/Objects-normal/arm64/HackUtils.d --serialize-diagnostics /Users/buddhirajgautam/Library/Developer/Xcode/DerivedData/Telegram-Mac-fygdgghdgmuleoelvxabfmqiotta/Build/Intermediates.noindex/HackUtils.build/Debug/HackUtils-t.build/Objects-normal/arm64/HackUtils.dia -c /Users/buddhirajgautam/Documents/Cherrygram-Mac/macOS-Swift/packages/HackUtils/Sources/HackUtils/HackUtils.m -o /Users/buddhirajgautam/Library/Developer/Xcode/DerivedData/Telegram-Mac-fygdgghdgmuleoelvxabfmqiotta/Build/Intermediates.noindex/HackUtils.build/Debug/HackUtils-t.build/Objects-normal/arm64/HackUtils.o -index-unit-output-path /HackUtils.build/Debug/HackUtils-t.build/Objects-normal/arm64/HackUtils.o

SwiftCompile normal arm64 Compiling\ DailyBarsChartController.swift,\ LinesComponentController.swift,\ StackedBarsChartController.swift,\ StepBarsChartController.swift,\ TwoAxisStepBarsChartController.swift,\ BarChartRenderer.swift /Users/buddhirajgautam/Documents/Cherrygram-Mac/macOS-Swift/submodules/telegram-ios/submodules/GraphCore/Sources/Charts/Controllers/Stacked\ Bars/DailyBarsChartController.swift /Users/buddhirajgautam/Documents/Cherrygram-Mac/macOS-Swift/submodules/telegram-ios/submodules/GraphCore/Sources/Charts/Controllers/Stacked\ Bars/LinesComponentController.swift /Users/buddhirajgautam/Documents/Cherrygram-Mac/macOS-Swift/submodules/telegram-ios/submodules/GraphCore/Sources/Charts/Controllers/Stacked\ Bars/StackedBarsChartController.swift /Users/buddhirajgautam/Documents/Cherrygram-Mac/macOS-Swift/submodules/telegram-ios/submodules/GraphCore/Sources/Charts/Controllers/Stacked\ Bars/StepBarsChartController.swift /Users/buddhirajgautam/Documents/Cherrygram-Mac/macOS-Swift/submodules/telegram-ios/submodules/GraphCore/Sources/Charts/Controllers/Stacked\ Bars/TwoAxisStepBarsChartController.swift /Users/buddhirajgautam/Documents/Cherrygram-Mac/macOS-Swift/submodules/telegram-ios/submodules/GraphCore/Sources/Charts/Renderes/BarChartRenderer.swift (in target 'GraphCore' from project 'GraphCore')

SwiftCompile normal arm64 /Users/buddhirajgautam/Documents/Cherrygram-Mac/macOS-Swift/submodules/telegram-ios/submodules/GraphCore/Sources/Charts/Controllers/Stacked\ Bars/DailyBarsChartController.swift (in target 'GraphCore' from project 'GraphCore')
    cd /Users/buddhirajgautam/Documents/Cherrygram-Mac/macOS-Swift
    builtin-SwiftPerFileCompile DailyBarsChartController.swift

SwiftCompile normal arm64 /Users/buddhirajgautam/Documents/Cherrygram-Mac/macOS-Swift/submodules/telegram-ios/submodules/GraphCore/Sources/Charts/Controllers/Stacked\ Bars/LinesComponentController.swift (in target 'GraphCore' from project 'GraphCore')
    cd /Users/buddhirajgautam/Documents/Cherrygram-Mac/macOS-Swift
    builtin-SwiftPerFileCompile LinesComponentController.swift

SwiftCompile normal arm64 /Users/buddhirajgautam/Documents/Cherrygram-Mac/macOS-Swift/submodules/telegram-ios/submodules/GraphCore/Sources/Charts/Controllers/Stacked\ Bars/StackedBarsChartController.swift (in target 'GraphCore' from project 'GraphCore')
    cd /Users/buddhirajgautam/Documents/Cherrygram-Mac/macOS-Swift
    builtin-SwiftPerFileCompile StackedBarsChartController.swift

SwiftCompile normal arm64 /Users/buddhirajgautam/Documents/Cherrygram-Mac/macOS-Swift/submodules/telegram-ios/submodules/GraphCore/Sources/Charts/Controllers/Stacked\ Bars/StepBarsChartController.swift (in target 'GraphCore' from project 'GraphCore')
    cd /Users/buddhirajgautam/Documents/Cherrygram-Mac/macOS-Swift
    builtin-SwiftPerFileCompile StepBarsChartController.swift

SwiftCompile normal arm64 /Users/buddhirajgautam/Documents/Cherrygram-Mac/macOS-Swift/submodules/telegram-ios/submodules/GraphCore/Sources/Charts/Controllers/Stacked\ Bars/TwoAxisStepBarsChartController.swift (in target 'GraphCore' from project 'GraphCore')
    cd /Users/buddhirajgautam/Documents/Cherrygram-Mac/macOS-Swift
    builtin-SwiftPerFileCompile TwoAxisStepBarsChartController.swift

SwiftCompile normal arm64 /Users/buddhirajgautam/Documents/Cherrygram-Mac/macOS-Swift/submodules/telegram-ios/submodules/GraphCore/Sources/Charts/Renderes/BarChartRenderer.swift (in target 'GraphCore' from project 'GraphCore')
    cd /Users/buddhirajgautam/Documents/Cherrygram-Mac/macOS-Swift
    builtin-SwiftPerFileCompile BarChartRenderer.swift

SwiftCompile normal arm64 Compiling\ BaseLinesChartController.swift,\ GeneralLinesChartController.swift,\ TwoAxisLinesChartController.swift,\ PercentChartComponentController.swift,\ PercentPieChartController.swift,\ PieChartComponentController.swift,\ BarsComponentController.swift /Users/buddhirajgautam/Documents/Cherrygram-Mac/macOS-Swift/submodules/telegram-ios/submodules/GraphCore/Sources/Charts/Controllers/Lines/BaseLinesChartController.swift /Users/buddhirajgautam/Documents/Cherrygram-Mac/macOS-Swift/submodules/telegram-ios/submodules/GraphCore/Sources/Charts/Controllers/Lines/GeneralLinesChartController.swift /Users/buddhirajgautam/Documents/Cherrygram-Mac/macOS-Swift/submodules/telegram-ios/submodules/GraphCore/Sources/Charts/Controllers/Lines/TwoAxisLinesChartController.swift /Users/buddhirajgautam/Documents/Cherrygram-Mac/macOS-Swift/submodules/telegram-ios/submodules/GraphCore/Sources/Charts/Controllers/Percent\ And\ Pie/PercentChartComponentController.swift /Users/buddhirajgautam/Documents/Cherrygram-Mac/macOS-Swift/submodules/telegram-ios/submodules/GraphCore/Sources/Charts/Controllers/Percent\ And\ Pie/PercentPieChartController.swift /Users/buddhirajgautam/Documents/Cherrygram-Mac/macOS-Swift/submodules/telegram-ios/submodules/GraphCore/Sources/Charts/Controllers/Percent\ And\ Pie/PieChartComponentController.swift /Users/buddhirajgautam/Documents/Cherrygram-Mac/macOS-Swift/submodules/telegram-ios/submodules/GraphCore/Sources/Charts/Controllers/Stacked\ Bars/BarsComponentController.swift (in target 'GraphCore' from project 'GraphCore')

SwiftCompile normal arm64 /Users/buddhirajgautam/Documents/Cherrygram-Mac/macOS-Swift/submodules/telegram-ios/submodules/GraphCore/Sources/Charts/Controllers/Lines/BaseLinesChartController.swift (in target 'GraphCore' from project 'GraphCore')
    cd /Users/buddhirajgautam/Documents/Cherrygram-Mac/macOS-Swift
    builtin-SwiftPerFileCompile BaseLinesChartController.swift

SwiftCompile normal arm64 /Users/buddhirajgautam/Documents/Cherrygram-Mac/macOS-Swift/submodules/telegram-ios/submodules/GraphCore/Sources/Charts/Controllers/Lines/GeneralLinesChartController.swift (in target 'GraphCore' from project 'GraphCore')
    cd /Users/buddhirajgautam/Documents/Cherrygram-Mac/macOS-Swift
    builtin-SwiftPerFileCompile GeneralLinesChartController.swift

SwiftCompile normal arm64 /Users/buddhirajgautam/Documents/Cherrygram-Mac/macOS-Swift/submodules/telegram-ios/submodules/GraphCore/Sources/Charts/Controllers/Lines/TwoAxisLinesChartController.swift (in target 'GraphCore' from project 'GraphCore')
    cd /Users/buddhirajgautam/Documents/Cherrygram-Mac/macOS-Swift
    builtin-SwiftPerFileCompile TwoAxisLinesChartController.swift

SwiftCompile normal arm64 /Users/buddhirajgautam/Documents/Cherrygram-Mac/macOS-Swift/submodules/telegram-ios/submodules/GraphCore/Sources/Charts/Controllers/Percent\ And\ Pie/PercentChartComponentController.swift (in target 'GraphCore' from project 'GraphCore')
    cd /Users/buddhirajgautam/Documents/Cherrygram-Mac/macOS-Swift
    builtin-SwiftPerFileCompile PercentChartComponentController.swift

SwiftCompile normal arm64 /Users/buddhirajgautam/Documents/Cherrygram-Mac/macOS-Swift/submodules/telegram-ios/submodules/GraphCore/Sources/Charts/Controllers/Percent\ And\ Pie/PercentPieChartController.swift (in target 'GraphCore' from project 'GraphCore')
    cd /Users/buddhirajgautam/Documents/Cherrygram-Mac/macOS-Swift
    builtin-SwiftPerFileCompile PercentPieChartController.swift

SwiftCompile normal arm64 /Users/buddhirajgautam/Documents/Cherrygram-Mac/macOS-Swift/submodules/telegram-ios/submodules/GraphCore/Sources/Charts/Controllers/Percent\ And\ Pie/PieChartComponentController.swift (in target 'GraphCore' from project 'GraphCore')
    cd /Users/buddhirajgautam/Documents/Cherrygram-Mac/macOS-Swift
    builtin-SwiftPerFileCompile PieChartComponentController.swift

SwiftCompile normal arm64 /Users/buddhirajgautam/Documents/Cherrygram-Mac/macOS-Swift/submodules/telegram-ios/submodules/GraphCore/Sources/Charts/Controllers/Stacked\ Bars/BarsComponentController.swift (in target 'GraphCore' from project 'GraphCore')
    cd /Users/buddhirajgautam/Documents/Cherrygram-Mac/macOS-Swift
    builtin-SwiftPerFileCompile BarsComponentController.swift

SwiftCompile normal arm64 Compiling\ NumberFormatter+Utils.swift,\ ScalesNumberFormatter.swift,\ TextUtils.swift,\ TimeInterval+Utils.swift,\ TimeZone.swift,\ UIColor+Utils.swift /Users/buddhirajgautam/Documents/Cherrygram-Mac/macOS-Swift/submodules/telegram-ios/submodules/GraphCore/Sources/Helpers/NumberFormatter+Utils.swift /Users/buddhirajgautam/Documents/Cherrygram-Mac/macOS-Swift/submodules/telegram-ios/submodules/GraphCore/Sources/Helpers/ScalesNumberFormatter.swift /Users/buddhirajgautam/Documents/Cherrygram-Mac/macOS-Swift/submodules/telegram-ios/submodules/GraphCore/Sources/Helpers/TextUtils.swift /Users/buddhirajgautam/Documents/Cherrygram-Mac/macOS-Swift/submodules/telegram-ios/submodules/GraphCore/Sources/Helpers/TimeInterval+Utils.swift /Users/buddhirajgautam/Documents/Cherrygram-Mac/macOS-Swift/submodules/telegram-ios/submodules/GraphCore/Sources/Helpers/TimeZone.swift /Users/buddhirajgautam/Documents/Cherrygram-Mac/macOS-Swift/submodules/telegram-ios/submodules/GraphCore/Sources/Helpers/UIColor+Utils.swift (in target 'GraphCore' from project 'GraphCore')

SwiftCompile normal arm64 /Users/buddhirajgautam/Documents/Cherrygram-Mac/macOS-Swift/submodules/telegram-ios/submodules/GraphCore/Sources/Helpers/NumberFormatter+Utils.swift (in target 'GraphCore' from project 'GraphCore')
    cd /Users/buddhirajgautam/Documents/Cherrygram-Mac/macOS-Swift
    builtin-SwiftPerFileCompile NumberFormatter+Utils.swift

SwiftCompile normal arm64 /Users/buddhirajgautam/Documents/Cherrygram-Mac/macOS-Swift/submodules/telegram-ios/submodules/GraphCore/Sources/Helpers/ScalesNumberFormatter.swift (in target 'GraphCore' from project 'GraphCore')
    cd /Users/buddhirajgautam/Documents/Cherrygram-Mac/macOS-Swift
    builtin-SwiftPerFileCompile ScalesNumberFormatter.swift

SwiftCompile normal arm64 /Users/buddhirajgautam/Documents/Cherrygram-Mac/macOS-Swift/submodules/telegram-ios/submodules/GraphCore/Sources/Helpers/TextUtils.swift (in target 'GraphCore' from project 'GraphCore')
    cd /Users/buddhirajgautam/Documents/Cherrygram-Mac/macOS-Swift
    builtin-SwiftPerFileCompile TextUtils.swift

SwiftCompile normal arm64 /Users/buddhirajgautam/Documents/Cherrygram-Mac/macOS-Swift/submodules/telegram-ios/submodules/GraphCore/Sources/Helpers/TimeInterval+Utils.swift (in target 'GraphCore' from project 'GraphCore')
    cd /Users/buddhirajgautam/Documents/Cherrygram-Mac/macOS-Swift
    builtin-SwiftPerFileCompile TimeInterval+Utils.swift

SwiftCompile normal arm64 /Users/buddhirajgautam/Documents/Cherrygram-Mac/macOS-Swift/submodules/telegram-ios/submodules/GraphCore/Sources/Helpers/TimeZone.swift (in target 'GraphCore' from project 'GraphCore')
    cd /Users/buddhirajgautam/Documents/Cherrygram-Mac/macOS-Swift
    builtin-SwiftPerFileCompile TimeZone.swift

SwiftCompile normal arm64 /Users/buddhirajgautam/Documents/Cherrygram-Mac/macOS-Swift/submodules/telegram-ios/submodules/GraphCore/Sources/Helpers/UIColor+Utils.swift (in target 'GraphCore' from project 'GraphCore')
    cd /Users/buddhirajgautam/Documents/Cherrygram-Mac/macOS-Swift
    builtin-SwiftPerFileCompile UIColor+Utils.swift

CompileC /Users/buddhirajgautam/Library/Developer/Xcode/DerivedData/Telegram-Mac-fygdgghdgmuleoelvxabfmqiotta/Build/Intermediates.noindex/InAppVideoServices.build/Debug/InAppVideoServices-t.build/Objects-normal/arm64/XCDYouTubePlayerScript.o /Users/buddhirajgautam/Documents/Cherrygram-Mac/macOS-Swift/packages/InAppVideoServices/Sources/youtube/XCDYouTubePlayerScript.m normal arm64 objective-c com.apple.compilers.llvm.clang.1_0.compiler (in target 'InAppVideoServices' from project 'InAppVideoServices')
    cd /Users/buddhirajgautam/Documents/Cherrygram-Mac/macOS-Swift
    
    Using response file: /Users/buddhirajgautam/Library/Developer/Xcode/DerivedData/Telegram-Mac-fygdgghdgmuleoelvxabfmqiotta/Build/Intermediates.noindex/InAppVideoServices.build/Debug/InAppVideoServices-t.build/Objects-normal/arm64/e6072d4f65d7061329687fe24e3d63a7-common-args.resp
    
    /Applications/Xcode.app/Contents/Developer/Toolchains/XcodeDefault.xctoolchain/usr/bin/clang -x objective-c -ivfsstatcache /Users/buddhirajgautam/Library/Developer/Xcode/DerivedData/SDKStatCaches.noindex/macosx27.0-26A425-e829b21a6f8c9b70876ba0858053c0447231f6df4def33e022ae2eb8f782df1a.sdkstatcache -target arm64-apple-macos12.0 -fmessage-length\=0 -fdiagnostics-show-note-include-stack -fmacro-backtrace-limit\=0 -fno-color-diagnostics -fmodules-prune-interval\=86400 -fmodules-prune-after\=345600 -fbuild-session-file\=/Users/buddhirajgautam/Library/Developer/Xcode/DerivedData/ModuleCache.noindex/Session.modulevalidation -fmodules-validate-once-per-build-session -Wnon-modular-include-in-framework-module -Werror\=non-modular-include-in-framework-module -Wno-trigraphs -Wno-missing-field-initializers -Wno-missing-prototypes -Wno-return-type -Wno-implicit-atomic-properties -Wno-objc-interface-ivars -Wno-arc-repeated-use-of-weak -Wno-missing-braces -Wparentheses -Wswitch -Wno-unused-function -Wno-unused-label -Wno-unused-parameter -Wno-unused-variable -Wunused-value -Wno-empty-body -Wno-uninitialized -Wno-unknown-pragmas -Wno-shadow -Wno-four-char-constants -Wno-conversion -Wno-constant-conversion -Wno-int-conversion -Wno-bool-conversion -Wno-enum-conversion -Wno-float-conversion -Wno-non-literal-null-conversion -Wno-objc-literal-conversion -Wshorten-64-to-32 -Wpointer-sign -Wno-newline-eof -Wno-selector -Wno-strict-selector-match -Wno-undeclared-selector -Wno-deprecated-implementations -Wno-implicit-fallthrough -isysroot /Applications/Xcode.app/Contents/Developer/Platforms/MacOSX.platform/Developer/SDKs/MacOSX27.0.sdk -fstrict-aliasing -Wprotocol -Wdeprecated-declarations -Wno-sign-conversion -Wno-infinite-recursion -Wno-comma -Wno-block-capture-autoreleasing -Wno-strict-prototypes -Wno-semicolon-before-method-body -index-store-path /Users/buddhirajgautam/Library/Developer/Xcode/DerivedData/Telegram-Mac-fygdgghdgmuleoelvxabfmqiotta/Index.noindex/DataStore @/Users/buddhirajgautam/Library/Developer/Xcode/DerivedData/Telegram-Mac-fygdgghdgmuleoelvxabfmqiotta/Build/Intermediates.noindex/InAppVideoServices.build/Debug/InAppVideoServices-t.build/Objects-normal/arm64/e6072d4f65d7061329687fe24e3d63a7-common-args.resp -MMD -MT dependencies -MF /Users/buddhirajgautam/Library/Developer/Xcode/DerivedData/Telegram-Mac-fygdgghdgmuleoelvxabfmqiotta/Build/Intermediates.noindex/InAppVideoServices.build/Debug/InAppVideoServices-t.build/Objects-normal/arm64/XCDYouTubePlayerScript.d --serialize-diagnostics /Users/buddhirajgautam/Library/Developer/Xcode/DerivedData/Telegram-Mac-fygdgghdgmuleoelvxabfmqiotta/Build/Intermediates.noindex/InAppVideoServices.build/Debug/InAppVideoServices-t.build/Objects-normal/arm64/XCDYouTubePlayerScript.dia -c /Users/buddhirajgautam/Documents/Cherrygram-Mac/macOS-Swift/packages/InAppVideoServices/Sources/youtube/XCDYouTubePlayerScript.m -o /Users/buddhirajgautam/Library/Developer/Xcode/DerivedData/Telegram-Mac-fygdgghdgmuleoelvxabfmqiotta/Build/Intermediates.noindex/InAppVideoServices.build/Debug/InAppVideoServices-t.build/Objects-normal/arm64/XCDYouTubePlayerScript.o -index-unit-output-path /InAppVideoServices.build/Debug/InAppVideoServices-t.build/Objects-normal/arm64/XCDYouTubePlayerScript.o

Ld /Users/buddhirajgautam/Library/Developer/Xcode/DerivedData/Telegram-Mac-fygdgghdgmuleoelvxabfmqiotta/Build/Products/Debug/Mozjpeg.o normal (in target 'Mozjpeg' from project 'Mozjpeg')
    cd /Users/buddhirajgautam/Documents/Cherrygram-Mac/macOS-Swift/submodules/Mozjpeg
    /Applications/Xcode.app/Contents/Developer/Toolchains/XcodeDefault.xctoolchain/usr/bin/clang -Xlinker -reproducible -target arm64-apple-macos12.0 -r -isysroot /Applications/Xcode.app/Contents/Developer/Platforms/MacOSX.platform/Developer/SDKs/MacOSX27.0.sdk -O0 -Xlinker -no_warn_duplicate_libraries -F/Users/buddhirajgautam/Library/Developer/Xcode/DerivedData/Telegram-Mac-fygdgghdgmuleoelvxabfmqiotta/Build/Intermediates.noindex/EagerLinkingTBDs/Debug -F/Users/buddhirajgautam/Library/Developer/Xcode/DerivedData/Telegram-Mac-fygdgghdgmuleoelvxabfmqiotta/Build/Products/Debug -iframework /Applications/Xcode.app/Contents/Developer/Platforms/MacOSX.platform/Developer/Library/Frameworks -filelist /Users/buddhirajgautam/Library/Developer/Xcode/DerivedData/Telegram-Mac-fygdgghdgmuleoelvxabfmqiotta/Build/Intermediates.noindex/Mozjpeg.build/Debug/Mozjpeg-t.build/Objects-normal/arm64/Mozjpeg.LinkFileList -nostdlib -Xlinker -object_path_lto -Xlinker /Users/buddhirajgautam/Library/Developer/Xcode/DerivedData/Telegram-Mac-fygdgghdgmuleoelvxabfmqiotta/Build/Intermediates.noindex/Mozjpeg.build/Debug/Mozjpeg-t.build/Objects-normal/arm64/Mozjpeg_lto.o -Xlinker -no_deduplicate -Xlinker -debug_variant -Xlinker -dependency_info -Xlinker /Users/buddhirajgautam/Library/Developer/Xcode/DerivedData/Telegram-Mac-fygdgghdgmuleoelvxabfmqiotta/Build/Intermediates.noindex/Mozjpeg.build/Debug/Mozjpeg-t.build/Objects-normal/arm64/Mozjpeg_dependency_info.dat -fobjc-arc -fobjc-link-runtime -o /Users/buddhirajgautam/Library/Developer/Xcode/DerivedData/Telegram-Mac-fygdgghdgmuleoelvxabfmqiotta/Build/Products/Debug/Mozjpeg.o

Ld /Users/buddhirajgautam/Library/Developer/Xcode/DerivedData/Telegram-Mac-fygdgghdgmuleoelvxabfmqiotta/Build/Products/Debug/InAppVideoServices.o normal (in target 'InAppVideoServices' from project 'InAppVideoServices')
    cd /Users/buddhirajgautam/Documents/Cherrygram-Mac/macOS-Swift/packages/InAppVideoServices
    /Applications/Xcode.app/Contents/Developer/Toolchains/XcodeDefault.xctoolchain/usr/bin/clang -Xlinker -reproducible -target arm64-apple-macos12.0 -r -isysroot /Applications/Xcode.app/Contents/Developer/Platforms/MacOSX.platform/Developer/SDKs/MacOSX27.0.sdk -O0 -Xlinker -no_warn_duplicate_libraries -F/Users/buddhirajgautam/Library/Developer/Xcode/DerivedData/Telegram-Mac-fygdgghdgmuleoelvxabfmqiotta/Build/Intermediates.noindex/EagerLinkingTBDs/Debug -F/Users/buddhirajgautam/Library/Developer/Xcode/DerivedData/Telegram-Mac-fygdgghdgmuleoelvxabfmqiotta/Build/Products/Debug -iframework /Applications/Xcode.app/Contents/Developer/Platforms/MacOSX.platform/Developer/Library/Frameworks -filelist /Users/buddhirajgautam/Library/Developer/Xcode/DerivedData/Telegram-Mac-fygdgghdgmuleoelvxabfmqiotta/Build/Intermediates.noindex/InAppVideoServices.build/Debug/InAppVideoServices-t.build/Objects-normal/arm64/InAppVideoServices.LinkFileList -nostdlib -Xlinker -object_path_lto -Xlinker /Users/buddhirajgautam/Library/Developer/Xcode/DerivedData/Telegram-Mac-fygdgghdgmuleoelvxabfmqiotta/Build/Intermediates.noindex/InAppVideoServices.build/Debug/InAppVideoServices-t.build/Objects-normal/arm64/InAppVideoServices_lto.o -Xlinker -no_deduplicate -Xlinker -debug_variant -Xlinker -dependency_info -Xlinker /Users/buddhirajgautam/Library/Developer/Xcode/DerivedData/Telegram-Mac-fygdgghdgmuleoelvxabfmqiotta/Build/Intermediates.noindex/InAppVideoServices.build/Debug/InAppVideoServices-t.build/Objects-normal/arm64/InAppVideoServices_dependency_info.dat -fobjc-arc -fobjc-link-runtime -o /Users/buddhirajgautam/Library/Developer/Xcode/DerivedData/Telegram-Mac-fygdgghdgmuleoelvxabfmqiotta/Build/Products/Debug/InAppVideoServices.o

SwiftCompile normal arm64 Compiling\ ChartVisibilityItem.swift,\ ChartsCollection.swift,\ ChartsDataManager.swift,\ ChartsError.swift,\ Convert.swift,\ BaseChartController.swift,\ GeneralChartComponentController.swift /Users/buddhirajgautam/Documents/Cherrygram-Mac/macOS-Swift/submodules/telegram-ios/submodules/GraphCore/Sources/Charts\ Reader/ChartVisibilityItem.swift /Users/buddhirajgautam/Documents/Cherrygram-Mac/macOS-Swift/submodules/telegram-ios/submodules/GraphCore/Sources/Charts\ Reader/ChartsCollection.swift /Users/buddhirajgautam/Documents/Cherrygram-Mac/macOS-Swift/submodules/telegram-ios/submodules/GraphCore/Sources/Charts\ Reader/ChartsDataManager.swift /Users/buddhirajgautam/Documents/Cherrygram-Mac/macOS-Swift/submodules/telegram-ios/submodules/GraphCore/Sources/Charts\ Reader/ChartsError.swift /Users/buddhirajgautam/Documents/Cherrygram-Mac/macOS-Swift/submodules/telegram-ios/submodules/GraphCore/Sources/Charts\ Reader/Convert.swift /Users/buddhirajgautam/Documents/Cherrygram-Mac/macOS-Swift/submodules/telegram-ios/submodules/GraphCore/Sources/Charts/Controllers/BaseChartController.swift /Users/buddhirajgautam/Documents/Cherrygram-Mac/macOS-Swift/submodules/telegram-ios/submodules/GraphCore/Sources/Charts/Controllers/GeneralChartComponentController.swift (in target 'GraphCore' from project 'GraphCore')

SwiftCompile normal arm64 /Users/buddhirajgautam/Documents/Cherrygram-Mac/macOS-Swift/submodules/telegram-ios/submodules/GraphCore/Sources/Charts\ Reader/ChartVisibilityItem.swift (in target 'GraphCore' from project 'GraphCore')
    cd /Users/buddhirajgautam/Documents/Cherrygram-Mac/macOS-Swift
    builtin-SwiftPerFileCompile ChartVisibilityItem.swift

SwiftCompile normal arm64 /Users/buddhirajgautam/Documents/Cherrygram-Mac/macOS-Swift/submodules/telegram-ios/submodules/GraphCore/Sources/Charts\ Reader/ChartsCollection.swift (in target 'GraphCore' from project 'GraphCore')
    cd /Users/buddhirajgautam/Documents/Cherrygram-Mac/macOS-Swift
    builtin-SwiftPerFileCompile ChartsCollection.swift

SwiftCompile normal arm64 /Users/buddhirajgautam/Documents/Cherrygram-Mac/macOS-Swift/submodules/telegram-ios/submodules/GraphCore/Sources/Charts\ Reader/ChartsDataManager.swift (in target 'GraphCore' from project 'GraphCore')
    cd /Users/buddhirajgautam/Documents/Cherrygram-Mac/macOS-Swift
    builtin-SwiftPerFileCompile ChartsDataManager.swift

SwiftCompile normal arm64 /Users/buddhirajgautam/Documents/Cherrygram-Mac/macOS-Swift/submodules/telegram-ios/submodules/GraphCore/Sources/Charts\ Reader/ChartsError.swift (in target 'GraphCore' from project 'GraphCore')
    cd /Users/buddhirajgautam/Documents/Cherrygram-Mac/macOS-Swift
    builtin-SwiftPerFileCompile ChartsError.swift

SwiftCompile normal arm64 /Users/buddhirajgautam/Documents/Cherrygram-Mac/macOS-Swift/submodules/telegram-ios/submodules/GraphCore/Sources/Charts\ Reader/Convert.swift (in target 'GraphCore' from project 'GraphCore')
    cd /Users/buddhirajgautam/Documents/Cherrygram-Mac/macOS-Swift
    builtin-SwiftPerFileCompile Convert.swift

SwiftCompile normal arm64 /Users/buddhirajgautam/Documents/Cherrygram-Mac/macOS-Swift/submodules/telegram-ios/submodules/GraphCore/Sources/Charts/Controllers/BaseChartController.swift (in target 'GraphCore' from project 'GraphCore')
    cd /Users/buddhirajgautam/Documents/Cherrygram-Mac/macOS-Swift
    builtin-SwiftPerFileCompile BaseChartController.swift

SwiftCompile normal arm64 /Users/buddhirajgautam/Documents/Cherrygram-Mac/macOS-Swift/submodules/telegram-ios/submodules/GraphCore/Sources/Charts/Controllers/GeneralChartComponentController.swift (in target 'GraphCore' from project 'GraphCore')
    cd /Users/buddhirajgautam/Documents/Cherrygram-Mac/macOS-Swift
    builtin-SwiftPerFileCompile GeneralChartComponentController.swift

SwiftCompile normal arm64 Compiling\ Array+Utils.swift,\ CGFloat.swift,\ CGPoint+Extensions.swift,\ ClosedRange+Utils.swift,\ DisplayLinkService.swift,\ GlobalHelpers.swift /Users/buddhirajgautam/Documents/Cherrygram-Mac/macOS-Swift/submodules/telegram-ios/submodules/GraphCore/Sources/Helpers/Array+Utils.swift /Users/buddhirajgautam/Documents/Cherrygram-Mac/macOS-Swift/submodules/telegram-ios/submodules/GraphCore/Sources/Helpers/CGFloat.swift /Users/buddhirajgautam/Documents/Cherrygram-Mac/macOS-Swift/submodules/telegram-ios/submodules/GraphCore/Sources/Helpers/CGPoint+Extensions.swift /Users/buddhirajgautam/Documents/Cherrygram-Mac/macOS-Swift/submodules/telegram-ios/submodules/GraphCore/Sources/Helpers/ClosedRange+Utils.swift /Users/buddhirajgautam/Documents/Cherrygram-Mac/macOS-Swift/submodules/telegram-ios/submodules/GraphCore/Sources/Helpers/DisplayLinkService.swift /Users/buddhirajgautam/Documents/Cherrygram-Mac/macOS-Swift/submodules/telegram-ios/submodules/GraphCore/Sources/Helpers/GlobalHelpers.swift (in target 'GraphCore' from project 'GraphCore')

SwiftCompile normal arm64 /Users/buddhirajgautam/Documents/Cherrygram-Mac/macOS-Swift/submodules/telegram-ios/submodules/GraphCore/Sources/Helpers/Array+Utils.swift (in target 'GraphCore' from project 'GraphCore')
    cd /Users/buddhirajgautam/Documents/Cherrygram-Mac/macOS-Swift
    builtin-SwiftPerFileCompile Array+Utils.swift

SwiftCompile normal arm64 /Users/buddhirajgautam/Documents/Cherrygram-Mac/macOS-Swift/submodules/telegram-ios/submodules/GraphCore/Sources/Helpers/CGFloat.swift (in target 'GraphCore' from project 'GraphCore')
    cd /Users/buddhirajgautam/Documents/Cherrygram-Mac/macOS-Swift
    builtin-SwiftPerFileCompile CGFloat.swift

SwiftCompile normal arm64 /Users/buddhirajgautam/Documents/Cherrygram-Mac/macOS-Swift/submodules/telegram-ios/submodules/GraphCore/Sources/Helpers/CGPoint+Extensions.swift (in target 'GraphCore' from project 'GraphCore')
    cd /Users/buddhirajgautam/Documents/Cherrygram-Mac/macOS-Swift
    builtin-SwiftPerFileCompile CGPoint+Extensions.swift

SwiftCompile normal arm64 /Users/buddhirajgautam/Documents/Cherrygram-Mac/macOS-Swift/submodules/telegram-ios/submodules/GraphCore/Sources/Helpers/ClosedRange+Utils.swift (in target 'GraphCore' from project 'GraphCore')
    cd /Users/buddhirajgautam/Documents/Cherrygram-Mac/macOS-Swift
    builtin-SwiftPerFileCompile ClosedRange+Utils.swift

SwiftCompile normal arm64 /Users/buddhirajgautam/Documents/Cherrygram-Mac/macOS-Swift/submodules/telegram-ios/submodules/GraphCore/Sources/Helpers/DisplayLinkService.swift (in target 'GraphCore' from project 'GraphCore')
    cd /Users/buddhirajgautam/Documents/Cherrygram-Mac/macOS-Swift
    builtin-SwiftPerFileCompile DisplayLinkService.swift

SwiftCompile normal arm64 /Users/buddhirajgautam/Documents/Cherrygram-Mac/macOS-Swift/submodules/telegram-ios/submodules/GraphCore/Sources/Helpers/GlobalHelpers.swift (in target 'GraphCore' from project 'GraphCore')
    cd /Users/buddhirajgautam/Documents/Cherrygram-Mac/macOS-Swift
    builtin-SwiftPerFileCompile GlobalHelpers.swift

CompileC /Users/buddhirajgautam/Library/Developer/Xcode/DerivedData/Telegram-Mac-fygdgghdgmuleoelvxabfmqiotta/Build/Intermediates.noindex/HotKey.build/Debug/HotKey-t.build/Objects-normal/arm64/HotKeyUtilities.o /Users/buddhirajgautam/Documents/Cherrygram-Mac/macOS-Swift/packages/HotKey/Sources/HotKeyUtilities.m normal arm64 objective-c com.apple.compilers.llvm.clang.1_0.compiler (in target 'HotKey' from project 'HotKey')
    cd /Users/buddhirajgautam/Documents/Cherrygram-Mac/macOS-Swift
    
    Using response file: /Users/buddhirajgautam/Library/Developer/Xcode/DerivedData/Telegram-Mac-fygdgghdgmuleoelvxabfmqiotta/Build/Intermediates.noindex/HotKey.build/Debug/HotKey-t.build/Objects-normal/arm64/e6072d4f65d7061329687fe24e3d63a7-common-args.resp
    
    /Applications/Xcode.app/Contents/Developer/Toolchains/XcodeDefault.xctoolchain/usr/bin/clang -x objective-c -ivfsstatcache /Users/buddhirajgautam/Library/Developer/Xcode/DerivedData/SDKStatCaches.noindex/macosx27.0-26A425-e829b21a6f8c9b70876ba0858053c0447231f6df4def33e022ae2eb8f782df1a.sdkstatcache -target arm64-apple-macos12.0 -fmessage-length\=0 -fdiagnostics-show-note-include-stack -fmacro-backtrace-limit\=0 -fno-color-diagnostics -fmodules-prune-interval\=86400 -fmodules-prune-after\=345600 -fbuild-session-file\=/Users/buddhirajgautam/Library/Developer/Xcode/DerivedData/ModuleCache.noindex/Session.modulevalidation -fmodules-validate-once-per-build-session -Wnon-modular-include-in-framework-module -Werror\=non-modular-include-in-framework-module -Wno-trigraphs -Wno-missing-field-initializers -Wno-missing-prototypes -Wno-return-type -Wno-implicit-atomic-properties -Wno-objc-interface-ivars -Wno-arc-repeated-use-of-weak -Wno-missing-braces -Wparentheses -Wswitch -Wno-unused-function -Wno-unused-label -Wno-unused-parameter -Wno-unused-variable -Wunused-value -Wno-empty-body -Wno-uninitialized -Wno-unknown-pragmas -Wno-shadow -Wno-four-char-constants -Wno-conversion -Wno-constant-conversion -Wno-int-conversion -Wno-bool-conversion -Wno-enum-conversion -Wno-float-conversion -Wno-non-literal-null-conversion -Wno-objc-literal-conversion -Wshorten-64-to-32 -Wpointer-sign -Wno-newline-eof -Wno-selector -Wno-strict-selector-match -Wno-undeclared-selector -Wno-deprecated-implementations -Wno-implicit-fallthrough -isysroot /Applications/Xcode.app/Contents/Developer/Platforms/MacOSX.platform/Developer/SDKs/MacOSX27.0.sdk -fstrict-aliasing -Wprotocol -Wdeprecated-declarations -Wno-sign-conversion -Wno-infinite-recursion -Wno-comma -Wno-block-capture-autoreleasing -Wno-strict-prototypes -Wno-semicolon-before-method-body -index-store-path /Users/buddhirajgautam/Library/Developer/Xcode/DerivedData/Telegram-Mac-fygdgghdgmuleoelvxabfmqiotta/Index.noindex/DataStore @/Users/buddhirajgautam/Library/Developer/Xcode/DerivedData/Telegram-Mac-fygdgghdgmuleoelvxabfmqiotta/Build/Intermediates.noindex/HotKey.build/Debug/HotKey-t.build/Objects-normal/arm64/e6072d4f65d7061329687fe24e3d63a7-common-args.resp -MMD -MT dependencies -MF /Users/buddhirajgautam/Library/Developer/Xcode/DerivedData/Telegram-Mac-fygdgghdgmuleoelvxabfmqiotta/Build/Intermediates.noindex/HotKey.build/Debug/HotKey-t.build/Objects-normal/arm64/HotKeyUtilities.d --serialize-diagnostics /Users/buddhirajgautam/Library/Developer/Xcode/DerivedData/Telegram-Mac-fygdgghdgmuleoelvxabfmqiotta/Build/Intermediates.noindex/HotKey.build/Debug/HotKey-t.build/Objects-normal/arm64/HotKeyUtilities.dia -c /Users/buddhirajgautam/Documents/Cherrygram-Mac/macOS-Swift/packages/HotKey/Sources/HotKeyUtilities.m -o /Users/buddhirajgautam/Library/Developer/Xcode/DerivedData/Telegram-Mac-fygdgghdgmuleoelvxabfmqiotta/Build/Intermediates.noindex/HotKey.build/Debug/HotKey-t.build/Objects-normal/arm64/HotKeyUtilities.o -index-unit-output-path /HotKey.build/Debug/HotKey-t.build/Objects-normal/arm64/HotKeyUtilities.o
/Users/buddhirajgautam/Documents/Cherrygram-Mac/macOS-Swift/packages/HotKey/Sources/HotKeyUtilities.m:72:21: warning: 'NSControlKeyMask' is deprecated: first deprecated in macOS 10.12 [-Wdeprecated-declarations]
   72 |     if (modifiers & NSControlKeyMask) {
      |                     ^~~~~~~~~~~~~~~~
      |                     NSEventModifierFlagControl
In module 'AppKit' imported from /Users/buddhirajgautam/Documents/Cherrygram-Mac/macOS-Swift/packages/HotKey/Sources/HotKeyUtilities.m:4:
/Applications/Xcode.app/Contents/Developer/Platforms/MacOSX.platform/Developer/SDKs/MacOSX27.0.sdk/System/Library/Frameworks/AppKit.framework/Headers/NSEvent.h:183:35: note: 'NSControlKeyMask' has been explicitly marked deprecated here
  183 | static const NSEventModifierFlags NSControlKeyMask            API_DEPRECATED_WITH_REPLACEMENT("NSEventModifierFlagControl", macos(10.0,10.12)) = NSEventModifierFlagControl;
      |                                   ^
/Users/buddhirajgautam/Documents/Cherrygram-Mac/macOS-Swift/packages/HotKey/Sources/HotKeyUtilities.m:75:21: warning: 'NSAlternateKeyMask' is deprecated: first deprecated in macOS 10.12 [-Wdeprecated-declarations]
   75 |     if (modifiers & NSAlternateKeyMask) {
      |                     ^~~~~~~~~~~~~~~~~~
      |                     NSEventModifierFlagOption
In module 'AppKit' imported from /Users/buddhirajgautam/Documents/Cherrygram-Mac/macOS-Swift/packages/HotKey/Sources/HotKeyUtilities.m:4:
/Applications/Xcode.app/Contents/Developer/Platforms/MacOSX.platform/Developer/SDKs/MacOSX27.0.sdk/System/Library/Frameworks/AppKit.framework/Headers/NSEvent.h:184:35: note: 'NSAlternateKeyMask' has been explicitly marked deprecated here
  184 | static const NSEventModifierFlags NSAlternateKeyMask          API_DEPRECATED_WITH_REPLACEMENT("NSEventModifierFlagOption", macos(10.0,10.12)) = NSEventModifierFlagOption;
      |                                   ^
/Users/buddhirajgautam/Documents/Cherrygram-Mac/macOS-Swift/packages/HotKey/Sources/HotKeyUtilities.m:78:21: warning: 'NSShiftKeyMask' is deprecated: first deprecated in macOS 10.12 [-Wdeprecated-declarations]
   78 |     if (modifiers & NSShiftKeyMask) {
      |                     ^~~~~~~~~~~~~~
      |                     NSEventModifierFlagShift
In module 'AppKit' imported from /Users/buddhirajgautam/Documents/Cherrygram-Mac/macOS-Swift/packages/HotKey/Sources/HotKeyUtilities.m:4:
/Applications/Xcode.app/Contents/Developer/Platforms/MacOSX.platform/Developer/SDKs/MacOSX27.0.sdk/System/Library/Frameworks/AppKit.framework/Headers/NSEvent.h:182:35: note: 'NSShiftKeyMask' has been explicitly marked deprecated here
  182 | static const NSEventModifierFlags NSShiftKeyMask              API_DEPRECATED_WITH_REPLACEMENT("NSEventModifierFlagShift", macos(10.0,10.12)) = NSEventModifierFlagShift;
      |                                   ^
/Users/buddhirajgautam/Documents/Cherrygram-Mac/macOS-Swift/packages/HotKey/Sources/HotKeyUtilities.m:81:21: warning: 'NSCommandKeyMask' is deprecated: first deprecated in macOS 10.12 [-Wdeprecated-declarations]
   81 |     if (modifiers & NSCommandKeyMask) {
      |                     ^~~~~~~~~~~~~~~~
      |                     NSEventModifierFlagCommand
In module 'AppKit' imported from /Users/buddhirajgautam/Documents/Cherrygram-Mac/macOS-Swift/packages/HotKey/Sources/HotKeyUtilities.m:4:
/Applications/Xcode.app/Contents/Developer/Platforms/MacOSX.platform/Developer/SDKs/MacOSX27.0.sdk/System/Library/Frameworks/AppKit.framework/Headers/NSEvent.h:185:35: note: 'NSCommandKeyMask' has been explicitly marked deprecated here
  185 | static const NSEventModifierFlags NSCommandKeyMask            API_DEPRECATED_WITH_REPLACEMENT("NSEventModifierFlagCommand", macos(10.0,10.12)) = NSEventModifierFlagCommand;
      |                                   ^
4 warnings generated.

CompileC /Users/buddhirajgautam/Library/Developer/Xcode/DerivedData/Telegram-Mac-fygdgghdgmuleoelvxabfmqiotta/Build/Intermediates.noindex/HackUtils.build/Debug/HackUtils-t.build/Objects-normal/arm64/HackUtils.o /Users/buddhirajgautam/Documents/Cherrygram-Mac/macOS-Swift/packages/HackUtils/Sources/HackUtils/HackUtils.m normal arm64 objective-c com.apple.compilers.llvm.clang.1_0.compiler (in target 'HackUtils' from project 'HackUtils')
    cd /Users/buddhirajgautam/Documents/Cherrygram-Mac/macOS-Swift
    
    Using response file: /Users/buddhirajgautam/Library/Developer/Xcode/DerivedData/Telegram-Mac-fygdgghdgmuleoelvxabfmqiotta/Build/Intermediates.noindex/HackUtils.build/Debug/HackUtils-t.build/Objects-normal/arm64/e6072d4f65d7061329687fe24e3d63a7-common-args.resp
    
    /Applications/Xcode.app/Contents/Developer/Toolchains/XcodeDefault.xctoolchain/usr/bin/clang -x objective-c -ivfsstatcache /Users/buddhirajgautam/Library/Developer/Xcode/DerivedData/SDKStatCaches.noindex/macosx27.0-26A425-e829b21a6f8c9b70876ba0858053c0447231f6df4def33e022ae2eb8f782df1a.sdkstatcache -target arm64-apple-macos12.0 -fmessage-length\=0 -fdiagnostics-show-note-include-stack -fmacro-backtrace-limit\=0 -fno-color-diagnostics -fmodules-prune-interval\=86400 -fmodules-prune-after\=345600 -fbuild-session-file\=/Users/buddhirajgautam/Library/Developer/Xcode/DerivedData/ModuleCache.noindex/Session.modulevalidation -fmodules-validate-once-per-build-session -Wnon-modular-include-in-framework-module -Werror\=non-modular-include-in-framework-module -Wno-trigraphs -Wno-missing-field-initializers -Wno-missing-prototypes -Wno-return-type -Wno-implicit-atomic-properties -Wno-objc-interface-ivars -Wno-arc-repeated-use-of-weak -Wno-missing-braces -Wparentheses -Wswitch -Wno-unused-function -Wno-unused-label -Wno-unused-parameter -Wno-unused-variable -Wunused-value -Wno-empty-body -Wno-uninitialized -Wno-unknown-pragmas -Wno-shadow -Wno-four-char-constants -Wno-conversion -Wno-constant-conversion -Wno-int-conversion -Wno-bool-conversion -Wno-enum-conversion -Wno-float-conversion -Wno-non-literal-null-conversion -Wno-objc-literal-conversion -Wshorten-64-to-32 -Wpointer-sign -Wno-newline-eof -Wno-selector -Wno-strict-selector-match -Wno-undeclared-selector -Wno-deprecated-implementations -Wno-implicit-fallthrough -isysroot /Applications/Xcode.app/Contents/Developer/Platforms/MacOSX.platform/Developer/SDKs/MacOSX27.0.sdk -fstrict-aliasing -Wprotocol -Wdeprecated-declarations -Wno-sign-conversion -Wno-infinite-recursion -Wno-comma -Wno-block-capture-autoreleasing -Wno-strict-prototypes -Wno-semicolon-before-method-body -index-store-path /Users/buddhirajgautam/Library/Developer/Xcode/DerivedData/Telegram-Mac-fygdgghdgmuleoelvxabfmqiotta/Index.noindex/DataStore @/Users/buddhirajgautam/Library/Developer/Xcode/DerivedData/Telegram-Mac-fygdgghdgmuleoelvxabfmqiotta/Build/Intermediates.noindex/HackUtils.build/Debug/HackUtils-t.build/Objects-normal/arm64/e6072d4f65d7061329687fe24e3d63a7-common-args.resp -MMD -MT dependencies -MF /Users/buddhirajgautam/Library/Developer/Xcode/DerivedData/Telegram-Mac-fygdgghdgmuleoelvxabfmqiotta/Build/Intermediates.noindex/HackUtils.build/Debug/HackUtils-t.build/Objects-normal/arm64/HackUtils.d --serialize-diagnostics /Users/buddhirajgautam/Library/Developer/Xcode/DerivedData/Telegram-Mac-fygdgghdgmuleoelvxabfmqiotta/Build/Intermediates.noindex/HackUtils.build/Debug/HackUtils-t.build/Objects-normal/arm64/HackUtils.dia -c /Users/buddhirajgautam/Documents/Cherrygram-Mac/macOS-Swift/packages/HackUtils/Sources/HackUtils/HackUtils.m -o /Users/buddhirajgautam/Library/Developer/Xcode/DerivedData/Telegram-Mac-fygdgghdgmuleoelvxabfmqiotta/Build/Intermediates.noindex/HackUtils.build/Debug/HackUtils-t.build/Objects-normal/arm64/HackUtils.o -index-unit-output-path /HackUtils.build/Debug/HackUtils-t.build/Objects-normal/arm64/HackUtils.o

Ld /Users/buddhirajgautam/Library/Developer/Xcode/DerivedData/Telegram-Mac-fygdgghdgmuleoelvxabfmqiotta/Build/Products/Debug/HotKey.o normal (in target 'HotKey' from project 'HotKey')
    cd /Users/buddhirajgautam/Documents/Cherrygram-Mac/macOS-Swift/packages/HotKey
    /Applications/Xcode.app/Contents/Developer/Toolchains/XcodeDefault.xctoolchain/usr/bin/clang -Xlinker -reproducible -target arm64-apple-macos12.0 -r -isysroot /Applications/Xcode.app/Contents/Developer/Platforms/MacOSX.platform/Developer/SDKs/MacOSX27.0.sdk -O0 -Xlinker -no_warn_duplicate_libraries -F/Users/buddhirajgautam/Library/Developer/Xcode/DerivedData/Telegram-Mac-fygdgghdgmuleoelvxabfmqiotta/Build/Intermediates.noindex/EagerLinkingTBDs/Debug -F/Users/buddhirajgautam/Library/Developer/Xcode/DerivedData/Telegram-Mac-fygdgghdgmuleoelvxabfmqiotta/Build/Products/Debug -iframework /Applications/Xcode.app/Contents/Developer/Platforms/MacOSX.platform/Developer/Library/Frameworks -filelist /Users/buddhirajgautam/Library/Developer/Xcode/DerivedData/Telegram-Mac-fygdgghdgmuleoelvxabfmqiotta/Build/Intermediates.noindex/HotKey.build/Debug/HotKey-t.build/Objects-normal/arm64/HotKey.LinkFileList -nostdlib -Xlinker -object_path_lto -Xlinker /Users/buddhirajgautam/Library/Developer/Xcode/DerivedData/Telegram-Mac-fygdgghdgmuleoelvxabfmqiotta/Build/Intermediates.noindex/HotKey.build/Debug/HotKey-t.build/Objects-normal/arm64/HotKey_lto.o -Xlinker -no_deduplicate -Xlinker -debug_variant -Xlinker -dependency_info -Xlinker /Users/buddhirajgautam/Library/Developer/Xcode/DerivedData/Telegram-Mac-fygdgghdgmuleoelvxabfmqiotta/Build/Intermediates.noindex/HotKey.build/Debug/HotKey-t.build/Objects-normal/arm64/HotKey_dependency_info.dat -fobjc-arc -fobjc-link-runtime -o /Users/buddhirajgautam/Library/Developer/Xcode/DerivedData/Telegram-Mac-fygdgghdgmuleoelvxabfmqiotta/Build/Products/Debug/HotKey.o

Ld /Users/buddhirajgautam/Library/Developer/Xcode/DerivedData/Telegram-Mac-fygdgghdgmuleoelvxabfmqiotta/Build/Products/Debug/HackUtils.o normal (in target 'HackUtils' from project 'HackUtils')
    cd /Users/buddhirajgautam/Documents/Cherrygram-Mac/macOS-Swift/packages/HackUtils
    /Applications/Xcode.app/Contents/Developer/Toolchains/XcodeDefault.xctoolchain/usr/bin/clang -Xlinker -reproducible -target arm64-apple-macos12.0 -r -isysroot /Applications/Xcode.app/Contents/Developer/Platforms/MacOSX.platform/Developer/SDKs/MacOSX27.0.sdk -O0 -Xlinker -no_warn_duplicate_libraries -F/Users/buddhirajgautam/Library/Developer/Xcode/DerivedData/Telegram-Mac-fygdgghdgmuleoelvxabfmqiotta/Build/Intermediates.noindex/EagerLinkingTBDs/Debug -F/Users/buddhirajgautam/Library/Developer/Xcode/DerivedData/Telegram-Mac-fygdgghdgmuleoelvxabfmqiotta/Build/Products/Debug -iframework /Applications/Xcode.app/Contents/Developer/Platforms/MacOSX.platform/Developer/Library/Frameworks -filelist /Users/buddhirajgautam/Library/Developer/Xcode/DerivedData/Telegram-Mac-fygdgghdgmuleoelvxabfmqiotta/Build/Intermediates.noindex/HackUtils.build/Debug/HackUtils-t.build/Objects-normal/arm64/HackUtils.LinkFileList -nostdlib -Xlinker -object_path_lto -Xlinker /Users/buddhirajgautam/Library/Developer/Xcode/DerivedData/Telegram-Mac-fygdgghdgmuleoelvxabfmqiotta/Build/Intermediates.noindex/HackUtils.build/Debug/HackUtils-t.build/Objects-normal/arm64/HackUtils_lto.o -Xlinker -no_deduplicate -Xlinker -debug_variant -Xlinker -dependency_info -Xlinker /Users/buddhirajgautam/Library/Developer/Xcode/DerivedData/Telegram-Mac-fygdgghdgmuleoelvxabfmqiotta/Build/Intermediates.noindex/HackUtils.build/Debug/HackUtils-t.build/Objects-normal/arm64/HackUtils_dependency_info.dat -fobjc-arc -fobjc-link-runtime -o /Users/buddhirajgautam/Library/Developer/Xcode/DerivedData/Telegram-Mac-fygdgghdgmuleoelvxabfmqiotta/Build/Products/Debug/HackUtils.o

SwiftCompile normal arm64 Compiling\ UIImage+Utils.swift,\ UIView+Extensions.swift,\ ChartLineData.swift,\ ColorMode.swift,\ LinesChartLabel.swift,\ LinesSelectionLabel.swift /Users/buddhirajgautam/Documents/Cherrygram-Mac/macOS-Swift/submodules/telegram-ios/submodules/GraphCore/Sources/Helpers/UIImage+Utils.swift /Users/buddhirajgautam/Documents/Cherrygram-Mac/macOS-Swift/submodules/telegram-ios/submodules/GraphCore/Sources/Helpers/UIView+Extensions.swift /Users/buddhirajgautam/Documents/Cherrygram-Mac/macOS-Swift/submodules/telegram-ios/submodules/GraphCore/Sources/Models/ChartLineData.swift /Users/buddhirajgautam/Documents/Cherrygram-Mac/macOS-Swift/submodules/telegram-ios/submodules/GraphCore/Sources/Models/ColorMode.swift /Users/buddhirajgautam/Documents/Cherrygram-Mac/macOS-Swift/submodules/telegram-ios/submodules/GraphCore/Sources/Models/LinesChartLabel.swift /Users/buddhirajgautam/Documents/Cherrygram-Mac/macOS-Swift/submodules/telegram-ios/submodules/GraphCore/Sources/Models/LinesSelectionLabel.swift (in target 'GraphCore' from project 'GraphCore')

SwiftCompile normal arm64 /Users/buddhirajgautam/Documents/Cherrygram-Mac/macOS-Swift/submodules/telegram-ios/submodules/GraphCore/Sources/Helpers/UIImage+Utils.swift (in target 'GraphCore' from project 'GraphCore')
    cd /Users/buddhirajgautam/Documents/Cherrygram-Mac/macOS-Swift
    builtin-SwiftPerFileCompile UIImage+Utils.swift

SwiftCompile normal arm64 /Users/buddhirajgautam/Documents/Cherrygram-Mac/macOS-Swift/submodules/telegram-ios/submodules/GraphCore/Sources/Helpers/UIView+Extensions.swift (in target 'GraphCore' from project 'GraphCore')
    cd /Users/buddhirajgautam/Documents/Cherrygram-Mac/macOS-Swift
    builtin-SwiftPerFileCompile UIView+Extensions.swift

SwiftCompile normal arm64 /Users/buddhirajgautam/Documents/Cherrygram-Mac/macOS-Swift/submodules/telegram-ios/submodules/GraphCore/Sources/Models/ChartLineData.swift (in target 'GraphCore' from project 'GraphCore')
    cd /Users/buddhirajgautam/Documents/Cherrygram-Mac/macOS-Swift
    builtin-SwiftPerFileCompile ChartLineData.swift

SwiftCompile normal arm64 /Users/buddhirajgautam/Documents/Cherrygram-Mac/macOS-Swift/submodules/telegram-ios/submodules/GraphCore/Sources/Models/ColorMode.swift (in target 'GraphCore' from project 'GraphCore')
    cd /Users/buddhirajgautam/Documents/Cherrygram-Mac/macOS-Swift
    builtin-SwiftPerFileCompile ColorMode.swift

SwiftCompile normal arm64 /Users/buddhirajgautam/Documents/Cherrygram-Mac/macOS-Swift/submodules/telegram-ios/submodules/GraphCore/Sources/Models/LinesChartLabel.swift (in target 'GraphCore' from project 'GraphCore')
    cd /Users/buddhirajgautam/Documents/Cherrygram-Mac/macOS-Swift
    builtin-SwiftPerFileCompile LinesChartLabel.swift

SwiftCompile normal arm64 /Users/buddhirajgautam/Documents/Cherrygram-Mac/macOS-Swift/submodules/telegram-ios/submodules/GraphCore/Sources/Models/LinesSelectionLabel.swift (in target 'GraphCore' from project 'GraphCore')
    cd /Users/buddhirajgautam/Documents/Cherrygram-Mac/macOS-Swift
    builtin-SwiftPerFileCompile LinesSelectionLabel.swift

SwiftDriverJobDiscovery normal arm64 Compiling KeyboardKey.swift (in target 'KeyboardKey' from project 'KeyboardKey')

SwiftCompile normal arm64 Compiling\ PercentPieAnimationRenderer.swift,\ PerformanceRenderer.swift,\ PieChartRenderer.swift,\ VerticalLinesRenderer.swift,\ VerticalScalesRenderer.swift,\ AnimationController.swift /Users/buddhirajgautam/Documents/Cherrygram-Mac/macOS-Swift/submodules/telegram-ios/submodules/GraphCore/Sources/Charts/Renderes/PercentPieAnimationRenderer.swift /Users/buddhirajgautam/Documents/Cherrygram-Mac/macOS-Swift/submodules/telegram-ios/submodules/GraphCore/Sources/Charts/Renderes/PerformanceRenderer.swift /Users/buddhirajgautam/Documents/Cherrygram-Mac/macOS-Swift/submodules/telegram-ios/submodules/GraphCore/Sources/Charts/Renderes/PieChartRenderer.swift /Users/buddhirajgautam/Documents/Cherrygram-Mac/macOS-Swift/submodules/telegram-ios/submodules/GraphCore/Sources/Charts/Renderes/VerticalLinesRenderer.swift /Users/buddhirajgautam/Documents/Cherrygram-Mac/macOS-Swift/submodules/telegram-ios/submodules/GraphCore/Sources/Charts/Renderes/VerticalScalesRenderer.swift /Users/buddhirajgautam/Documents/Cherrygram-Mac/macOS-Swift/submodules/telegram-ios/submodules/GraphCore/Sources/Helpers/AnimationController.swift (in target 'GraphCore' from project 'GraphCore')

SwiftCompile normal arm64 /Users/buddhirajgautam/Documents/Cherrygram-Mac/macOS-Swift/submodules/telegram-ios/submodules/GraphCore/Sources/Charts/Renderes/PercentPieAnimationRenderer.swift (in target 'GraphCore' from project 'GraphCore')
    cd /Users/buddhirajgautam/Documents/Cherrygram-Mac/macOS-Swift
    builtin-SwiftPerFileCompile PercentPieAnimationRenderer.swift

SwiftCompile normal arm64 /Users/buddhirajgautam/Documents/Cherrygram-Mac/macOS-Swift/submodules/telegram-ios/submodules/GraphCore/Sources/Charts/Renderes/PerformanceRenderer.swift (in target 'GraphCore' from project 'GraphCore')
    cd /Users/buddhirajgautam/Documents/Cherrygram-Mac/macOS-Swift
    builtin-SwiftPerFileCompile PerformanceRenderer.swift

SwiftCompile normal arm64 /Users/buddhirajgautam/Documents/Cherrygram-Mac/macOS-Swift/submodules/telegram-ios/submodules/GraphCore/Sources/Charts/Renderes/PieChartRenderer.swift (in target 'GraphCore' from project 'GraphCore')
    cd /Users/buddhirajgautam/Documents/Cherrygram-Mac/macOS-Swift
    builtin-SwiftPerFileCompile PieChartRenderer.swift

SwiftCompile normal arm64 /Users/buddhirajgautam/Documents/Cherrygram-Mac/macOS-Swift/submodules/telegram-ios/submodules/GraphCore/Sources/Charts/Renderes/VerticalLinesRenderer.swift (in target 'GraphCore' from project 'GraphCore')
    cd /Users/buddhirajgautam/Documents/Cherrygram-Mac/macOS-Swift
    builtin-SwiftPerFileCompile VerticalLinesRenderer.swift

SwiftCompile normal arm64 /Users/buddhirajgautam/Documents/Cherrygram-Mac/macOS-Swift/submodules/telegram-ios/submodules/GraphCore/Sources/Charts/Renderes/VerticalScalesRenderer.swift (in target 'GraphCore' from project 'GraphCore')
    cd /Users/buddhirajgautam/Documents/Cherrygram-Mac/macOS-Swift
    builtin-SwiftPerFileCompile VerticalScalesRenderer.swift

SwiftCompile normal arm64 /Users/buddhirajgautam/Documents/Cherrygram-Mac/macOS-Swift/submodules/telegram-ios/submodules/GraphCore/Sources/Helpers/AnimationController.swift (in target 'GraphCore' from project 'GraphCore')
    cd /Users/buddhirajgautam/Documents/Cherrygram-Mac/macOS-Swift
    builtin-SwiftPerFileCompile AnimationController.swift

SwiftDriver\ Compilation KeyboardKey normal arm64 com.apple.xcode.tools.swift.compiler (in target 'KeyboardKey' from project 'KeyboardKey')
    cd /Users/buddhirajgautam/Documents/Cherrygram-Mac/macOS-Swift
    builtin-Swift-Compilation -- /Applications/Xcode.app/Contents/Developer/Toolchains/XcodeDefault.xctoolchain/usr/bin/swiftc -parse-as-library -module-name KeyboardKey -Onone @/Users/buddhirajgautam/Library/Developer/Xcode/DerivedData/Telegram-Mac-fygdgghdgmuleoelvxabfmqiotta/Build/Intermediates.noindex/KeyboardKey.build/Debug/KeyboardKey-t.build/Objects-normal/arm64/KeyboardKey.SwiftFileList -DSWIFT_PACKAGE -DDEBUG -DSWIFT_MODULE_RESOURCE_BUNDLE_UNAVAILABLE -DXcode -plugin-path /Applications/Xcode.app/Contents/Developer/Toolchains/XcodeDefault.xctoolchain/usr/lib/swift/host/plugins/testing -enable-experimental-feature DebugDescriptionMacro -sdk /Applications/Xcode.app/Contents/Developer/Platforms/MacOSX.platform/Developer/SDKs/MacOSX27.0.sdk -target arm64-apple-macos12.0 -g -module-cache-path /Users/buddhirajgautam/Library/Developer/Xcode/DerivedData/ModuleCache.noindex -Xfrontend -serialize-debugging-options -profile-coverage-mapping -profile-generate -enable-testing -index-store-path /Users/buddhirajgautam/Library/Developer/Xcode/DerivedData/Telegram-Mac-fygdgghdgmuleoelvxabfmqiotta/Index.noindex/DataStore -Xcc -D_LIBCPP_HARDENING_MODE\=_LIBCPP_HARDENING_MODE_DEBUG -swift-version 5 -I /Users/buddhirajgautam/Library/Developer/Xcode/DerivedData/Telegram-Mac-fygdgghdgmuleoelvxabfmqiotta/Build/Products/Debug -Isystem /Applications/Xcode.app/Contents/Developer/Platforms/MacOSX.platform/Developer/usr/lib -F /Users/buddhirajgautam/Library/Developer/Xcode/DerivedData/Telegram-Mac-fygdgghdgmuleoelvxabfmqiotta/Build/Products/Debug -F /Applications/Xcode.app/Contents/Developer/Platforms/MacOSX.platform/Developer/Library/Frameworks -c -j8 -enable-batch-mode -incremental -Xcc -ivfsstatcache -Xcc /Users/buddhirajgautam/Library/Developer/Xcode/DerivedData/SDKStatCaches.noindex/macosx27.0-26A425-e829b21a6f8c9b70876ba0858053c0447231f6df4def33e022ae2eb8f782df1a.sdkstatcache -output-file-map /Users/buddhirajgautam/Library/Developer/Xcode/DerivedData/Telegram-Mac-fygdgghdgmuleoelvxabfmqiotta/Build/Intermediates.noindex/KeyboardKey.build/Debug/KeyboardKey-t.build/Objects-normal/arm64/KeyboardKey-OutputFileMap.json -save-temps -no-color-diagnostics -explicit-module-build -module-cache-path /Users/buddhirajgautam/Library/Developer/Xcode/DerivedData/Telegram-Mac-fygdgghdgmuleoelvxabfmqiotta/Build/Intermediates.noindex/SwiftExplicitPrecompiledModules -clang-scanner-module-cache-path /Users/buddhirajgautam/Library/Developer/Xcode/DerivedData/ModuleCache.noindex -sdk-module-cache-path /Users/buddhirajgautam/Library/Developer/Xcode/DerivedData/SDKExplicitPrecompiledModules -emit-dependencies -emit-module -emit-module-path /Users/buddhirajgautam/Library/Developer/Xcode/DerivedData/Telegram-Mac-fygdgghdgmuleoelvxabfmqiotta/Build/Intermediates.noindex/KeyboardKey.build/Debug/KeyboardKey-t.build/Objects-normal/arm64/KeyboardKey.swiftmodule -serialize-diagnostics -dependency-scan-serialize-diagnostics-path /Users/buddhirajgautam/Library/Developer/Xcode/DerivedData/Telegram-Mac-fygdgghdgmuleoelvxabfmqiotta/Build/Intermediates.noindex/KeyboardKey.build/Debug/KeyboardKey-t.build/Objects-normal/arm64/KeyboardKey-dependency-scan.dia -validate-clang-modules-once -clang-build-session-file /Users/buddhirajgautam/Library/Developer/Xcode/DerivedData/ModuleCache.noindex/Session.modulevalidation -Xcc -fmodules-prune-interval\=86400 -Xcc -fmodules-prune-after\=345600 -emit-const-values -const-gather-protocols-list /Users/buddhirajgautam/Library/Developer/Xcode/DerivedData/Telegram-Mac-fygdgghdgmuleoelvxabfmqiotta/Build/Intermediates.noindex/KeyboardKey.build/Debug/KeyboardKey-t.build/Objects-normal/arm64/KeyboardKey_const_extract_protocols.json -Xcc -I/Users/buddhirajgautam/Library/Developer/Xcode/DerivedData/Telegram-Mac-fygdgghdgmuleoelvxabfmqiotta/Build/Products/Debug/include -Xcc -I/Users/buddhirajgautam/Library/Developer/Xcode/DerivedData/Telegram-Mac-fygdgghdgmuleoelvxabfmqiotta/Build/Intermediates.noindex/KeyboardKey.build/Debug/KeyboardKey-t.build/DerivedSources-normal/arm64 -Xcc -I/Users/buddhirajgautam/Library/Developer/Xcode/DerivedData/Telegram-Mac-fygdgghdgmuleoelvxabfmqiotta/Build/Intermediates.noindex/KeyboardKey.build/Debug/KeyboardKey-t.build/DerivedSources/arm64 -Xcc -I/Users/buddhirajgautam/Library/Developer/Xcode/DerivedData/Telegram-Mac-fygdgghdgmuleoelvxabfmqiotta/Build/Intermediates.noindex/KeyboardKey.build/Debug/KeyboardKey-t.build/DerivedSources -Xcc -DSWIFT_PACKAGE -Xcc -DDEBUG\=1 -emit-objc-header -emit-objc-header-path /Users/buddhirajgautam/Library/Developer/Xcode/DerivedData/Telegram-Mac-fygdgghdgmuleoelvxabfmqiotta/Build/Intermediates.noindex/KeyboardKey.build/Debug/KeyboardKey-t.build/Objects-normal/arm64/KeyboardKey-Swift.h -working-directory /Users/buddhirajgautam/Documents/Cherrygram-Mac/macOS-Swift -experimental-emit-module-separately -disable-cmo

SwiftDriverJobDiscovery normal arm64 Compiling NumberFormatter+Utils.swift, ScalesNumberFormatter.swift, TextUtils.swift, TimeInterval+Utils.swift, TimeZone.swift, UIColor+Utils.swift (in target 'GraphCore' from project 'GraphCore')

SwiftCompile normal arm64 Compiling\ BaseChartRenderer.swift,\ ChartDetailsRenderer.swift,\ HorizontalScalesRenderer.swift,\ LineBulletsRenderer.swift,\ LinesChartRenderer.swift,\ PecentChartRenderer.swift /Users/buddhirajgautam/Documents/Cherrygram-Mac/macOS-Swift/submodules/telegram-ios/submodules/GraphCore/Sources/Charts/Renderes/BaseChartRenderer.swift /Users/buddhirajgautam/Documents/Cherrygram-Mac/macOS-Swift/submodules/telegram-ios/submodules/GraphCore/Sources/Charts/Renderes/ChartDetailsRenderer.swift /Users/buddhirajgautam/Documents/Cherrygram-Mac/macOS-Swift/submodules/telegram-ios/submodules/GraphCore/Sources/Charts/Renderes/HorizontalScalesRenderer.swift /Users/buddhirajgautam/Documents/Cherrygram-Mac/macOS-Swift/submodules/telegram-ios/submodules/GraphCore/Sources/Charts/Renderes/LineBulletsRenderer.swift /Users/buddhirajgautam/Documents/Cherrygram-Mac/macOS-Swift/submodules/telegram-ios/submodules/GraphCore/Sources/Charts/Renderes/LinesChartRenderer.swift /Users/buddhirajgautam/Documents/Cherrygram-Mac/macOS-Swift/submodules/telegram-ios/submodules/GraphCore/Sources/Charts/Renderes/PecentChartRenderer.swift (in target 'GraphCore' from project 'GraphCore')

SwiftCompile normal arm64 /Users/buddhirajgautam/Documents/Cherrygram-Mac/macOS-Swift/submodules/telegram-ios/submodules/GraphCore/Sources/Charts/Renderes/BaseChartRenderer.swift (in target 'GraphCore' from project 'GraphCore')
    cd /Users/buddhirajgautam/Documents/Cherrygram-Mac/macOS-Swift
    builtin-SwiftPerFileCompile BaseChartRenderer.swift

SwiftCompile normal arm64 /Users/buddhirajgautam/Documents/Cherrygram-Mac/macOS-Swift/submodules/telegram-ios/submodules/GraphCore/Sources/Charts/Renderes/ChartDetailsRenderer.swift (in target 'GraphCore' from project 'GraphCore')
    cd /Users/buddhirajgautam/Documents/Cherrygram-Mac/macOS-Swift
    builtin-SwiftPerFileCompile ChartDetailsRenderer.swift

SwiftCompile normal arm64 /Users/buddhirajgautam/Documents/Cherrygram-Mac/macOS-Swift/submodules/telegram-ios/submodules/GraphCore/Sources/Charts/Renderes/HorizontalScalesRenderer.swift (in target 'GraphCore' from project 'GraphCore')
    cd /Users/buddhirajgautam/Documents/Cherrygram-Mac/macOS-Swift
    builtin-SwiftPerFileCompile HorizontalScalesRenderer.swift

SwiftCompile normal arm64 /Users/buddhirajgautam/Documents/Cherrygram-Mac/macOS-Swift/submodules/telegram-ios/submodules/GraphCore/Sources/Charts/Renderes/LineBulletsRenderer.swift (in target 'GraphCore' from project 'GraphCore')
    cd /Users/buddhirajgautam/Documents/Cherrygram-Mac/macOS-Swift
    builtin-SwiftPerFileCompile LineBulletsRenderer.swift

SwiftCompile normal arm64 /Users/buddhirajgautam/Documents/Cherrygram-Mac/macOS-Swift/submodules/telegram-ios/submodules/GraphCore/Sources/Charts/Renderes/LinesChartRenderer.swift (in target 'GraphCore' from project 'GraphCore')
    cd /Users/buddhirajgautam/Documents/Cherrygram-Mac/macOS-Swift
    builtin-SwiftPerFileCompile LinesChartRenderer.swift

SwiftCompile normal arm64 /Users/buddhirajgautam/Documents/Cherrygram-Mac/macOS-Swift/submodules/telegram-ios/submodules/GraphCore/Sources/Charts/Renderes/PecentChartRenderer.swift (in target 'GraphCore' from project 'GraphCore')
    cd /Users/buddhirajgautam/Documents/Cherrygram-Mac/macOS-Swift
    builtin-SwiftPerFileCompile PecentChartRenderer.swift

SwiftDriverJobDiscovery normal arm64 Compiling Array+Utils.swift, CGFloat.swift, CGPoint+Extensions.swift, ClosedRange+Utils.swift, DisplayLinkService.swift, GlobalHelpers.swift (in target 'GraphCore' from project 'GraphCore')

Touch /Users/buddhirajgautam/Library/Developer/Xcode/DerivedData/Telegram-Mac-fygdgghdgmuleoelvxabfmqiotta/Build/Products/Debug/GoogleUtilities_GoogleUtilities-UserDefaults.bundle (in target 'GoogleUtilities_GoogleUtilities-UserDefaults' from project 'GoogleUtilities')
    cd /Users/buddhirajgautam/Library/Developer/Xcode/DerivedData/Telegram-Mac-fygdgghdgmuleoelvxabfmqiotta/SourcePackages/checkouts/GoogleUtilities
    /usr/bin/touch -c /Users/buddhirajgautam/Library/Developer/Xcode/DerivedData/Telegram-Mac-fygdgghdgmuleoelvxabfmqiotta/Build/Products/Debug/GoogleUtilities_GoogleUtilities-UserDefaults.bundle

Touch /Users/buddhirajgautam/Library/Developer/Xcode/DerivedData/Telegram-Mac-fygdgghdgmuleoelvxabfmqiotta/Build/Products/Debug/GoogleUtilities_GoogleUtilities-Reachability.bundle (in target 'GoogleUtilities_GoogleUtilities-Reachability' from project 'GoogleUtilities')
    cd /Users/buddhirajgautam/Library/Developer/Xcode/DerivedData/Telegram-Mac-fygdgghdgmuleoelvxabfmqiotta/SourcePackages/checkouts/GoogleUtilities
    /usr/bin/touch -c /Users/buddhirajgautam/Library/Developer/Xcode/DerivedData/Telegram-Mac-fygdgghdgmuleoelvxabfmqiotta/Build/Products/Debug/GoogleUtilities_GoogleUtilities-Reachability.bundle

ScanDependencies /Users/buddhirajgautam/Library/Developer/Xcode/DerivedData/Telegram-Mac-fygdgghdgmuleoelvxabfmqiotta/Build/Intermediates.noindex/GoogleUtilities.build/Debug/GoogleUtilities-UserDefaults-t.build/Objects-normal/arm64/resource_bundle_accessor.o /Users/buddhirajgautam/Library/Developer/Xcode/DerivedData/Telegram-Mac-fygdgghdgmuleoelvxabfmqiotta/Build/Intermediates.noindex/GoogleUtilities.build/Debug/GoogleUtilities-UserDefaults-t.build/DerivedSources/resource_bundle_accessor.m normal arm64 objective-c com.apple.compilers.llvm.clang.1_0.compiler (in target 'GoogleUtilities-UserDefaults' from project 'GoogleUtilities')
    cd /Users/buddhirajgautam/Documents/Cherrygram-Mac/macOS-Swift
    
    Using response file: /Users/buddhirajgautam/Library/Developer/Xcode/DerivedData/Telegram-Mac-fygdgghdgmuleoelvxabfmqiotta/Build/Intermediates.noindex/GoogleUtilities.build/Debug/GoogleUtilities-UserDefaults-t.build/Objects-normal/arm64/e6072d4f65d7061329687fe24e3d63a7-common-args.resp
    
    builtin-ScanDependencies -o /Users/buddhirajgautam/Library/Developer/Xcode/DerivedData/Telegram-Mac-fygdgghdgmuleoelvxabfmqiotta/Build/Intermediates.noindex/GoogleUtilities.build/Debug/GoogleUtilities-UserDefaults-t.build/Objects-normal/arm64/resource_bundle_accessor.o.scan -- /Applications/Xcode.app/Contents/Developer/Toolchains/XcodeDefault.xctoolchain/usr/bin/clang -x objective-c -ivfsstatcache /Users/buddhirajgautam/Library/Developer/Xcode/DerivedData/SDKStatCaches.noindex/macosx27.0-26A425-e829b21a6f8c9b70876ba0858053c0447231f6df4def33e022ae2eb8f782df1a.sdkstatcache -target arm64-apple-macos12.0 -fmessage-length\=0 -fdiagnostics-show-note-include-stack -fmacro-backtrace-limit\=0 -fno-color-diagnostics -fmodules-prune-interval\=86400 -fmodules-prune-after\=345600 -fbuild-session-file\=/Users/buddhirajgautam/Library/Developer/Xcode/DerivedData/ModuleCache.noindex/Session.modulevalidation -fmodules-validate-once-per-build-session -Wnon-modular-include-in-framework-module -Werror\=non-modular-include-in-framework-module -Wno-trigraphs -Wno-missing-field-initializers -Wno-missing-prototypes -Wno-return-type -Wno-implicit-atomic-properties -Wno-objc-interface-ivars -Wno-arc-repeated-use-of-weak -Wno-missing-braces -Wparentheses -Wswitch -Wno-unused-function -Wno-unused-label -Wno-unused-parameter -Wno-unused-variable -Wunused-value -Wno-empty-body -Wno-uninitialized -Wno-unknown-pragmas -w -Wno-shadow -Wno-four-char-constants -Wno-conversion -Wno-constant-conversion -Wno-int-conversion -Wno-bool-conversion -Wno-enum-conversion -Wno-float-conversion -Wno-non-literal-null-conversion -Wno-objc-literal-conversion -Wshorten-64-to-32 -Wpointer-sign -Wno-newline-eof -Wno-selector -Wno-strict-selector-match -Wno-undeclared-selector -Wno-deprecated-implementations -Wno-implicit-fallthrough -isysroot /Applications/Xcode.app/Contents/Developer/Platforms/MacOSX.platform/Developer/SDKs/MacOSX27.0.sdk -fstrict-aliasing -Wprotocol -Wdeprecated-declarations -Wno-sign-conversion -Wno-infinite-recursion -Wno-comma -Wno-block-capture-autoreleasing -Wno-strict-prototypes -Wno-semicolon-before-method-body -index-store-path /Users/buddhirajgautam/Library/Developer/Xcode/DerivedData/Telegram-Mac-fygdgghdgmuleoelvxabfmqiotta/Index.noindex/DataStore @/Users/buddhirajgautam/Library/Developer/Xcode/DerivedData/Telegram-Mac-fygdgghdgmuleoelvxabfmqiotta/Build/Intermediates.noindex/GoogleUtilities.build/Debug/GoogleUtilities-UserDefaults-t.build/Objects-normal/arm64/e6072d4f65d7061329687fe24e3d63a7-common-args.resp -include /Users/buddhirajgautam/Library/Developer/Xcode/DerivedData/Telegram-Mac-fygdgghdgmuleoelvxabfmqiotta/Build/Intermediates.noindex/GoogleUtilities.build/Debug/GoogleUtilities-UserDefaults-t.build/DerivedSources/resource_bundle_accessor.h -MMD -MT dependencies -MF /Users/buddhirajgautam/Library/Developer/Xcode/DerivedData/Telegram-Mac-fygdgghdgmuleoelvxabfmqiotta/Build/Intermediates.noindex/GoogleUtilities.build/Debug/GoogleUtilities-UserDefaults-t.build/Objects-normal/arm64/resource_bundle_accessor.d --serialize-diagnostics /Users/buddhirajgautam/Library/Developer/Xcode/DerivedData/Telegram-Mac-fygdgghdgmuleoelvxabfmqiotta/Build/Intermediates.noindex/GoogleUtilities.build/Debug/GoogleUtilities-UserDefaults-t.build/Objects-normal/arm64/resource_bundle_accessor.dia -c /Users/buddhirajgautam/Library/Developer/Xcode/DerivedData/Telegram-Mac-fygdgghdgmuleoelvxabfmqiotta/Build/Intermediates.noindex/GoogleUtilities.build/Debug/GoogleUtilities-UserDefaults-t.build/DerivedSources/resource_bundle_accessor.m -o /Users/buddhirajgautam/Library/Developer/Xcode/DerivedData/Telegram-Mac-fygdgghdgmuleoelvxabfmqiotta/Build/Intermediates.noindex/GoogleUtilities.build/Debug/GoogleUtilities-UserDefaults-t.build/Objects-normal/arm64/resource_bundle_accessor.o -index-unit-output-path /GoogleUtilities.build/Debug/GoogleUtilities-UserDefaults-t.build/Objects-normal/arm64/resource_bundle_accessor.o

ScanDependencies /Users/buddhirajgautam/Library/Developer/Xcode/DerivedData/Telegram-Mac-fygdgghdgmuleoelvxabfmqiotta/Build/Intermediates.noindex/GoogleUtilities.build/Debug/GoogleUtilities-UserDefaults-t.build/Objects-normal/arm64/GULUserDefaults.o /Users/buddhirajgautam/Library/Developer/Xcode/DerivedData/Telegram-Mac-fygdgghdgmuleoelvxabfmqiotta/SourcePackages/checkouts/GoogleUtilities/GoogleUtilities/UserDefaults/GULUserDefaults.m normal arm64 objective-c com.apple.compilers.llvm.clang.1_0.compiler (in target 'GoogleUtilities-UserDefaults' from project 'GoogleUtilities')
    cd /Users/buddhirajgautam/Documents/Cherrygram-Mac/macOS-Swift
    
    Using response file: /Users/buddhirajgautam/Library/Developer/Xcode/DerivedData/Telegram-Mac-fygdgghdgmuleoelvxabfmqiotta/Build/Intermediates.noindex/GoogleUtilities.build/Debug/GoogleUtilities-UserDefaults-t.build/Objects-normal/arm64/e6072d4f65d7061329687fe24e3d63a7-common-args.resp
    
    builtin-ScanDependencies -o /Users/buddhirajgautam/Library/Developer/Xcode/DerivedData/Telegram-Mac-fygdgghdgmuleoelvxabfmqiotta/Build/Intermediates.noindex/GoogleUtilities.build/Debug/GoogleUtilities-UserDefaults-t.build/Objects-normal/arm64/GULUserDefaults.o.scan -- /Applications/Xcode.app/Contents/Developer/Toolchains/XcodeDefault.xctoolchain/usr/bin/clang -x objective-c -ivfsstatcache /Users/buddhirajgautam/Library/Developer/Xcode/DerivedData/SDKStatCaches.noindex/macosx27.0-26A425-e829b21a6f8c9b70876ba0858053c0447231f6df4def33e022ae2eb8f782df1a.sdkstatcache -target arm64-apple-macos12.0 -fmessage-length\=0 -fdiagnostics-show-note-include-stack -fmacro-backtrace-limit\=0 -fno-color-diagnostics -fmodules-prune-interval\=86400 -fmodules-prune-after\=345600 -fbuild-session-file\=/Users/buddhirajgautam/Library/Developer/Xcode/DerivedData/ModuleCache.noindex/Session.modulevalidation -fmodules-validate-once-per-build-session -Wnon-modular-include-in-framework-module -Werror\=non-modular-include-in-framework-module -Wno-trigraphs -Wno-missing-field-initializers -Wno-missing-prototypes -Wno-return-type -Wno-implicit-atomic-properties -Wno-objc-interface-ivars -Wno-arc-repeated-use-of-weak -Wno-missing-braces -Wparentheses -Wswitch -Wno-unused-function -Wno-unused-label -Wno-unused-parameter -Wno-unused-variable -Wunused-value -Wno-empty-body -Wno-uninitialized -Wno-unknown-pragmas -w -Wno-shadow -Wno-four-char-constants -Wno-conversion -Wno-constant-conversion -Wno-int-conversion -Wno-bool-conversion -Wno-enum-conversion -Wno-float-conversion -Wno-non-literal-null-conversion -Wno-objc-literal-conversion -Wshorten-64-to-32 -Wpointer-sign -Wno-newline-eof -Wno-selector -Wno-strict-selector-match -Wno-undeclared-selector -Wno-deprecated-implementations -Wno-implicit-fallthrough -isysroot /Applications/Xcode.app/Contents/Developer/Platforms/MacOSX.platform/Developer/SDKs/MacOSX27.0.sdk -fstrict-aliasing -Wprotocol -Wdeprecated-declarations -Wno-sign-conversion -Wno-infinite-recursion -Wno-comma -Wno-block-capture-autoreleasing -Wno-strict-prototypes -Wno-semicolon-before-method-body -index-store-path /Users/buddhirajgautam/Library/Developer/Xcode/DerivedData/Telegram-Mac-fygdgghdgmuleoelvxabfmqiotta/Index.noindex/DataStore @/Users/buddhirajgautam/Library/Developer/Xcode/DerivedData/Telegram-Mac-fygdgghdgmuleoelvxabfmqiotta/Build/Intermediates.noindex/GoogleUtilities.build/Debug/GoogleUtilities-UserDefaults-t.build/Objects-normal/arm64/e6072d4f65d7061329687fe24e3d63a7-common-args.resp -include /Users/buddhirajgautam/Library/Developer/Xcode/DerivedData/Telegram-Mac-fygdgghdgmuleoelvxabfmqiotta/Build/Intermediates.noindex/GoogleUtilities.build/Debug/GoogleUtilities-UserDefaults-t.build/DerivedSources/resource_bundle_accessor.h -MMD -MT dependencies -MF /Users/buddhirajgautam/Library/Developer/Xcode/DerivedData/Telegram-Mac-fygdgghdgmuleoelvxabfmqiotta/Build/Intermediates.noindex/GoogleUtilities.build/Debug/GoogleUtilities-UserDefaults-t.build/Objects-normal/arm64/GULUserDefaults.d --serialize-diagnostics /Users/buddhirajgautam/Library/Developer/Xcode/DerivedData/Telegram-Mac-fygdgghdgmuleoelvxabfmqiotta/Build/Intermediates.noindex/GoogleUtilities.build/Debug/GoogleUtilities-UserDefaults-t.build/Objects-normal/arm64/GULUserDefaults.dia -c /Users/buddhirajgautam/Library/Developer/Xcode/DerivedData/Telegram-Mac-fygdgghdgmuleoelvxabfmqiotta/SourcePackages/checkouts/GoogleUtilities/GoogleUtilities/UserDefaults/GULUserDefaults.m -o /Users/buddhirajgautam/Library/Developer/Xcode/DerivedData/Telegram-Mac-fygdgghdgmuleoelvxabfmqiotta/Build/Intermediates.noindex/GoogleUtilities.build/Debug/GoogleUtilities-UserDefaults-t.build/Objects-normal/arm64/GULUserDefaults.o -index-unit-output-path /GoogleUtilities.build/Debug/GoogleUtilities-UserDefaults-t.build/Objects-normal/arm64/GULUserDefaults.o

SwiftDriverJobDiscovery normal arm64 Compiling UIImage+Utils.swift, UIView+Extensions.swift, ChartLineData.swift, ColorMode.swift, LinesChartLabel.swift, LinesSelectionLabel.swift (in target 'GraphCore' from project 'GraphCore')

ScanDependencies /Users/buddhirajgautam/Library/Developer/Xcode/DerivedData/Telegram-Mac-fygdgghdgmuleoelvxabfmqiotta/Build/Intermediates.noindex/GoogleUtilities.build/Debug/GoogleUtilities-Reachability-t.build/Objects-normal/arm64/resource_bundle_accessor.o /Users/buddhirajgautam/Library/Developer/Xcode/DerivedData/Telegram-Mac-fygdgghdgmuleoelvxabfmqiotta/Build/Intermediates.noindex/GoogleUtilities.build/Debug/GoogleUtilities-Reachability-t.build/DerivedSources/resource_bundle_accessor.m normal arm64 objective-c com.apple.compilers.llvm.clang.1_0.compiler (in target 'GoogleUtilities-Reachability' from project 'GoogleUtilities')
    cd /Users/buddhirajgautam/Documents/Cherrygram-Mac/macOS-Swift
    
    Using response file: /Users/buddhirajgautam/Library/Developer/Xcode/DerivedData/Telegram-Mac-fygdgghdgmuleoelvxabfmqiotta/Build/Intermediates.noindex/GoogleUtilities.build/Debug/GoogleUtilities-Reachability-t.build/Objects-normal/arm64/e6072d4f65d7061329687fe24e3d63a7-common-args.resp
    
    builtin-ScanDependencies -o /Users/buddhirajgautam/Library/Developer/Xcode/DerivedData/Telegram-Mac-fygdgghdgmuleoelvxabfmqiotta/Build/Intermediates.noindex/GoogleUtilities.build/Debug/GoogleUtilities-Reachability-t.build/Objects-normal/arm64/resource_bundle_accessor.o.scan -- /Applications/Xcode.app/Contents/Developer/Toolchains/XcodeDefault.xctoolchain/usr/bin/clang -x objective-c -ivfsstatcache /Users/buddhirajgautam/Library/Developer/Xcode/DerivedData/SDKStatCaches.noindex/macosx27.0-26A425-e829b21a6f8c9b70876ba0858053c0447231f6df4def33e022ae2eb8f782df1a.sdkstatcache -target arm64-apple-macos12.0 -fmessage-length\=0 -fdiagnostics-show-note-include-stack -fmacro-backtrace-limit\=0 -fno-color-diagnostics -fmodules-prune-interval\=86400 -fmodules-prune-after\=345600 -fbuild-session-file\=/Users/buddhirajgautam/Library/Developer/Xcode/DerivedData/ModuleCache.noindex/Session.modulevalidation -fmodules-validate-once-per-build-session -Wnon-modular-include-in-framework-module -Werror\=non-modular-include-in-framework-module -Wno-trigraphs -Wno-missing-field-initializers -Wno-missing-prototypes -Wno-return-type -Wno-implicit-atomic-properties -Wno-objc-interface-ivars -Wno-arc-repeated-use-of-weak -Wno-missing-braces -Wparentheses -Wswitch -Wno-unused-function -Wno-unused-label -Wno-unused-parameter -Wno-unused-variable -Wunused-value -Wno-empty-body -Wno-uninitialized -Wno-unknown-pragmas -w -Wno-shadow -Wno-four-char-constants -Wno-conversion -Wno-constant-conversion -Wno-int-conversion -Wno-bool-conversion -Wno-enum-conversion -Wno-float-conversion -Wno-non-literal-null-conversion -Wno-objc-literal-conversion -Wshorten-64-to-32 -Wpointer-sign -Wno-newline-eof -Wno-selector -Wno-strict-selector-match -Wno-undeclared-selector -Wno-deprecated-implementations -Wno-implicit-fallthrough -isysroot /Applications/Xcode.app/Contents/Developer/Platforms/MacOSX.platform/Developer/SDKs/MacOSX27.0.sdk -fstrict-aliasing -Wprotocol -Wdeprecated-declarations -Wno-sign-conversion -Wno-infinite-recursion -Wno-comma -Wno-block-capture-autoreleasing -Wno-strict-prototypes -Wno-semicolon-before-method-body -index-store-path /Users/buddhirajgautam/Library/Developer/Xcode/DerivedData/Telegram-Mac-fygdgghdgmuleoelvxabfmqiotta/Index.noindex/DataStore @/Users/buddhirajgautam/Library/Developer/Xcode/DerivedData/Telegram-Mac-fygdgghdgmuleoelvxabfmqiotta/Build/Intermediates.noindex/GoogleUtilities.build/Debug/GoogleUtilities-Reachability-t.build/Objects-normal/arm64/e6072d4f65d7061329687fe24e3d63a7-common-args.resp -include /Users/buddhirajgautam/Library/Developer/Xcode/DerivedData/Telegram-Mac-fygdgghdgmuleoelvxabfmqiotta/Build/Intermediates.noindex/GoogleUtilities.build/Debug/GoogleUtilities-Reachability-t.build/DerivedSources/resource_bundle_accessor.h -MMD -MT dependencies -MF /Users/buddhirajgautam/Library/Developer/Xcode/DerivedData/Telegram-Mac-fygdgghdgmuleoelvxabfmqiotta/Build/Intermediates.noindex/GoogleUtilities.build/Debug/GoogleUtilities-Reachability-t.build/Objects-normal/arm64/resource_bundle_accessor.d --serialize-diagnostics /Users/buddhirajgautam/Library/Developer/Xcode/DerivedData/Telegram-Mac-fygdgghdgmuleoelvxabfmqiotta/Build/Intermediates.noindex/GoogleUtilities.build/Debug/GoogleUtilities-Reachability-t.build/Objects-normal/arm64/resource_bundle_accessor.dia -c /Users/buddhirajgautam/Library/Developer/Xcode/DerivedData/Telegram-Mac-fygdgghdgmuleoelvxabfmqiotta/Build/Intermediates.noindex/GoogleUtilities.build/Debug/GoogleUtilities-Reachability-t.build/DerivedSources/resource_bundle_accessor.m -o /Users/buddhirajgautam/Library/Developer/Xcode/DerivedData/Telegram-Mac-fygdgghdgmuleoelvxabfmqiotta/Build/Intermediates.noindex/GoogleUtilities.build/Debug/GoogleUtilities-Reachability-t.build/Objects-normal/arm64/resource_bundle_accessor.o -index-unit-output-path /GoogleUtilities.build/Debug/GoogleUtilities-Reachability-t.build/Objects-normal/arm64/resource_bundle_accessor.o

SwiftDriverJobDiscovery normal arm64 Compiling ChartVisibilityItem.swift, ChartsCollection.swift, ChartsDataManager.swift, ChartsError.swift, Convert.swift, BaseChartController.swift, GeneralChartComponentController.swift (in target 'GraphCore' from project 'GraphCore')

ScanDependencies /Users/buddhirajgautam/Library/Developer/Xcode/DerivedData/Telegram-Mac-fygdgghdgmuleoelvxabfmqiotta/Build/Intermediates.noindex/GoogleUtilities.build/Debug/GoogleUtilities-Reachability-t.build/Objects-normal/arm64/GULReachabilityChecker.o /Users/buddhirajgautam/Library/Developer/Xcode/DerivedData/Telegram-Mac-fygdgghdgmuleoelvxabfmqiotta/SourcePackages/checkouts/GoogleUtilities/GoogleUtilities/Reachability/GULReachabilityChecker.m normal arm64 objective-c com.apple.compilers.llvm.clang.1_0.compiler (in target 'GoogleUtilities-Reachability' from project 'GoogleUtilities')
    cd /Users/buddhirajgautam/Documents/Cherrygram-Mac/macOS-Swift
    
    Using response file: /Users/buddhirajgautam/Library/Developer/Xcode/DerivedData/Telegram-Mac-fygdgghdgmuleoelvxabfmqiotta/Build/Intermediates.noindex/GoogleUtilities.build/Debug/GoogleUtilities-Reachability-t.build/Objects-normal/arm64/e6072d4f65d7061329687fe24e3d63a7-common-args.resp
    
    builtin-ScanDependencies -o /Users/buddhirajgautam/Library/Developer/Xcode/DerivedData/Telegram-Mac-fygdgghdgmuleoelvxabfmqiotta/Build/Intermediates.noindex/GoogleUtilities.build/Debug/GoogleUtilities-Reachability-t.build/Objects-normal/arm64/GULReachabilityChecker.o.scan -- /Applications/Xcode.app/Contents/Developer/Toolchains/XcodeDefault.xctoolchain/usr/bin/clang -x objective-c -ivfsstatcache /Users/buddhirajgautam/Library/Developer/Xcode/DerivedData/SDKStatCaches.noindex/macosx27.0-26A425-e829b21a6f8c9b70876ba0858053c0447231f6df4def33e022ae2eb8f782df1a.sdkstatcache -target arm64-apple-macos12.0 -fmessage-length\=0 -fdiagnostics-show-note-include-stack -fmacro-backtrace-limit\=0 -fno-color-diagnostics -fmodules-prune-interval\=86400 -fmodules-prune-after\=345600 -fbuild-session-file\=/Users/buddhirajgautam/Library/Developer/Xcode/DerivedData/ModuleCache.noindex/Session.modulevalidation -fmodules-validate-once-per-build-session -Wnon-modular-include-in-framework-module -Werror\=non-modular-include-in-framework-module -Wno-trigraphs -Wno-missing-field-initializers -Wno-missing-prototypes -Wno-return-type -Wno-implicit-atomic-properties -Wno-objc-interface-ivars -Wno-arc-repeated-use-of-weak -Wno-missing-braces -Wparentheses -Wswitch -Wno-unused-function -Wno-unused-label -Wno-unused-parameter -Wno-unused-variable -Wunused-value -Wno-empty-body -Wno-uninitialized -Wno-unknown-pragmas -w -Wno-shadow -Wno-four-char-constants -Wno-conversion -Wno-constant-conversion -Wno-int-conversion -Wno-bool-conversion -Wno-enum-conversion -Wno-float-conversion -Wno-non-literal-null-conversion -Wno-objc-literal-conversion -Wshorten-64-to-32 -Wpointer-sign -Wno-newline-eof -Wno-selector -Wno-strict-selector-match -Wno-undeclared-selector -Wno-deprecated-implementations -Wno-implicit-fallthrough -isysroot /Applications/Xcode.app/Contents/Developer/Platforms/MacOSX.platform/Developer/SDKs/MacOSX27.0.sdk -fstrict-aliasing -Wprotocol -Wdeprecated-declarations -Wno-sign-conversion -Wno-infinite-recursion -Wno-comma -Wno-block-capture-autoreleasing -Wno-strict-prototypes -Wno-semicolon-before-method-body -index-store-path /Users/buddhirajgautam/Library/Developer/Xcode/DerivedData/Telegram-Mac-fygdgghdgmuleoelvxabfmqiotta/Index.noindex/DataStore @/Users/buddhirajgautam/Library/Developer/Xcode/DerivedData/Telegram-Mac-fygdgghdgmuleoelvxabfmqiotta/Build/Intermediates.noindex/GoogleUtilities.build/Debug/GoogleUtilities-Reachability-t.build/Objects-normal/arm64/e6072d4f65d7061329687fe24e3d63a7-common-args.resp -include /Users/buddhirajgautam/Library/Developer/Xcode/DerivedData/Telegram-Mac-fygdgghdgmuleoelvxabfmqiotta/Build/Intermediates.noindex/GoogleUtilities.build/Debug/GoogleUtilities-Reachability-t.build/DerivedSources/resource_bundle_accessor.h -MMD -MT dependencies -MF /Users/buddhirajgautam/Library/Developer/Xcode/DerivedData/Telegram-Mac-fygdgghdgmuleoelvxabfmqiotta/Build/Intermediates.noindex/GoogleUtilities.build/Debug/GoogleUtilities-Reachability-t.build/Objects-normal/arm64/GULReachabilityChecker.d --serialize-diagnostics /Users/buddhirajgautam/Library/Developer/Xcode/DerivedData/Telegram-Mac-fygdgghdgmuleoelvxabfmqiotta/Build/Intermediates.noindex/GoogleUtilities.build/Debug/GoogleUtilities-Reachability-t.build/Objects-normal/arm64/GULReachabilityChecker.dia -c /Users/buddhirajgautam/Library/Developer/Xcode/DerivedData/Telegram-Mac-fygdgghdgmuleoelvxabfmqiotta/SourcePackages/checkouts/GoogleUtilities/GoogleUtilities/Reachability/GULReachabilityChecker.m -o /Users/buddhirajgautam/Library/Developer/Xcode/DerivedData/Telegram-Mac-fygdgghdgmuleoelvxabfmqiotta/Build/Intermediates.noindex/GoogleUtilities.build/Debug/GoogleUtilities-Reachability-t.build/Objects-normal/arm64/GULReachabilityChecker.o -index-unit-output-path /GoogleUtilities.build/Debug/GoogleUtilities-Reachability-t.build/Objects-normal/arm64/GULReachabilityChecker.o

SwiftDriverJobDiscovery normal arm64 Compiling DailyBarsChartController.swift, LinesComponentController.swift, StackedBarsChartController.swift, StepBarsChartController.swift, TwoAxisStepBarsChartController.swift, BarChartRenderer.swift (in target 'GraphCore' from project 'GraphCore')

ScanDependencies /Users/buddhirajgautam/Library/Developer/Xcode/DerivedData/Telegram-Mac-fygdgghdgmuleoelvxabfmqiotta/Build/Intermediates.noindex/GoogleUtilities.build/Debug/GoogleUtilities-Network-t.build/Objects-normal/arm64/resource_bundle_accessor.o /Users/buddhirajgautam/Library/Developer/Xcode/DerivedData/Telegram-Mac-fygdgghdgmuleoelvxabfmqiotta/Build/Intermediates.noindex/GoogleUtilities.build/Debug/GoogleUtilities-Network-t.build/DerivedSources/resource_bundle_accessor.m normal arm64 objective-c com.apple.compilers.llvm.clang.1_0.compiler (in target 'GoogleUtilities-Network' from project 'GoogleUtilities')
    cd /Users/buddhirajgautam/Documents/Cherrygram-Mac/macOS-Swift
    
    Using response file: /Users/buddhirajgautam/Library/Developer/Xcode/DerivedData/Telegram-Mac-fygdgghdgmuleoelvxabfmqiotta/Build/Intermediates.noindex/GoogleUtilities.build/Debug/GoogleUtilities-Network-t.build/Objects-normal/arm64/e6072d4f65d7061329687fe24e3d63a7-common-args.resp
    
    builtin-ScanDependencies -o /Users/buddhirajgautam/Library/Developer/Xcode/DerivedData/Telegram-Mac-fygdgghdgmuleoelvxabfmqiotta/Build/Intermediates.noindex/GoogleUtilities.build/Debug/GoogleUtilities-Network-t.build/Objects-normal/arm64/resource_bundle_accessor.o.scan -- /Applications/Xcode.app/Contents/Developer/Toolchains/XcodeDefault.xctoolchain/usr/bin/clang -x objective-c -ivfsstatcache /Users/buddhirajgautam/Library/Developer/Xcode/DerivedData/SDKStatCaches.noindex/macosx27.0-26A425-e829b21a6f8c9b70876ba0858053c0447231f6df4def33e022ae2eb8f782df1a.sdkstatcache -target arm64-apple-macos12.0 -fmessage-length\=0 -fdiagnostics-show-note-include-stack -fmacro-backtrace-limit\=0 -fno-color-diagnostics -fmodules-prune-interval\=86400 -fmodules-prune-after\=345600 -fbuild-session-file\=/Users/buddhirajgautam/Library/Developer/Xcode/DerivedData/ModuleCache.noindex/Session.modulevalidation -fmodules-validate-once-per-build-session -Wnon-modular-include-in-framework-module -Werror\=non-modular-include-in-framework-module -Wno-trigraphs -Wno-missing-field-initializers -Wno-missing-prototypes -Wno-return-type -Wno-implicit-atomic-properties -Wno-objc-interface-ivars -Wno-arc-repeated-use-of-weak -Wno-missing-braces -Wparentheses -Wswitch -Wno-unused-function -Wno-unused-label -Wno-unused-parameter -Wno-unused-variable -Wunused-value -Wno-empty-body -Wno-uninitialized -Wno-unknown-pragmas -w -Wno-shadow -Wno-four-char-constants -Wno-conversion -Wno-constant-conversion -Wno-int-conversion -Wno-bool-conversion -Wno-enum-conversion -Wno-float-conversion -Wno-non-literal-null-conversion -Wno-objc-literal-conversion -Wshorten-64-to-32 -Wpointer-sign -Wno-newline-eof -Wno-selector -Wno-strict-selector-match -Wno-undeclared-selector -Wno-deprecated-implementations -Wno-implicit-fallthrough -isysroot /Applications/Xcode.app/Contents/Developer/Platforms/MacOSX.platform/Developer/SDKs/MacOSX27.0.sdk -fstrict-aliasing -Wprotocol -Wdeprecated-declarations -Wno-sign-conversion -Wno-infinite-recursion -Wno-comma -Wno-block-capture-autoreleasing -Wno-strict-prototypes -Wno-semicolon-before-method-body -index-store-path /Users/buddhirajgautam/Library/Developer/Xcode/DerivedData/Telegram-Mac-fygdgghdgmuleoelvxabfmqiotta/Index.noindex/DataStore @/Users/buddhirajgautam/Library/Developer/Xcode/DerivedData/Telegram-Mac-fygdgghdgmuleoelvxabfmqiotta/Build/Intermediates.noindex/GoogleUtilities.build/Debug/GoogleUtilities-Network-t.build/Objects-normal/arm64/e6072d4f65d7061329687fe24e3d63a7-common-args.resp -include /Users/buddhirajgautam/Library/Developer/Xcode/DerivedData/Telegram-Mac-fygdgghdgmuleoelvxabfmqiotta/Build/Intermediates.noindex/GoogleUtilities.build/Debug/GoogleUtilities-Network-t.build/DerivedSources/resource_bundle_accessor.h -MMD -MT dependencies -MF /Users/buddhirajgautam/Library/Developer/Xcode/DerivedData/Telegram-Mac-fygdgghdgmuleoelvxabfmqiotta/Build/Intermediates.noindex/GoogleUtilities.build/Debug/GoogleUtilities-Network-t.build/Objects-normal/arm64/resource_bundle_accessor.d --serialize-diagnostics /Users/buddhirajgautam/Library/Developer/Xcode/DerivedData/Telegram-Mac-fygdgghdgmuleoelvxabfmqiotta/Build/Intermediates.noindex/GoogleUtilities.build/Debug/GoogleUtilities-Network-t.build/Objects-normal/arm64/resource_bundle_accessor.dia -c /Users/buddhirajgautam/Library/Developer/Xcode/DerivedData/Telegram-Mac-fygdgghdgmuleoelvxabfmqiotta/Build/Intermediates.noindex/GoogleUtilities.build/Debug/GoogleUtilities-Network-t.build/DerivedSources/resource_bundle_accessor.m -o /Users/buddhirajgautam/Library/Developer/Xcode/DerivedData/Telegram-Mac-fygdgghdgmuleoelvxabfmqiotta/Build/Intermediates.noindex/GoogleUtilities.build/Debug/GoogleUtilities-Network-t.build/Objects-normal/arm64/resource_bundle_accessor.o -index-unit-output-path /GoogleUtilities.build/Debug/GoogleUtilities-Network-t.build/Objects-normal/arm64/resource_bundle_accessor.o

PrecompileModule /Users/buddhirajgautam/Library/Developer/Xcode/DerivedData/Telegram-Mac-fygdgghdgmuleoelvxabfmqiotta/Build/Intermediates.noindex/ExplicitPrecompiledModules/libkern-3DMYDJK2U8WF7811HSH3V997A.scan
    cd /
    builtin-precompileModule /Users/buddhirajgautam/Library/Developer/Xcode/DerivedData/Telegram-Mac-fygdgghdgmuleoelvxabfmqiotta/Build/Intermediates.noindex/ExplicitPrecompiledModules/libkern-3DMYDJK2U8WF7811HSH3V997A.scan

PrecompileModule /Users/buddhirajgautam/Library/Developer/Xcode/DerivedData/Telegram-Mac-fygdgghdgmuleoelvxabfmqiotta/Build/Intermediates.noindex/ExplicitPrecompiledModules/ptrauth-9TBC8XA7BFJ1F2EPFR0X2E3BC.scan
    cd /
    builtin-precompileModule /Users/buddhirajgautam/Library/Developer/Xcode/DerivedData/Telegram-Mac-fygdgghdgmuleoelvxabfmqiotta/Build/Intermediates.noindex/ExplicitPrecompiledModules/ptrauth-9TBC8XA7BFJ1F2EPFR0X2E3BC.scan

PrecompileModule /Users/buddhirajgautam/Library/Developer/Xcode/DerivedData/Telegram-Mac-fygdgghdgmuleoelvxabfmqiotta/Build/Intermediates.noindex/ExplicitPrecompiledModules/libDER-1DE7FYWB7E5U9NPATJW56E1S8.scan
    cd /
    builtin-precompileModule /Users/buddhirajgautam/Library/Developer/Xcode/DerivedData/Telegram-Mac-fygdgghdgmuleoelvxabfmqiotta/Build/Intermediates.noindex/ExplicitPrecompiledModules/libDER-1DE7FYWB7E5U9NPATJW56E1S8.scan

PrecompileModule /Users/buddhirajgautam/Library/Developer/Xcode/DerivedData/Telegram-Mac-fygdgghdgmuleoelvxabfmqiotta/Build/Intermediates.noindex/ExplicitPrecompiledModules/launch-ATO9TIOZ858J7ZTCYY53X815H.scan
    cd /
    builtin-precompileModule /Users/buddhirajgautam/Library/Developer/Xcode/DerivedData/Telegram-Mac-fygdgghdgmuleoelvxabfmqiotta/Build/Intermediates.noindex/ExplicitPrecompiledModules/launch-ATO9TIOZ858J7ZTCYY53X815H.scan

PrecompileModule /Users/buddhirajgautam/Library/Developer/Xcode/DerivedData/Telegram-Mac-fygdgghdgmuleoelvxabfmqiotta/Build/Intermediates.noindex/ExplicitPrecompiledModules/os_object-55YQL1YEEL2ZW1KIZOAQEKZN7.scan
    cd /
    builtin-precompileModule /Users/buddhirajgautam/Library/Developer/Xcode/DerivedData/Telegram-Mac-fygdgghdgmuleoelvxabfmqiotta/Build/Intermediates.noindex/ExplicitPrecompiledModules/os_object-55YQL1YEEL2ZW1KIZOAQEKZN7.scan

ScanDependencies /Users/buddhirajgautam/Library/Developer/Xcode/DerivedData/Telegram-Mac-fygdgghdgmuleoelvxabfmqiotta/Build/Intermediates.noindex/GoogleUtilities.build/Debug/GoogleUtilities-Network-t.build/Objects-normal/arm64/GULNetworkURLSession.o /Users/buddhirajgautam/Library/Developer/Xcode/DerivedData/Telegram-Mac-fygdgghdgmuleoelvxabfmqiotta/SourcePackages/checkouts/GoogleUtilities/GoogleUtilities/Network/GULNetworkURLSession.m normal arm64 objective-c com.apple.compilers.llvm.clang.1_0.compiler (in target 'GoogleUtilities-Network' from project 'GoogleUtilities')
    cd /Users/buddhirajgautam/Documents/Cherrygram-Mac/macOS-Swift
    
    Using response file: /Users/buddhirajgautam/Library/Developer/Xcode/DerivedData/Telegram-Mac-fygdgghdgmuleoelvxabfmqiotta/Build/Intermediates.noindex/GoogleUtilities.build/Debug/GoogleUtilities-Network-t.build/Objects-normal/arm64/e6072d4f65d7061329687fe24e3d63a7-common-args.resp
    
    builtin-ScanDependencies -o /Users/buddhirajgautam/Library/Developer/Xcode/DerivedData/Telegram-Mac-fygdgghdgmuleoelvxabfmqiotta/Build/Intermediates.noindex/GoogleUtilities.build/Debug/GoogleUtilities-Network-t.build/Objects-normal/arm64/GULNetworkURLSession.o.scan -- /Applications/Xcode.app/Contents/Developer/Toolchains/XcodeDefault.xctoolchain/usr/bin/clang -x objective-c -ivfsstatcache /Users/buddhirajgautam/Library/Developer/Xcode/DerivedData/SDKStatCaches.noindex/macosx27.0-26A425-e829b21a6f8c9b70876ba0858053c0447231f6df4def33e022ae2eb8f782df1a.sdkstatcache -target arm64-apple-macos12.0 -fmessage-length\=0 -fdiagnostics-show-note-include-stack -fmacro-backtrace-limit\=0 -fno-color-diagnostics -fmodules-prune-interval\=86400 -fmodules-prune-after\=345600 -fbuild-session-file\=/Users/buddhirajgautam/Library/Developer/Xcode/DerivedData/ModuleCache.noindex/Session.modulevalidation -fmodules-validate-once-per-build-session -Wnon-modular-include-in-framework-module -Werror\=non-modular-include-in-framework-module -Wno-trigraphs -Wno-missing-field-initializers -Wno-missing-prototypes -Wno-return-type -Wno-implicit-atomic-properties -Wno-objc-interface-ivars -Wno-arc-repeated-use-of-weak -Wno-missing-braces -Wparentheses -Wswitch -Wno-unused-function -Wno-unused-label -Wno-unused-parameter -Wno-unused-variable -Wunused-value -Wno-empty-body -Wno-uninitialized -Wno-unknown-pragmas -w -Wno-shadow -Wno-four-char-constants -Wno-conversion -Wno-constant-conversion -Wno-int-conversion -Wno-bool-conversion -Wno-enum-conversion -Wno-float-conversion -Wno-non-literal-null-conversion -Wno-objc-literal-conversion -Wshorten-64-to-32 -Wpointer-sign -Wno-newline-eof -Wno-selector -Wno-strict-selector-match -Wno-undeclared-selector -Wno-deprecated-implementations -Wno-implicit-fallthrough -isysroot /Applications/Xcode.app/Contents/Developer/Platforms/MacOSX.platform/Developer/SDKs/MacOSX27.0.sdk -fstrict-aliasing -Wprotocol -Wdeprecated-declarations -Wno-sign-conversion -Wno-infinite-recursion -Wno-comma -Wno-block-capture-autoreleasing -Wno-strict-prototypes -Wno-semicolon-before-method-body -index-store-path /Users/buddhirajgautam/Library/Developer/Xcode/DerivedData/Telegram-Mac-fygdgghdgmuleoelvxabfmqiotta/Index.noindex/DataStore @/Users/buddhirajgautam/Library/Developer/Xcode/DerivedData/Telegram-Mac-fygdgghdgmuleoelvxabfmqiotta/Build/Intermediates.noindex/GoogleUtilities.build/Debug/GoogleUtilities-Network-t.build/Objects-normal/arm64/e6072d4f65d7061329687fe24e3d63a7-common-args.resp -include /Users/buddhirajgautam/Library/Developer/Xcode/DerivedData/Telegram-Mac-fygdgghdgmuleoelvxabfmqiotta/Build/Intermediates.noindex/GoogleUtilities.build/Debug/GoogleUtilities-Network-t.build/DerivedSources/resource_bundle_accessor.h -MMD -MT dependencies -MF /Users/buddhirajgautam/Library/Developer/Xcode/DerivedData/Telegram-Mac-fygdgghdgmuleoelvxabfmqiotta/Build/Intermediates.noindex/GoogleUtilities.build/Debug/GoogleUtilities-Network-t.build/Objects-normal/arm64/GULNetworkURLSession.d --serialize-diagnostics /Users/buddhirajgautam/Library/Developer/Xcode/DerivedData/Telegram-Mac-fygdgghdgmuleoelvxabfmqiotta/Build/Intermediates.noindex/GoogleUtilities.build/Debug/GoogleUtilities-Network-t.build/Objects-normal/arm64/GULNetworkURLSession.dia -c /Users/buddhirajgautam/Library/Developer/Xcode/DerivedData/Telegram-Mac-fygdgghdgmuleoelvxabfmqiotta/SourcePackages/checkouts/GoogleUtilities/GoogleUtilities/Network/GULNetworkURLSession.m -o /Users/buddhirajgautam/Library/Developer/Xcode/DerivedData/Telegram-Mac-fygdgghdgmuleoelvxabfmqiotta/Build/Intermediates.noindex/GoogleUtilities.build/Debug/GoogleUtilities-Network-t.build/Objects-normal/arm64/GULNetworkURLSession.o -index-unit-output-path /GoogleUtilities.build/Debug/GoogleUtilities-Network-t.build/Objects-normal/arm64/GULNetworkURLSession.o

PrecompileModule /Users/buddhirajgautam/Library/Developer/Xcode/DerivedData/Telegram-Mac-fygdgghdgmuleoelvxabfmqiotta/Build/Intermediates.noindex/ExplicitPrecompiledModules/os_workgroup-6B6DZIUC7WQS2PO4X6ZRHE406.scan
    cd /
    builtin-precompileModule /Users/buddhirajgautam/Library/Developer/Xcode/DerivedData/Telegram-Mac-fygdgghdgmuleoelvxabfmqiotta/Build/Intermediates.noindex/ExplicitPrecompiledModules/os_workgroup-6B6DZIUC7WQS2PO4X6ZRHE406.scan

SwiftDriverJobDiscovery normal arm64 Compiling BaseLinesChartController.swift, GeneralLinesChartController.swift, TwoAxisLinesChartController.swift, PercentChartComponentController.swift, PercentPieChartController.swift, PieChartComponentController.swift, BarsComponentController.swift (in target 'GraphCore' from project 'GraphCore')

ScanDependencies /Users/buddhirajgautam/Library/Developer/Xcode/DerivedData/Telegram-Mac-fygdgghdgmuleoelvxabfmqiotta/Build/Intermediates.noindex/GoogleUtilities.build/Debug/GoogleUtilities-Network-t.build/Objects-normal/arm64/GULNetworkConstants.o /Users/buddhirajgautam/Library/Developer/Xcode/DerivedData/Telegram-Mac-fygdgghdgmuleoelvxabfmqiotta/SourcePackages/checkouts/GoogleUtilities/GoogleUtilities/Network/GULNetworkConstants.m normal arm64 objective-c com.apple.compilers.llvm.clang.1_0.compiler (in target 'GoogleUtilities-Network' from project 'GoogleUtilities')
    cd /Users/buddhirajgautam/Documents/Cherrygram-Mac/macOS-Swift
    
    Using response file: /Users/buddhirajgautam/Library/Developer/Xcode/DerivedData/Telegram-Mac-fygdgghdgmuleoelvxabfmqiotta/Build/Intermediates.noindex/GoogleUtilities.build/Debug/GoogleUtilities-Network-t.build/Objects-normal/arm64/e6072d4f65d7061329687fe24e3d63a7-common-args.resp
    
    builtin-ScanDependencies -o /Users/buddhirajgautam/Library/Developer/Xcode/DerivedData/Telegram-Mac-fygdgghdgmuleoelvxabfmqiotta/Build/Intermediates.noindex/GoogleUtilities.build/Debug/GoogleUtilities-Network-t.build/Objects-normal/arm64/GULNetworkConstants.o.scan -- /Applications/Xcode.app/Contents/Developer/Toolchains/XcodeDefault.xctoolchain/usr/bin/clang -x objective-c -ivfsstatcache /Users/buddhirajgautam/Library/Developer/Xcode/DerivedData/SDKStatCaches.noindex/macosx27.0-26A425-e829b21a6f8c9b70876ba0858053c0447231f6df4def33e022ae2eb8f782df1a.sdkstatcache -target arm64-apple-macos12.0 -fmessage-length\=0 -fdiagnostics-show-note-include-stack -fmacro-backtrace-limit\=0 -fno-color-diagnostics -fmodules-prune-interval\=86400 -fmodules-prune-after\=345600 -fbuild-session-file\=/Users/buddhirajgautam/Library/Developer/Xcode/DerivedData/ModuleCache.noindex/Session.modulevalidation -fmodules-validate-once-per-build-session -Wnon-modular-include-in-framework-module -Werror\=non-modular-include-in-framework-module -Wno-trigraphs -Wno-missing-field-initializers -Wno-missing-prototypes -Wno-return-type -Wno-implicit-atomic-properties -Wno-objc-interface-ivars -Wno-arc-repeated-use-of-weak -Wno-missing-braces -Wparentheses -Wswitch -Wno-unused-function -Wno-unused-label -Wno-unused-parameter -Wno-unused-variable -Wunused-value -Wno-empty-body -Wno-uninitialized -Wno-unknown-pragmas -w -Wno-shadow -Wno-four-char-constants -Wno-conversion -Wno-constant-conversion -Wno-int-conversion -Wno-bool-conversion -Wno-enum-conversion -Wno-float-conversion -Wno-non-literal-null-conversion -Wno-objc-literal-conversion -Wshorten-64-to-32 -Wpointer-sign -Wno-newline-eof -Wno-selector -Wno-strict-selector-match -Wno-undeclared-selector -Wno-deprecated-implementations -Wno-implicit-fallthrough -isysroot /Applications/Xcode.app/Contents/Developer/Platforms/MacOSX.platform/Developer/SDKs/MacOSX27.0.sdk -fstrict-aliasing -Wprotocol -Wdeprecated-declarations -Wno-sign-conversion -Wno-infinite-recursion -Wno-comma -Wno-block-capture-autoreleasing -Wno-strict-prototypes -Wno-semicolon-before-method-body -index-store-path /Users/buddhirajgautam/Library/Developer/Xcode/DerivedData/Telegram-Mac-fygdgghdgmuleoelvxabfmqiotta/Index.noindex/DataStore @/Users/buddhirajgautam/Library/Developer/Xcode/DerivedData/Telegram-Mac-fygdgghdgmuleoelvxabfmqiotta/Build/Intermediates.noindex/GoogleUtilities.build/Debug/GoogleUtilities-Network-t.build/Objects-normal/arm64/e6072d4f65d7061329687fe24e3d63a7-common-args.resp -include /Users/buddhirajgautam/Library/Developer/Xcode/DerivedData/Telegram-Mac-fygdgghdgmuleoelvxabfmqiotta/Build/Intermediates.noindex/GoogleUtilities.build/Debug/GoogleUtilities-Network-t.build/DerivedSources/resource_bundle_accessor.h -MMD -MT dependencies -MF /Users/buddhirajgautam/Library/Developer/Xcode/DerivedData/Telegram-Mac-fygdgghdgmuleoelvxabfmqiotta/Build/Intermediates.noindex/GoogleUtilities.build/Debug/GoogleUtilities-Network-t.build/Objects-normal/arm64/GULNetworkConstants.d --serialize-diagnostics /Users/buddhirajgautam/Library/Developer/Xcode/DerivedData/Telegram-Mac-fygdgghdgmuleoelvxabfmqiotta/Build/Intermediates.noindex/GoogleUtilities.build/Debug/GoogleUtilities-Network-t.build/Objects-normal/arm64/GULNetworkConstants.dia -c /Users/buddhirajgautam/Library/Developer/Xcode/DerivedData/Telegram-Mac-fygdgghdgmuleoelvxabfmqiotta/SourcePackages/checkouts/GoogleUtilities/GoogleUtilities/Network/GULNetworkConstants.m -o /Users/buddhirajgautam/Library/Developer/Xcode/DerivedData/Telegram-Mac-fygdgghdgmuleoelvxabfmqiotta/Build/Intermediates.noindex/GoogleUtilities.build/Debug/GoogleUtilities-Network-t.build/Objects-normal/arm64/GULNetworkConstants.o -index-unit-output-path /GoogleUtilities.build/Debug/GoogleUtilities-Network-t.build/Objects-normal/arm64/GULNetworkConstants.o

PrecompileModule /Users/buddhirajgautam/Library/Developer/Xcode/DerivedData/Telegram-Mac-fygdgghdgmuleoelvxabfmqiotta/Build/Intermediates.noindex/ExplicitPrecompiledModules/Dispatch-81RWR2GOWFOPDE22FZFFP1I78.scan
    cd /
    builtin-precompileModule /Users/buddhirajgautam/Library/Developer/Xcode/DerivedData/Telegram-Mac-fygdgghdgmuleoelvxabfmqiotta/Build/Intermediates.noindex/ExplicitPrecompiledModules/Dispatch-81RWR2GOWFOPDE22FZFFP1I78.scan

ScanDependencies /Users/buddhirajgautam/Library/Developer/Xcode/DerivedData/Telegram-Mac-fygdgghdgmuleoelvxabfmqiotta/Build/Intermediates.noindex/GoogleUtilities.build/Debug/GoogleUtilities-Network-t.build/Objects-normal/arm64/GULNetwork.o /Users/buddhirajgautam/Library/Developer/Xcode/DerivedData/Telegram-Mac-fygdgghdgmuleoelvxabfmqiotta/SourcePackages/checkouts/GoogleUtilities/GoogleUtilities/Network/GULNetwork.m normal arm64 objective-c com.apple.compilers.llvm.clang.1_0.compiler (in target 'GoogleUtilities-Network' from project 'GoogleUtilities')
    cd /Users/buddhirajgautam/Documents/Cherrygram-Mac/macOS-Swift
    
    Using response file: /Users/buddhirajgautam/Library/Developer/Xcode/DerivedData/Telegram-Mac-fygdgghdgmuleoelvxabfmqiotta/Build/Intermediates.noindex/GoogleUtilities.build/Debug/GoogleUtilities-Network-t.build/Objects-normal/arm64/e6072d4f65d7061329687fe24e3d63a7-common-args.resp
    
    builtin-ScanDependencies -o /Users/buddhirajgautam/Library/Developer/Xcode/DerivedData/Telegram-Mac-fygdgghdgmuleoelvxabfmqiotta/Build/Intermediates.noindex/GoogleUtilities.build/Debug/GoogleUtilities-Network-t.build/Objects-normal/arm64/GULNetwork.o.scan -- /Applications/Xcode.app/Contents/Developer/Toolchains/XcodeDefault.xctoolchain/usr/bin/clang -x objective-c -ivfsstatcache /Users/buddhirajgautam/Library/Developer/Xcode/DerivedData/SDKStatCaches.noindex/macosx27.0-26A425-e829b21a6f8c9b70876ba0858053c0447231f6df4def33e022ae2eb8f782df1a.sdkstatcache -target arm64-apple-macos12.0 -fmessage-length\=0 -fdiagnostics-show-note-include-stack -fmacro-backtrace-limit\=0 -fno-color-diagnostics -fmodules-prune-interval\=86400 -fmodules-prune-after\=345600 -fbuild-session-file\=/Users/buddhirajgautam/Library/Developer/Xcode/DerivedData/ModuleCache.noindex/Session.modulevalidation -fmodules-validate-once-per-build-session -Wnon-modular-include-in-framework-module -Werror\=non-modular-include-in-framework-module -Wno-trigraphs -Wno-missing-field-initializers -Wno-missing-prototypes -Wno-return-type -Wno-implicit-atomic-properties -Wno-objc-interface-ivars -Wno-arc-repeated-use-of-weak -Wno-missing-braces -Wparentheses -Wswitch -Wno-unused-function -Wno-unused-label -Wno-unused-parameter -Wno-unused-variable -Wunused-value -Wno-empty-body -Wno-uninitialized -Wno-unknown-pragmas -w -Wno-shadow -Wno-four-char-constants -Wno-conversion -Wno-constant-conversion -Wno-int-conversion -Wno-bool-conversion -Wno-enum-conversion -Wno-float-conversion -Wno-non-literal-null-conversion -Wno-objc-literal-conversion -Wshorten-64-to-32 -Wpointer-sign -Wno-newline-eof -Wno-selector -Wno-strict-selector-match -Wno-undeclared-selector -Wno-deprecated-implementations -Wno-implicit-fallthrough -isysroot /Applications/Xcode.app/Contents/Developer/Platforms/MacOSX.platform/Developer/SDKs/MacOSX27.0.sdk -fstrict-aliasing -Wprotocol -Wdeprecated-declarations -Wno-sign-conversion -Wno-infinite-recursion -Wno-comma -Wno-block-capture-autoreleasing -Wno-strict-prototypes -Wno-semicolon-before-method-body -index-store-path /Users/buddhirajgautam/Library/Developer/Xcode/DerivedData/Telegram-Mac-fygdgghdgmuleoelvxabfmqiotta/Index.noindex/DataStore @/Users/buddhirajgautam/Library/Developer/Xcode/DerivedData/Telegram-Mac-fygdgghdgmuleoelvxabfmqiotta/Build/Intermediates.noindex/GoogleUtilities.build/Debug/GoogleUtilities-Network-t.build/Objects-normal/arm64/e6072d4f65d7061329687fe24e3d63a7-common-args.resp -include /Users/buddhirajgautam/Library/Developer/Xcode/DerivedData/Telegram-Mac-fygdgghdgmuleoelvxabfmqiotta/Build/Intermediates.noindex/GoogleUtilities.build/Debug/GoogleUtilities-Network-t.build/DerivedSources/resource_bundle_accessor.h -MMD -MT dependencies -MF /Users/buddhirajgautam/Library/Developer/Xcode/DerivedData/Telegram-Mac-fygdgghdgmuleoelvxabfmqiotta/Build/Intermediates.noindex/GoogleUtilities.build/Debug/GoogleUtilities-Network-t.build/Objects-normal/arm64/GULNetwork.d --serialize-diagnostics /Users/buddhirajgautam/Library/Developer/Xcode/DerivedData/Telegram-Mac-fygdgghdgmuleoelvxabfmqiotta/Build/Intermediates.noindex/GoogleUtilities.build/Debug/GoogleUtilities-Network-t.build/Objects-normal/arm64/GULNetwork.dia -c /Users/buddhirajgautam/Library/Developer/Xcode/DerivedData/Telegram-Mac-fygdgghdgmuleoelvxabfmqiotta/SourcePackages/checkouts/GoogleUtilities/GoogleUtilities/Network/GULNetwork.m -o /Users/buddhirajgautam/Library/Developer/Xcode/DerivedData/Telegram-Mac-fygdgghdgmuleoelvxabfmqiotta/Build/Intermediates.noindex/GoogleUtilities.build/Debug/GoogleUtilities-Network-t.build/Objects-normal/arm64/GULNetwork.o -index-unit-output-path /GoogleUtilities.build/Debug/GoogleUtilities-Network-t.build/Objects-normal/arm64/GULNetwork.o

ScanDependencies /Users/buddhirajgautam/Library/Developer/Xcode/DerivedData/Telegram-Mac-fygdgghdgmuleoelvxabfmqiotta/Build/Intermediates.noindex/GoogleUtilities.build/Debug/GoogleUtilities-Network-t.build/Objects-normal/arm64/GULMutableDictionary.o /Users/buddhirajgautam/Library/Developer/Xcode/DerivedData/Telegram-Mac-fygdgghdgmuleoelvxabfmqiotta/SourcePackages/checkouts/GoogleUtilities/GoogleUtilities/Network/GULMutableDictionary.m normal arm64 objective-c com.apple.compilers.llvm.clang.1_0.compiler (in target 'GoogleUtilities-Network' from project 'GoogleUtilities')
    cd /Users/buddhirajgautam/Documents/Cherrygram-Mac/macOS-Swift
    
    Using response file: /Users/buddhirajgautam/Library/Developer/Xcode/DerivedData/Telegram-Mac-fygdgghdgmuleoelvxabfmqiotta/Build/Intermediates.noindex/GoogleUtilities.build/Debug/GoogleUtilities-Network-t.build/Objects-normal/arm64/e6072d4f65d7061329687fe24e3d63a7-common-args.resp
    
    builtin-ScanDependencies -o /Users/buddhirajgautam/Library/Developer/Xcode/DerivedData/Telegram-Mac-fygdgghdgmuleoelvxabfmqiotta/Build/Intermediates.noindex/GoogleUtilities.build/Debug/GoogleUtilities-Network-t.build/Objects-normal/arm64/GULMutableDictionary.o.scan -- /Applications/Xcode.app/Contents/Developer/Toolchains/XcodeDefault.xctoolchain/usr/bin/clang -x objective-c -ivfsstatcache /Users/buddhirajgautam/Library/Developer/Xcode/DerivedData/SDKStatCaches.noindex/macosx27.0-26A425-e829b21a6f8c9b70876ba0858053c0447231f6df4def33e022ae2eb8f782df1a.sdkstatcache -target arm64-apple-macos12.0 -fmessage-length\=0 -fdiagnostics-show-note-include-stack -fmacro-backtrace-limit\=0 -fno-color-diagnostics -fmodules-prune-interval\=86400 -fmodules-prune-after\=345600 -fbuild-session-file\=/Users/buddhirajgautam/Library/Developer/Xcode/DerivedData/ModuleCache.noindex/Session.modulevalidation -fmodules-validate-once-per-build-session -Wnon-modular-include-in-framework-module -Werror\=non-modular-include-in-framework-module -Wno-trigraphs -Wno-missing-field-initializers -Wno-missing-prototypes -Wno-return-type -Wno-implicit-atomic-properties -Wno-objc-interface-ivars -Wno-arc-repeated-use-of-weak -Wno-missing-braces -Wparentheses -Wswitch -Wno-unused-function -Wno-unused-label -Wno-unused-parameter -Wno-unused-variable -Wunused-value -Wno-empty-body -Wno-uninitialized -Wno-unknown-pragmas -w -Wno-shadow -Wno-four-char-constants -Wno-conversion -Wno-constant-conversion -Wno-int-conversion -Wno-bool-conversion -Wno-enum-conversion -Wno-float-conversion -Wno-non-literal-null-conversion -Wno-objc-literal-conversion -Wshorten-64-to-32 -Wpointer-sign -Wno-newline-eof -Wno-selector -Wno-strict-selector-match -Wno-undeclared-selector -Wno-deprecated-implementations -Wno-implicit-fallthrough -isysroot /Applications/Xcode.app/Contents/Developer/Platforms/MacOSX.platform/Developer/SDKs/MacOSX27.0.sdk -fstrict-aliasing -Wprotocol -Wdeprecated-declarations -Wno-sign-conversion -Wno-infinite-recursion -Wno-comma -Wno-block-capture-autoreleasing -Wno-strict-prototypes -Wno-semicolon-before-method-body -index-store-path /Users/buddhirajgautam/Library/Developer/Xcode/DerivedData/Telegram-Mac-fygdgghdgmuleoelvxabfmqiotta/Index.noindex/DataStore @/Users/buddhirajgautam/Library/Developer/Xcode/DerivedData/Telegram-Mac-fygdgghdgmuleoelvxabfmqiotta/Build/Intermediates.noindex/GoogleUtilities.build/Debug/GoogleUtilities-Network-t.build/Objects-normal/arm64/e6072d4f65d7061329687fe24e3d63a7-common-args.resp -include /Users/buddhirajgautam/Library/Developer/Xcode/DerivedData/Telegram-Mac-fygdgghdgmuleoelvxabfmqiotta/Build/Intermediates.noindex/GoogleUtilities.build/Debug/GoogleUtilities-Network-t.build/DerivedSources/resource_bundle_accessor.h -MMD -MT dependencies -MF /Users/buddhirajgautam/Library/Developer/Xcode/DerivedData/Telegram-Mac-fygdgghdgmuleoelvxabfmqiotta/Build/Intermediates.noindex/GoogleUtilities.build/Debug/GoogleUtilities-Network-t.build/Objects-normal/arm64/GULMutableDictionary.d --serialize-diagnostics /Users/buddhirajgautam/Library/Developer/Xcode/DerivedData/Telegram-Mac-fygdgghdgmuleoelvxabfmqiotta/Build/Intermediates.noindex/GoogleUtilities.build/Debug/GoogleUtilities-Network-t.build/Objects-normal/arm64/GULMutableDictionary.dia -c /Users/buddhirajgautam/Library/Developer/Xcode/DerivedData/Telegram-Mac-fygdgghdgmuleoelvxabfmqiotta/SourcePackages/checkouts/GoogleUtilities/GoogleUtilities/Network/GULMutableDictionary.m -o /Users/buddhirajgautam/Library/Developer/Xcode/DerivedData/Telegram-Mac-fygdgghdgmuleoelvxabfmqiotta/Build/Intermediates.noindex/GoogleUtilities.build/Debug/GoogleUtilities-Network-t.build/Objects-normal/arm64/GULMutableDictionary.o -index-unit-output-path /GoogleUtilities.build/Debug/GoogleUtilities-Network-t.build/Objects-normal/arm64/GULMutableDictionary.o

PrecompileModule /Users/buddhirajgautam/Library/Developer/Xcode/DerivedData/Telegram-Mac-fygdgghdgmuleoelvxabfmqiotta/Build/Intermediates.noindex/ExplicitPrecompiledModules/XPC-BYYK22SD0CVYKYPU05TV13IXV.scan
    cd /
    builtin-precompileModule /Users/buddhirajgautam/Library/Developer/Xcode/DerivedData/Telegram-Mac-fygdgghdgmuleoelvxabfmqiotta/Build/Intermediates.noindex/ExplicitPrecompiledModules/XPC-BYYK22SD0CVYKYPU05TV13IXV.scan

PrecompileModule /Users/buddhirajgautam/Library/Developer/Xcode/DerivedData/Telegram-Mac-fygdgghdgmuleoelvxabfmqiotta/Build/Intermediates.noindex/ExplicitPrecompiledModules/CoreFoundation-DIW65VT1E0T1QUSH7K6OSTGHE.scan
    cd /
    builtin-precompileModule /Users/buddhirajgautam/Library/Developer/Xcode/DerivedData/Telegram-Mac-fygdgghdgmuleoelvxabfmqiotta/Build/Intermediates.noindex/ExplicitPrecompiledModules/CoreFoundation-DIW65VT1E0T1QUSH7K6OSTGHE.scan

ScanDependencies /Users/buddhirajgautam/Library/Developer/Xcode/DerivedData/Telegram-Mac-fygdgghdgmuleoelvxabfmqiotta/Build/Intermediates.noindex/GoogleUtilities.build/Debug/GoogleUtilities-NSData-t.build/Objects-normal/arm64/resource_bundle_accessor.o /Users/buddhirajgautam/Library/Developer/Xcode/DerivedData/Telegram-Mac-fygdgghdgmuleoelvxabfmqiotta/Build/Intermediates.noindex/GoogleUtilities.build/Debug/GoogleUtilities-NSData-t.build/DerivedSources/resource_bundle_accessor.m normal arm64 objective-c com.apple.compilers.llvm.clang.1_0.compiler (in target 'GoogleUtilities-NSData' from project 'GoogleUtilities')
    cd /Users/buddhirajgautam/Documents/Cherrygram-Mac/macOS-Swift
    
    Using response file: /Users/buddhirajgautam/Library/Developer/Xcode/DerivedData/Telegram-Mac-fygdgghdgmuleoelvxabfmqiotta/Build/Intermediates.noindex/GoogleUtilities.build/Debug/GoogleUtilities-NSData-t.build/Objects-normal/arm64/e6072d4f65d7061329687fe24e3d63a7-common-args.resp
    
    builtin-ScanDependencies -o /Users/buddhirajgautam/Library/Developer/Xcode/DerivedData/Telegram-Mac-fygdgghdgmuleoelvxabfmqiotta/Build/Intermediates.noindex/GoogleUtilities.build/Debug/GoogleUtilities-NSData-t.build/Objects-normal/arm64/resource_bundle_accessor.o.scan -- /Applications/Xcode.app/Contents/Developer/Toolchains/XcodeDefault.xctoolchain/usr/bin/clang -x objective-c -ivfsstatcache /Users/buddhirajgautam/Library/Developer/Xcode/DerivedData/SDKStatCaches.noindex/macosx27.0-26A425-e829b21a6f8c9b70876ba0858053c0447231f6df4def33e022ae2eb8f782df1a.sdkstatcache -target arm64-apple-macos12.0 -fmessage-length\=0 -fdiagnostics-show-note-include-stack -fmacro-backtrace-limit\=0 -fno-color-diagnostics -fmodules-prune-interval\=86400 -fmodules-prune-after\=345600 -fbuild-session-file\=/Users/buddhirajgautam/Library/Developer/Xcode/DerivedData/ModuleCache.noindex/Session.modulevalidation -fmodules-validate-once-per-build-session -Wnon-modular-include-in-framework-module -Werror\=non-modular-include-in-framework-module -Wno-trigraphs -Wno-missing-field-initializers -Wno-missing-prototypes -Wno-return-type -Wno-implicit-atomic-properties -Wno-objc-interface-ivars -Wno-arc-repeated-use-of-weak -Wno-missing-braces -Wparentheses -Wswitch -Wno-unused-function -Wno-unused-label -Wno-unused-parameter -Wno-unused-variable -Wunused-value -Wno-empty-body -Wno-uninitialized -Wno-unknown-pragmas -w -Wno-shadow -Wno-four-char-constants -Wno-conversion -Wno-constant-conversion -Wno-int-conversion -Wno-bool-conversion -Wno-enum-conversion -Wno-float-conversion -Wno-non-literal-null-conversion -Wno-objc-literal-conversion -Wshorten-64-to-32 -Wpointer-sign -Wno-newline-eof -Wno-selector -Wno-strict-selector-match -Wno-undeclared-selector -Wno-deprecated-implementations -Wno-implicit-fallthrough -isysroot /Applications/Xcode.app/Contents/Developer/Platforms/MacOSX.platform/Developer/SDKs/MacOSX27.0.sdk -fstrict-aliasing -Wprotocol -Wdeprecated-declarations -Wno-sign-conversion -Wno-infinite-recursion -Wno-comma -Wno-block-capture-autoreleasing -Wno-strict-prototypes -Wno-semicolon-before-method-body -index-store-path /Users/buddhirajgautam/Library/Developer/Xcode/DerivedData/Telegram-Mac-fygdgghdgmuleoelvxabfmqiotta/Index.noindex/DataStore @/Users/buddhirajgautam/Library/Developer/Xcode/DerivedData/Telegram-Mac-fygdgghdgmuleoelvxabfmqiotta/Build/Intermediates.noindex/GoogleUtilities.build/Debug/GoogleUtilities-NSData-t.build/Objects-normal/arm64/e6072d4f65d7061329687fe24e3d63a7-common-args.resp -include /Users/buddhirajgautam/Library/Developer/Xcode/DerivedData/Telegram-Mac-fygdgghdgmuleoelvxabfmqiotta/Build/Intermediates.noindex/GoogleUtilities.build/Debug/GoogleUtilities-NSData-t.build/DerivedSources/resource_bundle_accessor.h -MMD -MT dependencies -MF /Users/buddhirajgautam/Library/Developer/Xcode/DerivedData/Telegram-Mac-fygdgghdgmuleoelvxabfmqiotta/Build/Intermediates.noindex/GoogleUtilities.build/Debug/GoogleUtilities-NSData-t.build/Objects-normal/arm64/resource_bundle_accessor.d --serialize-diagnostics /Users/buddhirajgautam/Library/Developer/Xcode/DerivedData/Telegram-Mac-fygdgghdgmuleoelvxabfmqiotta/Build/Intermediates.noindex/GoogleUtilities.build/Debug/GoogleUtilities-NSData-t.build/Objects-normal/arm64/resource_bundle_accessor.dia -c /Users/buddhirajgautam/Library/Developer/Xcode/DerivedData/Telegram-Mac-fygdgghdgmuleoelvxabfmqiotta/Build/Intermediates.noindex/GoogleUtilities.build/Debug/GoogleUtilities-NSData-t.build/DerivedSources/resource_bundle_accessor.m -o /Users/buddhirajgautam/Library/Developer/Xcode/DerivedData/Telegram-Mac-fygdgghdgmuleoelvxabfmqiotta/Build/Intermediates.noindex/GoogleUtilities.build/Debug/GoogleUtilities-NSData-t.build/Objects-normal/arm64/resource_bundle_accessor.o -index-unit-output-path /GoogleUtilities.build/Debug/GoogleUtilities-NSData-t.build/Objects-normal/arm64/resource_bundle_accessor.o

ScanDependencies /Users/buddhirajgautam/Library/Developer/Xcode/DerivedData/Telegram-Mac-fygdgghdgmuleoelvxabfmqiotta/Build/Intermediates.noindex/GoogleUtilities.build/Debug/GoogleUtilities-NSData-t.build/Objects-normal/arm64/GULNSData+zlib.o /Users/buddhirajgautam/Library/Developer/Xcode/DerivedData/Telegram-Mac-fygdgghdgmuleoelvxabfmqiotta/SourcePackages/checkouts/GoogleUtilities/GoogleUtilities/NSData+zlib/GULNSData+zlib.m normal arm64 objective-c com.apple.compilers.llvm.clang.1_0.compiler (in target 'GoogleUtilities-NSData' from project 'GoogleUtilities')
    cd /Users/buddhirajgautam/Documents/Cherrygram-Mac/macOS-Swift
    
    Using response file: /Users/buddhirajgautam/Library/Developer/Xcode/DerivedData/Telegram-Mac-fygdgghdgmuleoelvxabfmqiotta/Build/Intermediates.noindex/GoogleUtilities.build/Debug/GoogleUtilities-NSData-t.build/Objects-normal/arm64/e6072d4f65d7061329687fe24e3d63a7-common-args.resp
    
    builtin-ScanDependencies -o /Users/buddhirajgautam/Library/Developer/Xcode/DerivedData/Telegram-Mac-fygdgghdgmuleoelvxabfmqiotta/Build/Intermediates.noindex/GoogleUtilities.build/Debug/GoogleUtilities-NSData-t.build/Objects-normal/arm64/GULNSData+zlib.o.scan -- /Applications/Xcode.app/Contents/Developer/Toolchains/XcodeDefault.xctoolchain/usr/bin/clang -x objective-c -ivfsstatcache /Users/buddhirajgautam/Library/Developer/Xcode/DerivedData/SDKStatCaches.noindex/macosx27.0-26A425-e829b21a6f8c9b70876ba0858053c0447231f6df4def33e022ae2eb8f782df1a.sdkstatcache -target arm64-apple-macos12.0 -fmessage-length\=0 -fdiagnostics-show-note-include-stack -fmacro-backtrace-limit\=0 -fno-color-diagnostics -fmodules-prune-interval\=86400 -fmodules-prune-after\=345600 -fbuild-session-file\=/Users/buddhirajgautam/Library/Developer/Xcode/DerivedData/ModuleCache.noindex/Session.modulevalidation -fmodules-validate-once-per-build-session -Wnon-modular-include-in-framework-module -Werror\=non-modular-include-in-framework-module -Wno-trigraphs -Wno-missing-field-initializers -Wno-missing-prototypes -Wno-return-type -Wno-implicit-atomic-properties -Wno-objc-interface-ivars -Wno-arc-repeated-use-of-weak -Wno-missing-braces -Wparentheses -Wswitch -Wno-unused-function -Wno-unused-label -Wno-unused-parameter -Wno-unused-variable -Wunused-value -Wno-empty-body -Wno-uninitialized -Wno-unknown-pragmas -w -Wno-shadow -Wno-four-char-constants -Wno-conversion -Wno-constant-conversion -Wno-int-conversion -Wno-bool-conversion -Wno-enum-conversion -Wno-float-conversion -Wno-non-literal-null-conversion -Wno-objc-literal-conversion -Wshorten-64-to-32 -Wpointer-sign -Wno-newline-eof -Wno-selector -Wno-strict-selector-match -Wno-undeclared-selector -Wno-deprecated-implementations -Wno-implicit-fallthrough -isysroot /Applications/Xcode.app/Contents/Developer/Platforms/MacOSX.platform/Developer/SDKs/MacOSX27.0.sdk -fstrict-aliasing -Wprotocol -Wdeprecated-declarations -Wno-sign-conversion -Wno-infinite-recursion -Wno-comma -Wno-block-capture-autoreleasing -Wno-strict-prototypes -Wno-semicolon-before-method-body -index-store-path /Users/buddhirajgautam/Library/Developer/Xcode/DerivedData/Telegram-Mac-fygdgghdgmuleoelvxabfmqiotta/Index.noindex/DataStore @/Users/buddhirajgautam/Library/Developer/Xcode/DerivedData/Telegram-Mac-fygdgghdgmuleoelvxabfmqiotta/Build/Intermediates.noindex/GoogleUtilities.build/Debug/GoogleUtilities-NSData-t.build/Objects-normal/arm64/e6072d4f65d7061329687fe24e3d63a7-common-args.resp -include /Users/buddhirajgautam/Library/Developer/Xcode/DerivedData/Telegram-Mac-fygdgghdgmuleoelvxabfmqiotta/Build/Intermediates.noindex/GoogleUtilities.build/Debug/GoogleUtilities-NSData-t.build/DerivedSources/resource_bundle_accessor.h -MMD -MT dependencies -MF /Users/buddhirajgautam/Library/Developer/Xcode/DerivedData/Telegram-Mac-fygdgghdgmuleoelvxabfmqiotta/Build/Intermediates.noindex/GoogleUtilities.build/Debug/GoogleUtilities-NSData-t.build/Objects-normal/arm64/GULNSData+zlib.d --serialize-diagnostics /Users/buddhirajgautam/Library/Developer/Xcode/DerivedData/Telegram-Mac-fygdgghdgmuleoelvxabfmqiotta/Build/Intermediates.noindex/GoogleUtilities.build/Debug/GoogleUtilities-NSData-t.build/Objects-normal/arm64/GULNSData+zlib.dia -c /Users/buddhirajgautam/Library/Developer/Xcode/DerivedData/Telegram-Mac-fygdgghdgmuleoelvxabfmqiotta/SourcePackages/checkouts/GoogleUtilities/GoogleUtilities/NSData+zlib/GULNSData+zlib.m -o /Users/buddhirajgautam/Library/Developer/Xcode/DerivedData/Telegram-Mac-fygdgghdgmuleoelvxabfmqiotta/Build/Intermediates.noindex/GoogleUtilities.build/Debug/GoogleUtilities-NSData-t.build/Objects-normal/arm64/GULNSData+zlib.o -index-unit-output-path /GoogleUtilities.build/Debug/GoogleUtilities-NSData-t.build/Objects-normal/arm64/GULNSData+zlib.o

ScanDependencies /Users/buddhirajgautam/Library/Developer/Xcode/DerivedData/Telegram-Mac-fygdgghdgmuleoelvxabfmqiotta/Build/Intermediates.noindex/GoogleUtilities.build/Debug/GoogleUtilities-MethodSwizzler-t.build/Objects-normal/arm64/resource_bundle_accessor.o /Users/buddhirajgautam/Library/Developer/Xcode/DerivedData/Telegram-Mac-fygdgghdgmuleoelvxabfmqiotta/Build/Intermediates.noindex/GoogleUtilities.build/Debug/GoogleUtilities-MethodSwizzler-t.build/DerivedSources/resource_bundle_accessor.m normal arm64 objective-c com.apple.compilers.llvm.clang.1_0.compiler (in target 'GoogleUtilities-MethodSwizzler' from project 'GoogleUtilities')
    cd /Users/buddhirajgautam/Documents/Cherrygram-Mac/macOS-Swift
    
    Using response file: /Users/buddhirajgautam/Library/Developer/Xcode/DerivedData/Telegram-Mac-fygdgghdgmuleoelvxabfmqiotta/Build/Intermediates.noindex/GoogleUtilities.build/Debug/GoogleUtilities-MethodSwizzler-t.build/Objects-normal/arm64/e6072d4f65d7061329687fe24e3d63a7-common-args.resp
    
    builtin-ScanDependencies -o /Users/buddhirajgautam/Library/Developer/Xcode/DerivedData/Telegram-Mac-fygdgghdgmuleoelvxabfmqiotta/Build/Intermediates.noindex/GoogleUtilities.build/Debug/GoogleUtilities-MethodSwizzler-t.build/Objects-normal/arm64/resource_bundle_accessor.o.scan -- /Applications/Xcode.app/Contents/Developer/Toolchains/XcodeDefault.xctoolchain/usr/bin/clang -x objective-c -ivfsstatcache /Users/buddhirajgautam/Library/Developer/Xcode/DerivedData/SDKStatCaches.noindex/macosx27.0-26A425-e829b21a6f8c9b70876ba0858053c0447231f6df4def33e022ae2eb8f782df1a.sdkstatcache -target arm64-apple-macos12.0 -fmessage-length\=0 -fdiagnostics-show-note-include-stack -fmacro-backtrace-limit\=0 -fno-color-diagnostics -fmodules-prune-interval\=86400 -fmodules-prune-after\=345600 -fbuild-session-file\=/Users/buddhirajgautam/Library/Developer/Xcode/DerivedData/ModuleCache.noindex/Session.modulevalidation -fmodules-validate-once-per-build-session -Wnon-modular-include-in-framework-module -Werror\=non-modular-include-in-framework-module -Wno-trigraphs -Wno-missing-field-initializers -Wno-missing-prototypes -Wno-return-type -Wno-implicit-atomic-properties -Wno-objc-interface-ivars -Wno-arc-repeated-use-of-weak -Wno-missing-braces -Wparentheses -Wswitch -Wno-unused-function -Wno-unused-label -Wno-unused-parameter -Wno-unused-variable -Wunused-value -Wno-empty-body -Wno-uninitialized -Wno-unknown-pragmas -w -Wno-shadow -Wno-four-char-constants -Wno-conversion -Wno-constant-conversion -Wno-int-conversion -Wno-bool-conversion -Wno-enum-conversion -Wno-float-conversion -Wno-non-literal-null-conversion -Wno-objc-literal-conversion -Wshorten-64-to-32 -Wpointer-sign -Wno-newline-eof -Wno-selector -Wno-strict-selector-match -Wno-undeclared-selector -Wno-deprecated-implementations -Wno-implicit-fallthrough -isysroot /Applications/Xcode.app/Contents/Developer/Platforms/MacOSX.platform/Developer/SDKs/MacOSX27.0.sdk -fstrict-aliasing -Wprotocol -Wdeprecated-declarations -Wno-sign-conversion -Wno-infinite-recursion -Wno-comma -Wno-block-capture-autoreleasing -Wno-strict-prototypes -Wno-semicolon-before-method-body -index-store-path /Users/buddhirajgautam/Library/Developer/Xcode/DerivedData/Telegram-Mac-fygdgghdgmuleoelvxabfmqiotta/Index.noindex/DataStore @/Users/buddhirajgautam/Library/Developer/Xcode/DerivedData/Telegram-Mac-fygdgghdgmuleoelvxabfmqiotta/Build/Intermediates.noindex/GoogleUtilities.build/Debug/GoogleUtilities-MethodSwizzler-t.build/Objects-normal/arm64/e6072d4f65d7061329687fe24e3d63a7-common-args.resp -include /Users/buddhirajgautam/Library/Developer/Xcode/DerivedData/Telegram-Mac-fygdgghdgmuleoelvxabfmqiotta/Build/Intermediates.noindex/GoogleUtilities.build/Debug/GoogleUtilities-MethodSwizzler-t.build/DerivedSources/resource_bundle_accessor.h -MMD -MT dependencies -MF /Users/buddhirajgautam/Library/Developer/Xcode/DerivedData/Telegram-Mac-fygdgghdgmuleoelvxabfmqiotta/Build/Intermediates.noindex/GoogleUtilities.build/Debug/GoogleUtilities-MethodSwizzler-t.build/Objects-normal/arm64/resource_bundle_accessor.d --serialize-diagnostics /Users/buddhirajgautam/Library/Developer/Xcode/DerivedData/Telegram-Mac-fygdgghdgmuleoelvxabfmqiotta/Build/Intermediates.noindex/GoogleUtilities.build/Debug/GoogleUtilities-MethodSwizzler-t.build/Objects-normal/arm64/resource_bundle_accessor.dia -c /Users/buddhirajgautam/Library/Developer/Xcode/DerivedData/Telegram-Mac-fygdgghdgmuleoelvxabfmqiotta/Build/Intermediates.noindex/GoogleUtilities.build/Debug/GoogleUtilities-MethodSwizzler-t.build/DerivedSources/resource_bundle_accessor.m -o /Users/buddhirajgautam/Library/Developer/Xcode/DerivedData/Telegram-Mac-fygdgghdgmuleoelvxabfmqiotta/Build/Intermediates.noindex/GoogleUtilities.build/Debug/GoogleUtilities-MethodSwizzler-t.build/Objects-normal/arm64/resource_bundle_accessor.o -index-unit-output-path /GoogleUtilities.build/Debug/GoogleUtilities-MethodSwizzler-t.build/Objects-normal/arm64/resource_bundle_accessor.o

ScanDependencies /Users/buddhirajgautam/Library/Developer/Xcode/DerivedData/Telegram-Mac-fygdgghdgmuleoelvxabfmqiotta/Build/Intermediates.noindex/GoogleUtilities.build/Debug/GoogleUtilities-MethodSwizzler-t.build/Objects-normal/arm64/GULSwizzler.o /Users/buddhirajgautam/Library/Developer/Xcode/DerivedData/Telegram-Mac-fygdgghdgmuleoelvxabfmqiotta/SourcePackages/checkouts/GoogleUtilities/GoogleUtilities/MethodSwizzler/GULSwizzler.m normal arm64 objective-c com.apple.compilers.llvm.clang.1_0.compiler (in target 'GoogleUtilities-MethodSwizzler' from project 'GoogleUtilities')
    cd /Users/buddhirajgautam/Documents/Cherrygram-Mac/macOS-Swift
    
    Using response file: /Users/buddhirajgautam/Library/Developer/Xcode/DerivedData/Telegram-Mac-fygdgghdgmuleoelvxabfmqiotta/Build/Intermediates.noindex/GoogleUtilities.build/Debug/GoogleUtilities-MethodSwizzler-t.build/Objects-normal/arm64/e6072d4f65d7061329687fe24e3d63a7-common-args.resp
    
    builtin-ScanDependencies -o /Users/buddhirajgautam/Library/Developer/Xcode/DerivedData/Telegram-Mac-fygdgghdgmuleoelvxabfmqiotta/Build/Intermediates.noindex/GoogleUtilities.build/Debug/GoogleUtilities-MethodSwizzler-t.build/Objects-normal/arm64/GULSwizzler.o.scan -- /Applications/Xcode.app/Contents/Developer/Toolchains/XcodeDefault.xctoolchain/usr/bin/clang -x objective-c -ivfsstatcache /Users/buddhirajgautam/Library/Developer/Xcode/DerivedData/SDKStatCaches.noindex/macosx27.0-26A425-e829b21a6f8c9b70876ba0858053c0447231f6df4def33e022ae2eb8f782df1a.sdkstatcache -target arm64-apple-macos12.0 -fmessage-length\=0 -fdiagnostics-show-note-include-stack -fmacro-backtrace-limit\=0 -fno-color-diagnostics -fmodules-prune-interval\=86400 -fmodules-prune-after\=345600 -fbuild-session-file\=/Users/buddhirajgautam/Library/Developer/Xcode/DerivedData/ModuleCache.noindex/Session.modulevalidation -fmodules-validate-once-per-build-session -Wnon-modular-include-in-framework-module -Werror\=non-modular-include-in-framework-module -Wno-trigraphs -Wno-missing-field-initializers -Wno-missing-prototypes -Wno-return-type -Wno-implicit-atomic-properties -Wno-objc-interface-ivars -Wno-arc-repeated-use-of-weak -Wno-missing-braces -Wparentheses -Wswitch -Wno-unused-function -Wno-unused-label -Wno-unused-parameter -Wno-unused-variable -Wunused-value -Wno-empty-body -Wno-uninitialized -Wno-unknown-pragmas -w -Wno-shadow -Wno-four-char-constants -Wno-conversion -Wno-constant-conversion -Wno-int-conversion -Wno-bool-conversion -Wno-enum-conversion -Wno-float-conversion -Wno-non-literal-null-conversion -Wno-objc-literal-conversion -Wshorten-64-to-32 -Wpointer-sign -Wno-newline-eof -Wno-selector -Wno-strict-selector-match -Wno-undeclared-selector -Wno-deprecated-implementations -Wno-implicit-fallthrough -isysroot /Applications/Xcode.app/Contents/Developer/Platforms/MacOSX.platform/Developer/SDKs/MacOSX27.0.sdk -fstrict-aliasing -Wprotocol -Wdeprecated-declarations -Wno-sign-conversion -Wno-infinite-recursion -Wno-comma -Wno-block-capture-autoreleasing -Wno-strict-prototypes -Wno-semicolon-before-method-body -index-store-path /Users/buddhirajgautam/Library/Developer/Xcode/DerivedData/Telegram-Mac-fygdgghdgmuleoelvxabfmqiotta/Index.noindex/DataStore @/Users/buddhirajgautam/Library/Developer/Xcode/DerivedData/Telegram-Mac-fygdgghdgmuleoelvxabfmqiotta/Build/Intermediates.noindex/GoogleUtilities.build/Debug/GoogleUtilities-MethodSwizzler-t.build/Objects-normal/arm64/e6072d4f65d7061329687fe24e3d63a7-common-args.resp -include /Users/buddhirajgautam/Library/Developer/Xcode/DerivedData/Telegram-Mac-fygdgghdgmuleoelvxabfmqiotta/Build/Intermediates.noindex/GoogleUtilities.build/Debug/GoogleUtilities-MethodSwizzler-t.build/DerivedSources/resource_bundle_accessor.h -MMD -MT dependencies -MF /Users/buddhirajgautam/Library/Developer/Xcode/DerivedData/Telegram-Mac-fygdgghdgmuleoelvxabfmqiotta/Build/Intermediates.noindex/GoogleUtilities.build/Debug/GoogleUtilities-MethodSwizzler-t.build/Objects-normal/arm64/GULSwizzler.d --serialize-diagnostics /Users/buddhirajgautam/Library/Developer/Xcode/DerivedData/Telegram-Mac-fygdgghdgmuleoelvxabfmqiotta/Build/Intermediates.noindex/GoogleUtilities.build/Debug/GoogleUtilities-MethodSwizzler-t.build/Objects-normal/arm64/GULSwizzler.dia -c /Users/buddhirajgautam/Library/Developer/Xcode/DerivedData/Telegram-Mac-fygdgghdgmuleoelvxabfmqiotta/SourcePackages/checkouts/GoogleUtilities/GoogleUtilities/MethodSwizzler/GULSwizzler.m -o /Users/buddhirajgautam/Library/Developer/Xcode/DerivedData/Telegram-Mac-fygdgghdgmuleoelvxabfmqiotta/Build/Intermediates.noindex/GoogleUtilities.build/Debug/GoogleUtilities-MethodSwizzler-t.build/Objects-normal/arm64/GULSwizzler.o -index-unit-output-path /GoogleUtilities.build/Debug/GoogleUtilities-MethodSwizzler-t.build/Objects-normal/arm64/GULSwizzler.o

ScanDependencies /Users/buddhirajgautam/Library/Developer/Xcode/DerivedData/Telegram-Mac-fygdgghdgmuleoelvxabfmqiotta/Build/Intermediates.noindex/GoogleUtilities.build/Debug/GoogleUtilities-Logger-t.build/Objects-normal/arm64/resource_bundle_accessor.o /Users/buddhirajgautam/Library/Developer/Xcode/DerivedData/Telegram-Mac-fygdgghdgmuleoelvxabfmqiotta/Build/Intermediates.noindex/GoogleUtilities.build/Debug/GoogleUtilities-Logger-t.build/DerivedSources/resource_bundle_accessor.m normal arm64 objective-c com.apple.compilers.llvm.clang.1_0.compiler (in target 'GoogleUtilities-Logger' from project 'GoogleUtilities')
    cd /Users/buddhirajgautam/Documents/Cherrygram-Mac/macOS-Swift
    
    Using response file: /Users/buddhirajgautam/Library/Developer/Xcode/DerivedData/Telegram-Mac-fygdgghdgmuleoelvxabfmqiotta/Build/Intermediates.noindex/GoogleUtilities.build/Debug/GoogleUtilities-Logger-t.build/Objects-normal/arm64/e6072d4f65d7061329687fe24e3d63a7-common-args.resp
    
    builtin-ScanDependencies -o /Users/buddhirajgautam/Library/Developer/Xcode/DerivedData/Telegram-Mac-fygdgghdgmuleoelvxabfmqiotta/Build/Intermediates.noindex/GoogleUtilities.build/Debug/GoogleUtilities-Logger-t.build/Objects-normal/arm64/resource_bundle_accessor.o.scan -- /Applications/Xcode.app/Contents/Developer/Toolchains/XcodeDefault.xctoolchain/usr/bin/clang -x objective-c -ivfsstatcache /Users/buddhirajgautam/Library/Developer/Xcode/DerivedData/SDKStatCaches.noindex/macosx27.0-26A425-e829b21a6f8c9b70876ba0858053c0447231f6df4def33e022ae2eb8f782df1a.sdkstatcache -target arm64-apple-macos12.0 -fmessage-length\=0 -fdiagnostics-show-note-include-stack -fmacro-backtrace-limit\=0 -fno-color-diagnostics -fmodules-prune-interval\=86400 -fmodules-prune-after\=345600 -fbuild-session-file\=/Users/buddhirajgautam/Library/Developer/Xcode/DerivedData/ModuleCache.noindex/Session.modulevalidation -fmodules-validate-once-per-build-session -Wnon-modular-include-in-framework-module -Werror\=non-modular-include-in-framework-module -Wno-trigraphs -Wno-missing-field-initializers -Wno-missing-prototypes -Wno-return-type -Wno-implicit-atomic-properties -Wno-objc-interface-ivars -Wno-arc-repeated-use-of-weak -Wno-missing-braces -Wparentheses -Wswitch -Wno-unused-function -Wno-unused-label -Wno-unused-parameter -Wno-unused-variable -Wunused-value -Wno-empty-body -Wno-uninitialized -Wno-unknown-pragmas -w -Wno-shadow -Wno-four-char-constants -Wno-conversion -Wno-constant-conversion -Wno-int-conversion -Wno-bool-conversion -Wno-enum-conversion -Wno-float-conversion -Wno-non-literal-null-conversion -Wno-objc-literal-conversion -Wshorten-64-to-32 -Wpointer-sign -Wno-newline-eof -Wno-selector -Wno-strict-selector-match -Wno-undeclared-selector -Wno-deprecated-implementations -Wno-implicit-fallthrough -isysroot /Applications/Xcode.app/Contents/Developer/Platforms/MacOSX.platform/Developer/SDKs/MacOSX27.0.sdk -fstrict-aliasing -Wprotocol -Wdeprecated-declarations -Wno-sign-conversion -Wno-infinite-recursion -Wno-comma -Wno-block-capture-autoreleasing -Wno-strict-prototypes -Wno-semicolon-before-method-body -index-store-path /Users/buddhirajgautam/Library/Developer/Xcode/DerivedData/Telegram-Mac-fygdgghdgmuleoelvxabfmqiotta/Index.noindex/DataStore @/Users/buddhirajgautam/Library/Developer/Xcode/DerivedData/Telegram-Mac-fygdgghdgmuleoelvxabfmqiotta/Build/Intermediates.noindex/GoogleUtilities.build/Debug/GoogleUtilities-Logger-t.build/Objects-normal/arm64/e6072d4f65d7061329687fe24e3d63a7-common-args.resp -include /Users/buddhirajgautam/Library/Developer/Xcode/DerivedData/Telegram-Mac-fygdgghdgmuleoelvxabfmqiotta/Build/Intermediates.noindex/GoogleUtilities.build/Debug/GoogleUtilities-Logger-t.build/DerivedSources/resource_bundle_accessor.h -MMD -MT dependencies -MF /Users/buddhirajgautam/Library/Developer/Xcode/DerivedData/Telegram-Mac-fygdgghdgmuleoelvxabfmqiotta/Build/Intermediates.noindex/GoogleUtilities.build/Debug/GoogleUtilities-Logger-t.build/Objects-normal/arm64/resource_bundle_accessor.d --serialize-diagnostics /Users/buddhirajgautam/Library/Developer/Xcode/DerivedData/Telegram-Mac-fygdgghdgmuleoelvxabfmqiotta/Build/Intermediates.noindex/GoogleUtilities.build/Debug/GoogleUtilities-Logger-t.build/Objects-normal/arm64/resource_bundle_accessor.dia -c /Users/buddhirajgautam/Library/Developer/Xcode/DerivedData/Telegram-Mac-fygdgghdgmuleoelvxabfmqiotta/Build/Intermediates.noindex/GoogleUtilities.build/Debug/GoogleUtilities-Logger-t.build/DerivedSources/resource_bundle_accessor.m -o /Users/buddhirajgautam/Library/Developer/Xcode/DerivedData/Telegram-Mac-fygdgghdgmuleoelvxabfmqiotta/Build/Intermediates.noindex/GoogleUtilities.build/Debug/GoogleUtilities-Logger-t.build/Objects-normal/arm64/resource_bundle_accessor.o -index-unit-output-path /GoogleUtilities.build/Debug/GoogleUtilities-Logger-t.build/Objects-normal/arm64/resource_bundle_accessor.o

PrecompileModule /Users/buddhirajgautam/Library/Developer/Xcode/DerivedData/Telegram-Mac-fygdgghdgmuleoelvxabfmqiotta/Build/Intermediates.noindex/ExplicitPrecompiledModules/IOKit-7SNPBUAZCI0G1YL991LM3UYDZ.scan
    cd /
    builtin-precompileModule /Users/buddhirajgautam/Library/Developer/Xcode/DerivedData/Telegram-Mac-fygdgghdgmuleoelvxabfmqiotta/Build/Intermediates.noindex/ExplicitPrecompiledModules/IOKit-7SNPBUAZCI0G1YL991LM3UYDZ.scan

SwiftDriverJobDiscovery normal arm64 Compiling PercentPieAnimationRenderer.swift, PerformanceRenderer.swift, PieChartRenderer.swift, VerticalLinesRenderer.swift, VerticalScalesRenderer.swift, AnimationController.swift (in target 'GraphCore' from project 'GraphCore')

PrecompileModule /Users/buddhirajgautam/Library/Developer/Xcode/DerivedData/Telegram-Mac-fygdgghdgmuleoelvxabfmqiotta/Build/Intermediates.noindex/ExplicitPrecompiledModules/Security-AB7T4K4RJWKNL5YHHBICA0VOH.scan
    cd /
    builtin-precompileModule /Users/buddhirajgautam/Library/Developer/Xcode/DerivedData/Telegram-Mac-fygdgghdgmuleoelvxabfmqiotta/Build/Intermediates.noindex/ExplicitPrecompiledModules/Security-AB7T4K4RJWKNL5YHHBICA0VOH.scan

PrecompileModule /Users/buddhirajgautam/Library/Developer/Xcode/DerivedData/Telegram-Mac-fygdgghdgmuleoelvxabfmqiotta/Build/Intermediates.noindex/ExplicitPrecompiledModules/DiskArbitration-6WZ6L19VJ0BWICUWORCNG9SWC.scan
    cd /
    builtin-precompileModule /Users/buddhirajgautam/Library/Developer/Xcode/DerivedData/Telegram-Mac-fygdgghdgmuleoelvxabfmqiotta/Build/Intermediates.noindex/ExplicitPrecompiledModules/DiskArbitration-6WZ6L19VJ0BWICUWORCNG9SWC.scan

PrecompileModule /Users/buddhirajgautam/Library/Developer/Xcode/DerivedData/Telegram-Mac-fygdgghdgmuleoelvxabfmqiotta/Build/Intermediates.noindex/ExplicitPrecompiledModules/CoreGraphics-B9IY3GO9P8YKHSGPD61KT982O.scan
    cd /
    builtin-precompileModule /Users/buddhirajgautam/Library/Developer/Xcode/DerivedData/Telegram-Mac-fygdgghdgmuleoelvxabfmqiotta/Build/Intermediates.noindex/ExplicitPrecompiledModules/CoreGraphics-B9IY3GO9P8YKHSGPD61KT982O.scan

PrecompileModule /Users/buddhirajgautam/Library/Developer/Xcode/DerivedData/Telegram-Mac-fygdgghdgmuleoelvxabfmqiotta/Build/Intermediates.noindex/ExplicitPrecompiledModules/zlib-BBAV5DFFGIUWP62POQCR3KZ2T.scan
    cd /
    builtin-precompileModule /Users/buddhirajgautam/Library/Developer/Xcode/DerivedData/Telegram-Mac-fygdgghdgmuleoelvxabfmqiotta/Build/Intermediates.noindex/ExplicitPrecompiledModules/zlib-BBAV5DFFGIUWP62POQCR3KZ2T.scan

SwiftDriverJobDiscovery normal arm64 Compiling BaseChartRenderer.swift, ChartDetailsRenderer.swift, HorizontalScalesRenderer.swift, LineBulletsRenderer.swift, LinesChartRenderer.swift, PecentChartRenderer.swift (in target 'GraphCore' from project 'GraphCore')

PrecompileModule /Users/buddhirajgautam/Library/Developer/Xcode/DerivedData/Telegram-Mac-fygdgghdgmuleoelvxabfmqiotta/Build/Intermediates.noindex/ExplicitPrecompiledModules/CFNetwork-BYXG3CSUROQNY5AIKKB0UEHUP.scan
    cd /
    builtin-precompileModule /Users/buddhirajgautam/Library/Developer/Xcode/DerivedData/Telegram-Mac-fygdgghdgmuleoelvxabfmqiotta/Build/Intermediates.noindex/ExplicitPrecompiledModules/CFNetwork-BYXG3CSUROQNY5AIKKB0UEHUP.scan

SwiftDriver\ Compilation GraphCore normal arm64 com.apple.xcode.tools.swift.compiler (in target 'GraphCore' from project 'GraphCore')
    cd /Users/buddhirajgautam/Documents/Cherrygram-Mac/macOS-Swift
    builtin-Swift-Compilation -- /Applications/Xcode.app/Contents/Developer/Toolchains/XcodeDefault.xctoolchain/usr/bin/swiftc -parse-as-library -module-name GraphCore -Onone @/Users/buddhirajgautam/Library/Developer/Xcode/DerivedData/Telegram-Mac-fygdgghdgmuleoelvxabfmqiotta/Build/Intermediates.noindex/GraphCore.build/Debug/GraphCore-t.build/Objects-normal/arm64/GraphCore.SwiftFileList -DSWIFT_PACKAGE -DDEBUG -DSWIFT_MODULE_RESOURCE_BUNDLE_UNAVAILABLE -DXcode -plugin-path /Applications/Xcode.app/Contents/Developer/Toolchains/XcodeDefault.xctoolchain/usr/lib/swift/host/plugins/testing -enable-experimental-feature DebugDescriptionMacro -sdk /Applications/Xcode.app/Contents/Developer/Platforms/MacOSX.platform/Developer/SDKs/MacOSX27.0.sdk -target arm64-apple-macos12.0 -g -module-cache-path /Users/buddhirajgautam/Library/Developer/Xcode/DerivedData/ModuleCache.noindex -Xfrontend -serialize-debugging-options -profile-coverage-mapping -profile-generate -enable-testing -index-store-path /Users/buddhirajgautam/Library/Developer/Xcode/DerivedData/Telegram-Mac-fygdgghdgmuleoelvxabfmqiotta/Index.noindex/DataStore -Xcc -D_LIBCPP_HARDENING_MODE\=_LIBCPP_HARDENING_MODE_DEBUG -swift-version 5 -I /Users/buddhirajgautam/Library/Developer/Xcode/DerivedData/Telegram-Mac-fygdgghdgmuleoelvxabfmqiotta/Build/Products/Debug -Isystem /Applications/Xcode.app/Contents/Developer/Platforms/MacOSX.platform/Developer/usr/lib -F /Users/buddhirajgautam/Library/Developer/Xcode/DerivedData/Telegram-Mac-fygdgghdgmuleoelvxabfmqiotta/Build/Products/Debug -F /Applications/Xcode.app/Contents/Developer/Platforms/MacOSX.platform/Developer/Library/Frameworks -c -j8 -enable-batch-mode -incremental -Xcc -ivfsstatcache -Xcc /Users/buddhirajgautam/Library/Developer/Xcode/DerivedData/SDKStatCaches.noindex/macosx27.0-26A425-e829b21a6f8c9b70876ba0858053c0447231f6df4def33e022ae2eb8f782df1a.sdkstatcache -output-file-map /Users/buddhirajgautam/Library/Developer/Xcode/DerivedData/Telegram-Mac-fygdgghdgmuleoelvxabfmqiotta/Build/Intermediates.noindex/GraphCore.build/Debug/GraphCore-t.build/Objects-normal/arm64/GraphCore-OutputFileMap.json -save-temps -no-color-diagnostics -explicit-module-build -module-cache-path /Users/buddhirajgautam/Library/Developer/Xcode/DerivedData/Telegram-Mac-fygdgghdgmuleoelvxabfmqiotta/Build/Intermediates.noindex/SwiftExplicitPrecompiledModules -clang-scanner-module-cache-path /Users/buddhirajgautam/Library/Developer/Xcode/DerivedData/ModuleCache.noindex -sdk-module-cache-path /Users/buddhirajgautam/Library/Developer/Xcode/DerivedData/SDKExplicitPrecompiledModules -emit-dependencies -emit-module -emit-module-path /Users/buddhirajgautam/Library/Developer/Xcode/DerivedData/Telegram-Mac-fygdgghdgmuleoelvxabfmqiotta/Build/Intermediates.noindex/GraphCore.build/Debug/GraphCore-t.build/Objects-normal/arm64/GraphCore.swiftmodule -serialize-diagnostics -dependency-scan-serialize-diagnostics-path /Users/buddhirajgautam/Library/Developer/Xcode/DerivedData/Telegram-Mac-fygdgghdgmuleoelvxabfmqiotta/Build/Intermediates.noindex/GraphCore.build/Debug/GraphCore-t.build/Objects-normal/arm64/GraphCore-dependency-scan.dia -validate-clang-modules-once -clang-build-session-file /Users/buddhirajgautam/Library/Developer/Xcode/DerivedData/ModuleCache.noindex/Session.modulevalidation -Xcc -fmodules-prune-interval\=86400 -Xcc -fmodules-prune-after\=345600 -emit-const-values -const-gather-protocols-list /Users/buddhirajgautam/Library/Developer/Xcode/DerivedData/Telegram-Mac-fygdgghdgmuleoelvxabfmqiotta/Build/Intermediates.noindex/GraphCore.build/Debug/GraphCore-t.build/Objects-normal/arm64/GraphCore_const_extract_protocols.json -Xcc -I/Users/buddhirajgautam/Library/Developer/Xcode/DerivedData/Telegram-Mac-fygdgghdgmuleoelvxabfmqiotta/Build/Products/Debug/include -Xcc -I/Users/buddhirajgautam/Library/Developer/Xcode/DerivedData/Telegram-Mac-fygdgghdgmuleoelvxabfmqiotta/Build/Intermediates.noindex/GraphCore.build/Debug/GraphCore-t.build/DerivedSources-normal/arm64 -Xcc -I/Users/buddhirajgautam/Library/Developer/Xcode/DerivedData/Telegram-Mac-fygdgghdgmuleoelvxabfmqiotta/Build/Intermediates.noindex/GraphCore.build/Debug/GraphCore-t.build/DerivedSources/arm64 -Xcc -I/Users/buddhirajgautam/Library/Developer/Xcode/DerivedData/Telegram-Mac-fygdgghdgmuleoelvxabfmqiotta/Build/Intermediates.noindex/GraphCore.build/Debug/GraphCore-t.build/DerivedSources -Xcc -DSWIFT_PACKAGE -Xcc -DDEBUG\=1 -emit-objc-header -emit-objc-header-path /Users/buddhirajgautam/Library/Developer/Xcode/DerivedData/Telegram-Mac-fygdgghdgmuleoelvxabfmqiotta/Build/Intermediates.noindex/GraphCore.build/Debug/GraphCore-t.build/Objects-normal/arm64/GraphCore-Swift.h -working-directory /Users/buddhirajgautam/Documents/Cherrygram-Mac/macOS-Swift -experimental-emit-module-separately -disable-cmo

ScanDependencies /Users/buddhirajgautam/Library/Developer/Xcode/DerivedData/Telegram-Mac-fygdgghdgmuleoelvxabfmqiotta/Build/Intermediates.noindex/GoogleUtilities.build/Debug/GoogleUtilities-Logger-t.build/Objects-normal/arm64/GULLogger.o /Users/buddhirajgautam/Library/Developer/Xcode/DerivedData/Telegram-Mac-fygdgghdgmuleoelvxabfmqiotta/SourcePackages/checkouts/GoogleUtilities/GoogleUtilities/Logger/GULLogger.m normal arm64 objective-c com.apple.compilers.llvm.clang.1_0.compiler (in target 'GoogleUtilities-Logger' from project 'GoogleUtilities')
    cd /Users/buddhirajgautam/Documents/Cherrygram-Mac/macOS-Swift
    
    Using response file: /Users/buddhirajgautam/Library/Developer/Xcode/DerivedData/Telegram-Mac-fygdgghdgmuleoelvxabfmqiotta/Build/Intermediates.noindex/GoogleUtilities.build/Debug/GoogleUtilities-Logger-t.build/Objects-normal/arm64/e6072d4f65d7061329687fe24e3d63a7-common-args.resp
    
    builtin-ScanDependencies -o /Users/buddhirajgautam/Library/Developer/Xcode/DerivedData/Telegram-Mac-fygdgghdgmuleoelvxabfmqiotta/Build/Intermediates.noindex/GoogleUtilities.build/Debug/GoogleUtilities-Logger-t.build/Objects-normal/arm64/GULLogger.o.scan -- /Applications/Xcode.app/Contents/Developer/Toolchains/XcodeDefault.xctoolchain/usr/bin/clang -x objective-c -ivfsstatcache /Users/buddhirajgautam/Library/Developer/Xcode/DerivedData/SDKStatCaches.noindex/macosx27.0-26A425-e829b21a6f8c9b70876ba0858053c0447231f6df4def33e022ae2eb8f782df1a.sdkstatcache -target arm64-apple-macos12.0 -fmessage-length\=0 -fdiagnostics-show-note-include-stack -fmacro-backtrace-limit\=0 -fno-color-diagnostics -fmodules-prune-interval\=86400 -fmodules-prune-after\=345600 -fbuild-session-file\=/Users/buddhirajgautam/Library/Developer/Xcode/DerivedData/ModuleCache.noindex/Session.modulevalidation -fmodules-validate-once-per-build-session -Wnon-modular-include-in-framework-module -Werror\=non-modular-include-in-framework-module -Wno-trigraphs -Wno-missing-field-initializers -Wno-missing-prototypes -Wno-return-type -Wno-implicit-atomic-properties -Wno-objc-interface-ivars -Wno-arc-repeated-use-of-weak -Wno-missing-braces -Wparentheses -Wswitch -Wno-unused-function -Wno-unused-label -Wno-unused-parameter -Wno-unused-variable -Wunused-value -Wno-empty-body -Wno-uninitialized -Wno-unknown-pragmas -w -Wno-shadow -Wno-four-char-constants -Wno-conversion -Wno-constant-conversion -Wno-int-conversion -Wno-bool-conversion -Wno-enum-conversion -Wno-float-conversion -Wno-non-literal-null-conversion -Wno-objc-literal-conversion -Wshorten-64-to-32 -Wpointer-sign -Wno-newline-eof -Wno-selector -Wno-strict-selector-match -Wno-undeclared-selector -Wno-deprecated-implementations -Wno-implicit-fallthrough -isysroot /Applications/Xcode.app/Contents/Developer/Platforms/MacOSX.platform/Developer/SDKs/MacOSX27.0.sdk -fstrict-aliasing -Wprotocol -Wdeprecated-declarations -Wno-sign-conversion -Wno-infinite-recursion -Wno-comma -Wno-block-capture-autoreleasing -Wno-strict-prototypes -Wno-semicolon-before-method-body -index-store-path /Users/buddhirajgautam/Library/Developer/Xcode/DerivedData/Telegram-Mac-fygdgghdgmuleoelvxabfmqiotta/Index.noindex/DataStore @/Users/buddhirajgautam/Library/Developer/Xcode/DerivedData/Telegram-Mac-fygdgghdgmuleoelvxabfmqiotta/Build/Intermediates.noindex/GoogleUtilities.build/Debug/GoogleUtilities-Logger-t.build/Objects-normal/arm64/e6072d4f65d7061329687fe24e3d63a7-common-args.resp -include /Users/buddhirajgautam/Library/Developer/Xcode/DerivedData/Telegram-Mac-fygdgghdgmuleoelvxabfmqiotta/Build/Intermediates.noindex/GoogleUtilities.build/Debug/GoogleUtilities-Logger-t.build/DerivedSources/resource_bundle_accessor.h -MMD -MT dependencies -MF /Users/buddhirajgautam/Library/Developer/Xcode/DerivedData/Telegram-Mac-fygdgghdgmuleoelvxabfmqiotta/Build/Intermediates.noindex/GoogleUtilities.build/Debug/GoogleUtilities-Logger-t.build/Objects-normal/arm64/GULLogger.d --serialize-diagnostics /Users/buddhirajgautam/Library/Developer/Xcode/DerivedData/Telegram-Mac-fygdgghdgmuleoelvxabfmqiotta/Build/Intermediates.noindex/GoogleUtilities.build/Debug/GoogleUtilities-Logger-t.build/Objects-normal/arm64/GULLogger.dia -c /Users/buddhirajgautam/Library/Developer/Xcode/DerivedData/Telegram-Mac-fygdgghdgmuleoelvxabfmqiotta/SourcePackages/checkouts/GoogleUtilities/GoogleUtilities/Logger/GULLogger.m -o /Users/buddhirajgautam/Library/Developer/Xcode/DerivedData/Telegram-Mac-fygdgghdgmuleoelvxabfmqiotta/Build/Intermediates.noindex/GoogleUtilities.build/Debug/GoogleUtilities-Logger-t.build/Objects-normal/arm64/GULLogger.o -index-unit-output-path /GoogleUtilities.build/Debug/GoogleUtilities-Logger-t.build/Objects-normal/arm64/GULLogger.o

ScanDependencies /Users/buddhirajgautam/Library/Developer/Xcode/DerivedData/Telegram-Mac-fygdgghdgmuleoelvxabfmqiotta/Build/Intermediates.noindex/GoogleUtilities.build/Debug/GoogleUtilities-Environment-t.build/Objects-normal/arm64/resource_bundle_accessor.o /Users/buddhirajgautam/Library/Developer/Xcode/DerivedData/Telegram-Mac-fygdgghdgmuleoelvxabfmqiotta/Build/Intermediates.noindex/GoogleUtilities.build/Debug/GoogleUtilities-Environment-t.build/DerivedSources/resource_bundle_accessor.m normal arm64 objective-c com.apple.compilers.llvm.clang.1_0.compiler (in target 'GoogleUtilities-Environment' from project 'GoogleUtilities')
    cd /Users/buddhirajgautam/Documents/Cherrygram-Mac/macOS-Swift
    
    Using response file: /Users/buddhirajgautam/Library/Developer/Xcode/DerivedData/Telegram-Mac-fygdgghdgmuleoelvxabfmqiotta/Build/Intermediates.noindex/GoogleUtilities.build/Debug/GoogleUtilities-Environment-t.build/Objects-normal/arm64/e6072d4f65d7061329687fe24e3d63a7-common-args.resp
    
    builtin-ScanDependencies -o /Users/buddhirajgautam/Library/Developer/Xcode/DerivedData/Telegram-Mac-fygdgghdgmuleoelvxabfmqiotta/Build/Intermediates.noindex/GoogleUtilities.build/Debug/GoogleUtilities-Environment-t.build/Objects-normal/arm64/resource_bundle_accessor.o.scan -- /Applications/Xcode.app/Contents/Developer/Toolchains/XcodeDefault.xctoolchain/usr/bin/clang -x objective-c -ivfsstatcache /Users/buddhirajgautam/Library/Developer/Xcode/DerivedData/SDKStatCaches.noindex/macosx27.0-26A425-e829b21a6f8c9b70876ba0858053c0447231f6df4def33e022ae2eb8f782df1a.sdkstatcache -target arm64-apple-macos12.0 -fmessage-length\=0 -fdiagnostics-show-note-include-stack -fmacro-backtrace-limit\=0 -fno-color-diagnostics -fmodules-prune-interval\=86400 -fmodules-prune-after\=345600 -fbuild-session-file\=/Users/buddhirajgautam/Library/Developer/Xcode/DerivedData/ModuleCache.noindex/Session.modulevalidation -fmodules-validate-once-per-build-session -Wnon-modular-include-in-framework-module -Werror\=non-modular-include-in-framework-module -Wno-trigraphs -Wno-missing-field-initializers -Wno-missing-prototypes -Wno-return-type -Wno-implicit-atomic-properties -Wno-objc-interface-ivars -Wno-arc-repeated-use-of-weak -Wno-missing-braces -Wparentheses -Wswitch -Wno-unused-function -Wno-unused-label -Wno-unused-parameter -Wno-unused-variable -Wunused-value -Wno-empty-body -Wno-uninitialized -Wno-unknown-pragmas -w -Wno-shadow -Wno-four-char-constants -Wno-conversion -Wno-constant-conversion -Wno-int-conversion -Wno-bool-conversion -Wno-enum-conversion -Wno-float-conversion -Wno-non-literal-null-conversion -Wno-objc-literal-conversion -Wshorten-64-to-32 -Wpointer-sign -Wno-newline-eof -Wno-selector -Wno-strict-selector-match -Wno-undeclared-selector -Wno-deprecated-implementations -Wno-implicit-fallthrough -isysroot /Applications/Xcode.app/Contents/Developer/Platforms/MacOSX.platform/Developer/SDKs/MacOSX27.0.sdk -fstrict-aliasing -Wprotocol -Wdeprecated-declarations -Wno-sign-conversion -Wno-infinite-recursion -Wno-comma -Wno-block-capture-autoreleasing -Wno-strict-prototypes -Wno-semicolon-before-method-body -index-store-path /Users/buddhirajgautam/Library/Developer/Xcode/DerivedData/Telegram-Mac-fygdgghdgmuleoelvxabfmqiotta/Index.noindex/DataStore @/Users/buddhirajgautam/Library/Developer/Xcode/DerivedData/Telegram-Mac-fygdgghdgmuleoelvxabfmqiotta/Build/Intermediates.noindex/GoogleUtilities.build/Debug/GoogleUtilities-Environment-t.build/Objects-normal/arm64/e6072d4f65d7061329687fe24e3d63a7-common-args.resp -include /Users/buddhirajgautam/Library/Developer/Xcode/DerivedData/Telegram-Mac-fygdgghdgmuleoelvxabfmqiotta/Build/Intermediates.noindex/GoogleUtilities.build/Debug/GoogleUtilities-Environment-t.build/DerivedSources/resource_bundle_accessor.h -MMD -MT dependencies -MF /Users/buddhirajgautam/Library/Developer/Xcode/DerivedData/Telegram-Mac-fygdgghdgmuleoelvxabfmqiotta/Build/Intermediates.noindex/GoogleUtilities.build/Debug/GoogleUtilities-Environment-t.build/Objects-normal/arm64/resource_bundle_accessor.d --serialize-diagnostics /Users/buddhirajgautam/Library/Developer/Xcode/DerivedData/Telegram-Mac-fygdgghdgmuleoelvxabfmqiotta/Build/Intermediates.noindex/GoogleUtilities.build/Debug/GoogleUtilities-Environment-t.build/Objects-normal/arm64/resource_bundle_accessor.dia -c /Users/buddhirajgautam/Library/Developer/Xcode/DerivedData/Telegram-Mac-fygdgghdgmuleoelvxabfmqiotta/Build/Intermediates.noindex/GoogleUtilities.build/Debug/GoogleUtilities-Environment-t.build/DerivedSources/resource_bundle_accessor.m -o /Users/buddhirajgautam/Library/Developer/Xcode/DerivedData/Telegram-Mac-fygdgghdgmuleoelvxabfmqiotta/Build/Intermediates.noindex/GoogleUtilities.build/Debug/GoogleUtilities-Environment-t.build/Objects-normal/arm64/resource_bundle_accessor.o -index-unit-output-path /GoogleUtilities.build/Debug/GoogleUtilities-Environment-t.build/Objects-normal/arm64/resource_bundle_accessor.o

ScanDependencies /Users/buddhirajgautam/Library/Developer/Xcode/DerivedData/Telegram-Mac-fygdgghdgmuleoelvxabfmqiotta/Build/Intermediates.noindex/GoogleUtilities.build/Debug/GoogleUtilities-Environment-t.build/Objects-normal/arm64/NSURLSession+GULPromises.o /Users/buddhirajgautam/Library/Developer/Xcode/DerivedData/Telegram-Mac-fygdgghdgmuleoelvxabfmqiotta/SourcePackages/checkouts/GoogleUtilities/GoogleUtilities/Environment/URLSessionPromiseWrapper/NSURLSession+GULPromises.m normal arm64 objective-c com.apple.compilers.llvm.clang.1_0.compiler (in target 'GoogleUtilities-Environment' from project 'GoogleUtilities')
    cd /Users/buddhirajgautam/Documents/Cherrygram-Mac/macOS-Swift
    
    Using response file: /Users/buddhirajgautam/Library/Developer/Xcode/DerivedData/Telegram-Mac-fygdgghdgmuleoelvxabfmqiotta/Build/Intermediates.noindex/GoogleUtilities.build/Debug/GoogleUtilities-Environment-t.build/Objects-normal/arm64/e6072d4f65d7061329687fe24e3d63a7-common-args.resp
    
    builtin-ScanDependencies -o /Users/buddhirajgautam/Library/Developer/Xcode/DerivedData/Telegram-Mac-fygdgghdgmuleoelvxabfmqiotta/Build/Intermediates.noindex/GoogleUtilities.build/Debug/GoogleUtilities-Environment-t.build/Objects-normal/arm64/NSURLSession+GULPromises.o.scan -- /Applications/Xcode.app/Contents/Developer/Toolchains/XcodeDefault.xctoolchain/usr/bin/clang -x objective-c -ivfsstatcache /Users/buddhirajgautam/Library/Developer/Xcode/DerivedData/SDKStatCaches.noindex/macosx27.0-26A425-e829b21a6f8c9b70876ba0858053c0447231f6df4def33e022ae2eb8f782df1a.sdkstatcache -target arm64-apple-macos12.0 -fmessage-length\=0 -fdiagnostics-show-note-include-stack -fmacro-backtrace-limit\=0 -fno-color-diagnostics -fmodules-prune-interval\=86400 -fmodules-prune-after\=345600 -fbuild-session-file\=/Users/buddhirajgautam/Library/Developer/Xcode/DerivedData/ModuleCache.noindex/Session.modulevalidation -fmodules-validate-once-per-build-session -Wnon-modular-include-in-framework-module -Werror\=non-modular-include-in-framework-module -Wno-trigraphs -Wno-missing-field-initializers -Wno-missing-prototypes -Wno-return-type -Wno-implicit-atomic-properties -Wno-objc-interface-ivars -Wno-arc-repeated-use-of-weak -Wno-missing-braces -Wparentheses -Wswitch -Wno-unused-function -Wno-unused-label -Wno-unused-parameter -Wno-unused-variable -Wunused-value -Wno-empty-body -Wno-uninitialized -Wno-unknown-pragmas -w -Wno-shadow -Wno-four-char-constants -Wno-conversion -Wno-constant-conversion -Wno-int-conversion -Wno-bool-conversion -Wno-enum-conversion -Wno-float-conversion -Wno-non-literal-null-conversion -Wno-objc-literal-conversion -Wshorten-64-to-32 -Wpointer-sign -Wno-newline-eof -Wno-selector -Wno-strict-selector-match -Wno-undeclared-selector -Wno-deprecated-implementations -Wno-implicit-fallthrough -isysroot /Applications/Xcode.app/Contents/Developer/Platforms/MacOSX.platform/Developer/SDKs/MacOSX27.0.sdk -fstrict-aliasing -Wprotocol -Wdeprecated-declarations -Wno-sign-conversion -Wno-infinite-recursion -Wno-comma -Wno-block-capture-autoreleasing -Wno-strict-prototypes -Wno-semicolon-before-method-body -index-store-path /Users/buddhirajgautam/Library/Developer/Xcode/DerivedData/Telegram-Mac-fygdgghdgmuleoelvxabfmqiotta/Index.noindex/DataStore @/Users/buddhirajgautam/Library/Developer/Xcode/DerivedData/Telegram-Mac-fygdgghdgmuleoelvxabfmqiotta/Build/Intermediates.noindex/GoogleUtilities.build/Debug/GoogleUtilities-Environment-t.build/Objects-normal/arm64/e6072d4f65d7061329687fe24e3d63a7-common-args.resp -include /Users/buddhirajgautam/Library/Developer/Xcode/DerivedData/Telegram-Mac-fygdgghdgmuleoelvxabfmqiotta/Build/Intermediates.noindex/GoogleUtilities.build/Debug/GoogleUtilities-Environment-t.build/DerivedSources/resource_bundle_accessor.h -MMD -MT dependencies -MF /Users/buddhirajgautam/Library/Developer/Xcode/DerivedData/Telegram-Mac-fygdgghdgmuleoelvxabfmqiotta/Build/Intermediates.noindex/GoogleUtilities.build/Debug/GoogleUtilities-Environment-t.build/Objects-normal/arm64/NSURLSession+GULPromises.d --serialize-diagnostics /Users/buddhirajgautam/Library/Developer/Xcode/DerivedData/Telegram-Mac-fygdgghdgmuleoelvxabfmqiotta/Build/Intermediates.noindex/GoogleUtilities.build/Debug/GoogleUtilities-Environment-t.build/Objects-normal/arm64/NSURLSession+GULPromises.dia -c /Users/buddhirajgautam/Library/Developer/Xcode/DerivedData/Telegram-Mac-fygdgghdgmuleoelvxabfmqiotta/SourcePackages/checkouts/GoogleUtilities/GoogleUtilities/Environment/URLSessionPromiseWrapper/NSURLSession+GULPromises.m -o /Users/buddhirajgautam/Library/Developer/Xcode/DerivedData/Telegram-Mac-fygdgghdgmuleoelvxabfmqiotta/Build/Intermediates.noindex/GoogleUtilities.build/Debug/GoogleUtilities-Environment-t.build/Objects-normal/arm64/NSURLSession+GULPromises.o -index-unit-output-path /GoogleUtilities.build/Debug/GoogleUtilities-Environment-t.build/Objects-normal/arm64/NSURLSession+GULPromises.o

ScanDependencies /Users/buddhirajgautam/Library/Developer/Xcode/DerivedData/Telegram-Mac-fygdgghdgmuleoelvxabfmqiotta/Build/Intermediates.noindex/GoogleUtilities.build/Debug/GoogleUtilities-Environment-t.build/Objects-normal/arm64/GULURLSessionDataResponse.o /Users/buddhirajgautam/Library/Developer/Xcode/DerivedData/Telegram-Mac-fygdgghdgmuleoelvxabfmqiotta/SourcePackages/checkouts/GoogleUtilities/GoogleUtilities/Environment/URLSessionPromiseWrapper/GULURLSessionDataResponse.m normal arm64 objective-c com.apple.compilers.llvm.clang.1_0.compiler (in target 'GoogleUtilities-Environment' from project 'GoogleUtilities')
    cd /Users/buddhirajgautam/Documents/Cherrygram-Mac/macOS-Swift
    
    Using response file: /Users/buddhirajgautam/Library/Developer/Xcode/DerivedData/Telegram-Mac-fygdgghdgmuleoelvxabfmqiotta/Build/Intermediates.noindex/GoogleUtilities.build/Debug/GoogleUtilities-Environment-t.build/Objects-normal/arm64/e6072d4f65d7061329687fe24e3d63a7-common-args.resp
    
    builtin-ScanDependencies -o /Users/buddhirajgautam/Library/Developer/Xcode/DerivedData/Telegram-Mac-fygdgghdgmuleoelvxabfmqiotta/Build/Intermediates.noindex/GoogleUtilities.build/Debug/GoogleUtilities-Environment-t.build/Objects-normal/arm64/GULURLSessionDataResponse.o.scan -- /Applications/Xcode.app/Contents/Developer/Toolchains/XcodeDefault.xctoolchain/usr/bin/clang -x objective-c -ivfsstatcache /Users/buddhirajgautam/Library/Developer/Xcode/DerivedData/SDKStatCaches.noindex/macosx27.0-26A425-e829b21a6f8c9b70876ba0858053c0447231f6df4def33e022ae2eb8f782df1a.sdkstatcache -target arm64-apple-macos12.0 -fmessage-length\=0 -fdiagnostics-show-note-include-stack -fmacro-backtrace-limit\=0 -fno-color-diagnostics -fmodules-prune-interval\=86400 -fmodules-prune-after\=345600 -fbuild-session-file\=/Users/buddhirajgautam/Library/Developer/Xcode/DerivedData/ModuleCache.noindex/Session.modulevalidation -fmodules-validate-once-per-build-session -Wnon-modular-include-in-framework-module -Werror\=non-modular-include-in-framework-module -Wno-trigraphs -Wno-missing-field-initializers -Wno-missing-prototypes -Wno-return-type -Wno-implicit-atomic-properties -Wno-objc-interface-ivars -Wno-arc-repeated-use-of-weak -Wno-missing-braces -Wparentheses -Wswitch -Wno-unused-function -Wno-unused-label -Wno-unused-parameter -Wno-unused-variable -Wunused-value -Wno-empty-body -Wno-uninitialized -Wno-unknown-pragmas -w -Wno-shadow -Wno-four-char-constants -Wno-conversion -Wno-constant-conversion -Wno-int-conversion -Wno-bool-conversion -Wno-enum-conversion -Wno-float-conversion -Wno-non-literal-null-conversion -Wno-objc-literal-conversion -Wshorten-64-to-32 -Wpointer-sign -Wno-newline-eof -Wno-selector -Wno-strict-selector-match -Wno-undeclared-selector -Wno-deprecated-implementations -Wno-implicit-fallthrough -isysroot /Applications/Xcode.app/Contents/Developer/Platforms/MacOSX.platform/Developer/SDKs/MacOSX27.0.sdk -fstrict-aliasing -Wprotocol -Wdeprecated-declarations -Wno-sign-conversion -Wno-infinite-recursion -Wno-comma -Wno-block-capture-autoreleasing -Wno-strict-prototypes -Wno-semicolon-before-method-body -index-store-path /Users/buddhirajgautam/Library/Developer/Xcode/DerivedData/Telegram-Mac-fygdgghdgmuleoelvxabfmqiotta/Index.noindex/DataStore @/Users/buddhirajgautam/Library/Developer/Xcode/DerivedData/Telegram-Mac-fygdgghdgmuleoelvxabfmqiotta/Build/Intermediates.noindex/GoogleUtilities.build/Debug/GoogleUtilities-Environment-t.build/Objects-normal/arm64/e6072d4f65d7061329687fe24e3d63a7-common-args.resp -include /Users/buddhirajgautam/Library/Developer/Xcode/DerivedData/Telegram-Mac-fygdgghdgmuleoelvxabfmqiotta/Build/Intermediates.noindex/GoogleUtilities.build/Debug/GoogleUtilities-Environment-t.build/DerivedSources/resource_bundle_accessor.h -MMD -MT dependencies -MF /Users/buddhirajgautam/Library/Developer/Xcode/DerivedData/Telegram-Mac-fygdgghdgmuleoelvxabfmqiotta/Build/Intermediates.noindex/GoogleUtilities.build/Debug/GoogleUtilities-Environment-t.build/Objects-normal/arm64/GULURLSessionDataResponse.d --serialize-diagnostics /Users/buddhirajgautam/Library/Developer/Xcode/DerivedData/Telegram-Mac-fygdgghdgmuleoelvxabfmqiotta/Build/Intermediates.noindex/GoogleUtilities.build/Debug/GoogleUtilities-Environment-t.build/Objects-normal/arm64/GULURLSessionDataResponse.dia -c /Users/buddhirajgautam/Library/Developer/Xcode/DerivedData/Telegram-Mac-fygdgghdgmuleoelvxabfmqiotta/SourcePackages/checkouts/GoogleUtilities/GoogleUtilities/Environment/URLSessionPromiseWrapper/GULURLSessionDataResponse.m -o /Users/buddhirajgautam/Library/Developer/Xcode/DerivedData/Telegram-Mac-fygdgghdgmuleoelvxabfmqiotta/Build/Intermediates.noindex/GoogleUtilities.build/Debug/GoogleUtilities-Environment-t.build/Objects-normal/arm64/GULURLSessionDataResponse.o -index-unit-output-path /GoogleUtilities.build/Debug/GoogleUtilities-Environment-t.build/Objects-normal/arm64/GULURLSessionDataResponse.o

ScanDependencies /Users/buddhirajgautam/Library/Developer/Xcode/DerivedData/Telegram-Mac-fygdgghdgmuleoelvxabfmqiotta/Build/Intermediates.noindex/GoogleUtilities.build/Debug/GoogleUtilities-Environment-t.build/Objects-normal/arm64/GULSecureCoding.o /Users/buddhirajgautam/Library/Developer/Xcode/DerivedData/Telegram-Mac-fygdgghdgmuleoelvxabfmqiotta/SourcePackages/checkouts/GoogleUtilities/GoogleUtilities/Environment/GULSecureCoding.m normal arm64 objective-c com.apple.compilers.llvm.clang.1_0.compiler (in target 'GoogleUtilities-Environment' from project 'GoogleUtilities')
    cd /Users/buddhirajgautam/Documents/Cherrygram-Mac/macOS-Swift
    
    Using response file: /Users/buddhirajgautam/Library/Developer/Xcode/DerivedData/Telegram-Mac-fygdgghdgmuleoelvxabfmqiotta/Build/Intermediates.noindex/GoogleUtilities.build/Debug/GoogleUtilities-Environment-t.build/Objects-normal/arm64/e6072d4f65d7061329687fe24e3d63a7-common-args.resp
    
    builtin-ScanDependencies -o /Users/buddhirajgautam/Library/Developer/Xcode/DerivedData/Telegram-Mac-fygdgghdgmuleoelvxabfmqiotta/Build/Intermediates.noindex/GoogleUtilities.build/Debug/GoogleUtilities-Environment-t.build/Objects-normal/arm64/GULSecureCoding.o.scan -- /Applications/Xcode.app/Contents/Developer/Toolchains/XcodeDefault.xctoolchain/usr/bin/clang -x objective-c -ivfsstatcache /Users/buddhirajgautam/Library/Developer/Xcode/DerivedData/SDKStatCaches.noindex/macosx27.0-26A425-e829b21a6f8c9b70876ba0858053c0447231f6df4def33e022ae2eb8f782df1a.sdkstatcache -target arm64-apple-macos12.0 -fmessage-length\=0 -fdiagnostics-show-note-include-stack -fmacro-backtrace-limit\=0 -fno-color-diagnostics -fmodules-prune-interval\=86400 -fmodules-prune-after\=345600 -fbuild-session-file\=/Users/buddhirajgautam/Library/Developer/Xcode/DerivedData/ModuleCache.noindex/Session.modulevalidation -fmodules-validate-once-per-build-session -Wnon-modular-include-in-framework-module -Werror\=non-modular-include-in-framework-module -Wno-trigraphs -Wno-missing-field-initializers -Wno-missing-prototypes -Wno-return-type -Wno-implicit-atomic-properties -Wno-objc-interface-ivars -Wno-arc-repeated-use-of-weak -Wno-missing-braces -Wparentheses -Wswitch -Wno-unused-function -Wno-unused-label -Wno-unused-parameter -Wno-unused-variable -Wunused-value -Wno-empty-body -Wno-uninitialized -Wno-unknown-pragmas -w -Wno-shadow -Wno-four-char-constants -Wno-conversion -Wno-constant-conversion -Wno-int-conversion -Wno-bool-conversion -Wno-enum-conversion -Wno-float-conversion -Wno-non-literal-null-conversion -Wno-objc-literal-conversion -Wshorten-64-to-32 -Wpointer-sign -Wno-newline-eof -Wno-selector -Wno-strict-selector-match -Wno-undeclared-selector -Wno-deprecated-implementations -Wno-implicit-fallthrough -isysroot /Applications/Xcode.app/Contents/Developer/Platforms/MacOSX.platform/Developer/SDKs/MacOSX27.0.sdk -fstrict-aliasing -Wprotocol -Wdeprecated-declarations -Wno-sign-conversion -Wno-infinite-recursion -Wno-comma -Wno-block-capture-autoreleasing -Wno-strict-prototypes -Wno-semicolon-before-method-body -index-store-path /Users/buddhirajgautam/Library/Developer/Xcode/DerivedData/Telegram-Mac-fygdgghdgmuleoelvxabfmqiotta/Index.noindex/DataStore @/Users/buddhirajgautam/Library/Developer/Xcode/DerivedData/Telegram-Mac-fygdgghdgmuleoelvxabfmqiotta/Build/Intermediates.noindex/GoogleUtilities.build/Debug/GoogleUtilities-Environment-t.build/Objects-normal/arm64/e6072d4f65d7061329687fe24e3d63a7-common-args.resp -include /Users/buddhirajgautam/Library/Developer/Xcode/DerivedData/Telegram-Mac-fygdgghdgmuleoelvxabfmqiotta/Build/Intermediates.noindex/GoogleUtilities.build/Debug/GoogleUtilities-Environment-t.build/DerivedSources/resource_bundle_accessor.h -MMD -MT dependencies -MF /Users/buddhirajgautam/Library/Developer/Xcode/DerivedData/Telegram-Mac-fygdgghdgmuleoelvxabfmqiotta/Build/Intermediates.noindex/GoogleUtilities.build/Debug/GoogleUtilities-Environment-t.build/Objects-normal/arm64/GULSecureCoding.d --serialize-diagnostics /Users/buddhirajgautam/Library/Developer/Xcode/DerivedData/Telegram-Mac-fygdgghdgmuleoelvxabfmqiotta/Build/Intermediates.noindex/GoogleUtilities.build/Debug/GoogleUtilities-Environment-t.build/Objects-normal/arm64/GULSecureCoding.dia -c /Users/buddhirajgautam/Library/Developer/Xcode/DerivedData/Telegram-Mac-fygdgghdgmuleoelvxabfmqiotta/SourcePackages/checkouts/GoogleUtilities/GoogleUtilities/Environment/GULSecureCoding.m -o /Users/buddhirajgautam/Library/Developer/Xcode/DerivedData/Telegram-Mac-fygdgghdgmuleoelvxabfmqiotta/Build/Intermediates.noindex/GoogleUtilities.build/Debug/GoogleUtilities-Environment-t.build/Objects-normal/arm64/GULSecureCoding.o -index-unit-output-path /GoogleUtilities.build/Debug/GoogleUtilities-Environment-t.build/Objects-normal/arm64/GULSecureCoding.o

ScanDependencies /Users/buddhirajgautam/Library/Developer/Xcode/DerivedData/Telegram-Mac-fygdgghdgmuleoelvxabfmqiotta/Build/Intermediates.noindex/GoogleUtilities.build/Debug/GoogleUtilities-Environment-t.build/Objects-normal/arm64/GULNetworkInfo.o /Users/buddhirajgautam/Library/Developer/Xcode/DerivedData/Telegram-Mac-fygdgghdgmuleoelvxabfmqiotta/SourcePackages/checkouts/GoogleUtilities/GoogleUtilities/Environment/NetworkInfo/GULNetworkInfo.m normal arm64 objective-c com.apple.compilers.llvm.clang.1_0.compiler (in target 'GoogleUtilities-Environment' from project 'GoogleUtilities')
    cd /Users/buddhirajgautam/Documents/Cherrygram-Mac/macOS-Swift
    
    Using response file: /Users/buddhirajgautam/Library/Developer/Xcode/DerivedData/Telegram-Mac-fygdgghdgmuleoelvxabfmqiotta/Build/Intermediates.noindex/GoogleUtilities.build/Debug/GoogleUtilities-Environment-t.build/Objects-normal/arm64/e6072d4f65d7061329687fe24e3d63a7-common-args.resp
    
    builtin-ScanDependencies -o /Users/buddhirajgautam/Library/Developer/Xcode/DerivedData/Telegram-Mac-fygdgghdgmuleoelvxabfmqiotta/Build/Intermediates.noindex/GoogleUtilities.build/Debug/GoogleUtilities-Environment-t.build/Objects-normal/arm64/GULNetworkInfo.o.scan -- /Applications/Xcode.app/Contents/Developer/Toolchains/XcodeDefault.xctoolchain/usr/bin/clang -x objective-c -ivfsstatcache /Users/buddhirajgautam/Library/Developer/Xcode/DerivedData/SDKStatCaches.noindex/macosx27.0-26A425-e829b21a6f8c9b70876ba0858053c0447231f6df4def33e022ae2eb8f782df1a.sdkstatcache -target arm64-apple-macos12.0 -fmessage-length\=0 -fdiagnostics-show-note-include-stack -fmacro-backtrace-limit\=0 -fno-color-diagnostics -fmodules-prune-interval\=86400 -fmodules-prune-after\=345600 -fbuild-session-file\=/Users/buddhirajgautam/Library/Developer/Xcode/DerivedData/ModuleCache.noindex/Session.modulevalidation -fmodules-validate-once-per-build-session -Wnon-modular-include-in-framework-module -Werror\=non-modular-include-in-framework-module -Wno-trigraphs -Wno-missing-field-initializers -Wno-missing-prototypes -Wno-return-type -Wno-implicit-atomic-properties -Wno-objc-interface-ivars -Wno-arc-repeated-use-of-weak -Wno-missing-braces -Wparentheses -Wswitch -Wno-unused-function -Wno-unused-label -Wno-unused-parameter -Wno-unused-variable -Wunused-value -Wno-empty-body -Wno-uninitialized -Wno-unknown-pragmas -w -Wno-shadow -Wno-four-char-constants -Wno-conversion -Wno-constant-conversion -Wno-int-conversion -Wno-bool-conversion -Wno-enum-conversion -Wno-float-conversion -Wno-non-literal-null-conversion -Wno-objc-literal-conversion -Wshorten-64-to-32 -Wpointer-sign -Wno-newline-eof -Wno-selector -Wno-strict-selector-match -Wno-undeclared-selector -Wno-deprecated-implementations -Wno-implicit-fallthrough -isysroot /Applications/Xcode.app/Contents/Developer/Platforms/MacOSX.platform/Developer/SDKs/MacOSX27.0.sdk -fstrict-aliasing -Wprotocol -Wdeprecated-declarations -Wno-sign-conversion -Wno-infinite-recursion -Wno-comma -Wno-block-capture-autoreleasing -Wno-strict-prototypes -Wno-semicolon-before-method-body -index-store-path /Users/buddhirajgautam/Library/Developer/Xcode/DerivedData/Telegram-Mac-fygdgghdgmuleoelvxabfmqiotta/Index.noindex/DataStore @/Users/buddhirajgautam/Library/Developer/Xcode/DerivedData/Telegram-Mac-fygdgghdgmuleoelvxabfmqiotta/Build/Intermediates.noindex/GoogleUtilities.build/Debug/GoogleUtilities-Environment-t.build/Objects-normal/arm64/e6072d4f65d7061329687fe24e3d63a7-common-args.resp -include /Users/buddhirajgautam/Library/Developer/Xcode/DerivedData/Telegram-Mac-fygdgghdgmuleoelvxabfmqiotta/Build/Intermediates.noindex/GoogleUtilities.build/Debug/GoogleUtilities-Environment-t.build/DerivedSources/resource_bundle_accessor.h -MMD -MT dependencies -MF /Users/buddhirajgautam/Library/Developer/Xcode/DerivedData/Telegram-Mac-fygdgghdgmuleoelvxabfmqiotta/Build/Intermediates.noindex/GoogleUtilities.build/Debug/GoogleUtilities-Environment-t.build/Objects-normal/arm64/GULNetworkInfo.d --serialize-diagnostics /Users/buddhirajgautam/Library/Developer/Xcode/DerivedData/Telegram-Mac-fygdgghdgmuleoelvxabfmqiotta/Build/Intermediates.noindex/GoogleUtilities.build/Debug/GoogleUtilities-Environment-t.build/Objects-normal/arm64/GULNetworkInfo.dia -c /Users/buddhirajgautam/Library/Developer/Xcode/DerivedData/Telegram-Mac-fygdgghdgmuleoelvxabfmqiotta/SourcePackages/checkouts/GoogleUtilities/GoogleUtilities/Environment/NetworkInfo/GULNetworkInfo.m -o /Users/buddhirajgautam/Library/Developer/Xcode/DerivedData/Telegram-Mac-fygdgghdgmuleoelvxabfmqiotta/Build/Intermediates.noindex/GoogleUtilities.build/Debug/GoogleUtilities-Environment-t.build/Objects-normal/arm64/GULNetworkInfo.o -index-unit-output-path /GoogleUtilities.build/Debug/GoogleUtilities-Environment-t.build/Objects-normal/arm64/GULNetworkInfo.o

ScanDependencies /Users/buddhirajgautam/Library/Developer/Xcode/DerivedData/Telegram-Mac-fygdgghdgmuleoelvxabfmqiotta/Build/Intermediates.noindex/GoogleUtilities.build/Debug/GoogleUtilities-Environment-t.build/Objects-normal/arm64/GULKeychainUtils.o /Users/buddhirajgautam/Library/Developer/Xcode/DerivedData/Telegram-Mac-fygdgghdgmuleoelvxabfmqiotta/SourcePackages/checkouts/GoogleUtilities/GoogleUtilities/Environment/SecureStorage/GULKeychainUtils.m normal arm64 objective-c com.apple.compilers.llvm.clang.1_0.compiler (in target 'GoogleUtilities-Environment' from project 'GoogleUtilities')
    cd /Users/buddhirajgautam/Documents/Cherrygram-Mac/macOS-Swift
    
    Using response file: /Users/buddhirajgautam/Library/Developer/Xcode/DerivedData/Telegram-Mac-fygdgghdgmuleoelvxabfmqiotta/Build/Intermediates.noindex/GoogleUtilities.build/Debug/GoogleUtilities-Environment-t.build/Objects-normal/arm64/e6072d4f65d7061329687fe24e3d63a7-common-args.resp
    
    builtin-ScanDependencies -o /Users/buddhirajgautam/Library/Developer/Xcode/DerivedData/Telegram-Mac-fygdgghdgmuleoelvxabfmqiotta/Build/Intermediates.noindex/GoogleUtilities.build/Debug/GoogleUtilities-Environment-t.build/Objects-normal/arm64/GULKeychainUtils.o.scan -- /Applications/Xcode.app/Contents/Developer/Toolchains/XcodeDefault.xctoolchain/usr/bin/clang -x objective-c -ivfsstatcache /Users/buddhirajgautam/Library/Developer/Xcode/DerivedData/SDKStatCaches.noindex/macosx27.0-26A425-e829b21a6f8c9b70876ba0858053c0447231f6df4def33e022ae2eb8f782df1a.sdkstatcache -target arm64-apple-macos12.0 -fmessage-length\=0 -fdiagnostics-show-note-include-stack -fmacro-backtrace-limit\=0 -fno-color-diagnostics -fmodules-prune-interval\=86400 -fmodules-prune-after\=345600 -fbuild-session-file\=/Users/buddhirajgautam/Library/Developer/Xcode/DerivedData/ModuleCache.noindex/Session.modulevalidation -fmodules-validate-once-per-build-session -Wnon-modular-include-in-framework-module -Werror\=non-modular-include-in-framework-module -Wno-trigraphs -Wno-missing-field-initializers -Wno-missing-prototypes -Wno-return-type -Wno-implicit-atomic-properties -Wno-objc-interface-ivars -Wno-arc-repeated-use-of-weak -Wno-missing-braces -Wparentheses -Wswitch -Wno-unused-function -Wno-unused-label -Wno-unused-parameter -Wno-unused-variable -Wunused-value -Wno-empty-body -Wno-uninitialized -Wno-unknown-pragmas -w -Wno-shadow -Wno-four-char-constants -Wno-conversion -Wno-constant-conversion -Wno-int-conversion -Wno-bool-conversion -Wno-enum-conversion -Wno-float-conversion -Wno-non-literal-null-conversion -Wno-objc-literal-conversion -Wshorten-64-to-32 -Wpointer-sign -Wno-newline-eof -Wno-selector -Wno-strict-selector-match -Wno-undeclared-selector -Wno-deprecated-implementations -Wno-implicit-fallthrough -isysroot /Applications/Xcode.app/Contents/Developer/Platforms/MacOSX.platform/Developer/SDKs/MacOSX27.0.sdk -fstrict-aliasing -Wprotocol -Wdeprecated-declarations -Wno-sign-conversion -Wno-infinite-recursion -Wno-comma -Wno-block-capture-autoreleasing -Wno-strict-prototypes -Wno-semicolon-before-method-body -index-store-path /Users/buddhirajgautam/Library/Developer/Xcode/DerivedData/Telegram-Mac-fygdgghdgmuleoelvxabfmqiotta/Index.noindex/DataStore @/Users/buddhirajgautam/Library/Developer/Xcode/DerivedData/Telegram-Mac-fygdgghdgmuleoelvxabfmqiotta/Build/Intermediates.noindex/GoogleUtilities.build/Debug/GoogleUtilities-Environment-t.build/Objects-normal/arm64/e6072d4f65d7061329687fe24e3d63a7-common-args.resp -include /Users/buddhirajgautam/Library/Developer/Xcode/DerivedData/Telegram-Mac-fygdgghdgmuleoelvxabfmqiotta/Build/Intermediates.noindex/GoogleUtilities.build/Debug/GoogleUtilities-Environment-t.build/DerivedSources/resource_bundle_accessor.h -MMD -MT dependencies -MF /Users/buddhirajgautam/Library/Developer/Xcode/DerivedData/Telegram-Mac-fygdgghdgmuleoelvxabfmqiotta/Build/Intermediates.noindex/GoogleUtilities.build/Debug/GoogleUtilities-Environment-t.build/Objects-normal/arm64/GULKeychainUtils.d --serialize-diagnostics /Users/buddhirajgautam/Library/Developer/Xcode/DerivedData/Telegram-Mac-fygdgghdgmuleoelvxabfmqiotta/Build/Intermediates.noindex/GoogleUtilities.build/Debug/GoogleUtilities-Environment-t.build/Objects-normal/arm64/GULKeychainUtils.dia -c /Users/buddhirajgautam/Library/Developer/Xcode/DerivedData/Telegram-Mac-fygdgghdgmuleoelvxabfmqiotta/SourcePackages/checkouts/GoogleUtilities/GoogleUtilities/Environment/SecureStorage/GULKeychainUtils.m -o /Users/buddhirajgautam/Library/Developer/Xcode/DerivedData/Telegram-Mac-fygdgghdgmuleoelvxabfmqiotta/Build/Intermediates.noindex/GoogleUtilities.build/Debug/GoogleUtilities-Environment-t.build/Objects-normal/arm64/GULKeychainUtils.o -index-unit-output-path /GoogleUtilities.build/Debug/GoogleUtilities-Environment-t.build/Objects-normal/arm64/GULKeychainUtils.o

PrecompileModule /Users/buddhirajgautam/Library/Developer/Xcode/DerivedData/Telegram-Mac-fygdgghdgmuleoelvxabfmqiotta/Build/Intermediates.noindex/ExplicitPrecompiledModules/CoreServices-AQZZUMG2FKDGS97EIFOBLN1UR.scan
    cd /
    builtin-precompileModule /Users/buddhirajgautam/Library/Developer/Xcode/DerivedData/Telegram-Mac-fygdgghdgmuleoelvxabfmqiotta/Build/Intermediates.noindex/ExplicitPrecompiledModules/CoreServices-AQZZUMG2FKDGS97EIFOBLN1UR.scan

PrecompileModule /Users/buddhirajgautam/Library/Developer/Xcode/DerivedData/Telegram-Mac-fygdgghdgmuleoelvxabfmqiotta/Build/Intermediates.noindex/ExplicitPrecompiledModules/SystemConfiguration-AFJN6TI849F1M6IFC5OBKREIC.scan
    cd /
    builtin-precompileModule /Users/buddhirajgautam/Library/Developer/Xcode/DerivedData/Telegram-Mac-fygdgghdgmuleoelvxabfmqiotta/Build/Intermediates.noindex/ExplicitPrecompiledModules/SystemConfiguration-AFJN6TI849F1M6IFC5OBKREIC.scan

PrecompileModule /Users/buddhirajgautam/Library/Developer/Xcode/DerivedData/Telegram-Mac-fygdgghdgmuleoelvxabfmqiotta/Build/Intermediates.noindex/ExplicitPrecompiledModules/asl-1BM40C459I8CRB10S3AWI6YYE.scan
    cd /
    builtin-precompileModule /Users/buddhirajgautam/Library/Developer/Xcode/DerivedData/Telegram-Mac-fygdgghdgmuleoelvxabfmqiotta/Build/Intermediates.noindex/ExplicitPrecompiledModules/asl-1BM40C459I8CRB10S3AWI6YYE.scan

PrecompileModule /Users/buddhirajgautam/Library/Developer/Xcode/DerivedData/Telegram-Mac-fygdgghdgmuleoelvxabfmqiotta/Build/Intermediates.noindex/ExplicitPrecompiledModules/Foundation-CJHS4DS1E5SMVV7MTMHMNM89K.scan
    cd /
    builtin-precompileModule /Users/buddhirajgautam/Library/Developer/Xcode/DerivedData/Telegram-Mac-fygdgghdgmuleoelvxabfmqiotta/Build/Intermediates.noindex/ExplicitPrecompiledModules/Foundation-CJHS4DS1E5SMVV7MTMHMNM89K.scan

ScanDependencies /Users/buddhirajgautam/Library/Developer/Xcode/DerivedData/Telegram-Mac-fygdgghdgmuleoelvxabfmqiotta/Build/Intermediates.noindex/GoogleUtilities.build/Debug/GoogleUtilities-Environment-t.build/Objects-normal/arm64/GULKeychainStorage.o /Users/buddhirajgautam/Library/Developer/Xcode/DerivedData/Telegram-Mac-fygdgghdgmuleoelvxabfmqiotta/SourcePackages/checkouts/GoogleUtilities/GoogleUtilities/Environment/SecureStorage/GULKeychainStorage.m normal arm64 objective-c com.apple.compilers.llvm.clang.1_0.compiler (in target 'GoogleUtilities-Environment' from project 'GoogleUtilities')
    cd /Users/buddhirajgautam/Documents/Cherrygram-Mac/macOS-Swift
    
    Using response file: /Users/buddhirajgautam/Library/Developer/Xcode/DerivedData/Telegram-Mac-fygdgghdgmuleoelvxabfmqiotta/Build/Intermediates.noindex/GoogleUtilities.build/Debug/GoogleUtilities-Environment-t.build/Objects-normal/arm64/e6072d4f65d7061329687fe24e3d63a7-common-args.resp
    
    builtin-ScanDependencies -o /Users/buddhirajgautam/Library/Developer/Xcode/DerivedData/Telegram-Mac-fygdgghdgmuleoelvxabfmqiotta/Build/Intermediates.noindex/GoogleUtilities.build/Debug/GoogleUtilities-Environment-t.build/Objects-normal/arm64/GULKeychainStorage.o.scan -- /Applications/Xcode.app/Contents/Developer/Toolchains/XcodeDefault.xctoolchain/usr/bin/clang -x objective-c -ivfsstatcache /Users/buddhirajgautam/Library/Developer/Xcode/DerivedData/SDKStatCaches.noindex/macosx27.0-26A425-e829b21a6f8c9b70876ba0858053c0447231f6df4def33e022ae2eb8f782df1a.sdkstatcache -target arm64-apple-macos12.0 -fmessage-length\=0 -fdiagnostics-show-note-include-stack -fmacro-backtrace-limit\=0 -fno-color-diagnostics -fmodules-prune-interval\=86400 -fmodules-prune-after\=345600 -fbuild-session-file\=/Users/buddhirajgautam/Library/Developer/Xcode/DerivedData/ModuleCache.noindex/Session.modulevalidation -fmodules-validate-once-per-build-session -Wnon-modular-include-in-framework-module -Werror\=non-modular-include-in-framework-module -Wno-trigraphs -Wno-missing-field-initializers -Wno-missing-prototypes -Wno-return-type -Wno-implicit-atomic-properties -Wno-objc-interface-ivars -Wno-arc-repeated-use-of-weak -Wno-missing-braces -Wparentheses -Wswitch -Wno-unused-function -Wno-unused-label -Wno-unused-parameter -Wno-unused-variable -Wunused-value -Wno-empty-body -Wno-uninitialized -Wno-unknown-pragmas -w -Wno-shadow -Wno-four-char-constants -Wno-conversion -Wno-constant-conversion -Wno-int-conversion -Wno-bool-conversion -Wno-enum-conversion -Wno-float-conversion -Wno-non-literal-null-conversion -Wno-objc-literal-conversion -Wshorten-64-to-32 -Wpointer-sign -Wno-newline-eof -Wno-selector -Wno-strict-selector-match -Wno-undeclared-selector -Wno-deprecated-implementations -Wno-implicit-fallthrough -isysroot /Applications/Xcode.app/Contents/Developer/Platforms/MacOSX.platform/Developer/SDKs/MacOSX27.0.sdk -fstrict-aliasing -Wprotocol -Wdeprecated-declarations -Wno-sign-conversion -Wno-infinite-recursion -Wno-comma -Wno-block-capture-autoreleasing -Wno-strict-prototypes -Wno-semicolon-before-method-body -index-store-path /Users/buddhirajgautam/Library/Developer/Xcode/DerivedData/Telegram-Mac-fygdgghdgmuleoelvxabfmqiotta/Index.noindex/DataStore @/Users/buddhirajgautam/Library/Developer/Xcode/DerivedData/Telegram-Mac-fygdgghdgmuleoelvxabfmqiotta/Build/Intermediates.noindex/GoogleUtilities.build/Debug/GoogleUtilities-Environment-t.build/Objects-normal/arm64/e6072d4f65d7061329687fe24e3d63a7-common-args.resp -include /Users/buddhirajgautam/Library/Developer/Xcode/DerivedData/Telegram-Mac-fygdgghdgmuleoelvxabfmqiotta/Build/Intermediates.noindex/GoogleUtilities.build/Debug/GoogleUtilities-Environment-t.build/DerivedSources/resource_bundle_accessor.h -MMD -MT dependencies -MF /Users/buddhirajgautam/Library/Developer/Xcode/DerivedData/Telegram-Mac-fygdgghdgmuleoelvxabfmqiotta/Build/Intermediates.noindex/GoogleUtilities.build/Debug/GoogleUtilities-Environment-t.build/Objects-normal/arm64/GULKeychainStorage.d --serialize-diagnostics /Users/buddhirajgautam/Library/Developer/Xcode/DerivedData/Telegram-Mac-fygdgghdgmuleoelvxabfmqiotta/Build/Intermediates.noindex/GoogleUtilities.build/Debug/GoogleUtilities-Environment-t.build/Objects-normal/arm64/GULKeychainStorage.dia -c /Users/buddhirajgautam/Library/Developer/Xcode/DerivedData/Telegram-Mac-fygdgghdgmuleoelvxabfmqiotta/SourcePackages/checkouts/GoogleUtilities/GoogleUtilities/Environment/SecureStorage/GULKeychainStorage.m -o /Users/buddhirajgautam/Library/Developer/Xcode/DerivedData/Telegram-Mac-fygdgghdgmuleoelvxabfmqiotta/Build/Intermediates.noindex/GoogleUtilities.build/Debug/GoogleUtilities-Environment-t.build/Objects-normal/arm64/GULKeychainStorage.o -index-unit-output-path /GoogleUtilities.build/Debug/GoogleUtilities-Environment-t.build/Objects-normal/arm64/GULKeychainStorage.o

ScanDependencies /Users/buddhirajgautam/Library/Developer/Xcode/DerivedData/Telegram-Mac-fygdgghdgmuleoelvxabfmqiotta/Build/Intermediates.noindex/GoogleUtilities.build/Debug/GoogleUtilities-Environment-t.build/Objects-normal/arm64/GULHeartbeatDateStorageUserDefaults.o /Users/buddhirajgautam/Library/Developer/Xcode/DerivedData/Telegram-Mac-fygdgghdgmuleoelvxabfmqiotta/SourcePackages/checkouts/GoogleUtilities/GoogleUtilities/Environment/GULHeartbeatDateStorageUserDefaults.m normal arm64 objective-c com.apple.compilers.llvm.clang.1_0.compiler (in target 'GoogleUtilities-Environment' from project 'GoogleUtilities')
    cd /Users/buddhirajgautam/Documents/Cherrygram-Mac/macOS-Swift
    
    Using response file: /Users/buddhirajgautam/Library/Developer/Xcode/DerivedData/Telegram-Mac-fygdgghdgmuleoelvxabfmqiotta/Build/Intermediates.noindex/GoogleUtilities.build/Debug/GoogleUtilities-Environment-t.build/Objects-normal/arm64/e6072d4f65d7061329687fe24e3d63a7-common-args.resp
    
    builtin-ScanDependencies -o /Users/buddhirajgautam/Library/Developer/Xcode/DerivedData/Telegram-Mac-fygdgghdgmuleoelvxabfmqiotta/Build/Intermediates.noindex/GoogleUtilities.build/Debug/GoogleUtilities-Environment-t.build/Objects-normal/arm64/GULHeartbeatDateStorageUserDefaults.o.scan -- /Applications/Xcode.app/Contents/Developer/Toolchains/XcodeDefault.xctoolchain/usr/bin/clang -x objective-c -ivfsstatcache /Users/buddhirajgautam/Library/Developer/Xcode/DerivedData/SDKStatCaches.noindex/macosx27.0-26A425-e829b21a6f8c9b70876ba0858053c0447231f6df4def33e022ae2eb8f782df1a.sdkstatcache -target arm64-apple-macos12.0 -fmessage-length\=0 -fdiagnostics-show-note-include-stack -fmacro-backtrace-limit\=0 -fno-color-diagnostics -fmodules-prune-interval\=86400 -fmodules-prune-after\=345600 -fbuild-session-file\=/Users/buddhirajgautam/Library/Developer/Xcode/DerivedData/ModuleCache.noindex/Session.modulevalidation -fmodules-validate-once-per-build-session -Wnon-modular-include-in-framework-module -Werror\=non-modular-include-in-framework-module -Wno-trigraphs -Wno-missing-field-initializers -Wno-missing-prototypes -Wno-return-type -Wno-implicit-atomic-properties -Wno-objc-interface-ivars -Wno-arc-repeated-use-of-weak -Wno-missing-braces -Wparentheses -Wswitch -Wno-unused-function -Wno-unused-label -Wno-unused-parameter -Wno-unused-variable -Wunused-value -Wno-empty-body -Wno-uninitialized -Wno-unknown-pragmas -w -Wno-shadow -Wno-four-char-constants -Wno-conversion -Wno-constant-conversion -Wno-int-conversion -Wno-bool-conversion -Wno-enum-conversion -Wno-float-conversion -Wno-non-literal-null-conversion -Wno-objc-literal-conversion -Wshorten-64-to-32 -Wpointer-sign -Wno-newline-eof -Wno-selector -Wno-strict-selector-match -Wno-undeclared-selector -Wno-deprecated-implementations -Wno-implicit-fallthrough -isysroot /Applications/Xcode.app/Contents/Developer/Platforms/MacOSX.platform/Developer/SDKs/MacOSX27.0.sdk -fstrict-aliasing -Wprotocol -Wdeprecated-declarations -Wno-sign-conversion -Wno-infinite-recursion -Wno-comma -Wno-block-capture-autoreleasing -Wno-strict-prototypes -Wno-semicolon-before-method-body -index-store-path /Users/buddhirajgautam/Library/Developer/Xcode/DerivedData/Telegram-Mac-fygdgghdgmuleoelvxabfmqiotta/Index.noindex/DataStore @/Users/buddhirajgautam/Library/Developer/Xcode/DerivedData/Telegram-Mac-fygdgghdgmuleoelvxabfmqiotta/Build/Intermediates.noindex/GoogleUtilities.build/Debug/GoogleUtilities-Environment-t.build/Objects-normal/arm64/e6072d4f65d7061329687fe24e3d63a7-common-args.resp -include /Users/buddhirajgautam/Library/Developer/Xcode/DerivedData/Telegram-Mac-fygdgghdgmuleoelvxabfmqiotta/Build/Intermediates.noindex/GoogleUtilities.build/Debug/GoogleUtilities-Environment-t.build/DerivedSources/resource_bundle_accessor.h -MMD -MT dependencies -MF /Users/buddhirajgautam/Library/Developer/Xcode/DerivedData/Telegram-Mac-fygdgghdgmuleoelvxabfmqiotta/Build/Intermediates.noindex/GoogleUtilities.build/Debug/GoogleUtilities-Environment-t.build/Objects-normal/arm64/GULHeartbeatDateStorageUserDefaults.d --serialize-diagnostics /Users/buddhirajgautam/Library/Developer/Xcode/DerivedData/Telegram-Mac-fygdgghdgmuleoelvxabfmqiotta/Build/Intermediates.noindex/GoogleUtilities.build/Debug/GoogleUtilities-Environment-t.build/Objects-normal/arm64/GULHeartbeatDateStorageUserDefaults.dia -c /Users/buddhirajgautam/Library/Developer/Xcode/DerivedData/Telegram-Mac-fygdgghdgmuleoelvxabfmqiotta/SourcePackages/checkouts/GoogleUtilities/GoogleUtilities/Environment/GULHeartbeatDateStorageUserDefaults.m -o /Users/buddhirajgautam/Library/Developer/Xcode/DerivedData/Telegram-Mac-fygdgghdgmuleoelvxabfmqiotta/Build/Intermediates.noindex/GoogleUtilities.build/Debug/GoogleUtilities-Environment-t.build/Objects-normal/arm64/GULHeartbeatDateStorageUserDefaults.o -index-unit-output-path /GoogleUtilities.build/Debug/GoogleUtilities-Environment-t.build/Objects-normal/arm64/GULHeartbeatDateStorageUserDefaults.o

ScanDependencies /Users/buddhirajgautam/Library/Developer/Xcode/DerivedData/Telegram-Mac-fygdgghdgmuleoelvxabfmqiotta/Build/Intermediates.noindex/GoogleUtilities.build/Debug/GoogleUtilities-Environment-t.build/Objects-normal/arm64/GULHeartbeatDateStorage.o /Users/buddhirajgautam/Library/Developer/Xcode/DerivedData/Telegram-Mac-fygdgghdgmuleoelvxabfmqiotta/SourcePackages/checkouts/GoogleUtilities/GoogleUtilities/Environment/GULHeartbeatDateStorage.m normal arm64 objective-c com.apple.compilers.llvm.clang.1_0.compiler (in target 'GoogleUtilities-Environment' from project 'GoogleUtilities')
    cd /Users/buddhirajgautam/Documents/Cherrygram-Mac/macOS-Swift
    
    Using response file: /Users/buddhirajgautam/Library/Developer/Xcode/DerivedData/Telegram-Mac-fygdgghdgmuleoelvxabfmqiotta/Build/Intermediates.noindex/GoogleUtilities.build/Debug/GoogleUtilities-Environment-t.build/Objects-normal/arm64/e6072d4f65d7061329687fe24e3d63a7-common-args.resp
    
    builtin-ScanDependencies -o /Users/buddhirajgautam/Library/Developer/Xcode/DerivedData/Telegram-Mac-fygdgghdgmuleoelvxabfmqiotta/Build/Intermediates.noindex/GoogleUtilities.build/Debug/GoogleUtilities-Environment-t.build/Objects-normal/arm64/GULHeartbeatDateStorage.o.scan -- /Applications/Xcode.app/Contents/Developer/Toolchains/XcodeDefault.xctoolchain/usr/bin/clang -x objective-c -ivfsstatcache /Users/buddhirajgautam/Library/Developer/Xcode/DerivedData/SDKStatCaches.noindex/macosx27.0-26A425-e829b21a6f8c9b70876ba0858053c0447231f6df4def33e022ae2eb8f782df1a.sdkstatcache -target arm64-apple-macos12.0 -fmessage-length\=0 -fdiagnostics-show-note-include-stack -fmacro-backtrace-limit\=0 -fno-color-diagnostics -fmodules-prune-interval\=86400 -fmodules-prune-after\=345600 -fbuild-session-file\=/Users/buddhirajgautam/Library/Developer/Xcode/DerivedData/ModuleCache.noindex/Session.modulevalidation -fmodules-validate-once-per-build-session -Wnon-modular-include-in-framework-module -Werror\=non-modular-include-in-framework-module -Wno-trigraphs -Wno-missing-field-initializers -Wno-missing-prototypes -Wno-return-type -Wno-implicit-atomic-properties -Wno-objc-interface-ivars -Wno-arc-repeated-use-of-weak -Wno-missing-braces -Wparentheses -Wswitch -Wno-unused-function -Wno-unused-label -Wno-unused-parameter -Wno-unused-variable -Wunused-value -Wno-empty-body -Wno-uninitialized -Wno-unknown-pragmas -w -Wno-shadow -Wno-four-char-constants -Wno-conversion -Wno-constant-conversion -Wno-int-conversion -Wno-bool-conversion -Wno-enum-conversion -Wno-float-conversion -Wno-non-literal-null-conversion -Wno-objc-literal-conversion -Wshorten-64-to-32 -Wpointer-sign -Wno-newline-eof -Wno-selector -Wno-strict-selector-match -Wno-undeclared-selector -Wno-deprecated-implementations -Wno-implicit-fallthrough -isysroot /Applications/Xcode.app/Contents/Developer/Platforms/MacOSX.platform/Developer/SDKs/MacOSX27.0.sdk -fstrict-aliasing -Wprotocol -Wdeprecated-declarations -Wno-sign-conversion -Wno-infinite-recursion -Wno-comma -Wno-block-capture-autoreleasing -Wno-strict-prototypes -Wno-semicolon-before-method-body -index-store-path /Users/buddhirajgautam/Library/Developer/Xcode/DerivedData/Telegram-Mac-fygdgghdgmuleoelvxabfmqiotta/Index.noindex/DataStore @/Users/buddhirajgautam/Library/Developer/Xcode/DerivedData/Telegram-Mac-fygdgghdgmuleoelvxabfmqiotta/Build/Intermediates.noindex/GoogleUtilities.build/Debug/GoogleUtilities-Environment-t.build/Objects-normal/arm64/e6072d4f65d7061329687fe24e3d63a7-common-args.resp -include /Users/buddhirajgautam/Library/Developer/Xcode/DerivedData/Telegram-Mac-fygdgghdgmuleoelvxabfmqiotta/Build/Intermediates.noindex/GoogleUtilities.build/Debug/GoogleUtilities-Environment-t.build/DerivedSources/resource_bundle_accessor.h -MMD -MT dependencies -MF /Users/buddhirajgautam/Library/Developer/Xcode/DerivedData/Telegram-Mac-fygdgghdgmuleoelvxabfmqiotta/Build/Intermediates.noindex/GoogleUtilities.build/Debug/GoogleUtilities-Environment-t.build/Objects-normal/arm64/GULHeartbeatDateStorage.d --serialize-diagnostics /Users/buddhirajgautam/Library/Developer/Xcode/DerivedData/Telegram-Mac-fygdgghdgmuleoelvxabfmqiotta/Build/Intermediates.noindex/GoogleUtilities.build/Debug/GoogleUtilities-Environment-t.build/Objects-normal/arm64/GULHeartbeatDateStorage.dia -c /Users/buddhirajgautam/Library/Developer/Xcode/DerivedData/Telegram-Mac-fygdgghdgmuleoelvxabfmqiotta/SourcePackages/checkouts/GoogleUtilities/GoogleUtilities/Environment/GULHeartbeatDateStorage.m -o /Users/buddhirajgautam/Library/Developer/Xcode/DerivedData/Telegram-Mac-fygdgghdgmuleoelvxabfmqiotta/Build/Intermediates.noindex/GoogleUtilities.build/Debug/GoogleUtilities-Environment-t.build/Objects-normal/arm64/GULHeartbeatDateStorage.o -index-unit-output-path /GoogleUtilities.build/Debug/GoogleUtilities-Environment-t.build/Objects-normal/arm64/GULHeartbeatDateStorage.o

ScanDependencies /Users/buddhirajgautam/Library/Developer/Xcode/DerivedData/Telegram-Mac-fygdgghdgmuleoelvxabfmqiotta/Build/Intermediates.noindex/GoogleUtilities.build/Debug/GoogleUtilities-Environment-t.build/Objects-normal/arm64/GULAppEnvironmentUtil.o /Users/buddhirajgautam/Library/Developer/Xcode/DerivedData/Telegram-Mac-fygdgghdgmuleoelvxabfmqiotta/SourcePackages/checkouts/GoogleUtilities/GoogleUtilities/Environment/GULAppEnvironmentUtil.m normal arm64 objective-c com.apple.compilers.llvm.clang.1_0.compiler (in target 'GoogleUtilities-Environment' from project 'GoogleUtilities')
    cd /Users/buddhirajgautam/Documents/Cherrygram-Mac/macOS-Swift
    
    Using response file: /Users/buddhirajgautam/Library/Developer/Xcode/DerivedData/Telegram-Mac-fygdgghdgmuleoelvxabfmqiotta/Build/Intermediates.noindex/GoogleUtilities.build/Debug/GoogleUtilities-Environment-t.build/Objects-normal/arm64/e6072d4f65d7061329687fe24e3d63a7-common-args.resp
    
    builtin-ScanDependencies -o /Users/buddhirajgautam/Library/Developer/Xcode/DerivedData/Telegram-Mac-fygdgghdgmuleoelvxabfmqiotta/Build/Intermediates.noindex/GoogleUtilities.build/Debug/GoogleUtilities-Environment-t.build/Objects-normal/arm64/GULAppEnvironmentUtil.o.scan -- /Applications/Xcode.app/Contents/Developer/Toolchains/XcodeDefault.xctoolchain/usr/bin/clang -x objective-c -ivfsstatcache /Users/buddhirajgautam/Library/Developer/Xcode/DerivedData/SDKStatCaches.noindex/macosx27.0-26A425-e829b21a6f8c9b70876ba0858053c0447231f6df4def33e022ae2eb8f782df1a.sdkstatcache -target arm64-apple-macos12.0 -fmessage-length\=0 -fdiagnostics-show-note-include-stack -fmacro-backtrace-limit\=0 -fno-color-diagnostics -fmodules-prune-interval\=86400 -fmodules-prune-after\=345600 -fbuild-session-file\=/Users/buddhirajgautam/Library/Developer/Xcode/DerivedData/ModuleCache.noindex/Session.modulevalidation -fmodules-validate-once-per-build-session -Wnon-modular-include-in-framework-module -Werror\=non-modular-include-in-framework-module -Wno-trigraphs -Wno-missing-field-initializers -Wno-missing-prototypes -Wno-return-type -Wno-implicit-atomic-properties -Wno-objc-interface-ivars -Wno-arc-repeated-use-of-weak -Wno-missing-braces -Wparentheses -Wswitch -Wno-unused-function -Wno-unused-label -Wno-unused-parameter -Wno-unused-variable -Wunused-value -Wno-empty-body -Wno-uninitialized -Wno-unknown-pragmas -w -Wno-shadow -Wno-four-char-constants -Wno-conversion -Wno-constant-conversion -Wno-int-conversion -Wno-bool-conversion -Wno-enum-conversion -Wno-float-conversion -Wno-non-literal-null-conversion -Wno-objc-literal-conversion -Wshorten-64-to-32 -Wpointer-sign -Wno-newline-eof -Wno-selector -Wno-strict-selector-match -Wno-undeclared-selector -Wno-deprecated-implementations -Wno-implicit-fallthrough -isysroot /Applications/Xcode.app/Contents/Developer/Platforms/MacOSX.platform/Developer/SDKs/MacOSX27.0.sdk -fstrict-aliasing -Wprotocol -Wdeprecated-declarations -Wno-sign-conversion -Wno-infinite-recursion -Wno-comma -Wno-block-capture-autoreleasing -Wno-strict-prototypes -Wno-semicolon-before-method-body -index-store-path /Users/buddhirajgautam/Library/Developer/Xcode/DerivedData/Telegram-Mac-fygdgghdgmuleoelvxabfmqiotta/Index.noindex/DataStore @/Users/buddhirajgautam/Library/Developer/Xcode/DerivedData/Telegram-Mac-fygdgghdgmuleoelvxabfmqiotta/Build/Intermediates.noindex/GoogleUtilities.build/Debug/GoogleUtilities-Environment-t.build/Objects-normal/arm64/e6072d4f65d7061329687fe24e3d63a7-common-args.resp -include /Users/buddhirajgautam/Library/Developer/Xcode/DerivedData/Telegram-Mac-fygdgghdgmuleoelvxabfmqiotta/Build/Intermediates.noindex/GoogleUtilities.build/Debug/GoogleUtilities-Environment-t.build/DerivedSources/resource_bundle_accessor.h -MMD -MT dependencies -MF /Users/buddhirajgautam/Library/Developer/Xcode/DerivedData/Telegram-Mac-fygdgghdgmuleoelvxabfmqiotta/Build/Intermediates.noindex/GoogleUtilities.build/Debug/GoogleUtilities-Environment-t.build/Objects-normal/arm64/GULAppEnvironmentUtil.d --serialize-diagnostics /Users/buddhirajgautam/Library/Developer/Xcode/DerivedData/Telegram-Mac-fygdgghdgmuleoelvxabfmqiotta/Build/Intermediates.noindex/GoogleUtilities.build/Debug/GoogleUtilities-Environment-t.build/Objects-normal/arm64/GULAppEnvironmentUtil.dia -c /Users/buddhirajgautam/Library/Developer/Xcode/DerivedData/Telegram-Mac-fygdgghdgmuleoelvxabfmqiotta/SourcePackages/checkouts/GoogleUtilities/GoogleUtilities/Environment/GULAppEnvironmentUtil.m -o /Users/buddhirajgautam/Library/Developer/Xcode/DerivedData/Telegram-Mac-fygdgghdgmuleoelvxabfmqiotta/Build/Intermediates.noindex/GoogleUtilities.build/Debug/GoogleUtilities-Environment-t.build/Objects-normal/arm64/GULAppEnvironmentUtil.o -index-unit-output-path /GoogleUtilities.build/Debug/GoogleUtilities-Environment-t.build/Objects-normal/arm64/GULAppEnvironmentUtil.o

ScanDependencies /Users/buddhirajgautam/Library/Developer/Xcode/DerivedData/Telegram-Mac-fygdgghdgmuleoelvxabfmqiotta/Build/Intermediates.noindex/GoogleUtilities.build/Debug/GoogleUtilities-AppDelegateSwizzler-t.build/Objects-normal/arm64/resource_bundle_accessor.o /Users/buddhirajgautam/Library/Developer/Xcode/DerivedData/Telegram-Mac-fygdgghdgmuleoelvxabfmqiotta/Build/Intermediates.noindex/GoogleUtilities.build/Debug/GoogleUtilities-AppDelegateSwizzler-t.build/DerivedSources/resource_bundle_accessor.m normal arm64 objective-c com.apple.compilers.llvm.clang.1_0.compiler (in target 'GoogleUtilities-AppDelegateSwizzler' from project 'GoogleUtilities')
    cd /Users/buddhirajgautam/Documents/Cherrygram-Mac/macOS-Swift
    
    Using response file: /Users/buddhirajgautam/Library/Developer/Xcode/DerivedData/Telegram-Mac-fygdgghdgmuleoelvxabfmqiotta/Build/Intermediates.noindex/GoogleUtilities.build/Debug/GoogleUtilities-AppDelegateSwizzler-t.build/Objects-normal/arm64/e6072d4f65d7061329687fe24e3d63a7-common-args.resp
    
    builtin-ScanDependencies -o /Users/buddhirajgautam/Library/Developer/Xcode/DerivedData/Telegram-Mac-fygdgghdgmuleoelvxabfmqiotta/Build/Intermediates.noindex/GoogleUtilities.build/Debug/GoogleUtilities-AppDelegateSwizzler-t.build/Objects-normal/arm64/resource_bundle_accessor.o.scan -- /Applications/Xcode.app/Contents/Developer/Toolchains/XcodeDefault.xctoolchain/usr/bin/clang -x objective-c -ivfsstatcache /Users/buddhirajgautam/Library/Developer/Xcode/DerivedData/SDKStatCaches.noindex/macosx27.0-26A425-e829b21a6f8c9b70876ba0858053c0447231f6df4def33e022ae2eb8f782df1a.sdkstatcache -target arm64-apple-macos12.0 -fmessage-length\=0 -fdiagnostics-show-note-include-stack -fmacro-backtrace-limit\=0 -fno-color-diagnostics -fmodules-prune-interval\=86400 -fmodules-prune-after\=345600 -fbuild-session-file\=/Users/buddhirajgautam/Library/Developer/Xcode/DerivedData/ModuleCache.noindex/Session.modulevalidation -fmodules-validate-once-per-build-session -Wnon-modular-include-in-framework-module -Werror\=non-modular-include-in-framework-module -Wno-trigraphs -Wno-missing-field-initializers -Wno-missing-prototypes -Wno-return-type -Wno-implicit-atomic-properties -Wno-objc-interface-ivars -Wno-arc-repeated-use-of-weak -Wno-missing-braces -Wparentheses -Wswitch -Wno-unused-function -Wno-unused-label -Wno-unused-parameter -Wno-unused-variable -Wunused-value -Wno-empty-body -Wno-uninitialized -Wno-unknown-pragmas -w -Wno-shadow -Wno-four-char-constants -Wno-conversion -Wno-constant-conversion -Wno-int-conversion -Wno-bool-conversion -Wno-enum-conversion -Wno-float-conversion -Wno-non-literal-null-conversion -Wno-objc-literal-conversion -Wshorten-64-to-32 -Wpointer-sign -Wno-newline-eof -Wno-selector -Wno-strict-selector-match -Wno-undeclared-selector -Wno-deprecated-implementations -Wno-implicit-fallthrough -isysroot /Applications/Xcode.app/Contents/Developer/Platforms/MacOSX.platform/Developer/SDKs/MacOSX27.0.sdk -fstrict-aliasing -Wprotocol -Wdeprecated-declarations -Wno-sign-conversion -Wno-infinite-recursion -Wno-comma -Wno-block-capture-autoreleasing -Wno-strict-prototypes -Wno-semicolon-before-method-body -index-store-path /Users/buddhirajgautam/Library/Developer/Xcode/DerivedData/Telegram-Mac-fygdgghdgmuleoelvxabfmqiotta/Index.noindex/DataStore @/Users/buddhirajgautam/Library/Developer/Xcode/DerivedData/Telegram-Mac-fygdgghdgmuleoelvxabfmqiotta/Build/Intermediates.noindex/GoogleUtilities.build/Debug/GoogleUtilities-AppDelegateSwizzler-t.build/Objects-normal/arm64/e6072d4f65d7061329687fe24e3d63a7-common-args.resp -include /Users/buddhirajgautam/Library/Developer/Xcode/DerivedData/Telegram-Mac-fygdgghdgmuleoelvxabfmqiotta/Build/Intermediates.noindex/GoogleUtilities.build/Debug/GoogleUtilities-AppDelegateSwizzler-t.build/DerivedSources/resource_bundle_accessor.h -MMD -MT dependencies -MF /Users/buddhirajgautam/Library/Developer/Xcode/DerivedData/Telegram-Mac-fygdgghdgmuleoelvxabfmqiotta/Build/Intermediates.noindex/GoogleUtilities.build/Debug/GoogleUtilities-AppDelegateSwizzler-t.build/Objects-normal/arm64/resource_bundle_accessor.d --serialize-diagnostics /Users/buddhirajgautam/Library/Developer/Xcode/DerivedData/Telegram-Mac-fygdgghdgmuleoelvxabfmqiotta/Build/Intermediates.noindex/GoogleUtilities.build/Debug/GoogleUtilities-AppDelegateSwizzler-t.build/Objects-normal/arm64/resource_bundle_accessor.dia -c /Users/buddhirajgautam/Library/Developer/Xcode/DerivedData/Telegram-Mac-fygdgghdgmuleoelvxabfmqiotta/Build/Intermediates.noindex/GoogleUtilities.build/Debug/GoogleUtilities-AppDelegateSwizzler-t.build/DerivedSources/resource_bundle_accessor.m -o /Users/buddhirajgautam/Library/Developer/Xcode/DerivedData/Telegram-Mac-fygdgghdgmuleoelvxabfmqiotta/Build/Intermediates.noindex/GoogleUtilities.build/Debug/GoogleUtilities-AppDelegateSwizzler-t.build/Objects-normal/arm64/resource_bundle_accessor.o -index-unit-output-path /GoogleUtilities.build/Debug/GoogleUtilities-AppDelegateSwizzler-t.build/Objects-normal/arm64/resource_bundle_accessor.o

ScanDependencies /Users/buddhirajgautam/Library/Developer/Xcode/DerivedData/Telegram-Mac-fygdgghdgmuleoelvxabfmqiotta/Build/Intermediates.noindex/GoogleUtilities.build/Debug/GoogleUtilities-AppDelegateSwizzler-t.build/Objects-normal/arm64/GULSceneDelegateSwizzler.o /Users/buddhirajgautam/Library/Developer/Xcode/DerivedData/Telegram-Mac-fygdgghdgmuleoelvxabfmqiotta/SourcePackages/checkouts/GoogleUtilities/GoogleUtilities/AppDelegateSwizzler/GULSceneDelegateSwizzler.m normal arm64 objective-c com.apple.compilers.llvm.clang.1_0.compiler (in target 'GoogleUtilities-AppDelegateSwizzler' from project 'GoogleUtilities')
    cd /Users/buddhirajgautam/Documents/Cherrygram-Mac/macOS-Swift
    
    Using response file: /Users/buddhirajgautam/Library/Developer/Xcode/DerivedData/Telegram-Mac-fygdgghdgmuleoelvxabfmqiotta/Build/Intermediates.noindex/GoogleUtilities.build/Debug/GoogleUtilities-AppDelegateSwizzler-t.build/Objects-normal/arm64/e6072d4f65d7061329687fe24e3d63a7-common-args.resp
    
    builtin-ScanDependencies -o /Users/buddhirajgautam/Library/Developer/Xcode/DerivedData/Telegram-Mac-fygdgghdgmuleoelvxabfmqiotta/Build/Intermediates.noindex/GoogleUtilities.build/Debug/GoogleUtilities-AppDelegateSwizzler-t.build/Objects-normal/arm64/GULSceneDelegateSwizzler.o.scan -- /Applications/Xcode.app/Contents/Developer/Toolchains/XcodeDefault.xctoolchain/usr/bin/clang -x objective-c -ivfsstatcache /Users/buddhirajgautam/Library/Developer/Xcode/DerivedData/SDKStatCaches.noindex/macosx27.0-26A425-e829b21a6f8c9b70876ba0858053c0447231f6df4def33e022ae2eb8f782df1a.sdkstatcache -target arm64-apple-macos12.0 -fmessage-length\=0 -fdiagnostics-show-note-include-stack -fmacro-backtrace-limit\=0 -fno-color-diagnostics -fmodules-prune-interval\=86400 -fmodules-prune-after\=345600 -fbuild-session-file\=/Users/buddhirajgautam/Library/Developer/Xcode/DerivedData/ModuleCache.noindex/Session.modulevalidation -fmodules-validate-once-per-build-session -Wnon-modular-include-in-framework-module -Werror\=non-modular-include-in-framework-module -Wno-trigraphs -Wno-missing-field-initializers -Wno-missing-prototypes -Wno-return-type -Wno-implicit-atomic-properties -Wno-objc-interface-ivars -Wno-arc-repeated-use-of-weak -Wno-missing-braces -Wparentheses -Wswitch -Wno-unused-function -Wno-unused-label -Wno-unused-parameter -Wno-unused-variable -Wunused-value -Wno-empty-body -Wno-uninitialized -Wno-unknown-pragmas -w -Wno-shadow -Wno-four-char-constants -Wno-conversion -Wno-constant-conversion -Wno-int-conversion -Wno-bool-conversion -Wno-enum-conversion -Wno-float-conversion -Wno-non-literal-null-conversion -Wno-objc-literal-conversion -Wshorten-64-to-32 -Wpointer-sign -Wno-newline-eof -Wno-selector -Wno-strict-selector-match -Wno-undeclared-selector -Wno-deprecated-implementations -Wno-implicit-fallthrough -isysroot /Applications/Xcode.app/Contents/Developer/Platforms/MacOSX.platform/Developer/SDKs/MacOSX27.0.sdk -fstrict-aliasing -Wprotocol -Wdeprecated-declarations -Wno-sign-conversion -Wno-infinite-recursion -Wno-comma -Wno-block-capture-autoreleasing -Wno-strict-prototypes -Wno-semicolon-before-method-body -index-store-path /Users/buddhirajgautam/Library/Developer/Xcode/DerivedData/Telegram-Mac-fygdgghdgmuleoelvxabfmqiotta/Index.noindex/DataStore @/Users/buddhirajgautam/Library/Developer/Xcode/DerivedData/Telegram-Mac-fygdgghdgmuleoelvxabfmqiotta/Build/Intermediates.noindex/GoogleUtilities.build/Debug/GoogleUtilities-AppDelegateSwizzler-t.build/Objects-normal/arm64/e6072d4f65d7061329687fe24e3d63a7-common-args.resp -include /Users/buddhirajgautam/Library/Developer/Xcode/DerivedData/Telegram-Mac-fygdgghdgmuleoelvxabfmqiotta/Build/Intermediates.noindex/GoogleUtilities.build/Debug/GoogleUtilities-AppDelegateSwizzler-t.build/DerivedSources/resource_bundle_accessor.h -MMD -MT dependencies -MF /Users/buddhirajgautam/Library/Developer/Xcode/DerivedData/Telegram-Mac-fygdgghdgmuleoelvxabfmqiotta/Build/Intermediates.noindex/GoogleUtilities.build/Debug/GoogleUtilities-AppDelegateSwizzler-t.build/Objects-normal/arm64/GULSceneDelegateSwizzler.d --serialize-diagnostics /Users/buddhirajgautam/Library/Developer/Xcode/DerivedData/Telegram-Mac-fygdgghdgmuleoelvxabfmqiotta/Build/Intermediates.noindex/GoogleUtilities.build/Debug/GoogleUtilities-AppDelegateSwizzler-t.build/Objects-normal/arm64/GULSceneDelegateSwizzler.dia -c /Users/buddhirajgautam/Library/Developer/Xcode/DerivedData/Telegram-Mac-fygdgghdgmuleoelvxabfmqiotta/SourcePackages/checkouts/GoogleUtilities/GoogleUtilities/AppDelegateSwizzler/GULSceneDelegateSwizzler.m -o /Users/buddhirajgautam/Library/Developer/Xcode/DerivedData/Telegram-Mac-fygdgghdgmuleoelvxabfmqiotta/Build/Intermediates.noindex/GoogleUtilities.build/Debug/GoogleUtilities-AppDelegateSwizzler-t.build/Objects-normal/arm64/GULSceneDelegateSwizzler.o -index-unit-output-path /GoogleUtilities.build/Debug/GoogleUtilities-AppDelegateSwizzler-t.build/Objects-normal/arm64/GULSceneDelegateSwizzler.o

ScanDependencies /Users/buddhirajgautam/Library/Developer/Xcode/DerivedData/Telegram-Mac-fygdgghdgmuleoelvxabfmqiotta/Build/Intermediates.noindex/GoogleUtilities.build/Debug/GoogleUtilities-AppDelegateSwizzler-t.build/Objects-normal/arm64/GULAppDelegateSwizzler.o /Users/buddhirajgautam/Library/Developer/Xcode/DerivedData/Telegram-Mac-fygdgghdgmuleoelvxabfmqiotta/SourcePackages/checkouts/GoogleUtilities/GoogleUtilities/AppDelegateSwizzler/GULAppDelegateSwizzler.m normal arm64 objective-c com.apple.compilers.llvm.clang.1_0.compiler (in target 'GoogleUtilities-AppDelegateSwizzler' from project 'GoogleUtilities')
    cd /Users/buddhirajgautam/Documents/Cherrygram-Mac/macOS-Swift
    
    Using response file: /Users/buddhirajgautam/Library/Developer/Xcode/DerivedData/Telegram-Mac-fygdgghdgmuleoelvxabfmqiotta/Build/Intermediates.noindex/GoogleUtilities.build/Debug/GoogleUtilities-AppDelegateSwizzler-t.build/Objects-normal/arm64/e6072d4f65d7061329687fe24e3d63a7-common-args.resp
    
    builtin-ScanDependencies -o /Users/buddhirajgautam/Library/Developer/Xcode/DerivedData/Telegram-Mac-fygdgghdgmuleoelvxabfmqiotta/Build/Intermediates.noindex/GoogleUtilities.build/Debug/GoogleUtilities-AppDelegateSwizzler-t.build/Objects-normal/arm64/GULAppDelegateSwizzler.o.scan -- /Applications/Xcode.app/Contents/Developer/Toolchains/XcodeDefault.xctoolchain/usr/bin/clang -x objective-c -ivfsstatcache /Users/buddhirajgautam/Library/Developer/Xcode/DerivedData/SDKStatCaches.noindex/macosx27.0-26A425-e829b21a6f8c9b70876ba0858053c0447231f6df4def33e022ae2eb8f782df1a.sdkstatcache -target arm64-apple-macos12.0 -fmessage-length\=0 -fdiagnostics-show-note-include-stack -fmacro-backtrace-limit\=0 -fno-color-diagnostics -fmodules-prune-interval\=86400 -fmodules-prune-after\=345600 -fbuild-session-file\=/Users/buddhirajgautam/Library/Developer/Xcode/DerivedData/ModuleCache.noindex/Session.modulevalidation -fmodules-validate-once-per-build-session -Wnon-modular-include-in-framework-module -Werror\=non-modular-include-in-framework-module -Wno-trigraphs -Wno-missing-field-initializers -Wno-missing-prototypes -Wno-return-type -Wno-implicit-atomic-properties -Wno-objc-interface-ivars -Wno-arc-repeated-use-of-weak -Wno-missing-braces -Wparentheses -Wswitch -Wno-unused-function -Wno-unused-label -Wno-unused-parameter -Wno-unused-variable -Wunused-value -Wno-empty-body -Wno-uninitialized -Wno-unknown-pragmas -w -Wno-shadow -Wno-four-char-constants -Wno-conversion -Wno-constant-conversion -Wno-int-conversion -Wno-bool-conversion -Wno-enum-conversion -Wno-float-conversion -Wno-non-literal-null-conversion -Wno-objc-literal-conversion -Wshorten-64-to-32 -Wpointer-sign -Wno-newline-eof -Wno-selector -Wno-strict-selector-match -Wno-undeclared-selector -Wno-deprecated-implementations -Wno-implicit-fallthrough -isysroot /Applications/Xcode.app/Contents/Developer/Platforms/MacOSX.platform/Developer/SDKs/MacOSX27.0.sdk -fstrict-aliasing -Wprotocol -Wdeprecated-declarations -Wno-sign-conversion -Wno-infinite-recursion -Wno-comma -Wno-block-capture-autoreleasing -Wno-strict-prototypes -Wno-semicolon-before-method-body -index-store-path /Users/buddhirajgautam/Library/Developer/Xcode/DerivedData/Telegram-Mac-fygdgghdgmuleoelvxabfmqiotta/Index.noindex/DataStore @/Users/buddhirajgautam/Library/Developer/Xcode/DerivedData/Telegram-Mac-fygdgghdgmuleoelvxabfmqiotta/Build/Intermediates.noindex/GoogleUtilities.build/Debug/GoogleUtilities-AppDelegateSwizzler-t.build/Objects-normal/arm64/e6072d4f65d7061329687fe24e3d63a7-common-args.resp -include /Users/buddhirajgautam/Library/Developer/Xcode/DerivedData/Telegram-Mac-fygdgghdgmuleoelvxabfmqiotta/Build/Intermediates.noindex/GoogleUtilities.build/Debug/GoogleUtilities-AppDelegateSwizzler-t.build/DerivedSources/resource_bundle_accessor.h -MMD -MT dependencies -MF /Users/buddhirajgautam/Library/Developer/Xcode/DerivedData/Telegram-Mac-fygdgghdgmuleoelvxabfmqiotta/Build/Intermediates.noindex/GoogleUtilities.build/Debug/GoogleUtilities-AppDelegateSwizzler-t.build/Objects-normal/arm64/GULAppDelegateSwizzler.d --serialize-diagnostics /Users/buddhirajgautam/Library/Developer/Xcode/DerivedData/Telegram-Mac-fygdgghdgmuleoelvxabfmqiotta/Build/Intermediates.noindex/GoogleUtilities.build/Debug/GoogleUtilities-AppDelegateSwizzler-t.build/Objects-normal/arm64/GULAppDelegateSwizzler.dia -c /Users/buddhirajgautam/Library/Developer/Xcode/DerivedData/Telegram-Mac-fygdgghdgmuleoelvxabfmqiotta/SourcePackages/checkouts/GoogleUtilities/GoogleUtilities/AppDelegateSwizzler/GULAppDelegateSwizzler.m -o /Users/buddhirajgautam/Library/Developer/Xcode/DerivedData/Telegram-Mac-fygdgghdgmuleoelvxabfmqiotta/Build/Intermediates.noindex/GoogleUtilities.build/Debug/GoogleUtilities-AppDelegateSwizzler-t.build/Objects-normal/arm64/GULAppDelegateSwizzler.o -index-unit-output-path /GoogleUtilities.build/Debug/GoogleUtilities-AppDelegateSwizzler-t.build/Objects-normal/arm64/GULAppDelegateSwizzler.o

ProcessInfoPlistFile /Users/buddhirajgautam/Library/Developer/Xcode/DerivedData/Telegram-Mac-fygdgghdgmuleoelvxabfmqiotta/Build/Products/Debug/GoogleDataTransport_GoogleDataTransport.bundle/Contents/Info.plist /Users/buddhirajgautam/Library/Developer/Xcode/DerivedData/Telegram-Mac-fygdgghdgmuleoelvxabfmqiotta/Build/Intermediates.noindex/GoogleDataTransport.build/Debug/GoogleDataTransport_GoogleDataTransport-b.build/empty-GoogleDataTransport_GoogleDataTransport.plist (in target 'GoogleDataTransport_GoogleDataTransport' from project 'GoogleDataTransport')
    cd /Users/buddhirajgautam/Library/Developer/Xcode/DerivedData/Telegram-Mac-fygdgghdgmuleoelvxabfmqiotta/SourcePackages/checkouts/GoogleDataTransport
    builtin-infoPlistUtility /Users/buddhirajgautam/Library/Developer/Xcode/DerivedData/Telegram-Mac-fygdgghdgmuleoelvxabfmqiotta/Build/Intermediates.noindex/GoogleDataTransport.build/Debug/GoogleDataTransport_GoogleDataTransport-b.build/empty-GoogleDataTransport_GoogleDataTransport.plist -producttype com.apple.product-type.bundle -expandbuildsettings -platform macosx -o /Users/buddhirajgautam/Library/Developer/Xcode/DerivedData/Telegram-Mac-fygdgghdgmuleoelvxabfmqiotta/Build/Products/Debug/GoogleDataTransport_GoogleDataTransport.bundle/Contents/Info.plist

CpResource /Users/buddhirajgautam/Library/Developer/Xcode/DerivedData/Telegram-Mac-fygdgghdgmuleoelvxabfmqiotta/Build/Products/Debug/GoogleDataTransport_GoogleDataTransport.bundle/Contents/Resources/PrivacyInfo.xcprivacy /Users/buddhirajgautam/Library/Developer/Xcode/DerivedData/Telegram-Mac-fygdgghdgmuleoelvxabfmqiotta/SourcePackages/checkouts/GoogleDataTransport/GoogleDataTransport/Resources/PrivacyInfo.xcprivacy (in target 'GoogleDataTransport_GoogleDataTransport' from project 'GoogleDataTransport')
    cd /Users/buddhirajgautam/Library/Developer/Xcode/DerivedData/Telegram-Mac-fygdgghdgmuleoelvxabfmqiotta/SourcePackages/checkouts/GoogleDataTransport
    builtin-copy -exclude .DS_Store -exclude CVS -exclude .svn -exclude .git -exclude .hg -resolve-src-symlinks /Users/buddhirajgautam/Library/Developer/Xcode/DerivedData/Telegram-Mac-fygdgghdgmuleoelvxabfmqiotta/SourcePackages/checkouts/GoogleDataTransport/GoogleDataTransport/Resources/PrivacyInfo.xcprivacy /Users/buddhirajgautam/Library/Developer/Xcode/DerivedData/Telegram-Mac-fygdgghdgmuleoelvxabfmqiotta/Build/Products/Debug/GoogleDataTransport_GoogleDataTransport.bundle/Contents/Resources

ScanDependencies /Users/buddhirajgautam/Library/Developer/Xcode/DerivedData/Telegram-Mac-fygdgghdgmuleoelvxabfmqiotta/Build/Intermediates.noindex/GoogleDataTransport.build/Debug/GoogleDataTransport-t.build/Objects-normal/arm64/resource_bundle_accessor.o /Users/buddhirajgautam/Library/Developer/Xcode/DerivedData/Telegram-Mac-fygdgghdgmuleoelvxabfmqiotta/Build/Intermediates.noindex/GoogleDataTransport.build/Debug/GoogleDataTransport-t.build/DerivedSources/resource_bundle_accessor.m normal arm64 objective-c com.apple.compilers.llvm.clang.1_0.compiler (in target 'GoogleDataTransport' from project 'GoogleDataTransport')
    cd /Users/buddhirajgautam/Documents/Cherrygram-Mac/macOS-Swift
    
    Using response file: /Users/buddhirajgautam/Library/Developer/Xcode/DerivedData/Telegram-Mac-fygdgghdgmuleoelvxabfmqiotta/Build/Intermediates.noindex/GoogleDataTransport.build/Debug/GoogleDataTransport-t.build/Objects-normal/arm64/e6072d4f65d7061329687fe24e3d63a7-common-args.resp
    
    builtin-ScanDependencies -o /Users/buddhirajgautam/Library/Developer/Xcode/DerivedData/Telegram-Mac-fygdgghdgmuleoelvxabfmqiotta/Build/Intermediates.noindex/GoogleDataTransport.build/Debug/GoogleDataTransport-t.build/Objects-normal/arm64/resource_bundle_accessor.o.scan -- /Applications/Xcode.app/Contents/Developer/Toolchains/XcodeDefault.xctoolchain/usr/bin/clang -x objective-c -ivfsstatcache /Users/buddhirajgautam/Library/Developer/Xcode/DerivedData/SDKStatCaches.noindex/macosx27.0-26A425-e829b21a6f8c9b70876ba0858053c0447231f6df4def33e022ae2eb8f782df1a.sdkstatcache -target arm64-apple-macos12.0 -fmessage-length\=0 -fdiagnostics-show-note-include-stack -fmacro-backtrace-limit\=0 -fno-color-diagnostics -fmodules-prune-interval\=86400 -fmodules-prune-after\=345600 -fbuild-session-file\=/Users/buddhirajgautam/Library/Developer/Xcode/DerivedData/ModuleCache.noindex/Session.modulevalidation -fmodules-validate-once-per-build-session -Wnon-modular-include-in-framework-module -Werror\=non-modular-include-in-framework-module -Wno-trigraphs -Wno-missing-field-initializers -Wno-missing-prototypes -Wno-return-type -Wno-implicit-atomic-properties -Wno-objc-interface-ivars -Wno-arc-repeated-use-of-weak -Wno-missing-braces -Wparentheses -Wswitch -Wno-unused-function -Wno-unused-label -Wno-unused-parameter -Wno-unused-variable -Wunused-value -Wno-empty-body -Wno-uninitialized -Wno-unknown-pragmas -w -Wno-shadow -Wno-four-char-constants -Wno-conversion -Wno-constant-conversion -Wno-int-conversion -Wno-bool-conversion -Wno-enum-conversion -Wno-float-conversion -Wno-non-literal-null-conversion -Wno-objc-literal-conversion -Wshorten-64-to-32 -Wpointer-sign -Wno-newline-eof -Wno-selector -Wno-strict-selector-match -Wno-undeclared-selector -Wno-deprecated-implementations -Wno-implicit-fallthrough -isysroot /Applications/Xcode.app/Contents/Developer/Platforms/MacOSX.platform/Developer/SDKs/MacOSX27.0.sdk -fstrict-aliasing -Wprotocol -Wdeprecated-declarations -Wno-sign-conversion -Wno-infinite-recursion -Wno-comma -Wno-block-capture-autoreleasing -Wno-strict-prototypes -Wno-semicolon-before-method-body -index-store-path /Users/buddhirajgautam/Library/Developer/Xcode/DerivedData/Telegram-Mac-fygdgghdgmuleoelvxabfmqiotta/Index.noindex/DataStore @/Users/buddhirajgautam/Library/Developer/Xcode/DerivedData/Telegram-Mac-fygdgghdgmuleoelvxabfmqiotta/Build/Intermediates.noindex/GoogleDataTransport.build/Debug/GoogleDataTransport-t.build/Objects-normal/arm64/e6072d4f65d7061329687fe24e3d63a7-common-args.resp -include /Users/buddhirajgautam/Library/Developer/Xcode/DerivedData/Telegram-Mac-fygdgghdgmuleoelvxabfmqiotta/Build/Intermediates.noindex/GoogleDataTransport.build/Debug/GoogleDataTransport-t.build/DerivedSources/resource_bundle_accessor.h -MMD -MT dependencies -MF /Users/buddhirajgautam/Library/Developer/Xcode/DerivedData/Telegram-Mac-fygdgghdgmuleoelvxabfmqiotta/Build/Intermediates.noindex/GoogleDataTransport.build/Debug/GoogleDataTransport-t.build/Objects-normal/arm64/resource_bundle_accessor.d --serialize-diagnostics /Users/buddhirajgautam/Library/Developer/Xcode/DerivedData/Telegram-Mac-fygdgghdgmuleoelvxabfmqiotta/Build/Intermediates.noindex/GoogleDataTransport.build/Debug/GoogleDataTransport-t.build/Objects-normal/arm64/resource_bundle_accessor.dia -c /Users/buddhirajgautam/Library/Developer/Xcode/DerivedData/Telegram-Mac-fygdgghdgmuleoelvxabfmqiotta/Build/Intermediates.noindex/GoogleDataTransport.build/Debug/GoogleDataTransport-t.build/DerivedSources/resource_bundle_accessor.m -o /Users/buddhirajgautam/Library/Developer/Xcode/DerivedData/Telegram-Mac-fygdgghdgmuleoelvxabfmqiotta/Build/Intermediates.noindex/GoogleDataTransport.build/Debug/GoogleDataTransport-t.build/Objects-normal/arm64/resource_bundle_accessor.o -index-unit-output-path /GoogleDataTransport.build/Debug/GoogleDataTransport-t.build/Objects-normal/arm64/resource_bundle_accessor.o

PrecompileModule /Users/buddhirajgautam/Library/Developer/Xcode/DerivedData/Telegram-Mac-fygdgghdgmuleoelvxabfmqiotta/Build/Intermediates.noindex/ExplicitPrecompiledModules/third_party_IsAppEncrypted-CDC1A7YXY64HQBT7Y966TFF5S.scan
    cd /
    builtin-precompileModule /Users/buddhirajgautam/Library/Developer/Xcode/DerivedData/Telegram-Mac-fygdgghdgmuleoelvxabfmqiotta/Build/Intermediates.noindex/ExplicitPrecompiledModules/third_party_IsAppEncrypted-CDC1A7YXY64HQBT7Y966TFF5S.scan

ScanDependencies /Users/buddhirajgautam/Library/Developer/Xcode/DerivedData/Telegram-Mac-fygdgghdgmuleoelvxabfmqiotta/Build/Intermediates.noindex/GoogleDataTransport.build/Debug/GoogleDataTransport-t.build/Objects-normal/arm64/external_privacy_context.nanopb.o /Users/buddhirajgautam/Library/Developer/Xcode/DerivedData/Telegram-Mac-fygdgghdgmuleoelvxabfmqiotta/SourcePackages/checkouts/GoogleDataTransport/GoogleDataTransport/GDTCCTLibrary/Protogen/nanopb/external_privacy_context.nanopb.c normal arm64 c com.apple.compilers.llvm.clang.1_0.compiler (in target 'GoogleDataTransport' from project 'GoogleDataTransport')
    cd /Users/buddhirajgautam/Documents/Cherrygram-Mac/macOS-Swift
    
    Using response file: /Users/buddhirajgautam/Library/Developer/Xcode/DerivedData/Telegram-Mac-fygdgghdgmuleoelvxabfmqiotta/Build/Intermediates.noindex/GoogleDataTransport.build/Debug/GoogleDataTransport-t.build/Objects-normal/arm64/7187679823f38a2a940e0043cdf9d637-common-args.resp
    
    builtin-ScanDependencies -o /Users/buddhirajgautam/Library/Developer/Xcode/DerivedData/Telegram-Mac-fygdgghdgmuleoelvxabfmqiotta/Build/Intermediates.noindex/GoogleDataTransport.build/Debug/GoogleDataTransport-t.build/Objects-normal/arm64/external_privacy_context.nanopb.o.scan -- /Applications/Xcode.app/Contents/Developer/Toolchains/XcodeDefault.xctoolchain/usr/bin/clang -x c -ivfsstatcache /Users/buddhirajgautam/Library/Developer/Xcode/DerivedData/SDKStatCaches.noindex/macosx27.0-26A425-e829b21a6f8c9b70876ba0858053c0447231f6df4def33e022ae2eb8f782df1a.sdkstatcache -target arm64-apple-macos12.0 -fmessage-length\=0 -fdiagnostics-show-note-include-stack -fmacro-backtrace-limit\=0 -fno-color-diagnostics -fmodules-prune-interval\=86400 -fmodules-prune-after\=345600 -fbuild-session-file\=/Users/buddhirajgautam/Library/Developer/Xcode/DerivedData/ModuleCache.noindex/Session.modulevalidation -fmodules-validate-once-per-build-session -Wnon-modular-include-in-framework-module -Werror\=non-modular-include-in-framework-module -Wno-trigraphs -Wno-missing-field-initializers -Wno-missing-prototypes -Wno-return-type -Wno-missing-braces -Wparentheses -Wswitch -Wno-unused-function -Wno-unused-label -Wno-unused-parameter -Wno-unused-variable -Wunused-value -Wno-empty-body -Wno-uninitialized -Wno-unknown-pragmas -w -Wno-shadow -Wno-four-char-constants -Wno-conversion -Wno-constant-conversion -Wno-int-conversion -Wno-bool-conversion -Wno-enum-conversion -Wno-float-conversion -Wno-non-literal-null-conversion -Wno-objc-literal-conversion -Wshorten-64-to-32 -Wpointer-sign -Wno-newline-eof -Wno-implicit-fallthrough -isysroot /Applications/Xcode.app/Contents/Developer/Platforms/MacOSX.platform/Developer/SDKs/MacOSX27.0.sdk -fstrict-aliasing -Wdeprecated-declarations -Wno-sign-conversion -Wno-infinite-recursion -Wno-comma -Wno-block-capture-autoreleasing -Wno-strict-prototypes -Wno-semicolon-before-method-body -index-store-path /Users/buddhirajgautam/Library/Developer/Xcode/DerivedData/Telegram-Mac-fygdgghdgmuleoelvxabfmqiotta/Index.noindex/DataStore @/Users/buddhirajgautam/Library/Developer/Xcode/DerivedData/Telegram-Mac-fygdgghdgmuleoelvxabfmqiotta/Build/Intermediates.noindex/GoogleDataTransport.build/Debug/GoogleDataTransport-t.build/Objects-normal/arm64/7187679823f38a2a940e0043cdf9d637-common-args.resp -MMD -MT dependencies -MF /Users/buddhirajgautam/Library/Developer/Xcode/DerivedData/Telegram-Mac-fygdgghdgmuleoelvxabfmqiotta/Build/Intermediates.noindex/GoogleDataTransport.build/Debug/GoogleDataTransport-t.build/Objects-normal/arm64/external_privacy_context.nanopb.d --serialize-diagnostics /Users/buddhirajgautam/Library/Developer/Xcode/DerivedData/Telegram-Mac-fygdgghdgmuleoelvxabfmqiotta/Build/Intermediates.noindex/GoogleDataTransport.build/Debug/GoogleDataTransport-t.build/Objects-normal/arm64/external_privacy_context.nanopb.dia -c /Users/buddhirajgautam/Library/Developer/Xcode/DerivedData/Telegram-Mac-fygdgghdgmuleoelvxabfmqiotta/SourcePackages/checkouts/GoogleDataTransport/GoogleDataTransport/GDTCCTLibrary/Protogen/nanopb/external_privacy_context.nanopb.c -o /Users/buddhirajgautam/Library/Developer/Xcode/DerivedData/Telegram-Mac-fygdgghdgmuleoelvxabfmqiotta/Build/Intermediates.noindex/GoogleDataTransport.build/Debug/GoogleDataTransport-t.build/Objects-normal/arm64/external_privacy_context.nanopb.o -index-unit-output-path /GoogleDataTransport.build/Debug/GoogleDataTransport-t.build/Objects-normal/arm64/external_privacy_context.nanopb.o

ScanDependencies /Users/buddhirajgautam/Library/Developer/Xcode/DerivedData/Telegram-Mac-fygdgghdgmuleoelvxabfmqiotta/Build/Intermediates.noindex/GoogleDataTransport.build/Debug/GoogleDataTransport-t.build/Objects-normal/arm64/external_prequest_context.nanopb.o /Users/buddhirajgautam/Library/Developer/Xcode/DerivedData/Telegram-Mac-fygdgghdgmuleoelvxabfmqiotta/SourcePackages/checkouts/GoogleDataTransport/GoogleDataTransport/GDTCCTLibrary/Protogen/nanopb/external_prequest_context.nanopb.c normal arm64 c com.apple.compilers.llvm.clang.1_0.compiler (in target 'GoogleDataTransport' from project 'GoogleDataTransport')
    cd /Users/buddhirajgautam/Documents/Cherrygram-Mac/macOS-Swift
    
    Using response file: /Users/buddhirajgautam/Library/Developer/Xcode/DerivedData/Telegram-Mac-fygdgghdgmuleoelvxabfmqiotta/Build/Intermediates.noindex/GoogleDataTransport.build/Debug/GoogleDataTransport-t.build/Objects-normal/arm64/7187679823f38a2a940e0043cdf9d637-common-args.resp
    
    builtin-ScanDependencies -o /Users/buddhirajgautam/Library/Developer/Xcode/DerivedData/Telegram-Mac-fygdgghdgmuleoelvxabfmqiotta/Build/Intermediates.noindex/GoogleDataTransport.build/Debug/GoogleDataTransport-t.build/Objects-normal/arm64/external_prequest_context.nanopb.o.scan -- /Applications/Xcode.app/Contents/Developer/Toolchains/XcodeDefault.xctoolchain/usr/bin/clang -x c -ivfsstatcache /Users/buddhirajgautam/Library/Developer/Xcode/DerivedData/SDKStatCaches.noindex/macosx27.0-26A425-e829b21a6f8c9b70876ba0858053c0447231f6df4def33e022ae2eb8f782df1a.sdkstatcache -target arm64-apple-macos12.0 -fmessage-length\=0 -fdiagnostics-show-note-include-stack -fmacro-backtrace-limit\=0 -fno-color-diagnostics -fmodules-prune-interval\=86400 -fmodules-prune-after\=345600 -fbuild-session-file\=/Users/buddhirajgautam/Library/Developer/Xcode/DerivedData/ModuleCache.noindex/Session.modulevalidation -fmodules-validate-once-per-build-session -Wnon-modular-include-in-framework-module -Werror\=non-modular-include-in-framework-module -Wno-trigraphs -Wno-missing-field-initializers -Wno-missing-prototypes -Wno-return-type -Wno-missing-braces -Wparentheses -Wswitch -Wno-unused-function -Wno-unused-label -Wno-unused-parameter -Wno-unused-variable -Wunused-value -Wno-empty-body -Wno-uninitialized -Wno-unknown-pragmas -w -Wno-shadow -Wno-four-char-constants -Wno-conversion -Wno-constant-conversion -Wno-int-conversion -Wno-bool-conversion -Wno-enum-conversion -Wno-float-conversion -Wno-non-literal-null-conversion -Wno-objc-literal-conversion -Wshorten-64-to-32 -Wpointer-sign -Wno-newline-eof -Wno-implicit-fallthrough -isysroot /Applications/Xcode.app/Contents/Developer/Platforms/MacOSX.platform/Developer/SDKs/MacOSX27.0.sdk -fstrict-aliasing -Wdeprecated-declarations -Wno-sign-conversion -Wno-infinite-recursion -Wno-comma -Wno-block-capture-autoreleasing -Wno-strict-prototypes -Wno-semicolon-before-method-body -index-store-path /Users/buddhirajgautam/Library/Developer/Xcode/DerivedData/Telegram-Mac-fygdgghdgmuleoelvxabfmqiotta/Index.noindex/DataStore @/Users/buddhirajgautam/Library/Developer/Xcode/DerivedData/Telegram-Mac-fygdgghdgmuleoelvxabfmqiotta/Build/Intermediates.noindex/GoogleDataTransport.build/Debug/GoogleDataTransport-t.build/Objects-normal/arm64/7187679823f38a2a940e0043cdf9d637-common-args.resp -MMD -MT dependencies -MF /Users/buddhirajgautam/Library/Developer/Xcode/DerivedData/Telegram-Mac-fygdgghdgmuleoelvxabfmqiotta/Build/Intermediates.noindex/GoogleDataTransport.build/Debug/GoogleDataTransport-t.build/Objects-normal/arm64/external_prequest_context.nanopb.d --serialize-diagnostics /Users/buddhirajgautam/Library/Developer/Xcode/DerivedData/Telegram-Mac-fygdgghdgmuleoelvxabfmqiotta/Build/Intermediates.noindex/GoogleDataTransport.build/Debug/GoogleDataTransport-t.build/Objects-normal/arm64/external_prequest_context.nanopb.dia -c /Users/buddhirajgautam/Library/Developer/Xcode/DerivedData/Telegram-Mac-fygdgghdgmuleoelvxabfmqiotta/SourcePackages/checkouts/GoogleDataTransport/GoogleDataTransport/GDTCCTLibrary/Protogen/nanopb/external_prequest_context.nanopb.c -o /Users/buddhirajgautam/Library/Developer/Xcode/DerivedData/Telegram-Mac-fygdgghdgmuleoelvxabfmqiotta/Build/Intermediates.noindex/GoogleDataTransport.build/Debug/GoogleDataTransport-t.build/Objects-normal/arm64/external_prequest_context.nanopb.o -index-unit-output-path /GoogleDataTransport.build/Debug/GoogleDataTransport-t.build/Objects-normal/arm64/external_prequest_context.nanopb.o

ScanDependencies /Users/buddhirajgautam/Library/Developer/Xcode/DerivedData/Telegram-Mac-fygdgghdgmuleoelvxabfmqiotta/Build/Intermediates.noindex/GoogleDataTransport.build/Debug/GoogleDataTransport-t.build/Objects-normal/arm64/compliance.nanopb.o /Users/buddhirajgautam/Library/Developer/Xcode/DerivedData/Telegram-Mac-fygdgghdgmuleoelvxabfmqiotta/SourcePackages/checkouts/GoogleDataTransport/GoogleDataTransport/GDTCCTLibrary/Protogen/nanopb/compliance.nanopb.c normal arm64 c com.apple.compilers.llvm.clang.1_0.compiler (in target 'GoogleDataTransport' from project 'GoogleDataTransport')
    cd /Users/buddhirajgautam/Documents/Cherrygram-Mac/macOS-Swift
    
    Using response file: /Users/buddhirajgautam/Library/Developer/Xcode/DerivedData/Telegram-Mac-fygdgghdgmuleoelvxabfmqiotta/Build/Intermediates.noindex/GoogleDataTransport.build/Debug/GoogleDataTransport-t.build/Objects-normal/arm64/7187679823f38a2a940e0043cdf9d637-common-args.resp
    
    builtin-ScanDependencies -o /Users/buddhirajgautam/Library/Developer/Xcode/DerivedData/Telegram-Mac-fygdgghdgmuleoelvxabfmqiotta/Build/Intermediates.noindex/GoogleDataTransport.build/Debug/GoogleDataTransport-t.build/Objects-normal/arm64/compliance.nanopb.o.scan -- /Applications/Xcode.app/Contents/Developer/Toolchains/XcodeDefault.xctoolchain/usr/bin/clang -x c -ivfsstatcache /Users/buddhirajgautam/Library/Developer/Xcode/DerivedData/SDKStatCaches.noindex/macosx27.0-26A425-e829b21a6f8c9b70876ba0858053c0447231f6df4def33e022ae2eb8f782df1a.sdkstatcache -target arm64-apple-macos12.0 -fmessage-length\=0 -fdiagnostics-show-note-include-stack -fmacro-backtrace-limit\=0 -fno-color-diagnostics -fmodules-prune-interval\=86400 -fmodules-prune-after\=345600 -fbuild-session-file\=/Users/buddhirajgautam/Library/Developer/Xcode/DerivedData/ModuleCache.noindex/Session.modulevalidation -fmodules-validate-once-per-build-session -Wnon-modular-include-in-framework-module -Werror\=non-modular-include-in-framework-module -Wno-trigraphs -Wno-missing-field-initializers -Wno-missing-prototypes -Wno-return-type -Wno-missing-braces -Wparentheses -Wswitch -Wno-unused-function -Wno-unused-label -Wno-unused-parameter -Wno-unused-variable -Wunused-value -Wno-empty-body -Wno-uninitialized -Wno-unknown-pragmas -w -Wno-shadow -Wno-four-char-constants -Wno-conversion -Wno-constant-conversion -Wno-int-conversion -Wno-bool-conversion -Wno-enum-conversion -Wno-float-conversion -Wno-non-literal-null-conversion -Wno-objc-literal-conversion -Wshorten-64-to-32 -Wpointer-sign -Wno-newline-eof -Wno-implicit-fallthrough -isysroot /Applications/Xcode.app/Contents/Developer/Platforms/MacOSX.platform/Developer/SDKs/MacOSX27.0.sdk -fstrict-aliasing -Wdeprecated-declarations -Wno-sign-conversion -Wno-infinite-recursion -Wno-comma -Wno-block-capture-autoreleasing -Wno-strict-prototypes -Wno-semicolon-before-method-body -index-store-path /Users/buddhirajgautam/Library/Developer/Xcode/DerivedData/Telegram-Mac-fygdgghdgmuleoelvxabfmqiotta/Index.noindex/DataStore @/Users/buddhirajgautam/Library/Developer/Xcode/DerivedData/Telegram-Mac-fygdgghdgmuleoelvxabfmqiotta/Build/Intermediates.noindex/GoogleDataTransport.build/Debug/GoogleDataTransport-t.build/Objects-normal/arm64/7187679823f38a2a940e0043cdf9d637-common-args.resp -MMD -MT dependencies -MF /Users/buddhirajgautam/Library/Developer/Xcode/DerivedData/Telegram-Mac-fygdgghdgmuleoelvxabfmqiotta/Build/Intermediates.noindex/GoogleDataTransport.build/Debug/GoogleDataTransport-t.build/Objects-normal/arm64/compliance.nanopb.d --serialize-diagnostics /Users/buddhirajgautam/Library/Developer/Xcode/DerivedData/Telegram-Mac-fygdgghdgmuleoelvxabfmqiotta/Build/Intermediates.noindex/GoogleDataTransport.build/Debug/GoogleDataTransport-t.build/Objects-normal/arm64/compliance.nanopb.dia -c /Users/buddhirajgautam/Library/Developer/Xcode/DerivedData/Telegram-Mac-fygdgghdgmuleoelvxabfmqiotta/SourcePackages/checkouts/GoogleDataTransport/GoogleDataTransport/GDTCCTLibrary/Protogen/nanopb/compliance.nanopb.c -o /Users/buddhirajgautam/Library/Developer/Xcode/DerivedData/Telegram-Mac-fygdgghdgmuleoelvxabfmqiotta/Build/Intermediates.noindex/GoogleDataTransport.build/Debug/GoogleDataTransport-t.build/Objects-normal/arm64/compliance.nanopb.o -index-unit-output-path /GoogleDataTransport.build/Debug/GoogleDataTransport-t.build/Objects-normal/arm64/compliance.nanopb.o

ScanDependencies /Users/buddhirajgautam/Library/Developer/Xcode/DerivedData/Telegram-Mac-fygdgghdgmuleoelvxabfmqiotta/Build/Intermediates.noindex/GoogleDataTransport.build/Debug/GoogleDataTransport-t.build/Objects-normal/arm64/client_metrics.nanopb.o /Users/buddhirajgautam/Library/Developer/Xcode/DerivedData/Telegram-Mac-fygdgghdgmuleoelvxabfmqiotta/SourcePackages/checkouts/GoogleDataTransport/GoogleDataTransport/GDTCCTLibrary/Protogen/nanopb/client_metrics.nanopb.c normal arm64 c com.apple.compilers.llvm.clang.1_0.compiler (in target 'GoogleDataTransport' from project 'GoogleDataTransport')
    cd /Users/buddhirajgautam/Documents/Cherrygram-Mac/macOS-Swift
    
    Using response file: /Users/buddhirajgautam/Library/Developer/Xcode/DerivedData/Telegram-Mac-fygdgghdgmuleoelvxabfmqiotta/Build/Intermediates.noindex/GoogleDataTransport.build/Debug/GoogleDataTransport-t.build/Objects-normal/arm64/7187679823f38a2a940e0043cdf9d637-common-args.resp
    
    builtin-ScanDependencies -o /Users/buddhirajgautam/Library/Developer/Xcode/DerivedData/Telegram-Mac-fygdgghdgmuleoelvxabfmqiotta/Build/Intermediates.noindex/GoogleDataTransport.build/Debug/GoogleDataTransport-t.build/Objects-normal/arm64/client_metrics.nanopb.o.scan -- /Applications/Xcode.app/Contents/Developer/Toolchains/XcodeDefault.xctoolchain/usr/bin/clang -x c -ivfsstatcache /Users/buddhirajgautam/Library/Developer/Xcode/DerivedData/SDKStatCaches.noindex/macosx27.0-26A425-e829b21a6f8c9b70876ba0858053c0447231f6df4def33e022ae2eb8f782df1a.sdkstatcache -target arm64-apple-macos12.0 -fmessage-length\=0 -fdiagnostics-show-note-include-stack -fmacro-backtrace-limit\=0 -fno-color-diagnostics -fmodules-prune-interval\=86400 -fmodules-prune-after\=345600 -fbuild-session-file\=/Users/buddhirajgautam/Library/Developer/Xcode/DerivedData/ModuleCache.noindex/Session.modulevalidation -fmodules-validate-once-per-build-session -Wnon-modular-include-in-framework-module -Werror\=non-modular-include-in-framework-module -Wno-trigraphs -Wno-missing-field-initializers -Wno-missing-prototypes -Wno-return-type -Wno-missing-braces -Wparentheses -Wswitch -Wno-unused-function -Wno-unused-label -Wno-unused-parameter -Wno-unused-variable -Wunused-value -Wno-empty-body -Wno-uninitialized -Wno-unknown-pragmas -w -Wno-shadow -Wno-four-char-constants -Wno-conversion -Wno-constant-conversion -Wno-int-conversion -Wno-bool-conversion -Wno-enum-conversion -Wno-float-conversion -Wno-non-literal-null-conversion -Wno-objc-literal-conversion -Wshorten-64-to-32 -Wpointer-sign -Wno-newline-eof -Wno-implicit-fallthrough -isysroot /Applications/Xcode.app/Contents/Developer/Platforms/MacOSX.platform/Developer/SDKs/MacOSX27.0.sdk -fstrict-aliasing -Wdeprecated-declarations -Wno-sign-conversion -Wno-infinite-recursion -Wno-comma -Wno-block-capture-autoreleasing -Wno-strict-prototypes -Wno-semicolon-before-method-body -index-store-path /Users/buddhirajgautam/Library/Developer/Xcode/DerivedData/Telegram-Mac-fygdgghdgmuleoelvxabfmqiotta/Index.noindex/DataStore @/Users/buddhirajgautam/Library/Developer/Xcode/DerivedData/Telegram-Mac-fygdgghdgmuleoelvxabfmqiotta/Build/Intermediates.noindex/GoogleDataTransport.build/Debug/GoogleDataTransport-t.build/Objects-normal/arm64/7187679823f38a2a940e0043cdf9d637-common-args.resp -MMD -MT dependencies -MF /Users/buddhirajgautam/Library/Developer/Xcode/DerivedData/Telegram-Mac-fygdgghdgmuleoelvxabfmqiotta/Build/Intermediates.noindex/GoogleDataTransport.build/Debug/GoogleDataTransport-t.build/Objects-normal/arm64/client_metrics.nanopb.d --serialize-diagnostics /Users/buddhirajgautam/Library/Developer/Xcode/DerivedData/Telegram-Mac-fygdgghdgmuleoelvxabfmqiotta/Build/Intermediates.noindex/GoogleDataTransport.build/Debug/GoogleDataTransport-t.build/Objects-normal/arm64/client_metrics.nanopb.dia -c /Users/buddhirajgautam/Library/Developer/Xcode/DerivedData/Telegram-Mac-fygdgghdgmuleoelvxabfmqiotta/SourcePackages/checkouts/GoogleDataTransport/GoogleDataTransport/GDTCCTLibrary/Protogen/nanopb/client_metrics.nanopb.c -o /Users/buddhirajgautam/Library/Developer/Xcode/DerivedData/Telegram-Mac-fygdgghdgmuleoelvxabfmqiotta/Build/Intermediates.noindex/GoogleDataTransport.build/Debug/GoogleDataTransport-t.build/Objects-normal/arm64/client_metrics.nanopb.o -index-unit-output-path /GoogleDataTransport.build/Debug/GoogleDataTransport-t.build/Objects-normal/arm64/client_metrics.nanopb.o

PrecompileModule /Users/buddhirajgautam/Library/Developer/Xcode/DerivedData/Telegram-Mac-fygdgghdgmuleoelvxabfmqiotta/Build/Intermediates.noindex/ExplicitPrecompiledModules/_Builtin_stdbool-B9DA9LDOU33TQTWB26KTUBOJV.scan
    cd /
    builtin-precompileModule /Users/buddhirajgautam/Library/Developer/Xcode/DerivedData/Telegram-Mac-fygdgghdgmuleoelvxabfmqiotta/Build/Intermediates.noindex/ExplicitPrecompiledModules/_Builtin_stdbool-B9DA9LDOU33TQTWB26KTUBOJV.scan

PrecompileModule /Users/buddhirajgautam/Library/Developer/Xcode/DerivedData/Telegram-Mac-fygdgghdgmuleoelvxabfmqiotta/Build/Intermediates.noindex/ExplicitPrecompiledModules/_Builtin_stddef-8KZ4B4RTE4N0REBCTT6KEMNVQ.scan
    cd /
    builtin-precompileModule /Users/buddhirajgautam/Library/Developer/Xcode/DerivedData/Telegram-Mac-fygdgghdgmuleoelvxabfmqiotta/Build/Intermediates.noindex/ExplicitPrecompiledModules/_Builtin_stddef-8KZ4B4RTE4N0REBCTT6KEMNVQ.scan

PrecompileModule /Users/buddhirajgautam/Library/Developer/Xcode/DerivedData/Telegram-Mac-fygdgghdgmuleoelvxabfmqiotta/Build/Intermediates.noindex/ExplicitPrecompiledModules/_Builtin_float-82AL1FL42687FXO60BAT1Z9VJ.scan
    cd /
    builtin-precompileModule /Users/buddhirajgautam/Library/Developer/Xcode/DerivedData/Telegram-Mac-fygdgghdgmuleoelvxabfmqiotta/Build/Intermediates.noindex/ExplicitPrecompiledModules/_Builtin_float-82AL1FL42687FXO60BAT1Z9VJ.scan

PrecompileModule /Users/buddhirajgautam/Library/Developer/Xcode/DerivedData/Telegram-Mac-fygdgghdgmuleoelvxabfmqiotta/Build/Intermediates.noindex/ExplicitPrecompiledModules/_Builtin_stdarg-5FCZZ47MUVKCMLPWPWD08XZJ7.scan
    cd /
    builtin-precompileModule /Users/buddhirajgautam/Library/Developer/Xcode/DerivedData/Telegram-Mac-fygdgghdgmuleoelvxabfmqiotta/Build/Intermediates.noindex/ExplicitPrecompiledModules/_Builtin_stdarg-5FCZZ47MUVKCMLPWPWD08XZJ7.scan

PrecompileModule /Users/buddhirajgautam/Library/Developer/Xcode/DerivedData/Telegram-Mac-fygdgghdgmuleoelvxabfmqiotta/Build/Intermediates.noindex/ExplicitPrecompiledModules/ptrcheck-ABPQTQA7V1S8TBF9IPB0UP775.scan
    cd /
    builtin-precompileModule /Users/buddhirajgautam/Library/Developer/Xcode/DerivedData/Telegram-Mac-fygdgghdgmuleoelvxabfmqiotta/Build/Intermediates.noindex/ExplicitPrecompiledModules/ptrcheck-ABPQTQA7V1S8TBF9IPB0UP775.scan

PrecompileModule /Users/buddhirajgautam/Library/Developer/Xcode/DerivedData/Telegram-Mac-fygdgghdgmuleoelvxabfmqiotta/Build/Intermediates.noindex/ExplicitPrecompiledModules/_AvailabilityInternal-1GD6BZ4AG09BKJR98L8P5X4WK.scan
    cd /
    builtin-precompileModule /Users/buddhirajgautam/Library/Developer/Xcode/DerivedData/Telegram-Mac-fygdgghdgmuleoelvxabfmqiotta/Build/Intermediates.noindex/ExplicitPrecompiledModules/_AvailabilityInternal-1GD6BZ4AG09BKJR98L8P5X4WK.scan

ScanDependencies /Users/buddhirajgautam/Library/Developer/Xcode/DerivedData/Telegram-Mac-fygdgghdgmuleoelvxabfmqiotta/Build/Intermediates.noindex/GoogleDataTransport.build/Debug/GoogleDataTransport-t.build/Objects-normal/arm64/cct.nanopb.o /Users/buddhirajgautam/Library/Developer/Xcode/DerivedData/Telegram-Mac-fygdgghdgmuleoelvxabfmqiotta/SourcePackages/checkouts/GoogleDataTransport/GoogleDataTransport/GDTCCTLibrary/Protogen/nanopb/cct.nanopb.c normal arm64 c com.apple.compilers.llvm.clang.1_0.compiler (in target 'GoogleDataTransport' from project 'GoogleDataTransport')
    cd /Users/buddhirajgautam/Documents/Cherrygram-Mac/macOS-Swift
    
    Using response file: /Users/buddhirajgautam/Library/Developer/Xcode/DerivedData/Telegram-Mac-fygdgghdgmuleoelvxabfmqiotta/Build/Intermediates.noindex/GoogleDataTransport.build/Debug/GoogleDataTransport-t.build/Objects-normal/arm64/7187679823f38a2a940e0043cdf9d637-common-args.resp
    
    builtin-ScanDependencies -o /Users/buddhirajgautam/Library/Developer/Xcode/DerivedData/Telegram-Mac-fygdgghdgmuleoelvxabfmqiotta/Build/Intermediates.noindex/GoogleDataTransport.build/Debug/GoogleDataTransport-t.build/Objects-normal/arm64/cct.nanopb.o.scan -- /Applications/Xcode.app/Contents/Developer/Toolchains/XcodeDefault.xctoolchain/usr/bin/clang -x c -ivfsstatcache /Users/buddhirajgautam/Library/Developer/Xcode/DerivedData/SDKStatCaches.noindex/macosx27.0-26A425-e829b21a6f8c9b70876ba0858053c0447231f6df4def33e022ae2eb8f782df1a.sdkstatcache -target arm64-apple-macos12.0 -fmessage-length\=0 -fdiagnostics-show-note-include-stack -fmacro-backtrace-limit\=0 -fno-color-diagnostics -fmodules-prune-interval\=86400 -fmodules-prune-after\=345600 -fbuild-session-file\=/Users/buddhirajgautam/Library/Developer/Xcode/DerivedData/ModuleCache.noindex/Session.modulevalidation -fmodules-validate-once-per-build-session -Wnon-modular-include-in-framework-module -Werror\=non-modular-include-in-framework-module -Wno-trigraphs -Wno-missing-field-initializers -Wno-missing-prototypes -Wno-return-type -Wno-missing-braces -Wparentheses -Wswitch -Wno-unused-function -Wno-unused-label -Wno-unused-parameter -Wno-unused-variable -Wunused-value -Wno-empty-body -Wno-uninitialized -Wno-unknown-pragmas -w -Wno-shadow -Wno-four-char-constants -Wno-conversion -Wno-constant-conversion -Wno-int-conversion -Wno-bool-conversion -Wno-enum-conversion -Wno-float-conversion -Wno-non-literal-null-conversion -Wno-objc-literal-conversion -Wshorten-64-to-32 -Wpointer-sign -Wno-newline-eof -Wno-implicit-fallthrough -isysroot /Applications/Xcode.app/Contents/Developer/Platforms/MacOSX.platform/Developer/SDKs/MacOSX27.0.sdk -fstrict-aliasing -Wdeprecated-declarations -Wno-sign-conversion -Wno-infinite-recursion -Wno-comma -Wno-block-capture-autoreleasing -Wno-strict-prototypes -Wno-semicolon-before-method-body -index-store-path /Users/buddhirajgautam/Library/Developer/Xcode/DerivedData/Telegram-Mac-fygdgghdgmuleoelvxabfmqiotta/Index.noindex/DataStore @/Users/buddhirajgautam/Library/Developer/Xcode/DerivedData/Telegram-Mac-fygdgghdgmuleoelvxabfmqiotta/Build/Intermediates.noindex/GoogleDataTransport.build/Debug/GoogleDataTransport-t.build/Objects-normal/arm64/7187679823f38a2a940e0043cdf9d637-common-args.resp -MMD -MT dependencies -MF /Users/buddhirajgautam/Library/Developer/Xcode/DerivedData/Telegram-Mac-fygdgghdgmuleoelvxabfmqiotta/Build/Intermediates.noindex/GoogleDataTransport.build/Debug/GoogleDataTransport-t.build/Objects-normal/arm64/cct.nanopb.d --serialize-diagnostics /Users/buddhirajgautam/Library/Developer/Xcode/DerivedData/Telegram-Mac-fygdgghdgmuleoelvxabfmqiotta/Build/Intermediates.noindex/GoogleDataTransport.build/Debug/GoogleDataTransport-t.build/Objects-normal/arm64/cct.nanopb.dia -c /Users/buddhirajgautam/Library/Developer/Xcode/DerivedData/Telegram-Mac-fygdgghdgmuleoelvxabfmqiotta/SourcePackages/checkouts/GoogleDataTransport/GoogleDataTransport/GDTCCTLibrary/Protogen/nanopb/cct.nanopb.c -o /Users/buddhirajgautam/Library/Developer/Xcode/DerivedData/Telegram-Mac-fygdgghdgmuleoelvxabfmqiotta/Build/Intermediates.noindex/GoogleDataTransport.build/Debug/GoogleDataTransport-t.build/Objects-normal/arm64/cct.nanopb.o -index-unit-output-path /GoogleDataTransport.build/Debug/GoogleDataTransport-t.build/Objects-normal/arm64/cct.nanopb.o

ScanDependencies /Users/buddhirajgautam/Library/Developer/Xcode/DerivedData/Telegram-Mac-fygdgghdgmuleoelvxabfmqiotta/Build/Intermediates.noindex/GoogleDataTransport.build/Debug/GoogleDataTransport-t.build/Objects-normal/arm64/GDTCORUploadCoordinator.o /Users/buddhirajgautam/Library/Developer/Xcode/DerivedData/Telegram-Mac-fygdgghdgmuleoelvxabfmqiotta/SourcePackages/checkouts/GoogleDataTransport/GoogleDataTransport/GDTCORLibrary/GDTCORUploadCoordinator.m normal arm64 objective-c com.apple.compilers.llvm.clang.1_0.compiler (in target 'GoogleDataTransport' from project 'GoogleDataTransport')
    cd /Users/buddhirajgautam/Documents/Cherrygram-Mac/macOS-Swift
    
    Using response file: /Users/buddhirajgautam/Library/Developer/Xcode/DerivedData/Telegram-Mac-fygdgghdgmuleoelvxabfmqiotta/Build/Intermediates.noindex/GoogleDataTransport.build/Debug/GoogleDataTransport-t.build/Objects-normal/arm64/e6072d4f65d7061329687fe24e3d63a7-common-args.resp
    
    builtin-ScanDependencies -o /Users/buddhirajgautam/Library/Developer/Xcode/DerivedData/Telegram-Mac-fygdgghdgmuleoelvxabfmqiotta/Build/Intermediates.noindex/GoogleDataTransport.build/Debug/GoogleDataTransport-t.build/Objects-normal/arm64/GDTCORUploadCoordinator.o.scan -- /Applications/Xcode.app/Contents/Developer/Toolchains/XcodeDefault.xctoolchain/usr/bin/clang -x objective-c -ivfsstatcache /Users/buddhirajgautam/Library/Developer/Xcode/DerivedData/SDKStatCaches.noindex/macosx27.0-26A425-e829b21a6f8c9b70876ba0858053c0447231f6df4def33e022ae2eb8f782df1a.sdkstatcache -target arm64-apple-macos12.0 -fmessage-length\=0 -fdiagnostics-show-note-include-stack -fmacro-backtrace-limit\=0 -fno-color-diagnostics -fmodules-prune-interval\=86400 -fmodules-prune-after\=345600 -fbuild-session-file\=/Users/buddhirajgautam/Library/Developer/Xcode/DerivedData/ModuleCache.noindex/Session.modulevalidation -fmodules-validate-once-per-build-session -Wnon-modular-include-in-framework-module -Werror\=non-modular-include-in-framework-module -Wno-trigraphs -Wno-missing-field-initializers -Wno-missing-prototypes -Wno-return-type -Wno-implicit-atomic-properties -Wno-objc-interface-ivars -Wno-arc-repeated-use-of-weak -Wno-missing-braces -Wparentheses -Wswitch -Wno-unused-function -Wno-unused-label -Wno-unused-parameter -Wno-unused-variable -Wunused-value -Wno-empty-body -Wno-uninitialized -Wno-unknown-pragmas -w -Wno-shadow -Wno-four-char-constants -Wno-conversion -Wno-constant-conversion -Wno-int-conversion -Wno-bool-conversion -Wno-enum-conversion -Wno-float-conversion -Wno-non-literal-null-conversion -Wno-objc-literal-conversion -Wshorten-64-to-32 -Wpointer-sign -Wno-newline-eof -Wno-selector -Wno-strict-selector-match -Wno-undeclared-selector -Wno-deprecated-implementations -Wno-implicit-fallthrough -isysroot /Applications/Xcode.app/Contents/Developer/Platforms/MacOSX.platform/Developer/SDKs/MacOSX27.0.sdk -fstrict-aliasing -Wprotocol -Wdeprecated-declarations -Wno-sign-conversion -Wno-infinite-recursion -Wno-comma -Wno-block-capture-autoreleasing -Wno-strict-prototypes -Wno-semicolon-before-method-body -index-store-path /Users/buddhirajgautam/Library/Developer/Xcode/DerivedData/Telegram-Mac-fygdgghdgmuleoelvxabfmqiotta/Index.noindex/DataStore @/Users/buddhirajgautam/Library/Developer/Xcode/DerivedData/Telegram-Mac-fygdgghdgmuleoelvxabfmqiotta/Build/Intermediates.noindex/GoogleDataTransport.build/Debug/GoogleDataTransport-t.build/Objects-normal/arm64/e6072d4f65d7061329687fe24e3d63a7-common-args.resp -include /Users/buddhirajgautam/Library/Developer/Xcode/DerivedData/Telegram-Mac-fygdgghdgmuleoelvxabfmqiotta/Build/Intermediates.noindex/GoogleDataTransport.build/Debug/GoogleDataTransport-t.build/DerivedSources/resource_bundle_accessor.h -MMD -MT dependencies -MF /Users/buddhirajgautam/Library/Developer/Xcode/DerivedData/Telegram-Mac-fygdgghdgmuleoelvxabfmqiotta/Build/Intermediates.noindex/GoogleDataTransport.build/Debug/GoogleDataTransport-t.build/Objects-normal/arm64/GDTCORUploadCoordinator.d --serialize-diagnostics /Users/buddhirajgautam/Library/Developer/Xcode/DerivedData/Telegram-Mac-fygdgghdgmuleoelvxabfmqiotta/Build/Intermediates.noindex/GoogleDataTransport.build/Debug/GoogleDataTransport-t.build/Objects-normal/arm64/GDTCORUploadCoordinator.dia -c /Users/buddhirajgautam/Library/Developer/Xcode/DerivedData/Telegram-Mac-fygdgghdgmuleoelvxabfmqiotta/SourcePackages/checkouts/GoogleDataTransport/GoogleDataTransport/GDTCORLibrary/GDTCORUploadCoordinator.m -o /Users/buddhirajgautam/Library/Developer/Xcode/DerivedData/Telegram-Mac-fygdgghdgmuleoelvxabfmqiotta/Build/Intermediates.noindex/GoogleDataTransport.build/Debug/GoogleDataTransport-t.build/Objects-normal/arm64/GDTCORUploadCoordinator.o -index-unit-output-path /GoogleDataTransport.build/Debug/GoogleDataTransport-t.build/Objects-normal/arm64/GDTCORUploadCoordinator.o

ScanDependencies /Users/buddhirajgautam/Library/Developer/Xcode/DerivedData/Telegram-Mac-fygdgghdgmuleoelvxabfmqiotta/Build/Intermediates.noindex/GoogleDataTransport.build/Debug/GoogleDataTransport-t.build/Objects-normal/arm64/GDTCORUploadBatch.o /Users/buddhirajgautam/Library/Developer/Xcode/DerivedData/Telegram-Mac-fygdgghdgmuleoelvxabfmqiotta/SourcePackages/checkouts/GoogleDataTransport/GoogleDataTransport/GDTCORLibrary/GDTCORUploadBatch.m normal arm64 objective-c com.apple.compilers.llvm.clang.1_0.compiler (in target 'GoogleDataTransport' from project 'GoogleDataTransport')
    cd /Users/buddhirajgautam/Documents/Cherrygram-Mac/macOS-Swift
    
    Using response file: /Users/buddhirajgautam/Library/Developer/Xcode/DerivedData/Telegram-Mac-fygdgghdgmuleoelvxabfmqiotta/Build/Intermediates.noindex/GoogleDataTransport.build/Debug/GoogleDataTransport-t.build/Objects-normal/arm64/e6072d4f65d7061329687fe24e3d63a7-common-args.resp
    
    builtin-ScanDependencies -o /Users/buddhirajgautam/Library/Developer/Xcode/DerivedData/Telegram-Mac-fygdgghdgmuleoelvxabfmqiotta/Build/Intermediates.noindex/GoogleDataTransport.build/Debug/GoogleDataTransport-t.build/Objects-normal/arm64/GDTCORUploadBatch.o.scan -- /Applications/Xcode.app/Contents/Developer/Toolchains/XcodeDefault.xctoolchain/usr/bin/clang -x objective-c -ivfsstatcache /Users/buddhirajgautam/Library/Developer/Xcode/DerivedData/SDKStatCaches.noindex/macosx27.0-26A425-e829b21a6f8c9b70876ba0858053c0447231f6df4def33e022ae2eb8f782df1a.sdkstatcache -target arm64-apple-macos12.0 -fmessage-length\=0 -fdiagnostics-show-note-include-stack -fmacro-backtrace-limit\=0 -fno-color-diagnostics -fmodules-prune-interval\=86400 -fmodules-prune-after\=345600 -fbuild-session-file\=/Users/buddhirajgautam/Library/Developer/Xcode/DerivedData/ModuleCache.noindex/Session.modulevalidation -fmodules-validate-once-per-build-session -Wnon-modular-include-in-framework-module -Werror\=non-modular-include-in-framework-module -Wno-trigraphs -Wno-missing-field-initializers -Wno-missing-prototypes -Wno-return-type -Wno-implicit-atomic-properties -Wno-objc-interface-ivars -Wno-arc-repeated-use-of-weak -Wno-missing-braces -Wparentheses -Wswitch -Wno-unused-function -Wno-unused-label -Wno-unused-parameter -Wno-unused-variable -Wunused-value -Wno-empty-body -Wno-uninitialized -Wno-unknown-pragmas -w -Wno-shadow -Wno-four-char-constants -Wno-conversion -Wno-constant-conversion -Wno-int-conversion -Wno-bool-conversion -Wno-enum-conversion -Wno-float-conversion -Wno-non-literal-null-conversion -Wno-objc-literal-conversion -Wshorten-64-to-32 -Wpointer-sign -Wno-newline-eof -Wno-selector -Wno-strict-selector-match -Wno-undeclared-selector -Wno-deprecated-implementations -Wno-implicit-fallthrough -isysroot /Applications/Xcode.app/Contents/Developer/Platforms/MacOSX.platform/Developer/SDKs/MacOSX27.0.sdk -fstrict-aliasing -Wprotocol -Wdeprecated-declarations -Wno-sign-conversion -Wno-infinite-recursion -Wno-comma -Wno-block-capture-autoreleasing -Wno-strict-prototypes -Wno-semicolon-before-method-body -index-store-path /Users/buddhirajgautam/Library/Developer/Xcode/DerivedData/Telegram-Mac-fygdgghdgmuleoelvxabfmqiotta/Index.noindex/DataStore @/Users/buddhirajgautam/Library/Developer/Xcode/DerivedData/Telegram-Mac-fygdgghdgmuleoelvxabfmqiotta/Build/Intermediates.noindex/GoogleDataTransport.build/Debug/GoogleDataTransport-t.build/Objects-normal/arm64/e6072d4f65d7061329687fe24e3d63a7-common-args.resp -include /Users/buddhirajgautam/Library/Developer/Xcode/DerivedData/Telegram-Mac-fygdgghdgmuleoelvxabfmqiotta/Build/Intermediates.noindex/GoogleDataTransport.build/Debug/GoogleDataTransport-t.build/DerivedSources/resource_bundle_accessor.h -MMD -MT dependencies -MF /Users/buddhirajgautam/Library/Developer/Xcode/DerivedData/Telegram-Mac-fygdgghdgmuleoelvxabfmqiotta/Build/Intermediates.noindex/GoogleDataTransport.build/Debug/GoogleDataTransport-t.build/Objects-normal/arm64/GDTCORUploadBatch.d --serialize-diagnostics /Users/buddhirajgautam/Library/Developer/Xcode/DerivedData/Telegram-Mac-fygdgghdgmuleoelvxabfmqiotta/Build/Intermediates.noindex/GoogleDataTransport.build/Debug/GoogleDataTransport-t.build/Objects-normal/arm64/GDTCORUploadBatch.dia -c /Users/buddhirajgautam/Library/Developer/Xcode/DerivedData/Telegram-Mac-fygdgghdgmuleoelvxabfmqiotta/SourcePackages/checkouts/GoogleDataTransport/GoogleDataTransport/GDTCORLibrary/GDTCORUploadBatch.m -o /Users/buddhirajgautam/Library/Developer/Xcode/DerivedData/Telegram-Mac-fygdgghdgmuleoelvxabfmqiotta/Build/Intermediates.noindex/GoogleDataTransport.build/Debug/GoogleDataTransport-t.build/Objects-normal/arm64/GDTCORUploadBatch.o -index-unit-output-path /GoogleDataTransport.build/Debug/GoogleDataTransport-t.build/Objects-normal/arm64/GDTCORUploadBatch.o

PrecompileModule /Users/buddhirajgautam/Library/Developer/Xcode/DerivedData/Telegram-Mac-fygdgghdgmuleoelvxabfmqiotta/Build/Intermediates.noindex/ExplicitPrecompiledModules/_DarwinFoundation1-50WP5N613VVB9E1YBFW5ECF24.scan
    cd /
    builtin-precompileModule /Users/buddhirajgautam/Library/Developer/Xcode/DerivedData/Telegram-Mac-fygdgghdgmuleoelvxabfmqiotta/Build/Intermediates.noindex/ExplicitPrecompiledModules/_DarwinFoundation1-50WP5N613VVB9E1YBFW5ECF24.scan

CompileC /Users/buddhirajgautam/Library/Developer/Xcode/DerivedData/Telegram-Mac-fygdgghdgmuleoelvxabfmqiotta/Build/Intermediates.noindex/GoogleUtilities.build/Debug/GoogleUtilities-UserDefaults-t.build/Objects-normal/arm64/resource_bundle_accessor.o /Users/buddhirajgautam/Library/Developer/Xcode/DerivedData/Telegram-Mac-fygdgghdgmuleoelvxabfmqiotta/Build/Intermediates.noindex/GoogleUtilities.build/Debug/GoogleUtilities-UserDefaults-t.build/DerivedSources/resource_bundle_accessor.m normal arm64 objective-c com.apple.compilers.llvm.clang.1_0.compiler (in target 'GoogleUtilities-UserDefaults' from project 'GoogleUtilities')
    cd /Users/buddhirajgautam/Documents/Cherrygram-Mac/macOS-Swift
    
    Using response file: /Users/buddhirajgautam/Library/Developer/Xcode/DerivedData/Telegram-Mac-fygdgghdgmuleoelvxabfmqiotta/Build/Intermediates.noindex/GoogleUtilities.build/Debug/GoogleUtilities-UserDefaults-t.build/Objects-normal/arm64/e6072d4f65d7061329687fe24e3d63a7-common-args.resp
    
    /Applications/Xcode.app/Contents/Developer/Toolchains/XcodeDefault.xctoolchain/usr/bin/clang -x objective-c -ivfsstatcache /Users/buddhirajgautam/Library/Developer/Xcode/DerivedData/SDKStatCaches.noindex/macosx27.0-26A425-e829b21a6f8c9b70876ba0858053c0447231f6df4def33e022ae2eb8f782df1a.sdkstatcache -target arm64-apple-macos12.0 -fmessage-length\=0 -fdiagnostics-show-note-include-stack -fmacro-backtrace-limit\=0 -fno-color-diagnostics -fmodules-prune-interval\=86400 -fmodules-prune-after\=345600 -fbuild-session-file\=/Users/buddhirajgautam/Library/Developer/Xcode/DerivedData/ModuleCache.noindex/Session.modulevalidation -fmodules-validate-once-per-build-session -Wnon-modular-include-in-framework-module -Werror\=non-modular-include-in-framework-module -Wno-trigraphs -Wno-missing-field-initializers -Wno-missing-prototypes -Wno-return-type -Wno-implicit-atomic-properties -Wno-objc-interface-ivars -Wno-arc-repeated-use-of-weak -Wno-missing-braces -Wparentheses -Wswitch -Wno-unused-function -Wno-unused-label -Wno-unused-parameter -Wno-unused-variable -Wunused-value -Wno-empty-body -Wno-uninitialized -Wno-unknown-pragmas -w -Wno-shadow -Wno-four-char-constants -Wno-conversion -Wno-constant-conversion -Wno-int-conversion -Wno-bool-conversion -Wno-enum-conversion -Wno-float-conversion -Wno-non-literal-null-conversion -Wno-objc-literal-conversion -Wshorten-64-to-32 -Wpointer-sign -Wno-newline-eof -Wno-selector -Wno-strict-selector-match -Wno-undeclared-selector -Wno-deprecated-implementations -Wno-implicit-fallthrough -isysroot /Applications/Xcode.app/Contents/Developer/Platforms/MacOSX.platform/Developer/SDKs/MacOSX27.0.sdk -fstrict-aliasing -Wprotocol -Wdeprecated-declarations -Wno-sign-conversion -Wno-infinite-recursion -Wno-comma -Wno-block-capture-autoreleasing -Wno-strict-prototypes -Wno-semicolon-before-method-body -index-store-path /Users/buddhirajgautam/Library/Developer/Xcode/DerivedData/Telegram-Mac-fygdgghdgmuleoelvxabfmqiotta/Index.noindex/DataStore @/Users/buddhirajgautam/Library/Developer/Xcode/DerivedData/Telegram-Mac-fygdgghdgmuleoelvxabfmqiotta/Build/Intermediates.noindex/GoogleUtilities.build/Debug/GoogleUtilities-UserDefaults-t.build/Objects-normal/arm64/e6072d4f65d7061329687fe24e3d63a7-common-args.resp -include /Users/buddhirajgautam/Library/Developer/Xcode/DerivedData/Telegram-Mac-fygdgghdgmuleoelvxabfmqiotta/Build/Intermediates.noindex/GoogleUtilities.build/Debug/GoogleUtilities-UserDefaults-t.build/DerivedSources/resource_bundle_accessor.h -MMD -MT dependencies -MF /Users/buddhirajgautam/Library/Developer/Xcode/DerivedData/Telegram-Mac-fygdgghdgmuleoelvxabfmqiotta/Build/Intermediates.noindex/GoogleUtilities.build/Debug/GoogleUtilities-UserDefaults-t.build/Objects-normal/arm64/resource_bundle_accessor.d --serialize-diagnostics /Users/buddhirajgautam/Library/Developer/Xcode/DerivedData/Telegram-Mac-fygdgghdgmuleoelvxabfmqiotta/Build/Intermediates.noindex/GoogleUtilities.build/Debug/GoogleUtilities-UserDefaults-t.build/Objects-normal/arm64/resource_bundle_accessor.dia -c /Users/buddhirajgautam/Library/Developer/Xcode/DerivedData/Telegram-Mac-fygdgghdgmuleoelvxabfmqiotta/Build/Intermediates.noindex/GoogleUtilities.build/Debug/GoogleUtilities-UserDefaults-t.build/DerivedSources/resource_bundle_accessor.m -o /Users/buddhirajgautam/Library/Developer/Xcode/DerivedData/Telegram-Mac-fygdgghdgmuleoelvxabfmqiotta/Build/Intermediates.noindex/GoogleUtilities.build/Debug/GoogleUtilities-UserDefaults-t.build/Objects-normal/arm64/resource_bundle_accessor.o -index-unit-output-path /GoogleUtilities.build/Debug/GoogleUtilities-UserDefaults-t.build/Objects-normal/arm64/resource_bundle_accessor.o

CompileC /Users/buddhirajgautam/Library/Developer/Xcode/DerivedData/Telegram-Mac-fygdgghdgmuleoelvxabfmqiotta/Build/Intermediates.noindex/GoogleUtilities.build/Debug/GoogleUtilities-Reachability-t.build/Objects-normal/arm64/resource_bundle_accessor.o /Users/buddhirajgautam/Library/Developer/Xcode/DerivedData/Telegram-Mac-fygdgghdgmuleoelvxabfmqiotta/Build/Intermediates.noindex/GoogleUtilities.build/Debug/GoogleUtilities-Reachability-t.build/DerivedSources/resource_bundle_accessor.m normal arm64 objective-c com.apple.compilers.llvm.clang.1_0.compiler (in target 'GoogleUtilities-Reachability' from project 'GoogleUtilities')
    cd /Users/buddhirajgautam/Documents/Cherrygram-Mac/macOS-Swift
    
    Using response file: /Users/buddhirajgautam/Library/Developer/Xcode/DerivedData/Telegram-Mac-fygdgghdgmuleoelvxabfmqiotta/Build/Intermediates.noindex/GoogleUtilities.build/Debug/GoogleUtilities-Reachability-t.build/Objects-normal/arm64/e6072d4f65d7061329687fe24e3d63a7-common-args.resp
    
    /Applications/Xcode.app/Contents/Developer/Toolchains/XcodeDefault.xctoolchain/usr/bin/clang -x objective-c -ivfsstatcache /Users/buddhirajgautam/Library/Developer/Xcode/DerivedData/SDKStatCaches.noindex/macosx27.0-26A425-e829b21a6f8c9b70876ba0858053c0447231f6df4def33e022ae2eb8f782df1a.sdkstatcache -target arm64-apple-macos12.0 -fmessage-length\=0 -fdiagnostics-show-note-include-stack -fmacro-backtrace-limit\=0 -fno-color-diagnostics -fmodules-prune-interval\=86400 -fmodules-prune-after\=345600 -fbuild-session-file\=/Users/buddhirajgautam/Library/Developer/Xcode/DerivedData/ModuleCache.noindex/Session.modulevalidation -fmodules-validate-once-per-build-session -Wnon-modular-include-in-framework-module -Werror\=non-modular-include-in-framework-module -Wno-trigraphs -Wno-missing-field-initializers -Wno-missing-prototypes -Wno-return-type -Wno-implicit-atomic-properties -Wno-objc-interface-ivars -Wno-arc-repeated-use-of-weak -Wno-missing-braces -Wparentheses -Wswitch -Wno-unused-function -Wno-unused-label -Wno-unused-parameter -Wno-unused-variable -Wunused-value -Wno-empty-body -Wno-uninitialized -Wno-unknown-pragmas -w -Wno-shadow -Wno-four-char-constants -Wno-conversion -Wno-constant-conversion -Wno-int-conversion -Wno-bool-conversion -Wno-enum-conversion -Wno-float-conversion -Wno-non-literal-null-conversion -Wno-objc-literal-conversion -Wshorten-64-to-32 -Wpointer-sign -Wno-newline-eof -Wno-selector -Wno-strict-selector-match -Wno-undeclared-selector -Wno-deprecated-implementations -Wno-implicit-fallthrough -isysroot /Applications/Xcode.app/Contents/Developer/Platforms/MacOSX.platform/Developer/SDKs/MacOSX27.0.sdk -fstrict-aliasing -Wprotocol -Wdeprecated-declarations -Wno-sign-conversion -Wno-infinite-recursion -Wno-comma -Wno-block-capture-autoreleasing -Wno-strict-prototypes -Wno-semicolon-before-method-body -index-store-path /Users/buddhirajgautam/Library/Developer/Xcode/DerivedData/Telegram-Mac-fygdgghdgmuleoelvxabfmqiotta/Index.noindex/DataStore @/Users/buddhirajgautam/Library/Developer/Xcode/DerivedData/Telegram-Mac-fygdgghdgmuleoelvxabfmqiotta/Build/Intermediates.noindex/GoogleUtilities.build/Debug/GoogleUtilities-Reachability-t.build/Objects-normal/arm64/e6072d4f65d7061329687fe24e3d63a7-common-args.resp -include /Users/buddhirajgautam/Library/Developer/Xcode/DerivedData/Telegram-Mac-fygdgghdgmuleoelvxabfmqiotta/Build/Intermediates.noindex/GoogleUtilities.build/Debug/GoogleUtilities-Reachability-t.build/DerivedSources/resource_bundle_accessor.h -MMD -MT dependencies -MF /Users/buddhirajgautam/Library/Developer/Xcode/DerivedData/Telegram-Mac-fygdgghdgmuleoelvxabfmqiotta/Build/Intermediates.noindex/GoogleUtilities.build/Debug/GoogleUtilities-Reachability-t.build/Objects-normal/arm64/resource_bundle_accessor.d --serialize-diagnostics /Users/buddhirajgautam/Library/Developer/Xcode/DerivedData/Telegram-Mac-fygdgghdgmuleoelvxabfmqiotta/Build/Intermediates.noindex/GoogleUtilities.build/Debug/GoogleUtilities-Reachability-t.build/Objects-normal/arm64/resource_bundle_accessor.dia -c /Users/buddhirajgautam/Library/Developer/Xcode/DerivedData/Telegram-Mac-fygdgghdgmuleoelvxabfmqiotta/Build/Intermediates.noindex/GoogleUtilities.build/Debug/GoogleUtilities-Reachability-t.build/DerivedSources/resource_bundle_accessor.m -o /Users/buddhirajgautam/Library/Developer/Xcode/DerivedData/Telegram-Mac-fygdgghdgmuleoelvxabfmqiotta/Build/Intermediates.noindex/GoogleUtilities.build/Debug/GoogleUtilities-Reachability-t.build/Objects-normal/arm64/resource_bundle_accessor.o -index-unit-output-path /GoogleUtilities.build/Debug/GoogleUtilities-Reachability-t.build/Objects-normal/arm64/resource_bundle_accessor.o

CompileC /Users/buddhirajgautam/Library/Developer/Xcode/DerivedData/Telegram-Mac-fygdgghdgmuleoelvxabfmqiotta/Build/Intermediates.noindex/GoogleUtilities.build/Debug/GoogleUtilities-Network-t.build/Objects-normal/arm64/resource_bundle_accessor.o /Users/buddhirajgautam/Library/Developer/Xcode/DerivedData/Telegram-Mac-fygdgghdgmuleoelvxabfmqiotta/Build/Intermediates.noindex/GoogleUtilities.build/Debug/GoogleUtilities-Network-t.build/DerivedSources/resource_bundle_accessor.m normal arm64 objective-c com.apple.compilers.llvm.clang.1_0.compiler (in target 'GoogleUtilities-Network' from project 'GoogleUtilities')
    cd /Users/buddhirajgautam/Documents/Cherrygram-Mac/macOS-Swift
    
    Using response file: /Users/buddhirajgautam/Library/Developer/Xcode/DerivedData/Telegram-Mac-fygdgghdgmuleoelvxabfmqiotta/Build/Intermediates.noindex/GoogleUtilities.build/Debug/GoogleUtilities-Network-t.build/Objects-normal/arm64/e6072d4f65d7061329687fe24e3d63a7-common-args.resp
    
    /Applications/Xcode.app/Contents/Developer/Toolchains/XcodeDefault.xctoolchain/usr/bin/clang -x objective-c -ivfsstatcache /Users/buddhirajgautam/Library/Developer/Xcode/DerivedData/SDKStatCaches.noindex/macosx27.0-26A425-e829b21a6f8c9b70876ba0858053c0447231f6df4def33e022ae2eb8f782df1a.sdkstatcache -target arm64-apple-macos12.0 -fmessage-length\=0 -fdiagnostics-show-note-include-stack -fmacro-backtrace-limit\=0 -fno-color-diagnostics -fmodules-prune-interval\=86400 -fmodules-prune-after\=345600 -fbuild-session-file\=/Users/buddhirajgautam/Library/Developer/Xcode/DerivedData/ModuleCache.noindex/Session.modulevalidation -fmodules-validate-once-per-build-session -Wnon-modular-include-in-framework-module -Werror\=non-modular-include-in-framework-module -Wno-trigraphs -Wno-missing-field-initializers -Wno-missing-prototypes -Wno-return-type -Wno-implicit-atomic-properties -Wno-objc-interface-ivars -Wno-arc-repeated-use-of-weak -Wno-missing-braces -Wparentheses -Wswitch -Wno-unused-function -Wno-unused-label -Wno-unused-parameter -Wno-unused-variable -Wunused-value -Wno-empty-body -Wno-uninitialized -Wno-unknown-pragmas -w -Wno-shadow -Wno-four-char-constants -Wno-conversion -Wno-constant-conversion -Wno-int-conversion -Wno-bool-conversion -Wno-enum-conversion -Wno-float-conversion -Wno-non-literal-null-conversion -Wno-objc-literal-conversion -Wshorten-64-to-32 -Wpointer-sign -Wno-newline-eof -Wno-selector -Wno-strict-selector-match -Wno-undeclared-selector -Wno-deprecated-implementations -Wno-implicit-fallthrough -isysroot /Applications/Xcode.app/Contents/Developer/Platforms/MacOSX.platform/Developer/SDKs/MacOSX27.0.sdk -fstrict-aliasing -Wprotocol -Wdeprecated-declarations -Wno-sign-conversion -Wno-infinite-recursion -Wno-comma -Wno-block-capture-autoreleasing -Wno-strict-prototypes -Wno-semicolon-before-method-body -index-store-path /Users/buddhirajgautam/Library/Developer/Xcode/DerivedData/Telegram-Mac-fygdgghdgmuleoelvxabfmqiotta/Index.noindex/DataStore @/Users/buddhirajgautam/Library/Developer/Xcode/DerivedData/Telegram-Mac-fygdgghdgmuleoelvxabfmqiotta/Build/Intermediates.noindex/GoogleUtilities.build/Debug/GoogleUtilities-Network-t.build/Objects-normal/arm64/e6072d4f65d7061329687fe24e3d63a7-common-args.resp -include /Users/buddhirajgautam/Library/Developer/Xcode/DerivedData/Telegram-Mac-fygdgghdgmuleoelvxabfmqiotta/Build/Intermediates.noindex/GoogleUtilities.build/Debug/GoogleUtilities-Network-t.build/DerivedSources/resource_bundle_accessor.h -MMD -MT dependencies -MF /Users/buddhirajgautam/Library/Developer/Xcode/DerivedData/Telegram-Mac-fygdgghdgmuleoelvxabfmqiotta/Build/Intermediates.noindex/GoogleUtilities.build/Debug/GoogleUtilities-Network-t.build/Objects-normal/arm64/resource_bundle_accessor.d --serialize-diagnostics /Users/buddhirajgautam/Library/Developer/Xcode/DerivedData/Telegram-Mac-fygdgghdgmuleoelvxabfmqiotta/Build/Intermediates.noindex/GoogleUtilities.build/Debug/GoogleUtilities-Network-t.build/Objects-normal/arm64/resource_bundle_accessor.dia -c /Users/buddhirajgautam/Library/Developer/Xcode/DerivedData/Telegram-Mac-fygdgghdgmuleoelvxabfmqiotta/Build/Intermediates.noindex/GoogleUtilities.build/Debug/GoogleUtilities-Network-t.build/DerivedSources/resource_bundle_accessor.m -o /Users/buddhirajgautam/Library/Developer/Xcode/DerivedData/Telegram-Mac-fygdgghdgmuleoelvxabfmqiotta/Build/Intermediates.noindex/GoogleUtilities.build/Debug/GoogleUtilities-Network-t.build/Objects-normal/arm64/resource_bundle_accessor.o -index-unit-output-path /GoogleUtilities.build/Debug/GoogleUtilities-Network-t.build/Objects-normal/arm64/resource_bundle_accessor.o

CompileC /Users/buddhirajgautam/Library/Developer/Xcode/DerivedData/Telegram-Mac-fygdgghdgmuleoelvxabfmqiotta/Build/Intermediates.noindex/GoogleUtilities.build/Debug/GoogleUtilities-Network-t.build/Objects-normal/arm64/GULMutableDictionary.o /Users/buddhirajgautam/Library/Developer/Xcode/DerivedData/Telegram-Mac-fygdgghdgmuleoelvxabfmqiotta/SourcePackages/checkouts/GoogleUtilities/GoogleUtilities/Network/GULMutableDictionary.m normal arm64 objective-c com.apple.compilers.llvm.clang.1_0.compiler (in target 'GoogleUtilities-Network' from project 'GoogleUtilities')
    cd /Users/buddhirajgautam/Documents/Cherrygram-Mac/macOS-Swift
    
    Using response file: /Users/buddhirajgautam/Library/Developer/Xcode/DerivedData/Telegram-Mac-fygdgghdgmuleoelvxabfmqiotta/Build/Intermediates.noindex/GoogleUtilities.build/Debug/GoogleUtilities-Network-t.build/Objects-normal/arm64/e6072d4f65d7061329687fe24e3d63a7-common-args.resp
    
    /Applications/Xcode.app/Contents/Developer/Toolchains/XcodeDefault.xctoolchain/usr/bin/clang -x objective-c -ivfsstatcache /Users/buddhirajgautam/Library/Developer/Xcode/DerivedData/SDKStatCaches.noindex/macosx27.0-26A425-e829b21a6f8c9b70876ba0858053c0447231f6df4def33e022ae2eb8f782df1a.sdkstatcache -target arm64-apple-macos12.0 -fmessage-length\=0 -fdiagnostics-show-note-include-stack -fmacro-backtrace-limit\=0 -fno-color-diagnostics -fmodules-prune-interval\=86400 -fmodules-prune-after\=345600 -fbuild-session-file\=/Users/buddhirajgautam/Library/Developer/Xcode/DerivedData/ModuleCache.noindex/Session.modulevalidation -fmodules-validate-once-per-build-session -Wnon-modular-include-in-framework-module -Werror\=non-modular-include-in-framework-module -Wno-trigraphs -Wno-missing-field-initializers -Wno-missing-prototypes -Wno-return-type -Wno-implicit-atomic-properties -Wno-objc-interface-ivars -Wno-arc-repeated-use-of-weak -Wno-missing-braces -Wparentheses -Wswitch -Wno-unused-function -Wno-unused-label -Wno-unused-parameter -Wno-unused-variable -Wunused-value -Wno-empty-body -Wno-uninitialized -Wno-unknown-pragmas -w -Wno-shadow -Wno-four-char-constants -Wno-conversion -Wno-constant-conversion -Wno-int-conversion -Wno-bool-conversion -Wno-enum-conversion -Wno-float-conversion -Wno-non-literal-null-conversion -Wno-objc-literal-conversion -Wshorten-64-to-32 -Wpointer-sign -Wno-newline-eof -Wno-selector -Wno-strict-selector-match -Wno-undeclared-selector -Wno-deprecated-implementations -Wno-implicit-fallthrough -isysroot /Applications/Xcode.app/Contents/Developer/Platforms/MacOSX.platform/Developer/SDKs/MacOSX27.0.sdk -fstrict-aliasing -Wprotocol -Wdeprecated-declarations -Wno-sign-conversion -Wno-infinite-recursion -Wno-comma -Wno-block-capture-autoreleasing -Wno-strict-prototypes -Wno-semicolon-before-method-body -index-store-path /Users/buddhirajgautam/Library/Developer/Xcode/DerivedData/Telegram-Mac-fygdgghdgmuleoelvxabfmqiotta/Index.noindex/DataStore @/Users/buddhirajgautam/Library/Developer/Xcode/DerivedData/Telegram-Mac-fygdgghdgmuleoelvxabfmqiotta/Build/Intermediates.noindex/GoogleUtilities.build/Debug/GoogleUtilities-Network-t.build/Objects-normal/arm64/e6072d4f65d7061329687fe24e3d63a7-common-args.resp -include /Users/buddhirajgautam/Library/Developer/Xcode/DerivedData/Telegram-Mac-fygdgghdgmuleoelvxabfmqiotta/Build/Intermediates.noindex/GoogleUtilities.build/Debug/GoogleUtilities-Network-t.build/DerivedSources/resource_bundle_accessor.h -MMD -MT dependencies -MF /Users/buddhirajgautam/Library/Developer/Xcode/DerivedData/Telegram-Mac-fygdgghdgmuleoelvxabfmqiotta/Build/Intermediates.noindex/GoogleUtilities.build/Debug/GoogleUtilities-Network-t.build/Objects-normal/arm64/GULMutableDictionary.d --serialize-diagnostics /Users/buddhirajgautam/Library/Developer/Xcode/DerivedData/Telegram-Mac-fygdgghdgmuleoelvxabfmqiotta/Build/Intermediates.noindex/GoogleUtilities.build/Debug/GoogleUtilities-Network-t.build/Objects-normal/arm64/GULMutableDictionary.dia -c /Users/buddhirajgautam/Library/Developer/Xcode/DerivedData/Telegram-Mac-fygdgghdgmuleoelvxabfmqiotta/SourcePackages/checkouts/GoogleUtilities/GoogleUtilities/Network/GULMutableDictionary.m -o /Users/buddhirajgautam/Library/Developer/Xcode/DerivedData/Telegram-Mac-fygdgghdgmuleoelvxabfmqiotta/Build/Intermediates.noindex/GoogleUtilities.build/Debug/GoogleUtilities-Network-t.build/Objects-normal/arm64/GULMutableDictionary.o -index-unit-output-path /GoogleUtilities.build/Debug/GoogleUtilities-Network-t.build/Objects-normal/arm64/GULMutableDictionary.o

CompileC /Users/buddhirajgautam/Library/Developer/Xcode/DerivedData/Telegram-Mac-fygdgghdgmuleoelvxabfmqiotta/Build/Intermediates.noindex/GoogleUtilities.build/Debug/GoogleUtilities-NSData-t.build/Objects-normal/arm64/resource_bundle_accessor.o /Users/buddhirajgautam/Library/Developer/Xcode/DerivedData/Telegram-Mac-fygdgghdgmuleoelvxabfmqiotta/Build/Intermediates.noindex/GoogleUtilities.build/Debug/GoogleUtilities-NSData-t.build/DerivedSources/resource_bundle_accessor.m normal arm64 objective-c com.apple.compilers.llvm.clang.1_0.compiler (in target 'GoogleUtilities-NSData' from project 'GoogleUtilities')
    cd /Users/buddhirajgautam/Documents/Cherrygram-Mac/macOS-Swift
    
    Using response file: /Users/buddhirajgautam/Library/Developer/Xcode/DerivedData/Telegram-Mac-fygdgghdgmuleoelvxabfmqiotta/Build/Intermediates.noindex/GoogleUtilities.build/Debug/GoogleUtilities-NSData-t.build/Objects-normal/arm64/e6072d4f65d7061329687fe24e3d63a7-common-args.resp
    
    /Applications/Xcode.app/Contents/Developer/Toolchains/XcodeDefault.xctoolchain/usr/bin/clang -x objective-c -ivfsstatcache /Users/buddhirajgautam/Library/Developer/Xcode/DerivedData/SDKStatCaches.noindex/macosx27.0-26A425-e829b21a6f8c9b70876ba0858053c0447231f6df4def33e022ae2eb8f782df1a.sdkstatcache -target arm64-apple-macos12.0 -fmessage-length\=0 -fdiagnostics-show-note-include-stack -fmacro-backtrace-limit\=0 -fno-color-diagnostics -fmodules-prune-interval\=86400 -fmodules-prune-after\=345600 -fbuild-session-file\=/Users/buddhirajgautam/Library/Developer/Xcode/DerivedData/ModuleCache.noindex/Session.modulevalidation -fmodules-validate-once-per-build-session -Wnon-modular-include-in-framework-module -Werror\=non-modular-include-in-framework-module -Wno-trigraphs -Wno-missing-field-initializers -Wno-missing-prototypes -Wno-return-type -Wno-implicit-atomic-properties -Wno-objc-interface-ivars -Wno-arc-repeated-use-of-weak -Wno-missing-braces -Wparentheses -Wswitch -Wno-unused-function -Wno-unused-label -Wno-unused-parameter -Wno-unused-variable -Wunused-value -Wno-empty-body -Wno-uninitialized -Wno-unknown-pragmas -w -Wno-shadow -Wno-four-char-constants -Wno-conversion -Wno-constant-conversion -Wno-int-conversion -Wno-bool-conversion -Wno-enum-conversion -Wno-float-conversion -Wno-non-literal-null-conversion -Wno-objc-literal-conversion -Wshorten-64-to-32 -Wpointer-sign -Wno-newline-eof -Wno-selector -Wno-strict-selector-match -Wno-undeclared-selector -Wno-deprecated-implementations -Wno-implicit-fallthrough -isysroot /Applications/Xcode.app/Contents/Developer/Platforms/MacOSX.platform/Developer/SDKs/MacOSX27.0.sdk -fstrict-aliasing -Wprotocol -Wdeprecated-declarations -Wno-sign-conversion -Wno-infinite-recursion -Wno-comma -Wno-block-capture-autoreleasing -Wno-strict-prototypes -Wno-semicolon-before-method-body -index-store-path /Users/buddhirajgautam/Library/Developer/Xcode/DerivedData/Telegram-Mac-fygdgghdgmuleoelvxabfmqiotta/Index.noindex/DataStore @/Users/buddhirajgautam/Library/Developer/Xcode/DerivedData/Telegram-Mac-fygdgghdgmuleoelvxabfmqiotta/Build/Intermediates.noindex/GoogleUtilities.build/Debug/GoogleUtilities-NSData-t.build/Objects-normal/arm64/e6072d4f65d7061329687fe24e3d63a7-common-args.resp -include /Users/buddhirajgautam/Library/Developer/Xcode/DerivedData/Telegram-Mac-fygdgghdgmuleoelvxabfmqiotta/Build/Intermediates.noindex/GoogleUtilities.build/Debug/GoogleUtilities-NSData-t.build/DerivedSources/resource_bundle_accessor.h -MMD -MT dependencies -MF /Users/buddhirajgautam/Library/Developer/Xcode/DerivedData/Telegram-Mac-fygdgghdgmuleoelvxabfmqiotta/Build/Intermediates.noindex/GoogleUtilities.build/Debug/GoogleUtilities-NSData-t.build/Objects-normal/arm64/resource_bundle_accessor.d --serialize-diagnostics /Users/buddhirajgautam/Library/Developer/Xcode/DerivedData/Telegram-Mac-fygdgghdgmuleoelvxabfmqiotta/Build/Intermediates.noindex/GoogleUtilities.build/Debug/GoogleUtilities-NSData-t.build/Objects-normal/arm64/resource_bundle_accessor.dia -c /Users/buddhirajgautam/Library/Developer/Xcode/DerivedData/Telegram-Mac-fygdgghdgmuleoelvxabfmqiotta/Build/Intermediates.noindex/GoogleUtilities.build/Debug/GoogleUtilities-NSData-t.build/DerivedSources/resource_bundle_accessor.m -o /Users/buddhirajgautam/Library/Developer/Xcode/DerivedData/Telegram-Mac-fygdgghdgmuleoelvxabfmqiotta/Build/Intermediates.noindex/GoogleUtilities.build/Debug/GoogleUtilities-NSData-t.build/Objects-normal/arm64/resource_bundle_accessor.o -index-unit-output-path /GoogleUtilities.build/Debug/GoogleUtilities-NSData-t.build/Objects-normal/arm64/resource_bundle_accessor.o

CompileC /Users/buddhirajgautam/Library/Developer/Xcode/DerivedData/Telegram-Mac-fygdgghdgmuleoelvxabfmqiotta/Build/Intermediates.noindex/GoogleUtilities.build/Debug/GoogleUtilities-NSData-t.build/Objects-normal/arm64/GULNSData+zlib.o /Users/buddhirajgautam/Library/Developer/Xcode/DerivedData/Telegram-Mac-fygdgghdgmuleoelvxabfmqiotta/SourcePackages/checkouts/GoogleUtilities/GoogleUtilities/NSData+zlib/GULNSData+zlib.m normal arm64 objective-c com.apple.compilers.llvm.clang.1_0.compiler (in target 'GoogleUtilities-NSData' from project 'GoogleUtilities')
    cd /Users/buddhirajgautam/Documents/Cherrygram-Mac/macOS-Swift
    
    Using response file: /Users/buddhirajgautam/Library/Developer/Xcode/DerivedData/Telegram-Mac-fygdgghdgmuleoelvxabfmqiotta/Build/Intermediates.noindex/GoogleUtilities.build/Debug/GoogleUtilities-NSData-t.build/Objects-normal/arm64/e6072d4f65d7061329687fe24e3d63a7-common-args.resp
    
    /Applications/Xcode.app/Contents/Developer/Toolchains/XcodeDefault.xctoolchain/usr/bin/clang -x objective-c -ivfsstatcache /Users/buddhirajgautam/Library/Developer/Xcode/DerivedData/SDKStatCaches.noindex/macosx27.0-26A425-e829b21a6f8c9b70876ba0858053c0447231f6df4def33e022ae2eb8f782df1a.sdkstatcache -target arm64-apple-macos12.0 -fmessage-length\=0 -fdiagnostics-show-note-include-stack -fmacro-backtrace-limit\=0 -fno-color-diagnostics -fmodules-prune-interval\=86400 -fmodules-prune-after\=345600 -fbuild-session-file\=/Users/buddhirajgautam/Library/Developer/Xcode/DerivedData/ModuleCache.noindex/Session.modulevalidation -fmodules-validate-once-per-build-session -Wnon-modular-include-in-framework-module -Werror\=non-modular-include-in-framework-module -Wno-trigraphs -Wno-missing-field-initializers -Wno-missing-prototypes -Wno-return-type -Wno-implicit-atomic-properties -Wno-objc-interface-ivars -Wno-arc-repeated-use-of-weak -Wno-missing-braces -Wparentheses -Wswitch -Wno-unused-function -Wno-unused-label -Wno-unused-parameter -Wno-unused-variable -Wunused-value -Wno-empty-body -Wno-uninitialized -Wno-unknown-pragmas -w -Wno-shadow -Wno-four-char-constants -Wno-conversion -Wno-constant-conversion -Wno-int-conversion -Wno-bool-conversion -Wno-enum-conversion -Wno-float-conversion -Wno-non-literal-null-conversion -Wno-objc-literal-conversion -Wshorten-64-to-32 -Wpointer-sign -Wno-newline-eof -Wno-selector -Wno-strict-selector-match -Wno-undeclared-selector -Wno-deprecated-implementations -Wno-implicit-fallthrough -isysroot /Applications/Xcode.app/Contents/Developer/Platforms/MacOSX.platform/Developer/SDKs/MacOSX27.0.sdk -fstrict-aliasing -Wprotocol -Wdeprecated-declarations -Wno-sign-conversion -Wno-infinite-recursion -Wno-comma -Wno-block-capture-autoreleasing -Wno-strict-prototypes -Wno-semicolon-before-method-body -index-store-path /Users/buddhirajgautam/Library/Developer/Xcode/DerivedData/Telegram-Mac-fygdgghdgmuleoelvxabfmqiotta/Index.noindex/DataStore @/Users/buddhirajgautam/Library/Developer/Xcode/DerivedData/Telegram-Mac-fygdgghdgmuleoelvxabfmqiotta/Build/Intermediates.noindex/GoogleUtilities.build/Debug/GoogleUtilities-NSData-t.build/Objects-normal/arm64/e6072d4f65d7061329687fe24e3d63a7-common-args.resp -include /Users/buddhirajgautam/Library/Developer/Xcode/DerivedData/Telegram-Mac-fygdgghdgmuleoelvxabfmqiotta/Build/Intermediates.noindex/GoogleUtilities.build/Debug/GoogleUtilities-NSData-t.build/DerivedSources/resource_bundle_accessor.h -MMD -MT dependencies -MF /Users/buddhirajgautam/Library/Developer/Xcode/DerivedData/Telegram-Mac-fygdgghdgmuleoelvxabfmqiotta/Build/Intermediates.noindex/GoogleUtilities.build/Debug/GoogleUtilities-NSData-t.build/Objects-normal/arm64/GULNSData+zlib.d --serialize-diagnostics /Users/buddhirajgautam/Library/Developer/Xcode/DerivedData/Telegram-Mac-fygdgghdgmuleoelvxabfmqiotta/Build/Intermediates.noindex/GoogleUtilities.build/Debug/GoogleUtilities-NSData-t.build/Objects-normal/arm64/GULNSData+zlib.dia -c /Users/buddhirajgautam/Library/Developer/Xcode/DerivedData/Telegram-Mac-fygdgghdgmuleoelvxabfmqiotta/SourcePackages/checkouts/GoogleUtilities/GoogleUtilities/NSData+zlib/GULNSData+zlib.m -o /Users/buddhirajgautam/Library/Developer/Xcode/DerivedData/Telegram-Mac-fygdgghdgmuleoelvxabfmqiotta/Build/Intermediates.noindex/GoogleUtilities.build/Debug/GoogleUtilities-NSData-t.build/Objects-normal/arm64/GULNSData+zlib.o -index-unit-output-path /GoogleUtilities.build/Debug/GoogleUtilities-NSData-t.build/Objects-normal/arm64/GULNSData+zlib.o

CompileC /Users/buddhirajgautam/Library/Developer/Xcode/DerivedData/Telegram-Mac-fygdgghdgmuleoelvxabfmqiotta/Build/Intermediates.noindex/GoogleUtilities.build/Debug/GoogleUtilities-MethodSwizzler-t.build/Objects-normal/arm64/resource_bundle_accessor.o /Users/buddhirajgautam/Library/Developer/Xcode/DerivedData/Telegram-Mac-fygdgghdgmuleoelvxabfmqiotta/Build/Intermediates.noindex/GoogleUtilities.build/Debug/GoogleUtilities-MethodSwizzler-t.build/DerivedSources/resource_bundle_accessor.m normal arm64 objective-c com.apple.compilers.llvm.clang.1_0.compiler (in target 'GoogleUtilities-MethodSwizzler' from project 'GoogleUtilities')
    cd /Users/buddhirajgautam/Documents/Cherrygram-Mac/macOS-Swift
    
    Using response file: /Users/buddhirajgautam/Library/Developer/Xcode/DerivedData/Telegram-Mac-fygdgghdgmuleoelvxabfmqiotta/Build/Intermediates.noindex/GoogleUtilities.build/Debug/GoogleUtilities-MethodSwizzler-t.build/Objects-normal/arm64/e6072d4f65d7061329687fe24e3d63a7-common-args.resp
    
    /Applications/Xcode.app/Contents/Developer/Toolchains/XcodeDefault.xctoolchain/usr/bin/clang -x objective-c -ivfsstatcache /Users/buddhirajgautam/Library/Developer/Xcode/DerivedData/SDKStatCaches.noindex/macosx27.0-26A425-e829b21a6f8c9b70876ba0858053c0447231f6df4def33e022ae2eb8f782df1a.sdkstatcache -target arm64-apple-macos12.0 -fmessage-length\=0 -fdiagnostics-show-note-include-stack -fmacro-backtrace-limit\=0 -fno-color-diagnostics -fmodules-prune-interval\=86400 -fmodules-prune-after\=345600 -fbuild-session-file\=/Users/buddhirajgautam/Library/Developer/Xcode/DerivedData/ModuleCache.noindex/Session.modulevalidation -fmodules-validate-once-per-build-session -Wnon-modular-include-in-framework-module -Werror\=non-modular-include-in-framework-module -Wno-trigraphs -Wno-missing-field-initializers -Wno-missing-prototypes -Wno-return-type -Wno-implicit-atomic-properties -Wno-objc-interface-ivars -Wno-arc-repeated-use-of-weak -Wno-missing-braces -Wparentheses -Wswitch -Wno-unused-function -Wno-unused-label -Wno-unused-parameter -Wno-unused-variable -Wunused-value -Wno-empty-body -Wno-uninitialized -Wno-unknown-pragmas -w -Wno-shadow -Wno-four-char-constants -Wno-conversion -Wno-constant-conversion -Wno-int-conversion -Wno-bool-conversion -Wno-enum-conversion -Wno-float-conversion -Wno-non-literal-null-conversion -Wno-objc-literal-conversion -Wshorten-64-to-32 -Wpointer-sign -Wno-newline-eof -Wno-selector -Wno-strict-selector-match -Wno-undeclared-selector -Wno-deprecated-implementations -Wno-implicit-fallthrough -isysroot /Applications/Xcode.app/Contents/Developer/Platforms/MacOSX.platform/Developer/SDKs/MacOSX27.0.sdk -fstrict-aliasing -Wprotocol -Wdeprecated-declarations -Wno-sign-conversion -Wno-infinite-recursion -Wno-comma -Wno-block-capture-autoreleasing -Wno-strict-prototypes -Wno-semicolon-before-method-body -index-store-path /Users/buddhirajgautam/Library/Developer/Xcode/DerivedData/Telegram-Mac-fygdgghdgmuleoelvxabfmqiotta/Index.noindex/DataStore @/Users/buddhirajgautam/Library/Developer/Xcode/DerivedData/Telegram-Mac-fygdgghdgmuleoelvxabfmqiotta/Build/Intermediates.noindex/GoogleUtilities.build/Debug/GoogleUtilities-MethodSwizzler-t.build/Objects-normal/arm64/e6072d4f65d7061329687fe24e3d63a7-common-args.resp -include /Users/buddhirajgautam/Library/Developer/Xcode/DerivedData/Telegram-Mac-fygdgghdgmuleoelvxabfmqiotta/Build/Intermediates.noindex/GoogleUtilities.build/Debug/GoogleUtilities-MethodSwizzler-t.build/DerivedSources/resource_bundle_accessor.h -MMD -MT dependencies -MF /Users/buddhirajgautam/Library/Developer/Xcode/DerivedData/Telegram-Mac-fygdgghdgmuleoelvxabfmqiotta/Build/Intermediates.noindex/GoogleUtilities.build/Debug/GoogleUtilities-MethodSwizzler-t.build/Objects-normal/arm64/resource_bundle_accessor.d --serialize-diagnostics /Users/buddhirajgautam/Library/Developer/Xcode/DerivedData/Telegram-Mac-fygdgghdgmuleoelvxabfmqiotta/Build/Intermediates.noindex/GoogleUtilities.build/Debug/GoogleUtilities-MethodSwizzler-t.build/Objects-normal/arm64/resource_bundle_accessor.dia -c /Users/buddhirajgautam/Library/Developer/Xcode/DerivedData/Telegram-Mac-fygdgghdgmuleoelvxabfmqiotta/Build/Intermediates.noindex/GoogleUtilities.build/Debug/GoogleUtilities-MethodSwizzler-t.build/DerivedSources/resource_bundle_accessor.m -o /Users/buddhirajgautam/Library/Developer/Xcode/DerivedData/Telegram-Mac-fygdgghdgmuleoelvxabfmqiotta/Build/Intermediates.noindex/GoogleUtilities.build/Debug/GoogleUtilities-MethodSwizzler-t.build/Objects-normal/arm64/resource_bundle_accessor.o -index-unit-output-path /GoogleUtilities.build/Debug/GoogleUtilities-MethodSwizzler-t.build/Objects-normal/arm64/resource_bundle_accessor.o

CompileC /Users/buddhirajgautam/Library/Developer/Xcode/DerivedData/Telegram-Mac-fygdgghdgmuleoelvxabfmqiotta/Build/Intermediates.noindex/GoogleUtilities.build/Debug/GoogleUtilities-Logger-t.build/Objects-normal/arm64/resource_bundle_accessor.o /Users/buddhirajgautam/Library/Developer/Xcode/DerivedData/Telegram-Mac-fygdgghdgmuleoelvxabfmqiotta/Build/Intermediates.noindex/GoogleUtilities.build/Debug/GoogleUtilities-Logger-t.build/DerivedSources/resource_bundle_accessor.m normal arm64 objective-c com.apple.compilers.llvm.clang.1_0.compiler (in target 'GoogleUtilities-Logger' from project 'GoogleUtilities')
    cd /Users/buddhirajgautam/Documents/Cherrygram-Mac/macOS-Swift
    
    Using response file: /Users/buddhirajgautam/Library/Developer/Xcode/DerivedData/Telegram-Mac-fygdgghdgmuleoelvxabfmqiotta/Build/Intermediates.noindex/GoogleUtilities.build/Debug/GoogleUtilities-Logger-t.build/Objects-normal/arm64/e6072d4f65d7061329687fe24e3d63a7-common-args.resp
    
    /Applications/Xcode.app/Contents/Developer/Toolchains/XcodeDefault.xctoolchain/usr/bin/clang -x objective-c -ivfsstatcache /Users/buddhirajgautam/Library/Developer/Xcode/DerivedData/SDKStatCaches.noindex/macosx27.0-26A425-e829b21a6f8c9b70876ba0858053c0447231f6df4def33e022ae2eb8f782df1a.sdkstatcache -target arm64-apple-macos12.0 -fmessage-length\=0 -fdiagnostics-show-note-include-stack -fmacro-backtrace-limit\=0 -fno-color-diagnostics -fmodules-prune-interval\=86400 -fmodules-prune-after\=345600 -fbuild-session-file\=/Users/buddhirajgautam/Library/Developer/Xcode/DerivedData/ModuleCache.noindex/Session.modulevalidation -fmodules-validate-once-per-build-session -Wnon-modular-include-in-framework-module -Werror\=non-modular-include-in-framework-module -Wno-trigraphs -Wno-missing-field-initializers -Wno-missing-prototypes -Wno-return-type -Wno-implicit-atomic-properties -Wno-objc-interface-ivars -Wno-arc-repeated-use-of-weak -Wno-missing-braces -Wparentheses -Wswitch -Wno-unused-function -Wno-unused-label -Wno-unused-parameter -Wno-unused-variable -Wunused-value -Wno-empty-body -Wno-uninitialized -Wno-unknown-pragmas -w -Wno-shadow -Wno-four-char-constants -Wno-conversion -Wno-constant-conversion -Wno-int-conversion -Wno-bool-conversion -Wno-enum-conversion -Wno-float-conversion -Wno-non-literal-null-conversion -Wno-objc-literal-conversion -Wshorten-64-to-32 -Wpointer-sign -Wno-newline-eof -Wno-selector -Wno-strict-selector-match -Wno-undeclared-selector -Wno-deprecated-implementations -Wno-implicit-fallthrough -isysroot /Applications/Xcode.app/Contents/Developer/Platforms/MacOSX.platform/Developer/SDKs/MacOSX27.0.sdk -fstrict-aliasing -Wprotocol -Wdeprecated-declarations -Wno-sign-conversion -Wno-infinite-recursion -Wno-comma -Wno-block-capture-autoreleasing -Wno-strict-prototypes -Wno-semicolon-before-method-body -index-store-path /Users/buddhirajgautam/Library/Developer/Xcode/DerivedData/Telegram-Mac-fygdgghdgmuleoelvxabfmqiotta/Index.noindex/DataStore @/Users/buddhirajgautam/Library/Developer/Xcode/DerivedData/Telegram-Mac-fygdgghdgmuleoelvxabfmqiotta/Build/Intermediates.noindex/GoogleUtilities.build/Debug/GoogleUtilities-Logger-t.build/Objects-normal/arm64/e6072d4f65d7061329687fe24e3d63a7-common-args.resp -include /Users/buddhirajgautam/Library/Developer/Xcode/DerivedData/Telegram-Mac-fygdgghdgmuleoelvxabfmqiotta/Build/Intermediates.noindex/GoogleUtilities.build/Debug/GoogleUtilities-Logger-t.build/DerivedSources/resource_bundle_accessor.h -MMD -MT dependencies -MF /Users/buddhirajgautam/Library/Developer/Xcode/DerivedData/Telegram-Mac-fygdgghdgmuleoelvxabfmqiotta/Build/Intermediates.noindex/GoogleUtilities.build/Debug/GoogleUtilities-Logger-t.build/Objects-normal/arm64/resource_bundle_accessor.d --serialize-diagnostics /Users/buddhirajgautam/Library/Developer/Xcode/DerivedData/Telegram-Mac-fygdgghdgmuleoelvxabfmqiotta/Build/Intermediates.noindex/GoogleUtilities.build/Debug/GoogleUtilities-Logger-t.build/Objects-normal/arm64/resource_bundle_accessor.dia -c /Users/buddhirajgautam/Library/Developer/Xcode/DerivedData/Telegram-Mac-fygdgghdgmuleoelvxabfmqiotta/Build/Intermediates.noindex/GoogleUtilities.build/Debug/GoogleUtilities-Logger-t.build/DerivedSources/resource_bundle_accessor.m -o /Users/buddhirajgautam/Library/Developer/Xcode/DerivedData/Telegram-Mac-fygdgghdgmuleoelvxabfmqiotta/Build/Intermediates.noindex/GoogleUtilities.build/Debug/GoogleUtilities-Logger-t.build/Objects-normal/arm64/resource_bundle_accessor.o -index-unit-output-path /GoogleUtilities.build/Debug/GoogleUtilities-Logger-t.build/Objects-normal/arm64/resource_bundle_accessor.o

CompileC /Users/buddhirajgautam/Library/Developer/Xcode/DerivedData/Telegram-Mac-fygdgghdgmuleoelvxabfmqiotta/Build/Intermediates.noindex/GoogleUtilities.build/Debug/GoogleUtilities-Environment-t.build/Objects-normal/arm64/resource_bundle_accessor.o /Users/buddhirajgautam/Library/Developer/Xcode/DerivedData/Telegram-Mac-fygdgghdgmuleoelvxabfmqiotta/Build/Intermediates.noindex/GoogleUtilities.build/Debug/GoogleUtilities-Environment-t.build/DerivedSources/resource_bundle_accessor.m normal arm64 objective-c com.apple.compilers.llvm.clang.1_0.compiler (in target 'GoogleUtilities-Environment' from project 'GoogleUtilities')
    cd /Users/buddhirajgautam/Documents/Cherrygram-Mac/macOS-Swift
    
    Using response file: /Users/buddhirajgautam/Library/Developer/Xcode/DerivedData/Telegram-Mac-fygdgghdgmuleoelvxabfmqiotta/Build/Intermediates.noindex/GoogleUtilities.build/Debug/GoogleUtilities-Environment-t.build/Objects-normal/arm64/e6072d4f65d7061329687fe24e3d63a7-common-args.resp
    
    /Applications/Xcode.app/Contents/Developer/Toolchains/XcodeDefault.xctoolchain/usr/bin/clang -x objective-c -ivfsstatcache /Users/buddhirajgautam/Library/Developer/Xcode/DerivedData/SDKStatCaches.noindex/macosx27.0-26A425-e829b21a6f8c9b70876ba0858053c0447231f6df4def33e022ae2eb8f782df1a.sdkstatcache -target arm64-apple-macos12.0 -fmessage-length\=0 -fdiagnostics-show-note-include-stack -fmacro-backtrace-limit\=0 -fno-color-diagnostics -fmodules-prune-interval\=86400 -fmodules-prune-after\=345600 -fbuild-session-file\=/Users/buddhirajgautam/Library/Developer/Xcode/DerivedData/ModuleCache.noindex/Session.modulevalidation -fmodules-validate-once-per-build-session -Wnon-modular-include-in-framework-module -Werror\=non-modular-include-in-framework-module -Wno-trigraphs -Wno-missing-field-initializers -Wno-missing-prototypes -Wno-return-type -Wno-implicit-atomic-properties -Wno-objc-interface-ivars -Wno-arc-repeated-use-of-weak -Wno-missing-braces -Wparentheses -Wswitch -Wno-unused-function -Wno-unused-label -Wno-unused-parameter -Wno-unused-variable -Wunused-value -Wno-empty-body -Wno-uninitialized -Wno-unknown-pragmas -w -Wno-shadow -Wno-four-char-constants -Wno-conversion -Wno-constant-conversion -Wno-int-conversion -Wno-bool-conversion -Wno-enum-conversion -Wno-float-conversion -Wno-non-literal-null-conversion -Wno-objc-literal-conversion -Wshorten-64-to-32 -Wpointer-sign -Wno-newline-eof -Wno-selector -Wno-strict-selector-match -Wno-undeclared-selector -Wno-deprecated-implementations -Wno-implicit-fallthrough -isysroot /Applications/Xcode.app/Contents/Developer/Platforms/MacOSX.platform/Developer/SDKs/MacOSX27.0.sdk -fstrict-aliasing -Wprotocol -Wdeprecated-declarations -Wno-sign-conversion -Wno-infinite-recursion -Wno-comma -Wno-block-capture-autoreleasing -Wno-strict-prototypes -Wno-semicolon-before-method-body -index-store-path /Users/buddhirajgautam/Library/Developer/Xcode/DerivedData/Telegram-Mac-fygdgghdgmuleoelvxabfmqiotta/Index.noindex/DataStore @/Users/buddhirajgautam/Library/Developer/Xcode/DerivedData/Telegram-Mac-fygdgghdgmuleoelvxabfmqiotta/Build/Intermediates.noindex/GoogleUtilities.build/Debug/GoogleUtilities-Environment-t.build/Objects-normal/arm64/e6072d4f65d7061329687fe24e3d63a7-common-args.resp -include /Users/buddhirajgautam/Library/Developer/Xcode/DerivedData/Telegram-Mac-fygdgghdgmuleoelvxabfmqiotta/Build/Intermediates.noindex/GoogleUtilities.build/Debug/GoogleUtilities-Environment-t.build/DerivedSources/resource_bundle_accessor.h -MMD -MT dependencies -MF /Users/buddhirajgautam/Library/Developer/Xcode/DerivedData/Telegram-Mac-fygdgghdgmuleoelvxabfmqiotta/Build/Intermediates.noindex/GoogleUtilities.build/Debug/GoogleUtilities-Environment-t.build/Objects-normal/arm64/resource_bundle_accessor.d --serialize-diagnostics /Users/buddhirajgautam/Library/Developer/Xcode/DerivedData/Telegram-Mac-fygdgghdgmuleoelvxabfmqiotta/Build/Intermediates.noindex/GoogleUtilities.build/Debug/GoogleUtilities-Environment-t.build/Objects-normal/arm64/resource_bundle_accessor.dia -c /Users/buddhirajgautam/Library/Developer/Xcode/DerivedData/Telegram-Mac-fygdgghdgmuleoelvxabfmqiotta/Build/Intermediates.noindex/GoogleUtilities.build/Debug/GoogleUtilities-Environment-t.build/DerivedSources/resource_bundle_accessor.m -o /Users/buddhirajgautam/Library/Developer/Xcode/DerivedData/Telegram-Mac-fygdgghdgmuleoelvxabfmqiotta/Build/Intermediates.noindex/GoogleUtilities.build/Debug/GoogleUtilities-Environment-t.build/Objects-normal/arm64/resource_bundle_accessor.o -index-unit-output-path /GoogleUtilities.build/Debug/GoogleUtilities-Environment-t.build/Objects-normal/arm64/resource_bundle_accessor.o

CompileC /Users/buddhirajgautam/Library/Developer/Xcode/DerivedData/Telegram-Mac-fygdgghdgmuleoelvxabfmqiotta/Build/Intermediates.noindex/GoogleUtilities.build/Debug/GoogleUtilities-Environment-t.build/Objects-normal/arm64/GULURLSessionDataResponse.o /Users/buddhirajgautam/Library/Developer/Xcode/DerivedData/Telegram-Mac-fygdgghdgmuleoelvxabfmqiotta/SourcePackages/checkouts/GoogleUtilities/GoogleUtilities/Environment/URLSessionPromiseWrapper/GULURLSessionDataResponse.m normal arm64 objective-c com.apple.compilers.llvm.clang.1_0.compiler (in target 'GoogleUtilities-Environment' from project 'GoogleUtilities')
    cd /Users/buddhirajgautam/Documents/Cherrygram-Mac/macOS-Swift
    
    Using response file: /Users/buddhirajgautam/Library/Developer/Xcode/DerivedData/Telegram-Mac-fygdgghdgmuleoelvxabfmqiotta/Build/Intermediates.noindex/GoogleUtilities.build/Debug/GoogleUtilities-Environment-t.build/Objects-normal/arm64/e6072d4f65d7061329687fe24e3d63a7-common-args.resp
    
    /Applications/Xcode.app/Contents/Developer/Toolchains/XcodeDefault.xctoolchain/usr/bin/clang -x objective-c -ivfsstatcache /Users/buddhirajgautam/Library/Developer/Xcode/DerivedData/SDKStatCaches.noindex/macosx27.0-26A425-e829b21a6f8c9b70876ba0858053c0447231f6df4def33e022ae2eb8f782df1a.sdkstatcache -target arm64-apple-macos12.0 -fmessage-length\=0 -fdiagnostics-show-note-include-stack -fmacro-backtrace-limit\=0 -fno-color-diagnostics -fmodules-prune-interval\=86400 -fmodules-prune-after\=345600 -fbuild-session-file\=/Users/buddhirajgautam/Library/Developer/Xcode/DerivedData/ModuleCache.noindex/Session.modulevalidation -fmodules-validate-once-per-build-session -Wnon-modular-include-in-framework-module -Werror\=non-modular-include-in-framework-module -Wno-trigraphs -Wno-missing-field-initializers -Wno-missing-prototypes -Wno-return-type -Wno-implicit-atomic-properties -Wno-objc-interface-ivars -Wno-arc-repeated-use-of-weak -Wno-missing-braces -Wparentheses -Wswitch -Wno-unused-function -Wno-unused-label -Wno-unused-parameter -Wno-unused-variable -Wunused-value -Wno-empty-body -Wno-uninitialized -Wno-unknown-pragmas -w -Wno-shadow -Wno-four-char-constants -Wno-conversion -Wno-constant-conversion -Wno-int-conversion -Wno-bool-conversion -Wno-enum-conversion -Wno-float-conversion -Wno-non-literal-null-conversion -Wno-objc-literal-conversion -Wshorten-64-to-32 -Wpointer-sign -Wno-newline-eof -Wno-selector -Wno-strict-selector-match -Wno-undeclared-selector -Wno-deprecated-implementations -Wno-implicit-fallthrough -isysroot /Applications/Xcode.app/Contents/Developer/Platforms/MacOSX.platform/Developer/SDKs/MacOSX27.0.sdk -fstrict-aliasing -Wprotocol -Wdeprecated-declarations -Wno-sign-conversion -Wno-infinite-recursion -Wno-comma -Wno-block-capture-autoreleasing -Wno-strict-prototypes -Wno-semicolon-before-method-body -index-store-path /Users/buddhirajgautam/Library/Developer/Xcode/DerivedData/Telegram-Mac-fygdgghdgmuleoelvxabfmqiotta/Index.noindex/DataStore @/Users/buddhirajgautam/Library/Developer/Xcode/DerivedData/Telegram-Mac-fygdgghdgmuleoelvxabfmqiotta/Build/Intermediates.noindex/GoogleUtilities.build/Debug/GoogleUtilities-Environment-t.build/Objects-normal/arm64/e6072d4f65d7061329687fe24e3d63a7-common-args.resp -include /Users/buddhirajgautam/Library/Developer/Xcode/DerivedData/Telegram-Mac-fygdgghdgmuleoelvxabfmqiotta/Build/Intermediates.noindex/GoogleUtilities.build/Debug/GoogleUtilities-Environment-t.build/DerivedSources/resource_bundle_accessor.h -MMD -MT dependencies -MF /Users/buddhirajgautam/Library/Developer/Xcode/DerivedData/Telegram-Mac-fygdgghdgmuleoelvxabfmqiotta/Build/Intermediates.noindex/GoogleUtilities.build/Debug/GoogleUtilities-Environment-t.build/Objects-normal/arm64/GULURLSessionDataResponse.d --serialize-diagnostics /Users/buddhirajgautam/Library/Developer/Xcode/DerivedData/Telegram-Mac-fygdgghdgmuleoelvxabfmqiotta/Build/Intermediates.noindex/GoogleUtilities.build/Debug/GoogleUtilities-Environment-t.build/Objects-normal/arm64/GULURLSessionDataResponse.dia -c /Users/buddhirajgautam/Library/Developer/Xcode/DerivedData/Telegram-Mac-fygdgghdgmuleoelvxabfmqiotta/SourcePackages/checkouts/GoogleUtilities/GoogleUtilities/Environment/URLSessionPromiseWrapper/GULURLSessionDataResponse.m -o /Users/buddhirajgautam/Library/Developer/Xcode/DerivedData/Telegram-Mac-fygdgghdgmuleoelvxabfmqiotta/Build/Intermediates.noindex/GoogleUtilities.build/Debug/GoogleUtilities-Environment-t.build/Objects-normal/arm64/GULURLSessionDataResponse.o -index-unit-output-path /GoogleUtilities.build/Debug/GoogleUtilities-Environment-t.build/Objects-normal/arm64/GULURLSessionDataResponse.o

CompileC /Users/buddhirajgautam/Library/Developer/Xcode/DerivedData/Telegram-Mac-fygdgghdgmuleoelvxabfmqiotta/Build/Intermediates.noindex/GoogleUtilities.build/Debug/GoogleUtilities-Environment-t.build/Objects-normal/arm64/GULSecureCoding.o /Users/buddhirajgautam/Library/Developer/Xcode/DerivedData/Telegram-Mac-fygdgghdgmuleoelvxabfmqiotta/SourcePackages/checkouts/GoogleUtilities/GoogleUtilities/Environment/GULSecureCoding.m normal arm64 objective-c com.apple.compilers.llvm.clang.1_0.compiler (in target 'GoogleUtilities-Environment' from project 'GoogleUtilities')
    cd /Users/buddhirajgautam/Documents/Cherrygram-Mac/macOS-Swift
    
    Using response file: /Users/buddhirajgautam/Library/Developer/Xcode/DerivedData/Telegram-Mac-fygdgghdgmuleoelvxabfmqiotta/Build/Intermediates.noindex/GoogleUtilities.build/Debug/GoogleUtilities-Environment-t.build/Objects-normal/arm64/e6072d4f65d7061329687fe24e3d63a7-common-args.resp
    
    /Applications/Xcode.app/Contents/Developer/Toolchains/XcodeDefault.xctoolchain/usr/bin/clang -x objective-c -ivfsstatcache /Users/buddhirajgautam/Library/Developer/Xcode/DerivedData/SDKStatCaches.noindex/macosx27.0-26A425-e829b21a6f8c9b70876ba0858053c0447231f6df4def33e022ae2eb8f782df1a.sdkstatcache -target arm64-apple-macos12.0 -fmessage-length\=0 -fdiagnostics-show-note-include-stack -fmacro-backtrace-limit\=0 -fno-color-diagnostics -fmodules-prune-interval\=86400 -fmodules-prune-after\=345600 -fbuild-session-file\=/Users/buddhirajgautam/Library/Developer/Xcode/DerivedData/ModuleCache.noindex/Session.modulevalidation -fmodules-validate-once-per-build-session -Wnon-modular-include-in-framework-module -Werror\=non-modular-include-in-framework-module -Wno-trigraphs -Wno-missing-field-initializers -Wno-missing-prototypes -Wno-return-type -Wno-implicit-atomic-properties -Wno-objc-interface-ivars -Wno-arc-repeated-use-of-weak -Wno-missing-braces -Wparentheses -Wswitch -Wno-unused-function -Wno-unused-label -Wno-unused-parameter -Wno-unused-variable -Wunused-value -Wno-empty-body -Wno-uninitialized -Wno-unknown-pragmas -w -Wno-shadow -Wno-four-char-constants -Wno-conversion -Wno-constant-conversion -Wno-int-conversion -Wno-bool-conversion -Wno-enum-conversion -Wno-float-conversion -Wno-non-literal-null-conversion -Wno-objc-literal-conversion -Wshorten-64-to-32 -Wpointer-sign -Wno-newline-eof -Wno-selector -Wno-strict-selector-match -Wno-undeclared-selector -Wno-deprecated-implementations -Wno-implicit-fallthrough -isysroot /Applications/Xcode.app/Contents/Developer/Platforms/MacOSX.platform/Developer/SDKs/MacOSX27.0.sdk -fstrict-aliasing -Wprotocol -Wdeprecated-declarations -Wno-sign-conversion -Wno-infinite-recursion -Wno-comma -Wno-block-capture-autoreleasing -Wno-strict-prototypes -Wno-semicolon-before-method-body -index-store-path /Users/buddhirajgautam/Library/Developer/Xcode/DerivedData/Telegram-Mac-fygdgghdgmuleoelvxabfmqiotta/Index.noindex/DataStore @/Users/buddhirajgautam/Library/Developer/Xcode/DerivedData/Telegram-Mac-fygdgghdgmuleoelvxabfmqiotta/Build/Intermediates.noindex/GoogleUtilities.build/Debug/GoogleUtilities-Environment-t.build/Objects-normal/arm64/e6072d4f65d7061329687fe24e3d63a7-common-args.resp -include /Users/buddhirajgautam/Library/Developer/Xcode/DerivedData/Telegram-Mac-fygdgghdgmuleoelvxabfmqiotta/Build/Intermediates.noindex/GoogleUtilities.build/Debug/GoogleUtilities-Environment-t.build/DerivedSources/resource_bundle_accessor.h -MMD -MT dependencies -MF /Users/buddhirajgautam/Library/Developer/Xcode/DerivedData/Telegram-Mac-fygdgghdgmuleoelvxabfmqiotta/Build/Intermediates.noindex/GoogleUtilities.build/Debug/GoogleUtilities-Environment-t.build/Objects-normal/arm64/GULSecureCoding.d --serialize-diagnostics /Users/buddhirajgautam/Library/Developer/Xcode/DerivedData/Telegram-Mac-fygdgghdgmuleoelvxabfmqiotta/Build/Intermediates.noindex/GoogleUtilities.build/Debug/GoogleUtilities-Environment-t.build/Objects-normal/arm64/GULSecureCoding.dia -c /Users/buddhirajgautam/Library/Developer/Xcode/DerivedData/Telegram-Mac-fygdgghdgmuleoelvxabfmqiotta/SourcePackages/checkouts/GoogleUtilities/GoogleUtilities/Environment/GULSecureCoding.m -o /Users/buddhirajgautam/Library/Developer/Xcode/DerivedData/Telegram-Mac-fygdgghdgmuleoelvxabfmqiotta/Build/Intermediates.noindex/GoogleUtilities.build/Debug/GoogleUtilities-Environment-t.build/Objects-normal/arm64/GULSecureCoding.o -index-unit-output-path /GoogleUtilities.build/Debug/GoogleUtilities-Environment-t.build/Objects-normal/arm64/GULSecureCoding.o

CompileC /Users/buddhirajgautam/Library/Developer/Xcode/DerivedData/Telegram-Mac-fygdgghdgmuleoelvxabfmqiotta/Build/Intermediates.noindex/GoogleUtilities.build/Debug/GoogleUtilities-Environment-t.build/Objects-normal/arm64/GULNetworkInfo.o /Users/buddhirajgautam/Library/Developer/Xcode/DerivedData/Telegram-Mac-fygdgghdgmuleoelvxabfmqiotta/SourcePackages/checkouts/GoogleUtilities/GoogleUtilities/Environment/NetworkInfo/GULNetworkInfo.m normal arm64 objective-c com.apple.compilers.llvm.clang.1_0.compiler (in target 'GoogleUtilities-Environment' from project 'GoogleUtilities')
    cd /Users/buddhirajgautam/Documents/Cherrygram-Mac/macOS-Swift
    
    Using response file: /Users/buddhirajgautam/Library/Developer/Xcode/DerivedData/Telegram-Mac-fygdgghdgmuleoelvxabfmqiotta/Build/Intermediates.noindex/GoogleUtilities.build/Debug/GoogleUtilities-Environment-t.build/Objects-normal/arm64/e6072d4f65d7061329687fe24e3d63a7-common-args.resp
    
    /Applications/Xcode.app/Contents/Developer/Toolchains/XcodeDefault.xctoolchain/usr/bin/clang -x objective-c -ivfsstatcache /Users/buddhirajgautam/Library/Developer/Xcode/DerivedData/SDKStatCaches.noindex/macosx27.0-26A425-e829b21a6f8c9b70876ba0858053c0447231f6df4def33e022ae2eb8f782df1a.sdkstatcache -target arm64-apple-macos12.0 -fmessage-length\=0 -fdiagnostics-show-note-include-stack -fmacro-backtrace-limit\=0 -fno-color-diagnostics -fmodules-prune-interval\=86400 -fmodules-prune-after\=345600 -fbuild-session-file\=/Users/buddhirajgautam/Library/Developer/Xcode/DerivedData/ModuleCache.noindex/Session.modulevalidation -fmodules-validate-once-per-build-session -Wnon-modular-include-in-framework-module -Werror\=non-modular-include-in-framework-module -Wno-trigraphs -Wno-missing-field-initializers -Wno-missing-prototypes -Wno-return-type -Wno-implicit-atomic-properties -Wno-objc-interface-ivars -Wno-arc-repeated-use-of-weak -Wno-missing-braces -Wparentheses -Wswitch -Wno-unused-function -Wno-unused-label -Wno-unused-parameter -Wno-unused-variable -Wunused-value -Wno-empty-body -Wno-uninitialized -Wno-unknown-pragmas -w -Wno-shadow -Wno-four-char-constants -Wno-conversion -Wno-constant-conversion -Wno-int-conversion -Wno-bool-conversion -Wno-enum-conversion -Wno-float-conversion -Wno-non-literal-null-conversion -Wno-objc-literal-conversion -Wshorten-64-to-32 -Wpointer-sign -Wno-newline-eof -Wno-selector -Wno-strict-selector-match -Wno-undeclared-selector -Wno-deprecated-implementations -Wno-implicit-fallthrough -isysroot /Applications/Xcode.app/Contents/Developer/Platforms/MacOSX.platform/Developer/SDKs/MacOSX27.0.sdk -fstrict-aliasing -Wprotocol -Wdeprecated-declarations -Wno-sign-conversion -Wno-infinite-recursion -Wno-comma -Wno-block-capture-autoreleasing -Wno-strict-prototypes -Wno-semicolon-before-method-body -index-store-path /Users/buddhirajgautam/Library/Developer/Xcode/DerivedData/Telegram-Mac-fygdgghdgmuleoelvxabfmqiotta/Index.noindex/DataStore @/Users/buddhirajgautam/Library/Developer/Xcode/DerivedData/Telegram-Mac-fygdgghdgmuleoelvxabfmqiotta/Build/Intermediates.noindex/GoogleUtilities.build/Debug/GoogleUtilities-Environment-t.build/Objects-normal/arm64/e6072d4f65d7061329687fe24e3d63a7-common-args.resp -include /Users/buddhirajgautam/Library/Developer/Xcode/DerivedData/Telegram-Mac-fygdgghdgmuleoelvxabfmqiotta/Build/Intermediates.noindex/GoogleUtilities.build/Debug/GoogleUtilities-Environment-t.build/DerivedSources/resource_bundle_accessor.h -MMD -MT dependencies -MF /Users/buddhirajgautam/Library/Developer/Xcode/DerivedData/Telegram-Mac-fygdgghdgmuleoelvxabfmqiotta/Build/Intermediates.noindex/GoogleUtilities.build/Debug/GoogleUtilities-Environment-t.build/Objects-normal/arm64/GULNetworkInfo.d --serialize-diagnostics /Users/buddhirajgautam/Library/Developer/Xcode/DerivedData/Telegram-Mac-fygdgghdgmuleoelvxabfmqiotta/Build/Intermediates.noindex/GoogleUtilities.build/Debug/GoogleUtilities-Environment-t.build/Objects-normal/arm64/GULNetworkInfo.dia -c /Users/buddhirajgautam/Library/Developer/Xcode/DerivedData/Telegram-Mac-fygdgghdgmuleoelvxabfmqiotta/SourcePackages/checkouts/GoogleUtilities/GoogleUtilities/Environment/NetworkInfo/GULNetworkInfo.m -o /Users/buddhirajgautam/Library/Developer/Xcode/DerivedData/Telegram-Mac-fygdgghdgmuleoelvxabfmqiotta/Build/Intermediates.noindex/GoogleUtilities.build/Debug/GoogleUtilities-Environment-t.build/Objects-normal/arm64/GULNetworkInfo.o -index-unit-output-path /GoogleUtilities.build/Debug/GoogleUtilities-Environment-t.build/Objects-normal/arm64/GULNetworkInfo.o

CompileC /Users/buddhirajgautam/Library/Developer/Xcode/DerivedData/Telegram-Mac-fygdgghdgmuleoelvxabfmqiotta/Build/Intermediates.noindex/GoogleUtilities.build/Debug/GoogleUtilities-Environment-t.build/Objects-normal/arm64/GULKeychainUtils.o /Users/buddhirajgautam/Library/Developer/Xcode/DerivedData/Telegram-Mac-fygdgghdgmuleoelvxabfmqiotta/SourcePackages/checkouts/GoogleUtilities/GoogleUtilities/Environment/SecureStorage/GULKeychainUtils.m normal arm64 objective-c com.apple.compilers.llvm.clang.1_0.compiler (in target 'GoogleUtilities-Environment' from project 'GoogleUtilities')
    cd /Users/buddhirajgautam/Documents/Cherrygram-Mac/macOS-Swift
    
    Using response file: /Users/buddhirajgautam/Library/Developer/Xcode/DerivedData/Telegram-Mac-fygdgghdgmuleoelvxabfmqiotta/Build/Intermediates.noindex/GoogleUtilities.build/Debug/GoogleUtilities-Environment-t.build/Objects-normal/arm64/e6072d4f65d7061329687fe24e3d63a7-common-args.resp
    
    /Applications/Xcode.app/Contents/Developer/Toolchains/XcodeDefault.xctoolchain/usr/bin/clang -x objective-c -ivfsstatcache /Users/buddhirajgautam/Library/Developer/Xcode/DerivedData/SDKStatCaches.noindex/macosx27.0-26A425-e829b21a6f8c9b70876ba0858053c0447231f6df4def33e022ae2eb8f782df1a.sdkstatcache -target arm64-apple-macos12.0 -fmessage-length\=0 -fdiagnostics-show-note-include-stack -fmacro-backtrace-limit\=0 -fno-color-diagnostics -fmodules-prune-interval\=86400 -fmodules-prune-after\=345600 -fbuild-session-file\=/Users/buddhirajgautam/Library/Developer/Xcode/DerivedData/ModuleCache.noindex/Session.modulevalidation -fmodules-validate-once-per-build-session -Wnon-modular-include-in-framework-module -Werror\=non-modular-include-in-framework-module -Wno-trigraphs -Wno-missing-field-initializers -Wno-missing-prototypes -Wno-return-type -Wno-implicit-atomic-properties -Wno-objc-interface-ivars -Wno-arc-repeated-use-of-weak -Wno-missing-braces -Wparentheses -Wswitch -Wno-unused-function -Wno-unused-label -Wno-unused-parameter -Wno-unused-variable -Wunused-value -Wno-empty-body -Wno-uninitialized -Wno-unknown-pragmas -w -Wno-shadow -Wno-four-char-constants -Wno-conversion -Wno-constant-conversion -Wno-int-conversion -Wno-bool-conversion -Wno-enum-conversion -Wno-float-conversion -Wno-non-literal-null-conversion -Wno-objc-literal-conversion -Wshorten-64-to-32 -Wpointer-sign -Wno-newline-eof -Wno-selector -Wno-strict-selector-match -Wno-undeclared-selector -Wno-deprecated-implementations -Wno-implicit-fallthrough -isysroot /Applications/Xcode.app/Contents/Developer/Platforms/MacOSX.platform/Developer/SDKs/MacOSX27.0.sdk -fstrict-aliasing -Wprotocol -Wdeprecated-declarations -Wno-sign-conversion -Wno-infinite-recursion -Wno-comma -Wno-block-capture-autoreleasing -Wno-strict-prototypes -Wno-semicolon-before-method-body -index-store-path /Users/buddhirajgautam/Library/Developer/Xcode/DerivedData/Telegram-Mac-fygdgghdgmuleoelvxabfmqiotta/Index.noindex/DataStore @/Users/buddhirajgautam/Library/Developer/Xcode/DerivedData/Telegram-Mac-fygdgghdgmuleoelvxabfmqiotta/Build/Intermediates.noindex/GoogleUtilities.build/Debug/GoogleUtilities-Environment-t.build/Objects-normal/arm64/e6072d4f65d7061329687fe24e3d63a7-common-args.resp -include /Users/buddhirajgautam/Library/Developer/Xcode/DerivedData/Telegram-Mac-fygdgghdgmuleoelvxabfmqiotta/Build/Intermediates.noindex/GoogleUtilities.build/Debug/GoogleUtilities-Environment-t.build/DerivedSources/resource_bundle_accessor.h -MMD -MT dependencies -MF /Users/buddhirajgautam/Library/Developer/Xcode/DerivedData/Telegram-Mac-fygdgghdgmuleoelvxabfmqiotta/Build/Intermediates.noindex/GoogleUtilities.build/Debug/GoogleUtilities-Environment-t.build/Objects-normal/arm64/GULKeychainUtils.d --serialize-diagnostics /Users/buddhirajgautam/Library/Developer/Xcode/DerivedData/Telegram-Mac-fygdgghdgmuleoelvxabfmqiotta/Build/Intermediates.noindex/GoogleUtilities.build/Debug/GoogleUtilities-Environment-t.build/Objects-normal/arm64/GULKeychainUtils.dia -c /Users/buddhirajgautam/Library/Developer/Xcode/DerivedData/Telegram-Mac-fygdgghdgmuleoelvxabfmqiotta/SourcePackages/checkouts/GoogleUtilities/GoogleUtilities/Environment/SecureStorage/GULKeychainUtils.m -o /Users/buddhirajgautam/Library/Developer/Xcode/DerivedData/Telegram-Mac-fygdgghdgmuleoelvxabfmqiotta/Build/Intermediates.noindex/GoogleUtilities.build/Debug/GoogleUtilities-Environment-t.build/Objects-normal/arm64/GULKeychainUtils.o -index-unit-output-path /GoogleUtilities.build/Debug/GoogleUtilities-Environment-t.build/Objects-normal/arm64/GULKeychainUtils.o

CompileC /Users/buddhirajgautam/Library/Developer/Xcode/DerivedData/Telegram-Mac-fygdgghdgmuleoelvxabfmqiotta/Build/Intermediates.noindex/GoogleUtilities.build/Debug/GoogleUtilities-Environment-t.build/Objects-normal/arm64/GULHeartbeatDateStorageUserDefaults.o /Users/buddhirajgautam/Library/Developer/Xcode/DerivedData/Telegram-Mac-fygdgghdgmuleoelvxabfmqiotta/SourcePackages/checkouts/GoogleUtilities/GoogleUtilities/Environment/GULHeartbeatDateStorageUserDefaults.m normal arm64 objective-c com.apple.compilers.llvm.clang.1_0.compiler (in target 'GoogleUtilities-Environment' from project 'GoogleUtilities')
    cd /Users/buddhirajgautam/Documents/Cherrygram-Mac/macOS-Swift
    
    Using response file: /Users/buddhirajgautam/Library/Developer/Xcode/DerivedData/Telegram-Mac-fygdgghdgmuleoelvxabfmqiotta/Build/Intermediates.noindex/GoogleUtilities.build/Debug/GoogleUtilities-Environment-t.build/Objects-normal/arm64/e6072d4f65d7061329687fe24e3d63a7-common-args.resp
    
    /Applications/Xcode.app/Contents/Developer/Toolchains/XcodeDefault.xctoolchain/usr/bin/clang -x objective-c -ivfsstatcache /Users/buddhirajgautam/Library/Developer/Xcode/DerivedData/SDKStatCaches.noindex/macosx27.0-26A425-e829b21a6f8c9b70876ba0858053c0447231f6df4def33e022ae2eb8f782df1a.sdkstatcache -target arm64-apple-macos12.0 -fmessage-length\=0 -fdiagnostics-show-note-include-stack -fmacro-backtrace-limit\=0 -fno-color-diagnostics -fmodules-prune-interval\=86400 -fmodules-prune-after\=345600 -fbuild-session-file\=/Users/buddhirajgautam/Library/Developer/Xcode/DerivedData/ModuleCache.noindex/Session.modulevalidation -fmodules-validate-once-per-build-session -Wnon-modular-include-in-framework-module -Werror\=non-modular-include-in-framework-module -Wno-trigraphs -Wno-missing-field-initializers -Wno-missing-prototypes -Wno-return-type -Wno-implicit-atomic-properties -Wno-objc-interface-ivars -Wno-arc-repeated-use-of-weak -Wno-missing-braces -Wparentheses -Wswitch -Wno-unused-function -Wno-unused-label -Wno-unused-parameter -Wno-unused-variable -Wunused-value -Wno-empty-body -Wno-uninitialized -Wno-unknown-pragmas -w -Wno-shadow -Wno-four-char-constants -Wno-conversion -Wno-constant-conversion -Wno-int-conversion -Wno-bool-conversion -Wno-enum-conversion -Wno-float-conversion -Wno-non-literal-null-conversion -Wno-objc-literal-conversion -Wshorten-64-to-32 -Wpointer-sign -Wno-newline-eof -Wno-selector -Wno-strict-selector-match -Wno-undeclared-selector -Wno-deprecated-implementations -Wno-implicit-fallthrough -isysroot /Applications/Xcode.app/Contents/Developer/Platforms/MacOSX.platform/Developer/SDKs/MacOSX27.0.sdk -fstrict-aliasing -Wprotocol -Wdeprecated-declarations -Wno-sign-conversion -Wno-infinite-recursion -Wno-comma -Wno-block-capture-autoreleasing -Wno-strict-prototypes -Wno-semicolon-before-method-body -index-store-path /Users/buddhirajgautam/Library/Developer/Xcode/DerivedData/Telegram-Mac-fygdgghdgmuleoelvxabfmqiotta/Index.noindex/DataStore @/Users/buddhirajgautam/Library/Developer/Xcode/DerivedData/Telegram-Mac-fygdgghdgmuleoelvxabfmqiotta/Build/Intermediates.noindex/GoogleUtilities.build/Debug/GoogleUtilities-Environment-t.build/Objects-normal/arm64/e6072d4f65d7061329687fe24e3d63a7-common-args.resp -include /Users/buddhirajgautam/Library/Developer/Xcode/DerivedData/Telegram-Mac-fygdgghdgmuleoelvxabfmqiotta/Build/Intermediates.noindex/GoogleUtilities.build/Debug/GoogleUtilities-Environment-t.build/DerivedSources/resource_bundle_accessor.h -MMD -MT dependencies -MF /Users/buddhirajgautam/Library/Developer/Xcode/DerivedData/Telegram-Mac-fygdgghdgmuleoelvxabfmqiotta/Build/Intermediates.noindex/GoogleUtilities.build/Debug/GoogleUtilities-Environment-t.build/Objects-normal/arm64/GULHeartbeatDateStorageUserDefaults.d --serialize-diagnostics /Users/buddhirajgautam/Library/Developer/Xcode/DerivedData/Telegram-Mac-fygdgghdgmuleoelvxabfmqiotta/Build/Intermediates.noindex/GoogleUtilities.build/Debug/GoogleUtilities-Environment-t.build/Objects-normal/arm64/GULHeartbeatDateStorageUserDefaults.dia -c /Users/buddhirajgautam/Library/Developer/Xcode/DerivedData/Telegram-Mac-fygdgghdgmuleoelvxabfmqiotta/SourcePackages/checkouts/GoogleUtilities/GoogleUtilities/Environment/GULHeartbeatDateStorageUserDefaults.m -o /Users/buddhirajgautam/Library/Developer/Xcode/DerivedData/Telegram-Mac-fygdgghdgmuleoelvxabfmqiotta/Build/Intermediates.noindex/GoogleUtilities.build/Debug/GoogleUtilities-Environment-t.build/Objects-normal/arm64/GULHeartbeatDateStorageUserDefaults.o -index-unit-output-path /GoogleUtilities.build/Debug/GoogleUtilities-Environment-t.build/Objects-normal/arm64/GULHeartbeatDateStorageUserDefaults.o

CompileC /Users/buddhirajgautam/Library/Developer/Xcode/DerivedData/Telegram-Mac-fygdgghdgmuleoelvxabfmqiotta/Build/Intermediates.noindex/GoogleUtilities.build/Debug/GoogleUtilities-Environment-t.build/Objects-normal/arm64/GULHeartbeatDateStorage.o /Users/buddhirajgautam/Library/Developer/Xcode/DerivedData/Telegram-Mac-fygdgghdgmuleoelvxabfmqiotta/SourcePackages/checkouts/GoogleUtilities/GoogleUtilities/Environment/GULHeartbeatDateStorage.m normal arm64 objective-c com.apple.compilers.llvm.clang.1_0.compiler (in target 'GoogleUtilities-Environment' from project 'GoogleUtilities')
    cd /Users/buddhirajgautam/Documents/Cherrygram-Mac/macOS-Swift
    
    Using response file: /Users/buddhirajgautam/Library/Developer/Xcode/DerivedData/Telegram-Mac-fygdgghdgmuleoelvxabfmqiotta/Build/Intermediates.noindex/GoogleUtilities.build/Debug/GoogleUtilities-Environment-t.build/Objects-normal/arm64/e6072d4f65d7061329687fe24e3d63a7-common-args.resp
    
    /Applications/Xcode.app/Contents/Developer/Toolchains/XcodeDefault.xctoolchain/usr/bin/clang -x objective-c -ivfsstatcache /Users/buddhirajgautam/Library/Developer/Xcode/DerivedData/SDKStatCaches.noindex/macosx27.0-26A425-e829b21a6f8c9b70876ba0858053c0447231f6df4def33e022ae2eb8f782df1a.sdkstatcache -target arm64-apple-macos12.0 -fmessage-length\=0 -fdiagnostics-show-note-include-stack -fmacro-backtrace-limit\=0 -fno-color-diagnostics -fmodules-prune-interval\=86400 -fmodules-prune-after\=345600 -fbuild-session-file\=/Users/buddhirajgautam/Library/Developer/Xcode/DerivedData/ModuleCache.noindex/Session.modulevalidation -fmodules-validate-once-per-build-session -Wnon-modular-include-in-framework-module -Werror\=non-modular-include-in-framework-module -Wno-trigraphs -Wno-missing-field-initializers -Wno-missing-prototypes -Wno-return-type -Wno-implicit-atomic-properties -Wno-objc-interface-ivars -Wno-arc-repeated-use-of-weak -Wno-missing-braces -Wparentheses -Wswitch -Wno-unused-function -Wno-unused-label -Wno-unused-parameter -Wno-unused-variable -Wunused-value -Wno-empty-body -Wno-uninitialized -Wno-unknown-pragmas -w -Wno-shadow -Wno-four-char-constants -Wno-conversion -Wno-constant-conversion -Wno-int-conversion -Wno-bool-conversion -Wno-enum-conversion -Wno-float-conversion -Wno-non-literal-null-conversion -Wno-objc-literal-conversion -Wshorten-64-to-32 -Wpointer-sign -Wno-newline-eof -Wno-selector -Wno-strict-selector-match -Wno-undeclared-selector -Wno-deprecated-implementations -Wno-implicit-fallthrough -isysroot /Applications/Xcode.app/Contents/Developer/Platforms/MacOSX.platform/Developer/SDKs/MacOSX27.0.sdk -fstrict-aliasing -Wprotocol -Wdeprecated-declarations -Wno-sign-conversion -Wno-infinite-recursion -Wno-comma -Wno-block-capture-autoreleasing -Wno-strict-prototypes -Wno-semicolon-before-method-body -index-store-path /Users/buddhirajgautam/Library/Developer/Xcode/DerivedData/Telegram-Mac-fygdgghdgmuleoelvxabfmqiotta/Index.noindex/DataStore @/Users/buddhirajgautam/Library/Developer/Xcode/DerivedData/Telegram-Mac-fygdgghdgmuleoelvxabfmqiotta/Build/Intermediates.noindex/GoogleUtilities.build/Debug/GoogleUtilities-Environment-t.build/Objects-normal/arm64/e6072d4f65d7061329687fe24e3d63a7-common-args.resp -include /Users/buddhirajgautam/Library/Developer/Xcode/DerivedData/Telegram-Mac-fygdgghdgmuleoelvxabfmqiotta/Build/Intermediates.noindex/GoogleUtilities.build/Debug/GoogleUtilities-Environment-t.build/DerivedSources/resource_bundle_accessor.h -MMD -MT dependencies -MF /Users/buddhirajgautam/Library/Developer/Xcode/DerivedData/Telegram-Mac-fygdgghdgmuleoelvxabfmqiotta/Build/Intermediates.noindex/GoogleUtilities.build/Debug/GoogleUtilities-Environment-t.build/Objects-normal/arm64/GULHeartbeatDateStorage.d --serialize-diagnostics /Users/buddhirajgautam/Library/Developer/Xcode/DerivedData/Telegram-Mac-fygdgghdgmuleoelvxabfmqiotta/Build/Intermediates.noindex/GoogleUtilities.build/Debug/GoogleUtilities-Environment-t.build/Objects-normal/arm64/GULHeartbeatDateStorage.dia -c /Users/buddhirajgautam/Library/Developer/Xcode/DerivedData/Telegram-Mac-fygdgghdgmuleoelvxabfmqiotta/SourcePackages/checkouts/GoogleUtilities/GoogleUtilities/Environment/GULHeartbeatDateStorage.m -o /Users/buddhirajgautam/Library/Developer/Xcode/DerivedData/Telegram-Mac-fygdgghdgmuleoelvxabfmqiotta/Build/Intermediates.noindex/GoogleUtilities.build/Debug/GoogleUtilities-Environment-t.build/Objects-normal/arm64/GULHeartbeatDateStorage.o -index-unit-output-path /GoogleUtilities.build/Debug/GoogleUtilities-Environment-t.build/Objects-normal/arm64/GULHeartbeatDateStorage.o

CompileC /Users/buddhirajgautam/Library/Developer/Xcode/DerivedData/Telegram-Mac-fygdgghdgmuleoelvxabfmqiotta/Build/Intermediates.noindex/GoogleUtilities.build/Debug/GoogleUtilities-Environment-t.build/Objects-normal/arm64/GULAppEnvironmentUtil.o /Users/buddhirajgautam/Library/Developer/Xcode/DerivedData/Telegram-Mac-fygdgghdgmuleoelvxabfmqiotta/SourcePackages/checkouts/GoogleUtilities/GoogleUtilities/Environment/GULAppEnvironmentUtil.m normal arm64 objective-c com.apple.compilers.llvm.clang.1_0.compiler (in target 'GoogleUtilities-Environment' from project 'GoogleUtilities')
    cd /Users/buddhirajgautam/Documents/Cherrygram-Mac/macOS-Swift
    
    Using response file: /Users/buddhirajgautam/Library/Developer/Xcode/DerivedData/Telegram-Mac-fygdgghdgmuleoelvxabfmqiotta/Build/Intermediates.noindex/GoogleUtilities.build/Debug/GoogleUtilities-Environment-t.build/Objects-normal/arm64/e6072d4f65d7061329687fe24e3d63a7-common-args.resp
    
    /Applications/Xcode.app/Contents/Developer/Toolchains/XcodeDefault.xctoolchain/usr/bin/clang -x objective-c -ivfsstatcache /Users/buddhirajgautam/Library/Developer/Xcode/DerivedData/SDKStatCaches.noindex/macosx27.0-26A425-e829b21a6f8c9b70876ba0858053c0447231f6df4def33e022ae2eb8f782df1a.sdkstatcache -target arm64-apple-macos12.0 -fmessage-length\=0 -fdiagnostics-show-note-include-stack -fmacro-backtrace-limit\=0 -fno-color-diagnostics -fmodules-prune-interval\=86400 -fmodules-prune-after\=345600 -fbuild-session-file\=/Users/buddhirajgautam/Library/Developer/Xcode/DerivedData/ModuleCache.noindex/Session.modulevalidation -fmodules-validate-once-per-build-session -Wnon-modular-include-in-framework-module -Werror\=non-modular-include-in-framework-module -Wno-trigraphs -Wno-missing-field-initializers -Wno-missing-prototypes -Wno-return-type -Wno-implicit-atomic-properties -Wno-objc-interface-ivars -Wno-arc-repeated-use-of-weak -Wno-missing-braces -Wparentheses -Wswitch -Wno-unused-function -Wno-unused-label -Wno-unused-parameter -Wno-unused-variable -Wunused-value -Wno-empty-body -Wno-uninitialized -Wno-unknown-pragmas -w -Wno-shadow -Wno-four-char-constants -Wno-conversion -Wno-constant-conversion -Wno-int-conversion -Wno-bool-conversion -Wno-enum-conversion -Wno-float-conversion -Wno-non-literal-null-conversion -Wno-objc-literal-conversion -Wshorten-64-to-32 -Wpointer-sign -Wno-newline-eof -Wno-selector -Wno-strict-selector-match -Wno-undeclared-selector -Wno-deprecated-implementations -Wno-implicit-fallthrough -isysroot /Applications/Xcode.app/Contents/Developer/Platforms/MacOSX.platform/Developer/SDKs/MacOSX27.0.sdk -fstrict-aliasing -Wprotocol -Wdeprecated-declarations -Wno-sign-conversion -Wno-infinite-recursion -Wno-comma -Wno-block-capture-autoreleasing -Wno-strict-prototypes -Wno-semicolon-before-method-body -index-store-path /Users/buddhirajgautam/Library/Developer/Xcode/DerivedData/Telegram-Mac-fygdgghdgmuleoelvxabfmqiotta/Index.noindex/DataStore @/Users/buddhirajgautam/Library/Developer/Xcode/DerivedData/Telegram-Mac-fygdgghdgmuleoelvxabfmqiotta/Build/Intermediates.noindex/GoogleUtilities.build/Debug/GoogleUtilities-Environment-t.build/Objects-normal/arm64/e6072d4f65d7061329687fe24e3d63a7-common-args.resp -include /Users/buddhirajgautam/Library/Developer/Xcode/DerivedData/Telegram-Mac-fygdgghdgmuleoelvxabfmqiotta/Build/Intermediates.noindex/GoogleUtilities.build/Debug/GoogleUtilities-Environment-t.build/DerivedSources/resource_bundle_accessor.h -MMD -MT dependencies -MF /Users/buddhirajgautam/Library/Developer/Xcode/DerivedData/Telegram-Mac-fygdgghdgmuleoelvxabfmqiotta/Build/Intermediates.noindex/GoogleUtilities.build/Debug/GoogleUtilities-Environment-t.build/Objects-normal/arm64/GULAppEnvironmentUtil.d --serialize-diagnostics /Users/buddhirajgautam/Library/Developer/Xcode/DerivedData/Telegram-Mac-fygdgghdgmuleoelvxabfmqiotta/Build/Intermediates.noindex/GoogleUtilities.build/Debug/GoogleUtilities-Environment-t.build/Objects-normal/arm64/GULAppEnvironmentUtil.dia -c /Users/buddhirajgautam/Library/Developer/Xcode/DerivedData/Telegram-Mac-fygdgghdgmuleoelvxabfmqiotta/SourcePackages/checkouts/GoogleUtilities/GoogleUtilities/Environment/GULAppEnvironmentUtil.m -o /Users/buddhirajgautam/Library/Developer/Xcode/DerivedData/Telegram-Mac-fygdgghdgmuleoelvxabfmqiotta/Build/Intermediates.noindex/GoogleUtilities.build/Debug/GoogleUtilities-Environment-t.build/Objects-normal/arm64/GULAppEnvironmentUtil.o -index-unit-output-path /GoogleUtilities.build/Debug/GoogleUtilities-Environment-t.build/Objects-normal/arm64/GULAppEnvironmentUtil.o

CompileC /Users/buddhirajgautam/Library/Developer/Xcode/DerivedData/Telegram-Mac-fygdgghdgmuleoelvxabfmqiotta/Build/Intermediates.noindex/GoogleUtilities.build/Debug/GoogleUtilities-AppDelegateSwizzler-t.build/Objects-normal/arm64/resource_bundle_accessor.o /Users/buddhirajgautam/Library/Developer/Xcode/DerivedData/Telegram-Mac-fygdgghdgmuleoelvxabfmqiotta/Build/Intermediates.noindex/GoogleUtilities.build/Debug/GoogleUtilities-AppDelegateSwizzler-t.build/DerivedSources/resource_bundle_accessor.m normal arm64 objective-c com.apple.compilers.llvm.clang.1_0.compiler (in target 'GoogleUtilities-AppDelegateSwizzler' from project 'GoogleUtilities')
    cd /Users/buddhirajgautam/Documents/Cherrygram-Mac/macOS-Swift
    
    Using response file: /Users/buddhirajgautam/Library/Developer/Xcode/DerivedData/Telegram-Mac-fygdgghdgmuleoelvxabfmqiotta/Build/Intermediates.noindex/GoogleUtilities.build/Debug/GoogleUtilities-AppDelegateSwizzler-t.build/Objects-normal/arm64/e6072d4f65d7061329687fe24e3d63a7-common-args.resp
    
    /Applications/Xcode.app/Contents/Developer/Toolchains/XcodeDefault.xctoolchain/usr/bin/clang -x objective-c -ivfsstatcache /Users/buddhirajgautam/Library/Developer/Xcode/DerivedData/SDKStatCaches.noindex/macosx27.0-26A425-e829b21a6f8c9b70876ba0858053c0447231f6df4def33e022ae2eb8f782df1a.sdkstatcache -target arm64-apple-macos12.0 -fmessage-length\=0 -fdiagnostics-show-note-include-stack -fmacro-backtrace-limit\=0 -fno-color-diagnostics -fmodules-prune-interval\=86400 -fmodules-prune-after\=345600 -fbuild-session-file\=/Users/buddhirajgautam/Library/Developer/Xcode/DerivedData/ModuleCache.noindex/Session.modulevalidation -fmodules-validate-once-per-build-session -Wnon-modular-include-in-framework-module -Werror\=non-modular-include-in-framework-module -Wno-trigraphs -Wno-missing-field-initializers -Wno-missing-prototypes -Wno-return-type -Wno-implicit-atomic-properties -Wno-objc-interface-ivars -Wno-arc-repeated-use-of-weak -Wno-missing-braces -Wparentheses -Wswitch -Wno-unused-function -Wno-unused-label -Wno-unused-parameter -Wno-unused-variable -Wunused-value -Wno-empty-body -Wno-uninitialized -Wno-unknown-pragmas -w -Wno-shadow -Wno-four-char-constants -Wno-conversion -Wno-constant-conversion -Wno-int-conversion -Wno-bool-conversion -Wno-enum-conversion -Wno-float-conversion -Wno-non-literal-null-conversion -Wno-objc-literal-conversion -Wshorten-64-to-32 -Wpointer-sign -Wno-newline-eof -Wno-selector -Wno-strict-selector-match -Wno-undeclared-selector -Wno-deprecated-implementations -Wno-implicit-fallthrough -isysroot /Applications/Xcode.app/Contents/Developer/Platforms/MacOSX.platform/Developer/SDKs/MacOSX27.0.sdk -fstrict-aliasing -Wprotocol -Wdeprecated-declarations -Wno-sign-conversion -Wno-infinite-recursion -Wno-comma -Wno-block-capture-autoreleasing -Wno-strict-prototypes -Wno-semicolon-before-method-body -index-store-path /Users/buddhirajgautam/Library/Developer/Xcode/DerivedData/Telegram-Mac-fygdgghdgmuleoelvxabfmqiotta/Index.noindex/DataStore @/Users/buddhirajgautam/Library/Developer/Xcode/DerivedData/Telegram-Mac-fygdgghdgmuleoelvxabfmqiotta/Build/Intermediates.noindex/GoogleUtilities.build/Debug/GoogleUtilities-AppDelegateSwizzler-t.build/Objects-normal/arm64/e6072d4f65d7061329687fe24e3d63a7-common-args.resp -include /Users/buddhirajgautam/Library/Developer/Xcode/DerivedData/Telegram-Mac-fygdgghdgmuleoelvxabfmqiotta/Build/Intermediates.noindex/GoogleUtilities.build/Debug/GoogleUtilities-AppDelegateSwizzler-t.build/DerivedSources/resource_bundle_accessor.h -MMD -MT dependencies -MF /Users/buddhirajgautam/Library/Developer/Xcode/DerivedData/Telegram-Mac-fygdgghdgmuleoelvxabfmqiotta/Build/Intermediates.noindex/GoogleUtilities.build/Debug/GoogleUtilities-AppDelegateSwizzler-t.build/Objects-normal/arm64/resource_bundle_accessor.d --serialize-diagnostics /Users/buddhirajgautam/Library/Developer/Xcode/DerivedData/Telegram-Mac-fygdgghdgmuleoelvxabfmqiotta/Build/Intermediates.noindex/GoogleUtilities.build/Debug/GoogleUtilities-AppDelegateSwizzler-t.build/Objects-normal/arm64/resource_bundle_accessor.dia -c /Users/buddhirajgautam/Library/Developer/Xcode/DerivedData/Telegram-Mac-fygdgghdgmuleoelvxabfmqiotta/Build/Intermediates.noindex/GoogleUtilities.build/Debug/GoogleUtilities-AppDelegateSwizzler-t.build/DerivedSources/resource_bundle_accessor.m -o /Users/buddhirajgautam/Library/Developer/Xcode/DerivedData/Telegram-Mac-fygdgghdgmuleoelvxabfmqiotta/Build/Intermediates.noindex/GoogleUtilities.build/Debug/GoogleUtilities-AppDelegateSwizzler-t.build/Objects-normal/arm64/resource_bundle_accessor.o -index-unit-output-path /GoogleUtilities.build/Debug/GoogleUtilities-AppDelegateSwizzler-t.build/Objects-normal/arm64/resource_bundle_accessor.o

PrecompileModule /Users/buddhirajgautam/Library/Developer/Xcode/DerivedData/Telegram-Mac-fygdgghdgmuleoelvxabfmqiotta/Build/Intermediates.noindex/ExplicitPrecompiledModules/FBLPromises-1JFCY8IIVEUY3F3S0ZT9HN34.scan
    cd /
    builtin-precompileModule /Users/buddhirajgautam/Library/Developer/Xcode/DerivedData/Telegram-Mac-fygdgghdgmuleoelvxabfmqiotta/Build/Intermediates.noindex/ExplicitPrecompiledModules/FBLPromises-1JFCY8IIVEUY3F3S0ZT9HN34.scan

PrecompileModule /Users/buddhirajgautam/Library/Developer/Xcode/DerivedData/Telegram-Mac-fygdgghdgmuleoelvxabfmqiotta/Build/Intermediates.noindex/ExplicitPrecompiledModules/ptrcheck-43Q02ZZ0G4TGMKX58EDRE6EX0.scan
    cd /
    builtin-precompileModule /Users/buddhirajgautam/Library/Developer/Xcode/DerivedData/Telegram-Mac-fygdgghdgmuleoelvxabfmqiotta/Build/Intermediates.noindex/ExplicitPrecompiledModules/ptrcheck-43Q02ZZ0G4TGMKX58EDRE6EX0.scan

PrecompileModule /Users/buddhirajgautam/Library/Developer/Xcode/DerivedData/Telegram-Mac-fygdgghdgmuleoelvxabfmqiotta/Build/Intermediates.noindex/ExplicitPrecompiledModules/GoogleUtilities_NSData-65QP1CH39MR66VXVSS9OTQW29.scan
    cd /
    builtin-precompileModule /Users/buddhirajgautam/Library/Developer/Xcode/DerivedData/Telegram-Mac-fygdgghdgmuleoelvxabfmqiotta/Build/Intermediates.noindex/ExplicitPrecompiledModules/GoogleUtilities_NSData-65QP1CH39MR66VXVSS9OTQW29.scan

PrecompileModule /Users/buddhirajgautam/Library/Developer/Xcode/DerivedData/Telegram-Mac-fygdgghdgmuleoelvxabfmqiotta/Build/Intermediates.noindex/ExplicitPrecompiledModules/GoogleUtilities_Logger-BJ3MZS85L6H78SO8E3I9ILO2Q.scan
    cd /
    builtin-precompileModule /Users/buddhirajgautam/Library/Developer/Xcode/DerivedData/Telegram-Mac-fygdgghdgmuleoelvxabfmqiotta/Build/Intermediates.noindex/ExplicitPrecompiledModules/GoogleUtilities_Logger-BJ3MZS85L6H78SO8E3I9ILO2Q.scan

PrecompileModule /Users/buddhirajgautam/Library/Developer/Xcode/DerivedData/Telegram-Mac-fygdgghdgmuleoelvxabfmqiotta/Build/Intermediates.noindex/ExplicitPrecompiledModules/GoogleUtilities_Reachability-7QXNEWHAUN2UKC3CTNZOQ2ATF.scan
    cd /
    builtin-precompileModule /Users/buddhirajgautam/Library/Developer/Xcode/DerivedData/Telegram-Mac-fygdgghdgmuleoelvxabfmqiotta/Build/Intermediates.noindex/ExplicitPrecompiledModules/GoogleUtilities_Reachability-7QXNEWHAUN2UKC3CTNZOQ2ATF.scan

PrecompileModule /Users/buddhirajgautam/Library/Developer/Xcode/DerivedData/Telegram-Mac-fygdgghdgmuleoelvxabfmqiotta/Build/Intermediates.noindex/ExplicitPrecompiledModules/_AvailabilityInternal-EJB8PLBXOKQERDX2IEL8X2BRX.scan
    cd /
    builtin-precompileModule /Users/buddhirajgautam/Library/Developer/Xcode/DerivedData/Telegram-Mac-fygdgghdgmuleoelvxabfmqiotta/Build/Intermediates.noindex/ExplicitPrecompiledModules/_AvailabilityInternal-EJB8PLBXOKQERDX2IEL8X2BRX.scan

CompileC /Users/buddhirajgautam/Library/Developer/Xcode/DerivedData/Telegram-Mac-fygdgghdgmuleoelvxabfmqiotta/Build/Intermediates.noindex/GoogleUtilities.build/Debug/GoogleUtilities-Environment-t.build/Objects-normal/arm64/NSURLSession+GULPromises.o /Users/buddhirajgautam/Library/Developer/Xcode/DerivedData/Telegram-Mac-fygdgghdgmuleoelvxabfmqiotta/SourcePackages/checkouts/GoogleUtilities/GoogleUtilities/Environment/URLSessionPromiseWrapper/NSURLSession+GULPromises.m normal arm64 objective-c com.apple.compilers.llvm.clang.1_0.compiler (in target 'GoogleUtilities-Environment' from project 'GoogleUtilities')
    cd /Users/buddhirajgautam/Documents/Cherrygram-Mac/macOS-Swift
    
    Using response file: /Users/buddhirajgautam/Library/Developer/Xcode/DerivedData/Telegram-Mac-fygdgghdgmuleoelvxabfmqiotta/Build/Intermediates.noindex/GoogleUtilities.build/Debug/GoogleUtilities-Environment-t.build/Objects-normal/arm64/e6072d4f65d7061329687fe24e3d63a7-common-args.resp
    
    /Applications/Xcode.app/Contents/Developer/Toolchains/XcodeDefault.xctoolchain/usr/bin/clang -x objective-c -ivfsstatcache /Users/buddhirajgautam/Library/Developer/Xcode/DerivedData/SDKStatCaches.noindex/macosx27.0-26A425-e829b21a6f8c9b70876ba0858053c0447231f6df4def33e022ae2eb8f782df1a.sdkstatcache -target arm64-apple-macos12.0 -fmessage-length\=0 -fdiagnostics-show-note-include-stack -fmacro-backtrace-limit\=0 -fno-color-diagnostics -fmodules-prune-interval\=86400 -fmodules-prune-after\=345600 -fbuild-session-file\=/Users/buddhirajgautam/Library/Developer/Xcode/DerivedData/ModuleCache.noindex/Session.modulevalidation -fmodules-validate-once-per-build-session -Wnon-modular-include-in-framework-module -Werror\=non-modular-include-in-framework-module -Wno-trigraphs -Wno-missing-field-initializers -Wno-missing-prototypes -Wno-return-type -Wno-implicit-atomic-properties -Wno-objc-interface-ivars -Wno-arc-repeated-use-of-weak -Wno-missing-braces -Wparentheses -Wswitch -Wno-unused-function -Wno-unused-label -Wno-unused-parameter -Wno-unused-variable -Wunused-value -Wno-empty-body -Wno-uninitialized -Wno-unknown-pragmas -w -Wno-shadow -Wno-four-char-constants -Wno-conversion -Wno-constant-conversion -Wno-int-conversion -Wno-bool-conversion -Wno-enum-conversion -Wno-float-conversion -Wno-non-literal-null-conversion -Wno-objc-literal-conversion -Wshorten-64-to-32 -Wpointer-sign -Wno-newline-eof -Wno-selector -Wno-strict-selector-match -Wno-undeclared-selector -Wno-deprecated-implementations -Wno-implicit-fallthrough -isysroot /Applications/Xcode.app/Contents/Developer/Platforms/MacOSX.platform/Developer/SDKs/MacOSX27.0.sdk -fstrict-aliasing -Wprotocol -Wdeprecated-declarations -Wno-sign-conversion -Wno-infinite-recursion -Wno-comma -Wno-block-capture-autoreleasing -Wno-strict-prototypes -Wno-semicolon-before-method-body -index-store-path /Users/buddhirajgautam/Library/Developer/Xcode/DerivedData/Telegram-Mac-fygdgghdgmuleoelvxabfmqiotta/Index.noindex/DataStore @/Users/buddhirajgautam/Library/Developer/Xcode/DerivedData/Telegram-Mac-fygdgghdgmuleoelvxabfmqiotta/Build/Intermediates.noindex/GoogleUtilities.build/Debug/GoogleUtilities-Environment-t.build/Objects-normal/arm64/e6072d4f65d7061329687fe24e3d63a7-common-args.resp -include /Users/buddhirajgautam/Library/Developer/Xcode/DerivedData/Telegram-Mac-fygdgghdgmuleoelvxabfmqiotta/Build/Intermediates.noindex/GoogleUtilities.build/Debug/GoogleUtilities-Environment-t.build/DerivedSources/resource_bundle_accessor.h -MMD -MT dependencies -MF /Users/buddhirajgautam/Library/Developer/Xcode/DerivedData/Telegram-Mac-fygdgghdgmuleoelvxabfmqiotta/Build/Intermediates.noindex/GoogleUtilities.build/Debug/GoogleUtilities-Environment-t.build/Objects-normal/arm64/NSURLSession+GULPromises.d --serialize-diagnostics /Users/buddhirajgautam/Library/Developer/Xcode/DerivedData/Telegram-Mac-fygdgghdgmuleoelvxabfmqiotta/Build/Intermediates.noindex/GoogleUtilities.build/Debug/GoogleUtilities-Environment-t.build/Objects-normal/arm64/NSURLSession+GULPromises.dia -c /Users/buddhirajgautam/Library/Developer/Xcode/DerivedData/Telegram-Mac-fygdgghdgmuleoelvxabfmqiotta/SourcePackages/checkouts/GoogleUtilities/GoogleUtilities/Environment/URLSessionPromiseWrapper/NSURLSession+GULPromises.m -o /Users/buddhirajgautam/Library/Developer/Xcode/DerivedData/Telegram-Mac-fygdgghdgmuleoelvxabfmqiotta/Build/Intermediates.noindex/GoogleUtilities.build/Debug/GoogleUtilities-Environment-t.build/Objects-normal/arm64/NSURLSession+GULPromises.o -index-unit-output-path /GoogleUtilities.build/Debug/GoogleUtilities-Environment-t.build/Objects-normal/arm64/NSURLSession+GULPromises.o

CompileC /Users/buddhirajgautam/Library/Developer/Xcode/DerivedData/Telegram-Mac-fygdgghdgmuleoelvxabfmqiotta/Build/Intermediates.noindex/GoogleUtilities.build/Debug/GoogleUtilities-UserDefaults-t.build/Objects-normal/arm64/GULUserDefaults.o /Users/buddhirajgautam/Library/Developer/Xcode/DerivedData/Telegram-Mac-fygdgghdgmuleoelvxabfmqiotta/SourcePackages/checkouts/GoogleUtilities/GoogleUtilities/UserDefaults/GULUserDefaults.m normal arm64 objective-c com.apple.compilers.llvm.clang.1_0.compiler (in target 'GoogleUtilities-UserDefaults' from project 'GoogleUtilities')
    cd /Users/buddhirajgautam/Documents/Cherrygram-Mac/macOS-Swift
    
    Using response file: /Users/buddhirajgautam/Library/Developer/Xcode/DerivedData/Telegram-Mac-fygdgghdgmuleoelvxabfmqiotta/Build/Intermediates.noindex/GoogleUtilities.build/Debug/GoogleUtilities-UserDefaults-t.build/Objects-normal/arm64/e6072d4f65d7061329687fe24e3d63a7-common-args.resp
    
    /Applications/Xcode.app/Contents/Developer/Toolchains/XcodeDefault.xctoolchain/usr/bin/clang -x objective-c -ivfsstatcache /Users/buddhirajgautam/Library/Developer/Xcode/DerivedData/SDKStatCaches.noindex/macosx27.0-26A425-e829b21a6f8c9b70876ba0858053c0447231f6df4def33e022ae2eb8f782df1a.sdkstatcache -target arm64-apple-macos12.0 -fmessage-length\=0 -fdiagnostics-show-note-include-stack -fmacro-backtrace-limit\=0 -fno-color-diagnostics -fmodules-prune-interval\=86400 -fmodules-prune-after\=345600 -fbuild-session-file\=/Users/buddhirajgautam/Library/Developer/Xcode/DerivedData/ModuleCache.noindex/Session.modulevalidation -fmodules-validate-once-per-build-session -Wnon-modular-include-in-framework-module -Werror\=non-modular-include-in-framework-module -Wno-trigraphs -Wno-missing-field-initializers -Wno-missing-prototypes -Wno-return-type -Wno-implicit-atomic-properties -Wno-objc-interface-ivars -Wno-arc-repeated-use-of-weak -Wno-missing-braces -Wparentheses -Wswitch -Wno-unused-function -Wno-unused-label -Wno-unused-parameter -Wno-unused-variable -Wunused-value -Wno-empty-body -Wno-uninitialized -Wno-unknown-pragmas -w -Wno-shadow -Wno-four-char-constants -Wno-conversion -Wno-constant-conversion -Wno-int-conversion -Wno-bool-conversion -Wno-enum-conversion -Wno-float-conversion -Wno-non-literal-null-conversion -Wno-objc-literal-conversion -Wshorten-64-to-32 -Wpointer-sign -Wno-newline-eof -Wno-selector -Wno-strict-selector-match -Wno-undeclared-selector -Wno-deprecated-implementations -Wno-implicit-fallthrough -isysroot /Applications/Xcode.app/Contents/Developer/Platforms/MacOSX.platform/Developer/SDKs/MacOSX27.0.sdk -fstrict-aliasing -Wprotocol -Wdeprecated-declarations -Wno-sign-conversion -Wno-infinite-recursion -Wno-comma -Wno-block-capture-autoreleasing -Wno-strict-prototypes -Wno-semicolon-before-method-body -index-store-path /Users/buddhirajgautam/Library/Developer/Xcode/DerivedData/Telegram-Mac-fygdgghdgmuleoelvxabfmqiotta/Index.noindex/DataStore @/Users/buddhirajgautam/Library/Developer/Xcode/DerivedData/Telegram-Mac-fygdgghdgmuleoelvxabfmqiotta/Build/Intermediates.noindex/GoogleUtilities.build/Debug/GoogleUtilities-UserDefaults-t.build/Objects-normal/arm64/e6072d4f65d7061329687fe24e3d63a7-common-args.resp -include /Users/buddhirajgautam/Library/Developer/Xcode/DerivedData/Telegram-Mac-fygdgghdgmuleoelvxabfmqiotta/Build/Intermediates.noindex/GoogleUtilities.build/Debug/GoogleUtilities-UserDefaults-t.build/DerivedSources/resource_bundle_accessor.h -MMD -MT dependencies -MF /Users/buddhirajgautam/Library/Developer/Xcode/DerivedData/Telegram-Mac-fygdgghdgmuleoelvxabfmqiotta/Build/Intermediates.noindex/GoogleUtilities.build/Debug/GoogleUtilities-UserDefaults-t.build/Objects-normal/arm64/GULUserDefaults.d --serialize-diagnostics /Users/buddhirajgautam/Library/Developer/Xcode/DerivedData/Telegram-Mac-fygdgghdgmuleoelvxabfmqiotta/Build/Intermediates.noindex/GoogleUtilities.build/Debug/GoogleUtilities-UserDefaults-t.build/Objects-normal/arm64/GULUserDefaults.dia -c /Users/buddhirajgautam/Library/Developer/Xcode/DerivedData/Telegram-Mac-fygdgghdgmuleoelvxabfmqiotta/SourcePackages/checkouts/GoogleUtilities/GoogleUtilities/UserDefaults/GULUserDefaults.m -o /Users/buddhirajgautam/Library/Developer/Xcode/DerivedData/Telegram-Mac-fygdgghdgmuleoelvxabfmqiotta/Build/Intermediates.noindex/GoogleUtilities.build/Debug/GoogleUtilities-UserDefaults-t.build/Objects-normal/arm64/GULUserDefaults.o -index-unit-output-path /GoogleUtilities.build/Debug/GoogleUtilities-UserDefaults-t.build/Objects-normal/arm64/GULUserDefaults.o

CompileC /Users/buddhirajgautam/Library/Developer/Xcode/DerivedData/Telegram-Mac-fygdgghdgmuleoelvxabfmqiotta/Build/Intermediates.noindex/GoogleUtilities.build/Debug/GoogleUtilities-Reachability-t.build/Objects-normal/arm64/GULReachabilityChecker.o /Users/buddhirajgautam/Library/Developer/Xcode/DerivedData/Telegram-Mac-fygdgghdgmuleoelvxabfmqiotta/SourcePackages/checkouts/GoogleUtilities/GoogleUtilities/Reachability/GULReachabilityChecker.m normal arm64 objective-c com.apple.compilers.llvm.clang.1_0.compiler (in target 'GoogleUtilities-Reachability' from project 'GoogleUtilities')
    cd /Users/buddhirajgautam/Documents/Cherrygram-Mac/macOS-Swift
    
    Using response file: /Users/buddhirajgautam/Library/Developer/Xcode/DerivedData/Telegram-Mac-fygdgghdgmuleoelvxabfmqiotta/Build/Intermediates.noindex/GoogleUtilities.build/Debug/GoogleUtilities-Reachability-t.build/Objects-normal/arm64/e6072d4f65d7061329687fe24e3d63a7-common-args.resp
    
    /Applications/Xcode.app/Contents/Developer/Toolchains/XcodeDefault.xctoolchain/usr/bin/clang -x objective-c -ivfsstatcache /Users/buddhirajgautam/Library/Developer/Xcode/DerivedData/SDKStatCaches.noindex/macosx27.0-26A425-e829b21a6f8c9b70876ba0858053c0447231f6df4def33e022ae2eb8f782df1a.sdkstatcache -target arm64-apple-macos12.0 -fmessage-length\=0 -fdiagnostics-show-note-include-stack -fmacro-backtrace-limit\=0 -fno-color-diagnostics -fmodules-prune-interval\=86400 -fmodules-prune-after\=345600 -fbuild-session-file\=/Users/buddhirajgautam/Library/Developer/Xcode/DerivedData/ModuleCache.noindex/Session.modulevalidation -fmodules-validate-once-per-build-session -Wnon-modular-include-in-framework-module -Werror\=non-modular-include-in-framework-module -Wno-trigraphs -Wno-missing-field-initializers -Wno-missing-prototypes -Wno-return-type -Wno-implicit-atomic-properties -Wno-objc-interface-ivars -Wno-arc-repeated-use-of-weak -Wno-missing-braces -Wparentheses -Wswitch -Wno-unused-function -Wno-unused-label -Wno-unused-parameter -Wno-unused-variable -Wunused-value -Wno-empty-body -Wno-uninitialized -Wno-unknown-pragmas -w -Wno-shadow -Wno-four-char-constants -Wno-conversion -Wno-constant-conversion -Wno-int-conversion -Wno-bool-conversion -Wno-enum-conversion -Wno-float-conversion -Wno-non-literal-null-conversion -Wno-objc-literal-conversion -Wshorten-64-to-32 -Wpointer-sign -Wno-newline-eof -Wno-selector -Wno-strict-selector-match -Wno-undeclared-selector -Wno-deprecated-implementations -Wno-implicit-fallthrough -isysroot /Applications/Xcode.app/Contents/Developer/Platforms/MacOSX.platform/Developer/SDKs/MacOSX27.0.sdk -fstrict-aliasing -Wprotocol -Wdeprecated-declarations -Wno-sign-conversion -Wno-infinite-recursion -Wno-comma -Wno-block-capture-autoreleasing -Wno-strict-prototypes -Wno-semicolon-before-method-body -index-store-path /Users/buddhirajgautam/Library/Developer/Xcode/DerivedData/Telegram-Mac-fygdgghdgmuleoelvxabfmqiotta/Index.noindex/DataStore @/Users/buddhirajgautam/Library/Developer/Xcode/DerivedData/Telegram-Mac-fygdgghdgmuleoelvxabfmqiotta/Build/Intermediates.noindex/GoogleUtilities.build/Debug/GoogleUtilities-Reachability-t.build/Objects-normal/arm64/e6072d4f65d7061329687fe24e3d63a7-common-args.resp -include /Users/buddhirajgautam/Library/Developer/Xcode/DerivedData/Telegram-Mac-fygdgghdgmuleoelvxabfmqiotta/Build/Intermediates.noindex/GoogleUtilities.build/Debug/GoogleUtilities-Reachability-t.build/DerivedSources/resource_bundle_accessor.h -MMD -MT dependencies -MF /Users/buddhirajgautam/Library/Developer/Xcode/DerivedData/Telegram-Mac-fygdgghdgmuleoelvxabfmqiotta/Build/Intermediates.noindex/GoogleUtilities.build/Debug/GoogleUtilities-Reachability-t.build/Objects-normal/arm64/GULReachabilityChecker.d --serialize-diagnostics /Users/buddhirajgautam/Library/Developer/Xcode/DerivedData/Telegram-Mac-fygdgghdgmuleoelvxabfmqiotta/Build/Intermediates.noindex/GoogleUtilities.build/Debug/GoogleUtilities-Reachability-t.build/Objects-normal/arm64/GULReachabilityChecker.dia -c /Users/buddhirajgautam/Library/Developer/Xcode/DerivedData/Telegram-Mac-fygdgghdgmuleoelvxabfmqiotta/SourcePackages/checkouts/GoogleUtilities/GoogleUtilities/Reachability/GULReachabilityChecker.m -o /Users/buddhirajgautam/Library/Developer/Xcode/DerivedData/Telegram-Mac-fygdgghdgmuleoelvxabfmqiotta/Build/Intermediates.noindex/GoogleUtilities.build/Debug/GoogleUtilities-Reachability-t.build/Objects-normal/arm64/GULReachabilityChecker.o -index-unit-output-path /GoogleUtilities.build/Debug/GoogleUtilities-Reachability-t.build/Objects-normal/arm64/GULReachabilityChecker.o

CompileC /Users/buddhirajgautam/Library/Developer/Xcode/DerivedData/Telegram-Mac-fygdgghdgmuleoelvxabfmqiotta/Build/Intermediates.noindex/GoogleUtilities.build/Debug/GoogleUtilities-Network-t.build/Objects-normal/arm64/GULNetworkURLSession.o /Users/buddhirajgautam/Library/Developer/Xcode/DerivedData/Telegram-Mac-fygdgghdgmuleoelvxabfmqiotta/SourcePackages/checkouts/GoogleUtilities/GoogleUtilities/Network/GULNetworkURLSession.m normal arm64 objective-c com.apple.compilers.llvm.clang.1_0.compiler (in target 'GoogleUtilities-Network' from project 'GoogleUtilities')
    cd /Users/buddhirajgautam/Documents/Cherrygram-Mac/macOS-Swift
    
    Using response file: /Users/buddhirajgautam/Library/Developer/Xcode/DerivedData/Telegram-Mac-fygdgghdgmuleoelvxabfmqiotta/Build/Intermediates.noindex/GoogleUtilities.build/Debug/GoogleUtilities-Network-t.build/Objects-normal/arm64/e6072d4f65d7061329687fe24e3d63a7-common-args.resp
    
    /Applications/Xcode.app/Contents/Developer/Toolchains/XcodeDefault.xctoolchain/usr/bin/clang -x objective-c -ivfsstatcache /Users/buddhirajgautam/Library/Developer/Xcode/DerivedData/SDKStatCaches.noindex/macosx27.0-26A425-e829b21a6f8c9b70876ba0858053c0447231f6df4def33e022ae2eb8f782df1a.sdkstatcache -target arm64-apple-macos12.0 -fmessage-length\=0 -fdiagnostics-show-note-include-stack -fmacro-backtrace-limit\=0 -fno-color-diagnostics -fmodules-prune-interval\=86400 -fmodules-prune-after\=345600 -fbuild-session-file\=/Users/buddhirajgautam/Library/Developer/Xcode/DerivedData/ModuleCache.noindex/Session.modulevalidation -fmodules-validate-once-per-build-session -Wnon-modular-include-in-framework-module -Werror\=non-modular-include-in-framework-module -Wno-trigraphs -Wno-missing-field-initializers -Wno-missing-prototypes -Wno-return-type -Wno-implicit-atomic-properties -Wno-objc-interface-ivars -Wno-arc-repeated-use-of-weak -Wno-missing-braces -Wparentheses -Wswitch -Wno-unused-function -Wno-unused-label -Wno-unused-parameter -Wno-unused-variable -Wunused-value -Wno-empty-body -Wno-uninitialized -Wno-unknown-pragmas -w -Wno-shadow -Wno-four-char-constants -Wno-conversion -Wno-constant-conversion -Wno-int-conversion -Wno-bool-conversion -Wno-enum-conversion -Wno-float-conversion -Wno-non-literal-null-conversion -Wno-objc-literal-conversion -Wshorten-64-to-32 -Wpointer-sign -Wno-newline-eof -Wno-selector -Wno-strict-selector-match -Wno-undeclared-selector -Wno-deprecated-implementations -Wno-implicit-fallthrough -isysroot /Applications/Xcode.app/Contents/Developer/Platforms/MacOSX.platform/Developer/SDKs/MacOSX27.0.sdk -fstrict-aliasing -Wprotocol -Wdeprecated-declarations -Wno-sign-conversion -Wno-infinite-recursion -Wno-comma -Wno-block-capture-autoreleasing -Wno-strict-prototypes -Wno-semicolon-before-method-body -index-store-path /Users/buddhirajgautam/Library/Developer/Xcode/DerivedData/Telegram-Mac-fygdgghdgmuleoelvxabfmqiotta/Index.noindex/DataStore @/Users/buddhirajgautam/Library/Developer/Xcode/DerivedData/Telegram-Mac-fygdgghdgmuleoelvxabfmqiotta/Build/Intermediates.noindex/GoogleUtilities.build/Debug/GoogleUtilities-Network-t.build/Objects-normal/arm64/e6072d4f65d7061329687fe24e3d63a7-common-args.resp -include /Users/buddhirajgautam/Library/Developer/Xcode/DerivedData/Telegram-Mac-fygdgghdgmuleoelvxabfmqiotta/Build/Intermediates.noindex/GoogleUtilities.build/Debug/GoogleUtilities-Network-t.build/DerivedSources/resource_bundle_accessor.h -MMD -MT dependencies -MF /Users/buddhirajgautam/Library/Developer/Xcode/DerivedData/Telegram-Mac-fygdgghdgmuleoelvxabfmqiotta/Build/Intermediates.noindex/GoogleUtilities.build/Debug/GoogleUtilities-Network-t.build/Objects-normal/arm64/GULNetworkURLSession.d --serialize-diagnostics /Users/buddhirajgautam/Library/Developer/Xcode/DerivedData/Telegram-Mac-fygdgghdgmuleoelvxabfmqiotta/Build/Intermediates.noindex/GoogleUtilities.build/Debug/GoogleUtilities-Network-t.build/Objects-normal/arm64/GULNetworkURLSession.dia -c /Users/buddhirajgautam/Library/Developer/Xcode/DerivedData/Telegram-Mac-fygdgghdgmuleoelvxabfmqiotta/SourcePackages/checkouts/GoogleUtilities/GoogleUtilities/Network/GULNetworkURLSession.m -o /Users/buddhirajgautam/Library/Developer/Xcode/DerivedData/Telegram-Mac-fygdgghdgmuleoelvxabfmqiotta/Build/Intermediates.noindex/GoogleUtilities.build/Debug/GoogleUtilities-Network-t.build/Objects-normal/arm64/GULNetworkURLSession.o -index-unit-output-path /GoogleUtilities.build/Debug/GoogleUtilities-Network-t.build/Objects-normal/arm64/GULNetworkURLSession.o

CompileC /Users/buddhirajgautam/Library/Developer/Xcode/DerivedData/Telegram-Mac-fygdgghdgmuleoelvxabfmqiotta/Build/Intermediates.noindex/GoogleUtilities.build/Debug/GoogleUtilities-Network-t.build/Objects-normal/arm64/GULNetworkConstants.o /Users/buddhirajgautam/Library/Developer/Xcode/DerivedData/Telegram-Mac-fygdgghdgmuleoelvxabfmqiotta/SourcePackages/checkouts/GoogleUtilities/GoogleUtilities/Network/GULNetworkConstants.m normal arm64 objective-c com.apple.compilers.llvm.clang.1_0.compiler (in target 'GoogleUtilities-Network' from project 'GoogleUtilities')
    cd /Users/buddhirajgautam/Documents/Cherrygram-Mac/macOS-Swift
    
    Using response file: /Users/buddhirajgautam/Library/Developer/Xcode/DerivedData/Telegram-Mac-fygdgghdgmuleoelvxabfmqiotta/Build/Intermediates.noindex/GoogleUtilities.build/Debug/GoogleUtilities-Network-t.build/Objects-normal/arm64/e6072d4f65d7061329687fe24e3d63a7-common-args.resp
    
    /Applications/Xcode.app/Contents/Developer/Toolchains/XcodeDefault.xctoolchain/usr/bin/clang -x objective-c -ivfsstatcache /Users/buddhirajgautam/Library/Developer/Xcode/DerivedData/SDKStatCaches.noindex/macosx27.0-26A425-e829b21a6f8c9b70876ba0858053c0447231f6df4def33e022ae2eb8f782df1a.sdkstatcache -target arm64-apple-macos12.0 -fmessage-length\=0 -fdiagnostics-show-note-include-stack -fmacro-backtrace-limit\=0 -fno-color-diagnostics -fmodules-prune-interval\=86400 -fmodules-prune-after\=345600 -fbuild-session-file\=/Users/buddhirajgautam/Library/Developer/Xcode/DerivedData/ModuleCache.noindex/Session.modulevalidation -fmodules-validate-once-per-build-session -Wnon-modular-include-in-framework-module -Werror\=non-modular-include-in-framework-module -Wno-trigraphs -Wno-missing-field-initializers -Wno-missing-prototypes -Wno-return-type -Wno-implicit-atomic-properties -Wno-objc-interface-ivars -Wno-arc-repeated-use-of-weak -Wno-missing-braces -Wparentheses -Wswitch -Wno-unused-function -Wno-unused-label -Wno-unused-parameter -Wno-unused-variable -Wunused-value -Wno-empty-body -Wno-uninitialized -Wno-unknown-pragmas -w -Wno-shadow -Wno-four-char-constants -Wno-conversion -Wno-constant-conversion -Wno-int-conversion -Wno-bool-conversion -Wno-enum-conversion -Wno-float-conversion -Wno-non-literal-null-conversion -Wno-objc-literal-conversion -Wshorten-64-to-32 -Wpointer-sign -Wno-newline-eof -Wno-selector -Wno-strict-selector-match -Wno-undeclared-selector -Wno-deprecated-implementations -Wno-implicit-fallthrough -isysroot /Applications/Xcode.app/Contents/Developer/Platforms/MacOSX.platform/Developer/SDKs/MacOSX27.0.sdk -fstrict-aliasing -Wprotocol -Wdeprecated-declarations -Wno-sign-conversion -Wno-infinite-recursion -Wno-comma -Wno-block-capture-autoreleasing -Wno-strict-prototypes -Wno-semicolon-before-method-body -index-store-path /Users/buddhirajgautam/Library/Developer/Xcode/DerivedData/Telegram-Mac-fygdgghdgmuleoelvxabfmqiotta/Index.noindex/DataStore @/Users/buddhirajgautam/Library/Developer/Xcode/DerivedData/Telegram-Mac-fygdgghdgmuleoelvxabfmqiotta/Build/Intermediates.noindex/GoogleUtilities.build/Debug/GoogleUtilities-Network-t.build/Objects-normal/arm64/e6072d4f65d7061329687fe24e3d63a7-common-args.resp -include /Users/buddhirajgautam/Library/Developer/Xcode/DerivedData/Telegram-Mac-fygdgghdgmuleoelvxabfmqiotta/Build/Intermediates.noindex/GoogleUtilities.build/Debug/GoogleUtilities-Network-t.build/DerivedSources/resource_bundle_accessor.h -MMD -MT dependencies -MF /Users/buddhirajgautam/Library/Developer/Xcode/DerivedData/Telegram-Mac-fygdgghdgmuleoelvxabfmqiotta/Build/Intermediates.noindex/GoogleUtilities.build/Debug/GoogleUtilities-Network-t.build/Objects-normal/arm64/GULNetworkConstants.d --serialize-diagnostics /Users/buddhirajgautam/Library/Developer/Xcode/DerivedData/Telegram-Mac-fygdgghdgmuleoelvxabfmqiotta/Build/Intermediates.noindex/GoogleUtilities.build/Debug/GoogleUtilities-Network-t.build/Objects-normal/arm64/GULNetworkConstants.dia -c /Users/buddhirajgautam/Library/Developer/Xcode/DerivedData/Telegram-Mac-fygdgghdgmuleoelvxabfmqiotta/SourcePackages/checkouts/GoogleUtilities/GoogleUtilities/Network/GULNetworkConstants.m -o /Users/buddhirajgautam/Library/Developer/Xcode/DerivedData/Telegram-Mac-fygdgghdgmuleoelvxabfmqiotta/Build/Intermediates.noindex/GoogleUtilities.build/Debug/GoogleUtilities-Network-t.build/Objects-normal/arm64/GULNetworkConstants.o -index-unit-output-path /GoogleUtilities.build/Debug/GoogleUtilities-Network-t.build/Objects-normal/arm64/GULNetworkConstants.o

CompileC /Users/buddhirajgautam/Library/Developer/Xcode/DerivedData/Telegram-Mac-fygdgghdgmuleoelvxabfmqiotta/Build/Intermediates.noindex/GoogleUtilities.build/Debug/GoogleUtilities-Network-t.build/Objects-normal/arm64/GULNetwork.o /Users/buddhirajgautam/Library/Developer/Xcode/DerivedData/Telegram-Mac-fygdgghdgmuleoelvxabfmqiotta/SourcePackages/checkouts/GoogleUtilities/GoogleUtilities/Network/GULNetwork.m normal arm64 objective-c com.apple.compilers.llvm.clang.1_0.compiler (in target 'GoogleUtilities-Network' from project 'GoogleUtilities')
    cd /Users/buddhirajgautam/Documents/Cherrygram-Mac/macOS-Swift
    
    Using response file: /Users/buddhirajgautam/Library/Developer/Xcode/DerivedData/Telegram-Mac-fygdgghdgmuleoelvxabfmqiotta/Build/Intermediates.noindex/GoogleUtilities.build/Debug/GoogleUtilities-Network-t.build/Objects-normal/arm64/e6072d4f65d7061329687fe24e3d63a7-common-args.resp
    
    /Applications/Xcode.app/Contents/Developer/Toolchains/XcodeDefault.xctoolchain/usr/bin/clang -x objective-c -ivfsstatcache /Users/buddhirajgautam/Library/Developer/Xcode/DerivedData/SDKStatCaches.noindex/macosx27.0-26A425-e829b21a6f8c9b70876ba0858053c0447231f6df4def33e022ae2eb8f782df1a.sdkstatcache -target arm64-apple-macos12.0 -fmessage-length\=0 -fdiagnostics-show-note-include-stack -fmacro-backtrace-limit\=0 -fno-color-diagnostics -fmodules-prune-interval\=86400 -fmodules-prune-after\=345600 -fbuild-session-file\=/Users/buddhirajgautam/Library/Developer/Xcode/DerivedData/ModuleCache.noindex/Session.modulevalidation -fmodules-validate-once-per-build-session -Wnon-modular-include-in-framework-module -Werror\=non-modular-include-in-framework-module -Wno-trigraphs -Wno-missing-field-initializers -Wno-missing-prototypes -Wno-return-type -Wno-implicit-atomic-properties -Wno-objc-interface-ivars -Wno-arc-repeated-use-of-weak -Wno-missing-braces -Wparentheses -Wswitch -Wno-unused-function -Wno-unused-label -Wno-unused-parameter -Wno-unused-variable -Wunused-value -Wno-empty-body -Wno-uninitialized -Wno-unknown-pragmas -w -Wno-shadow -Wno-four-char-constants -Wno-conversion -Wno-constant-conversion -Wno-int-conversion -Wno-bool-conversion -Wno-enum-conversion -Wno-float-conversion -Wno-non-literal-null-conversion -Wno-objc-literal-conversion -Wshorten-64-to-32 -Wpointer-sign -Wno-newline-eof -Wno-selector -Wno-strict-selector-match -Wno-undeclared-selector -Wno-deprecated-implementations -Wno-implicit-fallthrough -isysroot /Applications/Xcode.app/Contents/Developer/Platforms/MacOSX.platform/Developer/SDKs/MacOSX27.0.sdk -fstrict-aliasing -Wprotocol -Wdeprecated-declarations -Wno-sign-conversion -Wno-infinite-recursion -Wno-comma -Wno-block-capture-autoreleasing -Wno-strict-prototypes -Wno-semicolon-before-method-body -index-store-path /Users/buddhirajgautam/Library/Developer/Xcode/DerivedData/Telegram-Mac-fygdgghdgmuleoelvxabfmqiotta/Index.noindex/DataStore @/Users/buddhirajgautam/Library/Developer/Xcode/DerivedData/Telegram-Mac-fygdgghdgmuleoelvxabfmqiotta/Build/Intermediates.noindex/GoogleUtilities.build/Debug/GoogleUtilities-Network-t.build/Objects-normal/arm64/e6072d4f65d7061329687fe24e3d63a7-common-args.resp -include /Users/buddhirajgautam/Library/Developer/Xcode/DerivedData/Telegram-Mac-fygdgghdgmuleoelvxabfmqiotta/Build/Intermediates.noindex/GoogleUtilities.build/Debug/GoogleUtilities-Network-t.build/DerivedSources/resource_bundle_accessor.h -MMD -MT dependencies -MF /Users/buddhirajgautam/Library/Developer/Xcode/DerivedData/Telegram-Mac-fygdgghdgmuleoelvxabfmqiotta/Build/Intermediates.noindex/GoogleUtilities.build/Debug/GoogleUtilities-Network-t.build/Objects-normal/arm64/GULNetwork.d --serialize-diagnostics /Users/buddhirajgautam/Library/Developer/Xcode/DerivedData/Telegram-Mac-fygdgghdgmuleoelvxabfmqiotta/Build/Intermediates.noindex/GoogleUtilities.build/Debug/GoogleUtilities-Network-t.build/Objects-normal/arm64/GULNetwork.dia -c /Users/buddhirajgautam/Library/Developer/Xcode/DerivedData/Telegram-Mac-fygdgghdgmuleoelvxabfmqiotta/SourcePackages/checkouts/GoogleUtilities/GoogleUtilities/Network/GULNetwork.m -o /Users/buddhirajgautam/Library/Developer/Xcode/DerivedData/Telegram-Mac-fygdgghdgmuleoelvxabfmqiotta/Build/Intermediates.noindex/GoogleUtilities.build/Debug/GoogleUtilities-Network-t.build/Objects-normal/arm64/GULNetwork.o -index-unit-output-path /GoogleUtilities.build/Debug/GoogleUtilities-Network-t.build/Objects-normal/arm64/GULNetwork.o

CompileC /Users/buddhirajgautam/Library/Developer/Xcode/DerivedData/Telegram-Mac-fygdgghdgmuleoelvxabfmqiotta/Build/Intermediates.noindex/GoogleUtilities.build/Debug/GoogleUtilities-MethodSwizzler-t.build/Objects-normal/arm64/GULSwizzler.o /Users/buddhirajgautam/Library/Developer/Xcode/DerivedData/Telegram-Mac-fygdgghdgmuleoelvxabfmqiotta/SourcePackages/checkouts/GoogleUtilities/GoogleUtilities/MethodSwizzler/GULSwizzler.m normal arm64 objective-c com.apple.compilers.llvm.clang.1_0.compiler (in target 'GoogleUtilities-MethodSwizzler' from project 'GoogleUtilities')
    cd /Users/buddhirajgautam/Documents/Cherrygram-Mac/macOS-Swift
    
    Using response file: /Users/buddhirajgautam/Library/Developer/Xcode/DerivedData/Telegram-Mac-fygdgghdgmuleoelvxabfmqiotta/Build/Intermediates.noindex/GoogleUtilities.build/Debug/GoogleUtilities-MethodSwizzler-t.build/Objects-normal/arm64/e6072d4f65d7061329687fe24e3d63a7-common-args.resp
    
    /Applications/Xcode.app/Contents/Developer/Toolchains/XcodeDefault.xctoolchain/usr/bin/clang -x objective-c -ivfsstatcache /Users/buddhirajgautam/Library/Developer/Xcode/DerivedData/SDKStatCaches.noindex/macosx27.0-26A425-e829b21a6f8c9b70876ba0858053c0447231f6df4def33e022ae2eb8f782df1a.sdkstatcache -target arm64-apple-macos12.0 -fmessage-length\=0 -fdiagnostics-show-note-include-stack -fmacro-backtrace-limit\=0 -fno-color-diagnostics -fmodules-prune-interval\=86400 -fmodules-prune-after\=345600 -fbuild-session-file\=/Users/buddhirajgautam/Library/Developer/Xcode/DerivedData/ModuleCache.noindex/Session.modulevalidation -fmodules-validate-once-per-build-session -Wnon-modular-include-in-framework-module -Werror\=non-modular-include-in-framework-module -Wno-trigraphs -Wno-missing-field-initializers -Wno-missing-prototypes -Wno-return-type -Wno-implicit-atomic-properties -Wno-objc-interface-ivars -Wno-arc-repeated-use-of-weak -Wno-missing-braces -Wparentheses -Wswitch -Wno-unused-function -Wno-unused-label -Wno-unused-parameter -Wno-unused-variable -Wunused-value -Wno-empty-body -Wno-uninitialized -Wno-unknown-pragmas -w -Wno-shadow -Wno-four-char-constants -Wno-conversion -Wno-constant-conversion -Wno-int-conversion -Wno-bool-conversion -Wno-enum-conversion -Wno-float-conversion -Wno-non-literal-null-conversion -Wno-objc-literal-conversion -Wshorten-64-to-32 -Wpointer-sign -Wno-newline-eof -Wno-selector -Wno-strict-selector-match -Wno-undeclared-selector -Wno-deprecated-implementations -Wno-implicit-fallthrough -isysroot /Applications/Xcode.app/Contents/Developer/Platforms/MacOSX.platform/Developer/SDKs/MacOSX27.0.sdk -fstrict-aliasing -Wprotocol -Wdeprecated-declarations -Wno-sign-conversion -Wno-infinite-recursion -Wno-comma -Wno-block-capture-autoreleasing -Wno-strict-prototypes -Wno-semicolon-before-method-body -index-store-path /Users/buddhirajgautam/Library/Developer/Xcode/DerivedData/Telegram-Mac-fygdgghdgmuleoelvxabfmqiotta/Index.noindex/DataStore @/Users/buddhirajgautam/Library/Developer/Xcode/DerivedData/Telegram-Mac-fygdgghdgmuleoelvxabfmqiotta/Build/Intermediates.noindex/GoogleUtilities.build/Debug/GoogleUtilities-MethodSwizzler-t.build/Objects-normal/arm64/e6072d4f65d7061329687fe24e3d63a7-common-args.resp -include /Users/buddhirajgautam/Library/Developer/Xcode/DerivedData/Telegram-Mac-fygdgghdgmuleoelvxabfmqiotta/Build/Intermediates.noindex/GoogleUtilities.build/Debug/GoogleUtilities-MethodSwizzler-t.build/DerivedSources/resource_bundle_accessor.h -MMD -MT dependencies -MF /Users/buddhirajgautam/Library/Developer/Xcode/DerivedData/Telegram-Mac-fygdgghdgmuleoelvxabfmqiotta/Build/Intermediates.noindex/GoogleUtilities.build/Debug/GoogleUtilities-MethodSwizzler-t.build/Objects-normal/arm64/GULSwizzler.d --serialize-diagnostics /Users/buddhirajgautam/Library/Developer/Xcode/DerivedData/Telegram-Mac-fygdgghdgmuleoelvxabfmqiotta/Build/Intermediates.noindex/GoogleUtilities.build/Debug/GoogleUtilities-MethodSwizzler-t.build/Objects-normal/arm64/GULSwizzler.dia -c /Users/buddhirajgautam/Library/Developer/Xcode/DerivedData/Telegram-Mac-fygdgghdgmuleoelvxabfmqiotta/SourcePackages/checkouts/GoogleUtilities/GoogleUtilities/MethodSwizzler/GULSwizzler.m -o /Users/buddhirajgautam/Library/Developer/Xcode/DerivedData/Telegram-Mac-fygdgghdgmuleoelvxabfmqiotta/Build/Intermediates.noindex/GoogleUtilities.build/Debug/GoogleUtilities-MethodSwizzler-t.build/Objects-normal/arm64/GULSwizzler.o -index-unit-output-path /GoogleUtilities.build/Debug/GoogleUtilities-MethodSwizzler-t.build/Objects-normal/arm64/GULSwizzler.o

CompileC /Users/buddhirajgautam/Library/Developer/Xcode/DerivedData/Telegram-Mac-fygdgghdgmuleoelvxabfmqiotta/Build/Intermediates.noindex/GoogleUtilities.build/Debug/GoogleUtilities-Environment-t.build/Objects-normal/arm64/GULKeychainStorage.o /Users/buddhirajgautam/Library/Developer/Xcode/DerivedData/Telegram-Mac-fygdgghdgmuleoelvxabfmqiotta/SourcePackages/checkouts/GoogleUtilities/GoogleUtilities/Environment/SecureStorage/GULKeychainStorage.m normal arm64 objective-c com.apple.compilers.llvm.clang.1_0.compiler (in target 'GoogleUtilities-Environment' from project 'GoogleUtilities')
    cd /Users/buddhirajgautam/Documents/Cherrygram-Mac/macOS-Swift
    
    Using response file: /Users/buddhirajgautam/Library/Developer/Xcode/DerivedData/Telegram-Mac-fygdgghdgmuleoelvxabfmqiotta/Build/Intermediates.noindex/GoogleUtilities.build/Debug/GoogleUtilities-Environment-t.build/Objects-normal/arm64/e6072d4f65d7061329687fe24e3d63a7-common-args.resp
    
    /Applications/Xcode.app/Contents/Developer/Toolchains/XcodeDefault.xctoolchain/usr/bin/clang -x objective-c -ivfsstatcache /Users/buddhirajgautam/Library/Developer/Xcode/DerivedData/SDKStatCaches.noindex/macosx27.0-26A425-e829b21a6f8c9b70876ba0858053c0447231f6df4def33e022ae2eb8f782df1a.sdkstatcache -target arm64-apple-macos12.0 -fmessage-length\=0 -fdiagnostics-show-note-include-stack -fmacro-backtrace-limit\=0 -fno-color-diagnostics -fmodules-prune-interval\=86400 -fmodules-prune-after\=345600 -fbuild-session-file\=/Users/buddhirajgautam/Library/Developer/Xcode/DerivedData/ModuleCache.noindex/Session.modulevalidation -fmodules-validate-once-per-build-session -Wnon-modular-include-in-framework-module -Werror\=non-modular-include-in-framework-module -Wno-trigraphs -Wno-missing-field-initializers -Wno-missing-prototypes -Wno-return-type -Wno-implicit-atomic-properties -Wno-objc-interface-ivars -Wno-arc-repeated-use-of-weak -Wno-missing-braces -Wparentheses -Wswitch -Wno-unused-function -Wno-unused-label -Wno-unused-parameter -Wno-unused-variable -Wunused-value -Wno-empty-body -Wno-uninitialized -Wno-unknown-pragmas -w -Wno-shadow -Wno-four-char-constants -Wno-conversion -Wno-constant-conversion -Wno-int-conversion -Wno-bool-conversion -Wno-enum-conversion -Wno-float-conversion -Wno-non-literal-null-conversion -Wno-objc-literal-conversion -Wshorten-64-to-32 -Wpointer-sign -Wno-newline-eof -Wno-selector -Wno-strict-selector-match -Wno-undeclared-selector -Wno-deprecated-implementations -Wno-implicit-fallthrough -isysroot /Applications/Xcode.app/Contents/Developer/Platforms/MacOSX.platform/Developer/SDKs/MacOSX27.0.sdk -fstrict-aliasing -Wprotocol -Wdeprecated-declarations -Wno-sign-conversion -Wno-infinite-recursion -Wno-comma -Wno-block-capture-autoreleasing -Wno-strict-prototypes -Wno-semicolon-before-method-body -index-store-path /Users/buddhirajgautam/Library/Developer/Xcode/DerivedData/Telegram-Mac-fygdgghdgmuleoelvxabfmqiotta/Index.noindex/DataStore @/Users/buddhirajgautam/Library/Developer/Xcode/DerivedData/Telegram-Mac-fygdgghdgmuleoelvxabfmqiotta/Build/Intermediates.noindex/GoogleUtilities.build/Debug/GoogleUtilities-Environment-t.build/Objects-normal/arm64/e6072d4f65d7061329687fe24e3d63a7-common-args.resp -include /Users/buddhirajgautam/Library/Developer/Xcode/DerivedData/Telegram-Mac-fygdgghdgmuleoelvxabfmqiotta/Build/Intermediates.noindex/GoogleUtilities.build/Debug/GoogleUtilities-Environment-t.build/DerivedSources/resource_bundle_accessor.h -MMD -MT dependencies -MF /Users/buddhirajgautam/Library/Developer/Xcode/DerivedData/Telegram-Mac-fygdgghdgmuleoelvxabfmqiotta/Build/Intermediates.noindex/GoogleUtilities.build/Debug/GoogleUtilities-Environment-t.build/Objects-normal/arm64/GULKeychainStorage.d --serialize-diagnostics /Users/buddhirajgautam/Library/Developer/Xcode/DerivedData/Telegram-Mac-fygdgghdgmuleoelvxabfmqiotta/Build/Intermediates.noindex/GoogleUtilities.build/Debug/GoogleUtilities-Environment-t.build/Objects-normal/arm64/GULKeychainStorage.dia -c /Users/buddhirajgautam/Library/Developer/Xcode/DerivedData/Telegram-Mac-fygdgghdgmuleoelvxabfmqiotta/SourcePackages/checkouts/GoogleUtilities/GoogleUtilities/Environment/SecureStorage/GULKeychainStorage.m -o /Users/buddhirajgautam/Library/Developer/Xcode/DerivedData/Telegram-Mac-fygdgghdgmuleoelvxabfmqiotta/Build/Intermediates.noindex/GoogleUtilities.build/Debug/GoogleUtilities-Environment-t.build/Objects-normal/arm64/GULKeychainStorage.o -index-unit-output-path /GoogleUtilities.build/Debug/GoogleUtilities-Environment-t.build/Objects-normal/arm64/GULKeychainStorage.o

PrecompileModule /Users/buddhirajgautam/Library/Developer/Xcode/DerivedData/Telegram-Mac-fygdgghdgmuleoelvxabfmqiotta/Build/Intermediates.noindex/ExplicitPrecompiledModules/OpenGL-8FT037C2UDQ9CYHX98959IHK8.scan
    cd /
    builtin-precompileModule /Users/buddhirajgautam/Library/Developer/Xcode/DerivedData/Telegram-Mac-fygdgghdgmuleoelvxabfmqiotta/Build/Intermediates.noindex/ExplicitPrecompiledModules/OpenGL-8FT037C2UDQ9CYHX98959IHK8.scan

PrecompileModule /Users/buddhirajgautam/Library/Developer/Xcode/DerivedData/Telegram-Mac-fygdgghdgmuleoelvxabfmqiotta/Build/Intermediates.noindex/ExplicitPrecompiledModules/_LocationEssentials-CNHLEWQ0YC57XB3KLCHHXQ1GL.scan
    cd /
    builtin-precompileModule /Users/buddhirajgautam/Library/Developer/Xcode/DerivedData/Telegram-Mac-fygdgghdgmuleoelvxabfmqiotta/Build/Intermediates.noindex/ExplicitPrecompiledModules/_LocationEssentials-CNHLEWQ0YC57XB3KLCHHXQ1GL.scan

PrecompileModule /Users/buddhirajgautam/Library/Developer/Xcode/DerivedData/Telegram-Mac-fygdgghdgmuleoelvxabfmqiotta/Build/Intermediates.noindex/ExplicitPrecompiledModules/GoogleUtilities_Network-C21UT7IC3WE0PT27FB4P8NBDC.scan
    cd /
    builtin-precompileModule /Users/buddhirajgautam/Library/Developer/Xcode/DerivedData/Telegram-Mac-fygdgghdgmuleoelvxabfmqiotta/Build/Intermediates.noindex/ExplicitPrecompiledModules/GoogleUtilities_Network-C21UT7IC3WE0PT27FB4P8NBDC.scan

PrecompileModule /Users/buddhirajgautam/Library/Developer/Xcode/DerivedData/Telegram-Mac-fygdgghdgmuleoelvxabfmqiotta/Build/Intermediates.noindex/ExplicitPrecompiledModules/ImageIO-DWZZ19BUSM3WYVHR22PX0BEZB.scan
    cd /
    builtin-precompileModule /Users/buddhirajgautam/Library/Developer/Xcode/DerivedData/Telegram-Mac-fygdgghdgmuleoelvxabfmqiotta/Build/Intermediates.noindex/ExplicitPrecompiledModules/ImageIO-DWZZ19BUSM3WYVHR22PX0BEZB.scan

PrecompileModule /Users/buddhirajgautam/Library/Developer/Xcode/DerivedData/Telegram-Mac-fygdgghdgmuleoelvxabfmqiotta/Build/Intermediates.noindex/ExplicitPrecompiledModules/IOSurface-5NKBQVRGUHF1K6LGV33W97BJD.scan
    cd /
    builtin-precompileModule /Users/buddhirajgautam/Library/Developer/Xcode/DerivedData/Telegram-Mac-fygdgghdgmuleoelvxabfmqiotta/Build/Intermediates.noindex/ExplicitPrecompiledModules/IOSurface-5NKBQVRGUHF1K6LGV33W97BJD.scan

PrecompileModule /Users/buddhirajgautam/Library/Developer/Xcode/DerivedData/Telegram-Mac-fygdgghdgmuleoelvxabfmqiotta/Build/Intermediates.noindex/ExplicitPrecompiledModules/Symbols-40XBGFV6ZOC4OUY4ZYRCTF11H.scan
    cd /
    builtin-precompileModule /Users/buddhirajgautam/Library/Developer/Xcode/DerivedData/Telegram-Mac-fygdgghdgmuleoelvxabfmqiotta/Build/Intermediates.noindex/ExplicitPrecompiledModules/Symbols-40XBGFV6ZOC4OUY4ZYRCTF11H.scan

PrecompileModule /Users/buddhirajgautam/Library/Developer/Xcode/DerivedData/Telegram-Mac-fygdgghdgmuleoelvxabfmqiotta/Build/Intermediates.noindex/ExplicitPrecompiledModules/GoogleUtilities_Environment-15CULLUIL17E1H4V0NXGOKAGQ.scan
    cd /
    builtin-precompileModule /Users/buddhirajgautam/Library/Developer/Xcode/DerivedData/Telegram-Mac-fygdgghdgmuleoelvxabfmqiotta/Build/Intermediates.noindex/ExplicitPrecompiledModules/GoogleUtilities_Environment-15CULLUIL17E1H4V0NXGOKAGQ.scan

PrecompileModule /Users/buddhirajgautam/Library/Developer/Xcode/DerivedData/Telegram-Mac-fygdgghdgmuleoelvxabfmqiotta/Build/Intermediates.noindex/ExplicitPrecompiledModules/CoreLocation-61PN9KH5KR6ME10V245MOFQ6O.scan
    cd /
    builtin-precompileModule /Users/buddhirajgautam/Library/Developer/Xcode/DerivedData/Telegram-Mac-fygdgghdgmuleoelvxabfmqiotta/Build/Intermediates.noindex/ExplicitPrecompiledModules/CoreLocation-61PN9KH5KR6ME10V245MOFQ6O.scan

PrecompileModule /Users/buddhirajgautam/Library/Developer/Xcode/DerivedData/Telegram-Mac-fygdgghdgmuleoelvxabfmqiotta/Build/Intermediates.noindex/ExplicitPrecompiledModules/_Builtin_stddef-D8HFTP2AJHWHMZ64EWO9CTV6S.scan
    cd /
    builtin-precompileModule /Users/buddhirajgautam/Library/Developer/Xcode/DerivedData/Telegram-Mac-fygdgghdgmuleoelvxabfmqiotta/Build/Intermediates.noindex/ExplicitPrecompiledModules/_Builtin_stddef-D8HFTP2AJHWHMZ64EWO9CTV6S.scan

PrecompileModule /Users/buddhirajgautam/Library/Developer/Xcode/DerivedData/Telegram-Mac-fygdgghdgmuleoelvxabfmqiotta/Build/Intermediates.noindex/ExplicitPrecompiledModules/_Builtin_float-61LXU4K4383B41HORRUSJKTTL.scan
    cd /
    builtin-precompileModule /Users/buddhirajgautam/Library/Developer/Xcode/DerivedData/Telegram-Mac-fygdgghdgmuleoelvxabfmqiotta/Build/Intermediates.noindex/ExplicitPrecompiledModules/_Builtin_float-61LXU4K4383B41HORRUSJKTTL.scan

CompileC /Users/buddhirajgautam/Library/Developer/Xcode/DerivedData/Telegram-Mac-fygdgghdgmuleoelvxabfmqiotta/Build/Intermediates.noindex/GoogleUtilities.build/Debug/GoogleUtilities-Logger-t.build/Objects-normal/arm64/GULLogger.o /Users/buddhirajgautam/Library/Developer/Xcode/DerivedData/Telegram-Mac-fygdgghdgmuleoelvxabfmqiotta/SourcePackages/checkouts/GoogleUtilities/GoogleUtilities/Logger/GULLogger.m normal arm64 objective-c com.apple.compilers.llvm.clang.1_0.compiler (in target 'GoogleUtilities-Logger' from project 'GoogleUtilities')
    cd /Users/buddhirajgautam/Documents/Cherrygram-Mac/macOS-Swift
    
    Using response file: /Users/buddhirajgautam/Library/Developer/Xcode/DerivedData/Telegram-Mac-fygdgghdgmuleoelvxabfmqiotta/Build/Intermediates.noindex/GoogleUtilities.build/Debug/GoogleUtilities-Logger-t.build/Objects-normal/arm64/e6072d4f65d7061329687fe24e3d63a7-common-args.resp
    
    /Applications/Xcode.app/Contents/Developer/Toolchains/XcodeDefault.xctoolchain/usr/bin/clang -x objective-c -ivfsstatcache /Users/buddhirajgautam/Library/Developer/Xcode/DerivedData/SDKStatCaches.noindex/macosx27.0-26A425-e829b21a6f8c9b70876ba0858053c0447231f6df4def33e022ae2eb8f782df1a.sdkstatcache -target arm64-apple-macos12.0 -fmessage-length\=0 -fdiagnostics-show-note-include-stack -fmacro-backtrace-limit\=0 -fno-color-diagnostics -fmodules-prune-interval\=86400 -fmodules-prune-after\=345600 -fbuild-session-file\=/Users/buddhirajgautam/Library/Developer/Xcode/DerivedData/ModuleCache.noindex/Session.modulevalidation -fmodules-validate-once-per-build-session -Wnon-modular-include-in-framework-module -Werror\=non-modular-include-in-framework-module -Wno-trigraphs -Wno-missing-field-initializers -Wno-missing-prototypes -Wno-return-type -Wno-implicit-atomic-properties -Wno-objc-interface-ivars -Wno-arc-repeated-use-of-weak -Wno-missing-braces -Wparentheses -Wswitch -Wno-unused-function -Wno-unused-label -Wno-unused-parameter -Wno-unused-variable -Wunused-value -Wno-empty-body -Wno-uninitialized -Wno-unknown-pragmas -w -Wno-shadow -Wno-four-char-constants -Wno-conversion -Wno-constant-conversion -Wno-int-conversion -Wno-bool-conversion -Wno-enum-conversion -Wno-float-conversion -Wno-non-literal-null-conversion -Wno-objc-literal-conversion -Wshorten-64-to-32 -Wpointer-sign -Wno-newline-eof -Wno-selector -Wno-strict-selector-match -Wno-undeclared-selector -Wno-deprecated-implementations -Wno-implicit-fallthrough -isysroot /Applications/Xcode.app/Contents/Developer/Platforms/MacOSX.platform/Developer/SDKs/MacOSX27.0.sdk -fstrict-aliasing -Wprotocol -Wdeprecated-declarations -Wno-sign-conversion -Wno-infinite-recursion -Wno-comma -Wno-block-capture-autoreleasing -Wno-strict-prototypes -Wno-semicolon-before-method-body -index-store-path /Users/buddhirajgautam/Library/Developer/Xcode/DerivedData/Telegram-Mac-fygdgghdgmuleoelvxabfmqiotta/Index.noindex/DataStore @/Users/buddhirajgautam/Library/Developer/Xcode/DerivedData/Telegram-Mac-fygdgghdgmuleoelvxabfmqiotta/Build/Intermediates.noindex/GoogleUtilities.build/Debug/GoogleUtilities-Logger-t.build/Objects-normal/arm64/e6072d4f65d7061329687fe24e3d63a7-common-args.resp -include /Users/buddhirajgautam/Library/Developer/Xcode/DerivedData/Telegram-Mac-fygdgghdgmuleoelvxabfmqiotta/Build/Intermediates.noindex/GoogleUtilities.build/Debug/GoogleUtilities-Logger-t.build/DerivedSources/resource_bundle_accessor.h -MMD -MT dependencies -MF /Users/buddhirajgautam/Library/Developer/Xcode/DerivedData/Telegram-Mac-fygdgghdgmuleoelvxabfmqiotta/Build/Intermediates.noindex/GoogleUtilities.build/Debug/GoogleUtilities-Logger-t.build/Objects-normal/arm64/GULLogger.d --serialize-diagnostics /Users/buddhirajgautam/Library/Developer/Xcode/DerivedData/Telegram-Mac-fygdgghdgmuleoelvxabfmqiotta/Build/Intermediates.noindex/GoogleUtilities.build/Debug/GoogleUtilities-Logger-t.build/Objects-normal/arm64/GULLogger.dia -c /Users/buddhirajgautam/Library/Developer/Xcode/DerivedData/Telegram-Mac-fygdgghdgmuleoelvxabfmqiotta/SourcePackages/checkouts/GoogleUtilities/GoogleUtilities/Logger/GULLogger.m -o /Users/buddhirajgautam/Library/Developer/Xcode/DerivedData/Telegram-Mac-fygdgghdgmuleoelvxabfmqiotta/Build/Intermediates.noindex/GoogleUtilities.build/Debug/GoogleUtilities-Logger-t.build/Objects-normal/arm64/GULLogger.o -index-unit-output-path /GoogleUtilities.build/Debug/GoogleUtilities-Logger-t.build/Objects-normal/arm64/GULLogger.o

PrecompileModule /Users/buddhirajgautam/Library/Developer/Xcode/DerivedData/Telegram-Mac-fygdgghdgmuleoelvxabfmqiotta/Build/Intermediates.noindex/ExplicitPrecompiledModules/_Builtin_stdarg-53DYV185U8H5QECCK4NL1RPVN.scan
    cd /
    builtin-precompileModule /Users/buddhirajgautam/Library/Developer/Xcode/DerivedData/Telegram-Mac-fygdgghdgmuleoelvxabfmqiotta/Build/Intermediates.noindex/ExplicitPrecompiledModules/_Builtin_stdarg-53DYV185U8H5QECCK4NL1RPVN.scan

PrecompileModule /Users/buddhirajgautam/Library/Developer/Xcode/DerivedData/Telegram-Mac-fygdgghdgmuleoelvxabfmqiotta/Build/Intermediates.noindex/ExplicitPrecompiledModules/Metal-6PRPFX9BOEMWYFLCR8WA99QX4.scan
    cd /
    builtin-precompileModule /Users/buddhirajgautam/Library/Developer/Xcode/DerivedData/Telegram-Mac-fygdgghdgmuleoelvxabfmqiotta/Build/Intermediates.noindex/ExplicitPrecompiledModules/Metal-6PRPFX9BOEMWYFLCR8WA99QX4.scan

PrecompileModule /Users/buddhirajgautam/Library/Developer/Xcode/DerivedData/Telegram-Mac-fygdgghdgmuleoelvxabfmqiotta/Build/Intermediates.noindex/ExplicitPrecompiledModules/CUPS-CWRRWQ5Q6DXMTE9JSZFPQSF4D.scan
    cd /
    builtin-precompileModule /Users/buddhirajgautam/Library/Developer/Xcode/DerivedData/Telegram-Mac-fygdgghdgmuleoelvxabfmqiotta/Build/Intermediates.noindex/ExplicitPrecompiledModules/CUPS-CWRRWQ5Q6DXMTE9JSZFPQSF4D.scan

PrecompileModule /Users/buddhirajgautam/Library/Developer/Xcode/DerivedData/Telegram-Mac-fygdgghdgmuleoelvxabfmqiotta/Build/Intermediates.noindex/ExplicitPrecompiledModules/ptrauth-C8L53D42V7PJCXQMI95UI5NGH.scan
    cd /
    builtin-precompileModule /Users/buddhirajgautam/Library/Developer/Xcode/DerivedData/Telegram-Mac-fygdgghdgmuleoelvxabfmqiotta/Build/Intermediates.noindex/ExplicitPrecompiledModules/ptrauth-C8L53D42V7PJCXQMI95UI5NGH.scan

PrecompileModule /Users/buddhirajgautam/Library/Developer/Xcode/DerivedData/Telegram-Mac-fygdgghdgmuleoelvxabfmqiotta/Build/Intermediates.noindex/ExplicitPrecompiledModules/_DarwinFoundation1-ED7UD79S2DPXI9MW5A990MCB3.scan
    cd /
    builtin-precompileModule /Users/buddhirajgautam/Library/Developer/Xcode/DerivedData/Telegram-Mac-fygdgghdgmuleoelvxabfmqiotta/Build/Intermediates.noindex/ExplicitPrecompiledModules/_DarwinFoundation1-ED7UD79S2DPXI9MW5A990MCB3.scan

PrecompileModule /Users/buddhirajgautam/Library/Developer/Xcode/DerivedData/Telegram-Mac-fygdgghdgmuleoelvxabfmqiotta/Build/Intermediates.noindex/ExplicitPrecompiledModules/CloudKit-5DQOJ9PKKT2EG4ZAC69DR5RYF.scan
    cd /
    builtin-precompileModule /Users/buddhirajgautam/Library/Developer/Xcode/DerivedData/Telegram-Mac-fygdgghdgmuleoelvxabfmqiotta/Build/Intermediates.noindex/ExplicitPrecompiledModules/CloudKit-5DQOJ9PKKT2EG4ZAC69DR5RYF.scan

PrecompileModule /Users/buddhirajgautam/Library/Developer/Xcode/DerivedData/Telegram-Mac-fygdgghdgmuleoelvxabfmqiotta/Build/Intermediates.noindex/ExplicitPrecompiledModules/ColorSync-9KDXWLU41MVOQMJVECWH44V95.scan
    cd /
    builtin-precompileModule /Users/buddhirajgautam/Library/Developer/Xcode/DerivedData/Telegram-Mac-fygdgghdgmuleoelvxabfmqiotta/Build/Intermediates.noindex/ExplicitPrecompiledModules/ColorSync-9KDXWLU41MVOQMJVECWH44V95.scan

PrecompileModule /Users/buddhirajgautam/Library/Developer/Xcode/DerivedData/Telegram-Mac-fygdgghdgmuleoelvxabfmqiotta/Build/Intermediates.noindex/ExplicitPrecompiledModules/_Builtin_stdbool-T4KVZRR21CE1SVTVPNN5OWXT.scan
    cd /
    builtin-precompileModule /Users/buddhirajgautam/Library/Developer/Xcode/DerivedData/Telegram-Mac-fygdgghdgmuleoelvxabfmqiotta/Build/Intermediates.noindex/ExplicitPrecompiledModules/_Builtin_stdbool-T4KVZRR21CE1SVTVPNN5OWXT.scan

PrecompileModule /Users/buddhirajgautam/Library/Developer/Xcode/DerivedData/Telegram-Mac-fygdgghdgmuleoelvxabfmqiotta/Build/Intermediates.noindex/ExplicitPrecompiledModules/CoreText-3NUI50QT4XHAFYRHW7GXNFJFF.scan
    cd /
    builtin-precompileModule /Users/buddhirajgautam/Library/Developer/Xcode/DerivedData/Telegram-Mac-fygdgghdgmuleoelvxabfmqiotta/Build/Intermediates.noindex/ExplicitPrecompiledModules/CoreText-3NUI50QT4XHAFYRHW7GXNFJFF.scan

PrecompileModule /Users/buddhirajgautam/Library/Developer/Xcode/DerivedData/Telegram-Mac-fygdgghdgmuleoelvxabfmqiotta/Build/Intermediates.noindex/ExplicitPrecompiledModules/_DarwinFoundation2-DAG047XQ41LXJLGCJHS2FD0ZA.scan
    cd /
    builtin-precompileModule /Users/buddhirajgautam/Library/Developer/Xcode/DerivedData/Telegram-Mac-fygdgghdgmuleoelvxabfmqiotta/Build/Intermediates.noindex/ExplicitPrecompiledModules/_DarwinFoundation2-DAG047XQ41LXJLGCJHS2FD0ZA.scan

ScanDependencies /Users/buddhirajgautam/Library/Developer/Xcode/DerivedData/Telegram-Mac-fygdgghdgmuleoelvxabfmqiotta/Build/Intermediates.noindex/GoogleDataTransport.build/Debug/GoogleDataTransport-t.build/Objects-normal/arm64/GDTCORTransport.o /Users/buddhirajgautam/Library/Developer/Xcode/DerivedData/Telegram-Mac-fygdgghdgmuleoelvxabfmqiotta/SourcePackages/checkouts/GoogleDataTransport/GoogleDataTransport/GDTCORLibrary/GDTCORTransport.m normal arm64 objective-c com.apple.compilers.llvm.clang.1_0.compiler (in target 'GoogleDataTransport' from project 'GoogleDataTransport')
    cd /Users/buddhirajgautam/Documents/Cherrygram-Mac/macOS-Swift
    
    Using response file: /Users/buddhirajgautam/Library/Developer/Xcode/DerivedData/Telegram-Mac-fygdgghdgmuleoelvxabfmqiotta/Build/Intermediates.noindex/GoogleDataTransport.build/Debug/GoogleDataTransport-t.build/Objects-normal/arm64/e6072d4f65d7061329687fe24e3d63a7-common-args.resp
    
    builtin-ScanDependencies -o /Users/buddhirajgautam/Library/Developer/Xcode/DerivedData/Telegram-Mac-fygdgghdgmuleoelvxabfmqiotta/Build/Intermediates.noindex/GoogleDataTransport.build/Debug/GoogleDataTransport-t.build/Objects-normal/arm64/GDTCORTransport.o.scan -- /Applications/Xcode.app/Contents/Developer/Toolchains/XcodeDefault.xctoolchain/usr/bin/clang -x objective-c -ivfsstatcache /Users/buddhirajgautam/Library/Developer/Xcode/DerivedData/SDKStatCaches.noindex/macosx27.0-26A425-e829b21a6f8c9b70876ba0858053c0447231f6df4def33e022ae2eb8f782df1a.sdkstatcache -target arm64-apple-macos12.0 -fmessage-length\=0 -fdiagnostics-show-note-include-stack -fmacro-backtrace-limit\=0 -fno-color-diagnostics -fmodules-prune-interval\=86400 -fmodules-prune-after\=345600 -fbuild-session-file\=/Users/buddhirajgautam/Library/Developer/Xcode/DerivedData/ModuleCache.noindex/Session.modulevalidation -fmodules-validate-once-per-build-session -Wnon-modular-include-in-framework-module -Werror\=non-modular-include-in-framework-module -Wno-trigraphs -Wno-missing-field-initializers -Wno-missing-prototypes -Wno-return-type -Wno-implicit-atomic-properties -Wno-objc-interface-ivars -Wno-arc-repeated-use-of-weak -Wno-missing-braces -Wparentheses -Wswitch -Wno-unused-function -Wno-unused-label -Wno-unused-parameter -Wno-unused-variable -Wunused-value -Wno-empty-body -Wno-uninitialized -Wno-unknown-pragmas -w -Wno-shadow -Wno-four-char-constants -Wno-conversion -Wno-constant-conversion -Wno-int-conversion -Wno-bool-conversion -Wno-enum-conversion -Wno-float-conversion -Wno-non-literal-null-conversion -Wno-objc-literal-conversion -Wshorten-64-to-32 -Wpointer-sign -Wno-newline-eof -Wno-selector -Wno-strict-selector-match -Wno-undeclared-selector -Wno-deprecated-implementations -Wno-implicit-fallthrough -isysroot /Applications/Xcode.app/Contents/Developer/Platforms/MacOSX.platform/Developer/SDKs/MacOSX27.0.sdk -fstrict-aliasing -Wprotocol -Wdeprecated-declarations -Wno-sign-conversion -Wno-infinite-recursion -Wno-comma -Wno-block-capture-autoreleasing -Wno-strict-prototypes -Wno-semicolon-before-method-body -index-store-path /Users/buddhirajgautam/Library/Developer/Xcode/DerivedData/Telegram-Mac-fygdgghdgmuleoelvxabfmqiotta/Index.noindex/DataStore @/Users/buddhirajgautam/Library/Developer/Xcode/DerivedData/Telegram-Mac-fygdgghdgmuleoelvxabfmqiotta/Build/Intermediates.noindex/GoogleDataTransport.build/Debug/GoogleDataTransport-t.build/Objects-normal/arm64/e6072d4f65d7061329687fe24e3d63a7-common-args.resp -include /Users/buddhirajgautam/Library/Developer/Xcode/DerivedData/Telegram-Mac-fygdgghdgmuleoelvxabfmqiotta/Build/Intermediates.noindex/GoogleDataTransport.build/Debug/GoogleDataTransport-t.build/DerivedSources/resource_bundle_accessor.h -MMD -MT dependencies -MF /Users/buddhirajgautam/Library/Developer/Xcode/DerivedData/Telegram-Mac-fygdgghdgmuleoelvxabfmqiotta/Build/Intermediates.noindex/GoogleDataTransport.build/Debug/GoogleDataTransport-t.build/Objects-normal/arm64/GDTCORTransport.d --serialize-diagnostics /Users/buddhirajgautam/Library/Developer/Xcode/DerivedData/Telegram-Mac-fygdgghdgmuleoelvxabfmqiotta/Build/Intermediates.noindex/GoogleDataTransport.build/Debug/GoogleDataTransport-t.build/Objects-normal/arm64/GDTCORTransport.dia -c /Users/buddhirajgautam/Library/Developer/Xcode/DerivedData/Telegram-Mac-fygdgghdgmuleoelvxabfmqiotta/SourcePackages/checkouts/GoogleDataTransport/GoogleDataTransport/GDTCORLibrary/GDTCORTransport.m -o /Users/buddhirajgautam/Library/Developer/Xcode/DerivedData/Telegram-Mac-fygdgghdgmuleoelvxabfmqiotta/Build/Intermediates.noindex/GoogleDataTransport.build/Debug/GoogleDataTransport-t.build/Objects-normal/arm64/GDTCORTransport.o -index-unit-output-path /GoogleDataTransport.build/Debug/GoogleDataTransport-t.build/Objects-normal/arm64/GDTCORTransport.o

PrecompileModule /Users/buddhirajgautam/Library/Developer/Xcode/DerivedData/Telegram-Mac-fygdgghdgmuleoelvxabfmqiotta/Build/Intermediates.noindex/ExplicitPrecompiledModules/_DarwinFoundation2-5DOKMUISHEI58BJOQFECFI7X9.scan
    cd /
    builtin-precompileModule /Users/buddhirajgautam/Library/Developer/Xcode/DerivedData/Telegram-Mac-fygdgghdgmuleoelvxabfmqiotta/Build/Intermediates.noindex/ExplicitPrecompiledModules/_DarwinFoundation2-5DOKMUISHEI58BJOQFECFI7X9.scan

PrecompileModule /Users/buddhirajgautam/Library/Developer/Xcode/DerivedData/Telegram-Mac-fygdgghdgmuleoelvxabfmqiotta/Build/Intermediates.noindex/ExplicitPrecompiledModules/_Builtin_limits-2HZ4K9PGYF90VNLB48L8V7QBV.scan
    cd /
    builtin-precompileModule /Users/buddhirajgautam/Library/Developer/Xcode/DerivedData/Telegram-Mac-fygdgghdgmuleoelvxabfmqiotta/Build/Intermediates.noindex/ExplicitPrecompiledModules/_Builtin_limits-2HZ4K9PGYF90VNLB48L8V7QBV.scan

ScanDependencies /Users/buddhirajgautam/Library/Developer/Xcode/DerivedData/Telegram-Mac-fygdgghdgmuleoelvxabfmqiotta/Build/Intermediates.noindex/GoogleDataTransport.build/Debug/GoogleDataTransport-t.build/Objects-normal/arm64/GDTCORTransformer.o /Users/buddhirajgautam/Library/Developer/Xcode/DerivedData/Telegram-Mac-fygdgghdgmuleoelvxabfmqiotta/SourcePackages/checkouts/GoogleDataTransport/GoogleDataTransport/GDTCORLibrary/GDTCORTransformer.m normal arm64 objective-c com.apple.compilers.llvm.clang.1_0.compiler (in target 'GoogleDataTransport' from project 'GoogleDataTransport')
    cd /Users/buddhirajgautam/Documents/Cherrygram-Mac/macOS-Swift
    
    Using response file: /Users/buddhirajgautam/Library/Developer/Xcode/DerivedData/Telegram-Mac-fygdgghdgmuleoelvxabfmqiotta/Build/Intermediates.noindex/GoogleDataTransport.build/Debug/GoogleDataTransport-t.build/Objects-normal/arm64/e6072d4f65d7061329687fe24e3d63a7-common-args.resp
    
    builtin-ScanDependencies -o /Users/buddhirajgautam/Library/Developer/Xcode/DerivedData/Telegram-Mac-fygdgghdgmuleoelvxabfmqiotta/Build/Intermediates.noindex/GoogleDataTransport.build/Debug/GoogleDataTransport-t.build/Objects-normal/arm64/GDTCORTransformer.o.scan -- /Applications/Xcode.app/Contents/Developer/Toolchains/XcodeDefault.xctoolchain/usr/bin/clang -x objective-c -ivfsstatcache /Users/buddhirajgautam/Library/Developer/Xcode/DerivedData/SDKStatCaches.noindex/macosx27.0-26A425-e829b21a6f8c9b70876ba0858053c0447231f6df4def33e022ae2eb8f782df1a.sdkstatcache -target arm64-apple-macos12.0 -fmessage-length\=0 -fdiagnostics-show-note-include-stack -fmacro-backtrace-limit\=0 -fno-color-diagnostics -fmodules-prune-interval\=86400 -fmodules-prune-after\=345600 -fbuild-session-file\=/Users/buddhirajgautam/Library/Developer/Xcode/DerivedData/ModuleCache.noindex/Session.modulevalidation -fmodules-validate-once-per-build-session -Wnon-modular-include-in-framework-module -Werror\=non-modular-include-in-framework-module -Wno-trigraphs -Wno-missing-field-initializers -Wno-missing-prototypes -Wno-return-type -Wno-implicit-atomic-properties -Wno-objc-interface-ivars -Wno-arc-repeated-use-of-weak -Wno-missing-braces -Wparentheses -Wswitch -Wno-unused-function -Wno-unused-label -Wno-unused-parameter -Wno-unused-variable -Wunused-value -Wno-empty-body -Wno-uninitialized -Wno-unknown-pragmas -w -Wno-shadow -Wno-four-char-constants -Wno-conversion -Wno-constant-conversion -Wno-int-conversion -Wno-bool-conversion -Wno-enum-conversion -Wno-float-conversion -Wno-non-literal-null-conversion -Wno-objc-literal-conversion -Wshorten-64-to-32 -Wpointer-sign -Wno-newline-eof -Wno-selector -Wno-strict-selector-match -Wno-undeclared-selector -Wno-deprecated-implementations -Wno-implicit-fallthrough -isysroot /Applications/Xcode.app/Contents/Developer/Platforms/MacOSX.platform/Developer/SDKs/MacOSX27.0.sdk -fstrict-aliasing -Wprotocol -Wdeprecated-declarations -Wno-sign-conversion -Wno-infinite-recursion -Wno-comma -Wno-block-capture-autoreleasing -Wno-strict-prototypes -Wno-semicolon-before-method-body -index-store-path /Users/buddhirajgautam/Library/Developer/Xcode/DerivedData/Telegram-Mac-fygdgghdgmuleoelvxabfmqiotta/Index.noindex/DataStore @/Users/buddhirajgautam/Library/Developer/Xcode/DerivedData/Telegram-Mac-fygdgghdgmuleoelvxabfmqiotta/Build/Intermediates.noindex/GoogleDataTransport.build/Debug/GoogleDataTransport-t.build/Objects-normal/arm64/e6072d4f65d7061329687fe24e3d63a7-common-args.resp -include /Users/buddhirajgautam/Library/Developer/Xcode/DerivedData/Telegram-Mac-fygdgghdgmuleoelvxabfmqiotta/Build/Intermediates.noindex/GoogleDataTransport.build/Debug/GoogleDataTransport-t.build/DerivedSources/resource_bundle_accessor.h -MMD -MT dependencies -MF /Users/buddhirajgautam/Library/Developer/Xcode/DerivedData/Telegram-Mac-fygdgghdgmuleoelvxabfmqiotta/Build/Intermediates.noindex/GoogleDataTransport.build/Debug/GoogleDataTransport-t.build/Objects-normal/arm64/GDTCORTransformer.d --serialize-diagnostics /Users/buddhirajgautam/Library/Developer/Xcode/DerivedData/Telegram-Mac-fygdgghdgmuleoelvxabfmqiotta/Build/Intermediates.noindex/GoogleDataTransport.build/Debug/GoogleDataTransport-t.build/Objects-normal/arm64/GDTCORTransformer.dia -c /Users/buddhirajgautam/Library/Developer/Xcode/DerivedData/Telegram-Mac-fygdgghdgmuleoelvxabfmqiotta/SourcePackages/checkouts/GoogleDataTransport/GoogleDataTransport/GDTCORLibrary/GDTCORTransformer.m -o /Users/buddhirajgautam/Library/Developer/Xcode/DerivedData/Telegram-Mac-fygdgghdgmuleoelvxabfmqiotta/Build/Intermediates.noindex/GoogleDataTransport.build/Debug/GoogleDataTransport-t.build/Objects-normal/arm64/GDTCORTransformer.o -index-unit-output-path /GoogleDataTransport.build/Debug/GoogleDataTransport-t.build/Objects-normal/arm64/GDTCORTransformer.o

ScanDependencies /Users/buddhirajgautam/Library/Developer/Xcode/DerivedData/Telegram-Mac-fygdgghdgmuleoelvxabfmqiotta/Build/Intermediates.noindex/GoogleDataTransport.build/Debug/GoogleDataTransport-t.build/Objects-normal/arm64/GDTCORStorageMetadata.o /Users/buddhirajgautam/Library/Developer/Xcode/DerivedData/Telegram-Mac-fygdgghdgmuleoelvxabfmqiotta/SourcePackages/checkouts/GoogleDataTransport/GoogleDataTransport/GDTCORLibrary/GDTCORStorageMetadata.m normal arm64 objective-c com.apple.compilers.llvm.clang.1_0.compiler (in target 'GoogleDataTransport' from project 'GoogleDataTransport')
    cd /Users/buddhirajgautam/Documents/Cherrygram-Mac/macOS-Swift
    
    Using response file: /Users/buddhirajgautam/Library/Developer/Xcode/DerivedData/Telegram-Mac-fygdgghdgmuleoelvxabfmqiotta/Build/Intermediates.noindex/GoogleDataTransport.build/Debug/GoogleDataTransport-t.build/Objects-normal/arm64/e6072d4f65d7061329687fe24e3d63a7-common-args.resp
    
    builtin-ScanDependencies -o /Users/buddhirajgautam/Library/Developer/Xcode/DerivedData/Telegram-Mac-fygdgghdgmuleoelvxabfmqiotta/Build/Intermediates.noindex/GoogleDataTransport.build/Debug/GoogleDataTransport-t.build/Objects-normal/arm64/GDTCORStorageMetadata.o.scan -- /Applications/Xcode.app/Contents/Developer/Toolchains/XcodeDefault.xctoolchain/usr/bin/clang -x objective-c -ivfsstatcache /Users/buddhirajgautam/Library/Developer/Xcode/DerivedData/SDKStatCaches.noindex/macosx27.0-26A425-e829b21a6f8c9b70876ba0858053c0447231f6df4def33e022ae2eb8f782df1a.sdkstatcache -target arm64-apple-macos12.0 -fmessage-length\=0 -fdiagnostics-show-note-include-stack -fmacro-backtrace-limit\=0 -fno-color-diagnostics -fmodules-prune-interval\=86400 -fmodules-prune-after\=345600 -fbuild-session-file\=/Users/buddhirajgautam/Library/Developer/Xcode/DerivedData/ModuleCache.noindex/Session.modulevalidation -fmodules-validate-once-per-build-session -Wnon-modular-include-in-framework-module -Werror\=non-modular-include-in-framework-module -Wno-trigraphs -Wno-missing-field-initializers -Wno-missing-prototypes -Wno-return-type -Wno-implicit-atomic-properties -Wno-objc-interface-ivars -Wno-arc-repeated-use-of-weak -Wno-missing-braces -Wparentheses -Wswitch -Wno-unused-function -Wno-unused-label -Wno-unused-parameter -Wno-unused-variable -Wunused-value -Wno-empty-body -Wno-uninitialized -Wno-unknown-pragmas -w -Wno-shadow -Wno-four-char-constants -Wno-conversion -Wno-constant-conversion -Wno-int-conversion -Wno-bool-conversion -Wno-enum-conversion -Wno-float-conversion -Wno-non-literal-null-conversion -Wno-objc-literal-conversion -Wshorten-64-to-32 -Wpointer-sign -Wno-newline-eof -Wno-selector -Wno-strict-selector-match -Wno-undeclared-selector -Wno-deprecated-implementations -Wno-implicit-fallthrough -isysroot /Applications/Xcode.app/Contents/Developer/Platforms/MacOSX.platform/Developer/SDKs/MacOSX27.0.sdk -fstrict-aliasing -Wprotocol -Wdeprecated-declarations -Wno-sign-conversion -Wno-infinite-recursion -Wno-comma -Wno-block-capture-autoreleasing -Wno-strict-prototypes -Wno-semicolon-before-method-body -index-store-path /Users/buddhirajgautam/Library/Developer/Xcode/DerivedData/Telegram-Mac-fygdgghdgmuleoelvxabfmqiotta/Index.noindex/DataStore @/Users/buddhirajgautam/Library/Developer/Xcode/DerivedData/Telegram-Mac-fygdgghdgmuleoelvxabfmqiotta/Build/Intermediates.noindex/GoogleDataTransport.build/Debug/GoogleDataTransport-t.build/Objects-normal/arm64/e6072d4f65d7061329687fe24e3d63a7-common-args.resp -include /Users/buddhirajgautam/Library/Developer/Xcode/DerivedData/Telegram-Mac-fygdgghdgmuleoelvxabfmqiotta/Build/Intermediates.noindex/GoogleDataTransport.build/Debug/GoogleDataTransport-t.build/DerivedSources/resource_bundle_accessor.h -MMD -MT dependencies -MF /Users/buddhirajgautam/Library/Developer/Xcode/DerivedData/Telegram-Mac-fygdgghdgmuleoelvxabfmqiotta/Build/Intermediates.noindex/GoogleDataTransport.build/Debug/GoogleDataTransport-t.build/Objects-normal/arm64/GDTCORStorageMetadata.d --serialize-diagnostics /Users/buddhirajgautam/Library/Developer/Xcode/DerivedData/Telegram-Mac-fygdgghdgmuleoelvxabfmqiotta/Build/Intermediates.noindex/GoogleDataTransport.build/Debug/GoogleDataTransport-t.build/Objects-normal/arm64/GDTCORStorageMetadata.dia -c /Users/buddhirajgautam/Library/Developer/Xcode/DerivedData/Telegram-Mac-fygdgghdgmuleoelvxabfmqiotta/SourcePackages/checkouts/GoogleDataTransport/GoogleDataTransport/GDTCORLibrary/GDTCORStorageMetadata.m -o /Users/buddhirajgautam/Library/Developer/Xcode/DerivedData/Telegram-Mac-fygdgghdgmuleoelvxabfmqiotta/Build/Intermediates.noindex/GoogleDataTransport.build/Debug/GoogleDataTransport-t.build/Objects-normal/arm64/GDTCORStorageMetadata.o -index-unit-output-path /GoogleDataTransport.build/Debug/GoogleDataTransport-t.build/Objects-normal/arm64/GDTCORStorageMetadata.o

ScanDependencies /Users/buddhirajgautam/Library/Developer/Xcode/DerivedData/Telegram-Mac-fygdgghdgmuleoelvxabfmqiotta/Build/Intermediates.noindex/GoogleDataTransport.build/Debug/GoogleDataTransport-t.build/Objects-normal/arm64/GDTCORStorageEventSelector.o /Users/buddhirajgautam/Library/Developer/Xcode/DerivedData/Telegram-Mac-fygdgghdgmuleoelvxabfmqiotta/SourcePackages/checkouts/GoogleDataTransport/GoogleDataTransport/GDTCORLibrary/GDTCORStorageEventSelector.m normal arm64 objective-c com.apple.compilers.llvm.clang.1_0.compiler (in target 'GoogleDataTransport' from project 'GoogleDataTransport')
    cd /Users/buddhirajgautam/Documents/Cherrygram-Mac/macOS-Swift
    
    Using response file: /Users/buddhirajgautam/Library/Developer/Xcode/DerivedData/Telegram-Mac-fygdgghdgmuleoelvxabfmqiotta/Build/Intermediates.noindex/GoogleDataTransport.build/Debug/GoogleDataTransport-t.build/Objects-normal/arm64/e6072d4f65d7061329687fe24e3d63a7-common-args.resp
    
    builtin-ScanDependencies -o /Users/buddhirajgautam/Library/Developer/Xcode/DerivedData/Telegram-Mac-fygdgghdgmuleoelvxabfmqiotta/Build/Intermediates.noindex/GoogleDataTransport.build/Debug/GoogleDataTransport-t.build/Objects-normal/arm64/GDTCORStorageEventSelector.o.scan -- /Applications/Xcode.app/Contents/Developer/Toolchains/XcodeDefault.xctoolchain/usr/bin/clang -x objective-c -ivfsstatcache /Users/buddhirajgautam/Library/Developer/Xcode/DerivedData/SDKStatCaches.noindex/macosx27.0-26A425-e829b21a6f8c9b70876ba0858053c0447231f6df4def33e022ae2eb8f782df1a.sdkstatcache -target arm64-apple-macos12.0 -fmessage-length\=0 -fdiagnostics-show-note-include-stack -fmacro-backtrace-limit\=0 -fno-color-diagnostics -fmodules-prune-interval\=86400 -fmodules-prune-after\=345600 -fbuild-session-file\=/Users/buddhirajgautam/Library/Developer/Xcode/DerivedData/ModuleCache.noindex/Session.modulevalidation -fmodules-validate-once-per-build-session -Wnon-modular-include-in-framework-module -Werror\=non-modular-include-in-framework-module -Wno-trigraphs -Wno-missing-field-initializers -Wno-missing-prototypes -Wno-return-type -Wno-implicit-atomic-properties -Wno-objc-interface-ivars -Wno-arc-repeated-use-of-weak -Wno-missing-braces -Wparentheses -Wswitch -Wno-unused-function -Wno-unused-label -Wno-unused-parameter -Wno-unused-variable -Wunused-value -Wno-empty-body -Wno-uninitialized -Wno-unknown-pragmas -w -Wno-shadow -Wno-four-char-constants -Wno-conversion -Wno-constant-conversion -Wno-int-conversion -Wno-bool-conversion -Wno-enum-conversion -Wno-float-conversion -Wno-non-literal-null-conversion -Wno-objc-literal-conversion -Wshorten-64-to-32 -Wpointer-sign -Wno-newline-eof -Wno-selector -Wno-strict-selector-match -Wno-undeclared-selector -Wno-deprecated-implementations -Wno-implicit-fallthrough -isysroot /Applications/Xcode.app/Contents/Developer/Platforms/MacOSX.platform/Developer/SDKs/MacOSX27.0.sdk -fstrict-aliasing -Wprotocol -Wdeprecated-declarations -Wno-sign-conversion -Wno-infinite-recursion -Wno-comma -Wno-block-capture-autoreleasing -Wno-strict-prototypes -Wno-semicolon-before-method-body -index-store-path /Users/buddhirajgautam/Library/Developer/Xcode/DerivedData/Telegram-Mac-fygdgghdgmuleoelvxabfmqiotta/Index.noindex/DataStore @/Users/buddhirajgautam/Library/Developer/Xcode/DerivedData/Telegram-Mac-fygdgghdgmuleoelvxabfmqiotta/Build/Intermediates.noindex/GoogleDataTransport.build/Debug/GoogleDataTransport-t.build/Objects-normal/arm64/e6072d4f65d7061329687fe24e3d63a7-common-args.resp -include /Users/buddhirajgautam/Library/Developer/Xcode/DerivedData/Telegram-Mac-fygdgghdgmuleoelvxabfmqiotta/Build/Intermediates.noindex/GoogleDataTransport.build/Debug/GoogleDataTransport-t.build/DerivedSources/resource_bundle_accessor.h -MMD -MT dependencies -MF /Users/buddhirajgautam/Library/Developer/Xcode/DerivedData/Telegram-Mac-fygdgghdgmuleoelvxabfmqiotta/Build/Intermediates.noindex/GoogleDataTransport.build/Debug/GoogleDataTransport-t.build/Objects-normal/arm64/GDTCORStorageEventSelector.d --serialize-diagnostics /Users/buddhirajgautam/Library/Developer/Xcode/DerivedData/Telegram-Mac-fygdgghdgmuleoelvxabfmqiotta/Build/Intermediates.noindex/GoogleDataTransport.build/Debug/GoogleDataTransport-t.build/Objects-normal/arm64/GDTCORStorageEventSelector.dia -c /Users/buddhirajgautam/Library/Developer/Xcode/DerivedData/Telegram-Mac-fygdgghdgmuleoelvxabfmqiotta/SourcePackages/checkouts/GoogleDataTransport/GoogleDataTransport/GDTCORLibrary/GDTCORStorageEventSelector.m -o /Users/buddhirajgautam/Library/Developer/Xcode/DerivedData/Telegram-Mac-fygdgghdgmuleoelvxabfmqiotta/Build/Intermediates.noindex/GoogleDataTransport.build/Debug/GoogleDataTransport-t.build/Objects-normal/arm64/GDTCORStorageEventSelector.o -index-unit-output-path /GoogleDataTransport.build/Debug/GoogleDataTransport-t.build/Objects-normal/arm64/GDTCORStorageEventSelector.o

PrecompileModule /Users/buddhirajgautam/Library/Developer/Xcode/DerivedData/Telegram-Mac-fygdgghdgmuleoelvxabfmqiotta/Build/Intermediates.noindex/ExplicitPrecompiledModules/CoreData-26VSUPBBSW056IMG2G03GT5LR.scan
    cd /
    builtin-precompileModule /Users/buddhirajgautam/Library/Developer/Xcode/DerivedData/Telegram-Mac-fygdgghdgmuleoelvxabfmqiotta/Build/Intermediates.noindex/ExplicitPrecompiledModules/CoreData-26VSUPBBSW056IMG2G03GT5LR.scan

ScanDependencies /Users/buddhirajgautam/Library/Developer/Xcode/DerivedData/Telegram-Mac-fygdgghdgmuleoelvxabfmqiotta/Build/Intermediates.noindex/GoogleDataTransport.build/Debug/GoogleDataTransport-t.build/Objects-normal/arm64/GDTCORRegistrar.o /Users/buddhirajgautam/Library/Developer/Xcode/DerivedData/Telegram-Mac-fygdgghdgmuleoelvxabfmqiotta/SourcePackages/checkouts/GoogleDataTransport/GoogleDataTransport/GDTCORLibrary/GDTCORRegistrar.m normal arm64 objective-c com.apple.compilers.llvm.clang.1_0.compiler (in target 'GoogleDataTransport' from project 'GoogleDataTransport')
    cd /Users/buddhirajgautam/Documents/Cherrygram-Mac/macOS-Swift
    
    Using response file: /Users/buddhirajgautam/Library/Developer/Xcode/DerivedData/Telegram-Mac-fygdgghdgmuleoelvxabfmqiotta/Build/Intermediates.noindex/GoogleDataTransport.build/Debug/GoogleDataTransport-t.build/Objects-normal/arm64/e6072d4f65d7061329687fe24e3d63a7-common-args.resp
    
    builtin-ScanDependencies -o /Users/buddhirajgautam/Library/Developer/Xcode/DerivedData/Telegram-Mac-fygdgghdgmuleoelvxabfmqiotta/Build/Intermediates.noindex/GoogleDataTransport.build/Debug/GoogleDataTransport-t.build/Objects-normal/arm64/GDTCORRegistrar.o.scan -- /Applications/Xcode.app/Contents/Developer/Toolchains/XcodeDefault.xctoolchain/usr/bin/clang -x objective-c -ivfsstatcache /Users/buddhirajgautam/Library/Developer/Xcode/DerivedData/SDKStatCaches.noindex/macosx27.0-26A425-e829b21a6f8c9b70876ba0858053c0447231f6df4def33e022ae2eb8f782df1a.sdkstatcache -target arm64-apple-macos12.0 -fmessage-length\=0 -fdiagnostics-show-note-include-stack -fmacro-backtrace-limit\=0 -fno-color-diagnostics -fmodules-prune-interval\=86400 -fmodules-prune-after\=345600 -fbuild-session-file\=/Users/buddhirajgautam/Library/Developer/Xcode/DerivedData/ModuleCache.noindex/Session.modulevalidation -fmodules-validate-once-per-build-session -Wnon-modular-include-in-framework-module -Werror\=non-modular-include-in-framework-module -Wno-trigraphs -Wno-missing-field-initializers -Wno-missing-prototypes -Wno-return-type -Wno-implicit-atomic-properties -Wno-objc-interface-ivars -Wno-arc-repeated-use-of-weak -Wno-missing-braces -Wparentheses -Wswitch -Wno-unused-function -Wno-unused-label -Wno-unused-parameter -Wno-unused-variable -Wunused-value -Wno-empty-body -Wno-uninitialized -Wno-unknown-pragmas -w -Wno-shadow -Wno-four-char-constants -Wno-conversion -Wno-constant-conversion -Wno-int-conversion -Wno-bool-conversion -Wno-enum-conversion -Wno-float-conversion -Wno-non-literal-null-conversion -Wno-objc-literal-conversion -Wshorten-64-to-32 -Wpointer-sign -Wno-newline-eof -Wno-selector -Wno-strict-selector-match -Wno-undeclared-selector -Wno-deprecated-implementations -Wno-implicit-fallthrough -isysroot /Applications/Xcode.app/Contents/Developer/Platforms/MacOSX.platform/Developer/SDKs/MacOSX27.0.sdk -fstrict-aliasing -Wprotocol -Wdeprecated-declarations -Wno-sign-conversion -Wno-infinite-recursion -Wno-comma -Wno-block-capture-autoreleasing -Wno-strict-prototypes -Wno-semicolon-before-method-body -index-store-path /Users/buddhirajgautam/Library/Developer/Xcode/DerivedData/Telegram-Mac-fygdgghdgmuleoelvxabfmqiotta/Index.noindex/DataStore @/Users/buddhirajgautam/Library/Developer/Xcode/DerivedData/Telegram-Mac-fygdgghdgmuleoelvxabfmqiotta/Build/Intermediates.noindex/GoogleDataTransport.build/Debug/GoogleDataTransport-t.build/Objects-normal/arm64/e6072d4f65d7061329687fe24e3d63a7-common-args.resp -include /Users/buddhirajgautam/Library/Developer/Xcode/DerivedData/Telegram-Mac-fygdgghdgmuleoelvxabfmqiotta/Build/Intermediates.noindex/GoogleDataTransport.build/Debug/GoogleDataTransport-t.build/DerivedSources/resource_bundle_accessor.h -MMD -MT dependencies -MF /Users/buddhirajgautam/Library/Developer/Xcode/DerivedData/Telegram-Mac-fygdgghdgmuleoelvxabfmqiotta/Build/Intermediates.noindex/GoogleDataTransport.build/Debug/GoogleDataTransport-t.build/Objects-normal/arm64/GDTCORRegistrar.d --serialize-diagnostics /Users/buddhirajgautam/Library/Developer/Xcode/DerivedData/Telegram-Mac-fygdgghdgmuleoelvxabfmqiotta/Build/Intermediates.noindex/GoogleDataTransport.build/Debug/GoogleDataTransport-t.build/Objects-normal/arm64/GDTCORRegistrar.dia -c /Users/buddhirajgautam/Library/Developer/Xcode/DerivedData/Telegram-Mac-fygdgghdgmuleoelvxabfmqiotta/SourcePackages/checkouts/GoogleDataTransport/GoogleDataTransport/GDTCORLibrary/GDTCORRegistrar.m -o /Users/buddhirajgautam/Library/Developer/Xcode/DerivedData/Telegram-Mac-fygdgghdgmuleoelvxabfmqiotta/Build/Intermediates.noindex/GoogleDataTransport.build/Debug/GoogleDataTransport-t.build/Objects-normal/arm64/GDTCORRegistrar.o -index-unit-output-path /GoogleDataTransport.build/Debug/GoogleDataTransport-t.build/Objects-normal/arm64/GDTCORRegistrar.o

ScanDependencies /Users/buddhirajgautam/Library/Developer/Xcode/DerivedData/Telegram-Mac-fygdgghdgmuleoelvxabfmqiotta/Build/Intermediates.noindex/GoogleDataTransport.build/Debug/GoogleDataTransport-t.build/Objects-normal/arm64/GDTCORReachability.o /Users/buddhirajgautam/Library/Developer/Xcode/DerivedData/Telegram-Mac-fygdgghdgmuleoelvxabfmqiotta/SourcePackages/checkouts/GoogleDataTransport/GoogleDataTransport/GDTCORLibrary/GDTCORReachability.m normal arm64 objective-c com.apple.compilers.llvm.clang.1_0.compiler (in target 'GoogleDataTransport' from project 'GoogleDataTransport')
    cd /Users/buddhirajgautam/Documents/Cherrygram-Mac/macOS-Swift
    
    Using response file: /Users/buddhirajgautam/Library/Developer/Xcode/DerivedData/Telegram-Mac-fygdgghdgmuleoelvxabfmqiotta/Build/Intermediates.noindex/GoogleDataTransport.build/Debug/GoogleDataTransport-t.build/Objects-normal/arm64/e6072d4f65d7061329687fe24e3d63a7-common-args.resp
    
    builtin-ScanDependencies -o /Users/buddhirajgautam/Library/Developer/Xcode/DerivedData/Telegram-Mac-fygdgghdgmuleoelvxabfmqiotta/Build/Intermediates.noindex/GoogleDataTransport.build/Debug/GoogleDataTransport-t.build/Objects-normal/arm64/GDTCORReachability.o.scan -- /Applications/Xcode.app/Contents/Developer/Toolchains/XcodeDefault.xctoolchain/usr/bin/clang -x objective-c -ivfsstatcache /Users/buddhirajgautam/Library/Developer/Xcode/DerivedData/SDKStatCaches.noindex/macosx27.0-26A425-e829b21a6f8c9b70876ba0858053c0447231f6df4def33e022ae2eb8f782df1a.sdkstatcache -target arm64-apple-macos12.0 -fmessage-length\=0 -fdiagnostics-show-note-include-stack -fmacro-backtrace-limit\=0 -fno-color-diagnostics -fmodules-prune-interval\=86400 -fmodules-prune-after\=345600 -fbuild-session-file\=/Users/buddhirajgautam/Library/Developer/Xcode/DerivedData/ModuleCache.noindex/Session.modulevalidation -fmodules-validate-once-per-build-session -Wnon-modular-include-in-framework-module -Werror\=non-modular-include-in-framework-module -Wno-trigraphs -Wno-missing-field-initializers -Wno-missing-prototypes -Wno-return-type -Wno-implicit-atomic-properties -Wno-objc-interface-ivars -Wno-arc-repeated-use-of-weak -Wno-missing-braces -Wparentheses -Wswitch -Wno-unused-function -Wno-unused-label -Wno-unused-parameter -Wno-unused-variable -Wunused-value -Wno-empty-body -Wno-uninitialized -Wno-unknown-pragmas -w -Wno-shadow -Wno-four-char-constants -Wno-conversion -Wno-constant-conversion -Wno-int-conversion -Wno-bool-conversion -Wno-enum-conversion -Wno-float-conversion -Wno-non-literal-null-conversion -Wno-objc-literal-conversion -Wshorten-64-to-32 -Wpointer-sign -Wno-newline-eof -Wno-selector -Wno-strict-selector-match -Wno-undeclared-selector -Wno-deprecated-implementations -Wno-implicit-fallthrough -isysroot /Applications/Xcode.app/Contents/Developer/Platforms/MacOSX.platform/Developer/SDKs/MacOSX27.0.sdk -fstrict-aliasing -Wprotocol -Wdeprecated-declarations -Wno-sign-conversion -Wno-infinite-recursion -Wno-comma -Wno-block-capture-autoreleasing -Wno-strict-prototypes -Wno-semicolon-before-method-body -index-store-path /Users/buddhirajgautam/Library/Developer/Xcode/DerivedData/Telegram-Mac-fygdgghdgmuleoelvxabfmqiotta/Index.noindex/DataStore @/Users/buddhirajgautam/Library/Developer/Xcode/DerivedData/Telegram-Mac-fygdgghdgmuleoelvxabfmqiotta/Build/Intermediates.noindex/GoogleDataTransport.build/Debug/GoogleDataTransport-t.build/Objects-normal/arm64/e6072d4f65d7061329687fe24e3d63a7-common-args.resp -include /Users/buddhirajgautam/Library/Developer/Xcode/DerivedData/Telegram-Mac-fygdgghdgmuleoelvxabfmqiotta/Build/Intermediates.noindex/GoogleDataTransport.build/Debug/GoogleDataTransport-t.build/DerivedSources/resource_bundle_accessor.h -MMD -MT dependencies -MF /Users/buddhirajgautam/Library/Developer/Xcode/DerivedData/Telegram-Mac-fygdgghdgmuleoelvxabfmqiotta/Build/Intermediates.noindex/GoogleDataTransport.build/Debug/GoogleDataTransport-t.build/Objects-normal/arm64/GDTCORReachability.d --serialize-diagnostics /Users/buddhirajgautam/Library/Developer/Xcode/DerivedData/Telegram-Mac-fygdgghdgmuleoelvxabfmqiotta/Build/Intermediates.noindex/GoogleDataTransport.build/Debug/GoogleDataTransport-t.build/Objects-normal/arm64/GDTCORReachability.dia -c /Users/buddhirajgautam/Library/Developer/Xcode/DerivedData/Telegram-Mac-fygdgghdgmuleoelvxabfmqiotta/SourcePackages/checkouts/GoogleDataTransport/GoogleDataTransport/GDTCORLibrary/GDTCORReachability.m -o /Users/buddhirajgautam/Library/Developer/Xcode/DerivedData/Telegram-Mac-fygdgghdgmuleoelvxabfmqiotta/Build/Intermediates.noindex/GoogleDataTransport.build/Debug/GoogleDataTransport-t.build/Objects-normal/arm64/GDTCORReachability.o -index-unit-output-path /GoogleDataTransport.build/Debug/GoogleDataTransport-t.build/Objects-normal/arm64/GDTCORReachability.o

PrecompileModule /Users/buddhirajgautam/Library/Developer/Xcode/DerivedData/Telegram-Mac-fygdgghdgmuleoelvxabfmqiotta/Build/Intermediates.noindex/ExplicitPrecompiledModules/_Builtin_stdint-DF9982QP9XJHPCY56CUIWON32.scan
    cd /
    builtin-precompileModule /Users/buddhirajgautam/Library/Developer/Xcode/DerivedData/Telegram-Mac-fygdgghdgmuleoelvxabfmqiotta/Build/Intermediates.noindex/ExplicitPrecompiledModules/_Builtin_stdint-DF9982QP9XJHPCY56CUIWON32.scan

PrecompileModule /Users/buddhirajgautam/Library/Developer/Xcode/DerivedData/Telegram-Mac-fygdgghdgmuleoelvxabfmqiotta/Build/Intermediates.noindex/ExplicitPrecompiledModules/_Builtin_stdint-751P2G6TD7VSPPNM4G8ESMUMO.scan
    cd /
    builtin-precompileModule /Users/buddhirajgautam/Library/Developer/Xcode/DerivedData/Telegram-Mac-fygdgghdgmuleoelvxabfmqiotta/Build/Intermediates.noindex/ExplicitPrecompiledModules/_Builtin_stdint-751P2G6TD7VSPPNM4G8ESMUMO.scan

PrecompileModule /Users/buddhirajgautam/Library/Developer/Xcode/DerivedData/Telegram-Mac-fygdgghdgmuleoelvxabfmqiotta/Build/Intermediates.noindex/ExplicitPrecompiledModules/ApplicationServices-8JMEQI4FW32AND695Y1R6NG6I.scan
    cd /
    builtin-precompileModule /Users/buddhirajgautam/Library/Developer/Xcode/DerivedData/Telegram-Mac-fygdgghdgmuleoelvxabfmqiotta/Build/Intermediates.noindex/ExplicitPrecompiledModules/ApplicationServices-8JMEQI4FW32AND695Y1R6NG6I.scan

ScanDependencies /Users/buddhirajgautam/Library/Developer/Xcode/DerivedData/Telegram-Mac-fygdgghdgmuleoelvxabfmqiotta/Build/Intermediates.noindex/GoogleDataTransport.build/Debug/GoogleDataTransport-t.build/Objects-normal/arm64/GDTCORProductData.o /Users/buddhirajgautam/Library/Developer/Xcode/DerivedData/Telegram-Mac-fygdgghdgmuleoelvxabfmqiotta/SourcePackages/checkouts/GoogleDataTransport/GoogleDataTransport/GDTCORLibrary/GDTCORProductData.m normal arm64 objective-c com.apple.compilers.llvm.clang.1_0.compiler (in target 'GoogleDataTransport' from project 'GoogleDataTransport')
    cd /Users/buddhirajgautam/Documents/Cherrygram-Mac/macOS-Swift
    
    Using response file: /Users/buddhirajgautam/Library/Developer/Xcode/DerivedData/Telegram-Mac-fygdgghdgmuleoelvxabfmqiotta/Build/Intermediates.noindex/GoogleDataTransport.build/Debug/GoogleDataTransport-t.build/Objects-normal/arm64/e6072d4f65d7061329687fe24e3d63a7-common-args.resp
    
    builtin-ScanDependencies -o /Users/buddhirajgautam/Library/Developer/Xcode/DerivedData/Telegram-Mac-fygdgghdgmuleoelvxabfmqiotta/Build/Intermediates.noindex/GoogleDataTransport.build/Debug/GoogleDataTransport-t.build/Objects-normal/arm64/GDTCORProductData.o.scan -- /Applications/Xcode.app/Contents/Developer/Toolchains/XcodeDefault.xctoolchain/usr/bin/clang -x objective-c -ivfsstatcache /Users/buddhirajgautam/Library/Developer/Xcode/DerivedData/SDKStatCaches.noindex/macosx27.0-26A425-e829b21a6f8c9b70876ba0858053c0447231f6df4def33e022ae2eb8f782df1a.sdkstatcache -target arm64-apple-macos12.0 -fmessage-length\=0 -fdiagnostics-show-note-include-stack -fmacro-backtrace-limit\=0 -fno-color-diagnostics -fmodules-prune-interval\=86400 -fmodules-prune-after\=345600 -fbuild-session-file\=/Users/buddhirajgautam/Library/Developer/Xcode/DerivedData/ModuleCache.noindex/Session.modulevalidation -fmodules-validate-once-per-build-session -Wnon-modular-include-in-framework-module -Werror\=non-modular-include-in-framework-module -Wno-trigraphs -Wno-missing-field-initializers -Wno-missing-prototypes -Wno-return-type -Wno-implicit-atomic-properties -Wno-objc-interface-ivars -Wno-arc-repeated-use-of-weak -Wno-missing-braces -Wparentheses -Wswitch -Wno-unused-function -Wno-unused-label -Wno-unused-parameter -Wno-unused-variable -Wunused-value -Wno-empty-body -Wno-uninitialized -Wno-unknown-pragmas -w -Wno-shadow -Wno-four-char-constants -Wno-conversion -Wno-constant-conversion -Wno-int-conversion -Wno-bool-conversion -Wno-enum-conversion -Wno-float-conversion -Wno-non-literal-null-conversion -Wno-objc-literal-conversion -Wshorten-64-to-32 -Wpointer-sign -Wno-newline-eof -Wno-selector -Wno-strict-selector-match -Wno-undeclared-selector -Wno-deprecated-implementations -Wno-implicit-fallthrough -isysroot /Applications/Xcode.app/Contents/Developer/Platforms/MacOSX.platform/Developer/SDKs/MacOSX27.0.sdk -fstrict-aliasing -Wprotocol -Wdeprecated-declarations -Wno-sign-conversion -Wno-infinite-recursion -Wno-comma -Wno-block-capture-autoreleasing -Wno-strict-prototypes -Wno-semicolon-before-method-body -index-store-path /Users/buddhirajgautam/Library/Developer/Xcode/DerivedData/Telegram-Mac-fygdgghdgmuleoelvxabfmqiotta/Index.noindex/DataStore @/Users/buddhirajgautam/Library/Developer/Xcode/DerivedData/Telegram-Mac-fygdgghdgmuleoelvxabfmqiotta/Build/Intermediates.noindex/GoogleDataTransport.build/Debug/GoogleDataTransport-t.build/Objects-normal/arm64/e6072d4f65d7061329687fe24e3d63a7-common-args.resp -include /Users/buddhirajgautam/Library/Developer/Xcode/DerivedData/Telegram-Mac-fygdgghdgmuleoelvxabfmqiotta/Build/Intermediates.noindex/GoogleDataTransport.build/Debug/GoogleDataTransport-t.build/DerivedSources/resource_bundle_accessor.h -MMD -MT dependencies -MF /Users/buddhirajgautam/Library/Developer/Xcode/DerivedData/Telegram-Mac-fygdgghdgmuleoelvxabfmqiotta/Build/Intermediates.noindex/GoogleDataTransport.build/Debug/GoogleDataTransport-t.build/Objects-normal/arm64/GDTCORProductData.d --serialize-diagnostics /Users/buddhirajgautam/Library/Developer/Xcode/DerivedData/Telegram-Mac-fygdgghdgmuleoelvxabfmqiotta/Build/Intermediates.noindex/GoogleDataTransport.build/Debug/GoogleDataTransport-t.build/Objects-normal/arm64/GDTCORProductData.dia -c /Users/buddhirajgautam/Library/Developer/Xcode/DerivedData/Telegram-Mac-fygdgghdgmuleoelvxabfmqiotta/SourcePackages/checkouts/GoogleDataTransport/GoogleDataTransport/GDTCORLibrary/GDTCORProductData.m -o /Users/buddhirajgautam/Library/Developer/Xcode/DerivedData/Telegram-Mac-fygdgghdgmuleoelvxabfmqiotta/Build/Intermediates.noindex/GoogleDataTransport.build/Debug/GoogleDataTransport-t.build/Objects-normal/arm64/GDTCORProductData.o -index-unit-output-path /GoogleDataTransport.build/Debug/GoogleDataTransport-t.build/Objects-normal/arm64/GDTCORProductData.o

ScanDependencies /Users/buddhirajgautam/Library/Developer/Xcode/DerivedData/Telegram-Mac-fygdgghdgmuleoelvxabfmqiotta/Build/Intermediates.noindex/GoogleDataTransport.build/Debug/GoogleDataTransport-t.build/Objects-normal/arm64/GDTCORPlatform.o /Users/buddhirajgautam/Library/Developer/Xcode/DerivedData/Telegram-Mac-fygdgghdgmuleoelvxabfmqiotta/SourcePackages/checkouts/GoogleDataTransport/GoogleDataTransport/GDTCORLibrary/GDTCORPlatform.m normal arm64 objective-c com.apple.compilers.llvm.clang.1_0.compiler (in target 'GoogleDataTransport' from project 'GoogleDataTransport')
    cd /Users/buddhirajgautam/Documents/Cherrygram-Mac/macOS-Swift
    
    Using response file: /Users/buddhirajgautam/Library/Developer/Xcode/DerivedData/Telegram-Mac-fygdgghdgmuleoelvxabfmqiotta/Build/Intermediates.noindex/GoogleDataTransport.build/Debug/GoogleDataTransport-t.build/Objects-normal/arm64/e6072d4f65d7061329687fe24e3d63a7-common-args.resp
    
    builtin-ScanDependencies -o /Users/buddhirajgautam/Library/Developer/Xcode/DerivedData/Telegram-Mac-fygdgghdgmuleoelvxabfmqiotta/Build/Intermediates.noindex/GoogleDataTransport.build/Debug/GoogleDataTransport-t.build/Objects-normal/arm64/GDTCORPlatform.o.scan -- /Applications/Xcode.app/Contents/Developer/Toolchains/XcodeDefault.xctoolchain/usr/bin/clang -x objective-c -ivfsstatcache /Users/buddhirajgautam/Library/Developer/Xcode/DerivedData/SDKStatCaches.noindex/macosx27.0-26A425-e829b21a6f8c9b70876ba0858053c0447231f6df4def33e022ae2eb8f782df1a.sdkstatcache -target arm64-apple-macos12.0 -fmessage-length\=0 -fdiagnostics-show-note-include-stack -fmacro-backtrace-limit\=0 -fno-color-diagnostics -fmodules-prune-interval\=86400 -fmodules-prune-after\=345600 -fbuild-session-file\=/Users/buddhirajgautam/Library/Developer/Xcode/DerivedData/ModuleCache.noindex/Session.modulevalidation -fmodules-validate-once-per-build-session -Wnon-modular-include-in-framework-module -Werror\=non-modular-include-in-framework-module -Wno-trigraphs -Wno-missing-field-initializers -Wno-missing-prototypes -Wno-return-type -Wno-implicit-atomic-properties -Wno-objc-interface-ivars -Wno-arc-repeated-use-of-weak -Wno-missing-braces -Wparentheses -Wswitch -Wno-unused-function -Wno-unused-label -Wno-unused-parameter -Wno-unused-variable -Wunused-value -Wno-empty-body -Wno-uninitialized -Wno-unknown-pragmas -w -Wno-shadow -Wno-four-char-constants -Wno-conversion -Wno-constant-conversion -Wno-int-conversion -Wno-bool-conversion -Wno-enum-conversion -Wno-float-conversion -Wno-non-literal-null-conversion -Wno-objc-literal-conversion -Wshorten-64-to-32 -Wpointer-sign -Wno-newline-eof -Wno-selector -Wno-strict-selector-match -Wno-undeclared-selector -Wno-deprecated-implementations -Wno-implicit-fallthrough -isysroot /Applications/Xcode.app/Contents/Developer/Platforms/MacOSX.platform/Developer/SDKs/MacOSX27.0.sdk -fstrict-aliasing -Wprotocol -Wdeprecated-declarations -Wno-sign-conversion -Wno-infinite-recursion -Wno-comma -Wno-block-capture-autoreleasing -Wno-strict-prototypes -Wno-semicolon-before-method-body -index-store-path /Users/buddhirajgautam/Library/Developer/Xcode/DerivedData/Telegram-Mac-fygdgghdgmuleoelvxabfmqiotta/Index.noindex/DataStore @/Users/buddhirajgautam/Library/Developer/Xcode/DerivedData/Telegram-Mac-fygdgghdgmuleoelvxabfmqiotta/Build/Intermediates.noindex/GoogleDataTransport.build/Debug/GoogleDataTransport-t.build/Objects-normal/arm64/e6072d4f65d7061329687fe24e3d63a7-common-args.resp -include /Users/buddhirajgautam/Library/Developer/Xcode/DerivedData/Telegram-Mac-fygdgghdgmuleoelvxabfmqiotta/Build/Intermediates.noindex/GoogleDataTransport.build/Debug/GoogleDataTransport-t.build/DerivedSources/resource_bundle_accessor.h -MMD -MT dependencies -MF /Users/buddhirajgautam/Library/Developer/Xcode/DerivedData/Telegram-Mac-fygdgghdgmuleoelvxabfmqiotta/Build/Intermediates.noindex/GoogleDataTransport.build/Debug/GoogleDataTransport-t.build/Objects-normal/arm64/GDTCORPlatform.d --serialize-diagnostics /Users/buddhirajgautam/Library/Developer/Xcode/DerivedData/Telegram-Mac-fygdgghdgmuleoelvxabfmqiotta/Build/Intermediates.noindex/GoogleDataTransport.build/Debug/GoogleDataTransport-t.build/Objects-normal/arm64/GDTCORPlatform.dia -c /Users/buddhirajgautam/Library/Developer/Xcode/DerivedData/Telegram-Mac-fygdgghdgmuleoelvxabfmqiotta/SourcePackages/checkouts/GoogleDataTransport/GoogleDataTransport/GDTCORLibrary/GDTCORPlatform.m -o /Users/buddhirajgautam/Library/Developer/Xcode/DerivedData/Telegram-Mac-fygdgghdgmuleoelvxabfmqiotta/Build/Intermediates.noindex/GoogleDataTransport.build/Debug/GoogleDataTransport-t.build/Objects-normal/arm64/GDTCORPlatform.o -index-unit-output-path /GoogleDataTransport.build/Debug/GoogleDataTransport-t.build/Objects-normal/arm64/GDTCORPlatform.o

ScanDependencies /Users/buddhirajgautam/Library/Developer/Xcode/DerivedData/Telegram-Mac-fygdgghdgmuleoelvxabfmqiotta/Build/Intermediates.noindex/GoogleDataTransport.build/Debug/GoogleDataTransport-t.build/Objects-normal/arm64/GDTCORMetricsMetadata.o /Users/buddhirajgautam/Library/Developer/Xcode/DerivedData/Telegram-Mac-fygdgghdgmuleoelvxabfmqiotta/SourcePackages/checkouts/GoogleDataTransport/GoogleDataTransport/GDTCORLibrary/GDTCORMetricsMetadata.m normal arm64 objective-c com.apple.compilers.llvm.clang.1_0.compiler (in target 'GoogleDataTransport' from project 'GoogleDataTransport')
    cd /Users/buddhirajgautam/Documents/Cherrygram-Mac/macOS-Swift
    
    Using response file: /Users/buddhirajgautam/Library/Developer/Xcode/DerivedData/Telegram-Mac-fygdgghdgmuleoelvxabfmqiotta/Build/Intermediates.noindex/GoogleDataTransport.build/Debug/GoogleDataTransport-t.build/Objects-normal/arm64/e6072d4f65d7061329687fe24e3d63a7-common-args.resp
    
    builtin-ScanDependencies -o /Users/buddhirajgautam/Library/Developer/Xcode/DerivedData/Telegram-Mac-fygdgghdgmuleoelvxabfmqiotta/Build/Intermediates.noindex/GoogleDataTransport.build/Debug/GoogleDataTransport-t.build/Objects-normal/arm64/GDTCORMetricsMetadata.o.scan -- /Applications/Xcode.app/Contents/Developer/Toolchains/XcodeDefault.xctoolchain/usr/bin/clang -x objective-c -ivfsstatcache /Users/buddhirajgautam/Library/Developer/Xcode/DerivedData/SDKStatCaches.noindex/macosx27.0-26A425-e829b21a6f8c9b70876ba0858053c0447231f6df4def33e022ae2eb8f782df1a.sdkstatcache -target arm64-apple-macos12.0 -fmessage-length\=0 -fdiagnostics-show-note-include-stack -fmacro-backtrace-limit\=0 -fno-color-diagnostics -fmodules-prune-interval\=86400 -fmodules-prune-after\=345600 -fbuild-session-file\=/Users/buddhirajgautam/Library/Developer/Xcode/DerivedData/ModuleCache.noindex/Session.modulevalidation -fmodules-validate-once-per-build-session -Wnon-modular-include-in-framework-module -Werror\=non-modular-include-in-framework-module -Wno-trigraphs -Wno-missing-field-initializers -Wno-missing-prototypes -Wno-return-type -Wno-implicit-atomic-properties -Wno-objc-interface-ivars -Wno-arc-repeated-use-of-weak -Wno-missing-braces -Wparentheses -Wswitch -Wno-unused-function -Wno-unused-label -Wno-unused-parameter -Wno-unused-variable -Wunused-value -Wno-empty-body -Wno-uninitialized -Wno-unknown-pragmas -w -Wno-shadow -Wno-four-char-constants -Wno-conversion -Wno-constant-conversion -Wno-int-conversion -Wno-bool-conversion -Wno-enum-conversion -Wno-float-conversion -Wno-non-literal-null-conversion -Wno-objc-literal-conversion -Wshorten-64-to-32 -Wpointer-sign -Wno-newline-eof -Wno-selector -Wno-strict-selector-match -Wno-undeclared-selector -Wno-deprecated-implementations -Wno-implicit-fallthrough -isysroot /Applications/Xcode.app/Contents/Developer/Platforms/MacOSX.platform/Developer/SDKs/MacOSX27.0.sdk -fstrict-aliasing -Wprotocol -Wdeprecated-declarations -Wno-sign-conversion -Wno-infinite-recursion -Wno-comma -Wno-block-capture-autoreleasing -Wno-strict-prototypes -Wno-semicolon-before-method-body -index-store-path /Users/buddhirajgautam/Library/Developer/Xcode/DerivedData/Telegram-Mac-fygdgghdgmuleoelvxabfmqiotta/Index.noindex/DataStore @/Users/buddhirajgautam/Library/Developer/Xcode/DerivedData/Telegram-Mac-fygdgghdgmuleoelvxabfmqiotta/Build/Intermediates.noindex/GoogleDataTransport.build/Debug/GoogleDataTransport-t.build/Objects-normal/arm64/e6072d4f65d7061329687fe24e3d63a7-common-args.resp -include /Users/buddhirajgautam/Library/Developer/Xcode/DerivedData/Telegram-Mac-fygdgghdgmuleoelvxabfmqiotta/Build/Intermediates.noindex/GoogleDataTransport.build/Debug/GoogleDataTransport-t.build/DerivedSources/resource_bundle_accessor.h -MMD -MT dependencies -MF /Users/buddhirajgautam/Library/Developer/Xcode/DerivedData/Telegram-Mac-fygdgghdgmuleoelvxabfmqiotta/Build/Intermediates.noindex/GoogleDataTransport.build/Debug/GoogleDataTransport-t.build/Objects-normal/arm64/GDTCORMetricsMetadata.d --serialize-diagnostics /Users/buddhirajgautam/Library/Developer/Xcode/DerivedData/Telegram-Mac-fygdgghdgmuleoelvxabfmqiotta/Build/Intermediates.noindex/GoogleDataTransport.build/Debug/GoogleDataTransport-t.build/Objects-normal/arm64/GDTCORMetricsMetadata.dia -c /Users/buddhirajgautam/Library/Developer/Xcode/DerivedData/Telegram-Mac-fygdgghdgmuleoelvxabfmqiotta/SourcePackages/checkouts/GoogleDataTransport/GoogleDataTransport/GDTCORLibrary/GDTCORMetricsMetadata.m -o /Users/buddhirajgautam/Library/Developer/Xcode/DerivedData/Telegram-Mac-fygdgghdgmuleoelvxabfmqiotta/Build/Intermediates.noindex/GoogleDataTransport.build/Debug/GoogleDataTransport-t.build/Objects-normal/arm64/GDTCORMetricsMetadata.o -index-unit-output-path /GoogleDataTransport.build/Debug/GoogleDataTransport-t.build/Objects-normal/arm64/GDTCORMetricsMetadata.o

PrecompileModule /Users/buddhirajgautam/Library/Developer/Xcode/DerivedData/Telegram-Mac-fygdgghdgmuleoelvxabfmqiotta/Build/Intermediates.noindex/ExplicitPrecompiledModules/libDER-CM9XWEXA6R1GG93LGA5R0UCRY.scan
    cd /
    builtin-precompileModule /Users/buddhirajgautam/Library/Developer/Xcode/DerivedData/Telegram-Mac-fygdgghdgmuleoelvxabfmqiotta/Build/Intermediates.noindex/ExplicitPrecompiledModules/libDER-CM9XWEXA6R1GG93LGA5R0UCRY.scan

PrecompileModule /Users/buddhirajgautam/Library/Developer/Xcode/DerivedData/Telegram-Mac-fygdgghdgmuleoelvxabfmqiotta/Build/Intermediates.noindex/ExplicitPrecompiledModules/OpenGL-32FS4XGZOPYP0R8RRL77OL5HZ.scan
    cd /
    builtin-precompileModule /Users/buddhirajgautam/Library/Developer/Xcode/DerivedData/Telegram-Mac-fygdgghdgmuleoelvxabfmqiotta/Build/Intermediates.noindex/ExplicitPrecompiledModules/OpenGL-32FS4XGZOPYP0R8RRL77OL5HZ.scan

PrecompileModule /Users/buddhirajgautam/Library/Developer/Xcode/DerivedData/Telegram-Mac-fygdgghdgmuleoelvxabfmqiotta/Build/Intermediates.noindex/ExplicitPrecompiledModules/_DarwinFoundation3-1BWMS9SWABBZL6W6OOCW0PJBW.scan
    cd /
    builtin-precompileModule /Users/buddhirajgautam/Library/Developer/Xcode/DerivedData/Telegram-Mac-fygdgghdgmuleoelvxabfmqiotta/Build/Intermediates.noindex/ExplicitPrecompiledModules/_DarwinFoundation3-1BWMS9SWABBZL6W6OOCW0PJBW.scan

PrecompileModule /Users/buddhirajgautam/Library/Developer/Xcode/DerivedData/Telegram-Mac-fygdgghdgmuleoelvxabfmqiotta/Build/Intermediates.noindex/ExplicitPrecompiledModules/_DarwinFoundation3-8YGHUV7506YJ4OV5561EP7NTL.scan
    cd /
    builtin-precompileModule /Users/buddhirajgautam/Library/Developer/Xcode/DerivedData/Telegram-Mac-fygdgghdgmuleoelvxabfmqiotta/Build/Intermediates.noindex/ExplicitPrecompiledModules/_DarwinFoundation3-8YGHUV7506YJ4OV5561EP7NTL.scan

ScanDependencies /Users/buddhirajgautam/Library/Developer/Xcode/DerivedData/Telegram-Mac-fygdgghdgmuleoelvxabfmqiotta/Build/Intermediates.noindex/GoogleDataTransport.build/Debug/GoogleDataTransport-t.build/Objects-normal/arm64/GDTCORMetricsController.o /Users/buddhirajgautam/Library/Developer/Xcode/DerivedData/Telegram-Mac-fygdgghdgmuleoelvxabfmqiotta/SourcePackages/checkouts/GoogleDataTransport/GoogleDataTransport/GDTCORLibrary/GDTCORMetricsController.m normal arm64 objective-c com.apple.compilers.llvm.clang.1_0.compiler (in target 'GoogleDataTransport' from project 'GoogleDataTransport')
    cd /Users/buddhirajgautam/Documents/Cherrygram-Mac/macOS-Swift
    
    Using response file: /Users/buddhirajgautam/Library/Developer/Xcode/DerivedData/Telegram-Mac-fygdgghdgmuleoelvxabfmqiotta/Build/Intermediates.noindex/GoogleDataTransport.build/Debug/GoogleDataTransport-t.build/Objects-normal/arm64/e6072d4f65d7061329687fe24e3d63a7-common-args.resp
    
    builtin-ScanDependencies -o /Users/buddhirajgautam/Library/Developer/Xcode/DerivedData/Telegram-Mac-fygdgghdgmuleoelvxabfmqiotta/Build/Intermediates.noindex/GoogleDataTransport.build/Debug/GoogleDataTransport-t.build/Objects-normal/arm64/GDTCORMetricsController.o.scan -- /Applications/Xcode.app/Contents/Developer/Toolchains/XcodeDefault.xctoolchain/usr/bin/clang -x objective-c -ivfsstatcache /Users/buddhirajgautam/Library/Developer/Xcode/DerivedData/SDKStatCaches.noindex/macosx27.0-26A425-e829b21a6f8c9b70876ba0858053c0447231f6df4def33e022ae2eb8f782df1a.sdkstatcache -target arm64-apple-macos12.0 -fmessage-length\=0 -fdiagnostics-show-note-include-stack -fmacro-backtrace-limit\=0 -fno-color-diagnostics -fmodules-prune-interval\=86400 -fmodules-prune-after\=345600 -fbuild-session-file\=/Users/buddhirajgautam/Library/Developer/Xcode/DerivedData/ModuleCache.noindex/Session.modulevalidation -fmodules-validate-once-per-build-session -Wnon-modular-include-in-framework-module -Werror\=non-modular-include-in-framework-module -Wno-trigraphs -Wno-missing-field-initializers -Wno-missing-prototypes -Wno-return-type -Wno-implicit-atomic-properties -Wno-objc-interface-ivars -Wno-arc-repeated-use-of-weak -Wno-missing-braces -Wparentheses -Wswitch -Wno-unused-function -Wno-unused-label -Wno-unused-parameter -Wno-unused-variable -Wunused-value -Wno-empty-body -Wno-uninitialized -Wno-unknown-pragmas -w -Wno-shadow -Wno-four-char-constants -Wno-conversion -Wno-constant-conversion -Wno-int-conversion -Wno-bool-conversion -Wno-enum-conversion -Wno-float-conversion -Wno-non-literal-null-conversion -Wno-objc-literal-conversion -Wshorten-64-to-32 -Wpointer-sign -Wno-newline-eof -Wno-selector -Wno-strict-selector-match -Wno-undeclared-selector -Wno-deprecated-implementations -Wno-implicit-fallthrough -isysroot /Applications/Xcode.app/Contents/Developer/Platforms/MacOSX.platform/Developer/SDKs/MacOSX27.0.sdk -fstrict-aliasing -Wprotocol -Wdeprecated-declarations -Wno-sign-conversion -Wno-infinite-recursion -Wno-comma -Wno-block-capture-autoreleasing -Wno-strict-prototypes -Wno-semicolon-before-method-body -index-store-path /Users/buddhirajgautam/Library/Developer/Xcode/DerivedData/Telegram-Mac-fygdgghdgmuleoelvxabfmqiotta/Index.noindex/DataStore @/Users/buddhirajgautam/Library/Developer/Xcode/DerivedData/Telegram-Mac-fygdgghdgmuleoelvxabfmqiotta/Build/Intermediates.noindex/GoogleDataTransport.build/Debug/GoogleDataTransport-t.build/Objects-normal/arm64/e6072d4f65d7061329687fe24e3d63a7-common-args.resp -include /Users/buddhirajgautam/Library/Developer/Xcode/DerivedData/Telegram-Mac-fygdgghdgmuleoelvxabfmqiotta/Build/Intermediates.noindex/GoogleDataTransport.build/Debug/GoogleDataTransport-t.build/DerivedSources/resource_bundle_accessor.h -MMD -MT dependencies -MF /Users/buddhirajgautam/Library/Developer/Xcode/DerivedData/Telegram-Mac-fygdgghdgmuleoelvxabfmqiotta/Build/Intermediates.noindex/GoogleDataTransport.build/Debug/GoogleDataTransport-t.build/Objects-normal/arm64/GDTCORMetricsController.d --serialize-diagnostics /Users/buddhirajgautam/Library/Developer/Xcode/DerivedData/Telegram-Mac-fygdgghdgmuleoelvxabfmqiotta/Build/Intermediates.noindex/GoogleDataTransport.build/Debug/GoogleDataTransport-t.build/Objects-normal/arm64/GDTCORMetricsController.dia -c /Users/buddhirajgautam/Library/Developer/Xcode/DerivedData/Telegram-Mac-fygdgghdgmuleoelvxabfmqiotta/SourcePackages/checkouts/GoogleDataTransport/GoogleDataTransport/GDTCORLibrary/GDTCORMetricsController.m -o /Users/buddhirajgautam/Library/Developer/Xcode/DerivedData/Telegram-Mac-fygdgghdgmuleoelvxabfmqiotta/Build/Intermediates.noindex/GoogleDataTransport.build/Debug/GoogleDataTransport-t.build/Objects-normal/arm64/GDTCORMetricsController.o -index-unit-output-path /GoogleDataTransport.build/Debug/GoogleDataTransport-t.build/Objects-normal/arm64/GDTCORMetricsController.o

ScanDependencies /Users/buddhirajgautam/Library/Developer/Xcode/DerivedData/Telegram-Mac-fygdgghdgmuleoelvxabfmqiotta/Build/Intermediates.noindex/GoogleDataTransport.build/Debug/GoogleDataTransport-t.build/Objects-normal/arm64/GDTCORMetrics.o /Users/buddhirajgautam/Library/Developer/Xcode/DerivedData/Telegram-Mac-fygdgghdgmuleoelvxabfmqiotta/SourcePackages/checkouts/GoogleDataTransport/GoogleDataTransport/GDTCORLibrary/GDTCORMetrics.m normal arm64 objective-c com.apple.compilers.llvm.clang.1_0.compiler (in target 'GoogleDataTransport' from project 'GoogleDataTransport')
    cd /Users/buddhirajgautam/Documents/Cherrygram-Mac/macOS-Swift
    
    Using response file: /Users/buddhirajgautam/Library/Developer/Xcode/DerivedData/Telegram-Mac-fygdgghdgmuleoelvxabfmqiotta/Build/Intermediates.noindex/GoogleDataTransport.build/Debug/GoogleDataTransport-t.build/Objects-normal/arm64/e6072d4f65d7061329687fe24e3d63a7-common-args.resp
    
    builtin-ScanDependencies -o /Users/buddhirajgautam/Library/Developer/Xcode/DerivedData/Telegram-Mac-fygdgghdgmuleoelvxabfmqiotta/Build/Intermediates.noindex/GoogleDataTransport.build/Debug/GoogleDataTransport-t.build/Objects-normal/arm64/GDTCORMetrics.o.scan -- /Applications/Xcode.app/Contents/Developer/Toolchains/XcodeDefault.xctoolchain/usr/bin/clang -x objective-c -ivfsstatcache /Users/buddhirajgautam/Library/Developer/Xcode/DerivedData/SDKStatCaches.noindex/macosx27.0-26A425-e829b21a6f8c9b70876ba0858053c0447231f6df4def33e022ae2eb8f782df1a.sdkstatcache -target arm64-apple-macos12.0 -fmessage-length\=0 -fdiagnostics-show-note-include-stack -fmacro-backtrace-limit\=0 -fno-color-diagnostics -fmodules-prune-interval\=86400 -fmodules-prune-after\=345600 -fbuild-session-file\=/Users/buddhirajgautam/Library/Developer/Xcode/DerivedData/ModuleCache.noindex/Session.modulevalidation -fmodules-validate-once-per-build-session -Wnon-modular-include-in-framework-module -Werror\=non-modular-include-in-framework-module -Wno-trigraphs -Wno-missing-field-initializers -Wno-missing-prototypes -Wno-return-type -Wno-implicit-atomic-properties -Wno-objc-interface-ivars -Wno-arc-repeated-use-of-weak -Wno-missing-braces -Wparentheses -Wswitch -Wno-unused-function -Wno-unused-label -Wno-unused-parameter -Wno-unused-variable -Wunused-value -Wno-empty-body -Wno-uninitialized -Wno-unknown-pragmas -w -Wno-shadow -Wno-four-char-constants -Wno-conversion -Wno-constant-conversion -Wno-int-conversion -Wno-bool-conversion -Wno-enum-conversion -Wno-float-conversion -Wno-non-literal-null-conversion -Wno-objc-literal-conversion -Wshorten-64-to-32 -Wpointer-sign -Wno-newline-eof -Wno-selector -Wno-strict-selector-match -Wno-undeclared-selector -Wno-deprecated-implementations -Wno-implicit-fallthrough -isysroot /Applications/Xcode.app/Contents/Developer/Platforms/MacOSX.platform/Developer/SDKs/MacOSX27.0.sdk -fstrict-aliasing -Wprotocol -Wdeprecated-declarations -Wno-sign-conversion -Wno-infinite-recursion -Wno-comma -Wno-block-capture-autoreleasing -Wno-strict-prototypes -Wno-semicolon-before-method-body -index-store-path /Users/buddhirajgautam/Library/Developer/Xcode/DerivedData/Telegram-Mac-fygdgghdgmuleoelvxabfmqiotta/Index.noindex/DataStore @/Users/buddhirajgautam/Library/Developer/Xcode/DerivedData/Telegram-Mac-fygdgghdgmuleoelvxabfmqiotta/Build/Intermediates.noindex/GoogleDataTransport.build/Debug/GoogleDataTransport-t.build/Objects-normal/arm64/e6072d4f65d7061329687fe24e3d63a7-common-args.resp -include /Users/buddhirajgautam/Library/Developer/Xcode/DerivedData/Telegram-Mac-fygdgghdgmuleoelvxabfmqiotta/Build/Intermediates.noindex/GoogleDataTransport.build/Debug/GoogleDataTransport-t.build/DerivedSources/resource_bundle_accessor.h -MMD -MT dependencies -MF /Users/buddhirajgautam/Library/Developer/Xcode/DerivedData/Telegram-Mac-fygdgghdgmuleoelvxabfmqiotta/Build/Intermediates.noindex/GoogleDataTransport.build/Debug/GoogleDataTransport-t.build/Objects-normal/arm64/GDTCORMetrics.d --serialize-diagnostics /Users/buddhirajgautam/Library/Developer/Xcode/DerivedData/Telegram-Mac-fygdgghdgmuleoelvxabfmqiotta/Build/Intermediates.noindex/GoogleDataTransport.build/Debug/GoogleDataTransport-t.build/Objects-normal/arm64/GDTCORMetrics.dia -c /Users/buddhirajgautam/Library/Developer/Xcode/DerivedData/Telegram-Mac-fygdgghdgmuleoelvxabfmqiotta/SourcePackages/checkouts/GoogleDataTransport/GoogleDataTransport/GDTCORLibrary/GDTCORMetrics.m -o /Users/buddhirajgautam/Library/Developer/Xcode/DerivedData/Telegram-Mac-fygdgghdgmuleoelvxabfmqiotta/Build/Intermediates.noindex/GoogleDataTransport.build/Debug/GoogleDataTransport-t.build/Objects-normal/arm64/GDTCORMetrics.o -index-unit-output-path /GoogleDataTransport.build/Debug/GoogleDataTransport-t.build/Objects-normal/arm64/GDTCORMetrics.o

ScanDependencies /Users/buddhirajgautam/Library/Developer/Xcode/DerivedData/Telegram-Mac-fygdgghdgmuleoelvxabfmqiotta/Build/Intermediates.noindex/GoogleDataTransport.build/Debug/GoogleDataTransport-t.build/Objects-normal/arm64/GDTCORMetrics+GDTCCTSupport.o /Users/buddhirajgautam/Library/Developer/Xcode/DerivedData/Telegram-Mac-fygdgghdgmuleoelvxabfmqiotta/SourcePackages/checkouts/GoogleDataTransport/GoogleDataTransport/GDTCCTLibrary/GDTCORMetrics+GDTCCTSupport.m normal arm64 objective-c com.apple.compilers.llvm.clang.1_0.compiler (in target 'GoogleDataTransport' from project 'GoogleDataTransport')
    cd /Users/buddhirajgautam/Documents/Cherrygram-Mac/macOS-Swift
    
    Using response file: /Users/buddhirajgautam/Library/Developer/Xcode/DerivedData/Telegram-Mac-fygdgghdgmuleoelvxabfmqiotta/Build/Intermediates.noindex/GoogleDataTransport.build/Debug/GoogleDataTransport-t.build/Objects-normal/arm64/e6072d4f65d7061329687fe24e3d63a7-common-args.resp
    
    builtin-ScanDependencies -o /Users/buddhirajgautam/Library/Developer/Xcode/DerivedData/Telegram-Mac-fygdgghdgmuleoelvxabfmqiotta/Build/Intermediates.noindex/GoogleDataTransport.build/Debug/GoogleDataTransport-t.build/Objects-normal/arm64/GDTCORMetrics+GDTCCTSupport.o.scan -- /Applications/Xcode.app/Contents/Developer/Toolchains/XcodeDefault.xctoolchain/usr/bin/clang -x objective-c -ivfsstatcache /Users/buddhirajgautam/Library/Developer/Xcode/DerivedData/SDKStatCaches.noindex/macosx27.0-26A425-e829b21a6f8c9b70876ba0858053c0447231f6df4def33e022ae2eb8f782df1a.sdkstatcache -target arm64-apple-macos12.0 -fmessage-length\=0 -fdiagnostics-show-note-include-stack -fmacro-backtrace-limit\=0 -fno-color-diagnostics -fmodules-prune-interval\=86400 -fmodules-prune-after\=345600 -fbuild-session-file\=/Users/buddhirajgautam/Library/Developer/Xcode/DerivedData/ModuleCache.noindex/Session.modulevalidation -fmodules-validate-once-per-build-session -Wnon-modular-include-in-framework-module -Werror\=non-modular-include-in-framework-module -Wno-trigraphs -Wno-missing-field-initializers -Wno-missing-prototypes -Wno-return-type -Wno-implicit-atomic-properties -Wno-objc-interface-ivars -Wno-arc-repeated-use-of-weak -Wno-missing-braces -Wparentheses -Wswitch -Wno-unused-function -Wno-unused-label -Wno-unused-parameter -Wno-unused-variable -Wunused-value -Wno-empty-body -Wno-uninitialized -Wno-unknown-pragmas -w -Wno-shadow -Wno-four-char-constants -Wno-conversion -Wno-constant-conversion -Wno-int-conversion -Wno-bool-conversion -Wno-enum-conversion -Wno-float-conversion -Wno-non-literal-null-conversion -Wno-objc-literal-conversion -Wshorten-64-to-32 -Wpointer-sign -Wno-newline-eof -Wno-selector -Wno-strict-selector-match -Wno-undeclared-selector -Wno-deprecated-implementations -Wno-implicit-fallthrough -isysroot /Applications/Xcode.app/Contents/Developer/Platforms/MacOSX.platform/Developer/SDKs/MacOSX27.0.sdk -fstrict-aliasing -Wprotocol -Wdeprecated-declarations -Wno-sign-conversion -Wno-infinite-recursion -Wno-comma -Wno-block-capture-autoreleasing -Wno-strict-prototypes -Wno-semicolon-before-method-body -index-store-path /Users/buddhirajgautam/Library/Developer/Xcode/DerivedData/Telegram-Mac-fygdgghdgmuleoelvxabfmqiotta/Index.noindex/DataStore @/Users/buddhirajgautam/Library/Developer/Xcode/DerivedData/Telegram-Mac-fygdgghdgmuleoelvxabfmqiotta/Build/Intermediates.noindex/GoogleDataTransport.build/Debug/GoogleDataTransport-t.build/Objects-normal/arm64/e6072d4f65d7061329687fe24e3d63a7-common-args.resp -include /Users/buddhirajgautam/Library/Developer/Xcode/DerivedData/Telegram-Mac-fygdgghdgmuleoelvxabfmqiotta/Build/Intermediates.noindex/GoogleDataTransport.build/Debug/GoogleDataTransport-t.build/DerivedSources/resource_bundle_accessor.h -MMD -MT dependencies -MF /Users/buddhirajgautam/Library/Developer/Xcode/DerivedData/Telegram-Mac-fygdgghdgmuleoelvxabfmqiotta/Build/Intermediates.noindex/GoogleDataTransport.build/Debug/GoogleDataTransport-t.build/Objects-normal/arm64/GDTCORMetrics+GDTCCTSupport.d --serialize-diagnostics /Users/buddhirajgautam/Library/Developer/Xcode/DerivedData/Telegram-Mac-fygdgghdgmuleoelvxabfmqiotta/Build/Intermediates.noindex/GoogleDataTransport.build/Debug/GoogleDataTransport-t.build/Objects-normal/arm64/GDTCORMetrics+GDTCCTSupport.dia -c /Users/buddhirajgautam/Library/Developer/Xcode/DerivedData/Telegram-Mac-fygdgghdgmuleoelvxabfmqiotta/SourcePackages/checkouts/GoogleDataTransport/GoogleDataTransport/GDTCCTLibrary/GDTCORMetrics+GDTCCTSupport.m -o /Users/buddhirajgautam/Library/Developer/Xcode/DerivedData/Telegram-Mac-fygdgghdgmuleoelvxabfmqiotta/Build/Intermediates.noindex/GoogleDataTransport.build/Debug/GoogleDataTransport-t.build/Objects-normal/arm64/GDTCORMetrics+GDTCCTSupport.o -index-unit-output-path /GoogleDataTransport.build/Debug/GoogleDataTransport-t.build/Objects-normal/arm64/GDTCORMetrics+GDTCCTSupport.o

ScanDependencies /Users/buddhirajgautam/Library/Developer/Xcode/DerivedData/Telegram-Mac-fygdgghdgmuleoelvxabfmqiotta/Build/Intermediates.noindex/GoogleDataTransport.build/Debug/GoogleDataTransport-t.build/Objects-normal/arm64/GDTCORLogSourceMetrics.o /Users/buddhirajgautam/Library/Developer/Xcode/DerivedData/Telegram-Mac-fygdgghdgmuleoelvxabfmqiotta/SourcePackages/checkouts/GoogleDataTransport/GoogleDataTransport/GDTCORLibrary/GDTCORLogSourceMetrics.m normal arm64 objective-c com.apple.compilers.llvm.clang.1_0.compiler (in target 'GoogleDataTransport' from project 'GoogleDataTransport')
    cd /Users/buddhirajgautam/Documents/Cherrygram-Mac/macOS-Swift
    
    Using response file: /Users/buddhirajgautam/Library/Developer/Xcode/DerivedData/Telegram-Mac-fygdgghdgmuleoelvxabfmqiotta/Build/Intermediates.noindex/GoogleDataTransport.build/Debug/GoogleDataTransport-t.build/Objects-normal/arm64/e6072d4f65d7061329687fe24e3d63a7-common-args.resp
    
    builtin-ScanDependencies -o /Users/buddhirajgautam/Library/Developer/Xcode/DerivedData/Telegram-Mac-fygdgghdgmuleoelvxabfmqiotta/Build/Intermediates.noindex/GoogleDataTransport.build/Debug/GoogleDataTransport-t.build/Objects-normal/arm64/GDTCORLogSourceMetrics.o.scan -- /Applications/Xcode.app/Contents/Developer/Toolchains/XcodeDefault.xctoolchain/usr/bin/clang -x objective-c -ivfsstatcache /Users/buddhirajgautam/Library/Developer/Xcode/DerivedData/SDKStatCaches.noindex/macosx27.0-26A425-e829b21a6f8c9b70876ba0858053c0447231f6df4def33e022ae2eb8f782df1a.sdkstatcache -target arm64-apple-macos12.0 -fmessage-length\=0 -fdiagnostics-show-note-include-stack -fmacro-backtrace-limit\=0 -fno-color-diagnostics -fmodules-prune-interval\=86400 -fmodules-prune-after\=345600 -fbuild-session-file\=/Users/buddhirajgautam/Library/Developer/Xcode/DerivedData/ModuleCache.noindex/Session.modulevalidation -fmodules-validate-once-per-build-session -Wnon-modular-include-in-framework-module -Werror\=non-modular-include-in-framework-module -Wno-trigraphs -Wno-missing-field-initializers -Wno-missing-prototypes -Wno-return-type -Wno-implicit-atomic-properties -Wno-objc-interface-ivars -Wno-arc-repeated-use-of-weak -Wno-missing-braces -Wparentheses -Wswitch -Wno-unused-function -Wno-unused-label -Wno-unused-parameter -Wno-unused-variable -Wunused-value -Wno-empty-body -Wno-uninitialized -Wno-unknown-pragmas -w -Wno-shadow -Wno-four-char-constants -Wno-conversion -Wno-constant-conversion -Wno-int-conversion -Wno-bool-conversion -Wno-enum-conversion -Wno-float-conversion -Wno-non-literal-null-conversion -Wno-objc-literal-conversion -Wshorten-64-to-32 -Wpointer-sign -Wno-newline-eof -Wno-selector -Wno-strict-selector-match -Wno-undeclared-selector -Wno-deprecated-implementations -Wno-implicit-fallthrough -isysroot /Applications/Xcode.app/Contents/Developer/Platforms/MacOSX.platform/Developer/SDKs/MacOSX27.0.sdk -fstrict-aliasing -Wprotocol -Wdeprecated-declarations -Wno-sign-conversion -Wno-infinite-recursion -Wno-comma -Wno-block-capture-autoreleasing -Wno-strict-prototypes -Wno-semicolon-before-method-body -index-store-path /Users/buddhirajgautam/Library/Developer/Xcode/DerivedData/Telegram-Mac-fygdgghdgmuleoelvxabfmqiotta/Index.noindex/DataStore @/Users/buddhirajgautam/Library/Developer/Xcode/DerivedData/Telegram-Mac-fygdgghdgmuleoelvxabfmqiotta/Build/Intermediates.noindex/GoogleDataTransport.build/Debug/GoogleDataTransport-t.build/Objects-normal/arm64/e6072d4f65d7061329687fe24e3d63a7-common-args.resp -include /Users/buddhirajgautam/Library/Developer/Xcode/DerivedData/Telegram-Mac-fygdgghdgmuleoelvxabfmqiotta/Build/Intermediates.noindex/GoogleDataTransport.build/Debug/GoogleDataTransport-t.build/DerivedSources/resource_bundle_accessor.h -MMD -MT dependencies -MF /Users/buddhirajgautam/Library/Developer/Xcode/DerivedData/Telegram-Mac-fygdgghdgmuleoelvxabfmqiotta/Build/Intermediates.noindex/GoogleDataTransport.build/Debug/GoogleDataTransport-t.build/Objects-normal/arm64/GDTCORLogSourceMetrics.d --serialize-diagnostics /Users/buddhirajgautam/Library/Developer/Xcode/DerivedData/Telegram-Mac-fygdgghdgmuleoelvxabfmqiotta/Build/Intermediates.noindex/GoogleDataTransport.build/Debug/GoogleDataTransport-t.build/Objects-normal/arm64/GDTCORLogSourceMetrics.dia -c /Users/buddhirajgautam/Library/Developer/Xcode/DerivedData/Telegram-Mac-fygdgghdgmuleoelvxabfmqiotta/SourcePackages/checkouts/GoogleDataTransport/GoogleDataTransport/GDTCORLibrary/GDTCORLogSourceMetrics.m -o /Users/buddhirajgautam/Library/Developer/Xcode/DerivedData/Telegram-Mac-fygdgghdgmuleoelvxabfmqiotta/Build/Intermediates.noindex/GoogleDataTransport.build/Debug/GoogleDataTransport-t.build/Objects-normal/arm64/GDTCORLogSourceMetrics.o -index-unit-output-path /GoogleDataTransport.build/Debug/GoogleDataTransport-t.build/Objects-normal/arm64/GDTCORLogSourceMetrics.o

ScanDependencies /Users/buddhirajgautam/Library/Developer/Xcode/DerivedData/Telegram-Mac-fygdgghdgmuleoelvxabfmqiotta/Build/Intermediates.noindex/GoogleDataTransport.build/Debug/GoogleDataTransport-t.build/Objects-normal/arm64/GDTCORLifecycle.o /Users/buddhirajgautam/Library/Developer/Xcode/DerivedData/Telegram-Mac-fygdgghdgmuleoelvxabfmqiotta/SourcePackages/checkouts/GoogleDataTransport/GoogleDataTransport/GDTCORLibrary/GDTCORLifecycle.m normal arm64 objective-c com.apple.compilers.llvm.clang.1_0.compiler (in target 'GoogleDataTransport' from project 'GoogleDataTransport')
    cd /Users/buddhirajgautam/Documents/Cherrygram-Mac/macOS-Swift
    
    Using response file: /Users/buddhirajgautam/Library/Developer/Xcode/DerivedData/Telegram-Mac-fygdgghdgmuleoelvxabfmqiotta/Build/Intermediates.noindex/GoogleDataTransport.build/Debug/GoogleDataTransport-t.build/Objects-normal/arm64/e6072d4f65d7061329687fe24e3d63a7-common-args.resp
    
    builtin-ScanDependencies -o /Users/buddhirajgautam/Library/Developer/Xcode/DerivedData/Telegram-Mac-fygdgghdgmuleoelvxabfmqiotta/Build/Intermediates.noindex/GoogleDataTransport.build/Debug/GoogleDataTransport-t.build/Objects-normal/arm64/GDTCORLifecycle.o.scan -- /Applications/Xcode.app/Contents/Developer/Toolchains/XcodeDefault.xctoolchain/usr/bin/clang -x objective-c -ivfsstatcache /Users/buddhirajgautam/Library/Developer/Xcode/DerivedData/SDKStatCaches.noindex/macosx27.0-26A425-e829b21a6f8c9b70876ba0858053c0447231f6df4def33e022ae2eb8f782df1a.sdkstatcache -target arm64-apple-macos12.0 -fmessage-length\=0 -fdiagnostics-show-note-include-stack -fmacro-backtrace-limit\=0 -fno-color-diagnostics -fmodules-prune-interval\=86400 -fmodules-prune-after\=345600 -fbuild-session-file\=/Users/buddhirajgautam/Library/Developer/Xcode/DerivedData/ModuleCache.noindex/Session.modulevalidation -fmodules-validate-once-per-build-session -Wnon-modular-include-in-framework-module -Werror\=non-modular-include-in-framework-module -Wno-trigraphs -Wno-missing-field-initializers -Wno-missing-prototypes -Wno-return-type -Wno-implicit-atomic-properties -Wno-objc-interface-ivars -Wno-arc-repeated-use-of-weak -Wno-missing-braces -Wparentheses -Wswitch -Wno-unused-function -Wno-unused-label -Wno-unused-parameter -Wno-unused-variable -Wunused-value -Wno-empty-body -Wno-uninitialized -Wno-unknown-pragmas -w -Wno-shadow -Wno-four-char-constants -Wno-conversion -Wno-constant-conversion -Wno-int-conversion -Wno-bool-conversion -Wno-enum-conversion -Wno-float-conversion -Wno-non-literal-null-conversion -Wno-objc-literal-conversion -Wshorten-64-to-32 -Wpointer-sign -Wno-newline-eof -Wno-selector -Wno-strict-selector-match -Wno-undeclared-selector -Wno-deprecated-implementations -Wno-implicit-fallthrough -isysroot /Applications/Xcode.app/Contents/Developer/Platforms/MacOSX.platform/Developer/SDKs/MacOSX27.0.sdk -fstrict-aliasing -Wprotocol -Wdeprecated-declarations -Wno-sign-conversion -Wno-infinite-recursion -Wno-comma -Wno-block-capture-autoreleasing -Wno-strict-prototypes -Wno-semicolon-before-method-body -index-store-path /Users/buddhirajgautam/Library/Developer/Xcode/DerivedData/Telegram-Mac-fygdgghdgmuleoelvxabfmqiotta/Index.noindex/DataStore @/Users/buddhirajgautam/Library/Developer/Xcode/DerivedData/Telegram-Mac-fygdgghdgmuleoelvxabfmqiotta/Build/Intermediates.noindex/GoogleDataTransport.build/Debug/GoogleDataTransport-t.build/Objects-normal/arm64/e6072d4f65d7061329687fe24e3d63a7-common-args.resp -include /Users/buddhirajgautam/Library/Developer/Xcode/DerivedData/Telegram-Mac-fygdgghdgmuleoelvxabfmqiotta/Build/Intermediates.noindex/GoogleDataTransport.build/Debug/GoogleDataTransport-t.build/DerivedSources/resource_bundle_accessor.h -MMD -MT dependencies -MF /Users/buddhirajgautam/Library/Developer/Xcode/DerivedData/Telegram-Mac-fygdgghdgmuleoelvxabfmqiotta/Build/Intermediates.noindex/GoogleDataTransport.build/Debug/GoogleDataTransport-t.build/Objects-normal/arm64/GDTCORLifecycle.d --serialize-diagnostics /Users/buddhirajgautam/Library/Developer/Xcode/DerivedData/Telegram-Mac-fygdgghdgmuleoelvxabfmqiotta/Build/Intermediates.noindex/GoogleDataTransport.build/Debug/GoogleDataTransport-t.build/Objects-normal/arm64/GDTCORLifecycle.dia -c /Users/buddhirajgautam/Library/Developer/Xcode/DerivedData/Telegram-Mac-fygdgghdgmuleoelvxabfmqiotta/SourcePackages/checkouts/GoogleDataTransport/GoogleDataTransport/GDTCORLibrary/GDTCORLifecycle.m -o /Users/buddhirajgautam/Library/Developer/Xcode/DerivedData/Telegram-Mac-fygdgghdgmuleoelvxabfmqiotta/Build/Intermediates.noindex/GoogleDataTransport.build/Debug/GoogleDataTransport-t.build/Objects-normal/arm64/GDTCORLifecycle.o -index-unit-output-path /GoogleDataTransport.build/Debug/GoogleDataTransport-t.build/Objects-normal/arm64/GDTCORLifecycle.o

ScanDependencies /Users/buddhirajgautam/Library/Developer/Xcode/DerivedData/Telegram-Mac-fygdgghdgmuleoelvxabfmqiotta/Build/Intermediates.noindex/GoogleDataTransport.build/Debug/GoogleDataTransport-t.build/Objects-normal/arm64/GDTCORFlatFileStorage.o /Users/buddhirajgautam/Library/Developer/Xcode/DerivedData/Telegram-Mac-fygdgghdgmuleoelvxabfmqiotta/SourcePackages/checkouts/GoogleDataTransport/GoogleDataTransport/GDTCORLibrary/GDTCORFlatFileStorage.m normal arm64 objective-c com.apple.compilers.llvm.clang.1_0.compiler (in target 'GoogleDataTransport' from project 'GoogleDataTransport')
    cd /Users/buddhirajgautam/Documents/Cherrygram-Mac/macOS-Swift
    
    Using response file: /Users/buddhirajgautam/Library/Developer/Xcode/DerivedData/Telegram-Mac-fygdgghdgmuleoelvxabfmqiotta/Build/Intermediates.noindex/GoogleDataTransport.build/Debug/GoogleDataTransport-t.build/Objects-normal/arm64/e6072d4f65d7061329687fe24e3d63a7-common-args.resp
    
    builtin-ScanDependencies -o /Users/buddhirajgautam/Library/Developer/Xcode/DerivedData/Telegram-Mac-fygdgghdgmuleoelvxabfmqiotta/Build/Intermediates.noindex/GoogleDataTransport.build/Debug/GoogleDataTransport-t.build/Objects-normal/arm64/GDTCORFlatFileStorage.o.scan -- /Applications/Xcode.app/Contents/Developer/Toolchains/XcodeDefault.xctoolchain/usr/bin/clang -x objective-c -ivfsstatcache /Users/buddhirajgautam/Library/Developer/Xcode/DerivedData/SDKStatCaches.noindex/macosx27.0-26A425-e829b21a6f8c9b70876ba0858053c0447231f6df4def33e022ae2eb8f782df1a.sdkstatcache -target arm64-apple-macos12.0 -fmessage-length\=0 -fdiagnostics-show-note-include-stack -fmacro-backtrace-limit\=0 -fno-color-diagnostics -fmodules-prune-interval\=86400 -fmodules-prune-after\=345600 -fbuild-session-file\=/Users/buddhirajgautam/Library/Developer/Xcode/DerivedData/ModuleCache.noindex/Session.modulevalidation -fmodules-validate-once-per-build-session -Wnon-modular-include-in-framework-module -Werror\=non-modular-include-in-framework-module -Wno-trigraphs -Wno-missing-field-initializers -Wno-missing-prototypes -Wno-return-type -Wno-implicit-atomic-properties -Wno-objc-interface-ivars -Wno-arc-repeated-use-of-weak -Wno-missing-braces -Wparentheses -Wswitch -Wno-unused-function -Wno-unused-label -Wno-unused-parameter -Wno-unused-variable -Wunused-value -Wno-empty-body -Wno-uninitialized -Wno-unknown-pragmas -w -Wno-shadow -Wno-four-char-constants -Wno-conversion -Wno-constant-conversion -Wno-int-conversion -Wno-bool-conversion -Wno-enum-conversion -Wno-float-conversion -Wno-non-literal-null-conversion -Wno-objc-literal-conversion -Wshorten-64-to-32 -Wpointer-sign -Wno-newline-eof -Wno-selector -Wno-strict-selector-match -Wno-undeclared-selector -Wno-deprecated-implementations -Wno-implicit-fallthrough -isysroot /Applications/Xcode.app/Contents/Developer/Platforms/MacOSX.platform/Developer/SDKs/MacOSX27.0.sdk -fstrict-aliasing -Wprotocol -Wdeprecated-declarations -Wno-sign-conversion -Wno-infinite-recursion -Wno-comma -Wno-block-capture-autoreleasing -Wno-strict-prototypes -Wno-semicolon-before-method-body -index-store-path /Users/buddhirajgautam/Library/Developer/Xcode/DerivedData/Telegram-Mac-fygdgghdgmuleoelvxabfmqiotta/Index.noindex/DataStore @/Users/buddhirajgautam/Library/Developer/Xcode/DerivedData/Telegram-Mac-fygdgghdgmuleoelvxabfmqiotta/Build/Intermediates.noindex/GoogleDataTransport.build/Debug/GoogleDataTransport-t.build/Objects-normal/arm64/e6072d4f65d7061329687fe24e3d63a7-common-args.resp -include /Users/buddhirajgautam/Library/Developer/Xcode/DerivedData/Telegram-Mac-fygdgghdgmuleoelvxabfmqiotta/Build/Intermediates.noindex/GoogleDataTransport.build/Debug/GoogleDataTransport-t.build/DerivedSources/resource_bundle_accessor.h -MMD -MT dependencies -MF /Users/buddhirajgautam/Library/Developer/Xcode/DerivedData/Telegram-Mac-fygdgghdgmuleoelvxabfmqiotta/Build/Intermediates.noindex/GoogleDataTransport.build/Debug/GoogleDataTransport-t.build/Objects-normal/arm64/GDTCORFlatFileStorage.d --serialize-diagnostics /Users/buddhirajgautam/Library/Developer/Xcode/DerivedData/Telegram-Mac-fygdgghdgmuleoelvxabfmqiotta/Build/Intermediates.noindex/GoogleDataTransport.build/Debug/GoogleDataTransport-t.build/Objects-normal/arm64/GDTCORFlatFileStorage.dia -c /Users/buddhirajgautam/Library/Developer/Xcode/DerivedData/Telegram-Mac-fygdgghdgmuleoelvxabfmqiotta/SourcePackages/checkouts/GoogleDataTransport/GoogleDataTransport/GDTCORLibrary/GDTCORFlatFileStorage.m -o /Users/buddhirajgautam/Library/Developer/Xcode/DerivedData/Telegram-Mac-fygdgghdgmuleoelvxabfmqiotta/Build/Intermediates.noindex/GoogleDataTransport.build/Debug/GoogleDataTransport-t.build/Objects-normal/arm64/GDTCORFlatFileStorage.o -index-unit-output-path /GoogleDataTransport.build/Debug/GoogleDataTransport-t.build/Objects-normal/arm64/GDTCORFlatFileStorage.o

PrecompileModule /Users/buddhirajgautam/Library/Developer/Xcode/DerivedData/Telegram-Mac-fygdgghdgmuleoelvxabfmqiotta/Build/Intermediates.noindex/ExplicitPrecompiledModules/nanopb-1K54BBGGN9VP197ILO44BMRHO.scan
    cd /
    builtin-precompileModule /Users/buddhirajgautam/Library/Developer/Xcode/DerivedData/Telegram-Mac-fygdgghdgmuleoelvxabfmqiotta/Build/Intermediates.noindex/ExplicitPrecompiledModules/nanopb-1K54BBGGN9VP197ILO44BMRHO.scan

ScanDependencies /Users/buddhirajgautam/Library/Developer/Xcode/DerivedData/Telegram-Mac-fygdgghdgmuleoelvxabfmqiotta/Build/Intermediates.noindex/GoogleDataTransport.build/Debug/GoogleDataTransport-t.build/Objects-normal/arm64/GDTCORFlatFileStorage+Promises.o /Users/buddhirajgautam/Library/Developer/Xcode/DerivedData/Telegram-Mac-fygdgghdgmuleoelvxabfmqiotta/SourcePackages/checkouts/GoogleDataTransport/GoogleDataTransport/GDTCORLibrary/GDTCORFlatFileStorage+Promises.m normal arm64 objective-c com.apple.compilers.llvm.clang.1_0.compiler (in target 'GoogleDataTransport' from project 'GoogleDataTransport')
    cd /Users/buddhirajgautam/Documents/Cherrygram-Mac/macOS-Swift
    
    Using response file: /Users/buddhirajgautam/Library/Developer/Xcode/DerivedData/Telegram-Mac-fygdgghdgmuleoelvxabfmqiotta/Build/Intermediates.noindex/GoogleDataTransport.build/Debug/GoogleDataTransport-t.build/Objects-normal/arm64/e6072d4f65d7061329687fe24e3d63a7-common-args.resp
    
    builtin-ScanDependencies -o /Users/buddhirajgautam/Library/Developer/Xcode/DerivedData/Telegram-Mac-fygdgghdgmuleoelvxabfmqiotta/Build/Intermediates.noindex/GoogleDataTransport.build/Debug/GoogleDataTransport-t.build/Objects-normal/arm64/GDTCORFlatFileStorage+Promises.o.scan -- /Applications/Xcode.app/Contents/Developer/Toolchains/XcodeDefault.xctoolchain/usr/bin/clang -x objective-c -ivfsstatcache /Users/buddhirajgautam/Library/Developer/Xcode/DerivedData/SDKStatCaches.noindex/macosx27.0-26A425-e829b21a6f8c9b70876ba0858053c0447231f6df4def33e022ae2eb8f782df1a.sdkstatcache -target arm64-apple-macos12.0 -fmessage-length\=0 -fdiagnostics-show-note-include-stack -fmacro-backtrace-limit\=0 -fno-color-diagnostics -fmodules-prune-interval\=86400 -fmodules-prune-after\=345600 -fbuild-session-file\=/Users/buddhirajgautam/Library/Developer/Xcode/DerivedData/ModuleCache.noindex/Session.modulevalidation -fmodules-validate-once-per-build-session -Wnon-modular-include-in-framework-module -Werror\=non-modular-include-in-framework-module -Wno-trigraphs -Wno-missing-field-initializers -Wno-missing-prototypes -Wno-return-type -Wno-implicit-atomic-properties -Wno-objc-interface-ivars -Wno-arc-repeated-use-of-weak -Wno-missing-braces -Wparentheses -Wswitch -Wno-unused-function -Wno-unused-label -Wno-unused-parameter -Wno-unused-variable -Wunused-value -Wno-empty-body -Wno-uninitialized -Wno-unknown-pragmas -w -Wno-shadow -Wno-four-char-constants -Wno-conversion -Wno-constant-conversion -Wno-int-conversion -Wno-bool-conversion -Wno-enum-conversion -Wno-float-conversion -Wno-non-literal-null-conversion -Wno-objc-literal-conversion -Wshorten-64-to-32 -Wpointer-sign -Wno-newline-eof -Wno-selector -Wno-strict-selector-match -Wno-undeclared-selector -Wno-deprecated-implementations -Wno-implicit-fallthrough -isysroot /Applications/Xcode.app/Contents/Developer/Platforms/MacOSX.platform/Developer/SDKs/MacOSX27.0.sdk -fstrict-aliasing -Wprotocol -Wdeprecated-declarations -Wno-sign-conversion -Wno-infinite-recursion -Wno-comma -Wno-block-capture-autoreleasing -Wno-strict-prototypes -Wno-semicolon-before-method-body -index-store-path /Users/buddhirajgautam/Library/Developer/Xcode/DerivedData/Telegram-Mac-fygdgghdgmuleoelvxabfmqiotta/Index.noindex/DataStore @/Users/buddhirajgautam/Library/Developer/Xcode/DerivedData/Telegram-Mac-fygdgghdgmuleoelvxabfmqiotta/Build/Intermediates.noindex/GoogleDataTransport.build/Debug/GoogleDataTransport-t.build/Objects-normal/arm64/e6072d4f65d7061329687fe24e3d63a7-common-args.resp -include /Users/buddhirajgautam/Library/Developer/Xcode/DerivedData/Telegram-Mac-fygdgghdgmuleoelvxabfmqiotta/Build/Intermediates.noindex/GoogleDataTransport.build/Debug/GoogleDataTransport-t.build/DerivedSources/resource_bundle_accessor.h -MMD -MT dependencies -MF /Users/buddhirajgautam/Library/Developer/Xcode/DerivedData/Telegram-Mac-fygdgghdgmuleoelvxabfmqiotta/Build/Intermediates.noindex/GoogleDataTransport.build/Debug/GoogleDataTransport-t.build/Objects-normal/arm64/GDTCORFlatFileStorage+Promises.d --serialize-diagnostics /Users/buddhirajgautam/Library/Developer/Xcode/DerivedData/Telegram-Mac-fygdgghdgmuleoelvxabfmqiotta/Build/Intermediates.noindex/GoogleDataTransport.build/Debug/GoogleDataTransport-t.build/Objects-normal/arm64/GDTCORFlatFileStorage+Promises.dia -c /Users/buddhirajgautam/Library/Developer/Xcode/DerivedData/Telegram-Mac-fygdgghdgmuleoelvxabfmqiotta/SourcePackages/checkouts/GoogleDataTransport/GoogleDataTransport/GDTCORLibrary/GDTCORFlatFileStorage+Promises.m -o /Users/buddhirajgautam/Library/Developer/Xcode/DerivedData/Telegram-Mac-fygdgghdgmuleoelvxabfmqiotta/Build/Intermediates.noindex/GoogleDataTransport.build/Debug/GoogleDataTransport-t.build/Objects-normal/arm64/GDTCORFlatFileStorage+Promises.o -index-unit-output-path /GoogleDataTransport.build/Debug/GoogleDataTransport-t.build/Objects-normal/arm64/GDTCORFlatFileStorage+Promises.o

PrecompileModule /Users/buddhirajgautam/Library/Developer/Xcode/DerivedData/Telegram-Mac-fygdgghdgmuleoelvxabfmqiotta/Build/Intermediates.noindex/ExplicitPrecompiledModules/_Builtin_inttypes-1VJMMXV9ZHAAHT1AWBNL4108Y.scan
    cd /
    builtin-precompileModule /Users/buddhirajgautam/Library/Developer/Xcode/DerivedData/Telegram-Mac-fygdgghdgmuleoelvxabfmqiotta/Build/Intermediates.noindex/ExplicitPrecompiledModules/_Builtin_inttypes-1VJMMXV9ZHAAHT1AWBNL4108Y.scan

PrecompileModule /Users/buddhirajgautam/Library/Developer/Xcode/DerivedData/Telegram-Mac-fygdgghdgmuleoelvxabfmqiotta/Build/Intermediates.noindex/ExplicitPrecompiledModules/nanopb-886ODTEZG0M0H3H2KLY4O63AB.scan
    cd /
    builtin-precompileModule /Users/buddhirajgautam/Library/Developer/Xcode/DerivedData/Telegram-Mac-fygdgghdgmuleoelvxabfmqiotta/Build/Intermediates.noindex/ExplicitPrecompiledModules/nanopb-886ODTEZG0M0H3H2KLY4O63AB.scan

PrecompileModule /Users/buddhirajgautam/Library/Developer/Xcode/DerivedData/Telegram-Mac-fygdgghdgmuleoelvxabfmqiotta/Build/Intermediates.noindex/ExplicitPrecompiledModules/CoreVideo-EWOGCE6EDDGHFYWNLR0130NJ9.scan
    cd /
    builtin-precompileModule /Users/buddhirajgautam/Library/Developer/Xcode/DerivedData/Telegram-Mac-fygdgghdgmuleoelvxabfmqiotta/Build/Intermediates.noindex/ExplicitPrecompiledModules/CoreVideo-EWOGCE6EDDGHFYWNLR0130NJ9.scan

ScanDependencies /Users/buddhirajgautam/Library/Developer/Xcode/DerivedData/Telegram-Mac-fygdgghdgmuleoelvxabfmqiotta/Build/Intermediates.noindex/GoogleDataTransport.build/Debug/GoogleDataTransport-t.build/Objects-normal/arm64/GDTCOREvent.o /Users/buddhirajgautam/Library/Developer/Xcode/DerivedData/Telegram-Mac-fygdgghdgmuleoelvxabfmqiotta/SourcePackages/checkouts/GoogleDataTransport/GoogleDataTransport/GDTCORLibrary/GDTCOREvent.m normal arm64 objective-c com.apple.compilers.llvm.clang.1_0.compiler (in target 'GoogleDataTransport' from project 'GoogleDataTransport')
    cd /Users/buddhirajgautam/Documents/Cherrygram-Mac/macOS-Swift
    
    Using response file: /Users/buddhirajgautam/Library/Developer/Xcode/DerivedData/Telegram-Mac-fygdgghdgmuleoelvxabfmqiotta/Build/Intermediates.noindex/GoogleDataTransport.build/Debug/GoogleDataTransport-t.build/Objects-normal/arm64/e6072d4f65d7061329687fe24e3d63a7-common-args.resp
    
    builtin-ScanDependencies -o /Users/buddhirajgautam/Library/Developer/Xcode/DerivedData/Telegram-Mac-fygdgghdgmuleoelvxabfmqiotta/Build/Intermediates.noindex/GoogleDataTransport.build/Debug/GoogleDataTransport-t.build/Objects-normal/arm64/GDTCOREvent.o.scan -- /Applications/Xcode.app/Contents/Developer/Toolchains/XcodeDefault.xctoolchain/usr/bin/clang -x objective-c -ivfsstatcache /Users/buddhirajgautam/Library/Developer/Xcode/DerivedData/SDKStatCaches.noindex/macosx27.0-26A425-e829b21a6f8c9b70876ba0858053c0447231f6df4def33e022ae2eb8f782df1a.sdkstatcache -target arm64-apple-macos12.0 -fmessage-length\=0 -fdiagnostics-show-note-include-stack -fmacro-backtrace-limit\=0 -fno-color-diagnostics -fmodules-prune-interval\=86400 -fmodules-prune-after\=345600 -fbuild-session-file\=/Users/buddhirajgautam/Library/Developer/Xcode/DerivedData/ModuleCache.noindex/Session.modulevalidation -fmodules-validate-once-per-build-session -Wnon-modular-include-in-framework-module -Werror\=non-modular-include-in-framework-module -Wno-trigraphs -Wno-missing-field-initializers -Wno-missing-prototypes -Wno-return-type -Wno-implicit-atomic-properties -Wno-objc-interface-ivars -Wno-arc-repeated-use-of-weak -Wno-missing-braces -Wparentheses -Wswitch -Wno-unused-function -Wno-unused-label -Wno-unused-parameter -Wno-unused-variable -Wunused-value -Wno-empty-body -Wno-uninitialized -Wno-unknown-pragmas -w -Wno-shadow -Wno-four-char-constants -Wno-conversion -Wno-constant-conversion -Wno-int-conversion -Wno-bool-conversion -Wno-enum-conversion -Wno-float-conversion -Wno-non-literal-null-conversion -Wno-objc-literal-conversion -Wshorten-64-to-32 -Wpointer-sign -Wno-newline-eof -Wno-selector -Wno-strict-selector-match -Wno-undeclared-selector -Wno-deprecated-implementations -Wno-implicit-fallthrough -isysroot /Applications/Xcode.app/Contents/Developer/Platforms/MacOSX.platform/Developer/SDKs/MacOSX27.0.sdk -fstrict-aliasing -Wprotocol -Wdeprecated-declarations -Wno-sign-conversion -Wno-infinite-recursion -Wno-comma -Wno-block-capture-autoreleasing -Wno-strict-prototypes -Wno-semicolon-before-method-body -index-store-path /Users/buddhirajgautam/Library/Developer/Xcode/DerivedData/Telegram-Mac-fygdgghdgmuleoelvxabfmqiotta/Index.noindex/DataStore @/Users/buddhirajgautam/Library/Developer/Xcode/DerivedData/Telegram-Mac-fygdgghdgmuleoelvxabfmqiotta/Build/Intermediates.noindex/GoogleDataTransport.build/Debug/GoogleDataTransport-t.build/Objects-normal/arm64/e6072d4f65d7061329687fe24e3d63a7-common-args.resp -include /Users/buddhirajgautam/Library/Developer/Xcode/DerivedData/Telegram-Mac-fygdgghdgmuleoelvxabfmqiotta/Build/Intermediates.noindex/GoogleDataTransport.build/Debug/GoogleDataTransport-t.build/DerivedSources/resource_bundle_accessor.h -MMD -MT dependencies -MF /Users/buddhirajgautam/Library/Developer/Xcode/DerivedData/Telegram-Mac-fygdgghdgmuleoelvxabfmqiotta/Build/Intermediates.noindex/GoogleDataTransport.build/Debug/GoogleDataTransport-t.build/Objects-normal/arm64/GDTCOREvent.d --serialize-diagnostics /Users/buddhirajgautam/Library/Developer/Xcode/DerivedData/Telegram-Mac-fygdgghdgmuleoelvxabfmqiotta/Build/Intermediates.noindex/GoogleDataTransport.build/Debug/GoogleDataTransport-t.build/Objects-normal/arm64/GDTCOREvent.dia -c /Users/buddhirajgautam/Library/Developer/Xcode/DerivedData/Telegram-Mac-fygdgghdgmuleoelvxabfmqiotta/SourcePackages/checkouts/GoogleDataTransport/GoogleDataTransport/GDTCORLibrary/GDTCOREvent.m -o /Users/buddhirajgautam/Library/Developer/Xcode/DerivedData/Telegram-Mac-fygdgghdgmuleoelvxabfmqiotta/Build/Intermediates.noindex/GoogleDataTransport.build/Debug/GoogleDataTransport-t.build/Objects-normal/arm64/GDTCOREvent.o -index-unit-output-path /GoogleDataTransport.build/Debug/GoogleDataTransport-t.build/Objects-normal/arm64/GDTCOREvent.o

ScanDependencies /Users/buddhirajgautam/Library/Developer/Xcode/DerivedData/Telegram-Mac-fygdgghdgmuleoelvxabfmqiotta/Build/Intermediates.noindex/GoogleDataTransport.build/Debug/GoogleDataTransport-t.build/Objects-normal/arm64/GDTCOREvent+GDTMetricsSupport.o /Users/buddhirajgautam/Library/Developer/Xcode/DerivedData/Telegram-Mac-fygdgghdgmuleoelvxabfmqiotta/SourcePackages/checkouts/GoogleDataTransport/GoogleDataTransport/GDTCCTLibrary/GDTCOREvent+GDTMetricsSupport.m normal arm64 objective-c com.apple.compilers.llvm.clang.1_0.compiler (in target 'GoogleDataTransport' from project 'GoogleDataTransport')
    cd /Users/buddhirajgautam/Documents/Cherrygram-Mac/macOS-Swift
    
    Using response file: /Users/buddhirajgautam/Library/Developer/Xcode/DerivedData/Telegram-Mac-fygdgghdgmuleoelvxabfmqiotta/Build/Intermediates.noindex/GoogleDataTransport.build/Debug/GoogleDataTransport-t.build/Objects-normal/arm64/e6072d4f65d7061329687fe24e3d63a7-common-args.resp
    
    builtin-ScanDependencies -o /Users/buddhirajgautam/Library/Developer/Xcode/DerivedData/Telegram-Mac-fygdgghdgmuleoelvxabfmqiotta/Build/Intermediates.noindex/GoogleDataTransport.build/Debug/GoogleDataTransport-t.build/Objects-normal/arm64/GDTCOREvent+GDTMetricsSupport.o.scan -- /Applications/Xcode.app/Contents/Developer/Toolchains/XcodeDefault.xctoolchain/usr/bin/clang -x objective-c -ivfsstatcache /Users/buddhirajgautam/Library/Developer/Xcode/DerivedData/SDKStatCaches.noindex/macosx27.0-26A425-e829b21a6f8c9b70876ba0858053c0447231f6df4def33e022ae2eb8f782df1a.sdkstatcache -target arm64-apple-macos12.0 -fmessage-length\=0 -fdiagnostics-show-note-include-stack -fmacro-backtrace-limit\=0 -fno-color-diagnostics -fmodules-prune-interval\=86400 -fmodules-prune-after\=345600 -fbuild-session-file\=/Users/buddhirajgautam/Library/Developer/Xcode/DerivedData/ModuleCache.noindex/Session.modulevalidation -fmodules-validate-once-per-build-session -Wnon-modular-include-in-framework-module -Werror\=non-modular-include-in-framework-module -Wno-trigraphs -Wno-missing-field-initializers -Wno-missing-prototypes -Wno-return-type -Wno-implicit-atomic-properties -Wno-objc-interface-ivars -Wno-arc-repeated-use-of-weak -Wno-missing-braces -Wparentheses -Wswitch -Wno-unused-function -Wno-unused-label -Wno-unused-parameter -Wno-unused-variable -Wunused-value -Wno-empty-body -Wno-uninitialized -Wno-unknown-pragmas -w -Wno-shadow -Wno-four-char-constants -Wno-conversion -Wno-constant-conversion -Wno-int-conversion -Wno-bool-conversion -Wno-enum-conversion -Wno-float-conversion -Wno-non-literal-null-conversion -Wno-objc-literal-conversion -Wshorten-64-to-32 -Wpointer-sign -Wno-newline-eof -Wno-selector -Wno-strict-selector-match -Wno-undeclared-selector -Wno-deprecated-implementations -Wno-implicit-fallthrough -isysroot /Applications/Xcode.app/Contents/Developer/Platforms/MacOSX.platform/Developer/SDKs/MacOSX27.0.sdk -fstrict-aliasing -Wprotocol -Wdeprecated-declarations -Wno-sign-conversion -Wno-infinite-recursion -Wno-comma -Wno-block-capture-autoreleasing -Wno-strict-prototypes -Wno-semicolon-before-method-body -index-store-path /Users/buddhirajgautam/Library/Developer/Xcode/DerivedData/Telegram-Mac-fygdgghdgmuleoelvxabfmqiotta/Index.noindex/DataStore @/Users/buddhirajgautam/Library/Developer/Xcode/DerivedData/Telegram-Mac-fygdgghdgmuleoelvxabfmqiotta/Build/Intermediates.noindex/GoogleDataTransport.build/Debug/GoogleDataTransport-t.build/Objects-normal/arm64/e6072d4f65d7061329687fe24e3d63a7-common-args.resp -include /Users/buddhirajgautam/Library/Developer/Xcode/DerivedData/Telegram-Mac-fygdgghdgmuleoelvxabfmqiotta/Build/Intermediates.noindex/GoogleDataTransport.build/Debug/GoogleDataTransport-t.build/DerivedSources/resource_bundle_accessor.h -MMD -MT dependencies -MF /Users/buddhirajgautam/Library/Developer/Xcode/DerivedData/Telegram-Mac-fygdgghdgmuleoelvxabfmqiotta/Build/Intermediates.noindex/GoogleDataTransport.build/Debug/GoogleDataTransport-t.build/Objects-normal/arm64/GDTCOREvent+GDTMetricsSupport.d --serialize-diagnostics /Users/buddhirajgautam/Library/Developer/Xcode/DerivedData/Telegram-Mac-fygdgghdgmuleoelvxabfmqiotta/Build/Intermediates.noindex/GoogleDataTransport.build/Debug/GoogleDataTransport-t.build/Objects-normal/arm64/GDTCOREvent+GDTMetricsSupport.dia -c /Users/buddhirajgautam/Library/Developer/Xcode/DerivedData/Telegram-Mac-fygdgghdgmuleoelvxabfmqiotta/SourcePackages/checkouts/GoogleDataTransport/GoogleDataTransport/GDTCCTLibrary/GDTCOREvent+GDTMetricsSupport.m -o /Users/buddhirajgautam/Library/Developer/Xcode/DerivedData/Telegram-Mac-fygdgghdgmuleoelvxabfmqiotta/Build/Intermediates.noindex/GoogleDataTransport.build/Debug/GoogleDataTransport-t.build/Objects-normal/arm64/GDTCOREvent+GDTMetricsSupport.o -index-unit-output-path /GoogleDataTransport.build/Debug/GoogleDataTransport-t.build/Objects-normal/arm64/GDTCOREvent+GDTMetricsSupport.o

CompileC /Users/buddhirajgautam/Library/Developer/Xcode/DerivedData/Telegram-Mac-fygdgghdgmuleoelvxabfmqiotta/Build/Intermediates.noindex/GoogleDataTransport.build/Debug/GoogleDataTransport-t.build/Objects-normal/arm64/external_privacy_context.nanopb.o /Users/buddhirajgautam/Library/Developer/Xcode/DerivedData/Telegram-Mac-fygdgghdgmuleoelvxabfmqiotta/SourcePackages/checkouts/GoogleDataTransport/GoogleDataTransport/GDTCCTLibrary/Protogen/nanopb/external_privacy_context.nanopb.c normal arm64 c com.apple.compilers.llvm.clang.1_0.compiler (in target 'GoogleDataTransport' from project 'GoogleDataTransport')
    cd /Users/buddhirajgautam/Documents/Cherrygram-Mac/macOS-Swift
    
    Using response file: /Users/buddhirajgautam/Library/Developer/Xcode/DerivedData/Telegram-Mac-fygdgghdgmuleoelvxabfmqiotta/Build/Intermediates.noindex/GoogleDataTransport.build/Debug/GoogleDataTransport-t.build/Objects-normal/arm64/7187679823f38a2a940e0043cdf9d637-common-args.resp
    
    /Applications/Xcode.app/Contents/Developer/Toolchains/XcodeDefault.xctoolchain/usr/bin/clang -x c -ivfsstatcache /Users/buddhirajgautam/Library/Developer/Xcode/DerivedData/SDKStatCaches.noindex/macosx27.0-26A425-e829b21a6f8c9b70876ba0858053c0447231f6df4def33e022ae2eb8f782df1a.sdkstatcache -target arm64-apple-macos12.0 -fmessage-length\=0 -fdiagnostics-show-note-include-stack -fmacro-backtrace-limit\=0 -fno-color-diagnostics -fmodules-prune-interval\=86400 -fmodules-prune-after\=345600 -fbuild-session-file\=/Users/buddhirajgautam/Library/Developer/Xcode/DerivedData/ModuleCache.noindex/Session.modulevalidation -fmodules-validate-once-per-build-session -Wnon-modular-include-in-framework-module -Werror\=non-modular-include-in-framework-module -Wno-trigraphs -Wno-missing-field-initializers -Wno-missing-prototypes -Wno-return-type -Wno-missing-braces -Wparentheses -Wswitch -Wno-unused-function -Wno-unused-label -Wno-unused-parameter -Wno-unused-variable -Wunused-value -Wno-empty-body -Wno-uninitialized -Wno-unknown-pragmas -w -Wno-shadow -Wno-four-char-constants -Wno-conversion -Wno-constant-conversion -Wno-int-conversion -Wno-bool-conversion -Wno-enum-conversion -Wno-float-conversion -Wno-non-literal-null-conversion -Wno-objc-literal-conversion -Wshorten-64-to-32 -Wpointer-sign -Wno-newline-eof -Wno-implicit-fallthrough -isysroot /Applications/Xcode.app/Contents/Developer/Platforms/MacOSX.platform/Developer/SDKs/MacOSX27.0.sdk -fstrict-aliasing -Wdeprecated-declarations -Wno-sign-conversion -Wno-infinite-recursion -Wno-comma -Wno-block-capture-autoreleasing -Wno-strict-prototypes -Wno-semicolon-before-method-body -index-store-path /Users/buddhirajgautam/Library/Developer/Xcode/DerivedData/Telegram-Mac-fygdgghdgmuleoelvxabfmqiotta/Index.noindex/DataStore @/Users/buddhirajgautam/Library/Developer/Xcode/DerivedData/Telegram-Mac-fygdgghdgmuleoelvxabfmqiotta/Build/Intermediates.noindex/GoogleDataTransport.build/Debug/GoogleDataTransport-t.build/Objects-normal/arm64/7187679823f38a2a940e0043cdf9d637-common-args.resp -MMD -MT dependencies -MF /Users/buddhirajgautam/Library/Developer/Xcode/DerivedData/Telegram-Mac-fygdgghdgmuleoelvxabfmqiotta/Build/Intermediates.noindex/GoogleDataTransport.build/Debug/GoogleDataTransport-t.build/Objects-normal/arm64/external_privacy_context.nanopb.d --serialize-diagnostics /Users/buddhirajgautam/Library/Developer/Xcode/DerivedData/Telegram-Mac-fygdgghdgmuleoelvxabfmqiotta/Build/Intermediates.noindex/GoogleDataTransport.build/Debug/GoogleDataTransport-t.build/Objects-normal/arm64/external_privacy_context.nanopb.dia -c /Users/buddhirajgautam/Library/Developer/Xcode/DerivedData/Telegram-Mac-fygdgghdgmuleoelvxabfmqiotta/SourcePackages/checkouts/GoogleDataTransport/GoogleDataTransport/GDTCCTLibrary/Protogen/nanopb/external_privacy_context.nanopb.c -o /Users/buddhirajgautam/Library/Developer/Xcode/DerivedData/Telegram-Mac-fygdgghdgmuleoelvxabfmqiotta/Build/Intermediates.noindex/GoogleDataTransport.build/Debug/GoogleDataTransport-t.build/Objects-normal/arm64/external_privacy_context.nanopb.o -index-unit-output-path /GoogleDataTransport.build/Debug/GoogleDataTransport-t.build/Objects-normal/arm64/external_privacy_context.nanopb.o

CompileC /Users/buddhirajgautam/Library/Developer/Xcode/DerivedData/Telegram-Mac-fygdgghdgmuleoelvxabfmqiotta/Build/Intermediates.noindex/GoogleDataTransport.build/Debug/GoogleDataTransport-t.build/Objects-normal/arm64/external_prequest_context.nanopb.o /Users/buddhirajgautam/Library/Developer/Xcode/DerivedData/Telegram-Mac-fygdgghdgmuleoelvxabfmqiotta/SourcePackages/checkouts/GoogleDataTransport/GoogleDataTransport/GDTCCTLibrary/Protogen/nanopb/external_prequest_context.nanopb.c normal arm64 c com.apple.compilers.llvm.clang.1_0.compiler (in target 'GoogleDataTransport' from project 'GoogleDataTransport')
    cd /Users/buddhirajgautam/Documents/Cherrygram-Mac/macOS-Swift
    
    Using response file: /Users/buddhirajgautam/Library/Developer/Xcode/DerivedData/Telegram-Mac-fygdgghdgmuleoelvxabfmqiotta/Build/Intermediates.noindex/GoogleDataTransport.build/Debug/GoogleDataTransport-t.build/Objects-normal/arm64/7187679823f38a2a940e0043cdf9d637-common-args.resp
    
    /Applications/Xcode.app/Contents/Developer/Toolchains/XcodeDefault.xctoolchain/usr/bin/clang -x c -ivfsstatcache /Users/buddhirajgautam/Library/Developer/Xcode/DerivedData/SDKStatCaches.noindex/macosx27.0-26A425-e829b21a6f8c9b70876ba0858053c0447231f6df4def33e022ae2eb8f782df1a.sdkstatcache -target arm64-apple-macos12.0 -fmessage-length\=0 -fdiagnostics-show-note-include-stack -fmacro-backtrace-limit\=0 -fno-color-diagnostics -fmodules-prune-interval\=86400 -fmodules-prune-after\=345600 -fbuild-session-file\=/Users/buddhirajgautam/Library/Developer/Xcode/DerivedData/ModuleCache.noindex/Session.modulevalidation -fmodules-validate-once-per-build-session -Wnon-modular-include-in-framework-module -Werror\=non-modular-include-in-framework-module -Wno-trigraphs -Wno-missing-field-initializers -Wno-missing-prototypes -Wno-return-type -Wno-missing-braces -Wparentheses -Wswitch -Wno-unused-function -Wno-unused-label -Wno-unused-parameter -Wno-unused-variable -Wunused-value -Wno-empty-body -Wno-uninitialized -Wno-unknown-pragmas -w -Wno-shadow -Wno-four-char-constants -Wno-conversion -Wno-constant-conversion -Wno-int-conversion -Wno-bool-conversion -Wno-enum-conversion -Wno-float-conversion -Wno-non-literal-null-conversion -Wno-objc-literal-conversion -Wshorten-64-to-32 -Wpointer-sign -Wno-newline-eof -Wno-implicit-fallthrough -isysroot /Applications/Xcode.app/Contents/Developer/Platforms/MacOSX.platform/Developer/SDKs/MacOSX27.0.sdk -fstrict-aliasing -Wdeprecated-declarations -Wno-sign-conversion -Wno-infinite-recursion -Wno-comma -Wno-block-capture-autoreleasing -Wno-strict-prototypes -Wno-semicolon-before-method-body -index-store-path /Users/buddhirajgautam/Library/Developer/Xcode/DerivedData/Telegram-Mac-fygdgghdgmuleoelvxabfmqiotta/Index.noindex/DataStore @/Users/buddhirajgautam/Library/Developer/Xcode/DerivedData/Telegram-Mac-fygdgghdgmuleoelvxabfmqiotta/Build/Intermediates.noindex/GoogleDataTransport.build/Debug/GoogleDataTransport-t.build/Objects-normal/arm64/7187679823f38a2a940e0043cdf9d637-common-args.resp -MMD -MT dependencies -MF /Users/buddhirajgautam/Library/Developer/Xcode/DerivedData/Telegram-Mac-fygdgghdgmuleoelvxabfmqiotta/Build/Intermediates.noindex/GoogleDataTransport.build/Debug/GoogleDataTransport-t.build/Objects-normal/arm64/external_prequest_context.nanopb.d --serialize-diagnostics /Users/buddhirajgautam/Library/Developer/Xcode/DerivedData/Telegram-Mac-fygdgghdgmuleoelvxabfmqiotta/Build/Intermediates.noindex/GoogleDataTransport.build/Debug/GoogleDataTransport-t.build/Objects-normal/arm64/external_prequest_context.nanopb.dia -c /Users/buddhirajgautam/Library/Developer/Xcode/DerivedData/Telegram-Mac-fygdgghdgmuleoelvxabfmqiotta/SourcePackages/checkouts/GoogleDataTransport/GoogleDataTransport/GDTCCTLibrary/Protogen/nanopb/external_prequest_context.nanopb.c -o /Users/buddhirajgautam/Library/Developer/Xcode/DerivedData/Telegram-Mac-fygdgghdgmuleoelvxabfmqiotta/Build/Intermediates.noindex/GoogleDataTransport.build/Debug/GoogleDataTransport-t.build/Objects-normal/arm64/external_prequest_context.nanopb.o -index-unit-output-path /GoogleDataTransport.build/Debug/GoogleDataTransport-t.build/Objects-normal/arm64/external_prequest_context.nanopb.o

CompileC /Users/buddhirajgautam/Library/Developer/Xcode/DerivedData/Telegram-Mac-fygdgghdgmuleoelvxabfmqiotta/Build/Intermediates.noindex/GoogleDataTransport.build/Debug/GoogleDataTransport-t.build/Objects-normal/arm64/compliance.nanopb.o /Users/buddhirajgautam/Library/Developer/Xcode/DerivedData/Telegram-Mac-fygdgghdgmuleoelvxabfmqiotta/SourcePackages/checkouts/GoogleDataTransport/GoogleDataTransport/GDTCCTLibrary/Protogen/nanopb/compliance.nanopb.c normal arm64 c com.apple.compilers.llvm.clang.1_0.compiler (in target 'GoogleDataTransport' from project 'GoogleDataTransport')
    cd /Users/buddhirajgautam/Documents/Cherrygram-Mac/macOS-Swift
    
    Using response file: /Users/buddhirajgautam/Library/Developer/Xcode/DerivedData/Telegram-Mac-fygdgghdgmuleoelvxabfmqiotta/Build/Intermediates.noindex/GoogleDataTransport.build/Debug/GoogleDataTransport-t.build/Objects-normal/arm64/7187679823f38a2a940e0043cdf9d637-common-args.resp
    
    /Applications/Xcode.app/Contents/Developer/Toolchains/XcodeDefault.xctoolchain/usr/bin/clang -x c -ivfsstatcache /Users/buddhirajgautam/Library/Developer/Xcode/DerivedData/SDKStatCaches.noindex/macosx27.0-26A425-e829b21a6f8c9b70876ba0858053c0447231f6df4def33e022ae2eb8f782df1a.sdkstatcache -target arm64-apple-macos12.0 -fmessage-length\=0 -fdiagnostics-show-note-include-stack -fmacro-backtrace-limit\=0 -fno-color-diagnostics -fmodules-prune-interval\=86400 -fmodules-prune-after\=345600 -fbuild-session-file\=/Users/buddhirajgautam/Library/Developer/Xcode/DerivedData/ModuleCache.noindex/Session.modulevalidation -fmodules-validate-once-per-build-session -Wnon-modular-include-in-framework-module -Werror\=non-modular-include-in-framework-module -Wno-trigraphs -Wno-missing-field-initializers -Wno-missing-prototypes -Wno-return-type -Wno-missing-braces -Wparentheses -Wswitch -Wno-unused-function -Wno-unused-label -Wno-unused-parameter -Wno-unused-variable -Wunused-value -Wno-empty-body -Wno-uninitialized -Wno-unknown-pragmas -w -Wno-shadow -Wno-four-char-constants -Wno-conversion -Wno-constant-conversion -Wno-int-conversion -Wno-bool-conversion -Wno-enum-conversion -Wno-float-conversion -Wno-non-literal-null-conversion -Wno-objc-literal-conversion -Wshorten-64-to-32 -Wpointer-sign -Wno-newline-eof -Wno-implicit-fallthrough -isysroot /Applications/Xcode.app/Contents/Developer/Platforms/MacOSX.platform/Developer/SDKs/MacOSX27.0.sdk -fstrict-aliasing -Wdeprecated-declarations -Wno-sign-conversion -Wno-infinite-recursion -Wno-comma -Wno-block-capture-autoreleasing -Wno-strict-prototypes -Wno-semicolon-before-method-body -index-store-path /Users/buddhirajgautam/Library/Developer/Xcode/DerivedData/Telegram-Mac-fygdgghdgmuleoelvxabfmqiotta/Index.noindex/DataStore @/Users/buddhirajgautam/Library/Developer/Xcode/DerivedData/Telegram-Mac-fygdgghdgmuleoelvxabfmqiotta/Build/Intermediates.noindex/GoogleDataTransport.build/Debug/GoogleDataTransport-t.build/Objects-normal/arm64/7187679823f38a2a940e0043cdf9d637-common-args.resp -MMD -MT dependencies -MF /Users/buddhirajgautam/Library/Developer/Xcode/DerivedData/Telegram-Mac-fygdgghdgmuleoelvxabfmqiotta/Build/Intermediates.noindex/GoogleDataTransport.build/Debug/GoogleDataTransport-t.build/Objects-normal/arm64/compliance.nanopb.d --serialize-diagnostics /Users/buddhirajgautam/Library/Developer/Xcode/DerivedData/Telegram-Mac-fygdgghdgmuleoelvxabfmqiotta/Build/Intermediates.noindex/GoogleDataTransport.build/Debug/GoogleDataTransport-t.build/Objects-normal/arm64/compliance.nanopb.dia -c /Users/buddhirajgautam/Library/Developer/Xcode/DerivedData/Telegram-Mac-fygdgghdgmuleoelvxabfmqiotta/SourcePackages/checkouts/GoogleDataTransport/GoogleDataTransport/GDTCCTLibrary/Protogen/nanopb/compliance.nanopb.c -o /Users/buddhirajgautam/Library/Developer/Xcode/DerivedData/Telegram-Mac-fygdgghdgmuleoelvxabfmqiotta/Build/Intermediates.noindex/GoogleDataTransport.build/Debug/GoogleDataTransport-t.build/Objects-normal/arm64/compliance.nanopb.o -index-unit-output-path /GoogleDataTransport.build/Debug/GoogleDataTransport-t.build/Objects-normal/arm64/compliance.nanopb.o

CompileC /Users/buddhirajgautam/Library/Developer/Xcode/DerivedData/Telegram-Mac-fygdgghdgmuleoelvxabfmqiotta/Build/Intermediates.noindex/GoogleDataTransport.build/Debug/GoogleDataTransport-t.build/Objects-normal/arm64/client_metrics.nanopb.o /Users/buddhirajgautam/Library/Developer/Xcode/DerivedData/Telegram-Mac-fygdgghdgmuleoelvxabfmqiotta/SourcePackages/checkouts/GoogleDataTransport/GoogleDataTransport/GDTCCTLibrary/Protogen/nanopb/client_metrics.nanopb.c normal arm64 c com.apple.compilers.llvm.clang.1_0.compiler (in target 'GoogleDataTransport' from project 'GoogleDataTransport')
    cd /Users/buddhirajgautam/Documents/Cherrygram-Mac/macOS-Swift
    
    Using response file: /Users/buddhirajgautam/Library/Developer/Xcode/DerivedData/Telegram-Mac-fygdgghdgmuleoelvxabfmqiotta/Build/Intermediates.noindex/GoogleDataTransport.build/Debug/GoogleDataTransport-t.build/Objects-normal/arm64/7187679823f38a2a940e0043cdf9d637-common-args.resp
    
    /Applications/Xcode.app/Contents/Developer/Toolchains/XcodeDefault.xctoolchain/usr/bin/clang -x c -ivfsstatcache /Users/buddhirajgautam/Library/Developer/Xcode/DerivedData/SDKStatCaches.noindex/macosx27.0-26A425-e829b21a6f8c9b70876ba0858053c0447231f6df4def33e022ae2eb8f782df1a.sdkstatcache -target arm64-apple-macos12.0 -fmessage-length\=0 -fdiagnostics-show-note-include-stack -fmacro-backtrace-limit\=0 -fno-color-diagnostics -fmodules-prune-interval\=86400 -fmodules-prune-after\=345600 -fbuild-session-file\=/Users/buddhirajgautam/Library/Developer/Xcode/DerivedData/ModuleCache.noindex/Session.modulevalidation -fmodules-validate-once-per-build-session -Wnon-modular-include-in-framework-module -Werror\=non-modular-include-in-framework-module -Wno-trigraphs -Wno-missing-field-initializers -Wno-missing-prototypes -Wno-return-type -Wno-missing-braces -Wparentheses -Wswitch -Wno-unused-function -Wno-unused-label -Wno-unused-parameter -Wno-unused-variable -Wunused-value -Wno-empty-body -Wno-uninitialized -Wno-unknown-pragmas -w -Wno-shadow -Wno-four-char-constants -Wno-conversion -Wno-constant-conversion -Wno-int-conversion -Wno-bool-conversion -Wno-enum-conversion -Wno-float-conversion -Wno-non-literal-null-conversion -Wno-objc-literal-conversion -Wshorten-64-to-32 -Wpointer-sign -Wno-newline-eof -Wno-implicit-fallthrough -isysroot /Applications/Xcode.app/Contents/Developer/Platforms/MacOSX.platform/Developer/SDKs/MacOSX27.0.sdk -fstrict-aliasing -Wdeprecated-declarations -Wno-sign-conversion -Wno-infinite-recursion -Wno-comma -Wno-block-capture-autoreleasing -Wno-strict-prototypes -Wno-semicolon-before-method-body -index-store-path /Users/buddhirajgautam/Library/Developer/Xcode/DerivedData/Telegram-Mac-fygdgghdgmuleoelvxabfmqiotta/Index.noindex/DataStore @/Users/buddhirajgautam/Library/Developer/Xcode/DerivedData/Telegram-Mac-fygdgghdgmuleoelvxabfmqiotta/Build/Intermediates.noindex/GoogleDataTransport.build/Debug/GoogleDataTransport-t.build/Objects-normal/arm64/7187679823f38a2a940e0043cdf9d637-common-args.resp -MMD -MT dependencies -MF /Users/buddhirajgautam/Library/Developer/Xcode/DerivedData/Telegram-Mac-fygdgghdgmuleoelvxabfmqiotta/Build/Intermediates.noindex/GoogleDataTransport.build/Debug/GoogleDataTransport-t.build/Objects-normal/arm64/client_metrics.nanopb.d --serialize-diagnostics /Users/buddhirajgautam/Library/Developer/Xcode/DerivedData/Telegram-Mac-fygdgghdgmuleoelvxabfmqiotta/Build/Intermediates.noindex/GoogleDataTransport.build/Debug/GoogleDataTransport-t.build/Objects-normal/arm64/client_metrics.nanopb.dia -c /Users/buddhirajgautam/Library/Developer/Xcode/DerivedData/Telegram-Mac-fygdgghdgmuleoelvxabfmqiotta/SourcePackages/checkouts/GoogleDataTransport/GoogleDataTransport/GDTCCTLibrary/Protogen/nanopb/client_metrics.nanopb.c -o /Users/buddhirajgautam/Library/Developer/Xcode/DerivedData/Telegram-Mac-fygdgghdgmuleoelvxabfmqiotta/Build/Intermediates.noindex/GoogleDataTransport.build/Debug/GoogleDataTransport-t.build/Objects-normal/arm64/client_metrics.nanopb.o -index-unit-output-path /GoogleDataTransport.build/Debug/GoogleDataTransport-t.build/Objects-normal/arm64/client_metrics.nanopb.o

CompileC /Users/buddhirajgautam/Library/Developer/Xcode/DerivedData/Telegram-Mac-fygdgghdgmuleoelvxabfmqiotta/Build/Intermediates.noindex/GoogleDataTransport.build/Debug/GoogleDataTransport-t.build/Objects-normal/arm64/cct.nanopb.o /Users/buddhirajgautam/Library/Developer/Xcode/DerivedData/Telegram-Mac-fygdgghdgmuleoelvxabfmqiotta/SourcePackages/checkouts/GoogleDataTransport/GoogleDataTransport/GDTCCTLibrary/Protogen/nanopb/cct.nanopb.c normal arm64 c com.apple.compilers.llvm.clang.1_0.compiler (in target 'GoogleDataTransport' from project 'GoogleDataTransport')
    cd /Users/buddhirajgautam/Documents/Cherrygram-Mac/macOS-Swift
    
    Using response file: /Users/buddhirajgautam/Library/Developer/Xcode/DerivedData/Telegram-Mac-fygdgghdgmuleoelvxabfmqiotta/Build/Intermediates.noindex/GoogleDataTransport.build/Debug/GoogleDataTransport-t.build/Objects-normal/arm64/7187679823f38a2a940e0043cdf9d637-common-args.resp
    
    /Applications/Xcode.app/Contents/Developer/Toolchains/XcodeDefault.xctoolchain/usr/bin/clang -x c -ivfsstatcache /Users/buddhirajgautam/Library/Developer/Xcode/DerivedData/SDKStatCaches.noindex/macosx27.0-26A425-e829b21a6f8c9b70876ba0858053c0447231f6df4def33e022ae2eb8f782df1a.sdkstatcache -target arm64-apple-macos12.0 -fmessage-length\=0 -fdiagnostics-show-note-include-stack -fmacro-backtrace-limit\=0 -fno-color-diagnostics -fmodules-prune-interval\=86400 -fmodules-prune-after\=345600 -fbuild-session-file\=/Users/buddhirajgautam/Library/Developer/Xcode/DerivedData/ModuleCache.noindex/Session.modulevalidation -fmodules-validate-once-per-build-session -Wnon-modular-include-in-framework-module -Werror\=non-modular-include-in-framework-module -Wno-trigraphs -Wno-missing-field-initializers -Wno-missing-prototypes -Wno-return-type -Wno-missing-braces -Wparentheses -Wswitch -Wno-unused-function -Wno-unused-label -Wno-unused-parameter -Wno-unused-variable -Wunused-value -Wno-empty-body -Wno-uninitialized -Wno-unknown-pragmas -w -Wno-shadow -Wno-four-char-constants -Wno-conversion -Wno-constant-conversion -Wno-int-conversion -Wno-bool-conversion -Wno-enum-conversion -Wno-float-conversion -Wno-non-literal-null-conversion -Wno-objc-literal-conversion -Wshorten-64-to-32 -Wpointer-sign -Wno-newline-eof -Wno-implicit-fallthrough -isysroot /Applications/Xcode.app/Contents/Developer/Platforms/MacOSX.platform/Developer/SDKs/MacOSX27.0.sdk -fstrict-aliasing -Wdeprecated-declarations -Wno-sign-conversion -Wno-infinite-recursion -Wno-comma -Wno-block-capture-autoreleasing -Wno-strict-prototypes -Wno-semicolon-before-method-body -index-store-path /Users/buddhirajgautam/Library/Developer/Xcode/DerivedData/Telegram-Mac-fygdgghdgmuleoelvxabfmqiotta/Index.noindex/DataStore @/Users/buddhirajgautam/Library/Developer/Xcode/DerivedData/Telegram-Mac-fygdgghdgmuleoelvxabfmqiotta/Build/Intermediates.noindex/GoogleDataTransport.build/Debug/GoogleDataTransport-t.build/Objects-normal/arm64/7187679823f38a2a940e0043cdf9d637-common-args.resp -MMD -MT dependencies -MF /Users/buddhirajgautam/Library/Developer/Xcode/DerivedData/Telegram-Mac-fygdgghdgmuleoelvxabfmqiotta/Build/Intermediates.noindex/GoogleDataTransport.build/Debug/GoogleDataTransport-t.build/Objects-normal/arm64/cct.nanopb.d --serialize-diagnostics /Users/buddhirajgautam/Library/Developer/Xcode/DerivedData/Telegram-Mac-fygdgghdgmuleoelvxabfmqiotta/Build/Intermediates.noindex/GoogleDataTransport.build/Debug/GoogleDataTransport-t.build/Objects-normal/arm64/cct.nanopb.dia -c /Users/buddhirajgautam/Library/Developer/Xcode/DerivedData/Telegram-Mac-fygdgghdgmuleoelvxabfmqiotta/SourcePackages/checkouts/GoogleDataTransport/GoogleDataTransport/GDTCCTLibrary/Protogen/nanopb/cct.nanopb.c -o /Users/buddhirajgautam/Library/Developer/Xcode/DerivedData/Telegram-Mac-fygdgghdgmuleoelvxabfmqiotta/Build/Intermediates.noindex/GoogleDataTransport.build/Debug/GoogleDataTransport-t.build/Objects-normal/arm64/cct.nanopb.o -index-unit-output-path /GoogleDataTransport.build/Debug/GoogleDataTransport-t.build/Objects-normal/arm64/cct.nanopb.o

PrecompileModule /Users/buddhirajgautam/Library/Developer/Xcode/DerivedData/Telegram-Mac-fygdgghdgmuleoelvxabfmqiotta/Build/Intermediates.noindex/ExplicitPrecompiledModules/Darwin-AUYDJ57Z5RRBYJRN1MXM9SR19.scan
    cd /
    builtin-precompileModule /Users/buddhirajgautam/Library/Developer/Xcode/DerivedData/Telegram-Mac-fygdgghdgmuleoelvxabfmqiotta/Build/Intermediates.noindex/ExplicitPrecompiledModules/Darwin-AUYDJ57Z5RRBYJRN1MXM9SR19.scan

ScanDependencies /Users/buddhirajgautam/Library/Developer/Xcode/DerivedData/Telegram-Mac-fygdgghdgmuleoelvxabfmqiotta/Build/Intermediates.noindex/GoogleDataTransport.build/Debug/GoogleDataTransport-t.build/Objects-normal/arm64/GDTCOREvent+GDTCCTSupport.o /Users/buddhirajgautam/Library/Developer/Xcode/DerivedData/Telegram-Mac-fygdgghdgmuleoelvxabfmqiotta/SourcePackages/checkouts/GoogleDataTransport/GoogleDataTransport/GDTCCTLibrary/GDTCOREvent+GDTCCTSupport.m normal arm64 objective-c com.apple.compilers.llvm.clang.1_0.compiler (in target 'GoogleDataTransport' from project 'GoogleDataTransport')
    cd /Users/buddhirajgautam/Documents/Cherrygram-Mac/macOS-Swift
    
    Using response file: /Users/buddhirajgautam/Library/Developer/Xcode/DerivedData/Telegram-Mac-fygdgghdgmuleoelvxabfmqiotta/Build/Intermediates.noindex/GoogleDataTransport.build/Debug/GoogleDataTransport-t.build/Objects-normal/arm64/e6072d4f65d7061329687fe24e3d63a7-common-args.resp
    
    builtin-ScanDependencies -o /Users/buddhirajgautam/Library/Developer/Xcode/DerivedData/Telegram-Mac-fygdgghdgmuleoelvxabfmqiotta/Build/Intermediates.noindex/GoogleDataTransport.build/Debug/GoogleDataTransport-t.build/Objects-normal/arm64/GDTCOREvent+GDTCCTSupport.o.scan -- /Applications/Xcode.app/Contents/Developer/Toolchains/XcodeDefault.xctoolchain/usr/bin/clang -x objective-c -ivfsstatcache /Users/buddhirajgautam/Library/Developer/Xcode/DerivedData/SDKStatCaches.noindex/macosx27.0-26A425-e829b21a6f8c9b70876ba0858053c0447231f6df4def33e022ae2eb8f782df1a.sdkstatcache -target arm64-apple-macos12.0 -fmessage-length\=0 -fdiagnostics-show-note-include-stack -fmacro-backtrace-limit\=0 -fno-color-diagnostics -fmodules-prune-interval\=86400 -fmodules-prune-after\=345600 -fbuild-session-file\=/Users/buddhirajgautam/Library/Developer/Xcode/DerivedData/ModuleCache.noindex/Session.modulevalidation -fmodules-validate-once-per-build-session -Wnon-modular-include-in-framework-module -Werror\=non-modular-include-in-framework-module -Wno-trigraphs -Wno-missing-field-initializers -Wno-missing-prototypes -Wno-return-type -Wno-implicit-atomic-properties -Wno-objc-interface-ivars -Wno-arc-repeated-use-of-weak -Wno-missing-braces -Wparentheses -Wswitch -Wno-unused-function -Wno-unused-label -Wno-unused-parameter -Wno-unused-variable -Wunused-value -Wno-empty-body -Wno-uninitialized -Wno-unknown-pragmas -w -Wno-shadow -Wno-four-char-constants -Wno-conversion -Wno-constant-conversion -Wno-int-conversion -Wno-bool-conversion -Wno-enum-conversion -Wno-float-conversion -Wno-non-literal-null-conversion -Wno-objc-literal-conversion -Wshorten-64-to-32 -Wpointer-sign -Wno-newline-eof -Wno-selector -Wno-strict-selector-match -Wno-undeclared-selector -Wno-deprecated-implementations -Wno-implicit-fallthrough -isysroot /Applications/Xcode.app/Contents/Developer/Platforms/MacOSX.platform/Developer/SDKs/MacOSX27.0.sdk -fstrict-aliasing -Wprotocol -Wdeprecated-declarations -Wno-sign-conversion -Wno-infinite-recursion -Wno-comma -Wno-block-capture-autoreleasing -Wno-strict-prototypes -Wno-semicolon-before-method-body -index-store-path /Users/buddhirajgautam/Library/Developer/Xcode/DerivedData/Telegram-Mac-fygdgghdgmuleoelvxabfmqiotta/Index.noindex/DataStore @/Users/buddhirajgautam/Library/Developer/Xcode/DerivedData/Telegram-Mac-fygdgghdgmuleoelvxabfmqiotta/Build/Intermediates.noindex/GoogleDataTransport.build/Debug/GoogleDataTransport-t.build/Objects-normal/arm64/e6072d4f65d7061329687fe24e3d63a7-common-args.resp -include /Users/buddhirajgautam/Library/Developer/Xcode/DerivedData/Telegram-Mac-fygdgghdgmuleoelvxabfmqiotta/Build/Intermediates.noindex/GoogleDataTransport.build/Debug/GoogleDataTransport-t.build/DerivedSources/resource_bundle_accessor.h -MMD -MT dependencies -MF /Users/buddhirajgautam/Library/Developer/Xcode/DerivedData/Telegram-Mac-fygdgghdgmuleoelvxabfmqiotta/Build/Intermediates.noindex/GoogleDataTransport.build/Debug/GoogleDataTransport-t.build/Objects-normal/arm64/GDTCOREvent+GDTCCTSupport.d --serialize-diagnostics /Users/buddhirajgautam/Library/Developer/Xcode/DerivedData/Telegram-Mac-fygdgghdgmuleoelvxabfmqiotta/Build/Intermediates.noindex/GoogleDataTransport.build/Debug/GoogleDataTransport-t.build/Objects-normal/arm64/GDTCOREvent+GDTCCTSupport.dia -c /Users/buddhirajgautam/Library/Developer/Xcode/DerivedData/Telegram-Mac-fygdgghdgmuleoelvxabfmqiotta/SourcePackages/checkouts/GoogleDataTransport/GoogleDataTransport/GDTCCTLibrary/GDTCOREvent+GDTCCTSupport.m -o /Users/buddhirajgautam/Library/Developer/Xcode/DerivedData/Telegram-Mac-fygdgghdgmuleoelvxabfmqiotta/Build/Intermediates.noindex/GoogleDataTransport.build/Debug/GoogleDataTransport-t.build/Objects-normal/arm64/GDTCOREvent+GDTCCTSupport.o -index-unit-output-path /GoogleDataTransport.build/Debug/GoogleDataTransport-t.build/Objects-normal/arm64/GDTCOREvent+GDTCCTSupport.o

ScanDependencies /Users/buddhirajgautam/Library/Developer/Xcode/DerivedData/Telegram-Mac-fygdgghdgmuleoelvxabfmqiotta/Build/Intermediates.noindex/GoogleDataTransport.build/Debug/GoogleDataTransport-t.build/Objects-normal/arm64/GDTCOREndpoints.o /Users/buddhirajgautam/Library/Developer/Xcode/DerivedData/Telegram-Mac-fygdgghdgmuleoelvxabfmqiotta/SourcePackages/checkouts/GoogleDataTransport/GoogleDataTransport/GDTCORLibrary/GDTCOREndpoints.m normal arm64 objective-c com.apple.compilers.llvm.clang.1_0.compiler (in target 'GoogleDataTransport' from project 'GoogleDataTransport')
    cd /Users/buddhirajgautam/Documents/Cherrygram-Mac/macOS-Swift
    
    Using response file: /Users/buddhirajgautam/Library/Developer/Xcode/DerivedData/Telegram-Mac-fygdgghdgmuleoelvxabfmqiotta/Build/Intermediates.noindex/GoogleDataTransport.build/Debug/GoogleDataTransport-t.build/Objects-normal/arm64/e6072d4f65d7061329687fe24e3d63a7-common-args.resp
    
    builtin-ScanDependencies -o /Users/buddhirajgautam/Library/Developer/Xcode/DerivedData/Telegram-Mac-fygdgghdgmuleoelvxabfmqiotta/Build/Intermediates.noindex/GoogleDataTransport.build/Debug/GoogleDataTransport-t.build/Objects-normal/arm64/GDTCOREndpoints.o.scan -- /Applications/Xcode.app/Contents/Developer/Toolchains/XcodeDefault.xctoolchain/usr/bin/clang -x objective-c -ivfsstatcache /Users/buddhirajgautam/Library/Developer/Xcode/DerivedData/SDKStatCaches.noindex/macosx27.0-26A425-e829b21a6f8c9b70876ba0858053c0447231f6df4def33e022ae2eb8f782df1a.sdkstatcache -target arm64-apple-macos12.0 -fmessage-length\=0 -fdiagnostics-show-note-include-stack -fmacro-backtrace-limit\=0 -fno-color-diagnostics -fmodules-prune-interval\=86400 -fmodules-prune-after\=345600 -fbuild-session-file\=/Users/buddhirajgautam/Library/Developer/Xcode/DerivedData/ModuleCache.noindex/Session.modulevalidation -fmodules-validate-once-per-build-session -Wnon-modular-include-in-framework-module -Werror\=non-modular-include-in-framework-module -Wno-trigraphs -Wno-missing-field-initializers -Wno-missing-prototypes -Wno-return-type -Wno-implicit-atomic-properties -Wno-objc-interface-ivars -Wno-arc-repeated-use-of-weak -Wno-missing-braces -Wparentheses -Wswitch -Wno-unused-function -Wno-unused-label -Wno-unused-parameter -Wno-unused-variable -Wunused-value -Wno-empty-body -Wno-uninitialized -Wno-unknown-pragmas -w -Wno-shadow -Wno-four-char-constants -Wno-conversion -Wno-constant-conversion -Wno-int-conversion -Wno-bool-conversion -Wno-enum-conversion -Wno-float-conversion -Wno-non-literal-null-conversion -Wno-objc-literal-conversion -Wshorten-64-to-32 -Wpointer-sign -Wno-newline-eof -Wno-selector -Wno-strict-selector-match -Wno-undeclared-selector -Wno-deprecated-implementations -Wno-implicit-fallthrough -isysroot /Applications/Xcode.app/Contents/Developer/Platforms/MacOSX.platform/Developer/SDKs/MacOSX27.0.sdk -fstrict-aliasing -Wprotocol -Wdeprecated-declarations -Wno-sign-conversion -Wno-infinite-recursion -Wno-comma -Wno-block-capture-autoreleasing -Wno-strict-prototypes -Wno-semicolon-before-method-body -index-store-path /Users/buddhirajgautam/Library/Developer/Xcode/DerivedData/Telegram-Mac-fygdgghdgmuleoelvxabfmqiotta/Index.noindex/DataStore @/Users/buddhirajgautam/Library/Developer/Xcode/DerivedData/Telegram-Mac-fygdgghdgmuleoelvxabfmqiotta/Build/Intermediates.noindex/GoogleDataTransport.build/Debug/GoogleDataTransport-t.build/Objects-normal/arm64/e6072d4f65d7061329687fe24e3d63a7-common-args.resp -include /Users/buddhirajgautam/Library/Developer/Xcode/DerivedData/Telegram-Mac-fygdgghdgmuleoelvxabfmqiotta/Build/Intermediates.noindex/GoogleDataTransport.build/Debug/GoogleDataTransport-t.build/DerivedSources/resource_bundle_accessor.h -MMD -MT dependencies -MF /Users/buddhirajgautam/Library/Developer/Xcode/DerivedData/Telegram-Mac-fygdgghdgmuleoelvxabfmqiotta/Build/Intermediates.noindex/GoogleDataTransport.build/Debug/GoogleDataTransport-t.build/Objects-normal/arm64/GDTCOREndpoints.d --serialize-diagnostics /Users/buddhirajgautam/Library/Developer/Xcode/DerivedData/Telegram-Mac-fygdgghdgmuleoelvxabfmqiotta/Build/Intermediates.noindex/GoogleDataTransport.build/Debug/GoogleDataTransport-t.build/Objects-normal/arm64/GDTCOREndpoints.dia -c /Users/buddhirajgautam/Library/Developer/Xcode/DerivedData/Telegram-Mac-fygdgghdgmuleoelvxabfmqiotta/SourcePackages/checkouts/GoogleDataTransport/GoogleDataTransport/GDTCORLibrary/GDTCOREndpoints.m -o /Users/buddhirajgautam/Library/Developer/Xcode/DerivedData/Telegram-Mac-fygdgghdgmuleoelvxabfmqiotta/Build/Intermediates.noindex/GoogleDataTransport.build/Debug/GoogleDataTransport-t.build/Objects-normal/arm64/GDTCOREndpoints.o -index-unit-output-path /GoogleDataTransport.build/Debug/GoogleDataTransport-t.build/Objects-normal/arm64/GDTCOREndpoints.o

ScanDependencies /Users/buddhirajgautam/Library/Developer/Xcode/DerivedData/Telegram-Mac-fygdgghdgmuleoelvxabfmqiotta/Build/Intermediates.noindex/GoogleDataTransport.build/Debug/GoogleDataTransport-t.build/Objects-normal/arm64/GDTCORDirectorySizeTracker.o /Users/buddhirajgautam/Library/Developer/Xcode/DerivedData/Telegram-Mac-fygdgghdgmuleoelvxabfmqiotta/SourcePackages/checkouts/GoogleDataTransport/GoogleDataTransport/GDTCORLibrary/GDTCORDirectorySizeTracker.m normal arm64 objective-c com.apple.compilers.llvm.clang.1_0.compiler (in target 'GoogleDataTransport' from project 'GoogleDataTransport')
    cd /Users/buddhirajgautam/Documents/Cherrygram-Mac/macOS-Swift
    
    Using response file: /Users/buddhirajgautam/Library/Developer/Xcode/DerivedData/Telegram-Mac-fygdgghdgmuleoelvxabfmqiotta/Build/Intermediates.noindex/GoogleDataTransport.build/Debug/GoogleDataTransport-t.build/Objects-normal/arm64/e6072d4f65d7061329687fe24e3d63a7-common-args.resp
    
    builtin-ScanDependencies -o /Users/buddhirajgautam/Library/Developer/Xcode/DerivedData/Telegram-Mac-fygdgghdgmuleoelvxabfmqiotta/Build/Intermediates.noindex/GoogleDataTransport.build/Debug/GoogleDataTransport-t.build/Objects-normal/arm64/GDTCORDirectorySizeTracker.o.scan -- /Applications/Xcode.app/Contents/Developer/Toolchains/XcodeDefault.xctoolchain/usr/bin/clang -x objective-c -ivfsstatcache /Users/buddhirajgautam/Library/Developer/Xcode/DerivedData/SDKStatCaches.noindex/macosx27.0-26A425-e829b21a6f8c9b70876ba0858053c0447231f6df4def33e022ae2eb8f782df1a.sdkstatcache -target arm64-apple-macos12.0 -fmessage-length\=0 -fdiagnostics-show-note-include-stack -fmacro-backtrace-limit\=0 -fno-color-diagnostics -fmodules-prune-interval\=86400 -fmodules-prune-after\=345600 -fbuild-session-file\=/Users/buddhirajgautam/Library/Developer/Xcode/DerivedData/ModuleCache.noindex/Session.modulevalidation -fmodules-validate-once-per-build-session -Wnon-modular-include-in-framework-module -Werror\=non-modular-include-in-framework-module -Wno-trigraphs -Wno-missing-field-initializers -Wno-missing-prototypes -Wno-return-type -Wno-implicit-atomic-properties -Wno-objc-interface-ivars -Wno-arc-repeated-use-of-weak -Wno-missing-braces -Wparentheses -Wswitch -Wno-unused-function -Wno-unused-label -Wno-unused-parameter -Wno-unused-variable -Wunused-value -Wno-empty-body -Wno-uninitialized -Wno-unknown-pragmas -w -Wno-shadow -Wno-four-char-constants -Wno-conversion -Wno-constant-conversion -Wno-int-conversion -Wno-bool-conversion -Wno-enum-conversion -Wno-float-conversion -Wno-non-literal-null-conversion -Wno-objc-literal-conversion -Wshorten-64-to-32 -Wpointer-sign -Wno-newline-eof -Wno-selector -Wno-strict-selector-match -Wno-undeclared-selector -Wno-deprecated-implementations -Wno-implicit-fallthrough -isysroot /Applications/Xcode.app/Contents/Developer/Platforms/MacOSX.platform/Developer/SDKs/MacOSX27.0.sdk -fstrict-aliasing -Wprotocol -Wdeprecated-declarations -Wno-sign-conversion -Wno-infinite-recursion -Wno-comma -Wno-block-capture-autoreleasing -Wno-strict-prototypes -Wno-semicolon-before-method-body -index-store-path /Users/buddhirajgautam/Library/Developer/Xcode/DerivedData/Telegram-Mac-fygdgghdgmuleoelvxabfmqiotta/Index.noindex/DataStore @/Users/buddhirajgautam/Library/Developer/Xcode/DerivedData/Telegram-Mac-fygdgghdgmuleoelvxabfmqiotta/Build/Intermediates.noindex/GoogleDataTransport.build/Debug/GoogleDataTransport-t.build/Objects-normal/arm64/e6072d4f65d7061329687fe24e3d63a7-common-args.resp -include /Users/buddhirajgautam/Library/Developer/Xcode/DerivedData/Telegram-Mac-fygdgghdgmuleoelvxabfmqiotta/Build/Intermediates.noindex/GoogleDataTransport.build/Debug/GoogleDataTransport-t.build/DerivedSources/resource_bundle_accessor.h -MMD -MT dependencies -MF /Users/buddhirajgautam/Library/Developer/Xcode/DerivedData/Telegram-Mac-fygdgghdgmuleoelvxabfmqiotta/Build/Intermediates.noindex/GoogleDataTransport.build/Debug/GoogleDataTransport-t.build/Objects-normal/arm64/GDTCORDirectorySizeTracker.d --serialize-diagnostics /Users/buddhirajgautam/Library/Developer/Xcode/DerivedData/Telegram-Mac-fygdgghdgmuleoelvxabfmqiotta/Build/Intermediates.noindex/GoogleDataTransport.build/Debug/GoogleDataTransport-t.build/Objects-normal/arm64/GDTCORDirectorySizeTracker.dia -c /Users/buddhirajgautam/Library/Developer/Xcode/DerivedData/Telegram-Mac-fygdgghdgmuleoelvxabfmqiotta/SourcePackages/checkouts/GoogleDataTransport/GoogleDataTransport/GDTCORLibrary/GDTCORDirectorySizeTracker.m -o /Users/buddhirajgautam/Library/Developer/Xcode/DerivedData/Telegram-Mac-fygdgghdgmuleoelvxabfmqiotta/Build/Intermediates.noindex/GoogleDataTransport.build/Debug/GoogleDataTransport-t.build/Objects-normal/arm64/GDTCORDirectorySizeTracker.o -index-unit-output-path /GoogleDataTransport.build/Debug/GoogleDataTransport-t.build/Objects-normal/arm64/GDTCORDirectorySizeTracker.o

ScanDependencies /Users/buddhirajgautam/Library/Developer/Xcode/DerivedData/Telegram-Mac-fygdgghdgmuleoelvxabfmqiotta/Build/Intermediates.noindex/GoogleDataTransport.build/Debug/GoogleDataTransport-t.build/Objects-normal/arm64/GDTCORConsoleLogger.o /Users/buddhirajgautam/Library/Developer/Xcode/DerivedData/Telegram-Mac-fygdgghdgmuleoelvxabfmqiotta/SourcePackages/checkouts/GoogleDataTransport/GoogleDataTransport/GDTCORLibrary/GDTCORConsoleLogger.m normal arm64 objective-c com.apple.compilers.llvm.clang.1_0.compiler (in target 'GoogleDataTransport' from project 'GoogleDataTransport')
    cd /Users/buddhirajgautam/Documents/Cherrygram-Mac/macOS-Swift
    
    Using response file: /Users/buddhirajgautam/Library/Developer/Xcode/DerivedData/Telegram-Mac-fygdgghdgmuleoelvxabfmqiotta/Build/Intermediates.noindex/GoogleDataTransport.build/Debug/GoogleDataTransport-t.build/Objects-normal/arm64/e6072d4f65d7061329687fe24e3d63a7-common-args.resp
    
    builtin-ScanDependencies -o /Users/buddhirajgautam/Library/Developer/Xcode/DerivedData/Telegram-Mac-fygdgghdgmuleoelvxabfmqiotta/Build/Intermediates.noindex/GoogleDataTransport.build/Debug/GoogleDataTransport-t.build/Objects-normal/arm64/GDTCORConsoleLogger.o.scan -- /Applications/Xcode.app/Contents/Developer/Toolchains/XcodeDefault.xctoolchain/usr/bin/clang -x objective-c -ivfsstatcache /Users/buddhirajgautam/Library/Developer/Xcode/DerivedData/SDKStatCaches.noindex/macosx27.0-26A425-e829b21a6f8c9b70876ba0858053c0447231f6df4def33e022ae2eb8f782df1a.sdkstatcache -target arm64-apple-macos12.0 -fmessage-length\=0 -fdiagnostics-show-note-include-stack -fmacro-backtrace-limit\=0 -fno-color-diagnostics -fmodules-prune-interval\=86400 -fmodules-prune-after\=345600 -fbuild-session-file\=/Users/buddhirajgautam/Library/Developer/Xcode/DerivedData/ModuleCache.noindex/Session.modulevalidation -fmodules-validate-once-per-build-session -Wnon-modular-include-in-framework-module -Werror\=non-modular-include-in-framework-module -Wno-trigraphs -Wno-missing-field-initializers -Wno-missing-prototypes -Wno-return-type -Wno-implicit-atomic-properties -Wno-objc-interface-ivars -Wno-arc-repeated-use-of-weak -Wno-missing-braces -Wparentheses -Wswitch -Wno-unused-function -Wno-unused-label -Wno-unused-parameter -Wno-unused-variable -Wunused-value -Wno-empty-body -Wno-uninitialized -Wno-unknown-pragmas -w -Wno-shadow -Wno-four-char-constants -Wno-conversion -Wno-constant-conversion -Wno-int-conversion -Wno-bool-conversion -Wno-enum-conversion -Wno-float-conversion -Wno-non-literal-null-conversion -Wno-objc-literal-conversion -Wshorten-64-to-32 -Wpointer-sign -Wno-newline-eof -Wno-selector -Wno-strict-selector-match -Wno-undeclared-selector -Wno-deprecated-implementations -Wno-implicit-fallthrough -isysroot /Applications/Xcode.app/Contents/Developer/Platforms/MacOSX.platform/Developer/SDKs/MacOSX27.0.sdk -fstrict-aliasing -Wprotocol -Wdeprecated-declarations -Wno-sign-conversion -Wno-infinite-recursion -Wno-comma -Wno-block-capture-autoreleasing -Wno-strict-prototypes -Wno-semicolon-before-method-body -index-store-path /Users/buddhirajgautam/Library/Developer/Xcode/DerivedData/Telegram-Mac-fygdgghdgmuleoelvxabfmqiotta/Index.noindex/DataStore @/Users/buddhirajgautam/Library/Developer/Xcode/DerivedData/Telegram-Mac-fygdgghdgmuleoelvxabfmqiotta/Build/Intermediates.noindex/GoogleDataTransport.build/Debug/GoogleDataTransport-t.build/Objects-normal/arm64/e6072d4f65d7061329687fe24e3d63a7-common-args.resp -include /Users/buddhirajgautam/Library/Developer/Xcode/DerivedData/Telegram-Mac-fygdgghdgmuleoelvxabfmqiotta/Build/Intermediates.noindex/GoogleDataTransport.build/Debug/GoogleDataTransport-t.build/DerivedSources/resource_bundle_accessor.h -MMD -MT dependencies -MF /Users/buddhirajgautam/Library/Developer/Xcode/DerivedData/Telegram-Mac-fygdgghdgmuleoelvxabfmqiotta/Build/Intermediates.noindex/GoogleDataTransport.build/Debug/GoogleDataTransport-t.build/Objects-normal/arm64/GDTCORConsoleLogger.d --serialize-diagnostics /Users/buddhirajgautam/Library/Developer/Xcode/DerivedData/Telegram-Mac-fygdgghdgmuleoelvxabfmqiotta/Build/Intermediates.noindex/GoogleDataTransport.build/Debug/GoogleDataTransport-t.build/Objects-normal/arm64/GDTCORConsoleLogger.dia -c /Users/buddhirajgautam/Library/Developer/Xcode/DerivedData/Telegram-Mac-fygdgghdgmuleoelvxabfmqiotta/SourcePackages/checkouts/GoogleDataTransport/GoogleDataTransport/GDTCORLibrary/GDTCORConsoleLogger.m -o /Users/buddhirajgautam/Library/Developer/Xcode/DerivedData/Telegram-Mac-fygdgghdgmuleoelvxabfmqiotta/Build/Intermediates.noindex/GoogleDataTransport.build/Debug/GoogleDataTransport-t.build/Objects-normal/arm64/GDTCORConsoleLogger.o -index-unit-output-path /GoogleDataTransport.build/Debug/GoogleDataTransport-t.build/Objects-normal/arm64/GDTCORConsoleLogger.o

ScanDependencies /Users/buddhirajgautam/Library/Developer/Xcode/DerivedData/Telegram-Mac-fygdgghdgmuleoelvxabfmqiotta/Build/Intermediates.noindex/GoogleDataTransport.build/Debug/GoogleDataTransport-t.build/Objects-normal/arm64/GDTCORClock.o /Users/buddhirajgautam/Library/Developer/Xcode/DerivedData/Telegram-Mac-fygdgghdgmuleoelvxabfmqiotta/SourcePackages/checkouts/GoogleDataTransport/GoogleDataTransport/GDTCORLibrary/GDTCORClock.m normal arm64 objective-c com.apple.compilers.llvm.clang.1_0.compiler (in target 'GoogleDataTransport' from project 'GoogleDataTransport')
    cd /Users/buddhirajgautam/Documents/Cherrygram-Mac/macOS-Swift
    
    Using response file: /Users/buddhirajgautam/Library/Developer/Xcode/DerivedData/Telegram-Mac-fygdgghdgmuleoelvxabfmqiotta/Build/Intermediates.noindex/GoogleDataTransport.build/Debug/GoogleDataTransport-t.build/Objects-normal/arm64/e6072d4f65d7061329687fe24e3d63a7-common-args.resp
    
    builtin-ScanDependencies -o /Users/buddhirajgautam/Library/Developer/Xcode/DerivedData/Telegram-Mac-fygdgghdgmuleoelvxabfmqiotta/Build/Intermediates.noindex/GoogleDataTransport.build/Debug/GoogleDataTransport-t.build/Objects-normal/arm64/GDTCORClock.o.scan -- /Applications/Xcode.app/Contents/Developer/Toolchains/XcodeDefault.xctoolchain/usr/bin/clang -x objective-c -ivfsstatcache /Users/buddhirajgautam/Library/Developer/Xcode/DerivedData/SDKStatCaches.noindex/macosx27.0-26A425-e829b21a6f8c9b70876ba0858053c0447231f6df4def33e022ae2eb8f782df1a.sdkstatcache -target arm64-apple-macos12.0 -fmessage-length\=0 -fdiagnostics-show-note-include-stack -fmacro-backtrace-limit\=0 -fno-color-diagnostics -fmodules-prune-interval\=86400 -fmodules-prune-after\=345600 -fbuild-session-file\=/Users/buddhirajgautam/Library/Developer/Xcode/DerivedData/ModuleCache.noindex/Session.modulevalidation -fmodules-validate-once-per-build-session -Wnon-modular-include-in-framework-module -Werror\=non-modular-include-in-framework-module -Wno-trigraphs -Wno-missing-field-initializers -Wno-missing-prototypes -Wno-return-type -Wno-implicit-atomic-properties -Wno-objc-interface-ivars -Wno-arc-repeated-use-of-weak -Wno-missing-braces -Wparentheses -Wswitch -Wno-unused-function -Wno-unused-label -Wno-unused-parameter -Wno-unused-variable -Wunused-value -Wno-empty-body -Wno-uninitialized -Wno-unknown-pragmas -w -Wno-shadow -Wno-four-char-constants -Wno-conversion -Wno-constant-conversion -Wno-int-conversion -Wno-bool-conversion -Wno-enum-conversion -Wno-float-conversion -Wno-non-literal-null-conversion -Wno-objc-literal-conversion -Wshorten-64-to-32 -Wpointer-sign -Wno-newline-eof -Wno-selector -Wno-strict-selector-match -Wno-undeclared-selector -Wno-deprecated-implementations -Wno-implicit-fallthrough -isysroot /Applications/Xcode.app/Contents/Developer/Platforms/MacOSX.platform/Developer/SDKs/MacOSX27.0.sdk -fstrict-aliasing -Wprotocol -Wdeprecated-declarations -Wno-sign-conversion -Wno-infinite-recursion -Wno-comma -Wno-block-capture-autoreleasing -Wno-strict-prototypes -Wno-semicolon-before-method-body -index-store-path /Users/buddhirajgautam/Library/Developer/Xcode/DerivedData/Telegram-Mac-fygdgghdgmuleoelvxabfmqiotta/Index.noindex/DataStore @/Users/buddhirajgautam/Library/Developer/Xcode/DerivedData/Telegram-Mac-fygdgghdgmuleoelvxabfmqiotta/Build/Intermediates.noindex/GoogleDataTransport.build/Debug/GoogleDataTransport-t.build/Objects-normal/arm64/e6072d4f65d7061329687fe24e3d63a7-common-args.resp -include /Users/buddhirajgautam/Library/Developer/Xcode/DerivedData/Telegram-Mac-fygdgghdgmuleoelvxabfmqiotta/Build/Intermediates.noindex/GoogleDataTransport.build/Debug/GoogleDataTransport-t.build/DerivedSources/resource_bundle_accessor.h -MMD -MT dependencies -MF /Users/buddhirajgautam/Library/Developer/Xcode/DerivedData/Telegram-Mac-fygdgghdgmuleoelvxabfmqiotta/Build/Intermediates.noindex/GoogleDataTransport.build/Debug/GoogleDataTransport-t.build/Objects-normal/arm64/GDTCORClock.d --serialize-diagnostics /Users/buddhirajgautam/Library/Developer/Xcode/DerivedData/Telegram-Mac-fygdgghdgmuleoelvxabfmqiotta/Build/Intermediates.noindex/GoogleDataTransport.build/Debug/GoogleDataTransport-t.build/Objects-normal/arm64/GDTCORClock.dia -c /Users/buddhirajgautam/Library/Developer/Xcode/DerivedData/Telegram-Mac-fygdgghdgmuleoelvxabfmqiotta/SourcePackages/checkouts/GoogleDataTransport/GoogleDataTransport/GDTCORLibrary/GDTCORClock.m -o /Users/buddhirajgautam/Library/Developer/Xcode/DerivedData/Telegram-Mac-fygdgghdgmuleoelvxabfmqiotta/Build/Intermediates.noindex/GoogleDataTransport.build/Debug/GoogleDataTransport-t.build/Objects-normal/arm64/GDTCORClock.o -index-unit-output-path /GoogleDataTransport.build/Debug/GoogleDataTransport-t.build/Objects-normal/arm64/GDTCORClock.o

ScanDependencies /Users/buddhirajgautam/Library/Developer/Xcode/DerivedData/Telegram-Mac-fygdgghdgmuleoelvxabfmqiotta/Build/Intermediates.noindex/GoogleDataTransport.build/Debug/GoogleDataTransport-t.build/Objects-normal/arm64/GDTCORAssert.o /Users/buddhirajgautam/Library/Developer/Xcode/DerivedData/Telegram-Mac-fygdgghdgmuleoelvxabfmqiotta/SourcePackages/checkouts/GoogleDataTransport/GoogleDataTransport/GDTCORLibrary/GDTCORAssert.m normal arm64 objective-c com.apple.compilers.llvm.clang.1_0.compiler (in target 'GoogleDataTransport' from project 'GoogleDataTransport')
    cd /Users/buddhirajgautam/Documents/Cherrygram-Mac/macOS-Swift
    
    Using response file: /Users/buddhirajgautam/Library/Developer/Xcode/DerivedData/Telegram-Mac-fygdgghdgmuleoelvxabfmqiotta/Build/Intermediates.noindex/GoogleDataTransport.build/Debug/GoogleDataTransport-t.build/Objects-normal/arm64/e6072d4f65d7061329687fe24e3d63a7-common-args.resp
    
    builtin-ScanDependencies -o /Users/buddhirajgautam/Library/Developer/Xcode/DerivedData/Telegram-Mac-fygdgghdgmuleoelvxabfmqiotta/Build/Intermediates.noindex/GoogleDataTransport.build/Debug/GoogleDataTransport-t.build/Objects-normal/arm64/GDTCORAssert.o.scan -- /Applications/Xcode.app/Contents/Developer/Toolchains/XcodeDefault.xctoolchain/usr/bin/clang -x objective-c -ivfsstatcache /Users/buddhirajgautam/Library/Developer/Xcode/DerivedData/SDKStatCaches.noindex/macosx27.0-26A425-e829b21a6f8c9b70876ba0858053c0447231f6df4def33e022ae2eb8f782df1a.sdkstatcache -target arm64-apple-macos12.0 -fmessage-length\=0 -fdiagnostics-show-note-include-stack -fmacro-backtrace-limit\=0 -fno-color-diagnostics -fmodules-prune-interval\=86400 -fmodules-prune-after\=345600 -fbuild-session-file\=/Users/buddhirajgautam/Library/Developer/Xcode/DerivedData/ModuleCache.noindex/Session.modulevalidation -fmodules-validate-once-per-build-session -Wnon-modular-include-in-framework-module -Werror\=non-modular-include-in-framework-module -Wno-trigraphs -Wno-missing-field-initializers -Wno-missing-prototypes -Wno-return-type -Wno-implicit-atomic-properties -Wno-objc-interface-ivars -Wno-arc-repeated-use-of-weak -Wno-missing-braces -Wparentheses -Wswitch -Wno-unused-function -Wno-unused-label -Wno-unused-parameter -Wno-unused-variable -Wunused-value -Wno-empty-body -Wno-uninitialized -Wno-unknown-pragmas -w -Wno-shadow -Wno-four-char-constants -Wno-conversion -Wno-constant-conversion -Wno-int-conversion -Wno-bool-conversion -Wno-enum-conversion -Wno-float-conversion -Wno-non-literal-null-conversion -Wno-objc-literal-conversion -Wshorten-64-to-32 -Wpointer-sign -Wno-newline-eof -Wno-selector -Wno-strict-selector-match -Wno-undeclared-selector -Wno-deprecated-implementations -Wno-implicit-fallthrough -isysroot /Applications/Xcode.app/Contents/Developer/Platforms/MacOSX.platform/Developer/SDKs/MacOSX27.0.sdk -fstrict-aliasing -Wprotocol -Wdeprecated-declarations -Wno-sign-conversion -Wno-infinite-recursion -Wno-comma -Wno-block-capture-autoreleasing -Wno-strict-prototypes -Wno-semicolon-before-method-body -index-store-path /Users/buddhirajgautam/Library/Developer/Xcode/DerivedData/Telegram-Mac-fygdgghdgmuleoelvxabfmqiotta/Index.noindex/DataStore @/Users/buddhirajgautam/Library/Developer/Xcode/DerivedData/Telegram-Mac-fygdgghdgmuleoelvxabfmqiotta/Build/Intermediates.noindex/GoogleDataTransport.build/Debug/GoogleDataTransport-t.build/Objects-normal/arm64/e6072d4f65d7061329687fe24e3d63a7-common-args.resp -include /Users/buddhirajgautam/Library/Developer/Xcode/DerivedData/Telegram-Mac-fygdgghdgmuleoelvxabfmqiotta/Build/Intermediates.noindex/GoogleDataTransport.build/Debug/GoogleDataTransport-t.build/DerivedSources/resource_bundle_accessor.h -MMD -MT dependencies -MF /Users/buddhirajgautam/Library/Developer/Xcode/DerivedData/Telegram-Mac-fygdgghdgmuleoelvxabfmqiotta/Build/Intermediates.noindex/GoogleDataTransport.build/Debug/GoogleDataTransport-t.build/Objects-normal/arm64/GDTCORAssert.d --serialize-diagnostics /Users/buddhirajgautam/Library/Developer/Xcode/DerivedData/Telegram-Mac-fygdgghdgmuleoelvxabfmqiotta/Build/Intermediates.noindex/GoogleDataTransport.build/Debug/GoogleDataTransport-t.build/Objects-normal/arm64/GDTCORAssert.dia -c /Users/buddhirajgautam/Library/Developer/Xcode/DerivedData/Telegram-Mac-fygdgghdgmuleoelvxabfmqiotta/SourcePackages/checkouts/GoogleDataTransport/GoogleDataTransport/GDTCORLibrary/GDTCORAssert.m -o /Users/buddhirajgautam/Library/Developer/Xcode/DerivedData/Telegram-Mac-fygdgghdgmuleoelvxabfmqiotta/Build/Intermediates.noindex/GoogleDataTransport.build/Debug/GoogleDataTransport-t.build/Objects-normal/arm64/GDTCORAssert.o -index-unit-output-path /GoogleDataTransport.build/Debug/GoogleDataTransport-t.build/Objects-normal/arm64/GDTCORAssert.o

ScanDependencies /Users/buddhirajgautam/Library/Developer/Xcode/DerivedData/Telegram-Mac-fygdgghdgmuleoelvxabfmqiotta/Build/Intermediates.noindex/GoogleDataTransport.build/Debug/GoogleDataTransport-t.build/Objects-normal/arm64/GDTCCTUploader.o /Users/buddhirajgautam/Library/Developer/Xcode/DerivedData/Telegram-Mac-fygdgghdgmuleoelvxabfmqiotta/SourcePackages/checkouts/GoogleDataTransport/GoogleDataTransport/GDTCCTLibrary/GDTCCTUploader.m normal arm64 objective-c com.apple.compilers.llvm.clang.1_0.compiler (in target 'GoogleDataTransport' from project 'GoogleDataTransport')
    cd /Users/buddhirajgautam/Documents/Cherrygram-Mac/macOS-Swift
    
    Using response file: /Users/buddhirajgautam/Library/Developer/Xcode/DerivedData/Telegram-Mac-fygdgghdgmuleoelvxabfmqiotta/Build/Intermediates.noindex/GoogleDataTransport.build/Debug/GoogleDataTransport-t.build/Objects-normal/arm64/e6072d4f65d7061329687fe24e3d63a7-common-args.resp
    
    builtin-ScanDependencies -o /Users/buddhirajgautam/Library/Developer/Xcode/DerivedData/Telegram-Mac-fygdgghdgmuleoelvxabfmqiotta/Build/Intermediates.noindex/GoogleDataTransport.build/Debug/GoogleDataTransport-t.build/Objects-normal/arm64/GDTCCTUploader.o.scan -- /Applications/Xcode.app/Contents/Developer/Toolchains/XcodeDefault.xctoolchain/usr/bin/clang -x objective-c -ivfsstatcache /Users/buddhirajgautam/Library/Developer/Xcode/DerivedData/SDKStatCaches.noindex/macosx27.0-26A425-e829b21a6f8c9b70876ba0858053c0447231f6df4def33e022ae2eb8f782df1a.sdkstatcache -target arm64-apple-macos12.0 -fmessage-length\=0 -fdiagnostics-show-note-include-stack -fmacro-backtrace-limit\=0 -fno-color-diagnostics -fmodules-prune-interval\=86400 -fmodules-prune-after\=345600 -fbuild-session-file\=/Users/buddhirajgautam/Library/Developer/Xcode/DerivedData/ModuleCache.noindex/Session.modulevalidation -fmodules-validate-once-per-build-session -Wnon-modular-include-in-framework-module -Werror\=non-modular-include-in-framework-module -Wno-trigraphs -Wno-missing-field-initializers -Wno-missing-prototypes -Wno-return-type -Wno-implicit-atomic-properties -Wno-objc-interface-ivars -Wno-arc-repeated-use-of-weak -Wno-missing-braces -Wparentheses -Wswitch -Wno-unused-function -Wno-unused-label -Wno-unused-parameter -Wno-unused-variable -Wunused-value -Wno-empty-body -Wno-uninitialized -Wno-unknown-pragmas -w -Wno-shadow -Wno-four-char-constants -Wno-conversion -Wno-constant-conversion -Wno-int-conversion -Wno-bool-conversion -Wno-enum-conversion -Wno-float-conversion -Wno-non-literal-null-conversion -Wno-objc-literal-conversion -Wshorten-64-to-32 -Wpointer-sign -Wno-newline-eof -Wno-selector -Wno-strict-selector-match -Wno-undeclared-selector -Wno-deprecated-implementations -Wno-implicit-fallthrough -isysroot /Applications/Xcode.app/Contents/Developer/Platforms/MacOSX.platform/Developer/SDKs/MacOSX27.0.sdk -fstrict-aliasing -Wprotocol -Wdeprecated-declarations -Wno-sign-conversion -Wno-infinite-recursion -Wno-comma -Wno-block-capture-autoreleasing -Wno-strict-prototypes -Wno-semicolon-before-method-body -index-store-path /Users/buddhirajgautam/Library/Developer/Xcode/DerivedData/Telegram-Mac-fygdgghdgmuleoelvxabfmqiotta/Index.noindex/DataStore @/Users/buddhirajgautam/Library/Developer/Xcode/DerivedData/Telegram-Mac-fygdgghdgmuleoelvxabfmqiotta/Build/Intermediates.noindex/GoogleDataTransport.build/Debug/GoogleDataTransport-t.build/Objects-normal/arm64/e6072d4f65d7061329687fe24e3d63a7-common-args.resp -include /Users/buddhirajgautam/Library/Developer/Xcode/DerivedData/Telegram-Mac-fygdgghdgmuleoelvxabfmqiotta/Build/Intermediates.noindex/GoogleDataTransport.build/Debug/GoogleDataTransport-t.build/DerivedSources/resource_bundle_accessor.h -MMD -MT dependencies -MF /Users/buddhirajgautam/Library/Developer/Xcode/DerivedData/Telegram-Mac-fygdgghdgmuleoelvxabfmqiotta/Build/Intermediates.noindex/GoogleDataTransport.build/Debug/GoogleDataTransport-t.build/Objects-normal/arm64/GDTCCTUploader.d --serialize-diagnostics /Users/buddhirajgautam/Library/Developer/Xcode/DerivedData/Telegram-Mac-fygdgghdgmuleoelvxabfmqiotta/Build/Intermediates.noindex/GoogleDataTransport.build/Debug/GoogleDataTransport-t.build/Objects-normal/arm64/GDTCCTUploader.dia -c /Users/buddhirajgautam/Library/Developer/Xcode/DerivedData/Telegram-Mac-fygdgghdgmuleoelvxabfmqiotta/SourcePackages/checkouts/GoogleDataTransport/GoogleDataTransport/GDTCCTLibrary/GDTCCTUploader.m -o /Users/buddhirajgautam/Library/Developer/Xcode/DerivedData/Telegram-Mac-fygdgghdgmuleoelvxabfmqiotta/Build/Intermediates.noindex/GoogleDataTransport.build/Debug/GoogleDataTransport-t.build/Objects-normal/arm64/GDTCCTUploader.o -index-unit-output-path /GoogleDataTransport.build/Debug/GoogleDataTransport-t.build/Objects-normal/arm64/GDTCCTUploader.o

ScanDependencies /Users/buddhirajgautam/Library/Developer/Xcode/DerivedData/Telegram-Mac-fygdgghdgmuleoelvxabfmqiotta/Build/Intermediates.noindex/GoogleDataTransport.build/Debug/GoogleDataTransport-t.build/Objects-normal/arm64/GDTCCTUploadOperation.o /Users/buddhirajgautam/Library/Developer/Xcode/DerivedData/Telegram-Mac-fygdgghdgmuleoelvxabfmqiotta/SourcePackages/checkouts/GoogleDataTransport/GoogleDataTransport/GDTCCTLibrary/GDTCCTUploadOperation.m normal arm64 objective-c com.apple.compilers.llvm.clang.1_0.compiler (in target 'GoogleDataTransport' from project 'GoogleDataTransport')
    cd /Users/buddhirajgautam/Documents/Cherrygram-Mac/macOS-Swift
    
    Using response file: /Users/buddhirajgautam/Library/Developer/Xcode/DerivedData/Telegram-Mac-fygdgghdgmuleoelvxabfmqiotta/Build/Intermediates.noindex/GoogleDataTransport.build/Debug/GoogleDataTransport-t.build/Objects-normal/arm64/e6072d4f65d7061329687fe24e3d63a7-common-args.resp
    
    builtin-ScanDependencies -o /Users/buddhirajgautam/Library/Developer/Xcode/DerivedData/Telegram-Mac-fygdgghdgmuleoelvxabfmqiotta/Build/Intermediates.noindex/GoogleDataTransport.build/Debug/GoogleDataTransport-t.build/Objects-normal/arm64/GDTCCTUploadOperation.o.scan -- /Applications/Xcode.app/Contents/Developer/Toolchains/XcodeDefault.xctoolchain/usr/bin/clang -x objective-c -ivfsstatcache /Users/buddhirajgautam/Library/Developer/Xcode/DerivedData/SDKStatCaches.noindex/macosx27.0-26A425-e829b21a6f8c9b70876ba0858053c0447231f6df4def33e022ae2eb8f782df1a.sdkstatcache -target arm64-apple-macos12.0 -fmessage-length\=0 -fdiagnostics-show-note-include-stack -fmacro-backtrace-limit\=0 -fno-color-diagnostics -fmodules-prune-interval\=86400 -fmodules-prune-after\=345600 -fbuild-session-file\=/Users/buddhirajgautam/Library/Developer/Xcode/DerivedData/ModuleCache.noindex/Session.modulevalidation -fmodules-validate-once-per-build-session -Wnon-modular-include-in-framework-module -Werror\=non-modular-include-in-framework-module -Wno-trigraphs -Wno-missing-field-initializers -Wno-missing-prototypes -Wno-return-type -Wno-implicit-atomic-properties -Wno-objc-interface-ivars -Wno-arc-repeated-use-of-weak -Wno-missing-braces -Wparentheses -Wswitch -Wno-unused-function -Wno-unused-label -Wno-unused-parameter -Wno-unused-variable -Wunused-value -Wno-empty-body -Wno-uninitialized -Wno-unknown-pragmas -w -Wno-shadow -Wno-four-char-constants -Wno-conversion -Wno-constant-conversion -Wno-int-conversion -Wno-bool-conversion -Wno-enum-conversion -Wno-float-conversion -Wno-non-literal-null-conversion -Wno-objc-literal-conversion -Wshorten-64-to-32 -Wpointer-sign -Wno-newline-eof -Wno-selector -Wno-strict-selector-match -Wno-undeclared-selector -Wno-deprecated-implementations -Wno-implicit-fallthrough -isysroot /Applications/Xcode.app/Contents/Developer/Platforms/MacOSX.platform/Developer/SDKs/MacOSX27.0.sdk -fstrict-aliasing -Wprotocol -Wdeprecated-declarations -Wno-sign-conversion -Wno-infinite-recursion -Wno-comma -Wno-block-capture-autoreleasing -Wno-strict-prototypes -Wno-semicolon-before-method-body -index-store-path /Users/buddhirajgautam/Library/Developer/Xcode/DerivedData/Telegram-Mac-fygdgghdgmuleoelvxabfmqiotta/Index.noindex/DataStore @/Users/buddhirajgautam/Library/Developer/Xcode/DerivedData/Telegram-Mac-fygdgghdgmuleoelvxabfmqiotta/Build/Intermediates.noindex/GoogleDataTransport.build/Debug/GoogleDataTransport-t.build/Objects-normal/arm64/e6072d4f65d7061329687fe24e3d63a7-common-args.resp -include /Users/buddhirajgautam/Library/Developer/Xcode/DerivedData/Telegram-Mac-fygdgghdgmuleoelvxabfmqiotta/Build/Intermediates.noindex/GoogleDataTransport.build/Debug/GoogleDataTransport-t.build/DerivedSources/resource_bundle_accessor.h -MMD -MT dependencies -MF /Users/buddhirajgautam/Library/Developer/Xcode/DerivedData/Telegram-Mac-fygdgghdgmuleoelvxabfmqiotta/Build/Intermediates.noindex/GoogleDataTransport.build/Debug/GoogleDataTransport-t.build/Objects-normal/arm64/GDTCCTUploadOperation.d --serialize-diagnostics /Users/buddhirajgautam/Library/Developer/Xcode/DerivedData/Telegram-Mac-fygdgghdgmuleoelvxabfmqiotta/Build/Intermediates.noindex/GoogleDataTransport.build/Debug/GoogleDataTransport-t.build/Objects-normal/arm64/GDTCCTUploadOperation.dia -c /Users/buddhirajgautam/Library/Developer/Xcode/DerivedData/Telegram-Mac-fygdgghdgmuleoelvxabfmqiotta/SourcePackages/checkouts/GoogleDataTransport/GoogleDataTransport/GDTCCTLibrary/GDTCCTUploadOperation.m -o /Users/buddhirajgautam/Library/Developer/Xcode/DerivedData/Telegram-Mac-fygdgghdgmuleoelvxabfmqiotta/Build/Intermediates.noindex/GoogleDataTransport.build/Debug/GoogleDataTransport-t.build/Objects-normal/arm64/GDTCCTUploadOperation.o -index-unit-output-path /GoogleDataTransport.build/Debug/GoogleDataTransport-t.build/Objects-normal/arm64/GDTCCTUploadOperation.o

PrecompileModule /Users/buddhirajgautam/Library/Developer/Xcode/DerivedData/Telegram-Mac-fygdgghdgmuleoelvxabfmqiotta/Build/Intermediates.noindex/ExplicitPrecompiledModules/CoreImage-A1MMV185O87QX9YC6ZV0XIH6O.scan
    cd /
    builtin-precompileModule /Users/buddhirajgautam/Library/Developer/Xcode/DerivedData/Telegram-Mac-fygdgghdgmuleoelvxabfmqiotta/Build/Intermediates.noindex/ExplicitPrecompiledModules/CoreImage-A1MMV185O87QX9YC6ZV0XIH6O.scan

PrecompileModule /Users/buddhirajgautam/Library/Developer/Xcode/DerivedData/Telegram-Mac-fygdgghdgmuleoelvxabfmqiotta/Build/Intermediates.noindex/ExplicitPrecompiledModules/QuartzCore-3IMZW3KOICORSN4BRTO9K7UON.scan
    cd /
    builtin-precompileModule /Users/buddhirajgautam/Library/Developer/Xcode/DerivedData/Telegram-Mac-fygdgghdgmuleoelvxabfmqiotta/Build/Intermediates.noindex/ExplicitPrecompiledModules/QuartzCore-3IMZW3KOICORSN4BRTO9K7UON.scan

ScanDependencies /Users/buddhirajgautam/Library/Developer/Xcode/DerivedData/Telegram-Mac-fygdgghdgmuleoelvxabfmqiotta/Build/Intermediates.noindex/GoogleDataTransport.build/Debug/GoogleDataTransport-t.build/Objects-normal/arm64/GDTCCTNanopbHelpers.o /Users/buddhirajgautam/Library/Developer/Xcode/DerivedData/Telegram-Mac-fygdgghdgmuleoelvxabfmqiotta/SourcePackages/checkouts/GoogleDataTransport/GoogleDataTransport/GDTCCTLibrary/GDTCCTNanopbHelpers.m normal arm64 objective-c com.apple.compilers.llvm.clang.1_0.compiler (in target 'GoogleDataTransport' from project 'GoogleDataTransport')
    cd /Users/buddhirajgautam/Documents/Cherrygram-Mac/macOS-Swift
    
    Using response file: /Users/buddhirajgautam/Library/Developer/Xcode/DerivedData/Telegram-Mac-fygdgghdgmuleoelvxabfmqiotta/Build/Intermediates.noindex/GoogleDataTransport.build/Debug/GoogleDataTransport-t.build/Objects-normal/arm64/e6072d4f65d7061329687fe24e3d63a7-common-args.resp
    
    builtin-ScanDependencies -o /Users/buddhirajgautam/Library/Developer/Xcode/DerivedData/Telegram-Mac-fygdgghdgmuleoelvxabfmqiotta/Build/Intermediates.noindex/GoogleDataTransport.build/Debug/GoogleDataTransport-t.build/Objects-normal/arm64/GDTCCTNanopbHelpers.o.scan -- /Applications/Xcode.app/Contents/Developer/Toolchains/XcodeDefault.xctoolchain/usr/bin/clang -x objective-c -ivfsstatcache /Users/buddhirajgautam/Library/Developer/Xcode/DerivedData/SDKStatCaches.noindex/macosx27.0-26A425-e829b21a6f8c9b70876ba0858053c0447231f6df4def33e022ae2eb8f782df1a.sdkstatcache -target arm64-apple-macos12.0 -fmessage-length\=0 -fdiagnostics-show-note-include-stack -fmacro-backtrace-limit\=0 -fno-color-diagnostics -fmodules-prune-interval\=86400 -fmodules-prune-after\=345600 -fbuild-session-file\=/Users/buddhirajgautam/Library/Developer/Xcode/DerivedData/ModuleCache.noindex/Session.modulevalidation -fmodules-validate-once-per-build-session -Wnon-modular-include-in-framework-module -Werror\=non-modular-include-in-framework-module -Wno-trigraphs -Wno-missing-field-initializers -Wno-missing-prototypes -Wno-return-type -Wno-implicit-atomic-properties -Wno-objc-interface-ivars -Wno-arc-repeated-use-of-weak -Wno-missing-braces -Wparentheses -Wswitch -Wno-unused-function -Wno-unused-label -Wno-unused-parameter -Wno-unused-variable -Wunused-value -Wno-empty-body -Wno-uninitialized -Wno-unknown-pragmas -w -Wno-shadow -Wno-four-char-constants -Wno-conversion -Wno-constant-conversion -Wno-int-conversion -Wno-bool-conversion -Wno-enum-conversion -Wno-float-conversion -Wno-non-literal-null-conversion -Wno-objc-literal-conversion -Wshorten-64-to-32 -Wpointer-sign -Wno-newline-eof -Wno-selector -Wno-strict-selector-match -Wno-undeclared-selector -Wno-deprecated-implementations -Wno-implicit-fallthrough -isysroot /Applications/Xcode.app/Contents/Developer/Platforms/MacOSX.platform/Developer/SDKs/MacOSX27.0.sdk -fstrict-aliasing -Wprotocol -Wdeprecated-declarations -Wno-sign-conversion -Wno-infinite-recursion -Wno-comma -Wno-block-capture-autoreleasing -Wno-strict-prototypes -Wno-semicolon-before-method-body -index-store-path /Users/buddhirajgautam/Library/Developer/Xcode/DerivedData/Telegram-Mac-fygdgghdgmuleoelvxabfmqiotta/Index.noindex/DataStore @/Users/buddhirajgautam/Library/Developer/Xcode/DerivedData/Telegram-Mac-fygdgghdgmuleoelvxabfmqiotta/Build/Intermediates.noindex/GoogleDataTransport.build/Debug/GoogleDataTransport-t.build/Objects-normal/arm64/e6072d4f65d7061329687fe24e3d63a7-common-args.resp -include /Users/buddhirajgautam/Library/Developer/Xcode/DerivedData/Telegram-Mac-fygdgghdgmuleoelvxabfmqiotta/Build/Intermediates.noindex/GoogleDataTransport.build/Debug/GoogleDataTransport-t.build/DerivedSources/resource_bundle_accessor.h -MMD -MT dependencies -MF /Users/buddhirajgautam/Library/Developer/Xcode/DerivedData/Telegram-Mac-fygdgghdgmuleoelvxabfmqiotta/Build/Intermediates.noindex/GoogleDataTransport.build/Debug/GoogleDataTransport-t.build/Objects-normal/arm64/GDTCCTNanopbHelpers.d --serialize-diagnostics /Users/buddhirajgautam/Library/Developer/Xcode/DerivedData/Telegram-Mac-fygdgghdgmuleoelvxabfmqiotta/Build/Intermediates.noindex/GoogleDataTransport.build/Debug/GoogleDataTransport-t.build/Objects-normal/arm64/GDTCCTNanopbHelpers.dia -c /Users/buddhirajgautam/Library/Developer/Xcode/DerivedData/Telegram-Mac-fygdgghdgmuleoelvxabfmqiotta/SourcePackages/checkouts/GoogleDataTransport/GoogleDataTransport/GDTCCTLibrary/GDTCCTNanopbHelpers.m -o /Users/buddhirajgautam/Library/Developer/Xcode/DerivedData/Telegram-Mac-fygdgghdgmuleoelvxabfmqiotta/Build/Intermediates.noindex/GoogleDataTransport.build/Debug/GoogleDataTransport-t.build/Objects-normal/arm64/GDTCCTNanopbHelpers.o -index-unit-output-path /GoogleDataTransport.build/Debug/GoogleDataTransport-t.build/Objects-normal/arm64/GDTCCTNanopbHelpers.o

ScanDependencies /Users/buddhirajgautam/Library/Developer/Xcode/DerivedData/Telegram-Mac-fygdgghdgmuleoelvxabfmqiotta/Build/Intermediates.noindex/GoogleDataTransport.build/Debug/GoogleDataTransport-t.build/Objects-normal/arm64/GDTCCTCompressionHelper.o /Users/buddhirajgautam/Library/Developer/Xcode/DerivedData/Telegram-Mac-fygdgghdgmuleoelvxabfmqiotta/SourcePackages/checkouts/GoogleDataTransport/GoogleDataTransport/GDTCCTLibrary/GDTCCTCompressionHelper.m normal arm64 objective-c com.apple.compilers.llvm.clang.1_0.compiler (in target 'GoogleDataTransport' from project 'GoogleDataTransport')
    cd /Users/buddhirajgautam/Documents/Cherrygram-Mac/macOS-Swift
    
    Using response file: /Users/buddhirajgautam/Library/Developer/Xcode/DerivedData/Telegram-Mac-fygdgghdgmuleoelvxabfmqiotta/Build/Intermediates.noindex/GoogleDataTransport.build/Debug/GoogleDataTransport-t.build/Objects-normal/arm64/e6072d4f65d7061329687fe24e3d63a7-common-args.resp
    
    builtin-ScanDependencies -o /Users/buddhirajgautam/Library/Developer/Xcode/DerivedData/Telegram-Mac-fygdgghdgmuleoelvxabfmqiotta/Build/Intermediates.noindex/GoogleDataTransport.build/Debug/GoogleDataTransport-t.build/Objects-normal/arm64/GDTCCTCompressionHelper.o.scan -- /Applications/Xcode.app/Contents/Developer/Toolchains/XcodeDefault.xctoolchain/usr/bin/clang -x objective-c -ivfsstatcache /Users/buddhirajgautam/Library/Developer/Xcode/DerivedData/SDKStatCaches.noindex/macosx27.0-26A425-e829b21a6f8c9b70876ba0858053c0447231f6df4def33e022ae2eb8f782df1a.sdkstatcache -target arm64-apple-macos12.0 -fmessage-length\=0 -fdiagnostics-show-note-include-stack -fmacro-backtrace-limit\=0 -fno-color-diagnostics -fmodules-prune-interval\=86400 -fmodules-prune-after\=345600 -fbuild-session-file\=/Users/buddhirajgautam/Library/Developer/Xcode/DerivedData/ModuleCache.noindex/Session.modulevalidation -fmodules-validate-once-per-build-session -Wnon-modular-include-in-framework-module -Werror\=non-modular-include-in-framework-module -Wno-trigraphs -Wno-missing-field-initializers -Wno-missing-prototypes -Wno-return-type -Wno-implicit-atomic-properties -Wno-objc-interface-ivars -Wno-arc-repeated-use-of-weak -Wno-missing-braces -Wparentheses -Wswitch -Wno-unused-function -Wno-unused-label -Wno-unused-parameter -Wno-unused-variable -Wunused-value -Wno-empty-body -Wno-uninitialized -Wno-unknown-pragmas -w -Wno-shadow -Wno-four-char-constants -Wno-conversion -Wno-constant-conversion -Wno-int-conversion -Wno-bool-conversion -Wno-enum-conversion -Wno-float-conversion -Wno-non-literal-null-conversion -Wno-objc-literal-conversion -Wshorten-64-to-32 -Wpointer-sign -Wno-newline-eof -Wno-selector -Wno-strict-selector-match -Wno-undeclared-selector -Wno-deprecated-implementations -Wno-implicit-fallthrough -isysroot /Applications/Xcode.app/Contents/Developer/Platforms/MacOSX.platform/Developer/SDKs/MacOSX27.0.sdk -fstrict-aliasing -Wprotocol -Wdeprecated-declarations -Wno-sign-conversion -Wno-infinite-recursion -Wno-comma -Wno-block-capture-autoreleasing -Wno-strict-prototypes -Wno-semicolon-before-method-body -index-store-path /Users/buddhirajgautam/Library/Developer/Xcode/DerivedData/Telegram-Mac-fygdgghdgmuleoelvxabfmqiotta/Index.noindex/DataStore @/Users/buddhirajgautam/Library/Developer/Xcode/DerivedData/Telegram-Mac-fygdgghdgmuleoelvxabfmqiotta/Build/Intermediates.noindex/GoogleDataTransport.build/Debug/GoogleDataTransport-t.build/Objects-normal/arm64/e6072d4f65d7061329687fe24e3d63a7-common-args.resp -include /Users/buddhirajgautam/Library/Developer/Xcode/DerivedData/Telegram-Mac-fygdgghdgmuleoelvxabfmqiotta/Build/Intermediates.noindex/GoogleDataTransport.build/Debug/GoogleDataTransport-t.build/DerivedSources/resource_bundle_accessor.h -MMD -MT dependencies -MF /Users/buddhirajgautam/Library/Developer/Xcode/DerivedData/Telegram-Mac-fygdgghdgmuleoelvxabfmqiotta/Build/Intermediates.noindex/GoogleDataTransport.build/Debug/GoogleDataTransport-t.build/Objects-normal/arm64/GDTCCTCompressionHelper.d --serialize-diagnostics /Users/buddhirajgautam/Library/Developer/Xcode/DerivedData/Telegram-Mac-fygdgghdgmuleoelvxabfmqiotta/Build/Intermediates.noindex/GoogleDataTransport.build/Debug/GoogleDataTransport-t.build/Objects-normal/arm64/GDTCCTCompressionHelper.dia -c /Users/buddhirajgautam/Library/Developer/Xcode/DerivedData/Telegram-Mac-fygdgghdgmuleoelvxabfmqiotta/SourcePackages/checkouts/GoogleDataTransport/GoogleDataTransport/GDTCCTLibrary/GDTCCTCompressionHelper.m -o /Users/buddhirajgautam/Library/Developer/Xcode/DerivedData/Telegram-Mac-fygdgghdgmuleoelvxabfmqiotta/Build/Intermediates.noindex/GoogleDataTransport.build/Debug/GoogleDataTransport-t.build/Objects-normal/arm64/GDTCCTCompressionHelper.o -index-unit-output-path /GoogleDataTransport.build/Debug/GoogleDataTransport-t.build/Objects-normal/arm64/GDTCCTCompressionHelper.o

ScanDependencies /Users/buddhirajgautam/Library/Developer/Xcode/DerivedData/Telegram-Mac-fygdgghdgmuleoelvxabfmqiotta/Build/Intermediates.noindex/GoogleAppMeasurement.build/Debug/GoogleAppMeasurementTarget-t.build/Objects-normal/arm64/dummy.o /Users/buddhirajgautam/Library/Developer/Xcode/DerivedData/Telegram-Mac-fygdgghdgmuleoelvxabfmqiotta/SourcePackages/checkouts/GoogleAppMeasurement/GoogleAppMeasurementWrapper/dummy.m normal arm64 objective-c com.apple.compilers.llvm.clang.1_0.compiler (in target 'GoogleAppMeasurementTarget' from project 'GoogleAppMeasurement')
    cd /Users/buddhirajgautam/Documents/Cherrygram-Mac/macOS-Swift
    
    Using response file: /Users/buddhirajgautam/Library/Developer/Xcode/DerivedData/Telegram-Mac-fygdgghdgmuleoelvxabfmqiotta/Build/Intermediates.noindex/GoogleAppMeasurement.build/Debug/GoogleAppMeasurementTarget-t.build/Objects-normal/arm64/e6072d4f65d7061329687fe24e3d63a7-common-args.resp
    
    builtin-ScanDependencies -o /Users/buddhirajgautam/Library/Developer/Xcode/DerivedData/Telegram-Mac-fygdgghdgmuleoelvxabfmqiotta/Build/Intermediates.noindex/GoogleAppMeasurement.build/Debug/GoogleAppMeasurementTarget-t.build/Objects-normal/arm64/dummy.o.scan -- /Applications/Xcode.app/Contents/Developer/Toolchains/XcodeDefault.xctoolchain/usr/bin/clang -x objective-c -ivfsstatcache /Users/buddhirajgautam/Library/Developer/Xcode/DerivedData/SDKStatCaches.noindex/macosx27.0-26A425-e829b21a6f8c9b70876ba0858053c0447231f6df4def33e022ae2eb8f782df1a.sdkstatcache -target arm64-apple-macos12.0 -fmessage-length\=0 -fdiagnostics-show-note-include-stack -fmacro-backtrace-limit\=0 -fno-color-diagnostics -fmodules-prune-interval\=86400 -fmodules-prune-after\=345600 -fbuild-session-file\=/Users/buddhirajgautam/Library/Developer/Xcode/DerivedData/ModuleCache.noindex/Session.modulevalidation -fmodules-validate-once-per-build-session -Wnon-modular-include-in-framework-module -Werror\=non-modular-include-in-framework-module -Wno-trigraphs -Wno-missing-field-initializers -Wno-missing-prototypes -Wno-return-type -Wno-implicit-atomic-properties -Wno-objc-interface-ivars -Wno-arc-repeated-use-of-weak -Wno-missing-braces -Wparentheses -Wswitch -Wno-unused-function -Wno-unused-label -Wno-unused-parameter -Wno-unused-variable -Wunused-value -Wno-empty-body -Wno-uninitialized -Wno-unknown-pragmas -w -Wno-shadow -Wno-four-char-constants -Wno-conversion -Wno-constant-conversion -Wno-int-conversion -Wno-bool-conversion -Wno-enum-conversion -Wno-float-conversion -Wno-non-literal-null-conversion -Wno-objc-literal-conversion -Wshorten-64-to-32 -Wpointer-sign -Wno-newline-eof -Wno-selector -Wno-strict-selector-match -Wno-undeclared-selector -Wno-deprecated-implementations -Wno-implicit-fallthrough -isysroot /Applications/Xcode.app/Contents/Developer/Platforms/MacOSX.platform/Developer/SDKs/MacOSX27.0.sdk -fstrict-aliasing -Wprotocol -Wdeprecated-declarations -Wno-sign-conversion -Wno-infinite-recursion -Wno-comma -Wno-block-capture-autoreleasing -Wno-strict-prototypes -Wno-semicolon-before-method-body -index-store-path /Users/buddhirajgautam/Library/Developer/Xcode/DerivedData/Telegram-Mac-fygdgghdgmuleoelvxabfmqiotta/Index.noindex/DataStore @/Users/buddhirajgautam/Library/Developer/Xcode/DerivedData/Telegram-Mac-fygdgghdgmuleoelvxabfmqiotta/Build/Intermediates.noindex/GoogleAppMeasurement.build/Debug/GoogleAppMeasurementTarget-t.build/Objects-normal/arm64/e6072d4f65d7061329687fe24e3d63a7-common-args.resp -MMD -MT dependencies -MF /Users/buddhirajgautam/Library/Developer/Xcode/DerivedData/Telegram-Mac-fygdgghdgmuleoelvxabfmqiotta/Build/Intermediates.noindex/GoogleAppMeasurement.build/Debug/GoogleAppMeasurementTarget-t.build/Objects-normal/arm64/dummy.d --serialize-diagnostics /Users/buddhirajgautam/Library/Developer/Xcode/DerivedData/Telegram-Mac-fygdgghdgmuleoelvxabfmqiotta/Build/Intermediates.noindex/GoogleAppMeasurement.build/Debug/GoogleAppMeasurementTarget-t.build/Objects-normal/arm64/dummy.dia -c /Users/buddhirajgautam/Library/Developer/Xcode/DerivedData/Telegram-Mac-fygdgghdgmuleoelvxabfmqiotta/SourcePackages/checkouts/GoogleAppMeasurement/GoogleAppMeasurementWrapper/dummy.m -o /Users/buddhirajgautam/Library/Developer/Xcode/DerivedData/Telegram-Mac-fygdgghdgmuleoelvxabfmqiotta/Build/Intermediates.noindex/GoogleAppMeasurement.build/Debug/GoogleAppMeasurementTarget-t.build/Objects-normal/arm64/dummy.o -index-unit-output-path /GoogleAppMeasurement.build/Debug/GoogleAppMeasurementTarget-t.build/Objects-normal/arm64/dummy.o

ScanDependencies /Users/buddhirajgautam/Library/Developer/Xcode/DerivedData/Telegram-Mac-fygdgghdgmuleoelvxabfmqiotta/Build/Intermediates.noindex/GZIP.build/Debug/GZIP-t.build/Objects-normal/arm64/GZip.o /Users/buddhirajgautam/Documents/Cherrygram-Mac/macOS-Swift/packages/GZIP/Sources/GZIP/GZip.m normal arm64 objective-c com.apple.compilers.llvm.clang.1_0.compiler (in target 'GZIP' from project 'GZIP')
    cd /Users/buddhirajgautam/Documents/Cherrygram-Mac/macOS-Swift
    
    Using response file: /Users/buddhirajgautam/Library/Developer/Xcode/DerivedData/Telegram-Mac-fygdgghdgmuleoelvxabfmqiotta/Build/Intermediates.noindex/GZIP.build/Debug/GZIP-t.build/Objects-normal/arm64/e6072d4f65d7061329687fe24e3d63a7-common-args.resp
    
    builtin-ScanDependencies -o /Users/buddhirajgautam/Library/Developer/Xcode/DerivedData/Telegram-Mac-fygdgghdgmuleoelvxabfmqiotta/Build/Intermediates.noindex/GZIP.build/Debug/GZIP-t.build/Objects-normal/arm64/GZip.o.scan -- /Applications/Xcode.app/Contents/Developer/Toolchains/XcodeDefault.xctoolchain/usr/bin/clang -x objective-c -ivfsstatcache /Users/buddhirajgautam/Library/Developer/Xcode/DerivedData/SDKStatCaches.noindex/macosx27.0-26A425-e829b21a6f8c9b70876ba0858053c0447231f6df4def33e022ae2eb8f782df1a.sdkstatcache -target arm64-apple-macos12.0 -fmessage-length\=0 -fdiagnostics-show-note-include-stack -fmacro-backtrace-limit\=0 -fno-color-diagnostics -fmodules-prune-interval\=86400 -fmodules-prune-after\=345600 -fbuild-session-file\=/Users/buddhirajgautam/Library/Developer/Xcode/DerivedData/ModuleCache.noindex/Session.modulevalidation -fmodules-validate-once-per-build-session -Wnon-modular-include-in-framework-module -Werror\=non-modular-include-in-framework-module -Wno-trigraphs -Wno-missing-field-initializers -Wno-missing-prototypes -Wno-return-type -Wno-implicit-atomic-properties -Wno-objc-interface-ivars -Wno-arc-repeated-use-of-weak -Wno-missing-braces -Wparentheses -Wswitch -Wno-unused-function -Wno-unused-label -Wno-unused-parameter -Wno-unused-variable -Wunused-value -Wno-empty-body -Wno-uninitialized -Wno-unknown-pragmas -Wno-shadow -Wno-four-char-constants -Wno-conversion -Wno-constant-conversion -Wno-int-conversion -Wno-bool-conversion -Wno-enum-conversion -Wno-float-conversion -Wno-non-literal-null-conversion -Wno-objc-literal-conversion -Wshorten-64-to-32 -Wpointer-sign -Wno-newline-eof -Wno-selector -Wno-strict-selector-match -Wno-undeclared-selector -Wno-deprecated-implementations -Wno-implicit-fallthrough -isysroot /Applications/Xcode.app/Contents/Developer/Platforms/MacOSX.platform/Developer/SDKs/MacOSX27.0.sdk -fstrict-aliasing -Wprotocol -Wdeprecated-declarations -Wno-sign-conversion -Wno-infinite-recursion -Wno-comma -Wno-block-capture-autoreleasing -Wno-strict-prototypes -Wno-semicolon-before-method-body -index-store-path /Users/buddhirajgautam/Library/Developer/Xcode/DerivedData/Telegram-Mac-fygdgghdgmuleoelvxabfmqiotta/Index.noindex/DataStore @/Users/buddhirajgautam/Library/Developer/Xcode/DerivedData/Telegram-Mac-fygdgghdgmuleoelvxabfmqiotta/Build/Intermediates.noindex/GZIP.build/Debug/GZIP-t.build/Objects-normal/arm64/e6072d4f65d7061329687fe24e3d63a7-common-args.resp -MMD -MT dependencies -MF /Users/buddhirajgautam/Library/Developer/Xcode/DerivedData/Telegram-Mac-fygdgghdgmuleoelvxabfmqiotta/Build/Intermediates.noindex/GZIP.build/Debug/GZIP-t.build/Objects-normal/arm64/GZip.d --serialize-diagnostics /Users/buddhirajgautam/Library/Developer/Xcode/DerivedData/Telegram-Mac-fygdgghdgmuleoelvxabfmqiotta/Build/Intermediates.noindex/GZIP.build/Debug/GZIP-t.build/Objects-normal/arm64/GZip.dia -c /Users/buddhirajgautam/Documents/Cherrygram-Mac/macOS-Swift/packages/GZIP/Sources/GZIP/GZip.m -o /Users/buddhirajgautam/Library/Developer/Xcode/DerivedData/Telegram-Mac-fygdgghdgmuleoelvxabfmqiotta/Build/Intermediates.noindex/GZIP.build/Debug/GZIP-t.build/Objects-normal/arm64/GZip.o -index-unit-output-path /GZIP.build/Debug/GZIP-t.build/Objects-normal/arm64/GZip.o

CompileC /Users/buddhirajgautam/Library/Developer/Xcode/DerivedData/Telegram-Mac-fygdgghdgmuleoelvxabfmqiotta/Build/Intermediates.noindex/GoogleAppMeasurement.build/Debug/GoogleAppMeasurementTarget-t.build/Objects-normal/arm64/dummy.o /Users/buddhirajgautam/Library/Developer/Xcode/DerivedData/Telegram-Mac-fygdgghdgmuleoelvxabfmqiotta/SourcePackages/checkouts/GoogleAppMeasurement/GoogleAppMeasurementWrapper/dummy.m normal arm64 objective-c com.apple.compilers.llvm.clang.1_0.compiler (in target 'GoogleAppMeasurementTarget' from project 'GoogleAppMeasurement')
    cd /Users/buddhirajgautam/Documents/Cherrygram-Mac/macOS-Swift
    
    Using response file: /Users/buddhirajgautam/Library/Developer/Xcode/DerivedData/Telegram-Mac-fygdgghdgmuleoelvxabfmqiotta/Build/Intermediates.noindex/GoogleAppMeasurement.build/Debug/GoogleAppMeasurementTarget-t.build/Objects-normal/arm64/e6072d4f65d7061329687fe24e3d63a7-common-args.resp
    
    /Applications/Xcode.app/Contents/Developer/Toolchains/XcodeDefault.xctoolchain/usr/bin/clang -x objective-c -ivfsstatcache /Users/buddhirajgautam/Library/Developer/Xcode/DerivedData/SDKStatCaches.noindex/macosx27.0-26A425-e829b21a6f8c9b70876ba0858053c0447231f6df4def33e022ae2eb8f782df1a.sdkstatcache -target arm64-apple-macos12.0 -fmessage-length\=0 -fdiagnostics-show-note-include-stack -fmacro-backtrace-limit\=0 -fno-color-diagnostics -fmodules-prune-interval\=86400 -fmodules-prune-after\=345600 -fbuild-session-file\=/Users/buddhirajgautam/Library/Developer/Xcode/DerivedData/ModuleCache.noindex/Session.modulevalidation -fmodules-validate-once-per-build-session -Wnon-modular-include-in-framework-module -Werror\=non-modular-include-in-framework-module -Wno-trigraphs -Wno-missing-field-initializers -Wno-missing-prototypes -Wno-return-type -Wno-implicit-atomic-properties -Wno-objc-interface-ivars -Wno-arc-repeated-use-of-weak -Wno-missing-braces -Wparentheses -Wswitch -Wno-unused-function -Wno-unused-label -Wno-unused-parameter -Wno-unused-variable -Wunused-value -Wno-empty-body -Wno-uninitialized -Wno-unknown-pragmas -w -Wno-shadow -Wno-four-char-constants -Wno-conversion -Wno-constant-conversion -Wno-int-conversion -Wno-bool-conversion -Wno-enum-conversion -Wno-float-conversion -Wno-non-literal-null-conversion -Wno-objc-literal-conversion -Wshorten-64-to-32 -Wpointer-sign -Wno-newline-eof -Wno-selector -Wno-strict-selector-match -Wno-undeclared-selector -Wno-deprecated-implementations -Wno-implicit-fallthrough -isysroot /Applications/Xcode.app/Contents/Developer/Platforms/MacOSX.platform/Developer/SDKs/MacOSX27.0.sdk -fstrict-aliasing -Wprotocol -Wdeprecated-declarations -Wno-sign-conversion -Wno-infinite-recursion -Wno-comma -Wno-block-capture-autoreleasing -Wno-strict-prototypes -Wno-semicolon-before-method-body -index-store-path /Users/buddhirajgautam/Library/Developer/Xcode/DerivedData/Telegram-Mac-fygdgghdgmuleoelvxabfmqiotta/Index.noindex/DataStore @/Users/buddhirajgautam/Library/Developer/Xcode/DerivedData/Telegram-Mac-fygdgghdgmuleoelvxabfmqiotta/Build/Intermediates.noindex/GoogleAppMeasurement.build/Debug/GoogleAppMeasurementTarget-t.build/Objects-normal/arm64/e6072d4f65d7061329687fe24e3d63a7-common-args.resp -MMD -MT dependencies -MF /Users/buddhirajgautam/Library/Developer/Xcode/DerivedData/Telegram-Mac-fygdgghdgmuleoelvxabfmqiotta/Build/Intermediates.noindex/GoogleAppMeasurement.build/Debug/GoogleAppMeasurementTarget-t.build/Objects-normal/arm64/dummy.d --serialize-diagnostics /Users/buddhirajgautam/Library/Developer/Xcode/DerivedData/Telegram-Mac-fygdgghdgmuleoelvxabfmqiotta/Build/Intermediates.noindex/GoogleAppMeasurement.build/Debug/GoogleAppMeasurementTarget-t.build/Objects-normal/arm64/dummy.dia -c /Users/buddhirajgautam/Library/Developer/Xcode/DerivedData/Telegram-Mac-fygdgghdgmuleoelvxabfmqiotta/SourcePackages/checkouts/GoogleAppMeasurement/GoogleAppMeasurementWrapper/dummy.m -o /Users/buddhirajgautam/Library/Developer/Xcode/DerivedData/Telegram-Mac-fygdgghdgmuleoelvxabfmqiotta/Build/Intermediates.noindex/GoogleAppMeasurement.build/Debug/GoogleAppMeasurementTarget-t.build/Objects-normal/arm64/dummy.o -index-unit-output-path /GoogleAppMeasurement.build/Debug/GoogleAppMeasurementTarget-t.build/Objects-normal/arm64/dummy.o

SwiftCompile normal arm64 Compiling\ Tuple.swift /Users/buddhirajgautam/Documents/Cherrygram-Mac/macOS-Swift/packages/FoundationUtils/Sources/FoundationUtils/Tuple.swift (in target 'FoundationUtils' from project 'FoundationUtils')

SwiftCompile normal arm64 /Users/buddhirajgautam/Documents/Cherrygram-Mac/macOS-Swift/packages/FoundationUtils/Sources/FoundationUtils/Tuple.swift (in target 'FoundationUtils' from project 'FoundationUtils')
    cd /Users/buddhirajgautam/Documents/Cherrygram-Mac/macOS-Swift
    builtin-SwiftPerFileCompile Tuple.swift

SwiftCompile normal arm64 Compiling\ ByteBuffer.swift,\ Constants.swift,\ Enum.swift /Users/buddhirajgautam/Documents/Cherrygram-Mac/macOS-Swift/submodules/telegram-ios/submodules/TelegramCore/FlatBuffers/Sources/ByteBuffer.swift /Users/buddhirajgautam/Documents/Cherrygram-Mac/macOS-Swift/submodules/telegram-ios/submodules/TelegramCore/FlatBuffers/Sources/Constants.swift /Users/buddhirajgautam/Documents/Cherrygram-Mac/macOS-Swift/submodules/telegram-ios/submodules/TelegramCore/FlatBuffers/Sources/Enum.swift (in target 'FlatBuffers' from project 'FlatBuffers')
/Users/buddhirajgautam/Documents/Cherrygram-Mac/macOS-Swift/submodules/telegram-ios/submodules/TelegramCore/FlatBuffers/Sources/ByteBuffer.swift:379:5: warning: result of call to 'withUnsafePointer(to:_:)' is unused [#NoUsage]
377 |     assert(index < _storage.capacity, "Write index is out of writing bound")
378 |     assert(index >= 0, "Writer index should be above zero")
379 |     withUnsafePointer(to: value) {
    |     `- warning: result of call to 'withUnsafePointer(to:_:)' is unused [#NoUsage]
380 |       memcpy(
381 |         _storage.memory.advanced(by: index),

[#NoUsage]: <https://docs.swift.org/compiler/documentation/diagnostics/no-usage>

SwiftCompile normal arm64 /Users/buddhirajgautam/Documents/Cherrygram-Mac/macOS-Swift/submodules/telegram-ios/submodules/TelegramCore/FlatBuffers/Sources/ByteBuffer.swift (in target 'FlatBuffers' from project 'FlatBuffers')
    cd /Users/buddhirajgautam/Documents/Cherrygram-Mac/macOS-Swift
    builtin-SwiftPerFileCompile ByteBuffer.swift

SwiftCompile normal arm64 /Users/buddhirajgautam/Documents/Cherrygram-Mac/macOS-Swift/submodules/telegram-ios/submodules/TelegramCore/FlatBuffers/Sources/Constants.swift (in target 'FlatBuffers' from project 'FlatBuffers')
    cd /Users/buddhirajgautam/Documents/Cherrygram-Mac/macOS-Swift
    builtin-SwiftPerFileCompile Constants.swift

SwiftCompile normal arm64 /Users/buddhirajgautam/Documents/Cherrygram-Mac/macOS-Swift/submodules/telegram-ios/submodules/TelegramCore/FlatBuffers/Sources/Enum.swift (in target 'FlatBuffers' from project 'FlatBuffers')
    cd /Users/buddhirajgautam/Documents/Cherrygram-Mac/macOS-Swift
    builtin-SwiftPerFileCompile Enum.swift

PrecompileModule /Users/buddhirajgautam/Library/Developer/Xcode/DerivedData/Telegram-Mac-fygdgghdgmuleoelvxabfmqiotta/Build/Intermediates.noindex/ExplicitPrecompiledModules/zlib-AYAIBSFMVQEQ4HYZTFFW84WA9.scan
    cd /
    builtin-precompileModule /Users/buddhirajgautam/Library/Developer/Xcode/DerivedData/Telegram-Mac-fygdgghdgmuleoelvxabfmqiotta/Build/Intermediates.noindex/ExplicitPrecompiledModules/zlib-AYAIBSFMVQEQ4HYZTFFW84WA9.scan

SwiftCompile normal arm64 Compiling\ FlatbuffersErrors.swift,\ Int+extension.swift,\ Message.swift /Users/buddhirajgautam/Documents/Cherrygram-Mac/macOS-Swift/submodules/telegram-ios/submodules/TelegramCore/FlatBuffers/Sources/FlatbuffersErrors.swift /Users/buddhirajgautam/Documents/Cherrygram-Mac/macOS-Swift/submodules/telegram-ios/submodules/TelegramCore/FlatBuffers/Sources/Int+extension.swift /Users/buddhirajgautam/Documents/Cherrygram-Mac/macOS-Swift/submodules/telegram-ios/submodules/TelegramCore/FlatBuffers/Sources/Message.swift (in target 'FlatBuffers' from project 'FlatBuffers')

SwiftCompile normal arm64 /Users/buddhirajgautam/Documents/Cherrygram-Mac/macOS-Swift/submodules/telegram-ios/submodules/TelegramCore/FlatBuffers/Sources/FlatbuffersErrors.swift (in target 'FlatBuffers' from project 'FlatBuffers')
    cd /Users/buddhirajgautam/Documents/Cherrygram-Mac/macOS-Swift
    builtin-SwiftPerFileCompile FlatbuffersErrors.swift

SwiftCompile normal arm64 /Users/buddhirajgautam/Documents/Cherrygram-Mac/macOS-Swift/submodules/telegram-ios/submodules/TelegramCore/FlatBuffers/Sources/Int+extension.swift (in target 'FlatBuffers' from project 'FlatBuffers')
    cd /Users/buddhirajgautam/Documents/Cherrygram-Mac/macOS-Swift
    builtin-SwiftPerFileCompile Int+extension.swift

SwiftCompile normal arm64 /Users/buddhirajgautam/Documents/Cherrygram-Mac/macOS-Swift/submodules/telegram-ios/submodules/TelegramCore/FlatBuffers/Sources/Message.swift (in target 'FlatBuffers' from project 'FlatBuffers')
    cd /Users/buddhirajgautam/Documents/Cherrygram-Mac/macOS-Swift
    builtin-SwiftPerFileCompile Message.swift

SwiftCompile normal arm64 Compiling\ Mutable.swift,\ NativeObject.swift,\ Offset.swift /Users/buddhirajgautam/Documents/Cherrygram-Mac/macOS-Swift/submodules/telegram-ios/submodules/TelegramCore/FlatBuffers/Sources/Mutable.swift /Users/buddhirajgautam/Documents/Cherrygram-Mac/macOS-Swift/submodules/telegram-ios/submodules/TelegramCore/FlatBuffers/Sources/NativeObject.swift /Users/buddhirajgautam/Documents/Cherrygram-Mac/macOS-Swift/submodules/telegram-ios/submodules/TelegramCore/FlatBuffers/Sources/Offset.swift (in target 'FlatBuffers' from project 'FlatBuffers')

SwiftCompile normal arm64 /Users/buddhirajgautam/Documents/Cherrygram-Mac/macOS-Swift/submodules/telegram-ios/submodules/TelegramCore/FlatBuffers/Sources/Mutable.swift (in target 'FlatBuffers' from project 'FlatBuffers')
    cd /Users/buddhirajgautam/Documents/Cherrygram-Mac/macOS-Swift
    builtin-SwiftPerFileCompile Mutable.swift

SwiftCompile normal arm64 /Users/buddhirajgautam/Documents/Cherrygram-Mac/macOS-Swift/submodules/telegram-ios/submodules/TelegramCore/FlatBuffers/Sources/NativeObject.swift (in target 'FlatBuffers' from project 'FlatBuffers')
    cd /Users/buddhirajgautam/Documents/Cherrygram-Mac/macOS-Swift
    builtin-SwiftPerFileCompile NativeObject.swift

SwiftCompile normal arm64 /Users/buddhirajgautam/Documents/Cherrygram-Mac/macOS-Swift/submodules/telegram-ios/submodules/TelegramCore/FlatBuffers/Sources/Offset.swift (in target 'FlatBuffers' from project 'FlatBuffers')
    cd /Users/buddhirajgautam/Documents/Cherrygram-Mac/macOS-Swift
    builtin-SwiftPerFileCompile Offset.swift

SwiftCompile normal arm64 Compiling\ Struct.swift,\ Table.swift /Users/buddhirajgautam/Documents/Cherrygram-Mac/macOS-Swift/submodules/telegram-ios/submodules/TelegramCore/FlatBuffers/Sources/Struct.swift /Users/buddhirajgautam/Documents/Cherrygram-Mac/macOS-Swift/submodules/telegram-ios/submodules/TelegramCore/FlatBuffers/Sources/Table.swift (in target 'FlatBuffers' from project 'FlatBuffers')

SwiftCompile normal arm64 /Users/buddhirajgautam/Documents/Cherrygram-Mac/macOS-Swift/submodules/telegram-ios/submodules/TelegramCore/FlatBuffers/Sources/Struct.swift (in target 'FlatBuffers' from project 'FlatBuffers')
    cd /Users/buddhirajgautam/Documents/Cherrygram-Mac/macOS-Swift
    builtin-SwiftPerFileCompile Struct.swift

SwiftCompile normal arm64 /Users/buddhirajgautam/Documents/Cherrygram-Mac/macOS-Swift/submodules/telegram-ios/submodules/TelegramCore/FlatBuffers/Sources/Table.swift (in target 'FlatBuffers' from project 'FlatBuffers')
    cd /Users/buddhirajgautam/Documents/Cherrygram-Mac/macOS-Swift
    builtin-SwiftPerFileCompile Table.swift

PrecompileModule /Users/buddhirajgautam/Library/Developer/Xcode/DerivedData/Telegram-Mac-fygdgghdgmuleoelvxabfmqiotta/Build/Intermediates.noindex/ExplicitPrecompiledModules/AppKit-3V2LT7C1G8HKK20SHL8WETM6.scan
    cd /
    builtin-precompileModule /Users/buddhirajgautam/Library/Developer/Xcode/DerivedData/Telegram-Mac-fygdgghdgmuleoelvxabfmqiotta/Build/Intermediates.noindex/ExplicitPrecompiledModules/AppKit-3V2LT7C1G8HKK20SHL8WETM6.scan

SwiftDriverJobDiscovery normal arm64 Compiling Tuple.swift (in target 'FoundationUtils' from project 'FoundationUtils')

SwiftDriver\ Compilation FoundationUtils normal arm64 com.apple.xcode.tools.swift.compiler (in target 'FoundationUtils' from project 'FoundationUtils')
    cd /Users/buddhirajgautam/Documents/Cherrygram-Mac/macOS-Swift
    builtin-Swift-Compilation -- /Applications/Xcode.app/Contents/Developer/Toolchains/XcodeDefault.xctoolchain/usr/bin/swiftc -parse-as-library -module-name FoundationUtils -Onone @/Users/buddhirajgautam/Library/Developer/Xcode/DerivedData/Telegram-Mac-fygdgghdgmuleoelvxabfmqiotta/Build/Intermediates.noindex/FoundationUtils.build/Debug/FoundationUtils-t.build/Objects-normal/arm64/FoundationUtils.SwiftFileList -DSWIFT_PACKAGE -DDEBUG -DSWIFT_MODULE_RESOURCE_BUNDLE_UNAVAILABLE -DXcode -plugin-path /Applications/Xcode.app/Contents/Developer/Toolchains/XcodeDefault.xctoolchain/usr/lib/swift/host/plugins/testing -enable-experimental-feature DebugDescriptionMacro -sdk /Applications/Xcode.app/Contents/Developer/Platforms/MacOSX.platform/Developer/SDKs/MacOSX27.0.sdk -target arm64-apple-macos12.0 -g -module-cache-path /Users/buddhirajgautam/Library/Developer/Xcode/DerivedData/ModuleCache.noindex -Xfrontend -serialize-debugging-options -profile-coverage-mapping -profile-generate -enable-testing -index-store-path /Users/buddhirajgautam/Library/Developer/Xcode/DerivedData/Telegram-Mac-fygdgghdgmuleoelvxabfmqiotta/Index.noindex/DataStore -Xcc -D_LIBCPP_HARDENING_MODE\=_LIBCPP_HARDENING_MODE_DEBUG -swift-version 5 -I /Users/buddhirajgautam/Library/Developer/Xcode/DerivedData/Telegram-Mac-fygdgghdgmuleoelvxabfmqiotta/Build/Products/Debug -Isystem /Applications/Xcode.app/Contents/Developer/Platforms/MacOSX.platform/Developer/usr/lib -F /Users/buddhirajgautam/Library/Developer/Xcode/DerivedData/Telegram-Mac-fygdgghdgmuleoelvxabfmqiotta/Build/Products/Debug -F /Applications/Xcode.app/Contents/Developer/Platforms/MacOSX.platform/Developer/Library/Frameworks -c -j8 -enable-batch-mode -incremental -Xcc -ivfsstatcache -Xcc /Users/buddhirajgautam/Library/Developer/Xcode/DerivedData/SDKStatCaches.noindex/macosx27.0-26A425-e829b21a6f8c9b70876ba0858053c0447231f6df4def33e022ae2eb8f782df1a.sdkstatcache -output-file-map /Users/buddhirajgautam/Library/Developer/Xcode/DerivedData/Telegram-Mac-fygdgghdgmuleoelvxabfmqiotta/Build/Intermediates.noindex/FoundationUtils.build/Debug/FoundationUtils-t.build/Objects-normal/arm64/FoundationUtils-OutputFileMap.json -save-temps -no-color-diagnostics -explicit-module-build -module-cache-path /Users/buddhirajgautam/Library/Developer/Xcode/DerivedData/Telegram-Mac-fygdgghdgmuleoelvxabfmqiotta/Build/Intermediates.noindex/SwiftExplicitPrecompiledModules -clang-scanner-module-cache-path /Users/buddhirajgautam/Library/Developer/Xcode/DerivedData/ModuleCache.noindex -sdk-module-cache-path /Users/buddhirajgautam/Library/Developer/Xcode/DerivedData/SDKExplicitPrecompiledModules -emit-dependencies -emit-module -emit-module-path /Users/buddhirajgautam/Library/Developer/Xcode/DerivedData/Telegram-Mac-fygdgghdgmuleoelvxabfmqiotta/Build/Intermediates.noindex/FoundationUtils.build/Debug/FoundationUtils-t.build/Objects-normal/arm64/FoundationUtils.swiftmodule -serialize-diagnostics -dependency-scan-serialize-diagnostics-path /Users/buddhirajgautam/Library/Developer/Xcode/DerivedData/Telegram-Mac-fygdgghdgmuleoelvxabfmqiotta/Build/Intermediates.noindex/FoundationUtils.build/Debug/FoundationUtils-t.build/Objects-normal/arm64/FoundationUtils-dependency-scan.dia -validate-clang-modules-once -clang-build-session-file /Users/buddhirajgautam/Library/Developer/Xcode/DerivedData/ModuleCache.noindex/Session.modulevalidation -Xcc -fmodules-prune-interval\=86400 -Xcc -fmodules-prune-after\=345600 -emit-const-values -const-gather-protocols-list /Users/buddhirajgautam/Library/Developer/Xcode/DerivedData/Telegram-Mac-fygdgghdgmuleoelvxabfmqiotta/Build/Intermediates.noindex/FoundationUtils.build/Debug/FoundationUtils-t.build/Objects-normal/arm64/FoundationUtils_const_extract_protocols.json -Xcc -I/Users/buddhirajgautam/Library/Developer/Xcode/DerivedData/Telegram-Mac-fygdgghdgmuleoelvxabfmqiotta/Build/Products/Debug/include -Xcc -I/Users/buddhirajgautam/Library/Developer/Xcode/DerivedData/Telegram-Mac-fygdgghdgmuleoelvxabfmqiotta/Build/Intermediates.noindex/FoundationUtils.build/Debug/FoundationUtils-t.build/DerivedSources-normal/arm64 -Xcc -I/Users/buddhirajgautam/Library/Developer/Xcode/DerivedData/Telegram-Mac-fygdgghdgmuleoelvxabfmqiotta/Build/Intermediates.noindex/FoundationUtils.build/Debug/FoundationUtils-t.build/DerivedSources/arm64 -Xcc -I/Users/buddhirajgautam/Library/Developer/Xcode/DerivedData/Telegram-Mac-fygdgghdgmuleoelvxabfmqiotta/Build/Intermediates.noindex/FoundationUtils.build/Debug/FoundationUtils-t.build/DerivedSources -Xcc -DSWIFT_PACKAGE -Xcc -DDEBUG\=1 -emit-objc-header -emit-objc-header-path /Users/buddhirajgautam/Library/Developer/Xcode/DerivedData/Telegram-Mac-fygdgghdgmuleoelvxabfmqiotta/Build/Intermediates.noindex/FoundationUtils.build/Debug/FoundationUtils-t.build/Objects-normal/arm64/FoundationUtils-Swift.h -working-directory /Users/buddhirajgautam/Documents/Cherrygram-Mac/macOS-Swift -experimental-emit-module-separately -disable-cmo

PrecompileModule /Users/buddhirajgautam/Library/Developer/Xcode/DerivedData/Telegram-Mac-fygdgghdgmuleoelvxabfmqiotta/Build/Intermediates.noindex/ExplicitPrecompiledModules/MachO-DSPAK6DH63006UXRW0N6MR3M5.scan
    cd /
    builtin-precompileModule /Users/buddhirajgautam/Library/Developer/Xcode/DerivedData/Telegram-Mac-fygdgghdgmuleoelvxabfmqiotta/Build/Intermediates.noindex/ExplicitPrecompiledModules/MachO-DSPAK6DH63006UXRW0N6MR3M5.scan

PrecompileModule /Users/buddhirajgautam/Library/Developer/Xcode/DerivedData/Telegram-Mac-fygdgghdgmuleoelvxabfmqiotta/Build/Intermediates.noindex/ExplicitPrecompiledModules/launch-RR5PBBSWIMKV3R21OHDRVXCT.scan
    cd /
    builtin-precompileModule /Users/buddhirajgautam/Library/Developer/Xcode/DerivedData/Telegram-Mac-fygdgghdgmuleoelvxabfmqiotta/Build/Intermediates.noindex/ExplicitPrecompiledModules/launch-RR5PBBSWIMKV3R21OHDRVXCT.scan

PrecompileModule /Users/buddhirajgautam/Library/Developer/Xcode/DerivedData/Telegram-Mac-fygdgghdgmuleoelvxabfmqiotta/Build/Intermediates.noindex/ExplicitPrecompiledModules/ObjectiveC-17X3IGOXK9W7V23YQLRVHS5NO.scan
    cd /
    builtin-precompileModule /Users/buddhirajgautam/Library/Developer/Xcode/DerivedData/Telegram-Mac-fygdgghdgmuleoelvxabfmqiotta/Build/Intermediates.noindex/ExplicitPrecompiledModules/ObjectiveC-17X3IGOXK9W7V23YQLRVHS5NO.scan

SwiftDriverJobDiscovery normal arm64 Compiling Mutable.swift, NativeObject.swift, Offset.swift (in target 'FlatBuffers' from project 'FlatBuffers')

PrecompileModule /Users/buddhirajgautam/Library/Developer/Xcode/DerivedData/Telegram-Mac-fygdgghdgmuleoelvxabfmqiotta/Build/Intermediates.noindex/ExplicitPrecompiledModules/CUPS-7PJKGJQJJ2MODMWGU2TJH0VZW.scan
    cd /
    builtin-precompileModule /Users/buddhirajgautam/Library/Developer/Xcode/DerivedData/Telegram-Mac-fygdgghdgmuleoelvxabfmqiotta/Build/Intermediates.noindex/ExplicitPrecompiledModules/CUPS-7PJKGJQJJ2MODMWGU2TJH0VZW.scan

PrecompileModule /Users/buddhirajgautam/Library/Developer/Xcode/DerivedData/Telegram-Mac-fygdgghdgmuleoelvxabfmqiotta/Build/Intermediates.noindex/ExplicitPrecompiledModules/libkern-5ZT2G0HJ9FOAS9R3H59S1NDMG.scan
    cd /
    builtin-precompileModule /Users/buddhirajgautam/Library/Developer/Xcode/DerivedData/Telegram-Mac-fygdgghdgmuleoelvxabfmqiotta/Build/Intermediates.noindex/ExplicitPrecompiledModules/libkern-5ZT2G0HJ9FOAS9R3H59S1NDMG.scan

CompileC /Users/buddhirajgautam/Library/Developer/Xcode/DerivedData/Telegram-Mac-fygdgghdgmuleoelvxabfmqiotta/Build/Intermediates.noindex/GZIP.build/Debug/GZIP-t.build/Objects-normal/arm64/GZip.o /Users/buddhirajgautam/Documents/Cherrygram-Mac/macOS-Swift/packages/GZIP/Sources/GZIP/GZip.m normal arm64 objective-c com.apple.compilers.llvm.clang.1_0.compiler (in target 'GZIP' from project 'GZIP')
    cd /Users/buddhirajgautam/Documents/Cherrygram-Mac/macOS-Swift
    
    Using response file: /Users/buddhirajgautam/Library/Developer/Xcode/DerivedData/Telegram-Mac-fygdgghdgmuleoelvxabfmqiotta/Build/Intermediates.noindex/GZIP.build/Debug/GZIP-t.build/Objects-normal/arm64/e6072d4f65d7061329687fe24e3d63a7-common-args.resp
    
    /Applications/Xcode.app/Contents/Developer/Toolchains/XcodeDefault.xctoolchain/usr/bin/clang -x objective-c -ivfsstatcache /Users/buddhirajgautam/Library/Developer/Xcode/DerivedData/SDKStatCaches.noindex/macosx27.0-26A425-e829b21a6f8c9b70876ba0858053c0447231f6df4def33e022ae2eb8f782df1a.sdkstatcache -target arm64-apple-macos12.0 -fmessage-length\=0 -fdiagnostics-show-note-include-stack -fmacro-backtrace-limit\=0 -fno-color-diagnostics -fmodules-prune-interval\=86400 -fmodules-prune-after\=345600 -fbuild-session-file\=/Users/buddhirajgautam/Library/Developer/Xcode/DerivedData/ModuleCache.noindex/Session.modulevalidation -fmodules-validate-once-per-build-session -Wnon-modular-include-in-framework-module -Werror\=non-modular-include-in-framework-module -Wno-trigraphs -Wno-missing-field-initializers -Wno-missing-prototypes -Wno-return-type -Wno-implicit-atomic-properties -Wno-objc-interface-ivars -Wno-arc-repeated-use-of-weak -Wno-missing-braces -Wparentheses -Wswitch -Wno-unused-function -Wno-unused-label -Wno-unused-parameter -Wno-unused-variable -Wunused-value -Wno-empty-body -Wno-uninitialized -Wno-unknown-pragmas -Wno-shadow -Wno-four-char-constants -Wno-conversion -Wno-constant-conversion -Wno-int-conversion -Wno-bool-conversion -Wno-enum-conversion -Wno-float-conversion -Wno-non-literal-null-conversion -Wno-objc-literal-conversion -Wshorten-64-to-32 -Wpointer-sign -Wno-newline-eof -Wno-selector -Wno-strict-selector-match -Wno-undeclared-selector -Wno-deprecated-implementations -Wno-implicit-fallthrough -isysroot /Applications/Xcode.app/Contents/Developer/Platforms/MacOSX.platform/Developer/SDKs/MacOSX27.0.sdk -fstrict-aliasing -Wprotocol -Wdeprecated-declarations -Wno-sign-conversion -Wno-infinite-recursion -Wno-comma -Wno-block-capture-autoreleasing -Wno-strict-prototypes -Wno-semicolon-before-method-body -index-store-path /Users/buddhirajgautam/Library/Developer/Xcode/DerivedData/Telegram-Mac-fygdgghdgmuleoelvxabfmqiotta/Index.noindex/DataStore @/Users/buddhirajgautam/Library/Developer/Xcode/DerivedData/Telegram-Mac-fygdgghdgmuleoelvxabfmqiotta/Build/Intermediates.noindex/GZIP.build/Debug/GZIP-t.build/Objects-normal/arm64/e6072d4f65d7061329687fe24e3d63a7-common-args.resp -MMD -MT dependencies -MF /Users/buddhirajgautam/Library/Developer/Xcode/DerivedData/Telegram-Mac-fygdgghdgmuleoelvxabfmqiotta/Build/Intermediates.noindex/GZIP.build/Debug/GZIP-t.build/Objects-normal/arm64/GZip.d --serialize-diagnostics /Users/buddhirajgautam/Library/Developer/Xcode/DerivedData/Telegram-Mac-fygdgghdgmuleoelvxabfmqiotta/Build/Intermediates.noindex/GZIP.build/Debug/GZIP-t.build/Objects-normal/arm64/GZip.dia -c /Users/buddhirajgautam/Documents/Cherrygram-Mac/macOS-Swift/packages/GZIP/Sources/GZIP/GZip.m -o /Users/buddhirajgautam/Library/Developer/Xcode/DerivedData/Telegram-Mac-fygdgghdgmuleoelvxabfmqiotta/Build/Intermediates.noindex/GZIP.build/Debug/GZIP-t.build/Objects-normal/arm64/GZip.o -index-unit-output-path /GZIP.build/Debug/GZIP-t.build/Objects-normal/arm64/GZip.o

PrecompileModule /Users/buddhirajgautam/Library/Developer/Xcode/DerivedData/Telegram-Mac-fygdgghdgmuleoelvxabfmqiotta/Build/Intermediates.noindex/ExplicitPrecompiledModules/os_object-1DHC0DFHRORGD4CYCH811E5YX.scan
    cd /
    builtin-precompileModule /Users/buddhirajgautam/Library/Developer/Xcode/DerivedData/Telegram-Mac-fygdgghdgmuleoelvxabfmqiotta/Build/Intermediates.noindex/ExplicitPrecompiledModules/os_object-1DHC0DFHRORGD4CYCH811E5YX.scan

SwiftCompile normal arm64 Compiling\ Root.swift,\ String+extension.swift /Users/buddhirajgautam/Documents/Cherrygram-Mac/macOS-Swift/submodules/telegram-ios/submodules/TelegramCore/FlatBuffers/Sources/Root.swift /Users/buddhirajgautam/Documents/Cherrygram-Mac/macOS-Swift/submodules/telegram-ios/submodules/TelegramCore/FlatBuffers/Sources/String+extension.swift (in target 'FlatBuffers' from project 'FlatBuffers')

SwiftCompile normal arm64 /Users/buddhirajgautam/Documents/Cherrygram-Mac/macOS-Swift/submodules/telegram-ios/submodules/TelegramCore/FlatBuffers/Sources/Root.swift (in target 'FlatBuffers' from project 'FlatBuffers')
    cd /Users/buddhirajgautam/Documents/Cherrygram-Mac/macOS-Swift
    builtin-SwiftPerFileCompile Root.swift

SwiftCompile normal arm64 /Users/buddhirajgautam/Documents/Cherrygram-Mac/macOS-Swift/submodules/telegram-ios/submodules/TelegramCore/FlatBuffers/Sources/String+extension.swift (in target 'FlatBuffers' from project 'FlatBuffers')
    cd /Users/buddhirajgautam/Documents/Cherrygram-Mac/macOS-Swift
    builtin-SwiftPerFileCompile String+extension.swift

SwiftCompile normal arm64 Compiling\ FlatBufferBuilder.swift,\ FlatBufferObject.swift,\ FlatBuffersUtils.swift /Users/buddhirajgautam/Documents/Cherrygram-Mac/macOS-Swift/submodules/telegram-ios/submodules/TelegramCore/FlatBuffers/Sources/FlatBufferBuilder.swift /Users/buddhirajgautam/Documents/Cherrygram-Mac/macOS-Swift/submodules/telegram-ios/submodules/TelegramCore/FlatBuffers/Sources/FlatBufferObject.swift /Users/buddhirajgautam/Documents/Cherrygram-Mac/macOS-Swift/submodules/telegram-ios/submodules/TelegramCore/FlatBuffers/Sources/FlatBuffersUtils.swift (in target 'FlatBuffers' from project 'FlatBuffers')

SwiftCompile normal arm64 /Users/buddhirajgautam/Documents/Cherrygram-Mac/macOS-Swift/submodules/telegram-ios/submodules/TelegramCore/FlatBuffers/Sources/FlatBufferBuilder.swift (in target 'FlatBuffers' from project 'FlatBuffers')
    cd /Users/buddhirajgautam/Documents/Cherrygram-Mac/macOS-Swift
    builtin-SwiftPerFileCompile FlatBufferBuilder.swift

SwiftCompile normal arm64 /Users/buddhirajgautam/Documents/Cherrygram-Mac/macOS-Swift/submodules/telegram-ios/submodules/TelegramCore/FlatBuffers/Sources/FlatBufferObject.swift (in target 'FlatBuffers' from project 'FlatBuffers')
    cd /Users/buddhirajgautam/Documents/Cherrygram-Mac/macOS-Swift
    builtin-SwiftPerFileCompile FlatBufferObject.swift

SwiftCompile normal arm64 /Users/buddhirajgautam/Documents/Cherrygram-Mac/macOS-Swift/submodules/telegram-ios/submodules/TelegramCore/FlatBuffers/Sources/FlatBuffersUtils.swift (in target 'FlatBuffers' from project 'FlatBuffers')
    cd /Users/buddhirajgautam/Documents/Cherrygram-Mac/macOS-Swift
    builtin-SwiftPerFileCompile FlatBuffersUtils.swift

Ld /Users/buddhirajgautam/Library/Developer/Xcode/DerivedData/Telegram-Mac-fygdgghdgmuleoelvxabfmqiotta/Build/Products/Debug/GZIP.o normal (in target 'GZIP' from project 'GZIP')
    cd /Users/buddhirajgautam/Documents/Cherrygram-Mac/macOS-Swift/packages/GZIP
    /Applications/Xcode.app/Contents/Developer/Toolchains/XcodeDefault.xctoolchain/usr/bin/clang -Xlinker -reproducible -target arm64-apple-macos12.0 -r -isysroot /Applications/Xcode.app/Contents/Developer/Platforms/MacOSX.platform/Developer/SDKs/MacOSX27.0.sdk -O0 -Xlinker -no_warn_duplicate_libraries -F/Users/buddhirajgautam/Library/Developer/Xcode/DerivedData/Telegram-Mac-fygdgghdgmuleoelvxabfmqiotta/Build/Intermediates.noindex/EagerLinkingTBDs/Debug -F/Users/buddhirajgautam/Library/Developer/Xcode/DerivedData/Telegram-Mac-fygdgghdgmuleoelvxabfmqiotta/Build/Products/Debug -iframework /Applications/Xcode.app/Contents/Developer/Platforms/MacOSX.platform/Developer/Library/Frameworks -filelist /Users/buddhirajgautam/Library/Developer/Xcode/DerivedData/Telegram-Mac-fygdgghdgmuleoelvxabfmqiotta/Build/Intermediates.noindex/GZIP.build/Debug/GZIP-t.build/Objects-normal/arm64/GZIP.LinkFileList -nostdlib -Xlinker -object_path_lto -Xlinker /Users/buddhirajgautam/Library/Developer/Xcode/DerivedData/Telegram-Mac-fygdgghdgmuleoelvxabfmqiotta/Build/Intermediates.noindex/GZIP.build/Debug/GZIP-t.build/Objects-normal/arm64/GZIP_lto.o -Xlinker -no_deduplicate -Xlinker -debug_variant -Xlinker -dependency_info -Xlinker /Users/buddhirajgautam/Library/Developer/Xcode/DerivedData/Telegram-Mac-fygdgghdgmuleoelvxabfmqiotta/Build/Intermediates.noindex/GZIP.build/Debug/GZIP-t.build/Objects-normal/arm64/GZIP_dependency_info.dat -fobjc-arc -fobjc-link-runtime -o /Users/buddhirajgautam/Library/Developer/Xcode/DerivedData/Telegram-Mac-fygdgghdgmuleoelvxabfmqiotta/Build/Products/Debug/GZIP.o

PrecompileModule /Users/buddhirajgautam/Library/Developer/Xcode/DerivedData/Telegram-Mac-fygdgghdgmuleoelvxabfmqiotta/Build/Intermediates.noindex/ExplicitPrecompiledModules/os_workgroup-8UQPCT9TAWSCCLXBM5LM83B7C.scan
    cd /
    builtin-precompileModule /Users/buddhirajgautam/Library/Developer/Xcode/DerivedData/Telegram-Mac-fygdgghdgmuleoelvxabfmqiotta/Build/Intermediates.noindex/ExplicitPrecompiledModules/os_workgroup-8UQPCT9TAWSCCLXBM5LM83B7C.scan

SwiftDriverJobDiscovery normal arm64 Compiling FlatbuffersErrors.swift, Int+extension.swift, Message.swift (in target 'FlatBuffers' from project 'FlatBuffers')

SwiftCompile normal arm64 Compiling\ TableVerifier.swift,\ VeriferOptions.swift /Users/buddhirajgautam/Documents/Cherrygram-Mac/macOS-Swift/submodules/telegram-ios/submodules/TelegramCore/FlatBuffers/Sources/TableVerifier.swift /Users/buddhirajgautam/Documents/Cherrygram-Mac/macOS-Swift/submodules/telegram-ios/submodules/TelegramCore/FlatBuffers/Sources/VeriferOptions.swift (in target 'FlatBuffers' from project 'FlatBuffers')

SwiftCompile normal arm64 /Users/buddhirajgautam/Documents/Cherrygram-Mac/macOS-Swift/submodules/telegram-ios/submodules/TelegramCore/FlatBuffers/Sources/TableVerifier.swift (in target 'FlatBuffers' from project 'FlatBuffers')
    cd /Users/buddhirajgautam/Documents/Cherrygram-Mac/macOS-Swift
    builtin-SwiftPerFileCompile TableVerifier.swift

SwiftCompile normal arm64 /Users/buddhirajgautam/Documents/Cherrygram-Mac/macOS-Swift/submodules/telegram-ios/submodules/TelegramCore/FlatBuffers/Sources/VeriferOptions.swift (in target 'FlatBuffers' from project 'FlatBuffers')
    cd /Users/buddhirajgautam/Documents/Cherrygram-Mac/macOS-Swift
    builtin-SwiftPerFileCompile VeriferOptions.swift

SwiftCompile normal arm64 Compiling\ Verifiable.swift,\ Verifier.swift /Users/buddhirajgautam/Documents/Cherrygram-Mac/macOS-Swift/submodules/telegram-ios/submodules/TelegramCore/FlatBuffers/Sources/Verifiable.swift /Users/buddhirajgautam/Documents/Cherrygram-Mac/macOS-Swift/submodules/telegram-ios/submodules/TelegramCore/FlatBuffers/Sources/Verifier.swift (in target 'FlatBuffers' from project 'FlatBuffers')

SwiftCompile normal arm64 /Users/buddhirajgautam/Documents/Cherrygram-Mac/macOS-Swift/submodules/telegram-ios/submodules/TelegramCore/FlatBuffers/Sources/Verifiable.swift (in target 'FlatBuffers' from project 'FlatBuffers')
    cd /Users/buddhirajgautam/Documents/Cherrygram-Mac/macOS-Swift
    builtin-SwiftPerFileCompile Verifiable.swift

SwiftCompile normal arm64 /Users/buddhirajgautam/Documents/Cherrygram-Mac/macOS-Swift/submodules/telegram-ios/submodules/TelegramCore/FlatBuffers/Sources/Verifier.swift (in target 'FlatBuffers' from project 'FlatBuffers')
    cd /Users/buddhirajgautam/Documents/Cherrygram-Mac/macOS-Swift
    builtin-SwiftPerFileCompile Verifier.swift

PrecompileModule /Users/buddhirajgautam/Library/Developer/Xcode/DerivedData/Telegram-Mac-fygdgghdgmuleoelvxabfmqiotta/Build/Intermediates.noindex/ExplicitPrecompiledModules/Dispatch-D90VZO347U78C3O73S6DZ07VK.scan
    cd /
    builtin-precompileModule /Users/buddhirajgautam/Library/Developer/Xcode/DerivedData/Telegram-Mac-fygdgghdgmuleoelvxabfmqiotta/Build/Intermediates.noindex/ExplicitPrecompiledModules/Dispatch-D90VZO347U78C3O73S6DZ07VK.scan

SwiftDriverJobDiscovery normal arm64 Compiling ByteBuffer.swift, Constants.swift, Enum.swift (in target 'FlatBuffers' from project 'FlatBuffers')

SwiftCompile normal arm64 Compiling\ _ObjC_HeartbeatController.swift /Users/buddhirajgautam/Library/Developer/Xcode/DerivedData/Telegram-Mac-fygdgghdgmuleoelvxabfmqiotta/SourcePackages/checkouts/firebase-ios-sdk/FirebaseCore/Internal/Sources/HeartbeatLogging/_ObjC_HeartbeatController.swift (in target 'FirebaseCoreInternal' from project 'Firebase')

SwiftCompile normal arm64 /Users/buddhirajgautam/Library/Developer/Xcode/DerivedData/Telegram-Mac-fygdgghdgmuleoelvxabfmqiotta/SourcePackages/checkouts/firebase-ios-sdk/FirebaseCore/Internal/Sources/HeartbeatLogging/_ObjC_HeartbeatController.swift (in target 'FirebaseCoreInternal' from project 'Firebase')
    cd /Users/buddhirajgautam/Documents/Cherrygram-Mac/macOS-Swift
    builtin-SwiftPerFileCompile _ObjC_HeartbeatController.swift

PrecompileModule /Users/buddhirajgautam/Library/Developer/Xcode/DerivedData/Telegram-Mac-fygdgghdgmuleoelvxabfmqiotta/Build/Intermediates.noindex/ExplicitPrecompiledModules/CoreFoundation-B3I89R2J8GYU0IHUKMXERKNFQ.scan
    cd /
    builtin-precompileModule /Users/buddhirajgautam/Library/Developer/Xcode/DerivedData/Telegram-Mac-fygdgghdgmuleoelvxabfmqiotta/Build/Intermediates.noindex/ExplicitPrecompiledModules/CoreFoundation-B3I89R2J8GYU0IHUKMXERKNFQ.scan

SwiftDriverJobDiscovery normal arm64 Compiling Struct.swift, Table.swift (in target 'FlatBuffers' from project 'FlatBuffers')

PrecompileModule /Users/buddhirajgautam/Library/Developer/Xcode/DerivedData/Telegram-Mac-fygdgghdgmuleoelvxabfmqiotta/Build/Intermediates.noindex/ExplicitPrecompiledModules/XPC-5RN2PDDDGRDEKRYONBWHLXI67.scan
    cd /
    builtin-precompileModule /Users/buddhirajgautam/Library/Developer/Xcode/DerivedData/Telegram-Mac-fygdgghdgmuleoelvxabfmqiotta/Build/Intermediates.noindex/ExplicitPrecompiledModules/XPC-5RN2PDDDGRDEKRYONBWHLXI67.scan

CompileC /Users/buddhirajgautam/Library/Developer/Xcode/DerivedData/Telegram-Mac-fygdgghdgmuleoelvxabfmqiotta/Build/Intermediates.noindex/GoogleUtilities.build/Debug/GoogleUtilities-AppDelegateSwizzler-t.build/Objects-normal/arm64/GULSceneDelegateSwizzler.o /Users/buddhirajgautam/Library/Developer/Xcode/DerivedData/Telegram-Mac-fygdgghdgmuleoelvxabfmqiotta/SourcePackages/checkouts/GoogleUtilities/GoogleUtilities/AppDelegateSwizzler/GULSceneDelegateSwizzler.m normal arm64 objective-c com.apple.compilers.llvm.clang.1_0.compiler (in target 'GoogleUtilities-AppDelegateSwizzler' from project 'GoogleUtilities')
    cd /Users/buddhirajgautam/Documents/Cherrygram-Mac/macOS-Swift
    
    Using response file: /Users/buddhirajgautam/Library/Developer/Xcode/DerivedData/Telegram-Mac-fygdgghdgmuleoelvxabfmqiotta/Build/Intermediates.noindex/GoogleUtilities.build/Debug/GoogleUtilities-AppDelegateSwizzler-t.build/Objects-normal/arm64/e6072d4f65d7061329687fe24e3d63a7-common-args.resp
    
    /Applications/Xcode.app/Contents/Developer/Toolchains/XcodeDefault.xctoolchain/usr/bin/clang -x objective-c -ivfsstatcache /Users/buddhirajgautam/Library/Developer/Xcode/DerivedData/SDKStatCaches.noindex/macosx27.0-26A425-e829b21a6f8c9b70876ba0858053c0447231f6df4def33e022ae2eb8f782df1a.sdkstatcache -target arm64-apple-macos12.0 -fmessage-length\=0 -fdiagnostics-show-note-include-stack -fmacro-backtrace-limit\=0 -fno-color-diagnostics -fmodules-prune-interval\=86400 -fmodules-prune-after\=345600 -fbuild-session-file\=/Users/buddhirajgautam/Library/Developer/Xcode/DerivedData/ModuleCache.noindex/Session.modulevalidation -fmodules-validate-once-per-build-session -Wnon-modular-include-in-framework-module -Werror\=non-modular-include-in-framework-module -Wno-trigraphs -Wno-missing-field-initializers -Wno-missing-prototypes -Wno-return-type -Wno-implicit-atomic-properties -Wno-objc-interface-ivars -Wno-arc-repeated-use-of-weak -Wno-missing-braces -Wparentheses -Wswitch -Wno-unused-function -Wno-unused-label -Wno-unused-parameter -Wno-unused-variable -Wunused-value -Wno-empty-body -Wno-uninitialized -Wno-unknown-pragmas -w -Wno-shadow -Wno-four-char-constants -Wno-conversion -Wno-constant-conversion -Wno-int-conversion -Wno-bool-conversion -Wno-enum-conversion -Wno-float-conversion -Wno-non-literal-null-conversion -Wno-objc-literal-conversion -Wshorten-64-to-32 -Wpointer-sign -Wno-newline-eof -Wno-selector -Wno-strict-selector-match -Wno-undeclared-selector -Wno-deprecated-implementations -Wno-implicit-fallthrough -isysroot /Applications/Xcode.app/Contents/Developer/Platforms/MacOSX.platform/Developer/SDKs/MacOSX27.0.sdk -fstrict-aliasing -Wprotocol -Wdeprecated-declarations -Wno-sign-conversion -Wno-infinite-recursion -Wno-comma -Wno-block-capture-autoreleasing -Wno-strict-prototypes -Wno-semicolon-before-method-body -index-store-path /Users/buddhirajgautam/Library/Developer/Xcode/DerivedData/Telegram-Mac-fygdgghdgmuleoelvxabfmqiotta/Index.noindex/DataStore @/Users/buddhirajgautam/Library/Developer/Xcode/DerivedData/Telegram-Mac-fygdgghdgmuleoelvxabfmqiotta/Build/Intermediates.noindex/GoogleUtilities.build/Debug/GoogleUtilities-AppDelegateSwizzler-t.build/Objects-normal/arm64/e6072d4f65d7061329687fe24e3d63a7-common-args.resp -include /Users/buddhirajgautam/Library/Developer/Xcode/DerivedData/Telegram-Mac-fygdgghdgmuleoelvxabfmqiotta/Build/Intermediates.noindex/GoogleUtilities.build/Debug/GoogleUtilities-AppDelegateSwizzler-t.build/DerivedSources/resource_bundle_accessor.h -MMD -MT dependencies -MF /Users/buddhirajgautam/Library/Developer/Xcode/DerivedData/Telegram-Mac-fygdgghdgmuleoelvxabfmqiotta/Build/Intermediates.noindex/GoogleUtilities.build/Debug/GoogleUtilities-AppDelegateSwizzler-t.build/Objects-normal/arm64/GULSceneDelegateSwizzler.d --serialize-diagnostics /Users/buddhirajgautam/Library/Developer/Xcode/DerivedData/Telegram-Mac-fygdgghdgmuleoelvxabfmqiotta/Build/Intermediates.noindex/GoogleUtilities.build/Debug/GoogleUtilities-AppDelegateSwizzler-t.build/Objects-normal/arm64/GULSceneDelegateSwizzler.dia -c /Users/buddhirajgautam/Library/Developer/Xcode/DerivedData/Telegram-Mac-fygdgghdgmuleoelvxabfmqiotta/SourcePackages/checkouts/GoogleUtilities/GoogleUtilities/AppDelegateSwizzler/GULSceneDelegateSwizzler.m -o /Users/buddhirajgautam/Library/Developer/Xcode/DerivedData/Telegram-Mac-fygdgghdgmuleoelvxabfmqiotta/Build/Intermediates.noindex/GoogleUtilities.build/Debug/GoogleUtilities-AppDelegateSwizzler-t.build/Objects-normal/arm64/GULSceneDelegateSwizzler.o -index-unit-output-path /GoogleUtilities.build/Debug/GoogleUtilities-AppDelegateSwizzler-t.build/Objects-normal/arm64/GULSceneDelegateSwizzler.o

SwiftDriverJobDiscovery normal arm64 Compiling Root.swift, String+extension.swift (in target 'FlatBuffers' from project 'FlatBuffers')

CompileC /Users/buddhirajgautam/Library/Developer/Xcode/DerivedData/Telegram-Mac-fygdgghdgmuleoelvxabfmqiotta/Build/Intermediates.noindex/GoogleUtilities.build/Debug/GoogleUtilities-AppDelegateSwizzler-t.build/Objects-normal/arm64/GULAppDelegateSwizzler.o /Users/buddhirajgautam/Library/Developer/Xcode/DerivedData/Telegram-Mac-fygdgghdgmuleoelvxabfmqiotta/SourcePackages/checkouts/GoogleUtilities/GoogleUtilities/AppDelegateSwizzler/GULAppDelegateSwizzler.m normal arm64 objective-c com.apple.compilers.llvm.clang.1_0.compiler (in target 'GoogleUtilities-AppDelegateSwizzler' from project 'GoogleUtilities')
    cd /Users/buddhirajgautam/Documents/Cherrygram-Mac/macOS-Swift
    
    Using response file: /Users/buddhirajgautam/Library/Developer/Xcode/DerivedData/Telegram-Mac-fygdgghdgmuleoelvxabfmqiotta/Build/Intermediates.noindex/GoogleUtilities.build/Debug/GoogleUtilities-AppDelegateSwizzler-t.build/Objects-normal/arm64/e6072d4f65d7061329687fe24e3d63a7-common-args.resp
    
    /Applications/Xcode.app/Contents/Developer/Toolchains/XcodeDefault.xctoolchain/usr/bin/clang -x objective-c -ivfsstatcache /Users/buddhirajgautam/Library/Developer/Xcode/DerivedData/SDKStatCaches.noindex/macosx27.0-26A425-e829b21a6f8c9b70876ba0858053c0447231f6df4def33e022ae2eb8f782df1a.sdkstatcache -target arm64-apple-macos12.0 -fmessage-length\=0 -fdiagnostics-show-note-include-stack -fmacro-backtrace-limit\=0 -fno-color-diagnostics -fmodules-prune-interval\=86400 -fmodules-prune-after\=345600 -fbuild-session-file\=/Users/buddhirajgautam/Library/Developer/Xcode/DerivedData/ModuleCache.noindex/Session.modulevalidation -fmodules-validate-once-per-build-session -Wnon-modular-include-in-framework-module -Werror\=non-modular-include-in-framework-module -Wno-trigraphs -Wno-missing-field-initializers -Wno-missing-prototypes -Wno-return-type -Wno-implicit-atomic-properties -Wno-objc-interface-ivars -Wno-arc-repeated-use-of-weak -Wno-missing-braces -Wparentheses -Wswitch -Wno-unused-function -Wno-unused-label -Wno-unused-parameter -Wno-unused-variable -Wunused-value -Wno-empty-body -Wno-uninitialized -Wno-unknown-pragmas -w -Wno-shadow -Wno-four-char-constants -Wno-conversion -Wno-constant-conversion -Wno-int-conversion -Wno-bool-conversion -Wno-enum-conversion -Wno-float-conversion -Wno-non-literal-null-conversion -Wno-objc-literal-conversion -Wshorten-64-to-32 -Wpointer-sign -Wno-newline-eof -Wno-selector -Wno-strict-selector-match -Wno-undeclared-selector -Wno-deprecated-implementations -Wno-implicit-fallthrough -isysroot /Applications/Xcode.app/Contents/Developer/Platforms/MacOSX.platform/Developer/SDKs/MacOSX27.0.sdk -fstrict-aliasing -Wprotocol -Wdeprecated-declarations -Wno-sign-conversion -Wno-infinite-recursion -Wno-comma -Wno-block-capture-autoreleasing -Wno-strict-prototypes -Wno-semicolon-before-method-body -index-store-path /Users/buddhirajgautam/Library/Developer/Xcode/DerivedData/Telegram-Mac-fygdgghdgmuleoelvxabfmqiotta/Index.noindex/DataStore @/Users/buddhirajgautam/Library/Developer/Xcode/DerivedData/Telegram-Mac-fygdgghdgmuleoelvxabfmqiotta/Build/Intermediates.noindex/GoogleUtilities.build/Debug/GoogleUtilities-AppDelegateSwizzler-t.build/Objects-normal/arm64/e6072d4f65d7061329687fe24e3d63a7-common-args.resp -include /Users/buddhirajgautam/Library/Developer/Xcode/DerivedData/Telegram-Mac-fygdgghdgmuleoelvxabfmqiotta/Build/Intermediates.noindex/GoogleUtilities.build/Debug/GoogleUtilities-AppDelegateSwizzler-t.build/DerivedSources/resource_bundle_accessor.h -MMD -MT dependencies -MF /Users/buddhirajgautam/Library/Developer/Xcode/DerivedData/Telegram-Mac-fygdgghdgmuleoelvxabfmqiotta/Build/Intermediates.noindex/GoogleUtilities.build/Debug/GoogleUtilities-AppDelegateSwizzler-t.build/Objects-normal/arm64/GULAppDelegateSwizzler.d --serialize-diagnostics /Users/buddhirajgautam/Library/Developer/Xcode/DerivedData/Telegram-Mac-fygdgghdgmuleoelvxabfmqiotta/Build/Intermediates.noindex/GoogleUtilities.build/Debug/GoogleUtilities-AppDelegateSwizzler-t.build/Objects-normal/arm64/GULAppDelegateSwizzler.dia -c /Users/buddhirajgautam/Library/Developer/Xcode/DerivedData/Telegram-Mac-fygdgghdgmuleoelvxabfmqiotta/SourcePackages/checkouts/GoogleUtilities/GoogleUtilities/AppDelegateSwizzler/GULAppDelegateSwizzler.m -o /Users/buddhirajgautam/Library/Developer/Xcode/DerivedData/Telegram-Mac-fygdgghdgmuleoelvxabfmqiotta/Build/Intermediates.noindex/GoogleUtilities.build/Debug/GoogleUtilities-AppDelegateSwizzler-t.build/Objects-normal/arm64/GULAppDelegateSwizzler.o -index-unit-output-path /GoogleUtilities.build/Debug/GoogleUtilities-AppDelegateSwizzler-t.build/Objects-normal/arm64/GULAppDelegateSwizzler.o

SwiftDriverJobDiscovery normal arm64 Compiling TableVerifier.swift, VeriferOptions.swift (in target 'FlatBuffers' from project 'FlatBuffers')

SwiftCompile normal arm64 Compiling\ Storage.swift /Users/buddhirajgautam/Library/Developer/Xcode/DerivedData/Telegram-Mac-fygdgghdgmuleoelvxabfmqiotta/SourcePackages/checkouts/firebase-ios-sdk/FirebaseCore/Internal/Sources/HeartbeatLogging/Storage.swift (in target 'FirebaseCoreInternal' from project 'Firebase')

SwiftCompile normal arm64 /Users/buddhirajgautam/Library/Developer/Xcode/DerivedData/Telegram-Mac-fygdgghdgmuleoelvxabfmqiotta/SourcePackages/checkouts/firebase-ios-sdk/FirebaseCore/Internal/Sources/HeartbeatLogging/Storage.swift (in target 'FirebaseCoreInternal' from project 'Firebase')
    cd /Users/buddhirajgautam/Documents/Cherrygram-Mac/macOS-Swift
    builtin-SwiftPerFileCompile Storage.swift

SwiftCompile normal arm64 Compiling\ HeartbeatsPayload.swift,\ RingBuffer.swift /Users/buddhirajgautam/Library/Developer/Xcode/DerivedData/Telegram-Mac-fygdgghdgmuleoelvxabfmqiotta/SourcePackages/checkouts/firebase-ios-sdk/FirebaseCore/Internal/Sources/HeartbeatLogging/HeartbeatsPayload.swift /Users/buddhirajgautam/Library/Developer/Xcode/DerivedData/Telegram-Mac-fygdgghdgmuleoelvxabfmqiotta/SourcePackages/checkouts/firebase-ios-sdk/FirebaseCore/Internal/Sources/HeartbeatLogging/RingBuffer.swift (in target 'FirebaseCoreInternal' from project 'Firebase')

SwiftCompile normal arm64 /Users/buddhirajgautam/Library/Developer/Xcode/DerivedData/Telegram-Mac-fygdgghdgmuleoelvxabfmqiotta/SourcePackages/checkouts/firebase-ios-sdk/FirebaseCore/Internal/Sources/HeartbeatLogging/HeartbeatsPayload.swift (in target 'FirebaseCoreInternal' from project 'Firebase')
    cd /Users/buddhirajgautam/Documents/Cherrygram-Mac/macOS-Swift
    builtin-SwiftPerFileCompile HeartbeatsPayload.swift

SwiftCompile normal arm64 /Users/buddhirajgautam/Library/Developer/Xcode/DerivedData/Telegram-Mac-fygdgghdgmuleoelvxabfmqiotta/SourcePackages/checkouts/firebase-ios-sdk/FirebaseCore/Internal/Sources/HeartbeatLogging/RingBuffer.swift (in target 'FirebaseCoreInternal' from project 'Firebase')
    cd /Users/buddhirajgautam/Documents/Cherrygram-Mac/macOS-Swift
    builtin-SwiftPerFileCompile RingBuffer.swift

SwiftDriverJobDiscovery normal arm64 Compiling _ObjC_HeartbeatController.swift (in target 'FirebaseCoreInternal' from project 'Firebase')

PrecompileModule /Users/buddhirajgautam/Library/Developer/Xcode/DerivedData/Telegram-Mac-fygdgghdgmuleoelvxabfmqiotta/Build/Intermediates.noindex/ExplicitPrecompiledModules/ColorSync-2I4BV00DCJ6EP1WMLNIDWUK5R.scan
    cd /
    builtin-precompileModule /Users/buddhirajgautam/Library/Developer/Xcode/DerivedData/Telegram-Mac-fygdgghdgmuleoelvxabfmqiotta/Build/Intermediates.noindex/ExplicitPrecompiledModules/ColorSync-2I4BV00DCJ6EP1WMLNIDWUK5R.scan

PrecompileModule /Users/buddhirajgautam/Library/Developer/Xcode/DerivedData/Telegram-Mac-fygdgghdgmuleoelvxabfmqiotta/Build/Intermediates.noindex/ExplicitPrecompiledModules/IOKit-5GCOC0KVL9VS5MDKD41G8S943.scan
    cd /
    builtin-precompileModule /Users/buddhirajgautam/Library/Developer/Xcode/DerivedData/Telegram-Mac-fygdgghdgmuleoelvxabfmqiotta/Build/Intermediates.noindex/ExplicitPrecompiledModules/IOKit-5GCOC0KVL9VS5MDKD41G8S943.scan

PrecompileModule /Users/buddhirajgautam/Library/Developer/Xcode/DerivedData/Telegram-Mac-fygdgghdgmuleoelvxabfmqiotta/Build/Intermediates.noindex/ExplicitPrecompiledModules/Security-21SVP9AWMKNVKHSALRP6NEX2C.scan
    cd /
    builtin-precompileModule /Users/buddhirajgautam/Library/Developer/Xcode/DerivedData/Telegram-Mac-fygdgghdgmuleoelvxabfmqiotta/Build/Intermediates.noindex/ExplicitPrecompiledModules/Security-21SVP9AWMKNVKHSALRP6NEX2C.scan

PrecompileModule /Users/buddhirajgautam/Library/Developer/Xcode/DerivedData/Telegram-Mac-fygdgghdgmuleoelvxabfmqiotta/Build/Intermediates.noindex/ExplicitPrecompiledModules/CFNetwork-1F4HV31HPIROHWQA1WYO4QTA7.scan
    cd /
    builtin-precompileModule /Users/buddhirajgautam/Library/Developer/Xcode/DerivedData/Telegram-Mac-fygdgghdgmuleoelvxabfmqiotta/Build/Intermediates.noindex/ExplicitPrecompiledModules/CFNetwork-1F4HV31HPIROHWQA1WYO4QTA7.scan

SwiftCompile normal arm64 Compiling\ StorageFactory.swift /Users/buddhirajgautam/Library/Developer/Xcode/DerivedData/Telegram-Mac-fygdgghdgmuleoelvxabfmqiotta/SourcePackages/checkouts/firebase-ios-sdk/FirebaseCore/Internal/Sources/HeartbeatLogging/StorageFactory.swift (in target 'FirebaseCoreInternal' from project 'Firebase')

SwiftCompile normal arm64 /Users/buddhirajgautam/Library/Developer/Xcode/DerivedData/Telegram-Mac-fygdgghdgmuleoelvxabfmqiotta/SourcePackages/checkouts/firebase-ios-sdk/FirebaseCore/Internal/Sources/HeartbeatLogging/StorageFactory.swift (in target 'FirebaseCoreInternal' from project 'Firebase')
    cd /Users/buddhirajgautam/Documents/Cherrygram-Mac/macOS-Swift
    builtin-SwiftPerFileCompile StorageFactory.swift

SwiftCompile normal arm64 Compiling\ WeakContainer.swift /Users/buddhirajgautam/Library/Developer/Xcode/DerivedData/Telegram-Mac-fygdgghdgmuleoelvxabfmqiotta/SourcePackages/checkouts/firebase-ios-sdk/FirebaseCore/Internal/Sources/HeartbeatLogging/WeakContainer.swift (in target 'FirebaseCoreInternal' from project 'Firebase')

SwiftCompile normal arm64 /Users/buddhirajgautam/Library/Developer/Xcode/DerivedData/Telegram-Mac-fygdgghdgmuleoelvxabfmqiotta/SourcePackages/checkouts/firebase-ios-sdk/FirebaseCore/Internal/Sources/HeartbeatLogging/WeakContainer.swift (in target 'FirebaseCoreInternal' from project 'Firebase')
    cd /Users/buddhirajgautam/Documents/Cherrygram-Mac/macOS-Swift
    builtin-SwiftPerFileCompile WeakContainer.swift

SwiftDriverJobDiscovery normal arm64 Compiling Verifiable.swift, Verifier.swift (in target 'FlatBuffers' from project 'FlatBuffers')

SwiftCompile normal arm64 Compiling\ _ObjC_HeartbeatsPayload.swift /Users/buddhirajgautam/Library/Developer/Xcode/DerivedData/Telegram-Mac-fygdgghdgmuleoelvxabfmqiotta/SourcePackages/checkouts/firebase-ios-sdk/FirebaseCore/Internal/Sources/HeartbeatLogging/_ObjC_HeartbeatsPayload.swift (in target 'FirebaseCoreInternal' from project 'Firebase')

SwiftCompile normal arm64 /Users/buddhirajgautam/Library/Developer/Xcode/DerivedData/Telegram-Mac-fygdgghdgmuleoelvxabfmqiotta/SourcePackages/checkouts/firebase-ios-sdk/FirebaseCore/Internal/Sources/HeartbeatLogging/_ObjC_HeartbeatsPayload.swift (in target 'FirebaseCoreInternal' from project 'Firebase')
    cd /Users/buddhirajgautam/Documents/Cherrygram-Mac/macOS-Swift
    builtin-SwiftPerFileCompile _ObjC_HeartbeatsPayload.swift

SwiftDriverJobDiscovery normal arm64 Compiling Storage.swift (in target 'FirebaseCoreInternal' from project 'Firebase')

SwiftCompile normal arm64 Compiling\ HeartbeatStorage.swift,\ HeartbeatsBundle.swift /Users/buddhirajgautam/Library/Developer/Xcode/DerivedData/Telegram-Mac-fygdgghdgmuleoelvxabfmqiotta/SourcePackages/checkouts/firebase-ios-sdk/FirebaseCore/Internal/Sources/HeartbeatLogging/HeartbeatStorage.swift /Users/buddhirajgautam/Library/Developer/Xcode/DerivedData/Telegram-Mac-fygdgghdgmuleoelvxabfmqiotta/SourcePackages/checkouts/firebase-ios-sdk/FirebaseCore/Internal/Sources/HeartbeatLogging/HeartbeatsBundle.swift (in target 'FirebaseCoreInternal' from project 'Firebase')

SwiftCompile normal arm64 /Users/buddhirajgautam/Library/Developer/Xcode/DerivedData/Telegram-Mac-fygdgghdgmuleoelvxabfmqiotta/SourcePackages/checkouts/firebase-ios-sdk/FirebaseCore/Internal/Sources/HeartbeatLogging/HeartbeatStorage.swift (in target 'FirebaseCoreInternal' from project 'Firebase')
    cd /Users/buddhirajgautam/Documents/Cherrygram-Mac/macOS-Swift
    builtin-SwiftPerFileCompile HeartbeatStorage.swift

SwiftCompile normal arm64 /Users/buddhirajgautam/Library/Developer/Xcode/DerivedData/Telegram-Mac-fygdgghdgmuleoelvxabfmqiotta/SourcePackages/checkouts/firebase-ios-sdk/FirebaseCore/Internal/Sources/HeartbeatLogging/HeartbeatsBundle.swift (in target 'FirebaseCoreInternal' from project 'Firebase')
    cd /Users/buddhirajgautam/Documents/Cherrygram-Mac/macOS-Swift
    builtin-SwiftPerFileCompile HeartbeatsBundle.swift

PrecompileModule /Users/buddhirajgautam/Library/Developer/Xcode/DerivedData/Telegram-Mac-fygdgghdgmuleoelvxabfmqiotta/Build/Intermediates.noindex/ExplicitPrecompiledModules/CoreGraphics-F37HHQTH6SNZ6BTSXK6G3QLPL.scan
    cd /
    builtin-precompileModule /Users/buddhirajgautam/Library/Developer/Xcode/DerivedData/Telegram-Mac-fygdgghdgmuleoelvxabfmqiotta/Build/Intermediates.noindex/ExplicitPrecompiledModules/CoreGraphics-F37HHQTH6SNZ6BTSXK6G3QLPL.scan

PrecompileModule /Users/buddhirajgautam/Library/Developer/Xcode/DerivedData/Telegram-Mac-fygdgghdgmuleoelvxabfmqiotta/Build/Intermediates.noindex/ExplicitPrecompiledModules/SystemConfiguration-438SYLP69FUQ5QFE4NISNA562.scan
    cd /
    builtin-precompileModule /Users/buddhirajgautam/Library/Developer/Xcode/DerivedData/Telegram-Mac-fygdgghdgmuleoelvxabfmqiotta/Build/Intermediates.noindex/ExplicitPrecompiledModules/SystemConfiguration-438SYLP69FUQ5QFE4NISNA562.scan

SwiftDriverJobDiscovery normal arm64 Compiling WeakContainer.swift (in target 'FirebaseCoreInternal' from project 'Firebase')

PrecompileModule /Users/buddhirajgautam/Library/Developer/Xcode/DerivedData/Telegram-Mac-fygdgghdgmuleoelvxabfmqiotta/Build/Intermediates.noindex/ExplicitPrecompiledModules/DiskArbitration-BZ3A9XRM8YNSKFYK6K3IFN1GZ.scan
    cd /
    builtin-precompileModule /Users/buddhirajgautam/Library/Developer/Xcode/DerivedData/Telegram-Mac-fygdgghdgmuleoelvxabfmqiotta/Build/Intermediates.noindex/ExplicitPrecompiledModules/DiskArbitration-BZ3A9XRM8YNSKFYK6K3IFN1GZ.scan

PrecompileModule /Users/buddhirajgautam/Library/Developer/Xcode/DerivedData/Telegram-Mac-fygdgghdgmuleoelvxabfmqiotta/Build/Intermediates.noindex/ExplicitPrecompiledModules/CoreText-7HYHIE4RZK9HYXGZA81CQ0Q5X.scan
    cd /
    builtin-precompileModule /Users/buddhirajgautam/Library/Developer/Xcode/DerivedData/Telegram-Mac-fygdgghdgmuleoelvxabfmqiotta/Build/Intermediates.noindex/ExplicitPrecompiledModules/CoreText-7HYHIE4RZK9HYXGZA81CQ0Q5X.scan

SwiftDriverJobDiscovery normal arm64 Compiling StorageFactory.swift (in target 'FirebaseCoreInternal' from project 'Firebase')

PrecompileModule /Users/buddhirajgautam/Library/Developer/Xcode/DerivedData/Telegram-Mac-fygdgghdgmuleoelvxabfmqiotta/Build/Intermediates.noindex/ExplicitPrecompiledModules/ImageIO-42P2NR93B3LFAZVG0HU235GCF.scan
    cd /
    builtin-precompileModule /Users/buddhirajgautam/Library/Developer/Xcode/DerivedData/Telegram-Mac-fygdgghdgmuleoelvxabfmqiotta/Build/Intermediates.noindex/ExplicitPrecompiledModules/ImageIO-42P2NR93B3LFAZVG0HU235GCF.scan

SwiftDriverJobDiscovery normal arm64 Compiling FlatBufferBuilder.swift, FlatBufferObject.swift, FlatBuffersUtils.swift (in target 'FlatBuffers' from project 'FlatBuffers')

SwiftDriver\ Compilation FlatBuffers normal arm64 com.apple.xcode.tools.swift.compiler (in target 'FlatBuffers' from project 'FlatBuffers')
    cd /Users/buddhirajgautam/Documents/Cherrygram-Mac/macOS-Swift
    builtin-Swift-Compilation -- /Applications/Xcode.app/Contents/Developer/Toolchains/XcodeDefault.xctoolchain/usr/bin/swiftc -parse-as-library -module-name FlatBuffers -Onone @/Users/buddhirajgautam/Library/Developer/Xcode/DerivedData/Telegram-Mac-fygdgghdgmuleoelvxabfmqiotta/Build/Intermediates.noindex/FlatBuffers.build/Debug/FlatBuffers-t.build/Objects-normal/arm64/FlatBuffers.SwiftFileList -DSWIFT_PACKAGE -DDEBUG -DSWIFT_MODULE_RESOURCE_BUNDLE_UNAVAILABLE -DXcode -plugin-path /Applications/Xcode.app/Contents/Developer/Toolchains/XcodeDefault.xctoolchain/usr/lib/swift/host/plugins/testing -enable-experimental-feature DebugDescriptionMacro -sdk /Applications/Xcode.app/Contents/Developer/Platforms/MacOSX.platform/Developer/SDKs/MacOSX27.0.sdk -target arm64-apple-macos12.0 -g -module-cache-path /Users/buddhirajgautam/Library/Developer/Xcode/DerivedData/ModuleCache.noindex -Xfrontend -serialize-debugging-options -profile-coverage-mapping -profile-generate -enable-testing -index-store-path /Users/buddhirajgautam/Library/Developer/Xcode/DerivedData/Telegram-Mac-fygdgghdgmuleoelvxabfmqiotta/Index.noindex/DataStore -Xcc -D_LIBCPP_HARDENING_MODE\=_LIBCPP_HARDENING_MODE_DEBUG -swift-version 5 -I /Users/buddhirajgautam/Library/Developer/Xcode/DerivedData/Telegram-Mac-fygdgghdgmuleoelvxabfmqiotta/Build/Products/Debug -Isystem /Applications/Xcode.app/Contents/Developer/Platforms/MacOSX.platform/Developer/usr/lib -F /Users/buddhirajgautam/Library/Developer/Xcode/DerivedData/Telegram-Mac-fygdgghdgmuleoelvxabfmqiotta/Build/Products/Debug -F /Applications/Xcode.app/Contents/Developer/Platforms/MacOSX.platform/Developer/Library/Frameworks -c -j8 -enable-batch-mode -incremental -Xcc -ivfsstatcache -Xcc /Users/buddhirajgautam/Library/Developer/Xcode/DerivedData/SDKStatCaches.noindex/macosx27.0-26A425-e829b21a6f8c9b70876ba0858053c0447231f6df4def33e022ae2eb8f782df1a.sdkstatcache -output-file-map /Users/buddhirajgautam/Library/Developer/Xcode/DerivedData/Telegram-Mac-fygdgghdgmuleoelvxabfmqiotta/Build/Intermediates.noindex/FlatBuffers.build/Debug/FlatBuffers-t.build/Objects-normal/arm64/FlatBuffers-OutputFileMap.json -save-temps -no-color-diagnostics -explicit-module-build -module-cache-path /Users/buddhirajgautam/Library/Developer/Xcode/DerivedData/Telegram-Mac-fygdgghdgmuleoelvxabfmqiotta/Build/Intermediates.noindex/SwiftExplicitPrecompiledModules -clang-scanner-module-cache-path /Users/buddhirajgautam/Library/Developer/Xcode/DerivedData/ModuleCache.noindex -sdk-module-cache-path /Users/buddhirajgautam/Library/Developer/Xcode/DerivedData/SDKExplicitPrecompiledModules -emit-dependencies -emit-module -emit-module-path /Users/buddhirajgautam/Library/Developer/Xcode/DerivedData/Telegram-Mac-fygdgghdgmuleoelvxabfmqiotta/Build/Intermediates.noindex/FlatBuffers.build/Debug/FlatBuffers-t.build/Objects-normal/arm64/FlatBuffers.swiftmodule -serialize-diagnostics -dependency-scan-serialize-diagnostics-path /Users/buddhirajgautam/Library/Developer/Xcode/DerivedData/Telegram-Mac-fygdgghdgmuleoelvxabfmqiotta/Build/Intermediates.noindex/FlatBuffers.build/Debug/FlatBuffers-t.build/Objects-normal/arm64/FlatBuffers-dependency-scan.dia -validate-clang-modules-once -clang-build-session-file /Users/buddhirajgautam/Library/Developer/Xcode/DerivedData/ModuleCache.noindex/Session.modulevalidation -Xcc -fmodules-prune-interval\=86400 -Xcc -fmodules-prune-after\=345600 -emit-const-values -const-gather-protocols-list /Users/buddhirajgautam/Library/Developer/Xcode/DerivedData/Telegram-Mac-fygdgghdgmuleoelvxabfmqiotta/Build/Intermediates.noindex/FlatBuffers.build/Debug/FlatBuffers-t.build/Objects-normal/arm64/FlatBuffers_const_extract_protocols.json -Xcc -I/Users/buddhirajgautam/Library/Developer/Xcode/DerivedData/Telegram-Mac-fygdgghdgmuleoelvxabfmqiotta/Build/Products/Debug/include -Xcc -I/Users/buddhirajgautam/Library/Developer/Xcode/DerivedData/Telegram-Mac-fygdgghdgmuleoelvxabfmqiotta/Build/Intermediates.noindex/FlatBuffers.build/Debug/FlatBuffers-t.build/DerivedSources-normal/arm64 -Xcc -I/Users/buddhirajgautam/Library/Developer/Xcode/DerivedData/Telegram-Mac-fygdgghdgmuleoelvxabfmqiotta/Build/Intermediates.noindex/FlatBuffers.build/Debug/FlatBuffers-t.build/DerivedSources/arm64 -Xcc -I/Users/buddhirajgautam/Library/Developer/Xcode/DerivedData/Telegram-Mac-fygdgghdgmuleoelvxabfmqiotta/Build/Intermediates.noindex/FlatBuffers.build/Debug/FlatBuffers-t.build/DerivedSources -Xcc -DSWIFT_PACKAGE -Xcc -DDEBUG\=1 -emit-objc-header -emit-objc-header-path /Users/buddhirajgautam/Library/Developer/Xcode/DerivedData/Telegram-Mac-fygdgghdgmuleoelvxabfmqiotta/Build/Intermediates.noindex/FlatBuffers.build/Debug/FlatBuffers-t.build/Objects-normal/arm64/FlatBuffers-Swift.h -working-directory /Users/buddhirajgautam/Documents/Cherrygram-Mac/macOS-Swift -experimental-emit-module-separately -disable-cmo

PrecompileModule /Users/buddhirajgautam/Library/Developer/Xcode/DerivedData/Telegram-Mac-fygdgghdgmuleoelvxabfmqiotta/Build/Intermediates.noindex/ExplicitPrecompiledModules/CoreServices-9J8RPSX0105LLSQAO4SRISU5G.scan
    cd /
    builtin-precompileModule /Users/buddhirajgautam/Library/Developer/Xcode/DerivedData/Telegram-Mac-fygdgghdgmuleoelvxabfmqiotta/Build/Intermediates.noindex/ExplicitPrecompiledModules/CoreServices-9J8RPSX0105LLSQAO4SRISU5G.scan

SwiftCompile normal arm64 Compiling\ Heartbeat.swift,\ HeartbeatController.swift /Users/buddhirajgautam/Library/Developer/Xcode/DerivedData/Telegram-Mac-fygdgghdgmuleoelvxabfmqiotta/SourcePackages/checkouts/firebase-ios-sdk/FirebaseCore/Internal/Sources/HeartbeatLogging/Heartbeat.swift /Users/buddhirajgautam/Library/Developer/Xcode/DerivedData/Telegram-Mac-fygdgghdgmuleoelvxabfmqiotta/SourcePackages/checkouts/firebase-ios-sdk/FirebaseCore/Internal/Sources/HeartbeatLogging/HeartbeatController.swift (in target 'FirebaseCoreInternal' from project 'Firebase')

SwiftCompile normal arm64 /Users/buddhirajgautam/Library/Developer/Xcode/DerivedData/Telegram-Mac-fygdgghdgmuleoelvxabfmqiotta/SourcePackages/checkouts/firebase-ios-sdk/FirebaseCore/Internal/Sources/HeartbeatLogging/Heartbeat.swift (in target 'FirebaseCoreInternal' from project 'Firebase')
    cd /Users/buddhirajgautam/Documents/Cherrygram-Mac/macOS-Swift
    builtin-SwiftPerFileCompile Heartbeat.swift

SwiftCompile normal arm64 /Users/buddhirajgautam/Library/Developer/Xcode/DerivedData/Telegram-Mac-fygdgghdgmuleoelvxabfmqiotta/SourcePackages/checkouts/firebase-ios-sdk/FirebaseCore/Internal/Sources/HeartbeatLogging/HeartbeatController.swift (in target 'FirebaseCoreInternal' from project 'Firebase')
    cd /Users/buddhirajgautam/Documents/Cherrygram-Mac/macOS-Swift
    builtin-SwiftPerFileCompile HeartbeatController.swift

SwiftDriverJobDiscovery normal arm64 Compiling _ObjC_HeartbeatsPayload.swift (in target 'FirebaseCoreInternal' from project 'Firebase')

ScanDependencies /Users/buddhirajgautam/Library/Developer/Xcode/DerivedData/Telegram-Mac-fygdgghdgmuleoelvxabfmqiotta/Build/Intermediates.noindex/Firebase.build/Debug/Firebase-t.build/Objects-normal/arm64/dummy.o /Users/buddhirajgautam/Library/Developer/Xcode/DerivedData/Telegram-Mac-fygdgghdgmuleoelvxabfmqiotta/SourcePackages/checkouts/firebase-ios-sdk/CoreOnly/Sources/dummy.m normal arm64 objective-c com.apple.compilers.llvm.clang.1_0.compiler (in target 'Firebase' from project 'Firebase')
    cd /Users/buddhirajgautam/Documents/Cherrygram-Mac/macOS-Swift
    
    Using response file: /Users/buddhirajgautam/Library/Developer/Xcode/DerivedData/Telegram-Mac-fygdgghdgmuleoelvxabfmqiotta/Build/Intermediates.noindex/Firebase.build/Debug/Firebase-t.build/Objects-normal/arm64/e6072d4f65d7061329687fe24e3d63a7-common-args.resp
    
    builtin-ScanDependencies -o /Users/buddhirajgautam/Library/Developer/Xcode/DerivedData/Telegram-Mac-fygdgghdgmuleoelvxabfmqiotta/Build/Intermediates.noindex/Firebase.build/Debug/Firebase-t.build/Objects-normal/arm64/dummy.o.scan -- /Applications/Xcode.app/Contents/Developer/Toolchains/XcodeDefault.xctoolchain/usr/bin/clang -x objective-c -ivfsstatcache /Users/buddhirajgautam/Library/Developer/Xcode/DerivedData/SDKStatCaches.noindex/macosx27.0-26A425-e829b21a6f8c9b70876ba0858053c0447231f6df4def33e022ae2eb8f782df1a.sdkstatcache -target arm64-apple-macos12.0 -fmessage-length\=0 -fdiagnostics-show-note-include-stack -fmacro-backtrace-limit\=0 -fno-color-diagnostics -fmodules-prune-interval\=86400 -fmodules-prune-after\=345600 -fbuild-session-file\=/Users/buddhirajgautam/Library/Developer/Xcode/DerivedData/ModuleCache.noindex/Session.modulevalidation -fmodules-validate-once-per-build-session -Wnon-modular-include-in-framework-module -Werror\=non-modular-include-in-framework-module -Wno-trigraphs -Wno-missing-field-initializers -Wno-missing-prototypes -Wno-return-type -Wno-implicit-atomic-properties -Wno-objc-interface-ivars -Wno-arc-repeated-use-of-weak -Wno-missing-braces -Wparentheses -Wswitch -Wno-unused-function -Wno-unused-label -Wno-unused-parameter -Wno-unused-variable -Wunused-value -Wno-empty-body -Wno-uninitialized -Wno-unknown-pragmas -w -Wno-shadow -Wno-four-char-constants -Wno-conversion -Wno-constant-conversion -Wno-int-conversion -Wno-bool-conversion -Wno-enum-conversion -Wno-float-conversion -Wno-non-literal-null-conversion -Wno-objc-literal-conversion -Wshorten-64-to-32 -Wpointer-sign -Wno-newline-eof -Wno-selector -Wno-strict-selector-match -Wno-undeclared-selector -Wno-deprecated-implementations -Wno-implicit-fallthrough -isysroot /Applications/Xcode.app/Contents/Developer/Platforms/MacOSX.platform/Developer/SDKs/MacOSX27.0.sdk -fstrict-aliasing -Wprotocol -Wdeprecated-declarations -Wno-sign-conversion -Wno-infinite-recursion -Wno-comma -Wno-block-capture-autoreleasing -Wno-strict-prototypes -Wno-semicolon-before-method-body -index-store-path /Users/buddhirajgautam/Library/Developer/Xcode/DerivedData/Telegram-Mac-fygdgghdgmuleoelvxabfmqiotta/Index.noindex/DataStore @/Users/buddhirajgautam/Library/Developer/Xcode/DerivedData/Telegram-Mac-fygdgghdgmuleoelvxabfmqiotta/Build/Intermediates.noindex/Firebase.build/Debug/Firebase-t.build/Objects-normal/arm64/e6072d4f65d7061329687fe24e3d63a7-common-args.resp -MMD -MT dependencies -MF /Users/buddhirajgautam/Library/Developer/Xcode/DerivedData/Telegram-Mac-fygdgghdgmuleoelvxabfmqiotta/Build/Intermediates.noindex/Firebase.build/Debug/Firebase-t.build/Objects-normal/arm64/dummy.d --serialize-diagnostics /Users/buddhirajgautam/Library/Developer/Xcode/DerivedData/Telegram-Mac-fygdgghdgmuleoelvxabfmqiotta/Build/Intermediates.noindex/Firebase.build/Debug/Firebase-t.build/Objects-normal/arm64/dummy.dia -c /Users/buddhirajgautam/Library/Developer/Xcode/DerivedData/Telegram-Mac-fygdgghdgmuleoelvxabfmqiotta/SourcePackages/checkouts/firebase-ios-sdk/CoreOnly/Sources/dummy.m -o /Users/buddhirajgautam/Library/Developer/Xcode/DerivedData/Telegram-Mac-fygdgghdgmuleoelvxabfmqiotta/Build/Intermediates.noindex/Firebase.build/Debug/Firebase-t.build/Objects-normal/arm64/dummy.o -index-unit-output-path /Firebase.build/Debug/Firebase-t.build/Objects-normal/arm64/dummy.o

ScanDependencies /Users/buddhirajgautam/Library/Developer/Xcode/DerivedData/Telegram-Mac-fygdgghdgmuleoelvxabfmqiotta/Build/Intermediates.noindex/Firebase.build/Debug/FirebaseCore-t.build/Objects-normal/arm64/FIRVersion.o /Users/buddhirajgautam/Library/Developer/Xcode/DerivedData/Telegram-Mac-fygdgghdgmuleoelvxabfmqiotta/SourcePackages/checkouts/firebase-ios-sdk/FirebaseCore/Sources/FIRVersion.m normal arm64 objective-c com.apple.compilers.llvm.clang.1_0.compiler (in target 'FirebaseCore' from project 'Firebase')
    cd /Users/buddhirajgautam/Documents/Cherrygram-Mac/macOS-Swift
    
    Using response file: /Users/buddhirajgautam/Library/Developer/Xcode/DerivedData/Telegram-Mac-fygdgghdgmuleoelvxabfmqiotta/Build/Intermediates.noindex/Firebase.build/Debug/FirebaseCore-t.build/Objects-normal/arm64/e6072d4f65d7061329687fe24e3d63a7-common-args.resp
    
    builtin-ScanDependencies -o /Users/buddhirajgautam/Library/Developer/Xcode/DerivedData/Telegram-Mac-fygdgghdgmuleoelvxabfmqiotta/Build/Intermediates.noindex/Firebase.build/Debug/FirebaseCore-t.build/Objects-normal/arm64/FIRVersion.o.scan -- /Applications/Xcode.app/Contents/Developer/Toolchains/XcodeDefault.xctoolchain/usr/bin/clang -x objective-c -ivfsstatcache /Users/buddhirajgautam/Library/Developer/Xcode/DerivedData/SDKStatCaches.noindex/macosx27.0-26A425-e829b21a6f8c9b70876ba0858053c0447231f6df4def33e022ae2eb8f782df1a.sdkstatcache -target arm64-apple-macos12.0 -fmessage-length\=0 -fdiagnostics-show-note-include-stack -fmacro-backtrace-limit\=0 -fno-color-diagnostics -fmodules-prune-interval\=86400 -fmodules-prune-after\=345600 -fbuild-session-file\=/Users/buddhirajgautam/Library/Developer/Xcode/DerivedData/ModuleCache.noindex/Session.modulevalidation -fmodules-validate-once-per-build-session -Wnon-modular-include-in-framework-module -Werror\=non-modular-include-in-framework-module -Wno-trigraphs -Wno-missing-field-initializers -Wno-missing-prototypes -Wno-return-type -Wno-implicit-atomic-properties -Wno-objc-interface-ivars -Wno-arc-repeated-use-of-weak -Wno-missing-braces -Wparentheses -Wswitch -Wno-unused-function -Wno-unused-label -Wno-unused-parameter -Wno-unused-variable -Wunused-value -Wno-empty-body -Wno-uninitialized -Wno-unknown-pragmas -w -Wno-shadow -Wno-four-char-constants -Wno-conversion -Wno-constant-conversion -Wno-int-conversion -Wno-bool-conversion -Wno-enum-conversion -Wno-float-conversion -Wno-non-literal-null-conversion -Wno-objc-literal-conversion -Wshorten-64-to-32 -Wpointer-sign -Wno-newline-eof -Wno-selector -Wno-strict-selector-match -Wno-undeclared-selector -Wno-deprecated-implementations -Wno-implicit-fallthrough -isysroot /Applications/Xcode.app/Contents/Developer/Platforms/MacOSX.platform/Developer/SDKs/MacOSX27.0.sdk -fstrict-aliasing -Wprotocol -Wdeprecated-declarations -Wno-sign-conversion -Wno-infinite-recursion -Wno-comma -Wno-block-capture-autoreleasing -Wno-strict-prototypes -Wno-semicolon-before-method-body -index-store-path /Users/buddhirajgautam/Library/Developer/Xcode/DerivedData/Telegram-Mac-fygdgghdgmuleoelvxabfmqiotta/Index.noindex/DataStore @/Users/buddhirajgautam/Library/Developer/Xcode/DerivedData/Telegram-Mac-fygdgghdgmuleoelvxabfmqiotta/Build/Intermediates.noindex/Firebase.build/Debug/FirebaseCore-t.build/Objects-normal/arm64/e6072d4f65d7061329687fe24e3d63a7-common-args.resp -MMD -MT dependencies -MF /Users/buddhirajgautam/Library/Developer/Xcode/DerivedData/Telegram-Mac-fygdgghdgmuleoelvxabfmqiotta/Build/Intermediates.noindex/Firebase.build/Debug/FirebaseCore-t.build/Objects-normal/arm64/FIRVersion.d --serialize-diagnostics /Users/buddhirajgautam/Library/Developer/Xcode/DerivedData/Telegram-Mac-fygdgghdgmuleoelvxabfmqiotta/Build/Intermediates.noindex/Firebase.build/Debug/FirebaseCore-t.build/Objects-normal/arm64/FIRVersion.dia -c /Users/buddhirajgautam/Library/Developer/Xcode/DerivedData/Telegram-Mac-fygdgghdgmuleoelvxabfmqiotta/SourcePackages/checkouts/firebase-ios-sdk/FirebaseCore/Sources/FIRVersion.m -o /Users/buddhirajgautam/Library/Developer/Xcode/DerivedData/Telegram-Mac-fygdgghdgmuleoelvxabfmqiotta/Build/Intermediates.noindex/Firebase.build/Debug/FirebaseCore-t.build/Objects-normal/arm64/FIRVersion.o -index-unit-output-path /Firebase.build/Debug/FirebaseCore-t.build/Objects-normal/arm64/FIRVersion.o

CompileC /Users/buddhirajgautam/Library/Developer/Xcode/DerivedData/Telegram-Mac-fygdgghdgmuleoelvxabfmqiotta/Build/Intermediates.noindex/Firebase.build/Debug/Firebase-t.build/Objects-normal/arm64/dummy.o /Users/buddhirajgautam/Library/Developer/Xcode/DerivedData/Telegram-Mac-fygdgghdgmuleoelvxabfmqiotta/SourcePackages/checkouts/firebase-ios-sdk/CoreOnly/Sources/dummy.m normal arm64 objective-c com.apple.compilers.llvm.clang.1_0.compiler (in target 'Firebase' from project 'Firebase')
    cd /Users/buddhirajgautam/Documents/Cherrygram-Mac/macOS-Swift
    
    Using response file: /Users/buddhirajgautam/Library/Developer/Xcode/DerivedData/Telegram-Mac-fygdgghdgmuleoelvxabfmqiotta/Build/Intermediates.noindex/Firebase.build/Debug/Firebase-t.build/Objects-normal/arm64/e6072d4f65d7061329687fe24e3d63a7-common-args.resp
    
    /Applications/Xcode.app/Contents/Developer/Toolchains/XcodeDefault.xctoolchain/usr/bin/clang -x objective-c -ivfsstatcache /Users/buddhirajgautam/Library/Developer/Xcode/DerivedData/SDKStatCaches.noindex/macosx27.0-26A425-e829b21a6f8c9b70876ba0858053c0447231f6df4def33e022ae2eb8f782df1a.sdkstatcache -target arm64-apple-macos12.0 -fmessage-length\=0 -fdiagnostics-show-note-include-stack -fmacro-backtrace-limit\=0 -fno-color-diagnostics -fmodules-prune-interval\=86400 -fmodules-prune-after\=345600 -fbuild-session-file\=/Users/buddhirajgautam/Library/Developer/Xcode/DerivedData/ModuleCache.noindex/Session.modulevalidation -fmodules-validate-once-per-build-session -Wnon-modular-include-in-framework-module -Werror\=non-modular-include-in-framework-module -Wno-trigraphs -Wno-missing-field-initializers -Wno-missing-prototypes -Wno-return-type -Wno-implicit-atomic-properties -Wno-objc-interface-ivars -Wno-arc-repeated-use-of-weak -Wno-missing-braces -Wparentheses -Wswitch -Wno-unused-function -Wno-unused-label -Wno-unused-parameter -Wno-unused-variable -Wunused-value -Wno-empty-body -Wno-uninitialized -Wno-unknown-pragmas -w -Wno-shadow -Wno-four-char-constants -Wno-conversion -Wno-constant-conversion -Wno-int-conversion -Wno-bool-conversion -Wno-enum-conversion -Wno-float-conversion -Wno-non-literal-null-conversion -Wno-objc-literal-conversion -Wshorten-64-to-32 -Wpointer-sign -Wno-newline-eof -Wno-selector -Wno-strict-selector-match -Wno-undeclared-selector -Wno-deprecated-implementations -Wno-implicit-fallthrough -isysroot /Applications/Xcode.app/Contents/Developer/Platforms/MacOSX.platform/Developer/SDKs/MacOSX27.0.sdk -fstrict-aliasing -Wprotocol -Wdeprecated-declarations -Wno-sign-conversion -Wno-infinite-recursion -Wno-comma -Wno-block-capture-autoreleasing -Wno-strict-prototypes -Wno-semicolon-before-method-body -index-store-path /Users/buddhirajgautam/Library/Developer/Xcode/DerivedData/Telegram-Mac-fygdgghdgmuleoelvxabfmqiotta/Index.noindex/DataStore @/Users/buddhirajgautam/Library/Developer/Xcode/DerivedData/Telegram-Mac-fygdgghdgmuleoelvxabfmqiotta/Build/Intermediates.noindex/Firebase.build/Debug/Firebase-t.build/Objects-normal/arm64/e6072d4f65d7061329687fe24e3d63a7-common-args.resp -MMD -MT dependencies -MF /Users/buddhirajgautam/Library/Developer/Xcode/DerivedData/Telegram-Mac-fygdgghdgmuleoelvxabfmqiotta/Build/Intermediates.noindex/Firebase.build/Debug/Firebase-t.build/Objects-normal/arm64/dummy.d --serialize-diagnostics /Users/buddhirajgautam/Library/Developer/Xcode/DerivedData/Telegram-Mac-fygdgghdgmuleoelvxabfmqiotta/Build/Intermediates.noindex/Firebase.build/Debug/Firebase-t.build/Objects-normal/arm64/dummy.dia -c /Users/buddhirajgautam/Library/Developer/Xcode/DerivedData/Telegram-Mac-fygdgghdgmuleoelvxabfmqiotta/SourcePackages/checkouts/firebase-ios-sdk/CoreOnly/Sources/dummy.m -o /Users/buddhirajgautam/Library/Developer/Xcode/DerivedData/Telegram-Mac-fygdgghdgmuleoelvxabfmqiotta/Build/Intermediates.noindex/Firebase.build/Debug/Firebase-t.build/Objects-normal/arm64/dummy.o -index-unit-output-path /Firebase.build/Debug/Firebase-t.build/Objects-normal/arm64/dummy.o

ScanDependencies /Users/buddhirajgautam/Library/Developer/Xcode/DerivedData/Telegram-Mac-fygdgghdgmuleoelvxabfmqiotta/Build/Intermediates.noindex/Firebase.build/Debug/FirebaseCore-t.build/Objects-normal/arm64/FIROptions.o /Users/buddhirajgautam/Library/Developer/Xcode/DerivedData/Telegram-Mac-fygdgghdgmuleoelvxabfmqiotta/SourcePackages/checkouts/firebase-ios-sdk/FirebaseCore/Sources/FIROptions.m normal arm64 objective-c com.apple.compilers.llvm.clang.1_0.compiler (in target 'FirebaseCore' from project 'Firebase')
    cd /Users/buddhirajgautam/Documents/Cherrygram-Mac/macOS-Swift
    
    Using response file: /Users/buddhirajgautam/Library/Developer/Xcode/DerivedData/Telegram-Mac-fygdgghdgmuleoelvxabfmqiotta/Build/Intermediates.noindex/Firebase.build/Debug/FirebaseCore-t.build/Objects-normal/arm64/e6072d4f65d7061329687fe24e3d63a7-common-args.resp
    
    builtin-ScanDependencies -o /Users/buddhirajgautam/Library/Developer/Xcode/DerivedData/Telegram-Mac-fygdgghdgmuleoelvxabfmqiotta/Build/Intermediates.noindex/Firebase.build/Debug/FirebaseCore-t.build/Objects-normal/arm64/FIROptions.o.scan -- /Applications/Xcode.app/Contents/Developer/Toolchains/XcodeDefault.xctoolchain/usr/bin/clang -x objective-c -ivfsstatcache /Users/buddhirajgautam/Library/Developer/Xcode/DerivedData/SDKStatCaches.noindex/macosx27.0-26A425-e829b21a6f8c9b70876ba0858053c0447231f6df4def33e022ae2eb8f782df1a.sdkstatcache -target arm64-apple-macos12.0 -fmessage-length\=0 -fdiagnostics-show-note-include-stack -fmacro-backtrace-limit\=0 -fno-color-diagnostics -fmodules-prune-interval\=86400 -fmodules-prune-after\=345600 -fbuild-session-file\=/Users/buddhirajgautam/Library/Developer/Xcode/DerivedData/ModuleCache.noindex/Session.modulevalidation -fmodules-validate-once-per-build-session -Wnon-modular-include-in-framework-module -Werror\=non-modular-include-in-framework-module -Wno-trigraphs -Wno-missing-field-initializers -Wno-missing-prototypes -Wno-return-type -Wno-implicit-atomic-properties -Wno-objc-interface-ivars -Wno-arc-repeated-use-of-weak -Wno-missing-braces -Wparentheses -Wswitch -Wno-unused-function -Wno-unused-label -Wno-unused-parameter -Wno-unused-variable -Wunused-value -Wno-empty-body -Wno-uninitialized -Wno-unknown-pragmas -w -Wno-shadow -Wno-four-char-constants -Wno-conversion -Wno-constant-conversion -Wno-int-conversion -Wno-bool-conversion -Wno-enum-conversion -Wno-float-conversion -Wno-non-literal-null-conversion -Wno-objc-literal-conversion -Wshorten-64-to-32 -Wpointer-sign -Wno-newline-eof -Wno-selector -Wno-strict-selector-match -Wno-undeclared-selector -Wno-deprecated-implementations -Wno-implicit-fallthrough -isysroot /Applications/Xcode.app/Contents/Developer/Platforms/MacOSX.platform/Developer/SDKs/MacOSX27.0.sdk -fstrict-aliasing -Wprotocol -Wdeprecated-declarations -Wno-sign-conversion -Wno-infinite-recursion -Wno-comma -Wno-block-capture-autoreleasing -Wno-strict-prototypes -Wno-semicolon-before-method-body -index-store-path /Users/buddhirajgautam/Library/Developer/Xcode/DerivedData/Telegram-Mac-fygdgghdgmuleoelvxabfmqiotta/Index.noindex/DataStore @/Users/buddhirajgautam/Library/Developer/Xcode/DerivedData/Telegram-Mac-fygdgghdgmuleoelvxabfmqiotta/Build/Intermediates.noindex/Firebase.build/Debug/FirebaseCore-t.build/Objects-normal/arm64/e6072d4f65d7061329687fe24e3d63a7-common-args.resp -MMD -MT dependencies -MF /Users/buddhirajgautam/Library/Developer/Xcode/DerivedData/Telegram-Mac-fygdgghdgmuleoelvxabfmqiotta/Build/Intermediates.noindex/Firebase.build/Debug/FirebaseCore-t.build/Objects-normal/arm64/FIROptions.d --serialize-diagnostics /Users/buddhirajgautam/Library/Developer/Xcode/DerivedData/Telegram-Mac-fygdgghdgmuleoelvxabfmqiotta/Build/Intermediates.noindex/Firebase.build/Debug/FirebaseCore-t.build/Objects-normal/arm64/FIROptions.dia -c /Users/buddhirajgautam/Library/Developer/Xcode/DerivedData/Telegram-Mac-fygdgghdgmuleoelvxabfmqiotta/SourcePackages/checkouts/firebase-ios-sdk/FirebaseCore/Sources/FIROptions.m -o /Users/buddhirajgautam/Library/Developer/Xcode/DerivedData/Telegram-Mac-fygdgghdgmuleoelvxabfmqiotta/Build/Intermediates.noindex/Firebase.build/Debug/FirebaseCore-t.build/Objects-normal/arm64/FIROptions.o -index-unit-output-path /Firebase.build/Debug/FirebaseCore-t.build/Objects-normal/arm64/FIROptions.o

ScanDependencies /Users/buddhirajgautam/Library/Developer/Xcode/DerivedData/Telegram-Mac-fygdgghdgmuleoelvxabfmqiotta/Build/Intermediates.noindex/Firebase.build/Debug/FirebaseCore-t.build/Objects-normal/arm64/FIRLogger.o /Users/buddhirajgautam/Library/Developer/Xcode/DerivedData/Telegram-Mac-fygdgghdgmuleoelvxabfmqiotta/SourcePackages/checkouts/firebase-ios-sdk/FirebaseCore/Sources/FIRLogger.m normal arm64 objective-c com.apple.compilers.llvm.clang.1_0.compiler (in target 'FirebaseCore' from project 'Firebase')
    cd /Users/buddhirajgautam/Documents/Cherrygram-Mac/macOS-Swift
    
    Using response file: /Users/buddhirajgautam/Library/Developer/Xcode/DerivedData/Telegram-Mac-fygdgghdgmuleoelvxabfmqiotta/Build/Intermediates.noindex/Firebase.build/Debug/FirebaseCore-t.build/Objects-normal/arm64/e6072d4f65d7061329687fe24e3d63a7-common-args.resp
    
    builtin-ScanDependencies -o /Users/buddhirajgautam/Library/Developer/Xcode/DerivedData/Telegram-Mac-fygdgghdgmuleoelvxabfmqiotta/Build/Intermediates.noindex/Firebase.build/Debug/FirebaseCore-t.build/Objects-normal/arm64/FIRLogger.o.scan -- /Applications/Xcode.app/Contents/Developer/Toolchains/XcodeDefault.xctoolchain/usr/bin/clang -x objective-c -ivfsstatcache /Users/buddhirajgautam/Library/Developer/Xcode/DerivedData/SDKStatCaches.noindex/macosx27.0-26A425-e829b21a6f8c9b70876ba0858053c0447231f6df4def33e022ae2eb8f782df1a.sdkstatcache -target arm64-apple-macos12.0 -fmessage-length\=0 -fdiagnostics-show-note-include-stack -fmacro-backtrace-limit\=0 -fno-color-diagnostics -fmodules-prune-interval\=86400 -fmodules-prune-after\=345600 -fbuild-session-file\=/Users/buddhirajgautam/Library/Developer/Xcode/DerivedData/ModuleCache.noindex/Session.modulevalidation -fmodules-validate-once-per-build-session -Wnon-modular-include-in-framework-module -Werror\=non-modular-include-in-framework-module -Wno-trigraphs -Wno-missing-field-initializers -Wno-missing-prototypes -Wno-return-type -Wno-implicit-atomic-properties -Wno-objc-interface-ivars -Wno-arc-repeated-use-of-weak -Wno-missing-braces -Wparentheses -Wswitch -Wno-unused-function -Wno-unused-label -Wno-unused-parameter -Wno-unused-variable -Wunused-value -Wno-empty-body -Wno-uninitialized -Wno-unknown-pragmas -w -Wno-shadow -Wno-four-char-constants -Wno-conversion -Wno-constant-conversion -Wno-int-conversion -Wno-bool-conversion -Wno-enum-conversion -Wno-float-conversion -Wno-non-literal-null-conversion -Wno-objc-literal-conversion -Wshorten-64-to-32 -Wpointer-sign -Wno-newline-eof -Wno-selector -Wno-strict-selector-match -Wno-undeclared-selector -Wno-deprecated-implementations -Wno-implicit-fallthrough -isysroot /Applications/Xcode.app/Contents/Developer/Platforms/MacOSX.platform/Developer/SDKs/MacOSX27.0.sdk -fstrict-aliasing -Wprotocol -Wdeprecated-declarations -Wno-sign-conversion -Wno-infinite-recursion -Wno-comma -Wno-block-capture-autoreleasing -Wno-strict-prototypes -Wno-semicolon-before-method-body -index-store-path /Users/buddhirajgautam/Library/Developer/Xcode/DerivedData/Telegram-Mac-fygdgghdgmuleoelvxabfmqiotta/Index.noindex/DataStore @/Users/buddhirajgautam/Library/Developer/Xcode/DerivedData/Telegram-Mac-fygdgghdgmuleoelvxabfmqiotta/Build/Intermediates.noindex/Firebase.build/Debug/FirebaseCore-t.build/Objects-normal/arm64/e6072d4f65d7061329687fe24e3d63a7-common-args.resp -MMD -MT dependencies -MF /Users/buddhirajgautam/Library/Developer/Xcode/DerivedData/Telegram-Mac-fygdgghdgmuleoelvxabfmqiotta/Build/Intermediates.noindex/Firebase.build/Debug/FirebaseCore-t.build/Objects-normal/arm64/FIRLogger.d --serialize-diagnostics /Users/buddhirajgautam/Library/Developer/Xcode/DerivedData/Telegram-Mac-fygdgghdgmuleoelvxabfmqiotta/Build/Intermediates.noindex/Firebase.build/Debug/FirebaseCore-t.build/Objects-normal/arm64/FIRLogger.dia -c /Users/buddhirajgautam/Library/Developer/Xcode/DerivedData/Telegram-Mac-fygdgghdgmuleoelvxabfmqiotta/SourcePackages/checkouts/firebase-ios-sdk/FirebaseCore/Sources/FIRLogger.m -o /Users/buddhirajgautam/Library/Developer/Xcode/DerivedData/Telegram-Mac-fygdgghdgmuleoelvxabfmqiotta/Build/Intermediates.noindex/Firebase.build/Debug/FirebaseCore-t.build/Objects-normal/arm64/FIRLogger.o -index-unit-output-path /Firebase.build/Debug/FirebaseCore-t.build/Objects-normal/arm64/FIRLogger.o

Ld /Users/buddhirajgautam/Library/Developer/Xcode/DerivedData/Telegram-Mac-fygdgghdgmuleoelvxabfmqiotta/Build/Products/Debug/Firebase.o normal (in target 'Firebase' from project 'Firebase')
    cd /Users/buddhirajgautam/Library/Developer/Xcode/DerivedData/Telegram-Mac-fygdgghdgmuleoelvxabfmqiotta/SourcePackages/checkouts/firebase-ios-sdk
    /Applications/Xcode.app/Contents/Developer/Toolchains/XcodeDefault.xctoolchain/usr/bin/clang -Xlinker -reproducible -target arm64-apple-macos12.0 -r -isysroot /Applications/Xcode.app/Contents/Developer/Platforms/MacOSX.platform/Developer/SDKs/MacOSX27.0.sdk -O0 -w -Xlinker -no_warn_duplicate_libraries -F/Users/buddhirajgautam/Library/Developer/Xcode/DerivedData/Telegram-Mac-fygdgghdgmuleoelvxabfmqiotta/Build/Intermediates.noindex/EagerLinkingTBDs/Debug -F/Users/buddhirajgautam/Library/Developer/Xcode/DerivedData/Telegram-Mac-fygdgghdgmuleoelvxabfmqiotta/Build/Products/Debug -iframework /Applications/Xcode.app/Contents/Developer/Platforms/MacOSX.platform/Developer/Library/Frameworks -filelist /Users/buddhirajgautam/Library/Developer/Xcode/DerivedData/Telegram-Mac-fygdgghdgmuleoelvxabfmqiotta/Build/Intermediates.noindex/Firebase.build/Debug/Firebase-t.build/Objects-normal/arm64/Firebase.LinkFileList -nostdlib -Xlinker -object_path_lto -Xlinker /Users/buddhirajgautam/Library/Developer/Xcode/DerivedData/Telegram-Mac-fygdgghdgmuleoelvxabfmqiotta/Build/Intermediates.noindex/Firebase.build/Debug/Firebase-t.build/Objects-normal/arm64/Firebase_lto.o -Xlinker -no_deduplicate -Xlinker -debug_variant -Xlinker -dependency_info -Xlinker /Users/buddhirajgautam/Library/Developer/Xcode/DerivedData/Telegram-Mac-fygdgghdgmuleoelvxabfmqiotta/Build/Intermediates.noindex/Firebase.build/Debug/Firebase-t.build/Objects-normal/arm64/Firebase_dependency_info.dat -fobjc-arc -fobjc-link-runtime -o /Users/buddhirajgautam/Library/Developer/Xcode/DerivedData/Telegram-Mac-fygdgghdgmuleoelvxabfmqiotta/Build/Products/Debug/Firebase.o

PrecompileModule /Users/buddhirajgautam/Library/Developer/Xcode/DerivedData/Telegram-Mac-fygdgghdgmuleoelvxabfmqiotta/Build/Intermediates.noindex/ExplicitPrecompiledModules/Foundation-2B9RV1VHQPUWKVPV7D89JJ0QW.scan
    cd /
    builtin-precompileModule /Users/buddhirajgautam/Library/Developer/Xcode/DerivedData/Telegram-Mac-fygdgghdgmuleoelvxabfmqiotta/Build/Intermediates.noindex/ExplicitPrecompiledModules/Foundation-2B9RV1VHQPUWKVPV7D89JJ0QW.scan

SwiftDriverJobDiscovery normal arm64 Compiling HeartbeatsPayload.swift, RingBuffer.swift (in target 'FirebaseCoreInternal' from project 'Firebase')

ScanDependencies /Users/buddhirajgautam/Library/Developer/Xcode/DerivedData/Telegram-Mac-fygdgghdgmuleoelvxabfmqiotta/Build/Intermediates.noindex/Firebase.build/Debug/FirebaseCore-t.build/Objects-normal/arm64/FIRHeartbeatLogger.o /Users/buddhirajgautam/Library/Developer/Xcode/DerivedData/Telegram-Mac-fygdgghdgmuleoelvxabfmqiotta/SourcePackages/checkouts/firebase-ios-sdk/FirebaseCore/Sources/FIRHeartbeatLogger.m normal arm64 objective-c com.apple.compilers.llvm.clang.1_0.compiler (in target 'FirebaseCore' from project 'Firebase')
    cd /Users/buddhirajgautam/Documents/Cherrygram-Mac/macOS-Swift
    
    Using response file: /Users/buddhirajgautam/Library/Developer/Xcode/DerivedData/Telegram-Mac-fygdgghdgmuleoelvxabfmqiotta/Build/Intermediates.noindex/Firebase.build/Debug/FirebaseCore-t.build/Objects-normal/arm64/e6072d4f65d7061329687fe24e3d63a7-common-args.resp
    
    builtin-ScanDependencies -o /Users/buddhirajgautam/Library/Developer/Xcode/DerivedData/Telegram-Mac-fygdgghdgmuleoelvxabfmqiotta/Build/Intermediates.noindex/Firebase.build/Debug/FirebaseCore-t.build/Objects-normal/arm64/FIRHeartbeatLogger.o.scan -- /Applications/Xcode.app/Contents/Developer/Toolchains/XcodeDefault.xctoolchain/usr/bin/clang -x objective-c -ivfsstatcache /Users/buddhirajgautam/Library/Developer/Xcode/DerivedData/SDKStatCaches.noindex/macosx27.0-26A425-e829b21a6f8c9b70876ba0858053c0447231f6df4def33e022ae2eb8f782df1a.sdkstatcache -target arm64-apple-macos12.0 -fmessage-length\=0 -fdiagnostics-show-note-include-stack -fmacro-backtrace-limit\=0 -fno-color-diagnostics -fmodules-prune-interval\=86400 -fmodules-prune-after\=345600 -fbuild-session-file\=/Users/buddhirajgautam/Library/Developer/Xcode/DerivedData/ModuleCache.noindex/Session.modulevalidation -fmodules-validate-once-per-build-session -Wnon-modular-include-in-framework-module -Werror\=non-modular-include-in-framework-module -Wno-trigraphs -Wno-missing-field-initializers -Wno-missing-prototypes -Wno-return-type -Wno-implicit-atomic-properties -Wno-objc-interface-ivars -Wno-arc-repeated-use-of-weak -Wno-missing-braces -Wparentheses -Wswitch -Wno-unused-function -Wno-unused-label -Wno-unused-parameter -Wno-unused-variable -Wunused-value -Wno-empty-body -Wno-uninitialized -Wno-unknown-pragmas -w -Wno-shadow -Wno-four-char-constants -Wno-conversion -Wno-constant-conversion -Wno-int-conversion -Wno-bool-conversion -Wno-enum-conversion -Wno-float-conversion -Wno-non-literal-null-conversion -Wno-objc-literal-conversion -Wshorten-64-to-32 -Wpointer-sign -Wno-newline-eof -Wno-selector -Wno-strict-selector-match -Wno-undeclared-selector -Wno-deprecated-implementations -Wno-implicit-fallthrough -isysroot /Applications/Xcode.app/Contents/Developer/Platforms/MacOSX.platform/Developer/SDKs/MacOSX27.0.sdk -fstrict-aliasing -Wprotocol -Wdeprecated-declarations -Wno-sign-conversion -Wno-infinite-recursion -Wno-comma -Wno-block-capture-autoreleasing -Wno-strict-prototypes -Wno-semicolon-before-method-body -index-store-path /Users/buddhirajgautam/Library/Developer/Xcode/DerivedData/Telegram-Mac-fygdgghdgmuleoelvxabfmqiotta/Index.noindex/DataStore @/Users/buddhirajgautam/Library/Developer/Xcode/DerivedData/Telegram-Mac-fygdgghdgmuleoelvxabfmqiotta/Build/Intermediates.noindex/Firebase.build/Debug/FirebaseCore-t.build/Objects-normal/arm64/e6072d4f65d7061329687fe24e3d63a7-common-args.resp -MMD -MT dependencies -MF /Users/buddhirajgautam/Library/Developer/Xcode/DerivedData/Telegram-Mac-fygdgghdgmuleoelvxabfmqiotta/Build/Intermediates.noindex/Firebase.build/Debug/FirebaseCore-t.build/Objects-normal/arm64/FIRHeartbeatLogger.d --serialize-diagnostics /Users/buddhirajgautam/Library/Developer/Xcode/DerivedData/Telegram-Mac-fygdgghdgmuleoelvxabfmqiotta/Build/Intermediates.noindex/Firebase.build/Debug/FirebaseCore-t.build/Objects-normal/arm64/FIRHeartbeatLogger.dia -c /Users/buddhirajgautam/Library/Developer/Xcode/DerivedData/Telegram-Mac-fygdgghdgmuleoelvxabfmqiotta/SourcePackages/checkouts/firebase-ios-sdk/FirebaseCore/Sources/FIRHeartbeatLogger.m -o /Users/buddhirajgautam/Library/Developer/Xcode/DerivedData/Telegram-Mac-fygdgghdgmuleoelvxabfmqiotta/Build/Intermediates.noindex/Firebase.build/Debug/FirebaseCore-t.build/Objects-normal/arm64/FIRHeartbeatLogger.o -index-unit-output-path /Firebase.build/Debug/FirebaseCore-t.build/Objects-normal/arm64/FIRHeartbeatLogger.o

ScanDependencies /Users/buddhirajgautam/Library/Developer/Xcode/DerivedData/Telegram-Mac-fygdgghdgmuleoelvxabfmqiotta/Build/Intermediates.noindex/Firebase.build/Debug/FirebaseCore-t.build/Objects-normal/arm64/FIRFirebaseUserAgent.o /Users/buddhirajgautam/Library/Developer/Xcode/DerivedData/Telegram-Mac-fygdgghdgmuleoelvxabfmqiotta/SourcePackages/checkouts/firebase-ios-sdk/FirebaseCore/Sources/FIRFirebaseUserAgent.m normal arm64 objective-c com.apple.compilers.llvm.clang.1_0.compiler (in target 'FirebaseCore' from project 'Firebase')
    cd /Users/buddhirajgautam/Documents/Cherrygram-Mac/macOS-Swift
    
    Using response file: /Users/buddhirajgautam/Library/Developer/Xcode/DerivedData/Telegram-Mac-fygdgghdgmuleoelvxabfmqiotta/Build/Intermediates.noindex/Firebase.build/Debug/FirebaseCore-t.build/Objects-normal/arm64/e6072d4f65d7061329687fe24e3d63a7-common-args.resp
    
    builtin-ScanDependencies -o /Users/buddhirajgautam/Library/Developer/Xcode/DerivedData/Telegram-Mac-fygdgghdgmuleoelvxabfmqiotta/Build/Intermediates.noindex/Firebase.build/Debug/FirebaseCore-t.build/Objects-normal/arm64/FIRFirebaseUserAgent.o.scan -- /Applications/Xcode.app/Contents/Developer/Toolchains/XcodeDefault.xctoolchain/usr/bin/clang -x objective-c -ivfsstatcache /Users/buddhirajgautam/Library/Developer/Xcode/DerivedData/SDKStatCaches.noindex/macosx27.0-26A425-e829b21a6f8c9b70876ba0858053c0447231f6df4def33e022ae2eb8f782df1a.sdkstatcache -target arm64-apple-macos12.0 -fmessage-length\=0 -fdiagnostics-show-note-include-stack -fmacro-backtrace-limit\=0 -fno-color-diagnostics -fmodules-prune-interval\=86400 -fmodules-prune-after\=345600 -fbuild-session-file\=/Users/buddhirajgautam/Library/Developer/Xcode/DerivedData/ModuleCache.noindex/Session.modulevalidation -fmodules-validate-once-per-build-session -Wnon-modular-include-in-framework-module -Werror\=non-modular-include-in-framework-module -Wno-trigraphs -Wno-missing-field-initializers -Wno-missing-prototypes -Wno-return-type -Wno-implicit-atomic-properties -Wno-objc-interface-ivars -Wno-arc-repeated-use-of-weak -Wno-missing-braces -Wparentheses -Wswitch -Wno-unused-function -Wno-unused-label -Wno-unused-parameter -Wno-unused-variable -Wunused-value -Wno-empty-body -Wno-uninitialized -Wno-unknown-pragmas -w -Wno-shadow -Wno-four-char-constants -Wno-conversion -Wno-constant-conversion -Wno-int-conversion -Wno-bool-conversion -Wno-enum-conversion -Wno-float-conversion -Wno-non-literal-null-conversion -Wno-objc-literal-conversion -Wshorten-64-to-32 -Wpointer-sign -Wno-newline-eof -Wno-selector -Wno-strict-selector-match -Wno-undeclared-selector -Wno-deprecated-implementations -Wno-implicit-fallthrough -isysroot /Applications/Xcode.app/Contents/Developer/Platforms/MacOSX.platform/Developer/SDKs/MacOSX27.0.sdk -fstrict-aliasing -Wprotocol -Wdeprecated-declarations -Wno-sign-conversion -Wno-infinite-recursion -Wno-comma -Wno-block-capture-autoreleasing -Wno-strict-prototypes -Wno-semicolon-before-method-body -index-store-path /Users/buddhirajgautam/Library/Developer/Xcode/DerivedData/Telegram-Mac-fygdgghdgmuleoelvxabfmqiotta/Index.noindex/DataStore @/Users/buddhirajgautam/Library/Developer/Xcode/DerivedData/Telegram-Mac-fygdgghdgmuleoelvxabfmqiotta/Build/Intermediates.noindex/Firebase.build/Debug/FirebaseCore-t.build/Objects-normal/arm64/e6072d4f65d7061329687fe24e3d63a7-common-args.resp -MMD -MT dependencies -MF /Users/buddhirajgautam/Library/Developer/Xcode/DerivedData/Telegram-Mac-fygdgghdgmuleoelvxabfmqiotta/Build/Intermediates.noindex/Firebase.build/Debug/FirebaseCore-t.build/Objects-normal/arm64/FIRFirebaseUserAgent.d --serialize-diagnostics /Users/buddhirajgautam/Library/Developer/Xcode/DerivedData/Telegram-Mac-fygdgghdgmuleoelvxabfmqiotta/Build/Intermediates.noindex/Firebase.build/Debug/FirebaseCore-t.build/Objects-normal/arm64/FIRFirebaseUserAgent.dia -c /Users/buddhirajgautam/Library/Developer/Xcode/DerivedData/Telegram-Mac-fygdgghdgmuleoelvxabfmqiotta/SourcePackages/checkouts/firebase-ios-sdk/FirebaseCore/Sources/FIRFirebaseUserAgent.m -o /Users/buddhirajgautam/Library/Developer/Xcode/DerivedData/Telegram-Mac-fygdgghdgmuleoelvxabfmqiotta/Build/Intermediates.noindex/Firebase.build/Debug/FirebaseCore-t.build/Objects-normal/arm64/FIRFirebaseUserAgent.o -index-unit-output-path /Firebase.build/Debug/FirebaseCore-t.build/Objects-normal/arm64/FIRFirebaseUserAgent.o

SwiftDriverJobDiscovery normal arm64 Compiling HeartbeatStorage.swift, HeartbeatsBundle.swift (in target 'FirebaseCoreInternal' from project 'Firebase')

ScanDependencies /Users/buddhirajgautam/Library/Developer/Xcode/DerivedData/Telegram-Mac-fygdgghdgmuleoelvxabfmqiotta/Build/Intermediates.noindex/Firebase.build/Debug/FirebaseCore-t.build/Objects-normal/arm64/FIRDependency.o /Users/buddhirajgautam/Library/Developer/Xcode/DerivedData/Telegram-Mac-fygdgghdgmuleoelvxabfmqiotta/SourcePackages/checkouts/firebase-ios-sdk/FirebaseCore/Sources/FIRDependency.m normal arm64 objective-c com.apple.compilers.llvm.clang.1_0.compiler (in target 'FirebaseCore' from project 'Firebase')
    cd /Users/buddhirajgautam/Documents/Cherrygram-Mac/macOS-Swift
    
    Using response file: /Users/buddhirajgautam/Library/Developer/Xcode/DerivedData/Telegram-Mac-fygdgghdgmuleoelvxabfmqiotta/Build/Intermediates.noindex/Firebase.build/Debug/FirebaseCore-t.build/Objects-normal/arm64/e6072d4f65d7061329687fe24e3d63a7-common-args.resp
    
    builtin-ScanDependencies -o /Users/buddhirajgautam/Library/Developer/Xcode/DerivedData/Telegram-Mac-fygdgghdgmuleoelvxabfmqiotta/Build/Intermediates.noindex/Firebase.build/Debug/FirebaseCore-t.build/Objects-normal/arm64/FIRDependency.o.scan -- /Applications/Xcode.app/Contents/Developer/Toolchains/XcodeDefault.xctoolchain/usr/bin/clang -x objective-c -ivfsstatcache /Users/buddhirajgautam/Library/Developer/Xcode/DerivedData/SDKStatCaches.noindex/macosx27.0-26A425-e829b21a6f8c9b70876ba0858053c0447231f6df4def33e022ae2eb8f782df1a.sdkstatcache -target arm64-apple-macos12.0 -fmessage-length\=0 -fdiagnostics-show-note-include-stack -fmacro-backtrace-limit\=0 -fno-color-diagnostics -fmodules-prune-interval\=86400 -fmodules-prune-after\=345600 -fbuild-session-file\=/Users/buddhirajgautam/Library/Developer/Xcode/DerivedData/ModuleCache.noindex/Session.modulevalidation -fmodules-validate-once-per-build-session -Wnon-modular-include-in-framework-module -Werror\=non-modular-include-in-framework-module -Wno-trigraphs -Wno-missing-field-initializers -Wno-missing-prototypes -Wno-return-type -Wno-implicit-atomic-properties -Wno-objc-interface-ivars -Wno-arc-repeated-use-of-weak -Wno-missing-braces -Wparentheses -Wswitch -Wno-unused-function -Wno-unused-label -Wno-unused-parameter -Wno-unused-variable -Wunused-value -Wno-empty-body -Wno-uninitialized -Wno-unknown-pragmas -w -Wno-shadow -Wno-four-char-constants -Wno-conversion -Wno-constant-conversion -Wno-int-conversion -Wno-bool-conversion -Wno-enum-conversion -Wno-float-conversion -Wno-non-literal-null-conversion -Wno-objc-literal-conversion -Wshorten-64-to-32 -Wpointer-sign -Wno-newline-eof -Wno-selector -Wno-strict-selector-match -Wno-undeclared-selector -Wno-deprecated-implementations -Wno-implicit-fallthrough -isysroot /Applications/Xcode.app/Contents/Developer/Platforms/MacOSX.platform/Developer/SDKs/MacOSX27.0.sdk -fstrict-aliasing -Wprotocol -Wdeprecated-declarations -Wno-sign-conversion -Wno-infinite-recursion -Wno-comma -Wno-block-capture-autoreleasing -Wno-strict-prototypes -Wno-semicolon-before-method-body -index-store-path /Users/buddhirajgautam/Library/Developer/Xcode/DerivedData/Telegram-Mac-fygdgghdgmuleoelvxabfmqiotta/Index.noindex/DataStore @/Users/buddhirajgautam/Library/Developer/Xcode/DerivedData/Telegram-Mac-fygdgghdgmuleoelvxabfmqiotta/Build/Intermediates.noindex/Firebase.build/Debug/FirebaseCore-t.build/Objects-normal/arm64/e6072d4f65d7061329687fe24e3d63a7-common-args.resp -MMD -MT dependencies -MF /Users/buddhirajgautam/Library/Developer/Xcode/DerivedData/Telegram-Mac-fygdgghdgmuleoelvxabfmqiotta/Build/Intermediates.noindex/Firebase.build/Debug/FirebaseCore-t.build/Objects-normal/arm64/FIRDependency.d --serialize-diagnostics /Users/buddhirajgautam/Library/Developer/Xcode/DerivedData/Telegram-Mac-fygdgghdgmuleoelvxabfmqiotta/Build/Intermediates.noindex/Firebase.build/Debug/FirebaseCore-t.build/Objects-normal/arm64/FIRDependency.dia -c /Users/buddhirajgautam/Library/Developer/Xcode/DerivedData/Telegram-Mac-fygdgghdgmuleoelvxabfmqiotta/SourcePackages/checkouts/firebase-ios-sdk/FirebaseCore/Sources/FIRDependency.m -o /Users/buddhirajgautam/Library/Developer/Xcode/DerivedData/Telegram-Mac-fygdgghdgmuleoelvxabfmqiotta/Build/Intermediates.noindex/Firebase.build/Debug/FirebaseCore-t.build/Objects-normal/arm64/FIRDependency.o -index-unit-output-path /Firebase.build/Debug/FirebaseCore-t.build/Objects-normal/arm64/FIRDependency.o

SwiftDriverJobDiscovery normal arm64 Compiling Heartbeat.swift, HeartbeatController.swift (in target 'FirebaseCoreInternal' from project 'Firebase')

SwiftDriver\ Compilation FirebaseCoreInternal normal arm64 com.apple.xcode.tools.swift.compiler (in target 'FirebaseCoreInternal' from project 'Firebase')
    cd /Users/buddhirajgautam/Documents/Cherrygram-Mac/macOS-Swift
    builtin-Swift-Compilation -- /Applications/Xcode.app/Contents/Developer/Toolchains/XcodeDefault.xctoolchain/usr/bin/swiftc -parse-as-library -module-name FirebaseCoreInternal -Onone @/Users/buddhirajgautam/Library/Developer/Xcode/DerivedData/Telegram-Mac-fygdgghdgmuleoelvxabfmqiotta/Build/Intermediates.noindex/Firebase.build/Debug/FirebaseCoreInternal-t.build/Objects-normal/arm64/FirebaseCoreInternal.SwiftFileList -DSWIFT_PACKAGE -DDEBUG -DSWIFT_MODULE_RESOURCE_BUNDLE_UNAVAILABLE -Xcc -fmodule-map-file\=/Users/buddhirajgautam/Library/Developer/Xcode/DerivedData/Telegram-Mac-fygdgghdgmuleoelvxabfmqiotta/Build/Intermediates.noindex/GeneratedModuleMaps/GoogleUtilities-NSData.modulemap -DXcode -plugin-path /Applications/Xcode.app/Contents/Developer/Toolchains/XcodeDefault.xctoolchain/usr/lib/swift/host/plugins/testing -enable-experimental-feature DebugDescriptionMacro -sdk /Applications/Xcode.app/Contents/Developer/Platforms/MacOSX.platform/Developer/SDKs/MacOSX27.0.sdk -target arm64-apple-macos12.0 -g -module-cache-path /Users/buddhirajgautam/Library/Developer/Xcode/DerivedData/ModuleCache.noindex -Xfrontend -serialize-debugging-options -profile-coverage-mapping -profile-generate -enable-testing -suppress-warnings -index-store-path /Users/buddhirajgautam/Library/Developer/Xcode/DerivedData/Telegram-Mac-fygdgghdgmuleoelvxabfmqiotta/Index.noindex/DataStore -Xcc -D_LIBCPP_HARDENING_MODE\=_LIBCPP_HARDENING_MODE_DEBUG -swift-version 5 -I /Users/buddhirajgautam/Library/Developer/Xcode/DerivedData/Telegram-Mac-fygdgghdgmuleoelvxabfmqiotta/Build/Products/Debug -Isystem /Applications/Xcode.app/Contents/Developer/Platforms/MacOSX.platform/Developer/usr/lib -F /Users/buddhirajgautam/Library/Developer/Xcode/DerivedData/Telegram-Mac-fygdgghdgmuleoelvxabfmqiotta/Build/Products/Debug/PackageFrameworks -F /Users/buddhirajgautam/Library/Developer/Xcode/DerivedData/Telegram-Mac-fygdgghdgmuleoelvxabfmqiotta/Build/Products/Debug -F /Applications/Xcode.app/Contents/Developer/Platforms/MacOSX.platform/Developer/Library/Frameworks -c -j8 -enable-batch-mode -incremental -Xcc -ivfsstatcache -Xcc /Users/buddhirajgautam/Library/Developer/Xcode/DerivedData/SDKStatCaches.noindex/macosx27.0-26A425-e829b21a6f8c9b70876ba0858053c0447231f6df4def33e022ae2eb8f782df1a.sdkstatcache -output-file-map /Users/buddhirajgautam/Library/Developer/Xcode/DerivedData/Telegram-Mac-fygdgghdgmuleoelvxabfmqiotta/Build/Intermediates.noindex/Firebase.build/Debug/FirebaseCoreInternal-t.build/Objects-normal/arm64/FirebaseCoreInternal-OutputFileMap.json -save-temps -no-color-diagnostics -explicit-module-build -module-cache-path /Users/buddhirajgautam/Library/Developer/Xcode/DerivedData/Telegram-Mac-fygdgghdgmuleoelvxabfmqiotta/Build/Intermediates.noindex/SwiftExplicitPrecompiledModules -clang-scanner-module-cache-path /Users/buddhirajgautam/Library/Developer/Xcode/DerivedData/ModuleCache.noindex -sdk-module-cache-path /Users/buddhirajgautam/Library/Developer/Xcode/DerivedData/SDKExplicitPrecompiledModules -emit-dependencies -emit-module -emit-module-path /Users/buddhirajgautam/Library/Developer/Xcode/DerivedData/Telegram-Mac-fygdgghdgmuleoelvxabfmqiotta/Build/Intermediates.noindex/Firebase.build/Debug/FirebaseCoreInternal-t.build/Objects-normal/arm64/FirebaseCoreInternal.swiftmodule -serialize-diagnostics -dependency-scan-serialize-diagnostics-path /Users/buddhirajgautam/Library/Developer/Xcode/DerivedData/Telegram-Mac-fygdgghdgmuleoelvxabfmqiotta/Build/Intermediates.noindex/Firebase.build/Debug/FirebaseCoreInternal-t.build/Objects-normal/arm64/FirebaseCoreInternal-dependency-scan.dia -validate-clang-modules-once -clang-build-session-file /Users/buddhirajgautam/Library/Developer/Xcode/DerivedData/ModuleCache.noindex/Session.modulevalidation -Xcc -fmodules-prune-interval\=86400 -Xcc -fmodules-prune-after\=345600 -emit-const-values -const-gather-protocols-list /Users/buddhirajgautam/Library/Developer/Xcode/DerivedData/Telegram-Mac-fygdgghdgmuleoelvxabfmqiotta/Build/Intermediates.noindex/Firebase.build/Debug/FirebaseCoreInternal-t.build/Objects-normal/arm64/FirebaseCoreInternal_const_extract_protocols.json -Xcc -I/Users/buddhirajgautam/Library/Developer/Xcode/DerivedData/Telegram-Mac-fygdgghdgmuleoelvxabfmqiotta/SourcePackages/checkouts/GoogleUtilities/GoogleUtilities/NSData+zlib/Public -Xcc -I/Users/buddhirajgautam/Library/Developer/Xcode/DerivedData/Telegram-Mac-fygdgghdgmuleoelvxabfmqiotta/Build/Products/Debug/include -Xcc -I/Users/buddhirajgautam/Library/Developer/Xcode/DerivedData/Telegram-Mac-fygdgghdgmuleoelvxabfmqiotta/Build/Intermediates.noindex/Firebase.build/Debug/FirebaseCoreInternal-t.build/DerivedSources-normal/arm64 -Xcc -I/Users/buddhirajgautam/Library/Developer/Xcode/DerivedData/Telegram-Mac-fygdgghdgmuleoelvxabfmqiotta/Build/Intermediates.noindex/Firebase.build/Debug/FirebaseCoreInternal-t.build/DerivedSources/arm64 -Xcc -I/Users/buddhirajgautam/Library/Developer/Xcode/DerivedData/Telegram-Mac-fygdgghdgmuleoelvxabfmqiotta/Build/Intermediates.noindex/Firebase.build/Debug/FirebaseCoreInternal-t.build/DerivedSources -Xcc -DSWIFT_PACKAGE -Xcc -DDEBUG\=1 -emit-objc-header -emit-objc-header-path /Users/buddhirajgautam/Library/Developer/Xcode/DerivedData/Telegram-Mac-fygdgghdgmuleoelvxabfmqiotta/Build/Intermediates.noindex/Firebase.build/Debug/FirebaseCoreInternal-t.build/Objects-normal/arm64/FirebaseCoreInternal-Swift.h -working-directory /Users/buddhirajgautam/Documents/Cherrygram-Mac/macOS-Swift -experimental-emit-module-separately -disable-cmo

ScanDependencies /Users/buddhirajgautam/Library/Developer/Xcode/DerivedData/Telegram-Mac-fygdgghdgmuleoelvxabfmqiotta/Build/Intermediates.noindex/Firebase.build/Debug/FirebaseCore-t.build/Objects-normal/arm64/FIRConfiguration.o /Users/buddhirajgautam/Library/Developer/Xcode/DerivedData/Telegram-Mac-fygdgghdgmuleoelvxabfmqiotta/SourcePackages/checkouts/firebase-ios-sdk/FirebaseCore/Sources/FIRConfiguration.m normal arm64 objective-c com.apple.compilers.llvm.clang.1_0.compiler (in target 'FirebaseCore' from project 'Firebase')
    cd /Users/buddhirajgautam/Documents/Cherrygram-Mac/macOS-Swift
    
    Using response file: /Users/buddhirajgautam/Library/Developer/Xcode/DerivedData/Telegram-Mac-fygdgghdgmuleoelvxabfmqiotta/Build/Intermediates.noindex/Firebase.build/Debug/FirebaseCore-t.build/Objects-normal/arm64/e6072d4f65d7061329687fe24e3d63a7-common-args.resp
    
    builtin-ScanDependencies -o /Users/buddhirajgautam/Library/Developer/Xcode/DerivedData/Telegram-Mac-fygdgghdgmuleoelvxabfmqiotta/Build/Intermediates.noindex/Firebase.build/Debug/FirebaseCore-t.build/Objects-normal/arm64/FIRConfiguration.o.scan -- /Applications/Xcode.app/Contents/Developer/Toolchains/XcodeDefault.xctoolchain/usr/bin/clang -x objective-c -ivfsstatcache /Users/buddhirajgautam/Library/Developer/Xcode/DerivedData/SDKStatCaches.noindex/macosx27.0-26A425-e829b21a6f8c9b70876ba0858053c0447231f6df4def33e022ae2eb8f782df1a.sdkstatcache -target arm64-apple-macos12.0 -fmessage-length\=0 -fdiagnostics-show-note-include-stack -fmacro-backtrace-limit\=0 -fno-color-diagnostics -fmodules-prune-interval\=86400 -fmodules-prune-after\=345600 -fbuild-session-file\=/Users/buddhirajgautam/Library/Developer/Xcode/DerivedData/ModuleCache.noindex/Session.modulevalidation -fmodules-validate-once-per-build-session -Wnon-modular-include-in-framework-module -Werror\=non-modular-include-in-framework-module -Wno-trigraphs -Wno-missing-field-initializers -Wno-missing-prototypes -Wno-return-type -Wno-implicit-atomic-properties -Wno-objc-interface-ivars -Wno-arc-repeated-use-of-weak -Wno-missing-braces -Wparentheses -Wswitch -Wno-unused-function -Wno-unused-label -Wno-unused-parameter -Wno-unused-variable -Wunused-value -Wno-empty-body -Wno-uninitialized -Wno-unknown-pragmas -w -Wno-shadow -Wno-four-char-constants -Wno-conversion -Wno-constant-conversion -Wno-int-conversion -Wno-bool-conversion -Wno-enum-conversion -Wno-float-conversion -Wno-non-literal-null-conversion -Wno-objc-literal-conversion -Wshorten-64-to-32 -Wpointer-sign -Wno-newline-eof -Wno-selector -Wno-strict-selector-match -Wno-undeclared-selector -Wno-deprecated-implementations -Wno-implicit-fallthrough -isysroot /Applications/Xcode.app/Contents/Developer/Platforms/MacOSX.platform/Developer/SDKs/MacOSX27.0.sdk -fstrict-aliasing -Wprotocol -Wdeprecated-declarations -Wno-sign-conversion -Wno-infinite-recursion -Wno-comma -Wno-block-capture-autoreleasing -Wno-strict-prototypes -Wno-semicolon-before-method-body -index-store-path /Users/buddhirajgautam/Library/Developer/Xcode/DerivedData/Telegram-Mac-fygdgghdgmuleoelvxabfmqiotta/Index.noindex/DataStore @/Users/buddhirajgautam/Library/Developer/Xcode/DerivedData/Telegram-Mac-fygdgghdgmuleoelvxabfmqiotta/Build/Intermediates.noindex/Firebase.build/Debug/FirebaseCore-t.build/Objects-normal/arm64/e6072d4f65d7061329687fe24e3d63a7-common-args.resp -MMD -MT dependencies -MF /Users/buddhirajgautam/Library/Developer/Xcode/DerivedData/Telegram-Mac-fygdgghdgmuleoelvxabfmqiotta/Build/Intermediates.noindex/Firebase.build/Debug/FirebaseCore-t.build/Objects-normal/arm64/FIRConfiguration.d --serialize-diagnostics /Users/buddhirajgautam/Library/Developer/Xcode/DerivedData/Telegram-Mac-fygdgghdgmuleoelvxabfmqiotta/Build/Intermediates.noindex/Firebase.build/Debug/FirebaseCore-t.build/Objects-normal/arm64/FIRConfiguration.dia -c /Users/buddhirajgautam/Library/Developer/Xcode/DerivedData/Telegram-Mac-fygdgghdgmuleoelvxabfmqiotta/SourcePackages/checkouts/firebase-ios-sdk/FirebaseCore/Sources/FIRConfiguration.m -o /Users/buddhirajgautam/Library/Developer/Xcode/DerivedData/Telegram-Mac-fygdgghdgmuleoelvxabfmqiotta/Build/Intermediates.noindex/Firebase.build/Debug/FirebaseCore-t.build/Objects-normal/arm64/FIRConfiguration.o -index-unit-output-path /Firebase.build/Debug/FirebaseCore-t.build/Objects-normal/arm64/FIRConfiguration.o

ScanDependencies /Users/buddhirajgautam/Library/Developer/Xcode/DerivedData/Telegram-Mac-fygdgghdgmuleoelvxabfmqiotta/Build/Intermediates.noindex/Firebase.build/Debug/FirebaseCore-t.build/Objects-normal/arm64/FIRComponentType.o /Users/buddhirajgautam/Library/Developer/Xcode/DerivedData/Telegram-Mac-fygdgghdgmuleoelvxabfmqiotta/SourcePackages/checkouts/firebase-ios-sdk/FirebaseCore/Sources/FIRComponentType.m normal arm64 objective-c com.apple.compilers.llvm.clang.1_0.compiler (in target 'FirebaseCore' from project 'Firebase')
    cd /Users/buddhirajgautam/Documents/Cherrygram-Mac/macOS-Swift
    
    Using response file: /Users/buddhirajgautam/Library/Developer/Xcode/DerivedData/Telegram-Mac-fygdgghdgmuleoelvxabfmqiotta/Build/Intermediates.noindex/Firebase.build/Debug/FirebaseCore-t.build/Objects-normal/arm64/e6072d4f65d7061329687fe24e3d63a7-common-args.resp
    
    builtin-ScanDependencies -o /Users/buddhirajgautam/Library/Developer/Xcode/DerivedData/Telegram-Mac-fygdgghdgmuleoelvxabfmqiotta/Build/Intermediates.noindex/Firebase.build/Debug/FirebaseCore-t.build/Objects-normal/arm64/FIRComponentType.o.scan -- /Applications/Xcode.app/Contents/Developer/Toolchains/XcodeDefault.xctoolchain/usr/bin/clang -x objective-c -ivfsstatcache /Users/buddhirajgautam/Library/Developer/Xcode/DerivedData/SDKStatCaches.noindex/macosx27.0-26A425-e829b21a6f8c9b70876ba0858053c0447231f6df4def33e022ae2eb8f782df1a.sdkstatcache -target arm64-apple-macos12.0 -fmessage-length\=0 -fdiagnostics-show-note-include-stack -fmacro-backtrace-limit\=0 -fno-color-diagnostics -fmodules-prune-interval\=86400 -fmodules-prune-after\=345600 -fbuild-session-file\=/Users/buddhirajgautam/Library/Developer/Xcode/DerivedData/ModuleCache.noindex/Session.modulevalidation -fmodules-validate-once-per-build-session -Wnon-modular-include-in-framework-module -Werror\=non-modular-include-in-framework-module -Wno-trigraphs -Wno-missing-field-initializers -Wno-missing-prototypes -Wno-return-type -Wno-implicit-atomic-properties -Wno-objc-interface-ivars -Wno-arc-repeated-use-of-weak -Wno-missing-braces -Wparentheses -Wswitch -Wno-unused-function -Wno-unused-label -Wno-unused-parameter -Wno-unused-variable -Wunused-value -Wno-empty-body -Wno-uninitialized -Wno-unknown-pragmas -w -Wno-shadow -Wno-four-char-constants -Wno-conversion -Wno-constant-conversion -Wno-int-conversion -Wno-bool-conversion -Wno-enum-conversion -Wno-float-conversion -Wno-non-literal-null-conversion -Wno-objc-literal-conversion -Wshorten-64-to-32 -Wpointer-sign -Wno-newline-eof -Wno-selector -Wno-strict-selector-match -Wno-undeclared-selector -Wno-deprecated-implementations -Wno-implicit-fallthrough -isysroot /Applications/Xcode.app/Contents/Developer/Platforms/MacOSX.platform/Developer/SDKs/MacOSX27.0.sdk -fstrict-aliasing -Wprotocol -Wdeprecated-declarations -Wno-sign-conversion -Wno-infinite-recursion -Wno-comma -Wno-block-capture-autoreleasing -Wno-strict-prototypes -Wno-semicolon-before-method-body -index-store-path /Users/buddhirajgautam/Library/Developer/Xcode/DerivedData/Telegram-Mac-fygdgghdgmuleoelvxabfmqiotta/Index.noindex/DataStore @/Users/buddhirajgautam/Library/Developer/Xcode/DerivedData/Telegram-Mac-fygdgghdgmuleoelvxabfmqiotta/Build/Intermediates.noindex/Firebase.build/Debug/FirebaseCore-t.build/Objects-normal/arm64/e6072d4f65d7061329687fe24e3d63a7-common-args.resp -MMD -MT dependencies -MF /Users/buddhirajgautam/Library/Developer/Xcode/DerivedData/Telegram-Mac-fygdgghdgmuleoelvxabfmqiotta/Build/Intermediates.noindex/Firebase.build/Debug/FirebaseCore-t.build/Objects-normal/arm64/FIRComponentType.d --serialize-diagnostics /Users/buddhirajgautam/Library/Developer/Xcode/DerivedData/Telegram-Mac-fygdgghdgmuleoelvxabfmqiotta/Build/Intermediates.noindex/Firebase.build/Debug/FirebaseCore-t.build/Objects-normal/arm64/FIRComponentType.dia -c /Users/buddhirajgautam/Library/Developer/Xcode/DerivedData/Telegram-Mac-fygdgghdgmuleoelvxabfmqiotta/SourcePackages/checkouts/firebase-ios-sdk/FirebaseCore/Sources/FIRComponentType.m -o /Users/buddhirajgautam/Library/Developer/Xcode/DerivedData/Telegram-Mac-fygdgghdgmuleoelvxabfmqiotta/Build/Intermediates.noindex/Firebase.build/Debug/FirebaseCore-t.build/Objects-normal/arm64/FIRComponentType.o -index-unit-output-path /Firebase.build/Debug/FirebaseCore-t.build/Objects-normal/arm64/FIRComponentType.o

ScanDependencies /Users/buddhirajgautam/Library/Developer/Xcode/DerivedData/Telegram-Mac-fygdgghdgmuleoelvxabfmqiotta/Build/Intermediates.noindex/Firebase.build/Debug/FirebaseCore-t.build/Objects-normal/arm64/FIRComponentContainer.o /Users/buddhirajgautam/Library/Developer/Xcode/DerivedData/Telegram-Mac-fygdgghdgmuleoelvxabfmqiotta/SourcePackages/checkouts/firebase-ios-sdk/FirebaseCore/Sources/FIRComponentContainer.m normal arm64 objective-c com.apple.compilers.llvm.clang.1_0.compiler (in target 'FirebaseCore' from project 'Firebase')
    cd /Users/buddhirajgautam/Documents/Cherrygram-Mac/macOS-Swift
    
    Using response file: /Users/buddhirajgautam/Library/Developer/Xcode/DerivedData/Telegram-Mac-fygdgghdgmuleoelvxabfmqiotta/Build/Intermediates.noindex/Firebase.build/Debug/FirebaseCore-t.build/Objects-normal/arm64/e6072d4f65d7061329687fe24e3d63a7-common-args.resp
    
    builtin-ScanDependencies -o /Users/buddhirajgautam/Library/Developer/Xcode/DerivedData/Telegram-Mac-fygdgghdgmuleoelvxabfmqiotta/Build/Intermediates.noindex/Firebase.build/Debug/FirebaseCore-t.build/Objects-normal/arm64/FIRComponentContainer.o.scan -- /Applications/Xcode.app/Contents/Developer/Toolchains/XcodeDefault.xctoolchain/usr/bin/clang -x objective-c -ivfsstatcache /Users/buddhirajgautam/Library/Developer/Xcode/DerivedData/SDKStatCaches.noindex/macosx27.0-26A425-e829b21a6f8c9b70876ba0858053c0447231f6df4def33e022ae2eb8f782df1a.sdkstatcache -target arm64-apple-macos12.0 -fmessage-length\=0 -fdiagnostics-show-note-include-stack -fmacro-backtrace-limit\=0 -fno-color-diagnostics -fmodules-prune-interval\=86400 -fmodules-prune-after\=345600 -fbuild-session-file\=/Users/buddhirajgautam/Library/Developer/Xcode/DerivedData/ModuleCache.noindex/Session.modulevalidation -fmodules-validate-once-per-build-session -Wnon-modular-include-in-framework-module -Werror\=non-modular-include-in-framework-module -Wno-trigraphs -Wno-missing-field-initializers -Wno-missing-prototypes -Wno-return-type -Wno-implicit-atomic-properties -Wno-objc-interface-ivars -Wno-arc-repeated-use-of-weak -Wno-missing-braces -Wparentheses -Wswitch -Wno-unused-function -Wno-unused-label -Wno-unused-parameter -Wno-unused-variable -Wunused-value -Wno-empty-body -Wno-uninitialized -Wno-unknown-pragmas -w -Wno-shadow -Wno-four-char-constants -Wno-conversion -Wno-constant-conversion -Wno-int-conversion -Wno-bool-conversion -Wno-enum-conversion -Wno-float-conversion -Wno-non-literal-null-conversion -Wno-objc-literal-conversion -Wshorten-64-to-32 -Wpointer-sign -Wno-newline-eof -Wno-selector -Wno-strict-selector-match -Wno-undeclared-selector -Wno-deprecated-implementations -Wno-implicit-fallthrough -isysroot /Applications/Xcode.app/Contents/Developer/Platforms/MacOSX.platform/Developer/SDKs/MacOSX27.0.sdk -fstrict-aliasing -Wprotocol -Wdeprecated-declarations -Wno-sign-conversion -Wno-infinite-recursion -Wno-comma -Wno-block-capture-autoreleasing -Wno-strict-prototypes -Wno-semicolon-before-method-body -index-store-path /Users/buddhirajgautam/Library/Developer/Xcode/DerivedData/Telegram-Mac-fygdgghdgmuleoelvxabfmqiotta/Index.noindex/DataStore @/Users/buddhirajgautam/Library/Developer/Xcode/DerivedData/Telegram-Mac-fygdgghdgmuleoelvxabfmqiotta/Build/Intermediates.noindex/Firebase.build/Debug/FirebaseCore-t.build/Objects-normal/arm64/e6072d4f65d7061329687fe24e3d63a7-common-args.resp -MMD -MT dependencies -MF /Users/buddhirajgautam/Library/Developer/Xcode/DerivedData/Telegram-Mac-fygdgghdgmuleoelvxabfmqiotta/Build/Intermediates.noindex/Firebase.build/Debug/FirebaseCore-t.build/Objects-normal/arm64/FIRComponentContainer.d --serialize-diagnostics /Users/buddhirajgautam/Library/Developer/Xcode/DerivedData/Telegram-Mac-fygdgghdgmuleoelvxabfmqiotta/Build/Intermediates.noindex/Firebase.build/Debug/FirebaseCore-t.build/Objects-normal/arm64/FIRComponentContainer.dia -c /Users/buddhirajgautam/Library/Developer/Xcode/DerivedData/Telegram-Mac-fygdgghdgmuleoelvxabfmqiotta/SourcePackages/checkouts/firebase-ios-sdk/FirebaseCore/Sources/FIRComponentContainer.m -o /Users/buddhirajgautam/Library/Developer/Xcode/DerivedData/Telegram-Mac-fygdgghdgmuleoelvxabfmqiotta/Build/Intermediates.noindex/Firebase.build/Debug/FirebaseCore-t.build/Objects-normal/arm64/FIRComponentContainer.o -index-unit-output-path /Firebase.build/Debug/FirebaseCore-t.build/Objects-normal/arm64/FIRComponentContainer.o

ScanDependencies /Users/buddhirajgautam/Library/Developer/Xcode/DerivedData/Telegram-Mac-fygdgghdgmuleoelvxabfmqiotta/Build/Intermediates.noindex/Firebase.build/Debug/FirebaseCore-t.build/Objects-normal/arm64/FIRComponent.o /Users/buddhirajgautam/Library/Developer/Xcode/DerivedData/Telegram-Mac-fygdgghdgmuleoelvxabfmqiotta/SourcePackages/checkouts/firebase-ios-sdk/FirebaseCore/Sources/FIRComponent.m normal arm64 objective-c com.apple.compilers.llvm.clang.1_0.compiler (in target 'FirebaseCore' from project 'Firebase')
    cd /Users/buddhirajgautam/Documents/Cherrygram-Mac/macOS-Swift
    
    Using response file: /Users/buddhirajgautam/Library/Developer/Xcode/DerivedData/Telegram-Mac-fygdgghdgmuleoelvxabfmqiotta/Build/Intermediates.noindex/Firebase.build/Debug/FirebaseCore-t.build/Objects-normal/arm64/e6072d4f65d7061329687fe24e3d63a7-common-args.resp
    
    builtin-ScanDependencies -o /Users/buddhirajgautam/Library/Developer/Xcode/DerivedData/Telegram-Mac-fygdgghdgmuleoelvxabfmqiotta/Build/Intermediates.noindex/Firebase.build/Debug/FirebaseCore-t.build/Objects-normal/arm64/FIRComponent.o.scan -- /Applications/Xcode.app/Contents/Developer/Toolchains/XcodeDefault.xctoolchain/usr/bin/clang -x objective-c -ivfsstatcache /Users/buddhirajgautam/Library/Developer/Xcode/DerivedData/SDKStatCaches.noindex/macosx27.0-26A425-e829b21a6f8c9b70876ba0858053c0447231f6df4def33e022ae2eb8f782df1a.sdkstatcache -target arm64-apple-macos12.0 -fmessage-length\=0 -fdiagnostics-show-note-include-stack -fmacro-backtrace-limit\=0 -fno-color-diagnostics -fmodules-prune-interval\=86400 -fmodules-prune-after\=345600 -fbuild-session-file\=/Users/buddhirajgautam/Library/Developer/Xcode/DerivedData/ModuleCache.noindex/Session.modulevalidation -fmodules-validate-once-per-build-session -Wnon-modular-include-in-framework-module -Werror\=non-modular-include-in-framework-module -Wno-trigraphs -Wno-missing-field-initializers -Wno-missing-prototypes -Wno-return-type -Wno-implicit-atomic-properties -Wno-objc-interface-ivars -Wno-arc-repeated-use-of-weak -Wno-missing-braces -Wparentheses -Wswitch -Wno-unused-function -Wno-unused-label -Wno-unused-parameter -Wno-unused-variable -Wunused-value -Wno-empty-body -Wno-uninitialized -Wno-unknown-pragmas -w -Wno-shadow -Wno-four-char-constants -Wno-conversion -Wno-constant-conversion -Wno-int-conversion -Wno-bool-conversion -Wno-enum-conversion -Wno-float-conversion -Wno-non-literal-null-conversion -Wno-objc-literal-conversion -Wshorten-64-to-32 -Wpointer-sign -Wno-newline-eof -Wno-selector -Wno-strict-selector-match -Wno-undeclared-selector -Wno-deprecated-implementations -Wno-implicit-fallthrough -isysroot /Applications/Xcode.app/Contents/Developer/Platforms/MacOSX.platform/Developer/SDKs/MacOSX27.0.sdk -fstrict-aliasing -Wprotocol -Wdeprecated-declarations -Wno-sign-conversion -Wno-infinite-recursion -Wno-comma -Wno-block-capture-autoreleasing -Wno-strict-prototypes -Wno-semicolon-before-method-body -index-store-path /Users/buddhirajgautam/Library/Developer/Xcode/DerivedData/Telegram-Mac-fygdgghdgmuleoelvxabfmqiotta/Index.noindex/DataStore @/Users/buddhirajgautam/Library/Developer/Xcode/DerivedData/Telegram-Mac-fygdgghdgmuleoelvxabfmqiotta/Build/Intermediates.noindex/Firebase.build/Debug/FirebaseCore-t.build/Objects-normal/arm64/e6072d4f65d7061329687fe24e3d63a7-common-args.resp -MMD -MT dependencies -MF /Users/buddhirajgautam/Library/Developer/Xcode/DerivedData/Telegram-Mac-fygdgghdgmuleoelvxabfmqiotta/Build/Intermediates.noindex/Firebase.build/Debug/FirebaseCore-t.build/Objects-normal/arm64/FIRComponent.d --serialize-diagnostics /Users/buddhirajgautam/Library/Developer/Xcode/DerivedData/Telegram-Mac-fygdgghdgmuleoelvxabfmqiotta/Build/Intermediates.noindex/Firebase.build/Debug/FirebaseCore-t.build/Objects-normal/arm64/FIRComponent.dia -c /Users/buddhirajgautam/Library/Developer/Xcode/DerivedData/Telegram-Mac-fygdgghdgmuleoelvxabfmqiotta/SourcePackages/checkouts/firebase-ios-sdk/FirebaseCore/Sources/FIRComponent.m -o /Users/buddhirajgautam/Library/Developer/Xcode/DerivedData/Telegram-Mac-fygdgghdgmuleoelvxabfmqiotta/Build/Intermediates.noindex/Firebase.build/Debug/FirebaseCore-t.build/Objects-normal/arm64/FIRComponent.o -index-unit-output-path /Firebase.build/Debug/FirebaseCore-t.build/Objects-normal/arm64/FIRComponent.o

ScanDependencies /Users/buddhirajgautam/Library/Developer/Xcode/DerivedData/Telegram-Mac-fygdgghdgmuleoelvxabfmqiotta/Build/Intermediates.noindex/Firebase.build/Debug/FirebaseCore-t.build/Objects-normal/arm64/FIRBundleUtil.o /Users/buddhirajgautam/Library/Developer/Xcode/DerivedData/Telegram-Mac-fygdgghdgmuleoelvxabfmqiotta/SourcePackages/checkouts/firebase-ios-sdk/FirebaseCore/Sources/FIRBundleUtil.m normal arm64 objective-c com.apple.compilers.llvm.clang.1_0.compiler (in target 'FirebaseCore' from project 'Firebase')
    cd /Users/buddhirajgautam/Documents/Cherrygram-Mac/macOS-Swift
    
    Using response file: /Users/buddhirajgautam/Library/Developer/Xcode/DerivedData/Telegram-Mac-fygdgghdgmuleoelvxabfmqiotta/Build/Intermediates.noindex/Firebase.build/Debug/FirebaseCore-t.build/Objects-normal/arm64/e6072d4f65d7061329687fe24e3d63a7-common-args.resp
    
    builtin-ScanDependencies -o /Users/buddhirajgautam/Library/Developer/Xcode/DerivedData/Telegram-Mac-fygdgghdgmuleoelvxabfmqiotta/Build/Intermediates.noindex/Firebase.build/Debug/FirebaseCore-t.build/Objects-normal/arm64/FIRBundleUtil.o.scan -- /Applications/Xcode.app/Contents/Developer/Toolchains/XcodeDefault.xctoolchain/usr/bin/clang -x objective-c -ivfsstatcache /Users/buddhirajgautam/Library/Developer/Xcode/DerivedData/SDKStatCaches.noindex/macosx27.0-26A425-e829b21a6f8c9b70876ba0858053c0447231f6df4def33e022ae2eb8f782df1a.sdkstatcache -target arm64-apple-macos12.0 -fmessage-length\=0 -fdiagnostics-show-note-include-stack -fmacro-backtrace-limit\=0 -fno-color-diagnostics -fmodules-prune-interval\=86400 -fmodules-prune-after\=345600 -fbuild-session-file\=/Users/buddhirajgautam/Library/Developer/Xcode/DerivedData/ModuleCache.noindex/Session.modulevalidation -fmodules-validate-once-per-build-session -Wnon-modular-include-in-framework-module -Werror\=non-modular-include-in-framework-module -Wno-trigraphs -Wno-missing-field-initializers -Wno-missing-prototypes -Wno-return-type -Wno-implicit-atomic-properties -Wno-objc-interface-ivars -Wno-arc-repeated-use-of-weak -Wno-missing-braces -Wparentheses -Wswitch -Wno-unused-function -Wno-unused-label -Wno-unused-parameter -Wno-unused-variable -Wunused-value -Wno-empty-body -Wno-uninitialized -Wno-unknown-pragmas -w -Wno-shadow -Wno-four-char-constants -Wno-conversion -Wno-constant-conversion -Wno-int-conversion -Wno-bool-conversion -Wno-enum-conversion -Wno-float-conversion -Wno-non-literal-null-conversion -Wno-objc-literal-conversion -Wshorten-64-to-32 -Wpointer-sign -Wno-newline-eof -Wno-selector -Wno-strict-selector-match -Wno-undeclared-selector -Wno-deprecated-implementations -Wno-implicit-fallthrough -isysroot /Applications/Xcode.app/Contents/Developer/Platforms/MacOSX.platform/Developer/SDKs/MacOSX27.0.sdk -fstrict-aliasing -Wprotocol -Wdeprecated-declarations -Wno-sign-conversion -Wno-infinite-recursion -Wno-comma -Wno-block-capture-autoreleasing -Wno-strict-prototypes -Wno-semicolon-before-method-body -index-store-path /Users/buddhirajgautam/Library/Developer/Xcode/DerivedData/Telegram-Mac-fygdgghdgmuleoelvxabfmqiotta/Index.noindex/DataStore @/Users/buddhirajgautam/Library/Developer/Xcode/DerivedData/Telegram-Mac-fygdgghdgmuleoelvxabfmqiotta/Build/Intermediates.noindex/Firebase.build/Debug/FirebaseCore-t.build/Objects-normal/arm64/e6072d4f65d7061329687fe24e3d63a7-common-args.resp -MMD -MT dependencies -MF /Users/buddhirajgautam/Library/Developer/Xcode/DerivedData/Telegram-Mac-fygdgghdgmuleoelvxabfmqiotta/Build/Intermediates.noindex/Firebase.build/Debug/FirebaseCore-t.build/Objects-normal/arm64/FIRBundleUtil.d --serialize-diagnostics /Users/buddhirajgautam/Library/Developer/Xcode/DerivedData/Telegram-Mac-fygdgghdgmuleoelvxabfmqiotta/Build/Intermediates.noindex/Firebase.build/Debug/FirebaseCore-t.build/Objects-normal/arm64/FIRBundleUtil.dia -c /Users/buddhirajgautam/Library/Developer/Xcode/DerivedData/Telegram-Mac-fygdgghdgmuleoelvxabfmqiotta/SourcePackages/checkouts/firebase-ios-sdk/FirebaseCore/Sources/FIRBundleUtil.m -o /Users/buddhirajgautam/Library/Developer/Xcode/DerivedData/Telegram-Mac-fygdgghdgmuleoelvxabfmqiotta/Build/Intermediates.noindex/Firebase.build/Debug/FirebaseCore-t.build/Objects-normal/arm64/FIRBundleUtil.o -index-unit-output-path /Firebase.build/Debug/FirebaseCore-t.build/Objects-normal/arm64/FIRBundleUtil.o

ScanDependencies /Users/buddhirajgautam/Library/Developer/Xcode/DerivedData/Telegram-Mac-fygdgghdgmuleoelvxabfmqiotta/Build/Intermediates.noindex/Firebase.build/Debug/FirebaseCore-t.build/Objects-normal/arm64/FIRApp.o /Users/buddhirajgautam/Library/Developer/Xcode/DerivedData/Telegram-Mac-fygdgghdgmuleoelvxabfmqiotta/SourcePackages/checkouts/firebase-ios-sdk/FirebaseCore/Sources/FIRApp.m normal arm64 objective-c com.apple.compilers.llvm.clang.1_0.compiler (in target 'FirebaseCore' from project 'Firebase')
    cd /Users/buddhirajgautam/Documents/Cherrygram-Mac/macOS-Swift
    
    Using response file: /Users/buddhirajgautam/Library/Developer/Xcode/DerivedData/Telegram-Mac-fygdgghdgmuleoelvxabfmqiotta/Build/Intermediates.noindex/Firebase.build/Debug/FirebaseCore-t.build/Objects-normal/arm64/e6072d4f65d7061329687fe24e3d63a7-common-args.resp
    
    builtin-ScanDependencies -o /Users/buddhirajgautam/Library/Developer/Xcode/DerivedData/Telegram-Mac-fygdgghdgmuleoelvxabfmqiotta/Build/Intermediates.noindex/Firebase.build/Debug/FirebaseCore-t.build/Objects-normal/arm64/FIRApp.o.scan -- /Applications/Xcode.app/Contents/Developer/Toolchains/XcodeDefault.xctoolchain/usr/bin/clang -x objective-c -ivfsstatcache /Users/buddhirajgautam/Library/Developer/Xcode/DerivedData/SDKStatCaches.noindex/macosx27.0-26A425-e829b21a6f8c9b70876ba0858053c0447231f6df4def33e022ae2eb8f782df1a.sdkstatcache -target arm64-apple-macos12.0 -fmessage-length\=0 -fdiagnostics-show-note-include-stack -fmacro-backtrace-limit\=0 -fno-color-diagnostics -fmodules-prune-interval\=86400 -fmodules-prune-after\=345600 -fbuild-session-file\=/Users/buddhirajgautam/Library/Developer/Xcode/DerivedData/ModuleCache.noindex/Session.modulevalidation -fmodules-validate-once-per-build-session -Wnon-modular-include-in-framework-module -Werror\=non-modular-include-in-framework-module -Wno-trigraphs -Wno-missing-field-initializers -Wno-missing-prototypes -Wno-return-type -Wno-implicit-atomic-properties -Wno-objc-interface-ivars -Wno-arc-repeated-use-of-weak -Wno-missing-braces -Wparentheses -Wswitch -Wno-unused-function -Wno-unused-label -Wno-unused-parameter -Wno-unused-variable -Wunused-value -Wno-empty-body -Wno-uninitialized -Wno-unknown-pragmas -w -Wno-shadow -Wno-four-char-constants -Wno-conversion -Wno-constant-conversion -Wno-int-conversion -Wno-bool-conversion -Wno-enum-conversion -Wno-float-conversion -Wno-non-literal-null-conversion -Wno-objc-literal-conversion -Wshorten-64-to-32 -Wpointer-sign -Wno-newline-eof -Wno-selector -Wno-strict-selector-match -Wno-undeclared-selector -Wno-deprecated-implementations -Wno-implicit-fallthrough -isysroot /Applications/Xcode.app/Contents/Developer/Platforms/MacOSX.platform/Developer/SDKs/MacOSX27.0.sdk -fstrict-aliasing -Wprotocol -Wdeprecated-declarations -Wno-sign-conversion -Wno-infinite-recursion -Wno-comma -Wno-block-capture-autoreleasing -Wno-strict-prototypes -Wno-semicolon-before-method-body -index-store-path /Users/buddhirajgautam/Library/Developer/Xcode/DerivedData/Telegram-Mac-fygdgghdgmuleoelvxabfmqiotta/Index.noindex/DataStore @/Users/buddhirajgautam/Library/Developer/Xcode/DerivedData/Telegram-Mac-fygdgghdgmuleoelvxabfmqiotta/Build/Intermediates.noindex/Firebase.build/Debug/FirebaseCore-t.build/Objects-normal/arm64/e6072d4f65d7061329687fe24e3d63a7-common-args.resp -MMD -MT dependencies -MF /Users/buddhirajgautam/Library/Developer/Xcode/DerivedData/Telegram-Mac-fygdgghdgmuleoelvxabfmqiotta/Build/Intermediates.noindex/Firebase.build/Debug/FirebaseCore-t.build/Objects-normal/arm64/FIRApp.d --serialize-diagnostics /Users/buddhirajgautam/Library/Developer/Xcode/DerivedData/Telegram-Mac-fygdgghdgmuleoelvxabfmqiotta/Build/Intermediates.noindex/Firebase.build/Debug/FirebaseCore-t.build/Objects-normal/arm64/FIRApp.dia -c /Users/buddhirajgautam/Library/Developer/Xcode/DerivedData/Telegram-Mac-fygdgghdgmuleoelvxabfmqiotta/SourcePackages/checkouts/firebase-ios-sdk/FirebaseCore/Sources/FIRApp.m -o /Users/buddhirajgautam/Library/Developer/Xcode/DerivedData/Telegram-Mac-fygdgghdgmuleoelvxabfmqiotta/Build/Intermediates.noindex/Firebase.build/Debug/FirebaseCore-t.build/Objects-normal/arm64/FIRApp.o -index-unit-output-path /Firebase.build/Debug/FirebaseCore-t.build/Objects-normal/arm64/FIRApp.o

PrecompileModule /Users/buddhirajgautam/Library/Developer/Xcode/DerivedData/Telegram-Mac-fygdgghdgmuleoelvxabfmqiotta/Build/Intermediates.noindex/ExplicitPrecompiledModules/_Builtin_stdbool-EJWKOITNDV8ARW8GVQ3V3IV15.scan
    cd /
    builtin-precompileModule /Users/buddhirajgautam/Library/Developer/Xcode/DerivedData/Telegram-Mac-fygdgghdgmuleoelvxabfmqiotta/Build/Intermediates.noindex/ExplicitPrecompiledModules/_Builtin_stdbool-EJWKOITNDV8ARW8GVQ3V3IV15.scan

PrecompileModule /Users/buddhirajgautam/Library/Developer/Xcode/DerivedData/Telegram-Mac-fygdgghdgmuleoelvxabfmqiotta/Build/Intermediates.noindex/ExplicitPrecompiledModules/_Builtin_stdarg-49XWA774J76B4JDMK2X0L9DU3.scan
    cd /
    builtin-precompileModule /Users/buddhirajgautam/Library/Developer/Xcode/DerivedData/Telegram-Mac-fygdgghdgmuleoelvxabfmqiotta/Build/Intermediates.noindex/ExplicitPrecompiledModules/_Builtin_stdarg-49XWA774J76B4JDMK2X0L9DU3.scan

PrecompileModule /Users/buddhirajgautam/Library/Developer/Xcode/DerivedData/Telegram-Mac-fygdgghdgmuleoelvxabfmqiotta/Build/Intermediates.noindex/ExplicitPrecompiledModules/ptrcheck-BJX7ORK1L68YKCYCPEHQ76ORD.scan
    cd /
    builtin-precompileModule /Users/buddhirajgautam/Library/Developer/Xcode/DerivedData/Telegram-Mac-fygdgghdgmuleoelvxabfmqiotta/Build/Intermediates.noindex/ExplicitPrecompiledModules/ptrcheck-BJX7ORK1L68YKCYCPEHQ76ORD.scan

PrecompileModule /Users/buddhirajgautam/Library/Developer/Xcode/DerivedData/Telegram-Mac-fygdgghdgmuleoelvxabfmqiotta/Build/Intermediates.noindex/ExplicitPrecompiledModules/_Builtin_stddef-68X0GV7CG0JZI7ZFISC9HOSSP.scan
    cd /
    builtin-precompileModule /Users/buddhirajgautam/Library/Developer/Xcode/DerivedData/Telegram-Mac-fygdgghdgmuleoelvxabfmqiotta/Build/Intermediates.noindex/ExplicitPrecompiledModules/_Builtin_stddef-68X0GV7CG0JZI7ZFISC9HOSSP.scan

PrecompileModule /Users/buddhirajgautam/Library/Developer/Xcode/DerivedData/Telegram-Mac-fygdgghdgmuleoelvxabfmqiotta/Build/Intermediates.noindex/ExplicitPrecompiledModules/_Builtin_float-EE8OQQR140EU6ZVHJ284E2ZIN.scan
    cd /
    builtin-precompileModule /Users/buddhirajgautam/Library/Developer/Xcode/DerivedData/Telegram-Mac-fygdgghdgmuleoelvxabfmqiotta/Build/Intermediates.noindex/ExplicitPrecompiledModules/_Builtin_float-EE8OQQR140EU6ZVHJ284E2ZIN.scan

PrecompileModule /Users/buddhirajgautam/Library/Developer/Xcode/DerivedData/Telegram-Mac-fygdgghdgmuleoelvxabfmqiotta/Build/Intermediates.noindex/ExplicitPrecompiledModules/_AvailabilityInternal-8JIM5EAGFDUAEFTS1XWVG73Q4.scan
    cd /
    builtin-precompileModule /Users/buddhirajgautam/Library/Developer/Xcode/DerivedData/Telegram-Mac-fygdgghdgmuleoelvxabfmqiotta/Build/Intermediates.noindex/ExplicitPrecompiledModules/_AvailabilityInternal-8JIM5EAGFDUAEFTS1XWVG73Q4.scan

PrecompileModule /Users/buddhirajgautam/Library/Developer/Xcode/DerivedData/Telegram-Mac-fygdgghdgmuleoelvxabfmqiotta/Build/Intermediates.noindex/ExplicitPrecompiledModules/ptrauth-AA45GIVQ5LYSFFDJH0QUHUXV5.scan
    cd /
    builtin-precompileModule /Users/buddhirajgautam/Library/Developer/Xcode/DerivedData/Telegram-Mac-fygdgghdgmuleoelvxabfmqiotta/Build/Intermediates.noindex/ExplicitPrecompiledModules/ptrauth-AA45GIVQ5LYSFFDJH0QUHUXV5.scan

ScanDependencies /Users/buddhirajgautam/Library/Developer/Xcode/DerivedData/Telegram-Mac-fygdgghdgmuleoelvxabfmqiotta/Build/Intermediates.noindex/Firebase.build/Debug/FirebaseCore-t.build/Objects-normal/arm64/FIRAnalyticsConfiguration.o /Users/buddhirajgautam/Library/Developer/Xcode/DerivedData/Telegram-Mac-fygdgghdgmuleoelvxabfmqiotta/SourcePackages/checkouts/firebase-ios-sdk/FirebaseCore/Sources/FIRAnalyticsConfiguration.m normal arm64 objective-c com.apple.compilers.llvm.clang.1_0.compiler (in target 'FirebaseCore' from project 'Firebase')
    cd /Users/buddhirajgautam/Documents/Cherrygram-Mac/macOS-Swift
    
    Using response file: /Users/buddhirajgautam/Library/Developer/Xcode/DerivedData/Telegram-Mac-fygdgghdgmuleoelvxabfmqiotta/Build/Intermediates.noindex/Firebase.build/Debug/FirebaseCore-t.build/Objects-normal/arm64/e6072d4f65d7061329687fe24e3d63a7-common-args.resp
    
    builtin-ScanDependencies -o /Users/buddhirajgautam/Library/Developer/Xcode/DerivedData/Telegram-Mac-fygdgghdgmuleoelvxabfmqiotta/Build/Intermediates.noindex/Firebase.build/Debug/FirebaseCore-t.build/Objects-normal/arm64/FIRAnalyticsConfiguration.o.scan -- /Applications/Xcode.app/Contents/Developer/Toolchains/XcodeDefault.xctoolchain/usr/bin/clang -x objective-c -ivfsstatcache /Users/buddhirajgautam/Library/Developer/Xcode/DerivedData/SDKStatCaches.noindex/macosx27.0-26A425-e829b21a6f8c9b70876ba0858053c0447231f6df4def33e022ae2eb8f782df1a.sdkstatcache -target arm64-apple-macos12.0 -fmessage-length\=0 -fdiagnostics-show-note-include-stack -fmacro-backtrace-limit\=0 -fno-color-diagnostics -fmodules-prune-interval\=86400 -fmodules-prune-after\=345600 -fbuild-session-file\=/Users/buddhirajgautam/Library/Developer/Xcode/DerivedData/ModuleCache.noindex/Session.modulevalidation -fmodules-validate-once-per-build-session -Wnon-modular-include-in-framework-module -Werror\=non-modular-include-in-framework-module -Wno-trigraphs -Wno-missing-field-initializers -Wno-missing-prototypes -Wno-return-type -Wno-implicit-atomic-properties -Wno-objc-interface-ivars -Wno-arc-repeated-use-of-weak -Wno-missing-braces -Wparentheses -Wswitch -Wno-unused-function -Wno-unused-label -Wno-unused-parameter -Wno-unused-variable -Wunused-value -Wno-empty-body -Wno-uninitialized -Wno-unknown-pragmas -w -Wno-shadow -Wno-four-char-constants -Wno-conversion -Wno-constant-conversion -Wno-int-conversion -Wno-bool-conversion -Wno-enum-conversion -Wno-float-conversion -Wno-non-literal-null-conversion -Wno-objc-literal-conversion -Wshorten-64-to-32 -Wpointer-sign -Wno-newline-eof -Wno-selector -Wno-strict-selector-match -Wno-undeclared-selector -Wno-deprecated-implementations -Wno-implicit-fallthrough -isysroot /Applications/Xcode.app/Contents/Developer/Platforms/MacOSX.platform/Developer/SDKs/MacOSX27.0.sdk -fstrict-aliasing -Wprotocol -Wdeprecated-declarations -Wno-sign-conversion -Wno-infinite-recursion -Wno-comma -Wno-block-capture-autoreleasing -Wno-strict-prototypes -Wno-semicolon-before-method-body -index-store-path /Users/buddhirajgautam/Library/Developer/Xcode/DerivedData/Telegram-Mac-fygdgghdgmuleoelvxabfmqiotta/Index.noindex/DataStore @/Users/buddhirajgautam/Library/Developer/Xcode/DerivedData/Telegram-Mac-fygdgghdgmuleoelvxabfmqiotta/Build/Intermediates.noindex/Firebase.build/Debug/FirebaseCore-t.build/Objects-normal/arm64/e6072d4f65d7061329687fe24e3d63a7-common-args.resp -MMD -MT dependencies -MF /Users/buddhirajgautam/Library/Developer/Xcode/DerivedData/Telegram-Mac-fygdgghdgmuleoelvxabfmqiotta/Build/Intermediates.noindex/Firebase.build/Debug/FirebaseCore-t.build/Objects-normal/arm64/FIRAnalyticsConfiguration.d --serialize-diagnostics /Users/buddhirajgautam/Library/Developer/Xcode/DerivedData/Telegram-Mac-fygdgghdgmuleoelvxabfmqiotta/Build/Intermediates.noindex/Firebase.build/Debug/FirebaseCore-t.build/Objects-normal/arm64/FIRAnalyticsConfiguration.dia -c /Users/buddhirajgautam/Library/Developer/Xcode/DerivedData/Telegram-Mac-fygdgghdgmuleoelvxabfmqiotta/SourcePackages/checkouts/firebase-ios-sdk/FirebaseCore/Sources/FIRAnalyticsConfiguration.m -o /Users/buddhirajgautam/Library/Developer/Xcode/DerivedData/Telegram-Mac-fygdgghdgmuleoelvxabfmqiotta/Build/Intermediates.noindex/Firebase.build/Debug/FirebaseCore-t.build/Objects-normal/arm64/FIRAnalyticsConfiguration.o -index-unit-output-path /Firebase.build/Debug/FirebaseCore-t.build/Objects-normal/arm64/FIRAnalyticsConfiguration.o

ScanDependencies /Users/buddhirajgautam/Library/Developer/Xcode/DerivedData/Telegram-Mac-fygdgghdgmuleoelvxabfmqiotta/Build/Intermediates.noindex/FastBlur.build/Debug/FastBlur-t.build/Objects-normal/arm64/FastBlur.o /Users/buddhirajgautam/Documents/Cherrygram-Mac/macOS-Swift/packages/FastBlur/Sources/FastBlur/FastBlur.m normal arm64 objective-c com.apple.compilers.llvm.clang.1_0.compiler (in target 'FastBlur' from project 'FastBlur')
    cd /Users/buddhirajgautam/Documents/Cherrygram-Mac/macOS-Swift
    
    Using response file: /Users/buddhirajgautam/Library/Developer/Xcode/DerivedData/Telegram-Mac-fygdgghdgmuleoelvxabfmqiotta/Build/Intermediates.noindex/FastBlur.build/Debug/FastBlur-t.build/Objects-normal/arm64/e6072d4f65d7061329687fe24e3d63a7-common-args.resp
    
    builtin-ScanDependencies -o /Users/buddhirajgautam/Library/Developer/Xcode/DerivedData/Telegram-Mac-fygdgghdgmuleoelvxabfmqiotta/Build/Intermediates.noindex/FastBlur.build/Debug/FastBlur-t.build/Objects-normal/arm64/FastBlur.o.scan -- /Applications/Xcode.app/Contents/Developer/Toolchains/XcodeDefault.xctoolchain/usr/bin/clang -x objective-c -ivfsstatcache /Users/buddhirajgautam/Library/Developer/Xcode/DerivedData/SDKStatCaches.noindex/macosx27.0-26A425-e829b21a6f8c9b70876ba0858053c0447231f6df4def33e022ae2eb8f782df1a.sdkstatcache -target arm64-apple-macos12.0 -fmessage-length\=0 -fdiagnostics-show-note-include-stack -fmacro-backtrace-limit\=0 -fno-color-diagnostics -fmodules-prune-interval\=86400 -fmodules-prune-after\=345600 -fbuild-session-file\=/Users/buddhirajgautam/Library/Developer/Xcode/DerivedData/ModuleCache.noindex/Session.modulevalidation -fmodules-validate-once-per-build-session -Wnon-modular-include-in-framework-module -Werror\=non-modular-include-in-framework-module -Wno-trigraphs -Wno-missing-field-initializers -Wno-missing-prototypes -Wno-return-type -Wno-implicit-atomic-properties -Wno-objc-interface-ivars -Wno-arc-repeated-use-of-weak -Wno-missing-braces -Wparentheses -Wswitch -Wno-unused-function -Wno-unused-label -Wno-unused-parameter -Wno-unused-variable -Wunused-value -Wno-empty-body -Wno-uninitialized -Wno-unknown-pragmas -Wno-shadow -Wno-four-char-constants -Wno-conversion -Wno-constant-conversion -Wno-int-conversion -Wno-bool-conversion -Wno-enum-conversion -Wno-float-conversion -Wno-non-literal-null-conversion -Wno-objc-literal-conversion -Wshorten-64-to-32 -Wpointer-sign -Wno-newline-eof -Wno-selector -Wno-strict-selector-match -Wno-undeclared-selector -Wno-deprecated-implementations -Wno-implicit-fallthrough -isysroot /Applications/Xcode.app/Contents/Developer/Platforms/MacOSX.platform/Developer/SDKs/MacOSX27.0.sdk -fstrict-aliasing -Wprotocol -Wdeprecated-declarations -Wno-sign-conversion -Wno-infinite-recursion -Wno-comma -Wno-block-capture-autoreleasing -Wno-strict-prototypes -Wno-semicolon-before-method-body -index-store-path /Users/buddhirajgautam/Library/Developer/Xcode/DerivedData/Telegram-Mac-fygdgghdgmuleoelvxabfmqiotta/Index.noindex/DataStore @/Users/buddhirajgautam/Library/Developer/Xcode/DerivedData/Telegram-Mac-fygdgghdgmuleoelvxabfmqiotta/Build/Intermediates.noindex/FastBlur.build/Debug/FastBlur-t.build/Objects-normal/arm64/e6072d4f65d7061329687fe24e3d63a7-common-args.resp -MMD -MT dependencies -MF /Users/buddhirajgautam/Library/Developer/Xcode/DerivedData/Telegram-Mac-fygdgghdgmuleoelvxabfmqiotta/Build/Intermediates.noindex/FastBlur.build/Debug/FastBlur-t.build/Objects-normal/arm64/FastBlur.d --serialize-diagnostics /Users/buddhirajgautam/Library/Developer/Xcode/DerivedData/Telegram-Mac-fygdgghdgmuleoelvxabfmqiotta/Build/Intermediates.noindex/FastBlur.build/Debug/FastBlur-t.build/Objects-normal/arm64/FastBlur.dia -c /Users/buddhirajgautam/Documents/Cherrygram-Mac/macOS-Swift/packages/FastBlur/Sources/FastBlur/FastBlur.m -o /Users/buddhirajgautam/Library/Developer/Xcode/DerivedData/Telegram-Mac-fygdgghdgmuleoelvxabfmqiotta/Build/Intermediates.noindex/FastBlur.build/Debug/FastBlur-t.build/Objects-normal/arm64/FastBlur.o -index-unit-output-path /FastBlur.build/Debug/FastBlur-t.build/Objects-normal/arm64/FastBlur.o

ScanDependencies /Users/buddhirajgautam/Library/Developer/Xcode/DerivedData/Telegram-Mac-fygdgghdgmuleoelvxabfmqiotta/Build/Intermediates.noindex/FFMpegBinding.build/Debug/FFMpegBinding-t.build/Objects-normal/arm64/FrameConverter.o /Users/buddhirajgautam/Documents/Cherrygram-Mac/macOS-Swift/submodules/telegram-ios/submodules/FFMpegBinding/Sources/FrameConverter.m normal arm64 objective-c com.apple.compilers.llvm.clang.1_0.compiler (in target 'FFMpegBinding' from project 'FFMpegBinding')
    cd /Users/buddhirajgautam/Documents/Cherrygram-Mac/macOS-Swift
    
    Using response file: /Users/buddhirajgautam/Library/Developer/Xcode/DerivedData/Telegram-Mac-fygdgghdgmuleoelvxabfmqiotta/Build/Intermediates.noindex/FFMpegBinding.build/Debug/FFMpegBinding-t.build/Objects-normal/arm64/e6072d4f65d7061329687fe24e3d63a7-common-args.resp
    
    builtin-ScanDependencies -o /Users/buddhirajgautam/Library/Developer/Xcode/DerivedData/Telegram-Mac-fygdgghdgmuleoelvxabfmqiotta/Build/Intermediates.noindex/FFMpegBinding.build/Debug/FFMpegBinding-t.build/Objects-normal/arm64/FrameConverter.o.scan -- /Applications/Xcode.app/Contents/Developer/Toolchains/XcodeDefault.xctoolchain/usr/bin/clang -x objective-c -ivfsstatcache /Users/buddhirajgautam/Library/Developer/Xcode/DerivedData/SDKStatCaches.noindex/macosx27.0-26A425-e829b21a6f8c9b70876ba0858053c0447231f6df4def33e022ae2eb8f782df1a.sdkstatcache -target arm64-apple-macos12.0 -fmessage-length\=0 -fdiagnostics-show-note-include-stack -fmacro-backtrace-limit\=0 -fno-color-diagnostics -fmodules-prune-interval\=86400 -fmodules-prune-after\=345600 -fbuild-session-file\=/Users/buddhirajgautam/Library/Developer/Xcode/DerivedData/ModuleCache.noindex/Session.modulevalidation -fmodules-validate-once-per-build-session -Wnon-modular-include-in-framework-module -Werror\=non-modular-include-in-framework-module -Wno-trigraphs -Wno-missing-field-initializers -Wno-missing-prototypes -Wno-return-type -Wno-implicit-atomic-properties -Wno-objc-interface-ivars -Wno-arc-repeated-use-of-weak -Wno-missing-braces -Wparentheses -Wswitch -Wno-unused-function -Wno-unused-label -Wno-unused-parameter -Wno-unused-variable -Wunused-value -Wno-empty-body -Wno-uninitialized -Wno-unknown-pragmas -Wno-shadow -Wno-four-char-constants -Wno-conversion -Wno-constant-conversion -Wno-int-conversion -Wno-bool-conversion -Wno-enum-conversion -Wno-float-conversion -Wno-non-literal-null-conversion -Wno-objc-literal-conversion -Wshorten-64-to-32 -Wpointer-sign -Wno-newline-eof -Wno-selector -Wno-strict-selector-match -Wno-undeclared-selector -Wno-deprecated-implementations -Wno-implicit-fallthrough -isysroot /Applications/Xcode.app/Contents/Developer/Platforms/MacOSX.platform/Developer/SDKs/MacOSX27.0.sdk -fstrict-aliasing -Wprotocol -Wdeprecated-declarations -Wno-sign-conversion -Wno-infinite-recursion -Wno-comma -Wno-block-capture-autoreleasing -Wno-strict-prototypes -Wno-semicolon-before-method-body -index-store-path /Users/buddhirajgautam/Library/Developer/Xcode/DerivedData/Telegram-Mac-fygdgghdgmuleoelvxabfmqiotta/Index.noindex/DataStore @/Users/buddhirajgautam/Library/Developer/Xcode/DerivedData/Telegram-Mac-fygdgghdgmuleoelvxabfmqiotta/Build/Intermediates.noindex/FFMpegBinding.build/Debug/FFMpegBinding-t.build/Objects-normal/arm64/e6072d4f65d7061329687fe24e3d63a7-common-args.resp -MMD -MT dependencies -MF /Users/buddhirajgautam/Library/Developer/Xcode/DerivedData/Telegram-Mac-fygdgghdgmuleoelvxabfmqiotta/Build/Intermediates.noindex/FFMpegBinding.build/Debug/FFMpegBinding-t.build/Objects-normal/arm64/FrameConverter.d --serialize-diagnostics /Users/buddhirajgautam/Library/Developer/Xcode/DerivedData/Telegram-Mac-fygdgghdgmuleoelvxabfmqiotta/Build/Intermediates.noindex/FFMpegBinding.build/Debug/FFMpegBinding-t.build/Objects-normal/arm64/FrameConverter.dia -c /Users/buddhirajgautam/Documents/Cherrygram-Mac/macOS-Swift/submodules/telegram-ios/submodules/FFMpegBinding/Sources/FrameConverter.m -o /Users/buddhirajgautam/Library/Developer/Xcode/DerivedData/Telegram-Mac-fygdgghdgmuleoelvxabfmqiotta/Build/Intermediates.noindex/FFMpegBinding.build/Debug/FFMpegBinding-t.build/Objects-normal/arm64/FrameConverter.o -index-unit-output-path /FFMpegBinding.build/Debug/FFMpegBinding-t.build/Objects-normal/arm64/FrameConverter.o

ScanDependencies /Users/buddhirajgautam/Library/Developer/Xcode/DerivedData/Telegram-Mac-fygdgghdgmuleoelvxabfmqiotta/Build/Intermediates.noindex/Firebase.build/Debug/FirebaseInstallations-t.build/Objects-normal/arm64/FIRInstallationsStoredItem.o /Users/buddhirajgautam/Library/Developer/Xcode/DerivedData/Telegram-Mac-fygdgghdgmuleoelvxabfmqiotta/SourcePackages/checkouts/firebase-ios-sdk/FirebaseInstallations/Source/Library/InstallationsStore/FIRInstallationsStoredItem.m normal arm64 objective-c com.apple.compilers.llvm.clang.1_0.compiler (in target 'FirebaseInstallations' from project 'Firebase')
    cd /Users/buddhirajgautam/Documents/Cherrygram-Mac/macOS-Swift
    
    Using response file: /Users/buddhirajgautam/Library/Developer/Xcode/DerivedData/Telegram-Mac-fygdgghdgmuleoelvxabfmqiotta/Build/Intermediates.noindex/Firebase.build/Debug/FirebaseInstallations-t.build/Objects-normal/arm64/e6072d4f65d7061329687fe24e3d63a7-common-args.resp
    
    builtin-ScanDependencies -o /Users/buddhirajgautam/Library/Developer/Xcode/DerivedData/Telegram-Mac-fygdgghdgmuleoelvxabfmqiotta/Build/Intermediates.noindex/Firebase.build/Debug/FirebaseInstallations-t.build/Objects-normal/arm64/FIRInstallationsStoredItem.o.scan -- /Applications/Xcode.app/Contents/Developer/Toolchains/XcodeDefault.xctoolchain/usr/bin/clang -x objective-c -ivfsstatcache /Users/buddhirajgautam/Library/Developer/Xcode/DerivedData/SDKStatCaches.noindex/macosx27.0-26A425-e829b21a6f8c9b70876ba0858053c0447231f6df4def33e022ae2eb8f782df1a.sdkstatcache -target arm64-apple-macos12.0 -fmessage-length\=0 -fdiagnostics-show-note-include-stack -fmacro-backtrace-limit\=0 -fno-color-diagnostics -fmodules-prune-interval\=86400 -fmodules-prune-after\=345600 -fbuild-session-file\=/Users/buddhirajgautam/Library/Developer/Xcode/DerivedData/ModuleCache.noindex/Session.modulevalidation -fmodules-validate-once-per-build-session -Wnon-modular-include-in-framework-module -Werror\=non-modular-include-in-framework-module -Wno-trigraphs -Wno-missing-field-initializers -Wno-missing-prototypes -Wno-return-type -Wno-implicit-atomic-properties -Wno-objc-interface-ivars -Wno-arc-repeated-use-of-weak -Wno-missing-braces -Wparentheses -Wswitch -Wno-unused-function -Wno-unused-label -Wno-unused-parameter -Wno-unused-variable -Wunused-value -Wno-empty-body -Wno-uninitialized -Wno-unknown-pragmas -w -Wno-shadow -Wno-four-char-constants -Wno-conversion -Wno-constant-conversion -Wno-int-conversion -Wno-bool-conversion -Wno-enum-conversion -Wno-float-conversion -Wno-non-literal-null-conversion -Wno-objc-literal-conversion -Wshorten-64-to-32 -Wpointer-sign -Wno-newline-eof -Wno-selector -Wno-strict-selector-match -Wno-undeclared-selector -Wno-deprecated-implementations -Wno-implicit-fallthrough -isysroot /Applications/Xcode.app/Contents/Developer/Platforms/MacOSX.platform/Developer/SDKs/MacOSX27.0.sdk -fstrict-aliasing -Wprotocol -Wdeprecated-declarations -Wno-sign-conversion -Wno-infinite-recursion -Wno-comma -Wno-block-capture-autoreleasing -Wno-strict-prototypes -Wno-semicolon-before-method-body -index-store-path /Users/buddhirajgautam/Library/Developer/Xcode/DerivedData/Telegram-Mac-fygdgghdgmuleoelvxabfmqiotta/Index.noindex/DataStore @/Users/buddhirajgautam/Library/Developer/Xcode/DerivedData/Telegram-Mac-fygdgghdgmuleoelvxabfmqiotta/Build/Intermediates.noindex/Firebase.build/Debug/FirebaseInstallations-t.build/Objects-normal/arm64/e6072d4f65d7061329687fe24e3d63a7-common-args.resp -MMD -MT dependencies -MF /Users/buddhirajgautam/Library/Developer/Xcode/DerivedData/Telegram-Mac-fygdgghdgmuleoelvxabfmqiotta/Build/Intermediates.noindex/Firebase.build/Debug/FirebaseInstallations-t.build/Objects-normal/arm64/FIRInstallationsStoredItem.d --serialize-diagnostics /Users/buddhirajgautam/Library/Developer/Xcode/DerivedData/Telegram-Mac-fygdgghdgmuleoelvxabfmqiotta/Build/Intermediates.noindex/Firebase.build/Debug/FirebaseInstallations-t.build/Objects-normal/arm64/FIRInstallationsStoredItem.dia -c /Users/buddhirajgautam/Library/Developer/Xcode/DerivedData/Telegram-Mac-fygdgghdgmuleoelvxabfmqiotta/SourcePackages/checkouts/firebase-ios-sdk/FirebaseInstallations/Source/Library/InstallationsStore/FIRInstallationsStoredItem.m -o /Users/buddhirajgautam/Library/Developer/Xcode/DerivedData/Telegram-Mac-fygdgghdgmuleoelvxabfmqiotta/Build/Intermediates.noindex/Firebase.build/Debug/FirebaseInstallations-t.build/Objects-normal/arm64/FIRInstallationsStoredItem.o -index-unit-output-path /Firebase.build/Debug/FirebaseInstallations-t.build/Objects-normal/arm64/FIRInstallationsStoredItem.o

ScanDependencies /Users/buddhirajgautam/Library/Developer/Xcode/DerivedData/Telegram-Mac-fygdgghdgmuleoelvxabfmqiotta/Build/Intermediates.noindex/Firebase.build/Debug/FirebaseInstallations-t.build/Objects-normal/arm64/FIRInstallationsStoredAuthToken.o /Users/buddhirajgautam/Library/Developer/Xcode/DerivedData/Telegram-Mac-fygdgghdgmuleoelvxabfmqiotta/SourcePackages/checkouts/firebase-ios-sdk/FirebaseInstallations/Source/Library/InstallationsStore/FIRInstallationsStoredAuthToken.m normal arm64 objective-c com.apple.compilers.llvm.clang.1_0.compiler (in target 'FirebaseInstallations' from project 'Firebase')
    cd /Users/buddhirajgautam/Documents/Cherrygram-Mac/macOS-Swift
    
    Using response file: /Users/buddhirajgautam/Library/Developer/Xcode/DerivedData/Telegram-Mac-fygdgghdgmuleoelvxabfmqiotta/Build/Intermediates.noindex/Firebase.build/Debug/FirebaseInstallations-t.build/Objects-normal/arm64/e6072d4f65d7061329687fe24e3d63a7-common-args.resp
    
    builtin-ScanDependencies -o /Users/buddhirajgautam/Library/Developer/Xcode/DerivedData/Telegram-Mac-fygdgghdgmuleoelvxabfmqiotta/Build/Intermediates.noindex/Firebase.build/Debug/FirebaseInstallations-t.build/Objects-normal/arm64/FIRInstallationsStoredAuthToken.o.scan -- /Applications/Xcode.app/Contents/Developer/Toolchains/XcodeDefault.xctoolchain/usr/bin/clang -x objective-c -ivfsstatcache /Users/buddhirajgautam/Library/Developer/Xcode/DerivedData/SDKStatCaches.noindex/macosx27.0-26A425-e829b21a6f8c9b70876ba0858053c0447231f6df4def33e022ae2eb8f782df1a.sdkstatcache -target arm64-apple-macos12.0 -fmessage-length\=0 -fdiagnostics-show-note-include-stack -fmacro-backtrace-limit\=0 -fno-color-diagnostics -fmodules-prune-interval\=86400 -fmodules-prune-after\=345600 -fbuild-session-file\=/Users/buddhirajgautam/Library/Developer/Xcode/DerivedData/ModuleCache.noindex/Session.modulevalidation -fmodules-validate-once-per-build-session -Wnon-modular-include-in-framework-module -Werror\=non-modular-include-in-framework-module -Wno-trigraphs -Wno-missing-field-initializers -Wno-missing-prototypes -Wno-return-type -Wno-implicit-atomic-properties -Wno-objc-interface-ivars -Wno-arc-repeated-use-of-weak -Wno-missing-braces -Wparentheses -Wswitch -Wno-unused-function -Wno-unused-label -Wno-unused-parameter -Wno-unused-variable -Wunused-value -Wno-empty-body -Wno-uninitialized -Wno-unknown-pragmas -w -Wno-shadow -Wno-four-char-constants -Wno-conversion -Wno-constant-conversion -Wno-int-conversion -Wno-bool-conversion -Wno-enum-conversion -Wno-float-conversion -Wno-non-literal-null-conversion -Wno-objc-literal-conversion -Wshorten-64-to-32 -Wpointer-sign -Wno-newline-eof -Wno-selector -Wno-strict-selector-match -Wno-undeclared-selector -Wno-deprecated-implementations -Wno-implicit-fallthrough -isysroot /Applications/Xcode.app/Contents/Developer/Platforms/MacOSX.platform/Developer/SDKs/MacOSX27.0.sdk -fstrict-aliasing -Wprotocol -Wdeprecated-declarations -Wno-sign-conversion -Wno-infinite-recursion -Wno-comma -Wno-block-capture-autoreleasing -Wno-strict-prototypes -Wno-semicolon-before-method-body -index-store-path /Users/buddhirajgautam/Library/Developer/Xcode/DerivedData/Telegram-Mac-fygdgghdgmuleoelvxabfmqiotta/Index.noindex/DataStore @/Users/buddhirajgautam/Library/Developer/Xcode/DerivedData/Telegram-Mac-fygdgghdgmuleoelvxabfmqiotta/Build/Intermediates.noindex/Firebase.build/Debug/FirebaseInstallations-t.build/Objects-normal/arm64/e6072d4f65d7061329687fe24e3d63a7-common-args.resp -MMD -MT dependencies -MF /Users/buddhirajgautam/Library/Developer/Xcode/DerivedData/Telegram-Mac-fygdgghdgmuleoelvxabfmqiotta/Build/Intermediates.noindex/Firebase.build/Debug/FirebaseInstallations-t.build/Objects-normal/arm64/FIRInstallationsStoredAuthToken.d --serialize-diagnostics /Users/buddhirajgautam/Library/Developer/Xcode/DerivedData/Telegram-Mac-fygdgghdgmuleoelvxabfmqiotta/Build/Intermediates.noindex/Firebase.build/Debug/FirebaseInstallations-t.build/Objects-normal/arm64/FIRInstallationsStoredAuthToken.dia -c /Users/buddhirajgautam/Library/Developer/Xcode/DerivedData/Telegram-Mac-fygdgghdgmuleoelvxabfmqiotta/SourcePackages/checkouts/firebase-ios-sdk/FirebaseInstallations/Source/Library/InstallationsStore/FIRInstallationsStoredAuthToken.m -o /Users/buddhirajgautam/Library/Developer/Xcode/DerivedData/Telegram-Mac-fygdgghdgmuleoelvxabfmqiotta/Build/Intermediates.noindex/Firebase.build/Debug/FirebaseInstallations-t.build/Objects-normal/arm64/FIRInstallationsStoredAuthToken.o -index-unit-output-path /Firebase.build/Debug/FirebaseInstallations-t.build/Objects-normal/arm64/FIRInstallationsStoredAuthToken.o

PrecompileModule /Users/buddhirajgautam/Library/Developer/Xcode/DerivedData/Telegram-Mac-fygdgghdgmuleoelvxabfmqiotta/Build/Intermediates.noindex/ExplicitPrecompiledModules/_DarwinFoundation1-77E9O92Q7LAYRQ046TJX4TYMS.scan
    cd /
    builtin-precompileModule /Users/buddhirajgautam/Library/Developer/Xcode/DerivedData/Telegram-Mac-fygdgghdgmuleoelvxabfmqiotta/Build/Intermediates.noindex/ExplicitPrecompiledModules/_DarwinFoundation1-77E9O92Q7LAYRQ046TJX4TYMS.scan

ScanDependencies /Users/buddhirajgautam/Library/Developer/Xcode/DerivedData/Telegram-Mac-fygdgghdgmuleoelvxabfmqiotta/Build/Intermediates.noindex/Firebase.build/Debug/FirebaseInstallations-t.build/Objects-normal/arm64/FIRInstallationsStore.o /Users/buddhirajgautam/Library/Developer/Xcode/DerivedData/Telegram-Mac-fygdgghdgmuleoelvxabfmqiotta/SourcePackages/checkouts/firebase-ios-sdk/FirebaseInstallations/Source/Library/InstallationsStore/FIRInstallationsStore.m normal arm64 objective-c com.apple.compilers.llvm.clang.1_0.compiler (in target 'FirebaseInstallations' from project 'Firebase')
    cd /Users/buddhirajgautam/Documents/Cherrygram-Mac/macOS-Swift
    
    Using response file: /Users/buddhirajgautam/Library/Developer/Xcode/DerivedData/Telegram-Mac-fygdgghdgmuleoelvxabfmqiotta/Build/Intermediates.noindex/Firebase.build/Debug/FirebaseInstallations-t.build/Objects-normal/arm64/e6072d4f65d7061329687fe24e3d63a7-common-args.resp
    
    builtin-ScanDependencies -o /Users/buddhirajgautam/Library/Developer/Xcode/DerivedData/Telegram-Mac-fygdgghdgmuleoelvxabfmqiotta/Build/Intermediates.noindex/Firebase.build/Debug/FirebaseInstallations-t.build/Objects-normal/arm64/FIRInstallationsStore.o.scan -- /Applications/Xcode.app/Contents/Developer/Toolchains/XcodeDefault.xctoolchain/usr/bin/clang -x objective-c -ivfsstatcache /Users/buddhirajgautam/Library/Developer/Xcode/DerivedData/SDKStatCaches.noindex/macosx27.0-26A425-e829b21a6f8c9b70876ba0858053c0447231f6df4def33e022ae2eb8f782df1a.sdkstatcache -target arm64-apple-macos12.0 -fmessage-length\=0 -fdiagnostics-show-note-include-stack -fmacro-backtrace-limit\=0 -fno-color-diagnostics -fmodules-prune-interval\=86400 -fmodules-prune-after\=345600 -fbuild-session-file\=/Users/buddhirajgautam/Library/Developer/Xcode/DerivedData/ModuleCache.noindex/Session.modulevalidation -fmodules-validate-once-per-build-session -Wnon-modular-include-in-framework-module -Werror\=non-modular-include-in-framework-module -Wno-trigraphs -Wno-missing-field-initializers -Wno-missing-prototypes -Wno-return-type -Wno-implicit-atomic-properties -Wno-objc-interface-ivars -Wno-arc-repeated-use-of-weak -Wno-missing-braces -Wparentheses -Wswitch -Wno-unused-function -Wno-unused-label -Wno-unused-parameter -Wno-unused-variable -Wunused-value -Wno-empty-body -Wno-uninitialized -Wno-unknown-pragmas -w -Wno-shadow -Wno-four-char-constants -Wno-conversion -Wno-constant-conversion -Wno-int-conversion -Wno-bool-conversion -Wno-enum-conversion -Wno-float-conversion -Wno-non-literal-null-conversion -Wno-objc-literal-conversion -Wshorten-64-to-32 -Wpointer-sign -Wno-newline-eof -Wno-selector -Wno-strict-selector-match -Wno-undeclared-selector -Wno-deprecated-implementations -Wno-implicit-fallthrough -isysroot /Applications/Xcode.app/Contents/Developer/Platforms/MacOSX.platform/Developer/SDKs/MacOSX27.0.sdk -fstrict-aliasing -Wprotocol -Wdeprecated-declarations -Wno-sign-conversion -Wno-infinite-recursion -Wno-comma -Wno-block-capture-autoreleasing -Wno-strict-prototypes -Wno-semicolon-before-method-body -index-store-path /Users/buddhirajgautam/Library/Developer/Xcode/DerivedData/Telegram-Mac-fygdgghdgmuleoelvxabfmqiotta/Index.noindex/DataStore @/Users/buddhirajgautam/Library/Developer/Xcode/DerivedData/Telegram-Mac-fygdgghdgmuleoelvxabfmqiotta/Build/Intermediates.noindex/Firebase.build/Debug/FirebaseInstallations-t.build/Objects-normal/arm64/e6072d4f65d7061329687fe24e3d63a7-common-args.resp -MMD -MT dependencies -MF /Users/buddhirajgautam/Library/Developer/Xcode/DerivedData/Telegram-Mac-fygdgghdgmuleoelvxabfmqiotta/Build/Intermediates.noindex/Firebase.build/Debug/FirebaseInstallations-t.build/Objects-normal/arm64/FIRInstallationsStore.d --serialize-diagnostics /Users/buddhirajgautam/Library/Developer/Xcode/DerivedData/Telegram-Mac-fygdgghdgmuleoelvxabfmqiotta/Build/Intermediates.noindex/Firebase.build/Debug/FirebaseInstallations-t.build/Objects-normal/arm64/FIRInstallationsStore.dia -c /Users/buddhirajgautam/Library/Developer/Xcode/DerivedData/Telegram-Mac-fygdgghdgmuleoelvxabfmqiotta/SourcePackages/checkouts/firebase-ios-sdk/FirebaseInstallations/Source/Library/InstallationsStore/FIRInstallationsStore.m -o /Users/buddhirajgautam/Library/Developer/Xcode/DerivedData/Telegram-Mac-fygdgghdgmuleoelvxabfmqiotta/Build/Intermediates.noindex/Firebase.build/Debug/FirebaseInstallations-t.build/Objects-normal/arm64/FIRInstallationsStore.o -index-unit-output-path /Firebase.build/Debug/FirebaseInstallations-t.build/Objects-normal/arm64/FIRInstallationsStore.o

PrecompileModule /Users/buddhirajgautam/Library/Developer/Xcode/DerivedData/Telegram-Mac-fygdgghdgmuleoelvxabfmqiotta/Build/Intermediates.noindex/ExplicitPrecompiledModules/_DarwinFoundation2-AE6EFWKT1X2MA05OCAD910Q5Q.scan
    cd /
    builtin-precompileModule /Users/buddhirajgautam/Library/Developer/Xcode/DerivedData/Telegram-Mac-fygdgghdgmuleoelvxabfmqiotta/Build/Intermediates.noindex/ExplicitPrecompiledModules/_DarwinFoundation2-AE6EFWKT1X2MA05OCAD910Q5Q.scan

CompileC /Users/buddhirajgautam/Library/Developer/Xcode/DerivedData/Telegram-Mac-fygdgghdgmuleoelvxabfmqiotta/Build/Intermediates.noindex/GoogleDataTransport.build/Debug/GoogleDataTransport-t.build/Objects-normal/arm64/resource_bundle_accessor.o /Users/buddhirajgautam/Library/Developer/Xcode/DerivedData/Telegram-Mac-fygdgghdgmuleoelvxabfmqiotta/Build/Intermediates.noindex/GoogleDataTransport.build/Debug/GoogleDataTransport-t.build/DerivedSources/resource_bundle_accessor.m normal arm64 objective-c com.apple.compilers.llvm.clang.1_0.compiler (in target 'GoogleDataTransport' from project 'GoogleDataTransport')
    cd /Users/buddhirajgautam/Documents/Cherrygram-Mac/macOS-Swift
    
    Using response file: /Users/buddhirajgautam/Library/Developer/Xcode/DerivedData/Telegram-Mac-fygdgghdgmuleoelvxabfmqiotta/Build/Intermediates.noindex/GoogleDataTransport.build/Debug/GoogleDataTransport-t.build/Objects-normal/arm64/e6072d4f65d7061329687fe24e3d63a7-common-args.resp
    
    /Applications/Xcode.app/Contents/Developer/Toolchains/XcodeDefault.xctoolchain/usr/bin/clang -x objective-c -ivfsstatcache /Users/buddhirajgautam/Library/Developer/Xcode/DerivedData/SDKStatCaches.noindex/macosx27.0-26A425-e829b21a6f8c9b70876ba0858053c0447231f6df4def33e022ae2eb8f782df1a.sdkstatcache -target arm64-apple-macos12.0 -fmessage-length\=0 -fdiagnostics-show-note-include-stack -fmacro-backtrace-limit\=0 -fno-color-diagnostics -fmodules-prune-interval\=86400 -fmodules-prune-after\=345600 -fbuild-session-file\=/Users/buddhirajgautam/Library/Developer/Xcode/DerivedData/ModuleCache.noindex/Session.modulevalidation -fmodules-validate-once-per-build-session -Wnon-modular-include-in-framework-module -Werror\=non-modular-include-in-framework-module -Wno-trigraphs -Wno-missing-field-initializers -Wno-missing-prototypes -Wno-return-type -Wno-implicit-atomic-properties -Wno-objc-interface-ivars -Wno-arc-repeated-use-of-weak -Wno-missing-braces -Wparentheses -Wswitch -Wno-unused-function -Wno-unused-label -Wno-unused-parameter -Wno-unused-variable -Wunused-value -Wno-empty-body -Wno-uninitialized -Wno-unknown-pragmas -w -Wno-shadow -Wno-four-char-constants -Wno-conversion -Wno-constant-conversion -Wno-int-conversion -Wno-bool-conversion -Wno-enum-conversion -Wno-float-conversion -Wno-non-literal-null-conversion -Wno-objc-literal-conversion -Wshorten-64-to-32 -Wpointer-sign -Wno-newline-eof -Wno-selector -Wno-strict-selector-match -Wno-undeclared-selector -Wno-deprecated-implementations -Wno-implicit-fallthrough -isysroot /Applications/Xcode.app/Contents/Developer/Platforms/MacOSX.platform/Developer/SDKs/MacOSX27.0.sdk -fstrict-aliasing -Wprotocol -Wdeprecated-declarations -Wno-sign-conversion -Wno-infinite-recursion -Wno-comma -Wno-block-capture-autoreleasing -Wno-strict-prototypes -Wno-semicolon-before-method-body -index-store-path /Users/buddhirajgautam/Library/Developer/Xcode/DerivedData/Telegram-Mac-fygdgghdgmuleoelvxabfmqiotta/Index.noindex/DataStore @/Users/buddhirajgautam/Library/Developer/Xcode/DerivedData/Telegram-Mac-fygdgghdgmuleoelvxabfmqiotta/Build/Intermediates.noindex/GoogleDataTransport.build/Debug/GoogleDataTransport-t.build/Objects-normal/arm64/e6072d4f65d7061329687fe24e3d63a7-common-args.resp -include /Users/buddhirajgautam/Library/Developer/Xcode/DerivedData/Telegram-Mac-fygdgghdgmuleoelvxabfmqiotta/Build/Intermediates.noindex/GoogleDataTransport.build/Debug/GoogleDataTransport-t.build/DerivedSources/resource_bundle_accessor.h -MMD -MT dependencies -MF /Users/buddhirajgautam/Library/Developer/Xcode/DerivedData/Telegram-Mac-fygdgghdgmuleoelvxabfmqiotta/Build/Intermediates.noindex/GoogleDataTransport.build/Debug/GoogleDataTransport-t.build/Objects-normal/arm64/resource_bundle_accessor.d --serialize-diagnostics /Users/buddhirajgautam/Library/Developer/Xcode/DerivedData/Telegram-Mac-fygdgghdgmuleoelvxabfmqiotta/Build/Intermediates.noindex/GoogleDataTransport.build/Debug/GoogleDataTransport-t.build/Objects-normal/arm64/resource_bundle_accessor.dia -c /Users/buddhirajgautam/Library/Developer/Xcode/DerivedData/Telegram-Mac-fygdgghdgmuleoelvxabfmqiotta/Build/Intermediates.noindex/GoogleDataTransport.build/Debug/GoogleDataTransport-t.build/DerivedSources/resource_bundle_accessor.m -o /Users/buddhirajgautam/Library/Developer/Xcode/DerivedData/Telegram-Mac-fygdgghdgmuleoelvxabfmqiotta/Build/Intermediates.noindex/GoogleDataTransport.build/Debug/GoogleDataTransport-t.build/Objects-normal/arm64/resource_bundle_accessor.o -index-unit-output-path /GoogleDataTransport.build/Debug/GoogleDataTransport-t.build/Objects-normal/arm64/resource_bundle_accessor.o

CompileC /Users/buddhirajgautam/Library/Developer/Xcode/DerivedData/Telegram-Mac-fygdgghdgmuleoelvxabfmqiotta/Build/Intermediates.noindex/GoogleDataTransport.build/Debug/GoogleDataTransport-t.build/Objects-normal/arm64/GDTCORUploadBatch.o /Users/buddhirajgautam/Library/Developer/Xcode/DerivedData/Telegram-Mac-fygdgghdgmuleoelvxabfmqiotta/SourcePackages/checkouts/GoogleDataTransport/GoogleDataTransport/GDTCORLibrary/GDTCORUploadBatch.m normal arm64 objective-c com.apple.compilers.llvm.clang.1_0.compiler (in target 'GoogleDataTransport' from project 'GoogleDataTransport')
    cd /Users/buddhirajgautam/Documents/Cherrygram-Mac/macOS-Swift
    
    Using response file: /Users/buddhirajgautam/Library/Developer/Xcode/DerivedData/Telegram-Mac-fygdgghdgmuleoelvxabfmqiotta/Build/Intermediates.noindex/GoogleDataTransport.build/Debug/GoogleDataTransport-t.build/Objects-normal/arm64/e6072d4f65d7061329687fe24e3d63a7-common-args.resp
    
    /Applications/Xcode.app/Contents/Developer/Toolchains/XcodeDefault.xctoolchain/usr/bin/clang -x objective-c -ivfsstatcache /Users/buddhirajgautam/Library/Developer/Xcode/DerivedData/SDKStatCaches.noindex/macosx27.0-26A425-e829b21a6f8c9b70876ba0858053c0447231f6df4def33e022ae2eb8f782df1a.sdkstatcache -target arm64-apple-macos12.0 -fmessage-length\=0 -fdiagnostics-show-note-include-stack -fmacro-backtrace-limit\=0 -fno-color-diagnostics -fmodules-prune-interval\=86400 -fmodules-prune-after\=345600 -fbuild-session-file\=/Users/buddhirajgautam/Library/Developer/Xcode/DerivedData/ModuleCache.noindex/Session.modulevalidation -fmodules-validate-once-per-build-session -Wnon-modular-include-in-framework-module -Werror\=non-modular-include-in-framework-module -Wno-trigraphs -Wno-missing-field-initializers -Wno-missing-prototypes -Wno-return-type -Wno-implicit-atomic-properties -Wno-objc-interface-ivars -Wno-arc-repeated-use-of-weak -Wno-missing-braces -Wparentheses -Wswitch -Wno-unused-function -Wno-unused-label -Wno-unused-parameter -Wno-unused-variable -Wunused-value -Wno-empty-body -Wno-uninitialized -Wno-unknown-pragmas -w -Wno-shadow -Wno-four-char-constants -Wno-conversion -Wno-constant-conversion -Wno-int-conversion -Wno-bool-conversion -Wno-enum-conversion -Wno-float-conversion -Wno-non-literal-null-conversion -Wno-objc-literal-conversion -Wshorten-64-to-32 -Wpointer-sign -Wno-newline-eof -Wno-selector -Wno-strict-selector-match -Wno-undeclared-selector -Wno-deprecated-implementations -Wno-implicit-fallthrough -isysroot /Applications/Xcode.app/Contents/Developer/Platforms/MacOSX.platform/Developer/SDKs/MacOSX27.0.sdk -fstrict-aliasing -Wprotocol -Wdeprecated-declarations -Wno-sign-conversion -Wno-infinite-recursion -Wno-comma -Wno-block-capture-autoreleasing -Wno-strict-prototypes -Wno-semicolon-before-method-body -index-store-path /Users/buddhirajgautam/Library/Developer/Xcode/DerivedData/Telegram-Mac-fygdgghdgmuleoelvxabfmqiotta/Index.noindex/DataStore @/Users/buddhirajgautam/Library/Developer/Xcode/DerivedData/Telegram-Mac-fygdgghdgmuleoelvxabfmqiotta/Build/Intermediates.noindex/GoogleDataTransport.build/Debug/GoogleDataTransport-t.build/Objects-normal/arm64/e6072d4f65d7061329687fe24e3d63a7-common-args.resp -include /Users/buddhirajgautam/Library/Developer/Xcode/DerivedData/Telegram-Mac-fygdgghdgmuleoelvxabfmqiotta/Build/Intermediates.noindex/GoogleDataTransport.build/Debug/GoogleDataTransport-t.build/DerivedSources/resource_bundle_accessor.h -MMD -MT dependencies -MF /Users/buddhirajgautam/Library/Developer/Xcode/DerivedData/Telegram-Mac-fygdgghdgmuleoelvxabfmqiotta/Build/Intermediates.noindex/GoogleDataTransport.build/Debug/GoogleDataTransport-t.build/Objects-normal/arm64/GDTCORUploadBatch.d --serialize-diagnostics /Users/buddhirajgautam/Library/Developer/Xcode/DerivedData/Telegram-Mac-fygdgghdgmuleoelvxabfmqiotta/Build/Intermediates.noindex/GoogleDataTransport.build/Debug/GoogleDataTransport-t.build/Objects-normal/arm64/GDTCORUploadBatch.dia -c /Users/buddhirajgautam/Library/Developer/Xcode/DerivedData/Telegram-Mac-fygdgghdgmuleoelvxabfmqiotta/SourcePackages/checkouts/GoogleDataTransport/GoogleDataTransport/GDTCORLibrary/GDTCORUploadBatch.m -o /Users/buddhirajgautam/Library/Developer/Xcode/DerivedData/Telegram-Mac-fygdgghdgmuleoelvxabfmqiotta/Build/Intermediates.noindex/GoogleDataTransport.build/Debug/GoogleDataTransport-t.build/Objects-normal/arm64/GDTCORUploadBatch.o -index-unit-output-path /GoogleDataTransport.build/Debug/GoogleDataTransport-t.build/Objects-normal/arm64/GDTCORUploadBatch.o

CompileC /Users/buddhirajgautam/Library/Developer/Xcode/DerivedData/Telegram-Mac-fygdgghdgmuleoelvxabfmqiotta/Build/Intermediates.noindex/GoogleDataTransport.build/Debug/GoogleDataTransport-t.build/Objects-normal/arm64/GDTCORStorageMetadata.o /Users/buddhirajgautam/Library/Developer/Xcode/DerivedData/Telegram-Mac-fygdgghdgmuleoelvxabfmqiotta/SourcePackages/checkouts/GoogleDataTransport/GoogleDataTransport/GDTCORLibrary/GDTCORStorageMetadata.m normal arm64 objective-c com.apple.compilers.llvm.clang.1_0.compiler (in target 'GoogleDataTransport' from project 'GoogleDataTransport')
    cd /Users/buddhirajgautam/Documents/Cherrygram-Mac/macOS-Swift
    
    Using response file: /Users/buddhirajgautam/Library/Developer/Xcode/DerivedData/Telegram-Mac-fygdgghdgmuleoelvxabfmqiotta/Build/Intermediates.noindex/GoogleDataTransport.build/Debug/GoogleDataTransport-t.build/Objects-normal/arm64/e6072d4f65d7061329687fe24e3d63a7-common-args.resp
    
    /Applications/Xcode.app/Contents/Developer/Toolchains/XcodeDefault.xctoolchain/usr/bin/clang -x objective-c -ivfsstatcache /Users/buddhirajgautam/Library/Developer/Xcode/DerivedData/SDKStatCaches.noindex/macosx27.0-26A425-e829b21a6f8c9b70876ba0858053c0447231f6df4def33e022ae2eb8f782df1a.sdkstatcache -target arm64-apple-macos12.0 -fmessage-length\=0 -fdiagnostics-show-note-include-stack -fmacro-backtrace-limit\=0 -fno-color-diagnostics -fmodules-prune-interval\=86400 -fmodules-prune-after\=345600 -fbuild-session-file\=/Users/buddhirajgautam/Library/Developer/Xcode/DerivedData/ModuleCache.noindex/Session.modulevalidation -fmodules-validate-once-per-build-session -Wnon-modular-include-in-framework-module -Werror\=non-modular-include-in-framework-module -Wno-trigraphs -Wno-missing-field-initializers -Wno-missing-prototypes -Wno-return-type -Wno-implicit-atomic-properties -Wno-objc-interface-ivars -Wno-arc-repeated-use-of-weak -Wno-missing-braces -Wparentheses -Wswitch -Wno-unused-function -Wno-unused-label -Wno-unused-parameter -Wno-unused-variable -Wunused-value -Wno-empty-body -Wno-uninitialized -Wno-unknown-pragmas -w -Wno-shadow -Wno-four-char-constants -Wno-conversion -Wno-constant-conversion -Wno-int-conversion -Wno-bool-conversion -Wno-enum-conversion -Wno-float-conversion -Wno-non-literal-null-conversion -Wno-objc-literal-conversion -Wshorten-64-to-32 -Wpointer-sign -Wno-newline-eof -Wno-selector -Wno-strict-selector-match -Wno-undeclared-selector -Wno-deprecated-implementations -Wno-implicit-fallthrough -isysroot /Applications/Xcode.app/Contents/Developer/Platforms/MacOSX.platform/Developer/SDKs/MacOSX27.0.sdk -fstrict-aliasing -Wprotocol -Wdeprecated-declarations -Wno-sign-conversion -Wno-infinite-recursion -Wno-comma -Wno-block-capture-autoreleasing -Wno-strict-prototypes -Wno-semicolon-before-method-body -index-store-path /Users/buddhirajgautam/Library/Developer/Xcode/DerivedData/Telegram-Mac-fygdgghdgmuleoelvxabfmqiotta/Index.noindex/DataStore @/Users/buddhirajgautam/Library/Developer/Xcode/DerivedData/Telegram-Mac-fygdgghdgmuleoelvxabfmqiotta/Build/Intermediates.noindex/GoogleDataTransport.build/Debug/GoogleDataTransport-t.build/Objects-normal/arm64/e6072d4f65d7061329687fe24e3d63a7-common-args.resp -include /Users/buddhirajgautam/Library/Developer/Xcode/DerivedData/Telegram-Mac-fygdgghdgmuleoelvxabfmqiotta/Build/Intermediates.noindex/GoogleDataTransport.build/Debug/GoogleDataTransport-t.build/DerivedSources/resource_bundle_accessor.h -MMD -MT dependencies -MF /Users/buddhirajgautam/Library/Developer/Xcode/DerivedData/Telegram-Mac-fygdgghdgmuleoelvxabfmqiotta/Build/Intermediates.noindex/GoogleDataTransport.build/Debug/GoogleDataTransport-t.build/Objects-normal/arm64/GDTCORStorageMetadata.d --serialize-diagnostics /Users/buddhirajgautam/Library/Developer/Xcode/DerivedData/Telegram-Mac-fygdgghdgmuleoelvxabfmqiotta/Build/Intermediates.noindex/GoogleDataTransport.build/Debug/GoogleDataTransport-t.build/Objects-normal/arm64/GDTCORStorageMetadata.dia -c /Users/buddhirajgautam/Library/Developer/Xcode/DerivedData/Telegram-Mac-fygdgghdgmuleoelvxabfmqiotta/SourcePackages/checkouts/GoogleDataTransport/GoogleDataTransport/GDTCORLibrary/GDTCORStorageMetadata.m -o /Users/buddhirajgautam/Library/Developer/Xcode/DerivedData/Telegram-Mac-fygdgghdgmuleoelvxabfmqiotta/Build/Intermediates.noindex/GoogleDataTransport.build/Debug/GoogleDataTransport-t.build/Objects-normal/arm64/GDTCORStorageMetadata.o -index-unit-output-path /GoogleDataTransport.build/Debug/GoogleDataTransport-t.build/Objects-normal/arm64/GDTCORStorageMetadata.o

CompileC /Users/buddhirajgautam/Library/Developer/Xcode/DerivedData/Telegram-Mac-fygdgghdgmuleoelvxabfmqiotta/Build/Intermediates.noindex/GoogleDataTransport.build/Debug/GoogleDataTransport-t.build/Objects-normal/arm64/GDTCORStorageEventSelector.o /Users/buddhirajgautam/Library/Developer/Xcode/DerivedData/Telegram-Mac-fygdgghdgmuleoelvxabfmqiotta/SourcePackages/checkouts/GoogleDataTransport/GoogleDataTransport/GDTCORLibrary/GDTCORStorageEventSelector.m normal arm64 objective-c com.apple.compilers.llvm.clang.1_0.compiler (in target 'GoogleDataTransport' from project 'GoogleDataTransport')
    cd /Users/buddhirajgautam/Documents/Cherrygram-Mac/macOS-Swift
    
    Using response file: /Users/buddhirajgautam/Library/Developer/Xcode/DerivedData/Telegram-Mac-fygdgghdgmuleoelvxabfmqiotta/Build/Intermediates.noindex/GoogleDataTransport.build/Debug/GoogleDataTransport-t.build/Objects-normal/arm64/e6072d4f65d7061329687fe24e3d63a7-common-args.resp
    
    /Applications/Xcode.app/Contents/Developer/Toolchains/XcodeDefault.xctoolchain/usr/bin/clang -x objective-c -ivfsstatcache /Users/buddhirajgautam/Library/Developer/Xcode/DerivedData/SDKStatCaches.noindex/macosx27.0-26A425-e829b21a6f8c9b70876ba0858053c0447231f6df4def33e022ae2eb8f782df1a.sdkstatcache -target arm64-apple-macos12.0 -fmessage-length\=0 -fdiagnostics-show-note-include-stack -fmacro-backtrace-limit\=0 -fno-color-diagnostics -fmodules-prune-interval\=86400 -fmodules-prune-after\=345600 -fbuild-session-file\=/Users/buddhirajgautam/Library/Developer/Xcode/DerivedData/ModuleCache.noindex/Session.modulevalidation -fmodules-validate-once-per-build-session -Wnon-modular-include-in-framework-module -Werror\=non-modular-include-in-framework-module -Wno-trigraphs -Wno-missing-field-initializers -Wno-missing-prototypes -Wno-return-type -Wno-implicit-atomic-properties -Wno-objc-interface-ivars -Wno-arc-repeated-use-of-weak -Wno-missing-braces -Wparentheses -Wswitch -Wno-unused-function -Wno-unused-label -Wno-unused-parameter -Wno-unused-variable -Wunused-value -Wno-empty-body -Wno-uninitialized -Wno-unknown-pragmas -w -Wno-shadow -Wno-four-char-constants -Wno-conversion -Wno-constant-conversion -Wno-int-conversion -Wno-bool-conversion -Wno-enum-conversion -Wno-float-conversion -Wno-non-literal-null-conversion -Wno-objc-literal-conversion -Wshorten-64-to-32 -Wpointer-sign -Wno-newline-eof -Wno-selector -Wno-strict-selector-match -Wno-undeclared-selector -Wno-deprecated-implementations -Wno-implicit-fallthrough -isysroot /Applications/Xcode.app/Contents/Developer/Platforms/MacOSX.platform/Developer/SDKs/MacOSX27.0.sdk -fstrict-aliasing -Wprotocol -Wdeprecated-declarations -Wno-sign-conversion -Wno-infinite-recursion -Wno-comma -Wno-block-capture-autoreleasing -Wno-strict-prototypes -Wno-semicolon-before-method-body -index-store-path /Users/buddhirajgautam/Library/Developer/Xcode/DerivedData/Telegram-Mac-fygdgghdgmuleoelvxabfmqiotta/Index.noindex/DataStore @/Users/buddhirajgautam/Library/Developer/Xcode/DerivedData/Telegram-Mac-fygdgghdgmuleoelvxabfmqiotta/Build/Intermediates.noindex/GoogleDataTransport.build/Debug/GoogleDataTransport-t.build/Objects-normal/arm64/e6072d4f65d7061329687fe24e3d63a7-common-args.resp -include /Users/buddhirajgautam/Library/Developer/Xcode/DerivedData/Telegram-Mac-fygdgghdgmuleoelvxabfmqiotta/Build/Intermediates.noindex/GoogleDataTransport.build/Debug/GoogleDataTransport-t.build/DerivedSources/resource_bundle_accessor.h -MMD -MT dependencies -MF /Users/buddhirajgautam/Library/Developer/Xcode/DerivedData/Telegram-Mac-fygdgghdgmuleoelvxabfmqiotta/Build/Intermediates.noindex/GoogleDataTransport.build/Debug/GoogleDataTransport-t.build/Objects-normal/arm64/GDTCORStorageEventSelector.d --serialize-diagnostics /Users/buddhirajgautam/Library/Developer/Xcode/DerivedData/Telegram-Mac-fygdgghdgmuleoelvxabfmqiotta/Build/Intermediates.noindex/GoogleDataTransport.build/Debug/GoogleDataTransport-t.build/Objects-normal/arm64/GDTCORStorageEventSelector.dia -c /Users/buddhirajgautam/Library/Developer/Xcode/DerivedData/Telegram-Mac-fygdgghdgmuleoelvxabfmqiotta/SourcePackages/checkouts/GoogleDataTransport/GoogleDataTransport/GDTCORLibrary/GDTCORStorageEventSelector.m -o /Users/buddhirajgautam/Library/Developer/Xcode/DerivedData/Telegram-Mac-fygdgghdgmuleoelvxabfmqiotta/Build/Intermediates.noindex/GoogleDataTransport.build/Debug/GoogleDataTransport-t.build/Objects-normal/arm64/GDTCORStorageEventSelector.o -index-unit-output-path /GoogleDataTransport.build/Debug/GoogleDataTransport-t.build/Objects-normal/arm64/GDTCORStorageEventSelector.o

CompileC /Users/buddhirajgautam/Library/Developer/Xcode/DerivedData/Telegram-Mac-fygdgghdgmuleoelvxabfmqiotta/Build/Intermediates.noindex/GoogleDataTransport.build/Debug/GoogleDataTransport-t.build/Objects-normal/arm64/GDTCORProductData.o /Users/buddhirajgautam/Library/Developer/Xcode/DerivedData/Telegram-Mac-fygdgghdgmuleoelvxabfmqiotta/SourcePackages/checkouts/GoogleDataTransport/GoogleDataTransport/GDTCORLibrary/GDTCORProductData.m normal arm64 objective-c com.apple.compilers.llvm.clang.1_0.compiler (in target 'GoogleDataTransport' from project 'GoogleDataTransport')
    cd /Users/buddhirajgautam/Documents/Cherrygram-Mac/macOS-Swift
    
    Using response file: /Users/buddhirajgautam/Library/Developer/Xcode/DerivedData/Telegram-Mac-fygdgghdgmuleoelvxabfmqiotta/Build/Intermediates.noindex/GoogleDataTransport.build/Debug/GoogleDataTransport-t.build/Objects-normal/arm64/e6072d4f65d7061329687fe24e3d63a7-common-args.resp
    
    /Applications/Xcode.app/Contents/Developer/Toolchains/XcodeDefault.xctoolchain/usr/bin/clang -x objective-c -ivfsstatcache /Users/buddhirajgautam/Library/Developer/Xcode/DerivedData/SDKStatCaches.noindex/macosx27.0-26A425-e829b21a6f8c9b70876ba0858053c0447231f6df4def33e022ae2eb8f782df1a.sdkstatcache -target arm64-apple-macos12.0 -fmessage-length\=0 -fdiagnostics-show-note-include-stack -fmacro-backtrace-limit\=0 -fno-color-diagnostics -fmodules-prune-interval\=86400 -fmodules-prune-after\=345600 -fbuild-session-file\=/Users/buddhirajgautam/Library/Developer/Xcode/DerivedData/ModuleCache.noindex/Session.modulevalidation -fmodules-validate-once-per-build-session -Wnon-modular-include-in-framework-module -Werror\=non-modular-include-in-framework-module -Wno-trigraphs -Wno-missing-field-initializers -Wno-missing-prototypes -Wno-return-type -Wno-implicit-atomic-properties -Wno-objc-interface-ivars -Wno-arc-repeated-use-of-weak -Wno-missing-braces -Wparentheses -Wswitch -Wno-unused-function -Wno-unused-label -Wno-unused-parameter -Wno-unused-variable -Wunused-value -Wno-empty-body -Wno-uninitialized -Wno-unknown-pragmas -w -Wno-shadow -Wno-four-char-constants -Wno-conversion -Wno-constant-conversion -Wno-int-conversion -Wno-bool-conversion -Wno-enum-conversion -Wno-float-conversion -Wno-non-literal-null-conversion -Wno-objc-literal-conversion -Wshorten-64-to-32 -Wpointer-sign -Wno-newline-eof -Wno-selector -Wno-strict-selector-match -Wno-undeclared-selector -Wno-deprecated-implementations -Wno-implicit-fallthrough -isysroot /Applications/Xcode.app/Contents/Developer/Platforms/MacOSX.platform/Developer/SDKs/MacOSX27.0.sdk -fstrict-aliasing -Wprotocol -Wdeprecated-declarations -Wno-sign-conversion -Wno-infinite-recursion -Wno-comma -Wno-block-capture-autoreleasing -Wno-strict-prototypes -Wno-semicolon-before-method-body -index-store-path /Users/buddhirajgautam/Library/Developer/Xcode/DerivedData/Telegram-Mac-fygdgghdgmuleoelvxabfmqiotta/Index.noindex/DataStore @/Users/buddhirajgautam/Library/Developer/Xcode/DerivedData/Telegram-Mac-fygdgghdgmuleoelvxabfmqiotta/Build/Intermediates.noindex/GoogleDataTransport.build/Debug/GoogleDataTransport-t.build/Objects-normal/arm64/e6072d4f65d7061329687fe24e3d63a7-common-args.resp -include /Users/buddhirajgautam/Library/Developer/Xcode/DerivedData/Telegram-Mac-fygdgghdgmuleoelvxabfmqiotta/Build/Intermediates.noindex/GoogleDataTransport.build/Debug/GoogleDataTransport-t.build/DerivedSources/resource_bundle_accessor.h -MMD -MT dependencies -MF /Users/buddhirajgautam/Library/Developer/Xcode/DerivedData/Telegram-Mac-fygdgghdgmuleoelvxabfmqiotta/Build/Intermediates.noindex/GoogleDataTransport.build/Debug/GoogleDataTransport-t.build/Objects-normal/arm64/GDTCORProductData.d --serialize-diagnostics /Users/buddhirajgautam/Library/Developer/Xcode/DerivedData/Telegram-Mac-fygdgghdgmuleoelvxabfmqiotta/Build/Intermediates.noindex/GoogleDataTransport.build/Debug/GoogleDataTransport-t.build/Objects-normal/arm64/GDTCORProductData.dia -c /Users/buddhirajgautam/Library/Developer/Xcode/DerivedData/Telegram-Mac-fygdgghdgmuleoelvxabfmqiotta/SourcePackages/checkouts/GoogleDataTransport/GoogleDataTransport/GDTCORLibrary/GDTCORProductData.m -o /Users/buddhirajgautam/Library/Developer/Xcode/DerivedData/Telegram-Mac-fygdgghdgmuleoelvxabfmqiotta/Build/Intermediates.noindex/GoogleDataTransport.build/Debug/GoogleDataTransport-t.build/Objects-normal/arm64/GDTCORProductData.o -index-unit-output-path /GoogleDataTransport.build/Debug/GoogleDataTransport-t.build/Objects-normal/arm64/GDTCORProductData.o

CompileC /Users/buddhirajgautam/Library/Developer/Xcode/DerivedData/Telegram-Mac-fygdgghdgmuleoelvxabfmqiotta/Build/Intermediates.noindex/GoogleDataTransport.build/Debug/GoogleDataTransport-t.build/Objects-normal/arm64/GDTCORMetricsMetadata.o /Users/buddhirajgautam/Library/Developer/Xcode/DerivedData/Telegram-Mac-fygdgghdgmuleoelvxabfmqiotta/SourcePackages/checkouts/GoogleDataTransport/GoogleDataTransport/GDTCORLibrary/GDTCORMetricsMetadata.m normal arm64 objective-c com.apple.compilers.llvm.clang.1_0.compiler (in target 'GoogleDataTransport' from project 'GoogleDataTransport')
    cd /Users/buddhirajgautam/Documents/Cherrygram-Mac/macOS-Swift
    
    Using response file: /Users/buddhirajgautam/Library/Developer/Xcode/DerivedData/Telegram-Mac-fygdgghdgmuleoelvxabfmqiotta/Build/Intermediates.noindex/GoogleDataTransport.build/Debug/GoogleDataTransport-t.build/Objects-normal/arm64/e6072d4f65d7061329687fe24e3d63a7-common-args.resp
    
    /Applications/Xcode.app/Contents/Developer/Toolchains/XcodeDefault.xctoolchain/usr/bin/clang -x objective-c -ivfsstatcache /Users/buddhirajgautam/Library/Developer/Xcode/DerivedData/SDKStatCaches.noindex/macosx27.0-26A425-e829b21a6f8c9b70876ba0858053c0447231f6df4def33e022ae2eb8f782df1a.sdkstatcache -target arm64-apple-macos12.0 -fmessage-length\=0 -fdiagnostics-show-note-include-stack -fmacro-backtrace-limit\=0 -fno-color-diagnostics -fmodules-prune-interval\=86400 -fmodules-prune-after\=345600 -fbuild-session-file\=/Users/buddhirajgautam/Library/Developer/Xcode/DerivedData/ModuleCache.noindex/Session.modulevalidation -fmodules-validate-once-per-build-session -Wnon-modular-include-in-framework-module -Werror\=non-modular-include-in-framework-module -Wno-trigraphs -Wno-missing-field-initializers -Wno-missing-prototypes -Wno-return-type -Wno-implicit-atomic-properties -Wno-objc-interface-ivars -Wno-arc-repeated-use-of-weak -Wno-missing-braces -Wparentheses -Wswitch -Wno-unused-function -Wno-unused-label -Wno-unused-parameter -Wno-unused-variable -Wunused-value -Wno-empty-body -Wno-uninitialized -Wno-unknown-pragmas -w -Wno-shadow -Wno-four-char-constants -Wno-conversion -Wno-constant-conversion -Wno-int-conversion -Wno-bool-conversion -Wno-enum-conversion -Wno-float-conversion -Wno-non-literal-null-conversion -Wno-objc-literal-conversion -Wshorten-64-to-32 -Wpointer-sign -Wno-newline-eof -Wno-selector -Wno-strict-selector-match -Wno-undeclared-selector -Wno-deprecated-implementations -Wno-implicit-fallthrough -isysroot /Applications/Xcode.app/Contents/Developer/Platforms/MacOSX.platform/Developer/SDKs/MacOSX27.0.sdk -fstrict-aliasing -Wprotocol -Wdeprecated-declarations -Wno-sign-conversion -Wno-infinite-recursion -Wno-comma -Wno-block-capture-autoreleasing -Wno-strict-prototypes -Wno-semicolon-before-method-body -index-store-path /Users/buddhirajgautam/Library/Developer/Xcode/DerivedData/Telegram-Mac-fygdgghdgmuleoelvxabfmqiotta/Index.noindex/DataStore @/Users/buddhirajgautam/Library/Developer/Xcode/DerivedData/Telegram-Mac-fygdgghdgmuleoelvxabfmqiotta/Build/Intermediates.noindex/GoogleDataTransport.build/Debug/GoogleDataTransport-t.build/Objects-normal/arm64/e6072d4f65d7061329687fe24e3d63a7-common-args.resp -include /Users/buddhirajgautam/Library/Developer/Xcode/DerivedData/Telegram-Mac-fygdgghdgmuleoelvxabfmqiotta/Build/Intermediates.noindex/GoogleDataTransport.build/Debug/GoogleDataTransport-t.build/DerivedSources/resource_bundle_accessor.h -MMD -MT dependencies -MF /Users/buddhirajgautam/Library/Developer/Xcode/DerivedData/Telegram-Mac-fygdgghdgmuleoelvxabfmqiotta/Build/Intermediates.noindex/GoogleDataTransport.build/Debug/GoogleDataTransport-t.build/Objects-normal/arm64/GDTCORMetricsMetadata.d --serialize-diagnostics /Users/buddhirajgautam/Library/Developer/Xcode/DerivedData/Telegram-Mac-fygdgghdgmuleoelvxabfmqiotta/Build/Intermediates.noindex/GoogleDataTransport.build/Debug/GoogleDataTransport-t.build/Objects-normal/arm64/GDTCORMetricsMetadata.dia -c /Users/buddhirajgautam/Library/Developer/Xcode/DerivedData/Telegram-Mac-fygdgghdgmuleoelvxabfmqiotta/SourcePackages/checkouts/GoogleDataTransport/GoogleDataTransport/GDTCORLibrary/GDTCORMetricsMetadata.m -o /Users/buddhirajgautam/Library/Developer/Xcode/DerivedData/Telegram-Mac-fygdgghdgmuleoelvxabfmqiotta/Build/Intermediates.noindex/GoogleDataTransport.build/Debug/GoogleDataTransport-t.build/Objects-normal/arm64/GDTCORMetricsMetadata.o -index-unit-output-path /GoogleDataTransport.build/Debug/GoogleDataTransport-t.build/Objects-normal/arm64/GDTCORMetricsMetadata.o

CompileC /Users/buddhirajgautam/Library/Developer/Xcode/DerivedData/Telegram-Mac-fygdgghdgmuleoelvxabfmqiotta/Build/Intermediates.noindex/GoogleDataTransport.build/Debug/GoogleDataTransport-t.build/Objects-normal/arm64/GDTCORMetrics.o /Users/buddhirajgautam/Library/Developer/Xcode/DerivedData/Telegram-Mac-fygdgghdgmuleoelvxabfmqiotta/SourcePackages/checkouts/GoogleDataTransport/GoogleDataTransport/GDTCORLibrary/GDTCORMetrics.m normal arm64 objective-c com.apple.compilers.llvm.clang.1_0.compiler (in target 'GoogleDataTransport' from project 'GoogleDataTransport')
    cd /Users/buddhirajgautam/Documents/Cherrygram-Mac/macOS-Swift
    
    Using response file: /Users/buddhirajgautam/Library/Developer/Xcode/DerivedData/Telegram-Mac-fygdgghdgmuleoelvxabfmqiotta/Build/Intermediates.noindex/GoogleDataTransport.build/Debug/GoogleDataTransport-t.build/Objects-normal/arm64/e6072d4f65d7061329687fe24e3d63a7-common-args.resp
    
    /Applications/Xcode.app/Contents/Developer/Toolchains/XcodeDefault.xctoolchain/usr/bin/clang -x objective-c -ivfsstatcache /Users/buddhirajgautam/Library/Developer/Xcode/DerivedData/SDKStatCaches.noindex/macosx27.0-26A425-e829b21a6f8c9b70876ba0858053c0447231f6df4def33e022ae2eb8f782df1a.sdkstatcache -target arm64-apple-macos12.0 -fmessage-length\=0 -fdiagnostics-show-note-include-stack -fmacro-backtrace-limit\=0 -fno-color-diagnostics -fmodules-prune-interval\=86400 -fmodules-prune-after\=345600 -fbuild-session-file\=/Users/buddhirajgautam/Library/Developer/Xcode/DerivedData/ModuleCache.noindex/Session.modulevalidation -fmodules-validate-once-per-build-session -Wnon-modular-include-in-framework-module -Werror\=non-modular-include-in-framework-module -Wno-trigraphs -Wno-missing-field-initializers -Wno-missing-prototypes -Wno-return-type -Wno-implicit-atomic-properties -Wno-objc-interface-ivars -Wno-arc-repeated-use-of-weak -Wno-missing-braces -Wparentheses -Wswitch -Wno-unused-function -Wno-unused-label -Wno-unused-parameter -Wno-unused-variable -Wunused-value -Wno-empty-body -Wno-uninitialized -Wno-unknown-pragmas -w -Wno-shadow -Wno-four-char-constants -Wno-conversion -Wno-constant-conversion -Wno-int-conversion -Wno-bool-conversion -Wno-enum-conversion -Wno-float-conversion -Wno-non-literal-null-conversion -Wno-objc-literal-conversion -Wshorten-64-to-32 -Wpointer-sign -Wno-newline-eof -Wno-selector -Wno-strict-selector-match -Wno-undeclared-selector -Wno-deprecated-implementations -Wno-implicit-fallthrough -isysroot /Applications/Xcode.app/Contents/Developer/Platforms/MacOSX.platform/Developer/SDKs/MacOSX27.0.sdk -fstrict-aliasing -Wprotocol -Wdeprecated-declarations -Wno-sign-conversion -Wno-infinite-recursion -Wno-comma -Wno-block-capture-autoreleasing -Wno-strict-prototypes -Wno-semicolon-before-method-body -index-store-path /Users/buddhirajgautam/Library/Developer/Xcode/DerivedData/Telegram-Mac-fygdgghdgmuleoelvxabfmqiotta/Index.noindex/DataStore @/Users/buddhirajgautam/Library/Developer/Xcode/DerivedData/Telegram-Mac-fygdgghdgmuleoelvxabfmqiotta/Build/Intermediates.noindex/GoogleDataTransport.build/Debug/GoogleDataTransport-t.build/Objects-normal/arm64/e6072d4f65d7061329687fe24e3d63a7-common-args.resp -include /Users/buddhirajgautam/Library/Developer/Xcode/DerivedData/Telegram-Mac-fygdgghdgmuleoelvxabfmqiotta/Build/Intermediates.noindex/GoogleDataTransport.build/Debug/GoogleDataTransport-t.build/DerivedSources/resource_bundle_accessor.h -MMD -MT dependencies -MF /Users/buddhirajgautam/Library/Developer/Xcode/DerivedData/Telegram-Mac-fygdgghdgmuleoelvxabfmqiotta/Build/Intermediates.noindex/GoogleDataTransport.build/Debug/GoogleDataTransport-t.build/Objects-normal/arm64/GDTCORMetrics.d --serialize-diagnostics /Users/buddhirajgautam/Library/Developer/Xcode/DerivedData/Telegram-Mac-fygdgghdgmuleoelvxabfmqiotta/Build/Intermediates.noindex/GoogleDataTransport.build/Debug/GoogleDataTransport-t.build/Objects-normal/arm64/GDTCORMetrics.dia -c /Users/buddhirajgautam/Library/Developer/Xcode/DerivedData/Telegram-Mac-fygdgghdgmuleoelvxabfmqiotta/SourcePackages/checkouts/GoogleDataTransport/GoogleDataTransport/GDTCORLibrary/GDTCORMetrics.m -o /Users/buddhirajgautam/Library/Developer/Xcode/DerivedData/Telegram-Mac-fygdgghdgmuleoelvxabfmqiotta/Build/Intermediates.noindex/GoogleDataTransport.build/Debug/GoogleDataTransport-t.build/Objects-normal/arm64/GDTCORMetrics.o -index-unit-output-path /GoogleDataTransport.build/Debug/GoogleDataTransport-t.build/Objects-normal/arm64/GDTCORMetrics.o

CompileC /Users/buddhirajgautam/Library/Developer/Xcode/DerivedData/Telegram-Mac-fygdgghdgmuleoelvxabfmqiotta/Build/Intermediates.noindex/GoogleDataTransport.build/Debug/GoogleDataTransport-t.build/Objects-normal/arm64/GDTCORLogSourceMetrics.o /Users/buddhirajgautam/Library/Developer/Xcode/DerivedData/Telegram-Mac-fygdgghdgmuleoelvxabfmqiotta/SourcePackages/checkouts/GoogleDataTransport/GoogleDataTransport/GDTCORLibrary/GDTCORLogSourceMetrics.m normal arm64 objective-c com.apple.compilers.llvm.clang.1_0.compiler (in target 'GoogleDataTransport' from project 'GoogleDataTransport')
    cd /Users/buddhirajgautam/Documents/Cherrygram-Mac/macOS-Swift
    
    Using response file: /Users/buddhirajgautam/Library/Developer/Xcode/DerivedData/Telegram-Mac-fygdgghdgmuleoelvxabfmqiotta/Build/Intermediates.noindex/GoogleDataTransport.build/Debug/GoogleDataTransport-t.build/Objects-normal/arm64/e6072d4f65d7061329687fe24e3d63a7-common-args.resp
    
    /Applications/Xcode.app/Contents/Developer/Toolchains/XcodeDefault.xctoolchain/usr/bin/clang -x objective-c -ivfsstatcache /Users/buddhirajgautam/Library/Developer/Xcode/DerivedData/SDKStatCaches.noindex/macosx27.0-26A425-e829b21a6f8c9b70876ba0858053c0447231f6df4def33e022ae2eb8f782df1a.sdkstatcache -target arm64-apple-macos12.0 -fmessage-length\=0 -fdiagnostics-show-note-include-stack -fmacro-backtrace-limit\=0 -fno-color-diagnostics -fmodules-prune-interval\=86400 -fmodules-prune-after\=345600 -fbuild-session-file\=/Users/buddhirajgautam/Library/Developer/Xcode/DerivedData/ModuleCache.noindex/Session.modulevalidation -fmodules-validate-once-per-build-session -Wnon-modular-include-in-framework-module -Werror\=non-modular-include-in-framework-module -Wno-trigraphs -Wno-missing-field-initializers -Wno-missing-prototypes -Wno-return-type -Wno-implicit-atomic-properties -Wno-objc-interface-ivars -Wno-arc-repeated-use-of-weak -Wno-missing-braces -Wparentheses -Wswitch -Wno-unused-function -Wno-unused-label -Wno-unused-parameter -Wno-unused-variable -Wunused-value -Wno-empty-body -Wno-uninitialized -Wno-unknown-pragmas -w -Wno-shadow -Wno-four-char-constants -Wno-conversion -Wno-constant-conversion -Wno-int-conversion -Wno-bool-conversion -Wno-enum-conversion -Wno-float-conversion -Wno-non-literal-null-conversion -Wno-objc-literal-conversion -Wshorten-64-to-32 -Wpointer-sign -Wno-newline-eof -Wno-selector -Wno-strict-selector-match -Wno-undeclared-selector -Wno-deprecated-implementations -Wno-implicit-fallthrough -isysroot /Applications/Xcode.app/Contents/Developer/Platforms/MacOSX.platform/Developer/SDKs/MacOSX27.0.sdk -fstrict-aliasing -Wprotocol -Wdeprecated-declarations -Wno-sign-conversion -Wno-infinite-recursion -Wno-comma -Wno-block-capture-autoreleasing -Wno-strict-prototypes -Wno-semicolon-before-method-body -index-store-path /Users/buddhirajgautam/Library/Developer/Xcode/DerivedData/Telegram-Mac-fygdgghdgmuleoelvxabfmqiotta/Index.noindex/DataStore @/Users/buddhirajgautam/Library/Developer/Xcode/DerivedData/Telegram-Mac-fygdgghdgmuleoelvxabfmqiotta/Build/Intermediates.noindex/GoogleDataTransport.build/Debug/GoogleDataTransport-t.build/Objects-normal/arm64/e6072d4f65d7061329687fe24e3d63a7-common-args.resp -include /Users/buddhirajgautam/Library/Developer/Xcode/DerivedData/Telegram-Mac-fygdgghdgmuleoelvxabfmqiotta/Build/Intermediates.noindex/GoogleDataTransport.build/Debug/GoogleDataTransport-t.build/DerivedSources/resource_bundle_accessor.h -MMD -MT dependencies -MF /Users/buddhirajgautam/Library/Developer/Xcode/DerivedData/Telegram-Mac-fygdgghdgmuleoelvxabfmqiotta/Build/Intermediates.noindex/GoogleDataTransport.build/Debug/GoogleDataTransport-t.build/Objects-normal/arm64/GDTCORLogSourceMetrics.d --serialize-diagnostics /Users/buddhirajgautam/Library/Developer/Xcode/DerivedData/Telegram-Mac-fygdgghdgmuleoelvxabfmqiotta/Build/Intermediates.noindex/GoogleDataTransport.build/Debug/GoogleDataTransport-t.build/Objects-normal/arm64/GDTCORLogSourceMetrics.dia -c /Users/buddhirajgautam/Library/Developer/Xcode/DerivedData/Telegram-Mac-fygdgghdgmuleoelvxabfmqiotta/SourcePackages/checkouts/GoogleDataTransport/GoogleDataTransport/GDTCORLibrary/GDTCORLogSourceMetrics.m -o /Users/buddhirajgautam/Library/Developer/Xcode/DerivedData/Telegram-Mac-fygdgghdgmuleoelvxabfmqiotta/Build/Intermediates.noindex/GoogleDataTransport.build/Debug/GoogleDataTransport-t.build/Objects-normal/arm64/GDTCORLogSourceMetrics.o -index-unit-output-path /GoogleDataTransport.build/Debug/GoogleDataTransport-t.build/Objects-normal/arm64/GDTCORLogSourceMetrics.o

CompileC /Users/buddhirajgautam/Library/Developer/Xcode/DerivedData/Telegram-Mac-fygdgghdgmuleoelvxabfmqiotta/Build/Intermediates.noindex/GoogleDataTransport.build/Debug/GoogleDataTransport-t.build/Objects-normal/arm64/GDTCOREvent+GDTMetricsSupport.o /Users/buddhirajgautam/Library/Developer/Xcode/DerivedData/Telegram-Mac-fygdgghdgmuleoelvxabfmqiotta/SourcePackages/checkouts/GoogleDataTransport/GoogleDataTransport/GDTCCTLibrary/GDTCOREvent+GDTMetricsSupport.m normal arm64 objective-c com.apple.compilers.llvm.clang.1_0.compiler (in target 'GoogleDataTransport' from project 'GoogleDataTransport')
    cd /Users/buddhirajgautam/Documents/Cherrygram-Mac/macOS-Swift
    
    Using response file: /Users/buddhirajgautam/Library/Developer/Xcode/DerivedData/Telegram-Mac-fygdgghdgmuleoelvxabfmqiotta/Build/Intermediates.noindex/GoogleDataTransport.build/Debug/GoogleDataTransport-t.build/Objects-normal/arm64/e6072d4f65d7061329687fe24e3d63a7-common-args.resp
    
    /Applications/Xcode.app/Contents/Developer/Toolchains/XcodeDefault.xctoolchain/usr/bin/clang -x objective-c -ivfsstatcache /Users/buddhirajgautam/Library/Developer/Xcode/DerivedData/SDKStatCaches.noindex/macosx27.0-26A425-e829b21a6f8c9b70876ba0858053c0447231f6df4def33e022ae2eb8f782df1a.sdkstatcache -target arm64-apple-macos12.0 -fmessage-length\=0 -fdiagnostics-show-note-include-stack -fmacro-backtrace-limit\=0 -fno-color-diagnostics -fmodules-prune-interval\=86400 -fmodules-prune-after\=345600 -fbuild-session-file\=/Users/buddhirajgautam/Library/Developer/Xcode/DerivedData/ModuleCache.noindex/Session.modulevalidation -fmodules-validate-once-per-build-session -Wnon-modular-include-in-framework-module -Werror\=non-modular-include-in-framework-module -Wno-trigraphs -Wno-missing-field-initializers -Wno-missing-prototypes -Wno-return-type -Wno-implicit-atomic-properties -Wno-objc-interface-ivars -Wno-arc-repeated-use-of-weak -Wno-missing-braces -Wparentheses -Wswitch -Wno-unused-function -Wno-unused-label -Wno-unused-parameter -Wno-unused-variable -Wunused-value -Wno-empty-body -Wno-uninitialized -Wno-unknown-pragmas -w -Wno-shadow -Wno-four-char-constants -Wno-conversion -Wno-constant-conversion -Wno-int-conversion -Wno-bool-conversion -Wno-enum-conversion -Wno-float-conversion -Wno-non-literal-null-conversion -Wno-objc-literal-conversion -Wshorten-64-to-32 -Wpointer-sign -Wno-newline-eof -Wno-selector -Wno-strict-selector-match -Wno-undeclared-selector -Wno-deprecated-implementations -Wno-implicit-fallthrough -isysroot /Applications/Xcode.app/Contents/Developer/Platforms/MacOSX.platform/Developer/SDKs/MacOSX27.0.sdk -fstrict-aliasing -Wprotocol -Wdeprecated-declarations -Wno-sign-conversion -Wno-infinite-recursion -Wno-comma -Wno-block-capture-autoreleasing -Wno-strict-prototypes -Wno-semicolon-before-method-body -index-store-path /Users/buddhirajgautam/Library/Developer/Xcode/DerivedData/Telegram-Mac-fygdgghdgmuleoelvxabfmqiotta/Index.noindex/DataStore @/Users/buddhirajgautam/Library/Developer/Xcode/DerivedData/Telegram-Mac-fygdgghdgmuleoelvxabfmqiotta/Build/Intermediates.noindex/GoogleDataTransport.build/Debug/GoogleDataTransport-t.build/Objects-normal/arm64/e6072d4f65d7061329687fe24e3d63a7-common-args.resp -include /Users/buddhirajgautam/Library/Developer/Xcode/DerivedData/Telegram-Mac-fygdgghdgmuleoelvxabfmqiotta/Build/Intermediates.noindex/GoogleDataTransport.build/Debug/GoogleDataTransport-t.build/DerivedSources/resource_bundle_accessor.h -MMD -MT dependencies -MF /Users/buddhirajgautam/Library/Developer/Xcode/DerivedData/Telegram-Mac-fygdgghdgmuleoelvxabfmqiotta/Build/Intermediates.noindex/GoogleDataTransport.build/Debug/GoogleDataTransport-t.build/Objects-normal/arm64/GDTCOREvent+GDTMetricsSupport.d --serialize-diagnostics /Users/buddhirajgautam/Library/Developer/Xcode/DerivedData/Telegram-Mac-fygdgghdgmuleoelvxabfmqiotta/Build/Intermediates.noindex/GoogleDataTransport.build/Debug/GoogleDataTransport-t.build/Objects-normal/arm64/GDTCOREvent+GDTMetricsSupport.dia -c /Users/buddhirajgautam/Library/Developer/Xcode/DerivedData/Telegram-Mac-fygdgghdgmuleoelvxabfmqiotta/SourcePackages/checkouts/GoogleDataTransport/GoogleDataTransport/GDTCCTLibrary/GDTCOREvent+GDTMetricsSupport.m -o /Users/buddhirajgautam/Library/Developer/Xcode/DerivedData/Telegram-Mac-fygdgghdgmuleoelvxabfmqiotta/Build/Intermediates.noindex/GoogleDataTransport.build/Debug/GoogleDataTransport-t.build/Objects-normal/arm64/GDTCOREvent+GDTMetricsSupport.o -index-unit-output-path /GoogleDataTransport.build/Debug/GoogleDataTransport-t.build/Objects-normal/arm64/GDTCOREvent+GDTMetricsSupport.o

CompileC /Users/buddhirajgautam/Library/Developer/Xcode/DerivedData/Telegram-Mac-fygdgghdgmuleoelvxabfmqiotta/Build/Intermediates.noindex/GoogleDataTransport.build/Debug/GoogleDataTransport-t.build/Objects-normal/arm64/GDTCOREvent+GDTCCTSupport.o /Users/buddhirajgautam/Library/Developer/Xcode/DerivedData/Telegram-Mac-fygdgghdgmuleoelvxabfmqiotta/SourcePackages/checkouts/GoogleDataTransport/GoogleDataTransport/GDTCCTLibrary/GDTCOREvent+GDTCCTSupport.m normal arm64 objective-c com.apple.compilers.llvm.clang.1_0.compiler (in target 'GoogleDataTransport' from project 'GoogleDataTransport')
    cd /Users/buddhirajgautam/Documents/Cherrygram-Mac/macOS-Swift
    
    Using response file: /Users/buddhirajgautam/Library/Developer/Xcode/DerivedData/Telegram-Mac-fygdgghdgmuleoelvxabfmqiotta/Build/Intermediates.noindex/GoogleDataTransport.build/Debug/GoogleDataTransport-t.build/Objects-normal/arm64/e6072d4f65d7061329687fe24e3d63a7-common-args.resp
    
    /Applications/Xcode.app/Contents/Developer/Toolchains/XcodeDefault.xctoolchain/usr/bin/clang -x objective-c -ivfsstatcache /Users/buddhirajgautam/Library/Developer/Xcode/DerivedData/SDKStatCaches.noindex/macosx27.0-26A425-e829b21a6f8c9b70876ba0858053c0447231f6df4def33e022ae2eb8f782df1a.sdkstatcache -target arm64-apple-macos12.0 -fmessage-length\=0 -fdiagnostics-show-note-include-stack -fmacro-backtrace-limit\=0 -fno-color-diagnostics -fmodules-prune-interval\=86400 -fmodules-prune-after\=345600 -fbuild-session-file\=/Users/buddhirajgautam/Library/Developer/Xcode/DerivedData/ModuleCache.noindex/Session.modulevalidation -fmodules-validate-once-per-build-session -Wnon-modular-include-in-framework-module -Werror\=non-modular-include-in-framework-module -Wno-trigraphs -Wno-missing-field-initializers -Wno-missing-prototypes -Wno-return-type -Wno-implicit-atomic-properties -Wno-objc-interface-ivars -Wno-arc-repeated-use-of-weak -Wno-missing-braces -Wparentheses -Wswitch -Wno-unused-function -Wno-unused-label -Wno-unused-parameter -Wno-unused-variable -Wunused-value -Wno-empty-body -Wno-uninitialized -Wno-unknown-pragmas -w -Wno-shadow -Wno-four-char-constants -Wno-conversion -Wno-constant-conversion -Wno-int-conversion -Wno-bool-conversion -Wno-enum-conversion -Wno-float-conversion -Wno-non-literal-null-conversion -Wno-objc-literal-conversion -Wshorten-64-to-32 -Wpointer-sign -Wno-newline-eof -Wno-selector -Wno-strict-selector-match -Wno-undeclared-selector -Wno-deprecated-implementations -Wno-implicit-fallthrough -isysroot /Applications/Xcode.app/Contents/Developer/Platforms/MacOSX.platform/Developer/SDKs/MacOSX27.0.sdk -fstrict-aliasing -Wprotocol -Wdeprecated-declarations -Wno-sign-conversion -Wno-infinite-recursion -Wno-comma -Wno-block-capture-autoreleasing -Wno-strict-prototypes -Wno-semicolon-before-method-body -index-store-path /Users/buddhirajgautam/Library/Developer/Xcode/DerivedData/Telegram-Mac-fygdgghdgmuleoelvxabfmqiotta/Index.noindex/DataStore @/Users/buddhirajgautam/Library/Developer/Xcode/DerivedData/Telegram-Mac-fygdgghdgmuleoelvxabfmqiotta/Build/Intermediates.noindex/GoogleDataTransport.build/Debug/GoogleDataTransport-t.build/Objects-normal/arm64/e6072d4f65d7061329687fe24e3d63a7-common-args.resp -include /Users/buddhirajgautam/Library/Developer/Xcode/DerivedData/Telegram-Mac-fygdgghdgmuleoelvxabfmqiotta/Build/Intermediates.noindex/GoogleDataTransport.build/Debug/GoogleDataTransport-t.build/DerivedSources/resource_bundle_accessor.h -MMD -MT dependencies -MF /Users/buddhirajgautam/Library/Developer/Xcode/DerivedData/Telegram-Mac-fygdgghdgmuleoelvxabfmqiotta/Build/Intermediates.noindex/GoogleDataTransport.build/Debug/GoogleDataTransport-t.build/Objects-normal/arm64/GDTCOREvent+GDTCCTSupport.d --serialize-diagnostics /Users/buddhirajgautam/Library/Developer/Xcode/DerivedData/Telegram-Mac-fygdgghdgmuleoelvxabfmqiotta/Build/Intermediates.noindex/GoogleDataTransport.build/Debug/GoogleDataTransport-t.build/Objects-normal/arm64/GDTCOREvent+GDTCCTSupport.dia -c /Users/buddhirajgautam/Library/Developer/Xcode/DerivedData/Telegram-Mac-fygdgghdgmuleoelvxabfmqiotta/SourcePackages/checkouts/GoogleDataTransport/GoogleDataTransport/GDTCCTLibrary/GDTCOREvent+GDTCCTSupport.m -o /Users/buddhirajgautam/Library/Developer/Xcode/DerivedData/Telegram-Mac-fygdgghdgmuleoelvxabfmqiotta/Build/Intermediates.noindex/GoogleDataTransport.build/Debug/GoogleDataTransport-t.build/Objects-normal/arm64/GDTCOREvent+GDTCCTSupport.o -index-unit-output-path /GoogleDataTransport.build/Debug/GoogleDataTransport-t.build/Objects-normal/arm64/GDTCOREvent+GDTCCTSupport.o

CompileC /Users/buddhirajgautam/Library/Developer/Xcode/DerivedData/Telegram-Mac-fygdgghdgmuleoelvxabfmqiotta/Build/Intermediates.noindex/GoogleDataTransport.build/Debug/GoogleDataTransport-t.build/Objects-normal/arm64/GDTCOREndpoints.o /Users/buddhirajgautam/Library/Developer/Xcode/DerivedData/Telegram-Mac-fygdgghdgmuleoelvxabfmqiotta/SourcePackages/checkouts/GoogleDataTransport/GoogleDataTransport/GDTCORLibrary/GDTCOREndpoints.m normal arm64 objective-c com.apple.compilers.llvm.clang.1_0.compiler (in target 'GoogleDataTransport' from project 'GoogleDataTransport')
    cd /Users/buddhirajgautam/Documents/Cherrygram-Mac/macOS-Swift
    
    Using response file: /Users/buddhirajgautam/Library/Developer/Xcode/DerivedData/Telegram-Mac-fygdgghdgmuleoelvxabfmqiotta/Build/Intermediates.noindex/GoogleDataTransport.build/Debug/GoogleDataTransport-t.build/Objects-normal/arm64/e6072d4f65d7061329687fe24e3d63a7-common-args.resp
    
    /Applications/Xcode.app/Contents/Developer/Toolchains/XcodeDefault.xctoolchain/usr/bin/clang -x objective-c -ivfsstatcache /Users/buddhirajgautam/Library/Developer/Xcode/DerivedData/SDKStatCaches.noindex/macosx27.0-26A425-e829b21a6f8c9b70876ba0858053c0447231f6df4def33e022ae2eb8f782df1a.sdkstatcache -target arm64-apple-macos12.0 -fmessage-length\=0 -fdiagnostics-show-note-include-stack -fmacro-backtrace-limit\=0 -fno-color-diagnostics -fmodules-prune-interval\=86400 -fmodules-prune-after\=345600 -fbuild-session-file\=/Users/buddhirajgautam/Library/Developer/Xcode/DerivedData/ModuleCache.noindex/Session.modulevalidation -fmodules-validate-once-per-build-session -Wnon-modular-include-in-framework-module -Werror\=non-modular-include-in-framework-module -Wno-trigraphs -Wno-missing-field-initializers -Wno-missing-prototypes -Wno-return-type -Wno-implicit-atomic-properties -Wno-objc-interface-ivars -Wno-arc-repeated-use-of-weak -Wno-missing-braces -Wparentheses -Wswitch -Wno-unused-function -Wno-unused-label -Wno-unused-parameter -Wno-unused-variable -Wunused-value -Wno-empty-body -Wno-uninitialized -Wno-unknown-pragmas -w -Wno-shadow -Wno-four-char-constants -Wno-conversion -Wno-constant-conversion -Wno-int-conversion -Wno-bool-conversion -Wno-enum-conversion -Wno-float-conversion -Wno-non-literal-null-conversion -Wno-objc-literal-conversion -Wshorten-64-to-32 -Wpointer-sign -Wno-newline-eof -Wno-selector -Wno-strict-selector-match -Wno-undeclared-selector -Wno-deprecated-implementations -Wno-implicit-fallthrough -isysroot /Applications/Xcode.app/Contents/Developer/Platforms/MacOSX.platform/Developer/SDKs/MacOSX27.0.sdk -fstrict-aliasing -Wprotocol -Wdeprecated-declarations -Wno-sign-conversion -Wno-infinite-recursion -Wno-comma -Wno-block-capture-autoreleasing -Wno-strict-prototypes -Wno-semicolon-before-method-body -index-store-path /Users/buddhirajgautam/Library/Developer/Xcode/DerivedData/Telegram-Mac-fygdgghdgmuleoelvxabfmqiotta/Index.noindex/DataStore @/Users/buddhirajgautam/Library/Developer/Xcode/DerivedData/Telegram-Mac-fygdgghdgmuleoelvxabfmqiotta/Build/Intermediates.noindex/GoogleDataTransport.build/Debug/GoogleDataTransport-t.build/Objects-normal/arm64/e6072d4f65d7061329687fe24e3d63a7-common-args.resp -include /Users/buddhirajgautam/Library/Developer/Xcode/DerivedData/Telegram-Mac-fygdgghdgmuleoelvxabfmqiotta/Build/Intermediates.noindex/GoogleDataTransport.build/Debug/GoogleDataTransport-t.build/DerivedSources/resource_bundle_accessor.h -MMD -MT dependencies -MF /Users/buddhirajgautam/Library/Developer/Xcode/DerivedData/Telegram-Mac-fygdgghdgmuleoelvxabfmqiotta/Build/Intermediates.noindex/GoogleDataTransport.build/Debug/GoogleDataTransport-t.build/Objects-normal/arm64/GDTCOREndpoints.d --serialize-diagnostics /Users/buddhirajgautam/Library/Developer/Xcode/DerivedData/Telegram-Mac-fygdgghdgmuleoelvxabfmqiotta/Build/Intermediates.noindex/GoogleDataTransport.build/Debug/GoogleDataTransport-t.build/Objects-normal/arm64/GDTCOREndpoints.dia -c /Users/buddhirajgautam/Library/Developer/Xcode/DerivedData/Telegram-Mac-fygdgghdgmuleoelvxabfmqiotta/SourcePackages/checkouts/GoogleDataTransport/GoogleDataTransport/GDTCORLibrary/GDTCOREndpoints.m -o /Users/buddhirajgautam/Library/Developer/Xcode/DerivedData/Telegram-Mac-fygdgghdgmuleoelvxabfmqiotta/Build/Intermediates.noindex/GoogleDataTransport.build/Debug/GoogleDataTransport-t.build/Objects-normal/arm64/GDTCOREndpoints.o -index-unit-output-path /GoogleDataTransport.build/Debug/GoogleDataTransport-t.build/Objects-normal/arm64/GDTCOREndpoints.o

CompileC /Users/buddhirajgautam/Library/Developer/Xcode/DerivedData/Telegram-Mac-fygdgghdgmuleoelvxabfmqiotta/Build/Intermediates.noindex/GoogleDataTransport.build/Debug/GoogleDataTransport-t.build/Objects-normal/arm64/GDTCORConsoleLogger.o /Users/buddhirajgautam/Library/Developer/Xcode/DerivedData/Telegram-Mac-fygdgghdgmuleoelvxabfmqiotta/SourcePackages/checkouts/GoogleDataTransport/GoogleDataTransport/GDTCORLibrary/GDTCORConsoleLogger.m normal arm64 objective-c com.apple.compilers.llvm.clang.1_0.compiler (in target 'GoogleDataTransport' from project 'GoogleDataTransport')
    cd /Users/buddhirajgautam/Documents/Cherrygram-Mac/macOS-Swift
    
    Using response file: /Users/buddhirajgautam/Library/Developer/Xcode/DerivedData/Telegram-Mac-fygdgghdgmuleoelvxabfmqiotta/Build/Intermediates.noindex/GoogleDataTransport.build/Debug/GoogleDataTransport-t.build/Objects-normal/arm64/e6072d4f65d7061329687fe24e3d63a7-common-args.resp
    
    /Applications/Xcode.app/Contents/Developer/Toolchains/XcodeDefault.xctoolchain/usr/bin/clang -x objective-c -ivfsstatcache /Users/buddhirajgautam/Library/Developer/Xcode/DerivedData/SDKStatCaches.noindex/macosx27.0-26A425-e829b21a6f8c9b70876ba0858053c0447231f6df4def33e022ae2eb8f782df1a.sdkstatcache -target arm64-apple-macos12.0 -fmessage-length\=0 -fdiagnostics-show-note-include-stack -fmacro-backtrace-limit\=0 -fno-color-diagnostics -fmodules-prune-interval\=86400 -fmodules-prune-after\=345600 -fbuild-session-file\=/Users/buddhirajgautam/Library/Developer/Xcode/DerivedData/ModuleCache.noindex/Session.modulevalidation -fmodules-validate-once-per-build-session -Wnon-modular-include-in-framework-module -Werror\=non-modular-include-in-framework-module -Wno-trigraphs -Wno-missing-field-initializers -Wno-missing-prototypes -Wno-return-type -Wno-implicit-atomic-properties -Wno-objc-interface-ivars -Wno-arc-repeated-use-of-weak -Wno-missing-braces -Wparentheses -Wswitch -Wno-unused-function -Wno-unused-label -Wno-unused-parameter -Wno-unused-variable -Wunused-value -Wno-empty-body -Wno-uninitialized -Wno-unknown-pragmas -w -Wno-shadow -Wno-four-char-constants -Wno-conversion -Wno-constant-conversion -Wno-int-conversion -Wno-bool-conversion -Wno-enum-conversion -Wno-float-conversion -Wno-non-literal-null-conversion -Wno-objc-literal-conversion -Wshorten-64-to-32 -Wpointer-sign -Wno-newline-eof -Wno-selector -Wno-strict-selector-match -Wno-undeclared-selector -Wno-deprecated-implementations -Wno-implicit-fallthrough -isysroot /Applications/Xcode.app/Contents/Developer/Platforms/MacOSX.platform/Developer/SDKs/MacOSX27.0.sdk -fstrict-aliasing -Wprotocol -Wdeprecated-declarations -Wno-sign-conversion -Wno-infinite-recursion -Wno-comma -Wno-block-capture-autoreleasing -Wno-strict-prototypes -Wno-semicolon-before-method-body -index-store-path /Users/buddhirajgautam/Library/Developer/Xcode/DerivedData/Telegram-Mac-fygdgghdgmuleoelvxabfmqiotta/Index.noindex/DataStore @/Users/buddhirajgautam/Library/Developer/Xcode/DerivedData/Telegram-Mac-fygdgghdgmuleoelvxabfmqiotta/Build/Intermediates.noindex/GoogleDataTransport.build/Debug/GoogleDataTransport-t.build/Objects-normal/arm64/e6072d4f65d7061329687fe24e3d63a7-common-args.resp -include /Users/buddhirajgautam/Library/Developer/Xcode/DerivedData/Telegram-Mac-fygdgghdgmuleoelvxabfmqiotta/Build/Intermediates.noindex/GoogleDataTransport.build/Debug/GoogleDataTransport-t.build/DerivedSources/resource_bundle_accessor.h -MMD -MT dependencies -MF /Users/buddhirajgautam/Library/Developer/Xcode/DerivedData/Telegram-Mac-fygdgghdgmuleoelvxabfmqiotta/Build/Intermediates.noindex/GoogleDataTransport.build/Debug/GoogleDataTransport-t.build/Objects-normal/arm64/GDTCORConsoleLogger.d --serialize-diagnostics /Users/buddhirajgautam/Library/Developer/Xcode/DerivedData/Telegram-Mac-fygdgghdgmuleoelvxabfmqiotta/Build/Intermediates.noindex/GoogleDataTransport.build/Debug/GoogleDataTransport-t.build/Objects-normal/arm64/GDTCORConsoleLogger.dia -c /Users/buddhirajgautam/Library/Developer/Xcode/DerivedData/Telegram-Mac-fygdgghdgmuleoelvxabfmqiotta/SourcePackages/checkouts/GoogleDataTransport/GoogleDataTransport/GDTCORLibrary/GDTCORConsoleLogger.m -o /Users/buddhirajgautam/Library/Developer/Xcode/DerivedData/Telegram-Mac-fygdgghdgmuleoelvxabfmqiotta/Build/Intermediates.noindex/GoogleDataTransport.build/Debug/GoogleDataTransport-t.build/Objects-normal/arm64/GDTCORConsoleLogger.o -index-unit-output-path /GoogleDataTransport.build/Debug/GoogleDataTransport-t.build/Objects-normal/arm64/GDTCORConsoleLogger.o

CompileC /Users/buddhirajgautam/Library/Developer/Xcode/DerivedData/Telegram-Mac-fygdgghdgmuleoelvxabfmqiotta/Build/Intermediates.noindex/GoogleDataTransport.build/Debug/GoogleDataTransport-t.build/Objects-normal/arm64/GDTCORClock.o /Users/buddhirajgautam/Library/Developer/Xcode/DerivedData/Telegram-Mac-fygdgghdgmuleoelvxabfmqiotta/SourcePackages/checkouts/GoogleDataTransport/GoogleDataTransport/GDTCORLibrary/GDTCORClock.m normal arm64 objective-c com.apple.compilers.llvm.clang.1_0.compiler (in target 'GoogleDataTransport' from project 'GoogleDataTransport')
    cd /Users/buddhirajgautam/Documents/Cherrygram-Mac/macOS-Swift
    
    Using response file: /Users/buddhirajgautam/Library/Developer/Xcode/DerivedData/Telegram-Mac-fygdgghdgmuleoelvxabfmqiotta/Build/Intermediates.noindex/GoogleDataTransport.build/Debug/GoogleDataTransport-t.build/Objects-normal/arm64/e6072d4f65d7061329687fe24e3d63a7-common-args.resp
    
    /Applications/Xcode.app/Contents/Developer/Toolchains/XcodeDefault.xctoolchain/usr/bin/clang -x objective-c -ivfsstatcache /Users/buddhirajgautam/Library/Developer/Xcode/DerivedData/SDKStatCaches.noindex/macosx27.0-26A425-e829b21a6f8c9b70876ba0858053c0447231f6df4def33e022ae2eb8f782df1a.sdkstatcache -target arm64-apple-macos12.0 -fmessage-length\=0 -fdiagnostics-show-note-include-stack -fmacro-backtrace-limit\=0 -fno-color-diagnostics -fmodules-prune-interval\=86400 -fmodules-prune-after\=345600 -fbuild-session-file\=/Users/buddhirajgautam/Library/Developer/Xcode/DerivedData/ModuleCache.noindex/Session.modulevalidation -fmodules-validate-once-per-build-session -Wnon-modular-include-in-framework-module -Werror\=non-modular-include-in-framework-module -Wno-trigraphs -Wno-missing-field-initializers -Wno-missing-prototypes -Wno-return-type -Wno-implicit-atomic-properties -Wno-objc-interface-ivars -Wno-arc-repeated-use-of-weak -Wno-missing-braces -Wparentheses -Wswitch -Wno-unused-function -Wno-unused-label -Wno-unused-parameter -Wno-unused-variable -Wunused-value -Wno-empty-body -Wno-uninitialized -Wno-unknown-pragmas -w -Wno-shadow -Wno-four-char-constants -Wno-conversion -Wno-constant-conversion -Wno-int-conversion -Wno-bool-conversion -Wno-enum-conversion -Wno-float-conversion -Wno-non-literal-null-conversion -Wno-objc-literal-conversion -Wshorten-64-to-32 -Wpointer-sign -Wno-newline-eof -Wno-selector -Wno-strict-selector-match -Wno-undeclared-selector -Wno-deprecated-implementations -Wno-implicit-fallthrough -isysroot /Applications/Xcode.app/Contents/Developer/Platforms/MacOSX.platform/Developer/SDKs/MacOSX27.0.sdk -fstrict-aliasing -Wprotocol -Wdeprecated-declarations -Wno-sign-conversion -Wno-infinite-recursion -Wno-comma -Wno-block-capture-autoreleasing -Wno-strict-prototypes -Wno-semicolon-before-method-body -index-store-path /Users/buddhirajgautam/Library/Developer/Xcode/DerivedData/Telegram-Mac-fygdgghdgmuleoelvxabfmqiotta/Index.noindex/DataStore @/Users/buddhirajgautam/Library/Developer/Xcode/DerivedData/Telegram-Mac-fygdgghdgmuleoelvxabfmqiotta/Build/Intermediates.noindex/GoogleDataTransport.build/Debug/GoogleDataTransport-t.build/Objects-normal/arm64/e6072d4f65d7061329687fe24e3d63a7-common-args.resp -include /Users/buddhirajgautam/Library/Developer/Xcode/DerivedData/Telegram-Mac-fygdgghdgmuleoelvxabfmqiotta/Build/Intermediates.noindex/GoogleDataTransport.build/Debug/GoogleDataTransport-t.build/DerivedSources/resource_bundle_accessor.h -MMD -MT dependencies -MF /Users/buddhirajgautam/Library/Developer/Xcode/DerivedData/Telegram-Mac-fygdgghdgmuleoelvxabfmqiotta/Build/Intermediates.noindex/GoogleDataTransport.build/Debug/GoogleDataTransport-t.build/Objects-normal/arm64/GDTCORClock.d --serialize-diagnostics /Users/buddhirajgautam/Library/Developer/Xcode/DerivedData/Telegram-Mac-fygdgghdgmuleoelvxabfmqiotta/Build/Intermediates.noindex/GoogleDataTransport.build/Debug/GoogleDataTransport-t.build/Objects-normal/arm64/GDTCORClock.dia -c /Users/buddhirajgautam/Library/Developer/Xcode/DerivedData/Telegram-Mac-fygdgghdgmuleoelvxabfmqiotta/SourcePackages/checkouts/GoogleDataTransport/GoogleDataTransport/GDTCORLibrary/GDTCORClock.m -o /Users/buddhirajgautam/Library/Developer/Xcode/DerivedData/Telegram-Mac-fygdgghdgmuleoelvxabfmqiotta/Build/Intermediates.noindex/GoogleDataTransport.build/Debug/GoogleDataTransport-t.build/Objects-normal/arm64/GDTCORClock.o -index-unit-output-path /GoogleDataTransport.build/Debug/GoogleDataTransport-t.build/Objects-normal/arm64/GDTCORClock.o

CompileC /Users/buddhirajgautam/Library/Developer/Xcode/DerivedData/Telegram-Mac-fygdgghdgmuleoelvxabfmqiotta/Build/Intermediates.noindex/GoogleDataTransport.build/Debug/GoogleDataTransport-t.build/Objects-normal/arm64/GDTCORAssert.o /Users/buddhirajgautam/Library/Developer/Xcode/DerivedData/Telegram-Mac-fygdgghdgmuleoelvxabfmqiotta/SourcePackages/checkouts/GoogleDataTransport/GoogleDataTransport/GDTCORLibrary/GDTCORAssert.m normal arm64 objective-c com.apple.compilers.llvm.clang.1_0.compiler (in target 'GoogleDataTransport' from project 'GoogleDataTransport')
    cd /Users/buddhirajgautam/Documents/Cherrygram-Mac/macOS-Swift
    
    Using response file: /Users/buddhirajgautam/Library/Developer/Xcode/DerivedData/Telegram-Mac-fygdgghdgmuleoelvxabfmqiotta/Build/Intermediates.noindex/GoogleDataTransport.build/Debug/GoogleDataTransport-t.build/Objects-normal/arm64/e6072d4f65d7061329687fe24e3d63a7-common-args.resp
    
    /Applications/Xcode.app/Contents/Developer/Toolchains/XcodeDefault.xctoolchain/usr/bin/clang -x objective-c -ivfsstatcache /Users/buddhirajgautam/Library/Developer/Xcode/DerivedData/SDKStatCaches.noindex/macosx27.0-26A425-e829b21a6f8c9b70876ba0858053c0447231f6df4def33e022ae2eb8f782df1a.sdkstatcache -target arm64-apple-macos12.0 -fmessage-length\=0 -fdiagnostics-show-note-include-stack -fmacro-backtrace-limit\=0 -fno-color-diagnostics -fmodules-prune-interval\=86400 -fmodules-prune-after\=345600 -fbuild-session-file\=/Users/buddhirajgautam/Library/Developer/Xcode/DerivedData/ModuleCache.noindex/Session.modulevalidation -fmodules-validate-once-per-build-session -Wnon-modular-include-in-framework-module -Werror\=non-modular-include-in-framework-module -Wno-trigraphs -Wno-missing-field-initializers -Wno-missing-prototypes -Wno-return-type -Wno-implicit-atomic-properties -Wno-objc-interface-ivars -Wno-arc-repeated-use-of-weak -Wno-missing-braces -Wparentheses -Wswitch -Wno-unused-function -Wno-unused-label -Wno-unused-parameter -Wno-unused-variable -Wunused-value -Wno-empty-body -Wno-uninitialized -Wno-unknown-pragmas -w -Wno-shadow -Wno-four-char-constants -Wno-conversion -Wno-constant-conversion -Wno-int-conversion -Wno-bool-conversion -Wno-enum-conversion -Wno-float-conversion -Wno-non-literal-null-conversion -Wno-objc-literal-conversion -Wshorten-64-to-32 -Wpointer-sign -Wno-newline-eof -Wno-selector -Wno-strict-selector-match -Wno-undeclared-selector -Wno-deprecated-implementations -Wno-implicit-fallthrough -isysroot /Applications/Xcode.app/Contents/Developer/Platforms/MacOSX.platform/Developer/SDKs/MacOSX27.0.sdk -fstrict-aliasing -Wprotocol -Wdeprecated-declarations -Wno-sign-conversion -Wno-infinite-recursion -Wno-comma -Wno-block-capture-autoreleasing -Wno-strict-prototypes -Wno-semicolon-before-method-body -index-store-path /Users/buddhirajgautam/Library/Developer/Xcode/DerivedData/Telegram-Mac-fygdgghdgmuleoelvxabfmqiotta/Index.noindex/DataStore @/Users/buddhirajgautam/Library/Developer/Xcode/DerivedData/Telegram-Mac-fygdgghdgmuleoelvxabfmqiotta/Build/Intermediates.noindex/GoogleDataTransport.build/Debug/GoogleDataTransport-t.build/Objects-normal/arm64/e6072d4f65d7061329687fe24e3d63a7-common-args.resp -include /Users/buddhirajgautam/Library/Developer/Xcode/DerivedData/Telegram-Mac-fygdgghdgmuleoelvxabfmqiotta/Build/Intermediates.noindex/GoogleDataTransport.build/Debug/GoogleDataTransport-t.build/DerivedSources/resource_bundle_accessor.h -MMD -MT dependencies -MF /Users/buddhirajgautam/Library/Developer/Xcode/DerivedData/Telegram-Mac-fygdgghdgmuleoelvxabfmqiotta/Build/Intermediates.noindex/GoogleDataTransport.build/Debug/GoogleDataTransport-t.build/Objects-normal/arm64/GDTCORAssert.d --serialize-diagnostics /Users/buddhirajgautam/Library/Developer/Xcode/DerivedData/Telegram-Mac-fygdgghdgmuleoelvxabfmqiotta/Build/Intermediates.noindex/GoogleDataTransport.build/Debug/GoogleDataTransport-t.build/Objects-normal/arm64/GDTCORAssert.dia -c /Users/buddhirajgautam/Library/Developer/Xcode/DerivedData/Telegram-Mac-fygdgghdgmuleoelvxabfmqiotta/SourcePackages/checkouts/GoogleDataTransport/GoogleDataTransport/GDTCORLibrary/GDTCORAssert.m -o /Users/buddhirajgautam/Library/Developer/Xcode/DerivedData/Telegram-Mac-fygdgghdgmuleoelvxabfmqiotta/Build/Intermediates.noindex/GoogleDataTransport.build/Debug/GoogleDataTransport-t.build/Objects-normal/arm64/GDTCORAssert.o -index-unit-output-path /GoogleDataTransport.build/Debug/GoogleDataTransport-t.build/Objects-normal/arm64/GDTCORAssert.o

CompileC /Users/buddhirajgautam/Library/Developer/Xcode/DerivedData/Telegram-Mac-fygdgghdgmuleoelvxabfmqiotta/Build/Intermediates.noindex/GoogleDataTransport.build/Debug/GoogleDataTransport-t.build/Objects-normal/arm64/GDTCCTCompressionHelper.o /Users/buddhirajgautam/Library/Developer/Xcode/DerivedData/Telegram-Mac-fygdgghdgmuleoelvxabfmqiotta/SourcePackages/checkouts/GoogleDataTransport/GoogleDataTransport/GDTCCTLibrary/GDTCCTCompressionHelper.m normal arm64 objective-c com.apple.compilers.llvm.clang.1_0.compiler (in target 'GoogleDataTransport' from project 'GoogleDataTransport')
    cd /Users/buddhirajgautam/Documents/Cherrygram-Mac/macOS-Swift
    
    Using response file: /Users/buddhirajgautam/Library/Developer/Xcode/DerivedData/Telegram-Mac-fygdgghdgmuleoelvxabfmqiotta/Build/Intermediates.noindex/GoogleDataTransport.build/Debug/GoogleDataTransport-t.build/Objects-normal/arm64/e6072d4f65d7061329687fe24e3d63a7-common-args.resp
    
    /Applications/Xcode.app/Contents/Developer/Toolchains/XcodeDefault.xctoolchain/usr/bin/clang -x objective-c -ivfsstatcache /Users/buddhirajgautam/Library/Developer/Xcode/DerivedData/SDKStatCaches.noindex/macosx27.0-26A425-e829b21a6f8c9b70876ba0858053c0447231f6df4def33e022ae2eb8f782df1a.sdkstatcache -target arm64-apple-macos12.0 -fmessage-length\=0 -fdiagnostics-show-note-include-stack -fmacro-backtrace-limit\=0 -fno-color-diagnostics -fmodules-prune-interval\=86400 -fmodules-prune-after\=345600 -fbuild-session-file\=/Users/buddhirajgautam/Library/Developer/Xcode/DerivedData/ModuleCache.noindex/Session.modulevalidation -fmodules-validate-once-per-build-session -Wnon-modular-include-in-framework-module -Werror\=non-modular-include-in-framework-module -Wno-trigraphs -Wno-missing-field-initializers -Wno-missing-prototypes -Wno-return-type -Wno-implicit-atomic-properties -Wno-objc-interface-ivars -Wno-arc-repeated-use-of-weak -Wno-missing-braces -Wparentheses -Wswitch -Wno-unused-function -Wno-unused-label -Wno-unused-parameter -Wno-unused-variable -Wunused-value -Wno-empty-body -Wno-uninitialized -Wno-unknown-pragmas -w -Wno-shadow -Wno-four-char-constants -Wno-conversion -Wno-constant-conversion -Wno-int-conversion -Wno-bool-conversion -Wno-enum-conversion -Wno-float-conversion -Wno-non-literal-null-conversion -Wno-objc-literal-conversion -Wshorten-64-to-32 -Wpointer-sign -Wno-newline-eof -Wno-selector -Wno-strict-selector-match -Wno-undeclared-selector -Wno-deprecated-implementations -Wno-implicit-fallthrough -isysroot /Applications/Xcode.app/Contents/Developer/Platforms/MacOSX.platform/Developer/SDKs/MacOSX27.0.sdk -fstrict-aliasing -Wprotocol -Wdeprecated-declarations -Wno-sign-conversion -Wno-infinite-recursion -Wno-comma -Wno-block-capture-autoreleasing -Wno-strict-prototypes -Wno-semicolon-before-method-body -index-store-path /Users/buddhirajgautam/Library/Developer/Xcode/DerivedData/Telegram-Mac-fygdgghdgmuleoelvxabfmqiotta/Index.noindex/DataStore @/Users/buddhirajgautam/Library/Developer/Xcode/DerivedData/Telegram-Mac-fygdgghdgmuleoelvxabfmqiotta/Build/Intermediates.noindex/GoogleDataTransport.build/Debug/GoogleDataTransport-t.build/Objects-normal/arm64/e6072d4f65d7061329687fe24e3d63a7-common-args.resp -include /Users/buddhirajgautam/Library/Developer/Xcode/DerivedData/Telegram-Mac-fygdgghdgmuleoelvxabfmqiotta/Build/Intermediates.noindex/GoogleDataTransport.build/Debug/GoogleDataTransport-t.build/DerivedSources/resource_bundle_accessor.h -MMD -MT dependencies -MF /Users/buddhirajgautam/Library/Developer/Xcode/DerivedData/Telegram-Mac-fygdgghdgmuleoelvxabfmqiotta/Build/Intermediates.noindex/GoogleDataTransport.build/Debug/GoogleDataTransport-t.build/Objects-normal/arm64/GDTCCTCompressionHelper.d --serialize-diagnostics /Users/buddhirajgautam/Library/Developer/Xcode/DerivedData/Telegram-Mac-fygdgghdgmuleoelvxabfmqiotta/Build/Intermediates.noindex/GoogleDataTransport.build/Debug/GoogleDataTransport-t.build/Objects-normal/arm64/GDTCCTCompressionHelper.dia -c /Users/buddhirajgautam/Library/Developer/Xcode/DerivedData/Telegram-Mac-fygdgghdgmuleoelvxabfmqiotta/SourcePackages/checkouts/GoogleDataTransport/GoogleDataTransport/GDTCCTLibrary/GDTCCTCompressionHelper.m -o /Users/buddhirajgautam/Library/Developer/Xcode/DerivedData/Telegram-Mac-fygdgghdgmuleoelvxabfmqiotta/Build/Intermediates.noindex/GoogleDataTransport.build/Debug/GoogleDataTransport-t.build/Objects-normal/arm64/GDTCCTCompressionHelper.o -index-unit-output-path /GoogleDataTransport.build/Debug/GoogleDataTransport-t.build/Objects-normal/arm64/GDTCCTCompressionHelper.o

CompileC /Users/buddhirajgautam/Library/Developer/Xcode/DerivedData/Telegram-Mac-fygdgghdgmuleoelvxabfmqiotta/Build/Intermediates.noindex/FFMpegBinding.build/Debug/FFMpegBinding-t.build/Objects-normal/arm64/FrameConverter.o /Users/buddhirajgautam/Documents/Cherrygram-Mac/macOS-Swift/submodules/telegram-ios/submodules/FFMpegBinding/Sources/FrameConverter.m normal arm64 objective-c com.apple.compilers.llvm.clang.1_0.compiler (in target 'FFMpegBinding' from project 'FFMpegBinding')
    cd /Users/buddhirajgautam/Documents/Cherrygram-Mac/macOS-Swift
    
    Using response file: /Users/buddhirajgautam/Library/Developer/Xcode/DerivedData/Telegram-Mac-fygdgghdgmuleoelvxabfmqiotta/Build/Intermediates.noindex/FFMpegBinding.build/Debug/FFMpegBinding-t.build/Objects-normal/arm64/e6072d4f65d7061329687fe24e3d63a7-common-args.resp
    
    /Applications/Xcode.app/Contents/Developer/Toolchains/XcodeDefault.xctoolchain/usr/bin/clang -x objective-c -ivfsstatcache /Users/buddhirajgautam/Library/Developer/Xcode/DerivedData/SDKStatCaches.noindex/macosx27.0-26A425-e829b21a6f8c9b70876ba0858053c0447231f6df4def33e022ae2eb8f782df1a.sdkstatcache -target arm64-apple-macos12.0 -fmessage-length\=0 -fdiagnostics-show-note-include-stack -fmacro-backtrace-limit\=0 -fno-color-diagnostics -fmodules-prune-interval\=86400 -fmodules-prune-after\=345600 -fbuild-session-file\=/Users/buddhirajgautam/Library/Developer/Xcode/DerivedData/ModuleCache.noindex/Session.modulevalidation -fmodules-validate-once-per-build-session -Wnon-modular-include-in-framework-module -Werror\=non-modular-include-in-framework-module -Wno-trigraphs -Wno-missing-field-initializers -Wno-missing-prototypes -Wno-return-type -Wno-implicit-atomic-properties -Wno-objc-interface-ivars -Wno-arc-repeated-use-of-weak -Wno-missing-braces -Wparentheses -Wswitch -Wno-unused-function -Wno-unused-label -Wno-unused-parameter -Wno-unused-variable -Wunused-value -Wno-empty-body -Wno-uninitialized -Wno-unknown-pragmas -Wno-shadow -Wno-four-char-constants -Wno-conversion -Wno-constant-conversion -Wno-int-conversion -Wno-bool-conversion -Wno-enum-conversion -Wno-float-conversion -Wno-non-literal-null-conversion -Wno-objc-literal-conversion -Wshorten-64-to-32 -Wpointer-sign -Wno-newline-eof -Wno-selector -Wno-strict-selector-match -Wno-undeclared-selector -Wno-deprecated-implementations -Wno-implicit-fallthrough -isysroot /Applications/Xcode.app/Contents/Developer/Platforms/MacOSX.platform/Developer/SDKs/MacOSX27.0.sdk -fstrict-aliasing -Wprotocol -Wdeprecated-declarations -Wno-sign-conversion -Wno-infinite-recursion -Wno-comma -Wno-block-capture-autoreleasing -Wno-strict-prototypes -Wno-semicolon-before-method-body -index-store-path /Users/buddhirajgautam/Library/Developer/Xcode/DerivedData/Telegram-Mac-fygdgghdgmuleoelvxabfmqiotta/Index.noindex/DataStore @/Users/buddhirajgautam/Library/Developer/Xcode/DerivedData/Telegram-Mac-fygdgghdgmuleoelvxabfmqiotta/Build/Intermediates.noindex/FFMpegBinding.build/Debug/FFMpegBinding-t.build/Objects-normal/arm64/e6072d4f65d7061329687fe24e3d63a7-common-args.resp -MMD -MT dependencies -MF /Users/buddhirajgautam/Library/Developer/Xcode/DerivedData/Telegram-Mac-fygdgghdgmuleoelvxabfmqiotta/Build/Intermediates.noindex/FFMpegBinding.build/Debug/FFMpegBinding-t.build/Objects-normal/arm64/FrameConverter.d --serialize-diagnostics /Users/buddhirajgautam/Library/Developer/Xcode/DerivedData/Telegram-Mac-fygdgghdgmuleoelvxabfmqiotta/Build/Intermediates.noindex/FFMpegBinding.build/Debug/FFMpegBinding-t.build/Objects-normal/arm64/FrameConverter.dia -c /Users/buddhirajgautam/Documents/Cherrygram-Mac/macOS-Swift/submodules/telegram-ios/submodules/FFMpegBinding/Sources/FrameConverter.m -o /Users/buddhirajgautam/Library/Developer/Xcode/DerivedData/Telegram-Mac-fygdgghdgmuleoelvxabfmqiotta/Build/Intermediates.noindex/FFMpegBinding.build/Debug/FFMpegBinding-t.build/Objects-normal/arm64/FrameConverter.o -index-unit-output-path /FFMpegBinding.build/Debug/FFMpegBinding-t.build/Objects-normal/arm64/FrameConverter.o

PrecompileModule /Users/buddhirajgautam/Library/Developer/Xcode/DerivedData/Telegram-Mac-fygdgghdgmuleoelvxabfmqiotta/Build/Intermediates.noindex/ExplicitPrecompiledModules/FirebaseCore-1T0O9F7NAKS39GWE0IL7S2RES.scan
    cd /
    builtin-precompileModule /Users/buddhirajgautam/Library/Developer/Xcode/DerivedData/Telegram-Mac-fygdgghdgmuleoelvxabfmqiotta/Build/Intermediates.noindex/ExplicitPrecompiledModules/FirebaseCore-1T0O9F7NAKS39GWE0IL7S2RES.scan

PrecompileModule /Users/buddhirajgautam/Library/Developer/Xcode/DerivedData/Telegram-Mac-fygdgghdgmuleoelvxabfmqiotta/Build/Intermediates.noindex/ExplicitPrecompiledModules/GoogleUtilities_Environment-44VNHPY2PDI7O0JLV8NHRI20S.scan
    cd /
    builtin-precompileModule /Users/buddhirajgautam/Library/Developer/Xcode/DerivedData/Telegram-Mac-fygdgghdgmuleoelvxabfmqiotta/Build/Intermediates.noindex/ExplicitPrecompiledModules/GoogleUtilities_Environment-44VNHPY2PDI7O0JLV8NHRI20S.scan

PrecompileModule /Users/buddhirajgautam/Library/Developer/Xcode/DerivedData/Telegram-Mac-fygdgghdgmuleoelvxabfmqiotta/Build/Intermediates.noindex/ExplicitPrecompiledModules/_Builtin_stdint-4N88TQT2R93K8B6PEDXMW3QIU.scan
    cd /
    builtin-precompileModule /Users/buddhirajgautam/Library/Developer/Xcode/DerivedData/Telegram-Mac-fygdgghdgmuleoelvxabfmqiotta/Build/Intermediates.noindex/ExplicitPrecompiledModules/_Builtin_stdint-4N88TQT2R93K8B6PEDXMW3QIU.scan

PrecompileModule /Users/buddhirajgautam/Library/Developer/Xcode/DerivedData/Telegram-Mac-fygdgghdgmuleoelvxabfmqiotta/Build/Intermediates.noindex/ExplicitPrecompiledModules/ApplicationServices-EH1TQH9VDSA4O72P4NPGAVV3P.scan
    cd /
    builtin-precompileModule /Users/buddhirajgautam/Library/Developer/Xcode/DerivedData/Telegram-Mac-fygdgghdgmuleoelvxabfmqiotta/Build/Intermediates.noindex/ExplicitPrecompiledModules/ApplicationServices-EH1TQH9VDSA4O72P4NPGAVV3P.scan

PrecompileModule /Users/buddhirajgautam/Library/Developer/Xcode/DerivedData/Telegram-Mac-fygdgghdgmuleoelvxabfmqiotta/Build/Intermediates.noindex/ExplicitPrecompiledModules/IOSurface-3SUBBVAF0SRQ4JSWPYFBRGA3K.scan
    cd /
    builtin-precompileModule /Users/buddhirajgautam/Library/Developer/Xcode/DerivedData/Telegram-Mac-fygdgghdgmuleoelvxabfmqiotta/Build/Intermediates.noindex/ExplicitPrecompiledModules/IOSurface-3SUBBVAF0SRQ4JSWPYFBRGA3K.scan

PrecompileModule /Users/buddhirajgautam/Library/Developer/Xcode/DerivedData/Telegram-Mac-fygdgghdgmuleoelvxabfmqiotta/Build/Intermediates.noindex/ExplicitPrecompiledModules/FBLPromises-6GBLGXERU53DOFRWUR7N7HB4A.scan
    cd /
    builtin-precompileModule /Users/buddhirajgautam/Library/Developer/Xcode/DerivedData/Telegram-Mac-fygdgghdgmuleoelvxabfmqiotta/Build/Intermediates.noindex/ExplicitPrecompiledModules/FBLPromises-6GBLGXERU53DOFRWUR7N7HB4A.scan

CompileC /Users/buddhirajgautam/Library/Developer/Xcode/DerivedData/Telegram-Mac-fygdgghdgmuleoelvxabfmqiotta/Build/Intermediates.noindex/Firebase.build/Debug/FirebaseInstallations-t.build/Objects-normal/arm64/FIRInstallationsStoredItem.o /Users/buddhirajgautam/Library/Developer/Xcode/DerivedData/Telegram-Mac-fygdgghdgmuleoelvxabfmqiotta/SourcePackages/checkouts/firebase-ios-sdk/FirebaseInstallations/Source/Library/InstallationsStore/FIRInstallationsStoredItem.m normal arm64 objective-c com.apple.compilers.llvm.clang.1_0.compiler (in target 'FirebaseInstallations' from project 'Firebase')
    cd /Users/buddhirajgautam/Documents/Cherrygram-Mac/macOS-Swift
    
    Using response file: /Users/buddhirajgautam/Library/Developer/Xcode/DerivedData/Telegram-Mac-fygdgghdgmuleoelvxabfmqiotta/Build/Intermediates.noindex/Firebase.build/Debug/FirebaseInstallations-t.build/Objects-normal/arm64/e6072d4f65d7061329687fe24e3d63a7-common-args.resp
    
    /Applications/Xcode.app/Contents/Developer/Toolchains/XcodeDefault.xctoolchain/usr/bin/clang -x objective-c -ivfsstatcache /Users/buddhirajgautam/Library/Developer/Xcode/DerivedData/SDKStatCaches.noindex/macosx27.0-26A425-e829b21a6f8c9b70876ba0858053c0447231f6df4def33e022ae2eb8f782df1a.sdkstatcache -target arm64-apple-macos12.0 -fmessage-length\=0 -fdiagnostics-show-note-include-stack -fmacro-backtrace-limit\=0 -fno-color-diagnostics -fmodules-prune-interval\=86400 -fmodules-prune-after\=345600 -fbuild-session-file\=/Users/buddhirajgautam/Library/Developer/Xcode/DerivedData/ModuleCache.noindex/Session.modulevalidation -fmodules-validate-once-per-build-session -Wnon-modular-include-in-framework-module -Werror\=non-modular-include-in-framework-module -Wno-trigraphs -Wno-missing-field-initializers -Wno-missing-prototypes -Wno-return-type -Wno-implicit-atomic-properties -Wno-objc-interface-ivars -Wno-arc-repeated-use-of-weak -Wno-missing-braces -Wparentheses -Wswitch -Wno-unused-function -Wno-unused-label -Wno-unused-parameter -Wno-unused-variable -Wunused-value -Wno-empty-body -Wno-uninitialized -Wno-unknown-pragmas -w -Wno-shadow -Wno-four-char-constants -Wno-conversion -Wno-constant-conversion -Wno-int-conversion -Wno-bool-conversion -Wno-enum-conversion -Wno-float-conversion -Wno-non-literal-null-conversion -Wno-objc-literal-conversion -Wshorten-64-to-32 -Wpointer-sign -Wno-newline-eof -Wno-selector -Wno-strict-selector-match -Wno-undeclared-selector -Wno-deprecated-implementations -Wno-implicit-fallthrough -isysroot /Applications/Xcode.app/Contents/Developer/Platforms/MacOSX.platform/Developer/SDKs/MacOSX27.0.sdk -fstrict-aliasing -Wprotocol -Wdeprecated-declarations -Wno-sign-conversion -Wno-infinite-recursion -Wno-comma -Wno-block-capture-autoreleasing -Wno-strict-prototypes -Wno-semicolon-before-method-body -index-store-path /Users/buddhirajgautam/Library/Developer/Xcode/DerivedData/Telegram-Mac-fygdgghdgmuleoelvxabfmqiotta/Index.noindex/DataStore @/Users/buddhirajgautam/Library/Developer/Xcode/DerivedData/Telegram-Mac-fygdgghdgmuleoelvxabfmqiotta/Build/Intermediates.noindex/Firebase.build/Debug/FirebaseInstallations-t.build/Objects-normal/arm64/e6072d4f65d7061329687fe24e3d63a7-common-args.resp -MMD -MT dependencies -MF /Users/buddhirajgautam/Library/Developer/Xcode/DerivedData/Telegram-Mac-fygdgghdgmuleoelvxabfmqiotta/Build/Intermediates.noindex/Firebase.build/Debug/FirebaseInstallations-t.build/Objects-normal/arm64/FIRInstallationsStoredItem.d --serialize-diagnostics /Users/buddhirajgautam/Library/Developer/Xcode/DerivedData/Telegram-Mac-fygdgghdgmuleoelvxabfmqiotta/Build/Intermediates.noindex/Firebase.build/Debug/FirebaseInstallations-t.build/Objects-normal/arm64/FIRInstallationsStoredItem.dia -c /Users/buddhirajgautam/Library/Developer/Xcode/DerivedData/Telegram-Mac-fygdgghdgmuleoelvxabfmqiotta/SourcePackages/checkouts/firebase-ios-sdk/FirebaseInstallations/Source/Library/InstallationsStore/FIRInstallationsStoredItem.m -o /Users/buddhirajgautam/Library/Developer/Xcode/DerivedData/Telegram-Mac-fygdgghdgmuleoelvxabfmqiotta/Build/Intermediates.noindex/Firebase.build/Debug/FirebaseInstallations-t.build/Objects-normal/arm64/FIRInstallationsStoredItem.o -index-unit-output-path /Firebase.build/Debug/FirebaseInstallations-t.build/Objects-normal/arm64/FIRInstallationsStoredItem.o

CompileC /Users/buddhirajgautam/Library/Developer/Xcode/DerivedData/Telegram-Mac-fygdgghdgmuleoelvxabfmqiotta/Build/Intermediates.noindex/Firebase.build/Debug/FirebaseInstallations-t.build/Objects-normal/arm64/FIRInstallationsStoredAuthToken.o /Users/buddhirajgautam/Library/Developer/Xcode/DerivedData/Telegram-Mac-fygdgghdgmuleoelvxabfmqiotta/SourcePackages/checkouts/firebase-ios-sdk/FirebaseInstallations/Source/Library/InstallationsStore/FIRInstallationsStoredAuthToken.m normal arm64 objective-c com.apple.compilers.llvm.clang.1_0.compiler (in target 'FirebaseInstallations' from project 'Firebase')
    cd /Users/buddhirajgautam/Documents/Cherrygram-Mac/macOS-Swift
    
    Using response file: /Users/buddhirajgautam/Library/Developer/Xcode/DerivedData/Telegram-Mac-fygdgghdgmuleoelvxabfmqiotta/Build/Intermediates.noindex/Firebase.build/Debug/FirebaseInstallations-t.build/Objects-normal/arm64/e6072d4f65d7061329687fe24e3d63a7-common-args.resp
    
    /Applications/Xcode.app/Contents/Developer/Toolchains/XcodeDefault.xctoolchain/usr/bin/clang -x objective-c -ivfsstatcache /Users/buddhirajgautam/Library/Developer/Xcode/DerivedData/SDKStatCaches.noindex/macosx27.0-26A425-e829b21a6f8c9b70876ba0858053c0447231f6df4def33e022ae2eb8f782df1a.sdkstatcache -target arm64-apple-macos12.0 -fmessage-length\=0 -fdiagnostics-show-note-include-stack -fmacro-backtrace-limit\=0 -fno-color-diagnostics -fmodules-prune-interval\=86400 -fmodules-prune-after\=345600 -fbuild-session-file\=/Users/buddhirajgautam/Library/Developer/Xcode/DerivedData/ModuleCache.noindex/Session.modulevalidation -fmodules-validate-once-per-build-session -Wnon-modular-include-in-framework-module -Werror\=non-modular-include-in-framework-module -Wno-trigraphs -Wno-missing-field-initializers -Wno-missing-prototypes -Wno-return-type -Wno-implicit-atomic-properties -Wno-objc-interface-ivars -Wno-arc-repeated-use-of-weak -Wno-missing-braces -Wparentheses -Wswitch -Wno-unused-function -Wno-unused-label -Wno-unused-parameter -Wno-unused-variable -Wunused-value -Wno-empty-body -Wno-uninitialized -Wno-unknown-pragmas -w -Wno-shadow -Wno-four-char-constants -Wno-conversion -Wno-constant-conversion -Wno-int-conversion -Wno-bool-conversion -Wno-enum-conversion -Wno-float-conversion -Wno-non-literal-null-conversion -Wno-objc-literal-conversion -Wshorten-64-to-32 -Wpointer-sign -Wno-newline-eof -Wno-selector -Wno-strict-selector-match -Wno-undeclared-selector -Wno-deprecated-implementations -Wno-implicit-fallthrough -isysroot /Applications/Xcode.app/Contents/Developer/Platforms/MacOSX.platform/Developer/SDKs/MacOSX27.0.sdk -fstrict-aliasing -Wprotocol -Wdeprecated-declarations -Wno-sign-conversion -Wno-infinite-recursion -Wno-comma -Wno-block-capture-autoreleasing -Wno-strict-prototypes -Wno-semicolon-before-method-body -index-store-path /Users/buddhirajgautam/Library/Developer/Xcode/DerivedData/Telegram-Mac-fygdgghdgmuleoelvxabfmqiotta/Index.noindex/DataStore @/Users/buddhirajgautam/Library/Developer/Xcode/DerivedData/Telegram-Mac-fygdgghdgmuleoelvxabfmqiotta/Build/Intermediates.noindex/Firebase.build/Debug/FirebaseInstallations-t.build/Objects-normal/arm64/e6072d4f65d7061329687fe24e3d63a7-common-args.resp -MMD -MT dependencies -MF /Users/buddhirajgautam/Library/Developer/Xcode/DerivedData/Telegram-Mac-fygdgghdgmuleoelvxabfmqiotta/Build/Intermediates.noindex/Firebase.build/Debug/FirebaseInstallations-t.build/Objects-normal/arm64/FIRInstallationsStoredAuthToken.d --serialize-diagnostics /Users/buddhirajgautam/Library/Developer/Xcode/DerivedData/Telegram-Mac-fygdgghdgmuleoelvxabfmqiotta/Build/Intermediates.noindex/Firebase.build/Debug/FirebaseInstallations-t.build/Objects-normal/arm64/FIRInstallationsStoredAuthToken.dia -c /Users/buddhirajgautam/Library/Developer/Xcode/DerivedData/Telegram-Mac-fygdgghdgmuleoelvxabfmqiotta/SourcePackages/checkouts/firebase-ios-sdk/FirebaseInstallations/Source/Library/InstallationsStore/FIRInstallationsStoredAuthToken.m -o /Users/buddhirajgautam/Library/Developer/Xcode/DerivedData/Telegram-Mac-fygdgghdgmuleoelvxabfmqiotta/Build/Intermediates.noindex/Firebase.build/Debug/FirebaseInstallations-t.build/Objects-normal/arm64/FIRInstallationsStoredAuthToken.o -index-unit-output-path /Firebase.build/Debug/FirebaseInstallations-t.build/Objects-normal/arm64/FIRInstallationsStoredAuthToken.o

PrecompileModule /Users/buddhirajgautam/Library/Developer/Xcode/DerivedData/Telegram-Mac-fygdgghdgmuleoelvxabfmqiotta/Build/Intermediates.noindex/ExplicitPrecompiledModules/libDER-A7UE6CCRJ0Q5XIEEYP9CCCBHS.scan
    cd /
    builtin-precompileModule /Users/buddhirajgautam/Library/Developer/Xcode/DerivedData/Telegram-Mac-fygdgghdgmuleoelvxabfmqiotta/Build/Intermediates.noindex/ExplicitPrecompiledModules/libDER-A7UE6CCRJ0Q5XIEEYP9CCCBHS.scan

PrecompileModule /Users/buddhirajgautam/Library/Developer/Xcode/DerivedData/Telegram-Mac-fygdgghdgmuleoelvxabfmqiotta/Build/Intermediates.noindex/ExplicitPrecompiledModules/_DarwinFoundation3-17RFG4SYPLDUXYYVTKVY807QI.scan
    cd /
    builtin-precompileModule /Users/buddhirajgautam/Library/Developer/Xcode/DerivedData/Telegram-Mac-fygdgghdgmuleoelvxabfmqiotta/Build/Intermediates.noindex/ExplicitPrecompiledModules/_DarwinFoundation3-17RFG4SYPLDUXYYVTKVY807QI.scan

PrecompileModule /Users/buddhirajgautam/Library/Developer/Xcode/DerivedData/Telegram-Mac-fygdgghdgmuleoelvxabfmqiotta/Build/Intermediates.noindex/ExplicitPrecompiledModules/OpenGL-9H6KSTI2PBORA361XN9TGNE0K.scan
    cd /
    builtin-precompileModule /Users/buddhirajgautam/Library/Developer/Xcode/DerivedData/Telegram-Mac-fygdgghdgmuleoelvxabfmqiotta/Build/Intermediates.noindex/ExplicitPrecompiledModules/OpenGL-9H6KSTI2PBORA361XN9TGNE0K.scan

PrecompileModule /Users/buddhirajgautam/Library/Developer/Xcode/DerivedData/Telegram-Mac-fygdgghdgmuleoelvxabfmqiotta/Build/Intermediates.noindex/ExplicitPrecompiledModules/Metal-D0WS5PC1BYVMFBFLKDQ8S5QFT.scan
    cd /
    builtin-precompileModule /Users/buddhirajgautam/Library/Developer/Xcode/DerivedData/Telegram-Mac-fygdgghdgmuleoelvxabfmqiotta/Build/Intermediates.noindex/ExplicitPrecompiledModules/Metal-D0WS5PC1BYVMFBFLKDQ8S5QFT.scan

PrecompileModule /Users/buddhirajgautam/Library/Developer/Xcode/DerivedData/Telegram-Mac-fygdgghdgmuleoelvxabfmqiotta/Build/Intermediates.noindex/ExplicitPrecompiledModules/Symbols-DIWDHYPOUSUCUVJDULVZ6CQXJ.scan
    cd /
    builtin-precompileModule /Users/buddhirajgautam/Library/Developer/Xcode/DerivedData/Telegram-Mac-fygdgghdgmuleoelvxabfmqiotta/Build/Intermediates.noindex/ExplicitPrecompiledModules/Symbols-DIWDHYPOUSUCUVJDULVZ6CQXJ.scan

PrecompileModule /Users/buddhirajgautam/Library/Developer/Xcode/DerivedData/Telegram-Mac-fygdgghdgmuleoelvxabfmqiotta/Build/Intermediates.noindex/ExplicitPrecompiledModules/_Builtin_limits-76SMXMVA56WKM08F8USN1Y1WM.scan
    cd /
    builtin-precompileModule /Users/buddhirajgautam/Library/Developer/Xcode/DerivedData/Telegram-Mac-fygdgghdgmuleoelvxabfmqiotta/Build/Intermediates.noindex/ExplicitPrecompiledModules/_Builtin_limits-76SMXMVA56WKM08F8USN1Y1WM.scan

PrecompileModule /Users/buddhirajgautam/Library/Developer/Xcode/DerivedData/Telegram-Mac-fygdgghdgmuleoelvxabfmqiotta/Build/Intermediates.noindex/ExplicitPrecompiledModules/_LocationEssentials-6BC0J28KN71W23TJE4WCBUEOR.scan
    cd /
    builtin-precompileModule /Users/buddhirajgautam/Library/Developer/Xcode/DerivedData/Telegram-Mac-fygdgghdgmuleoelvxabfmqiotta/Build/Intermediates.noindex/ExplicitPrecompiledModules/_LocationEssentials-6BC0J28KN71W23TJE4WCBUEOR.scan

PrecompileModule /Users/buddhirajgautam/Library/Developer/Xcode/DerivedData/Telegram-Mac-fygdgghdgmuleoelvxabfmqiotta/Build/Intermediates.noindex/ExplicitPrecompiledModules/GoogleUtilities_UserDefaults-8RAYCNES56NR2SWKRMDL2HS11.scan
    cd /
    builtin-precompileModule /Users/buddhirajgautam/Library/Developer/Xcode/DerivedData/Telegram-Mac-fygdgghdgmuleoelvxabfmqiotta/Build/Intermediates.noindex/ExplicitPrecompiledModules/GoogleUtilities_UserDefaults-8RAYCNES56NR2SWKRMDL2HS11.scan

ScanDependencies /Users/buddhirajgautam/Library/Developer/Xcode/DerivedData/Telegram-Mac-fygdgghdgmuleoelvxabfmqiotta/Build/Intermediates.noindex/Firebase.build/Debug/FirebaseInstallations-t.build/Objects-normal/arm64/FIRInstallationsSingleOperationPromiseCache.o /Users/buddhirajgautam/Library/Developer/Xcode/DerivedData/Telegram-Mac-fygdgghdgmuleoelvxabfmqiotta/SourcePackages/checkouts/firebase-ios-sdk/FirebaseInstallations/Source/Library/InstallationsIDController/FIRInstallationsSingleOperationPromiseCache.m normal arm64 objective-c com.apple.compilers.llvm.clang.1_0.compiler (in target 'FirebaseInstallations' from project 'Firebase')
    cd /Users/buddhirajgautam/Documents/Cherrygram-Mac/macOS-Swift
    
    Using response file: /Users/buddhirajgautam/Library/Developer/Xcode/DerivedData/Telegram-Mac-fygdgghdgmuleoelvxabfmqiotta/Build/Intermediates.noindex/Firebase.build/Debug/FirebaseInstallations-t.build/Objects-normal/arm64/e6072d4f65d7061329687fe24e3d63a7-common-args.resp
    
    builtin-ScanDependencies -o /Users/buddhirajgautam/Library/Developer/Xcode/DerivedData/Telegram-Mac-fygdgghdgmuleoelvxabfmqiotta/Build/Intermediates.noindex/Firebase.build/Debug/FirebaseInstallations-t.build/Objects-normal/arm64/FIRInstallationsSingleOperationPromiseCache.o.scan -- /Applications/Xcode.app/Contents/Developer/Toolchains/XcodeDefault.xctoolchain/usr/bin/clang -x objective-c -ivfsstatcache /Users/buddhirajgautam/Library/Developer/Xcode/DerivedData/SDKStatCaches.noindex/macosx27.0-26A425-e829b21a6f8c9b70876ba0858053c0447231f6df4def33e022ae2eb8f782df1a.sdkstatcache -target arm64-apple-macos12.0 -fmessage-length\=0 -fdiagnostics-show-note-include-stack -fmacro-backtrace-limit\=0 -fno-color-diagnostics -fmodules-prune-interval\=86400 -fmodules-prune-after\=345600 -fbuild-session-file\=/Users/buddhirajgautam/Library/Developer/Xcode/DerivedData/ModuleCache.noindex/Session.modulevalidation -fmodules-validate-once-per-build-session -Wnon-modular-include-in-framework-module -Werror\=non-modular-include-in-framework-module -Wno-trigraphs -Wno-missing-field-initializers -Wno-missing-prototypes -Wno-return-type -Wno-implicit-atomic-properties -Wno-objc-interface-ivars -Wno-arc-repeated-use-of-weak -Wno-missing-braces -Wparentheses -Wswitch -Wno-unused-function -Wno-unused-label -Wno-unused-parameter -Wno-unused-variable -Wunused-value -Wno-empty-body -Wno-uninitialized -Wno-unknown-pragmas -w -Wno-shadow -Wno-four-char-constants -Wno-conversion -Wno-constant-conversion -Wno-int-conversion -Wno-bool-conversion -Wno-enum-conversion -Wno-float-conversion -Wno-non-literal-null-conversion -Wno-objc-literal-conversion -Wshorten-64-to-32 -Wpointer-sign -Wno-newline-eof -Wno-selector -Wno-strict-selector-match -Wno-undeclared-selector -Wno-deprecated-implementations -Wno-implicit-fallthrough -isysroot /Applications/Xcode.app/Contents/Developer/Platforms/MacOSX.platform/Developer/SDKs/MacOSX27.0.sdk -fstrict-aliasing -Wprotocol -Wdeprecated-declarations -Wno-sign-conversion -Wno-infinite-recursion -Wno-comma -Wno-block-capture-autoreleasing -Wno-strict-prototypes -Wno-semicolon-before-method-body -index-store-path /Users/buddhirajgautam/Library/Developer/Xcode/DerivedData/Telegram-Mac-fygdgghdgmuleoelvxabfmqiotta/Index.noindex/DataStore @/Users/buddhirajgautam/Library/Developer/Xcode/DerivedData/Telegram-Mac-fygdgghdgmuleoelvxabfmqiotta/Build/Intermediates.noindex/Firebase.build/Debug/FirebaseInstallations-t.build/Objects-normal/arm64/e6072d4f65d7061329687fe24e3d63a7-common-args.resp -MMD -MT dependencies -MF /Users/buddhirajgautam/Library/Developer/Xcode/DerivedData/Telegram-Mac-fygdgghdgmuleoelvxabfmqiotta/Build/Intermediates.noindex/Firebase.build/Debug/FirebaseInstallations-t.build/Objects-normal/arm64/FIRInstallationsSingleOperationPromiseCache.d --serialize-diagnostics /Users/buddhirajgautam/Library/Developer/Xcode/DerivedData/Telegram-Mac-fygdgghdgmuleoelvxabfmqiotta/Build/Intermediates.noindex/Firebase.build/Debug/FirebaseInstallations-t.build/Objects-normal/arm64/FIRInstallationsSingleOperationPromiseCache.dia -c /Users/buddhirajgautam/Library/Developer/Xcode/DerivedData/Telegram-Mac-fygdgghdgmuleoelvxabfmqiotta/SourcePackages/checkouts/firebase-ios-sdk/FirebaseInstallations/Source/Library/InstallationsIDController/FIRInstallationsSingleOperationPromiseCache.m -o /Users/buddhirajgautam/Library/Developer/Xcode/DerivedData/Telegram-Mac-fygdgghdgmuleoelvxabfmqiotta/Build/Intermediates.noindex/Firebase.build/Debug/FirebaseInstallations-t.build/Objects-normal/arm64/FIRInstallationsSingleOperationPromiseCache.o -index-unit-output-path /Firebase.build/Debug/FirebaseInstallations-t.build/Objects-normal/arm64/FIRInstallationsSingleOperationPromiseCache.o

ScanDependencies /Users/buddhirajgautam/Library/Developer/Xcode/DerivedData/Telegram-Mac-fygdgghdgmuleoelvxabfmqiotta/Build/Intermediates.noindex/Firebase.build/Debug/FirebaseInstallations-t.build/Objects-normal/arm64/FIRInstallationsLogger.o /Users/buddhirajgautam/Library/Developer/Xcode/DerivedData/Telegram-Mac-fygdgghdgmuleoelvxabfmqiotta/SourcePackages/checkouts/firebase-ios-sdk/FirebaseInstallations/Source/Library/FIRInstallationsLogger.m normal arm64 objective-c com.apple.compilers.llvm.clang.1_0.compiler (in target 'FirebaseInstallations' from project 'Firebase')
    cd /Users/buddhirajgautam/Documents/Cherrygram-Mac/macOS-Swift
    
    Using response file: /Users/buddhirajgautam/Library/Developer/Xcode/DerivedData/Telegram-Mac-fygdgghdgmuleoelvxabfmqiotta/Build/Intermediates.noindex/Firebase.build/Debug/FirebaseInstallations-t.build/Objects-normal/arm64/e6072d4f65d7061329687fe24e3d63a7-common-args.resp
    
    builtin-ScanDependencies -o /Users/buddhirajgautam/Library/Developer/Xcode/DerivedData/Telegram-Mac-fygdgghdgmuleoelvxabfmqiotta/Build/Intermediates.noindex/Firebase.build/Debug/FirebaseInstallations-t.build/Objects-normal/arm64/FIRInstallationsLogger.o.scan -- /Applications/Xcode.app/Contents/Developer/Toolchains/XcodeDefault.xctoolchain/usr/bin/clang -x objective-c -ivfsstatcache /Users/buddhirajgautam/Library/Developer/Xcode/DerivedData/SDKStatCaches.noindex/macosx27.0-26A425-e829b21a6f8c9b70876ba0858053c0447231f6df4def33e022ae2eb8f782df1a.sdkstatcache -target arm64-apple-macos12.0 -fmessage-length\=0 -fdiagnostics-show-note-include-stack -fmacro-backtrace-limit\=0 -fno-color-diagnostics -fmodules-prune-interval\=86400 -fmodules-prune-after\=345600 -fbuild-session-file\=/Users/buddhirajgautam/Library/Developer/Xcode/DerivedData/ModuleCache.noindex/Session.modulevalidation -fmodules-validate-once-per-build-session -Wnon-modular-include-in-framework-module -Werror\=non-modular-include-in-framework-module -Wno-trigraphs -Wno-missing-field-initializers -Wno-missing-prototypes -Wno-return-type -Wno-implicit-atomic-properties -Wno-objc-interface-ivars -Wno-arc-repeated-use-of-weak -Wno-missing-braces -Wparentheses -Wswitch -Wno-unused-function -Wno-unused-label -Wno-unused-parameter -Wno-unused-variable -Wunused-value -Wno-empty-body -Wno-uninitialized -Wno-unknown-pragmas -w -Wno-shadow -Wno-four-char-constants -Wno-conversion -Wno-constant-conversion -Wno-int-conversion -Wno-bool-conversion -Wno-enum-conversion -Wno-float-conversion -Wno-non-literal-null-conversion -Wno-objc-literal-conversion -Wshorten-64-to-32 -Wpointer-sign -Wno-newline-eof -Wno-selector -Wno-strict-selector-match -Wno-undeclared-selector -Wno-deprecated-implementations -Wno-implicit-fallthrough -isysroot /Applications/Xcode.app/Contents/Developer/Platforms/MacOSX.platform/Developer/SDKs/MacOSX27.0.sdk -fstrict-aliasing -Wprotocol -Wdeprecated-declarations -Wno-sign-conversion -Wno-infinite-recursion -Wno-comma -Wno-block-capture-autoreleasing -Wno-strict-prototypes -Wno-semicolon-before-method-body -index-store-path /Users/buddhirajgautam/Library/Developer/Xcode/DerivedData/Telegram-Mac-fygdgghdgmuleoelvxabfmqiotta/Index.noindex/DataStore @/Users/buddhirajgautam/Library/Developer/Xcode/DerivedData/Telegram-Mac-fygdgghdgmuleoelvxabfmqiotta/Build/Intermediates.noindex/Firebase.build/Debug/FirebaseInstallations-t.build/Objects-normal/arm64/e6072d4f65d7061329687fe24e3d63a7-common-args.resp -MMD -MT dependencies -MF /Users/buddhirajgautam/Library/Developer/Xcode/DerivedData/Telegram-Mac-fygdgghdgmuleoelvxabfmqiotta/Build/Intermediates.noindex/Firebase.build/Debug/FirebaseInstallations-t.build/Objects-normal/arm64/FIRInstallationsLogger.d --serialize-diagnostics /Users/buddhirajgautam/Library/Developer/Xcode/DerivedData/Telegram-Mac-fygdgghdgmuleoelvxabfmqiotta/Build/Intermediates.noindex/Firebase.build/Debug/FirebaseInstallations-t.build/Objects-normal/arm64/FIRInstallationsLogger.dia -c /Users/buddhirajgautam/Library/Developer/Xcode/DerivedData/Telegram-Mac-fygdgghdgmuleoelvxabfmqiotta/SourcePackages/checkouts/firebase-ios-sdk/FirebaseInstallations/Source/Library/FIRInstallationsLogger.m -o /Users/buddhirajgautam/Library/Developer/Xcode/DerivedData/Telegram-Mac-fygdgghdgmuleoelvxabfmqiotta/Build/Intermediates.noindex/Firebase.build/Debug/FirebaseInstallations-t.build/Objects-normal/arm64/FIRInstallationsLogger.o -index-unit-output-path /Firebase.build/Debug/FirebaseInstallations-t.build/Objects-normal/arm64/FIRInstallationsLogger.o

PrecompileModule /Users/buddhirajgautam/Library/Developer/Xcode/DerivedData/Telegram-Mac-fygdgghdgmuleoelvxabfmqiotta/Build/Intermediates.noindex/ExplicitPrecompiledModules/_Builtin_inttypes-8TIBMA9Y0QQRNANA1E41MHLZC.scan
    cd /
    builtin-precompileModule /Users/buddhirajgautam/Library/Developer/Xcode/DerivedData/Telegram-Mac-fygdgghdgmuleoelvxabfmqiotta/Build/Intermediates.noindex/ExplicitPrecompiledModules/_Builtin_inttypes-8TIBMA9Y0QQRNANA1E41MHLZC.scan

CompileC /Users/buddhirajgautam/Library/Developer/Xcode/DerivedData/Telegram-Mac-fygdgghdgmuleoelvxabfmqiotta/Build/Intermediates.noindex/Firebase.build/Debug/FirebaseInstallations-t.build/Objects-normal/arm64/FIRInstallationsSingleOperationPromiseCache.o /Users/buddhirajgautam/Library/Developer/Xcode/DerivedData/Telegram-Mac-fygdgghdgmuleoelvxabfmqiotta/SourcePackages/checkouts/firebase-ios-sdk/FirebaseInstallations/Source/Library/InstallationsIDController/FIRInstallationsSingleOperationPromiseCache.m normal arm64 objective-c com.apple.compilers.llvm.clang.1_0.compiler (in target 'FirebaseInstallations' from project 'Firebase')
    cd /Users/buddhirajgautam/Documents/Cherrygram-Mac/macOS-Swift
    
    Using response file: /Users/buddhirajgautam/Library/Developer/Xcode/DerivedData/Telegram-Mac-fygdgghdgmuleoelvxabfmqiotta/Build/Intermediates.noindex/Firebase.build/Debug/FirebaseInstallations-t.build/Objects-normal/arm64/e6072d4f65d7061329687fe24e3d63a7-common-args.resp
    
    /Applications/Xcode.app/Contents/Developer/Toolchains/XcodeDefault.xctoolchain/usr/bin/clang -x objective-c -ivfsstatcache /Users/buddhirajgautam/Library/Developer/Xcode/DerivedData/SDKStatCaches.noindex/macosx27.0-26A425-e829b21a6f8c9b70876ba0858053c0447231f6df4def33e022ae2eb8f782df1a.sdkstatcache -target arm64-apple-macos12.0 -fmessage-length\=0 -fdiagnostics-show-note-include-stack -fmacro-backtrace-limit\=0 -fno-color-diagnostics -fmodules-prune-interval\=86400 -fmodules-prune-after\=345600 -fbuild-session-file\=/Users/buddhirajgautam/Library/Developer/Xcode/DerivedData/ModuleCache.noindex/Session.modulevalidation -fmodules-validate-once-per-build-session -Wnon-modular-include-in-framework-module -Werror\=non-modular-include-in-framework-module -Wno-trigraphs -Wno-missing-field-initializers -Wno-missing-prototypes -Wno-return-type -Wno-implicit-atomic-properties -Wno-objc-interface-ivars -Wno-arc-repeated-use-of-weak -Wno-missing-braces -Wparentheses -Wswitch -Wno-unused-function -Wno-unused-label -Wno-unused-parameter -Wno-unused-variable -Wunused-value -Wno-empty-body -Wno-uninitialized -Wno-unknown-pragmas -w -Wno-shadow -Wno-four-char-constants -Wno-conversion -Wno-constant-conversion -Wno-int-conversion -Wno-bool-conversion -Wno-enum-conversion -Wno-float-conversion -Wno-non-literal-null-conversion -Wno-objc-literal-conversion -Wshorten-64-to-32 -Wpointer-sign -Wno-newline-eof -Wno-selector -Wno-strict-selector-match -Wno-undeclared-selector -Wno-deprecated-implementations -Wno-implicit-fallthrough -isysroot /Applications/Xcode.app/Contents/Developer/Platforms/MacOSX.platform/Developer/SDKs/MacOSX27.0.sdk -fstrict-aliasing -Wprotocol -Wdeprecated-declarations -Wno-sign-conversion -Wno-infinite-recursion -Wno-comma -Wno-block-capture-autoreleasing -Wno-strict-prototypes -Wno-semicolon-before-method-body -index-store-path /Users/buddhirajgautam/Library/Developer/Xcode/DerivedData/Telegram-Mac-fygdgghdgmuleoelvxabfmqiotta/Index.noindex/DataStore @/Users/buddhirajgautam/Library/Developer/Xcode/DerivedData/Telegram-Mac-fygdgghdgmuleoelvxabfmqiotta/Build/Intermediates.noindex/Firebase.build/Debug/FirebaseInstallations-t.build/Objects-normal/arm64/e6072d4f65d7061329687fe24e3d63a7-common-args.resp -MMD -MT dependencies -MF /Users/buddhirajgautam/Library/Developer/Xcode/DerivedData/Telegram-Mac-fygdgghdgmuleoelvxabfmqiotta/Build/Intermediates.noindex/Firebase.build/Debug/FirebaseInstallations-t.build/Objects-normal/arm64/FIRInstallationsSingleOperationPromiseCache.d --serialize-diagnostics /Users/buddhirajgautam/Library/Developer/Xcode/DerivedData/Telegram-Mac-fygdgghdgmuleoelvxabfmqiotta/Build/Intermediates.noindex/Firebase.build/Debug/FirebaseInstallations-t.build/Objects-normal/arm64/FIRInstallationsSingleOperationPromiseCache.dia -c /Users/buddhirajgautam/Library/Developer/Xcode/DerivedData/Telegram-Mac-fygdgghdgmuleoelvxabfmqiotta/SourcePackages/checkouts/firebase-ios-sdk/FirebaseInstallations/Source/Library/InstallationsIDController/FIRInstallationsSingleOperationPromiseCache.m -o /Users/buddhirajgautam/Library/Developer/Xcode/DerivedData/Telegram-Mac-fygdgghdgmuleoelvxabfmqiotta/Build/Intermediates.noindex/Firebase.build/Debug/FirebaseInstallations-t.build/Objects-normal/arm64/FIRInstallationsSingleOperationPromiseCache.o -index-unit-output-path /Firebase.build/Debug/FirebaseInstallations-t.build/Objects-normal/arm64/FIRInstallationsSingleOperationPromiseCache.o

PrecompileModule /Users/buddhirajgautam/Library/Developer/Xcode/DerivedData/Telegram-Mac-fygdgghdgmuleoelvxabfmqiotta/Build/Intermediates.noindex/ExplicitPrecompiledModules/CoreLocation-BW4C7UHKDW8M9OHOZMUT8QHP8.scan
    cd /
    builtin-precompileModule /Users/buddhirajgautam/Library/Developer/Xcode/DerivedData/Telegram-Mac-fygdgghdgmuleoelvxabfmqiotta/Build/Intermediates.noindex/ExplicitPrecompiledModules/CoreLocation-BW4C7UHKDW8M9OHOZMUT8QHP8.scan

CompileC /Users/buddhirajgautam/Library/Developer/Xcode/DerivedData/Telegram-Mac-fygdgghdgmuleoelvxabfmqiotta/Build/Intermediates.noindex/Firebase.build/Debug/FirebaseInstallations-t.build/Objects-normal/arm64/FIRInstallationsStore.o /Users/buddhirajgautam/Library/Developer/Xcode/DerivedData/Telegram-Mac-fygdgghdgmuleoelvxabfmqiotta/SourcePackages/checkouts/firebase-ios-sdk/FirebaseInstallations/Source/Library/InstallationsStore/FIRInstallationsStore.m normal arm64 objective-c com.apple.compilers.llvm.clang.1_0.compiler (in target 'FirebaseInstallations' from project 'Firebase')
    cd /Users/buddhirajgautam/Documents/Cherrygram-Mac/macOS-Swift
    
    Using response file: /Users/buddhirajgautam/Library/Developer/Xcode/DerivedData/Telegram-Mac-fygdgghdgmuleoelvxabfmqiotta/Build/Intermediates.noindex/Firebase.build/Debug/FirebaseInstallations-t.build/Objects-normal/arm64/e6072d4f65d7061329687fe24e3d63a7-common-args.resp
    
    /Applications/Xcode.app/Contents/Developer/Toolchains/XcodeDefault.xctoolchain/usr/bin/clang -x objective-c -ivfsstatcache /Users/buddhirajgautam/Library/Developer/Xcode/DerivedData/SDKStatCaches.noindex/macosx27.0-26A425-e829b21a6f8c9b70876ba0858053c0447231f6df4def33e022ae2eb8f782df1a.sdkstatcache -target arm64-apple-macos12.0 -fmessage-length\=0 -fdiagnostics-show-note-include-stack -fmacro-backtrace-limit\=0 -fno-color-diagnostics -fmodules-prune-interval\=86400 -fmodules-prune-after\=345600 -fbuild-session-file\=/Users/buddhirajgautam/Library/Developer/Xcode/DerivedData/ModuleCache.noindex/Session.modulevalidation -fmodules-validate-once-per-build-session -Wnon-modular-include-in-framework-module -Werror\=non-modular-include-in-framework-module -Wno-trigraphs -Wno-missing-field-initializers -Wno-missing-prototypes -Wno-return-type -Wno-implicit-atomic-properties -Wno-objc-interface-ivars -Wno-arc-repeated-use-of-weak -Wno-missing-braces -Wparentheses -Wswitch -Wno-unused-function -Wno-unused-label -Wno-unused-parameter -Wno-unused-variable -Wunused-value -Wno-empty-body -Wno-uninitialized -Wno-unknown-pragmas -w -Wno-shadow -Wno-four-char-constants -Wno-conversion -Wno-constant-conversion -Wno-int-conversion -Wno-bool-conversion -Wno-enum-conversion -Wno-float-conversion -Wno-non-literal-null-conversion -Wno-objc-literal-conversion -Wshorten-64-to-32 -Wpointer-sign -Wno-newline-eof -Wno-selector -Wno-strict-selector-match -Wno-undeclared-selector -Wno-deprecated-implementations -Wno-implicit-fallthrough -isysroot /Applications/Xcode.app/Contents/Developer/Platforms/MacOSX.platform/Developer/SDKs/MacOSX27.0.sdk -fstrict-aliasing -Wprotocol -Wdeprecated-declarations -Wno-sign-conversion -Wno-infinite-recursion -Wno-comma -Wno-block-capture-autoreleasing -Wno-strict-prototypes -Wno-semicolon-before-method-body -index-store-path /Users/buddhirajgautam/Library/Developer/Xcode/DerivedData/Telegram-Mac-fygdgghdgmuleoelvxabfmqiotta/Index.noindex/DataStore @/Users/buddhirajgautam/Library/Developer/Xcode/DerivedData/Telegram-Mac-fygdgghdgmuleoelvxabfmqiotta/Build/Intermediates.noindex/Firebase.build/Debug/FirebaseInstallations-t.build/Objects-normal/arm64/e6072d4f65d7061329687fe24e3d63a7-common-args.resp -MMD -MT dependencies -MF /Users/buddhirajgautam/Library/Developer/Xcode/DerivedData/Telegram-Mac-fygdgghdgmuleoelvxabfmqiotta/Build/Intermediates.noindex/Firebase.build/Debug/FirebaseInstallations-t.build/Objects-normal/arm64/FIRInstallationsStore.d --serialize-diagnostics /Users/buddhirajgautam/Library/Developer/Xcode/DerivedData/Telegram-Mac-fygdgghdgmuleoelvxabfmqiotta/Build/Intermediates.noindex/Firebase.build/Debug/FirebaseInstallations-t.build/Objects-normal/arm64/FIRInstallationsStore.dia -c /Users/buddhirajgautam/Library/Developer/Xcode/DerivedData/Telegram-Mac-fygdgghdgmuleoelvxabfmqiotta/SourcePackages/checkouts/firebase-ios-sdk/FirebaseInstallations/Source/Library/InstallationsStore/FIRInstallationsStore.m -o /Users/buddhirajgautam/Library/Developer/Xcode/DerivedData/Telegram-Mac-fygdgghdgmuleoelvxabfmqiotta/Build/Intermediates.noindex/Firebase.build/Debug/FirebaseInstallations-t.build/Objects-normal/arm64/FIRInstallationsStore.o -index-unit-output-path /Firebase.build/Debug/FirebaseInstallations-t.build/Objects-normal/arm64/FIRInstallationsStore.o

CompileC /Users/buddhirajgautam/Library/Developer/Xcode/DerivedData/Telegram-Mac-fygdgghdgmuleoelvxabfmqiotta/Build/Intermediates.noindex/FastBlur.build/Debug/FastBlur-t.build/Objects-normal/arm64/FastBlur.o /Users/buddhirajgautam/Documents/Cherrygram-Mac/macOS-Swift/packages/FastBlur/Sources/FastBlur/FastBlur.m normal arm64 objective-c com.apple.compilers.llvm.clang.1_0.compiler (in target 'FastBlur' from project 'FastBlur')
    cd /Users/buddhirajgautam/Documents/Cherrygram-Mac/macOS-Swift
    
    Using response file: /Users/buddhirajgautam/Library/Developer/Xcode/DerivedData/Telegram-Mac-fygdgghdgmuleoelvxabfmqiotta/Build/Intermediates.noindex/FastBlur.build/Debug/FastBlur-t.build/Objects-normal/arm64/e6072d4f65d7061329687fe24e3d63a7-common-args.resp
    
    /Applications/Xcode.app/Contents/Developer/Toolchains/XcodeDefault.xctoolchain/usr/bin/clang -x objective-c -ivfsstatcache /Users/buddhirajgautam/Library/Developer/Xcode/DerivedData/SDKStatCaches.noindex/macosx27.0-26A425-e829b21a6f8c9b70876ba0858053c0447231f6df4def33e022ae2eb8f782df1a.sdkstatcache -target arm64-apple-macos12.0 -fmessage-length\=0 -fdiagnostics-show-note-include-stack -fmacro-backtrace-limit\=0 -fno-color-diagnostics -fmodules-prune-interval\=86400 -fmodules-prune-after\=345600 -fbuild-session-file\=/Users/buddhirajgautam/Library/Developer/Xcode/DerivedData/ModuleCache.noindex/Session.modulevalidation -fmodules-validate-once-per-build-session -Wnon-modular-include-in-framework-module -Werror\=non-modular-include-in-framework-module -Wno-trigraphs -Wno-missing-field-initializers -Wno-missing-prototypes -Wno-return-type -Wno-implicit-atomic-properties -Wno-objc-interface-ivars -Wno-arc-repeated-use-of-weak -Wno-missing-braces -Wparentheses -Wswitch -Wno-unused-function -Wno-unused-label -Wno-unused-parameter -Wno-unused-variable -Wunused-value -Wno-empty-body -Wno-uninitialized -Wno-unknown-pragmas -Wno-shadow -Wno-four-char-constants -Wno-conversion -Wno-constant-conversion -Wno-int-conversion -Wno-bool-conversion -Wno-enum-conversion -Wno-float-conversion -Wno-non-literal-null-conversion -Wno-objc-literal-conversion -Wshorten-64-to-32 -Wpointer-sign -Wno-newline-eof -Wno-selector -Wno-strict-selector-match -Wno-undeclared-selector -Wno-deprecated-implementations -Wno-implicit-fallthrough -isysroot /Applications/Xcode.app/Contents/Developer/Platforms/MacOSX.platform/Developer/SDKs/MacOSX27.0.sdk -fstrict-aliasing -Wprotocol -Wdeprecated-declarations -Wno-sign-conversion -Wno-infinite-recursion -Wno-comma -Wno-block-capture-autoreleasing -Wno-strict-prototypes -Wno-semicolon-before-method-body -index-store-path /Users/buddhirajgautam/Library/Developer/Xcode/DerivedData/Telegram-Mac-fygdgghdgmuleoelvxabfmqiotta/Index.noindex/DataStore @/Users/buddhirajgautam/Library/Developer/Xcode/DerivedData/Telegram-Mac-fygdgghdgmuleoelvxabfmqiotta/Build/Intermediates.noindex/FastBlur.build/Debug/FastBlur-t.build/Objects-normal/arm64/e6072d4f65d7061329687fe24e3d63a7-common-args.resp -MMD -MT dependencies -MF /Users/buddhirajgautam/Library/Developer/Xcode/DerivedData/Telegram-Mac-fygdgghdgmuleoelvxabfmqiotta/Build/Intermediates.noindex/FastBlur.build/Debug/FastBlur-t.build/Objects-normal/arm64/FastBlur.d --serialize-diagnostics /Users/buddhirajgautam/Library/Developer/Xcode/DerivedData/Telegram-Mac-fygdgghdgmuleoelvxabfmqiotta/Build/Intermediates.noindex/FastBlur.build/Debug/FastBlur-t.build/Objects-normal/arm64/FastBlur.dia -c /Users/buddhirajgautam/Documents/Cherrygram-Mac/macOS-Swift/packages/FastBlur/Sources/FastBlur/FastBlur.m -o /Users/buddhirajgautam/Library/Developer/Xcode/DerivedData/Telegram-Mac-fygdgghdgmuleoelvxabfmqiotta/Build/Intermediates.noindex/FastBlur.build/Debug/FastBlur-t.build/Objects-normal/arm64/FastBlur.o -index-unit-output-path /FastBlur.build/Debug/FastBlur-t.build/Objects-normal/arm64/FastBlur.o

CompileC /Users/buddhirajgautam/Library/Developer/Xcode/DerivedData/Telegram-Mac-fygdgghdgmuleoelvxabfmqiotta/Build/Intermediates.noindex/Firebase.build/Debug/FirebaseInstallations-t.build/Objects-normal/arm64/FIRInstallationsLogger.o /Users/buddhirajgautam/Library/Developer/Xcode/DerivedData/Telegram-Mac-fygdgghdgmuleoelvxabfmqiotta/SourcePackages/checkouts/firebase-ios-sdk/FirebaseInstallations/Source/Library/FIRInstallationsLogger.m normal arm64 objective-c com.apple.compilers.llvm.clang.1_0.compiler (in target 'FirebaseInstallations' from project 'Firebase')
    cd /Users/buddhirajgautam/Documents/Cherrygram-Mac/macOS-Swift
    
    Using response file: /Users/buddhirajgautam/Library/Developer/Xcode/DerivedData/Telegram-Mac-fygdgghdgmuleoelvxabfmqiotta/Build/Intermediates.noindex/Firebase.build/Debug/FirebaseInstallations-t.build/Objects-normal/arm64/e6072d4f65d7061329687fe24e3d63a7-common-args.resp
    
    /Applications/Xcode.app/Contents/Developer/Toolchains/XcodeDefault.xctoolchain/usr/bin/clang -x objective-c -ivfsstatcache /Users/buddhirajgautam/Library/Developer/Xcode/DerivedData/SDKStatCaches.noindex/macosx27.0-26A425-e829b21a6f8c9b70876ba0858053c0447231f6df4def33e022ae2eb8f782df1a.sdkstatcache -target arm64-apple-macos12.0 -fmessage-length\=0 -fdiagnostics-show-note-include-stack -fmacro-backtrace-limit\=0 -fno-color-diagnostics -fmodules-prune-interval\=86400 -fmodules-prune-after\=345600 -fbuild-session-file\=/Users/buddhirajgautam/Library/Developer/Xcode/DerivedData/ModuleCache.noindex/Session.modulevalidation -fmodules-validate-once-per-build-session -Wnon-modular-include-in-framework-module -Werror\=non-modular-include-in-framework-module -Wno-trigraphs -Wno-missing-field-initializers -Wno-missing-prototypes -Wno-return-type -Wno-implicit-atomic-properties -Wno-objc-interface-ivars -Wno-arc-repeated-use-of-weak -Wno-missing-braces -Wparentheses -Wswitch -Wno-unused-function -Wno-unused-label -Wno-unused-parameter -Wno-unused-variable -Wunused-value -Wno-empty-body -Wno-uninitialized -Wno-unknown-pragmas -w -Wno-shadow -Wno-four-char-constants -Wno-conversion -Wno-constant-conversion -Wno-int-conversion -Wno-bool-conversion -Wno-enum-conversion -Wno-float-conversion -Wno-non-literal-null-conversion -Wno-objc-literal-conversion -Wshorten-64-to-32 -Wpointer-sign -Wno-newline-eof -Wno-selector -Wno-strict-selector-match -Wno-undeclared-selector -Wno-deprecated-implementations -Wno-implicit-fallthrough -isysroot /Applications/Xcode.app/Contents/Developer/Platforms/MacOSX.platform/Developer/SDKs/MacOSX27.0.sdk -fstrict-aliasing -Wprotocol -Wdeprecated-declarations -Wno-sign-conversion -Wno-infinite-recursion -Wno-comma -Wno-block-capture-autoreleasing -Wno-strict-prototypes -Wno-semicolon-before-method-body -index-store-path /Users/buddhirajgautam/Library/Developer/Xcode/DerivedData/Telegram-Mac-fygdgghdgmuleoelvxabfmqiotta/Index.noindex/DataStore @/Users/buddhirajgautam/Library/Developer/Xcode/DerivedData/Telegram-Mac-fygdgghdgmuleoelvxabfmqiotta/Build/Intermediates.noindex/Firebase.build/Debug/FirebaseInstallations-t.build/Objects-normal/arm64/e6072d4f65d7061329687fe24e3d63a7-common-args.resp -MMD -MT dependencies -MF /Users/buddhirajgautam/Library/Developer/Xcode/DerivedData/Telegram-Mac-fygdgghdgmuleoelvxabfmqiotta/Build/Intermediates.noindex/Firebase.build/Debug/FirebaseInstallations-t.build/Objects-normal/arm64/FIRInstallationsLogger.d --serialize-diagnostics /Users/buddhirajgautam/Library/Developer/Xcode/DerivedData/Telegram-Mac-fygdgghdgmuleoelvxabfmqiotta/Build/Intermediates.noindex/Firebase.build/Debug/FirebaseInstallations-t.build/Objects-normal/arm64/FIRInstallationsLogger.dia -c /Users/buddhirajgautam/Library/Developer/Xcode/DerivedData/Telegram-Mac-fygdgghdgmuleoelvxabfmqiotta/SourcePackages/checkouts/firebase-ios-sdk/FirebaseInstallations/Source/Library/FIRInstallationsLogger.m -o /Users/buddhirajgautam/Library/Developer/Xcode/DerivedData/Telegram-Mac-fygdgghdgmuleoelvxabfmqiotta/Build/Intermediates.noindex/Firebase.build/Debug/FirebaseInstallations-t.build/Objects-normal/arm64/FIRInstallationsLogger.o -index-unit-output-path /Firebase.build/Debug/FirebaseInstallations-t.build/Objects-normal/arm64/FIRInstallationsLogger.o

PrecompileModule /Users/buddhirajgautam/Library/Developer/Xcode/DerivedData/Telegram-Mac-fygdgghdgmuleoelvxabfmqiotta/Build/Intermediates.noindex/ExplicitPrecompiledModules/Darwin-D2SQCKGQ8UROGS9GOGCO1YH6P.scan
    cd /
    builtin-precompileModule /Users/buddhirajgautam/Library/Developer/Xcode/DerivedData/Telegram-Mac-fygdgghdgmuleoelvxabfmqiotta/Build/Intermediates.noindex/ExplicitPrecompiledModules/Darwin-D2SQCKGQ8UROGS9GOGCO1YH6P.scan

ScanDependencies /Users/buddhirajgautam/Library/Developer/Xcode/DerivedData/Telegram-Mac-fygdgghdgmuleoelvxabfmqiotta/Build/Intermediates.noindex/Firebase.build/Debug/FirebaseInstallations-t.build/Objects-normal/arm64/FIRInstallationsItem.o /Users/buddhirajgautam/Library/Developer/Xcode/DerivedData/Telegram-Mac-fygdgghdgmuleoelvxabfmqiotta/SourcePackages/checkouts/firebase-ios-sdk/FirebaseInstallations/Source/Library/FIRInstallationsItem.m normal arm64 objective-c com.apple.compilers.llvm.clang.1_0.compiler (in target 'FirebaseInstallations' from project 'Firebase')
    cd /Users/buddhirajgautam/Documents/Cherrygram-Mac/macOS-Swift
    
    Using response file: /Users/buddhirajgautam/Library/Developer/Xcode/DerivedData/Telegram-Mac-fygdgghdgmuleoelvxabfmqiotta/Build/Intermediates.noindex/Firebase.build/Debug/FirebaseInstallations-t.build/Objects-normal/arm64/e6072d4f65d7061329687fe24e3d63a7-common-args.resp
    
    builtin-ScanDependencies -o /Users/buddhirajgautam/Library/Developer/Xcode/DerivedData/Telegram-Mac-fygdgghdgmuleoelvxabfmqiotta/Build/Intermediates.noindex/Firebase.build/Debug/FirebaseInstallations-t.build/Objects-normal/arm64/FIRInstallationsItem.o.scan -- /Applications/Xcode.app/Contents/Developer/Toolchains/XcodeDefault.xctoolchain/usr/bin/clang -x objective-c -ivfsstatcache /Users/buddhirajgautam/Library/Developer/Xcode/DerivedData/SDKStatCaches.noindex/macosx27.0-26A425-e829b21a6f8c9b70876ba0858053c0447231f6df4def33e022ae2eb8f782df1a.sdkstatcache -target arm64-apple-macos12.0 -fmessage-length\=0 -fdiagnostics-show-note-include-stack -fmacro-backtrace-limit\=0 -fno-color-diagnostics -fmodules-prune-interval\=86400 -fmodules-prune-after\=345600 -fbuild-session-file\=/Users/buddhirajgautam/Library/Developer/Xcode/DerivedData/ModuleCache.noindex/Session.modulevalidation -fmodules-validate-once-per-build-session -Wnon-modular-include-in-framework-module -Werror\=non-modular-include-in-framework-module -Wno-trigraphs -Wno-missing-field-initializers -Wno-missing-prototypes -Wno-return-type -Wno-implicit-atomic-properties -Wno-objc-interface-ivars -Wno-arc-repeated-use-of-weak -Wno-missing-braces -Wparentheses -Wswitch -Wno-unused-function -Wno-unused-label -Wno-unused-parameter -Wno-unused-variable -Wunused-value -Wno-empty-body -Wno-uninitialized -Wno-unknown-pragmas -w -Wno-shadow -Wno-four-char-constants -Wno-conversion -Wno-constant-conversion -Wno-int-conversion -Wno-bool-conversion -Wno-enum-conversion -Wno-float-conversion -Wno-non-literal-null-conversion -Wno-objc-literal-conversion -Wshorten-64-to-32 -Wpointer-sign -Wno-newline-eof -Wno-selector -Wno-strict-selector-match -Wno-undeclared-selector -Wno-deprecated-implementations -Wno-implicit-fallthrough -isysroot /Applications/Xcode.app/Contents/Developer/Platforms/MacOSX.platform/Developer/SDKs/MacOSX27.0.sdk -fstrict-aliasing -Wprotocol -Wdeprecated-declarations -Wno-sign-conversion -Wno-infinite-recursion -Wno-comma -Wno-block-capture-autoreleasing -Wno-strict-prototypes -Wno-semicolon-before-method-body -index-store-path /Users/buddhirajgautam/Library/Developer/Xcode/DerivedData/Telegram-Mac-fygdgghdgmuleoelvxabfmqiotta/Index.noindex/DataStore @/Users/buddhirajgautam/Library/Developer/Xcode/DerivedData/Telegram-Mac-fygdgghdgmuleoelvxabfmqiotta/Build/Intermediates.noindex/Firebase.build/Debug/FirebaseInstallations-t.build/Objects-normal/arm64/e6072d4f65d7061329687fe24e3d63a7-common-args.resp -MMD -MT dependencies -MF /Users/buddhirajgautam/Library/Developer/Xcode/DerivedData/Telegram-Mac-fygdgghdgmuleoelvxabfmqiotta/Build/Intermediates.noindex/Firebase.build/Debug/FirebaseInstallations-t.build/Objects-normal/arm64/FIRInstallationsItem.d --serialize-diagnostics /Users/buddhirajgautam/Library/Developer/Xcode/DerivedData/Telegram-Mac-fygdgghdgmuleoelvxabfmqiotta/Build/Intermediates.noindex/Firebase.build/Debug/FirebaseInstallations-t.build/Objects-normal/arm64/FIRInstallationsItem.dia -c /Users/buddhirajgautam/Library/Developer/Xcode/DerivedData/Telegram-Mac-fygdgghdgmuleoelvxabfmqiotta/SourcePackages/checkouts/firebase-ios-sdk/FirebaseInstallations/Source/Library/FIRInstallationsItem.m -o /Users/buddhirajgautam/Library/Developer/Xcode/DerivedData/Telegram-Mac-fygdgghdgmuleoelvxabfmqiotta/Build/Intermediates.noindex/Firebase.build/Debug/FirebaseInstallations-t.build/Objects-normal/arm64/FIRInstallationsItem.o -index-unit-output-path /Firebase.build/Debug/FirebaseInstallations-t.build/Objects-normal/arm64/FIRInstallationsItem.o

ScanDependencies /Users/buddhirajgautam/Library/Developer/Xcode/DerivedData/Telegram-Mac-fygdgghdgmuleoelvxabfmqiotta/Build/Intermediates.noindex/Firebase.build/Debug/FirebaseInstallations-t.build/Objects-normal/arm64/FIRInstallationsItem+RegisterInstallationAPI.o /Users/buddhirajgautam/Library/Developer/Xcode/DerivedData/Telegram-Mac-fygdgghdgmuleoelvxabfmqiotta/SourcePackages/checkouts/firebase-ios-sdk/FirebaseInstallations/Source/Library/InstallationsAPI/FIRInstallationsItem+RegisterInstallationAPI.m normal arm64 objective-c com.apple.compilers.llvm.clang.1_0.compiler (in target 'FirebaseInstallations' from project 'Firebase')
    cd /Users/buddhirajgautam/Documents/Cherrygram-Mac/macOS-Swift
    
    Using response file: /Users/buddhirajgautam/Library/Developer/Xcode/DerivedData/Telegram-Mac-fygdgghdgmuleoelvxabfmqiotta/Build/Intermediates.noindex/Firebase.build/Debug/FirebaseInstallations-t.build/Objects-normal/arm64/e6072d4f65d7061329687fe24e3d63a7-common-args.resp
    
    builtin-ScanDependencies -o /Users/buddhirajgautam/Library/Developer/Xcode/DerivedData/Telegram-Mac-fygdgghdgmuleoelvxabfmqiotta/Build/Intermediates.noindex/Firebase.build/Debug/FirebaseInstallations-t.build/Objects-normal/arm64/FIRInstallationsItem+RegisterInstallationAPI.o.scan -- /Applications/Xcode.app/Contents/Developer/Toolchains/XcodeDefault.xctoolchain/usr/bin/clang -x objective-c -ivfsstatcache /Users/buddhirajgautam/Library/Developer/Xcode/DerivedData/SDKStatCaches.noindex/macosx27.0-26A425-e829b21a6f8c9b70876ba0858053c0447231f6df4def33e022ae2eb8f782df1a.sdkstatcache -target arm64-apple-macos12.0 -fmessage-length\=0 -fdiagnostics-show-note-include-stack -fmacro-backtrace-limit\=0 -fno-color-diagnostics -fmodules-prune-interval\=86400 -fmodules-prune-after\=345600 -fbuild-session-file\=/Users/buddhirajgautam/Library/Developer/Xcode/DerivedData/ModuleCache.noindex/Session.modulevalidation -fmodules-validate-once-per-build-session -Wnon-modular-include-in-framework-module -Werror\=non-modular-include-in-framework-module -Wno-trigraphs -Wno-missing-field-initializers -Wno-missing-prototypes -Wno-return-type -Wno-implicit-atomic-properties -Wno-objc-interface-ivars -Wno-arc-repeated-use-of-weak -Wno-missing-braces -Wparentheses -Wswitch -Wno-unused-function -Wno-unused-label -Wno-unused-parameter -Wno-unused-variable -Wunused-value -Wno-empty-body -Wno-uninitialized -Wno-unknown-pragmas -w -Wno-shadow -Wno-four-char-constants -Wno-conversion -Wno-constant-conversion -Wno-int-conversion -Wno-bool-conversion -Wno-enum-conversion -Wno-float-conversion -Wno-non-literal-null-conversion -Wno-objc-literal-conversion -Wshorten-64-to-32 -Wpointer-sign -Wno-newline-eof -Wno-selector -Wno-strict-selector-match -Wno-undeclared-selector -Wno-deprecated-implementations -Wno-implicit-fallthrough -isysroot /Applications/Xcode.app/Contents/Developer/Platforms/MacOSX.platform/Developer/SDKs/MacOSX27.0.sdk -fstrict-aliasing -Wprotocol -Wdeprecated-declarations -Wno-sign-conversion -Wno-infinite-recursion -Wno-comma -Wno-block-capture-autoreleasing -Wno-strict-prototypes -Wno-semicolon-before-method-body -index-store-path /Users/buddhirajgautam/Library/Developer/Xcode/DerivedData/Telegram-Mac-fygdgghdgmuleoelvxabfmqiotta/Index.noindex/DataStore @/Users/buddhirajgautam/Library/Developer/Xcode/DerivedData/Telegram-Mac-fygdgghdgmuleoelvxabfmqiotta/Build/Intermediates.noindex/Firebase.build/Debug/FirebaseInstallations-t.build/Objects-normal/arm64/e6072d4f65d7061329687fe24e3d63a7-common-args.resp -MMD -MT dependencies -MF /Users/buddhirajgautam/Library/Developer/Xcode/DerivedData/Telegram-Mac-fygdgghdgmuleoelvxabfmqiotta/Build/Intermediates.noindex/Firebase.build/Debug/FirebaseInstallations-t.build/Objects-normal/arm64/FIRInstallationsItem+RegisterInstallationAPI.d --serialize-diagnostics /Users/buddhirajgautam/Library/Developer/Xcode/DerivedData/Telegram-Mac-fygdgghdgmuleoelvxabfmqiotta/Build/Intermediates.noindex/Firebase.build/Debug/FirebaseInstallations-t.build/Objects-normal/arm64/FIRInstallationsItem+RegisterInstallationAPI.dia -c /Users/buddhirajgautam/Library/Developer/Xcode/DerivedData/Telegram-Mac-fygdgghdgmuleoelvxabfmqiotta/SourcePackages/checkouts/firebase-ios-sdk/FirebaseInstallations/Source/Library/InstallationsAPI/FIRInstallationsItem+RegisterInstallationAPI.m -o /Users/buddhirajgautam/Library/Developer/Xcode/DerivedData/Telegram-Mac-fygdgghdgmuleoelvxabfmqiotta/Build/Intermediates.noindex/Firebase.build/Debug/FirebaseInstallations-t.build/Objects-normal/arm64/FIRInstallationsItem+RegisterInstallationAPI.o -index-unit-output-path /Firebase.build/Debug/FirebaseInstallations-t.build/Objects-normal/arm64/FIRInstallationsItem+RegisterInstallationAPI.o

ScanDependencies /Users/buddhirajgautam/Library/Developer/Xcode/DerivedData/Telegram-Mac-fygdgghdgmuleoelvxabfmqiotta/Build/Intermediates.noindex/Firebase.build/Debug/FirebaseInstallations-t.build/Objects-normal/arm64/FIRInstallationsIIDTokenStore.o /Users/buddhirajgautam/Library/Developer/Xcode/DerivedData/Telegram-Mac-fygdgghdgmuleoelvxabfmqiotta/SourcePackages/checkouts/firebase-ios-sdk/FirebaseInstallations/Source/Library/IIDMigration/FIRInstallationsIIDTokenStore.m normal arm64 objective-c com.apple.compilers.llvm.clang.1_0.compiler (in target 'FirebaseInstallations' from project 'Firebase')
    cd /Users/buddhirajgautam/Documents/Cherrygram-Mac/macOS-Swift
    
    Using response file: /Users/buddhirajgautam/Library/Developer/Xcode/DerivedData/Telegram-Mac-fygdgghdgmuleoelvxabfmqiotta/Build/Intermediates.noindex/Firebase.build/Debug/FirebaseInstallations-t.build/Objects-normal/arm64/e6072d4f65d7061329687fe24e3d63a7-common-args.resp
    
    builtin-ScanDependencies -o /Users/buddhirajgautam/Library/Developer/Xcode/DerivedData/Telegram-Mac-fygdgghdgmuleoelvxabfmqiotta/Build/Intermediates.noindex/Firebase.build/Debug/FirebaseInstallations-t.build/Objects-normal/arm64/FIRInstallationsIIDTokenStore.o.scan -- /Applications/Xcode.app/Contents/Developer/Toolchains/XcodeDefault.xctoolchain/usr/bin/clang -x objective-c -ivfsstatcache /Users/buddhirajgautam/Library/Developer/Xcode/DerivedData/SDKStatCaches.noindex/macosx27.0-26A425-e829b21a6f8c9b70876ba0858053c0447231f6df4def33e022ae2eb8f782df1a.sdkstatcache -target arm64-apple-macos12.0 -fmessage-length\=0 -fdiagnostics-show-note-include-stack -fmacro-backtrace-limit\=0 -fno-color-diagnostics -fmodules-prune-interval\=86400 -fmodules-prune-after\=345600 -fbuild-session-file\=/Users/buddhirajgautam/Library/Developer/Xcode/DerivedData/ModuleCache.noindex/Session.modulevalidation -fmodules-validate-once-per-build-session -Wnon-modular-include-in-framework-module -Werror\=non-modular-include-in-framework-module -Wno-trigraphs -Wno-missing-field-initializers -Wno-missing-prototypes -Wno-return-type -Wno-implicit-atomic-properties -Wno-objc-interface-ivars -Wno-arc-repeated-use-of-weak -Wno-missing-braces -Wparentheses -Wswitch -Wno-unused-function -Wno-unused-label -Wno-unused-parameter -Wno-unused-variable -Wunused-value -Wno-empty-body -Wno-uninitialized -Wno-unknown-pragmas -w -Wno-shadow -Wno-four-char-constants -Wno-conversion -Wno-constant-conversion -Wno-int-conversion -Wno-bool-conversion -Wno-enum-conversion -Wno-float-conversion -Wno-non-literal-null-conversion -Wno-objc-literal-conversion -Wshorten-64-to-32 -Wpointer-sign -Wno-newline-eof -Wno-selector -Wno-strict-selector-match -Wno-undeclared-selector -Wno-deprecated-implementations -Wno-implicit-fallthrough -isysroot /Applications/Xcode.app/Contents/Developer/Platforms/MacOSX.platform/Developer/SDKs/MacOSX27.0.sdk -fstrict-aliasing -Wprotocol -Wdeprecated-declarations -Wno-sign-conversion -Wno-infinite-recursion -Wno-comma -Wno-block-capture-autoreleasing -Wno-strict-prototypes -Wno-semicolon-before-method-body -index-store-path /Users/buddhirajgautam/Library/Developer/Xcode/DerivedData/Telegram-Mac-fygdgghdgmuleoelvxabfmqiotta/Index.noindex/DataStore @/Users/buddhirajgautam/Library/Developer/Xcode/DerivedData/Telegram-Mac-fygdgghdgmuleoelvxabfmqiotta/Build/Intermediates.noindex/Firebase.build/Debug/FirebaseInstallations-t.build/Objects-normal/arm64/e6072d4f65d7061329687fe24e3d63a7-common-args.resp -MMD -MT dependencies -MF /Users/buddhirajgautam/Library/Developer/Xcode/DerivedData/Telegram-Mac-fygdgghdgmuleoelvxabfmqiotta/Build/Intermediates.noindex/Firebase.build/Debug/FirebaseInstallations-t.build/Objects-normal/arm64/FIRInstallationsIIDTokenStore.d --serialize-diagnostics /Users/buddhirajgautam/Library/Developer/Xcode/DerivedData/Telegram-Mac-fygdgghdgmuleoelvxabfmqiotta/Build/Intermediates.noindex/Firebase.build/Debug/FirebaseInstallations-t.build/Objects-normal/arm64/FIRInstallationsIIDTokenStore.dia -c /Users/buddhirajgautam/Library/Developer/Xcode/DerivedData/Telegram-Mac-fygdgghdgmuleoelvxabfmqiotta/SourcePackages/checkouts/firebase-ios-sdk/FirebaseInstallations/Source/Library/IIDMigration/FIRInstallationsIIDTokenStore.m -o /Users/buddhirajgautam/Library/Developer/Xcode/DerivedData/Telegram-Mac-fygdgghdgmuleoelvxabfmqiotta/Build/Intermediates.noindex/Firebase.build/Debug/FirebaseInstallations-t.build/Objects-normal/arm64/FIRInstallationsIIDTokenStore.o -index-unit-output-path /Firebase.build/Debug/FirebaseInstallations-t.build/Objects-normal/arm64/FIRInstallationsIIDTokenStore.o

ScanDependencies /Users/buddhirajgautam/Library/Developer/Xcode/DerivedData/Telegram-Mac-fygdgghdgmuleoelvxabfmqiotta/Build/Intermediates.noindex/Firebase.build/Debug/FirebaseInstallations-t.build/Objects-normal/arm64/FIRInstallationsIIDStore.o /Users/buddhirajgautam/Library/Developer/Xcode/DerivedData/Telegram-Mac-fygdgghdgmuleoelvxabfmqiotta/SourcePackages/checkouts/firebase-ios-sdk/FirebaseInstallations/Source/Library/IIDMigration/FIRInstallationsIIDStore.m normal arm64 objective-c com.apple.compilers.llvm.clang.1_0.compiler (in target 'FirebaseInstallations' from project 'Firebase')
    cd /Users/buddhirajgautam/Documents/Cherrygram-Mac/macOS-Swift
    
    Using response file: /Users/buddhirajgautam/Library/Developer/Xcode/DerivedData/Telegram-Mac-fygdgghdgmuleoelvxabfmqiotta/Build/Intermediates.noindex/Firebase.build/Debug/FirebaseInstallations-t.build/Objects-normal/arm64/e6072d4f65d7061329687fe24e3d63a7-common-args.resp
    
    builtin-ScanDependencies -o /Users/buddhirajgautam/Library/Developer/Xcode/DerivedData/Telegram-Mac-fygdgghdgmuleoelvxabfmqiotta/Build/Intermediates.noindex/Firebase.build/Debug/FirebaseInstallations-t.build/Objects-normal/arm64/FIRInstallationsIIDStore.o.scan -- /Applications/Xcode.app/Contents/Developer/Toolchains/XcodeDefault.xctoolchain/usr/bin/clang -x objective-c -ivfsstatcache /Users/buddhirajgautam/Library/Developer/Xcode/DerivedData/SDKStatCaches.noindex/macosx27.0-26A425-e829b21a6f8c9b70876ba0858053c0447231f6df4def33e022ae2eb8f782df1a.sdkstatcache -target arm64-apple-macos12.0 -fmessage-length\=0 -fdiagnostics-show-note-include-stack -fmacro-backtrace-limit\=0 -fno-color-diagnostics -fmodules-prune-interval\=86400 -fmodules-prune-after\=345600 -fbuild-session-file\=/Users/buddhirajgautam/Library/Developer/Xcode/DerivedData/ModuleCache.noindex/Session.modulevalidation -fmodules-validate-once-per-build-session -Wnon-modular-include-in-framework-module -Werror\=non-modular-include-in-framework-module -Wno-trigraphs -Wno-missing-field-initializers -Wno-missing-prototypes -Wno-return-type -Wno-implicit-atomic-properties -Wno-objc-interface-ivars -Wno-arc-repeated-use-of-weak -Wno-missing-braces -Wparentheses -Wswitch -Wno-unused-function -Wno-unused-label -Wno-unused-parameter -Wno-unused-variable -Wunused-value -Wno-empty-body -Wno-uninitialized -Wno-unknown-pragmas -w -Wno-shadow -Wno-four-char-constants -Wno-conversion -Wno-constant-conversion -Wno-int-conversion -Wno-bool-conversion -Wno-enum-conversion -Wno-float-conversion -Wno-non-literal-null-conversion -Wno-objc-literal-conversion -Wshorten-64-to-32 -Wpointer-sign -Wno-newline-eof -Wno-selector -Wno-strict-selector-match -Wno-undeclared-selector -Wno-deprecated-implementations -Wno-implicit-fallthrough -isysroot /Applications/Xcode.app/Contents/Developer/Platforms/MacOSX.platform/Developer/SDKs/MacOSX27.0.sdk -fstrict-aliasing -Wprotocol -Wdeprecated-declarations -Wno-sign-conversion -Wno-infinite-recursion -Wno-comma -Wno-block-capture-autoreleasing -Wno-strict-prototypes -Wno-semicolon-before-method-body -index-store-path /Users/buddhirajgautam/Library/Developer/Xcode/DerivedData/Telegram-Mac-fygdgghdgmuleoelvxabfmqiotta/Index.noindex/DataStore @/Users/buddhirajgautam/Library/Developer/Xcode/DerivedData/Telegram-Mac-fygdgghdgmuleoelvxabfmqiotta/Build/Intermediates.noindex/Firebase.build/Debug/FirebaseInstallations-t.build/Objects-normal/arm64/e6072d4f65d7061329687fe24e3d63a7-common-args.resp -MMD -MT dependencies -MF /Users/buddhirajgautam/Library/Developer/Xcode/DerivedData/Telegram-Mac-fygdgghdgmuleoelvxabfmqiotta/Build/Intermediates.noindex/Firebase.build/Debug/FirebaseInstallations-t.build/Objects-normal/arm64/FIRInstallationsIIDStore.d --serialize-diagnostics /Users/buddhirajgautam/Library/Developer/Xcode/DerivedData/Telegram-Mac-fygdgghdgmuleoelvxabfmqiotta/Build/Intermediates.noindex/Firebase.build/Debug/FirebaseInstallations-t.build/Objects-normal/arm64/FIRInstallationsIIDStore.dia -c /Users/buddhirajgautam/Library/Developer/Xcode/DerivedData/Telegram-Mac-fygdgghdgmuleoelvxabfmqiotta/SourcePackages/checkouts/firebase-ios-sdk/FirebaseInstallations/Source/Library/IIDMigration/FIRInstallationsIIDStore.m -o /Users/buddhirajgautam/Library/Developer/Xcode/DerivedData/Telegram-Mac-fygdgghdgmuleoelvxabfmqiotta/Build/Intermediates.noindex/Firebase.build/Debug/FirebaseInstallations-t.build/Objects-normal/arm64/FIRInstallationsIIDStore.o -index-unit-output-path /Firebase.build/Debug/FirebaseInstallations-t.build/Objects-normal/arm64/FIRInstallationsIIDStore.o

CompileC /Users/buddhirajgautam/Library/Developer/Xcode/DerivedData/Telegram-Mac-fygdgghdgmuleoelvxabfmqiotta/Build/Intermediates.noindex/Firebase.build/Debug/FirebaseInstallations-t.build/Objects-normal/arm64/FIRInstallationsItem.o /Users/buddhirajgautam/Library/Developer/Xcode/DerivedData/Telegram-Mac-fygdgghdgmuleoelvxabfmqiotta/SourcePackages/checkouts/firebase-ios-sdk/FirebaseInstallations/Source/Library/FIRInstallationsItem.m normal arm64 objective-c com.apple.compilers.llvm.clang.1_0.compiler (in target 'FirebaseInstallations' from project 'Firebase')
    cd /Users/buddhirajgautam/Documents/Cherrygram-Mac/macOS-Swift
    
    Using response file: /Users/buddhirajgautam/Library/Developer/Xcode/DerivedData/Telegram-Mac-fygdgghdgmuleoelvxabfmqiotta/Build/Intermediates.noindex/Firebase.build/Debug/FirebaseInstallations-t.build/Objects-normal/arm64/e6072d4f65d7061329687fe24e3d63a7-common-args.resp
    
    /Applications/Xcode.app/Contents/Developer/Toolchains/XcodeDefault.xctoolchain/usr/bin/clang -x objective-c -ivfsstatcache /Users/buddhirajgautam/Library/Developer/Xcode/DerivedData/SDKStatCaches.noindex/macosx27.0-26A425-e829b21a6f8c9b70876ba0858053c0447231f6df4def33e022ae2eb8f782df1a.sdkstatcache -target arm64-apple-macos12.0 -fmessage-length\=0 -fdiagnostics-show-note-include-stack -fmacro-backtrace-limit\=0 -fno-color-diagnostics -fmodules-prune-interval\=86400 -fmodules-prune-after\=345600 -fbuild-session-file\=/Users/buddhirajgautam/Library/Developer/Xcode/DerivedData/ModuleCache.noindex/Session.modulevalidation -fmodules-validate-once-per-build-session -Wnon-modular-include-in-framework-module -Werror\=non-modular-include-in-framework-module -Wno-trigraphs -Wno-missing-field-initializers -Wno-missing-prototypes -Wno-return-type -Wno-implicit-atomic-properties -Wno-objc-interface-ivars -Wno-arc-repeated-use-of-weak -Wno-missing-braces -Wparentheses -Wswitch -Wno-unused-function -Wno-unused-label -Wno-unused-parameter -Wno-unused-variable -Wunused-value -Wno-empty-body -Wno-uninitialized -Wno-unknown-pragmas -w -Wno-shadow -Wno-four-char-constants -Wno-conversion -Wno-constant-conversion -Wno-int-conversion -Wno-bool-conversion -Wno-enum-conversion -Wno-float-conversion -Wno-non-literal-null-conversion -Wno-objc-literal-conversion -Wshorten-64-to-32 -Wpointer-sign -Wno-newline-eof -Wno-selector -Wno-strict-selector-match -Wno-undeclared-selector -Wno-deprecated-implementations -Wno-implicit-fallthrough -isysroot /Applications/Xcode.app/Contents/Developer/Platforms/MacOSX.platform/Developer/SDKs/MacOSX27.0.sdk -fstrict-aliasing -Wprotocol -Wdeprecated-declarations -Wno-sign-conversion -Wno-infinite-recursion -Wno-comma -Wno-block-capture-autoreleasing -Wno-strict-prototypes -Wno-semicolon-before-method-body -index-store-path /Users/buddhirajgautam/Library/Developer/Xcode/DerivedData/Telegram-Mac-fygdgghdgmuleoelvxabfmqiotta/Index.noindex/DataStore @/Users/buddhirajgautam/Library/Developer/Xcode/DerivedData/Telegram-Mac-fygdgghdgmuleoelvxabfmqiotta/Build/Intermediates.noindex/Firebase.build/Debug/FirebaseInstallations-t.build/Objects-normal/arm64/e6072d4f65d7061329687fe24e3d63a7-common-args.resp -MMD -MT dependencies -MF /Users/buddhirajgautam/Library/Developer/Xcode/DerivedData/Telegram-Mac-fygdgghdgmuleoelvxabfmqiotta/Build/Intermediates.noindex/Firebase.build/Debug/FirebaseInstallations-t.build/Objects-normal/arm64/FIRInstallationsItem.d --serialize-diagnostics /Users/buddhirajgautam/Library/Developer/Xcode/DerivedData/Telegram-Mac-fygdgghdgmuleoelvxabfmqiotta/Build/Intermediates.noindex/Firebase.build/Debug/FirebaseInstallations-t.build/Objects-normal/arm64/FIRInstallationsItem.dia -c /Users/buddhirajgautam/Library/Developer/Xcode/DerivedData/Telegram-Mac-fygdgghdgmuleoelvxabfmqiotta/SourcePackages/checkouts/firebase-ios-sdk/FirebaseInstallations/Source/Library/FIRInstallationsItem.m -o /Users/buddhirajgautam/Library/Developer/Xcode/DerivedData/Telegram-Mac-fygdgghdgmuleoelvxabfmqiotta/Build/Intermediates.noindex/Firebase.build/Debug/FirebaseInstallations-t.build/Objects-normal/arm64/FIRInstallationsItem.o -index-unit-output-path /Firebase.build/Debug/FirebaseInstallations-t.build/Objects-normal/arm64/FIRInstallationsItem.o

PrecompileModule /Users/buddhirajgautam/Library/Developer/Xcode/DerivedData/Telegram-Mac-fygdgghdgmuleoelvxabfmqiotta/Build/Intermediates.noindex/ExplicitPrecompiledModules/CloudKit-EFOIFNDUHY0TKNC8IQO1J2P5S.scan
    cd /
    builtin-precompileModule /Users/buddhirajgautam/Library/Developer/Xcode/DerivedData/Telegram-Mac-fygdgghdgmuleoelvxabfmqiotta/Build/Intermediates.noindex/ExplicitPrecompiledModules/CloudKit-EFOIFNDUHY0TKNC8IQO1J2P5S.scan

CompileC /Users/buddhirajgautam/Library/Developer/Xcode/DerivedData/Telegram-Mac-fygdgghdgmuleoelvxabfmqiotta/Build/Intermediates.noindex/Firebase.build/Debug/FirebaseInstallations-t.build/Objects-normal/arm64/FIRInstallationsItem+RegisterInstallationAPI.o /Users/buddhirajgautam/Library/Developer/Xcode/DerivedData/Telegram-Mac-fygdgghdgmuleoelvxabfmqiotta/SourcePackages/checkouts/firebase-ios-sdk/FirebaseInstallations/Source/Library/InstallationsAPI/FIRInstallationsItem+RegisterInstallationAPI.m normal arm64 objective-c com.apple.compilers.llvm.clang.1_0.compiler (in target 'FirebaseInstallations' from project 'Firebase')
    cd /Users/buddhirajgautam/Documents/Cherrygram-Mac/macOS-Swift
    
    Using response file: /Users/buddhirajgautam/Library/Developer/Xcode/DerivedData/Telegram-Mac-fygdgghdgmuleoelvxabfmqiotta/Build/Intermediates.noindex/Firebase.build/Debug/FirebaseInstallations-t.build/Objects-normal/arm64/e6072d4f65d7061329687fe24e3d63a7-common-args.resp
    
    /Applications/Xcode.app/Contents/Developer/Toolchains/XcodeDefault.xctoolchain/usr/bin/clang -x objective-c -ivfsstatcache /Users/buddhirajgautam/Library/Developer/Xcode/DerivedData/SDKStatCaches.noindex/macosx27.0-26A425-e829b21a6f8c9b70876ba0858053c0447231f6df4def33e022ae2eb8f782df1a.sdkstatcache -target arm64-apple-macos12.0 -fmessage-length\=0 -fdiagnostics-show-note-include-stack -fmacro-backtrace-limit\=0 -fno-color-diagnostics -fmodules-prune-interval\=86400 -fmodules-prune-after\=345600 -fbuild-session-file\=/Users/buddhirajgautam/Library/Developer/Xcode/DerivedData/ModuleCache.noindex/Session.modulevalidation -fmodules-validate-once-per-build-session -Wnon-modular-include-in-framework-module -Werror\=non-modular-include-in-framework-module -Wno-trigraphs -Wno-missing-field-initializers -Wno-missing-prototypes -Wno-return-type -Wno-implicit-atomic-properties -Wno-objc-interface-ivars -Wno-arc-repeated-use-of-weak -Wno-missing-braces -Wparentheses -Wswitch -Wno-unused-function -Wno-unused-label -Wno-unused-parameter -Wno-unused-variable -Wunused-value -Wno-empty-body -Wno-uninitialized -Wno-unknown-pragmas -w -Wno-shadow -Wno-four-char-constants -Wno-conversion -Wno-constant-conversion -Wno-int-conversion -Wno-bool-conversion -Wno-enum-conversion -Wno-float-conversion -Wno-non-literal-null-conversion -Wno-objc-literal-conversion -Wshorten-64-to-32 -Wpointer-sign -Wno-newline-eof -Wno-selector -Wno-strict-selector-match -Wno-undeclared-selector -Wno-deprecated-implementations -Wno-implicit-fallthrough -isysroot /Applications/Xcode.app/Contents/Developer/Platforms/MacOSX.platform/Developer/SDKs/MacOSX27.0.sdk -fstrict-aliasing -Wprotocol -Wdeprecated-declarations -Wno-sign-conversion -Wno-infinite-recursion -Wno-comma -Wno-block-capture-autoreleasing -Wno-strict-prototypes -Wno-semicolon-before-method-body -index-store-path /Users/buddhirajgautam/Library/Developer/Xcode/DerivedData/Telegram-Mac-fygdgghdgmuleoelvxabfmqiotta/Index.noindex/DataStore @/Users/buddhirajgautam/Library/Developer/Xcode/DerivedData/Telegram-Mac-fygdgghdgmuleoelvxabfmqiotta/Build/Intermediates.noindex/Firebase.build/Debug/FirebaseInstallations-t.build/Objects-normal/arm64/e6072d4f65d7061329687fe24e3d63a7-common-args.resp -MMD -MT dependencies -MF /Users/buddhirajgautam/Library/Developer/Xcode/DerivedData/Telegram-Mac-fygdgghdgmuleoelvxabfmqiotta/Build/Intermediates.noindex/Firebase.build/Debug/FirebaseInstallations-t.build/Objects-normal/arm64/FIRInstallationsItem+RegisterInstallationAPI.d --serialize-diagnostics /Users/buddhirajgautam/Library/Developer/Xcode/DerivedData/Telegram-Mac-fygdgghdgmuleoelvxabfmqiotta/Build/Intermediates.noindex/Firebase.build/Debug/FirebaseInstallations-t.build/Objects-normal/arm64/FIRInstallationsItem+RegisterInstallationAPI.dia -c /Users/buddhirajgautam/Library/Developer/Xcode/DerivedData/Telegram-Mac-fygdgghdgmuleoelvxabfmqiotta/SourcePackages/checkouts/firebase-ios-sdk/FirebaseInstallations/Source/Library/InstallationsAPI/FIRInstallationsItem+RegisterInstallationAPI.m -o /Users/buddhirajgautam/Library/Developer/Xcode/DerivedData/Telegram-Mac-fygdgghdgmuleoelvxabfmqiotta/Build/Intermediates.noindex/Firebase.build/Debug/FirebaseInstallations-t.build/Objects-normal/arm64/FIRInstallationsItem+RegisterInstallationAPI.o -index-unit-output-path /Firebase.build/Debug/FirebaseInstallations-t.build/Objects-normal/arm64/FIRInstallationsItem+RegisterInstallationAPI.o

Ld /Users/buddhirajgautam/Library/Developer/Xcode/DerivedData/Telegram-Mac-fygdgghdgmuleoelvxabfmqiotta/Build/Products/Debug/FastBlur.o normal (in target 'FastBlur' from project 'FastBlur')
    cd /Users/buddhirajgautam/Documents/Cherrygram-Mac/macOS-Swift/packages/FastBlur
    /Applications/Xcode.app/Contents/Developer/Toolchains/XcodeDefault.xctoolchain/usr/bin/clang -Xlinker -reproducible -target arm64-apple-macos12.0 -r -isysroot /Applications/Xcode.app/Contents/Developer/Platforms/MacOSX.platform/Developer/SDKs/MacOSX27.0.sdk -O0 -Xlinker -no_warn_duplicate_libraries -F/Users/buddhirajgautam/Library/Developer/Xcode/DerivedData/Telegram-Mac-fygdgghdgmuleoelvxabfmqiotta/Build/Intermediates.noindex/EagerLinkingTBDs/Debug -F/Users/buddhirajgautam/Library/Developer/Xcode/DerivedData/Telegram-Mac-fygdgghdgmuleoelvxabfmqiotta/Build/Products/Debug -iframework /Applications/Xcode.app/Contents/Developer/Platforms/MacOSX.platform/Developer/Library/Frameworks -filelist /Users/buddhirajgautam/Library/Developer/Xcode/DerivedData/Telegram-Mac-fygdgghdgmuleoelvxabfmqiotta/Build/Intermediates.noindex/FastBlur.build/Debug/FastBlur-t.build/Objects-normal/arm64/FastBlur.LinkFileList -nostdlib -Xlinker -object_path_lto -Xlinker /Users/buddhirajgautam/Library/Developer/Xcode/DerivedData/Telegram-Mac-fygdgghdgmuleoelvxabfmqiotta/Build/Intermediates.noindex/FastBlur.build/Debug/FastBlur-t.build/Objects-normal/arm64/FastBlur_lto.o -Xlinker -no_deduplicate -Xlinker -debug_variant -Xlinker -dependency_info -Xlinker /Users/buddhirajgautam/Library/Developer/Xcode/DerivedData/Telegram-Mac-fygdgghdgmuleoelvxabfmqiotta/Build/Intermediates.noindex/FastBlur.build/Debug/FastBlur-t.build/Objects-normal/arm64/FastBlur_dependency_info.dat -fobjc-arc -fobjc-link-runtime -o /Users/buddhirajgautam/Library/Developer/Xcode/DerivedData/Telegram-Mac-fygdgghdgmuleoelvxabfmqiotta/Build/Products/Debug/FastBlur.o

CompileC /Users/buddhirajgautam/Library/Developer/Xcode/DerivedData/Telegram-Mac-fygdgghdgmuleoelvxabfmqiotta/Build/Intermediates.noindex/Firebase.build/Debug/FirebaseInstallations-t.build/Objects-normal/arm64/FIRInstallationsIIDTokenStore.o /Users/buddhirajgautam/Library/Developer/Xcode/DerivedData/Telegram-Mac-fygdgghdgmuleoelvxabfmqiotta/SourcePackages/checkouts/firebase-ios-sdk/FirebaseInstallations/Source/Library/IIDMigration/FIRInstallationsIIDTokenStore.m normal arm64 objective-c com.apple.compilers.llvm.clang.1_0.compiler (in target 'FirebaseInstallations' from project 'Firebase')
    cd /Users/buddhirajgautam/Documents/Cherrygram-Mac/macOS-Swift
    
    Using response file: /Users/buddhirajgautam/Library/Developer/Xcode/DerivedData/Telegram-Mac-fygdgghdgmuleoelvxabfmqiotta/Build/Intermediates.noindex/Firebase.build/Debug/FirebaseInstallations-t.build/Objects-normal/arm64/e6072d4f65d7061329687fe24e3d63a7-common-args.resp
    
    /Applications/Xcode.app/Contents/Developer/Toolchains/XcodeDefault.xctoolchain/usr/bin/clang -x objective-c -ivfsstatcache /Users/buddhirajgautam/Library/Developer/Xcode/DerivedData/SDKStatCaches.noindex/macosx27.0-26A425-e829b21a6f8c9b70876ba0858053c0447231f6df4def33e022ae2eb8f782df1a.sdkstatcache -target arm64-apple-macos12.0 -fmessage-length\=0 -fdiagnostics-show-note-include-stack -fmacro-backtrace-limit\=0 -fno-color-diagnostics -fmodules-prune-interval\=86400 -fmodules-prune-after\=345600 -fbuild-session-file\=/Users/buddhirajgautam/Library/Developer/Xcode/DerivedData/ModuleCache.noindex/Session.modulevalidation -fmodules-validate-once-per-build-session -Wnon-modular-include-in-framework-module -Werror\=non-modular-include-in-framework-module -Wno-trigraphs -Wno-missing-field-initializers -Wno-missing-prototypes -Wno-return-type -Wno-implicit-atomic-properties -Wno-objc-interface-ivars -Wno-arc-repeated-use-of-weak -Wno-missing-braces -Wparentheses -Wswitch -Wno-unused-function -Wno-unused-label -Wno-unused-parameter -Wno-unused-variable -Wunused-value -Wno-empty-body -Wno-uninitialized -Wno-unknown-pragmas -w -Wno-shadow -Wno-four-char-constants -Wno-conversion -Wno-constant-conversion -Wno-int-conversion -Wno-bool-conversion -Wno-enum-conversion -Wno-float-conversion -Wno-non-literal-null-conversion -Wno-objc-literal-conversion -Wshorten-64-to-32 -Wpointer-sign -Wno-newline-eof -Wno-selector -Wno-strict-selector-match -Wno-undeclared-selector -Wno-deprecated-implementations -Wno-implicit-fallthrough -isysroot /Applications/Xcode.app/Contents/Developer/Platforms/MacOSX.platform/Developer/SDKs/MacOSX27.0.sdk -fstrict-aliasing -Wprotocol -Wdeprecated-declarations -Wno-sign-conversion -Wno-infinite-recursion -Wno-comma -Wno-block-capture-autoreleasing -Wno-strict-prototypes -Wno-semicolon-before-method-body -index-store-path /Users/buddhirajgautam/Library/Developer/Xcode/DerivedData/Telegram-Mac-fygdgghdgmuleoelvxabfmqiotta/Index.noindex/DataStore @/Users/buddhirajgautam/Library/Developer/Xcode/DerivedData/Telegram-Mac-fygdgghdgmuleoelvxabfmqiotta/Build/Intermediates.noindex/Firebase.build/Debug/FirebaseInstallations-t.build/Objects-normal/arm64/e6072d4f65d7061329687fe24e3d63a7-common-args.resp -MMD -MT dependencies -MF /Users/buddhirajgautam/Library/Developer/Xcode/DerivedData/Telegram-Mac-fygdgghdgmuleoelvxabfmqiotta/Build/Intermediates.noindex/Firebase.build/Debug/FirebaseInstallations-t.build/Objects-normal/arm64/FIRInstallationsIIDTokenStore.d --serialize-diagnostics /Users/buddhirajgautam/Library/Developer/Xcode/DerivedData/Telegram-Mac-fygdgghdgmuleoelvxabfmqiotta/Build/Intermediates.noindex/Firebase.build/Debug/FirebaseInstallations-t.build/Objects-normal/arm64/FIRInstallationsIIDTokenStore.dia -c /Users/buddhirajgautam/Library/Developer/Xcode/DerivedData/Telegram-Mac-fygdgghdgmuleoelvxabfmqiotta/SourcePackages/checkouts/firebase-ios-sdk/FirebaseInstallations/Source/Library/IIDMigration/FIRInstallationsIIDTokenStore.m -o /Users/buddhirajgautam/Library/Developer/Xcode/DerivedData/Telegram-Mac-fygdgghdgmuleoelvxabfmqiotta/Build/Intermediates.noindex/Firebase.build/Debug/FirebaseInstallations-t.build/Objects-normal/arm64/FIRInstallationsIIDTokenStore.o -index-unit-output-path /Firebase.build/Debug/FirebaseInstallations-t.build/Objects-normal/arm64/FIRInstallationsIIDTokenStore.o

PrecompileModule /Users/buddhirajgautam/Library/Developer/Xcode/DerivedData/Telegram-Mac-fygdgghdgmuleoelvxabfmqiotta/Build/Intermediates.noindex/ExplicitPrecompiledModules/CommonCrypto-4EOFB91VS7HMOKH4VAJ6S00D4.scan
    cd /
    builtin-precompileModule /Users/buddhirajgautam/Library/Developer/Xcode/DerivedData/Telegram-Mac-fygdgghdgmuleoelvxabfmqiotta/Build/Intermediates.noindex/ExplicitPrecompiledModules/CommonCrypto-4EOFB91VS7HMOKH4VAJ6S00D4.scan

ScanDependencies /Users/buddhirajgautam/Library/Developer/Xcode/DerivedData/Telegram-Mac-fygdgghdgmuleoelvxabfmqiotta/Build/Intermediates.noindex/Firebase.build/Debug/FirebaseInstallations-t.build/Objects-normal/arm64/FIRInstallationsIDController.o /Users/buddhirajgautam/Library/Developer/Xcode/DerivedData/Telegram-Mac-fygdgghdgmuleoelvxabfmqiotta/SourcePackages/checkouts/firebase-ios-sdk/FirebaseInstallations/Source/Library/InstallationsIDController/FIRInstallationsIDController.m normal arm64 objective-c com.apple.compilers.llvm.clang.1_0.compiler (in target 'FirebaseInstallations' from project 'Firebase')
    cd /Users/buddhirajgautam/Documents/Cherrygram-Mac/macOS-Swift
    
    Using response file: /Users/buddhirajgautam/Library/Developer/Xcode/DerivedData/Telegram-Mac-fygdgghdgmuleoelvxabfmqiotta/Build/Intermediates.noindex/Firebase.build/Debug/FirebaseInstallations-t.build/Objects-normal/arm64/e6072d4f65d7061329687fe24e3d63a7-common-args.resp
    
    builtin-ScanDependencies -o /Users/buddhirajgautam/Library/Developer/Xcode/DerivedData/Telegram-Mac-fygdgghdgmuleoelvxabfmqiotta/Build/Intermediates.noindex/Firebase.build/Debug/FirebaseInstallations-t.build/Objects-normal/arm64/FIRInstallationsIDController.o.scan -- /Applications/Xcode.app/Contents/Developer/Toolchains/XcodeDefault.xctoolchain/usr/bin/clang -x objective-c -ivfsstatcache /Users/buddhirajgautam/Library/Developer/Xcode/DerivedData/SDKStatCaches.noindex/macosx27.0-26A425-e829b21a6f8c9b70876ba0858053c0447231f6df4def33e022ae2eb8f782df1a.sdkstatcache -target arm64-apple-macos12.0 -fmessage-length\=0 -fdiagnostics-show-note-include-stack -fmacro-backtrace-limit\=0 -fno-color-diagnostics -fmodules-prune-interval\=86400 -fmodules-prune-after\=345600 -fbuild-session-file\=/Users/buddhirajgautam/Library/Developer/Xcode/DerivedData/ModuleCache.noindex/Session.modulevalidation -fmodules-validate-once-per-build-session -Wnon-modular-include-in-framework-module -Werror\=non-modular-include-in-framework-module -Wno-trigraphs -Wno-missing-field-initializers -Wno-missing-prototypes -Wno-return-type -Wno-implicit-atomic-properties -Wno-objc-interface-ivars -Wno-arc-repeated-use-of-weak -Wno-missing-braces -Wparentheses -Wswitch -Wno-unused-function -Wno-unused-label -Wno-unused-parameter -Wno-unused-variable -Wunused-value -Wno-empty-body -Wno-uninitialized -Wno-unknown-pragmas -w -Wno-shadow -Wno-four-char-constants -Wno-conversion -Wno-constant-conversion -Wno-int-conversion -Wno-bool-conversion -Wno-enum-conversion -Wno-float-conversion -Wno-non-literal-null-conversion -Wno-objc-literal-conversion -Wshorten-64-to-32 -Wpointer-sign -Wno-newline-eof -Wno-selector -Wno-strict-selector-match -Wno-undeclared-selector -Wno-deprecated-implementations -Wno-implicit-fallthrough -isysroot /Applications/Xcode.app/Contents/Developer/Platforms/MacOSX.platform/Developer/SDKs/MacOSX27.0.sdk -fstrict-aliasing -Wprotocol -Wdeprecated-declarations -Wno-sign-conversion -Wno-infinite-recursion -Wno-comma -Wno-block-capture-autoreleasing -Wno-strict-prototypes -Wno-semicolon-before-method-body -index-store-path /Users/buddhirajgautam/Library/Developer/Xcode/DerivedData/Telegram-Mac-fygdgghdgmuleoelvxabfmqiotta/Index.noindex/DataStore @/Users/buddhirajgautam/Library/Developer/Xcode/DerivedData/Telegram-Mac-fygdgghdgmuleoelvxabfmqiotta/Build/Intermediates.noindex/Firebase.build/Debug/FirebaseInstallations-t.build/Objects-normal/arm64/e6072d4f65d7061329687fe24e3d63a7-common-args.resp -MMD -MT dependencies -MF /Users/buddhirajgautam/Library/Developer/Xcode/DerivedData/Telegram-Mac-fygdgghdgmuleoelvxabfmqiotta/Build/Intermediates.noindex/Firebase.build/Debug/FirebaseInstallations-t.build/Objects-normal/arm64/FIRInstallationsIDController.d --serialize-diagnostics /Users/buddhirajgautam/Library/Developer/Xcode/DerivedData/Telegram-Mac-fygdgghdgmuleoelvxabfmqiotta/Build/Intermediates.noindex/Firebase.build/Debug/FirebaseInstallations-t.build/Objects-normal/arm64/FIRInstallationsIDController.dia -c /Users/buddhirajgautam/Library/Developer/Xcode/DerivedData/Telegram-Mac-fygdgghdgmuleoelvxabfmqiotta/SourcePackages/checkouts/firebase-ios-sdk/FirebaseInstallations/Source/Library/InstallationsIDController/FIRInstallationsIDController.m -o /Users/buddhirajgautam/Library/Developer/Xcode/DerivedData/Telegram-Mac-fygdgghdgmuleoelvxabfmqiotta/Build/Intermediates.noindex/Firebase.build/Debug/FirebaseInstallations-t.build/Objects-normal/arm64/FIRInstallationsIDController.o -index-unit-output-path /Firebase.build/Debug/FirebaseInstallations-t.build/Objects-normal/arm64/FIRInstallationsIDController.o

PrecompileModule /Users/buddhirajgautam/Library/Developer/Xcode/DerivedData/Telegram-Mac-fygdgghdgmuleoelvxabfmqiotta/Build/Intermediates.noindex/ExplicitPrecompiledModules/CoreVideo-28H1N1TPK5TF5HI4FC8LLJUTX.scan
    cd /
    builtin-precompileModule /Users/buddhirajgautam/Library/Developer/Xcode/DerivedData/Telegram-Mac-fygdgghdgmuleoelvxabfmqiotta/Build/Intermediates.noindex/ExplicitPrecompiledModules/CoreVideo-28H1N1TPK5TF5HI4FC8LLJUTX.scan

ScanDependencies /Users/buddhirajgautam/Library/Developer/Xcode/DerivedData/Telegram-Mac-fygdgghdgmuleoelvxabfmqiotta/Build/Intermediates.noindex/Firebase.build/Debug/FirebaseInstallations-t.build/Objects-normal/arm64/FIRInstallationsHTTPError.o /Users/buddhirajgautam/Library/Developer/Xcode/DerivedData/Telegram-Mac-fygdgghdgmuleoelvxabfmqiotta/SourcePackages/checkouts/firebase-ios-sdk/FirebaseInstallations/Source/Library/Errors/FIRInstallationsHTTPError.m normal arm64 objective-c com.apple.compilers.llvm.clang.1_0.compiler (in target 'FirebaseInstallations' from project 'Firebase')
    cd /Users/buddhirajgautam/Documents/Cherrygram-Mac/macOS-Swift
    
    Using response file: /Users/buddhirajgautam/Library/Developer/Xcode/DerivedData/Telegram-Mac-fygdgghdgmuleoelvxabfmqiotta/Build/Intermediates.noindex/Firebase.build/Debug/FirebaseInstallations-t.build/Objects-normal/arm64/e6072d4f65d7061329687fe24e3d63a7-common-args.resp
    
    builtin-ScanDependencies -o /Users/buddhirajgautam/Library/Developer/Xcode/DerivedData/Telegram-Mac-fygdgghdgmuleoelvxabfmqiotta/Build/Intermediates.noindex/Firebase.build/Debug/FirebaseInstallations-t.build/Objects-normal/arm64/FIRInstallationsHTTPError.o.scan -- /Applications/Xcode.app/Contents/Developer/Toolchains/XcodeDefault.xctoolchain/usr/bin/clang -x objective-c -ivfsstatcache /Users/buddhirajgautam/Library/Developer/Xcode/DerivedData/SDKStatCaches.noindex/macosx27.0-26A425-e829b21a6f8c9b70876ba0858053c0447231f6df4def33e022ae2eb8f782df1a.sdkstatcache -target arm64-apple-macos12.0 -fmessage-length\=0 -fdiagnostics-show-note-include-stack -fmacro-backtrace-limit\=0 -fno-color-diagnostics -fmodules-prune-interval\=86400 -fmodules-prune-after\=345600 -fbuild-session-file\=/Users/buddhirajgautam/Library/Developer/Xcode/DerivedData/ModuleCache.noindex/Session.modulevalidation -fmodules-validate-once-per-build-session -Wnon-modular-include-in-framework-module -Werror\=non-modular-include-in-framework-module -Wno-trigraphs -Wno-missing-field-initializers -Wno-missing-prototypes -Wno-return-type -Wno-implicit-atomic-properties -Wno-objc-interface-ivars -Wno-arc-repeated-use-of-weak -Wno-missing-braces -Wparentheses -Wswitch -Wno-unused-function -Wno-unused-label -Wno-unused-parameter -Wno-unused-variable -Wunused-value -Wno-empty-body -Wno-uninitialized -Wno-unknown-pragmas -w -Wno-shadow -Wno-four-char-constants -Wno-conversion -Wno-constant-conversion -Wno-int-conversion -Wno-bool-conversion -Wno-enum-conversion -Wno-float-conversion -Wno-non-literal-null-conversion -Wno-objc-literal-conversion -Wshorten-64-to-32 -Wpointer-sign -Wno-newline-eof -Wno-selector -Wno-strict-selector-match -Wno-undeclared-selector -Wno-deprecated-implementations -Wno-implicit-fallthrough -isysroot /Applications/Xcode.app/Contents/Developer/Platforms/MacOSX.platform/Developer/SDKs/MacOSX27.0.sdk -fstrict-aliasing -Wprotocol -Wdeprecated-declarations -Wno-sign-conversion -Wno-infinite-recursion -Wno-comma -Wno-block-capture-autoreleasing -Wno-strict-prototypes -Wno-semicolon-before-method-body -index-store-path /Users/buddhirajgautam/Library/Developer/Xcode/DerivedData/Telegram-Mac-fygdgghdgmuleoelvxabfmqiotta/Index.noindex/DataStore @/Users/buddhirajgautam/Library/Developer/Xcode/DerivedData/Telegram-Mac-fygdgghdgmuleoelvxabfmqiotta/Build/Intermediates.noindex/Firebase.build/Debug/FirebaseInstallations-t.build/Objects-normal/arm64/e6072d4f65d7061329687fe24e3d63a7-common-args.resp -MMD -MT dependencies -MF /Users/buddhirajgautam/Library/Developer/Xcode/DerivedData/Telegram-Mac-fygdgghdgmuleoelvxabfmqiotta/Build/Intermediates.noindex/Firebase.build/Debug/FirebaseInstallations-t.build/Objects-normal/arm64/FIRInstallationsHTTPError.d --serialize-diagnostics /Users/buddhirajgautam/Library/Developer/Xcode/DerivedData/Telegram-Mac-fygdgghdgmuleoelvxabfmqiotta/Build/Intermediates.noindex/Firebase.build/Debug/FirebaseInstallations-t.build/Objects-normal/arm64/FIRInstallationsHTTPError.dia -c /Users/buddhirajgautam/Library/Developer/Xcode/DerivedData/Telegram-Mac-fygdgghdgmuleoelvxabfmqiotta/SourcePackages/checkouts/firebase-ios-sdk/FirebaseInstallations/Source/Library/Errors/FIRInstallationsHTTPError.m -o /Users/buddhirajgautam/Library/Developer/Xcode/DerivedData/Telegram-Mac-fygdgghdgmuleoelvxabfmqiotta/Build/Intermediates.noindex/Firebase.build/Debug/FirebaseInstallations-t.build/Objects-normal/arm64/FIRInstallationsHTTPError.o -index-unit-output-path /Firebase.build/Debug/FirebaseInstallations-t.build/Objects-normal/arm64/FIRInstallationsHTTPError.o

CompileC /Users/buddhirajgautam/Library/Developer/Xcode/DerivedData/Telegram-Mac-fygdgghdgmuleoelvxabfmqiotta/Build/Intermediates.noindex/Firebase.build/Debug/FirebaseInstallations-t.build/Objects-normal/arm64/FIRInstallationsIDController.o /Users/buddhirajgautam/Library/Developer/Xcode/DerivedData/Telegram-Mac-fygdgghdgmuleoelvxabfmqiotta/SourcePackages/checkouts/firebase-ios-sdk/FirebaseInstallations/Source/Library/InstallationsIDController/FIRInstallationsIDController.m normal arm64 objective-c com.apple.compilers.llvm.clang.1_0.compiler (in target 'FirebaseInstallations' from project 'Firebase')
    cd /Users/buddhirajgautam/Documents/Cherrygram-Mac/macOS-Swift
    
    Using response file: /Users/buddhirajgautam/Library/Developer/Xcode/DerivedData/Telegram-Mac-fygdgghdgmuleoelvxabfmqiotta/Build/Intermediates.noindex/Firebase.build/Debug/FirebaseInstallations-t.build/Objects-normal/arm64/e6072d4f65d7061329687fe24e3d63a7-common-args.resp
    
    /Applications/Xcode.app/Contents/Developer/Toolchains/XcodeDefault.xctoolchain/usr/bin/clang -x objective-c -ivfsstatcache /Users/buddhirajgautam/Library/Developer/Xcode/DerivedData/SDKStatCaches.noindex/macosx27.0-26A425-e829b21a6f8c9b70876ba0858053c0447231f6df4def33e022ae2eb8f782df1a.sdkstatcache -target arm64-apple-macos12.0 -fmessage-length\=0 -fdiagnostics-show-note-include-stack -fmacro-backtrace-limit\=0 -fno-color-diagnostics -fmodules-prune-interval\=86400 -fmodules-prune-after\=345600 -fbuild-session-file\=/Users/buddhirajgautam/Library/Developer/Xcode/DerivedData/ModuleCache.noindex/Session.modulevalidation -fmodules-validate-once-per-build-session -Wnon-modular-include-in-framework-module -Werror\=non-modular-include-in-framework-module -Wno-trigraphs -Wno-missing-field-initializers -Wno-missing-prototypes -Wno-return-type -Wno-implicit-atomic-properties -Wno-objc-interface-ivars -Wno-arc-repeated-use-of-weak -Wno-missing-braces -Wparentheses -Wswitch -Wno-unused-function -Wno-unused-label -Wno-unused-parameter -Wno-unused-variable -Wunused-value -Wno-empty-body -Wno-uninitialized -Wno-unknown-pragmas -w -Wno-shadow -Wno-four-char-constants -Wno-conversion -Wno-constant-conversion -Wno-int-conversion -Wno-bool-conversion -Wno-enum-conversion -Wno-float-conversion -Wno-non-literal-null-conversion -Wno-objc-literal-conversion -Wshorten-64-to-32 -Wpointer-sign -Wno-newline-eof -Wno-selector -Wno-strict-selector-match -Wno-undeclared-selector -Wno-deprecated-implementations -Wno-implicit-fallthrough -isysroot /Applications/Xcode.app/Contents/Developer/Platforms/MacOSX.platform/Developer/SDKs/MacOSX27.0.sdk -fstrict-aliasing -Wprotocol -Wdeprecated-declarations -Wno-sign-conversion -Wno-infinite-recursion -Wno-comma -Wno-block-capture-autoreleasing -Wno-strict-prototypes -Wno-semicolon-before-method-body -index-store-path /Users/buddhirajgautam/Library/Developer/Xcode/DerivedData/Telegram-Mac-fygdgghdgmuleoelvxabfmqiotta/Index.noindex/DataStore @/Users/buddhirajgautam/Library/Developer/Xcode/DerivedData/Telegram-Mac-fygdgghdgmuleoelvxabfmqiotta/Build/Intermediates.noindex/Firebase.build/Debug/FirebaseInstallations-t.build/Objects-normal/arm64/e6072d4f65d7061329687fe24e3d63a7-common-args.resp -MMD -MT dependencies -MF /Users/buddhirajgautam/Library/Developer/Xcode/DerivedData/Telegram-Mac-fygdgghdgmuleoelvxabfmqiotta/Build/Intermediates.noindex/Firebase.build/Debug/FirebaseInstallations-t.build/Objects-normal/arm64/FIRInstallationsIDController.d --serialize-diagnostics /Users/buddhirajgautam/Library/Developer/Xcode/DerivedData/Telegram-Mac-fygdgghdgmuleoelvxabfmqiotta/Build/Intermediates.noindex/Firebase.build/Debug/FirebaseInstallations-t.build/Objects-normal/arm64/FIRInstallationsIDController.dia -c /Users/buddhirajgautam/Library/Developer/Xcode/DerivedData/Telegram-Mac-fygdgghdgmuleoelvxabfmqiotta/SourcePackages/checkouts/firebase-ios-sdk/FirebaseInstallations/Source/Library/InstallationsIDController/FIRInstallationsIDController.m -o /Users/buddhirajgautam/Library/Developer/Xcode/DerivedData/Telegram-Mac-fygdgghdgmuleoelvxabfmqiotta/Build/Intermediates.noindex/Firebase.build/Debug/FirebaseInstallations-t.build/Objects-normal/arm64/FIRInstallationsIDController.o -index-unit-output-path /Firebase.build/Debug/FirebaseInstallations-t.build/Objects-normal/arm64/FIRInstallationsIDController.o

ScanDependencies /Users/buddhirajgautam/Library/Developer/Xcode/DerivedData/Telegram-Mac-fygdgghdgmuleoelvxabfmqiotta/Build/Intermediates.noindex/Firebase.build/Debug/FirebaseInstallations-t.build/Objects-normal/arm64/FIRInstallationsErrorUtil.o /Users/buddhirajgautam/Library/Developer/Xcode/DerivedData/Telegram-Mac-fygdgghdgmuleoelvxabfmqiotta/SourcePackages/checkouts/firebase-ios-sdk/FirebaseInstallations/Source/Library/Errors/FIRInstallationsErrorUtil.m normal arm64 objective-c com.apple.compilers.llvm.clang.1_0.compiler (in target 'FirebaseInstallations' from project 'Firebase')
    cd /Users/buddhirajgautam/Documents/Cherrygram-Mac/macOS-Swift
    
    Using response file: /Users/buddhirajgautam/Library/Developer/Xcode/DerivedData/Telegram-Mac-fygdgghdgmuleoelvxabfmqiotta/Build/Intermediates.noindex/Firebase.build/Debug/FirebaseInstallations-t.build/Objects-normal/arm64/e6072d4f65d7061329687fe24e3d63a7-common-args.resp
    
    builtin-ScanDependencies -o /Users/buddhirajgautam/Library/Developer/Xcode/DerivedData/Telegram-Mac-fygdgghdgmuleoelvxabfmqiotta/Build/Intermediates.noindex/Firebase.build/Debug/FirebaseInstallations-t.build/Objects-normal/arm64/FIRInstallationsErrorUtil.o.scan -- /Applications/Xcode.app/Contents/Developer/Toolchains/XcodeDefault.xctoolchain/usr/bin/clang -x objective-c -ivfsstatcache /Users/buddhirajgautam/Library/Developer/Xcode/DerivedData/SDKStatCaches.noindex/macosx27.0-26A425-e829b21a6f8c9b70876ba0858053c0447231f6df4def33e022ae2eb8f782df1a.sdkstatcache -target arm64-apple-macos12.0 -fmessage-length\=0 -fdiagnostics-show-note-include-stack -fmacro-backtrace-limit\=0 -fno-color-diagnostics -fmodules-prune-interval\=86400 -fmodules-prune-after\=345600 -fbuild-session-file\=/Users/buddhirajgautam/Library/Developer/Xcode/DerivedData/ModuleCache.noindex/Session.modulevalidation -fmodules-validate-once-per-build-session -Wnon-modular-include-in-framework-module -Werror\=non-modular-include-in-framework-module -Wno-trigraphs -Wno-missing-field-initializers -Wno-missing-prototypes -Wno-return-type -Wno-implicit-atomic-properties -Wno-objc-interface-ivars -Wno-arc-repeated-use-of-weak -Wno-missing-braces -Wparentheses -Wswitch -Wno-unused-function -Wno-unused-label -Wno-unused-parameter -Wno-unused-variable -Wunused-value -Wno-empty-body -Wno-uninitialized -Wno-unknown-pragmas -w -Wno-shadow -Wno-four-char-constants -Wno-conversion -Wno-constant-conversion -Wno-int-conversion -Wno-bool-conversion -Wno-enum-conversion -Wno-float-conversion -Wno-non-literal-null-conversion -Wno-objc-literal-conversion -Wshorten-64-to-32 -Wpointer-sign -Wno-newline-eof -Wno-selector -Wno-strict-selector-match -Wno-undeclared-selector -Wno-deprecated-implementations -Wno-implicit-fallthrough -isysroot /Applications/Xcode.app/Contents/Developer/Platforms/MacOSX.platform/Developer/SDKs/MacOSX27.0.sdk -fstrict-aliasing -Wprotocol -Wdeprecated-declarations -Wno-sign-conversion -Wno-infinite-recursion -Wno-comma -Wno-block-capture-autoreleasing -Wno-strict-prototypes -Wno-semicolon-before-method-body -index-store-path /Users/buddhirajgautam/Library/Developer/Xcode/DerivedData/Telegram-Mac-fygdgghdgmuleoelvxabfmqiotta/Index.noindex/DataStore @/Users/buddhirajgautam/Library/Developer/Xcode/DerivedData/Telegram-Mac-fygdgghdgmuleoelvxabfmqiotta/Build/Intermediates.noindex/Firebase.build/Debug/FirebaseInstallations-t.build/Objects-normal/arm64/e6072d4f65d7061329687fe24e3d63a7-common-args.resp -MMD -MT dependencies -MF /Users/buddhirajgautam/Library/Developer/Xcode/DerivedData/Telegram-Mac-fygdgghdgmuleoelvxabfmqiotta/Build/Intermediates.noindex/Firebase.build/Debug/FirebaseInstallations-t.build/Objects-normal/arm64/FIRInstallationsErrorUtil.d --serialize-diagnostics /Users/buddhirajgautam/Library/Developer/Xcode/DerivedData/Telegram-Mac-fygdgghdgmuleoelvxabfmqiotta/Build/Intermediates.noindex/Firebase.build/Debug/FirebaseInstallations-t.build/Objects-normal/arm64/FIRInstallationsErrorUtil.dia -c /Users/buddhirajgautam/Library/Developer/Xcode/DerivedData/Telegram-Mac-fygdgghdgmuleoelvxabfmqiotta/SourcePackages/checkouts/firebase-ios-sdk/FirebaseInstallations/Source/Library/Errors/FIRInstallationsErrorUtil.m -o /Users/buddhirajgautam/Library/Developer/Xcode/DerivedData/Telegram-Mac-fygdgghdgmuleoelvxabfmqiotta/Build/Intermediates.noindex/Firebase.build/Debug/FirebaseInstallations-t.build/Objects-normal/arm64/FIRInstallationsErrorUtil.o -index-unit-output-path /Firebase.build/Debug/FirebaseInstallations-t.build/Objects-normal/arm64/FIRInstallationsErrorUtil.o

CompileC /Users/buddhirajgautam/Library/Developer/Xcode/DerivedData/Telegram-Mac-fygdgghdgmuleoelvxabfmqiotta/Build/Intermediates.noindex/Firebase.build/Debug/FirebaseInstallations-t.build/Objects-normal/arm64/FIRInstallationsIIDStore.o /Users/buddhirajgautam/Library/Developer/Xcode/DerivedData/Telegram-Mac-fygdgghdgmuleoelvxabfmqiotta/SourcePackages/checkouts/firebase-ios-sdk/FirebaseInstallations/Source/Library/IIDMigration/FIRInstallationsIIDStore.m normal arm64 objective-c com.apple.compilers.llvm.clang.1_0.compiler (in target 'FirebaseInstallations' from project 'Firebase')
    cd /Users/buddhirajgautam/Documents/Cherrygram-Mac/macOS-Swift
    
    Using response file: /Users/buddhirajgautam/Library/Developer/Xcode/DerivedData/Telegram-Mac-fygdgghdgmuleoelvxabfmqiotta/Build/Intermediates.noindex/Firebase.build/Debug/FirebaseInstallations-t.build/Objects-normal/arm64/e6072d4f65d7061329687fe24e3d63a7-common-args.resp
    
    /Applications/Xcode.app/Contents/Developer/Toolchains/XcodeDefault.xctoolchain/usr/bin/clang -x objective-c -ivfsstatcache /Users/buddhirajgautam/Library/Developer/Xcode/DerivedData/SDKStatCaches.noindex/macosx27.0-26A425-e829b21a6f8c9b70876ba0858053c0447231f6df4def33e022ae2eb8f782df1a.sdkstatcache -target arm64-apple-macos12.0 -fmessage-length\=0 -fdiagnostics-show-note-include-stack -fmacro-backtrace-limit\=0 -fno-color-diagnostics -fmodules-prune-interval\=86400 -fmodules-prune-after\=345600 -fbuild-session-file\=/Users/buddhirajgautam/Library/Developer/Xcode/DerivedData/ModuleCache.noindex/Session.modulevalidation -fmodules-validate-once-per-build-session -Wnon-modular-include-in-framework-module -Werror\=non-modular-include-in-framework-module -Wno-trigraphs -Wno-missing-field-initializers -Wno-missing-prototypes -Wno-return-type -Wno-implicit-atomic-properties -Wno-objc-interface-ivars -Wno-arc-repeated-use-of-weak -Wno-missing-braces -Wparentheses -Wswitch -Wno-unused-function -Wno-unused-label -Wno-unused-parameter -Wno-unused-variable -Wunused-value -Wno-empty-body -Wno-uninitialized -Wno-unknown-pragmas -w -Wno-shadow -Wno-four-char-constants -Wno-conversion -Wno-constant-conversion -Wno-int-conversion -Wno-bool-conversion -Wno-enum-conversion -Wno-float-conversion -Wno-non-literal-null-conversion -Wno-objc-literal-conversion -Wshorten-64-to-32 -Wpointer-sign -Wno-newline-eof -Wno-selector -Wno-strict-selector-match -Wno-undeclared-selector -Wno-deprecated-implementations -Wno-implicit-fallthrough -isysroot /Applications/Xcode.app/Contents/Developer/Platforms/MacOSX.platform/Developer/SDKs/MacOSX27.0.sdk -fstrict-aliasing -Wprotocol -Wdeprecated-declarations -Wno-sign-conversion -Wno-infinite-recursion -Wno-comma -Wno-block-capture-autoreleasing -Wno-strict-prototypes -Wno-semicolon-before-method-body -index-store-path /Users/buddhirajgautam/Library/Developer/Xcode/DerivedData/Telegram-Mac-fygdgghdgmuleoelvxabfmqiotta/Index.noindex/DataStore @/Users/buddhirajgautam/Library/Developer/Xcode/DerivedData/Telegram-Mac-fygdgghdgmuleoelvxabfmqiotta/Build/Intermediates.noindex/Firebase.build/Debug/FirebaseInstallations-t.build/Objects-normal/arm64/e6072d4f65d7061329687fe24e3d63a7-common-args.resp -MMD -MT dependencies -MF /Users/buddhirajgautam/Library/Developer/Xcode/DerivedData/Telegram-Mac-fygdgghdgmuleoelvxabfmqiotta/Build/Intermediates.noindex/Firebase.build/Debug/FirebaseInstallations-t.build/Objects-normal/arm64/FIRInstallationsIIDStore.d --serialize-diagnostics /Users/buddhirajgautam/Library/Developer/Xcode/DerivedData/Telegram-Mac-fygdgghdgmuleoelvxabfmqiotta/Build/Intermediates.noindex/Firebase.build/Debug/FirebaseInstallations-t.build/Objects-normal/arm64/FIRInstallationsIIDStore.dia -c /Users/buddhirajgautam/Library/Developer/Xcode/DerivedData/Telegram-Mac-fygdgghdgmuleoelvxabfmqiotta/SourcePackages/checkouts/firebase-ios-sdk/FirebaseInstallations/Source/Library/IIDMigration/FIRInstallationsIIDStore.m -o /Users/buddhirajgautam/Library/Developer/Xcode/DerivedData/Telegram-Mac-fygdgghdgmuleoelvxabfmqiotta/Build/Intermediates.noindex/Firebase.build/Debug/FirebaseInstallations-t.build/Objects-normal/arm64/FIRInstallationsIIDStore.o -index-unit-output-path /Firebase.build/Debug/FirebaseInstallations-t.build/Objects-normal/arm64/FIRInstallationsIIDStore.o

ScanDependencies /Users/buddhirajgautam/Library/Developer/Xcode/DerivedData/Telegram-Mac-fygdgghdgmuleoelvxabfmqiotta/Build/Intermediates.noindex/Firebase.build/Debug/FirebaseInstallations-t.build/Objects-normal/arm64/FIRInstallationsBackoffController.o /Users/buddhirajgautam/Library/Developer/Xcode/DerivedData/Telegram-Mac-fygdgghdgmuleoelvxabfmqiotta/SourcePackages/checkouts/firebase-ios-sdk/FirebaseInstallations/Source/Library/InstallationsIDController/FIRInstallationsBackoffController.m normal arm64 objective-c com.apple.compilers.llvm.clang.1_0.compiler (in target 'FirebaseInstallations' from project 'Firebase')
    cd /Users/buddhirajgautam/Documents/Cherrygram-Mac/macOS-Swift
    
    Using response file: /Users/buddhirajgautam/Library/Developer/Xcode/DerivedData/Telegram-Mac-fygdgghdgmuleoelvxabfmqiotta/Build/Intermediates.noindex/Firebase.build/Debug/FirebaseInstallations-t.build/Objects-normal/arm64/e6072d4f65d7061329687fe24e3d63a7-common-args.resp
    
    builtin-ScanDependencies -o /Users/buddhirajgautam/Library/Developer/Xcode/DerivedData/Telegram-Mac-fygdgghdgmuleoelvxabfmqiotta/Build/Intermediates.noindex/Firebase.build/Debug/FirebaseInstallations-t.build/Objects-normal/arm64/FIRInstallationsBackoffController.o.scan -- /Applications/Xcode.app/Contents/Developer/Toolchains/XcodeDefault.xctoolchain/usr/bin/clang -x objective-c -ivfsstatcache /Users/buddhirajgautam/Library/Developer/Xcode/DerivedData/SDKStatCaches.noindex/macosx27.0-26A425-e829b21a6f8c9b70876ba0858053c0447231f6df4def33e022ae2eb8f782df1a.sdkstatcache -target arm64-apple-macos12.0 -fmessage-length\=0 -fdiagnostics-show-note-include-stack -fmacro-backtrace-limit\=0 -fno-color-diagnostics -fmodules-prune-interval\=86400 -fmodules-prune-after\=345600 -fbuild-session-file\=/Users/buddhirajgautam/Library/Developer/Xcode/DerivedData/ModuleCache.noindex/Session.modulevalidation -fmodules-validate-once-per-build-session -Wnon-modular-include-in-framework-module -Werror\=non-modular-include-in-framework-module -Wno-trigraphs -Wno-missing-field-initializers -Wno-missing-prototypes -Wno-return-type -Wno-implicit-atomic-properties -Wno-objc-interface-ivars -Wno-arc-repeated-use-of-weak -Wno-missing-braces -Wparentheses -Wswitch -Wno-unused-function -Wno-unused-label -Wno-unused-parameter -Wno-unused-variable -Wunused-value -Wno-empty-body -Wno-uninitialized -Wno-unknown-pragmas -w -Wno-shadow -Wno-four-char-constants -Wno-conversion -Wno-constant-conversion -Wno-int-conversion -Wno-bool-conversion -Wno-enum-conversion -Wno-float-conversion -Wno-non-literal-null-conversion -Wno-objc-literal-conversion -Wshorten-64-to-32 -Wpointer-sign -Wno-newline-eof -Wno-selector -Wno-strict-selector-match -Wno-undeclared-selector -Wno-deprecated-implementations -Wno-implicit-fallthrough -isysroot /Applications/Xcode.app/Contents/Developer/Platforms/MacOSX.platform/Developer/SDKs/MacOSX27.0.sdk -fstrict-aliasing -Wprotocol -Wdeprecated-declarations -Wno-sign-conversion -Wno-infinite-recursion -Wno-comma -Wno-block-capture-autoreleasing -Wno-strict-prototypes -Wno-semicolon-before-method-body -index-store-path /Users/buddhirajgautam/Library/Developer/Xcode/DerivedData/Telegram-Mac-fygdgghdgmuleoelvxabfmqiotta/Index.noindex/DataStore @/Users/buddhirajgautam/Library/Developer/Xcode/DerivedData/Telegram-Mac-fygdgghdgmuleoelvxabfmqiotta/Build/Intermediates.noindex/Firebase.build/Debug/FirebaseInstallations-t.build/Objects-normal/arm64/e6072d4f65d7061329687fe24e3d63a7-common-args.resp -MMD -MT dependencies -MF /Users/buddhirajgautam/Library/Developer/Xcode/DerivedData/Telegram-Mac-fygdgghdgmuleoelvxabfmqiotta/Build/Intermediates.noindex/Firebase.build/Debug/FirebaseInstallations-t.build/Objects-normal/arm64/FIRInstallationsBackoffController.d --serialize-diagnostics /Users/buddhirajgautam/Library/Developer/Xcode/DerivedData/Telegram-Mac-fygdgghdgmuleoelvxabfmqiotta/Build/Intermediates.noindex/Firebase.build/Debug/FirebaseInstallations-t.build/Objects-normal/arm64/FIRInstallationsBackoffController.dia -c /Users/buddhirajgautam/Library/Developer/Xcode/DerivedData/Telegram-Mac-fygdgghdgmuleoelvxabfmqiotta/SourcePackages/checkouts/firebase-ios-sdk/FirebaseInstallations/Source/Library/InstallationsIDController/FIRInstallationsBackoffController.m -o /Users/buddhirajgautam/Library/Developer/Xcode/DerivedData/Telegram-Mac-fygdgghdgmuleoelvxabfmqiotta/Build/Intermediates.noindex/Firebase.build/Debug/FirebaseInstallations-t.build/Objects-normal/arm64/FIRInstallationsBackoffController.o -index-unit-output-path /Firebase.build/Debug/FirebaseInstallations-t.build/Objects-normal/arm64/FIRInstallationsBackoffController.o

CompileC /Users/buddhirajgautam/Library/Developer/Xcode/DerivedData/Telegram-Mac-fygdgghdgmuleoelvxabfmqiotta/Build/Intermediates.noindex/Firebase.build/Debug/FirebaseInstallations-t.build/Objects-normal/arm64/FIRInstallationsHTTPError.o /Users/buddhirajgautam/Library/Developer/Xcode/DerivedData/Telegram-Mac-fygdgghdgmuleoelvxabfmqiotta/SourcePackages/checkouts/firebase-ios-sdk/FirebaseInstallations/Source/Library/Errors/FIRInstallationsHTTPError.m normal arm64 objective-c com.apple.compilers.llvm.clang.1_0.compiler (in target 'FirebaseInstallations' from project 'Firebase')
    cd /Users/buddhirajgautam/Documents/Cherrygram-Mac/macOS-Swift
    
    Using response file: /Users/buddhirajgautam/Library/Developer/Xcode/DerivedData/Telegram-Mac-fygdgghdgmuleoelvxabfmqiotta/Build/Intermediates.noindex/Firebase.build/Debug/FirebaseInstallations-t.build/Objects-normal/arm64/e6072d4f65d7061329687fe24e3d63a7-common-args.resp
    
    /Applications/Xcode.app/Contents/Developer/Toolchains/XcodeDefault.xctoolchain/usr/bin/clang -x objective-c -ivfsstatcache /Users/buddhirajgautam/Library/Developer/Xcode/DerivedData/SDKStatCaches.noindex/macosx27.0-26A425-e829b21a6f8c9b70876ba0858053c0447231f6df4def33e022ae2eb8f782df1a.sdkstatcache -target arm64-apple-macos12.0 -fmessage-length\=0 -fdiagnostics-show-note-include-stack -fmacro-backtrace-limit\=0 -fno-color-diagnostics -fmodules-prune-interval\=86400 -fmodules-prune-after\=345600 -fbuild-session-file\=/Users/buddhirajgautam/Library/Developer/Xcode/DerivedData/ModuleCache.noindex/Session.modulevalidation -fmodules-validate-once-per-build-session -Wnon-modular-include-in-framework-module -Werror\=non-modular-include-in-framework-module -Wno-trigraphs -Wno-missing-field-initializers -Wno-missing-prototypes -Wno-return-type -Wno-implicit-atomic-properties -Wno-objc-interface-ivars -Wno-arc-repeated-use-of-weak -Wno-missing-braces -Wparentheses -Wswitch -Wno-unused-function -Wno-unused-label -Wno-unused-parameter -Wno-unused-variable -Wunused-value -Wno-empty-body -Wno-uninitialized -Wno-unknown-pragmas -w -Wno-shadow -Wno-four-char-constants -Wno-conversion -Wno-constant-conversion -Wno-int-conversion -Wno-bool-conversion -Wno-enum-conversion -Wno-float-conversion -Wno-non-literal-null-conversion -Wno-objc-literal-conversion -Wshorten-64-to-32 -Wpointer-sign -Wno-newline-eof -Wno-selector -Wno-strict-selector-match -Wno-undeclared-selector -Wno-deprecated-implementations -Wno-implicit-fallthrough -isysroot /Applications/Xcode.app/Contents/Developer/Platforms/MacOSX.platform/Developer/SDKs/MacOSX27.0.sdk -fstrict-aliasing -Wprotocol -Wdeprecated-declarations -Wno-sign-conversion -Wno-infinite-recursion -Wno-comma -Wno-block-capture-autoreleasing -Wno-strict-prototypes -Wno-semicolon-before-method-body -index-store-path /Users/buddhirajgautam/Library/Developer/Xcode/DerivedData/Telegram-Mac-fygdgghdgmuleoelvxabfmqiotta/Index.noindex/DataStore @/Users/buddhirajgautam/Library/Developer/Xcode/DerivedData/Telegram-Mac-fygdgghdgmuleoelvxabfmqiotta/Build/Intermediates.noindex/Firebase.build/Debug/FirebaseInstallations-t.build/Objects-normal/arm64/e6072d4f65d7061329687fe24e3d63a7-common-args.resp -MMD -MT dependencies -MF /Users/buddhirajgautam/Library/Developer/Xcode/DerivedData/Telegram-Mac-fygdgghdgmuleoelvxabfmqiotta/Build/Intermediates.noindex/Firebase.build/Debug/FirebaseInstallations-t.build/Objects-normal/arm64/FIRInstallationsHTTPError.d --serialize-diagnostics /Users/buddhirajgautam/Library/Developer/Xcode/DerivedData/Telegram-Mac-fygdgghdgmuleoelvxabfmqiotta/Build/Intermediates.noindex/Firebase.build/Debug/FirebaseInstallations-t.build/Objects-normal/arm64/FIRInstallationsHTTPError.dia -c /Users/buddhirajgautam/Library/Developer/Xcode/DerivedData/Telegram-Mac-fygdgghdgmuleoelvxabfmqiotta/SourcePackages/checkouts/firebase-ios-sdk/FirebaseInstallations/Source/Library/Errors/FIRInstallationsHTTPError.m -o /Users/buddhirajgautam/Library/Developer/Xcode/DerivedData/Telegram-Mac-fygdgghdgmuleoelvxabfmqiotta/Build/Intermediates.noindex/Firebase.build/Debug/FirebaseInstallations-t.build/Objects-normal/arm64/FIRInstallationsHTTPError.o -index-unit-output-path /Firebase.build/Debug/FirebaseInstallations-t.build/Objects-normal/arm64/FIRInstallationsHTTPError.o

PrecompileModule /Users/buddhirajgautam/Library/Developer/Xcode/DerivedData/Telegram-Mac-fygdgghdgmuleoelvxabfmqiotta/Build/Intermediates.noindex/ExplicitPrecompiledModules/CoreData-6I1W2TK8HEHZP34VCHMA5DB61.scan
    cd /
    builtin-precompileModule /Users/buddhirajgautam/Library/Developer/Xcode/DerivedData/Telegram-Mac-fygdgghdgmuleoelvxabfmqiotta/Build/Intermediates.noindex/ExplicitPrecompiledModules/CoreData-6I1W2TK8HEHZP34VCHMA5DB61.scan

CompileC /Users/buddhirajgautam/Library/Developer/Xcode/DerivedData/Telegram-Mac-fygdgghdgmuleoelvxabfmqiotta/Build/Intermediates.noindex/Firebase.build/Debug/FirebaseInstallations-t.build/Objects-normal/arm64/FIRInstallationsErrorUtil.o /Users/buddhirajgautam/Library/Developer/Xcode/DerivedData/Telegram-Mac-fygdgghdgmuleoelvxabfmqiotta/SourcePackages/checkouts/firebase-ios-sdk/FirebaseInstallations/Source/Library/Errors/FIRInstallationsErrorUtil.m normal arm64 objective-c com.apple.compilers.llvm.clang.1_0.compiler (in target 'FirebaseInstallations' from project 'Firebase')
    cd /Users/buddhirajgautam/Documents/Cherrygram-Mac/macOS-Swift
    
    Using response file: /Users/buddhirajgautam/Library/Developer/Xcode/DerivedData/Telegram-Mac-fygdgghdgmuleoelvxabfmqiotta/Build/Intermediates.noindex/Firebase.build/Debug/FirebaseInstallations-t.build/Objects-normal/arm64/e6072d4f65d7061329687fe24e3d63a7-common-args.resp
    
    /Applications/Xcode.app/Contents/Developer/Toolchains/XcodeDefault.xctoolchain/usr/bin/clang -x objective-c -ivfsstatcache /Users/buddhirajgautam/Library/Developer/Xcode/DerivedData/SDKStatCaches.noindex/macosx27.0-26A425-e829b21a6f8c9b70876ba0858053c0447231f6df4def33e022ae2eb8f782df1a.sdkstatcache -target arm64-apple-macos12.0 -fmessage-length\=0 -fdiagnostics-show-note-include-stack -fmacro-backtrace-limit\=0 -fno-color-diagnostics -fmodules-prune-interval\=86400 -fmodules-prune-after\=345600 -fbuild-session-file\=/Users/buddhirajgautam/Library/Developer/Xcode/DerivedData/ModuleCache.noindex/Session.modulevalidation -fmodules-validate-once-per-build-session -Wnon-modular-include-in-framework-module -Werror\=non-modular-include-in-framework-module -Wno-trigraphs -Wno-missing-field-initializers -Wno-missing-prototypes -Wno-return-type -Wno-implicit-atomic-properties -Wno-objc-interface-ivars -Wno-arc-repeated-use-of-weak -Wno-missing-braces -Wparentheses -Wswitch -Wno-unused-function -Wno-unused-label -Wno-unused-parameter -Wno-unused-variable -Wunused-value -Wno-empty-body -Wno-uninitialized -Wno-unknown-pragmas -w -Wno-shadow -Wno-four-char-constants -Wno-conversion -Wno-constant-conversion -Wno-int-conversion -Wno-bool-conversion -Wno-enum-conversion -Wno-float-conversion -Wno-non-literal-null-conversion -Wno-objc-literal-conversion -Wshorten-64-to-32 -Wpointer-sign -Wno-newline-eof -Wno-selector -Wno-strict-selector-match -Wno-undeclared-selector -Wno-deprecated-implementations -Wno-implicit-fallthrough -isysroot /Applications/Xcode.app/Contents/Developer/Platforms/MacOSX.platform/Developer/SDKs/MacOSX27.0.sdk -fstrict-aliasing -Wprotocol -Wdeprecated-declarations -Wno-sign-conversion -Wno-infinite-recursion -Wno-comma -Wno-block-capture-autoreleasing -Wno-strict-prototypes -Wno-semicolon-before-method-body -index-store-path /Users/buddhirajgautam/Library/Developer/Xcode/DerivedData/Telegram-Mac-fygdgghdgmuleoelvxabfmqiotta/Index.noindex/DataStore @/Users/buddhirajgautam/Library/Developer/Xcode/DerivedData/Telegram-Mac-fygdgghdgmuleoelvxabfmqiotta/Build/Intermediates.noindex/Firebase.build/Debug/FirebaseInstallations-t.build/Objects-normal/arm64/e6072d4f65d7061329687fe24e3d63a7-common-args.resp -MMD -MT dependencies -MF /Users/buddhirajgautam/Library/Developer/Xcode/DerivedData/Telegram-Mac-fygdgghdgmuleoelvxabfmqiotta/Build/Intermediates.noindex/Firebase.build/Debug/FirebaseInstallations-t.build/Objects-normal/arm64/FIRInstallationsErrorUtil.d --serialize-diagnostics /Users/buddhirajgautam/Library/Developer/Xcode/DerivedData/Telegram-Mac-fygdgghdgmuleoelvxabfmqiotta/Build/Intermediates.noindex/Firebase.build/Debug/FirebaseInstallations-t.build/Objects-normal/arm64/FIRInstallationsErrorUtil.dia -c /Users/buddhirajgautam/Library/Developer/Xcode/DerivedData/Telegram-Mac-fygdgghdgmuleoelvxabfmqiotta/SourcePackages/checkouts/firebase-ios-sdk/FirebaseInstallations/Source/Library/Errors/FIRInstallationsErrorUtil.m -o /Users/buddhirajgautam/Library/Developer/Xcode/DerivedData/Telegram-Mac-fygdgghdgmuleoelvxabfmqiotta/Build/Intermediates.noindex/Firebase.build/Debug/FirebaseInstallations-t.build/Objects-normal/arm64/FIRInstallationsErrorUtil.o -index-unit-output-path /Firebase.build/Debug/FirebaseInstallations-t.build/Objects-normal/arm64/FIRInstallationsErrorUtil.o

CompileC /Users/buddhirajgautam/Library/Developer/Xcode/DerivedData/Telegram-Mac-fygdgghdgmuleoelvxabfmqiotta/Build/Intermediates.noindex/Firebase.build/Debug/FirebaseInstallations-t.build/Objects-normal/arm64/FIRInstallationsBackoffController.o /Users/buddhirajgautam/Library/Developer/Xcode/DerivedData/Telegram-Mac-fygdgghdgmuleoelvxabfmqiotta/SourcePackages/checkouts/firebase-ios-sdk/FirebaseInstallations/Source/Library/InstallationsIDController/FIRInstallationsBackoffController.m normal arm64 objective-c com.apple.compilers.llvm.clang.1_0.compiler (in target 'FirebaseInstallations' from project 'Firebase')
    cd /Users/buddhirajgautam/Documents/Cherrygram-Mac/macOS-Swift
    
    Using response file: /Users/buddhirajgautam/Library/Developer/Xcode/DerivedData/Telegram-Mac-fygdgghdgmuleoelvxabfmqiotta/Build/Intermediates.noindex/Firebase.build/Debug/FirebaseInstallations-t.build/Objects-normal/arm64/e6072d4f65d7061329687fe24e3d63a7-common-args.resp
    
    /Applications/Xcode.app/Contents/Developer/Toolchains/XcodeDefault.xctoolchain/usr/bin/clang -x objective-c -ivfsstatcache /Users/buddhirajgautam/Library/Developer/Xcode/DerivedData/SDKStatCaches.noindex/macosx27.0-26A425-e829b21a6f8c9b70876ba0858053c0447231f6df4def33e022ae2eb8f782df1a.sdkstatcache -target arm64-apple-macos12.0 -fmessage-length\=0 -fdiagnostics-show-note-include-stack -fmacro-backtrace-limit\=0 -fno-color-diagnostics -fmodules-prune-interval\=86400 -fmodules-prune-after\=345600 -fbuild-session-file\=/Users/buddhirajgautam/Library/Developer/Xcode/DerivedData/ModuleCache.noindex/Session.modulevalidation -fmodules-validate-once-per-build-session -Wnon-modular-include-in-framework-module -Werror\=non-modular-include-in-framework-module -Wno-trigraphs -Wno-missing-field-initializers -Wno-missing-prototypes -Wno-return-type -Wno-implicit-atomic-properties -Wno-objc-interface-ivars -Wno-arc-repeated-use-of-weak -Wno-missing-braces -Wparentheses -Wswitch -Wno-unused-function -Wno-unused-label -Wno-unused-parameter -Wno-unused-variable -Wunused-value -Wno-empty-body -Wno-uninitialized -Wno-unknown-pragmas -w -Wno-shadow -Wno-four-char-constants -Wno-conversion -Wno-constant-conversion -Wno-int-conversion -Wno-bool-conversion -Wno-enum-conversion -Wno-float-conversion -Wno-non-literal-null-conversion -Wno-objc-literal-conversion -Wshorten-64-to-32 -Wpointer-sign -Wno-newline-eof -Wno-selector -Wno-strict-selector-match -Wno-undeclared-selector -Wno-deprecated-implementations -Wno-implicit-fallthrough -isysroot /Applications/Xcode.app/Contents/Developer/Platforms/MacOSX.platform/Developer/SDKs/MacOSX27.0.sdk -fstrict-aliasing -Wprotocol -Wdeprecated-declarations -Wno-sign-conversion -Wno-infinite-recursion -Wno-comma -Wno-block-capture-autoreleasing -Wno-strict-prototypes -Wno-semicolon-before-method-body -index-store-path /Users/buddhirajgautam/Library/Developer/Xcode/DerivedData/Telegram-Mac-fygdgghdgmuleoelvxabfmqiotta/Index.noindex/DataStore @/Users/buddhirajgautam/Library/Developer/Xcode/DerivedData/Telegram-Mac-fygdgghdgmuleoelvxabfmqiotta/Build/Intermediates.noindex/Firebase.build/Debug/FirebaseInstallations-t.build/Objects-normal/arm64/e6072d4f65d7061329687fe24e3d63a7-common-args.resp -MMD -MT dependencies -MF /Users/buddhirajgautam/Library/Developer/Xcode/DerivedData/Telegram-Mac-fygdgghdgmuleoelvxabfmqiotta/Build/Intermediates.noindex/Firebase.build/Debug/FirebaseInstallations-t.build/Objects-normal/arm64/FIRInstallationsBackoffController.d --serialize-diagnostics /Users/buddhirajgautam/Library/Developer/Xcode/DerivedData/Telegram-Mac-fygdgghdgmuleoelvxabfmqiotta/Build/Intermediates.noindex/Firebase.build/Debug/FirebaseInstallations-t.build/Objects-normal/arm64/FIRInstallationsBackoffController.dia -c /Users/buddhirajgautam/Library/Developer/Xcode/DerivedData/Telegram-Mac-fygdgghdgmuleoelvxabfmqiotta/SourcePackages/checkouts/firebase-ios-sdk/FirebaseInstallations/Source/Library/InstallationsIDController/FIRInstallationsBackoffController.m -o /Users/buddhirajgautam/Library/Developer/Xcode/DerivedData/Telegram-Mac-fygdgghdgmuleoelvxabfmqiotta/Build/Intermediates.noindex/Firebase.build/Debug/FirebaseInstallations-t.build/Objects-normal/arm64/FIRInstallationsBackoffController.o -index-unit-output-path /Firebase.build/Debug/FirebaseInstallations-t.build/Objects-normal/arm64/FIRInstallationsBackoffController.o

PrecompileModule /Users/buddhirajgautam/Library/Developer/Xcode/DerivedData/Telegram-Mac-fygdgghdgmuleoelvxabfmqiotta/Build/Intermediates.noindex/ExplicitPrecompiledModules/QuartzCore-DE2LVPDH4ZQPHVI5TOFDDEZQR.scan
    cd /
    builtin-precompileModule /Users/buddhirajgautam/Library/Developer/Xcode/DerivedData/Telegram-Mac-fygdgghdgmuleoelvxabfmqiotta/Build/Intermediates.noindex/ExplicitPrecompiledModules/QuartzCore-DE2LVPDH4ZQPHVI5TOFDDEZQR.scan

PrecompileModule /Users/buddhirajgautam/Library/Developer/Xcode/DerivedData/Telegram-Mac-fygdgghdgmuleoelvxabfmqiotta/Build/Intermediates.noindex/ExplicitPrecompiledModules/CoreImage-AUL3EKNBVSZ77BX8QAKTSNF0.scan
    cd /
    builtin-precompileModule /Users/buddhirajgautam/Library/Developer/Xcode/DerivedData/Telegram-Mac-fygdgghdgmuleoelvxabfmqiotta/Build/Intermediates.noindex/ExplicitPrecompiledModules/CoreImage-AUL3EKNBVSZ77BX8QAKTSNF0.scan

ScanDependencies /Users/buddhirajgautam/Library/Developer/Xcode/DerivedData/Telegram-Mac-fygdgghdgmuleoelvxabfmqiotta/Build/Intermediates.noindex/Firebase.build/Debug/FirebaseInstallations-t.build/Objects-normal/arm64/FIRInstallationsAuthTokenResult.o /Users/buddhirajgautam/Library/Developer/Xcode/DerivedData/Telegram-Mac-fygdgghdgmuleoelvxabfmqiotta/SourcePackages/checkouts/firebase-ios-sdk/FirebaseInstallations/Source/Library/FIRInstallationsAuthTokenResult.m normal arm64 objective-c com.apple.compilers.llvm.clang.1_0.compiler (in target 'FirebaseInstallations' from project 'Firebase')
    cd /Users/buddhirajgautam/Documents/Cherrygram-Mac/macOS-Swift
    
    Using response file: /Users/buddhirajgautam/Library/Developer/Xcode/DerivedData/Telegram-Mac-fygdgghdgmuleoelvxabfmqiotta/Build/Intermediates.noindex/Firebase.build/Debug/FirebaseInstallations-t.build/Objects-normal/arm64/e6072d4f65d7061329687fe24e3d63a7-common-args.resp
    
    builtin-ScanDependencies -o /Users/buddhirajgautam/Library/Developer/Xcode/DerivedData/Telegram-Mac-fygdgghdgmuleoelvxabfmqiotta/Build/Intermediates.noindex/Firebase.build/Debug/FirebaseInstallations-t.build/Objects-normal/arm64/FIRInstallationsAuthTokenResult.o.scan -- /Applications/Xcode.app/Contents/Developer/Toolchains/XcodeDefault.xctoolchain/usr/bin/clang -x objective-c -ivfsstatcache /Users/buddhirajgautam/Library/Developer/Xcode/DerivedData/SDKStatCaches.noindex/macosx27.0-26A425-e829b21a6f8c9b70876ba0858053c0447231f6df4def33e022ae2eb8f782df1a.sdkstatcache -target arm64-apple-macos12.0 -fmessage-length\=0 -fdiagnostics-show-note-include-stack -fmacro-backtrace-limit\=0 -fno-color-diagnostics -fmodules-prune-interval\=86400 -fmodules-prune-after\=345600 -fbuild-session-file\=/Users/buddhirajgautam/Library/Developer/Xcode/DerivedData/ModuleCache.noindex/Session.modulevalidation -fmodules-validate-once-per-build-session -Wnon-modular-include-in-framework-module -Werror\=non-modular-include-in-framework-module -Wno-trigraphs -Wno-missing-field-initializers -Wno-missing-prototypes -Wno-return-type -Wno-implicit-atomic-properties -Wno-objc-interface-ivars -Wno-arc-repeated-use-of-weak -Wno-missing-braces -Wparentheses -Wswitch -Wno-unused-function -Wno-unused-label -Wno-unused-parameter -Wno-unused-variable -Wunused-value -Wno-empty-body -Wno-uninitialized -Wno-unknown-pragmas -w -Wno-shadow -Wno-four-char-constants -Wno-conversion -Wno-constant-conversion -Wno-int-conversion -Wno-bool-conversion -Wno-enum-conversion -Wno-float-conversion -Wno-non-literal-null-conversion -Wno-objc-literal-conversion -Wshorten-64-to-32 -Wpointer-sign -Wno-newline-eof -Wno-selector -Wno-strict-selector-match -Wno-undeclared-selector -Wno-deprecated-implementations -Wno-implicit-fallthrough -isysroot /Applications/Xcode.app/Contents/Developer/Platforms/MacOSX.platform/Developer/SDKs/MacOSX27.0.sdk -fstrict-aliasing -Wprotocol -Wdeprecated-declarations -Wno-sign-conversion -Wno-infinite-recursion -Wno-comma -Wno-block-capture-autoreleasing -Wno-strict-prototypes -Wno-semicolon-before-method-body -index-store-path /Users/buddhirajgautam/Library/Developer/Xcode/DerivedData/Telegram-Mac-fygdgghdgmuleoelvxabfmqiotta/Index.noindex/DataStore @/Users/buddhirajgautam/Library/Developer/Xcode/DerivedData/Telegram-Mac-fygdgghdgmuleoelvxabfmqiotta/Build/Intermediates.noindex/Firebase.build/Debug/FirebaseInstallations-t.build/Objects-normal/arm64/e6072d4f65d7061329687fe24e3d63a7-common-args.resp -MMD -MT dependencies -MF /Users/buddhirajgautam/Library/Developer/Xcode/DerivedData/Telegram-Mac-fygdgghdgmuleoelvxabfmqiotta/Build/Intermediates.noindex/Firebase.build/Debug/FirebaseInstallations-t.build/Objects-normal/arm64/FIRInstallationsAuthTokenResult.d --serialize-diagnostics /Users/buddhirajgautam/Library/Developer/Xcode/DerivedData/Telegram-Mac-fygdgghdgmuleoelvxabfmqiotta/Build/Intermediates.noindex/Firebase.build/Debug/FirebaseInstallations-t.build/Objects-normal/arm64/FIRInstallationsAuthTokenResult.dia -c /Users/buddhirajgautam/Library/Developer/Xcode/DerivedData/Telegram-Mac-fygdgghdgmuleoelvxabfmqiotta/SourcePackages/checkouts/firebase-ios-sdk/FirebaseInstallations/Source/Library/FIRInstallationsAuthTokenResult.m -o /Users/buddhirajgautam/Library/Developer/Xcode/DerivedData/Telegram-Mac-fygdgghdgmuleoelvxabfmqiotta/Build/Intermediates.noindex/Firebase.build/Debug/FirebaseInstallations-t.build/Objects-normal/arm64/FIRInstallationsAuthTokenResult.o -index-unit-output-path /Firebase.build/Debug/FirebaseInstallations-t.build/Objects-normal/arm64/FIRInstallationsAuthTokenResult.o

ScanDependencies /Users/buddhirajgautam/Library/Developer/Xcode/DerivedData/Telegram-Mac-fygdgghdgmuleoelvxabfmqiotta/Build/Intermediates.noindex/Firebase.build/Debug/FirebaseInstallations-t.build/Objects-normal/arm64/FIRInstallationsAPIService.o /Users/buddhirajgautam/Library/Developer/Xcode/DerivedData/Telegram-Mac-fygdgghdgmuleoelvxabfmqiotta/SourcePackages/checkouts/firebase-ios-sdk/FirebaseInstallations/Source/Library/InstallationsAPI/FIRInstallationsAPIService.m normal arm64 objective-c com.apple.compilers.llvm.clang.1_0.compiler (in target 'FirebaseInstallations' from project 'Firebase')
    cd /Users/buddhirajgautam/Documents/Cherrygram-Mac/macOS-Swift
    
    Using response file: /Users/buddhirajgautam/Library/Developer/Xcode/DerivedData/Telegram-Mac-fygdgghdgmuleoelvxabfmqiotta/Build/Intermediates.noindex/Firebase.build/Debug/FirebaseInstallations-t.build/Objects-normal/arm64/e6072d4f65d7061329687fe24e3d63a7-common-args.resp
    
    builtin-ScanDependencies -o /Users/buddhirajgautam/Library/Developer/Xcode/DerivedData/Telegram-Mac-fygdgghdgmuleoelvxabfmqiotta/Build/Intermediates.noindex/Firebase.build/Debug/FirebaseInstallations-t.build/Objects-normal/arm64/FIRInstallationsAPIService.o.scan -- /Applications/Xcode.app/Contents/Developer/Toolchains/XcodeDefault.xctoolchain/usr/bin/clang -x objective-c -ivfsstatcache /Users/buddhirajgautam/Library/Developer/Xcode/DerivedData/SDKStatCaches.noindex/macosx27.0-26A425-e829b21a6f8c9b70876ba0858053c0447231f6df4def33e022ae2eb8f782df1a.sdkstatcache -target arm64-apple-macos12.0 -fmessage-length\=0 -fdiagnostics-show-note-include-stack -fmacro-backtrace-limit\=0 -fno-color-diagnostics -fmodules-prune-interval\=86400 -fmodules-prune-after\=345600 -fbuild-session-file\=/Users/buddhirajgautam/Library/Developer/Xcode/DerivedData/ModuleCache.noindex/Session.modulevalidation -fmodules-validate-once-per-build-session -Wnon-modular-include-in-framework-module -Werror\=non-modular-include-in-framework-module -Wno-trigraphs -Wno-missing-field-initializers -Wno-missing-prototypes -Wno-return-type -Wno-implicit-atomic-properties -Wno-objc-interface-ivars -Wno-arc-repeated-use-of-weak -Wno-missing-braces -Wparentheses -Wswitch -Wno-unused-function -Wno-unused-label -Wno-unused-parameter -Wno-unused-variable -Wunused-value -Wno-empty-body -Wno-uninitialized -Wno-unknown-pragmas -w -Wno-shadow -Wno-four-char-constants -Wno-conversion -Wno-constant-conversion -Wno-int-conversion -Wno-bool-conversion -Wno-enum-conversion -Wno-float-conversion -Wno-non-literal-null-conversion -Wno-objc-literal-conversion -Wshorten-64-to-32 -Wpointer-sign -Wno-newline-eof -Wno-selector -Wno-strict-selector-match -Wno-undeclared-selector -Wno-deprecated-implementations -Wno-implicit-fallthrough -isysroot /Applications/Xcode.app/Contents/Developer/Platforms/MacOSX.platform/Developer/SDKs/MacOSX27.0.sdk -fstrict-aliasing -Wprotocol -Wdeprecated-declarations -Wno-sign-conversion -Wno-infinite-recursion -Wno-comma -Wno-block-capture-autoreleasing -Wno-strict-prototypes -Wno-semicolon-before-method-body -index-store-path /Users/buddhirajgautam/Library/Developer/Xcode/DerivedData/Telegram-Mac-fygdgghdgmuleoelvxabfmqiotta/Index.noindex/DataStore @/Users/buddhirajgautam/Library/Developer/Xcode/DerivedData/Telegram-Mac-fygdgghdgmuleoelvxabfmqiotta/Build/Intermediates.noindex/Firebase.build/Debug/FirebaseInstallations-t.build/Objects-normal/arm64/e6072d4f65d7061329687fe24e3d63a7-common-args.resp -MMD -MT dependencies -MF /Users/buddhirajgautam/Library/Developer/Xcode/DerivedData/Telegram-Mac-fygdgghdgmuleoelvxabfmqiotta/Build/Intermediates.noindex/Firebase.build/Debug/FirebaseInstallations-t.build/Objects-normal/arm64/FIRInstallationsAPIService.d --serialize-diagnostics /Users/buddhirajgautam/Library/Developer/Xcode/DerivedData/Telegram-Mac-fygdgghdgmuleoelvxabfmqiotta/Build/Intermediates.noindex/Firebase.build/Debug/FirebaseInstallations-t.build/Objects-normal/arm64/FIRInstallationsAPIService.dia -c /Users/buddhirajgautam/Library/Developer/Xcode/DerivedData/Telegram-Mac-fygdgghdgmuleoelvxabfmqiotta/SourcePackages/checkouts/firebase-ios-sdk/FirebaseInstallations/Source/Library/InstallationsAPI/FIRInstallationsAPIService.m -o /Users/buddhirajgautam/Library/Developer/Xcode/DerivedData/Telegram-Mac-fygdgghdgmuleoelvxabfmqiotta/Build/Intermediates.noindex/Firebase.build/Debug/FirebaseInstallations-t.build/Objects-normal/arm64/FIRInstallationsAPIService.o -index-unit-output-path /Firebase.build/Debug/FirebaseInstallations-t.build/Objects-normal/arm64/FIRInstallationsAPIService.o

ScanDependencies /Users/buddhirajgautam/Library/Developer/Xcode/DerivedData/Telegram-Mac-fygdgghdgmuleoelvxabfmqiotta/Build/Intermediates.noindex/Firebase.build/Debug/FirebaseInstallations-t.build/Objects-normal/arm64/FIRInstallations.o /Users/buddhirajgautam/Library/Developer/Xcode/DerivedData/Telegram-Mac-fygdgghdgmuleoelvxabfmqiotta/SourcePackages/checkouts/firebase-ios-sdk/FirebaseInstallations/Source/Library/FIRInstallations.m normal arm64 objective-c com.apple.compilers.llvm.clang.1_0.compiler (in target 'FirebaseInstallations' from project 'Firebase')
    cd /Users/buddhirajgautam/Documents/Cherrygram-Mac/macOS-Swift
    
    Using response file: /Users/buddhirajgautam/Library/Developer/Xcode/DerivedData/Telegram-Mac-fygdgghdgmuleoelvxabfmqiotta/Build/Intermediates.noindex/Firebase.build/Debug/FirebaseInstallations-t.build/Objects-normal/arm64/e6072d4f65d7061329687fe24e3d63a7-common-args.resp
    
    builtin-ScanDependencies -o /Users/buddhirajgautam/Library/Developer/Xcode/DerivedData/Telegram-Mac-fygdgghdgmuleoelvxabfmqiotta/Build/Intermediates.noindex/Firebase.build/Debug/FirebaseInstallations-t.build/Objects-normal/arm64/FIRInstallations.o.scan -- /Applications/Xcode.app/Contents/Developer/Toolchains/XcodeDefault.xctoolchain/usr/bin/clang -x objective-c -ivfsstatcache /Users/buddhirajgautam/Library/Developer/Xcode/DerivedData/SDKStatCaches.noindex/macosx27.0-26A425-e829b21a6f8c9b70876ba0858053c0447231f6df4def33e022ae2eb8f782df1a.sdkstatcache -target arm64-apple-macos12.0 -fmessage-length\=0 -fdiagnostics-show-note-include-stack -fmacro-backtrace-limit\=0 -fno-color-diagnostics -fmodules-prune-interval\=86400 -fmodules-prune-after\=345600 -fbuild-session-file\=/Users/buddhirajgautam/Library/Developer/Xcode/DerivedData/ModuleCache.noindex/Session.modulevalidation -fmodules-validate-once-per-build-session -Wnon-modular-include-in-framework-module -Werror\=non-modular-include-in-framework-module -Wno-trigraphs -Wno-missing-field-initializers -Wno-missing-prototypes -Wno-return-type -Wno-implicit-atomic-properties -Wno-objc-interface-ivars -Wno-arc-repeated-use-of-weak -Wno-missing-braces -Wparentheses -Wswitch -Wno-unused-function -Wno-unused-label -Wno-unused-parameter -Wno-unused-variable -Wunused-value -Wno-empty-body -Wno-uninitialized -Wno-unknown-pragmas -w -Wno-shadow -Wno-four-char-constants -Wno-conversion -Wno-constant-conversion -Wno-int-conversion -Wno-bool-conversion -Wno-enum-conversion -Wno-float-conversion -Wno-non-literal-null-conversion -Wno-objc-literal-conversion -Wshorten-64-to-32 -Wpointer-sign -Wno-newline-eof -Wno-selector -Wno-strict-selector-match -Wno-undeclared-selector -Wno-deprecated-implementations -Wno-implicit-fallthrough -isysroot /Applications/Xcode.app/Contents/Developer/Platforms/MacOSX.platform/Developer/SDKs/MacOSX27.0.sdk -fstrict-aliasing -Wprotocol -Wdeprecated-declarations -Wno-sign-conversion -Wno-infinite-recursion -Wno-comma -Wno-block-capture-autoreleasing -Wno-strict-prototypes -Wno-semicolon-before-method-body -index-store-path /Users/buddhirajgautam/Library/Developer/Xcode/DerivedData/Telegram-Mac-fygdgghdgmuleoelvxabfmqiotta/Index.noindex/DataStore @/Users/buddhirajgautam/Library/Developer/Xcode/DerivedData/Telegram-Mac-fygdgghdgmuleoelvxabfmqiotta/Build/Intermediates.noindex/Firebase.build/Debug/FirebaseInstallations-t.build/Objects-normal/arm64/e6072d4f65d7061329687fe24e3d63a7-common-args.resp -MMD -MT dependencies -MF /Users/buddhirajgautam/Library/Developer/Xcode/DerivedData/Telegram-Mac-fygdgghdgmuleoelvxabfmqiotta/Build/Intermediates.noindex/Firebase.build/Debug/FirebaseInstallations-t.build/Objects-normal/arm64/FIRInstallations.d --serialize-diagnostics /Users/buddhirajgautam/Library/Developer/Xcode/DerivedData/Telegram-Mac-fygdgghdgmuleoelvxabfmqiotta/Build/Intermediates.noindex/Firebase.build/Debug/FirebaseInstallations-t.build/Objects-normal/arm64/FIRInstallations.dia -c /Users/buddhirajgautam/Library/Developer/Xcode/DerivedData/Telegram-Mac-fygdgghdgmuleoelvxabfmqiotta/SourcePackages/checkouts/firebase-ios-sdk/FirebaseInstallations/Source/Library/FIRInstallations.m -o /Users/buddhirajgautam/Library/Developer/Xcode/DerivedData/Telegram-Mac-fygdgghdgmuleoelvxabfmqiotta/Build/Intermediates.noindex/Firebase.build/Debug/FirebaseInstallations-t.build/Objects-normal/arm64/FIRInstallations.o -index-unit-output-path /Firebase.build/Debug/FirebaseInstallations-t.build/Objects-normal/arm64/FIRInstallations.o

ScanDependencies /Users/buddhirajgautam/Library/Developer/Xcode/DerivedData/Telegram-Mac-fygdgghdgmuleoelvxabfmqiotta/Build/Intermediates.noindex/Firebase.build/Debug/FirebaseInstallations-t.build/Objects-normal/arm64/FIRCurrentDateProvider.o /Users/buddhirajgautam/Library/Developer/Xcode/DerivedData/Telegram-Mac-fygdgghdgmuleoelvxabfmqiotta/SourcePackages/checkouts/firebase-ios-sdk/FirebaseInstallations/Source/Library/InstallationsIDController/FIRCurrentDateProvider.m normal arm64 objective-c com.apple.compilers.llvm.clang.1_0.compiler (in target 'FirebaseInstallations' from project 'Firebase')
    cd /Users/buddhirajgautam/Documents/Cherrygram-Mac/macOS-Swift
    
    Using response file: /Users/buddhirajgautam/Library/Developer/Xcode/DerivedData/Telegram-Mac-fygdgghdgmuleoelvxabfmqiotta/Build/Intermediates.noindex/Firebase.build/Debug/FirebaseInstallations-t.build/Objects-normal/arm64/e6072d4f65d7061329687fe24e3d63a7-common-args.resp
    
    builtin-ScanDependencies -o /Users/buddhirajgautam/Library/Developer/Xcode/DerivedData/Telegram-Mac-fygdgghdgmuleoelvxabfmqiotta/Build/Intermediates.noindex/Firebase.build/Debug/FirebaseInstallations-t.build/Objects-normal/arm64/FIRCurrentDateProvider.o.scan -- /Applications/Xcode.app/Contents/Developer/Toolchains/XcodeDefault.xctoolchain/usr/bin/clang -x objective-c -ivfsstatcache /Users/buddhirajgautam/Library/Developer/Xcode/DerivedData/SDKStatCaches.noindex/macosx27.0-26A425-e829b21a6f8c9b70876ba0858053c0447231f6df4def33e022ae2eb8f782df1a.sdkstatcache -target arm64-apple-macos12.0 -fmessage-length\=0 -fdiagnostics-show-note-include-stack -fmacro-backtrace-limit\=0 -fno-color-diagnostics -fmodules-prune-interval\=86400 -fmodules-prune-after\=345600 -fbuild-session-file\=/Users/buddhirajgautam/Library/Developer/Xcode/DerivedData/ModuleCache.noindex/Session.modulevalidation -fmodules-validate-once-per-build-session -Wnon-modular-include-in-framework-module -Werror\=non-modular-include-in-framework-module -Wno-trigraphs -Wno-missing-field-initializers -Wno-missing-prototypes -Wno-return-type -Wno-implicit-atomic-properties -Wno-objc-interface-ivars -Wno-arc-repeated-use-of-weak -Wno-missing-braces -Wparentheses -Wswitch -Wno-unused-function -Wno-unused-label -Wno-unused-parameter -Wno-unused-variable -Wunused-value -Wno-empty-body -Wno-uninitialized -Wno-unknown-pragmas -w -Wno-shadow -Wno-four-char-constants -Wno-conversion -Wno-constant-conversion -Wno-int-conversion -Wno-bool-conversion -Wno-enum-conversion -Wno-float-conversion -Wno-non-literal-null-conversion -Wno-objc-literal-conversion -Wshorten-64-to-32 -Wpointer-sign -Wno-newline-eof -Wno-selector -Wno-strict-selector-match -Wno-undeclared-selector -Wno-deprecated-implementations -Wno-implicit-fallthrough -isysroot /Applications/Xcode.app/Contents/Developer/Platforms/MacOSX.platform/Developer/SDKs/MacOSX27.0.sdk -fstrict-aliasing -Wprotocol -Wdeprecated-declarations -Wno-sign-conversion -Wno-infinite-recursion -Wno-comma -Wno-block-capture-autoreleasing -Wno-strict-prototypes -Wno-semicolon-before-method-body -index-store-path /Users/buddhirajgautam/Library/Developer/Xcode/DerivedData/Telegram-Mac-fygdgghdgmuleoelvxabfmqiotta/Index.noindex/DataStore @/Users/buddhirajgautam/Library/Developer/Xcode/DerivedData/Telegram-Mac-fygdgghdgmuleoelvxabfmqiotta/Build/Intermediates.noindex/Firebase.build/Debug/FirebaseInstallations-t.build/Objects-normal/arm64/e6072d4f65d7061329687fe24e3d63a7-common-args.resp -MMD -MT dependencies -MF /Users/buddhirajgautam/Library/Developer/Xcode/DerivedData/Telegram-Mac-fygdgghdgmuleoelvxabfmqiotta/Build/Intermediates.noindex/Firebase.build/Debug/FirebaseInstallations-t.build/Objects-normal/arm64/FIRCurrentDateProvider.d --serialize-diagnostics /Users/buddhirajgautam/Library/Developer/Xcode/DerivedData/Telegram-Mac-fygdgghdgmuleoelvxabfmqiotta/Build/Intermediates.noindex/Firebase.build/Debug/FirebaseInstallations-t.build/Objects-normal/arm64/FIRCurrentDateProvider.dia -c /Users/buddhirajgautam/Library/Developer/Xcode/DerivedData/Telegram-Mac-fygdgghdgmuleoelvxabfmqiotta/SourcePackages/checkouts/firebase-ios-sdk/FirebaseInstallations/Source/Library/InstallationsIDController/FIRCurrentDateProvider.m -o /Users/buddhirajgautam/Library/Developer/Xcode/DerivedData/Telegram-Mac-fygdgghdgmuleoelvxabfmqiotta/Build/Intermediates.noindex/Firebase.build/Debug/FirebaseInstallations-t.build/Objects-normal/arm64/FIRCurrentDateProvider.o -index-unit-output-path /Firebase.build/Debug/FirebaseInstallations-t.build/Objects-normal/arm64/FIRCurrentDateProvider.o

CompileC /Users/buddhirajgautam/Library/Developer/Xcode/DerivedData/Telegram-Mac-fygdgghdgmuleoelvxabfmqiotta/Build/Intermediates.noindex/Firebase.build/Debug/FirebaseInstallations-t.build/Objects-normal/arm64/FIRInstallationsAuthTokenResult.o /Users/buddhirajgautam/Library/Developer/Xcode/DerivedData/Telegram-Mac-fygdgghdgmuleoelvxabfmqiotta/SourcePackages/checkouts/firebase-ios-sdk/FirebaseInstallations/Source/Library/FIRInstallationsAuthTokenResult.m normal arm64 objective-c com.apple.compilers.llvm.clang.1_0.compiler (in target 'FirebaseInstallations' from project 'Firebase')
    cd /Users/buddhirajgautam/Documents/Cherrygram-Mac/macOS-Swift
    
    Using response file: /Users/buddhirajgautam/Library/Developer/Xcode/DerivedData/Telegram-Mac-fygdgghdgmuleoelvxabfmqiotta/Build/Intermediates.noindex/Firebase.build/Debug/FirebaseInstallations-t.build/Objects-normal/arm64/e6072d4f65d7061329687fe24e3d63a7-common-args.resp
    
    /Applications/Xcode.app/Contents/Developer/Toolchains/XcodeDefault.xctoolchain/usr/bin/clang -x objective-c -ivfsstatcache /Users/buddhirajgautam/Library/Developer/Xcode/DerivedData/SDKStatCaches.noindex/macosx27.0-26A425-e829b21a6f8c9b70876ba0858053c0447231f6df4def33e022ae2eb8f782df1a.sdkstatcache -target arm64-apple-macos12.0 -fmessage-length\=0 -fdiagnostics-show-note-include-stack -fmacro-backtrace-limit\=0 -fno-color-diagnostics -fmodules-prune-interval\=86400 -fmodules-prune-after\=345600 -fbuild-session-file\=/Users/buddhirajgautam/Library/Developer/Xcode/DerivedData/ModuleCache.noindex/Session.modulevalidation -fmodules-validate-once-per-build-session -Wnon-modular-include-in-framework-module -Werror\=non-modular-include-in-framework-module -Wno-trigraphs -Wno-missing-field-initializers -Wno-missing-prototypes -Wno-return-type -Wno-implicit-atomic-properties -Wno-objc-interface-ivars -Wno-arc-repeated-use-of-weak -Wno-missing-braces -Wparentheses -Wswitch -Wno-unused-function -Wno-unused-label -Wno-unused-parameter -Wno-unused-variable -Wunused-value -Wno-empty-body -Wno-uninitialized -Wno-unknown-pragmas -w -Wno-shadow -Wno-four-char-constants -Wno-conversion -Wno-constant-conversion -Wno-int-conversion -Wno-bool-conversion -Wno-enum-conversion -Wno-float-conversion -Wno-non-literal-null-conversion -Wno-objc-literal-conversion -Wshorten-64-to-32 -Wpointer-sign -Wno-newline-eof -Wno-selector -Wno-strict-selector-match -Wno-undeclared-selector -Wno-deprecated-implementations -Wno-implicit-fallthrough -isysroot /Applications/Xcode.app/Contents/Developer/Platforms/MacOSX.platform/Developer/SDKs/MacOSX27.0.sdk -fstrict-aliasing -Wprotocol -Wdeprecated-declarations -Wno-sign-conversion -Wno-infinite-recursion -Wno-comma -Wno-block-capture-autoreleasing -Wno-strict-prototypes -Wno-semicolon-before-method-body -index-store-path /Users/buddhirajgautam/Library/Developer/Xcode/DerivedData/Telegram-Mac-fygdgghdgmuleoelvxabfmqiotta/Index.noindex/DataStore @/Users/buddhirajgautam/Library/Developer/Xcode/DerivedData/Telegram-Mac-fygdgghdgmuleoelvxabfmqiotta/Build/Intermediates.noindex/Firebase.build/Debug/FirebaseInstallations-t.build/Objects-normal/arm64/e6072d4f65d7061329687fe24e3d63a7-common-args.resp -MMD -MT dependencies -MF /Users/buddhirajgautam/Library/Developer/Xcode/DerivedData/Telegram-Mac-fygdgghdgmuleoelvxabfmqiotta/Build/Intermediates.noindex/Firebase.build/Debug/FirebaseInstallations-t.build/Objects-normal/arm64/FIRInstallationsAuthTokenResult.d --serialize-diagnostics /Users/buddhirajgautam/Library/Developer/Xcode/DerivedData/Telegram-Mac-fygdgghdgmuleoelvxabfmqiotta/Build/Intermediates.noindex/Firebase.build/Debug/FirebaseInstallations-t.build/Objects-normal/arm64/FIRInstallationsAuthTokenResult.dia -c /Users/buddhirajgautam/Library/Developer/Xcode/DerivedData/Telegram-Mac-fygdgghdgmuleoelvxabfmqiotta/SourcePackages/checkouts/firebase-ios-sdk/FirebaseInstallations/Source/Library/FIRInstallationsAuthTokenResult.m -o /Users/buddhirajgautam/Library/Developer/Xcode/DerivedData/Telegram-Mac-fygdgghdgmuleoelvxabfmqiotta/Build/Intermediates.noindex/Firebase.build/Debug/FirebaseInstallations-t.build/Objects-normal/arm64/FIRInstallationsAuthTokenResult.o -index-unit-output-path /Firebase.build/Debug/FirebaseInstallations-t.build/Objects-normal/arm64/FIRInstallationsAuthTokenResult.o

CompileC /Users/buddhirajgautam/Library/Developer/Xcode/DerivedData/Telegram-Mac-fygdgghdgmuleoelvxabfmqiotta/Build/Intermediates.noindex/Firebase.build/Debug/FirebaseInstallations-t.build/Objects-normal/arm64/FIRInstallationsAPIService.o /Users/buddhirajgautam/Library/Developer/Xcode/DerivedData/Telegram-Mac-fygdgghdgmuleoelvxabfmqiotta/SourcePackages/checkouts/firebase-ios-sdk/FirebaseInstallations/Source/Library/InstallationsAPI/FIRInstallationsAPIService.m normal arm64 objective-c com.apple.compilers.llvm.clang.1_0.compiler (in target 'FirebaseInstallations' from project 'Firebase')
    cd /Users/buddhirajgautam/Documents/Cherrygram-Mac/macOS-Swift
    
    Using response file: /Users/buddhirajgautam/Library/Developer/Xcode/DerivedData/Telegram-Mac-fygdgghdgmuleoelvxabfmqiotta/Build/Intermediates.noindex/Firebase.build/Debug/FirebaseInstallations-t.build/Objects-normal/arm64/e6072d4f65d7061329687fe24e3d63a7-common-args.resp
    
    /Applications/Xcode.app/Contents/Developer/Toolchains/XcodeDefault.xctoolchain/usr/bin/clang -x objective-c -ivfsstatcache /Users/buddhirajgautam/Library/Developer/Xcode/DerivedData/SDKStatCaches.noindex/macosx27.0-26A425-e829b21a6f8c9b70876ba0858053c0447231f6df4def33e022ae2eb8f782df1a.sdkstatcache -target arm64-apple-macos12.0 -fmessage-length\=0 -fdiagnostics-show-note-include-stack -fmacro-backtrace-limit\=0 -fno-color-diagnostics -fmodules-prune-interval\=86400 -fmodules-prune-after\=345600 -fbuild-session-file\=/Users/buddhirajgautam/Library/Developer/Xcode/DerivedData/ModuleCache.noindex/Session.modulevalidation -fmodules-validate-once-per-build-session -Wnon-modular-include-in-framework-module -Werror\=non-modular-include-in-framework-module -Wno-trigraphs -Wno-missing-field-initializers -Wno-missing-prototypes -Wno-return-type -Wno-implicit-atomic-properties -Wno-objc-interface-ivars -Wno-arc-repeated-use-of-weak -Wno-missing-braces -Wparentheses -Wswitch -Wno-unused-function -Wno-unused-label -Wno-unused-parameter -Wno-unused-variable -Wunused-value -Wno-empty-body -Wno-uninitialized -Wno-unknown-pragmas -w -Wno-shadow -Wno-four-char-constants -Wno-conversion -Wno-constant-conversion -Wno-int-conversion -Wno-bool-conversion -Wno-enum-conversion -Wno-float-conversion -Wno-non-literal-null-conversion -Wno-objc-literal-conversion -Wshorten-64-to-32 -Wpointer-sign -Wno-newline-eof -Wno-selector -Wno-strict-selector-match -Wno-undeclared-selector -Wno-deprecated-implementations -Wno-implicit-fallthrough -isysroot /Applications/Xcode.app/Contents/Developer/Platforms/MacOSX.platform/Developer/SDKs/MacOSX27.0.sdk -fstrict-aliasing -Wprotocol -Wdeprecated-declarations -Wno-sign-conversion -Wno-infinite-recursion -Wno-comma -Wno-block-capture-autoreleasing -Wno-strict-prototypes -Wno-semicolon-before-method-body -index-store-path /Users/buddhirajgautam/Library/Developer/Xcode/DerivedData/Telegram-Mac-fygdgghdgmuleoelvxabfmqiotta/Index.noindex/DataStore @/Users/buddhirajgautam/Library/Developer/Xcode/DerivedData/Telegram-Mac-fygdgghdgmuleoelvxabfmqiotta/Build/Intermediates.noindex/Firebase.build/Debug/FirebaseInstallations-t.build/Objects-normal/arm64/e6072d4f65d7061329687fe24e3d63a7-common-args.resp -MMD -MT dependencies -MF /Users/buddhirajgautam/Library/Developer/Xcode/DerivedData/Telegram-Mac-fygdgghdgmuleoelvxabfmqiotta/Build/Intermediates.noindex/Firebase.build/Debug/FirebaseInstallations-t.build/Objects-normal/arm64/FIRInstallationsAPIService.d --serialize-diagnostics /Users/buddhirajgautam/Library/Developer/Xcode/DerivedData/Telegram-Mac-fygdgghdgmuleoelvxabfmqiotta/Build/Intermediates.noindex/Firebase.build/Debug/FirebaseInstallations-t.build/Objects-normal/arm64/FIRInstallationsAPIService.dia -c /Users/buddhirajgautam/Library/Developer/Xcode/DerivedData/Telegram-Mac-fygdgghdgmuleoelvxabfmqiotta/SourcePackages/checkouts/firebase-ios-sdk/FirebaseInstallations/Source/Library/InstallationsAPI/FIRInstallationsAPIService.m -o /Users/buddhirajgautam/Library/Developer/Xcode/DerivedData/Telegram-Mac-fygdgghdgmuleoelvxabfmqiotta/Build/Intermediates.noindex/Firebase.build/Debug/FirebaseInstallations-t.build/Objects-normal/arm64/FIRInstallationsAPIService.o -index-unit-output-path /Firebase.build/Debug/FirebaseInstallations-t.build/Objects-normal/arm64/FIRInstallationsAPIService.o

CompileC /Users/buddhirajgautam/Library/Developer/Xcode/DerivedData/Telegram-Mac-fygdgghdgmuleoelvxabfmqiotta/Build/Intermediates.noindex/Firebase.build/Debug/FirebaseInstallations-t.build/Objects-normal/arm64/FIRInstallations.o /Users/buddhirajgautam/Library/Developer/Xcode/DerivedData/Telegram-Mac-fygdgghdgmuleoelvxabfmqiotta/SourcePackages/checkouts/firebase-ios-sdk/FirebaseInstallations/Source/Library/FIRInstallations.m normal arm64 objective-c com.apple.compilers.llvm.clang.1_0.compiler (in target 'FirebaseInstallations' from project 'Firebase')
    cd /Users/buddhirajgautam/Documents/Cherrygram-Mac/macOS-Swift
    
    Using response file: /Users/buddhirajgautam/Library/Developer/Xcode/DerivedData/Telegram-Mac-fygdgghdgmuleoelvxabfmqiotta/Build/Intermediates.noindex/Firebase.build/Debug/FirebaseInstallations-t.build/Objects-normal/arm64/e6072d4f65d7061329687fe24e3d63a7-common-args.resp
    
    /Applications/Xcode.app/Contents/Developer/Toolchains/XcodeDefault.xctoolchain/usr/bin/clang -x objective-c -ivfsstatcache /Users/buddhirajgautam/Library/Developer/Xcode/DerivedData/SDKStatCaches.noindex/macosx27.0-26A425-e829b21a6f8c9b70876ba0858053c0447231f6df4def33e022ae2eb8f782df1a.sdkstatcache -target arm64-apple-macos12.0 -fmessage-length\=0 -fdiagnostics-show-note-include-stack -fmacro-backtrace-limit\=0 -fno-color-diagnostics -fmodules-prune-interval\=86400 -fmodules-prune-after\=345600 -fbuild-session-file\=/Users/buddhirajgautam/Library/Developer/Xcode/DerivedData/ModuleCache.noindex/Session.modulevalidation -fmodules-validate-once-per-build-session -Wnon-modular-include-in-framework-module -Werror\=non-modular-include-in-framework-module -Wno-trigraphs -Wno-missing-field-initializers -Wno-missing-prototypes -Wno-return-type -Wno-implicit-atomic-properties -Wno-objc-interface-ivars -Wno-arc-repeated-use-of-weak -Wno-missing-braces -Wparentheses -Wswitch -Wno-unused-function -Wno-unused-label -Wno-unused-parameter -Wno-unused-variable -Wunused-value -Wno-empty-body -Wno-uninitialized -Wno-unknown-pragmas -w -Wno-shadow -Wno-four-char-constants -Wno-conversion -Wno-constant-conversion -Wno-int-conversion -Wno-bool-conversion -Wno-enum-conversion -Wno-float-conversion -Wno-non-literal-null-conversion -Wno-objc-literal-conversion -Wshorten-64-to-32 -Wpointer-sign -Wno-newline-eof -Wno-selector -Wno-strict-selector-match -Wno-undeclared-selector -Wno-deprecated-implementations -Wno-implicit-fallthrough -isysroot /Applications/Xcode.app/Contents/Developer/Platforms/MacOSX.platform/Developer/SDKs/MacOSX27.0.sdk -fstrict-aliasing -Wprotocol -Wdeprecated-declarations -Wno-sign-conversion -Wno-infinite-recursion -Wno-comma -Wno-block-capture-autoreleasing -Wno-strict-prototypes -Wno-semicolon-before-method-body -index-store-path /Users/buddhirajgautam/Library/Developer/Xcode/DerivedData/Telegram-Mac-fygdgghdgmuleoelvxabfmqiotta/Index.noindex/DataStore @/Users/buddhirajgautam/Library/Developer/Xcode/DerivedData/Telegram-Mac-fygdgghdgmuleoelvxabfmqiotta/Build/Intermediates.noindex/Firebase.build/Debug/FirebaseInstallations-t.build/Objects-normal/arm64/e6072d4f65d7061329687fe24e3d63a7-common-args.resp -MMD -MT dependencies -MF /Users/buddhirajgautam/Library/Developer/Xcode/DerivedData/Telegram-Mac-fygdgghdgmuleoelvxabfmqiotta/Build/Intermediates.noindex/Firebase.build/Debug/FirebaseInstallations-t.build/Objects-normal/arm64/FIRInstallations.d --serialize-diagnostics /Users/buddhirajgautam/Library/Developer/Xcode/DerivedData/Telegram-Mac-fygdgghdgmuleoelvxabfmqiotta/Build/Intermediates.noindex/Firebase.build/Debug/FirebaseInstallations-t.build/Objects-normal/arm64/FIRInstallations.dia -c /Users/buddhirajgautam/Library/Developer/Xcode/DerivedData/Telegram-Mac-fygdgghdgmuleoelvxabfmqiotta/SourcePackages/checkouts/firebase-ios-sdk/FirebaseInstallations/Source/Library/FIRInstallations.m -o /Users/buddhirajgautam/Library/Developer/Xcode/DerivedData/Telegram-Mac-fygdgghdgmuleoelvxabfmqiotta/Build/Intermediates.noindex/Firebase.build/Debug/FirebaseInstallations-t.build/Objects-normal/arm64/FIRInstallations.o -index-unit-output-path /Firebase.build/Debug/FirebaseInstallations-t.build/Objects-normal/arm64/FIRInstallations.o

ScanDependencies /Users/buddhirajgautam/Library/Developer/Xcode/DerivedData/Telegram-Mac-fygdgghdgmuleoelvxabfmqiotta/Build/Intermediates.noindex/FFMpegBinding.build/Debug/FFMpegBinding-t.build/Objects-normal/arm64/FFMpegVideoWriter.o /Users/buddhirajgautam/Documents/Cherrygram-Mac/macOS-Swift/submodules/telegram-ios/submodules/FFMpegBinding/Sources/FFMpegVideoWriter.m normal arm64 objective-c com.apple.compilers.llvm.clang.1_0.compiler (in target 'FFMpegBinding' from project 'FFMpegBinding')
    cd /Users/buddhirajgautam/Documents/Cherrygram-Mac/macOS-Swift
    
    Using response file: /Users/buddhirajgautam/Library/Developer/Xcode/DerivedData/Telegram-Mac-fygdgghdgmuleoelvxabfmqiotta/Build/Intermediates.noindex/FFMpegBinding.build/Debug/FFMpegBinding-t.build/Objects-normal/arm64/e6072d4f65d7061329687fe24e3d63a7-common-args.resp
    
    builtin-ScanDependencies -o /Users/buddhirajgautam/Library/Developer/Xcode/DerivedData/Telegram-Mac-fygdgghdgmuleoelvxabfmqiotta/Build/Intermediates.noindex/FFMpegBinding.build/Debug/FFMpegBinding-t.build/Objects-normal/arm64/FFMpegVideoWriter.o.scan -- /Applications/Xcode.app/Contents/Developer/Toolchains/XcodeDefault.xctoolchain/usr/bin/clang -x objective-c -ivfsstatcache /Users/buddhirajgautam/Library/Developer/Xcode/DerivedData/SDKStatCaches.noindex/macosx27.0-26A425-e829b21a6f8c9b70876ba0858053c0447231f6df4def33e022ae2eb8f782df1a.sdkstatcache -target arm64-apple-macos12.0 -fmessage-length\=0 -fdiagnostics-show-note-include-stack -fmacro-backtrace-limit\=0 -fno-color-diagnostics -fmodules-prune-interval\=86400 -fmodules-prune-after\=345600 -fbuild-session-file\=/Users/buddhirajgautam/Library/Developer/Xcode/DerivedData/ModuleCache.noindex/Session.modulevalidation -fmodules-validate-once-per-build-session -Wnon-modular-include-in-framework-module -Werror\=non-modular-include-in-framework-module -Wno-trigraphs -Wno-missing-field-initializers -Wno-missing-prototypes -Wno-return-type -Wno-implicit-atomic-properties -Wno-objc-interface-ivars -Wno-arc-repeated-use-of-weak -Wno-missing-braces -Wparentheses -Wswitch -Wno-unused-function -Wno-unused-label -Wno-unused-parameter -Wno-unused-variable -Wunused-value -Wno-empty-body -Wno-uninitialized -Wno-unknown-pragmas -Wno-shadow -Wno-four-char-constants -Wno-conversion -Wno-constant-conversion -Wno-int-conversion -Wno-bool-conversion -Wno-enum-conversion -Wno-float-conversion -Wno-non-literal-null-conversion -Wno-objc-literal-conversion -Wshorten-64-to-32 -Wpointer-sign -Wno-newline-eof -Wno-selector -Wno-strict-selector-match -Wno-undeclared-selector -Wno-deprecated-implementations -Wno-implicit-fallthrough -isysroot /Applications/Xcode.app/Contents/Developer/Platforms/MacOSX.platform/Developer/SDKs/MacOSX27.0.sdk -fstrict-aliasing -Wprotocol -Wdeprecated-declarations -Wno-sign-conversion -Wno-infinite-recursion -Wno-comma -Wno-block-capture-autoreleasing -Wno-strict-prototypes -Wno-semicolon-before-method-body -index-store-path /Users/buddhirajgautam/Library/Developer/Xcode/DerivedData/Telegram-Mac-fygdgghdgmuleoelvxabfmqiotta/Index.noindex/DataStore @/Users/buddhirajgautam/Library/Developer/Xcode/DerivedData/Telegram-Mac-fygdgghdgmuleoelvxabfmqiotta/Build/Intermediates.noindex/FFMpegBinding.build/Debug/FFMpegBinding-t.build/Objects-normal/arm64/e6072d4f65d7061329687fe24e3d63a7-common-args.resp -MMD -MT dependencies -MF /Users/buddhirajgautam/Library/Developer/Xcode/DerivedData/Telegram-Mac-fygdgghdgmuleoelvxabfmqiotta/Build/Intermediates.noindex/FFMpegBinding.build/Debug/FFMpegBinding-t.build/Objects-normal/arm64/FFMpegVideoWriter.d --serialize-diagnostics /Users/buddhirajgautam/Library/Developer/Xcode/DerivedData/Telegram-Mac-fygdgghdgmuleoelvxabfmqiotta/Build/Intermediates.noindex/FFMpegBinding.build/Debug/FFMpegBinding-t.build/Objects-normal/arm64/FFMpegVideoWriter.dia -c /Users/buddhirajgautam/Documents/Cherrygram-Mac/macOS-Swift/submodules/telegram-ios/submodules/FFMpegBinding/Sources/FFMpegVideoWriter.m -o /Users/buddhirajgautam/Library/Developer/Xcode/DerivedData/Telegram-Mac-fygdgghdgmuleoelvxabfmqiotta/Build/Intermediates.noindex/FFMpegBinding.build/Debug/FFMpegBinding-t.build/Objects-normal/arm64/FFMpegVideoWriter.o -index-unit-output-path /FFMpegBinding.build/Debug/FFMpegBinding-t.build/Objects-normal/arm64/FFMpegVideoWriter.o

CompileC /Users/buddhirajgautam/Library/Developer/Xcode/DerivedData/Telegram-Mac-fygdgghdgmuleoelvxabfmqiotta/Build/Intermediates.noindex/Firebase.build/Debug/FirebaseInstallations-t.build/Objects-normal/arm64/FIRCurrentDateProvider.o /Users/buddhirajgautam/Library/Developer/Xcode/DerivedData/Telegram-Mac-fygdgghdgmuleoelvxabfmqiotta/SourcePackages/checkouts/firebase-ios-sdk/FirebaseInstallations/Source/Library/InstallationsIDController/FIRCurrentDateProvider.m normal arm64 objective-c com.apple.compilers.llvm.clang.1_0.compiler (in target 'FirebaseInstallations' from project 'Firebase')
    cd /Users/buddhirajgautam/Documents/Cherrygram-Mac/macOS-Swift
    
    Using response file: /Users/buddhirajgautam/Library/Developer/Xcode/DerivedData/Telegram-Mac-fygdgghdgmuleoelvxabfmqiotta/Build/Intermediates.noindex/Firebase.build/Debug/FirebaseInstallations-t.build/Objects-normal/arm64/e6072d4f65d7061329687fe24e3d63a7-common-args.resp
    
    /Applications/Xcode.app/Contents/Developer/Toolchains/XcodeDefault.xctoolchain/usr/bin/clang -x objective-c -ivfsstatcache /Users/buddhirajgautam/Library/Developer/Xcode/DerivedData/SDKStatCaches.noindex/macosx27.0-26A425-e829b21a6f8c9b70876ba0858053c0447231f6df4def33e022ae2eb8f782df1a.sdkstatcache -target arm64-apple-macos12.0 -fmessage-length\=0 -fdiagnostics-show-note-include-stack -fmacro-backtrace-limit\=0 -fno-color-diagnostics -fmodules-prune-interval\=86400 -fmodules-prune-after\=345600 -fbuild-session-file\=/Users/buddhirajgautam/Library/Developer/Xcode/DerivedData/ModuleCache.noindex/Session.modulevalidation -fmodules-validate-once-per-build-session -Wnon-modular-include-in-framework-module -Werror\=non-modular-include-in-framework-module -Wno-trigraphs -Wno-missing-field-initializers -Wno-missing-prototypes -Wno-return-type -Wno-implicit-atomic-properties -Wno-objc-interface-ivars -Wno-arc-repeated-use-of-weak -Wno-missing-braces -Wparentheses -Wswitch -Wno-unused-function -Wno-unused-label -Wno-unused-parameter -Wno-unused-variable -Wunused-value -Wno-empty-body -Wno-uninitialized -Wno-unknown-pragmas -w -Wno-shadow -Wno-four-char-constants -Wno-conversion -Wno-constant-conversion -Wno-int-conversion -Wno-bool-conversion -Wno-enum-conversion -Wno-float-conversion -Wno-non-literal-null-conversion -Wno-objc-literal-conversion -Wshorten-64-to-32 -Wpointer-sign -Wno-newline-eof -Wno-selector -Wno-strict-selector-match -Wno-undeclared-selector -Wno-deprecated-implementations -Wno-implicit-fallthrough -isysroot /Applications/Xcode.app/Contents/Developer/Platforms/MacOSX.platform/Developer/SDKs/MacOSX27.0.sdk -fstrict-aliasing -Wprotocol -Wdeprecated-declarations -Wno-sign-conversion -Wno-infinite-recursion -Wno-comma -Wno-block-capture-autoreleasing -Wno-strict-prototypes -Wno-semicolon-before-method-body -index-store-path /Users/buddhirajgautam/Library/Developer/Xcode/DerivedData/Telegram-Mac-fygdgghdgmuleoelvxabfmqiotta/Index.noindex/DataStore @/Users/buddhirajgautam/Library/Developer/Xcode/DerivedData/Telegram-Mac-fygdgghdgmuleoelvxabfmqiotta/Build/Intermediates.noindex/Firebase.build/Debug/FirebaseInstallations-t.build/Objects-normal/arm64/e6072d4f65d7061329687fe24e3d63a7-common-args.resp -MMD -MT dependencies -MF /Users/buddhirajgautam/Library/Developer/Xcode/DerivedData/Telegram-Mac-fygdgghdgmuleoelvxabfmqiotta/Build/Intermediates.noindex/Firebase.build/Debug/FirebaseInstallations-t.build/Objects-normal/arm64/FIRCurrentDateProvider.d --serialize-diagnostics /Users/buddhirajgautam/Library/Developer/Xcode/DerivedData/Telegram-Mac-fygdgghdgmuleoelvxabfmqiotta/Build/Intermediates.noindex/Firebase.build/Debug/FirebaseInstallations-t.build/Objects-normal/arm64/FIRCurrentDateProvider.dia -c /Users/buddhirajgautam/Library/Developer/Xcode/DerivedData/Telegram-Mac-fygdgghdgmuleoelvxabfmqiotta/SourcePackages/checkouts/firebase-ios-sdk/FirebaseInstallations/Source/Library/InstallationsIDController/FIRCurrentDateProvider.m -o /Users/buddhirajgautam/Library/Developer/Xcode/DerivedData/Telegram-Mac-fygdgghdgmuleoelvxabfmqiotta/Build/Intermediates.noindex/Firebase.build/Debug/FirebaseInstallations-t.build/Objects-normal/arm64/FIRCurrentDateProvider.o -index-unit-output-path /Firebase.build/Debug/FirebaseInstallations-t.build/Objects-normal/arm64/FIRCurrentDateProvider.o

CompileC /Users/buddhirajgautam/Library/Developer/Xcode/DerivedData/Telegram-Mac-fygdgghdgmuleoelvxabfmqiotta/Build/Intermediates.noindex/Firebase.build/Debug/FirebaseCrashlytics-t.build/Objects-normal/arm64/FIRCLSException.o /Users/buddhirajgautam/Library/Developer/Xcode/DerivedData/Telegram-Mac-fygdgghdgmuleoelvxabfmqiotta/SourcePackages/checkouts/firebase-ios-sdk/Crashlytics/Crashlytics/Handlers/FIRCLSException.mm normal arm64 objective-c++ com.apple.compilers.llvm.clang.1_0.compiler (in target 'FirebaseCrashlytics' from project 'Firebase')
    cd /Users/buddhirajgautam/Documents/Cherrygram-Mac/macOS-Swift
    
    Using response file: /Users/buddhirajgautam/Library/Developer/Xcode/DerivedData/Telegram-Mac-fygdgghdgmuleoelvxabfmqiotta/Build/Intermediates.noindex/Firebase.build/Debug/FirebaseCrashlytics-t.build/Objects-normal/arm64/af3fcb34312c57c0f52879cdce924b91-common-args.resp
    
    /Applications/Xcode.app/Contents/Developer/Toolchains/XcodeDefault.xctoolchain/usr/bin/clang -x objective-c++ -ivfsstatcache /Users/buddhirajgautam/Library/Developer/Xcode/DerivedData/SDKStatCaches.noindex/macosx27.0-26A425-e829b21a6f8c9b70876ba0858053c0447231f6df4def33e022ae2eb8f782df1a.sdkstatcache -target arm64-apple-macos12.0 -fmessage-length\=0 -fdiagnostics-show-note-include-stack -fmacro-backtrace-limit\=0 -fno-color-diagnostics -fmodules-prune-interval\=86400 -fmodules-prune-after\=345600 -fbuild-session-file\=/Users/buddhirajgautam/Library/Developer/Xcode/DerivedData/ModuleCache.noindex/Session.modulevalidation -fmodules-validate-once-per-build-session -Wnon-modular-include-in-framework-module -Werror\=non-modular-include-in-framework-module -Wno-trigraphs -Wno-missing-field-initializers -Wno-missing-prototypes -Wno-return-type -Wno-implicit-atomic-properties -Wno-objc-interface-ivars -Wno-arc-repeated-use-of-weak -Wno-non-virtual-dtor -Wno-overloaded-virtual -Wno-exit-time-destructors -Wno-missing-braces -Wparentheses -Wswitch -Wno-unused-function -Wno-unused-label -Wno-unused-parameter -Wno-unused-variable -Wunused-value -Wno-empty-body -Wno-uninitialized -Wno-unknown-pragmas -w -Wno-shadow -Wno-four-char-constants -Wno-conversion -Wno-constant-conversion -Wno-int-conversion -Wno-bool-conversion -Wno-enum-conversion -Wno-float-conversion -Wno-non-literal-null-conversion -Wno-objc-literal-conversion -Wshorten-64-to-32 -Wno-newline-eof -Wno-selector -Wno-strict-selector-match -Wno-undeclared-selector -Wno-deprecated-implementations -Wno-c++11-extensions -Wno-implicit-fallthrough -isysroot /Applications/Xcode.app/Contents/Developer/Platforms/MacOSX.platform/Developer/SDKs/MacOSX27.0.sdk -fstrict-aliasing -Wprotocol -Wdeprecated-declarations -Winvalid-offsetof -Wno-sign-conversion -Wno-infinite-recursion -Wno-move -Wno-comma -Wno-block-capture-autoreleasing -Wno-strict-prototypes -Wno-range-loop-analysis -Wno-semicolon-before-method-body -index-store-path /Users/buddhirajgautam/Library/Developer/Xcode/DerivedData/Telegram-Mac-fygdgghdgmuleoelvxabfmqiotta/Index.noindex/DataStore @/Users/buddhirajgautam/Library/Developer/Xcode/DerivedData/Telegram-Mac-fygdgghdgmuleoelvxabfmqiotta/Build/Intermediates.noindex/Firebase.build/Debug/FirebaseCrashlytics-t.build/Objects-normal/arm64/af3fcb34312c57c0f52879cdce924b91-common-args.resp -MMD -MT dependencies -MF /Users/buddhirajgautam/Library/Developer/Xcode/DerivedData/Telegram-Mac-fygdgghdgmuleoelvxabfmqiotta/Build/Intermediates.noindex/Firebase.build/Debug/FirebaseCrashlytics-t.build/Objects-normal/arm64/FIRCLSException.d --serialize-diagnostics /Users/buddhirajgautam/Library/Developer/Xcode/DerivedData/Telegram-Mac-fygdgghdgmuleoelvxabfmqiotta/Build/Intermediates.noindex/Firebase.build/Debug/FirebaseCrashlytics-t.build/Objects-normal/arm64/FIRCLSException.dia -c /Users/buddhirajgautam/Library/Developer/Xcode/DerivedData/Telegram-Mac-fygdgghdgmuleoelvxabfmqiotta/SourcePackages/checkouts/firebase-ios-sdk/Crashlytics/Crashlytics/Handlers/FIRCLSException.mm -o /Users/buddhirajgautam/Library/Developer/Xcode/DerivedData/Telegram-Mac-fygdgghdgmuleoelvxabfmqiotta/Build/Intermediates.noindex/Firebase.build/Debug/FirebaseCrashlytics-t.build/Objects-normal/arm64/FIRCLSException.o -index-unit-output-path /Firebase.build/Debug/FirebaseCrashlytics-t.build/Objects-normal/arm64/FIRCLSException.o

CompileC /Users/buddhirajgautam/Library/Developer/Xcode/DerivedData/Telegram-Mac-fygdgghdgmuleoelvxabfmqiotta/Build/Intermediates.noindex/Firebase.build/Debug/FirebaseCrashlytics-t.build/Objects-normal/arm64/FIRCLSDemangleOperation.o /Users/buddhirajgautam/Library/Developer/Xcode/DerivedData/Telegram-Mac-fygdgghdgmuleoelvxabfmqiotta/SourcePackages/checkouts/firebase-ios-sdk/Crashlytics/Crashlytics/Operations/Symbolication/FIRCLSDemangleOperation.mm normal arm64 objective-c++ com.apple.compilers.llvm.clang.1_0.compiler (in target 'FirebaseCrashlytics' from project 'Firebase')
    cd /Users/buddhirajgautam/Documents/Cherrygram-Mac/macOS-Swift
    
    Using response file: /Users/buddhirajgautam/Library/Developer/Xcode/DerivedData/Telegram-Mac-fygdgghdgmuleoelvxabfmqiotta/Build/Intermediates.noindex/Firebase.build/Debug/FirebaseCrashlytics-t.build/Objects-normal/arm64/af3fcb34312c57c0f52879cdce924b91-common-args.resp
    
    /Applications/Xcode.app/Contents/Developer/Toolchains/XcodeDefault.xctoolchain/usr/bin/clang -x objective-c++ -ivfsstatcache /Users/buddhirajgautam/Library/Developer/Xcode/DerivedData/SDKStatCaches.noindex/macosx27.0-26A425-e829b21a6f8c9b70876ba0858053c0447231f6df4def33e022ae2eb8f782df1a.sdkstatcache -target arm64-apple-macos12.0 -fmessage-length\=0 -fdiagnostics-show-note-include-stack -fmacro-backtrace-limit\=0 -fno-color-diagnostics -fmodules-prune-interval\=86400 -fmodules-prune-after\=345600 -fbuild-session-file\=/Users/buddhirajgautam/Library/Developer/Xcode/DerivedData/ModuleCache.noindex/Session.modulevalidation -fmodules-validate-once-per-build-session -Wnon-modular-include-in-framework-module -Werror\=non-modular-include-in-framework-module -Wno-trigraphs -Wno-missing-field-initializers -Wno-missing-prototypes -Wno-return-type -Wno-implicit-atomic-properties -Wno-objc-interface-ivars -Wno-arc-repeated-use-of-weak -Wno-non-virtual-dtor -Wno-overloaded-virtual -Wno-exit-time-destructors -Wno-missing-braces -Wparentheses -Wswitch -Wno-unused-function -Wno-unused-label -Wno-unused-parameter -Wno-unused-variable -Wunused-value -Wno-empty-body -Wno-uninitialized -Wno-unknown-pragmas -w -Wno-shadow -Wno-four-char-constants -Wno-conversion -Wno-constant-conversion -Wno-int-conversion -Wno-bool-conversion -Wno-enum-conversion -Wno-float-conversion -Wno-non-literal-null-conversion -Wno-objc-literal-conversion -Wshorten-64-to-32 -Wno-newline-eof -Wno-selector -Wno-strict-selector-match -Wno-undeclared-selector -Wno-deprecated-implementations -Wno-c++11-extensions -Wno-implicit-fallthrough -isysroot /Applications/Xcode.app/Contents/Developer/Platforms/MacOSX.platform/Developer/SDKs/MacOSX27.0.sdk -fstrict-aliasing -Wprotocol -Wdeprecated-declarations -Winvalid-offsetof -Wno-sign-conversion -Wno-infinite-recursion -Wno-move -Wno-comma -Wno-block-capture-autoreleasing -Wno-strict-prototypes -Wno-range-loop-analysis -Wno-semicolon-before-method-body -index-store-path /Users/buddhirajgautam/Library/Developer/Xcode/DerivedData/Telegram-Mac-fygdgghdgmuleoelvxabfmqiotta/Index.noindex/DataStore @/Users/buddhirajgautam/Library/Developer/Xcode/DerivedData/Telegram-Mac-fygdgghdgmuleoelvxabfmqiotta/Build/Intermediates.noindex/Firebase.build/Debug/FirebaseCrashlytics-t.build/Objects-normal/arm64/af3fcb34312c57c0f52879cdce924b91-common-args.resp -MMD -MT dependencies -MF /Users/buddhirajgautam/Library/Developer/Xcode/DerivedData/Telegram-Mac-fygdgghdgmuleoelvxabfmqiotta/Build/Intermediates.noindex/Firebase.build/Debug/FirebaseCrashlytics-t.build/Objects-normal/arm64/FIRCLSDemangleOperation.d --serialize-diagnostics /Users/buddhirajgautam/Library/Developer/Xcode/DerivedData/Telegram-Mac-fygdgghdgmuleoelvxabfmqiotta/Build/Intermediates.noindex/Firebase.build/Debug/FirebaseCrashlytics-t.build/Objects-normal/arm64/FIRCLSDemangleOperation.dia -c /Users/buddhirajgautam/Library/Developer/Xcode/DerivedData/Telegram-Mac-fygdgghdgmuleoelvxabfmqiotta/SourcePackages/checkouts/firebase-ios-sdk/Crashlytics/Crashlytics/Operations/Symbolication/FIRCLSDemangleOperation.mm -o /Users/buddhirajgautam/Library/Developer/Xcode/DerivedData/Telegram-Mac-fygdgghdgmuleoelvxabfmqiotta/Build/Intermediates.noindex/Firebase.build/Debug/FirebaseCrashlytics-t.build/Objects-normal/arm64/FIRCLSDemangleOperation.o -index-unit-output-path /Firebase.build/Debug/FirebaseCrashlytics-t.build/Objects-normal/arm64/FIRCLSDemangleOperation.o

PrecompileModule /Users/buddhirajgautam/Library/Developer/Xcode/DerivedData/Telegram-Mac-fygdgghdgmuleoelvxabfmqiotta/Build/Intermediates.noindex/ExplicitPrecompiledModules/AppKit-DW761SWL40C1ZUN2DZ01BM14Z.scan
    cd /
    builtin-precompileModule /Users/buddhirajgautam/Library/Developer/Xcode/DerivedData/Telegram-Mac-fygdgghdgmuleoelvxabfmqiotta/Build/Intermediates.noindex/ExplicitPrecompiledModules/AppKit-DW761SWL40C1ZUN2DZ01BM14Z.scan

ScanDependencies /Users/buddhirajgautam/Library/Developer/Xcode/DerivedData/Telegram-Mac-fygdgghdgmuleoelvxabfmqiotta/Build/Intermediates.noindex/Firebase.build/Debug/FirebaseCrashlytics-t.build/Objects-normal/arm64/crashlytics.nanopb.o /Users/buddhirajgautam/Library/Developer/Xcode/DerivedData/Telegram-Mac-fygdgghdgmuleoelvxabfmqiotta/SourcePackages/checkouts/firebase-ios-sdk/Crashlytics/Protogen/nanopb/crashlytics.nanopb.c normal arm64 c com.apple.compilers.llvm.clang.1_0.compiler (in target 'FirebaseCrashlytics' from project 'Firebase')
    cd /Users/buddhirajgautam/Documents/Cherrygram-Mac/macOS-Swift
    
    Using response file: /Users/buddhirajgautam/Library/Developer/Xcode/DerivedData/Telegram-Mac-fygdgghdgmuleoelvxabfmqiotta/Build/Intermediates.noindex/Firebase.build/Debug/FirebaseCrashlytics-t.build/Objects-normal/arm64/7187679823f38a2a940e0043cdf9d637-common-args.resp
    
    builtin-ScanDependencies -o /Users/buddhirajgautam/Library/Developer/Xcode/DerivedData/Telegram-Mac-fygdgghdgmuleoelvxabfmqiotta/Build/Intermediates.noindex/Firebase.build/Debug/FirebaseCrashlytics-t.build/Objects-normal/arm64/crashlytics.nanopb.o.scan -- /Applications/Xcode.app/Contents/Developer/Toolchains/XcodeDefault.xctoolchain/usr/bin/clang -x c -ivfsstatcache /Users/buddhirajgautam/Library/Developer/Xcode/DerivedData/SDKStatCaches.noindex/macosx27.0-26A425-e829b21a6f8c9b70876ba0858053c0447231f6df4def33e022ae2eb8f782df1a.sdkstatcache -target arm64-apple-macos12.0 -fmessage-length\=0 -fdiagnostics-show-note-include-stack -fmacro-backtrace-limit\=0 -fno-color-diagnostics -fmodules-prune-interval\=86400 -fmodules-prune-after\=345600 -fbuild-session-file\=/Users/buddhirajgautam/Library/Developer/Xcode/DerivedData/ModuleCache.noindex/Session.modulevalidation -fmodules-validate-once-per-build-session -Wnon-modular-include-in-framework-module -Werror\=non-modular-include-in-framework-module -Wno-trigraphs -Wno-missing-field-initializers -Wno-missing-prototypes -Wno-return-type -Wno-missing-braces -Wparentheses -Wswitch -Wno-unused-function -Wno-unused-label -Wno-unused-parameter -Wno-unused-variable -Wunused-value -Wno-empty-body -Wno-uninitialized -Wno-unknown-pragmas -w -Wno-shadow -Wno-four-char-constants -Wno-conversion -Wno-constant-conversion -Wno-int-conversion -Wno-bool-conversion -Wno-enum-conversion -Wno-float-conversion -Wno-non-literal-null-conversion -Wno-objc-literal-conversion -Wshorten-64-to-32 -Wpointer-sign -Wno-newline-eof -Wno-implicit-fallthrough -isysroot /Applications/Xcode.app/Contents/Developer/Platforms/MacOSX.platform/Developer/SDKs/MacOSX27.0.sdk -fstrict-aliasing -Wdeprecated-declarations -Wno-sign-conversion -Wno-infinite-recursion -Wno-comma -Wno-block-capture-autoreleasing -Wno-strict-prototypes -Wno-semicolon-before-method-body -index-store-path /Users/buddhirajgautam/Library/Developer/Xcode/DerivedData/Telegram-Mac-fygdgghdgmuleoelvxabfmqiotta/Index.noindex/DataStore @/Users/buddhirajgautam/Library/Developer/Xcode/DerivedData/Telegram-Mac-fygdgghdgmuleoelvxabfmqiotta/Build/Intermediates.noindex/Firebase.build/Debug/FirebaseCrashlytics-t.build/Objects-normal/arm64/7187679823f38a2a940e0043cdf9d637-common-args.resp -MMD -MT dependencies -MF /Users/buddhirajgautam/Library/Developer/Xcode/DerivedData/Telegram-Mac-fygdgghdgmuleoelvxabfmqiotta/Build/Intermediates.noindex/Firebase.build/Debug/FirebaseCrashlytics-t.build/Objects-normal/arm64/crashlytics.nanopb.d --serialize-diagnostics /Users/buddhirajgautam/Library/Developer/Xcode/DerivedData/Telegram-Mac-fygdgghdgmuleoelvxabfmqiotta/Build/Intermediates.noindex/Firebase.build/Debug/FirebaseCrashlytics-t.build/Objects-normal/arm64/crashlytics.nanopb.dia -c /Users/buddhirajgautam/Library/Developer/Xcode/DerivedData/Telegram-Mac-fygdgghdgmuleoelvxabfmqiotta/SourcePackages/checkouts/firebase-ios-sdk/Crashlytics/Protogen/nanopb/crashlytics.nanopb.c -o /Users/buddhirajgautam/Library/Developer/Xcode/DerivedData/Telegram-Mac-fygdgghdgmuleoelvxabfmqiotta/Build/Intermediates.noindex/Firebase.build/Debug/FirebaseCrashlytics-t.build/Objects-normal/arm64/crashlytics.nanopb.o -index-unit-output-path /Firebase.build/Debug/FirebaseCrashlytics-t.build/Objects-normal/arm64/crashlytics.nanopb.o

ScanDependencies /Users/buddhirajgautam/Library/Developer/Xcode/DerivedData/Telegram-Mac-fygdgghdgmuleoelvxabfmqiotta/Build/Intermediates.noindex/Firebase.build/Debug/FirebaseCrashlytics-t.build/Objects-normal/arm64/FIRStackFrame.o /Users/buddhirajgautam/Library/Developer/Xcode/DerivedData/Telegram-Mac-fygdgghdgmuleoelvxabfmqiotta/SourcePackages/checkouts/firebase-ios-sdk/Crashlytics/Crashlytics/FIRStackFrame.m normal arm64 objective-c com.apple.compilers.llvm.clang.1_0.compiler (in target 'FirebaseCrashlytics' from project 'Firebase')
    cd /Users/buddhirajgautam/Documents/Cherrygram-Mac/macOS-Swift
    
    Using response file: /Users/buddhirajgautam/Library/Developer/Xcode/DerivedData/Telegram-Mac-fygdgghdgmuleoelvxabfmqiotta/Build/Intermediates.noindex/Firebase.build/Debug/FirebaseCrashlytics-t.build/Objects-normal/arm64/e6072d4f65d7061329687fe24e3d63a7-common-args.resp
    
    builtin-ScanDependencies -o /Users/buddhirajgautam/Library/Developer/Xcode/DerivedData/Telegram-Mac-fygdgghdgmuleoelvxabfmqiotta/Build/Intermediates.noindex/Firebase.build/Debug/FirebaseCrashlytics-t.build/Objects-normal/arm64/FIRStackFrame.o.scan -- /Applications/Xcode.app/Contents/Developer/Toolchains/XcodeDefault.xctoolchain/usr/bin/clang -x objective-c -ivfsstatcache /Users/buddhirajgautam/Library/Developer/Xcode/DerivedData/SDKStatCaches.noindex/macosx27.0-26A425-e829b21a6f8c9b70876ba0858053c0447231f6df4def33e022ae2eb8f782df1a.sdkstatcache -target arm64-apple-macos12.0 -fmessage-length\=0 -fdiagnostics-show-note-include-stack -fmacro-backtrace-limit\=0 -fno-color-diagnostics -fmodules-prune-interval\=86400 -fmodules-prune-after\=345600 -fbuild-session-file\=/Users/buddhirajgautam/Library/Developer/Xcode/DerivedData/ModuleCache.noindex/Session.modulevalidation -fmodules-validate-once-per-build-session -Wnon-modular-include-in-framework-module -Werror\=non-modular-include-in-framework-module -Wno-trigraphs -Wno-missing-field-initializers -Wno-missing-prototypes -Wno-return-type -Wno-implicit-atomic-properties -Wno-objc-interface-ivars -Wno-arc-repeated-use-of-weak -Wno-missing-braces -Wparentheses -Wswitch -Wno-unused-function -Wno-unused-label -Wno-unused-parameter -Wno-unused-variable -Wunused-value -Wno-empty-body -Wno-uninitialized -Wno-unknown-pragmas -w -Wno-shadow -Wno-four-char-constants -Wno-conversion -Wno-constant-conversion -Wno-int-conversion -Wno-bool-conversion -Wno-enum-conversion -Wno-float-conversion -Wno-non-literal-null-conversion -Wno-objc-literal-conversion -Wshorten-64-to-32 -Wpointer-sign -Wno-newline-eof -Wno-selector -Wno-strict-selector-match -Wno-undeclared-selector -Wno-deprecated-implementations -Wno-implicit-fallthrough -isysroot /Applications/Xcode.app/Contents/Developer/Platforms/MacOSX.platform/Developer/SDKs/MacOSX27.0.sdk -fstrict-aliasing -Wprotocol -Wdeprecated-declarations -Wno-sign-conversion -Wno-infinite-recursion -Wno-comma -Wno-block-capture-autoreleasing -Wno-strict-prototypes -Wno-semicolon-before-method-body -index-store-path /Users/buddhirajgautam/Library/Developer/Xcode/DerivedData/Telegram-Mac-fygdgghdgmuleoelvxabfmqiotta/Index.noindex/DataStore @/Users/buddhirajgautam/Library/Developer/Xcode/DerivedData/Telegram-Mac-fygdgghdgmuleoelvxabfmqiotta/Build/Intermediates.noindex/Firebase.build/Debug/FirebaseCrashlytics-t.build/Objects-normal/arm64/e6072d4f65d7061329687fe24e3d63a7-common-args.resp -MMD -MT dependencies -MF /Users/buddhirajgautam/Library/Developer/Xcode/DerivedData/Telegram-Mac-fygdgghdgmuleoelvxabfmqiotta/Build/Intermediates.noindex/Firebase.build/Debug/FirebaseCrashlytics-t.build/Objects-normal/arm64/FIRStackFrame.d --serialize-diagnostics /Users/buddhirajgautam/Library/Developer/Xcode/DerivedData/Telegram-Mac-fygdgghdgmuleoelvxabfmqiotta/Build/Intermediates.noindex/Firebase.build/Debug/FirebaseCrashlytics-t.build/Objects-normal/arm64/FIRStackFrame.dia -c /Users/buddhirajgautam/Library/Developer/Xcode/DerivedData/Telegram-Mac-fygdgghdgmuleoelvxabfmqiotta/SourcePackages/checkouts/firebase-ios-sdk/Crashlytics/Crashlytics/FIRStackFrame.m -o /Users/buddhirajgautam/Library/Developer/Xcode/DerivedData/Telegram-Mac-fygdgghdgmuleoelvxabfmqiotta/Build/Intermediates.noindex/Firebase.build/Debug/FirebaseCrashlytics-t.build/Objects-normal/arm64/FIRStackFrame.o -index-unit-output-path /Firebase.build/Debug/FirebaseCrashlytics-t.build/Objects-normal/arm64/FIRStackFrame.o

ScanDependencies /Users/buddhirajgautam/Library/Developer/Xcode/DerivedData/Telegram-Mac-fygdgghdgmuleoelvxabfmqiotta/Build/Intermediates.noindex/Firebase.build/Debug/FirebaseCrashlytics-t.build/Objects-normal/arm64/FIRExceptionModel.o /Users/buddhirajgautam/Library/Developer/Xcode/DerivedData/Telegram-Mac-fygdgghdgmuleoelvxabfmqiotta/SourcePackages/checkouts/firebase-ios-sdk/Crashlytics/Crashlytics/FIRExceptionModel.m normal arm64 objective-c com.apple.compilers.llvm.clang.1_0.compiler (in target 'FirebaseCrashlytics' from project 'Firebase')
    cd /Users/buddhirajgautam/Documents/Cherrygram-Mac/macOS-Swift
    
    Using response file: /Users/buddhirajgautam/Library/Developer/Xcode/DerivedData/Telegram-Mac-fygdgghdgmuleoelvxabfmqiotta/Build/Intermediates.noindex/Firebase.build/Debug/FirebaseCrashlytics-t.build/Objects-normal/arm64/e6072d4f65d7061329687fe24e3d63a7-common-args.resp
    
    builtin-ScanDependencies -o /Users/buddhirajgautam/Library/Developer/Xcode/DerivedData/Telegram-Mac-fygdgghdgmuleoelvxabfmqiotta/Build/Intermediates.noindex/Firebase.build/Debug/FirebaseCrashlytics-t.build/Objects-normal/arm64/FIRExceptionModel.o.scan -- /Applications/Xcode.app/Contents/Developer/Toolchains/XcodeDefault.xctoolchain/usr/bin/clang -x objective-c -ivfsstatcache /Users/buddhirajgautam/Library/Developer/Xcode/DerivedData/SDKStatCaches.noindex/macosx27.0-26A425-e829b21a6f8c9b70876ba0858053c0447231f6df4def33e022ae2eb8f782df1a.sdkstatcache -target arm64-apple-macos12.0 -fmessage-length\=0 -fdiagnostics-show-note-include-stack -fmacro-backtrace-limit\=0 -fno-color-diagnostics -fmodules-prune-interval\=86400 -fmodules-prune-after\=345600 -fbuild-session-file\=/Users/buddhirajgautam/Library/Developer/Xcode/DerivedData/ModuleCache.noindex/Session.modulevalidation -fmodules-validate-once-per-build-session -Wnon-modular-include-in-framework-module -Werror\=non-modular-include-in-framework-module -Wno-trigraphs -Wno-missing-field-initializers -Wno-missing-prototypes -Wno-return-type -Wno-implicit-atomic-properties -Wno-objc-interface-ivars -Wno-arc-repeated-use-of-weak -Wno-missing-braces -Wparentheses -Wswitch -Wno-unused-function -Wno-unused-label -Wno-unused-parameter -Wno-unused-variable -Wunused-value -Wno-empty-body -Wno-uninitialized -Wno-unknown-pragmas -w -Wno-shadow -Wno-four-char-constants -Wno-conversion -Wno-constant-conversion -Wno-int-conversion -Wno-bool-conversion -Wno-enum-conversion -Wno-float-conversion -Wno-non-literal-null-conversion -Wno-objc-literal-conversion -Wshorten-64-to-32 -Wpointer-sign -Wno-newline-eof -Wno-selector -Wno-strict-selector-match -Wno-undeclared-selector -Wno-deprecated-implementations -Wno-implicit-fallthrough -isysroot /Applications/Xcode.app/Contents/Developer/Platforms/MacOSX.platform/Developer/SDKs/MacOSX27.0.sdk -fstrict-aliasing -Wprotocol -Wdeprecated-declarations -Wno-sign-conversion -Wno-infinite-recursion -Wno-comma -Wno-block-capture-autoreleasing -Wno-strict-prototypes -Wno-semicolon-before-method-body -index-store-path /Users/buddhirajgautam/Library/Developer/Xcode/DerivedData/Telegram-Mac-fygdgghdgmuleoelvxabfmqiotta/Index.noindex/DataStore @/Users/buddhirajgautam/Library/Developer/Xcode/DerivedData/Telegram-Mac-fygdgghdgmuleoelvxabfmqiotta/Build/Intermediates.noindex/Firebase.build/Debug/FirebaseCrashlytics-t.build/Objects-normal/arm64/e6072d4f65d7061329687fe24e3d63a7-common-args.resp -MMD -MT dependencies -MF /Users/buddhirajgautam/Library/Developer/Xcode/DerivedData/Telegram-Mac-fygdgghdgmuleoelvxabfmqiotta/Build/Intermediates.noindex/Firebase.build/Debug/FirebaseCrashlytics-t.build/Objects-normal/arm64/FIRExceptionModel.d --serialize-diagnostics /Users/buddhirajgautam/Library/Developer/Xcode/DerivedData/Telegram-Mac-fygdgghdgmuleoelvxabfmqiotta/Build/Intermediates.noindex/Firebase.build/Debug/FirebaseCrashlytics-t.build/Objects-normal/arm64/FIRExceptionModel.dia -c /Users/buddhirajgautam/Library/Developer/Xcode/DerivedData/Telegram-Mac-fygdgghdgmuleoelvxabfmqiotta/SourcePackages/checkouts/firebase-ios-sdk/Crashlytics/Crashlytics/FIRExceptionModel.m -o /Users/buddhirajgautam/Library/Developer/Xcode/DerivedData/Telegram-Mac-fygdgghdgmuleoelvxabfmqiotta/Build/Intermediates.noindex/Firebase.build/Debug/FirebaseCrashlytics-t.build/Objects-normal/arm64/FIRExceptionModel.o -index-unit-output-path /Firebase.build/Debug/FirebaseCrashlytics-t.build/Objects-normal/arm64/FIRExceptionModel.o

PrecompileModule /Users/buddhirajgautam/Library/Developer/Xcode/DerivedData/Telegram-Mac-fygdgghdgmuleoelvxabfmqiotta/Build/Intermediates.noindex/ExplicitPrecompiledModules/MachO-AQ57CEUEKX70NUO65HYBLUKMZ.scan
    cd /
    builtin-precompileModule /Users/buddhirajgautam/Library/Developer/Xcode/DerivedData/Telegram-Mac-fygdgghdgmuleoelvxabfmqiotta/Build/Intermediates.noindex/ExplicitPrecompiledModules/MachO-AQ57CEUEKX70NUO65HYBLUKMZ.scan

CompileC /Users/buddhirajgautam/Library/Developer/Xcode/DerivedData/Telegram-Mac-fygdgghdgmuleoelvxabfmqiotta/Build/Intermediates.noindex/FFMpegBinding.build/Debug/FFMpegBinding-t.build/Objects-normal/arm64/FFMpegVideoWriter.o /Users/buddhirajgautam/Documents/Cherrygram-Mac/macOS-Swift/submodules/telegram-ios/submodules/FFMpegBinding/Sources/FFMpegVideoWriter.m normal arm64 objective-c com.apple.compilers.llvm.clang.1_0.compiler (in target 'FFMpegBinding' from project 'FFMpegBinding')
    cd /Users/buddhirajgautam/Documents/Cherrygram-Mac/macOS-Swift
    
    Using response file: /Users/buddhirajgautam/Library/Developer/Xcode/DerivedData/Telegram-Mac-fygdgghdgmuleoelvxabfmqiotta/Build/Intermediates.noindex/FFMpegBinding.build/Debug/FFMpegBinding-t.build/Objects-normal/arm64/e6072d4f65d7061329687fe24e3d63a7-common-args.resp
    
    /Applications/Xcode.app/Contents/Developer/Toolchains/XcodeDefault.xctoolchain/usr/bin/clang -x objective-c -ivfsstatcache /Users/buddhirajgautam/Library/Developer/Xcode/DerivedData/SDKStatCaches.noindex/macosx27.0-26A425-e829b21a6f8c9b70876ba0858053c0447231f6df4def33e022ae2eb8f782df1a.sdkstatcache -target arm64-apple-macos12.0 -fmessage-length\=0 -fdiagnostics-show-note-include-stack -fmacro-backtrace-limit\=0 -fno-color-diagnostics -fmodules-prune-interval\=86400 -fmodules-prune-after\=345600 -fbuild-session-file\=/Users/buddhirajgautam/Library/Developer/Xcode/DerivedData/ModuleCache.noindex/Session.modulevalidation -fmodules-validate-once-per-build-session -Wnon-modular-include-in-framework-module -Werror\=non-modular-include-in-framework-module -Wno-trigraphs -Wno-missing-field-initializers -Wno-missing-prototypes -Wno-return-type -Wno-implicit-atomic-properties -Wno-objc-interface-ivars -Wno-arc-repeated-use-of-weak -Wno-missing-braces -Wparentheses -Wswitch -Wno-unused-function -Wno-unused-label -Wno-unused-parameter -Wno-unused-variable -Wunused-value -Wno-empty-body -Wno-uninitialized -Wno-unknown-pragmas -Wno-shadow -Wno-four-char-constants -Wno-conversion -Wno-constant-conversion -Wno-int-conversion -Wno-bool-conversion -Wno-enum-conversion -Wno-float-conversion -Wno-non-literal-null-conversion -Wno-objc-literal-conversion -Wshorten-64-to-32 -Wpointer-sign -Wno-newline-eof -Wno-selector -Wno-strict-selector-match -Wno-undeclared-selector -Wno-deprecated-implementations -Wno-implicit-fallthrough -isysroot /Applications/Xcode.app/Contents/Developer/Platforms/MacOSX.platform/Developer/SDKs/MacOSX27.0.sdk -fstrict-aliasing -Wprotocol -Wdeprecated-declarations -Wno-sign-conversion -Wno-infinite-recursion -Wno-comma -Wno-block-capture-autoreleasing -Wno-strict-prototypes -Wno-semicolon-before-method-body -index-store-path /Users/buddhirajgautam/Library/Developer/Xcode/DerivedData/Telegram-Mac-fygdgghdgmuleoelvxabfmqiotta/Index.noindex/DataStore @/Users/buddhirajgautam/Library/Developer/Xcode/DerivedData/Telegram-Mac-fygdgghdgmuleoelvxabfmqiotta/Build/Intermediates.noindex/FFMpegBinding.build/Debug/FFMpegBinding-t.build/Objects-normal/arm64/e6072d4f65d7061329687fe24e3d63a7-common-args.resp -MMD -MT dependencies -MF /Users/buddhirajgautam/Library/Developer/Xcode/DerivedData/Telegram-Mac-fygdgghdgmuleoelvxabfmqiotta/Build/Intermediates.noindex/FFMpegBinding.build/Debug/FFMpegBinding-t.build/Objects-normal/arm64/FFMpegVideoWriter.d --serialize-diagnostics /Users/buddhirajgautam/Library/Developer/Xcode/DerivedData/Telegram-Mac-fygdgghdgmuleoelvxabfmqiotta/Build/Intermediates.noindex/FFMpegBinding.build/Debug/FFMpegBinding-t.build/Objects-normal/arm64/FFMpegVideoWriter.dia -c /Users/buddhirajgautam/Documents/Cherrygram-Mac/macOS-Swift/submodules/telegram-ios/submodules/FFMpegBinding/Sources/FFMpegVideoWriter.m -o /Users/buddhirajgautam/Library/Developer/Xcode/DerivedData/Telegram-Mac-fygdgghdgmuleoelvxabfmqiotta/Build/Intermediates.noindex/FFMpegBinding.build/Debug/FFMpegBinding-t.build/Objects-normal/arm64/FFMpegVideoWriter.o -index-unit-output-path /FFMpegBinding.build/Debug/FFMpegBinding-t.build/Objects-normal/arm64/FFMpegVideoWriter.o

PrecompileModule /Users/buddhirajgautam/Library/Developer/Xcode/DerivedData/Telegram-Mac-fygdgghdgmuleoelvxabfmqiotta/Build/Intermediates.noindex/ExplicitPrecompiledModules/ptrcheck-8KIQQ6WMZUZO0QEIWA90974I2.scan
    cd /
    builtin-precompileModule /Users/buddhirajgautam/Library/Developer/Xcode/DerivedData/Telegram-Mac-fygdgghdgmuleoelvxabfmqiotta/Build/Intermediates.noindex/ExplicitPrecompiledModules/ptrcheck-8KIQQ6WMZUZO0QEIWA90974I2.scan

PrecompileModule /Users/buddhirajgautam/Library/Developer/Xcode/DerivedData/Telegram-Mac-fygdgghdgmuleoelvxabfmqiotta/Build/Intermediates.noindex/ExplicitPrecompiledModules/_Builtin_stdarg-7EDFKWQRMRRZ4YUCRCQ2QW18B.scan
    cd /
    builtin-precompileModule /Users/buddhirajgautam/Library/Developer/Xcode/DerivedData/Telegram-Mac-fygdgghdgmuleoelvxabfmqiotta/Build/Intermediates.noindex/ExplicitPrecompiledModules/_Builtin_stdarg-7EDFKWQRMRRZ4YUCRCQ2QW18B.scan

PrecompileModule /Users/buddhirajgautam/Library/Developer/Xcode/DerivedData/Telegram-Mac-fygdgghdgmuleoelvxabfmqiotta/Build/Intermediates.noindex/ExplicitPrecompiledModules/libkern-DWSMHYZJ0RG9H0JBVS386S3CZ.scan
    cd /
    builtin-precompileModule /Users/buddhirajgautam/Library/Developer/Xcode/DerivedData/Telegram-Mac-fygdgghdgmuleoelvxabfmqiotta/Build/Intermediates.noindex/ExplicitPrecompiledModules/libkern-DWSMHYZJ0RG9H0JBVS386S3CZ.scan

PrecompileModule /Users/buddhirajgautam/Library/Developer/Xcode/DerivedData/Telegram-Mac-fygdgghdgmuleoelvxabfmqiotta/Build/Intermediates.noindex/ExplicitPrecompiledModules/ObjectiveC-BWDTNIENBCO73II0SWP50E0ML.scan
    cd /
    builtin-precompileModule /Users/buddhirajgautam/Library/Developer/Xcode/DerivedData/Telegram-Mac-fygdgghdgmuleoelvxabfmqiotta/Build/Intermediates.noindex/ExplicitPrecompiledModules/ObjectiveC-BWDTNIENBCO73II0SWP50E0ML.scan

PrecompileModule /Users/buddhirajgautam/Library/Developer/Xcode/DerivedData/Telegram-Mac-fygdgghdgmuleoelvxabfmqiotta/Build/Intermediates.noindex/ExplicitPrecompiledModules/_Builtin_stddef-1KPL8QHS0RVJYEZQM8SO3QCDM.scan
    cd /
    builtin-precompileModule /Users/buddhirajgautam/Library/Developer/Xcode/DerivedData/Telegram-Mac-fygdgghdgmuleoelvxabfmqiotta/Build/Intermediates.noindex/ExplicitPrecompiledModules/_Builtin_stddef-1KPL8QHS0RVJYEZQM8SO3QCDM.scan

PrecompileModule /Users/buddhirajgautam/Library/Developer/Xcode/DerivedData/Telegram-Mac-fygdgghdgmuleoelvxabfmqiotta/Build/Intermediates.noindex/ExplicitPrecompiledModules/_Builtin_stdbool-V62Y3HUFQ0F0LIVS7D39Y6XW.scan
    cd /
    builtin-precompileModule /Users/buddhirajgautam/Library/Developer/Xcode/DerivedData/Telegram-Mac-fygdgghdgmuleoelvxabfmqiotta/Build/Intermediates.noindex/ExplicitPrecompiledModules/_Builtin_stdbool-V62Y3HUFQ0F0LIVS7D39Y6XW.scan

PrecompileModule /Users/buddhirajgautam/Library/Developer/Xcode/DerivedData/Telegram-Mac-fygdgghdgmuleoelvxabfmqiotta/Build/Intermediates.noindex/ExplicitPrecompiledModules/launch-6UDRM08P0CKZ9AD6VC02A7CQG.scan
    cd /
    builtin-precompileModule /Users/buddhirajgautam/Library/Developer/Xcode/DerivedData/Telegram-Mac-fygdgghdgmuleoelvxabfmqiotta/Build/Intermediates.noindex/ExplicitPrecompiledModules/launch-6UDRM08P0CKZ9AD6VC02A7CQG.scan

PrecompileModule /Users/buddhirajgautam/Library/Developer/Xcode/DerivedData/Telegram-Mac-fygdgghdgmuleoelvxabfmqiotta/Build/Intermediates.noindex/ExplicitPrecompiledModules/os_object-6U9OOAQVK2VPARSYCT5FZOGMX.scan
    cd /
    builtin-precompileModule /Users/buddhirajgautam/Library/Developer/Xcode/DerivedData/Telegram-Mac-fygdgghdgmuleoelvxabfmqiotta/Build/Intermediates.noindex/ExplicitPrecompiledModules/os_object-6U9OOAQVK2VPARSYCT5FZOGMX.scan

PrecompileModule /Users/buddhirajgautam/Library/Developer/Xcode/DerivedData/Telegram-Mac-fygdgghdgmuleoelvxabfmqiotta/Build/Intermediates.noindex/ExplicitPrecompiledModules/_Builtin_float-9UZ3KKBE10MATUJPXLFSHWYTD.scan
    cd /
    builtin-precompileModule /Users/buddhirajgautam/Library/Developer/Xcode/DerivedData/Telegram-Mac-fygdgghdgmuleoelvxabfmqiotta/Build/Intermediates.noindex/ExplicitPrecompiledModules/_Builtin_float-9UZ3KKBE10MATUJPXLFSHWYTD.scan

PrecompileModule /Users/buddhirajgautam/Library/Developer/Xcode/DerivedData/Telegram-Mac-fygdgghdgmuleoelvxabfmqiotta/Build/Intermediates.noindex/ExplicitPrecompiledModules/_AvailabilityInternal-6CMMRAIMTQBMK1MVB4W2ZHRYD.scan
    cd /
    builtin-precompileModule /Users/buddhirajgautam/Library/Developer/Xcode/DerivedData/Telegram-Mac-fygdgghdgmuleoelvxabfmqiotta/Build/Intermediates.noindex/ExplicitPrecompiledModules/_AvailabilityInternal-6CMMRAIMTQBMK1MVB4W2ZHRYD.scan

PrecompileModule /Users/buddhirajgautam/Library/Developer/Xcode/DerivedData/Telegram-Mac-fygdgghdgmuleoelvxabfmqiotta/Build/Intermediates.noindex/ExplicitPrecompiledModules/os_workgroup-48Z2F1UWAAYOK3BDTVU4AB695.scan
    cd /
    builtin-precompileModule /Users/buddhirajgautam/Library/Developer/Xcode/DerivedData/Telegram-Mac-fygdgghdgmuleoelvxabfmqiotta/Build/Intermediates.noindex/ExplicitPrecompiledModules/os_workgroup-48Z2F1UWAAYOK3BDTVU4AB695.scan

PrecompileModule /Users/buddhirajgautam/Library/Developer/Xcode/DerivedData/Telegram-Mac-fygdgghdgmuleoelvxabfmqiotta/Build/Intermediates.noindex/ExplicitPrecompiledModules/CUPS-8K225XNO6G6KJXBQULOEWAH1Y.scan
    cd /
    builtin-precompileModule /Users/buddhirajgautam/Library/Developer/Xcode/DerivedData/Telegram-Mac-fygdgghdgmuleoelvxabfmqiotta/Build/Intermediates.noindex/ExplicitPrecompiledModules/CUPS-8K225XNO6G6KJXBQULOEWAH1Y.scan

PrecompileModule /Users/buddhirajgautam/Library/Developer/Xcode/DerivedData/Telegram-Mac-fygdgghdgmuleoelvxabfmqiotta/Build/Intermediates.noindex/ExplicitPrecompiledModules/_DarwinFoundation1-EH2XRU548CE9JH7P0IK2B2NQ8.scan
    cd /
    builtin-precompileModule /Users/buddhirajgautam/Library/Developer/Xcode/DerivedData/Telegram-Mac-fygdgghdgmuleoelvxabfmqiotta/Build/Intermediates.noindex/ExplicitPrecompiledModules/_DarwinFoundation1-EH2XRU548CE9JH7P0IK2B2NQ8.scan

PrecompileModule /Users/buddhirajgautam/Library/Developer/Xcode/DerivedData/Telegram-Mac-fygdgghdgmuleoelvxabfmqiotta/Build/Intermediates.noindex/ExplicitPrecompiledModules/Dispatch-68M6VXB3UM0HD6Q5UNX6R9I7W.scan
    cd /
    builtin-precompileModule /Users/buddhirajgautam/Library/Developer/Xcode/DerivedData/Telegram-Mac-fygdgghdgmuleoelvxabfmqiotta/Build/Intermediates.noindex/ExplicitPrecompiledModules/Dispatch-68M6VXB3UM0HD6Q5UNX6R9I7W.scan

ScanDependencies /Users/buddhirajgautam/Library/Developer/Xcode/DerivedData/Telegram-Mac-fygdgghdgmuleoelvxabfmqiotta/Build/Intermediates.noindex/Firebase.build/Debug/FirebaseCrashlytics-t.build/Objects-normal/arm64/FIRCrashlyticsReport.o /Users/buddhirajgautam/Library/Developer/Xcode/DerivedData/Telegram-Mac-fygdgghdgmuleoelvxabfmqiotta/SourcePackages/checkouts/firebase-ios-sdk/Crashlytics/Crashlytics/FIRCrashlyticsReport.m normal arm64 objective-c com.apple.compilers.llvm.clang.1_0.compiler (in target 'FirebaseCrashlytics' from project 'Firebase')
    cd /Users/buddhirajgautam/Documents/Cherrygram-Mac/macOS-Swift
    
    Using response file: /Users/buddhirajgautam/Library/Developer/Xcode/DerivedData/Telegram-Mac-fygdgghdgmuleoelvxabfmqiotta/Build/Intermediates.noindex/Firebase.build/Debug/FirebaseCrashlytics-t.build/Objects-normal/arm64/e6072d4f65d7061329687fe24e3d63a7-common-args.resp
    
    builtin-ScanDependencies -o /Users/buddhirajgautam/Library/Developer/Xcode/DerivedData/Telegram-Mac-fygdgghdgmuleoelvxabfmqiotta/Build/Intermediates.noindex/Firebase.build/Debug/FirebaseCrashlytics-t.build/Objects-normal/arm64/FIRCrashlyticsReport.o.scan -- /Applications/Xcode.app/Contents/Developer/Toolchains/XcodeDefault.xctoolchain/usr/bin/clang -x objective-c -ivfsstatcache /Users/buddhirajgautam/Library/Developer/Xcode/DerivedData/SDKStatCaches.noindex/macosx27.0-26A425-e829b21a6f8c9b70876ba0858053c0447231f6df4def33e022ae2eb8f782df1a.sdkstatcache -target arm64-apple-macos12.0 -fmessage-length\=0 -fdiagnostics-show-note-include-stack -fmacro-backtrace-limit\=0 -fno-color-diagnostics -fmodules-prune-interval\=86400 -fmodules-prune-after\=345600 -fbuild-session-file\=/Users/buddhirajgautam/Library/Developer/Xcode/DerivedData/ModuleCache.noindex/Session.modulevalidation -fmodules-validate-once-per-build-session -Wnon-modular-include-in-framework-module -Werror\=non-modular-include-in-framework-module -Wno-trigraphs -Wno-missing-field-initializers -Wno-missing-prototypes -Wno-return-type -Wno-implicit-atomic-properties -Wno-objc-interface-ivars -Wno-arc-repeated-use-of-weak -Wno-missing-braces -Wparentheses -Wswitch -Wno-unused-function -Wno-unused-label -Wno-unused-parameter -Wno-unused-variable -Wunused-value -Wno-empty-body -Wno-uninitialized -Wno-unknown-pragmas -w -Wno-shadow -Wno-four-char-constants -Wno-conversion -Wno-constant-conversion -Wno-int-conversion -Wno-bool-conversion -Wno-enum-conversion -Wno-float-conversion -Wno-non-literal-null-conversion -Wno-objc-literal-conversion -Wshorten-64-to-32 -Wpointer-sign -Wno-newline-eof -Wno-selector -Wno-strict-selector-match -Wno-undeclared-selector -Wno-deprecated-implementations -Wno-implicit-fallthrough -isysroot /Applications/Xcode.app/Contents/Developer/Platforms/MacOSX.platform/Developer/SDKs/MacOSX27.0.sdk -fstrict-aliasing -Wprotocol -Wdeprecated-declarations -Wno-sign-conversion -Wno-infinite-recursion -Wno-comma -Wno-block-capture-autoreleasing -Wno-strict-prototypes -Wno-semicolon-before-method-body -index-store-path /Users/buddhirajgautam/Library/Developer/Xcode/DerivedData/Telegram-Mac-fygdgghdgmuleoelvxabfmqiotta/Index.noindex/DataStore @/Users/buddhirajgautam/Library/Developer/Xcode/DerivedData/Telegram-Mac-fygdgghdgmuleoelvxabfmqiotta/Build/Intermediates.noindex/Firebase.build/Debug/FirebaseCrashlytics-t.build/Objects-normal/arm64/e6072d4f65d7061329687fe24e3d63a7-common-args.resp -MMD -MT dependencies -MF /Users/buddhirajgautam/Library/Developer/Xcode/DerivedData/Telegram-Mac-fygdgghdgmuleoelvxabfmqiotta/Build/Intermediates.noindex/Firebase.build/Debug/FirebaseCrashlytics-t.build/Objects-normal/arm64/FIRCrashlyticsReport.d --serialize-diagnostics /Users/buddhirajgautam/Library/Developer/Xcode/DerivedData/Telegram-Mac-fygdgghdgmuleoelvxabfmqiotta/Build/Intermediates.noindex/Firebase.build/Debug/FirebaseCrashlytics-t.build/Objects-normal/arm64/FIRCrashlyticsReport.dia -c /Users/buddhirajgautam/Library/Developer/Xcode/DerivedData/Telegram-Mac-fygdgghdgmuleoelvxabfmqiotta/SourcePackages/checkouts/firebase-ios-sdk/Crashlytics/Crashlytics/FIRCrashlyticsReport.m -o /Users/buddhirajgautam/Library/Developer/Xcode/DerivedData/Telegram-Mac-fygdgghdgmuleoelvxabfmqiotta/Build/Intermediates.noindex/Firebase.build/Debug/FirebaseCrashlytics-t.build/Objects-normal/arm64/FIRCrashlyticsReport.o -index-unit-output-path /Firebase.build/Debug/FirebaseCrashlytics-t.build/Objects-normal/arm64/FIRCrashlyticsReport.o

PrecompileModule /Users/buddhirajgautam/Library/Developer/Xcode/DerivedData/Telegram-Mac-fygdgghdgmuleoelvxabfmqiotta/Build/Intermediates.noindex/ExplicitPrecompiledModules/_DarwinFoundation2-DNU74T12KKCTEDDXLC8W6K3JW.scan
    cd /
    builtin-precompileModule /Users/buddhirajgautam/Library/Developer/Xcode/DerivedData/Telegram-Mac-fygdgghdgmuleoelvxabfmqiotta/Build/Intermediates.noindex/ExplicitPrecompiledModules/_DarwinFoundation2-DNU74T12KKCTEDDXLC8W6K3JW.scan

PrecompileModule /Users/buddhirajgautam/Library/Developer/Xcode/DerivedData/Telegram-Mac-fygdgghdgmuleoelvxabfmqiotta/Build/Intermediates.noindex/ExplicitPrecompiledModules/XPC-2A1G3SENCQCR41G6JPGY6B9SB.scan
    cd /
    builtin-precompileModule /Users/buddhirajgautam/Library/Developer/Xcode/DerivedData/Telegram-Mac-fygdgghdgmuleoelvxabfmqiotta/Build/Intermediates.noindex/ExplicitPrecompiledModules/XPC-2A1G3SENCQCR41G6JPGY6B9SB.scan

PrecompileModule /Users/buddhirajgautam/Library/Developer/Xcode/DerivedData/Telegram-Mac-fygdgghdgmuleoelvxabfmqiotta/Build/Intermediates.noindex/ExplicitPrecompiledModules/CoreFoundation-Z5RBVSVQ2V69AX94KL4PLY7L.scan
    cd /
    builtin-precompileModule /Users/buddhirajgautam/Library/Developer/Xcode/DerivedData/Telegram-Mac-fygdgghdgmuleoelvxabfmqiotta/Build/Intermediates.noindex/ExplicitPrecompiledModules/CoreFoundation-Z5RBVSVQ2V69AX94KL4PLY7L.scan

ScanDependencies /Users/buddhirajgautam/Library/Developer/Xcode/DerivedData/Telegram-Mac-fygdgghdgmuleoelvxabfmqiotta/Build/Intermediates.noindex/Firebase.build/Debug/FirebaseCrashlytics-t.build/Objects-normal/arm64/FIRCrashlytics.o /Users/buddhirajgautam/Library/Developer/Xcode/DerivedData/Telegram-Mac-fygdgghdgmuleoelvxabfmqiotta/SourcePackages/checkouts/firebase-ios-sdk/Crashlytics/Crashlytics/FIRCrashlytics.m normal arm64 objective-c com.apple.compilers.llvm.clang.1_0.compiler (in target 'FirebaseCrashlytics' from project 'Firebase')
    cd /Users/buddhirajgautam/Documents/Cherrygram-Mac/macOS-Swift
    
    Using response file: /Users/buddhirajgautam/Library/Developer/Xcode/DerivedData/Telegram-Mac-fygdgghdgmuleoelvxabfmqiotta/Build/Intermediates.noindex/Firebase.build/Debug/FirebaseCrashlytics-t.build/Objects-normal/arm64/e6072d4f65d7061329687fe24e3d63a7-common-args.resp
    
    builtin-ScanDependencies -o /Users/buddhirajgautam/Library/Developer/Xcode/DerivedData/Telegram-Mac-fygdgghdgmuleoelvxabfmqiotta/Build/Intermediates.noindex/Firebase.build/Debug/FirebaseCrashlytics-t.build/Objects-normal/arm64/FIRCrashlytics.o.scan -- /Applications/Xcode.app/Contents/Developer/Toolchains/XcodeDefault.xctoolchain/usr/bin/clang -x objective-c -ivfsstatcache /Users/buddhirajgautam/Library/Developer/Xcode/DerivedData/SDKStatCaches.noindex/macosx27.0-26A425-e829b21a6f8c9b70876ba0858053c0447231f6df4def33e022ae2eb8f782df1a.sdkstatcache -target arm64-apple-macos12.0 -fmessage-length\=0 -fdiagnostics-show-note-include-stack -fmacro-backtrace-limit\=0 -fno-color-diagnostics -fmodules-prune-interval\=86400 -fmodules-prune-after\=345600 -fbuild-session-file\=/Users/buddhirajgautam/Library/Developer/Xcode/DerivedData/ModuleCache.noindex/Session.modulevalidation -fmodules-validate-once-per-build-session -Wnon-modular-include-in-framework-module -Werror\=non-modular-include-in-framework-module -Wno-trigraphs -Wno-missing-field-initializers -Wno-missing-prototypes -Wno-return-type -Wno-implicit-atomic-properties -Wno-objc-interface-ivars -Wno-arc-repeated-use-of-weak -Wno-missing-braces -Wparentheses -Wswitch -Wno-unused-function -Wno-unused-label -Wno-unused-parameter -Wno-unused-variable -Wunused-value -Wno-empty-body -Wno-uninitialized -Wno-unknown-pragmas -w -Wno-shadow -Wno-four-char-constants -Wno-conversion -Wno-constant-conversion -Wno-int-conversion -Wno-bool-conversion -Wno-enum-conversion -Wno-float-conversion -Wno-non-literal-null-conversion -Wno-objc-literal-conversion -Wshorten-64-to-32 -Wpointer-sign -Wno-newline-eof -Wno-selector -Wno-strict-selector-match -Wno-undeclared-selector -Wno-deprecated-implementations -Wno-implicit-fallthrough -isysroot /Applications/Xcode.app/Contents/Developer/Platforms/MacOSX.platform/Developer/SDKs/MacOSX27.0.sdk -fstrict-aliasing -Wprotocol -Wdeprecated-declarations -Wno-sign-conversion -Wno-infinite-recursion -Wno-comma -Wno-block-capture-autoreleasing -Wno-strict-prototypes -Wno-semicolon-before-method-body -index-store-path /Users/buddhirajgautam/Library/Developer/Xcode/DerivedData/Telegram-Mac-fygdgghdgmuleoelvxabfmqiotta/Index.noindex/DataStore @/Users/buddhirajgautam/Library/Developer/Xcode/DerivedData/Telegram-Mac-fygdgghdgmuleoelvxabfmqiotta/Build/Intermediates.noindex/Firebase.build/Debug/FirebaseCrashlytics-t.build/Objects-normal/arm64/e6072d4f65d7061329687fe24e3d63a7-common-args.resp -MMD -MT dependencies -MF /Users/buddhirajgautam/Library/Developer/Xcode/DerivedData/Telegram-Mac-fygdgghdgmuleoelvxabfmqiotta/Build/Intermediates.noindex/Firebase.build/Debug/FirebaseCrashlytics-t.build/Objects-normal/arm64/FIRCrashlytics.d --serialize-diagnostics /Users/buddhirajgautam/Library/Developer/Xcode/DerivedData/Telegram-Mac-fygdgghdgmuleoelvxabfmqiotta/Build/Intermediates.noindex/Firebase.build/Debug/FirebaseCrashlytics-t.build/Objects-normal/arm64/FIRCrashlytics.dia -c /Users/buddhirajgautam/Library/Developer/Xcode/DerivedData/Telegram-Mac-fygdgghdgmuleoelvxabfmqiotta/SourcePackages/checkouts/firebase-ios-sdk/Crashlytics/Crashlytics/FIRCrashlytics.m -o /Users/buddhirajgautam/Library/Developer/Xcode/DerivedData/Telegram-Mac-fygdgghdgmuleoelvxabfmqiotta/Build/Intermediates.noindex/Firebase.build/Debug/FirebaseCrashlytics-t.build/Objects-normal/arm64/FIRCrashlytics.o -index-unit-output-path /Firebase.build/Debug/FirebaseCrashlytics-t.build/Objects-normal/arm64/FIRCrashlytics.o

PrecompileModule /Users/buddhirajgautam/Library/Developer/Xcode/DerivedData/Telegram-Mac-fygdgghdgmuleoelvxabfmqiotta/Build/Intermediates.noindex/ExplicitPrecompiledModules/ptrcheck-BQN91S5RCF3Y8CIQ4D63V3MD2.scan
    cd /
    builtin-precompileModule /Users/buddhirajgautam/Library/Developer/Xcode/DerivedData/Telegram-Mac-fygdgghdgmuleoelvxabfmqiotta/Build/Intermediates.noindex/ExplicitPrecompiledModules/ptrcheck-BQN91S5RCF3Y8CIQ4D63V3MD2.scan

PrecompileModule /Users/buddhirajgautam/Library/Developer/Xcode/DerivedData/Telegram-Mac-fygdgghdgmuleoelvxabfmqiotta/Build/Intermediates.noindex/ExplicitPrecompiledModules/_Builtin_stdint-3BL7JG10O9CLB431F2QYNZBWA.scan
    cd /
    builtin-precompileModule /Users/buddhirajgautam/Library/Developer/Xcode/DerivedData/Telegram-Mac-fygdgghdgmuleoelvxabfmqiotta/Build/Intermediates.noindex/ExplicitPrecompiledModules/_Builtin_stdint-3BL7JG10O9CLB431F2QYNZBWA.scan

PrecompileModule /Users/buddhirajgautam/Library/Developer/Xcode/DerivedData/Telegram-Mac-fygdgghdgmuleoelvxabfmqiotta/Build/Intermediates.noindex/ExplicitPrecompiledModules/ptrauth-A2SGCGSQ593NMM5N9JWEITYBC.scan
    cd /
    builtin-precompileModule /Users/buddhirajgautam/Library/Developer/Xcode/DerivedData/Telegram-Mac-fygdgghdgmuleoelvxabfmqiotta/Build/Intermediates.noindex/ExplicitPrecompiledModules/ptrauth-A2SGCGSQ593NMM5N9JWEITYBC.scan

PrecompileModule /Users/buddhirajgautam/Library/Developer/Xcode/DerivedData/Telegram-Mac-fygdgghdgmuleoelvxabfmqiotta/Build/Intermediates.noindex/ExplicitPrecompiledModules/_Builtin_float-AV3CJZZL7XE5BDSZBDOYWH19Q.scan
    cd /
    builtin-precompileModule /Users/buddhirajgautam/Library/Developer/Xcode/DerivedData/Telegram-Mac-fygdgghdgmuleoelvxabfmqiotta/Build/Intermediates.noindex/ExplicitPrecompiledModules/_Builtin_float-AV3CJZZL7XE5BDSZBDOYWH19Q.scan

PrecompileModule /Users/buddhirajgautam/Library/Developer/Xcode/DerivedData/Telegram-Mac-fygdgghdgmuleoelvxabfmqiotta/Build/Intermediates.noindex/ExplicitPrecompiledModules/_DarwinFoundation3-7374MND8X5X77RZXOYLP7JFJN.scan
    cd /
    builtin-precompileModule /Users/buddhirajgautam/Library/Developer/Xcode/DerivedData/Telegram-Mac-fygdgghdgmuleoelvxabfmqiotta/Build/Intermediates.noindex/ExplicitPrecompiledModules/_DarwinFoundation3-7374MND8X5X77RZXOYLP7JFJN.scan

PrecompileModule /Users/buddhirajgautam/Library/Developer/Xcode/DerivedData/Telegram-Mac-fygdgghdgmuleoelvxabfmqiotta/Build/Intermediates.noindex/ExplicitPrecompiledModules/_Builtin_stddef-5KPFAJE87ZQNDZK8EUIP96Y4Z.scan
    cd /
    builtin-precompileModule /Users/buddhirajgautam/Library/Developer/Xcode/DerivedData/Telegram-Mac-fygdgghdgmuleoelvxabfmqiotta/Build/Intermediates.noindex/ExplicitPrecompiledModules/_Builtin_stddef-5KPFAJE87ZQNDZK8EUIP96Y4Z.scan

PrecompileModule /Users/buddhirajgautam/Library/Developer/Xcode/DerivedData/Telegram-Mac-fygdgghdgmuleoelvxabfmqiotta/Build/Intermediates.noindex/ExplicitPrecompiledModules/_Builtin_stdarg-52IN7KY2ZWFQSE92J8YCDLXE5.scan
    cd /
    builtin-precompileModule /Users/buddhirajgautam/Library/Developer/Xcode/DerivedData/Telegram-Mac-fygdgghdgmuleoelvxabfmqiotta/Build/Intermediates.noindex/ExplicitPrecompiledModules/_Builtin_stdarg-52IN7KY2ZWFQSE92J8YCDLXE5.scan

PrecompileModule /Users/buddhirajgautam/Library/Developer/Xcode/DerivedData/Telegram-Mac-fygdgghdgmuleoelvxabfmqiotta/Build/Intermediates.noindex/ExplicitPrecompiledModules/_AvailabilityInternal-1KDRK4L0O22LTNRRD3L80LLPL.scan
    cd /
    builtin-precompileModule /Users/buddhirajgautam/Library/Developer/Xcode/DerivedData/Telegram-Mac-fygdgghdgmuleoelvxabfmqiotta/Build/Intermediates.noindex/ExplicitPrecompiledModules/_AvailabilityInternal-1KDRK4L0O22LTNRRD3L80LLPL.scan

PrecompileModule /Users/buddhirajgautam/Library/Developer/Xcode/DerivedData/Telegram-Mac-fygdgghdgmuleoelvxabfmqiotta/Build/Intermediates.noindex/ExplicitPrecompiledModules/IOKit-8GMOHHO9CRBI2UMB7Q3ES5L3B.scan
    cd /
    builtin-precompileModule /Users/buddhirajgautam/Library/Developer/Xcode/DerivedData/Telegram-Mac-fygdgghdgmuleoelvxabfmqiotta/Build/Intermediates.noindex/ExplicitPrecompiledModules/IOKit-8GMOHHO9CRBI2UMB7Q3ES5L3B.scan

PrecompileModule /Users/buddhirajgautam/Library/Developer/Xcode/DerivedData/Telegram-Mac-fygdgghdgmuleoelvxabfmqiotta/Build/Intermediates.noindex/ExplicitPrecompiledModules/ColorSync-9FBL92RDDL41DF6QUXM2TQFBX.scan
    cd /
    builtin-precompileModule /Users/buddhirajgautam/Library/Developer/Xcode/DerivedData/Telegram-Mac-fygdgghdgmuleoelvxabfmqiotta/Build/Intermediates.noindex/ExplicitPrecompiledModules/ColorSync-9FBL92RDDL41DF6QUXM2TQFBX.scan

PrecompileModule /Users/buddhirajgautam/Library/Developer/Xcode/DerivedData/Telegram-Mac-fygdgghdgmuleoelvxabfmqiotta/Build/Intermediates.noindex/ExplicitPrecompiledModules/CFNetwork-COAK8D50L0TRV7K32BNX7ZKQP.scan
    cd /
    builtin-precompileModule /Users/buddhirajgautam/Library/Developer/Xcode/DerivedData/Telegram-Mac-fygdgghdgmuleoelvxabfmqiotta/Build/Intermediates.noindex/ExplicitPrecompiledModules/CFNetwork-COAK8D50L0TRV7K32BNX7ZKQP.scan

PrecompileModule /Users/buddhirajgautam/Library/Developer/Xcode/DerivedData/Telegram-Mac-fygdgghdgmuleoelvxabfmqiotta/Build/Intermediates.noindex/ExplicitPrecompiledModules/_DarwinFoundation1-70YKPVFAX43B78OGXM6LNB61W.scan
    cd /
    builtin-precompileModule /Users/buddhirajgautam/Library/Developer/Xcode/DerivedData/Telegram-Mac-fygdgghdgmuleoelvxabfmqiotta/Build/Intermediates.noindex/ExplicitPrecompiledModules/_DarwinFoundation1-70YKPVFAX43B78OGXM6LNB61W.scan

PrecompileModule /Users/buddhirajgautam/Library/Developer/Xcode/DerivedData/Telegram-Mac-fygdgghdgmuleoelvxabfmqiotta/Build/Intermediates.noindex/ExplicitPrecompiledModules/nanopb-EXIMW0Z08CNCM12F5KAA2M2B.scan
    cd /
    builtin-precompileModule /Users/buddhirajgautam/Library/Developer/Xcode/DerivedData/Telegram-Mac-fygdgghdgmuleoelvxabfmqiotta/Build/Intermediates.noindex/ExplicitPrecompiledModules/nanopb-EXIMW0Z08CNCM12F5KAA2M2B.scan

PrecompileModule /Users/buddhirajgautam/Library/Developer/Xcode/DerivedData/Telegram-Mac-fygdgghdgmuleoelvxabfmqiotta/Build/Intermediates.noindex/ExplicitPrecompiledModules/_Builtin_stdbool-2QQCS9UTTVFNHDQ40J5RVSUVA.scan
    cd /
    builtin-precompileModule /Users/buddhirajgautam/Library/Developer/Xcode/DerivedData/Telegram-Mac-fygdgghdgmuleoelvxabfmqiotta/Build/Intermediates.noindex/ExplicitPrecompiledModules/_Builtin_stdbool-2QQCS9UTTVFNHDQ40J5RVSUVA.scan

PrecompileModule /Users/buddhirajgautam/Library/Developer/Xcode/DerivedData/Telegram-Mac-fygdgghdgmuleoelvxabfmqiotta/Build/Intermediates.noindex/ExplicitPrecompiledModules/Security-ARWGUYNRU6E9URO2AYHLNY2SQ.scan
    cd /
    builtin-precompileModule /Users/buddhirajgautam/Library/Developer/Xcode/DerivedData/Telegram-Mac-fygdgghdgmuleoelvxabfmqiotta/Build/Intermediates.noindex/ExplicitPrecompiledModules/Security-ARWGUYNRU6E9URO2AYHLNY2SQ.scan

ScanDependencies /Users/buddhirajgautam/Library/Developer/Xcode/DerivedData/Telegram-Mac-fygdgghdgmuleoelvxabfmqiotta/Build/Intermediates.noindex/Firebase.build/Debug/FirebaseCrashlytics-t.build/Objects-normal/arm64/FIRCLSdSYM.o /Users/buddhirajgautam/Library/Developer/Xcode/DerivedData/Telegram-Mac-fygdgghdgmuleoelvxabfmqiotta/SourcePackages/checkouts/firebase-ios-sdk/Crashlytics/Shared/FIRCLSMachO/FIRCLSdSYM.m normal arm64 objective-c com.apple.compilers.llvm.clang.1_0.compiler (in target 'FirebaseCrashlytics' from project 'Firebase')
    cd /Users/buddhirajgautam/Documents/Cherrygram-Mac/macOS-Swift
    
    Using response file: /Users/buddhirajgautam/Library/Developer/Xcode/DerivedData/Telegram-Mac-fygdgghdgmuleoelvxabfmqiotta/Build/Intermediates.noindex/Firebase.build/Debug/FirebaseCrashlytics-t.build/Objects-normal/arm64/e6072d4f65d7061329687fe24e3d63a7-common-args.resp
    
    builtin-ScanDependencies -o /Users/buddhirajgautam/Library/Developer/Xcode/DerivedData/Telegram-Mac-fygdgghdgmuleoelvxabfmqiotta/Build/Intermediates.noindex/Firebase.build/Debug/FirebaseCrashlytics-t.build/Objects-normal/arm64/FIRCLSdSYM.o.scan -- /Applications/Xcode.app/Contents/Developer/Toolchains/XcodeDefault.xctoolchain/usr/bin/clang -x objective-c -ivfsstatcache /Users/buddhirajgautam/Library/Developer/Xcode/DerivedData/SDKStatCaches.noindex/macosx27.0-26A425-e829b21a6f8c9b70876ba0858053c0447231f6df4def33e022ae2eb8f782df1a.sdkstatcache -target arm64-apple-macos12.0 -fmessage-length\=0 -fdiagnostics-show-note-include-stack -fmacro-backtrace-limit\=0 -fno-color-diagnostics -fmodules-prune-interval\=86400 -fmodules-prune-after\=345600 -fbuild-session-file\=/Users/buddhirajgautam/Library/Developer/Xcode/DerivedData/ModuleCache.noindex/Session.modulevalidation -fmodules-validate-once-per-build-session -Wnon-modular-include-in-framework-module -Werror\=non-modular-include-in-framework-module -Wno-trigraphs -Wno-missing-field-initializers -Wno-missing-prototypes -Wno-return-type -Wno-implicit-atomic-properties -Wno-objc-interface-ivars -Wno-arc-repeated-use-of-weak -Wno-missing-braces -Wparentheses -Wswitch -Wno-unused-function -Wno-unused-label -Wno-unused-parameter -Wno-unused-variable -Wunused-value -Wno-empty-body -Wno-uninitialized -Wno-unknown-pragmas -w -Wno-shadow -Wno-four-char-constants -Wno-conversion -Wno-constant-conversion -Wno-int-conversion -Wno-bool-conversion -Wno-enum-conversion -Wno-float-conversion -Wno-non-literal-null-conversion -Wno-objc-literal-conversion -Wshorten-64-to-32 -Wpointer-sign -Wno-newline-eof -Wno-selector -Wno-strict-selector-match -Wno-undeclared-selector -Wno-deprecated-implementations -Wno-implicit-fallthrough -isysroot /Applications/Xcode.app/Contents/Developer/Platforms/MacOSX.platform/Developer/SDKs/MacOSX27.0.sdk -fstrict-aliasing -Wprotocol -Wdeprecated-declarations -Wno-sign-conversion -Wno-infinite-recursion -Wno-comma -Wno-block-capture-autoreleasing -Wno-strict-prototypes -Wno-semicolon-before-method-body -index-store-path /Users/buddhirajgautam/Library/Developer/Xcode/DerivedData/Telegram-Mac-fygdgghdgmuleoelvxabfmqiotta/Index.noindex/DataStore @/Users/buddhirajgautam/Library/Developer/Xcode/DerivedData/Telegram-Mac-fygdgghdgmuleoelvxabfmqiotta/Build/Intermediates.noindex/Firebase.build/Debug/FirebaseCrashlytics-t.build/Objects-normal/arm64/e6072d4f65d7061329687fe24e3d63a7-common-args.resp -MMD -MT dependencies -MF /Users/buddhirajgautam/Library/Developer/Xcode/DerivedData/Telegram-Mac-fygdgghdgmuleoelvxabfmqiotta/Build/Intermediates.noindex/Firebase.build/Debug/FirebaseCrashlytics-t.build/Objects-normal/arm64/FIRCLSdSYM.d --serialize-diagnostics /Users/buddhirajgautam/Library/Developer/Xcode/DerivedData/Telegram-Mac-fygdgghdgmuleoelvxabfmqiotta/Build/Intermediates.noindex/Firebase.build/Debug/FirebaseCrashlytics-t.build/Objects-normal/arm64/FIRCLSdSYM.dia -c /Users/buddhirajgautam/Library/Developer/Xcode/DerivedData/Telegram-Mac-fygdgghdgmuleoelvxabfmqiotta/SourcePackages/checkouts/firebase-ios-sdk/Crashlytics/Shared/FIRCLSMachO/FIRCLSdSYM.m -o /Users/buddhirajgautam/Library/Developer/Xcode/DerivedData/Telegram-Mac-fygdgghdgmuleoelvxabfmqiotta/Build/Intermediates.noindex/Firebase.build/Debug/FirebaseCrashlytics-t.build/Objects-normal/arm64/FIRCLSdSYM.o -index-unit-output-path /Firebase.build/Debug/FirebaseCrashlytics-t.build/Objects-normal/arm64/FIRCLSdSYM.o

ScanDependencies /Users/buddhirajgautam/Library/Developer/Xcode/DerivedData/Telegram-Mac-fygdgghdgmuleoelvxabfmqiotta/Build/Intermediates.noindex/Firebase.build/Debug/FirebaseCrashlytics-t.build/Objects-normal/arm64/FIRCLSUtility.o /Users/buddhirajgautam/Library/Developer/Xcode/DerivedData/Telegram-Mac-fygdgghdgmuleoelvxabfmqiotta/SourcePackages/checkouts/firebase-ios-sdk/Crashlytics/Crashlytics/Helpers/FIRCLSUtility.m normal arm64 objective-c com.apple.compilers.llvm.clang.1_0.compiler (in target 'FirebaseCrashlytics' from project 'Firebase')
    cd /Users/buddhirajgautam/Documents/Cherrygram-Mac/macOS-Swift
    
    Using response file: /Users/buddhirajgautam/Library/Developer/Xcode/DerivedData/Telegram-Mac-fygdgghdgmuleoelvxabfmqiotta/Build/Intermediates.noindex/Firebase.build/Debug/FirebaseCrashlytics-t.build/Objects-normal/arm64/e6072d4f65d7061329687fe24e3d63a7-common-args.resp
    
    builtin-ScanDependencies -o /Users/buddhirajgautam/Library/Developer/Xcode/DerivedData/Telegram-Mac-fygdgghdgmuleoelvxabfmqiotta/Build/Intermediates.noindex/Firebase.build/Debug/FirebaseCrashlytics-t.build/Objects-normal/arm64/FIRCLSUtility.o.scan -- /Applications/Xcode.app/Contents/Developer/Toolchains/XcodeDefault.xctoolchain/usr/bin/clang -x objective-c -ivfsstatcache /Users/buddhirajgautam/Library/Developer/Xcode/DerivedData/SDKStatCaches.noindex/macosx27.0-26A425-e829b21a6f8c9b70876ba0858053c0447231f6df4def33e022ae2eb8f782df1a.sdkstatcache -target arm64-apple-macos12.0 -fmessage-length\=0 -fdiagnostics-show-note-include-stack -fmacro-backtrace-limit\=0 -fno-color-diagnostics -fmodules-prune-interval\=86400 -fmodules-prune-after\=345600 -fbuild-session-file\=/Users/buddhirajgautam/Library/Developer/Xcode/DerivedData/ModuleCache.noindex/Session.modulevalidation -fmodules-validate-once-per-build-session -Wnon-modular-include-in-framework-module -Werror\=non-modular-include-in-framework-module -Wno-trigraphs -Wno-missing-field-initializers -Wno-missing-prototypes -Wno-return-type -Wno-implicit-atomic-properties -Wno-objc-interface-ivars -Wno-arc-repeated-use-of-weak -Wno-missing-braces -Wparentheses -Wswitch -Wno-unused-function -Wno-unused-label -Wno-unused-parameter -Wno-unused-variable -Wunused-value -Wno-empty-body -Wno-uninitialized -Wno-unknown-pragmas -w -Wno-shadow -Wno-four-char-constants -Wno-conversion -Wno-constant-conversion -Wno-int-conversion -Wno-bool-conversion -Wno-enum-conversion -Wno-float-conversion -Wno-non-literal-null-conversion -Wno-objc-literal-conversion -Wshorten-64-to-32 -Wpointer-sign -Wno-newline-eof -Wno-selector -Wno-strict-selector-match -Wno-undeclared-selector -Wno-deprecated-implementations -Wno-implicit-fallthrough -isysroot /Applications/Xcode.app/Contents/Developer/Platforms/MacOSX.platform/Developer/SDKs/MacOSX27.0.sdk -fstrict-aliasing -Wprotocol -Wdeprecated-declarations -Wno-sign-conversion -Wno-infinite-recursion -Wno-comma -Wno-block-capture-autoreleasing -Wno-strict-prototypes -Wno-semicolon-before-method-body -index-store-path /Users/buddhirajgautam/Library/Developer/Xcode/DerivedData/Telegram-Mac-fygdgghdgmuleoelvxabfmqiotta/Index.noindex/DataStore @/Users/buddhirajgautam/Library/Developer/Xcode/DerivedData/Telegram-Mac-fygdgghdgmuleoelvxabfmqiotta/Build/Intermediates.noindex/Firebase.build/Debug/FirebaseCrashlytics-t.build/Objects-normal/arm64/e6072d4f65d7061329687fe24e3d63a7-common-args.resp -MMD -MT dependencies -MF /Users/buddhirajgautam/Library/Developer/Xcode/DerivedData/Telegram-Mac-fygdgghdgmuleoelvxabfmqiotta/Build/Intermediates.noindex/Firebase.build/Debug/FirebaseCrashlytics-t.build/Objects-normal/arm64/FIRCLSUtility.d --serialize-diagnostics /Users/buddhirajgautam/Library/Developer/Xcode/DerivedData/Telegram-Mac-fygdgghdgmuleoelvxabfmqiotta/Build/Intermediates.noindex/Firebase.build/Debug/FirebaseCrashlytics-t.build/Objects-normal/arm64/FIRCLSUtility.dia -c /Users/buddhirajgautam/Library/Developer/Xcode/DerivedData/Telegram-Mac-fygdgghdgmuleoelvxabfmqiotta/SourcePackages/checkouts/firebase-ios-sdk/Crashlytics/Crashlytics/Helpers/FIRCLSUtility.m -o /Users/buddhirajgautam/Library/Developer/Xcode/DerivedData/Telegram-Mac-fygdgghdgmuleoelvxabfmqiotta/Build/Intermediates.noindex/Firebase.build/Debug/FirebaseCrashlytics-t.build/Objects-normal/arm64/FIRCLSUtility.o -index-unit-output-path /Firebase.build/Debug/FirebaseCrashlytics-t.build/Objects-normal/arm64/FIRCLSUtility.o

CompileC /Users/buddhirajgautam/Library/Developer/Xcode/DerivedData/Telegram-Mac-fygdgghdgmuleoelvxabfmqiotta/Build/Intermediates.noindex/Firebase.build/Debug/FirebaseCrashlytics-t.build/Objects-normal/arm64/crashlytics.nanopb.o /Users/buddhirajgautam/Library/Developer/Xcode/DerivedData/Telegram-Mac-fygdgghdgmuleoelvxabfmqiotta/SourcePackages/checkouts/firebase-ios-sdk/Crashlytics/Protogen/nanopb/crashlytics.nanopb.c normal arm64 c com.apple.compilers.llvm.clang.1_0.compiler (in target 'FirebaseCrashlytics' from project 'Firebase')
    cd /Users/buddhirajgautam/Documents/Cherrygram-Mac/macOS-Swift
    
    Using response file: /Users/buddhirajgautam/Library/Developer/Xcode/DerivedData/Telegram-Mac-fygdgghdgmuleoelvxabfmqiotta/Build/Intermediates.noindex/Firebase.build/Debug/FirebaseCrashlytics-t.build/Objects-normal/arm64/7187679823f38a2a940e0043cdf9d637-common-args.resp
    
    /Applications/Xcode.app/Contents/Developer/Toolchains/XcodeDefault.xctoolchain/usr/bin/clang -x c -ivfsstatcache /Users/buddhirajgautam/Library/Developer/Xcode/DerivedData/SDKStatCaches.noindex/macosx27.0-26A425-e829b21a6f8c9b70876ba0858053c0447231f6df4def33e022ae2eb8f782df1a.sdkstatcache -target arm64-apple-macos12.0 -fmessage-length\=0 -fdiagnostics-show-note-include-stack -fmacro-backtrace-limit\=0 -fno-color-diagnostics -fmodules-prune-interval\=86400 -fmodules-prune-after\=345600 -fbuild-session-file\=/Users/buddhirajgautam/Library/Developer/Xcode/DerivedData/ModuleCache.noindex/Session.modulevalidation -fmodules-validate-once-per-build-session -Wnon-modular-include-in-framework-module -Werror\=non-modular-include-in-framework-module -Wno-trigraphs -Wno-missing-field-initializers -Wno-missing-prototypes -Wno-return-type -Wno-missing-braces -Wparentheses -Wswitch -Wno-unused-function -Wno-unused-label -Wno-unused-parameter -Wno-unused-variable -Wunused-value -Wno-empty-body -Wno-uninitialized -Wno-unknown-pragmas -w -Wno-shadow -Wno-four-char-constants -Wno-conversion -Wno-constant-conversion -Wno-int-conversion -Wno-bool-conversion -Wno-enum-conversion -Wno-float-conversion -Wno-non-literal-null-conversion -Wno-objc-literal-conversion -Wshorten-64-to-32 -Wpointer-sign -Wno-newline-eof -Wno-implicit-fallthrough -isysroot /Applications/Xcode.app/Contents/Developer/Platforms/MacOSX.platform/Developer/SDKs/MacOSX27.0.sdk -fstrict-aliasing -Wdeprecated-declarations -Wno-sign-conversion -Wno-infinite-recursion -Wno-comma -Wno-block-capture-autoreleasing -Wno-strict-prototypes -Wno-semicolon-before-method-body -index-store-path /Users/buddhirajgautam/Library/Developer/Xcode/DerivedData/Telegram-Mac-fygdgghdgmuleoelvxabfmqiotta/Index.noindex/DataStore @/Users/buddhirajgautam/Library/Developer/Xcode/DerivedData/Telegram-Mac-fygdgghdgmuleoelvxabfmqiotta/Build/Intermediates.noindex/Firebase.build/Debug/FirebaseCrashlytics-t.build/Objects-normal/arm64/7187679823f38a2a940e0043cdf9d637-common-args.resp -MMD -MT dependencies -MF /Users/buddhirajgautam/Library/Developer/Xcode/DerivedData/Telegram-Mac-fygdgghdgmuleoelvxabfmqiotta/Build/Intermediates.noindex/Firebase.build/Debug/FirebaseCrashlytics-t.build/Objects-normal/arm64/crashlytics.nanopb.d --serialize-diagnostics /Users/buddhirajgautam/Library/Developer/Xcode/DerivedData/Telegram-Mac-fygdgghdgmuleoelvxabfmqiotta/Build/Intermediates.noindex/Firebase.build/Debug/FirebaseCrashlytics-t.build/Objects-normal/arm64/crashlytics.nanopb.dia -c /Users/buddhirajgautam/Library/Developer/Xcode/DerivedData/Telegram-Mac-fygdgghdgmuleoelvxabfmqiotta/SourcePackages/checkouts/firebase-ios-sdk/Crashlytics/Protogen/nanopb/crashlytics.nanopb.c -o /Users/buddhirajgautam/Library/Developer/Xcode/DerivedData/Telegram-Mac-fygdgghdgmuleoelvxabfmqiotta/Build/Intermediates.noindex/Firebase.build/Debug/FirebaseCrashlytics-t.build/Objects-normal/arm64/crashlytics.nanopb.o -index-unit-output-path /Firebase.build/Debug/FirebaseCrashlytics-t.build/Objects-normal/arm64/crashlytics.nanopb.o

PrecompileModule /Users/buddhirajgautam/Library/Developer/Xcode/DerivedData/Telegram-Mac-fygdgghdgmuleoelvxabfmqiotta/Build/Intermediates.noindex/ExplicitPrecompiledModules/_Builtin_limits-3UXDCY8CADIQNQ6BT2DAEJGXN.scan
    cd /
    builtin-precompileModule /Users/buddhirajgautam/Library/Developer/Xcode/DerivedData/Telegram-Mac-fygdgghdgmuleoelvxabfmqiotta/Build/Intermediates.noindex/ExplicitPrecompiledModules/_Builtin_limits-3UXDCY8CADIQNQ6BT2DAEJGXN.scan

CompileC /Users/buddhirajgautam/Library/Developer/Xcode/DerivedData/Telegram-Mac-fygdgghdgmuleoelvxabfmqiotta/Build/Intermediates.noindex/GoogleDataTransport.build/Debug/GoogleDataTransport-t.build/Objects-normal/arm64/GDTCORUploadCoordinator.o /Users/buddhirajgautam/Library/Developer/Xcode/DerivedData/Telegram-Mac-fygdgghdgmuleoelvxabfmqiotta/SourcePackages/checkouts/GoogleDataTransport/GoogleDataTransport/GDTCORLibrary/GDTCORUploadCoordinator.m normal arm64 objective-c com.apple.compilers.llvm.clang.1_0.compiler (in target 'GoogleDataTransport' from project 'GoogleDataTransport')
    cd /Users/buddhirajgautam/Documents/Cherrygram-Mac/macOS-Swift
    
    Using response file: /Users/buddhirajgautam/Library/Developer/Xcode/DerivedData/Telegram-Mac-fygdgghdgmuleoelvxabfmqiotta/Build/Intermediates.noindex/GoogleDataTransport.build/Debug/GoogleDataTransport-t.build/Objects-normal/arm64/e6072d4f65d7061329687fe24e3d63a7-common-args.resp
    
    /Applications/Xcode.app/Contents/Developer/Toolchains/XcodeDefault.xctoolchain/usr/bin/clang -x objective-c -ivfsstatcache /Users/buddhirajgautam/Library/Developer/Xcode/DerivedData/SDKStatCaches.noindex/macosx27.0-26A425-e829b21a6f8c9b70876ba0858053c0447231f6df4def33e022ae2eb8f782df1a.sdkstatcache -target arm64-apple-macos12.0 -fmessage-length\=0 -fdiagnostics-show-note-include-stack -fmacro-backtrace-limit\=0 -fno-color-diagnostics -fmodules-prune-interval\=86400 -fmodules-prune-after\=345600 -fbuild-session-file\=/Users/buddhirajgautam/Library/Developer/Xcode/DerivedData/ModuleCache.noindex/Session.modulevalidation -fmodules-validate-once-per-build-session -Wnon-modular-include-in-framework-module -Werror\=non-modular-include-in-framework-module -Wno-trigraphs -Wno-missing-field-initializers -Wno-missing-prototypes -Wno-return-type -Wno-implicit-atomic-properties -Wno-objc-interface-ivars -Wno-arc-repeated-use-of-weak -Wno-missing-braces -Wparentheses -Wswitch -Wno-unused-function -Wno-unused-label -Wno-unused-parameter -Wno-unused-variable -Wunused-value -Wno-empty-body -Wno-uninitialized -Wno-unknown-pragmas -w -Wno-shadow -Wno-four-char-constants -Wno-conversion -Wno-constant-conversion -Wno-int-conversion -Wno-bool-conversion -Wno-enum-conversion -Wno-float-conversion -Wno-non-literal-null-conversion -Wno-objc-literal-conversion -Wshorten-64-to-32 -Wpointer-sign -Wno-newline-eof -Wno-selector -Wno-strict-selector-match -Wno-undeclared-selector -Wno-deprecated-implementations -Wno-implicit-fallthrough -isysroot /Applications/Xcode.app/Contents/Developer/Platforms/MacOSX.platform/Developer/SDKs/MacOSX27.0.sdk -fstrict-aliasing -Wprotocol -Wdeprecated-declarations -Wno-sign-conversion -Wno-infinite-recursion -Wno-comma -Wno-block-capture-autoreleasing -Wno-strict-prototypes -Wno-semicolon-before-method-body -index-store-path /Users/buddhirajgautam/Library/Developer/Xcode/DerivedData/Telegram-Mac-fygdgghdgmuleoelvxabfmqiotta/Index.noindex/DataStore @/Users/buddhirajgautam/Library/Developer/Xcode/DerivedData/Telegram-Mac-fygdgghdgmuleoelvxabfmqiotta/Build/Intermediates.noindex/GoogleDataTransport.build/Debug/GoogleDataTransport-t.build/Objects-normal/arm64/e6072d4f65d7061329687fe24e3d63a7-common-args.resp -include /Users/buddhirajgautam/Library/Developer/Xcode/DerivedData/Telegram-Mac-fygdgghdgmuleoelvxabfmqiotta/Build/Intermediates.noindex/GoogleDataTransport.build/Debug/GoogleDataTransport-t.build/DerivedSources/resource_bundle_accessor.h -MMD -MT dependencies -MF /Users/buddhirajgautam/Library/Developer/Xcode/DerivedData/Telegram-Mac-fygdgghdgmuleoelvxabfmqiotta/Build/Intermediates.noindex/GoogleDataTransport.build/Debug/GoogleDataTransport-t.build/Objects-normal/arm64/GDTCORUploadCoordinator.d --serialize-diagnostics /Users/buddhirajgautam/Library/Developer/Xcode/DerivedData/Telegram-Mac-fygdgghdgmuleoelvxabfmqiotta/Build/Intermediates.noindex/GoogleDataTransport.build/Debug/GoogleDataTransport-t.build/Objects-normal/arm64/GDTCORUploadCoordinator.dia -c /Users/buddhirajgautam/Library/Developer/Xcode/DerivedData/Telegram-Mac-fygdgghdgmuleoelvxabfmqiotta/SourcePackages/checkouts/GoogleDataTransport/GoogleDataTransport/GDTCORLibrary/GDTCORUploadCoordinator.m -o /Users/buddhirajgautam/Library/Developer/Xcode/DerivedData/Telegram-Mac-fygdgghdgmuleoelvxabfmqiotta/Build/Intermediates.noindex/GoogleDataTransport.build/Debug/GoogleDataTransport-t.build/Objects-normal/arm64/GDTCORUploadCoordinator.o -index-unit-output-path /GoogleDataTransport.build/Debug/GoogleDataTransport-t.build/Objects-normal/arm64/GDTCORUploadCoordinator.o

CompileC /Users/buddhirajgautam/Library/Developer/Xcode/DerivedData/Telegram-Mac-fygdgghdgmuleoelvxabfmqiotta/Build/Intermediates.noindex/GoogleDataTransport.build/Debug/GoogleDataTransport-t.build/Objects-normal/arm64/GDTCORTransport.o /Users/buddhirajgautam/Library/Developer/Xcode/DerivedData/Telegram-Mac-fygdgghdgmuleoelvxabfmqiotta/SourcePackages/checkouts/GoogleDataTransport/GoogleDataTransport/GDTCORLibrary/GDTCORTransport.m normal arm64 objective-c com.apple.compilers.llvm.clang.1_0.compiler (in target 'GoogleDataTransport' from project 'GoogleDataTransport')
    cd /Users/buddhirajgautam/Documents/Cherrygram-Mac/macOS-Swift
    
    Using response file: /Users/buddhirajgautam/Library/Developer/Xcode/DerivedData/Telegram-Mac-fygdgghdgmuleoelvxabfmqiotta/Build/Intermediates.noindex/GoogleDataTransport.build/Debug/GoogleDataTransport-t.build/Objects-normal/arm64/e6072d4f65d7061329687fe24e3d63a7-common-args.resp
    
    /Applications/Xcode.app/Contents/Developer/Toolchains/XcodeDefault.xctoolchain/usr/bin/clang -x objective-c -ivfsstatcache /Users/buddhirajgautam/Library/Developer/Xcode/DerivedData/SDKStatCaches.noindex/macosx27.0-26A425-e829b21a6f8c9b70876ba0858053c0447231f6df4def33e022ae2eb8f782df1a.sdkstatcache -target arm64-apple-macos12.0 -fmessage-length\=0 -fdiagnostics-show-note-include-stack -fmacro-backtrace-limit\=0 -fno-color-diagnostics -fmodules-prune-interval\=86400 -fmodules-prune-after\=345600 -fbuild-session-file\=/Users/buddhirajgautam/Library/Developer/Xcode/DerivedData/ModuleCache.noindex/Session.modulevalidation -fmodules-validate-once-per-build-session -Wnon-modular-include-in-framework-module -Werror\=non-modular-include-in-framework-module -Wno-trigraphs -Wno-missing-field-initializers -Wno-missing-prototypes -Wno-return-type -Wno-implicit-atomic-properties -Wno-objc-interface-ivars -Wno-arc-repeated-use-of-weak -Wno-missing-braces -Wparentheses -Wswitch -Wno-unused-function -Wno-unused-label -Wno-unused-parameter -Wno-unused-variable -Wunused-value -Wno-empty-body -Wno-uninitialized -Wno-unknown-pragmas -w -Wno-shadow -Wno-four-char-constants -Wno-conversion -Wno-constant-conversion -Wno-int-conversion -Wno-bool-conversion -Wno-enum-conversion -Wno-float-conversion -Wno-non-literal-null-conversion -Wno-objc-literal-conversion -Wshorten-64-to-32 -Wpointer-sign -Wno-newline-eof -Wno-selector -Wno-strict-selector-match -Wno-undeclared-selector -Wno-deprecated-implementations -Wno-implicit-fallthrough -isysroot /Applications/Xcode.app/Contents/Developer/Platforms/MacOSX.platform/Developer/SDKs/MacOSX27.0.sdk -fstrict-aliasing -Wprotocol -Wdeprecated-declarations -Wno-sign-conversion -Wno-infinite-recursion -Wno-comma -Wno-block-capture-autoreleasing -Wno-strict-prototypes -Wno-semicolon-before-method-body -index-store-path /Users/buddhirajgautam/Library/Developer/Xcode/DerivedData/Telegram-Mac-fygdgghdgmuleoelvxabfmqiotta/Index.noindex/DataStore @/Users/buddhirajgautam/Library/Developer/Xcode/DerivedData/Telegram-Mac-fygdgghdgmuleoelvxabfmqiotta/Build/Intermediates.noindex/GoogleDataTransport.build/Debug/GoogleDataTransport-t.build/Objects-normal/arm64/e6072d4f65d7061329687fe24e3d63a7-common-args.resp -include /Users/buddhirajgautam/Library/Developer/Xcode/DerivedData/Telegram-Mac-fygdgghdgmuleoelvxabfmqiotta/Build/Intermediates.noindex/GoogleDataTransport.build/Debug/GoogleDataTransport-t.build/DerivedSources/resource_bundle_accessor.h -MMD -MT dependencies -MF /Users/buddhirajgautam/Library/Developer/Xcode/DerivedData/Telegram-Mac-fygdgghdgmuleoelvxabfmqiotta/Build/Intermediates.noindex/GoogleDataTransport.build/Debug/GoogleDataTransport-t.build/Objects-normal/arm64/GDTCORTransport.d --serialize-diagnostics /Users/buddhirajgautam/Library/Developer/Xcode/DerivedData/Telegram-Mac-fygdgghdgmuleoelvxabfmqiotta/Build/Intermediates.noindex/GoogleDataTransport.build/Debug/GoogleDataTransport-t.build/Objects-normal/arm64/GDTCORTransport.dia -c /Users/buddhirajgautam/Library/Developer/Xcode/DerivedData/Telegram-Mac-fygdgghdgmuleoelvxabfmqiotta/SourcePackages/checkouts/GoogleDataTransport/GoogleDataTransport/GDTCORLibrary/GDTCORTransport.m -o /Users/buddhirajgautam/Library/Developer/Xcode/DerivedData/Telegram-Mac-fygdgghdgmuleoelvxabfmqiotta/Build/Intermediates.noindex/GoogleDataTransport.build/Debug/GoogleDataTransport-t.build/Objects-normal/arm64/GDTCORTransport.o -index-unit-output-path /GoogleDataTransport.build/Debug/GoogleDataTransport-t.build/Objects-normal/arm64/GDTCORTransport.o

CompileC /Users/buddhirajgautam/Library/Developer/Xcode/DerivedData/Telegram-Mac-fygdgghdgmuleoelvxabfmqiotta/Build/Intermediates.noindex/GoogleDataTransport.build/Debug/GoogleDataTransport-t.build/Objects-normal/arm64/GDTCORTransformer.o /Users/buddhirajgautam/Library/Developer/Xcode/DerivedData/Telegram-Mac-fygdgghdgmuleoelvxabfmqiotta/SourcePackages/checkouts/GoogleDataTransport/GoogleDataTransport/GDTCORLibrary/GDTCORTransformer.m normal arm64 objective-c com.apple.compilers.llvm.clang.1_0.compiler (in target 'GoogleDataTransport' from project 'GoogleDataTransport')
    cd /Users/buddhirajgautam/Documents/Cherrygram-Mac/macOS-Swift
    
    Using response file: /Users/buddhirajgautam/Library/Developer/Xcode/DerivedData/Telegram-Mac-fygdgghdgmuleoelvxabfmqiotta/Build/Intermediates.noindex/GoogleDataTransport.build/Debug/GoogleDataTransport-t.build/Objects-normal/arm64/e6072d4f65d7061329687fe24e3d63a7-common-args.resp
    
    /Applications/Xcode.app/Contents/Developer/Toolchains/XcodeDefault.xctoolchain/usr/bin/clang -x objective-c -ivfsstatcache /Users/buddhirajgautam/Library/Developer/Xcode/DerivedData/SDKStatCaches.noindex/macosx27.0-26A425-e829b21a6f8c9b70876ba0858053c0447231f6df4def33e022ae2eb8f782df1a.sdkstatcache -target arm64-apple-macos12.0 -fmessage-length\=0 -fdiagnostics-show-note-include-stack -fmacro-backtrace-limit\=0 -fno-color-diagnostics -fmodules-prune-interval\=86400 -fmodules-prune-after\=345600 -fbuild-session-file\=/Users/buddhirajgautam/Library/Developer/Xcode/DerivedData/ModuleCache.noindex/Session.modulevalidation -fmodules-validate-once-per-build-session -Wnon-modular-include-in-framework-module -Werror\=non-modular-include-in-framework-module -Wno-trigraphs -Wno-missing-field-initializers -Wno-missing-prototypes -Wno-return-type -Wno-implicit-atomic-properties -Wno-objc-interface-ivars -Wno-arc-repeated-use-of-weak -Wno-missing-braces -Wparentheses -Wswitch -Wno-unused-function -Wno-unused-label -Wno-unused-parameter -Wno-unused-variable -Wunused-value -Wno-empty-body -Wno-uninitialized -Wno-unknown-pragmas -w -Wno-shadow -Wno-four-char-constants -Wno-conversion -Wno-constant-conversion -Wno-int-conversion -Wno-bool-conversion -Wno-enum-conversion -Wno-float-conversion -Wno-non-literal-null-conversion -Wno-objc-literal-conversion -Wshorten-64-to-32 -Wpointer-sign -Wno-newline-eof -Wno-selector -Wno-strict-selector-match -Wno-undeclared-selector -Wno-deprecated-implementations -Wno-implicit-fallthrough -isysroot /Applications/Xcode.app/Contents/Developer/Platforms/MacOSX.platform/Developer/SDKs/MacOSX27.0.sdk -fstrict-aliasing -Wprotocol -Wdeprecated-declarations -Wno-sign-conversion -Wno-infinite-recursion -Wno-comma -Wno-block-capture-autoreleasing -Wno-strict-prototypes -Wno-semicolon-before-method-body -index-store-path /Users/buddhirajgautam/Library/Developer/Xcode/DerivedData/Telegram-Mac-fygdgghdgmuleoelvxabfmqiotta/Index.noindex/DataStore @/Users/buddhirajgautam/Library/Developer/Xcode/DerivedData/Telegram-Mac-fygdgghdgmuleoelvxabfmqiotta/Build/Intermediates.noindex/GoogleDataTransport.build/Debug/GoogleDataTransport-t.build/Objects-normal/arm64/e6072d4f65d7061329687fe24e3d63a7-common-args.resp -include /Users/buddhirajgautam/Library/Developer/Xcode/DerivedData/Telegram-Mac-fygdgghdgmuleoelvxabfmqiotta/Build/Intermediates.noindex/GoogleDataTransport.build/Debug/GoogleDataTransport-t.build/DerivedSources/resource_bundle_accessor.h -MMD -MT dependencies -MF /Users/buddhirajgautam/Library/Developer/Xcode/DerivedData/Telegram-Mac-fygdgghdgmuleoelvxabfmqiotta/Build/Intermediates.noindex/GoogleDataTransport.build/Debug/GoogleDataTransport-t.build/Objects-normal/arm64/GDTCORTransformer.d --serialize-diagnostics /Users/buddhirajgautam/Library/Developer/Xcode/DerivedData/Telegram-Mac-fygdgghdgmuleoelvxabfmqiotta/Build/Intermediates.noindex/GoogleDataTransport.build/Debug/GoogleDataTransport-t.build/Objects-normal/arm64/GDTCORTransformer.dia -c /Users/buddhirajgautam/Library/Developer/Xcode/DerivedData/Telegram-Mac-fygdgghdgmuleoelvxabfmqiotta/SourcePackages/checkouts/GoogleDataTransport/GoogleDataTransport/GDTCORLibrary/GDTCORTransformer.m -o /Users/buddhirajgautam/Library/Developer/Xcode/DerivedData/Telegram-Mac-fygdgghdgmuleoelvxabfmqiotta/Build/Intermediates.noindex/GoogleDataTransport.build/Debug/GoogleDataTransport-t.build/Objects-normal/arm64/GDTCORTransformer.o -index-unit-output-path /GoogleDataTransport.build/Debug/GoogleDataTransport-t.build/Objects-normal/arm64/GDTCORTransformer.o

CompileC /Users/buddhirajgautam/Library/Developer/Xcode/DerivedData/Telegram-Mac-fygdgghdgmuleoelvxabfmqiotta/Build/Intermediates.noindex/GoogleDataTransport.build/Debug/GoogleDataTransport-t.build/Objects-normal/arm64/GDTCORRegistrar.o /Users/buddhirajgautam/Library/Developer/Xcode/DerivedData/Telegram-Mac-fygdgghdgmuleoelvxabfmqiotta/SourcePackages/checkouts/GoogleDataTransport/GoogleDataTransport/GDTCORLibrary/GDTCORRegistrar.m normal arm64 objective-c com.apple.compilers.llvm.clang.1_0.compiler (in target 'GoogleDataTransport' from project 'GoogleDataTransport')
    cd /Users/buddhirajgautam/Documents/Cherrygram-Mac/macOS-Swift
    
    Using response file: /Users/buddhirajgautam/Library/Developer/Xcode/DerivedData/Telegram-Mac-fygdgghdgmuleoelvxabfmqiotta/Build/Intermediates.noindex/GoogleDataTransport.build/Debug/GoogleDataTransport-t.build/Objects-normal/arm64/e6072d4f65d7061329687fe24e3d63a7-common-args.resp
    
    /Applications/Xcode.app/Contents/Developer/Toolchains/XcodeDefault.xctoolchain/usr/bin/clang -x objective-c -ivfsstatcache /Users/buddhirajgautam/Library/Developer/Xcode/DerivedData/SDKStatCaches.noindex/macosx27.0-26A425-e829b21a6f8c9b70876ba0858053c0447231f6df4def33e022ae2eb8f782df1a.sdkstatcache -target arm64-apple-macos12.0 -fmessage-length\=0 -fdiagnostics-show-note-include-stack -fmacro-backtrace-limit\=0 -fno-color-diagnostics -fmodules-prune-interval\=86400 -fmodules-prune-after\=345600 -fbuild-session-file\=/Users/buddhirajgautam/Library/Developer/Xcode/DerivedData/ModuleCache.noindex/Session.modulevalidation -fmodules-validate-once-per-build-session -Wnon-modular-include-in-framework-module -Werror\=non-modular-include-in-framework-module -Wno-trigraphs -Wno-missing-field-initializers -Wno-missing-prototypes -Wno-return-type -Wno-implicit-atomic-properties -Wno-objc-interface-ivars -Wno-arc-repeated-use-of-weak -Wno-missing-braces -Wparentheses -Wswitch -Wno-unused-function -Wno-unused-label -Wno-unused-parameter -Wno-unused-variable -Wunused-value -Wno-empty-body -Wno-uninitialized -Wno-unknown-pragmas -w -Wno-shadow -Wno-four-char-constants -Wno-conversion -Wno-constant-conversion -Wno-int-conversion -Wno-bool-conversion -Wno-enum-conversion -Wno-float-conversion -Wno-non-literal-null-conversion -Wno-objc-literal-conversion -Wshorten-64-to-32 -Wpointer-sign -Wno-newline-eof -Wno-selector -Wno-strict-selector-match -Wno-undeclared-selector -Wno-deprecated-implementations -Wno-implicit-fallthrough -isysroot /Applications/Xcode.app/Contents/Developer/Platforms/MacOSX.platform/Developer/SDKs/MacOSX27.0.sdk -fstrict-aliasing -Wprotocol -Wdeprecated-declarations -Wno-sign-conversion -Wno-infinite-recursion -Wno-comma -Wno-block-capture-autoreleasing -Wno-strict-prototypes -Wno-semicolon-before-method-body -index-store-path /Users/buddhirajgautam/Library/Developer/Xcode/DerivedData/Telegram-Mac-fygdgghdgmuleoelvxabfmqiotta/Index.noindex/DataStore @/Users/buddhirajgautam/Library/Developer/Xcode/DerivedData/Telegram-Mac-fygdgghdgmuleoelvxabfmqiotta/Build/Intermediates.noindex/GoogleDataTransport.build/Debug/GoogleDataTransport-t.build/Objects-normal/arm64/e6072d4f65d7061329687fe24e3d63a7-common-args.resp -include /Users/buddhirajgautam/Library/Developer/Xcode/DerivedData/Telegram-Mac-fygdgghdgmuleoelvxabfmqiotta/Build/Intermediates.noindex/GoogleDataTransport.build/Debug/GoogleDataTransport-t.build/DerivedSources/resource_bundle_accessor.h -MMD -MT dependencies -MF /Users/buddhirajgautam/Library/Developer/Xcode/DerivedData/Telegram-Mac-fygdgghdgmuleoelvxabfmqiotta/Build/Intermediates.noindex/GoogleDataTransport.build/Debug/GoogleDataTransport-t.build/Objects-normal/arm64/GDTCORRegistrar.d --serialize-diagnostics /Users/buddhirajgautam/Library/Developer/Xcode/DerivedData/Telegram-Mac-fygdgghdgmuleoelvxabfmqiotta/Build/Intermediates.noindex/GoogleDataTransport.build/Debug/GoogleDataTransport-t.build/Objects-normal/arm64/GDTCORRegistrar.dia -c /Users/buddhirajgautam/Library/Developer/Xcode/DerivedData/Telegram-Mac-fygdgghdgmuleoelvxabfmqiotta/SourcePackages/checkouts/GoogleDataTransport/GoogleDataTransport/GDTCORLibrary/GDTCORRegistrar.m -o /Users/buddhirajgautam/Library/Developer/Xcode/DerivedData/Telegram-Mac-fygdgghdgmuleoelvxabfmqiotta/Build/Intermediates.noindex/GoogleDataTransport.build/Debug/GoogleDataTransport-t.build/Objects-normal/arm64/GDTCORRegistrar.o -index-unit-output-path /GoogleDataTransport.build/Debug/GoogleDataTransport-t.build/Objects-normal/arm64/GDTCORRegistrar.o

CompileC /Users/buddhirajgautam/Library/Developer/Xcode/DerivedData/Telegram-Mac-fygdgghdgmuleoelvxabfmqiotta/Build/Intermediates.noindex/GoogleDataTransport.build/Debug/GoogleDataTransport-t.build/Objects-normal/arm64/GDTCORReachability.o /Users/buddhirajgautam/Library/Developer/Xcode/DerivedData/Telegram-Mac-fygdgghdgmuleoelvxabfmqiotta/SourcePackages/checkouts/GoogleDataTransport/GoogleDataTransport/GDTCORLibrary/GDTCORReachability.m normal arm64 objective-c com.apple.compilers.llvm.clang.1_0.compiler (in target 'GoogleDataTransport' from project 'GoogleDataTransport')
    cd /Users/buddhirajgautam/Documents/Cherrygram-Mac/macOS-Swift
    
    Using response file: /Users/buddhirajgautam/Library/Developer/Xcode/DerivedData/Telegram-Mac-fygdgghdgmuleoelvxabfmqiotta/Build/Intermediates.noindex/GoogleDataTransport.build/Debug/GoogleDataTransport-t.build/Objects-normal/arm64/e6072d4f65d7061329687fe24e3d63a7-common-args.resp
    
    /Applications/Xcode.app/Contents/Developer/Toolchains/XcodeDefault.xctoolchain/usr/bin/clang -x objective-c -ivfsstatcache /Users/buddhirajgautam/Library/Developer/Xcode/DerivedData/SDKStatCaches.noindex/macosx27.0-26A425-e829b21a6f8c9b70876ba0858053c0447231f6df4def33e022ae2eb8f782df1a.sdkstatcache -target arm64-apple-macos12.0 -fmessage-length\=0 -fdiagnostics-show-note-include-stack -fmacro-backtrace-limit\=0 -fno-color-diagnostics -fmodules-prune-interval\=86400 -fmodules-prune-after\=345600 -fbuild-session-file\=/Users/buddhirajgautam/Library/Developer/Xcode/DerivedData/ModuleCache.noindex/Session.modulevalidation -fmodules-validate-once-per-build-session -Wnon-modular-include-in-framework-module -Werror\=non-modular-include-in-framework-module -Wno-trigraphs -Wno-missing-field-initializers -Wno-missing-prototypes -Wno-return-type -Wno-implicit-atomic-properties -Wno-objc-interface-ivars -Wno-arc-repeated-use-of-weak -Wno-missing-braces -Wparentheses -Wswitch -Wno-unused-function -Wno-unused-label -Wno-unused-parameter -Wno-unused-variable -Wunused-value -Wno-empty-body -Wno-uninitialized -Wno-unknown-pragmas -w -Wno-shadow -Wno-four-char-constants -Wno-conversion -Wno-constant-conversion -Wno-int-conversion -Wno-bool-conversion -Wno-enum-conversion -Wno-float-conversion -Wno-non-literal-null-conversion -Wno-objc-literal-conversion -Wshorten-64-to-32 -Wpointer-sign -Wno-newline-eof -Wno-selector -Wno-strict-selector-match -Wno-undeclared-selector -Wno-deprecated-implementations -Wno-implicit-fallthrough -isysroot /Applications/Xcode.app/Contents/Developer/Platforms/MacOSX.platform/Developer/SDKs/MacOSX27.0.sdk -fstrict-aliasing -Wprotocol -Wdeprecated-declarations -Wno-sign-conversion -Wno-infinite-recursion -Wno-comma -Wno-block-capture-autoreleasing -Wno-strict-prototypes -Wno-semicolon-before-method-body -index-store-path /Users/buddhirajgautam/Library/Developer/Xcode/DerivedData/Telegram-Mac-fygdgghdgmuleoelvxabfmqiotta/Index.noindex/DataStore @/Users/buddhirajgautam/Library/Developer/Xcode/DerivedData/Telegram-Mac-fygdgghdgmuleoelvxabfmqiotta/Build/Intermediates.noindex/GoogleDataTransport.build/Debug/GoogleDataTransport-t.build/Objects-normal/arm64/e6072d4f65d7061329687fe24e3d63a7-common-args.resp -include /Users/buddhirajgautam/Library/Developer/Xcode/DerivedData/Telegram-Mac-fygdgghdgmuleoelvxabfmqiotta/Build/Intermediates.noindex/GoogleDataTransport.build/Debug/GoogleDataTransport-t.build/DerivedSources/resource_bundle_accessor.h -MMD -MT dependencies -MF /Users/buddhirajgautam/Library/Developer/Xcode/DerivedData/Telegram-Mac-fygdgghdgmuleoelvxabfmqiotta/Build/Intermediates.noindex/GoogleDataTransport.build/Debug/GoogleDataTransport-t.build/Objects-normal/arm64/GDTCORReachability.d --serialize-diagnostics /Users/buddhirajgautam/Library/Developer/Xcode/DerivedData/Telegram-Mac-fygdgghdgmuleoelvxabfmqiotta/Build/Intermediates.noindex/GoogleDataTransport.build/Debug/GoogleDataTransport-t.build/Objects-normal/arm64/GDTCORReachability.dia -c /Users/buddhirajgautam/Library/Developer/Xcode/DerivedData/Telegram-Mac-fygdgghdgmuleoelvxabfmqiotta/SourcePackages/checkouts/GoogleDataTransport/GoogleDataTransport/GDTCORLibrary/GDTCORReachability.m -o /Users/buddhirajgautam/Library/Developer/Xcode/DerivedData/Telegram-Mac-fygdgghdgmuleoelvxabfmqiotta/Build/Intermediates.noindex/GoogleDataTransport.build/Debug/GoogleDataTransport-t.build/Objects-normal/arm64/GDTCORReachability.o -index-unit-output-path /GoogleDataTransport.build/Debug/GoogleDataTransport-t.build/Objects-normal/arm64/GDTCORReachability.o

CompileC /Users/buddhirajgautam/Library/Developer/Xcode/DerivedData/Telegram-Mac-fygdgghdgmuleoelvxabfmqiotta/Build/Intermediates.noindex/GoogleDataTransport.build/Debug/GoogleDataTransport-t.build/Objects-normal/arm64/GDTCORPlatform.o /Users/buddhirajgautam/Library/Developer/Xcode/DerivedData/Telegram-Mac-fygdgghdgmuleoelvxabfmqiotta/SourcePackages/checkouts/GoogleDataTransport/GoogleDataTransport/GDTCORLibrary/GDTCORPlatform.m normal arm64 objective-c com.apple.compilers.llvm.clang.1_0.compiler (in target 'GoogleDataTransport' from project 'GoogleDataTransport')
    cd /Users/buddhirajgautam/Documents/Cherrygram-Mac/macOS-Swift
    
    Using response file: /Users/buddhirajgautam/Library/Developer/Xcode/DerivedData/Telegram-Mac-fygdgghdgmuleoelvxabfmqiotta/Build/Intermediates.noindex/GoogleDataTransport.build/Debug/GoogleDataTransport-t.build/Objects-normal/arm64/e6072d4f65d7061329687fe24e3d63a7-common-args.resp
    
    /Applications/Xcode.app/Contents/Developer/Toolchains/XcodeDefault.xctoolchain/usr/bin/clang -x objective-c -ivfsstatcache /Users/buddhirajgautam/Library/Developer/Xcode/DerivedData/SDKStatCaches.noindex/macosx27.0-26A425-e829b21a6f8c9b70876ba0858053c0447231f6df4def33e022ae2eb8f782df1a.sdkstatcache -target arm64-apple-macos12.0 -fmessage-length\=0 -fdiagnostics-show-note-include-stack -fmacro-backtrace-limit\=0 -fno-color-diagnostics -fmodules-prune-interval\=86400 -fmodules-prune-after\=345600 -fbuild-session-file\=/Users/buddhirajgautam/Library/Developer/Xcode/DerivedData/ModuleCache.noindex/Session.modulevalidation -fmodules-validate-once-per-build-session -Wnon-modular-include-in-framework-module -Werror\=non-modular-include-in-framework-module -Wno-trigraphs -Wno-missing-field-initializers -Wno-missing-prototypes -Wno-return-type -Wno-implicit-atomic-properties -Wno-objc-interface-ivars -Wno-arc-repeated-use-of-weak -Wno-missing-braces -Wparentheses -Wswitch -Wno-unused-function -Wno-unused-label -Wno-unused-parameter -Wno-unused-variable -Wunused-value -Wno-empty-body -Wno-uninitialized -Wno-unknown-pragmas -w -Wno-shadow -Wno-four-char-constants -Wno-conversion -Wno-constant-conversion -Wno-int-conversion -Wno-bool-conversion -Wno-enum-conversion -Wno-float-conversion -Wno-non-literal-null-conversion -Wno-objc-literal-conversion -Wshorten-64-to-32 -Wpointer-sign -Wno-newline-eof -Wno-selector -Wno-strict-selector-match -Wno-undeclared-selector -Wno-deprecated-implementations -Wno-implicit-fallthrough -isysroot /Applications/Xcode.app/Contents/Developer/Platforms/MacOSX.platform/Developer/SDKs/MacOSX27.0.sdk -fstrict-aliasing -Wprotocol -Wdeprecated-declarations -Wno-sign-conversion -Wno-infinite-recursion -Wno-comma -Wno-block-capture-autoreleasing -Wno-strict-prototypes -Wno-semicolon-before-method-body -index-store-path /Users/buddhirajgautam/Library/Developer/Xcode/DerivedData/Telegram-Mac-fygdgghdgmuleoelvxabfmqiotta/Index.noindex/DataStore @/Users/buddhirajgautam/Library/Developer/Xcode/DerivedData/Telegram-Mac-fygdgghdgmuleoelvxabfmqiotta/Build/Intermediates.noindex/GoogleDataTransport.build/Debug/GoogleDataTransport-t.build/Objects-normal/arm64/e6072d4f65d7061329687fe24e3d63a7-common-args.resp -include /Users/buddhirajgautam/Library/Developer/Xcode/DerivedData/Telegram-Mac-fygdgghdgmuleoelvxabfmqiotta/Build/Intermediates.noindex/GoogleDataTransport.build/Debug/GoogleDataTransport-t.build/DerivedSources/resource_bundle_accessor.h -MMD -MT dependencies -MF /Users/buddhirajgautam/Library/Developer/Xcode/DerivedData/Telegram-Mac-fygdgghdgmuleoelvxabfmqiotta/Build/Intermediates.noindex/GoogleDataTransport.build/Debug/GoogleDataTransport-t.build/Objects-normal/arm64/GDTCORPlatform.d --serialize-diagnostics /Users/buddhirajgautam/Library/Developer/Xcode/DerivedData/Telegram-Mac-fygdgghdgmuleoelvxabfmqiotta/Build/Intermediates.noindex/GoogleDataTransport.build/Debug/GoogleDataTransport-t.build/Objects-normal/arm64/GDTCORPlatform.dia -c /Users/buddhirajgautam/Library/Developer/Xcode/DerivedData/Telegram-Mac-fygdgghdgmuleoelvxabfmqiotta/SourcePackages/checkouts/GoogleDataTransport/GoogleDataTransport/GDTCORLibrary/GDTCORPlatform.m -o /Users/buddhirajgautam/Library/Developer/Xcode/DerivedData/Telegram-Mac-fygdgghdgmuleoelvxabfmqiotta/Build/Intermediates.noindex/GoogleDataTransport.build/Debug/GoogleDataTransport-t.build/Objects-normal/arm64/GDTCORPlatform.o -index-unit-output-path /GoogleDataTransport.build/Debug/GoogleDataTransport-t.build/Objects-normal/arm64/GDTCORPlatform.o

CompileC /Users/buddhirajgautam/Library/Developer/Xcode/DerivedData/Telegram-Mac-fygdgghdgmuleoelvxabfmqiotta/Build/Intermediates.noindex/GoogleDataTransport.build/Debug/GoogleDataTransport-t.build/Objects-normal/arm64/GDTCORMetricsController.o /Users/buddhirajgautam/Library/Developer/Xcode/DerivedData/Telegram-Mac-fygdgghdgmuleoelvxabfmqiotta/SourcePackages/checkouts/GoogleDataTransport/GoogleDataTransport/GDTCORLibrary/GDTCORMetricsController.m normal arm64 objective-c com.apple.compilers.llvm.clang.1_0.compiler (in target 'GoogleDataTransport' from project 'GoogleDataTransport')
    cd /Users/buddhirajgautam/Documents/Cherrygram-Mac/macOS-Swift
    
    Using response file: /Users/buddhirajgautam/Library/Developer/Xcode/DerivedData/Telegram-Mac-fygdgghdgmuleoelvxabfmqiotta/Build/Intermediates.noindex/GoogleDataTransport.build/Debug/GoogleDataTransport-t.build/Objects-normal/arm64/e6072d4f65d7061329687fe24e3d63a7-common-args.resp
    
    /Applications/Xcode.app/Contents/Developer/Toolchains/XcodeDefault.xctoolchain/usr/bin/clang -x objective-c -ivfsstatcache /Users/buddhirajgautam/Library/Developer/Xcode/DerivedData/SDKStatCaches.noindex/macosx27.0-26A425-e829b21a6f8c9b70876ba0858053c0447231f6df4def33e022ae2eb8f782df1a.sdkstatcache -target arm64-apple-macos12.0 -fmessage-length\=0 -fdiagnostics-show-note-include-stack -fmacro-backtrace-limit\=0 -fno-color-diagnostics -fmodules-prune-interval\=86400 -fmodules-prune-after\=345600 -fbuild-session-file\=/Users/buddhirajgautam/Library/Developer/Xcode/DerivedData/ModuleCache.noindex/Session.modulevalidation -fmodules-validate-once-per-build-session -Wnon-modular-include-in-framework-module -Werror\=non-modular-include-in-framework-module -Wno-trigraphs -Wno-missing-field-initializers -Wno-missing-prototypes -Wno-return-type -Wno-implicit-atomic-properties -Wno-objc-interface-ivars -Wno-arc-repeated-use-of-weak -Wno-missing-braces -Wparentheses -Wswitch -Wno-unused-function -Wno-unused-label -Wno-unused-parameter -Wno-unused-variable -Wunused-value -Wno-empty-body -Wno-uninitialized -Wno-unknown-pragmas -w -Wno-shadow -Wno-four-char-constants -Wno-conversion -Wno-constant-conversion -Wno-int-conversion -Wno-bool-conversion -Wno-enum-conversion -Wno-float-conversion -Wno-non-literal-null-conversion -Wno-objc-literal-conversion -Wshorten-64-to-32 -Wpointer-sign -Wno-newline-eof -Wno-selector -Wno-strict-selector-match -Wno-undeclared-selector -Wno-deprecated-implementations -Wno-implicit-fallthrough -isysroot /Applications/Xcode.app/Contents/Developer/Platforms/MacOSX.platform/Developer/SDKs/MacOSX27.0.sdk -fstrict-aliasing -Wprotocol -Wdeprecated-declarations -Wno-sign-conversion -Wno-infinite-recursion -Wno-comma -Wno-block-capture-autoreleasing -Wno-strict-prototypes -Wno-semicolon-before-method-body -index-store-path /Users/buddhirajgautam/Library/Developer/Xcode/DerivedData/Telegram-Mac-fygdgghdgmuleoelvxabfmqiotta/Index.noindex/DataStore @/Users/buddhirajgautam/Library/Developer/Xcode/DerivedData/Telegram-Mac-fygdgghdgmuleoelvxabfmqiotta/Build/Intermediates.noindex/GoogleDataTransport.build/Debug/GoogleDataTransport-t.build/Objects-normal/arm64/e6072d4f65d7061329687fe24e3d63a7-common-args.resp -include /Users/buddhirajgautam/Library/Developer/Xcode/DerivedData/Telegram-Mac-fygdgghdgmuleoelvxabfmqiotta/Build/Intermediates.noindex/GoogleDataTransport.build/Debug/GoogleDataTransport-t.build/DerivedSources/resource_bundle_accessor.h -MMD -MT dependencies -MF /Users/buddhirajgautam/Library/Developer/Xcode/DerivedData/Telegram-Mac-fygdgghdgmuleoelvxabfmqiotta/Build/Intermediates.noindex/GoogleDataTransport.build/Debug/GoogleDataTransport-t.build/Objects-normal/arm64/GDTCORMetricsController.d --serialize-diagnostics /Users/buddhirajgautam/Library/Developer/Xcode/DerivedData/Telegram-Mac-fygdgghdgmuleoelvxabfmqiotta/Build/Intermediates.noindex/GoogleDataTransport.build/Debug/GoogleDataTransport-t.build/Objects-normal/arm64/GDTCORMetricsController.dia -c /Users/buddhirajgautam/Library/Developer/Xcode/DerivedData/Telegram-Mac-fygdgghdgmuleoelvxabfmqiotta/SourcePackages/checkouts/GoogleDataTransport/GoogleDataTransport/GDTCORLibrary/GDTCORMetricsController.m -o /Users/buddhirajgautam/Library/Developer/Xcode/DerivedData/Telegram-Mac-fygdgghdgmuleoelvxabfmqiotta/Build/Intermediates.noindex/GoogleDataTransport.build/Debug/GoogleDataTransport-t.build/Objects-normal/arm64/GDTCORMetricsController.o -index-unit-output-path /GoogleDataTransport.build/Debug/GoogleDataTransport-t.build/Objects-normal/arm64/GDTCORMetricsController.o

CompileC /Users/buddhirajgautam/Library/Developer/Xcode/DerivedData/Telegram-Mac-fygdgghdgmuleoelvxabfmqiotta/Build/Intermediates.noindex/GoogleDataTransport.build/Debug/GoogleDataTransport-t.build/Objects-normal/arm64/GDTCORMetrics+GDTCCTSupport.o /Users/buddhirajgautam/Library/Developer/Xcode/DerivedData/Telegram-Mac-fygdgghdgmuleoelvxabfmqiotta/SourcePackages/checkouts/GoogleDataTransport/GoogleDataTransport/GDTCCTLibrary/GDTCORMetrics+GDTCCTSupport.m normal arm64 objective-c com.apple.compilers.llvm.clang.1_0.compiler (in target 'GoogleDataTransport' from project 'GoogleDataTransport')
    cd /Users/buddhirajgautam/Documents/Cherrygram-Mac/macOS-Swift
    
    Using response file: /Users/buddhirajgautam/Library/Developer/Xcode/DerivedData/Telegram-Mac-fygdgghdgmuleoelvxabfmqiotta/Build/Intermediates.noindex/GoogleDataTransport.build/Debug/GoogleDataTransport-t.build/Objects-normal/arm64/e6072d4f65d7061329687fe24e3d63a7-common-args.resp
    
    /Applications/Xcode.app/Contents/Developer/Toolchains/XcodeDefault.xctoolchain/usr/bin/clang -x objective-c -ivfsstatcache /Users/buddhirajgautam/Library/Developer/Xcode/DerivedData/SDKStatCaches.noindex/macosx27.0-26A425-e829b21a6f8c9b70876ba0858053c0447231f6df4def33e022ae2eb8f782df1a.sdkstatcache -target arm64-apple-macos12.0 -fmessage-length\=0 -fdiagnostics-show-note-include-stack -fmacro-backtrace-limit\=0 -fno-color-diagnostics -fmodules-prune-interval\=86400 -fmodules-prune-after\=345600 -fbuild-session-file\=/Users/buddhirajgautam/Library/Developer/Xcode/DerivedData/ModuleCache.noindex/Session.modulevalidation -fmodules-validate-once-per-build-session -Wnon-modular-include-in-framework-module -Werror\=non-modular-include-in-framework-module -Wno-trigraphs -Wno-missing-field-initializers -Wno-missing-prototypes -Wno-return-type -Wno-implicit-atomic-properties -Wno-objc-interface-ivars -Wno-arc-repeated-use-of-weak -Wno-missing-braces -Wparentheses -Wswitch -Wno-unused-function -Wno-unused-label -Wno-unused-parameter -Wno-unused-variable -Wunused-value -Wno-empty-body -Wno-uninitialized -Wno-unknown-pragmas -w -Wno-shadow -Wno-four-char-constants -Wno-conversion -Wno-constant-conversion -Wno-int-conversion -Wno-bool-conversion -Wno-enum-conversion -Wno-float-conversion -Wno-non-literal-null-conversion -Wno-objc-literal-conversion -Wshorten-64-to-32 -Wpointer-sign -Wno-newline-eof -Wno-selector -Wno-strict-selector-match -Wno-undeclared-selector -Wno-deprecated-implementations -Wno-implicit-fallthrough -isysroot /Applications/Xcode.app/Contents/Developer/Platforms/MacOSX.platform/Developer/SDKs/MacOSX27.0.sdk -fstrict-aliasing -Wprotocol -Wdeprecated-declarations -Wno-sign-conversion -Wno-infinite-recursion -Wno-comma -Wno-block-capture-autoreleasing -Wno-strict-prototypes -Wno-semicolon-before-method-body -index-store-path /Users/buddhirajgautam/Library/Developer/Xcode/DerivedData/Telegram-Mac-fygdgghdgmuleoelvxabfmqiotta/Index.noindex/DataStore @/Users/buddhirajgautam/Library/Developer/Xcode/DerivedData/Telegram-Mac-fygdgghdgmuleoelvxabfmqiotta/Build/Intermediates.noindex/GoogleDataTransport.build/Debug/GoogleDataTransport-t.build/Objects-normal/arm64/e6072d4f65d7061329687fe24e3d63a7-common-args.resp -include /Users/buddhirajgautam/Library/Developer/Xcode/DerivedData/Telegram-Mac-fygdgghdgmuleoelvxabfmqiotta/Build/Intermediates.noindex/GoogleDataTransport.build/Debug/GoogleDataTransport-t.build/DerivedSources/resource_bundle_accessor.h -MMD -MT dependencies -MF /Users/buddhirajgautam/Library/Developer/Xcode/DerivedData/Telegram-Mac-fygdgghdgmuleoelvxabfmqiotta/Build/Intermediates.noindex/GoogleDataTransport.build/Debug/GoogleDataTransport-t.build/Objects-normal/arm64/GDTCORMetrics+GDTCCTSupport.d --serialize-diagnostics /Users/buddhirajgautam/Library/Developer/Xcode/DerivedData/Telegram-Mac-fygdgghdgmuleoelvxabfmqiotta/Build/Intermediates.noindex/GoogleDataTransport.build/Debug/GoogleDataTransport-t.build/Objects-normal/arm64/GDTCORMetrics+GDTCCTSupport.dia -c /Users/buddhirajgautam/Library/Developer/Xcode/DerivedData/Telegram-Mac-fygdgghdgmuleoelvxabfmqiotta/SourcePackages/checkouts/GoogleDataTransport/GoogleDataTransport/GDTCCTLibrary/GDTCORMetrics+GDTCCTSupport.m -o /Users/buddhirajgautam/Library/Developer/Xcode/DerivedData/Telegram-Mac-fygdgghdgmuleoelvxabfmqiotta/Build/Intermediates.noindex/GoogleDataTransport.build/Debug/GoogleDataTransport-t.build/Objects-normal/arm64/GDTCORMetrics+GDTCCTSupport.o -index-unit-output-path /GoogleDataTransport.build/Debug/GoogleDataTransport-t.build/Objects-normal/arm64/GDTCORMetrics+GDTCCTSupport.o

CompileC /Users/buddhirajgautam/Library/Developer/Xcode/DerivedData/Telegram-Mac-fygdgghdgmuleoelvxabfmqiotta/Build/Intermediates.noindex/GoogleDataTransport.build/Debug/GoogleDataTransport-t.build/Objects-normal/arm64/GDTCORLifecycle.o /Users/buddhirajgautam/Library/Developer/Xcode/DerivedData/Telegram-Mac-fygdgghdgmuleoelvxabfmqiotta/SourcePackages/checkouts/GoogleDataTransport/GoogleDataTransport/GDTCORLibrary/GDTCORLifecycle.m normal arm64 objective-c com.apple.compilers.llvm.clang.1_0.compiler (in target 'GoogleDataTransport' from project 'GoogleDataTransport')
    cd /Users/buddhirajgautam/Documents/Cherrygram-Mac/macOS-Swift
    
    Using response file: /Users/buddhirajgautam/Library/Developer/Xcode/DerivedData/Telegram-Mac-fygdgghdgmuleoelvxabfmqiotta/Build/Intermediates.noindex/GoogleDataTransport.build/Debug/GoogleDataTransport-t.build/Objects-normal/arm64/e6072d4f65d7061329687fe24e3d63a7-common-args.resp
    
    /Applications/Xcode.app/Contents/Developer/Toolchains/XcodeDefault.xctoolchain/usr/bin/clang -x objective-c -ivfsstatcache /Users/buddhirajgautam/Library/Developer/Xcode/DerivedData/SDKStatCaches.noindex/macosx27.0-26A425-e829b21a6f8c9b70876ba0858053c0447231f6df4def33e022ae2eb8f782df1a.sdkstatcache -target arm64-apple-macos12.0 -fmessage-length\=0 -fdiagnostics-show-note-include-stack -fmacro-backtrace-limit\=0 -fno-color-diagnostics -fmodules-prune-interval\=86400 -fmodules-prune-after\=345600 -fbuild-session-file\=/Users/buddhirajgautam/Library/Developer/Xcode/DerivedData/ModuleCache.noindex/Session.modulevalidation -fmodules-validate-once-per-build-session -Wnon-modular-include-in-framework-module -Werror\=non-modular-include-in-framework-module -Wno-trigraphs -Wno-missing-field-initializers -Wno-missing-prototypes -Wno-return-type -Wno-implicit-atomic-properties -Wno-objc-interface-ivars -Wno-arc-repeated-use-of-weak -Wno-missing-braces -Wparentheses -Wswitch -Wno-unused-function -Wno-unused-label -Wno-unused-parameter -Wno-unused-variable -Wunused-value -Wno-empty-body -Wno-uninitialized -Wno-unknown-pragmas -w -Wno-shadow -Wno-four-char-constants -Wno-conversion -Wno-constant-conversion -Wno-int-conversion -Wno-bool-conversion -Wno-enum-conversion -Wno-float-conversion -Wno-non-literal-null-conversion -Wno-objc-literal-conversion -Wshorten-64-to-32 -Wpointer-sign -Wno-newline-eof -Wno-selector -Wno-strict-selector-match -Wno-undeclared-selector -Wno-deprecated-implementations -Wno-implicit-fallthrough -isysroot /Applications/Xcode.app/Contents/Developer/Platforms/MacOSX.platform/Developer/SDKs/MacOSX27.0.sdk -fstrict-aliasing -Wprotocol -Wdeprecated-declarations -Wno-sign-conversion -Wno-infinite-recursion -Wno-comma -Wno-block-capture-autoreleasing -Wno-strict-prototypes -Wno-semicolon-before-method-body -index-store-path /Users/buddhirajgautam/Library/Developer/Xcode/DerivedData/Telegram-Mac-fygdgghdgmuleoelvxabfmqiotta/Index.noindex/DataStore @/Users/buddhirajgautam/Library/Developer/Xcode/DerivedData/Telegram-Mac-fygdgghdgmuleoelvxabfmqiotta/Build/Intermediates.noindex/GoogleDataTransport.build/Debug/GoogleDataTransport-t.build/Objects-normal/arm64/e6072d4f65d7061329687fe24e3d63a7-common-args.resp -include /Users/buddhirajgautam/Library/Developer/Xcode/DerivedData/Telegram-Mac-fygdgghdgmuleoelvxabfmqiotta/Build/Intermediates.noindex/GoogleDataTransport.build/Debug/GoogleDataTransport-t.build/DerivedSources/resource_bundle_accessor.h -MMD -MT dependencies -MF /Users/buddhirajgautam/Library/Developer/Xcode/DerivedData/Telegram-Mac-fygdgghdgmuleoelvxabfmqiotta/Build/Intermediates.noindex/GoogleDataTransport.build/Debug/GoogleDataTransport-t.build/Objects-normal/arm64/GDTCORLifecycle.d --serialize-diagnostics /Users/buddhirajgautam/Library/Developer/Xcode/DerivedData/Telegram-Mac-fygdgghdgmuleoelvxabfmqiotta/Build/Intermediates.noindex/GoogleDataTransport.build/Debug/GoogleDataTransport-t.build/Objects-normal/arm64/GDTCORLifecycle.dia -c /Users/buddhirajgautam/Library/Developer/Xcode/DerivedData/Telegram-Mac-fygdgghdgmuleoelvxabfmqiotta/SourcePackages/checkouts/GoogleDataTransport/GoogleDataTransport/GDTCORLibrary/GDTCORLifecycle.m -o /Users/buddhirajgautam/Library/Developer/Xcode/DerivedData/Telegram-Mac-fygdgghdgmuleoelvxabfmqiotta/Build/Intermediates.noindex/GoogleDataTransport.build/Debug/GoogleDataTransport-t.build/Objects-normal/arm64/GDTCORLifecycle.o -index-unit-output-path /GoogleDataTransport.build/Debug/GoogleDataTransport-t.build/Objects-normal/arm64/GDTCORLifecycle.o

CompileC /Users/buddhirajgautam/Library/Developer/Xcode/DerivedData/Telegram-Mac-fygdgghdgmuleoelvxabfmqiotta/Build/Intermediates.noindex/GoogleDataTransport.build/Debug/GoogleDataTransport-t.build/Objects-normal/arm64/GDTCORFlatFileStorage.o /Users/buddhirajgautam/Library/Developer/Xcode/DerivedData/Telegram-Mac-fygdgghdgmuleoelvxabfmqiotta/SourcePackages/checkouts/GoogleDataTransport/GoogleDataTransport/GDTCORLibrary/GDTCORFlatFileStorage.m normal arm64 objective-c com.apple.compilers.llvm.clang.1_0.compiler (in target 'GoogleDataTransport' from project 'GoogleDataTransport')
    cd /Users/buddhirajgautam/Documents/Cherrygram-Mac/macOS-Swift
    
    Using response file: /Users/buddhirajgautam/Library/Developer/Xcode/DerivedData/Telegram-Mac-fygdgghdgmuleoelvxabfmqiotta/Build/Intermediates.noindex/GoogleDataTransport.build/Debug/GoogleDataTransport-t.build/Objects-normal/arm64/e6072d4f65d7061329687fe24e3d63a7-common-args.resp
    
    /Applications/Xcode.app/Contents/Developer/Toolchains/XcodeDefault.xctoolchain/usr/bin/clang -x objective-c -ivfsstatcache /Users/buddhirajgautam/Library/Developer/Xcode/DerivedData/SDKStatCaches.noindex/macosx27.0-26A425-e829b21a6f8c9b70876ba0858053c0447231f6df4def33e022ae2eb8f782df1a.sdkstatcache -target arm64-apple-macos12.0 -fmessage-length\=0 -fdiagnostics-show-note-include-stack -fmacro-backtrace-limit\=0 -fno-color-diagnostics -fmodules-prune-interval\=86400 -fmodules-prune-after\=345600 -fbuild-session-file\=/Users/buddhirajgautam/Library/Developer/Xcode/DerivedData/ModuleCache.noindex/Session.modulevalidation -fmodules-validate-once-per-build-session -Wnon-modular-include-in-framework-module -Werror\=non-modular-include-in-framework-module -Wno-trigraphs -Wno-missing-field-initializers -Wno-missing-prototypes -Wno-return-type -Wno-implicit-atomic-properties -Wno-objc-interface-ivars -Wno-arc-repeated-use-of-weak -Wno-missing-braces -Wparentheses -Wswitch -Wno-unused-function -Wno-unused-label -Wno-unused-parameter -Wno-unused-variable -Wunused-value -Wno-empty-body -Wno-uninitialized -Wno-unknown-pragmas -w -Wno-shadow -Wno-four-char-constants -Wno-conversion -Wno-constant-conversion -Wno-int-conversion -Wno-bool-conversion -Wno-enum-conversion -Wno-float-conversion -Wno-non-literal-null-conversion -Wno-objc-literal-conversion -Wshorten-64-to-32 -Wpointer-sign -Wno-newline-eof -Wno-selector -Wno-strict-selector-match -Wno-undeclared-selector -Wno-deprecated-implementations -Wno-implicit-fallthrough -isysroot /Applications/Xcode.app/Contents/Developer/Platforms/MacOSX.platform/Developer/SDKs/MacOSX27.0.sdk -fstrict-aliasing -Wprotocol -Wdeprecated-declarations -Wno-sign-conversion -Wno-infinite-recursion -Wno-comma -Wno-block-capture-autoreleasing -Wno-strict-prototypes -Wno-semicolon-before-method-body -index-store-path /Users/buddhirajgautam/Library/Developer/Xcode/DerivedData/Telegram-Mac-fygdgghdgmuleoelvxabfmqiotta/Index.noindex/DataStore @/Users/buddhirajgautam/Library/Developer/Xcode/DerivedData/Telegram-Mac-fygdgghdgmuleoelvxabfmqiotta/Build/Intermediates.noindex/GoogleDataTransport.build/Debug/GoogleDataTransport-t.build/Objects-normal/arm64/e6072d4f65d7061329687fe24e3d63a7-common-args.resp -include /Users/buddhirajgautam/Library/Developer/Xcode/DerivedData/Telegram-Mac-fygdgghdgmuleoelvxabfmqiotta/Build/Intermediates.noindex/GoogleDataTransport.build/Debug/GoogleDataTransport-t.build/DerivedSources/resource_bundle_accessor.h -MMD -MT dependencies -MF /Users/buddhirajgautam/Library/Developer/Xcode/DerivedData/Telegram-Mac-fygdgghdgmuleoelvxabfmqiotta/Build/Intermediates.noindex/GoogleDataTransport.build/Debug/GoogleDataTransport-t.build/Objects-normal/arm64/GDTCORFlatFileStorage.d --serialize-diagnostics /Users/buddhirajgautam/Library/Developer/Xcode/DerivedData/Telegram-Mac-fygdgghdgmuleoelvxabfmqiotta/Build/Intermediates.noindex/GoogleDataTransport.build/Debug/GoogleDataTransport-t.build/Objects-normal/arm64/GDTCORFlatFileStorage.dia -c /Users/buddhirajgautam/Library/Developer/Xcode/DerivedData/Telegram-Mac-fygdgghdgmuleoelvxabfmqiotta/SourcePackages/checkouts/GoogleDataTransport/GoogleDataTransport/GDTCORLibrary/GDTCORFlatFileStorage.m -o /Users/buddhirajgautam/Library/Developer/Xcode/DerivedData/Telegram-Mac-fygdgghdgmuleoelvxabfmqiotta/Build/Intermediates.noindex/GoogleDataTransport.build/Debug/GoogleDataTransport-t.build/Objects-normal/arm64/GDTCORFlatFileStorage.o -index-unit-output-path /GoogleDataTransport.build/Debug/GoogleDataTransport-t.build/Objects-normal/arm64/GDTCORFlatFileStorage.o

CompileC /Users/buddhirajgautam/Library/Developer/Xcode/DerivedData/Telegram-Mac-fygdgghdgmuleoelvxabfmqiotta/Build/Intermediates.noindex/GoogleDataTransport.build/Debug/GoogleDataTransport-t.build/Objects-normal/arm64/GDTCORFlatFileStorage+Promises.o /Users/buddhirajgautam/Library/Developer/Xcode/DerivedData/Telegram-Mac-fygdgghdgmuleoelvxabfmqiotta/SourcePackages/checkouts/GoogleDataTransport/GoogleDataTransport/GDTCORLibrary/GDTCORFlatFileStorage+Promises.m normal arm64 objective-c com.apple.compilers.llvm.clang.1_0.compiler (in target 'GoogleDataTransport' from project 'GoogleDataTransport')
    cd /Users/buddhirajgautam/Documents/Cherrygram-Mac/macOS-Swift
    
    Using response file: /Users/buddhirajgautam/Library/Developer/Xcode/DerivedData/Telegram-Mac-fygdgghdgmuleoelvxabfmqiotta/Build/Intermediates.noindex/GoogleDataTransport.build/Debug/GoogleDataTransport-t.build/Objects-normal/arm64/e6072d4f65d7061329687fe24e3d63a7-common-args.resp
    
    /Applications/Xcode.app/Contents/Developer/Toolchains/XcodeDefault.xctoolchain/usr/bin/clang -x objective-c -ivfsstatcache /Users/buddhirajgautam/Library/Developer/Xcode/DerivedData/SDKStatCaches.noindex/macosx27.0-26A425-e829b21a6f8c9b70876ba0858053c0447231f6df4def33e022ae2eb8f782df1a.sdkstatcache -target arm64-apple-macos12.0 -fmessage-length\=0 -fdiagnostics-show-note-include-stack -fmacro-backtrace-limit\=0 -fno-color-diagnostics -fmodules-prune-interval\=86400 -fmodules-prune-after\=345600 -fbuild-session-file\=/Users/buddhirajgautam/Library/Developer/Xcode/DerivedData/ModuleCache.noindex/Session.modulevalidation -fmodules-validate-once-per-build-session -Wnon-modular-include-in-framework-module -Werror\=non-modular-include-in-framework-module -Wno-trigraphs -Wno-missing-field-initializers -Wno-missing-prototypes -Wno-return-type -Wno-implicit-atomic-properties -Wno-objc-interface-ivars -Wno-arc-repeated-use-of-weak -Wno-missing-braces -Wparentheses -Wswitch -Wno-unused-function -Wno-unused-label -Wno-unused-parameter -Wno-unused-variable -Wunused-value -Wno-empty-body -Wno-uninitialized -Wno-unknown-pragmas -w -Wno-shadow -Wno-four-char-constants -Wno-conversion -Wno-constant-conversion -Wno-int-conversion -Wno-bool-conversion -Wno-enum-conversion -Wno-float-conversion -Wno-non-literal-null-conversion -Wno-objc-literal-conversion -Wshorten-64-to-32 -Wpointer-sign -Wno-newline-eof -Wno-selector -Wno-strict-selector-match -Wno-undeclared-selector -Wno-deprecated-implementations -Wno-implicit-fallthrough -isysroot /Applications/Xcode.app/Contents/Developer/Platforms/MacOSX.platform/Developer/SDKs/MacOSX27.0.sdk -fstrict-aliasing -Wprotocol -Wdeprecated-declarations -Wno-sign-conversion -Wno-infinite-recursion -Wno-comma -Wno-block-capture-autoreleasing -Wno-strict-prototypes -Wno-semicolon-before-method-body -index-store-path /Users/buddhirajgautam/Library/Developer/Xcode/DerivedData/Telegram-Mac-fygdgghdgmuleoelvxabfmqiotta/Index.noindex/DataStore @/Users/buddhirajgautam/Library/Developer/Xcode/DerivedData/Telegram-Mac-fygdgghdgmuleoelvxabfmqiotta/Build/Intermediates.noindex/GoogleDataTransport.build/Debug/GoogleDataTransport-t.build/Objects-normal/arm64/e6072d4f65d7061329687fe24e3d63a7-common-args.resp -include /Users/buddhirajgautam/Library/Developer/Xcode/DerivedData/Telegram-Mac-fygdgghdgmuleoelvxabfmqiotta/Build/Intermediates.noindex/GoogleDataTransport.build/Debug/GoogleDataTransport-t.build/DerivedSources/resource_bundle_accessor.h -MMD -MT dependencies -MF /Users/buddhirajgautam/Library/Developer/Xcode/DerivedData/Telegram-Mac-fygdgghdgmuleoelvxabfmqiotta/Build/Intermediates.noindex/GoogleDataTransport.build/Debug/GoogleDataTransport-t.build/Objects-normal/arm64/GDTCORFlatFileStorage+Promises.d --serialize-diagnostics /Users/buddhirajgautam/Library/Developer/Xcode/DerivedData/Telegram-Mac-fygdgghdgmuleoelvxabfmqiotta/Build/Intermediates.noindex/GoogleDataTransport.build/Debug/GoogleDataTransport-t.build/Objects-normal/arm64/GDTCORFlatFileStorage+Promises.dia -c /Users/buddhirajgautam/Library/Developer/Xcode/DerivedData/Telegram-Mac-fygdgghdgmuleoelvxabfmqiotta/SourcePackages/checkouts/GoogleDataTransport/GoogleDataTransport/GDTCORLibrary/GDTCORFlatFileStorage+Promises.m -o /Users/buddhirajgautam/Library/Developer/Xcode/DerivedData/Telegram-Mac-fygdgghdgmuleoelvxabfmqiotta/Build/Intermediates.noindex/GoogleDataTransport.build/Debug/GoogleDataTransport-t.build/Objects-normal/arm64/GDTCORFlatFileStorage+Promises.o -index-unit-output-path /GoogleDataTransport.build/Debug/GoogleDataTransport-t.build/Objects-normal/arm64/GDTCORFlatFileStorage+Promises.o

CompileC /Users/buddhirajgautam/Library/Developer/Xcode/DerivedData/Telegram-Mac-fygdgghdgmuleoelvxabfmqiotta/Build/Intermediates.noindex/GoogleDataTransport.build/Debug/GoogleDataTransport-t.build/Objects-normal/arm64/GDTCOREvent.o /Users/buddhirajgautam/Library/Developer/Xcode/DerivedData/Telegram-Mac-fygdgghdgmuleoelvxabfmqiotta/SourcePackages/checkouts/GoogleDataTransport/GoogleDataTransport/GDTCORLibrary/GDTCOREvent.m normal arm64 objective-c com.apple.compilers.llvm.clang.1_0.compiler (in target 'GoogleDataTransport' from project 'GoogleDataTransport')
    cd /Users/buddhirajgautam/Documents/Cherrygram-Mac/macOS-Swift
    
    Using response file: /Users/buddhirajgautam/Library/Developer/Xcode/DerivedData/Telegram-Mac-fygdgghdgmuleoelvxabfmqiotta/Build/Intermediates.noindex/GoogleDataTransport.build/Debug/GoogleDataTransport-t.build/Objects-normal/arm64/e6072d4f65d7061329687fe24e3d63a7-common-args.resp
    
    /Applications/Xcode.app/Contents/Developer/Toolchains/XcodeDefault.xctoolchain/usr/bin/clang -x objective-c -ivfsstatcache /Users/buddhirajgautam/Library/Developer/Xcode/DerivedData/SDKStatCaches.noindex/macosx27.0-26A425-e829b21a6f8c9b70876ba0858053c0447231f6df4def33e022ae2eb8f782df1a.sdkstatcache -target arm64-apple-macos12.0 -fmessage-length\=0 -fdiagnostics-show-note-include-stack -fmacro-backtrace-limit\=0 -fno-color-diagnostics -fmodules-prune-interval\=86400 -fmodules-prune-after\=345600 -fbuild-session-file\=/Users/buddhirajgautam/Library/Developer/Xcode/DerivedData/ModuleCache.noindex/Session.modulevalidation -fmodules-validate-once-per-build-session -Wnon-modular-include-in-framework-module -Werror\=non-modular-include-in-framework-module -Wno-trigraphs -Wno-missing-field-initializers -Wno-missing-prototypes -Wno-return-type -Wno-implicit-atomic-properties -Wno-objc-interface-ivars -Wno-arc-repeated-use-of-weak -Wno-missing-braces -Wparentheses -Wswitch -Wno-unused-function -Wno-unused-label -Wno-unused-parameter -Wno-unused-variable -Wunused-value -Wno-empty-body -Wno-uninitialized -Wno-unknown-pragmas -w -Wno-shadow -Wno-four-char-constants -Wno-conversion -Wno-constant-conversion -Wno-int-conversion -Wno-bool-conversion -Wno-enum-conversion -Wno-float-conversion -Wno-non-literal-null-conversion -Wno-objc-literal-conversion -Wshorten-64-to-32 -Wpointer-sign -Wno-newline-eof -Wno-selector -Wno-strict-selector-match -Wno-undeclared-selector -Wno-deprecated-implementations -Wno-implicit-fallthrough -isysroot /Applications/Xcode.app/Contents/Developer/Platforms/MacOSX.platform/Developer/SDKs/MacOSX27.0.sdk -fstrict-aliasing -Wprotocol -Wdeprecated-declarations -Wno-sign-conversion -Wno-infinite-recursion -Wno-comma -Wno-block-capture-autoreleasing -Wno-strict-prototypes -Wno-semicolon-before-method-body -index-store-path /Users/buddhirajgautam/Library/Developer/Xcode/DerivedData/Telegram-Mac-fygdgghdgmuleoelvxabfmqiotta/Index.noindex/DataStore @/Users/buddhirajgautam/Library/Developer/Xcode/DerivedData/Telegram-Mac-fygdgghdgmuleoelvxabfmqiotta/Build/Intermediates.noindex/GoogleDataTransport.build/Debug/GoogleDataTransport-t.build/Objects-normal/arm64/e6072d4f65d7061329687fe24e3d63a7-common-args.resp -include /Users/buddhirajgautam/Library/Developer/Xcode/DerivedData/Telegram-Mac-fygdgghdgmuleoelvxabfmqiotta/Build/Intermediates.noindex/GoogleDataTransport.build/Debug/GoogleDataTransport-t.build/DerivedSources/resource_bundle_accessor.h -MMD -MT dependencies -MF /Users/buddhirajgautam/Library/Developer/Xcode/DerivedData/Telegram-Mac-fygdgghdgmuleoelvxabfmqiotta/Build/Intermediates.noindex/GoogleDataTransport.build/Debug/GoogleDataTransport-t.build/Objects-normal/arm64/GDTCOREvent.d --serialize-diagnostics /Users/buddhirajgautam/Library/Developer/Xcode/DerivedData/Telegram-Mac-fygdgghdgmuleoelvxabfmqiotta/Build/Intermediates.noindex/GoogleDataTransport.build/Debug/GoogleDataTransport-t.build/Objects-normal/arm64/GDTCOREvent.dia -c /Users/buddhirajgautam/Library/Developer/Xcode/DerivedData/Telegram-Mac-fygdgghdgmuleoelvxabfmqiotta/SourcePackages/checkouts/GoogleDataTransport/GoogleDataTransport/GDTCORLibrary/GDTCOREvent.m -o /Users/buddhirajgautam/Library/Developer/Xcode/DerivedData/Telegram-Mac-fygdgghdgmuleoelvxabfmqiotta/Build/Intermediates.noindex/GoogleDataTransport.build/Debug/GoogleDataTransport-t.build/Objects-normal/arm64/GDTCOREvent.o -index-unit-output-path /GoogleDataTransport.build/Debug/GoogleDataTransport-t.build/Objects-normal/arm64/GDTCOREvent.o

CompileC /Users/buddhirajgautam/Library/Developer/Xcode/DerivedData/Telegram-Mac-fygdgghdgmuleoelvxabfmqiotta/Build/Intermediates.noindex/GoogleDataTransport.build/Debug/GoogleDataTransport-t.build/Objects-normal/arm64/GDTCORDirectorySizeTracker.o /Users/buddhirajgautam/Library/Developer/Xcode/DerivedData/Telegram-Mac-fygdgghdgmuleoelvxabfmqiotta/SourcePackages/checkouts/GoogleDataTransport/GoogleDataTransport/GDTCORLibrary/GDTCORDirectorySizeTracker.m normal arm64 objective-c com.apple.compilers.llvm.clang.1_0.compiler (in target 'GoogleDataTransport' from project 'GoogleDataTransport')
    cd /Users/buddhirajgautam/Documents/Cherrygram-Mac/macOS-Swift
    
    Using response file: /Users/buddhirajgautam/Library/Developer/Xcode/DerivedData/Telegram-Mac-fygdgghdgmuleoelvxabfmqiotta/Build/Intermediates.noindex/GoogleDataTransport.build/Debug/GoogleDataTransport-t.build/Objects-normal/arm64/e6072d4f65d7061329687fe24e3d63a7-common-args.resp
    
    /Applications/Xcode.app/Contents/Developer/Toolchains/XcodeDefault.xctoolchain/usr/bin/clang -x objective-c -ivfsstatcache /Users/buddhirajgautam/Library/Developer/Xcode/DerivedData/SDKStatCaches.noindex/macosx27.0-26A425-e829b21a6f8c9b70876ba0858053c0447231f6df4def33e022ae2eb8f782df1a.sdkstatcache -target arm64-apple-macos12.0 -fmessage-length\=0 -fdiagnostics-show-note-include-stack -fmacro-backtrace-limit\=0 -fno-color-diagnostics -fmodules-prune-interval\=86400 -fmodules-prune-after\=345600 -fbuild-session-file\=/Users/buddhirajgautam/Library/Developer/Xcode/DerivedData/ModuleCache.noindex/Session.modulevalidation -fmodules-validate-once-per-build-session -Wnon-modular-include-in-framework-module -Werror\=non-modular-include-in-framework-module -Wno-trigraphs -Wno-missing-field-initializers -Wno-missing-prototypes -Wno-return-type -Wno-implicit-atomic-properties -Wno-objc-interface-ivars -Wno-arc-repeated-use-of-weak -Wno-missing-braces -Wparentheses -Wswitch -Wno-unused-function -Wno-unused-label -Wno-unused-parameter -Wno-unused-variable -Wunused-value -Wno-empty-body -Wno-uninitialized -Wno-unknown-pragmas -w -Wno-shadow -Wno-four-char-constants -Wno-conversion -Wno-constant-conversion -Wno-int-conversion -Wno-bool-conversion -Wno-enum-conversion -Wno-float-conversion -Wno-non-literal-null-conversion -Wno-objc-literal-conversion -Wshorten-64-to-32 -Wpointer-sign -Wno-newline-eof -Wno-selector -Wno-strict-selector-match -Wno-undeclared-selector -Wno-deprecated-implementations -Wno-implicit-fallthrough -isysroot /Applications/Xcode.app/Contents/Developer/Platforms/MacOSX.platform/Developer/SDKs/MacOSX27.0.sdk -fstrict-aliasing -Wprotocol -Wdeprecated-declarations -Wno-sign-conversion -Wno-infinite-recursion -Wno-comma -Wno-block-capture-autoreleasing -Wno-strict-prototypes -Wno-semicolon-before-method-body -index-store-path /Users/buddhirajgautam/Library/Developer/Xcode/DerivedData/Telegram-Mac-fygdgghdgmuleoelvxabfmqiotta/Index.noindex/DataStore @/Users/buddhirajgautam/Library/Developer/Xcode/DerivedData/Telegram-Mac-fygdgghdgmuleoelvxabfmqiotta/Build/Intermediates.noindex/GoogleDataTransport.build/Debug/GoogleDataTransport-t.build/Objects-normal/arm64/e6072d4f65d7061329687fe24e3d63a7-common-args.resp -include /Users/buddhirajgautam/Library/Developer/Xcode/DerivedData/Telegram-Mac-fygdgghdgmuleoelvxabfmqiotta/Build/Intermediates.noindex/GoogleDataTransport.build/Debug/GoogleDataTransport-t.build/DerivedSources/resource_bundle_accessor.h -MMD -MT dependencies -MF /Users/buddhirajgautam/Library/Developer/Xcode/DerivedData/Telegram-Mac-fygdgghdgmuleoelvxabfmqiotta/Build/Intermediates.noindex/GoogleDataTransport.build/Debug/GoogleDataTransport-t.build/Objects-normal/arm64/GDTCORDirectorySizeTracker.d --serialize-diagnostics /Users/buddhirajgautam/Library/Developer/Xcode/DerivedData/Telegram-Mac-fygdgghdgmuleoelvxabfmqiotta/Build/Intermediates.noindex/GoogleDataTransport.build/Debug/GoogleDataTransport-t.build/Objects-normal/arm64/GDTCORDirectorySizeTracker.dia -c /Users/buddhirajgautam/Library/Developer/Xcode/DerivedData/Telegram-Mac-fygdgghdgmuleoelvxabfmqiotta/SourcePackages/checkouts/GoogleDataTransport/GoogleDataTransport/GDTCORLibrary/GDTCORDirectorySizeTracker.m -o /Users/buddhirajgautam/Library/Developer/Xcode/DerivedData/Telegram-Mac-fygdgghdgmuleoelvxabfmqiotta/Build/Intermediates.noindex/GoogleDataTransport.build/Debug/GoogleDataTransport-t.build/Objects-normal/arm64/GDTCORDirectorySizeTracker.o -index-unit-output-path /GoogleDataTransport.build/Debug/GoogleDataTransport-t.build/Objects-normal/arm64/GDTCORDirectorySizeTracker.o

CompileC /Users/buddhirajgautam/Library/Developer/Xcode/DerivedData/Telegram-Mac-fygdgghdgmuleoelvxabfmqiotta/Build/Intermediates.noindex/GoogleDataTransport.build/Debug/GoogleDataTransport-t.build/Objects-normal/arm64/GDTCCTUploader.o /Users/buddhirajgautam/Library/Developer/Xcode/DerivedData/Telegram-Mac-fygdgghdgmuleoelvxabfmqiotta/SourcePackages/checkouts/GoogleDataTransport/GoogleDataTransport/GDTCCTLibrary/GDTCCTUploader.m normal arm64 objective-c com.apple.compilers.llvm.clang.1_0.compiler (in target 'GoogleDataTransport' from project 'GoogleDataTransport')
    cd /Users/buddhirajgautam/Documents/Cherrygram-Mac/macOS-Swift
    
    Using response file: /Users/buddhirajgautam/Library/Developer/Xcode/DerivedData/Telegram-Mac-fygdgghdgmuleoelvxabfmqiotta/Build/Intermediates.noindex/GoogleDataTransport.build/Debug/GoogleDataTransport-t.build/Objects-normal/arm64/e6072d4f65d7061329687fe24e3d63a7-common-args.resp
    
    /Applications/Xcode.app/Contents/Developer/Toolchains/XcodeDefault.xctoolchain/usr/bin/clang -x objective-c -ivfsstatcache /Users/buddhirajgautam/Library/Developer/Xcode/DerivedData/SDKStatCaches.noindex/macosx27.0-26A425-e829b21a6f8c9b70876ba0858053c0447231f6df4def33e022ae2eb8f782df1a.sdkstatcache -target arm64-apple-macos12.0 -fmessage-length\=0 -fdiagnostics-show-note-include-stack -fmacro-backtrace-limit\=0 -fno-color-diagnostics -fmodules-prune-interval\=86400 -fmodules-prune-after\=345600 -fbuild-session-file\=/Users/buddhirajgautam/Library/Developer/Xcode/DerivedData/ModuleCache.noindex/Session.modulevalidation -fmodules-validate-once-per-build-session -Wnon-modular-include-in-framework-module -Werror\=non-modular-include-in-framework-module -Wno-trigraphs -Wno-missing-field-initializers -Wno-missing-prototypes -Wno-return-type -Wno-implicit-atomic-properties -Wno-objc-interface-ivars -Wno-arc-repeated-use-of-weak -Wno-missing-braces -Wparentheses -Wswitch -Wno-unused-function -Wno-unused-label -Wno-unused-parameter -Wno-unused-variable -Wunused-value -Wno-empty-body -Wno-uninitialized -Wno-unknown-pragmas -w -Wno-shadow -Wno-four-char-constants -Wno-conversion -Wno-constant-conversion -Wno-int-conversion -Wno-bool-conversion -Wno-enum-conversion -Wno-float-conversion -Wno-non-literal-null-conversion -Wno-objc-literal-conversion -Wshorten-64-to-32 -Wpointer-sign -Wno-newline-eof -Wno-selector -Wno-strict-selector-match -Wno-undeclared-selector -Wno-deprecated-implementations -Wno-implicit-fallthrough -isysroot /Applications/Xcode.app/Contents/Developer/Platforms/MacOSX.platform/Developer/SDKs/MacOSX27.0.sdk -fstrict-aliasing -Wprotocol -Wdeprecated-declarations -Wno-sign-conversion -Wno-infinite-recursion -Wno-comma -Wno-block-capture-autoreleasing -Wno-strict-prototypes -Wno-semicolon-before-method-body -index-store-path /Users/buddhirajgautam/Library/Developer/Xcode/DerivedData/Telegram-Mac-fygdgghdgmuleoelvxabfmqiotta/Index.noindex/DataStore @/Users/buddhirajgautam/Library/Developer/Xcode/DerivedData/Telegram-Mac-fygdgghdgmuleoelvxabfmqiotta/Build/Intermediates.noindex/GoogleDataTransport.build/Debug/GoogleDataTransport-t.build/Objects-normal/arm64/e6072d4f65d7061329687fe24e3d63a7-common-args.resp -include /Users/buddhirajgautam/Library/Developer/Xcode/DerivedData/Telegram-Mac-fygdgghdgmuleoelvxabfmqiotta/Build/Intermediates.noindex/GoogleDataTransport.build/Debug/GoogleDataTransport-t.build/DerivedSources/resource_bundle_accessor.h -MMD -MT dependencies -MF /Users/buddhirajgautam/Library/Developer/Xcode/DerivedData/Telegram-Mac-fygdgghdgmuleoelvxabfmqiotta/Build/Intermediates.noindex/GoogleDataTransport.build/Debug/GoogleDataTransport-t.build/Objects-normal/arm64/GDTCCTUploader.d --serialize-diagnostics /Users/buddhirajgautam/Library/Developer/Xcode/DerivedData/Telegram-Mac-fygdgghdgmuleoelvxabfmqiotta/Build/Intermediates.noindex/GoogleDataTransport.build/Debug/GoogleDataTransport-t.build/Objects-normal/arm64/GDTCCTUploader.dia -c /Users/buddhirajgautam/Library/Developer/Xcode/DerivedData/Telegram-Mac-fygdgghdgmuleoelvxabfmqiotta/SourcePackages/checkouts/GoogleDataTransport/GoogleDataTransport/GDTCCTLibrary/GDTCCTUploader.m -o /Users/buddhirajgautam/Library/Developer/Xcode/DerivedData/Telegram-Mac-fygdgghdgmuleoelvxabfmqiotta/Build/Intermediates.noindex/GoogleDataTransport.build/Debug/GoogleDataTransport-t.build/Objects-normal/arm64/GDTCCTUploader.o -index-unit-output-path /GoogleDataTransport.build/Debug/GoogleDataTransport-t.build/Objects-normal/arm64/GDTCCTUploader.o

CompileC /Users/buddhirajgautam/Library/Developer/Xcode/DerivedData/Telegram-Mac-fygdgghdgmuleoelvxabfmqiotta/Build/Intermediates.noindex/GoogleDataTransport.build/Debug/GoogleDataTransport-t.build/Objects-normal/arm64/GDTCCTUploadOperation.o /Users/buddhirajgautam/Library/Developer/Xcode/DerivedData/Telegram-Mac-fygdgghdgmuleoelvxabfmqiotta/SourcePackages/checkouts/GoogleDataTransport/GoogleDataTransport/GDTCCTLibrary/GDTCCTUploadOperation.m normal arm64 objective-c com.apple.compilers.llvm.clang.1_0.compiler (in target 'GoogleDataTransport' from project 'GoogleDataTransport')
    cd /Users/buddhirajgautam/Documents/Cherrygram-Mac/macOS-Swift
    
    Using response file: /Users/buddhirajgautam/Library/Developer/Xcode/DerivedData/Telegram-Mac-fygdgghdgmuleoelvxabfmqiotta/Build/Intermediates.noindex/GoogleDataTransport.build/Debug/GoogleDataTransport-t.build/Objects-normal/arm64/e6072d4f65d7061329687fe24e3d63a7-common-args.resp
    
    /Applications/Xcode.app/Contents/Developer/Toolchains/XcodeDefault.xctoolchain/usr/bin/clang -x objective-c -ivfsstatcache /Users/buddhirajgautam/Library/Developer/Xcode/DerivedData/SDKStatCaches.noindex/macosx27.0-26A425-e829b21a6f8c9b70876ba0858053c0447231f6df4def33e022ae2eb8f782df1a.sdkstatcache -target arm64-apple-macos12.0 -fmessage-length\=0 -fdiagnostics-show-note-include-stack -fmacro-backtrace-limit\=0 -fno-color-diagnostics -fmodules-prune-interval\=86400 -fmodules-prune-after\=345600 -fbuild-session-file\=/Users/buddhirajgautam/Library/Developer/Xcode/DerivedData/ModuleCache.noindex/Session.modulevalidation -fmodules-validate-once-per-build-session -Wnon-modular-include-in-framework-module -Werror\=non-modular-include-in-framework-module -Wno-trigraphs -Wno-missing-field-initializers -Wno-missing-prototypes -Wno-return-type -Wno-implicit-atomic-properties -Wno-objc-interface-ivars -Wno-arc-repeated-use-of-weak -Wno-missing-braces -Wparentheses -Wswitch -Wno-unused-function -Wno-unused-label -Wno-unused-parameter -Wno-unused-variable -Wunused-value -Wno-empty-body -Wno-uninitialized -Wno-unknown-pragmas -w -Wno-shadow -Wno-four-char-constants -Wno-conversion -Wno-constant-conversion -Wno-int-conversion -Wno-bool-conversion -Wno-enum-conversion -Wno-float-conversion -Wno-non-literal-null-conversion -Wno-objc-literal-conversion -Wshorten-64-to-32 -Wpointer-sign -Wno-newline-eof -Wno-selector -Wno-strict-selector-match -Wno-undeclared-selector -Wno-deprecated-implementations -Wno-implicit-fallthrough -isysroot /Applications/Xcode.app/Contents/Developer/Platforms/MacOSX.platform/Developer/SDKs/MacOSX27.0.sdk -fstrict-aliasing -Wprotocol -Wdeprecated-declarations -Wno-sign-conversion -Wno-infinite-recursion -Wno-comma -Wno-block-capture-autoreleasing -Wno-strict-prototypes -Wno-semicolon-before-method-body -index-store-path /Users/buddhirajgautam/Library/Developer/Xcode/DerivedData/Telegram-Mac-fygdgghdgmuleoelvxabfmqiotta/Index.noindex/DataStore @/Users/buddhirajgautam/Library/Developer/Xcode/DerivedData/Telegram-Mac-fygdgghdgmuleoelvxabfmqiotta/Build/Intermediates.noindex/GoogleDataTransport.build/Debug/GoogleDataTransport-t.build/Objects-normal/arm64/e6072d4f65d7061329687fe24e3d63a7-common-args.resp -include /Users/buddhirajgautam/Library/Developer/Xcode/DerivedData/Telegram-Mac-fygdgghdgmuleoelvxabfmqiotta/Build/Intermediates.noindex/GoogleDataTransport.build/Debug/GoogleDataTransport-t.build/DerivedSources/resource_bundle_accessor.h -MMD -MT dependencies -MF /Users/buddhirajgautam/Library/Developer/Xcode/DerivedData/Telegram-Mac-fygdgghdgmuleoelvxabfmqiotta/Build/Intermediates.noindex/GoogleDataTransport.build/Debug/GoogleDataTransport-t.build/Objects-normal/arm64/GDTCCTUploadOperation.d --serialize-diagnostics /Users/buddhirajgautam/Library/Developer/Xcode/DerivedData/Telegram-Mac-fygdgghdgmuleoelvxabfmqiotta/Build/Intermediates.noindex/GoogleDataTransport.build/Debug/GoogleDataTransport-t.build/Objects-normal/arm64/GDTCCTUploadOperation.dia -c /Users/buddhirajgautam/Library/Developer/Xcode/DerivedData/Telegram-Mac-fygdgghdgmuleoelvxabfmqiotta/SourcePackages/checkouts/GoogleDataTransport/GoogleDataTransport/GDTCCTLibrary/GDTCCTUploadOperation.m -o /Users/buddhirajgautam/Library/Developer/Xcode/DerivedData/Telegram-Mac-fygdgghdgmuleoelvxabfmqiotta/Build/Intermediates.noindex/GoogleDataTransport.build/Debug/GoogleDataTransport-t.build/Objects-normal/arm64/GDTCCTUploadOperation.o -index-unit-output-path /GoogleDataTransport.build/Debug/GoogleDataTransport-t.build/Objects-normal/arm64/GDTCCTUploadOperation.o

CompileC /Users/buddhirajgautam/Library/Developer/Xcode/DerivedData/Telegram-Mac-fygdgghdgmuleoelvxabfmqiotta/Build/Intermediates.noindex/GoogleDataTransport.build/Debug/GoogleDataTransport-t.build/Objects-normal/arm64/GDTCCTNanopbHelpers.o /Users/buddhirajgautam/Library/Developer/Xcode/DerivedData/Telegram-Mac-fygdgghdgmuleoelvxabfmqiotta/SourcePackages/checkouts/GoogleDataTransport/GoogleDataTransport/GDTCCTLibrary/GDTCCTNanopbHelpers.m normal arm64 objective-c com.apple.compilers.llvm.clang.1_0.compiler (in target 'GoogleDataTransport' from project 'GoogleDataTransport')
    cd /Users/buddhirajgautam/Documents/Cherrygram-Mac/macOS-Swift
    
    Using response file: /Users/buddhirajgautam/Library/Developer/Xcode/DerivedData/Telegram-Mac-fygdgghdgmuleoelvxabfmqiotta/Build/Intermediates.noindex/GoogleDataTransport.build/Debug/GoogleDataTransport-t.build/Objects-normal/arm64/e6072d4f65d7061329687fe24e3d63a7-common-args.resp
    
    /Applications/Xcode.app/Contents/Developer/Toolchains/XcodeDefault.xctoolchain/usr/bin/clang -x objective-c -ivfsstatcache /Users/buddhirajgautam/Library/Developer/Xcode/DerivedData/SDKStatCaches.noindex/macosx27.0-26A425-e829b21a6f8c9b70876ba0858053c0447231f6df4def33e022ae2eb8f782df1a.sdkstatcache -target arm64-apple-macos12.0 -fmessage-length\=0 -fdiagnostics-show-note-include-stack -fmacro-backtrace-limit\=0 -fno-color-diagnostics -fmodules-prune-interval\=86400 -fmodules-prune-after\=345600 -fbuild-session-file\=/Users/buddhirajgautam/Library/Developer/Xcode/DerivedData/ModuleCache.noindex/Session.modulevalidation -fmodules-validate-once-per-build-session -Wnon-modular-include-in-framework-module -Werror\=non-modular-include-in-framework-module -Wno-trigraphs -Wno-missing-field-initializers -Wno-missing-prototypes -Wno-return-type -Wno-implicit-atomic-properties -Wno-objc-interface-ivars -Wno-arc-repeated-use-of-weak -Wno-missing-braces -Wparentheses -Wswitch -Wno-unused-function -Wno-unused-label -Wno-unused-parameter -Wno-unused-variable -Wunused-value -Wno-empty-body -Wno-uninitialized -Wno-unknown-pragmas -w -Wno-shadow -Wno-four-char-constants -Wno-conversion -Wno-constant-conversion -Wno-int-conversion -Wno-bool-conversion -Wno-enum-conversion -Wno-float-conversion -Wno-non-literal-null-conversion -Wno-objc-literal-conversion -Wshorten-64-to-32 -Wpointer-sign -Wno-newline-eof -Wno-selector -Wno-strict-selector-match -Wno-undeclared-selector -Wno-deprecated-implementations -Wno-implicit-fallthrough -isysroot /Applications/Xcode.app/Contents/Developer/Platforms/MacOSX.platform/Developer/SDKs/MacOSX27.0.sdk -fstrict-aliasing -Wprotocol -Wdeprecated-declarations -Wno-sign-conversion -Wno-infinite-recursion -Wno-comma -Wno-block-capture-autoreleasing -Wno-strict-prototypes -Wno-semicolon-before-method-body -index-store-path /Users/buddhirajgautam/Library/Developer/Xcode/DerivedData/Telegram-Mac-fygdgghdgmuleoelvxabfmqiotta/Index.noindex/DataStore @/Users/buddhirajgautam/Library/Developer/Xcode/DerivedData/Telegram-Mac-fygdgghdgmuleoelvxabfmqiotta/Build/Intermediates.noindex/GoogleDataTransport.build/Debug/GoogleDataTransport-t.build/Objects-normal/arm64/e6072d4f65d7061329687fe24e3d63a7-common-args.resp -include /Users/buddhirajgautam/Library/Developer/Xcode/DerivedData/Telegram-Mac-fygdgghdgmuleoelvxabfmqiotta/Build/Intermediates.noindex/GoogleDataTransport.build/Debug/GoogleDataTransport-t.build/DerivedSources/resource_bundle_accessor.h -MMD -MT dependencies -MF /Users/buddhirajgautam/Library/Developer/Xcode/DerivedData/Telegram-Mac-fygdgghdgmuleoelvxabfmqiotta/Build/Intermediates.noindex/GoogleDataTransport.build/Debug/GoogleDataTransport-t.build/Objects-normal/arm64/GDTCCTNanopbHelpers.d --serialize-diagnostics /Users/buddhirajgautam/Library/Developer/Xcode/DerivedData/Telegram-Mac-fygdgghdgmuleoelvxabfmqiotta/Build/Intermediates.noindex/GoogleDataTransport.build/Debug/GoogleDataTransport-t.build/Objects-normal/arm64/GDTCCTNanopbHelpers.dia -c /Users/buddhirajgautam/Library/Developer/Xcode/DerivedData/Telegram-Mac-fygdgghdgmuleoelvxabfmqiotta/SourcePackages/checkouts/GoogleDataTransport/GoogleDataTransport/GDTCCTLibrary/GDTCCTNanopbHelpers.m -o /Users/buddhirajgautam/Library/Developer/Xcode/DerivedData/Telegram-Mac-fygdgghdgmuleoelvxabfmqiotta/Build/Intermediates.noindex/GoogleDataTransport.build/Debug/GoogleDataTransport-t.build/Objects-normal/arm64/GDTCCTNanopbHelpers.o -index-unit-output-path /GoogleDataTransport.build/Debug/GoogleDataTransport-t.build/Objects-normal/arm64/GDTCCTNanopbHelpers.o

PrecompileModule /Users/buddhirajgautam/Library/Developer/Xcode/DerivedData/Telegram-Mac-fygdgghdgmuleoelvxabfmqiotta/Build/Intermediates.noindex/ExplicitPrecompiledModules/CoreGraphics-DZ1AXJE5SGUSRH3RPZEC8FQNY.scan
    cd /
    builtin-precompileModule /Users/buddhirajgautam/Library/Developer/Xcode/DerivedData/Telegram-Mac-fygdgghdgmuleoelvxabfmqiotta/Build/Intermediates.noindex/ExplicitPrecompiledModules/CoreGraphics-DZ1AXJE5SGUSRH3RPZEC8FQNY.scan

PrecompileModule /Users/buddhirajgautam/Library/Developer/Xcode/DerivedData/Telegram-Mac-fygdgghdgmuleoelvxabfmqiotta/Build/Intermediates.noindex/ExplicitPrecompiledModules/DiskArbitration-9A37IIMCQNT02ORTIBV2OIXI7.scan
    cd /
    builtin-precompileModule /Users/buddhirajgautam/Library/Developer/Xcode/DerivedData/Telegram-Mac-fygdgghdgmuleoelvxabfmqiotta/Build/Intermediates.noindex/ExplicitPrecompiledModules/DiskArbitration-9A37IIMCQNT02ORTIBV2OIXI7.scan

PrecompileModule /Users/buddhirajgautam/Library/Developer/Xcode/DerivedData/Telegram-Mac-fygdgghdgmuleoelvxabfmqiotta/Build/Intermediates.noindex/ExplicitPrecompiledModules/_DarwinFoundation2-836YC09DR987ZUJLZTETD3JBI.scan
    cd /
    builtin-precompileModule /Users/buddhirajgautam/Library/Developer/Xcode/DerivedData/Telegram-Mac-fygdgghdgmuleoelvxabfmqiotta/Build/Intermediates.noindex/ExplicitPrecompiledModules/_DarwinFoundation2-836YC09DR987ZUJLZTETD3JBI.scan

ScanDependencies /Users/buddhirajgautam/Library/Developer/Xcode/DerivedData/Telegram-Mac-fygdgghdgmuleoelvxabfmqiotta/Build/Intermediates.noindex/Firebase.build/Debug/FirebaseCrashlytics-t.build/Objects-normal/arm64/FIRCLSUserLogging.o /Users/buddhirajgautam/Library/Developer/Xcode/DerivedData/Telegram-Mac-fygdgghdgmuleoelvxabfmqiotta/SourcePackages/checkouts/firebase-ios-sdk/Crashlytics/Crashlytics/Components/FIRCLSUserLogging.m normal arm64 objective-c com.apple.compilers.llvm.clang.1_0.compiler (in target 'FirebaseCrashlytics' from project 'Firebase')
    cd /Users/buddhirajgautam/Documents/Cherrygram-Mac/macOS-Swift
    
    Using response file: /Users/buddhirajgautam/Library/Developer/Xcode/DerivedData/Telegram-Mac-fygdgghdgmuleoelvxabfmqiotta/Build/Intermediates.noindex/Firebase.build/Debug/FirebaseCrashlytics-t.build/Objects-normal/arm64/e6072d4f65d7061329687fe24e3d63a7-common-args.resp
    
    builtin-ScanDependencies -o /Users/buddhirajgautam/Library/Developer/Xcode/DerivedData/Telegram-Mac-fygdgghdgmuleoelvxabfmqiotta/Build/Intermediates.noindex/Firebase.build/Debug/FirebaseCrashlytics-t.build/Objects-normal/arm64/FIRCLSUserLogging.o.scan -- /Applications/Xcode.app/Contents/Developer/Toolchains/XcodeDefault.xctoolchain/usr/bin/clang -x objective-c -ivfsstatcache /Users/buddhirajgautam/Library/Developer/Xcode/DerivedData/SDKStatCaches.noindex/macosx27.0-26A425-e829b21a6f8c9b70876ba0858053c0447231f6df4def33e022ae2eb8f782df1a.sdkstatcache -target arm64-apple-macos12.0 -fmessage-length\=0 -fdiagnostics-show-note-include-stack -fmacro-backtrace-limit\=0 -fno-color-diagnostics -fmodules-prune-interval\=86400 -fmodules-prune-after\=345600 -fbuild-session-file\=/Users/buddhirajgautam/Library/Developer/Xcode/DerivedData/ModuleCache.noindex/Session.modulevalidation -fmodules-validate-once-per-build-session -Wnon-modular-include-in-framework-module -Werror\=non-modular-include-in-framework-module -Wno-trigraphs -Wno-missing-field-initializers -Wno-missing-prototypes -Wno-return-type -Wno-implicit-atomic-properties -Wno-objc-interface-ivars -Wno-arc-repeated-use-of-weak -Wno-missing-braces -Wparentheses -Wswitch -Wno-unused-function -Wno-unused-label -Wno-unused-parameter -Wno-unused-variable -Wunused-value -Wno-empty-body -Wno-uninitialized -Wno-unknown-pragmas -w -Wno-shadow -Wno-four-char-constants -Wno-conversion -Wno-constant-conversion -Wno-int-conversion -Wno-bool-conversion -Wno-enum-conversion -Wno-float-conversion -Wno-non-literal-null-conversion -Wno-objc-literal-conversion -Wshorten-64-to-32 -Wpointer-sign -Wno-newline-eof -Wno-selector -Wno-strict-selector-match -Wno-undeclared-selector -Wno-deprecated-implementations -Wno-implicit-fallthrough -isysroot /Applications/Xcode.app/Contents/Developer/Platforms/MacOSX.platform/Developer/SDKs/MacOSX27.0.sdk -fstrict-aliasing -Wprotocol -Wdeprecated-declarations -Wno-sign-conversion -Wno-infinite-recursion -Wno-comma -Wno-block-capture-autoreleasing -Wno-strict-prototypes -Wno-semicolon-before-method-body -index-store-path /Users/buddhirajgautam/Library/Developer/Xcode/DerivedData/Telegram-Mac-fygdgghdgmuleoelvxabfmqiotta/Index.noindex/DataStore @/Users/buddhirajgautam/Library/Developer/Xcode/DerivedData/Telegram-Mac-fygdgghdgmuleoelvxabfmqiotta/Build/Intermediates.noindex/Firebase.build/Debug/FirebaseCrashlytics-t.build/Objects-normal/arm64/e6072d4f65d7061329687fe24e3d63a7-common-args.resp -MMD -MT dependencies -MF /Users/buddhirajgautam/Library/Developer/Xcode/DerivedData/Telegram-Mac-fygdgghdgmuleoelvxabfmqiotta/Build/Intermediates.noindex/Firebase.build/Debug/FirebaseCrashlytics-t.build/Objects-normal/arm64/FIRCLSUserLogging.d --serialize-diagnostics /Users/buddhirajgautam/Library/Developer/Xcode/DerivedData/Telegram-Mac-fygdgghdgmuleoelvxabfmqiotta/Build/Intermediates.noindex/Firebase.build/Debug/FirebaseCrashlytics-t.build/Objects-normal/arm64/FIRCLSUserLogging.dia -c /Users/buddhirajgautam/Library/Developer/Xcode/DerivedData/Telegram-Mac-fygdgghdgmuleoelvxabfmqiotta/SourcePackages/checkouts/firebase-ios-sdk/Crashlytics/Crashlytics/Components/FIRCLSUserLogging.m -o /Users/buddhirajgautam/Library/Developer/Xcode/DerivedData/Telegram-Mac-fygdgghdgmuleoelvxabfmqiotta/Build/Intermediates.noindex/Firebase.build/Debug/FirebaseCrashlytics-t.build/Objects-normal/arm64/FIRCLSUserLogging.o -index-unit-output-path /Firebase.build/Debug/FirebaseCrashlytics-t.build/Objects-normal/arm64/FIRCLSUserLogging.o

ScanDependencies /Users/buddhirajgautam/Library/Developer/Xcode/DerivedData/Telegram-Mac-fygdgghdgmuleoelvxabfmqiotta/Build/Intermediates.noindex/Firebase.build/Debug/FirebaseCrashlytics-t.build/Objects-normal/arm64/FIRCLSUserDefaults.o /Users/buddhirajgautam/Library/Developer/Xcode/DerivedData/Telegram-Mac-fygdgghdgmuleoelvxabfmqiotta/SourcePackages/checkouts/firebase-ios-sdk/Crashlytics/Crashlytics/FIRCLSUserDefaults/FIRCLSUserDefaults.m normal arm64 objective-c com.apple.compilers.llvm.clang.1_0.compiler (in target 'FirebaseCrashlytics' from project 'Firebase')
    cd /Users/buddhirajgautam/Documents/Cherrygram-Mac/macOS-Swift
    
    Using response file: /Users/buddhirajgautam/Library/Developer/Xcode/DerivedData/Telegram-Mac-fygdgghdgmuleoelvxabfmqiotta/Build/Intermediates.noindex/Firebase.build/Debug/FirebaseCrashlytics-t.build/Objects-normal/arm64/e6072d4f65d7061329687fe24e3d63a7-common-args.resp
    
    builtin-ScanDependencies -o /Users/buddhirajgautam/Library/Developer/Xcode/DerivedData/Telegram-Mac-fygdgghdgmuleoelvxabfmqiotta/Build/Intermediates.noindex/Firebase.build/Debug/FirebaseCrashlytics-t.build/Objects-normal/arm64/FIRCLSUserDefaults.o.scan -- /Applications/Xcode.app/Contents/Developer/Toolchains/XcodeDefault.xctoolchain/usr/bin/clang -x objective-c -ivfsstatcache /Users/buddhirajgautam/Library/Developer/Xcode/DerivedData/SDKStatCaches.noindex/macosx27.0-26A425-e829b21a6f8c9b70876ba0858053c0447231f6df4def33e022ae2eb8f782df1a.sdkstatcache -target arm64-apple-macos12.0 -fmessage-length\=0 -fdiagnostics-show-note-include-stack -fmacro-backtrace-limit\=0 -fno-color-diagnostics -fmodules-prune-interval\=86400 -fmodules-prune-after\=345600 -fbuild-session-file\=/Users/buddhirajgautam/Library/Developer/Xcode/DerivedData/ModuleCache.noindex/Session.modulevalidation -fmodules-validate-once-per-build-session -Wnon-modular-include-in-framework-module -Werror\=non-modular-include-in-framework-module -Wno-trigraphs -Wno-missing-field-initializers -Wno-missing-prototypes -Wno-return-type -Wno-implicit-atomic-properties -Wno-objc-interface-ivars -Wno-arc-repeated-use-of-weak -Wno-missing-braces -Wparentheses -Wswitch -Wno-unused-function -Wno-unused-label -Wno-unused-parameter -Wno-unused-variable -Wunused-value -Wno-empty-body -Wno-uninitialized -Wno-unknown-pragmas -w -Wno-shadow -Wno-four-char-constants -Wno-conversion -Wno-constant-conversion -Wno-int-conversion -Wno-bool-conversion -Wno-enum-conversion -Wno-float-conversion -Wno-non-literal-null-conversion -Wno-objc-literal-conversion -Wshorten-64-to-32 -Wpointer-sign -Wno-newline-eof -Wno-selector -Wno-strict-selector-match -Wno-undeclared-selector -Wno-deprecated-implementations -Wno-implicit-fallthrough -isysroot /Applications/Xcode.app/Contents/Developer/Platforms/MacOSX.platform/Developer/SDKs/MacOSX27.0.sdk -fstrict-aliasing -Wprotocol -Wdeprecated-declarations -Wno-sign-conversion -Wno-infinite-recursion -Wno-comma -Wno-block-capture-autoreleasing -Wno-strict-prototypes -Wno-semicolon-before-method-body -index-store-path /Users/buddhirajgautam/Library/Developer/Xcode/DerivedData/Telegram-Mac-fygdgghdgmuleoelvxabfmqiotta/Index.noindex/DataStore @/Users/buddhirajgautam/Library/Developer/Xcode/DerivedData/Telegram-Mac-fygdgghdgmuleoelvxabfmqiotta/Build/Intermediates.noindex/Firebase.build/Debug/FirebaseCrashlytics-t.build/Objects-normal/arm64/e6072d4f65d7061329687fe24e3d63a7-common-args.resp -MMD -MT dependencies -MF /Users/buddhirajgautam/Library/Developer/Xcode/DerivedData/Telegram-Mac-fygdgghdgmuleoelvxabfmqiotta/Build/Intermediates.noindex/Firebase.build/Debug/FirebaseCrashlytics-t.build/Objects-normal/arm64/FIRCLSUserDefaults.d --serialize-diagnostics /Users/buddhirajgautam/Library/Developer/Xcode/DerivedData/Telegram-Mac-fygdgghdgmuleoelvxabfmqiotta/Build/Intermediates.noindex/Firebase.build/Debug/FirebaseCrashlytics-t.build/Objects-normal/arm64/FIRCLSUserDefaults.dia -c /Users/buddhirajgautam/Library/Developer/Xcode/DerivedData/Telegram-Mac-fygdgghdgmuleoelvxabfmqiotta/SourcePackages/checkouts/firebase-ios-sdk/Crashlytics/Crashlytics/FIRCLSUserDefaults/FIRCLSUserDefaults.m -o /Users/buddhirajgautam/Library/Developer/Xcode/DerivedData/Telegram-Mac-fygdgghdgmuleoelvxabfmqiotta/Build/Intermediates.noindex/Firebase.build/Debug/FirebaseCrashlytics-t.build/Objects-normal/arm64/FIRCLSUserDefaults.o -index-unit-output-path /Firebase.build/Debug/FirebaseCrashlytics-t.build/Objects-normal/arm64/FIRCLSUserDefaults.o

PrecompileModule /Users/buddhirajgautam/Library/Developer/Xcode/DerivedData/Telegram-Mac-fygdgghdgmuleoelvxabfmqiotta/Build/Intermediates.noindex/ExplicitPrecompiledModules/CoreServices-2805ELTXNHQ7OOFJZZRZU7UGI.scan
    cd /
    builtin-precompileModule /Users/buddhirajgautam/Library/Developer/Xcode/DerivedData/Telegram-Mac-fygdgghdgmuleoelvxabfmqiotta/Build/Intermediates.noindex/ExplicitPrecompiledModules/CoreServices-2805ELTXNHQ7OOFJZZRZU7UGI.scan

ScanDependencies /Users/buddhirajgautam/Library/Developer/Xcode/DerivedData/Telegram-Mac-fygdgghdgmuleoelvxabfmqiotta/Build/Intermediates.noindex/Firebase.build/Debug/FirebaseCrashlytics-t.build/Objects-normal/arm64/FIRCLSUnwind_x86.o /Users/buddhirajgautam/Library/Developer/Xcode/DerivedData/Telegram-Mac-fygdgghdgmuleoelvxabfmqiotta/SourcePackages/checkouts/firebase-ios-sdk/Crashlytics/Crashlytics/Unwind/FIRCLSUnwind_x86.c normal arm64 c com.apple.compilers.llvm.clang.1_0.compiler (in target 'FirebaseCrashlytics' from project 'Firebase')
    cd /Users/buddhirajgautam/Documents/Cherrygram-Mac/macOS-Swift
    
    Using response file: /Users/buddhirajgautam/Library/Developer/Xcode/DerivedData/Telegram-Mac-fygdgghdgmuleoelvxabfmqiotta/Build/Intermediates.noindex/Firebase.build/Debug/FirebaseCrashlytics-t.build/Objects-normal/arm64/7187679823f38a2a940e0043cdf9d637-common-args.resp
    
    builtin-ScanDependencies -o /Users/buddhirajgautam/Library/Developer/Xcode/DerivedData/Telegram-Mac-fygdgghdgmuleoelvxabfmqiotta/Build/Intermediates.noindex/Firebase.build/Debug/FirebaseCrashlytics-t.build/Objects-normal/arm64/FIRCLSUnwind_x86.o.scan -- /Applications/Xcode.app/Contents/Developer/Toolchains/XcodeDefault.xctoolchain/usr/bin/clang -x c -ivfsstatcache /Users/buddhirajgautam/Library/Developer/Xcode/DerivedData/SDKStatCaches.noindex/macosx27.0-26A425-e829b21a6f8c9b70876ba0858053c0447231f6df4def33e022ae2eb8f782df1a.sdkstatcache -target arm64-apple-macos12.0 -fmessage-length\=0 -fdiagnostics-show-note-include-stack -fmacro-backtrace-limit\=0 -fno-color-diagnostics -fmodules-prune-interval\=86400 -fmodules-prune-after\=345600 -fbuild-session-file\=/Users/buddhirajgautam/Library/Developer/Xcode/DerivedData/ModuleCache.noindex/Session.modulevalidation -fmodules-validate-once-per-build-session -Wnon-modular-include-in-framework-module -Werror\=non-modular-include-in-framework-module -Wno-trigraphs -Wno-missing-field-initializers -Wno-missing-prototypes -Wno-return-type -Wno-missing-braces -Wparentheses -Wswitch -Wno-unused-function -Wno-unused-label -Wno-unused-parameter -Wno-unused-variable -Wunused-value -Wno-empty-body -Wno-uninitialized -Wno-unknown-pragmas -w -Wno-shadow -Wno-four-char-constants -Wno-conversion -Wno-constant-conversion -Wno-int-conversion -Wno-bool-conversion -Wno-enum-conversion -Wno-float-conversion -Wno-non-literal-null-conversion -Wno-objc-literal-conversion -Wshorten-64-to-32 -Wpointer-sign -Wno-newline-eof -Wno-implicit-fallthrough -isysroot /Applications/Xcode.app/Contents/Developer/Platforms/MacOSX.platform/Developer/SDKs/MacOSX27.0.sdk -fstrict-aliasing -Wdeprecated-declarations -Wno-sign-conversion -Wno-infinite-recursion -Wno-comma -Wno-block-capture-autoreleasing -Wno-strict-prototypes -Wno-semicolon-before-method-body -index-store-path /Users/buddhirajgautam/Library/Developer/Xcode/DerivedData/Telegram-Mac-fygdgghdgmuleoelvxabfmqiotta/Index.noindex/DataStore @/Users/buddhirajgautam/Library/Developer/Xcode/DerivedData/Telegram-Mac-fygdgghdgmuleoelvxabfmqiotta/Build/Intermediates.noindex/Firebase.build/Debug/FirebaseCrashlytics-t.build/Objects-normal/arm64/7187679823f38a2a940e0043cdf9d637-common-args.resp -MMD -MT dependencies -MF /Users/buddhirajgautam/Library/Developer/Xcode/DerivedData/Telegram-Mac-fygdgghdgmuleoelvxabfmqiotta/Build/Intermediates.noindex/Firebase.build/Debug/FirebaseCrashlytics-t.build/Objects-normal/arm64/FIRCLSUnwind_x86.d --serialize-diagnostics /Users/buddhirajgautam/Library/Developer/Xcode/DerivedData/Telegram-Mac-fygdgghdgmuleoelvxabfmqiotta/Build/Intermediates.noindex/Firebase.build/Debug/FirebaseCrashlytics-t.build/Objects-normal/arm64/FIRCLSUnwind_x86.dia -c /Users/buddhirajgautam/Library/Developer/Xcode/DerivedData/Telegram-Mac-fygdgghdgmuleoelvxabfmqiotta/SourcePackages/checkouts/firebase-ios-sdk/Crashlytics/Crashlytics/Unwind/FIRCLSUnwind_x86.c -o /Users/buddhirajgautam/Library/Developer/Xcode/DerivedData/Telegram-Mac-fygdgghdgmuleoelvxabfmqiotta/Build/Intermediates.noindex/Firebase.build/Debug/FirebaseCrashlytics-t.build/Objects-normal/arm64/FIRCLSUnwind_x86.o -index-unit-output-path /Firebase.build/Debug/FirebaseCrashlytics-t.build/Objects-normal/arm64/FIRCLSUnwind_x86.o

ScanDependencies /Users/buddhirajgautam/Library/Developer/Xcode/DerivedData/Telegram-Mac-fygdgghdgmuleoelvxabfmqiotta/Build/Intermediates.noindex/Firebase.build/Debug/FirebaseCrashlytics-t.build/Objects-normal/arm64/FIRCLSUnwind_arm.o /Users/buddhirajgautam/Library/Developer/Xcode/DerivedData/Telegram-Mac-fygdgghdgmuleoelvxabfmqiotta/SourcePackages/checkouts/firebase-ios-sdk/Crashlytics/Crashlytics/Unwind/FIRCLSUnwind_arm.c normal arm64 c com.apple.compilers.llvm.clang.1_0.compiler (in target 'FirebaseCrashlytics' from project 'Firebase')
    cd /Users/buddhirajgautam/Documents/Cherrygram-Mac/macOS-Swift
    
    Using response file: /Users/buddhirajgautam/Library/Developer/Xcode/DerivedData/Telegram-Mac-fygdgghdgmuleoelvxabfmqiotta/Build/Intermediates.noindex/Firebase.build/Debug/FirebaseCrashlytics-t.build/Objects-normal/arm64/7187679823f38a2a940e0043cdf9d637-common-args.resp
    
    builtin-ScanDependencies -o /Users/buddhirajgautam/Library/Developer/Xcode/DerivedData/Telegram-Mac-fygdgghdgmuleoelvxabfmqiotta/Build/Intermediates.noindex/Firebase.build/Debug/FirebaseCrashlytics-t.build/Objects-normal/arm64/FIRCLSUnwind_arm.o.scan -- /Applications/Xcode.app/Contents/Developer/Toolchains/XcodeDefault.xctoolchain/usr/bin/clang -x c -ivfsstatcache /Users/buddhirajgautam/Library/Developer/Xcode/DerivedData/SDKStatCaches.noindex/macosx27.0-26A425-e829b21a6f8c9b70876ba0858053c0447231f6df4def33e022ae2eb8f782df1a.sdkstatcache -target arm64-apple-macos12.0 -fmessage-length\=0 -fdiagnostics-show-note-include-stack -fmacro-backtrace-limit\=0 -fno-color-diagnostics -fmodules-prune-interval\=86400 -fmodules-prune-after\=345600 -fbuild-session-file\=/Users/buddhirajgautam/Library/Developer/Xcode/DerivedData/ModuleCache.noindex/Session.modulevalidation -fmodules-validate-once-per-build-session -Wnon-modular-include-in-framework-module -Werror\=non-modular-include-in-framework-module -Wno-trigraphs -Wno-missing-field-initializers -Wno-missing-prototypes -Wno-return-type -Wno-missing-braces -Wparentheses -Wswitch -Wno-unused-function -Wno-unused-label -Wno-unused-parameter -Wno-unused-variable -Wunused-value -Wno-empty-body -Wno-uninitialized -Wno-unknown-pragmas -w -Wno-shadow -Wno-four-char-constants -Wno-conversion -Wno-constant-conversion -Wno-int-conversion -Wno-bool-conversion -Wno-enum-conversion -Wno-float-conversion -Wno-non-literal-null-conversion -Wno-objc-literal-conversion -Wshorten-64-to-32 -Wpointer-sign -Wno-newline-eof -Wno-implicit-fallthrough -isysroot /Applications/Xcode.app/Contents/Developer/Platforms/MacOSX.platform/Developer/SDKs/MacOSX27.0.sdk -fstrict-aliasing -Wdeprecated-declarations -Wno-sign-conversion -Wno-infinite-recursion -Wno-comma -Wno-block-capture-autoreleasing -Wno-strict-prototypes -Wno-semicolon-before-method-body -index-store-path /Users/buddhirajgautam/Library/Developer/Xcode/DerivedData/Telegram-Mac-fygdgghdgmuleoelvxabfmqiotta/Index.noindex/DataStore @/Users/buddhirajgautam/Library/Developer/Xcode/DerivedData/Telegram-Mac-fygdgghdgmuleoelvxabfmqiotta/Build/Intermediates.noindex/Firebase.build/Debug/FirebaseCrashlytics-t.build/Objects-normal/arm64/7187679823f38a2a940e0043cdf9d637-common-args.resp -MMD -MT dependencies -MF /Users/buddhirajgautam/Library/Developer/Xcode/DerivedData/Telegram-Mac-fygdgghdgmuleoelvxabfmqiotta/Build/Intermediates.noindex/Firebase.build/Debug/FirebaseCrashlytics-t.build/Objects-normal/arm64/FIRCLSUnwind_arm.d --serialize-diagnostics /Users/buddhirajgautam/Library/Developer/Xcode/DerivedData/Telegram-Mac-fygdgghdgmuleoelvxabfmqiotta/Build/Intermediates.noindex/Firebase.build/Debug/FirebaseCrashlytics-t.build/Objects-normal/arm64/FIRCLSUnwind_arm.dia -c /Users/buddhirajgautam/Library/Developer/Xcode/DerivedData/Telegram-Mac-fygdgghdgmuleoelvxabfmqiotta/SourcePackages/checkouts/firebase-ios-sdk/Crashlytics/Crashlytics/Unwind/FIRCLSUnwind_arm.c -o /Users/buddhirajgautam/Library/Developer/Xcode/DerivedData/Telegram-Mac-fygdgghdgmuleoelvxabfmqiotta/Build/Intermediates.noindex/Firebase.build/Debug/FirebaseCrashlytics-t.build/Objects-normal/arm64/FIRCLSUnwind_arm.o -index-unit-output-path /Firebase.build/Debug/FirebaseCrashlytics-t.build/Objects-normal/arm64/FIRCLSUnwind_arm.o

ScanDependencies /Users/buddhirajgautam/Library/Developer/Xcode/DerivedData/Telegram-Mac-fygdgghdgmuleoelvxabfmqiotta/Build/Intermediates.noindex/Firebase.build/Debug/FirebaseCrashlytics-t.build/Objects-normal/arm64/FIRCLSUnwind.o /Users/buddhirajgautam/Library/Developer/Xcode/DerivedData/Telegram-Mac-fygdgghdgmuleoelvxabfmqiotta/SourcePackages/checkouts/firebase-ios-sdk/Crashlytics/Crashlytics/Unwind/FIRCLSUnwind.c normal arm64 c com.apple.compilers.llvm.clang.1_0.compiler (in target 'FirebaseCrashlytics' from project 'Firebase')
    cd /Users/buddhirajgautam/Documents/Cherrygram-Mac/macOS-Swift
    
    Using response file: /Users/buddhirajgautam/Library/Developer/Xcode/DerivedData/Telegram-Mac-fygdgghdgmuleoelvxabfmqiotta/Build/Intermediates.noindex/Firebase.build/Debug/FirebaseCrashlytics-t.build/Objects-normal/arm64/7187679823f38a2a940e0043cdf9d637-common-args.resp
    
    builtin-ScanDependencies -o /Users/buddhirajgautam/Library/Developer/Xcode/DerivedData/Telegram-Mac-fygdgghdgmuleoelvxabfmqiotta/Build/Intermediates.noindex/Firebase.build/Debug/FirebaseCrashlytics-t.build/Objects-normal/arm64/FIRCLSUnwind.o.scan -- /Applications/Xcode.app/Contents/Developer/Toolchains/XcodeDefault.xctoolchain/usr/bin/clang -x c -ivfsstatcache /Users/buddhirajgautam/Library/Developer/Xcode/DerivedData/SDKStatCaches.noindex/macosx27.0-26A425-e829b21a6f8c9b70876ba0858053c0447231f6df4def33e022ae2eb8f782df1a.sdkstatcache -target arm64-apple-macos12.0 -fmessage-length\=0 -fdiagnostics-show-note-include-stack -fmacro-backtrace-limit\=0 -fno-color-diagnostics -fmodules-prune-interval\=86400 -fmodules-prune-after\=345600 -fbuild-session-file\=/Users/buddhirajgautam/Library/Developer/Xcode/DerivedData/ModuleCache.noindex/Session.modulevalidation -fmodules-validate-once-per-build-session -Wnon-modular-include-in-framework-module -Werror\=non-modular-include-in-framework-module -Wno-trigraphs -Wno-missing-field-initializers -Wno-missing-prototypes -Wno-return-type -Wno-missing-braces -Wparentheses -Wswitch -Wno-unused-function -Wno-unused-label -Wno-unused-parameter -Wno-unused-variable -Wunused-value -Wno-empty-body -Wno-uninitialized -Wno-unknown-pragmas -w -Wno-shadow -Wno-four-char-constants -Wno-conversion -Wno-constant-conversion -Wno-int-conversion -Wno-bool-conversion -Wno-enum-conversion -Wno-float-conversion -Wno-non-literal-null-conversion -Wno-objc-literal-conversion -Wshorten-64-to-32 -Wpointer-sign -Wno-newline-eof -Wno-implicit-fallthrough -isysroot /Applications/Xcode.app/Contents/Developer/Platforms/MacOSX.platform/Developer/SDKs/MacOSX27.0.sdk -fstrict-aliasing -Wdeprecated-declarations -Wno-sign-conversion -Wno-infinite-recursion -Wno-comma -Wno-block-capture-autoreleasing -Wno-strict-prototypes -Wno-semicolon-before-method-body -index-store-path /Users/buddhirajgautam/Library/Developer/Xcode/DerivedData/Telegram-Mac-fygdgghdgmuleoelvxabfmqiotta/Index.noindex/DataStore @/Users/buddhirajgautam/Library/Developer/Xcode/DerivedData/Telegram-Mac-fygdgghdgmuleoelvxabfmqiotta/Build/Intermediates.noindex/Firebase.build/Debug/FirebaseCrashlytics-t.build/Objects-normal/arm64/7187679823f38a2a940e0043cdf9d637-common-args.resp -MMD -MT dependencies -MF /Users/buddhirajgautam/Library/Developer/Xcode/DerivedData/Telegram-Mac-fygdgghdgmuleoelvxabfmqiotta/Build/Intermediates.noindex/Firebase.build/Debug/FirebaseCrashlytics-t.build/Objects-normal/arm64/FIRCLSUnwind.d --serialize-diagnostics /Users/buddhirajgautam/Library/Developer/Xcode/DerivedData/Telegram-Mac-fygdgghdgmuleoelvxabfmqiotta/Build/Intermediates.noindex/Firebase.build/Debug/FirebaseCrashlytics-t.build/Objects-normal/arm64/FIRCLSUnwind.dia -c /Users/buddhirajgautam/Library/Developer/Xcode/DerivedData/Telegram-Mac-fygdgghdgmuleoelvxabfmqiotta/SourcePackages/checkouts/firebase-ios-sdk/Crashlytics/Crashlytics/Unwind/FIRCLSUnwind.c -o /Users/buddhirajgautam/Library/Developer/Xcode/DerivedData/Telegram-Mac-fygdgghdgmuleoelvxabfmqiotta/Build/Intermediates.noindex/Firebase.build/Debug/FirebaseCrashlytics-t.build/Objects-normal/arm64/FIRCLSUnwind.o -index-unit-output-path /Firebase.build/Debug/FirebaseCrashlytics-t.build/Objects-normal/arm64/FIRCLSUnwind.o

ScanDependencies /Users/buddhirajgautam/Library/Developer/Xcode/DerivedData/Telegram-Mac-fygdgghdgmuleoelvxabfmqiotta/Build/Intermediates.noindex/Firebase.build/Debug/FirebaseCrashlytics-t.build/Objects-normal/arm64/FIRCLSUUID.o /Users/buddhirajgautam/Library/Developer/Xcode/DerivedData/Telegram-Mac-fygdgghdgmuleoelvxabfmqiotta/SourcePackages/checkouts/firebase-ios-sdk/Crashlytics/Shared/FIRCLSUUID.m normal arm64 objective-c com.apple.compilers.llvm.clang.1_0.compiler (in target 'FirebaseCrashlytics' from project 'Firebase')
    cd /Users/buddhirajgautam/Documents/Cherrygram-Mac/macOS-Swift
    
    Using response file: /Users/buddhirajgautam/Library/Developer/Xcode/DerivedData/Telegram-Mac-fygdgghdgmuleoelvxabfmqiotta/Build/Intermediates.noindex/Firebase.build/Debug/FirebaseCrashlytics-t.build/Objects-normal/arm64/e6072d4f65d7061329687fe24e3d63a7-common-args.resp
    
    builtin-ScanDependencies -o /Users/buddhirajgautam/Library/Developer/Xcode/DerivedData/Telegram-Mac-fygdgghdgmuleoelvxabfmqiotta/Build/Intermediates.noindex/Firebase.build/Debug/FirebaseCrashlytics-t.build/Objects-normal/arm64/FIRCLSUUID.o.scan -- /Applications/Xcode.app/Contents/Developer/Toolchains/XcodeDefault.xctoolchain/usr/bin/clang -x objective-c -ivfsstatcache /Users/buddhirajgautam/Library/Developer/Xcode/DerivedData/SDKStatCaches.noindex/macosx27.0-26A425-e829b21a6f8c9b70876ba0858053c0447231f6df4def33e022ae2eb8f782df1a.sdkstatcache -target arm64-apple-macos12.0 -fmessage-length\=0 -fdiagnostics-show-note-include-stack -fmacro-backtrace-limit\=0 -fno-color-diagnostics -fmodules-prune-interval\=86400 -fmodules-prune-after\=345600 -fbuild-session-file\=/Users/buddhirajgautam/Library/Developer/Xcode/DerivedData/ModuleCache.noindex/Session.modulevalidation -fmodules-validate-once-per-build-session -Wnon-modular-include-in-framework-module -Werror\=non-modular-include-in-framework-module -Wno-trigraphs -Wno-missing-field-initializers -Wno-missing-prototypes -Wno-return-type -Wno-implicit-atomic-properties -Wno-objc-interface-ivars -Wno-arc-repeated-use-of-weak -Wno-missing-braces -Wparentheses -Wswitch -Wno-unused-function -Wno-unused-label -Wno-unused-parameter -Wno-unused-variable -Wunused-value -Wno-empty-body -Wno-uninitialized -Wno-unknown-pragmas -w -Wno-shadow -Wno-four-char-constants -Wno-conversion -Wno-constant-conversion -Wno-int-conversion -Wno-bool-conversion -Wno-enum-conversion -Wno-float-conversion -Wno-non-literal-null-conversion -Wno-objc-literal-conversion -Wshorten-64-to-32 -Wpointer-sign -Wno-newline-eof -Wno-selector -Wno-strict-selector-match -Wno-undeclared-selector -Wno-deprecated-implementations -Wno-implicit-fallthrough -isysroot /Applications/Xcode.app/Contents/Developer/Platforms/MacOSX.platform/Developer/SDKs/MacOSX27.0.sdk -fstrict-aliasing -Wprotocol -Wdeprecated-declarations -Wno-sign-conversion -Wno-infinite-recursion -Wno-comma -Wno-block-capture-autoreleasing -Wno-strict-prototypes -Wno-semicolon-before-method-body -index-store-path /Users/buddhirajgautam/Library/Developer/Xcode/DerivedData/Telegram-Mac-fygdgghdgmuleoelvxabfmqiotta/Index.noindex/DataStore @/Users/buddhirajgautam/Library/Developer/Xcode/DerivedData/Telegram-Mac-fygdgghdgmuleoelvxabfmqiotta/Build/Intermediates.noindex/Firebase.build/Debug/FirebaseCrashlytics-t.build/Objects-normal/arm64/e6072d4f65d7061329687fe24e3d63a7-common-args.resp -MMD -MT dependencies -MF /Users/buddhirajgautam/Library/Developer/Xcode/DerivedData/Telegram-Mac-fygdgghdgmuleoelvxabfmqiotta/Build/Intermediates.noindex/Firebase.build/Debug/FirebaseCrashlytics-t.build/Objects-normal/arm64/FIRCLSUUID.d --serialize-diagnostics /Users/buddhirajgautam/Library/Developer/Xcode/DerivedData/Telegram-Mac-fygdgghdgmuleoelvxabfmqiotta/Build/Intermediates.noindex/Firebase.build/Debug/FirebaseCrashlytics-t.build/Objects-normal/arm64/FIRCLSUUID.dia -c /Users/buddhirajgautam/Library/Developer/Xcode/DerivedData/Telegram-Mac-fygdgghdgmuleoelvxabfmqiotta/SourcePackages/checkouts/firebase-ios-sdk/Crashlytics/Shared/FIRCLSUUID.m -o /Users/buddhirajgautam/Library/Developer/Xcode/DerivedData/Telegram-Mac-fygdgghdgmuleoelvxabfmqiotta/Build/Intermediates.noindex/Firebase.build/Debug/FirebaseCrashlytics-t.build/Objects-normal/arm64/FIRCLSUUID.o -index-unit-output-path /Firebase.build/Debug/FirebaseCrashlytics-t.build/Objects-normal/arm64/FIRCLSUUID.o

PrecompileModule /Users/buddhirajgautam/Library/Developer/Xcode/DerivedData/Telegram-Mac-fygdgghdgmuleoelvxabfmqiotta/Build/Intermediates.noindex/ExplicitPrecompiledModules/_Builtin_stdint-74LHQH7165JEAGAB9UZJ7FXQL.scan
    cd /
    builtin-precompileModule /Users/buddhirajgautam/Library/Developer/Xcode/DerivedData/Telegram-Mac-fygdgghdgmuleoelvxabfmqiotta/Build/Intermediates.noindex/ExplicitPrecompiledModules/_Builtin_stdint-74LHQH7165JEAGAB9UZJ7FXQL.scan

PrecompileModule /Users/buddhirajgautam/Library/Developer/Xcode/DerivedData/Telegram-Mac-fygdgghdgmuleoelvxabfmqiotta/Build/Intermediates.noindex/ExplicitPrecompiledModules/ImageIO-B4MH6ST0M2G8RUY9WCM08WNAL.scan
    cd /
    builtin-precompileModule /Users/buddhirajgautam/Library/Developer/Xcode/DerivedData/Telegram-Mac-fygdgghdgmuleoelvxabfmqiotta/Build/Intermediates.noindex/ExplicitPrecompiledModules/ImageIO-B4MH6ST0M2G8RUY9WCM08WNAL.scan

PrecompileModule /Users/buddhirajgautam/Library/Developer/Xcode/DerivedData/Telegram-Mac-fygdgghdgmuleoelvxabfmqiotta/Build/Intermediates.noindex/ExplicitPrecompiledModules/CoreText-1W6JQ2XXUCSKWVRX9R4AW140F.scan
    cd /
    builtin-precompileModule /Users/buddhirajgautam/Library/Developer/Xcode/DerivedData/Telegram-Mac-fygdgghdgmuleoelvxabfmqiotta/Build/Intermediates.noindex/ExplicitPrecompiledModules/CoreText-1W6JQ2XXUCSKWVRX9R4AW140F.scan

PrecompileModule /Users/buddhirajgautam/Library/Developer/Xcode/DerivedData/Telegram-Mac-fygdgghdgmuleoelvxabfmqiotta/Build/Intermediates.noindex/ExplicitPrecompiledModules/_DarwinFoundation3-70NF96PRH2A82A1X7G4UQE72W.scan
    cd /
    builtin-precompileModule /Users/buddhirajgautam/Library/Developer/Xcode/DerivedData/Telegram-Mac-fygdgghdgmuleoelvxabfmqiotta/Build/Intermediates.noindex/ExplicitPrecompiledModules/_DarwinFoundation3-70NF96PRH2A82A1X7G4UQE72W.scan

PrecompileModule /Users/buddhirajgautam/Library/Developer/Xcode/DerivedData/Telegram-Mac-fygdgghdgmuleoelvxabfmqiotta/Build/Intermediates.noindex/ExplicitPrecompiledModules/_Builtin_stdatomic-69UVGLMIKTGS7G1UM39J13CX1.scan
    cd /
    builtin-precompileModule /Users/buddhirajgautam/Library/Developer/Xcode/DerivedData/Telegram-Mac-fygdgghdgmuleoelvxabfmqiotta/Build/Intermediates.noindex/ExplicitPrecompiledModules/_Builtin_stdatomic-69UVGLMIKTGS7G1UM39J13CX1.scan

PrecompileModule /Users/buddhirajgautam/Library/Developer/Xcode/DerivedData/Telegram-Mac-fygdgghdgmuleoelvxabfmqiotta/Build/Intermediates.noindex/ExplicitPrecompiledModules/libDER-9QEGGUZPQ1AABPFG9YH1SQVUK.scan
    cd /
    builtin-precompileModule /Users/buddhirajgautam/Library/Developer/Xcode/DerivedData/Telegram-Mac-fygdgghdgmuleoelvxabfmqiotta/Build/Intermediates.noindex/ExplicitPrecompiledModules/libDER-9QEGGUZPQ1AABPFG9YH1SQVUK.scan

ScanDependencies /Users/buddhirajgautam/Library/Developer/Xcode/DerivedData/Telegram-Mac-fygdgghdgmuleoelvxabfmqiotta/Build/Intermediates.noindex/Firebase.build/Debug/FirebaseCrashlytics-t.build/Objects-normal/arm64/FIRCLSURLBuilder.o /Users/buddhirajgautam/Library/Developer/Xcode/DerivedData/Telegram-Mac-fygdgghdgmuleoelvxabfmqiotta/SourcePackages/checkouts/firebase-ios-sdk/Crashlytics/Shared/FIRCLSNetworking/FIRCLSURLBuilder.m normal arm64 objective-c com.apple.compilers.llvm.clang.1_0.compiler (in target 'FirebaseCrashlytics' from project 'Firebase')
    cd /Users/buddhirajgautam/Documents/Cherrygram-Mac/macOS-Swift
    
    Using response file: /Users/buddhirajgautam/Library/Developer/Xcode/DerivedData/Telegram-Mac-fygdgghdgmuleoelvxabfmqiotta/Build/Intermediates.noindex/Firebase.build/Debug/FirebaseCrashlytics-t.build/Objects-normal/arm64/e6072d4f65d7061329687fe24e3d63a7-common-args.resp
    
    builtin-ScanDependencies -o /Users/buddhirajgautam/Library/Developer/Xcode/DerivedData/Telegram-Mac-fygdgghdgmuleoelvxabfmqiotta/Build/Intermediates.noindex/Firebase.build/Debug/FirebaseCrashlytics-t.build/Objects-normal/arm64/FIRCLSURLBuilder.o.scan -- /Applications/Xcode.app/Contents/Developer/Toolchains/XcodeDefault.xctoolchain/usr/bin/clang -x objective-c -ivfsstatcache /Users/buddhirajgautam/Library/Developer/Xcode/DerivedData/SDKStatCaches.noindex/macosx27.0-26A425-e829b21a6f8c9b70876ba0858053c0447231f6df4def33e022ae2eb8f782df1a.sdkstatcache -target arm64-apple-macos12.0 -fmessage-length\=0 -fdiagnostics-show-note-include-stack -fmacro-backtrace-limit\=0 -fno-color-diagnostics -fmodules-prune-interval\=86400 -fmodules-prune-after\=345600 -fbuild-session-file\=/Users/buddhirajgautam/Library/Developer/Xcode/DerivedData/ModuleCache.noindex/Session.modulevalidation -fmodules-validate-once-per-build-session -Wnon-modular-include-in-framework-module -Werror\=non-modular-include-in-framework-module -Wno-trigraphs -Wno-missing-field-initializers -Wno-missing-prototypes -Wno-return-type -Wno-implicit-atomic-properties -Wno-objc-interface-ivars -Wno-arc-repeated-use-of-weak -Wno-missing-braces -Wparentheses -Wswitch -Wno-unused-function -Wno-unused-label -Wno-unused-parameter -Wno-unused-variable -Wunused-value -Wno-empty-body -Wno-uninitialized -Wno-unknown-pragmas -w -Wno-shadow -Wno-four-char-constants -Wno-conversion -Wno-constant-conversion -Wno-int-conversion -Wno-bool-conversion -Wno-enum-conversion -Wno-float-conversion -Wno-non-literal-null-conversion -Wno-objc-literal-conversion -Wshorten-64-to-32 -Wpointer-sign -Wno-newline-eof -Wno-selector -Wno-strict-selector-match -Wno-undeclared-selector -Wno-deprecated-implementations -Wno-implicit-fallthrough -isysroot /Applications/Xcode.app/Contents/Developer/Platforms/MacOSX.platform/Developer/SDKs/MacOSX27.0.sdk -fstrict-aliasing -Wprotocol -Wdeprecated-declarations -Wno-sign-conversion -Wno-infinite-recursion -Wno-comma -Wno-block-capture-autoreleasing -Wno-strict-prototypes -Wno-semicolon-before-method-body -index-store-path /Users/buddhirajgautam/Library/Developer/Xcode/DerivedData/Telegram-Mac-fygdgghdgmuleoelvxabfmqiotta/Index.noindex/DataStore @/Users/buddhirajgautam/Library/Developer/Xcode/DerivedData/Telegram-Mac-fygdgghdgmuleoelvxabfmqiotta/Build/Intermediates.noindex/Firebase.build/Debug/FirebaseCrashlytics-t.build/Objects-normal/arm64/e6072d4f65d7061329687fe24e3d63a7-common-args.resp -MMD -MT dependencies -MF /Users/buddhirajgautam/Library/Developer/Xcode/DerivedData/Telegram-Mac-fygdgghdgmuleoelvxabfmqiotta/Build/Intermediates.noindex/Firebase.build/Debug/FirebaseCrashlytics-t.build/Objects-normal/arm64/FIRCLSURLBuilder.d --serialize-diagnostics /Users/buddhirajgautam/Library/Developer/Xcode/DerivedData/Telegram-Mac-fygdgghdgmuleoelvxabfmqiotta/Build/Intermediates.noindex/Firebase.build/Debug/FirebaseCrashlytics-t.build/Objects-normal/arm64/FIRCLSURLBuilder.dia -c /Users/buddhirajgautam/Library/Developer/Xcode/DerivedData/Telegram-Mac-fygdgghdgmuleoelvxabfmqiotta/SourcePackages/checkouts/firebase-ios-sdk/Crashlytics/Shared/FIRCLSNetworking/FIRCLSURLBuilder.m -o /Users/buddhirajgautam/Library/Developer/Xcode/DerivedData/Telegram-Mac-fygdgghdgmuleoelvxabfmqiotta/Build/Intermediates.noindex/Firebase.build/Debug/FirebaseCrashlytics-t.build/Objects-normal/arm64/FIRCLSURLBuilder.o -index-unit-output-path /Firebase.build/Debug/FirebaseCrashlytics-t.build/Objects-normal/arm64/FIRCLSURLBuilder.o

ScanDependencies /Users/buddhirajgautam/Library/Developer/Xcode/DerivedData/Telegram-Mac-fygdgghdgmuleoelvxabfmqiotta/Build/Intermediates.noindex/Firebase.build/Debug/FirebaseCrashlytics-t.build/Objects-normal/arm64/FIRCLSThreadState.o /Users/buddhirajgautam/Library/Developer/Xcode/DerivedData/Telegram-Mac-fygdgghdgmuleoelvxabfmqiotta/SourcePackages/checkouts/firebase-ios-sdk/Crashlytics/Crashlytics/Helpers/FIRCLSThreadState.c normal arm64 c com.apple.compilers.llvm.clang.1_0.compiler (in target 'FirebaseCrashlytics' from project 'Firebase')
    cd /Users/buddhirajgautam/Documents/Cherrygram-Mac/macOS-Swift
    
    Using response file: /Users/buddhirajgautam/Library/Developer/Xcode/DerivedData/Telegram-Mac-fygdgghdgmuleoelvxabfmqiotta/Build/Intermediates.noindex/Firebase.build/Debug/FirebaseCrashlytics-t.build/Objects-normal/arm64/7187679823f38a2a940e0043cdf9d637-common-args.resp
    
    builtin-ScanDependencies -o /Users/buddhirajgautam/Library/Developer/Xcode/DerivedData/Telegram-Mac-fygdgghdgmuleoelvxabfmqiotta/Build/Intermediates.noindex/Firebase.build/Debug/FirebaseCrashlytics-t.build/Objects-normal/arm64/FIRCLSThreadState.o.scan -- /Applications/Xcode.app/Contents/Developer/Toolchains/XcodeDefault.xctoolchain/usr/bin/clang -x c -ivfsstatcache /Users/buddhirajgautam/Library/Developer/Xcode/DerivedData/SDKStatCaches.noindex/macosx27.0-26A425-e829b21a6f8c9b70876ba0858053c0447231f6df4def33e022ae2eb8f782df1a.sdkstatcache -target arm64-apple-macos12.0 -fmessage-length\=0 -fdiagnostics-show-note-include-stack -fmacro-backtrace-limit\=0 -fno-color-diagnostics -fmodules-prune-interval\=86400 -fmodules-prune-after\=345600 -fbuild-session-file\=/Users/buddhirajgautam/Library/Developer/Xcode/DerivedData/ModuleCache.noindex/Session.modulevalidation -fmodules-validate-once-per-build-session -Wnon-modular-include-in-framework-module -Werror\=non-modular-include-in-framework-module -Wno-trigraphs -Wno-missing-field-initializers -Wno-missing-prototypes -Wno-return-type -Wno-missing-braces -Wparentheses -Wswitch -Wno-unused-function -Wno-unused-label -Wno-unused-parameter -Wno-unused-variable -Wunused-value -Wno-empty-body -Wno-uninitialized -Wno-unknown-pragmas -w -Wno-shadow -Wno-four-char-constants -Wno-conversion -Wno-constant-conversion -Wno-int-conversion -Wno-bool-conversion -Wno-enum-conversion -Wno-float-conversion -Wno-non-literal-null-conversion -Wno-objc-literal-conversion -Wshorten-64-to-32 -Wpointer-sign -Wno-newline-eof -Wno-implicit-fallthrough -isysroot /Applications/Xcode.app/Contents/Developer/Platforms/MacOSX.platform/Developer/SDKs/MacOSX27.0.sdk -fstrict-aliasing -Wdeprecated-declarations -Wno-sign-conversion -Wno-infinite-recursion -Wno-comma -Wno-block-capture-autoreleasing -Wno-strict-prototypes -Wno-semicolon-before-method-body -index-store-path /Users/buddhirajgautam/Library/Developer/Xcode/DerivedData/Telegram-Mac-fygdgghdgmuleoelvxabfmqiotta/Index.noindex/DataStore @/Users/buddhirajgautam/Library/Developer/Xcode/DerivedData/Telegram-Mac-fygdgghdgmuleoelvxabfmqiotta/Build/Intermediates.noindex/Firebase.build/Debug/FirebaseCrashlytics-t.build/Objects-normal/arm64/7187679823f38a2a940e0043cdf9d637-common-args.resp -MMD -MT dependencies -MF /Users/buddhirajgautam/Library/Developer/Xcode/DerivedData/Telegram-Mac-fygdgghdgmuleoelvxabfmqiotta/Build/Intermediates.noindex/Firebase.build/Debug/FirebaseCrashlytics-t.build/Objects-normal/arm64/FIRCLSThreadState.d --serialize-diagnostics /Users/buddhirajgautam/Library/Developer/Xcode/DerivedData/Telegram-Mac-fygdgghdgmuleoelvxabfmqiotta/Build/Intermediates.noindex/Firebase.build/Debug/FirebaseCrashlytics-t.build/Objects-normal/arm64/FIRCLSThreadState.dia -c /Users/buddhirajgautam/Library/Developer/Xcode/DerivedData/Telegram-Mac-fygdgghdgmuleoelvxabfmqiotta/SourcePackages/checkouts/firebase-ios-sdk/Crashlytics/Crashlytics/Helpers/FIRCLSThreadState.c -o /Users/buddhirajgautam/Library/Developer/Xcode/DerivedData/Telegram-Mac-fygdgghdgmuleoelvxabfmqiotta/Build/Intermediates.noindex/Firebase.build/Debug/FirebaseCrashlytics-t.build/Objects-normal/arm64/FIRCLSThreadState.o -index-unit-output-path /Firebase.build/Debug/FirebaseCrashlytics-t.build/Objects-normal/arm64/FIRCLSThreadState.o

PrecompileModule /Users/buddhirajgautam/Library/Developer/Xcode/DerivedData/Telegram-Mac-fygdgghdgmuleoelvxabfmqiotta/Build/Intermediates.noindex/ExplicitPrecompiledModules/ptrauth-EY5RZ3DJ20ALWEWQGQI6RT90G.scan
    cd /
    builtin-precompileModule /Users/buddhirajgautam/Library/Developer/Xcode/DerivedData/Telegram-Mac-fygdgghdgmuleoelvxabfmqiotta/Build/Intermediates.noindex/ExplicitPrecompiledModules/ptrauth-EY5RZ3DJ20ALWEWQGQI6RT90G.scan

PrecompileModule /Users/buddhirajgautam/Library/Developer/Xcode/DerivedData/Telegram-Mac-fygdgghdgmuleoelvxabfmqiotta/Build/Intermediates.noindex/ExplicitPrecompiledModules/_Builtin_limits-3J0U6ZQJJPYU05J1FI85Z6ELO.scan
    cd /
    builtin-precompileModule /Users/buddhirajgautam/Library/Developer/Xcode/DerivedData/Telegram-Mac-fygdgghdgmuleoelvxabfmqiotta/Build/Intermediates.noindex/ExplicitPrecompiledModules/_Builtin_limits-3J0U6ZQJJPYU05J1FI85Z6ELO.scan

PrecompileModule /Users/buddhirajgautam/Library/Developer/Xcode/DerivedData/Telegram-Mac-fygdgghdgmuleoelvxabfmqiotta/Build/Intermediates.noindex/ExplicitPrecompiledModules/CommonCrypto-779ACMEBY28XREPC8833AC2KL.scan
    cd /
    builtin-precompileModule /Users/buddhirajgautam/Library/Developer/Xcode/DerivedData/Telegram-Mac-fygdgghdgmuleoelvxabfmqiotta/Build/Intermediates.noindex/ExplicitPrecompiledModules/CommonCrypto-779ACMEBY28XREPC8833AC2KL.scan

PrecompileModule /Users/buddhirajgautam/Library/Developer/Xcode/DerivedData/Telegram-Mac-fygdgghdgmuleoelvxabfmqiotta/Build/Intermediates.noindex/ExplicitPrecompiledModules/_Builtin_inttypes-DFJGFZ3U5H5VY5YC203BEMOW1.scan
    cd /
    builtin-precompileModule /Users/buddhirajgautam/Library/Developer/Xcode/DerivedData/Telegram-Mac-fygdgghdgmuleoelvxabfmqiotta/Build/Intermediates.noindex/ExplicitPrecompiledModules/_Builtin_inttypes-DFJGFZ3U5H5VY5YC203BEMOW1.scan

PrecompileModule /Users/buddhirajgautam/Library/Developer/Xcode/DerivedData/Telegram-Mac-fygdgghdgmuleoelvxabfmqiotta/Build/Intermediates.noindex/ExplicitPrecompiledModules/_Builtin_inttypes-6CNRT3S3UVIO1OR9STB1OFQAR.scan
    cd /
    builtin-precompileModule /Users/buddhirajgautam/Library/Developer/Xcode/DerivedData/Telegram-Mac-fygdgghdgmuleoelvxabfmqiotta/Build/Intermediates.noindex/ExplicitPrecompiledModules/_Builtin_inttypes-6CNRT3S3UVIO1OR9STB1OFQAR.scan

ScanDependencies /Users/buddhirajgautam/Library/Developer/Xcode/DerivedData/Telegram-Mac-fygdgghdgmuleoelvxabfmqiotta/Build/Intermediates.noindex/Firebase.build/Debug/FirebaseCrashlytics-t.build/Objects-normal/arm64/FIRCLSThreadArrayOperation.o /Users/buddhirajgautam/Library/Developer/Xcode/DerivedData/Telegram-Mac-fygdgghdgmuleoelvxabfmqiotta/SourcePackages/checkouts/firebase-ios-sdk/Crashlytics/Crashlytics/Operations/Symbolication/FIRCLSThreadArrayOperation.m normal arm64 objective-c com.apple.compilers.llvm.clang.1_0.compiler (in target 'FirebaseCrashlytics' from project 'Firebase')
    cd /Users/buddhirajgautam/Documents/Cherrygram-Mac/macOS-Swift
    
    Using response file: /Users/buddhirajgautam/Library/Developer/Xcode/DerivedData/Telegram-Mac-fygdgghdgmuleoelvxabfmqiotta/Build/Intermediates.noindex/Firebase.build/Debug/FirebaseCrashlytics-t.build/Objects-normal/arm64/e6072d4f65d7061329687fe24e3d63a7-common-args.resp
    
    builtin-ScanDependencies -o /Users/buddhirajgautam/Library/Developer/Xcode/DerivedData/Telegram-Mac-fygdgghdgmuleoelvxabfmqiotta/Build/Intermediates.noindex/Firebase.build/Debug/FirebaseCrashlytics-t.build/Objects-normal/arm64/FIRCLSThreadArrayOperation.o.scan -- /Applications/Xcode.app/Contents/Developer/Toolchains/XcodeDefault.xctoolchain/usr/bin/clang -x objective-c -ivfsstatcache /Users/buddhirajgautam/Library/Developer/Xcode/DerivedData/SDKStatCaches.noindex/macosx27.0-26A425-e829b21a6f8c9b70876ba0858053c0447231f6df4def33e022ae2eb8f782df1a.sdkstatcache -target arm64-apple-macos12.0 -fmessage-length\=0 -fdiagnostics-show-note-include-stack -fmacro-backtrace-limit\=0 -fno-color-diagnostics -fmodules-prune-interval\=86400 -fmodules-prune-after\=345600 -fbuild-session-file\=/Users/buddhirajgautam/Library/Developer/Xcode/DerivedData/ModuleCache.noindex/Session.modulevalidation -fmodules-validate-once-per-build-session -Wnon-modular-include-in-framework-module -Werror\=non-modular-include-in-framework-module -Wno-trigraphs -Wno-missing-field-initializers -Wno-missing-prototypes -Wno-return-type -Wno-implicit-atomic-properties -Wno-objc-interface-ivars -Wno-arc-repeated-use-of-weak -Wno-missing-braces -Wparentheses -Wswitch -Wno-unused-function -Wno-unused-label -Wno-unused-parameter -Wno-unused-variable -Wunused-value -Wno-empty-body -Wno-uninitialized -Wno-unknown-pragmas -w -Wno-shadow -Wno-four-char-constants -Wno-conversion -Wno-constant-conversion -Wno-int-conversion -Wno-bool-conversion -Wno-enum-conversion -Wno-float-conversion -Wno-non-literal-null-conversion -Wno-objc-literal-conversion -Wshorten-64-to-32 -Wpointer-sign -Wno-newline-eof -Wno-selector -Wno-strict-selector-match -Wno-undeclared-selector -Wno-deprecated-implementations -Wno-implicit-fallthrough -isysroot /Applications/Xcode.app/Contents/Developer/Platforms/MacOSX.platform/Developer/SDKs/MacOSX27.0.sdk -fstrict-aliasing -Wprotocol -Wdeprecated-declarations -Wno-sign-conversion -Wno-infinite-recursion -Wno-comma -Wno-block-capture-autoreleasing -Wno-strict-prototypes -Wno-semicolon-before-method-body -index-store-path /Users/buddhirajgautam/Library/Developer/Xcode/DerivedData/Telegram-Mac-fygdgghdgmuleoelvxabfmqiotta/Index.noindex/DataStore @/Users/buddhirajgautam/Library/Developer/Xcode/DerivedData/Telegram-Mac-fygdgghdgmuleoelvxabfmqiotta/Build/Intermediates.noindex/Firebase.build/Debug/FirebaseCrashlytics-t.build/Objects-normal/arm64/e6072d4f65d7061329687fe24e3d63a7-common-args.resp -MMD -MT dependencies -MF /Users/buddhirajgautam/Library/Developer/Xcode/DerivedData/Telegram-Mac-fygdgghdgmuleoelvxabfmqiotta/Build/Intermediates.noindex/Firebase.build/Debug/FirebaseCrashlytics-t.build/Objects-normal/arm64/FIRCLSThreadArrayOperation.d --serialize-diagnostics /Users/buddhirajgautam/Library/Developer/Xcode/DerivedData/Telegram-Mac-fygdgghdgmuleoelvxabfmqiotta/Build/Intermediates.noindex/Firebase.build/Debug/FirebaseCrashlytics-t.build/Objects-normal/arm64/FIRCLSThreadArrayOperation.dia -c /Users/buddhirajgautam/Library/Developer/Xcode/DerivedData/Telegram-Mac-fygdgghdgmuleoelvxabfmqiotta/SourcePackages/checkouts/firebase-ios-sdk/Crashlytics/Crashlytics/Operations/Symbolication/FIRCLSThreadArrayOperation.m -o /Users/buddhirajgautam/Library/Developer/Xcode/DerivedData/Telegram-Mac-fygdgghdgmuleoelvxabfmqiotta/Build/Intermediates.noindex/Firebase.build/Debug/FirebaseCrashlytics-t.build/Objects-normal/arm64/FIRCLSThreadArrayOperation.o -index-unit-output-path /Firebase.build/Debug/FirebaseCrashlytics-t.build/Objects-normal/arm64/FIRCLSThreadArrayOperation.o

ScanDependencies /Users/buddhirajgautam/Library/Developer/Xcode/DerivedData/Telegram-Mac-fygdgghdgmuleoelvxabfmqiotta/Build/Intermediates.noindex/Firebase.build/Debug/FirebaseCrashlytics-t.build/Objects-normal/arm64/FIRCLSSymbolicationOperation.o /Users/buddhirajgautam/Library/Developer/Xcode/DerivedData/Telegram-Mac-fygdgghdgmuleoelvxabfmqiotta/SourcePackages/checkouts/firebase-ios-sdk/Crashlytics/Crashlytics/Operations/Symbolication/FIRCLSSymbolicationOperation.m normal arm64 objective-c com.apple.compilers.llvm.clang.1_0.compiler (in target 'FirebaseCrashlytics' from project 'Firebase')
    cd /Users/buddhirajgautam/Documents/Cherrygram-Mac/macOS-Swift
    
    Using response file: /Users/buddhirajgautam/Library/Developer/Xcode/DerivedData/Telegram-Mac-fygdgghdgmuleoelvxabfmqiotta/Build/Intermediates.noindex/Firebase.build/Debug/FirebaseCrashlytics-t.build/Objects-normal/arm64/e6072d4f65d7061329687fe24e3d63a7-common-args.resp
    
    builtin-ScanDependencies -o /Users/buddhirajgautam/Library/Developer/Xcode/DerivedData/Telegram-Mac-fygdgghdgmuleoelvxabfmqiotta/Build/Intermediates.noindex/Firebase.build/Debug/FirebaseCrashlytics-t.build/Objects-normal/arm64/FIRCLSSymbolicationOperation.o.scan -- /Applications/Xcode.app/Contents/Developer/Toolchains/XcodeDefault.xctoolchain/usr/bin/clang -x objective-c -ivfsstatcache /Users/buddhirajgautam/Library/Developer/Xcode/DerivedData/SDKStatCaches.noindex/macosx27.0-26A425-e829b21a6f8c9b70876ba0858053c0447231f6df4def33e022ae2eb8f782df1a.sdkstatcache -target arm64-apple-macos12.0 -fmessage-length\=0 -fdiagnostics-show-note-include-stack -fmacro-backtrace-limit\=0 -fno-color-diagnostics -fmodules-prune-interval\=86400 -fmodules-prune-after\=345600 -fbuild-session-file\=/Users/buddhirajgautam/Library/Developer/Xcode/DerivedData/ModuleCache.noindex/Session.modulevalidation -fmodules-validate-once-per-build-session -Wnon-modular-include-in-framework-module -Werror\=non-modular-include-in-framework-module -Wno-trigraphs -Wno-missing-field-initializers -Wno-missing-prototypes -Wno-return-type -Wno-implicit-atomic-properties -Wno-objc-interface-ivars -Wno-arc-repeated-use-of-weak -Wno-missing-braces -Wparentheses -Wswitch -Wno-unused-function -Wno-unused-label -Wno-unused-parameter -Wno-unused-variable -Wunused-value -Wno-empty-body -Wno-uninitialized -Wno-unknown-pragmas -w -Wno-shadow -Wno-four-char-constants -Wno-conversion -Wno-constant-conversion -Wno-int-conversion -Wno-bool-conversion -Wno-enum-conversion -Wno-float-conversion -Wno-non-literal-null-conversion -Wno-objc-literal-conversion -Wshorten-64-to-32 -Wpointer-sign -Wno-newline-eof -Wno-selector -Wno-strict-selector-match -Wno-undeclared-selector -Wno-deprecated-implementations -Wno-implicit-fallthrough -isysroot /Applications/Xcode.app/Contents/Developer/Platforms/MacOSX.platform/Developer/SDKs/MacOSX27.0.sdk -fstrict-aliasing -Wprotocol -Wdeprecated-declarations -Wno-sign-conversion -Wno-infinite-recursion -Wno-comma -Wno-block-capture-autoreleasing -Wno-strict-prototypes -Wno-semicolon-before-method-body -index-store-path /Users/buddhirajgautam/Library/Developer/Xcode/DerivedData/Telegram-Mac-fygdgghdgmuleoelvxabfmqiotta/Index.noindex/DataStore @/Users/buddhirajgautam/Library/Developer/Xcode/DerivedData/Telegram-Mac-fygdgghdgmuleoelvxabfmqiotta/Build/Intermediates.noindex/Firebase.build/Debug/FirebaseCrashlytics-t.build/Objects-normal/arm64/e6072d4f65d7061329687fe24e3d63a7-common-args.resp -MMD -MT dependencies -MF /Users/buddhirajgautam/Library/Developer/Xcode/DerivedData/Telegram-Mac-fygdgghdgmuleoelvxabfmqiotta/Build/Intermediates.noindex/Firebase.build/Debug/FirebaseCrashlytics-t.build/Objects-normal/arm64/FIRCLSSymbolicationOperation.d --serialize-diagnostics /Users/buddhirajgautam/Library/Developer/Xcode/DerivedData/Telegram-Mac-fygdgghdgmuleoelvxabfmqiotta/Build/Intermediates.noindex/Firebase.build/Debug/FirebaseCrashlytics-t.build/Objects-normal/arm64/FIRCLSSymbolicationOperation.dia -c /Users/buddhirajgautam/Library/Developer/Xcode/DerivedData/Telegram-Mac-fygdgghdgmuleoelvxabfmqiotta/SourcePackages/checkouts/firebase-ios-sdk/Crashlytics/Crashlytics/Operations/Symbolication/FIRCLSSymbolicationOperation.m -o /Users/buddhirajgautam/Library/Developer/Xcode/DerivedData/Telegram-Mac-fygdgghdgmuleoelvxabfmqiotta/Build/Intermediates.noindex/Firebase.build/Debug/FirebaseCrashlytics-t.build/Objects-normal/arm64/FIRCLSSymbolicationOperation.o -index-unit-output-path /Firebase.build/Debug/FirebaseCrashlytics-t.build/Objects-normal/arm64/FIRCLSSymbolicationOperation.o

ScanDependencies /Users/buddhirajgautam/Library/Developer/Xcode/DerivedData/Telegram-Mac-fygdgghdgmuleoelvxabfmqiotta/Build/Intermediates.noindex/Firebase.build/Debug/FirebaseCrashlytics-t.build/Objects-normal/arm64/FIRCLSSymbolResolver.o /Users/buddhirajgautam/Library/Developer/Xcode/DerivedData/Telegram-Mac-fygdgghdgmuleoelvxabfmqiotta/SourcePackages/checkouts/firebase-ios-sdk/Crashlytics/Crashlytics/Models/FIRCLSSymbolResolver.m normal arm64 objective-c com.apple.compilers.llvm.clang.1_0.compiler (in target 'FirebaseCrashlytics' from project 'Firebase')
    cd /Users/buddhirajgautam/Documents/Cherrygram-Mac/macOS-Swift
    
    Using response file: /Users/buddhirajgautam/Library/Developer/Xcode/DerivedData/Telegram-Mac-fygdgghdgmuleoelvxabfmqiotta/Build/Intermediates.noindex/Firebase.build/Debug/FirebaseCrashlytics-t.build/Objects-normal/arm64/e6072d4f65d7061329687fe24e3d63a7-common-args.resp
    
    builtin-ScanDependencies -o /Users/buddhirajgautam/Library/Developer/Xcode/DerivedData/Telegram-Mac-fygdgghdgmuleoelvxabfmqiotta/Build/Intermediates.noindex/Firebase.build/Debug/FirebaseCrashlytics-t.build/Objects-normal/arm64/FIRCLSSymbolResolver.o.scan -- /Applications/Xcode.app/Contents/Developer/Toolchains/XcodeDefault.xctoolchain/usr/bin/clang -x objective-c -ivfsstatcache /Users/buddhirajgautam/Library/Developer/Xcode/DerivedData/SDKStatCaches.noindex/macosx27.0-26A425-e829b21a6f8c9b70876ba0858053c0447231f6df4def33e022ae2eb8f782df1a.sdkstatcache -target arm64-apple-macos12.0 -fmessage-length\=0 -fdiagnostics-show-note-include-stack -fmacro-backtrace-limit\=0 -fno-color-diagnostics -fmodules-prune-interval\=86400 -fmodules-prune-after\=345600 -fbuild-session-file\=/Users/buddhirajgautam/Library/Developer/Xcode/DerivedData/ModuleCache.noindex/Session.modulevalidation -fmodules-validate-once-per-build-session -Wnon-modular-include-in-framework-module -Werror\=non-modular-include-in-framework-module -Wno-trigraphs -Wno-missing-field-initializers -Wno-missing-prototypes -Wno-return-type -Wno-implicit-atomic-properties -Wno-objc-interface-ivars -Wno-arc-repeated-use-of-weak -Wno-missing-braces -Wparentheses -Wswitch -Wno-unused-function -Wno-unused-label -Wno-unused-parameter -Wno-unused-variable -Wunused-value -Wno-empty-body -Wno-uninitialized -Wno-unknown-pragmas -w -Wno-shadow -Wno-four-char-constants -Wno-conversion -Wno-constant-conversion -Wno-int-conversion -Wno-bool-conversion -Wno-enum-conversion -Wno-float-conversion -Wno-non-literal-null-conversion -Wno-objc-literal-conversion -Wshorten-64-to-32 -Wpointer-sign -Wno-newline-eof -Wno-selector -Wno-strict-selector-match -Wno-undeclared-selector -Wno-deprecated-implementations -Wno-implicit-fallthrough -isysroot /Applications/Xcode.app/Contents/Developer/Platforms/MacOSX.platform/Developer/SDKs/MacOSX27.0.sdk -fstrict-aliasing -Wprotocol -Wdeprecated-declarations -Wno-sign-conversion -Wno-infinite-recursion -Wno-comma -Wno-block-capture-autoreleasing -Wno-strict-prototypes -Wno-semicolon-before-method-body -index-store-path /Users/buddhirajgautam/Library/Developer/Xcode/DerivedData/Telegram-Mac-fygdgghdgmuleoelvxabfmqiotta/Index.noindex/DataStore @/Users/buddhirajgautam/Library/Developer/Xcode/DerivedData/Telegram-Mac-fygdgghdgmuleoelvxabfmqiotta/Build/Intermediates.noindex/Firebase.build/Debug/FirebaseCrashlytics-t.build/Objects-normal/arm64/e6072d4f65d7061329687fe24e3d63a7-common-args.resp -MMD -MT dependencies -MF /Users/buddhirajgautam/Library/Developer/Xcode/DerivedData/Telegram-Mac-fygdgghdgmuleoelvxabfmqiotta/Build/Intermediates.noindex/Firebase.build/Debug/FirebaseCrashlytics-t.build/Objects-normal/arm64/FIRCLSSymbolResolver.d --serialize-diagnostics /Users/buddhirajgautam/Library/Developer/Xcode/DerivedData/Telegram-Mac-fygdgghdgmuleoelvxabfmqiotta/Build/Intermediates.noindex/Firebase.build/Debug/FirebaseCrashlytics-t.build/Objects-normal/arm64/FIRCLSSymbolResolver.dia -c /Users/buddhirajgautam/Library/Developer/Xcode/DerivedData/Telegram-Mac-fygdgghdgmuleoelvxabfmqiotta/SourcePackages/checkouts/firebase-ios-sdk/Crashlytics/Crashlytics/Models/FIRCLSSymbolResolver.m -o /Users/buddhirajgautam/Library/Developer/Xcode/DerivedData/Telegram-Mac-fygdgghdgmuleoelvxabfmqiotta/Build/Intermediates.noindex/Firebase.build/Debug/FirebaseCrashlytics-t.build/Objects-normal/arm64/FIRCLSSymbolResolver.o -index-unit-output-path /Firebase.build/Debug/FirebaseCrashlytics-t.build/Objects-normal/arm64/FIRCLSSymbolResolver.o

PrecompileModule /Users/buddhirajgautam/Library/Developer/Xcode/DerivedData/Telegram-Mac-fygdgghdgmuleoelvxabfmqiotta/Build/Intermediates.noindex/ExplicitPrecompiledModules/Darwin-3AXKYYR43X7Z2K71BVN3CGQQF.scan
    cd /
    builtin-precompileModule /Users/buddhirajgautam/Library/Developer/Xcode/DerivedData/Telegram-Mac-fygdgghdgmuleoelvxabfmqiotta/Build/Intermediates.noindex/ExplicitPrecompiledModules/Darwin-3AXKYYR43X7Z2K71BVN3CGQQF.scan

ScanDependencies /Users/buddhirajgautam/Library/Developer/Xcode/DerivedData/Telegram-Mac-fygdgghdgmuleoelvxabfmqiotta/Build/Intermediates.noindex/Firebase.build/Debug/FirebaseCrashlytics-t.build/Objects-normal/arm64/FIRCLSSignal.o /Users/buddhirajgautam/Library/Developer/Xcode/DerivedData/Telegram-Mac-fygdgghdgmuleoelvxabfmqiotta/SourcePackages/checkouts/firebase-ios-sdk/Crashlytics/Crashlytics/Handlers/FIRCLSSignal.c normal arm64 c com.apple.compilers.llvm.clang.1_0.compiler (in target 'FirebaseCrashlytics' from project 'Firebase')
    cd /Users/buddhirajgautam/Documents/Cherrygram-Mac/macOS-Swift
    
    Using response file: /Users/buddhirajgautam/Library/Developer/Xcode/DerivedData/Telegram-Mac-fygdgghdgmuleoelvxabfmqiotta/Build/Intermediates.noindex/Firebase.build/Debug/FirebaseCrashlytics-t.build/Objects-normal/arm64/7187679823f38a2a940e0043cdf9d637-common-args.resp
    
    builtin-ScanDependencies -o /Users/buddhirajgautam/Library/Developer/Xcode/DerivedData/Telegram-Mac-fygdgghdgmuleoelvxabfmqiotta/Build/Intermediates.noindex/Firebase.build/Debug/FirebaseCrashlytics-t.build/Objects-normal/arm64/FIRCLSSignal.o.scan -- /Applications/Xcode.app/Contents/Developer/Toolchains/XcodeDefault.xctoolchain/usr/bin/clang -x c -ivfsstatcache /Users/buddhirajgautam/Library/Developer/Xcode/DerivedData/SDKStatCaches.noindex/macosx27.0-26A425-e829b21a6f8c9b70876ba0858053c0447231f6df4def33e022ae2eb8f782df1a.sdkstatcache -target arm64-apple-macos12.0 -fmessage-length\=0 -fdiagnostics-show-note-include-stack -fmacro-backtrace-limit\=0 -fno-color-diagnostics -fmodules-prune-interval\=86400 -fmodules-prune-after\=345600 -fbuild-session-file\=/Users/buddhirajgautam/Library/Developer/Xcode/DerivedData/ModuleCache.noindex/Session.modulevalidation -fmodules-validate-once-per-build-session -Wnon-modular-include-in-framework-module -Werror\=non-modular-include-in-framework-module -Wno-trigraphs -Wno-missing-field-initializers -Wno-missing-prototypes -Wno-return-type -Wno-missing-braces -Wparentheses -Wswitch -Wno-unused-function -Wno-unused-label -Wno-unused-parameter -Wno-unused-variable -Wunused-value -Wno-empty-body -Wno-uninitialized -Wno-unknown-pragmas -w -Wno-shadow -Wno-four-char-constants -Wno-conversion -Wno-constant-conversion -Wno-int-conversion -Wno-bool-conversion -Wno-enum-conversion -Wno-float-conversion -Wno-non-literal-null-conversion -Wno-objc-literal-conversion -Wshorten-64-to-32 -Wpointer-sign -Wno-newline-eof -Wno-implicit-fallthrough -isysroot /Applications/Xcode.app/Contents/Developer/Platforms/MacOSX.platform/Developer/SDKs/MacOSX27.0.sdk -fstrict-aliasing -Wdeprecated-declarations -Wno-sign-conversion -Wno-infinite-recursion -Wno-comma -Wno-block-capture-autoreleasing -Wno-strict-prototypes -Wno-semicolon-before-method-body -index-store-path /Users/buddhirajgautam/Library/Developer/Xcode/DerivedData/Telegram-Mac-fygdgghdgmuleoelvxabfmqiotta/Index.noindex/DataStore @/Users/buddhirajgautam/Library/Developer/Xcode/DerivedData/Telegram-Mac-fygdgghdgmuleoelvxabfmqiotta/Build/Intermediates.noindex/Firebase.build/Debug/FirebaseCrashlytics-t.build/Objects-normal/arm64/7187679823f38a2a940e0043cdf9d637-common-args.resp -MMD -MT dependencies -MF /Users/buddhirajgautam/Library/Developer/Xcode/DerivedData/Telegram-Mac-fygdgghdgmuleoelvxabfmqiotta/Build/Intermediates.noindex/Firebase.build/Debug/FirebaseCrashlytics-t.build/Objects-normal/arm64/FIRCLSSignal.d --serialize-diagnostics /Users/buddhirajgautam/Library/Developer/Xcode/DerivedData/Telegram-Mac-fygdgghdgmuleoelvxabfmqiotta/Build/Intermediates.noindex/Firebase.build/Debug/FirebaseCrashlytics-t.build/Objects-normal/arm64/FIRCLSSignal.dia -c /Users/buddhirajgautam/Library/Developer/Xcode/DerivedData/Telegram-Mac-fygdgghdgmuleoelvxabfmqiotta/SourcePackages/checkouts/firebase-ios-sdk/Crashlytics/Crashlytics/Handlers/FIRCLSSignal.c -o /Users/buddhirajgautam/Library/Developer/Xcode/DerivedData/Telegram-Mac-fygdgghdgmuleoelvxabfmqiotta/Build/Intermediates.noindex/Firebase.build/Debug/FirebaseCrashlytics-t.build/Objects-normal/arm64/FIRCLSSignal.o -index-unit-output-path /Firebase.build/Debug/FirebaseCrashlytics-t.build/Objects-normal/arm64/FIRCLSSignal.o

PrecompileModule /Users/buddhirajgautam/Library/Developer/Xcode/DerivedData/Telegram-Mac-fygdgghdgmuleoelvxabfmqiotta/Build/Intermediates.noindex/ExplicitPrecompiledModules/Darwin-9Y5M6K8W0R6JGUXEX9K0R8NGI.scan
    cd /
    builtin-precompileModule /Users/buddhirajgautam/Library/Developer/Xcode/DerivedData/Telegram-Mac-fygdgghdgmuleoelvxabfmqiotta/Build/Intermediates.noindex/ExplicitPrecompiledModules/Darwin-9Y5M6K8W0R6JGUXEX9K0R8NGI.scan

PrecompileModule /Users/buddhirajgautam/Library/Developer/Xcode/DerivedData/Telegram-Mac-fygdgghdgmuleoelvxabfmqiotta/Build/Intermediates.noindex/ExplicitPrecompiledModules/Foundation-E4MPZ4N3HOIFHLBGJ1GRE6EGS.scan
    cd /
    builtin-precompileModule /Users/buddhirajgautam/Library/Developer/Xcode/DerivedData/Telegram-Mac-fygdgghdgmuleoelvxabfmqiotta/Build/Intermediates.noindex/ExplicitPrecompiledModules/Foundation-E4MPZ4N3HOIFHLBGJ1GRE6EGS.scan

ScanDependencies /Users/buddhirajgautam/Library/Developer/Xcode/DerivedData/Telegram-Mac-fygdgghdgmuleoelvxabfmqiotta/Build/Intermediates.noindex/Firebase.build/Debug/FirebaseCrashlytics-t.build/Objects-normal/arm64/FIRCLSSettingsManager.o /Users/buddhirajgautam/Library/Developer/Xcode/DerivedData/Telegram-Mac-fygdgghdgmuleoelvxabfmqiotta/SourcePackages/checkouts/firebase-ios-sdk/Crashlytics/Crashlytics/Settings/FIRCLSSettingsManager.m normal arm64 objective-c com.apple.compilers.llvm.clang.1_0.compiler (in target 'FirebaseCrashlytics' from project 'Firebase')
    cd /Users/buddhirajgautam/Documents/Cherrygram-Mac/macOS-Swift
    
    Using response file: /Users/buddhirajgautam/Library/Developer/Xcode/DerivedData/Telegram-Mac-fygdgghdgmuleoelvxabfmqiotta/Build/Intermediates.noindex/Firebase.build/Debug/FirebaseCrashlytics-t.build/Objects-normal/arm64/e6072d4f65d7061329687fe24e3d63a7-common-args.resp
    
    builtin-ScanDependencies -o /Users/buddhirajgautam/Library/Developer/Xcode/DerivedData/Telegram-Mac-fygdgghdgmuleoelvxabfmqiotta/Build/Intermediates.noindex/Firebase.build/Debug/FirebaseCrashlytics-t.build/Objects-normal/arm64/FIRCLSSettingsManager.o.scan -- /Applications/Xcode.app/Contents/Developer/Toolchains/XcodeDefault.xctoolchain/usr/bin/clang -x objective-c -ivfsstatcache /Users/buddhirajgautam/Library/Developer/Xcode/DerivedData/SDKStatCaches.noindex/macosx27.0-26A425-e829b21a6f8c9b70876ba0858053c0447231f6df4def33e022ae2eb8f782df1a.sdkstatcache -target arm64-apple-macos12.0 -fmessage-length\=0 -fdiagnostics-show-note-include-stack -fmacro-backtrace-limit\=0 -fno-color-diagnostics -fmodules-prune-interval\=86400 -fmodules-prune-after\=345600 -fbuild-session-file\=/Users/buddhirajgautam/Library/Developer/Xcode/DerivedData/ModuleCache.noindex/Session.modulevalidation -fmodules-validate-once-per-build-session -Wnon-modular-include-in-framework-module -Werror\=non-modular-include-in-framework-module -Wno-trigraphs -Wno-missing-field-initializers -Wno-missing-prototypes -Wno-return-type -Wno-implicit-atomic-properties -Wno-objc-interface-ivars -Wno-arc-repeated-use-of-weak -Wno-missing-braces -Wparentheses -Wswitch -Wno-unused-function -Wno-unused-label -Wno-unused-parameter -Wno-unused-variable -Wunused-value -Wno-empty-body -Wno-uninitialized -Wno-unknown-pragmas -w -Wno-shadow -Wno-four-char-constants -Wno-conversion -Wno-constant-conversion -Wno-int-conversion -Wno-bool-conversion -Wno-enum-conversion -Wno-float-conversion -Wno-non-literal-null-conversion -Wno-objc-literal-conversion -Wshorten-64-to-32 -Wpointer-sign -Wno-newline-eof -Wno-selector -Wno-strict-selector-match -Wno-undeclared-selector -Wno-deprecated-implementations -Wno-implicit-fallthrough -isysroot /Applications/Xcode.app/Contents/Developer/Platforms/MacOSX.platform/Developer/SDKs/MacOSX27.0.sdk -fstrict-aliasing -Wprotocol -Wdeprecated-declarations -Wno-sign-conversion -Wno-infinite-recursion -Wno-comma -Wno-block-capture-autoreleasing -Wno-strict-prototypes -Wno-semicolon-before-method-body -index-store-path /Users/buddhirajgautam/Library/Developer/Xcode/DerivedData/Telegram-Mac-fygdgghdgmuleoelvxabfmqiotta/Index.noindex/DataStore @/Users/buddhirajgautam/Library/Developer/Xcode/DerivedData/Telegram-Mac-fygdgghdgmuleoelvxabfmqiotta/Build/Intermediates.noindex/Firebase.build/Debug/FirebaseCrashlytics-t.build/Objects-normal/arm64/e6072d4f65d7061329687fe24e3d63a7-common-args.resp -MMD -MT dependencies -MF /Users/buddhirajgautam/Library/Developer/Xcode/DerivedData/Telegram-Mac-fygdgghdgmuleoelvxabfmqiotta/Build/Intermediates.noindex/Firebase.build/Debug/FirebaseCrashlytics-t.build/Objects-normal/arm64/FIRCLSSettingsManager.d --serialize-diagnostics /Users/buddhirajgautam/Library/Developer/Xcode/DerivedData/Telegram-Mac-fygdgghdgmuleoelvxabfmqiotta/Build/Intermediates.noindex/Firebase.build/Debug/FirebaseCrashlytics-t.build/Objects-normal/arm64/FIRCLSSettingsManager.dia -c /Users/buddhirajgautam/Library/Developer/Xcode/DerivedData/Telegram-Mac-fygdgghdgmuleoelvxabfmqiotta/SourcePackages/checkouts/firebase-ios-sdk/Crashlytics/Crashlytics/Settings/FIRCLSSettingsManager.m -o /Users/buddhirajgautam/Library/Developer/Xcode/DerivedData/Telegram-Mac-fygdgghdgmuleoelvxabfmqiotta/Build/Intermediates.noindex/Firebase.build/Debug/FirebaseCrashlytics-t.build/Objects-normal/arm64/FIRCLSSettingsManager.o -index-unit-output-path /Firebase.build/Debug/FirebaseCrashlytics-t.build/Objects-normal/arm64/FIRCLSSettingsManager.o

ScanDependencies /Users/buddhirajgautam/Library/Developer/Xcode/DerivedData/Telegram-Mac-fygdgghdgmuleoelvxabfmqiotta/Build/Intermediates.noindex/Firebase.build/Debug/FirebaseCrashlytics-t.build/Objects-normal/arm64/FIRCLSSettings.o /Users/buddhirajgautam/Library/Developer/Xcode/DerivedData/Telegram-Mac-fygdgghdgmuleoelvxabfmqiotta/SourcePackages/checkouts/firebase-ios-sdk/Crashlytics/Crashlytics/Models/FIRCLSSettings.m normal arm64 objective-c com.apple.compilers.llvm.clang.1_0.compiler (in target 'FirebaseCrashlytics' from project 'Firebase')
    cd /Users/buddhirajgautam/Documents/Cherrygram-Mac/macOS-Swift
    
    Using response file: /Users/buddhirajgautam/Library/Developer/Xcode/DerivedData/Telegram-Mac-fygdgghdgmuleoelvxabfmqiotta/Build/Intermediates.noindex/Firebase.build/Debug/FirebaseCrashlytics-t.build/Objects-normal/arm64/e6072d4f65d7061329687fe24e3d63a7-common-args.resp
    
    builtin-ScanDependencies -o /Users/buddhirajgautam/Library/Developer/Xcode/DerivedData/Telegram-Mac-fygdgghdgmuleoelvxabfmqiotta/Build/Intermediates.noindex/Firebase.build/Debug/FirebaseCrashlytics-t.build/Objects-normal/arm64/FIRCLSSettings.o.scan -- /Applications/Xcode.app/Contents/Developer/Toolchains/XcodeDefault.xctoolchain/usr/bin/clang -x objective-c -ivfsstatcache /Users/buddhirajgautam/Library/Developer/Xcode/DerivedData/SDKStatCaches.noindex/macosx27.0-26A425-e829b21a6f8c9b70876ba0858053c0447231f6df4def33e022ae2eb8f782df1a.sdkstatcache -target arm64-apple-macos12.0 -fmessage-length\=0 -fdiagnostics-show-note-include-stack -fmacro-backtrace-limit\=0 -fno-color-diagnostics -fmodules-prune-interval\=86400 -fmodules-prune-after\=345600 -fbuild-session-file\=/Users/buddhirajgautam/Library/Developer/Xcode/DerivedData/ModuleCache.noindex/Session.modulevalidation -fmodules-validate-once-per-build-session -Wnon-modular-include-in-framework-module -Werror\=non-modular-include-in-framework-module -Wno-trigraphs -Wno-missing-field-initializers -Wno-missing-prototypes -Wno-return-type -Wno-implicit-atomic-properties -Wno-objc-interface-ivars -Wno-arc-repeated-use-of-weak -Wno-missing-braces -Wparentheses -Wswitch -Wno-unused-function -Wno-unused-label -Wno-unused-parameter -Wno-unused-variable -Wunused-value -Wno-empty-body -Wno-uninitialized -Wno-unknown-pragmas -w -Wno-shadow -Wno-four-char-constants -Wno-conversion -Wno-constant-conversion -Wno-int-conversion -Wno-bool-conversion -Wno-enum-conversion -Wno-float-conversion -Wno-non-literal-null-conversion -Wno-objc-literal-conversion -Wshorten-64-to-32 -Wpointer-sign -Wno-newline-eof -Wno-selector -Wno-strict-selector-match -Wno-undeclared-selector -Wno-deprecated-implementations -Wno-implicit-fallthrough -isysroot /Applications/Xcode.app/Contents/Developer/Platforms/MacOSX.platform/Developer/SDKs/MacOSX27.0.sdk -fstrict-aliasing -Wprotocol -Wdeprecated-declarations -Wno-sign-conversion -Wno-infinite-recursion -Wno-comma -Wno-block-capture-autoreleasing -Wno-strict-prototypes -Wno-semicolon-before-method-body -index-store-path /Users/buddhirajgautam/Library/Developer/Xcode/DerivedData/Telegram-Mac-fygdgghdgmuleoelvxabfmqiotta/Index.noindex/DataStore @/Users/buddhirajgautam/Library/Developer/Xcode/DerivedData/Telegram-Mac-fygdgghdgmuleoelvxabfmqiotta/Build/Intermediates.noindex/Firebase.build/Debug/FirebaseCrashlytics-t.build/Objects-normal/arm64/e6072d4f65d7061329687fe24e3d63a7-common-args.resp -MMD -MT dependencies -MF /Users/buddhirajgautam/Library/Developer/Xcode/DerivedData/Telegram-Mac-fygdgghdgmuleoelvxabfmqiotta/Build/Intermediates.noindex/Firebase.build/Debug/FirebaseCrashlytics-t.build/Objects-normal/arm64/FIRCLSSettings.d --serialize-diagnostics /Users/buddhirajgautam/Library/Developer/Xcode/DerivedData/Telegram-Mac-fygdgghdgmuleoelvxabfmqiotta/Build/Intermediates.noindex/Firebase.build/Debug/FirebaseCrashlytics-t.build/Objects-normal/arm64/FIRCLSSettings.dia -c /Users/buddhirajgautam/Library/Developer/Xcode/DerivedData/Telegram-Mac-fygdgghdgmuleoelvxabfmqiotta/SourcePackages/checkouts/firebase-ios-sdk/Crashlytics/Crashlytics/Models/FIRCLSSettings.m -o /Users/buddhirajgautam/Library/Developer/Xcode/DerivedData/Telegram-Mac-fygdgghdgmuleoelvxabfmqiotta/Build/Intermediates.noindex/Firebase.build/Debug/FirebaseCrashlytics-t.build/Objects-normal/arm64/FIRCLSSettings.o -index-unit-output-path /Firebase.build/Debug/FirebaseCrashlytics-t.build/Objects-normal/arm64/FIRCLSSettings.o

ScanDependencies /Users/buddhirajgautam/Library/Developer/Xcode/DerivedData/Telegram-Mac-fygdgghdgmuleoelvxabfmqiotta/Build/Intermediates.noindex/Firebase.build/Debug/FirebaseCrashlytics-t.build/Objects-normal/arm64/FIRCLSSerializeSymbolicatedFramesOperation.o /Users/buddhirajgautam/Library/Developer/Xcode/DerivedData/Telegram-Mac-fygdgghdgmuleoelvxabfmqiotta/SourcePackages/checkouts/firebase-ios-sdk/Crashlytics/Crashlytics/Operations/Symbolication/FIRCLSSerializeSymbolicatedFramesOperation.m normal arm64 objective-c com.apple.compilers.llvm.clang.1_0.compiler (in target 'FirebaseCrashlytics' from project 'Firebase')
    cd /Users/buddhirajgautam/Documents/Cherrygram-Mac/macOS-Swift
    
    Using response file: /Users/buddhirajgautam/Library/Developer/Xcode/DerivedData/Telegram-Mac-fygdgghdgmuleoelvxabfmqiotta/Build/Intermediates.noindex/Firebase.build/Debug/FirebaseCrashlytics-t.build/Objects-normal/arm64/e6072d4f65d7061329687fe24e3d63a7-common-args.resp
    
    builtin-ScanDependencies -o /Users/buddhirajgautam/Library/Developer/Xcode/DerivedData/Telegram-Mac-fygdgghdgmuleoelvxabfmqiotta/Build/Intermediates.noindex/Firebase.build/Debug/FirebaseCrashlytics-t.build/Objects-normal/arm64/FIRCLSSerializeSymbolicatedFramesOperation.o.scan -- /Applications/Xcode.app/Contents/Developer/Toolchains/XcodeDefault.xctoolchain/usr/bin/clang -x objective-c -ivfsstatcache /Users/buddhirajgautam/Library/Developer/Xcode/DerivedData/SDKStatCaches.noindex/macosx27.0-26A425-e829b21a6f8c9b70876ba0858053c0447231f6df4def33e022ae2eb8f782df1a.sdkstatcache -target arm64-apple-macos12.0 -fmessage-length\=0 -fdiagnostics-show-note-include-stack -fmacro-backtrace-limit\=0 -fno-color-diagnostics -fmodules-prune-interval\=86400 -fmodules-prune-after\=345600 -fbuild-session-file\=/Users/buddhirajgautam/Library/Developer/Xcode/DerivedData/ModuleCache.noindex/Session.modulevalidation -fmodules-validate-once-per-build-session -Wnon-modular-include-in-framework-module -Werror\=non-modular-include-in-framework-module -Wno-trigraphs -Wno-missing-field-initializers -Wno-missing-prototypes -Wno-return-type -Wno-implicit-atomic-properties -Wno-objc-interface-ivars -Wno-arc-repeated-use-of-weak -Wno-missing-braces -Wparentheses -Wswitch -Wno-unused-function -Wno-unused-label -Wno-unused-parameter -Wno-unused-variable -Wunused-value -Wno-empty-body -Wno-uninitialized -Wno-unknown-pragmas -w -Wno-shadow -Wno-four-char-constants -Wno-conversion -Wno-constant-conversion -Wno-int-conversion -Wno-bool-conversion -Wno-enum-conversion -Wno-float-conversion -Wno-non-literal-null-conversion -Wno-objc-literal-conversion -Wshorten-64-to-32 -Wpointer-sign -Wno-newline-eof -Wno-selector -Wno-strict-selector-match -Wno-undeclared-selector -Wno-deprecated-implementations -Wno-implicit-fallthrough -isysroot /Applications/Xcode.app/Contents/Developer/Platforms/MacOSX.platform/Developer/SDKs/MacOSX27.0.sdk -fstrict-aliasing -Wprotocol -Wdeprecated-declarations -Wno-sign-conversion -Wno-infinite-recursion -Wno-comma -Wno-block-capture-autoreleasing -Wno-strict-prototypes -Wno-semicolon-before-method-body -index-store-path /Users/buddhirajgautam/Library/Developer/Xcode/DerivedData/Telegram-Mac-fygdgghdgmuleoelvxabfmqiotta/Index.noindex/DataStore @/Users/buddhirajgautam/Library/Developer/Xcode/DerivedData/Telegram-Mac-fygdgghdgmuleoelvxabfmqiotta/Build/Intermediates.noindex/Firebase.build/Debug/FirebaseCrashlytics-t.build/Objects-normal/arm64/e6072d4f65d7061329687fe24e3d63a7-common-args.resp -MMD -MT dependencies -MF /Users/buddhirajgautam/Library/Developer/Xcode/DerivedData/Telegram-Mac-fygdgghdgmuleoelvxabfmqiotta/Build/Intermediates.noindex/Firebase.build/Debug/FirebaseCrashlytics-t.build/Objects-normal/arm64/FIRCLSSerializeSymbolicatedFramesOperation.d --serialize-diagnostics /Users/buddhirajgautam/Library/Developer/Xcode/DerivedData/Telegram-Mac-fygdgghdgmuleoelvxabfmqiotta/Build/Intermediates.noindex/Firebase.build/Debug/FirebaseCrashlytics-t.build/Objects-normal/arm64/FIRCLSSerializeSymbolicatedFramesOperation.dia -c /Users/buddhirajgautam/Library/Developer/Xcode/DerivedData/Telegram-Mac-fygdgghdgmuleoelvxabfmqiotta/SourcePackages/checkouts/firebase-ios-sdk/Crashlytics/Crashlytics/Operations/Symbolication/FIRCLSSerializeSymbolicatedFramesOperation.m -o /Users/buddhirajgautam/Library/Developer/Xcode/DerivedData/Telegram-Mac-fygdgghdgmuleoelvxabfmqiotta/Build/Intermediates.noindex/Firebase.build/Debug/FirebaseCrashlytics-t.build/Objects-normal/arm64/FIRCLSSerializeSymbolicatedFramesOperation.o -index-unit-output-path /Firebase.build/Debug/FirebaseCrashlytics-t.build/Objects-normal/arm64/FIRCLSSerializeSymbolicatedFramesOperation.o

ScanDependencies /Users/buddhirajgautam/Library/Developer/Xcode/DerivedData/Telegram-Mac-fygdgghdgmuleoelvxabfmqiotta/Build/Intermediates.noindex/Firebase.build/Debug/FirebaseCrashlytics-t.build/Objects-normal/arm64/FIRCLSReportUploader.o /Users/buddhirajgautam/Library/Developer/Xcode/DerivedData/Telegram-Mac-fygdgghdgmuleoelvxabfmqiotta/SourcePackages/checkouts/firebase-ios-sdk/Crashlytics/Crashlytics/Controllers/FIRCLSReportUploader.m normal arm64 objective-c com.apple.compilers.llvm.clang.1_0.compiler (in target 'FirebaseCrashlytics' from project 'Firebase')
    cd /Users/buddhirajgautam/Documents/Cherrygram-Mac/macOS-Swift
    
    Using response file: /Users/buddhirajgautam/Library/Developer/Xcode/DerivedData/Telegram-Mac-fygdgghdgmuleoelvxabfmqiotta/Build/Intermediates.noindex/Firebase.build/Debug/FirebaseCrashlytics-t.build/Objects-normal/arm64/e6072d4f65d7061329687fe24e3d63a7-common-args.resp
    
    builtin-ScanDependencies -o /Users/buddhirajgautam/Library/Developer/Xcode/DerivedData/Telegram-Mac-fygdgghdgmuleoelvxabfmqiotta/Build/Intermediates.noindex/Firebase.build/Debug/FirebaseCrashlytics-t.build/Objects-normal/arm64/FIRCLSReportUploader.o.scan -- /Applications/Xcode.app/Contents/Developer/Toolchains/XcodeDefault.xctoolchain/usr/bin/clang -x objective-c -ivfsstatcache /Users/buddhirajgautam/Library/Developer/Xcode/DerivedData/SDKStatCaches.noindex/macosx27.0-26A425-e829b21a6f8c9b70876ba0858053c0447231f6df4def33e022ae2eb8f782df1a.sdkstatcache -target arm64-apple-macos12.0 -fmessage-length\=0 -fdiagnostics-show-note-include-stack -fmacro-backtrace-limit\=0 -fno-color-diagnostics -fmodules-prune-interval\=86400 -fmodules-prune-after\=345600 -fbuild-session-file\=/Users/buddhirajgautam/Library/Developer/Xcode/DerivedData/ModuleCache.noindex/Session.modulevalidation -fmodules-validate-once-per-build-session -Wnon-modular-include-in-framework-module -Werror\=non-modular-include-in-framework-module -Wno-trigraphs -Wno-missing-field-initializers -Wno-missing-prototypes -Wno-return-type -Wno-implicit-atomic-properties -Wno-objc-interface-ivars -Wno-arc-repeated-use-of-weak -Wno-missing-braces -Wparentheses -Wswitch -Wno-unused-function -Wno-unused-label -Wno-unused-parameter -Wno-unused-variable -Wunused-value -Wno-empty-body -Wno-uninitialized -Wno-unknown-pragmas -w -Wno-shadow -Wno-four-char-constants -Wno-conversion -Wno-constant-conversion -Wno-int-conversion -Wno-bool-conversion -Wno-enum-conversion -Wno-float-conversion -Wno-non-literal-null-conversion -Wno-objc-literal-conversion -Wshorten-64-to-32 -Wpointer-sign -Wno-newline-eof -Wno-selector -Wno-strict-selector-match -Wno-undeclared-selector -Wno-deprecated-implementations -Wno-implicit-fallthrough -isysroot /Applications/Xcode.app/Contents/Developer/Platforms/MacOSX.platform/Developer/SDKs/MacOSX27.0.sdk -fstrict-aliasing -Wprotocol -Wdeprecated-declarations -Wno-sign-conversion -Wno-infinite-recursion -Wno-comma -Wno-block-capture-autoreleasing -Wno-strict-prototypes -Wno-semicolon-before-method-body -index-store-path /Users/buddhirajgautam/Library/Developer/Xcode/DerivedData/Telegram-Mac-fygdgghdgmuleoelvxabfmqiotta/Index.noindex/DataStore @/Users/buddhirajgautam/Library/Developer/Xcode/DerivedData/Telegram-Mac-fygdgghdgmuleoelvxabfmqiotta/Build/Intermediates.noindex/Firebase.build/Debug/FirebaseCrashlytics-t.build/Objects-normal/arm64/e6072d4f65d7061329687fe24e3d63a7-common-args.resp -MMD -MT dependencies -MF /Users/buddhirajgautam/Library/Developer/Xcode/DerivedData/Telegram-Mac-fygdgghdgmuleoelvxabfmqiotta/Build/Intermediates.noindex/Firebase.build/Debug/FirebaseCrashlytics-t.build/Objects-normal/arm64/FIRCLSReportUploader.d --serialize-diagnostics /Users/buddhirajgautam/Library/Developer/Xcode/DerivedData/Telegram-Mac-fygdgghdgmuleoelvxabfmqiotta/Build/Intermediates.noindex/Firebase.build/Debug/FirebaseCrashlytics-t.build/Objects-normal/arm64/FIRCLSReportUploader.dia -c /Users/buddhirajgautam/Library/Developer/Xcode/DerivedData/Telegram-Mac-fygdgghdgmuleoelvxabfmqiotta/SourcePackages/checkouts/firebase-ios-sdk/Crashlytics/Crashlytics/Controllers/FIRCLSReportUploader.m -o /Users/buddhirajgautam/Library/Developer/Xcode/DerivedData/Telegram-Mac-fygdgghdgmuleoelvxabfmqiotta/Build/Intermediates.noindex/Firebase.build/Debug/FirebaseCrashlytics-t.build/Objects-normal/arm64/FIRCLSReportUploader.o -index-unit-output-path /Firebase.build/Debug/FirebaseCrashlytics-t.build/Objects-normal/arm64/FIRCLSReportUploader.o

ScanDependencies /Users/buddhirajgautam/Library/Developer/Xcode/DerivedData/Telegram-Mac-fygdgghdgmuleoelvxabfmqiotta/Build/Intermediates.noindex/Firebase.build/Debug/FirebaseCrashlytics-t.build/Objects-normal/arm64/FIRCLSReportManager.o /Users/buddhirajgautam/Library/Developer/Xcode/DerivedData/Telegram-Mac-fygdgghdgmuleoelvxabfmqiotta/SourcePackages/checkouts/firebase-ios-sdk/Crashlytics/Crashlytics/Controllers/FIRCLSReportManager.m normal arm64 objective-c com.apple.compilers.llvm.clang.1_0.compiler (in target 'FirebaseCrashlytics' from project 'Firebase')
    cd /Users/buddhirajgautam/Documents/Cherrygram-Mac/macOS-Swift
    
    Using response file: /Users/buddhirajgautam/Library/Developer/Xcode/DerivedData/Telegram-Mac-fygdgghdgmuleoelvxabfmqiotta/Build/Intermediates.noindex/Firebase.build/Debug/FirebaseCrashlytics-t.build/Objects-normal/arm64/e6072d4f65d7061329687fe24e3d63a7-common-args.resp
    
    builtin-ScanDependencies -o /Users/buddhirajgautam/Library/Developer/Xcode/DerivedData/Telegram-Mac-fygdgghdgmuleoelvxabfmqiotta/Build/Intermediates.noindex/Firebase.build/Debug/FirebaseCrashlytics-t.build/Objects-normal/arm64/FIRCLSReportManager.o.scan -- /Applications/Xcode.app/Contents/Developer/Toolchains/XcodeDefault.xctoolchain/usr/bin/clang -x objective-c -ivfsstatcache /Users/buddhirajgautam/Library/Developer/Xcode/DerivedData/SDKStatCaches.noindex/macosx27.0-26A425-e829b21a6f8c9b70876ba0858053c0447231f6df4def33e022ae2eb8f782df1a.sdkstatcache -target arm64-apple-macos12.0 -fmessage-length\=0 -fdiagnostics-show-note-include-stack -fmacro-backtrace-limit\=0 -fno-color-diagnostics -fmodules-prune-interval\=86400 -fmodules-prune-after\=345600 -fbuild-session-file\=/Users/buddhirajgautam/Library/Developer/Xcode/DerivedData/ModuleCache.noindex/Session.modulevalidation -fmodules-validate-once-per-build-session -Wnon-modular-include-in-framework-module -Werror\=non-modular-include-in-framework-module -Wno-trigraphs -Wno-missing-field-initializers -Wno-missing-prototypes -Wno-return-type -Wno-implicit-atomic-properties -Wno-objc-interface-ivars -Wno-arc-repeated-use-of-weak -Wno-missing-braces -Wparentheses -Wswitch -Wno-unused-function -Wno-unused-label -Wno-unused-parameter -Wno-unused-variable -Wunused-value -Wno-empty-body -Wno-uninitialized -Wno-unknown-pragmas -w -Wno-shadow -Wno-four-char-constants -Wno-conversion -Wno-constant-conversion -Wno-int-conversion -Wno-bool-conversion -Wno-enum-conversion -Wno-float-conversion -Wno-non-literal-null-conversion -Wno-objc-literal-conversion -Wshorten-64-to-32 -Wpointer-sign -Wno-newline-eof -Wno-selector -Wno-strict-selector-match -Wno-undeclared-selector -Wno-deprecated-implementations -Wno-implicit-fallthrough -isysroot /Applications/Xcode.app/Contents/Developer/Platforms/MacOSX.platform/Developer/SDKs/MacOSX27.0.sdk -fstrict-aliasing -Wprotocol -Wdeprecated-declarations -Wno-sign-conversion -Wno-infinite-recursion -Wno-comma -Wno-block-capture-autoreleasing -Wno-strict-prototypes -Wno-semicolon-before-method-body -index-store-path /Users/buddhirajgautam/Library/Developer/Xcode/DerivedData/Telegram-Mac-fygdgghdgmuleoelvxabfmqiotta/Index.noindex/DataStore @/Users/buddhirajgautam/Library/Developer/Xcode/DerivedData/Telegram-Mac-fygdgghdgmuleoelvxabfmqiotta/Build/Intermediates.noindex/Firebase.build/Debug/FirebaseCrashlytics-t.build/Objects-normal/arm64/e6072d4f65d7061329687fe24e3d63a7-common-args.resp -MMD -MT dependencies -MF /Users/buddhirajgautam/Library/Developer/Xcode/DerivedData/Telegram-Mac-fygdgghdgmuleoelvxabfmqiotta/Build/Intermediates.noindex/Firebase.build/Debug/FirebaseCrashlytics-t.build/Objects-normal/arm64/FIRCLSReportManager.d --serialize-diagnostics /Users/buddhirajgautam/Library/Developer/Xcode/DerivedData/Telegram-Mac-fygdgghdgmuleoelvxabfmqiotta/Build/Intermediates.noindex/Firebase.build/Debug/FirebaseCrashlytics-t.build/Objects-normal/arm64/FIRCLSReportManager.dia -c /Users/buddhirajgautam/Library/Developer/Xcode/DerivedData/Telegram-Mac-fygdgghdgmuleoelvxabfmqiotta/SourcePackages/checkouts/firebase-ios-sdk/Crashlytics/Crashlytics/Controllers/FIRCLSReportManager.m -o /Users/buddhirajgautam/Library/Developer/Xcode/DerivedData/Telegram-Mac-fygdgghdgmuleoelvxabfmqiotta/Build/Intermediates.noindex/Firebase.build/Debug/FirebaseCrashlytics-t.build/Objects-normal/arm64/FIRCLSReportManager.o -index-unit-output-path /Firebase.build/Debug/FirebaseCrashlytics-t.build/Objects-normal/arm64/FIRCLSReportManager.o

ScanDependencies /Users/buddhirajgautam/Library/Developer/Xcode/DerivedData/Telegram-Mac-fygdgghdgmuleoelvxabfmqiotta/Build/Intermediates.noindex/Firebase.build/Debug/FirebaseCrashlytics-t.build/Objects-normal/arm64/FIRCLSReportAdapter.o /Users/buddhirajgautam/Library/Developer/Xcode/DerivedData/Telegram-Mac-fygdgghdgmuleoelvxabfmqiotta/SourcePackages/checkouts/firebase-ios-sdk/Crashlytics/Crashlytics/Models/Record/FIRCLSReportAdapter.m normal arm64 objective-c com.apple.compilers.llvm.clang.1_0.compiler (in target 'FirebaseCrashlytics' from project 'Firebase')
    cd /Users/buddhirajgautam/Documents/Cherrygram-Mac/macOS-Swift
    
    Using response file: /Users/buddhirajgautam/Library/Developer/Xcode/DerivedData/Telegram-Mac-fygdgghdgmuleoelvxabfmqiotta/Build/Intermediates.noindex/Firebase.build/Debug/FirebaseCrashlytics-t.build/Objects-normal/arm64/e6072d4f65d7061329687fe24e3d63a7-common-args.resp
    
    builtin-ScanDependencies -o /Users/buddhirajgautam/Library/Developer/Xcode/DerivedData/Telegram-Mac-fygdgghdgmuleoelvxabfmqiotta/Build/Intermediates.noindex/Firebase.build/Debug/FirebaseCrashlytics-t.build/Objects-normal/arm64/FIRCLSReportAdapter.o.scan -- /Applications/Xcode.app/Contents/Developer/Toolchains/XcodeDefault.xctoolchain/usr/bin/clang -x objective-c -ivfsstatcache /Users/buddhirajgautam/Library/Developer/Xcode/DerivedData/SDKStatCaches.noindex/macosx27.0-26A425-e829b21a6f8c9b70876ba0858053c0447231f6df4def33e022ae2eb8f782df1a.sdkstatcache -target arm64-apple-macos12.0 -fmessage-length\=0 -fdiagnostics-show-note-include-stack -fmacro-backtrace-limit\=0 -fno-color-diagnostics -fmodules-prune-interval\=86400 -fmodules-prune-after\=345600 -fbuild-session-file\=/Users/buddhirajgautam/Library/Developer/Xcode/DerivedData/ModuleCache.noindex/Session.modulevalidation -fmodules-validate-once-per-build-session -Wnon-modular-include-in-framework-module -Werror\=non-modular-include-in-framework-module -Wno-trigraphs -Wno-missing-field-initializers -Wno-missing-prototypes -Wno-return-type -Wno-implicit-atomic-properties -Wno-objc-interface-ivars -Wno-arc-repeated-use-of-weak -Wno-missing-braces -Wparentheses -Wswitch -Wno-unused-function -Wno-unused-label -Wno-unused-parameter -Wno-unused-variable -Wunused-value -Wno-empty-body -Wno-uninitialized -Wno-unknown-pragmas -w -Wno-shadow -Wno-four-char-constants -Wno-conversion -Wno-constant-conversion -Wno-int-conversion -Wno-bool-conversion -Wno-enum-conversion -Wno-float-conversion -Wno-non-literal-null-conversion -Wno-objc-literal-conversion -Wshorten-64-to-32 -Wpointer-sign -Wno-newline-eof -Wno-selector -Wno-strict-selector-match -Wno-undeclared-selector -Wno-deprecated-implementations -Wno-implicit-fallthrough -isysroot /Applications/Xcode.app/Contents/Developer/Platforms/MacOSX.platform/Developer/SDKs/MacOSX27.0.sdk -fstrict-aliasing -Wprotocol -Wdeprecated-declarations -Wno-sign-conversion -Wno-infinite-recursion -Wno-comma -Wno-block-capture-autoreleasing -Wno-strict-prototypes -Wno-semicolon-before-method-body -index-store-path /Users/buddhirajgautam/Library/Developer/Xcode/DerivedData/Telegram-Mac-fygdgghdgmuleoelvxabfmqiotta/Index.noindex/DataStore @/Users/buddhirajgautam/Library/Developer/Xcode/DerivedData/Telegram-Mac-fygdgghdgmuleoelvxabfmqiotta/Build/Intermediates.noindex/Firebase.build/Debug/FirebaseCrashlytics-t.build/Objects-normal/arm64/e6072d4f65d7061329687fe24e3d63a7-common-args.resp -MMD -MT dependencies -MF /Users/buddhirajgautam/Library/Developer/Xcode/DerivedData/Telegram-Mac-fygdgghdgmuleoelvxabfmqiotta/Build/Intermediates.noindex/Firebase.build/Debug/FirebaseCrashlytics-t.build/Objects-normal/arm64/FIRCLSReportAdapter.d --serialize-diagnostics /Users/buddhirajgautam/Library/Developer/Xcode/DerivedData/Telegram-Mac-fygdgghdgmuleoelvxabfmqiotta/Build/Intermediates.noindex/Firebase.build/Debug/FirebaseCrashlytics-t.build/Objects-normal/arm64/FIRCLSReportAdapter.dia -c /Users/buddhirajgautam/Library/Developer/Xcode/DerivedData/Telegram-Mac-fygdgghdgmuleoelvxabfmqiotta/SourcePackages/checkouts/firebase-ios-sdk/Crashlytics/Crashlytics/Models/Record/FIRCLSReportAdapter.m -o /Users/buddhirajgautam/Library/Developer/Xcode/DerivedData/Telegram-Mac-fygdgghdgmuleoelvxabfmqiotta/Build/Intermediates.noindex/Firebase.build/Debug/FirebaseCrashlytics-t.build/Objects-normal/arm64/FIRCLSReportAdapter.o -index-unit-output-path /Firebase.build/Debug/FirebaseCrashlytics-t.build/Objects-normal/arm64/FIRCLSReportAdapter.o

ScanDependencies /Users/buddhirajgautam/Library/Developer/Xcode/DerivedData/Telegram-Mac-fygdgghdgmuleoelvxabfmqiotta/Build/Intermediates.noindex/Firebase.build/Debug/FirebaseCrashlytics-t.build/Objects-normal/arm64/FIRCLSRecordIdentity.o /Users/buddhirajgautam/Library/Developer/Xcode/DerivedData/Telegram-Mac-fygdgghdgmuleoelvxabfmqiotta/SourcePackages/checkouts/firebase-ios-sdk/Crashlytics/Crashlytics/Models/Record/FIRCLSRecordIdentity.m normal arm64 objective-c com.apple.compilers.llvm.clang.1_0.compiler (in target 'FirebaseCrashlytics' from project 'Firebase')
    cd /Users/buddhirajgautam/Documents/Cherrygram-Mac/macOS-Swift
    
    Using response file: /Users/buddhirajgautam/Library/Developer/Xcode/DerivedData/Telegram-Mac-fygdgghdgmuleoelvxabfmqiotta/Build/Intermediates.noindex/Firebase.build/Debug/FirebaseCrashlytics-t.build/Objects-normal/arm64/e6072d4f65d7061329687fe24e3d63a7-common-args.resp
    
    builtin-ScanDependencies -o /Users/buddhirajgautam/Library/Developer/Xcode/DerivedData/Telegram-Mac-fygdgghdgmuleoelvxabfmqiotta/Build/Intermediates.noindex/Firebase.build/Debug/FirebaseCrashlytics-t.build/Objects-normal/arm64/FIRCLSRecordIdentity.o.scan -- /Applications/Xcode.app/Contents/Developer/Toolchains/XcodeDefault.xctoolchain/usr/bin/clang -x objective-c -ivfsstatcache /Users/buddhirajgautam/Library/Developer/Xcode/DerivedData/SDKStatCaches.noindex/macosx27.0-26A425-e829b21a6f8c9b70876ba0858053c0447231f6df4def33e022ae2eb8f782df1a.sdkstatcache -target arm64-apple-macos12.0 -fmessage-length\=0 -fdiagnostics-show-note-include-stack -fmacro-backtrace-limit\=0 -fno-color-diagnostics -fmodules-prune-interval\=86400 -fmodules-prune-after\=345600 -fbuild-session-file\=/Users/buddhirajgautam/Library/Developer/Xcode/DerivedData/ModuleCache.noindex/Session.modulevalidation -fmodules-validate-once-per-build-session -Wnon-modular-include-in-framework-module -Werror\=non-modular-include-in-framework-module -Wno-trigraphs -Wno-missing-field-initializers -Wno-missing-prototypes -Wno-return-type -Wno-implicit-atomic-properties -Wno-objc-interface-ivars -Wno-arc-repeated-use-of-weak -Wno-missing-braces -Wparentheses -Wswitch -Wno-unused-function -Wno-unused-label -Wno-unused-parameter -Wno-unused-variable -Wunused-value -Wno-empty-body -Wno-uninitialized -Wno-unknown-pragmas -w -Wno-shadow -Wno-four-char-constants -Wno-conversion -Wno-constant-conversion -Wno-int-conversion -Wno-bool-conversion -Wno-enum-conversion -Wno-float-conversion -Wno-non-literal-null-conversion -Wno-objc-literal-conversion -Wshorten-64-to-32 -Wpointer-sign -Wno-newline-eof -Wno-selector -Wno-strict-selector-match -Wno-undeclared-selector -Wno-deprecated-implementations -Wno-implicit-fallthrough -isysroot /Applications/Xcode.app/Contents/Developer/Platforms/MacOSX.platform/Developer/SDKs/MacOSX27.0.sdk -fstrict-aliasing -Wprotocol -Wdeprecated-declarations -Wno-sign-conversion -Wno-infinite-recursion -Wno-comma -Wno-block-capture-autoreleasing -Wno-strict-prototypes -Wno-semicolon-before-method-body -index-store-path /Users/buddhirajgautam/Library/Developer/Xcode/DerivedData/Telegram-Mac-fygdgghdgmuleoelvxabfmqiotta/Index.noindex/DataStore @/Users/buddhirajgautam/Library/Developer/Xcode/DerivedData/Telegram-Mac-fygdgghdgmuleoelvxabfmqiotta/Build/Intermediates.noindex/Firebase.build/Debug/FirebaseCrashlytics-t.build/Objects-normal/arm64/e6072d4f65d7061329687fe24e3d63a7-common-args.resp -MMD -MT dependencies -MF /Users/buddhirajgautam/Library/Developer/Xcode/DerivedData/Telegram-Mac-fygdgghdgmuleoelvxabfmqiotta/Build/Intermediates.noindex/Firebase.build/Debug/FirebaseCrashlytics-t.build/Objects-normal/arm64/FIRCLSRecordIdentity.d --serialize-diagnostics /Users/buddhirajgautam/Library/Developer/Xcode/DerivedData/Telegram-Mac-fygdgghdgmuleoelvxabfmqiotta/Build/Intermediates.noindex/Firebase.build/Debug/FirebaseCrashlytics-t.build/Objects-normal/arm64/FIRCLSRecordIdentity.dia -c /Users/buddhirajgautam/Library/Developer/Xcode/DerivedData/Telegram-Mac-fygdgghdgmuleoelvxabfmqiotta/SourcePackages/checkouts/firebase-ios-sdk/Crashlytics/Crashlytics/Models/Record/FIRCLSRecordIdentity.m -o /Users/buddhirajgautam/Library/Developer/Xcode/DerivedData/Telegram-Mac-fygdgghdgmuleoelvxabfmqiotta/Build/Intermediates.noindex/Firebase.build/Debug/FirebaseCrashlytics-t.build/Objects-normal/arm64/FIRCLSRecordIdentity.o -index-unit-output-path /Firebase.build/Debug/FirebaseCrashlytics-t.build/Objects-normal/arm64/FIRCLSRecordIdentity.o

ScanDependencies /Users/buddhirajgautam/Library/Developer/Xcode/DerivedData/Telegram-Mac-fygdgghdgmuleoelvxabfmqiotta/Build/Intermediates.noindex/Firebase.build/Debug/FirebaseCrashlytics-t.build/Objects-normal/arm64/FIRCLSRecordHost.o /Users/buddhirajgautam/Library/Developer/Xcode/DerivedData/Telegram-Mac-fygdgghdgmuleoelvxabfmqiotta/SourcePackages/checkouts/firebase-ios-sdk/Crashlytics/Crashlytics/Models/Record/FIRCLSRecordHost.m normal arm64 objective-c com.apple.compilers.llvm.clang.1_0.compiler (in target 'FirebaseCrashlytics' from project 'Firebase')
    cd /Users/buddhirajgautam/Documents/Cherrygram-Mac/macOS-Swift
    
    Using response file: /Users/buddhirajgautam/Library/Developer/Xcode/DerivedData/Telegram-Mac-fygdgghdgmuleoelvxabfmqiotta/Build/Intermediates.noindex/Firebase.build/Debug/FirebaseCrashlytics-t.build/Objects-normal/arm64/e6072d4f65d7061329687fe24e3d63a7-common-args.resp
    
    builtin-ScanDependencies -o /Users/buddhirajgautam/Library/Developer/Xcode/DerivedData/Telegram-Mac-fygdgghdgmuleoelvxabfmqiotta/Build/Intermediates.noindex/Firebase.build/Debug/FirebaseCrashlytics-t.build/Objects-normal/arm64/FIRCLSRecordHost.o.scan -- /Applications/Xcode.app/Contents/Developer/Toolchains/XcodeDefault.xctoolchain/usr/bin/clang -x objective-c -ivfsstatcache /Users/buddhirajgautam/Library/Developer/Xcode/DerivedData/SDKStatCaches.noindex/macosx27.0-26A425-e829b21a6f8c9b70876ba0858053c0447231f6df4def33e022ae2eb8f782df1a.sdkstatcache -target arm64-apple-macos12.0 -fmessage-length\=0 -fdiagnostics-show-note-include-stack -fmacro-backtrace-limit\=0 -fno-color-diagnostics -fmodules-prune-interval\=86400 -fmodules-prune-after\=345600 -fbuild-session-file\=/Users/buddhirajgautam/Library/Developer/Xcode/DerivedData/ModuleCache.noindex/Session.modulevalidation -fmodules-validate-once-per-build-session -Wnon-modular-include-in-framework-module -Werror\=non-modular-include-in-framework-module -Wno-trigraphs -Wno-missing-field-initializers -Wno-missing-prototypes -Wno-return-type -Wno-implicit-atomic-properties -Wno-objc-interface-ivars -Wno-arc-repeated-use-of-weak -Wno-missing-braces -Wparentheses -Wswitch -Wno-unused-function -Wno-unused-label -Wno-unused-parameter -Wno-unused-variable -Wunused-value -Wno-empty-body -Wno-uninitialized -Wno-unknown-pragmas -w -Wno-shadow -Wno-four-char-constants -Wno-conversion -Wno-constant-conversion -Wno-int-conversion -Wno-bool-conversion -Wno-enum-conversion -Wno-float-conversion -Wno-non-literal-null-conversion -Wno-objc-literal-conversion -Wshorten-64-to-32 -Wpointer-sign -Wno-newline-eof -Wno-selector -Wno-strict-selector-match -Wno-undeclared-selector -Wno-deprecated-implementations -Wno-implicit-fallthrough -isysroot /Applications/Xcode.app/Contents/Developer/Platforms/MacOSX.platform/Developer/SDKs/MacOSX27.0.sdk -fstrict-aliasing -Wprotocol -Wdeprecated-declarations -Wno-sign-conversion -Wno-infinite-recursion -Wno-comma -Wno-block-capture-autoreleasing -Wno-strict-prototypes -Wno-semicolon-before-method-body -index-store-path /Users/buddhirajgautam/Library/Developer/Xcode/DerivedData/Telegram-Mac-fygdgghdgmuleoelvxabfmqiotta/Index.noindex/DataStore @/Users/buddhirajgautam/Library/Developer/Xcode/DerivedData/Telegram-Mac-fygdgghdgmuleoelvxabfmqiotta/Build/Intermediates.noindex/Firebase.build/Debug/FirebaseCrashlytics-t.build/Objects-normal/arm64/e6072d4f65d7061329687fe24e3d63a7-common-args.resp -MMD -MT dependencies -MF /Users/buddhirajgautam/Library/Developer/Xcode/DerivedData/Telegram-Mac-fygdgghdgmuleoelvxabfmqiotta/Build/Intermediates.noindex/Firebase.build/Debug/FirebaseCrashlytics-t.build/Objects-normal/arm64/FIRCLSRecordHost.d --serialize-diagnostics /Users/buddhirajgautam/Library/Developer/Xcode/DerivedData/Telegram-Mac-fygdgghdgmuleoelvxabfmqiotta/Build/Intermediates.noindex/Firebase.build/Debug/FirebaseCrashlytics-t.build/Objects-normal/arm64/FIRCLSRecordHost.dia -c /Users/buddhirajgautam/Library/Developer/Xcode/DerivedData/Telegram-Mac-fygdgghdgmuleoelvxabfmqiotta/SourcePackages/checkouts/firebase-ios-sdk/Crashlytics/Crashlytics/Models/Record/FIRCLSRecordHost.m -o /Users/buddhirajgautam/Library/Developer/Xcode/DerivedData/Telegram-Mac-fygdgghdgmuleoelvxabfmqiotta/Build/Intermediates.noindex/Firebase.build/Debug/FirebaseCrashlytics-t.build/Objects-normal/arm64/FIRCLSRecordHost.o -index-unit-output-path /Firebase.build/Debug/FirebaseCrashlytics-t.build/Objects-normal/arm64/FIRCLSRecordHost.o

PrecompileModule /Users/buddhirajgautam/Library/Developer/Xcode/DerivedData/Telegram-Mac-fygdgghdgmuleoelvxabfmqiotta/Build/Intermediates.noindex/ExplicitPrecompiledModules/nanopb-6O4PU645TIHL0624I2EZ932TS.scan
    cd /
    builtin-precompileModule /Users/buddhirajgautam/Library/Developer/Xcode/DerivedData/Telegram-Mac-fygdgghdgmuleoelvxabfmqiotta/Build/Intermediates.noindex/ExplicitPrecompiledModules/nanopb-6O4PU645TIHL0624I2EZ932TS.scan

ScanDependencies /Users/buddhirajgautam/Library/Developer/Xcode/DerivedData/Telegram-Mac-fygdgghdgmuleoelvxabfmqiotta/Build/Intermediates.noindex/Firebase.build/Debug/FirebaseCrashlytics-t.build/Objects-normal/arm64/FIRCLSRecordBase.o /Users/buddhirajgautam/Library/Developer/Xcode/DerivedData/Telegram-Mac-fygdgghdgmuleoelvxabfmqiotta/SourcePackages/checkouts/firebase-ios-sdk/Crashlytics/Crashlytics/Models/Record/FIRCLSRecordBase.m normal arm64 objective-c com.apple.compilers.llvm.clang.1_0.compiler (in target 'FirebaseCrashlytics' from project 'Firebase')
    cd /Users/buddhirajgautam/Documents/Cherrygram-Mac/macOS-Swift
    
    Using response file: /Users/buddhirajgautam/Library/Developer/Xcode/DerivedData/Telegram-Mac-fygdgghdgmuleoelvxabfmqiotta/Build/Intermediates.noindex/Firebase.build/Debug/FirebaseCrashlytics-t.build/Objects-normal/arm64/e6072d4f65d7061329687fe24e3d63a7-common-args.resp
    
    builtin-ScanDependencies -o /Users/buddhirajgautam/Library/Developer/Xcode/DerivedData/Telegram-Mac-fygdgghdgmuleoelvxabfmqiotta/Build/Intermediates.noindex/Firebase.build/Debug/FirebaseCrashlytics-t.build/Objects-normal/arm64/FIRCLSRecordBase.o.scan -- /Applications/Xcode.app/Contents/Developer/Toolchains/XcodeDefault.xctoolchain/usr/bin/clang -x objective-c -ivfsstatcache /Users/buddhirajgautam/Library/Developer/Xcode/DerivedData/SDKStatCaches.noindex/macosx27.0-26A425-e829b21a6f8c9b70876ba0858053c0447231f6df4def33e022ae2eb8f782df1a.sdkstatcache -target arm64-apple-macos12.0 -fmessage-length\=0 -fdiagnostics-show-note-include-stack -fmacro-backtrace-limit\=0 -fno-color-diagnostics -fmodules-prune-interval\=86400 -fmodules-prune-after\=345600 -fbuild-session-file\=/Users/buddhirajgautam/Library/Developer/Xcode/DerivedData/ModuleCache.noindex/Session.modulevalidation -fmodules-validate-once-per-build-session -Wnon-modular-include-in-framework-module -Werror\=non-modular-include-in-framework-module -Wno-trigraphs -Wno-missing-field-initializers -Wno-missing-prototypes -Wno-return-type -Wno-implicit-atomic-properties -Wno-objc-interface-ivars -Wno-arc-repeated-use-of-weak -Wno-missing-braces -Wparentheses -Wswitch -Wno-unused-function -Wno-unused-label -Wno-unused-parameter -Wno-unused-variable -Wunused-value -Wno-empty-body -Wno-uninitialized -Wno-unknown-pragmas -w -Wno-shadow -Wno-four-char-constants -Wno-conversion -Wno-constant-conversion -Wno-int-conversion -Wno-bool-conversion -Wno-enum-conversion -Wno-float-conversion -Wno-non-literal-null-conversion -Wno-objc-literal-conversion -Wshorten-64-to-32 -Wpointer-sign -Wno-newline-eof -Wno-selector -Wno-strict-selector-match -Wno-undeclared-selector -Wno-deprecated-implementations -Wno-implicit-fallthrough -isysroot /Applications/Xcode.app/Contents/Developer/Platforms/MacOSX.platform/Developer/SDKs/MacOSX27.0.sdk -fstrict-aliasing -Wprotocol -Wdeprecated-declarations -Wno-sign-conversion -Wno-infinite-recursion -Wno-comma -Wno-block-capture-autoreleasing -Wno-strict-prototypes -Wno-semicolon-before-method-body -index-store-path /Users/buddhirajgautam/Library/Developer/Xcode/DerivedData/Telegram-Mac-fygdgghdgmuleoelvxabfmqiotta/Index.noindex/DataStore @/Users/buddhirajgautam/Library/Developer/Xcode/DerivedData/Telegram-Mac-fygdgghdgmuleoelvxabfmqiotta/Build/Intermediates.noindex/Firebase.build/Debug/FirebaseCrashlytics-t.build/Objects-normal/arm64/e6072d4f65d7061329687fe24e3d63a7-common-args.resp -MMD -MT dependencies -MF /Users/buddhirajgautam/Library/Developer/Xcode/DerivedData/Telegram-Mac-fygdgghdgmuleoelvxabfmqiotta/Build/Intermediates.noindex/Firebase.build/Debug/FirebaseCrashlytics-t.build/Objects-normal/arm64/FIRCLSRecordBase.d --serialize-diagnostics /Users/buddhirajgautam/Library/Developer/Xcode/DerivedData/Telegram-Mac-fygdgghdgmuleoelvxabfmqiotta/Build/Intermediates.noindex/Firebase.build/Debug/FirebaseCrashlytics-t.build/Objects-normal/arm64/FIRCLSRecordBase.dia -c /Users/buddhirajgautam/Library/Developer/Xcode/DerivedData/Telegram-Mac-fygdgghdgmuleoelvxabfmqiotta/SourcePackages/checkouts/firebase-ios-sdk/Crashlytics/Crashlytics/Models/Record/FIRCLSRecordBase.m -o /Users/buddhirajgautam/Library/Developer/Xcode/DerivedData/Telegram-Mac-fygdgghdgmuleoelvxabfmqiotta/Build/Intermediates.noindex/Firebase.build/Debug/FirebaseCrashlytics-t.build/Objects-normal/arm64/FIRCLSRecordBase.o -index-unit-output-path /Firebase.build/Debug/FirebaseCrashlytics-t.build/Objects-normal/arm64/FIRCLSRecordBase.o

ScanDependencies /Users/buddhirajgautam/Library/Developer/Xcode/DerivedData/Telegram-Mac-fygdgghdgmuleoelvxabfmqiotta/Build/Intermediates.noindex/Firebase.build/Debug/FirebaseCrashlytics-t.build/Objects-normal/arm64/FIRCLSRecordApplication.o /Users/buddhirajgautam/Library/Developer/Xcode/DerivedData/Telegram-Mac-fygdgghdgmuleoelvxabfmqiotta/SourcePackages/checkouts/firebase-ios-sdk/Crashlytics/Crashlytics/Models/Record/FIRCLSRecordApplication.m normal arm64 objective-c com.apple.compilers.llvm.clang.1_0.compiler (in target 'FirebaseCrashlytics' from project 'Firebase')
    cd /Users/buddhirajgautam/Documents/Cherrygram-Mac/macOS-Swift
    
    Using response file: /Users/buddhirajgautam/Library/Developer/Xcode/DerivedData/Telegram-Mac-fygdgghdgmuleoelvxabfmqiotta/Build/Intermediates.noindex/Firebase.build/Debug/FirebaseCrashlytics-t.build/Objects-normal/arm64/e6072d4f65d7061329687fe24e3d63a7-common-args.resp
    
    builtin-ScanDependencies -o /Users/buddhirajgautam/Library/Developer/Xcode/DerivedData/Telegram-Mac-fygdgghdgmuleoelvxabfmqiotta/Build/Intermediates.noindex/Firebase.build/Debug/FirebaseCrashlytics-t.build/Objects-normal/arm64/FIRCLSRecordApplication.o.scan -- /Applications/Xcode.app/Contents/Developer/Toolchains/XcodeDefault.xctoolchain/usr/bin/clang -x objective-c -ivfsstatcache /Users/buddhirajgautam/Library/Developer/Xcode/DerivedData/SDKStatCaches.noindex/macosx27.0-26A425-e829b21a6f8c9b70876ba0858053c0447231f6df4def33e022ae2eb8f782df1a.sdkstatcache -target arm64-apple-macos12.0 -fmessage-length\=0 -fdiagnostics-show-note-include-stack -fmacro-backtrace-limit\=0 -fno-color-diagnostics -fmodules-prune-interval\=86400 -fmodules-prune-after\=345600 -fbuild-session-file\=/Users/buddhirajgautam/Library/Developer/Xcode/DerivedData/ModuleCache.noindex/Session.modulevalidation -fmodules-validate-once-per-build-session -Wnon-modular-include-in-framework-module -Werror\=non-modular-include-in-framework-module -Wno-trigraphs -Wno-missing-field-initializers -Wno-missing-prototypes -Wno-return-type -Wno-implicit-atomic-properties -Wno-objc-interface-ivars -Wno-arc-repeated-use-of-weak -Wno-missing-braces -Wparentheses -Wswitch -Wno-unused-function -Wno-unused-label -Wno-unused-parameter -Wno-unused-variable -Wunused-value -Wno-empty-body -Wno-uninitialized -Wno-unknown-pragmas -w -Wno-shadow -Wno-four-char-constants -Wno-conversion -Wno-constant-conversion -Wno-int-conversion -Wno-bool-conversion -Wno-enum-conversion -Wno-float-conversion -Wno-non-literal-null-conversion -Wno-objc-literal-conversion -Wshorten-64-to-32 -Wpointer-sign -Wno-newline-eof -Wno-selector -Wno-strict-selector-match -Wno-undeclared-selector -Wno-deprecated-implementations -Wno-implicit-fallthrough -isysroot /Applications/Xcode.app/Contents/Developer/Platforms/MacOSX.platform/Developer/SDKs/MacOSX27.0.sdk -fstrict-aliasing -Wprotocol -Wdeprecated-declarations -Wno-sign-conversion -Wno-infinite-recursion -Wno-comma -Wno-block-capture-autoreleasing -Wno-strict-prototypes -Wno-semicolon-before-method-body -index-store-path /Users/buddhirajgautam/Library/Developer/Xcode/DerivedData/Telegram-Mac-fygdgghdgmuleoelvxabfmqiotta/Index.noindex/DataStore @/Users/buddhirajgautam/Library/Developer/Xcode/DerivedData/Telegram-Mac-fygdgghdgmuleoelvxabfmqiotta/Build/Intermediates.noindex/Firebase.build/Debug/FirebaseCrashlytics-t.build/Objects-normal/arm64/e6072d4f65d7061329687fe24e3d63a7-common-args.resp -MMD -MT dependencies -MF /Users/buddhirajgautam/Library/Developer/Xcode/DerivedData/Telegram-Mac-fygdgghdgmuleoelvxabfmqiotta/Build/Intermediates.noindex/Firebase.build/Debug/FirebaseCrashlytics-t.build/Objects-normal/arm64/FIRCLSRecordApplication.d --serialize-diagnostics /Users/buddhirajgautam/Library/Developer/Xcode/DerivedData/Telegram-Mac-fygdgghdgmuleoelvxabfmqiotta/Build/Intermediates.noindex/Firebase.build/Debug/FirebaseCrashlytics-t.build/Objects-normal/arm64/FIRCLSRecordApplication.dia -c /Users/buddhirajgautam/Library/Developer/Xcode/DerivedData/Telegram-Mac-fygdgghdgmuleoelvxabfmqiotta/SourcePackages/checkouts/firebase-ios-sdk/Crashlytics/Crashlytics/Models/Record/FIRCLSRecordApplication.m -o /Users/buddhirajgautam/Library/Developer/Xcode/DerivedData/Telegram-Mac-fygdgghdgmuleoelvxabfmqiotta/Build/Intermediates.noindex/Firebase.build/Debug/FirebaseCrashlytics-t.build/Objects-normal/arm64/FIRCLSRecordApplication.o -index-unit-output-path /Firebase.build/Debug/FirebaseCrashlytics-t.build/Objects-normal/arm64/FIRCLSRecordApplication.o

ScanDependencies /Users/buddhirajgautam/Library/Developer/Xcode/DerivedData/Telegram-Mac-fygdgghdgmuleoelvxabfmqiotta/Build/Intermediates.noindex/Firebase.build/Debug/FirebaseCrashlytics-t.build/Objects-normal/arm64/FIRCLSProfiling.o /Users/buddhirajgautam/Library/Developer/Xcode/DerivedData/Telegram-Mac-fygdgghdgmuleoelvxabfmqiotta/SourcePackages/checkouts/firebase-ios-sdk/Crashlytics/Crashlytics/Helpers/FIRCLSProfiling.c normal arm64 c com.apple.compilers.llvm.clang.1_0.compiler (in target 'FirebaseCrashlytics' from project 'Firebase')
    cd /Users/buddhirajgautam/Documents/Cherrygram-Mac/macOS-Swift
    
    Using response file: /Users/buddhirajgautam/Library/Developer/Xcode/DerivedData/Telegram-Mac-fygdgghdgmuleoelvxabfmqiotta/Build/Intermediates.noindex/Firebase.build/Debug/FirebaseCrashlytics-t.build/Objects-normal/arm64/7187679823f38a2a940e0043cdf9d637-common-args.resp
    
    builtin-ScanDependencies -o /Users/buddhirajgautam/Library/Developer/Xcode/DerivedData/Telegram-Mac-fygdgghdgmuleoelvxabfmqiotta/Build/Intermediates.noindex/Firebase.build/Debug/FirebaseCrashlytics-t.build/Objects-normal/arm64/FIRCLSProfiling.o.scan -- /Applications/Xcode.app/Contents/Developer/Toolchains/XcodeDefault.xctoolchain/usr/bin/clang -x c -ivfsstatcache /Users/buddhirajgautam/Library/Developer/Xcode/DerivedData/SDKStatCaches.noindex/macosx27.0-26A425-e829b21a6f8c9b70876ba0858053c0447231f6df4def33e022ae2eb8f782df1a.sdkstatcache -target arm64-apple-macos12.0 -fmessage-length\=0 -fdiagnostics-show-note-include-stack -fmacro-backtrace-limit\=0 -fno-color-diagnostics -fmodules-prune-interval\=86400 -fmodules-prune-after\=345600 -fbuild-session-file\=/Users/buddhirajgautam/Library/Developer/Xcode/DerivedData/ModuleCache.noindex/Session.modulevalidation -fmodules-validate-once-per-build-session -Wnon-modular-include-in-framework-module -Werror\=non-modular-include-in-framework-module -Wno-trigraphs -Wno-missing-field-initializers -Wno-missing-prototypes -Wno-return-type -Wno-missing-braces -Wparentheses -Wswitch -Wno-unused-function -Wno-unused-label -Wno-unused-parameter -Wno-unused-variable -Wunused-value -Wno-empty-body -Wno-uninitialized -Wno-unknown-pragmas -w -Wno-shadow -Wno-four-char-constants -Wno-conversion -Wno-constant-conversion -Wno-int-conversion -Wno-bool-conversion -Wno-enum-conversion -Wno-float-conversion -Wno-non-literal-null-conversion -Wno-objc-literal-conversion -Wshorten-64-to-32 -Wpointer-sign -Wno-newline-eof -Wno-implicit-fallthrough -isysroot /Applications/Xcode.app/Contents/Developer/Platforms/MacOSX.platform/Developer/SDKs/MacOSX27.0.sdk -fstrict-aliasing -Wdeprecated-declarations -Wno-sign-conversion -Wno-infinite-recursion -Wno-comma -Wno-block-capture-autoreleasing -Wno-strict-prototypes -Wno-semicolon-before-method-body -index-store-path /Users/buddhirajgautam/Library/Developer/Xcode/DerivedData/Telegram-Mac-fygdgghdgmuleoelvxabfmqiotta/Index.noindex/DataStore @/Users/buddhirajgautam/Library/Developer/Xcode/DerivedData/Telegram-Mac-fygdgghdgmuleoelvxabfmqiotta/Build/Intermediates.noindex/Firebase.build/Debug/FirebaseCrashlytics-t.build/Objects-normal/arm64/7187679823f38a2a940e0043cdf9d637-common-args.resp -MMD -MT dependencies -MF /Users/buddhirajgautam/Library/Developer/Xcode/DerivedData/Telegram-Mac-fygdgghdgmuleoelvxabfmqiotta/Build/Intermediates.noindex/Firebase.build/Debug/FirebaseCrashlytics-t.build/Objects-normal/arm64/FIRCLSProfiling.d --serialize-diagnostics /Users/buddhirajgautam/Library/Developer/Xcode/DerivedData/Telegram-Mac-fygdgghdgmuleoelvxabfmqiotta/Build/Intermediates.noindex/Firebase.build/Debug/FirebaseCrashlytics-t.build/Objects-normal/arm64/FIRCLSProfiling.dia -c /Users/buddhirajgautam/Library/Developer/Xcode/DerivedData/Telegram-Mac-fygdgghdgmuleoelvxabfmqiotta/SourcePackages/checkouts/firebase-ios-sdk/Crashlytics/Crashlytics/Helpers/FIRCLSProfiling.c -o /Users/buddhirajgautam/Library/Developer/Xcode/DerivedData/Telegram-Mac-fygdgghdgmuleoelvxabfmqiotta/Build/Intermediates.noindex/Firebase.build/Debug/FirebaseCrashlytics-t.build/Objects-normal/arm64/FIRCLSProfiling.o -index-unit-output-path /Firebase.build/Debug/FirebaseCrashlytics-t.build/Objects-normal/arm64/FIRCLSProfiling.o

ScanDependencies /Users/buddhirajgautam/Library/Developer/Xcode/DerivedData/Telegram-Mac-fygdgghdgmuleoelvxabfmqiotta/Build/Intermediates.noindex/Firebase.build/Debug/FirebaseCrashlytics-t.build/Objects-normal/arm64/FIRCLSProcessReportOperation.o /Users/buddhirajgautam/Library/Developer/Xcode/DerivedData/Telegram-Mac-fygdgghdgmuleoelvxabfmqiotta/SourcePackages/checkouts/firebase-ios-sdk/Crashlytics/Crashlytics/Operations/Reports/FIRCLSProcessReportOperation.m normal arm64 objective-c com.apple.compilers.llvm.clang.1_0.compiler (in target 'FirebaseCrashlytics' from project 'Firebase')
    cd /Users/buddhirajgautam/Documents/Cherrygram-Mac/macOS-Swift
    
    Using response file: /Users/buddhirajgautam/Library/Developer/Xcode/DerivedData/Telegram-Mac-fygdgghdgmuleoelvxabfmqiotta/Build/Intermediates.noindex/Firebase.build/Debug/FirebaseCrashlytics-t.build/Objects-normal/arm64/e6072d4f65d7061329687fe24e3d63a7-common-args.resp
    
    builtin-ScanDependencies -o /Users/buddhirajgautam/Library/Developer/Xcode/DerivedData/Telegram-Mac-fygdgghdgmuleoelvxabfmqiotta/Build/Intermediates.noindex/Firebase.build/Debug/FirebaseCrashlytics-t.build/Objects-normal/arm64/FIRCLSProcessReportOperation.o.scan -- /Applications/Xcode.app/Contents/Developer/Toolchains/XcodeDefault.xctoolchain/usr/bin/clang -x objective-c -ivfsstatcache /Users/buddhirajgautam/Library/Developer/Xcode/DerivedData/SDKStatCaches.noindex/macosx27.0-26A425-e829b21a6f8c9b70876ba0858053c0447231f6df4def33e022ae2eb8f782df1a.sdkstatcache -target arm64-apple-macos12.0 -fmessage-length\=0 -fdiagnostics-show-note-include-stack -fmacro-backtrace-limit\=0 -fno-color-diagnostics -fmodules-prune-interval\=86400 -fmodules-prune-after\=345600 -fbuild-session-file\=/Users/buddhirajgautam/Library/Developer/Xcode/DerivedData/ModuleCache.noindex/Session.modulevalidation -fmodules-validate-once-per-build-session -Wnon-modular-include-in-framework-module -Werror\=non-modular-include-in-framework-module -Wno-trigraphs -Wno-missing-field-initializers -Wno-missing-prototypes -Wno-return-type -Wno-implicit-atomic-properties -Wno-objc-interface-ivars -Wno-arc-repeated-use-of-weak -Wno-missing-braces -Wparentheses -Wswitch -Wno-unused-function -Wno-unused-label -Wno-unused-parameter -Wno-unused-variable -Wunused-value -Wno-empty-body -Wno-uninitialized -Wno-unknown-pragmas -w -Wno-shadow -Wno-four-char-constants -Wno-conversion -Wno-constant-conversion -Wno-int-conversion -Wno-bool-conversion -Wno-enum-conversion -Wno-float-conversion -Wno-non-literal-null-conversion -Wno-objc-literal-conversion -Wshorten-64-to-32 -Wpointer-sign -Wno-newline-eof -Wno-selector -Wno-strict-selector-match -Wno-undeclared-selector -Wno-deprecated-implementations -Wno-implicit-fallthrough -isysroot /Applications/Xcode.app/Contents/Developer/Platforms/MacOSX.platform/Developer/SDKs/MacOSX27.0.sdk -fstrict-aliasing -Wprotocol -Wdeprecated-declarations -Wno-sign-conversion -Wno-infinite-recursion -Wno-comma -Wno-block-capture-autoreleasing -Wno-strict-prototypes -Wno-semicolon-before-method-body -index-store-path /Users/buddhirajgautam/Library/Developer/Xcode/DerivedData/Telegram-Mac-fygdgghdgmuleoelvxabfmqiotta/Index.noindex/DataStore @/Users/buddhirajgautam/Library/Developer/Xcode/DerivedData/Telegram-Mac-fygdgghdgmuleoelvxabfmqiotta/Build/Intermediates.noindex/Firebase.build/Debug/FirebaseCrashlytics-t.build/Objects-normal/arm64/e6072d4f65d7061329687fe24e3d63a7-common-args.resp -MMD -MT dependencies -MF /Users/buddhirajgautam/Library/Developer/Xcode/DerivedData/Telegram-Mac-fygdgghdgmuleoelvxabfmqiotta/Build/Intermediates.noindex/Firebase.build/Debug/FirebaseCrashlytics-t.build/Objects-normal/arm64/FIRCLSProcessReportOperation.d --serialize-diagnostics /Users/buddhirajgautam/Library/Developer/Xcode/DerivedData/Telegram-Mac-fygdgghdgmuleoelvxabfmqiotta/Build/Intermediates.noindex/Firebase.build/Debug/FirebaseCrashlytics-t.build/Objects-normal/arm64/FIRCLSProcessReportOperation.dia -c /Users/buddhirajgautam/Library/Developer/Xcode/DerivedData/Telegram-Mac-fygdgghdgmuleoelvxabfmqiotta/SourcePackages/checkouts/firebase-ios-sdk/Crashlytics/Crashlytics/Operations/Reports/FIRCLSProcessReportOperation.m -o /Users/buddhirajgautam/Library/Developer/Xcode/DerivedData/Telegram-Mac-fygdgghdgmuleoelvxabfmqiotta/Build/Intermediates.noindex/Firebase.build/Debug/FirebaseCrashlytics-t.build/Objects-normal/arm64/FIRCLSProcessReportOperation.o -index-unit-output-path /Firebase.build/Debug/FirebaseCrashlytics-t.build/Objects-normal/arm64/FIRCLSProcessReportOperation.o

ScanDependencies /Users/buddhirajgautam/Library/Developer/Xcode/DerivedData/Telegram-Mac-fygdgghdgmuleoelvxabfmqiotta/Build/Intermediates.noindex/Firebase.build/Debug/FirebaseCrashlytics-t.build/Objects-normal/arm64/FIRCLSProcess.o /Users/buddhirajgautam/Library/Developer/Xcode/DerivedData/Telegram-Mac-fygdgghdgmuleoelvxabfmqiotta/SourcePackages/checkouts/firebase-ios-sdk/Crashlytics/Crashlytics/Components/FIRCLSProcess.c normal arm64 c com.apple.compilers.llvm.clang.1_0.compiler (in target 'FirebaseCrashlytics' from project 'Firebase')
    cd /Users/buddhirajgautam/Documents/Cherrygram-Mac/macOS-Swift
    
    Using response file: /Users/buddhirajgautam/Library/Developer/Xcode/DerivedData/Telegram-Mac-fygdgghdgmuleoelvxabfmqiotta/Build/Intermediates.noindex/Firebase.build/Debug/FirebaseCrashlytics-t.build/Objects-normal/arm64/7187679823f38a2a940e0043cdf9d637-common-args.resp
    
    builtin-ScanDependencies -o /Users/buddhirajgautam/Library/Developer/Xcode/DerivedData/Telegram-Mac-fygdgghdgmuleoelvxabfmqiotta/Build/Intermediates.noindex/Firebase.build/Debug/FirebaseCrashlytics-t.build/Objects-normal/arm64/FIRCLSProcess.o.scan -- /Applications/Xcode.app/Contents/Developer/Toolchains/XcodeDefault.xctoolchain/usr/bin/clang -x c -ivfsstatcache /Users/buddhirajgautam/Library/Developer/Xcode/DerivedData/SDKStatCaches.noindex/macosx27.0-26A425-e829b21a6f8c9b70876ba0858053c0447231f6df4def33e022ae2eb8f782df1a.sdkstatcache -target arm64-apple-macos12.0 -fmessage-length\=0 -fdiagnostics-show-note-include-stack -fmacro-backtrace-limit\=0 -fno-color-diagnostics -fmodules-prune-interval\=86400 -fmodules-prune-after\=345600 -fbuild-session-file\=/Users/buddhirajgautam/Library/Developer/Xcode/DerivedData/ModuleCache.noindex/Session.modulevalidation -fmodules-validate-once-per-build-session -Wnon-modular-include-in-framework-module -Werror\=non-modular-include-in-framework-module -Wno-trigraphs -Wno-missing-field-initializers -Wno-missing-prototypes -Wno-return-type -Wno-missing-braces -Wparentheses -Wswitch -Wno-unused-function -Wno-unused-label -Wno-unused-parameter -Wno-unused-variable -Wunused-value -Wno-empty-body -Wno-uninitialized -Wno-unknown-pragmas -w -Wno-shadow -Wno-four-char-constants -Wno-conversion -Wno-constant-conversion -Wno-int-conversion -Wno-bool-conversion -Wno-enum-conversion -Wno-float-conversion -Wno-non-literal-null-conversion -Wno-objc-literal-conversion -Wshorten-64-to-32 -Wpointer-sign -Wno-newline-eof -Wno-implicit-fallthrough -isysroot /Applications/Xcode.app/Contents/Developer/Platforms/MacOSX.platform/Developer/SDKs/MacOSX27.0.sdk -fstrict-aliasing -Wdeprecated-declarations -Wno-sign-conversion -Wno-infinite-recursion -Wno-comma -Wno-block-capture-autoreleasing -Wno-strict-prototypes -Wno-semicolon-before-method-body -index-store-path /Users/buddhirajgautam/Library/Developer/Xcode/DerivedData/Telegram-Mac-fygdgghdgmuleoelvxabfmqiotta/Index.noindex/DataStore @/Users/buddhirajgautam/Library/Developer/Xcode/DerivedData/Telegram-Mac-fygdgghdgmuleoelvxabfmqiotta/Build/Intermediates.noindex/Firebase.build/Debug/FirebaseCrashlytics-t.build/Objects-normal/arm64/7187679823f38a2a940e0043cdf9d637-common-args.resp -MMD -MT dependencies -MF /Users/buddhirajgautam/Library/Developer/Xcode/DerivedData/Telegram-Mac-fygdgghdgmuleoelvxabfmqiotta/Build/Intermediates.noindex/Firebase.build/Debug/FirebaseCrashlytics-t.build/Objects-normal/arm64/FIRCLSProcess.d --serialize-diagnostics /Users/buddhirajgautam/Library/Developer/Xcode/DerivedData/Telegram-Mac-fygdgghdgmuleoelvxabfmqiotta/Build/Intermediates.noindex/Firebase.build/Debug/FirebaseCrashlytics-t.build/Objects-normal/arm64/FIRCLSProcess.dia -c /Users/buddhirajgautam/Library/Developer/Xcode/DerivedData/Telegram-Mac-fygdgghdgmuleoelvxabfmqiotta/SourcePackages/checkouts/firebase-ios-sdk/Crashlytics/Crashlytics/Components/FIRCLSProcess.c -o /Users/buddhirajgautam/Library/Developer/Xcode/DerivedData/Telegram-Mac-fygdgghdgmuleoelvxabfmqiotta/Build/Intermediates.noindex/Firebase.build/Debug/FirebaseCrashlytics-t.build/Objects-normal/arm64/FIRCLSProcess.o -index-unit-output-path /Firebase.build/Debug/FirebaseCrashlytics-t.build/Objects-normal/arm64/FIRCLSProcess.o

ScanDependencies /Users/buddhirajgautam/Library/Developer/Xcode/DerivedData/Telegram-Mac-fygdgghdgmuleoelvxabfmqiotta/Build/Intermediates.noindex/Firebase.build/Debug/FirebaseCrashlytics-t.build/Objects-normal/arm64/FIRCLSOnDemandModel.o /Users/buddhirajgautam/Library/Developer/Xcode/DerivedData/Telegram-Mac-fygdgghdgmuleoelvxabfmqiotta/SourcePackages/checkouts/firebase-ios-sdk/Crashlytics/Crashlytics/Models/FIRCLSOnDemandModel.m normal arm64 objective-c com.apple.compilers.llvm.clang.1_0.compiler (in target 'FirebaseCrashlytics' from project 'Firebase')
    cd /Users/buddhirajgautam/Documents/Cherrygram-Mac/macOS-Swift
    
    Using response file: /Users/buddhirajgautam/Library/Developer/Xcode/DerivedData/Telegram-Mac-fygdgghdgmuleoelvxabfmqiotta/Build/Intermediates.noindex/Firebase.build/Debug/FirebaseCrashlytics-t.build/Objects-normal/arm64/e6072d4f65d7061329687fe24e3d63a7-common-args.resp
    
    builtin-ScanDependencies -o /Users/buddhirajgautam/Library/Developer/Xcode/DerivedData/Telegram-Mac-fygdgghdgmuleoelvxabfmqiotta/Build/Intermediates.noindex/Firebase.build/Debug/FirebaseCrashlytics-t.build/Objects-normal/arm64/FIRCLSOnDemandModel.o.scan -- /Applications/Xcode.app/Contents/Developer/Toolchains/XcodeDefault.xctoolchain/usr/bin/clang -x objective-c -ivfsstatcache /Users/buddhirajgautam/Library/Developer/Xcode/DerivedData/SDKStatCaches.noindex/macosx27.0-26A425-e829b21a6f8c9b70876ba0858053c0447231f6df4def33e022ae2eb8f782df1a.sdkstatcache -target arm64-apple-macos12.0 -fmessage-length\=0 -fdiagnostics-show-note-include-stack -fmacro-backtrace-limit\=0 -fno-color-diagnostics -fmodules-prune-interval\=86400 -fmodules-prune-after\=345600 -fbuild-session-file\=/Users/buddhirajgautam/Library/Developer/Xcode/DerivedData/ModuleCache.noindex/Session.modulevalidation -fmodules-validate-once-per-build-session -Wnon-modular-include-in-framework-module -Werror\=non-modular-include-in-framework-module -Wno-trigraphs -Wno-missing-field-initializers -Wno-missing-prototypes -Wno-return-type -Wno-implicit-atomic-properties -Wno-objc-interface-ivars -Wno-arc-repeated-use-of-weak -Wno-missing-braces -Wparentheses -Wswitch -Wno-unused-function -Wno-unused-label -Wno-unused-parameter -Wno-unused-variable -Wunused-value -Wno-empty-body -Wno-uninitialized -Wno-unknown-pragmas -w -Wno-shadow -Wno-four-char-constants -Wno-conversion -Wno-constant-conversion -Wno-int-conversion -Wno-bool-conversion -Wno-enum-conversion -Wno-float-conversion -Wno-non-literal-null-conversion -Wno-objc-literal-conversion -Wshorten-64-to-32 -Wpointer-sign -Wno-newline-eof -Wno-selector -Wno-strict-selector-match -Wno-undeclared-selector -Wno-deprecated-implementations -Wno-implicit-fallthrough -isysroot /Applications/Xcode.app/Contents/Developer/Platforms/MacOSX.platform/Developer/SDKs/MacOSX27.0.sdk -fstrict-aliasing -Wprotocol -Wdeprecated-declarations -Wno-sign-conversion -Wno-infinite-recursion -Wno-comma -Wno-block-capture-autoreleasing -Wno-strict-prototypes -Wno-semicolon-before-method-body -index-store-path /Users/buddhirajgautam/Library/Developer/Xcode/DerivedData/Telegram-Mac-fygdgghdgmuleoelvxabfmqiotta/Index.noindex/DataStore @/Users/buddhirajgautam/Library/Developer/Xcode/DerivedData/Telegram-Mac-fygdgghdgmuleoelvxabfmqiotta/Build/Intermediates.noindex/Firebase.build/Debug/FirebaseCrashlytics-t.build/Objects-normal/arm64/e6072d4f65d7061329687fe24e3d63a7-common-args.resp -MMD -MT dependencies -MF /Users/buddhirajgautam/Library/Developer/Xcode/DerivedData/Telegram-Mac-fygdgghdgmuleoelvxabfmqiotta/Build/Intermediates.noindex/Firebase.build/Debug/FirebaseCrashlytics-t.build/Objects-normal/arm64/FIRCLSOnDemandModel.d --serialize-diagnostics /Users/buddhirajgautam/Library/Developer/Xcode/DerivedData/Telegram-Mac-fygdgghdgmuleoelvxabfmqiotta/Build/Intermediates.noindex/Firebase.build/Debug/FirebaseCrashlytics-t.build/Objects-normal/arm64/FIRCLSOnDemandModel.dia -c /Users/buddhirajgautam/Library/Developer/Xcode/DerivedData/Telegram-Mac-fygdgghdgmuleoelvxabfmqiotta/SourcePackages/checkouts/firebase-ios-sdk/Crashlytics/Crashlytics/Models/FIRCLSOnDemandModel.m -o /Users/buddhirajgautam/Library/Developer/Xcode/DerivedData/Telegram-Mac-fygdgghdgmuleoelvxabfmqiotta/Build/Intermediates.noindex/Firebase.build/Debug/FirebaseCrashlytics-t.build/Objects-normal/arm64/FIRCLSOnDemandModel.o -index-unit-output-path /Firebase.build/Debug/FirebaseCrashlytics-t.build/Objects-normal/arm64/FIRCLSOnDemandModel.o

ScanDependencies /Users/buddhirajgautam/Library/Developer/Xcode/DerivedData/Telegram-Mac-fygdgghdgmuleoelvxabfmqiotta/Build/Intermediates.noindex/Firebase.build/Debug/FirebaseCrashlytics-t.build/Objects-normal/arm64/FIRCLSNotificationManager.o /Users/buddhirajgautam/Library/Developer/Xcode/DerivedData/Telegram-Mac-fygdgghdgmuleoelvxabfmqiotta/SourcePackages/checkouts/firebase-ios-sdk/Crashlytics/Crashlytics/Controllers/FIRCLSNotificationManager.m normal arm64 objective-c com.apple.compilers.llvm.clang.1_0.compiler (in target 'FirebaseCrashlytics' from project 'Firebase')
    cd /Users/buddhirajgautam/Documents/Cherrygram-Mac/macOS-Swift
    
    Using response file: /Users/buddhirajgautam/Library/Developer/Xcode/DerivedData/Telegram-Mac-fygdgghdgmuleoelvxabfmqiotta/Build/Intermediates.noindex/Firebase.build/Debug/FirebaseCrashlytics-t.build/Objects-normal/arm64/e6072d4f65d7061329687fe24e3d63a7-common-args.resp
    
    builtin-ScanDependencies -o /Users/buddhirajgautam/Library/Developer/Xcode/DerivedData/Telegram-Mac-fygdgghdgmuleoelvxabfmqiotta/Build/Intermediates.noindex/Firebase.build/Debug/FirebaseCrashlytics-t.build/Objects-normal/arm64/FIRCLSNotificationManager.o.scan -- /Applications/Xcode.app/Contents/Developer/Toolchains/XcodeDefault.xctoolchain/usr/bin/clang -x objective-c -ivfsstatcache /Users/buddhirajgautam/Library/Developer/Xcode/DerivedData/SDKStatCaches.noindex/macosx27.0-26A425-e829b21a6f8c9b70876ba0858053c0447231f6df4def33e022ae2eb8f782df1a.sdkstatcache -target arm64-apple-macos12.0 -fmessage-length\=0 -fdiagnostics-show-note-include-stack -fmacro-backtrace-limit\=0 -fno-color-diagnostics -fmodules-prune-interval\=86400 -fmodules-prune-after\=345600 -fbuild-session-file\=/Users/buddhirajgautam/Library/Developer/Xcode/DerivedData/ModuleCache.noindex/Session.modulevalidation -fmodules-validate-once-per-build-session -Wnon-modular-include-in-framework-module -Werror\=non-modular-include-in-framework-module -Wno-trigraphs -Wno-missing-field-initializers -Wno-missing-prototypes -Wno-return-type -Wno-implicit-atomic-properties -Wno-objc-interface-ivars -Wno-arc-repeated-use-of-weak -Wno-missing-braces -Wparentheses -Wswitch -Wno-unused-function -Wno-unused-label -Wno-unused-parameter -Wno-unused-variable -Wunused-value -Wno-empty-body -Wno-uninitialized -Wno-unknown-pragmas -w -Wno-shadow -Wno-four-char-constants -Wno-conversion -Wno-constant-conversion -Wno-int-conversion -Wno-bool-conversion -Wno-enum-conversion -Wno-float-conversion -Wno-non-literal-null-conversion -Wno-objc-literal-conversion -Wshorten-64-to-32 -Wpointer-sign -Wno-newline-eof -Wno-selector -Wno-strict-selector-match -Wno-undeclared-selector -Wno-deprecated-implementations -Wno-implicit-fallthrough -isysroot /Applications/Xcode.app/Contents/Developer/Platforms/MacOSX.platform/Developer/SDKs/MacOSX27.0.sdk -fstrict-aliasing -Wprotocol -Wdeprecated-declarations -Wno-sign-conversion -Wno-infinite-recursion -Wno-comma -Wno-block-capture-autoreleasing -Wno-strict-prototypes -Wno-semicolon-before-method-body -index-store-path /Users/buddhirajgautam/Library/Developer/Xcode/DerivedData/Telegram-Mac-fygdgghdgmuleoelvxabfmqiotta/Index.noindex/DataStore @/Users/buddhirajgautam/Library/Developer/Xcode/DerivedData/Telegram-Mac-fygdgghdgmuleoelvxabfmqiotta/Build/Intermediates.noindex/Firebase.build/Debug/FirebaseCrashlytics-t.build/Objects-normal/arm64/e6072d4f65d7061329687fe24e3d63a7-common-args.resp -MMD -MT dependencies -MF /Users/buddhirajgautam/Library/Developer/Xcode/DerivedData/Telegram-Mac-fygdgghdgmuleoelvxabfmqiotta/Build/Intermediates.noindex/Firebase.build/Debug/FirebaseCrashlytics-t.build/Objects-normal/arm64/FIRCLSNotificationManager.d --serialize-diagnostics /Users/buddhirajgautam/Library/Developer/Xcode/DerivedData/Telegram-Mac-fygdgghdgmuleoelvxabfmqiotta/Build/Intermediates.noindex/Firebase.build/Debug/FirebaseCrashlytics-t.build/Objects-normal/arm64/FIRCLSNotificationManager.dia -c /Users/buddhirajgautam/Library/Developer/Xcode/DerivedData/Telegram-Mac-fygdgghdgmuleoelvxabfmqiotta/SourcePackages/checkouts/firebase-ios-sdk/Crashlytics/Crashlytics/Controllers/FIRCLSNotificationManager.m -o /Users/buddhirajgautam/Library/Developer/Xcode/DerivedData/Telegram-Mac-fygdgghdgmuleoelvxabfmqiotta/Build/Intermediates.noindex/Firebase.build/Debug/FirebaseCrashlytics-t.build/Objects-normal/arm64/FIRCLSNotificationManager.o -index-unit-output-path /Firebase.build/Debug/FirebaseCrashlytics-t.build/Objects-normal/arm64/FIRCLSNotificationManager.o

ScanDependencies /Users/buddhirajgautam/Library/Developer/Xcode/DerivedData/Telegram-Mac-fygdgghdgmuleoelvxabfmqiotta/Build/Intermediates.noindex/Firebase.build/Debug/FirebaseCrashlytics-t.build/Objects-normal/arm64/FIRCLSNetworkResponseHandler.o /Users/buddhirajgautam/Library/Developer/Xcode/DerivedData/Telegram-Mac-fygdgghdgmuleoelvxabfmqiotta/SourcePackages/checkouts/firebase-ios-sdk/Crashlytics/Shared/FIRCLSNetworking/FIRCLSNetworkResponseHandler.m normal arm64 objective-c com.apple.compilers.llvm.clang.1_0.compiler (in target 'FirebaseCrashlytics' from project 'Firebase')
    cd /Users/buddhirajgautam/Documents/Cherrygram-Mac/macOS-Swift
    
    Using response file: /Users/buddhirajgautam/Library/Developer/Xcode/DerivedData/Telegram-Mac-fygdgghdgmuleoelvxabfmqiotta/Build/Intermediates.noindex/Firebase.build/Debug/FirebaseCrashlytics-t.build/Objects-normal/arm64/e6072d4f65d7061329687fe24e3d63a7-common-args.resp
    
    builtin-ScanDependencies -o /Users/buddhirajgautam/Library/Developer/Xcode/DerivedData/Telegram-Mac-fygdgghdgmuleoelvxabfmqiotta/Build/Intermediates.noindex/Firebase.build/Debug/FirebaseCrashlytics-t.build/Objects-normal/arm64/FIRCLSNetworkResponseHandler.o.scan -- /Applications/Xcode.app/Contents/Developer/Toolchains/XcodeDefault.xctoolchain/usr/bin/clang -x objective-c -ivfsstatcache /Users/buddhirajgautam/Library/Developer/Xcode/DerivedData/SDKStatCaches.noindex/macosx27.0-26A425-e829b21a6f8c9b70876ba0858053c0447231f6df4def33e022ae2eb8f782df1a.sdkstatcache -target arm64-apple-macos12.0 -fmessage-length\=0 -fdiagnostics-show-note-include-stack -fmacro-backtrace-limit\=0 -fno-color-diagnostics -fmodules-prune-interval\=86400 -fmodules-prune-after\=345600 -fbuild-session-file\=/Users/buddhirajgautam/Library/Developer/Xcode/DerivedData/ModuleCache.noindex/Session.modulevalidation -fmodules-validate-once-per-build-session -Wnon-modular-include-in-framework-module -Werror\=non-modular-include-in-framework-module -Wno-trigraphs -Wno-missing-field-initializers -Wno-missing-prototypes -Wno-return-type -Wno-implicit-atomic-properties -Wno-objc-interface-ivars -Wno-arc-repeated-use-of-weak -Wno-missing-braces -Wparentheses -Wswitch -Wno-unused-function -Wno-unused-label -Wno-unused-parameter -Wno-unused-variable -Wunused-value -Wno-empty-body -Wno-uninitialized -Wno-unknown-pragmas -w -Wno-shadow -Wno-four-char-constants -Wno-conversion -Wno-constant-conversion -Wno-int-conversion -Wno-bool-conversion -Wno-enum-conversion -Wno-float-conversion -Wno-non-literal-null-conversion -Wno-objc-literal-conversion -Wshorten-64-to-32 -Wpointer-sign -Wno-newline-eof -Wno-selector -Wno-strict-selector-match -Wno-undeclared-selector -Wno-deprecated-implementations -Wno-implicit-fallthrough -isysroot /Applications/Xcode.app/Contents/Developer/Platforms/MacOSX.platform/Developer/SDKs/MacOSX27.0.sdk -fstrict-aliasing -Wprotocol -Wdeprecated-declarations -Wno-sign-conversion -Wno-infinite-recursion -Wno-comma -Wno-block-capture-autoreleasing -Wno-strict-prototypes -Wno-semicolon-before-method-body -index-store-path /Users/buddhirajgautam/Library/Developer/Xcode/DerivedData/Telegram-Mac-fygdgghdgmuleoelvxabfmqiotta/Index.noindex/DataStore @/Users/buddhirajgautam/Library/Developer/Xcode/DerivedData/Telegram-Mac-fygdgghdgmuleoelvxabfmqiotta/Build/Intermediates.noindex/Firebase.build/Debug/FirebaseCrashlytics-t.build/Objects-normal/arm64/e6072d4f65d7061329687fe24e3d63a7-common-args.resp -MMD -MT dependencies -MF /Users/buddhirajgautam/Library/Developer/Xcode/DerivedData/Telegram-Mac-fygdgghdgmuleoelvxabfmqiotta/Build/Intermediates.noindex/Firebase.build/Debug/FirebaseCrashlytics-t.build/Objects-normal/arm64/FIRCLSNetworkResponseHandler.d --serialize-diagnostics /Users/buddhirajgautam/Library/Developer/Xcode/DerivedData/Telegram-Mac-fygdgghdgmuleoelvxabfmqiotta/Build/Intermediates.noindex/Firebase.build/Debug/FirebaseCrashlytics-t.build/Objects-normal/arm64/FIRCLSNetworkResponseHandler.dia -c /Users/buddhirajgautam/Library/Developer/Xcode/DerivedData/Telegram-Mac-fygdgghdgmuleoelvxabfmqiotta/SourcePackages/checkouts/firebase-ios-sdk/Crashlytics/Shared/FIRCLSNetworking/FIRCLSNetworkResponseHandler.m -o /Users/buddhirajgautam/Library/Developer/Xcode/DerivedData/Telegram-Mac-fygdgghdgmuleoelvxabfmqiotta/Build/Intermediates.noindex/Firebase.build/Debug/FirebaseCrashlytics-t.build/Objects-normal/arm64/FIRCLSNetworkResponseHandler.o -index-unit-output-path /Firebase.build/Debug/FirebaseCrashlytics-t.build/Objects-normal/arm64/FIRCLSNetworkResponseHandler.o

ScanDependencies /Users/buddhirajgautam/Library/Developer/Xcode/DerivedData/Telegram-Mac-fygdgghdgmuleoelvxabfmqiotta/Build/Intermediates.noindex/Firebase.build/Debug/FirebaseCrashlytics-t.build/Objects-normal/arm64/FIRCLSNetworkOperation.o /Users/buddhirajgautam/Library/Developer/Xcode/DerivedData/Telegram-Mac-fygdgghdgmuleoelvxabfmqiotta/SourcePackages/checkouts/firebase-ios-sdk/Crashlytics/Crashlytics/Settings/Operations/FIRCLSNetworkOperation.m normal arm64 objective-c com.apple.compilers.llvm.clang.1_0.compiler (in target 'FirebaseCrashlytics' from project 'Firebase')
    cd /Users/buddhirajgautam/Documents/Cherrygram-Mac/macOS-Swift
    
    Using response file: /Users/buddhirajgautam/Library/Developer/Xcode/DerivedData/Telegram-Mac-fygdgghdgmuleoelvxabfmqiotta/Build/Intermediates.noindex/Firebase.build/Debug/FirebaseCrashlytics-t.build/Objects-normal/arm64/e6072d4f65d7061329687fe24e3d63a7-common-args.resp
    
    builtin-ScanDependencies -o /Users/buddhirajgautam/Library/Developer/Xcode/DerivedData/Telegram-Mac-fygdgghdgmuleoelvxabfmqiotta/Build/Intermediates.noindex/Firebase.build/Debug/FirebaseCrashlytics-t.build/Objects-normal/arm64/FIRCLSNetworkOperation.o.scan -- /Applications/Xcode.app/Contents/Developer/Toolchains/XcodeDefault.xctoolchain/usr/bin/clang -x objective-c -ivfsstatcache /Users/buddhirajgautam/Library/Developer/Xcode/DerivedData/SDKStatCaches.noindex/macosx27.0-26A425-e829b21a6f8c9b70876ba0858053c0447231f6df4def33e022ae2eb8f782df1a.sdkstatcache -target arm64-apple-macos12.0 -fmessage-length\=0 -fdiagnostics-show-note-include-stack -fmacro-backtrace-limit\=0 -fno-color-diagnostics -fmodules-prune-interval\=86400 -fmodules-prune-after\=345600 -fbuild-session-file\=/Users/buddhirajgautam/Library/Developer/Xcode/DerivedData/ModuleCache.noindex/Session.modulevalidation -fmodules-validate-once-per-build-session -Wnon-modular-include-in-framework-module -Werror\=non-modular-include-in-framework-module -Wno-trigraphs -Wno-missing-field-initializers -Wno-missing-prototypes -Wno-return-type -Wno-implicit-atomic-properties -Wno-objc-interface-ivars -Wno-arc-repeated-use-of-weak -Wno-missing-braces -Wparentheses -Wswitch -Wno-unused-function -Wno-unused-label -Wno-unused-parameter -Wno-unused-variable -Wunused-value -Wno-empty-body -Wno-uninitialized -Wno-unknown-pragmas -w -Wno-shadow -Wno-four-char-constants -Wno-conversion -Wno-constant-conversion -Wno-int-conversion -Wno-bool-conversion -Wno-enum-conversion -Wno-float-conversion -Wno-non-literal-null-conversion -Wno-objc-literal-conversion -Wshorten-64-to-32 -Wpointer-sign -Wno-newline-eof -Wno-selector -Wno-strict-selector-match -Wno-undeclared-selector -Wno-deprecated-implementations -Wno-implicit-fallthrough -isysroot /Applications/Xcode.app/Contents/Developer/Platforms/MacOSX.platform/Developer/SDKs/MacOSX27.0.sdk -fstrict-aliasing -Wprotocol -Wdeprecated-declarations -Wno-sign-conversion -Wno-infinite-recursion -Wno-comma -Wno-block-capture-autoreleasing -Wno-strict-prototypes -Wno-semicolon-before-method-body -index-store-path /Users/buddhirajgautam/Library/Developer/Xcode/DerivedData/Telegram-Mac-fygdgghdgmuleoelvxabfmqiotta/Index.noindex/DataStore @/Users/buddhirajgautam/Library/Developer/Xcode/DerivedData/Telegram-Mac-fygdgghdgmuleoelvxabfmqiotta/Build/Intermediates.noindex/Firebase.build/Debug/FirebaseCrashlytics-t.build/Objects-normal/arm64/e6072d4f65d7061329687fe24e3d63a7-common-args.resp -MMD -MT dependencies -MF /Users/buddhirajgautam/Library/Developer/Xcode/DerivedData/Telegram-Mac-fygdgghdgmuleoelvxabfmqiotta/Build/Intermediates.noindex/Firebase.build/Debug/FirebaseCrashlytics-t.build/Objects-normal/arm64/FIRCLSNetworkOperation.d --serialize-diagnostics /Users/buddhirajgautam/Library/Developer/Xcode/DerivedData/Telegram-Mac-fygdgghdgmuleoelvxabfmqiotta/Build/Intermediates.noindex/Firebase.build/Debug/FirebaseCrashlytics-t.build/Objects-normal/arm64/FIRCLSNetworkOperation.dia -c /Users/buddhirajgautam/Library/Developer/Xcode/DerivedData/Telegram-Mac-fygdgghdgmuleoelvxabfmqiotta/SourcePackages/checkouts/firebase-ios-sdk/Crashlytics/Crashlytics/Settings/Operations/FIRCLSNetworkOperation.m -o /Users/buddhirajgautam/Library/Developer/Xcode/DerivedData/Telegram-Mac-fygdgghdgmuleoelvxabfmqiotta/Build/Intermediates.noindex/Firebase.build/Debug/FirebaseCrashlytics-t.build/Objects-normal/arm64/FIRCLSNetworkOperation.o -index-unit-output-path /Firebase.build/Debug/FirebaseCrashlytics-t.build/Objects-normal/arm64/FIRCLSNetworkOperation.o

ScanDependencies /Users/buddhirajgautam/Library/Developer/Xcode/DerivedData/Telegram-Mac-fygdgghdgmuleoelvxabfmqiotta/Build/Intermediates.noindex/Firebase.build/Debug/FirebaseCrashlytics-t.build/Objects-normal/arm64/FIRCLSMultipartMimeStreamEncoder.o /Users/buddhirajgautam/Library/Developer/Xcode/DerivedData/Telegram-Mac-fygdgghdgmuleoelvxabfmqiotta/SourcePackages/checkouts/firebase-ios-sdk/Crashlytics/Shared/FIRCLSNetworking/FIRCLSMultipartMimeStreamEncoder.m normal arm64 objective-c com.apple.compilers.llvm.clang.1_0.compiler (in target 'FirebaseCrashlytics' from project 'Firebase')
    cd /Users/buddhirajgautam/Documents/Cherrygram-Mac/macOS-Swift
    
    Using response file: /Users/buddhirajgautam/Library/Developer/Xcode/DerivedData/Telegram-Mac-fygdgghdgmuleoelvxabfmqiotta/Build/Intermediates.noindex/Firebase.build/Debug/FirebaseCrashlytics-t.build/Objects-normal/arm64/e6072d4f65d7061329687fe24e3d63a7-common-args.resp
    
    builtin-ScanDependencies -o /Users/buddhirajgautam/Library/Developer/Xcode/DerivedData/Telegram-Mac-fygdgghdgmuleoelvxabfmqiotta/Build/Intermediates.noindex/Firebase.build/Debug/FirebaseCrashlytics-t.build/Objects-normal/arm64/FIRCLSMultipartMimeStreamEncoder.o.scan -- /Applications/Xcode.app/Contents/Developer/Toolchains/XcodeDefault.xctoolchain/usr/bin/clang -x objective-c -ivfsstatcache /Users/buddhirajgautam/Library/Developer/Xcode/DerivedData/SDKStatCaches.noindex/macosx27.0-26A425-e829b21a6f8c9b70876ba0858053c0447231f6df4def33e022ae2eb8f782df1a.sdkstatcache -target arm64-apple-macos12.0 -fmessage-length\=0 -fdiagnostics-show-note-include-stack -fmacro-backtrace-limit\=0 -fno-color-diagnostics -fmodules-prune-interval\=86400 -fmodules-prune-after\=345600 -fbuild-session-file\=/Users/buddhirajgautam/Library/Developer/Xcode/DerivedData/ModuleCache.noindex/Session.modulevalidation -fmodules-validate-once-per-build-session -Wnon-modular-include-in-framework-module -Werror\=non-modular-include-in-framework-module -Wno-trigraphs -Wno-missing-field-initializers -Wno-missing-prototypes -Wno-return-type -Wno-implicit-atomic-properties -Wno-objc-interface-ivars -Wno-arc-repeated-use-of-weak -Wno-missing-braces -Wparentheses -Wswitch -Wno-unused-function -Wno-unused-label -Wno-unused-parameter -Wno-unused-variable -Wunused-value -Wno-empty-body -Wno-uninitialized -Wno-unknown-pragmas -w -Wno-shadow -Wno-four-char-constants -Wno-conversion -Wno-constant-conversion -Wno-int-conversion -Wno-bool-conversion -Wno-enum-conversion -Wno-float-conversion -Wno-non-literal-null-conversion -Wno-objc-literal-conversion -Wshorten-64-to-32 -Wpointer-sign -Wno-newline-eof -Wno-selector -Wno-strict-selector-match -Wno-undeclared-selector -Wno-deprecated-implementations -Wno-implicit-fallthrough -isysroot /Applications/Xcode.app/Contents/Developer/Platforms/MacOSX.platform/Developer/SDKs/MacOSX27.0.sdk -fstrict-aliasing -Wprotocol -Wdeprecated-declarations -Wno-sign-conversion -Wno-infinite-recursion -Wno-comma -Wno-block-capture-autoreleasing -Wno-strict-prototypes -Wno-semicolon-before-method-body -index-store-path /Users/buddhirajgautam/Library/Developer/Xcode/DerivedData/Telegram-Mac-fygdgghdgmuleoelvxabfmqiotta/Index.noindex/DataStore @/Users/buddhirajgautam/Library/Developer/Xcode/DerivedData/Telegram-Mac-fygdgghdgmuleoelvxabfmqiotta/Build/Intermediates.noindex/Firebase.build/Debug/FirebaseCrashlytics-t.build/Objects-normal/arm64/e6072d4f65d7061329687fe24e3d63a7-common-args.resp -MMD -MT dependencies -MF /Users/buddhirajgautam/Library/Developer/Xcode/DerivedData/Telegram-Mac-fygdgghdgmuleoelvxabfmqiotta/Build/Intermediates.noindex/Firebase.build/Debug/FirebaseCrashlytics-t.build/Objects-normal/arm64/FIRCLSMultipartMimeStreamEncoder.d --serialize-diagnostics /Users/buddhirajgautam/Library/Developer/Xcode/DerivedData/Telegram-Mac-fygdgghdgmuleoelvxabfmqiotta/Build/Intermediates.noindex/Firebase.build/Debug/FirebaseCrashlytics-t.build/Objects-normal/arm64/FIRCLSMultipartMimeStreamEncoder.dia -c /Users/buddhirajgautam/Library/Developer/Xcode/DerivedData/Telegram-Mac-fygdgghdgmuleoelvxabfmqiotta/SourcePackages/checkouts/firebase-ios-sdk/Crashlytics/Shared/FIRCLSNetworking/FIRCLSMultipartMimeStreamEncoder.m -o /Users/buddhirajgautam/Library/Developer/Xcode/DerivedData/Telegram-Mac-fygdgghdgmuleoelvxabfmqiotta/Build/Intermediates.noindex/Firebase.build/Debug/FirebaseCrashlytics-t.build/Objects-normal/arm64/FIRCLSMultipartMimeStreamEncoder.o -index-unit-output-path /Firebase.build/Debug/FirebaseCrashlytics-t.build/Objects-normal/arm64/FIRCLSMultipartMimeStreamEncoder.o

ScanDependencies /Users/buddhirajgautam/Library/Developer/Xcode/DerivedData/Telegram-Mac-fygdgghdgmuleoelvxabfmqiotta/Build/Intermediates.noindex/Firebase.build/Debug/FirebaseCrashlytics-t.build/Objects-normal/arm64/FIRCLSMetricKitManager.o /Users/buddhirajgautam/Library/Developer/Xcode/DerivedData/Telegram-Mac-fygdgghdgmuleoelvxabfmqiotta/SourcePackages/checkouts/firebase-ios-sdk/Crashlytics/Crashlytics/Controllers/FIRCLSMetricKitManager.m normal arm64 objective-c com.apple.compilers.llvm.clang.1_0.compiler (in target 'FirebaseCrashlytics' from project 'Firebase')
    cd /Users/buddhirajgautam/Documents/Cherrygram-Mac/macOS-Swift
    
    Using response file: /Users/buddhirajgautam/Library/Developer/Xcode/DerivedData/Telegram-Mac-fygdgghdgmuleoelvxabfmqiotta/Build/Intermediates.noindex/Firebase.build/Debug/FirebaseCrashlytics-t.build/Objects-normal/arm64/e6072d4f65d7061329687fe24e3d63a7-common-args.resp
    
    builtin-ScanDependencies -o /Users/buddhirajgautam/Library/Developer/Xcode/DerivedData/Telegram-Mac-fygdgghdgmuleoelvxabfmqiotta/Build/Intermediates.noindex/Firebase.build/Debug/FirebaseCrashlytics-t.build/Objects-normal/arm64/FIRCLSMetricKitManager.o.scan -- /Applications/Xcode.app/Contents/Developer/Toolchains/XcodeDefault.xctoolchain/usr/bin/clang -x objective-c -ivfsstatcache /Users/buddhirajgautam/Library/Developer/Xcode/DerivedData/SDKStatCaches.noindex/macosx27.0-26A425-e829b21a6f8c9b70876ba0858053c0447231f6df4def33e022ae2eb8f782df1a.sdkstatcache -target arm64-apple-macos12.0 -fmessage-length\=0 -fdiagnostics-show-note-include-stack -fmacro-backtrace-limit\=0 -fno-color-diagnostics -fmodules-prune-interval\=86400 -fmodules-prune-after\=345600 -fbuild-session-file\=/Users/buddhirajgautam/Library/Developer/Xcode/DerivedData/ModuleCache.noindex/Session.modulevalidation -fmodules-validate-once-per-build-session -Wnon-modular-include-in-framework-module -Werror\=non-modular-include-in-framework-module -Wno-trigraphs -Wno-missing-field-initializers -Wno-missing-prototypes -Wno-return-type -Wno-implicit-atomic-properties -Wno-objc-interface-ivars -Wno-arc-repeated-use-of-weak -Wno-missing-braces -Wparentheses -Wswitch -Wno-unused-function -Wno-unused-label -Wno-unused-parameter -Wno-unused-variable -Wunused-value -Wno-empty-body -Wno-uninitialized -Wno-unknown-pragmas -w -Wno-shadow -Wno-four-char-constants -Wno-conversion -Wno-constant-conversion -Wno-int-conversion -Wno-bool-conversion -Wno-enum-conversion -Wno-float-conversion -Wno-non-literal-null-conversion -Wno-objc-literal-conversion -Wshorten-64-to-32 -Wpointer-sign -Wno-newline-eof -Wno-selector -Wno-strict-selector-match -Wno-undeclared-selector -Wno-deprecated-implementations -Wno-implicit-fallthrough -isysroot /Applications/Xcode.app/Contents/Developer/Platforms/MacOSX.platform/Developer/SDKs/MacOSX27.0.sdk -fstrict-aliasing -Wprotocol -Wdeprecated-declarations -Wno-sign-conversion -Wno-infinite-recursion -Wno-comma -Wno-block-capture-autoreleasing -Wno-strict-prototypes -Wno-semicolon-before-method-body -index-store-path /Users/buddhirajgautam/Library/Developer/Xcode/DerivedData/Telegram-Mac-fygdgghdgmuleoelvxabfmqiotta/Index.noindex/DataStore @/Users/buddhirajgautam/Library/Developer/Xcode/DerivedData/Telegram-Mac-fygdgghdgmuleoelvxabfmqiotta/Build/Intermediates.noindex/Firebase.build/Debug/FirebaseCrashlytics-t.build/Objects-normal/arm64/e6072d4f65d7061329687fe24e3d63a7-common-args.resp -MMD -MT dependencies -MF /Users/buddhirajgautam/Library/Developer/Xcode/DerivedData/Telegram-Mac-fygdgghdgmuleoelvxabfmqiotta/Build/Intermediates.noindex/Firebase.build/Debug/FirebaseCrashlytics-t.build/Objects-normal/arm64/FIRCLSMetricKitManager.d --serialize-diagnostics /Users/buddhirajgautam/Library/Developer/Xcode/DerivedData/Telegram-Mac-fygdgghdgmuleoelvxabfmqiotta/Build/Intermediates.noindex/Firebase.build/Debug/FirebaseCrashlytics-t.build/Objects-normal/arm64/FIRCLSMetricKitManager.dia -c /Users/buddhirajgautam/Library/Developer/Xcode/DerivedData/Telegram-Mac-fygdgghdgmuleoelvxabfmqiotta/SourcePackages/checkouts/firebase-ios-sdk/Crashlytics/Crashlytics/Controllers/FIRCLSMetricKitManager.m -o /Users/buddhirajgautam/Library/Developer/Xcode/DerivedData/Telegram-Mac-fygdgghdgmuleoelvxabfmqiotta/Build/Intermediates.noindex/Firebase.build/Debug/FirebaseCrashlytics-t.build/Objects-normal/arm64/FIRCLSMetricKitManager.o -index-unit-output-path /Firebase.build/Debug/FirebaseCrashlytics-t.build/Objects-normal/arm64/FIRCLSMetricKitManager.o

ScanDependencies /Users/buddhirajgautam/Library/Developer/Xcode/DerivedData/Telegram-Mac-fygdgghdgmuleoelvxabfmqiotta/Build/Intermediates.noindex/Firebase.build/Debug/FirebaseCrashlytics-t.build/Objects-normal/arm64/FIRCLSManagerData.o /Users/buddhirajgautam/Library/Developer/Xcode/DerivedData/Telegram-Mac-fygdgghdgmuleoelvxabfmqiotta/SourcePackages/checkouts/firebase-ios-sdk/Crashlytics/Crashlytics/Controllers/FIRCLSManagerData.m normal arm64 objective-c com.apple.compilers.llvm.clang.1_0.compiler (in target 'FirebaseCrashlytics' from project 'Firebase')
    cd /Users/buddhirajgautam/Documents/Cherrygram-Mac/macOS-Swift
    
    Using response file: /Users/buddhirajgautam/Library/Developer/Xcode/DerivedData/Telegram-Mac-fygdgghdgmuleoelvxabfmqiotta/Build/Intermediates.noindex/Firebase.build/Debug/FirebaseCrashlytics-t.build/Objects-normal/arm64/e6072d4f65d7061329687fe24e3d63a7-common-args.resp
    
    builtin-ScanDependencies -o /Users/buddhirajgautam/Library/Developer/Xcode/DerivedData/Telegram-Mac-fygdgghdgmuleoelvxabfmqiotta/Build/Intermediates.noindex/Firebase.build/Debug/FirebaseCrashlytics-t.build/Objects-normal/arm64/FIRCLSManagerData.o.scan -- /Applications/Xcode.app/Contents/Developer/Toolchains/XcodeDefault.xctoolchain/usr/bin/clang -x objective-c -ivfsstatcache /Users/buddhirajgautam/Library/Developer/Xcode/DerivedData/SDKStatCaches.noindex/macosx27.0-26A425-e829b21a6f8c9b70876ba0858053c0447231f6df4def33e022ae2eb8f782df1a.sdkstatcache -target arm64-apple-macos12.0 -fmessage-length\=0 -fdiagnostics-show-note-include-stack -fmacro-backtrace-limit\=0 -fno-color-diagnostics -fmodules-prune-interval\=86400 -fmodules-prune-after\=345600 -fbuild-session-file\=/Users/buddhirajgautam/Library/Developer/Xcode/DerivedData/ModuleCache.noindex/Session.modulevalidation -fmodules-validate-once-per-build-session -Wnon-modular-include-in-framework-module -Werror\=non-modular-include-in-framework-module -Wno-trigraphs -Wno-missing-field-initializers -Wno-missing-prototypes -Wno-return-type -Wno-implicit-atomic-properties -Wno-objc-interface-ivars -Wno-arc-repeated-use-of-weak -Wno-missing-braces -Wparentheses -Wswitch -Wno-unused-function -Wno-unused-label -Wno-unused-parameter -Wno-unused-variable -Wunused-value -Wno-empty-body -Wno-uninitialized -Wno-unknown-pragmas -w -Wno-shadow -Wno-four-char-constants -Wno-conversion -Wno-constant-conversion -Wno-int-conversion -Wno-bool-conversion -Wno-enum-conversion -Wno-float-conversion -Wno-non-literal-null-conversion -Wno-objc-literal-conversion -Wshorten-64-to-32 -Wpointer-sign -Wno-newline-eof -Wno-selector -Wno-strict-selector-match -Wno-undeclared-selector -Wno-deprecated-implementations -Wno-implicit-fallthrough -isysroot /Applications/Xcode.app/Contents/Developer/Platforms/MacOSX.platform/Developer/SDKs/MacOSX27.0.sdk -fstrict-aliasing -Wprotocol -Wdeprecated-declarations -Wno-sign-conversion -Wno-infinite-recursion -Wno-comma -Wno-block-capture-autoreleasing -Wno-strict-prototypes -Wno-semicolon-before-method-body -index-store-path /Users/buddhirajgautam/Library/Developer/Xcode/DerivedData/Telegram-Mac-fygdgghdgmuleoelvxabfmqiotta/Index.noindex/DataStore @/Users/buddhirajgautam/Library/Developer/Xcode/DerivedData/Telegram-Mac-fygdgghdgmuleoelvxabfmqiotta/Build/Intermediates.noindex/Firebase.build/Debug/FirebaseCrashlytics-t.build/Objects-normal/arm64/e6072d4f65d7061329687fe24e3d63a7-common-args.resp -MMD -MT dependencies -MF /Users/buddhirajgautam/Library/Developer/Xcode/DerivedData/Telegram-Mac-fygdgghdgmuleoelvxabfmqiotta/Build/Intermediates.noindex/Firebase.build/Debug/FirebaseCrashlytics-t.build/Objects-normal/arm64/FIRCLSManagerData.d --serialize-diagnostics /Users/buddhirajgautam/Library/Developer/Xcode/DerivedData/Telegram-Mac-fygdgghdgmuleoelvxabfmqiotta/Build/Intermediates.noindex/Firebase.build/Debug/FirebaseCrashlytics-t.build/Objects-normal/arm64/FIRCLSManagerData.dia -c /Users/buddhirajgautam/Library/Developer/Xcode/DerivedData/Telegram-Mac-fygdgghdgmuleoelvxabfmqiotta/SourcePackages/checkouts/firebase-ios-sdk/Crashlytics/Crashlytics/Controllers/FIRCLSManagerData.m -o /Users/buddhirajgautam/Library/Developer/Xcode/DerivedData/Telegram-Mac-fygdgghdgmuleoelvxabfmqiotta/Build/Intermediates.noindex/Firebase.build/Debug/FirebaseCrashlytics-t.build/Objects-normal/arm64/FIRCLSManagerData.o -index-unit-output-path /Firebase.build/Debug/FirebaseCrashlytics-t.build/Objects-normal/arm64/FIRCLSManagerData.o

ScanDependencies /Users/buddhirajgautam/Library/Developer/Xcode/DerivedData/Telegram-Mac-fygdgghdgmuleoelvxabfmqiotta/Build/Intermediates.noindex/Firebase.build/Debug/FirebaseCrashlytics-t.build/Objects-normal/arm64/FIRCLSMachOSlice.o /Users/buddhirajgautam/Library/Developer/Xcode/DerivedData/Telegram-Mac-fygdgghdgmuleoelvxabfmqiotta/SourcePackages/checkouts/firebase-ios-sdk/Crashlytics/Shared/FIRCLSMachO/FIRCLSMachOSlice.m normal arm64 objective-c com.apple.compilers.llvm.clang.1_0.compiler (in target 'FirebaseCrashlytics' from project 'Firebase')
    cd /Users/buddhirajgautam/Documents/Cherrygram-Mac/macOS-Swift
    
    Using response file: /Users/buddhirajgautam/Library/Developer/Xcode/DerivedData/Telegram-Mac-fygdgghdgmuleoelvxabfmqiotta/Build/Intermediates.noindex/Firebase.build/Debug/FirebaseCrashlytics-t.build/Objects-normal/arm64/e6072d4f65d7061329687fe24e3d63a7-common-args.resp
    
    builtin-ScanDependencies -o /Users/buddhirajgautam/Library/Developer/Xcode/DerivedData/Telegram-Mac-fygdgghdgmuleoelvxabfmqiotta/Build/Intermediates.noindex/Firebase.build/Debug/FirebaseCrashlytics-t.build/Objects-normal/arm64/FIRCLSMachOSlice.o.scan -- /Applications/Xcode.app/Contents/Developer/Toolchains/XcodeDefault.xctoolchain/usr/bin/clang -x objective-c -ivfsstatcache /Users/buddhirajgautam/Library/Developer/Xcode/DerivedData/SDKStatCaches.noindex/macosx27.0-26A425-e829b21a6f8c9b70876ba0858053c0447231f6df4def33e022ae2eb8f782df1a.sdkstatcache -target arm64-apple-macos12.0 -fmessage-length\=0 -fdiagnostics-show-note-include-stack -fmacro-backtrace-limit\=0 -fno-color-diagnostics -fmodules-prune-interval\=86400 -fmodules-prune-after\=345600 -fbuild-session-file\=/Users/buddhirajgautam/Library/Developer/Xcode/DerivedData/ModuleCache.noindex/Session.modulevalidation -fmodules-validate-once-per-build-session -Wnon-modular-include-in-framework-module -Werror\=non-modular-include-in-framework-module -Wno-trigraphs -Wno-missing-field-initializers -Wno-missing-prototypes -Wno-return-type -Wno-implicit-atomic-properties -Wno-objc-interface-ivars -Wno-arc-repeated-use-of-weak -Wno-missing-braces -Wparentheses -Wswitch -Wno-unused-function -Wno-unused-label -Wno-unused-parameter -Wno-unused-variable -Wunused-value -Wno-empty-body -Wno-uninitialized -Wno-unknown-pragmas -w -Wno-shadow -Wno-four-char-constants -Wno-conversion -Wno-constant-conversion -Wno-int-conversion -Wno-bool-conversion -Wno-enum-conversion -Wno-float-conversion -Wno-non-literal-null-conversion -Wno-objc-literal-conversion -Wshorten-64-to-32 -Wpointer-sign -Wno-newline-eof -Wno-selector -Wno-strict-selector-match -Wno-undeclared-selector -Wno-deprecated-implementations -Wno-implicit-fallthrough -isysroot /Applications/Xcode.app/Contents/Developer/Platforms/MacOSX.platform/Developer/SDKs/MacOSX27.0.sdk -fstrict-aliasing -Wprotocol -Wdeprecated-declarations -Wno-sign-conversion -Wno-infinite-recursion -Wno-comma -Wno-block-capture-autoreleasing -Wno-strict-prototypes -Wno-semicolon-before-method-body -index-store-path /Users/buddhirajgautam/Library/Developer/Xcode/DerivedData/Telegram-Mac-fygdgghdgmuleoelvxabfmqiotta/Index.noindex/DataStore @/Users/buddhirajgautam/Library/Developer/Xcode/DerivedData/Telegram-Mac-fygdgghdgmuleoelvxabfmqiotta/Build/Intermediates.noindex/Firebase.build/Debug/FirebaseCrashlytics-t.build/Objects-normal/arm64/e6072d4f65d7061329687fe24e3d63a7-common-args.resp -MMD -MT dependencies -MF /Users/buddhirajgautam/Library/Developer/Xcode/DerivedData/Telegram-Mac-fygdgghdgmuleoelvxabfmqiotta/Build/Intermediates.noindex/Firebase.build/Debug/FirebaseCrashlytics-t.build/Objects-normal/arm64/FIRCLSMachOSlice.d --serialize-diagnostics /Users/buddhirajgautam/Library/Developer/Xcode/DerivedData/Telegram-Mac-fygdgghdgmuleoelvxabfmqiotta/Build/Intermediates.noindex/Firebase.build/Debug/FirebaseCrashlytics-t.build/Objects-normal/arm64/FIRCLSMachOSlice.dia -c /Users/buddhirajgautam/Library/Developer/Xcode/DerivedData/Telegram-Mac-fygdgghdgmuleoelvxabfmqiotta/SourcePackages/checkouts/firebase-ios-sdk/Crashlytics/Shared/FIRCLSMachO/FIRCLSMachOSlice.m -o /Users/buddhirajgautam/Library/Developer/Xcode/DerivedData/Telegram-Mac-fygdgghdgmuleoelvxabfmqiotta/Build/Intermediates.noindex/Firebase.build/Debug/FirebaseCrashlytics-t.build/Objects-normal/arm64/FIRCLSMachOSlice.o -index-unit-output-path /Firebase.build/Debug/FirebaseCrashlytics-t.build/Objects-normal/arm64/FIRCLSMachOSlice.o

ScanDependencies /Users/buddhirajgautam/Library/Developer/Xcode/DerivedData/Telegram-Mac-fygdgghdgmuleoelvxabfmqiotta/Build/Intermediates.noindex/Firebase.build/Debug/FirebaseCrashlytics-t.build/Objects-normal/arm64/FIRCLSMachOBinary.o /Users/buddhirajgautam/Library/Developer/Xcode/DerivedData/Telegram-Mac-fygdgghdgmuleoelvxabfmqiotta/SourcePackages/checkouts/firebase-ios-sdk/Crashlytics/Shared/FIRCLSMachO/FIRCLSMachOBinary.m normal arm64 objective-c com.apple.compilers.llvm.clang.1_0.compiler (in target 'FirebaseCrashlytics' from project 'Firebase')
    cd /Users/buddhirajgautam/Documents/Cherrygram-Mac/macOS-Swift
    
    Using response file: /Users/buddhirajgautam/Library/Developer/Xcode/DerivedData/Telegram-Mac-fygdgghdgmuleoelvxabfmqiotta/Build/Intermediates.noindex/Firebase.build/Debug/FirebaseCrashlytics-t.build/Objects-normal/arm64/e6072d4f65d7061329687fe24e3d63a7-common-args.resp
    
    builtin-ScanDependencies -o /Users/buddhirajgautam/Library/Developer/Xcode/DerivedData/Telegram-Mac-fygdgghdgmuleoelvxabfmqiotta/Build/Intermediates.noindex/Firebase.build/Debug/FirebaseCrashlytics-t.build/Objects-normal/arm64/FIRCLSMachOBinary.o.scan -- /Applications/Xcode.app/Contents/Developer/Toolchains/XcodeDefault.xctoolchain/usr/bin/clang -x objective-c -ivfsstatcache /Users/buddhirajgautam/Library/Developer/Xcode/DerivedData/SDKStatCaches.noindex/macosx27.0-26A425-e829b21a6f8c9b70876ba0858053c0447231f6df4def33e022ae2eb8f782df1a.sdkstatcache -target arm64-apple-macos12.0 -fmessage-length\=0 -fdiagnostics-show-note-include-stack -fmacro-backtrace-limit\=0 -fno-color-diagnostics -fmodules-prune-interval\=86400 -fmodules-prune-after\=345600 -fbuild-session-file\=/Users/buddhirajgautam/Library/Developer/Xcode/DerivedData/ModuleCache.noindex/Session.modulevalidation -fmodules-validate-once-per-build-session -Wnon-modular-include-in-framework-module -Werror\=non-modular-include-in-framework-module -Wno-trigraphs -Wno-missing-field-initializers -Wno-missing-prototypes -Wno-return-type -Wno-implicit-atomic-properties -Wno-objc-interface-ivars -Wno-arc-repeated-use-of-weak -Wno-missing-braces -Wparentheses -Wswitch -Wno-unused-function -Wno-unused-label -Wno-unused-parameter -Wno-unused-variable -Wunused-value -Wno-empty-body -Wno-uninitialized -Wno-unknown-pragmas -w -Wno-shadow -Wno-four-char-constants -Wno-conversion -Wno-constant-conversion -Wno-int-conversion -Wno-bool-conversion -Wno-enum-conversion -Wno-float-conversion -Wno-non-literal-null-conversion -Wno-objc-literal-conversion -Wshorten-64-to-32 -Wpointer-sign -Wno-newline-eof -Wno-selector -Wno-strict-selector-match -Wno-undeclared-selector -Wno-deprecated-implementations -Wno-implicit-fallthrough -isysroot /Applications/Xcode.app/Contents/Developer/Platforms/MacOSX.platform/Developer/SDKs/MacOSX27.0.sdk -fstrict-aliasing -Wprotocol -Wdeprecated-declarations -Wno-sign-conversion -Wno-infinite-recursion -Wno-comma -Wno-block-capture-autoreleasing -Wno-strict-prototypes -Wno-semicolon-before-method-body -index-store-path /Users/buddhirajgautam/Library/Developer/Xcode/DerivedData/Telegram-Mac-fygdgghdgmuleoelvxabfmqiotta/Index.noindex/DataStore @/Users/buddhirajgautam/Library/Developer/Xcode/DerivedData/Telegram-Mac-fygdgghdgmuleoelvxabfmqiotta/Build/Intermediates.noindex/Firebase.build/Debug/FirebaseCrashlytics-t.build/Objects-normal/arm64/e6072d4f65d7061329687fe24e3d63a7-common-args.resp -MMD -MT dependencies -MF /Users/buddhirajgautam/Library/Developer/Xcode/DerivedData/Telegram-Mac-fygdgghdgmuleoelvxabfmqiotta/Build/Intermediates.noindex/Firebase.build/Debug/FirebaseCrashlytics-t.build/Objects-normal/arm64/FIRCLSMachOBinary.d --serialize-diagnostics /Users/buddhirajgautam/Library/Developer/Xcode/DerivedData/Telegram-Mac-fygdgghdgmuleoelvxabfmqiotta/Build/Intermediates.noindex/Firebase.build/Debug/FirebaseCrashlytics-t.build/Objects-normal/arm64/FIRCLSMachOBinary.dia -c /Users/buddhirajgautam/Library/Developer/Xcode/DerivedData/Telegram-Mac-fygdgghdgmuleoelvxabfmqiotta/SourcePackages/checkouts/firebase-ios-sdk/Crashlytics/Shared/FIRCLSMachO/FIRCLSMachOBinary.m -o /Users/buddhirajgautam/Library/Developer/Xcode/DerivedData/Telegram-Mac-fygdgghdgmuleoelvxabfmqiotta/Build/Intermediates.noindex/Firebase.build/Debug/FirebaseCrashlytics-t.build/Objects-normal/arm64/FIRCLSMachOBinary.o -index-unit-output-path /Firebase.build/Debug/FirebaseCrashlytics-t.build/Objects-normal/arm64/FIRCLSMachOBinary.o

ScanDependencies /Users/buddhirajgautam/Library/Developer/Xcode/DerivedData/Telegram-Mac-fygdgghdgmuleoelvxabfmqiotta/Build/Intermediates.noindex/Firebase.build/Debug/FirebaseCrashlytics-t.build/Objects-normal/arm64/FIRCLSMachO.o /Users/buddhirajgautam/Library/Developer/Xcode/DerivedData/Telegram-Mac-fygdgghdgmuleoelvxabfmqiotta/SourcePackages/checkouts/firebase-ios-sdk/Crashlytics/Shared/FIRCLSMachO/FIRCLSMachO.m normal arm64 objective-c com.apple.compilers.llvm.clang.1_0.compiler (in target 'FirebaseCrashlytics' from project 'Firebase')
    cd /Users/buddhirajgautam/Documents/Cherrygram-Mac/macOS-Swift
    
    Using response file: /Users/buddhirajgautam/Library/Developer/Xcode/DerivedData/Telegram-Mac-fygdgghdgmuleoelvxabfmqiotta/Build/Intermediates.noindex/Firebase.build/Debug/FirebaseCrashlytics-t.build/Objects-normal/arm64/e6072d4f65d7061329687fe24e3d63a7-common-args.resp
    
    builtin-ScanDependencies -o /Users/buddhirajgautam/Library/Developer/Xcode/DerivedData/Telegram-Mac-fygdgghdgmuleoelvxabfmqiotta/Build/Intermediates.noindex/Firebase.build/Debug/FirebaseCrashlytics-t.build/Objects-normal/arm64/FIRCLSMachO.o.scan -- /Applications/Xcode.app/Contents/Developer/Toolchains/XcodeDefault.xctoolchain/usr/bin/clang -x objective-c -ivfsstatcache /Users/buddhirajgautam/Library/Developer/Xcode/DerivedData/SDKStatCaches.noindex/macosx27.0-26A425-e829b21a6f8c9b70876ba0858053c0447231f6df4def33e022ae2eb8f782df1a.sdkstatcache -target arm64-apple-macos12.0 -fmessage-length\=0 -fdiagnostics-show-note-include-stack -fmacro-backtrace-limit\=0 -fno-color-diagnostics -fmodules-prune-interval\=86400 -fmodules-prune-after\=345600 -fbuild-session-file\=/Users/buddhirajgautam/Library/Developer/Xcode/DerivedData/ModuleCache.noindex/Session.modulevalidation -fmodules-validate-once-per-build-session -Wnon-modular-include-in-framework-module -Werror\=non-modular-include-in-framework-module -Wno-trigraphs -Wno-missing-field-initializers -Wno-missing-prototypes -Wno-return-type -Wno-implicit-atomic-properties -Wno-objc-interface-ivars -Wno-arc-repeated-use-of-weak -Wno-missing-braces -Wparentheses -Wswitch -Wno-unused-function -Wno-unused-label -Wno-unused-parameter -Wno-unused-variable -Wunused-value -Wno-empty-body -Wno-uninitialized -Wno-unknown-pragmas -w -Wno-shadow -Wno-four-char-constants -Wno-conversion -Wno-constant-conversion -Wno-int-conversion -Wno-bool-conversion -Wno-enum-conversion -Wno-float-conversion -Wno-non-literal-null-conversion -Wno-objc-literal-conversion -Wshorten-64-to-32 -Wpointer-sign -Wno-newline-eof -Wno-selector -Wno-strict-selector-match -Wno-undeclared-selector -Wno-deprecated-implementations -Wno-implicit-fallthrough -isysroot /Applications/Xcode.app/Contents/Developer/Platforms/MacOSX.platform/Developer/SDKs/MacOSX27.0.sdk -fstrict-aliasing -Wprotocol -Wdeprecated-declarations -Wno-sign-conversion -Wno-infinite-recursion -Wno-comma -Wno-block-capture-autoreleasing -Wno-strict-prototypes -Wno-semicolon-before-method-body -index-store-path /Users/buddhirajgautam/Library/Developer/Xcode/DerivedData/Telegram-Mac-fygdgghdgmuleoelvxabfmqiotta/Index.noindex/DataStore @/Users/buddhirajgautam/Library/Developer/Xcode/DerivedData/Telegram-Mac-fygdgghdgmuleoelvxabfmqiotta/Build/Intermediates.noindex/Firebase.build/Debug/FirebaseCrashlytics-t.build/Objects-normal/arm64/e6072d4f65d7061329687fe24e3d63a7-common-args.resp -MMD -MT dependencies -MF /Users/buddhirajgautam/Library/Developer/Xcode/DerivedData/Telegram-Mac-fygdgghdgmuleoelvxabfmqiotta/Build/Intermediates.noindex/Firebase.build/Debug/FirebaseCrashlytics-t.build/Objects-normal/arm64/FIRCLSMachO.d --serialize-diagnostics /Users/buddhirajgautam/Library/Developer/Xcode/DerivedData/Telegram-Mac-fygdgghdgmuleoelvxabfmqiotta/Build/Intermediates.noindex/Firebase.build/Debug/FirebaseCrashlytics-t.build/Objects-normal/arm64/FIRCLSMachO.dia -c /Users/buddhirajgautam/Library/Developer/Xcode/DerivedData/Telegram-Mac-fygdgghdgmuleoelvxabfmqiotta/SourcePackages/checkouts/firebase-ios-sdk/Crashlytics/Shared/FIRCLSMachO/FIRCLSMachO.m -o /Users/buddhirajgautam/Library/Developer/Xcode/DerivedData/Telegram-Mac-fygdgghdgmuleoelvxabfmqiotta/Build/Intermediates.noindex/Firebase.build/Debug/FirebaseCrashlytics-t.build/Objects-normal/arm64/FIRCLSMachO.o -index-unit-output-path /Firebase.build/Debug/FirebaseCrashlytics-t.build/Objects-normal/arm64/FIRCLSMachO.o

ScanDependencies /Users/buddhirajgautam/Library/Developer/Xcode/DerivedData/Telegram-Mac-fygdgghdgmuleoelvxabfmqiotta/Build/Intermediates.noindex/Firebase.build/Debug/FirebaseCrashlytics-t.build/Objects-normal/arm64/FIRCLSMachException.o /Users/buddhirajgautam/Library/Developer/Xcode/DerivedData/Telegram-Mac-fygdgghdgmuleoelvxabfmqiotta/SourcePackages/checkouts/firebase-ios-sdk/Crashlytics/Crashlytics/Handlers/FIRCLSMachException.c normal arm64 c com.apple.compilers.llvm.clang.1_0.compiler (in target 'FirebaseCrashlytics' from project 'Firebase')
    cd /Users/buddhirajgautam/Documents/Cherrygram-Mac/macOS-Swift
    
    Using response file: /Users/buddhirajgautam/Library/Developer/Xcode/DerivedData/Telegram-Mac-fygdgghdgmuleoelvxabfmqiotta/Build/Intermediates.noindex/Firebase.build/Debug/FirebaseCrashlytics-t.build/Objects-normal/arm64/7187679823f38a2a940e0043cdf9d637-common-args.resp
    
    builtin-ScanDependencies -o /Users/buddhirajgautam/Library/Developer/Xcode/DerivedData/Telegram-Mac-fygdgghdgmuleoelvxabfmqiotta/Build/Intermediates.noindex/Firebase.build/Debug/FirebaseCrashlytics-t.build/Objects-normal/arm64/FIRCLSMachException.o.scan -- /Applications/Xcode.app/Contents/Developer/Toolchains/XcodeDefault.xctoolchain/usr/bin/clang -x c -ivfsstatcache /Users/buddhirajgautam/Library/Developer/Xcode/DerivedData/SDKStatCaches.noindex/macosx27.0-26A425-e829b21a6f8c9b70876ba0858053c0447231f6df4def33e022ae2eb8f782df1a.sdkstatcache -target arm64-apple-macos12.0 -fmessage-length\=0 -fdiagnostics-show-note-include-stack -fmacro-backtrace-limit\=0 -fno-color-diagnostics -fmodules-prune-interval\=86400 -fmodules-prune-after\=345600 -fbuild-session-file\=/Users/buddhirajgautam/Library/Developer/Xcode/DerivedData/ModuleCache.noindex/Session.modulevalidation -fmodules-validate-once-per-build-session -Wnon-modular-include-in-framework-module -Werror\=non-modular-include-in-framework-module -Wno-trigraphs -Wno-missing-field-initializers -Wno-missing-prototypes -Wno-return-type -Wno-missing-braces -Wparentheses -Wswitch -Wno-unused-function -Wno-unused-label -Wno-unused-parameter -Wno-unused-variable -Wunused-value -Wno-empty-body -Wno-uninitialized -Wno-unknown-pragmas -w -Wno-shadow -Wno-four-char-constants -Wno-conversion -Wno-constant-conversion -Wno-int-conversion -Wno-bool-conversion -Wno-enum-conversion -Wno-float-conversion -Wno-non-literal-null-conversion -Wno-objc-literal-conversion -Wshorten-64-to-32 -Wpointer-sign -Wno-newline-eof -Wno-implicit-fallthrough -isysroot /Applications/Xcode.app/Contents/Developer/Platforms/MacOSX.platform/Developer/SDKs/MacOSX27.0.sdk -fstrict-aliasing -Wdeprecated-declarations -Wno-sign-conversion -Wno-infinite-recursion -Wno-comma -Wno-block-capture-autoreleasing -Wno-strict-prototypes -Wno-semicolon-before-method-body -index-store-path /Users/buddhirajgautam/Library/Developer/Xcode/DerivedData/Telegram-Mac-fygdgghdgmuleoelvxabfmqiotta/Index.noindex/DataStore @/Users/buddhirajgautam/Library/Developer/Xcode/DerivedData/Telegram-Mac-fygdgghdgmuleoelvxabfmqiotta/Build/Intermediates.noindex/Firebase.build/Debug/FirebaseCrashlytics-t.build/Objects-normal/arm64/7187679823f38a2a940e0043cdf9d637-common-args.resp -MMD -MT dependencies -MF /Users/buddhirajgautam/Library/Developer/Xcode/DerivedData/Telegram-Mac-fygdgghdgmuleoelvxabfmqiotta/Build/Intermediates.noindex/Firebase.build/Debug/FirebaseCrashlytics-t.build/Objects-normal/arm64/FIRCLSMachException.d --serialize-diagnostics /Users/buddhirajgautam/Library/Developer/Xcode/DerivedData/Telegram-Mac-fygdgghdgmuleoelvxabfmqiotta/Build/Intermediates.noindex/Firebase.build/Debug/FirebaseCrashlytics-t.build/Objects-normal/arm64/FIRCLSMachException.dia -c /Users/buddhirajgautam/Library/Developer/Xcode/DerivedData/Telegram-Mac-fygdgghdgmuleoelvxabfmqiotta/SourcePackages/checkouts/firebase-ios-sdk/Crashlytics/Crashlytics/Handlers/FIRCLSMachException.c -o /Users/buddhirajgautam/Library/Developer/Xcode/DerivedData/Telegram-Mac-fygdgghdgmuleoelvxabfmqiotta/Build/Intermediates.noindex/Firebase.build/Debug/FirebaseCrashlytics-t.build/Objects-normal/arm64/FIRCLSMachException.o -index-unit-output-path /Firebase.build/Debug/FirebaseCrashlytics-t.build/Objects-normal/arm64/FIRCLSMachException.o

ScanDependencies /Users/buddhirajgautam/Library/Developer/Xcode/DerivedData/Telegram-Mac-fygdgghdgmuleoelvxabfmqiotta/Build/Intermediates.noindex/Firebase.build/Debug/FirebaseCrashlytics-t.build/Objects-normal/arm64/FIRCLSLogger.o /Users/buddhirajgautam/Library/Developer/Xcode/DerivedData/Telegram-Mac-fygdgghdgmuleoelvxabfmqiotta/SourcePackages/checkouts/firebase-ios-sdk/Crashlytics/Crashlytics/Helpers/FIRCLSLogger.m normal arm64 objective-c com.apple.compilers.llvm.clang.1_0.compiler (in target 'FirebaseCrashlytics' from project 'Firebase')
    cd /Users/buddhirajgautam/Documents/Cherrygram-Mac/macOS-Swift
    
    Using response file: /Users/buddhirajgautam/Library/Developer/Xcode/DerivedData/Telegram-Mac-fygdgghdgmuleoelvxabfmqiotta/Build/Intermediates.noindex/Firebase.build/Debug/FirebaseCrashlytics-t.build/Objects-normal/arm64/e6072d4f65d7061329687fe24e3d63a7-common-args.resp
    
    builtin-ScanDependencies -o /Users/buddhirajgautam/Library/Developer/Xcode/DerivedData/Telegram-Mac-fygdgghdgmuleoelvxabfmqiotta/Build/Intermediates.noindex/Firebase.build/Debug/FirebaseCrashlytics-t.build/Objects-normal/arm64/FIRCLSLogger.o.scan -- /Applications/Xcode.app/Contents/Developer/Toolchains/XcodeDefault.xctoolchain/usr/bin/clang -x objective-c -ivfsstatcache /Users/buddhirajgautam/Library/Developer/Xcode/DerivedData/SDKStatCaches.noindex/macosx27.0-26A425-e829b21a6f8c9b70876ba0858053c0447231f6df4def33e022ae2eb8f782df1a.sdkstatcache -target arm64-apple-macos12.0 -fmessage-length\=0 -fdiagnostics-show-note-include-stack -fmacro-backtrace-limit\=0 -fno-color-diagnostics -fmodules-prune-interval\=86400 -fmodules-prune-after\=345600 -fbuild-session-file\=/Users/buddhirajgautam/Library/Developer/Xcode/DerivedData/ModuleCache.noindex/Session.modulevalidation -fmodules-validate-once-per-build-session -Wnon-modular-include-in-framework-module -Werror\=non-modular-include-in-framework-module -Wno-trigraphs -Wno-missing-field-initializers -Wno-missing-prototypes -Wno-return-type -Wno-implicit-atomic-properties -Wno-objc-interface-ivars -Wno-arc-repeated-use-of-weak -Wno-missing-braces -Wparentheses -Wswitch -Wno-unused-function -Wno-unused-label -Wno-unused-parameter -Wno-unused-variable -Wunused-value -Wno-empty-body -Wno-uninitialized -Wno-unknown-pragmas -w -Wno-shadow -Wno-four-char-constants -Wno-conversion -Wno-constant-conversion -Wno-int-conversion -Wno-bool-conversion -Wno-enum-conversion -Wno-float-conversion -Wno-non-literal-null-conversion -Wno-objc-literal-conversion -Wshorten-64-to-32 -Wpointer-sign -Wno-newline-eof -Wno-selector -Wno-strict-selector-match -Wno-undeclared-selector -Wno-deprecated-implementations -Wno-implicit-fallthrough -isysroot /Applications/Xcode.app/Contents/Developer/Platforms/MacOSX.platform/Developer/SDKs/MacOSX27.0.sdk -fstrict-aliasing -Wprotocol -Wdeprecated-declarations -Wno-sign-conversion -Wno-infinite-recursion -Wno-comma -Wno-block-capture-autoreleasing -Wno-strict-prototypes -Wno-semicolon-before-method-body -index-store-path /Users/buddhirajgautam/Library/Developer/Xcode/DerivedData/Telegram-Mac-fygdgghdgmuleoelvxabfmqiotta/Index.noindex/DataStore @/Users/buddhirajgautam/Library/Developer/Xcode/DerivedData/Telegram-Mac-fygdgghdgmuleoelvxabfmqiotta/Build/Intermediates.noindex/Firebase.build/Debug/FirebaseCrashlytics-t.build/Objects-normal/arm64/e6072d4f65d7061329687fe24e3d63a7-common-args.resp -MMD -MT dependencies -MF /Users/buddhirajgautam/Library/Developer/Xcode/DerivedData/Telegram-Mac-fygdgghdgmuleoelvxabfmqiotta/Build/Intermediates.noindex/Firebase.build/Debug/FirebaseCrashlytics-t.build/Objects-normal/arm64/FIRCLSLogger.d --serialize-diagnostics /Users/buddhirajgautam/Library/Developer/Xcode/DerivedData/Telegram-Mac-fygdgghdgmuleoelvxabfmqiotta/Build/Intermediates.noindex/Firebase.build/Debug/FirebaseCrashlytics-t.build/Objects-normal/arm64/FIRCLSLogger.dia -c /Users/buddhirajgautam/Library/Developer/Xcode/DerivedData/Telegram-Mac-fygdgghdgmuleoelvxabfmqiotta/SourcePackages/checkouts/firebase-ios-sdk/Crashlytics/Crashlytics/Helpers/FIRCLSLogger.m -o /Users/buddhirajgautam/Library/Developer/Xcode/DerivedData/Telegram-Mac-fygdgghdgmuleoelvxabfmqiotta/Build/Intermediates.noindex/Firebase.build/Debug/FirebaseCrashlytics-t.build/Objects-normal/arm64/FIRCLSLogger.o -index-unit-output-path /Firebase.build/Debug/FirebaseCrashlytics-t.build/Objects-normal/arm64/FIRCLSLogger.o

ScanDependencies /Users/buddhirajgautam/Library/Developer/Xcode/DerivedData/Telegram-Mac-fygdgghdgmuleoelvxabfmqiotta/Build/Intermediates.noindex/Firebase.build/Debug/FirebaseCrashlytics-t.build/Objects-normal/arm64/FIRCLSLaunchMarkerModel.o /Users/buddhirajgautam/Library/Developer/Xcode/DerivedData/Telegram-Mac-fygdgghdgmuleoelvxabfmqiotta/SourcePackages/checkouts/firebase-ios-sdk/Crashlytics/Crashlytics/Models/FIRCLSLaunchMarkerModel.m normal arm64 objective-c com.apple.compilers.llvm.clang.1_0.compiler (in target 'FirebaseCrashlytics' from project 'Firebase')
    cd /Users/buddhirajgautam/Documents/Cherrygram-Mac/macOS-Swift
    
    Using response file: /Users/buddhirajgautam/Library/Developer/Xcode/DerivedData/Telegram-Mac-fygdgghdgmuleoelvxabfmqiotta/Build/Intermediates.noindex/Firebase.build/Debug/FirebaseCrashlytics-t.build/Objects-normal/arm64/e6072d4f65d7061329687fe24e3d63a7-common-args.resp
    
    builtin-ScanDependencies -o /Users/buddhirajgautam/Library/Developer/Xcode/DerivedData/Telegram-Mac-fygdgghdgmuleoelvxabfmqiotta/Build/Intermediates.noindex/Firebase.build/Debug/FirebaseCrashlytics-t.build/Objects-normal/arm64/FIRCLSLaunchMarkerModel.o.scan -- /Applications/Xcode.app/Contents/Developer/Toolchains/XcodeDefault.xctoolchain/usr/bin/clang -x objective-c -ivfsstatcache /Users/buddhirajgautam/Library/Developer/Xcode/DerivedData/SDKStatCaches.noindex/macosx27.0-26A425-e829b21a6f8c9b70876ba0858053c0447231f6df4def33e022ae2eb8f782df1a.sdkstatcache -target arm64-apple-macos12.0 -fmessage-length\=0 -fdiagnostics-show-note-include-stack -fmacro-backtrace-limit\=0 -fno-color-diagnostics -fmodules-prune-interval\=86400 -fmodules-prune-after\=345600 -fbuild-session-file\=/Users/buddhirajgautam/Library/Developer/Xcode/DerivedData/ModuleCache.noindex/Session.modulevalidation -fmodules-validate-once-per-build-session -Wnon-modular-include-in-framework-module -Werror\=non-modular-include-in-framework-module -Wno-trigraphs -Wno-missing-field-initializers -Wno-missing-prototypes -Wno-return-type -Wno-implicit-atomic-properties -Wno-objc-interface-ivars -Wno-arc-repeated-use-of-weak -Wno-missing-braces -Wparentheses -Wswitch -Wno-unused-function -Wno-unused-label -Wno-unused-parameter -Wno-unused-variable -Wunused-value -Wno-empty-body -Wno-uninitialized -Wno-unknown-pragmas -w -Wno-shadow -Wno-four-char-constants -Wno-conversion -Wno-constant-conversion -Wno-int-conversion -Wno-bool-conversion -Wno-enum-conversion -Wno-float-conversion -Wno-non-literal-null-conversion -Wno-objc-literal-conversion -Wshorten-64-to-32 -Wpointer-sign -Wno-newline-eof -Wno-selector -Wno-strict-selector-match -Wno-undeclared-selector -Wno-deprecated-implementations -Wno-implicit-fallthrough -isysroot /Applications/Xcode.app/Contents/Developer/Platforms/MacOSX.platform/Developer/SDKs/MacOSX27.0.sdk -fstrict-aliasing -Wprotocol -Wdeprecated-declarations -Wno-sign-conversion -Wno-infinite-recursion -Wno-comma -Wno-block-capture-autoreleasing -Wno-strict-prototypes -Wno-semicolon-before-method-body -index-store-path /Users/buddhirajgautam/Library/Developer/Xcode/DerivedData/Telegram-Mac-fygdgghdgmuleoelvxabfmqiotta/Index.noindex/DataStore @/Users/buddhirajgautam/Library/Developer/Xcode/DerivedData/Telegram-Mac-fygdgghdgmuleoelvxabfmqiotta/Build/Intermediates.noindex/Firebase.build/Debug/FirebaseCrashlytics-t.build/Objects-normal/arm64/e6072d4f65d7061329687fe24e3d63a7-common-args.resp -MMD -MT dependencies -MF /Users/buddhirajgautam/Library/Developer/Xcode/DerivedData/Telegram-Mac-fygdgghdgmuleoelvxabfmqiotta/Build/Intermediates.noindex/Firebase.build/Debug/FirebaseCrashlytics-t.build/Objects-normal/arm64/FIRCLSLaunchMarkerModel.d --serialize-diagnostics /Users/buddhirajgautam/Library/Developer/Xcode/DerivedData/Telegram-Mac-fygdgghdgmuleoelvxabfmqiotta/Build/Intermediates.noindex/Firebase.build/Debug/FirebaseCrashlytics-t.build/Objects-normal/arm64/FIRCLSLaunchMarkerModel.dia -c /Users/buddhirajgautam/Library/Developer/Xcode/DerivedData/Telegram-Mac-fygdgghdgmuleoelvxabfmqiotta/SourcePackages/checkouts/firebase-ios-sdk/Crashlytics/Crashlytics/Models/FIRCLSLaunchMarkerModel.m -o /Users/buddhirajgautam/Library/Developer/Xcode/DerivedData/Telegram-Mac-fygdgghdgmuleoelvxabfmqiotta/Build/Intermediates.noindex/Firebase.build/Debug/FirebaseCrashlytics-t.build/Objects-normal/arm64/FIRCLSLaunchMarkerModel.o -index-unit-output-path /Firebase.build/Debug/FirebaseCrashlytics-t.build/Objects-normal/arm64/FIRCLSLaunchMarkerModel.o

ScanDependencies /Users/buddhirajgautam/Library/Developer/Xcode/DerivedData/Telegram-Mac-fygdgghdgmuleoelvxabfmqiotta/Build/Intermediates.noindex/Firebase.build/Debug/FirebaseCrashlytics-t.build/Objects-normal/arm64/FIRCLSInternalReport.o /Users/buddhirajgautam/Library/Developer/Xcode/DerivedData/Telegram-Mac-fygdgghdgmuleoelvxabfmqiotta/SourcePackages/checkouts/firebase-ios-sdk/Crashlytics/Crashlytics/Models/FIRCLSInternalReport.m normal arm64 objective-c com.apple.compilers.llvm.clang.1_0.compiler (in target 'FirebaseCrashlytics' from project 'Firebase')
    cd /Users/buddhirajgautam/Documents/Cherrygram-Mac/macOS-Swift
    
    Using response file: /Users/buddhirajgautam/Library/Developer/Xcode/DerivedData/Telegram-Mac-fygdgghdgmuleoelvxabfmqiotta/Build/Intermediates.noindex/Firebase.build/Debug/FirebaseCrashlytics-t.build/Objects-normal/arm64/e6072d4f65d7061329687fe24e3d63a7-common-args.resp
    
    builtin-ScanDependencies -o /Users/buddhirajgautam/Library/Developer/Xcode/DerivedData/Telegram-Mac-fygdgghdgmuleoelvxabfmqiotta/Build/Intermediates.noindex/Firebase.build/Debug/FirebaseCrashlytics-t.build/Objects-normal/arm64/FIRCLSInternalReport.o.scan -- /Applications/Xcode.app/Contents/Developer/Toolchains/XcodeDefault.xctoolchain/usr/bin/clang -x objective-c -ivfsstatcache /Users/buddhirajgautam/Library/Developer/Xcode/DerivedData/SDKStatCaches.noindex/macosx27.0-26A425-e829b21a6f8c9b70876ba0858053c0447231f6df4def33e022ae2eb8f782df1a.sdkstatcache -target arm64-apple-macos12.0 -fmessage-length\=0 -fdiagnostics-show-note-include-stack -fmacro-backtrace-limit\=0 -fno-color-diagnostics -fmodules-prune-interval\=86400 -fmodules-prune-after\=345600 -fbuild-session-file\=/Users/buddhirajgautam/Library/Developer/Xcode/DerivedData/ModuleCache.noindex/Session.modulevalidation -fmodules-validate-once-per-build-session -Wnon-modular-include-in-framework-module -Werror\=non-modular-include-in-framework-module -Wno-trigraphs -Wno-missing-field-initializers -Wno-missing-prototypes -Wno-return-type -Wno-implicit-atomic-properties -Wno-objc-interface-ivars -Wno-arc-repeated-use-of-weak -Wno-missing-braces -Wparentheses -Wswitch -Wno-unused-function -Wno-unused-label -Wno-unused-parameter -Wno-unused-variable -Wunused-value -Wno-empty-body -Wno-uninitialized -Wno-unknown-pragmas -w -Wno-shadow -Wno-four-char-constants -Wno-conversion -Wno-constant-conversion -Wno-int-conversion -Wno-bool-conversion -Wno-enum-conversion -Wno-float-conversion -Wno-non-literal-null-conversion -Wno-objc-literal-conversion -Wshorten-64-to-32 -Wpointer-sign -Wno-newline-eof -Wno-selector -Wno-strict-selector-match -Wno-undeclared-selector -Wno-deprecated-implementations -Wno-implicit-fallthrough -isysroot /Applications/Xcode.app/Contents/Developer/Platforms/MacOSX.platform/Developer/SDKs/MacOSX27.0.sdk -fstrict-aliasing -Wprotocol -Wdeprecated-declarations -Wno-sign-conversion -Wno-infinite-recursion -Wno-comma -Wno-block-capture-autoreleasing -Wno-strict-prototypes -Wno-semicolon-before-method-body -index-store-path /Users/buddhirajgautam/Library/Developer/Xcode/DerivedData/Telegram-Mac-fygdgghdgmuleoelvxabfmqiotta/Index.noindex/DataStore @/Users/buddhirajgautam/Library/Developer/Xcode/DerivedData/Telegram-Mac-fygdgghdgmuleoelvxabfmqiotta/Build/Intermediates.noindex/Firebase.build/Debug/FirebaseCrashlytics-t.build/Objects-normal/arm64/e6072d4f65d7061329687fe24e3d63a7-common-args.resp -MMD -MT dependencies -MF /Users/buddhirajgautam/Library/Developer/Xcode/DerivedData/Telegram-Mac-fygdgghdgmuleoelvxabfmqiotta/Build/Intermediates.noindex/Firebase.build/Debug/FirebaseCrashlytics-t.build/Objects-normal/arm64/FIRCLSInternalReport.d --serialize-diagnostics /Users/buddhirajgautam/Library/Developer/Xcode/DerivedData/Telegram-Mac-fygdgghdgmuleoelvxabfmqiotta/Build/Intermediates.noindex/Firebase.build/Debug/FirebaseCrashlytics-t.build/Objects-normal/arm64/FIRCLSInternalReport.dia -c /Users/buddhirajgautam/Library/Developer/Xcode/DerivedData/Telegram-Mac-fygdgghdgmuleoelvxabfmqiotta/SourcePackages/checkouts/firebase-ios-sdk/Crashlytics/Crashlytics/Models/FIRCLSInternalReport.m -o /Users/buddhirajgautam/Library/Developer/Xcode/DerivedData/Telegram-Mac-fygdgghdgmuleoelvxabfmqiotta/Build/Intermediates.noindex/Firebase.build/Debug/FirebaseCrashlytics-t.build/Objects-normal/arm64/FIRCLSInternalReport.o -index-unit-output-path /Firebase.build/Debug/FirebaseCrashlytics-t.build/Objects-normal/arm64/FIRCLSInternalReport.o

ScanDependencies /Users/buddhirajgautam/Library/Developer/Xcode/DerivedData/Telegram-Mac-fygdgghdgmuleoelvxabfmqiotta/Build/Intermediates.noindex/Firebase.build/Debug/FirebaseCrashlytics-t.build/Objects-normal/arm64/FIRCLSInternalLogging.o /Users/buddhirajgautam/Library/Developer/Xcode/DerivedData/Telegram-Mac-fygdgghdgmuleoelvxabfmqiotta/SourcePackages/checkouts/firebase-ios-sdk/Crashlytics/Crashlytics/Helpers/FIRCLSInternalLogging.c normal arm64 c com.apple.compilers.llvm.clang.1_0.compiler (in target 'FirebaseCrashlytics' from project 'Firebase')
    cd /Users/buddhirajgautam/Documents/Cherrygram-Mac/macOS-Swift
    
    Using response file: /Users/buddhirajgautam/Library/Developer/Xcode/DerivedData/Telegram-Mac-fygdgghdgmuleoelvxabfmqiotta/Build/Intermediates.noindex/Firebase.build/Debug/FirebaseCrashlytics-t.build/Objects-normal/arm64/7187679823f38a2a940e0043cdf9d637-common-args.resp
    
    builtin-ScanDependencies -o /Users/buddhirajgautam/Library/Developer/Xcode/DerivedData/Telegram-Mac-fygdgghdgmuleoelvxabfmqiotta/Build/Intermediates.noindex/Firebase.build/Debug/FirebaseCrashlytics-t.build/Objects-normal/arm64/FIRCLSInternalLogging.o.scan -- /Applications/Xcode.app/Contents/Developer/Toolchains/XcodeDefault.xctoolchain/usr/bin/clang -x c -ivfsstatcache /Users/buddhirajgautam/Library/Developer/Xcode/DerivedData/SDKStatCaches.noindex/macosx27.0-26A425-e829b21a6f8c9b70876ba0858053c0447231f6df4def33e022ae2eb8f782df1a.sdkstatcache -target arm64-apple-macos12.0 -fmessage-length\=0 -fdiagnostics-show-note-include-stack -fmacro-backtrace-limit\=0 -fno-color-diagnostics -fmodules-prune-interval\=86400 -fmodules-prune-after\=345600 -fbuild-session-file\=/Users/buddhirajgautam/Library/Developer/Xcode/DerivedData/ModuleCache.noindex/Session.modulevalidation -fmodules-validate-once-per-build-session -Wnon-modular-include-in-framework-module -Werror\=non-modular-include-in-framework-module -Wno-trigraphs -Wno-missing-field-initializers -Wno-missing-prototypes -Wno-return-type -Wno-missing-braces -Wparentheses -Wswitch -Wno-unused-function -Wno-unused-label -Wno-unused-parameter -Wno-unused-variable -Wunused-value -Wno-empty-body -Wno-uninitialized -Wno-unknown-pragmas -w -Wno-shadow -Wno-four-char-constants -Wno-conversion -Wno-constant-conversion -Wno-int-conversion -Wno-bool-conversion -Wno-enum-conversion -Wno-float-conversion -Wno-non-literal-null-conversion -Wno-objc-literal-conversion -Wshorten-64-to-32 -Wpointer-sign -Wno-newline-eof -Wno-implicit-fallthrough -isysroot /Applications/Xcode.app/Contents/Developer/Platforms/MacOSX.platform/Developer/SDKs/MacOSX27.0.sdk -fstrict-aliasing -Wdeprecated-declarations -Wno-sign-conversion -Wno-infinite-recursion -Wno-comma -Wno-block-capture-autoreleasing -Wno-strict-prototypes -Wno-semicolon-before-method-body -index-store-path /Users/buddhirajgautam/Library/Developer/Xcode/DerivedData/Telegram-Mac-fygdgghdgmuleoelvxabfmqiotta/Index.noindex/DataStore @/Users/buddhirajgautam/Library/Developer/Xcode/DerivedData/Telegram-Mac-fygdgghdgmuleoelvxabfmqiotta/Build/Intermediates.noindex/Firebase.build/Debug/FirebaseCrashlytics-t.build/Objects-normal/arm64/7187679823f38a2a940e0043cdf9d637-common-args.resp -MMD -MT dependencies -MF /Users/buddhirajgautam/Library/Developer/Xcode/DerivedData/Telegram-Mac-fygdgghdgmuleoelvxabfmqiotta/Build/Intermediates.noindex/Firebase.build/Debug/FirebaseCrashlytics-t.build/Objects-normal/arm64/FIRCLSInternalLogging.d --serialize-diagnostics /Users/buddhirajgautam/Library/Developer/Xcode/DerivedData/Telegram-Mac-fygdgghdgmuleoelvxabfmqiotta/Build/Intermediates.noindex/Firebase.build/Debug/FirebaseCrashlytics-t.build/Objects-normal/arm64/FIRCLSInternalLogging.dia -c /Users/buddhirajgautam/Library/Developer/Xcode/DerivedData/Telegram-Mac-fygdgghdgmuleoelvxabfmqiotta/SourcePackages/checkouts/firebase-ios-sdk/Crashlytics/Crashlytics/Helpers/FIRCLSInternalLogging.c -o /Users/buddhirajgautam/Library/Developer/Xcode/DerivedData/Telegram-Mac-fygdgghdgmuleoelvxabfmqiotta/Build/Intermediates.noindex/Firebase.build/Debug/FirebaseCrashlytics-t.build/Objects-normal/arm64/FIRCLSInternalLogging.o -index-unit-output-path /Firebase.build/Debug/FirebaseCrashlytics-t.build/Objects-normal/arm64/FIRCLSInternalLogging.o

ScanDependencies /Users/buddhirajgautam/Library/Developer/Xcode/DerivedData/Telegram-Mac-fygdgghdgmuleoelvxabfmqiotta/Build/Intermediates.noindex/Firebase.build/Debug/FirebaseCrashlytics-t.build/Objects-normal/arm64/FIRCLSInstallIdentifierModel.o /Users/buddhirajgautam/Library/Developer/Xcode/DerivedData/Telegram-Mac-fygdgghdgmuleoelvxabfmqiotta/SourcePackages/checkouts/firebase-ios-sdk/Crashlytics/Crashlytics/Models/FIRCLSInstallIdentifierModel.m normal arm64 objective-c com.apple.compilers.llvm.clang.1_0.compiler (in target 'FirebaseCrashlytics' from project 'Firebase')
    cd /Users/buddhirajgautam/Documents/Cherrygram-Mac/macOS-Swift
    
    Using response file: /Users/buddhirajgautam/Library/Developer/Xcode/DerivedData/Telegram-Mac-fygdgghdgmuleoelvxabfmqiotta/Build/Intermediates.noindex/Firebase.build/Debug/FirebaseCrashlytics-t.build/Objects-normal/arm64/e6072d4f65d7061329687fe24e3d63a7-common-args.resp
    
    builtin-ScanDependencies -o /Users/buddhirajgautam/Library/Developer/Xcode/DerivedData/Telegram-Mac-fygdgghdgmuleoelvxabfmqiotta/Build/Intermediates.noindex/Firebase.build/Debug/FirebaseCrashlytics-t.build/Objects-normal/arm64/FIRCLSInstallIdentifierModel.o.scan -- /Applications/Xcode.app/Contents/Developer/Toolchains/XcodeDefault.xctoolchain/usr/bin/clang -x objective-c -ivfsstatcache /Users/buddhirajgautam/Library/Developer/Xcode/DerivedData/SDKStatCaches.noindex/macosx27.0-26A425-e829b21a6f8c9b70876ba0858053c0447231f6df4def33e022ae2eb8f782df1a.sdkstatcache -target arm64-apple-macos12.0 -fmessage-length\=0 -fdiagnostics-show-note-include-stack -fmacro-backtrace-limit\=0 -fno-color-diagnostics -fmodules-prune-interval\=86400 -fmodules-prune-after\=345600 -fbuild-session-file\=/Users/buddhirajgautam/Library/Developer/Xcode/DerivedData/ModuleCache.noindex/Session.modulevalidation -fmodules-validate-once-per-build-session -Wnon-modular-include-in-framework-module -Werror\=non-modular-include-in-framework-module -Wno-trigraphs -Wno-missing-field-initializers -Wno-missing-prototypes -Wno-return-type -Wno-implicit-atomic-properties -Wno-objc-interface-ivars -Wno-arc-repeated-use-of-weak -Wno-missing-braces -Wparentheses -Wswitch -Wno-unused-function -Wno-unused-label -Wno-unused-parameter -Wno-unused-variable -Wunused-value -Wno-empty-body -Wno-uninitialized -Wno-unknown-pragmas -w -Wno-shadow -Wno-four-char-constants -Wno-conversion -Wno-constant-conversion -Wno-int-conversion -Wno-bool-conversion -Wno-enum-conversion -Wno-float-conversion -Wno-non-literal-null-conversion -Wno-objc-literal-conversion -Wshorten-64-to-32 -Wpointer-sign -Wno-newline-eof -Wno-selector -Wno-strict-selector-match -Wno-undeclared-selector -Wno-deprecated-implementations -Wno-implicit-fallthrough -isysroot /Applications/Xcode.app/Contents/Developer/Platforms/MacOSX.platform/Developer/SDKs/MacOSX27.0.sdk -fstrict-aliasing -Wprotocol -Wdeprecated-declarations -Wno-sign-conversion -Wno-infinite-recursion -Wno-comma -Wno-block-capture-autoreleasing -Wno-strict-prototypes -Wno-semicolon-before-method-body -index-store-path /Users/buddhirajgautam/Library/Developer/Xcode/DerivedData/Telegram-Mac-fygdgghdgmuleoelvxabfmqiotta/Index.noindex/DataStore @/Users/buddhirajgautam/Library/Developer/Xcode/DerivedData/Telegram-Mac-fygdgghdgmuleoelvxabfmqiotta/Build/Intermediates.noindex/Firebase.build/Debug/FirebaseCrashlytics-t.build/Objects-normal/arm64/e6072d4f65d7061329687fe24e3d63a7-common-args.resp -MMD -MT dependencies -MF /Users/buddhirajgautam/Library/Developer/Xcode/DerivedData/Telegram-Mac-fygdgghdgmuleoelvxabfmqiotta/Build/Intermediates.noindex/Firebase.build/Debug/FirebaseCrashlytics-t.build/Objects-normal/arm64/FIRCLSInstallIdentifierModel.d --serialize-diagnostics /Users/buddhirajgautam/Library/Developer/Xcode/DerivedData/Telegram-Mac-fygdgghdgmuleoelvxabfmqiotta/Build/Intermediates.noindex/Firebase.build/Debug/FirebaseCrashlytics-t.build/Objects-normal/arm64/FIRCLSInstallIdentifierModel.dia -c /Users/buddhirajgautam/Library/Developer/Xcode/DerivedData/Telegram-Mac-fygdgghdgmuleoelvxabfmqiotta/SourcePackages/checkouts/firebase-ios-sdk/Crashlytics/Crashlytics/Models/FIRCLSInstallIdentifierModel.m -o /Users/buddhirajgautam/Library/Developer/Xcode/DerivedData/Telegram-Mac-fygdgghdgmuleoelvxabfmqiotta/Build/Intermediates.noindex/Firebase.build/Debug/FirebaseCrashlytics-t.build/Objects-normal/arm64/FIRCLSInstallIdentifierModel.o -index-unit-output-path /Firebase.build/Debug/FirebaseCrashlytics-t.build/Objects-normal/arm64/FIRCLSInstallIdentifierModel.o

ScanDependencies /Users/buddhirajgautam/Library/Developer/Xcode/DerivedData/Telegram-Mac-fygdgghdgmuleoelvxabfmqiotta/Build/Intermediates.noindex/Firebase.build/Debug/FirebaseCrashlytics-t.build/Objects-normal/arm64/FIRCLSHost.o /Users/buddhirajgautam/Library/Developer/Xcode/DerivedData/Telegram-Mac-fygdgghdgmuleoelvxabfmqiotta/SourcePackages/checkouts/firebase-ios-sdk/Crashlytics/Crashlytics/Components/FIRCLSHost.m normal arm64 objective-c com.apple.compilers.llvm.clang.1_0.compiler (in target 'FirebaseCrashlytics' from project 'Firebase')
    cd /Users/buddhirajgautam/Documents/Cherrygram-Mac/macOS-Swift
    
    Using response file: /Users/buddhirajgautam/Library/Developer/Xcode/DerivedData/Telegram-Mac-fygdgghdgmuleoelvxabfmqiotta/Build/Intermediates.noindex/Firebase.build/Debug/FirebaseCrashlytics-t.build/Objects-normal/arm64/e6072d4f65d7061329687fe24e3d63a7-common-args.resp
    
    builtin-ScanDependencies -o /Users/buddhirajgautam/Library/Developer/Xcode/DerivedData/Telegram-Mac-fygdgghdgmuleoelvxabfmqiotta/Build/Intermediates.noindex/Firebase.build/Debug/FirebaseCrashlytics-t.build/Objects-normal/arm64/FIRCLSHost.o.scan -- /Applications/Xcode.app/Contents/Developer/Toolchains/XcodeDefault.xctoolchain/usr/bin/clang -x objective-c -ivfsstatcache /Users/buddhirajgautam/Library/Developer/Xcode/DerivedData/SDKStatCaches.noindex/macosx27.0-26A425-e829b21a6f8c9b70876ba0858053c0447231f6df4def33e022ae2eb8f782df1a.sdkstatcache -target arm64-apple-macos12.0 -fmessage-length\=0 -fdiagnostics-show-note-include-stack -fmacro-backtrace-limit\=0 -fno-color-diagnostics -fmodules-prune-interval\=86400 -fmodules-prune-after\=345600 -fbuild-session-file\=/Users/buddhirajgautam/Library/Developer/Xcode/DerivedData/ModuleCache.noindex/Session.modulevalidation -fmodules-validate-once-per-build-session -Wnon-modular-include-in-framework-module -Werror\=non-modular-include-in-framework-module -Wno-trigraphs -Wno-missing-field-initializers -Wno-missing-prototypes -Wno-return-type -Wno-implicit-atomic-properties -Wno-objc-interface-ivars -Wno-arc-repeated-use-of-weak -Wno-missing-braces -Wparentheses -Wswitch -Wno-unused-function -Wno-unused-label -Wno-unused-parameter -Wno-unused-variable -Wunused-value -Wno-empty-body -Wno-uninitialized -Wno-unknown-pragmas -w -Wno-shadow -Wno-four-char-constants -Wno-conversion -Wno-constant-conversion -Wno-int-conversion -Wno-bool-conversion -Wno-enum-conversion -Wno-float-conversion -Wno-non-literal-null-conversion -Wno-objc-literal-conversion -Wshorten-64-to-32 -Wpointer-sign -Wno-newline-eof -Wno-selector -Wno-strict-selector-match -Wno-undeclared-selector -Wno-deprecated-implementations -Wno-implicit-fallthrough -isysroot /Applications/Xcode.app/Contents/Developer/Platforms/MacOSX.platform/Developer/SDKs/MacOSX27.0.sdk -fstrict-aliasing -Wprotocol -Wdeprecated-declarations -Wno-sign-conversion -Wno-infinite-recursion -Wno-comma -Wno-block-capture-autoreleasing -Wno-strict-prototypes -Wno-semicolon-before-method-body -index-store-path /Users/buddhirajgautam/Library/Developer/Xcode/DerivedData/Telegram-Mac-fygdgghdgmuleoelvxabfmqiotta/Index.noindex/DataStore @/Users/buddhirajgautam/Library/Developer/Xcode/DerivedData/Telegram-Mac-fygdgghdgmuleoelvxabfmqiotta/Build/Intermediates.noindex/Firebase.build/Debug/FirebaseCrashlytics-t.build/Objects-normal/arm64/e6072d4f65d7061329687fe24e3d63a7-common-args.resp -MMD -MT dependencies -MF /Users/buddhirajgautam/Library/Developer/Xcode/DerivedData/Telegram-Mac-fygdgghdgmuleoelvxabfmqiotta/Build/Intermediates.noindex/Firebase.build/Debug/FirebaseCrashlytics-t.build/Objects-normal/arm64/FIRCLSHost.d --serialize-diagnostics /Users/buddhirajgautam/Library/Developer/Xcode/DerivedData/Telegram-Mac-fygdgghdgmuleoelvxabfmqiotta/Build/Intermediates.noindex/Firebase.build/Debug/FirebaseCrashlytics-t.build/Objects-normal/arm64/FIRCLSHost.dia -c /Users/buddhirajgautam/Library/Developer/Xcode/DerivedData/Telegram-Mac-fygdgghdgmuleoelvxabfmqiotta/SourcePackages/checkouts/firebase-ios-sdk/Crashlytics/Crashlytics/Components/FIRCLSHost.m -o /Users/buddhirajgautam/Library/Developer/Xcode/DerivedData/Telegram-Mac-fygdgghdgmuleoelvxabfmqiotta/Build/Intermediates.noindex/Firebase.build/Debug/FirebaseCrashlytics-t.build/Objects-normal/arm64/FIRCLSHost.o -index-unit-output-path /Firebase.build/Debug/FirebaseCrashlytics-t.build/Objects-normal/arm64/FIRCLSHost.o

ScanDependencies /Users/buddhirajgautam/Library/Developer/Xcode/DerivedData/Telegram-Mac-fygdgghdgmuleoelvxabfmqiotta/Build/Intermediates.noindex/Firebase.build/Debug/FirebaseCrashlytics-t.build/Objects-normal/arm64/FIRCLSHandler.o /Users/buddhirajgautam/Library/Developer/Xcode/DerivedData/Telegram-Mac-fygdgghdgmuleoelvxabfmqiotta/SourcePackages/checkouts/firebase-ios-sdk/Crashlytics/Crashlytics/Handlers/FIRCLSHandler.m normal arm64 objective-c com.apple.compilers.llvm.clang.1_0.compiler (in target 'FirebaseCrashlytics' from project 'Firebase')
    cd /Users/buddhirajgautam/Documents/Cherrygram-Mac/macOS-Swift
    
    Using response file: /Users/buddhirajgautam/Library/Developer/Xcode/DerivedData/Telegram-Mac-fygdgghdgmuleoelvxabfmqiotta/Build/Intermediates.noindex/Firebase.build/Debug/FirebaseCrashlytics-t.build/Objects-normal/arm64/e6072d4f65d7061329687fe24e3d63a7-common-args.resp
    
    builtin-ScanDependencies -o /Users/buddhirajgautam/Library/Developer/Xcode/DerivedData/Telegram-Mac-fygdgghdgmuleoelvxabfmqiotta/Build/Intermediates.noindex/Firebase.build/Debug/FirebaseCrashlytics-t.build/Objects-normal/arm64/FIRCLSHandler.o.scan -- /Applications/Xcode.app/Contents/Developer/Toolchains/XcodeDefault.xctoolchain/usr/bin/clang -x objective-c -ivfsstatcache /Users/buddhirajgautam/Library/Developer/Xcode/DerivedData/SDKStatCaches.noindex/macosx27.0-26A425-e829b21a6f8c9b70876ba0858053c0447231f6df4def33e022ae2eb8f782df1a.sdkstatcache -target arm64-apple-macos12.0 -fmessage-length\=0 -fdiagnostics-show-note-include-stack -fmacro-backtrace-limit\=0 -fno-color-diagnostics -fmodules-prune-interval\=86400 -fmodules-prune-after\=345600 -fbuild-session-file\=/Users/buddhirajgautam/Library/Developer/Xcode/DerivedData/ModuleCache.noindex/Session.modulevalidation -fmodules-validate-once-per-build-session -Wnon-modular-include-in-framework-module -Werror\=non-modular-include-in-framework-module -Wno-trigraphs -Wno-missing-field-initializers -Wno-missing-prototypes -Wno-return-type -Wno-implicit-atomic-properties -Wno-objc-interface-ivars -Wno-arc-repeated-use-of-weak -Wno-missing-braces -Wparentheses -Wswitch -Wno-unused-function -Wno-unused-label -Wno-unused-parameter -Wno-unused-variable -Wunused-value -Wno-empty-body -Wno-uninitialized -Wno-unknown-pragmas -w -Wno-shadow -Wno-four-char-constants -Wno-conversion -Wno-constant-conversion -Wno-int-conversion -Wno-bool-conversion -Wno-enum-conversion -Wno-float-conversion -Wno-non-literal-null-conversion -Wno-objc-literal-conversion -Wshorten-64-to-32 -Wpointer-sign -Wno-newline-eof -Wno-selector -Wno-strict-selector-match -Wno-undeclared-selector -Wno-deprecated-implementations -Wno-implicit-fallthrough -isysroot /Applications/Xcode.app/Contents/Developer/Platforms/MacOSX.platform/Developer/SDKs/MacOSX27.0.sdk -fstrict-aliasing -Wprotocol -Wdeprecated-declarations -Wno-sign-conversion -Wno-infinite-recursion -Wno-comma -Wno-block-capture-autoreleasing -Wno-strict-prototypes -Wno-semicolon-before-method-body -index-store-path /Users/buddhirajgautam/Library/Developer/Xcode/DerivedData/Telegram-Mac-fygdgghdgmuleoelvxabfmqiotta/Index.noindex/DataStore @/Users/buddhirajgautam/Library/Developer/Xcode/DerivedData/Telegram-Mac-fygdgghdgmuleoelvxabfmqiotta/Build/Intermediates.noindex/Firebase.build/Debug/FirebaseCrashlytics-t.build/Objects-normal/arm64/e6072d4f65d7061329687fe24e3d63a7-common-args.resp -MMD -MT dependencies -MF /Users/buddhirajgautam/Library/Developer/Xcode/DerivedData/Telegram-Mac-fygdgghdgmuleoelvxabfmqiotta/Build/Intermediates.noindex/Firebase.build/Debug/FirebaseCrashlytics-t.build/Objects-normal/arm64/FIRCLSHandler.d --serialize-diagnostics /Users/buddhirajgautam/Library/Developer/Xcode/DerivedData/Telegram-Mac-fygdgghdgmuleoelvxabfmqiotta/Build/Intermediates.noindex/Firebase.build/Debug/FirebaseCrashlytics-t.build/Objects-normal/arm64/FIRCLSHandler.dia -c /Users/buddhirajgautam/Library/Developer/Xcode/DerivedData/Telegram-Mac-fygdgghdgmuleoelvxabfmqiotta/SourcePackages/checkouts/firebase-ios-sdk/Crashlytics/Crashlytics/Handlers/FIRCLSHandler.m -o /Users/buddhirajgautam/Library/Developer/Xcode/DerivedData/Telegram-Mac-fygdgghdgmuleoelvxabfmqiotta/Build/Intermediates.noindex/Firebase.build/Debug/FirebaseCrashlytics-t.build/Objects-normal/arm64/FIRCLSHandler.o -index-unit-output-path /Firebase.build/Debug/FirebaseCrashlytics-t.build/Objects-normal/arm64/FIRCLSHandler.o

CompileC /Users/buddhirajgautam/Library/Developer/Xcode/DerivedData/Telegram-Mac-fygdgghdgmuleoelvxabfmqiotta/Build/Intermediates.noindex/Firebase.build/Debug/FirebaseCore-t.build/Objects-normal/arm64/FIRVersion.o /Users/buddhirajgautam/Library/Developer/Xcode/DerivedData/Telegram-Mac-fygdgghdgmuleoelvxabfmqiotta/SourcePackages/checkouts/firebase-ios-sdk/FirebaseCore/Sources/FIRVersion.m normal arm64 objective-c com.apple.compilers.llvm.clang.1_0.compiler (in target 'FirebaseCore' from project 'Firebase')
    cd /Users/buddhirajgautam/Documents/Cherrygram-Mac/macOS-Swift
    
    Using response file: /Users/buddhirajgautam/Library/Developer/Xcode/DerivedData/Telegram-Mac-fygdgghdgmuleoelvxabfmqiotta/Build/Intermediates.noindex/Firebase.build/Debug/FirebaseCore-t.build/Objects-normal/arm64/e6072d4f65d7061329687fe24e3d63a7-common-args.resp
    
    /Applications/Xcode.app/Contents/Developer/Toolchains/XcodeDefault.xctoolchain/usr/bin/clang -x objective-c -ivfsstatcache /Users/buddhirajgautam/Library/Developer/Xcode/DerivedData/SDKStatCaches.noindex/macosx27.0-26A425-e829b21a6f8c9b70876ba0858053c0447231f6df4def33e022ae2eb8f782df1a.sdkstatcache -target arm64-apple-macos12.0 -fmessage-length\=0 -fdiagnostics-show-note-include-stack -fmacro-backtrace-limit\=0 -fno-color-diagnostics -fmodules-prune-interval\=86400 -fmodules-prune-after\=345600 -fbuild-session-file\=/Users/buddhirajgautam/Library/Developer/Xcode/DerivedData/ModuleCache.noindex/Session.modulevalidation -fmodules-validate-once-per-build-session -Wnon-modular-include-in-framework-module -Werror\=non-modular-include-in-framework-module -Wno-trigraphs -Wno-missing-field-initializers -Wno-missing-prototypes -Wno-return-type -Wno-implicit-atomic-properties -Wno-objc-interface-ivars -Wno-arc-repeated-use-of-weak -Wno-missing-braces -Wparentheses -Wswitch -Wno-unused-function -Wno-unused-label -Wno-unused-parameter -Wno-unused-variable -Wunused-value -Wno-empty-body -Wno-uninitialized -Wno-unknown-pragmas -w -Wno-shadow -Wno-four-char-constants -Wno-conversion -Wno-constant-conversion -Wno-int-conversion -Wno-bool-conversion -Wno-enum-conversion -Wno-float-conversion -Wno-non-literal-null-conversion -Wno-objc-literal-conversion -Wshorten-64-to-32 -Wpointer-sign -Wno-newline-eof -Wno-selector -Wno-strict-selector-match -Wno-undeclared-selector -Wno-deprecated-implementations -Wno-implicit-fallthrough -isysroot /Applications/Xcode.app/Contents/Developer/Platforms/MacOSX.platform/Developer/SDKs/MacOSX27.0.sdk -fstrict-aliasing -Wprotocol -Wdeprecated-declarations -Wno-sign-conversion -Wno-infinite-recursion -Wno-comma -Wno-block-capture-autoreleasing -Wno-strict-prototypes -Wno-semicolon-before-method-body -index-store-path /Users/buddhirajgautam/Library/Developer/Xcode/DerivedData/Telegram-Mac-fygdgghdgmuleoelvxabfmqiotta/Index.noindex/DataStore @/Users/buddhirajgautam/Library/Developer/Xcode/DerivedData/Telegram-Mac-fygdgghdgmuleoelvxabfmqiotta/Build/Intermediates.noindex/Firebase.build/Debug/FirebaseCore-t.build/Objects-normal/arm64/e6072d4f65d7061329687fe24e3d63a7-common-args.resp -MMD -MT dependencies -MF /Users/buddhirajgautam/Library/Developer/Xcode/DerivedData/Telegram-Mac-fygdgghdgmuleoelvxabfmqiotta/Build/Intermediates.noindex/Firebase.build/Debug/FirebaseCore-t.build/Objects-normal/arm64/FIRVersion.d --serialize-diagnostics /Users/buddhirajgautam/Library/Developer/Xcode/DerivedData/Telegram-Mac-fygdgghdgmuleoelvxabfmqiotta/Build/Intermediates.noindex/Firebase.build/Debug/FirebaseCore-t.build/Objects-normal/arm64/FIRVersion.dia -c /Users/buddhirajgautam/Library/Developer/Xcode/DerivedData/Telegram-Mac-fygdgghdgmuleoelvxabfmqiotta/SourcePackages/checkouts/firebase-ios-sdk/FirebaseCore/Sources/FIRVersion.m -o /Users/buddhirajgautam/Library/Developer/Xcode/DerivedData/Telegram-Mac-fygdgghdgmuleoelvxabfmqiotta/Build/Intermediates.noindex/Firebase.build/Debug/FirebaseCore-t.build/Objects-normal/arm64/FIRVersion.o -index-unit-output-path /Firebase.build/Debug/FirebaseCore-t.build/Objects-normal/arm64/FIRVersion.o

CompileC /Users/buddhirajgautam/Library/Developer/Xcode/DerivedData/Telegram-Mac-fygdgghdgmuleoelvxabfmqiotta/Build/Intermediates.noindex/Firebase.build/Debug/FirebaseCore-t.build/Objects-normal/arm64/FIROptions.o /Users/buddhirajgautam/Library/Developer/Xcode/DerivedData/Telegram-Mac-fygdgghdgmuleoelvxabfmqiotta/SourcePackages/checkouts/firebase-ios-sdk/FirebaseCore/Sources/FIROptions.m normal arm64 objective-c com.apple.compilers.llvm.clang.1_0.compiler (in target 'FirebaseCore' from project 'Firebase')
    cd /Users/buddhirajgautam/Documents/Cherrygram-Mac/macOS-Swift
    
    Using response file: /Users/buddhirajgautam/Library/Developer/Xcode/DerivedData/Telegram-Mac-fygdgghdgmuleoelvxabfmqiotta/Build/Intermediates.noindex/Firebase.build/Debug/FirebaseCore-t.build/Objects-normal/arm64/e6072d4f65d7061329687fe24e3d63a7-common-args.resp
    
    /Applications/Xcode.app/Contents/Developer/Toolchains/XcodeDefault.xctoolchain/usr/bin/clang -x objective-c -ivfsstatcache /Users/buddhirajgautam/Library/Developer/Xcode/DerivedData/SDKStatCaches.noindex/macosx27.0-26A425-e829b21a6f8c9b70876ba0858053c0447231f6df4def33e022ae2eb8f782df1a.sdkstatcache -target arm64-apple-macos12.0 -fmessage-length\=0 -fdiagnostics-show-note-include-stack -fmacro-backtrace-limit\=0 -fno-color-diagnostics -fmodules-prune-interval\=86400 -fmodules-prune-after\=345600 -fbuild-session-file\=/Users/buddhirajgautam/Library/Developer/Xcode/DerivedData/ModuleCache.noindex/Session.modulevalidation -fmodules-validate-once-per-build-session -Wnon-modular-include-in-framework-module -Werror\=non-modular-include-in-framework-module -Wno-trigraphs -Wno-missing-field-initializers -Wno-missing-prototypes -Wno-return-type -Wno-implicit-atomic-properties -Wno-objc-interface-ivars -Wno-arc-repeated-use-of-weak -Wno-missing-braces -Wparentheses -Wswitch -Wno-unused-function -Wno-unused-label -Wno-unused-parameter -Wno-unused-variable -Wunused-value -Wno-empty-body -Wno-uninitialized -Wno-unknown-pragmas -w -Wno-shadow -Wno-four-char-constants -Wno-conversion -Wno-constant-conversion -Wno-int-conversion -Wno-bool-conversion -Wno-enum-conversion -Wno-float-conversion -Wno-non-literal-null-conversion -Wno-objc-literal-conversion -Wshorten-64-to-32 -Wpointer-sign -Wno-newline-eof -Wno-selector -Wno-strict-selector-match -Wno-undeclared-selector -Wno-deprecated-implementations -Wno-implicit-fallthrough -isysroot /Applications/Xcode.app/Contents/Developer/Platforms/MacOSX.platform/Developer/SDKs/MacOSX27.0.sdk -fstrict-aliasing -Wprotocol -Wdeprecated-declarations -Wno-sign-conversion -Wno-infinite-recursion -Wno-comma -Wno-block-capture-autoreleasing -Wno-strict-prototypes -Wno-semicolon-before-method-body -index-store-path /Users/buddhirajgautam/Library/Developer/Xcode/DerivedData/Telegram-Mac-fygdgghdgmuleoelvxabfmqiotta/Index.noindex/DataStore @/Users/buddhirajgautam/Library/Developer/Xcode/DerivedData/Telegram-Mac-fygdgghdgmuleoelvxabfmqiotta/Build/Intermediates.noindex/Firebase.build/Debug/FirebaseCore-t.build/Objects-normal/arm64/e6072d4f65d7061329687fe24e3d63a7-common-args.resp -MMD -MT dependencies -MF /Users/buddhirajgautam/Library/Developer/Xcode/DerivedData/Telegram-Mac-fygdgghdgmuleoelvxabfmqiotta/Build/Intermediates.noindex/Firebase.build/Debug/FirebaseCore-t.build/Objects-normal/arm64/FIROptions.d --serialize-diagnostics /Users/buddhirajgautam/Library/Developer/Xcode/DerivedData/Telegram-Mac-fygdgghdgmuleoelvxabfmqiotta/Build/Intermediates.noindex/Firebase.build/Debug/FirebaseCore-t.build/Objects-normal/arm64/FIROptions.dia -c /Users/buddhirajgautam/Library/Developer/Xcode/DerivedData/Telegram-Mac-fygdgghdgmuleoelvxabfmqiotta/SourcePackages/checkouts/firebase-ios-sdk/FirebaseCore/Sources/FIROptions.m -o /Users/buddhirajgautam/Library/Developer/Xcode/DerivedData/Telegram-Mac-fygdgghdgmuleoelvxabfmqiotta/Build/Intermediates.noindex/Firebase.build/Debug/FirebaseCore-t.build/Objects-normal/arm64/FIROptions.o -index-unit-output-path /Firebase.build/Debug/FirebaseCore-t.build/Objects-normal/arm64/FIROptions.o

CompileC /Users/buddhirajgautam/Library/Developer/Xcode/DerivedData/Telegram-Mac-fygdgghdgmuleoelvxabfmqiotta/Build/Intermediates.noindex/Firebase.build/Debug/FirebaseCore-t.build/Objects-normal/arm64/FIRDependency.o /Users/buddhirajgautam/Library/Developer/Xcode/DerivedData/Telegram-Mac-fygdgghdgmuleoelvxabfmqiotta/SourcePackages/checkouts/firebase-ios-sdk/FirebaseCore/Sources/FIRDependency.m normal arm64 objective-c com.apple.compilers.llvm.clang.1_0.compiler (in target 'FirebaseCore' from project 'Firebase')
    cd /Users/buddhirajgautam/Documents/Cherrygram-Mac/macOS-Swift
    
    Using response file: /Users/buddhirajgautam/Library/Developer/Xcode/DerivedData/Telegram-Mac-fygdgghdgmuleoelvxabfmqiotta/Build/Intermediates.noindex/Firebase.build/Debug/FirebaseCore-t.build/Objects-normal/arm64/e6072d4f65d7061329687fe24e3d63a7-common-args.resp
    
    /Applications/Xcode.app/Contents/Developer/Toolchains/XcodeDefault.xctoolchain/usr/bin/clang -x objective-c -ivfsstatcache /Users/buddhirajgautam/Library/Developer/Xcode/DerivedData/SDKStatCaches.noindex/macosx27.0-26A425-e829b21a6f8c9b70876ba0858053c0447231f6df4def33e022ae2eb8f782df1a.sdkstatcache -target arm64-apple-macos12.0 -fmessage-length\=0 -fdiagnostics-show-note-include-stack -fmacro-backtrace-limit\=0 -fno-color-diagnostics -fmodules-prune-interval\=86400 -fmodules-prune-after\=345600 -fbuild-session-file\=/Users/buddhirajgautam/Library/Developer/Xcode/DerivedData/ModuleCache.noindex/Session.modulevalidation -fmodules-validate-once-per-build-session -Wnon-modular-include-in-framework-module -Werror\=non-modular-include-in-framework-module -Wno-trigraphs -Wno-missing-field-initializers -Wno-missing-prototypes -Wno-return-type -Wno-implicit-atomic-properties -Wno-objc-interface-ivars -Wno-arc-repeated-use-of-weak -Wno-missing-braces -Wparentheses -Wswitch -Wno-unused-function -Wno-unused-label -Wno-unused-parameter -Wno-unused-variable -Wunused-value -Wno-empty-body -Wno-uninitialized -Wno-unknown-pragmas -w -Wno-shadow -Wno-four-char-constants -Wno-conversion -Wno-constant-conversion -Wno-int-conversion -Wno-bool-conversion -Wno-enum-conversion -Wno-float-conversion -Wno-non-literal-null-conversion -Wno-objc-literal-conversion -Wshorten-64-to-32 -Wpointer-sign -Wno-newline-eof -Wno-selector -Wno-strict-selector-match -Wno-undeclared-selector -Wno-deprecated-implementations -Wno-implicit-fallthrough -isysroot /Applications/Xcode.app/Contents/Developer/Platforms/MacOSX.platform/Developer/SDKs/MacOSX27.0.sdk -fstrict-aliasing -Wprotocol -Wdeprecated-declarations -Wno-sign-conversion -Wno-infinite-recursion -Wno-comma -Wno-block-capture-autoreleasing -Wno-strict-prototypes -Wno-semicolon-before-method-body -index-store-path /Users/buddhirajgautam/Library/Developer/Xcode/DerivedData/Telegram-Mac-fygdgghdgmuleoelvxabfmqiotta/Index.noindex/DataStore @/Users/buddhirajgautam/Library/Developer/Xcode/DerivedData/Telegram-Mac-fygdgghdgmuleoelvxabfmqiotta/Build/Intermediates.noindex/Firebase.build/Debug/FirebaseCore-t.build/Objects-normal/arm64/e6072d4f65d7061329687fe24e3d63a7-common-args.resp -MMD -MT dependencies -MF /Users/buddhirajgautam/Library/Developer/Xcode/DerivedData/Telegram-Mac-fygdgghdgmuleoelvxabfmqiotta/Build/Intermediates.noindex/Firebase.build/Debug/FirebaseCore-t.build/Objects-normal/arm64/FIRDependency.d --serialize-diagnostics /Users/buddhirajgautam/Library/Developer/Xcode/DerivedData/Telegram-Mac-fygdgghdgmuleoelvxabfmqiotta/Build/Intermediates.noindex/Firebase.build/Debug/FirebaseCore-t.build/Objects-normal/arm64/FIRDependency.dia -c /Users/buddhirajgautam/Library/Developer/Xcode/DerivedData/Telegram-Mac-fygdgghdgmuleoelvxabfmqiotta/SourcePackages/checkouts/firebase-ios-sdk/FirebaseCore/Sources/FIRDependency.m -o /Users/buddhirajgautam/Library/Developer/Xcode/DerivedData/Telegram-Mac-fygdgghdgmuleoelvxabfmqiotta/Build/Intermediates.noindex/Firebase.build/Debug/FirebaseCore-t.build/Objects-normal/arm64/FIRDependency.o -index-unit-output-path /Firebase.build/Debug/FirebaseCore-t.build/Objects-normal/arm64/FIRDependency.o

CompileC /Users/buddhirajgautam/Library/Developer/Xcode/DerivedData/Telegram-Mac-fygdgghdgmuleoelvxabfmqiotta/Build/Intermediates.noindex/Firebase.build/Debug/FirebaseCrashlytics-t.build/Objects-normal/arm64/FIRCLSProfiling.o /Users/buddhirajgautam/Library/Developer/Xcode/DerivedData/Telegram-Mac-fygdgghdgmuleoelvxabfmqiotta/SourcePackages/checkouts/firebase-ios-sdk/Crashlytics/Crashlytics/Helpers/FIRCLSProfiling.c normal arm64 c com.apple.compilers.llvm.clang.1_0.compiler (in target 'FirebaseCrashlytics' from project 'Firebase')
    cd /Users/buddhirajgautam/Documents/Cherrygram-Mac/macOS-Swift
    
    Using response file: /Users/buddhirajgautam/Library/Developer/Xcode/DerivedData/Telegram-Mac-fygdgghdgmuleoelvxabfmqiotta/Build/Intermediates.noindex/Firebase.build/Debug/FirebaseCrashlytics-t.build/Objects-normal/arm64/7187679823f38a2a940e0043cdf9d637-common-args.resp
    
    /Applications/Xcode.app/Contents/Developer/Toolchains/XcodeDefault.xctoolchain/usr/bin/clang -x c -ivfsstatcache /Users/buddhirajgautam/Library/Developer/Xcode/DerivedData/SDKStatCaches.noindex/macosx27.0-26A425-e829b21a6f8c9b70876ba0858053c0447231f6df4def33e022ae2eb8f782df1a.sdkstatcache -target arm64-apple-macos12.0 -fmessage-length\=0 -fdiagnostics-show-note-include-stack -fmacro-backtrace-limit\=0 -fno-color-diagnostics -fmodules-prune-interval\=86400 -fmodules-prune-after\=345600 -fbuild-session-file\=/Users/buddhirajgautam/Library/Developer/Xcode/DerivedData/ModuleCache.noindex/Session.modulevalidation -fmodules-validate-once-per-build-session -Wnon-modular-include-in-framework-module -Werror\=non-modular-include-in-framework-module -Wno-trigraphs -Wno-missing-field-initializers -Wno-missing-prototypes -Wno-return-type -Wno-missing-braces -Wparentheses -Wswitch -Wno-unused-function -Wno-unused-label -Wno-unused-parameter -Wno-unused-variable -Wunused-value -Wno-empty-body -Wno-uninitialized -Wno-unknown-pragmas -w -Wno-shadow -Wno-four-char-constants -Wno-conversion -Wno-constant-conversion -Wno-int-conversion -Wno-bool-conversion -Wno-enum-conversion -Wno-float-conversion -Wno-non-literal-null-conversion -Wno-objc-literal-conversion -Wshorten-64-to-32 -Wpointer-sign -Wno-newline-eof -Wno-implicit-fallthrough -isysroot /Applications/Xcode.app/Contents/Developer/Platforms/MacOSX.platform/Developer/SDKs/MacOSX27.0.sdk -fstrict-aliasing -Wdeprecated-declarations -Wno-sign-conversion -Wno-infinite-recursion -Wno-comma -Wno-block-capture-autoreleasing -Wno-strict-prototypes -Wno-semicolon-before-method-body -index-store-path /Users/buddhirajgautam/Library/Developer/Xcode/DerivedData/Telegram-Mac-fygdgghdgmuleoelvxabfmqiotta/Index.noindex/DataStore @/Users/buddhirajgautam/Library/Developer/Xcode/DerivedData/Telegram-Mac-fygdgghdgmuleoelvxabfmqiotta/Build/Intermediates.noindex/Firebase.build/Debug/FirebaseCrashlytics-t.build/Objects-normal/arm64/7187679823f38a2a940e0043cdf9d637-common-args.resp -MMD -MT dependencies -MF /Users/buddhirajgautam/Library/Developer/Xcode/DerivedData/Telegram-Mac-fygdgghdgmuleoelvxabfmqiotta/Build/Intermediates.noindex/Firebase.build/Debug/FirebaseCrashlytics-t.build/Objects-normal/arm64/FIRCLSProfiling.d --serialize-diagnostics /Users/buddhirajgautam/Library/Developer/Xcode/DerivedData/Telegram-Mac-fygdgghdgmuleoelvxabfmqiotta/Build/Intermediates.noindex/Firebase.build/Debug/FirebaseCrashlytics-t.build/Objects-normal/arm64/FIRCLSProfiling.dia -c /Users/buddhirajgautam/Library/Developer/Xcode/DerivedData/Telegram-Mac-fygdgghdgmuleoelvxabfmqiotta/SourcePackages/checkouts/firebase-ios-sdk/Crashlytics/Crashlytics/Helpers/FIRCLSProfiling.c -o /Users/buddhirajgautam/Library/Developer/Xcode/DerivedData/Telegram-Mac-fygdgghdgmuleoelvxabfmqiotta/Build/Intermediates.noindex/Firebase.build/Debug/FirebaseCrashlytics-t.build/Objects-normal/arm64/FIRCLSProfiling.o -index-unit-output-path /Firebase.build/Debug/FirebaseCrashlytics-t.build/Objects-normal/arm64/FIRCLSProfiling.o

CompileC /Users/buddhirajgautam/Library/Developer/Xcode/DerivedData/Telegram-Mac-fygdgghdgmuleoelvxabfmqiotta/Build/Intermediates.noindex/Firebase.build/Debug/FirebaseCore-t.build/Objects-normal/arm64/FIRConfiguration.o /Users/buddhirajgautam/Library/Developer/Xcode/DerivedData/Telegram-Mac-fygdgghdgmuleoelvxabfmqiotta/SourcePackages/checkouts/firebase-ios-sdk/FirebaseCore/Sources/FIRConfiguration.m normal arm64 objective-c com.apple.compilers.llvm.clang.1_0.compiler (in target 'FirebaseCore' from project 'Firebase')
    cd /Users/buddhirajgautam/Documents/Cherrygram-Mac/macOS-Swift
    
    Using response file: /Users/buddhirajgautam/Library/Developer/Xcode/DerivedData/Telegram-Mac-fygdgghdgmuleoelvxabfmqiotta/Build/Intermediates.noindex/Firebase.build/Debug/FirebaseCore-t.build/Objects-normal/arm64/e6072d4f65d7061329687fe24e3d63a7-common-args.resp
    
    /Applications/Xcode.app/Contents/Developer/Toolchains/XcodeDefault.xctoolchain/usr/bin/clang -x objective-c -ivfsstatcache /Users/buddhirajgautam/Library/Developer/Xcode/DerivedData/SDKStatCaches.noindex/macosx27.0-26A425-e829b21a6f8c9b70876ba0858053c0447231f6df4def33e022ae2eb8f782df1a.sdkstatcache -target arm64-apple-macos12.0 -fmessage-length\=0 -fdiagnostics-show-note-include-stack -fmacro-backtrace-limit\=0 -fno-color-diagnostics -fmodules-prune-interval\=86400 -fmodules-prune-after\=345600 -fbuild-session-file\=/Users/buddhirajgautam/Library/Developer/Xcode/DerivedData/ModuleCache.noindex/Session.modulevalidation -fmodules-validate-once-per-build-session -Wnon-modular-include-in-framework-module -Werror\=non-modular-include-in-framework-module -Wno-trigraphs -Wno-missing-field-initializers -Wno-missing-prototypes -Wno-return-type -Wno-implicit-atomic-properties -Wno-objc-interface-ivars -Wno-arc-repeated-use-of-weak -Wno-missing-braces -Wparentheses -Wswitch -Wno-unused-function -Wno-unused-label -Wno-unused-parameter -Wno-unused-variable -Wunused-value -Wno-empty-body -Wno-uninitialized -Wno-unknown-pragmas -w -Wno-shadow -Wno-four-char-constants -Wno-conversion -Wno-constant-conversion -Wno-int-conversion -Wno-bool-conversion -Wno-enum-conversion -Wno-float-conversion -Wno-non-literal-null-conversion -Wno-objc-literal-conversion -Wshorten-64-to-32 -Wpointer-sign -Wno-newline-eof -Wno-selector -Wno-strict-selector-match -Wno-undeclared-selector -Wno-deprecated-implementations -Wno-implicit-fallthrough -isysroot /Applications/Xcode.app/Contents/Developer/Platforms/MacOSX.platform/Developer/SDKs/MacOSX27.0.sdk -fstrict-aliasing -Wprotocol -Wdeprecated-declarations -Wno-sign-conversion -Wno-infinite-recursion -Wno-comma -Wno-block-capture-autoreleasing -Wno-strict-prototypes -Wno-semicolon-before-method-body -index-store-path /Users/buddhirajgautam/Library/Developer/Xcode/DerivedData/Telegram-Mac-fygdgghdgmuleoelvxabfmqiotta/Index.noindex/DataStore @/Users/buddhirajgautam/Library/Developer/Xcode/DerivedData/Telegram-Mac-fygdgghdgmuleoelvxabfmqiotta/Build/Intermediates.noindex/Firebase.build/Debug/FirebaseCore-t.build/Objects-normal/arm64/e6072d4f65d7061329687fe24e3d63a7-common-args.resp -MMD -MT dependencies -MF /Users/buddhirajgautam/Library/Developer/Xcode/DerivedData/Telegram-Mac-fygdgghdgmuleoelvxabfmqiotta/Build/Intermediates.noindex/Firebase.build/Debug/FirebaseCore-t.build/Objects-normal/arm64/FIRConfiguration.d --serialize-diagnostics /Users/buddhirajgautam/Library/Developer/Xcode/DerivedData/Telegram-Mac-fygdgghdgmuleoelvxabfmqiotta/Build/Intermediates.noindex/Firebase.build/Debug/FirebaseCore-t.build/Objects-normal/arm64/FIRConfiguration.dia -c /Users/buddhirajgautam/Library/Developer/Xcode/DerivedData/Telegram-Mac-fygdgghdgmuleoelvxabfmqiotta/SourcePackages/checkouts/firebase-ios-sdk/FirebaseCore/Sources/FIRConfiguration.m -o /Users/buddhirajgautam/Library/Developer/Xcode/DerivedData/Telegram-Mac-fygdgghdgmuleoelvxabfmqiotta/Build/Intermediates.noindex/Firebase.build/Debug/FirebaseCore-t.build/Objects-normal/arm64/FIRConfiguration.o -index-unit-output-path /Firebase.build/Debug/FirebaseCore-t.build/Objects-normal/arm64/FIRConfiguration.o

CompileC /Users/buddhirajgautam/Library/Developer/Xcode/DerivedData/Telegram-Mac-fygdgghdgmuleoelvxabfmqiotta/Build/Intermediates.noindex/Firebase.build/Debug/FirebaseCore-t.build/Objects-normal/arm64/FIRComponentType.o /Users/buddhirajgautam/Library/Developer/Xcode/DerivedData/Telegram-Mac-fygdgghdgmuleoelvxabfmqiotta/SourcePackages/checkouts/firebase-ios-sdk/FirebaseCore/Sources/FIRComponentType.m normal arm64 objective-c com.apple.compilers.llvm.clang.1_0.compiler (in target 'FirebaseCore' from project 'Firebase')
    cd /Users/buddhirajgautam/Documents/Cherrygram-Mac/macOS-Swift
    
    Using response file: /Users/buddhirajgautam/Library/Developer/Xcode/DerivedData/Telegram-Mac-fygdgghdgmuleoelvxabfmqiotta/Build/Intermediates.noindex/Firebase.build/Debug/FirebaseCore-t.build/Objects-normal/arm64/e6072d4f65d7061329687fe24e3d63a7-common-args.resp
    
    /Applications/Xcode.app/Contents/Developer/Toolchains/XcodeDefault.xctoolchain/usr/bin/clang -x objective-c -ivfsstatcache /Users/buddhirajgautam/Library/Developer/Xcode/DerivedData/SDKStatCaches.noindex/macosx27.0-26A425-e829b21a6f8c9b70876ba0858053c0447231f6df4def33e022ae2eb8f782df1a.sdkstatcache -target arm64-apple-macos12.0 -fmessage-length\=0 -fdiagnostics-show-note-include-stack -fmacro-backtrace-limit\=0 -fno-color-diagnostics -fmodules-prune-interval\=86400 -fmodules-prune-after\=345600 -fbuild-session-file\=/Users/buddhirajgautam/Library/Developer/Xcode/DerivedData/ModuleCache.noindex/Session.modulevalidation -fmodules-validate-once-per-build-session -Wnon-modular-include-in-framework-module -Werror\=non-modular-include-in-framework-module -Wno-trigraphs -Wno-missing-field-initializers -Wno-missing-prototypes -Wno-return-type -Wno-implicit-atomic-properties -Wno-objc-interface-ivars -Wno-arc-repeated-use-of-weak -Wno-missing-braces -Wparentheses -Wswitch -Wno-unused-function -Wno-unused-label -Wno-unused-parameter -Wno-unused-variable -Wunused-value -Wno-empty-body -Wno-uninitialized -Wno-unknown-pragmas -w -Wno-shadow -Wno-four-char-constants -Wno-conversion -Wno-constant-conversion -Wno-int-conversion -Wno-bool-conversion -Wno-enum-conversion -Wno-float-conversion -Wno-non-literal-null-conversion -Wno-objc-literal-conversion -Wshorten-64-to-32 -Wpointer-sign -Wno-newline-eof -Wno-selector -Wno-strict-selector-match -Wno-undeclared-selector -Wno-deprecated-implementations -Wno-implicit-fallthrough -isysroot /Applications/Xcode.app/Contents/Developer/Platforms/MacOSX.platform/Developer/SDKs/MacOSX27.0.sdk -fstrict-aliasing -Wprotocol -Wdeprecated-declarations -Wno-sign-conversion -Wno-infinite-recursion -Wno-comma -Wno-block-capture-autoreleasing -Wno-strict-prototypes -Wno-semicolon-before-method-body -index-store-path /Users/buddhirajgautam/Library/Developer/Xcode/DerivedData/Telegram-Mac-fygdgghdgmuleoelvxabfmqiotta/Index.noindex/DataStore @/Users/buddhirajgautam/Library/Developer/Xcode/DerivedData/Telegram-Mac-fygdgghdgmuleoelvxabfmqiotta/Build/Intermediates.noindex/Firebase.build/Debug/FirebaseCore-t.build/Objects-normal/arm64/e6072d4f65d7061329687fe24e3d63a7-common-args.resp -MMD -MT dependencies -MF /Users/buddhirajgautam/Library/Developer/Xcode/DerivedData/Telegram-Mac-fygdgghdgmuleoelvxabfmqiotta/Build/Intermediates.noindex/Firebase.build/Debug/FirebaseCore-t.build/Objects-normal/arm64/FIRComponentType.d --serialize-diagnostics /Users/buddhirajgautam/Library/Developer/Xcode/DerivedData/Telegram-Mac-fygdgghdgmuleoelvxabfmqiotta/Build/Intermediates.noindex/Firebase.build/Debug/FirebaseCore-t.build/Objects-normal/arm64/FIRComponentType.dia -c /Users/buddhirajgautam/Library/Developer/Xcode/DerivedData/Telegram-Mac-fygdgghdgmuleoelvxabfmqiotta/SourcePackages/checkouts/firebase-ios-sdk/FirebaseCore/Sources/FIRComponentType.m -o /Users/buddhirajgautam/Library/Developer/Xcode/DerivedData/Telegram-Mac-fygdgghdgmuleoelvxabfmqiotta/Build/Intermediates.noindex/Firebase.build/Debug/FirebaseCore-t.build/Objects-normal/arm64/FIRComponentType.o -index-unit-output-path /Firebase.build/Debug/FirebaseCore-t.build/Objects-normal/arm64/FIRComponentType.o

CompileC /Users/buddhirajgautam/Library/Developer/Xcode/DerivedData/Telegram-Mac-fygdgghdgmuleoelvxabfmqiotta/Build/Intermediates.noindex/Firebase.build/Debug/FirebaseCore-t.build/Objects-normal/arm64/FIRComponentContainer.o /Users/buddhirajgautam/Library/Developer/Xcode/DerivedData/Telegram-Mac-fygdgghdgmuleoelvxabfmqiotta/SourcePackages/checkouts/firebase-ios-sdk/FirebaseCore/Sources/FIRComponentContainer.m normal arm64 objective-c com.apple.compilers.llvm.clang.1_0.compiler (in target 'FirebaseCore' from project 'Firebase')
    cd /Users/buddhirajgautam/Documents/Cherrygram-Mac/macOS-Swift
    
    Using response file: /Users/buddhirajgautam/Library/Developer/Xcode/DerivedData/Telegram-Mac-fygdgghdgmuleoelvxabfmqiotta/Build/Intermediates.noindex/Firebase.build/Debug/FirebaseCore-t.build/Objects-normal/arm64/e6072d4f65d7061329687fe24e3d63a7-common-args.resp
    
    /Applications/Xcode.app/Contents/Developer/Toolchains/XcodeDefault.xctoolchain/usr/bin/clang -x objective-c -ivfsstatcache /Users/buddhirajgautam/Library/Developer/Xcode/DerivedData/SDKStatCaches.noindex/macosx27.0-26A425-e829b21a6f8c9b70876ba0858053c0447231f6df4def33e022ae2eb8f782df1a.sdkstatcache -target arm64-apple-macos12.0 -fmessage-length\=0 -fdiagnostics-show-note-include-stack -fmacro-backtrace-limit\=0 -fno-color-diagnostics -fmodules-prune-interval\=86400 -fmodules-prune-after\=345600 -fbuild-session-file\=/Users/buddhirajgautam/Library/Developer/Xcode/DerivedData/ModuleCache.noindex/Session.modulevalidation -fmodules-validate-once-per-build-session -Wnon-modular-include-in-framework-module -Werror\=non-modular-include-in-framework-module -Wno-trigraphs -Wno-missing-field-initializers -Wno-missing-prototypes -Wno-return-type -Wno-implicit-atomic-properties -Wno-objc-interface-ivars -Wno-arc-repeated-use-of-weak -Wno-missing-braces -Wparentheses -Wswitch -Wno-unused-function -Wno-unused-label -Wno-unused-parameter -Wno-unused-variable -Wunused-value -Wno-empty-body -Wno-uninitialized -Wno-unknown-pragmas -w -Wno-shadow -Wno-four-char-constants -Wno-conversion -Wno-constant-conversion -Wno-int-conversion -Wno-bool-conversion -Wno-enum-conversion -Wno-float-conversion -Wno-non-literal-null-conversion -Wno-objc-literal-conversion -Wshorten-64-to-32 -Wpointer-sign -Wno-newline-eof -Wno-selector -Wno-strict-selector-match -Wno-undeclared-selector -Wno-deprecated-implementations -Wno-implicit-fallthrough -isysroot /Applications/Xcode.app/Contents/Developer/Platforms/MacOSX.platform/Developer/SDKs/MacOSX27.0.sdk -fstrict-aliasing -Wprotocol -Wdeprecated-declarations -Wno-sign-conversion -Wno-infinite-recursion -Wno-comma -Wno-block-capture-autoreleasing -Wno-strict-prototypes -Wno-semicolon-before-method-body -index-store-path /Users/buddhirajgautam/Library/Developer/Xcode/DerivedData/Telegram-Mac-fygdgghdgmuleoelvxabfmqiotta/Index.noindex/DataStore @/Users/buddhirajgautam/Library/Developer/Xcode/DerivedData/Telegram-Mac-fygdgghdgmuleoelvxabfmqiotta/Build/Intermediates.noindex/Firebase.build/Debug/FirebaseCore-t.build/Objects-normal/arm64/e6072d4f65d7061329687fe24e3d63a7-common-args.resp -MMD -MT dependencies -MF /Users/buddhirajgautam/Library/Developer/Xcode/DerivedData/Telegram-Mac-fygdgghdgmuleoelvxabfmqiotta/Build/Intermediates.noindex/Firebase.build/Debug/FirebaseCore-t.build/Objects-normal/arm64/FIRComponentContainer.d --serialize-diagnostics /Users/buddhirajgautam/Library/Developer/Xcode/DerivedData/Telegram-Mac-fygdgghdgmuleoelvxabfmqiotta/Build/Intermediates.noindex/Firebase.build/Debug/FirebaseCore-t.build/Objects-normal/arm64/FIRComponentContainer.dia -c /Users/buddhirajgautam/Library/Developer/Xcode/DerivedData/Telegram-Mac-fygdgghdgmuleoelvxabfmqiotta/SourcePackages/checkouts/firebase-ios-sdk/FirebaseCore/Sources/FIRComponentContainer.m -o /Users/buddhirajgautam/Library/Developer/Xcode/DerivedData/Telegram-Mac-fygdgghdgmuleoelvxabfmqiotta/Build/Intermediates.noindex/Firebase.build/Debug/FirebaseCore-t.build/Objects-normal/arm64/FIRComponentContainer.o -index-unit-output-path /Firebase.build/Debug/FirebaseCore-t.build/Objects-normal/arm64/FIRComponentContainer.o

CompileC /Users/buddhirajgautam/Library/Developer/Xcode/DerivedData/Telegram-Mac-fygdgghdgmuleoelvxabfmqiotta/Build/Intermediates.noindex/Firebase.build/Debug/FirebaseCore-t.build/Objects-normal/arm64/FIRComponent.o /Users/buddhirajgautam/Library/Developer/Xcode/DerivedData/Telegram-Mac-fygdgghdgmuleoelvxabfmqiotta/SourcePackages/checkouts/firebase-ios-sdk/FirebaseCore/Sources/FIRComponent.m normal arm64 objective-c com.apple.compilers.llvm.clang.1_0.compiler (in target 'FirebaseCore' from project 'Firebase')
    cd /Users/buddhirajgautam/Documents/Cherrygram-Mac/macOS-Swift
    
    Using response file: /Users/buddhirajgautam/Library/Developer/Xcode/DerivedData/Telegram-Mac-fygdgghdgmuleoelvxabfmqiotta/Build/Intermediates.noindex/Firebase.build/Debug/FirebaseCore-t.build/Objects-normal/arm64/e6072d4f65d7061329687fe24e3d63a7-common-args.resp
    
    /Applications/Xcode.app/Contents/Developer/Toolchains/XcodeDefault.xctoolchain/usr/bin/clang -x objective-c -ivfsstatcache /Users/buddhirajgautam/Library/Developer/Xcode/DerivedData/SDKStatCaches.noindex/macosx27.0-26A425-e829b21a6f8c9b70876ba0858053c0447231f6df4def33e022ae2eb8f782df1a.sdkstatcache -target arm64-apple-macos12.0 -fmessage-length\=0 -fdiagnostics-show-note-include-stack -fmacro-backtrace-limit\=0 -fno-color-diagnostics -fmodules-prune-interval\=86400 -fmodules-prune-after\=345600 -fbuild-session-file\=/Users/buddhirajgautam/Library/Developer/Xcode/DerivedData/ModuleCache.noindex/Session.modulevalidation -fmodules-validate-once-per-build-session -Wnon-modular-include-in-framework-module -Werror\=non-modular-include-in-framework-module -Wno-trigraphs -Wno-missing-field-initializers -Wno-missing-prototypes -Wno-return-type -Wno-implicit-atomic-properties -Wno-objc-interface-ivars -Wno-arc-repeated-use-of-weak -Wno-missing-braces -Wparentheses -Wswitch -Wno-unused-function -Wno-unused-label -Wno-unused-parameter -Wno-unused-variable -Wunused-value -Wno-empty-body -Wno-uninitialized -Wno-unknown-pragmas -w -Wno-shadow -Wno-four-char-constants -Wno-conversion -Wno-constant-conversion -Wno-int-conversion -Wno-bool-conversion -Wno-enum-conversion -Wno-float-conversion -Wno-non-literal-null-conversion -Wno-objc-literal-conversion -Wshorten-64-to-32 -Wpointer-sign -Wno-newline-eof -Wno-selector -Wno-strict-selector-match -Wno-undeclared-selector -Wno-deprecated-implementations -Wno-implicit-fallthrough -isysroot /Applications/Xcode.app/Contents/Developer/Platforms/MacOSX.platform/Developer/SDKs/MacOSX27.0.sdk -fstrict-aliasing -Wprotocol -Wdeprecated-declarations -Wno-sign-conversion -Wno-infinite-recursion -Wno-comma -Wno-block-capture-autoreleasing -Wno-strict-prototypes -Wno-semicolon-before-method-body -index-store-path /Users/buddhirajgautam/Library/Developer/Xcode/DerivedData/Telegram-Mac-fygdgghdgmuleoelvxabfmqiotta/Index.noindex/DataStore @/Users/buddhirajgautam/Library/Developer/Xcode/DerivedData/Telegram-Mac-fygdgghdgmuleoelvxabfmqiotta/Build/Intermediates.noindex/Firebase.build/Debug/FirebaseCore-t.build/Objects-normal/arm64/e6072d4f65d7061329687fe24e3d63a7-common-args.resp -MMD -MT dependencies -MF /Users/buddhirajgautam/Library/Developer/Xcode/DerivedData/Telegram-Mac-fygdgghdgmuleoelvxabfmqiotta/Build/Intermediates.noindex/Firebase.build/Debug/FirebaseCore-t.build/Objects-normal/arm64/FIRComponent.d --serialize-diagnostics /Users/buddhirajgautam/Library/Developer/Xcode/DerivedData/Telegram-Mac-fygdgghdgmuleoelvxabfmqiotta/Build/Intermediates.noindex/Firebase.build/Debug/FirebaseCore-t.build/Objects-normal/arm64/FIRComponent.dia -c /Users/buddhirajgautam/Library/Developer/Xcode/DerivedData/Telegram-Mac-fygdgghdgmuleoelvxabfmqiotta/SourcePackages/checkouts/firebase-ios-sdk/FirebaseCore/Sources/FIRComponent.m -o /Users/buddhirajgautam/Library/Developer/Xcode/DerivedData/Telegram-Mac-fygdgghdgmuleoelvxabfmqiotta/Build/Intermediates.noindex/Firebase.build/Debug/FirebaseCore-t.build/Objects-normal/arm64/FIRComponent.o -index-unit-output-path /Firebase.build/Debug/FirebaseCore-t.build/Objects-normal/arm64/FIRComponent.o

CompileC /Users/buddhirajgautam/Library/Developer/Xcode/DerivedData/Telegram-Mac-fygdgghdgmuleoelvxabfmqiotta/Build/Intermediates.noindex/Firebase.build/Debug/FirebaseCore-t.build/Objects-normal/arm64/FIRAnalyticsConfiguration.o /Users/buddhirajgautam/Library/Developer/Xcode/DerivedData/Telegram-Mac-fygdgghdgmuleoelvxabfmqiotta/SourcePackages/checkouts/firebase-ios-sdk/FirebaseCore/Sources/FIRAnalyticsConfiguration.m normal arm64 objective-c com.apple.compilers.llvm.clang.1_0.compiler (in target 'FirebaseCore' from project 'Firebase')
    cd /Users/buddhirajgautam/Documents/Cherrygram-Mac/macOS-Swift
    
    Using response file: /Users/buddhirajgautam/Library/Developer/Xcode/DerivedData/Telegram-Mac-fygdgghdgmuleoelvxabfmqiotta/Build/Intermediates.noindex/Firebase.build/Debug/FirebaseCore-t.build/Objects-normal/arm64/e6072d4f65d7061329687fe24e3d63a7-common-args.resp
    
    /Applications/Xcode.app/Contents/Developer/Toolchains/XcodeDefault.xctoolchain/usr/bin/clang -x objective-c -ivfsstatcache /Users/buddhirajgautam/Library/Developer/Xcode/DerivedData/SDKStatCaches.noindex/macosx27.0-26A425-e829b21a6f8c9b70876ba0858053c0447231f6df4def33e022ae2eb8f782df1a.sdkstatcache -target arm64-apple-macos12.0 -fmessage-length\=0 -fdiagnostics-show-note-include-stack -fmacro-backtrace-limit\=0 -fno-color-diagnostics -fmodules-prune-interval\=86400 -fmodules-prune-after\=345600 -fbuild-session-file\=/Users/buddhirajgautam/Library/Developer/Xcode/DerivedData/ModuleCache.noindex/Session.modulevalidation -fmodules-validate-once-per-build-session -Wnon-modular-include-in-framework-module -Werror\=non-modular-include-in-framework-module -Wno-trigraphs -Wno-missing-field-initializers -Wno-missing-prototypes -Wno-return-type -Wno-implicit-atomic-properties -Wno-objc-interface-ivars -Wno-arc-repeated-use-of-weak -Wno-missing-braces -Wparentheses -Wswitch -Wno-unused-function -Wno-unused-label -Wno-unused-parameter -Wno-unused-variable -Wunused-value -Wno-empty-body -Wno-uninitialized -Wno-unknown-pragmas -w -Wno-shadow -Wno-four-char-constants -Wno-conversion -Wno-constant-conversion -Wno-int-conversion -Wno-bool-conversion -Wno-enum-conversion -Wno-float-conversion -Wno-non-literal-null-conversion -Wno-objc-literal-conversion -Wshorten-64-to-32 -Wpointer-sign -Wno-newline-eof -Wno-selector -Wno-strict-selector-match -Wno-undeclared-selector -Wno-deprecated-implementations -Wno-implicit-fallthrough -isysroot /Applications/Xcode.app/Contents/Developer/Platforms/MacOSX.platform/Developer/SDKs/MacOSX27.0.sdk -fstrict-aliasing -Wprotocol -Wdeprecated-declarations -Wno-sign-conversion -Wno-infinite-recursion -Wno-comma -Wno-block-capture-autoreleasing -Wno-strict-prototypes -Wno-semicolon-before-method-body -index-store-path /Users/buddhirajgautam/Library/Developer/Xcode/DerivedData/Telegram-Mac-fygdgghdgmuleoelvxabfmqiotta/Index.noindex/DataStore @/Users/buddhirajgautam/Library/Developer/Xcode/DerivedData/Telegram-Mac-fygdgghdgmuleoelvxabfmqiotta/Build/Intermediates.noindex/Firebase.build/Debug/FirebaseCore-t.build/Objects-normal/arm64/e6072d4f65d7061329687fe24e3d63a7-common-args.resp -MMD -MT dependencies -MF /Users/buddhirajgautam/Library/Developer/Xcode/DerivedData/Telegram-Mac-fygdgghdgmuleoelvxabfmqiotta/Build/Intermediates.noindex/Firebase.build/Debug/FirebaseCore-t.build/Objects-normal/arm64/FIRAnalyticsConfiguration.d --serialize-diagnostics /Users/buddhirajgautam/Library/Developer/Xcode/DerivedData/Telegram-Mac-fygdgghdgmuleoelvxabfmqiotta/Build/Intermediates.noindex/Firebase.build/Debug/FirebaseCore-t.build/Objects-normal/arm64/FIRAnalyticsConfiguration.dia -c /Users/buddhirajgautam/Library/Developer/Xcode/DerivedData/Telegram-Mac-fygdgghdgmuleoelvxabfmqiotta/SourcePackages/checkouts/firebase-ios-sdk/FirebaseCore/Sources/FIRAnalyticsConfiguration.m -o /Users/buddhirajgautam/Library/Developer/Xcode/DerivedData/Telegram-Mac-fygdgghdgmuleoelvxabfmqiotta/Build/Intermediates.noindex/Firebase.build/Debug/FirebaseCore-t.build/Objects-normal/arm64/FIRAnalyticsConfiguration.o -index-unit-output-path /Firebase.build/Debug/FirebaseCore-t.build/Objects-normal/arm64/FIRAnalyticsConfiguration.o

PrecompileModule /Users/buddhirajgautam/Library/Developer/Xcode/DerivedData/Telegram-Mac-fygdgghdgmuleoelvxabfmqiotta/Build/Intermediates.noindex/ExplicitPrecompiledModules/GoogleUtilities_Logger-3CB3UIP0BX7K6KA6BGOBLD18.scan
    cd /
    builtin-precompileModule /Users/buddhirajgautam/Library/Developer/Xcode/DerivedData/Telegram-Mac-fygdgghdgmuleoelvxabfmqiotta/Build/Intermediates.noindex/ExplicitPrecompiledModules/GoogleUtilities_Logger-3CB3UIP0BX7K6KA6BGOBLD18.scan

PrecompileModule /Users/buddhirajgautam/Library/Developer/Xcode/DerivedData/Telegram-Mac-fygdgghdgmuleoelvxabfmqiotta/Build/Intermediates.noindex/ExplicitPrecompiledModules/CUPS-DUKNJ0XN7O6B4S124FCGLSXPG.scan
    cd /
    builtin-precompileModule /Users/buddhirajgautam/Library/Developer/Xcode/DerivedData/Telegram-Mac-fygdgghdgmuleoelvxabfmqiotta/Build/Intermediates.noindex/ExplicitPrecompiledModules/CUPS-DUKNJ0XN7O6B4S124FCGLSXPG.scan

PrecompileModule /Users/buddhirajgautam/Library/Developer/Xcode/DerivedData/Telegram-Mac-fygdgghdgmuleoelvxabfmqiotta/Build/Intermediates.noindex/ExplicitPrecompiledModules/Symbols-AITJ64K0DXKMDWAI2LOEW4X86.scan
    cd /
    builtin-precompileModule /Users/buddhirajgautam/Library/Developer/Xcode/DerivedData/Telegram-Mac-fygdgghdgmuleoelvxabfmqiotta/Build/Intermediates.noindex/ExplicitPrecompiledModules/Symbols-AITJ64K0DXKMDWAI2LOEW4X86.scan

PrecompileModule /Users/buddhirajgautam/Library/Developer/Xcode/DerivedData/Telegram-Mac-fygdgghdgmuleoelvxabfmqiotta/Build/Intermediates.noindex/ExplicitPrecompiledModules/OpenGL-186LZ9SF7CF4VVHB66LZ63TXY.scan
    cd /
    builtin-precompileModule /Users/buddhirajgautam/Library/Developer/Xcode/DerivedData/Telegram-Mac-fygdgghdgmuleoelvxabfmqiotta/Build/Intermediates.noindex/ExplicitPrecompiledModules/OpenGL-186LZ9SF7CF4VVHB66LZ63TXY.scan

PrecompileModule /Users/buddhirajgautam/Library/Developer/Xcode/DerivedData/Telegram-Mac-fygdgghdgmuleoelvxabfmqiotta/Build/Intermediates.noindex/ExplicitPrecompiledModules/MachO-DYEDSATGIY217ZQ24AMFX6ASL.scan
    cd /
    builtin-precompileModule /Users/buddhirajgautam/Library/Developer/Xcode/DerivedData/Telegram-Mac-fygdgghdgmuleoelvxabfmqiotta/Build/Intermediates.noindex/ExplicitPrecompiledModules/MachO-DYEDSATGIY217ZQ24AMFX6ASL.scan

PrecompileModule /Users/buddhirajgautam/Library/Developer/Xcode/DerivedData/Telegram-Mac-fygdgghdgmuleoelvxabfmqiotta/Build/Intermediates.noindex/ExplicitPrecompiledModules/os_object-62H9M0NM9AOSCVO7YJESKNXHU.scan
    cd /
    builtin-precompileModule /Users/buddhirajgautam/Library/Developer/Xcode/DerivedData/Telegram-Mac-fygdgghdgmuleoelvxabfmqiotta/Build/Intermediates.noindex/ExplicitPrecompiledModules/os_object-62H9M0NM9AOSCVO7YJESKNXHU.scan

PrecompileModule /Users/buddhirajgautam/Library/Developer/Xcode/DerivedData/Telegram-Mac-fygdgghdgmuleoelvxabfmqiotta/Build/Intermediates.noindex/ExplicitPrecompiledModules/MachO-3DFXMLOD4AWRC47102GFQTLZ5.scan
    cd /
    builtin-precompileModule /Users/buddhirajgautam/Library/Developer/Xcode/DerivedData/Telegram-Mac-fygdgghdgmuleoelvxabfmqiotta/Build/Intermediates.noindex/ExplicitPrecompiledModules/MachO-3DFXMLOD4AWRC47102GFQTLZ5.scan

PrecompileModule /Users/buddhirajgautam/Library/Developer/Xcode/DerivedData/Telegram-Mac-fygdgghdgmuleoelvxabfmqiotta/Build/Intermediates.noindex/ExplicitPrecompiledModules/GoogleUtilities_Environment-3PJI6ZMF02IWWQJ7VQ3PO6ZY9.scan
    cd /
    builtin-precompileModule /Users/buddhirajgautam/Library/Developer/Xcode/DerivedData/Telegram-Mac-fygdgghdgmuleoelvxabfmqiotta/Build/Intermediates.noindex/ExplicitPrecompiledModules/GoogleUtilities_Environment-3PJI6ZMF02IWWQJ7VQ3PO6ZY9.scan

PrecompileModule /Users/buddhirajgautam/Library/Developer/Xcode/DerivedData/Telegram-Mac-fygdgghdgmuleoelvxabfmqiotta/Build/Intermediates.noindex/ExplicitPrecompiledModules/libkern-EF3N0RGAMDS7LK1EJIC4UWL8U.scan
    cd /
    builtin-precompileModule /Users/buddhirajgautam/Library/Developer/Xcode/DerivedData/Telegram-Mac-fygdgghdgmuleoelvxabfmqiotta/Build/Intermediates.noindex/ExplicitPrecompiledModules/libkern-EF3N0RGAMDS7LK1EJIC4UWL8U.scan

PrecompileModule /Users/buddhirajgautam/Library/Developer/Xcode/DerivedData/Telegram-Mac-fygdgghdgmuleoelvxabfmqiotta/Build/Intermediates.noindex/ExplicitPrecompiledModules/launch-3J75VKVH6BEKNZXG3MQGAQZY8.scan
    cd /
    builtin-precompileModule /Users/buddhirajgautam/Library/Developer/Xcode/DerivedData/Telegram-Mac-fygdgghdgmuleoelvxabfmqiotta/Build/Intermediates.noindex/ExplicitPrecompiledModules/launch-3J75VKVH6BEKNZXG3MQGAQZY8.scan

PrecompileModule /Users/buddhirajgautam/Library/Developer/Xcode/DerivedData/Telegram-Mac-fygdgghdgmuleoelvxabfmqiotta/Build/Intermediates.noindex/ExplicitPrecompiledModules/ApplicationServices-E9MIW449YB2866FK5N575P1AA.scan
    cd /
    builtin-precompileModule /Users/buddhirajgautam/Library/Developer/Xcode/DerivedData/Telegram-Mac-fygdgghdgmuleoelvxabfmqiotta/Build/Intermediates.noindex/ExplicitPrecompiledModules/ApplicationServices-E9MIW449YB2866FK5N575P1AA.scan

PrecompileModule /Users/buddhirajgautam/Library/Developer/Xcode/DerivedData/Telegram-Mac-fygdgghdgmuleoelvxabfmqiotta/Build/Intermediates.noindex/ExplicitPrecompiledModules/os_workgroup-E5E6038WHYC44EY23HMFSJTUI.scan
    cd /
    builtin-precompileModule /Users/buddhirajgautam/Library/Developer/Xcode/DerivedData/Telegram-Mac-fygdgghdgmuleoelvxabfmqiotta/Build/Intermediates.noindex/ExplicitPrecompiledModules/os_workgroup-E5E6038WHYC44EY23HMFSJTUI.scan

CompileC /Users/buddhirajgautam/Library/Developer/Xcode/DerivedData/Telegram-Mac-fygdgghdgmuleoelvxabfmqiotta/Build/Intermediates.noindex/Firebase.build/Debug/FirebaseCore-t.build/Objects-normal/arm64/FIRLogger.o /Users/buddhirajgautam/Library/Developer/Xcode/DerivedData/Telegram-Mac-fygdgghdgmuleoelvxabfmqiotta/SourcePackages/checkouts/firebase-ios-sdk/FirebaseCore/Sources/FIRLogger.m normal arm64 objective-c com.apple.compilers.llvm.clang.1_0.compiler (in target 'FirebaseCore' from project 'Firebase')
    cd /Users/buddhirajgautam/Documents/Cherrygram-Mac/macOS-Swift
    
    Using response file: /Users/buddhirajgautam/Library/Developer/Xcode/DerivedData/Telegram-Mac-fygdgghdgmuleoelvxabfmqiotta/Build/Intermediates.noindex/Firebase.build/Debug/FirebaseCore-t.build/Objects-normal/arm64/e6072d4f65d7061329687fe24e3d63a7-common-args.resp
    
    /Applications/Xcode.app/Contents/Developer/Toolchains/XcodeDefault.xctoolchain/usr/bin/clang -x objective-c -ivfsstatcache /Users/buddhirajgautam/Library/Developer/Xcode/DerivedData/SDKStatCaches.noindex/macosx27.0-26A425-e829b21a6f8c9b70876ba0858053c0447231f6df4def33e022ae2eb8f782df1a.sdkstatcache -target arm64-apple-macos12.0 -fmessage-length\=0 -fdiagnostics-show-note-include-stack -fmacro-backtrace-limit\=0 -fno-color-diagnostics -fmodules-prune-interval\=86400 -fmodules-prune-after\=345600 -fbuild-session-file\=/Users/buddhirajgautam/Library/Developer/Xcode/DerivedData/ModuleCache.noindex/Session.modulevalidation -fmodules-validate-once-per-build-session -Wnon-modular-include-in-framework-module -Werror\=non-modular-include-in-framework-module -Wno-trigraphs -Wno-missing-field-initializers -Wno-missing-prototypes -Wno-return-type -Wno-implicit-atomic-properties -Wno-objc-interface-ivars -Wno-arc-repeated-use-of-weak -Wno-missing-braces -Wparentheses -Wswitch -Wno-unused-function -Wno-unused-label -Wno-unused-parameter -Wno-unused-variable -Wunused-value -Wno-empty-body -Wno-uninitialized -Wno-unknown-pragmas -w -Wno-shadow -Wno-four-char-constants -Wno-conversion -Wno-constant-conversion -Wno-int-conversion -Wno-bool-conversion -Wno-enum-conversion -Wno-float-conversion -Wno-non-literal-null-conversion -Wno-objc-literal-conversion -Wshorten-64-to-32 -Wpointer-sign -Wno-newline-eof -Wno-selector -Wno-strict-selector-match -Wno-undeclared-selector -Wno-deprecated-implementations -Wno-implicit-fallthrough -isysroot /Applications/Xcode.app/Contents/Developer/Platforms/MacOSX.platform/Developer/SDKs/MacOSX27.0.sdk -fstrict-aliasing -Wprotocol -Wdeprecated-declarations -Wno-sign-conversion -Wno-infinite-recursion -Wno-comma -Wno-block-capture-autoreleasing -Wno-strict-prototypes -Wno-semicolon-before-method-body -index-store-path /Users/buddhirajgautam/Library/Developer/Xcode/DerivedData/Telegram-Mac-fygdgghdgmuleoelvxabfmqiotta/Index.noindex/DataStore @/Users/buddhirajgautam/Library/Developer/Xcode/DerivedData/Telegram-Mac-fygdgghdgmuleoelvxabfmqiotta/Build/Intermediates.noindex/Firebase.build/Debug/FirebaseCore-t.build/Objects-normal/arm64/e6072d4f65d7061329687fe24e3d63a7-common-args.resp -MMD -MT dependencies -MF /Users/buddhirajgautam/Library/Developer/Xcode/DerivedData/Telegram-Mac-fygdgghdgmuleoelvxabfmqiotta/Build/Intermediates.noindex/Firebase.build/Debug/FirebaseCore-t.build/Objects-normal/arm64/FIRLogger.d --serialize-diagnostics /Users/buddhirajgautam/Library/Developer/Xcode/DerivedData/Telegram-Mac-fygdgghdgmuleoelvxabfmqiotta/Build/Intermediates.noindex/Firebase.build/Debug/FirebaseCore-t.build/Objects-normal/arm64/FIRLogger.dia -c /Users/buddhirajgautam/Library/Developer/Xcode/DerivedData/Telegram-Mac-fygdgghdgmuleoelvxabfmqiotta/SourcePackages/checkouts/firebase-ios-sdk/FirebaseCore/Sources/FIRLogger.m -o /Users/buddhirajgautam/Library/Developer/Xcode/DerivedData/Telegram-Mac-fygdgghdgmuleoelvxabfmqiotta/Build/Intermediates.noindex/Firebase.build/Debug/FirebaseCore-t.build/Objects-normal/arm64/FIRLogger.o -index-unit-output-path /Firebase.build/Debug/FirebaseCore-t.build/Objects-normal/arm64/FIRLogger.o

CompileC /Users/buddhirajgautam/Library/Developer/Xcode/DerivedData/Telegram-Mac-fygdgghdgmuleoelvxabfmqiotta/Build/Intermediates.noindex/Firebase.build/Debug/FirebaseCore-t.build/Objects-normal/arm64/FIRFirebaseUserAgent.o /Users/buddhirajgautam/Library/Developer/Xcode/DerivedData/Telegram-Mac-fygdgghdgmuleoelvxabfmqiotta/SourcePackages/checkouts/firebase-ios-sdk/FirebaseCore/Sources/FIRFirebaseUserAgent.m normal arm64 objective-c com.apple.compilers.llvm.clang.1_0.compiler (in target 'FirebaseCore' from project 'Firebase')
    cd /Users/buddhirajgautam/Documents/Cherrygram-Mac/macOS-Swift
    
    Using response file: /Users/buddhirajgautam/Library/Developer/Xcode/DerivedData/Telegram-Mac-fygdgghdgmuleoelvxabfmqiotta/Build/Intermediates.noindex/Firebase.build/Debug/FirebaseCore-t.build/Objects-normal/arm64/e6072d4f65d7061329687fe24e3d63a7-common-args.resp
    
    /Applications/Xcode.app/Contents/Developer/Toolchains/XcodeDefault.xctoolchain/usr/bin/clang -x objective-c -ivfsstatcache /Users/buddhirajgautam/Library/Developer/Xcode/DerivedData/SDKStatCaches.noindex/macosx27.0-26A425-e829b21a6f8c9b70876ba0858053c0447231f6df4def33e022ae2eb8f782df1a.sdkstatcache -target arm64-apple-macos12.0 -fmessage-length\=0 -fdiagnostics-show-note-include-stack -fmacro-backtrace-limit\=0 -fno-color-diagnostics -fmodules-prune-interval\=86400 -fmodules-prune-after\=345600 -fbuild-session-file\=/Users/buddhirajgautam/Library/Developer/Xcode/DerivedData/ModuleCache.noindex/Session.modulevalidation -fmodules-validate-once-per-build-session -Wnon-modular-include-in-framework-module -Werror\=non-modular-include-in-framework-module -Wno-trigraphs -Wno-missing-field-initializers -Wno-missing-prototypes -Wno-return-type -Wno-implicit-atomic-properties -Wno-objc-interface-ivars -Wno-arc-repeated-use-of-weak -Wno-missing-braces -Wparentheses -Wswitch -Wno-unused-function -Wno-unused-label -Wno-unused-parameter -Wno-unused-variable -Wunused-value -Wno-empty-body -Wno-uninitialized -Wno-unknown-pragmas -w -Wno-shadow -Wno-four-char-constants -Wno-conversion -Wno-constant-conversion -Wno-int-conversion -Wno-bool-conversion -Wno-enum-conversion -Wno-float-conversion -Wno-non-literal-null-conversion -Wno-objc-literal-conversion -Wshorten-64-to-32 -Wpointer-sign -Wno-newline-eof -Wno-selector -Wno-strict-selector-match -Wno-undeclared-selector -Wno-deprecated-implementations -Wno-implicit-fallthrough -isysroot /Applications/Xcode.app/Contents/Developer/Platforms/MacOSX.platform/Developer/SDKs/MacOSX27.0.sdk -fstrict-aliasing -Wprotocol -Wdeprecated-declarations -Wno-sign-conversion -Wno-infinite-recursion -Wno-comma -Wno-block-capture-autoreleasing -Wno-strict-prototypes -Wno-semicolon-before-method-body -index-store-path /Users/buddhirajgautam/Library/Developer/Xcode/DerivedData/Telegram-Mac-fygdgghdgmuleoelvxabfmqiotta/Index.noindex/DataStore @/Users/buddhirajgautam/Library/Developer/Xcode/DerivedData/Telegram-Mac-fygdgghdgmuleoelvxabfmqiotta/Build/Intermediates.noindex/Firebase.build/Debug/FirebaseCore-t.build/Objects-normal/arm64/e6072d4f65d7061329687fe24e3d63a7-common-args.resp -MMD -MT dependencies -MF /Users/buddhirajgautam/Library/Developer/Xcode/DerivedData/Telegram-Mac-fygdgghdgmuleoelvxabfmqiotta/Build/Intermediates.noindex/Firebase.build/Debug/FirebaseCore-t.build/Objects-normal/arm64/FIRFirebaseUserAgent.d --serialize-diagnostics /Users/buddhirajgautam/Library/Developer/Xcode/DerivedData/Telegram-Mac-fygdgghdgmuleoelvxabfmqiotta/Build/Intermediates.noindex/Firebase.build/Debug/FirebaseCore-t.build/Objects-normal/arm64/FIRFirebaseUserAgent.dia -c /Users/buddhirajgautam/Library/Developer/Xcode/DerivedData/Telegram-Mac-fygdgghdgmuleoelvxabfmqiotta/SourcePackages/checkouts/firebase-ios-sdk/FirebaseCore/Sources/FIRFirebaseUserAgent.m -o /Users/buddhirajgautam/Library/Developer/Xcode/DerivedData/Telegram-Mac-fygdgghdgmuleoelvxabfmqiotta/Build/Intermediates.noindex/Firebase.build/Debug/FirebaseCore-t.build/Objects-normal/arm64/FIRFirebaseUserAgent.o -index-unit-output-path /Firebase.build/Debug/FirebaseCore-t.build/Objects-normal/arm64/FIRFirebaseUserAgent.o

CompileC /Users/buddhirajgautam/Library/Developer/Xcode/DerivedData/Telegram-Mac-fygdgghdgmuleoelvxabfmqiotta/Build/Intermediates.noindex/Firebase.build/Debug/FirebaseCore-t.build/Objects-normal/arm64/FIRBundleUtil.o /Users/buddhirajgautam/Library/Developer/Xcode/DerivedData/Telegram-Mac-fygdgghdgmuleoelvxabfmqiotta/SourcePackages/checkouts/firebase-ios-sdk/FirebaseCore/Sources/FIRBundleUtil.m normal arm64 objective-c com.apple.compilers.llvm.clang.1_0.compiler (in target 'FirebaseCore' from project 'Firebase')
    cd /Users/buddhirajgautam/Documents/Cherrygram-Mac/macOS-Swift
    
    Using response file: /Users/buddhirajgautam/Library/Developer/Xcode/DerivedData/Telegram-Mac-fygdgghdgmuleoelvxabfmqiotta/Build/Intermediates.noindex/Firebase.build/Debug/FirebaseCore-t.build/Objects-normal/arm64/e6072d4f65d7061329687fe24e3d63a7-common-args.resp
    
    /Applications/Xcode.app/Contents/Developer/Toolchains/XcodeDefault.xctoolchain/usr/bin/clang -x objective-c -ivfsstatcache /Users/buddhirajgautam/Library/Developer/Xcode/DerivedData/SDKStatCaches.noindex/macosx27.0-26A425-e829b21a6f8c9b70876ba0858053c0447231f6df4def33e022ae2eb8f782df1a.sdkstatcache -target arm64-apple-macos12.0 -fmessage-length\=0 -fdiagnostics-show-note-include-stack -fmacro-backtrace-limit\=0 -fno-color-diagnostics -fmodules-prune-interval\=86400 -fmodules-prune-after\=345600 -fbuild-session-file\=/Users/buddhirajgautam/Library/Developer/Xcode/DerivedData/ModuleCache.noindex/Session.modulevalidation -fmodules-validate-once-per-build-session -Wnon-modular-include-in-framework-module -Werror\=non-modular-include-in-framework-module -Wno-trigraphs -Wno-missing-field-initializers -Wno-missing-prototypes -Wno-return-type -Wno-implicit-atomic-properties -Wno-objc-interface-ivars -Wno-arc-repeated-use-of-weak -Wno-missing-braces -Wparentheses -Wswitch -Wno-unused-function -Wno-unused-label -Wno-unused-parameter -Wno-unused-variable -Wunused-value -Wno-empty-body -Wno-uninitialized -Wno-unknown-pragmas -w -Wno-shadow -Wno-four-char-constants -Wno-conversion -Wno-constant-conversion -Wno-int-conversion -Wno-bool-conversion -Wno-enum-conversion -Wno-float-conversion -Wno-non-literal-null-conversion -Wno-objc-literal-conversion -Wshorten-64-to-32 -Wpointer-sign -Wno-newline-eof -Wno-selector -Wno-strict-selector-match -Wno-undeclared-selector -Wno-deprecated-implementations -Wno-implicit-fallthrough -isysroot /Applications/Xcode.app/Contents/Developer/Platforms/MacOSX.platform/Developer/SDKs/MacOSX27.0.sdk -fstrict-aliasing -Wprotocol -Wdeprecated-declarations -Wno-sign-conversion -Wno-infinite-recursion -Wno-comma -Wno-block-capture-autoreleasing -Wno-strict-prototypes -Wno-semicolon-before-method-body -index-store-path /Users/buddhirajgautam/Library/Developer/Xcode/DerivedData/Telegram-Mac-fygdgghdgmuleoelvxabfmqiotta/Index.noindex/DataStore @/Users/buddhirajgautam/Library/Developer/Xcode/DerivedData/Telegram-Mac-fygdgghdgmuleoelvxabfmqiotta/Build/Intermediates.noindex/Firebase.build/Debug/FirebaseCore-t.build/Objects-normal/arm64/e6072d4f65d7061329687fe24e3d63a7-common-args.resp -MMD -MT dependencies -MF /Users/buddhirajgautam/Library/Developer/Xcode/DerivedData/Telegram-Mac-fygdgghdgmuleoelvxabfmqiotta/Build/Intermediates.noindex/Firebase.build/Debug/FirebaseCore-t.build/Objects-normal/arm64/FIRBundleUtil.d --serialize-diagnostics /Users/buddhirajgautam/Library/Developer/Xcode/DerivedData/Telegram-Mac-fygdgghdgmuleoelvxabfmqiotta/Build/Intermediates.noindex/Firebase.build/Debug/FirebaseCore-t.build/Objects-normal/arm64/FIRBundleUtil.dia -c /Users/buddhirajgautam/Library/Developer/Xcode/DerivedData/Telegram-Mac-fygdgghdgmuleoelvxabfmqiotta/SourcePackages/checkouts/firebase-ios-sdk/FirebaseCore/Sources/FIRBundleUtil.m -o /Users/buddhirajgautam/Library/Developer/Xcode/DerivedData/Telegram-Mac-fygdgghdgmuleoelvxabfmqiotta/Build/Intermediates.noindex/Firebase.build/Debug/FirebaseCore-t.build/Objects-normal/arm64/FIRBundleUtil.o -index-unit-output-path /Firebase.build/Debug/FirebaseCore-t.build/Objects-normal/arm64/FIRBundleUtil.o

PrecompileModule /Users/buddhirajgautam/Library/Developer/Xcode/DerivedData/Telegram-Mac-fygdgghdgmuleoelvxabfmqiotta/Build/Intermediates.noindex/ExplicitPrecompiledModules/ObjectiveC-4V9U4KDMNU8LGSJ0YOFWOALLU.scan
    cd /
    builtin-precompileModule /Users/buddhirajgautam/Library/Developer/Xcode/DerivedData/Telegram-Mac-fygdgghdgmuleoelvxabfmqiotta/Build/Intermediates.noindex/ExplicitPrecompiledModules/ObjectiveC-4V9U4KDMNU8LGSJ0YOFWOALLU.scan

PrecompileModule /Users/buddhirajgautam/Library/Developer/Xcode/DerivedData/Telegram-Mac-fygdgghdgmuleoelvxabfmqiotta/Build/Intermediates.noindex/ExplicitPrecompiledModules/FirebaseCoreInternal-4U7EDV9V1C5T3LKI6BY7GOJHZ.scan
    cd /
    builtin-precompileModule /Users/buddhirajgautam/Library/Developer/Xcode/DerivedData/Telegram-Mac-fygdgghdgmuleoelvxabfmqiotta/Build/Intermediates.noindex/ExplicitPrecompiledModules/FirebaseCoreInternal-4U7EDV9V1C5T3LKI6BY7GOJHZ.scan

PrecompileModule /Users/buddhirajgautam/Library/Developer/Xcode/DerivedData/Telegram-Mac-fygdgghdgmuleoelvxabfmqiotta/Build/Intermediates.noindex/ExplicitPrecompiledModules/_LocationEssentials-4EL5QNL858G24GMAYVMPZLVZ2.scan
    cd /
    builtin-precompileModule /Users/buddhirajgautam/Library/Developer/Xcode/DerivedData/Telegram-Mac-fygdgghdgmuleoelvxabfmqiotta/Build/Intermediates.noindex/ExplicitPrecompiledModules/_LocationEssentials-4EL5QNL858G24GMAYVMPZLVZ2.scan

PrecompileModule /Users/buddhirajgautam/Library/Developer/Xcode/DerivedData/Telegram-Mac-fygdgghdgmuleoelvxabfmqiotta/Build/Intermediates.noindex/ExplicitPrecompiledModules/ObjectiveC-BFYAJHNDG1DW829HCWPF8J6V2.scan
    cd /
    builtin-precompileModule /Users/buddhirajgautam/Library/Developer/Xcode/DerivedData/Telegram-Mac-fygdgghdgmuleoelvxabfmqiotta/Build/Intermediates.noindex/ExplicitPrecompiledModules/ObjectiveC-BFYAJHNDG1DW829HCWPF8J6V2.scan

PrecompileModule /Users/buddhirajgautam/Library/Developer/Xcode/DerivedData/Telegram-Mac-fygdgghdgmuleoelvxabfmqiotta/Build/Intermediates.noindex/ExplicitPrecompiledModules/Dispatch-77YVSHLW8OC3AVL722JM9Q1SY.scan
    cd /
    builtin-precompileModule /Users/buddhirajgautam/Library/Developer/Xcode/DerivedData/Telegram-Mac-fygdgghdgmuleoelvxabfmqiotta/Build/Intermediates.noindex/ExplicitPrecompiledModules/Dispatch-77YVSHLW8OC3AVL722JM9Q1SY.scan

PrecompileModule /Users/buddhirajgautam/Library/Developer/Xcode/DerivedData/Telegram-Mac-fygdgghdgmuleoelvxabfmqiotta/Build/Intermediates.noindex/ExplicitPrecompiledModules/IOSurface-3ARTOMX06PXYFAHVIEC6D0NMS.scan
    cd /
    builtin-precompileModule /Users/buddhirajgautam/Library/Developer/Xcode/DerivedData/Telegram-Mac-fygdgghdgmuleoelvxabfmqiotta/Build/Intermediates.noindex/ExplicitPrecompiledModules/IOSurface-3ARTOMX06PXYFAHVIEC6D0NMS.scan

ScanDependencies /Users/buddhirajgautam/Library/Developer/Xcode/DerivedData/Telegram-Mac-fygdgghdgmuleoelvxabfmqiotta/Build/Intermediates.noindex/Firebase.build/Debug/FirebaseCrashlytics-t.build/Objects-normal/arm64/FIRCLSFileManager.o /Users/buddhirajgautam/Library/Developer/Xcode/DerivedData/Telegram-Mac-fygdgghdgmuleoelvxabfmqiotta/SourcePackages/checkouts/firebase-ios-sdk/Crashlytics/Crashlytics/Models/FIRCLSFileManager.m normal arm64 objective-c com.apple.compilers.llvm.clang.1_0.compiler (in target 'FirebaseCrashlytics' from project 'Firebase')
    cd /Users/buddhirajgautam/Documents/Cherrygram-Mac/macOS-Swift
    
    Using response file: /Users/buddhirajgautam/Library/Developer/Xcode/DerivedData/Telegram-Mac-fygdgghdgmuleoelvxabfmqiotta/Build/Intermediates.noindex/Firebase.build/Debug/FirebaseCrashlytics-t.build/Objects-normal/arm64/e6072d4f65d7061329687fe24e3d63a7-common-args.resp
    
    builtin-ScanDependencies -o /Users/buddhirajgautam/Library/Developer/Xcode/DerivedData/Telegram-Mac-fygdgghdgmuleoelvxabfmqiotta/Build/Intermediates.noindex/Firebase.build/Debug/FirebaseCrashlytics-t.build/Objects-normal/arm64/FIRCLSFileManager.o.scan -- /Applications/Xcode.app/Contents/Developer/Toolchains/XcodeDefault.xctoolchain/usr/bin/clang -x objective-c -ivfsstatcache /Users/buddhirajgautam/Library/Developer/Xcode/DerivedData/SDKStatCaches.noindex/macosx27.0-26A425-e829b21a6f8c9b70876ba0858053c0447231f6df4def33e022ae2eb8f782df1a.sdkstatcache -target arm64-apple-macos12.0 -fmessage-length\=0 -fdiagnostics-show-note-include-stack -fmacro-backtrace-limit\=0 -fno-color-diagnostics -fmodules-prune-interval\=86400 -fmodules-prune-after\=345600 -fbuild-session-file\=/Users/buddhirajgautam/Library/Developer/Xcode/DerivedData/ModuleCache.noindex/Session.modulevalidation -fmodules-validate-once-per-build-session -Wnon-modular-include-in-framework-module -Werror\=non-modular-include-in-framework-module -Wno-trigraphs -Wno-missing-field-initializers -Wno-missing-prototypes -Wno-return-type -Wno-implicit-atomic-properties -Wno-objc-interface-ivars -Wno-arc-repeated-use-of-weak -Wno-missing-braces -Wparentheses -Wswitch -Wno-unused-function -Wno-unused-label -Wno-unused-parameter -Wno-unused-variable -Wunused-value -Wno-empty-body -Wno-uninitialized -Wno-unknown-pragmas -w -Wno-shadow -Wno-four-char-constants -Wno-conversion -Wno-constant-conversion -Wno-int-conversion -Wno-bool-conversion -Wno-enum-conversion -Wno-float-conversion -Wno-non-literal-null-conversion -Wno-objc-literal-conversion -Wshorten-64-to-32 -Wpointer-sign -Wno-newline-eof -Wno-selector -Wno-strict-selector-match -Wno-undeclared-selector -Wno-deprecated-implementations -Wno-implicit-fallthrough -isysroot /Applications/Xcode.app/Contents/Developer/Platforms/MacOSX.platform/Developer/SDKs/MacOSX27.0.sdk -fstrict-aliasing -Wprotocol -Wdeprecated-declarations -Wno-sign-conversion -Wno-infinite-recursion -Wno-comma -Wno-block-capture-autoreleasing -Wno-strict-prototypes -Wno-semicolon-before-method-body -index-store-path /Users/buddhirajgautam/Library/Developer/Xcode/DerivedData/Telegram-Mac-fygdgghdgmuleoelvxabfmqiotta/Index.noindex/DataStore @/Users/buddhirajgautam/Library/Developer/Xcode/DerivedData/Telegram-Mac-fygdgghdgmuleoelvxabfmqiotta/Build/Intermediates.noindex/Firebase.build/Debug/FirebaseCrashlytics-t.build/Objects-normal/arm64/e6072d4f65d7061329687fe24e3d63a7-common-args.resp -MMD -MT dependencies -MF /Users/buddhirajgautam/Library/Developer/Xcode/DerivedData/Telegram-Mac-fygdgghdgmuleoelvxabfmqiotta/Build/Intermediates.noindex/Firebase.build/Debug/FirebaseCrashlytics-t.build/Objects-normal/arm64/FIRCLSFileManager.d --serialize-diagnostics /Users/buddhirajgautam/Library/Developer/Xcode/DerivedData/Telegram-Mac-fygdgghdgmuleoelvxabfmqiotta/Build/Intermediates.noindex/Firebase.build/Debug/FirebaseCrashlytics-t.build/Objects-normal/arm64/FIRCLSFileManager.dia -c /Users/buddhirajgautam/Library/Developer/Xcode/DerivedData/Telegram-Mac-fygdgghdgmuleoelvxabfmqiotta/SourcePackages/checkouts/firebase-ios-sdk/Crashlytics/Crashlytics/Models/FIRCLSFileManager.m -o /Users/buddhirajgautam/Library/Developer/Xcode/DerivedData/Telegram-Mac-fygdgghdgmuleoelvxabfmqiotta/Build/Intermediates.noindex/Firebase.build/Debug/FirebaseCrashlytics-t.build/Objects-normal/arm64/FIRCLSFileManager.o -index-unit-output-path /Firebase.build/Debug/FirebaseCrashlytics-t.build/Objects-normal/arm64/FIRCLSFileManager.o

PrecompileModule /Users/buddhirajgautam/Library/Developer/Xcode/DerivedData/Telegram-Mac-fygdgghdgmuleoelvxabfmqiotta/Build/Intermediates.noindex/ExplicitPrecompiledModules/os_object-9ORTFQ3OH1PJ52FZJJB6E2OI1.scan
    cd /
    builtin-precompileModule /Users/buddhirajgautam/Library/Developer/Xcode/DerivedData/Telegram-Mac-fygdgghdgmuleoelvxabfmqiotta/Build/Intermediates.noindex/ExplicitPrecompiledModules/os_object-9ORTFQ3OH1PJ52FZJJB6E2OI1.scan

CompileC /Users/buddhirajgautam/Library/Developer/Xcode/DerivedData/Telegram-Mac-fygdgghdgmuleoelvxabfmqiotta/Build/Intermediates.noindex/Firebase.build/Debug/FirebaseCore-t.build/Objects-normal/arm64/FIRHeartbeatLogger.o /Users/buddhirajgautam/Library/Developer/Xcode/DerivedData/Telegram-Mac-fygdgghdgmuleoelvxabfmqiotta/SourcePackages/checkouts/firebase-ios-sdk/FirebaseCore/Sources/FIRHeartbeatLogger.m normal arm64 objective-c com.apple.compilers.llvm.clang.1_0.compiler (in target 'FirebaseCore' from project 'Firebase')
    cd /Users/buddhirajgautam/Documents/Cherrygram-Mac/macOS-Swift
    
    Using response file: /Users/buddhirajgautam/Library/Developer/Xcode/DerivedData/Telegram-Mac-fygdgghdgmuleoelvxabfmqiotta/Build/Intermediates.noindex/Firebase.build/Debug/FirebaseCore-t.build/Objects-normal/arm64/e6072d4f65d7061329687fe24e3d63a7-common-args.resp
    
    /Applications/Xcode.app/Contents/Developer/Toolchains/XcodeDefault.xctoolchain/usr/bin/clang -x objective-c -ivfsstatcache /Users/buddhirajgautam/Library/Developer/Xcode/DerivedData/SDKStatCaches.noindex/macosx27.0-26A425-e829b21a6f8c9b70876ba0858053c0447231f6df4def33e022ae2eb8f782df1a.sdkstatcache -target arm64-apple-macos12.0 -fmessage-length\=0 -fdiagnostics-show-note-include-stack -fmacro-backtrace-limit\=0 -fno-color-diagnostics -fmodules-prune-interval\=86400 -fmodules-prune-after\=345600 -fbuild-session-file\=/Users/buddhirajgautam/Library/Developer/Xcode/DerivedData/ModuleCache.noindex/Session.modulevalidation -fmodules-validate-once-per-build-session -Wnon-modular-include-in-framework-module -Werror\=non-modular-include-in-framework-module -Wno-trigraphs -Wno-missing-field-initializers -Wno-missing-prototypes -Wno-return-type -Wno-implicit-atomic-properties -Wno-objc-interface-ivars -Wno-arc-repeated-use-of-weak -Wno-missing-braces -Wparentheses -Wswitch -Wno-unused-function -Wno-unused-label -Wno-unused-parameter -Wno-unused-variable -Wunused-value -Wno-empty-body -Wno-uninitialized -Wno-unknown-pragmas -w -Wno-shadow -Wno-four-char-constants -Wno-conversion -Wno-constant-conversion -Wno-int-conversion -Wno-bool-conversion -Wno-enum-conversion -Wno-float-conversion -Wno-non-literal-null-conversion -Wno-objc-literal-conversion -Wshorten-64-to-32 -Wpointer-sign -Wno-newline-eof -Wno-selector -Wno-strict-selector-match -Wno-undeclared-selector -Wno-deprecated-implementations -Wno-implicit-fallthrough -isysroot /Applications/Xcode.app/Contents/Developer/Platforms/MacOSX.platform/Developer/SDKs/MacOSX27.0.sdk -fstrict-aliasing -Wprotocol -Wdeprecated-declarations -Wno-sign-conversion -Wno-infinite-recursion -Wno-comma -Wno-block-capture-autoreleasing -Wno-strict-prototypes -Wno-semicolon-before-method-body -index-store-path /Users/buddhirajgautam/Library/Developer/Xcode/DerivedData/Telegram-Mac-fygdgghdgmuleoelvxabfmqiotta/Index.noindex/DataStore @/Users/buddhirajgautam/Library/Developer/Xcode/DerivedData/Telegram-Mac-fygdgghdgmuleoelvxabfmqiotta/Build/Intermediates.noindex/Firebase.build/Debug/FirebaseCore-t.build/Objects-normal/arm64/e6072d4f65d7061329687fe24e3d63a7-common-args.resp -MMD -MT dependencies -MF /Users/buddhirajgautam/Library/Developer/Xcode/DerivedData/Telegram-Mac-fygdgghdgmuleoelvxabfmqiotta/Build/Intermediates.noindex/Firebase.build/Debug/FirebaseCore-t.build/Objects-normal/arm64/FIRHeartbeatLogger.d --serialize-diagnostics /Users/buddhirajgautam/Library/Developer/Xcode/DerivedData/Telegram-Mac-fygdgghdgmuleoelvxabfmqiotta/Build/Intermediates.noindex/Firebase.build/Debug/FirebaseCore-t.build/Objects-normal/arm64/FIRHeartbeatLogger.dia -c /Users/buddhirajgautam/Library/Developer/Xcode/DerivedData/Telegram-Mac-fygdgghdgmuleoelvxabfmqiotta/SourcePackages/checkouts/firebase-ios-sdk/FirebaseCore/Sources/FIRHeartbeatLogger.m -o /Users/buddhirajgautam/Library/Developer/Xcode/DerivedData/Telegram-Mac-fygdgghdgmuleoelvxabfmqiotta/Build/Intermediates.noindex/Firebase.build/Debug/FirebaseCore-t.build/Objects-normal/arm64/FIRHeartbeatLogger.o -index-unit-output-path /Firebase.build/Debug/FirebaseCore-t.build/Objects-normal/arm64/FIRHeartbeatLogger.o

PrecompileModule /Users/buddhirajgautam/Library/Developer/Xcode/DerivedData/Telegram-Mac-fygdgghdgmuleoelvxabfmqiotta/Build/Intermediates.noindex/ExplicitPrecompiledModules/CoreLocation-2ZOP8JMKI1Y73GGMN491DLEI5.scan
    cd /
    builtin-precompileModule /Users/buddhirajgautam/Library/Developer/Xcode/DerivedData/Telegram-Mac-fygdgghdgmuleoelvxabfmqiotta/Build/Intermediates.noindex/ExplicitPrecompiledModules/CoreLocation-2ZOP8JMKI1Y73GGMN491DLEI5.scan

ScanDependencies /Users/buddhirajgautam/Library/Developer/Xcode/DerivedData/Telegram-Mac-fygdgghdgmuleoelvxabfmqiotta/Build/Intermediates.noindex/Firebase.build/Debug/FirebaseCrashlytics-t.build/Objects-normal/arm64/FIRCLSFile.o /Users/buddhirajgautam/Library/Developer/Xcode/DerivedData/Telegram-Mac-fygdgghdgmuleoelvxabfmqiotta/SourcePackages/checkouts/firebase-ios-sdk/Crashlytics/Crashlytics/Helpers/FIRCLSFile.m normal arm64 objective-c com.apple.compilers.llvm.clang.1_0.compiler (in target 'FirebaseCrashlytics' from project 'Firebase')
    cd /Users/buddhirajgautam/Documents/Cherrygram-Mac/macOS-Swift
    
    Using response file: /Users/buddhirajgautam/Library/Developer/Xcode/DerivedData/Telegram-Mac-fygdgghdgmuleoelvxabfmqiotta/Build/Intermediates.noindex/Firebase.build/Debug/FirebaseCrashlytics-t.build/Objects-normal/arm64/e6072d4f65d7061329687fe24e3d63a7-common-args.resp
    
    builtin-ScanDependencies -o /Users/buddhirajgautam/Library/Developer/Xcode/DerivedData/Telegram-Mac-fygdgghdgmuleoelvxabfmqiotta/Build/Intermediates.noindex/Firebase.build/Debug/FirebaseCrashlytics-t.build/Objects-normal/arm64/FIRCLSFile.o.scan -- /Applications/Xcode.app/Contents/Developer/Toolchains/XcodeDefault.xctoolchain/usr/bin/clang -x objective-c -ivfsstatcache /Users/buddhirajgautam/Library/Developer/Xcode/DerivedData/SDKStatCaches.noindex/macosx27.0-26A425-e829b21a6f8c9b70876ba0858053c0447231f6df4def33e022ae2eb8f782df1a.sdkstatcache -target arm64-apple-macos12.0 -fmessage-length\=0 -fdiagnostics-show-note-include-stack -fmacro-backtrace-limit\=0 -fno-color-diagnostics -fmodules-prune-interval\=86400 -fmodules-prune-after\=345600 -fbuild-session-file\=/Users/buddhirajgautam/Library/Developer/Xcode/DerivedData/ModuleCache.noindex/Session.modulevalidation -fmodules-validate-once-per-build-session -Wnon-modular-include-in-framework-module -Werror\=non-modular-include-in-framework-module -Wno-trigraphs -Wno-missing-field-initializers -Wno-missing-prototypes -Wno-return-type -Wno-implicit-atomic-properties -Wno-objc-interface-ivars -Wno-arc-repeated-use-of-weak -Wno-missing-braces -Wparentheses -Wswitch -Wno-unused-function -Wno-unused-label -Wno-unused-parameter -Wno-unused-variable -Wunused-value -Wno-empty-body -Wno-uninitialized -Wno-unknown-pragmas -w -Wno-shadow -Wno-four-char-constants -Wno-conversion -Wno-constant-conversion -Wno-int-conversion -Wno-bool-conversion -Wno-enum-conversion -Wno-float-conversion -Wno-non-literal-null-conversion -Wno-objc-literal-conversion -Wshorten-64-to-32 -Wpointer-sign -Wno-newline-eof -Wno-selector -Wno-strict-selector-match -Wno-undeclared-selector -Wno-deprecated-implementations -Wno-implicit-fallthrough -isysroot /Applications/Xcode.app/Contents/Developer/Platforms/MacOSX.platform/Developer/SDKs/MacOSX27.0.sdk -fstrict-aliasing -Wprotocol -Wdeprecated-declarations -Wno-sign-conversion -Wno-infinite-recursion -Wno-comma -Wno-block-capture-autoreleasing -Wno-strict-prototypes -Wno-semicolon-before-method-body -index-store-path /Users/buddhirajgautam/Library/Developer/Xcode/DerivedData/Telegram-Mac-fygdgghdgmuleoelvxabfmqiotta/Index.noindex/DataStore @/Users/buddhirajgautam/Library/Developer/Xcode/DerivedData/Telegram-Mac-fygdgghdgmuleoelvxabfmqiotta/Build/Intermediates.noindex/Firebase.build/Debug/FirebaseCrashlytics-t.build/Objects-normal/arm64/e6072d4f65d7061329687fe24e3d63a7-common-args.resp -MMD -MT dependencies -MF /Users/buddhirajgautam/Library/Developer/Xcode/DerivedData/Telegram-Mac-fygdgghdgmuleoelvxabfmqiotta/Build/Intermediates.noindex/Firebase.build/Debug/FirebaseCrashlytics-t.build/Objects-normal/arm64/FIRCLSFile.d --serialize-diagnostics /Users/buddhirajgautam/Library/Developer/Xcode/DerivedData/Telegram-Mac-fygdgghdgmuleoelvxabfmqiotta/Build/Intermediates.noindex/Firebase.build/Debug/FirebaseCrashlytics-t.build/Objects-normal/arm64/FIRCLSFile.dia -c /Users/buddhirajgautam/Library/Developer/Xcode/DerivedData/Telegram-Mac-fygdgghdgmuleoelvxabfmqiotta/SourcePackages/checkouts/firebase-ios-sdk/Crashlytics/Crashlytics/Helpers/FIRCLSFile.m -o /Users/buddhirajgautam/Library/Developer/Xcode/DerivedData/Telegram-Mac-fygdgghdgmuleoelvxabfmqiotta/Build/Intermediates.noindex/Firebase.build/Debug/FirebaseCrashlytics-t.build/Objects-normal/arm64/FIRCLSFile.o -index-unit-output-path /Firebase.build/Debug/FirebaseCrashlytics-t.build/Objects-normal/arm64/FIRCLSFile.o

PrecompileModule /Users/buddhirajgautam/Library/Developer/Xcode/DerivedData/Telegram-Mac-fygdgghdgmuleoelvxabfmqiotta/Build/Intermediates.noindex/ExplicitPrecompiledModules/CoreFoundation-ABWJ6EGZ43YKHXHWSUXYE7QLL.scan
    cd /
    builtin-precompileModule /Users/buddhirajgautam/Library/Developer/Xcode/DerivedData/Telegram-Mac-fygdgghdgmuleoelvxabfmqiotta/Build/Intermediates.noindex/ExplicitPrecompiledModules/CoreFoundation-ABWJ6EGZ43YKHXHWSUXYE7QLL.scan

ScanDependencies /Users/buddhirajgautam/Library/Developer/Xcode/DerivedData/Telegram-Mac-fygdgghdgmuleoelvxabfmqiotta/Build/Intermediates.noindex/Firebase.build/Debug/FirebaseCrashlytics-t.build/Objects-normal/arm64/FIRCLSFABNetworkClient.o /Users/buddhirajgautam/Library/Developer/Xcode/DerivedData/Telegram-Mac-fygdgghdgmuleoelvxabfmqiotta/SourcePackages/checkouts/firebase-ios-sdk/Crashlytics/Shared/FIRCLSNetworking/FIRCLSFABNetworkClient.m normal arm64 objective-c com.apple.compilers.llvm.clang.1_0.compiler (in target 'FirebaseCrashlytics' from project 'Firebase')
    cd /Users/buddhirajgautam/Documents/Cherrygram-Mac/macOS-Swift
    
    Using response file: /Users/buddhirajgautam/Library/Developer/Xcode/DerivedData/Telegram-Mac-fygdgghdgmuleoelvxabfmqiotta/Build/Intermediates.noindex/Firebase.build/Debug/FirebaseCrashlytics-t.build/Objects-normal/arm64/e6072d4f65d7061329687fe24e3d63a7-common-args.resp
    
    builtin-ScanDependencies -o /Users/buddhirajgautam/Library/Developer/Xcode/DerivedData/Telegram-Mac-fygdgghdgmuleoelvxabfmqiotta/Build/Intermediates.noindex/Firebase.build/Debug/FirebaseCrashlytics-t.build/Objects-normal/arm64/FIRCLSFABNetworkClient.o.scan -- /Applications/Xcode.app/Contents/Developer/Toolchains/XcodeDefault.xctoolchain/usr/bin/clang -x objective-c -ivfsstatcache /Users/buddhirajgautam/Library/Developer/Xcode/DerivedData/SDKStatCaches.noindex/macosx27.0-26A425-e829b21a6f8c9b70876ba0858053c0447231f6df4def33e022ae2eb8f782df1a.sdkstatcache -target arm64-apple-macos12.0 -fmessage-length\=0 -fdiagnostics-show-note-include-stack -fmacro-backtrace-limit\=0 -fno-color-diagnostics -fmodules-prune-interval\=86400 -fmodules-prune-after\=345600 -fbuild-session-file\=/Users/buddhirajgautam/Library/Developer/Xcode/DerivedData/ModuleCache.noindex/Session.modulevalidation -fmodules-validate-once-per-build-session -Wnon-modular-include-in-framework-module -Werror\=non-modular-include-in-framework-module -Wno-trigraphs -Wno-missing-field-initializers -Wno-missing-prototypes -Wno-return-type -Wno-implicit-atomic-properties -Wno-objc-interface-ivars -Wno-arc-repeated-use-of-weak -Wno-missing-braces -Wparentheses -Wswitch -Wno-unused-function -Wno-unused-label -Wno-unused-parameter -Wno-unused-variable -Wunused-value -Wno-empty-body -Wno-uninitialized -Wno-unknown-pragmas -w -Wno-shadow -Wno-four-char-constants -Wno-conversion -Wno-constant-conversion -Wno-int-conversion -Wno-bool-conversion -Wno-enum-conversion -Wno-float-conversion -Wno-non-literal-null-conversion -Wno-objc-literal-conversion -Wshorten-64-to-32 -Wpointer-sign -Wno-newline-eof -Wno-selector -Wno-strict-selector-match -Wno-undeclared-selector -Wno-deprecated-implementations -Wno-implicit-fallthrough -isysroot /Applications/Xcode.app/Contents/Developer/Platforms/MacOSX.platform/Developer/SDKs/MacOSX27.0.sdk -fstrict-aliasing -Wprotocol -Wdeprecated-declarations -Wno-sign-conversion -Wno-infinite-recursion -Wno-comma -Wno-block-capture-autoreleasing -Wno-strict-prototypes -Wno-semicolon-before-method-body -index-store-path /Users/buddhirajgautam/Library/Developer/Xcode/DerivedData/Telegram-Mac-fygdgghdgmuleoelvxabfmqiotta/Index.noindex/DataStore @/Users/buddhirajgautam/Library/Developer/Xcode/DerivedData/Telegram-Mac-fygdgghdgmuleoelvxabfmqiotta/Build/Intermediates.noindex/Firebase.build/Debug/FirebaseCrashlytics-t.build/Objects-normal/arm64/e6072d4f65d7061329687fe24e3d63a7-common-args.resp -MMD -MT dependencies -MF /Users/buddhirajgautam/Library/Developer/Xcode/DerivedData/Telegram-Mac-fygdgghdgmuleoelvxabfmqiotta/Build/Intermediates.noindex/Firebase.build/Debug/FirebaseCrashlytics-t.build/Objects-normal/arm64/FIRCLSFABNetworkClient.d --serialize-diagnostics /Users/buddhirajgautam/Library/Developer/Xcode/DerivedData/Telegram-Mac-fygdgghdgmuleoelvxabfmqiotta/Build/Intermediates.noindex/Firebase.build/Debug/FirebaseCrashlytics-t.build/Objects-normal/arm64/FIRCLSFABNetworkClient.dia -c /Users/buddhirajgautam/Library/Developer/Xcode/DerivedData/Telegram-Mac-fygdgghdgmuleoelvxabfmqiotta/SourcePackages/checkouts/firebase-ios-sdk/Crashlytics/Shared/FIRCLSNetworking/FIRCLSFABNetworkClient.m -o /Users/buddhirajgautam/Library/Developer/Xcode/DerivedData/Telegram-Mac-fygdgghdgmuleoelvxabfmqiotta/Build/Intermediates.noindex/Firebase.build/Debug/FirebaseCrashlytics-t.build/Objects-normal/arm64/FIRCLSFABNetworkClient.o -index-unit-output-path /Firebase.build/Debug/FirebaseCrashlytics-t.build/Objects-normal/arm64/FIRCLSFABNetworkClient.o

ScanDependencies /Users/buddhirajgautam/Library/Developer/Xcode/DerivedData/Telegram-Mac-fygdgghdgmuleoelvxabfmqiotta/Build/Intermediates.noindex/Firebase.build/Debug/FirebaseCrashlytics-t.build/Objects-normal/arm64/FIRCLSFABHost.o /Users/buddhirajgautam/Library/Developer/Xcode/DerivedData/Telegram-Mac-fygdgghdgmuleoelvxabfmqiotta/SourcePackages/checkouts/firebase-ios-sdk/Crashlytics/Shared/FIRCLSFABHost.m normal arm64 objective-c com.apple.compilers.llvm.clang.1_0.compiler (in target 'FirebaseCrashlytics' from project 'Firebase')
    cd /Users/buddhirajgautam/Documents/Cherrygram-Mac/macOS-Swift
    
    Using response file: /Users/buddhirajgautam/Library/Developer/Xcode/DerivedData/Telegram-Mac-fygdgghdgmuleoelvxabfmqiotta/Build/Intermediates.noindex/Firebase.build/Debug/FirebaseCrashlytics-t.build/Objects-normal/arm64/e6072d4f65d7061329687fe24e3d63a7-common-args.resp
    
    builtin-ScanDependencies -o /Users/buddhirajgautam/Library/Developer/Xcode/DerivedData/Telegram-Mac-fygdgghdgmuleoelvxabfmqiotta/Build/Intermediates.noindex/Firebase.build/Debug/FirebaseCrashlytics-t.build/Objects-normal/arm64/FIRCLSFABHost.o.scan -- /Applications/Xcode.app/Contents/Developer/Toolchains/XcodeDefault.xctoolchain/usr/bin/clang -x objective-c -ivfsstatcache /Users/buddhirajgautam/Library/Developer/Xcode/DerivedData/SDKStatCaches.noindex/macosx27.0-26A425-e829b21a6f8c9b70876ba0858053c0447231f6df4def33e022ae2eb8f782df1a.sdkstatcache -target arm64-apple-macos12.0 -fmessage-length\=0 -fdiagnostics-show-note-include-stack -fmacro-backtrace-limit\=0 -fno-color-diagnostics -fmodules-prune-interval\=86400 -fmodules-prune-after\=345600 -fbuild-session-file\=/Users/buddhirajgautam/Library/Developer/Xcode/DerivedData/ModuleCache.noindex/Session.modulevalidation -fmodules-validate-once-per-build-session -Wnon-modular-include-in-framework-module -Werror\=non-modular-include-in-framework-module -Wno-trigraphs -Wno-missing-field-initializers -Wno-missing-prototypes -Wno-return-type -Wno-implicit-atomic-properties -Wno-objc-interface-ivars -Wno-arc-repeated-use-of-weak -Wno-missing-braces -Wparentheses -Wswitch -Wno-unused-function -Wno-unused-label -Wno-unused-parameter -Wno-unused-variable -Wunused-value -Wno-empty-body -Wno-uninitialized -Wno-unknown-pragmas -w -Wno-shadow -Wno-four-char-constants -Wno-conversion -Wno-constant-conversion -Wno-int-conversion -Wno-bool-conversion -Wno-enum-conversion -Wno-float-conversion -Wno-non-literal-null-conversion -Wno-objc-literal-conversion -Wshorten-64-to-32 -Wpointer-sign -Wno-newline-eof -Wno-selector -Wno-strict-selector-match -Wno-undeclared-selector -Wno-deprecated-implementations -Wno-implicit-fallthrough -isysroot /Applications/Xcode.app/Contents/Developer/Platforms/MacOSX.platform/Developer/SDKs/MacOSX27.0.sdk -fstrict-aliasing -Wprotocol -Wdeprecated-declarations -Wno-sign-conversion -Wno-infinite-recursion -Wno-comma -Wno-block-capture-autoreleasing -Wno-strict-prototypes -Wno-semicolon-before-method-body -index-store-path /Users/buddhirajgautam/Library/Developer/Xcode/DerivedData/Telegram-Mac-fygdgghdgmuleoelvxabfmqiotta/Index.noindex/DataStore @/Users/buddhirajgautam/Library/Developer/Xcode/DerivedData/Telegram-Mac-fygdgghdgmuleoelvxabfmqiotta/Build/Intermediates.noindex/Firebase.build/Debug/FirebaseCrashlytics-t.build/Objects-normal/arm64/e6072d4f65d7061329687fe24e3d63a7-common-args.resp -MMD -MT dependencies -MF /Users/buddhirajgautam/Library/Developer/Xcode/DerivedData/Telegram-Mac-fygdgghdgmuleoelvxabfmqiotta/Build/Intermediates.noindex/Firebase.build/Debug/FirebaseCrashlytics-t.build/Objects-normal/arm64/FIRCLSFABHost.d --serialize-diagnostics /Users/buddhirajgautam/Library/Developer/Xcode/DerivedData/Telegram-Mac-fygdgghdgmuleoelvxabfmqiotta/Build/Intermediates.noindex/Firebase.build/Debug/FirebaseCrashlytics-t.build/Objects-normal/arm64/FIRCLSFABHost.dia -c /Users/buddhirajgautam/Library/Developer/Xcode/DerivedData/Telegram-Mac-fygdgghdgmuleoelvxabfmqiotta/SourcePackages/checkouts/firebase-ios-sdk/Crashlytics/Shared/FIRCLSFABHost.m -o /Users/buddhirajgautam/Library/Developer/Xcode/DerivedData/Telegram-Mac-fygdgghdgmuleoelvxabfmqiotta/Build/Intermediates.noindex/Firebase.build/Debug/FirebaseCrashlytics-t.build/Objects-normal/arm64/FIRCLSFABHost.o -index-unit-output-path /Firebase.build/Debug/FirebaseCrashlytics-t.build/Objects-normal/arm64/FIRCLSFABHost.o

PrecompileModule /Users/buddhirajgautam/Library/Developer/Xcode/DerivedData/Telegram-Mac-fygdgghdgmuleoelvxabfmqiotta/Build/Intermediates.noindex/ExplicitPrecompiledModules/Metal-D9NKHQ6LRJAJB6FP5MG3R92J5.scan
    cd /
    builtin-precompileModule /Users/buddhirajgautam/Library/Developer/Xcode/DerivedData/Telegram-Mac-fygdgghdgmuleoelvxabfmqiotta/Build/Intermediates.noindex/ExplicitPrecompiledModules/Metal-D9NKHQ6LRJAJB6FP5MG3R92J5.scan

PrecompileModule /Users/buddhirajgautam/Library/Developer/Xcode/DerivedData/Telegram-Mac-fygdgghdgmuleoelvxabfmqiotta/Build/Intermediates.noindex/ExplicitPrecompiledModules/os_workgroup-DC122VSYMSK2PELZKZE7ED9ES.scan
    cd /
    builtin-precompileModule /Users/buddhirajgautam/Library/Developer/Xcode/DerivedData/Telegram-Mac-fygdgghdgmuleoelvxabfmqiotta/Build/Intermediates.noindex/ExplicitPrecompiledModules/os_workgroup-DC122VSYMSK2PELZKZE7ED9ES.scan

ScanDependencies /Users/buddhirajgautam/Library/Developer/Xcode/DerivedData/Telegram-Mac-fygdgghdgmuleoelvxabfmqiotta/Build/Intermediates.noindex/Firebase.build/Debug/FirebaseCrashlytics-t.build/Objects-normal/arm64/FIRCLSFABAsyncOperation.o /Users/buddhirajgautam/Library/Developer/Xcode/DerivedData/Telegram-Mac-fygdgghdgmuleoelvxabfmqiotta/SourcePackages/checkouts/firebase-ios-sdk/Crashlytics/Shared/FIRCLSOperation/FIRCLSFABAsyncOperation.m normal arm64 objective-c com.apple.compilers.llvm.clang.1_0.compiler (in target 'FirebaseCrashlytics' from project 'Firebase')
    cd /Users/buddhirajgautam/Documents/Cherrygram-Mac/macOS-Swift
    
    Using response file: /Users/buddhirajgautam/Library/Developer/Xcode/DerivedData/Telegram-Mac-fygdgghdgmuleoelvxabfmqiotta/Build/Intermediates.noindex/Firebase.build/Debug/FirebaseCrashlytics-t.build/Objects-normal/arm64/e6072d4f65d7061329687fe24e3d63a7-common-args.resp
    
    builtin-ScanDependencies -o /Users/buddhirajgautam/Library/Developer/Xcode/DerivedData/Telegram-Mac-fygdgghdgmuleoelvxabfmqiotta/Build/Intermediates.noindex/Firebase.build/Debug/FirebaseCrashlytics-t.build/Objects-normal/arm64/FIRCLSFABAsyncOperation.o.scan -- /Applications/Xcode.app/Contents/Developer/Toolchains/XcodeDefault.xctoolchain/usr/bin/clang -x objective-c -ivfsstatcache /Users/buddhirajgautam/Library/Developer/Xcode/DerivedData/SDKStatCaches.noindex/macosx27.0-26A425-e829b21a6f8c9b70876ba0858053c0447231f6df4def33e022ae2eb8f782df1a.sdkstatcache -target arm64-apple-macos12.0 -fmessage-length\=0 -fdiagnostics-show-note-include-stack -fmacro-backtrace-limit\=0 -fno-color-diagnostics -fmodules-prune-interval\=86400 -fmodules-prune-after\=345600 -fbuild-session-file\=/Users/buddhirajgautam/Library/Developer/Xcode/DerivedData/ModuleCache.noindex/Session.modulevalidation -fmodules-validate-once-per-build-session -Wnon-modular-include-in-framework-module -Werror\=non-modular-include-in-framework-module -Wno-trigraphs -Wno-missing-field-initializers -Wno-missing-prototypes -Wno-return-type -Wno-implicit-atomic-properties -Wno-objc-interface-ivars -Wno-arc-repeated-use-of-weak -Wno-missing-braces -Wparentheses -Wswitch -Wno-unused-function -Wno-unused-label -Wno-unused-parameter -Wno-unused-variable -Wunused-value -Wno-empty-body -Wno-uninitialized -Wno-unknown-pragmas -w -Wno-shadow -Wno-four-char-constants -Wno-conversion -Wno-constant-conversion -Wno-int-conversion -Wno-bool-conversion -Wno-enum-conversion -Wno-float-conversion -Wno-non-literal-null-conversion -Wno-objc-literal-conversion -Wshorten-64-to-32 -Wpointer-sign -Wno-newline-eof -Wno-selector -Wno-strict-selector-match -Wno-undeclared-selector -Wno-deprecated-implementations -Wno-implicit-fallthrough -isysroot /Applications/Xcode.app/Contents/Developer/Platforms/MacOSX.platform/Developer/SDKs/MacOSX27.0.sdk -fstrict-aliasing -Wprotocol -Wdeprecated-declarations -Wno-sign-conversion -Wno-infinite-recursion -Wno-comma -Wno-block-capture-autoreleasing -Wno-strict-prototypes -Wno-semicolon-before-method-body -index-store-path /Users/buddhirajgautam/Library/Developer/Xcode/DerivedData/Telegram-Mac-fygdgghdgmuleoelvxabfmqiotta/Index.noindex/DataStore @/Users/buddhirajgautam/Library/Developer/Xcode/DerivedData/Telegram-Mac-fygdgghdgmuleoelvxabfmqiotta/Build/Intermediates.noindex/Firebase.build/Debug/FirebaseCrashlytics-t.build/Objects-normal/arm64/e6072d4f65d7061329687fe24e3d63a7-common-args.resp -MMD -MT dependencies -MF /Users/buddhirajgautam/Library/Developer/Xcode/DerivedData/Telegram-Mac-fygdgghdgmuleoelvxabfmqiotta/Build/Intermediates.noindex/Firebase.build/Debug/FirebaseCrashlytics-t.build/Objects-normal/arm64/FIRCLSFABAsyncOperation.d --serialize-diagnostics /Users/buddhirajgautam/Library/Developer/Xcode/DerivedData/Telegram-Mac-fygdgghdgmuleoelvxabfmqiotta/Build/Intermediates.noindex/Firebase.build/Debug/FirebaseCrashlytics-t.build/Objects-normal/arm64/FIRCLSFABAsyncOperation.dia -c /Users/buddhirajgautam/Library/Developer/Xcode/DerivedData/Telegram-Mac-fygdgghdgmuleoelvxabfmqiotta/SourcePackages/checkouts/firebase-ios-sdk/Crashlytics/Shared/FIRCLSOperation/FIRCLSFABAsyncOperation.m -o /Users/buddhirajgautam/Library/Developer/Xcode/DerivedData/Telegram-Mac-fygdgghdgmuleoelvxabfmqiotta/Build/Intermediates.noindex/Firebase.build/Debug/FirebaseCrashlytics-t.build/Objects-normal/arm64/FIRCLSFABAsyncOperation.o -index-unit-output-path /Firebase.build/Debug/FirebaseCrashlytics-t.build/Objects-normal/arm64/FIRCLSFABAsyncOperation.o

ScanDependencies /Users/buddhirajgautam/Library/Developer/Xcode/DerivedData/Telegram-Mac-fygdgghdgmuleoelvxabfmqiotta/Build/Intermediates.noindex/Firebase.build/Debug/FirebaseCrashlytics-t.build/Objects-normal/arm64/FIRCLSExistingReportManager.o /Users/buddhirajgautam/Library/Developer/Xcode/DerivedData/Telegram-Mac-fygdgghdgmuleoelvxabfmqiotta/SourcePackages/checkouts/firebase-ios-sdk/Crashlytics/Crashlytics/Controllers/FIRCLSExistingReportManager.m normal arm64 objective-c com.apple.compilers.llvm.clang.1_0.compiler (in target 'FirebaseCrashlytics' from project 'Firebase')
    cd /Users/buddhirajgautam/Documents/Cherrygram-Mac/macOS-Swift
    
    Using response file: /Users/buddhirajgautam/Library/Developer/Xcode/DerivedData/Telegram-Mac-fygdgghdgmuleoelvxabfmqiotta/Build/Intermediates.noindex/Firebase.build/Debug/FirebaseCrashlytics-t.build/Objects-normal/arm64/e6072d4f65d7061329687fe24e3d63a7-common-args.resp
    
    builtin-ScanDependencies -o /Users/buddhirajgautam/Library/Developer/Xcode/DerivedData/Telegram-Mac-fygdgghdgmuleoelvxabfmqiotta/Build/Intermediates.noindex/Firebase.build/Debug/FirebaseCrashlytics-t.build/Objects-normal/arm64/FIRCLSExistingReportManager.o.scan -- /Applications/Xcode.app/Contents/Developer/Toolchains/XcodeDefault.xctoolchain/usr/bin/clang -x objective-c -ivfsstatcache /Users/buddhirajgautam/Library/Developer/Xcode/DerivedData/SDKStatCaches.noindex/macosx27.0-26A425-e829b21a6f8c9b70876ba0858053c0447231f6df4def33e022ae2eb8f782df1a.sdkstatcache -target arm64-apple-macos12.0 -fmessage-length\=0 -fdiagnostics-show-note-include-stack -fmacro-backtrace-limit\=0 -fno-color-diagnostics -fmodules-prune-interval\=86400 -fmodules-prune-after\=345600 -fbuild-session-file\=/Users/buddhirajgautam/Library/Developer/Xcode/DerivedData/ModuleCache.noindex/Session.modulevalidation -fmodules-validate-once-per-build-session -Wnon-modular-include-in-framework-module -Werror\=non-modular-include-in-framework-module -Wno-trigraphs -Wno-missing-field-initializers -Wno-missing-prototypes -Wno-return-type -Wno-implicit-atomic-properties -Wno-objc-interface-ivars -Wno-arc-repeated-use-of-weak -Wno-missing-braces -Wparentheses -Wswitch -Wno-unused-function -Wno-unused-label -Wno-unused-parameter -Wno-unused-variable -Wunused-value -Wno-empty-body -Wno-uninitialized -Wno-unknown-pragmas -w -Wno-shadow -Wno-four-char-constants -Wno-conversion -Wno-constant-conversion -Wno-int-conversion -Wno-bool-conversion -Wno-enum-conversion -Wno-float-conversion -Wno-non-literal-null-conversion -Wno-objc-literal-conversion -Wshorten-64-to-32 -Wpointer-sign -Wno-newline-eof -Wno-selector -Wno-strict-selector-match -Wno-undeclared-selector -Wno-deprecated-implementations -Wno-implicit-fallthrough -isysroot /Applications/Xcode.app/Contents/Developer/Platforms/MacOSX.platform/Developer/SDKs/MacOSX27.0.sdk -fstrict-aliasing -Wprotocol -Wdeprecated-declarations -Wno-sign-conversion -Wno-infinite-recursion -Wno-comma -Wno-block-capture-autoreleasing -Wno-strict-prototypes -Wno-semicolon-before-method-body -index-store-path /Users/buddhirajgautam/Library/Developer/Xcode/DerivedData/Telegram-Mac-fygdgghdgmuleoelvxabfmqiotta/Index.noindex/DataStore @/Users/buddhirajgautam/Library/Developer/Xcode/DerivedData/Telegram-Mac-fygdgghdgmuleoelvxabfmqiotta/Build/Intermediates.noindex/Firebase.build/Debug/FirebaseCrashlytics-t.build/Objects-normal/arm64/e6072d4f65d7061329687fe24e3d63a7-common-args.resp -MMD -MT dependencies -MF /Users/buddhirajgautam/Library/Developer/Xcode/DerivedData/Telegram-Mac-fygdgghdgmuleoelvxabfmqiotta/Build/Intermediates.noindex/Firebase.build/Debug/FirebaseCrashlytics-t.build/Objects-normal/arm64/FIRCLSExistingReportManager.d --serialize-diagnostics /Users/buddhirajgautam/Library/Developer/Xcode/DerivedData/Telegram-Mac-fygdgghdgmuleoelvxabfmqiotta/Build/Intermediates.noindex/Firebase.build/Debug/FirebaseCrashlytics-t.build/Objects-normal/arm64/FIRCLSExistingReportManager.dia -c /Users/buddhirajgautam/Library/Developer/Xcode/DerivedData/Telegram-Mac-fygdgghdgmuleoelvxabfmqiotta/SourcePackages/checkouts/firebase-ios-sdk/Crashlytics/Crashlytics/Controllers/FIRCLSExistingReportManager.m -o /Users/buddhirajgautam/Library/Developer/Xcode/DerivedData/Telegram-Mac-fygdgghdgmuleoelvxabfmqiotta/Build/Intermediates.noindex/Firebase.build/Debug/FirebaseCrashlytics-t.build/Objects-normal/arm64/FIRCLSExistingReportManager.o -index-unit-output-path /Firebase.build/Debug/FirebaseCrashlytics-t.build/Objects-normal/arm64/FIRCLSExistingReportManager.o

ScanDependencies /Users/buddhirajgautam/Library/Developer/Xcode/DerivedData/Telegram-Mac-fygdgghdgmuleoelvxabfmqiotta/Build/Intermediates.noindex/Firebase.build/Debug/FirebaseCrashlytics-t.build/Objects-normal/arm64/FIRCLSExecutionIdentifierModel.o /Users/buddhirajgautam/Library/Developer/Xcode/DerivedData/Telegram-Mac-fygdgghdgmuleoelvxabfmqiotta/SourcePackages/checkouts/firebase-ios-sdk/Crashlytics/Crashlytics/Models/FIRCLSExecutionIdentifierModel.m normal arm64 objective-c com.apple.compilers.llvm.clang.1_0.compiler (in target 'FirebaseCrashlytics' from project 'Firebase')
    cd /Users/buddhirajgautam/Documents/Cherrygram-Mac/macOS-Swift
    
    Using response file: /Users/buddhirajgautam/Library/Developer/Xcode/DerivedData/Telegram-Mac-fygdgghdgmuleoelvxabfmqiotta/Build/Intermediates.noindex/Firebase.build/Debug/FirebaseCrashlytics-t.build/Objects-normal/arm64/e6072d4f65d7061329687fe24e3d63a7-common-args.resp
    
    builtin-ScanDependencies -o /Users/buddhirajgautam/Library/Developer/Xcode/DerivedData/Telegram-Mac-fygdgghdgmuleoelvxabfmqiotta/Build/Intermediates.noindex/Firebase.build/Debug/FirebaseCrashlytics-t.build/Objects-normal/arm64/FIRCLSExecutionIdentifierModel.o.scan -- /Applications/Xcode.app/Contents/Developer/Toolchains/XcodeDefault.xctoolchain/usr/bin/clang -x objective-c -ivfsstatcache /Users/buddhirajgautam/Library/Developer/Xcode/DerivedData/SDKStatCaches.noindex/macosx27.0-26A425-e829b21a6f8c9b70876ba0858053c0447231f6df4def33e022ae2eb8f782df1a.sdkstatcache -target arm64-apple-macos12.0 -fmessage-length\=0 -fdiagnostics-show-note-include-stack -fmacro-backtrace-limit\=0 -fno-color-diagnostics -fmodules-prune-interval\=86400 -fmodules-prune-after\=345600 -fbuild-session-file\=/Users/buddhirajgautam/Library/Developer/Xcode/DerivedData/ModuleCache.noindex/Session.modulevalidation -fmodules-validate-once-per-build-session -Wnon-modular-include-in-framework-module -Werror\=non-modular-include-in-framework-module -Wno-trigraphs -Wno-missing-field-initializers -Wno-missing-prototypes -Wno-return-type -Wno-implicit-atomic-properties -Wno-objc-interface-ivars -Wno-arc-repeated-use-of-weak -Wno-missing-braces -Wparentheses -Wswitch -Wno-unused-function -Wno-unused-label -Wno-unused-parameter -Wno-unused-variable -Wunused-value -Wno-empty-body -Wno-uninitialized -Wno-unknown-pragmas -w -Wno-shadow -Wno-four-char-constants -Wno-conversion -Wno-constant-conversion -Wno-int-conversion -Wno-bool-conversion -Wno-enum-conversion -Wno-float-conversion -Wno-non-literal-null-conversion -Wno-objc-literal-conversion -Wshorten-64-to-32 -Wpointer-sign -Wno-newline-eof -Wno-selector -Wno-strict-selector-match -Wno-undeclared-selector -Wno-deprecated-implementations -Wno-implicit-fallthrough -isysroot /Applications/Xcode.app/Contents/Developer/Platforms/MacOSX.platform/Developer/SDKs/MacOSX27.0.sdk -fstrict-aliasing -Wprotocol -Wdeprecated-declarations -Wno-sign-conversion -Wno-infinite-recursion -Wno-comma -Wno-block-capture-autoreleasing -Wno-strict-prototypes -Wno-semicolon-before-method-body -index-store-path /Users/buddhirajgautam/Library/Developer/Xcode/DerivedData/Telegram-Mac-fygdgghdgmuleoelvxabfmqiotta/Index.noindex/DataStore @/Users/buddhirajgautam/Library/Developer/Xcode/DerivedData/Telegram-Mac-fygdgghdgmuleoelvxabfmqiotta/Build/Intermediates.noindex/Firebase.build/Debug/FirebaseCrashlytics-t.build/Objects-normal/arm64/e6072d4f65d7061329687fe24e3d63a7-common-args.resp -MMD -MT dependencies -MF /Users/buddhirajgautam/Library/Developer/Xcode/DerivedData/Telegram-Mac-fygdgghdgmuleoelvxabfmqiotta/Build/Intermediates.noindex/Firebase.build/Debug/FirebaseCrashlytics-t.build/Objects-normal/arm64/FIRCLSExecutionIdentifierModel.d --serialize-diagnostics /Users/buddhirajgautam/Library/Developer/Xcode/DerivedData/Telegram-Mac-fygdgghdgmuleoelvxabfmqiotta/Build/Intermediates.noindex/Firebase.build/Debug/FirebaseCrashlytics-t.build/Objects-normal/arm64/FIRCLSExecutionIdentifierModel.dia -c /Users/buddhirajgautam/Library/Developer/Xcode/DerivedData/Telegram-Mac-fygdgghdgmuleoelvxabfmqiotta/SourcePackages/checkouts/firebase-ios-sdk/Crashlytics/Crashlytics/Models/FIRCLSExecutionIdentifierModel.m -o /Users/buddhirajgautam/Library/Developer/Xcode/DerivedData/Telegram-Mac-fygdgghdgmuleoelvxabfmqiotta/Build/Intermediates.noindex/Firebase.build/Debug/FirebaseCrashlytics-t.build/Objects-normal/arm64/FIRCLSExecutionIdentifierModel.o -index-unit-output-path /Firebase.build/Debug/FirebaseCrashlytics-t.build/Objects-normal/arm64/FIRCLSExecutionIdentifierModel.o

ScanDependencies /Users/buddhirajgautam/Library/Developer/Xcode/DerivedData/Telegram-Mac-fygdgghdgmuleoelvxabfmqiotta/Build/Intermediates.noindex/Firebase.build/Debug/FirebaseCrashlytics-t.build/Objects-normal/arm64/FIRCLSDwarfUnwind.o /Users/buddhirajgautam/Library/Developer/Xcode/DerivedData/Telegram-Mac-fygdgghdgmuleoelvxabfmqiotta/SourcePackages/checkouts/firebase-ios-sdk/Crashlytics/Crashlytics/Unwind/Dwarf/FIRCLSDwarfUnwind.c normal arm64 c com.apple.compilers.llvm.clang.1_0.compiler (in target 'FirebaseCrashlytics' from project 'Firebase')
    cd /Users/buddhirajgautam/Documents/Cherrygram-Mac/macOS-Swift
    
    Using response file: /Users/buddhirajgautam/Library/Developer/Xcode/DerivedData/Telegram-Mac-fygdgghdgmuleoelvxabfmqiotta/Build/Intermediates.noindex/Firebase.build/Debug/FirebaseCrashlytics-t.build/Objects-normal/arm64/7187679823f38a2a940e0043cdf9d637-common-args.resp
    
    builtin-ScanDependencies -o /Users/buddhirajgautam/Library/Developer/Xcode/DerivedData/Telegram-Mac-fygdgghdgmuleoelvxabfmqiotta/Build/Intermediates.noindex/Firebase.build/Debug/FirebaseCrashlytics-t.build/Objects-normal/arm64/FIRCLSDwarfUnwind.o.scan -- /Applications/Xcode.app/Contents/Developer/Toolchains/XcodeDefault.xctoolchain/usr/bin/clang -x c -ivfsstatcache /Users/buddhirajgautam/Library/Developer/Xcode/DerivedData/SDKStatCaches.noindex/macosx27.0-26A425-e829b21a6f8c9b70876ba0858053c0447231f6df4def33e022ae2eb8f782df1a.sdkstatcache -target arm64-apple-macos12.0 -fmessage-length\=0 -fdiagnostics-show-note-include-stack -fmacro-backtrace-limit\=0 -fno-color-diagnostics -fmodules-prune-interval\=86400 -fmodules-prune-after\=345600 -fbuild-session-file\=/Users/buddhirajgautam/Library/Developer/Xcode/DerivedData/ModuleCache.noindex/Session.modulevalidation -fmodules-validate-once-per-build-session -Wnon-modular-include-in-framework-module -Werror\=non-modular-include-in-framework-module -Wno-trigraphs -Wno-missing-field-initializers -Wno-missing-prototypes -Wno-return-type -Wno-missing-braces -Wparentheses -Wswitch -Wno-unused-function -Wno-unused-label -Wno-unused-parameter -Wno-unused-variable -Wunused-value -Wno-empty-body -Wno-uninitialized -Wno-unknown-pragmas -w -Wno-shadow -Wno-four-char-constants -Wno-conversion -Wno-constant-conversion -Wno-int-conversion -Wno-bool-conversion -Wno-enum-conversion -Wno-float-conversion -Wno-non-literal-null-conversion -Wno-objc-literal-conversion -Wshorten-64-to-32 -Wpointer-sign -Wno-newline-eof -Wno-implicit-fallthrough -isysroot /Applications/Xcode.app/Contents/Developer/Platforms/MacOSX.platform/Developer/SDKs/MacOSX27.0.sdk -fstrict-aliasing -Wdeprecated-declarations -Wno-sign-conversion -Wno-infinite-recursion -Wno-comma -Wno-block-capture-autoreleasing -Wno-strict-prototypes -Wno-semicolon-before-method-body -index-store-path /Users/buddhirajgautam/Library/Developer/Xcode/DerivedData/Telegram-Mac-fygdgghdgmuleoelvxabfmqiotta/Index.noindex/DataStore @/Users/buddhirajgautam/Library/Developer/Xcode/DerivedData/Telegram-Mac-fygdgghdgmuleoelvxabfmqiotta/Build/Intermediates.noindex/Firebase.build/Debug/FirebaseCrashlytics-t.build/Objects-normal/arm64/7187679823f38a2a940e0043cdf9d637-common-args.resp -MMD -MT dependencies -MF /Users/buddhirajgautam/Library/Developer/Xcode/DerivedData/Telegram-Mac-fygdgghdgmuleoelvxabfmqiotta/Build/Intermediates.noindex/Firebase.build/Debug/FirebaseCrashlytics-t.build/Objects-normal/arm64/FIRCLSDwarfUnwind.d --serialize-diagnostics /Users/buddhirajgautam/Library/Developer/Xcode/DerivedData/Telegram-Mac-fygdgghdgmuleoelvxabfmqiotta/Build/Intermediates.noindex/Firebase.build/Debug/FirebaseCrashlytics-t.build/Objects-normal/arm64/FIRCLSDwarfUnwind.dia -c /Users/buddhirajgautam/Library/Developer/Xcode/DerivedData/Telegram-Mac-fygdgghdgmuleoelvxabfmqiotta/SourcePackages/checkouts/firebase-ios-sdk/Crashlytics/Crashlytics/Unwind/Dwarf/FIRCLSDwarfUnwind.c -o /Users/buddhirajgautam/Library/Developer/Xcode/DerivedData/Telegram-Mac-fygdgghdgmuleoelvxabfmqiotta/Build/Intermediates.noindex/Firebase.build/Debug/FirebaseCrashlytics-t.build/Objects-normal/arm64/FIRCLSDwarfUnwind.o -index-unit-output-path /Firebase.build/Debug/FirebaseCrashlytics-t.build/Objects-normal/arm64/FIRCLSDwarfUnwind.o

ScanDependencies /Users/buddhirajgautam/Library/Developer/Xcode/DerivedData/Telegram-Mac-fygdgghdgmuleoelvxabfmqiotta/Build/Intermediates.noindex/Firebase.build/Debug/FirebaseCrashlytics-t.build/Objects-normal/arm64/FIRCLSDwarfExpressionMachine.o /Users/buddhirajgautam/Library/Developer/Xcode/DerivedData/Telegram-Mac-fygdgghdgmuleoelvxabfmqiotta/SourcePackages/checkouts/firebase-ios-sdk/Crashlytics/Crashlytics/Unwind/Dwarf/FIRCLSDwarfExpressionMachine.c normal arm64 c com.apple.compilers.llvm.clang.1_0.compiler (in target 'FirebaseCrashlytics' from project 'Firebase')
    cd /Users/buddhirajgautam/Documents/Cherrygram-Mac/macOS-Swift
    
    Using response file: /Users/buddhirajgautam/Library/Developer/Xcode/DerivedData/Telegram-Mac-fygdgghdgmuleoelvxabfmqiotta/Build/Intermediates.noindex/Firebase.build/Debug/FirebaseCrashlytics-t.build/Objects-normal/arm64/7187679823f38a2a940e0043cdf9d637-common-args.resp
    
    builtin-ScanDependencies -o /Users/buddhirajgautam/Library/Developer/Xcode/DerivedData/Telegram-Mac-fygdgghdgmuleoelvxabfmqiotta/Build/Intermediates.noindex/Firebase.build/Debug/FirebaseCrashlytics-t.build/Objects-normal/arm64/FIRCLSDwarfExpressionMachine.o.scan -- /Applications/Xcode.app/Contents/Developer/Toolchains/XcodeDefault.xctoolchain/usr/bin/clang -x c -ivfsstatcache /Users/buddhirajgautam/Library/Developer/Xcode/DerivedData/SDKStatCaches.noindex/macosx27.0-26A425-e829b21a6f8c9b70876ba0858053c0447231f6df4def33e022ae2eb8f782df1a.sdkstatcache -target arm64-apple-macos12.0 -fmessage-length\=0 -fdiagnostics-show-note-include-stack -fmacro-backtrace-limit\=0 -fno-color-diagnostics -fmodules-prune-interval\=86400 -fmodules-prune-after\=345600 -fbuild-session-file\=/Users/buddhirajgautam/Library/Developer/Xcode/DerivedData/ModuleCache.noindex/Session.modulevalidation -fmodules-validate-once-per-build-session -Wnon-modular-include-in-framework-module -Werror\=non-modular-include-in-framework-module -Wno-trigraphs -Wno-missing-field-initializers -Wno-missing-prototypes -Wno-return-type -Wno-missing-braces -Wparentheses -Wswitch -Wno-unused-function -Wno-unused-label -Wno-unused-parameter -Wno-unused-variable -Wunused-value -Wno-empty-body -Wno-uninitialized -Wno-unknown-pragmas -w -Wno-shadow -Wno-four-char-constants -Wno-conversion -Wno-constant-conversion -Wno-int-conversion -Wno-bool-conversion -Wno-enum-conversion -Wno-float-conversion -Wno-non-literal-null-conversion -Wno-objc-literal-conversion -Wshorten-64-to-32 -Wpointer-sign -Wno-newline-eof -Wno-implicit-fallthrough -isysroot /Applications/Xcode.app/Contents/Developer/Platforms/MacOSX.platform/Developer/SDKs/MacOSX27.0.sdk -fstrict-aliasing -Wdeprecated-declarations -Wno-sign-conversion -Wno-infinite-recursion -Wno-comma -Wno-block-capture-autoreleasing -Wno-strict-prototypes -Wno-semicolon-before-method-body -index-store-path /Users/buddhirajgautam/Library/Developer/Xcode/DerivedData/Telegram-Mac-fygdgghdgmuleoelvxabfmqiotta/Index.noindex/DataStore @/Users/buddhirajgautam/Library/Developer/Xcode/DerivedData/Telegram-Mac-fygdgghdgmuleoelvxabfmqiotta/Build/Intermediates.noindex/Firebase.build/Debug/FirebaseCrashlytics-t.build/Objects-normal/arm64/7187679823f38a2a940e0043cdf9d637-common-args.resp -MMD -MT dependencies -MF /Users/buddhirajgautam/Library/Developer/Xcode/DerivedData/Telegram-Mac-fygdgghdgmuleoelvxabfmqiotta/Build/Intermediates.noindex/Firebase.build/Debug/FirebaseCrashlytics-t.build/Objects-normal/arm64/FIRCLSDwarfExpressionMachine.d --serialize-diagnostics /Users/buddhirajgautam/Library/Developer/Xcode/DerivedData/Telegram-Mac-fygdgghdgmuleoelvxabfmqiotta/Build/Intermediates.noindex/Firebase.build/Debug/FirebaseCrashlytics-t.build/Objects-normal/arm64/FIRCLSDwarfExpressionMachine.dia -c /Users/buddhirajgautam/Library/Developer/Xcode/DerivedData/Telegram-Mac-fygdgghdgmuleoelvxabfmqiotta/SourcePackages/checkouts/firebase-ios-sdk/Crashlytics/Crashlytics/Unwind/Dwarf/FIRCLSDwarfExpressionMachine.c -o /Users/buddhirajgautam/Library/Developer/Xcode/DerivedData/Telegram-Mac-fygdgghdgmuleoelvxabfmqiotta/Build/Intermediates.noindex/Firebase.build/Debug/FirebaseCrashlytics-t.build/Objects-normal/arm64/FIRCLSDwarfExpressionMachine.o -index-unit-output-path /Firebase.build/Debug/FirebaseCrashlytics-t.build/Objects-normal/arm64/FIRCLSDwarfExpressionMachine.o

PrecompileModule /Users/buddhirajgautam/Library/Developer/Xcode/DerivedData/Telegram-Mac-fygdgghdgmuleoelvxabfmqiotta/Build/Intermediates.noindex/ExplicitPrecompiledModules/Dispatch-71R5AJVCKRA086SSTZIOZQFGP.scan
    cd /
    builtin-precompileModule /Users/buddhirajgautam/Library/Developer/Xcode/DerivedData/Telegram-Mac-fygdgghdgmuleoelvxabfmqiotta/Build/Intermediates.noindex/ExplicitPrecompiledModules/Dispatch-71R5AJVCKRA086SSTZIOZQFGP.scan

ScanDependencies /Users/buddhirajgautam/Library/Developer/Xcode/DerivedData/Telegram-Mac-fygdgghdgmuleoelvxabfmqiotta/Build/Intermediates.noindex/Firebase.build/Debug/FirebaseCrashlytics-t.build/Objects-normal/arm64/FIRCLSDownloadAndSaveSettingsOperation.o /Users/buddhirajgautam/Library/Developer/Xcode/DerivedData/Telegram-Mac-fygdgghdgmuleoelvxabfmqiotta/SourcePackages/checkouts/firebase-ios-sdk/Crashlytics/Crashlytics/Settings/Operations/FIRCLSDownloadAndSaveSettingsOperation.m normal arm64 objective-c com.apple.compilers.llvm.clang.1_0.compiler (in target 'FirebaseCrashlytics' from project 'Firebase')
    cd /Users/buddhirajgautam/Documents/Cherrygram-Mac/macOS-Swift
    
    Using response file: /Users/buddhirajgautam/Library/Developer/Xcode/DerivedData/Telegram-Mac-fygdgghdgmuleoelvxabfmqiotta/Build/Intermediates.noindex/Firebase.build/Debug/FirebaseCrashlytics-t.build/Objects-normal/arm64/e6072d4f65d7061329687fe24e3d63a7-common-args.resp
    
    builtin-ScanDependencies -o /Users/buddhirajgautam/Library/Developer/Xcode/DerivedData/Telegram-Mac-fygdgghdgmuleoelvxabfmqiotta/Build/Intermediates.noindex/Firebase.build/Debug/FirebaseCrashlytics-t.build/Objects-normal/arm64/FIRCLSDownloadAndSaveSettingsOperation.o.scan -- /Applications/Xcode.app/Contents/Developer/Toolchains/XcodeDefault.xctoolchain/usr/bin/clang -x objective-c -ivfsstatcache /Users/buddhirajgautam/Library/Developer/Xcode/DerivedData/SDKStatCaches.noindex/macosx27.0-26A425-e829b21a6f8c9b70876ba0858053c0447231f6df4def33e022ae2eb8f782df1a.sdkstatcache -target arm64-apple-macos12.0 -fmessage-length\=0 -fdiagnostics-show-note-include-stack -fmacro-backtrace-limit\=0 -fno-color-diagnostics -fmodules-prune-interval\=86400 -fmodules-prune-after\=345600 -fbuild-session-file\=/Users/buddhirajgautam/Library/Developer/Xcode/DerivedData/ModuleCache.noindex/Session.modulevalidation -fmodules-validate-once-per-build-session -Wnon-modular-include-in-framework-module -Werror\=non-modular-include-in-framework-module -Wno-trigraphs -Wno-missing-field-initializers -Wno-missing-prototypes -Wno-return-type -Wno-implicit-atomic-properties -Wno-objc-interface-ivars -Wno-arc-repeated-use-of-weak -Wno-missing-braces -Wparentheses -Wswitch -Wno-unused-function -Wno-unused-label -Wno-unused-parameter -Wno-unused-variable -Wunused-value -Wno-empty-body -Wno-uninitialized -Wno-unknown-pragmas -w -Wno-shadow -Wno-four-char-constants -Wno-conversion -Wno-constant-conversion -Wno-int-conversion -Wno-bool-conversion -Wno-enum-conversion -Wno-float-conversion -Wno-non-literal-null-conversion -Wno-objc-literal-conversion -Wshorten-64-to-32 -Wpointer-sign -Wno-newline-eof -Wno-selector -Wno-strict-selector-match -Wno-undeclared-selector -Wno-deprecated-implementations -Wno-implicit-fallthrough -isysroot /Applications/Xcode.app/Contents/Developer/Platforms/MacOSX.platform/Developer/SDKs/MacOSX27.0.sdk -fstrict-aliasing -Wprotocol -Wdeprecated-declarations -Wno-sign-conversion -Wno-infinite-recursion -Wno-comma -Wno-block-capture-autoreleasing -Wno-strict-prototypes -Wno-semicolon-before-method-body -index-store-path /Users/buddhirajgautam/Library/Developer/Xcode/DerivedData/Telegram-Mac-fygdgghdgmuleoelvxabfmqiotta/Index.noindex/DataStore @/Users/buddhirajgautam/Library/Developer/Xcode/DerivedData/Telegram-Mac-fygdgghdgmuleoelvxabfmqiotta/Build/Intermediates.noindex/Firebase.build/Debug/FirebaseCrashlytics-t.build/Objects-normal/arm64/e6072d4f65d7061329687fe24e3d63a7-common-args.resp -MMD -MT dependencies -MF /Users/buddhirajgautam/Library/Developer/Xcode/DerivedData/Telegram-Mac-fygdgghdgmuleoelvxabfmqiotta/Build/Intermediates.noindex/Firebase.build/Debug/FirebaseCrashlytics-t.build/Objects-normal/arm64/FIRCLSDownloadAndSaveSettingsOperation.d --serialize-diagnostics /Users/buddhirajgautam/Library/Developer/Xcode/DerivedData/Telegram-Mac-fygdgghdgmuleoelvxabfmqiotta/Build/Intermediates.noindex/Firebase.build/Debug/FirebaseCrashlytics-t.build/Objects-normal/arm64/FIRCLSDownloadAndSaveSettingsOperation.dia -c /Users/buddhirajgautam/Library/Developer/Xcode/DerivedData/Telegram-Mac-fygdgghdgmuleoelvxabfmqiotta/SourcePackages/checkouts/firebase-ios-sdk/Crashlytics/Crashlytics/Settings/Operations/FIRCLSDownloadAndSaveSettingsOperation.m -o /Users/buddhirajgautam/Library/Developer/Xcode/DerivedData/Telegram-Mac-fygdgghdgmuleoelvxabfmqiotta/Build/Intermediates.noindex/Firebase.build/Debug/FirebaseCrashlytics-t.build/Objects-normal/arm64/FIRCLSDownloadAndSaveSettingsOperation.o -index-unit-output-path /Firebase.build/Debug/FirebaseCrashlytics-t.build/Objects-normal/arm64/FIRCLSDownloadAndSaveSettingsOperation.o

ScanDependencies /Users/buddhirajgautam/Library/Developer/Xcode/DerivedData/Telegram-Mac-fygdgghdgmuleoelvxabfmqiotta/Build/Intermediates.noindex/Firebase.build/Debug/FirebaseCrashlytics-t.build/Objects-normal/arm64/FIRCLSDataParsing.o /Users/buddhirajgautam/Library/Developer/Xcode/DerivedData/Telegram-Mac-fygdgghdgmuleoelvxabfmqiotta/SourcePackages/checkouts/firebase-ios-sdk/Crashlytics/Crashlytics/Unwind/Dwarf/FIRCLSDataParsing.c normal arm64 c com.apple.compilers.llvm.clang.1_0.compiler (in target 'FirebaseCrashlytics' from project 'Firebase')
    cd /Users/buddhirajgautam/Documents/Cherrygram-Mac/macOS-Swift
    
    Using response file: /Users/buddhirajgautam/Library/Developer/Xcode/DerivedData/Telegram-Mac-fygdgghdgmuleoelvxabfmqiotta/Build/Intermediates.noindex/Firebase.build/Debug/FirebaseCrashlytics-t.build/Objects-normal/arm64/7187679823f38a2a940e0043cdf9d637-common-args.resp
    
    builtin-ScanDependencies -o /Users/buddhirajgautam/Library/Developer/Xcode/DerivedData/Telegram-Mac-fygdgghdgmuleoelvxabfmqiotta/Build/Intermediates.noindex/Firebase.build/Debug/FirebaseCrashlytics-t.build/Objects-normal/arm64/FIRCLSDataParsing.o.scan -- /Applications/Xcode.app/Contents/Developer/Toolchains/XcodeDefault.xctoolchain/usr/bin/clang -x c -ivfsstatcache /Users/buddhirajgautam/Library/Developer/Xcode/DerivedData/SDKStatCaches.noindex/macosx27.0-26A425-e829b21a6f8c9b70876ba0858053c0447231f6df4def33e022ae2eb8f782df1a.sdkstatcache -target arm64-apple-macos12.0 -fmessage-length\=0 -fdiagnostics-show-note-include-stack -fmacro-backtrace-limit\=0 -fno-color-diagnostics -fmodules-prune-interval\=86400 -fmodules-prune-after\=345600 -fbuild-session-file\=/Users/buddhirajgautam/Library/Developer/Xcode/DerivedData/ModuleCache.noindex/Session.modulevalidation -fmodules-validate-once-per-build-session -Wnon-modular-include-in-framework-module -Werror\=non-modular-include-in-framework-module -Wno-trigraphs -Wno-missing-field-initializers -Wno-missing-prototypes -Wno-return-type -Wno-missing-braces -Wparentheses -Wswitch -Wno-unused-function -Wno-unused-label -Wno-unused-parameter -Wno-unused-variable -Wunused-value -Wno-empty-body -Wno-uninitialized -Wno-unknown-pragmas -w -Wno-shadow -Wno-four-char-constants -Wno-conversion -Wno-constant-conversion -Wno-int-conversion -Wno-bool-conversion -Wno-enum-conversion -Wno-float-conversion -Wno-non-literal-null-conversion -Wno-objc-literal-conversion -Wshorten-64-to-32 -Wpointer-sign -Wno-newline-eof -Wno-implicit-fallthrough -isysroot /Applications/Xcode.app/Contents/Developer/Platforms/MacOSX.platform/Developer/SDKs/MacOSX27.0.sdk -fstrict-aliasing -Wdeprecated-declarations -Wno-sign-conversion -Wno-infinite-recursion -Wno-comma -Wno-block-capture-autoreleasing -Wno-strict-prototypes -Wno-semicolon-before-method-body -index-store-path /Users/buddhirajgautam/Library/Developer/Xcode/DerivedData/Telegram-Mac-fygdgghdgmuleoelvxabfmqiotta/Index.noindex/DataStore @/Users/buddhirajgautam/Library/Developer/Xcode/DerivedData/Telegram-Mac-fygdgghdgmuleoelvxabfmqiotta/Build/Intermediates.noindex/Firebase.build/Debug/FirebaseCrashlytics-t.build/Objects-normal/arm64/7187679823f38a2a940e0043cdf9d637-common-args.resp -MMD -MT dependencies -MF /Users/buddhirajgautam/Library/Developer/Xcode/DerivedData/Telegram-Mac-fygdgghdgmuleoelvxabfmqiotta/Build/Intermediates.noindex/Firebase.build/Debug/FirebaseCrashlytics-t.build/Objects-normal/arm64/FIRCLSDataParsing.d --serialize-diagnostics /Users/buddhirajgautam/Library/Developer/Xcode/DerivedData/Telegram-Mac-fygdgghdgmuleoelvxabfmqiotta/Build/Intermediates.noindex/Firebase.build/Debug/FirebaseCrashlytics-t.build/Objects-normal/arm64/FIRCLSDataParsing.dia -c /Users/buddhirajgautam/Library/Developer/Xcode/DerivedData/Telegram-Mac-fygdgghdgmuleoelvxabfmqiotta/SourcePackages/checkouts/firebase-ios-sdk/Crashlytics/Crashlytics/Unwind/Dwarf/FIRCLSDataParsing.c -o /Users/buddhirajgautam/Library/Developer/Xcode/DerivedData/Telegram-Mac-fygdgghdgmuleoelvxabfmqiotta/Build/Intermediates.noindex/Firebase.build/Debug/FirebaseCrashlytics-t.build/Objects-normal/arm64/FIRCLSDataParsing.o -index-unit-output-path /Firebase.build/Debug/FirebaseCrashlytics-t.build/Objects-normal/arm64/FIRCLSDataParsing.o

ScanDependencies /Users/buddhirajgautam/Library/Developer/Xcode/DerivedData/Telegram-Mac-fygdgghdgmuleoelvxabfmqiotta/Build/Intermediates.noindex/Firebase.build/Debug/FirebaseCrashlytics-t.build/Objects-normal/arm64/FIRCLSDataCollectionToken.o /Users/buddhirajgautam/Library/Developer/Xcode/DerivedData/Telegram-Mac-fygdgghdgmuleoelvxabfmqiotta/SourcePackages/checkouts/firebase-ios-sdk/Crashlytics/Crashlytics/DataCollection/FIRCLSDataCollectionToken.m normal arm64 objective-c com.apple.compilers.llvm.clang.1_0.compiler (in target 'FirebaseCrashlytics' from project 'Firebase')
    cd /Users/buddhirajgautam/Documents/Cherrygram-Mac/macOS-Swift
    
    Using response file: /Users/buddhirajgautam/Library/Developer/Xcode/DerivedData/Telegram-Mac-fygdgghdgmuleoelvxabfmqiotta/Build/Intermediates.noindex/Firebase.build/Debug/FirebaseCrashlytics-t.build/Objects-normal/arm64/e6072d4f65d7061329687fe24e3d63a7-common-args.resp
    
    builtin-ScanDependencies -o /Users/buddhirajgautam/Library/Developer/Xcode/DerivedData/Telegram-Mac-fygdgghdgmuleoelvxabfmqiotta/Build/Intermediates.noindex/Firebase.build/Debug/FirebaseCrashlytics-t.build/Objects-normal/arm64/FIRCLSDataCollectionToken.o.scan -- /Applications/Xcode.app/Contents/Developer/Toolchains/XcodeDefault.xctoolchain/usr/bin/clang -x objective-c -ivfsstatcache /Users/buddhirajgautam/Library/Developer/Xcode/DerivedData/SDKStatCaches.noindex/macosx27.0-26A425-e829b21a6f8c9b70876ba0858053c0447231f6df4def33e022ae2eb8f782df1a.sdkstatcache -target arm64-apple-macos12.0 -fmessage-length\=0 -fdiagnostics-show-note-include-stack -fmacro-backtrace-limit\=0 -fno-color-diagnostics -fmodules-prune-interval\=86400 -fmodules-prune-after\=345600 -fbuild-session-file\=/Users/buddhirajgautam/Library/Developer/Xcode/DerivedData/ModuleCache.noindex/Session.modulevalidation -fmodules-validate-once-per-build-session -Wnon-modular-include-in-framework-module -Werror\=non-modular-include-in-framework-module -Wno-trigraphs -Wno-missing-field-initializers -Wno-missing-prototypes -Wno-return-type -Wno-implicit-atomic-properties -Wno-objc-interface-ivars -Wno-arc-repeated-use-of-weak -Wno-missing-braces -Wparentheses -Wswitch -Wno-unused-function -Wno-unused-label -Wno-unused-parameter -Wno-unused-variable -Wunused-value -Wno-empty-body -Wno-uninitialized -Wno-unknown-pragmas -w -Wno-shadow -Wno-four-char-constants -Wno-conversion -Wno-constant-conversion -Wno-int-conversion -Wno-bool-conversion -Wno-enum-conversion -Wno-float-conversion -Wno-non-literal-null-conversion -Wno-objc-literal-conversion -Wshorten-64-to-32 -Wpointer-sign -Wno-newline-eof -Wno-selector -Wno-strict-selector-match -Wno-undeclared-selector -Wno-deprecated-implementations -Wno-implicit-fallthrough -isysroot /Applications/Xcode.app/Contents/Developer/Platforms/MacOSX.platform/Developer/SDKs/MacOSX27.0.sdk -fstrict-aliasing -Wprotocol -Wdeprecated-declarations -Wno-sign-conversion -Wno-infinite-recursion -Wno-comma -Wno-block-capture-autoreleasing -Wno-strict-prototypes -Wno-semicolon-before-method-body -index-store-path /Users/buddhirajgautam/Library/Developer/Xcode/DerivedData/Telegram-Mac-fygdgghdgmuleoelvxabfmqiotta/Index.noindex/DataStore @/Users/buddhirajgautam/Library/Developer/Xcode/DerivedData/Telegram-Mac-fygdgghdgmuleoelvxabfmqiotta/Build/Intermediates.noindex/Firebase.build/Debug/FirebaseCrashlytics-t.build/Objects-normal/arm64/e6072d4f65d7061329687fe24e3d63a7-common-args.resp -MMD -MT dependencies -MF /Users/buddhirajgautam/Library/Developer/Xcode/DerivedData/Telegram-Mac-fygdgghdgmuleoelvxabfmqiotta/Build/Intermediates.noindex/Firebase.build/Debug/FirebaseCrashlytics-t.build/Objects-normal/arm64/FIRCLSDataCollectionToken.d --serialize-diagnostics /Users/buddhirajgautam/Library/Developer/Xcode/DerivedData/Telegram-Mac-fygdgghdgmuleoelvxabfmqiotta/Build/Intermediates.noindex/Firebase.build/Debug/FirebaseCrashlytics-t.build/Objects-normal/arm64/FIRCLSDataCollectionToken.dia -c /Users/buddhirajgautam/Library/Developer/Xcode/DerivedData/Telegram-Mac-fygdgghdgmuleoelvxabfmqiotta/SourcePackages/checkouts/firebase-ios-sdk/Crashlytics/Crashlytics/DataCollection/FIRCLSDataCollectionToken.m -o /Users/buddhirajgautam/Library/Developer/Xcode/DerivedData/Telegram-Mac-fygdgghdgmuleoelvxabfmqiotta/Build/Intermediates.noindex/Firebase.build/Debug/FirebaseCrashlytics-t.build/Objects-normal/arm64/FIRCLSDataCollectionToken.o -index-unit-output-path /Firebase.build/Debug/FirebaseCrashlytics-t.build/Objects-normal/arm64/FIRCLSDataCollectionToken.o

PrecompileModule /Users/buddhirajgautam/Library/Developer/Xcode/DerivedData/Telegram-Mac-fygdgghdgmuleoelvxabfmqiotta/Build/Intermediates.noindex/ExplicitPrecompiledModules/CloudKit-3SPK40AXZGGZNKT8I0708XL1W.scan
    cd /
    builtin-precompileModule /Users/buddhirajgautam/Library/Developer/Xcode/DerivedData/Telegram-Mac-fygdgghdgmuleoelvxabfmqiotta/Build/Intermediates.noindex/ExplicitPrecompiledModules/CloudKit-3SPK40AXZGGZNKT8I0708XL1W.scan

ScanDependencies /Users/buddhirajgautam/Library/Developer/Xcode/DerivedData/Telegram-Mac-fygdgghdgmuleoelvxabfmqiotta/Build/Intermediates.noindex/Firebase.build/Debug/FirebaseCrashlytics-t.build/Objects-normal/arm64/FIRCLSDataCollectionArbiter.o /Users/buddhirajgautam/Library/Developer/Xcode/DerivedData/Telegram-Mac-fygdgghdgmuleoelvxabfmqiotta/SourcePackages/checkouts/firebase-ios-sdk/Crashlytics/Crashlytics/DataCollection/FIRCLSDataCollectionArbiter.m normal arm64 objective-c com.apple.compilers.llvm.clang.1_0.compiler (in target 'FirebaseCrashlytics' from project 'Firebase')
    cd /Users/buddhirajgautam/Documents/Cherrygram-Mac/macOS-Swift
    
    Using response file: /Users/buddhirajgautam/Library/Developer/Xcode/DerivedData/Telegram-Mac-fygdgghdgmuleoelvxabfmqiotta/Build/Intermediates.noindex/Firebase.build/Debug/FirebaseCrashlytics-t.build/Objects-normal/arm64/e6072d4f65d7061329687fe24e3d63a7-common-args.resp
    
    builtin-ScanDependencies -o /Users/buddhirajgautam/Library/Developer/Xcode/DerivedData/Telegram-Mac-fygdgghdgmuleoelvxabfmqiotta/Build/Intermediates.noindex/Firebase.build/Debug/FirebaseCrashlytics-t.build/Objects-normal/arm64/FIRCLSDataCollectionArbiter.o.scan -- /Applications/Xcode.app/Contents/Developer/Toolchains/XcodeDefault.xctoolchain/usr/bin/clang -x objective-c -ivfsstatcache /Users/buddhirajgautam/Library/Developer/Xcode/DerivedData/SDKStatCaches.noindex/macosx27.0-26A425-e829b21a6f8c9b70876ba0858053c0447231f6df4def33e022ae2eb8f782df1a.sdkstatcache -target arm64-apple-macos12.0 -fmessage-length\=0 -fdiagnostics-show-note-include-stack -fmacro-backtrace-limit\=0 -fno-color-diagnostics -fmodules-prune-interval\=86400 -fmodules-prune-after\=345600 -fbuild-session-file\=/Users/buddhirajgautam/Library/Developer/Xcode/DerivedData/ModuleCache.noindex/Session.modulevalidation -fmodules-validate-once-per-build-session -Wnon-modular-include-in-framework-module -Werror\=non-modular-include-in-framework-module -Wno-trigraphs -Wno-missing-field-initializers -Wno-missing-prototypes -Wno-return-type -Wno-implicit-atomic-properties -Wno-objc-interface-ivars -Wno-arc-repeated-use-of-weak -Wno-missing-braces -Wparentheses -Wswitch -Wno-unused-function -Wno-unused-label -Wno-unused-parameter -Wno-unused-variable -Wunused-value -Wno-empty-body -Wno-uninitialized -Wno-unknown-pragmas -w -Wno-shadow -Wno-four-char-constants -Wno-conversion -Wno-constant-conversion -Wno-int-conversion -Wno-bool-conversion -Wno-enum-conversion -Wno-float-conversion -Wno-non-literal-null-conversion -Wno-objc-literal-conversion -Wshorten-64-to-32 -Wpointer-sign -Wno-newline-eof -Wno-selector -Wno-strict-selector-match -Wno-undeclared-selector -Wno-deprecated-implementations -Wno-implicit-fallthrough -isysroot /Applications/Xcode.app/Contents/Developer/Platforms/MacOSX.platform/Developer/SDKs/MacOSX27.0.sdk -fstrict-aliasing -Wprotocol -Wdeprecated-declarations -Wno-sign-conversion -Wno-infinite-recursion -Wno-comma -Wno-block-capture-autoreleasing -Wno-strict-prototypes -Wno-semicolon-before-method-body -index-store-path /Users/buddhirajgautam/Library/Developer/Xcode/DerivedData/Telegram-Mac-fygdgghdgmuleoelvxabfmqiotta/Index.noindex/DataStore @/Users/buddhirajgautam/Library/Developer/Xcode/DerivedData/Telegram-Mac-fygdgghdgmuleoelvxabfmqiotta/Build/Intermediates.noindex/Firebase.build/Debug/FirebaseCrashlytics-t.build/Objects-normal/arm64/e6072d4f65d7061329687fe24e3d63a7-common-args.resp -MMD -MT dependencies -MF /Users/buddhirajgautam/Library/Developer/Xcode/DerivedData/Telegram-Mac-fygdgghdgmuleoelvxabfmqiotta/Build/Intermediates.noindex/Firebase.build/Debug/FirebaseCrashlytics-t.build/Objects-normal/arm64/FIRCLSDataCollectionArbiter.d --serialize-diagnostics /Users/buddhirajgautam/Library/Developer/Xcode/DerivedData/Telegram-Mac-fygdgghdgmuleoelvxabfmqiotta/Build/Intermediates.noindex/Firebase.build/Debug/FirebaseCrashlytics-t.build/Objects-normal/arm64/FIRCLSDataCollectionArbiter.dia -c /Users/buddhirajgautam/Library/Developer/Xcode/DerivedData/Telegram-Mac-fygdgghdgmuleoelvxabfmqiotta/SourcePackages/checkouts/firebase-ios-sdk/Crashlytics/Crashlytics/DataCollection/FIRCLSDataCollectionArbiter.m -o /Users/buddhirajgautam/Library/Developer/Xcode/DerivedData/Telegram-Mac-fygdgghdgmuleoelvxabfmqiotta/Build/Intermediates.noindex/Firebase.build/Debug/FirebaseCrashlytics-t.build/Objects-normal/arm64/FIRCLSDataCollectionArbiter.o -index-unit-output-path /Firebase.build/Debug/FirebaseCrashlytics-t.build/Objects-normal/arm64/FIRCLSDataCollectionArbiter.o

ScanDependencies /Users/buddhirajgautam/Library/Developer/Xcode/DerivedData/Telegram-Mac-fygdgghdgmuleoelvxabfmqiotta/Build/Intermediates.noindex/Firebase.build/Debug/FirebaseCrashlytics-t.build/Objects-normal/arm64/FIRCLSCrashedMarkerFile.o /Users/buddhirajgautam/Library/Developer/Xcode/DerivedData/Telegram-Mac-fygdgghdgmuleoelvxabfmqiotta/SourcePackages/checkouts/firebase-ios-sdk/Crashlytics/Crashlytics/Components/FIRCLSCrashedMarkerFile.c normal arm64 c com.apple.compilers.llvm.clang.1_0.compiler (in target 'FirebaseCrashlytics' from project 'Firebase')
    cd /Users/buddhirajgautam/Documents/Cherrygram-Mac/macOS-Swift
    
    Using response file: /Users/buddhirajgautam/Library/Developer/Xcode/DerivedData/Telegram-Mac-fygdgghdgmuleoelvxabfmqiotta/Build/Intermediates.noindex/Firebase.build/Debug/FirebaseCrashlytics-t.build/Objects-normal/arm64/7187679823f38a2a940e0043cdf9d637-common-args.resp
    
    builtin-ScanDependencies -o /Users/buddhirajgautam/Library/Developer/Xcode/DerivedData/Telegram-Mac-fygdgghdgmuleoelvxabfmqiotta/Build/Intermediates.noindex/Firebase.build/Debug/FirebaseCrashlytics-t.build/Objects-normal/arm64/FIRCLSCrashedMarkerFile.o.scan -- /Applications/Xcode.app/Contents/Developer/Toolchains/XcodeDefault.xctoolchain/usr/bin/clang -x c -ivfsstatcache /Users/buddhirajgautam/Library/Developer/Xcode/DerivedData/SDKStatCaches.noindex/macosx27.0-26A425-e829b21a6f8c9b70876ba0858053c0447231f6df4def33e022ae2eb8f782df1a.sdkstatcache -target arm64-apple-macos12.0 -fmessage-length\=0 -fdiagnostics-show-note-include-stack -fmacro-backtrace-limit\=0 -fno-color-diagnostics -fmodules-prune-interval\=86400 -fmodules-prune-after\=345600 -fbuild-session-file\=/Users/buddhirajgautam/Library/Developer/Xcode/DerivedData/ModuleCache.noindex/Session.modulevalidation -fmodules-validate-once-per-build-session -Wnon-modular-include-in-framework-module -Werror\=non-modular-include-in-framework-module -Wno-trigraphs -Wno-missing-field-initializers -Wno-missing-prototypes -Wno-return-type -Wno-missing-braces -Wparentheses -Wswitch -Wno-unused-function -Wno-unused-label -Wno-unused-parameter -Wno-unused-variable -Wunused-value -Wno-empty-body -Wno-uninitialized -Wno-unknown-pragmas -w -Wno-shadow -Wno-four-char-constants -Wno-conversion -Wno-constant-conversion -Wno-int-conversion -Wno-bool-conversion -Wno-enum-conversion -Wno-float-conversion -Wno-non-literal-null-conversion -Wno-objc-literal-conversion -Wshorten-64-to-32 -Wpointer-sign -Wno-newline-eof -Wno-implicit-fallthrough -isysroot /Applications/Xcode.app/Contents/Developer/Platforms/MacOSX.platform/Developer/SDKs/MacOSX27.0.sdk -fstrict-aliasing -Wdeprecated-declarations -Wno-sign-conversion -Wno-infinite-recursion -Wno-comma -Wno-block-capture-autoreleasing -Wno-strict-prototypes -Wno-semicolon-before-method-body -index-store-path /Users/buddhirajgautam/Library/Developer/Xcode/DerivedData/Telegram-Mac-fygdgghdgmuleoelvxabfmqiotta/Index.noindex/DataStore @/Users/buddhirajgautam/Library/Developer/Xcode/DerivedData/Telegram-Mac-fygdgghdgmuleoelvxabfmqiotta/Build/Intermediates.noindex/Firebase.build/Debug/FirebaseCrashlytics-t.build/Objects-normal/arm64/7187679823f38a2a940e0043cdf9d637-common-args.resp -MMD -MT dependencies -MF /Users/buddhirajgautam/Library/Developer/Xcode/DerivedData/Telegram-Mac-fygdgghdgmuleoelvxabfmqiotta/Build/Intermediates.noindex/Firebase.build/Debug/FirebaseCrashlytics-t.build/Objects-normal/arm64/FIRCLSCrashedMarkerFile.d --serialize-diagnostics /Users/buddhirajgautam/Library/Developer/Xcode/DerivedData/Telegram-Mac-fygdgghdgmuleoelvxabfmqiotta/Build/Intermediates.noindex/Firebase.build/Debug/FirebaseCrashlytics-t.build/Objects-normal/arm64/FIRCLSCrashedMarkerFile.dia -c /Users/buddhirajgautam/Library/Developer/Xcode/DerivedData/Telegram-Mac-fygdgghdgmuleoelvxabfmqiotta/SourcePackages/checkouts/firebase-ios-sdk/Crashlytics/Crashlytics/Components/FIRCLSCrashedMarkerFile.c -o /Users/buddhirajgautam/Library/Developer/Xcode/DerivedData/Telegram-Mac-fygdgghdgmuleoelvxabfmqiotta/Build/Intermediates.noindex/Firebase.build/Debug/FirebaseCrashlytics-t.build/Objects-normal/arm64/FIRCLSCrashedMarkerFile.o -index-unit-output-path /Firebase.build/Debug/FirebaseCrashlytics-t.build/Objects-normal/arm64/FIRCLSCrashedMarkerFile.o

ScanDependencies /Users/buddhirajgautam/Library/Developer/Xcode/DerivedData/Telegram-Mac-fygdgghdgmuleoelvxabfmqiotta/Build/Intermediates.noindex/Firebase.build/Debug/FirebaseCrashlytics-t.build/Objects-normal/arm64/FIRCLSContext.o /Users/buddhirajgautam/Library/Developer/Xcode/DerivedData/Telegram-Mac-fygdgghdgmuleoelvxabfmqiotta/SourcePackages/checkouts/firebase-ios-sdk/Crashlytics/Crashlytics/Components/FIRCLSContext.m normal arm64 objective-c com.apple.compilers.llvm.clang.1_0.compiler (in target 'FirebaseCrashlytics' from project 'Firebase')
    cd /Users/buddhirajgautam/Documents/Cherrygram-Mac/macOS-Swift
    
    Using response file: /Users/buddhirajgautam/Library/Developer/Xcode/DerivedData/Telegram-Mac-fygdgghdgmuleoelvxabfmqiotta/Build/Intermediates.noindex/Firebase.build/Debug/FirebaseCrashlytics-t.build/Objects-normal/arm64/e6072d4f65d7061329687fe24e3d63a7-common-args.resp
    
    builtin-ScanDependencies -o /Users/buddhirajgautam/Library/Developer/Xcode/DerivedData/Telegram-Mac-fygdgghdgmuleoelvxabfmqiotta/Build/Intermediates.noindex/Firebase.build/Debug/FirebaseCrashlytics-t.build/Objects-normal/arm64/FIRCLSContext.o.scan -- /Applications/Xcode.app/Contents/Developer/Toolchains/XcodeDefault.xctoolchain/usr/bin/clang -x objective-c -ivfsstatcache /Users/buddhirajgautam/Library/Developer/Xcode/DerivedData/SDKStatCaches.noindex/macosx27.0-26A425-e829b21a6f8c9b70876ba0858053c0447231f6df4def33e022ae2eb8f782df1a.sdkstatcache -target arm64-apple-macos12.0 -fmessage-length\=0 -fdiagnostics-show-note-include-stack -fmacro-backtrace-limit\=0 -fno-color-diagnostics -fmodules-prune-interval\=86400 -fmodules-prune-after\=345600 -fbuild-session-file\=/Users/buddhirajgautam/Library/Developer/Xcode/DerivedData/ModuleCache.noindex/Session.modulevalidation -fmodules-validate-once-per-build-session -Wnon-modular-include-in-framework-module -Werror\=non-modular-include-in-framework-module -Wno-trigraphs -Wno-missing-field-initializers -Wno-missing-prototypes -Wno-return-type -Wno-implicit-atomic-properties -Wno-objc-interface-ivars -Wno-arc-repeated-use-of-weak -Wno-missing-braces -Wparentheses -Wswitch -Wno-unused-function -Wno-unused-label -Wno-unused-parameter -Wno-unused-variable -Wunused-value -Wno-empty-body -Wno-uninitialized -Wno-unknown-pragmas -w -Wno-shadow -Wno-four-char-constants -Wno-conversion -Wno-constant-conversion -Wno-int-conversion -Wno-bool-conversion -Wno-enum-conversion -Wno-float-conversion -Wno-non-literal-null-conversion -Wno-objc-literal-conversion -Wshorten-64-to-32 -Wpointer-sign -Wno-newline-eof -Wno-selector -Wno-strict-selector-match -Wno-undeclared-selector -Wno-deprecated-implementations -Wno-implicit-fallthrough -isysroot /Applications/Xcode.app/Contents/Developer/Platforms/MacOSX.platform/Developer/SDKs/MacOSX27.0.sdk -fstrict-aliasing -Wprotocol -Wdeprecated-declarations -Wno-sign-conversion -Wno-infinite-recursion -Wno-comma -Wno-block-capture-autoreleasing -Wno-strict-prototypes -Wno-semicolon-before-method-body -index-store-path /Users/buddhirajgautam/Library/Developer/Xcode/DerivedData/Telegram-Mac-fygdgghdgmuleoelvxabfmqiotta/Index.noindex/DataStore @/Users/buddhirajgautam/Library/Developer/Xcode/DerivedData/Telegram-Mac-fygdgghdgmuleoelvxabfmqiotta/Build/Intermediates.noindex/Firebase.build/Debug/FirebaseCrashlytics-t.build/Objects-normal/arm64/e6072d4f65d7061329687fe24e3d63a7-common-args.resp -MMD -MT dependencies -MF /Users/buddhirajgautam/Library/Developer/Xcode/DerivedData/Telegram-Mac-fygdgghdgmuleoelvxabfmqiotta/Build/Intermediates.noindex/Firebase.build/Debug/FirebaseCrashlytics-t.build/Objects-normal/arm64/FIRCLSContext.d --serialize-diagnostics /Users/buddhirajgautam/Library/Developer/Xcode/DerivedData/Telegram-Mac-fygdgghdgmuleoelvxabfmqiotta/Build/Intermediates.noindex/Firebase.build/Debug/FirebaseCrashlytics-t.build/Objects-normal/arm64/FIRCLSContext.dia -c /Users/buddhirajgautam/Library/Developer/Xcode/DerivedData/Telegram-Mac-fygdgghdgmuleoelvxabfmqiotta/SourcePackages/checkouts/firebase-ios-sdk/Crashlytics/Crashlytics/Components/FIRCLSContext.m -o /Users/buddhirajgautam/Library/Developer/Xcode/DerivedData/Telegram-Mac-fygdgghdgmuleoelvxabfmqiotta/Build/Intermediates.noindex/Firebase.build/Debug/FirebaseCrashlytics-t.build/Objects-normal/arm64/FIRCLSContext.o -index-unit-output-path /Firebase.build/Debug/FirebaseCrashlytics-t.build/Objects-normal/arm64/FIRCLSContext.o

CompileC /Users/buddhirajgautam/Library/Developer/Xcode/DerivedData/Telegram-Mac-fygdgghdgmuleoelvxabfmqiotta/Build/Intermediates.noindex/Firebase.build/Debug/FirebaseCrashlytics-t.build/Objects-normal/arm64/FIRCLSUnwind_x86.o /Users/buddhirajgautam/Library/Developer/Xcode/DerivedData/Telegram-Mac-fygdgghdgmuleoelvxabfmqiotta/SourcePackages/checkouts/firebase-ios-sdk/Crashlytics/Crashlytics/Unwind/FIRCLSUnwind_x86.c normal arm64 c com.apple.compilers.llvm.clang.1_0.compiler (in target 'FirebaseCrashlytics' from project 'Firebase')
    cd /Users/buddhirajgautam/Documents/Cherrygram-Mac/macOS-Swift
    
    Using response file: /Users/buddhirajgautam/Library/Developer/Xcode/DerivedData/Telegram-Mac-fygdgghdgmuleoelvxabfmqiotta/Build/Intermediates.noindex/Firebase.build/Debug/FirebaseCrashlytics-t.build/Objects-normal/arm64/7187679823f38a2a940e0043cdf9d637-common-args.resp
    
    /Applications/Xcode.app/Contents/Developer/Toolchains/XcodeDefault.xctoolchain/usr/bin/clang -x c -ivfsstatcache /Users/buddhirajgautam/Library/Developer/Xcode/DerivedData/SDKStatCaches.noindex/macosx27.0-26A425-e829b21a6f8c9b70876ba0858053c0447231f6df4def33e022ae2eb8f782df1a.sdkstatcache -target arm64-apple-macos12.0 -fmessage-length\=0 -fdiagnostics-show-note-include-stack -fmacro-backtrace-limit\=0 -fno-color-diagnostics -fmodules-prune-interval\=86400 -fmodules-prune-after\=345600 -fbuild-session-file\=/Users/buddhirajgautam/Library/Developer/Xcode/DerivedData/ModuleCache.noindex/Session.modulevalidation -fmodules-validate-once-per-build-session -Wnon-modular-include-in-framework-module -Werror\=non-modular-include-in-framework-module -Wno-trigraphs -Wno-missing-field-initializers -Wno-missing-prototypes -Wno-return-type -Wno-missing-braces -Wparentheses -Wswitch -Wno-unused-function -Wno-unused-label -Wno-unused-parameter -Wno-unused-variable -Wunused-value -Wno-empty-body -Wno-uninitialized -Wno-unknown-pragmas -w -Wno-shadow -Wno-four-char-constants -Wno-conversion -Wno-constant-conversion -Wno-int-conversion -Wno-bool-conversion -Wno-enum-conversion -Wno-float-conversion -Wno-non-literal-null-conversion -Wno-objc-literal-conversion -Wshorten-64-to-32 -Wpointer-sign -Wno-newline-eof -Wno-implicit-fallthrough -isysroot /Applications/Xcode.app/Contents/Developer/Platforms/MacOSX.platform/Developer/SDKs/MacOSX27.0.sdk -fstrict-aliasing -Wdeprecated-declarations -Wno-sign-conversion -Wno-infinite-recursion -Wno-comma -Wno-block-capture-autoreleasing -Wno-strict-prototypes -Wno-semicolon-before-method-body -index-store-path /Users/buddhirajgautam/Library/Developer/Xcode/DerivedData/Telegram-Mac-fygdgghdgmuleoelvxabfmqiotta/Index.noindex/DataStore @/Users/buddhirajgautam/Library/Developer/Xcode/DerivedData/Telegram-Mac-fygdgghdgmuleoelvxabfmqiotta/Build/Intermediates.noindex/Firebase.build/Debug/FirebaseCrashlytics-t.build/Objects-normal/arm64/7187679823f38a2a940e0043cdf9d637-common-args.resp -MMD -MT dependencies -MF /Users/buddhirajgautam/Library/Developer/Xcode/DerivedData/Telegram-Mac-fygdgghdgmuleoelvxabfmqiotta/Build/Intermediates.noindex/Firebase.build/Debug/FirebaseCrashlytics-t.build/Objects-normal/arm64/FIRCLSUnwind_x86.d --serialize-diagnostics /Users/buddhirajgautam/Library/Developer/Xcode/DerivedData/Telegram-Mac-fygdgghdgmuleoelvxabfmqiotta/Build/Intermediates.noindex/Firebase.build/Debug/FirebaseCrashlytics-t.build/Objects-normal/arm64/FIRCLSUnwind_x86.dia -c /Users/buddhirajgautam/Library/Developer/Xcode/DerivedData/Telegram-Mac-fygdgghdgmuleoelvxabfmqiotta/SourcePackages/checkouts/firebase-ios-sdk/Crashlytics/Crashlytics/Unwind/FIRCLSUnwind_x86.c -o /Users/buddhirajgautam/Library/Developer/Xcode/DerivedData/Telegram-Mac-fygdgghdgmuleoelvxabfmqiotta/Build/Intermediates.noindex/Firebase.build/Debug/FirebaseCrashlytics-t.build/Objects-normal/arm64/FIRCLSUnwind_x86.o -index-unit-output-path /Firebase.build/Debug/FirebaseCrashlytics-t.build/Objects-normal/arm64/FIRCLSUnwind_x86.o

CompileC /Users/buddhirajgautam/Library/Developer/Xcode/DerivedData/Telegram-Mac-fygdgghdgmuleoelvxabfmqiotta/Build/Intermediates.noindex/Firebase.build/Debug/FirebaseCrashlytics-t.build/Objects-normal/arm64/FIRCLSUnwind_arm.o /Users/buddhirajgautam/Library/Developer/Xcode/DerivedData/Telegram-Mac-fygdgghdgmuleoelvxabfmqiotta/SourcePackages/checkouts/firebase-ios-sdk/Crashlytics/Crashlytics/Unwind/FIRCLSUnwind_arm.c normal arm64 c com.apple.compilers.llvm.clang.1_0.compiler (in target 'FirebaseCrashlytics' from project 'Firebase')
    cd /Users/buddhirajgautam/Documents/Cherrygram-Mac/macOS-Swift
    
    Using response file: /Users/buddhirajgautam/Library/Developer/Xcode/DerivedData/Telegram-Mac-fygdgghdgmuleoelvxabfmqiotta/Build/Intermediates.noindex/Firebase.build/Debug/FirebaseCrashlytics-t.build/Objects-normal/arm64/7187679823f38a2a940e0043cdf9d637-common-args.resp
    
    /Applications/Xcode.app/Contents/Developer/Toolchains/XcodeDefault.xctoolchain/usr/bin/clang -x c -ivfsstatcache /Users/buddhirajgautam/Library/Developer/Xcode/DerivedData/SDKStatCaches.noindex/macosx27.0-26A425-e829b21a6f8c9b70876ba0858053c0447231f6df4def33e022ae2eb8f782df1a.sdkstatcache -target arm64-apple-macos12.0 -fmessage-length\=0 -fdiagnostics-show-note-include-stack -fmacro-backtrace-limit\=0 -fno-color-diagnostics -fmodules-prune-interval\=86400 -fmodules-prune-after\=345600 -fbuild-session-file\=/Users/buddhirajgautam/Library/Developer/Xcode/DerivedData/ModuleCache.noindex/Session.modulevalidation -fmodules-validate-once-per-build-session -Wnon-modular-include-in-framework-module -Werror\=non-modular-include-in-framework-module -Wno-trigraphs -Wno-missing-field-initializers -Wno-missing-prototypes -Wno-return-type -Wno-missing-braces -Wparentheses -Wswitch -Wno-unused-function -Wno-unused-label -Wno-unused-parameter -Wno-unused-variable -Wunused-value -Wno-empty-body -Wno-uninitialized -Wno-unknown-pragmas -w -Wno-shadow -Wno-four-char-constants -Wno-conversion -Wno-constant-conversion -Wno-int-conversion -Wno-bool-conversion -Wno-enum-conversion -Wno-float-conversion -Wno-non-literal-null-conversion -Wno-objc-literal-conversion -Wshorten-64-to-32 -Wpointer-sign -Wno-newline-eof -Wno-implicit-fallthrough -isysroot /Applications/Xcode.app/Contents/Developer/Platforms/MacOSX.platform/Developer/SDKs/MacOSX27.0.sdk -fstrict-aliasing -Wdeprecated-declarations -Wno-sign-conversion -Wno-infinite-recursion -Wno-comma -Wno-block-capture-autoreleasing -Wno-strict-prototypes -Wno-semicolon-before-method-body -index-store-path /Users/buddhirajgautam/Library/Developer/Xcode/DerivedData/Telegram-Mac-fygdgghdgmuleoelvxabfmqiotta/Index.noindex/DataStore @/Users/buddhirajgautam/Library/Developer/Xcode/DerivedData/Telegram-Mac-fygdgghdgmuleoelvxabfmqiotta/Build/Intermediates.noindex/Firebase.build/Debug/FirebaseCrashlytics-t.build/Objects-normal/arm64/7187679823f38a2a940e0043cdf9d637-common-args.resp -MMD -MT dependencies -MF /Users/buddhirajgautam/Library/Developer/Xcode/DerivedData/Telegram-Mac-fygdgghdgmuleoelvxabfmqiotta/Build/Intermediates.noindex/Firebase.build/Debug/FirebaseCrashlytics-t.build/Objects-normal/arm64/FIRCLSUnwind_arm.d --serialize-diagnostics /Users/buddhirajgautam/Library/Developer/Xcode/DerivedData/Telegram-Mac-fygdgghdgmuleoelvxabfmqiotta/Build/Intermediates.noindex/Firebase.build/Debug/FirebaseCrashlytics-t.build/Objects-normal/arm64/FIRCLSUnwind_arm.dia -c /Users/buddhirajgautam/Library/Developer/Xcode/DerivedData/Telegram-Mac-fygdgghdgmuleoelvxabfmqiotta/SourcePackages/checkouts/firebase-ios-sdk/Crashlytics/Crashlytics/Unwind/FIRCLSUnwind_arm.c -o /Users/buddhirajgautam/Library/Developer/Xcode/DerivedData/Telegram-Mac-fygdgghdgmuleoelvxabfmqiotta/Build/Intermediates.noindex/Firebase.build/Debug/FirebaseCrashlytics-t.build/Objects-normal/arm64/FIRCLSUnwind_arm.o -index-unit-output-path /Firebase.build/Debug/FirebaseCrashlytics-t.build/Objects-normal/arm64/FIRCLSUnwind_arm.o

CompileC /Users/buddhirajgautam/Library/Developer/Xcode/DerivedData/Telegram-Mac-fygdgghdgmuleoelvxabfmqiotta/Build/Intermediates.noindex/Firebase.build/Debug/FirebaseCrashlytics-t.build/Objects-normal/arm64/FIRCLSUnwind.o /Users/buddhirajgautam/Library/Developer/Xcode/DerivedData/Telegram-Mac-fygdgghdgmuleoelvxabfmqiotta/SourcePackages/checkouts/firebase-ios-sdk/Crashlytics/Crashlytics/Unwind/FIRCLSUnwind.c normal arm64 c com.apple.compilers.llvm.clang.1_0.compiler (in target 'FirebaseCrashlytics' from project 'Firebase')
    cd /Users/buddhirajgautam/Documents/Cherrygram-Mac/macOS-Swift
    
    Using response file: /Users/buddhirajgautam/Library/Developer/Xcode/DerivedData/Telegram-Mac-fygdgghdgmuleoelvxabfmqiotta/Build/Intermediates.noindex/Firebase.build/Debug/FirebaseCrashlytics-t.build/Objects-normal/arm64/7187679823f38a2a940e0043cdf9d637-common-args.resp
    
    /Applications/Xcode.app/Contents/Developer/Toolchains/XcodeDefault.xctoolchain/usr/bin/clang -x c -ivfsstatcache /Users/buddhirajgautam/Library/Developer/Xcode/DerivedData/SDKStatCaches.noindex/macosx27.0-26A425-e829b21a6f8c9b70876ba0858053c0447231f6df4def33e022ae2eb8f782df1a.sdkstatcache -target arm64-apple-macos12.0 -fmessage-length\=0 -fdiagnostics-show-note-include-stack -fmacro-backtrace-limit\=0 -fno-color-diagnostics -fmodules-prune-interval\=86400 -fmodules-prune-after\=345600 -fbuild-session-file\=/Users/buddhirajgautam/Library/Developer/Xcode/DerivedData/ModuleCache.noindex/Session.modulevalidation -fmodules-validate-once-per-build-session -Wnon-modular-include-in-framework-module -Werror\=non-modular-include-in-framework-module -Wno-trigraphs -Wno-missing-field-initializers -Wno-missing-prototypes -Wno-return-type -Wno-missing-braces -Wparentheses -Wswitch -Wno-unused-function -Wno-unused-label -Wno-unused-parameter -Wno-unused-variable -Wunused-value -Wno-empty-body -Wno-uninitialized -Wno-unknown-pragmas -w -Wno-shadow -Wno-four-char-constants -Wno-conversion -Wno-constant-conversion -Wno-int-conversion -Wno-bool-conversion -Wno-enum-conversion -Wno-float-conversion -Wno-non-literal-null-conversion -Wno-objc-literal-conversion -Wshorten-64-to-32 -Wpointer-sign -Wno-newline-eof -Wno-implicit-fallthrough -isysroot /Applications/Xcode.app/Contents/Developer/Platforms/MacOSX.platform/Developer/SDKs/MacOSX27.0.sdk -fstrict-aliasing -Wdeprecated-declarations -Wno-sign-conversion -Wno-infinite-recursion -Wno-comma -Wno-block-capture-autoreleasing -Wno-strict-prototypes -Wno-semicolon-before-method-body -index-store-path /Users/buddhirajgautam/Library/Developer/Xcode/DerivedData/Telegram-Mac-fygdgghdgmuleoelvxabfmqiotta/Index.noindex/DataStore @/Users/buddhirajgautam/Library/Developer/Xcode/DerivedData/Telegram-Mac-fygdgghdgmuleoelvxabfmqiotta/Build/Intermediates.noindex/Firebase.build/Debug/FirebaseCrashlytics-t.build/Objects-normal/arm64/7187679823f38a2a940e0043cdf9d637-common-args.resp -MMD -MT dependencies -MF /Users/buddhirajgautam/Library/Developer/Xcode/DerivedData/Telegram-Mac-fygdgghdgmuleoelvxabfmqiotta/Build/Intermediates.noindex/Firebase.build/Debug/FirebaseCrashlytics-t.build/Objects-normal/arm64/FIRCLSUnwind.d --serialize-diagnostics /Users/buddhirajgautam/Library/Developer/Xcode/DerivedData/Telegram-Mac-fygdgghdgmuleoelvxabfmqiotta/Build/Intermediates.noindex/Firebase.build/Debug/FirebaseCrashlytics-t.build/Objects-normal/arm64/FIRCLSUnwind.dia -c /Users/buddhirajgautam/Library/Developer/Xcode/DerivedData/Telegram-Mac-fygdgghdgmuleoelvxabfmqiotta/SourcePackages/checkouts/firebase-ios-sdk/Crashlytics/Crashlytics/Unwind/FIRCLSUnwind.c -o /Users/buddhirajgautam/Library/Developer/Xcode/DerivedData/Telegram-Mac-fygdgghdgmuleoelvxabfmqiotta/Build/Intermediates.noindex/Firebase.build/Debug/FirebaseCrashlytics-t.build/Objects-normal/arm64/FIRCLSUnwind.o -index-unit-output-path /Firebase.build/Debug/FirebaseCrashlytics-t.build/Objects-normal/arm64/FIRCLSUnwind.o

CompileC /Users/buddhirajgautam/Library/Developer/Xcode/DerivedData/Telegram-Mac-fygdgghdgmuleoelvxabfmqiotta/Build/Intermediates.noindex/Firebase.build/Debug/FirebaseCrashlytics-t.build/Objects-normal/arm64/FIRCLSThreadState.o /Users/buddhirajgautam/Library/Developer/Xcode/DerivedData/Telegram-Mac-fygdgghdgmuleoelvxabfmqiotta/SourcePackages/checkouts/firebase-ios-sdk/Crashlytics/Crashlytics/Helpers/FIRCLSThreadState.c normal arm64 c com.apple.compilers.llvm.clang.1_0.compiler (in target 'FirebaseCrashlytics' from project 'Firebase')
    cd /Users/buddhirajgautam/Documents/Cherrygram-Mac/macOS-Swift
    
    Using response file: /Users/buddhirajgautam/Library/Developer/Xcode/DerivedData/Telegram-Mac-fygdgghdgmuleoelvxabfmqiotta/Build/Intermediates.noindex/Firebase.build/Debug/FirebaseCrashlytics-t.build/Objects-normal/arm64/7187679823f38a2a940e0043cdf9d637-common-args.resp
    
    /Applications/Xcode.app/Contents/Developer/Toolchains/XcodeDefault.xctoolchain/usr/bin/clang -x c -ivfsstatcache /Users/buddhirajgautam/Library/Developer/Xcode/DerivedData/SDKStatCaches.noindex/macosx27.0-26A425-e829b21a6f8c9b70876ba0858053c0447231f6df4def33e022ae2eb8f782df1a.sdkstatcache -target arm64-apple-macos12.0 -fmessage-length\=0 -fdiagnostics-show-note-include-stack -fmacro-backtrace-limit\=0 -fno-color-diagnostics -fmodules-prune-interval\=86400 -fmodules-prune-after\=345600 -fbuild-session-file\=/Users/buddhirajgautam/Library/Developer/Xcode/DerivedData/ModuleCache.noindex/Session.modulevalidation -fmodules-validate-once-per-build-session -Wnon-modular-include-in-framework-module -Werror\=non-modular-include-in-framework-module -Wno-trigraphs -Wno-missing-field-initializers -Wno-missing-prototypes -Wno-return-type -Wno-missing-braces -Wparentheses -Wswitch -Wno-unused-function -Wno-unused-label -Wno-unused-parameter -Wno-unused-variable -Wunused-value -Wno-empty-body -Wno-uninitialized -Wno-unknown-pragmas -w -Wno-shadow -Wno-four-char-constants -Wno-conversion -Wno-constant-conversion -Wno-int-conversion -Wno-bool-conversion -Wno-enum-conversion -Wno-float-conversion -Wno-non-literal-null-conversion -Wno-objc-literal-conversion -Wshorten-64-to-32 -Wpointer-sign -Wno-newline-eof -Wno-implicit-fallthrough -isysroot /Applications/Xcode.app/Contents/Developer/Platforms/MacOSX.platform/Developer/SDKs/MacOSX27.0.sdk -fstrict-aliasing -Wdeprecated-declarations -Wno-sign-conversion -Wno-infinite-recursion -Wno-comma -Wno-block-capture-autoreleasing -Wno-strict-prototypes -Wno-semicolon-before-method-body -index-store-path /Users/buddhirajgautam/Library/Developer/Xcode/DerivedData/Telegram-Mac-fygdgghdgmuleoelvxabfmqiotta/Index.noindex/DataStore @/Users/buddhirajgautam/Library/Developer/Xcode/DerivedData/Telegram-Mac-fygdgghdgmuleoelvxabfmqiotta/Build/Intermediates.noindex/Firebase.build/Debug/FirebaseCrashlytics-t.build/Objects-normal/arm64/7187679823f38a2a940e0043cdf9d637-common-args.resp -MMD -MT dependencies -MF /Users/buddhirajgautam/Library/Developer/Xcode/DerivedData/Telegram-Mac-fygdgghdgmuleoelvxabfmqiotta/Build/Intermediates.noindex/Firebase.build/Debug/FirebaseCrashlytics-t.build/Objects-normal/arm64/FIRCLSThreadState.d --serialize-diagnostics /Users/buddhirajgautam/Library/Developer/Xcode/DerivedData/Telegram-Mac-fygdgghdgmuleoelvxabfmqiotta/Build/Intermediates.noindex/Firebase.build/Debug/FirebaseCrashlytics-t.build/Objects-normal/arm64/FIRCLSThreadState.dia -c /Users/buddhirajgautam/Library/Developer/Xcode/DerivedData/Telegram-Mac-fygdgghdgmuleoelvxabfmqiotta/SourcePackages/checkouts/firebase-ios-sdk/Crashlytics/Crashlytics/Helpers/FIRCLSThreadState.c -o /Users/buddhirajgautam/Library/Developer/Xcode/DerivedData/Telegram-Mac-fygdgghdgmuleoelvxabfmqiotta/Build/Intermediates.noindex/Firebase.build/Debug/FirebaseCrashlytics-t.build/Objects-normal/arm64/FIRCLSThreadState.o -index-unit-output-path /Firebase.build/Debug/FirebaseCrashlytics-t.build/Objects-normal/arm64/FIRCLSThreadState.o

CompileC /Users/buddhirajgautam/Library/Developer/Xcode/DerivedData/Telegram-Mac-fygdgghdgmuleoelvxabfmqiotta/Build/Intermediates.noindex/Firebase.build/Debug/FirebaseCrashlytics-t.build/Objects-normal/arm64/FIRCLSSignal.o /Users/buddhirajgautam/Library/Developer/Xcode/DerivedData/Telegram-Mac-fygdgghdgmuleoelvxabfmqiotta/SourcePackages/checkouts/firebase-ios-sdk/Crashlytics/Crashlytics/Handlers/FIRCLSSignal.c normal arm64 c com.apple.compilers.llvm.clang.1_0.compiler (in target 'FirebaseCrashlytics' from project 'Firebase')
    cd /Users/buddhirajgautam/Documents/Cherrygram-Mac/macOS-Swift
    
    Using response file: /Users/buddhirajgautam/Library/Developer/Xcode/DerivedData/Telegram-Mac-fygdgghdgmuleoelvxabfmqiotta/Build/Intermediates.noindex/Firebase.build/Debug/FirebaseCrashlytics-t.build/Objects-normal/arm64/7187679823f38a2a940e0043cdf9d637-common-args.resp
    
    /Applications/Xcode.app/Contents/Developer/Toolchains/XcodeDefault.xctoolchain/usr/bin/clang -x c -ivfsstatcache /Users/buddhirajgautam/Library/Developer/Xcode/DerivedData/SDKStatCaches.noindex/macosx27.0-26A425-e829b21a6f8c9b70876ba0858053c0447231f6df4def33e022ae2eb8f782df1a.sdkstatcache -target arm64-apple-macos12.0 -fmessage-length\=0 -fdiagnostics-show-note-include-stack -fmacro-backtrace-limit\=0 -fno-color-diagnostics -fmodules-prune-interval\=86400 -fmodules-prune-after\=345600 -fbuild-session-file\=/Users/buddhirajgautam/Library/Developer/Xcode/DerivedData/ModuleCache.noindex/Session.modulevalidation -fmodules-validate-once-per-build-session -Wnon-modular-include-in-framework-module -Werror\=non-modular-include-in-framework-module -Wno-trigraphs -Wno-missing-field-initializers -Wno-missing-prototypes -Wno-return-type -Wno-missing-braces -Wparentheses -Wswitch -Wno-unused-function -Wno-unused-label -Wno-unused-parameter -Wno-unused-variable -Wunused-value -Wno-empty-body -Wno-uninitialized -Wno-unknown-pragmas -w -Wno-shadow -Wno-four-char-constants -Wno-conversion -Wno-constant-conversion -Wno-int-conversion -Wno-bool-conversion -Wno-enum-conversion -Wno-float-conversion -Wno-non-literal-null-conversion -Wno-objc-literal-conversion -Wshorten-64-to-32 -Wpointer-sign -Wno-newline-eof -Wno-implicit-fallthrough -isysroot /Applications/Xcode.app/Contents/Developer/Platforms/MacOSX.platform/Developer/SDKs/MacOSX27.0.sdk -fstrict-aliasing -Wdeprecated-declarations -Wno-sign-conversion -Wno-infinite-recursion -Wno-comma -Wno-block-capture-autoreleasing -Wno-strict-prototypes -Wno-semicolon-before-method-body -index-store-path /Users/buddhirajgautam/Library/Developer/Xcode/DerivedData/Telegram-Mac-fygdgghdgmuleoelvxabfmqiotta/Index.noindex/DataStore @/Users/buddhirajgautam/Library/Developer/Xcode/DerivedData/Telegram-Mac-fygdgghdgmuleoelvxabfmqiotta/Build/Intermediates.noindex/Firebase.build/Debug/FirebaseCrashlytics-t.build/Objects-normal/arm64/7187679823f38a2a940e0043cdf9d637-common-args.resp -MMD -MT dependencies -MF /Users/buddhirajgautam/Library/Developer/Xcode/DerivedData/Telegram-Mac-fygdgghdgmuleoelvxabfmqiotta/Build/Intermediates.noindex/Firebase.build/Debug/FirebaseCrashlytics-t.build/Objects-normal/arm64/FIRCLSSignal.d --serialize-diagnostics /Users/buddhirajgautam/Library/Developer/Xcode/DerivedData/Telegram-Mac-fygdgghdgmuleoelvxabfmqiotta/Build/Intermediates.noindex/Firebase.build/Debug/FirebaseCrashlytics-t.build/Objects-normal/arm64/FIRCLSSignal.dia -c /Users/buddhirajgautam/Library/Developer/Xcode/DerivedData/Telegram-Mac-fygdgghdgmuleoelvxabfmqiotta/SourcePackages/checkouts/firebase-ios-sdk/Crashlytics/Crashlytics/Handlers/FIRCLSSignal.c -o /Users/buddhirajgautam/Library/Developer/Xcode/DerivedData/Telegram-Mac-fygdgghdgmuleoelvxabfmqiotta/Build/Intermediates.noindex/Firebase.build/Debug/FirebaseCrashlytics-t.build/Objects-normal/arm64/FIRCLSSignal.o -index-unit-output-path /Firebase.build/Debug/FirebaseCrashlytics-t.build/Objects-normal/arm64/FIRCLSSignal.o

CompileC /Users/buddhirajgautam/Library/Developer/Xcode/DerivedData/Telegram-Mac-fygdgghdgmuleoelvxabfmqiotta/Build/Intermediates.noindex/Firebase.build/Debug/FirebaseCrashlytics-t.build/Objects-normal/arm64/FIRCLSProcess.o /Users/buddhirajgautam/Library/Developer/Xcode/DerivedData/Telegram-Mac-fygdgghdgmuleoelvxabfmqiotta/SourcePackages/checkouts/firebase-ios-sdk/Crashlytics/Crashlytics/Components/FIRCLSProcess.c normal arm64 c com.apple.compilers.llvm.clang.1_0.compiler (in target 'FirebaseCrashlytics' from project 'Firebase')
    cd /Users/buddhirajgautam/Documents/Cherrygram-Mac/macOS-Swift
    
    Using response file: /Users/buddhirajgautam/Library/Developer/Xcode/DerivedData/Telegram-Mac-fygdgghdgmuleoelvxabfmqiotta/Build/Intermediates.noindex/Firebase.build/Debug/FirebaseCrashlytics-t.build/Objects-normal/arm64/7187679823f38a2a940e0043cdf9d637-common-args.resp
    
    /Applications/Xcode.app/Contents/Developer/Toolchains/XcodeDefault.xctoolchain/usr/bin/clang -x c -ivfsstatcache /Users/buddhirajgautam/Library/Developer/Xcode/DerivedData/SDKStatCaches.noindex/macosx27.0-26A425-e829b21a6f8c9b70876ba0858053c0447231f6df4def33e022ae2eb8f782df1a.sdkstatcache -target arm64-apple-macos12.0 -fmessage-length\=0 -fdiagnostics-show-note-include-stack -fmacro-backtrace-limit\=0 -fno-color-diagnostics -fmodules-prune-interval\=86400 -fmodules-prune-after\=345600 -fbuild-session-file\=/Users/buddhirajgautam/Library/Developer/Xcode/DerivedData/ModuleCache.noindex/Session.modulevalidation -fmodules-validate-once-per-build-session -Wnon-modular-include-in-framework-module -Werror\=non-modular-include-in-framework-module -Wno-trigraphs -Wno-missing-field-initializers -Wno-missing-prototypes -Wno-return-type -Wno-missing-braces -Wparentheses -Wswitch -Wno-unused-function -Wno-unused-label -Wno-unused-parameter -Wno-unused-variable -Wunused-value -Wno-empty-body -Wno-uninitialized -Wno-unknown-pragmas -w -Wno-shadow -Wno-four-char-constants -Wno-conversion -Wno-constant-conversion -Wno-int-conversion -Wno-bool-conversion -Wno-enum-conversion -Wno-float-conversion -Wno-non-literal-null-conversion -Wno-objc-literal-conversion -Wshorten-64-to-32 -Wpointer-sign -Wno-newline-eof -Wno-implicit-fallthrough -isysroot /Applications/Xcode.app/Contents/Developer/Platforms/MacOSX.platform/Developer/SDKs/MacOSX27.0.sdk -fstrict-aliasing -Wdeprecated-declarations -Wno-sign-conversion -Wno-infinite-recursion -Wno-comma -Wno-block-capture-autoreleasing -Wno-strict-prototypes -Wno-semicolon-before-method-body -index-store-path /Users/buddhirajgautam/Library/Developer/Xcode/DerivedData/Telegram-Mac-fygdgghdgmuleoelvxabfmqiotta/Index.noindex/DataStore @/Users/buddhirajgautam/Library/Developer/Xcode/DerivedData/Telegram-Mac-fygdgghdgmuleoelvxabfmqiotta/Build/Intermediates.noindex/Firebase.build/Debug/FirebaseCrashlytics-t.build/Objects-normal/arm64/7187679823f38a2a940e0043cdf9d637-common-args.resp -MMD -MT dependencies -MF /Users/buddhirajgautam/Library/Developer/Xcode/DerivedData/Telegram-Mac-fygdgghdgmuleoelvxabfmqiotta/Build/Intermediates.noindex/Firebase.build/Debug/FirebaseCrashlytics-t.build/Objects-normal/arm64/FIRCLSProcess.d --serialize-diagnostics /Users/buddhirajgautam/Library/Developer/Xcode/DerivedData/Telegram-Mac-fygdgghdgmuleoelvxabfmqiotta/Build/Intermediates.noindex/Firebase.build/Debug/FirebaseCrashlytics-t.build/Objects-normal/arm64/FIRCLSProcess.dia -c /Users/buddhirajgautam/Library/Developer/Xcode/DerivedData/Telegram-Mac-fygdgghdgmuleoelvxabfmqiotta/SourcePackages/checkouts/firebase-ios-sdk/Crashlytics/Crashlytics/Components/FIRCLSProcess.c -o /Users/buddhirajgautam/Library/Developer/Xcode/DerivedData/Telegram-Mac-fygdgghdgmuleoelvxabfmqiotta/Build/Intermediates.noindex/Firebase.build/Debug/FirebaseCrashlytics-t.build/Objects-normal/arm64/FIRCLSProcess.o -index-unit-output-path /Firebase.build/Debug/FirebaseCrashlytics-t.build/Objects-normal/arm64/FIRCLSProcess.o

CompileC /Users/buddhirajgautam/Library/Developer/Xcode/DerivedData/Telegram-Mac-fygdgghdgmuleoelvxabfmqiotta/Build/Intermediates.noindex/Firebase.build/Debug/FirebaseCrashlytics-t.build/Objects-normal/arm64/FIRCLSMachException.o /Users/buddhirajgautam/Library/Developer/Xcode/DerivedData/Telegram-Mac-fygdgghdgmuleoelvxabfmqiotta/SourcePackages/checkouts/firebase-ios-sdk/Crashlytics/Crashlytics/Handlers/FIRCLSMachException.c normal arm64 c com.apple.compilers.llvm.clang.1_0.compiler (in target 'FirebaseCrashlytics' from project 'Firebase')
    cd /Users/buddhirajgautam/Documents/Cherrygram-Mac/macOS-Swift
    
    Using response file: /Users/buddhirajgautam/Library/Developer/Xcode/DerivedData/Telegram-Mac-fygdgghdgmuleoelvxabfmqiotta/Build/Intermediates.noindex/Firebase.build/Debug/FirebaseCrashlytics-t.build/Objects-normal/arm64/7187679823f38a2a940e0043cdf9d637-common-args.resp
    
    /Applications/Xcode.app/Contents/Developer/Toolchains/XcodeDefault.xctoolchain/usr/bin/clang -x c -ivfsstatcache /Users/buddhirajgautam/Library/Developer/Xcode/DerivedData/SDKStatCaches.noindex/macosx27.0-26A425-e829b21a6f8c9b70876ba0858053c0447231f6df4def33e022ae2eb8f782df1a.sdkstatcache -target arm64-apple-macos12.0 -fmessage-length\=0 -fdiagnostics-show-note-include-stack -fmacro-backtrace-limit\=0 -fno-color-diagnostics -fmodules-prune-interval\=86400 -fmodules-prune-after\=345600 -fbuild-session-file\=/Users/buddhirajgautam/Library/Developer/Xcode/DerivedData/ModuleCache.noindex/Session.modulevalidation -fmodules-validate-once-per-build-session -Wnon-modular-include-in-framework-module -Werror\=non-modular-include-in-framework-module -Wno-trigraphs -Wno-missing-field-initializers -Wno-missing-prototypes -Wno-return-type -Wno-missing-braces -Wparentheses -Wswitch -Wno-unused-function -Wno-unused-label -Wno-unused-parameter -Wno-unused-variable -Wunused-value -Wno-empty-body -Wno-uninitialized -Wno-unknown-pragmas -w -Wno-shadow -Wno-four-char-constants -Wno-conversion -Wno-constant-conversion -Wno-int-conversion -Wno-bool-conversion -Wno-enum-conversion -Wno-float-conversion -Wno-non-literal-null-conversion -Wno-objc-literal-conversion -Wshorten-64-to-32 -Wpointer-sign -Wno-newline-eof -Wno-implicit-fallthrough -isysroot /Applications/Xcode.app/Contents/Developer/Platforms/MacOSX.platform/Developer/SDKs/MacOSX27.0.sdk -fstrict-aliasing -Wdeprecated-declarations -Wno-sign-conversion -Wno-infinite-recursion -Wno-comma -Wno-block-capture-autoreleasing -Wno-strict-prototypes -Wno-semicolon-before-method-body -index-store-path /Users/buddhirajgautam/Library/Developer/Xcode/DerivedData/Telegram-Mac-fygdgghdgmuleoelvxabfmqiotta/Index.noindex/DataStore @/Users/buddhirajgautam/Library/Developer/Xcode/DerivedData/Telegram-Mac-fygdgghdgmuleoelvxabfmqiotta/Build/Intermediates.noindex/Firebase.build/Debug/FirebaseCrashlytics-t.build/Objects-normal/arm64/7187679823f38a2a940e0043cdf9d637-common-args.resp -MMD -MT dependencies -MF /Users/buddhirajgautam/Library/Developer/Xcode/DerivedData/Telegram-Mac-fygdgghdgmuleoelvxabfmqiotta/Build/Intermediates.noindex/Firebase.build/Debug/FirebaseCrashlytics-t.build/Objects-normal/arm64/FIRCLSMachException.d --serialize-diagnostics /Users/buddhirajgautam/Library/Developer/Xcode/DerivedData/Telegram-Mac-fygdgghdgmuleoelvxabfmqiotta/Build/Intermediates.noindex/Firebase.build/Debug/FirebaseCrashlytics-t.build/Objects-normal/arm64/FIRCLSMachException.dia -c /Users/buddhirajgautam/Library/Developer/Xcode/DerivedData/Telegram-Mac-fygdgghdgmuleoelvxabfmqiotta/SourcePackages/checkouts/firebase-ios-sdk/Crashlytics/Crashlytics/Handlers/FIRCLSMachException.c -o /Users/buddhirajgautam/Library/Developer/Xcode/DerivedData/Telegram-Mac-fygdgghdgmuleoelvxabfmqiotta/Build/Intermediates.noindex/Firebase.build/Debug/FirebaseCrashlytics-t.build/Objects-normal/arm64/FIRCLSMachException.o -index-unit-output-path /Firebase.build/Debug/FirebaseCrashlytics-t.build/Objects-normal/arm64/FIRCLSMachException.o

CompileC /Users/buddhirajgautam/Library/Developer/Xcode/DerivedData/Telegram-Mac-fygdgghdgmuleoelvxabfmqiotta/Build/Intermediates.noindex/Firebase.build/Debug/FirebaseCrashlytics-t.build/Objects-normal/arm64/FIRCLSInternalLogging.o /Users/buddhirajgautam/Library/Developer/Xcode/DerivedData/Telegram-Mac-fygdgghdgmuleoelvxabfmqiotta/SourcePackages/checkouts/firebase-ios-sdk/Crashlytics/Crashlytics/Helpers/FIRCLSInternalLogging.c normal arm64 c com.apple.compilers.llvm.clang.1_0.compiler (in target 'FirebaseCrashlytics' from project 'Firebase')
    cd /Users/buddhirajgautam/Documents/Cherrygram-Mac/macOS-Swift
    
    Using response file: /Users/buddhirajgautam/Library/Developer/Xcode/DerivedData/Telegram-Mac-fygdgghdgmuleoelvxabfmqiotta/Build/Intermediates.noindex/Firebase.build/Debug/FirebaseCrashlytics-t.build/Objects-normal/arm64/7187679823f38a2a940e0043cdf9d637-common-args.resp
    
    /Applications/Xcode.app/Contents/Developer/Toolchains/XcodeDefault.xctoolchain/usr/bin/clang -x c -ivfsstatcache /Users/buddhirajgautam/Library/Developer/Xcode/DerivedData/SDKStatCaches.noindex/macosx27.0-26A425-e829b21a6f8c9b70876ba0858053c0447231f6df4def33e022ae2eb8f782df1a.sdkstatcache -target arm64-apple-macos12.0 -fmessage-length\=0 -fdiagnostics-show-note-include-stack -fmacro-backtrace-limit\=0 -fno-color-diagnostics -fmodules-prune-interval\=86400 -fmodules-prune-after\=345600 -fbuild-session-file\=/Users/buddhirajgautam/Library/Developer/Xcode/DerivedData/ModuleCache.noindex/Session.modulevalidation -fmodules-validate-once-per-build-session -Wnon-modular-include-in-framework-module -Werror\=non-modular-include-in-framework-module -Wno-trigraphs -Wno-missing-field-initializers -Wno-missing-prototypes -Wno-return-type -Wno-missing-braces -Wparentheses -Wswitch -Wno-unused-function -Wno-unused-label -Wno-unused-parameter -Wno-unused-variable -Wunused-value -Wno-empty-body -Wno-uninitialized -Wno-unknown-pragmas -w -Wno-shadow -Wno-four-char-constants -Wno-conversion -Wno-constant-conversion -Wno-int-conversion -Wno-bool-conversion -Wno-enum-conversion -Wno-float-conversion -Wno-non-literal-null-conversion -Wno-objc-literal-conversion -Wshorten-64-to-32 -Wpointer-sign -Wno-newline-eof -Wno-implicit-fallthrough -isysroot /Applications/Xcode.app/Contents/Developer/Platforms/MacOSX.platform/Developer/SDKs/MacOSX27.0.sdk -fstrict-aliasing -Wdeprecated-declarations -Wno-sign-conversion -Wno-infinite-recursion -Wno-comma -Wno-block-capture-autoreleasing -Wno-strict-prototypes -Wno-semicolon-before-method-body -index-store-path /Users/buddhirajgautam/Library/Developer/Xcode/DerivedData/Telegram-Mac-fygdgghdgmuleoelvxabfmqiotta/Index.noindex/DataStore @/Users/buddhirajgautam/Library/Developer/Xcode/DerivedData/Telegram-Mac-fygdgghdgmuleoelvxabfmqiotta/Build/Intermediates.noindex/Firebase.build/Debug/FirebaseCrashlytics-t.build/Objects-normal/arm64/7187679823f38a2a940e0043cdf9d637-common-args.resp -MMD -MT dependencies -MF /Users/buddhirajgautam/Library/Developer/Xcode/DerivedData/Telegram-Mac-fygdgghdgmuleoelvxabfmqiotta/Build/Intermediates.noindex/Firebase.build/Debug/FirebaseCrashlytics-t.build/Objects-normal/arm64/FIRCLSInternalLogging.d --serialize-diagnostics /Users/buddhirajgautam/Library/Developer/Xcode/DerivedData/Telegram-Mac-fygdgghdgmuleoelvxabfmqiotta/Build/Intermediates.noindex/Firebase.build/Debug/FirebaseCrashlytics-t.build/Objects-normal/arm64/FIRCLSInternalLogging.dia -c /Users/buddhirajgautam/Library/Developer/Xcode/DerivedData/Telegram-Mac-fygdgghdgmuleoelvxabfmqiotta/SourcePackages/checkouts/firebase-ios-sdk/Crashlytics/Crashlytics/Helpers/FIRCLSInternalLogging.c -o /Users/buddhirajgautam/Library/Developer/Xcode/DerivedData/Telegram-Mac-fygdgghdgmuleoelvxabfmqiotta/Build/Intermediates.noindex/Firebase.build/Debug/FirebaseCrashlytics-t.build/Objects-normal/arm64/FIRCLSInternalLogging.o -index-unit-output-path /Firebase.build/Debug/FirebaseCrashlytics-t.build/Objects-normal/arm64/FIRCLSInternalLogging.o

CompileC /Users/buddhirajgautam/Library/Developer/Xcode/DerivedData/Telegram-Mac-fygdgghdgmuleoelvxabfmqiotta/Build/Intermediates.noindex/Firebase.build/Debug/FirebaseCrashlytics-t.build/Objects-normal/arm64/FIRCLSDwarfUnwind.o /Users/buddhirajgautam/Library/Developer/Xcode/DerivedData/Telegram-Mac-fygdgghdgmuleoelvxabfmqiotta/SourcePackages/checkouts/firebase-ios-sdk/Crashlytics/Crashlytics/Unwind/Dwarf/FIRCLSDwarfUnwind.c normal arm64 c com.apple.compilers.llvm.clang.1_0.compiler (in target 'FirebaseCrashlytics' from project 'Firebase')
    cd /Users/buddhirajgautam/Documents/Cherrygram-Mac/macOS-Swift
    
    Using response file: /Users/buddhirajgautam/Library/Developer/Xcode/DerivedData/Telegram-Mac-fygdgghdgmuleoelvxabfmqiotta/Build/Intermediates.noindex/Firebase.build/Debug/FirebaseCrashlytics-t.build/Objects-normal/arm64/7187679823f38a2a940e0043cdf9d637-common-args.resp
    
    /Applications/Xcode.app/Contents/Developer/Toolchains/XcodeDefault.xctoolchain/usr/bin/clang -x c -ivfsstatcache /Users/buddhirajgautam/Library/Developer/Xcode/DerivedData/SDKStatCaches.noindex/macosx27.0-26A425-e829b21a6f8c9b70876ba0858053c0447231f6df4def33e022ae2eb8f782df1a.sdkstatcache -target arm64-apple-macos12.0 -fmessage-length\=0 -fdiagnostics-show-note-include-stack -fmacro-backtrace-limit\=0 -fno-color-diagnostics -fmodules-prune-interval\=86400 -fmodules-prune-after\=345600 -fbuild-session-file\=/Users/buddhirajgautam/Library/Developer/Xcode/DerivedData/ModuleCache.noindex/Session.modulevalidation -fmodules-validate-once-per-build-session -Wnon-modular-include-in-framework-module -Werror\=non-modular-include-in-framework-module -Wno-trigraphs -Wno-missing-field-initializers -Wno-missing-prototypes -Wno-return-type -Wno-missing-braces -Wparentheses -Wswitch -Wno-unused-function -Wno-unused-label -Wno-unused-parameter -Wno-unused-variable -Wunused-value -Wno-empty-body -Wno-uninitialized -Wno-unknown-pragmas -w -Wno-shadow -Wno-four-char-constants -Wno-conversion -Wno-constant-conversion -Wno-int-conversion -Wno-bool-conversion -Wno-enum-conversion -Wno-float-conversion -Wno-non-literal-null-conversion -Wno-objc-literal-conversion -Wshorten-64-to-32 -Wpointer-sign -Wno-newline-eof -Wno-implicit-fallthrough -isysroot /Applications/Xcode.app/Contents/Developer/Platforms/MacOSX.platform/Developer/SDKs/MacOSX27.0.sdk -fstrict-aliasing -Wdeprecated-declarations -Wno-sign-conversion -Wno-infinite-recursion -Wno-comma -Wno-block-capture-autoreleasing -Wno-strict-prototypes -Wno-semicolon-before-method-body -index-store-path /Users/buddhirajgautam/Library/Developer/Xcode/DerivedData/Telegram-Mac-fygdgghdgmuleoelvxabfmqiotta/Index.noindex/DataStore @/Users/buddhirajgautam/Library/Developer/Xcode/DerivedData/Telegram-Mac-fygdgghdgmuleoelvxabfmqiotta/Build/Intermediates.noindex/Firebase.build/Debug/FirebaseCrashlytics-t.build/Objects-normal/arm64/7187679823f38a2a940e0043cdf9d637-common-args.resp -MMD -MT dependencies -MF /Users/buddhirajgautam/Library/Developer/Xcode/DerivedData/Telegram-Mac-fygdgghdgmuleoelvxabfmqiotta/Build/Intermediates.noindex/Firebase.build/Debug/FirebaseCrashlytics-t.build/Objects-normal/arm64/FIRCLSDwarfUnwind.d --serialize-diagnostics /Users/buddhirajgautam/Library/Developer/Xcode/DerivedData/Telegram-Mac-fygdgghdgmuleoelvxabfmqiotta/Build/Intermediates.noindex/Firebase.build/Debug/FirebaseCrashlytics-t.build/Objects-normal/arm64/FIRCLSDwarfUnwind.dia -c /Users/buddhirajgautam/Library/Developer/Xcode/DerivedData/Telegram-Mac-fygdgghdgmuleoelvxabfmqiotta/SourcePackages/checkouts/firebase-ios-sdk/Crashlytics/Crashlytics/Unwind/Dwarf/FIRCLSDwarfUnwind.c -o /Users/buddhirajgautam/Library/Developer/Xcode/DerivedData/Telegram-Mac-fygdgghdgmuleoelvxabfmqiotta/Build/Intermediates.noindex/Firebase.build/Debug/FirebaseCrashlytics-t.build/Objects-normal/arm64/FIRCLSDwarfUnwind.o -index-unit-output-path /Firebase.build/Debug/FirebaseCrashlytics-t.build/Objects-normal/arm64/FIRCLSDwarfUnwind.o

CompileC /Users/buddhirajgautam/Library/Developer/Xcode/DerivedData/Telegram-Mac-fygdgghdgmuleoelvxabfmqiotta/Build/Intermediates.noindex/Firebase.build/Debug/FirebaseCrashlytics-t.build/Objects-normal/arm64/FIRCLSDwarfExpressionMachine.o /Users/buddhirajgautam/Library/Developer/Xcode/DerivedData/Telegram-Mac-fygdgghdgmuleoelvxabfmqiotta/SourcePackages/checkouts/firebase-ios-sdk/Crashlytics/Crashlytics/Unwind/Dwarf/FIRCLSDwarfExpressionMachine.c normal arm64 c com.apple.compilers.llvm.clang.1_0.compiler (in target 'FirebaseCrashlytics' from project 'Firebase')
    cd /Users/buddhirajgautam/Documents/Cherrygram-Mac/macOS-Swift
    
    Using response file: /Users/buddhirajgautam/Library/Developer/Xcode/DerivedData/Telegram-Mac-fygdgghdgmuleoelvxabfmqiotta/Build/Intermediates.noindex/Firebase.build/Debug/FirebaseCrashlytics-t.build/Objects-normal/arm64/7187679823f38a2a940e0043cdf9d637-common-args.resp
    
    /Applications/Xcode.app/Contents/Developer/Toolchains/XcodeDefault.xctoolchain/usr/bin/clang -x c -ivfsstatcache /Users/buddhirajgautam/Library/Developer/Xcode/DerivedData/SDKStatCaches.noindex/macosx27.0-26A425-e829b21a6f8c9b70876ba0858053c0447231f6df4def33e022ae2eb8f782df1a.sdkstatcache -target arm64-apple-macos12.0 -fmessage-length\=0 -fdiagnostics-show-note-include-stack -fmacro-backtrace-limit\=0 -fno-color-diagnostics -fmodules-prune-interval\=86400 -fmodules-prune-after\=345600 -fbuild-session-file\=/Users/buddhirajgautam/Library/Developer/Xcode/DerivedData/ModuleCache.noindex/Session.modulevalidation -fmodules-validate-once-per-build-session -Wnon-modular-include-in-framework-module -Werror\=non-modular-include-in-framework-module -Wno-trigraphs -Wno-missing-field-initializers -Wno-missing-prototypes -Wno-return-type -Wno-missing-braces -Wparentheses -Wswitch -Wno-unused-function -Wno-unused-label -Wno-unused-parameter -Wno-unused-variable -Wunused-value -Wno-empty-body -Wno-uninitialized -Wno-unknown-pragmas -w -Wno-shadow -Wno-four-char-constants -Wno-conversion -Wno-constant-conversion -Wno-int-conversion -Wno-bool-conversion -Wno-enum-conversion -Wno-float-conversion -Wno-non-literal-null-conversion -Wno-objc-literal-conversion -Wshorten-64-to-32 -Wpointer-sign -Wno-newline-eof -Wno-implicit-fallthrough -isysroot /Applications/Xcode.app/Contents/Developer/Platforms/MacOSX.platform/Developer/SDKs/MacOSX27.0.sdk -fstrict-aliasing -Wdeprecated-declarations -Wno-sign-conversion -Wno-infinite-recursion -Wno-comma -Wno-block-capture-autoreleasing -Wno-strict-prototypes -Wno-semicolon-before-method-body -index-store-path /Users/buddhirajgautam/Library/Developer/Xcode/DerivedData/Telegram-Mac-fygdgghdgmuleoelvxabfmqiotta/Index.noindex/DataStore @/Users/buddhirajgautam/Library/Developer/Xcode/DerivedData/Telegram-Mac-fygdgghdgmuleoelvxabfmqiotta/Build/Intermediates.noindex/Firebase.build/Debug/FirebaseCrashlytics-t.build/Objects-normal/arm64/7187679823f38a2a940e0043cdf9d637-common-args.resp -MMD -MT dependencies -MF /Users/buddhirajgautam/Library/Developer/Xcode/DerivedData/Telegram-Mac-fygdgghdgmuleoelvxabfmqiotta/Build/Intermediates.noindex/Firebase.build/Debug/FirebaseCrashlytics-t.build/Objects-normal/arm64/FIRCLSDwarfExpressionMachine.d --serialize-diagnostics /Users/buddhirajgautam/Library/Developer/Xcode/DerivedData/Telegram-Mac-fygdgghdgmuleoelvxabfmqiotta/Build/Intermediates.noindex/Firebase.build/Debug/FirebaseCrashlytics-t.build/Objects-normal/arm64/FIRCLSDwarfExpressionMachine.dia -c /Users/buddhirajgautam/Library/Developer/Xcode/DerivedData/Telegram-Mac-fygdgghdgmuleoelvxabfmqiotta/SourcePackages/checkouts/firebase-ios-sdk/Crashlytics/Crashlytics/Unwind/Dwarf/FIRCLSDwarfExpressionMachine.c -o /Users/buddhirajgautam/Library/Developer/Xcode/DerivedData/Telegram-Mac-fygdgghdgmuleoelvxabfmqiotta/Build/Intermediates.noindex/Firebase.build/Debug/FirebaseCrashlytics-t.build/Objects-normal/arm64/FIRCLSDwarfExpressionMachine.o -index-unit-output-path /Firebase.build/Debug/FirebaseCrashlytics-t.build/Objects-normal/arm64/FIRCLSDwarfExpressionMachine.o

CompileC /Users/buddhirajgautam/Library/Developer/Xcode/DerivedData/Telegram-Mac-fygdgghdgmuleoelvxabfmqiotta/Build/Intermediates.noindex/Firebase.build/Debug/FirebaseCrashlytics-t.build/Objects-normal/arm64/FIRCLSDataParsing.o /Users/buddhirajgautam/Library/Developer/Xcode/DerivedData/Telegram-Mac-fygdgghdgmuleoelvxabfmqiotta/SourcePackages/checkouts/firebase-ios-sdk/Crashlytics/Crashlytics/Unwind/Dwarf/FIRCLSDataParsing.c normal arm64 c com.apple.compilers.llvm.clang.1_0.compiler (in target 'FirebaseCrashlytics' from project 'Firebase')
    cd /Users/buddhirajgautam/Documents/Cherrygram-Mac/macOS-Swift
    
    Using response file: /Users/buddhirajgautam/Library/Developer/Xcode/DerivedData/Telegram-Mac-fygdgghdgmuleoelvxabfmqiotta/Build/Intermediates.noindex/Firebase.build/Debug/FirebaseCrashlytics-t.build/Objects-normal/arm64/7187679823f38a2a940e0043cdf9d637-common-args.resp
    
    /Applications/Xcode.app/Contents/Developer/Toolchains/XcodeDefault.xctoolchain/usr/bin/clang -x c -ivfsstatcache /Users/buddhirajgautam/Library/Developer/Xcode/DerivedData/SDKStatCaches.noindex/macosx27.0-26A425-e829b21a6f8c9b70876ba0858053c0447231f6df4def33e022ae2eb8f782df1a.sdkstatcache -target arm64-apple-macos12.0 -fmessage-length\=0 -fdiagnostics-show-note-include-stack -fmacro-backtrace-limit\=0 -fno-color-diagnostics -fmodules-prune-interval\=86400 -fmodules-prune-after\=345600 -fbuild-session-file\=/Users/buddhirajgautam/Library/Developer/Xcode/DerivedData/ModuleCache.noindex/Session.modulevalidation -fmodules-validate-once-per-build-session -Wnon-modular-include-in-framework-module -Werror\=non-modular-include-in-framework-module -Wno-trigraphs -Wno-missing-field-initializers -Wno-missing-prototypes -Wno-return-type -Wno-missing-braces -Wparentheses -Wswitch -Wno-unused-function -Wno-unused-label -Wno-unused-parameter -Wno-unused-variable -Wunused-value -Wno-empty-body -Wno-uninitialized -Wno-unknown-pragmas -w -Wno-shadow -Wno-four-char-constants -Wno-conversion -Wno-constant-conversion -Wno-int-conversion -Wno-bool-conversion -Wno-enum-conversion -Wno-float-conversion -Wno-non-literal-null-conversion -Wno-objc-literal-conversion -Wshorten-64-to-32 -Wpointer-sign -Wno-newline-eof -Wno-implicit-fallthrough -isysroot /Applications/Xcode.app/Contents/Developer/Platforms/MacOSX.platform/Developer/SDKs/MacOSX27.0.sdk -fstrict-aliasing -Wdeprecated-declarations -Wno-sign-conversion -Wno-infinite-recursion -Wno-comma -Wno-block-capture-autoreleasing -Wno-strict-prototypes -Wno-semicolon-before-method-body -index-store-path /Users/buddhirajgautam/Library/Developer/Xcode/DerivedData/Telegram-Mac-fygdgghdgmuleoelvxabfmqiotta/Index.noindex/DataStore @/Users/buddhirajgautam/Library/Developer/Xcode/DerivedData/Telegram-Mac-fygdgghdgmuleoelvxabfmqiotta/Build/Intermediates.noindex/Firebase.build/Debug/FirebaseCrashlytics-t.build/Objects-normal/arm64/7187679823f38a2a940e0043cdf9d637-common-args.resp -MMD -MT dependencies -MF /Users/buddhirajgautam/Library/Developer/Xcode/DerivedData/Telegram-Mac-fygdgghdgmuleoelvxabfmqiotta/Build/Intermediates.noindex/Firebase.build/Debug/FirebaseCrashlytics-t.build/Objects-normal/arm64/FIRCLSDataParsing.d --serialize-diagnostics /Users/buddhirajgautam/Library/Developer/Xcode/DerivedData/Telegram-Mac-fygdgghdgmuleoelvxabfmqiotta/Build/Intermediates.noindex/Firebase.build/Debug/FirebaseCrashlytics-t.build/Objects-normal/arm64/FIRCLSDataParsing.dia -c /Users/buddhirajgautam/Library/Developer/Xcode/DerivedData/Telegram-Mac-fygdgghdgmuleoelvxabfmqiotta/SourcePackages/checkouts/firebase-ios-sdk/Crashlytics/Crashlytics/Unwind/Dwarf/FIRCLSDataParsing.c -o /Users/buddhirajgautam/Library/Developer/Xcode/DerivedData/Telegram-Mac-fygdgghdgmuleoelvxabfmqiotta/Build/Intermediates.noindex/Firebase.build/Debug/FirebaseCrashlytics-t.build/Objects-normal/arm64/FIRCLSDataParsing.o -index-unit-output-path /Firebase.build/Debug/FirebaseCrashlytics-t.build/Objects-normal/arm64/FIRCLSDataParsing.o

CompileC /Users/buddhirajgautam/Library/Developer/Xcode/DerivedData/Telegram-Mac-fygdgghdgmuleoelvxabfmqiotta/Build/Intermediates.noindex/Firebase.build/Debug/FirebaseCrashlytics-t.build/Objects-normal/arm64/FIRCLSCrashedMarkerFile.o /Users/buddhirajgautam/Library/Developer/Xcode/DerivedData/Telegram-Mac-fygdgghdgmuleoelvxabfmqiotta/SourcePackages/checkouts/firebase-ios-sdk/Crashlytics/Crashlytics/Components/FIRCLSCrashedMarkerFile.c normal arm64 c com.apple.compilers.llvm.clang.1_0.compiler (in target 'FirebaseCrashlytics' from project 'Firebase')
    cd /Users/buddhirajgautam/Documents/Cherrygram-Mac/macOS-Swift
    
    Using response file: /Users/buddhirajgautam/Library/Developer/Xcode/DerivedData/Telegram-Mac-fygdgghdgmuleoelvxabfmqiotta/Build/Intermediates.noindex/Firebase.build/Debug/FirebaseCrashlytics-t.build/Objects-normal/arm64/7187679823f38a2a940e0043cdf9d637-common-args.resp
    
    /Applications/Xcode.app/Contents/Developer/Toolchains/XcodeDefault.xctoolchain/usr/bin/clang -x c -ivfsstatcache /Users/buddhirajgautam/Library/Developer/Xcode/DerivedData/SDKStatCaches.noindex/macosx27.0-26A425-e829b21a6f8c9b70876ba0858053c0447231f6df4def33e022ae2eb8f782df1a.sdkstatcache -target arm64-apple-macos12.0 -fmessage-length\=0 -fdiagnostics-show-note-include-stack -fmacro-backtrace-limit\=0 -fno-color-diagnostics -fmodules-prune-interval\=86400 -fmodules-prune-after\=345600 -fbuild-session-file\=/Users/buddhirajgautam/Library/Developer/Xcode/DerivedData/ModuleCache.noindex/Session.modulevalidation -fmodules-validate-once-per-build-session -Wnon-modular-include-in-framework-module -Werror\=non-modular-include-in-framework-module -Wno-trigraphs -Wno-missing-field-initializers -Wno-missing-prototypes -Wno-return-type -Wno-missing-braces -Wparentheses -Wswitch -Wno-unused-function -Wno-unused-label -Wno-unused-parameter -Wno-unused-variable -Wunused-value -Wno-empty-body -Wno-uninitialized -Wno-unknown-pragmas -w -Wno-shadow -Wno-four-char-constants -Wno-conversion -Wno-constant-conversion -Wno-int-conversion -Wno-bool-conversion -Wno-enum-conversion -Wno-float-conversion -Wno-non-literal-null-conversion -Wno-objc-literal-conversion -Wshorten-64-to-32 -Wpointer-sign -Wno-newline-eof -Wno-implicit-fallthrough -isysroot /Applications/Xcode.app/Contents/Developer/Platforms/MacOSX.platform/Developer/SDKs/MacOSX27.0.sdk -fstrict-aliasing -Wdeprecated-declarations -Wno-sign-conversion -Wno-infinite-recursion -Wno-comma -Wno-block-capture-autoreleasing -Wno-strict-prototypes -Wno-semicolon-before-method-body -index-store-path /Users/buddhirajgautam/Library/Developer/Xcode/DerivedData/Telegram-Mac-fygdgghdgmuleoelvxabfmqiotta/Index.noindex/DataStore @/Users/buddhirajgautam/Library/Developer/Xcode/DerivedData/Telegram-Mac-fygdgghdgmuleoelvxabfmqiotta/Build/Intermediates.noindex/Firebase.build/Debug/FirebaseCrashlytics-t.build/Objects-normal/arm64/7187679823f38a2a940e0043cdf9d637-common-args.resp -MMD -MT dependencies -MF /Users/buddhirajgautam/Library/Developer/Xcode/DerivedData/Telegram-Mac-fygdgghdgmuleoelvxabfmqiotta/Build/Intermediates.noindex/Firebase.build/Debug/FirebaseCrashlytics-t.build/Objects-normal/arm64/FIRCLSCrashedMarkerFile.d --serialize-diagnostics /Users/buddhirajgautam/Library/Developer/Xcode/DerivedData/Telegram-Mac-fygdgghdgmuleoelvxabfmqiotta/Build/Intermediates.noindex/Firebase.build/Debug/FirebaseCrashlytics-t.build/Objects-normal/arm64/FIRCLSCrashedMarkerFile.dia -c /Users/buddhirajgautam/Library/Developer/Xcode/DerivedData/Telegram-Mac-fygdgghdgmuleoelvxabfmqiotta/SourcePackages/checkouts/firebase-ios-sdk/Crashlytics/Crashlytics/Components/FIRCLSCrashedMarkerFile.c -o /Users/buddhirajgautam/Library/Developer/Xcode/DerivedData/Telegram-Mac-fygdgghdgmuleoelvxabfmqiotta/Build/Intermediates.noindex/Firebase.build/Debug/FirebaseCrashlytics-t.build/Objects-normal/arm64/FIRCLSCrashedMarkerFile.o -index-unit-output-path /Firebase.build/Debug/FirebaseCrashlytics-t.build/Objects-normal/arm64/FIRCLSCrashedMarkerFile.o

PrecompileModule /Users/buddhirajgautam/Library/Developer/Xcode/DerivedData/Telegram-Mac-fygdgghdgmuleoelvxabfmqiotta/Build/Intermediates.noindex/ExplicitPrecompiledModules/CoreData-9048X8D7DLCHFI7ERT0IWU9NP.scan
    cd /
    builtin-precompileModule /Users/buddhirajgautam/Library/Developer/Xcode/DerivedData/Telegram-Mac-fygdgghdgmuleoelvxabfmqiotta/Build/Intermediates.noindex/ExplicitPrecompiledModules/CoreData-9048X8D7DLCHFI7ERT0IWU9NP.scan

PrecompileModule /Users/buddhirajgautam/Library/Developer/Xcode/DerivedData/Telegram-Mac-fygdgghdgmuleoelvxabfmqiotta/Build/Intermediates.noindex/ExplicitPrecompiledModules/XPC-77G6XST3OEMZHJ2TW4O7430I6.scan
    cd /
    builtin-precompileModule /Users/buddhirajgautam/Library/Developer/Xcode/DerivedData/Telegram-Mac-fygdgghdgmuleoelvxabfmqiotta/Build/Intermediates.noindex/ExplicitPrecompiledModules/XPC-77G6XST3OEMZHJ2TW4O7430I6.scan

PrecompileModule /Users/buddhirajgautam/Library/Developer/Xcode/DerivedData/Telegram-Mac-fygdgghdgmuleoelvxabfmqiotta/Build/Intermediates.noindex/ExplicitPrecompiledModules/CoreFoundation-5998VGFRSIYWYO84T3AV5RFH4.scan
    cd /
    builtin-precompileModule /Users/buddhirajgautam/Library/Developer/Xcode/DerivedData/Telegram-Mac-fygdgghdgmuleoelvxabfmqiotta/Build/Intermediates.noindex/ExplicitPrecompiledModules/CoreFoundation-5998VGFRSIYWYO84T3AV5RFH4.scan

PrecompileModule /Users/buddhirajgautam/Library/Developer/Xcode/DerivedData/Telegram-Mac-fygdgghdgmuleoelvxabfmqiotta/Build/Intermediates.noindex/ExplicitPrecompiledModules/CoreVideo-83IYBSJJX1A2RA1RQLIOKGZQI.scan
    cd /
    builtin-precompileModule /Users/buddhirajgautam/Library/Developer/Xcode/DerivedData/Telegram-Mac-fygdgghdgmuleoelvxabfmqiotta/Build/Intermediates.noindex/ExplicitPrecompiledModules/CoreVideo-83IYBSJJX1A2RA1RQLIOKGZQI.scan

ScanDependencies /Users/buddhirajgautam/Library/Developer/Xcode/DerivedData/Telegram-Mac-fygdgghdgmuleoelvxabfmqiotta/Build/Intermediates.noindex/Firebase.build/Debug/FirebaseCrashlytics-t.build/Objects-normal/arm64/FIRCLSConstants.o /Users/buddhirajgautam/Library/Developer/Xcode/DerivedData/Telegram-Mac-fygdgghdgmuleoelvxabfmqiotta/SourcePackages/checkouts/firebase-ios-sdk/Crashlytics/Shared/FIRCLSConstants.m normal arm64 objective-c com.apple.compilers.llvm.clang.1_0.compiler (in target 'FirebaseCrashlytics' from project 'Firebase')
    cd /Users/buddhirajgautam/Documents/Cherrygram-Mac/macOS-Swift
    
    Using response file: /Users/buddhirajgautam/Library/Developer/Xcode/DerivedData/Telegram-Mac-fygdgghdgmuleoelvxabfmqiotta/Build/Intermediates.noindex/Firebase.build/Debug/FirebaseCrashlytics-t.build/Objects-normal/arm64/e6072d4f65d7061329687fe24e3d63a7-common-args.resp
    
    builtin-ScanDependencies -o /Users/buddhirajgautam/Library/Developer/Xcode/DerivedData/Telegram-Mac-fygdgghdgmuleoelvxabfmqiotta/Build/Intermediates.noindex/Firebase.build/Debug/FirebaseCrashlytics-t.build/Objects-normal/arm64/FIRCLSConstants.o.scan -- /Applications/Xcode.app/Contents/Developer/Toolchains/XcodeDefault.xctoolchain/usr/bin/clang -x objective-c -ivfsstatcache /Users/buddhirajgautam/Library/Developer/Xcode/DerivedData/SDKStatCaches.noindex/macosx27.0-26A425-e829b21a6f8c9b70876ba0858053c0447231f6df4def33e022ae2eb8f782df1a.sdkstatcache -target arm64-apple-macos12.0 -fmessage-length\=0 -fdiagnostics-show-note-include-stack -fmacro-backtrace-limit\=0 -fno-color-diagnostics -fmodules-prune-interval\=86400 -fmodules-prune-after\=345600 -fbuild-session-file\=/Users/buddhirajgautam/Library/Developer/Xcode/DerivedData/ModuleCache.noindex/Session.modulevalidation -fmodules-validate-once-per-build-session -Wnon-modular-include-in-framework-module -Werror\=non-modular-include-in-framework-module -Wno-trigraphs -Wno-missing-field-initializers -Wno-missing-prototypes -Wno-return-type -Wno-implicit-atomic-properties -Wno-objc-interface-ivars -Wno-arc-repeated-use-of-weak -Wno-missing-braces -Wparentheses -Wswitch -Wno-unused-function -Wno-unused-label -Wno-unused-parameter -Wno-unused-variable -Wunused-value -Wno-empty-body -Wno-uninitialized -Wno-unknown-pragmas -w -Wno-shadow -Wno-four-char-constants -Wno-conversion -Wno-constant-conversion -Wno-int-conversion -Wno-bool-conversion -Wno-enum-conversion -Wno-float-conversion -Wno-non-literal-null-conversion -Wno-objc-literal-conversion -Wshorten-64-to-32 -Wpointer-sign -Wno-newline-eof -Wno-selector -Wno-strict-selector-match -Wno-undeclared-selector -Wno-deprecated-implementations -Wno-implicit-fallthrough -isysroot /Applications/Xcode.app/Contents/Developer/Platforms/MacOSX.platform/Developer/SDKs/MacOSX27.0.sdk -fstrict-aliasing -Wprotocol -Wdeprecated-declarations -Wno-sign-conversion -Wno-infinite-recursion -Wno-comma -Wno-block-capture-autoreleasing -Wno-strict-prototypes -Wno-semicolon-before-method-body -index-store-path /Users/buddhirajgautam/Library/Developer/Xcode/DerivedData/Telegram-Mac-fygdgghdgmuleoelvxabfmqiotta/Index.noindex/DataStore @/Users/buddhirajgautam/Library/Developer/Xcode/DerivedData/Telegram-Mac-fygdgghdgmuleoelvxabfmqiotta/Build/Intermediates.noindex/Firebase.build/Debug/FirebaseCrashlytics-t.build/Objects-normal/arm64/e6072d4f65d7061329687fe24e3d63a7-common-args.resp -MMD -MT dependencies -MF /Users/buddhirajgautam/Library/Developer/Xcode/DerivedData/Telegram-Mac-fygdgghdgmuleoelvxabfmqiotta/Build/Intermediates.noindex/Firebase.build/Debug/FirebaseCrashlytics-t.build/Objects-normal/arm64/FIRCLSConstants.d --serialize-diagnostics /Users/buddhirajgautam/Library/Developer/Xcode/DerivedData/Telegram-Mac-fygdgghdgmuleoelvxabfmqiotta/Build/Intermediates.noindex/Firebase.build/Debug/FirebaseCrashlytics-t.build/Objects-normal/arm64/FIRCLSConstants.dia -c /Users/buddhirajgautam/Library/Developer/Xcode/DerivedData/Telegram-Mac-fygdgghdgmuleoelvxabfmqiotta/SourcePackages/checkouts/firebase-ios-sdk/Crashlytics/Shared/FIRCLSConstants.m -o /Users/buddhirajgautam/Library/Developer/Xcode/DerivedData/Telegram-Mac-fygdgghdgmuleoelvxabfmqiotta/Build/Intermediates.noindex/Firebase.build/Debug/FirebaseCrashlytics-t.build/Objects-normal/arm64/FIRCLSConstants.o -index-unit-output-path /Firebase.build/Debug/FirebaseCrashlytics-t.build/Objects-normal/arm64/FIRCLSConstants.o

ScanDependencies /Users/buddhirajgautam/Library/Developer/Xcode/DerivedData/Telegram-Mac-fygdgghdgmuleoelvxabfmqiotta/Build/Intermediates.noindex/Firebase.build/Debug/FirebaseCrashlytics-t.build/Objects-normal/arm64/FIRCLSCompoundOperation.o /Users/buddhirajgautam/Library/Developer/Xcode/DerivedData/Telegram-Mac-fygdgghdgmuleoelvxabfmqiotta/SourcePackages/checkouts/firebase-ios-sdk/Crashlytics/Shared/FIRCLSOperation/FIRCLSCompoundOperation.m normal arm64 objective-c com.apple.compilers.llvm.clang.1_0.compiler (in target 'FirebaseCrashlytics' from project 'Firebase')
    cd /Users/buddhirajgautam/Documents/Cherrygram-Mac/macOS-Swift
    
    Using response file: /Users/buddhirajgautam/Library/Developer/Xcode/DerivedData/Telegram-Mac-fygdgghdgmuleoelvxabfmqiotta/Build/Intermediates.noindex/Firebase.build/Debug/FirebaseCrashlytics-t.build/Objects-normal/arm64/e6072d4f65d7061329687fe24e3d63a7-common-args.resp
    
    builtin-ScanDependencies -o /Users/buddhirajgautam/Library/Developer/Xcode/DerivedData/Telegram-Mac-fygdgghdgmuleoelvxabfmqiotta/Build/Intermediates.noindex/Firebase.build/Debug/FirebaseCrashlytics-t.build/Objects-normal/arm64/FIRCLSCompoundOperation.o.scan -- /Applications/Xcode.app/Contents/Developer/Toolchains/XcodeDefault.xctoolchain/usr/bin/clang -x objective-c -ivfsstatcache /Users/buddhirajgautam/Library/Developer/Xcode/DerivedData/SDKStatCaches.noindex/macosx27.0-26A425-e829b21a6f8c9b70876ba0858053c0447231f6df4def33e022ae2eb8f782df1a.sdkstatcache -target arm64-apple-macos12.0 -fmessage-length\=0 -fdiagnostics-show-note-include-stack -fmacro-backtrace-limit\=0 -fno-color-diagnostics -fmodules-prune-interval\=86400 -fmodules-prune-after\=345600 -fbuild-session-file\=/Users/buddhirajgautam/Library/Developer/Xcode/DerivedData/ModuleCache.noindex/Session.modulevalidation -fmodules-validate-once-per-build-session -Wnon-modular-include-in-framework-module -Werror\=non-modular-include-in-framework-module -Wno-trigraphs -Wno-missing-field-initializers -Wno-missing-prototypes -Wno-return-type -Wno-implicit-atomic-properties -Wno-objc-interface-ivars -Wno-arc-repeated-use-of-weak -Wno-missing-braces -Wparentheses -Wswitch -Wno-unused-function -Wno-unused-label -Wno-unused-parameter -Wno-unused-variable -Wunused-value -Wno-empty-body -Wno-uninitialized -Wno-unknown-pragmas -w -Wno-shadow -Wno-four-char-constants -Wno-conversion -Wno-constant-conversion -Wno-int-conversion -Wno-bool-conversion -Wno-enum-conversion -Wno-float-conversion -Wno-non-literal-null-conversion -Wno-objc-literal-conversion -Wshorten-64-to-32 -Wpointer-sign -Wno-newline-eof -Wno-selector -Wno-strict-selector-match -Wno-undeclared-selector -Wno-deprecated-implementations -Wno-implicit-fallthrough -isysroot /Applications/Xcode.app/Contents/Developer/Platforms/MacOSX.platform/Developer/SDKs/MacOSX27.0.sdk -fstrict-aliasing -Wprotocol -Wdeprecated-declarations -Wno-sign-conversion -Wno-infinite-recursion -Wno-comma -Wno-block-capture-autoreleasing -Wno-strict-prototypes -Wno-semicolon-before-method-body -index-store-path /Users/buddhirajgautam/Library/Developer/Xcode/DerivedData/Telegram-Mac-fygdgghdgmuleoelvxabfmqiotta/Index.noindex/DataStore @/Users/buddhirajgautam/Library/Developer/Xcode/DerivedData/Telegram-Mac-fygdgghdgmuleoelvxabfmqiotta/Build/Intermediates.noindex/Firebase.build/Debug/FirebaseCrashlytics-t.build/Objects-normal/arm64/e6072d4f65d7061329687fe24e3d63a7-common-args.resp -MMD -MT dependencies -MF /Users/buddhirajgautam/Library/Developer/Xcode/DerivedData/Telegram-Mac-fygdgghdgmuleoelvxabfmqiotta/Build/Intermediates.noindex/Firebase.build/Debug/FirebaseCrashlytics-t.build/Objects-normal/arm64/FIRCLSCompoundOperation.d --serialize-diagnostics /Users/buddhirajgautam/Library/Developer/Xcode/DerivedData/Telegram-Mac-fygdgghdgmuleoelvxabfmqiotta/Build/Intermediates.noindex/Firebase.build/Debug/FirebaseCrashlytics-t.build/Objects-normal/arm64/FIRCLSCompoundOperation.dia -c /Users/buddhirajgautam/Library/Developer/Xcode/DerivedData/Telegram-Mac-fygdgghdgmuleoelvxabfmqiotta/SourcePackages/checkouts/firebase-ios-sdk/Crashlytics/Shared/FIRCLSOperation/FIRCLSCompoundOperation.m -o /Users/buddhirajgautam/Library/Developer/Xcode/DerivedData/Telegram-Mac-fygdgghdgmuleoelvxabfmqiotta/Build/Intermediates.noindex/Firebase.build/Debug/FirebaseCrashlytics-t.build/Objects-normal/arm64/FIRCLSCompoundOperation.o -index-unit-output-path /Firebase.build/Debug/FirebaseCrashlytics-t.build/Objects-normal/arm64/FIRCLSCompoundOperation.o

ScanDependencies /Users/buddhirajgautam/Library/Developer/Xcode/DerivedData/Telegram-Mac-fygdgghdgmuleoelvxabfmqiotta/Build/Intermediates.noindex/Firebase.build/Debug/FirebaseCrashlytics-t.build/Objects-normal/arm64/FIRCLSCompactUnwind.o /Users/buddhirajgautam/Library/Developer/Xcode/DerivedData/Telegram-Mac-fygdgghdgmuleoelvxabfmqiotta/SourcePackages/checkouts/firebase-ios-sdk/Crashlytics/Crashlytics/Unwind/Compact/FIRCLSCompactUnwind.c normal arm64 c com.apple.compilers.llvm.clang.1_0.compiler (in target 'FirebaseCrashlytics' from project 'Firebase')
    cd /Users/buddhirajgautam/Documents/Cherrygram-Mac/macOS-Swift
    
    Using response file: /Users/buddhirajgautam/Library/Developer/Xcode/DerivedData/Telegram-Mac-fygdgghdgmuleoelvxabfmqiotta/Build/Intermediates.noindex/Firebase.build/Debug/FirebaseCrashlytics-t.build/Objects-normal/arm64/7187679823f38a2a940e0043cdf9d637-common-args.resp
    
    builtin-ScanDependencies -o /Users/buddhirajgautam/Library/Developer/Xcode/DerivedData/Telegram-Mac-fygdgghdgmuleoelvxabfmqiotta/Build/Intermediates.noindex/Firebase.build/Debug/FirebaseCrashlytics-t.build/Objects-normal/arm64/FIRCLSCompactUnwind.o.scan -- /Applications/Xcode.app/Contents/Developer/Toolchains/XcodeDefault.xctoolchain/usr/bin/clang -x c -ivfsstatcache /Users/buddhirajgautam/Library/Developer/Xcode/DerivedData/SDKStatCaches.noindex/macosx27.0-26A425-e829b21a6f8c9b70876ba0858053c0447231f6df4def33e022ae2eb8f782df1a.sdkstatcache -target arm64-apple-macos12.0 -fmessage-length\=0 -fdiagnostics-show-note-include-stack -fmacro-backtrace-limit\=0 -fno-color-diagnostics -fmodules-prune-interval\=86400 -fmodules-prune-after\=345600 -fbuild-session-file\=/Users/buddhirajgautam/Library/Developer/Xcode/DerivedData/ModuleCache.noindex/Session.modulevalidation -fmodules-validate-once-per-build-session -Wnon-modular-include-in-framework-module -Werror\=non-modular-include-in-framework-module -Wno-trigraphs -Wno-missing-field-initializers -Wno-missing-prototypes -Wno-return-type -Wno-missing-braces -Wparentheses -Wswitch -Wno-unused-function -Wno-unused-label -Wno-unused-parameter -Wno-unused-variable -Wunused-value -Wno-empty-body -Wno-uninitialized -Wno-unknown-pragmas -w -Wno-shadow -Wno-four-char-constants -Wno-conversion -Wno-constant-conversion -Wno-int-conversion -Wno-bool-conversion -Wno-enum-conversion -Wno-float-conversion -Wno-non-literal-null-conversion -Wno-objc-literal-conversion -Wshorten-64-to-32 -Wpointer-sign -Wno-newline-eof -Wno-implicit-fallthrough -isysroot /Applications/Xcode.app/Contents/Developer/Platforms/MacOSX.platform/Developer/SDKs/MacOSX27.0.sdk -fstrict-aliasing -Wdeprecated-declarations -Wno-sign-conversion -Wno-infinite-recursion -Wno-comma -Wno-block-capture-autoreleasing -Wno-strict-prototypes -Wno-semicolon-before-method-body -index-store-path /Users/buddhirajgautam/Library/Developer/Xcode/DerivedData/Telegram-Mac-fygdgghdgmuleoelvxabfmqiotta/Index.noindex/DataStore @/Users/buddhirajgautam/Library/Developer/Xcode/DerivedData/Telegram-Mac-fygdgghdgmuleoelvxabfmqiotta/Build/Intermediates.noindex/Firebase.build/Debug/FirebaseCrashlytics-t.build/Objects-normal/arm64/7187679823f38a2a940e0043cdf9d637-common-args.resp -MMD -MT dependencies -MF /Users/buddhirajgautam/Library/Developer/Xcode/DerivedData/Telegram-Mac-fygdgghdgmuleoelvxabfmqiotta/Build/Intermediates.noindex/Firebase.build/Debug/FirebaseCrashlytics-t.build/Objects-normal/arm64/FIRCLSCompactUnwind.d --serialize-diagnostics /Users/buddhirajgautam/Library/Developer/Xcode/DerivedData/Telegram-Mac-fygdgghdgmuleoelvxabfmqiotta/Build/Intermediates.noindex/Firebase.build/Debug/FirebaseCrashlytics-t.build/Objects-normal/arm64/FIRCLSCompactUnwind.dia -c /Users/buddhirajgautam/Library/Developer/Xcode/DerivedData/Telegram-Mac-fygdgghdgmuleoelvxabfmqiotta/SourcePackages/checkouts/firebase-ios-sdk/Crashlytics/Crashlytics/Unwind/Compact/FIRCLSCompactUnwind.c -o /Users/buddhirajgautam/Library/Developer/Xcode/DerivedData/Telegram-Mac-fygdgghdgmuleoelvxabfmqiotta/Build/Intermediates.noindex/Firebase.build/Debug/FirebaseCrashlytics-t.build/Objects-normal/arm64/FIRCLSCompactUnwind.o -index-unit-output-path /Firebase.build/Debug/FirebaseCrashlytics-t.build/Objects-normal/arm64/FIRCLSCompactUnwind.o

ScanDependencies /Users/buddhirajgautam/Library/Developer/Xcode/DerivedData/Telegram-Mac-fygdgghdgmuleoelvxabfmqiotta/Build/Intermediates.noindex/Firebase.build/Debug/FirebaseCrashlytics-t.build/Objects-normal/arm64/FIRCLSCodeMapping.o /Users/buddhirajgautam/Library/Developer/Xcode/DerivedData/Telegram-Mac-fygdgghdgmuleoelvxabfmqiotta/SourcePackages/checkouts/firebase-ios-sdk/Crashlytics/Shared/FIRCLSMachO/FIRCLSCodeMapping.m normal arm64 objective-c com.apple.compilers.llvm.clang.1_0.compiler (in target 'FirebaseCrashlytics' from project 'Firebase')
    cd /Users/buddhirajgautam/Documents/Cherrygram-Mac/macOS-Swift
    
    Using response file: /Users/buddhirajgautam/Library/Developer/Xcode/DerivedData/Telegram-Mac-fygdgghdgmuleoelvxabfmqiotta/Build/Intermediates.noindex/Firebase.build/Debug/FirebaseCrashlytics-t.build/Objects-normal/arm64/e6072d4f65d7061329687fe24e3d63a7-common-args.resp
    
    builtin-ScanDependencies -o /Users/buddhirajgautam/Library/Developer/Xcode/DerivedData/Telegram-Mac-fygdgghdgmuleoelvxabfmqiotta/Build/Intermediates.noindex/Firebase.build/Debug/FirebaseCrashlytics-t.build/Objects-normal/arm64/FIRCLSCodeMapping.o.scan -- /Applications/Xcode.app/Contents/Developer/Toolchains/XcodeDefault.xctoolchain/usr/bin/clang -x objective-c -ivfsstatcache /Users/buddhirajgautam/Library/Developer/Xcode/DerivedData/SDKStatCaches.noindex/macosx27.0-26A425-e829b21a6f8c9b70876ba0858053c0447231f6df4def33e022ae2eb8f782df1a.sdkstatcache -target arm64-apple-macos12.0 -fmessage-length\=0 -fdiagnostics-show-note-include-stack -fmacro-backtrace-limit\=0 -fno-color-diagnostics -fmodules-prune-interval\=86400 -fmodules-prune-after\=345600 -fbuild-session-file\=/Users/buddhirajgautam/Library/Developer/Xcode/DerivedData/ModuleCache.noindex/Session.modulevalidation -fmodules-validate-once-per-build-session -Wnon-modular-include-in-framework-module -Werror\=non-modular-include-in-framework-module -Wno-trigraphs -Wno-missing-field-initializers -Wno-missing-prototypes -Wno-return-type -Wno-implicit-atomic-properties -Wno-objc-interface-ivars -Wno-arc-repeated-use-of-weak -Wno-missing-braces -Wparentheses -Wswitch -Wno-unused-function -Wno-unused-label -Wno-unused-parameter -Wno-unused-variable -Wunused-value -Wno-empty-body -Wno-uninitialized -Wno-unknown-pragmas -w -Wno-shadow -Wno-four-char-constants -Wno-conversion -Wno-constant-conversion -Wno-int-conversion -Wno-bool-conversion -Wno-enum-conversion -Wno-float-conversion -Wno-non-literal-null-conversion -Wno-objc-literal-conversion -Wshorten-64-to-32 -Wpointer-sign -Wno-newline-eof -Wno-selector -Wno-strict-selector-match -Wno-undeclared-selector -Wno-deprecated-implementations -Wno-implicit-fallthrough -isysroot /Applications/Xcode.app/Contents/Developer/Platforms/MacOSX.platform/Developer/SDKs/MacOSX27.0.sdk -fstrict-aliasing -Wprotocol -Wdeprecated-declarations -Wno-sign-conversion -Wno-infinite-recursion -Wno-comma -Wno-block-capture-autoreleasing -Wno-strict-prototypes -Wno-semicolon-before-method-body -index-store-path /Users/buddhirajgautam/Library/Developer/Xcode/DerivedData/Telegram-Mac-fygdgghdgmuleoelvxabfmqiotta/Index.noindex/DataStore @/Users/buddhirajgautam/Library/Developer/Xcode/DerivedData/Telegram-Mac-fygdgghdgmuleoelvxabfmqiotta/Build/Intermediates.noindex/Firebase.build/Debug/FirebaseCrashlytics-t.build/Objects-normal/arm64/e6072d4f65d7061329687fe24e3d63a7-common-args.resp -MMD -MT dependencies -MF /Users/buddhirajgautam/Library/Developer/Xcode/DerivedData/Telegram-Mac-fygdgghdgmuleoelvxabfmqiotta/Build/Intermediates.noindex/Firebase.build/Debug/FirebaseCrashlytics-t.build/Objects-normal/arm64/FIRCLSCodeMapping.d --serialize-diagnostics /Users/buddhirajgautam/Library/Developer/Xcode/DerivedData/Telegram-Mac-fygdgghdgmuleoelvxabfmqiotta/Build/Intermediates.noindex/Firebase.build/Debug/FirebaseCrashlytics-t.build/Objects-normal/arm64/FIRCLSCodeMapping.dia -c /Users/buddhirajgautam/Library/Developer/Xcode/DerivedData/Telegram-Mac-fygdgghdgmuleoelvxabfmqiotta/SourcePackages/checkouts/firebase-ios-sdk/Crashlytics/Shared/FIRCLSMachO/FIRCLSCodeMapping.m -o /Users/buddhirajgautam/Library/Developer/Xcode/DerivedData/Telegram-Mac-fygdgghdgmuleoelvxabfmqiotta/Build/Intermediates.noindex/Firebase.build/Debug/FirebaseCrashlytics-t.build/Objects-normal/arm64/FIRCLSCodeMapping.o -index-unit-output-path /Firebase.build/Debug/FirebaseCrashlytics-t.build/Objects-normal/arm64/FIRCLSCodeMapping.o

ScanDependencies /Users/buddhirajgautam/Library/Developer/Xcode/DerivedData/Telegram-Mac-fygdgghdgmuleoelvxabfmqiotta/Build/Intermediates.noindex/Firebase.build/Debug/FirebaseCrashlytics-t.build/Objects-normal/arm64/FIRCLSCallStackTree.o /Users/buddhirajgautam/Library/Developer/Xcode/DerivedData/Telegram-Mac-fygdgghdgmuleoelvxabfmqiotta/SourcePackages/checkouts/firebase-ios-sdk/Crashlytics/Crashlytics/Helpers/FIRCLSCallStackTree.m normal arm64 objective-c com.apple.compilers.llvm.clang.1_0.compiler (in target 'FirebaseCrashlytics' from project 'Firebase')
    cd /Users/buddhirajgautam/Documents/Cherrygram-Mac/macOS-Swift
    
    Using response file: /Users/buddhirajgautam/Library/Developer/Xcode/DerivedData/Telegram-Mac-fygdgghdgmuleoelvxabfmqiotta/Build/Intermediates.noindex/Firebase.build/Debug/FirebaseCrashlytics-t.build/Objects-normal/arm64/e6072d4f65d7061329687fe24e3d63a7-common-args.resp
    
    builtin-ScanDependencies -o /Users/buddhirajgautam/Library/Developer/Xcode/DerivedData/Telegram-Mac-fygdgghdgmuleoelvxabfmqiotta/Build/Intermediates.noindex/Firebase.build/Debug/FirebaseCrashlytics-t.build/Objects-normal/arm64/FIRCLSCallStackTree.o.scan -- /Applications/Xcode.app/Contents/Developer/Toolchains/XcodeDefault.xctoolchain/usr/bin/clang -x objective-c -ivfsstatcache /Users/buddhirajgautam/Library/Developer/Xcode/DerivedData/SDKStatCaches.noindex/macosx27.0-26A425-e829b21a6f8c9b70876ba0858053c0447231f6df4def33e022ae2eb8f782df1a.sdkstatcache -target arm64-apple-macos12.0 -fmessage-length\=0 -fdiagnostics-show-note-include-stack -fmacro-backtrace-limit\=0 -fno-color-diagnostics -fmodules-prune-interval\=86400 -fmodules-prune-after\=345600 -fbuild-session-file\=/Users/buddhirajgautam/Library/Developer/Xcode/DerivedData/ModuleCache.noindex/Session.modulevalidation -fmodules-validate-once-per-build-session -Wnon-modular-include-in-framework-module -Werror\=non-modular-include-in-framework-module -Wno-trigraphs -Wno-missing-field-initializers -Wno-missing-prototypes -Wno-return-type -Wno-implicit-atomic-properties -Wno-objc-interface-ivars -Wno-arc-repeated-use-of-weak -Wno-missing-braces -Wparentheses -Wswitch -Wno-unused-function -Wno-unused-label -Wno-unused-parameter -Wno-unused-variable -Wunused-value -Wno-empty-body -Wno-uninitialized -Wno-unknown-pragmas -w -Wno-shadow -Wno-four-char-constants -Wno-conversion -Wno-constant-conversion -Wno-int-conversion -Wno-bool-conversion -Wno-enum-conversion -Wno-float-conversion -Wno-non-literal-null-conversion -Wno-objc-literal-conversion -Wshorten-64-to-32 -Wpointer-sign -Wno-newline-eof -Wno-selector -Wno-strict-selector-match -Wno-undeclared-selector -Wno-deprecated-implementations -Wno-implicit-fallthrough -isysroot /Applications/Xcode.app/Contents/Developer/Platforms/MacOSX.platform/Developer/SDKs/MacOSX27.0.sdk -fstrict-aliasing -Wprotocol -Wdeprecated-declarations -Wno-sign-conversion -Wno-infinite-recursion -Wno-comma -Wno-block-capture-autoreleasing -Wno-strict-prototypes -Wno-semicolon-before-method-body -index-store-path /Users/buddhirajgautam/Library/Developer/Xcode/DerivedData/Telegram-Mac-fygdgghdgmuleoelvxabfmqiotta/Index.noindex/DataStore @/Users/buddhirajgautam/Library/Developer/Xcode/DerivedData/Telegram-Mac-fygdgghdgmuleoelvxabfmqiotta/Build/Intermediates.noindex/Firebase.build/Debug/FirebaseCrashlytics-t.build/Objects-normal/arm64/e6072d4f65d7061329687fe24e3d63a7-common-args.resp -MMD -MT dependencies -MF /Users/buddhirajgautam/Library/Developer/Xcode/DerivedData/Telegram-Mac-fygdgghdgmuleoelvxabfmqiotta/Build/Intermediates.noindex/Firebase.build/Debug/FirebaseCrashlytics-t.build/Objects-normal/arm64/FIRCLSCallStackTree.d --serialize-diagnostics /Users/buddhirajgautam/Library/Developer/Xcode/DerivedData/Telegram-Mac-fygdgghdgmuleoelvxabfmqiotta/Build/Intermediates.noindex/Firebase.build/Debug/FirebaseCrashlytics-t.build/Objects-normal/arm64/FIRCLSCallStackTree.dia -c /Users/buddhirajgautam/Library/Developer/Xcode/DerivedData/Telegram-Mac-fygdgghdgmuleoelvxabfmqiotta/SourcePackages/checkouts/firebase-ios-sdk/Crashlytics/Crashlytics/Helpers/FIRCLSCallStackTree.m -o /Users/buddhirajgautam/Library/Developer/Xcode/DerivedData/Telegram-Mac-fygdgghdgmuleoelvxabfmqiotta/Build/Intermediates.noindex/Firebase.build/Debug/FirebaseCrashlytics-t.build/Objects-normal/arm64/FIRCLSCallStackTree.o -index-unit-output-path /Firebase.build/Debug/FirebaseCrashlytics-t.build/Objects-normal/arm64/FIRCLSCallStackTree.o

ScanDependencies /Users/buddhirajgautam/Library/Developer/Xcode/DerivedData/Telegram-Mac-fygdgghdgmuleoelvxabfmqiotta/Build/Intermediates.noindex/Firebase.build/Debug/FirebaseCrashlytics-t.build/Objects-normal/arm64/FIRCLSByteUtility.o /Users/buddhirajgautam/Library/Developer/Xcode/DerivedData/Telegram-Mac-fygdgghdgmuleoelvxabfmqiotta/SourcePackages/checkouts/firebase-ios-sdk/Crashlytics/Shared/FIRCLSByteUtility.m normal arm64 objective-c com.apple.compilers.llvm.clang.1_0.compiler (in target 'FirebaseCrashlytics' from project 'Firebase')
    cd /Users/buddhirajgautam/Documents/Cherrygram-Mac/macOS-Swift
    
    Using response file: /Users/buddhirajgautam/Library/Developer/Xcode/DerivedData/Telegram-Mac-fygdgghdgmuleoelvxabfmqiotta/Build/Intermediates.noindex/Firebase.build/Debug/FirebaseCrashlytics-t.build/Objects-normal/arm64/e6072d4f65d7061329687fe24e3d63a7-common-args.resp
    
    builtin-ScanDependencies -o /Users/buddhirajgautam/Library/Developer/Xcode/DerivedData/Telegram-Mac-fygdgghdgmuleoelvxabfmqiotta/Build/Intermediates.noindex/Firebase.build/Debug/FirebaseCrashlytics-t.build/Objects-normal/arm64/FIRCLSByteUtility.o.scan -- /Applications/Xcode.app/Contents/Developer/Toolchains/XcodeDefault.xctoolchain/usr/bin/clang -x objective-c -ivfsstatcache /Users/buddhirajgautam/Library/Developer/Xcode/DerivedData/SDKStatCaches.noindex/macosx27.0-26A425-e829b21a6f8c9b70876ba0858053c0447231f6df4def33e022ae2eb8f782df1a.sdkstatcache -target arm64-apple-macos12.0 -fmessage-length\=0 -fdiagnostics-show-note-include-stack -fmacro-backtrace-limit\=0 -fno-color-diagnostics -fmodules-prune-interval\=86400 -fmodules-prune-after\=345600 -fbuild-session-file\=/Users/buddhirajgautam/Library/Developer/Xcode/DerivedData/ModuleCache.noindex/Session.modulevalidation -fmodules-validate-once-per-build-session -Wnon-modular-include-in-framework-module -Werror\=non-modular-include-in-framework-module -Wno-trigraphs -Wno-missing-field-initializers -Wno-missing-prototypes -Wno-return-type -Wno-implicit-atomic-properties -Wno-objc-interface-ivars -Wno-arc-repeated-use-of-weak -Wno-missing-braces -Wparentheses -Wswitch -Wno-unused-function -Wno-unused-label -Wno-unused-parameter -Wno-unused-variable -Wunused-value -Wno-empty-body -Wno-uninitialized -Wno-unknown-pragmas -w -Wno-shadow -Wno-four-char-constants -Wno-conversion -Wno-constant-conversion -Wno-int-conversion -Wno-bool-conversion -Wno-enum-conversion -Wno-float-conversion -Wno-non-literal-null-conversion -Wno-objc-literal-conversion -Wshorten-64-to-32 -Wpointer-sign -Wno-newline-eof -Wno-selector -Wno-strict-selector-match -Wno-undeclared-selector -Wno-deprecated-implementations -Wno-implicit-fallthrough -isysroot /Applications/Xcode.app/Contents/Developer/Platforms/MacOSX.platform/Developer/SDKs/MacOSX27.0.sdk -fstrict-aliasing -Wprotocol -Wdeprecated-declarations -Wno-sign-conversion -Wno-infinite-recursion -Wno-comma -Wno-block-capture-autoreleasing -Wno-strict-prototypes -Wno-semicolon-before-method-body -index-store-path /Users/buddhirajgautam/Library/Developer/Xcode/DerivedData/Telegram-Mac-fygdgghdgmuleoelvxabfmqiotta/Index.noindex/DataStore @/Users/buddhirajgautam/Library/Developer/Xcode/DerivedData/Telegram-Mac-fygdgghdgmuleoelvxabfmqiotta/Build/Intermediates.noindex/Firebase.build/Debug/FirebaseCrashlytics-t.build/Objects-normal/arm64/e6072d4f65d7061329687fe24e3d63a7-common-args.resp -MMD -MT dependencies -MF /Users/buddhirajgautam/Library/Developer/Xcode/DerivedData/Telegram-Mac-fygdgghdgmuleoelvxabfmqiotta/Build/Intermediates.noindex/Firebase.build/Debug/FirebaseCrashlytics-t.build/Objects-normal/arm64/FIRCLSByteUtility.d --serialize-diagnostics /Users/buddhirajgautam/Library/Developer/Xcode/DerivedData/Telegram-Mac-fygdgghdgmuleoelvxabfmqiotta/Build/Intermediates.noindex/Firebase.build/Debug/FirebaseCrashlytics-t.build/Objects-normal/arm64/FIRCLSByteUtility.dia -c /Users/buddhirajgautam/Library/Developer/Xcode/DerivedData/Telegram-Mac-fygdgghdgmuleoelvxabfmqiotta/SourcePackages/checkouts/firebase-ios-sdk/Crashlytics/Shared/FIRCLSByteUtility.m -o /Users/buddhirajgautam/Library/Developer/Xcode/DerivedData/Telegram-Mac-fygdgghdgmuleoelvxabfmqiotta/Build/Intermediates.noindex/Firebase.build/Debug/FirebaseCrashlytics-t.build/Objects-normal/arm64/FIRCLSByteUtility.o -index-unit-output-path /Firebase.build/Debug/FirebaseCrashlytics-t.build/Objects-normal/arm64/FIRCLSByteUtility.o

CompileC /Users/buddhirajgautam/Library/Developer/Xcode/DerivedData/Telegram-Mac-fygdgghdgmuleoelvxabfmqiotta/Build/Intermediates.noindex/Firebase.build/Debug/FirebaseCrashlytics-t.build/Objects-normal/arm64/FIRCLSCompactUnwind.o /Users/buddhirajgautam/Library/Developer/Xcode/DerivedData/Telegram-Mac-fygdgghdgmuleoelvxabfmqiotta/SourcePackages/checkouts/firebase-ios-sdk/Crashlytics/Crashlytics/Unwind/Compact/FIRCLSCompactUnwind.c normal arm64 c com.apple.compilers.llvm.clang.1_0.compiler (in target 'FirebaseCrashlytics' from project 'Firebase')
    cd /Users/buddhirajgautam/Documents/Cherrygram-Mac/macOS-Swift
    
    Using response file: /Users/buddhirajgautam/Library/Developer/Xcode/DerivedData/Telegram-Mac-fygdgghdgmuleoelvxabfmqiotta/Build/Intermediates.noindex/Firebase.build/Debug/FirebaseCrashlytics-t.build/Objects-normal/arm64/7187679823f38a2a940e0043cdf9d637-common-args.resp
    
    /Applications/Xcode.app/Contents/Developer/Toolchains/XcodeDefault.xctoolchain/usr/bin/clang -x c -ivfsstatcache /Users/buddhirajgautam/Library/Developer/Xcode/DerivedData/SDKStatCaches.noindex/macosx27.0-26A425-e829b21a6f8c9b70876ba0858053c0447231f6df4def33e022ae2eb8f782df1a.sdkstatcache -target arm64-apple-macos12.0 -fmessage-length\=0 -fdiagnostics-show-note-include-stack -fmacro-backtrace-limit\=0 -fno-color-diagnostics -fmodules-prune-interval\=86400 -fmodules-prune-after\=345600 -fbuild-session-file\=/Users/buddhirajgautam/Library/Developer/Xcode/DerivedData/ModuleCache.noindex/Session.modulevalidation -fmodules-validate-once-per-build-session -Wnon-modular-include-in-framework-module -Werror\=non-modular-include-in-framework-module -Wno-trigraphs -Wno-missing-field-initializers -Wno-missing-prototypes -Wno-return-type -Wno-missing-braces -Wparentheses -Wswitch -Wno-unused-function -Wno-unused-label -Wno-unused-parameter -Wno-unused-variable -Wunused-value -Wno-empty-body -Wno-uninitialized -Wno-unknown-pragmas -w -Wno-shadow -Wno-four-char-constants -Wno-conversion -Wno-constant-conversion -Wno-int-conversion -Wno-bool-conversion -Wno-enum-conversion -Wno-float-conversion -Wno-non-literal-null-conversion -Wno-objc-literal-conversion -Wshorten-64-to-32 -Wpointer-sign -Wno-newline-eof -Wno-implicit-fallthrough -isysroot /Applications/Xcode.app/Contents/Developer/Platforms/MacOSX.platform/Developer/SDKs/MacOSX27.0.sdk -fstrict-aliasing -Wdeprecated-declarations -Wno-sign-conversion -Wno-infinite-recursion -Wno-comma -Wno-block-capture-autoreleasing -Wno-strict-prototypes -Wno-semicolon-before-method-body -index-store-path /Users/buddhirajgautam/Library/Developer/Xcode/DerivedData/Telegram-Mac-fygdgghdgmuleoelvxabfmqiotta/Index.noindex/DataStore @/Users/buddhirajgautam/Library/Developer/Xcode/DerivedData/Telegram-Mac-fygdgghdgmuleoelvxabfmqiotta/Build/Intermediates.noindex/Firebase.build/Debug/FirebaseCrashlytics-t.build/Objects-normal/arm64/7187679823f38a2a940e0043cdf9d637-common-args.resp -MMD -MT dependencies -MF /Users/buddhirajgautam/Library/Developer/Xcode/DerivedData/Telegram-Mac-fygdgghdgmuleoelvxabfmqiotta/Build/Intermediates.noindex/Firebase.build/Debug/FirebaseCrashlytics-t.build/Objects-normal/arm64/FIRCLSCompactUnwind.d --serialize-diagnostics /Users/buddhirajgautam/Library/Developer/Xcode/DerivedData/Telegram-Mac-fygdgghdgmuleoelvxabfmqiotta/Build/Intermediates.noindex/Firebase.build/Debug/FirebaseCrashlytics-t.build/Objects-normal/arm64/FIRCLSCompactUnwind.dia -c /Users/buddhirajgautam/Library/Developer/Xcode/DerivedData/Telegram-Mac-fygdgghdgmuleoelvxabfmqiotta/SourcePackages/checkouts/firebase-ios-sdk/Crashlytics/Crashlytics/Unwind/Compact/FIRCLSCompactUnwind.c -o /Users/buddhirajgautam/Library/Developer/Xcode/DerivedData/Telegram-Mac-fygdgghdgmuleoelvxabfmqiotta/Build/Intermediates.noindex/Firebase.build/Debug/FirebaseCrashlytics-t.build/Objects-normal/arm64/FIRCLSCompactUnwind.o -index-unit-output-path /Firebase.build/Debug/FirebaseCrashlytics-t.build/Objects-normal/arm64/FIRCLSCompactUnwind.o

ScanDependencies /Users/buddhirajgautam/Library/Developer/Xcode/DerivedData/Telegram-Mac-fygdgghdgmuleoelvxabfmqiotta/Build/Intermediates.noindex/Firebase.build/Debug/FirebaseCrashlytics-t.build/Objects-normal/arm64/FIRCLSBinaryImage.o /Users/buddhirajgautam/Library/Developer/Xcode/DerivedData/Telegram-Mac-fygdgghdgmuleoelvxabfmqiotta/SourcePackages/checkouts/firebase-ios-sdk/Crashlytics/Crashlytics/Components/FIRCLSBinaryImage.m normal arm64 objective-c com.apple.compilers.llvm.clang.1_0.compiler (in target 'FirebaseCrashlytics' from project 'Firebase')
    cd /Users/buddhirajgautam/Documents/Cherrygram-Mac/macOS-Swift
    
    Using response file: /Users/buddhirajgautam/Library/Developer/Xcode/DerivedData/Telegram-Mac-fygdgghdgmuleoelvxabfmqiotta/Build/Intermediates.noindex/Firebase.build/Debug/FirebaseCrashlytics-t.build/Objects-normal/arm64/e6072d4f65d7061329687fe24e3d63a7-common-args.resp
    
    builtin-ScanDependencies -o /Users/buddhirajgautam/Library/Developer/Xcode/DerivedData/Telegram-Mac-fygdgghdgmuleoelvxabfmqiotta/Build/Intermediates.noindex/Firebase.build/Debug/FirebaseCrashlytics-t.build/Objects-normal/arm64/FIRCLSBinaryImage.o.scan -- /Applications/Xcode.app/Contents/Developer/Toolchains/XcodeDefault.xctoolchain/usr/bin/clang -x objective-c -ivfsstatcache /Users/buddhirajgautam/Library/Developer/Xcode/DerivedData/SDKStatCaches.noindex/macosx27.0-26A425-e829b21a6f8c9b70876ba0858053c0447231f6df4def33e022ae2eb8f782df1a.sdkstatcache -target arm64-apple-macos12.0 -fmessage-length\=0 -fdiagnostics-show-note-include-stack -fmacro-backtrace-limit\=0 -fno-color-diagnostics -fmodules-prune-interval\=86400 -fmodules-prune-after\=345600 -fbuild-session-file\=/Users/buddhirajgautam/Library/Developer/Xcode/DerivedData/ModuleCache.noindex/Session.modulevalidation -fmodules-validate-once-per-build-session -Wnon-modular-include-in-framework-module -Werror\=non-modular-include-in-framework-module -Wno-trigraphs -Wno-missing-field-initializers -Wno-missing-prototypes -Wno-return-type -Wno-implicit-atomic-properties -Wno-objc-interface-ivars -Wno-arc-repeated-use-of-weak -Wno-missing-braces -Wparentheses -Wswitch -Wno-unused-function -Wno-unused-label -Wno-unused-parameter -Wno-unused-variable -Wunused-value -Wno-empty-body -Wno-uninitialized -Wno-unknown-pragmas -w -Wno-shadow -Wno-four-char-constants -Wno-conversion -Wno-constant-conversion -Wno-int-conversion -Wno-bool-conversion -Wno-enum-conversion -Wno-float-conversion -Wno-non-literal-null-conversion -Wno-objc-literal-conversion -Wshorten-64-to-32 -Wpointer-sign -Wno-newline-eof -Wno-selector -Wno-strict-selector-match -Wno-undeclared-selector -Wno-deprecated-implementations -Wno-implicit-fallthrough -isysroot /Applications/Xcode.app/Contents/Developer/Platforms/MacOSX.platform/Developer/SDKs/MacOSX27.0.sdk -fstrict-aliasing -Wprotocol -Wdeprecated-declarations -Wno-sign-conversion -Wno-infinite-recursion -Wno-comma -Wno-block-capture-autoreleasing -Wno-strict-prototypes -Wno-semicolon-before-method-body -index-store-path /Users/buddhirajgautam/Library/Developer/Xcode/DerivedData/Telegram-Mac-fygdgghdgmuleoelvxabfmqiotta/Index.noindex/DataStore @/Users/buddhirajgautam/Library/Developer/Xcode/DerivedData/Telegram-Mac-fygdgghdgmuleoelvxabfmqiotta/Build/Intermediates.noindex/Firebase.build/Debug/FirebaseCrashlytics-t.build/Objects-normal/arm64/e6072d4f65d7061329687fe24e3d63a7-common-args.resp -MMD -MT dependencies -MF /Users/buddhirajgautam/Library/Developer/Xcode/DerivedData/Telegram-Mac-fygdgghdgmuleoelvxabfmqiotta/Build/Intermediates.noindex/Firebase.build/Debug/FirebaseCrashlytics-t.build/Objects-normal/arm64/FIRCLSBinaryImage.d --serialize-diagnostics /Users/buddhirajgautam/Library/Developer/Xcode/DerivedData/Telegram-Mac-fygdgghdgmuleoelvxabfmqiotta/Build/Intermediates.noindex/Firebase.build/Debug/FirebaseCrashlytics-t.build/Objects-normal/arm64/FIRCLSBinaryImage.dia -c /Users/buddhirajgautam/Library/Developer/Xcode/DerivedData/Telegram-Mac-fygdgghdgmuleoelvxabfmqiotta/SourcePackages/checkouts/firebase-ios-sdk/Crashlytics/Crashlytics/Components/FIRCLSBinaryImage.m -o /Users/buddhirajgautam/Library/Developer/Xcode/DerivedData/Telegram-Mac-fygdgghdgmuleoelvxabfmqiotta/Build/Intermediates.noindex/Firebase.build/Debug/FirebaseCrashlytics-t.build/Objects-normal/arm64/FIRCLSBinaryImage.o -index-unit-output-path /Firebase.build/Debug/FirebaseCrashlytics-t.build/Objects-normal/arm64/FIRCLSBinaryImage.o

ScanDependencies /Users/buddhirajgautam/Library/Developer/Xcode/DerivedData/Telegram-Mac-fygdgghdgmuleoelvxabfmqiotta/Build/Intermediates.noindex/Firebase.build/Debug/FirebaseCrashlytics-t.build/Objects-normal/arm64/FIRCLSAsyncOperation.o /Users/buddhirajgautam/Library/Developer/Xcode/DerivedData/Telegram-Mac-fygdgghdgmuleoelvxabfmqiotta/SourcePackages/checkouts/firebase-ios-sdk/Crashlytics/Crashlytics/Operations/FIRCLSAsyncOperation.m normal arm64 objective-c com.apple.compilers.llvm.clang.1_0.compiler (in target 'FirebaseCrashlytics' from project 'Firebase')
    cd /Users/buddhirajgautam/Documents/Cherrygram-Mac/macOS-Swift
    
    Using response file: /Users/buddhirajgautam/Library/Developer/Xcode/DerivedData/Telegram-Mac-fygdgghdgmuleoelvxabfmqiotta/Build/Intermediates.noindex/Firebase.build/Debug/FirebaseCrashlytics-t.build/Objects-normal/arm64/e6072d4f65d7061329687fe24e3d63a7-common-args.resp
    
    builtin-ScanDependencies -o /Users/buddhirajgautam/Library/Developer/Xcode/DerivedData/Telegram-Mac-fygdgghdgmuleoelvxabfmqiotta/Build/Intermediates.noindex/Firebase.build/Debug/FirebaseCrashlytics-t.build/Objects-normal/arm64/FIRCLSAsyncOperation.o.scan -- /Applications/Xcode.app/Contents/Developer/Toolchains/XcodeDefault.xctoolchain/usr/bin/clang -x objective-c -ivfsstatcache /Users/buddhirajgautam/Library/Developer/Xcode/DerivedData/SDKStatCaches.noindex/macosx27.0-26A425-e829b21a6f8c9b70876ba0858053c0447231f6df4def33e022ae2eb8f782df1a.sdkstatcache -target arm64-apple-macos12.0 -fmessage-length\=0 -fdiagnostics-show-note-include-stack -fmacro-backtrace-limit\=0 -fno-color-diagnostics -fmodules-prune-interval\=86400 -fmodules-prune-after\=345600 -fbuild-session-file\=/Users/buddhirajgautam/Library/Developer/Xcode/DerivedData/ModuleCache.noindex/Session.modulevalidation -fmodules-validate-once-per-build-session -Wnon-modular-include-in-framework-module -Werror\=non-modular-include-in-framework-module -Wno-trigraphs -Wno-missing-field-initializers -Wno-missing-prototypes -Wno-return-type -Wno-implicit-atomic-properties -Wno-objc-interface-ivars -Wno-arc-repeated-use-of-weak -Wno-missing-braces -Wparentheses -Wswitch -Wno-unused-function -Wno-unused-label -Wno-unused-parameter -Wno-unused-variable -Wunused-value -Wno-empty-body -Wno-uninitialized -Wno-unknown-pragmas -w -Wno-shadow -Wno-four-char-constants -Wno-conversion -Wno-constant-conversion -Wno-int-conversion -Wno-bool-conversion -Wno-enum-conversion -Wno-float-conversion -Wno-non-literal-null-conversion -Wno-objc-literal-conversion -Wshorten-64-to-32 -Wpointer-sign -Wno-newline-eof -Wno-selector -Wno-strict-selector-match -Wno-undeclared-selector -Wno-deprecated-implementations -Wno-implicit-fallthrough -isysroot /Applications/Xcode.app/Contents/Developer/Platforms/MacOSX.platform/Developer/SDKs/MacOSX27.0.sdk -fstrict-aliasing -Wprotocol -Wdeprecated-declarations -Wno-sign-conversion -Wno-infinite-recursion -Wno-comma -Wno-block-capture-autoreleasing -Wno-strict-prototypes -Wno-semicolon-before-method-body -index-store-path /Users/buddhirajgautam/Library/Developer/Xcode/DerivedData/Telegram-Mac-fygdgghdgmuleoelvxabfmqiotta/Index.noindex/DataStore @/Users/buddhirajgautam/Library/Developer/Xcode/DerivedData/Telegram-Mac-fygdgghdgmuleoelvxabfmqiotta/Build/Intermediates.noindex/Firebase.build/Debug/FirebaseCrashlytics-t.build/Objects-normal/arm64/e6072d4f65d7061329687fe24e3d63a7-common-args.resp -MMD -MT dependencies -MF /Users/buddhirajgautam/Library/Developer/Xcode/DerivedData/Telegram-Mac-fygdgghdgmuleoelvxabfmqiotta/Build/Intermediates.noindex/Firebase.build/Debug/FirebaseCrashlytics-t.build/Objects-normal/arm64/FIRCLSAsyncOperation.d --serialize-diagnostics /Users/buddhirajgautam/Library/Developer/Xcode/DerivedData/Telegram-Mac-fygdgghdgmuleoelvxabfmqiotta/Build/Intermediates.noindex/Firebase.build/Debug/FirebaseCrashlytics-t.build/Objects-normal/arm64/FIRCLSAsyncOperation.dia -c /Users/buddhirajgautam/Library/Developer/Xcode/DerivedData/Telegram-Mac-fygdgghdgmuleoelvxabfmqiotta/SourcePackages/checkouts/firebase-ios-sdk/Crashlytics/Crashlytics/Operations/FIRCLSAsyncOperation.m -o /Users/buddhirajgautam/Library/Developer/Xcode/DerivedData/Telegram-Mac-fygdgghdgmuleoelvxabfmqiotta/Build/Intermediates.noindex/Firebase.build/Debug/FirebaseCrashlytics-t.build/Objects-normal/arm64/FIRCLSAsyncOperation.o -index-unit-output-path /Firebase.build/Debug/FirebaseCrashlytics-t.build/Objects-normal/arm64/FIRCLSAsyncOperation.o

ScanDependencies /Users/buddhirajgautam/Library/Developer/Xcode/DerivedData/Telegram-Mac-fygdgghdgmuleoelvxabfmqiotta/Build/Intermediates.noindex/Firebase.build/Debug/FirebaseCrashlytics-t.build/Objects-normal/arm64/FIRCLSApplicationIdentifierModel.o /Users/buddhirajgautam/Library/Developer/Xcode/DerivedData/Telegram-Mac-fygdgghdgmuleoelvxabfmqiotta/SourcePackages/checkouts/firebase-ios-sdk/Crashlytics/Crashlytics/Settings/Models/FIRCLSApplicationIdentifierModel.m normal arm64 objective-c com.apple.compilers.llvm.clang.1_0.compiler (in target 'FirebaseCrashlytics' from project 'Firebase')
    cd /Users/buddhirajgautam/Documents/Cherrygram-Mac/macOS-Swift
    
    Using response file: /Users/buddhirajgautam/Library/Developer/Xcode/DerivedData/Telegram-Mac-fygdgghdgmuleoelvxabfmqiotta/Build/Intermediates.noindex/Firebase.build/Debug/FirebaseCrashlytics-t.build/Objects-normal/arm64/e6072d4f65d7061329687fe24e3d63a7-common-args.resp
    
    builtin-ScanDependencies -o /Users/buddhirajgautam/Library/Developer/Xcode/DerivedData/Telegram-Mac-fygdgghdgmuleoelvxabfmqiotta/Build/Intermediates.noindex/Firebase.build/Debug/FirebaseCrashlytics-t.build/Objects-normal/arm64/FIRCLSApplicationIdentifierModel.o.scan -- /Applications/Xcode.app/Contents/Developer/Toolchains/XcodeDefault.xctoolchain/usr/bin/clang -x objective-c -ivfsstatcache /Users/buddhirajgautam/Library/Developer/Xcode/DerivedData/SDKStatCaches.noindex/macosx27.0-26A425-e829b21a6f8c9b70876ba0858053c0447231f6df4def33e022ae2eb8f782df1a.sdkstatcache -target arm64-apple-macos12.0 -fmessage-length\=0 -fdiagnostics-show-note-include-stack -fmacro-backtrace-limit\=0 -fno-color-diagnostics -fmodules-prune-interval\=86400 -fmodules-prune-after\=345600 -fbuild-session-file\=/Users/buddhirajgautam/Library/Developer/Xcode/DerivedData/ModuleCache.noindex/Session.modulevalidation -fmodules-validate-once-per-build-session -Wnon-modular-include-in-framework-module -Werror\=non-modular-include-in-framework-module -Wno-trigraphs -Wno-missing-field-initializers -Wno-missing-prototypes -Wno-return-type -Wno-implicit-atomic-properties -Wno-objc-interface-ivars -Wno-arc-repeated-use-of-weak -Wno-missing-braces -Wparentheses -Wswitch -Wno-unused-function -Wno-unused-label -Wno-unused-parameter -Wno-unused-variable -Wunused-value -Wno-empty-body -Wno-uninitialized -Wno-unknown-pragmas -w -Wno-shadow -Wno-four-char-constants -Wno-conversion -Wno-constant-conversion -Wno-int-conversion -Wno-bool-conversion -Wno-enum-conversion -Wno-float-conversion -Wno-non-literal-null-conversion -Wno-objc-literal-conversion -Wshorten-64-to-32 -Wpointer-sign -Wno-newline-eof -Wno-selector -Wno-strict-selector-match -Wno-undeclared-selector -Wno-deprecated-implementations -Wno-implicit-fallthrough -isysroot /Applications/Xcode.app/Contents/Developer/Platforms/MacOSX.platform/Developer/SDKs/MacOSX27.0.sdk -fstrict-aliasing -Wprotocol -Wdeprecated-declarations -Wno-sign-conversion -Wno-infinite-recursion -Wno-comma -Wno-block-capture-autoreleasing -Wno-strict-prototypes -Wno-semicolon-before-method-body -index-store-path /Users/buddhirajgautam/Library/Developer/Xcode/DerivedData/Telegram-Mac-fygdgghdgmuleoelvxabfmqiotta/Index.noindex/DataStore @/Users/buddhirajgautam/Library/Developer/Xcode/DerivedData/Telegram-Mac-fygdgghdgmuleoelvxabfmqiotta/Build/Intermediates.noindex/Firebase.build/Debug/FirebaseCrashlytics-t.build/Objects-normal/arm64/e6072d4f65d7061329687fe24e3d63a7-common-args.resp -MMD -MT dependencies -MF /Users/buddhirajgautam/Library/Developer/Xcode/DerivedData/Telegram-Mac-fygdgghdgmuleoelvxabfmqiotta/Build/Intermediates.noindex/Firebase.build/Debug/FirebaseCrashlytics-t.build/Objects-normal/arm64/FIRCLSApplicationIdentifierModel.d --serialize-diagnostics /Users/buddhirajgautam/Library/Developer/Xcode/DerivedData/Telegram-Mac-fygdgghdgmuleoelvxabfmqiotta/Build/Intermediates.noindex/Firebase.build/Debug/FirebaseCrashlytics-t.build/Objects-normal/arm64/FIRCLSApplicationIdentifierModel.dia -c /Users/buddhirajgautam/Library/Developer/Xcode/DerivedData/Telegram-Mac-fygdgghdgmuleoelvxabfmqiotta/SourcePackages/checkouts/firebase-ios-sdk/Crashlytics/Crashlytics/Settings/Models/FIRCLSApplicationIdentifierModel.m -o /Users/buddhirajgautam/Library/Developer/Xcode/DerivedData/Telegram-Mac-fygdgghdgmuleoelvxabfmqiotta/Build/Intermediates.noindex/Firebase.build/Debug/FirebaseCrashlytics-t.build/Objects-normal/arm64/FIRCLSApplicationIdentifierModel.o -index-unit-output-path /Firebase.build/Debug/FirebaseCrashlytics-t.build/Objects-normal/arm64/FIRCLSApplicationIdentifierModel.o

ScanDependencies /Users/buddhirajgautam/Library/Developer/Xcode/DerivedData/Telegram-Mac-fygdgghdgmuleoelvxabfmqiotta/Build/Intermediates.noindex/Firebase.build/Debug/FirebaseCrashlytics-t.build/Objects-normal/arm64/FIRCLSApplication.o /Users/buddhirajgautam/Library/Developer/Xcode/DerivedData/Telegram-Mac-fygdgghdgmuleoelvxabfmqiotta/SourcePackages/checkouts/firebase-ios-sdk/Crashlytics/Crashlytics/Components/FIRCLSApplication.m normal arm64 objective-c com.apple.compilers.llvm.clang.1_0.compiler (in target 'FirebaseCrashlytics' from project 'Firebase')
    cd /Users/buddhirajgautam/Documents/Cherrygram-Mac/macOS-Swift
    
    Using response file: /Users/buddhirajgautam/Library/Developer/Xcode/DerivedData/Telegram-Mac-fygdgghdgmuleoelvxabfmqiotta/Build/Intermediates.noindex/Firebase.build/Debug/FirebaseCrashlytics-t.build/Objects-normal/arm64/e6072d4f65d7061329687fe24e3d63a7-common-args.resp
    
    builtin-ScanDependencies -o /Users/buddhirajgautam/Library/Developer/Xcode/DerivedData/Telegram-Mac-fygdgghdgmuleoelvxabfmqiotta/Build/Intermediates.noindex/Firebase.build/Debug/FirebaseCrashlytics-t.build/Objects-normal/arm64/FIRCLSApplication.o.scan -- /Applications/Xcode.app/Contents/Developer/Toolchains/XcodeDefault.xctoolchain/usr/bin/clang -x objective-c -ivfsstatcache /Users/buddhirajgautam/Library/Developer/Xcode/DerivedData/SDKStatCaches.noindex/macosx27.0-26A425-e829b21a6f8c9b70876ba0858053c0447231f6df4def33e022ae2eb8f782df1a.sdkstatcache -target arm64-apple-macos12.0 -fmessage-length\=0 -fdiagnostics-show-note-include-stack -fmacro-backtrace-limit\=0 -fno-color-diagnostics -fmodules-prune-interval\=86400 -fmodules-prune-after\=345600 -fbuild-session-file\=/Users/buddhirajgautam/Library/Developer/Xcode/DerivedData/ModuleCache.noindex/Session.modulevalidation -fmodules-validate-once-per-build-session -Wnon-modular-include-in-framework-module -Werror\=non-modular-include-in-framework-module -Wno-trigraphs -Wno-missing-field-initializers -Wno-missing-prototypes -Wno-return-type -Wno-implicit-atomic-properties -Wno-objc-interface-ivars -Wno-arc-repeated-use-of-weak -Wno-missing-braces -Wparentheses -Wswitch -Wno-unused-function -Wno-unused-label -Wno-unused-parameter -Wno-unused-variable -Wunused-value -Wno-empty-body -Wno-uninitialized -Wno-unknown-pragmas -w -Wno-shadow -Wno-four-char-constants -Wno-conversion -Wno-constant-conversion -Wno-int-conversion -Wno-bool-conversion -Wno-enum-conversion -Wno-float-conversion -Wno-non-literal-null-conversion -Wno-objc-literal-conversion -Wshorten-64-to-32 -Wpointer-sign -Wno-newline-eof -Wno-selector -Wno-strict-selector-match -Wno-undeclared-selector -Wno-deprecated-implementations -Wno-implicit-fallthrough -isysroot /Applications/Xcode.app/Contents/Developer/Platforms/MacOSX.platform/Developer/SDKs/MacOSX27.0.sdk -fstrict-aliasing -Wprotocol -Wdeprecated-declarations -Wno-sign-conversion -Wno-infinite-recursion -Wno-comma -Wno-block-capture-autoreleasing -Wno-strict-prototypes -Wno-semicolon-before-method-body -index-store-path /Users/buddhirajgautam/Library/Developer/Xcode/DerivedData/Telegram-Mac-fygdgghdgmuleoelvxabfmqiotta/Index.noindex/DataStore @/Users/buddhirajgautam/Library/Developer/Xcode/DerivedData/Telegram-Mac-fygdgghdgmuleoelvxabfmqiotta/Build/Intermediates.noindex/Firebase.build/Debug/FirebaseCrashlytics-t.build/Objects-normal/arm64/e6072d4f65d7061329687fe24e3d63a7-common-args.resp -MMD -MT dependencies -MF /Users/buddhirajgautam/Library/Developer/Xcode/DerivedData/Telegram-Mac-fygdgghdgmuleoelvxabfmqiotta/Build/Intermediates.noindex/Firebase.build/Debug/FirebaseCrashlytics-t.build/Objects-normal/arm64/FIRCLSApplication.d --serialize-diagnostics /Users/buddhirajgautam/Library/Developer/Xcode/DerivedData/Telegram-Mac-fygdgghdgmuleoelvxabfmqiotta/Build/Intermediates.noindex/Firebase.build/Debug/FirebaseCrashlytics-t.build/Objects-normal/arm64/FIRCLSApplication.dia -c /Users/buddhirajgautam/Library/Developer/Xcode/DerivedData/Telegram-Mac-fygdgghdgmuleoelvxabfmqiotta/SourcePackages/checkouts/firebase-ios-sdk/Crashlytics/Crashlytics/Components/FIRCLSApplication.m -o /Users/buddhirajgautam/Library/Developer/Xcode/DerivedData/Telegram-Mac-fygdgghdgmuleoelvxabfmqiotta/Build/Intermediates.noindex/Firebase.build/Debug/FirebaseCrashlytics-t.build/Objects-normal/arm64/FIRCLSApplication.o -index-unit-output-path /Firebase.build/Debug/FirebaseCrashlytics-t.build/Objects-normal/arm64/FIRCLSApplication.o

ScanDependencies /Users/buddhirajgautam/Library/Developer/Xcode/DerivedData/Telegram-Mac-fygdgghdgmuleoelvxabfmqiotta/Build/Intermediates.noindex/Firebase.build/Debug/FirebaseCrashlytics-t.build/Objects-normal/arm64/FIRCLSAnalyticsManager.o /Users/buddhirajgautam/Library/Developer/Xcode/DerivedData/Telegram-Mac-fygdgghdgmuleoelvxabfmqiotta/SourcePackages/checkouts/firebase-ios-sdk/Crashlytics/Crashlytics/Controllers/FIRCLSAnalyticsManager.m normal arm64 objective-c com.apple.compilers.llvm.clang.1_0.compiler (in target 'FirebaseCrashlytics' from project 'Firebase')
    cd /Users/buddhirajgautam/Documents/Cherrygram-Mac/macOS-Swift
    
    Using response file: /Users/buddhirajgautam/Library/Developer/Xcode/DerivedData/Telegram-Mac-fygdgghdgmuleoelvxabfmqiotta/Build/Intermediates.noindex/Firebase.build/Debug/FirebaseCrashlytics-t.build/Objects-normal/arm64/e6072d4f65d7061329687fe24e3d63a7-common-args.resp
    
    builtin-ScanDependencies -o /Users/buddhirajgautam/Library/Developer/Xcode/DerivedData/Telegram-Mac-fygdgghdgmuleoelvxabfmqiotta/Build/Intermediates.noindex/Firebase.build/Debug/FirebaseCrashlytics-t.build/Objects-normal/arm64/FIRCLSAnalyticsManager.o.scan -- /Applications/Xcode.app/Contents/Developer/Toolchains/XcodeDefault.xctoolchain/usr/bin/clang -x objective-c -ivfsstatcache /Users/buddhirajgautam/Library/Developer/Xcode/DerivedData/SDKStatCaches.noindex/macosx27.0-26A425-e829b21a6f8c9b70876ba0858053c0447231f6df4def33e022ae2eb8f782df1a.sdkstatcache -target arm64-apple-macos12.0 -fmessage-length\=0 -fdiagnostics-show-note-include-stack -fmacro-backtrace-limit\=0 -fno-color-diagnostics -fmodules-prune-interval\=86400 -fmodules-prune-after\=345600 -fbuild-session-file\=/Users/buddhirajgautam/Library/Developer/Xcode/DerivedData/ModuleCache.noindex/Session.modulevalidation -fmodules-validate-once-per-build-session -Wnon-modular-include-in-framework-module -Werror\=non-modular-include-in-framework-module -Wno-trigraphs -Wno-missing-field-initializers -Wno-missing-prototypes -Wno-return-type -Wno-implicit-atomic-properties -Wno-objc-interface-ivars -Wno-arc-repeated-use-of-weak -Wno-missing-braces -Wparentheses -Wswitch -Wno-unused-function -Wno-unused-label -Wno-unused-parameter -Wno-unused-variable -Wunused-value -Wno-empty-body -Wno-uninitialized -Wno-unknown-pragmas -w -Wno-shadow -Wno-four-char-constants -Wno-conversion -Wno-constant-conversion -Wno-int-conversion -Wno-bool-conversion -Wno-enum-conversion -Wno-float-conversion -Wno-non-literal-null-conversion -Wno-objc-literal-conversion -Wshorten-64-to-32 -Wpointer-sign -Wno-newline-eof -Wno-selector -Wno-strict-selector-match -Wno-undeclared-selector -Wno-deprecated-implementations -Wno-implicit-fallthrough -isysroot /Applications/Xcode.app/Contents/Developer/Platforms/MacOSX.platform/Developer/SDKs/MacOSX27.0.sdk -fstrict-aliasing -Wprotocol -Wdeprecated-declarations -Wno-sign-conversion -Wno-infinite-recursion -Wno-comma -Wno-block-capture-autoreleasing -Wno-strict-prototypes -Wno-semicolon-before-method-body -index-store-path /Users/buddhirajgautam/Library/Developer/Xcode/DerivedData/Telegram-Mac-fygdgghdgmuleoelvxabfmqiotta/Index.noindex/DataStore @/Users/buddhirajgautam/Library/Developer/Xcode/DerivedData/Telegram-Mac-fygdgghdgmuleoelvxabfmqiotta/Build/Intermediates.noindex/Firebase.build/Debug/FirebaseCrashlytics-t.build/Objects-normal/arm64/e6072d4f65d7061329687fe24e3d63a7-common-args.resp -MMD -MT dependencies -MF /Users/buddhirajgautam/Library/Developer/Xcode/DerivedData/Telegram-Mac-fygdgghdgmuleoelvxabfmqiotta/Build/Intermediates.noindex/Firebase.build/Debug/FirebaseCrashlytics-t.build/Objects-normal/arm64/FIRCLSAnalyticsManager.d --serialize-diagnostics /Users/buddhirajgautam/Library/Developer/Xcode/DerivedData/Telegram-Mac-fygdgghdgmuleoelvxabfmqiotta/Build/Intermediates.noindex/Firebase.build/Debug/FirebaseCrashlytics-t.build/Objects-normal/arm64/FIRCLSAnalyticsManager.dia -c /Users/buddhirajgautam/Library/Developer/Xcode/DerivedData/Telegram-Mac-fygdgghdgmuleoelvxabfmqiotta/SourcePackages/checkouts/firebase-ios-sdk/Crashlytics/Crashlytics/Controllers/FIRCLSAnalyticsManager.m -o /Users/buddhirajgautam/Library/Developer/Xcode/DerivedData/Telegram-Mac-fygdgghdgmuleoelvxabfmqiotta/Build/Intermediates.noindex/Firebase.build/Debug/FirebaseCrashlytics-t.build/Objects-normal/arm64/FIRCLSAnalyticsManager.o -index-unit-output-path /Firebase.build/Debug/FirebaseCrashlytics-t.build/Objects-normal/arm64/FIRCLSAnalyticsManager.o

PrecompileModule /Users/buddhirajgautam/Library/Developer/Xcode/DerivedData/Telegram-Mac-fygdgghdgmuleoelvxabfmqiotta/Build/Intermediates.noindex/ExplicitPrecompiledModules/QuartzCore-1491BIFVITH7I1MW00G9IQMWH.scan
    cd /
    builtin-precompileModule /Users/buddhirajgautam/Library/Developer/Xcode/DerivedData/Telegram-Mac-fygdgghdgmuleoelvxabfmqiotta/Build/Intermediates.noindex/ExplicitPrecompiledModules/QuartzCore-1491BIFVITH7I1MW00G9IQMWH.scan

PrecompileModule /Users/buddhirajgautam/Library/Developer/Xcode/DerivedData/Telegram-Mac-fygdgghdgmuleoelvxabfmqiotta/Build/Intermediates.noindex/ExplicitPrecompiledModules/CoreImage-C2J5LMTX8JSN980W7FAACX5HT.scan
    cd /
    builtin-precompileModule /Users/buddhirajgautam/Library/Developer/Xcode/DerivedData/Telegram-Mac-fygdgghdgmuleoelvxabfmqiotta/Build/Intermediates.noindex/ExplicitPrecompiledModules/CoreImage-C2J5LMTX8JSN980W7FAACX5HT.scan

ScanDependencies /Users/buddhirajgautam/Library/Developer/Xcode/DerivedData/Telegram-Mac-fygdgghdgmuleoelvxabfmqiotta/Build/Intermediates.noindex/Firebase.build/Debug/FirebaseCrashlytics-t.build/Objects-normal/arm64/FIRCLSAllocate.o /Users/buddhirajgautam/Library/Developer/Xcode/DerivedData/Telegram-Mac-fygdgghdgmuleoelvxabfmqiotta/SourcePackages/checkouts/firebase-ios-sdk/Crashlytics/Crashlytics/Helpers/FIRCLSAllocate.c normal arm64 c com.apple.compilers.llvm.clang.1_0.compiler (in target 'FirebaseCrashlytics' from project 'Firebase')
    cd /Users/buddhirajgautam/Documents/Cherrygram-Mac/macOS-Swift
    
    Using response file: /Users/buddhirajgautam/Library/Developer/Xcode/DerivedData/Telegram-Mac-fygdgghdgmuleoelvxabfmqiotta/Build/Intermediates.noindex/Firebase.build/Debug/FirebaseCrashlytics-t.build/Objects-normal/arm64/7187679823f38a2a940e0043cdf9d637-common-args.resp
    
    builtin-ScanDependencies -o /Users/buddhirajgautam/Library/Developer/Xcode/DerivedData/Telegram-Mac-fygdgghdgmuleoelvxabfmqiotta/Build/Intermediates.noindex/Firebase.build/Debug/FirebaseCrashlytics-t.build/Objects-normal/arm64/FIRCLSAllocate.o.scan -- /Applications/Xcode.app/Contents/Developer/Toolchains/XcodeDefault.xctoolchain/usr/bin/clang -x c -ivfsstatcache /Users/buddhirajgautam/Library/Developer/Xcode/DerivedData/SDKStatCaches.noindex/macosx27.0-26A425-e829b21a6f8c9b70876ba0858053c0447231f6df4def33e022ae2eb8f782df1a.sdkstatcache -target arm64-apple-macos12.0 -fmessage-length\=0 -fdiagnostics-show-note-include-stack -fmacro-backtrace-limit\=0 -fno-color-diagnostics -fmodules-prune-interval\=86400 -fmodules-prune-after\=345600 -fbuild-session-file\=/Users/buddhirajgautam/Library/Developer/Xcode/DerivedData/ModuleCache.noindex/Session.modulevalidation -fmodules-validate-once-per-build-session -Wnon-modular-include-in-framework-module -Werror\=non-modular-include-in-framework-module -Wno-trigraphs -Wno-missing-field-initializers -Wno-missing-prototypes -Wno-return-type -Wno-missing-braces -Wparentheses -Wswitch -Wno-unused-function -Wno-unused-label -Wno-unused-parameter -Wno-unused-variable -Wunused-value -Wno-empty-body -Wno-uninitialized -Wno-unknown-pragmas -w -Wno-shadow -Wno-four-char-constants -Wno-conversion -Wno-constant-conversion -Wno-int-conversion -Wno-bool-conversion -Wno-enum-conversion -Wno-float-conversion -Wno-non-literal-null-conversion -Wno-objc-literal-conversion -Wshorten-64-to-32 -Wpointer-sign -Wno-newline-eof -Wno-implicit-fallthrough -isysroot /Applications/Xcode.app/Contents/Developer/Platforms/MacOSX.platform/Developer/SDKs/MacOSX27.0.sdk -fstrict-aliasing -Wdeprecated-declarations -Wno-sign-conversion -Wno-infinite-recursion -Wno-comma -Wno-block-capture-autoreleasing -Wno-strict-prototypes -Wno-semicolon-before-method-body -index-store-path /Users/buddhirajgautam/Library/Developer/Xcode/DerivedData/Telegram-Mac-fygdgghdgmuleoelvxabfmqiotta/Index.noindex/DataStore @/Users/buddhirajgautam/Library/Developer/Xcode/DerivedData/Telegram-Mac-fygdgghdgmuleoelvxabfmqiotta/Build/Intermediates.noindex/Firebase.build/Debug/FirebaseCrashlytics-t.build/Objects-normal/arm64/7187679823f38a2a940e0043cdf9d637-common-args.resp -MMD -MT dependencies -MF /Users/buddhirajgautam/Library/Developer/Xcode/DerivedData/Telegram-Mac-fygdgghdgmuleoelvxabfmqiotta/Build/Intermediates.noindex/Firebase.build/Debug/FirebaseCrashlytics-t.build/Objects-normal/arm64/FIRCLSAllocate.d --serialize-diagnostics /Users/buddhirajgautam/Library/Developer/Xcode/DerivedData/Telegram-Mac-fygdgghdgmuleoelvxabfmqiotta/Build/Intermediates.noindex/Firebase.build/Debug/FirebaseCrashlytics-t.build/Objects-normal/arm64/FIRCLSAllocate.dia -c /Users/buddhirajgautam/Library/Developer/Xcode/DerivedData/Telegram-Mac-fygdgghdgmuleoelvxabfmqiotta/SourcePackages/checkouts/firebase-ios-sdk/Crashlytics/Crashlytics/Helpers/FIRCLSAllocate.c -o /Users/buddhirajgautam/Library/Developer/Xcode/DerivedData/Telegram-Mac-fygdgghdgmuleoelvxabfmqiotta/Build/Intermediates.noindex/Firebase.build/Debug/FirebaseCrashlytics-t.build/Objects-normal/arm64/FIRCLSAllocate.o -index-unit-output-path /Firebase.build/Debug/FirebaseCrashlytics-t.build/Objects-normal/arm64/FIRCLSAllocate.o

ScanDependencies /Users/buddhirajgautam/Library/Developer/Xcode/DerivedData/Telegram-Mac-fygdgghdgmuleoelvxabfmqiotta/Build/Intermediates.noindex/Firebase.build/Debug/FirebaseAnalyticsWrapper-t.build/Objects-normal/arm64/dummy.o /Users/buddhirajgautam/Library/Developer/Xcode/DerivedData/Telegram-Mac-fygdgghdgmuleoelvxabfmqiotta/SourcePackages/checkouts/firebase-ios-sdk/FirebaseAnalyticsWrapper/dummy.m normal arm64 objective-c com.apple.compilers.llvm.clang.1_0.compiler (in target 'FirebaseAnalyticsWrapper' from project 'Firebase')
    cd /Users/buddhirajgautam/Documents/Cherrygram-Mac/macOS-Swift
    
    Using response file: /Users/buddhirajgautam/Library/Developer/Xcode/DerivedData/Telegram-Mac-fygdgghdgmuleoelvxabfmqiotta/Build/Intermediates.noindex/Firebase.build/Debug/FirebaseAnalyticsWrapper-t.build/Objects-normal/arm64/e6072d4f65d7061329687fe24e3d63a7-common-args.resp
    
    builtin-ScanDependencies -o /Users/buddhirajgautam/Library/Developer/Xcode/DerivedData/Telegram-Mac-fygdgghdgmuleoelvxabfmqiotta/Build/Intermediates.noindex/Firebase.build/Debug/FirebaseAnalyticsWrapper-t.build/Objects-normal/arm64/dummy.o.scan -- /Applications/Xcode.app/Contents/Developer/Toolchains/XcodeDefault.xctoolchain/usr/bin/clang -x objective-c -ivfsstatcache /Users/buddhirajgautam/Library/Developer/Xcode/DerivedData/SDKStatCaches.noindex/macosx27.0-26A425-e829b21a6f8c9b70876ba0858053c0447231f6df4def33e022ae2eb8f782df1a.sdkstatcache -target arm64-apple-macos12.0 -fmessage-length\=0 -fdiagnostics-show-note-include-stack -fmacro-backtrace-limit\=0 -fno-color-diagnostics -fmodules-prune-interval\=86400 -fmodules-prune-after\=345600 -fbuild-session-file\=/Users/buddhirajgautam/Library/Developer/Xcode/DerivedData/ModuleCache.noindex/Session.modulevalidation -fmodules-validate-once-per-build-session -Wnon-modular-include-in-framework-module -Werror\=non-modular-include-in-framework-module -Wno-trigraphs -Wno-missing-field-initializers -Wno-missing-prototypes -Wno-return-type -Wno-implicit-atomic-properties -Wno-objc-interface-ivars -Wno-arc-repeated-use-of-weak -Wno-missing-braces -Wparentheses -Wswitch -Wno-unused-function -Wno-unused-label -Wno-unused-parameter -Wno-unused-variable -Wunused-value -Wno-empty-body -Wno-uninitialized -Wno-unknown-pragmas -w -Wno-shadow -Wno-four-char-constants -Wno-conversion -Wno-constant-conversion -Wno-int-conversion -Wno-bool-conversion -Wno-enum-conversion -Wno-float-conversion -Wno-non-literal-null-conversion -Wno-objc-literal-conversion -Wshorten-64-to-32 -Wpointer-sign -Wno-newline-eof -Wno-selector -Wno-strict-selector-match -Wno-undeclared-selector -Wno-deprecated-implementations -Wno-implicit-fallthrough -isysroot /Applications/Xcode.app/Contents/Developer/Platforms/MacOSX.platform/Developer/SDKs/MacOSX27.0.sdk -fstrict-aliasing -Wprotocol -Wdeprecated-declarations -Wno-sign-conversion -Wno-infinite-recursion -Wno-comma -Wno-block-capture-autoreleasing -Wno-strict-prototypes -Wno-semicolon-before-method-body -index-store-path /Users/buddhirajgautam/Library/Developer/Xcode/DerivedData/Telegram-Mac-fygdgghdgmuleoelvxabfmqiotta/Index.noindex/DataStore @/Users/buddhirajgautam/Library/Developer/Xcode/DerivedData/Telegram-Mac-fygdgghdgmuleoelvxabfmqiotta/Build/Intermediates.noindex/Firebase.build/Debug/FirebaseAnalyticsWrapper-t.build/Objects-normal/arm64/e6072d4f65d7061329687fe24e3d63a7-common-args.resp -MMD -MT dependencies -MF /Users/buddhirajgautam/Library/Developer/Xcode/DerivedData/Telegram-Mac-fygdgghdgmuleoelvxabfmqiotta/Build/Intermediates.noindex/Firebase.build/Debug/FirebaseAnalyticsWrapper-t.build/Objects-normal/arm64/dummy.d --serialize-diagnostics /Users/buddhirajgautam/Library/Developer/Xcode/DerivedData/Telegram-Mac-fygdgghdgmuleoelvxabfmqiotta/Build/Intermediates.noindex/Firebase.build/Debug/FirebaseAnalyticsWrapper-t.build/Objects-normal/arm64/dummy.dia -c /Users/buddhirajgautam/Library/Developer/Xcode/DerivedData/Telegram-Mac-fygdgghdgmuleoelvxabfmqiotta/SourcePackages/checkouts/firebase-ios-sdk/FirebaseAnalyticsWrapper/dummy.m -o /Users/buddhirajgautam/Library/Developer/Xcode/DerivedData/Telegram-Mac-fygdgghdgmuleoelvxabfmqiotta/Build/Intermediates.noindex/Firebase.build/Debug/FirebaseAnalyticsWrapper-t.build/Objects-normal/arm64/dummy.o -index-unit-output-path /Firebase.build/Debug/FirebaseAnalyticsWrapper-t.build/Objects-normal/arm64/dummy.o

CompileC /Users/buddhirajgautam/Library/Developer/Xcode/DerivedData/Telegram-Mac-fygdgghdgmuleoelvxabfmqiotta/Build/Intermediates.noindex/Firebase.build/Debug/FirebaseAnalyticsWrapper-t.build/Objects-normal/arm64/dummy.o /Users/buddhirajgautam/Library/Developer/Xcode/DerivedData/Telegram-Mac-fygdgghdgmuleoelvxabfmqiotta/SourcePackages/checkouts/firebase-ios-sdk/FirebaseAnalyticsWrapper/dummy.m normal arm64 objective-c com.apple.compilers.llvm.clang.1_0.compiler (in target 'FirebaseAnalyticsWrapper' from project 'Firebase')
    cd /Users/buddhirajgautam/Documents/Cherrygram-Mac/macOS-Swift
    
    Using response file: /Users/buddhirajgautam/Library/Developer/Xcode/DerivedData/Telegram-Mac-fygdgghdgmuleoelvxabfmqiotta/Build/Intermediates.noindex/Firebase.build/Debug/FirebaseAnalyticsWrapper-t.build/Objects-normal/arm64/e6072d4f65d7061329687fe24e3d63a7-common-args.resp
    
    /Applications/Xcode.app/Contents/Developer/Toolchains/XcodeDefault.xctoolchain/usr/bin/clang -x objective-c -ivfsstatcache /Users/buddhirajgautam/Library/Developer/Xcode/DerivedData/SDKStatCaches.noindex/macosx27.0-26A425-e829b21a6f8c9b70876ba0858053c0447231f6df4def33e022ae2eb8f782df1a.sdkstatcache -target arm64-apple-macos12.0 -fmessage-length\=0 -fdiagnostics-show-note-include-stack -fmacro-backtrace-limit\=0 -fno-color-diagnostics -fmodules-prune-interval\=86400 -fmodules-prune-after\=345600 -fbuild-session-file\=/Users/buddhirajgautam/Library/Developer/Xcode/DerivedData/ModuleCache.noindex/Session.modulevalidation -fmodules-validate-once-per-build-session -Wnon-modular-include-in-framework-module -Werror\=non-modular-include-in-framework-module -Wno-trigraphs -Wno-missing-field-initializers -Wno-missing-prototypes -Wno-return-type -Wno-implicit-atomic-properties -Wno-objc-interface-ivars -Wno-arc-repeated-use-of-weak -Wno-missing-braces -Wparentheses -Wswitch -Wno-unused-function -Wno-unused-label -Wno-unused-parameter -Wno-unused-variable -Wunused-value -Wno-empty-body -Wno-uninitialized -Wno-unknown-pragmas -w -Wno-shadow -Wno-four-char-constants -Wno-conversion -Wno-constant-conversion -Wno-int-conversion -Wno-bool-conversion -Wno-enum-conversion -Wno-float-conversion -Wno-non-literal-null-conversion -Wno-objc-literal-conversion -Wshorten-64-to-32 -Wpointer-sign -Wno-newline-eof -Wno-selector -Wno-strict-selector-match -Wno-undeclared-selector -Wno-deprecated-implementations -Wno-implicit-fallthrough -isysroot /Applications/Xcode.app/Contents/Developer/Platforms/MacOSX.platform/Developer/SDKs/MacOSX27.0.sdk -fstrict-aliasing -Wprotocol -Wdeprecated-declarations -Wno-sign-conversion -Wno-infinite-recursion -Wno-comma -Wno-block-capture-autoreleasing -Wno-strict-prototypes -Wno-semicolon-before-method-body -index-store-path /Users/buddhirajgautam/Library/Developer/Xcode/DerivedData/Telegram-Mac-fygdgghdgmuleoelvxabfmqiotta/Index.noindex/DataStore @/Users/buddhirajgautam/Library/Developer/Xcode/DerivedData/Telegram-Mac-fygdgghdgmuleoelvxabfmqiotta/Build/Intermediates.noindex/Firebase.build/Debug/FirebaseAnalyticsWrapper-t.build/Objects-normal/arm64/e6072d4f65d7061329687fe24e3d63a7-common-args.resp -MMD -MT dependencies -MF /Users/buddhirajgautam/Library/Developer/Xcode/DerivedData/Telegram-Mac-fygdgghdgmuleoelvxabfmqiotta/Build/Intermediates.noindex/Firebase.build/Debug/FirebaseAnalyticsWrapper-t.build/Objects-normal/arm64/dummy.d --serialize-diagnostics /Users/buddhirajgautam/Library/Developer/Xcode/DerivedData/Telegram-Mac-fygdgghdgmuleoelvxabfmqiotta/Build/Intermediates.noindex/Firebase.build/Debug/FirebaseAnalyticsWrapper-t.build/Objects-normal/arm64/dummy.dia -c /Users/buddhirajgautam/Library/Developer/Xcode/DerivedData/Telegram-Mac-fygdgghdgmuleoelvxabfmqiotta/SourcePackages/checkouts/firebase-ios-sdk/FirebaseAnalyticsWrapper/dummy.m -o /Users/buddhirajgautam/Library/Developer/Xcode/DerivedData/Telegram-Mac-fygdgghdgmuleoelvxabfmqiotta/Build/Intermediates.noindex/Firebase.build/Debug/FirebaseAnalyticsWrapper-t.build/Objects-normal/arm64/dummy.o -index-unit-output-path /Firebase.build/Debug/FirebaseAnalyticsWrapper-t.build/Objects-normal/arm64/dummy.o

PrecompileModule /Users/buddhirajgautam/Library/Developer/Xcode/DerivedData/Telegram-Mac-fygdgghdgmuleoelvxabfmqiotta/Build/Intermediates.noindex/ExplicitPrecompiledModules/CFNetwork-5XGCU9WOQE6JO1LKGRZCLJO0B.scan
    cd /
    builtin-precompileModule /Users/buddhirajgautam/Library/Developer/Xcode/DerivedData/Telegram-Mac-fygdgghdgmuleoelvxabfmqiotta/Build/Intermediates.noindex/ExplicitPrecompiledModules/CFNetwork-5XGCU9WOQE6JO1LKGRZCLJO0B.scan

PrecompileModule /Users/buddhirajgautam/Library/Developer/Xcode/DerivedData/Telegram-Mac-fygdgghdgmuleoelvxabfmqiotta/Build/Intermediates.noindex/ExplicitPrecompiledModules/IOKit-2BD4FIDJABI763CXN0KYSO3AV.scan
    cd /
    builtin-precompileModule /Users/buddhirajgautam/Library/Developer/Xcode/DerivedData/Telegram-Mac-fygdgghdgmuleoelvxabfmqiotta/Build/Intermediates.noindex/ExplicitPrecompiledModules/IOKit-2BD4FIDJABI763CXN0KYSO3AV.scan

PrecompileModule /Users/buddhirajgautam/Library/Developer/Xcode/DerivedData/Telegram-Mac-fygdgghdgmuleoelvxabfmqiotta/Build/Intermediates.noindex/ExplicitPrecompiledModules/Security-87PHF3ADLEDC7MG4CZU1A7LX6.scan
    cd /
    builtin-precompileModule /Users/buddhirajgautam/Library/Developer/Xcode/DerivedData/Telegram-Mac-fygdgghdgmuleoelvxabfmqiotta/Build/Intermediates.noindex/ExplicitPrecompiledModules/Security-87PHF3ADLEDC7MG4CZU1A7LX6.scan

PrecompileModule /Users/buddhirajgautam/Library/Developer/Xcode/DerivedData/Telegram-Mac-fygdgghdgmuleoelvxabfmqiotta/Build/Intermediates.noindex/ExplicitPrecompiledModules/ColorSync-9Z1LDR2VSXAQDL76YWOEKI07I.scan
    cd /
    builtin-precompileModule /Users/buddhirajgautam/Library/Developer/Xcode/DerivedData/Telegram-Mac-fygdgghdgmuleoelvxabfmqiotta/Build/Intermediates.noindex/ExplicitPrecompiledModules/ColorSync-9Z1LDR2VSXAQDL76YWOEKI07I.scan

PrecompileModule /Users/buddhirajgautam/Library/Developer/Xcode/DerivedData/Telegram-Mac-fygdgghdgmuleoelvxabfmqiotta/Build/Intermediates.noindex/ExplicitPrecompiledModules/_Builtin_stdatomic-4HE6HUBXF8B2MI3EQMBP2KTA9.scan
    cd /
    builtin-precompileModule /Users/buddhirajgautam/Library/Developer/Xcode/DerivedData/Telegram-Mac-fygdgghdgmuleoelvxabfmqiotta/Build/Intermediates.noindex/ExplicitPrecompiledModules/_Builtin_stdatomic-4HE6HUBXF8B2MI3EQMBP2KTA9.scan

CompileC /Users/buddhirajgautam/Library/Developer/Xcode/DerivedData/Telegram-Mac-fygdgghdgmuleoelvxabfmqiotta/Build/Intermediates.noindex/Firebase.build/Debug/FirebaseCrashlytics-t.build/Objects-normal/arm64/FIRCLSAllocate.o /Users/buddhirajgautam/Library/Developer/Xcode/DerivedData/Telegram-Mac-fygdgghdgmuleoelvxabfmqiotta/SourcePackages/checkouts/firebase-ios-sdk/Crashlytics/Crashlytics/Helpers/FIRCLSAllocate.c normal arm64 c com.apple.compilers.llvm.clang.1_0.compiler (in target 'FirebaseCrashlytics' from project 'Firebase')
    cd /Users/buddhirajgautam/Documents/Cherrygram-Mac/macOS-Swift
    
    Using response file: /Users/buddhirajgautam/Library/Developer/Xcode/DerivedData/Telegram-Mac-fygdgghdgmuleoelvxabfmqiotta/Build/Intermediates.noindex/Firebase.build/Debug/FirebaseCrashlytics-t.build/Objects-normal/arm64/7187679823f38a2a940e0043cdf9d637-common-args.resp
    
    /Applications/Xcode.app/Contents/Developer/Toolchains/XcodeDefault.xctoolchain/usr/bin/clang -x c -ivfsstatcache /Users/buddhirajgautam/Library/Developer/Xcode/DerivedData/SDKStatCaches.noindex/macosx27.0-26A425-e829b21a6f8c9b70876ba0858053c0447231f6df4def33e022ae2eb8f782df1a.sdkstatcache -target arm64-apple-macos12.0 -fmessage-length\=0 -fdiagnostics-show-note-include-stack -fmacro-backtrace-limit\=0 -fno-color-diagnostics -fmodules-prune-interval\=86400 -fmodules-prune-after\=345600 -fbuild-session-file\=/Users/buddhirajgautam/Library/Developer/Xcode/DerivedData/ModuleCache.noindex/Session.modulevalidation -fmodules-validate-once-per-build-session -Wnon-modular-include-in-framework-module -Werror\=non-modular-include-in-framework-module -Wno-trigraphs -Wno-missing-field-initializers -Wno-missing-prototypes -Wno-return-type -Wno-missing-braces -Wparentheses -Wswitch -Wno-unused-function -Wno-unused-label -Wno-unused-parameter -Wno-unused-variable -Wunused-value -Wno-empty-body -Wno-uninitialized -Wno-unknown-pragmas -w -Wno-shadow -Wno-four-char-constants -Wno-conversion -Wno-constant-conversion -Wno-int-conversion -Wno-bool-conversion -Wno-enum-conversion -Wno-float-conversion -Wno-non-literal-null-conversion -Wno-objc-literal-conversion -Wshorten-64-to-32 -Wpointer-sign -Wno-newline-eof -Wno-implicit-fallthrough -isysroot /Applications/Xcode.app/Contents/Developer/Platforms/MacOSX.platform/Developer/SDKs/MacOSX27.0.sdk -fstrict-aliasing -Wdeprecated-declarations -Wno-sign-conversion -Wno-infinite-recursion -Wno-comma -Wno-block-capture-autoreleasing -Wno-strict-prototypes -Wno-semicolon-before-method-body -index-store-path /Users/buddhirajgautam/Library/Developer/Xcode/DerivedData/Telegram-Mac-fygdgghdgmuleoelvxabfmqiotta/Index.noindex/DataStore @/Users/buddhirajgautam/Library/Developer/Xcode/DerivedData/Telegram-Mac-fygdgghdgmuleoelvxabfmqiotta/Build/Intermediates.noindex/Firebase.build/Debug/FirebaseCrashlytics-t.build/Objects-normal/arm64/7187679823f38a2a940e0043cdf9d637-common-args.resp -MMD -MT dependencies -MF /Users/buddhirajgautam/Library/Developer/Xcode/DerivedData/Telegram-Mac-fygdgghdgmuleoelvxabfmqiotta/Build/Intermediates.noindex/Firebase.build/Debug/FirebaseCrashlytics-t.build/Objects-normal/arm64/FIRCLSAllocate.d --serialize-diagnostics /Users/buddhirajgautam/Library/Developer/Xcode/DerivedData/Telegram-Mac-fygdgghdgmuleoelvxabfmqiotta/Build/Intermediates.noindex/Firebase.build/Debug/FirebaseCrashlytics-t.build/Objects-normal/arm64/FIRCLSAllocate.dia -c /Users/buddhirajgautam/Library/Developer/Xcode/DerivedData/Telegram-Mac-fygdgghdgmuleoelvxabfmqiotta/SourcePackages/checkouts/firebase-ios-sdk/Crashlytics/Crashlytics/Helpers/FIRCLSAllocate.c -o /Users/buddhirajgautam/Library/Developer/Xcode/DerivedData/Telegram-Mac-fygdgghdgmuleoelvxabfmqiotta/Build/Intermediates.noindex/Firebase.build/Debug/FirebaseCrashlytics-t.build/Objects-normal/arm64/FIRCLSAllocate.o -index-unit-output-path /Firebase.build/Debug/FirebaseCrashlytics-t.build/Objects-normal/arm64/FIRCLSAllocate.o

ScanDependencies /Users/buddhirajgautam/Library/Developer/Xcode/DerivedData/Telegram-Mac-fygdgghdgmuleoelvxabfmqiotta/Build/Intermediates.noindex/FFMpegBinding.build/Debug/FFMpegBinding-t.build/Objects-normal/arm64/FFMpegSWResample.o /Users/buddhirajgautam/Documents/Cherrygram-Mac/macOS-Swift/submodules/telegram-ios/submodules/FFMpegBinding/Sources/FFMpegSWResample.m normal arm64 objective-c com.apple.compilers.llvm.clang.1_0.compiler (in target 'FFMpegBinding' from project 'FFMpegBinding')
    cd /Users/buddhirajgautam/Documents/Cherrygram-Mac/macOS-Swift
    
    Using response file: /Users/buddhirajgautam/Library/Developer/Xcode/DerivedData/Telegram-Mac-fygdgghdgmuleoelvxabfmqiotta/Build/Intermediates.noindex/FFMpegBinding.build/Debug/FFMpegBinding-t.build/Objects-normal/arm64/e6072d4f65d7061329687fe24e3d63a7-common-args.resp
    
    builtin-ScanDependencies -o /Users/buddhirajgautam/Library/Developer/Xcode/DerivedData/Telegram-Mac-fygdgghdgmuleoelvxabfmqiotta/Build/Intermediates.noindex/FFMpegBinding.build/Debug/FFMpegBinding-t.build/Objects-normal/arm64/FFMpegSWResample.o.scan -- /Applications/Xcode.app/Contents/Developer/Toolchains/XcodeDefault.xctoolchain/usr/bin/clang -x objective-c -ivfsstatcache /Users/buddhirajgautam/Library/Developer/Xcode/DerivedData/SDKStatCaches.noindex/macosx27.0-26A425-e829b21a6f8c9b70876ba0858053c0447231f6df4def33e022ae2eb8f782df1a.sdkstatcache -target arm64-apple-macos12.0 -fmessage-length\=0 -fdiagnostics-show-note-include-stack -fmacro-backtrace-limit\=0 -fno-color-diagnostics -fmodules-prune-interval\=86400 -fmodules-prune-after\=345600 -fbuild-session-file\=/Users/buddhirajgautam/Library/Developer/Xcode/DerivedData/ModuleCache.noindex/Session.modulevalidation -fmodules-validate-once-per-build-session -Wnon-modular-include-in-framework-module -Werror\=non-modular-include-in-framework-module -Wno-trigraphs -Wno-missing-field-initializers -Wno-missing-prototypes -Wno-return-type -Wno-implicit-atomic-properties -Wno-objc-interface-ivars -Wno-arc-repeated-use-of-weak -Wno-missing-braces -Wparentheses -Wswitch -Wno-unused-function -Wno-unused-label -Wno-unused-parameter -Wno-unused-variable -Wunused-value -Wno-empty-body -Wno-uninitialized -Wno-unknown-pragmas -Wno-shadow -Wno-four-char-constants -Wno-conversion -Wno-constant-conversion -Wno-int-conversion -Wno-bool-conversion -Wno-enum-conversion -Wno-float-conversion -Wno-non-literal-null-conversion -Wno-objc-literal-conversion -Wshorten-64-to-32 -Wpointer-sign -Wno-newline-eof -Wno-selector -Wno-strict-selector-match -Wno-undeclared-selector -Wno-deprecated-implementations -Wno-implicit-fallthrough -isysroot /Applications/Xcode.app/Contents/Developer/Platforms/MacOSX.platform/Developer/SDKs/MacOSX27.0.sdk -fstrict-aliasing -Wprotocol -Wdeprecated-declarations -Wno-sign-conversion -Wno-infinite-recursion -Wno-comma -Wno-block-capture-autoreleasing -Wno-strict-prototypes -Wno-semicolon-before-method-body -index-store-path /Users/buddhirajgautam/Library/Developer/Xcode/DerivedData/Telegram-Mac-fygdgghdgmuleoelvxabfmqiotta/Index.noindex/DataStore @/Users/buddhirajgautam/Library/Developer/Xcode/DerivedData/Telegram-Mac-fygdgghdgmuleoelvxabfmqiotta/Build/Intermediates.noindex/FFMpegBinding.build/Debug/FFMpegBinding-t.build/Objects-normal/arm64/e6072d4f65d7061329687fe24e3d63a7-common-args.resp -MMD -MT dependencies -MF /Users/buddhirajgautam/Library/Developer/Xcode/DerivedData/Telegram-Mac-fygdgghdgmuleoelvxabfmqiotta/Build/Intermediates.noindex/FFMpegBinding.build/Debug/FFMpegBinding-t.build/Objects-normal/arm64/FFMpegSWResample.d --serialize-diagnostics /Users/buddhirajgautam/Library/Developer/Xcode/DerivedData/Telegram-Mac-fygdgghdgmuleoelvxabfmqiotta/Build/Intermediates.noindex/FFMpegBinding.build/Debug/FFMpegBinding-t.build/Objects-normal/arm64/FFMpegSWResample.dia -c /Users/buddhirajgautam/Documents/Cherrygram-Mac/macOS-Swift/submodules/telegram-ios/submodules/FFMpegBinding/Sources/FFMpegSWResample.m -o /Users/buddhirajgautam/Library/Developer/Xcode/DerivedData/Telegram-Mac-fygdgghdgmuleoelvxabfmqiotta/Build/Intermediates.noindex/FFMpegBinding.build/Debug/FFMpegBinding-t.build/Objects-normal/arm64/FFMpegSWResample.o -index-unit-output-path /FFMpegBinding.build/Debug/FFMpegBinding-t.build/Objects-normal/arm64/FFMpegSWResample.o

ScanDependencies /Users/buddhirajgautam/Library/Developer/Xcode/DerivedData/Telegram-Mac-fygdgghdgmuleoelvxabfmqiotta/Build/Intermediates.noindex/FFMpegBinding.build/Debug/FFMpegBinding-t.build/Objects-normal/arm64/FFMpegRemuxer.o /Users/buddhirajgautam/Documents/Cherrygram-Mac/macOS-Swift/submodules/telegram-ios/submodules/FFMpegBinding/Sources/FFMpegRemuxer.m normal arm64 objective-c com.apple.compilers.llvm.clang.1_0.compiler (in target 'FFMpegBinding' from project 'FFMpegBinding')
    cd /Users/buddhirajgautam/Documents/Cherrygram-Mac/macOS-Swift
    
    Using response file: /Users/buddhirajgautam/Library/Developer/Xcode/DerivedData/Telegram-Mac-fygdgghdgmuleoelvxabfmqiotta/Build/Intermediates.noindex/FFMpegBinding.build/Debug/FFMpegBinding-t.build/Objects-normal/arm64/e6072d4f65d7061329687fe24e3d63a7-common-args.resp
    
    builtin-ScanDependencies -o /Users/buddhirajgautam/Library/Developer/Xcode/DerivedData/Telegram-Mac-fygdgghdgmuleoelvxabfmqiotta/Build/Intermediates.noindex/FFMpegBinding.build/Debug/FFMpegBinding-t.build/Objects-normal/arm64/FFMpegRemuxer.o.scan -- /Applications/Xcode.app/Contents/Developer/Toolchains/XcodeDefault.xctoolchain/usr/bin/clang -x objective-c -ivfsstatcache /Users/buddhirajgautam/Library/Developer/Xcode/DerivedData/SDKStatCaches.noindex/macosx27.0-26A425-e829b21a6f8c9b70876ba0858053c0447231f6df4def33e022ae2eb8f782df1a.sdkstatcache -target arm64-apple-macos12.0 -fmessage-length\=0 -fdiagnostics-show-note-include-stack -fmacro-backtrace-limit\=0 -fno-color-diagnostics -fmodules-prune-interval\=86400 -fmodules-prune-after\=345600 -fbuild-session-file\=/Users/buddhirajgautam/Library/Developer/Xcode/DerivedData/ModuleCache.noindex/Session.modulevalidation -fmodules-validate-once-per-build-session -Wnon-modular-include-in-framework-module -Werror\=non-modular-include-in-framework-module -Wno-trigraphs -Wno-missing-field-initializers -Wno-missing-prototypes -Wno-return-type -Wno-implicit-atomic-properties -Wno-objc-interface-ivars -Wno-arc-repeated-use-of-weak -Wno-missing-braces -Wparentheses -Wswitch -Wno-unused-function -Wno-unused-label -Wno-unused-parameter -Wno-unused-variable -Wunused-value -Wno-empty-body -Wno-uninitialized -Wno-unknown-pragmas -Wno-shadow -Wno-four-char-constants -Wno-conversion -Wno-constant-conversion -Wno-int-conversion -Wno-bool-conversion -Wno-enum-conversion -Wno-float-conversion -Wno-non-literal-null-conversion -Wno-objc-literal-conversion -Wshorten-64-to-32 -Wpointer-sign -Wno-newline-eof -Wno-selector -Wno-strict-selector-match -Wno-undeclared-selector -Wno-deprecated-implementations -Wno-implicit-fallthrough -isysroot /Applications/Xcode.app/Contents/Developer/Platforms/MacOSX.platform/Developer/SDKs/MacOSX27.0.sdk -fstrict-aliasing -Wprotocol -Wdeprecated-declarations -Wno-sign-conversion -Wno-infinite-recursion -Wno-comma -Wno-block-capture-autoreleasing -Wno-strict-prototypes -Wno-semicolon-before-method-body -index-store-path /Users/buddhirajgautam/Library/Developer/Xcode/DerivedData/Telegram-Mac-fygdgghdgmuleoelvxabfmqiotta/Index.noindex/DataStore @/Users/buddhirajgautam/Library/Developer/Xcode/DerivedData/Telegram-Mac-fygdgghdgmuleoelvxabfmqiotta/Build/Intermediates.noindex/FFMpegBinding.build/Debug/FFMpegBinding-t.build/Objects-normal/arm64/e6072d4f65d7061329687fe24e3d63a7-common-args.resp -MMD -MT dependencies -MF /Users/buddhirajgautam/Library/Developer/Xcode/DerivedData/Telegram-Mac-fygdgghdgmuleoelvxabfmqiotta/Build/Intermediates.noindex/FFMpegBinding.build/Debug/FFMpegBinding-t.build/Objects-normal/arm64/FFMpegRemuxer.d --serialize-diagnostics /Users/buddhirajgautam/Library/Developer/Xcode/DerivedData/Telegram-Mac-fygdgghdgmuleoelvxabfmqiotta/Build/Intermediates.noindex/FFMpegBinding.build/Debug/FFMpegBinding-t.build/Objects-normal/arm64/FFMpegRemuxer.dia -c /Users/buddhirajgautam/Documents/Cherrygram-Mac/macOS-Swift/submodules/telegram-ios/submodules/FFMpegBinding/Sources/FFMpegRemuxer.m -o /Users/buddhirajgautam/Library/Developer/Xcode/DerivedData/Telegram-Mac-fygdgghdgmuleoelvxabfmqiotta/Build/Intermediates.noindex/FFMpegBinding.build/Debug/FFMpegBinding-t.build/Objects-normal/arm64/FFMpegRemuxer.o -index-unit-output-path /FFMpegBinding.build/Debug/FFMpegBinding-t.build/Objects-normal/arm64/FFMpegRemuxer.o

ScanDependencies /Users/buddhirajgautam/Library/Developer/Xcode/DerivedData/Telegram-Mac-fygdgghdgmuleoelvxabfmqiotta/Build/Intermediates.noindex/Firebase.build/Debug/FirebaseAnalyticsTarget-t.build/Objects-normal/arm64/dummy.o /Users/buddhirajgautam/Library/Developer/Xcode/DerivedData/Telegram-Mac-fygdgghdgmuleoelvxabfmqiotta/SourcePackages/checkouts/firebase-ios-sdk/SwiftPM-PlatformExclude/FirebaseAnalyticsWrap/dummy.m normal arm64 objective-c com.apple.compilers.llvm.clang.1_0.compiler (in target 'FirebaseAnalyticsTarget' from project 'Firebase')
    cd /Users/buddhirajgautam/Documents/Cherrygram-Mac/macOS-Swift
    
    Using response file: /Users/buddhirajgautam/Library/Developer/Xcode/DerivedData/Telegram-Mac-fygdgghdgmuleoelvxabfmqiotta/Build/Intermediates.noindex/Firebase.build/Debug/FirebaseAnalyticsTarget-t.build/Objects-normal/arm64/e6072d4f65d7061329687fe24e3d63a7-common-args.resp
    
    builtin-ScanDependencies -o /Users/buddhirajgautam/Library/Developer/Xcode/DerivedData/Telegram-Mac-fygdgghdgmuleoelvxabfmqiotta/Build/Intermediates.noindex/Firebase.build/Debug/FirebaseAnalyticsTarget-t.build/Objects-normal/arm64/dummy.o.scan -- /Applications/Xcode.app/Contents/Developer/Toolchains/XcodeDefault.xctoolchain/usr/bin/clang -x objective-c -ivfsstatcache /Users/buddhirajgautam/Library/Developer/Xcode/DerivedData/SDKStatCaches.noindex/macosx27.0-26A425-e829b21a6f8c9b70876ba0858053c0447231f6df4def33e022ae2eb8f782df1a.sdkstatcache -target arm64-apple-macos12.0 -fmessage-length\=0 -fdiagnostics-show-note-include-stack -fmacro-backtrace-limit\=0 -fno-color-diagnostics -fmodules-prune-interval\=86400 -fmodules-prune-after\=345600 -fbuild-session-file\=/Users/buddhirajgautam/Library/Developer/Xcode/DerivedData/ModuleCache.noindex/Session.modulevalidation -fmodules-validate-once-per-build-session -Wnon-modular-include-in-framework-module -Werror\=non-modular-include-in-framework-module -Wno-trigraphs -Wno-missing-field-initializers -Wno-missing-prototypes -Wno-return-type -Wno-implicit-atomic-properties -Wno-objc-interface-ivars -Wno-arc-repeated-use-of-weak -Wno-missing-braces -Wparentheses -Wswitch -Wno-unused-function -Wno-unused-label -Wno-unused-parameter -Wno-unused-variable -Wunused-value -Wno-empty-body -Wno-uninitialized -Wno-unknown-pragmas -w -Wno-shadow -Wno-four-char-constants -Wno-conversion -Wno-constant-conversion -Wno-int-conversion -Wno-bool-conversion -Wno-enum-conversion -Wno-float-conversion -Wno-non-literal-null-conversion -Wno-objc-literal-conversion -Wshorten-64-to-32 -Wpointer-sign -Wno-newline-eof -Wno-selector -Wno-strict-selector-match -Wno-undeclared-selector -Wno-deprecated-implementations -Wno-implicit-fallthrough -isysroot /Applications/Xcode.app/Contents/Developer/Platforms/MacOSX.platform/Developer/SDKs/MacOSX27.0.sdk -fstrict-aliasing -Wprotocol -Wdeprecated-declarations -Wno-sign-conversion -Wno-infinite-recursion -Wno-comma -Wno-block-capture-autoreleasing -Wno-strict-prototypes -Wno-semicolon-before-method-body -index-store-path /Users/buddhirajgautam/Library/Developer/Xcode/DerivedData/Telegram-Mac-fygdgghdgmuleoelvxabfmqiotta/Index.noindex/DataStore @/Users/buddhirajgautam/Library/Developer/Xcode/DerivedData/Telegram-Mac-fygdgghdgmuleoelvxabfmqiotta/Build/Intermediates.noindex/Firebase.build/Debug/FirebaseAnalyticsTarget-t.build/Objects-normal/arm64/e6072d4f65d7061329687fe24e3d63a7-common-args.resp -MMD -MT dependencies -MF /Users/buddhirajgautam/Library/Developer/Xcode/DerivedData/Telegram-Mac-fygdgghdgmuleoelvxabfmqiotta/Build/Intermediates.noindex/Firebase.build/Debug/FirebaseAnalyticsTarget-t.build/Objects-normal/arm64/dummy.d --serialize-diagnostics /Users/buddhirajgautam/Library/Developer/Xcode/DerivedData/Telegram-Mac-fygdgghdgmuleoelvxabfmqiotta/Build/Intermediates.noindex/Firebase.build/Debug/FirebaseAnalyticsTarget-t.build/Objects-normal/arm64/dummy.dia -c /Users/buddhirajgautam/Library/Developer/Xcode/DerivedData/Telegram-Mac-fygdgghdgmuleoelvxabfmqiotta/SourcePackages/checkouts/firebase-ios-sdk/SwiftPM-PlatformExclude/FirebaseAnalyticsWrap/dummy.m -o /Users/buddhirajgautam/Library/Developer/Xcode/DerivedData/Telegram-Mac-fygdgghdgmuleoelvxabfmqiotta/Build/Intermediates.noindex/Firebase.build/Debug/FirebaseAnalyticsTarget-t.build/Objects-normal/arm64/dummy.o -index-unit-output-path /Firebase.build/Debug/FirebaseAnalyticsTarget-t.build/Objects-normal/arm64/dummy.o

ScanDependencies /Users/buddhirajgautam/Library/Developer/Xcode/DerivedData/Telegram-Mac-fygdgghdgmuleoelvxabfmqiotta/Build/Intermediates.noindex/FFMpegBinding.build/Debug/FFMpegBinding-t.build/Objects-normal/arm64/FFMpegPacket.o /Users/buddhirajgautam/Documents/Cherrygram-Mac/macOS-Swift/submodules/telegram-ios/submodules/FFMpegBinding/Sources/FFMpegPacket.m normal arm64 objective-c com.apple.compilers.llvm.clang.1_0.compiler (in target 'FFMpegBinding' from project 'FFMpegBinding')
    cd /Users/buddhirajgautam/Documents/Cherrygram-Mac/macOS-Swift
    
    Using response file: /Users/buddhirajgautam/Library/Developer/Xcode/DerivedData/Telegram-Mac-fygdgghdgmuleoelvxabfmqiotta/Build/Intermediates.noindex/FFMpegBinding.build/Debug/FFMpegBinding-t.build/Objects-normal/arm64/e6072d4f65d7061329687fe24e3d63a7-common-args.resp
    
    builtin-ScanDependencies -o /Users/buddhirajgautam/Library/Developer/Xcode/DerivedData/Telegram-Mac-fygdgghdgmuleoelvxabfmqiotta/Build/Intermediates.noindex/FFMpegBinding.build/Debug/FFMpegBinding-t.build/Objects-normal/arm64/FFMpegPacket.o.scan -- /Applications/Xcode.app/Contents/Developer/Toolchains/XcodeDefault.xctoolchain/usr/bin/clang -x objective-c -ivfsstatcache /Users/buddhirajgautam/Library/Developer/Xcode/DerivedData/SDKStatCaches.noindex/macosx27.0-26A425-e829b21a6f8c9b70876ba0858053c0447231f6df4def33e022ae2eb8f782df1a.sdkstatcache -target arm64-apple-macos12.0 -fmessage-length\=0 -fdiagnostics-show-note-include-stack -fmacro-backtrace-limit\=0 -fno-color-diagnostics -fmodules-prune-interval\=86400 -fmodules-prune-after\=345600 -fbuild-session-file\=/Users/buddhirajgautam/Library/Developer/Xcode/DerivedData/ModuleCache.noindex/Session.modulevalidation -fmodules-validate-once-per-build-session -Wnon-modular-include-in-framework-module -Werror\=non-modular-include-in-framework-module -Wno-trigraphs -Wno-missing-field-initializers -Wno-missing-prototypes -Wno-return-type -Wno-implicit-atomic-properties -Wno-objc-interface-ivars -Wno-arc-repeated-use-of-weak -Wno-missing-braces -Wparentheses -Wswitch -Wno-unused-function -Wno-unused-label -Wno-unused-parameter -Wno-unused-variable -Wunused-value -Wno-empty-body -Wno-uninitialized -Wno-unknown-pragmas -Wno-shadow -Wno-four-char-constants -Wno-conversion -Wno-constant-conversion -Wno-int-conversion -Wno-bool-conversion -Wno-enum-conversion -Wno-float-conversion -Wno-non-literal-null-conversion -Wno-objc-literal-conversion -Wshorten-64-to-32 -Wpointer-sign -Wno-newline-eof -Wno-selector -Wno-strict-selector-match -Wno-undeclared-selector -Wno-deprecated-implementations -Wno-implicit-fallthrough -isysroot /Applications/Xcode.app/Contents/Developer/Platforms/MacOSX.platform/Developer/SDKs/MacOSX27.0.sdk -fstrict-aliasing -Wprotocol -Wdeprecated-declarations -Wno-sign-conversion -Wno-infinite-recursion -Wno-comma -Wno-block-capture-autoreleasing -Wno-strict-prototypes -Wno-semicolon-before-method-body -index-store-path /Users/buddhirajgautam/Library/Developer/Xcode/DerivedData/Telegram-Mac-fygdgghdgmuleoelvxabfmqiotta/Index.noindex/DataStore @/Users/buddhirajgautam/Library/Developer/Xcode/DerivedData/Telegram-Mac-fygdgghdgmuleoelvxabfmqiotta/Build/Intermediates.noindex/FFMpegBinding.build/Debug/FFMpegBinding-t.build/Objects-normal/arm64/e6072d4f65d7061329687fe24e3d63a7-common-args.resp -MMD -MT dependencies -MF /Users/buddhirajgautam/Library/Developer/Xcode/DerivedData/Telegram-Mac-fygdgghdgmuleoelvxabfmqiotta/Build/Intermediates.noindex/FFMpegBinding.build/Debug/FFMpegBinding-t.build/Objects-normal/arm64/FFMpegPacket.d --serialize-diagnostics /Users/buddhirajgautam/Library/Developer/Xcode/DerivedData/Telegram-Mac-fygdgghdgmuleoelvxabfmqiotta/Build/Intermediates.noindex/FFMpegBinding.build/Debug/FFMpegBinding-t.build/Objects-normal/arm64/FFMpegPacket.dia -c /Users/buddhirajgautam/Documents/Cherrygram-Mac/macOS-Swift/submodules/telegram-ios/submodules/FFMpegBinding/Sources/FFMpegPacket.m -o /Users/buddhirajgautam/Library/Developer/Xcode/DerivedData/Telegram-Mac-fygdgghdgmuleoelvxabfmqiotta/Build/Intermediates.noindex/FFMpegBinding.build/Debug/FFMpegBinding-t.build/Objects-normal/arm64/FFMpegPacket.o -index-unit-output-path /FFMpegBinding.build/Debug/FFMpegBinding-t.build/Objects-normal/arm64/FFMpegPacket.o

CompileC /Users/buddhirajgautam/Library/Developer/Xcode/DerivedData/Telegram-Mac-fygdgghdgmuleoelvxabfmqiotta/Build/Intermediates.noindex/FFMpegBinding.build/Debug/FFMpegBinding-t.build/Objects-normal/arm64/FFMpegRemuxer.o /Users/buddhirajgautam/Documents/Cherrygram-Mac/macOS-Swift/submodules/telegram-ios/submodules/FFMpegBinding/Sources/FFMpegRemuxer.m normal arm64 objective-c com.apple.compilers.llvm.clang.1_0.compiler (in target 'FFMpegBinding' from project 'FFMpegBinding')
    cd /Users/buddhirajgautam/Documents/Cherrygram-Mac/macOS-Swift
    
    Using response file: /Users/buddhirajgautam/Library/Developer/Xcode/DerivedData/Telegram-Mac-fygdgghdgmuleoelvxabfmqiotta/Build/Intermediates.noindex/FFMpegBinding.build/Debug/FFMpegBinding-t.build/Objects-normal/arm64/e6072d4f65d7061329687fe24e3d63a7-common-args.resp
    
    /Applications/Xcode.app/Contents/Developer/Toolchains/XcodeDefault.xctoolchain/usr/bin/clang -x objective-c -ivfsstatcache /Users/buddhirajgautam/Library/Developer/Xcode/DerivedData/SDKStatCaches.noindex/macosx27.0-26A425-e829b21a6f8c9b70876ba0858053c0447231f6df4def33e022ae2eb8f782df1a.sdkstatcache -target arm64-apple-macos12.0 -fmessage-length\=0 -fdiagnostics-show-note-include-stack -fmacro-backtrace-limit\=0 -fno-color-diagnostics -fmodules-prune-interval\=86400 -fmodules-prune-after\=345600 -fbuild-session-file\=/Users/buddhirajgautam/Library/Developer/Xcode/DerivedData/ModuleCache.noindex/Session.modulevalidation -fmodules-validate-once-per-build-session -Wnon-modular-include-in-framework-module -Werror\=non-modular-include-in-framework-module -Wno-trigraphs -Wno-missing-field-initializers -Wno-missing-prototypes -Wno-return-type -Wno-implicit-atomic-properties -Wno-objc-interface-ivars -Wno-arc-repeated-use-of-weak -Wno-missing-braces -Wparentheses -Wswitch -Wno-unused-function -Wno-unused-label -Wno-unused-parameter -Wno-unused-variable -Wunused-value -Wno-empty-body -Wno-uninitialized -Wno-unknown-pragmas -Wno-shadow -Wno-four-char-constants -Wno-conversion -Wno-constant-conversion -Wno-int-conversion -Wno-bool-conversion -Wno-enum-conversion -Wno-float-conversion -Wno-non-literal-null-conversion -Wno-objc-literal-conversion -Wshorten-64-to-32 -Wpointer-sign -Wno-newline-eof -Wno-selector -Wno-strict-selector-match -Wno-undeclared-selector -Wno-deprecated-implementations -Wno-implicit-fallthrough -isysroot /Applications/Xcode.app/Contents/Developer/Platforms/MacOSX.platform/Developer/SDKs/MacOSX27.0.sdk -fstrict-aliasing -Wprotocol -Wdeprecated-declarations -Wno-sign-conversion -Wno-infinite-recursion -Wno-comma -Wno-block-capture-autoreleasing -Wno-strict-prototypes -Wno-semicolon-before-method-body -index-store-path /Users/buddhirajgautam/Library/Developer/Xcode/DerivedData/Telegram-Mac-fygdgghdgmuleoelvxabfmqiotta/Index.noindex/DataStore @/Users/buddhirajgautam/Library/Developer/Xcode/DerivedData/Telegram-Mac-fygdgghdgmuleoelvxabfmqiotta/Build/Intermediates.noindex/FFMpegBinding.build/Debug/FFMpegBinding-t.build/Objects-normal/arm64/e6072d4f65d7061329687fe24e3d63a7-common-args.resp -MMD -MT dependencies -MF /Users/buddhirajgautam/Library/Developer/Xcode/DerivedData/Telegram-Mac-fygdgghdgmuleoelvxabfmqiotta/Build/Intermediates.noindex/FFMpegBinding.build/Debug/FFMpegBinding-t.build/Objects-normal/arm64/FFMpegRemuxer.d --serialize-diagnostics /Users/buddhirajgautam/Library/Developer/Xcode/DerivedData/Telegram-Mac-fygdgghdgmuleoelvxabfmqiotta/Build/Intermediates.noindex/FFMpegBinding.build/Debug/FFMpegBinding-t.build/Objects-normal/arm64/FFMpegRemuxer.dia -c /Users/buddhirajgautam/Documents/Cherrygram-Mac/macOS-Swift/submodules/telegram-ios/submodules/FFMpegBinding/Sources/FFMpegRemuxer.m -o /Users/buddhirajgautam/Library/Developer/Xcode/DerivedData/Telegram-Mac-fygdgghdgmuleoelvxabfmqiotta/Build/Intermediates.noindex/FFMpegBinding.build/Debug/FFMpegBinding-t.build/Objects-normal/arm64/FFMpegRemuxer.o -index-unit-output-path /FFMpegBinding.build/Debug/FFMpegBinding-t.build/Objects-normal/arm64/FFMpegRemuxer.o

CompileC /Users/buddhirajgautam/Library/Developer/Xcode/DerivedData/Telegram-Mac-fygdgghdgmuleoelvxabfmqiotta/Build/Intermediates.noindex/FFMpegBinding.build/Debug/FFMpegBinding-t.build/Objects-normal/arm64/FFMpegSWResample.o /Users/buddhirajgautam/Documents/Cherrygram-Mac/macOS-Swift/submodules/telegram-ios/submodules/FFMpegBinding/Sources/FFMpegSWResample.m normal arm64 objective-c com.apple.compilers.llvm.clang.1_0.compiler (in target 'FFMpegBinding' from project 'FFMpegBinding')
    cd /Users/buddhirajgautam/Documents/Cherrygram-Mac/macOS-Swift
    
    Using response file: /Users/buddhirajgautam/Library/Developer/Xcode/DerivedData/Telegram-Mac-fygdgghdgmuleoelvxabfmqiotta/Build/Intermediates.noindex/FFMpegBinding.build/Debug/FFMpegBinding-t.build/Objects-normal/arm64/e6072d4f65d7061329687fe24e3d63a7-common-args.resp
    
    /Applications/Xcode.app/Contents/Developer/Toolchains/XcodeDefault.xctoolchain/usr/bin/clang -x objective-c -ivfsstatcache /Users/buddhirajgautam/Library/Developer/Xcode/DerivedData/SDKStatCaches.noindex/macosx27.0-26A425-e829b21a6f8c9b70876ba0858053c0447231f6df4def33e022ae2eb8f782df1a.sdkstatcache -target arm64-apple-macos12.0 -fmessage-length\=0 -fdiagnostics-show-note-include-stack -fmacro-backtrace-limit\=0 -fno-color-diagnostics -fmodules-prune-interval\=86400 -fmodules-prune-after\=345600 -fbuild-session-file\=/Users/buddhirajgautam/Library/Developer/Xcode/DerivedData/ModuleCache.noindex/Session.modulevalidation -fmodules-validate-once-per-build-session -Wnon-modular-include-in-framework-module -Werror\=non-modular-include-in-framework-module -Wno-trigraphs -Wno-missing-field-initializers -Wno-missing-prototypes -Wno-return-type -Wno-implicit-atomic-properties -Wno-objc-interface-ivars -Wno-arc-repeated-use-of-weak -Wno-missing-braces -Wparentheses -Wswitch -Wno-unused-function -Wno-unused-label -Wno-unused-parameter -Wno-unused-variable -Wunused-value -Wno-empty-body -Wno-uninitialized -Wno-unknown-pragmas -Wno-shadow -Wno-four-char-constants -Wno-conversion -Wno-constant-conversion -Wno-int-conversion -Wno-bool-conversion -Wno-enum-conversion -Wno-float-conversion -Wno-non-literal-null-conversion -Wno-objc-literal-conversion -Wshorten-64-to-32 -Wpointer-sign -Wno-newline-eof -Wno-selector -Wno-strict-selector-match -Wno-undeclared-selector -Wno-deprecated-implementations -Wno-implicit-fallthrough -isysroot /Applications/Xcode.app/Contents/Developer/Platforms/MacOSX.platform/Developer/SDKs/MacOSX27.0.sdk -fstrict-aliasing -Wprotocol -Wdeprecated-declarations -Wno-sign-conversion -Wno-infinite-recursion -Wno-comma -Wno-block-capture-autoreleasing -Wno-strict-prototypes -Wno-semicolon-before-method-body -index-store-path /Users/buddhirajgautam/Library/Developer/Xcode/DerivedData/Telegram-Mac-fygdgghdgmuleoelvxabfmqiotta/Index.noindex/DataStore @/Users/buddhirajgautam/Library/Developer/Xcode/DerivedData/Telegram-Mac-fygdgghdgmuleoelvxabfmqiotta/Build/Intermediates.noindex/FFMpegBinding.build/Debug/FFMpegBinding-t.build/Objects-normal/arm64/e6072d4f65d7061329687fe24e3d63a7-common-args.resp -MMD -MT dependencies -MF /Users/buddhirajgautam/Library/Developer/Xcode/DerivedData/Telegram-Mac-fygdgghdgmuleoelvxabfmqiotta/Build/Intermediates.noindex/FFMpegBinding.build/Debug/FFMpegBinding-t.build/Objects-normal/arm64/FFMpegSWResample.d --serialize-diagnostics /Users/buddhirajgautam/Library/Developer/Xcode/DerivedData/Telegram-Mac-fygdgghdgmuleoelvxabfmqiotta/Build/Intermediates.noindex/FFMpegBinding.build/Debug/FFMpegBinding-t.build/Objects-normal/arm64/FFMpegSWResample.dia -c /Users/buddhirajgautam/Documents/Cherrygram-Mac/macOS-Swift/submodules/telegram-ios/submodules/FFMpegBinding/Sources/FFMpegSWResample.m -o /Users/buddhirajgautam/Library/Developer/Xcode/DerivedData/Telegram-Mac-fygdgghdgmuleoelvxabfmqiotta/Build/Intermediates.noindex/FFMpegBinding.build/Debug/FFMpegBinding-t.build/Objects-normal/arm64/FFMpegSWResample.o -index-unit-output-path /FFMpegBinding.build/Debug/FFMpegBinding-t.build/Objects-normal/arm64/FFMpegSWResample.o

ScanDependencies /Users/buddhirajgautam/Library/Developer/Xcode/DerivedData/Telegram-Mac-fygdgghdgmuleoelvxabfmqiotta/Build/Intermediates.noindex/FFMpegBinding.build/Debug/FFMpegBinding-t.build/Objects-normal/arm64/FFMpegOpusTrimmer.o /Users/buddhirajgautam/Documents/Cherrygram-Mac/macOS-Swift/submodules/telegram-ios/submodules/FFMpegBinding/Sources/FFMpegOpusTrimmer.m normal arm64 objective-c com.apple.compilers.llvm.clang.1_0.compiler (in target 'FFMpegBinding' from project 'FFMpegBinding')
    cd /Users/buddhirajgautam/Documents/Cherrygram-Mac/macOS-Swift
    
    Using response file: /Users/buddhirajgautam/Library/Developer/Xcode/DerivedData/Telegram-Mac-fygdgghdgmuleoelvxabfmqiotta/Build/Intermediates.noindex/FFMpegBinding.build/Debug/FFMpegBinding-t.build/Objects-normal/arm64/e6072d4f65d7061329687fe24e3d63a7-common-args.resp
    
    builtin-ScanDependencies -o /Users/buddhirajgautam/Library/Developer/Xcode/DerivedData/Telegram-Mac-fygdgghdgmuleoelvxabfmqiotta/Build/Intermediates.noindex/FFMpegBinding.build/Debug/FFMpegBinding-t.build/Objects-normal/arm64/FFMpegOpusTrimmer.o.scan -- /Applications/Xcode.app/Contents/Developer/Toolchains/XcodeDefault.xctoolchain/usr/bin/clang -x objective-c -ivfsstatcache /Users/buddhirajgautam/Library/Developer/Xcode/DerivedData/SDKStatCaches.noindex/macosx27.0-26A425-e829b21a6f8c9b70876ba0858053c0447231f6df4def33e022ae2eb8f782df1a.sdkstatcache -target arm64-apple-macos12.0 -fmessage-length\=0 -fdiagnostics-show-note-include-stack -fmacro-backtrace-limit\=0 -fno-color-diagnostics -fmodules-prune-interval\=86400 -fmodules-prune-after\=345600 -fbuild-session-file\=/Users/buddhirajgautam/Library/Developer/Xcode/DerivedData/ModuleCache.noindex/Session.modulevalidation -fmodules-validate-once-per-build-session -Wnon-modular-include-in-framework-module -Werror\=non-modular-include-in-framework-module -Wno-trigraphs -Wno-missing-field-initializers -Wno-missing-prototypes -Wno-return-type -Wno-implicit-atomic-properties -Wno-objc-interface-ivars -Wno-arc-repeated-use-of-weak -Wno-missing-braces -Wparentheses -Wswitch -Wno-unused-function -Wno-unused-label -Wno-unused-parameter -Wno-unused-variable -Wunused-value -Wno-empty-body -Wno-uninitialized -Wno-unknown-pragmas -Wno-shadow -Wno-four-char-constants -Wno-conversion -Wno-constant-conversion -Wno-int-conversion -Wno-bool-conversion -Wno-enum-conversion -Wno-float-conversion -Wno-non-literal-null-conversion -Wno-objc-literal-conversion -Wshorten-64-to-32 -Wpointer-sign -Wno-newline-eof -Wno-selector -Wno-strict-selector-match -Wno-undeclared-selector -Wno-deprecated-implementations -Wno-implicit-fallthrough -isysroot /Applications/Xcode.app/Contents/Developer/Platforms/MacOSX.platform/Developer/SDKs/MacOSX27.0.sdk -fstrict-aliasing -Wprotocol -Wdeprecated-declarations -Wno-sign-conversion -Wno-infinite-recursion -Wno-comma -Wno-block-capture-autoreleasing -Wno-strict-prototypes -Wno-semicolon-before-method-body -index-store-path /Users/buddhirajgautam/Library/Developer/Xcode/DerivedData/Telegram-Mac-fygdgghdgmuleoelvxabfmqiotta/Index.noindex/DataStore @/Users/buddhirajgautam/Library/Developer/Xcode/DerivedData/Telegram-Mac-fygdgghdgmuleoelvxabfmqiotta/Build/Intermediates.noindex/FFMpegBinding.build/Debug/FFMpegBinding-t.build/Objects-normal/arm64/e6072d4f65d7061329687fe24e3d63a7-common-args.resp -MMD -MT dependencies -MF /Users/buddhirajgautam/Library/Developer/Xcode/DerivedData/Telegram-Mac-fygdgghdgmuleoelvxabfmqiotta/Build/Intermediates.noindex/FFMpegBinding.build/Debug/FFMpegBinding-t.build/Objects-normal/arm64/FFMpegOpusTrimmer.d --serialize-diagnostics /Users/buddhirajgautam/Library/Developer/Xcode/DerivedData/Telegram-Mac-fygdgghdgmuleoelvxabfmqiotta/Build/Intermediates.noindex/FFMpegBinding.build/Debug/FFMpegBinding-t.build/Objects-normal/arm64/FFMpegOpusTrimmer.dia -c /Users/buddhirajgautam/Documents/Cherrygram-Mac/macOS-Swift/submodules/telegram-ios/submodules/FFMpegBinding/Sources/FFMpegOpusTrimmer.m -o /Users/buddhirajgautam/Library/Developer/Xcode/DerivedData/Telegram-Mac-fygdgghdgmuleoelvxabfmqiotta/Build/Intermediates.noindex/FFMpegBinding.build/Debug/FFMpegBinding-t.build/Objects-normal/arm64/FFMpegOpusTrimmer.o -index-unit-output-path /FFMpegBinding.build/Debug/FFMpegBinding-t.build/Objects-normal/arm64/FFMpegOpusTrimmer.o

CompileC /Users/buddhirajgautam/Library/Developer/Xcode/DerivedData/Telegram-Mac-fygdgghdgmuleoelvxabfmqiotta/Build/Intermediates.noindex/FFMpegBinding.build/Debug/FFMpegBinding-t.build/Objects-normal/arm64/FFMpegPacket.o /Users/buddhirajgautam/Documents/Cherrygram-Mac/macOS-Swift/submodules/telegram-ios/submodules/FFMpegBinding/Sources/FFMpegPacket.m normal arm64 objective-c com.apple.compilers.llvm.clang.1_0.compiler (in target 'FFMpegBinding' from project 'FFMpegBinding')
    cd /Users/buddhirajgautam/Documents/Cherrygram-Mac/macOS-Swift
    
    Using response file: /Users/buddhirajgautam/Library/Developer/Xcode/DerivedData/Telegram-Mac-fygdgghdgmuleoelvxabfmqiotta/Build/Intermediates.noindex/FFMpegBinding.build/Debug/FFMpegBinding-t.build/Objects-normal/arm64/e6072d4f65d7061329687fe24e3d63a7-common-args.resp
    
    /Applications/Xcode.app/Contents/Developer/Toolchains/XcodeDefault.xctoolchain/usr/bin/clang -x objective-c -ivfsstatcache /Users/buddhirajgautam/Library/Developer/Xcode/DerivedData/SDKStatCaches.noindex/macosx27.0-26A425-e829b21a6f8c9b70876ba0858053c0447231f6df4def33e022ae2eb8f782df1a.sdkstatcache -target arm64-apple-macos12.0 -fmessage-length\=0 -fdiagnostics-show-note-include-stack -fmacro-backtrace-limit\=0 -fno-color-diagnostics -fmodules-prune-interval\=86400 -fmodules-prune-after\=345600 -fbuild-session-file\=/Users/buddhirajgautam/Library/Developer/Xcode/DerivedData/ModuleCache.noindex/Session.modulevalidation -fmodules-validate-once-per-build-session -Wnon-modular-include-in-framework-module -Werror\=non-modular-include-in-framework-module -Wno-trigraphs -Wno-missing-field-initializers -Wno-missing-prototypes -Wno-return-type -Wno-implicit-atomic-properties -Wno-objc-interface-ivars -Wno-arc-repeated-use-of-weak -Wno-missing-braces -Wparentheses -Wswitch -Wno-unused-function -Wno-unused-label -Wno-unused-parameter -Wno-unused-variable -Wunused-value -Wno-empty-body -Wno-uninitialized -Wno-unknown-pragmas -Wno-shadow -Wno-four-char-constants -Wno-conversion -Wno-constant-conversion -Wno-int-conversion -Wno-bool-conversion -Wno-enum-conversion -Wno-float-conversion -Wno-non-literal-null-conversion -Wno-objc-literal-conversion -Wshorten-64-to-32 -Wpointer-sign -Wno-newline-eof -Wno-selector -Wno-strict-selector-match -Wno-undeclared-selector -Wno-deprecated-implementations -Wno-implicit-fallthrough -isysroot /Applications/Xcode.app/Contents/Developer/Platforms/MacOSX.platform/Developer/SDKs/MacOSX27.0.sdk -fstrict-aliasing -Wprotocol -Wdeprecated-declarations -Wno-sign-conversion -Wno-infinite-recursion -Wno-comma -Wno-block-capture-autoreleasing -Wno-strict-prototypes -Wno-semicolon-before-method-body -index-store-path /Users/buddhirajgautam/Library/Developer/Xcode/DerivedData/Telegram-Mac-fygdgghdgmuleoelvxabfmqiotta/Index.noindex/DataStore @/Users/buddhirajgautam/Library/Developer/Xcode/DerivedData/Telegram-Mac-fygdgghdgmuleoelvxabfmqiotta/Build/Intermediates.noindex/FFMpegBinding.build/Debug/FFMpegBinding-t.build/Objects-normal/arm64/e6072d4f65d7061329687fe24e3d63a7-common-args.resp -MMD -MT dependencies -MF /Users/buddhirajgautam/Library/Developer/Xcode/DerivedData/Telegram-Mac-fygdgghdgmuleoelvxabfmqiotta/Build/Intermediates.noindex/FFMpegBinding.build/Debug/FFMpegBinding-t.build/Objects-normal/arm64/FFMpegPacket.d --serialize-diagnostics /Users/buddhirajgautam/Library/Developer/Xcode/DerivedData/Telegram-Mac-fygdgghdgmuleoelvxabfmqiotta/Build/Intermediates.noindex/FFMpegBinding.build/Debug/FFMpegBinding-t.build/Objects-normal/arm64/FFMpegPacket.dia -c /Users/buddhirajgautam/Documents/Cherrygram-Mac/macOS-Swift/submodules/telegram-ios/submodules/FFMpegBinding/Sources/FFMpegPacket.m -o /Users/buddhirajgautam/Library/Developer/Xcode/DerivedData/Telegram-Mac-fygdgghdgmuleoelvxabfmqiotta/Build/Intermediates.noindex/FFMpegBinding.build/Debug/FFMpegBinding-t.build/Objects-normal/arm64/FFMpegPacket.o -index-unit-output-path /FFMpegBinding.build/Debug/FFMpegBinding-t.build/Objects-normal/arm64/FFMpegPacket.o

CompileC /Users/buddhirajgautam/Library/Developer/Xcode/DerivedData/Telegram-Mac-fygdgghdgmuleoelvxabfmqiotta/Build/Intermediates.noindex/Firebase.build/Debug/FirebaseAnalyticsTarget-t.build/Objects-normal/arm64/dummy.o /Users/buddhirajgautam/Library/Developer/Xcode/DerivedData/Telegram-Mac-fygdgghdgmuleoelvxabfmqiotta/SourcePackages/checkouts/firebase-ios-sdk/SwiftPM-PlatformExclude/FirebaseAnalyticsWrap/dummy.m normal arm64 objective-c com.apple.compilers.llvm.clang.1_0.compiler (in target 'FirebaseAnalyticsTarget' from project 'Firebase')
    cd /Users/buddhirajgautam/Documents/Cherrygram-Mac/macOS-Swift
    
    Using response file: /Users/buddhirajgautam/Library/Developer/Xcode/DerivedData/Telegram-Mac-fygdgghdgmuleoelvxabfmqiotta/Build/Intermediates.noindex/Firebase.build/Debug/FirebaseAnalyticsTarget-t.build/Objects-normal/arm64/e6072d4f65d7061329687fe24e3d63a7-common-args.resp
    
    /Applications/Xcode.app/Contents/Developer/Toolchains/XcodeDefault.xctoolchain/usr/bin/clang -x objective-c -ivfsstatcache /Users/buddhirajgautam/Library/Developer/Xcode/DerivedData/SDKStatCaches.noindex/macosx27.0-26A425-e829b21a6f8c9b70876ba0858053c0447231f6df4def33e022ae2eb8f782df1a.sdkstatcache -target arm64-apple-macos12.0 -fmessage-length\=0 -fdiagnostics-show-note-include-stack -fmacro-backtrace-limit\=0 -fno-color-diagnostics -fmodules-prune-interval\=86400 -fmodules-prune-after\=345600 -fbuild-session-file\=/Users/buddhirajgautam/Library/Developer/Xcode/DerivedData/ModuleCache.noindex/Session.modulevalidation -fmodules-validate-once-per-build-session -Wnon-modular-include-in-framework-module -Werror\=non-modular-include-in-framework-module -Wno-trigraphs -Wno-missing-field-initializers -Wno-missing-prototypes -Wno-return-type -Wno-implicit-atomic-properties -Wno-objc-interface-ivars -Wno-arc-repeated-use-of-weak -Wno-missing-braces -Wparentheses -Wswitch -Wno-unused-function -Wno-unused-label -Wno-unused-parameter -Wno-unused-variable -Wunused-value -Wno-empty-body -Wno-uninitialized -Wno-unknown-pragmas -w -Wno-shadow -Wno-four-char-constants -Wno-conversion -Wno-constant-conversion -Wno-int-conversion -Wno-bool-conversion -Wno-enum-conversion -Wno-float-conversion -Wno-non-literal-null-conversion -Wno-objc-literal-conversion -Wshorten-64-to-32 -Wpointer-sign -Wno-newline-eof -Wno-selector -Wno-strict-selector-match -Wno-undeclared-selector -Wno-deprecated-implementations -Wno-implicit-fallthrough -isysroot /Applications/Xcode.app/Contents/Developer/Platforms/MacOSX.platform/Developer/SDKs/MacOSX27.0.sdk -fstrict-aliasing -Wprotocol -Wdeprecated-declarations -Wno-sign-conversion -Wno-infinite-recursion -Wno-comma -Wno-block-capture-autoreleasing -Wno-strict-prototypes -Wno-semicolon-before-method-body -index-store-path /Users/buddhirajgautam/Library/Developer/Xcode/DerivedData/Telegram-Mac-fygdgghdgmuleoelvxabfmqiotta/Index.noindex/DataStore @/Users/buddhirajgautam/Library/Developer/Xcode/DerivedData/Telegram-Mac-fygdgghdgmuleoelvxabfmqiotta/Build/Intermediates.noindex/Firebase.build/Debug/FirebaseAnalyticsTarget-t.build/Objects-normal/arm64/e6072d4f65d7061329687fe24e3d63a7-common-args.resp -MMD -MT dependencies -MF /Users/buddhirajgautam/Library/Developer/Xcode/DerivedData/Telegram-Mac-fygdgghdgmuleoelvxabfmqiotta/Build/Intermediates.noindex/Firebase.build/Debug/FirebaseAnalyticsTarget-t.build/Objects-normal/arm64/dummy.d --serialize-diagnostics /Users/buddhirajgautam/Library/Developer/Xcode/DerivedData/Telegram-Mac-fygdgghdgmuleoelvxabfmqiotta/Build/Intermediates.noindex/Firebase.build/Debug/FirebaseAnalyticsTarget-t.build/Objects-normal/arm64/dummy.dia -c /Users/buddhirajgautam/Library/Developer/Xcode/DerivedData/Telegram-Mac-fygdgghdgmuleoelvxabfmqiotta/SourcePackages/checkouts/firebase-ios-sdk/SwiftPM-PlatformExclude/FirebaseAnalyticsWrap/dummy.m -o /Users/buddhirajgautam/Library/Developer/Xcode/DerivedData/Telegram-Mac-fygdgghdgmuleoelvxabfmqiotta/Build/Intermediates.noindex/Firebase.build/Debug/FirebaseAnalyticsTarget-t.build/Objects-normal/arm64/dummy.o -index-unit-output-path /Firebase.build/Debug/FirebaseAnalyticsTarget-t.build/Objects-normal/arm64/dummy.o

PrecompileModule /Users/buddhirajgautam/Library/Developer/Xcode/DerivedData/Telegram-Mac-fygdgghdgmuleoelvxabfmqiotta/Build/Intermediates.noindex/ExplicitPrecompiledModules/AppKit-VX5AKVKLGK3HRBY8RI77KSZ5.scan
    cd /
    builtin-precompileModule /Users/buddhirajgautam/Library/Developer/Xcode/DerivedData/Telegram-Mac-fygdgghdgmuleoelvxabfmqiotta/Build/Intermediates.noindex/ExplicitPrecompiledModules/AppKit-VX5AKVKLGK3HRBY8RI77KSZ5.scan

CompileC /Users/buddhirajgautam/Library/Developer/Xcode/DerivedData/Telegram-Mac-fygdgghdgmuleoelvxabfmqiotta/Build/Intermediates.noindex/FFMpegBinding.build/Debug/FFMpegBinding-t.build/Objects-normal/arm64/FFMpegOpusTrimmer.o /Users/buddhirajgautam/Documents/Cherrygram-Mac/macOS-Swift/submodules/telegram-ios/submodules/FFMpegBinding/Sources/FFMpegOpusTrimmer.m normal arm64 objective-c com.apple.compilers.llvm.clang.1_0.compiler (in target 'FFMpegBinding' from project 'FFMpegBinding')
    cd /Users/buddhirajgautam/Documents/Cherrygram-Mac/macOS-Swift
    
    Using response file: /Users/buddhirajgautam/Library/Developer/Xcode/DerivedData/Telegram-Mac-fygdgghdgmuleoelvxabfmqiotta/Build/Intermediates.noindex/FFMpegBinding.build/Debug/FFMpegBinding-t.build/Objects-normal/arm64/e6072d4f65d7061329687fe24e3d63a7-common-args.resp
    
    /Applications/Xcode.app/Contents/Developer/Toolchains/XcodeDefault.xctoolchain/usr/bin/clang -x objective-c -ivfsstatcache /Users/buddhirajgautam/Library/Developer/Xcode/DerivedData/SDKStatCaches.noindex/macosx27.0-26A425-e829b21a6f8c9b70876ba0858053c0447231f6df4def33e022ae2eb8f782df1a.sdkstatcache -target arm64-apple-macos12.0 -fmessage-length\=0 -fdiagnostics-show-note-include-stack -fmacro-backtrace-limit\=0 -fno-color-diagnostics -fmodules-prune-interval\=86400 -fmodules-prune-after\=345600 -fbuild-session-file\=/Users/buddhirajgautam/Library/Developer/Xcode/DerivedData/ModuleCache.noindex/Session.modulevalidation -fmodules-validate-once-per-build-session -Wnon-modular-include-in-framework-module -Werror\=non-modular-include-in-framework-module -Wno-trigraphs -Wno-missing-field-initializers -Wno-missing-prototypes -Wno-return-type -Wno-implicit-atomic-properties -Wno-objc-interface-ivars -Wno-arc-repeated-use-of-weak -Wno-missing-braces -Wparentheses -Wswitch -Wno-unused-function -Wno-unused-label -Wno-unused-parameter -Wno-unused-variable -Wunused-value -Wno-empty-body -Wno-uninitialized -Wno-unknown-pragmas -Wno-shadow -Wno-four-char-constants -Wno-conversion -Wno-constant-conversion -Wno-int-conversion -Wno-bool-conversion -Wno-enum-conversion -Wno-float-conversion -Wno-non-literal-null-conversion -Wno-objc-literal-conversion -Wshorten-64-to-32 -Wpointer-sign -Wno-newline-eof -Wno-selector -Wno-strict-selector-match -Wno-undeclared-selector -Wno-deprecated-implementations -Wno-implicit-fallthrough -isysroot /Applications/Xcode.app/Contents/Developer/Platforms/MacOSX.platform/Developer/SDKs/MacOSX27.0.sdk -fstrict-aliasing -Wprotocol -Wdeprecated-declarations -Wno-sign-conversion -Wno-infinite-recursion -Wno-comma -Wno-block-capture-autoreleasing -Wno-strict-prototypes -Wno-semicolon-before-method-body -index-store-path /Users/buddhirajgautam/Library/Developer/Xcode/DerivedData/Telegram-Mac-fygdgghdgmuleoelvxabfmqiotta/Index.noindex/DataStore @/Users/buddhirajgautam/Library/Developer/Xcode/DerivedData/Telegram-Mac-fygdgghdgmuleoelvxabfmqiotta/Build/Intermediates.noindex/FFMpegBinding.build/Debug/FFMpegBinding-t.build/Objects-normal/arm64/e6072d4f65d7061329687fe24e3d63a7-common-args.resp -MMD -MT dependencies -MF /Users/buddhirajgautam/Library/Developer/Xcode/DerivedData/Telegram-Mac-fygdgghdgmuleoelvxabfmqiotta/Build/Intermediates.noindex/FFMpegBinding.build/Debug/FFMpegBinding-t.build/Objects-normal/arm64/FFMpegOpusTrimmer.d --serialize-diagnostics /Users/buddhirajgautam/Library/Developer/Xcode/DerivedData/Telegram-Mac-fygdgghdgmuleoelvxabfmqiotta/Build/Intermediates.noindex/FFMpegBinding.build/Debug/FFMpegBinding-t.build/Objects-normal/arm64/FFMpegOpusTrimmer.dia -c /Users/buddhirajgautam/Documents/Cherrygram-Mac/macOS-Swift/submodules/telegram-ios/submodules/FFMpegBinding/Sources/FFMpegOpusTrimmer.m -o /Users/buddhirajgautam/Library/Developer/Xcode/DerivedData/Telegram-Mac-fygdgghdgmuleoelvxabfmqiotta/Build/Intermediates.noindex/FFMpegBinding.build/Debug/FFMpegBinding-t.build/Objects-normal/arm64/FFMpegOpusTrimmer.o -index-unit-output-path /FFMpegBinding.build/Debug/FFMpegBinding-t.build/Objects-normal/arm64/FFMpegOpusTrimmer.o

ScanDependencies /Users/buddhirajgautam/Library/Developer/Xcode/DerivedData/Telegram-Mac-fygdgghdgmuleoelvxabfmqiotta/Build/Intermediates.noindex/FFMpegBinding.build/Debug/FFMpegBinding-t.build/Objects-normal/arm64/FFMpegLiveMuxer.o /Users/buddhirajgautam/Documents/Cherrygram-Mac/macOS-Swift/submodules/telegram-ios/submodules/FFMpegBinding/Sources/FFMpegLiveMuxer.m normal arm64 objective-c com.apple.compilers.llvm.clang.1_0.compiler (in target 'FFMpegBinding' from project 'FFMpegBinding')
    cd /Users/buddhirajgautam/Documents/Cherrygram-Mac/macOS-Swift
    
    Using response file: /Users/buddhirajgautam/Library/Developer/Xcode/DerivedData/Telegram-Mac-fygdgghdgmuleoelvxabfmqiotta/Build/Intermediates.noindex/FFMpegBinding.build/Debug/FFMpegBinding-t.build/Objects-normal/arm64/e6072d4f65d7061329687fe24e3d63a7-common-args.resp
    
    builtin-ScanDependencies -o /Users/buddhirajgautam/Library/Developer/Xcode/DerivedData/Telegram-Mac-fygdgghdgmuleoelvxabfmqiotta/Build/Intermediates.noindex/FFMpegBinding.build/Debug/FFMpegBinding-t.build/Objects-normal/arm64/FFMpegLiveMuxer.o.scan -- /Applications/Xcode.app/Contents/Developer/Toolchains/XcodeDefault.xctoolchain/usr/bin/clang -x objective-c -ivfsstatcache /Users/buddhirajgautam/Library/Developer/Xcode/DerivedData/SDKStatCaches.noindex/macosx27.0-26A425-e829b21a6f8c9b70876ba0858053c0447231f6df4def33e022ae2eb8f782df1a.sdkstatcache -target arm64-apple-macos12.0 -fmessage-length\=0 -fdiagnostics-show-note-include-stack -fmacro-backtrace-limit\=0 -fno-color-diagnostics -fmodules-prune-interval\=86400 -fmodules-prune-after\=345600 -fbuild-session-file\=/Users/buddhirajgautam/Library/Developer/Xcode/DerivedData/ModuleCache.noindex/Session.modulevalidation -fmodules-validate-once-per-build-session -Wnon-modular-include-in-framework-module -Werror\=non-modular-include-in-framework-module -Wno-trigraphs -Wno-missing-field-initializers -Wno-missing-prototypes -Wno-return-type -Wno-implicit-atomic-properties -Wno-objc-interface-ivars -Wno-arc-repeated-use-of-weak -Wno-missing-braces -Wparentheses -Wswitch -Wno-unused-function -Wno-unused-label -Wno-unused-parameter -Wno-unused-variable -Wunused-value -Wno-empty-body -Wno-uninitialized -Wno-unknown-pragmas -Wno-shadow -Wno-four-char-constants -Wno-conversion -Wno-constant-conversion -Wno-int-conversion -Wno-bool-conversion -Wno-enum-conversion -Wno-float-conversion -Wno-non-literal-null-conversion -Wno-objc-literal-conversion -Wshorten-64-to-32 -Wpointer-sign -Wno-newline-eof -Wno-selector -Wno-strict-selector-match -Wno-undeclared-selector -Wno-deprecated-implementations -Wno-implicit-fallthrough -isysroot /Applications/Xcode.app/Contents/Developer/Platforms/MacOSX.platform/Developer/SDKs/MacOSX27.0.sdk -fstrict-aliasing -Wprotocol -Wdeprecated-declarations -Wno-sign-conversion -Wno-infinite-recursion -Wno-comma -Wno-block-capture-autoreleasing -Wno-strict-prototypes -Wno-semicolon-before-method-body -index-store-path /Users/buddhirajgautam/Library/Developer/Xcode/DerivedData/Telegram-Mac-fygdgghdgmuleoelvxabfmqiotta/Index.noindex/DataStore @/Users/buddhirajgautam/Library/Developer/Xcode/DerivedData/Telegram-Mac-fygdgghdgmuleoelvxabfmqiotta/Build/Intermediates.noindex/FFMpegBinding.build/Debug/FFMpegBinding-t.build/Objects-normal/arm64/e6072d4f65d7061329687fe24e3d63a7-common-args.resp -MMD -MT dependencies -MF /Users/buddhirajgautam/Library/Developer/Xcode/DerivedData/Telegram-Mac-fygdgghdgmuleoelvxabfmqiotta/Build/Intermediates.noindex/FFMpegBinding.build/Debug/FFMpegBinding-t.build/Objects-normal/arm64/FFMpegLiveMuxer.d --serialize-diagnostics /Users/buddhirajgautam/Library/Developer/Xcode/DerivedData/Telegram-Mac-fygdgghdgmuleoelvxabfmqiotta/Build/Intermediates.noindex/FFMpegBinding.build/Debug/FFMpegBinding-t.build/Objects-normal/arm64/FFMpegLiveMuxer.dia -c /Users/buddhirajgautam/Documents/Cherrygram-Mac/macOS-Swift/submodules/telegram-ios/submodules/FFMpegBinding/Sources/FFMpegLiveMuxer.m -o /Users/buddhirajgautam/Library/Developer/Xcode/DerivedData/Telegram-Mac-fygdgghdgmuleoelvxabfmqiotta/Build/Intermediates.noindex/FFMpegBinding.build/Debug/FFMpegBinding-t.build/Objects-normal/arm64/FFMpegLiveMuxer.o -index-unit-output-path /FFMpegBinding.build/Debug/FFMpegBinding-t.build/Objects-normal/arm64/FFMpegLiveMuxer.o

ScanDependencies /Users/buddhirajgautam/Library/Developer/Xcode/DerivedData/Telegram-Mac-fygdgghdgmuleoelvxabfmqiotta/Build/Intermediates.noindex/FFMpegBinding.build/Debug/FFMpegBinding-t.build/Objects-normal/arm64/FFMpegGlobals.o /Users/buddhirajgautam/Documents/Cherrygram-Mac/macOS-Swift/submodules/telegram-ios/submodules/FFMpegBinding/Sources/FFMpegGlobals.m normal arm64 objective-c com.apple.compilers.llvm.clang.1_0.compiler (in target 'FFMpegBinding' from project 'FFMpegBinding')
    cd /Users/buddhirajgautam/Documents/Cherrygram-Mac/macOS-Swift
    
    Using response file: /Users/buddhirajgautam/Library/Developer/Xcode/DerivedData/Telegram-Mac-fygdgghdgmuleoelvxabfmqiotta/Build/Intermediates.noindex/FFMpegBinding.build/Debug/FFMpegBinding-t.build/Objects-normal/arm64/e6072d4f65d7061329687fe24e3d63a7-common-args.resp
    
    builtin-ScanDependencies -o /Users/buddhirajgautam/Library/Developer/Xcode/DerivedData/Telegram-Mac-fygdgghdgmuleoelvxabfmqiotta/Build/Intermediates.noindex/FFMpegBinding.build/Debug/FFMpegBinding-t.build/Objects-normal/arm64/FFMpegGlobals.o.scan -- /Applications/Xcode.app/Contents/Developer/Toolchains/XcodeDefault.xctoolchain/usr/bin/clang -x objective-c -ivfsstatcache /Users/buddhirajgautam/Library/Developer/Xcode/DerivedData/SDKStatCaches.noindex/macosx27.0-26A425-e829b21a6f8c9b70876ba0858053c0447231f6df4def33e022ae2eb8f782df1a.sdkstatcache -target arm64-apple-macos12.0 -fmessage-length\=0 -fdiagnostics-show-note-include-stack -fmacro-backtrace-limit\=0 -fno-color-diagnostics -fmodules-prune-interval\=86400 -fmodules-prune-after\=345600 -fbuild-session-file\=/Users/buddhirajgautam/Library/Developer/Xcode/DerivedData/ModuleCache.noindex/Session.modulevalidation -fmodules-validate-once-per-build-session -Wnon-modular-include-in-framework-module -Werror\=non-modular-include-in-framework-module -Wno-trigraphs -Wno-missing-field-initializers -Wno-missing-prototypes -Wno-return-type -Wno-implicit-atomic-properties -Wno-objc-interface-ivars -Wno-arc-repeated-use-of-weak -Wno-missing-braces -Wparentheses -Wswitch -Wno-unused-function -Wno-unused-label -Wno-unused-parameter -Wno-unused-variable -Wunused-value -Wno-empty-body -Wno-uninitialized -Wno-unknown-pragmas -Wno-shadow -Wno-four-char-constants -Wno-conversion -Wno-constant-conversion -Wno-int-conversion -Wno-bool-conversion -Wno-enum-conversion -Wno-float-conversion -Wno-non-literal-null-conversion -Wno-objc-literal-conversion -Wshorten-64-to-32 -Wpointer-sign -Wno-newline-eof -Wno-selector -Wno-strict-selector-match -Wno-undeclared-selector -Wno-deprecated-implementations -Wno-implicit-fallthrough -isysroot /Applications/Xcode.app/Contents/Developer/Platforms/MacOSX.platform/Developer/SDKs/MacOSX27.0.sdk -fstrict-aliasing -Wprotocol -Wdeprecated-declarations -Wno-sign-conversion -Wno-infinite-recursion -Wno-comma -Wno-block-capture-autoreleasing -Wno-strict-prototypes -Wno-semicolon-before-method-body -index-store-path /Users/buddhirajgautam/Library/Developer/Xcode/DerivedData/Telegram-Mac-fygdgghdgmuleoelvxabfmqiotta/Index.noindex/DataStore @/Users/buddhirajgautam/Library/Developer/Xcode/DerivedData/Telegram-Mac-fygdgghdgmuleoelvxabfmqiotta/Build/Intermediates.noindex/FFMpegBinding.build/Debug/FFMpegBinding-t.build/Objects-normal/arm64/e6072d4f65d7061329687fe24e3d63a7-common-args.resp -MMD -MT dependencies -MF /Users/buddhirajgautam/Library/Developer/Xcode/DerivedData/Telegram-Mac-fygdgghdgmuleoelvxabfmqiotta/Build/Intermediates.noindex/FFMpegBinding.build/Debug/FFMpegBinding-t.build/Objects-normal/arm64/FFMpegGlobals.d --serialize-diagnostics /Users/buddhirajgautam/Library/Developer/Xcode/DerivedData/Telegram-Mac-fygdgghdgmuleoelvxabfmqiotta/Build/Intermediates.noindex/FFMpegBinding.build/Debug/FFMpegBinding-t.build/Objects-normal/arm64/FFMpegGlobals.dia -c /Users/buddhirajgautam/Documents/Cherrygram-Mac/macOS-Swift/submodules/telegram-ios/submodules/FFMpegBinding/Sources/FFMpegGlobals.m -o /Users/buddhirajgautam/Library/Developer/Xcode/DerivedData/Telegram-Mac-fygdgghdgmuleoelvxabfmqiotta/Build/Intermediates.noindex/FFMpegBinding.build/Debug/FFMpegBinding-t.build/Objects-normal/arm64/FFMpegGlobals.o -index-unit-output-path /FFMpegBinding.build/Debug/FFMpegBinding-t.build/Objects-normal/arm64/FFMpegGlobals.o

ScanDependencies /Users/buddhirajgautam/Library/Developer/Xcode/DerivedData/Telegram-Mac-fygdgghdgmuleoelvxabfmqiotta/Build/Intermediates.noindex/FFMpegBinding.build/Debug/FFMpegBinding-t.build/Objects-normal/arm64/FFMpegAVIOContext.o /Users/buddhirajgautam/Documents/Cherrygram-Mac/macOS-Swift/submodules/telegram-ios/submodules/FFMpegBinding/Sources/FFMpegAVIOContext.m normal arm64 objective-c com.apple.compilers.llvm.clang.1_0.compiler (in target 'FFMpegBinding' from project 'FFMpegBinding')
    cd /Users/buddhirajgautam/Documents/Cherrygram-Mac/macOS-Swift
    
    Using response file: /Users/buddhirajgautam/Library/Developer/Xcode/DerivedData/Telegram-Mac-fygdgghdgmuleoelvxabfmqiotta/Build/Intermediates.noindex/FFMpegBinding.build/Debug/FFMpegBinding-t.build/Objects-normal/arm64/e6072d4f65d7061329687fe24e3d63a7-common-args.resp
    
    builtin-ScanDependencies -o /Users/buddhirajgautam/Library/Developer/Xcode/DerivedData/Telegram-Mac-fygdgghdgmuleoelvxabfmqiotta/Build/Intermediates.noindex/FFMpegBinding.build/Debug/FFMpegBinding-t.build/Objects-normal/arm64/FFMpegAVIOContext.o.scan -- /Applications/Xcode.app/Contents/Developer/Toolchains/XcodeDefault.xctoolchain/usr/bin/clang -x objective-c -ivfsstatcache /Users/buddhirajgautam/Library/Developer/Xcode/DerivedData/SDKStatCaches.noindex/macosx27.0-26A425-e829b21a6f8c9b70876ba0858053c0447231f6df4def33e022ae2eb8f782df1a.sdkstatcache -target arm64-apple-macos12.0 -fmessage-length\=0 -fdiagnostics-show-note-include-stack -fmacro-backtrace-limit\=0 -fno-color-diagnostics -fmodules-prune-interval\=86400 -fmodules-prune-after\=345600 -fbuild-session-file\=/Users/buddhirajgautam/Library/Developer/Xcode/DerivedData/ModuleCache.noindex/Session.modulevalidation -fmodules-validate-once-per-build-session -Wnon-modular-include-in-framework-module -Werror\=non-modular-include-in-framework-module -Wno-trigraphs -Wno-missing-field-initializers -Wno-missing-prototypes -Wno-return-type -Wno-implicit-atomic-properties -Wno-objc-interface-ivars -Wno-arc-repeated-use-of-weak -Wno-missing-braces -Wparentheses -Wswitch -Wno-unused-function -Wno-unused-label -Wno-unused-parameter -Wno-unused-variable -Wunused-value -Wno-empty-body -Wno-uninitialized -Wno-unknown-pragmas -Wno-shadow -Wno-four-char-constants -Wno-conversion -Wno-constant-conversion -Wno-int-conversion -Wno-bool-conversion -Wno-enum-conversion -Wno-float-conversion -Wno-non-literal-null-conversion -Wno-objc-literal-conversion -Wshorten-64-to-32 -Wpointer-sign -Wno-newline-eof -Wno-selector -Wno-strict-selector-match -Wno-undeclared-selector -Wno-deprecated-implementations -Wno-implicit-fallthrough -isysroot /Applications/Xcode.app/Contents/Developer/Platforms/MacOSX.platform/Developer/SDKs/MacOSX27.0.sdk -fstrict-aliasing -Wprotocol -Wdeprecated-declarations -Wno-sign-conversion -Wno-infinite-recursion -Wno-comma -Wno-block-capture-autoreleasing -Wno-strict-prototypes -Wno-semicolon-before-method-body -index-store-path /Users/buddhirajgautam/Library/Developer/Xcode/DerivedData/Telegram-Mac-fygdgghdgmuleoelvxabfmqiotta/Index.noindex/DataStore @/Users/buddhirajgautam/Library/Developer/Xcode/DerivedData/Telegram-Mac-fygdgghdgmuleoelvxabfmqiotta/Build/Intermediates.noindex/FFMpegBinding.build/Debug/FFMpegBinding-t.build/Objects-normal/arm64/e6072d4f65d7061329687fe24e3d63a7-common-args.resp -MMD -MT dependencies -MF /Users/buddhirajgautam/Library/Developer/Xcode/DerivedData/Telegram-Mac-fygdgghdgmuleoelvxabfmqiotta/Build/Intermediates.noindex/FFMpegBinding.build/Debug/FFMpegBinding-t.build/Objects-normal/arm64/FFMpegAVIOContext.d --serialize-diagnostics /Users/buddhirajgautam/Library/Developer/Xcode/DerivedData/Telegram-Mac-fygdgghdgmuleoelvxabfmqiotta/Build/Intermediates.noindex/FFMpegBinding.build/Debug/FFMpegBinding-t.build/Objects-normal/arm64/FFMpegAVIOContext.dia -c /Users/buddhirajgautam/Documents/Cherrygram-Mac/macOS-Swift/submodules/telegram-ios/submodules/FFMpegBinding/Sources/FFMpegAVIOContext.m -o /Users/buddhirajgautam/Library/Developer/Xcode/DerivedData/Telegram-Mac-fygdgghdgmuleoelvxabfmqiotta/Build/Intermediates.noindex/FFMpegBinding.build/Debug/FFMpegBinding-t.build/Objects-normal/arm64/FFMpegAVIOContext.o -index-unit-output-path /FFMpegBinding.build/Debug/FFMpegBinding-t.build/Objects-normal/arm64/FFMpegAVIOContext.o

CompileC /Users/buddhirajgautam/Library/Developer/Xcode/DerivedData/Telegram-Mac-fygdgghdgmuleoelvxabfmqiotta/Build/Intermediates.noindex/FFMpegBinding.build/Debug/FFMpegBinding-t.build/Objects-normal/arm64/FFMpegLiveMuxer.o /Users/buddhirajgautam/Documents/Cherrygram-Mac/macOS-Swift/submodules/telegram-ios/submodules/FFMpegBinding/Sources/FFMpegLiveMuxer.m normal arm64 objective-c com.apple.compilers.llvm.clang.1_0.compiler (in target 'FFMpegBinding' from project 'FFMpegBinding')
    cd /Users/buddhirajgautam/Documents/Cherrygram-Mac/macOS-Swift
    
    Using response file: /Users/buddhirajgautam/Library/Developer/Xcode/DerivedData/Telegram-Mac-fygdgghdgmuleoelvxabfmqiotta/Build/Intermediates.noindex/FFMpegBinding.build/Debug/FFMpegBinding-t.build/Objects-normal/arm64/e6072d4f65d7061329687fe24e3d63a7-common-args.resp
    
    /Applications/Xcode.app/Contents/Developer/Toolchains/XcodeDefault.xctoolchain/usr/bin/clang -x objective-c -ivfsstatcache /Users/buddhirajgautam/Library/Developer/Xcode/DerivedData/SDKStatCaches.noindex/macosx27.0-26A425-e829b21a6f8c9b70876ba0858053c0447231f6df4def33e022ae2eb8f782df1a.sdkstatcache -target arm64-apple-macos12.0 -fmessage-length\=0 -fdiagnostics-show-note-include-stack -fmacro-backtrace-limit\=0 -fno-color-diagnostics -fmodules-prune-interval\=86400 -fmodules-prune-after\=345600 -fbuild-session-file\=/Users/buddhirajgautam/Library/Developer/Xcode/DerivedData/ModuleCache.noindex/Session.modulevalidation -fmodules-validate-once-per-build-session -Wnon-modular-include-in-framework-module -Werror\=non-modular-include-in-framework-module -Wno-trigraphs -Wno-missing-field-initializers -Wno-missing-prototypes -Wno-return-type -Wno-implicit-atomic-properties -Wno-objc-interface-ivars -Wno-arc-repeated-use-of-weak -Wno-missing-braces -Wparentheses -Wswitch -Wno-unused-function -Wno-unused-label -Wno-unused-parameter -Wno-unused-variable -Wunused-value -Wno-empty-body -Wno-uninitialized -Wno-unknown-pragmas -Wno-shadow -Wno-four-char-constants -Wno-conversion -Wno-constant-conversion -Wno-int-conversion -Wno-bool-conversion -Wno-enum-conversion -Wno-float-conversion -Wno-non-literal-null-conversion -Wno-objc-literal-conversion -Wshorten-64-to-32 -Wpointer-sign -Wno-newline-eof -Wno-selector -Wno-strict-selector-match -Wno-undeclared-selector -Wno-deprecated-implementations -Wno-implicit-fallthrough -isysroot /Applications/Xcode.app/Contents/Developer/Platforms/MacOSX.platform/Developer/SDKs/MacOSX27.0.sdk -fstrict-aliasing -Wprotocol -Wdeprecated-declarations -Wno-sign-conversion -Wno-infinite-recursion -Wno-comma -Wno-block-capture-autoreleasing -Wno-strict-prototypes -Wno-semicolon-before-method-body -index-store-path /Users/buddhirajgautam/Library/Developer/Xcode/DerivedData/Telegram-Mac-fygdgghdgmuleoelvxabfmqiotta/Index.noindex/DataStore @/Users/buddhirajgautam/Library/Developer/Xcode/DerivedData/Telegram-Mac-fygdgghdgmuleoelvxabfmqiotta/Build/Intermediates.noindex/FFMpegBinding.build/Debug/FFMpegBinding-t.build/Objects-normal/arm64/e6072d4f65d7061329687fe24e3d63a7-common-args.resp -MMD -MT dependencies -MF /Users/buddhirajgautam/Library/Developer/Xcode/DerivedData/Telegram-Mac-fygdgghdgmuleoelvxabfmqiotta/Build/Intermediates.noindex/FFMpegBinding.build/Debug/FFMpegBinding-t.build/Objects-normal/arm64/FFMpegLiveMuxer.d --serialize-diagnostics /Users/buddhirajgautam/Library/Developer/Xcode/DerivedData/Telegram-Mac-fygdgghdgmuleoelvxabfmqiotta/Build/Intermediates.noindex/FFMpegBinding.build/Debug/FFMpegBinding-t.build/Objects-normal/arm64/FFMpegLiveMuxer.dia -c /Users/buddhirajgautam/Documents/Cherrygram-Mac/macOS-Swift/submodules/telegram-ios/submodules/FFMpegBinding/Sources/FFMpegLiveMuxer.m -o /Users/buddhirajgautam/Library/Developer/Xcode/DerivedData/Telegram-Mac-fygdgghdgmuleoelvxabfmqiotta/Build/Intermediates.noindex/FFMpegBinding.build/Debug/FFMpegBinding-t.build/Objects-normal/arm64/FFMpegLiveMuxer.o -index-unit-output-path /FFMpegBinding.build/Debug/FFMpegBinding-t.build/Objects-normal/arm64/FFMpegLiveMuxer.o

PrecompileModule /Users/buddhirajgautam/Library/Developer/Xcode/DerivedData/Telegram-Mac-fygdgghdgmuleoelvxabfmqiotta/Build/Intermediates.noindex/ExplicitPrecompiledModules/DiskArbitration-EZSY57ZD8GO2HQKEXP63FXWAW.scan
    cd /
    builtin-precompileModule /Users/buddhirajgautam/Library/Developer/Xcode/DerivedData/Telegram-Mac-fygdgghdgmuleoelvxabfmqiotta/Build/Intermediates.noindex/ExplicitPrecompiledModules/DiskArbitration-EZSY57ZD8GO2HQKEXP63FXWAW.scan

PrecompileModule /Users/buddhirajgautam/Library/Developer/Xcode/DerivedData/Telegram-Mac-fygdgghdgmuleoelvxabfmqiotta/Build/Intermediates.noindex/ExplicitPrecompiledModules/CoreGraphics-1RS0YFGJ5HHL1O2QX9EYG24WT.scan
    cd /
    builtin-precompileModule /Users/buddhirajgautam/Library/Developer/Xcode/DerivedData/Telegram-Mac-fygdgghdgmuleoelvxabfmqiotta/Build/Intermediates.noindex/ExplicitPrecompiledModules/CoreGraphics-1RS0YFGJ5HHL1O2QX9EYG24WT.scan

CompileC /Users/buddhirajgautam/Library/Developer/Xcode/DerivedData/Telegram-Mac-fygdgghdgmuleoelvxabfmqiotta/Build/Intermediates.noindex/FFMpegBinding.build/Debug/FFMpegBinding-t.build/Objects-normal/arm64/FFMpegGlobals.o /Users/buddhirajgautam/Documents/Cherrygram-Mac/macOS-Swift/submodules/telegram-ios/submodules/FFMpegBinding/Sources/FFMpegGlobals.m normal arm64 objective-c com.apple.compilers.llvm.clang.1_0.compiler (in target 'FFMpegBinding' from project 'FFMpegBinding')
    cd /Users/buddhirajgautam/Documents/Cherrygram-Mac/macOS-Swift
    
    Using response file: /Users/buddhirajgautam/Library/Developer/Xcode/DerivedData/Telegram-Mac-fygdgghdgmuleoelvxabfmqiotta/Build/Intermediates.noindex/FFMpegBinding.build/Debug/FFMpegBinding-t.build/Objects-normal/arm64/e6072d4f65d7061329687fe24e3d63a7-common-args.resp
    
    /Applications/Xcode.app/Contents/Developer/Toolchains/XcodeDefault.xctoolchain/usr/bin/clang -x objective-c -ivfsstatcache /Users/buddhirajgautam/Library/Developer/Xcode/DerivedData/SDKStatCaches.noindex/macosx27.0-26A425-e829b21a6f8c9b70876ba0858053c0447231f6df4def33e022ae2eb8f782df1a.sdkstatcache -target arm64-apple-macos12.0 -fmessage-length\=0 -fdiagnostics-show-note-include-stack -fmacro-backtrace-limit\=0 -fno-color-diagnostics -fmodules-prune-interval\=86400 -fmodules-prune-after\=345600 -fbuild-session-file\=/Users/buddhirajgautam/Library/Developer/Xcode/DerivedData/ModuleCache.noindex/Session.modulevalidation -fmodules-validate-once-per-build-session -Wnon-modular-include-in-framework-module -Werror\=non-modular-include-in-framework-module -Wno-trigraphs -Wno-missing-field-initializers -Wno-missing-prototypes -Wno-return-type -Wno-implicit-atomic-properties -Wno-objc-interface-ivars -Wno-arc-repeated-use-of-weak -Wno-missing-braces -Wparentheses -Wswitch -Wno-unused-function -Wno-unused-label -Wno-unused-parameter -Wno-unused-variable -Wunused-value -Wno-empty-body -Wno-uninitialized -Wno-unknown-pragmas -Wno-shadow -Wno-four-char-constants -Wno-conversion -Wno-constant-conversion -Wno-int-conversion -Wno-bool-conversion -Wno-enum-conversion -Wno-float-conversion -Wno-non-literal-null-conversion -Wno-objc-literal-conversion -Wshorten-64-to-32 -Wpointer-sign -Wno-newline-eof -Wno-selector -Wno-strict-selector-match -Wno-undeclared-selector -Wno-deprecated-implementations -Wno-implicit-fallthrough -isysroot /Applications/Xcode.app/Contents/Developer/Platforms/MacOSX.platform/Developer/SDKs/MacOSX27.0.sdk -fstrict-aliasing -Wprotocol -Wdeprecated-declarations -Wno-sign-conversion -Wno-infinite-recursion -Wno-comma -Wno-block-capture-autoreleasing -Wno-strict-prototypes -Wno-semicolon-before-method-body -index-store-path /Users/buddhirajgautam/Library/Developer/Xcode/DerivedData/Telegram-Mac-fygdgghdgmuleoelvxabfmqiotta/Index.noindex/DataStore @/Users/buddhirajgautam/Library/Developer/Xcode/DerivedData/Telegram-Mac-fygdgghdgmuleoelvxabfmqiotta/Build/Intermediates.noindex/FFMpegBinding.build/Debug/FFMpegBinding-t.build/Objects-normal/arm64/e6072d4f65d7061329687fe24e3d63a7-common-args.resp -MMD -MT dependencies -MF /Users/buddhirajgautam/Library/Developer/Xcode/DerivedData/Telegram-Mac-fygdgghdgmuleoelvxabfmqiotta/Build/Intermediates.noindex/FFMpegBinding.build/Debug/FFMpegBinding-t.build/Objects-normal/arm64/FFMpegGlobals.d --serialize-diagnostics /Users/buddhirajgautam/Library/Developer/Xcode/DerivedData/Telegram-Mac-fygdgghdgmuleoelvxabfmqiotta/Build/Intermediates.noindex/FFMpegBinding.build/Debug/FFMpegBinding-t.build/Objects-normal/arm64/FFMpegGlobals.dia -c /Users/buddhirajgautam/Documents/Cherrygram-Mac/macOS-Swift/submodules/telegram-ios/submodules/FFMpegBinding/Sources/FFMpegGlobals.m -o /Users/buddhirajgautam/Library/Developer/Xcode/DerivedData/Telegram-Mac-fygdgghdgmuleoelvxabfmqiotta/Build/Intermediates.noindex/FFMpegBinding.build/Debug/FFMpegBinding-t.build/Objects-normal/arm64/FFMpegGlobals.o -index-unit-output-path /FFMpegBinding.build/Debug/FFMpegBinding-t.build/Objects-normal/arm64/FFMpegGlobals.o

ScanDependencies /Users/buddhirajgautam/Library/Developer/Xcode/DerivedData/Telegram-Mac-fygdgghdgmuleoelvxabfmqiotta/Build/Intermediates.noindex/FFMpegBinding.build/Debug/FFMpegBinding-t.build/Objects-normal/arm64/FFMpegAVFrame.o /Users/buddhirajgautam/Documents/Cherrygram-Mac/macOS-Swift/submodules/telegram-ios/submodules/FFMpegBinding/Sources/FFMpegAVFrame.m normal arm64 objective-c com.apple.compilers.llvm.clang.1_0.compiler (in target 'FFMpegBinding' from project 'FFMpegBinding')
    cd /Users/buddhirajgautam/Documents/Cherrygram-Mac/macOS-Swift
    
    Using response file: /Users/buddhirajgautam/Library/Developer/Xcode/DerivedData/Telegram-Mac-fygdgghdgmuleoelvxabfmqiotta/Build/Intermediates.noindex/FFMpegBinding.build/Debug/FFMpegBinding-t.build/Objects-normal/arm64/e6072d4f65d7061329687fe24e3d63a7-common-args.resp
    
    builtin-ScanDependencies -o /Users/buddhirajgautam/Library/Developer/Xcode/DerivedData/Telegram-Mac-fygdgghdgmuleoelvxabfmqiotta/Build/Intermediates.noindex/FFMpegBinding.build/Debug/FFMpegBinding-t.build/Objects-normal/arm64/FFMpegAVFrame.o.scan -- /Applications/Xcode.app/Contents/Developer/Toolchains/XcodeDefault.xctoolchain/usr/bin/clang -x objective-c -ivfsstatcache /Users/buddhirajgautam/Library/Developer/Xcode/DerivedData/SDKStatCaches.noindex/macosx27.0-26A425-e829b21a6f8c9b70876ba0858053c0447231f6df4def33e022ae2eb8f782df1a.sdkstatcache -target arm64-apple-macos12.0 -fmessage-length\=0 -fdiagnostics-show-note-include-stack -fmacro-backtrace-limit\=0 -fno-color-diagnostics -fmodules-prune-interval\=86400 -fmodules-prune-after\=345600 -fbuild-session-file\=/Users/buddhirajgautam/Library/Developer/Xcode/DerivedData/ModuleCache.noindex/Session.modulevalidation -fmodules-validate-once-per-build-session -Wnon-modular-include-in-framework-module -Werror\=non-modular-include-in-framework-module -Wno-trigraphs -Wno-missing-field-initializers -Wno-missing-prototypes -Wno-return-type -Wno-implicit-atomic-properties -Wno-objc-interface-ivars -Wno-arc-repeated-use-of-weak -Wno-missing-braces -Wparentheses -Wswitch -Wno-unused-function -Wno-unused-label -Wno-unused-parameter -Wno-unused-variable -Wunused-value -Wno-empty-body -Wno-uninitialized -Wno-unknown-pragmas -Wno-shadow -Wno-four-char-constants -Wno-conversion -Wno-constant-conversion -Wno-int-conversion -Wno-bool-conversion -Wno-enum-conversion -Wno-float-conversion -Wno-non-literal-null-conversion -Wno-objc-literal-conversion -Wshorten-64-to-32 -Wpointer-sign -Wno-newline-eof -Wno-selector -Wno-strict-selector-match -Wno-undeclared-selector -Wno-deprecated-implementations -Wno-implicit-fallthrough -isysroot /Applications/Xcode.app/Contents/Developer/Platforms/MacOSX.platform/Developer/SDKs/MacOSX27.0.sdk -fstrict-aliasing -Wprotocol -Wdeprecated-declarations -Wno-sign-conversion -Wno-infinite-recursion -Wno-comma -Wno-block-capture-autoreleasing -Wno-strict-prototypes -Wno-semicolon-before-method-body -index-store-path /Users/buddhirajgautam/Library/Developer/Xcode/DerivedData/Telegram-Mac-fygdgghdgmuleoelvxabfmqiotta/Index.noindex/DataStore @/Users/buddhirajgautam/Library/Developer/Xcode/DerivedData/Telegram-Mac-fygdgghdgmuleoelvxabfmqiotta/Build/Intermediates.noindex/FFMpegBinding.build/Debug/FFMpegBinding-t.build/Objects-normal/arm64/e6072d4f65d7061329687fe24e3d63a7-common-args.resp -MMD -MT dependencies -MF /Users/buddhirajgautam/Library/Developer/Xcode/DerivedData/Telegram-Mac-fygdgghdgmuleoelvxabfmqiotta/Build/Intermediates.noindex/FFMpegBinding.build/Debug/FFMpegBinding-t.build/Objects-normal/arm64/FFMpegAVFrame.d --serialize-diagnostics /Users/buddhirajgautam/Library/Developer/Xcode/DerivedData/Telegram-Mac-fygdgghdgmuleoelvxabfmqiotta/Build/Intermediates.noindex/FFMpegBinding.build/Debug/FFMpegBinding-t.build/Objects-normal/arm64/FFMpegAVFrame.dia -c /Users/buddhirajgautam/Documents/Cherrygram-Mac/macOS-Swift/submodules/telegram-ios/submodules/FFMpegBinding/Sources/FFMpegAVFrame.m -o /Users/buddhirajgautam/Library/Developer/Xcode/DerivedData/Telegram-Mac-fygdgghdgmuleoelvxabfmqiotta/Build/Intermediates.noindex/FFMpegBinding.build/Debug/FFMpegBinding-t.build/Objects-normal/arm64/FFMpegAVFrame.o -index-unit-output-path /FFMpegBinding.build/Debug/FFMpegBinding-t.build/Objects-normal/arm64/FFMpegAVFrame.o

CompileC /Users/buddhirajgautam/Library/Developer/Xcode/DerivedData/Telegram-Mac-fygdgghdgmuleoelvxabfmqiotta/Build/Intermediates.noindex/FFMpegBinding.build/Debug/FFMpegBinding-t.build/Objects-normal/arm64/FFMpegAVIOContext.o /Users/buddhirajgautam/Documents/Cherrygram-Mac/macOS-Swift/submodules/telegram-ios/submodules/FFMpegBinding/Sources/FFMpegAVIOContext.m normal arm64 objective-c com.apple.compilers.llvm.clang.1_0.compiler (in target 'FFMpegBinding' from project 'FFMpegBinding')
    cd /Users/buddhirajgautam/Documents/Cherrygram-Mac/macOS-Swift
    
    Using response file: /Users/buddhirajgautam/Library/Developer/Xcode/DerivedData/Telegram-Mac-fygdgghdgmuleoelvxabfmqiotta/Build/Intermediates.noindex/FFMpegBinding.build/Debug/FFMpegBinding-t.build/Objects-normal/arm64/e6072d4f65d7061329687fe24e3d63a7-common-args.resp
    
    /Applications/Xcode.app/Contents/Developer/Toolchains/XcodeDefault.xctoolchain/usr/bin/clang -x objective-c -ivfsstatcache /Users/buddhirajgautam/Library/Developer/Xcode/DerivedData/SDKStatCaches.noindex/macosx27.0-26A425-e829b21a6f8c9b70876ba0858053c0447231f6df4def33e022ae2eb8f782df1a.sdkstatcache -target arm64-apple-macos12.0 -fmessage-length\=0 -fdiagnostics-show-note-include-stack -fmacro-backtrace-limit\=0 -fno-color-diagnostics -fmodules-prune-interval\=86400 -fmodules-prune-after\=345600 -fbuild-session-file\=/Users/buddhirajgautam/Library/Developer/Xcode/DerivedData/ModuleCache.noindex/Session.modulevalidation -fmodules-validate-once-per-build-session -Wnon-modular-include-in-framework-module -Werror\=non-modular-include-in-framework-module -Wno-trigraphs -Wno-missing-field-initializers -Wno-missing-prototypes -Wno-return-type -Wno-implicit-atomic-properties -Wno-objc-interface-ivars -Wno-arc-repeated-use-of-weak -Wno-missing-braces -Wparentheses -Wswitch -Wno-unused-function -Wno-unused-label -Wno-unused-parameter -Wno-unused-variable -Wunused-value -Wno-empty-body -Wno-uninitialized -Wno-unknown-pragmas -Wno-shadow -Wno-four-char-constants -Wno-conversion -Wno-constant-conversion -Wno-int-conversion -Wno-bool-conversion -Wno-enum-conversion -Wno-float-conversion -Wno-non-literal-null-conversion -Wno-objc-literal-conversion -Wshorten-64-to-32 -Wpointer-sign -Wno-newline-eof -Wno-selector -Wno-strict-selector-match -Wno-undeclared-selector -Wno-deprecated-implementations -Wno-implicit-fallthrough -isysroot /Applications/Xcode.app/Contents/Developer/Platforms/MacOSX.platform/Developer/SDKs/MacOSX27.0.sdk -fstrict-aliasing -Wprotocol -Wdeprecated-declarations -Wno-sign-conversion -Wno-infinite-recursion -Wno-comma -Wno-block-capture-autoreleasing -Wno-strict-prototypes -Wno-semicolon-before-method-body -index-store-path /Users/buddhirajgautam/Library/Developer/Xcode/DerivedData/Telegram-Mac-fygdgghdgmuleoelvxabfmqiotta/Index.noindex/DataStore @/Users/buddhirajgautam/Library/Developer/Xcode/DerivedData/Telegram-Mac-fygdgghdgmuleoelvxabfmqiotta/Build/Intermediates.noindex/FFMpegBinding.build/Debug/FFMpegBinding-t.build/Objects-normal/arm64/e6072d4f65d7061329687fe24e3d63a7-common-args.resp -MMD -MT dependencies -MF /Users/buddhirajgautam/Library/Developer/Xcode/DerivedData/Telegram-Mac-fygdgghdgmuleoelvxabfmqiotta/Build/Intermediates.noindex/FFMpegBinding.build/Debug/FFMpegBinding-t.build/Objects-normal/arm64/FFMpegAVIOContext.d --serialize-diagnostics /Users/buddhirajgautam/Library/Developer/Xcode/DerivedData/Telegram-Mac-fygdgghdgmuleoelvxabfmqiotta/Build/Intermediates.noindex/FFMpegBinding.build/Debug/FFMpegBinding-t.build/Objects-normal/arm64/FFMpegAVIOContext.dia -c /Users/buddhirajgautam/Documents/Cherrygram-Mac/macOS-Swift/submodules/telegram-ios/submodules/FFMpegBinding/Sources/FFMpegAVIOContext.m -o /Users/buddhirajgautam/Library/Developer/Xcode/DerivedData/Telegram-Mac-fygdgghdgmuleoelvxabfmqiotta/Build/Intermediates.noindex/FFMpegBinding.build/Debug/FFMpegBinding-t.build/Objects-normal/arm64/FFMpegAVIOContext.o -index-unit-output-path /FFMpegBinding.build/Debug/FFMpegBinding-t.build/Objects-normal/arm64/FFMpegAVIOContext.o

ScanDependencies /Users/buddhirajgautam/Library/Developer/Xcode/DerivedData/Telegram-Mac-fygdgghdgmuleoelvxabfmqiotta/Build/Intermediates.noindex/FFMpegBinding.build/Debug/FFMpegBinding-t.build/Objects-normal/arm64/FFMpegAVFormatContext.o /Users/buddhirajgautam/Documents/Cherrygram-Mac/macOS-Swift/submodules/telegram-ios/submodules/FFMpegBinding/Sources/FFMpegAVFormatContext.m normal arm64 objective-c com.apple.compilers.llvm.clang.1_0.compiler (in target 'FFMpegBinding' from project 'FFMpegBinding')
    cd /Users/buddhirajgautam/Documents/Cherrygram-Mac/macOS-Swift
    
    Using response file: /Users/buddhirajgautam/Library/Developer/Xcode/DerivedData/Telegram-Mac-fygdgghdgmuleoelvxabfmqiotta/Build/Intermediates.noindex/FFMpegBinding.build/Debug/FFMpegBinding-t.build/Objects-normal/arm64/e6072d4f65d7061329687fe24e3d63a7-common-args.resp
    
    builtin-ScanDependencies -o /Users/buddhirajgautam/Library/Developer/Xcode/DerivedData/Telegram-Mac-fygdgghdgmuleoelvxabfmqiotta/Build/Intermediates.noindex/FFMpegBinding.build/Debug/FFMpegBinding-t.build/Objects-normal/arm64/FFMpegAVFormatContext.o.scan -- /Applications/Xcode.app/Contents/Developer/Toolchains/XcodeDefault.xctoolchain/usr/bin/clang -x objective-c -ivfsstatcache /Users/buddhirajgautam/Library/Developer/Xcode/DerivedData/SDKStatCaches.noindex/macosx27.0-26A425-e829b21a6f8c9b70876ba0858053c0447231f6df4def33e022ae2eb8f782df1a.sdkstatcache -target arm64-apple-macos12.0 -fmessage-length\=0 -fdiagnostics-show-note-include-stack -fmacro-backtrace-limit\=0 -fno-color-diagnostics -fmodules-prune-interval\=86400 -fmodules-prune-after\=345600 -fbuild-session-file\=/Users/buddhirajgautam/Library/Developer/Xcode/DerivedData/ModuleCache.noindex/Session.modulevalidation -fmodules-validate-once-per-build-session -Wnon-modular-include-in-framework-module -Werror\=non-modular-include-in-framework-module -Wno-trigraphs -Wno-missing-field-initializers -Wno-missing-prototypes -Wno-return-type -Wno-implicit-atomic-properties -Wno-objc-interface-ivars -Wno-arc-repeated-use-of-weak -Wno-missing-braces -Wparentheses -Wswitch -Wno-unused-function -Wno-unused-label -Wno-unused-parameter -Wno-unused-variable -Wunused-value -Wno-empty-body -Wno-uninitialized -Wno-unknown-pragmas -Wno-shadow -Wno-four-char-constants -Wno-conversion -Wno-constant-conversion -Wno-int-conversion -Wno-bool-conversion -Wno-enum-conversion -Wno-float-conversion -Wno-non-literal-null-conversion -Wno-objc-literal-conversion -Wshorten-64-to-32 -Wpointer-sign -Wno-newline-eof -Wno-selector -Wno-strict-selector-match -Wno-undeclared-selector -Wno-deprecated-implementations -Wno-implicit-fallthrough -isysroot /Applications/Xcode.app/Contents/Developer/Platforms/MacOSX.platform/Developer/SDKs/MacOSX27.0.sdk -fstrict-aliasing -Wprotocol -Wdeprecated-declarations -Wno-sign-conversion -Wno-infinite-recursion -Wno-comma -Wno-block-capture-autoreleasing -Wno-strict-prototypes -Wno-semicolon-before-method-body -index-store-path /Users/buddhirajgautam/Library/Developer/Xcode/DerivedData/Telegram-Mac-fygdgghdgmuleoelvxabfmqiotta/Index.noindex/DataStore @/Users/buddhirajgautam/Library/Developer/Xcode/DerivedData/Telegram-Mac-fygdgghdgmuleoelvxabfmqiotta/Build/Intermediates.noindex/FFMpegBinding.build/Debug/FFMpegBinding-t.build/Objects-normal/arm64/e6072d4f65d7061329687fe24e3d63a7-common-args.resp -MMD -MT dependencies -MF /Users/buddhirajgautam/Library/Developer/Xcode/DerivedData/Telegram-Mac-fygdgghdgmuleoelvxabfmqiotta/Build/Intermediates.noindex/FFMpegBinding.build/Debug/FFMpegBinding-t.build/Objects-normal/arm64/FFMpegAVFormatContext.d --serialize-diagnostics /Users/buddhirajgautam/Library/Developer/Xcode/DerivedData/Telegram-Mac-fygdgghdgmuleoelvxabfmqiotta/Build/Intermediates.noindex/FFMpegBinding.build/Debug/FFMpegBinding-t.build/Objects-normal/arm64/FFMpegAVFormatContext.dia -c /Users/buddhirajgautam/Documents/Cherrygram-Mac/macOS-Swift/submodules/telegram-ios/submodules/FFMpegBinding/Sources/FFMpegAVFormatContext.m -o /Users/buddhirajgautam/Library/Developer/Xcode/DerivedData/Telegram-Mac-fygdgghdgmuleoelvxabfmqiotta/Build/Intermediates.noindex/FFMpegBinding.build/Debug/FFMpegBinding-t.build/Objects-normal/arm64/FFMpegAVFormatContext.o -index-unit-output-path /FFMpegBinding.build/Debug/FFMpegBinding-t.build/Objects-normal/arm64/FFMpegAVFormatContext.o

PrecompileModule /Users/buddhirajgautam/Library/Developer/Xcode/DerivedData/Telegram-Mac-fygdgghdgmuleoelvxabfmqiotta/Build/Intermediates.noindex/ExplicitPrecompiledModules/CoreServices-1KUV7Y5KE3MZAHH2SWXFVU7TR.scan
    cd /
    builtin-precompileModule /Users/buddhirajgautam/Library/Developer/Xcode/DerivedData/Telegram-Mac-fygdgghdgmuleoelvxabfmqiotta/Build/Intermediates.noindex/ExplicitPrecompiledModules/CoreServices-1KUV7Y5KE3MZAHH2SWXFVU7TR.scan

CompileC /Users/buddhirajgautam/Library/Developer/Xcode/DerivedData/Telegram-Mac-fygdgghdgmuleoelvxabfmqiotta/Build/Intermediates.noindex/FFMpegBinding.build/Debug/FFMpegBinding-t.build/Objects-normal/arm64/FFMpegAVFrame.o /Users/buddhirajgautam/Documents/Cherrygram-Mac/macOS-Swift/submodules/telegram-ios/submodules/FFMpegBinding/Sources/FFMpegAVFrame.m normal arm64 objective-c com.apple.compilers.llvm.clang.1_0.compiler (in target 'FFMpegBinding' from project 'FFMpegBinding')
    cd /Users/buddhirajgautam/Documents/Cherrygram-Mac/macOS-Swift
    
    Using response file: /Users/buddhirajgautam/Library/Developer/Xcode/DerivedData/Telegram-Mac-fygdgghdgmuleoelvxabfmqiotta/Build/Intermediates.noindex/FFMpegBinding.build/Debug/FFMpegBinding-t.build/Objects-normal/arm64/e6072d4f65d7061329687fe24e3d63a7-common-args.resp
    
    /Applications/Xcode.app/Contents/Developer/Toolchains/XcodeDefault.xctoolchain/usr/bin/clang -x objective-c -ivfsstatcache /Users/buddhirajgautam/Library/Developer/Xcode/DerivedData/SDKStatCaches.noindex/macosx27.0-26A425-e829b21a6f8c9b70876ba0858053c0447231f6df4def33e022ae2eb8f782df1a.sdkstatcache -target arm64-apple-macos12.0 -fmessage-length\=0 -fdiagnostics-show-note-include-stack -fmacro-backtrace-limit\=0 -fno-color-diagnostics -fmodules-prune-interval\=86400 -fmodules-prune-after\=345600 -fbuild-session-file\=/Users/buddhirajgautam/Library/Developer/Xcode/DerivedData/ModuleCache.noindex/Session.modulevalidation -fmodules-validate-once-per-build-session -Wnon-modular-include-in-framework-module -Werror\=non-modular-include-in-framework-module -Wno-trigraphs -Wno-missing-field-initializers -Wno-missing-prototypes -Wno-return-type -Wno-implicit-atomic-properties -Wno-objc-interface-ivars -Wno-arc-repeated-use-of-weak -Wno-missing-braces -Wparentheses -Wswitch -Wno-unused-function -Wno-unused-label -Wno-unused-parameter -Wno-unused-variable -Wunused-value -Wno-empty-body -Wno-uninitialized -Wno-unknown-pragmas -Wno-shadow -Wno-four-char-constants -Wno-conversion -Wno-constant-conversion -Wno-int-conversion -Wno-bool-conversion -Wno-enum-conversion -Wno-float-conversion -Wno-non-literal-null-conversion -Wno-objc-literal-conversion -Wshorten-64-to-32 -Wpointer-sign -Wno-newline-eof -Wno-selector -Wno-strict-selector-match -Wno-undeclared-selector -Wno-deprecated-implementations -Wno-implicit-fallthrough -isysroot /Applications/Xcode.app/Contents/Developer/Platforms/MacOSX.platform/Developer/SDKs/MacOSX27.0.sdk -fstrict-aliasing -Wprotocol -Wdeprecated-declarations -Wno-sign-conversion -Wno-infinite-recursion -Wno-comma -Wno-block-capture-autoreleasing -Wno-strict-prototypes -Wno-semicolon-before-method-body -index-store-path /Users/buddhirajgautam/Library/Developer/Xcode/DerivedData/Telegram-Mac-fygdgghdgmuleoelvxabfmqiotta/Index.noindex/DataStore @/Users/buddhirajgautam/Library/Developer/Xcode/DerivedData/Telegram-Mac-fygdgghdgmuleoelvxabfmqiotta/Build/Intermediates.noindex/FFMpegBinding.build/Debug/FFMpegBinding-t.build/Objects-normal/arm64/e6072d4f65d7061329687fe24e3d63a7-common-args.resp -MMD -MT dependencies -MF /Users/buddhirajgautam/Library/Developer/Xcode/DerivedData/Telegram-Mac-fygdgghdgmuleoelvxabfmqiotta/Build/Intermediates.noindex/FFMpegBinding.build/Debug/FFMpegBinding-t.build/Objects-normal/arm64/FFMpegAVFrame.d --serialize-diagnostics /Users/buddhirajgautam/Library/Developer/Xcode/DerivedData/Telegram-Mac-fygdgghdgmuleoelvxabfmqiotta/Build/Intermediates.noindex/FFMpegBinding.build/Debug/FFMpegBinding-t.build/Objects-normal/arm64/FFMpegAVFrame.dia -c /Users/buddhirajgautam/Documents/Cherrygram-Mac/macOS-Swift/submodules/telegram-ios/submodules/FFMpegBinding/Sources/FFMpegAVFrame.m -o /Users/buddhirajgautam/Library/Developer/Xcode/DerivedData/Telegram-Mac-fygdgghdgmuleoelvxabfmqiotta/Build/Intermediates.noindex/FFMpegBinding.build/Debug/FFMpegBinding-t.build/Objects-normal/arm64/FFMpegAVFrame.o -index-unit-output-path /FFMpegBinding.build/Debug/FFMpegBinding-t.build/Objects-normal/arm64/FFMpegAVFrame.o

ScanDependencies /Users/buddhirajgautam/Library/Developer/Xcode/DerivedData/Telegram-Mac-fygdgghdgmuleoelvxabfmqiotta/Build/Intermediates.noindex/FFMpegBinding.build/Debug/FFMpegBinding-t.build/Objects-normal/arm64/FFMpegAVCodecContext.o /Users/buddhirajgautam/Documents/Cherrygram-Mac/macOS-Swift/submodules/telegram-ios/submodules/FFMpegBinding/Sources/FFMpegAVCodecContext.m normal arm64 objective-c com.apple.compilers.llvm.clang.1_0.compiler (in target 'FFMpegBinding' from project 'FFMpegBinding')
    cd /Users/buddhirajgautam/Documents/Cherrygram-Mac/macOS-Swift
    
    Using response file: /Users/buddhirajgautam/Library/Developer/Xcode/DerivedData/Telegram-Mac-fygdgghdgmuleoelvxabfmqiotta/Build/Intermediates.noindex/FFMpegBinding.build/Debug/FFMpegBinding-t.build/Objects-normal/arm64/e6072d4f65d7061329687fe24e3d63a7-common-args.resp
    
    builtin-ScanDependencies -o /Users/buddhirajgautam/Library/Developer/Xcode/DerivedData/Telegram-Mac-fygdgghdgmuleoelvxabfmqiotta/Build/Intermediates.noindex/FFMpegBinding.build/Debug/FFMpegBinding-t.build/Objects-normal/arm64/FFMpegAVCodecContext.o.scan -- /Applications/Xcode.app/Contents/Developer/Toolchains/XcodeDefault.xctoolchain/usr/bin/clang -x objective-c -ivfsstatcache /Users/buddhirajgautam/Library/Developer/Xcode/DerivedData/SDKStatCaches.noindex/macosx27.0-26A425-e829b21a6f8c9b70876ba0858053c0447231f6df4def33e022ae2eb8f782df1a.sdkstatcache -target arm64-apple-macos12.0 -fmessage-length\=0 -fdiagnostics-show-note-include-stack -fmacro-backtrace-limit\=0 -fno-color-diagnostics -fmodules-prune-interval\=86400 -fmodules-prune-after\=345600 -fbuild-session-file\=/Users/buddhirajgautam/Library/Developer/Xcode/DerivedData/ModuleCache.noindex/Session.modulevalidation -fmodules-validate-once-per-build-session -Wnon-modular-include-in-framework-module -Werror\=non-modular-include-in-framework-module -Wno-trigraphs -Wno-missing-field-initializers -Wno-missing-prototypes -Wno-return-type -Wno-implicit-atomic-properties -Wno-objc-interface-ivars -Wno-arc-repeated-use-of-weak -Wno-missing-braces -Wparentheses -Wswitch -Wno-unused-function -Wno-unused-label -Wno-unused-parameter -Wno-unused-variable -Wunused-value -Wno-empty-body -Wno-uninitialized -Wno-unknown-pragmas -Wno-shadow -Wno-four-char-constants -Wno-conversion -Wno-constant-conversion -Wno-int-conversion -Wno-bool-conversion -Wno-enum-conversion -Wno-float-conversion -Wno-non-literal-null-conversion -Wno-objc-literal-conversion -Wshorten-64-to-32 -Wpointer-sign -Wno-newline-eof -Wno-selector -Wno-strict-selector-match -Wno-undeclared-selector -Wno-deprecated-implementations -Wno-implicit-fallthrough -isysroot /Applications/Xcode.app/Contents/Developer/Platforms/MacOSX.platform/Developer/SDKs/MacOSX27.0.sdk -fstrict-aliasing -Wprotocol -Wdeprecated-declarations -Wno-sign-conversion -Wno-infinite-recursion -Wno-comma -Wno-block-capture-autoreleasing -Wno-strict-prototypes -Wno-semicolon-before-method-body -index-store-path /Users/buddhirajgautam/Library/Developer/Xcode/DerivedData/Telegram-Mac-fygdgghdgmuleoelvxabfmqiotta/Index.noindex/DataStore @/Users/buddhirajgautam/Library/Developer/Xcode/DerivedData/Telegram-Mac-fygdgghdgmuleoelvxabfmqiotta/Build/Intermediates.noindex/FFMpegBinding.build/Debug/FFMpegBinding-t.build/Objects-normal/arm64/e6072d4f65d7061329687fe24e3d63a7-common-args.resp -MMD -MT dependencies -MF /Users/buddhirajgautam/Library/Developer/Xcode/DerivedData/Telegram-Mac-fygdgghdgmuleoelvxabfmqiotta/Build/Intermediates.noindex/FFMpegBinding.build/Debug/FFMpegBinding-t.build/Objects-normal/arm64/FFMpegAVCodecContext.d --serialize-diagnostics /Users/buddhirajgautam/Library/Developer/Xcode/DerivedData/Telegram-Mac-fygdgghdgmuleoelvxabfmqiotta/Build/Intermediates.noindex/FFMpegBinding.build/Debug/FFMpegBinding-t.build/Objects-normal/arm64/FFMpegAVCodecContext.dia -c /Users/buddhirajgautam/Documents/Cherrygram-Mac/macOS-Swift/submodules/telegram-ios/submodules/FFMpegBinding/Sources/FFMpegAVCodecContext.m -o /Users/buddhirajgautam/Library/Developer/Xcode/DerivedData/Telegram-Mac-fygdgghdgmuleoelvxabfmqiotta/Build/Intermediates.noindex/FFMpegBinding.build/Debug/FFMpegBinding-t.build/Objects-normal/arm64/FFMpegAVCodecContext.o -index-unit-output-path /FFMpegBinding.build/Debug/FFMpegBinding-t.build/Objects-normal/arm64/FFMpegAVCodecContext.o

ScanDependencies /Users/buddhirajgautam/Library/Developer/Xcode/DerivedData/Telegram-Mac-fygdgghdgmuleoelvxabfmqiotta/Build/Intermediates.noindex/FFMpegBinding.build/Debug/FFMpegBinding-t.build/Objects-normal/arm64/FFMpegAVCodec.o /Users/buddhirajgautam/Documents/Cherrygram-Mac/macOS-Swift/submodules/telegram-ios/submodules/FFMpegBinding/Sources/FFMpegAVCodec.m normal arm64 objective-c com.apple.compilers.llvm.clang.1_0.compiler (in target 'FFMpegBinding' from project 'FFMpegBinding')
    cd /Users/buddhirajgautam/Documents/Cherrygram-Mac/macOS-Swift
    
    Using response file: /Users/buddhirajgautam/Library/Developer/Xcode/DerivedData/Telegram-Mac-fygdgghdgmuleoelvxabfmqiotta/Build/Intermediates.noindex/FFMpegBinding.build/Debug/FFMpegBinding-t.build/Objects-normal/arm64/e6072d4f65d7061329687fe24e3d63a7-common-args.resp
    
    builtin-ScanDependencies -o /Users/buddhirajgautam/Library/Developer/Xcode/DerivedData/Telegram-Mac-fygdgghdgmuleoelvxabfmqiotta/Build/Intermediates.noindex/FFMpegBinding.build/Debug/FFMpegBinding-t.build/Objects-normal/arm64/FFMpegAVCodec.o.scan -- /Applications/Xcode.app/Contents/Developer/Toolchains/XcodeDefault.xctoolchain/usr/bin/clang -x objective-c -ivfsstatcache /Users/buddhirajgautam/Library/Developer/Xcode/DerivedData/SDKStatCaches.noindex/macosx27.0-26A425-e829b21a6f8c9b70876ba0858053c0447231f6df4def33e022ae2eb8f782df1a.sdkstatcache -target arm64-apple-macos12.0 -fmessage-length\=0 -fdiagnostics-show-note-include-stack -fmacro-backtrace-limit\=0 -fno-color-diagnostics -fmodules-prune-interval\=86400 -fmodules-prune-after\=345600 -fbuild-session-file\=/Users/buddhirajgautam/Library/Developer/Xcode/DerivedData/ModuleCache.noindex/Session.modulevalidation -fmodules-validate-once-per-build-session -Wnon-modular-include-in-framework-module -Werror\=non-modular-include-in-framework-module -Wno-trigraphs -Wno-missing-field-initializers -Wno-missing-prototypes -Wno-return-type -Wno-implicit-atomic-properties -Wno-objc-interface-ivars -Wno-arc-repeated-use-of-weak -Wno-missing-braces -Wparentheses -Wswitch -Wno-unused-function -Wno-unused-label -Wno-unused-parameter -Wno-unused-variable -Wunused-value -Wno-empty-body -Wno-uninitialized -Wno-unknown-pragmas -Wno-shadow -Wno-four-char-constants -Wno-conversion -Wno-constant-conversion -Wno-int-conversion -Wno-bool-conversion -Wno-enum-conversion -Wno-float-conversion -Wno-non-literal-null-conversion -Wno-objc-literal-conversion -Wshorten-64-to-32 -Wpointer-sign -Wno-newline-eof -Wno-selector -Wno-strict-selector-match -Wno-undeclared-selector -Wno-deprecated-implementations -Wno-implicit-fallthrough -isysroot /Applications/Xcode.app/Contents/Developer/Platforms/MacOSX.platform/Developer/SDKs/MacOSX27.0.sdk -fstrict-aliasing -Wprotocol -Wdeprecated-declarations -Wno-sign-conversion -Wno-infinite-recursion -Wno-comma -Wno-block-capture-autoreleasing -Wno-strict-prototypes -Wno-semicolon-before-method-body -index-store-path /Users/buddhirajgautam/Library/Developer/Xcode/DerivedData/Telegram-Mac-fygdgghdgmuleoelvxabfmqiotta/Index.noindex/DataStore @/Users/buddhirajgautam/Library/Developer/Xcode/DerivedData/Telegram-Mac-fygdgghdgmuleoelvxabfmqiotta/Build/Intermediates.noindex/FFMpegBinding.build/Debug/FFMpegBinding-t.build/Objects-normal/arm64/e6072d4f65d7061329687fe24e3d63a7-common-args.resp -MMD -MT dependencies -MF /Users/buddhirajgautam/Library/Developer/Xcode/DerivedData/Telegram-Mac-fygdgghdgmuleoelvxabfmqiotta/Build/Intermediates.noindex/FFMpegBinding.build/Debug/FFMpegBinding-t.build/Objects-normal/arm64/FFMpegAVCodec.d --serialize-diagnostics /Users/buddhirajgautam/Library/Developer/Xcode/DerivedData/Telegram-Mac-fygdgghdgmuleoelvxabfmqiotta/Build/Intermediates.noindex/FFMpegBinding.build/Debug/FFMpegBinding-t.build/Objects-normal/arm64/FFMpegAVCodec.dia -c /Users/buddhirajgautam/Documents/Cherrygram-Mac/macOS-Swift/submodules/telegram-ios/submodules/FFMpegBinding/Sources/FFMpegAVCodec.m -o /Users/buddhirajgautam/Library/Developer/Xcode/DerivedData/Telegram-Mac-fygdgghdgmuleoelvxabfmqiotta/Build/Intermediates.noindex/FFMpegBinding.build/Debug/FFMpegBinding-t.build/Objects-normal/arm64/FFMpegAVCodec.o -index-unit-output-path /FFMpegBinding.build/Debug/FFMpegBinding-t.build/Objects-normal/arm64/FFMpegAVCodec.o

CompileC /Users/buddhirajgautam/Library/Developer/Xcode/DerivedData/Telegram-Mac-fygdgghdgmuleoelvxabfmqiotta/Build/Intermediates.noindex/FFMpegBinding.build/Debug/FFMpegBinding-t.build/Objects-normal/arm64/FFMpegAVCodecContext.o /Users/buddhirajgautam/Documents/Cherrygram-Mac/macOS-Swift/submodules/telegram-ios/submodules/FFMpegBinding/Sources/FFMpegAVCodecContext.m normal arm64 objective-c com.apple.compilers.llvm.clang.1_0.compiler (in target 'FFMpegBinding' from project 'FFMpegBinding')
    cd /Users/buddhirajgautam/Documents/Cherrygram-Mac/macOS-Swift
    
    Using response file: /Users/buddhirajgautam/Library/Developer/Xcode/DerivedData/Telegram-Mac-fygdgghdgmuleoelvxabfmqiotta/Build/Intermediates.noindex/FFMpegBinding.build/Debug/FFMpegBinding-t.build/Objects-normal/arm64/e6072d4f65d7061329687fe24e3d63a7-common-args.resp
    
    /Applications/Xcode.app/Contents/Developer/Toolchains/XcodeDefault.xctoolchain/usr/bin/clang -x objective-c -ivfsstatcache /Users/buddhirajgautam/Library/Developer/Xcode/DerivedData/SDKStatCaches.noindex/macosx27.0-26A425-e829b21a6f8c9b70876ba0858053c0447231f6df4def33e022ae2eb8f782df1a.sdkstatcache -target arm64-apple-macos12.0 -fmessage-length\=0 -fdiagnostics-show-note-include-stack -fmacro-backtrace-limit\=0 -fno-color-diagnostics -fmodules-prune-interval\=86400 -fmodules-prune-after\=345600 -fbuild-session-file\=/Users/buddhirajgautam/Library/Developer/Xcode/DerivedData/ModuleCache.noindex/Session.modulevalidation -fmodules-validate-once-per-build-session -Wnon-modular-include-in-framework-module -Werror\=non-modular-include-in-framework-module -Wno-trigraphs -Wno-missing-field-initializers -Wno-missing-prototypes -Wno-return-type -Wno-implicit-atomic-properties -Wno-objc-interface-ivars -Wno-arc-repeated-use-of-weak -Wno-missing-braces -Wparentheses -Wswitch -Wno-unused-function -Wno-unused-label -Wno-unused-parameter -Wno-unused-variable -Wunused-value -Wno-empty-body -Wno-uninitialized -Wno-unknown-pragmas -Wno-shadow -Wno-four-char-constants -Wno-conversion -Wno-constant-conversion -Wno-int-conversion -Wno-bool-conversion -Wno-enum-conversion -Wno-float-conversion -Wno-non-literal-null-conversion -Wno-objc-literal-conversion -Wshorten-64-to-32 -Wpointer-sign -Wno-newline-eof -Wno-selector -Wno-strict-selector-match -Wno-undeclared-selector -Wno-deprecated-implementations -Wno-implicit-fallthrough -isysroot /Applications/Xcode.app/Contents/Developer/Platforms/MacOSX.platform/Developer/SDKs/MacOSX27.0.sdk -fstrict-aliasing -Wprotocol -Wdeprecated-declarations -Wno-sign-conversion -Wno-infinite-recursion -Wno-comma -Wno-block-capture-autoreleasing -Wno-strict-prototypes -Wno-semicolon-before-method-body -index-store-path /Users/buddhirajgautam/Library/Developer/Xcode/DerivedData/Telegram-Mac-fygdgghdgmuleoelvxabfmqiotta/Index.noindex/DataStore @/Users/buddhirajgautam/Library/Developer/Xcode/DerivedData/Telegram-Mac-fygdgghdgmuleoelvxabfmqiotta/Build/Intermediates.noindex/FFMpegBinding.build/Debug/FFMpegBinding-t.build/Objects-normal/arm64/e6072d4f65d7061329687fe24e3d63a7-common-args.resp -MMD -MT dependencies -MF /Users/buddhirajgautam/Library/Developer/Xcode/DerivedData/Telegram-Mac-fygdgghdgmuleoelvxabfmqiotta/Build/Intermediates.noindex/FFMpegBinding.build/Debug/FFMpegBinding-t.build/Objects-normal/arm64/FFMpegAVCodecContext.d --serialize-diagnostics /Users/buddhirajgautam/Library/Developer/Xcode/DerivedData/Telegram-Mac-fygdgghdgmuleoelvxabfmqiotta/Build/Intermediates.noindex/FFMpegBinding.build/Debug/FFMpegBinding-t.build/Objects-normal/arm64/FFMpegAVCodecContext.dia -c /Users/buddhirajgautam/Documents/Cherrygram-Mac/macOS-Swift/submodules/telegram-ios/submodules/FFMpegBinding/Sources/FFMpegAVCodecContext.m -o /Users/buddhirajgautam/Library/Developer/Xcode/DerivedData/Telegram-Mac-fygdgghdgmuleoelvxabfmqiotta/Build/Intermediates.noindex/FFMpegBinding.build/Debug/FFMpegBinding-t.build/Objects-normal/arm64/FFMpegAVCodecContext.o -index-unit-output-path /FFMpegBinding.build/Debug/FFMpegBinding-t.build/Objects-normal/arm64/FFMpegAVCodecContext.o

ScanDependencies /Users/buddhirajgautam/Library/Developer/Xcode/DerivedData/Telegram-Mac-fygdgghdgmuleoelvxabfmqiotta/Build/Intermediates.noindex/Promises.build/Debug/FBLPromises-t.build/Objects-normal/arm64/resource_bundle_accessor.o /Users/buddhirajgautam/Library/Developer/Xcode/DerivedData/Telegram-Mac-fygdgghdgmuleoelvxabfmqiotta/Build/Intermediates.noindex/Promises.build/Debug/FBLPromises-t.build/DerivedSources/resource_bundle_accessor.m normal arm64 objective-c com.apple.compilers.llvm.clang.1_0.compiler (in target 'FBLPromises' from project 'Promises')
    cd /Users/buddhirajgautam/Documents/Cherrygram-Mac/macOS-Swift
    
    Using response file: /Users/buddhirajgautam/Library/Developer/Xcode/DerivedData/Telegram-Mac-fygdgghdgmuleoelvxabfmqiotta/Build/Intermediates.noindex/Promises.build/Debug/FBLPromises-t.build/Objects-normal/arm64/e6072d4f65d7061329687fe24e3d63a7-common-args.resp
    
    builtin-ScanDependencies -o /Users/buddhirajgautam/Library/Developer/Xcode/DerivedData/Telegram-Mac-fygdgghdgmuleoelvxabfmqiotta/Build/Intermediates.noindex/Promises.build/Debug/FBLPromises-t.build/Objects-normal/arm64/resource_bundle_accessor.o.scan -- /Applications/Xcode.app/Contents/Developer/Toolchains/XcodeDefault.xctoolchain/usr/bin/clang -x objective-c -ivfsstatcache /Users/buddhirajgautam/Library/Developer/Xcode/DerivedData/SDKStatCaches.noindex/macosx27.0-26A425-e829b21a6f8c9b70876ba0858053c0447231f6df4def33e022ae2eb8f782df1a.sdkstatcache -target arm64-apple-macos12.0 -fmessage-length\=0 -fdiagnostics-show-note-include-stack -fmacro-backtrace-limit\=0 -fno-color-diagnostics -fmodules-prune-interval\=86400 -fmodules-prune-after\=345600 -fbuild-session-file\=/Users/buddhirajgautam/Library/Developer/Xcode/DerivedData/ModuleCache.noindex/Session.modulevalidation -fmodules-validate-once-per-build-session -Wnon-modular-include-in-framework-module -Werror\=non-modular-include-in-framework-module -Wno-trigraphs -Wno-missing-field-initializers -Wno-missing-prototypes -Wno-return-type -Wno-implicit-atomic-properties -Wno-objc-interface-ivars -Wno-arc-repeated-use-of-weak -Wno-missing-braces -Wparentheses -Wswitch -Wno-unused-function -Wno-unused-label -Wno-unused-parameter -Wno-unused-variable -Wunused-value -Wno-empty-body -Wno-uninitialized -Wno-unknown-pragmas -w -Wno-shadow -Wno-four-char-constants -Wno-conversion -Wno-constant-conversion -Wno-int-conversion -Wno-bool-conversion -Wno-enum-conversion -Wno-float-conversion -Wno-non-literal-null-conversion -Wno-objc-literal-conversion -Wshorten-64-to-32 -Wpointer-sign -Wno-newline-eof -Wno-selector -Wno-strict-selector-match -Wno-undeclared-selector -Wno-deprecated-implementations -Wno-implicit-fallthrough -isysroot /Applications/Xcode.app/Contents/Developer/Platforms/MacOSX.platform/Developer/SDKs/MacOSX27.0.sdk -fstrict-aliasing -Wprotocol -Wdeprecated-declarations -Wno-sign-conversion -Wno-infinite-recursion -Wno-comma -Wno-block-capture-autoreleasing -Wno-strict-prototypes -Wno-semicolon-before-method-body -index-store-path /Users/buddhirajgautam/Library/Developer/Xcode/DerivedData/Telegram-Mac-fygdgghdgmuleoelvxabfmqiotta/Index.noindex/DataStore @/Users/buddhirajgautam/Library/Developer/Xcode/DerivedData/Telegram-Mac-fygdgghdgmuleoelvxabfmqiotta/Build/Intermediates.noindex/Promises.build/Debug/FBLPromises-t.build/Objects-normal/arm64/e6072d4f65d7061329687fe24e3d63a7-common-args.resp -include /Users/buddhirajgautam/Library/Developer/Xcode/DerivedData/Telegram-Mac-fygdgghdgmuleoelvxabfmqiotta/Build/Intermediates.noindex/Promises.build/Debug/FBLPromises-t.build/DerivedSources/resource_bundle_accessor.h -MMD -MT dependencies -MF /Users/buddhirajgautam/Library/Developer/Xcode/DerivedData/Telegram-Mac-fygdgghdgmuleoelvxabfmqiotta/Build/Intermediates.noindex/Promises.build/Debug/FBLPromises-t.build/Objects-normal/arm64/resource_bundle_accessor.d --serialize-diagnostics /Users/buddhirajgautam/Library/Developer/Xcode/DerivedData/Telegram-Mac-fygdgghdgmuleoelvxabfmqiotta/Build/Intermediates.noindex/Promises.build/Debug/FBLPromises-t.build/Objects-normal/arm64/resource_bundle_accessor.dia -c /Users/buddhirajgautam/Library/Developer/Xcode/DerivedData/Telegram-Mac-fygdgghdgmuleoelvxabfmqiotta/Build/Intermediates.noindex/Promises.build/Debug/FBLPromises-t.build/DerivedSources/resource_bundle_accessor.m -o /Users/buddhirajgautam/Library/Developer/Xcode/DerivedData/Telegram-Mac-fygdgghdgmuleoelvxabfmqiotta/Build/Intermediates.noindex/Promises.build/Debug/FBLPromises-t.build/Objects-normal/arm64/resource_bundle_accessor.o -index-unit-output-path /Promises.build/Debug/FBLPromises-t.build/Objects-normal/arm64/resource_bundle_accessor.o

PrecompileModule /Users/buddhirajgautam/Library/Developer/Xcode/DerivedData/Telegram-Mac-fygdgghdgmuleoelvxabfmqiotta/Build/Intermediates.noindex/ExplicitPrecompiledModules/CoreText-6L46WYJLQD8KTANJG5XGIVQFB.scan
    cd /
    builtin-precompileModule /Users/buddhirajgautam/Library/Developer/Xcode/DerivedData/Telegram-Mac-fygdgghdgmuleoelvxabfmqiotta/Build/Intermediates.noindex/ExplicitPrecompiledModules/CoreText-6L46WYJLQD8KTANJG5XGIVQFB.scan

CompileC /Users/buddhirajgautam/Library/Developer/Xcode/DerivedData/Telegram-Mac-fygdgghdgmuleoelvxabfmqiotta/Build/Intermediates.noindex/FFMpegBinding.build/Debug/FFMpegBinding-t.build/Objects-normal/arm64/FFMpegAVFormatContext.o /Users/buddhirajgautam/Documents/Cherrygram-Mac/macOS-Swift/submodules/telegram-ios/submodules/FFMpegBinding/Sources/FFMpegAVFormatContext.m normal arm64 objective-c com.apple.compilers.llvm.clang.1_0.compiler (in target 'FFMpegBinding' from project 'FFMpegBinding')
    cd /Users/buddhirajgautam/Documents/Cherrygram-Mac/macOS-Swift
    
    Using response file: /Users/buddhirajgautam/Library/Developer/Xcode/DerivedData/Telegram-Mac-fygdgghdgmuleoelvxabfmqiotta/Build/Intermediates.noindex/FFMpegBinding.build/Debug/FFMpegBinding-t.build/Objects-normal/arm64/e6072d4f65d7061329687fe24e3d63a7-common-args.resp
    
    /Applications/Xcode.app/Contents/Developer/Toolchains/XcodeDefault.xctoolchain/usr/bin/clang -x objective-c -ivfsstatcache /Users/buddhirajgautam/Library/Developer/Xcode/DerivedData/SDKStatCaches.noindex/macosx27.0-26A425-e829b21a6f8c9b70876ba0858053c0447231f6df4def33e022ae2eb8f782df1a.sdkstatcache -target arm64-apple-macos12.0 -fmessage-length\=0 -fdiagnostics-show-note-include-stack -fmacro-backtrace-limit\=0 -fno-color-diagnostics -fmodules-prune-interval\=86400 -fmodules-prune-after\=345600 -fbuild-session-file\=/Users/buddhirajgautam/Library/Developer/Xcode/DerivedData/ModuleCache.noindex/Session.modulevalidation -fmodules-validate-once-per-build-session -Wnon-modular-include-in-framework-module -Werror\=non-modular-include-in-framework-module -Wno-trigraphs -Wno-missing-field-initializers -Wno-missing-prototypes -Wno-return-type -Wno-implicit-atomic-properties -Wno-objc-interface-ivars -Wno-arc-repeated-use-of-weak -Wno-missing-braces -Wparentheses -Wswitch -Wno-unused-function -Wno-unused-label -Wno-unused-parameter -Wno-unused-variable -Wunused-value -Wno-empty-body -Wno-uninitialized -Wno-unknown-pragmas -Wno-shadow -Wno-four-char-constants -Wno-conversion -Wno-constant-conversion -Wno-int-conversion -Wno-bool-conversion -Wno-enum-conversion -Wno-float-conversion -Wno-non-literal-null-conversion -Wno-objc-literal-conversion -Wshorten-64-to-32 -Wpointer-sign -Wno-newline-eof -Wno-selector -Wno-strict-selector-match -Wno-undeclared-selector -Wno-deprecated-implementations -Wno-implicit-fallthrough -isysroot /Applications/Xcode.app/Contents/Developer/Platforms/MacOSX.platform/Developer/SDKs/MacOSX27.0.sdk -fstrict-aliasing -Wprotocol -Wdeprecated-declarations -Wno-sign-conversion -Wno-infinite-recursion -Wno-comma -Wno-block-capture-autoreleasing -Wno-strict-prototypes -Wno-semicolon-before-method-body -index-store-path /Users/buddhirajgautam/Library/Developer/Xcode/DerivedData/Telegram-Mac-fygdgghdgmuleoelvxabfmqiotta/Index.noindex/DataStore @/Users/buddhirajgautam/Library/Developer/Xcode/DerivedData/Telegram-Mac-fygdgghdgmuleoelvxabfmqiotta/Build/Intermediates.noindex/FFMpegBinding.build/Debug/FFMpegBinding-t.build/Objects-normal/arm64/e6072d4f65d7061329687fe24e3d63a7-common-args.resp -MMD -MT dependencies -MF /Users/buddhirajgautam/Library/Developer/Xcode/DerivedData/Telegram-Mac-fygdgghdgmuleoelvxabfmqiotta/Build/Intermediates.noindex/FFMpegBinding.build/Debug/FFMpegBinding-t.build/Objects-normal/arm64/FFMpegAVFormatContext.d --serialize-diagnostics /Users/buddhirajgautam/Library/Developer/Xcode/DerivedData/Telegram-Mac-fygdgghdgmuleoelvxabfmqiotta/Build/Intermediates.noindex/FFMpegBinding.build/Debug/FFMpegBinding-t.build/Objects-normal/arm64/FFMpegAVFormatContext.dia -c /Users/buddhirajgautam/Documents/Cherrygram-Mac/macOS-Swift/submodules/telegram-ios/submodules/FFMpegBinding/Sources/FFMpegAVFormatContext.m -o /Users/buddhirajgautam/Library/Developer/Xcode/DerivedData/Telegram-Mac-fygdgghdgmuleoelvxabfmqiotta/Build/Intermediates.noindex/FFMpegBinding.build/Debug/FFMpegBinding-t.build/Objects-normal/arm64/FFMpegAVFormatContext.o -index-unit-output-path /FFMpegBinding.build/Debug/FFMpegBinding-t.build/Objects-normal/arm64/FFMpegAVFormatContext.o

PrecompileModule /Users/buddhirajgautam/Library/Developer/Xcode/DerivedData/Telegram-Mac-fygdgghdgmuleoelvxabfmqiotta/Build/Intermediates.noindex/ExplicitPrecompiledModules/ImageIO-A6OV08ESPF8EKTVWZANI2NF5F.scan
    cd /
    builtin-precompileModule /Users/buddhirajgautam/Library/Developer/Xcode/DerivedData/Telegram-Mac-fygdgghdgmuleoelvxabfmqiotta/Build/Intermediates.noindex/ExplicitPrecompiledModules/ImageIO-A6OV08ESPF8EKTVWZANI2NF5F.scan

CompileC /Users/buddhirajgautam/Library/Developer/Xcode/DerivedData/Telegram-Mac-fygdgghdgmuleoelvxabfmqiotta/Build/Intermediates.noindex/FFMpegBinding.build/Debug/FFMpegBinding-t.build/Objects-normal/arm64/FFMpegAVCodec.o /Users/buddhirajgautam/Documents/Cherrygram-Mac/macOS-Swift/submodules/telegram-ios/submodules/FFMpegBinding/Sources/FFMpegAVCodec.m normal arm64 objective-c com.apple.compilers.llvm.clang.1_0.compiler (in target 'FFMpegBinding' from project 'FFMpegBinding')
    cd /Users/buddhirajgautam/Documents/Cherrygram-Mac/macOS-Swift
    
    Using response file: /Users/buddhirajgautam/Library/Developer/Xcode/DerivedData/Telegram-Mac-fygdgghdgmuleoelvxabfmqiotta/Build/Intermediates.noindex/FFMpegBinding.build/Debug/FFMpegBinding-t.build/Objects-normal/arm64/e6072d4f65d7061329687fe24e3d63a7-common-args.resp
    
    /Applications/Xcode.app/Contents/Developer/Toolchains/XcodeDefault.xctoolchain/usr/bin/clang -x objective-c -ivfsstatcache /Users/buddhirajgautam/Library/Developer/Xcode/DerivedData/SDKStatCaches.noindex/macosx27.0-26A425-e829b21a6f8c9b70876ba0858053c0447231f6df4def33e022ae2eb8f782df1a.sdkstatcache -target arm64-apple-macos12.0 -fmessage-length\=0 -fdiagnostics-show-note-include-stack -fmacro-backtrace-limit\=0 -fno-color-diagnostics -fmodules-prune-interval\=86400 -fmodules-prune-after\=345600 -fbuild-session-file\=/Users/buddhirajgautam/Library/Developer/Xcode/DerivedData/ModuleCache.noindex/Session.modulevalidation -fmodules-validate-once-per-build-session -Wnon-modular-include-in-framework-module -Werror\=non-modular-include-in-framework-module -Wno-trigraphs -Wno-missing-field-initializers -Wno-missing-prototypes -Wno-return-type -Wno-implicit-atomic-properties -Wno-objc-interface-ivars -Wno-arc-repeated-use-of-weak -Wno-missing-braces -Wparentheses -Wswitch -Wno-unused-function -Wno-unused-label -Wno-unused-parameter -Wno-unused-variable -Wunused-value -Wno-empty-body -Wno-uninitialized -Wno-unknown-pragmas -Wno-shadow -Wno-four-char-constants -Wno-conversion -Wno-constant-conversion -Wno-int-conversion -Wno-bool-conversion -Wno-enum-conversion -Wno-float-conversion -Wno-non-literal-null-conversion -Wno-objc-literal-conversion -Wshorten-64-to-32 -Wpointer-sign -Wno-newline-eof -Wno-selector -Wno-strict-selector-match -Wno-undeclared-selector -Wno-deprecated-implementations -Wno-implicit-fallthrough -isysroot /Applications/Xcode.app/Contents/Developer/Platforms/MacOSX.platform/Developer/SDKs/MacOSX27.0.sdk -fstrict-aliasing -Wprotocol -Wdeprecated-declarations -Wno-sign-conversion -Wno-infinite-recursion -Wno-comma -Wno-block-capture-autoreleasing -Wno-strict-prototypes -Wno-semicolon-before-method-body -index-store-path /Users/buddhirajgautam/Library/Developer/Xcode/DerivedData/Telegram-Mac-fygdgghdgmuleoelvxabfmqiotta/Index.noindex/DataStore @/Users/buddhirajgautam/Library/Developer/Xcode/DerivedData/Telegram-Mac-fygdgghdgmuleoelvxabfmqiotta/Build/Intermediates.noindex/FFMpegBinding.build/Debug/FFMpegBinding-t.build/Objects-normal/arm64/e6072d4f65d7061329687fe24e3d63a7-common-args.resp -MMD -MT dependencies -MF /Users/buddhirajgautam/Library/Developer/Xcode/DerivedData/Telegram-Mac-fygdgghdgmuleoelvxabfmqiotta/Build/Intermediates.noindex/FFMpegBinding.build/Debug/FFMpegBinding-t.build/Objects-normal/arm64/FFMpegAVCodec.d --serialize-diagnostics /Users/buddhirajgautam/Library/Developer/Xcode/DerivedData/Telegram-Mac-fygdgghdgmuleoelvxabfmqiotta/Build/Intermediates.noindex/FFMpegBinding.build/Debug/FFMpegBinding-t.build/Objects-normal/arm64/FFMpegAVCodec.dia -c /Users/buddhirajgautam/Documents/Cherrygram-Mac/macOS-Swift/submodules/telegram-ios/submodules/FFMpegBinding/Sources/FFMpegAVCodec.m -o /Users/buddhirajgautam/Library/Developer/Xcode/DerivedData/Telegram-Mac-fygdgghdgmuleoelvxabfmqiotta/Build/Intermediates.noindex/FFMpegBinding.build/Debug/FFMpegBinding-t.build/Objects-normal/arm64/FFMpegAVCodec.o -index-unit-output-path /FFMpegBinding.build/Debug/FFMpegBinding-t.build/Objects-normal/arm64/FFMpegAVCodec.o

ScanDependencies /Users/buddhirajgautam/Library/Developer/Xcode/DerivedData/Telegram-Mac-fygdgghdgmuleoelvxabfmqiotta/Build/Intermediates.noindex/Promises.build/Debug/FBLPromises-t.build/Objects-normal/arm64/FBLPromiseError.o /Users/buddhirajgautam/Library/Developer/Xcode/DerivedData/Telegram-Mac-fygdgghdgmuleoelvxabfmqiotta/SourcePackages/checkouts/promises/Sources/FBLPromises/FBLPromiseError.m normal arm64 objective-c com.apple.compilers.llvm.clang.1_0.compiler (in target 'FBLPromises' from project 'Promises')
    cd /Users/buddhirajgautam/Documents/Cherrygram-Mac/macOS-Swift
    
    Using response file: /Users/buddhirajgautam/Library/Developer/Xcode/DerivedData/Telegram-Mac-fygdgghdgmuleoelvxabfmqiotta/Build/Intermediates.noindex/Promises.build/Debug/FBLPromises-t.build/Objects-normal/arm64/e6072d4f65d7061329687fe24e3d63a7-common-args.resp
    
    builtin-ScanDependencies -o /Users/buddhirajgautam/Library/Developer/Xcode/DerivedData/Telegram-Mac-fygdgghdgmuleoelvxabfmqiotta/Build/Intermediates.noindex/Promises.build/Debug/FBLPromises-t.build/Objects-normal/arm64/FBLPromiseError.o.scan -- /Applications/Xcode.app/Contents/Developer/Toolchains/XcodeDefault.xctoolchain/usr/bin/clang -x objective-c -ivfsstatcache /Users/buddhirajgautam/Library/Developer/Xcode/DerivedData/SDKStatCaches.noindex/macosx27.0-26A425-e829b21a6f8c9b70876ba0858053c0447231f6df4def33e022ae2eb8f782df1a.sdkstatcache -target arm64-apple-macos12.0 -fmessage-length\=0 -fdiagnostics-show-note-include-stack -fmacro-backtrace-limit\=0 -fno-color-diagnostics -fmodules-prune-interval\=86400 -fmodules-prune-after\=345600 -fbuild-session-file\=/Users/buddhirajgautam/Library/Developer/Xcode/DerivedData/ModuleCache.noindex/Session.modulevalidation -fmodules-validate-once-per-build-session -Wnon-modular-include-in-framework-module -Werror\=non-modular-include-in-framework-module -Wno-trigraphs -Wno-missing-field-initializers -Wno-missing-prototypes -Wno-return-type -Wno-implicit-atomic-properties -Wno-objc-interface-ivars -Wno-arc-repeated-use-of-weak -Wno-missing-braces -Wparentheses -Wswitch -Wno-unused-function -Wno-unused-label -Wno-unused-parameter -Wno-unused-variable -Wunused-value -Wno-empty-body -Wno-uninitialized -Wno-unknown-pragmas -w -Wno-shadow -Wno-four-char-constants -Wno-conversion -Wno-constant-conversion -Wno-int-conversion -Wno-bool-conversion -Wno-enum-conversion -Wno-float-conversion -Wno-non-literal-null-conversion -Wno-objc-literal-conversion -Wshorten-64-to-32 -Wpointer-sign -Wno-newline-eof -Wno-selector -Wno-strict-selector-match -Wno-undeclared-selector -Wno-deprecated-implementations -Wno-implicit-fallthrough -isysroot /Applications/Xcode.app/Contents/Developer/Platforms/MacOSX.platform/Developer/SDKs/MacOSX27.0.sdk -fstrict-aliasing -Wprotocol -Wdeprecated-declarations -Wno-sign-conversion -Wno-infinite-recursion -Wno-comma -Wno-block-capture-autoreleasing -Wno-strict-prototypes -Wno-semicolon-before-method-body -index-store-path /Users/buddhirajgautam/Library/Developer/Xcode/DerivedData/Telegram-Mac-fygdgghdgmuleoelvxabfmqiotta/Index.noindex/DataStore @/Users/buddhirajgautam/Library/Developer/Xcode/DerivedData/Telegram-Mac-fygdgghdgmuleoelvxabfmqiotta/Build/Intermediates.noindex/Promises.build/Debug/FBLPromises-t.build/Objects-normal/arm64/e6072d4f65d7061329687fe24e3d63a7-common-args.resp -include /Users/buddhirajgautam/Library/Developer/Xcode/DerivedData/Telegram-Mac-fygdgghdgmuleoelvxabfmqiotta/Build/Intermediates.noindex/Promises.build/Debug/FBLPromises-t.build/DerivedSources/resource_bundle_accessor.h -MMD -MT dependencies -MF /Users/buddhirajgautam/Library/Developer/Xcode/DerivedData/Telegram-Mac-fygdgghdgmuleoelvxabfmqiotta/Build/Intermediates.noindex/Promises.build/Debug/FBLPromises-t.build/Objects-normal/arm64/FBLPromiseError.d --serialize-diagnostics /Users/buddhirajgautam/Library/Developer/Xcode/DerivedData/Telegram-Mac-fygdgghdgmuleoelvxabfmqiotta/Build/Intermediates.noindex/Promises.build/Debug/FBLPromises-t.build/Objects-normal/arm64/FBLPromiseError.dia -c /Users/buddhirajgautam/Library/Developer/Xcode/DerivedData/Telegram-Mac-fygdgghdgmuleoelvxabfmqiotta/SourcePackages/checkouts/promises/Sources/FBLPromises/FBLPromiseError.m -o /Users/buddhirajgautam/Library/Developer/Xcode/DerivedData/Telegram-Mac-fygdgghdgmuleoelvxabfmqiotta/Build/Intermediates.noindex/Promises.build/Debug/FBLPromises-t.build/Objects-normal/arm64/FBLPromiseError.o -index-unit-output-path /Promises.build/Debug/FBLPromises-t.build/Objects-normal/arm64/FBLPromiseError.o

ScanDependencies /Users/buddhirajgautam/Library/Developer/Xcode/DerivedData/Telegram-Mac-fygdgghdgmuleoelvxabfmqiotta/Build/Intermediates.noindex/Promises.build/Debug/FBLPromises-t.build/Objects-normal/arm64/FBLPromise.o /Users/buddhirajgautam/Library/Developer/Xcode/DerivedData/Telegram-Mac-fygdgghdgmuleoelvxabfmqiotta/SourcePackages/checkouts/promises/Sources/FBLPromises/FBLPromise.m normal arm64 objective-c com.apple.compilers.llvm.clang.1_0.compiler (in target 'FBLPromises' from project 'Promises')
    cd /Users/buddhirajgautam/Documents/Cherrygram-Mac/macOS-Swift
    
    Using response file: /Users/buddhirajgautam/Library/Developer/Xcode/DerivedData/Telegram-Mac-fygdgghdgmuleoelvxabfmqiotta/Build/Intermediates.noindex/Promises.build/Debug/FBLPromises-t.build/Objects-normal/arm64/e6072d4f65d7061329687fe24e3d63a7-common-args.resp
    
    builtin-ScanDependencies -o /Users/buddhirajgautam/Library/Developer/Xcode/DerivedData/Telegram-Mac-fygdgghdgmuleoelvxabfmqiotta/Build/Intermediates.noindex/Promises.build/Debug/FBLPromises-t.build/Objects-normal/arm64/FBLPromise.o.scan -- /Applications/Xcode.app/Contents/Developer/Toolchains/XcodeDefault.xctoolchain/usr/bin/clang -x objective-c -ivfsstatcache /Users/buddhirajgautam/Library/Developer/Xcode/DerivedData/SDKStatCaches.noindex/macosx27.0-26A425-e829b21a6f8c9b70876ba0858053c0447231f6df4def33e022ae2eb8f782df1a.sdkstatcache -target arm64-apple-macos12.0 -fmessage-length\=0 -fdiagnostics-show-note-include-stack -fmacro-backtrace-limit\=0 -fno-color-diagnostics -fmodules-prune-interval\=86400 -fmodules-prune-after\=345600 -fbuild-session-file\=/Users/buddhirajgautam/Library/Developer/Xcode/DerivedData/ModuleCache.noindex/Session.modulevalidation -fmodules-validate-once-per-build-session -Wnon-modular-include-in-framework-module -Werror\=non-modular-include-in-framework-module -Wno-trigraphs -Wno-missing-field-initializers -Wno-missing-prototypes -Wno-return-type -Wno-implicit-atomic-properties -Wno-objc-interface-ivars -Wno-arc-repeated-use-of-weak -Wno-missing-braces -Wparentheses -Wswitch -Wno-unused-function -Wno-unused-label -Wno-unused-parameter -Wno-unused-variable -Wunused-value -Wno-empty-body -Wno-uninitialized -Wno-unknown-pragmas -w -Wno-shadow -Wno-four-char-constants -Wno-conversion -Wno-constant-conversion -Wno-int-conversion -Wno-bool-conversion -Wno-enum-conversion -Wno-float-conversion -Wno-non-literal-null-conversion -Wno-objc-literal-conversion -Wshorten-64-to-32 -Wpointer-sign -Wno-newline-eof -Wno-selector -Wno-strict-selector-match -Wno-undeclared-selector -Wno-deprecated-implementations -Wno-implicit-fallthrough -isysroot /Applications/Xcode.app/Contents/Developer/Platforms/MacOSX.platform/Developer/SDKs/MacOSX27.0.sdk -fstrict-aliasing -Wprotocol -Wdeprecated-declarations -Wno-sign-conversion -Wno-infinite-recursion -Wno-comma -Wno-block-capture-autoreleasing -Wno-strict-prototypes -Wno-semicolon-before-method-body -index-store-path /Users/buddhirajgautam/Library/Developer/Xcode/DerivedData/Telegram-Mac-fygdgghdgmuleoelvxabfmqiotta/Index.noindex/DataStore @/Users/buddhirajgautam/Library/Developer/Xcode/DerivedData/Telegram-Mac-fygdgghdgmuleoelvxabfmqiotta/Build/Intermediates.noindex/Promises.build/Debug/FBLPromises-t.build/Objects-normal/arm64/e6072d4f65d7061329687fe24e3d63a7-common-args.resp -include /Users/buddhirajgautam/Library/Developer/Xcode/DerivedData/Telegram-Mac-fygdgghdgmuleoelvxabfmqiotta/Build/Intermediates.noindex/Promises.build/Debug/FBLPromises-t.build/DerivedSources/resource_bundle_accessor.h -MMD -MT dependencies -MF /Users/buddhirajgautam/Library/Developer/Xcode/DerivedData/Telegram-Mac-fygdgghdgmuleoelvxabfmqiotta/Build/Intermediates.noindex/Promises.build/Debug/FBLPromises-t.build/Objects-normal/arm64/FBLPromise.d --serialize-diagnostics /Users/buddhirajgautam/Library/Developer/Xcode/DerivedData/Telegram-Mac-fygdgghdgmuleoelvxabfmqiotta/Build/Intermediates.noindex/Promises.build/Debug/FBLPromises-t.build/Objects-normal/arm64/FBLPromise.dia -c /Users/buddhirajgautam/Library/Developer/Xcode/DerivedData/Telegram-Mac-fygdgghdgmuleoelvxabfmqiotta/SourcePackages/checkouts/promises/Sources/FBLPromises/FBLPromise.m -o /Users/buddhirajgautam/Library/Developer/Xcode/DerivedData/Telegram-Mac-fygdgghdgmuleoelvxabfmqiotta/Build/Intermediates.noindex/Promises.build/Debug/FBLPromises-t.build/Objects-normal/arm64/FBLPromise.o -index-unit-output-path /Promises.build/Debug/FBLPromises-t.build/Objects-normal/arm64/FBLPromise.o

ScanDependencies /Users/buddhirajgautam/Library/Developer/Xcode/DerivedData/Telegram-Mac-fygdgghdgmuleoelvxabfmqiotta/Build/Intermediates.noindex/Promises.build/Debug/FBLPromises-t.build/Objects-normal/arm64/FBLPromise+Wrap.o /Users/buddhirajgautam/Library/Developer/Xcode/DerivedData/Telegram-Mac-fygdgghdgmuleoelvxabfmqiotta/SourcePackages/checkouts/promises/Sources/FBLPromises/FBLPromise+Wrap.m normal arm64 objective-c com.apple.compilers.llvm.clang.1_0.compiler (in target 'FBLPromises' from project 'Promises')
    cd /Users/buddhirajgautam/Documents/Cherrygram-Mac/macOS-Swift
    
    Using response file: /Users/buddhirajgautam/Library/Developer/Xcode/DerivedData/Telegram-Mac-fygdgghdgmuleoelvxabfmqiotta/Build/Intermediates.noindex/Promises.build/Debug/FBLPromises-t.build/Objects-normal/arm64/e6072d4f65d7061329687fe24e3d63a7-common-args.resp
    
    builtin-ScanDependencies -o /Users/buddhirajgautam/Library/Developer/Xcode/DerivedData/Telegram-Mac-fygdgghdgmuleoelvxabfmqiotta/Build/Intermediates.noindex/Promises.build/Debug/FBLPromises-t.build/Objects-normal/arm64/FBLPromise+Wrap.o.scan -- /Applications/Xcode.app/Contents/Developer/Toolchains/XcodeDefault.xctoolchain/usr/bin/clang -x objective-c -ivfsstatcache /Users/buddhirajgautam/Library/Developer/Xcode/DerivedData/SDKStatCaches.noindex/macosx27.0-26A425-e829b21a6f8c9b70876ba0858053c0447231f6df4def33e022ae2eb8f782df1a.sdkstatcache -target arm64-apple-macos12.0 -fmessage-length\=0 -fdiagnostics-show-note-include-stack -fmacro-backtrace-limit\=0 -fno-color-diagnostics -fmodules-prune-interval\=86400 -fmodules-prune-after\=345600 -fbuild-session-file\=/Users/buddhirajgautam/Library/Developer/Xcode/DerivedData/ModuleCache.noindex/Session.modulevalidation -fmodules-validate-once-per-build-session -Wnon-modular-include-in-framework-module -Werror\=non-modular-include-in-framework-module -Wno-trigraphs -Wno-missing-field-initializers -Wno-missing-prototypes -Wno-return-type -Wno-implicit-atomic-properties -Wno-objc-interface-ivars -Wno-arc-repeated-use-of-weak -Wno-missing-braces -Wparentheses -Wswitch -Wno-unused-function -Wno-unused-label -Wno-unused-parameter -Wno-unused-variable -Wunused-value -Wno-empty-body -Wno-uninitialized -Wno-unknown-pragmas -w -Wno-shadow -Wno-four-char-constants -Wno-conversion -Wno-constant-conversion -Wno-int-conversion -Wno-bool-conversion -Wno-enum-conversion -Wno-float-conversion -Wno-non-literal-null-conversion -Wno-objc-literal-conversion -Wshorten-64-to-32 -Wpointer-sign -Wno-newline-eof -Wno-selector -Wno-strict-selector-match -Wno-undeclared-selector -Wno-deprecated-implementations -Wno-implicit-fallthrough -isysroot /Applications/Xcode.app/Contents/Developer/Platforms/MacOSX.platform/Developer/SDKs/MacOSX27.0.sdk -fstrict-aliasing -Wprotocol -Wdeprecated-declarations -Wno-sign-conversion -Wno-infinite-recursion -Wno-comma -Wno-block-capture-autoreleasing -Wno-strict-prototypes -Wno-semicolon-before-method-body -index-store-path /Users/buddhirajgautam/Library/Developer/Xcode/DerivedData/Telegram-Mac-fygdgghdgmuleoelvxabfmqiotta/Index.noindex/DataStore @/Users/buddhirajgautam/Library/Developer/Xcode/DerivedData/Telegram-Mac-fygdgghdgmuleoelvxabfmqiotta/Build/Intermediates.noindex/Promises.build/Debug/FBLPromises-t.build/Objects-normal/arm64/e6072d4f65d7061329687fe24e3d63a7-common-args.resp -include /Users/buddhirajgautam/Library/Developer/Xcode/DerivedData/Telegram-Mac-fygdgghdgmuleoelvxabfmqiotta/Build/Intermediates.noindex/Promises.build/Debug/FBLPromises-t.build/DerivedSources/resource_bundle_accessor.h -MMD -MT dependencies -MF /Users/buddhirajgautam/Library/Developer/Xcode/DerivedData/Telegram-Mac-fygdgghdgmuleoelvxabfmqiotta/Build/Intermediates.noindex/Promises.build/Debug/FBLPromises-t.build/Objects-normal/arm64/FBLPromise+Wrap.d --serialize-diagnostics /Users/buddhirajgautam/Library/Developer/Xcode/DerivedData/Telegram-Mac-fygdgghdgmuleoelvxabfmqiotta/Build/Intermediates.noindex/Promises.build/Debug/FBLPromises-t.build/Objects-normal/arm64/FBLPromise+Wrap.dia -c /Users/buddhirajgautam/Library/Developer/Xcode/DerivedData/Telegram-Mac-fygdgghdgmuleoelvxabfmqiotta/SourcePackages/checkouts/promises/Sources/FBLPromises/FBLPromise+Wrap.m -o /Users/buddhirajgautam/Library/Developer/Xcode/DerivedData/Telegram-Mac-fygdgghdgmuleoelvxabfmqiotta/Build/Intermediates.noindex/Promises.build/Debug/FBLPromises-t.build/Objects-normal/arm64/FBLPromise+Wrap.o -index-unit-output-path /Promises.build/Debug/FBLPromises-t.build/Objects-normal/arm64/FBLPromise+Wrap.o

ScanDependencies /Users/buddhirajgautam/Library/Developer/Xcode/DerivedData/Telegram-Mac-fygdgghdgmuleoelvxabfmqiotta/Build/Intermediates.noindex/Promises.build/Debug/FBLPromises-t.build/Objects-normal/arm64/FBLPromise+Validate.o /Users/buddhirajgautam/Library/Developer/Xcode/DerivedData/Telegram-Mac-fygdgghdgmuleoelvxabfmqiotta/SourcePackages/checkouts/promises/Sources/FBLPromises/FBLPromise+Validate.m normal arm64 objective-c com.apple.compilers.llvm.clang.1_0.compiler (in target 'FBLPromises' from project 'Promises')
    cd /Users/buddhirajgautam/Documents/Cherrygram-Mac/macOS-Swift
    
    Using response file: /Users/buddhirajgautam/Library/Developer/Xcode/DerivedData/Telegram-Mac-fygdgghdgmuleoelvxabfmqiotta/Build/Intermediates.noindex/Promises.build/Debug/FBLPromises-t.build/Objects-normal/arm64/e6072d4f65d7061329687fe24e3d63a7-common-args.resp
    
    builtin-ScanDependencies -o /Users/buddhirajgautam/Library/Developer/Xcode/DerivedData/Telegram-Mac-fygdgghdgmuleoelvxabfmqiotta/Build/Intermediates.noindex/Promises.build/Debug/FBLPromises-t.build/Objects-normal/arm64/FBLPromise+Validate.o.scan -- /Applications/Xcode.app/Contents/Developer/Toolchains/XcodeDefault.xctoolchain/usr/bin/clang -x objective-c -ivfsstatcache /Users/buddhirajgautam/Library/Developer/Xcode/DerivedData/SDKStatCaches.noindex/macosx27.0-26A425-e829b21a6f8c9b70876ba0858053c0447231f6df4def33e022ae2eb8f782df1a.sdkstatcache -target arm64-apple-macos12.0 -fmessage-length\=0 -fdiagnostics-show-note-include-stack -fmacro-backtrace-limit\=0 -fno-color-diagnostics -fmodules-prune-interval\=86400 -fmodules-prune-after\=345600 -fbuild-session-file\=/Users/buddhirajgautam/Library/Developer/Xcode/DerivedData/ModuleCache.noindex/Session.modulevalidation -fmodules-validate-once-per-build-session -Wnon-modular-include-in-framework-module -Werror\=non-modular-include-in-framework-module -Wno-trigraphs -Wno-missing-field-initializers -Wno-missing-prototypes -Wno-return-type -Wno-implicit-atomic-properties -Wno-objc-interface-ivars -Wno-arc-repeated-use-of-weak -Wno-missing-braces -Wparentheses -Wswitch -Wno-unused-function -Wno-unused-label -Wno-unused-parameter -Wno-unused-variable -Wunused-value -Wno-empty-body -Wno-uninitialized -Wno-unknown-pragmas -w -Wno-shadow -Wno-four-char-constants -Wno-conversion -Wno-constant-conversion -Wno-int-conversion -Wno-bool-conversion -Wno-enum-conversion -Wno-float-conversion -Wno-non-literal-null-conversion -Wno-objc-literal-conversion -Wshorten-64-to-32 -Wpointer-sign -Wno-newline-eof -Wno-selector -Wno-strict-selector-match -Wno-undeclared-selector -Wno-deprecated-implementations -Wno-implicit-fallthrough -isysroot /Applications/Xcode.app/Contents/Developer/Platforms/MacOSX.platform/Developer/SDKs/MacOSX27.0.sdk -fstrict-aliasing -Wprotocol -Wdeprecated-declarations -Wno-sign-conversion -Wno-infinite-recursion -Wno-comma -Wno-block-capture-autoreleasing -Wno-strict-prototypes -Wno-semicolon-before-method-body -index-store-path /Users/buddhirajgautam/Library/Developer/Xcode/DerivedData/Telegram-Mac-fygdgghdgmuleoelvxabfmqiotta/Index.noindex/DataStore @/Users/buddhirajgautam/Library/Developer/Xcode/DerivedData/Telegram-Mac-fygdgghdgmuleoelvxabfmqiotta/Build/Intermediates.noindex/Promises.build/Debug/FBLPromises-t.build/Objects-normal/arm64/e6072d4f65d7061329687fe24e3d63a7-common-args.resp -include /Users/buddhirajgautam/Library/Developer/Xcode/DerivedData/Telegram-Mac-fygdgghdgmuleoelvxabfmqiotta/Build/Intermediates.noindex/Promises.build/Debug/FBLPromises-t.build/DerivedSources/resource_bundle_accessor.h -MMD -MT dependencies -MF /Users/buddhirajgautam/Library/Developer/Xcode/DerivedData/Telegram-Mac-fygdgghdgmuleoelvxabfmqiotta/Build/Intermediates.noindex/Promises.build/Debug/FBLPromises-t.build/Objects-normal/arm64/FBLPromise+Validate.d --serialize-diagnostics /Users/buddhirajgautam/Library/Developer/Xcode/DerivedData/Telegram-Mac-fygdgghdgmuleoelvxabfmqiotta/Build/Intermediates.noindex/Promises.build/Debug/FBLPromises-t.build/Objects-normal/arm64/FBLPromise+Validate.dia -c /Users/buddhirajgautam/Library/Developer/Xcode/DerivedData/Telegram-Mac-fygdgghdgmuleoelvxabfmqiotta/SourcePackages/checkouts/promises/Sources/FBLPromises/FBLPromise+Validate.m -o /Users/buddhirajgautam/Library/Developer/Xcode/DerivedData/Telegram-Mac-fygdgghdgmuleoelvxabfmqiotta/Build/Intermediates.noindex/Promises.build/Debug/FBLPromises-t.build/Objects-normal/arm64/FBLPromise+Validate.o -index-unit-output-path /Promises.build/Debug/FBLPromises-t.build/Objects-normal/arm64/FBLPromise+Validate.o

Ld /Users/buddhirajgautam/Library/Developer/Xcode/DerivedData/Telegram-Mac-fygdgghdgmuleoelvxabfmqiotta/Build/Products/Debug/FFMpegBinding.o normal (in target 'FFMpegBinding' from project 'FFMpegBinding')
    cd /Users/buddhirajgautam/Documents/Cherrygram-Mac/macOS-Swift/submodules/telegram-ios/submodules/FFMpegBinding
    /Applications/Xcode.app/Contents/Developer/Toolchains/XcodeDefault.xctoolchain/usr/bin/clang -Xlinker -reproducible -target arm64-apple-macos12.0 -r -isysroot /Applications/Xcode.app/Contents/Developer/Platforms/MacOSX.platform/Developer/SDKs/MacOSX27.0.sdk -O0 -Xlinker -no_warn_duplicate_libraries -F/Users/buddhirajgautam/Library/Developer/Xcode/DerivedData/Telegram-Mac-fygdgghdgmuleoelvxabfmqiotta/Build/Intermediates.noindex/EagerLinkingTBDs/Debug -F/Users/buddhirajgautam/Library/Developer/Xcode/DerivedData/Telegram-Mac-fygdgghdgmuleoelvxabfmqiotta/Build/Products/Debug -iframework /Applications/Xcode.app/Contents/Developer/Platforms/MacOSX.platform/Developer/Library/Frameworks -filelist /Users/buddhirajgautam/Library/Developer/Xcode/DerivedData/Telegram-Mac-fygdgghdgmuleoelvxabfmqiotta/Build/Intermediates.noindex/FFMpegBinding.build/Debug/FFMpegBinding-t.build/Objects-normal/arm64/FFMpegBinding.LinkFileList -nostdlib -Xlinker -object_path_lto -Xlinker /Users/buddhirajgautam/Library/Developer/Xcode/DerivedData/Telegram-Mac-fygdgghdgmuleoelvxabfmqiotta/Build/Intermediates.noindex/FFMpegBinding.build/Debug/FFMpegBinding-t.build/Objects-normal/arm64/FFMpegBinding_lto.o -Xlinker -no_deduplicate -Xlinker -debug_variant -Xlinker -dependency_info -Xlinker /Users/buddhirajgautam/Library/Developer/Xcode/DerivedData/Telegram-Mac-fygdgghdgmuleoelvxabfmqiotta/Build/Intermediates.noindex/FFMpegBinding.build/Debug/FFMpegBinding-t.build/Objects-normal/arm64/FFMpegBinding_dependency_info.dat -fobjc-arc -fobjc-link-runtime -o /Users/buddhirajgautam/Library/Developer/Xcode/DerivedData/Telegram-Mac-fygdgghdgmuleoelvxabfmqiotta/Build/Products/Debug/FFMpegBinding.o

PrecompileModule /Users/buddhirajgautam/Library/Developer/Xcode/DerivedData/Telegram-Mac-fygdgghdgmuleoelvxabfmqiotta/Build/Intermediates.noindex/ExplicitPrecompiledModules/Foundation-9XUHPA4V0EI8BHNVXKKOGTTIX.scan
    cd /
    builtin-precompileModule /Users/buddhirajgautam/Library/Developer/Xcode/DerivedData/Telegram-Mac-fygdgghdgmuleoelvxabfmqiotta/Build/Intermediates.noindex/ExplicitPrecompiledModules/Foundation-9XUHPA4V0EI8BHNVXKKOGTTIX.scan

ScanDependencies /Users/buddhirajgautam/Library/Developer/Xcode/DerivedData/Telegram-Mac-fygdgghdgmuleoelvxabfmqiotta/Build/Intermediates.noindex/Promises.build/Debug/FBLPromises-t.build/Objects-normal/arm64/FBLPromise+Timeout.o /Users/buddhirajgautam/Library/Developer/Xcode/DerivedData/Telegram-Mac-fygdgghdgmuleoelvxabfmqiotta/SourcePackages/checkouts/promises/Sources/FBLPromises/FBLPromise+Timeout.m normal arm64 objective-c com.apple.compilers.llvm.clang.1_0.compiler (in target 'FBLPromises' from project 'Promises')
    cd /Users/buddhirajgautam/Documents/Cherrygram-Mac/macOS-Swift
    
    Using response file: /Users/buddhirajgautam/Library/Developer/Xcode/DerivedData/Telegram-Mac-fygdgghdgmuleoelvxabfmqiotta/Build/Intermediates.noindex/Promises.build/Debug/FBLPromises-t.build/Objects-normal/arm64/e6072d4f65d7061329687fe24e3d63a7-common-args.resp
    
    builtin-ScanDependencies -o /Users/buddhirajgautam/Library/Developer/Xcode/DerivedData/Telegram-Mac-fygdgghdgmuleoelvxabfmqiotta/Build/Intermediates.noindex/Promises.build/Debug/FBLPromises-t.build/Objects-normal/arm64/FBLPromise+Timeout.o.scan -- /Applications/Xcode.app/Contents/Developer/Toolchains/XcodeDefault.xctoolchain/usr/bin/clang -x objective-c -ivfsstatcache /Users/buddhirajgautam/Library/Developer/Xcode/DerivedData/SDKStatCaches.noindex/macosx27.0-26A425-e829b21a6f8c9b70876ba0858053c0447231f6df4def33e022ae2eb8f782df1a.sdkstatcache -target arm64-apple-macos12.0 -fmessage-length\=0 -fdiagnostics-show-note-include-stack -fmacro-backtrace-limit\=0 -fno-color-diagnostics -fmodules-prune-interval\=86400 -fmodules-prune-after\=345600 -fbuild-session-file\=/Users/buddhirajgautam/Library/Developer/Xcode/DerivedData/ModuleCache.noindex/Session.modulevalidation -fmodules-validate-once-per-build-session -Wnon-modular-include-in-framework-module -Werror\=non-modular-include-in-framework-module -Wno-trigraphs -Wno-missing-field-initializers -Wno-missing-prototypes -Wno-return-type -Wno-implicit-atomic-properties -Wno-objc-interface-ivars -Wno-arc-repeated-use-of-weak -Wno-missing-braces -Wparentheses -Wswitch -Wno-unused-function -Wno-unused-label -Wno-unused-parameter -Wno-unused-variable -Wunused-value -Wno-empty-body -Wno-uninitialized -Wno-unknown-pragmas -w -Wno-shadow -Wno-four-char-constants -Wno-conversion -Wno-constant-conversion -Wno-int-conversion -Wno-bool-conversion -Wno-enum-conversion -Wno-float-conversion -Wno-non-literal-null-conversion -Wno-objc-literal-conversion -Wshorten-64-to-32 -Wpointer-sign -Wno-newline-eof -Wno-selector -Wno-strict-selector-match -Wno-undeclared-selector -Wno-deprecated-implementations -Wno-implicit-fallthrough -isysroot /Applications/Xcode.app/Contents/Developer/Platforms/MacOSX.platform/Developer/SDKs/MacOSX27.0.sdk -fstrict-aliasing -Wprotocol -Wdeprecated-declarations -Wno-sign-conversion -Wno-infinite-recursion -Wno-comma -Wno-block-capture-autoreleasing -Wno-strict-prototypes -Wno-semicolon-before-method-body -index-store-path /Users/buddhirajgautam/Library/Developer/Xcode/DerivedData/Telegram-Mac-fygdgghdgmuleoelvxabfmqiotta/Index.noindex/DataStore @/Users/buddhirajgautam/Library/Developer/Xcode/DerivedData/Telegram-Mac-fygdgghdgmuleoelvxabfmqiotta/Build/Intermediates.noindex/Promises.build/Debug/FBLPromises-t.build/Objects-normal/arm64/e6072d4f65d7061329687fe24e3d63a7-common-args.resp -include /Users/buddhirajgautam/Library/Developer/Xcode/DerivedData/Telegram-Mac-fygdgghdgmuleoelvxabfmqiotta/Build/Intermediates.noindex/Promises.build/Debug/FBLPromises-t.build/DerivedSources/resource_bundle_accessor.h -MMD -MT dependencies -MF /Users/buddhirajgautam/Library/Developer/Xcode/DerivedData/Telegram-Mac-fygdgghdgmuleoelvxabfmqiotta/Build/Intermediates.noindex/Promises.build/Debug/FBLPromises-t.build/Objects-normal/arm64/FBLPromise+Timeout.d --serialize-diagnostics /Users/buddhirajgautam/Library/Developer/Xcode/DerivedData/Telegram-Mac-fygdgghdgmuleoelvxabfmqiotta/Build/Intermediates.noindex/Promises.build/Debug/FBLPromises-t.build/Objects-normal/arm64/FBLPromise+Timeout.dia -c /Users/buddhirajgautam/Library/Developer/Xcode/DerivedData/Telegram-Mac-fygdgghdgmuleoelvxabfmqiotta/SourcePackages/checkouts/promises/Sources/FBLPromises/FBLPromise+Timeout.m -o /Users/buddhirajgautam/Library/Developer/Xcode/DerivedData/Telegram-Mac-fygdgghdgmuleoelvxabfmqiotta/Build/Intermediates.noindex/Promises.build/Debug/FBLPromises-t.build/Objects-normal/arm64/FBLPromise+Timeout.o -index-unit-output-path /Promises.build/Debug/FBLPromises-t.build/Objects-normal/arm64/FBLPromise+Timeout.o

ScanDependencies /Users/buddhirajgautam/Library/Developer/Xcode/DerivedData/Telegram-Mac-fygdgghdgmuleoelvxabfmqiotta/Build/Intermediates.noindex/Promises.build/Debug/FBLPromises-t.build/Objects-normal/arm64/FBLPromise+Then.o /Users/buddhirajgautam/Library/Developer/Xcode/DerivedData/Telegram-Mac-fygdgghdgmuleoelvxabfmqiotta/SourcePackages/checkouts/promises/Sources/FBLPromises/FBLPromise+Then.m normal arm64 objective-c com.apple.compilers.llvm.clang.1_0.compiler (in target 'FBLPromises' from project 'Promises')
    cd /Users/buddhirajgautam/Documents/Cherrygram-Mac/macOS-Swift
    
    Using response file: /Users/buddhirajgautam/Library/Developer/Xcode/DerivedData/Telegram-Mac-fygdgghdgmuleoelvxabfmqiotta/Build/Intermediates.noindex/Promises.build/Debug/FBLPromises-t.build/Objects-normal/arm64/e6072d4f65d7061329687fe24e3d63a7-common-args.resp
    
    builtin-ScanDependencies -o /Users/buddhirajgautam/Library/Developer/Xcode/DerivedData/Telegram-Mac-fygdgghdgmuleoelvxabfmqiotta/Build/Intermediates.noindex/Promises.build/Debug/FBLPromises-t.build/Objects-normal/arm64/FBLPromise+Then.o.scan -- /Applications/Xcode.app/Contents/Developer/Toolchains/XcodeDefault.xctoolchain/usr/bin/clang -x objective-c -ivfsstatcache /Users/buddhirajgautam/Library/Developer/Xcode/DerivedData/SDKStatCaches.noindex/macosx27.0-26A425-e829b21a6f8c9b70876ba0858053c0447231f6df4def33e022ae2eb8f782df1a.sdkstatcache -target arm64-apple-macos12.0 -fmessage-length\=0 -fdiagnostics-show-note-include-stack -fmacro-backtrace-limit\=0 -fno-color-diagnostics -fmodules-prune-interval\=86400 -fmodules-prune-after\=345600 -fbuild-session-file\=/Users/buddhirajgautam/Library/Developer/Xcode/DerivedData/ModuleCache.noindex/Session.modulevalidation -fmodules-validate-once-per-build-session -Wnon-modular-include-in-framework-module -Werror\=non-modular-include-in-framework-module -Wno-trigraphs -Wno-missing-field-initializers -Wno-missing-prototypes -Wno-return-type -Wno-implicit-atomic-properties -Wno-objc-interface-ivars -Wno-arc-repeated-use-of-weak -Wno-missing-braces -Wparentheses -Wswitch -Wno-unused-function -Wno-unused-label -Wno-unused-parameter -Wno-unused-variable -Wunused-value -Wno-empty-body -Wno-uninitialized -Wno-unknown-pragmas -w -Wno-shadow -Wno-four-char-constants -Wno-conversion -Wno-constant-conversion -Wno-int-conversion -Wno-bool-conversion -Wno-enum-conversion -Wno-float-conversion -Wno-non-literal-null-conversion -Wno-objc-literal-conversion -Wshorten-64-to-32 -Wpointer-sign -Wno-newline-eof -Wno-selector -Wno-strict-selector-match -Wno-undeclared-selector -Wno-deprecated-implementations -Wno-implicit-fallthrough -isysroot /Applications/Xcode.app/Contents/Developer/Platforms/MacOSX.platform/Developer/SDKs/MacOSX27.0.sdk -fstrict-aliasing -Wprotocol -Wdeprecated-declarations -Wno-sign-conversion -Wno-infinite-recursion -Wno-comma -Wno-block-capture-autoreleasing -Wno-strict-prototypes -Wno-semicolon-before-method-body -index-store-path /Users/buddhirajgautam/Library/Developer/Xcode/DerivedData/Telegram-Mac-fygdgghdgmuleoelvxabfmqiotta/Index.noindex/DataStore @/Users/buddhirajgautam/Library/Developer/Xcode/DerivedData/Telegram-Mac-fygdgghdgmuleoelvxabfmqiotta/Build/Intermediates.noindex/Promises.build/Debug/FBLPromises-t.build/Objects-normal/arm64/e6072d4f65d7061329687fe24e3d63a7-common-args.resp -include /Users/buddhirajgautam/Library/Developer/Xcode/DerivedData/Telegram-Mac-fygdgghdgmuleoelvxabfmqiotta/Build/Intermediates.noindex/Promises.build/Debug/FBLPromises-t.build/DerivedSources/resource_bundle_accessor.h -MMD -MT dependencies -MF /Users/buddhirajgautam/Library/Developer/Xcode/DerivedData/Telegram-Mac-fygdgghdgmuleoelvxabfmqiotta/Build/Intermediates.noindex/Promises.build/Debug/FBLPromises-t.build/Objects-normal/arm64/FBLPromise+Then.d --serialize-diagnostics /Users/buddhirajgautam/Library/Developer/Xcode/DerivedData/Telegram-Mac-fygdgghdgmuleoelvxabfmqiotta/Build/Intermediates.noindex/Promises.build/Debug/FBLPromises-t.build/Objects-normal/arm64/FBLPromise+Then.dia -c /Users/buddhirajgautam/Library/Developer/Xcode/DerivedData/Telegram-Mac-fygdgghdgmuleoelvxabfmqiotta/SourcePackages/checkouts/promises/Sources/FBLPromises/FBLPromise+Then.m -o /Users/buddhirajgautam/Library/Developer/Xcode/DerivedData/Telegram-Mac-fygdgghdgmuleoelvxabfmqiotta/Build/Intermediates.noindex/Promises.build/Debug/FBLPromises-t.build/Objects-normal/arm64/FBLPromise+Then.o -index-unit-output-path /Promises.build/Debug/FBLPromises-t.build/Objects-normal/arm64/FBLPromise+Then.o

ScanDependencies /Users/buddhirajgautam/Library/Developer/Xcode/DerivedData/Telegram-Mac-fygdgghdgmuleoelvxabfmqiotta/Build/Intermediates.noindex/Promises.build/Debug/FBLPromises-t.build/Objects-normal/arm64/FBLPromise+Testing.o /Users/buddhirajgautam/Library/Developer/Xcode/DerivedData/Telegram-Mac-fygdgghdgmuleoelvxabfmqiotta/SourcePackages/checkouts/promises/Sources/FBLPromises/FBLPromise+Testing.m normal arm64 objective-c com.apple.compilers.llvm.clang.1_0.compiler (in target 'FBLPromises' from project 'Promises')
    cd /Users/buddhirajgautam/Documents/Cherrygram-Mac/macOS-Swift
    
    Using response file: /Users/buddhirajgautam/Library/Developer/Xcode/DerivedData/Telegram-Mac-fygdgghdgmuleoelvxabfmqiotta/Build/Intermediates.noindex/Promises.build/Debug/FBLPromises-t.build/Objects-normal/arm64/e6072d4f65d7061329687fe24e3d63a7-common-args.resp
    
    builtin-ScanDependencies -o /Users/buddhirajgautam/Library/Developer/Xcode/DerivedData/Telegram-Mac-fygdgghdgmuleoelvxabfmqiotta/Build/Intermediates.noindex/Promises.build/Debug/FBLPromises-t.build/Objects-normal/arm64/FBLPromise+Testing.o.scan -- /Applications/Xcode.app/Contents/Developer/Toolchains/XcodeDefault.xctoolchain/usr/bin/clang -x objective-c -ivfsstatcache /Users/buddhirajgautam/Library/Developer/Xcode/DerivedData/SDKStatCaches.noindex/macosx27.0-26A425-e829b21a6f8c9b70876ba0858053c0447231f6df4def33e022ae2eb8f782df1a.sdkstatcache -target arm64-apple-macos12.0 -fmessage-length\=0 -fdiagnostics-show-note-include-stack -fmacro-backtrace-limit\=0 -fno-color-diagnostics -fmodules-prune-interval\=86400 -fmodules-prune-after\=345600 -fbuild-session-file\=/Users/buddhirajgautam/Library/Developer/Xcode/DerivedData/ModuleCache.noindex/Session.modulevalidation -fmodules-validate-once-per-build-session -Wnon-modular-include-in-framework-module -Werror\=non-modular-include-in-framework-module -Wno-trigraphs -Wno-missing-field-initializers -Wno-missing-prototypes -Wno-return-type -Wno-implicit-atomic-properties -Wno-objc-interface-ivars -Wno-arc-repeated-use-of-weak -Wno-missing-braces -Wparentheses -Wswitch -Wno-unused-function -Wno-unused-label -Wno-unused-parameter -Wno-unused-variable -Wunused-value -Wno-empty-body -Wno-uninitialized -Wno-unknown-pragmas -w -Wno-shadow -Wno-four-char-constants -Wno-conversion -Wno-constant-conversion -Wno-int-conversion -Wno-bool-conversion -Wno-enum-conversion -Wno-float-conversion -Wno-non-literal-null-conversion -Wno-objc-literal-conversion -Wshorten-64-to-32 -Wpointer-sign -Wno-newline-eof -Wno-selector -Wno-strict-selector-match -Wno-undeclared-selector -Wno-deprecated-implementations -Wno-implicit-fallthrough -isysroot /Applications/Xcode.app/Contents/Developer/Platforms/MacOSX.platform/Developer/SDKs/MacOSX27.0.sdk -fstrict-aliasing -Wprotocol -Wdeprecated-declarations -Wno-sign-conversion -Wno-infinite-recursion -Wno-comma -Wno-block-capture-autoreleasing -Wno-strict-prototypes -Wno-semicolon-before-method-body -index-store-path /Users/buddhirajgautam/Library/Developer/Xcode/DerivedData/Telegram-Mac-fygdgghdgmuleoelvxabfmqiotta/Index.noindex/DataStore @/Users/buddhirajgautam/Library/Developer/Xcode/DerivedData/Telegram-Mac-fygdgghdgmuleoelvxabfmqiotta/Build/Intermediates.noindex/Promises.build/Debug/FBLPromises-t.build/Objects-normal/arm64/e6072d4f65d7061329687fe24e3d63a7-common-args.resp -include /Users/buddhirajgautam/Library/Developer/Xcode/DerivedData/Telegram-Mac-fygdgghdgmuleoelvxabfmqiotta/Build/Intermediates.noindex/Promises.build/Debug/FBLPromises-t.build/DerivedSources/resource_bundle_accessor.h -MMD -MT dependencies -MF /Users/buddhirajgautam/Library/Developer/Xcode/DerivedData/Telegram-Mac-fygdgghdgmuleoelvxabfmqiotta/Build/Intermediates.noindex/Promises.build/Debug/FBLPromises-t.build/Objects-normal/arm64/FBLPromise+Testing.d --serialize-diagnostics /Users/buddhirajgautam/Library/Developer/Xcode/DerivedData/Telegram-Mac-fygdgghdgmuleoelvxabfmqiotta/Build/Intermediates.noindex/Promises.build/Debug/FBLPromises-t.build/Objects-normal/arm64/FBLPromise+Testing.dia -c /Users/buddhirajgautam/Library/Developer/Xcode/DerivedData/Telegram-Mac-fygdgghdgmuleoelvxabfmqiotta/SourcePackages/checkouts/promises/Sources/FBLPromises/FBLPromise+Testing.m -o /Users/buddhirajgautam/Library/Developer/Xcode/DerivedData/Telegram-Mac-fygdgghdgmuleoelvxabfmqiotta/Build/Intermediates.noindex/Promises.build/Debug/FBLPromises-t.build/Objects-normal/arm64/FBLPromise+Testing.o -index-unit-output-path /Promises.build/Debug/FBLPromises-t.build/Objects-normal/arm64/FBLPromise+Testing.o

ScanDependencies /Users/buddhirajgautam/Library/Developer/Xcode/DerivedData/Telegram-Mac-fygdgghdgmuleoelvxabfmqiotta/Build/Intermediates.noindex/Promises.build/Debug/FBLPromises-t.build/Objects-normal/arm64/FBLPromise+Retry.o /Users/buddhirajgautam/Library/Developer/Xcode/DerivedData/Telegram-Mac-fygdgghdgmuleoelvxabfmqiotta/SourcePackages/checkouts/promises/Sources/FBLPromises/FBLPromise+Retry.m normal arm64 objective-c com.apple.compilers.llvm.clang.1_0.compiler (in target 'FBLPromises' from project 'Promises')
    cd /Users/buddhirajgautam/Documents/Cherrygram-Mac/macOS-Swift
    
    Using response file: /Users/buddhirajgautam/Library/Developer/Xcode/DerivedData/Telegram-Mac-fygdgghdgmuleoelvxabfmqiotta/Build/Intermediates.noindex/Promises.build/Debug/FBLPromises-t.build/Objects-normal/arm64/e6072d4f65d7061329687fe24e3d63a7-common-args.resp
    
    builtin-ScanDependencies -o /Users/buddhirajgautam/Library/Developer/Xcode/DerivedData/Telegram-Mac-fygdgghdgmuleoelvxabfmqiotta/Build/Intermediates.noindex/Promises.build/Debug/FBLPromises-t.build/Objects-normal/arm64/FBLPromise+Retry.o.scan -- /Applications/Xcode.app/Contents/Developer/Toolchains/XcodeDefault.xctoolchain/usr/bin/clang -x objective-c -ivfsstatcache /Users/buddhirajgautam/Library/Developer/Xcode/DerivedData/SDKStatCaches.noindex/macosx27.0-26A425-e829b21a6f8c9b70876ba0858053c0447231f6df4def33e022ae2eb8f782df1a.sdkstatcache -target arm64-apple-macos12.0 -fmessage-length\=0 -fdiagnostics-show-note-include-stack -fmacro-backtrace-limit\=0 -fno-color-diagnostics -fmodules-prune-interval\=86400 -fmodules-prune-after\=345600 -fbuild-session-file\=/Users/buddhirajgautam/Library/Developer/Xcode/DerivedData/ModuleCache.noindex/Session.modulevalidation -fmodules-validate-once-per-build-session -Wnon-modular-include-in-framework-module -Werror\=non-modular-include-in-framework-module -Wno-trigraphs -Wno-missing-field-initializers -Wno-missing-prototypes -Wno-return-type -Wno-implicit-atomic-properties -Wno-objc-interface-ivars -Wno-arc-repeated-use-of-weak -Wno-missing-braces -Wparentheses -Wswitch -Wno-unused-function -Wno-unused-label -Wno-unused-parameter -Wno-unused-variable -Wunused-value -Wno-empty-body -Wno-uninitialized -Wno-unknown-pragmas -w -Wno-shadow -Wno-four-char-constants -Wno-conversion -Wno-constant-conversion -Wno-int-conversion -Wno-bool-conversion -Wno-enum-conversion -Wno-float-conversion -Wno-non-literal-null-conversion -Wno-objc-literal-conversion -Wshorten-64-to-32 -Wpointer-sign -Wno-newline-eof -Wno-selector -Wno-strict-selector-match -Wno-undeclared-selector -Wno-deprecated-implementations -Wno-implicit-fallthrough -isysroot /Applications/Xcode.app/Contents/Developer/Platforms/MacOSX.platform/Developer/SDKs/MacOSX27.0.sdk -fstrict-aliasing -Wprotocol -Wdeprecated-declarations -Wno-sign-conversion -Wno-infinite-recursion -Wno-comma -Wno-block-capture-autoreleasing -Wno-strict-prototypes -Wno-semicolon-before-method-body -index-store-path /Users/buddhirajgautam/Library/Developer/Xcode/DerivedData/Telegram-Mac-fygdgghdgmuleoelvxabfmqiotta/Index.noindex/DataStore @/Users/buddhirajgautam/Library/Developer/Xcode/DerivedData/Telegram-Mac-fygdgghdgmuleoelvxabfmqiotta/Build/Intermediates.noindex/Promises.build/Debug/FBLPromises-t.build/Objects-normal/arm64/e6072d4f65d7061329687fe24e3d63a7-common-args.resp -include /Users/buddhirajgautam/Library/Developer/Xcode/DerivedData/Telegram-Mac-fygdgghdgmuleoelvxabfmqiotta/Build/Intermediates.noindex/Promises.build/Debug/FBLPromises-t.build/DerivedSources/resource_bundle_accessor.h -MMD -MT dependencies -MF /Users/buddhirajgautam/Library/Developer/Xcode/DerivedData/Telegram-Mac-fygdgghdgmuleoelvxabfmqiotta/Build/Intermediates.noindex/Promises.build/Debug/FBLPromises-t.build/Objects-normal/arm64/FBLPromise+Retry.d --serialize-diagnostics /Users/buddhirajgautam/Library/Developer/Xcode/DerivedData/Telegram-Mac-fygdgghdgmuleoelvxabfmqiotta/Build/Intermediates.noindex/Promises.build/Debug/FBLPromises-t.build/Objects-normal/arm64/FBLPromise+Retry.dia -c /Users/buddhirajgautam/Library/Developer/Xcode/DerivedData/Telegram-Mac-fygdgghdgmuleoelvxabfmqiotta/SourcePackages/checkouts/promises/Sources/FBLPromises/FBLPromise+Retry.m -o /Users/buddhirajgautam/Library/Developer/Xcode/DerivedData/Telegram-Mac-fygdgghdgmuleoelvxabfmqiotta/Build/Intermediates.noindex/Promises.build/Debug/FBLPromises-t.build/Objects-normal/arm64/FBLPromise+Retry.o -index-unit-output-path /Promises.build/Debug/FBLPromises-t.build/Objects-normal/arm64/FBLPromise+Retry.o

ScanDependencies /Users/buddhirajgautam/Library/Developer/Xcode/DerivedData/Telegram-Mac-fygdgghdgmuleoelvxabfmqiotta/Build/Intermediates.noindex/Promises.build/Debug/FBLPromises-t.build/Objects-normal/arm64/FBLPromise+Reduce.o /Users/buddhirajgautam/Library/Developer/Xcode/DerivedData/Telegram-Mac-fygdgghdgmuleoelvxabfmqiotta/SourcePackages/checkouts/promises/Sources/FBLPromises/FBLPromise+Reduce.m normal arm64 objective-c com.apple.compilers.llvm.clang.1_0.compiler (in target 'FBLPromises' from project 'Promises')
    cd /Users/buddhirajgautam/Documents/Cherrygram-Mac/macOS-Swift
    
    Using response file: /Users/buddhirajgautam/Library/Developer/Xcode/DerivedData/Telegram-Mac-fygdgghdgmuleoelvxabfmqiotta/Build/Intermediates.noindex/Promises.build/Debug/FBLPromises-t.build/Objects-normal/arm64/e6072d4f65d7061329687fe24e3d63a7-common-args.resp
    
    builtin-ScanDependencies -o /Users/buddhirajgautam/Library/Developer/Xcode/DerivedData/Telegram-Mac-fygdgghdgmuleoelvxabfmqiotta/Build/Intermediates.noindex/Promises.build/Debug/FBLPromises-t.build/Objects-normal/arm64/FBLPromise+Reduce.o.scan -- /Applications/Xcode.app/Contents/Developer/Toolchains/XcodeDefault.xctoolchain/usr/bin/clang -x objective-c -ivfsstatcache /Users/buddhirajgautam/Library/Developer/Xcode/DerivedData/SDKStatCaches.noindex/macosx27.0-26A425-e829b21a6f8c9b70876ba0858053c0447231f6df4def33e022ae2eb8f782df1a.sdkstatcache -target arm64-apple-macos12.0 -fmessage-length\=0 -fdiagnostics-show-note-include-stack -fmacro-backtrace-limit\=0 -fno-color-diagnostics -fmodules-prune-interval\=86400 -fmodules-prune-after\=345600 -fbuild-session-file\=/Users/buddhirajgautam/Library/Developer/Xcode/DerivedData/ModuleCache.noindex/Session.modulevalidation -fmodules-validate-once-per-build-session -Wnon-modular-include-in-framework-module -Werror\=non-modular-include-in-framework-module -Wno-trigraphs -Wno-missing-field-initializers -Wno-missing-prototypes -Wno-return-type -Wno-implicit-atomic-properties -Wno-objc-interface-ivars -Wno-arc-repeated-use-of-weak -Wno-missing-braces -Wparentheses -Wswitch -Wno-unused-function -Wno-unused-label -Wno-unused-parameter -Wno-unused-variable -Wunused-value -Wno-empty-body -Wno-uninitialized -Wno-unknown-pragmas -w -Wno-shadow -Wno-four-char-constants -Wno-conversion -Wno-constant-conversion -Wno-int-conversion -Wno-bool-conversion -Wno-enum-conversion -Wno-float-conversion -Wno-non-literal-null-conversion -Wno-objc-literal-conversion -Wshorten-64-to-32 -Wpointer-sign -Wno-newline-eof -Wno-selector -Wno-strict-selector-match -Wno-undeclared-selector -Wno-deprecated-implementations -Wno-implicit-fallthrough -isysroot /Applications/Xcode.app/Contents/Developer/Platforms/MacOSX.platform/Developer/SDKs/MacOSX27.0.sdk -fstrict-aliasing -Wprotocol -Wdeprecated-declarations -Wno-sign-conversion -Wno-infinite-recursion -Wno-comma -Wno-block-capture-autoreleasing -Wno-strict-prototypes -Wno-semicolon-before-method-body -index-store-path /Users/buddhirajgautam/Library/Developer/Xcode/DerivedData/Telegram-Mac-fygdgghdgmuleoelvxabfmqiotta/Index.noindex/DataStore @/Users/buddhirajgautam/Library/Developer/Xcode/DerivedData/Telegram-Mac-fygdgghdgmuleoelvxabfmqiotta/Build/Intermediates.noindex/Promises.build/Debug/FBLPromises-t.build/Objects-normal/arm64/e6072d4f65d7061329687fe24e3d63a7-common-args.resp -include /Users/buddhirajgautam/Library/Developer/Xcode/DerivedData/Telegram-Mac-fygdgghdgmuleoelvxabfmqiotta/Build/Intermediates.noindex/Promises.build/Debug/FBLPromises-t.build/DerivedSources/resource_bundle_accessor.h -MMD -MT dependencies -MF /Users/buddhirajgautam/Library/Developer/Xcode/DerivedData/Telegram-Mac-fygdgghdgmuleoelvxabfmqiotta/Build/Intermediates.noindex/Promises.build/Debug/FBLPromises-t.build/Objects-normal/arm64/FBLPromise+Reduce.d --serialize-diagnostics /Users/buddhirajgautam/Library/Developer/Xcode/DerivedData/Telegram-Mac-fygdgghdgmuleoelvxabfmqiotta/Build/Intermediates.noindex/Promises.build/Debug/FBLPromises-t.build/Objects-normal/arm64/FBLPromise+Reduce.dia -c /Users/buddhirajgautam/Library/Developer/Xcode/DerivedData/Telegram-Mac-fygdgghdgmuleoelvxabfmqiotta/SourcePackages/checkouts/promises/Sources/FBLPromises/FBLPromise+Reduce.m -o /Users/buddhirajgautam/Library/Developer/Xcode/DerivedData/Telegram-Mac-fygdgghdgmuleoelvxabfmqiotta/Build/Intermediates.noindex/Promises.build/Debug/FBLPromises-t.build/Objects-normal/arm64/FBLPromise+Reduce.o -index-unit-output-path /Promises.build/Debug/FBLPromises-t.build/Objects-normal/arm64/FBLPromise+Reduce.o

PrecompileModule /Users/buddhirajgautam/Library/Developer/Xcode/DerivedData/Telegram-Mac-fygdgghdgmuleoelvxabfmqiotta/Build/Intermediates.noindex/ExplicitPrecompiledModules/_AvailabilityInternal-XHNLXW3OUDACIZ400AMKEH5L.scan
    cd /
    builtin-precompileModule /Users/buddhirajgautam/Library/Developer/Xcode/DerivedData/Telegram-Mac-fygdgghdgmuleoelvxabfmqiotta/Build/Intermediates.noindex/ExplicitPrecompiledModules/_AvailabilityInternal-XHNLXW3OUDACIZ400AMKEH5L.scan

PrecompileModule /Users/buddhirajgautam/Library/Developer/Xcode/DerivedData/Telegram-Mac-fygdgghdgmuleoelvxabfmqiotta/Build/Intermediates.noindex/ExplicitPrecompiledModules/_Builtin_stdbool-339EBIBP08LTT4JJGYHQHEFO5.scan
    cd /
    builtin-precompileModule /Users/buddhirajgautam/Library/Developer/Xcode/DerivedData/Telegram-Mac-fygdgghdgmuleoelvxabfmqiotta/Build/Intermediates.noindex/ExplicitPrecompiledModules/_Builtin_stdbool-339EBIBP08LTT4JJGYHQHEFO5.scan

PrecompileModule /Users/buddhirajgautam/Library/Developer/Xcode/DerivedData/Telegram-Mac-fygdgghdgmuleoelvxabfmqiotta/Build/Intermediates.noindex/ExplicitPrecompiledModules/_Builtin_stdarg-50YXZT3D4VJW6Y4N3GG7I8PGM.scan
    cd /
    builtin-precompileModule /Users/buddhirajgautam/Library/Developer/Xcode/DerivedData/Telegram-Mac-fygdgghdgmuleoelvxabfmqiotta/Build/Intermediates.noindex/ExplicitPrecompiledModules/_Builtin_stdarg-50YXZT3D4VJW6Y4N3GG7I8PGM.scan

PrecompileModule /Users/buddhirajgautam/Library/Developer/Xcode/DerivedData/Telegram-Mac-fygdgghdgmuleoelvxabfmqiotta/Build/Intermediates.noindex/ExplicitPrecompiledModules/ptrauth-D7ZM1X117ZFSA668X6JA9Q8L1.scan
    cd /
    builtin-precompileModule /Users/buddhirajgautam/Library/Developer/Xcode/DerivedData/Telegram-Mac-fygdgghdgmuleoelvxabfmqiotta/Build/Intermediates.noindex/ExplicitPrecompiledModules/ptrauth-D7ZM1X117ZFSA668X6JA9Q8L1.scan

PrecompileModule /Users/buddhirajgautam/Library/Developer/Xcode/DerivedData/Telegram-Mac-fygdgghdgmuleoelvxabfmqiotta/Build/Intermediates.noindex/ExplicitPrecompiledModules/_Builtin_stddef-2BRRWBWNXGW21X6YA6K3PU85M.scan
    cd /
    builtin-precompileModule /Users/buddhirajgautam/Library/Developer/Xcode/DerivedData/Telegram-Mac-fygdgghdgmuleoelvxabfmqiotta/Build/Intermediates.noindex/ExplicitPrecompiledModules/_Builtin_stddef-2BRRWBWNXGW21X6YA6K3PU85M.scan

PrecompileModule /Users/buddhirajgautam/Library/Developer/Xcode/DerivedData/Telegram-Mac-fygdgghdgmuleoelvxabfmqiotta/Build/Intermediates.noindex/ExplicitPrecompiledModules/ptrcheck-C6I3JB13X2WGSWSDDHS6W8FC3.scan
    cd /
    builtin-precompileModule /Users/buddhirajgautam/Library/Developer/Xcode/DerivedData/Telegram-Mac-fygdgghdgmuleoelvxabfmqiotta/Build/Intermediates.noindex/ExplicitPrecompiledModules/ptrcheck-C6I3JB13X2WGSWSDDHS6W8FC3.scan

PrecompileModule /Users/buddhirajgautam/Library/Developer/Xcode/DerivedData/Telegram-Mac-fygdgghdgmuleoelvxabfmqiotta/Build/Intermediates.noindex/ExplicitPrecompiledModules/_Builtin_float-7SGX75GEWILSVVFFBEYWTOPU5.scan
    cd /
    builtin-precompileModule /Users/buddhirajgautam/Library/Developer/Xcode/DerivedData/Telegram-Mac-fygdgghdgmuleoelvxabfmqiotta/Build/Intermediates.noindex/ExplicitPrecompiledModules/_Builtin_float-7SGX75GEWILSVVFFBEYWTOPU5.scan

ScanDependencies /Users/buddhirajgautam/Library/Developer/Xcode/DerivedData/Telegram-Mac-fygdgghdgmuleoelvxabfmqiotta/Build/Intermediates.noindex/Promises.build/Debug/FBLPromises-t.build/Objects-normal/arm64/FBLPromise+Recover.o /Users/buddhirajgautam/Library/Developer/Xcode/DerivedData/Telegram-Mac-fygdgghdgmuleoelvxabfmqiotta/SourcePackages/checkouts/promises/Sources/FBLPromises/FBLPromise+Recover.m normal arm64 objective-c com.apple.compilers.llvm.clang.1_0.compiler (in target 'FBLPromises' from project 'Promises')
    cd /Users/buddhirajgautam/Documents/Cherrygram-Mac/macOS-Swift
    
    Using response file: /Users/buddhirajgautam/Library/Developer/Xcode/DerivedData/Telegram-Mac-fygdgghdgmuleoelvxabfmqiotta/Build/Intermediates.noindex/Promises.build/Debug/FBLPromises-t.build/Objects-normal/arm64/e6072d4f65d7061329687fe24e3d63a7-common-args.resp
    
    builtin-ScanDependencies -o /Users/buddhirajgautam/Library/Developer/Xcode/DerivedData/Telegram-Mac-fygdgghdgmuleoelvxabfmqiotta/Build/Intermediates.noindex/Promises.build/Debug/FBLPromises-t.build/Objects-normal/arm64/FBLPromise+Recover.o.scan -- /Applications/Xcode.app/Contents/Developer/Toolchains/XcodeDefault.xctoolchain/usr/bin/clang -x objective-c -ivfsstatcache /Users/buddhirajgautam/Library/Developer/Xcode/DerivedData/SDKStatCaches.noindex/macosx27.0-26A425-e829b21a6f8c9b70876ba0858053c0447231f6df4def33e022ae2eb8f782df1a.sdkstatcache -target arm64-apple-macos12.0 -fmessage-length\=0 -fdiagnostics-show-note-include-stack -fmacro-backtrace-limit\=0 -fno-color-diagnostics -fmodules-prune-interval\=86400 -fmodules-prune-after\=345600 -fbuild-session-file\=/Users/buddhirajgautam/Library/Developer/Xcode/DerivedData/ModuleCache.noindex/Session.modulevalidation -fmodules-validate-once-per-build-session -Wnon-modular-include-in-framework-module -Werror\=non-modular-include-in-framework-module -Wno-trigraphs -Wno-missing-field-initializers -Wno-missing-prototypes -Wno-return-type -Wno-implicit-atomic-properties -Wno-objc-interface-ivars -Wno-arc-repeated-use-of-weak -Wno-missing-braces -Wparentheses -Wswitch -Wno-unused-function -Wno-unused-label -Wno-unused-parameter -Wno-unused-variable -Wunused-value -Wno-empty-body -Wno-uninitialized -Wno-unknown-pragmas -w -Wno-shadow -Wno-four-char-constants -Wno-conversion -Wno-constant-conversion -Wno-int-conversion -Wno-bool-conversion -Wno-enum-conversion -Wno-float-conversion -Wno-non-literal-null-conversion -Wno-objc-literal-conversion -Wshorten-64-to-32 -Wpointer-sign -Wno-newline-eof -Wno-selector -Wno-strict-selector-match -Wno-undeclared-selector -Wno-deprecated-implementations -Wno-implicit-fallthrough -isysroot /Applications/Xcode.app/Contents/Developer/Platforms/MacOSX.platform/Developer/SDKs/MacOSX27.0.sdk -fstrict-aliasing -Wprotocol -Wdeprecated-declarations -Wno-sign-conversion -Wno-infinite-recursion -Wno-comma -Wno-block-capture-autoreleasing -Wno-strict-prototypes -Wno-semicolon-before-method-body -index-store-path /Users/buddhirajgautam/Library/Developer/Xcode/DerivedData/Telegram-Mac-fygdgghdgmuleoelvxabfmqiotta/Index.noindex/DataStore @/Users/buddhirajgautam/Library/Developer/Xcode/DerivedData/Telegram-Mac-fygdgghdgmuleoelvxabfmqiotta/Build/Intermediates.noindex/Promises.build/Debug/FBLPromises-t.build/Objects-normal/arm64/e6072d4f65d7061329687fe24e3d63a7-common-args.resp -include /Users/buddhirajgautam/Library/Developer/Xcode/DerivedData/Telegram-Mac-fygdgghdgmuleoelvxabfmqiotta/Build/Intermediates.noindex/Promises.build/Debug/FBLPromises-t.build/DerivedSources/resource_bundle_accessor.h -MMD -MT dependencies -MF /Users/buddhirajgautam/Library/Developer/Xcode/DerivedData/Telegram-Mac-fygdgghdgmuleoelvxabfmqiotta/Build/Intermediates.noindex/Promises.build/Debug/FBLPromises-t.build/Objects-normal/arm64/FBLPromise+Recover.d --serialize-diagnostics /Users/buddhirajgautam/Library/Developer/Xcode/DerivedData/Telegram-Mac-fygdgghdgmuleoelvxabfmqiotta/Build/Intermediates.noindex/Promises.build/Debug/FBLPromises-t.build/Objects-normal/arm64/FBLPromise+Recover.dia -c /Users/buddhirajgautam/Library/Developer/Xcode/DerivedData/Telegram-Mac-fygdgghdgmuleoelvxabfmqiotta/SourcePackages/checkouts/promises/Sources/FBLPromises/FBLPromise+Recover.m -o /Users/buddhirajgautam/Library/Developer/Xcode/DerivedData/Telegram-Mac-fygdgghdgmuleoelvxabfmqiotta/Build/Intermediates.noindex/Promises.build/Debug/FBLPromises-t.build/Objects-normal/arm64/FBLPromise+Recover.o -index-unit-output-path /Promises.build/Debug/FBLPromises-t.build/Objects-normal/arm64/FBLPromise+Recover.o

ScanDependencies /Users/buddhirajgautam/Library/Developer/Xcode/DerivedData/Telegram-Mac-fygdgghdgmuleoelvxabfmqiotta/Build/Intermediates.noindex/Promises.build/Debug/FBLPromises-t.build/Objects-normal/arm64/FBLPromise+Race.o /Users/buddhirajgautam/Library/Developer/Xcode/DerivedData/Telegram-Mac-fygdgghdgmuleoelvxabfmqiotta/SourcePackages/checkouts/promises/Sources/FBLPromises/FBLPromise+Race.m normal arm64 objective-c com.apple.compilers.llvm.clang.1_0.compiler (in target 'FBLPromises' from project 'Promises')
    cd /Users/buddhirajgautam/Documents/Cherrygram-Mac/macOS-Swift
    
    Using response file: /Users/buddhirajgautam/Library/Developer/Xcode/DerivedData/Telegram-Mac-fygdgghdgmuleoelvxabfmqiotta/Build/Intermediates.noindex/Promises.build/Debug/FBLPromises-t.build/Objects-normal/arm64/e6072d4f65d7061329687fe24e3d63a7-common-args.resp
    
    builtin-ScanDependencies -o /Users/buddhirajgautam/Library/Developer/Xcode/DerivedData/Telegram-Mac-fygdgghdgmuleoelvxabfmqiotta/Build/Intermediates.noindex/Promises.build/Debug/FBLPromises-t.build/Objects-normal/arm64/FBLPromise+Race.o.scan -- /Applications/Xcode.app/Contents/Developer/Toolchains/XcodeDefault.xctoolchain/usr/bin/clang -x objective-c -ivfsstatcache /Users/buddhirajgautam/Library/Developer/Xcode/DerivedData/SDKStatCaches.noindex/macosx27.0-26A425-e829b21a6f8c9b70876ba0858053c0447231f6df4def33e022ae2eb8f782df1a.sdkstatcache -target arm64-apple-macos12.0 -fmessage-length\=0 -fdiagnostics-show-note-include-stack -fmacro-backtrace-limit\=0 -fno-color-diagnostics -fmodules-prune-interval\=86400 -fmodules-prune-after\=345600 -fbuild-session-file\=/Users/buddhirajgautam/Library/Developer/Xcode/DerivedData/ModuleCache.noindex/Session.modulevalidation -fmodules-validate-once-per-build-session -Wnon-modular-include-in-framework-module -Werror\=non-modular-include-in-framework-module -Wno-trigraphs -Wno-missing-field-initializers -Wno-missing-prototypes -Wno-return-type -Wno-implicit-atomic-properties -Wno-objc-interface-ivars -Wno-arc-repeated-use-of-weak -Wno-missing-braces -Wparentheses -Wswitch -Wno-unused-function -Wno-unused-label -Wno-unused-parameter -Wno-unused-variable -Wunused-value -Wno-empty-body -Wno-uninitialized -Wno-unknown-pragmas -w -Wno-shadow -Wno-four-char-constants -Wno-conversion -Wno-constant-conversion -Wno-int-conversion -Wno-bool-conversion -Wno-enum-conversion -Wno-float-conversion -Wno-non-literal-null-conversion -Wno-objc-literal-conversion -Wshorten-64-to-32 -Wpointer-sign -Wno-newline-eof -Wno-selector -Wno-strict-selector-match -Wno-undeclared-selector -Wno-deprecated-implementations -Wno-implicit-fallthrough -isysroot /Applications/Xcode.app/Contents/Developer/Platforms/MacOSX.platform/Developer/SDKs/MacOSX27.0.sdk -fstrict-aliasing -Wprotocol -Wdeprecated-declarations -Wno-sign-conversion -Wno-infinite-recursion -Wno-comma -Wno-block-capture-autoreleasing -Wno-strict-prototypes -Wno-semicolon-before-method-body -index-store-path /Users/buddhirajgautam/Library/Developer/Xcode/DerivedData/Telegram-Mac-fygdgghdgmuleoelvxabfmqiotta/Index.noindex/DataStore @/Users/buddhirajgautam/Library/Developer/Xcode/DerivedData/Telegram-Mac-fygdgghdgmuleoelvxabfmqiotta/Build/Intermediates.noindex/Promises.build/Debug/FBLPromises-t.build/Objects-normal/arm64/e6072d4f65d7061329687fe24e3d63a7-common-args.resp -include /Users/buddhirajgautam/Library/Developer/Xcode/DerivedData/Telegram-Mac-fygdgghdgmuleoelvxabfmqiotta/Build/Intermediates.noindex/Promises.build/Debug/FBLPromises-t.build/DerivedSources/resource_bundle_accessor.h -MMD -MT dependencies -MF /Users/buddhirajgautam/Library/Developer/Xcode/DerivedData/Telegram-Mac-fygdgghdgmuleoelvxabfmqiotta/Build/Intermediates.noindex/Promises.build/Debug/FBLPromises-t.build/Objects-normal/arm64/FBLPromise+Race.d --serialize-diagnostics /Users/buddhirajgautam/Library/Developer/Xcode/DerivedData/Telegram-Mac-fygdgghdgmuleoelvxabfmqiotta/Build/Intermediates.noindex/Promises.build/Debug/FBLPromises-t.build/Objects-normal/arm64/FBLPromise+Race.dia -c /Users/buddhirajgautam/Library/Developer/Xcode/DerivedData/Telegram-Mac-fygdgghdgmuleoelvxabfmqiotta/SourcePackages/checkouts/promises/Sources/FBLPromises/FBLPromise+Race.m -o /Users/buddhirajgautam/Library/Developer/Xcode/DerivedData/Telegram-Mac-fygdgghdgmuleoelvxabfmqiotta/Build/Intermediates.noindex/Promises.build/Debug/FBLPromises-t.build/Objects-normal/arm64/FBLPromise+Race.o -index-unit-output-path /Promises.build/Debug/FBLPromises-t.build/Objects-normal/arm64/FBLPromise+Race.o

ScanDependencies /Users/buddhirajgautam/Library/Developer/Xcode/DerivedData/Telegram-Mac-fygdgghdgmuleoelvxabfmqiotta/Build/Intermediates.noindex/Promises.build/Debug/FBLPromises-t.build/Objects-normal/arm64/FBLPromise+Do.o /Users/buddhirajgautam/Library/Developer/Xcode/DerivedData/Telegram-Mac-fygdgghdgmuleoelvxabfmqiotta/SourcePackages/checkouts/promises/Sources/FBLPromises/FBLPromise+Do.m normal arm64 objective-c com.apple.compilers.llvm.clang.1_0.compiler (in target 'FBLPromises' from project 'Promises')
    cd /Users/buddhirajgautam/Documents/Cherrygram-Mac/macOS-Swift
    
    Using response file: /Users/buddhirajgautam/Library/Developer/Xcode/DerivedData/Telegram-Mac-fygdgghdgmuleoelvxabfmqiotta/Build/Intermediates.noindex/Promises.build/Debug/FBLPromises-t.build/Objects-normal/arm64/e6072d4f65d7061329687fe24e3d63a7-common-args.resp
    
    builtin-ScanDependencies -o /Users/buddhirajgautam/Library/Developer/Xcode/DerivedData/Telegram-Mac-fygdgghdgmuleoelvxabfmqiotta/Build/Intermediates.noindex/Promises.build/Debug/FBLPromises-t.build/Objects-normal/arm64/FBLPromise+Do.o.scan -- /Applications/Xcode.app/Contents/Developer/Toolchains/XcodeDefault.xctoolchain/usr/bin/clang -x objective-c -ivfsstatcache /Users/buddhirajgautam/Library/Developer/Xcode/DerivedData/SDKStatCaches.noindex/macosx27.0-26A425-e829b21a6f8c9b70876ba0858053c0447231f6df4def33e022ae2eb8f782df1a.sdkstatcache -target arm64-apple-macos12.0 -fmessage-length\=0 -fdiagnostics-show-note-include-stack -fmacro-backtrace-limit\=0 -fno-color-diagnostics -fmodules-prune-interval\=86400 -fmodules-prune-after\=345600 -fbuild-session-file\=/Users/buddhirajgautam/Library/Developer/Xcode/DerivedData/ModuleCache.noindex/Session.modulevalidation -fmodules-validate-once-per-build-session -Wnon-modular-include-in-framework-module -Werror\=non-modular-include-in-framework-module -Wno-trigraphs -Wno-missing-field-initializers -Wno-missing-prototypes -Wno-return-type -Wno-implicit-atomic-properties -Wno-objc-interface-ivars -Wno-arc-repeated-use-of-weak -Wno-missing-braces -Wparentheses -Wswitch -Wno-unused-function -Wno-unused-label -Wno-unused-parameter -Wno-unused-variable -Wunused-value -Wno-empty-body -Wno-uninitialized -Wno-unknown-pragmas -w -Wno-shadow -Wno-four-char-constants -Wno-conversion -Wno-constant-conversion -Wno-int-conversion -Wno-bool-conversion -Wno-enum-conversion -Wno-float-conversion -Wno-non-literal-null-conversion -Wno-objc-literal-conversion -Wshorten-64-to-32 -Wpointer-sign -Wno-newline-eof -Wno-selector -Wno-strict-selector-match -Wno-undeclared-selector -Wno-deprecated-implementations -Wno-implicit-fallthrough -isysroot /Applications/Xcode.app/Contents/Developer/Platforms/MacOSX.platform/Developer/SDKs/MacOSX27.0.sdk -fstrict-aliasing -Wprotocol -Wdeprecated-declarations -Wno-sign-conversion -Wno-infinite-recursion -Wno-comma -Wno-block-capture-autoreleasing -Wno-strict-prototypes -Wno-semicolon-before-method-body -index-store-path /Users/buddhirajgautam/Library/Developer/Xcode/DerivedData/Telegram-Mac-fygdgghdgmuleoelvxabfmqiotta/Index.noindex/DataStore @/Users/buddhirajgautam/Library/Developer/Xcode/DerivedData/Telegram-Mac-fygdgghdgmuleoelvxabfmqiotta/Build/Intermediates.noindex/Promises.build/Debug/FBLPromises-t.build/Objects-normal/arm64/e6072d4f65d7061329687fe24e3d63a7-common-args.resp -include /Users/buddhirajgautam/Library/Developer/Xcode/DerivedData/Telegram-Mac-fygdgghdgmuleoelvxabfmqiotta/Build/Intermediates.noindex/Promises.build/Debug/FBLPromises-t.build/DerivedSources/resource_bundle_accessor.h -MMD -MT dependencies -MF /Users/buddhirajgautam/Library/Developer/Xcode/DerivedData/Telegram-Mac-fygdgghdgmuleoelvxabfmqiotta/Build/Intermediates.noindex/Promises.build/Debug/FBLPromises-t.build/Objects-normal/arm64/FBLPromise+Do.d --serialize-diagnostics /Users/buddhirajgautam/Library/Developer/Xcode/DerivedData/Telegram-Mac-fygdgghdgmuleoelvxabfmqiotta/Build/Intermediates.noindex/Promises.build/Debug/FBLPromises-t.build/Objects-normal/arm64/FBLPromise+Do.dia -c /Users/buddhirajgautam/Library/Developer/Xcode/DerivedData/Telegram-Mac-fygdgghdgmuleoelvxabfmqiotta/SourcePackages/checkouts/promises/Sources/FBLPromises/FBLPromise+Do.m -o /Users/buddhirajgautam/Library/Developer/Xcode/DerivedData/Telegram-Mac-fygdgghdgmuleoelvxabfmqiotta/Build/Intermediates.noindex/Promises.build/Debug/FBLPromises-t.build/Objects-normal/arm64/FBLPromise+Do.o -index-unit-output-path /Promises.build/Debug/FBLPromises-t.build/Objects-normal/arm64/FBLPromise+Do.o

CompileC /Users/buddhirajgautam/Library/Developer/Xcode/DerivedData/Telegram-Mac-fygdgghdgmuleoelvxabfmqiotta/Build/Intermediates.noindex/Firebase.build/Debug/FirebaseCore-t.build/Objects-normal/arm64/FIRApp.o /Users/buddhirajgautam/Library/Developer/Xcode/DerivedData/Telegram-Mac-fygdgghdgmuleoelvxabfmqiotta/SourcePackages/checkouts/firebase-ios-sdk/FirebaseCore/Sources/FIRApp.m normal arm64 objective-c com.apple.compilers.llvm.clang.1_0.compiler (in target 'FirebaseCore' from project 'Firebase')
    cd /Users/buddhirajgautam/Documents/Cherrygram-Mac/macOS-Swift
    
    Using response file: /Users/buddhirajgautam/Library/Developer/Xcode/DerivedData/Telegram-Mac-fygdgghdgmuleoelvxabfmqiotta/Build/Intermediates.noindex/Firebase.build/Debug/FirebaseCore-t.build/Objects-normal/arm64/e6072d4f65d7061329687fe24e3d63a7-common-args.resp
    
    /Applications/Xcode.app/Contents/Developer/Toolchains/XcodeDefault.xctoolchain/usr/bin/clang -x objective-c -ivfsstatcache /Users/buddhirajgautam/Library/Developer/Xcode/DerivedData/SDKStatCaches.noindex/macosx27.0-26A425-e829b21a6f8c9b70876ba0858053c0447231f6df4def33e022ae2eb8f782df1a.sdkstatcache -target arm64-apple-macos12.0 -fmessage-length\=0 -fdiagnostics-show-note-include-stack -fmacro-backtrace-limit\=0 -fno-color-diagnostics -fmodules-prune-interval\=86400 -fmodules-prune-after\=345600 -fbuild-session-file\=/Users/buddhirajgautam/Library/Developer/Xcode/DerivedData/ModuleCache.noindex/Session.modulevalidation -fmodules-validate-once-per-build-session -Wnon-modular-include-in-framework-module -Werror\=non-modular-include-in-framework-module -Wno-trigraphs -Wno-missing-field-initializers -Wno-missing-prototypes -Wno-return-type -Wno-implicit-atomic-properties -Wno-objc-interface-ivars -Wno-arc-repeated-use-of-weak -Wno-missing-braces -Wparentheses -Wswitch -Wno-unused-function -Wno-unused-label -Wno-unused-parameter -Wno-unused-variable -Wunused-value -Wno-empty-body -Wno-uninitialized -Wno-unknown-pragmas -w -Wno-shadow -Wno-four-char-constants -Wno-conversion -Wno-constant-conversion -Wno-int-conversion -Wno-bool-conversion -Wno-enum-conversion -Wno-float-conversion -Wno-non-literal-null-conversion -Wno-objc-literal-conversion -Wshorten-64-to-32 -Wpointer-sign -Wno-newline-eof -Wno-selector -Wno-strict-selector-match -Wno-undeclared-selector -Wno-deprecated-implementations -Wno-implicit-fallthrough -isysroot /Applications/Xcode.app/Contents/Developer/Platforms/MacOSX.platform/Developer/SDKs/MacOSX27.0.sdk -fstrict-aliasing -Wprotocol -Wdeprecated-declarations -Wno-sign-conversion -Wno-infinite-recursion -Wno-comma -Wno-block-capture-autoreleasing -Wno-strict-prototypes -Wno-semicolon-before-method-body -index-store-path /Users/buddhirajgautam/Library/Developer/Xcode/DerivedData/Telegram-Mac-fygdgghdgmuleoelvxabfmqiotta/Index.noindex/DataStore @/Users/buddhirajgautam/Library/Developer/Xcode/DerivedData/Telegram-Mac-fygdgghdgmuleoelvxabfmqiotta/Build/Intermediates.noindex/Firebase.build/Debug/FirebaseCore-t.build/Objects-normal/arm64/e6072d4f65d7061329687fe24e3d63a7-common-args.resp -MMD -MT dependencies -MF /Users/buddhirajgautam/Library/Developer/Xcode/DerivedData/Telegram-Mac-fygdgghdgmuleoelvxabfmqiotta/Build/Intermediates.noindex/Firebase.build/Debug/FirebaseCore-t.build/Objects-normal/arm64/FIRApp.d --serialize-diagnostics /Users/buddhirajgautam/Library/Developer/Xcode/DerivedData/Telegram-Mac-fygdgghdgmuleoelvxabfmqiotta/Build/Intermediates.noindex/Firebase.build/Debug/FirebaseCore-t.build/Objects-normal/arm64/FIRApp.dia -c /Users/buddhirajgautam/Library/Developer/Xcode/DerivedData/Telegram-Mac-fygdgghdgmuleoelvxabfmqiotta/SourcePackages/checkouts/firebase-ios-sdk/FirebaseCore/Sources/FIRApp.m -o /Users/buddhirajgautam/Library/Developer/Xcode/DerivedData/Telegram-Mac-fygdgghdgmuleoelvxabfmqiotta/Build/Intermediates.noindex/Firebase.build/Debug/FirebaseCore-t.build/Objects-normal/arm64/FIRApp.o -index-unit-output-path /Firebase.build/Debug/FirebaseCore-t.build/Objects-normal/arm64/FIRApp.o

ScanDependencies /Users/buddhirajgautam/Library/Developer/Xcode/DerivedData/Telegram-Mac-fygdgghdgmuleoelvxabfmqiotta/Build/Intermediates.noindex/Promises.build/Debug/FBLPromises-t.build/Objects-normal/arm64/FBLPromise+Delay.o /Users/buddhirajgautam/Library/Developer/Xcode/DerivedData/Telegram-Mac-fygdgghdgmuleoelvxabfmqiotta/SourcePackages/checkouts/promises/Sources/FBLPromises/FBLPromise+Delay.m normal arm64 objective-c com.apple.compilers.llvm.clang.1_0.compiler (in target 'FBLPromises' from project 'Promises')
    cd /Users/buddhirajgautam/Documents/Cherrygram-Mac/macOS-Swift
    
    Using response file: /Users/buddhirajgautam/Library/Developer/Xcode/DerivedData/Telegram-Mac-fygdgghdgmuleoelvxabfmqiotta/Build/Intermediates.noindex/Promises.build/Debug/FBLPromises-t.build/Objects-normal/arm64/e6072d4f65d7061329687fe24e3d63a7-common-args.resp
    
    builtin-ScanDependencies -o /Users/buddhirajgautam/Library/Developer/Xcode/DerivedData/Telegram-Mac-fygdgghdgmuleoelvxabfmqiotta/Build/Intermediates.noindex/Promises.build/Debug/FBLPromises-t.build/Objects-normal/arm64/FBLPromise+Delay.o.scan -- /Applications/Xcode.app/Contents/Developer/Toolchains/XcodeDefault.xctoolchain/usr/bin/clang -x objective-c -ivfsstatcache /Users/buddhirajgautam/Library/Developer/Xcode/DerivedData/SDKStatCaches.noindex/macosx27.0-26A425-e829b21a6f8c9b70876ba0858053c0447231f6df4def33e022ae2eb8f782df1a.sdkstatcache -target arm64-apple-macos12.0 -fmessage-length\=0 -fdiagnostics-show-note-include-stack -fmacro-backtrace-limit\=0 -fno-color-diagnostics -fmodules-prune-interval\=86400 -fmodules-prune-after\=345600 -fbuild-session-file\=/Users/buddhirajgautam/Library/Developer/Xcode/DerivedData/ModuleCache.noindex/Session.modulevalidation -fmodules-validate-once-per-build-session -Wnon-modular-include-in-framework-module -Werror\=non-modular-include-in-framework-module -Wno-trigraphs -Wno-missing-field-initializers -Wno-missing-prototypes -Wno-return-type -Wno-implicit-atomic-properties -Wno-objc-interface-ivars -Wno-arc-repeated-use-of-weak -Wno-missing-braces -Wparentheses -Wswitch -Wno-unused-function -Wno-unused-label -Wno-unused-parameter -Wno-unused-variable -Wunused-value -Wno-empty-body -Wno-uninitialized -Wno-unknown-pragmas -w -Wno-shadow -Wno-four-char-constants -Wno-conversion -Wno-constant-conversion -Wno-int-conversion -Wno-bool-conversion -Wno-enum-conversion -Wno-float-conversion -Wno-non-literal-null-conversion -Wno-objc-literal-conversion -Wshorten-64-to-32 -Wpointer-sign -Wno-newline-eof -Wno-selector -Wno-strict-selector-match -Wno-undeclared-selector -Wno-deprecated-implementations -Wno-implicit-fallthrough -isysroot /Applications/Xcode.app/Contents/Developer/Platforms/MacOSX.platform/Developer/SDKs/MacOSX27.0.sdk -fstrict-aliasing -Wprotocol -Wdeprecated-declarations -Wno-sign-conversion -Wno-infinite-recursion -Wno-comma -Wno-block-capture-autoreleasing -Wno-strict-prototypes -Wno-semicolon-before-method-body -index-store-path /Users/buddhirajgautam/Library/Developer/Xcode/DerivedData/Telegram-Mac-fygdgghdgmuleoelvxabfmqiotta/Index.noindex/DataStore @/Users/buddhirajgautam/Library/Developer/Xcode/DerivedData/Telegram-Mac-fygdgghdgmuleoelvxabfmqiotta/Build/Intermediates.noindex/Promises.build/Debug/FBLPromises-t.build/Objects-normal/arm64/e6072d4f65d7061329687fe24e3d63a7-common-args.resp -include /Users/buddhirajgautam/Library/Developer/Xcode/DerivedData/Telegram-Mac-fygdgghdgmuleoelvxabfmqiotta/Build/Intermediates.noindex/Promises.build/Debug/FBLPromises-t.build/DerivedSources/resource_bundle_accessor.h -MMD -MT dependencies -MF /Users/buddhirajgautam/Library/Developer/Xcode/DerivedData/Telegram-Mac-fygdgghdgmuleoelvxabfmqiotta/Build/Intermediates.noindex/Promises.build/Debug/FBLPromises-t.build/Objects-normal/arm64/FBLPromise+Delay.d --serialize-diagnostics /Users/buddhirajgautam/Library/Developer/Xcode/DerivedData/Telegram-Mac-fygdgghdgmuleoelvxabfmqiotta/Build/Intermediates.noindex/Promises.build/Debug/FBLPromises-t.build/Objects-normal/arm64/FBLPromise+Delay.dia -c /Users/buddhirajgautam/Library/Developer/Xcode/DerivedData/Telegram-Mac-fygdgghdgmuleoelvxabfmqiotta/SourcePackages/checkouts/promises/Sources/FBLPromises/FBLPromise+Delay.m -o /Users/buddhirajgautam/Library/Developer/Xcode/DerivedData/Telegram-Mac-fygdgghdgmuleoelvxabfmqiotta/Build/Intermediates.noindex/Promises.build/Debug/FBLPromises-t.build/Objects-normal/arm64/FBLPromise+Delay.o -index-unit-output-path /Promises.build/Debug/FBLPromises-t.build/Objects-normal/arm64/FBLPromise+Delay.o

ScanDependencies /Users/buddhirajgautam/Library/Developer/Xcode/DerivedData/Telegram-Mac-fygdgghdgmuleoelvxabfmqiotta/Build/Intermediates.noindex/Promises.build/Debug/FBLPromises-t.build/Objects-normal/arm64/FBLPromise+Catch.o /Users/buddhirajgautam/Library/Developer/Xcode/DerivedData/Telegram-Mac-fygdgghdgmuleoelvxabfmqiotta/SourcePackages/checkouts/promises/Sources/FBLPromises/FBLPromise+Catch.m normal arm64 objective-c com.apple.compilers.llvm.clang.1_0.compiler (in target 'FBLPromises' from project 'Promises')
    cd /Users/buddhirajgautam/Documents/Cherrygram-Mac/macOS-Swift
    
    Using response file: /Users/buddhirajgautam/Library/Developer/Xcode/DerivedData/Telegram-Mac-fygdgghdgmuleoelvxabfmqiotta/Build/Intermediates.noindex/Promises.build/Debug/FBLPromises-t.build/Objects-normal/arm64/e6072d4f65d7061329687fe24e3d63a7-common-args.resp
    
    builtin-ScanDependencies -o /Users/buddhirajgautam/Library/Developer/Xcode/DerivedData/Telegram-Mac-fygdgghdgmuleoelvxabfmqiotta/Build/Intermediates.noindex/Promises.build/Debug/FBLPromises-t.build/Objects-normal/arm64/FBLPromise+Catch.o.scan -- /Applications/Xcode.app/Contents/Developer/Toolchains/XcodeDefault.xctoolchain/usr/bin/clang -x objective-c -ivfsstatcache /Users/buddhirajgautam/Library/Developer/Xcode/DerivedData/SDKStatCaches.noindex/macosx27.0-26A425-e829b21a6f8c9b70876ba0858053c0447231f6df4def33e022ae2eb8f782df1a.sdkstatcache -target arm64-apple-macos12.0 -fmessage-length\=0 -fdiagnostics-show-note-include-stack -fmacro-backtrace-limit\=0 -fno-color-diagnostics -fmodules-prune-interval\=86400 -fmodules-prune-after\=345600 -fbuild-session-file\=/Users/buddhirajgautam/Library/Developer/Xcode/DerivedData/ModuleCache.noindex/Session.modulevalidation -fmodules-validate-once-per-build-session -Wnon-modular-include-in-framework-module -Werror\=non-modular-include-in-framework-module -Wno-trigraphs -Wno-missing-field-initializers -Wno-missing-prototypes -Wno-return-type -Wno-implicit-atomic-properties -Wno-objc-interface-ivars -Wno-arc-repeated-use-of-weak -Wno-missing-braces -Wparentheses -Wswitch -Wno-unused-function -Wno-unused-label -Wno-unused-parameter -Wno-unused-variable -Wunused-value -Wno-empty-body -Wno-uninitialized -Wno-unknown-pragmas -w -Wno-shadow -Wno-four-char-constants -Wno-conversion -Wno-constant-conversion -Wno-int-conversion -Wno-bool-conversion -Wno-enum-conversion -Wno-float-conversion -Wno-non-literal-null-conversion -Wno-objc-literal-conversion -Wshorten-64-to-32 -Wpointer-sign -Wno-newline-eof -Wno-selector -Wno-strict-selector-match -Wno-undeclared-selector -Wno-deprecated-implementations -Wno-implicit-fallthrough -isysroot /Applications/Xcode.app/Contents/Developer/Platforms/MacOSX.platform/Developer/SDKs/MacOSX27.0.sdk -fstrict-aliasing -Wprotocol -Wdeprecated-declarations -Wno-sign-conversion -Wno-infinite-recursion -Wno-comma -Wno-block-capture-autoreleasing -Wno-strict-prototypes -Wno-semicolon-before-method-body -index-store-path /Users/buddhirajgautam/Library/Developer/Xcode/DerivedData/Telegram-Mac-fygdgghdgmuleoelvxabfmqiotta/Index.noindex/DataStore @/Users/buddhirajgautam/Library/Developer/Xcode/DerivedData/Telegram-Mac-fygdgghdgmuleoelvxabfmqiotta/Build/Intermediates.noindex/Promises.build/Debug/FBLPromises-t.build/Objects-normal/arm64/e6072d4f65d7061329687fe24e3d63a7-common-args.resp -include /Users/buddhirajgautam/Library/Developer/Xcode/DerivedData/Telegram-Mac-fygdgghdgmuleoelvxabfmqiotta/Build/Intermediates.noindex/Promises.build/Debug/FBLPromises-t.build/DerivedSources/resource_bundle_accessor.h -MMD -MT dependencies -MF /Users/buddhirajgautam/Library/Developer/Xcode/DerivedData/Telegram-Mac-fygdgghdgmuleoelvxabfmqiotta/Build/Intermediates.noindex/Promises.build/Debug/FBLPromises-t.build/Objects-normal/arm64/FBLPromise+Catch.d --serialize-diagnostics /Users/buddhirajgautam/Library/Developer/Xcode/DerivedData/Telegram-Mac-fygdgghdgmuleoelvxabfmqiotta/Build/Intermediates.noindex/Promises.build/Debug/FBLPromises-t.build/Objects-normal/arm64/FBLPromise+Catch.dia -c /Users/buddhirajgautam/Library/Developer/Xcode/DerivedData/Telegram-Mac-fygdgghdgmuleoelvxabfmqiotta/SourcePackages/checkouts/promises/Sources/FBLPromises/FBLPromise+Catch.m -o /Users/buddhirajgautam/Library/Developer/Xcode/DerivedData/Telegram-Mac-fygdgghdgmuleoelvxabfmqiotta/Build/Intermediates.noindex/Promises.build/Debug/FBLPromises-t.build/Objects-normal/arm64/FBLPromise+Catch.o -index-unit-output-path /Promises.build/Debug/FBLPromises-t.build/Objects-normal/arm64/FBLPromise+Catch.o

PrecompileModule /Users/buddhirajgautam/Library/Developer/Xcode/DerivedData/Telegram-Mac-fygdgghdgmuleoelvxabfmqiotta/Build/Intermediates.noindex/ExplicitPrecompiledModules/_DarwinFoundation1-8BIWSZH35JY4ZJ67Y5MMWLZ38.scan
    cd /
    builtin-precompileModule /Users/buddhirajgautam/Library/Developer/Xcode/DerivedData/Telegram-Mac-fygdgghdgmuleoelvxabfmqiotta/Build/Intermediates.noindex/ExplicitPrecompiledModules/_DarwinFoundation1-8BIWSZH35JY4ZJ67Y5MMWLZ38.scan

ScanDependencies /Users/buddhirajgautam/Library/Developer/Xcode/DerivedData/Telegram-Mac-fygdgghdgmuleoelvxabfmqiotta/Build/Intermediates.noindex/Promises.build/Debug/FBLPromises-t.build/Objects-normal/arm64/FBLPromise+Await.o /Users/buddhirajgautam/Library/Developer/Xcode/DerivedData/Telegram-Mac-fygdgghdgmuleoelvxabfmqiotta/SourcePackages/checkouts/promises/Sources/FBLPromises/FBLPromise+Await.m normal arm64 objective-c com.apple.compilers.llvm.clang.1_0.compiler (in target 'FBLPromises' from project 'Promises')
    cd /Users/buddhirajgautam/Documents/Cherrygram-Mac/macOS-Swift
    
    Using response file: /Users/buddhirajgautam/Library/Developer/Xcode/DerivedData/Telegram-Mac-fygdgghdgmuleoelvxabfmqiotta/Build/Intermediates.noindex/Promises.build/Debug/FBLPromises-t.build/Objects-normal/arm64/e6072d4f65d7061329687fe24e3d63a7-common-args.resp
    
    builtin-ScanDependencies -o /Users/buddhirajgautam/Library/Developer/Xcode/DerivedData/Telegram-Mac-fygdgghdgmuleoelvxabfmqiotta/Build/Intermediates.noindex/Promises.build/Debug/FBLPromises-t.build/Objects-normal/arm64/FBLPromise+Await.o.scan -- /Applications/Xcode.app/Contents/Developer/Toolchains/XcodeDefault.xctoolchain/usr/bin/clang -x objective-c -ivfsstatcache /Users/buddhirajgautam/Library/Developer/Xcode/DerivedData/SDKStatCaches.noindex/macosx27.0-26A425-e829b21a6f8c9b70876ba0858053c0447231f6df4def33e022ae2eb8f782df1a.sdkstatcache -target arm64-apple-macos12.0 -fmessage-length\=0 -fdiagnostics-show-note-include-stack -fmacro-backtrace-limit\=0 -fno-color-diagnostics -fmodules-prune-interval\=86400 -fmodules-prune-after\=345600 -fbuild-session-file\=/Users/buddhirajgautam/Library/Developer/Xcode/DerivedData/ModuleCache.noindex/Session.modulevalidation -fmodules-validate-once-per-build-session -Wnon-modular-include-in-framework-module -Werror\=non-modular-include-in-framework-module -Wno-trigraphs -Wno-missing-field-initializers -Wno-missing-prototypes -Wno-return-type -Wno-implicit-atomic-properties -Wno-objc-interface-ivars -Wno-arc-repeated-use-of-weak -Wno-missing-braces -Wparentheses -Wswitch -Wno-unused-function -Wno-unused-label -Wno-unused-parameter -Wno-unused-variable -Wunused-value -Wno-empty-body -Wno-uninitialized -Wno-unknown-pragmas -w -Wno-shadow -Wno-four-char-constants -Wno-conversion -Wno-constant-conversion -Wno-int-conversion -Wno-bool-conversion -Wno-enum-conversion -Wno-float-conversion -Wno-non-literal-null-conversion -Wno-objc-literal-conversion -Wshorten-64-to-32 -Wpointer-sign -Wno-newline-eof -Wno-selector -Wno-strict-selector-match -Wno-undeclared-selector -Wno-deprecated-implementations -Wno-implicit-fallthrough -isysroot /Applications/Xcode.app/Contents/Developer/Platforms/MacOSX.platform/Developer/SDKs/MacOSX27.0.sdk -fstrict-aliasing -Wprotocol -Wdeprecated-declarations -Wno-sign-conversion -Wno-infinite-recursion -Wno-comma -Wno-block-capture-autoreleasing -Wno-strict-prototypes -Wno-semicolon-before-method-body -index-store-path /Users/buddhirajgautam/Library/Developer/Xcode/DerivedData/Telegram-Mac-fygdgghdgmuleoelvxabfmqiotta/Index.noindex/DataStore @/Users/buddhirajgautam/Library/Developer/Xcode/DerivedData/Telegram-Mac-fygdgghdgmuleoelvxabfmqiotta/Build/Intermediates.noindex/Promises.build/Debug/FBLPromises-t.build/Objects-normal/arm64/e6072d4f65d7061329687fe24e3d63a7-common-args.resp -include /Users/buddhirajgautam/Library/Developer/Xcode/DerivedData/Telegram-Mac-fygdgghdgmuleoelvxabfmqiotta/Build/Intermediates.noindex/Promises.build/Debug/FBLPromises-t.build/DerivedSources/resource_bundle_accessor.h -MMD -MT dependencies -MF /Users/buddhirajgautam/Library/Developer/Xcode/DerivedData/Telegram-Mac-fygdgghdgmuleoelvxabfmqiotta/Build/Intermediates.noindex/Promises.build/Debug/FBLPromises-t.build/Objects-normal/arm64/FBLPromise+Await.d --serialize-diagnostics /Users/buddhirajgautam/Library/Developer/Xcode/DerivedData/Telegram-Mac-fygdgghdgmuleoelvxabfmqiotta/Build/Intermediates.noindex/Promises.build/Debug/FBLPromises-t.build/Objects-normal/arm64/FBLPromise+Await.dia -c /Users/buddhirajgautam/Library/Developer/Xcode/DerivedData/Telegram-Mac-fygdgghdgmuleoelvxabfmqiotta/SourcePackages/checkouts/promises/Sources/FBLPromises/FBLPromise+Await.m -o /Users/buddhirajgautam/Library/Developer/Xcode/DerivedData/Telegram-Mac-fygdgghdgmuleoelvxabfmqiotta/Build/Intermediates.noindex/Promises.build/Debug/FBLPromises-t.build/Objects-normal/arm64/FBLPromise+Await.o -index-unit-output-path /Promises.build/Debug/FBLPromises-t.build/Objects-normal/arm64/FBLPromise+Await.o

ScanDependencies /Users/buddhirajgautam/Library/Developer/Xcode/DerivedData/Telegram-Mac-fygdgghdgmuleoelvxabfmqiotta/Build/Intermediates.noindex/Promises.build/Debug/FBLPromises-t.build/Objects-normal/arm64/FBLPromise+Async.o /Users/buddhirajgautam/Library/Developer/Xcode/DerivedData/Telegram-Mac-fygdgghdgmuleoelvxabfmqiotta/SourcePackages/checkouts/promises/Sources/FBLPromises/FBLPromise+Async.m normal arm64 objective-c com.apple.compilers.llvm.clang.1_0.compiler (in target 'FBLPromises' from project 'Promises')
    cd /Users/buddhirajgautam/Documents/Cherrygram-Mac/macOS-Swift
    
    Using response file: /Users/buddhirajgautam/Library/Developer/Xcode/DerivedData/Telegram-Mac-fygdgghdgmuleoelvxabfmqiotta/Build/Intermediates.noindex/Promises.build/Debug/FBLPromises-t.build/Objects-normal/arm64/e6072d4f65d7061329687fe24e3d63a7-common-args.resp
    
    builtin-ScanDependencies -o /Users/buddhirajgautam/Library/Developer/Xcode/DerivedData/Telegram-Mac-fygdgghdgmuleoelvxabfmqiotta/Build/Intermediates.noindex/Promises.build/Debug/FBLPromises-t.build/Objects-normal/arm64/FBLPromise+Async.o.scan -- /Applications/Xcode.app/Contents/Developer/Toolchains/XcodeDefault.xctoolchain/usr/bin/clang -x objective-c -ivfsstatcache /Users/buddhirajgautam/Library/Developer/Xcode/DerivedData/SDKStatCaches.noindex/macosx27.0-26A425-e829b21a6f8c9b70876ba0858053c0447231f6df4def33e022ae2eb8f782df1a.sdkstatcache -target arm64-apple-macos12.0 -fmessage-length\=0 -fdiagnostics-show-note-include-stack -fmacro-backtrace-limit\=0 -fno-color-diagnostics -fmodules-prune-interval\=86400 -fmodules-prune-after\=345600 -fbuild-session-file\=/Users/buddhirajgautam/Library/Developer/Xcode/DerivedData/ModuleCache.noindex/Session.modulevalidation -fmodules-validate-once-per-build-session -Wnon-modular-include-in-framework-module -Werror\=non-modular-include-in-framework-module -Wno-trigraphs -Wno-missing-field-initializers -Wno-missing-prototypes -Wno-return-type -Wno-implicit-atomic-properties -Wno-objc-interface-ivars -Wno-arc-repeated-use-of-weak -Wno-missing-braces -Wparentheses -Wswitch -Wno-unused-function -Wno-unused-label -Wno-unused-parameter -Wno-unused-variable -Wunused-value -Wno-empty-body -Wno-uninitialized -Wno-unknown-pragmas -w -Wno-shadow -Wno-four-char-constants -Wno-conversion -Wno-constant-conversion -Wno-int-conversion -Wno-bool-conversion -Wno-enum-conversion -Wno-float-conversion -Wno-non-literal-null-conversion -Wno-objc-literal-conversion -Wshorten-64-to-32 -Wpointer-sign -Wno-newline-eof -Wno-selector -Wno-strict-selector-match -Wno-undeclared-selector -Wno-deprecated-implementations -Wno-implicit-fallthrough -isysroot /Applications/Xcode.app/Contents/Developer/Platforms/MacOSX.platform/Developer/SDKs/MacOSX27.0.sdk -fstrict-aliasing -Wprotocol -Wdeprecated-declarations -Wno-sign-conversion -Wno-infinite-recursion -Wno-comma -Wno-block-capture-autoreleasing -Wno-strict-prototypes -Wno-semicolon-before-method-body -index-store-path /Users/buddhirajgautam/Library/Developer/Xcode/DerivedData/Telegram-Mac-fygdgghdgmuleoelvxabfmqiotta/Index.noindex/DataStore @/Users/buddhirajgautam/Library/Developer/Xcode/DerivedData/Telegram-Mac-fygdgghdgmuleoelvxabfmqiotta/Build/Intermediates.noindex/Promises.build/Debug/FBLPromises-t.build/Objects-normal/arm64/e6072d4f65d7061329687fe24e3d63a7-common-args.resp -include /Users/buddhirajgautam/Library/Developer/Xcode/DerivedData/Telegram-Mac-fygdgghdgmuleoelvxabfmqiotta/Build/Intermediates.noindex/Promises.build/Debug/FBLPromises-t.build/DerivedSources/resource_bundle_accessor.h -MMD -MT dependencies -MF /Users/buddhirajgautam/Library/Developer/Xcode/DerivedData/Telegram-Mac-fygdgghdgmuleoelvxabfmqiotta/Build/Intermediates.noindex/Promises.build/Debug/FBLPromises-t.build/Objects-normal/arm64/FBLPromise+Async.d --serialize-diagnostics /Users/buddhirajgautam/Library/Developer/Xcode/DerivedData/Telegram-Mac-fygdgghdgmuleoelvxabfmqiotta/Build/Intermediates.noindex/Promises.build/Debug/FBLPromises-t.build/Objects-normal/arm64/FBLPromise+Async.dia -c /Users/buddhirajgautam/Library/Developer/Xcode/DerivedData/Telegram-Mac-fygdgghdgmuleoelvxabfmqiotta/SourcePackages/checkouts/promises/Sources/FBLPromises/FBLPromise+Async.m -o /Users/buddhirajgautam/Library/Developer/Xcode/DerivedData/Telegram-Mac-fygdgghdgmuleoelvxabfmqiotta/Build/Intermediates.noindex/Promises.build/Debug/FBLPromises-t.build/Objects-normal/arm64/FBLPromise+Async.o -index-unit-output-path /Promises.build/Debug/FBLPromises-t.build/Objects-normal/arm64/FBLPromise+Async.o

ScanDependencies /Users/buddhirajgautam/Library/Developer/Xcode/DerivedData/Telegram-Mac-fygdgghdgmuleoelvxabfmqiotta/Build/Intermediates.noindex/Promises.build/Debug/FBLPromises-t.build/Objects-normal/arm64/FBLPromise+Any.o /Users/buddhirajgautam/Library/Developer/Xcode/DerivedData/Telegram-Mac-fygdgghdgmuleoelvxabfmqiotta/SourcePackages/checkouts/promises/Sources/FBLPromises/FBLPromise+Any.m normal arm64 objective-c com.apple.compilers.llvm.clang.1_0.compiler (in target 'FBLPromises' from project 'Promises')
    cd /Users/buddhirajgautam/Documents/Cherrygram-Mac/macOS-Swift
    
    Using response file: /Users/buddhirajgautam/Library/Developer/Xcode/DerivedData/Telegram-Mac-fygdgghdgmuleoelvxabfmqiotta/Build/Intermediates.noindex/Promises.build/Debug/FBLPromises-t.build/Objects-normal/arm64/e6072d4f65d7061329687fe24e3d63a7-common-args.resp
    
    builtin-ScanDependencies -o /Users/buddhirajgautam/Library/Developer/Xcode/DerivedData/Telegram-Mac-fygdgghdgmuleoelvxabfmqiotta/Build/Intermediates.noindex/Promises.build/Debug/FBLPromises-t.build/Objects-normal/arm64/FBLPromise+Any.o.scan -- /Applications/Xcode.app/Contents/Developer/Toolchains/XcodeDefault.xctoolchain/usr/bin/clang -x objective-c -ivfsstatcache /Users/buddhirajgautam/Library/Developer/Xcode/DerivedData/SDKStatCaches.noindex/macosx27.0-26A425-e829b21a6f8c9b70876ba0858053c0447231f6df4def33e022ae2eb8f782df1a.sdkstatcache -target arm64-apple-macos12.0 -fmessage-length\=0 -fdiagnostics-show-note-include-stack -fmacro-backtrace-limit\=0 -fno-color-diagnostics -fmodules-prune-interval\=86400 -fmodules-prune-after\=345600 -fbuild-session-file\=/Users/buddhirajgautam/Library/Developer/Xcode/DerivedData/ModuleCache.noindex/Session.modulevalidation -fmodules-validate-once-per-build-session -Wnon-modular-include-in-framework-module -Werror\=non-modular-include-in-framework-module -Wno-trigraphs -Wno-missing-field-initializers -Wno-missing-prototypes -Wno-return-type -Wno-implicit-atomic-properties -Wno-objc-interface-ivars -Wno-arc-repeated-use-of-weak -Wno-missing-braces -Wparentheses -Wswitch -Wno-unused-function -Wno-unused-label -Wno-unused-parameter -Wno-unused-variable -Wunused-value -Wno-empty-body -Wno-uninitialized -Wno-unknown-pragmas -w -Wno-shadow -Wno-four-char-constants -Wno-conversion -Wno-constant-conversion -Wno-int-conversion -Wno-bool-conversion -Wno-enum-conversion -Wno-float-conversion -Wno-non-literal-null-conversion -Wno-objc-literal-conversion -Wshorten-64-to-32 -Wpointer-sign -Wno-newline-eof -Wno-selector -Wno-strict-selector-match -Wno-undeclared-selector -Wno-deprecated-implementations -Wno-implicit-fallthrough -isysroot /Applications/Xcode.app/Contents/Developer/Platforms/MacOSX.platform/Developer/SDKs/MacOSX27.0.sdk -fstrict-aliasing -Wprotocol -Wdeprecated-declarations -Wno-sign-conversion -Wno-infinite-recursion -Wno-comma -Wno-block-capture-autoreleasing -Wno-strict-prototypes -Wno-semicolon-before-method-body -index-store-path /Users/buddhirajgautam/Library/Developer/Xcode/DerivedData/Telegram-Mac-fygdgghdgmuleoelvxabfmqiotta/Index.noindex/DataStore @/Users/buddhirajgautam/Library/Developer/Xcode/DerivedData/Telegram-Mac-fygdgghdgmuleoelvxabfmqiotta/Build/Intermediates.noindex/Promises.build/Debug/FBLPromises-t.build/Objects-normal/arm64/e6072d4f65d7061329687fe24e3d63a7-common-args.resp -include /Users/buddhirajgautam/Library/Developer/Xcode/DerivedData/Telegram-Mac-fygdgghdgmuleoelvxabfmqiotta/Build/Intermediates.noindex/Promises.build/Debug/FBLPromises-t.build/DerivedSources/resource_bundle_accessor.h -MMD -MT dependencies -MF /Users/buddhirajgautam/Library/Developer/Xcode/DerivedData/Telegram-Mac-fygdgghdgmuleoelvxabfmqiotta/Build/Intermediates.noindex/Promises.build/Debug/FBLPromises-t.build/Objects-normal/arm64/FBLPromise+Any.d --serialize-diagnostics /Users/buddhirajgautam/Library/Developer/Xcode/DerivedData/Telegram-Mac-fygdgghdgmuleoelvxabfmqiotta/Build/Intermediates.noindex/Promises.build/Debug/FBLPromises-t.build/Objects-normal/arm64/FBLPromise+Any.dia -c /Users/buddhirajgautam/Library/Developer/Xcode/DerivedData/Telegram-Mac-fygdgghdgmuleoelvxabfmqiotta/SourcePackages/checkouts/promises/Sources/FBLPromises/FBLPromise+Any.m -o /Users/buddhirajgautam/Library/Developer/Xcode/DerivedData/Telegram-Mac-fygdgghdgmuleoelvxabfmqiotta/Build/Intermediates.noindex/Promises.build/Debug/FBLPromises-t.build/Objects-normal/arm64/FBLPromise+Any.o -index-unit-output-path /Promises.build/Debug/FBLPromises-t.build/Objects-normal/arm64/FBLPromise+Any.o

ScanDependencies /Users/buddhirajgautam/Library/Developer/Xcode/DerivedData/Telegram-Mac-fygdgghdgmuleoelvxabfmqiotta/Build/Intermediates.noindex/Promises.build/Debug/FBLPromises-t.build/Objects-normal/arm64/FBLPromise+Always.o /Users/buddhirajgautam/Library/Developer/Xcode/DerivedData/Telegram-Mac-fygdgghdgmuleoelvxabfmqiotta/SourcePackages/checkouts/promises/Sources/FBLPromises/FBLPromise+Always.m normal arm64 objective-c com.apple.compilers.llvm.clang.1_0.compiler (in target 'FBLPromises' from project 'Promises')
    cd /Users/buddhirajgautam/Documents/Cherrygram-Mac/macOS-Swift
    
    Using response file: /Users/buddhirajgautam/Library/Developer/Xcode/DerivedData/Telegram-Mac-fygdgghdgmuleoelvxabfmqiotta/Build/Intermediates.noindex/Promises.build/Debug/FBLPromises-t.build/Objects-normal/arm64/e6072d4f65d7061329687fe24e3d63a7-common-args.resp
    
    builtin-ScanDependencies -o /Users/buddhirajgautam/Library/Developer/Xcode/DerivedData/Telegram-Mac-fygdgghdgmuleoelvxabfmqiotta/Build/Intermediates.noindex/Promises.build/Debug/FBLPromises-t.build/Objects-normal/arm64/FBLPromise+Always.o.scan -- /Applications/Xcode.app/Contents/Developer/Toolchains/XcodeDefault.xctoolchain/usr/bin/clang -x objective-c -ivfsstatcache /Users/buddhirajgautam/Library/Developer/Xcode/DerivedData/SDKStatCaches.noindex/macosx27.0-26A425-e829b21a6f8c9b70876ba0858053c0447231f6df4def33e022ae2eb8f782df1a.sdkstatcache -target arm64-apple-macos12.0 -fmessage-length\=0 -fdiagnostics-show-note-include-stack -fmacro-backtrace-limit\=0 -fno-color-diagnostics -fmodules-prune-interval\=86400 -fmodules-prune-after\=345600 -fbuild-session-file\=/Users/buddhirajgautam/Library/Developer/Xcode/DerivedData/ModuleCache.noindex/Session.modulevalidation -fmodules-validate-once-per-build-session -Wnon-modular-include-in-framework-module -Werror\=non-modular-include-in-framework-module -Wno-trigraphs -Wno-missing-field-initializers -Wno-missing-prototypes -Wno-return-type -Wno-implicit-atomic-properties -Wno-objc-interface-ivars -Wno-arc-repeated-use-of-weak -Wno-missing-braces -Wparentheses -Wswitch -Wno-unused-function -Wno-unused-label -Wno-unused-parameter -Wno-unused-variable -Wunused-value -Wno-empty-body -Wno-uninitialized -Wno-unknown-pragmas -w -Wno-shadow -Wno-four-char-constants -Wno-conversion -Wno-constant-conversion -Wno-int-conversion -Wno-bool-conversion -Wno-enum-conversion -Wno-float-conversion -Wno-non-literal-null-conversion -Wno-objc-literal-conversion -Wshorten-64-to-32 -Wpointer-sign -Wno-newline-eof -Wno-selector -Wno-strict-selector-match -Wno-undeclared-selector -Wno-deprecated-implementations -Wno-implicit-fallthrough -isysroot /Applications/Xcode.app/Contents/Developer/Platforms/MacOSX.platform/Developer/SDKs/MacOSX27.0.sdk -fstrict-aliasing -Wprotocol -Wdeprecated-declarations -Wno-sign-conversion -Wno-infinite-recursion -Wno-comma -Wno-block-capture-autoreleasing -Wno-strict-prototypes -Wno-semicolon-before-method-body -index-store-path /Users/buddhirajgautam/Library/Developer/Xcode/DerivedData/Telegram-Mac-fygdgghdgmuleoelvxabfmqiotta/Index.noindex/DataStore @/Users/buddhirajgautam/Library/Developer/Xcode/DerivedData/Telegram-Mac-fygdgghdgmuleoelvxabfmqiotta/Build/Intermediates.noindex/Promises.build/Debug/FBLPromises-t.build/Objects-normal/arm64/e6072d4f65d7061329687fe24e3d63a7-common-args.resp -include /Users/buddhirajgautam/Library/Developer/Xcode/DerivedData/Telegram-Mac-fygdgghdgmuleoelvxabfmqiotta/Build/Intermediates.noindex/Promises.build/Debug/FBLPromises-t.build/DerivedSources/resource_bundle_accessor.h -MMD -MT dependencies -MF /Users/buddhirajgautam/Library/Developer/Xcode/DerivedData/Telegram-Mac-fygdgghdgmuleoelvxabfmqiotta/Build/Intermediates.noindex/Promises.build/Debug/FBLPromises-t.build/Objects-normal/arm64/FBLPromise+Always.d --serialize-diagnostics /Users/buddhirajgautam/Library/Developer/Xcode/DerivedData/Telegram-Mac-fygdgghdgmuleoelvxabfmqiotta/Build/Intermediates.noindex/Promises.build/Debug/FBLPromises-t.build/Objects-normal/arm64/FBLPromise+Always.dia -c /Users/buddhirajgautam/Library/Developer/Xcode/DerivedData/Telegram-Mac-fygdgghdgmuleoelvxabfmqiotta/SourcePackages/checkouts/promises/Sources/FBLPromises/FBLPromise+Always.m -o /Users/buddhirajgautam/Library/Developer/Xcode/DerivedData/Telegram-Mac-fygdgghdgmuleoelvxabfmqiotta/Build/Intermediates.noindex/Promises.build/Debug/FBLPromises-t.build/Objects-normal/arm64/FBLPromise+Always.o -index-unit-output-path /Promises.build/Debug/FBLPromises-t.build/Objects-normal/arm64/FBLPromise+Always.o

ScanDependencies /Users/buddhirajgautam/Library/Developer/Xcode/DerivedData/Telegram-Mac-fygdgghdgmuleoelvxabfmqiotta/Build/Intermediates.noindex/Promises.build/Debug/FBLPromises-t.build/Objects-normal/arm64/FBLPromise+All.o /Users/buddhirajgautam/Library/Developer/Xcode/DerivedData/Telegram-Mac-fygdgghdgmuleoelvxabfmqiotta/SourcePackages/checkouts/promises/Sources/FBLPromises/FBLPromise+All.m normal arm64 objective-c com.apple.compilers.llvm.clang.1_0.compiler (in target 'FBLPromises' from project 'Promises')
    cd /Users/buddhirajgautam/Documents/Cherrygram-Mac/macOS-Swift
    
    Using response file: /Users/buddhirajgautam/Library/Developer/Xcode/DerivedData/Telegram-Mac-fygdgghdgmuleoelvxabfmqiotta/Build/Intermediates.noindex/Promises.build/Debug/FBLPromises-t.build/Objects-normal/arm64/e6072d4f65d7061329687fe24e3d63a7-common-args.resp
    
    builtin-ScanDependencies -o /Users/buddhirajgautam/Library/Developer/Xcode/DerivedData/Telegram-Mac-fygdgghdgmuleoelvxabfmqiotta/Build/Intermediates.noindex/Promises.build/Debug/FBLPromises-t.build/Objects-normal/arm64/FBLPromise+All.o.scan -- /Applications/Xcode.app/Contents/Developer/Toolchains/XcodeDefault.xctoolchain/usr/bin/clang -x objective-c -ivfsstatcache /Users/buddhirajgautam/Library/Developer/Xcode/DerivedData/SDKStatCaches.noindex/macosx27.0-26A425-e829b21a6f8c9b70876ba0858053c0447231f6df4def33e022ae2eb8f782df1a.sdkstatcache -target arm64-apple-macos12.0 -fmessage-length\=0 -fdiagnostics-show-note-include-stack -fmacro-backtrace-limit\=0 -fno-color-diagnostics -fmodules-prune-interval\=86400 -fmodules-prune-after\=345600 -fbuild-session-file\=/Users/buddhirajgautam/Library/Developer/Xcode/DerivedData/ModuleCache.noindex/Session.modulevalidation -fmodules-validate-once-per-build-session -Wnon-modular-include-in-framework-module -Werror\=non-modular-include-in-framework-module -Wno-trigraphs -Wno-missing-field-initializers -Wno-missing-prototypes -Wno-return-type -Wno-implicit-atomic-properties -Wno-objc-interface-ivars -Wno-arc-repeated-use-of-weak -Wno-missing-braces -Wparentheses -Wswitch -Wno-unused-function -Wno-unused-label -Wno-unused-parameter -Wno-unused-variable -Wunused-value -Wno-empty-body -Wno-uninitialized -Wno-unknown-pragmas -w -Wno-shadow -Wno-four-char-constants -Wno-conversion -Wno-constant-conversion -Wno-int-conversion -Wno-bool-conversion -Wno-enum-conversion -Wno-float-conversion -Wno-non-literal-null-conversion -Wno-objc-literal-conversion -Wshorten-64-to-32 -Wpointer-sign -Wno-newline-eof -Wno-selector -Wno-strict-selector-match -Wno-undeclared-selector -Wno-deprecated-implementations -Wno-implicit-fallthrough -isysroot /Applications/Xcode.app/Contents/Developer/Platforms/MacOSX.platform/Developer/SDKs/MacOSX27.0.sdk -fstrict-aliasing -Wprotocol -Wdeprecated-declarations -Wno-sign-conversion -Wno-infinite-recursion -Wno-comma -Wno-block-capture-autoreleasing -Wno-strict-prototypes -Wno-semicolon-before-method-body -index-store-path /Users/buddhirajgautam/Library/Developer/Xcode/DerivedData/Telegram-Mac-fygdgghdgmuleoelvxabfmqiotta/Index.noindex/DataStore @/Users/buddhirajgautam/Library/Developer/Xcode/DerivedData/Telegram-Mac-fygdgghdgmuleoelvxabfmqiotta/Build/Intermediates.noindex/Promises.build/Debug/FBLPromises-t.build/Objects-normal/arm64/e6072d4f65d7061329687fe24e3d63a7-common-args.resp -include /Users/buddhirajgautam/Library/Developer/Xcode/DerivedData/Telegram-Mac-fygdgghdgmuleoelvxabfmqiotta/Build/Intermediates.noindex/Promises.build/Debug/FBLPromises-t.build/DerivedSources/resource_bundle_accessor.h -MMD -MT dependencies -MF /Users/buddhirajgautam/Library/Developer/Xcode/DerivedData/Telegram-Mac-fygdgghdgmuleoelvxabfmqiotta/Build/Intermediates.noindex/Promises.build/Debug/FBLPromises-t.build/Objects-normal/arm64/FBLPromise+All.d --serialize-diagnostics /Users/buddhirajgautam/Library/Developer/Xcode/DerivedData/Telegram-Mac-fygdgghdgmuleoelvxabfmqiotta/Build/Intermediates.noindex/Promises.build/Debug/FBLPromises-t.build/Objects-normal/arm64/FBLPromise+All.dia -c /Users/buddhirajgautam/Library/Developer/Xcode/DerivedData/Telegram-Mac-fygdgghdgmuleoelvxabfmqiotta/SourcePackages/checkouts/promises/Sources/FBLPromises/FBLPromise+All.m -o /Users/buddhirajgautam/Library/Developer/Xcode/DerivedData/Telegram-Mac-fygdgghdgmuleoelvxabfmqiotta/Build/Intermediates.noindex/Promises.build/Debug/FBLPromises-t.build/Objects-normal/arm64/FBLPromise+All.o -index-unit-output-path /Promises.build/Debug/FBLPromises-t.build/Objects-normal/arm64/FBLPromise+All.o

SwiftCompile normal arm64 Compiling\ EmojiUtils.swift /Users/buddhirajgautam/Documents/Cherrygram-Mac/macOS-Swift/submodules/telegram-ios/submodules/Emoji/Sources/EmojiUtils.swift (in target 'Emoji' from project 'Emoji')

SwiftCompile normal arm64 /Users/buddhirajgautam/Documents/Cherrygram-Mac/macOS-Swift/submodules/telegram-ios/submodules/Emoji/Sources/EmojiUtils.swift (in target 'Emoji' from project 'Emoji')
    cd /Users/buddhirajgautam/Documents/Cherrygram-Mac/macOS-Swift
    builtin-SwiftPerFileCompile EmojiUtils.swift

ScanDependencies /Users/buddhirajgautam/Library/Developer/Xcode/DerivedData/Telegram-Mac-fygdgghdgmuleoelvxabfmqiotta/Build/Intermediates.noindex/EDSunriseSet.build/Debug/EDSunriseSet-t.build/Objects-normal/arm64/EDSunriseSet.o /Users/buddhirajgautam/Documents/Cherrygram-Mac/macOS-Swift/packages/EDSunriseSet/Sources/EDSunriseSet/EDSunriseSet.m normal arm64 objective-c com.apple.compilers.llvm.clang.1_0.compiler (in target 'EDSunriseSet' from project 'EDSunriseSet')
    cd /Users/buddhirajgautam/Documents/Cherrygram-Mac/macOS-Swift
    
    Using response file: /Users/buddhirajgautam/Library/Developer/Xcode/DerivedData/Telegram-Mac-fygdgghdgmuleoelvxabfmqiotta/Build/Intermediates.noindex/EDSunriseSet.build/Debug/EDSunriseSet-t.build/Objects-normal/arm64/e6072d4f65d7061329687fe24e3d63a7-common-args.resp
    
    builtin-ScanDependencies -o /Users/buddhirajgautam/Library/Developer/Xcode/DerivedData/Telegram-Mac-fygdgghdgmuleoelvxabfmqiotta/Build/Intermediates.noindex/EDSunriseSet.build/Debug/EDSunriseSet-t.build/Objects-normal/arm64/EDSunriseSet.o.scan -- /Applications/Xcode.app/Contents/Developer/Toolchains/XcodeDefault.xctoolchain/usr/bin/clang -x objective-c -ivfsstatcache /Users/buddhirajgautam/Library/Developer/Xcode/DerivedData/SDKStatCaches.noindex/macosx27.0-26A425-e829b21a6f8c9b70876ba0858053c0447231f6df4def33e022ae2eb8f782df1a.sdkstatcache -target arm64-apple-macos12.0 -fmessage-length\=0 -fdiagnostics-show-note-include-stack -fmacro-backtrace-limit\=0 -fno-color-diagnostics -fmodules-prune-interval\=86400 -fmodules-prune-after\=345600 -fbuild-session-file\=/Users/buddhirajgautam/Library/Developer/Xcode/DerivedData/ModuleCache.noindex/Session.modulevalidation -fmodules-validate-once-per-build-session -Wnon-modular-include-in-framework-module -Werror\=non-modular-include-in-framework-module -Wno-trigraphs -Wno-missing-field-initializers -Wno-missing-prototypes -Wno-return-type -Wno-implicit-atomic-properties -Wno-objc-interface-ivars -Wno-arc-repeated-use-of-weak -Wno-missing-braces -Wparentheses -Wswitch -Wno-unused-function -Wno-unused-label -Wno-unused-parameter -Wno-unused-variable -Wunused-value -Wno-empty-body -Wno-uninitialized -Wno-unknown-pragmas -Wno-shadow -Wno-four-char-constants -Wno-conversion -Wno-constant-conversion -Wno-int-conversion -Wno-bool-conversion -Wno-enum-conversion -Wno-float-conversion -Wno-non-literal-null-conversion -Wno-objc-literal-conversion -Wshorten-64-to-32 -Wpointer-sign -Wno-newline-eof -Wno-selector -Wno-strict-selector-match -Wno-undeclared-selector -Wno-deprecated-implementations -Wno-implicit-fallthrough -isysroot /Applications/Xcode.app/Contents/Developer/Platforms/MacOSX.platform/Developer/SDKs/MacOSX27.0.sdk -fstrict-aliasing -Wprotocol -Wdeprecated-declarations -Wno-sign-conversion -Wno-infinite-recursion -Wno-comma -Wno-block-capture-autoreleasing -Wno-strict-prototypes -Wno-semicolon-before-method-body -index-store-path /Users/buddhirajgautam/Library/Developer/Xcode/DerivedData/Telegram-Mac-fygdgghdgmuleoelvxabfmqiotta/Index.noindex/DataStore @/Users/buddhirajgautam/Library/Developer/Xcode/DerivedData/Telegram-Mac-fygdgghdgmuleoelvxabfmqiotta/Build/Intermediates.noindex/EDSunriseSet.build/Debug/EDSunriseSet-t.build/Objects-normal/arm64/e6072d4f65d7061329687fe24e3d63a7-common-args.resp -MMD -MT dependencies -MF /Users/buddhirajgautam/Library/Developer/Xcode/DerivedData/Telegram-Mac-fygdgghdgmuleoelvxabfmqiotta/Build/Intermediates.noindex/EDSunriseSet.build/Debug/EDSunriseSet-t.build/Objects-normal/arm64/EDSunriseSet.d --serialize-diagnostics /Users/buddhirajgautam/Library/Developer/Xcode/DerivedData/Telegram-Mac-fygdgghdgmuleoelvxabfmqiotta/Build/Intermediates.noindex/EDSunriseSet.build/Debug/EDSunriseSet-t.build/Objects-normal/arm64/EDSunriseSet.dia -c /Users/buddhirajgautam/Documents/Cherrygram-Mac/macOS-Swift/packages/EDSunriseSet/Sources/EDSunriseSet/EDSunriseSet.m -o /Users/buddhirajgautam/Library/Developer/Xcode/DerivedData/Telegram-Mac-fygdgghdgmuleoelvxabfmqiotta/Build/Intermediates.noindex/EDSunriseSet.build/Debug/EDSunriseSet-t.build/Objects-normal/arm64/EDSunriseSet.o -index-unit-output-path /EDSunriseSet.build/Debug/EDSunriseSet-t.build/Objects-normal/arm64/EDSunriseSet.o

PrecompileModule /Users/buddhirajgautam/Library/Developer/Xcode/DerivedData/Telegram-Mac-fygdgghdgmuleoelvxabfmqiotta/Build/Intermediates.noindex/ExplicitPrecompiledModules/_DarwinFoundation2-61OOM8AFHR0UGKSLJ89Q99ACJ.scan
    cd /
    builtin-precompileModule /Users/buddhirajgautam/Library/Developer/Xcode/DerivedData/Telegram-Mac-fygdgghdgmuleoelvxabfmqiotta/Build/Intermediates.noindex/ExplicitPrecompiledModules/_DarwinFoundation2-61OOM8AFHR0UGKSLJ89Q99ACJ.scan

PrecompileModule /Users/buddhirajgautam/Library/Developer/Xcode/DerivedData/Telegram-Mac-fygdgghdgmuleoelvxabfmqiotta/Build/Intermediates.noindex/ExplicitPrecompiledModules/_Builtin_limits-55E70VJ7OU03XP52TQ04A9LIS.scan
    cd /
    builtin-precompileModule /Users/buddhirajgautam/Library/Developer/Xcode/DerivedData/Telegram-Mac-fygdgghdgmuleoelvxabfmqiotta/Build/Intermediates.noindex/ExplicitPrecompiledModules/_Builtin_limits-55E70VJ7OU03XP52TQ04A9LIS.scan

ProcessInfoPlistFile /Users/buddhirajgautam/Library/Developer/Xcode/DerivedData/Telegram-Mac-fygdgghdgmuleoelvxabfmqiotta/Build/Products/Debug/DustLayer_DustLayer.bundle/Contents/Info.plist /Users/buddhirajgautam/Library/Developer/Xcode/DerivedData/Telegram-Mac-fygdgghdgmuleoelvxabfmqiotta/Build/Intermediates.noindex/DustLayer.build/Debug/DustLayer_DustLayer-b.build/empty-DustLayer_DustLayer.plist (in target 'DustLayer_DustLayer' from project 'DustLayer')
    cd /Users/buddhirajgautam/Documents/Cherrygram-Mac/macOS-Swift/packages/DustLayer
    builtin-infoPlistUtility /Users/buddhirajgautam/Library/Developer/Xcode/DerivedData/Telegram-Mac-fygdgghdgmuleoelvxabfmqiotta/Build/Intermediates.noindex/DustLayer.build/Debug/DustLayer_DustLayer-b.build/empty-DustLayer_DustLayer.plist -producttype com.apple.product-type.bundle -expandbuildsettings -platform macosx -o /Users/buddhirajgautam/Library/Developer/Xcode/DerivedData/Telegram-Mac-fygdgghdgmuleoelvxabfmqiotta/Build/Products/Debug/DustLayer_DustLayer.bundle/Contents/Info.plist

CpResource /Users/buddhirajgautam/Library/Developer/Xcode/DerivedData/Telegram-Mac-fygdgghdgmuleoelvxabfmqiotta/Build/Products/Debug/DustLayer_DustLayer.bundle/Contents/Resources/loki_header.metal /Users/buddhirajgautam/Documents/Cherrygram-Mac/macOS-Swift/packages/DustLayer/Sources/loki_header.metal (in target 'DustLayer_DustLayer' from project 'DustLayer')
    cd /Users/buddhirajgautam/Documents/Cherrygram-Mac/macOS-Swift/packages/DustLayer
    builtin-copy -exclude .DS_Store -exclude CVS -exclude .svn -exclude .git -exclude .hg -resolve-src-symlinks /Users/buddhirajgautam/Documents/Cherrygram-Mac/macOS-Swift/packages/DustLayer/Sources/loki_header.metal /Users/buddhirajgautam/Library/Developer/Xcode/DerivedData/Telegram-Mac-fygdgghdgmuleoelvxabfmqiotta/Build/Products/Debug/DustLayer_DustLayer.bundle/Contents/Resources

CpResource /Users/buddhirajgautam/Library/Developer/Xcode/DerivedData/Telegram-Mac-fygdgghdgmuleoelvxabfmqiotta/Build/Products/Debug/DustLayer_DustLayer.bundle/Contents/Resources/loki.metal /Users/buddhirajgautam/Documents/Cherrygram-Mac/macOS-Swift/packages/DustLayer/Sources/loki.metal (in target 'DustLayer_DustLayer' from project 'DustLayer')
    cd /Users/buddhirajgautam/Documents/Cherrygram-Mac/macOS-Swift/packages/DustLayer
    builtin-copy -exclude .DS_Store -exclude CVS -exclude .svn -exclude .git -exclude .hg -resolve-src-symlinks /Users/buddhirajgautam/Documents/Cherrygram-Mac/macOS-Swift/packages/DustLayer/Sources/loki.metal /Users/buddhirajgautam/Library/Developer/Xcode/DerivedData/Telegram-Mac-fygdgghdgmuleoelvxabfmqiotta/Build/Products/Debug/DustLayer_DustLayer.bundle/Contents/Resources

CpResource /Users/buddhirajgautam/Library/Developer/Xcode/DerivedData/Telegram-Mac-fygdgghdgmuleoelvxabfmqiotta/Build/Products/Debug/DustLayer_DustLayer.bundle/Contents/Resources/DustEffectShaders.metal /Users/buddhirajgautam/Documents/Cherrygram-Mac/macOS-Swift/packages/DustLayer/Sources/DustEffectShaders.metal (in target 'DustLayer_DustLayer' from project 'DustLayer')
    cd /Users/buddhirajgautam/Documents/Cherrygram-Mac/macOS-Swift/packages/DustLayer
    builtin-copy -exclude .DS_Store -exclude CVS -exclude .svn -exclude .git -exclude .hg -resolve-src-symlinks /Users/buddhirajgautam/Documents/Cherrygram-Mac/macOS-Swift/packages/DustLayer/Sources/DustEffectShaders.metal /Users/buddhirajgautam/Library/Developer/Xcode/DerivedData/Telegram-Mac-fygdgghdgmuleoelvxabfmqiotta/Build/Products/Debug/DustLayer_DustLayer.bundle/Contents/Resources

ScanDependencies /Users/buddhirajgautam/Library/Developer/Xcode/DerivedData/Telegram-Mac-fygdgghdgmuleoelvxabfmqiotta/Build/Intermediates.noindex/DetectSpeech.build/Debug/DetectSpeech-t.build/Objects-normal/arm64/DetectSpeech.o /Users/buddhirajgautam/Documents/Cherrygram-Mac/macOS-Swift/packages/DetectSpeech/Sources/DetectSpeech/DetectSpeech.m normal arm64 objective-c com.apple.compilers.llvm.clang.1_0.compiler (in target 'DetectSpeech' from project 'DetectSpeech')
    cd /Users/buddhirajgautam/Documents/Cherrygram-Mac/macOS-Swift
    
    Using response file: /Users/buddhirajgautam/Library/Developer/Xcode/DerivedData/Telegram-Mac-fygdgghdgmuleoelvxabfmqiotta/Build/Intermediates.noindex/DetectSpeech.build/Debug/DetectSpeech-t.build/Objects-normal/arm64/e6072d4f65d7061329687fe24e3d63a7-common-args.resp
    
    builtin-ScanDependencies -o /Users/buddhirajgautam/Library/Developer/Xcode/DerivedData/Telegram-Mac-fygdgghdgmuleoelvxabfmqiotta/Build/Intermediates.noindex/DetectSpeech.build/Debug/DetectSpeech-t.build/Objects-normal/arm64/DetectSpeech.o.scan -- /Applications/Xcode.app/Contents/Developer/Toolchains/XcodeDefault.xctoolchain/usr/bin/clang -x objective-c -ivfsstatcache /Users/buddhirajgautam/Library/Developer/Xcode/DerivedData/SDKStatCaches.noindex/macosx27.0-26A425-e829b21a6f8c9b70876ba0858053c0447231f6df4def33e022ae2eb8f782df1a.sdkstatcache -target arm64-apple-macos12.0 -fmessage-length\=0 -fdiagnostics-show-note-include-stack -fmacro-backtrace-limit\=0 -fno-color-diagnostics -fmodules-prune-interval\=86400 -fmodules-prune-after\=345600 -fbuild-session-file\=/Users/buddhirajgautam/Library/Developer/Xcode/DerivedData/ModuleCache.noindex/Session.modulevalidation -fmodules-validate-once-per-build-session -Wnon-modular-include-in-framework-module -Werror\=non-modular-include-in-framework-module -Wno-trigraphs -Wno-missing-field-initializers -Wno-missing-prototypes -Wno-return-type -Wno-implicit-atomic-properties -Wno-objc-interface-ivars -Wno-arc-repeated-use-of-weak -Wno-missing-braces -Wparentheses -Wswitch -Wno-unused-function -Wno-unused-label -Wno-unused-parameter -Wno-unused-variable -Wunused-value -Wno-empty-body -Wno-uninitialized -Wno-unknown-pragmas -Wno-shadow -Wno-four-char-constants -Wno-conversion -Wno-constant-conversion -Wno-int-conversion -Wno-bool-conversion -Wno-enum-conversion -Wno-float-conversion -Wno-non-literal-null-conversion -Wno-objc-literal-conversion -Wshorten-64-to-32 -Wpointer-sign -Wno-newline-eof -Wno-selector -Wno-strict-selector-match -Wno-undeclared-selector -Wno-deprecated-implementations -Wno-implicit-fallthrough -isysroot /Applications/Xcode.app/Contents/Developer/Platforms/MacOSX.platform/Developer/SDKs/MacOSX27.0.sdk -fstrict-aliasing -Wprotocol -Wdeprecated-declarations -Wno-sign-conversion -Wno-infinite-recursion -Wno-comma -Wno-block-capture-autoreleasing -Wno-strict-prototypes -Wno-semicolon-before-method-body -index-store-path /Users/buddhirajgautam/Library/Developer/Xcode/DerivedData/Telegram-Mac-fygdgghdgmuleoelvxabfmqiotta/Index.noindex/DataStore @/Users/buddhirajgautam/Library/Developer/Xcode/DerivedData/Telegram-Mac-fygdgghdgmuleoelvxabfmqiotta/Build/Intermediates.noindex/DetectSpeech.build/Debug/DetectSpeech-t.build/Objects-normal/arm64/e6072d4f65d7061329687fe24e3d63a7-common-args.resp -MMD -MT dependencies -MF /Users/buddhirajgautam/Library/Developer/Xcode/DerivedData/Telegram-Mac-fygdgghdgmuleoelvxabfmqiotta/Build/Intermediates.noindex/DetectSpeech.build/Debug/DetectSpeech-t.build/Objects-normal/arm64/DetectSpeech.d --serialize-diagnostics /Users/buddhirajgautam/Library/Developer/Xcode/DerivedData/Telegram-Mac-fygdgghdgmuleoelvxabfmqiotta/Build/Intermediates.noindex/DetectSpeech.build/Debug/DetectSpeech-t.build/Objects-normal/arm64/DetectSpeech.dia -c /Users/buddhirajgautam/Documents/Cherrygram-Mac/macOS-Swift/packages/DetectSpeech/Sources/DetectSpeech/DetectSpeech.m -o /Users/buddhirajgautam/Library/Developer/Xcode/DerivedData/Telegram-Mac-fygdgghdgmuleoelvxabfmqiotta/Build/Intermediates.noindex/DetectSpeech.build/Debug/DetectSpeech-t.build/Objects-normal/arm64/DetectSpeech.o -index-unit-output-path /DetectSpeech.build/Debug/DetectSpeech-t.build/Objects-normal/arm64/DetectSpeech.o

ScanDependencies /Users/buddhirajgautam/Library/Developer/Xcode/DerivedData/Telegram-Mac-fygdgghdgmuleoelvxabfmqiotta/Build/Intermediates.noindex/DarwinDirStat.build/Debug/DarwinDirStat-t.build/Objects-normal/arm64/DarwinDirStat.o /Users/buddhirajgautam/Documents/Cherrygram-Mac/macOS-Swift/submodules/telegram-ios/submodules/Utils/DarwinDirStat/Sources/DarwinDirStat.m normal arm64 objective-c com.apple.compilers.llvm.clang.1_0.compiler (in target 'DarwinDirStat' from project 'DarwinDirStat')
    cd /Users/buddhirajgautam/Documents/Cherrygram-Mac/macOS-Swift
    
    Using response file: /Users/buddhirajgautam/Library/Developer/Xcode/DerivedData/Telegram-Mac-fygdgghdgmuleoelvxabfmqiotta/Build/Intermediates.noindex/DarwinDirStat.build/Debug/DarwinDirStat-t.build/Objects-normal/arm64/e6072d4f65d7061329687fe24e3d63a7-common-args.resp
    
    builtin-ScanDependencies -o /Users/buddhirajgautam/Library/Developer/Xcode/DerivedData/Telegram-Mac-fygdgghdgmuleoelvxabfmqiotta/Build/Intermediates.noindex/DarwinDirStat.build/Debug/DarwinDirStat-t.build/Objects-normal/arm64/DarwinDirStat.o.scan -- /Applications/Xcode.app/Contents/Developer/Toolchains/XcodeDefault.xctoolchain/usr/bin/clang -x objective-c -ivfsstatcache /Users/buddhirajgautam/Library/Developer/Xcode/DerivedData/SDKStatCaches.noindex/macosx27.0-26A425-e829b21a6f8c9b70876ba0858053c0447231f6df4def33e022ae2eb8f782df1a.sdkstatcache -target arm64-apple-macos12.0 -fmessage-length\=0 -fdiagnostics-show-note-include-stack -fmacro-backtrace-limit\=0 -fno-color-diagnostics -fmodules-prune-interval\=86400 -fmodules-prune-after\=345600 -fbuild-session-file\=/Users/buddhirajgautam/Library/Developer/Xcode/DerivedData/ModuleCache.noindex/Session.modulevalidation -fmodules-validate-once-per-build-session -Wnon-modular-include-in-framework-module -Werror\=non-modular-include-in-framework-module -Wno-trigraphs -Wno-missing-field-initializers -Wno-missing-prototypes -Wno-return-type -Wno-implicit-atomic-properties -Wno-objc-interface-ivars -Wno-arc-repeated-use-of-weak -Wno-missing-braces -Wparentheses -Wswitch -Wno-unused-function -Wno-unused-label -Wno-unused-parameter -Wno-unused-variable -Wunused-value -Wno-empty-body -Wno-uninitialized -Wno-unknown-pragmas -Wno-shadow -Wno-four-char-constants -Wno-conversion -Wno-constant-conversion -Wno-int-conversion -Wno-bool-conversion -Wno-enum-conversion -Wno-float-conversion -Wno-non-literal-null-conversion -Wno-objc-literal-conversion -Wshorten-64-to-32 -Wpointer-sign -Wno-newline-eof -Wno-selector -Wno-strict-selector-match -Wno-undeclared-selector -Wno-deprecated-implementations -Wno-implicit-fallthrough -isysroot /Applications/Xcode.app/Contents/Developer/Platforms/MacOSX.platform/Developer/SDKs/MacOSX27.0.sdk -fstrict-aliasing -Wprotocol -Wdeprecated-declarations -Wno-sign-conversion -Wno-infinite-recursion -Wno-comma -Wno-block-capture-autoreleasing -Wno-strict-prototypes -Wno-semicolon-before-method-body -index-store-path /Users/buddhirajgautam/Library/Developer/Xcode/DerivedData/Telegram-Mac-fygdgghdgmuleoelvxabfmqiotta/Index.noindex/DataStore @/Users/buddhirajgautam/Library/Developer/Xcode/DerivedData/Telegram-Mac-fygdgghdgmuleoelvxabfmqiotta/Build/Intermediates.noindex/DarwinDirStat.build/Debug/DarwinDirStat-t.build/Objects-normal/arm64/e6072d4f65d7061329687fe24e3d63a7-common-args.resp -MMD -MT dependencies -MF /Users/buddhirajgautam/Library/Developer/Xcode/DerivedData/Telegram-Mac-fygdgghdgmuleoelvxabfmqiotta/Build/Intermediates.noindex/DarwinDirStat.build/Debug/DarwinDirStat-t.build/Objects-normal/arm64/DarwinDirStat.d --serialize-diagnostics /Users/buddhirajgautam/Library/Developer/Xcode/DerivedData/Telegram-Mac-fygdgghdgmuleoelvxabfmqiotta/Build/Intermediates.noindex/DarwinDirStat.build/Debug/DarwinDirStat-t.build/Objects-normal/arm64/DarwinDirStat.dia -c /Users/buddhirajgautam/Documents/Cherrygram-Mac/macOS-Swift/submodules/telegram-ios/submodules/Utils/DarwinDirStat/Sources/DarwinDirStat.m -o /Users/buddhirajgautam/Library/Developer/Xcode/DerivedData/Telegram-Mac-fygdgghdgmuleoelvxabfmqiotta/Build/Intermediates.noindex/DarwinDirStat.build/Debug/DarwinDirStat-t.build/Objects-normal/arm64/DarwinDirStat.o -index-unit-output-path /DarwinDirStat.build/Debug/DarwinDirStat-t.build/Objects-normal/arm64/DarwinDirStat.o

SwiftCompile normal arm64 Compiling\ CurrencyLocale.swift /Users/buddhirajgautam/Documents/Cherrygram-Mac/macOS-Swift/packages/CurrencyFormat/Sources/CurrencyFormat/CurrencyLocale.swift (in target 'CurrencyFormat' from project 'CurrencyFormat')

SwiftCompile normal arm64 /Users/buddhirajgautam/Documents/Cherrygram-Mac/macOS-Swift/packages/CurrencyFormat/Sources/CurrencyFormat/CurrencyLocale.swift (in target 'CurrencyFormat' from project 'CurrencyFormat')
    cd /Users/buddhirajgautam/Documents/Cherrygram-Mac/macOS-Swift
    builtin-SwiftPerFileCompile CurrencyLocale.swift

CompileC /Users/buddhirajgautam/Library/Developer/Xcode/DerivedData/Telegram-Mac-fygdgghdgmuleoelvxabfmqiotta/Build/Intermediates.noindex/Firebase.build/Debug/FirebaseCrashlytics-t.build/Objects-normal/arm64/FIRStackFrame.o /Users/buddhirajgautam/Library/Developer/Xcode/DerivedData/Telegram-Mac-fygdgghdgmuleoelvxabfmqiotta/SourcePackages/checkouts/firebase-ios-sdk/Crashlytics/Crashlytics/FIRStackFrame.m normal arm64 objective-c com.apple.compilers.llvm.clang.1_0.compiler (in target 'FirebaseCrashlytics' from project 'Firebase')
    cd /Users/buddhirajgautam/Documents/Cherrygram-Mac/macOS-Swift
    
    Using response file: /Users/buddhirajgautam/Library/Developer/Xcode/DerivedData/Telegram-Mac-fygdgghdgmuleoelvxabfmqiotta/Build/Intermediates.noindex/Firebase.build/Debug/FirebaseCrashlytics-t.build/Objects-normal/arm64/e6072d4f65d7061329687fe24e3d63a7-common-args.resp
    
    /Applications/Xcode.app/Contents/Developer/Toolchains/XcodeDefault.xctoolchain/usr/bin/clang -x objective-c -ivfsstatcache /Users/buddhirajgautam/Library/Developer/Xcode/DerivedData/SDKStatCaches.noindex/macosx27.0-26A425-e829b21a6f8c9b70876ba0858053c0447231f6df4def33e022ae2eb8f782df1a.sdkstatcache -target arm64-apple-macos12.0 -fmessage-length\=0 -fdiagnostics-show-note-include-stack -fmacro-backtrace-limit\=0 -fno-color-diagnostics -fmodules-prune-interval\=86400 -fmodules-prune-after\=345600 -fbuild-session-file\=/Users/buddhirajgautam/Library/Developer/Xcode/DerivedData/ModuleCache.noindex/Session.modulevalidation -fmodules-validate-once-per-build-session -Wnon-modular-include-in-framework-module -Werror\=non-modular-include-in-framework-module -Wno-trigraphs -Wno-missing-field-initializers -Wno-missing-prototypes -Wno-return-type -Wno-implicit-atomic-properties -Wno-objc-interface-ivars -Wno-arc-repeated-use-of-weak -Wno-missing-braces -Wparentheses -Wswitch -Wno-unused-function -Wno-unused-label -Wno-unused-parameter -Wno-unused-variable -Wunused-value -Wno-empty-body -Wno-uninitialized -Wno-unknown-pragmas -w -Wno-shadow -Wno-four-char-constants -Wno-conversion -Wno-constant-conversion -Wno-int-conversion -Wno-bool-conversion -Wno-enum-conversion -Wno-float-conversion -Wno-non-literal-null-conversion -Wno-objc-literal-conversion -Wshorten-64-to-32 -Wpointer-sign -Wno-newline-eof -Wno-selector -Wno-strict-selector-match -Wno-undeclared-selector -Wno-deprecated-implementations -Wno-implicit-fallthrough -isysroot /Applications/Xcode.app/Contents/Developer/Platforms/MacOSX.platform/Developer/SDKs/MacOSX27.0.sdk -fstrict-aliasing -Wprotocol -Wdeprecated-declarations -Wno-sign-conversion -Wno-infinite-recursion -Wno-comma -Wno-block-capture-autoreleasing -Wno-strict-prototypes -Wno-semicolon-before-method-body -index-store-path /Users/buddhirajgautam/Library/Developer/Xcode/DerivedData/Telegram-Mac-fygdgghdgmuleoelvxabfmqiotta/Index.noindex/DataStore @/Users/buddhirajgautam/Library/Developer/Xcode/DerivedData/Telegram-Mac-fygdgghdgmuleoelvxabfmqiotta/Build/Intermediates.noindex/Firebase.build/Debug/FirebaseCrashlytics-t.build/Objects-normal/arm64/e6072d4f65d7061329687fe24e3d63a7-common-args.resp -MMD -MT dependencies -MF /Users/buddhirajgautam/Library/Developer/Xcode/DerivedData/Telegram-Mac-fygdgghdgmuleoelvxabfmqiotta/Build/Intermediates.noindex/Firebase.build/Debug/FirebaseCrashlytics-t.build/Objects-normal/arm64/FIRStackFrame.d --serialize-diagnostics /Users/buddhirajgautam/Library/Developer/Xcode/DerivedData/Telegram-Mac-fygdgghdgmuleoelvxabfmqiotta/Build/Intermediates.noindex/Firebase.build/Debug/FirebaseCrashlytics-t.build/Objects-normal/arm64/FIRStackFrame.dia -c /Users/buddhirajgautam/Library/Developer/Xcode/DerivedData/Telegram-Mac-fygdgghdgmuleoelvxabfmqiotta/SourcePackages/checkouts/firebase-ios-sdk/Crashlytics/Crashlytics/FIRStackFrame.m -o /Users/buddhirajgautam/Library/Developer/Xcode/DerivedData/Telegram-Mac-fygdgghdgmuleoelvxabfmqiotta/Build/Intermediates.noindex/Firebase.build/Debug/FirebaseCrashlytics-t.build/Objects-normal/arm64/FIRStackFrame.o -index-unit-output-path /Firebase.build/Debug/FirebaseCrashlytics-t.build/Objects-normal/arm64/FIRStackFrame.o

CompileC /Users/buddhirajgautam/Library/Developer/Xcode/DerivedData/Telegram-Mac-fygdgghdgmuleoelvxabfmqiotta/Build/Intermediates.noindex/Firebase.build/Debug/FirebaseCrashlytics-t.build/Objects-normal/arm64/FIRExceptionModel.o /Users/buddhirajgautam/Library/Developer/Xcode/DerivedData/Telegram-Mac-fygdgghdgmuleoelvxabfmqiotta/SourcePackages/checkouts/firebase-ios-sdk/Crashlytics/Crashlytics/FIRExceptionModel.m normal arm64 objective-c com.apple.compilers.llvm.clang.1_0.compiler (in target 'FirebaseCrashlytics' from project 'Firebase')
    cd /Users/buddhirajgautam/Documents/Cherrygram-Mac/macOS-Swift
    
    Using response file: /Users/buddhirajgautam/Library/Developer/Xcode/DerivedData/Telegram-Mac-fygdgghdgmuleoelvxabfmqiotta/Build/Intermediates.noindex/Firebase.build/Debug/FirebaseCrashlytics-t.build/Objects-normal/arm64/e6072d4f65d7061329687fe24e3d63a7-common-args.resp
    
    /Applications/Xcode.app/Contents/Developer/Toolchains/XcodeDefault.xctoolchain/usr/bin/clang -x objective-c -ivfsstatcache /Users/buddhirajgautam/Library/Developer/Xcode/DerivedData/SDKStatCaches.noindex/macosx27.0-26A425-e829b21a6f8c9b70876ba0858053c0447231f6df4def33e022ae2eb8f782df1a.sdkstatcache -target arm64-apple-macos12.0 -fmessage-length\=0 -fdiagnostics-show-note-include-stack -fmacro-backtrace-limit\=0 -fno-color-diagnostics -fmodules-prune-interval\=86400 -fmodules-prune-after\=345600 -fbuild-session-file\=/Users/buddhirajgautam/Library/Developer/Xcode/DerivedData/ModuleCache.noindex/Session.modulevalidation -fmodules-validate-once-per-build-session -Wnon-modular-include-in-framework-module -Werror\=non-modular-include-in-framework-module -Wno-trigraphs -Wno-missing-field-initializers -Wno-missing-prototypes -Wno-return-type -Wno-implicit-atomic-properties -Wno-objc-interface-ivars -Wno-arc-repeated-use-of-weak -Wno-missing-braces -Wparentheses -Wswitch -Wno-unused-function -Wno-unused-label -Wno-unused-parameter -Wno-unused-variable -Wunused-value -Wno-empty-body -Wno-uninitialized -Wno-unknown-pragmas -w -Wno-shadow -Wno-four-char-constants -Wno-conversion -Wno-constant-conversion -Wno-int-conversion -Wno-bool-conversion -Wno-enum-conversion -Wno-float-conversion -Wno-non-literal-null-conversion -Wno-objc-literal-conversion -Wshorten-64-to-32 -Wpointer-sign -Wno-newline-eof -Wno-selector -Wno-strict-selector-match -Wno-undeclared-selector -Wno-deprecated-implementations -Wno-implicit-fallthrough -isysroot /Applications/Xcode.app/Contents/Developer/Platforms/MacOSX.platform/Developer/SDKs/MacOSX27.0.sdk -fstrict-aliasing -Wprotocol -Wdeprecated-declarations -Wno-sign-conversion -Wno-infinite-recursion -Wno-comma -Wno-block-capture-autoreleasing -Wno-strict-prototypes -Wno-semicolon-before-method-body -index-store-path /Users/buddhirajgautam/Library/Developer/Xcode/DerivedData/Telegram-Mac-fygdgghdgmuleoelvxabfmqiotta/Index.noindex/DataStore @/Users/buddhirajgautam/Library/Developer/Xcode/DerivedData/Telegram-Mac-fygdgghdgmuleoelvxabfmqiotta/Build/Intermediates.noindex/Firebase.build/Debug/FirebaseCrashlytics-t.build/Objects-normal/arm64/e6072d4f65d7061329687fe24e3d63a7-common-args.resp -MMD -MT dependencies -MF /Users/buddhirajgautam/Library/Developer/Xcode/DerivedData/Telegram-Mac-fygdgghdgmuleoelvxabfmqiotta/Build/Intermediates.noindex/Firebase.build/Debug/FirebaseCrashlytics-t.build/Objects-normal/arm64/FIRExceptionModel.d --serialize-diagnostics /Users/buddhirajgautam/Library/Developer/Xcode/DerivedData/Telegram-Mac-fygdgghdgmuleoelvxabfmqiotta/Build/Intermediates.noindex/Firebase.build/Debug/FirebaseCrashlytics-t.build/Objects-normal/arm64/FIRExceptionModel.dia -c /Users/buddhirajgautam/Library/Developer/Xcode/DerivedData/Telegram-Mac-fygdgghdgmuleoelvxabfmqiotta/SourcePackages/checkouts/firebase-ios-sdk/Crashlytics/Crashlytics/FIRExceptionModel.m -o /Users/buddhirajgautam/Library/Developer/Xcode/DerivedData/Telegram-Mac-fygdgghdgmuleoelvxabfmqiotta/Build/Intermediates.noindex/Firebase.build/Debug/FirebaseCrashlytics-t.build/Objects-normal/arm64/FIRExceptionModel.o -index-unit-output-path /Firebase.build/Debug/FirebaseCrashlytics-t.build/Objects-normal/arm64/FIRExceptionModel.o

CompileC /Users/buddhirajgautam/Library/Developer/Xcode/DerivedData/Telegram-Mac-fygdgghdgmuleoelvxabfmqiotta/Build/Intermediates.noindex/Firebase.build/Debug/FirebaseCrashlytics-t.build/Objects-normal/arm64/FIRCrashlyticsReport.o /Users/buddhirajgautam/Library/Developer/Xcode/DerivedData/Telegram-Mac-fygdgghdgmuleoelvxabfmqiotta/SourcePackages/checkouts/firebase-ios-sdk/Crashlytics/Crashlytics/FIRCrashlyticsReport.m normal arm64 objective-c com.apple.compilers.llvm.clang.1_0.compiler (in target 'FirebaseCrashlytics' from project 'Firebase')
    cd /Users/buddhirajgautam/Documents/Cherrygram-Mac/macOS-Swift
    
    Using response file: /Users/buddhirajgautam/Library/Developer/Xcode/DerivedData/Telegram-Mac-fygdgghdgmuleoelvxabfmqiotta/Build/Intermediates.noindex/Firebase.build/Debug/FirebaseCrashlytics-t.build/Objects-normal/arm64/e6072d4f65d7061329687fe24e3d63a7-common-args.resp
    
    /Applications/Xcode.app/Contents/Developer/Toolchains/XcodeDefault.xctoolchain/usr/bin/clang -x objective-c -ivfsstatcache /Users/buddhirajgautam/Library/Developer/Xcode/DerivedData/SDKStatCaches.noindex/macosx27.0-26A425-e829b21a6f8c9b70876ba0858053c0447231f6df4def33e022ae2eb8f782df1a.sdkstatcache -target arm64-apple-macos12.0 -fmessage-length\=0 -fdiagnostics-show-note-include-stack -fmacro-backtrace-limit\=0 -fno-color-diagnostics -fmodules-prune-interval\=86400 -fmodules-prune-after\=345600 -fbuild-session-file\=/Users/buddhirajgautam/Library/Developer/Xcode/DerivedData/ModuleCache.noindex/Session.modulevalidation -fmodules-validate-once-per-build-session -Wnon-modular-include-in-framework-module -Werror\=non-modular-include-in-framework-module -Wno-trigraphs -Wno-missing-field-initializers -Wno-missing-prototypes -Wno-return-type -Wno-implicit-atomic-properties -Wno-objc-interface-ivars -Wno-arc-repeated-use-of-weak -Wno-missing-braces -Wparentheses -Wswitch -Wno-unused-function -Wno-unused-label -Wno-unused-parameter -Wno-unused-variable -Wunused-value -Wno-empty-body -Wno-uninitialized -Wno-unknown-pragmas -w -Wno-shadow -Wno-four-char-constants -Wno-conversion -Wno-constant-conversion -Wno-int-conversion -Wno-bool-conversion -Wno-enum-conversion -Wno-float-conversion -Wno-non-literal-null-conversion -Wno-objc-literal-conversion -Wshorten-64-to-32 -Wpointer-sign -Wno-newline-eof -Wno-selector -Wno-strict-selector-match -Wno-undeclared-selector -Wno-deprecated-implementations -Wno-implicit-fallthrough -isysroot /Applications/Xcode.app/Contents/Developer/Platforms/MacOSX.platform/Developer/SDKs/MacOSX27.0.sdk -fstrict-aliasing -Wprotocol -Wdeprecated-declarations -Wno-sign-conversion -Wno-infinite-recursion -Wno-comma -Wno-block-capture-autoreleasing -Wno-strict-prototypes -Wno-semicolon-before-method-body -index-store-path /Users/buddhirajgautam/Library/Developer/Xcode/DerivedData/Telegram-Mac-fygdgghdgmuleoelvxabfmqiotta/Index.noindex/DataStore @/Users/buddhirajgautam/Library/Developer/Xcode/DerivedData/Telegram-Mac-fygdgghdgmuleoelvxabfmqiotta/Build/Intermediates.noindex/Firebase.build/Debug/FirebaseCrashlytics-t.build/Objects-normal/arm64/e6072d4f65d7061329687fe24e3d63a7-common-args.resp -MMD -MT dependencies -MF /Users/buddhirajgautam/Library/Developer/Xcode/DerivedData/Telegram-Mac-fygdgghdgmuleoelvxabfmqiotta/Build/Intermediates.noindex/Firebase.build/Debug/FirebaseCrashlytics-t.build/Objects-normal/arm64/FIRCrashlyticsReport.d --serialize-diagnostics /Users/buddhirajgautam/Library/Developer/Xcode/DerivedData/Telegram-Mac-fygdgghdgmuleoelvxabfmqiotta/Build/Intermediates.noindex/Firebase.build/Debug/FirebaseCrashlytics-t.build/Objects-normal/arm64/FIRCrashlyticsReport.dia -c /Users/buddhirajgautam/Library/Developer/Xcode/DerivedData/Telegram-Mac-fygdgghdgmuleoelvxabfmqiotta/SourcePackages/checkouts/firebase-ios-sdk/Crashlytics/Crashlytics/FIRCrashlyticsReport.m -o /Users/buddhirajgautam/Library/Developer/Xcode/DerivedData/Telegram-Mac-fygdgghdgmuleoelvxabfmqiotta/Build/Intermediates.noindex/Firebase.build/Debug/FirebaseCrashlytics-t.build/Objects-normal/arm64/FIRCrashlyticsReport.o -index-unit-output-path /Firebase.build/Debug/FirebaseCrashlytics-t.build/Objects-normal/arm64/FIRCrashlyticsReport.o

CompileC /Users/buddhirajgautam/Library/Developer/Xcode/DerivedData/Telegram-Mac-fygdgghdgmuleoelvxabfmqiotta/Build/Intermediates.noindex/Firebase.build/Debug/FirebaseCrashlytics-t.build/Objects-normal/arm64/FIRCLSdSYM.o /Users/buddhirajgautam/Library/Developer/Xcode/DerivedData/Telegram-Mac-fygdgghdgmuleoelvxabfmqiotta/SourcePackages/checkouts/firebase-ios-sdk/Crashlytics/Shared/FIRCLSMachO/FIRCLSdSYM.m normal arm64 objective-c com.apple.compilers.llvm.clang.1_0.compiler (in target 'FirebaseCrashlytics' from project 'Firebase')
    cd /Users/buddhirajgautam/Documents/Cherrygram-Mac/macOS-Swift
    
    Using response file: /Users/buddhirajgautam/Library/Developer/Xcode/DerivedData/Telegram-Mac-fygdgghdgmuleoelvxabfmqiotta/Build/Intermediates.noindex/Firebase.build/Debug/FirebaseCrashlytics-t.build/Objects-normal/arm64/e6072d4f65d7061329687fe24e3d63a7-common-args.resp
    
    /Applications/Xcode.app/Contents/Developer/Toolchains/XcodeDefault.xctoolchain/usr/bin/clang -x objective-c -ivfsstatcache /Users/buddhirajgautam/Library/Developer/Xcode/DerivedData/SDKStatCaches.noindex/macosx27.0-26A425-e829b21a6f8c9b70876ba0858053c0447231f6df4def33e022ae2eb8f782df1a.sdkstatcache -target arm64-apple-macos12.0 -fmessage-length\=0 -fdiagnostics-show-note-include-stack -fmacro-backtrace-limit\=0 -fno-color-diagnostics -fmodules-prune-interval\=86400 -fmodules-prune-after\=345600 -fbuild-session-file\=/Users/buddhirajgautam/Library/Developer/Xcode/DerivedData/ModuleCache.noindex/Session.modulevalidation -fmodules-validate-once-per-build-session -Wnon-modular-include-in-framework-module -Werror\=non-modular-include-in-framework-module -Wno-trigraphs -Wno-missing-field-initializers -Wno-missing-prototypes -Wno-return-type -Wno-implicit-atomic-properties -Wno-objc-interface-ivars -Wno-arc-repeated-use-of-weak -Wno-missing-braces -Wparentheses -Wswitch -Wno-unused-function -Wno-unused-label -Wno-unused-parameter -Wno-unused-variable -Wunused-value -Wno-empty-body -Wno-uninitialized -Wno-unknown-pragmas -w -Wno-shadow -Wno-four-char-constants -Wno-conversion -Wno-constant-conversion -Wno-int-conversion -Wno-bool-conversion -Wno-enum-conversion -Wno-float-conversion -Wno-non-literal-null-conversion -Wno-objc-literal-conversion -Wshorten-64-to-32 -Wpointer-sign -Wno-newline-eof -Wno-selector -Wno-strict-selector-match -Wno-undeclared-selector -Wno-deprecated-implementations -Wno-implicit-fallthrough -isysroot /Applications/Xcode.app/Contents/Developer/Platforms/MacOSX.platform/Developer/SDKs/MacOSX27.0.sdk -fstrict-aliasing -Wprotocol -Wdeprecated-declarations -Wno-sign-conversion -Wno-infinite-recursion -Wno-comma -Wno-block-capture-autoreleasing -Wno-strict-prototypes -Wno-semicolon-before-method-body -index-store-path /Users/buddhirajgautam/Library/Developer/Xcode/DerivedData/Telegram-Mac-fygdgghdgmuleoelvxabfmqiotta/Index.noindex/DataStore @/Users/buddhirajgautam/Library/Developer/Xcode/DerivedData/Telegram-Mac-fygdgghdgmuleoelvxabfmqiotta/Build/Intermediates.noindex/Firebase.build/Debug/FirebaseCrashlytics-t.build/Objects-normal/arm64/e6072d4f65d7061329687fe24e3d63a7-common-args.resp -MMD -MT dependencies -MF /Users/buddhirajgautam/Library/Developer/Xcode/DerivedData/Telegram-Mac-fygdgghdgmuleoelvxabfmqiotta/Build/Intermediates.noindex/Firebase.build/Debug/FirebaseCrashlytics-t.build/Objects-normal/arm64/FIRCLSdSYM.d --serialize-diagnostics /Users/buddhirajgautam/Library/Developer/Xcode/DerivedData/Telegram-Mac-fygdgghdgmuleoelvxabfmqiotta/Build/Intermediates.noindex/Firebase.build/Debug/FirebaseCrashlytics-t.build/Objects-normal/arm64/FIRCLSdSYM.dia -c /Users/buddhirajgautam/Library/Developer/Xcode/DerivedData/Telegram-Mac-fygdgghdgmuleoelvxabfmqiotta/SourcePackages/checkouts/firebase-ios-sdk/Crashlytics/Shared/FIRCLSMachO/FIRCLSdSYM.m -o /Users/buddhirajgautam/Library/Developer/Xcode/DerivedData/Telegram-Mac-fygdgghdgmuleoelvxabfmqiotta/Build/Intermediates.noindex/Firebase.build/Debug/FirebaseCrashlytics-t.build/Objects-normal/arm64/FIRCLSdSYM.o -index-unit-output-path /Firebase.build/Debug/FirebaseCrashlytics-t.build/Objects-normal/arm64/FIRCLSdSYM.o

CompileC /Users/buddhirajgautam/Library/Developer/Xcode/DerivedData/Telegram-Mac-fygdgghdgmuleoelvxabfmqiotta/Build/Intermediates.noindex/Firebase.build/Debug/FirebaseCrashlytics-t.build/Objects-normal/arm64/FIRCLSUtility.o /Users/buddhirajgautam/Library/Developer/Xcode/DerivedData/Telegram-Mac-fygdgghdgmuleoelvxabfmqiotta/SourcePackages/checkouts/firebase-ios-sdk/Crashlytics/Crashlytics/Helpers/FIRCLSUtility.m normal arm64 objective-c com.apple.compilers.llvm.clang.1_0.compiler (in target 'FirebaseCrashlytics' from project 'Firebase')
    cd /Users/buddhirajgautam/Documents/Cherrygram-Mac/macOS-Swift
    
    Using response file: /Users/buddhirajgautam/Library/Developer/Xcode/DerivedData/Telegram-Mac-fygdgghdgmuleoelvxabfmqiotta/Build/Intermediates.noindex/Firebase.build/Debug/FirebaseCrashlytics-t.build/Objects-normal/arm64/e6072d4f65d7061329687fe24e3d63a7-common-args.resp
    
    /Applications/Xcode.app/Contents/Developer/Toolchains/XcodeDefault.xctoolchain/usr/bin/clang -x objective-c -ivfsstatcache /Users/buddhirajgautam/Library/Developer/Xcode/DerivedData/SDKStatCaches.noindex/macosx27.0-26A425-e829b21a6f8c9b70876ba0858053c0447231f6df4def33e022ae2eb8f782df1a.sdkstatcache -target arm64-apple-macos12.0 -fmessage-length\=0 -fdiagnostics-show-note-include-stack -fmacro-backtrace-limit\=0 -fno-color-diagnostics -fmodules-prune-interval\=86400 -fmodules-prune-after\=345600 -fbuild-session-file\=/Users/buddhirajgautam/Library/Developer/Xcode/DerivedData/ModuleCache.noindex/Session.modulevalidation -fmodules-validate-once-per-build-session -Wnon-modular-include-in-framework-module -Werror\=non-modular-include-in-framework-module -Wno-trigraphs -Wno-missing-field-initializers -Wno-missing-prototypes -Wno-return-type -Wno-implicit-atomic-properties -Wno-objc-interface-ivars -Wno-arc-repeated-use-of-weak -Wno-missing-braces -Wparentheses -Wswitch -Wno-unused-function -Wno-unused-label -Wno-unused-parameter -Wno-unused-variable -Wunused-value -Wno-empty-body -Wno-uninitialized -Wno-unknown-pragmas -w -Wno-shadow -Wno-four-char-constants -Wno-conversion -Wno-constant-conversion -Wno-int-conversion -Wno-bool-conversion -Wno-enum-conversion -Wno-float-conversion -Wno-non-literal-null-conversion -Wno-objc-literal-conversion -Wshorten-64-to-32 -Wpointer-sign -Wno-newline-eof -Wno-selector -Wno-strict-selector-match -Wno-undeclared-selector -Wno-deprecated-implementations -Wno-implicit-fallthrough -isysroot /Applications/Xcode.app/Contents/Developer/Platforms/MacOSX.platform/Developer/SDKs/MacOSX27.0.sdk -fstrict-aliasing -Wprotocol -Wdeprecated-declarations -Wno-sign-conversion -Wno-infinite-recursion -Wno-comma -Wno-block-capture-autoreleasing -Wno-strict-prototypes -Wno-semicolon-before-method-body -index-store-path /Users/buddhirajgautam/Library/Developer/Xcode/DerivedData/Telegram-Mac-fygdgghdgmuleoelvxabfmqiotta/Index.noindex/DataStore @/Users/buddhirajgautam/Library/Developer/Xcode/DerivedData/Telegram-Mac-fygdgghdgmuleoelvxabfmqiotta/Build/Intermediates.noindex/Firebase.build/Debug/FirebaseCrashlytics-t.build/Objects-normal/arm64/e6072d4f65d7061329687fe24e3d63a7-common-args.resp -MMD -MT dependencies -MF /Users/buddhirajgautam/Library/Developer/Xcode/DerivedData/Telegram-Mac-fygdgghdgmuleoelvxabfmqiotta/Build/Intermediates.noindex/Firebase.build/Debug/FirebaseCrashlytics-t.build/Objects-normal/arm64/FIRCLSUtility.d --serialize-diagnostics /Users/buddhirajgautam/Library/Developer/Xcode/DerivedData/Telegram-Mac-fygdgghdgmuleoelvxabfmqiotta/Build/Intermediates.noindex/Firebase.build/Debug/FirebaseCrashlytics-t.build/Objects-normal/arm64/FIRCLSUtility.dia -c /Users/buddhirajgautam/Library/Developer/Xcode/DerivedData/Telegram-Mac-fygdgghdgmuleoelvxabfmqiotta/SourcePackages/checkouts/firebase-ios-sdk/Crashlytics/Crashlytics/Helpers/FIRCLSUtility.m -o /Users/buddhirajgautam/Library/Developer/Xcode/DerivedData/Telegram-Mac-fygdgghdgmuleoelvxabfmqiotta/Build/Intermediates.noindex/Firebase.build/Debug/FirebaseCrashlytics-t.build/Objects-normal/arm64/FIRCLSUtility.o -index-unit-output-path /Firebase.build/Debug/FirebaseCrashlytics-t.build/Objects-normal/arm64/FIRCLSUtility.o

CompileC /Users/buddhirajgautam/Library/Developer/Xcode/DerivedData/Telegram-Mac-fygdgghdgmuleoelvxabfmqiotta/Build/Intermediates.noindex/Firebase.build/Debug/FirebaseCrashlytics-t.build/Objects-normal/arm64/FIRCLSUserLogging.o /Users/buddhirajgautam/Library/Developer/Xcode/DerivedData/Telegram-Mac-fygdgghdgmuleoelvxabfmqiotta/SourcePackages/checkouts/firebase-ios-sdk/Crashlytics/Crashlytics/Components/FIRCLSUserLogging.m normal arm64 objective-c com.apple.compilers.llvm.clang.1_0.compiler (in target 'FirebaseCrashlytics' from project 'Firebase')
    cd /Users/buddhirajgautam/Documents/Cherrygram-Mac/macOS-Swift
    
    Using response file: /Users/buddhirajgautam/Library/Developer/Xcode/DerivedData/Telegram-Mac-fygdgghdgmuleoelvxabfmqiotta/Build/Intermediates.noindex/Firebase.build/Debug/FirebaseCrashlytics-t.build/Objects-normal/arm64/e6072d4f65d7061329687fe24e3d63a7-common-args.resp
    
    /Applications/Xcode.app/Contents/Developer/Toolchains/XcodeDefault.xctoolchain/usr/bin/clang -x objective-c -ivfsstatcache /Users/buddhirajgautam/Library/Developer/Xcode/DerivedData/SDKStatCaches.noindex/macosx27.0-26A425-e829b21a6f8c9b70876ba0858053c0447231f6df4def33e022ae2eb8f782df1a.sdkstatcache -target arm64-apple-macos12.0 -fmessage-length\=0 -fdiagnostics-show-note-include-stack -fmacro-backtrace-limit\=0 -fno-color-diagnostics -fmodules-prune-interval\=86400 -fmodules-prune-after\=345600 -fbuild-session-file\=/Users/buddhirajgautam/Library/Developer/Xcode/DerivedData/ModuleCache.noindex/Session.modulevalidation -fmodules-validate-once-per-build-session -Wnon-modular-include-in-framework-module -Werror\=non-modular-include-in-framework-module -Wno-trigraphs -Wno-missing-field-initializers -Wno-missing-prototypes -Wno-return-type -Wno-implicit-atomic-properties -Wno-objc-interface-ivars -Wno-arc-repeated-use-of-weak -Wno-missing-braces -Wparentheses -Wswitch -Wno-unused-function -Wno-unused-label -Wno-unused-parameter -Wno-unused-variable -Wunused-value -Wno-empty-body -Wno-uninitialized -Wno-unknown-pragmas -w -Wno-shadow -Wno-four-char-constants -Wno-conversion -Wno-constant-conversion -Wno-int-conversion -Wno-bool-conversion -Wno-enum-conversion -Wno-float-conversion -Wno-non-literal-null-conversion -Wno-objc-literal-conversion -Wshorten-64-to-32 -Wpointer-sign -Wno-newline-eof -Wno-selector -Wno-strict-selector-match -Wno-undeclared-selector -Wno-deprecated-implementations -Wno-implicit-fallthrough -isysroot /Applications/Xcode.app/Contents/Developer/Platforms/MacOSX.platform/Developer/SDKs/MacOSX27.0.sdk -fstrict-aliasing -Wprotocol -Wdeprecated-declarations -Wno-sign-conversion -Wno-infinite-recursion -Wno-comma -Wno-block-capture-autoreleasing -Wno-strict-prototypes -Wno-semicolon-before-method-body -index-store-path /Users/buddhirajgautam/Library/Developer/Xcode/DerivedData/Telegram-Mac-fygdgghdgmuleoelvxabfmqiotta/Index.noindex/DataStore @/Users/buddhirajgautam/Library/Developer/Xcode/DerivedData/Telegram-Mac-fygdgghdgmuleoelvxabfmqiotta/Build/Intermediates.noindex/Firebase.build/Debug/FirebaseCrashlytics-t.build/Objects-normal/arm64/e6072d4f65d7061329687fe24e3d63a7-common-args.resp -MMD -MT dependencies -MF /Users/buddhirajgautam/Library/Developer/Xcode/DerivedData/Telegram-Mac-fygdgghdgmuleoelvxabfmqiotta/Build/Intermediates.noindex/Firebase.build/Debug/FirebaseCrashlytics-t.build/Objects-normal/arm64/FIRCLSUserLogging.d --serialize-diagnostics /Users/buddhirajgautam/Library/Developer/Xcode/DerivedData/Telegram-Mac-fygdgghdgmuleoelvxabfmqiotta/Build/Intermediates.noindex/Firebase.build/Debug/FirebaseCrashlytics-t.build/Objects-normal/arm64/FIRCLSUserLogging.dia -c /Users/buddhirajgautam/Library/Developer/Xcode/DerivedData/Telegram-Mac-fygdgghdgmuleoelvxabfmqiotta/SourcePackages/checkouts/firebase-ios-sdk/Crashlytics/Crashlytics/Components/FIRCLSUserLogging.m -o /Users/buddhirajgautam/Library/Developer/Xcode/DerivedData/Telegram-Mac-fygdgghdgmuleoelvxabfmqiotta/Build/Intermediates.noindex/Firebase.build/Debug/FirebaseCrashlytics-t.build/Objects-normal/arm64/FIRCLSUserLogging.o -index-unit-output-path /Firebase.build/Debug/FirebaseCrashlytics-t.build/Objects-normal/arm64/FIRCLSUserLogging.o

CompileC /Users/buddhirajgautam/Library/Developer/Xcode/DerivedData/Telegram-Mac-fygdgghdgmuleoelvxabfmqiotta/Build/Intermediates.noindex/Firebase.build/Debug/FirebaseCrashlytics-t.build/Objects-normal/arm64/FIRCLSUserDefaults.o /Users/buddhirajgautam/Library/Developer/Xcode/DerivedData/Telegram-Mac-fygdgghdgmuleoelvxabfmqiotta/SourcePackages/checkouts/firebase-ios-sdk/Crashlytics/Crashlytics/FIRCLSUserDefaults/FIRCLSUserDefaults.m normal arm64 objective-c com.apple.compilers.llvm.clang.1_0.compiler (in target 'FirebaseCrashlytics' from project 'Firebase')
    cd /Users/buddhirajgautam/Documents/Cherrygram-Mac/macOS-Swift
    
    Using response file: /Users/buddhirajgautam/Library/Developer/Xcode/DerivedData/Telegram-Mac-fygdgghdgmuleoelvxabfmqiotta/Build/Intermediates.noindex/Firebase.build/Debug/FirebaseCrashlytics-t.build/Objects-normal/arm64/e6072d4f65d7061329687fe24e3d63a7-common-args.resp
    
    /Applications/Xcode.app/Contents/Developer/Toolchains/XcodeDefault.xctoolchain/usr/bin/clang -x objective-c -ivfsstatcache /Users/buddhirajgautam/Library/Developer/Xcode/DerivedData/SDKStatCaches.noindex/macosx27.0-26A425-e829b21a6f8c9b70876ba0858053c0447231f6df4def33e022ae2eb8f782df1a.sdkstatcache -target arm64-apple-macos12.0 -fmessage-length\=0 -fdiagnostics-show-note-include-stack -fmacro-backtrace-limit\=0 -fno-color-diagnostics -fmodules-prune-interval\=86400 -fmodules-prune-after\=345600 -fbuild-session-file\=/Users/buddhirajgautam/Library/Developer/Xcode/DerivedData/ModuleCache.noindex/Session.modulevalidation -fmodules-validate-once-per-build-session -Wnon-modular-include-in-framework-module -Werror\=non-modular-include-in-framework-module -Wno-trigraphs -Wno-missing-field-initializers -Wno-missing-prototypes -Wno-return-type -Wno-implicit-atomic-properties -Wno-objc-interface-ivars -Wno-arc-repeated-use-of-weak -Wno-missing-braces -Wparentheses -Wswitch -Wno-unused-function -Wno-unused-label -Wno-unused-parameter -Wno-unused-variable -Wunused-value -Wno-empty-body -Wno-uninitialized -Wno-unknown-pragmas -w -Wno-shadow -Wno-four-char-constants -Wno-conversion -Wno-constant-conversion -Wno-int-conversion -Wno-bool-conversion -Wno-enum-conversion -Wno-float-conversion -Wno-non-literal-null-conversion -Wno-objc-literal-conversion -Wshorten-64-to-32 -Wpointer-sign -Wno-newline-eof -Wno-selector -Wno-strict-selector-match -Wno-undeclared-selector -Wno-deprecated-implementations -Wno-implicit-fallthrough -isysroot /Applications/Xcode.app/Contents/Developer/Platforms/MacOSX.platform/Developer/SDKs/MacOSX27.0.sdk -fstrict-aliasing -Wprotocol -Wdeprecated-declarations -Wno-sign-conversion -Wno-infinite-recursion -Wno-comma -Wno-block-capture-autoreleasing -Wno-strict-prototypes -Wno-semicolon-before-method-body -index-store-path /Users/buddhirajgautam/Library/Developer/Xcode/DerivedData/Telegram-Mac-fygdgghdgmuleoelvxabfmqiotta/Index.noindex/DataStore @/Users/buddhirajgautam/Library/Developer/Xcode/DerivedData/Telegram-Mac-fygdgghdgmuleoelvxabfmqiotta/Build/Intermediates.noindex/Firebase.build/Debug/FirebaseCrashlytics-t.build/Objects-normal/arm64/e6072d4f65d7061329687fe24e3d63a7-common-args.resp -MMD -MT dependencies -MF /Users/buddhirajgautam/Library/Developer/Xcode/DerivedData/Telegram-Mac-fygdgghdgmuleoelvxabfmqiotta/Build/Intermediates.noindex/Firebase.build/Debug/FirebaseCrashlytics-t.build/Objects-normal/arm64/FIRCLSUserDefaults.d --serialize-diagnostics /Users/buddhirajgautam/Library/Developer/Xcode/DerivedData/Telegram-Mac-fygdgghdgmuleoelvxabfmqiotta/Build/Intermediates.noindex/Firebase.build/Debug/FirebaseCrashlytics-t.build/Objects-normal/arm64/FIRCLSUserDefaults.dia -c /Users/buddhirajgautam/Library/Developer/Xcode/DerivedData/Telegram-Mac-fygdgghdgmuleoelvxabfmqiotta/SourcePackages/checkouts/firebase-ios-sdk/Crashlytics/Crashlytics/FIRCLSUserDefaults/FIRCLSUserDefaults.m -o /Users/buddhirajgautam/Library/Developer/Xcode/DerivedData/Telegram-Mac-fygdgghdgmuleoelvxabfmqiotta/Build/Intermediates.noindex/Firebase.build/Debug/FirebaseCrashlytics-t.build/Objects-normal/arm64/FIRCLSUserDefaults.o -index-unit-output-path /Firebase.build/Debug/FirebaseCrashlytics-t.build/Objects-normal/arm64/FIRCLSUserDefaults.o

CompileC /Users/buddhirajgautam/Library/Developer/Xcode/DerivedData/Telegram-Mac-fygdgghdgmuleoelvxabfmqiotta/Build/Intermediates.noindex/Firebase.build/Debug/FirebaseCrashlytics-t.build/Objects-normal/arm64/FIRCLSUUID.o /Users/buddhirajgautam/Library/Developer/Xcode/DerivedData/Telegram-Mac-fygdgghdgmuleoelvxabfmqiotta/SourcePackages/checkouts/firebase-ios-sdk/Crashlytics/Shared/FIRCLSUUID.m normal arm64 objective-c com.apple.compilers.llvm.clang.1_0.compiler (in target 'FirebaseCrashlytics' from project 'Firebase')
    cd /Users/buddhirajgautam/Documents/Cherrygram-Mac/macOS-Swift
    
    Using response file: /Users/buddhirajgautam/Library/Developer/Xcode/DerivedData/Telegram-Mac-fygdgghdgmuleoelvxabfmqiotta/Build/Intermediates.noindex/Firebase.build/Debug/FirebaseCrashlytics-t.build/Objects-normal/arm64/e6072d4f65d7061329687fe24e3d63a7-common-args.resp
    
    /Applications/Xcode.app/Contents/Developer/Toolchains/XcodeDefault.xctoolchain/usr/bin/clang -x objective-c -ivfsstatcache /Users/buddhirajgautam/Library/Developer/Xcode/DerivedData/SDKStatCaches.noindex/macosx27.0-26A425-e829b21a6f8c9b70876ba0858053c0447231f6df4def33e022ae2eb8f782df1a.sdkstatcache -target arm64-apple-macos12.0 -fmessage-length\=0 -fdiagnostics-show-note-include-stack -fmacro-backtrace-limit\=0 -fno-color-diagnostics -fmodules-prune-interval\=86400 -fmodules-prune-after\=345600 -fbuild-session-file\=/Users/buddhirajgautam/Library/Developer/Xcode/DerivedData/ModuleCache.noindex/Session.modulevalidation -fmodules-validate-once-per-build-session -Wnon-modular-include-in-framework-module -Werror\=non-modular-include-in-framework-module -Wno-trigraphs -Wno-missing-field-initializers -Wno-missing-prototypes -Wno-return-type -Wno-implicit-atomic-properties -Wno-objc-interface-ivars -Wno-arc-repeated-use-of-weak -Wno-missing-braces -Wparentheses -Wswitch -Wno-unused-function -Wno-unused-label -Wno-unused-parameter -Wno-unused-variable -Wunused-value -Wno-empty-body -Wno-uninitialized -Wno-unknown-pragmas -w -Wno-shadow -Wno-four-char-constants -Wno-conversion -Wno-constant-conversion -Wno-int-conversion -Wno-bool-conversion -Wno-enum-conversion -Wno-float-conversion -Wno-non-literal-null-conversion -Wno-objc-literal-conversion -Wshorten-64-to-32 -Wpointer-sign -Wno-newline-eof -Wno-selector -Wno-strict-selector-match -Wno-undeclared-selector -Wno-deprecated-implementations -Wno-implicit-fallthrough -isysroot /Applications/Xcode.app/Contents/Developer/Platforms/MacOSX.platform/Developer/SDKs/MacOSX27.0.sdk -fstrict-aliasing -Wprotocol -Wdeprecated-declarations -Wno-sign-conversion -Wno-infinite-recursion -Wno-comma -Wno-block-capture-autoreleasing -Wno-strict-prototypes -Wno-semicolon-before-method-body -index-store-path /Users/buddhirajgautam/Library/Developer/Xcode/DerivedData/Telegram-Mac-fygdgghdgmuleoelvxabfmqiotta/Index.noindex/DataStore @/Users/buddhirajgautam/Library/Developer/Xcode/DerivedData/Telegram-Mac-fygdgghdgmuleoelvxabfmqiotta/Build/Intermediates.noindex/Firebase.build/Debug/FirebaseCrashlytics-t.build/Objects-normal/arm64/e6072d4f65d7061329687fe24e3d63a7-common-args.resp -MMD -MT dependencies -MF /Users/buddhirajgautam/Library/Developer/Xcode/DerivedData/Telegram-Mac-fygdgghdgmuleoelvxabfmqiotta/Build/Intermediates.noindex/Firebase.build/Debug/FirebaseCrashlytics-t.build/Objects-normal/arm64/FIRCLSUUID.d --serialize-diagnostics /Users/buddhirajgautam/Library/Developer/Xcode/DerivedData/Telegram-Mac-fygdgghdgmuleoelvxabfmqiotta/Build/Intermediates.noindex/Firebase.build/Debug/FirebaseCrashlytics-t.build/Objects-normal/arm64/FIRCLSUUID.dia -c /Users/buddhirajgautam/Library/Developer/Xcode/DerivedData/Telegram-Mac-fygdgghdgmuleoelvxabfmqiotta/SourcePackages/checkouts/firebase-ios-sdk/Crashlytics/Shared/FIRCLSUUID.m -o /Users/buddhirajgautam/Library/Developer/Xcode/DerivedData/Telegram-Mac-fygdgghdgmuleoelvxabfmqiotta/Build/Intermediates.noindex/Firebase.build/Debug/FirebaseCrashlytics-t.build/Objects-normal/arm64/FIRCLSUUID.o -index-unit-output-path /Firebase.build/Debug/FirebaseCrashlytics-t.build/Objects-normal/arm64/FIRCLSUUID.o

CompileC /Users/buddhirajgautam/Library/Developer/Xcode/DerivedData/Telegram-Mac-fygdgghdgmuleoelvxabfmqiotta/Build/Intermediates.noindex/Firebase.build/Debug/FirebaseCrashlytics-t.build/Objects-normal/arm64/FIRCLSURLBuilder.o /Users/buddhirajgautam/Library/Developer/Xcode/DerivedData/Telegram-Mac-fygdgghdgmuleoelvxabfmqiotta/SourcePackages/checkouts/firebase-ios-sdk/Crashlytics/Shared/FIRCLSNetworking/FIRCLSURLBuilder.m normal arm64 objective-c com.apple.compilers.llvm.clang.1_0.compiler (in target 'FirebaseCrashlytics' from project 'Firebase')
    cd /Users/buddhirajgautam/Documents/Cherrygram-Mac/macOS-Swift
    
    Using response file: /Users/buddhirajgautam/Library/Developer/Xcode/DerivedData/Telegram-Mac-fygdgghdgmuleoelvxabfmqiotta/Build/Intermediates.noindex/Firebase.build/Debug/FirebaseCrashlytics-t.build/Objects-normal/arm64/e6072d4f65d7061329687fe24e3d63a7-common-args.resp
    
    /Applications/Xcode.app/Contents/Developer/Toolchains/XcodeDefault.xctoolchain/usr/bin/clang -x objective-c -ivfsstatcache /Users/buddhirajgautam/Library/Developer/Xcode/DerivedData/SDKStatCaches.noindex/macosx27.0-26A425-e829b21a6f8c9b70876ba0858053c0447231f6df4def33e022ae2eb8f782df1a.sdkstatcache -target arm64-apple-macos12.0 -fmessage-length\=0 -fdiagnostics-show-note-include-stack -fmacro-backtrace-limit\=0 -fno-color-diagnostics -fmodules-prune-interval\=86400 -fmodules-prune-after\=345600 -fbuild-session-file\=/Users/buddhirajgautam/Library/Developer/Xcode/DerivedData/ModuleCache.noindex/Session.modulevalidation -fmodules-validate-once-per-build-session -Wnon-modular-include-in-framework-module -Werror\=non-modular-include-in-framework-module -Wno-trigraphs -Wno-missing-field-initializers -Wno-missing-prototypes -Wno-return-type -Wno-implicit-atomic-properties -Wno-objc-interface-ivars -Wno-arc-repeated-use-of-weak -Wno-missing-braces -Wparentheses -Wswitch -Wno-unused-function -Wno-unused-label -Wno-unused-parameter -Wno-unused-variable -Wunused-value -Wno-empty-body -Wno-uninitialized -Wno-unknown-pragmas -w -Wno-shadow -Wno-four-char-constants -Wno-conversion -Wno-constant-conversion -Wno-int-conversion -Wno-bool-conversion -Wno-enum-conversion -Wno-float-conversion -Wno-non-literal-null-conversion -Wno-objc-literal-conversion -Wshorten-64-to-32 -Wpointer-sign -Wno-newline-eof -Wno-selector -Wno-strict-selector-match -Wno-undeclared-selector -Wno-deprecated-implementations -Wno-implicit-fallthrough -isysroot /Applications/Xcode.app/Contents/Developer/Platforms/MacOSX.platform/Developer/SDKs/MacOSX27.0.sdk -fstrict-aliasing -Wprotocol -Wdeprecated-declarations -Wno-sign-conversion -Wno-infinite-recursion -Wno-comma -Wno-block-capture-autoreleasing -Wno-strict-prototypes -Wno-semicolon-before-method-body -index-store-path /Users/buddhirajgautam/Library/Developer/Xcode/DerivedData/Telegram-Mac-fygdgghdgmuleoelvxabfmqiotta/Index.noindex/DataStore @/Users/buddhirajgautam/Library/Developer/Xcode/DerivedData/Telegram-Mac-fygdgghdgmuleoelvxabfmqiotta/Build/Intermediates.noindex/Firebase.build/Debug/FirebaseCrashlytics-t.build/Objects-normal/arm64/e6072d4f65d7061329687fe24e3d63a7-common-args.resp -MMD -MT dependencies -MF /Users/buddhirajgautam/Library/Developer/Xcode/DerivedData/Telegram-Mac-fygdgghdgmuleoelvxabfmqiotta/Build/Intermediates.noindex/Firebase.build/Debug/FirebaseCrashlytics-t.build/Objects-normal/arm64/FIRCLSURLBuilder.d --serialize-diagnostics /Users/buddhirajgautam/Library/Developer/Xcode/DerivedData/Telegram-Mac-fygdgghdgmuleoelvxabfmqiotta/Build/Intermediates.noindex/Firebase.build/Debug/FirebaseCrashlytics-t.build/Objects-normal/arm64/FIRCLSURLBuilder.dia -c /Users/buddhirajgautam/Library/Developer/Xcode/DerivedData/Telegram-Mac-fygdgghdgmuleoelvxabfmqiotta/SourcePackages/checkouts/firebase-ios-sdk/Crashlytics/Shared/FIRCLSNetworking/FIRCLSURLBuilder.m -o /Users/buddhirajgautam/Library/Developer/Xcode/DerivedData/Telegram-Mac-fygdgghdgmuleoelvxabfmqiotta/Build/Intermediates.noindex/Firebase.build/Debug/FirebaseCrashlytics-t.build/Objects-normal/arm64/FIRCLSURLBuilder.o -index-unit-output-path /Firebase.build/Debug/FirebaseCrashlytics-t.build/Objects-normal/arm64/FIRCLSURLBuilder.o

CompileC /Users/buddhirajgautam/Library/Developer/Xcode/DerivedData/Telegram-Mac-fygdgghdgmuleoelvxabfmqiotta/Build/Intermediates.noindex/Firebase.build/Debug/FirebaseCrashlytics-t.build/Objects-normal/arm64/FIRCLSThreadArrayOperation.o /Users/buddhirajgautam/Library/Developer/Xcode/DerivedData/Telegram-Mac-fygdgghdgmuleoelvxabfmqiotta/SourcePackages/checkouts/firebase-ios-sdk/Crashlytics/Crashlytics/Operations/Symbolication/FIRCLSThreadArrayOperation.m normal arm64 objective-c com.apple.compilers.llvm.clang.1_0.compiler (in target 'FirebaseCrashlytics' from project 'Firebase')
    cd /Users/buddhirajgautam/Documents/Cherrygram-Mac/macOS-Swift
    
    Using response file: /Users/buddhirajgautam/Library/Developer/Xcode/DerivedData/Telegram-Mac-fygdgghdgmuleoelvxabfmqiotta/Build/Intermediates.noindex/Firebase.build/Debug/FirebaseCrashlytics-t.build/Objects-normal/arm64/e6072d4f65d7061329687fe24e3d63a7-common-args.resp
    
    /Applications/Xcode.app/Contents/Developer/Toolchains/XcodeDefault.xctoolchain/usr/bin/clang -x objective-c -ivfsstatcache /Users/buddhirajgautam/Library/Developer/Xcode/DerivedData/SDKStatCaches.noindex/macosx27.0-26A425-e829b21a6f8c9b70876ba0858053c0447231f6df4def33e022ae2eb8f782df1a.sdkstatcache -target arm64-apple-macos12.0 -fmessage-length\=0 -fdiagnostics-show-note-include-stack -fmacro-backtrace-limit\=0 -fno-color-diagnostics -fmodules-prune-interval\=86400 -fmodules-prune-after\=345600 -fbuild-session-file\=/Users/buddhirajgautam/Library/Developer/Xcode/DerivedData/ModuleCache.noindex/Session.modulevalidation -fmodules-validate-once-per-build-session -Wnon-modular-include-in-framework-module -Werror\=non-modular-include-in-framework-module -Wno-trigraphs -Wno-missing-field-initializers -Wno-missing-prototypes -Wno-return-type -Wno-implicit-atomic-properties -Wno-objc-interface-ivars -Wno-arc-repeated-use-of-weak -Wno-missing-braces -Wparentheses -Wswitch -Wno-unused-function -Wno-unused-label -Wno-unused-parameter -Wno-unused-variable -Wunused-value -Wno-empty-body -Wno-uninitialized -Wno-unknown-pragmas -w -Wno-shadow -Wno-four-char-constants -Wno-conversion -Wno-constant-conversion -Wno-int-conversion -Wno-bool-conversion -Wno-enum-conversion -Wno-float-conversion -Wno-non-literal-null-conversion -Wno-objc-literal-conversion -Wshorten-64-to-32 -Wpointer-sign -Wno-newline-eof -Wno-selector -Wno-strict-selector-match -Wno-undeclared-selector -Wno-deprecated-implementations -Wno-implicit-fallthrough -isysroot /Applications/Xcode.app/Contents/Developer/Platforms/MacOSX.platform/Developer/SDKs/MacOSX27.0.sdk -fstrict-aliasing -Wprotocol -Wdeprecated-declarations -Wno-sign-conversion -Wno-infinite-recursion -Wno-comma -Wno-block-capture-autoreleasing -Wno-strict-prototypes -Wno-semicolon-before-method-body -index-store-path /Users/buddhirajgautam/Library/Developer/Xcode/DerivedData/Telegram-Mac-fygdgghdgmuleoelvxabfmqiotta/Index.noindex/DataStore @/Users/buddhirajgautam/Library/Developer/Xcode/DerivedData/Telegram-Mac-fygdgghdgmuleoelvxabfmqiotta/Build/Intermediates.noindex/Firebase.build/Debug/FirebaseCrashlytics-t.build/Objects-normal/arm64/e6072d4f65d7061329687fe24e3d63a7-common-args.resp -MMD -MT dependencies -MF /Users/buddhirajgautam/Library/Developer/Xcode/DerivedData/Telegram-Mac-fygdgghdgmuleoelvxabfmqiotta/Build/Intermediates.noindex/Firebase.build/Debug/FirebaseCrashlytics-t.build/Objects-normal/arm64/FIRCLSThreadArrayOperation.d --serialize-diagnostics /Users/buddhirajgautam/Library/Developer/Xcode/DerivedData/Telegram-Mac-fygdgghdgmuleoelvxabfmqiotta/Build/Intermediates.noindex/Firebase.build/Debug/FirebaseCrashlytics-t.build/Objects-normal/arm64/FIRCLSThreadArrayOperation.dia -c /Users/buddhirajgautam/Library/Developer/Xcode/DerivedData/Telegram-Mac-fygdgghdgmuleoelvxabfmqiotta/SourcePackages/checkouts/firebase-ios-sdk/Crashlytics/Crashlytics/Operations/Symbolication/FIRCLSThreadArrayOperation.m -o /Users/buddhirajgautam/Library/Developer/Xcode/DerivedData/Telegram-Mac-fygdgghdgmuleoelvxabfmqiotta/Build/Intermediates.noindex/Firebase.build/Debug/FirebaseCrashlytics-t.build/Objects-normal/arm64/FIRCLSThreadArrayOperation.o -index-unit-output-path /Firebase.build/Debug/FirebaseCrashlytics-t.build/Objects-normal/arm64/FIRCLSThreadArrayOperation.o

CompileC /Users/buddhirajgautam/Library/Developer/Xcode/DerivedData/Telegram-Mac-fygdgghdgmuleoelvxabfmqiotta/Build/Intermediates.noindex/Firebase.build/Debug/FirebaseCrashlytics-t.build/Objects-normal/arm64/FIRCLSSymbolicationOperation.o /Users/buddhirajgautam/Library/Developer/Xcode/DerivedData/Telegram-Mac-fygdgghdgmuleoelvxabfmqiotta/SourcePackages/checkouts/firebase-ios-sdk/Crashlytics/Crashlytics/Operations/Symbolication/FIRCLSSymbolicationOperation.m normal arm64 objective-c com.apple.compilers.llvm.clang.1_0.compiler (in target 'FirebaseCrashlytics' from project 'Firebase')
    cd /Users/buddhirajgautam/Documents/Cherrygram-Mac/macOS-Swift
    
    Using response file: /Users/buddhirajgautam/Library/Developer/Xcode/DerivedData/Telegram-Mac-fygdgghdgmuleoelvxabfmqiotta/Build/Intermediates.noindex/Firebase.build/Debug/FirebaseCrashlytics-t.build/Objects-normal/arm64/e6072d4f65d7061329687fe24e3d63a7-common-args.resp
    
    /Applications/Xcode.app/Contents/Developer/Toolchains/XcodeDefault.xctoolchain/usr/bin/clang -x objective-c -ivfsstatcache /Users/buddhirajgautam/Library/Developer/Xcode/DerivedData/SDKStatCaches.noindex/macosx27.0-26A425-e829b21a6f8c9b70876ba0858053c0447231f6df4def33e022ae2eb8f782df1a.sdkstatcache -target arm64-apple-macos12.0 -fmessage-length\=0 -fdiagnostics-show-note-include-stack -fmacro-backtrace-limit\=0 -fno-color-diagnostics -fmodules-prune-interval\=86400 -fmodules-prune-after\=345600 -fbuild-session-file\=/Users/buddhirajgautam/Library/Developer/Xcode/DerivedData/ModuleCache.noindex/Session.modulevalidation -fmodules-validate-once-per-build-session -Wnon-modular-include-in-framework-module -Werror\=non-modular-include-in-framework-module -Wno-trigraphs -Wno-missing-field-initializers -Wno-missing-prototypes -Wno-return-type -Wno-implicit-atomic-properties -Wno-objc-interface-ivars -Wno-arc-repeated-use-of-weak -Wno-missing-braces -Wparentheses -Wswitch -Wno-unused-function -Wno-unused-label -Wno-unused-parameter -Wno-unused-variable -Wunused-value -Wno-empty-body -Wno-uninitialized -Wno-unknown-pragmas -w -Wno-shadow -Wno-four-char-constants -Wno-conversion -Wno-constant-conversion -Wno-int-conversion -Wno-bool-conversion -Wno-enum-conversion -Wno-float-conversion -Wno-non-literal-null-conversion -Wno-objc-literal-conversion -Wshorten-64-to-32 -Wpointer-sign -Wno-newline-eof -Wno-selector -Wno-strict-selector-match -Wno-undeclared-selector -Wno-deprecated-implementations -Wno-implicit-fallthrough -isysroot /Applications/Xcode.app/Contents/Developer/Platforms/MacOSX.platform/Developer/SDKs/MacOSX27.0.sdk -fstrict-aliasing -Wprotocol -Wdeprecated-declarations -Wno-sign-conversion -Wno-infinite-recursion -Wno-comma -Wno-block-capture-autoreleasing -Wno-strict-prototypes -Wno-semicolon-before-method-body -index-store-path /Users/buddhirajgautam/Library/Developer/Xcode/DerivedData/Telegram-Mac-fygdgghdgmuleoelvxabfmqiotta/Index.noindex/DataStore @/Users/buddhirajgautam/Library/Developer/Xcode/DerivedData/Telegram-Mac-fygdgghdgmuleoelvxabfmqiotta/Build/Intermediates.noindex/Firebase.build/Debug/FirebaseCrashlytics-t.build/Objects-normal/arm64/e6072d4f65d7061329687fe24e3d63a7-common-args.resp -MMD -MT dependencies -MF /Users/buddhirajgautam/Library/Developer/Xcode/DerivedData/Telegram-Mac-fygdgghdgmuleoelvxabfmqiotta/Build/Intermediates.noindex/Firebase.build/Debug/FirebaseCrashlytics-t.build/Objects-normal/arm64/FIRCLSSymbolicationOperation.d --serialize-diagnostics /Users/buddhirajgautam/Library/Developer/Xcode/DerivedData/Telegram-Mac-fygdgghdgmuleoelvxabfmqiotta/Build/Intermediates.noindex/Firebase.build/Debug/FirebaseCrashlytics-t.build/Objects-normal/arm64/FIRCLSSymbolicationOperation.dia -c /Users/buddhirajgautam/Library/Developer/Xcode/DerivedData/Telegram-Mac-fygdgghdgmuleoelvxabfmqiotta/SourcePackages/checkouts/firebase-ios-sdk/Crashlytics/Crashlytics/Operations/Symbolication/FIRCLSSymbolicationOperation.m -o /Users/buddhirajgautam/Library/Developer/Xcode/DerivedData/Telegram-Mac-fygdgghdgmuleoelvxabfmqiotta/Build/Intermediates.noindex/Firebase.build/Debug/FirebaseCrashlytics-t.build/Objects-normal/arm64/FIRCLSSymbolicationOperation.o -index-unit-output-path /Firebase.build/Debug/FirebaseCrashlytics-t.build/Objects-normal/arm64/FIRCLSSymbolicationOperation.o

CompileC /Users/buddhirajgautam/Library/Developer/Xcode/DerivedData/Telegram-Mac-fygdgghdgmuleoelvxabfmqiotta/Build/Intermediates.noindex/Firebase.build/Debug/FirebaseCrashlytics-t.build/Objects-normal/arm64/FIRCLSSymbolResolver.o /Users/buddhirajgautam/Library/Developer/Xcode/DerivedData/Telegram-Mac-fygdgghdgmuleoelvxabfmqiotta/SourcePackages/checkouts/firebase-ios-sdk/Crashlytics/Crashlytics/Models/FIRCLSSymbolResolver.m normal arm64 objective-c com.apple.compilers.llvm.clang.1_0.compiler (in target 'FirebaseCrashlytics' from project 'Firebase')
    cd /Users/buddhirajgautam/Documents/Cherrygram-Mac/macOS-Swift
    
    Using response file: /Users/buddhirajgautam/Library/Developer/Xcode/DerivedData/Telegram-Mac-fygdgghdgmuleoelvxabfmqiotta/Build/Intermediates.noindex/Firebase.build/Debug/FirebaseCrashlytics-t.build/Objects-normal/arm64/e6072d4f65d7061329687fe24e3d63a7-common-args.resp
    
    /Applications/Xcode.app/Contents/Developer/Toolchains/XcodeDefault.xctoolchain/usr/bin/clang -x objective-c -ivfsstatcache /Users/buddhirajgautam/Library/Developer/Xcode/DerivedData/SDKStatCaches.noindex/macosx27.0-26A425-e829b21a6f8c9b70876ba0858053c0447231f6df4def33e022ae2eb8f782df1a.sdkstatcache -target arm64-apple-macos12.0 -fmessage-length\=0 -fdiagnostics-show-note-include-stack -fmacro-backtrace-limit\=0 -fno-color-diagnostics -fmodules-prune-interval\=86400 -fmodules-prune-after\=345600 -fbuild-session-file\=/Users/buddhirajgautam/Library/Developer/Xcode/DerivedData/ModuleCache.noindex/Session.modulevalidation -fmodules-validate-once-per-build-session -Wnon-modular-include-in-framework-module -Werror\=non-modular-include-in-framework-module -Wno-trigraphs -Wno-missing-field-initializers -Wno-missing-prototypes -Wno-return-type -Wno-implicit-atomic-properties -Wno-objc-interface-ivars -Wno-arc-repeated-use-of-weak -Wno-missing-braces -Wparentheses -Wswitch -Wno-unused-function -Wno-unused-label -Wno-unused-parameter -Wno-unused-variable -Wunused-value -Wno-empty-body -Wno-uninitialized -Wno-unknown-pragmas -w -Wno-shadow -Wno-four-char-constants -Wno-conversion -Wno-constant-conversion -Wno-int-conversion -Wno-bool-conversion -Wno-enum-conversion -Wno-float-conversion -Wno-non-literal-null-conversion -Wno-objc-literal-conversion -Wshorten-64-to-32 -Wpointer-sign -Wno-newline-eof -Wno-selector -Wno-strict-selector-match -Wno-undeclared-selector -Wno-deprecated-implementations -Wno-implicit-fallthrough -isysroot /Applications/Xcode.app/Contents/Developer/Platforms/MacOSX.platform/Developer/SDKs/MacOSX27.0.sdk -fstrict-aliasing -Wprotocol -Wdeprecated-declarations -Wno-sign-conversion -Wno-infinite-recursion -Wno-comma -Wno-block-capture-autoreleasing -Wno-strict-prototypes -Wno-semicolon-before-method-body -index-store-path /Users/buddhirajgautam/Library/Developer/Xcode/DerivedData/Telegram-Mac-fygdgghdgmuleoelvxabfmqiotta/Index.noindex/DataStore @/Users/buddhirajgautam/Library/Developer/Xcode/DerivedData/Telegram-Mac-fygdgghdgmuleoelvxabfmqiotta/Build/Intermediates.noindex/Firebase.build/Debug/FirebaseCrashlytics-t.build/Objects-normal/arm64/e6072d4f65d7061329687fe24e3d63a7-common-args.resp -MMD -MT dependencies -MF /Users/buddhirajgautam/Library/Developer/Xcode/DerivedData/Telegram-Mac-fygdgghdgmuleoelvxabfmqiotta/Build/Intermediates.noindex/Firebase.build/Debug/FirebaseCrashlytics-t.build/Objects-normal/arm64/FIRCLSSymbolResolver.d --serialize-diagnostics /Users/buddhirajgautam/Library/Developer/Xcode/DerivedData/Telegram-Mac-fygdgghdgmuleoelvxabfmqiotta/Build/Intermediates.noindex/Firebase.build/Debug/FirebaseCrashlytics-t.build/Objects-normal/arm64/FIRCLSSymbolResolver.dia -c /Users/buddhirajgautam/Library/Developer/Xcode/DerivedData/Telegram-Mac-fygdgghdgmuleoelvxabfmqiotta/SourcePackages/checkouts/firebase-ios-sdk/Crashlytics/Crashlytics/Models/FIRCLSSymbolResolver.m -o /Users/buddhirajgautam/Library/Developer/Xcode/DerivedData/Telegram-Mac-fygdgghdgmuleoelvxabfmqiotta/Build/Intermediates.noindex/Firebase.build/Debug/FirebaseCrashlytics-t.build/Objects-normal/arm64/FIRCLSSymbolResolver.o -index-unit-output-path /Firebase.build/Debug/FirebaseCrashlytics-t.build/Objects-normal/arm64/FIRCLSSymbolResolver.o

CompileC /Users/buddhirajgautam/Library/Developer/Xcode/DerivedData/Telegram-Mac-fygdgghdgmuleoelvxabfmqiotta/Build/Intermediates.noindex/Firebase.build/Debug/FirebaseCrashlytics-t.build/Objects-normal/arm64/FIRCLSSerializeSymbolicatedFramesOperation.o /Users/buddhirajgautam/Library/Developer/Xcode/DerivedData/Telegram-Mac-fygdgghdgmuleoelvxabfmqiotta/SourcePackages/checkouts/firebase-ios-sdk/Crashlytics/Crashlytics/Operations/Symbolication/FIRCLSSerializeSymbolicatedFramesOperation.m normal arm64 objective-c com.apple.compilers.llvm.clang.1_0.compiler (in target 'FirebaseCrashlytics' from project 'Firebase')
    cd /Users/buddhirajgautam/Documents/Cherrygram-Mac/macOS-Swift
    
    Using response file: /Users/buddhirajgautam/Library/Developer/Xcode/DerivedData/Telegram-Mac-fygdgghdgmuleoelvxabfmqiotta/Build/Intermediates.noindex/Firebase.build/Debug/FirebaseCrashlytics-t.build/Objects-normal/arm64/e6072d4f65d7061329687fe24e3d63a7-common-args.resp
    
    /Applications/Xcode.app/Contents/Developer/Toolchains/XcodeDefault.xctoolchain/usr/bin/clang -x objective-c -ivfsstatcache /Users/buddhirajgautam/Library/Developer/Xcode/DerivedData/SDKStatCaches.noindex/macosx27.0-26A425-e829b21a6f8c9b70876ba0858053c0447231f6df4def33e022ae2eb8f782df1a.sdkstatcache -target arm64-apple-macos12.0 -fmessage-length\=0 -fdiagnostics-show-note-include-stack -fmacro-backtrace-limit\=0 -fno-color-diagnostics -fmodules-prune-interval\=86400 -fmodules-prune-after\=345600 -fbuild-session-file\=/Users/buddhirajgautam/Library/Developer/Xcode/DerivedData/ModuleCache.noindex/Session.modulevalidation -fmodules-validate-once-per-build-session -Wnon-modular-include-in-framework-module -Werror\=non-modular-include-in-framework-module -Wno-trigraphs -Wno-missing-field-initializers -Wno-missing-prototypes -Wno-return-type -Wno-implicit-atomic-properties -Wno-objc-interface-ivars -Wno-arc-repeated-use-of-weak -Wno-missing-braces -Wparentheses -Wswitch -Wno-unused-function -Wno-unused-label -Wno-unused-parameter -Wno-unused-variable -Wunused-value -Wno-empty-body -Wno-uninitialized -Wno-unknown-pragmas -w -Wno-shadow -Wno-four-char-constants -Wno-conversion -Wno-constant-conversion -Wno-int-conversion -Wno-bool-conversion -Wno-enum-conversion -Wno-float-conversion -Wno-non-literal-null-conversion -Wno-objc-literal-conversion -Wshorten-64-to-32 -Wpointer-sign -Wno-newline-eof -Wno-selector -Wno-strict-selector-match -Wno-undeclared-selector -Wno-deprecated-implementations -Wno-implicit-fallthrough -isysroot /Applications/Xcode.app/Contents/Developer/Platforms/MacOSX.platform/Developer/SDKs/MacOSX27.0.sdk -fstrict-aliasing -Wprotocol -Wdeprecated-declarations -Wno-sign-conversion -Wno-infinite-recursion -Wno-comma -Wno-block-capture-autoreleasing -Wno-strict-prototypes -Wno-semicolon-before-method-body -index-store-path /Users/buddhirajgautam/Library/Developer/Xcode/DerivedData/Telegram-Mac-fygdgghdgmuleoelvxabfmqiotta/Index.noindex/DataStore @/Users/buddhirajgautam/Library/Developer/Xcode/DerivedData/Telegram-Mac-fygdgghdgmuleoelvxabfmqiotta/Build/Intermediates.noindex/Firebase.build/Debug/FirebaseCrashlytics-t.build/Objects-normal/arm64/e6072d4f65d7061329687fe24e3d63a7-common-args.resp -MMD -MT dependencies -MF /Users/buddhirajgautam/Library/Developer/Xcode/DerivedData/Telegram-Mac-fygdgghdgmuleoelvxabfmqiotta/Build/Intermediates.noindex/Firebase.build/Debug/FirebaseCrashlytics-t.build/Objects-normal/arm64/FIRCLSSerializeSymbolicatedFramesOperation.d --serialize-diagnostics /Users/buddhirajgautam/Library/Developer/Xcode/DerivedData/Telegram-Mac-fygdgghdgmuleoelvxabfmqiotta/Build/Intermediates.noindex/Firebase.build/Debug/FirebaseCrashlytics-t.build/Objects-normal/arm64/FIRCLSSerializeSymbolicatedFramesOperation.dia -c /Users/buddhirajgautam/Library/Developer/Xcode/DerivedData/Telegram-Mac-fygdgghdgmuleoelvxabfmqiotta/SourcePackages/checkouts/firebase-ios-sdk/Crashlytics/Crashlytics/Operations/Symbolication/FIRCLSSerializeSymbolicatedFramesOperation.m -o /Users/buddhirajgautam/Library/Developer/Xcode/DerivedData/Telegram-Mac-fygdgghdgmuleoelvxabfmqiotta/Build/Intermediates.noindex/Firebase.build/Debug/FirebaseCrashlytics-t.build/Objects-normal/arm64/FIRCLSSerializeSymbolicatedFramesOperation.o -index-unit-output-path /Firebase.build/Debug/FirebaseCrashlytics-t.build/Objects-normal/arm64/FIRCLSSerializeSymbolicatedFramesOperation.o

CompileC /Users/buddhirajgautam/Library/Developer/Xcode/DerivedData/Telegram-Mac-fygdgghdgmuleoelvxabfmqiotta/Build/Intermediates.noindex/Firebase.build/Debug/FirebaseCrashlytics-t.build/Objects-normal/arm64/FIRCLSRecordIdentity.o /Users/buddhirajgautam/Library/Developer/Xcode/DerivedData/Telegram-Mac-fygdgghdgmuleoelvxabfmqiotta/SourcePackages/checkouts/firebase-ios-sdk/Crashlytics/Crashlytics/Models/Record/FIRCLSRecordIdentity.m normal arm64 objective-c com.apple.compilers.llvm.clang.1_0.compiler (in target 'FirebaseCrashlytics' from project 'Firebase')
    cd /Users/buddhirajgautam/Documents/Cherrygram-Mac/macOS-Swift
    
    Using response file: /Users/buddhirajgautam/Library/Developer/Xcode/DerivedData/Telegram-Mac-fygdgghdgmuleoelvxabfmqiotta/Build/Intermediates.noindex/Firebase.build/Debug/FirebaseCrashlytics-t.build/Objects-normal/arm64/e6072d4f65d7061329687fe24e3d63a7-common-args.resp
    
    /Applications/Xcode.app/Contents/Developer/Toolchains/XcodeDefault.xctoolchain/usr/bin/clang -x objective-c -ivfsstatcache /Users/buddhirajgautam/Library/Developer/Xcode/DerivedData/SDKStatCaches.noindex/macosx27.0-26A425-e829b21a6f8c9b70876ba0858053c0447231f6df4def33e022ae2eb8f782df1a.sdkstatcache -target arm64-apple-macos12.0 -fmessage-length\=0 -fdiagnostics-show-note-include-stack -fmacro-backtrace-limit\=0 -fno-color-diagnostics -fmodules-prune-interval\=86400 -fmodules-prune-after\=345600 -fbuild-session-file\=/Users/buddhirajgautam/Library/Developer/Xcode/DerivedData/ModuleCache.noindex/Session.modulevalidation -fmodules-validate-once-per-build-session -Wnon-modular-include-in-framework-module -Werror\=non-modular-include-in-framework-module -Wno-trigraphs -Wno-missing-field-initializers -Wno-missing-prototypes -Wno-return-type -Wno-implicit-atomic-properties -Wno-objc-interface-ivars -Wno-arc-repeated-use-of-weak -Wno-missing-braces -Wparentheses -Wswitch -Wno-unused-function -Wno-unused-label -Wno-unused-parameter -Wno-unused-variable -Wunused-value -Wno-empty-body -Wno-uninitialized -Wno-unknown-pragmas -w -Wno-shadow -Wno-four-char-constants -Wno-conversion -Wno-constant-conversion -Wno-int-conversion -Wno-bool-conversion -Wno-enum-conversion -Wno-float-conversion -Wno-non-literal-null-conversion -Wno-objc-literal-conversion -Wshorten-64-to-32 -Wpointer-sign -Wno-newline-eof -Wno-selector -Wno-strict-selector-match -Wno-undeclared-selector -Wno-deprecated-implementations -Wno-implicit-fallthrough -isysroot /Applications/Xcode.app/Contents/Developer/Platforms/MacOSX.platform/Developer/SDKs/MacOSX27.0.sdk -fstrict-aliasing -Wprotocol -Wdeprecated-declarations -Wno-sign-conversion -Wno-infinite-recursion -Wno-comma -Wno-block-capture-autoreleasing -Wno-strict-prototypes -Wno-semicolon-before-method-body -index-store-path /Users/buddhirajgautam/Library/Developer/Xcode/DerivedData/Telegram-Mac-fygdgghdgmuleoelvxabfmqiotta/Index.noindex/DataStore @/Users/buddhirajgautam/Library/Developer/Xcode/DerivedData/Telegram-Mac-fygdgghdgmuleoelvxabfmqiotta/Build/Intermediates.noindex/Firebase.build/Debug/FirebaseCrashlytics-t.build/Objects-normal/arm64/e6072d4f65d7061329687fe24e3d63a7-common-args.resp -MMD -MT dependencies -MF /Users/buddhirajgautam/Library/Developer/Xcode/DerivedData/Telegram-Mac-fygdgghdgmuleoelvxabfmqiotta/Build/Intermediates.noindex/Firebase.build/Debug/FirebaseCrashlytics-t.build/Objects-normal/arm64/FIRCLSRecordIdentity.d --serialize-diagnostics /Users/buddhirajgautam/Library/Developer/Xcode/DerivedData/Telegram-Mac-fygdgghdgmuleoelvxabfmqiotta/Build/Intermediates.noindex/Firebase.build/Debug/FirebaseCrashlytics-t.build/Objects-normal/arm64/FIRCLSRecordIdentity.dia -c /Users/buddhirajgautam/Library/Developer/Xcode/DerivedData/Telegram-Mac-fygdgghdgmuleoelvxabfmqiotta/SourcePackages/checkouts/firebase-ios-sdk/Crashlytics/Crashlytics/Models/Record/FIRCLSRecordIdentity.m -o /Users/buddhirajgautam/Library/Developer/Xcode/DerivedData/Telegram-Mac-fygdgghdgmuleoelvxabfmqiotta/Build/Intermediates.noindex/Firebase.build/Debug/FirebaseCrashlytics-t.build/Objects-normal/arm64/FIRCLSRecordIdentity.o -index-unit-output-path /Firebase.build/Debug/FirebaseCrashlytics-t.build/Objects-normal/arm64/FIRCLSRecordIdentity.o

CompileC /Users/buddhirajgautam/Library/Developer/Xcode/DerivedData/Telegram-Mac-fygdgghdgmuleoelvxabfmqiotta/Build/Intermediates.noindex/Firebase.build/Debug/FirebaseCrashlytics-t.build/Objects-normal/arm64/FIRCLSRecordHost.o /Users/buddhirajgautam/Library/Developer/Xcode/DerivedData/Telegram-Mac-fygdgghdgmuleoelvxabfmqiotta/SourcePackages/checkouts/firebase-ios-sdk/Crashlytics/Crashlytics/Models/Record/FIRCLSRecordHost.m normal arm64 objective-c com.apple.compilers.llvm.clang.1_0.compiler (in target 'FirebaseCrashlytics' from project 'Firebase')
    cd /Users/buddhirajgautam/Documents/Cherrygram-Mac/macOS-Swift
    
    Using response file: /Users/buddhirajgautam/Library/Developer/Xcode/DerivedData/Telegram-Mac-fygdgghdgmuleoelvxabfmqiotta/Build/Intermediates.noindex/Firebase.build/Debug/FirebaseCrashlytics-t.build/Objects-normal/arm64/e6072d4f65d7061329687fe24e3d63a7-common-args.resp
    
    /Applications/Xcode.app/Contents/Developer/Toolchains/XcodeDefault.xctoolchain/usr/bin/clang -x objective-c -ivfsstatcache /Users/buddhirajgautam/Library/Developer/Xcode/DerivedData/SDKStatCaches.noindex/macosx27.0-26A425-e829b21a6f8c9b70876ba0858053c0447231f6df4def33e022ae2eb8f782df1a.sdkstatcache -target arm64-apple-macos12.0 -fmessage-length\=0 -fdiagnostics-show-note-include-stack -fmacro-backtrace-limit\=0 -fno-color-diagnostics -fmodules-prune-interval\=86400 -fmodules-prune-after\=345600 -fbuild-session-file\=/Users/buddhirajgautam/Library/Developer/Xcode/DerivedData/ModuleCache.noindex/Session.modulevalidation -fmodules-validate-once-per-build-session -Wnon-modular-include-in-framework-module -Werror\=non-modular-include-in-framework-module -Wno-trigraphs -Wno-missing-field-initializers -Wno-missing-prototypes -Wno-return-type -Wno-implicit-atomic-properties -Wno-objc-interface-ivars -Wno-arc-repeated-use-of-weak -Wno-missing-braces -Wparentheses -Wswitch -Wno-unused-function -Wno-unused-label -Wno-unused-parameter -Wno-unused-variable -Wunused-value -Wno-empty-body -Wno-uninitialized -Wno-unknown-pragmas -w -Wno-shadow -Wno-four-char-constants -Wno-conversion -Wno-constant-conversion -Wno-int-conversion -Wno-bool-conversion -Wno-enum-conversion -Wno-float-conversion -Wno-non-literal-null-conversion -Wno-objc-literal-conversion -Wshorten-64-to-32 -Wpointer-sign -Wno-newline-eof -Wno-selector -Wno-strict-selector-match -Wno-undeclared-selector -Wno-deprecated-implementations -Wno-implicit-fallthrough -isysroot /Applications/Xcode.app/Contents/Developer/Platforms/MacOSX.platform/Developer/SDKs/MacOSX27.0.sdk -fstrict-aliasing -Wprotocol -Wdeprecated-declarations -Wno-sign-conversion -Wno-infinite-recursion -Wno-comma -Wno-block-capture-autoreleasing -Wno-strict-prototypes -Wno-semicolon-before-method-body -index-store-path /Users/buddhirajgautam/Library/Developer/Xcode/DerivedData/Telegram-Mac-fygdgghdgmuleoelvxabfmqiotta/Index.noindex/DataStore @/Users/buddhirajgautam/Library/Developer/Xcode/DerivedData/Telegram-Mac-fygdgghdgmuleoelvxabfmqiotta/Build/Intermediates.noindex/Firebase.build/Debug/FirebaseCrashlytics-t.build/Objects-normal/arm64/e6072d4f65d7061329687fe24e3d63a7-common-args.resp -MMD -MT dependencies -MF /Users/buddhirajgautam/Library/Developer/Xcode/DerivedData/Telegram-Mac-fygdgghdgmuleoelvxabfmqiotta/Build/Intermediates.noindex/Firebase.build/Debug/FirebaseCrashlytics-t.build/Objects-normal/arm64/FIRCLSRecordHost.d --serialize-diagnostics /Users/buddhirajgautam/Library/Developer/Xcode/DerivedData/Telegram-Mac-fygdgghdgmuleoelvxabfmqiotta/Build/Intermediates.noindex/Firebase.build/Debug/FirebaseCrashlytics-t.build/Objects-normal/arm64/FIRCLSRecordHost.dia -c /Users/buddhirajgautam/Library/Developer/Xcode/DerivedData/Telegram-Mac-fygdgghdgmuleoelvxabfmqiotta/SourcePackages/checkouts/firebase-ios-sdk/Crashlytics/Crashlytics/Models/Record/FIRCLSRecordHost.m -o /Users/buddhirajgautam/Library/Developer/Xcode/DerivedData/Telegram-Mac-fygdgghdgmuleoelvxabfmqiotta/Build/Intermediates.noindex/Firebase.build/Debug/FirebaseCrashlytics-t.build/Objects-normal/arm64/FIRCLSRecordHost.o -index-unit-output-path /Firebase.build/Debug/FirebaseCrashlytics-t.build/Objects-normal/arm64/FIRCLSRecordHost.o

CompileC /Users/buddhirajgautam/Library/Developer/Xcode/DerivedData/Telegram-Mac-fygdgghdgmuleoelvxabfmqiotta/Build/Intermediates.noindex/Firebase.build/Debug/FirebaseCrashlytics-t.build/Objects-normal/arm64/FIRCLSRecordBase.o /Users/buddhirajgautam/Library/Developer/Xcode/DerivedData/Telegram-Mac-fygdgghdgmuleoelvxabfmqiotta/SourcePackages/checkouts/firebase-ios-sdk/Crashlytics/Crashlytics/Models/Record/FIRCLSRecordBase.m normal arm64 objective-c com.apple.compilers.llvm.clang.1_0.compiler (in target 'FirebaseCrashlytics' from project 'Firebase')
    cd /Users/buddhirajgautam/Documents/Cherrygram-Mac/macOS-Swift
    
    Using response file: /Users/buddhirajgautam/Library/Developer/Xcode/DerivedData/Telegram-Mac-fygdgghdgmuleoelvxabfmqiotta/Build/Intermediates.noindex/Firebase.build/Debug/FirebaseCrashlytics-t.build/Objects-normal/arm64/e6072d4f65d7061329687fe24e3d63a7-common-args.resp
    
    /Applications/Xcode.app/Contents/Developer/Toolchains/XcodeDefault.xctoolchain/usr/bin/clang -x objective-c -ivfsstatcache /Users/buddhirajgautam/Library/Developer/Xcode/DerivedData/SDKStatCaches.noindex/macosx27.0-26A425-e829b21a6f8c9b70876ba0858053c0447231f6df4def33e022ae2eb8f782df1a.sdkstatcache -target arm64-apple-macos12.0 -fmessage-length\=0 -fdiagnostics-show-note-include-stack -fmacro-backtrace-limit\=0 -fno-color-diagnostics -fmodules-prune-interval\=86400 -fmodules-prune-after\=345600 -fbuild-session-file\=/Users/buddhirajgautam/Library/Developer/Xcode/DerivedData/ModuleCache.noindex/Session.modulevalidation -fmodules-validate-once-per-build-session -Wnon-modular-include-in-framework-module -Werror\=non-modular-include-in-framework-module -Wno-trigraphs -Wno-missing-field-initializers -Wno-missing-prototypes -Wno-return-type -Wno-implicit-atomic-properties -Wno-objc-interface-ivars -Wno-arc-repeated-use-of-weak -Wno-missing-braces -Wparentheses -Wswitch -Wno-unused-function -Wno-unused-label -Wno-unused-parameter -Wno-unused-variable -Wunused-value -Wno-empty-body -Wno-uninitialized -Wno-unknown-pragmas -w -Wno-shadow -Wno-four-char-constants -Wno-conversion -Wno-constant-conversion -Wno-int-conversion -Wno-bool-conversion -Wno-enum-conversion -Wno-float-conversion -Wno-non-literal-null-conversion -Wno-objc-literal-conversion -Wshorten-64-to-32 -Wpointer-sign -Wno-newline-eof -Wno-selector -Wno-strict-selector-match -Wno-undeclared-selector -Wno-deprecated-implementations -Wno-implicit-fallthrough -isysroot /Applications/Xcode.app/Contents/Developer/Platforms/MacOSX.platform/Developer/SDKs/MacOSX27.0.sdk -fstrict-aliasing -Wprotocol -Wdeprecated-declarations -Wno-sign-conversion -Wno-infinite-recursion -Wno-comma -Wno-block-capture-autoreleasing -Wno-strict-prototypes -Wno-semicolon-before-method-body -index-store-path /Users/buddhirajgautam/Library/Developer/Xcode/DerivedData/Telegram-Mac-fygdgghdgmuleoelvxabfmqiotta/Index.noindex/DataStore @/Users/buddhirajgautam/Library/Developer/Xcode/DerivedData/Telegram-Mac-fygdgghdgmuleoelvxabfmqiotta/Build/Intermediates.noindex/Firebase.build/Debug/FirebaseCrashlytics-t.build/Objects-normal/arm64/e6072d4f65d7061329687fe24e3d63a7-common-args.resp -MMD -MT dependencies -MF /Users/buddhirajgautam/Library/Developer/Xcode/DerivedData/Telegram-Mac-fygdgghdgmuleoelvxabfmqiotta/Build/Intermediates.noindex/Firebase.build/Debug/FirebaseCrashlytics-t.build/Objects-normal/arm64/FIRCLSRecordBase.d --serialize-diagnostics /Users/buddhirajgautam/Library/Developer/Xcode/DerivedData/Telegram-Mac-fygdgghdgmuleoelvxabfmqiotta/Build/Intermediates.noindex/Firebase.build/Debug/FirebaseCrashlytics-t.build/Objects-normal/arm64/FIRCLSRecordBase.dia -c /Users/buddhirajgautam/Library/Developer/Xcode/DerivedData/Telegram-Mac-fygdgghdgmuleoelvxabfmqiotta/SourcePackages/checkouts/firebase-ios-sdk/Crashlytics/Crashlytics/Models/Record/FIRCLSRecordBase.m -o /Users/buddhirajgautam/Library/Developer/Xcode/DerivedData/Telegram-Mac-fygdgghdgmuleoelvxabfmqiotta/Build/Intermediates.noindex/Firebase.build/Debug/FirebaseCrashlytics-t.build/Objects-normal/arm64/FIRCLSRecordBase.o -index-unit-output-path /Firebase.build/Debug/FirebaseCrashlytics-t.build/Objects-normal/arm64/FIRCLSRecordBase.o

CompileC /Users/buddhirajgautam/Library/Developer/Xcode/DerivedData/Telegram-Mac-fygdgghdgmuleoelvxabfmqiotta/Build/Intermediates.noindex/Firebase.build/Debug/FirebaseCrashlytics-t.build/Objects-normal/arm64/FIRCLSRecordApplication.o /Users/buddhirajgautam/Library/Developer/Xcode/DerivedData/Telegram-Mac-fygdgghdgmuleoelvxabfmqiotta/SourcePackages/checkouts/firebase-ios-sdk/Crashlytics/Crashlytics/Models/Record/FIRCLSRecordApplication.m normal arm64 objective-c com.apple.compilers.llvm.clang.1_0.compiler (in target 'FirebaseCrashlytics' from project 'Firebase')
    cd /Users/buddhirajgautam/Documents/Cherrygram-Mac/macOS-Swift
    
    Using response file: /Users/buddhirajgautam/Library/Developer/Xcode/DerivedData/Telegram-Mac-fygdgghdgmuleoelvxabfmqiotta/Build/Intermediates.noindex/Firebase.build/Debug/FirebaseCrashlytics-t.build/Objects-normal/arm64/e6072d4f65d7061329687fe24e3d63a7-common-args.resp
    
    /Applications/Xcode.app/Contents/Developer/Toolchains/XcodeDefault.xctoolchain/usr/bin/clang -x objective-c -ivfsstatcache /Users/buddhirajgautam/Library/Developer/Xcode/DerivedData/SDKStatCaches.noindex/macosx27.0-26A425-e829b21a6f8c9b70876ba0858053c0447231f6df4def33e022ae2eb8f782df1a.sdkstatcache -target arm64-apple-macos12.0 -fmessage-length\=0 -fdiagnostics-show-note-include-stack -fmacro-backtrace-limit\=0 -fno-color-diagnostics -fmodules-prune-interval\=86400 -fmodules-prune-after\=345600 -fbuild-session-file\=/Users/buddhirajgautam/Library/Developer/Xcode/DerivedData/ModuleCache.noindex/Session.modulevalidation -fmodules-validate-once-per-build-session -Wnon-modular-include-in-framework-module -Werror\=non-modular-include-in-framework-module -Wno-trigraphs -Wno-missing-field-initializers -Wno-missing-prototypes -Wno-return-type -Wno-implicit-atomic-properties -Wno-objc-interface-ivars -Wno-arc-repeated-use-of-weak -Wno-missing-braces -Wparentheses -Wswitch -Wno-unused-function -Wno-unused-label -Wno-unused-parameter -Wno-unused-variable -Wunused-value -Wno-empty-body -Wno-uninitialized -Wno-unknown-pragmas -w -Wno-shadow -Wno-four-char-constants -Wno-conversion -Wno-constant-conversion -Wno-int-conversion -Wno-bool-conversion -Wno-enum-conversion -Wno-float-conversion -Wno-non-literal-null-conversion -Wno-objc-literal-conversion -Wshorten-64-to-32 -Wpointer-sign -Wno-newline-eof -Wno-selector -Wno-strict-selector-match -Wno-undeclared-selector -Wno-deprecated-implementations -Wno-implicit-fallthrough -isysroot /Applications/Xcode.app/Contents/Developer/Platforms/MacOSX.platform/Developer/SDKs/MacOSX27.0.sdk -fstrict-aliasing -Wprotocol -Wdeprecated-declarations -Wno-sign-conversion -Wno-infinite-recursion -Wno-comma -Wno-block-capture-autoreleasing -Wno-strict-prototypes -Wno-semicolon-before-method-body -index-store-path /Users/buddhirajgautam/Library/Developer/Xcode/DerivedData/Telegram-Mac-fygdgghdgmuleoelvxabfmqiotta/Index.noindex/DataStore @/Users/buddhirajgautam/Library/Developer/Xcode/DerivedData/Telegram-Mac-fygdgghdgmuleoelvxabfmqiotta/Build/Intermediates.noindex/Firebase.build/Debug/FirebaseCrashlytics-t.build/Objects-normal/arm64/e6072d4f65d7061329687fe24e3d63a7-common-args.resp -MMD -MT dependencies -MF /Users/buddhirajgautam/Library/Developer/Xcode/DerivedData/Telegram-Mac-fygdgghdgmuleoelvxabfmqiotta/Build/Intermediates.noindex/Firebase.build/Debug/FirebaseCrashlytics-t.build/Objects-normal/arm64/FIRCLSRecordApplication.d --serialize-diagnostics /Users/buddhirajgautam/Library/Developer/Xcode/DerivedData/Telegram-Mac-fygdgghdgmuleoelvxabfmqiotta/Build/Intermediates.noindex/Firebase.build/Debug/FirebaseCrashlytics-t.build/Objects-normal/arm64/FIRCLSRecordApplication.dia -c /Users/buddhirajgautam/Library/Developer/Xcode/DerivedData/Telegram-Mac-fygdgghdgmuleoelvxabfmqiotta/SourcePackages/checkouts/firebase-ios-sdk/Crashlytics/Crashlytics/Models/Record/FIRCLSRecordApplication.m -o /Users/buddhirajgautam/Library/Developer/Xcode/DerivedData/Telegram-Mac-fygdgghdgmuleoelvxabfmqiotta/Build/Intermediates.noindex/Firebase.build/Debug/FirebaseCrashlytics-t.build/Objects-normal/arm64/FIRCLSRecordApplication.o -index-unit-output-path /Firebase.build/Debug/FirebaseCrashlytics-t.build/Objects-normal/arm64/FIRCLSRecordApplication.o

SwiftDriverJobDiscovery normal arm64 Compiling EmojiUtils.swift (in target 'Emoji' from project 'Emoji')

CompileC /Users/buddhirajgautam/Library/Developer/Xcode/DerivedData/Telegram-Mac-fygdgghdgmuleoelvxabfmqiotta/Build/Intermediates.noindex/Firebase.build/Debug/FirebaseCrashlytics-t.build/Objects-normal/arm64/FIRCLSProcessReportOperation.o /Users/buddhirajgautam/Library/Developer/Xcode/DerivedData/Telegram-Mac-fygdgghdgmuleoelvxabfmqiotta/SourcePackages/checkouts/firebase-ios-sdk/Crashlytics/Crashlytics/Operations/Reports/FIRCLSProcessReportOperation.m normal arm64 objective-c com.apple.compilers.llvm.clang.1_0.compiler (in target 'FirebaseCrashlytics' from project 'Firebase')
    cd /Users/buddhirajgautam/Documents/Cherrygram-Mac/macOS-Swift
    
    Using response file: /Users/buddhirajgautam/Library/Developer/Xcode/DerivedData/Telegram-Mac-fygdgghdgmuleoelvxabfmqiotta/Build/Intermediates.noindex/Firebase.build/Debug/FirebaseCrashlytics-t.build/Objects-normal/arm64/e6072d4f65d7061329687fe24e3d63a7-common-args.resp
    
    /Applications/Xcode.app/Contents/Developer/Toolchains/XcodeDefault.xctoolchain/usr/bin/clang -x objective-c -ivfsstatcache /Users/buddhirajgautam/Library/Developer/Xcode/DerivedData/SDKStatCaches.noindex/macosx27.0-26A425-e829b21a6f8c9b70876ba0858053c0447231f6df4def33e022ae2eb8f782df1a.sdkstatcache -target arm64-apple-macos12.0 -fmessage-length\=0 -fdiagnostics-show-note-include-stack -fmacro-backtrace-limit\=0 -fno-color-diagnostics -fmodules-prune-interval\=86400 -fmodules-prune-after\=345600 -fbuild-session-file\=/Users/buddhirajgautam/Library/Developer/Xcode/DerivedData/ModuleCache.noindex/Session.modulevalidation -fmodules-validate-once-per-build-session -Wnon-modular-include-in-framework-module -Werror\=non-modular-include-in-framework-module -Wno-trigraphs -Wno-missing-field-initializers -Wno-missing-prototypes -Wno-return-type -Wno-implicit-atomic-properties -Wno-objc-interface-ivars -Wno-arc-repeated-use-of-weak -Wno-missing-braces -Wparentheses -Wswitch -Wno-unused-function -Wno-unused-label -Wno-unused-parameter -Wno-unused-variable -Wunused-value -Wno-empty-body -Wno-uninitialized -Wno-unknown-pragmas -w -Wno-shadow -Wno-four-char-constants -Wno-conversion -Wno-constant-conversion -Wno-int-conversion -Wno-bool-conversion -Wno-enum-conversion -Wno-float-conversion -Wno-non-literal-null-conversion -Wno-objc-literal-conversion -Wshorten-64-to-32 -Wpointer-sign -Wno-newline-eof -Wno-selector -Wno-strict-selector-match -Wno-undeclared-selector -Wno-deprecated-implementations -Wno-implicit-fallthrough -isysroot /Applications/Xcode.app/Contents/Developer/Platforms/MacOSX.platform/Developer/SDKs/MacOSX27.0.sdk -fstrict-aliasing -Wprotocol -Wdeprecated-declarations -Wno-sign-conversion -Wno-infinite-recursion -Wno-comma -Wno-block-capture-autoreleasing -Wno-strict-prototypes -Wno-semicolon-before-method-body -index-store-path /Users/buddhirajgautam/Library/Developer/Xcode/DerivedData/Telegram-Mac-fygdgghdgmuleoelvxabfmqiotta/Index.noindex/DataStore @/Users/buddhirajgautam/Library/Developer/Xcode/DerivedData/Telegram-Mac-fygdgghdgmuleoelvxabfmqiotta/Build/Intermediates.noindex/Firebase.build/Debug/FirebaseCrashlytics-t.build/Objects-normal/arm64/e6072d4f65d7061329687fe24e3d63a7-common-args.resp -MMD -MT dependencies -MF /Users/buddhirajgautam/Library/Developer/Xcode/DerivedData/Telegram-Mac-fygdgghdgmuleoelvxabfmqiotta/Build/Intermediates.noindex/Firebase.build/Debug/FirebaseCrashlytics-t.build/Objects-normal/arm64/FIRCLSProcessReportOperation.d --serialize-diagnostics /Users/buddhirajgautam/Library/Developer/Xcode/DerivedData/Telegram-Mac-fygdgghdgmuleoelvxabfmqiotta/Build/Intermediates.noindex/Firebase.build/Debug/FirebaseCrashlytics-t.build/Objects-normal/arm64/FIRCLSProcessReportOperation.dia -c /Users/buddhirajgautam/Library/Developer/Xcode/DerivedData/Telegram-Mac-fygdgghdgmuleoelvxabfmqiotta/SourcePackages/checkouts/firebase-ios-sdk/Crashlytics/Crashlytics/Operations/Reports/FIRCLSProcessReportOperation.m -o /Users/buddhirajgautam/Library/Developer/Xcode/DerivedData/Telegram-Mac-fygdgghdgmuleoelvxabfmqiotta/Build/Intermediates.noindex/Firebase.build/Debug/FirebaseCrashlytics-t.build/Objects-normal/arm64/FIRCLSProcessReportOperation.o -index-unit-output-path /Firebase.build/Debug/FirebaseCrashlytics-t.build/Objects-normal/arm64/FIRCLSProcessReportOperation.o

CompileC /Users/buddhirajgautam/Library/Developer/Xcode/DerivedData/Telegram-Mac-fygdgghdgmuleoelvxabfmqiotta/Build/Intermediates.noindex/Firebase.build/Debug/FirebaseCrashlytics-t.build/Objects-normal/arm64/FIRCLSNetworkResponseHandler.o /Users/buddhirajgautam/Library/Developer/Xcode/DerivedData/Telegram-Mac-fygdgghdgmuleoelvxabfmqiotta/SourcePackages/checkouts/firebase-ios-sdk/Crashlytics/Shared/FIRCLSNetworking/FIRCLSNetworkResponseHandler.m normal arm64 objective-c com.apple.compilers.llvm.clang.1_0.compiler (in target 'FirebaseCrashlytics' from project 'Firebase')
    cd /Users/buddhirajgautam/Documents/Cherrygram-Mac/macOS-Swift
    
    Using response file: /Users/buddhirajgautam/Library/Developer/Xcode/DerivedData/Telegram-Mac-fygdgghdgmuleoelvxabfmqiotta/Build/Intermediates.noindex/Firebase.build/Debug/FirebaseCrashlytics-t.build/Objects-normal/arm64/e6072d4f65d7061329687fe24e3d63a7-common-args.resp
    
    /Applications/Xcode.app/Contents/Developer/Toolchains/XcodeDefault.xctoolchain/usr/bin/clang -x objective-c -ivfsstatcache /Users/buddhirajgautam/Library/Developer/Xcode/DerivedData/SDKStatCaches.noindex/macosx27.0-26A425-e829b21a6f8c9b70876ba0858053c0447231f6df4def33e022ae2eb8f782df1a.sdkstatcache -target arm64-apple-macos12.0 -fmessage-length\=0 -fdiagnostics-show-note-include-stack -fmacro-backtrace-limit\=0 -fno-color-diagnostics -fmodules-prune-interval\=86400 -fmodules-prune-after\=345600 -fbuild-session-file\=/Users/buddhirajgautam/Library/Developer/Xcode/DerivedData/ModuleCache.noindex/Session.modulevalidation -fmodules-validate-once-per-build-session -Wnon-modular-include-in-framework-module -Werror\=non-modular-include-in-framework-module -Wno-trigraphs -Wno-missing-field-initializers -Wno-missing-prototypes -Wno-return-type -Wno-implicit-atomic-properties -Wno-objc-interface-ivars -Wno-arc-repeated-use-of-weak -Wno-missing-braces -Wparentheses -Wswitch -Wno-unused-function -Wno-unused-label -Wno-unused-parameter -Wno-unused-variable -Wunused-value -Wno-empty-body -Wno-uninitialized -Wno-unknown-pragmas -w -Wno-shadow -Wno-four-char-constants -Wno-conversion -Wno-constant-conversion -Wno-int-conversion -Wno-bool-conversion -Wno-enum-conversion -Wno-float-conversion -Wno-non-literal-null-conversion -Wno-objc-literal-conversion -Wshorten-64-to-32 -Wpointer-sign -Wno-newline-eof -Wno-selector -Wno-strict-selector-match -Wno-undeclared-selector -Wno-deprecated-implementations -Wno-implicit-fallthrough -isysroot /Applications/Xcode.app/Contents/Developer/Platforms/MacOSX.platform/Developer/SDKs/MacOSX27.0.sdk -fstrict-aliasing -Wprotocol -Wdeprecated-declarations -Wno-sign-conversion -Wno-infinite-recursion -Wno-comma -Wno-block-capture-autoreleasing -Wno-strict-prototypes -Wno-semicolon-before-method-body -index-store-path /Users/buddhirajgautam/Library/Developer/Xcode/DerivedData/Telegram-Mac-fygdgghdgmuleoelvxabfmqiotta/Index.noindex/DataStore @/Users/buddhirajgautam/Library/Developer/Xcode/DerivedData/Telegram-Mac-fygdgghdgmuleoelvxabfmqiotta/Build/Intermediates.noindex/Firebase.build/Debug/FirebaseCrashlytics-t.build/Objects-normal/arm64/e6072d4f65d7061329687fe24e3d63a7-common-args.resp -MMD -MT dependencies -MF /Users/buddhirajgautam/Library/Developer/Xcode/DerivedData/Telegram-Mac-fygdgghdgmuleoelvxabfmqiotta/Build/Intermediates.noindex/Firebase.build/Debug/FirebaseCrashlytics-t.build/Objects-normal/arm64/FIRCLSNetworkResponseHandler.d --serialize-diagnostics /Users/buddhirajgautam/Library/Developer/Xcode/DerivedData/Telegram-Mac-fygdgghdgmuleoelvxabfmqiotta/Build/Intermediates.noindex/Firebase.build/Debug/FirebaseCrashlytics-t.build/Objects-normal/arm64/FIRCLSNetworkResponseHandler.dia -c /Users/buddhirajgautam/Library/Developer/Xcode/DerivedData/Telegram-Mac-fygdgghdgmuleoelvxabfmqiotta/SourcePackages/checkouts/firebase-ios-sdk/Crashlytics/Shared/FIRCLSNetworking/FIRCLSNetworkResponseHandler.m -o /Users/buddhirajgautam/Library/Developer/Xcode/DerivedData/Telegram-Mac-fygdgghdgmuleoelvxabfmqiotta/Build/Intermediates.noindex/Firebase.build/Debug/FirebaseCrashlytics-t.build/Objects-normal/arm64/FIRCLSNetworkResponseHandler.o -index-unit-output-path /Firebase.build/Debug/FirebaseCrashlytics-t.build/Objects-normal/arm64/FIRCLSNetworkResponseHandler.o

CompileC /Users/buddhirajgautam/Library/Developer/Xcode/DerivedData/Telegram-Mac-fygdgghdgmuleoelvxabfmqiotta/Build/Intermediates.noindex/Firebase.build/Debug/FirebaseCrashlytics-t.build/Objects-normal/arm64/FIRCLSNetworkOperation.o /Users/buddhirajgautam/Library/Developer/Xcode/DerivedData/Telegram-Mac-fygdgghdgmuleoelvxabfmqiotta/SourcePackages/checkouts/firebase-ios-sdk/Crashlytics/Crashlytics/Settings/Operations/FIRCLSNetworkOperation.m normal arm64 objective-c com.apple.compilers.llvm.clang.1_0.compiler (in target 'FirebaseCrashlytics' from project 'Firebase')
    cd /Users/buddhirajgautam/Documents/Cherrygram-Mac/macOS-Swift
    
    Using response file: /Users/buddhirajgautam/Library/Developer/Xcode/DerivedData/Telegram-Mac-fygdgghdgmuleoelvxabfmqiotta/Build/Intermediates.noindex/Firebase.build/Debug/FirebaseCrashlytics-t.build/Objects-normal/arm64/e6072d4f65d7061329687fe24e3d63a7-common-args.resp
    
    /Applications/Xcode.app/Contents/Developer/Toolchains/XcodeDefault.xctoolchain/usr/bin/clang -x objective-c -ivfsstatcache /Users/buddhirajgautam/Library/Developer/Xcode/DerivedData/SDKStatCaches.noindex/macosx27.0-26A425-e829b21a6f8c9b70876ba0858053c0447231f6df4def33e022ae2eb8f782df1a.sdkstatcache -target arm64-apple-macos12.0 -fmessage-length\=0 -fdiagnostics-show-note-include-stack -fmacro-backtrace-limit\=0 -fno-color-diagnostics -fmodules-prune-interval\=86400 -fmodules-prune-after\=345600 -fbuild-session-file\=/Users/buddhirajgautam/Library/Developer/Xcode/DerivedData/ModuleCache.noindex/Session.modulevalidation -fmodules-validate-once-per-build-session -Wnon-modular-include-in-framework-module -Werror\=non-modular-include-in-framework-module -Wno-trigraphs -Wno-missing-field-initializers -Wno-missing-prototypes -Wno-return-type -Wno-implicit-atomic-properties -Wno-objc-interface-ivars -Wno-arc-repeated-use-of-weak -Wno-missing-braces -Wparentheses -Wswitch -Wno-unused-function -Wno-unused-label -Wno-unused-parameter -Wno-unused-variable -Wunused-value -Wno-empty-body -Wno-uninitialized -Wno-unknown-pragmas -w -Wno-shadow -Wno-four-char-constants -Wno-conversion -Wno-constant-conversion -Wno-int-conversion -Wno-bool-conversion -Wno-enum-conversion -Wno-float-conversion -Wno-non-literal-null-conversion -Wno-objc-literal-conversion -Wshorten-64-to-32 -Wpointer-sign -Wno-newline-eof -Wno-selector -Wno-strict-selector-match -Wno-undeclared-selector -Wno-deprecated-implementations -Wno-implicit-fallthrough -isysroot /Applications/Xcode.app/Contents/Developer/Platforms/MacOSX.platform/Developer/SDKs/MacOSX27.0.sdk -fstrict-aliasing -Wprotocol -Wdeprecated-declarations -Wno-sign-conversion -Wno-infinite-recursion -Wno-comma -Wno-block-capture-autoreleasing -Wno-strict-prototypes -Wno-semicolon-before-method-body -index-store-path /Users/buddhirajgautam/Library/Developer/Xcode/DerivedData/Telegram-Mac-fygdgghdgmuleoelvxabfmqiotta/Index.noindex/DataStore @/Users/buddhirajgautam/Library/Developer/Xcode/DerivedData/Telegram-Mac-fygdgghdgmuleoelvxabfmqiotta/Build/Intermediates.noindex/Firebase.build/Debug/FirebaseCrashlytics-t.build/Objects-normal/arm64/e6072d4f65d7061329687fe24e3d63a7-common-args.resp -MMD -MT dependencies -MF /Users/buddhirajgautam/Library/Developer/Xcode/DerivedData/Telegram-Mac-fygdgghdgmuleoelvxabfmqiotta/Build/Intermediates.noindex/Firebase.build/Debug/FirebaseCrashlytics-t.build/Objects-normal/arm64/FIRCLSNetworkOperation.d --serialize-diagnostics /Users/buddhirajgautam/Library/Developer/Xcode/DerivedData/Telegram-Mac-fygdgghdgmuleoelvxabfmqiotta/Build/Intermediates.noindex/Firebase.build/Debug/FirebaseCrashlytics-t.build/Objects-normal/arm64/FIRCLSNetworkOperation.dia -c /Users/buddhirajgautam/Library/Developer/Xcode/DerivedData/Telegram-Mac-fygdgghdgmuleoelvxabfmqiotta/SourcePackages/checkouts/firebase-ios-sdk/Crashlytics/Crashlytics/Settings/Operations/FIRCLSNetworkOperation.m -o /Users/buddhirajgautam/Library/Developer/Xcode/DerivedData/Telegram-Mac-fygdgghdgmuleoelvxabfmqiotta/Build/Intermediates.noindex/Firebase.build/Debug/FirebaseCrashlytics-t.build/Objects-normal/arm64/FIRCLSNetworkOperation.o -index-unit-output-path /Firebase.build/Debug/FirebaseCrashlytics-t.build/Objects-normal/arm64/FIRCLSNetworkOperation.o

CompileC /Users/buddhirajgautam/Library/Developer/Xcode/DerivedData/Telegram-Mac-fygdgghdgmuleoelvxabfmqiotta/Build/Intermediates.noindex/Firebase.build/Debug/FirebaseCrashlytics-t.build/Objects-normal/arm64/FIRCLSMultipartMimeStreamEncoder.o /Users/buddhirajgautam/Library/Developer/Xcode/DerivedData/Telegram-Mac-fygdgghdgmuleoelvxabfmqiotta/SourcePackages/checkouts/firebase-ios-sdk/Crashlytics/Shared/FIRCLSNetworking/FIRCLSMultipartMimeStreamEncoder.m normal arm64 objective-c com.apple.compilers.llvm.clang.1_0.compiler (in target 'FirebaseCrashlytics' from project 'Firebase')
    cd /Users/buddhirajgautam/Documents/Cherrygram-Mac/macOS-Swift
    
    Using response file: /Users/buddhirajgautam/Library/Developer/Xcode/DerivedData/Telegram-Mac-fygdgghdgmuleoelvxabfmqiotta/Build/Intermediates.noindex/Firebase.build/Debug/FirebaseCrashlytics-t.build/Objects-normal/arm64/e6072d4f65d7061329687fe24e3d63a7-common-args.resp
    
    /Applications/Xcode.app/Contents/Developer/Toolchains/XcodeDefault.xctoolchain/usr/bin/clang -x objective-c -ivfsstatcache /Users/buddhirajgautam/Library/Developer/Xcode/DerivedData/SDKStatCaches.noindex/macosx27.0-26A425-e829b21a6f8c9b70876ba0858053c0447231f6df4def33e022ae2eb8f782df1a.sdkstatcache -target arm64-apple-macos12.0 -fmessage-length\=0 -fdiagnostics-show-note-include-stack -fmacro-backtrace-limit\=0 -fno-color-diagnostics -fmodules-prune-interval\=86400 -fmodules-prune-after\=345600 -fbuild-session-file\=/Users/buddhirajgautam/Library/Developer/Xcode/DerivedData/ModuleCache.noindex/Session.modulevalidation -fmodules-validate-once-per-build-session -Wnon-modular-include-in-framework-module -Werror\=non-modular-include-in-framework-module -Wno-trigraphs -Wno-missing-field-initializers -Wno-missing-prototypes -Wno-return-type -Wno-implicit-atomic-properties -Wno-objc-interface-ivars -Wno-arc-repeated-use-of-weak -Wno-missing-braces -Wparentheses -Wswitch -Wno-unused-function -Wno-unused-label -Wno-unused-parameter -Wno-unused-variable -Wunused-value -Wno-empty-body -Wno-uninitialized -Wno-unknown-pragmas -w -Wno-shadow -Wno-four-char-constants -Wno-conversion -Wno-constant-conversion -Wno-int-conversion -Wno-bool-conversion -Wno-enum-conversion -Wno-float-conversion -Wno-non-literal-null-conversion -Wno-objc-literal-conversion -Wshorten-64-to-32 -Wpointer-sign -Wno-newline-eof -Wno-selector -Wno-strict-selector-match -Wno-undeclared-selector -Wno-deprecated-implementations -Wno-implicit-fallthrough -isysroot /Applications/Xcode.app/Contents/Developer/Platforms/MacOSX.platform/Developer/SDKs/MacOSX27.0.sdk -fstrict-aliasing -Wprotocol -Wdeprecated-declarations -Wno-sign-conversion -Wno-infinite-recursion -Wno-comma -Wno-block-capture-autoreleasing -Wno-strict-prototypes -Wno-semicolon-before-method-body -index-store-path /Users/buddhirajgautam/Library/Developer/Xcode/DerivedData/Telegram-Mac-fygdgghdgmuleoelvxabfmqiotta/Index.noindex/DataStore @/Users/buddhirajgautam/Library/Developer/Xcode/DerivedData/Telegram-Mac-fygdgghdgmuleoelvxabfmqiotta/Build/Intermediates.noindex/Firebase.build/Debug/FirebaseCrashlytics-t.build/Objects-normal/arm64/e6072d4f65d7061329687fe24e3d63a7-common-args.resp -MMD -MT dependencies -MF /Users/buddhirajgautam/Library/Developer/Xcode/DerivedData/Telegram-Mac-fygdgghdgmuleoelvxabfmqiotta/Build/Intermediates.noindex/Firebase.build/Debug/FirebaseCrashlytics-t.build/Objects-normal/arm64/FIRCLSMultipartMimeStreamEncoder.d --serialize-diagnostics /Users/buddhirajgautam/Library/Developer/Xcode/DerivedData/Telegram-Mac-fygdgghdgmuleoelvxabfmqiotta/Build/Intermediates.noindex/Firebase.build/Debug/FirebaseCrashlytics-t.build/Objects-normal/arm64/FIRCLSMultipartMimeStreamEncoder.dia -c /Users/buddhirajgautam/Library/Developer/Xcode/DerivedData/Telegram-Mac-fygdgghdgmuleoelvxabfmqiotta/SourcePackages/checkouts/firebase-ios-sdk/Crashlytics/Shared/FIRCLSNetworking/FIRCLSMultipartMimeStreamEncoder.m -o /Users/buddhirajgautam/Library/Developer/Xcode/DerivedData/Telegram-Mac-fygdgghdgmuleoelvxabfmqiotta/Build/Intermediates.noindex/Firebase.build/Debug/FirebaseCrashlytics-t.build/Objects-normal/arm64/FIRCLSMultipartMimeStreamEncoder.o -index-unit-output-path /Firebase.build/Debug/FirebaseCrashlytics-t.build/Objects-normal/arm64/FIRCLSMultipartMimeStreamEncoder.o

CompileC /Users/buddhirajgautam/Library/Developer/Xcode/DerivedData/Telegram-Mac-fygdgghdgmuleoelvxabfmqiotta/Build/Intermediates.noindex/Firebase.build/Debug/FirebaseCrashlytics-t.build/Objects-normal/arm64/FIRCLSMetricKitManager.o /Users/buddhirajgautam/Library/Developer/Xcode/DerivedData/Telegram-Mac-fygdgghdgmuleoelvxabfmqiotta/SourcePackages/checkouts/firebase-ios-sdk/Crashlytics/Crashlytics/Controllers/FIRCLSMetricKitManager.m normal arm64 objective-c com.apple.compilers.llvm.clang.1_0.compiler (in target 'FirebaseCrashlytics' from project 'Firebase')
    cd /Users/buddhirajgautam/Documents/Cherrygram-Mac/macOS-Swift
    
    Using response file: /Users/buddhirajgautam/Library/Developer/Xcode/DerivedData/Telegram-Mac-fygdgghdgmuleoelvxabfmqiotta/Build/Intermediates.noindex/Firebase.build/Debug/FirebaseCrashlytics-t.build/Objects-normal/arm64/e6072d4f65d7061329687fe24e3d63a7-common-args.resp
    
    /Applications/Xcode.app/Contents/Developer/Toolchains/XcodeDefault.xctoolchain/usr/bin/clang -x objective-c -ivfsstatcache /Users/buddhirajgautam/Library/Developer/Xcode/DerivedData/SDKStatCaches.noindex/macosx27.0-26A425-e829b21a6f8c9b70876ba0858053c0447231f6df4def33e022ae2eb8f782df1a.sdkstatcache -target arm64-apple-macos12.0 -fmessage-length\=0 -fdiagnostics-show-note-include-stack -fmacro-backtrace-limit\=0 -fno-color-diagnostics -fmodules-prune-interval\=86400 -fmodules-prune-after\=345600 -fbuild-session-file\=/Users/buddhirajgautam/Library/Developer/Xcode/DerivedData/ModuleCache.noindex/Session.modulevalidation -fmodules-validate-once-per-build-session -Wnon-modular-include-in-framework-module -Werror\=non-modular-include-in-framework-module -Wno-trigraphs -Wno-missing-field-initializers -Wno-missing-prototypes -Wno-return-type -Wno-implicit-atomic-properties -Wno-objc-interface-ivars -Wno-arc-repeated-use-of-weak -Wno-missing-braces -Wparentheses -Wswitch -Wno-unused-function -Wno-unused-label -Wno-unused-parameter -Wno-unused-variable -Wunused-value -Wno-empty-body -Wno-uninitialized -Wno-unknown-pragmas -w -Wno-shadow -Wno-four-char-constants -Wno-conversion -Wno-constant-conversion -Wno-int-conversion -Wno-bool-conversion -Wno-enum-conversion -Wno-float-conversion -Wno-non-literal-null-conversion -Wno-objc-literal-conversion -Wshorten-64-to-32 -Wpointer-sign -Wno-newline-eof -Wno-selector -Wno-strict-selector-match -Wno-undeclared-selector -Wno-deprecated-implementations -Wno-implicit-fallthrough -isysroot /Applications/Xcode.app/Contents/Developer/Platforms/MacOSX.platform/Developer/SDKs/MacOSX27.0.sdk -fstrict-aliasing -Wprotocol -Wdeprecated-declarations -Wno-sign-conversion -Wno-infinite-recursion -Wno-comma -Wno-block-capture-autoreleasing -Wno-strict-prototypes -Wno-semicolon-before-method-body -index-store-path /Users/buddhirajgautam/Library/Developer/Xcode/DerivedData/Telegram-Mac-fygdgghdgmuleoelvxabfmqiotta/Index.noindex/DataStore @/Users/buddhirajgautam/Library/Developer/Xcode/DerivedData/Telegram-Mac-fygdgghdgmuleoelvxabfmqiotta/Build/Intermediates.noindex/Firebase.build/Debug/FirebaseCrashlytics-t.build/Objects-normal/arm64/e6072d4f65d7061329687fe24e3d63a7-common-args.resp -MMD -MT dependencies -MF /Users/buddhirajgautam/Library/Developer/Xcode/DerivedData/Telegram-Mac-fygdgghdgmuleoelvxabfmqiotta/Build/Intermediates.noindex/Firebase.build/Debug/FirebaseCrashlytics-t.build/Objects-normal/arm64/FIRCLSMetricKitManager.d --serialize-diagnostics /Users/buddhirajgautam/Library/Developer/Xcode/DerivedData/Telegram-Mac-fygdgghdgmuleoelvxabfmqiotta/Build/Intermediates.noindex/Firebase.build/Debug/FirebaseCrashlytics-t.build/Objects-normal/arm64/FIRCLSMetricKitManager.dia -c /Users/buddhirajgautam/Library/Developer/Xcode/DerivedData/Telegram-Mac-fygdgghdgmuleoelvxabfmqiotta/SourcePackages/checkouts/firebase-ios-sdk/Crashlytics/Crashlytics/Controllers/FIRCLSMetricKitManager.m -o /Users/buddhirajgautam/Library/Developer/Xcode/DerivedData/Telegram-Mac-fygdgghdgmuleoelvxabfmqiotta/Build/Intermediates.noindex/Firebase.build/Debug/FirebaseCrashlytics-t.build/Objects-normal/arm64/FIRCLSMetricKitManager.o -index-unit-output-path /Firebase.build/Debug/FirebaseCrashlytics-t.build/Objects-normal/arm64/FIRCLSMetricKitManager.o

CompileC /Users/buddhirajgautam/Library/Developer/Xcode/DerivedData/Telegram-Mac-fygdgghdgmuleoelvxabfmqiotta/Build/Intermediates.noindex/Firebase.build/Debug/FirebaseCrashlytics-t.build/Objects-normal/arm64/FIRCLSMachOSlice.o /Users/buddhirajgautam/Library/Developer/Xcode/DerivedData/Telegram-Mac-fygdgghdgmuleoelvxabfmqiotta/SourcePackages/checkouts/firebase-ios-sdk/Crashlytics/Shared/FIRCLSMachO/FIRCLSMachOSlice.m normal arm64 objective-c com.apple.compilers.llvm.clang.1_0.compiler (in target 'FirebaseCrashlytics' from project 'Firebase')
    cd /Users/buddhirajgautam/Documents/Cherrygram-Mac/macOS-Swift
    
    Using response file: /Users/buddhirajgautam/Library/Developer/Xcode/DerivedData/Telegram-Mac-fygdgghdgmuleoelvxabfmqiotta/Build/Intermediates.noindex/Firebase.build/Debug/FirebaseCrashlytics-t.build/Objects-normal/arm64/e6072d4f65d7061329687fe24e3d63a7-common-args.resp
    
    /Applications/Xcode.app/Contents/Developer/Toolchains/XcodeDefault.xctoolchain/usr/bin/clang -x objective-c -ivfsstatcache /Users/buddhirajgautam/Library/Developer/Xcode/DerivedData/SDKStatCaches.noindex/macosx27.0-26A425-e829b21a6f8c9b70876ba0858053c0447231f6df4def33e022ae2eb8f782df1a.sdkstatcache -target arm64-apple-macos12.0 -fmessage-length\=0 -fdiagnostics-show-note-include-stack -fmacro-backtrace-limit\=0 -fno-color-diagnostics -fmodules-prune-interval\=86400 -fmodules-prune-after\=345600 -fbuild-session-file\=/Users/buddhirajgautam/Library/Developer/Xcode/DerivedData/ModuleCache.noindex/Session.modulevalidation -fmodules-validate-once-per-build-session -Wnon-modular-include-in-framework-module -Werror\=non-modular-include-in-framework-module -Wno-trigraphs -Wno-missing-field-initializers -Wno-missing-prototypes -Wno-return-type -Wno-implicit-atomic-properties -Wno-objc-interface-ivars -Wno-arc-repeated-use-of-weak -Wno-missing-braces -Wparentheses -Wswitch -Wno-unused-function -Wno-unused-label -Wno-unused-parameter -Wno-unused-variable -Wunused-value -Wno-empty-body -Wno-uninitialized -Wno-unknown-pragmas -w -Wno-shadow -Wno-four-char-constants -Wno-conversion -Wno-constant-conversion -Wno-int-conversion -Wno-bool-conversion -Wno-enum-conversion -Wno-float-conversion -Wno-non-literal-null-conversion -Wno-objc-literal-conversion -Wshorten-64-to-32 -Wpointer-sign -Wno-newline-eof -Wno-selector -Wno-strict-selector-match -Wno-undeclared-selector -Wno-deprecated-implementations -Wno-implicit-fallthrough -isysroot /Applications/Xcode.app/Contents/Developer/Platforms/MacOSX.platform/Developer/SDKs/MacOSX27.0.sdk -fstrict-aliasing -Wprotocol -Wdeprecated-declarations -Wno-sign-conversion -Wno-infinite-recursion -Wno-comma -Wno-block-capture-autoreleasing -Wno-strict-prototypes -Wno-semicolon-before-method-body -index-store-path /Users/buddhirajgautam/Library/Developer/Xcode/DerivedData/Telegram-Mac-fygdgghdgmuleoelvxabfmqiotta/Index.noindex/DataStore @/Users/buddhirajgautam/Library/Developer/Xcode/DerivedData/Telegram-Mac-fygdgghdgmuleoelvxabfmqiotta/Build/Intermediates.noindex/Firebase.build/Debug/FirebaseCrashlytics-t.build/Objects-normal/arm64/e6072d4f65d7061329687fe24e3d63a7-common-args.resp -MMD -MT dependencies -MF /Users/buddhirajgautam/Library/Developer/Xcode/DerivedData/Telegram-Mac-fygdgghdgmuleoelvxabfmqiotta/Build/Intermediates.noindex/Firebase.build/Debug/FirebaseCrashlytics-t.build/Objects-normal/arm64/FIRCLSMachOSlice.d --serialize-diagnostics /Users/buddhirajgautam/Library/Developer/Xcode/DerivedData/Telegram-Mac-fygdgghdgmuleoelvxabfmqiotta/Build/Intermediates.noindex/Firebase.build/Debug/FirebaseCrashlytics-t.build/Objects-normal/arm64/FIRCLSMachOSlice.dia -c /Users/buddhirajgautam/Library/Developer/Xcode/DerivedData/Telegram-Mac-fygdgghdgmuleoelvxabfmqiotta/SourcePackages/checkouts/firebase-ios-sdk/Crashlytics/Shared/FIRCLSMachO/FIRCLSMachOSlice.m -o /Users/buddhirajgautam/Library/Developer/Xcode/DerivedData/Telegram-Mac-fygdgghdgmuleoelvxabfmqiotta/Build/Intermediates.noindex/Firebase.build/Debug/FirebaseCrashlytics-t.build/Objects-normal/arm64/FIRCLSMachOSlice.o -index-unit-output-path /Firebase.build/Debug/FirebaseCrashlytics-t.build/Objects-normal/arm64/FIRCLSMachOSlice.o

CompileC /Users/buddhirajgautam/Library/Developer/Xcode/DerivedData/Telegram-Mac-fygdgghdgmuleoelvxabfmqiotta/Build/Intermediates.noindex/Firebase.build/Debug/FirebaseCrashlytics-t.build/Objects-normal/arm64/FIRCLSMachOBinary.o /Users/buddhirajgautam/Library/Developer/Xcode/DerivedData/Telegram-Mac-fygdgghdgmuleoelvxabfmqiotta/SourcePackages/checkouts/firebase-ios-sdk/Crashlytics/Shared/FIRCLSMachO/FIRCLSMachOBinary.m normal arm64 objective-c com.apple.compilers.llvm.clang.1_0.compiler (in target 'FirebaseCrashlytics' from project 'Firebase')
    cd /Users/buddhirajgautam/Documents/Cherrygram-Mac/macOS-Swift
    
    Using response file: /Users/buddhirajgautam/Library/Developer/Xcode/DerivedData/Telegram-Mac-fygdgghdgmuleoelvxabfmqiotta/Build/Intermediates.noindex/Firebase.build/Debug/FirebaseCrashlytics-t.build/Objects-normal/arm64/e6072d4f65d7061329687fe24e3d63a7-common-args.resp
    
    /Applications/Xcode.app/Contents/Developer/Toolchains/XcodeDefault.xctoolchain/usr/bin/clang -x objective-c -ivfsstatcache /Users/buddhirajgautam/Library/Developer/Xcode/DerivedData/SDKStatCaches.noindex/macosx27.0-26A425-e829b21a6f8c9b70876ba0858053c0447231f6df4def33e022ae2eb8f782df1a.sdkstatcache -target arm64-apple-macos12.0 -fmessage-length\=0 -fdiagnostics-show-note-include-stack -fmacro-backtrace-limit\=0 -fno-color-diagnostics -fmodules-prune-interval\=86400 -fmodules-prune-after\=345600 -fbuild-session-file\=/Users/buddhirajgautam/Library/Developer/Xcode/DerivedData/ModuleCache.noindex/Session.modulevalidation -fmodules-validate-once-per-build-session -Wnon-modular-include-in-framework-module -Werror\=non-modular-include-in-framework-module -Wno-trigraphs -Wno-missing-field-initializers -Wno-missing-prototypes -Wno-return-type -Wno-implicit-atomic-properties -Wno-objc-interface-ivars -Wno-arc-repeated-use-of-weak -Wno-missing-braces -Wparentheses -Wswitch -Wno-unused-function -Wno-unused-label -Wno-unused-parameter -Wno-unused-variable -Wunused-value -Wno-empty-body -Wno-uninitialized -Wno-unknown-pragmas -w -Wno-shadow -Wno-four-char-constants -Wno-conversion -Wno-constant-conversion -Wno-int-conversion -Wno-bool-conversion -Wno-enum-conversion -Wno-float-conversion -Wno-non-literal-null-conversion -Wno-objc-literal-conversion -Wshorten-64-to-32 -Wpointer-sign -Wno-newline-eof -Wno-selector -Wno-strict-selector-match -Wno-undeclared-selector -Wno-deprecated-implementations -Wno-implicit-fallthrough -isysroot /Applications/Xcode.app/Contents/Developer/Platforms/MacOSX.platform/Developer/SDKs/MacOSX27.0.sdk -fstrict-aliasing -Wprotocol -Wdeprecated-declarations -Wno-sign-conversion -Wno-infinite-recursion -Wno-comma -Wno-block-capture-autoreleasing -Wno-strict-prototypes -Wno-semicolon-before-method-body -index-store-path /Users/buddhirajgautam/Library/Developer/Xcode/DerivedData/Telegram-Mac-fygdgghdgmuleoelvxabfmqiotta/Index.noindex/DataStore @/Users/buddhirajgautam/Library/Developer/Xcode/DerivedData/Telegram-Mac-fygdgghdgmuleoelvxabfmqiotta/Build/Intermediates.noindex/Firebase.build/Debug/FirebaseCrashlytics-t.build/Objects-normal/arm64/e6072d4f65d7061329687fe24e3d63a7-common-args.resp -MMD -MT dependencies -MF /Users/buddhirajgautam/Library/Developer/Xcode/DerivedData/Telegram-Mac-fygdgghdgmuleoelvxabfmqiotta/Build/Intermediates.noindex/Firebase.build/Debug/FirebaseCrashlytics-t.build/Objects-normal/arm64/FIRCLSMachOBinary.d --serialize-diagnostics /Users/buddhirajgautam/Library/Developer/Xcode/DerivedData/Telegram-Mac-fygdgghdgmuleoelvxabfmqiotta/Build/Intermediates.noindex/Firebase.build/Debug/FirebaseCrashlytics-t.build/Objects-normal/arm64/FIRCLSMachOBinary.dia -c /Users/buddhirajgautam/Library/Developer/Xcode/DerivedData/Telegram-Mac-fygdgghdgmuleoelvxabfmqiotta/SourcePackages/checkouts/firebase-ios-sdk/Crashlytics/Shared/FIRCLSMachO/FIRCLSMachOBinary.m -o /Users/buddhirajgautam/Library/Developer/Xcode/DerivedData/Telegram-Mac-fygdgghdgmuleoelvxabfmqiotta/Build/Intermediates.noindex/Firebase.build/Debug/FirebaseCrashlytics-t.build/Objects-normal/arm64/FIRCLSMachOBinary.o -index-unit-output-path /Firebase.build/Debug/FirebaseCrashlytics-t.build/Objects-normal/arm64/FIRCLSMachOBinary.o

CompileC /Users/buddhirajgautam/Library/Developer/Xcode/DerivedData/Telegram-Mac-fygdgghdgmuleoelvxabfmqiotta/Build/Intermediates.noindex/Firebase.build/Debug/FirebaseCrashlytics-t.build/Objects-normal/arm64/FIRCLSMachO.o /Users/buddhirajgautam/Library/Developer/Xcode/DerivedData/Telegram-Mac-fygdgghdgmuleoelvxabfmqiotta/SourcePackages/checkouts/firebase-ios-sdk/Crashlytics/Shared/FIRCLSMachO/FIRCLSMachO.m normal arm64 objective-c com.apple.compilers.llvm.clang.1_0.compiler (in target 'FirebaseCrashlytics' from project 'Firebase')
    cd /Users/buddhirajgautam/Documents/Cherrygram-Mac/macOS-Swift
    
    Using response file: /Users/buddhirajgautam/Library/Developer/Xcode/DerivedData/Telegram-Mac-fygdgghdgmuleoelvxabfmqiotta/Build/Intermediates.noindex/Firebase.build/Debug/FirebaseCrashlytics-t.build/Objects-normal/arm64/e6072d4f65d7061329687fe24e3d63a7-common-args.resp
    
    /Applications/Xcode.app/Contents/Developer/Toolchains/XcodeDefault.xctoolchain/usr/bin/clang -x objective-c -ivfsstatcache /Users/buddhirajgautam/Library/Developer/Xcode/DerivedData/SDKStatCaches.noindex/macosx27.0-26A425-e829b21a6f8c9b70876ba0858053c0447231f6df4def33e022ae2eb8f782df1a.sdkstatcache -target arm64-apple-macos12.0 -fmessage-length\=0 -fdiagnostics-show-note-include-stack -fmacro-backtrace-limit\=0 -fno-color-diagnostics -fmodules-prune-interval\=86400 -fmodules-prune-after\=345600 -fbuild-session-file\=/Users/buddhirajgautam/Library/Developer/Xcode/DerivedData/ModuleCache.noindex/Session.modulevalidation -fmodules-validate-once-per-build-session -Wnon-modular-include-in-framework-module -Werror\=non-modular-include-in-framework-module -Wno-trigraphs -Wno-missing-field-initializers -Wno-missing-prototypes -Wno-return-type -Wno-implicit-atomic-properties -Wno-objc-interface-ivars -Wno-arc-repeated-use-of-weak -Wno-missing-braces -Wparentheses -Wswitch -Wno-unused-function -Wno-unused-label -Wno-unused-parameter -Wno-unused-variable -Wunused-value -Wno-empty-body -Wno-uninitialized -Wno-unknown-pragmas -w -Wno-shadow -Wno-four-char-constants -Wno-conversion -Wno-constant-conversion -Wno-int-conversion -Wno-bool-conversion -Wno-enum-conversion -Wno-float-conversion -Wno-non-literal-null-conversion -Wno-objc-literal-conversion -Wshorten-64-to-32 -Wpointer-sign -Wno-newline-eof -Wno-selector -Wno-strict-selector-match -Wno-undeclared-selector -Wno-deprecated-implementations -Wno-implicit-fallthrough -isysroot /Applications/Xcode.app/Contents/Developer/Platforms/MacOSX.platform/Developer/SDKs/MacOSX27.0.sdk -fstrict-aliasing -Wprotocol -Wdeprecated-declarations -Wno-sign-conversion -Wno-infinite-recursion -Wno-comma -Wno-block-capture-autoreleasing -Wno-strict-prototypes -Wno-semicolon-before-method-body -index-store-path /Users/buddhirajgautam/Library/Developer/Xcode/DerivedData/Telegram-Mac-fygdgghdgmuleoelvxabfmqiotta/Index.noindex/DataStore @/Users/buddhirajgautam/Library/Developer/Xcode/DerivedData/Telegram-Mac-fygdgghdgmuleoelvxabfmqiotta/Build/Intermediates.noindex/Firebase.build/Debug/FirebaseCrashlytics-t.build/Objects-normal/arm64/e6072d4f65d7061329687fe24e3d63a7-common-args.resp -MMD -MT dependencies -MF /Users/buddhirajgautam/Library/Developer/Xcode/DerivedData/Telegram-Mac-fygdgghdgmuleoelvxabfmqiotta/Build/Intermediates.noindex/Firebase.build/Debug/FirebaseCrashlytics-t.build/Objects-normal/arm64/FIRCLSMachO.d --serialize-diagnostics /Users/buddhirajgautam/Library/Developer/Xcode/DerivedData/Telegram-Mac-fygdgghdgmuleoelvxabfmqiotta/Build/Intermediates.noindex/Firebase.build/Debug/FirebaseCrashlytics-t.build/Objects-normal/arm64/FIRCLSMachO.dia -c /Users/buddhirajgautam/Library/Developer/Xcode/DerivedData/Telegram-Mac-fygdgghdgmuleoelvxabfmqiotta/SourcePackages/checkouts/firebase-ios-sdk/Crashlytics/Shared/FIRCLSMachO/FIRCLSMachO.m -o /Users/buddhirajgautam/Library/Developer/Xcode/DerivedData/Telegram-Mac-fygdgghdgmuleoelvxabfmqiotta/Build/Intermediates.noindex/Firebase.build/Debug/FirebaseCrashlytics-t.build/Objects-normal/arm64/FIRCLSMachO.o -index-unit-output-path /Firebase.build/Debug/FirebaseCrashlytics-t.build/Objects-normal/arm64/FIRCLSMachO.o

CompileC /Users/buddhirajgautam/Library/Developer/Xcode/DerivedData/Telegram-Mac-fygdgghdgmuleoelvxabfmqiotta/Build/Intermediates.noindex/Firebase.build/Debug/FirebaseCrashlytics-t.build/Objects-normal/arm64/FIRCLSLaunchMarkerModel.o /Users/buddhirajgautam/Library/Developer/Xcode/DerivedData/Telegram-Mac-fygdgghdgmuleoelvxabfmqiotta/SourcePackages/checkouts/firebase-ios-sdk/Crashlytics/Crashlytics/Models/FIRCLSLaunchMarkerModel.m normal arm64 objective-c com.apple.compilers.llvm.clang.1_0.compiler (in target 'FirebaseCrashlytics' from project 'Firebase')
    cd /Users/buddhirajgautam/Documents/Cherrygram-Mac/macOS-Swift
    
    Using response file: /Users/buddhirajgautam/Library/Developer/Xcode/DerivedData/Telegram-Mac-fygdgghdgmuleoelvxabfmqiotta/Build/Intermediates.noindex/Firebase.build/Debug/FirebaseCrashlytics-t.build/Objects-normal/arm64/e6072d4f65d7061329687fe24e3d63a7-common-args.resp
    
    /Applications/Xcode.app/Contents/Developer/Toolchains/XcodeDefault.xctoolchain/usr/bin/clang -x objective-c -ivfsstatcache /Users/buddhirajgautam/Library/Developer/Xcode/DerivedData/SDKStatCaches.noindex/macosx27.0-26A425-e829b21a6f8c9b70876ba0858053c0447231f6df4def33e022ae2eb8f782df1a.sdkstatcache -target arm64-apple-macos12.0 -fmessage-length\=0 -fdiagnostics-show-note-include-stack -fmacro-backtrace-limit\=0 -fno-color-diagnostics -fmodules-prune-interval\=86400 -fmodules-prune-after\=345600 -fbuild-session-file\=/Users/buddhirajgautam/Library/Developer/Xcode/DerivedData/ModuleCache.noindex/Session.modulevalidation -fmodules-validate-once-per-build-session -Wnon-modular-include-in-framework-module -Werror\=non-modular-include-in-framework-module -Wno-trigraphs -Wno-missing-field-initializers -Wno-missing-prototypes -Wno-return-type -Wno-implicit-atomic-properties -Wno-objc-interface-ivars -Wno-arc-repeated-use-of-weak -Wno-missing-braces -Wparentheses -Wswitch -Wno-unused-function -Wno-unused-label -Wno-unused-parameter -Wno-unused-variable -Wunused-value -Wno-empty-body -Wno-uninitialized -Wno-unknown-pragmas -w -Wno-shadow -Wno-four-char-constants -Wno-conversion -Wno-constant-conversion -Wno-int-conversion -Wno-bool-conversion -Wno-enum-conversion -Wno-float-conversion -Wno-non-literal-null-conversion -Wno-objc-literal-conversion -Wshorten-64-to-32 -Wpointer-sign -Wno-newline-eof -Wno-selector -Wno-strict-selector-match -Wno-undeclared-selector -Wno-deprecated-implementations -Wno-implicit-fallthrough -isysroot /Applications/Xcode.app/Contents/Developer/Platforms/MacOSX.platform/Developer/SDKs/MacOSX27.0.sdk -fstrict-aliasing -Wprotocol -Wdeprecated-declarations -Wno-sign-conversion -Wno-infinite-recursion -Wno-comma -Wno-block-capture-autoreleasing -Wno-strict-prototypes -Wno-semicolon-before-method-body -index-store-path /Users/buddhirajgautam/Library/Developer/Xcode/DerivedData/Telegram-Mac-fygdgghdgmuleoelvxabfmqiotta/Index.noindex/DataStore @/Users/buddhirajgautam/Library/Developer/Xcode/DerivedData/Telegram-Mac-fygdgghdgmuleoelvxabfmqiotta/Build/Intermediates.noindex/Firebase.build/Debug/FirebaseCrashlytics-t.build/Objects-normal/arm64/e6072d4f65d7061329687fe24e3d63a7-common-args.resp -MMD -MT dependencies -MF /Users/buddhirajgautam/Library/Developer/Xcode/DerivedData/Telegram-Mac-fygdgghdgmuleoelvxabfmqiotta/Build/Intermediates.noindex/Firebase.build/Debug/FirebaseCrashlytics-t.build/Objects-normal/arm64/FIRCLSLaunchMarkerModel.d --serialize-diagnostics /Users/buddhirajgautam/Library/Developer/Xcode/DerivedData/Telegram-Mac-fygdgghdgmuleoelvxabfmqiotta/Build/Intermediates.noindex/Firebase.build/Debug/FirebaseCrashlytics-t.build/Objects-normal/arm64/FIRCLSLaunchMarkerModel.dia -c /Users/buddhirajgautam/Library/Developer/Xcode/DerivedData/Telegram-Mac-fygdgghdgmuleoelvxabfmqiotta/SourcePackages/checkouts/firebase-ios-sdk/Crashlytics/Crashlytics/Models/FIRCLSLaunchMarkerModel.m -o /Users/buddhirajgautam/Library/Developer/Xcode/DerivedData/Telegram-Mac-fygdgghdgmuleoelvxabfmqiotta/Build/Intermediates.noindex/Firebase.build/Debug/FirebaseCrashlytics-t.build/Objects-normal/arm64/FIRCLSLaunchMarkerModel.o -index-unit-output-path /Firebase.build/Debug/FirebaseCrashlytics-t.build/Objects-normal/arm64/FIRCLSLaunchMarkerModel.o

CompileC /Users/buddhirajgautam/Library/Developer/Xcode/DerivedData/Telegram-Mac-fygdgghdgmuleoelvxabfmqiotta/Build/Intermediates.noindex/Firebase.build/Debug/FirebaseCrashlytics-t.build/Objects-normal/arm64/FIRCLSInternalReport.o /Users/buddhirajgautam/Library/Developer/Xcode/DerivedData/Telegram-Mac-fygdgghdgmuleoelvxabfmqiotta/SourcePackages/checkouts/firebase-ios-sdk/Crashlytics/Crashlytics/Models/FIRCLSInternalReport.m normal arm64 objective-c com.apple.compilers.llvm.clang.1_0.compiler (in target 'FirebaseCrashlytics' from project 'Firebase')
    cd /Users/buddhirajgautam/Documents/Cherrygram-Mac/macOS-Swift
    
    Using response file: /Users/buddhirajgautam/Library/Developer/Xcode/DerivedData/Telegram-Mac-fygdgghdgmuleoelvxabfmqiotta/Build/Intermediates.noindex/Firebase.build/Debug/FirebaseCrashlytics-t.build/Objects-normal/arm64/e6072d4f65d7061329687fe24e3d63a7-common-args.resp
    
    /Applications/Xcode.app/Contents/Developer/Toolchains/XcodeDefault.xctoolchain/usr/bin/clang -x objective-c -ivfsstatcache /Users/buddhirajgautam/Library/Developer/Xcode/DerivedData/SDKStatCaches.noindex/macosx27.0-26A425-e829b21a6f8c9b70876ba0858053c0447231f6df4def33e022ae2eb8f782df1a.sdkstatcache -target arm64-apple-macos12.0 -fmessage-length\=0 -fdiagnostics-show-note-include-stack -fmacro-backtrace-limit\=0 -fno-color-diagnostics -fmodules-prune-interval\=86400 -fmodules-prune-after\=345600 -fbuild-session-file\=/Users/buddhirajgautam/Library/Developer/Xcode/DerivedData/ModuleCache.noindex/Session.modulevalidation -fmodules-validate-once-per-build-session -Wnon-modular-include-in-framework-module -Werror\=non-modular-include-in-framework-module -Wno-trigraphs -Wno-missing-field-initializers -Wno-missing-prototypes -Wno-return-type -Wno-implicit-atomic-properties -Wno-objc-interface-ivars -Wno-arc-repeated-use-of-weak -Wno-missing-braces -Wparentheses -Wswitch -Wno-unused-function -Wno-unused-label -Wno-unused-parameter -Wno-unused-variable -Wunused-value -Wno-empty-body -Wno-uninitialized -Wno-unknown-pragmas -w -Wno-shadow -Wno-four-char-constants -Wno-conversion -Wno-constant-conversion -Wno-int-conversion -Wno-bool-conversion -Wno-enum-conversion -Wno-float-conversion -Wno-non-literal-null-conversion -Wno-objc-literal-conversion -Wshorten-64-to-32 -Wpointer-sign -Wno-newline-eof -Wno-selector -Wno-strict-selector-match -Wno-undeclared-selector -Wno-deprecated-implementations -Wno-implicit-fallthrough -isysroot /Applications/Xcode.app/Contents/Developer/Platforms/MacOSX.platform/Developer/SDKs/MacOSX27.0.sdk -fstrict-aliasing -Wprotocol -Wdeprecated-declarations -Wno-sign-conversion -Wno-infinite-recursion -Wno-comma -Wno-block-capture-autoreleasing -Wno-strict-prototypes -Wno-semicolon-before-method-body -index-store-path /Users/buddhirajgautam/Library/Developer/Xcode/DerivedData/Telegram-Mac-fygdgghdgmuleoelvxabfmqiotta/Index.noindex/DataStore @/Users/buddhirajgautam/Library/Developer/Xcode/DerivedData/Telegram-Mac-fygdgghdgmuleoelvxabfmqiotta/Build/Intermediates.noindex/Firebase.build/Debug/FirebaseCrashlytics-t.build/Objects-normal/arm64/e6072d4f65d7061329687fe24e3d63a7-common-args.resp -MMD -MT dependencies -MF /Users/buddhirajgautam/Library/Developer/Xcode/DerivedData/Telegram-Mac-fygdgghdgmuleoelvxabfmqiotta/Build/Intermediates.noindex/Firebase.build/Debug/FirebaseCrashlytics-t.build/Objects-normal/arm64/FIRCLSInternalReport.d --serialize-diagnostics /Users/buddhirajgautam/Library/Developer/Xcode/DerivedData/Telegram-Mac-fygdgghdgmuleoelvxabfmqiotta/Build/Intermediates.noindex/Firebase.build/Debug/FirebaseCrashlytics-t.build/Objects-normal/arm64/FIRCLSInternalReport.dia -c /Users/buddhirajgautam/Library/Developer/Xcode/DerivedData/Telegram-Mac-fygdgghdgmuleoelvxabfmqiotta/SourcePackages/checkouts/firebase-ios-sdk/Crashlytics/Crashlytics/Models/FIRCLSInternalReport.m -o /Users/buddhirajgautam/Library/Developer/Xcode/DerivedData/Telegram-Mac-fygdgghdgmuleoelvxabfmqiotta/Build/Intermediates.noindex/Firebase.build/Debug/FirebaseCrashlytics-t.build/Objects-normal/arm64/FIRCLSInternalReport.o -index-unit-output-path /Firebase.build/Debug/FirebaseCrashlytics-t.build/Objects-normal/arm64/FIRCLSInternalReport.o

CompileC /Users/buddhirajgautam/Library/Developer/Xcode/DerivedData/Telegram-Mac-fygdgghdgmuleoelvxabfmqiotta/Build/Intermediates.noindex/Firebase.build/Debug/FirebaseCrashlytics-t.build/Objects-normal/arm64/FIRCLSHandler.o /Users/buddhirajgautam/Library/Developer/Xcode/DerivedData/Telegram-Mac-fygdgghdgmuleoelvxabfmqiotta/SourcePackages/checkouts/firebase-ios-sdk/Crashlytics/Crashlytics/Handlers/FIRCLSHandler.m normal arm64 objective-c com.apple.compilers.llvm.clang.1_0.compiler (in target 'FirebaseCrashlytics' from project 'Firebase')
    cd /Users/buddhirajgautam/Documents/Cherrygram-Mac/macOS-Swift
    
    Using response file: /Users/buddhirajgautam/Library/Developer/Xcode/DerivedData/Telegram-Mac-fygdgghdgmuleoelvxabfmqiotta/Build/Intermediates.noindex/Firebase.build/Debug/FirebaseCrashlytics-t.build/Objects-normal/arm64/e6072d4f65d7061329687fe24e3d63a7-common-args.resp
    
    /Applications/Xcode.app/Contents/Developer/Toolchains/XcodeDefault.xctoolchain/usr/bin/clang -x objective-c -ivfsstatcache /Users/buddhirajgautam/Library/Developer/Xcode/DerivedData/SDKStatCaches.noindex/macosx27.0-26A425-e829b21a6f8c9b70876ba0858053c0447231f6df4def33e022ae2eb8f782df1a.sdkstatcache -target arm64-apple-macos12.0 -fmessage-length\=0 -fdiagnostics-show-note-include-stack -fmacro-backtrace-limit\=0 -fno-color-diagnostics -fmodules-prune-interval\=86400 -fmodules-prune-after\=345600 -fbuild-session-file\=/Users/buddhirajgautam/Library/Developer/Xcode/DerivedData/ModuleCache.noindex/Session.modulevalidation -fmodules-validate-once-per-build-session -Wnon-modular-include-in-framework-module -Werror\=non-modular-include-in-framework-module -Wno-trigraphs -Wno-missing-field-initializers -Wno-missing-prototypes -Wno-return-type -Wno-implicit-atomic-properties -Wno-objc-interface-ivars -Wno-arc-repeated-use-of-weak -Wno-missing-braces -Wparentheses -Wswitch -Wno-unused-function -Wno-unused-label -Wno-unused-parameter -Wno-unused-variable -Wunused-value -Wno-empty-body -Wno-uninitialized -Wno-unknown-pragmas -w -Wno-shadow -Wno-four-char-constants -Wno-conversion -Wno-constant-conversion -Wno-int-conversion -Wno-bool-conversion -Wno-enum-conversion -Wno-float-conversion -Wno-non-literal-null-conversion -Wno-objc-literal-conversion -Wshorten-64-to-32 -Wpointer-sign -Wno-newline-eof -Wno-selector -Wno-strict-selector-match -Wno-undeclared-selector -Wno-deprecated-implementations -Wno-implicit-fallthrough -isysroot /Applications/Xcode.app/Contents/Developer/Platforms/MacOSX.platform/Developer/SDKs/MacOSX27.0.sdk -fstrict-aliasing -Wprotocol -Wdeprecated-declarations -Wno-sign-conversion -Wno-infinite-recursion -Wno-comma -Wno-block-capture-autoreleasing -Wno-strict-prototypes -Wno-semicolon-before-method-body -index-store-path /Users/buddhirajgautam/Library/Developer/Xcode/DerivedData/Telegram-Mac-fygdgghdgmuleoelvxabfmqiotta/Index.noindex/DataStore @/Users/buddhirajgautam/Library/Developer/Xcode/DerivedData/Telegram-Mac-fygdgghdgmuleoelvxabfmqiotta/Build/Intermediates.noindex/Firebase.build/Debug/FirebaseCrashlytics-t.build/Objects-normal/arm64/e6072d4f65d7061329687fe24e3d63a7-common-args.resp -MMD -MT dependencies -MF /Users/buddhirajgautam/Library/Developer/Xcode/DerivedData/Telegram-Mac-fygdgghdgmuleoelvxabfmqiotta/Build/Intermediates.noindex/Firebase.build/Debug/FirebaseCrashlytics-t.build/Objects-normal/arm64/FIRCLSHandler.d --serialize-diagnostics /Users/buddhirajgautam/Library/Developer/Xcode/DerivedData/Telegram-Mac-fygdgghdgmuleoelvxabfmqiotta/Build/Intermediates.noindex/Firebase.build/Debug/FirebaseCrashlytics-t.build/Objects-normal/arm64/FIRCLSHandler.dia -c /Users/buddhirajgautam/Library/Developer/Xcode/DerivedData/Telegram-Mac-fygdgghdgmuleoelvxabfmqiotta/SourcePackages/checkouts/firebase-ios-sdk/Crashlytics/Crashlytics/Handlers/FIRCLSHandler.m -o /Users/buddhirajgautam/Library/Developer/Xcode/DerivedData/Telegram-Mac-fygdgghdgmuleoelvxabfmqiotta/Build/Intermediates.noindex/Firebase.build/Debug/FirebaseCrashlytics-t.build/Objects-normal/arm64/FIRCLSHandler.o -index-unit-output-path /Firebase.build/Debug/FirebaseCrashlytics-t.build/Objects-normal/arm64/FIRCLSHandler.o

CompileC /Users/buddhirajgautam/Library/Developer/Xcode/DerivedData/Telegram-Mac-fygdgghdgmuleoelvxabfmqiotta/Build/Intermediates.noindex/Firebase.build/Debug/FirebaseCrashlytics-t.build/Objects-normal/arm64/FIRCLSFileManager.o /Users/buddhirajgautam/Library/Developer/Xcode/DerivedData/Telegram-Mac-fygdgghdgmuleoelvxabfmqiotta/SourcePackages/checkouts/firebase-ios-sdk/Crashlytics/Crashlytics/Models/FIRCLSFileManager.m normal arm64 objective-c com.apple.compilers.llvm.clang.1_0.compiler (in target 'FirebaseCrashlytics' from project 'Firebase')
    cd /Users/buddhirajgautam/Documents/Cherrygram-Mac/macOS-Swift
    
    Using response file: /Users/buddhirajgautam/Library/Developer/Xcode/DerivedData/Telegram-Mac-fygdgghdgmuleoelvxabfmqiotta/Build/Intermediates.noindex/Firebase.build/Debug/FirebaseCrashlytics-t.build/Objects-normal/arm64/e6072d4f65d7061329687fe24e3d63a7-common-args.resp
    
    /Applications/Xcode.app/Contents/Developer/Toolchains/XcodeDefault.xctoolchain/usr/bin/clang -x objective-c -ivfsstatcache /Users/buddhirajgautam/Library/Developer/Xcode/DerivedData/SDKStatCaches.noindex/macosx27.0-26A425-e829b21a6f8c9b70876ba0858053c0447231f6df4def33e022ae2eb8f782df1a.sdkstatcache -target arm64-apple-macos12.0 -fmessage-length\=0 -fdiagnostics-show-note-include-stack -fmacro-backtrace-limit\=0 -fno-color-diagnostics -fmodules-prune-interval\=86400 -fmodules-prune-after\=345600 -fbuild-session-file\=/Users/buddhirajgautam/Library/Developer/Xcode/DerivedData/ModuleCache.noindex/Session.modulevalidation -fmodules-validate-once-per-build-session -Wnon-modular-include-in-framework-module -Werror\=non-modular-include-in-framework-module -Wno-trigraphs -Wno-missing-field-initializers -Wno-missing-prototypes -Wno-return-type -Wno-implicit-atomic-properties -Wno-objc-interface-ivars -Wno-arc-repeated-use-of-weak -Wno-missing-braces -Wparentheses -Wswitch -Wno-unused-function -Wno-unused-label -Wno-unused-parameter -Wno-unused-variable -Wunused-value -Wno-empty-body -Wno-uninitialized -Wno-unknown-pragmas -w -Wno-shadow -Wno-four-char-constants -Wno-conversion -Wno-constant-conversion -Wno-int-conversion -Wno-bool-conversion -Wno-enum-conversion -Wno-float-conversion -Wno-non-literal-null-conversion -Wno-objc-literal-conversion -Wshorten-64-to-32 -Wpointer-sign -Wno-newline-eof -Wno-selector -Wno-strict-selector-match -Wno-undeclared-selector -Wno-deprecated-implementations -Wno-implicit-fallthrough -isysroot /Applications/Xcode.app/Contents/Developer/Platforms/MacOSX.platform/Developer/SDKs/MacOSX27.0.sdk -fstrict-aliasing -Wprotocol -Wdeprecated-declarations -Wno-sign-conversion -Wno-infinite-recursion -Wno-comma -Wno-block-capture-autoreleasing -Wno-strict-prototypes -Wno-semicolon-before-method-body -index-store-path /Users/buddhirajgautam/Library/Developer/Xcode/DerivedData/Telegram-Mac-fygdgghdgmuleoelvxabfmqiotta/Index.noindex/DataStore @/Users/buddhirajgautam/Library/Developer/Xcode/DerivedData/Telegram-Mac-fygdgghdgmuleoelvxabfmqiotta/Build/Intermediates.noindex/Firebase.build/Debug/FirebaseCrashlytics-t.build/Objects-normal/arm64/e6072d4f65d7061329687fe24e3d63a7-common-args.resp -MMD -MT dependencies -MF /Users/buddhirajgautam/Library/Developer/Xcode/DerivedData/Telegram-Mac-fygdgghdgmuleoelvxabfmqiotta/Build/Intermediates.noindex/Firebase.build/Debug/FirebaseCrashlytics-t.build/Objects-normal/arm64/FIRCLSFileManager.d --serialize-diagnostics /Users/buddhirajgautam/Library/Developer/Xcode/DerivedData/Telegram-Mac-fygdgghdgmuleoelvxabfmqiotta/Build/Intermediates.noindex/Firebase.build/Debug/FirebaseCrashlytics-t.build/Objects-normal/arm64/FIRCLSFileManager.dia -c /Users/buddhirajgautam/Library/Developer/Xcode/DerivedData/Telegram-Mac-fygdgghdgmuleoelvxabfmqiotta/SourcePackages/checkouts/firebase-ios-sdk/Crashlytics/Crashlytics/Models/FIRCLSFileManager.m -o /Users/buddhirajgautam/Library/Developer/Xcode/DerivedData/Telegram-Mac-fygdgghdgmuleoelvxabfmqiotta/Build/Intermediates.noindex/Firebase.build/Debug/FirebaseCrashlytics-t.build/Objects-normal/arm64/FIRCLSFileManager.o -index-unit-output-path /Firebase.build/Debug/FirebaseCrashlytics-t.build/Objects-normal/arm64/FIRCLSFileManager.o

CompileC /Users/buddhirajgautam/Library/Developer/Xcode/DerivedData/Telegram-Mac-fygdgghdgmuleoelvxabfmqiotta/Build/Intermediates.noindex/Firebase.build/Debug/FirebaseCrashlytics-t.build/Objects-normal/arm64/FIRCLSFile.o /Users/buddhirajgautam/Library/Developer/Xcode/DerivedData/Telegram-Mac-fygdgghdgmuleoelvxabfmqiotta/SourcePackages/checkouts/firebase-ios-sdk/Crashlytics/Crashlytics/Helpers/FIRCLSFile.m normal arm64 objective-c com.apple.compilers.llvm.clang.1_0.compiler (in target 'FirebaseCrashlytics' from project 'Firebase')
    cd /Users/buddhirajgautam/Documents/Cherrygram-Mac/macOS-Swift
    
    Using response file: /Users/buddhirajgautam/Library/Developer/Xcode/DerivedData/Telegram-Mac-fygdgghdgmuleoelvxabfmqiotta/Build/Intermediates.noindex/Firebase.build/Debug/FirebaseCrashlytics-t.build/Objects-normal/arm64/e6072d4f65d7061329687fe24e3d63a7-common-args.resp
    
    /Applications/Xcode.app/Contents/Developer/Toolchains/XcodeDefault.xctoolchain/usr/bin/clang -x objective-c -ivfsstatcache /Users/buddhirajgautam/Library/Developer/Xcode/DerivedData/SDKStatCaches.noindex/macosx27.0-26A425-e829b21a6f8c9b70876ba0858053c0447231f6df4def33e022ae2eb8f782df1a.sdkstatcache -target arm64-apple-macos12.0 -fmessage-length\=0 -fdiagnostics-show-note-include-stack -fmacro-backtrace-limit\=0 -fno-color-diagnostics -fmodules-prune-interval\=86400 -fmodules-prune-after\=345600 -fbuild-session-file\=/Users/buddhirajgautam/Library/Developer/Xcode/DerivedData/ModuleCache.noindex/Session.modulevalidation -fmodules-validate-once-per-build-session -Wnon-modular-include-in-framework-module -Werror\=non-modular-include-in-framework-module -Wno-trigraphs -Wno-missing-field-initializers -Wno-missing-prototypes -Wno-return-type -Wno-implicit-atomic-properties -Wno-objc-interface-ivars -Wno-arc-repeated-use-of-weak -Wno-missing-braces -Wparentheses -Wswitch -Wno-unused-function -Wno-unused-label -Wno-unused-parameter -Wno-unused-variable -Wunused-value -Wno-empty-body -Wno-uninitialized -Wno-unknown-pragmas -w -Wno-shadow -Wno-four-char-constants -Wno-conversion -Wno-constant-conversion -Wno-int-conversion -Wno-bool-conversion -Wno-enum-conversion -Wno-float-conversion -Wno-non-literal-null-conversion -Wno-objc-literal-conversion -Wshorten-64-to-32 -Wpointer-sign -Wno-newline-eof -Wno-selector -Wno-strict-selector-match -Wno-undeclared-selector -Wno-deprecated-implementations -Wno-implicit-fallthrough -isysroot /Applications/Xcode.app/Contents/Developer/Platforms/MacOSX.platform/Developer/SDKs/MacOSX27.0.sdk -fstrict-aliasing -Wprotocol -Wdeprecated-declarations -Wno-sign-conversion -Wno-infinite-recursion -Wno-comma -Wno-block-capture-autoreleasing -Wno-strict-prototypes -Wno-semicolon-before-method-body -index-store-path /Users/buddhirajgautam/Library/Developer/Xcode/DerivedData/Telegram-Mac-fygdgghdgmuleoelvxabfmqiotta/Index.noindex/DataStore @/Users/buddhirajgautam/Library/Developer/Xcode/DerivedData/Telegram-Mac-fygdgghdgmuleoelvxabfmqiotta/Build/Intermediates.noindex/Firebase.build/Debug/FirebaseCrashlytics-t.build/Objects-normal/arm64/e6072d4f65d7061329687fe24e3d63a7-common-args.resp -MMD -MT dependencies -MF /Users/buddhirajgautam/Library/Developer/Xcode/DerivedData/Telegram-Mac-fygdgghdgmuleoelvxabfmqiotta/Build/Intermediates.noindex/Firebase.build/Debug/FirebaseCrashlytics-t.build/Objects-normal/arm64/FIRCLSFile.d --serialize-diagnostics /Users/buddhirajgautam/Library/Developer/Xcode/DerivedData/Telegram-Mac-fygdgghdgmuleoelvxabfmqiotta/Build/Intermediates.noindex/Firebase.build/Debug/FirebaseCrashlytics-t.build/Objects-normal/arm64/FIRCLSFile.dia -c /Users/buddhirajgautam/Library/Developer/Xcode/DerivedData/Telegram-Mac-fygdgghdgmuleoelvxabfmqiotta/SourcePackages/checkouts/firebase-ios-sdk/Crashlytics/Crashlytics/Helpers/FIRCLSFile.m -o /Users/buddhirajgautam/Library/Developer/Xcode/DerivedData/Telegram-Mac-fygdgghdgmuleoelvxabfmqiotta/Build/Intermediates.noindex/Firebase.build/Debug/FirebaseCrashlytics-t.build/Objects-normal/arm64/FIRCLSFile.o -index-unit-output-path /Firebase.build/Debug/FirebaseCrashlytics-t.build/Objects-normal/arm64/FIRCLSFile.o

CompileC /Users/buddhirajgautam/Library/Developer/Xcode/DerivedData/Telegram-Mac-fygdgghdgmuleoelvxabfmqiotta/Build/Intermediates.noindex/Firebase.build/Debug/FirebaseCrashlytics-t.build/Objects-normal/arm64/FIRCLSFABNetworkClient.o /Users/buddhirajgautam/Library/Developer/Xcode/DerivedData/Telegram-Mac-fygdgghdgmuleoelvxabfmqiotta/SourcePackages/checkouts/firebase-ios-sdk/Crashlytics/Shared/FIRCLSNetworking/FIRCLSFABNetworkClient.m normal arm64 objective-c com.apple.compilers.llvm.clang.1_0.compiler (in target 'FirebaseCrashlytics' from project 'Firebase')
    cd /Users/buddhirajgautam/Documents/Cherrygram-Mac/macOS-Swift
    
    Using response file: /Users/buddhirajgautam/Library/Developer/Xcode/DerivedData/Telegram-Mac-fygdgghdgmuleoelvxabfmqiotta/Build/Intermediates.noindex/Firebase.build/Debug/FirebaseCrashlytics-t.build/Objects-normal/arm64/e6072d4f65d7061329687fe24e3d63a7-common-args.resp
    
    /Applications/Xcode.app/Contents/Developer/Toolchains/XcodeDefault.xctoolchain/usr/bin/clang -x objective-c -ivfsstatcache /Users/buddhirajgautam/Library/Developer/Xcode/DerivedData/SDKStatCaches.noindex/macosx27.0-26A425-e829b21a6f8c9b70876ba0858053c0447231f6df4def33e022ae2eb8f782df1a.sdkstatcache -target arm64-apple-macos12.0 -fmessage-length\=0 -fdiagnostics-show-note-include-stack -fmacro-backtrace-limit\=0 -fno-color-diagnostics -fmodules-prune-interval\=86400 -fmodules-prune-after\=345600 -fbuild-session-file\=/Users/buddhirajgautam/Library/Developer/Xcode/DerivedData/ModuleCache.noindex/Session.modulevalidation -fmodules-validate-once-per-build-session -Wnon-modular-include-in-framework-module -Werror\=non-modular-include-in-framework-module -Wno-trigraphs -Wno-missing-field-initializers -Wno-missing-prototypes -Wno-return-type -Wno-implicit-atomic-properties -Wno-objc-interface-ivars -Wno-arc-repeated-use-of-weak -Wno-missing-braces -Wparentheses -Wswitch -Wno-unused-function -Wno-unused-label -Wno-unused-parameter -Wno-unused-variable -Wunused-value -Wno-empty-body -Wno-uninitialized -Wno-unknown-pragmas -w -Wno-shadow -Wno-four-char-constants -Wno-conversion -Wno-constant-conversion -Wno-int-conversion -Wno-bool-conversion -Wno-enum-conversion -Wno-float-conversion -Wno-non-literal-null-conversion -Wno-objc-literal-conversion -Wshorten-64-to-32 -Wpointer-sign -Wno-newline-eof -Wno-selector -Wno-strict-selector-match -Wno-undeclared-selector -Wno-deprecated-implementations -Wno-implicit-fallthrough -isysroot /Applications/Xcode.app/Contents/Developer/Platforms/MacOSX.platform/Developer/SDKs/MacOSX27.0.sdk -fstrict-aliasing -Wprotocol -Wdeprecated-declarations -Wno-sign-conversion -Wno-infinite-recursion -Wno-comma -Wno-block-capture-autoreleasing -Wno-strict-prototypes -Wno-semicolon-before-method-body -index-store-path /Users/buddhirajgautam/Library/Developer/Xcode/DerivedData/Telegram-Mac-fygdgghdgmuleoelvxabfmqiotta/Index.noindex/DataStore @/Users/buddhirajgautam/Library/Developer/Xcode/DerivedData/Telegram-Mac-fygdgghdgmuleoelvxabfmqiotta/Build/Intermediates.noindex/Firebase.build/Debug/FirebaseCrashlytics-t.build/Objects-normal/arm64/e6072d4f65d7061329687fe24e3d63a7-common-args.resp -MMD -MT dependencies -MF /Users/buddhirajgautam/Library/Developer/Xcode/DerivedData/Telegram-Mac-fygdgghdgmuleoelvxabfmqiotta/Build/Intermediates.noindex/Firebase.build/Debug/FirebaseCrashlytics-t.build/Objects-normal/arm64/FIRCLSFABNetworkClient.d --serialize-diagnostics /Users/buddhirajgautam/Library/Developer/Xcode/DerivedData/Telegram-Mac-fygdgghdgmuleoelvxabfmqiotta/Build/Intermediates.noindex/Firebase.build/Debug/FirebaseCrashlytics-t.build/Objects-normal/arm64/FIRCLSFABNetworkClient.dia -c /Users/buddhirajgautam/Library/Developer/Xcode/DerivedData/Telegram-Mac-fygdgghdgmuleoelvxabfmqiotta/SourcePackages/checkouts/firebase-ios-sdk/Crashlytics/Shared/FIRCLSNetworking/FIRCLSFABNetworkClient.m -o /Users/buddhirajgautam/Library/Developer/Xcode/DerivedData/Telegram-Mac-fygdgghdgmuleoelvxabfmqiotta/Build/Intermediates.noindex/Firebase.build/Debug/FirebaseCrashlytics-t.build/Objects-normal/arm64/FIRCLSFABNetworkClient.o -index-unit-output-path /Firebase.build/Debug/FirebaseCrashlytics-t.build/Objects-normal/arm64/FIRCLSFABNetworkClient.o

CompileC /Users/buddhirajgautam/Library/Developer/Xcode/DerivedData/Telegram-Mac-fygdgghdgmuleoelvxabfmqiotta/Build/Intermediates.noindex/Firebase.build/Debug/FirebaseCrashlytics-t.build/Objects-normal/arm64/FIRCLSFABHost.o /Users/buddhirajgautam/Library/Developer/Xcode/DerivedData/Telegram-Mac-fygdgghdgmuleoelvxabfmqiotta/SourcePackages/checkouts/firebase-ios-sdk/Crashlytics/Shared/FIRCLSFABHost.m normal arm64 objective-c com.apple.compilers.llvm.clang.1_0.compiler (in target 'FirebaseCrashlytics' from project 'Firebase')
    cd /Users/buddhirajgautam/Documents/Cherrygram-Mac/macOS-Swift
    
    Using response file: /Users/buddhirajgautam/Library/Developer/Xcode/DerivedData/Telegram-Mac-fygdgghdgmuleoelvxabfmqiotta/Build/Intermediates.noindex/Firebase.build/Debug/FirebaseCrashlytics-t.build/Objects-normal/arm64/e6072d4f65d7061329687fe24e3d63a7-common-args.resp
    
    /Applications/Xcode.app/Contents/Developer/Toolchains/XcodeDefault.xctoolchain/usr/bin/clang -x objective-c -ivfsstatcache /Users/buddhirajgautam/Library/Developer/Xcode/DerivedData/SDKStatCaches.noindex/macosx27.0-26A425-e829b21a6f8c9b70876ba0858053c0447231f6df4def33e022ae2eb8f782df1a.sdkstatcache -target arm64-apple-macos12.0 -fmessage-length\=0 -fdiagnostics-show-note-include-stack -fmacro-backtrace-limit\=0 -fno-color-diagnostics -fmodules-prune-interval\=86400 -fmodules-prune-after\=345600 -fbuild-session-file\=/Users/buddhirajgautam/Library/Developer/Xcode/DerivedData/ModuleCache.noindex/Session.modulevalidation -fmodules-validate-once-per-build-session -Wnon-modular-include-in-framework-module -Werror\=non-modular-include-in-framework-module -Wno-trigraphs -Wno-missing-field-initializers -Wno-missing-prototypes -Wno-return-type -Wno-implicit-atomic-properties -Wno-objc-interface-ivars -Wno-arc-repeated-use-of-weak -Wno-missing-braces -Wparentheses -Wswitch -Wno-unused-function -Wno-unused-label -Wno-unused-parameter -Wno-unused-variable -Wunused-value -Wno-empty-body -Wno-uninitialized -Wno-unknown-pragmas -w -Wno-shadow -Wno-four-char-constants -Wno-conversion -Wno-constant-conversion -Wno-int-conversion -Wno-bool-conversion -Wno-enum-conversion -Wno-float-conversion -Wno-non-literal-null-conversion -Wno-objc-literal-conversion -Wshorten-64-to-32 -Wpointer-sign -Wno-newline-eof -Wno-selector -Wno-strict-selector-match -Wno-undeclared-selector -Wno-deprecated-implementations -Wno-implicit-fallthrough -isysroot /Applications/Xcode.app/Contents/Developer/Platforms/MacOSX.platform/Developer/SDKs/MacOSX27.0.sdk -fstrict-aliasing -Wprotocol -Wdeprecated-declarations -Wno-sign-conversion -Wno-infinite-recursion -Wno-comma -Wno-block-capture-autoreleasing -Wno-strict-prototypes -Wno-semicolon-before-method-body -index-store-path /Users/buddhirajgautam/Library/Developer/Xcode/DerivedData/Telegram-Mac-fygdgghdgmuleoelvxabfmqiotta/Index.noindex/DataStore @/Users/buddhirajgautam/Library/Developer/Xcode/DerivedData/Telegram-Mac-fygdgghdgmuleoelvxabfmqiotta/Build/Intermediates.noindex/Firebase.build/Debug/FirebaseCrashlytics-t.build/Objects-normal/arm64/e6072d4f65d7061329687fe24e3d63a7-common-args.resp -MMD -MT dependencies -MF /Users/buddhirajgautam/Library/Developer/Xcode/DerivedData/Telegram-Mac-fygdgghdgmuleoelvxabfmqiotta/Build/Intermediates.noindex/Firebase.build/Debug/FirebaseCrashlytics-t.build/Objects-normal/arm64/FIRCLSFABHost.d --serialize-diagnostics /Users/buddhirajgautam/Library/Developer/Xcode/DerivedData/Telegram-Mac-fygdgghdgmuleoelvxabfmqiotta/Build/Intermediates.noindex/Firebase.build/Debug/FirebaseCrashlytics-t.build/Objects-normal/arm64/FIRCLSFABHost.dia -c /Users/buddhirajgautam/Library/Developer/Xcode/DerivedData/Telegram-Mac-fygdgghdgmuleoelvxabfmqiotta/SourcePackages/checkouts/firebase-ios-sdk/Crashlytics/Shared/FIRCLSFABHost.m -o /Users/buddhirajgautam/Library/Developer/Xcode/DerivedData/Telegram-Mac-fygdgghdgmuleoelvxabfmqiotta/Build/Intermediates.noindex/Firebase.build/Debug/FirebaseCrashlytics-t.build/Objects-normal/arm64/FIRCLSFABHost.o -index-unit-output-path /Firebase.build/Debug/FirebaseCrashlytics-t.build/Objects-normal/arm64/FIRCLSFABHost.o

CompileC /Users/buddhirajgautam/Library/Developer/Xcode/DerivedData/Telegram-Mac-fygdgghdgmuleoelvxabfmqiotta/Build/Intermediates.noindex/Firebase.build/Debug/FirebaseCrashlytics-t.build/Objects-normal/arm64/FIRCLSFABAsyncOperation.o /Users/buddhirajgautam/Library/Developer/Xcode/DerivedData/Telegram-Mac-fygdgghdgmuleoelvxabfmqiotta/SourcePackages/checkouts/firebase-ios-sdk/Crashlytics/Shared/FIRCLSOperation/FIRCLSFABAsyncOperation.m normal arm64 objective-c com.apple.compilers.llvm.clang.1_0.compiler (in target 'FirebaseCrashlytics' from project 'Firebase')
    cd /Users/buddhirajgautam/Documents/Cherrygram-Mac/macOS-Swift
    
    Using response file: /Users/buddhirajgautam/Library/Developer/Xcode/DerivedData/Telegram-Mac-fygdgghdgmuleoelvxabfmqiotta/Build/Intermediates.noindex/Firebase.build/Debug/FirebaseCrashlytics-t.build/Objects-normal/arm64/e6072d4f65d7061329687fe24e3d63a7-common-args.resp
    
    /Applications/Xcode.app/Contents/Developer/Toolchains/XcodeDefault.xctoolchain/usr/bin/clang -x objective-c -ivfsstatcache /Users/buddhirajgautam/Library/Developer/Xcode/DerivedData/SDKStatCaches.noindex/macosx27.0-26A425-e829b21a6f8c9b70876ba0858053c0447231f6df4def33e022ae2eb8f782df1a.sdkstatcache -target arm64-apple-macos12.0 -fmessage-length\=0 -fdiagnostics-show-note-include-stack -fmacro-backtrace-limit\=0 -fno-color-diagnostics -fmodules-prune-interval\=86400 -fmodules-prune-after\=345600 -fbuild-session-file\=/Users/buddhirajgautam/Library/Developer/Xcode/DerivedData/ModuleCache.noindex/Session.modulevalidation -fmodules-validate-once-per-build-session -Wnon-modular-include-in-framework-module -Werror\=non-modular-include-in-framework-module -Wno-trigraphs -Wno-missing-field-initializers -Wno-missing-prototypes -Wno-return-type -Wno-implicit-atomic-properties -Wno-objc-interface-ivars -Wno-arc-repeated-use-of-weak -Wno-missing-braces -Wparentheses -Wswitch -Wno-unused-function -Wno-unused-label -Wno-unused-parameter -Wno-unused-variable -Wunused-value -Wno-empty-body -Wno-uninitialized -Wno-unknown-pragmas -w -Wno-shadow -Wno-four-char-constants -Wno-conversion -Wno-constant-conversion -Wno-int-conversion -Wno-bool-conversion -Wno-enum-conversion -Wno-float-conversion -Wno-non-literal-null-conversion -Wno-objc-literal-conversion -Wshorten-64-to-32 -Wpointer-sign -Wno-newline-eof -Wno-selector -Wno-strict-selector-match -Wno-undeclared-selector -Wno-deprecated-implementations -Wno-implicit-fallthrough -isysroot /Applications/Xcode.app/Contents/Developer/Platforms/MacOSX.platform/Developer/SDKs/MacOSX27.0.sdk -fstrict-aliasing -Wprotocol -Wdeprecated-declarations -Wno-sign-conversion -Wno-infinite-recursion -Wno-comma -Wno-block-capture-autoreleasing -Wno-strict-prototypes -Wno-semicolon-before-method-body -index-store-path /Users/buddhirajgautam/Library/Developer/Xcode/DerivedData/Telegram-Mac-fygdgghdgmuleoelvxabfmqiotta/Index.noindex/DataStore @/Users/buddhirajgautam/Library/Developer/Xcode/DerivedData/Telegram-Mac-fygdgghdgmuleoelvxabfmqiotta/Build/Intermediates.noindex/Firebase.build/Debug/FirebaseCrashlytics-t.build/Objects-normal/arm64/e6072d4f65d7061329687fe24e3d63a7-common-args.resp -MMD -MT dependencies -MF /Users/buddhirajgautam/Library/Developer/Xcode/DerivedData/Telegram-Mac-fygdgghdgmuleoelvxabfmqiotta/Build/Intermediates.noindex/Firebase.build/Debug/FirebaseCrashlytics-t.build/Objects-normal/arm64/FIRCLSFABAsyncOperation.d --serialize-diagnostics /Users/buddhirajgautam/Library/Developer/Xcode/DerivedData/Telegram-Mac-fygdgghdgmuleoelvxabfmqiotta/Build/Intermediates.noindex/Firebase.build/Debug/FirebaseCrashlytics-t.build/Objects-normal/arm64/FIRCLSFABAsyncOperation.dia -c /Users/buddhirajgautam/Library/Developer/Xcode/DerivedData/Telegram-Mac-fygdgghdgmuleoelvxabfmqiotta/SourcePackages/checkouts/firebase-ios-sdk/Crashlytics/Shared/FIRCLSOperation/FIRCLSFABAsyncOperation.m -o /Users/buddhirajgautam/Library/Developer/Xcode/DerivedData/Telegram-Mac-fygdgghdgmuleoelvxabfmqiotta/Build/Intermediates.noindex/Firebase.build/Debug/FirebaseCrashlytics-t.build/Objects-normal/arm64/FIRCLSFABAsyncOperation.o -index-unit-output-path /Firebase.build/Debug/FirebaseCrashlytics-t.build/Objects-normal/arm64/FIRCLSFABAsyncOperation.o

CompileC /Users/buddhirajgautam/Library/Developer/Xcode/DerivedData/Telegram-Mac-fygdgghdgmuleoelvxabfmqiotta/Build/Intermediates.noindex/Firebase.build/Debug/FirebaseCrashlytics-t.build/Objects-normal/arm64/FIRCLSExecutionIdentifierModel.o /Users/buddhirajgautam/Library/Developer/Xcode/DerivedData/Telegram-Mac-fygdgghdgmuleoelvxabfmqiotta/SourcePackages/checkouts/firebase-ios-sdk/Crashlytics/Crashlytics/Models/FIRCLSExecutionIdentifierModel.m normal arm64 objective-c com.apple.compilers.llvm.clang.1_0.compiler (in target 'FirebaseCrashlytics' from project 'Firebase')
    cd /Users/buddhirajgautam/Documents/Cherrygram-Mac/macOS-Swift
    
    Using response file: /Users/buddhirajgautam/Library/Developer/Xcode/DerivedData/Telegram-Mac-fygdgghdgmuleoelvxabfmqiotta/Build/Intermediates.noindex/Firebase.build/Debug/FirebaseCrashlytics-t.build/Objects-normal/arm64/e6072d4f65d7061329687fe24e3d63a7-common-args.resp
    
    /Applications/Xcode.app/Contents/Developer/Toolchains/XcodeDefault.xctoolchain/usr/bin/clang -x objective-c -ivfsstatcache /Users/buddhirajgautam/Library/Developer/Xcode/DerivedData/SDKStatCaches.noindex/macosx27.0-26A425-e829b21a6f8c9b70876ba0858053c0447231f6df4def33e022ae2eb8f782df1a.sdkstatcache -target arm64-apple-macos12.0 -fmessage-length\=0 -fdiagnostics-show-note-include-stack -fmacro-backtrace-limit\=0 -fno-color-diagnostics -fmodules-prune-interval\=86400 -fmodules-prune-after\=345600 -fbuild-session-file\=/Users/buddhirajgautam/Library/Developer/Xcode/DerivedData/ModuleCache.noindex/Session.modulevalidation -fmodules-validate-once-per-build-session -Wnon-modular-include-in-framework-module -Werror\=non-modular-include-in-framework-module -Wno-trigraphs -Wno-missing-field-initializers -Wno-missing-prototypes -Wno-return-type -Wno-implicit-atomic-properties -Wno-objc-interface-ivars -Wno-arc-repeated-use-of-weak -Wno-missing-braces -Wparentheses -Wswitch -Wno-unused-function -Wno-unused-label -Wno-unused-parameter -Wno-unused-variable -Wunused-value -Wno-empty-body -Wno-uninitialized -Wno-unknown-pragmas -w -Wno-shadow -Wno-four-char-constants -Wno-conversion -Wno-constant-conversion -Wno-int-conversion -Wno-bool-conversion -Wno-enum-conversion -Wno-float-conversion -Wno-non-literal-null-conversion -Wno-objc-literal-conversion -Wshorten-64-to-32 -Wpointer-sign -Wno-newline-eof -Wno-selector -Wno-strict-selector-match -Wno-undeclared-selector -Wno-deprecated-implementations -Wno-implicit-fallthrough -isysroot /Applications/Xcode.app/Contents/Developer/Platforms/MacOSX.platform/Developer/SDKs/MacOSX27.0.sdk -fstrict-aliasing -Wprotocol -Wdeprecated-declarations -Wno-sign-conversion -Wno-infinite-recursion -Wno-comma -Wno-block-capture-autoreleasing -Wno-strict-prototypes -Wno-semicolon-before-method-body -index-store-path /Users/buddhirajgautam/Library/Developer/Xcode/DerivedData/Telegram-Mac-fygdgghdgmuleoelvxabfmqiotta/Index.noindex/DataStore @/Users/buddhirajgautam/Library/Developer/Xcode/DerivedData/Telegram-Mac-fygdgghdgmuleoelvxabfmqiotta/Build/Intermediates.noindex/Firebase.build/Debug/FirebaseCrashlytics-t.build/Objects-normal/arm64/e6072d4f65d7061329687fe24e3d63a7-common-args.resp -MMD -MT dependencies -MF /Users/buddhirajgautam/Library/Developer/Xcode/DerivedData/Telegram-Mac-fygdgghdgmuleoelvxabfmqiotta/Build/Intermediates.noindex/Firebase.build/Debug/FirebaseCrashlytics-t.build/Objects-normal/arm64/FIRCLSExecutionIdentifierModel.d --serialize-diagnostics /Users/buddhirajgautam/Library/Developer/Xcode/DerivedData/Telegram-Mac-fygdgghdgmuleoelvxabfmqiotta/Build/Intermediates.noindex/Firebase.build/Debug/FirebaseCrashlytics-t.build/Objects-normal/arm64/FIRCLSExecutionIdentifierModel.dia -c /Users/buddhirajgautam/Library/Developer/Xcode/DerivedData/Telegram-Mac-fygdgghdgmuleoelvxabfmqiotta/SourcePackages/checkouts/firebase-ios-sdk/Crashlytics/Crashlytics/Models/FIRCLSExecutionIdentifierModel.m -o /Users/buddhirajgautam/Library/Developer/Xcode/DerivedData/Telegram-Mac-fygdgghdgmuleoelvxabfmqiotta/Build/Intermediates.noindex/Firebase.build/Debug/FirebaseCrashlytics-t.build/Objects-normal/arm64/FIRCLSExecutionIdentifierModel.o -index-unit-output-path /Firebase.build/Debug/FirebaseCrashlytics-t.build/Objects-normal/arm64/FIRCLSExecutionIdentifierModel.o

CompileC /Users/buddhirajgautam/Library/Developer/Xcode/DerivedData/Telegram-Mac-fygdgghdgmuleoelvxabfmqiotta/Build/Intermediates.noindex/Firebase.build/Debug/FirebaseCrashlytics-t.build/Objects-normal/arm64/FIRCLSDownloadAndSaveSettingsOperation.o /Users/buddhirajgautam/Library/Developer/Xcode/DerivedData/Telegram-Mac-fygdgghdgmuleoelvxabfmqiotta/SourcePackages/checkouts/firebase-ios-sdk/Crashlytics/Crashlytics/Settings/Operations/FIRCLSDownloadAndSaveSettingsOperation.m normal arm64 objective-c com.apple.compilers.llvm.clang.1_0.compiler (in target 'FirebaseCrashlytics' from project 'Firebase')
    cd /Users/buddhirajgautam/Documents/Cherrygram-Mac/macOS-Swift
    
    Using response file: /Users/buddhirajgautam/Library/Developer/Xcode/DerivedData/Telegram-Mac-fygdgghdgmuleoelvxabfmqiotta/Build/Intermediates.noindex/Firebase.build/Debug/FirebaseCrashlytics-t.build/Objects-normal/arm64/e6072d4f65d7061329687fe24e3d63a7-common-args.resp
    
    /Applications/Xcode.app/Contents/Developer/Toolchains/XcodeDefault.xctoolchain/usr/bin/clang -x objective-c -ivfsstatcache /Users/buddhirajgautam/Library/Developer/Xcode/DerivedData/SDKStatCaches.noindex/macosx27.0-26A425-e829b21a6f8c9b70876ba0858053c0447231f6df4def33e022ae2eb8f782df1a.sdkstatcache -target arm64-apple-macos12.0 -fmessage-length\=0 -fdiagnostics-show-note-include-stack -fmacro-backtrace-limit\=0 -fno-color-diagnostics -fmodules-prune-interval\=86400 -fmodules-prune-after\=345600 -fbuild-session-file\=/Users/buddhirajgautam/Library/Developer/Xcode/DerivedData/ModuleCache.noindex/Session.modulevalidation -fmodules-validate-once-per-build-session -Wnon-modular-include-in-framework-module -Werror\=non-modular-include-in-framework-module -Wno-trigraphs -Wno-missing-field-initializers -Wno-missing-prototypes -Wno-return-type -Wno-implicit-atomic-properties -Wno-objc-interface-ivars -Wno-arc-repeated-use-of-weak -Wno-missing-braces -Wparentheses -Wswitch -Wno-unused-function -Wno-unused-label -Wno-unused-parameter -Wno-unused-variable -Wunused-value -Wno-empty-body -Wno-uninitialized -Wno-unknown-pragmas -w -Wno-shadow -Wno-four-char-constants -Wno-conversion -Wno-constant-conversion -Wno-int-conversion -Wno-bool-conversion -Wno-enum-conversion -Wno-float-conversion -Wno-non-literal-null-conversion -Wno-objc-literal-conversion -Wshorten-64-to-32 -Wpointer-sign -Wno-newline-eof -Wno-selector -Wno-strict-selector-match -Wno-undeclared-selector -Wno-deprecated-implementations -Wno-implicit-fallthrough -isysroot /Applications/Xcode.app/Contents/Developer/Platforms/MacOSX.platform/Developer/SDKs/MacOSX27.0.sdk -fstrict-aliasing -Wprotocol -Wdeprecated-declarations -Wno-sign-conversion -Wno-infinite-recursion -Wno-comma -Wno-block-capture-autoreleasing -Wno-strict-prototypes -Wno-semicolon-before-method-body -index-store-path /Users/buddhirajgautam/Library/Developer/Xcode/DerivedData/Telegram-Mac-fygdgghdgmuleoelvxabfmqiotta/Index.noindex/DataStore @/Users/buddhirajgautam/Library/Developer/Xcode/DerivedData/Telegram-Mac-fygdgghdgmuleoelvxabfmqiotta/Build/Intermediates.noindex/Firebase.build/Debug/FirebaseCrashlytics-t.build/Objects-normal/arm64/e6072d4f65d7061329687fe24e3d63a7-common-args.resp -MMD -MT dependencies -MF /Users/buddhirajgautam/Library/Developer/Xcode/DerivedData/Telegram-Mac-fygdgghdgmuleoelvxabfmqiotta/Build/Intermediates.noindex/Firebase.build/Debug/FirebaseCrashlytics-t.build/Objects-normal/arm64/FIRCLSDownloadAndSaveSettingsOperation.d --serialize-diagnostics /Users/buddhirajgautam/Library/Developer/Xcode/DerivedData/Telegram-Mac-fygdgghdgmuleoelvxabfmqiotta/Build/Intermediates.noindex/Firebase.build/Debug/FirebaseCrashlytics-t.build/Objects-normal/arm64/FIRCLSDownloadAndSaveSettingsOperation.dia -c /Users/buddhirajgautam/Library/Developer/Xcode/DerivedData/Telegram-Mac-fygdgghdgmuleoelvxabfmqiotta/SourcePackages/checkouts/firebase-ios-sdk/Crashlytics/Crashlytics/Settings/Operations/FIRCLSDownloadAndSaveSettingsOperation.m -o /Users/buddhirajgautam/Library/Developer/Xcode/DerivedData/Telegram-Mac-fygdgghdgmuleoelvxabfmqiotta/Build/Intermediates.noindex/Firebase.build/Debug/FirebaseCrashlytics-t.build/Objects-normal/arm64/FIRCLSDownloadAndSaveSettingsOperation.o -index-unit-output-path /Firebase.build/Debug/FirebaseCrashlytics-t.build/Objects-normal/arm64/FIRCLSDownloadAndSaveSettingsOperation.o

CompileC /Users/buddhirajgautam/Library/Developer/Xcode/DerivedData/Telegram-Mac-fygdgghdgmuleoelvxabfmqiotta/Build/Intermediates.noindex/Firebase.build/Debug/FirebaseCrashlytics-t.build/Objects-normal/arm64/FIRCLSDataCollectionToken.o /Users/buddhirajgautam/Library/Developer/Xcode/DerivedData/Telegram-Mac-fygdgghdgmuleoelvxabfmqiotta/SourcePackages/checkouts/firebase-ios-sdk/Crashlytics/Crashlytics/DataCollection/FIRCLSDataCollectionToken.m normal arm64 objective-c com.apple.compilers.llvm.clang.1_0.compiler (in target 'FirebaseCrashlytics' from project 'Firebase')
    cd /Users/buddhirajgautam/Documents/Cherrygram-Mac/macOS-Swift
    
    Using response file: /Users/buddhirajgautam/Library/Developer/Xcode/DerivedData/Telegram-Mac-fygdgghdgmuleoelvxabfmqiotta/Build/Intermediates.noindex/Firebase.build/Debug/FirebaseCrashlytics-t.build/Objects-normal/arm64/e6072d4f65d7061329687fe24e3d63a7-common-args.resp
    
    /Applications/Xcode.app/Contents/Developer/Toolchains/XcodeDefault.xctoolchain/usr/bin/clang -x objective-c -ivfsstatcache /Users/buddhirajgautam/Library/Developer/Xcode/DerivedData/SDKStatCaches.noindex/macosx27.0-26A425-e829b21a6f8c9b70876ba0858053c0447231f6df4def33e022ae2eb8f782df1a.sdkstatcache -target arm64-apple-macos12.0 -fmessage-length\=0 -fdiagnostics-show-note-include-stack -fmacro-backtrace-limit\=0 -fno-color-diagnostics -fmodules-prune-interval\=86400 -fmodules-prune-after\=345600 -fbuild-session-file\=/Users/buddhirajgautam/Library/Developer/Xcode/DerivedData/ModuleCache.noindex/Session.modulevalidation -fmodules-validate-once-per-build-session -Wnon-modular-include-in-framework-module -Werror\=non-modular-include-in-framework-module -Wno-trigraphs -Wno-missing-field-initializers -Wno-missing-prototypes -Wno-return-type -Wno-implicit-atomic-properties -Wno-objc-interface-ivars -Wno-arc-repeated-use-of-weak -Wno-missing-braces -Wparentheses -Wswitch -Wno-unused-function -Wno-unused-label -Wno-unused-parameter -Wno-unused-variable -Wunused-value -Wno-empty-body -Wno-uninitialized -Wno-unknown-pragmas -w -Wno-shadow -Wno-four-char-constants -Wno-conversion -Wno-constant-conversion -Wno-int-conversion -Wno-bool-conversion -Wno-enum-conversion -Wno-float-conversion -Wno-non-literal-null-conversion -Wno-objc-literal-conversion -Wshorten-64-to-32 -Wpointer-sign -Wno-newline-eof -Wno-selector -Wno-strict-selector-match -Wno-undeclared-selector -Wno-deprecated-implementations -Wno-implicit-fallthrough -isysroot /Applications/Xcode.app/Contents/Developer/Platforms/MacOSX.platform/Developer/SDKs/MacOSX27.0.sdk -fstrict-aliasing -Wprotocol -Wdeprecated-declarations -Wno-sign-conversion -Wno-infinite-recursion -Wno-comma -Wno-block-capture-autoreleasing -Wno-strict-prototypes -Wno-semicolon-before-method-body -index-store-path /Users/buddhirajgautam/Library/Developer/Xcode/DerivedData/Telegram-Mac-fygdgghdgmuleoelvxabfmqiotta/Index.noindex/DataStore @/Users/buddhirajgautam/Library/Developer/Xcode/DerivedData/Telegram-Mac-fygdgghdgmuleoelvxabfmqiotta/Build/Intermediates.noindex/Firebase.build/Debug/FirebaseCrashlytics-t.build/Objects-normal/arm64/e6072d4f65d7061329687fe24e3d63a7-common-args.resp -MMD -MT dependencies -MF /Users/buddhirajgautam/Library/Developer/Xcode/DerivedData/Telegram-Mac-fygdgghdgmuleoelvxabfmqiotta/Build/Intermediates.noindex/Firebase.build/Debug/FirebaseCrashlytics-t.build/Objects-normal/arm64/FIRCLSDataCollectionToken.d --serialize-diagnostics /Users/buddhirajgautam/Library/Developer/Xcode/DerivedData/Telegram-Mac-fygdgghdgmuleoelvxabfmqiotta/Build/Intermediates.noindex/Firebase.build/Debug/FirebaseCrashlytics-t.build/Objects-normal/arm64/FIRCLSDataCollectionToken.dia -c /Users/buddhirajgautam/Library/Developer/Xcode/DerivedData/Telegram-Mac-fygdgghdgmuleoelvxabfmqiotta/SourcePackages/checkouts/firebase-ios-sdk/Crashlytics/Crashlytics/DataCollection/FIRCLSDataCollectionToken.m -o /Users/buddhirajgautam/Library/Developer/Xcode/DerivedData/Telegram-Mac-fygdgghdgmuleoelvxabfmqiotta/Build/Intermediates.noindex/Firebase.build/Debug/FirebaseCrashlytics-t.build/Objects-normal/arm64/FIRCLSDataCollectionToken.o -index-unit-output-path /Firebase.build/Debug/FirebaseCrashlytics-t.build/Objects-normal/arm64/FIRCLSDataCollectionToken.o

CompileC /Users/buddhirajgautam/Library/Developer/Xcode/DerivedData/Telegram-Mac-fygdgghdgmuleoelvxabfmqiotta/Build/Intermediates.noindex/Firebase.build/Debug/FirebaseCrashlytics-t.build/Objects-normal/arm64/FIRCLSCompoundOperation.o /Users/buddhirajgautam/Library/Developer/Xcode/DerivedData/Telegram-Mac-fygdgghdgmuleoelvxabfmqiotta/SourcePackages/checkouts/firebase-ios-sdk/Crashlytics/Shared/FIRCLSOperation/FIRCLSCompoundOperation.m normal arm64 objective-c com.apple.compilers.llvm.clang.1_0.compiler (in target 'FirebaseCrashlytics' from project 'Firebase')
    cd /Users/buddhirajgautam/Documents/Cherrygram-Mac/macOS-Swift
    
    Using response file: /Users/buddhirajgautam/Library/Developer/Xcode/DerivedData/Telegram-Mac-fygdgghdgmuleoelvxabfmqiotta/Build/Intermediates.noindex/Firebase.build/Debug/FirebaseCrashlytics-t.build/Objects-normal/arm64/e6072d4f65d7061329687fe24e3d63a7-common-args.resp
    
    /Applications/Xcode.app/Contents/Developer/Toolchains/XcodeDefault.xctoolchain/usr/bin/clang -x objective-c -ivfsstatcache /Users/buddhirajgautam/Library/Developer/Xcode/DerivedData/SDKStatCaches.noindex/macosx27.0-26A425-e829b21a6f8c9b70876ba0858053c0447231f6df4def33e022ae2eb8f782df1a.sdkstatcache -target arm64-apple-macos12.0 -fmessage-length\=0 -fdiagnostics-show-note-include-stack -fmacro-backtrace-limit\=0 -fno-color-diagnostics -fmodules-prune-interval\=86400 -fmodules-prune-after\=345600 -fbuild-session-file\=/Users/buddhirajgautam/Library/Developer/Xcode/DerivedData/ModuleCache.noindex/Session.modulevalidation -fmodules-validate-once-per-build-session -Wnon-modular-include-in-framework-module -Werror\=non-modular-include-in-framework-module -Wno-trigraphs -Wno-missing-field-initializers -Wno-missing-prototypes -Wno-return-type -Wno-implicit-atomic-properties -Wno-objc-interface-ivars -Wno-arc-repeated-use-of-weak -Wno-missing-braces -Wparentheses -Wswitch -Wno-unused-function -Wno-unused-label -Wno-unused-parameter -Wno-unused-variable -Wunused-value -Wno-empty-body -Wno-uninitialized -Wno-unknown-pragmas -w -Wno-shadow -Wno-four-char-constants -Wno-conversion -Wno-constant-conversion -Wno-int-conversion -Wno-bool-conversion -Wno-enum-conversion -Wno-float-conversion -Wno-non-literal-null-conversion -Wno-objc-literal-conversion -Wshorten-64-to-32 -Wpointer-sign -Wno-newline-eof -Wno-selector -Wno-strict-selector-match -Wno-undeclared-selector -Wno-deprecated-implementations -Wno-implicit-fallthrough -isysroot /Applications/Xcode.app/Contents/Developer/Platforms/MacOSX.platform/Developer/SDKs/MacOSX27.0.sdk -fstrict-aliasing -Wprotocol -Wdeprecated-declarations -Wno-sign-conversion -Wno-infinite-recursion -Wno-comma -Wno-block-capture-autoreleasing -Wno-strict-prototypes -Wno-semicolon-before-method-body -index-store-path /Users/buddhirajgautam/Library/Developer/Xcode/DerivedData/Telegram-Mac-fygdgghdgmuleoelvxabfmqiotta/Index.noindex/DataStore @/Users/buddhirajgautam/Library/Developer/Xcode/DerivedData/Telegram-Mac-fygdgghdgmuleoelvxabfmqiotta/Build/Intermediates.noindex/Firebase.build/Debug/FirebaseCrashlytics-t.build/Objects-normal/arm64/e6072d4f65d7061329687fe24e3d63a7-common-args.resp -MMD -MT dependencies -MF /Users/buddhirajgautam/Library/Developer/Xcode/DerivedData/Telegram-Mac-fygdgghdgmuleoelvxabfmqiotta/Build/Intermediates.noindex/Firebase.build/Debug/FirebaseCrashlytics-t.build/Objects-normal/arm64/FIRCLSCompoundOperation.d --serialize-diagnostics /Users/buddhirajgautam/Library/Developer/Xcode/DerivedData/Telegram-Mac-fygdgghdgmuleoelvxabfmqiotta/Build/Intermediates.noindex/Firebase.build/Debug/FirebaseCrashlytics-t.build/Objects-normal/arm64/FIRCLSCompoundOperation.dia -c /Users/buddhirajgautam/Library/Developer/Xcode/DerivedData/Telegram-Mac-fygdgghdgmuleoelvxabfmqiotta/SourcePackages/checkouts/firebase-ios-sdk/Crashlytics/Shared/FIRCLSOperation/FIRCLSCompoundOperation.m -o /Users/buddhirajgautam/Library/Developer/Xcode/DerivedData/Telegram-Mac-fygdgghdgmuleoelvxabfmqiotta/Build/Intermediates.noindex/Firebase.build/Debug/FirebaseCrashlytics-t.build/Objects-normal/arm64/FIRCLSCompoundOperation.o -index-unit-output-path /Firebase.build/Debug/FirebaseCrashlytics-t.build/Objects-normal/arm64/FIRCLSCompoundOperation.o

CompileC /Users/buddhirajgautam/Library/Developer/Xcode/DerivedData/Telegram-Mac-fygdgghdgmuleoelvxabfmqiotta/Build/Intermediates.noindex/Firebase.build/Debug/FirebaseCrashlytics-t.build/Objects-normal/arm64/FIRCLSCodeMapping.o /Users/buddhirajgautam/Library/Developer/Xcode/DerivedData/Telegram-Mac-fygdgghdgmuleoelvxabfmqiotta/SourcePackages/checkouts/firebase-ios-sdk/Crashlytics/Shared/FIRCLSMachO/FIRCLSCodeMapping.m normal arm64 objective-c com.apple.compilers.llvm.clang.1_0.compiler (in target 'FirebaseCrashlytics' from project 'Firebase')
    cd /Users/buddhirajgautam/Documents/Cherrygram-Mac/macOS-Swift
    
    Using response file: /Users/buddhirajgautam/Library/Developer/Xcode/DerivedData/Telegram-Mac-fygdgghdgmuleoelvxabfmqiotta/Build/Intermediates.noindex/Firebase.build/Debug/FirebaseCrashlytics-t.build/Objects-normal/arm64/e6072d4f65d7061329687fe24e3d63a7-common-args.resp
    
    /Applications/Xcode.app/Contents/Developer/Toolchains/XcodeDefault.xctoolchain/usr/bin/clang -x objective-c -ivfsstatcache /Users/buddhirajgautam/Library/Developer/Xcode/DerivedData/SDKStatCaches.noindex/macosx27.0-26A425-e829b21a6f8c9b70876ba0858053c0447231f6df4def33e022ae2eb8f782df1a.sdkstatcache -target arm64-apple-macos12.0 -fmessage-length\=0 -fdiagnostics-show-note-include-stack -fmacro-backtrace-limit\=0 -fno-color-diagnostics -fmodules-prune-interval\=86400 -fmodules-prune-after\=345600 -fbuild-session-file\=/Users/buddhirajgautam/Library/Developer/Xcode/DerivedData/ModuleCache.noindex/Session.modulevalidation -fmodules-validate-once-per-build-session -Wnon-modular-include-in-framework-module -Werror\=non-modular-include-in-framework-module -Wno-trigraphs -Wno-missing-field-initializers -Wno-missing-prototypes -Wno-return-type -Wno-implicit-atomic-properties -Wno-objc-interface-ivars -Wno-arc-repeated-use-of-weak -Wno-missing-braces -Wparentheses -Wswitch -Wno-unused-function -Wno-unused-label -Wno-unused-parameter -Wno-unused-variable -Wunused-value -Wno-empty-body -Wno-uninitialized -Wno-unknown-pragmas -w -Wno-shadow -Wno-four-char-constants -Wno-conversion -Wno-constant-conversion -Wno-int-conversion -Wno-bool-conversion -Wno-enum-conversion -Wno-float-conversion -Wno-non-literal-null-conversion -Wno-objc-literal-conversion -Wshorten-64-to-32 -Wpointer-sign -Wno-newline-eof -Wno-selector -Wno-strict-selector-match -Wno-undeclared-selector -Wno-deprecated-implementations -Wno-implicit-fallthrough -isysroot /Applications/Xcode.app/Contents/Developer/Platforms/MacOSX.platform/Developer/SDKs/MacOSX27.0.sdk -fstrict-aliasing -Wprotocol -Wdeprecated-declarations -Wno-sign-conversion -Wno-infinite-recursion -Wno-comma -Wno-block-capture-autoreleasing -Wno-strict-prototypes -Wno-semicolon-before-method-body -index-store-path /Users/buddhirajgautam/Library/Developer/Xcode/DerivedData/Telegram-Mac-fygdgghdgmuleoelvxabfmqiotta/Index.noindex/DataStore @/Users/buddhirajgautam/Library/Developer/Xcode/DerivedData/Telegram-Mac-fygdgghdgmuleoelvxabfmqiotta/Build/Intermediates.noindex/Firebase.build/Debug/FirebaseCrashlytics-t.build/Objects-normal/arm64/e6072d4f65d7061329687fe24e3d63a7-common-args.resp -MMD -MT dependencies -MF /Users/buddhirajgautam/Library/Developer/Xcode/DerivedData/Telegram-Mac-fygdgghdgmuleoelvxabfmqiotta/Build/Intermediates.noindex/Firebase.build/Debug/FirebaseCrashlytics-t.build/Objects-normal/arm64/FIRCLSCodeMapping.d --serialize-diagnostics /Users/buddhirajgautam/Library/Developer/Xcode/DerivedData/Telegram-Mac-fygdgghdgmuleoelvxabfmqiotta/Build/Intermediates.noindex/Firebase.build/Debug/FirebaseCrashlytics-t.build/Objects-normal/arm64/FIRCLSCodeMapping.dia -c /Users/buddhirajgautam/Library/Developer/Xcode/DerivedData/Telegram-Mac-fygdgghdgmuleoelvxabfmqiotta/SourcePackages/checkouts/firebase-ios-sdk/Crashlytics/Shared/FIRCLSMachO/FIRCLSCodeMapping.m -o /Users/buddhirajgautam/Library/Developer/Xcode/DerivedData/Telegram-Mac-fygdgghdgmuleoelvxabfmqiotta/Build/Intermediates.noindex/Firebase.build/Debug/FirebaseCrashlytics-t.build/Objects-normal/arm64/FIRCLSCodeMapping.o -index-unit-output-path /Firebase.build/Debug/FirebaseCrashlytics-t.build/Objects-normal/arm64/FIRCLSCodeMapping.o

CompileC /Users/buddhirajgautam/Library/Developer/Xcode/DerivedData/Telegram-Mac-fygdgghdgmuleoelvxabfmqiotta/Build/Intermediates.noindex/Firebase.build/Debug/FirebaseCrashlytics-t.build/Objects-normal/arm64/FIRCLSCallStackTree.o /Users/buddhirajgautam/Library/Developer/Xcode/DerivedData/Telegram-Mac-fygdgghdgmuleoelvxabfmqiotta/SourcePackages/checkouts/firebase-ios-sdk/Crashlytics/Crashlytics/Helpers/FIRCLSCallStackTree.m normal arm64 objective-c com.apple.compilers.llvm.clang.1_0.compiler (in target 'FirebaseCrashlytics' from project 'Firebase')
    cd /Users/buddhirajgautam/Documents/Cherrygram-Mac/macOS-Swift
    
    Using response file: /Users/buddhirajgautam/Library/Developer/Xcode/DerivedData/Telegram-Mac-fygdgghdgmuleoelvxabfmqiotta/Build/Intermediates.noindex/Firebase.build/Debug/FirebaseCrashlytics-t.build/Objects-normal/arm64/e6072d4f65d7061329687fe24e3d63a7-common-args.resp
    
    /Applications/Xcode.app/Contents/Developer/Toolchains/XcodeDefault.xctoolchain/usr/bin/clang -x objective-c -ivfsstatcache /Users/buddhirajgautam/Library/Developer/Xcode/DerivedData/SDKStatCaches.noindex/macosx27.0-26A425-e829b21a6f8c9b70876ba0858053c0447231f6df4def33e022ae2eb8f782df1a.sdkstatcache -target arm64-apple-macos12.0 -fmessage-length\=0 -fdiagnostics-show-note-include-stack -fmacro-backtrace-limit\=0 -fno-color-diagnostics -fmodules-prune-interval\=86400 -fmodules-prune-after\=345600 -fbuild-session-file\=/Users/buddhirajgautam/Library/Developer/Xcode/DerivedData/ModuleCache.noindex/Session.modulevalidation -fmodules-validate-once-per-build-session -Wnon-modular-include-in-framework-module -Werror\=non-modular-include-in-framework-module -Wno-trigraphs -Wno-missing-field-initializers -Wno-missing-prototypes -Wno-return-type -Wno-implicit-atomic-properties -Wno-objc-interface-ivars -Wno-arc-repeated-use-of-weak -Wno-missing-braces -Wparentheses -Wswitch -Wno-unused-function -Wno-unused-label -Wno-unused-parameter -Wno-unused-variable -Wunused-value -Wno-empty-body -Wno-uninitialized -Wno-unknown-pragmas -w -Wno-shadow -Wno-four-char-constants -Wno-conversion -Wno-constant-conversion -Wno-int-conversion -Wno-bool-conversion -Wno-enum-conversion -Wno-float-conversion -Wno-non-literal-null-conversion -Wno-objc-literal-conversion -Wshorten-64-to-32 -Wpointer-sign -Wno-newline-eof -Wno-selector -Wno-strict-selector-match -Wno-undeclared-selector -Wno-deprecated-implementations -Wno-implicit-fallthrough -isysroot /Applications/Xcode.app/Contents/Developer/Platforms/MacOSX.platform/Developer/SDKs/MacOSX27.0.sdk -fstrict-aliasing -Wprotocol -Wdeprecated-declarations -Wno-sign-conversion -Wno-infinite-recursion -Wno-comma -Wno-block-capture-autoreleasing -Wno-strict-prototypes -Wno-semicolon-before-method-body -index-store-path /Users/buddhirajgautam/Library/Developer/Xcode/DerivedData/Telegram-Mac-fygdgghdgmuleoelvxabfmqiotta/Index.noindex/DataStore @/Users/buddhirajgautam/Library/Developer/Xcode/DerivedData/Telegram-Mac-fygdgghdgmuleoelvxabfmqiotta/Build/Intermediates.noindex/Firebase.build/Debug/FirebaseCrashlytics-t.build/Objects-normal/arm64/e6072d4f65d7061329687fe24e3d63a7-common-args.resp -MMD -MT dependencies -MF /Users/buddhirajgautam/Library/Developer/Xcode/DerivedData/Telegram-Mac-fygdgghdgmuleoelvxabfmqiotta/Build/Intermediates.noindex/Firebase.build/Debug/FirebaseCrashlytics-t.build/Objects-normal/arm64/FIRCLSCallStackTree.d --serialize-diagnostics /Users/buddhirajgautam/Library/Developer/Xcode/DerivedData/Telegram-Mac-fygdgghdgmuleoelvxabfmqiotta/Build/Intermediates.noindex/Firebase.build/Debug/FirebaseCrashlytics-t.build/Objects-normal/arm64/FIRCLSCallStackTree.dia -c /Users/buddhirajgautam/Library/Developer/Xcode/DerivedData/Telegram-Mac-fygdgghdgmuleoelvxabfmqiotta/SourcePackages/checkouts/firebase-ios-sdk/Crashlytics/Crashlytics/Helpers/FIRCLSCallStackTree.m -o /Users/buddhirajgautam/Library/Developer/Xcode/DerivedData/Telegram-Mac-fygdgghdgmuleoelvxabfmqiotta/Build/Intermediates.noindex/Firebase.build/Debug/FirebaseCrashlytics-t.build/Objects-normal/arm64/FIRCLSCallStackTree.o -index-unit-output-path /Firebase.build/Debug/FirebaseCrashlytics-t.build/Objects-normal/arm64/FIRCLSCallStackTree.o

CompileC /Users/buddhirajgautam/Library/Developer/Xcode/DerivedData/Telegram-Mac-fygdgghdgmuleoelvxabfmqiotta/Build/Intermediates.noindex/Firebase.build/Debug/FirebaseCrashlytics-t.build/Objects-normal/arm64/FIRCLSByteUtility.o /Users/buddhirajgautam/Library/Developer/Xcode/DerivedData/Telegram-Mac-fygdgghdgmuleoelvxabfmqiotta/SourcePackages/checkouts/firebase-ios-sdk/Crashlytics/Shared/FIRCLSByteUtility.m normal arm64 objective-c com.apple.compilers.llvm.clang.1_0.compiler (in target 'FirebaseCrashlytics' from project 'Firebase')
    cd /Users/buddhirajgautam/Documents/Cherrygram-Mac/macOS-Swift
    
    Using response file: /Users/buddhirajgautam/Library/Developer/Xcode/DerivedData/Telegram-Mac-fygdgghdgmuleoelvxabfmqiotta/Build/Intermediates.noindex/Firebase.build/Debug/FirebaseCrashlytics-t.build/Objects-normal/arm64/e6072d4f65d7061329687fe24e3d63a7-common-args.resp
    
    /Applications/Xcode.app/Contents/Developer/Toolchains/XcodeDefault.xctoolchain/usr/bin/clang -x objective-c -ivfsstatcache /Users/buddhirajgautam/Library/Developer/Xcode/DerivedData/SDKStatCaches.noindex/macosx27.0-26A425-e829b21a6f8c9b70876ba0858053c0447231f6df4def33e022ae2eb8f782df1a.sdkstatcache -target arm64-apple-macos12.0 -fmessage-length\=0 -fdiagnostics-show-note-include-stack -fmacro-backtrace-limit\=0 -fno-color-diagnostics -fmodules-prune-interval\=86400 -fmodules-prune-after\=345600 -fbuild-session-file\=/Users/buddhirajgautam/Library/Developer/Xcode/DerivedData/ModuleCache.noindex/Session.modulevalidation -fmodules-validate-once-per-build-session -Wnon-modular-include-in-framework-module -Werror\=non-modular-include-in-framework-module -Wno-trigraphs -Wno-missing-field-initializers -Wno-missing-prototypes -Wno-return-type -Wno-implicit-atomic-properties -Wno-objc-interface-ivars -Wno-arc-repeated-use-of-weak -Wno-missing-braces -Wparentheses -Wswitch -Wno-unused-function -Wno-unused-label -Wno-unused-parameter -Wno-unused-variable -Wunused-value -Wno-empty-body -Wno-uninitialized -Wno-unknown-pragmas -w -Wno-shadow -Wno-four-char-constants -Wno-conversion -Wno-constant-conversion -Wno-int-conversion -Wno-bool-conversion -Wno-enum-conversion -Wno-float-conversion -Wno-non-literal-null-conversion -Wno-objc-literal-conversion -Wshorten-64-to-32 -Wpointer-sign -Wno-newline-eof -Wno-selector -Wno-strict-selector-match -Wno-undeclared-selector -Wno-deprecated-implementations -Wno-implicit-fallthrough -isysroot /Applications/Xcode.app/Contents/Developer/Platforms/MacOSX.platform/Developer/SDKs/MacOSX27.0.sdk -fstrict-aliasing -Wprotocol -Wdeprecated-declarations -Wno-sign-conversion -Wno-infinite-recursion -Wno-comma -Wno-block-capture-autoreleasing -Wno-strict-prototypes -Wno-semicolon-before-method-body -index-store-path /Users/buddhirajgautam/Library/Developer/Xcode/DerivedData/Telegram-Mac-fygdgghdgmuleoelvxabfmqiotta/Index.noindex/DataStore @/Users/buddhirajgautam/Library/Developer/Xcode/DerivedData/Telegram-Mac-fygdgghdgmuleoelvxabfmqiotta/Build/Intermediates.noindex/Firebase.build/Debug/FirebaseCrashlytics-t.build/Objects-normal/arm64/e6072d4f65d7061329687fe24e3d63a7-common-args.resp -MMD -MT dependencies -MF /Users/buddhirajgautam/Library/Developer/Xcode/DerivedData/Telegram-Mac-fygdgghdgmuleoelvxabfmqiotta/Build/Intermediates.noindex/Firebase.build/Debug/FirebaseCrashlytics-t.build/Objects-normal/arm64/FIRCLSByteUtility.d --serialize-diagnostics /Users/buddhirajgautam/Library/Developer/Xcode/DerivedData/Telegram-Mac-fygdgghdgmuleoelvxabfmqiotta/Build/Intermediates.noindex/Firebase.build/Debug/FirebaseCrashlytics-t.build/Objects-normal/arm64/FIRCLSByteUtility.dia -c /Users/buddhirajgautam/Library/Developer/Xcode/DerivedData/Telegram-Mac-fygdgghdgmuleoelvxabfmqiotta/SourcePackages/checkouts/firebase-ios-sdk/Crashlytics/Shared/FIRCLSByteUtility.m -o /Users/buddhirajgautam/Library/Developer/Xcode/DerivedData/Telegram-Mac-fygdgghdgmuleoelvxabfmqiotta/Build/Intermediates.noindex/Firebase.build/Debug/FirebaseCrashlytics-t.build/Objects-normal/arm64/FIRCLSByteUtility.o -index-unit-output-path /Firebase.build/Debug/FirebaseCrashlytics-t.build/Objects-normal/arm64/FIRCLSByteUtility.o

CompileC /Users/buddhirajgautam/Library/Developer/Xcode/DerivedData/Telegram-Mac-fygdgghdgmuleoelvxabfmqiotta/Build/Intermediates.noindex/Firebase.build/Debug/FirebaseCrashlytics-t.build/Objects-normal/arm64/FIRCLSBinaryImage.o /Users/buddhirajgautam/Library/Developer/Xcode/DerivedData/Telegram-Mac-fygdgghdgmuleoelvxabfmqiotta/SourcePackages/checkouts/firebase-ios-sdk/Crashlytics/Crashlytics/Components/FIRCLSBinaryImage.m normal arm64 objective-c com.apple.compilers.llvm.clang.1_0.compiler (in target 'FirebaseCrashlytics' from project 'Firebase')
    cd /Users/buddhirajgautam/Documents/Cherrygram-Mac/macOS-Swift
    
    Using response file: /Users/buddhirajgautam/Library/Developer/Xcode/DerivedData/Telegram-Mac-fygdgghdgmuleoelvxabfmqiotta/Build/Intermediates.noindex/Firebase.build/Debug/FirebaseCrashlytics-t.build/Objects-normal/arm64/e6072d4f65d7061329687fe24e3d63a7-common-args.resp
    
    /Applications/Xcode.app/Contents/Developer/Toolchains/XcodeDefault.xctoolchain/usr/bin/clang -x objective-c -ivfsstatcache /Users/buddhirajgautam/Library/Developer/Xcode/DerivedData/SDKStatCaches.noindex/macosx27.0-26A425-e829b21a6f8c9b70876ba0858053c0447231f6df4def33e022ae2eb8f782df1a.sdkstatcache -target arm64-apple-macos12.0 -fmessage-length\=0 -fdiagnostics-show-note-include-stack -fmacro-backtrace-limit\=0 -fno-color-diagnostics -fmodules-prune-interval\=86400 -fmodules-prune-after\=345600 -fbuild-session-file\=/Users/buddhirajgautam/Library/Developer/Xcode/DerivedData/ModuleCache.noindex/Session.modulevalidation -fmodules-validate-once-per-build-session -Wnon-modular-include-in-framework-module -Werror\=non-modular-include-in-framework-module -Wno-trigraphs -Wno-missing-field-initializers -Wno-missing-prototypes -Wno-return-type -Wno-implicit-atomic-properties -Wno-objc-interface-ivars -Wno-arc-repeated-use-of-weak -Wno-missing-braces -Wparentheses -Wswitch -Wno-unused-function -Wno-unused-label -Wno-unused-parameter -Wno-unused-variable -Wunused-value -Wno-empty-body -Wno-uninitialized -Wno-unknown-pragmas -w -Wno-shadow -Wno-four-char-constants -Wno-conversion -Wno-constant-conversion -Wno-int-conversion -Wno-bool-conversion -Wno-enum-conversion -Wno-float-conversion -Wno-non-literal-null-conversion -Wno-objc-literal-conversion -Wshorten-64-to-32 -Wpointer-sign -Wno-newline-eof -Wno-selector -Wno-strict-selector-match -Wno-undeclared-selector -Wno-deprecated-implementations -Wno-implicit-fallthrough -isysroot /Applications/Xcode.app/Contents/Developer/Platforms/MacOSX.platform/Developer/SDKs/MacOSX27.0.sdk -fstrict-aliasing -Wprotocol -Wdeprecated-declarations -Wno-sign-conversion -Wno-infinite-recursion -Wno-comma -Wno-block-capture-autoreleasing -Wno-strict-prototypes -Wno-semicolon-before-method-body -index-store-path /Users/buddhirajgautam/Library/Developer/Xcode/DerivedData/Telegram-Mac-fygdgghdgmuleoelvxabfmqiotta/Index.noindex/DataStore @/Users/buddhirajgautam/Library/Developer/Xcode/DerivedData/Telegram-Mac-fygdgghdgmuleoelvxabfmqiotta/Build/Intermediates.noindex/Firebase.build/Debug/FirebaseCrashlytics-t.build/Objects-normal/arm64/e6072d4f65d7061329687fe24e3d63a7-common-args.resp -MMD -MT dependencies -MF /Users/buddhirajgautam/Library/Developer/Xcode/DerivedData/Telegram-Mac-fygdgghdgmuleoelvxabfmqiotta/Build/Intermediates.noindex/Firebase.build/Debug/FirebaseCrashlytics-t.build/Objects-normal/arm64/FIRCLSBinaryImage.d --serialize-diagnostics /Users/buddhirajgautam/Library/Developer/Xcode/DerivedData/Telegram-Mac-fygdgghdgmuleoelvxabfmqiotta/Build/Intermediates.noindex/Firebase.build/Debug/FirebaseCrashlytics-t.build/Objects-normal/arm64/FIRCLSBinaryImage.dia -c /Users/buddhirajgautam/Library/Developer/Xcode/DerivedData/Telegram-Mac-fygdgghdgmuleoelvxabfmqiotta/SourcePackages/checkouts/firebase-ios-sdk/Crashlytics/Crashlytics/Components/FIRCLSBinaryImage.m -o /Users/buddhirajgautam/Library/Developer/Xcode/DerivedData/Telegram-Mac-fygdgghdgmuleoelvxabfmqiotta/Build/Intermediates.noindex/Firebase.build/Debug/FirebaseCrashlytics-t.build/Objects-normal/arm64/FIRCLSBinaryImage.o -index-unit-output-path /Firebase.build/Debug/FirebaseCrashlytics-t.build/Objects-normal/arm64/FIRCLSBinaryImage.o

CompileC /Users/buddhirajgautam/Library/Developer/Xcode/DerivedData/Telegram-Mac-fygdgghdgmuleoelvxabfmqiotta/Build/Intermediates.noindex/Firebase.build/Debug/FirebaseCrashlytics-t.build/Objects-normal/arm64/FIRCLSAsyncOperation.o /Users/buddhirajgautam/Library/Developer/Xcode/DerivedData/Telegram-Mac-fygdgghdgmuleoelvxabfmqiotta/SourcePackages/checkouts/firebase-ios-sdk/Crashlytics/Crashlytics/Operations/FIRCLSAsyncOperation.m normal arm64 objective-c com.apple.compilers.llvm.clang.1_0.compiler (in target 'FirebaseCrashlytics' from project 'Firebase')
    cd /Users/buddhirajgautam/Documents/Cherrygram-Mac/macOS-Swift
    
    Using response file: /Users/buddhirajgautam/Library/Developer/Xcode/DerivedData/Telegram-Mac-fygdgghdgmuleoelvxabfmqiotta/Build/Intermediates.noindex/Firebase.build/Debug/FirebaseCrashlytics-t.build/Objects-normal/arm64/e6072d4f65d7061329687fe24e3d63a7-common-args.resp
    
    /Applications/Xcode.app/Contents/Developer/Toolchains/XcodeDefault.xctoolchain/usr/bin/clang -x objective-c -ivfsstatcache /Users/buddhirajgautam/Library/Developer/Xcode/DerivedData/SDKStatCaches.noindex/macosx27.0-26A425-e829b21a6f8c9b70876ba0858053c0447231f6df4def33e022ae2eb8f782df1a.sdkstatcache -target arm64-apple-macos12.0 -fmessage-length\=0 -fdiagnostics-show-note-include-stack -fmacro-backtrace-limit\=0 -fno-color-diagnostics -fmodules-prune-interval\=86400 -fmodules-prune-after\=345600 -fbuild-session-file\=/Users/buddhirajgautam/Library/Developer/Xcode/DerivedData/ModuleCache.noindex/Session.modulevalidation -fmodules-validate-once-per-build-session -Wnon-modular-include-in-framework-module -Werror\=non-modular-include-in-framework-module -Wno-trigraphs -Wno-missing-field-initializers -Wno-missing-prototypes -Wno-return-type -Wno-implicit-atomic-properties -Wno-objc-interface-ivars -Wno-arc-repeated-use-of-weak -Wno-missing-braces -Wparentheses -Wswitch -Wno-unused-function -Wno-unused-label -Wno-unused-parameter -Wno-unused-variable -Wunused-value -Wno-empty-body -Wno-uninitialized -Wno-unknown-pragmas -w -Wno-shadow -Wno-four-char-constants -Wno-conversion -Wno-constant-conversion -Wno-int-conversion -Wno-bool-conversion -Wno-enum-conversion -Wno-float-conversion -Wno-non-literal-null-conversion -Wno-objc-literal-conversion -Wshorten-64-to-32 -Wpointer-sign -Wno-newline-eof -Wno-selector -Wno-strict-selector-match -Wno-undeclared-selector -Wno-deprecated-implementations -Wno-implicit-fallthrough -isysroot /Applications/Xcode.app/Contents/Developer/Platforms/MacOSX.platform/Developer/SDKs/MacOSX27.0.sdk -fstrict-aliasing -Wprotocol -Wdeprecated-declarations -Wno-sign-conversion -Wno-infinite-recursion -Wno-comma -Wno-block-capture-autoreleasing -Wno-strict-prototypes -Wno-semicolon-before-method-body -index-store-path /Users/buddhirajgautam/Library/Developer/Xcode/DerivedData/Telegram-Mac-fygdgghdgmuleoelvxabfmqiotta/Index.noindex/DataStore @/Users/buddhirajgautam/Library/Developer/Xcode/DerivedData/Telegram-Mac-fygdgghdgmuleoelvxabfmqiotta/Build/Intermediates.noindex/Firebase.build/Debug/FirebaseCrashlytics-t.build/Objects-normal/arm64/e6072d4f65d7061329687fe24e3d63a7-common-args.resp -MMD -MT dependencies -MF /Users/buddhirajgautam/Library/Developer/Xcode/DerivedData/Telegram-Mac-fygdgghdgmuleoelvxabfmqiotta/Build/Intermediates.noindex/Firebase.build/Debug/FirebaseCrashlytics-t.build/Objects-normal/arm64/FIRCLSAsyncOperation.d --serialize-diagnostics /Users/buddhirajgautam/Library/Developer/Xcode/DerivedData/Telegram-Mac-fygdgghdgmuleoelvxabfmqiotta/Build/Intermediates.noindex/Firebase.build/Debug/FirebaseCrashlytics-t.build/Objects-normal/arm64/FIRCLSAsyncOperation.dia -c /Users/buddhirajgautam/Library/Developer/Xcode/DerivedData/Telegram-Mac-fygdgghdgmuleoelvxabfmqiotta/SourcePackages/checkouts/firebase-ios-sdk/Crashlytics/Crashlytics/Operations/FIRCLSAsyncOperation.m -o /Users/buddhirajgautam/Library/Developer/Xcode/DerivedData/Telegram-Mac-fygdgghdgmuleoelvxabfmqiotta/Build/Intermediates.noindex/Firebase.build/Debug/FirebaseCrashlytics-t.build/Objects-normal/arm64/FIRCLSAsyncOperation.o -index-unit-output-path /Firebase.build/Debug/FirebaseCrashlytics-t.build/Objects-normal/arm64/FIRCLSAsyncOperation.o

CompileC /Users/buddhirajgautam/Library/Developer/Xcode/DerivedData/Telegram-Mac-fygdgghdgmuleoelvxabfmqiotta/Build/Intermediates.noindex/Firebase.build/Debug/FirebaseCrashlytics-t.build/Objects-normal/arm64/FIRCLSApplicationIdentifierModel.o /Users/buddhirajgautam/Library/Developer/Xcode/DerivedData/Telegram-Mac-fygdgghdgmuleoelvxabfmqiotta/SourcePackages/checkouts/firebase-ios-sdk/Crashlytics/Crashlytics/Settings/Models/FIRCLSApplicationIdentifierModel.m normal arm64 objective-c com.apple.compilers.llvm.clang.1_0.compiler (in target 'FirebaseCrashlytics' from project 'Firebase')
    cd /Users/buddhirajgautam/Documents/Cherrygram-Mac/macOS-Swift
    
    Using response file: /Users/buddhirajgautam/Library/Developer/Xcode/DerivedData/Telegram-Mac-fygdgghdgmuleoelvxabfmqiotta/Build/Intermediates.noindex/Firebase.build/Debug/FirebaseCrashlytics-t.build/Objects-normal/arm64/e6072d4f65d7061329687fe24e3d63a7-common-args.resp
    
    /Applications/Xcode.app/Contents/Developer/Toolchains/XcodeDefault.xctoolchain/usr/bin/clang -x objective-c -ivfsstatcache /Users/buddhirajgautam/Library/Developer/Xcode/DerivedData/SDKStatCaches.noindex/macosx27.0-26A425-e829b21a6f8c9b70876ba0858053c0447231f6df4def33e022ae2eb8f782df1a.sdkstatcache -target arm64-apple-macos12.0 -fmessage-length\=0 -fdiagnostics-show-note-include-stack -fmacro-backtrace-limit\=0 -fno-color-diagnostics -fmodules-prune-interval\=86400 -fmodules-prune-after\=345600 -fbuild-session-file\=/Users/buddhirajgautam/Library/Developer/Xcode/DerivedData/ModuleCache.noindex/Session.modulevalidation -fmodules-validate-once-per-build-session -Wnon-modular-include-in-framework-module -Werror\=non-modular-include-in-framework-module -Wno-trigraphs -Wno-missing-field-initializers -Wno-missing-prototypes -Wno-return-type -Wno-implicit-atomic-properties -Wno-objc-interface-ivars -Wno-arc-repeated-use-of-weak -Wno-missing-braces -Wparentheses -Wswitch -Wno-unused-function -Wno-unused-label -Wno-unused-parameter -Wno-unused-variable -Wunused-value -Wno-empty-body -Wno-uninitialized -Wno-unknown-pragmas -w -Wno-shadow -Wno-four-char-constants -Wno-conversion -Wno-constant-conversion -Wno-int-conversion -Wno-bool-conversion -Wno-enum-conversion -Wno-float-conversion -Wno-non-literal-null-conversion -Wno-objc-literal-conversion -Wshorten-64-to-32 -Wpointer-sign -Wno-newline-eof -Wno-selector -Wno-strict-selector-match -Wno-undeclared-selector -Wno-deprecated-implementations -Wno-implicit-fallthrough -isysroot /Applications/Xcode.app/Contents/Developer/Platforms/MacOSX.platform/Developer/SDKs/MacOSX27.0.sdk -fstrict-aliasing -Wprotocol -Wdeprecated-declarations -Wno-sign-conversion -Wno-infinite-recursion -Wno-comma -Wno-block-capture-autoreleasing -Wno-strict-prototypes -Wno-semicolon-before-method-body -index-store-path /Users/buddhirajgautam/Library/Developer/Xcode/DerivedData/Telegram-Mac-fygdgghdgmuleoelvxabfmqiotta/Index.noindex/DataStore @/Users/buddhirajgautam/Library/Developer/Xcode/DerivedData/Telegram-Mac-fygdgghdgmuleoelvxabfmqiotta/Build/Intermediates.noindex/Firebase.build/Debug/FirebaseCrashlytics-t.build/Objects-normal/arm64/e6072d4f65d7061329687fe24e3d63a7-common-args.resp -MMD -MT dependencies -MF /Users/buddhirajgautam/Library/Developer/Xcode/DerivedData/Telegram-Mac-fygdgghdgmuleoelvxabfmqiotta/Build/Intermediates.noindex/Firebase.build/Debug/FirebaseCrashlytics-t.build/Objects-normal/arm64/FIRCLSApplicationIdentifierModel.d --serialize-diagnostics /Users/buddhirajgautam/Library/Developer/Xcode/DerivedData/Telegram-Mac-fygdgghdgmuleoelvxabfmqiotta/Build/Intermediates.noindex/Firebase.build/Debug/FirebaseCrashlytics-t.build/Objects-normal/arm64/FIRCLSApplicationIdentifierModel.dia -c /Users/buddhirajgautam/Library/Developer/Xcode/DerivedData/Telegram-Mac-fygdgghdgmuleoelvxabfmqiotta/SourcePackages/checkouts/firebase-ios-sdk/Crashlytics/Crashlytics/Settings/Models/FIRCLSApplicationIdentifierModel.m -o /Users/buddhirajgautam/Library/Developer/Xcode/DerivedData/Telegram-Mac-fygdgghdgmuleoelvxabfmqiotta/Build/Intermediates.noindex/Firebase.build/Debug/FirebaseCrashlytics-t.build/Objects-normal/arm64/FIRCLSApplicationIdentifierModel.o -index-unit-output-path /Firebase.build/Debug/FirebaseCrashlytics-t.build/Objects-normal/arm64/FIRCLSApplicationIdentifierModel.o

CompileC /Users/buddhirajgautam/Library/Developer/Xcode/DerivedData/Telegram-Mac-fygdgghdgmuleoelvxabfmqiotta/Build/Intermediates.noindex/Firebase.build/Debug/FirebaseCrashlytics-t.build/Objects-normal/arm64/FIRCLSAnalyticsManager.o /Users/buddhirajgautam/Library/Developer/Xcode/DerivedData/Telegram-Mac-fygdgghdgmuleoelvxabfmqiotta/SourcePackages/checkouts/firebase-ios-sdk/Crashlytics/Crashlytics/Controllers/FIRCLSAnalyticsManager.m normal arm64 objective-c com.apple.compilers.llvm.clang.1_0.compiler (in target 'FirebaseCrashlytics' from project 'Firebase')
    cd /Users/buddhirajgautam/Documents/Cherrygram-Mac/macOS-Swift
    
    Using response file: /Users/buddhirajgautam/Library/Developer/Xcode/DerivedData/Telegram-Mac-fygdgghdgmuleoelvxabfmqiotta/Build/Intermediates.noindex/Firebase.build/Debug/FirebaseCrashlytics-t.build/Objects-normal/arm64/e6072d4f65d7061329687fe24e3d63a7-common-args.resp
    
    /Applications/Xcode.app/Contents/Developer/Toolchains/XcodeDefault.xctoolchain/usr/bin/clang -x objective-c -ivfsstatcache /Users/buddhirajgautam/Library/Developer/Xcode/DerivedData/SDKStatCaches.noindex/macosx27.0-26A425-e829b21a6f8c9b70876ba0858053c0447231f6df4def33e022ae2eb8f782df1a.sdkstatcache -target arm64-apple-macos12.0 -fmessage-length\=0 -fdiagnostics-show-note-include-stack -fmacro-backtrace-limit\=0 -fno-color-diagnostics -fmodules-prune-interval\=86400 -fmodules-prune-after\=345600 -fbuild-session-file\=/Users/buddhirajgautam/Library/Developer/Xcode/DerivedData/ModuleCache.noindex/Session.modulevalidation -fmodules-validate-once-per-build-session -Wnon-modular-include-in-framework-module -Werror\=non-modular-include-in-framework-module -Wno-trigraphs -Wno-missing-field-initializers -Wno-missing-prototypes -Wno-return-type -Wno-implicit-atomic-properties -Wno-objc-interface-ivars -Wno-arc-repeated-use-of-weak -Wno-missing-braces -Wparentheses -Wswitch -Wno-unused-function -Wno-unused-label -Wno-unused-parameter -Wno-unused-variable -Wunused-value -Wno-empty-body -Wno-uninitialized -Wno-unknown-pragmas -w -Wno-shadow -Wno-four-char-constants -Wno-conversion -Wno-constant-conversion -Wno-int-conversion -Wno-bool-conversion -Wno-enum-conversion -Wno-float-conversion -Wno-non-literal-null-conversion -Wno-objc-literal-conversion -Wshorten-64-to-32 -Wpointer-sign -Wno-newline-eof -Wno-selector -Wno-strict-selector-match -Wno-undeclared-selector -Wno-deprecated-implementations -Wno-implicit-fallthrough -isysroot /Applications/Xcode.app/Contents/Developer/Platforms/MacOSX.platform/Developer/SDKs/MacOSX27.0.sdk -fstrict-aliasing -Wprotocol -Wdeprecated-declarations -Wno-sign-conversion -Wno-infinite-recursion -Wno-comma -Wno-block-capture-autoreleasing -Wno-strict-prototypes -Wno-semicolon-before-method-body -index-store-path /Users/buddhirajgautam/Library/Developer/Xcode/DerivedData/Telegram-Mac-fygdgghdgmuleoelvxabfmqiotta/Index.noindex/DataStore @/Users/buddhirajgautam/Library/Developer/Xcode/DerivedData/Telegram-Mac-fygdgghdgmuleoelvxabfmqiotta/Build/Intermediates.noindex/Firebase.build/Debug/FirebaseCrashlytics-t.build/Objects-normal/arm64/e6072d4f65d7061329687fe24e3d63a7-common-args.resp -MMD -MT dependencies -MF /Users/buddhirajgautam/Library/Developer/Xcode/DerivedData/Telegram-Mac-fygdgghdgmuleoelvxabfmqiotta/Build/Intermediates.noindex/Firebase.build/Debug/FirebaseCrashlytics-t.build/Objects-normal/arm64/FIRCLSAnalyticsManager.d --serialize-diagnostics /Users/buddhirajgautam/Library/Developer/Xcode/DerivedData/Telegram-Mac-fygdgghdgmuleoelvxabfmqiotta/Build/Intermediates.noindex/Firebase.build/Debug/FirebaseCrashlytics-t.build/Objects-normal/arm64/FIRCLSAnalyticsManager.dia -c /Users/buddhirajgautam/Library/Developer/Xcode/DerivedData/Telegram-Mac-fygdgghdgmuleoelvxabfmqiotta/SourcePackages/checkouts/firebase-ios-sdk/Crashlytics/Crashlytics/Controllers/FIRCLSAnalyticsManager.m -o /Users/buddhirajgautam/Library/Developer/Xcode/DerivedData/Telegram-Mac-fygdgghdgmuleoelvxabfmqiotta/Build/Intermediates.noindex/Firebase.build/Debug/FirebaseCrashlytics-t.build/Objects-normal/arm64/FIRCLSAnalyticsManager.o -index-unit-output-path /Firebase.build/Debug/FirebaseCrashlytics-t.build/Objects-normal/arm64/FIRCLSAnalyticsManager.o

CompileC /Users/buddhirajgautam/Library/Developer/Xcode/DerivedData/Telegram-Mac-fygdgghdgmuleoelvxabfmqiotta/Build/Intermediates.noindex/EDSunriseSet.build/Debug/EDSunriseSet-t.build/Objects-normal/arm64/EDSunriseSet.o /Users/buddhirajgautam/Documents/Cherrygram-Mac/macOS-Swift/packages/EDSunriseSet/Sources/EDSunriseSet/EDSunriseSet.m normal arm64 objective-c com.apple.compilers.llvm.clang.1_0.compiler (in target 'EDSunriseSet' from project 'EDSunriseSet')
    cd /Users/buddhirajgautam/Documents/Cherrygram-Mac/macOS-Swift
    
    Using response file: /Users/buddhirajgautam/Library/Developer/Xcode/DerivedData/Telegram-Mac-fygdgghdgmuleoelvxabfmqiotta/Build/Intermediates.noindex/EDSunriseSet.build/Debug/EDSunriseSet-t.build/Objects-normal/arm64/e6072d4f65d7061329687fe24e3d63a7-common-args.resp
    
    /Applications/Xcode.app/Contents/Developer/Toolchains/XcodeDefault.xctoolchain/usr/bin/clang -x objective-c -ivfsstatcache /Users/buddhirajgautam/Library/Developer/Xcode/DerivedData/SDKStatCaches.noindex/macosx27.0-26A425-e829b21a6f8c9b70876ba0858053c0447231f6df4def33e022ae2eb8f782df1a.sdkstatcache -target arm64-apple-macos12.0 -fmessage-length\=0 -fdiagnostics-show-note-include-stack -fmacro-backtrace-limit\=0 -fno-color-diagnostics -fmodules-prune-interval\=86400 -fmodules-prune-after\=345600 -fbuild-session-file\=/Users/buddhirajgautam/Library/Developer/Xcode/DerivedData/ModuleCache.noindex/Session.modulevalidation -fmodules-validate-once-per-build-session -Wnon-modular-include-in-framework-module -Werror\=non-modular-include-in-framework-module -Wno-trigraphs -Wno-missing-field-initializers -Wno-missing-prototypes -Wno-return-type -Wno-implicit-atomic-properties -Wno-objc-interface-ivars -Wno-arc-repeated-use-of-weak -Wno-missing-braces -Wparentheses -Wswitch -Wno-unused-function -Wno-unused-label -Wno-unused-parameter -Wno-unused-variable -Wunused-value -Wno-empty-body -Wno-uninitialized -Wno-unknown-pragmas -Wno-shadow -Wno-four-char-constants -Wno-conversion -Wno-constant-conversion -Wno-int-conversion -Wno-bool-conversion -Wno-enum-conversion -Wno-float-conversion -Wno-non-literal-null-conversion -Wno-objc-literal-conversion -Wshorten-64-to-32 -Wpointer-sign -Wno-newline-eof -Wno-selector -Wno-strict-selector-match -Wno-undeclared-selector -Wno-deprecated-implementations -Wno-implicit-fallthrough -isysroot /Applications/Xcode.app/Contents/Developer/Platforms/MacOSX.platform/Developer/SDKs/MacOSX27.0.sdk -fstrict-aliasing -Wprotocol -Wdeprecated-declarations -Wno-sign-conversion -Wno-infinite-recursion -Wno-comma -Wno-block-capture-autoreleasing -Wno-strict-prototypes -Wno-semicolon-before-method-body -index-store-path /Users/buddhirajgautam/Library/Developer/Xcode/DerivedData/Telegram-Mac-fygdgghdgmuleoelvxabfmqiotta/Index.noindex/DataStore @/Users/buddhirajgautam/Library/Developer/Xcode/DerivedData/Telegram-Mac-fygdgghdgmuleoelvxabfmqiotta/Build/Intermediates.noindex/EDSunriseSet.build/Debug/EDSunriseSet-t.build/Objects-normal/arm64/e6072d4f65d7061329687fe24e3d63a7-common-args.resp -MMD -MT dependencies -MF /Users/buddhirajgautam/Library/Developer/Xcode/DerivedData/Telegram-Mac-fygdgghdgmuleoelvxabfmqiotta/Build/Intermediates.noindex/EDSunriseSet.build/Debug/EDSunriseSet-t.build/Objects-normal/arm64/EDSunriseSet.d --serialize-diagnostics /Users/buddhirajgautam/Library/Developer/Xcode/DerivedData/Telegram-Mac-fygdgghdgmuleoelvxabfmqiotta/Build/Intermediates.noindex/EDSunriseSet.build/Debug/EDSunriseSet-t.build/Objects-normal/arm64/EDSunriseSet.dia -c /Users/buddhirajgautam/Documents/Cherrygram-Mac/macOS-Swift/packages/EDSunriseSet/Sources/EDSunriseSet/EDSunriseSet.m -o /Users/buddhirajgautam/Library/Developer/Xcode/DerivedData/Telegram-Mac-fygdgghdgmuleoelvxabfmqiotta/Build/Intermediates.noindex/EDSunriseSet.build/Debug/EDSunriseSet-t.build/Objects-normal/arm64/EDSunriseSet.o -index-unit-output-path /EDSunriseSet.build/Debug/EDSunriseSet-t.build/Objects-normal/arm64/EDSunriseSet.o

CompileC /Users/buddhirajgautam/Library/Developer/Xcode/DerivedData/Telegram-Mac-fygdgghdgmuleoelvxabfmqiotta/Build/Intermediates.noindex/DarwinDirStat.build/Debug/DarwinDirStat-t.build/Objects-normal/arm64/DarwinDirStat.o /Users/buddhirajgautam/Documents/Cherrygram-Mac/macOS-Swift/submodules/telegram-ios/submodules/Utils/DarwinDirStat/Sources/DarwinDirStat.m normal arm64 objective-c com.apple.compilers.llvm.clang.1_0.compiler (in target 'DarwinDirStat' from project 'DarwinDirStat')
    cd /Users/buddhirajgautam/Documents/Cherrygram-Mac/macOS-Swift
    
    Using response file: /Users/buddhirajgautam/Library/Developer/Xcode/DerivedData/Telegram-Mac-fygdgghdgmuleoelvxabfmqiotta/Build/Intermediates.noindex/DarwinDirStat.build/Debug/DarwinDirStat-t.build/Objects-normal/arm64/e6072d4f65d7061329687fe24e3d63a7-common-args.resp
    
    /Applications/Xcode.app/Contents/Developer/Toolchains/XcodeDefault.xctoolchain/usr/bin/clang -x objective-c -ivfsstatcache /Users/buddhirajgautam/Library/Developer/Xcode/DerivedData/SDKStatCaches.noindex/macosx27.0-26A425-e829b21a6f8c9b70876ba0858053c0447231f6df4def33e022ae2eb8f782df1a.sdkstatcache -target arm64-apple-macos12.0 -fmessage-length\=0 -fdiagnostics-show-note-include-stack -fmacro-backtrace-limit\=0 -fno-color-diagnostics -fmodules-prune-interval\=86400 -fmodules-prune-after\=345600 -fbuild-session-file\=/Users/buddhirajgautam/Library/Developer/Xcode/DerivedData/ModuleCache.noindex/Session.modulevalidation -fmodules-validate-once-per-build-session -Wnon-modular-include-in-framework-module -Werror\=non-modular-include-in-framework-module -Wno-trigraphs -Wno-missing-field-initializers -Wno-missing-prototypes -Wno-return-type -Wno-implicit-atomic-properties -Wno-objc-interface-ivars -Wno-arc-repeated-use-of-weak -Wno-missing-braces -Wparentheses -Wswitch -Wno-unused-function -Wno-unused-label -Wno-unused-parameter -Wno-unused-variable -Wunused-value -Wno-empty-body -Wno-uninitialized -Wno-unknown-pragmas -Wno-shadow -Wno-four-char-constants -Wno-conversion -Wno-constant-conversion -Wno-int-conversion -Wno-bool-conversion -Wno-enum-conversion -Wno-float-conversion -Wno-non-literal-null-conversion -Wno-objc-literal-conversion -Wshorten-64-to-32 -Wpointer-sign -Wno-newline-eof -Wno-selector -Wno-strict-selector-match -Wno-undeclared-selector -Wno-deprecated-implementations -Wno-implicit-fallthrough -isysroot /Applications/Xcode.app/Contents/Developer/Platforms/MacOSX.platform/Developer/SDKs/MacOSX27.0.sdk -fstrict-aliasing -Wprotocol -Wdeprecated-declarations -Wno-sign-conversion -Wno-infinite-recursion -Wno-comma -Wno-block-capture-autoreleasing -Wno-strict-prototypes -Wno-semicolon-before-method-body -index-store-path /Users/buddhirajgautam/Library/Developer/Xcode/DerivedData/Telegram-Mac-fygdgghdgmuleoelvxabfmqiotta/Index.noindex/DataStore @/Users/buddhirajgautam/Library/Developer/Xcode/DerivedData/Telegram-Mac-fygdgghdgmuleoelvxabfmqiotta/Build/Intermediates.noindex/DarwinDirStat.build/Debug/DarwinDirStat-t.build/Objects-normal/arm64/e6072d4f65d7061329687fe24e3d63a7-common-args.resp -MMD -MT dependencies -MF /Users/buddhirajgautam/Library/Developer/Xcode/DerivedData/Telegram-Mac-fygdgghdgmuleoelvxabfmqiotta/Build/Intermediates.noindex/DarwinDirStat.build/Debug/DarwinDirStat-t.build/Objects-normal/arm64/DarwinDirStat.d --serialize-diagnostics /Users/buddhirajgautam/Library/Developer/Xcode/DerivedData/Telegram-Mac-fygdgghdgmuleoelvxabfmqiotta/Build/Intermediates.noindex/DarwinDirStat.build/Debug/DarwinDirStat-t.build/Objects-normal/arm64/DarwinDirStat.dia -c /Users/buddhirajgautam/Documents/Cherrygram-Mac/macOS-Swift/submodules/telegram-ios/submodules/Utils/DarwinDirStat/Sources/DarwinDirStat.m -o /Users/buddhirajgautam/Library/Developer/Xcode/DerivedData/Telegram-Mac-fygdgghdgmuleoelvxabfmqiotta/Build/Intermediates.noindex/DarwinDirStat.build/Debug/DarwinDirStat-t.build/Objects-normal/arm64/DarwinDirStat.o -index-unit-output-path /DarwinDirStat.build/Debug/DarwinDirStat-t.build/Objects-normal/arm64/DarwinDirStat.o

SwiftDriverJobDiscovery normal arm64 Compiling CurrencyLocale.swift (in target 'CurrencyFormat' from project 'CurrencyFormat')

PrecompileModule /Users/buddhirajgautam/Library/Developer/Xcode/DerivedData/Telegram-Mac-fygdgghdgmuleoelvxabfmqiotta/Build/Intermediates.noindex/ExplicitPrecompiledModules/Symbols-DQW7PND3YYW1EI1RF6PYAPPE9.scan
    cd /
    builtin-precompileModule /Users/buddhirajgautam/Library/Developer/Xcode/DerivedData/Telegram-Mac-fygdgghdgmuleoelvxabfmqiotta/Build/Intermediates.noindex/ExplicitPrecompiledModules/Symbols-DQW7PND3YYW1EI1RF6PYAPPE9.scan

PrecompileModule /Users/buddhirajgautam/Library/Developer/Xcode/DerivedData/Telegram-Mac-fygdgghdgmuleoelvxabfmqiotta/Build/Intermediates.noindex/ExplicitPrecompiledModules/FirebaseInstallations-F59SH45OF8PPNJQZBKN21RDRT.scan
    cd /
    builtin-precompileModule /Users/buddhirajgautam/Library/Developer/Xcode/DerivedData/Telegram-Mac-fygdgghdgmuleoelvxabfmqiotta/Build/Intermediates.noindex/ExplicitPrecompiledModules/FirebaseInstallations-F59SH45OF8PPNJQZBKN21RDRT.scan

PrecompileModule /Users/buddhirajgautam/Library/Developer/Xcode/DerivedData/Telegram-Mac-fygdgghdgmuleoelvxabfmqiotta/Build/Intermediates.noindex/ExplicitPrecompiledModules/_Builtin_stdint-2CDO68ULW0WNRKIRGJ6OVHD9O.scan
    cd /
    builtin-precompileModule /Users/buddhirajgautam/Library/Developer/Xcode/DerivedData/Telegram-Mac-fygdgghdgmuleoelvxabfmqiotta/Build/Intermediates.noindex/ExplicitPrecompiledModules/_Builtin_stdint-2CDO68ULW0WNRKIRGJ6OVHD9O.scan

PrecompileModule /Users/buddhirajgautam/Library/Developer/Xcode/DerivedData/Telegram-Mac-fygdgghdgmuleoelvxabfmqiotta/Build/Intermediates.noindex/ExplicitPrecompiledModules/_LocationEssentials-WVMQ8NVYXDA40XEAHVQZB8VL.scan
    cd /
    builtin-precompileModule /Users/buddhirajgautam/Library/Developer/Xcode/DerivedData/Telegram-Mac-fygdgghdgmuleoelvxabfmqiotta/Build/Intermediates.noindex/ExplicitPrecompiledModules/_LocationEssentials-WVMQ8NVYXDA40XEAHVQZB8VL.scan

PrecompileModule /Users/buddhirajgautam/Library/Developer/Xcode/DerivedData/Telegram-Mac-fygdgghdgmuleoelvxabfmqiotta/Build/Intermediates.noindex/ExplicitPrecompiledModules/ApplicationServices-34IL084X7K113RYCL4FK6TO3H.scan
    cd /
    builtin-precompileModule /Users/buddhirajgautam/Library/Developer/Xcode/DerivedData/Telegram-Mac-fygdgghdgmuleoelvxabfmqiotta/Build/Intermediates.noindex/ExplicitPrecompiledModules/ApplicationServices-34IL084X7K113RYCL4FK6TO3H.scan

Ld /Users/buddhirajgautam/Library/Developer/Xcode/DerivedData/Telegram-Mac-fygdgghdgmuleoelvxabfmqiotta/Build/Products/Debug/DarwinDirStat.o normal (in target 'DarwinDirStat' from project 'DarwinDirStat')
    cd /Users/buddhirajgautam/Documents/Cherrygram-Mac/macOS-Swift/submodules/telegram-ios/submodules/Utils/DarwinDirStat
    /Applications/Xcode.app/Contents/Developer/Toolchains/XcodeDefault.xctoolchain/usr/bin/clang -Xlinker -reproducible -target arm64-apple-macos12.0 -r -isysroot /Applications/Xcode.app/Contents/Developer/Platforms/MacOSX.platform/Developer/SDKs/MacOSX27.0.sdk -O0 -Xlinker -no_warn_duplicate_libraries -F/Users/buddhirajgautam/Library/Developer/Xcode/DerivedData/Telegram-Mac-fygdgghdgmuleoelvxabfmqiotta/Build/Intermediates.noindex/EagerLinkingTBDs/Debug -F/Users/buddhirajgautam/Library/Developer/Xcode/DerivedData/Telegram-Mac-fygdgghdgmuleoelvxabfmqiotta/Build/Products/Debug -iframework /Applications/Xcode.app/Contents/Developer/Platforms/MacOSX.platform/Developer/Library/Frameworks -filelist /Users/buddhirajgautam/Library/Developer/Xcode/DerivedData/Telegram-Mac-fygdgghdgmuleoelvxabfmqiotta/Build/Intermediates.noindex/DarwinDirStat.build/Debug/DarwinDirStat-t.build/Objects-normal/arm64/DarwinDirStat.LinkFileList -nostdlib -Xlinker -object_path_lto -Xlinker /Users/buddhirajgautam/Library/Developer/Xcode/DerivedData/Telegram-Mac-fygdgghdgmuleoelvxabfmqiotta/Build/Intermediates.noindex/DarwinDirStat.build/Debug/DarwinDirStat-t.build/Objects-normal/arm64/DarwinDirStat_lto.o -Xlinker -no_deduplicate -Xlinker -debug_variant -Xlinker -dependency_info -Xlinker /Users/buddhirajgautam/Library/Developer/Xcode/DerivedData/Telegram-Mac-fygdgghdgmuleoelvxabfmqiotta/Build/Intermediates.noindex/DarwinDirStat.build/Debug/DarwinDirStat-t.build/Objects-normal/arm64/DarwinDirStat_dependency_info.dat -fobjc-arc -fobjc-link-runtime -o /Users/buddhirajgautam/Library/Developer/Xcode/DerivedData/Telegram-Mac-fygdgghdgmuleoelvxabfmqiotta/Build/Products/Debug/DarwinDirStat.o

PrecompileModule /Users/buddhirajgautam/Library/Developer/Xcode/DerivedData/Telegram-Mac-fygdgghdgmuleoelvxabfmqiotta/Build/Intermediates.noindex/ExplicitPrecompiledModules/_DarwinFoundation3-3AA0X154VZJNSDGJA6H73C7G.scan
    cd /
    builtin-precompileModule /Users/buddhirajgautam/Library/Developer/Xcode/DerivedData/Telegram-Mac-fygdgghdgmuleoelvxabfmqiotta/Build/Intermediates.noindex/ExplicitPrecompiledModules/_DarwinFoundation3-3AA0X154VZJNSDGJA6H73C7G.scan

PrecompileModule /Users/buddhirajgautam/Library/Developer/Xcode/DerivedData/Telegram-Mac-fygdgghdgmuleoelvxabfmqiotta/Build/Intermediates.noindex/ExplicitPrecompiledModules/FBLPromises-BZPMD4GQESJ3J05SLO1RTP9XQ.scan
    cd /
    builtin-precompileModule /Users/buddhirajgautam/Library/Developer/Xcode/DerivedData/Telegram-Mac-fygdgghdgmuleoelvxabfmqiotta/Build/Intermediates.noindex/ExplicitPrecompiledModules/FBLPromises-BZPMD4GQESJ3J05SLO1RTP9XQ.scan

CompileC /Users/buddhirajgautam/Library/Developer/Xcode/DerivedData/Telegram-Mac-fygdgghdgmuleoelvxabfmqiotta/Build/Intermediates.noindex/Firebase.build/Debug/FirebaseCrashlytics-t.build/Objects-normal/arm64/FIRCLSInstallIdentifierModel.o /Users/buddhirajgautam/Library/Developer/Xcode/DerivedData/Telegram-Mac-fygdgghdgmuleoelvxabfmqiotta/SourcePackages/checkouts/firebase-ios-sdk/Crashlytics/Crashlytics/Models/FIRCLSInstallIdentifierModel.m normal arm64 objective-c com.apple.compilers.llvm.clang.1_0.compiler (in target 'FirebaseCrashlytics' from project 'Firebase')
    cd /Users/buddhirajgautam/Documents/Cherrygram-Mac/macOS-Swift
    
    Using response file: /Users/buddhirajgautam/Library/Developer/Xcode/DerivedData/Telegram-Mac-fygdgghdgmuleoelvxabfmqiotta/Build/Intermediates.noindex/Firebase.build/Debug/FirebaseCrashlytics-t.build/Objects-normal/arm64/e6072d4f65d7061329687fe24e3d63a7-common-args.resp
    
    /Applications/Xcode.app/Contents/Developer/Toolchains/XcodeDefault.xctoolchain/usr/bin/clang -x objective-c -ivfsstatcache /Users/buddhirajgautam/Library/Developer/Xcode/DerivedData/SDKStatCaches.noindex/macosx27.0-26A425-e829b21a6f8c9b70876ba0858053c0447231f6df4def33e022ae2eb8f782df1a.sdkstatcache -target arm64-apple-macos12.0 -fmessage-length\=0 -fdiagnostics-show-note-include-stack -fmacro-backtrace-limit\=0 -fno-color-diagnostics -fmodules-prune-interval\=86400 -fmodules-prune-after\=345600 -fbuild-session-file\=/Users/buddhirajgautam/Library/Developer/Xcode/DerivedData/ModuleCache.noindex/Session.modulevalidation -fmodules-validate-once-per-build-session -Wnon-modular-include-in-framework-module -Werror\=non-modular-include-in-framework-module -Wno-trigraphs -Wno-missing-field-initializers -Wno-missing-prototypes -Wno-return-type -Wno-implicit-atomic-properties -Wno-objc-interface-ivars -Wno-arc-repeated-use-of-weak -Wno-missing-braces -Wparentheses -Wswitch -Wno-unused-function -Wno-unused-label -Wno-unused-parameter -Wno-unused-variable -Wunused-value -Wno-empty-body -Wno-uninitialized -Wno-unknown-pragmas -w -Wno-shadow -Wno-four-char-constants -Wno-conversion -Wno-constant-conversion -Wno-int-conversion -Wno-bool-conversion -Wno-enum-conversion -Wno-float-conversion -Wno-non-literal-null-conversion -Wno-objc-literal-conversion -Wshorten-64-to-32 -Wpointer-sign -Wno-newline-eof -Wno-selector -Wno-strict-selector-match -Wno-undeclared-selector -Wno-deprecated-implementations -Wno-implicit-fallthrough -isysroot /Applications/Xcode.app/Contents/Developer/Platforms/MacOSX.platform/Developer/SDKs/MacOSX27.0.sdk -fstrict-aliasing -Wprotocol -Wdeprecated-declarations -Wno-sign-conversion -Wno-infinite-recursion -Wno-comma -Wno-block-capture-autoreleasing -Wno-strict-prototypes -Wno-semicolon-before-method-body -index-store-path /Users/buddhirajgautam/Library/Developer/Xcode/DerivedData/Telegram-Mac-fygdgghdgmuleoelvxabfmqiotta/Index.noindex/DataStore @/Users/buddhirajgautam/Library/Developer/Xcode/DerivedData/Telegram-Mac-fygdgghdgmuleoelvxabfmqiotta/Build/Intermediates.noindex/Firebase.build/Debug/FirebaseCrashlytics-t.build/Objects-normal/arm64/e6072d4f65d7061329687fe24e3d63a7-common-args.resp -MMD -MT dependencies -MF /Users/buddhirajgautam/Library/Developer/Xcode/DerivedData/Telegram-Mac-fygdgghdgmuleoelvxabfmqiotta/Build/Intermediates.noindex/Firebase.build/Debug/FirebaseCrashlytics-t.build/Objects-normal/arm64/FIRCLSInstallIdentifierModel.d --serialize-diagnostics /Users/buddhirajgautam/Library/Developer/Xcode/DerivedData/Telegram-Mac-fygdgghdgmuleoelvxabfmqiotta/Build/Intermediates.noindex/Firebase.build/Debug/FirebaseCrashlytics-t.build/Objects-normal/arm64/FIRCLSInstallIdentifierModel.dia -c /Users/buddhirajgautam/Library/Developer/Xcode/DerivedData/Telegram-Mac-fygdgghdgmuleoelvxabfmqiotta/SourcePackages/checkouts/firebase-ios-sdk/Crashlytics/Crashlytics/Models/FIRCLSInstallIdentifierModel.m -o /Users/buddhirajgautam/Library/Developer/Xcode/DerivedData/Telegram-Mac-fygdgghdgmuleoelvxabfmqiotta/Build/Intermediates.noindex/Firebase.build/Debug/FirebaseCrashlytics-t.build/Objects-normal/arm64/FIRCLSInstallIdentifierModel.o -index-unit-output-path /Firebase.build/Debug/FirebaseCrashlytics-t.build/Objects-normal/arm64/FIRCLSInstallIdentifierModel.o

Ld /Users/buddhirajgautam/Library/Developer/Xcode/DerivedData/Telegram-Mac-fygdgghdgmuleoelvxabfmqiotta/Build/Products/Debug/EDSunriseSet.o normal (in target 'EDSunriseSet' from project 'EDSunriseSet')
    cd /Users/buddhirajgautam/Documents/Cherrygram-Mac/macOS-Swift/packages/EDSunriseSet
    /Applications/Xcode.app/Contents/Developer/Toolchains/XcodeDefault.xctoolchain/usr/bin/clang -Xlinker -reproducible -target arm64-apple-macos12.0 -r -isysroot /Applications/Xcode.app/Contents/Developer/Platforms/MacOSX.platform/Developer/SDKs/MacOSX27.0.sdk -O0 -Xlinker -no_warn_duplicate_libraries -F/Users/buddhirajgautam/Library/Developer/Xcode/DerivedData/Telegram-Mac-fygdgghdgmuleoelvxabfmqiotta/Build/Intermediates.noindex/EagerLinkingTBDs/Debug -F/Users/buddhirajgautam/Library/Developer/Xcode/DerivedData/Telegram-Mac-fygdgghdgmuleoelvxabfmqiotta/Build/Products/Debug -iframework /Applications/Xcode.app/Contents/Developer/Platforms/MacOSX.platform/Developer/Library/Frameworks -filelist /Users/buddhirajgautam/Library/Developer/Xcode/DerivedData/Telegram-Mac-fygdgghdgmuleoelvxabfmqiotta/Build/Intermediates.noindex/EDSunriseSet.build/Debug/EDSunriseSet-t.build/Objects-normal/arm64/EDSunriseSet.LinkFileList -nostdlib -Xlinker -object_path_lto -Xlinker /Users/buddhirajgautam/Library/Developer/Xcode/DerivedData/Telegram-Mac-fygdgghdgmuleoelvxabfmqiotta/Build/Intermediates.noindex/EDSunriseSet.build/Debug/EDSunriseSet-t.build/Objects-normal/arm64/EDSunriseSet_lto.o -Xlinker -no_deduplicate -Xlinker -debug_variant -Xlinker -dependency_info -Xlinker /Users/buddhirajgautam/Library/Developer/Xcode/DerivedData/Telegram-Mac-fygdgghdgmuleoelvxabfmqiotta/Build/Intermediates.noindex/EDSunriseSet.build/Debug/EDSunriseSet-t.build/Objects-normal/arm64/EDSunriseSet_dependency_info.dat -fobjc-arc -fobjc-link-runtime -o /Users/buddhirajgautam/Library/Developer/Xcode/DerivedData/Telegram-Mac-fygdgghdgmuleoelvxabfmqiotta/Build/Products/Debug/EDSunriseSet.o

PrecompileModule /Users/buddhirajgautam/Library/Developer/Xcode/DerivedData/Telegram-Mac-fygdgghdgmuleoelvxabfmqiotta/Build/Intermediates.noindex/ExplicitPrecompiledModules/CoreLocation-EHEC5GD0JEB1SJDV1LILHDWEC.scan
    cd /
    builtin-precompileModule /Users/buddhirajgautam/Library/Developer/Xcode/DerivedData/Telegram-Mac-fygdgghdgmuleoelvxabfmqiotta/Build/Intermediates.noindex/ExplicitPrecompiledModules/CoreLocation-EHEC5GD0JEB1SJDV1LILHDWEC.scan

CompileC /Users/buddhirajgautam/Library/Developer/Xcode/DerivedData/Telegram-Mac-fygdgghdgmuleoelvxabfmqiotta/Build/Intermediates.noindex/DetectSpeech.build/Debug/DetectSpeech-t.build/Objects-normal/arm64/DetectSpeech.o /Users/buddhirajgautam/Documents/Cherrygram-Mac/macOS-Swift/packages/DetectSpeech/Sources/DetectSpeech/DetectSpeech.m normal arm64 objective-c com.apple.compilers.llvm.clang.1_0.compiler (in target 'DetectSpeech' from project 'DetectSpeech')
    cd /Users/buddhirajgautam/Documents/Cherrygram-Mac/macOS-Swift
    
    Using response file: /Users/buddhirajgautam/Library/Developer/Xcode/DerivedData/Telegram-Mac-fygdgghdgmuleoelvxabfmqiotta/Build/Intermediates.noindex/DetectSpeech.build/Debug/DetectSpeech-t.build/Objects-normal/arm64/e6072d4f65d7061329687fe24e3d63a7-common-args.resp
    
    /Applications/Xcode.app/Contents/Developer/Toolchains/XcodeDefault.xctoolchain/usr/bin/clang -x objective-c -ivfsstatcache /Users/buddhirajgautam/Library/Developer/Xcode/DerivedData/SDKStatCaches.noindex/macosx27.0-26A425-e829b21a6f8c9b70876ba0858053c0447231f6df4def33e022ae2eb8f782df1a.sdkstatcache -target arm64-apple-macos12.0 -fmessage-length\=0 -fdiagnostics-show-note-include-stack -fmacro-backtrace-limit\=0 -fno-color-diagnostics -fmodules-prune-interval\=86400 -fmodules-prune-after\=345600 -fbuild-session-file\=/Users/buddhirajgautam/Library/Developer/Xcode/DerivedData/ModuleCache.noindex/Session.modulevalidation -fmodules-validate-once-per-build-session -Wnon-modular-include-in-framework-module -Werror\=non-modular-include-in-framework-module -Wno-trigraphs -Wno-missing-field-initializers -Wno-missing-prototypes -Wno-return-type -Wno-implicit-atomic-properties -Wno-objc-interface-ivars -Wno-arc-repeated-use-of-weak -Wno-missing-braces -Wparentheses -Wswitch -Wno-unused-function -Wno-unused-label -Wno-unused-parameter -Wno-unused-variable -Wunused-value -Wno-empty-body -Wno-uninitialized -Wno-unknown-pragmas -Wno-shadow -Wno-four-char-constants -Wno-conversion -Wno-constant-conversion -Wno-int-conversion -Wno-bool-conversion -Wno-enum-conversion -Wno-float-conversion -Wno-non-literal-null-conversion -Wno-objc-literal-conversion -Wshorten-64-to-32 -Wpointer-sign -Wno-newline-eof -Wno-selector -Wno-strict-selector-match -Wno-undeclared-selector -Wno-deprecated-implementations -Wno-implicit-fallthrough -isysroot /Applications/Xcode.app/Contents/Developer/Platforms/MacOSX.platform/Developer/SDKs/MacOSX27.0.sdk -fstrict-aliasing -Wprotocol -Wdeprecated-declarations -Wno-sign-conversion -Wno-infinite-recursion -Wno-comma -Wno-block-capture-autoreleasing -Wno-strict-prototypes -Wno-semicolon-before-method-body -index-store-path /Users/buddhirajgautam/Library/Developer/Xcode/DerivedData/Telegram-Mac-fygdgghdgmuleoelvxabfmqiotta/Index.noindex/DataStore @/Users/buddhirajgautam/Library/Developer/Xcode/DerivedData/Telegram-Mac-fygdgghdgmuleoelvxabfmqiotta/Build/Intermediates.noindex/DetectSpeech.build/Debug/DetectSpeech-t.build/Objects-normal/arm64/e6072d4f65d7061329687fe24e3d63a7-common-args.resp -MMD -MT dependencies -MF /Users/buddhirajgautam/Library/Developer/Xcode/DerivedData/Telegram-Mac-fygdgghdgmuleoelvxabfmqiotta/Build/Intermediates.noindex/DetectSpeech.build/Debug/DetectSpeech-t.build/Objects-normal/arm64/DetectSpeech.d --serialize-diagnostics /Users/buddhirajgautam/Library/Developer/Xcode/DerivedData/Telegram-Mac-fygdgghdgmuleoelvxabfmqiotta/Build/Intermediates.noindex/DetectSpeech.build/Debug/DetectSpeech-t.build/Objects-normal/arm64/DetectSpeech.dia -c /Users/buddhirajgautam/Documents/Cherrygram-Mac/macOS-Swift/packages/DetectSpeech/Sources/DetectSpeech/DetectSpeech.m -o /Users/buddhirajgautam/Library/Developer/Xcode/DerivedData/Telegram-Mac-fygdgghdgmuleoelvxabfmqiotta/Build/Intermediates.noindex/DetectSpeech.build/Debug/DetectSpeech-t.build/Objects-normal/arm64/DetectSpeech.o -index-unit-output-path /DetectSpeech.build/Debug/DetectSpeech-t.build/Objects-normal/arm64/DetectSpeech.o

PrecompileModule /Users/buddhirajgautam/Library/Developer/Xcode/DerivedData/Telegram-Mac-fygdgghdgmuleoelvxabfmqiotta/Build/Intermediates.noindex/ExplicitPrecompiledModules/GoogleDataTransport-5BJ8WL2FIB8XWVPUV1WNGPZXS.scan
    cd /
    builtin-precompileModule /Users/buddhirajgautam/Library/Developer/Xcode/DerivedData/Telegram-Mac-fygdgghdgmuleoelvxabfmqiotta/Build/Intermediates.noindex/ExplicitPrecompiledModules/GoogleDataTransport-5BJ8WL2FIB8XWVPUV1WNGPZXS.scan

PrecompileModule /Users/buddhirajgautam/Library/Developer/Xcode/DerivedData/Telegram-Mac-fygdgghdgmuleoelvxabfmqiotta/Build/Intermediates.noindex/ExplicitPrecompiledModules/IOSurface-3IPZ4JJUHCBJTY4JUB7THQ7KX.scan
    cd /
    builtin-precompileModule /Users/buddhirajgautam/Library/Developer/Xcode/DerivedData/Telegram-Mac-fygdgghdgmuleoelvxabfmqiotta/Build/Intermediates.noindex/ExplicitPrecompiledModules/IOSurface-3IPZ4JJUHCBJTY4JUB7THQ7KX.scan

CompileC /Users/buddhirajgautam/Library/Developer/Xcode/DerivedData/Telegram-Mac-fygdgghdgmuleoelvxabfmqiotta/Build/Intermediates.noindex/Firebase.build/Debug/FirebaseCrashlytics-t.build/Objects-normal/arm64/FIRCLSSettingsManager.o /Users/buddhirajgautam/Library/Developer/Xcode/DerivedData/Telegram-Mac-fygdgghdgmuleoelvxabfmqiotta/SourcePackages/checkouts/firebase-ios-sdk/Crashlytics/Crashlytics/Settings/FIRCLSSettingsManager.m normal arm64 objective-c com.apple.compilers.llvm.clang.1_0.compiler (in target 'FirebaseCrashlytics' from project 'Firebase')
    cd /Users/buddhirajgautam/Documents/Cherrygram-Mac/macOS-Swift
    
    Using response file: /Users/buddhirajgautam/Library/Developer/Xcode/DerivedData/Telegram-Mac-fygdgghdgmuleoelvxabfmqiotta/Build/Intermediates.noindex/Firebase.build/Debug/FirebaseCrashlytics-t.build/Objects-normal/arm64/e6072d4f65d7061329687fe24e3d63a7-common-args.resp
    
    /Applications/Xcode.app/Contents/Developer/Toolchains/XcodeDefault.xctoolchain/usr/bin/clang -x objective-c -ivfsstatcache /Users/buddhirajgautam/Library/Developer/Xcode/DerivedData/SDKStatCaches.noindex/macosx27.0-26A425-e829b21a6f8c9b70876ba0858053c0447231f6df4def33e022ae2eb8f782df1a.sdkstatcache -target arm64-apple-macos12.0 -fmessage-length\=0 -fdiagnostics-show-note-include-stack -fmacro-backtrace-limit\=0 -fno-color-diagnostics -fmodules-prune-interval\=86400 -fmodules-prune-after\=345600 -fbuild-session-file\=/Users/buddhirajgautam/Library/Developer/Xcode/DerivedData/ModuleCache.noindex/Session.modulevalidation -fmodules-validate-once-per-build-session -Wnon-modular-include-in-framework-module -Werror\=non-modular-include-in-framework-module -Wno-trigraphs -Wno-missing-field-initializers -Wno-missing-prototypes -Wno-return-type -Wno-implicit-atomic-properties -Wno-objc-interface-ivars -Wno-arc-repeated-use-of-weak -Wno-missing-braces -Wparentheses -Wswitch -Wno-unused-function -Wno-unused-label -Wno-unused-parameter -Wno-unused-variable -Wunused-value -Wno-empty-body -Wno-uninitialized -Wno-unknown-pragmas -w -Wno-shadow -Wno-four-char-constants -Wno-conversion -Wno-constant-conversion -Wno-int-conversion -Wno-bool-conversion -Wno-enum-conversion -Wno-float-conversion -Wno-non-literal-null-conversion -Wno-objc-literal-conversion -Wshorten-64-to-32 -Wpointer-sign -Wno-newline-eof -Wno-selector -Wno-strict-selector-match -Wno-undeclared-selector -Wno-deprecated-implementations -Wno-implicit-fallthrough -isysroot /Applications/Xcode.app/Contents/Developer/Platforms/MacOSX.platform/Developer/SDKs/MacOSX27.0.sdk -fstrict-aliasing -Wprotocol -Wdeprecated-declarations -Wno-sign-conversion -Wno-infinite-recursion -Wno-comma -Wno-block-capture-autoreleasing -Wno-strict-prototypes -Wno-semicolon-before-method-body -index-store-path /Users/buddhirajgautam/Library/Developer/Xcode/DerivedData/Telegram-Mac-fygdgghdgmuleoelvxabfmqiotta/Index.noindex/DataStore @/Users/buddhirajgautam/Library/Developer/Xcode/DerivedData/Telegram-Mac-fygdgghdgmuleoelvxabfmqiotta/Build/Intermediates.noindex/Firebase.build/Debug/FirebaseCrashlytics-t.build/Objects-normal/arm64/e6072d4f65d7061329687fe24e3d63a7-common-args.resp -MMD -MT dependencies -MF /Users/buddhirajgautam/Library/Developer/Xcode/DerivedData/Telegram-Mac-fygdgghdgmuleoelvxabfmqiotta/Build/Intermediates.noindex/Firebase.build/Debug/FirebaseCrashlytics-t.build/Objects-normal/arm64/FIRCLSSettingsManager.d --serialize-diagnostics /Users/buddhirajgautam/Library/Developer/Xcode/DerivedData/Telegram-Mac-fygdgghdgmuleoelvxabfmqiotta/Build/Intermediates.noindex/Firebase.build/Debug/FirebaseCrashlytics-t.build/Objects-normal/arm64/FIRCLSSettingsManager.dia -c /Users/buddhirajgautam/Library/Developer/Xcode/DerivedData/Telegram-Mac-fygdgghdgmuleoelvxabfmqiotta/SourcePackages/checkouts/firebase-ios-sdk/Crashlytics/Crashlytics/Settings/FIRCLSSettingsManager.m -o /Users/buddhirajgautam/Library/Developer/Xcode/DerivedData/Telegram-Mac-fygdgghdgmuleoelvxabfmqiotta/Build/Intermediates.noindex/Firebase.build/Debug/FirebaseCrashlytics-t.build/Objects-normal/arm64/FIRCLSSettingsManager.o -index-unit-output-path /Firebase.build/Debug/FirebaseCrashlytics-t.build/Objects-normal/arm64/FIRCLSSettingsManager.o

CompileC /Users/buddhirajgautam/Library/Developer/Xcode/DerivedData/Telegram-Mac-fygdgghdgmuleoelvxabfmqiotta/Build/Intermediates.noindex/Firebase.build/Debug/FirebaseCrashlytics-t.build/Objects-normal/arm64/FIRCLSSettings.o /Users/buddhirajgautam/Library/Developer/Xcode/DerivedData/Telegram-Mac-fygdgghdgmuleoelvxabfmqiotta/SourcePackages/checkouts/firebase-ios-sdk/Crashlytics/Crashlytics/Models/FIRCLSSettings.m normal arm64 objective-c com.apple.compilers.llvm.clang.1_0.compiler (in target 'FirebaseCrashlytics' from project 'Firebase')
    cd /Users/buddhirajgautam/Documents/Cherrygram-Mac/macOS-Swift
    
    Using response file: /Users/buddhirajgautam/Library/Developer/Xcode/DerivedData/Telegram-Mac-fygdgghdgmuleoelvxabfmqiotta/Build/Intermediates.noindex/Firebase.build/Debug/FirebaseCrashlytics-t.build/Objects-normal/arm64/e6072d4f65d7061329687fe24e3d63a7-common-args.resp
    
    /Applications/Xcode.app/Contents/Developer/Toolchains/XcodeDefault.xctoolchain/usr/bin/clang -x objective-c -ivfsstatcache /Users/buddhirajgautam/Library/Developer/Xcode/DerivedData/SDKStatCaches.noindex/macosx27.0-26A425-e829b21a6f8c9b70876ba0858053c0447231f6df4def33e022ae2eb8f782df1a.sdkstatcache -target arm64-apple-macos12.0 -fmessage-length\=0 -fdiagnostics-show-note-include-stack -fmacro-backtrace-limit\=0 -fno-color-diagnostics -fmodules-prune-interval\=86400 -fmodules-prune-after\=345600 -fbuild-session-file\=/Users/buddhirajgautam/Library/Developer/Xcode/DerivedData/ModuleCache.noindex/Session.modulevalidation -fmodules-validate-once-per-build-session -Wnon-modular-include-in-framework-module -Werror\=non-modular-include-in-framework-module -Wno-trigraphs -Wno-missing-field-initializers -Wno-missing-prototypes -Wno-return-type -Wno-implicit-atomic-properties -Wno-objc-interface-ivars -Wno-arc-repeated-use-of-weak -Wno-missing-braces -Wparentheses -Wswitch -Wno-unused-function -Wno-unused-label -Wno-unused-parameter -Wno-unused-variable -Wunused-value -Wno-empty-body -Wno-uninitialized -Wno-unknown-pragmas -w -Wno-shadow -Wno-four-char-constants -Wno-conversion -Wno-constant-conversion -Wno-int-conversion -Wno-bool-conversion -Wno-enum-conversion -Wno-float-conversion -Wno-non-literal-null-conversion -Wno-objc-literal-conversion -Wshorten-64-to-32 -Wpointer-sign -Wno-newline-eof -Wno-selector -Wno-strict-selector-match -Wno-undeclared-selector -Wno-deprecated-implementations -Wno-implicit-fallthrough -isysroot /Applications/Xcode.app/Contents/Developer/Platforms/MacOSX.platform/Developer/SDKs/MacOSX27.0.sdk -fstrict-aliasing -Wprotocol -Wdeprecated-declarations -Wno-sign-conversion -Wno-infinite-recursion -Wno-comma -Wno-block-capture-autoreleasing -Wno-strict-prototypes -Wno-semicolon-before-method-body -index-store-path /Users/buddhirajgautam/Library/Developer/Xcode/DerivedData/Telegram-Mac-fygdgghdgmuleoelvxabfmqiotta/Index.noindex/DataStore @/Users/buddhirajgautam/Library/Developer/Xcode/DerivedData/Telegram-Mac-fygdgghdgmuleoelvxabfmqiotta/Build/Intermediates.noindex/Firebase.build/Debug/FirebaseCrashlytics-t.build/Objects-normal/arm64/e6072d4f65d7061329687fe24e3d63a7-common-args.resp -MMD -MT dependencies -MF /Users/buddhirajgautam/Library/Developer/Xcode/DerivedData/Telegram-Mac-fygdgghdgmuleoelvxabfmqiotta/Build/Intermediates.noindex/Firebase.build/Debug/FirebaseCrashlytics-t.build/Objects-normal/arm64/FIRCLSSettings.d --serialize-diagnostics /Users/buddhirajgautam/Library/Developer/Xcode/DerivedData/Telegram-Mac-fygdgghdgmuleoelvxabfmqiotta/Build/Intermediates.noindex/Firebase.build/Debug/FirebaseCrashlytics-t.build/Objects-normal/arm64/FIRCLSSettings.dia -c /Users/buddhirajgautam/Library/Developer/Xcode/DerivedData/Telegram-Mac-fygdgghdgmuleoelvxabfmqiotta/SourcePackages/checkouts/firebase-ios-sdk/Crashlytics/Crashlytics/Models/FIRCLSSettings.m -o /Users/buddhirajgautam/Library/Developer/Xcode/DerivedData/Telegram-Mac-fygdgghdgmuleoelvxabfmqiotta/Build/Intermediates.noindex/Firebase.build/Debug/FirebaseCrashlytics-t.build/Objects-normal/arm64/FIRCLSSettings.o -index-unit-output-path /Firebase.build/Debug/FirebaseCrashlytics-t.build/Objects-normal/arm64/FIRCLSSettings.o

CompileC /Users/buddhirajgautam/Library/Developer/Xcode/DerivedData/Telegram-Mac-fygdgghdgmuleoelvxabfmqiotta/Build/Intermediates.noindex/Firebase.build/Debug/FirebaseCrashlytics-t.build/Objects-normal/arm64/FIRCLSOnDemandModel.o /Users/buddhirajgautam/Library/Developer/Xcode/DerivedData/Telegram-Mac-fygdgghdgmuleoelvxabfmqiotta/SourcePackages/checkouts/firebase-ios-sdk/Crashlytics/Crashlytics/Models/FIRCLSOnDemandModel.m normal arm64 objective-c com.apple.compilers.llvm.clang.1_0.compiler (in target 'FirebaseCrashlytics' from project 'Firebase')
    cd /Users/buddhirajgautam/Documents/Cherrygram-Mac/macOS-Swift
    
    Using response file: /Users/buddhirajgautam/Library/Developer/Xcode/DerivedData/Telegram-Mac-fygdgghdgmuleoelvxabfmqiotta/Build/Intermediates.noindex/Firebase.build/Debug/FirebaseCrashlytics-t.build/Objects-normal/arm64/e6072d4f65d7061329687fe24e3d63a7-common-args.resp
    
    /Applications/Xcode.app/Contents/Developer/Toolchains/XcodeDefault.xctoolchain/usr/bin/clang -x objective-c -ivfsstatcache /Users/buddhirajgautam/Library/Developer/Xcode/DerivedData/SDKStatCaches.noindex/macosx27.0-26A425-e829b21a6f8c9b70876ba0858053c0447231f6df4def33e022ae2eb8f782df1a.sdkstatcache -target arm64-apple-macos12.0 -fmessage-length\=0 -fdiagnostics-show-note-include-stack -fmacro-backtrace-limit\=0 -fno-color-diagnostics -fmodules-prune-interval\=86400 -fmodules-prune-after\=345600 -fbuild-session-file\=/Users/buddhirajgautam/Library/Developer/Xcode/DerivedData/ModuleCache.noindex/Session.modulevalidation -fmodules-validate-once-per-build-session -Wnon-modular-include-in-framework-module -Werror\=non-modular-include-in-framework-module -Wno-trigraphs -Wno-missing-field-initializers -Wno-missing-prototypes -Wno-return-type -Wno-implicit-atomic-properties -Wno-objc-interface-ivars -Wno-arc-repeated-use-of-weak -Wno-missing-braces -Wparentheses -Wswitch -Wno-unused-function -Wno-unused-label -Wno-unused-parameter -Wno-unused-variable -Wunused-value -Wno-empty-body -Wno-uninitialized -Wno-unknown-pragmas -w -Wno-shadow -Wno-four-char-constants -Wno-conversion -Wno-constant-conversion -Wno-int-conversion -Wno-bool-conversion -Wno-enum-conversion -Wno-float-conversion -Wno-non-literal-null-conversion -Wno-objc-literal-conversion -Wshorten-64-to-32 -Wpointer-sign -Wno-newline-eof -Wno-selector -Wno-strict-selector-match -Wno-undeclared-selector -Wno-deprecated-implementations -Wno-implicit-fallthrough -isysroot /Applications/Xcode.app/Contents/Developer/Platforms/MacOSX.platform/Developer/SDKs/MacOSX27.0.sdk -fstrict-aliasing -Wprotocol -Wdeprecated-declarations -Wno-sign-conversion -Wno-infinite-recursion -Wno-comma -Wno-block-capture-autoreleasing -Wno-strict-prototypes -Wno-semicolon-before-method-body -index-store-path /Users/buddhirajgautam/Library/Developer/Xcode/DerivedData/Telegram-Mac-fygdgghdgmuleoelvxabfmqiotta/Index.noindex/DataStore @/Users/buddhirajgautam/Library/Developer/Xcode/DerivedData/Telegram-Mac-fygdgghdgmuleoelvxabfmqiotta/Build/Intermediates.noindex/Firebase.build/Debug/FirebaseCrashlytics-t.build/Objects-normal/arm64/e6072d4f65d7061329687fe24e3d63a7-common-args.resp -MMD -MT dependencies -MF /Users/buddhirajgautam/Library/Developer/Xcode/DerivedData/Telegram-Mac-fygdgghdgmuleoelvxabfmqiotta/Build/Intermediates.noindex/Firebase.build/Debug/FirebaseCrashlytics-t.build/Objects-normal/arm64/FIRCLSOnDemandModel.d --serialize-diagnostics /Users/buddhirajgautam/Library/Developer/Xcode/DerivedData/Telegram-Mac-fygdgghdgmuleoelvxabfmqiotta/Build/Intermediates.noindex/Firebase.build/Debug/FirebaseCrashlytics-t.build/Objects-normal/arm64/FIRCLSOnDemandModel.dia -c /Users/buddhirajgautam/Library/Developer/Xcode/DerivedData/Telegram-Mac-fygdgghdgmuleoelvxabfmqiotta/SourcePackages/checkouts/firebase-ios-sdk/Crashlytics/Crashlytics/Models/FIRCLSOnDemandModel.m -o /Users/buddhirajgautam/Library/Developer/Xcode/DerivedData/Telegram-Mac-fygdgghdgmuleoelvxabfmqiotta/Build/Intermediates.noindex/Firebase.build/Debug/FirebaseCrashlytics-t.build/Objects-normal/arm64/FIRCLSOnDemandModel.o -index-unit-output-path /Firebase.build/Debug/FirebaseCrashlytics-t.build/Objects-normal/arm64/FIRCLSOnDemandModel.o

CompileC /Users/buddhirajgautam/Library/Developer/Xcode/DerivedData/Telegram-Mac-fygdgghdgmuleoelvxabfmqiotta/Build/Intermediates.noindex/Firebase.build/Debug/FirebaseCrashlytics-t.build/Objects-normal/arm64/FIRCLSManagerData.o /Users/buddhirajgautam/Library/Developer/Xcode/DerivedData/Telegram-Mac-fygdgghdgmuleoelvxabfmqiotta/SourcePackages/checkouts/firebase-ios-sdk/Crashlytics/Crashlytics/Controllers/FIRCLSManagerData.m normal arm64 objective-c com.apple.compilers.llvm.clang.1_0.compiler (in target 'FirebaseCrashlytics' from project 'Firebase')
    cd /Users/buddhirajgautam/Documents/Cherrygram-Mac/macOS-Swift
    
    Using response file: /Users/buddhirajgautam/Library/Developer/Xcode/DerivedData/Telegram-Mac-fygdgghdgmuleoelvxabfmqiotta/Build/Intermediates.noindex/Firebase.build/Debug/FirebaseCrashlytics-t.build/Objects-normal/arm64/e6072d4f65d7061329687fe24e3d63a7-common-args.resp
    
    /Applications/Xcode.app/Contents/Developer/Toolchains/XcodeDefault.xctoolchain/usr/bin/clang -x objective-c -ivfsstatcache /Users/buddhirajgautam/Library/Developer/Xcode/DerivedData/SDKStatCaches.noindex/macosx27.0-26A425-e829b21a6f8c9b70876ba0858053c0447231f6df4def33e022ae2eb8f782df1a.sdkstatcache -target arm64-apple-macos12.0 -fmessage-length\=0 -fdiagnostics-show-note-include-stack -fmacro-backtrace-limit\=0 -fno-color-diagnostics -fmodules-prune-interval\=86400 -fmodules-prune-after\=345600 -fbuild-session-file\=/Users/buddhirajgautam/Library/Developer/Xcode/DerivedData/ModuleCache.noindex/Session.modulevalidation -fmodules-validate-once-per-build-session -Wnon-modular-include-in-framework-module -Werror\=non-modular-include-in-framework-module -Wno-trigraphs -Wno-missing-field-initializers -Wno-missing-prototypes -Wno-return-type -Wno-implicit-atomic-properties -Wno-objc-interface-ivars -Wno-arc-repeated-use-of-weak -Wno-missing-braces -Wparentheses -Wswitch -Wno-unused-function -Wno-unused-label -Wno-unused-parameter -Wno-unused-variable -Wunused-value -Wno-empty-body -Wno-uninitialized -Wno-unknown-pragmas -w -Wno-shadow -Wno-four-char-constants -Wno-conversion -Wno-constant-conversion -Wno-int-conversion -Wno-bool-conversion -Wno-enum-conversion -Wno-float-conversion -Wno-non-literal-null-conversion -Wno-objc-literal-conversion -Wshorten-64-to-32 -Wpointer-sign -Wno-newline-eof -Wno-selector -Wno-strict-selector-match -Wno-undeclared-selector -Wno-deprecated-implementations -Wno-implicit-fallthrough -isysroot /Applications/Xcode.app/Contents/Developer/Platforms/MacOSX.platform/Developer/SDKs/MacOSX27.0.sdk -fstrict-aliasing -Wprotocol -Wdeprecated-declarations -Wno-sign-conversion -Wno-infinite-recursion -Wno-comma -Wno-block-capture-autoreleasing -Wno-strict-prototypes -Wno-semicolon-before-method-body -index-store-path /Users/buddhirajgautam/Library/Developer/Xcode/DerivedData/Telegram-Mac-fygdgghdgmuleoelvxabfmqiotta/Index.noindex/DataStore @/Users/buddhirajgautam/Library/Developer/Xcode/DerivedData/Telegram-Mac-fygdgghdgmuleoelvxabfmqiotta/Build/Intermediates.noindex/Firebase.build/Debug/FirebaseCrashlytics-t.build/Objects-normal/arm64/e6072d4f65d7061329687fe24e3d63a7-common-args.resp -MMD -MT dependencies -MF /Users/buddhirajgautam/Library/Developer/Xcode/DerivedData/Telegram-Mac-fygdgghdgmuleoelvxabfmqiotta/Build/Intermediates.noindex/Firebase.build/Debug/FirebaseCrashlytics-t.build/Objects-normal/arm64/FIRCLSManagerData.d --serialize-diagnostics /Users/buddhirajgautam/Library/Developer/Xcode/DerivedData/Telegram-Mac-fygdgghdgmuleoelvxabfmqiotta/Build/Intermediates.noindex/Firebase.build/Debug/FirebaseCrashlytics-t.build/Objects-normal/arm64/FIRCLSManagerData.dia -c /Users/buddhirajgautam/Library/Developer/Xcode/DerivedData/Telegram-Mac-fygdgghdgmuleoelvxabfmqiotta/SourcePackages/checkouts/firebase-ios-sdk/Crashlytics/Crashlytics/Controllers/FIRCLSManagerData.m -o /Users/buddhirajgautam/Library/Developer/Xcode/DerivedData/Telegram-Mac-fygdgghdgmuleoelvxabfmqiotta/Build/Intermediates.noindex/Firebase.build/Debug/FirebaseCrashlytics-t.build/Objects-normal/arm64/FIRCLSManagerData.o -index-unit-output-path /Firebase.build/Debug/FirebaseCrashlytics-t.build/Objects-normal/arm64/FIRCLSManagerData.o

CompileC /Users/buddhirajgautam/Library/Developer/Xcode/DerivedData/Telegram-Mac-fygdgghdgmuleoelvxabfmqiotta/Build/Intermediates.noindex/Firebase.build/Debug/FirebaseCrashlytics-t.build/Objects-normal/arm64/FIRCLSReportUploader.o /Users/buddhirajgautam/Library/Developer/Xcode/DerivedData/Telegram-Mac-fygdgghdgmuleoelvxabfmqiotta/SourcePackages/checkouts/firebase-ios-sdk/Crashlytics/Crashlytics/Controllers/FIRCLSReportUploader.m normal arm64 objective-c com.apple.compilers.llvm.clang.1_0.compiler (in target 'FirebaseCrashlytics' from project 'Firebase')
    cd /Users/buddhirajgautam/Documents/Cherrygram-Mac/macOS-Swift
    
    Using response file: /Users/buddhirajgautam/Library/Developer/Xcode/DerivedData/Telegram-Mac-fygdgghdgmuleoelvxabfmqiotta/Build/Intermediates.noindex/Firebase.build/Debug/FirebaseCrashlytics-t.build/Objects-normal/arm64/e6072d4f65d7061329687fe24e3d63a7-common-args.resp
    
    /Applications/Xcode.app/Contents/Developer/Toolchains/XcodeDefault.xctoolchain/usr/bin/clang -x objective-c -ivfsstatcache /Users/buddhirajgautam/Library/Developer/Xcode/DerivedData/SDKStatCaches.noindex/macosx27.0-26A425-e829b21a6f8c9b70876ba0858053c0447231f6df4def33e022ae2eb8f782df1a.sdkstatcache -target arm64-apple-macos12.0 -fmessage-length\=0 -fdiagnostics-show-note-include-stack -fmacro-backtrace-limit\=0 -fno-color-diagnostics -fmodules-prune-interval\=86400 -fmodules-prune-after\=345600 -fbuild-session-file\=/Users/buddhirajgautam/Library/Developer/Xcode/DerivedData/ModuleCache.noindex/Session.modulevalidation -fmodules-validate-once-per-build-session -Wnon-modular-include-in-framework-module -Werror\=non-modular-include-in-framework-module -Wno-trigraphs -Wno-missing-field-initializers -Wno-missing-prototypes -Wno-return-type -Wno-implicit-atomic-properties -Wno-objc-interface-ivars -Wno-arc-repeated-use-of-weak -Wno-missing-braces -Wparentheses -Wswitch -Wno-unused-function -Wno-unused-label -Wno-unused-parameter -Wno-unused-variable -Wunused-value -Wno-empty-body -Wno-uninitialized -Wno-unknown-pragmas -w -Wno-shadow -Wno-four-char-constants -Wno-conversion -Wno-constant-conversion -Wno-int-conversion -Wno-bool-conversion -Wno-enum-conversion -Wno-float-conversion -Wno-non-literal-null-conversion -Wno-objc-literal-conversion -Wshorten-64-to-32 -Wpointer-sign -Wno-newline-eof -Wno-selector -Wno-strict-selector-match -Wno-undeclared-selector -Wno-deprecated-implementations -Wno-implicit-fallthrough -isysroot /Applications/Xcode.app/Contents/Developer/Platforms/MacOSX.platform/Developer/SDKs/MacOSX27.0.sdk -fstrict-aliasing -Wprotocol -Wdeprecated-declarations -Wno-sign-conversion -Wno-infinite-recursion -Wno-comma -Wno-block-capture-autoreleasing -Wno-strict-prototypes -Wno-semicolon-before-method-body -index-store-path /Users/buddhirajgautam/Library/Developer/Xcode/DerivedData/Telegram-Mac-fygdgghdgmuleoelvxabfmqiotta/Index.noindex/DataStore @/Users/buddhirajgautam/Library/Developer/Xcode/DerivedData/Telegram-Mac-fygdgghdgmuleoelvxabfmqiotta/Build/Intermediates.noindex/Firebase.build/Debug/FirebaseCrashlytics-t.build/Objects-normal/arm64/e6072d4f65d7061329687fe24e3d63a7-common-args.resp -MMD -MT dependencies -MF /Users/buddhirajgautam/Library/Developer/Xcode/DerivedData/Telegram-Mac-fygdgghdgmuleoelvxabfmqiotta/Build/Intermediates.noindex/Firebase.build/Debug/FirebaseCrashlytics-t.build/Objects-normal/arm64/FIRCLSReportUploader.d --serialize-diagnostics /Users/buddhirajgautam/Library/Developer/Xcode/DerivedData/Telegram-Mac-fygdgghdgmuleoelvxabfmqiotta/Build/Intermediates.noindex/Firebase.build/Debug/FirebaseCrashlytics-t.build/Objects-normal/arm64/FIRCLSReportUploader.dia -c /Users/buddhirajgautam/Library/Developer/Xcode/DerivedData/Telegram-Mac-fygdgghdgmuleoelvxabfmqiotta/SourcePackages/checkouts/firebase-ios-sdk/Crashlytics/Crashlytics/Controllers/FIRCLSReportUploader.m -o /Users/buddhirajgautam/Library/Developer/Xcode/DerivedData/Telegram-Mac-fygdgghdgmuleoelvxabfmqiotta/Build/Intermediates.noindex/Firebase.build/Debug/FirebaseCrashlytics-t.build/Objects-normal/arm64/FIRCLSReportUploader.o -index-unit-output-path /Firebase.build/Debug/FirebaseCrashlytics-t.build/Objects-normal/arm64/FIRCLSReportUploader.o

CompileC /Users/buddhirajgautam/Library/Developer/Xcode/DerivedData/Telegram-Mac-fygdgghdgmuleoelvxabfmqiotta/Build/Intermediates.noindex/Firebase.build/Debug/FirebaseCrashlytics-t.build/Objects-normal/arm64/FIRCLSReportAdapter.o /Users/buddhirajgautam/Library/Developer/Xcode/DerivedData/Telegram-Mac-fygdgghdgmuleoelvxabfmqiotta/SourcePackages/checkouts/firebase-ios-sdk/Crashlytics/Crashlytics/Models/Record/FIRCLSReportAdapter.m normal arm64 objective-c com.apple.compilers.llvm.clang.1_0.compiler (in target 'FirebaseCrashlytics' from project 'Firebase')
    cd /Users/buddhirajgautam/Documents/Cherrygram-Mac/macOS-Swift
    
    Using response file: /Users/buddhirajgautam/Library/Developer/Xcode/DerivedData/Telegram-Mac-fygdgghdgmuleoelvxabfmqiotta/Build/Intermediates.noindex/Firebase.build/Debug/FirebaseCrashlytics-t.build/Objects-normal/arm64/e6072d4f65d7061329687fe24e3d63a7-common-args.resp
    
    /Applications/Xcode.app/Contents/Developer/Toolchains/XcodeDefault.xctoolchain/usr/bin/clang -x objective-c -ivfsstatcache /Users/buddhirajgautam/Library/Developer/Xcode/DerivedData/SDKStatCaches.noindex/macosx27.0-26A425-e829b21a6f8c9b70876ba0858053c0447231f6df4def33e022ae2eb8f782df1a.sdkstatcache -target arm64-apple-macos12.0 -fmessage-length\=0 -fdiagnostics-show-note-include-stack -fmacro-backtrace-limit\=0 -fno-color-diagnostics -fmodules-prune-interval\=86400 -fmodules-prune-after\=345600 -fbuild-session-file\=/Users/buddhirajgautam/Library/Developer/Xcode/DerivedData/ModuleCache.noindex/Session.modulevalidation -fmodules-validate-once-per-build-session -Wnon-modular-include-in-framework-module -Werror\=non-modular-include-in-framework-module -Wno-trigraphs -Wno-missing-field-initializers -Wno-missing-prototypes -Wno-return-type -Wno-implicit-atomic-properties -Wno-objc-interface-ivars -Wno-arc-repeated-use-of-weak -Wno-missing-braces -Wparentheses -Wswitch -Wno-unused-function -Wno-unused-label -Wno-unused-parameter -Wno-unused-variable -Wunused-value -Wno-empty-body -Wno-uninitialized -Wno-unknown-pragmas -w -Wno-shadow -Wno-four-char-constants -Wno-conversion -Wno-constant-conversion -Wno-int-conversion -Wno-bool-conversion -Wno-enum-conversion -Wno-float-conversion -Wno-non-literal-null-conversion -Wno-objc-literal-conversion -Wshorten-64-to-32 -Wpointer-sign -Wno-newline-eof -Wno-selector -Wno-strict-selector-match -Wno-undeclared-selector -Wno-deprecated-implementations -Wno-implicit-fallthrough -isysroot /Applications/Xcode.app/Contents/Developer/Platforms/MacOSX.platform/Developer/SDKs/MacOSX27.0.sdk -fstrict-aliasing -Wprotocol -Wdeprecated-declarations -Wno-sign-conversion -Wno-infinite-recursion -Wno-comma -Wno-block-capture-autoreleasing -Wno-strict-prototypes -Wno-semicolon-before-method-body -index-store-path /Users/buddhirajgautam/Library/Developer/Xcode/DerivedData/Telegram-Mac-fygdgghdgmuleoelvxabfmqiotta/Index.noindex/DataStore @/Users/buddhirajgautam/Library/Developer/Xcode/DerivedData/Telegram-Mac-fygdgghdgmuleoelvxabfmqiotta/Build/Intermediates.noindex/Firebase.build/Debug/FirebaseCrashlytics-t.build/Objects-normal/arm64/e6072d4f65d7061329687fe24e3d63a7-common-args.resp -MMD -MT dependencies -MF /Users/buddhirajgautam/Library/Developer/Xcode/DerivedData/Telegram-Mac-fygdgghdgmuleoelvxabfmqiotta/Build/Intermediates.noindex/Firebase.build/Debug/FirebaseCrashlytics-t.build/Objects-normal/arm64/FIRCLSReportAdapter.d --serialize-diagnostics /Users/buddhirajgautam/Library/Developer/Xcode/DerivedData/Telegram-Mac-fygdgghdgmuleoelvxabfmqiotta/Build/Intermediates.noindex/Firebase.build/Debug/FirebaseCrashlytics-t.build/Objects-normal/arm64/FIRCLSReportAdapter.dia -c /Users/buddhirajgautam/Library/Developer/Xcode/DerivedData/Telegram-Mac-fygdgghdgmuleoelvxabfmqiotta/SourcePackages/checkouts/firebase-ios-sdk/Crashlytics/Crashlytics/Models/Record/FIRCLSReportAdapter.m -o /Users/buddhirajgautam/Library/Developer/Xcode/DerivedData/Telegram-Mac-fygdgghdgmuleoelvxabfmqiotta/Build/Intermediates.noindex/Firebase.build/Debug/FirebaseCrashlytics-t.build/Objects-normal/arm64/FIRCLSReportAdapter.o -index-unit-output-path /Firebase.build/Debug/FirebaseCrashlytics-t.build/Objects-normal/arm64/FIRCLSReportAdapter.o

CompileC /Users/buddhirajgautam/Library/Developer/Xcode/DerivedData/Telegram-Mac-fygdgghdgmuleoelvxabfmqiotta/Build/Intermediates.noindex/Firebase.build/Debug/FirebaseCrashlytics-t.build/Objects-normal/arm64/FIRCLSExistingReportManager.o /Users/buddhirajgautam/Library/Developer/Xcode/DerivedData/Telegram-Mac-fygdgghdgmuleoelvxabfmqiotta/SourcePackages/checkouts/firebase-ios-sdk/Crashlytics/Crashlytics/Controllers/FIRCLSExistingReportManager.m normal arm64 objective-c com.apple.compilers.llvm.clang.1_0.compiler (in target 'FirebaseCrashlytics' from project 'Firebase')
    cd /Users/buddhirajgautam/Documents/Cherrygram-Mac/macOS-Swift
    
    Using response file: /Users/buddhirajgautam/Library/Developer/Xcode/DerivedData/Telegram-Mac-fygdgghdgmuleoelvxabfmqiotta/Build/Intermediates.noindex/Firebase.build/Debug/FirebaseCrashlytics-t.build/Objects-normal/arm64/e6072d4f65d7061329687fe24e3d63a7-common-args.resp
    
    /Applications/Xcode.app/Contents/Developer/Toolchains/XcodeDefault.xctoolchain/usr/bin/clang -x objective-c -ivfsstatcache /Users/buddhirajgautam/Library/Developer/Xcode/DerivedData/SDKStatCaches.noindex/macosx27.0-26A425-e829b21a6f8c9b70876ba0858053c0447231f6df4def33e022ae2eb8f782df1a.sdkstatcache -target arm64-apple-macos12.0 -fmessage-length\=0 -fdiagnostics-show-note-include-stack -fmacro-backtrace-limit\=0 -fno-color-diagnostics -fmodules-prune-interval\=86400 -fmodules-prune-after\=345600 -fbuild-session-file\=/Users/buddhirajgautam/Library/Developer/Xcode/DerivedData/ModuleCache.noindex/Session.modulevalidation -fmodules-validate-once-per-build-session -Wnon-modular-include-in-framework-module -Werror\=non-modular-include-in-framework-module -Wno-trigraphs -Wno-missing-field-initializers -Wno-missing-prototypes -Wno-return-type -Wno-implicit-atomic-properties -Wno-objc-interface-ivars -Wno-arc-repeated-use-of-weak -Wno-missing-braces -Wparentheses -Wswitch -Wno-unused-function -Wno-unused-label -Wno-unused-parameter -Wno-unused-variable -Wunused-value -Wno-empty-body -Wno-uninitialized -Wno-unknown-pragmas -w -Wno-shadow -Wno-four-char-constants -Wno-conversion -Wno-constant-conversion -Wno-int-conversion -Wno-bool-conversion -Wno-enum-conversion -Wno-float-conversion -Wno-non-literal-null-conversion -Wno-objc-literal-conversion -Wshorten-64-to-32 -Wpointer-sign -Wno-newline-eof -Wno-selector -Wno-strict-selector-match -Wno-undeclared-selector -Wno-deprecated-implementations -Wno-implicit-fallthrough -isysroot /Applications/Xcode.app/Contents/Developer/Platforms/MacOSX.platform/Developer/SDKs/MacOSX27.0.sdk -fstrict-aliasing -Wprotocol -Wdeprecated-declarations -Wno-sign-conversion -Wno-infinite-recursion -Wno-comma -Wno-block-capture-autoreleasing -Wno-strict-prototypes -Wno-semicolon-before-method-body -index-store-path /Users/buddhirajgautam/Library/Developer/Xcode/DerivedData/Telegram-Mac-fygdgghdgmuleoelvxabfmqiotta/Index.noindex/DataStore @/Users/buddhirajgautam/Library/Developer/Xcode/DerivedData/Telegram-Mac-fygdgghdgmuleoelvxabfmqiotta/Build/Intermediates.noindex/Firebase.build/Debug/FirebaseCrashlytics-t.build/Objects-normal/arm64/e6072d4f65d7061329687fe24e3d63a7-common-args.resp -MMD -MT dependencies -MF /Users/buddhirajgautam/Library/Developer/Xcode/DerivedData/Telegram-Mac-fygdgghdgmuleoelvxabfmqiotta/Build/Intermediates.noindex/Firebase.build/Debug/FirebaseCrashlytics-t.build/Objects-normal/arm64/FIRCLSExistingReportManager.d --serialize-diagnostics /Users/buddhirajgautam/Library/Developer/Xcode/DerivedData/Telegram-Mac-fygdgghdgmuleoelvxabfmqiotta/Build/Intermediates.noindex/Firebase.build/Debug/FirebaseCrashlytics-t.build/Objects-normal/arm64/FIRCLSExistingReportManager.dia -c /Users/buddhirajgautam/Library/Developer/Xcode/DerivedData/Telegram-Mac-fygdgghdgmuleoelvxabfmqiotta/SourcePackages/checkouts/firebase-ios-sdk/Crashlytics/Crashlytics/Controllers/FIRCLSExistingReportManager.m -o /Users/buddhirajgautam/Library/Developer/Xcode/DerivedData/Telegram-Mac-fygdgghdgmuleoelvxabfmqiotta/Build/Intermediates.noindex/Firebase.build/Debug/FirebaseCrashlytics-t.build/Objects-normal/arm64/FIRCLSExistingReportManager.o -index-unit-output-path /Firebase.build/Debug/FirebaseCrashlytics-t.build/Objects-normal/arm64/FIRCLSExistingReportManager.o

CompileC /Users/buddhirajgautam/Library/Developer/Xcode/DerivedData/Telegram-Mac-fygdgghdgmuleoelvxabfmqiotta/Build/Intermediates.noindex/Firebase.build/Debug/FirebaseCrashlytics-t.build/Objects-normal/arm64/FIRCLSContext.o /Users/buddhirajgautam/Library/Developer/Xcode/DerivedData/Telegram-Mac-fygdgghdgmuleoelvxabfmqiotta/SourcePackages/checkouts/firebase-ios-sdk/Crashlytics/Crashlytics/Components/FIRCLSContext.m normal arm64 objective-c com.apple.compilers.llvm.clang.1_0.compiler (in target 'FirebaseCrashlytics' from project 'Firebase')
    cd /Users/buddhirajgautam/Documents/Cherrygram-Mac/macOS-Swift
    
    Using response file: /Users/buddhirajgautam/Library/Developer/Xcode/DerivedData/Telegram-Mac-fygdgghdgmuleoelvxabfmqiotta/Build/Intermediates.noindex/Firebase.build/Debug/FirebaseCrashlytics-t.build/Objects-normal/arm64/e6072d4f65d7061329687fe24e3d63a7-common-args.resp
    
    /Applications/Xcode.app/Contents/Developer/Toolchains/XcodeDefault.xctoolchain/usr/bin/clang -x objective-c -ivfsstatcache /Users/buddhirajgautam/Library/Developer/Xcode/DerivedData/SDKStatCaches.noindex/macosx27.0-26A425-e829b21a6f8c9b70876ba0858053c0447231f6df4def33e022ae2eb8f782df1a.sdkstatcache -target arm64-apple-macos12.0 -fmessage-length\=0 -fdiagnostics-show-note-include-stack -fmacro-backtrace-limit\=0 -fno-color-diagnostics -fmodules-prune-interval\=86400 -fmodules-prune-after\=345600 -fbuild-session-file\=/Users/buddhirajgautam/Library/Developer/Xcode/DerivedData/ModuleCache.noindex/Session.modulevalidation -fmodules-validate-once-per-build-session -Wnon-modular-include-in-framework-module -Werror\=non-modular-include-in-framework-module -Wno-trigraphs -Wno-missing-field-initializers -Wno-missing-prototypes -Wno-return-type -Wno-implicit-atomic-properties -Wno-objc-interface-ivars -Wno-arc-repeated-use-of-weak -Wno-missing-braces -Wparentheses -Wswitch -Wno-unused-function -Wno-unused-label -Wno-unused-parameter -Wno-unused-variable -Wunused-value -Wno-empty-body -Wno-uninitialized -Wno-unknown-pragmas -w -Wno-shadow -Wno-four-char-constants -Wno-conversion -Wno-constant-conversion -Wno-int-conversion -Wno-bool-conversion -Wno-enum-conversion -Wno-float-conversion -Wno-non-literal-null-conversion -Wno-objc-literal-conversion -Wshorten-64-to-32 -Wpointer-sign -Wno-newline-eof -Wno-selector -Wno-strict-selector-match -Wno-undeclared-selector -Wno-deprecated-implementations -Wno-implicit-fallthrough -isysroot /Applications/Xcode.app/Contents/Developer/Platforms/MacOSX.platform/Developer/SDKs/MacOSX27.0.sdk -fstrict-aliasing -Wprotocol -Wdeprecated-declarations -Wno-sign-conversion -Wno-infinite-recursion -Wno-comma -Wno-block-capture-autoreleasing -Wno-strict-prototypes -Wno-semicolon-before-method-body -index-store-path /Users/buddhirajgautam/Library/Developer/Xcode/DerivedData/Telegram-Mac-fygdgghdgmuleoelvxabfmqiotta/Index.noindex/DataStore @/Users/buddhirajgautam/Library/Developer/Xcode/DerivedData/Telegram-Mac-fygdgghdgmuleoelvxabfmqiotta/Build/Intermediates.noindex/Firebase.build/Debug/FirebaseCrashlytics-t.build/Objects-normal/arm64/e6072d4f65d7061329687fe24e3d63a7-common-args.resp -MMD -MT dependencies -MF /Users/buddhirajgautam/Library/Developer/Xcode/DerivedData/Telegram-Mac-fygdgghdgmuleoelvxabfmqiotta/Build/Intermediates.noindex/Firebase.build/Debug/FirebaseCrashlytics-t.build/Objects-normal/arm64/FIRCLSContext.d --serialize-diagnostics /Users/buddhirajgautam/Library/Developer/Xcode/DerivedData/Telegram-Mac-fygdgghdgmuleoelvxabfmqiotta/Build/Intermediates.noindex/Firebase.build/Debug/FirebaseCrashlytics-t.build/Objects-normal/arm64/FIRCLSContext.dia -c /Users/buddhirajgautam/Library/Developer/Xcode/DerivedData/Telegram-Mac-fygdgghdgmuleoelvxabfmqiotta/SourcePackages/checkouts/firebase-ios-sdk/Crashlytics/Crashlytics/Components/FIRCLSContext.m -o /Users/buddhirajgautam/Library/Developer/Xcode/DerivedData/Telegram-Mac-fygdgghdgmuleoelvxabfmqiotta/Build/Intermediates.noindex/Firebase.build/Debug/FirebaseCrashlytics-t.build/Objects-normal/arm64/FIRCLSContext.o -index-unit-output-path /Firebase.build/Debug/FirebaseCrashlytics-t.build/Objects-normal/arm64/FIRCLSContext.o

Ld /Users/buddhirajgautam/Library/Developer/Xcode/DerivedData/Telegram-Mac-fygdgghdgmuleoelvxabfmqiotta/Build/Products/Debug/DetectSpeech.o normal (in target 'DetectSpeech' from project 'DetectSpeech')
    cd /Users/buddhirajgautam/Documents/Cherrygram-Mac/macOS-Swift/packages/DetectSpeech
    /Applications/Xcode.app/Contents/Developer/Toolchains/XcodeDefault.xctoolchain/usr/bin/clang -Xlinker -reproducible -target arm64-apple-macos12.0 -r -isysroot /Applications/Xcode.app/Contents/Developer/Platforms/MacOSX.platform/Developer/SDKs/MacOSX27.0.sdk -O0 -Xlinker -no_warn_duplicate_libraries -F/Users/buddhirajgautam/Library/Developer/Xcode/DerivedData/Telegram-Mac-fygdgghdgmuleoelvxabfmqiotta/Build/Intermediates.noindex/EagerLinkingTBDs/Debug -F/Users/buddhirajgautam/Library/Developer/Xcode/DerivedData/Telegram-Mac-fygdgghdgmuleoelvxabfmqiotta/Build/Products/Debug -iframework /Applications/Xcode.app/Contents/Developer/Platforms/MacOSX.platform/Developer/Library/Frameworks -filelist /Users/buddhirajgautam/Library/Developer/Xcode/DerivedData/Telegram-Mac-fygdgghdgmuleoelvxabfmqiotta/Build/Intermediates.noindex/DetectSpeech.build/Debug/DetectSpeech-t.build/Objects-normal/arm64/DetectSpeech.LinkFileList -nostdlib -Xlinker -object_path_lto -Xlinker /Users/buddhirajgautam/Library/Developer/Xcode/DerivedData/Telegram-Mac-fygdgghdgmuleoelvxabfmqiotta/Build/Intermediates.noindex/DetectSpeech.build/Debug/DetectSpeech-t.build/Objects-normal/arm64/DetectSpeech_lto.o -Xlinker -no_deduplicate -Xlinker -debug_variant -Xlinker -dependency_info -Xlinker /Users/buddhirajgautam/Library/Developer/Xcode/DerivedData/Telegram-Mac-fygdgghdgmuleoelvxabfmqiotta/Build/Intermediates.noindex/DetectSpeech.build/Debug/DetectSpeech-t.build/Objects-normal/arm64/DetectSpeech_dependency_info.dat -fobjc-arc -fobjc-link-runtime -o /Users/buddhirajgautam/Library/Developer/Xcode/DerivedData/Telegram-Mac-fygdgghdgmuleoelvxabfmqiotta/Build/Products/Debug/DetectSpeech.o

PrecompileModule /Users/buddhirajgautam/Library/Developer/Xcode/DerivedData/Telegram-Mac-fygdgghdgmuleoelvxabfmqiotta/Build/Intermediates.noindex/ExplicitPrecompiledModules/_Builtin_inttypes-4ZZ8CLDMNV450BAJN8T18B0Y7.scan
    cd /
    builtin-precompileModule /Users/buddhirajgautam/Library/Developer/Xcode/DerivedData/Telegram-Mac-fygdgghdgmuleoelvxabfmqiotta/Build/Intermediates.noindex/ExplicitPrecompiledModules/_Builtin_inttypes-4ZZ8CLDMNV450BAJN8T18B0Y7.scan

PrecompileModule /Users/buddhirajgautam/Library/Developer/Xcode/DerivedData/Telegram-Mac-fygdgghdgmuleoelvxabfmqiotta/Build/Intermediates.noindex/ExplicitPrecompiledModules/CloudKit-3NQP3H33WJJV6GCBFFAPROL3Y.scan
    cd /
    builtin-precompileModule /Users/buddhirajgautam/Library/Developer/Xcode/DerivedData/Telegram-Mac-fygdgghdgmuleoelvxabfmqiotta/Build/Intermediates.noindex/ExplicitPrecompiledModules/CloudKit-3NQP3H33WJJV6GCBFFAPROL3Y.scan

PrecompileModule /Users/buddhirajgautam/Library/Developer/Xcode/DerivedData/Telegram-Mac-fygdgghdgmuleoelvxabfmqiotta/Build/Intermediates.noindex/ExplicitPrecompiledModules/libDER-BY9B94P4HGOWGOPOPLFEFV8OB.scan
    cd /
    builtin-precompileModule /Users/buddhirajgautam/Library/Developer/Xcode/DerivedData/Telegram-Mac-fygdgghdgmuleoelvxabfmqiotta/Build/Intermediates.noindex/ExplicitPrecompiledModules/libDER-BY9B94P4HGOWGOPOPLFEFV8OB.scan

PrecompileModule /Users/buddhirajgautam/Library/Developer/Xcode/DerivedData/Telegram-Mac-fygdgghdgmuleoelvxabfmqiotta/Build/Intermediates.noindex/ExplicitPrecompiledModules/GoogleUtilities_Environment-9Q3G56J53K8FZ1PK57MF2IBUR.scan
    cd /
    builtin-precompileModule /Users/buddhirajgautam/Library/Developer/Xcode/DerivedData/Telegram-Mac-fygdgghdgmuleoelvxabfmqiotta/Build/Intermediates.noindex/ExplicitPrecompiledModules/GoogleUtilities_Environment-9Q3G56J53K8FZ1PK57MF2IBUR.scan

PrecompileModule /Users/buddhirajgautam/Library/Developer/Xcode/DerivedData/Telegram-Mac-fygdgghdgmuleoelvxabfmqiotta/Build/Intermediates.noindex/ExplicitPrecompiledModules/Darwin-DEQ7WDCSL215U8PMPV1ON6WE.scan
    cd /
    builtin-precompileModule /Users/buddhirajgautam/Library/Developer/Xcode/DerivedData/Telegram-Mac-fygdgghdgmuleoelvxabfmqiotta/Build/Intermediates.noindex/ExplicitPrecompiledModules/Darwin-DEQ7WDCSL215U8PMPV1ON6WE.scan

PrecompileModule /Users/buddhirajgautam/Library/Developer/Xcode/DerivedData/Telegram-Mac-fygdgghdgmuleoelvxabfmqiotta/Build/Intermediates.noindex/ExplicitPrecompiledModules/FirebaseCore-6JNSE0X3QBE2GHLVK4ICX77IG.scan
    cd /
    builtin-precompileModule /Users/buddhirajgautam/Library/Developer/Xcode/DerivedData/Telegram-Mac-fygdgghdgmuleoelvxabfmqiotta/Build/Intermediates.noindex/ExplicitPrecompiledModules/FirebaseCore-6JNSE0X3QBE2GHLVK4ICX77IG.scan

PrecompileModule /Users/buddhirajgautam/Library/Developer/Xcode/DerivedData/Telegram-Mac-fygdgghdgmuleoelvxabfmqiotta/Build/Intermediates.noindex/ExplicitPrecompiledModules/Metal-DSTZ3M1J4RWP7L41RUM1ADB2K.scan
    cd /
    builtin-precompileModule /Users/buddhirajgautam/Library/Developer/Xcode/DerivedData/Telegram-Mac-fygdgghdgmuleoelvxabfmqiotta/Build/Intermediates.noindex/ExplicitPrecompiledModules/Metal-DSTZ3M1J4RWP7L41RUM1ADB2K.scan

SwiftDriver\ Compilation Emoji normal arm64 com.apple.xcode.tools.swift.compiler (in target 'Emoji' from project 'Emoji')
    cd /Users/buddhirajgautam/Documents/Cherrygram-Mac/macOS-Swift
    builtin-Swift-Compilation -- /Applications/Xcode.app/Contents/Developer/Toolchains/XcodeDefault.xctoolchain/usr/bin/swiftc -parse-as-library -module-name Emoji -Onone @/Users/buddhirajgautam/Library/Developer/Xcode/DerivedData/Telegram-Mac-fygdgghdgmuleoelvxabfmqiotta/Build/Intermediates.noindex/Emoji.build/Debug/Emoji-t.build/Objects-normal/arm64/Emoji.SwiftFileList -DSWIFT_PACKAGE -DDEBUG -DSWIFT_MODULE_RESOURCE_BUNDLE_UNAVAILABLE -DXcode -plugin-path /Applications/Xcode.app/Contents/Developer/Toolchains/XcodeDefault.xctoolchain/usr/lib/swift/host/plugins/testing -enable-experimental-feature DebugDescriptionMacro -sdk /Applications/Xcode.app/Contents/Developer/Platforms/MacOSX.platform/Developer/SDKs/MacOSX27.0.sdk -target arm64-apple-macos12.0 -g -module-cache-path /Users/buddhirajgautam/Library/Developer/Xcode/DerivedData/ModuleCache.noindex -Xfrontend -serialize-debugging-options -profile-coverage-mapping -profile-generate -enable-testing -index-store-path /Users/buddhirajgautam/Library/Developer/Xcode/DerivedData/Telegram-Mac-fygdgghdgmuleoelvxabfmqiotta/Index.noindex/DataStore -Xcc -D_LIBCPP_HARDENING_MODE\=_LIBCPP_HARDENING_MODE_DEBUG -swift-version 5 -I /Users/buddhirajgautam/Library/Developer/Xcode/DerivedData/Telegram-Mac-fygdgghdgmuleoelvxabfmqiotta/Build/Products/Debug -Isystem /Applications/Xcode.app/Contents/Developer/Platforms/MacOSX.platform/Developer/usr/lib -F /Users/buddhirajgautam/Library/Developer/Xcode/DerivedData/Telegram-Mac-fygdgghdgmuleoelvxabfmqiotta/Build/Products/Debug -F /Applications/Xcode.app/Contents/Developer/Platforms/MacOSX.platform/Developer/Library/Frameworks -c -j8 -enable-batch-mode -incremental -Xcc -ivfsstatcache -Xcc /Users/buddhirajgautam/Library/Developer/Xcode/DerivedData/SDKStatCaches.noindex/macosx27.0-26A425-e829b21a6f8c9b70876ba0858053c0447231f6df4def33e022ae2eb8f782df1a.sdkstatcache -output-file-map /Users/buddhirajgautam/Library/Developer/Xcode/DerivedData/Telegram-Mac-fygdgghdgmuleoelvxabfmqiotta/Build/Intermediates.noindex/Emoji.build/Debug/Emoji-t.build/Objects-normal/arm64/Emoji-OutputFileMap.json -save-temps -no-color-diagnostics -explicit-module-build -module-cache-path /Users/buddhirajgautam/Library/Developer/Xcode/DerivedData/Telegram-Mac-fygdgghdgmuleoelvxabfmqiotta/Build/Intermediates.noindex/SwiftExplicitPrecompiledModules -clang-scanner-module-cache-path /Users/buddhirajgautam/Library/Developer/Xcode/DerivedData/ModuleCache.noindex -sdk-module-cache-path /Users/buddhirajgautam/Library/Developer/Xcode/DerivedData/SDKExplicitPrecompiledModules -emit-dependencies -emit-module -emit-module-path /Users/buddhirajgautam/Library/Developer/Xcode/DerivedData/Telegram-Mac-fygdgghdgmuleoelvxabfmqiotta/Build/Intermediates.noindex/Emoji.build/Debug/Emoji-t.build/Objects-normal/arm64/Emoji.swiftmodule -serialize-diagnostics -dependency-scan-serialize-diagnostics-path /Users/buddhirajgautam/Library/Developer/Xcode/DerivedData/Telegram-Mac-fygdgghdgmuleoelvxabfmqiotta/Build/Intermediates.noindex/Emoji.build/Debug/Emoji-t.build/Objects-normal/arm64/Emoji-dependency-scan.dia -validate-clang-modules-once -clang-build-session-file /Users/buddhirajgautam/Library/Developer/Xcode/DerivedData/ModuleCache.noindex/Session.modulevalidation -Xcc -fmodules-prune-interval\=86400 -Xcc -fmodules-prune-after\=345600 -emit-const-values -const-gather-protocols-list /Users/buddhirajgautam/Library/Developer/Xcode/DerivedData/Telegram-Mac-fygdgghdgmuleoelvxabfmqiotta/Build/Intermediates.noindex/Emoji.build/Debug/Emoji-t.build/Objects-normal/arm64/Emoji_const_extract_protocols.json -Xcc -I/Users/buddhirajgautam/Library/Developer/Xcode/DerivedData/Telegram-Mac-fygdgghdgmuleoelvxabfmqiotta/Build/Products/Debug/include -Xcc -I/Users/buddhirajgautam/Library/Developer/Xcode/DerivedData/Telegram-Mac-fygdgghdgmuleoelvxabfmqiotta/Build/Intermediates.noindex/Emoji.build/Debug/Emoji-t.build/DerivedSources-normal/arm64 -Xcc -I/Users/buddhirajgautam/Library/Developer/Xcode/DerivedData/Telegram-Mac-fygdgghdgmuleoelvxabfmqiotta/Build/Intermediates.noindex/Emoji.build/Debug/Emoji-t.build/DerivedSources/arm64 -Xcc -I/Users/buddhirajgautam/Library/Developer/Xcode/DerivedData/Telegram-Mac-fygdgghdgmuleoelvxabfmqiotta/Build/Intermediates.noindex/Emoji.build/Debug/Emoji-t.build/DerivedSources -Xcc -DSWIFT_PACKAGE -Xcc -DDEBUG\=1 -emit-objc-header -emit-objc-header-path /Users/buddhirajgautam/Library/Developer/Xcode/DerivedData/Telegram-Mac-fygdgghdgmuleoelvxabfmqiotta/Build/Intermediates.noindex/Emoji.build/Debug/Emoji-t.build/Objects-normal/arm64/Emoji-Swift.h -working-directory /Users/buddhirajgautam/Documents/Cherrygram-Mac/macOS-Swift -experimental-emit-module-separately -disable-cmo

SwiftCompile normal arm64 Compiling\ CurrencyFormat.swift /Users/buddhirajgautam/Documents/Cherrygram-Mac/macOS-Swift/packages/CurrencyFormat/Sources/CurrencyFormat/CurrencyFormat.swift (in target 'CurrencyFormat' from project 'CurrencyFormat')
/Users/buddhirajgautam/Documents/Cherrygram-Mac/macOS-Swift/packages/CurrencyFormat/Sources/CurrencyFormat/CurrencyFormat.swift:172:13: warning: variable 'integerString' was never mutated; consider changing to 'let' constant [#VariableNeverMutated]
170 |         
171 |         // Format integer part with thousands separator
172 |         var integerString = "\(integerPart)"
    |             `- warning: variable 'integerString' was never mutated; consider changing to 'let' constant [#VariableNeverMutated]
173 |         var formattedInteger = ""
174 |         var count = 0

[#VariableNeverMutated]: <https://docs.swift.org/compiler/documentation/diagnostics/variable-never-mutated>

SwiftCompile normal arm64 /Users/buddhirajgautam/Documents/Cherrygram-Mac/macOS-Swift/packages/CurrencyFormat/Sources/CurrencyFormat/CurrencyFormat.swift (in target 'CurrencyFormat' from project 'CurrencyFormat')
    cd /Users/buddhirajgautam/Documents/Cherrygram-Mac/macOS-Swift
    builtin-SwiftPerFileCompile CurrencyFormat.swift

SwiftCompile normal arm64 Compiling\ String.swift /Users/buddhirajgautam/Documents/Cherrygram-Mac/macOS-Swift/packages/CurrencyFormat/Sources/CurrencyFormat/String.swift (in target 'CurrencyFormat' from project 'CurrencyFormat')

SwiftCompile normal arm64 /Users/buddhirajgautam/Documents/Cherrygram-Mac/macOS-Swift/packages/CurrencyFormat/Sources/CurrencyFormat/String.swift (in target 'CurrencyFormat' from project 'CurrencyFormat')
    cd /Users/buddhirajgautam/Documents/Cherrygram-Mac/macOS-Swift
    builtin-SwiftPerFileCompile String.swift

SwiftCompile normal arm64 Compiling\ CurrencyFormatter.swift /Users/buddhirajgautam/Documents/Cherrygram-Mac/macOS-Swift/packages/CurrencyFormat/Sources/CurrencyFormat/CurrencyFormatter.swift (in target 'CurrencyFormat' from project 'CurrencyFormat')

SwiftCompile normal arm64 /Users/buddhirajgautam/Documents/Cherrygram-Mac/macOS-Swift/packages/CurrencyFormat/Sources/CurrencyFormat/CurrencyFormatter.swift (in target 'CurrencyFormat' from project 'CurrencyFormat')
    cd /Users/buddhirajgautam/Documents/Cherrygram-Mac/macOS-Swift
    builtin-SwiftPerFileCompile CurrencyFormatter.swift

CompileC /Users/buddhirajgautam/Library/Developer/Xcode/DerivedData/Telegram-Mac-fygdgghdgmuleoelvxabfmqiotta/Build/Intermediates.noindex/Firebase.build/Debug/FirebaseCrashlytics-t.build/Objects-normal/arm64/FIRCrashlytics.o /Users/buddhirajgautam/Library/Developer/Xcode/DerivedData/Telegram-Mac-fygdgghdgmuleoelvxabfmqiotta/SourcePackages/checkouts/firebase-ios-sdk/Crashlytics/Crashlytics/FIRCrashlytics.m normal arm64 objective-c com.apple.compilers.llvm.clang.1_0.compiler (in target 'FirebaseCrashlytics' from project 'Firebase')
    cd /Users/buddhirajgautam/Documents/Cherrygram-Mac/macOS-Swift
    
    Using response file: /Users/buddhirajgautam/Library/Developer/Xcode/DerivedData/Telegram-Mac-fygdgghdgmuleoelvxabfmqiotta/Build/Intermediates.noindex/Firebase.build/Debug/FirebaseCrashlytics-t.build/Objects-normal/arm64/e6072d4f65d7061329687fe24e3d63a7-common-args.resp
    
    /Applications/Xcode.app/Contents/Developer/Toolchains/XcodeDefault.xctoolchain/usr/bin/clang -x objective-c -ivfsstatcache /Users/buddhirajgautam/Library/Developer/Xcode/DerivedData/SDKStatCaches.noindex/macosx27.0-26A425-e829b21a6f8c9b70876ba0858053c0447231f6df4def33e022ae2eb8f782df1a.sdkstatcache -target arm64-apple-macos12.0 -fmessage-length\=0 -fdiagnostics-show-note-include-stack -fmacro-backtrace-limit\=0 -fno-color-diagnostics -fmodules-prune-interval\=86400 -fmodules-prune-after\=345600 -fbuild-session-file\=/Users/buddhirajgautam/Library/Developer/Xcode/DerivedData/ModuleCache.noindex/Session.modulevalidation -fmodules-validate-once-per-build-session -Wnon-modular-include-in-framework-module -Werror\=non-modular-include-in-framework-module -Wno-trigraphs -Wno-missing-field-initializers -Wno-missing-prototypes -Wno-return-type -Wno-implicit-atomic-properties -Wno-objc-interface-ivars -Wno-arc-repeated-use-of-weak -Wno-missing-braces -Wparentheses -Wswitch -Wno-unused-function -Wno-unused-label -Wno-unused-parameter -Wno-unused-variable -Wunused-value -Wno-empty-body -Wno-uninitialized -Wno-unknown-pragmas -w -Wno-shadow -Wno-four-char-constants -Wno-conversion -Wno-constant-conversion -Wno-int-conversion -Wno-bool-conversion -Wno-enum-conversion -Wno-float-conversion -Wno-non-literal-null-conversion -Wno-objc-literal-conversion -Wshorten-64-to-32 -Wpointer-sign -Wno-newline-eof -Wno-selector -Wno-strict-selector-match -Wno-undeclared-selector -Wno-deprecated-implementations -Wno-implicit-fallthrough -isysroot /Applications/Xcode.app/Contents/Developer/Platforms/MacOSX.platform/Developer/SDKs/MacOSX27.0.sdk -fstrict-aliasing -Wprotocol -Wdeprecated-declarations -Wno-sign-conversion -Wno-infinite-recursion -Wno-comma -Wno-block-capture-autoreleasing -Wno-strict-prototypes -Wno-semicolon-before-method-body -index-store-path /Users/buddhirajgautam/Library/Developer/Xcode/DerivedData/Telegram-Mac-fygdgghdgmuleoelvxabfmqiotta/Index.noindex/DataStore @/Users/buddhirajgautam/Library/Developer/Xcode/DerivedData/Telegram-Mac-fygdgghdgmuleoelvxabfmqiotta/Build/Intermediates.noindex/Firebase.build/Debug/FirebaseCrashlytics-t.build/Objects-normal/arm64/e6072d4f65d7061329687fe24e3d63a7-common-args.resp -MMD -MT dependencies -MF /Users/buddhirajgautam/Library/Developer/Xcode/DerivedData/Telegram-Mac-fygdgghdgmuleoelvxabfmqiotta/Build/Intermediates.noindex/Firebase.build/Debug/FirebaseCrashlytics-t.build/Objects-normal/arm64/FIRCrashlytics.d --serialize-diagnostics /Users/buddhirajgautam/Library/Developer/Xcode/DerivedData/Telegram-Mac-fygdgghdgmuleoelvxabfmqiotta/Build/Intermediates.noindex/Firebase.build/Debug/FirebaseCrashlytics-t.build/Objects-normal/arm64/FIRCrashlytics.dia -c /Users/buddhirajgautam/Library/Developer/Xcode/DerivedData/Telegram-Mac-fygdgghdgmuleoelvxabfmqiotta/SourcePackages/checkouts/firebase-ios-sdk/Crashlytics/Crashlytics/FIRCrashlytics.m -o /Users/buddhirajgautam/Library/Developer/Xcode/DerivedData/Telegram-Mac-fygdgghdgmuleoelvxabfmqiotta/Build/Intermediates.noindex/Firebase.build/Debug/FirebaseCrashlytics-t.build/Objects-normal/arm64/FIRCrashlytics.o -index-unit-output-path /Firebase.build/Debug/FirebaseCrashlytics-t.build/Objects-normal/arm64/FIRCrashlytics.o

CompileC /Users/buddhirajgautam/Library/Developer/Xcode/DerivedData/Telegram-Mac-fygdgghdgmuleoelvxabfmqiotta/Build/Intermediates.noindex/Firebase.build/Debug/FirebaseCrashlytics-t.build/Objects-normal/arm64/FIRCLSLogger.o /Users/buddhirajgautam/Library/Developer/Xcode/DerivedData/Telegram-Mac-fygdgghdgmuleoelvxabfmqiotta/SourcePackages/checkouts/firebase-ios-sdk/Crashlytics/Crashlytics/Helpers/FIRCLSLogger.m normal arm64 objective-c com.apple.compilers.llvm.clang.1_0.compiler (in target 'FirebaseCrashlytics' from project 'Firebase')
    cd /Users/buddhirajgautam/Documents/Cherrygram-Mac/macOS-Swift
    
    Using response file: /Users/buddhirajgautam/Library/Developer/Xcode/DerivedData/Telegram-Mac-fygdgghdgmuleoelvxabfmqiotta/Build/Intermediates.noindex/Firebase.build/Debug/FirebaseCrashlytics-t.build/Objects-normal/arm64/e6072d4f65d7061329687fe24e3d63a7-common-args.resp
    
    /Applications/Xcode.app/Contents/Developer/Toolchains/XcodeDefault.xctoolchain/usr/bin/clang -x objective-c -ivfsstatcache /Users/buddhirajgautam/Library/Developer/Xcode/DerivedData/SDKStatCaches.noindex/macosx27.0-26A425-e829b21a6f8c9b70876ba0858053c0447231f6df4def33e022ae2eb8f782df1a.sdkstatcache -target arm64-apple-macos12.0 -fmessage-length\=0 -fdiagnostics-show-note-include-stack -fmacro-backtrace-limit\=0 -fno-color-diagnostics -fmodules-prune-interval\=86400 -fmodules-prune-after\=345600 -fbuild-session-file\=/Users/buddhirajgautam/Library/Developer/Xcode/DerivedData/ModuleCache.noindex/Session.modulevalidation -fmodules-validate-once-per-build-session -Wnon-modular-include-in-framework-module -Werror\=non-modular-include-in-framework-module -Wno-trigraphs -Wno-missing-field-initializers -Wno-missing-prototypes -Wno-return-type -Wno-implicit-atomic-properties -Wno-objc-interface-ivars -Wno-arc-repeated-use-of-weak -Wno-missing-braces -Wparentheses -Wswitch -Wno-unused-function -Wno-unused-label -Wno-unused-parameter -Wno-unused-variable -Wunused-value -Wno-empty-body -Wno-uninitialized -Wno-unknown-pragmas -w -Wno-shadow -Wno-four-char-constants -Wno-conversion -Wno-constant-conversion -Wno-int-conversion -Wno-bool-conversion -Wno-enum-conversion -Wno-float-conversion -Wno-non-literal-null-conversion -Wno-objc-literal-conversion -Wshorten-64-to-32 -Wpointer-sign -Wno-newline-eof -Wno-selector -Wno-strict-selector-match -Wno-undeclared-selector -Wno-deprecated-implementations -Wno-implicit-fallthrough -isysroot /Applications/Xcode.app/Contents/Developer/Platforms/MacOSX.platform/Developer/SDKs/MacOSX27.0.sdk -fstrict-aliasing -Wprotocol -Wdeprecated-declarations -Wno-sign-conversion -Wno-infinite-recursion -Wno-comma -Wno-block-capture-autoreleasing -Wno-strict-prototypes -Wno-semicolon-before-method-body -index-store-path /Users/buddhirajgautam/Library/Developer/Xcode/DerivedData/Telegram-Mac-fygdgghdgmuleoelvxabfmqiotta/Index.noindex/DataStore @/Users/buddhirajgautam/Library/Developer/Xcode/DerivedData/Telegram-Mac-fygdgghdgmuleoelvxabfmqiotta/Build/Intermediates.noindex/Firebase.build/Debug/FirebaseCrashlytics-t.build/Objects-normal/arm64/e6072d4f65d7061329687fe24e3d63a7-common-args.resp -MMD -MT dependencies -MF /Users/buddhirajgautam/Library/Developer/Xcode/DerivedData/Telegram-Mac-fygdgghdgmuleoelvxabfmqiotta/Build/Intermediates.noindex/Firebase.build/Debug/FirebaseCrashlytics-t.build/Objects-normal/arm64/FIRCLSLogger.d --serialize-diagnostics /Users/buddhirajgautam/Library/Developer/Xcode/DerivedData/Telegram-Mac-fygdgghdgmuleoelvxabfmqiotta/Build/Intermediates.noindex/Firebase.build/Debug/FirebaseCrashlytics-t.build/Objects-normal/arm64/FIRCLSLogger.dia -c /Users/buddhirajgautam/Library/Developer/Xcode/DerivedData/Telegram-Mac-fygdgghdgmuleoelvxabfmqiotta/SourcePackages/checkouts/firebase-ios-sdk/Crashlytics/Crashlytics/Helpers/FIRCLSLogger.m -o /Users/buddhirajgautam/Library/Developer/Xcode/DerivedData/Telegram-Mac-fygdgghdgmuleoelvxabfmqiotta/Build/Intermediates.noindex/Firebase.build/Debug/FirebaseCrashlytics-t.build/Objects-normal/arm64/FIRCLSLogger.o -index-unit-output-path /Firebase.build/Debug/FirebaseCrashlytics-t.build/Objects-normal/arm64/FIRCLSLogger.o

CompileC /Users/buddhirajgautam/Library/Developer/Xcode/DerivedData/Telegram-Mac-fygdgghdgmuleoelvxabfmqiotta/Build/Intermediates.noindex/Firebase.build/Debug/FirebaseCrashlytics-t.build/Objects-normal/arm64/FIRCLSDataCollectionArbiter.o /Users/buddhirajgautam/Library/Developer/Xcode/DerivedData/Telegram-Mac-fygdgghdgmuleoelvxabfmqiotta/SourcePackages/checkouts/firebase-ios-sdk/Crashlytics/Crashlytics/DataCollection/FIRCLSDataCollectionArbiter.m normal arm64 objective-c com.apple.compilers.llvm.clang.1_0.compiler (in target 'FirebaseCrashlytics' from project 'Firebase')
    cd /Users/buddhirajgautam/Documents/Cherrygram-Mac/macOS-Swift
    
    Using response file: /Users/buddhirajgautam/Library/Developer/Xcode/DerivedData/Telegram-Mac-fygdgghdgmuleoelvxabfmqiotta/Build/Intermediates.noindex/Firebase.build/Debug/FirebaseCrashlytics-t.build/Objects-normal/arm64/e6072d4f65d7061329687fe24e3d63a7-common-args.resp
    
    /Applications/Xcode.app/Contents/Developer/Toolchains/XcodeDefault.xctoolchain/usr/bin/clang -x objective-c -ivfsstatcache /Users/buddhirajgautam/Library/Developer/Xcode/DerivedData/SDKStatCaches.noindex/macosx27.0-26A425-e829b21a6f8c9b70876ba0858053c0447231f6df4def33e022ae2eb8f782df1a.sdkstatcache -target arm64-apple-macos12.0 -fmessage-length\=0 -fdiagnostics-show-note-include-stack -fmacro-backtrace-limit\=0 -fno-color-diagnostics -fmodules-prune-interval\=86400 -fmodules-prune-after\=345600 -fbuild-session-file\=/Users/buddhirajgautam/Library/Developer/Xcode/DerivedData/ModuleCache.noindex/Session.modulevalidation -fmodules-validate-once-per-build-session -Wnon-modular-include-in-framework-module -Werror\=non-modular-include-in-framework-module -Wno-trigraphs -Wno-missing-field-initializers -Wno-missing-prototypes -Wno-return-type -Wno-implicit-atomic-properties -Wno-objc-interface-ivars -Wno-arc-repeated-use-of-weak -Wno-missing-braces -Wparentheses -Wswitch -Wno-unused-function -Wno-unused-label -Wno-unused-parameter -Wno-unused-variable -Wunused-value -Wno-empty-body -Wno-uninitialized -Wno-unknown-pragmas -w -Wno-shadow -Wno-four-char-constants -Wno-conversion -Wno-constant-conversion -Wno-int-conversion -Wno-bool-conversion -Wno-enum-conversion -Wno-float-conversion -Wno-non-literal-null-conversion -Wno-objc-literal-conversion -Wshorten-64-to-32 -Wpointer-sign -Wno-newline-eof -Wno-selector -Wno-strict-selector-match -Wno-undeclared-selector -Wno-deprecated-implementations -Wno-implicit-fallthrough -isysroot /Applications/Xcode.app/Contents/Developer/Platforms/MacOSX.platform/Developer/SDKs/MacOSX27.0.sdk -fstrict-aliasing -Wprotocol -Wdeprecated-declarations -Wno-sign-conversion -Wno-infinite-recursion -Wno-comma -Wno-block-capture-autoreleasing -Wno-strict-prototypes -Wno-semicolon-before-method-body -index-store-path /Users/buddhirajgautam/Library/Developer/Xcode/DerivedData/Telegram-Mac-fygdgghdgmuleoelvxabfmqiotta/Index.noindex/DataStore @/Users/buddhirajgautam/Library/Developer/Xcode/DerivedData/Telegram-Mac-fygdgghdgmuleoelvxabfmqiotta/Build/Intermediates.noindex/Firebase.build/Debug/FirebaseCrashlytics-t.build/Objects-normal/arm64/e6072d4f65d7061329687fe24e3d63a7-common-args.resp -MMD -MT dependencies -MF /Users/buddhirajgautam/Library/Developer/Xcode/DerivedData/Telegram-Mac-fygdgghdgmuleoelvxabfmqiotta/Build/Intermediates.noindex/Firebase.build/Debug/FirebaseCrashlytics-t.build/Objects-normal/arm64/FIRCLSDataCollectionArbiter.d --serialize-diagnostics /Users/buddhirajgautam/Library/Developer/Xcode/DerivedData/Telegram-Mac-fygdgghdgmuleoelvxabfmqiotta/Build/Intermediates.noindex/Firebase.build/Debug/FirebaseCrashlytics-t.build/Objects-normal/arm64/FIRCLSDataCollectionArbiter.dia -c /Users/buddhirajgautam/Library/Developer/Xcode/DerivedData/Telegram-Mac-fygdgghdgmuleoelvxabfmqiotta/SourcePackages/checkouts/firebase-ios-sdk/Crashlytics/Crashlytics/DataCollection/FIRCLSDataCollectionArbiter.m -o /Users/buddhirajgautam/Library/Developer/Xcode/DerivedData/Telegram-Mac-fygdgghdgmuleoelvxabfmqiotta/Build/Intermediates.noindex/Firebase.build/Debug/FirebaseCrashlytics-t.build/Objects-normal/arm64/FIRCLSDataCollectionArbiter.o -index-unit-output-path /Firebase.build/Debug/FirebaseCrashlytics-t.build/Objects-normal/arm64/FIRCLSDataCollectionArbiter.o

CompileC /Users/buddhirajgautam/Library/Developer/Xcode/DerivedData/Telegram-Mac-fygdgghdgmuleoelvxabfmqiotta/Build/Intermediates.noindex/Firebase.build/Debug/FirebaseCrashlytics-t.build/Objects-normal/arm64/FIRCLSConstants.o /Users/buddhirajgautam/Library/Developer/Xcode/DerivedData/Telegram-Mac-fygdgghdgmuleoelvxabfmqiotta/SourcePackages/checkouts/firebase-ios-sdk/Crashlytics/Shared/FIRCLSConstants.m normal arm64 objective-c com.apple.compilers.llvm.clang.1_0.compiler (in target 'FirebaseCrashlytics' from project 'Firebase')
    cd /Users/buddhirajgautam/Documents/Cherrygram-Mac/macOS-Swift
    
    Using response file: /Users/buddhirajgautam/Library/Developer/Xcode/DerivedData/Telegram-Mac-fygdgghdgmuleoelvxabfmqiotta/Build/Intermediates.noindex/Firebase.build/Debug/FirebaseCrashlytics-t.build/Objects-normal/arm64/e6072d4f65d7061329687fe24e3d63a7-common-args.resp
    
    /Applications/Xcode.app/Contents/Developer/Toolchains/XcodeDefault.xctoolchain/usr/bin/clang -x objective-c -ivfsstatcache /Users/buddhirajgautam/Library/Developer/Xcode/DerivedData/SDKStatCaches.noindex/macosx27.0-26A425-e829b21a6f8c9b70876ba0858053c0447231f6df4def33e022ae2eb8f782df1a.sdkstatcache -target arm64-apple-macos12.0 -fmessage-length\=0 -fdiagnostics-show-note-include-stack -fmacro-backtrace-limit\=0 -fno-color-diagnostics -fmodules-prune-interval\=86400 -fmodules-prune-after\=345600 -fbuild-session-file\=/Users/buddhirajgautam/Library/Developer/Xcode/DerivedData/ModuleCache.noindex/Session.modulevalidation -fmodules-validate-once-per-build-session -Wnon-modular-include-in-framework-module -Werror\=non-modular-include-in-framework-module -Wno-trigraphs -Wno-missing-field-initializers -Wno-missing-prototypes -Wno-return-type -Wno-implicit-atomic-properties -Wno-objc-interface-ivars -Wno-arc-repeated-use-of-weak -Wno-missing-braces -Wparentheses -Wswitch -Wno-unused-function -Wno-unused-label -Wno-unused-parameter -Wno-unused-variable -Wunused-value -Wno-empty-body -Wno-uninitialized -Wno-unknown-pragmas -w -Wno-shadow -Wno-four-char-constants -Wno-conversion -Wno-constant-conversion -Wno-int-conversion -Wno-bool-conversion -Wno-enum-conversion -Wno-float-conversion -Wno-non-literal-null-conversion -Wno-objc-literal-conversion -Wshorten-64-to-32 -Wpointer-sign -Wno-newline-eof -Wno-selector -Wno-strict-selector-match -Wno-undeclared-selector -Wno-deprecated-implementations -Wno-implicit-fallthrough -isysroot /Applications/Xcode.app/Contents/Developer/Platforms/MacOSX.platform/Developer/SDKs/MacOSX27.0.sdk -fstrict-aliasing -Wprotocol -Wdeprecated-declarations -Wno-sign-conversion -Wno-infinite-recursion -Wno-comma -Wno-block-capture-autoreleasing -Wno-strict-prototypes -Wno-semicolon-before-method-body -index-store-path /Users/buddhirajgautam/Library/Developer/Xcode/DerivedData/Telegram-Mac-fygdgghdgmuleoelvxabfmqiotta/Index.noindex/DataStore @/Users/buddhirajgautam/Library/Developer/Xcode/DerivedData/Telegram-Mac-fygdgghdgmuleoelvxabfmqiotta/Build/Intermediates.noindex/Firebase.build/Debug/FirebaseCrashlytics-t.build/Objects-normal/arm64/e6072d4f65d7061329687fe24e3d63a7-common-args.resp -MMD -MT dependencies -MF /Users/buddhirajgautam/Library/Developer/Xcode/DerivedData/Telegram-Mac-fygdgghdgmuleoelvxabfmqiotta/Build/Intermediates.noindex/Firebase.build/Debug/FirebaseCrashlytics-t.build/Objects-normal/arm64/FIRCLSConstants.d --serialize-diagnostics /Users/buddhirajgautam/Library/Developer/Xcode/DerivedData/Telegram-Mac-fygdgghdgmuleoelvxabfmqiotta/Build/Intermediates.noindex/Firebase.build/Debug/FirebaseCrashlytics-t.build/Objects-normal/arm64/FIRCLSConstants.dia -c /Users/buddhirajgautam/Library/Developer/Xcode/DerivedData/Telegram-Mac-fygdgghdgmuleoelvxabfmqiotta/SourcePackages/checkouts/firebase-ios-sdk/Crashlytics/Shared/FIRCLSConstants.m -o /Users/buddhirajgautam/Library/Developer/Xcode/DerivedData/Telegram-Mac-fygdgghdgmuleoelvxabfmqiotta/Build/Intermediates.noindex/Firebase.build/Debug/FirebaseCrashlytics-t.build/Objects-normal/arm64/FIRCLSConstants.o -index-unit-output-path /Firebase.build/Debug/FirebaseCrashlytics-t.build/Objects-normal/arm64/FIRCLSConstants.o

PrecompileModule /Users/buddhirajgautam/Library/Developer/Xcode/DerivedData/Telegram-Mac-fygdgghdgmuleoelvxabfmqiotta/Build/Intermediates.noindex/ExplicitPrecompiledModules/CoreData-4NGYEPSB190BNII3MUWHEMDOM.scan
    cd /
    builtin-precompileModule /Users/buddhirajgautam/Library/Developer/Xcode/DerivedData/Telegram-Mac-fygdgghdgmuleoelvxabfmqiotta/Build/Intermediates.noindex/ExplicitPrecompiledModules/CoreData-4NGYEPSB190BNII3MUWHEMDOM.scan

PrecompileModule /Users/buddhirajgautam/Library/Developer/Xcode/DerivedData/Telegram-Mac-fygdgghdgmuleoelvxabfmqiotta/Build/Intermediates.noindex/ExplicitPrecompiledModules/CoreVideo-BIDAELMCPW6DX7X6XRUYHKQ2H.scan
    cd /
    builtin-precompileModule /Users/buddhirajgautam/Library/Developer/Xcode/DerivedData/Telegram-Mac-fygdgghdgmuleoelvxabfmqiotta/Build/Intermediates.noindex/ExplicitPrecompiledModules/CoreVideo-BIDAELMCPW6DX7X6XRUYHKQ2H.scan

SwiftCompile normal arm64 Compiling\ Currency.swift /Users/buddhirajgautam/Documents/Cherrygram-Mac/macOS-Swift/packages/CurrencyFormat/Sources/CurrencyFormat/Currency.swift (in target 'CurrencyFormat' from project 'CurrencyFormat')

SwiftCompile normal arm64 /Users/buddhirajgautam/Documents/Cherrygram-Mac/macOS-Swift/packages/CurrencyFormat/Sources/CurrencyFormat/Currency.swift (in target 'CurrencyFormat' from project 'CurrencyFormat')
    cd /Users/buddhirajgautam/Documents/Cherrygram-Mac/macOS-Swift
    builtin-SwiftPerFileCompile Currency.swift

ScanDependencies /Users/buddhirajgautam/Library/Developer/Xcode/DerivedData/Telegram-Mac-fygdgghdgmuleoelvxabfmqiotta/Build/Intermediates.noindex/CryptoUtils.build/Debug/CryptoUtils-t.build/Objects-normal/arm64/Crypto.o /Users/buddhirajgautam/Documents/Cherrygram-Mac/macOS-Swift/submodules/telegram-ios/submodules/CryptoUtils/Sources/Crypto.m normal arm64 objective-c com.apple.compilers.llvm.clang.1_0.compiler (in target 'CryptoUtils' from project 'CryptoUtils')
    cd /Users/buddhirajgautam/Documents/Cherrygram-Mac/macOS-Swift
    
    Using response file: /Users/buddhirajgautam/Library/Developer/Xcode/DerivedData/Telegram-Mac-fygdgghdgmuleoelvxabfmqiotta/Build/Intermediates.noindex/CryptoUtils.build/Debug/CryptoUtils-t.build/Objects-normal/arm64/e6072d4f65d7061329687fe24e3d63a7-common-args.resp
    
    builtin-ScanDependencies -o /Users/buddhirajgautam/Library/Developer/Xcode/DerivedData/Telegram-Mac-fygdgghdgmuleoelvxabfmqiotta/Build/Intermediates.noindex/CryptoUtils.build/Debug/CryptoUtils-t.build/Objects-normal/arm64/Crypto.o.scan -- /Applications/Xcode.app/Contents/Developer/Toolchains/XcodeDefault.xctoolchain/usr/bin/clang -x objective-c -ivfsstatcache /Users/buddhirajgautam/Library/Developer/Xcode/DerivedData/SDKStatCaches.noindex/macosx27.0-26A425-e829b21a6f8c9b70876ba0858053c0447231f6df4def33e022ae2eb8f782df1a.sdkstatcache -target arm64-apple-macos12.0 -fmessage-length\=0 -fdiagnostics-show-note-include-stack -fmacro-backtrace-limit\=0 -fno-color-diagnostics -fmodules-prune-interval\=86400 -fmodules-prune-after\=345600 -fbuild-session-file\=/Users/buddhirajgautam/Library/Developer/Xcode/DerivedData/ModuleCache.noindex/Session.modulevalidation -fmodules-validate-once-per-build-session -Wnon-modular-include-in-framework-module -Werror\=non-modular-include-in-framework-module -Wno-trigraphs -Wno-missing-field-initializers -Wno-missing-prototypes -Wno-return-type -Wno-implicit-atomic-properties -Wno-objc-interface-ivars -Wno-arc-repeated-use-of-weak -Wno-missing-braces -Wparentheses -Wswitch -Wno-unused-function -Wno-unused-label -Wno-unused-parameter -Wno-unused-variable -Wunused-value -Wno-empty-body -Wno-uninitialized -Wno-unknown-pragmas -Wno-shadow -Wno-four-char-constants -Wno-conversion -Wno-constant-conversion -Wno-int-conversion -Wno-bool-conversion -Wno-enum-conversion -Wno-float-conversion -Wno-non-literal-null-conversion -Wno-objc-literal-conversion -Wshorten-64-to-32 -Wpointer-sign -Wno-newline-eof -Wno-selector -Wno-strict-selector-match -Wno-undeclared-selector -Wno-deprecated-implementations -Wno-implicit-fallthrough -isysroot /Applications/Xcode.app/Contents/Developer/Platforms/MacOSX.platform/Developer/SDKs/MacOSX27.0.sdk -fstrict-aliasing -Wprotocol -Wdeprecated-declarations -Wno-sign-conversion -Wno-infinite-recursion -Wno-comma -Wno-block-capture-autoreleasing -Wno-strict-prototypes -Wno-semicolon-before-method-body -index-store-path /Users/buddhirajgautam/Library/Developer/Xcode/DerivedData/Telegram-Mac-fygdgghdgmuleoelvxabfmqiotta/Index.noindex/DataStore @/Users/buddhirajgautam/Library/Developer/Xcode/DerivedData/Telegram-Mac-fygdgghdgmuleoelvxabfmqiotta/Build/Intermediates.noindex/CryptoUtils.build/Debug/CryptoUtils-t.build/Objects-normal/arm64/e6072d4f65d7061329687fe24e3d63a7-common-args.resp -MMD -MT dependencies -MF /Users/buddhirajgautam/Library/Developer/Xcode/DerivedData/Telegram-Mac-fygdgghdgmuleoelvxabfmqiotta/Build/Intermediates.noindex/CryptoUtils.build/Debug/CryptoUtils-t.build/Objects-normal/arm64/Crypto.d --serialize-diagnostics /Users/buddhirajgautam/Library/Developer/Xcode/DerivedData/Telegram-Mac-fygdgghdgmuleoelvxabfmqiotta/Build/Intermediates.noindex/CryptoUtils.build/Debug/CryptoUtils-t.build/Objects-normal/arm64/Crypto.dia -c /Users/buddhirajgautam/Documents/Cherrygram-Mac/macOS-Swift/submodules/telegram-ios/submodules/CryptoUtils/Sources/Crypto.m -o /Users/buddhirajgautam/Library/Developer/Xcode/DerivedData/Telegram-Mac-fygdgghdgmuleoelvxabfmqiotta/Build/Intermediates.noindex/CryptoUtils.build/Debug/CryptoUtils-t.build/Objects-normal/arm64/Crypto.o -index-unit-output-path /CryptoUtils.build/Debug/CryptoUtils-t.build/Objects-normal/arm64/Crypto.o

PrecompileModule /Users/buddhirajgautam/Library/Developer/Xcode/DerivedData/Telegram-Mac-fygdgghdgmuleoelvxabfmqiotta/Build/Intermediates.noindex/ExplicitPrecompiledModules/CoreImage-E3PHE0AHWALBHXOGYCHF6N6JQ.scan
    cd /
    builtin-precompileModule /Users/buddhirajgautam/Library/Developer/Xcode/DerivedData/Telegram-Mac-fygdgghdgmuleoelvxabfmqiotta/Build/Intermediates.noindex/ExplicitPrecompiledModules/CoreImage-E3PHE0AHWALBHXOGYCHF6N6JQ.scan

PrecompileModule /Users/buddhirajgautam/Library/Developer/Xcode/DerivedData/Telegram-Mac-fygdgghdgmuleoelvxabfmqiotta/Build/Intermediates.noindex/ExplicitPrecompiledModules/QuartzCore-7NNBDICUPCS93UIZTMECBXK2E.scan
    cd /
    builtin-precompileModule /Users/buddhirajgautam/Library/Developer/Xcode/DerivedData/Telegram-Mac-fygdgghdgmuleoelvxabfmqiotta/Build/Intermediates.noindex/ExplicitPrecompiledModules/QuartzCore-7NNBDICUPCS93UIZTMECBXK2E.scan

SwiftDriverJobDiscovery normal arm64 Compiling String.swift (in target 'CurrencyFormat' from project 'CurrencyFormat')

ScanDependencies /Users/buddhirajgautam/Library/Developer/Xcode/DerivedData/Telegram-Mac-fygdgghdgmuleoelvxabfmqiotta/Build/Intermediates.noindex/Crc32.build/Debug/Crc32-t.build/Objects-normal/arm64/Crc32.o /Users/buddhirajgautam/Documents/Cherrygram-Mac/macOS-Swift/submodules/telegram-ios/submodules/Crc32/Sources/Crc32.m normal arm64 objective-c com.apple.compilers.llvm.clang.1_0.compiler (in target 'Crc32' from project 'Crc32')
    cd /Users/buddhirajgautam/Documents/Cherrygram-Mac/macOS-Swift
    
    Using response file: /Users/buddhirajgautam/Library/Developer/Xcode/DerivedData/Telegram-Mac-fygdgghdgmuleoelvxabfmqiotta/Build/Intermediates.noindex/Crc32.build/Debug/Crc32-t.build/Objects-normal/arm64/e6072d4f65d7061329687fe24e3d63a7-common-args.resp
    
    builtin-ScanDependencies -o /Users/buddhirajgautam/Library/Developer/Xcode/DerivedData/Telegram-Mac-fygdgghdgmuleoelvxabfmqiotta/Build/Intermediates.noindex/Crc32.build/Debug/Crc32-t.build/Objects-normal/arm64/Crc32.o.scan -- /Applications/Xcode.app/Contents/Developer/Toolchains/XcodeDefault.xctoolchain/usr/bin/clang -x objective-c -ivfsstatcache /Users/buddhirajgautam/Library/Developer/Xcode/DerivedData/SDKStatCaches.noindex/macosx27.0-26A425-e829b21a6f8c9b70876ba0858053c0447231f6df4def33e022ae2eb8f782df1a.sdkstatcache -target arm64-apple-macos12.0 -fmessage-length\=0 -fdiagnostics-show-note-include-stack -fmacro-backtrace-limit\=0 -fno-color-diagnostics -fmodules-prune-interval\=86400 -fmodules-prune-after\=345600 -fbuild-session-file\=/Users/buddhirajgautam/Library/Developer/Xcode/DerivedData/ModuleCache.noindex/Session.modulevalidation -fmodules-validate-once-per-build-session -Wnon-modular-include-in-framework-module -Werror\=non-modular-include-in-framework-module -Wno-trigraphs -Wno-missing-field-initializers -Wno-missing-prototypes -Wno-return-type -Wno-implicit-atomic-properties -Wno-objc-interface-ivars -Wno-arc-repeated-use-of-weak -Wno-missing-braces -Wparentheses -Wswitch -Wno-unused-function -Wno-unused-label -Wno-unused-parameter -Wno-unused-variable -Wunused-value -Wno-empty-body -Wno-uninitialized -Wno-unknown-pragmas -Wno-shadow -Wno-four-char-constants -Wno-conversion -Wno-constant-conversion -Wno-int-conversion -Wno-bool-conversion -Wno-enum-conversion -Wno-float-conversion -Wno-non-literal-null-conversion -Wno-objc-literal-conversion -Wshorten-64-to-32 -Wpointer-sign -Wno-newline-eof -Wno-selector -Wno-strict-selector-match -Wno-undeclared-selector -Wno-deprecated-implementations -Wno-implicit-fallthrough -isysroot /Applications/Xcode.app/Contents/Developer/Platforms/MacOSX.platform/Developer/SDKs/MacOSX27.0.sdk -fstrict-aliasing -Wprotocol -Wdeprecated-declarations -Wno-sign-conversion -Wno-infinite-recursion -Wno-comma -Wno-block-capture-autoreleasing -Wno-strict-prototypes -Wno-semicolon-before-method-body -index-store-path /Users/buddhirajgautam/Library/Developer/Xcode/DerivedData/Telegram-Mac-fygdgghdgmuleoelvxabfmqiotta/Index.noindex/DataStore @/Users/buddhirajgautam/Library/Developer/Xcode/DerivedData/Telegram-Mac-fygdgghdgmuleoelvxabfmqiotta/Build/Intermediates.noindex/Crc32.build/Debug/Crc32-t.build/Objects-normal/arm64/e6072d4f65d7061329687fe24e3d63a7-common-args.resp -MMD -MT dependencies -MF /Users/buddhirajgautam/Library/Developer/Xcode/DerivedData/Telegram-Mac-fygdgghdgmuleoelvxabfmqiotta/Build/Intermediates.noindex/Crc32.build/Debug/Crc32-t.build/Objects-normal/arm64/Crc32.d --serialize-diagnostics /Users/buddhirajgautam/Library/Developer/Xcode/DerivedData/Telegram-Mac-fygdgghdgmuleoelvxabfmqiotta/Build/Intermediates.noindex/Crc32.build/Debug/Crc32-t.build/Objects-normal/arm64/Crc32.dia -c /Users/buddhirajgautam/Documents/Cherrygram-Mac/macOS-Swift/submodules/telegram-ios/submodules/Crc32/Sources/Crc32.m -o /Users/buddhirajgautam/Library/Developer/Xcode/DerivedData/Telegram-Mac-fygdgghdgmuleoelvxabfmqiotta/Build/Intermediates.noindex/Crc32.build/Debug/Crc32-t.build/Objects-normal/arm64/Crc32.o -index-unit-output-path /Crc32.build/Debug/Crc32-t.build/Objects-normal/arm64/Crc32.o

PrecompileModule /Users/buddhirajgautam/Library/Developer/Xcode/DerivedData/Telegram-Mac-fygdgghdgmuleoelvxabfmqiotta/Build/Intermediates.noindex/ExplicitPrecompiledModules/libkern-7WMW2HIOU3IA0LXFJCTPDPLJS.scan
    cd /
    builtin-precompileModule /Users/buddhirajgautam/Library/Developer/Xcode/DerivedData/Telegram-Mac-fygdgghdgmuleoelvxabfmqiotta/Build/Intermediates.noindex/ExplicitPrecompiledModules/libkern-7WMW2HIOU3IA0LXFJCTPDPLJS.scan

PrecompileModule /Users/buddhirajgautam/Library/Developer/Xcode/DerivedData/Telegram-Mac-fygdgghdgmuleoelvxabfmqiotta/Build/Intermediates.noindex/ExplicitPrecompiledModules/launch-9ZYE7FRBD76L7ZXRRE2ZVJEZV.scan
    cd /
    builtin-precompileModule /Users/buddhirajgautam/Library/Developer/Xcode/DerivedData/Telegram-Mac-fygdgghdgmuleoelvxabfmqiotta/Build/Intermediates.noindex/ExplicitPrecompiledModules/launch-9ZYE7FRBD76L7ZXRRE2ZVJEZV.scan

PrecompileModule /Users/buddhirajgautam/Library/Developer/Xcode/DerivedData/Telegram-Mac-fygdgghdgmuleoelvxabfmqiotta/Build/Intermediates.noindex/ExplicitPrecompiledModules/AppKit-1DROJIT0R1G2OK7HPXON5WRBY.scan
    cd /
    builtin-precompileModule /Users/buddhirajgautam/Library/Developer/Xcode/DerivedData/Telegram-Mac-fygdgghdgmuleoelvxabfmqiotta/Build/Intermediates.noindex/ExplicitPrecompiledModules/AppKit-1DROJIT0R1G2OK7HPXON5WRBY.scan

SwiftDriverJobDiscovery normal arm64 Compiling CurrencyFormatter.swift (in target 'CurrencyFormat' from project 'CurrencyFormat')

PrecompileModule /Users/buddhirajgautam/Library/Developer/Xcode/DerivedData/Telegram-Mac-fygdgghdgmuleoelvxabfmqiotta/Build/Intermediates.noindex/ExplicitPrecompiledModules/MachO-5EP3ULC2EXWG8PEI7NMS8TRE6.scan
    cd /
    builtin-precompileModule /Users/buddhirajgautam/Library/Developer/Xcode/DerivedData/Telegram-Mac-fygdgghdgmuleoelvxabfmqiotta/Build/Intermediates.noindex/ExplicitPrecompiledModules/MachO-5EP3ULC2EXWG8PEI7NMS8TRE6.scan

SwiftCompile normal arm64 Compiling\ CrashHandler.swift /Users/buddhirajgautam/Documents/Cherrygram-Mac/macOS-Swift/packages/CrashHandler/Sources/CrashHandler/CrashHandler.swift (in target 'CrashHandler' from project 'CrashHandler')

SwiftCompile normal arm64 /Users/buddhirajgautam/Documents/Cherrygram-Mac/macOS-Swift/packages/CrashHandler/Sources/CrashHandler/CrashHandler.swift (in target 'CrashHandler' from project 'CrashHandler')
    cd /Users/buddhirajgautam/Documents/Cherrygram-Mac/macOS-Swift
    builtin-SwiftPerFileCompile CrashHandler.swift

PrecompileModule /Users/buddhirajgautam/Library/Developer/Xcode/DerivedData/Telegram-Mac-fygdgghdgmuleoelvxabfmqiotta/Build/Intermediates.noindex/ExplicitPrecompiledModules/ObjectiveC-ETKNSLL720OFNJGX5Z051L6BK.scan
    cd /
    builtin-precompileModule /Users/buddhirajgautam/Library/Developer/Xcode/DerivedData/Telegram-Mac-fygdgghdgmuleoelvxabfmqiotta/Build/Intermediates.noindex/ExplicitPrecompiledModules/ObjectiveC-ETKNSLL720OFNJGX5Z051L6BK.scan

SwiftDriverJobDiscovery normal arm64 Compiling CurrencyFormat.swift (in target 'CurrencyFormat' from project 'CurrencyFormat')

ScanDependencies /Users/buddhirajgautam/Library/Developer/Xcode/DerivedData/Telegram-Mac-fygdgghdgmuleoelvxabfmqiotta/Build/Intermediates.noindex/CalendarUtils.build/Debug/CalendarUtils-t.build/Objects-normal/arm64/CalendarUtils.o /Users/buddhirajgautam/Documents/Cherrygram-Mac/macOS-Swift/packages/CalendarUtils/Sources/CalendarUtils/CalendarUtils.m normal arm64 objective-c com.apple.compilers.llvm.clang.1_0.compiler (in target 'CalendarUtils' from project 'CalendarUtils')
    cd /Users/buddhirajgautam/Documents/Cherrygram-Mac/macOS-Swift
    
    Using response file: /Users/buddhirajgautam/Library/Developer/Xcode/DerivedData/Telegram-Mac-fygdgghdgmuleoelvxabfmqiotta/Build/Intermediates.noindex/CalendarUtils.build/Debug/CalendarUtils-t.build/Objects-normal/arm64/e6072d4f65d7061329687fe24e3d63a7-common-args.resp
    
    builtin-ScanDependencies -o /Users/buddhirajgautam/Library/Developer/Xcode/DerivedData/Telegram-Mac-fygdgghdgmuleoelvxabfmqiotta/Build/Intermediates.noindex/CalendarUtils.build/Debug/CalendarUtils-t.build/Objects-normal/arm64/CalendarUtils.o.scan -- /Applications/Xcode.app/Contents/Developer/Toolchains/XcodeDefault.xctoolchain/usr/bin/clang -x objective-c -ivfsstatcache /Users/buddhirajgautam/Library/Developer/Xcode/DerivedData/SDKStatCaches.noindex/macosx27.0-26A425-e829b21a6f8c9b70876ba0858053c0447231f6df4def33e022ae2eb8f782df1a.sdkstatcache -target arm64-apple-macos12.0 -fmessage-length\=0 -fdiagnostics-show-note-include-stack -fmacro-backtrace-limit\=0 -fno-color-diagnostics -fmodules-prune-interval\=86400 -fmodules-prune-after\=345600 -fbuild-session-file\=/Users/buddhirajgautam/Library/Developer/Xcode/DerivedData/ModuleCache.noindex/Session.modulevalidation -fmodules-validate-once-per-build-session -Wnon-modular-include-in-framework-module -Werror\=non-modular-include-in-framework-module -Wno-trigraphs -Wno-missing-field-initializers -Wno-missing-prototypes -Wno-return-type -Wno-implicit-atomic-properties -Wno-objc-interface-ivars -Wno-arc-repeated-use-of-weak -Wno-missing-braces -Wparentheses -Wswitch -Wno-unused-function -Wno-unused-label -Wno-unused-parameter -Wno-unused-variable -Wunused-value -Wno-empty-body -Wno-uninitialized -Wno-unknown-pragmas -Wno-shadow -Wno-four-char-constants -Wno-conversion -Wno-constant-conversion -Wno-int-conversion -Wno-bool-conversion -Wno-enum-conversion -Wno-float-conversion -Wno-non-literal-null-conversion -Wno-objc-literal-conversion -Wshorten-64-to-32 -Wpointer-sign -Wno-newline-eof -Wno-selector -Wno-strict-selector-match -Wno-undeclared-selector -Wno-deprecated-implementations -Wno-implicit-fallthrough -isysroot /Applications/Xcode.app/Contents/Developer/Platforms/MacOSX.platform/Developer/SDKs/MacOSX27.0.sdk -fstrict-aliasing -Wprotocol -Wdeprecated-declarations -Wno-sign-conversion -Wno-infinite-recursion -Wno-comma -Wno-block-capture-autoreleasing -Wno-strict-prototypes -Wno-semicolon-before-method-body -index-store-path /Users/buddhirajgautam/Library/Developer/Xcode/DerivedData/Telegram-Mac-fygdgghdgmuleoelvxabfmqiotta/Index.noindex/DataStore @/Users/buddhirajgautam/Library/Developer/Xcode/DerivedData/Telegram-Mac-fygdgghdgmuleoelvxabfmqiotta/Build/Intermediates.noindex/CalendarUtils.build/Debug/CalendarUtils-t.build/Objects-normal/arm64/e6072d4f65d7061329687fe24e3d63a7-common-args.resp -MMD -MT dependencies -MF /Users/buddhirajgautam/Library/Developer/Xcode/DerivedData/Telegram-Mac-fygdgghdgmuleoelvxabfmqiotta/Build/Intermediates.noindex/CalendarUtils.build/Debug/CalendarUtils-t.build/Objects-normal/arm64/CalendarUtils.d --serialize-diagnostics /Users/buddhirajgautam/Library/Developer/Xcode/DerivedData/Telegram-Mac-fygdgghdgmuleoelvxabfmqiotta/Build/Intermediates.noindex/CalendarUtils.build/Debug/CalendarUtils-t.build/Objects-normal/arm64/CalendarUtils.dia -c /Users/buddhirajgautam/Documents/Cherrygram-Mac/macOS-Swift/packages/CalendarUtils/Sources/CalendarUtils/CalendarUtils.m -o /Users/buddhirajgautam/Library/Developer/Xcode/DerivedData/Telegram-Mac-fygdgghdgmuleoelvxabfmqiotta/Build/Intermediates.noindex/CalendarUtils.build/Debug/CalendarUtils-t.build/Objects-normal/arm64/CalendarUtils.o -index-unit-output-path /CalendarUtils.build/Debug/CalendarUtils-t.build/Objects-normal/arm64/CalendarUtils.o

SwiftDriverJobDiscovery normal arm64 Compiling Currency.swift (in target 'CurrencyFormat' from project 'CurrencyFormat')

ScanDependencies /Users/buddhirajgautam/Library/Developer/Xcode/DerivedData/Telegram-Mac-fygdgghdgmuleoelvxabfmqiotta/Build/Intermediates.noindex/BuildConfig.build/Debug/BuildConfig-t.build/Objects-normal/arm64/BuildConfig.o /Users/buddhirajgautam/Documents/Cherrygram-Mac/macOS-Swift/submodules/BuildConfig/Sources/BuildConfig.m normal arm64 objective-c com.apple.compilers.llvm.clang.1_0.compiler (in target 'BuildConfig' from project 'BuildConfig')
    cd /Users/buddhirajgautam/Documents/Cherrygram-Mac/macOS-Swift
    
    Using response file: /Users/buddhirajgautam/Library/Developer/Xcode/DerivedData/Telegram-Mac-fygdgghdgmuleoelvxabfmqiotta/Build/Intermediates.noindex/BuildConfig.build/Debug/BuildConfig-t.build/Objects-normal/arm64/e6072d4f65d7061329687fe24e3d63a7-common-args.resp
    
    builtin-ScanDependencies -o /Users/buddhirajgautam/Library/Developer/Xcode/DerivedData/Telegram-Mac-fygdgghdgmuleoelvxabfmqiotta/Build/Intermediates.noindex/BuildConfig.build/Debug/BuildConfig-t.build/Objects-normal/arm64/BuildConfig.o.scan -- /Applications/Xcode.app/Contents/Developer/Toolchains/XcodeDefault.xctoolchain/usr/bin/clang -x objective-c -ivfsstatcache /Users/buddhirajgautam/Library/Developer/Xcode/DerivedData/SDKStatCaches.noindex/macosx27.0-26A425-e829b21a6f8c9b70876ba0858053c0447231f6df4def33e022ae2eb8f782df1a.sdkstatcache -target arm64-apple-macos12.0 -fmessage-length\=0 -fdiagnostics-show-note-include-stack -fmacro-backtrace-limit\=0 -fno-color-diagnostics -fmodules-prune-interval\=86400 -fmodules-prune-after\=345600 -fbuild-session-file\=/Users/buddhirajgautam/Library/Developer/Xcode/DerivedData/ModuleCache.noindex/Session.modulevalidation -fmodules-validate-once-per-build-session -Wnon-modular-include-in-framework-module -Werror\=non-modular-include-in-framework-module -Wno-trigraphs -Wno-missing-field-initializers -Wno-missing-prototypes -Wno-return-type -Wno-implicit-atomic-properties -Wno-objc-interface-ivars -Wno-arc-repeated-use-of-weak -Wno-missing-braces -Wparentheses -Wswitch -Wno-unused-function -Wno-unused-label -Wno-unused-parameter -Wno-unused-variable -Wunused-value -Wno-empty-body -Wno-uninitialized -Wno-unknown-pragmas -Wno-shadow -Wno-four-char-constants -Wno-conversion -Wno-constant-conversion -Wno-int-conversion -Wno-bool-conversion -Wno-enum-conversion -Wno-float-conversion -Wno-non-literal-null-conversion -Wno-objc-literal-conversion -Wshorten-64-to-32 -Wpointer-sign -Wno-newline-eof -Wno-selector -Wno-strict-selector-match -Wno-undeclared-selector -Wno-deprecated-implementations -Wno-implicit-fallthrough -isysroot /Applications/Xcode.app/Contents/Developer/Platforms/MacOSX.platform/Developer/SDKs/MacOSX27.0.sdk -fstrict-aliasing -Wprotocol -Wdeprecated-declarations -Wno-sign-conversion -Wno-infinite-recursion -Wno-comma -Wno-block-capture-autoreleasing -Wno-strict-prototypes -Wno-semicolon-before-method-body -index-store-path /Users/buddhirajgautam/Library/Developer/Xcode/DerivedData/Telegram-Mac-fygdgghdgmuleoelvxabfmqiotta/Index.noindex/DataStore @/Users/buddhirajgautam/Library/Developer/Xcode/DerivedData/Telegram-Mac-fygdgghdgmuleoelvxabfmqiotta/Build/Intermediates.noindex/BuildConfig.build/Debug/BuildConfig-t.build/Objects-normal/arm64/e6072d4f65d7061329687fe24e3d63a7-common-args.resp -MMD -MT dependencies -MF /Users/buddhirajgautam/Library/Developer/Xcode/DerivedData/Telegram-Mac-fygdgghdgmuleoelvxabfmqiotta/Build/Intermediates.noindex/BuildConfig.build/Debug/BuildConfig-t.build/Objects-normal/arm64/BuildConfig.d --serialize-diagnostics /Users/buddhirajgautam/Library/Developer/Xcode/DerivedData/Telegram-Mac-fygdgghdgmuleoelvxabfmqiotta/Build/Intermediates.noindex/BuildConfig.build/Debug/BuildConfig-t.build/Objects-normal/arm64/BuildConfig.dia -c /Users/buddhirajgautam/Documents/Cherrygram-Mac/macOS-Swift/submodules/BuildConfig/Sources/BuildConfig.m -o /Users/buddhirajgautam/Library/Developer/Xcode/DerivedData/Telegram-Mac-fygdgghdgmuleoelvxabfmqiotta/Build/Intermediates.noindex/BuildConfig.build/Debug/BuildConfig-t.build/Objects-normal/arm64/BuildConfig.o -index-unit-output-path /BuildConfig.build/Debug/BuildConfig-t.build/Objects-normal/arm64/BuildConfig.o

SwiftDriver\ Compilation CurrencyFormat normal arm64 com.apple.xcode.tools.swift.compiler (in target 'CurrencyFormat' from project 'CurrencyFormat')
    cd /Users/buddhirajgautam/Documents/Cherrygram-Mac/macOS-Swift
    builtin-Swift-Compilation -- /Applications/Xcode.app/Contents/Developer/Toolchains/XcodeDefault.xctoolchain/usr/bin/swiftc -parse-as-library -module-name CurrencyFormat -Onone @/Users/buddhirajgautam/Library/Developer/Xcode/DerivedData/Telegram-Mac-fygdgghdgmuleoelvxabfmqiotta/Build/Intermediates.noindex/CurrencyFormat.build/Debug/CurrencyFormat-t.build/Objects-normal/arm64/CurrencyFormat.SwiftFileList -DSWIFT_PACKAGE -DDEBUG -DSWIFT_MODULE_RESOURCE_BUNDLE_UNAVAILABLE -DXcode -plugin-path /Applications/Xcode.app/Contents/Developer/Toolchains/XcodeDefault.xctoolchain/usr/lib/swift/host/plugins/testing -enable-experimental-feature DebugDescriptionMacro -sdk /Applications/Xcode.app/Contents/Developer/Platforms/MacOSX.platform/Developer/SDKs/MacOSX27.0.sdk -target arm64-apple-macos12.0 -g -module-cache-path /Users/buddhirajgautam/Library/Developer/Xcode/DerivedData/ModuleCache.noindex -Xfrontend -serialize-debugging-options -profile-coverage-mapping -profile-generate -enable-testing -index-store-path /Users/buddhirajgautam/Library/Developer/Xcode/DerivedData/Telegram-Mac-fygdgghdgmuleoelvxabfmqiotta/Index.noindex/DataStore -Xcc -D_LIBCPP_HARDENING_MODE\=_LIBCPP_HARDENING_MODE_DEBUG -swift-version 5 -I /Users/buddhirajgautam/Library/Developer/Xcode/DerivedData/Telegram-Mac-fygdgghdgmuleoelvxabfmqiotta/Build/Products/Debug -Isystem /Applications/Xcode.app/Contents/Developer/Platforms/MacOSX.platform/Developer/usr/lib -F /Users/buddhirajgautam/Library/Developer/Xcode/DerivedData/Telegram-Mac-fygdgghdgmuleoelvxabfmqiotta/Build/Products/Debug -F /Applications/Xcode.app/Contents/Developer/Platforms/MacOSX.platform/Developer/Library/Frameworks -c -j8 -enable-batch-mode -incremental -Xcc -ivfsstatcache -Xcc /Users/buddhirajgautam/Library/Developer/Xcode/DerivedData/SDKStatCaches.noindex/macosx27.0-26A425-e829b21a6f8c9b70876ba0858053c0447231f6df4def33e022ae2eb8f782df1a.sdkstatcache -output-file-map /Users/buddhirajgautam/Library/Developer/Xcode/DerivedData/Telegram-Mac-fygdgghdgmuleoelvxabfmqiotta/Build/Intermediates.noindex/CurrencyFormat.build/Debug/CurrencyFormat-t.build/Objects-normal/arm64/CurrencyFormat-OutputFileMap.json -save-temps -no-color-diagnostics -explicit-module-build -module-cache-path /Users/buddhirajgautam/Library/Developer/Xcode/DerivedData/Telegram-Mac-fygdgghdgmuleoelvxabfmqiotta/Build/Intermediates.noindex/SwiftExplicitPrecompiledModules -clang-scanner-module-cache-path /Users/buddhirajgautam/Library/Developer/Xcode/DerivedData/ModuleCache.noindex -sdk-module-cache-path /Users/buddhirajgautam/Library/Developer/Xcode/DerivedData/SDKExplicitPrecompiledModules -emit-dependencies -emit-module -emit-module-path /Users/buddhirajgautam/Library/Developer/Xcode/DerivedData/Telegram-Mac-fygdgghdgmuleoelvxabfmqiotta/Build/Intermediates.noindex/CurrencyFormat.build/Debug/CurrencyFormat-t.build/Objects-normal/arm64/CurrencyFormat.swiftmodule -serialize-diagnostics -dependency-scan-serialize-diagnostics-path /Users/buddhirajgautam/Library/Developer/Xcode/DerivedData/Telegram-Mac-fygdgghdgmuleoelvxabfmqiotta/Build/Intermediates.noindex/CurrencyFormat.build/Debug/CurrencyFormat-t.build/Objects-normal/arm64/CurrencyFormat-dependency-scan.dia -validate-clang-modules-once -clang-build-session-file /Users/buddhirajgautam/Library/Developer/Xcode/DerivedData/ModuleCache.noindex/Session.modulevalidation -Xcc -fmodules-prune-interval\=86400 -Xcc -fmodules-prune-after\=345600 -emit-const-values -const-gather-protocols-list /Users/buddhirajgautam/Library/Developer/Xcode/DerivedData/Telegram-Mac-fygdgghdgmuleoelvxabfmqiotta/Build/Intermediates.noindex/CurrencyFormat.build/Debug/CurrencyFormat-t.build/Objects-normal/arm64/CurrencyFormat_const_extract_protocols.json -Xcc -I/Users/buddhirajgautam/Library/Developer/Xcode/DerivedData/Telegram-Mac-fygdgghdgmuleoelvxabfmqiotta/Build/Products/Debug/include -Xcc -I/Users/buddhirajgautam/Library/Developer/Xcode/DerivedData/Telegram-Mac-fygdgghdgmuleoelvxabfmqiotta/Build/Intermediates.noindex/CurrencyFormat.build/Debug/CurrencyFormat-t.build/DerivedSources-normal/arm64 -Xcc -I/Users/buddhirajgautam/Library/Developer/Xcode/DerivedData/Telegram-Mac-fygdgghdgmuleoelvxabfmqiotta/Build/Intermediates.noindex/CurrencyFormat.build/Debug/CurrencyFormat-t.build/DerivedSources/arm64 -Xcc -I/Users/buddhirajgautam/Library/Developer/Xcode/DerivedData/Telegram-Mac-fygdgghdgmuleoelvxabfmqiotta/Build/Intermediates.noindex/CurrencyFormat.build/Debug/CurrencyFormat-t.build/DerivedSources -Xcc -DSWIFT_PACKAGE -Xcc -DDEBUG\=1 -emit-objc-header -emit-objc-header-path /Users/buddhirajgautam/Library/Developer/Xcode/DerivedData/Telegram-Mac-fygdgghdgmuleoelvxabfmqiotta/Build/Intermediates.noindex/CurrencyFormat.build/Debug/CurrencyFormat-t.build/Objects-normal/arm64/CurrencyFormat-Swift.h -working-directory /Users/buddhirajgautam/Documents/Cherrygram-Mac/macOS-Swift -experimental-emit-module-separately -disable-cmo

PrecompileModule /Users/buddhirajgautam/Library/Developer/Xcode/DerivedData/Telegram-Mac-fygdgghdgmuleoelvxabfmqiotta/Build/Intermediates.noindex/ExplicitPrecompiledModules/os_object-C5Z8A4WB7A5T8IZARUQJAWYUJ.scan
    cd /
    builtin-precompileModule /Users/buddhirajgautam/Library/Developer/Xcode/DerivedData/Telegram-Mac-fygdgghdgmuleoelvxabfmqiotta/Build/Intermediates.noindex/ExplicitPrecompiledModules/os_object-C5Z8A4WB7A5T8IZARUQJAWYUJ.scan

PrecompileModule /Users/buddhirajgautam/Library/Developer/Xcode/DerivedData/Telegram-Mac-fygdgghdgmuleoelvxabfmqiotta/Build/Intermediates.noindex/ExplicitPrecompiledModules/os_workgroup-2RVPYWFOMEU8RLZPWJ5MJZKXT.scan
    cd /
    builtin-precompileModule /Users/buddhirajgautam/Library/Developer/Xcode/DerivedData/Telegram-Mac-fygdgghdgmuleoelvxabfmqiotta/Build/Intermediates.noindex/ExplicitPrecompiledModules/os_workgroup-2RVPYWFOMEU8RLZPWJ5MJZKXT.scan

PrecompileModule /Users/buddhirajgautam/Library/Developer/Xcode/DerivedData/Telegram-Mac-fygdgghdgmuleoelvxabfmqiotta/Build/Intermediates.noindex/ExplicitPrecompiledModules/Dispatch-7GJV3M8O7BH4OCYGB3YOJRQHE.scan
    cd /
    builtin-precompileModule /Users/buddhirajgautam/Library/Developer/Xcode/DerivedData/Telegram-Mac-fygdgghdgmuleoelvxabfmqiotta/Build/Intermediates.noindex/ExplicitPrecompiledModules/Dispatch-7GJV3M8O7BH4OCYGB3YOJRQHE.scan

PrecompileModule /Users/buddhirajgautam/Library/Developer/Xcode/DerivedData/Telegram-Mac-fygdgghdgmuleoelvxabfmqiotta/Build/Intermediates.noindex/ExplicitPrecompiledModules/CoreFoundation-14Q6P3VYL7RBY2IYVSE1M74NX.scan
    cd /
    builtin-precompileModule /Users/buddhirajgautam/Library/Developer/Xcode/DerivedData/Telegram-Mac-fygdgghdgmuleoelvxabfmqiotta/Build/Intermediates.noindex/ExplicitPrecompiledModules/CoreFoundation-14Q6P3VYL7RBY2IYVSE1M74NX.scan

PrecompileModule /Users/buddhirajgautam/Library/Developer/Xcode/DerivedData/Telegram-Mac-fygdgghdgmuleoelvxabfmqiotta/Build/Intermediates.noindex/ExplicitPrecompiledModules/XPC-4CYURF8H1ZYRH9WSZJR5WTWW2.scan
    cd /
    builtin-precompileModule /Users/buddhirajgautam/Library/Developer/Xcode/DerivedData/Telegram-Mac-fygdgghdgmuleoelvxabfmqiotta/Build/Intermediates.noindex/ExplicitPrecompiledModules/XPC-4CYURF8H1ZYRH9WSZJR5WTWW2.scan

CompileC /Users/buddhirajgautam/Library/Developer/Xcode/DerivedData/Telegram-Mac-fygdgghdgmuleoelvxabfmqiotta/Build/Intermediates.noindex/CryptoUtils.build/Debug/CryptoUtils-t.build/Objects-normal/arm64/Crypto.o /Users/buddhirajgautam/Documents/Cherrygram-Mac/macOS-Swift/submodules/telegram-ios/submodules/CryptoUtils/Sources/Crypto.m normal arm64 objective-c com.apple.compilers.llvm.clang.1_0.compiler (in target 'CryptoUtils' from project 'CryptoUtils')
    cd /Users/buddhirajgautam/Documents/Cherrygram-Mac/macOS-Swift
    
    Using response file: /Users/buddhirajgautam/Library/Developer/Xcode/DerivedData/Telegram-Mac-fygdgghdgmuleoelvxabfmqiotta/Build/Intermediates.noindex/CryptoUtils.build/Debug/CryptoUtils-t.build/Objects-normal/arm64/e6072d4f65d7061329687fe24e3d63a7-common-args.resp
    
    /Applications/Xcode.app/Contents/Developer/Toolchains/XcodeDefault.xctoolchain/usr/bin/clang -x objective-c -ivfsstatcache /Users/buddhirajgautam/Library/Developer/Xcode/DerivedData/SDKStatCaches.noindex/macosx27.0-26A425-e829b21a6f8c9b70876ba0858053c0447231f6df4def33e022ae2eb8f782df1a.sdkstatcache -target arm64-apple-macos12.0 -fmessage-length\=0 -fdiagnostics-show-note-include-stack -fmacro-backtrace-limit\=0 -fno-color-diagnostics -fmodules-prune-interval\=86400 -fmodules-prune-after\=345600 -fbuild-session-file\=/Users/buddhirajgautam/Library/Developer/Xcode/DerivedData/ModuleCache.noindex/Session.modulevalidation -fmodules-validate-once-per-build-session -Wnon-modular-include-in-framework-module -Werror\=non-modular-include-in-framework-module -Wno-trigraphs -Wno-missing-field-initializers -Wno-missing-prototypes -Wno-return-type -Wno-implicit-atomic-properties -Wno-objc-interface-ivars -Wno-arc-repeated-use-of-weak -Wno-missing-braces -Wparentheses -Wswitch -Wno-unused-function -Wno-unused-label -Wno-unused-parameter -Wno-unused-variable -Wunused-value -Wno-empty-body -Wno-uninitialized -Wno-unknown-pragmas -Wno-shadow -Wno-four-char-constants -Wno-conversion -Wno-constant-conversion -Wno-int-conversion -Wno-bool-conversion -Wno-enum-conversion -Wno-float-conversion -Wno-non-literal-null-conversion -Wno-objc-literal-conversion -Wshorten-64-to-32 -Wpointer-sign -Wno-newline-eof -Wno-selector -Wno-strict-selector-match -Wno-undeclared-selector -Wno-deprecated-implementations -Wno-implicit-fallthrough -isysroot /Applications/Xcode.app/Contents/Developer/Platforms/MacOSX.platform/Developer/SDKs/MacOSX27.0.sdk -fstrict-aliasing -Wprotocol -Wdeprecated-declarations -Wno-sign-conversion -Wno-infinite-recursion -Wno-comma -Wno-block-capture-autoreleasing -Wno-strict-prototypes -Wno-semicolon-before-method-body -index-store-path /Users/buddhirajgautam/Library/Developer/Xcode/DerivedData/Telegram-Mac-fygdgghdgmuleoelvxabfmqiotta/Index.noindex/DataStore @/Users/buddhirajgautam/Library/Developer/Xcode/DerivedData/Telegram-Mac-fygdgghdgmuleoelvxabfmqiotta/Build/Intermediates.noindex/CryptoUtils.build/Debug/CryptoUtils-t.build/Objects-normal/arm64/e6072d4f65d7061329687fe24e3d63a7-common-args.resp -MMD -MT dependencies -MF /Users/buddhirajgautam/Library/Developer/Xcode/DerivedData/Telegram-Mac-fygdgghdgmuleoelvxabfmqiotta/Build/Intermediates.noindex/CryptoUtils.build/Debug/CryptoUtils-t.build/Objects-normal/arm64/Crypto.d --serialize-diagnostics /Users/buddhirajgautam/Library/Developer/Xcode/DerivedData/Telegram-Mac-fygdgghdgmuleoelvxabfmqiotta/Build/Intermediates.noindex/CryptoUtils.build/Debug/CryptoUtils-t.build/Objects-normal/arm64/Crypto.dia -c /Users/buddhirajgautam/Documents/Cherrygram-Mac/macOS-Swift/submodules/telegram-ios/submodules/CryptoUtils/Sources/Crypto.m -o /Users/buddhirajgautam/Library/Developer/Xcode/DerivedData/Telegram-Mac-fygdgghdgmuleoelvxabfmqiotta/Build/Intermediates.noindex/CryptoUtils.build/Debug/CryptoUtils-t.build/Objects-normal/arm64/Crypto.o -index-unit-output-path /CryptoUtils.build/Debug/CryptoUtils-t.build/Objects-normal/arm64/Crypto.o

SwiftDriverJobDiscovery normal arm64 Compiling CrashHandler.swift (in target 'CrashHandler' from project 'CrashHandler')

PrecompileModule /Users/buddhirajgautam/Library/Developer/Xcode/DerivedData/Telegram-Mac-fygdgghdgmuleoelvxabfmqiotta/Build/Intermediates.noindex/ExplicitPrecompiledModules/CFNetwork-F5IVJROX88AACLAI94WEYXPLI.scan
    cd /
    builtin-precompileModule /Users/buddhirajgautam/Library/Developer/Xcode/DerivedData/Telegram-Mac-fygdgghdgmuleoelvxabfmqiotta/Build/Intermediates.noindex/ExplicitPrecompiledModules/CFNetwork-F5IVJROX88AACLAI94WEYXPLI.scan

PrecompileModule /Users/buddhirajgautam/Library/Developer/Xcode/DerivedData/Telegram-Mac-fygdgghdgmuleoelvxabfmqiotta/Build/Intermediates.noindex/ExplicitPrecompiledModules/Security-837S3KMDXPERRHD006XGU2FJQ.scan
    cd /
    builtin-precompileModule /Users/buddhirajgautam/Library/Developer/Xcode/DerivedData/Telegram-Mac-fygdgghdgmuleoelvxabfmqiotta/Build/Intermediates.noindex/ExplicitPrecompiledModules/Security-837S3KMDXPERRHD006XGU2FJQ.scan

SwiftDriver Translate normal arm64 com.apple.xcode.tools.swift.compiler (in target 'Translate' from project 'Translate')
    cd /Users/buddhirajgautam/Documents/Cherrygram-Mac/macOS-Swift
    builtin-SwiftDriver -- /Applications/Xcode.app/Contents/Developer/Toolchains/XcodeDefault.xctoolchain/usr/bin/swiftc -parse-as-library -module-name Translate -Onone @/Users/buddhirajgautam/Library/Developer/Xcode/DerivedData/Telegram-Mac-fygdgghdgmuleoelvxabfmqiotta/Build/Intermediates.noindex/Translate.build/Debug/Translate-t.build/Objects-normal/arm64/Translate.SwiftFileList -DSWIFT_PACKAGE -DDEBUG -DSWIFT_MODULE_RESOURCE_BUNDLE_UNAVAILABLE -DXcode -plugin-path /Applications/Xcode.app/Contents/Developer/Toolchains/XcodeDefault.xctoolchain/usr/lib/swift/host/plugins/testing -enable-experimental-feature DebugDescriptionMacro -sdk /Applications/Xcode.app/Contents/Developer/Platforms/MacOSX.platform/Developer/SDKs/MacOSX27.0.sdk -target arm64-apple-macos12.0 -g -module-cache-path /Users/buddhirajgautam/Library/Developer/Xcode/DerivedData/ModuleCache.noindex -Xfrontend -serialize-debugging-options -profile-coverage-mapping -profile-generate -enable-testing -index-store-path /Users/buddhirajgautam/Library/Developer/Xcode/DerivedData/Telegram-Mac-fygdgghdgmuleoelvxabfmqiotta/Index.noindex/DataStore -Xcc -D_LIBCPP_HARDENING_MODE\=_LIBCPP_HARDENING_MODE_DEBUG -swift-version 5 -I /Users/buddhirajgautam/Library/Developer/Xcode/DerivedData/Telegram-Mac-fygdgghdgmuleoelvxabfmqiotta/Build/Products/Debug -Isystem /Applications/Xcode.app/Contents/Developer/Platforms/MacOSX.platform/Developer/usr/lib -F /Users/buddhirajgautam/Library/Developer/Xcode/DerivedData/Telegram-Mac-fygdgghdgmuleoelvxabfmqiotta/Build/Products/Debug/PackageFrameworks -F /Users/buddhirajgautam/Library/Developer/Xcode/DerivedData/Telegram-Mac-fygdgghdgmuleoelvxabfmqiotta/Build/Products/Debug -F /Applications/Xcode.app/Contents/Developer/Platforms/MacOSX.platform/Developer/Library/Frameworks -c -j8 -enable-batch-mode -incremental -Xcc -ivfsstatcache -Xcc /Users/buddhirajgautam/Library/Developer/Xcode/DerivedData/SDKStatCaches.noindex/macosx27.0-26A425-e829b21a6f8c9b70876ba0858053c0447231f6df4def33e022ae2eb8f782df1a.sdkstatcache -output-file-map /Users/buddhirajgautam/Library/Developer/Xcode/DerivedData/Telegram-Mac-fygdgghdgmuleoelvxabfmqiotta/Build/Intermediates.noindex/Translate.build/Debug/Translate-t.build/Objects-normal/arm64/Translate-OutputFileMap.json -save-temps -no-color-diagnostics -explicit-module-build -module-cache-path /Users/buddhirajgautam/Library/Developer/Xcode/DerivedData/Telegram-Mac-fygdgghdgmuleoelvxabfmqiotta/Build/Intermediates.noindex/SwiftExplicitPrecompiledModules -clang-scanner-module-cache-path /Users/buddhirajgautam/Library/Developer/Xcode/DerivedData/ModuleCache.noindex -sdk-module-cache-path /Users/buddhirajgautam/Library/Developer/Xcode/DerivedData/SDKExplicitPrecompiledModules -emit-dependencies -emit-module -emit-module-path /Users/buddhirajgautam/Library/Developer/Xcode/DerivedData/Telegram-Mac-fygdgghdgmuleoelvxabfmqiotta/Build/Intermediates.noindex/Translate.build/Debug/Translate-t.build/Objects-normal/arm64/Translate.swiftmodule -serialize-diagnostics -dependency-scan-serialize-diagnostics-path /Users/buddhirajgautam/Library/Developer/Xcode/DerivedData/Telegram-Mac-fygdgghdgmuleoelvxabfmqiotta/Build/Intermediates.noindex/Translate.build/Debug/Translate-t.build/Objects-normal/arm64/Translate-dependency-scan.dia -validate-clang-modules-once -clang-build-session-file /Users/buddhirajgautam/Library/Developer/Xcode/DerivedData/ModuleCache.noindex/Session.modulevalidation -Xcc -fmodules-prune-interval\=86400 -Xcc -fmodules-prune-after\=345600 -emit-const-values -const-gather-protocols-list /Users/buddhirajgautam/Library/Developer/Xcode/DerivedData/Telegram-Mac-fygdgghdgmuleoelvxabfmqiotta/Build/Intermediates.noindex/Translate.build/Debug/Translate-t.build/Objects-normal/arm64/Translate_const_extract_protocols.json -Xcc -I/Users/buddhirajgautam/Library/Developer/Xcode/DerivedData/Telegram-Mac-fygdgghdgmuleoelvxabfmqiotta/Build/Products/Debug/include -Xcc -I/Users/buddhirajgautam/Library/Developer/Xcode/DerivedData/Telegram-Mac-fygdgghdgmuleoelvxabfmqiotta/Build/Intermediates.noindex/Translate.build/Debug/Translate-t.build/DerivedSources-normal/arm64 -Xcc -I/Users/buddhirajgautam/Library/Developer/Xcode/DerivedData/Telegram-Mac-fygdgghdgmuleoelvxabfmqiotta/Build/Intermediates.noindex/Translate.build/Debug/Translate-t.build/DerivedSources/arm64 -Xcc -I/Users/buddhirajgautam/Library/Developer/Xcode/DerivedData/Telegram-Mac-fygdgghdgmuleoelvxabfmqiotta/Build/Intermediates.noindex/Translate.build/Debug/Translate-t.build/DerivedSources -Xcc -DSWIFT_PACKAGE -Xcc -DDEBUG\=1 -emit-objc-header -emit-objc-header-path /Users/buddhirajgautam/Library/Developer/Xcode/DerivedData/Telegram-Mac-fygdgghdgmuleoelvxabfmqiotta/Build/Intermediates.noindex/Translate.build/Debug/Translate-t.build/Objects-normal/arm64/Translate-Swift.h -working-directory /Users/buddhirajgautam/Documents/Cherrygram-Mac/macOS-Swift -experimental-emit-module-separately -disable-cmo

SwiftDriverJobDiscovery normal arm64 Compiling Api0.swift, Api1.swift, Api10.swift, Api11.swift (in target 'TelegramApi' from project 'TelegramApi')

PrecompileModule /Users/buddhirajgautam/Library/Developer/Xcode/DerivedData/Telegram-Mac-fygdgghdgmuleoelvxabfmqiotta/Build/Intermediates.noindex/ExplicitPrecompiledModules/IOKit-9O6QJQRD6DO2EMHXVW1BRW7MI.scan
    cd /
    builtin-precompileModule /Users/buddhirajgautam/Library/Developer/Xcode/DerivedData/Telegram-Mac-fygdgghdgmuleoelvxabfmqiotta/Build/Intermediates.noindex/ExplicitPrecompiledModules/IOKit-9O6QJQRD6DO2EMHXVW1BRW7MI.scan

Ld /Users/buddhirajgautam/Library/Developer/Xcode/DerivedData/Telegram-Mac-fygdgghdgmuleoelvxabfmqiotta/Build/Products/Debug/CryptoUtils.o normal (in target 'CryptoUtils' from project 'CryptoUtils')
    cd /Users/buddhirajgautam/Documents/Cherrygram-Mac/macOS-Swift/submodules/telegram-ios/submodules/CryptoUtils
    /Applications/Xcode.app/Contents/Developer/Toolchains/XcodeDefault.xctoolchain/usr/bin/clang -Xlinker -reproducible -target arm64-apple-macos12.0 -r -isysroot /Applications/Xcode.app/Contents/Developer/Platforms/MacOSX.platform/Developer/SDKs/MacOSX27.0.sdk -O0 -Xlinker -no_warn_duplicate_libraries -F/Users/buddhirajgautam/Library/Developer/Xcode/DerivedData/Telegram-Mac-fygdgghdgmuleoelvxabfmqiotta/Build/Intermediates.noindex/EagerLinkingTBDs/Debug -F/Users/buddhirajgautam/Library/Developer/Xcode/DerivedData/Telegram-Mac-fygdgghdgmuleoelvxabfmqiotta/Build/Products/Debug -iframework /Applications/Xcode.app/Contents/Developer/Platforms/MacOSX.platform/Developer/Library/Frameworks -filelist /Users/buddhirajgautam/Library/Developer/Xcode/DerivedData/Telegram-Mac-fygdgghdgmuleoelvxabfmqiotta/Build/Intermediates.noindex/CryptoUtils.build/Debug/CryptoUtils-t.build/Objects-normal/arm64/CryptoUtils.LinkFileList -nostdlib -Xlinker -object_path_lto -Xlinker /Users/buddhirajgautam/Library/Developer/Xcode/DerivedData/Telegram-Mac-fygdgghdgmuleoelvxabfmqiotta/Build/Intermediates.noindex/CryptoUtils.build/Debug/CryptoUtils-t.build/Objects-normal/arm64/CryptoUtils_lto.o -Xlinker -no_deduplicate -Xlinker -debug_variant -Xlinker -dependency_info -Xlinker /Users/buddhirajgautam/Library/Developer/Xcode/DerivedData/Telegram-Mac-fygdgghdgmuleoelvxabfmqiotta/Build/Intermediates.noindex/CryptoUtils.build/Debug/CryptoUtils-t.build/Objects-normal/arm64/CryptoUtils_dependency_info.dat -fobjc-arc -fobjc-link-runtime -o /Users/buddhirajgautam/Library/Developer/Xcode/DerivedData/Telegram-Mac-fygdgghdgmuleoelvxabfmqiotta/Build/Products/Debug/CryptoUtils.o

CompileC /Users/buddhirajgautam/Library/Developer/Xcode/DerivedData/Telegram-Mac-fygdgghdgmuleoelvxabfmqiotta/Build/Intermediates.noindex/Crc32.build/Debug/Crc32-t.build/Objects-normal/arm64/Crc32.o /Users/buddhirajgautam/Documents/Cherrygram-Mac/macOS-Swift/submodules/telegram-ios/submodules/Crc32/Sources/Crc32.m normal arm64 objective-c com.apple.compilers.llvm.clang.1_0.compiler (in target 'Crc32' from project 'Crc32')
    cd /Users/buddhirajgautam/Documents/Cherrygram-Mac/macOS-Swift
    
    Using response file: /Users/buddhirajgautam/Library/Developer/Xcode/DerivedData/Telegram-Mac-fygdgghdgmuleoelvxabfmqiotta/Build/Intermediates.noindex/Crc32.build/Debug/Crc32-t.build/Objects-normal/arm64/e6072d4f65d7061329687fe24e3d63a7-common-args.resp
    
    /Applications/Xcode.app/Contents/Developer/Toolchains/XcodeDefault.xctoolchain/usr/bin/clang -x objective-c -ivfsstatcache /Users/buddhirajgautam/Library/Developer/Xcode/DerivedData/SDKStatCaches.noindex/macosx27.0-26A425-e829b21a6f8c9b70876ba0858053c0447231f6df4def33e022ae2eb8f782df1a.sdkstatcache -target arm64-apple-macos12.0 -fmessage-length\=0 -fdiagnostics-show-note-include-stack -fmacro-backtrace-limit\=0 -fno-color-diagnostics -fmodules-prune-interval\=86400 -fmodules-prune-after\=345600 -fbuild-session-file\=/Users/buddhirajgautam/Library/Developer/Xcode/DerivedData/ModuleCache.noindex/Session.modulevalidation -fmodules-validate-once-per-build-session -Wnon-modular-include-in-framework-module -Werror\=non-modular-include-in-framework-module -Wno-trigraphs -Wno-missing-field-initializers -Wno-missing-prototypes -Wno-return-type -Wno-implicit-atomic-properties -Wno-objc-interface-ivars -Wno-arc-repeated-use-of-weak -Wno-missing-braces -Wparentheses -Wswitch -Wno-unused-function -Wno-unused-label -Wno-unused-parameter -Wno-unused-variable -Wunused-value -Wno-empty-body -Wno-uninitialized -Wno-unknown-pragmas -Wno-shadow -Wno-four-char-constants -Wno-conversion -Wno-constant-conversion -Wno-int-conversion -Wno-bool-conversion -Wno-enum-conversion -Wno-float-conversion -Wno-non-literal-null-conversion -Wno-objc-literal-conversion -Wshorten-64-to-32 -Wpointer-sign -Wno-newline-eof -Wno-selector -Wno-strict-selector-match -Wno-undeclared-selector -Wno-deprecated-implementations -Wno-implicit-fallthrough -isysroot /Applications/Xcode.app/Contents/Developer/Platforms/MacOSX.platform/Developer/SDKs/MacOSX27.0.sdk -fstrict-aliasing -Wprotocol -Wdeprecated-declarations -Wno-sign-conversion -Wno-infinite-recursion -Wno-comma -Wno-block-capture-autoreleasing -Wno-strict-prototypes -Wno-semicolon-before-method-body -index-store-path /Users/buddhirajgautam/Library/Developer/Xcode/DerivedData/Telegram-Mac-fygdgghdgmuleoelvxabfmqiotta/Index.noindex/DataStore @/Users/buddhirajgautam/Library/Developer/Xcode/DerivedData/Telegram-Mac-fygdgghdgmuleoelvxabfmqiotta/Build/Intermediates.noindex/Crc32.build/Debug/Crc32-t.build/Objects-normal/arm64/e6072d4f65d7061329687fe24e3d63a7-common-args.resp -MMD -MT dependencies -MF /Users/buddhirajgautam/Library/Developer/Xcode/DerivedData/Telegram-Mac-fygdgghdgmuleoelvxabfmqiotta/Build/Intermediates.noindex/Crc32.build/Debug/Crc32-t.build/Objects-normal/arm64/Crc32.d --serialize-diagnostics /Users/buddhirajgautam/Library/Developer/Xcode/DerivedData/Telegram-Mac-fygdgghdgmuleoelvxabfmqiotta/Build/Intermediates.noindex/Crc32.build/Debug/Crc32-t.build/Objects-normal/arm64/Crc32.dia -c /Users/buddhirajgautam/Documents/Cherrygram-Mac/macOS-Swift/submodules/telegram-ios/submodules/Crc32/Sources/Crc32.m -o /Users/buddhirajgautam/Library/Developer/Xcode/DerivedData/Telegram-Mac-fygdgghdgmuleoelvxabfmqiotta/Build/Intermediates.noindex/Crc32.build/Debug/Crc32-t.build/Objects-normal/arm64/Crc32.o -index-unit-output-path /Crc32.build/Debug/Crc32-t.build/Objects-normal/arm64/Crc32.o

SwiftDriver\ Compilation TelegramApi normal arm64 com.apple.xcode.tools.swift.compiler (in target 'TelegramApi' from project 'TelegramApi')
    cd /Users/buddhirajgautam/Documents/Cherrygram-Mac/macOS-Swift
    builtin-Swift-Compilation -- /Applications/Xcode.app/Contents/Developer/Toolchains/XcodeDefault.xctoolchain/usr/bin/swiftc -parse-as-library -module-name TelegramApi -Onone @/Users/buddhirajgautam/Library/Developer/Xcode/DerivedData/Telegram-Mac-fygdgghdgmuleoelvxabfmqiotta/Build/Intermediates.noindex/TelegramApi.build/Debug/TelegramApi-t.build/Objects-normal/arm64/TelegramApi.SwiftFileList -DSWIFT_PACKAGE -DDEBUG -DSWIFT_MODULE_RESOURCE_BUNDLE_UNAVAILABLE -DXcode -plugin-path /Applications/Xcode.app/Contents/Developer/Toolchains/XcodeDefault.xctoolchain/usr/lib/swift/host/plugins/testing -enable-experimental-feature DebugDescriptionMacro -sdk /Applications/Xcode.app/Contents/Developer/Platforms/MacOSX.platform/Developer/SDKs/MacOSX27.0.sdk -target arm64-apple-macos12.0 -g -module-cache-path /Users/buddhirajgautam/Library/Developer/Xcode/DerivedData/ModuleCache.noindex -Xfrontend -serialize-debugging-options -profile-coverage-mapping -profile-generate -enable-testing -index-store-path /Users/buddhirajgautam/Library/Developer/Xcode/DerivedData/Telegram-Mac-fygdgghdgmuleoelvxabfmqiotta/Index.noindex/DataStore -Xcc -D_LIBCPP_HARDENING_MODE\=_LIBCPP_HARDENING_MODE_DEBUG -swift-version 5 -I /Users/buddhirajgautam/Library/Developer/Xcode/DerivedData/Telegram-Mac-fygdgghdgmuleoelvxabfmqiotta/Build/Products/Debug -Isystem /Applications/Xcode.app/Contents/Developer/Platforms/MacOSX.platform/Developer/usr/lib -F /Users/buddhirajgautam/Library/Developer/Xcode/DerivedData/Telegram-Mac-fygdgghdgmuleoelvxabfmqiotta/Build/Products/Debug -F /Applications/Xcode.app/Contents/Developer/Platforms/MacOSX.platform/Developer/Library/Frameworks -c -j8 -enable-batch-mode -incremental -Xcc -ivfsstatcache -Xcc /Users/buddhirajgautam/Library/Developer/Xcode/DerivedData/SDKStatCaches.noindex/macosx27.0-26A425-e829b21a6f8c9b70876ba0858053c0447231f6df4def33e022ae2eb8f782df1a.sdkstatcache -output-file-map /Users/buddhirajgautam/Library/Developer/Xcode/DerivedData/Telegram-Mac-fygdgghdgmuleoelvxabfmqiotta/Build/Intermediates.noindex/TelegramApi.build/Debug/TelegramApi-t.build/Objects-normal/arm64/TelegramApi-OutputFileMap.json -save-temps -no-color-diagnostics -explicit-module-build -module-cache-path /Users/buddhirajgautam/Library/Developer/Xcode/DerivedData/Telegram-Mac-fygdgghdgmuleoelvxabfmqiotta/Build/Intermediates.noindex/SwiftExplicitPrecompiledModules -clang-scanner-module-cache-path /Users/buddhirajgautam/Library/Developer/Xcode/DerivedData/ModuleCache.noindex -sdk-module-cache-path /Users/buddhirajgautam/Library/Developer/Xcode/DerivedData/SDKExplicitPrecompiledModules -emit-dependencies -emit-module -emit-module-path /Users/buddhirajgautam/Library/Developer/Xcode/DerivedData/Telegram-Mac-fygdgghdgmuleoelvxabfmqiotta/Build/Intermediates.noindex/TelegramApi.build/Debug/TelegramApi-t.build/Objects-normal/arm64/TelegramApi.swiftmodule -serialize-diagnostics -dependency-scan-serialize-diagnostics-path /Users/buddhirajgautam/Library/Developer/Xcode/DerivedData/Telegram-Mac-fygdgghdgmuleoelvxabfmqiotta/Build/Intermediates.noindex/TelegramApi.build/Debug/TelegramApi-t.build/Objects-normal/arm64/TelegramApi-dependency-scan.dia -validate-clang-modules-once -clang-build-session-file /Users/buddhirajgautam/Library/Developer/Xcode/DerivedData/ModuleCache.noindex/Session.modulevalidation -Xcc -fmodules-prune-interval\=86400 -Xcc -fmodules-prune-after\=345600 -emit-const-values -const-gather-protocols-list /Users/buddhirajgautam/Library/Developer/Xcode/DerivedData/Telegram-Mac-fygdgghdgmuleoelvxabfmqiotta/Build/Intermediates.noindex/TelegramApi.build/Debug/TelegramApi-t.build/Objects-normal/arm64/TelegramApi_const_extract_protocols.json -Xcc -I/Users/buddhirajgautam/Library/Developer/Xcode/DerivedData/Telegram-Mac-fygdgghdgmuleoelvxabfmqiotta/Build/Products/Debug/include -Xcc -I/Users/buddhirajgautam/Library/Developer/Xcode/DerivedData/Telegram-Mac-fygdgghdgmuleoelvxabfmqiotta/Build/Intermediates.noindex/TelegramApi.build/Debug/TelegramApi-t.build/DerivedSources-normal/arm64 -Xcc -I/Users/buddhirajgautam/Library/Developer/Xcode/DerivedData/Telegram-Mac-fygdgghdgmuleoelvxabfmqiotta/Build/Intermediates.noindex/TelegramApi.build/Debug/TelegramApi-t.build/DerivedSources/arm64 -Xcc -I/Users/buddhirajgautam/Library/Developer/Xcode/DerivedData/Telegram-Mac-fygdgghdgmuleoelvxabfmqiotta/Build/Intermediates.noindex/TelegramApi.build/Debug/TelegramApi-t.build/DerivedSources -Xcc -DSWIFT_PACKAGE -Xcc -DDEBUG\=1 -emit-objc-header -emit-objc-header-path /Users/buddhirajgautam/Library/Developer/Xcode/DerivedData/Telegram-Mac-fygdgghdgmuleoelvxabfmqiotta/Build/Intermediates.noindex/TelegramApi.build/Debug/TelegramApi-t.build/Objects-normal/arm64/TelegramApi-Swift.h -working-directory /Users/buddhirajgautam/Documents/Cherrygram-Mac/macOS-Swift -experimental-emit-module-separately -disable-cmo

SwiftDriver\ Compilation CrashHandler normal arm64 com.apple.xcode.tools.swift.compiler (in target 'CrashHandler' from project 'CrashHandler')
    cd /Users/buddhirajgautam/Documents/Cherrygram-Mac/macOS-Swift
    builtin-Swift-Compilation -- /Applications/Xcode.app/Contents/Developer/Toolchains/XcodeDefault.xctoolchain/usr/bin/swiftc -parse-as-library -module-name CrashHandler -Onone @/Users/buddhirajgautam/Library/Developer/Xcode/DerivedData/Telegram-Mac-fygdgghdgmuleoelvxabfmqiotta/Build/Intermediates.noindex/CrashHandler.build/Debug/CrashHandler-t.build/Objects-normal/arm64/CrashHandler.SwiftFileList -DSWIFT_PACKAGE -DDEBUG -DSWIFT_MODULE_RESOURCE_BUNDLE_UNAVAILABLE -DXcode -plugin-path /Applications/Xcode.app/Contents/Developer/Toolchains/XcodeDefault.xctoolchain/usr/lib/swift/host/plugins/testing -enable-experimental-feature DebugDescriptionMacro -sdk /Applications/Xcode.app/Contents/Developer/Platforms/MacOSX.platform/Developer/SDKs/MacOSX27.0.sdk -target arm64-apple-macos12.0 -g -module-cache-path /Users/buddhirajgautam/Library/Developer/Xcode/DerivedData/ModuleCache.noindex -Xfrontend -serialize-debugging-options -profile-coverage-mapping -profile-generate -enable-testing -index-store-path /Users/buddhirajgautam/Library/Developer/Xcode/DerivedData/Telegram-Mac-fygdgghdgmuleoelvxabfmqiotta/Index.noindex/DataStore -Xcc -D_LIBCPP_HARDENING_MODE\=_LIBCPP_HARDENING_MODE_DEBUG -swift-version 5 -I /Users/buddhirajgautam/Library/Developer/Xcode/DerivedData/Telegram-Mac-fygdgghdgmuleoelvxabfmqiotta/Build/Products/Debug -Isystem /Applications/Xcode.app/Contents/Developer/Platforms/MacOSX.platform/Developer/usr/lib -F /Users/buddhirajgautam/Library/Developer/Xcode/DerivedData/Telegram-Mac-fygdgghdgmuleoelvxabfmqiotta/Build/Products/Debug -F /Applications/Xcode.app/Contents/Developer/Platforms/MacOSX.platform/Developer/Library/Frameworks -c -j8 -enable-batch-mode -incremental -Xcc -ivfsstatcache -Xcc /Users/buddhirajgautam/Library/Developer/Xcode/DerivedData/SDKStatCaches.noindex/macosx27.0-26A425-e829b21a6f8c9b70876ba0858053c0447231f6df4def33e022ae2eb8f782df1a.sdkstatcache -output-file-map /Users/buddhirajgautam/Library/Developer/Xcode/DerivedData/Telegram-Mac-fygdgghdgmuleoelvxabfmqiotta/Build/Intermediates.noindex/CrashHandler.build/Debug/CrashHandler-t.build/Objects-normal/arm64/CrashHandler-OutputFileMap.json -save-temps -no-color-diagnostics -explicit-module-build -module-cache-path /Users/buddhirajgautam/Library/Developer/Xcode/DerivedData/Telegram-Mac-fygdgghdgmuleoelvxabfmqiotta/Build/Intermediates.noindex/SwiftExplicitPrecompiledModules -clang-scanner-module-cache-path /Users/buddhirajgautam/Library/Developer/Xcode/DerivedData/ModuleCache.noindex -sdk-module-cache-path /Users/buddhirajgautam/Library/Developer/Xcode/DerivedData/SDKExplicitPrecompiledModules -emit-dependencies -emit-module -emit-module-path /Users/buddhirajgautam/Library/Developer/Xcode/DerivedData/Telegram-Mac-fygdgghdgmuleoelvxabfmqiotta/Build/Intermediates.noindex/CrashHandler.build/Debug/CrashHandler-t.build/Objects-normal/arm64/CrashHandler.swiftmodule -serialize-diagnostics -dependency-scan-serialize-diagnostics-path /Users/buddhirajgautam/Library/Developer/Xcode/DerivedData/Telegram-Mac-fygdgghdgmuleoelvxabfmqiotta/Build/Intermediates.noindex/CrashHandler.build/Debug/CrashHandler-t.build/Objects-normal/arm64/CrashHandler-dependency-scan.dia -validate-clang-modules-once -clang-build-session-file /Users/buddhirajgautam/Library/Developer/Xcode/DerivedData/ModuleCache.noindex/Session.modulevalidation -Xcc -fmodules-prune-interval\=86400 -Xcc -fmodules-prune-after\=345600 -emit-const-values -const-gather-protocols-list /Users/buddhirajgautam/Library/Developer/Xcode/DerivedData/Telegram-Mac-fygdgghdgmuleoelvxabfmqiotta/Build/Intermediates.noindex/CrashHandler.build/Debug/CrashHandler-t.build/Objects-normal/arm64/CrashHandler_const_extract_protocols.json -Xcc -I/Users/buddhirajgautam/Library/Developer/Xcode/DerivedData/Telegram-Mac-fygdgghdgmuleoelvxabfmqiotta/Build/Products/Debug/include -Xcc -I/Users/buddhirajgautam/Library/Developer/Xcode/DerivedData/Telegram-Mac-fygdgghdgmuleoelvxabfmqiotta/Build/Intermediates.noindex/CrashHandler.build/Debug/CrashHandler-t.build/DerivedSources-normal/arm64 -Xcc -I/Users/buddhirajgautam/Library/Developer/Xcode/DerivedData/Telegram-Mac-fygdgghdgmuleoelvxabfmqiotta/Build/Intermediates.noindex/CrashHandler.build/Debug/CrashHandler-t.build/DerivedSources/arm64 -Xcc -I/Users/buddhirajgautam/Library/Developer/Xcode/DerivedData/Telegram-Mac-fygdgghdgmuleoelvxabfmqiotta/Build/Intermediates.noindex/CrashHandler.build/Debug/CrashHandler-t.build/DerivedSources -Xcc -DSWIFT_PACKAGE -Xcc -DDEBUG\=1 -emit-objc-header -emit-objc-header-path /Users/buddhirajgautam/Library/Developer/Xcode/DerivedData/Telegram-Mac-fygdgghdgmuleoelvxabfmqiotta/Build/Intermediates.noindex/CrashHandler.build/Debug/CrashHandler-t.build/Objects-normal/arm64/CrashHandler-Swift.h -working-directory /Users/buddhirajgautam/Documents/Cherrygram-Mac/macOS-Swift -experimental-emit-module-separately -disable-cmo

Ld /Users/buddhirajgautam/Library/Developer/Xcode/DerivedData/Telegram-Mac-fygdgghdgmuleoelvxabfmqiotta/Build/Products/Debug/Crc32.o normal (in target 'Crc32' from project 'Crc32')
    cd /Users/buddhirajgautam/Documents/Cherrygram-Mac/macOS-Swift/submodules/telegram-ios/submodules/Crc32
    /Applications/Xcode.app/Contents/Developer/Toolchains/XcodeDefault.xctoolchain/usr/bin/clang -Xlinker -reproducible -target arm64-apple-macos12.0 -r -isysroot /Applications/Xcode.app/Contents/Developer/Platforms/MacOSX.platform/Developer/SDKs/MacOSX27.0.sdk -O0 -Xlinker -no_warn_duplicate_libraries -F/Users/buddhirajgautam/Library/Developer/Xcode/DerivedData/Telegram-Mac-fygdgghdgmuleoelvxabfmqiotta/Build/Intermediates.noindex/EagerLinkingTBDs/Debug -F/Users/buddhirajgautam/Library/Developer/Xcode/DerivedData/Telegram-Mac-fygdgghdgmuleoelvxabfmqiotta/Build/Products/Debug -iframework /Applications/Xcode.app/Contents/Developer/Platforms/MacOSX.platform/Developer/Library/Frameworks -filelist /Users/buddhirajgautam/Library/Developer/Xcode/DerivedData/Telegram-Mac-fygdgghdgmuleoelvxabfmqiotta/Build/Intermediates.noindex/Crc32.build/Debug/Crc32-t.build/Objects-normal/arm64/Crc32.LinkFileList -nostdlib -Xlinker -object_path_lto -Xlinker /Users/buddhirajgautam/Library/Developer/Xcode/DerivedData/Telegram-Mac-fygdgghdgmuleoelvxabfmqiotta/Build/Intermediates.noindex/Crc32.build/Debug/Crc32-t.build/Objects-normal/arm64/Crc32_lto.o -Xlinker -no_deduplicate -Xlinker -debug_variant -Xlinker -dependency_info -Xlinker /Users/buddhirajgautam/Library/Developer/Xcode/DerivedData/Telegram-Mac-fygdgghdgmuleoelvxabfmqiotta/Build/Intermediates.noindex/Crc32.build/Debug/Crc32-t.build/Objects-normal/arm64/Crc32_dependency_info.dat -fobjc-arc -fobjc-link-runtime -o /Users/buddhirajgautam/Library/Developer/Xcode/DerivedData/Telegram-Mac-fygdgghdgmuleoelvxabfmqiotta/Build/Products/Debug/Crc32.o

Ld /Users/buddhirajgautam/Library/Developer/Xcode/DerivedData/Telegram-Mac-fygdgghdgmuleoelvxabfmqiotta/Build/Products/Debug/TelegramSystem.o normal (in target 'TelegramSystem' from project 'TelegramSystem')
    cd /Users/buddhirajgautam/Documents/Cherrygram-Mac/macOS-Swift/packages/TelegramSystem
    /Applications/Xcode.app/Contents/Developer/Toolchains/XcodeDefault.xctoolchain/usr/bin/clang -Xlinker -reproducible -target arm64-apple-macos12.0 -r -isysroot /Applications/Xcode.app/Contents/Developer/Platforms/MacOSX.platform/Developer/SDKs/MacOSX27.0.sdk -O0 -Xlinker -no_warn_duplicate_libraries -F/Users/buddhirajgautam/Library/Developer/Xcode/DerivedData/Telegram-Mac-fygdgghdgmuleoelvxabfmqiotta/Build/Intermediates.noindex/EagerLinkingTBDs/Debug -F/Users/buddhirajgautam/Library/Developer/Xcode/DerivedData/Telegram-Mac-fygdgghdgmuleoelvxabfmqiotta/Build/Products/Debug -iframework /Applications/Xcode.app/Contents/Developer/Platforms/MacOSX.platform/Developer/Library/Frameworks -filelist /Users/buddhirajgautam/Library/Developer/Xcode/DerivedData/Telegram-Mac-fygdgghdgmuleoelvxabfmqiotta/Build/Intermediates.noindex/TelegramSystem.build/Debug/TelegramSystem-t.build/Objects-normal/arm64/TelegramSystem.LinkFileList -nostdlib -Xlinker -object_path_lto -Xlinker /Users/buddhirajgautam/Library/Developer/Xcode/DerivedData/Telegram-Mac-fygdgghdgmuleoelvxabfmqiotta/Build/Intermediates.noindex/TelegramSystem.build/Debug/TelegramSystem-t.build/Objects-normal/arm64/TelegramSystem_lto.o -Xlinker -no_deduplicate -Xlinker -debug_variant -Xlinker -dependency_info -Xlinker /Users/buddhirajgautam/Library/Developer/Xcode/DerivedData/Telegram-Mac-fygdgghdgmuleoelvxabfmqiotta/Build/Intermediates.noindex/TelegramSystem.build/Debug/TelegramSystem-t.build/Objects-normal/arm64/TelegramSystem_dependency_info.dat -fobjc-link-runtime -L/Applications/Xcode.app/Contents/Developer/Toolchains/XcodeDefault.xctoolchain/usr/lib/swift/macosx -L/usr/lib/swift -Xlinker -add_ast_path -Xlinker /Users/buddhirajgautam/Library/Developer/Xcode/DerivedData/Telegram-Mac-fygdgghdgmuleoelvxabfmqiotta/Build/Intermediates.noindex/TelegramSystem.build/Debug/TelegramSystem-t.build/Objects-normal/arm64/TelegramSystem.swiftmodule -o /Users/buddhirajgautam/Library/Developer/Xcode/DerivedData/Telegram-Mac-fygdgghdgmuleoelvxabfmqiotta/Build/Products/Debug/TelegramSystem.o

SwiftDriver TelegramIconsTheme normal arm64 com.apple.xcode.tools.swift.compiler (in target 'TelegramIconsTheme' from project 'TelegramIconsTheme')
    cd /Users/buddhirajgautam/Documents/Cherrygram-Mac/macOS-Swift
    builtin-SwiftDriver -- /Applications/Xcode.app/Contents/Developer/Toolchains/XcodeDefault.xctoolchain/usr/bin/swiftc -parse-as-library -module-name TelegramIconsTheme -Onone @/Users/buddhirajgautam/Library/Developer/Xcode/DerivedData/Telegram-Mac-fygdgghdgmuleoelvxabfmqiotta/Build/Intermediates.noindex/TelegramIconsTheme.build/Debug/TelegramIconsTheme-t.build/Objects-normal/arm64/TelegramIconsTheme.SwiftFileList -DSWIFT_PACKAGE -DDEBUG -DSWIFT_MODULE_RESOURCE_BUNDLE_UNAVAILABLE -DXcode -plugin-path /Applications/Xcode.app/Contents/Developer/Toolchains/XcodeDefault.xctoolchain/usr/lib/swift/host/plugins/testing -enable-experimental-feature DebugDescriptionMacro -sdk /Applications/Xcode.app/Contents/Developer/Platforms/MacOSX.platform/Developer/SDKs/MacOSX27.0.sdk -target arm64-apple-macos12.0 -g -module-cache-path /Users/buddhirajgautam/Library/Developer/Xcode/DerivedData/ModuleCache.noindex -Xfrontend -serialize-debugging-options -profile-coverage-mapping -profile-generate -enable-testing -index-store-path /Users/buddhirajgautam/Library/Developer/Xcode/DerivedData/Telegram-Mac-fygdgghdgmuleoelvxabfmqiotta/Index.noindex/DataStore -Xcc -D_LIBCPP_HARDENING_MODE\=_LIBCPP_HARDENING_MODE_DEBUG -swift-version 5 -I /Users/buddhirajgautam/Library/Developer/Xcode/DerivedData/Telegram-Mac-fygdgghdgmuleoelvxabfmqiotta/Build/Products/Debug -Isystem /Applications/Xcode.app/Contents/Developer/Platforms/MacOSX.platform/Developer/usr/lib -F /Users/buddhirajgautam/Library/Developer/Xcode/DerivedData/Telegram-Mac-fygdgghdgmuleoelvxabfmqiotta/Build/Products/Debug/PackageFrameworks -F /Users/buddhirajgautam/Library/Developer/Xcode/DerivedData/Telegram-Mac-fygdgghdgmuleoelvxabfmqiotta/Build/Products/Debug -F /Applications/Xcode.app/Contents/Developer/Platforms/MacOSX.platform/Developer/Library/Frameworks -c -j8 -enable-batch-mode -incremental -Xcc -ivfsstatcache -Xcc /Users/buddhirajgautam/Library/Developer/Xcode/DerivedData/SDKStatCaches.noindex/macosx27.0-26A425-e829b21a6f8c9b70876ba0858053c0447231f6df4def33e022ae2eb8f782df1a.sdkstatcache -output-file-map /Users/buddhirajgautam/Library/Developer/Xcode/DerivedData/Telegram-Mac-fygdgghdgmuleoelvxabfmqiotta/Build/Intermediates.noindex/TelegramIconsTheme.build/Debug/TelegramIconsTheme-t.build/Objects-normal/arm64/TelegramIconsTheme-OutputFileMap.json -save-temps -no-color-diagnostics -explicit-module-build -module-cache-path /Users/buddhirajgautam/Library/Developer/Xcode/DerivedData/Telegram-Mac-fygdgghdgmuleoelvxabfmqiotta/Build/Intermediates.noindex/SwiftExplicitPrecompiledModules -clang-scanner-module-cache-path /Users/buddhirajgautam/Library/Developer/Xcode/DerivedData/ModuleCache.noindex -sdk-module-cache-path /Users/buddhirajgautam/Library/Developer/Xcode/DerivedData/SDKExplicitPrecompiledModules -emit-dependencies -emit-module -emit-module-path /Users/buddhirajgautam/Library/Developer/Xcode/DerivedData/Telegram-Mac-fygdgghdgmuleoelvxabfmqiotta/Build/Intermediates.noindex/TelegramIconsTheme.build/Debug/TelegramIconsTheme-t.build/Objects-normal/arm64/TelegramIconsTheme.swiftmodule -serialize-diagnostics -dependency-scan-serialize-diagnostics-path /Users/buddhirajgautam/Library/Developer/Xcode/DerivedData/Telegram-Mac-fygdgghdgmuleoelvxabfmqiotta/Build/Intermediates.noindex/TelegramIconsTheme.build/Debug/TelegramIconsTheme-t.build/Objects-normal/arm64/TelegramIconsTheme-dependency-scan.dia -validate-clang-modules-once -clang-build-session-file /Users/buddhirajgautam/Library/Developer/Xcode/DerivedData/ModuleCache.noindex/Session.modulevalidation -Xcc -fmodules-prune-interval\=86400 -Xcc -fmodules-prune-after\=345600 -emit-const-values -const-gather-protocols-list /Users/buddhirajgautam/Library/Developer/Xcode/DerivedData/Telegram-Mac-fygdgghdgmuleoelvxabfmqiotta/Build/Intermediates.noindex/TelegramIconsTheme.build/Debug/TelegramIconsTheme-t.build/Objects-normal/arm64/TelegramIconsTheme_const_extract_protocols.json -Xcc -I/Users/buddhirajgautam/Library/Developer/Xcode/DerivedData/Telegram-Mac-fygdgghdgmuleoelvxabfmqiotta/Build/Products/Debug/include -Xcc -I/Users/buddhirajgautam/Library/Developer/Xcode/DerivedData/Telegram-Mac-fygdgghdgmuleoelvxabfmqiotta/Build/Intermediates.noindex/TelegramIconsTheme.build/Debug/TelegramIconsTheme-t.build/DerivedSources-normal/arm64 -Xcc -I/Users/buddhirajgautam/Library/Developer/Xcode/DerivedData/Telegram-Mac-fygdgghdgmuleoelvxabfmqiotta/Build/Intermediates.noindex/TelegramIconsTheme.build/Debug/TelegramIconsTheme-t.build/DerivedSources/arm64 -Xcc -I/Users/buddhirajgautam/Library/Developer/Xcode/DerivedData/Telegram-Mac-fygdgghdgmuleoelvxabfmqiotta/Build/Intermediates.noindex/TelegramIconsTheme.build/Debug/TelegramIconsTheme-t.build/DerivedSources -Xcc -DSWIFT_PACKAGE -Xcc -DDEBUG\=1 -emit-objc-header -emit-objc-header-path /Users/buddhirajgautam/Library/Developer/Xcode/DerivedData/Telegram-Mac-fygdgghdgmuleoelvxabfmqiotta/Build/Intermediates.noindex/TelegramIconsTheme.build/Debug/TelegramIconsTheme-t.build/Objects-normal/arm64/TelegramIconsTheme-Swift.h -working-directory /Users/buddhirajgautam/Documents/Cherrygram-Mac/macOS-Swift -experimental-emit-module-separately -disable-cmo

Ld /Users/buddhirajgautam/Library/Developer/Xcode/DerivedData/Telegram-Mac-fygdgghdgmuleoelvxabfmqiotta/Build/Products/Debug/TelegramApi.o normal (in target 'TelegramApi' from project 'TelegramApi')
    cd /Users/buddhirajgautam/Documents/Cherrygram-Mac/macOS-Swift/submodules/telegram-ios/submodules/TelegramApi
    /Applications/Xcode.app/Contents/Developer/Toolchains/XcodeDefault.xctoolchain/usr/bin/clang -Xlinker -reproducible -target arm64-apple-macos12.0 -r -isysroot /Applications/Xcode.app/Contents/Developer/Platforms/MacOSX.platform/Developer/SDKs/MacOSX27.0.sdk -O0 -Xlinker -no_warn_duplicate_libraries -F/Users/buddhirajgautam/Library/Developer/Xcode/DerivedData/Telegram-Mac-fygdgghdgmuleoelvxabfmqiotta/Build/Intermediates.noindex/EagerLinkingTBDs/Debug -F/Users/buddhirajgautam/Library/Developer/Xcode/DerivedData/Telegram-Mac-fygdgghdgmuleoelvxabfmqiotta/Build/Products/Debug -iframework /Applications/Xcode.app/Contents/Developer/Platforms/MacOSX.platform/Developer/Library/Frameworks -filelist /Users/buddhirajgautam/Library/Developer/Xcode/DerivedData/Telegram-Mac-fygdgghdgmuleoelvxabfmqiotta/Build/Intermediates.noindex/TelegramApi.build/Debug/TelegramApi-t.build/Objects-normal/arm64/TelegramApi.LinkFileList -nostdlib -Xlinker -object_path_lto -Xlinker /Users/buddhirajgautam/Library/Developer/Xcode/DerivedData/Telegram-Mac-fygdgghdgmuleoelvxabfmqiotta/Build/Intermediates.noindex/TelegramApi.build/Debug/TelegramApi-t.build/Objects-normal/arm64/TelegramApi_lto.o -Xlinker -no_deduplicate -Xlinker -debug_variant -Xlinker -dependency_info -Xlinker /Users/buddhirajgautam/Library/Developer/Xcode/DerivedData/Telegram-Mac-fygdgghdgmuleoelvxabfmqiotta/Build/Intermediates.noindex/TelegramApi.build/Debug/TelegramApi-t.build/Objects-normal/arm64/TelegramApi_dependency_info.dat -fobjc-link-runtime -L/Applications/Xcode.app/Contents/Developer/Toolchains/XcodeDefault.xctoolchain/usr/lib/swift/macosx -L/usr/lib/swift -Xlinker -add_ast_path -Xlinker /Users/buddhirajgautam/Library/Developer/Xcode/DerivedData/Telegram-Mac-fygdgghdgmuleoelvxabfmqiotta/Build/Intermediates.noindex/TelegramApi.build/Debug/TelegramApi-t.build/Objects-normal/arm64/TelegramApi.swiftmodule -o /Users/buddhirajgautam/Library/Developer/Xcode/DerivedData/Telegram-Mac-fygdgghdgmuleoelvxabfmqiotta/Build/Products/Debug/TelegramApi.o

Ld /Users/buddhirajgautam/Library/Developer/Xcode/DerivedData/Telegram-Mac-fygdgghdgmuleoelvxabfmqiotta/Build/Products/Debug/SwiftSignalKit.o normal (in target 'SwiftSignalKit' from project 'SSignalKit')
    cd /Users/buddhirajgautam/Documents/Cherrygram-Mac/macOS-Swift/submodules/telegram-ios/submodules/SSignalKit
    /Applications/Xcode.app/Contents/Developer/Toolchains/XcodeDefault.xctoolchain/usr/bin/clang -Xlinker -reproducible -target arm64-apple-macos12.0 -r -isysroot /Applications/Xcode.app/Contents/Developer/Platforms/MacOSX.platform/Developer/SDKs/MacOSX27.0.sdk -O0 -Xlinker -no_warn_duplicate_libraries -F/Users/buddhirajgautam/Library/Developer/Xcode/DerivedData/Telegram-Mac-fygdgghdgmuleoelvxabfmqiotta/Build/Intermediates.noindex/EagerLinkingTBDs/Debug -F/Users/buddhirajgautam/Library/Developer/Xcode/DerivedData/Telegram-Mac-fygdgghdgmuleoelvxabfmqiotta/Build/Products/Debug -iframework /Applications/Xcode.app/Contents/Developer/Platforms/MacOSX.platform/Developer/Library/Frameworks -filelist /Users/buddhirajgautam/Library/Developer/Xcode/DerivedData/Telegram-Mac-fygdgghdgmuleoelvxabfmqiotta/Build/Intermediates.noindex/SSignalKit.build/Debug/SwiftSignalKit-t.build/Objects-normal/arm64/SwiftSignalKit.LinkFileList -nostdlib -Xlinker -object_path_lto -Xlinker /Users/buddhirajgautam/Library/Developer/Xcode/DerivedData/Telegram-Mac-fygdgghdgmuleoelvxabfmqiotta/Build/Intermediates.noindex/SSignalKit.build/Debug/SwiftSignalKit-t.build/Objects-normal/arm64/SwiftSignalKit_lto.o -Xlinker -no_deduplicate -Xlinker -debug_variant -Xlinker -dependency_info -Xlinker /Users/buddhirajgautam/Library/Developer/Xcode/DerivedData/Telegram-Mac-fygdgghdgmuleoelvxabfmqiotta/Build/Intermediates.noindex/SSignalKit.build/Debug/SwiftSignalKit-t.build/Objects-normal/arm64/SwiftSignalKit_dependency_info.dat -fobjc-link-runtime -L/Applications/Xcode.app/Contents/Developer/Toolchains/XcodeDefault.xctoolchain/usr/lib/swift/macosx -L/usr/lib/swift -Xlinker -add_ast_path -Xlinker /Users/buddhirajgautam/Library/Developer/Xcode/DerivedData/Telegram-Mac-fygdgghdgmuleoelvxabfmqiotta/Build/Intermediates.noindex/SSignalKit.build/Debug/SwiftSignalKit-t.build/Objects-normal/arm64/SwiftSignalKit.swiftmodule -o /Users/buddhirajgautam/Library/Developer/Xcode/DerivedData/Telegram-Mac-fygdgghdgmuleoelvxabfmqiotta/Build/Products/Debug/SwiftSignalKit.o

Ld /Users/buddhirajgautam/Library/Developer/Xcode/DerivedData/Telegram-Mac-fygdgghdgmuleoelvxabfmqiotta/Build/Products/Debug/Strings.o normal (in target 'Strings' from project 'Strings')
    cd /Users/buddhirajgautam/Documents/Cherrygram-Mac/macOS-Swift/packages/Strings
    /Applications/Xcode.app/Contents/Developer/Toolchains/XcodeDefault.xctoolchain/usr/bin/clang -Xlinker -reproducible -target arm64-apple-macos12.0 -r -isysroot /Applications/Xcode.app/Contents/Developer/Platforms/MacOSX.platform/Developer/SDKs/MacOSX27.0.sdk -O0 -Xlinker -no_warn_duplicate_libraries -F/Users/buddhirajgautam/Library/Developer/Xcode/DerivedData/Telegram-Mac-fygdgghdgmuleoelvxabfmqiotta/Build/Intermediates.noindex/EagerLinkingTBDs/Debug -F/Users/buddhirajgautam/Library/Developer/Xcode/DerivedData/Telegram-Mac-fygdgghdgmuleoelvxabfmqiotta/Build/Products/Debug -iframework /Applications/Xcode.app/Contents/Developer/Platforms/MacOSX.platform/Developer/Library/Frameworks -filelist /Users/buddhirajgautam/Library/Developer/Xcode/DerivedData/Telegram-Mac-fygdgghdgmuleoelvxabfmqiotta/Build/Intermediates.noindex/Strings.build/Debug/Strings-t.build/Objects-normal/arm64/Strings.LinkFileList -nostdlib -Xlinker -object_path_lto -Xlinker /Users/buddhirajgautam/Library/Developer/Xcode/DerivedData/Telegram-Mac-fygdgghdgmuleoelvxabfmqiotta/Build/Intermediates.noindex/Strings.build/Debug/Strings-t.build/Objects-normal/arm64/Strings_lto.o -Xlinker -no_deduplicate -Xlinker -debug_variant -Xlinker -dependency_info -Xlinker /Users/buddhirajgautam/Library/Developer/Xcode/DerivedData/Telegram-Mac-fygdgghdgmuleoelvxabfmqiotta/Build/Intermediates.noindex/Strings.build/Debug/Strings-t.build/Objects-normal/arm64/Strings_dependency_info.dat -fobjc-link-runtime -L/Applications/Xcode.app/Contents/Developer/Toolchains/XcodeDefault.xctoolchain/usr/lib/swift/macosx -L/usr/lib/swift -Xlinker -add_ast_path -Xlinker /Users/buddhirajgautam/Library/Developer/Xcode/DerivedData/Telegram-Mac-fygdgghdgmuleoelvxabfmqiotta/Build/Intermediates.noindex/Strings.build/Debug/Strings-t.build/Objects-normal/arm64/Strings.swiftmodule -o /Users/buddhirajgautam/Library/Developer/Xcode/DerivedData/Telegram-Mac-fygdgghdgmuleoelvxabfmqiotta/Build/Products/Debug/Strings.o

SwiftDriver Reachability normal arm64 com.apple.xcode.tools.swift.compiler (in target 'Reachability' from project 'Reachability')
    cd /Users/buddhirajgautam/Documents/Cherrygram-Mac/macOS-Swift
    builtin-SwiftDriver -- /Applications/Xcode.app/Contents/Developer/Toolchains/XcodeDefault.xctoolchain/usr/bin/swiftc -parse-as-library -module-name Reachability -Onone @/Users/buddhirajgautam/Library/Developer/Xcode/DerivedData/Telegram-Mac-fygdgghdgmuleoelvxabfmqiotta/Build/Intermediates.noindex/Reachability.build/Debug/Reachability-t.build/Objects-normal/arm64/Reachability.SwiftFileList -DSWIFT_PACKAGE -DDEBUG -DSWIFT_MODULE_RESOURCE_BUNDLE_UNAVAILABLE -Xcc -fmodule-map-file\=/Users/buddhirajgautam/Library/Developer/Xcode/DerivedData/Telegram-Mac-fygdgghdgmuleoelvxabfmqiotta/Build/Intermediates.noindex/GeneratedModuleMaps/LegacyReachability.modulemap -DXcode -plugin-path /Applications/Xcode.app/Contents/Developer/Toolchains/XcodeDefault.xctoolchain/usr/lib/swift/host/plugins/testing -enable-experimental-feature DebugDescriptionMacro -sdk /Applications/Xcode.app/Contents/Developer/Platforms/MacOSX.platform/Developer/SDKs/MacOSX27.0.sdk -target arm64-apple-macos12.0 -g -module-cache-path /Users/buddhirajgautam/Library/Developer/Xcode/DerivedData/ModuleCache.noindex -Xfrontend -serialize-debugging-options -profile-coverage-mapping -profile-generate -enable-testing -index-store-path /Users/buddhirajgautam/Library/Developer/Xcode/DerivedData/Telegram-Mac-fygdgghdgmuleoelvxabfmqiotta/Index.noindex/DataStore -Xcc -D_LIBCPP_HARDENING_MODE\=_LIBCPP_HARDENING_MODE_DEBUG -swift-version 5 -I /Users/buddhirajgautam/Library/Developer/Xcode/DerivedData/Telegram-Mac-fygdgghdgmuleoelvxabfmqiotta/Build/Products/Debug -Isystem /Applications/Xcode.app/Contents/Developer/Platforms/MacOSX.platform/Developer/usr/lib -F /Users/buddhirajgautam/Library/Developer/Xcode/DerivedData/Telegram-Mac-fygdgghdgmuleoelvxabfmqiotta/Build/Products/Debug/PackageFrameworks -F /Users/buddhirajgautam/Library/Developer/Xcode/DerivedData/Telegram-Mac-fygdgghdgmuleoelvxabfmqiotta/Build/Products/Debug -F /Applications/Xcode.app/Contents/Developer/Platforms/MacOSX.platform/Developer/Library/Frameworks -c -j8 -enable-batch-mode -incremental -Xcc -ivfsstatcache -Xcc /Users/buddhirajgautam/Library/Developer/Xcode/DerivedData/SDKStatCaches.noindex/macosx27.0-26A425-e829b21a6f8c9b70876ba0858053c0447231f6df4def33e022ae2eb8f782df1a.sdkstatcache -output-file-map /Users/buddhirajgautam/Library/Developer/Xcode/DerivedData/Telegram-Mac-fygdgghdgmuleoelvxabfmqiotta/Build/Intermediates.noindex/Reachability.build/Debug/Reachability-t.build/Objects-normal/arm64/Reachability-OutputFileMap.json -save-temps -no-color-diagnostics -explicit-module-build -module-cache-path /Users/buddhirajgautam/Library/Developer/Xcode/DerivedData/Telegram-Mac-fygdgghdgmuleoelvxabfmqiotta/Build/Intermediates.noindex/SwiftExplicitPrecompiledModules -clang-scanner-module-cache-path /Users/buddhirajgautam/Library/Developer/Xcode/DerivedData/ModuleCache.noindex -sdk-module-cache-path /Users/buddhirajgautam/Library/Developer/Xcode/DerivedData/SDKExplicitPrecompiledModules -emit-dependencies -emit-module -emit-module-path /Users/buddhirajgautam/Library/Developer/Xcode/DerivedData/Telegram-Mac-fygdgghdgmuleoelvxabfmqiotta/Build/Intermediates.noindex/Reachability.build/Debug/Reachability-t.build/Objects-normal/arm64/Reachability.swiftmodule -serialize-diagnostics -dependency-scan-serialize-diagnostics-path /Users/buddhirajgautam/Library/Developer/Xcode/DerivedData/Telegram-Mac-fygdgghdgmuleoelvxabfmqiotta/Build/Intermediates.noindex/Reachability.build/Debug/Reachability-t.build/Objects-normal/arm64/Reachability-dependency-scan.dia -validate-clang-modules-once -clang-build-session-file /Users/buddhirajgautam/Library/Developer/Xcode/DerivedData/ModuleCache.noindex/Session.modulevalidation -Xcc -fmodules-prune-interval\=86400 -Xcc -fmodules-prune-after\=345600 -emit-const-values -const-gather-protocols-list /Users/buddhirajgautam/Library/Developer/Xcode/DerivedData/Telegram-Mac-fygdgghdgmuleoelvxabfmqiotta/Build/Intermediates.noindex/Reachability.build/Debug/Reachability-t.build/Objects-normal/arm64/Reachability_const_extract_protocols.json -Xcc -I/Users/buddhirajgautam/Documents/Cherrygram-Mac/macOS-Swift/submodules/telegram-ios/submodules/Reachability/LegacyReachability/PublicHeaders -Xcc -I/Users/buddhirajgautam/Library/Developer/Xcode/DerivedData/Telegram-Mac-fygdgghdgmuleoelvxabfmqiotta/Build/Products/Debug/include -Xcc -I/Users/buddhirajgautam/Library/Developer/Xcode/DerivedData/Telegram-Mac-fygdgghdgmuleoelvxabfmqiotta/Build/Intermediates.noindex/Reachability.build/Debug/Reachability-t.build/DerivedSources-normal/arm64 -Xcc -I/Users/buddhirajgautam/Library/Developer/Xcode/DerivedData/Telegram-Mac-fygdgghdgmuleoelvxabfmqiotta/Build/Intermediates.noindex/Reachability.build/Debug/Reachability-t.build/DerivedSources/arm64 -Xcc -I/Users/buddhirajgautam/Library/Developer/Xcode/DerivedData/Telegram-Mac-fygdgghdgmuleoelvxabfmqiotta/Build/Intermediates.noindex/Reachability.build/Debug/Reachability-t.build/DerivedSources -Xcc -DSWIFT_PACKAGE -Xcc -DDEBUG\=1 -emit-objc-header -emit-objc-header-path /Users/buddhirajgautam/Library/Developer/Xcode/DerivedData/Telegram-Mac-fygdgghdgmuleoelvxabfmqiotta/Build/Intermediates.noindex/Reachability.build/Debug/Reachability-t.build/Objects-normal/arm64/Reachability-Swift.h -working-directory /Users/buddhirajgautam/Documents/Cherrygram-Mac/macOS-Swift -experimental-emit-module-separately -disable-cmo

Ld /Users/buddhirajgautam/Library/Developer/Xcode/DerivedData/Telegram-Mac-fygdgghdgmuleoelvxabfmqiotta/Build/Products/Debug/RangeSet.o normal (in target 'RangeSet' from project 'RangeSet')
    cd /Users/buddhirajgautam/Documents/Cherrygram-Mac/macOS-Swift/submodules/telegram-ios/submodules/Utils/RangeSet
    /Applications/Xcode.app/Contents/Developer/Toolchains/XcodeDefault.xctoolchain/usr/bin/clang -Xlinker -reproducible -target arm64-apple-macos12.0 -r -isysroot /Applications/Xcode.app/Contents/Developer/Platforms/MacOSX.platform/Developer/SDKs/MacOSX27.0.sdk -O0 -Xlinker -no_warn_duplicate_libraries -F/Users/buddhirajgautam/Library/Developer/Xcode/DerivedData/Telegram-Mac-fygdgghdgmuleoelvxabfmqiotta/Build/Intermediates.noindex/EagerLinkingTBDs/Debug -F/Users/buddhirajgautam/Library/Developer/Xcode/DerivedData/Telegram-Mac-fygdgghdgmuleoelvxabfmqiotta/Build/Products/Debug -iframework /Applications/Xcode.app/Contents/Developer/Platforms/MacOSX.platform/Developer/Library/Frameworks -filelist /Users/buddhirajgautam/Library/Developer/Xcode/DerivedData/Telegram-Mac-fygdgghdgmuleoelvxabfmqiotta/Build/Intermediates.noindex/RangeSet.build/Debug/RangeSet-t.build/Objects-normal/arm64/RangeSet.LinkFileList -nostdlib -Xlinker -object_path_lto -Xlinker /Users/buddhirajgautam/Library/Developer/Xcode/DerivedData/Telegram-Mac-fygdgghdgmuleoelvxabfmqiotta/Build/Intermediates.noindex/RangeSet.build/Debug/RangeSet-t.build/Objects-normal/arm64/RangeSet_lto.o -Xlinker -no_deduplicate -Xlinker -debug_variant -Xlinker -dependency_info -Xlinker /Users/buddhirajgautam/Library/Developer/Xcode/DerivedData/Telegram-Mac-fygdgghdgmuleoelvxabfmqiotta/Build/Intermediates.noindex/RangeSet.build/Debug/RangeSet-t.build/Objects-normal/arm64/RangeSet_dependency_info.dat -fobjc-link-runtime -L/Applications/Xcode.app/Contents/Developer/Toolchains/XcodeDefault.xctoolchain/usr/lib/swift/macosx -L/usr/lib/swift -Xlinker -add_ast_path -Xlinker /Users/buddhirajgautam/Library/Developer/Xcode/DerivedData/Telegram-Mac-fygdgghdgmuleoelvxabfmqiotta/Build/Intermediates.noindex/RangeSet.build/Debug/RangeSet-t.build/Objects-normal/arm64/RangeSet.swiftmodule -o /Users/buddhirajgautam/Library/Developer/Xcode/DerivedData/Telegram-Mac-fygdgghdgmuleoelvxabfmqiotta/Build/Products/Debug/RangeSet.o

Ld /Users/buddhirajgautam/Library/Developer/Xcode/DerivedData/Telegram-Mac-fygdgghdgmuleoelvxabfmqiotta/Build/Products/Debug/MergeLists.o normal (in target 'MergeLists' from project 'MergeLists')
    cd /Users/buddhirajgautam/Documents/Cherrygram-Mac/macOS-Swift/packages/MergeLists
    /Applications/Xcode.app/Contents/Developer/Toolchains/XcodeDefault.xctoolchain/usr/bin/clang -Xlinker -reproducible -target arm64-apple-macos12.0 -r -isysroot /Applications/Xcode.app/Contents/Developer/Platforms/MacOSX.platform/Developer/SDKs/MacOSX27.0.sdk -O0 -Xlinker -no_warn_duplicate_libraries -F/Users/buddhirajgautam/Library/Developer/Xcode/DerivedData/Telegram-Mac-fygdgghdgmuleoelvxabfmqiotta/Build/Intermediates.noindex/EagerLinkingTBDs/Debug -F/Users/buddhirajgautam/Library/Developer/Xcode/DerivedData/Telegram-Mac-fygdgghdgmuleoelvxabfmqiotta/Build/Products/Debug -iframework /Applications/Xcode.app/Contents/Developer/Platforms/MacOSX.platform/Developer/Library/Frameworks -filelist /Users/buddhirajgautam/Library/Developer/Xcode/DerivedData/Telegram-Mac-fygdgghdgmuleoelvxabfmqiotta/Build/Intermediates.noindex/MergeLists.build/Debug/MergeLists-t.build/Objects-normal/arm64/MergeLists.LinkFileList -nostdlib -Xlinker -object_path_lto -Xlinker /Users/buddhirajgautam/Library/Developer/Xcode/DerivedData/Telegram-Mac-fygdgghdgmuleoelvxabfmqiotta/Build/Intermediates.noindex/MergeLists.build/Debug/MergeLists-t.build/Objects-normal/arm64/MergeLists_lto.o -Xlinker -no_deduplicate -Xlinker -debug_variant -Xlinker -dependency_info -Xlinker /Users/buddhirajgautam/Library/Developer/Xcode/DerivedData/Telegram-Mac-fygdgghdgmuleoelvxabfmqiotta/Build/Intermediates.noindex/MergeLists.build/Debug/MergeLists-t.build/Objects-normal/arm64/MergeLists_dependency_info.dat -fobjc-link-runtime -L/Applications/Xcode.app/Contents/Developer/Toolchains/XcodeDefault.xctoolchain/usr/lib/swift/macosx -L/usr/lib/swift -Xlinker -add_ast_path -Xlinker /Users/buddhirajgautam/Library/Developer/Xcode/DerivedData/Telegram-Mac-fygdgghdgmuleoelvxabfmqiotta/Build/Intermediates.noindex/MergeLists.build/Debug/MergeLists-t.build/Objects-normal/arm64/MergeLists.swiftmodule -o /Users/buddhirajgautam/Library/Developer/Xcode/DerivedData/Telegram-Mac-fygdgghdgmuleoelvxabfmqiotta/Build/Products/Debug/MergeLists.o

SwiftDriver ManagedFile normal arm64 com.apple.xcode.tools.swift.compiler (in target 'ManagedFile' from project 'ManagedFile')
    cd /Users/buddhirajgautam/Documents/Cherrygram-Mac/macOS-Swift
    builtin-SwiftDriver -- /Applications/Xcode.app/Contents/Developer/Toolchains/XcodeDefault.xctoolchain/usr/bin/swiftc -parse-as-library -module-name ManagedFile -Onone @/Users/buddhirajgautam/Library/Developer/Xcode/DerivedData/Telegram-Mac-fygdgghdgmuleoelvxabfmqiotta/Build/Intermediates.noindex/ManagedFile.build/Debug/ManagedFile-t.build/Objects-normal/arm64/ManagedFile.SwiftFileList -DSWIFT_PACKAGE -DDEBUG -DSWIFT_MODULE_RESOURCE_BUNDLE_UNAVAILABLE -DXcode -plugin-path /Applications/Xcode.app/Contents/Developer/Toolchains/XcodeDefault.xctoolchain/usr/lib/swift/host/plugins/testing -enable-experimental-feature DebugDescriptionMacro -sdk /Applications/Xcode.app/Contents/Developer/Platforms/MacOSX.platform/Developer/SDKs/MacOSX27.0.sdk -target arm64-apple-macos12.0 -g -module-cache-path /Users/buddhirajgautam/Library/Developer/Xcode/DerivedData/ModuleCache.noindex -Xfrontend -serialize-debugging-options -profile-coverage-mapping -profile-generate -enable-testing -index-store-path /Users/buddhirajgautam/Library/Developer/Xcode/DerivedData/Telegram-Mac-fygdgghdgmuleoelvxabfmqiotta/Index.noindex/DataStore -Xcc -D_LIBCPP_HARDENING_MODE\=_LIBCPP_HARDENING_MODE_DEBUG -swift-version 5 -I /Users/buddhirajgautam/Library/Developer/Xcode/DerivedData/Telegram-Mac-fygdgghdgmuleoelvxabfmqiotta/Build/Products/Debug -Isystem /Applications/Xcode.app/Contents/Developer/Platforms/MacOSX.platform/Developer/usr/lib -F /Users/buddhirajgautam/Library/Developer/Xcode/DerivedData/Telegram-Mac-fygdgghdgmuleoelvxabfmqiotta/Build/Products/Debug/PackageFrameworks -F /Users/buddhirajgautam/Library/Developer/Xcode/DerivedData/Telegram-Mac-fygdgghdgmuleoelvxabfmqiotta/Build/Products/Debug -F /Applications/Xcode.app/Contents/Developer/Platforms/MacOSX.platform/Developer/Library/Frameworks -c -j8 -enable-batch-mode -incremental -Xcc -ivfsstatcache -Xcc /Users/buddhirajgautam/Library/Developer/Xcode/DerivedData/SDKStatCaches.noindex/macosx27.0-26A425-e829b21a6f8c9b70876ba0858053c0447231f6df4def33e022ae2eb8f782df1a.sdkstatcache -output-file-map /Users/buddhirajgautam/Library/Developer/Xcode/DerivedData/Telegram-Mac-fygdgghdgmuleoelvxabfmqiotta/Build/Intermediates.noindex/ManagedFile.build/Debug/ManagedFile-t.build/Objects-normal/arm64/ManagedFile-OutputFileMap.json -save-temps -no-color-diagnostics -explicit-module-build -module-cache-path /Users/buddhirajgautam/Library/Developer/Xcode/DerivedData/Telegram-Mac-fygdgghdgmuleoelvxabfmqiotta/Build/Intermediates.noindex/SwiftExplicitPrecompiledModules -clang-scanner-module-cache-path /Users/buddhirajgautam/Library/Developer/Xcode/DerivedData/ModuleCache.noindex -sdk-module-cache-path /Users/buddhirajgautam/Library/Developer/Xcode/DerivedData/SDKExplicitPrecompiledModules -emit-dependencies -emit-module -emit-module-path /Users/buddhirajgautam/Library/Developer/Xcode/DerivedData/Telegram-Mac-fygdgghdgmuleoelvxabfmqiotta/Build/Intermediates.noindex/ManagedFile.build/Debug/ManagedFile-t.build/Objects-normal/arm64/ManagedFile.swiftmodule -serialize-diagnostics -dependency-scan-serialize-diagnostics-path /Users/buddhirajgautam/Library/Developer/Xcode/DerivedData/Telegram-Mac-fygdgghdgmuleoelvxabfmqiotta/Build/Intermediates.noindex/ManagedFile.build/Debug/ManagedFile-t.build/Objects-normal/arm64/ManagedFile-dependency-scan.dia -validate-clang-modules-once -clang-build-session-file /Users/buddhirajgautam/Library/Developer/Xcode/DerivedData/ModuleCache.noindex/Session.modulevalidation -Xcc -fmodules-prune-interval\=86400 -Xcc -fmodules-prune-after\=345600 -emit-const-values -const-gather-protocols-list /Users/buddhirajgautam/Library/Developer/Xcode/DerivedData/Telegram-Mac-fygdgghdgmuleoelvxabfmqiotta/Build/Intermediates.noindex/ManagedFile.build/Debug/ManagedFile-t.build/Objects-normal/arm64/ManagedFile_const_extract_protocols.json -Xcc -I/Users/buddhirajgautam/Library/Developer/Xcode/DerivedData/Telegram-Mac-fygdgghdgmuleoelvxabfmqiotta/Build/Products/Debug/include -Xcc -I/Users/buddhirajgautam/Library/Developer/Xcode/DerivedData/Telegram-Mac-fygdgghdgmuleoelvxabfmqiotta/Build/Intermediates.noindex/ManagedFile.build/Debug/ManagedFile-t.build/DerivedSources-normal/arm64 -Xcc -I/Users/buddhirajgautam/Library/Developer/Xcode/DerivedData/Telegram-Mac-fygdgghdgmuleoelvxabfmqiotta/Build/Intermediates.noindex/ManagedFile.build/Debug/ManagedFile-t.build/DerivedSources/arm64 -Xcc -I/Users/buddhirajgautam/Library/Developer/Xcode/DerivedData/Telegram-Mac-fygdgghdgmuleoelvxabfmqiotta/Build/Intermediates.noindex/ManagedFile.build/Debug/ManagedFile-t.build/DerivedSources -Xcc -DSWIFT_PACKAGE -Xcc -DDEBUG\=1 -emit-objc-header -emit-objc-header-path /Users/buddhirajgautam/Library/Developer/Xcode/DerivedData/Telegram-Mac-fygdgghdgmuleoelvxabfmqiotta/Build/Intermediates.noindex/ManagedFile.build/Debug/ManagedFile-t.build/Objects-normal/arm64/ManagedFile-Swift.h -working-directory /Users/buddhirajgautam/Documents/Cherrygram-Mac/macOS-Swift -experimental-emit-module-separately -disable-cmo

Ld /Users/buddhirajgautam/Library/Developer/Xcode/DerivedData/Telegram-Mac-fygdgghdgmuleoelvxabfmqiotta/Build/Products/Debug/KeyboardKey.o normal (in target 'KeyboardKey' from project 'KeyboardKey')
    cd /Users/buddhirajgautam/Documents/Cherrygram-Mac/macOS-Swift/packages/KeyboardKey
    /Applications/Xcode.app/Contents/Developer/Toolchains/XcodeDefault.xctoolchain/usr/bin/clang -Xlinker -reproducible -target arm64-apple-macos12.0 -r -isysroot /Applications/Xcode.app/Contents/Developer/Platforms/MacOSX.platform/Developer/SDKs/MacOSX27.0.sdk -O0 -Xlinker -no_warn_duplicate_libraries -F/Users/buddhirajgautam/Library/Developer/Xcode/DerivedData/Telegram-Mac-fygdgghdgmuleoelvxabfmqiotta/Build/Intermediates.noindex/EagerLinkingTBDs/Debug -F/Users/buddhirajgautam/Library/Developer/Xcode/DerivedData/Telegram-Mac-fygdgghdgmuleoelvxabfmqiotta/Build/Products/Debug -iframework /Applications/Xcode.app/Contents/Developer/Platforms/MacOSX.platform/Developer/Library/Frameworks -filelist /Users/buddhirajgautam/Library/Developer/Xcode/DerivedData/Telegram-Mac-fygdgghdgmuleoelvxabfmqiotta/Build/Intermediates.noindex/KeyboardKey.build/Debug/KeyboardKey-t.build/Objects-normal/arm64/KeyboardKey.LinkFileList -nostdlib -Xlinker -object_path_lto -Xlinker /Users/buddhirajgautam/Library/Developer/Xcode/DerivedData/Telegram-Mac-fygdgghdgmuleoelvxabfmqiotta/Build/Intermediates.noindex/KeyboardKey.build/Debug/KeyboardKey-t.build/Objects-normal/arm64/KeyboardKey_lto.o -Xlinker -no_deduplicate -Xlinker -debug_variant -Xlinker -dependency_info -Xlinker /Users/buddhirajgautam/Library/Developer/Xcode/DerivedData/Telegram-Mac-fygdgghdgmuleoelvxabfmqiotta/Build/Intermediates.noindex/KeyboardKey.build/Debug/KeyboardKey-t.build/Objects-normal/arm64/KeyboardKey_dependency_info.dat -fobjc-link-runtime -L/Applications/Xcode.app/Contents/Developer/Toolchains/XcodeDefault.xctoolchain/usr/lib/swift/macosx -L/usr/lib/swift -Xlinker -add_ast_path -Xlinker /Users/buddhirajgautam/Library/Developer/Xcode/DerivedData/Telegram-Mac-fygdgghdgmuleoelvxabfmqiotta/Build/Intermediates.noindex/KeyboardKey.build/Debug/KeyboardKey-t.build/Objects-normal/arm64/KeyboardKey.swiftmodule -o /Users/buddhirajgautam/Library/Developer/Xcode/DerivedData/Telegram-Mac-fygdgghdgmuleoelvxabfmqiotta/Build/Products/Debug/KeyboardKey.o

Ld /Users/buddhirajgautam/Library/Developer/Xcode/DerivedData/Telegram-Mac-fygdgghdgmuleoelvxabfmqiotta/Build/Products/Debug/GraphCore.o normal (in target 'GraphCore' from project 'GraphCore')
    cd /Users/buddhirajgautam/Documents/Cherrygram-Mac/macOS-Swift/submodules/telegram-ios/submodules/GraphCore
    /Applications/Xcode.app/Contents/Developer/Toolchains/XcodeDefault.xctoolchain/usr/bin/clang -Xlinker -reproducible -target arm64-apple-macos12.0 -r -isysroot /Applications/Xcode.app/Contents/Developer/Platforms/MacOSX.platform/Developer/SDKs/MacOSX27.0.sdk -O0 -Xlinker -no_warn_duplicate_libraries -F/Users/buddhirajgautam/Library/Developer/Xcode/DerivedData/Telegram-Mac-fygdgghdgmuleoelvxabfmqiotta/Build/Intermediates.noindex/EagerLinkingTBDs/Debug -F/Users/buddhirajgautam/Library/Developer/Xcode/DerivedData/Telegram-Mac-fygdgghdgmuleoelvxabfmqiotta/Build/Products/Debug -iframework /Applications/Xcode.app/Contents/Developer/Platforms/MacOSX.platform/Developer/Library/Frameworks -filelist /Users/buddhirajgautam/Library/Developer/Xcode/DerivedData/Telegram-Mac-fygdgghdgmuleoelvxabfmqiotta/Build/Intermediates.noindex/GraphCore.build/Debug/GraphCore-t.build/Objects-normal/arm64/GraphCore.LinkFileList -nostdlib -Xlinker -object_path_lto -Xlinker /Users/buddhirajgautam/Library/Developer/Xcode/DerivedData/Telegram-Mac-fygdgghdgmuleoelvxabfmqiotta/Build/Intermediates.noindex/GraphCore.build/Debug/GraphCore-t.build/Objects-normal/arm64/GraphCore_lto.o -Xlinker -no_deduplicate -Xlinker -debug_variant -Xlinker -dependency_info -Xlinker /Users/buddhirajgautam/Library/Developer/Xcode/DerivedData/Telegram-Mac-fygdgghdgmuleoelvxabfmqiotta/Build/Intermediates.noindex/GraphCore.build/Debug/GraphCore-t.build/Objects-normal/arm64/GraphCore_dependency_info.dat -fobjc-link-runtime -L/Applications/Xcode.app/Contents/Developer/Toolchains/XcodeDefault.xctoolchain/usr/lib/swift/macosx -L/usr/lib/swift -Xlinker -add_ast_path -Xlinker /Users/buddhirajgautam/Library/Developer/Xcode/DerivedData/Telegram-Mac-fygdgghdgmuleoelvxabfmqiotta/Build/Intermediates.noindex/GraphCore.build/Debug/GraphCore-t.build/Objects-normal/arm64/GraphCore.swiftmodule -o /Users/buddhirajgautam/Library/Developer/Xcode/DerivedData/Telegram-Mac-fygdgghdgmuleoelvxabfmqiotta/Build/Products/Debug/GraphCore.o

CompileC /Users/buddhirajgautam/Library/Developer/Xcode/DerivedData/Telegram-Mac-fygdgghdgmuleoelvxabfmqiotta/Build/Intermediates.noindex/CalendarUtils.build/Debug/CalendarUtils-t.build/Objects-normal/arm64/CalendarUtils.o /Users/buddhirajgautam/Documents/Cherrygram-Mac/macOS-Swift/packages/CalendarUtils/Sources/CalendarUtils/CalendarUtils.m normal arm64 objective-c com.apple.compilers.llvm.clang.1_0.compiler (in target 'CalendarUtils' from project 'CalendarUtils')
    cd /Users/buddhirajgautam/Documents/Cherrygram-Mac/macOS-Swift
    
    Using response file: /Users/buddhirajgautam/Library/Developer/Xcode/DerivedData/Telegram-Mac-fygdgghdgmuleoelvxabfmqiotta/Build/Intermediates.noindex/CalendarUtils.build/Debug/CalendarUtils-t.build/Objects-normal/arm64/e6072d4f65d7061329687fe24e3d63a7-common-args.resp
    
    /Applications/Xcode.app/Contents/Developer/Toolchains/XcodeDefault.xctoolchain/usr/bin/clang -x objective-c -ivfsstatcache /Users/buddhirajgautam/Library/Developer/Xcode/DerivedData/SDKStatCaches.noindex/macosx27.0-26A425-e829b21a6f8c9b70876ba0858053c0447231f6df4def33e022ae2eb8f782df1a.sdkstatcache -target arm64-apple-macos12.0 -fmessage-length\=0 -fdiagnostics-show-note-include-stack -fmacro-backtrace-limit\=0 -fno-color-diagnostics -fmodules-prune-interval\=86400 -fmodules-prune-after\=345600 -fbuild-session-file\=/Users/buddhirajgautam/Library/Developer/Xcode/DerivedData/ModuleCache.noindex/Session.modulevalidation -fmodules-validate-once-per-build-session -Wnon-modular-include-in-framework-module -Werror\=non-modular-include-in-framework-module -Wno-trigraphs -Wno-missing-field-initializers -Wno-missing-prototypes -Wno-return-type -Wno-implicit-atomic-properties -Wno-objc-interface-ivars -Wno-arc-repeated-use-of-weak -Wno-missing-braces -Wparentheses -Wswitch -Wno-unused-function -Wno-unused-label -Wno-unused-parameter -Wno-unused-variable -Wunused-value -Wno-empty-body -Wno-uninitialized -Wno-unknown-pragmas -Wno-shadow -Wno-four-char-constants -Wno-conversion -Wno-constant-conversion -Wno-int-conversion -Wno-bool-conversion -Wno-enum-conversion -Wno-float-conversion -Wno-non-literal-null-conversion -Wno-objc-literal-conversion -Wshorten-64-to-32 -Wpointer-sign -Wno-newline-eof -Wno-selector -Wno-strict-selector-match -Wno-undeclared-selector -Wno-deprecated-implementations -Wno-implicit-fallthrough -isysroot /Applications/Xcode.app/Contents/Developer/Platforms/MacOSX.platform/Developer/SDKs/MacOSX27.0.sdk -fstrict-aliasing -Wprotocol -Wdeprecated-declarations -Wno-sign-conversion -Wno-infinite-recursion -Wno-comma -Wno-block-capture-autoreleasing -Wno-strict-prototypes -Wno-semicolon-before-method-body -index-store-path /Users/buddhirajgautam/Library/Developer/Xcode/DerivedData/Telegram-Mac-fygdgghdgmuleoelvxabfmqiotta/Index.noindex/DataStore @/Users/buddhirajgautam/Library/Developer/Xcode/DerivedData/Telegram-Mac-fygdgghdgmuleoelvxabfmqiotta/Build/Intermediates.noindex/CalendarUtils.build/Debug/CalendarUtils-t.build/Objects-normal/arm64/e6072d4f65d7061329687fe24e3d63a7-common-args.resp -MMD -MT dependencies -MF /Users/buddhirajgautam/Library/Developer/Xcode/DerivedData/Telegram-Mac-fygdgghdgmuleoelvxabfmqiotta/Build/Intermediates.noindex/CalendarUtils.build/Debug/CalendarUtils-t.build/Objects-normal/arm64/CalendarUtils.d --serialize-diagnostics /Users/buddhirajgautam/Library/Developer/Xcode/DerivedData/Telegram-Mac-fygdgghdgmuleoelvxabfmqiotta/Build/Intermediates.noindex/CalendarUtils.build/Debug/CalendarUtils-t.build/Objects-normal/arm64/CalendarUtils.dia -c /Users/buddhirajgautam/Documents/Cherrygram-Mac/macOS-Swift/packages/CalendarUtils/Sources/CalendarUtils/CalendarUtils.m -o /Users/buddhirajgautam/Library/Developer/Xcode/DerivedData/Telegram-Mac-fygdgghdgmuleoelvxabfmqiotta/Build/Intermediates.noindex/CalendarUtils.build/Debug/CalendarUtils-t.build/Objects-normal/arm64/CalendarUtils.o -index-unit-output-path /CalendarUtils.build/Debug/CalendarUtils-t.build/Objects-normal/arm64/CalendarUtils.o

PrecompileModule /Users/buddhirajgautam/Library/Developer/Xcode/DerivedData/Telegram-Mac-fygdgghdgmuleoelvxabfmqiotta/Build/Intermediates.noindex/ExplicitPrecompiledModules/DiskArbitration-54OQB92MSR4HJY5Z89DXKVQAM.scan
    cd /
    builtin-precompileModule /Users/buddhirajgautam/Library/Developer/Xcode/DerivedData/Telegram-Mac-fygdgghdgmuleoelvxabfmqiotta/Build/Intermediates.noindex/ExplicitPrecompiledModules/DiskArbitration-54OQB92MSR4HJY5Z89DXKVQAM.scan

PrecompileModule /Users/buddhirajgautam/Library/Developer/Xcode/DerivedData/Telegram-Mac-fygdgghdgmuleoelvxabfmqiotta/Build/Intermediates.noindex/ExplicitPrecompiledModules/CoreGraphics-2LZTX4PITVOOKFD363QU9X4P4.scan
    cd /
    builtin-precompileModule /Users/buddhirajgautam/Library/Developer/Xcode/DerivedData/Telegram-Mac-fygdgghdgmuleoelvxabfmqiotta/Build/Intermediates.noindex/ExplicitPrecompiledModules/CoreGraphics-2LZTX4PITVOOKFD363QU9X4P4.scan

PrecompileModule /Users/buddhirajgautam/Library/Developer/Xcode/DerivedData/Telegram-Mac-fygdgghdgmuleoelvxabfmqiotta/Build/Intermediates.noindex/ExplicitPrecompiledModules/CryptoUtils-CCULTK6394RYA8F1OXQLWNI0K.scan
    cd /
    builtin-precompileModule /Users/buddhirajgautam/Library/Developer/Xcode/DerivedData/Telegram-Mac-fygdgghdgmuleoelvxabfmqiotta/Build/Intermediates.noindex/ExplicitPrecompiledModules/CryptoUtils-CCULTK6394RYA8F1OXQLWNI0K.scan

Ld /Users/buddhirajgautam/Library/Developer/Xcode/DerivedData/Telegram-Mac-fygdgghdgmuleoelvxabfmqiotta/Build/Products/Debug/CalendarUtils.o normal (in target 'CalendarUtils' from project 'CalendarUtils')
    cd /Users/buddhirajgautam/Documents/Cherrygram-Mac/macOS-Swift/packages/CalendarUtils
    /Applications/Xcode.app/Contents/Developer/Toolchains/XcodeDefault.xctoolchain/usr/bin/clang -Xlinker -reproducible -target arm64-apple-macos12.0 -r -isysroot /Applications/Xcode.app/Contents/Developer/Platforms/MacOSX.platform/Developer/SDKs/MacOSX27.0.sdk -O0 -Xlinker -no_warn_duplicate_libraries -F/Users/buddhirajgautam/Library/Developer/Xcode/DerivedData/Telegram-Mac-fygdgghdgmuleoelvxabfmqiotta/Build/Intermediates.noindex/EagerLinkingTBDs/Debug -F/Users/buddhirajgautam/Library/Developer/Xcode/DerivedData/Telegram-Mac-fygdgghdgmuleoelvxabfmqiotta/Build/Products/Debug -iframework /Applications/Xcode.app/Contents/Developer/Platforms/MacOSX.platform/Developer/Library/Frameworks -filelist /Users/buddhirajgautam/Library/Developer/Xcode/DerivedData/Telegram-Mac-fygdgghdgmuleoelvxabfmqiotta/Build/Intermediates.noindex/CalendarUtils.build/Debug/CalendarUtils-t.build/Objects-normal/arm64/CalendarUtils.LinkFileList -nostdlib -Xlinker -object_path_lto -Xlinker /Users/buddhirajgautam/Library/Developer/Xcode/DerivedData/Telegram-Mac-fygdgghdgmuleoelvxabfmqiotta/Build/Intermediates.noindex/CalendarUtils.build/Debug/CalendarUtils-t.build/Objects-normal/arm64/CalendarUtils_lto.o -Xlinker -no_deduplicate -Xlinker -debug_variant -Xlinker -dependency_info -Xlinker /Users/buddhirajgautam/Library/Developer/Xcode/DerivedData/Telegram-Mac-fygdgghdgmuleoelvxabfmqiotta/Build/Intermediates.noindex/CalendarUtils.build/Debug/CalendarUtils-t.build/Objects-normal/arm64/CalendarUtils_dependency_info.dat -fobjc-arc -fobjc-link-runtime -o /Users/buddhirajgautam/Library/Developer/Xcode/DerivedData/Telegram-Mac-fygdgghdgmuleoelvxabfmqiotta/Build/Products/Debug/CalendarUtils.o

PrecompileModule /Users/buddhirajgautam/Library/Developer/Xcode/DerivedData/Telegram-Mac-fygdgghdgmuleoelvxabfmqiotta/Build/Intermediates.noindex/ExplicitPrecompiledModules/CoreServices-QURHW96VQSR2FT1LQ4U1K4YI.scan
    cd /
    builtin-precompileModule /Users/buddhirajgautam/Library/Developer/Xcode/DerivedData/Telegram-Mac-fygdgghdgmuleoelvxabfmqiotta/Build/Intermediates.noindex/ExplicitPrecompiledModules/CoreServices-QURHW96VQSR2FT1LQ4U1K4YI.scan

PrecompileModule /Users/buddhirajgautam/Library/Developer/Xcode/DerivedData/Telegram-Mac-fygdgghdgmuleoelvxabfmqiotta/Build/Intermediates.noindex/ExplicitPrecompiledModules/MurMurHash32-5GCBOLSI7ED82Z14BGFSMRX2A.scan
    cd /
    builtin-precompileModule /Users/buddhirajgautam/Library/Developer/Xcode/DerivedData/Telegram-Mac-fygdgghdgmuleoelvxabfmqiotta/Build/Intermediates.noindex/ExplicitPrecompiledModules/MurMurHash32-5GCBOLSI7ED82Z14BGFSMRX2A.scan

CompileC /Users/buddhirajgautam/Library/Developer/Xcode/DerivedData/Telegram-Mac-fygdgghdgmuleoelvxabfmqiotta/Build/Intermediates.noindex/Firebase.build/Debug/FirebaseCrashlytics-t.build/Objects-normal/arm64/FIRCLSReportManager.o /Users/buddhirajgautam/Library/Developer/Xcode/DerivedData/Telegram-Mac-fygdgghdgmuleoelvxabfmqiotta/SourcePackages/checkouts/firebase-ios-sdk/Crashlytics/Crashlytics/Controllers/FIRCLSReportManager.m normal arm64 objective-c com.apple.compilers.llvm.clang.1_0.compiler (in target 'FirebaseCrashlytics' from project 'Firebase')
    cd /Users/buddhirajgautam/Documents/Cherrygram-Mac/macOS-Swift
    
    Using response file: /Users/buddhirajgautam/Library/Developer/Xcode/DerivedData/Telegram-Mac-fygdgghdgmuleoelvxabfmqiotta/Build/Intermediates.noindex/Firebase.build/Debug/FirebaseCrashlytics-t.build/Objects-normal/arm64/e6072d4f65d7061329687fe24e3d63a7-common-args.resp
    
    /Applications/Xcode.app/Contents/Developer/Toolchains/XcodeDefault.xctoolchain/usr/bin/clang -x objective-c -ivfsstatcache /Users/buddhirajgautam/Library/Developer/Xcode/DerivedData/SDKStatCaches.noindex/macosx27.0-26A425-e829b21a6f8c9b70876ba0858053c0447231f6df4def33e022ae2eb8f782df1a.sdkstatcache -target arm64-apple-macos12.0 -fmessage-length\=0 -fdiagnostics-show-note-include-stack -fmacro-backtrace-limit\=0 -fno-color-diagnostics -fmodules-prune-interval\=86400 -fmodules-prune-after\=345600 -fbuild-session-file\=/Users/buddhirajgautam/Library/Developer/Xcode/DerivedData/ModuleCache.noindex/Session.modulevalidation -fmodules-validate-once-per-build-session -Wnon-modular-include-in-framework-module -Werror\=non-modular-include-in-framework-module -Wno-trigraphs -Wno-missing-field-initializers -Wno-missing-prototypes -Wno-return-type -Wno-implicit-atomic-properties -Wno-objc-interface-ivars -Wno-arc-repeated-use-of-weak -Wno-missing-braces -Wparentheses -Wswitch -Wno-unused-function -Wno-unused-label -Wno-unused-parameter -Wno-unused-variable -Wunused-value -Wno-empty-body -Wno-uninitialized -Wno-unknown-pragmas -w -Wno-shadow -Wno-four-char-constants -Wno-conversion -Wno-constant-conversion -Wno-int-conversion -Wno-bool-conversion -Wno-enum-conversion -Wno-float-conversion -Wno-non-literal-null-conversion -Wno-objc-literal-conversion -Wshorten-64-to-32 -Wpointer-sign -Wno-newline-eof -Wno-selector -Wno-strict-selector-match -Wno-undeclared-selector -Wno-deprecated-implementations -Wno-implicit-fallthrough -isysroot /Applications/Xcode.app/Contents/Developer/Platforms/MacOSX.platform/Developer/SDKs/MacOSX27.0.sdk -fstrict-aliasing -Wprotocol -Wdeprecated-declarations -Wno-sign-conversion -Wno-infinite-recursion -Wno-comma -Wno-block-capture-autoreleasing -Wno-strict-prototypes -Wno-semicolon-before-method-body -index-store-path /Users/buddhirajgautam/Library/Developer/Xcode/DerivedData/Telegram-Mac-fygdgghdgmuleoelvxabfmqiotta/Index.noindex/DataStore @/Users/buddhirajgautam/Library/Developer/Xcode/DerivedData/Telegram-Mac-fygdgghdgmuleoelvxabfmqiotta/Build/Intermediates.noindex/Firebase.build/Debug/FirebaseCrashlytics-t.build/Objects-normal/arm64/e6072d4f65d7061329687fe24e3d63a7-common-args.resp -MMD -MT dependencies -MF /Users/buddhirajgautam/Library/Developer/Xcode/DerivedData/Telegram-Mac-fygdgghdgmuleoelvxabfmqiotta/Build/Intermediates.noindex/Firebase.build/Debug/FirebaseCrashlytics-t.build/Objects-normal/arm64/FIRCLSReportManager.d --serialize-diagnostics /Users/buddhirajgautam/Library/Developer/Xcode/DerivedData/Telegram-Mac-fygdgghdgmuleoelvxabfmqiotta/Build/Intermediates.noindex/Firebase.build/Debug/FirebaseCrashlytics-t.build/Objects-normal/arm64/FIRCLSReportManager.dia -c /Users/buddhirajgautam/Library/Developer/Xcode/DerivedData/Telegram-Mac-fygdgghdgmuleoelvxabfmqiotta/SourcePackages/checkouts/firebase-ios-sdk/Crashlytics/Crashlytics/Controllers/FIRCLSReportManager.m -o /Users/buddhirajgautam/Library/Developer/Xcode/DerivedData/Telegram-Mac-fygdgghdgmuleoelvxabfmqiotta/Build/Intermediates.noindex/Firebase.build/Debug/FirebaseCrashlytics-t.build/Objects-normal/arm64/FIRCLSReportManager.o -index-unit-output-path /Firebase.build/Debug/FirebaseCrashlytics-t.build/Objects-normal/arm64/FIRCLSReportManager.o

CompileC /Users/buddhirajgautam/Library/Developer/Xcode/DerivedData/Telegram-Mac-fygdgghdgmuleoelvxabfmqiotta/Build/Intermediates.noindex/Firebase.build/Debug/FirebaseCrashlytics-t.build/Objects-normal/arm64/FIRCLSNotificationManager.o /Users/buddhirajgautam/Library/Developer/Xcode/DerivedData/Telegram-Mac-fygdgghdgmuleoelvxabfmqiotta/SourcePackages/checkouts/firebase-ios-sdk/Crashlytics/Crashlytics/Controllers/FIRCLSNotificationManager.m normal arm64 objective-c com.apple.compilers.llvm.clang.1_0.compiler (in target 'FirebaseCrashlytics' from project 'Firebase')
    cd /Users/buddhirajgautam/Documents/Cherrygram-Mac/macOS-Swift
    
    Using response file: /Users/buddhirajgautam/Library/Developer/Xcode/DerivedData/Telegram-Mac-fygdgghdgmuleoelvxabfmqiotta/Build/Intermediates.noindex/Firebase.build/Debug/FirebaseCrashlytics-t.build/Objects-normal/arm64/e6072d4f65d7061329687fe24e3d63a7-common-args.resp
    
    /Applications/Xcode.app/Contents/Developer/Toolchains/XcodeDefault.xctoolchain/usr/bin/clang -x objective-c -ivfsstatcache /Users/buddhirajgautam/Library/Developer/Xcode/DerivedData/SDKStatCaches.noindex/macosx27.0-26A425-e829b21a6f8c9b70876ba0858053c0447231f6df4def33e022ae2eb8f782df1a.sdkstatcache -target arm64-apple-macos12.0 -fmessage-length\=0 -fdiagnostics-show-note-include-stack -fmacro-backtrace-limit\=0 -fno-color-diagnostics -fmodules-prune-interval\=86400 -fmodules-prune-after\=345600 -fbuild-session-file\=/Users/buddhirajgautam/Library/Developer/Xcode/DerivedData/ModuleCache.noindex/Session.modulevalidation -fmodules-validate-once-per-build-session -Wnon-modular-include-in-framework-module -Werror\=non-modular-include-in-framework-module -Wno-trigraphs -Wno-missing-field-initializers -Wno-missing-prototypes -Wno-return-type -Wno-implicit-atomic-properties -Wno-objc-interface-ivars -Wno-arc-repeated-use-of-weak -Wno-missing-braces -Wparentheses -Wswitch -Wno-unused-function -Wno-unused-label -Wno-unused-parameter -Wno-unused-variable -Wunused-value -Wno-empty-body -Wno-uninitialized -Wno-unknown-pragmas -w -Wno-shadow -Wno-four-char-constants -Wno-conversion -Wno-constant-conversion -Wno-int-conversion -Wno-bool-conversion -Wno-enum-conversion -Wno-float-conversion -Wno-non-literal-null-conversion -Wno-objc-literal-conversion -Wshorten-64-to-32 -Wpointer-sign -Wno-newline-eof -Wno-selector -Wno-strict-selector-match -Wno-undeclared-selector -Wno-deprecated-implementations -Wno-implicit-fallthrough -isysroot /Applications/Xcode.app/Contents/Developer/Platforms/MacOSX.platform/Developer/SDKs/MacOSX27.0.sdk -fstrict-aliasing -Wprotocol -Wdeprecated-declarations -Wno-sign-conversion -Wno-infinite-recursion -Wno-comma -Wno-block-capture-autoreleasing -Wno-strict-prototypes -Wno-semicolon-before-method-body -index-store-path /Users/buddhirajgautam/Library/Developer/Xcode/DerivedData/Telegram-Mac-fygdgghdgmuleoelvxabfmqiotta/Index.noindex/DataStore @/Users/buddhirajgautam/Library/Developer/Xcode/DerivedData/Telegram-Mac-fygdgghdgmuleoelvxabfmqiotta/Build/Intermediates.noindex/Firebase.build/Debug/FirebaseCrashlytics-t.build/Objects-normal/arm64/e6072d4f65d7061329687fe24e3d63a7-common-args.resp -MMD -MT dependencies -MF /Users/buddhirajgautam/Library/Developer/Xcode/DerivedData/Telegram-Mac-fygdgghdgmuleoelvxabfmqiotta/Build/Intermediates.noindex/Firebase.build/Debug/FirebaseCrashlytics-t.build/Objects-normal/arm64/FIRCLSNotificationManager.d --serialize-diagnostics /Users/buddhirajgautam/Library/Developer/Xcode/DerivedData/Telegram-Mac-fygdgghdgmuleoelvxabfmqiotta/Build/Intermediates.noindex/Firebase.build/Debug/FirebaseCrashlytics-t.build/Objects-normal/arm64/FIRCLSNotificationManager.dia -c /Users/buddhirajgautam/Library/Developer/Xcode/DerivedData/Telegram-Mac-fygdgghdgmuleoelvxabfmqiotta/SourcePackages/checkouts/firebase-ios-sdk/Crashlytics/Crashlytics/Controllers/FIRCLSNotificationManager.m -o /Users/buddhirajgautam/Library/Developer/Xcode/DerivedData/Telegram-Mac-fygdgghdgmuleoelvxabfmqiotta/Build/Intermediates.noindex/Firebase.build/Debug/FirebaseCrashlytics-t.build/Objects-normal/arm64/FIRCLSNotificationManager.o -index-unit-output-path /Firebase.build/Debug/FirebaseCrashlytics-t.build/Objects-normal/arm64/FIRCLSNotificationManager.o

CompileC /Users/buddhirajgautam/Library/Developer/Xcode/DerivedData/Telegram-Mac-fygdgghdgmuleoelvxabfmqiotta/Build/Intermediates.noindex/Firebase.build/Debug/FirebaseCrashlytics-t.build/Objects-normal/arm64/FIRCLSApplication.o /Users/buddhirajgautam/Library/Developer/Xcode/DerivedData/Telegram-Mac-fygdgghdgmuleoelvxabfmqiotta/SourcePackages/checkouts/firebase-ios-sdk/Crashlytics/Crashlytics/Components/FIRCLSApplication.m normal arm64 objective-c com.apple.compilers.llvm.clang.1_0.compiler (in target 'FirebaseCrashlytics' from project 'Firebase')
    cd /Users/buddhirajgautam/Documents/Cherrygram-Mac/macOS-Swift
    
    Using response file: /Users/buddhirajgautam/Library/Developer/Xcode/DerivedData/Telegram-Mac-fygdgghdgmuleoelvxabfmqiotta/Build/Intermediates.noindex/Firebase.build/Debug/FirebaseCrashlytics-t.build/Objects-normal/arm64/e6072d4f65d7061329687fe24e3d63a7-common-args.resp
    
    /Applications/Xcode.app/Contents/Developer/Toolchains/XcodeDefault.xctoolchain/usr/bin/clang -x objective-c -ivfsstatcache /Users/buddhirajgautam/Library/Developer/Xcode/DerivedData/SDKStatCaches.noindex/macosx27.0-26A425-e829b21a6f8c9b70876ba0858053c0447231f6df4def33e022ae2eb8f782df1a.sdkstatcache -target arm64-apple-macos12.0 -fmessage-length\=0 -fdiagnostics-show-note-include-stack -fmacro-backtrace-limit\=0 -fno-color-diagnostics -fmodules-prune-interval\=86400 -fmodules-prune-after\=345600 -fbuild-session-file\=/Users/buddhirajgautam/Library/Developer/Xcode/DerivedData/ModuleCache.noindex/Session.modulevalidation -fmodules-validate-once-per-build-session -Wnon-modular-include-in-framework-module -Werror\=non-modular-include-in-framework-module -Wno-trigraphs -Wno-missing-field-initializers -Wno-missing-prototypes -Wno-return-type -Wno-implicit-atomic-properties -Wno-objc-interface-ivars -Wno-arc-repeated-use-of-weak -Wno-missing-braces -Wparentheses -Wswitch -Wno-unused-function -Wno-unused-label -Wno-unused-parameter -Wno-unused-variable -Wunused-value -Wno-empty-body -Wno-uninitialized -Wno-unknown-pragmas -w -Wno-shadow -Wno-four-char-constants -Wno-conversion -Wno-constant-conversion -Wno-int-conversion -Wno-bool-conversion -Wno-enum-conversion -Wno-float-conversion -Wno-non-literal-null-conversion -Wno-objc-literal-conversion -Wshorten-64-to-32 -Wpointer-sign -Wno-newline-eof -Wno-selector -Wno-strict-selector-match -Wno-undeclared-selector -Wno-deprecated-implementations -Wno-implicit-fallthrough -isysroot /Applications/Xcode.app/Contents/Developer/Platforms/MacOSX.platform/Developer/SDKs/MacOSX27.0.sdk -fstrict-aliasing -Wprotocol -Wdeprecated-declarations -Wno-sign-conversion -Wno-infinite-recursion -Wno-comma -Wno-block-capture-autoreleasing -Wno-strict-prototypes -Wno-semicolon-before-method-body -index-store-path /Users/buddhirajgautam/Library/Developer/Xcode/DerivedData/Telegram-Mac-fygdgghdgmuleoelvxabfmqiotta/Index.noindex/DataStore @/Users/buddhirajgautam/Library/Developer/Xcode/DerivedData/Telegram-Mac-fygdgghdgmuleoelvxabfmqiotta/Build/Intermediates.noindex/Firebase.build/Debug/FirebaseCrashlytics-t.build/Objects-normal/arm64/e6072d4f65d7061329687fe24e3d63a7-common-args.resp -MMD -MT dependencies -MF /Users/buddhirajgautam/Library/Developer/Xcode/DerivedData/Telegram-Mac-fygdgghdgmuleoelvxabfmqiotta/Build/Intermediates.noindex/Firebase.build/Debug/FirebaseCrashlytics-t.build/Objects-normal/arm64/FIRCLSApplication.d --serialize-diagnostics /Users/buddhirajgautam/Library/Developer/Xcode/DerivedData/Telegram-Mac-fygdgghdgmuleoelvxabfmqiotta/Build/Intermediates.noindex/Firebase.build/Debug/FirebaseCrashlytics-t.build/Objects-normal/arm64/FIRCLSApplication.dia -c /Users/buddhirajgautam/Library/Developer/Xcode/DerivedData/Telegram-Mac-fygdgghdgmuleoelvxabfmqiotta/SourcePackages/checkouts/firebase-ios-sdk/Crashlytics/Crashlytics/Components/FIRCLSApplication.m -o /Users/buddhirajgautam/Library/Developer/Xcode/DerivedData/Telegram-Mac-fygdgghdgmuleoelvxabfmqiotta/Build/Intermediates.noindex/Firebase.build/Debug/FirebaseCrashlytics-t.build/Objects-normal/arm64/FIRCLSApplication.o -index-unit-output-path /Firebase.build/Debug/FirebaseCrashlytics-t.build/Objects-normal/arm64/FIRCLSApplication.o

CompileC /Users/buddhirajgautam/Library/Developer/Xcode/DerivedData/Telegram-Mac-fygdgghdgmuleoelvxabfmqiotta/Build/Intermediates.noindex/BuildConfig.build/Debug/BuildConfig-t.build/Objects-normal/arm64/BuildConfig.o /Users/buddhirajgautam/Documents/Cherrygram-Mac/macOS-Swift/submodules/BuildConfig/Sources/BuildConfig.m normal arm64 objective-c com.apple.compilers.llvm.clang.1_0.compiler (in target 'BuildConfig' from project 'BuildConfig')
    cd /Users/buddhirajgautam/Documents/Cherrygram-Mac/macOS-Swift
    
    Using response file: /Users/buddhirajgautam/Library/Developer/Xcode/DerivedData/Telegram-Mac-fygdgghdgmuleoelvxabfmqiotta/Build/Intermediates.noindex/BuildConfig.build/Debug/BuildConfig-t.build/Objects-normal/arm64/e6072d4f65d7061329687fe24e3d63a7-common-args.resp
    
    /Applications/Xcode.app/Contents/Developer/Toolchains/XcodeDefault.xctoolchain/usr/bin/clang -x objective-c -ivfsstatcache /Users/buddhirajgautam/Library/Developer/Xcode/DerivedData/SDKStatCaches.noindex/macosx27.0-26A425-e829b21a6f8c9b70876ba0858053c0447231f6df4def33e022ae2eb8f782df1a.sdkstatcache -target arm64-apple-macos12.0 -fmessage-length\=0 -fdiagnostics-show-note-include-stack -fmacro-backtrace-limit\=0 -fno-color-diagnostics -fmodules-prune-interval\=86400 -fmodules-prune-after\=345600 -fbuild-session-file\=/Users/buddhirajgautam/Library/Developer/Xcode/DerivedData/ModuleCache.noindex/Session.modulevalidation -fmodules-validate-once-per-build-session -Wnon-modular-include-in-framework-module -Werror\=non-modular-include-in-framework-module -Wno-trigraphs -Wno-missing-field-initializers -Wno-missing-prototypes -Wno-return-type -Wno-implicit-atomic-properties -Wno-objc-interface-ivars -Wno-arc-repeated-use-of-weak -Wno-missing-braces -Wparentheses -Wswitch -Wno-unused-function -Wno-unused-label -Wno-unused-parameter -Wno-unused-variable -Wunused-value -Wno-empty-body -Wno-uninitialized -Wno-unknown-pragmas -Wno-shadow -Wno-four-char-constants -Wno-conversion -Wno-constant-conversion -Wno-int-conversion -Wno-bool-conversion -Wno-enum-conversion -Wno-float-conversion -Wno-non-literal-null-conversion -Wno-objc-literal-conversion -Wshorten-64-to-32 -Wpointer-sign -Wno-newline-eof -Wno-selector -Wno-strict-selector-match -Wno-undeclared-selector -Wno-deprecated-implementations -Wno-implicit-fallthrough -isysroot /Applications/Xcode.app/Contents/Developer/Platforms/MacOSX.platform/Developer/SDKs/MacOSX27.0.sdk -fstrict-aliasing -Wprotocol -Wdeprecated-declarations -Wno-sign-conversion -Wno-infinite-recursion -Wno-comma -Wno-block-capture-autoreleasing -Wno-strict-prototypes -Wno-semicolon-before-method-body -index-store-path /Users/buddhirajgautam/Library/Developer/Xcode/DerivedData/Telegram-Mac-fygdgghdgmuleoelvxabfmqiotta/Index.noindex/DataStore @/Users/buddhirajgautam/Library/Developer/Xcode/DerivedData/Telegram-Mac-fygdgghdgmuleoelvxabfmqiotta/Build/Intermediates.noindex/BuildConfig.build/Debug/BuildConfig-t.build/Objects-normal/arm64/e6072d4f65d7061329687fe24e3d63a7-common-args.resp -MMD -MT dependencies -MF /Users/buddhirajgautam/Library/Developer/Xcode/DerivedData/Telegram-Mac-fygdgghdgmuleoelvxabfmqiotta/Build/Intermediates.noindex/BuildConfig.build/Debug/BuildConfig-t.build/Objects-normal/arm64/BuildConfig.d --serialize-diagnostics /Users/buddhirajgautam/Library/Developer/Xcode/DerivedData/Telegram-Mac-fygdgghdgmuleoelvxabfmqiotta/Build/Intermediates.noindex/BuildConfig.build/Debug/BuildConfig-t.build/Objects-normal/arm64/BuildConfig.dia -c /Users/buddhirajgautam/Documents/Cherrygram-Mac/macOS-Swift/submodules/BuildConfig/Sources/BuildConfig.m -o /Users/buddhirajgautam/Library/Developer/Xcode/DerivedData/Telegram-Mac-fygdgghdgmuleoelvxabfmqiotta/Build/Intermediates.noindex/BuildConfig.build/Debug/BuildConfig-t.build/Objects-normal/arm64/BuildConfig.o -index-unit-output-path /BuildConfig.build/Debug/BuildConfig-t.build/Objects-normal/arm64/BuildConfig.o
In file included from /Users/buddhirajgautam/Documents/Cherrygram-Mac/macOS-Swift/submodules/BuildConfig/Sources/BuildConfig.m:1:
/Users/buddhirajgautam/Documents/Cherrygram-Mac/macOS-Swift/submodules/BuildConfig/Sources/include/BuildConfig/BuildConfig.h:30:71: warning: pointer is missing a nullability type specifier (_Nonnull, _Nullable, or _Null_unspecified) [-Wnullability-completeness]
   30 | - (NSData * _Nullable)decrypt:(NSData * _Nonnull)data cancelled:(bool *)cancelled;
      |                                                                       ^
/Users/buddhirajgautam/Documents/Cherrygram-Mac/macOS-Swift/submodules/BuildConfig/Sources/include/BuildConfig/BuildConfig.h:30:71: note: insert '_Nullable' if the pointer may be null
   30 | - (NSData * _Nullable)decrypt:(NSData * _Nonnull)data cancelled:(bool *)cancelled;
      |                                                                       ^
      |                                                                        _Nullable
/Users/buddhirajgautam/Documents/Cherrygram-Mac/macOS-Swift/submodules/BuildConfig/Sources/include/BuildConfig/BuildConfig.h:30:71: note: insert '_Nonnull' if the pointer should never be null
   30 | - (NSData * _Nullable)decrypt:(NSData * _Nonnull)data cancelled:(bool *)cancelled;
      |                                                                       ^
      |                                                                        _Nonnull
/Users/buddhirajgautam/Documents/Cherrygram-Mac/macOS-Swift/submodules/BuildConfig/Sources/BuildConfig.m:12:17: warning: method definition for 'defaultKey' not found [-Wincomplete-implementation]
   12 | @implementation LocalPrivateKey
      |                 ^
In file included from /Users/buddhirajgautam/Documents/Cherrygram-Mac/macOS-Swift/submodules/BuildConfig/Sources/BuildConfig.m:1:
/Users/buddhirajgautam/Documents/Cherrygram-Mac/macOS-Swift/submodules/BuildConfig/Sources/include/BuildConfig/BuildConfig.h:28:1: note: method 'defaultKey' declared here
   28 | + (NSString * _Nonnull)defaultKey;
      | ^
/Users/buddhirajgautam/Documents/Cherrygram-Mac/macOS-Swift/submodules/BuildConfig/Sources/BuildConfig.m:122:50: warning: implicit conversion loses integer precision: 'NSUInteger' (aka 'unsigned long') to 'int' [-Wshorten-64-to-32]
  122 |     NSData *sha512 = CryptoSHA512(keyData.bytes, keyData.length);
      |                      ~~~~~~~~~~~~                ^~~~~~~~~~~~~~
3 warnings generated.

PrecompileModule /Users/buddhirajgautam/Library/Developer/Xcode/DerivedData/Telegram-Mac-fygdgghdgmuleoelvxabfmqiotta/Build/Intermediates.noindex/ExplicitPrecompiledModules/Cocoa-D0SYMZMDLOAK69GHNA41UT9I3.scan
    cd /
    builtin-precompileModule /Users/buddhirajgautam/Library/Developer/Xcode/DerivedData/Telegram-Mac-fygdgghdgmuleoelvxabfmqiotta/Build/Intermediates.noindex/ExplicitPrecompiledModules/Cocoa-D0SYMZMDLOAK69GHNA41UT9I3.scan

SwiftExplicitDependencyGeneratePcm arm64 /Users/buddhirajgautam/Library/Developer/Xcode/DerivedData/Telegram-Mac-fygdgghdgmuleoelvxabfmqiotta/Build/Intermediates.noindex/SwiftExplicitPrecompiledModules/LegacyReachability-ADHAC56N37YD9DIM24ARXS68T.pcm

CompileC /Users/buddhirajgautam/Library/Developer/Xcode/DerivedData/Telegram-Mac-fygdgghdgmuleoelvxabfmqiotta/Build/Intermediates.noindex/Firebase.build/Debug/FirebaseCrashlytics-t.build/Objects-normal/arm64/FIRCLSHost.o /Users/buddhirajgautam/Library/Developer/Xcode/DerivedData/Telegram-Mac-fygdgghdgmuleoelvxabfmqiotta/SourcePackages/checkouts/firebase-ios-sdk/Crashlytics/Crashlytics/Components/FIRCLSHost.m normal arm64 objective-c com.apple.compilers.llvm.clang.1_0.compiler (in target 'FirebaseCrashlytics' from project 'Firebase')
    cd /Users/buddhirajgautam/Documents/Cherrygram-Mac/macOS-Swift
    
    Using response file: /Users/buddhirajgautam/Library/Developer/Xcode/DerivedData/Telegram-Mac-fygdgghdgmuleoelvxabfmqiotta/Build/Intermediates.noindex/Firebase.build/Debug/FirebaseCrashlytics-t.build/Objects-normal/arm64/e6072d4f65d7061329687fe24e3d63a7-common-args.resp
    
    /Applications/Xcode.app/Contents/Developer/Toolchains/XcodeDefault.xctoolchain/usr/bin/clang -x objective-c -ivfsstatcache /Users/buddhirajgautam/Library/Developer/Xcode/DerivedData/SDKStatCaches.noindex/macosx27.0-26A425-e829b21a6f8c9b70876ba0858053c0447231f6df4def33e022ae2eb8f782df1a.sdkstatcache -target arm64-apple-macos12.0 -fmessage-length\=0 -fdiagnostics-show-note-include-stack -fmacro-backtrace-limit\=0 -fno-color-diagnostics -fmodules-prune-interval\=86400 -fmodules-prune-after\=345600 -fbuild-session-file\=/Users/buddhirajgautam/Library/Developer/Xcode/DerivedData/ModuleCache.noindex/Session.modulevalidation -fmodules-validate-once-per-build-session -Wnon-modular-include-in-framework-module -Werror\=non-modular-include-in-framework-module -Wno-trigraphs -Wno-missing-field-initializers -Wno-missing-prototypes -Wno-return-type -Wno-implicit-atomic-properties -Wno-objc-interface-ivars -Wno-arc-repeated-use-of-weak -Wno-missing-braces -Wparentheses -Wswitch -Wno-unused-function -Wno-unused-label -Wno-unused-parameter -Wno-unused-variable -Wunused-value -Wno-empty-body -Wno-uninitialized -Wno-unknown-pragmas -w -Wno-shadow -Wno-four-char-constants -Wno-conversion -Wno-constant-conversion -Wno-int-conversion -Wno-bool-conversion -Wno-enum-conversion -Wno-float-conversion -Wno-non-literal-null-conversion -Wno-objc-literal-conversion -Wshorten-64-to-32 -Wpointer-sign -Wno-newline-eof -Wno-selector -Wno-strict-selector-match -Wno-undeclared-selector -Wno-deprecated-implementations -Wno-implicit-fallthrough -isysroot /Applications/Xcode.app/Contents/Developer/Platforms/MacOSX.platform/Developer/SDKs/MacOSX27.0.sdk -fstrict-aliasing -Wprotocol -Wdeprecated-declarations -Wno-sign-conversion -Wno-infinite-recursion -Wno-comma -Wno-block-capture-autoreleasing -Wno-strict-prototypes -Wno-semicolon-before-method-body -index-store-path /Users/buddhirajgautam/Library/Developer/Xcode/DerivedData/Telegram-Mac-fygdgghdgmuleoelvxabfmqiotta/Index.noindex/DataStore @/Users/buddhirajgautam/Library/Developer/Xcode/DerivedData/Telegram-Mac-fygdgghdgmuleoelvxabfmqiotta/Build/Intermediates.noindex/Firebase.build/Debug/FirebaseCrashlytics-t.build/Objects-normal/arm64/e6072d4f65d7061329687fe24e3d63a7-common-args.resp -MMD -MT dependencies -MF /Users/buddhirajgautam/Library/Developer/Xcode/DerivedData/Telegram-Mac-fygdgghdgmuleoelvxabfmqiotta/Build/Intermediates.noindex/Firebase.build/Debug/FirebaseCrashlytics-t.build/Objects-normal/arm64/FIRCLSHost.d --serialize-diagnostics /Users/buddhirajgautam/Library/Developer/Xcode/DerivedData/Telegram-Mac-fygdgghdgmuleoelvxabfmqiotta/Build/Intermediates.noindex/Firebase.build/Debug/FirebaseCrashlytics-t.build/Objects-normal/arm64/FIRCLSHost.dia -c /Users/buddhirajgautam/Library/Developer/Xcode/DerivedData/Telegram-Mac-fygdgghdgmuleoelvxabfmqiotta/SourcePackages/checkouts/firebase-ios-sdk/Crashlytics/Crashlytics/Components/FIRCLSHost.m -o /Users/buddhirajgautam/Library/Developer/Xcode/DerivedData/Telegram-Mac-fygdgghdgmuleoelvxabfmqiotta/Build/Intermediates.noindex/Firebase.build/Debug/FirebaseCrashlytics-t.build/Objects-normal/arm64/FIRCLSHost.o -index-unit-output-path /Firebase.build/Debug/FirebaseCrashlytics-t.build/Objects-normal/arm64/FIRCLSHost.o

ExtractAppIntentsMetadata (in target 'TelegramSystem' from project 'TelegramSystem')
    cd /Users/buddhirajgautam/Documents/Cherrygram-Mac/macOS-Swift/packages/TelegramSystem
    /Applications/Xcode.app/Contents/Developer/Toolchains/XcodeDefault.xctoolchain/usr/bin/appintentsmetadataprocessor --toolchain-dir /var/run/com.apple.security.cryptexd/mnt/com.apple.MobileAsset.MetalToolchain-v27.1.266.1.Pr1pMU/Metal.xctoolchain --module-name TelegramSystem --sdk-root /Applications/Xcode.app/Contents/Developer/Platforms/MacOSX.platform/Developer/SDKs/MacOSX27.0.sdk --xcode-version 27A266a --platform-family macOS --deployment-target 12.0 --bundle-identifier telegramsystem.TelegramSystem --output /Users/buddhirajgautam/Library/Developer/Xcode/DerivedData/Telegram-Mac-fygdgghdgmuleoelvxabfmqiotta/Build/Products/Debug/TelegramSystem.appintents --target-triple arm64-apple-macos12.0 --binary-file /Users/buddhirajgautam/Library/Developer/Xcode/DerivedData/Telegram-Mac-fygdgghdgmuleoelvxabfmqiotta/Build/Products/Debug/TelegramSystem.o --dependency-file /Users/buddhirajgautam/Library/Developer/Xcode/DerivedData/Telegram-Mac-fygdgghdgmuleoelvxabfmqiotta/Build/Intermediates.noindex/TelegramSystem.build/Debug/TelegramSystem-t.build/Objects-normal/arm64/TelegramSystem_dependency_info.dat --stringsdata-file /Users/buddhirajgautam/Library/Developer/Xcode/DerivedData/Telegram-Mac-fygdgghdgmuleoelvxabfmqiotta/Build/Intermediates.noindex/TelegramSystem.build/Debug/TelegramSystem-t.build/Objects-normal/arm64/ExtractedAppShortcutsMetadata.stringsdata --source-file-list /Users/buddhirajgautam/Library/Developer/Xcode/DerivedData/Telegram-Mac-fygdgghdgmuleoelvxabfmqiotta/Build/Intermediates.noindex/TelegramSystem.build/Debug/TelegramSystem-t.build/Objects-normal/arm64/TelegramSystem.SwiftFileList --metadata-file-list /Users/buddhirajgautam/Library/Developer/Xcode/DerivedData/Telegram-Mac-fygdgghdgmuleoelvxabfmqiotta/Build/Intermediates.noindex/TelegramSystem.build/Debug/TelegramSystem-t.build/TelegramSystem.DependencyMetadataFileList --static-metadata-file-list /Users/buddhirajgautam/Library/Developer/Xcode/DerivedData/Telegram-Mac-fygdgghdgmuleoelvxabfmqiotta/Build/Intermediates.noindex/TelegramSystem.build/Debug/TelegramSystem-t.build/TelegramSystem.DependencyStaticMetadataFileList --swift-const-vals-list /Users/buddhirajgautam/Library/Developer/Xcode/DerivedData/Telegram-Mac-fygdgghdgmuleoelvxabfmqiotta/Build/Intermediates.noindex/TelegramSystem.build/Debug/TelegramSystem-t.build/Objects-normal/arm64/TelegramSystem.SwiftConstValuesFileList --force --compile-time-extraction --deployment-aware-processing --no-app-shortcuts-localization
2026-09-21 20:24:07.111 appintentsmetadataprocessor[56262:3885212] Starting appintentsmetadataprocessor export
2026-09-21 20:24:07.443 appintentsmetadataprocessor[56262:3885212] Extracted no relevant App Intents symbols, skipping writing output

ExtractAppIntentsMetadata (in target 'TelegramApi' from project 'TelegramApi')
    cd /Users/buddhirajgautam/Documents/Cherrygram-Mac/macOS-Swift/submodules/telegram-ios/submodules/TelegramApi
    /Applications/Xcode.app/Contents/Developer/Toolchains/XcodeDefault.xctoolchain/usr/bin/appintentsmetadataprocessor --toolchain-dir /var/run/com.apple.security.cryptexd/mnt/com.apple.MobileAsset.MetalToolchain-v27.1.266.1.Pr1pMU/Metal.xctoolchain --module-name TelegramApi --sdk-root /Applications/Xcode.app/Contents/Developer/Platforms/MacOSX.platform/Developer/SDKs/MacOSX27.0.sdk --xcode-version 27A266a --platform-family macOS --deployment-target 12.0 --bundle-identifier telegramapi.TelegramApi --output /Users/buddhirajgautam/Library/Developer/Xcode/DerivedData/Telegram-Mac-fygdgghdgmuleoelvxabfmqiotta/Build/Products/Debug/TelegramApi.appintents --target-triple arm64-apple-macos12.0 --binary-file /Users/buddhirajgautam/Library/Developer/Xcode/DerivedData/Telegram-Mac-fygdgghdgmuleoelvxabfmqiotta/Build/Products/Debug/TelegramApi.o --dependency-file /Users/buddhirajgautam/Library/Developer/Xcode/DerivedData/Telegram-Mac-fygdgghdgmuleoelvxabfmqiotta/Build/Intermediates.noindex/TelegramApi.build/Debug/TelegramApi-t.build/Objects-normal/arm64/TelegramApi_dependency_info.dat --stringsdata-file /Users/buddhirajgautam/Library/Developer/Xcode/DerivedData/Telegram-Mac-fygdgghdgmuleoelvxabfmqiotta/Build/Intermediates.noindex/TelegramApi.build/Debug/TelegramApi-t.build/Objects-normal/arm64/ExtractedAppShortcutsMetadata.stringsdata --source-file-list /Users/buddhirajgautam/Library/Developer/Xcode/DerivedData/Telegram-Mac-fygdgghdgmuleoelvxabfmqiotta/Build/Intermediates.noindex/TelegramApi.build/Debug/TelegramApi-t.build/Objects-normal/arm64/TelegramApi.SwiftFileList --metadata-file-list /Users/buddhirajgautam/Library/Developer/Xcode/DerivedData/Telegram-Mac-fygdgghdgmuleoelvxabfmqiotta/Build/Intermediates.noindex/TelegramApi.build/Debug/TelegramApi-t.build/TelegramApi.DependencyMetadataFileList --static-metadata-file-list /Users/buddhirajgautam/Library/Developer/Xcode/DerivedData/Telegram-Mac-fygdgghdgmuleoelvxabfmqiotta/Build/Intermediates.noindex/TelegramApi.build/Debug/TelegramApi-t.build/TelegramApi.DependencyStaticMetadataFileList --swift-const-vals-list /Users/buddhirajgautam/Library/Developer/Xcode/DerivedData/Telegram-Mac-fygdgghdgmuleoelvxabfmqiotta/Build/Intermediates.noindex/TelegramApi.build/Debug/TelegramApi-t.build/Objects-normal/arm64/TelegramApi.SwiftConstValuesFileList --force --compile-time-extraction --deployment-aware-processing --no-app-shortcuts-localization
2026-09-21 20:24:07.111 appintentsmetadataprocessor[56263:3885213] Starting appintentsmetadataprocessor export
2026-09-21 20:24:07.419 appintentsmetadataprocessor[56263:3885213] Extracted no relevant App Intents symbols, skipping writing output

Ld /Users/buddhirajgautam/Library/Developer/Xcode/DerivedData/Telegram-Mac-fygdgghdgmuleoelvxabfmqiotta/Build/Products/Debug/FoundationUtils.o normal (in target 'FoundationUtils' from project 'FoundationUtils')
    cd /Users/buddhirajgautam/Documents/Cherrygram-Mac/macOS-Swift/packages/FoundationUtils
    /Applications/Xcode.app/Contents/Developer/Toolchains/XcodeDefault.xctoolchain/usr/bin/clang -Xlinker -reproducible -target arm64-apple-macos12.0 -r -isysroot /Applications/Xcode.app/Contents/Developer/Platforms/MacOSX.platform/Developer/SDKs/MacOSX27.0.sdk -O0 -Xlinker -no_warn_duplicate_libraries -F/Users/buddhirajgautam/Library/Developer/Xcode/DerivedData/Telegram-Mac-fygdgghdgmuleoelvxabfmqiotta/Build/Intermediates.noindex/EagerLinkingTBDs/Debug -F/Users/buddhirajgautam/Library/Developer/Xcode/DerivedData/Telegram-Mac-fygdgghdgmuleoelvxabfmqiotta/Build/Products/Debug -iframework /Applications/Xcode.app/Contents/Developer/Platforms/MacOSX.platform/Developer/Library/Frameworks -filelist /Users/buddhirajgautam/Library/Developer/Xcode/DerivedData/Telegram-Mac-fygdgghdgmuleoelvxabfmqiotta/Build/Intermediates.noindex/FoundationUtils.build/Debug/FoundationUtils-t.build/Objects-normal/arm64/FoundationUtils.LinkFileList -nostdlib -Xlinker -object_path_lto -Xlinker /Users/buddhirajgautam/Library/Developer/Xcode/DerivedData/Telegram-Mac-fygdgghdgmuleoelvxabfmqiotta/Build/Intermediates.noindex/FoundationUtils.build/Debug/FoundationUtils-t.build/Objects-normal/arm64/FoundationUtils_lto.o -Xlinker -no_deduplicate -Xlinker -debug_variant -Xlinker -dependency_info -Xlinker /Users/buddhirajgautam/Library/Developer/Xcode/DerivedData/Telegram-Mac-fygdgghdgmuleoelvxabfmqiotta/Build/Intermediates.noindex/FoundationUtils.build/Debug/FoundationUtils-t.build/Objects-normal/arm64/FoundationUtils_dependency_info.dat -fobjc-link-runtime -L/Applications/Xcode.app/Contents/Developer/Toolchains/XcodeDefault.xctoolchain/usr/lib/swift/macosx -L/usr/lib/swift -Xlinker -add_ast_path -Xlinker /Users/buddhirajgautam/Library/Developer/Xcode/DerivedData/Telegram-Mac-fygdgghdgmuleoelvxabfmqiotta/Build/Intermediates.noindex/FoundationUtils.build/Debug/FoundationUtils-t.build/Objects-normal/arm64/FoundationUtils.swiftmodule -o /Users/buddhirajgautam/Library/Developer/Xcode/DerivedData/Telegram-Mac-fygdgghdgmuleoelvxabfmqiotta/Build/Products/Debug/FoundationUtils.o

SwiftDriver FlatSerialization normal arm64 com.apple.xcode.tools.swift.compiler (in target 'FlatSerialization' from project 'FlatSerialization')
    cd /Users/buddhirajgautam/Documents/Cherrygram-Mac/macOS-Swift
    builtin-SwiftDriver -- /Applications/Xcode.app/Contents/Developer/Toolchains/XcodeDefault.xctoolchain/usr/bin/swiftc -parse-as-library -module-name FlatSerialization -Onone @/Users/buddhirajgautam/Library/Developer/Xcode/DerivedData/Telegram-Mac-fygdgghdgmuleoelvxabfmqiotta/Build/Intermediates.noindex/FlatSerialization.build/Debug/FlatSerialization-t.build/Objects-normal/arm64/FlatSerialization.SwiftFileList -DSWIFT_PACKAGE -DDEBUG -DSWIFT_MODULE_RESOURCE_BUNDLE_UNAVAILABLE -DXcode -plugin-path /Applications/Xcode.app/Contents/Developer/Toolchains/XcodeDefault.xctoolchain/usr/lib/swift/host/plugins/testing -enable-experimental-feature DebugDescriptionMacro -sdk /Applications/Xcode.app/Contents/Developer/Platforms/MacOSX.platform/Developer/SDKs/MacOSX27.0.sdk -target arm64-apple-macos12.0 -g -module-cache-path /Users/buddhirajgautam/Library/Developer/Xcode/DerivedData/ModuleCache.noindex -Xfrontend -serialize-debugging-options -profile-coverage-mapping -profile-generate -enable-testing -index-store-path /Users/buddhirajgautam/Library/Developer/Xcode/DerivedData/Telegram-Mac-fygdgghdgmuleoelvxabfmqiotta/Index.noindex/DataStore -Xcc -D_LIBCPP_HARDENING_MODE\=_LIBCPP_HARDENING_MODE_DEBUG -swift-version 5 -I /Users/buddhirajgautam/Library/Developer/Xcode/DerivedData/Telegram-Mac-fygdgghdgmuleoelvxabfmqiotta/Build/Products/Debug -Isystem /Applications/Xcode.app/Contents/Developer/Platforms/MacOSX.platform/Developer/usr/lib -F /Users/buddhirajgautam/Library/Developer/Xcode/DerivedData/Telegram-Mac-fygdgghdgmuleoelvxabfmqiotta/Build/Products/Debug/PackageFrameworks -F /Users/buddhirajgautam/Library/Developer/Xcode/DerivedData/Telegram-Mac-fygdgghdgmuleoelvxabfmqiotta/Build/Products/Debug -F /Applications/Xcode.app/Contents/Developer/Platforms/MacOSX.platform/Developer/Library/Frameworks -c -j8 -enable-batch-mode -incremental -Xcc -ivfsstatcache -Xcc /Users/buddhirajgautam/Library/Developer/Xcode/DerivedData/SDKStatCaches.noindex/macosx27.0-26A425-e829b21a6f8c9b70876ba0858053c0447231f6df4def33e022ae2eb8f782df1a.sdkstatcache -output-file-map /Users/buddhirajgautam/Library/Developer/Xcode/DerivedData/Telegram-Mac-fygdgghdgmuleoelvxabfmqiotta/Build/Intermediates.noindex/FlatSerialization.build/Debug/FlatSerialization-t.build/Objects-normal/arm64/FlatSerialization-OutputFileMap.json -save-temps -no-color-diagnostics -explicit-module-build -module-cache-path /Users/buddhirajgautam/Library/Developer/Xcode/DerivedData/Telegram-Mac-fygdgghdgmuleoelvxabfmqiotta/Build/Intermediates.noindex/SwiftExplicitPrecompiledModules -clang-scanner-module-cache-path /Users/buddhirajgautam/Library/Developer/Xcode/DerivedData/ModuleCache.noindex -sdk-module-cache-path /Users/buddhirajgautam/Library/Developer/Xcode/DerivedData/SDKExplicitPrecompiledModules -emit-dependencies -emit-module -emit-module-path /Users/buddhirajgautam/Library/Developer/Xcode/DerivedData/Telegram-Mac-fygdgghdgmuleoelvxabfmqiotta/Build/Intermediates.noindex/FlatSerialization.build/Debug/FlatSerialization-t.build/Objects-normal/arm64/FlatSerialization.swiftmodule -serialize-diagnostics -dependency-scan-serialize-diagnostics-path /Users/buddhirajgautam/Library/Developer/Xcode/DerivedData/Telegram-Mac-fygdgghdgmuleoelvxabfmqiotta/Build/Intermediates.noindex/FlatSerialization.build/Debug/FlatSerialization-t.build/Objects-normal/arm64/FlatSerialization-dependency-scan.dia -validate-clang-modules-once -clang-build-session-file /Users/buddhirajgautam/Library/Developer/Xcode/DerivedData/ModuleCache.noindex/Session.modulevalidation -Xcc -fmodules-prune-interval\=86400 -Xcc -fmodules-prune-after\=345600 -emit-const-values -const-gather-protocols-list /Users/buddhirajgautam/Library/Developer/Xcode/DerivedData/Telegram-Mac-fygdgghdgmuleoelvxabfmqiotta/Build/Intermediates.noindex/FlatSerialization.build/Debug/FlatSerialization-t.build/Objects-normal/arm64/FlatSerialization_const_extract_protocols.json -Xcc -I/Users/buddhirajgautam/Library/Developer/Xcode/DerivedData/Telegram-Mac-fygdgghdgmuleoelvxabfmqiotta/Build/Products/Debug/include -Xcc -I/Users/buddhirajgautam/Library/Developer/Xcode/DerivedData/Telegram-Mac-fygdgghdgmuleoelvxabfmqiotta/Build/Intermediates.noindex/FlatSerialization.build/Debug/FlatSerialization-t.build/DerivedSources-normal/arm64 -Xcc -I/Users/buddhirajgautam/Library/Developer/Xcode/DerivedData/Telegram-Mac-fygdgghdgmuleoelvxabfmqiotta/Build/Intermediates.noindex/FlatSerialization.build/Debug/FlatSerialization-t.build/DerivedSources/arm64 -Xcc -I/Users/buddhirajgautam/Library/Developer/Xcode/DerivedData/Telegram-Mac-fygdgghdgmuleoelvxabfmqiotta/Build/Intermediates.noindex/FlatSerialization.build/Debug/FlatSerialization-t.build/DerivedSources -Xcc -DSWIFT_PACKAGE -Xcc -DDEBUG\=1 -emit-objc-header -emit-objc-header-path /Users/buddhirajgautam/Library/Developer/Xcode/DerivedData/Telegram-Mac-fygdgghdgmuleoelvxabfmqiotta/Build/Intermediates.noindex/FlatSerialization.build/Debug/FlatSerialization-t.build/Objects-normal/arm64/FlatSerialization-Swift.h -working-directory /Users/buddhirajgautam/Documents/Cherrygram-Mac/macOS-Swift -experimental-emit-module-separately -disable-cmo

SwiftEmitModule normal arm64 Emitting\ module\ for\ Reachability (in target 'Reachability' from project 'Reachability')

SwiftCompile normal arm64 (in target 'Reachability' from project 'Reachability')
    cd /Users/buddhirajgautam/Documents/Cherrygram-Mac/macOS-Swift
    

SwiftEmitModule normal arm64 Emitting\ module\ for\ ManagedFile (in target 'ManagedFile' from project 'ManagedFile')

SwiftCompile normal arm64 (in target 'ManagedFile' from project 'ManagedFile')
    cd /Users/buddhirajgautam/Documents/Cherrygram-Mac/macOS-Swift
    

Ld /Users/buddhirajgautam/Library/Developer/Xcode/DerivedData/Telegram-Mac-fygdgghdgmuleoelvxabfmqiotta/Build/Products/Debug/FlatBuffers.o normal (in target 'FlatBuffers' from project 'FlatBuffers')
    cd /Users/buddhirajgautam/Documents/Cherrygram-Mac/macOS-Swift/submodules/telegram-ios/submodules/TelegramCore/FlatBuffers
    /Applications/Xcode.app/Contents/Developer/Toolchains/XcodeDefault.xctoolchain/usr/bin/clang -Xlinker -reproducible -target arm64-apple-macos12.0 -r -isysroot /Applications/Xcode.app/Contents/Developer/Platforms/MacOSX.platform/Developer/SDKs/MacOSX27.0.sdk -O0 -Xlinker -no_warn_duplicate_libraries -F/Users/buddhirajgautam/Library/Developer/Xcode/DerivedData/Telegram-Mac-fygdgghdgmuleoelvxabfmqiotta/Build/Intermediates.noindex/EagerLinkingTBDs/Debug -F/Users/buddhirajgautam/Library/Developer/Xcode/DerivedData/Telegram-Mac-fygdgghdgmuleoelvxabfmqiotta/Build/Products/Debug -iframework /Applications/Xcode.app/Contents/Developer/Platforms/MacOSX.platform/Developer/Library/Frameworks -filelist /Users/buddhirajgautam/Library/Developer/Xcode/DerivedData/Telegram-Mac-fygdgghdgmuleoelvxabfmqiotta/Build/Intermediates.noindex/FlatBuffers.build/Debug/FlatBuffers-t.build/Objects-normal/arm64/FlatBuffers.LinkFileList -nostdlib -Xlinker -object_path_lto -Xlinker /Users/buddhirajgautam/Library/Developer/Xcode/DerivedData/Telegram-Mac-fygdgghdgmuleoelvxabfmqiotta/Build/Intermediates.noindex/FlatBuffers.build/Debug/FlatBuffers-t.build/Objects-normal/arm64/FlatBuffers_lto.o -Xlinker -no_deduplicate -Xlinker -debug_variant -Xlinker -dependency_info -Xlinker /Users/buddhirajgautam/Library/Developer/Xcode/DerivedData/Telegram-Mac-fygdgghdgmuleoelvxabfmqiotta/Build/Intermediates.noindex/FlatBuffers.build/Debug/FlatBuffers-t.build/Objects-normal/arm64/FlatBuffers_dependency_info.dat -fobjc-link-runtime -L/Applications/Xcode.app/Contents/Developer/Toolchains/XcodeDefault.xctoolchain/usr/lib/swift/macosx -L/usr/lib/swift -Xlinker -add_ast_path -Xlinker /Users/buddhirajgautam/Library/Developer/Xcode/DerivedData/Telegram-Mac-fygdgghdgmuleoelvxabfmqiotta/Build/Intermediates.noindex/FlatBuffers.build/Debug/FlatBuffers-t.build/Objects-normal/arm64/FlatBuffers.swiftmodule -o /Users/buddhirajgautam/Library/Developer/Xcode/DerivedData/Telegram-Mac-fygdgghdgmuleoelvxabfmqiotta/Build/Products/Debug/FlatBuffers.o

Ld /Users/buddhirajgautam/Library/Developer/Xcode/DerivedData/Telegram-Mac-fygdgghdgmuleoelvxabfmqiotta/Build/Products/Debug/Emoji.o normal (in target 'Emoji' from project 'Emoji')
    cd /Users/buddhirajgautam/Documents/Cherrygram-Mac/macOS-Swift/submodules/telegram-ios/submodules/Emoji
    /Applications/Xcode.app/Contents/Developer/Toolchains/XcodeDefault.xctoolchain/usr/bin/clang -Xlinker -reproducible -target arm64-apple-macos12.0 -r -isysroot /Applications/Xcode.app/Contents/Developer/Platforms/MacOSX.platform/Developer/SDKs/MacOSX27.0.sdk -O0 -Xlinker -no_warn_duplicate_libraries -F/Users/buddhirajgautam/Library/Developer/Xcode/DerivedData/Telegram-Mac-fygdgghdgmuleoelvxabfmqiotta/Build/Intermediates.noindex/EagerLinkingTBDs/Debug -F/Users/buddhirajgautam/Library/Developer/Xcode/DerivedData/Telegram-Mac-fygdgghdgmuleoelvxabfmqiotta/Build/Products/Debug -iframework /Applications/Xcode.app/Contents/Developer/Platforms/MacOSX.platform/Developer/Library/Frameworks -filelist /Users/buddhirajgautam/Library/Developer/Xcode/DerivedData/Telegram-Mac-fygdgghdgmuleoelvxabfmqiotta/Build/Intermediates.noindex/Emoji.build/Debug/Emoji-t.build/Objects-normal/arm64/Emoji.LinkFileList -nostdlib -Xlinker -object_path_lto -Xlinker /Users/buddhirajgautam/Library/Developer/Xcode/DerivedData/Telegram-Mac-fygdgghdgmuleoelvxabfmqiotta/Build/Intermediates.noindex/Emoji.build/Debug/Emoji-t.build/Objects-normal/arm64/Emoji_lto.o -Xlinker -no_deduplicate -Xlinker -debug_variant -Xlinker -dependency_info -Xlinker /Users/buddhirajgautam/Library/Developer/Xcode/DerivedData/Telegram-Mac-fygdgghdgmuleoelvxabfmqiotta/Build/Intermediates.noindex/Emoji.build/Debug/Emoji-t.build/Objects-normal/arm64/Emoji_dependency_info.dat -fobjc-link-runtime -L/Applications/Xcode.app/Contents/Developer/Toolchains/XcodeDefault.xctoolchain/usr/lib/swift/macosx -L/usr/lib/swift -Xlinker -add_ast_path -Xlinker /Users/buddhirajgautam/Library/Developer/Xcode/DerivedData/Telegram-Mac-fygdgghdgmuleoelvxabfmqiotta/Build/Intermediates.noindex/Emoji.build/Debug/Emoji-t.build/Objects-normal/arm64/Emoji.swiftmodule -o /Users/buddhirajgautam/Library/Developer/Xcode/DerivedData/Telegram-Mac-fygdgghdgmuleoelvxabfmqiotta/Build/Products/Debug/Emoji.o

SwiftEmitModule normal arm64 Emitting\ module\ for\ TelegramIconsTheme (in target 'TelegramIconsTheme' from project 'TelegramIconsTheme')

SwiftCompile normal arm64 (in target 'TelegramIconsTheme' from project 'TelegramIconsTheme')
    cd /Users/buddhirajgautam/Documents/Cherrygram-Mac/macOS-Swift
    

Ld /Users/buddhirajgautam/Library/Developer/Xcode/DerivedData/Telegram-Mac-fygdgghdgmuleoelvxabfmqiotta/Build/Products/Debug/CurrencyFormat.o normal (in target 'CurrencyFormat' from project 'CurrencyFormat')
    cd /Users/buddhirajgautam/Documents/Cherrygram-Mac/macOS-Swift/packages/CurrencyFormat
    /Applications/Xcode.app/Contents/Developer/Toolchains/XcodeDefault.xctoolchain/usr/bin/clang -Xlinker -reproducible -target arm64-apple-macos12.0 -r -isysroot /Applications/Xcode.app/Contents/Developer/Platforms/MacOSX.platform/Developer/SDKs/MacOSX27.0.sdk -O0 -Xlinker -no_warn_duplicate_libraries -F/Users/buddhirajgautam/Library/Developer/Xcode/DerivedData/Telegram-Mac-fygdgghdgmuleoelvxabfmqiotta/Build/Intermediates.noindex/EagerLinkingTBDs/Debug -F/Users/buddhirajgautam/Library/Developer/Xcode/DerivedData/Telegram-Mac-fygdgghdgmuleoelvxabfmqiotta/Build/Products/Debug -iframework /Applications/Xcode.app/Contents/Developer/Platforms/MacOSX.platform/Developer/Library/Frameworks -filelist /Users/buddhirajgautam/Library/Developer/Xcode/DerivedData/Telegram-Mac-fygdgghdgmuleoelvxabfmqiotta/Build/Intermediates.noindex/CurrencyFormat.build/Debug/CurrencyFormat-t.build/Objects-normal/arm64/CurrencyFormat.LinkFileList -nostdlib -Xlinker -object_path_lto -Xlinker /Users/buddhirajgautam/Library/Developer/Xcode/DerivedData/Telegram-Mac-fygdgghdgmuleoelvxabfmqiotta/Build/Intermediates.noindex/CurrencyFormat.build/Debug/CurrencyFormat-t.build/Objects-normal/arm64/CurrencyFormat_lto.o -Xlinker -no_deduplicate -Xlinker -debug_variant -Xlinker -dependency_info -Xlinker /Users/buddhirajgautam/Library/Developer/Xcode/DerivedData/Telegram-Mac-fygdgghdgmuleoelvxabfmqiotta/Build/Intermediates.noindex/CurrencyFormat.build/Debug/CurrencyFormat-t.build/Objects-normal/arm64/CurrencyFormat_dependency_info.dat -fobjc-link-runtime -L/Applications/Xcode.app/Contents/Developer/Toolchains/XcodeDefault.xctoolchain/usr/lib/swift/macosx -L/usr/lib/swift -Xlinker -add_ast_path -Xlinker /Users/buddhirajgautam/Library/Developer/Xcode/DerivedData/Telegram-Mac-fygdgghdgmuleoelvxabfmqiotta/Build/Intermediates.noindex/CurrencyFormat.build/Debug/CurrencyFormat-t.build/Objects-normal/arm64/CurrencyFormat.swiftmodule -o /Users/buddhirajgautam/Library/Developer/Xcode/DerivedData/Telegram-Mac-fygdgghdgmuleoelvxabfmqiotta/Build/Products/Debug/CurrencyFormat.o

SwiftEmitModule normal arm64 Emitting\ module\ for\ Translate (in target 'Translate' from project 'Translate')

SwiftCompile normal arm64 (in target 'Translate' from project 'Translate')
    cd /Users/buddhirajgautam/Documents/Cherrygram-Mac/macOS-Swift
    

Ld /Users/buddhirajgautam/Library/Developer/Xcode/DerivedData/Telegram-Mac-fygdgghdgmuleoelvxabfmqiotta/Build/Products/Debug/CrashHandler.o normal (in target 'CrashHandler' from project 'CrashHandler')
    cd /Users/buddhirajgautam/Documents/Cherrygram-Mac/macOS-Swift/packages/CrashHandler
    /Applications/Xcode.app/Contents/Developer/Toolchains/XcodeDefault.xctoolchain/usr/bin/clang -Xlinker -reproducible -target arm64-apple-macos12.0 -r -isysroot /Applications/Xcode.app/Contents/Developer/Platforms/MacOSX.platform/Developer/SDKs/MacOSX27.0.sdk -O0 -Xlinker -no_warn_duplicate_libraries -F/Users/buddhirajgautam/Library/Developer/Xcode/DerivedData/Telegram-Mac-fygdgghdgmuleoelvxabfmqiotta/Build/Intermediates.noindex/EagerLinkingTBDs/Debug -F/Users/buddhirajgautam/Library/Developer/Xcode/DerivedData/Telegram-Mac-fygdgghdgmuleoelvxabfmqiotta/Build/Products/Debug -iframework /Applications/Xcode.app/Contents/Developer/Platforms/MacOSX.platform/Developer/Library/Frameworks -filelist /Users/buddhirajgautam/Library/Developer/Xcode/DerivedData/Telegram-Mac-fygdgghdgmuleoelvxabfmqiotta/Build/Intermediates.noindex/CrashHandler.build/Debug/CrashHandler-t.build/Objects-normal/arm64/CrashHandler.LinkFileList -nostdlib -Xlinker -object_path_lto -Xlinker /Users/buddhirajgautam/Library/Developer/Xcode/DerivedData/Telegram-Mac-fygdgghdgmuleoelvxabfmqiotta/Build/Intermediates.noindex/CrashHandler.build/Debug/CrashHandler-t.build/Objects-normal/arm64/CrashHandler_lto.o -Xlinker -no_deduplicate -Xlinker -debug_variant -Xlinker -dependency_info -Xlinker /Users/buddhirajgautam/Library/Developer/Xcode/DerivedData/Telegram-Mac-fygdgghdgmuleoelvxabfmqiotta/Build/Intermediates.noindex/CrashHandler.build/Debug/CrashHandler-t.build/Objects-normal/arm64/CrashHandler_dependency_info.dat -fobjc-link-runtime -L/Applications/Xcode.app/Contents/Developer/Toolchains/XcodeDefault.xctoolchain/usr/lib/swift/macosx -L/usr/lib/swift -Xlinker -add_ast_path -Xlinker /Users/buddhirajgautam/Library/Developer/Xcode/DerivedData/Telegram-Mac-fygdgghdgmuleoelvxabfmqiotta/Build/Intermediates.noindex/CrashHandler.build/Debug/CrashHandler-t.build/Objects-normal/arm64/CrashHandler.swiftmodule -o /Users/buddhirajgautam/Library/Developer/Xcode/DerivedData/Telegram-Mac-fygdgghdgmuleoelvxabfmqiotta/Build/Products/Debug/CrashHandler.o

SwiftDriver Colors normal arm64 com.apple.xcode.tools.swift.compiler (in target 'Colors' from project 'Colors')
    cd /Users/buddhirajgautam/Documents/Cherrygram-Mac/macOS-Swift
    builtin-SwiftDriver -- /Applications/Xcode.app/Contents/Developer/Toolchains/XcodeDefault.xctoolchain/usr/bin/swiftc -parse-as-library -module-name Colors -Onone @/Users/buddhirajgautam/Library/Developer/Xcode/DerivedData/Telegram-Mac-fygdgghdgmuleoelvxabfmqiotta/Build/Intermediates.noindex/Colors.build/Debug/Colors-t.build/Objects-normal/arm64/Colors.SwiftFileList -DSWIFT_PACKAGE -DDEBUG -DSWIFT_MODULE_RESOURCE_BUNDLE_UNAVAILABLE -DXcode -plugin-path /Applications/Xcode.app/Contents/Developer/Toolchains/XcodeDefault.xctoolchain/usr/lib/swift/host/plugins/testing -enable-experimental-feature DebugDescriptionMacro -sdk /Applications/Xcode.app/Contents/Developer/Platforms/MacOSX.platform/Developer/SDKs/MacOSX27.0.sdk -target arm64-apple-macos12.0 -g -module-cache-path /Users/buddhirajgautam/Library/Developer/Xcode/DerivedData/ModuleCache.noindex -Xfrontend -serialize-debugging-options -profile-coverage-mapping -profile-generate -enable-testing -index-store-path /Users/buddhirajgautam/Library/Developer/Xcode/DerivedData/Telegram-Mac-fygdgghdgmuleoelvxabfmqiotta/Index.noindex/DataStore -Xcc -D_LIBCPP_HARDENING_MODE\=_LIBCPP_HARDENING_MODE_DEBUG -swift-version 5 -I /Users/buddhirajgautam/Library/Developer/Xcode/DerivedData/Telegram-Mac-fygdgghdgmuleoelvxabfmqiotta/Build/Products/Debug -Isystem /Applications/Xcode.app/Contents/Developer/Platforms/MacOSX.platform/Developer/usr/lib -F /Users/buddhirajgautam/Library/Developer/Xcode/DerivedData/Telegram-Mac-fygdgghdgmuleoelvxabfmqiotta/Build/Products/Debug/PackageFrameworks -F /Users/buddhirajgautam/Library/Developer/Xcode/DerivedData/Telegram-Mac-fygdgghdgmuleoelvxabfmqiotta/Build/Products/Debug -F /Applications/Xcode.app/Contents/Developer/Platforms/MacOSX.platform/Developer/Library/Frameworks -c -j8 -enable-batch-mode -incremental -Xcc -ivfsstatcache -Xcc /Users/buddhirajgautam/Library/Developer/Xcode/DerivedData/SDKStatCaches.noindex/macosx27.0-26A425-e829b21a6f8c9b70876ba0858053c0447231f6df4def33e022ae2eb8f782df1a.sdkstatcache -output-file-map /Users/buddhirajgautam/Library/Developer/Xcode/DerivedData/Telegram-Mac-fygdgghdgmuleoelvxabfmqiotta/Build/Intermediates.noindex/Colors.build/Debug/Colors-t.build/Objects-normal/arm64/Colors-OutputFileMap.json -save-temps -no-color-diagnostics -explicit-module-build -module-cache-path /Users/buddhirajgautam/Library/Developer/Xcode/DerivedData/Telegram-Mac-fygdgghdgmuleoelvxabfmqiotta/Build/Intermediates.noindex/SwiftExplicitPrecompiledModules -clang-scanner-module-cache-path /Users/buddhirajgautam/Library/Developer/Xcode/DerivedData/ModuleCache.noindex -sdk-module-cache-path /Users/buddhirajgautam/Library/Developer/Xcode/DerivedData/SDKExplicitPrecompiledModules -emit-dependencies -emit-module -emit-module-path /Users/buddhirajgautam/Library/Developer/Xcode/DerivedData/Telegram-Mac-fygdgghdgmuleoelvxabfmqiotta/Build/Intermediates.noindex/Colors.build/Debug/Colors-t.build/Objects-normal/arm64/Colors.swiftmodule -serialize-diagnostics -dependency-scan-serialize-diagnostics-path /Users/buddhirajgautam/Library/Developer/Xcode/DerivedData/Telegram-Mac-fygdgghdgmuleoelvxabfmqiotta/Build/Intermediates.noindex/Colors.build/Debug/Colors-t.build/Objects-normal/arm64/Colors-dependency-scan.dia -validate-clang-modules-once -clang-build-session-file /Users/buddhirajgautam/Library/Developer/Xcode/DerivedData/ModuleCache.noindex/Session.modulevalidation -Xcc -fmodules-prune-interval\=86400 -Xcc -fmodules-prune-after\=345600 -emit-const-values -const-gather-protocols-list /Users/buddhirajgautam/Library/Developer/Xcode/DerivedData/Telegram-Mac-fygdgghdgmuleoelvxabfmqiotta/Build/Intermediates.noindex/Colors.build/Debug/Colors-t.build/Objects-normal/arm64/Colors_const_extract_protocols.json -Xcc -I/Users/buddhirajgautam/Library/Developer/Xcode/DerivedData/Telegram-Mac-fygdgghdgmuleoelvxabfmqiotta/Build/Products/Debug/include -Xcc -I/Users/buddhirajgautam/Library/Developer/Xcode/DerivedData/Telegram-Mac-fygdgghdgmuleoelvxabfmqiotta/Build/Intermediates.noindex/Colors.build/Debug/Colors-t.build/DerivedSources-normal/arm64 -Xcc -I/Users/buddhirajgautam/Library/Developer/Xcode/DerivedData/Telegram-Mac-fygdgghdgmuleoelvxabfmqiotta/Build/Intermediates.noindex/Colors.build/Debug/Colors-t.build/DerivedSources/arm64 -Xcc -I/Users/buddhirajgautam/Library/Developer/Xcode/DerivedData/Telegram-Mac-fygdgghdgmuleoelvxabfmqiotta/Build/Intermediates.noindex/Colors.build/Debug/Colors-t.build/DerivedSources -Xcc -DSWIFT_PACKAGE -Xcc -DDEBUG\=1 -emit-objc-header -emit-objc-header-path /Users/buddhirajgautam/Library/Developer/Xcode/DerivedData/Telegram-Mac-fygdgghdgmuleoelvxabfmqiotta/Build/Intermediates.noindex/Colors.build/Debug/Colors-t.build/Objects-normal/arm64/Colors-Swift.h -working-directory /Users/buddhirajgautam/Documents/Cherrygram-Mac/macOS-Swift -experimental-emit-module-separately -disable-cmo

PrecompileModule /Users/buddhirajgautam/Library/Developer/Xcode/DerivedData/Telegram-Mac-fygdgghdgmuleoelvxabfmqiotta/Build/Intermediates.noindex/ExplicitPrecompiledModules/Foundation-224AOZTFPAYHAA6J3NC7PL3SL.scan
    cd /
    builtin-precompileModule /Users/buddhirajgautam/Library/Developer/Xcode/DerivedData/Telegram-Mac-fygdgghdgmuleoelvxabfmqiotta/Build/Intermediates.noindex/ExplicitPrecompiledModules/Foundation-224AOZTFPAYHAA6J3NC7PL3SL.scan

SwiftDriverJobDiscovery normal arm64 Emitting module for ManagedFile (in target 'ManagedFile' from project 'ManagedFile')

SwiftDriver\ Compilation\ Requirements ManagedFile normal arm64 com.apple.xcode.tools.swift.compiler (in target 'ManagedFile' from project 'ManagedFile')
    cd /Users/buddhirajgautam/Documents/Cherrygram-Mac/macOS-Swift
    builtin-Swift-Compilation-Requirements -- /Applications/Xcode.app/Contents/Developer/Toolchains/XcodeDefault.xctoolchain/usr/bin/swiftc -parse-as-library -module-name ManagedFile -Onone @/Users/buddhirajgautam/Library/Developer/Xcode/DerivedData/Telegram-Mac-fygdgghdgmuleoelvxabfmqiotta/Build/Intermediates.noindex/ManagedFile.build/Debug/ManagedFile-t.build/Objects-normal/arm64/ManagedFile.SwiftFileList -DSWIFT_PACKAGE -DDEBUG -DSWIFT_MODULE_RESOURCE_BUNDLE_UNAVAILABLE -DXcode -plugin-path /Applications/Xcode.app/Contents/Developer/Toolchains/XcodeDefault.xctoolchain/usr/lib/swift/host/plugins/testing -enable-experimental-feature DebugDescriptionMacro -sdk /Applications/Xcode.app/Contents/Developer/Platforms/MacOSX.platform/Developer/SDKs/MacOSX27.0.sdk -target arm64-apple-macos12.0 -g -module-cache-path /Users/buddhirajgautam/Library/Developer/Xcode/DerivedData/ModuleCache.noindex -Xfrontend -serialize-debugging-options -profile-coverage-mapping -profile-generate -enable-testing -index-store-path /Users/buddhirajgautam/Library/Developer/Xcode/DerivedData/Telegram-Mac-fygdgghdgmuleoelvxabfmqiotta/Index.noindex/DataStore -Xcc -D_LIBCPP_HARDENING_MODE\=_LIBCPP_HARDENING_MODE_DEBUG -swift-version 5 -I /Users/buddhirajgautam/Library/Developer/Xcode/DerivedData/Telegram-Mac-fygdgghdgmuleoelvxabfmqiotta/Build/Products/Debug -Isystem /Applications/Xcode.app/Contents/Developer/Platforms/MacOSX.platform/Developer/usr/lib -F /Users/buddhirajgautam/Library/Developer/Xcode/DerivedData/Telegram-Mac-fygdgghdgmuleoelvxabfmqiotta/Build/Products/Debug/PackageFrameworks -F /Users/buddhirajgautam/Library/Developer/Xcode/DerivedData/Telegram-Mac-fygdgghdgmuleoelvxabfmqiotta/Build/Products/Debug -F /Applications/Xcode.app/Contents/Developer/Platforms/MacOSX.platform/Developer/Library/Frameworks -c -j8 -enable-batch-mode -incremental -Xcc -ivfsstatcache -Xcc /Users/buddhirajgautam/Library/Developer/Xcode/DerivedData/SDKStatCaches.noindex/macosx27.0-26A425-e829b21a6f8c9b70876ba0858053c0447231f6df4def33e022ae2eb8f782df1a.sdkstatcache -output-file-map /Users/buddhirajgautam/Library/Developer/Xcode/DerivedData/Telegram-Mac-fygdgghdgmuleoelvxabfmqiotta/Build/Intermediates.noindex/ManagedFile.build/Debug/ManagedFile-t.build/Objects-normal/arm64/ManagedFile-OutputFileMap.json -save-temps -no-color-diagnostics -explicit-module-build -module-cache-path /Users/buddhirajgautam/Library/Developer/Xcode/DerivedData/Telegram-Mac-fygdgghdgmuleoelvxabfmqiotta/Build/Intermediates.noindex/SwiftExplicitPrecompiledModules -clang-scanner-module-cache-path /Users/buddhirajgautam/Library/Developer/Xcode/DerivedData/ModuleCache.noindex -sdk-module-cache-path /Users/buddhirajgautam/Library/Developer/Xcode/DerivedData/SDKExplicitPrecompiledModules -emit-dependencies -emit-module -emit-module-path /Users/buddhirajgautam/Library/Developer/Xcode/DerivedData/Telegram-Mac-fygdgghdgmuleoelvxabfmqiotta/Build/Intermediates.noindex/ManagedFile.build/Debug/ManagedFile-t.build/Objects-normal/arm64/ManagedFile.swiftmodule -serialize-diagnostics -dependency-scan-serialize-diagnostics-path /Users/buddhirajgautam/Library/Developer/Xcode/DerivedData/Telegram-Mac-fygdgghdgmuleoelvxabfmqiotta/Build/Intermediates.noindex/ManagedFile.build/Debug/ManagedFile-t.build/Objects-normal/arm64/ManagedFile-dependency-scan.dia -validate-clang-modules-once -clang-build-session-file /Users/buddhirajgautam/Library/Developer/Xcode/DerivedData/ModuleCache.noindex/Session.modulevalidation -Xcc -fmodules-prune-interval\=86400 -Xcc -fmodules-prune-after\=345600 -emit-const-values -const-gather-protocols-list /Users/buddhirajgautam/Library/Developer/Xcode/DerivedData/Telegram-Mac-fygdgghdgmuleoelvxabfmqiotta/Build/Intermediates.noindex/ManagedFile.build/Debug/ManagedFile-t.build/Objects-normal/arm64/ManagedFile_const_extract_protocols.json -Xcc -I/Users/buddhirajgautam/Library/Developer/Xcode/DerivedData/Telegram-Mac-fygdgghdgmuleoelvxabfmqiotta/Build/Products/Debug/include -Xcc -I/Users/buddhirajgautam/Library/Developer/Xcode/DerivedData/Telegram-Mac-fygdgghdgmuleoelvxabfmqiotta/Build/Intermediates.noindex/ManagedFile.build/Debug/ManagedFile-t.build/DerivedSources-normal/arm64 -Xcc -I/Users/buddhirajgautam/Library/Developer/Xcode/DerivedData/Telegram-Mac-fygdgghdgmuleoelvxabfmqiotta/Build/Intermediates.noindex/ManagedFile.build/Debug/ManagedFile-t.build/DerivedSources/arm64 -Xcc -I/Users/buddhirajgautam/Library/Developer/Xcode/DerivedData/Telegram-Mac-fygdgghdgmuleoelvxabfmqiotta/Build/Intermediates.noindex/ManagedFile.build/Debug/ManagedFile-t.build/DerivedSources -Xcc -DSWIFT_PACKAGE -Xcc -DDEBUG\=1 -emit-objc-header -emit-objc-header-path /Users/buddhirajgautam/Library/Developer/Xcode/DerivedData/Telegram-Mac-fygdgghdgmuleoelvxabfmqiotta/Build/Intermediates.noindex/ManagedFile.build/Debug/ManagedFile-t.build/Objects-normal/arm64/ManagedFile-Swift.h -working-directory /Users/buddhirajgautam/Documents/Cherrygram-Mac/macOS-Swift -experimental-emit-module-separately -disable-cmo

SwiftDriverJobDiscovery normal arm64 Emitting module for Reachability (in target 'Reachability' from project 'Reachability')

SwiftDriver\ Compilation\ Requirements Reachability normal arm64 com.apple.xcode.tools.swift.compiler (in target 'Reachability' from project 'Reachability')
    cd /Users/buddhirajgautam/Documents/Cherrygram-Mac/macOS-Swift
    builtin-Swift-Compilation-Requirements -- /Applications/Xcode.app/Contents/Developer/Toolchains/XcodeDefault.xctoolchain/usr/bin/swiftc -parse-as-library -module-name Reachability -Onone @/Users/buddhirajgautam/Library/Developer/Xcode/DerivedData/Telegram-Mac-fygdgghdgmuleoelvxabfmqiotta/Build/Intermediates.noindex/Reachability.build/Debug/Reachability-t.build/Objects-normal/arm64/Reachability.SwiftFileList -DSWIFT_PACKAGE -DDEBUG -DSWIFT_MODULE_RESOURCE_BUNDLE_UNAVAILABLE -Xcc -fmodule-map-file\=/Users/buddhirajgautam/Library/Developer/Xcode/DerivedData/Telegram-Mac-fygdgghdgmuleoelvxabfmqiotta/Build/Intermediates.noindex/GeneratedModuleMaps/LegacyReachability.modulemap -DXcode -plugin-path /Applications/Xcode.app/Contents/Developer/Toolchains/XcodeDefault.xctoolchain/usr/lib/swift/host/plugins/testing -enable-experimental-feature DebugDescriptionMacro -sdk /Applications/Xcode.app/Contents/Developer/Platforms/MacOSX.platform/Developer/SDKs/MacOSX27.0.sdk -target arm64-apple-macos12.0 -g -module-cache-path /Users/buddhirajgautam/Library/Developer/Xcode/DerivedData/ModuleCache.noindex -Xfrontend -serialize-debugging-options -profile-coverage-mapping -profile-generate -enable-testing -index-store-path /Users/buddhirajgautam/Library/Developer/Xcode/DerivedData/Telegram-Mac-fygdgghdgmuleoelvxabfmqiotta/Index.noindex/DataStore -Xcc -D_LIBCPP_HARDENING_MODE\=_LIBCPP_HARDENING_MODE_DEBUG -swift-version 5 -I /Users/buddhirajgautam/Library/Developer/Xcode/DerivedData/Telegram-Mac-fygdgghdgmuleoelvxabfmqiotta/Build/Products/Debug -Isystem /Applications/Xcode.app/Contents/Developer/Platforms/MacOSX.platform/Developer/usr/lib -F /Users/buddhirajgautam/Library/Developer/Xcode/DerivedData/Telegram-Mac-fygdgghdgmuleoelvxabfmqiotta/Build/Products/Debug/PackageFrameworks -F /Users/buddhirajgautam/Library/Developer/Xcode/DerivedData/Telegram-Mac-fygdgghdgmuleoelvxabfmqiotta/Build/Products/Debug -F /Applications/Xcode.app/Contents/Developer/Platforms/MacOSX.platform/Developer/Library/Frameworks -c -j8 -enable-batch-mode -incremental -Xcc -ivfsstatcache -Xcc /Users/buddhirajgautam/Library/Developer/Xcode/DerivedData/SDKStatCaches.noindex/macosx27.0-26A425-e829b21a6f8c9b70876ba0858053c0447231f6df4def33e022ae2eb8f782df1a.sdkstatcache -output-file-map /Users/buddhirajgautam/Library/Developer/Xcode/DerivedData/Telegram-Mac-fygdgghdgmuleoelvxabfmqiotta/Build/Intermediates.noindex/Reachability.build/Debug/Reachability-t.build/Objects-normal/arm64/Reachability-OutputFileMap.json -save-temps -no-color-diagnostics -explicit-module-build -module-cache-path /Users/buddhirajgautam/Library/Developer/Xcode/DerivedData/Telegram-Mac-fygdgghdgmuleoelvxabfmqiotta/Build/Intermediates.noindex/SwiftExplicitPrecompiledModules -clang-scanner-module-cache-path /Users/buddhirajgautam/Library/Developer/Xcode/DerivedData/ModuleCache.noindex -sdk-module-cache-path /Users/buddhirajgautam/Library/Developer/Xcode/DerivedData/SDKExplicitPrecompiledModules -emit-dependencies -emit-module -emit-module-path /Users/buddhirajgautam/Library/Developer/Xcode/DerivedData/Telegram-Mac-fygdgghdgmuleoelvxabfmqiotta/Build/Intermediates.noindex/Reachability.build/Debug/Reachability-t.build/Objects-normal/arm64/Reachability.swiftmodule -serialize-diagnostics -dependency-scan-serialize-diagnostics-path /Users/buddhirajgautam/Library/Developer/Xcode/DerivedData/Telegram-Mac-fygdgghdgmuleoelvxabfmqiotta/Build/Intermediates.noindex/Reachability.build/Debug/Reachability-t.build/Objects-normal/arm64/Reachability-dependency-scan.dia -validate-clang-modules-once -clang-build-session-file /Users/buddhirajgautam/Library/Developer/Xcode/DerivedData/ModuleCache.noindex/Session.modulevalidation -Xcc -fmodules-prune-interval\=86400 -Xcc -fmodules-prune-after\=345600 -emit-const-values -const-gather-protocols-list /Users/buddhirajgautam/Library/Developer/Xcode/DerivedData/Telegram-Mac-fygdgghdgmuleoelvxabfmqiotta/Build/Intermediates.noindex/Reachability.build/Debug/Reachability-t.build/Objects-normal/arm64/Reachability_const_extract_protocols.json -Xcc -I/Users/buddhirajgautam/Documents/Cherrygram-Mac/macOS-Swift/submodules/telegram-ios/submodules/Reachability/LegacyReachability/PublicHeaders -Xcc -I/Users/buddhirajgautam/Library/Developer/Xcode/DerivedData/Telegram-Mac-fygdgghdgmuleoelvxabfmqiotta/Build/Products/Debug/include -Xcc -I/Users/buddhirajgautam/Library/Developer/Xcode/DerivedData/Telegram-Mac-fygdgghdgmuleoelvxabfmqiotta/Build/Intermediates.noindex/Reachability.build/Debug/Reachability-t.build/DerivedSources-normal/arm64 -Xcc -I/Users/buddhirajgautam/Library/Developer/Xcode/DerivedData/Telegram-Mac-fygdgghdgmuleoelvxabfmqiotta/Build/Intermediates.noindex/Reachability.build/Debug/Reachability-t.build/DerivedSources/arm64 -Xcc -I/Users/buddhirajgautam/Library/Developer/Xcode/DerivedData/Telegram-Mac-fygdgghdgmuleoelvxabfmqiotta/Build/Intermediates.noindex/Reachability.build/Debug/Reachability-t.build/DerivedSources -Xcc -DSWIFT_PACKAGE -Xcc -DDEBUG\=1 -emit-objc-header -emit-objc-header-path /Users/buddhirajgautam/Library/Developer/Xcode/DerivedData/Telegram-Mac-fygdgghdgmuleoelvxabfmqiotta/Build/Intermediates.noindex/Reachability.build/Debug/Reachability-t.build/Objects-normal/arm64/Reachability-Swift.h -working-directory /Users/buddhirajgautam/Documents/Cherrygram-Mac/macOS-Swift -experimental-emit-module-separately -disable-cmo

SwiftMergeGeneratedHeaders /Users/buddhirajgautam/Library/Developer/Xcode/DerivedData/Telegram-Mac-fygdgghdgmuleoelvxabfmqiotta/Build/Intermediates.noindex/GeneratedModuleMaps/ManagedFile-Swift.h /Users/buddhirajgautam/Library/Developer/Xcode/DerivedData/Telegram-Mac-fygdgghdgmuleoelvxabfmqiotta/Build/Intermediates.noindex/ManagedFile.build/Debug/ManagedFile-t.build/Objects-normal/arm64/ManagedFile-Swift.h (in target 'ManagedFile' from project 'ManagedFile')
    cd /Users/buddhirajgautam/Documents/Cherrygram-Mac/macOS-Swift/submodules/telegram-ios/submodules/ManagedFile
    builtin-swiftHeaderTool -arch arm64 /Users/buddhirajgautam/Library/Developer/Xcode/DerivedData/Telegram-Mac-fygdgghdgmuleoelvxabfmqiotta/Build/Intermediates.noindex/ManagedFile.build/Debug/ManagedFile-t.build/Objects-normal/arm64/ManagedFile-Swift.h -o /Users/buddhirajgautam/Library/Developer/Xcode/DerivedData/Telegram-Mac-fygdgghdgmuleoelvxabfmqiotta/Build/Intermediates.noindex/GeneratedModuleMaps/ManagedFile-Swift.h

Copy /Users/buddhirajgautam/Library/Developer/Xcode/DerivedData/Telegram-Mac-fygdgghdgmuleoelvxabfmqiotta/Build/Products/Debug/ManagedFile.swiftmodule/arm64-apple-macos.swiftmodule /Users/buddhirajgautam/Library/Developer/Xcode/DerivedData/Telegram-Mac-fygdgghdgmuleoelvxabfmqiotta/Build/Intermediates.noindex/ManagedFile.build/Debug/ManagedFile-t.build/Objects-normal/arm64/ManagedFile.swiftmodule (in target 'ManagedFile' from project 'ManagedFile')
    cd /Users/buddhirajgautam/Documents/Cherrygram-Mac/macOS-Swift/submodules/telegram-ios/submodules/ManagedFile
    builtin-copy -exclude .DS_Store -exclude CVS -exclude .svn -exclude .git -exclude .hg -resolve-src-symlinks -rename /Users/buddhirajgautam/Library/Developer/Xcode/DerivedData/Telegram-Mac-fygdgghdgmuleoelvxabfmqiotta/Build/Intermediates.noindex/ManagedFile.build/Debug/ManagedFile-t.build/Objects-normal/arm64/ManagedFile.swiftmodule /Users/buddhirajgautam/Library/Developer/Xcode/DerivedData/Telegram-Mac-fygdgghdgmuleoelvxabfmqiotta/Build/Products/Debug/ManagedFile.swiftmodule/arm64-apple-macos.swiftmodule

SwiftMergeGeneratedHeaders /Users/buddhirajgautam/Library/Developer/Xcode/DerivedData/Telegram-Mac-fygdgghdgmuleoelvxabfmqiotta/Build/Intermediates.noindex/GeneratedModuleMaps/Reachability-Swift.h /Users/buddhirajgautam/Library/Developer/Xcode/DerivedData/Telegram-Mac-fygdgghdgmuleoelvxabfmqiotta/Build/Intermediates.noindex/Reachability.build/Debug/Reachability-t.build/Objects-normal/arm64/Reachability-Swift.h (in target 'Reachability' from project 'Reachability')
    cd /Users/buddhirajgautam/Documents/Cherrygram-Mac/macOS-Swift/submodules/telegram-ios/submodules/Reachability
    builtin-swiftHeaderTool -arch arm64 /Users/buddhirajgautam/Library/Developer/Xcode/DerivedData/Telegram-Mac-fygdgghdgmuleoelvxabfmqiotta/Build/Intermediates.noindex/Reachability.build/Debug/Reachability-t.build/Objects-normal/arm64/Reachability-Swift.h -o /Users/buddhirajgautam/Library/Developer/Xcode/DerivedData/Telegram-Mac-fygdgghdgmuleoelvxabfmqiotta/Build/Intermediates.noindex/GeneratedModuleMaps/Reachability-Swift.h

Copy /Users/buddhirajgautam/Library/Developer/Xcode/DerivedData/Telegram-Mac-fygdgghdgmuleoelvxabfmqiotta/Build/Products/Debug/Reachability.swiftmodule/arm64-apple-macos.swiftmodule /Users/buddhirajgautam/Library/Developer/Xcode/DerivedData/Telegram-Mac-fygdgghdgmuleoelvxabfmqiotta/Build/Intermediates.noindex/Reachability.build/Debug/Reachability-t.build/Objects-normal/arm64/Reachability.swiftmodule (in target 'Reachability' from project 'Reachability')
    cd /Users/buddhirajgautam/Documents/Cherrygram-Mac/macOS-Swift/submodules/telegram-ios/submodules/Reachability
    builtin-copy -exclude .DS_Store -exclude CVS -exclude .svn -exclude .git -exclude .hg -resolve-src-symlinks -rename /Users/buddhirajgautam/Library/Developer/Xcode/DerivedData/Telegram-Mac-fygdgghdgmuleoelvxabfmqiotta/Build/Intermediates.noindex/Reachability.build/Debug/Reachability-t.build/Objects-normal/arm64/Reachability.swiftmodule /Users/buddhirajgautam/Library/Developer/Xcode/DerivedData/Telegram-Mac-fygdgghdgmuleoelvxabfmqiotta/Build/Products/Debug/Reachability.swiftmodule/arm64-apple-macos.swiftmodule

Copy /Users/buddhirajgautam/Library/Developer/Xcode/DerivedData/Telegram-Mac-fygdgghdgmuleoelvxabfmqiotta/Build/Products/Debug/Reachability.swiftmodule/arm64-apple-macos.swiftdoc /Users/buddhirajgautam/Library/Developer/Xcode/DerivedData/Telegram-Mac-fygdgghdgmuleoelvxabfmqiotta/Build/Intermediates.noindex/Reachability.build/Debug/Reachability-t.build/Objects-normal/arm64/Reachability.swiftdoc (in target 'Reachability' from project 'Reachability')
    cd /Users/buddhirajgautam/Documents/Cherrygram-Mac/macOS-Swift/submodules/telegram-ios/submodules/Reachability
    builtin-copy -exclude .DS_Store -exclude CVS -exclude .svn -exclude .git -exclude .hg -resolve-src-symlinks -rename /Users/buddhirajgautam/Library/Developer/Xcode/DerivedData/Telegram-Mac-fygdgghdgmuleoelvxabfmqiotta/Build/Intermediates.noindex/Reachability.build/Debug/Reachability-t.build/Objects-normal/arm64/Reachability.swiftdoc /Users/buddhirajgautam/Library/Developer/Xcode/DerivedData/Telegram-Mac-fygdgghdgmuleoelvxabfmqiotta/Build/Products/Debug/Reachability.swiftmodule/arm64-apple-macos.swiftdoc

Copy /Users/buddhirajgautam/Library/Developer/Xcode/DerivedData/Telegram-Mac-fygdgghdgmuleoelvxabfmqiotta/Build/Products/Debug/Reachability.swiftmodule/arm64-apple-macos.abi.json /Users/buddhirajgautam/Library/Developer/Xcode/DerivedData/Telegram-Mac-fygdgghdgmuleoelvxabfmqiotta/Build/Intermediates.noindex/Reachability.build/Debug/Reachability-t.build/Objects-normal/arm64/Reachability.abi.json (in target 'Reachability' from project 'Reachability')
    cd /Users/buddhirajgautam/Documents/Cherrygram-Mac/macOS-Swift/submodules/telegram-ios/submodules/Reachability
    builtin-copy -exclude .DS_Store -exclude CVS -exclude .svn -exclude .git -exclude .hg -resolve-src-symlinks -rename /Users/buddhirajgautam/Library/Developer/Xcode/DerivedData/Telegram-Mac-fygdgghdgmuleoelvxabfmqiotta/Build/Intermediates.noindex/Reachability.build/Debug/Reachability-t.build/Objects-normal/arm64/Reachability.abi.json /Users/buddhirajgautam/Library/Developer/Xcode/DerivedData/Telegram-Mac-fygdgghdgmuleoelvxabfmqiotta/Build/Products/Debug/Reachability.swiftmodule/arm64-apple-macos.abi.json

Copy /Users/buddhirajgautam/Library/Developer/Xcode/DerivedData/Telegram-Mac-fygdgghdgmuleoelvxabfmqiotta/Build/Products/Debug/Reachability.swiftmodule/Project/arm64-apple-macos.swiftsourceinfo /Users/buddhirajgautam/Library/Developer/Xcode/DerivedData/Telegram-Mac-fygdgghdgmuleoelvxabfmqiotta/Build/Intermediates.noindex/Reachability.build/Debug/Reachability-t.build/Objects-normal/arm64/Reachability.swiftsourceinfo (in target 'Reachability' from project 'Reachability')
    cd /Users/buddhirajgautam/Documents/Cherrygram-Mac/macOS-Swift/submodules/telegram-ios/submodules/Reachability
    builtin-copy -exclude .DS_Store -exclude CVS -exclude .svn -exclude .git -exclude .hg -resolve-src-symlinks -rename /Users/buddhirajgautam/Library/Developer/Xcode/DerivedData/Telegram-Mac-fygdgghdgmuleoelvxabfmqiotta/Build/Intermediates.noindex/Reachability.build/Debug/Reachability-t.build/Objects-normal/arm64/Reachability.swiftsourceinfo /Users/buddhirajgautam/Library/Developer/Xcode/DerivedData/Telegram-Mac-fygdgghdgmuleoelvxabfmqiotta/Build/Products/Debug/Reachability.swiftmodule/Project/arm64-apple-macos.swiftsourceinfo

Copy /Users/buddhirajgautam/Library/Developer/Xcode/DerivedData/Telegram-Mac-fygdgghdgmuleoelvxabfmqiotta/Build/Products/Debug/ManagedFile.swiftmodule/arm64-apple-macos.swiftdoc /Users/buddhirajgautam/Library/Developer/Xcode/DerivedData/Telegram-Mac-fygdgghdgmuleoelvxabfmqiotta/Build/Intermediates.noindex/ManagedFile.build/Debug/ManagedFile-t.build/Objects-normal/arm64/ManagedFile.swiftdoc (in target 'ManagedFile' from project 'ManagedFile')
    cd /Users/buddhirajgautam/Documents/Cherrygram-Mac/macOS-Swift/submodules/telegram-ios/submodules/ManagedFile
    builtin-copy -exclude .DS_Store -exclude CVS -exclude .svn -exclude .git -exclude .hg -resolve-src-symlinks -rename /Users/buddhirajgautam/Library/Developer/Xcode/DerivedData/Telegram-Mac-fygdgghdgmuleoelvxabfmqiotta/Build/Intermediates.noindex/ManagedFile.build/Debug/ManagedFile-t.build/Objects-normal/arm64/ManagedFile.swiftdoc /Users/buddhirajgautam/Library/Developer/Xcode/DerivedData/Telegram-Mac-fygdgghdgmuleoelvxabfmqiotta/Build/Products/Debug/ManagedFile.swiftmodule/arm64-apple-macos.swiftdoc

Copy /Users/buddhirajgautam/Library/Developer/Xcode/DerivedData/Telegram-Mac-fygdgghdgmuleoelvxabfmqiotta/Build/Products/Debug/ManagedFile.swiftmodule/arm64-apple-macos.abi.json /Users/buddhirajgautam/Library/Developer/Xcode/DerivedData/Telegram-Mac-fygdgghdgmuleoelvxabfmqiotta/Build/Intermediates.noindex/ManagedFile.build/Debug/ManagedFile-t.build/Objects-normal/arm64/ManagedFile.abi.json (in target 'ManagedFile' from project 'ManagedFile')
    cd /Users/buddhirajgautam/Documents/Cherrygram-Mac/macOS-Swift/submodules/telegram-ios/submodules/ManagedFile
    builtin-copy -exclude .DS_Store -exclude CVS -exclude .svn -exclude .git -exclude .hg -resolve-src-symlinks -rename /Users/buddhirajgautam/Library/Developer/Xcode/DerivedData/Telegram-Mac-fygdgghdgmuleoelvxabfmqiotta/Build/Intermediates.noindex/ManagedFile.build/Debug/ManagedFile-t.build/Objects-normal/arm64/ManagedFile.abi.json /Users/buddhirajgautam/Library/Developer/Xcode/DerivedData/Telegram-Mac-fygdgghdgmuleoelvxabfmqiotta/Build/Products/Debug/ManagedFile.swiftmodule/arm64-apple-macos.abi.json

Copy /Users/buddhirajgautam/Library/Developer/Xcode/DerivedData/Telegram-Mac-fygdgghdgmuleoelvxabfmqiotta/Build/Products/Debug/ManagedFile.swiftmodule/Project/arm64-apple-macos.swiftsourceinfo /Users/buddhirajgautam/Library/Developer/Xcode/DerivedData/Telegram-Mac-fygdgghdgmuleoelvxabfmqiotta/Build/Intermediates.noindex/ManagedFile.build/Debug/ManagedFile-t.build/Objects-normal/arm64/ManagedFile.swiftsourceinfo (in target 'ManagedFile' from project 'ManagedFile')
    cd /Users/buddhirajgautam/Documents/Cherrygram-Mac/macOS-Swift/submodules/telegram-ios/submodules/ManagedFile
    builtin-copy -exclude .DS_Store -exclude CVS -exclude .svn -exclude .git -exclude .hg -resolve-src-symlinks -rename /Users/buddhirajgautam/Library/Developer/Xcode/DerivedData/Telegram-Mac-fygdgghdgmuleoelvxabfmqiotta/Build/Intermediates.noindex/ManagedFile.build/Debug/ManagedFile-t.build/Objects-normal/arm64/ManagedFile.swiftsourceinfo /Users/buddhirajgautam/Library/Developer/Xcode/DerivedData/Telegram-Mac-fygdgghdgmuleoelvxabfmqiotta/Build/Products/Debug/ManagedFile.swiftmodule/Project/arm64-apple-macos.swiftsourceinfo

RegisterExecutionPolicyException /Users/buddhirajgautam/Library/Developer/Xcode/DerivedData/Telegram-Mac-fygdgghdgmuleoelvxabfmqiotta/Build/Products/Debug/fileop (in target 'fileop' from project 'Sparkle')
    cd /Users/buddhirajgautam/Documents/Cherrygram-Mac/macOS-Swift/submodules/Sparkle
    builtin-RegisterExecutionPolicyException /Users/buddhirajgautam/Library/Developer/Xcode/DerivedData/Telegram-Mac-fygdgghdgmuleoelvxabfmqiotta/Build/Products/Debug/fileop

SwiftCompile normal arm64 Compiling\ Translate.swift /Users/buddhirajgautam/Documents/Cherrygram-Mac/macOS-Swift/packages/Translate/Sources/Translate/Translate.swift (in target 'Translate' from project 'Translate')

SwiftCompile normal arm64 /Users/buddhirajgautam/Documents/Cherrygram-Mac/macOS-Swift/packages/Translate/Sources/Translate/Translate.swift (in target 'Translate' from project 'Translate')
    cd /Users/buddhirajgautam/Documents/Cherrygram-Mac/macOS-Swift
    builtin-SwiftPerFileCompile Translate.swift

Ld /Users/buddhirajgautam/Library/Developer/Xcode/DerivedData/Telegram-Mac-fygdgghdgmuleoelvxabfmqiotta/Build/Products/Debug/Zip.o normal (in target 'Zip' from project 'Zip')
    cd /Users/buddhirajgautam/Documents/Cherrygram-Mac/macOS-Swift/submodules/Zip
    /Applications/Xcode.app/Contents/Developer/Toolchains/XcodeDefault.xctoolchain/usr/bin/clang -Xlinker -reproducible -target arm64-apple-macos12.0 -r -isysroot /Applications/Xcode.app/Contents/Developer/Platforms/MacOSX.platform/Developer/SDKs/MacOSX27.0.sdk -O0 -Xlinker -no_warn_duplicate_libraries -F/Users/buddhirajgautam/Library/Developer/Xcode/DerivedData/Telegram-Mac-fygdgghdgmuleoelvxabfmqiotta/Build/Intermediates.noindex/EagerLinkingTBDs/Debug -F/Users/buddhirajgautam/Library/Developer/Xcode/DerivedData/Telegram-Mac-fygdgghdgmuleoelvxabfmqiotta/Build/Products/Debug/PackageFrameworks -F/Users/buddhirajgautam/Library/Developer/Xcode/DerivedData/Telegram-Mac-fygdgghdgmuleoelvxabfmqiotta/Build/Products/Debug -iframework /Applications/Xcode.app/Contents/Developer/Platforms/MacOSX.platform/Developer/Library/Frameworks -filelist /Users/buddhirajgautam/Library/Developer/Xcode/DerivedData/Telegram-Mac-fygdgghdgmuleoelvxabfmqiotta/Build/Intermediates.noindex/Zip.build/Debug/Zip-t.build/Objects-normal/arm64/Zip.LinkFileList -nostdlib -Xlinker -object_path_lto -Xlinker /Users/buddhirajgautam/Library/Developer/Xcode/DerivedData/Telegram-Mac-fygdgghdgmuleoelvxabfmqiotta/Build/Intermediates.noindex/Zip.build/Debug/Zip-t.build/Objects-normal/arm64/Zip_lto.o -Xlinker -no_deduplicate -Xlinker -debug_variant -Xlinker -dependency_info -Xlinker /Users/buddhirajgautam/Library/Developer/Xcode/DerivedData/Telegram-Mac-fygdgghdgmuleoelvxabfmqiotta/Build/Intermediates.noindex/Zip.build/Debug/Zip-t.build/Objects-normal/arm64/Zip_dependency_info.dat -fobjc-link-runtime -L/Applications/Xcode.app/Contents/Developer/Toolchains/XcodeDefault.xctoolchain/usr/lib/swift/macosx -L/usr/lib/swift -Xlinker -add_ast_path -Xlinker /Users/buddhirajgautam/Library/Developer/Xcode/DerivedData/Telegram-Mac-fygdgghdgmuleoelvxabfmqiotta/Build/Intermediates.noindex/Zip.build/Debug/Zip-t.build/Objects-normal/arm64/Zip.swiftmodule -o /Users/buddhirajgautam/Library/Developer/Xcode/DerivedData/Telegram-Mac-fygdgghdgmuleoelvxabfmqiotta/Build/Products/Debug/Zip.o

SwiftDriverJobDiscovery normal arm64 Emitting module for Translate (in target 'Translate' from project 'Translate')

SwiftDriver\ Compilation\ Requirements Translate normal arm64 com.apple.xcode.tools.swift.compiler (in target 'Translate' from project 'Translate')
    cd /Users/buddhirajgautam/Documents/Cherrygram-Mac/macOS-Swift
    builtin-Swift-Compilation-Requirements -- /Applications/Xcode.app/Contents/Developer/Toolchains/XcodeDefault.xctoolchain/usr/bin/swiftc -parse-as-library -module-name Translate -Onone @/Users/buddhirajgautam/Library/Developer/Xcode/DerivedData/Telegram-Mac-fygdgghdgmuleoelvxabfmqiotta/Build/Intermediates.noindex/Translate.build/Debug/Translate-t.build/Objects-normal/arm64/Translate.SwiftFileList -DSWIFT_PACKAGE -DDEBUG -DSWIFT_MODULE_RESOURCE_BUNDLE_UNAVAILABLE -DXcode -plugin-path /Applications/Xcode.app/Contents/Developer/Toolchains/XcodeDefault.xctoolchain/usr/lib/swift/host/plugins/testing -enable-experimental-feature DebugDescriptionMacro -sdk /Applications/Xcode.app/Contents/Developer/Platforms/MacOSX.platform/Developer/SDKs/MacOSX27.0.sdk -target arm64-apple-macos12.0 -g -module-cache-path /Users/buddhirajgautam/Library/Developer/Xcode/DerivedData/ModuleCache.noindex -Xfrontend -serialize-debugging-options -profile-coverage-mapping -profile-generate -enable-testing -index-store-path /Users/buddhirajgautam/Library/Developer/Xcode/DerivedData/Telegram-Mac-fygdgghdgmuleoelvxabfmqiotta/Index.noindex/DataStore -Xcc -D_LIBCPP_HARDENING_MODE\=_LIBCPP_HARDENING_MODE_DEBUG -swift-version 5 -I /Users/buddhirajgautam/Library/Developer/Xcode/DerivedData/Telegram-Mac-fygdgghdgmuleoelvxabfmqiotta/Build/Products/Debug -Isystem /Applications/Xcode.app/Contents/Developer/Platforms/MacOSX.platform/Developer/usr/lib -F /Users/buddhirajgautam/Library/Developer/Xcode/DerivedData/Telegram-Mac-fygdgghdgmuleoelvxabfmqiotta/Build/Products/Debug/PackageFrameworks -F /Users/buddhirajgautam/Library/Developer/Xcode/DerivedData/Telegram-Mac-fygdgghdgmuleoelvxabfmqiotta/Build/Products/Debug -F /Applications/Xcode.app/Contents/Developer/Platforms/MacOSX.platform/Developer/Library/Frameworks -c -j8 -enable-batch-mode -incremental -Xcc -ivfsstatcache -Xcc /Users/buddhirajgautam/Library/Developer/Xcode/DerivedData/SDKStatCaches.noindex/macosx27.0-26A425-e829b21a6f8c9b70876ba0858053c0447231f6df4def33e022ae2eb8f782df1a.sdkstatcache -output-file-map /Users/buddhirajgautam/Library/Developer/Xcode/DerivedData/Telegram-Mac-fygdgghdgmuleoelvxabfmqiotta/Build/Intermediates.noindex/Translate.build/Debug/Translate-t.build/Objects-normal/arm64/Translate-OutputFileMap.json -save-temps -no-color-diagnostics -explicit-module-build -module-cache-path /Users/buddhirajgautam/Library/Developer/Xcode/DerivedData/Telegram-Mac-fygdgghdgmuleoelvxabfmqiotta/Build/Intermediates.noindex/SwiftExplicitPrecompiledModules -clang-scanner-module-cache-path /Users/buddhirajgautam/Library/Developer/Xcode/DerivedData/ModuleCache.noindex -sdk-module-cache-path /Users/buddhirajgautam/Library/Developer/Xcode/DerivedData/SDKExplicitPrecompiledModules -emit-dependencies -emit-module -emit-module-path /Users/buddhirajgautam/Library/Developer/Xcode/DerivedData/Telegram-Mac-fygdgghdgmuleoelvxabfmqiotta/Build/Intermediates.noindex/Translate.build/Debug/Translate-t.build/Objects-normal/arm64/Translate.swiftmodule -serialize-diagnostics -dependency-scan-serialize-diagnostics-path /Users/buddhirajgautam/Library/Developer/Xcode/DerivedData/Telegram-Mac-fygdgghdgmuleoelvxabfmqiotta/Build/Intermediates.noindex/Translate.build/Debug/Translate-t.build/Objects-normal/arm64/Translate-dependency-scan.dia -validate-clang-modules-once -clang-build-session-file /Users/buddhirajgautam/Library/Developer/Xcode/DerivedData/ModuleCache.noindex/Session.modulevalidation -Xcc -fmodules-prune-interval\=86400 -Xcc -fmodules-prune-after\=345600 -emit-const-values -const-gather-protocols-list /Users/buddhirajgautam/Library/Developer/Xcode/DerivedData/Telegram-Mac-fygdgghdgmuleoelvxabfmqiotta/Build/Intermediates.noindex/Translate.build/Debug/Translate-t.build/Objects-normal/arm64/Translate_const_extract_protocols.json -Xcc -I/Users/buddhirajgautam/Library/Developer/Xcode/DerivedData/Telegram-Mac-fygdgghdgmuleoelvxabfmqiotta/Build/Products/Debug/include -Xcc -I/Users/buddhirajgautam/Library/Developer/Xcode/DerivedData/Telegram-Mac-fygdgghdgmuleoelvxabfmqiotta/Build/Intermediates.noindex/Translate.build/Debug/Translate-t.build/DerivedSources-normal/arm64 -Xcc -I/Users/buddhirajgautam/Library/Developer/Xcode/DerivedData/Telegram-Mac-fygdgghdgmuleoelvxabfmqiotta/Build/Intermediates.noindex/Translate.build/Debug/Translate-t.build/DerivedSources/arm64 -Xcc -I/Users/buddhirajgautam/Library/Developer/Xcode/DerivedData/Telegram-Mac-fygdgghdgmuleoelvxabfmqiotta/Build/Intermediates.noindex/Translate.build/Debug/Translate-t.build/DerivedSources -Xcc -DSWIFT_PACKAGE -Xcc -DDEBUG\=1 -emit-objc-header -emit-objc-header-path /Users/buddhirajgautam/Library/Developer/Xcode/DerivedData/Telegram-Mac-fygdgghdgmuleoelvxabfmqiotta/Build/Intermediates.noindex/Translate.build/Debug/Translate-t.build/Objects-normal/arm64/Translate-Swift.h -working-directory /Users/buddhirajgautam/Documents/Cherrygram-Mac/macOS-Swift -experimental-emit-module-separately -disable-cmo

SwiftMergeGeneratedHeaders /Users/buddhirajgautam/Library/Developer/Xcode/DerivedData/Telegram-Mac-fygdgghdgmuleoelvxabfmqiotta/Build/Intermediates.noindex/GeneratedModuleMaps/Translate-Swift.h /Users/buddhirajgautam/Library/Developer/Xcode/DerivedData/Telegram-Mac-fygdgghdgmuleoelvxabfmqiotta/Build/Intermediates.noindex/Translate.build/Debug/Translate-t.build/Objects-normal/arm64/Translate-Swift.h (in target 'Translate' from project 'Translate')
    cd /Users/buddhirajgautam/Documents/Cherrygram-Mac/macOS-Swift/packages/Translate
    builtin-swiftHeaderTool -arch arm64 /Users/buddhirajgautam/Library/Developer/Xcode/DerivedData/Telegram-Mac-fygdgghdgmuleoelvxabfmqiotta/Build/Intermediates.noindex/Translate.build/Debug/Translate-t.build/Objects-normal/arm64/Translate-Swift.h -o /Users/buddhirajgautam/Library/Developer/Xcode/DerivedData/Telegram-Mac-fygdgghdgmuleoelvxabfmqiotta/Build/Intermediates.noindex/GeneratedModuleMaps/Translate-Swift.h

Copy /Users/buddhirajgautam/Library/Developer/Xcode/DerivedData/Telegram-Mac-fygdgghdgmuleoelvxabfmqiotta/Build/Products/Debug/Translate.swiftmodule/arm64-apple-macos.swiftmodule /Users/buddhirajgautam/Library/Developer/Xcode/DerivedData/Telegram-Mac-fygdgghdgmuleoelvxabfmqiotta/Build/Intermediates.noindex/Translate.build/Debug/Translate-t.build/Objects-normal/arm64/Translate.swiftmodule (in target 'Translate' from project 'Translate')
    cd /Users/buddhirajgautam/Documents/Cherrygram-Mac/macOS-Swift/packages/Translate
    builtin-copy -exclude .DS_Store -exclude CVS -exclude .svn -exclude .git -exclude .hg -resolve-src-symlinks -rename /Users/buddhirajgautam/Library/Developer/Xcode/DerivedData/Telegram-Mac-fygdgghdgmuleoelvxabfmqiotta/Build/Intermediates.noindex/Translate.build/Debug/Translate-t.build/Objects-normal/arm64/Translate.swiftmodule /Users/buddhirajgautam/Library/Developer/Xcode/DerivedData/Telegram-Mac-fygdgghdgmuleoelvxabfmqiotta/Build/Products/Debug/Translate.swiftmodule/arm64-apple-macos.swiftmodule

Copy /Users/buddhirajgautam/Library/Developer/Xcode/DerivedData/Telegram-Mac-fygdgghdgmuleoelvxabfmqiotta/Build/Products/Debug/Translate.swiftmodule/arm64-apple-macos.swiftdoc /Users/buddhirajgautam/Library/Developer/Xcode/DerivedData/Telegram-Mac-fygdgghdgmuleoelvxabfmqiotta/Build/Intermediates.noindex/Translate.build/Debug/Translate-t.build/Objects-normal/arm64/Translate.swiftdoc (in target 'Translate' from project 'Translate')
    cd /Users/buddhirajgautam/Documents/Cherrygram-Mac/macOS-Swift/packages/Translate
    builtin-copy -exclude .DS_Store -exclude CVS -exclude .svn -exclude .git -exclude .hg -resolve-src-symlinks -rename /Users/buddhirajgautam/Library/Developer/Xcode/DerivedData/Telegram-Mac-fygdgghdgmuleoelvxabfmqiotta/Build/Intermediates.noindex/Translate.build/Debug/Translate-t.build/Objects-normal/arm64/Translate.swiftdoc /Users/buddhirajgautam/Library/Developer/Xcode/DerivedData/Telegram-Mac-fygdgghdgmuleoelvxabfmqiotta/Build/Products/Debug/Translate.swiftmodule/arm64-apple-macos.swiftdoc

Copy /Users/buddhirajgautam/Library/Developer/Xcode/DerivedData/Telegram-Mac-fygdgghdgmuleoelvxabfmqiotta/Build/Products/Debug/Translate.swiftmodule/arm64-apple-macos.abi.json /Users/buddhirajgautam/Library/Developer/Xcode/DerivedData/Telegram-Mac-fygdgghdgmuleoelvxabfmqiotta/Build/Intermediates.noindex/Translate.build/Debug/Translate-t.build/Objects-normal/arm64/Translate.abi.json (in target 'Translate' from project 'Translate')
    cd /Users/buddhirajgautam/Documents/Cherrygram-Mac/macOS-Swift/packages/Translate
    builtin-copy -exclude .DS_Store -exclude CVS -exclude .svn -exclude .git -exclude .hg -resolve-src-symlinks -rename /Users/buddhirajgautam/Library/Developer/Xcode/DerivedData/Telegram-Mac-fygdgghdgmuleoelvxabfmqiotta/Build/Intermediates.noindex/Translate.build/Debug/Translate-t.build/Objects-normal/arm64/Translate.abi.json /Users/buddhirajgautam/Library/Developer/Xcode/DerivedData/Telegram-Mac-fygdgghdgmuleoelvxabfmqiotta/Build/Products/Debug/Translate.swiftmodule/arm64-apple-macos.abi.json

Copy /Users/buddhirajgautam/Library/Developer/Xcode/DerivedData/Telegram-Mac-fygdgghdgmuleoelvxabfmqiotta/Build/Products/Debug/Translate.swiftmodule/Project/arm64-apple-macos.swiftsourceinfo /Users/buddhirajgautam/Library/Developer/Xcode/DerivedData/Telegram-Mac-fygdgghdgmuleoelvxabfmqiotta/Build/Intermediates.noindex/Translate.build/Debug/Translate-t.build/Objects-normal/arm64/Translate.swiftsourceinfo (in target 'Translate' from project 'Translate')
    cd /Users/buddhirajgautam/Documents/Cherrygram-Mac/macOS-Swift/packages/Translate
    builtin-copy -exclude .DS_Store -exclude CVS -exclude .svn -exclude .git -exclude .hg -resolve-src-symlinks -rename /Users/buddhirajgautam/Library/Developer/Xcode/DerivedData/Telegram-Mac-fygdgghdgmuleoelvxabfmqiotta/Build/Intermediates.noindex/Translate.build/Debug/Translate-t.build/Objects-normal/arm64/Translate.swiftsourceinfo /Users/buddhirajgautam/Library/Developer/Xcode/DerivedData/Telegram-Mac-fygdgghdgmuleoelvxabfmqiotta/Build/Products/Debug/Translate.swiftmodule/Project/arm64-apple-macos.swiftsourceinfo

SwiftCompile normal arm64 Compiling\ TelegramIconsTheme.swift /Users/buddhirajgautam/Documents/Cherrygram-Mac/macOS-Swift/packages/TelegramIconsTheme/Sources/TelegramIconsTheme.swift (in target 'TelegramIconsTheme' from project 'TelegramIconsTheme')

SwiftCompile normal arm64 /Users/buddhirajgautam/Documents/Cherrygram-Mac/macOS-Swift/packages/TelegramIconsTheme/Sources/TelegramIconsTheme.swift (in target 'TelegramIconsTheme' from project 'TelegramIconsTheme')
    cd /Users/buddhirajgautam/Documents/Cherrygram-Mac/macOS-Swift
    builtin-SwiftPerFileCompile TelegramIconsTheme.swift

ExtractAppIntentsMetadata (in target 'SwiftSignalKit' from project 'SSignalKit')
    cd /Users/buddhirajgautam/Documents/Cherrygram-Mac/macOS-Swift/submodules/telegram-ios/submodules/SSignalKit
    /Applications/Xcode.app/Contents/Developer/Toolchains/XcodeDefault.xctoolchain/usr/bin/appintentsmetadataprocessor --toolchain-dir /var/run/com.apple.security.cryptexd/mnt/com.apple.MobileAsset.MetalToolchain-v27.1.266.1.Pr1pMU/Metal.xctoolchain --module-name SwiftSignalKit --sdk-root /Applications/Xcode.app/Contents/Developer/Platforms/MacOSX.platform/Developer/SDKs/MacOSX27.0.sdk --xcode-version 27A266a --platform-family macOS --deployment-target 12.0 --bundle-identifier ssignalkit.SwiftSignalKit --output /Users/buddhirajgautam/Library/Developer/Xcode/DerivedData/Telegram-Mac-fygdgghdgmuleoelvxabfmqiotta/Build/Products/Debug/SwiftSignalKit.appintents --target-triple arm64-apple-macos12.0 --binary-file /Users/buddhirajgautam/Library/Developer/Xcode/DerivedData/Telegram-Mac-fygdgghdgmuleoelvxabfmqiotta/Build/Products/Debug/SwiftSignalKit.o --dependency-file /Users/buddhirajgautam/Library/Developer/Xcode/DerivedData/Telegram-Mac-fygdgghdgmuleoelvxabfmqiotta/Build/Intermediates.noindex/SSignalKit.build/Debug/SwiftSignalKit-t.build/Objects-normal/arm64/SwiftSignalKit_dependency_info.dat --stringsdata-file /Users/buddhirajgautam/Library/Developer/Xcode/DerivedData/Telegram-Mac-fygdgghdgmuleoelvxabfmqiotta/Build/Intermediates.noindex/SSignalKit.build/Debug/SwiftSignalKit-t.build/Objects-normal/arm64/ExtractedAppShortcutsMetadata.stringsdata --source-file-list /Users/buddhirajgautam/Library/Developer/Xcode/DerivedData/Telegram-Mac-fygdgghdgmuleoelvxabfmqiotta/Build/Intermediates.noindex/SSignalKit.build/Debug/SwiftSignalKit-t.build/Objects-normal/arm64/SwiftSignalKit.SwiftFileList --metadata-file-list /Users/buddhirajgautam/Library/Developer/Xcode/DerivedData/Telegram-Mac-fygdgghdgmuleoelvxabfmqiotta/Build/Intermediates.noindex/SSignalKit.build/Debug/SwiftSignalKit-t.build/SwiftSignalKit.DependencyMetadataFileList --static-metadata-file-list /Users/buddhirajgautam/Library/Developer/Xcode/DerivedData/Telegram-Mac-fygdgghdgmuleoelvxabfmqiotta/Build/Intermediates.noindex/SSignalKit.build/Debug/SwiftSignalKit-t.build/SwiftSignalKit.DependencyStaticMetadataFileList --swift-const-vals-list /Users/buddhirajgautam/Library/Developer/Xcode/DerivedData/Telegram-Mac-fygdgghdgmuleoelvxabfmqiotta/Build/Intermediates.noindex/SSignalKit.build/Debug/SwiftSignalKit-t.build/Objects-normal/arm64/SwiftSignalKit.SwiftConstValuesFileList --force --compile-time-extraction --deployment-aware-processing --no-app-shortcuts-localization
2026-09-21 20:24:07.552 appintentsmetadataprocessor[56282:3885371] Starting appintentsmetadataprocessor export
2026-09-21 20:24:07.800 appintentsmetadataprocessor[56282:3885371] Extracted no relevant App Intents symbols, skipping writing output

ExtractAppIntentsMetadata (in target 'Strings' from project 'Strings')
    cd /Users/buddhirajgautam/Documents/Cherrygram-Mac/macOS-Swift/packages/Strings
    /Applications/Xcode.app/Contents/Developer/Toolchains/XcodeDefault.xctoolchain/usr/bin/appintentsmetadataprocessor --toolchain-dir /var/run/com.apple.security.cryptexd/mnt/com.apple.MobileAsset.MetalToolchain-v27.1.266.1.Pr1pMU/Metal.xctoolchain --module-name Strings --sdk-root /Applications/Xcode.app/Contents/Developer/Platforms/MacOSX.platform/Developer/SDKs/MacOSX27.0.sdk --xcode-version 27A266a --platform-family macOS --deployment-target 12.0 --bundle-identifier strings.Strings --output /Users/buddhirajgautam/Library/Developer/Xcode/DerivedData/Telegram-Mac-fygdgghdgmuleoelvxabfmqiotta/Build/Products/Debug/Strings.appintents --target-triple arm64-apple-macos12.0 --binary-file /Users/buddhirajgautam/Library/Developer/Xcode/DerivedData/Telegram-Mac-fygdgghdgmuleoelvxabfmqiotta/Build/Products/Debug/Strings.o --dependency-file /Users/buddhirajgautam/Library/Developer/Xcode/DerivedData/Telegram-Mac-fygdgghdgmuleoelvxabfmqiotta/Build/Intermediates.noindex/Strings.build/Debug/Strings-t.build/Objects-normal/arm64/Strings_dependency_info.dat --stringsdata-file /Users/buddhirajgautam/Library/Developer/Xcode/DerivedData/Telegram-Mac-fygdgghdgmuleoelvxabfmqiotta/Build/Intermediates.noindex/Strings.build/Debug/Strings-t.build/Objects-normal/arm64/ExtractedAppShortcutsMetadata.stringsdata --source-file-list /Users/buddhirajgautam/Library/Developer/Xcode/DerivedData/Telegram-Mac-fygdgghdgmuleoelvxabfmqiotta/Build/Intermediates.noindex/Strings.build/Debug/Strings-t.build/Objects-normal/arm64/Strings.SwiftFileList --metadata-file-list /Users/buddhirajgautam/Library/Developer/Xcode/DerivedData/Telegram-Mac-fygdgghdgmuleoelvxabfmqiotta/Build/Intermediates.noindex/Strings.build/Debug/Strings-t.build/Strings.DependencyMetadataFileList --static-metadata-file-list /Users/buddhirajgautam/Library/Developer/Xcode/DerivedData/Telegram-Mac-fygdgghdgmuleoelvxabfmqiotta/Build/Intermediates.noindex/Strings.build/Debug/Strings-t.build/Strings.DependencyStaticMetadataFileList --swift-const-vals-list /Users/buddhirajgautam/Library/Developer/Xcode/DerivedData/Telegram-Mac-fygdgghdgmuleoelvxabfmqiotta/Build/Intermediates.noindex/Strings.build/Debug/Strings-t.build/Objects-normal/arm64/Strings.SwiftConstValuesFileList --force --compile-time-extraction --deployment-aware-processing --no-app-shortcuts-localization
2026-09-21 20:24:07.609 appintentsmetadataprocessor[56288:3885404] Starting appintentsmetadataprocessor export
2026-09-21 20:24:07.822 appintentsmetadataprocessor[56288:3885404] Extracted no relevant App Intents symbols, skipping writing output

SwiftCompile normal arm64 Compiling\ Reachability.swift /Users/buddhirajgautam/Documents/Cherrygram-Mac/macOS-Swift/submodules/telegram-ios/submodules/Reachability/Sources/Reachability.swift (in target 'Reachability' from project 'Reachability')

SwiftCompile normal arm64 /Users/buddhirajgautam/Documents/Cherrygram-Mac/macOS-Swift/submodules/telegram-ios/submodules/Reachability/Sources/Reachability.swift (in target 'Reachability' from project 'Reachability')
    cd /Users/buddhirajgautam/Documents/Cherrygram-Mac/macOS-Swift
    builtin-SwiftPerFileCompile Reachability.swift

ExtractAppIntentsMetadata (in target 'RangeSet' from project 'RangeSet')
    cd /Users/buddhirajgautam/Documents/Cherrygram-Mac/macOS-Swift/submodules/telegram-ios/submodules/Utils/RangeSet
    /Applications/Xcode.app/Contents/Developer/Toolchains/XcodeDefault.xctoolchain/usr/bin/appintentsmetadataprocessor --toolchain-dir /var/run/com.apple.security.cryptexd/mnt/com.apple.MobileAsset.MetalToolchain-v27.1.266.1.Pr1pMU/Metal.xctoolchain --module-name RangeSet --sdk-root /Applications/Xcode.app/Contents/Developer/Platforms/MacOSX.platform/Developer/SDKs/MacOSX27.0.sdk --xcode-version 27A266a --platform-family macOS --deployment-target 12.0 --bundle-identifier rangeset.RangeSet --output /Users/buddhirajgautam/Library/Developer/Xcode/DerivedData/Telegram-Mac-fygdgghdgmuleoelvxabfmqiotta/Build/Products/Debug/RangeSet.appintents --target-triple arm64-apple-macos12.0 --binary-file /Users/buddhirajgautam/Library/Developer/Xcode/DerivedData/Telegram-Mac-fygdgghdgmuleoelvxabfmqiotta/Build/Products/Debug/RangeSet.o --dependency-file /Users/buddhirajgautam/Library/Developer/Xcode/DerivedData/Telegram-Mac-fygdgghdgmuleoelvxabfmqiotta/Build/Intermediates.noindex/RangeSet.build/Debug/RangeSet-t.build/Objects-normal/arm64/RangeSet_dependency_info.dat --stringsdata-file /Users/buddhirajgautam/Library/Developer/Xcode/DerivedData/Telegram-Mac-fygdgghdgmuleoelvxabfmqiotta/Build/Intermediates.noindex/RangeSet.build/Debug/RangeSet-t.build/Objects-normal/arm64/ExtractedAppShortcutsMetadata.stringsdata --source-file-list /Users/buddhirajgautam/Library/Developer/Xcode/DerivedData/Telegram-Mac-fygdgghdgmuleoelvxabfmqiotta/Build/Intermediates.noindex/RangeSet.build/Debug/RangeSet-t.build/Objects-normal/arm64/RangeSet.SwiftFileList --metadata-file-list /Users/buddhirajgautam/Library/Developer/Xcode/DerivedData/Telegram-Mac-fygdgghdgmuleoelvxabfmqiotta/Build/Intermediates.noindex/RangeSet.build/Debug/RangeSet-t.build/RangeSet.DependencyMetadataFileList --static-metadata-file-list /Users/buddhirajgautam/Library/Developer/Xcode/DerivedData/Telegram-Mac-fygdgghdgmuleoelvxabfmqiotta/Build/Intermediates.noindex/RangeSet.build/Debug/RangeSet-t.build/RangeSet.DependencyStaticMetadataFileList --swift-const-vals-list /Users/buddhirajgautam/Library/Developer/Xcode/DerivedData/Telegram-Mac-fygdgghdgmuleoelvxabfmqiotta/Build/Intermediates.noindex/RangeSet.build/Debug/RangeSet-t.build/Objects-normal/arm64/RangeSet.SwiftConstValuesFileList --force --compile-time-extraction --deployment-aware-processing --no-app-shortcuts-localization
2026-09-21 20:24:07.893 appintentsmetadataprocessor[56290:3885444] Starting appintentsmetadataprocessor export
2026-09-21 20:24:08.060 appintentsmetadataprocessor[56290:3885444] Extracted no relevant App Intents symbols, skipping writing output

SwiftEmitModule normal arm64 Emitting\ module\ for\ FlatSerialization (in target 'FlatSerialization' from project 'FlatSerialization')

SwiftCompile normal arm64 (in target 'FlatSerialization' from project 'FlatSerialization')
    cd /Users/buddhirajgautam/Documents/Cherrygram-Mac/macOS-Swift
    

CompileC /Users/buddhirajgautam/Library/Developer/Xcode/DerivedData/Telegram-Mac-fygdgghdgmuleoelvxabfmqiotta/Build/Intermediates.noindex/Promises.build/Debug/FBLPromises-t.build/Objects-normal/arm64/resource_bundle_accessor.o /Users/buddhirajgautam/Library/Developer/Xcode/DerivedData/Telegram-Mac-fygdgghdgmuleoelvxabfmqiotta/Build/Intermediates.noindex/Promises.build/Debug/FBLPromises-t.build/DerivedSources/resource_bundle_accessor.m normal arm64 objective-c com.apple.compilers.llvm.clang.1_0.compiler (in target 'FBLPromises' from project 'Promises')
    cd /Users/buddhirajgautam/Documents/Cherrygram-Mac/macOS-Swift
    
    Using response file: /Users/buddhirajgautam/Library/Developer/Xcode/DerivedData/Telegram-Mac-fygdgghdgmuleoelvxabfmqiotta/Build/Intermediates.noindex/Promises.build/Debug/FBLPromises-t.build/Objects-normal/arm64/e6072d4f65d7061329687fe24e3d63a7-common-args.resp
    
    /Applications/Xcode.app/Contents/Developer/Toolchains/XcodeDefault.xctoolchain/usr/bin/clang -x objective-c -ivfsstatcache /Users/buddhirajgautam/Library/Developer/Xcode/DerivedData/SDKStatCaches.noindex/macosx27.0-26A425-e829b21a6f8c9b70876ba0858053c0447231f6df4def33e022ae2eb8f782df1a.sdkstatcache -target arm64-apple-macos12.0 -fmessage-length\=0 -fdiagnostics-show-note-include-stack -fmacro-backtrace-limit\=0 -fno-color-diagnostics -fmodules-prune-interval\=86400 -fmodules-prune-after\=345600 -fbuild-session-file\=/Users/buddhirajgautam/Library/Developer/Xcode/DerivedData/ModuleCache.noindex/Session.modulevalidation -fmodules-validate-once-per-build-session -Wnon-modular-include-in-framework-module -Werror\=non-modular-include-in-framework-module -Wno-trigraphs -Wno-missing-field-initializers -Wno-missing-prototypes -Wno-return-type -Wno-implicit-atomic-properties -Wno-objc-interface-ivars -Wno-arc-repeated-use-of-weak -Wno-missing-braces -Wparentheses -Wswitch -Wno-unused-function -Wno-unused-label -Wno-unused-parameter -Wno-unused-variable -Wunused-value -Wno-empty-body -Wno-uninitialized -Wno-unknown-pragmas -w -Wno-shadow -Wno-four-char-constants -Wno-conversion -Wno-constant-conversion -Wno-int-conversion -Wno-bool-conversion -Wno-enum-conversion -Wno-float-conversion -Wno-non-literal-null-conversion -Wno-objc-literal-conversion -Wshorten-64-to-32 -Wpointer-sign -Wno-newline-eof -Wno-selector -Wno-strict-selector-match -Wno-undeclared-selector -Wno-deprecated-implementations -Wno-implicit-fallthrough -isysroot /Applications/Xcode.app/Contents/Developer/Platforms/MacOSX.platform/Developer/SDKs/MacOSX27.0.sdk -fstrict-aliasing -Wprotocol -Wdeprecated-declarations -Wno-sign-conversion -Wno-infinite-recursion -Wno-comma -Wno-block-capture-autoreleasing -Wno-strict-prototypes -Wno-semicolon-before-method-body -index-store-path /Users/buddhirajgautam/Library/Developer/Xcode/DerivedData/Telegram-Mac-fygdgghdgmuleoelvxabfmqiotta/Index.noindex/DataStore @/Users/buddhirajgautam/Library/Developer/Xcode/DerivedData/Telegram-Mac-fygdgghdgmuleoelvxabfmqiotta/Build/Intermediates.noindex/Promises.build/Debug/FBLPromises-t.build/Objects-normal/arm64/e6072d4f65d7061329687fe24e3d63a7-common-args.resp -include /Users/buddhirajgautam/Library/Developer/Xcode/DerivedData/Telegram-Mac-fygdgghdgmuleoelvxabfmqiotta/Build/Intermediates.noindex/Promises.build/Debug/FBLPromises-t.build/DerivedSources/resource_bundle_accessor.h -MMD -MT dependencies -MF /Users/buddhirajgautam/Library/Developer/Xcode/DerivedData/Telegram-Mac-fygdgghdgmuleoelvxabfmqiotta/Build/Intermediates.noindex/Promises.build/Debug/FBLPromises-t.build/Objects-normal/arm64/resource_bundle_accessor.d --serialize-diagnostics /Users/buddhirajgautam/Library/Developer/Xcode/DerivedData/Telegram-Mac-fygdgghdgmuleoelvxabfmqiotta/Build/Intermediates.noindex/Promises.build/Debug/FBLPromises-t.build/Objects-normal/arm64/resource_bundle_accessor.dia -c /Users/buddhirajgautam/Library/Developer/Xcode/DerivedData/Telegram-Mac-fygdgghdgmuleoelvxabfmqiotta/Build/Intermediates.noindex/Promises.build/Debug/FBLPromises-t.build/DerivedSources/resource_bundle_accessor.m -o /Users/buddhirajgautam/Library/Developer/Xcode/DerivedData/Telegram-Mac-fygdgghdgmuleoelvxabfmqiotta/Build/Intermediates.noindex/Promises.build/Debug/FBLPromises-t.build/Objects-normal/arm64/resource_bundle_accessor.o -index-unit-output-path /Promises.build/Debug/FBLPromises-t.build/Objects-normal/arm64/resource_bundle_accessor.o

CompileC /Users/buddhirajgautam/Library/Developer/Xcode/DerivedData/Telegram-Mac-fygdgghdgmuleoelvxabfmqiotta/Build/Intermediates.noindex/Promises.build/Debug/FBLPromises-t.build/Objects-normal/arm64/FBLPromiseError.o /Users/buddhirajgautam/Library/Developer/Xcode/DerivedData/Telegram-Mac-fygdgghdgmuleoelvxabfmqiotta/SourcePackages/checkouts/promises/Sources/FBLPromises/FBLPromiseError.m normal arm64 objective-c com.apple.compilers.llvm.clang.1_0.compiler (in target 'FBLPromises' from project 'Promises')
    cd /Users/buddhirajgautam/Documents/Cherrygram-Mac/macOS-Swift
    
    Using response file: /Users/buddhirajgautam/Library/Developer/Xcode/DerivedData/Telegram-Mac-fygdgghdgmuleoelvxabfmqiotta/Build/Intermediates.noindex/Promises.build/Debug/FBLPromises-t.build/Objects-normal/arm64/e6072d4f65d7061329687fe24e3d63a7-common-args.resp
    
    /Applications/Xcode.app/Contents/Developer/Toolchains/XcodeDefault.xctoolchain/usr/bin/clang -x objective-c -ivfsstatcache /Users/buddhirajgautam/Library/Developer/Xcode/DerivedData/SDKStatCaches.noindex/macosx27.0-26A425-e829b21a6f8c9b70876ba0858053c0447231f6df4def33e022ae2eb8f782df1a.sdkstatcache -target arm64-apple-macos12.0 -fmessage-length\=0 -fdiagnostics-show-note-include-stack -fmacro-backtrace-limit\=0 -fno-color-diagnostics -fmodules-prune-interval\=86400 -fmodules-prune-after\=345600 -fbuild-session-file\=/Users/buddhirajgautam/Library/Developer/Xcode/DerivedData/ModuleCache.noindex/Session.modulevalidation -fmodules-validate-once-per-build-session -Wnon-modular-include-in-framework-module -Werror\=non-modular-include-in-framework-module -Wno-trigraphs -Wno-missing-field-initializers -Wno-missing-prototypes -Wno-return-type -Wno-implicit-atomic-properties -Wno-objc-interface-ivars -Wno-arc-repeated-use-of-weak -Wno-missing-braces -Wparentheses -Wswitch -Wno-unused-function -Wno-unused-label -Wno-unused-parameter -Wno-unused-variable -Wunused-value -Wno-empty-body -Wno-uninitialized -Wno-unknown-pragmas -w -Wno-shadow -Wno-four-char-constants -Wno-conversion -Wno-constant-conversion -Wno-int-conversion -Wno-bool-conversion -Wno-enum-conversion -Wno-float-conversion -Wno-non-literal-null-conversion -Wno-objc-literal-conversion -Wshorten-64-to-32 -Wpointer-sign -Wno-newline-eof -Wno-selector -Wno-strict-selector-match -Wno-undeclared-selector -Wno-deprecated-implementations -Wno-implicit-fallthrough -isysroot /Applications/Xcode.app/Contents/Developer/Platforms/MacOSX.platform/Developer/SDKs/MacOSX27.0.sdk -fstrict-aliasing -Wprotocol -Wdeprecated-declarations -Wno-sign-conversion -Wno-infinite-recursion -Wno-comma -Wno-block-capture-autoreleasing -Wno-strict-prototypes -Wno-semicolon-before-method-body -index-store-path /Users/buddhirajgautam/Library/Developer/Xcode/DerivedData/Telegram-Mac-fygdgghdgmuleoelvxabfmqiotta/Index.noindex/DataStore @/Users/buddhirajgautam/Library/Developer/Xcode/DerivedData/Telegram-Mac-fygdgghdgmuleoelvxabfmqiotta/Build/Intermediates.noindex/Promises.build/Debug/FBLPromises-t.build/Objects-normal/arm64/e6072d4f65d7061329687fe24e3d63a7-common-args.resp -include /Users/buddhirajgautam/Library/Developer/Xcode/DerivedData/Telegram-Mac-fygdgghdgmuleoelvxabfmqiotta/Build/Intermediates.noindex/Promises.build/Debug/FBLPromises-t.build/DerivedSources/resource_bundle_accessor.h -MMD -MT dependencies -MF /Users/buddhirajgautam/Library/Developer/Xcode/DerivedData/Telegram-Mac-fygdgghdgmuleoelvxabfmqiotta/Build/Intermediates.noindex/Promises.build/Debug/FBLPromises-t.build/Objects-normal/arm64/FBLPromiseError.d --serialize-diagnostics /Users/buddhirajgautam/Library/Developer/Xcode/DerivedData/Telegram-Mac-fygdgghdgmuleoelvxabfmqiotta/Build/Intermediates.noindex/Promises.build/Debug/FBLPromises-t.build/Objects-normal/arm64/FBLPromiseError.dia -c /Users/buddhirajgautam/Library/Developer/Xcode/DerivedData/Telegram-Mac-fygdgghdgmuleoelvxabfmqiotta/SourcePackages/checkouts/promises/Sources/FBLPromises/FBLPromiseError.m -o /Users/buddhirajgautam/Library/Developer/Xcode/DerivedData/Telegram-Mac-fygdgghdgmuleoelvxabfmqiotta/Build/Intermediates.noindex/Promises.build/Debug/FBLPromises-t.build/Objects-normal/arm64/FBLPromiseError.o -index-unit-output-path /Promises.build/Debug/FBLPromises-t.build/Objects-normal/arm64/FBLPromiseError.o

CompileC /Users/buddhirajgautam/Library/Developer/Xcode/DerivedData/Telegram-Mac-fygdgghdgmuleoelvxabfmqiotta/Build/Intermediates.noindex/Promises.build/Debug/FBLPromises-t.build/Objects-normal/arm64/FBLPromise.o /Users/buddhirajgautam/Library/Developer/Xcode/DerivedData/Telegram-Mac-fygdgghdgmuleoelvxabfmqiotta/SourcePackages/checkouts/promises/Sources/FBLPromises/FBLPromise.m normal arm64 objective-c com.apple.compilers.llvm.clang.1_0.compiler (in target 'FBLPromises' from project 'Promises')
    cd /Users/buddhirajgautam/Documents/Cherrygram-Mac/macOS-Swift
    
    Using response file: /Users/buddhirajgautam/Library/Developer/Xcode/DerivedData/Telegram-Mac-fygdgghdgmuleoelvxabfmqiotta/Build/Intermediates.noindex/Promises.build/Debug/FBLPromises-t.build/Objects-normal/arm64/e6072d4f65d7061329687fe24e3d63a7-common-args.resp
    
    /Applications/Xcode.app/Contents/Developer/Toolchains/XcodeDefault.xctoolchain/usr/bin/clang -x objective-c -ivfsstatcache /Users/buddhirajgautam/Library/Developer/Xcode/DerivedData/SDKStatCaches.noindex/macosx27.0-26A425-e829b21a6f8c9b70876ba0858053c0447231f6df4def33e022ae2eb8f782df1a.sdkstatcache -target arm64-apple-macos12.0 -fmessage-length\=0 -fdiagnostics-show-note-include-stack -fmacro-backtrace-limit\=0 -fno-color-diagnostics -fmodules-prune-interval\=86400 -fmodules-prune-after\=345600 -fbuild-session-file\=/Users/buddhirajgautam/Library/Developer/Xcode/DerivedData/ModuleCache.noindex/Session.modulevalidation -fmodules-validate-once-per-build-session -Wnon-modular-include-in-framework-module -Werror\=non-modular-include-in-framework-module -Wno-trigraphs -Wno-missing-field-initializers -Wno-missing-prototypes -Wno-return-type -Wno-implicit-atomic-properties -Wno-objc-interface-ivars -Wno-arc-repeated-use-of-weak -Wno-missing-braces -Wparentheses -Wswitch -Wno-unused-function -Wno-unused-label -Wno-unused-parameter -Wno-unused-variable -Wunused-value -Wno-empty-body -Wno-uninitialized -Wno-unknown-pragmas -w -Wno-shadow -Wno-four-char-constants -Wno-conversion -Wno-constant-conversion -Wno-int-conversion -Wno-bool-conversion -Wno-enum-conversion -Wno-float-conversion -Wno-non-literal-null-conversion -Wno-objc-literal-conversion -Wshorten-64-to-32 -Wpointer-sign -Wno-newline-eof -Wno-selector -Wno-strict-selector-match -Wno-undeclared-selector -Wno-deprecated-implementations -Wno-implicit-fallthrough -isysroot /Applications/Xcode.app/Contents/Developer/Platforms/MacOSX.platform/Developer/SDKs/MacOSX27.0.sdk -fstrict-aliasing -Wprotocol -Wdeprecated-declarations -Wno-sign-conversion -Wno-infinite-recursion -Wno-comma -Wno-block-capture-autoreleasing -Wno-strict-prototypes -Wno-semicolon-before-method-body -index-store-path /Users/buddhirajgautam/Library/Developer/Xcode/DerivedData/Telegram-Mac-fygdgghdgmuleoelvxabfmqiotta/Index.noindex/DataStore @/Users/buddhirajgautam/Library/Developer/Xcode/DerivedData/Telegram-Mac-fygdgghdgmuleoelvxabfmqiotta/Build/Intermediates.noindex/Promises.build/Debug/FBLPromises-t.build/Objects-normal/arm64/e6072d4f65d7061329687fe24e3d63a7-common-args.resp -include /Users/buddhirajgautam/Library/Developer/Xcode/DerivedData/Telegram-Mac-fygdgghdgmuleoelvxabfmqiotta/Build/Intermediates.noindex/Promises.build/Debug/FBLPromises-t.build/DerivedSources/resource_bundle_accessor.h -MMD -MT dependencies -MF /Users/buddhirajgautam/Library/Developer/Xcode/DerivedData/Telegram-Mac-fygdgghdgmuleoelvxabfmqiotta/Build/Intermediates.noindex/Promises.build/Debug/FBLPromises-t.build/Objects-normal/arm64/FBLPromise.d --serialize-diagnostics /Users/buddhirajgautam/Library/Developer/Xcode/DerivedData/Telegram-Mac-fygdgghdgmuleoelvxabfmqiotta/Build/Intermediates.noindex/Promises.build/Debug/FBLPromises-t.build/Objects-normal/arm64/FBLPromise.dia -c /Users/buddhirajgautam/Library/Developer/Xcode/DerivedData/Telegram-Mac-fygdgghdgmuleoelvxabfmqiotta/SourcePackages/checkouts/promises/Sources/FBLPromises/FBLPromise.m -o /Users/buddhirajgautam/Library/Developer/Xcode/DerivedData/Telegram-Mac-fygdgghdgmuleoelvxabfmqiotta/Build/Intermediates.noindex/Promises.build/Debug/FBLPromises-t.build/Objects-normal/arm64/FBLPromise.o -index-unit-output-path /Promises.build/Debug/FBLPromises-t.build/Objects-normal/arm64/FBLPromise.o

SwiftDriverJobDiscovery normal arm64 Emitting module for TelegramIconsTheme (in target 'TelegramIconsTheme' from project 'TelegramIconsTheme')

SwiftDriver\ Compilation\ Requirements TelegramIconsTheme normal arm64 com.apple.xcode.tools.swift.compiler (in target 'TelegramIconsTheme' from project 'TelegramIconsTheme')
    cd /Users/buddhirajgautam/Documents/Cherrygram-Mac/macOS-Swift
    builtin-Swift-Compilation-Requirements -- /Applications/Xcode.app/Contents/Developer/Toolchains/XcodeDefault.xctoolchain/usr/bin/swiftc -parse-as-library -module-name TelegramIconsTheme -Onone @/Users/buddhirajgautam/Library/Developer/Xcode/DerivedData/Telegram-Mac-fygdgghdgmuleoelvxabfmqiotta/Build/Intermediates.noindex/TelegramIconsTheme.build/Debug/TelegramIconsTheme-t.build/Objects-normal/arm64/TelegramIconsTheme.SwiftFileList -DSWIFT_PACKAGE -DDEBUG -DSWIFT_MODULE_RESOURCE_BUNDLE_UNAVAILABLE -DXcode -plugin-path /Applications/Xcode.app/Contents/Developer/Toolchains/XcodeDefault.xctoolchain/usr/lib/swift/host/plugins/testing -enable-experimental-feature DebugDescriptionMacro -sdk /Applications/Xcode.app/Contents/Developer/Platforms/MacOSX.platform/Developer/SDKs/MacOSX27.0.sdk -target arm64-apple-macos12.0 -g -module-cache-path /Users/buddhirajgautam/Library/Developer/Xcode/DerivedData/ModuleCache.noindex -Xfrontend -serialize-debugging-options -profile-coverage-mapping -profile-generate -enable-testing -index-store-path /Users/buddhirajgautam/Library/Developer/Xcode/DerivedData/Telegram-Mac-fygdgghdgmuleoelvxabfmqiotta/Index.noindex/DataStore -Xcc -D_LIBCPP_HARDENING_MODE\=_LIBCPP_HARDENING_MODE_DEBUG -swift-version 5 -I /Users/buddhirajgautam/Library/Developer/Xcode/DerivedData/Telegram-Mac-fygdgghdgmuleoelvxabfmqiotta/Build/Products/Debug -Isystem /Applications/Xcode.app/Contents/Developer/Platforms/MacOSX.platform/Developer/usr/lib -F /Users/buddhirajgautam/Library/Developer/Xcode/DerivedData/Telegram-Mac-fygdgghdgmuleoelvxabfmqiotta/Build/Products/Debug/PackageFrameworks -F /Users/buddhirajgautam/Library/Developer/Xcode/DerivedData/Telegram-Mac-fygdgghdgmuleoelvxabfmqiotta/Build/Products/Debug -F /Applications/Xcode.app/Contents/Developer/Platforms/MacOSX.platform/Developer/Library/Frameworks -c -j8 -enable-batch-mode -incremental -Xcc -ivfsstatcache -Xcc /Users/buddhirajgautam/Library/Developer/Xcode/DerivedData/SDKStatCaches.noindex/macosx27.0-26A425-e829b21a6f8c9b70876ba0858053c0447231f6df4def33e022ae2eb8f782df1a.sdkstatcache -output-file-map /Users/buddhirajgautam/Library/Developer/Xcode/DerivedData/Telegram-Mac-fygdgghdgmuleoelvxabfmqiotta/Build/Intermediates.noindex/TelegramIconsTheme.build/Debug/TelegramIconsTheme-t.build/Objects-normal/arm64/TelegramIconsTheme-OutputFileMap.json -save-temps -no-color-diagnostics -explicit-module-build -module-cache-path /Users/buddhirajgautam/Library/Developer/Xcode/DerivedData/Telegram-Mac-fygdgghdgmuleoelvxabfmqiotta/Build/Intermediates.noindex/SwiftExplicitPrecompiledModules -clang-scanner-module-cache-path /Users/buddhirajgautam/Library/Developer/Xcode/DerivedData/ModuleCache.noindex -sdk-module-cache-path /Users/buddhirajgautam/Library/Developer/Xcode/DerivedData/SDKExplicitPrecompiledModules -emit-dependencies -emit-module -emit-module-path /Users/buddhirajgautam/Library/Developer/Xcode/DerivedData/Telegram-Mac-fygdgghdgmuleoelvxabfmqiotta/Build/Intermediates.noindex/TelegramIconsTheme.build/Debug/TelegramIconsTheme-t.build/Objects-normal/arm64/TelegramIconsTheme.swiftmodule -serialize-diagnostics -dependency-scan-serialize-diagnostics-path /Users/buddhirajgautam/Library/Developer/Xcode/DerivedData/Telegram-Mac-fygdgghdgmuleoelvxabfmqiotta/Build/Intermediates.noindex/TelegramIconsTheme.build/Debug/TelegramIconsTheme-t.build/Objects-normal/arm64/TelegramIconsTheme-dependency-scan.dia -validate-clang-modules-once -clang-build-session-file /Users/buddhirajgautam/Library/Developer/Xcode/DerivedData/ModuleCache.noindex/Session.modulevalidation -Xcc -fmodules-prune-interval\=86400 -Xcc -fmodules-prune-after\=345600 -emit-const-values -const-gather-protocols-list /Users/buddhirajgautam/Library/Developer/Xcode/DerivedData/Telegram-Mac-fygdgghdgmuleoelvxabfmqiotta/Build/Intermediates.noindex/TelegramIconsTheme.build/Debug/TelegramIconsTheme-t.build/Objects-normal/arm64/TelegramIconsTheme_const_extract_protocols.json -Xcc -I/Users/buddhirajgautam/Library/Developer/Xcode/DerivedData/Telegram-Mac-fygdgghdgmuleoelvxabfmqiotta/Build/Products/Debug/include -Xcc -I/Users/buddhirajgautam/Library/Developer/Xcode/DerivedData/Telegram-Mac-fygdgghdgmuleoelvxabfmqiotta/Build/Intermediates.noindex/TelegramIconsTheme.build/Debug/TelegramIconsTheme-t.build/DerivedSources-normal/arm64 -Xcc -I/Users/buddhirajgautam/Library/Developer/Xcode/DerivedData/Telegram-Mac-fygdgghdgmuleoelvxabfmqiotta/Build/Intermediates.noindex/TelegramIconsTheme.build/Debug/TelegramIconsTheme-t.build/DerivedSources/arm64 -Xcc -I/Users/buddhirajgautam/Library/Developer/Xcode/DerivedData/Telegram-Mac-fygdgghdgmuleoelvxabfmqiotta/Build/Intermediates.noindex/TelegramIconsTheme.build/Debug/TelegramIconsTheme-t.build/DerivedSources -Xcc -DSWIFT_PACKAGE -Xcc -DDEBUG\=1 -emit-objc-header -emit-objc-header-path /Users/buddhirajgautam/Library/Developer/Xcode/DerivedData/Telegram-Mac-fygdgghdgmuleoelvxabfmqiotta/Build/Intermediates.noindex/TelegramIconsTheme.build/Debug/TelegramIconsTheme-t.build/Objects-normal/arm64/TelegramIconsTheme-Swift.h -working-directory /Users/buddhirajgautam/Documents/Cherrygram-Mac/macOS-Swift -experimental-emit-module-separately -disable-cmo

CompileC /Users/buddhirajgautam/Library/Developer/Xcode/DerivedData/Telegram-Mac-fygdgghdgmuleoelvxabfmqiotta/Build/Intermediates.noindex/Promises.build/Debug/FBLPromises-t.build/Objects-normal/arm64/FBLPromise+Wrap.o /Users/buddhirajgautam/Library/Developer/Xcode/DerivedData/Telegram-Mac-fygdgghdgmuleoelvxabfmqiotta/SourcePackages/checkouts/promises/Sources/FBLPromises/FBLPromise+Wrap.m normal arm64 objective-c com.apple.compilers.llvm.clang.1_0.compiler (in target 'FBLPromises' from project 'Promises')
    cd /Users/buddhirajgautam/Documents/Cherrygram-Mac/macOS-Swift
    
    Using response file: /Users/buddhirajgautam/Library/Developer/Xcode/DerivedData/Telegram-Mac-fygdgghdgmuleoelvxabfmqiotta/Build/Intermediates.noindex/Promises.build/Debug/FBLPromises-t.build/Objects-normal/arm64/e6072d4f65d7061329687fe24e3d63a7-common-args.resp
    
    /Applications/Xcode.app/Contents/Developer/Toolchains/XcodeDefault.xctoolchain/usr/bin/clang -x objective-c -ivfsstatcache /Users/buddhirajgautam/Library/Developer/Xcode/DerivedData/SDKStatCaches.noindex/macosx27.0-26A425-e829b21a6f8c9b70876ba0858053c0447231f6df4def33e022ae2eb8f782df1a.sdkstatcache -target arm64-apple-macos12.0 -fmessage-length\=0 -fdiagnostics-show-note-include-stack -fmacro-backtrace-limit\=0 -fno-color-diagnostics -fmodules-prune-interval\=86400 -fmodules-prune-after\=345600 -fbuild-session-file\=/Users/buddhirajgautam/Library/Developer/Xcode/DerivedData/ModuleCache.noindex/Session.modulevalidation -fmodules-validate-once-per-build-session -Wnon-modular-include-in-framework-module -Werror\=non-modular-include-in-framework-module -Wno-trigraphs -Wno-missing-field-initializers -Wno-missing-prototypes -Wno-return-type -Wno-implicit-atomic-properties -Wno-objc-interface-ivars -Wno-arc-repeated-use-of-weak -Wno-missing-braces -Wparentheses -Wswitch -Wno-unused-function -Wno-unused-label -Wno-unused-parameter -Wno-unused-variable -Wunused-value -Wno-empty-body -Wno-uninitialized -Wno-unknown-pragmas -w -Wno-shadow -Wno-four-char-constants -Wno-conversion -Wno-constant-conversion -Wno-int-conversion -Wno-bool-conversion -Wno-enum-conversion -Wno-float-conversion -Wno-non-literal-null-conversion -Wno-objc-literal-conversion -Wshorten-64-to-32 -Wpointer-sign -Wno-newline-eof -Wno-selector -Wno-strict-selector-match -Wno-undeclared-selector -Wno-deprecated-implementations -Wno-implicit-fallthrough -isysroot /Applications/Xcode.app/Contents/Developer/Platforms/MacOSX.platform/Developer/SDKs/MacOSX27.0.sdk -fstrict-aliasing -Wprotocol -Wdeprecated-declarations -Wno-sign-conversion -Wno-infinite-recursion -Wno-comma -Wno-block-capture-autoreleasing -Wno-strict-prototypes -Wno-semicolon-before-method-body -index-store-path /Users/buddhirajgautam/Library/Developer/Xcode/DerivedData/Telegram-Mac-fygdgghdgmuleoelvxabfmqiotta/Index.noindex/DataStore @/Users/buddhirajgautam/Library/Developer/Xcode/DerivedData/Telegram-Mac-fygdgghdgmuleoelvxabfmqiotta/Build/Intermediates.noindex/Promises.build/Debug/FBLPromises-t.build/Objects-normal/arm64/e6072d4f65d7061329687fe24e3d63a7-common-args.resp -include /Users/buddhirajgautam/Library/Developer/Xcode/DerivedData/Telegram-Mac-fygdgghdgmuleoelvxabfmqiotta/Build/Intermediates.noindex/Promises.build/Debug/FBLPromises-t.build/DerivedSources/resource_bundle_accessor.h -MMD -MT dependencies -MF /Users/buddhirajgautam/Library/Developer/Xcode/DerivedData/Telegram-Mac-fygdgghdgmuleoelvxabfmqiotta/Build/Intermediates.noindex/Promises.build/Debug/FBLPromises-t.build/Objects-normal/arm64/FBLPromise+Wrap.d --serialize-diagnostics /Users/buddhirajgautam/Library/Developer/Xcode/DerivedData/Telegram-Mac-fygdgghdgmuleoelvxabfmqiotta/Build/Intermediates.noindex/Promises.build/Debug/FBLPromises-t.build/Objects-normal/arm64/FBLPromise+Wrap.dia -c /Users/buddhirajgautam/Library/Developer/Xcode/DerivedData/Telegram-Mac-fygdgghdgmuleoelvxabfmqiotta/SourcePackages/checkouts/promises/Sources/FBLPromises/FBLPromise+Wrap.m -o /Users/buddhirajgautam/Library/Developer/Xcode/DerivedData/Telegram-Mac-fygdgghdgmuleoelvxabfmqiotta/Build/Intermediates.noindex/Promises.build/Debug/FBLPromises-t.build/Objects-normal/arm64/FBLPromise+Wrap.o -index-unit-output-path /Promises.build/Debug/FBLPromises-t.build/Objects-normal/arm64/FBLPromise+Wrap.o

SwiftMergeGeneratedHeaders /Users/buddhirajgautam/Library/Developer/Xcode/DerivedData/Telegram-Mac-fygdgghdgmuleoelvxabfmqiotta/Build/Intermediates.noindex/GeneratedModuleMaps/TelegramIconsTheme-Swift.h /Users/buddhirajgautam/Library/Developer/Xcode/DerivedData/Telegram-Mac-fygdgghdgmuleoelvxabfmqiotta/Build/Intermediates.noindex/TelegramIconsTheme.build/Debug/TelegramIconsTheme-t.build/Objects-normal/arm64/TelegramIconsTheme-Swift.h (in target 'TelegramIconsTheme' from project 'TelegramIconsTheme')
    cd /Users/buddhirajgautam/Documents/Cherrygram-Mac/macOS-Swift/packages/TelegramIconsTheme
    builtin-swiftHeaderTool -arch arm64 /Users/buddhirajgautam/Library/Developer/Xcode/DerivedData/Telegram-Mac-fygdgghdgmuleoelvxabfmqiotta/Build/Intermediates.noindex/TelegramIconsTheme.build/Debug/TelegramIconsTheme-t.build/Objects-normal/arm64/TelegramIconsTheme-Swift.h -o /Users/buddhirajgautam/Library/Developer/Xcode/DerivedData/Telegram-Mac-fygdgghdgmuleoelvxabfmqiotta/Build/Intermediates.noindex/GeneratedModuleMaps/TelegramIconsTheme-Swift.h

Copy /Users/buddhirajgautam/Library/Developer/Xcode/DerivedData/Telegram-Mac-fygdgghdgmuleoelvxabfmqiotta/Build/Products/Debug/TelegramIconsTheme.swiftmodule/arm64-apple-macos.swiftmodule /Users/buddhirajgautam/Library/Developer/Xcode/DerivedData/Telegram-Mac-fygdgghdgmuleoelvxabfmqiotta/Build/Intermediates.noindex/TelegramIconsTheme.build/Debug/TelegramIconsTheme-t.build/Objects-normal/arm64/TelegramIconsTheme.swiftmodule (in target 'TelegramIconsTheme' from project 'TelegramIconsTheme')
    cd /Users/buddhirajgautam/Documents/Cherrygram-Mac/macOS-Swift/packages/TelegramIconsTheme
    builtin-copy -exclude .DS_Store -exclude CVS -exclude .svn -exclude .git -exclude .hg -resolve-src-symlinks -rename /Users/buddhirajgautam/Library/Developer/Xcode/DerivedData/Telegram-Mac-fygdgghdgmuleoelvxabfmqiotta/Build/Intermediates.noindex/TelegramIconsTheme.build/Debug/TelegramIconsTheme-t.build/Objects-normal/arm64/TelegramIconsTheme.swiftmodule /Users/buddhirajgautam/Library/Developer/Xcode/DerivedData/Telegram-Mac-fygdgghdgmuleoelvxabfmqiotta/Build/Products/Debug/TelegramIconsTheme.swiftmodule/arm64-apple-macos.swiftmodule

Copy /Users/buddhirajgautam/Library/Developer/Xcode/DerivedData/Telegram-Mac-fygdgghdgmuleoelvxabfmqiotta/Build/Products/Debug/TelegramIconsTheme.swiftmodule/arm64-apple-macos.swiftdoc /Users/buddhirajgautam/Library/Developer/Xcode/DerivedData/Telegram-Mac-fygdgghdgmuleoelvxabfmqiotta/Build/Intermediates.noindex/TelegramIconsTheme.build/Debug/TelegramIconsTheme-t.build/Objects-normal/arm64/TelegramIconsTheme.swiftdoc (in target 'TelegramIconsTheme' from project 'TelegramIconsTheme')
    cd /Users/buddhirajgautam/Documents/Cherrygram-Mac/macOS-Swift/packages/TelegramIconsTheme
    builtin-copy -exclude .DS_Store -exclude CVS -exclude .svn -exclude .git -exclude .hg -resolve-src-symlinks -rename /Users/buddhirajgautam/Library/Developer/Xcode/DerivedData/Telegram-Mac-fygdgghdgmuleoelvxabfmqiotta/Build/Intermediates.noindex/TelegramIconsTheme.build/Debug/TelegramIconsTheme-t.build/Objects-normal/arm64/TelegramIconsTheme.swiftdoc /Users/buddhirajgautam/Library/Developer/Xcode/DerivedData/Telegram-Mac-fygdgghdgmuleoelvxabfmqiotta/Build/Products/Debug/TelegramIconsTheme.swiftmodule/arm64-apple-macos.swiftdoc

Copy /Users/buddhirajgautam/Library/Developer/Xcode/DerivedData/Telegram-Mac-fygdgghdgmuleoelvxabfmqiotta/Build/Products/Debug/TelegramIconsTheme.swiftmodule/arm64-apple-macos.abi.json /Users/buddhirajgautam/Library/Developer/Xcode/DerivedData/Telegram-Mac-fygdgghdgmuleoelvxabfmqiotta/Build/Intermediates.noindex/TelegramIconsTheme.build/Debug/TelegramIconsTheme-t.build/Objects-normal/arm64/TelegramIconsTheme.abi.json (in target 'TelegramIconsTheme' from project 'TelegramIconsTheme')
    cd /Users/buddhirajgautam/Documents/Cherrygram-Mac/macOS-Swift/packages/TelegramIconsTheme
    builtin-copy -exclude .DS_Store -exclude CVS -exclude .svn -exclude .git -exclude .hg -resolve-src-symlinks -rename /Users/buddhirajgautam/Library/Developer/Xcode/DerivedData/Telegram-Mac-fygdgghdgmuleoelvxabfmqiotta/Build/Intermediates.noindex/TelegramIconsTheme.build/Debug/TelegramIconsTheme-t.build/Objects-normal/arm64/TelegramIconsTheme.abi.json /Users/buddhirajgautam/Library/Developer/Xcode/DerivedData/Telegram-Mac-fygdgghdgmuleoelvxabfmqiotta/Build/Products/Debug/TelegramIconsTheme.swiftmodule/arm64-apple-macos.abi.json

Copy /Users/buddhirajgautam/Library/Developer/Xcode/DerivedData/Telegram-Mac-fygdgghdgmuleoelvxabfmqiotta/Build/Products/Debug/TelegramIconsTheme.swiftmodule/Project/arm64-apple-macos.swiftsourceinfo /Users/buddhirajgautam/Library/Developer/Xcode/DerivedData/Telegram-Mac-fygdgghdgmuleoelvxabfmqiotta/Build/Intermediates.noindex/TelegramIconsTheme.build/Debug/TelegramIconsTheme-t.build/Objects-normal/arm64/TelegramIconsTheme.swiftsourceinfo (in target 'TelegramIconsTheme' from project 'TelegramIconsTheme')
    cd /Users/buddhirajgautam/Documents/Cherrygram-Mac/macOS-Swift/packages/TelegramIconsTheme
    builtin-copy -exclude .DS_Store -exclude CVS -exclude .svn -exclude .git -exclude .hg -resolve-src-symlinks -rename /Users/buddhirajgautam/Library/Developer/Xcode/DerivedData/Telegram-Mac-fygdgghdgmuleoelvxabfmqiotta/Build/Intermediates.noindex/TelegramIconsTheme.build/Debug/TelegramIconsTheme-t.build/Objects-normal/arm64/TelegramIconsTheme.swiftsourceinfo /Users/buddhirajgautam/Library/Developer/Xcode/DerivedData/Telegram-Mac-fygdgghdgmuleoelvxabfmqiotta/Build/Products/Debug/TelegramIconsTheme.swiftmodule/Project/arm64-apple-macos.swiftsourceinfo

SwiftEmitModule normal arm64 Emitting\ module\ for\ Colors (in target 'Colors' from project 'Colors')
/Users/buddhirajgautam/Documents/Cherrygram-Mac/macOS-Swift/packages/Colors/Sources/Colors/Colors.swift:475:5: warning: 'public' modifier is redundant for static property declared in a public extension
473 |     
474 |     
475 |     public static var cornerRadius:CGFloat {
    |     `- warning: 'public' modifier is redundant for static property declared in a public extension
476 |         return 5
477 |     }

/Users/buddhirajgautam/Documents/Cherrygram-Mac/macOS-Swift/packages/Colors/Sources/Colors/Colors.swift:479:5: warning: 'public' modifier is redundant for static property declared in a public extension
477 |     }
478 |     
479 |     public static var borderSize:CGFloat  {
    |     `- warning: 'public' modifier is redundant for static property declared in a public extension
480 |         get {
481 |             return 1

SwiftCompile normal arm64 (in target 'Colors' from project 'Colors')
    cd /Users/buddhirajgautam/Documents/Cherrygram-Mac/macOS-Swift
    

CompileC /Users/buddhirajgautam/Library/Developer/Xcode/DerivedData/Telegram-Mac-fygdgghdgmuleoelvxabfmqiotta/Build/Intermediates.noindex/Promises.build/Debug/FBLPromises-t.build/Objects-normal/arm64/FBLPromise+Validate.o /Users/buddhirajgautam/Library/Developer/Xcode/DerivedData/Telegram-Mac-fygdgghdgmuleoelvxabfmqiotta/SourcePackages/checkouts/promises/Sources/FBLPromises/FBLPromise+Validate.m normal arm64 objective-c com.apple.compilers.llvm.clang.1_0.compiler (in target 'FBLPromises' from project 'Promises')
    cd /Users/buddhirajgautam/Documents/Cherrygram-Mac/macOS-Swift
    
    Using response file: /Users/buddhirajgautam/Library/Developer/Xcode/DerivedData/Telegram-Mac-fygdgghdgmuleoelvxabfmqiotta/Build/Intermediates.noindex/Promises.build/Debug/FBLPromises-t.build/Objects-normal/arm64/e6072d4f65d7061329687fe24e3d63a7-common-args.resp
    
    /Applications/Xcode.app/Contents/Developer/Toolchains/XcodeDefault.xctoolchain/usr/bin/clang -x objective-c -ivfsstatcache /Users/buddhirajgautam/Library/Developer/Xcode/DerivedData/SDKStatCaches.noindex/macosx27.0-26A425-e829b21a6f8c9b70876ba0858053c0447231f6df4def33e022ae2eb8f782df1a.sdkstatcache -target arm64-apple-macos12.0 -fmessage-length\=0 -fdiagnostics-show-note-include-stack -fmacro-backtrace-limit\=0 -fno-color-diagnostics -fmodules-prune-interval\=86400 -fmodules-prune-after\=345600 -fbuild-session-file\=/Users/buddhirajgautam/Library/Developer/Xcode/DerivedData/ModuleCache.noindex/Session.modulevalidation -fmodules-validate-once-per-build-session -Wnon-modular-include-in-framework-module -Werror\=non-modular-include-in-framework-module -Wno-trigraphs -Wno-missing-field-initializers -Wno-missing-prototypes -Wno-return-type -Wno-implicit-atomic-properties -Wno-objc-interface-ivars -Wno-arc-repeated-use-of-weak -Wno-missing-braces -Wparentheses -Wswitch -Wno-unused-function -Wno-unused-label -Wno-unused-parameter -Wno-unused-variable -Wunused-value -Wno-empty-body -Wno-uninitialized -Wno-unknown-pragmas -w -Wno-shadow -Wno-four-char-constants -Wno-conversion -Wno-constant-conversion -Wno-int-conversion -Wno-bool-conversion -Wno-enum-conversion -Wno-float-conversion -Wno-non-literal-null-conversion -Wno-objc-literal-conversion -Wshorten-64-to-32 -Wpointer-sign -Wno-newline-eof -Wno-selector -Wno-strict-selector-match -Wno-undeclared-selector -Wno-deprecated-implementations -Wno-implicit-fallthrough -isysroot /Applications/Xcode.app/Contents/Developer/Platforms/MacOSX.platform/Developer/SDKs/MacOSX27.0.sdk -fstrict-aliasing -Wprotocol -Wdeprecated-declarations -Wno-sign-conversion -Wno-infinite-recursion -Wno-comma -Wno-block-capture-autoreleasing -Wno-strict-prototypes -Wno-semicolon-before-method-body -index-store-path /Users/buddhirajgautam/Library/Developer/Xcode/DerivedData/Telegram-Mac-fygdgghdgmuleoelvxabfmqiotta/Index.noindex/DataStore @/Users/buddhirajgautam/Library/Developer/Xcode/DerivedData/Telegram-Mac-fygdgghdgmuleoelvxabfmqiotta/Build/Intermediates.noindex/Promises.build/Debug/FBLPromises-t.build/Objects-normal/arm64/e6072d4f65d7061329687fe24e3d63a7-common-args.resp -include /Users/buddhirajgautam/Library/Developer/Xcode/DerivedData/Telegram-Mac-fygdgghdgmuleoelvxabfmqiotta/Build/Intermediates.noindex/Promises.build/Debug/FBLPromises-t.build/DerivedSources/resource_bundle_accessor.h -MMD -MT dependencies -MF /Users/buddhirajgautam/Library/Developer/Xcode/DerivedData/Telegram-Mac-fygdgghdgmuleoelvxabfmqiotta/Build/Intermediates.noindex/Promises.build/Debug/FBLPromises-t.build/Objects-normal/arm64/FBLPromise+Validate.d --serialize-diagnostics /Users/buddhirajgautam/Library/Developer/Xcode/DerivedData/Telegram-Mac-fygdgghdgmuleoelvxabfmqiotta/Build/Intermediates.noindex/Promises.build/Debug/FBLPromises-t.build/Objects-normal/arm64/FBLPromise+Validate.dia -c /Users/buddhirajgautam/Library/Developer/Xcode/DerivedData/Telegram-Mac-fygdgghdgmuleoelvxabfmqiotta/SourcePackages/checkouts/promises/Sources/FBLPromises/FBLPromise+Validate.m -o /Users/buddhirajgautam/Library/Developer/Xcode/DerivedData/Telegram-Mac-fygdgghdgmuleoelvxabfmqiotta/Build/Intermediates.noindex/Promises.build/Debug/FBLPromises-t.build/Objects-normal/arm64/FBLPromise+Validate.o -index-unit-output-path /Promises.build/Debug/FBLPromises-t.build/Objects-normal/arm64/FBLPromise+Validate.o

CompileC /Users/buddhirajgautam/Library/Developer/Xcode/DerivedData/Telegram-Mac-fygdgghdgmuleoelvxabfmqiotta/Build/Intermediates.noindex/Promises.build/Debug/FBLPromises-t.build/Objects-normal/arm64/FBLPromise+Timeout.o /Users/buddhirajgautam/Library/Developer/Xcode/DerivedData/Telegram-Mac-fygdgghdgmuleoelvxabfmqiotta/SourcePackages/checkouts/promises/Sources/FBLPromises/FBLPromise+Timeout.m normal arm64 objective-c com.apple.compilers.llvm.clang.1_0.compiler (in target 'FBLPromises' from project 'Promises')
    cd /Users/buddhirajgautam/Documents/Cherrygram-Mac/macOS-Swift
    
    Using response file: /Users/buddhirajgautam/Library/Developer/Xcode/DerivedData/Telegram-Mac-fygdgghdgmuleoelvxabfmqiotta/Build/Intermediates.noindex/Promises.build/Debug/FBLPromises-t.build/Objects-normal/arm64/e6072d4f65d7061329687fe24e3d63a7-common-args.resp
    
    /Applications/Xcode.app/Contents/Developer/Toolchains/XcodeDefault.xctoolchain/usr/bin/clang -x objective-c -ivfsstatcache /Users/buddhirajgautam/Library/Developer/Xcode/DerivedData/SDKStatCaches.noindex/macosx27.0-26A425-e829b21a6f8c9b70876ba0858053c0447231f6df4def33e022ae2eb8f782df1a.sdkstatcache -target arm64-apple-macos12.0 -fmessage-length\=0 -fdiagnostics-show-note-include-stack -fmacro-backtrace-limit\=0 -fno-color-diagnostics -fmodules-prune-interval\=86400 -fmodules-prune-after\=345600 -fbuild-session-file\=/Users/buddhirajgautam/Library/Developer/Xcode/DerivedData/ModuleCache.noindex/Session.modulevalidation -fmodules-validate-once-per-build-session -Wnon-modular-include-in-framework-module -Werror\=non-modular-include-in-framework-module -Wno-trigraphs -Wno-missing-field-initializers -Wno-missing-prototypes -Wno-return-type -Wno-implicit-atomic-properties -Wno-objc-interface-ivars -Wno-arc-repeated-use-of-weak -Wno-missing-braces -Wparentheses -Wswitch -Wno-unused-function -Wno-unused-label -Wno-unused-parameter -Wno-unused-variable -Wunused-value -Wno-empty-body -Wno-uninitialized -Wno-unknown-pragmas -w -Wno-shadow -Wno-four-char-constants -Wno-conversion -Wno-constant-conversion -Wno-int-conversion -Wno-bool-conversion -Wno-enum-conversion -Wno-float-conversion -Wno-non-literal-null-conversion -Wno-objc-literal-conversion -Wshorten-64-to-32 -Wpointer-sign -Wno-newline-eof -Wno-selector -Wno-strict-selector-match -Wno-undeclared-selector -Wno-deprecated-implementations -Wno-implicit-fallthrough -isysroot /Applications/Xcode.app/Contents/Developer/Platforms/MacOSX.platform/Developer/SDKs/MacOSX27.0.sdk -fstrict-aliasing -Wprotocol -Wdeprecated-declarations -Wno-sign-conversion -Wno-infinite-recursion -Wno-comma -Wno-block-capture-autoreleasing -Wno-strict-prototypes -Wno-semicolon-before-method-body -index-store-path /Users/buddhirajgautam/Library/Developer/Xcode/DerivedData/Telegram-Mac-fygdgghdgmuleoelvxabfmqiotta/Index.noindex/DataStore @/Users/buddhirajgautam/Library/Developer/Xcode/DerivedData/Telegram-Mac-fygdgghdgmuleoelvxabfmqiotta/Build/Intermediates.noindex/Promises.build/Debug/FBLPromises-t.build/Objects-normal/arm64/e6072d4f65d7061329687fe24e3d63a7-common-args.resp -include /Users/buddhirajgautam/Library/Developer/Xcode/DerivedData/Telegram-Mac-fygdgghdgmuleoelvxabfmqiotta/Build/Intermediates.noindex/Promises.build/Debug/FBLPromises-t.build/DerivedSources/resource_bundle_accessor.h -MMD -MT dependencies -MF /Users/buddhirajgautam/Library/Developer/Xcode/DerivedData/Telegram-Mac-fygdgghdgmuleoelvxabfmqiotta/Build/Intermediates.noindex/Promises.build/Debug/FBLPromises-t.build/Objects-normal/arm64/FBLPromise+Timeout.d --serialize-diagnostics /Users/buddhirajgautam/Library/Developer/Xcode/DerivedData/Telegram-Mac-fygdgghdgmuleoelvxabfmqiotta/Build/Intermediates.noindex/Promises.build/Debug/FBLPromises-t.build/Objects-normal/arm64/FBLPromise+Timeout.dia -c /Users/buddhirajgautam/Library/Developer/Xcode/DerivedData/Telegram-Mac-fygdgghdgmuleoelvxabfmqiotta/SourcePackages/checkouts/promises/Sources/FBLPromises/FBLPromise+Timeout.m -o /Users/buddhirajgautam/Library/Developer/Xcode/DerivedData/Telegram-Mac-fygdgghdgmuleoelvxabfmqiotta/Build/Intermediates.noindex/Promises.build/Debug/FBLPromises-t.build/Objects-normal/arm64/FBLPromise+Timeout.o -index-unit-output-path /Promises.build/Debug/FBLPromises-t.build/Objects-normal/arm64/FBLPromise+Timeout.o

CompileC /Users/buddhirajgautam/Library/Developer/Xcode/DerivedData/Telegram-Mac-fygdgghdgmuleoelvxabfmqiotta/Build/Intermediates.noindex/Promises.build/Debug/FBLPromises-t.build/Objects-normal/arm64/FBLPromise+Then.o /Users/buddhirajgautam/Library/Developer/Xcode/DerivedData/Telegram-Mac-fygdgghdgmuleoelvxabfmqiotta/SourcePackages/checkouts/promises/Sources/FBLPromises/FBLPromise+Then.m normal arm64 objective-c com.apple.compilers.llvm.clang.1_0.compiler (in target 'FBLPromises' from project 'Promises')
    cd /Users/buddhirajgautam/Documents/Cherrygram-Mac/macOS-Swift
    
    Using response file: /Users/buddhirajgautam/Library/Developer/Xcode/DerivedData/Telegram-Mac-fygdgghdgmuleoelvxabfmqiotta/Build/Intermediates.noindex/Promises.build/Debug/FBLPromises-t.build/Objects-normal/arm64/e6072d4f65d7061329687fe24e3d63a7-common-args.resp
    
    /Applications/Xcode.app/Contents/Developer/Toolchains/XcodeDefault.xctoolchain/usr/bin/clang -x objective-c -ivfsstatcache /Users/buddhirajgautam/Library/Developer/Xcode/DerivedData/SDKStatCaches.noindex/macosx27.0-26A425-e829b21a6f8c9b70876ba0858053c0447231f6df4def33e022ae2eb8f782df1a.sdkstatcache -target arm64-apple-macos12.0 -fmessage-length\=0 -fdiagnostics-show-note-include-stack -fmacro-backtrace-limit\=0 -fno-color-diagnostics -fmodules-prune-interval\=86400 -fmodules-prune-after\=345600 -fbuild-session-file\=/Users/buddhirajgautam/Library/Developer/Xcode/DerivedData/ModuleCache.noindex/Session.modulevalidation -fmodules-validate-once-per-build-session -Wnon-modular-include-in-framework-module -Werror\=non-modular-include-in-framework-module -Wno-trigraphs -Wno-missing-field-initializers -Wno-missing-prototypes -Wno-return-type -Wno-implicit-atomic-properties -Wno-objc-interface-ivars -Wno-arc-repeated-use-of-weak -Wno-missing-braces -Wparentheses -Wswitch -Wno-unused-function -Wno-unused-label -Wno-unused-parameter -Wno-unused-variable -Wunused-value -Wno-empty-body -Wno-uninitialized -Wno-unknown-pragmas -w -Wno-shadow -Wno-four-char-constants -Wno-conversion -Wno-constant-conversion -Wno-int-conversion -Wno-bool-conversion -Wno-enum-conversion -Wno-float-conversion -Wno-non-literal-null-conversion -Wno-objc-literal-conversion -Wshorten-64-to-32 -Wpointer-sign -Wno-newline-eof -Wno-selector -Wno-strict-selector-match -Wno-undeclared-selector -Wno-deprecated-implementations -Wno-implicit-fallthrough -isysroot /Applications/Xcode.app/Contents/Developer/Platforms/MacOSX.platform/Developer/SDKs/MacOSX27.0.sdk -fstrict-aliasing -Wprotocol -Wdeprecated-declarations -Wno-sign-conversion -Wno-infinite-recursion -Wno-comma -Wno-block-capture-autoreleasing -Wno-strict-prototypes -Wno-semicolon-before-method-body -index-store-path /Users/buddhirajgautam/Library/Developer/Xcode/DerivedData/Telegram-Mac-fygdgghdgmuleoelvxabfmqiotta/Index.noindex/DataStore @/Users/buddhirajgautam/Library/Developer/Xcode/DerivedData/Telegram-Mac-fygdgghdgmuleoelvxabfmqiotta/Build/Intermediates.noindex/Promises.build/Debug/FBLPromises-t.build/Objects-normal/arm64/e6072d4f65d7061329687fe24e3d63a7-common-args.resp -include /Users/buddhirajgautam/Library/Developer/Xcode/DerivedData/Telegram-Mac-fygdgghdgmuleoelvxabfmqiotta/Build/Intermediates.noindex/Promises.build/Debug/FBLPromises-t.build/DerivedSources/resource_bundle_accessor.h -MMD -MT dependencies -MF /Users/buddhirajgautam/Library/Developer/Xcode/DerivedData/Telegram-Mac-fygdgghdgmuleoelvxabfmqiotta/Build/Intermediates.noindex/Promises.build/Debug/FBLPromises-t.build/Objects-normal/arm64/FBLPromise+Then.d --serialize-diagnostics /Users/buddhirajgautam/Library/Developer/Xcode/DerivedData/Telegram-Mac-fygdgghdgmuleoelvxabfmqiotta/Build/Intermediates.noindex/Promises.build/Debug/FBLPromises-t.build/Objects-normal/arm64/FBLPromise+Then.dia -c /Users/buddhirajgautam/Library/Developer/Xcode/DerivedData/Telegram-Mac-fygdgghdgmuleoelvxabfmqiotta/SourcePackages/checkouts/promises/Sources/FBLPromises/FBLPromise+Then.m -o /Users/buddhirajgautam/Library/Developer/Xcode/DerivedData/Telegram-Mac-fygdgghdgmuleoelvxabfmqiotta/Build/Intermediates.noindex/Promises.build/Debug/FBLPromises-t.build/Objects-normal/arm64/FBLPromise+Then.o -index-unit-output-path /Promises.build/Debug/FBLPromises-t.build/Objects-normal/arm64/FBLPromise+Then.o

CompileC /Users/buddhirajgautam/Library/Developer/Xcode/DerivedData/Telegram-Mac-fygdgghdgmuleoelvxabfmqiotta/Build/Intermediates.noindex/Promises.build/Debug/FBLPromises-t.build/Objects-normal/arm64/FBLPromise+Testing.o /Users/buddhirajgautam/Library/Developer/Xcode/DerivedData/Telegram-Mac-fygdgghdgmuleoelvxabfmqiotta/SourcePackages/checkouts/promises/Sources/FBLPromises/FBLPromise+Testing.m normal arm64 objective-c com.apple.compilers.llvm.clang.1_0.compiler (in target 'FBLPromises' from project 'Promises')
    cd /Users/buddhirajgautam/Documents/Cherrygram-Mac/macOS-Swift
    
    Using response file: /Users/buddhirajgautam/Library/Developer/Xcode/DerivedData/Telegram-Mac-fygdgghdgmuleoelvxabfmqiotta/Build/Intermediates.noindex/Promises.build/Debug/FBLPromises-t.build/Objects-normal/arm64/e6072d4f65d7061329687fe24e3d63a7-common-args.resp
    
    /Applications/Xcode.app/Contents/Developer/Toolchains/XcodeDefault.xctoolchain/usr/bin/clang -x objective-c -ivfsstatcache /Users/buddhirajgautam/Library/Developer/Xcode/DerivedData/SDKStatCaches.noindex/macosx27.0-26A425-e829b21a6f8c9b70876ba0858053c0447231f6df4def33e022ae2eb8f782df1a.sdkstatcache -target arm64-apple-macos12.0 -fmessage-length\=0 -fdiagnostics-show-note-include-stack -fmacro-backtrace-limit\=0 -fno-color-diagnostics -fmodules-prune-interval\=86400 -fmodules-prune-after\=345600 -fbuild-session-file\=/Users/buddhirajgautam/Library/Developer/Xcode/DerivedData/ModuleCache.noindex/Session.modulevalidation -fmodules-validate-once-per-build-session -Wnon-modular-include-in-framework-module -Werror\=non-modular-include-in-framework-module -Wno-trigraphs -Wno-missing-field-initializers -Wno-missing-prototypes -Wno-return-type -Wno-implicit-atomic-properties -Wno-objc-interface-ivars -Wno-arc-repeated-use-of-weak -Wno-missing-braces -Wparentheses -Wswitch -Wno-unused-function -Wno-unused-label -Wno-unused-parameter -Wno-unused-variable -Wunused-value -Wno-empty-body -Wno-uninitialized -Wno-unknown-pragmas -w -Wno-shadow -Wno-four-char-constants -Wno-conversion -Wno-constant-conversion -Wno-int-conversion -Wno-bool-conversion -Wno-enum-conversion -Wno-float-conversion -Wno-non-literal-null-conversion -Wno-objc-literal-conversion -Wshorten-64-to-32 -Wpointer-sign -Wno-newline-eof -Wno-selector -Wno-strict-selector-match -Wno-undeclared-selector -Wno-deprecated-implementations -Wno-implicit-fallthrough -isysroot /Applications/Xcode.app/Contents/Developer/Platforms/MacOSX.platform/Developer/SDKs/MacOSX27.0.sdk -fstrict-aliasing -Wprotocol -Wdeprecated-declarations -Wno-sign-conversion -Wno-infinite-recursion -Wno-comma -Wno-block-capture-autoreleasing -Wno-strict-prototypes -Wno-semicolon-before-method-body -index-store-path /Users/buddhirajgautam/Library/Developer/Xcode/DerivedData/Telegram-Mac-fygdgghdgmuleoelvxabfmqiotta/Index.noindex/DataStore @/Users/buddhirajgautam/Library/Developer/Xcode/DerivedData/Telegram-Mac-fygdgghdgmuleoelvxabfmqiotta/Build/Intermediates.noindex/Promises.build/Debug/FBLPromises-t.build/Objects-normal/arm64/e6072d4f65d7061329687fe24e3d63a7-common-args.resp -include /Users/buddhirajgautam/Library/Developer/Xcode/DerivedData/Telegram-Mac-fygdgghdgmuleoelvxabfmqiotta/Build/Intermediates.noindex/Promises.build/Debug/FBLPromises-t.build/DerivedSources/resource_bundle_accessor.h -MMD -MT dependencies -MF /Users/buddhirajgautam/Library/Developer/Xcode/DerivedData/Telegram-Mac-fygdgghdgmuleoelvxabfmqiotta/Build/Intermediates.noindex/Promises.build/Debug/FBLPromises-t.build/Objects-normal/arm64/FBLPromise+Testing.d --serialize-diagnostics /Users/buddhirajgautam/Library/Developer/Xcode/DerivedData/Telegram-Mac-fygdgghdgmuleoelvxabfmqiotta/Build/Intermediates.noindex/Promises.build/Debug/FBLPromises-t.build/Objects-normal/arm64/FBLPromise+Testing.dia -c /Users/buddhirajgautam/Library/Developer/Xcode/DerivedData/Telegram-Mac-fygdgghdgmuleoelvxabfmqiotta/SourcePackages/checkouts/promises/Sources/FBLPromises/FBLPromise+Testing.m -o /Users/buddhirajgautam/Library/Developer/Xcode/DerivedData/Telegram-Mac-fygdgghdgmuleoelvxabfmqiotta/Build/Intermediates.noindex/Promises.build/Debug/FBLPromises-t.build/Objects-normal/arm64/FBLPromise+Testing.o -index-unit-output-path /Promises.build/Debug/FBLPromises-t.build/Objects-normal/arm64/FBLPromise+Testing.o

CompileC /Users/buddhirajgautam/Library/Developer/Xcode/DerivedData/Telegram-Mac-fygdgghdgmuleoelvxabfmqiotta/Build/Intermediates.noindex/Promises.build/Debug/FBLPromises-t.build/Objects-normal/arm64/FBLPromise+Retry.o /Users/buddhirajgautam/Library/Developer/Xcode/DerivedData/Telegram-Mac-fygdgghdgmuleoelvxabfmqiotta/SourcePackages/checkouts/promises/Sources/FBLPromises/FBLPromise+Retry.m normal arm64 objective-c com.apple.compilers.llvm.clang.1_0.compiler (in target 'FBLPromises' from project 'Promises')
    cd /Users/buddhirajgautam/Documents/Cherrygram-Mac/macOS-Swift
    
    Using response file: /Users/buddhirajgautam/Library/Developer/Xcode/DerivedData/Telegram-Mac-fygdgghdgmuleoelvxabfmqiotta/Build/Intermediates.noindex/Promises.build/Debug/FBLPromises-t.build/Objects-normal/arm64/e6072d4f65d7061329687fe24e3d63a7-common-args.resp
    
    /Applications/Xcode.app/Contents/Developer/Toolchains/XcodeDefault.xctoolchain/usr/bin/clang -x objective-c -ivfsstatcache /Users/buddhirajgautam/Library/Developer/Xcode/DerivedData/SDKStatCaches.noindex/macosx27.0-26A425-e829b21a6f8c9b70876ba0858053c0447231f6df4def33e022ae2eb8f782df1a.sdkstatcache -target arm64-apple-macos12.0 -fmessage-length\=0 -fdiagnostics-show-note-include-stack -fmacro-backtrace-limit\=0 -fno-color-diagnostics -fmodules-prune-interval\=86400 -fmodules-prune-after\=345600 -fbuild-session-file\=/Users/buddhirajgautam/Library/Developer/Xcode/DerivedData/ModuleCache.noindex/Session.modulevalidation -fmodules-validate-once-per-build-session -Wnon-modular-include-in-framework-module -Werror\=non-modular-include-in-framework-module -Wno-trigraphs -Wno-missing-field-initializers -Wno-missing-prototypes -Wno-return-type -Wno-implicit-atomic-properties -Wno-objc-interface-ivars -Wno-arc-repeated-use-of-weak -Wno-missing-braces -Wparentheses -Wswitch -Wno-unused-function -Wno-unused-label -Wno-unused-parameter -Wno-unused-variable -Wunused-value -Wno-empty-body -Wno-uninitialized -Wno-unknown-pragmas -w -Wno-shadow -Wno-four-char-constants -Wno-conversion -Wno-constant-conversion -Wno-int-conversion -Wno-bool-conversion -Wno-enum-conversion -Wno-float-conversion -Wno-non-literal-null-conversion -Wno-objc-literal-conversion -Wshorten-64-to-32 -Wpointer-sign -Wno-newline-eof -Wno-selector -Wno-strict-selector-match -Wno-undeclared-selector -Wno-deprecated-implementations -Wno-implicit-fallthrough -isysroot /Applications/Xcode.app/Contents/Developer/Platforms/MacOSX.platform/Developer/SDKs/MacOSX27.0.sdk -fstrict-aliasing -Wprotocol -Wdeprecated-declarations -Wno-sign-conversion -Wno-infinite-recursion -Wno-comma -Wno-block-capture-autoreleasing -Wno-strict-prototypes -Wno-semicolon-before-method-body -index-store-path /Users/buddhirajgautam/Library/Developer/Xcode/DerivedData/Telegram-Mac-fygdgghdgmuleoelvxabfmqiotta/Index.noindex/DataStore @/Users/buddhirajgautam/Library/Developer/Xcode/DerivedData/Telegram-Mac-fygdgghdgmuleoelvxabfmqiotta/Build/Intermediates.noindex/Promises.build/Debug/FBLPromises-t.build/Objects-normal/arm64/e6072d4f65d7061329687fe24e3d63a7-common-args.resp -include /Users/buddhirajgautam/Library/Developer/Xcode/DerivedData/Telegram-Mac-fygdgghdgmuleoelvxabfmqiotta/Build/Intermediates.noindex/Promises.build/Debug/FBLPromises-t.build/DerivedSources/resource_bundle_accessor.h -MMD -MT dependencies -MF /Users/buddhirajgautam/Library/Developer/Xcode/DerivedData/Telegram-Mac-fygdgghdgmuleoelvxabfmqiotta/Build/Intermediates.noindex/Promises.build/Debug/FBLPromises-t.build/Objects-normal/arm64/FBLPromise+Retry.d --serialize-diagnostics /Users/buddhirajgautam/Library/Developer/Xcode/DerivedData/Telegram-Mac-fygdgghdgmuleoelvxabfmqiotta/Build/Intermediates.noindex/Promises.build/Debug/FBLPromises-t.build/Objects-normal/arm64/FBLPromise+Retry.dia -c /Users/buddhirajgautam/Library/Developer/Xcode/DerivedData/Telegram-Mac-fygdgghdgmuleoelvxabfmqiotta/SourcePackages/checkouts/promises/Sources/FBLPromises/FBLPromise+Retry.m -o /Users/buddhirajgautam/Library/Developer/Xcode/DerivedData/Telegram-Mac-fygdgghdgmuleoelvxabfmqiotta/Build/Intermediates.noindex/Promises.build/Debug/FBLPromises-t.build/Objects-normal/arm64/FBLPromise+Retry.o -index-unit-output-path /Promises.build/Debug/FBLPromises-t.build/Objects-normal/arm64/FBLPromise+Retry.o

CompileC /Users/buddhirajgautam/Library/Developer/Xcode/DerivedData/Telegram-Mac-fygdgghdgmuleoelvxabfmqiotta/Build/Intermediates.noindex/Promises.build/Debug/FBLPromises-t.build/Objects-normal/arm64/FBLPromise+Reduce.o /Users/buddhirajgautam/Library/Developer/Xcode/DerivedData/Telegram-Mac-fygdgghdgmuleoelvxabfmqiotta/SourcePackages/checkouts/promises/Sources/FBLPromises/FBLPromise+Reduce.m normal arm64 objective-c com.apple.compilers.llvm.clang.1_0.compiler (in target 'FBLPromises' from project 'Promises')
    cd /Users/buddhirajgautam/Documents/Cherrygram-Mac/macOS-Swift
    
    Using response file: /Users/buddhirajgautam/Library/Developer/Xcode/DerivedData/Telegram-Mac-fygdgghdgmuleoelvxabfmqiotta/Build/Intermediates.noindex/Promises.build/Debug/FBLPromises-t.build/Objects-normal/arm64/e6072d4f65d7061329687fe24e3d63a7-common-args.resp
    
    /Applications/Xcode.app/Contents/Developer/Toolchains/XcodeDefault.xctoolchain/usr/bin/clang -x objective-c -ivfsstatcache /Users/buddhirajgautam/Library/Developer/Xcode/DerivedData/SDKStatCaches.noindex/macosx27.0-26A425-e829b21a6f8c9b70876ba0858053c0447231f6df4def33e022ae2eb8f782df1a.sdkstatcache -target arm64-apple-macos12.0 -fmessage-length\=0 -fdiagnostics-show-note-include-stack -fmacro-backtrace-limit\=0 -fno-color-diagnostics -fmodules-prune-interval\=86400 -fmodules-prune-after\=345600 -fbuild-session-file\=/Users/buddhirajgautam/Library/Developer/Xcode/DerivedData/ModuleCache.noindex/Session.modulevalidation -fmodules-validate-once-per-build-session -Wnon-modular-include-in-framework-module -Werror\=non-modular-include-in-framework-module -Wno-trigraphs -Wno-missing-field-initializers -Wno-missing-prototypes -Wno-return-type -Wno-implicit-atomic-properties -Wno-objc-interface-ivars -Wno-arc-repeated-use-of-weak -Wno-missing-braces -Wparentheses -Wswitch -Wno-unused-function -Wno-unused-label -Wno-unused-parameter -Wno-unused-variable -Wunused-value -Wno-empty-body -Wno-uninitialized -Wno-unknown-pragmas -w -Wno-shadow -Wno-four-char-constants -Wno-conversion -Wno-constant-conversion -Wno-int-conversion -Wno-bool-conversion -Wno-enum-conversion -Wno-float-conversion -Wno-non-literal-null-conversion -Wno-objc-literal-conversion -Wshorten-64-to-32 -Wpointer-sign -Wno-newline-eof -Wno-selector -Wno-strict-selector-match -Wno-undeclared-selector -Wno-deprecated-implementations -Wno-implicit-fallthrough -isysroot /Applications/Xcode.app/Contents/Developer/Platforms/MacOSX.platform/Developer/SDKs/MacOSX27.0.sdk -fstrict-aliasing -Wprotocol -Wdeprecated-declarations -Wno-sign-conversion -Wno-infinite-recursion -Wno-comma -Wno-block-capture-autoreleasing -Wno-strict-prototypes -Wno-semicolon-before-method-body -index-store-path /Users/buddhirajgautam/Library/Developer/Xcode/DerivedData/Telegram-Mac-fygdgghdgmuleoelvxabfmqiotta/Index.noindex/DataStore @/Users/buddhirajgautam/Library/Developer/Xcode/DerivedData/Telegram-Mac-fygdgghdgmuleoelvxabfmqiotta/Build/Intermediates.noindex/Promises.build/Debug/FBLPromises-t.build/Objects-normal/arm64/e6072d4f65d7061329687fe24e3d63a7-common-args.resp -include /Users/buddhirajgautam/Library/Developer/Xcode/DerivedData/Telegram-Mac-fygdgghdgmuleoelvxabfmqiotta/Build/Intermediates.noindex/Promises.build/Debug/FBLPromises-t.build/DerivedSources/resource_bundle_accessor.h -MMD -MT dependencies -MF /Users/buddhirajgautam/Library/Developer/Xcode/DerivedData/Telegram-Mac-fygdgghdgmuleoelvxabfmqiotta/Build/Intermediates.noindex/Promises.build/Debug/FBLPromises-t.build/Objects-normal/arm64/FBLPromise+Reduce.d --serialize-diagnostics /Users/buddhirajgautam/Library/Developer/Xcode/DerivedData/Telegram-Mac-fygdgghdgmuleoelvxabfmqiotta/Build/Intermediates.noindex/Promises.build/Debug/FBLPromises-t.build/Objects-normal/arm64/FBLPromise+Reduce.dia -c /Users/buddhirajgautam/Library/Developer/Xcode/DerivedData/Telegram-Mac-fygdgghdgmuleoelvxabfmqiotta/SourcePackages/checkouts/promises/Sources/FBLPromises/FBLPromise+Reduce.m -o /Users/buddhirajgautam/Library/Developer/Xcode/DerivedData/Telegram-Mac-fygdgghdgmuleoelvxabfmqiotta/Build/Intermediates.noindex/Promises.build/Debug/FBLPromises-t.build/Objects-normal/arm64/FBLPromise+Reduce.o -index-unit-output-path /Promises.build/Debug/FBLPromises-t.build/Objects-normal/arm64/FBLPromise+Reduce.o

CompileC /Users/buddhirajgautam/Library/Developer/Xcode/DerivedData/Telegram-Mac-fygdgghdgmuleoelvxabfmqiotta/Build/Intermediates.noindex/Promises.build/Debug/FBLPromises-t.build/Objects-normal/arm64/FBLPromise+Recover.o /Users/buddhirajgautam/Library/Developer/Xcode/DerivedData/Telegram-Mac-fygdgghdgmuleoelvxabfmqiotta/SourcePackages/checkouts/promises/Sources/FBLPromises/FBLPromise+Recover.m normal arm64 objective-c com.apple.compilers.llvm.clang.1_0.compiler (in target 'FBLPromises' from project 'Promises')
    cd /Users/buddhirajgautam/Documents/Cherrygram-Mac/macOS-Swift
    
    Using response file: /Users/buddhirajgautam/Library/Developer/Xcode/DerivedData/Telegram-Mac-fygdgghdgmuleoelvxabfmqiotta/Build/Intermediates.noindex/Promises.build/Debug/FBLPromises-t.build/Objects-normal/arm64/e6072d4f65d7061329687fe24e3d63a7-common-args.resp
    
    /Applications/Xcode.app/Contents/Developer/Toolchains/XcodeDefault.xctoolchain/usr/bin/clang -x objective-c -ivfsstatcache /Users/buddhirajgautam/Library/Developer/Xcode/DerivedData/SDKStatCaches.noindex/macosx27.0-26A425-e829b21a6f8c9b70876ba0858053c0447231f6df4def33e022ae2eb8f782df1a.sdkstatcache -target arm64-apple-macos12.0 -fmessage-length\=0 -fdiagnostics-show-note-include-stack -fmacro-backtrace-limit\=0 -fno-color-diagnostics -fmodules-prune-interval\=86400 -fmodules-prune-after\=345600 -fbuild-session-file\=/Users/buddhirajgautam/Library/Developer/Xcode/DerivedData/ModuleCache.noindex/Session.modulevalidation -fmodules-validate-once-per-build-session -Wnon-modular-include-in-framework-module -Werror\=non-modular-include-in-framework-module -Wno-trigraphs -Wno-missing-field-initializers -Wno-missing-prototypes -Wno-return-type -Wno-implicit-atomic-properties -Wno-objc-interface-ivars -Wno-arc-repeated-use-of-weak -Wno-missing-braces -Wparentheses -Wswitch -Wno-unused-function -Wno-unused-label -Wno-unused-parameter -Wno-unused-variable -Wunused-value -Wno-empty-body -Wno-uninitialized -Wno-unknown-pragmas -w -Wno-shadow -Wno-four-char-constants -Wno-conversion -Wno-constant-conversion -Wno-int-conversion -Wno-bool-conversion -Wno-enum-conversion -Wno-float-conversion -Wno-non-literal-null-conversion -Wno-objc-literal-conversion -Wshorten-64-to-32 -Wpointer-sign -Wno-newline-eof -Wno-selector -Wno-strict-selector-match -Wno-undeclared-selector -Wno-deprecated-implementations -Wno-implicit-fallthrough -isysroot /Applications/Xcode.app/Contents/Developer/Platforms/MacOSX.platform/Developer/SDKs/MacOSX27.0.sdk -fstrict-aliasing -Wprotocol -Wdeprecated-declarations -Wno-sign-conversion -Wno-infinite-recursion -Wno-comma -Wno-block-capture-autoreleasing -Wno-strict-prototypes -Wno-semicolon-before-method-body -index-store-path /Users/buddhirajgautam/Library/Developer/Xcode/DerivedData/Telegram-Mac-fygdgghdgmuleoelvxabfmqiotta/Index.noindex/DataStore @/Users/buddhirajgautam/Library/Developer/Xcode/DerivedData/Telegram-Mac-fygdgghdgmuleoelvxabfmqiotta/Build/Intermediates.noindex/Promises.build/Debug/FBLPromises-t.build/Objects-normal/arm64/e6072d4f65d7061329687fe24e3d63a7-common-args.resp -include /Users/buddhirajgautam/Library/Developer/Xcode/DerivedData/Telegram-Mac-fygdgghdgmuleoelvxabfmqiotta/Build/Intermediates.noindex/Promises.build/Debug/FBLPromises-t.build/DerivedSources/resource_bundle_accessor.h -MMD -MT dependencies -MF /Users/buddhirajgautam/Library/Developer/Xcode/DerivedData/Telegram-Mac-fygdgghdgmuleoelvxabfmqiotta/Build/Intermediates.noindex/Promises.build/Debug/FBLPromises-t.build/Objects-normal/arm64/FBLPromise+Recover.d --serialize-diagnostics /Users/buddhirajgautam/Library/Developer/Xcode/DerivedData/Telegram-Mac-fygdgghdgmuleoelvxabfmqiotta/Build/Intermediates.noindex/Promises.build/Debug/FBLPromises-t.build/Objects-normal/arm64/FBLPromise+Recover.dia -c /Users/buddhirajgautam/Library/Developer/Xcode/DerivedData/Telegram-Mac-fygdgghdgmuleoelvxabfmqiotta/SourcePackages/checkouts/promises/Sources/FBLPromises/FBLPromise+Recover.m -o /Users/buddhirajgautam/Library/Developer/Xcode/DerivedData/Telegram-Mac-fygdgghdgmuleoelvxabfmqiotta/Build/Intermediates.noindex/Promises.build/Debug/FBLPromises-t.build/Objects-normal/arm64/FBLPromise+Recover.o -index-unit-output-path /Promises.build/Debug/FBLPromises-t.build/Objects-normal/arm64/FBLPromise+Recover.o

CompileC /Users/buddhirajgautam/Library/Developer/Xcode/DerivedData/Telegram-Mac-fygdgghdgmuleoelvxabfmqiotta/Build/Intermediates.noindex/Promises.build/Debug/FBLPromises-t.build/Objects-normal/arm64/FBLPromise+Race.o /Users/buddhirajgautam/Library/Developer/Xcode/DerivedData/Telegram-Mac-fygdgghdgmuleoelvxabfmqiotta/SourcePackages/checkouts/promises/Sources/FBLPromises/FBLPromise+Race.m normal arm64 objective-c com.apple.compilers.llvm.clang.1_0.compiler (in target 'FBLPromises' from project 'Promises')
    cd /Users/buddhirajgautam/Documents/Cherrygram-Mac/macOS-Swift
    
    Using response file: /Users/buddhirajgautam/Library/Developer/Xcode/DerivedData/Telegram-Mac-fygdgghdgmuleoelvxabfmqiotta/Build/Intermediates.noindex/Promises.build/Debug/FBLPromises-t.build/Objects-normal/arm64/e6072d4f65d7061329687fe24e3d63a7-common-args.resp
    
    /Applications/Xcode.app/Contents/Developer/Toolchains/XcodeDefault.xctoolchain/usr/bin/clang -x objective-c -ivfsstatcache /Users/buddhirajgautam/Library/Developer/Xcode/DerivedData/SDKStatCaches.noindex/macosx27.0-26A425-e829b21a6f8c9b70876ba0858053c0447231f6df4def33e022ae2eb8f782df1a.sdkstatcache -target arm64-apple-macos12.0 -fmessage-length\=0 -fdiagnostics-show-note-include-stack -fmacro-backtrace-limit\=0 -fno-color-diagnostics -fmodules-prune-interval\=86400 -fmodules-prune-after\=345600 -fbuild-session-file\=/Users/buddhirajgautam/Library/Developer/Xcode/DerivedData/ModuleCache.noindex/Session.modulevalidation -fmodules-validate-once-per-build-session -Wnon-modular-include-in-framework-module -Werror\=non-modular-include-in-framework-module -Wno-trigraphs -Wno-missing-field-initializers -Wno-missing-prototypes -Wno-return-type -Wno-implicit-atomic-properties -Wno-objc-interface-ivars -Wno-arc-repeated-use-of-weak -Wno-missing-braces -Wparentheses -Wswitch -Wno-unused-function -Wno-unused-label -Wno-unused-parameter -Wno-unused-variable -Wunused-value -Wno-empty-body -Wno-uninitialized -Wno-unknown-pragmas -w -Wno-shadow -Wno-four-char-constants -Wno-conversion -Wno-constant-conversion -Wno-int-conversion -Wno-bool-conversion -Wno-enum-conversion -Wno-float-conversion -Wno-non-literal-null-conversion -Wno-objc-literal-conversion -Wshorten-64-to-32 -Wpointer-sign -Wno-newline-eof -Wno-selector -Wno-strict-selector-match -Wno-undeclared-selector -Wno-deprecated-implementations -Wno-implicit-fallthrough -isysroot /Applications/Xcode.app/Contents/Developer/Platforms/MacOSX.platform/Developer/SDKs/MacOSX27.0.sdk -fstrict-aliasing -Wprotocol -Wdeprecated-declarations -Wno-sign-conversion -Wno-infinite-recursion -Wno-comma -Wno-block-capture-autoreleasing -Wno-strict-prototypes -Wno-semicolon-before-method-body -index-store-path /Users/buddhirajgautam/Library/Developer/Xcode/DerivedData/Telegram-Mac-fygdgghdgmuleoelvxabfmqiotta/Index.noindex/DataStore @/Users/buddhirajgautam/Library/Developer/Xcode/DerivedData/Telegram-Mac-fygdgghdgmuleoelvxabfmqiotta/Build/Intermediates.noindex/Promises.build/Debug/FBLPromises-t.build/Objects-normal/arm64/e6072d4f65d7061329687fe24e3d63a7-common-args.resp -include /Users/buddhirajgautam/Library/Developer/Xcode/DerivedData/Telegram-Mac-fygdgghdgmuleoelvxabfmqiotta/Build/Intermediates.noindex/Promises.build/Debug/FBLPromises-t.build/DerivedSources/resource_bundle_accessor.h -MMD -MT dependencies -MF /Users/buddhirajgautam/Library/Developer/Xcode/DerivedData/Telegram-Mac-fygdgghdgmuleoelvxabfmqiotta/Build/Intermediates.noindex/Promises.build/Debug/FBLPromises-t.build/Objects-normal/arm64/FBLPromise+Race.d --serialize-diagnostics /Users/buddhirajgautam/Library/Developer/Xcode/DerivedData/Telegram-Mac-fygdgghdgmuleoelvxabfmqiotta/Build/Intermediates.noindex/Promises.build/Debug/FBLPromises-t.build/Objects-normal/arm64/FBLPromise+Race.dia -c /Users/buddhirajgautam/Library/Developer/Xcode/DerivedData/Telegram-Mac-fygdgghdgmuleoelvxabfmqiotta/SourcePackages/checkouts/promises/Sources/FBLPromises/FBLPromise+Race.m -o /Users/buddhirajgautam/Library/Developer/Xcode/DerivedData/Telegram-Mac-fygdgghdgmuleoelvxabfmqiotta/Build/Intermediates.noindex/Promises.build/Debug/FBLPromises-t.build/Objects-normal/arm64/FBLPromise+Race.o -index-unit-output-path /Promises.build/Debug/FBLPromises-t.build/Objects-normal/arm64/FBLPromise+Race.o

CompileC /Users/buddhirajgautam/Library/Developer/Xcode/DerivedData/Telegram-Mac-fygdgghdgmuleoelvxabfmqiotta/Build/Intermediates.noindex/Promises.build/Debug/FBLPromises-t.build/Objects-normal/arm64/FBLPromise+Do.o /Users/buddhirajgautam/Library/Developer/Xcode/DerivedData/Telegram-Mac-fygdgghdgmuleoelvxabfmqiotta/SourcePackages/checkouts/promises/Sources/FBLPromises/FBLPromise+Do.m normal arm64 objective-c com.apple.compilers.llvm.clang.1_0.compiler (in target 'FBLPromises' from project 'Promises')
    cd /Users/buddhirajgautam/Documents/Cherrygram-Mac/macOS-Swift
    
    Using response file: /Users/buddhirajgautam/Library/Developer/Xcode/DerivedData/Telegram-Mac-fygdgghdgmuleoelvxabfmqiotta/Build/Intermediates.noindex/Promises.build/Debug/FBLPromises-t.build/Objects-normal/arm64/e6072d4f65d7061329687fe24e3d63a7-common-args.resp
    
    /Applications/Xcode.app/Contents/Developer/Toolchains/XcodeDefault.xctoolchain/usr/bin/clang -x objective-c -ivfsstatcache /Users/buddhirajgautam/Library/Developer/Xcode/DerivedData/SDKStatCaches.noindex/macosx27.0-26A425-e829b21a6f8c9b70876ba0858053c0447231f6df4def33e022ae2eb8f782df1a.sdkstatcache -target arm64-apple-macos12.0 -fmessage-length\=0 -fdiagnostics-show-note-include-stack -fmacro-backtrace-limit\=0 -fno-color-diagnostics -fmodules-prune-interval\=86400 -fmodules-prune-after\=345600 -fbuild-session-file\=/Users/buddhirajgautam/Library/Developer/Xcode/DerivedData/ModuleCache.noindex/Session.modulevalidation -fmodules-validate-once-per-build-session -Wnon-modular-include-in-framework-module -Werror\=non-modular-include-in-framework-module -Wno-trigraphs -Wno-missing-field-initializers -Wno-missing-prototypes -Wno-return-type -Wno-implicit-atomic-properties -Wno-objc-interface-ivars -Wno-arc-repeated-use-of-weak -Wno-missing-braces -Wparentheses -Wswitch -Wno-unused-function -Wno-unused-label -Wno-unused-parameter -Wno-unused-variable -Wunused-value -Wno-empty-body -Wno-uninitialized -Wno-unknown-pragmas -w -Wno-shadow -Wno-four-char-constants -Wno-conversion -Wno-constant-conversion -Wno-int-conversion -Wno-bool-conversion -Wno-enum-conversion -Wno-float-conversion -Wno-non-literal-null-conversion -Wno-objc-literal-conversion -Wshorten-64-to-32 -Wpointer-sign -Wno-newline-eof -Wno-selector -Wno-strict-selector-match -Wno-undeclared-selector -Wno-deprecated-implementations -Wno-implicit-fallthrough -isysroot /Applications/Xcode.app/Contents/Developer/Platforms/MacOSX.platform/Developer/SDKs/MacOSX27.0.sdk -fstrict-aliasing -Wprotocol -Wdeprecated-declarations -Wno-sign-conversion -Wno-infinite-recursion -Wno-comma -Wno-block-capture-autoreleasing -Wno-strict-prototypes -Wno-semicolon-before-method-body -index-store-path /Users/buddhirajgautam/Library/Developer/Xcode/DerivedData/Telegram-Mac-fygdgghdgmuleoelvxabfmqiotta/Index.noindex/DataStore @/Users/buddhirajgautam/Library/Developer/Xcode/DerivedData/Telegram-Mac-fygdgghdgmuleoelvxabfmqiotta/Build/Intermediates.noindex/Promises.build/Debug/FBLPromises-t.build/Objects-normal/arm64/e6072d4f65d7061329687fe24e3d63a7-common-args.resp -include /Users/buddhirajgautam/Library/Developer/Xcode/DerivedData/Telegram-Mac-fygdgghdgmuleoelvxabfmqiotta/Build/Intermediates.noindex/Promises.build/Debug/FBLPromises-t.build/DerivedSources/resource_bundle_accessor.h -MMD -MT dependencies -MF /Users/buddhirajgautam/Library/Developer/Xcode/DerivedData/Telegram-Mac-fygdgghdgmuleoelvxabfmqiotta/Build/Intermediates.noindex/Promises.build/Debug/FBLPromises-t.build/Objects-normal/arm64/FBLPromise+Do.d --serialize-diagnostics /Users/buddhirajgautam/Library/Developer/Xcode/DerivedData/Telegram-Mac-fygdgghdgmuleoelvxabfmqiotta/Build/Intermediates.noindex/Promises.build/Debug/FBLPromises-t.build/Objects-normal/arm64/FBLPromise+Do.dia -c /Users/buddhirajgautam/Library/Developer/Xcode/DerivedData/Telegram-Mac-fygdgghdgmuleoelvxabfmqiotta/SourcePackages/checkouts/promises/Sources/FBLPromises/FBLPromise+Do.m -o /Users/buddhirajgautam/Library/Developer/Xcode/DerivedData/Telegram-Mac-fygdgghdgmuleoelvxabfmqiotta/Build/Intermediates.noindex/Promises.build/Debug/FBLPromises-t.build/Objects-normal/arm64/FBLPromise+Do.o -index-unit-output-path /Promises.build/Debug/FBLPromises-t.build/Objects-normal/arm64/FBLPromise+Do.o

CompileC /Users/buddhirajgautam/Library/Developer/Xcode/DerivedData/Telegram-Mac-fygdgghdgmuleoelvxabfmqiotta/Build/Intermediates.noindex/Promises.build/Debug/FBLPromises-t.build/Objects-normal/arm64/FBLPromise+Delay.o /Users/buddhirajgautam/Library/Developer/Xcode/DerivedData/Telegram-Mac-fygdgghdgmuleoelvxabfmqiotta/SourcePackages/checkouts/promises/Sources/FBLPromises/FBLPromise+Delay.m normal arm64 objective-c com.apple.compilers.llvm.clang.1_0.compiler (in target 'FBLPromises' from project 'Promises')
    cd /Users/buddhirajgautam/Documents/Cherrygram-Mac/macOS-Swift
    
    Using response file: /Users/buddhirajgautam/Library/Developer/Xcode/DerivedData/Telegram-Mac-fygdgghdgmuleoelvxabfmqiotta/Build/Intermediates.noindex/Promises.build/Debug/FBLPromises-t.build/Objects-normal/arm64/e6072d4f65d7061329687fe24e3d63a7-common-args.resp
    
    /Applications/Xcode.app/Contents/Developer/Toolchains/XcodeDefault.xctoolchain/usr/bin/clang -x objective-c -ivfsstatcache /Users/buddhirajgautam/Library/Developer/Xcode/DerivedData/SDKStatCaches.noindex/macosx27.0-26A425-e829b21a6f8c9b70876ba0858053c0447231f6df4def33e022ae2eb8f782df1a.sdkstatcache -target arm64-apple-macos12.0 -fmessage-length\=0 -fdiagnostics-show-note-include-stack -fmacro-backtrace-limit\=0 -fno-color-diagnostics -fmodules-prune-interval\=86400 -fmodules-prune-after\=345600 -fbuild-session-file\=/Users/buddhirajgautam/Library/Developer/Xcode/DerivedData/ModuleCache.noindex/Session.modulevalidation -fmodules-validate-once-per-build-session -Wnon-modular-include-in-framework-module -Werror\=non-modular-include-in-framework-module -Wno-trigraphs -Wno-missing-field-initializers -Wno-missing-prototypes -Wno-return-type -Wno-implicit-atomic-properties -Wno-objc-interface-ivars -Wno-arc-repeated-use-of-weak -Wno-missing-braces -Wparentheses -Wswitch -Wno-unused-function -Wno-unused-label -Wno-unused-parameter -Wno-unused-variable -Wunused-value -Wno-empty-body -Wno-uninitialized -Wno-unknown-pragmas -w -Wno-shadow -Wno-four-char-constants -Wno-conversion -Wno-constant-conversion -Wno-int-conversion -Wno-bool-conversion -Wno-enum-conversion -Wno-float-conversion -Wno-non-literal-null-conversion -Wno-objc-literal-conversion -Wshorten-64-to-32 -Wpointer-sign -Wno-newline-eof -Wno-selector -Wno-strict-selector-match -Wno-undeclared-selector -Wno-deprecated-implementations -Wno-implicit-fallthrough -isysroot /Applications/Xcode.app/Contents/Developer/Platforms/MacOSX.platform/Developer/SDKs/MacOSX27.0.sdk -fstrict-aliasing -Wprotocol -Wdeprecated-declarations -Wno-sign-conversion -Wno-infinite-recursion -Wno-comma -Wno-block-capture-autoreleasing -Wno-strict-prototypes -Wno-semicolon-before-method-body -index-store-path /Users/buddhirajgautam/Library/Developer/Xcode/DerivedData/Telegram-Mac-fygdgghdgmuleoelvxabfmqiotta/Index.noindex/DataStore @/Users/buddhirajgautam/Library/Developer/Xcode/DerivedData/Telegram-Mac-fygdgghdgmuleoelvxabfmqiotta/Build/Intermediates.noindex/Promises.build/Debug/FBLPromises-t.build/Objects-normal/arm64/e6072d4f65d7061329687fe24e3d63a7-common-args.resp -include /Users/buddhirajgautam/Library/Developer/Xcode/DerivedData/Telegram-Mac-fygdgghdgmuleoelvxabfmqiotta/Build/Intermediates.noindex/Promises.build/Debug/FBLPromises-t.build/DerivedSources/resource_bundle_accessor.h -MMD -MT dependencies -MF /Users/buddhirajgautam/Library/Developer/Xcode/DerivedData/Telegram-Mac-fygdgghdgmuleoelvxabfmqiotta/Build/Intermediates.noindex/Promises.build/Debug/FBLPromises-t.build/Objects-normal/arm64/FBLPromise+Delay.d --serialize-diagnostics /Users/buddhirajgautam/Library/Developer/Xcode/DerivedData/Telegram-Mac-fygdgghdgmuleoelvxabfmqiotta/Build/Intermediates.noindex/Promises.build/Debug/FBLPromises-t.build/Objects-normal/arm64/FBLPromise+Delay.dia -c /Users/buddhirajgautam/Library/Developer/Xcode/DerivedData/Telegram-Mac-fygdgghdgmuleoelvxabfmqiotta/SourcePackages/checkouts/promises/Sources/FBLPromises/FBLPromise+Delay.m -o /Users/buddhirajgautam/Library/Developer/Xcode/DerivedData/Telegram-Mac-fygdgghdgmuleoelvxabfmqiotta/Build/Intermediates.noindex/Promises.build/Debug/FBLPromises-t.build/Objects-normal/arm64/FBLPromise+Delay.o -index-unit-output-path /Promises.build/Debug/FBLPromises-t.build/Objects-normal/arm64/FBLPromise+Delay.o

CompileC /Users/buddhirajgautam/Library/Developer/Xcode/DerivedData/Telegram-Mac-fygdgghdgmuleoelvxabfmqiotta/Build/Intermediates.noindex/Promises.build/Debug/FBLPromises-t.build/Objects-normal/arm64/FBLPromise+Catch.o /Users/buddhirajgautam/Library/Developer/Xcode/DerivedData/Telegram-Mac-fygdgghdgmuleoelvxabfmqiotta/SourcePackages/checkouts/promises/Sources/FBLPromises/FBLPromise+Catch.m normal arm64 objective-c com.apple.compilers.llvm.clang.1_0.compiler (in target 'FBLPromises' from project 'Promises')
    cd /Users/buddhirajgautam/Documents/Cherrygram-Mac/macOS-Swift
    
    Using response file: /Users/buddhirajgautam/Library/Developer/Xcode/DerivedData/Telegram-Mac-fygdgghdgmuleoelvxabfmqiotta/Build/Intermediates.noindex/Promises.build/Debug/FBLPromises-t.build/Objects-normal/arm64/e6072d4f65d7061329687fe24e3d63a7-common-args.resp
    
    /Applications/Xcode.app/Contents/Developer/Toolchains/XcodeDefault.xctoolchain/usr/bin/clang -x objective-c -ivfsstatcache /Users/buddhirajgautam/Library/Developer/Xcode/DerivedData/SDKStatCaches.noindex/macosx27.0-26A425-e829b21a6f8c9b70876ba0858053c0447231f6df4def33e022ae2eb8f782df1a.sdkstatcache -target arm64-apple-macos12.0 -fmessage-length\=0 -fdiagnostics-show-note-include-stack -fmacro-backtrace-limit\=0 -fno-color-diagnostics -fmodules-prune-interval\=86400 -fmodules-prune-after\=345600 -fbuild-session-file\=/Users/buddhirajgautam/Library/Developer/Xcode/DerivedData/ModuleCache.noindex/Session.modulevalidation -fmodules-validate-once-per-build-session -Wnon-modular-include-in-framework-module -Werror\=non-modular-include-in-framework-module -Wno-trigraphs -Wno-missing-field-initializers -Wno-missing-prototypes -Wno-return-type -Wno-implicit-atomic-properties -Wno-objc-interface-ivars -Wno-arc-repeated-use-of-weak -Wno-missing-braces -Wparentheses -Wswitch -Wno-unused-function -Wno-unused-label -Wno-unused-parameter -Wno-unused-variable -Wunused-value -Wno-empty-body -Wno-uninitialized -Wno-unknown-pragmas -w -Wno-shadow -Wno-four-char-constants -Wno-conversion -Wno-constant-conversion -Wno-int-conversion -Wno-bool-conversion -Wno-enum-conversion -Wno-float-conversion -Wno-non-literal-null-conversion -Wno-objc-literal-conversion -Wshorten-64-to-32 -Wpointer-sign -Wno-newline-eof -Wno-selector -Wno-strict-selector-match -Wno-undeclared-selector -Wno-deprecated-implementations -Wno-implicit-fallthrough -isysroot /Applications/Xcode.app/Contents/Developer/Platforms/MacOSX.platform/Developer/SDKs/MacOSX27.0.sdk -fstrict-aliasing -Wprotocol -Wdeprecated-declarations -Wno-sign-conversion -Wno-infinite-recursion -Wno-comma -Wno-block-capture-autoreleasing -Wno-strict-prototypes -Wno-semicolon-before-method-body -index-store-path /Users/buddhirajgautam/Library/Developer/Xcode/DerivedData/Telegram-Mac-fygdgghdgmuleoelvxabfmqiotta/Index.noindex/DataStore @/Users/buddhirajgautam/Library/Developer/Xcode/DerivedData/Telegram-Mac-fygdgghdgmuleoelvxabfmqiotta/Build/Intermediates.noindex/Promises.build/Debug/FBLPromises-t.build/Objects-normal/arm64/e6072d4f65d7061329687fe24e3d63a7-common-args.resp -include /Users/buddhirajgautam/Library/Developer/Xcode/DerivedData/Telegram-Mac-fygdgghdgmuleoelvxabfmqiotta/Build/Intermediates.noindex/Promises.build/Debug/FBLPromises-t.build/DerivedSources/resource_bundle_accessor.h -MMD -MT dependencies -MF /Users/buddhirajgautam/Library/Developer/Xcode/DerivedData/Telegram-Mac-fygdgghdgmuleoelvxabfmqiotta/Build/Intermediates.noindex/Promises.build/Debug/FBLPromises-t.build/Objects-normal/arm64/FBLPromise+Catch.d --serialize-diagnostics /Users/buddhirajgautam/Library/Developer/Xcode/DerivedData/Telegram-Mac-fygdgghdgmuleoelvxabfmqiotta/Build/Intermediates.noindex/Promises.build/Debug/FBLPromises-t.build/Objects-normal/arm64/FBLPromise+Catch.dia -c /Users/buddhirajgautam/Library/Developer/Xcode/DerivedData/Telegram-Mac-fygdgghdgmuleoelvxabfmqiotta/SourcePackages/checkouts/promises/Sources/FBLPromises/FBLPromise+Catch.m -o /Users/buddhirajgautam/Library/Developer/Xcode/DerivedData/Telegram-Mac-fygdgghdgmuleoelvxabfmqiotta/Build/Intermediates.noindex/Promises.build/Debug/FBLPromises-t.build/Objects-normal/arm64/FBLPromise+Catch.o -index-unit-output-path /Promises.build/Debug/FBLPromises-t.build/Objects-normal/arm64/FBLPromise+Catch.o

CompileC /Users/buddhirajgautam/Library/Developer/Xcode/DerivedData/Telegram-Mac-fygdgghdgmuleoelvxabfmqiotta/Build/Intermediates.noindex/Promises.build/Debug/FBLPromises-t.build/Objects-normal/arm64/FBLPromise+Await.o /Users/buddhirajgautam/Library/Developer/Xcode/DerivedData/Telegram-Mac-fygdgghdgmuleoelvxabfmqiotta/SourcePackages/checkouts/promises/Sources/FBLPromises/FBLPromise+Await.m normal arm64 objective-c com.apple.compilers.llvm.clang.1_0.compiler (in target 'FBLPromises' from project 'Promises')
    cd /Users/buddhirajgautam/Documents/Cherrygram-Mac/macOS-Swift
    
    Using response file: /Users/buddhirajgautam/Library/Developer/Xcode/DerivedData/Telegram-Mac-fygdgghdgmuleoelvxabfmqiotta/Build/Intermediates.noindex/Promises.build/Debug/FBLPromises-t.build/Objects-normal/arm64/e6072d4f65d7061329687fe24e3d63a7-common-args.resp
    
    /Applications/Xcode.app/Contents/Developer/Toolchains/XcodeDefault.xctoolchain/usr/bin/clang -x objective-c -ivfsstatcache /Users/buddhirajgautam/Library/Developer/Xcode/DerivedData/SDKStatCaches.noindex/macosx27.0-26A425-e829b21a6f8c9b70876ba0858053c0447231f6df4def33e022ae2eb8f782df1a.sdkstatcache -target arm64-apple-macos12.0 -fmessage-length\=0 -fdiagnostics-show-note-include-stack -fmacro-backtrace-limit\=0 -fno-color-diagnostics -fmodules-prune-interval\=86400 -fmodules-prune-after\=345600 -fbuild-session-file\=/Users/buddhirajgautam/Library/Developer/Xcode/DerivedData/ModuleCache.noindex/Session.modulevalidation -fmodules-validate-once-per-build-session -Wnon-modular-include-in-framework-module -Werror\=non-modular-include-in-framework-module -Wno-trigraphs -Wno-missing-field-initializers -Wno-missing-prototypes -Wno-return-type -Wno-implicit-atomic-properties -Wno-objc-interface-ivars -Wno-arc-repeated-use-of-weak -Wno-missing-braces -Wparentheses -Wswitch -Wno-unused-function -Wno-unused-label -Wno-unused-parameter -Wno-unused-variable -Wunused-value -Wno-empty-body -Wno-uninitialized -Wno-unknown-pragmas -w -Wno-shadow -Wno-four-char-constants -Wno-conversion -Wno-constant-conversion -Wno-int-conversion -Wno-bool-conversion -Wno-enum-conversion -Wno-float-conversion -Wno-non-literal-null-conversion -Wno-objc-literal-conversion -Wshorten-64-to-32 -Wpointer-sign -Wno-newline-eof -Wno-selector -Wno-strict-selector-match -Wno-undeclared-selector -Wno-deprecated-implementations -Wno-implicit-fallthrough -isysroot /Applications/Xcode.app/Contents/Developer/Platforms/MacOSX.platform/Developer/SDKs/MacOSX27.0.sdk -fstrict-aliasing -Wprotocol -Wdeprecated-declarations -Wno-sign-conversion -Wno-infinite-recursion -Wno-comma -Wno-block-capture-autoreleasing -Wno-strict-prototypes -Wno-semicolon-before-method-body -index-store-path /Users/buddhirajgautam/Library/Developer/Xcode/DerivedData/Telegram-Mac-fygdgghdgmuleoelvxabfmqiotta/Index.noindex/DataStore @/Users/buddhirajgautam/Library/Developer/Xcode/DerivedData/Telegram-Mac-fygdgghdgmuleoelvxabfmqiotta/Build/Intermediates.noindex/Promises.build/Debug/FBLPromises-t.build/Objects-normal/arm64/e6072d4f65d7061329687fe24e3d63a7-common-args.resp -include /Users/buddhirajgautam/Library/Developer/Xcode/DerivedData/Telegram-Mac-fygdgghdgmuleoelvxabfmqiotta/Build/Intermediates.noindex/Promises.build/Debug/FBLPromises-t.build/DerivedSources/resource_bundle_accessor.h -MMD -MT dependencies -MF /Users/buddhirajgautam/Library/Developer/Xcode/DerivedData/Telegram-Mac-fygdgghdgmuleoelvxabfmqiotta/Build/Intermediates.noindex/Promises.build/Debug/FBLPromises-t.build/Objects-normal/arm64/FBLPromise+Await.d --serialize-diagnostics /Users/buddhirajgautam/Library/Developer/Xcode/DerivedData/Telegram-Mac-fygdgghdgmuleoelvxabfmqiotta/Build/Intermediates.noindex/Promises.build/Debug/FBLPromises-t.build/Objects-normal/arm64/FBLPromise+Await.dia -c /Users/buddhirajgautam/Library/Developer/Xcode/DerivedData/Telegram-Mac-fygdgghdgmuleoelvxabfmqiotta/SourcePackages/checkouts/promises/Sources/FBLPromises/FBLPromise+Await.m -o /Users/buddhirajgautam/Library/Developer/Xcode/DerivedData/Telegram-Mac-fygdgghdgmuleoelvxabfmqiotta/Build/Intermediates.noindex/Promises.build/Debug/FBLPromises-t.build/Objects-normal/arm64/FBLPromise+Await.o -index-unit-output-path /Promises.build/Debug/FBLPromises-t.build/Objects-normal/arm64/FBLPromise+Await.o

SwiftDriverJobDiscovery normal arm64 Emitting module for Colors (in target 'Colors' from project 'Colors')

SwiftDriver\ Compilation\ Requirements Colors normal arm64 com.apple.xcode.tools.swift.compiler (in target 'Colors' from project 'Colors')
    cd /Users/buddhirajgautam/Documents/Cherrygram-Mac/macOS-Swift
    builtin-Swift-Compilation-Requirements -- /Applications/Xcode.app/Contents/Developer/Toolchains/XcodeDefault.xctoolchain/usr/bin/swiftc -parse-as-library -module-name Colors -Onone @/Users/buddhirajgautam/Library/Developer/Xcode/DerivedData/Telegram-Mac-fygdgghdgmuleoelvxabfmqiotta/Build/Intermediates.noindex/Colors.build/Debug/Colors-t.build/Objects-normal/arm64/Colors.SwiftFileList -DSWIFT_PACKAGE -DDEBUG -DSWIFT_MODULE_RESOURCE_BUNDLE_UNAVAILABLE -DXcode -plugin-path /Applications/Xcode.app/Contents/Developer/Toolchains/XcodeDefault.xctoolchain/usr/lib/swift/host/plugins/testing -enable-experimental-feature DebugDescriptionMacro -sdk /Applications/Xcode.app/Contents/Developer/Platforms/MacOSX.platform/Developer/SDKs/MacOSX27.0.sdk -target arm64-apple-macos12.0 -g -module-cache-path /Users/buddhirajgautam/Library/Developer/Xcode/DerivedData/ModuleCache.noindex -Xfrontend -serialize-debugging-options -profile-coverage-mapping -profile-generate -enable-testing -index-store-path /Users/buddhirajgautam/Library/Developer/Xcode/DerivedData/Telegram-Mac-fygdgghdgmuleoelvxabfmqiotta/Index.noindex/DataStore -Xcc -D_LIBCPP_HARDENING_MODE\=_LIBCPP_HARDENING_MODE_DEBUG -swift-version 5 -I /Users/buddhirajgautam/Library/Developer/Xcode/DerivedData/Telegram-Mac-fygdgghdgmuleoelvxabfmqiotta/Build/Products/Debug -Isystem /Applications/Xcode.app/Contents/Developer/Platforms/MacOSX.platform/Developer/usr/lib -F /Users/buddhirajgautam/Library/Developer/Xcode/DerivedData/Telegram-Mac-fygdgghdgmuleoelvxabfmqiotta/Build/Products/Debug/PackageFrameworks -F /Users/buddhirajgautam/Library/Developer/Xcode/DerivedData/Telegram-Mac-fygdgghdgmuleoelvxabfmqiotta/Build/Products/Debug -F /Applications/Xcode.app/Contents/Developer/Platforms/MacOSX.platform/Developer/Library/Frameworks -c -j8 -enable-batch-mode -incremental -Xcc -ivfsstatcache -Xcc /Users/buddhirajgautam/Library/Developer/Xcode/DerivedData/SDKStatCaches.noindex/macosx27.0-26A425-e829b21a6f8c9b70876ba0858053c0447231f6df4def33e022ae2eb8f782df1a.sdkstatcache -output-file-map /Users/buddhirajgautam/Library/Developer/Xcode/DerivedData/Telegram-Mac-fygdgghdgmuleoelvxabfmqiotta/Build/Intermediates.noindex/Colors.build/Debug/Colors-t.build/Objects-normal/arm64/Colors-OutputFileMap.json -save-temps -no-color-diagnostics -explicit-module-build -module-cache-path /Users/buddhirajgautam/Library/Developer/Xcode/DerivedData/Telegram-Mac-fygdgghdgmuleoelvxabfmqiotta/Build/Intermediates.noindex/SwiftExplicitPrecompiledModules -clang-scanner-module-cache-path /Users/buddhirajgautam/Library/Developer/Xcode/DerivedData/ModuleCache.noindex -sdk-module-cache-path /Users/buddhirajgautam/Library/Developer/Xcode/DerivedData/SDKExplicitPrecompiledModules -emit-dependencies -emit-module -emit-module-path /Users/buddhirajgautam/Library/Developer/Xcode/DerivedData/Telegram-Mac-fygdgghdgmuleoelvxabfmqiotta/Build/Intermediates.noindex/Colors.build/Debug/Colors-t.build/Objects-normal/arm64/Colors.swiftmodule -serialize-diagnostics -dependency-scan-serialize-diagnostics-path /Users/buddhirajgautam/Library/Developer/Xcode/DerivedData/Telegram-Mac-fygdgghdgmuleoelvxabfmqiotta/Build/Intermediates.noindex/Colors.build/Debug/Colors-t.build/Objects-normal/arm64/Colors-dependency-scan.dia -validate-clang-modules-once -clang-build-session-file /Users/buddhirajgautam/Library/Developer/Xcode/DerivedData/ModuleCache.noindex/Session.modulevalidation -Xcc -fmodules-prune-interval\=86400 -Xcc -fmodules-prune-after\=345600 -emit-const-values -const-gather-protocols-list /Users/buddhirajgautam/Library/Developer/Xcode/DerivedData/Telegram-Mac-fygdgghdgmuleoelvxabfmqiotta/Build/Intermediates.noindex/Colors.build/Debug/Colors-t.build/Objects-normal/arm64/Colors_const_extract_protocols.json -Xcc -I/Users/buddhirajgautam/Library/Developer/Xcode/DerivedData/Telegram-Mac-fygdgghdgmuleoelvxabfmqiotta/Build/Products/Debug/include -Xcc -I/Users/buddhirajgautam/Library/Developer/Xcode/DerivedData/Telegram-Mac-fygdgghdgmuleoelvxabfmqiotta/Build/Intermediates.noindex/Colors.build/Debug/Colors-t.build/DerivedSources-normal/arm64 -Xcc -I/Users/buddhirajgautam/Library/Developer/Xcode/DerivedData/Telegram-Mac-fygdgghdgmuleoelvxabfmqiotta/Build/Intermediates.noindex/Colors.build/Debug/Colors-t.build/DerivedSources/arm64 -Xcc -I/Users/buddhirajgautam/Library/Developer/Xcode/DerivedData/Telegram-Mac-fygdgghdgmuleoelvxabfmqiotta/Build/Intermediates.noindex/Colors.build/Debug/Colors-t.build/DerivedSources -Xcc -DSWIFT_PACKAGE -Xcc -DDEBUG\=1 -emit-objc-header -emit-objc-header-path /Users/buddhirajgautam/Library/Developer/Xcode/DerivedData/Telegram-Mac-fygdgghdgmuleoelvxabfmqiotta/Build/Intermediates.noindex/Colors.build/Debug/Colors-t.build/Objects-normal/arm64/Colors-Swift.h -working-directory /Users/buddhirajgautam/Documents/Cherrygram-Mac/macOS-Swift -experimental-emit-module-separately -disable-cmo

CompileC /Users/buddhirajgautam/Library/Developer/Xcode/DerivedData/Telegram-Mac-fygdgghdgmuleoelvxabfmqiotta/Build/Intermediates.noindex/Promises.build/Debug/FBLPromises-t.build/Objects-normal/arm64/FBLPromise+Async.o /Users/buddhirajgautam/Library/Developer/Xcode/DerivedData/Telegram-Mac-fygdgghdgmuleoelvxabfmqiotta/SourcePackages/checkouts/promises/Sources/FBLPromises/FBLPromise+Async.m normal arm64 objective-c com.apple.compilers.llvm.clang.1_0.compiler (in target 'FBLPromises' from project 'Promises')
    cd /Users/buddhirajgautam/Documents/Cherrygram-Mac/macOS-Swift
    
    Using response file: /Users/buddhirajgautam/Library/Developer/Xcode/DerivedData/Telegram-Mac-fygdgghdgmuleoelvxabfmqiotta/Build/Intermediates.noindex/Promises.build/Debug/FBLPromises-t.build/Objects-normal/arm64/e6072d4f65d7061329687fe24e3d63a7-common-args.resp
    
    /Applications/Xcode.app/Contents/Developer/Toolchains/XcodeDefault.xctoolchain/usr/bin/clang -x objective-c -ivfsstatcache /Users/buddhirajgautam/Library/Developer/Xcode/DerivedData/SDKStatCaches.noindex/macosx27.0-26A425-e829b21a6f8c9b70876ba0858053c0447231f6df4def33e022ae2eb8f782df1a.sdkstatcache -target arm64-apple-macos12.0 -fmessage-length\=0 -fdiagnostics-show-note-include-stack -fmacro-backtrace-limit\=0 -fno-color-diagnostics -fmodules-prune-interval\=86400 -fmodules-prune-after\=345600 -fbuild-session-file\=/Users/buddhirajgautam/Library/Developer/Xcode/DerivedData/ModuleCache.noindex/Session.modulevalidation -fmodules-validate-once-per-build-session -Wnon-modular-include-in-framework-module -Werror\=non-modular-include-in-framework-module -Wno-trigraphs -Wno-missing-field-initializers -Wno-missing-prototypes -Wno-return-type -Wno-implicit-atomic-properties -Wno-objc-interface-ivars -Wno-arc-repeated-use-of-weak -Wno-missing-braces -Wparentheses -Wswitch -Wno-unused-function -Wno-unused-label -Wno-unused-parameter -Wno-unused-variable -Wunused-value -Wno-empty-body -Wno-uninitialized -Wno-unknown-pragmas -w -Wno-shadow -Wno-four-char-constants -Wno-conversion -Wno-constant-conversion -Wno-int-conversion -Wno-bool-conversion -Wno-enum-conversion -Wno-float-conversion -Wno-non-literal-null-conversion -Wno-objc-literal-conversion -Wshorten-64-to-32 -Wpointer-sign -Wno-newline-eof -Wno-selector -Wno-strict-selector-match -Wno-undeclared-selector -Wno-deprecated-implementations -Wno-implicit-fallthrough -isysroot /Applications/Xcode.app/Contents/Developer/Platforms/MacOSX.platform/Developer/SDKs/MacOSX27.0.sdk -fstrict-aliasing -Wprotocol -Wdeprecated-declarations -Wno-sign-conversion -Wno-infinite-recursion -Wno-comma -Wno-block-capture-autoreleasing -Wno-strict-prototypes -Wno-semicolon-before-method-body -index-store-path /Users/buddhirajgautam/Library/Developer/Xcode/DerivedData/Telegram-Mac-fygdgghdgmuleoelvxabfmqiotta/Index.noindex/DataStore @/Users/buddhirajgautam/Library/Developer/Xcode/DerivedData/Telegram-Mac-fygdgghdgmuleoelvxabfmqiotta/Build/Intermediates.noindex/Promises.build/Debug/FBLPromises-t.build/Objects-normal/arm64/e6072d4f65d7061329687fe24e3d63a7-common-args.resp -include /Users/buddhirajgautam/Library/Developer/Xcode/DerivedData/Telegram-Mac-fygdgghdgmuleoelvxabfmqiotta/Build/Intermediates.noindex/Promises.build/Debug/FBLPromises-t.build/DerivedSources/resource_bundle_accessor.h -MMD -MT dependencies -MF /Users/buddhirajgautam/Library/Developer/Xcode/DerivedData/Telegram-Mac-fygdgghdgmuleoelvxabfmqiotta/Build/Intermediates.noindex/Promises.build/Debug/FBLPromises-t.build/Objects-normal/arm64/FBLPromise+Async.d --serialize-diagnostics /Users/buddhirajgautam/Library/Developer/Xcode/DerivedData/Telegram-Mac-fygdgghdgmuleoelvxabfmqiotta/Build/Intermediates.noindex/Promises.build/Debug/FBLPromises-t.build/Objects-normal/arm64/FBLPromise+Async.dia -c /Users/buddhirajgautam/Library/Developer/Xcode/DerivedData/Telegram-Mac-fygdgghdgmuleoelvxabfmqiotta/SourcePackages/checkouts/promises/Sources/FBLPromises/FBLPromise+Async.m -o /Users/buddhirajgautam/Library/Developer/Xcode/DerivedData/Telegram-Mac-fygdgghdgmuleoelvxabfmqiotta/Build/Intermediates.noindex/Promises.build/Debug/FBLPromises-t.build/Objects-normal/arm64/FBLPromise+Async.o -index-unit-output-path /Promises.build/Debug/FBLPromises-t.build/Objects-normal/arm64/FBLPromise+Async.o

SwiftMergeGeneratedHeaders /Users/buddhirajgautam/Library/Developer/Xcode/DerivedData/Telegram-Mac-fygdgghdgmuleoelvxabfmqiotta/Build/Intermediates.noindex/GeneratedModuleMaps/Colors-Swift.h /Users/buddhirajgautam/Library/Developer/Xcode/DerivedData/Telegram-Mac-fygdgghdgmuleoelvxabfmqiotta/Build/Intermediates.noindex/Colors.build/Debug/Colors-t.build/Objects-normal/arm64/Colors-Swift.h (in target 'Colors' from project 'Colors')
    cd /Users/buddhirajgautam/Documents/Cherrygram-Mac/macOS-Swift/packages/Colors
    builtin-swiftHeaderTool -arch arm64 /Users/buddhirajgautam/Library/Developer/Xcode/DerivedData/Telegram-Mac-fygdgghdgmuleoelvxabfmqiotta/Build/Intermediates.noindex/Colors.build/Debug/Colors-t.build/Objects-normal/arm64/Colors-Swift.h -o /Users/buddhirajgautam/Library/Developer/Xcode/DerivedData/Telegram-Mac-fygdgghdgmuleoelvxabfmqiotta/Build/Intermediates.noindex/GeneratedModuleMaps/Colors-Swift.h

Copy /Users/buddhirajgautam/Library/Developer/Xcode/DerivedData/Telegram-Mac-fygdgghdgmuleoelvxabfmqiotta/Build/Products/Debug/Colors.swiftmodule/arm64-apple-macos.swiftmodule /Users/buddhirajgautam/Library/Developer/Xcode/DerivedData/Telegram-Mac-fygdgghdgmuleoelvxabfmqiotta/Build/Intermediates.noindex/Colors.build/Debug/Colors-t.build/Objects-normal/arm64/Colors.swiftmodule (in target 'Colors' from project 'Colors')
    cd /Users/buddhirajgautam/Documents/Cherrygram-Mac/macOS-Swift/packages/Colors
    builtin-copy -exclude .DS_Store -exclude CVS -exclude .svn -exclude .git -exclude .hg -resolve-src-symlinks -rename /Users/buddhirajgautam/Library/Developer/Xcode/DerivedData/Telegram-Mac-fygdgghdgmuleoelvxabfmqiotta/Build/Intermediates.noindex/Colors.build/Debug/Colors-t.build/Objects-normal/arm64/Colors.swiftmodule /Users/buddhirajgautam/Library/Developer/Xcode/DerivedData/Telegram-Mac-fygdgghdgmuleoelvxabfmqiotta/Build/Products/Debug/Colors.swiftmodule/arm64-apple-macos.swiftmodule

Copy /Users/buddhirajgautam/Library/Developer/Xcode/DerivedData/Telegram-Mac-fygdgghdgmuleoelvxabfmqiotta/Build/Products/Debug/Colors.swiftmodule/arm64-apple-macos.swiftdoc /Users/buddhirajgautam/Library/Developer/Xcode/DerivedData/Telegram-Mac-fygdgghdgmuleoelvxabfmqiotta/Build/Intermediates.noindex/Colors.build/Debug/Colors-t.build/Objects-normal/arm64/Colors.swiftdoc (in target 'Colors' from project 'Colors')
    cd /Users/buddhirajgautam/Documents/Cherrygram-Mac/macOS-Swift/packages/Colors
    builtin-copy -exclude .DS_Store -exclude CVS -exclude .svn -exclude .git -exclude .hg -resolve-src-symlinks -rename /Users/buddhirajgautam/Library/Developer/Xcode/DerivedData/Telegram-Mac-fygdgghdgmuleoelvxabfmqiotta/Build/Intermediates.noindex/Colors.build/Debug/Colors-t.build/Objects-normal/arm64/Colors.swiftdoc /Users/buddhirajgautam/Library/Developer/Xcode/DerivedData/Telegram-Mac-fygdgghdgmuleoelvxabfmqiotta/Build/Products/Debug/Colors.swiftmodule/arm64-apple-macos.swiftdoc

Copy /Users/buddhirajgautam/Library/Developer/Xcode/DerivedData/Telegram-Mac-fygdgghdgmuleoelvxabfmqiotta/Build/Products/Debug/Colors.swiftmodule/arm64-apple-macos.abi.json /Users/buddhirajgautam/Library/Developer/Xcode/DerivedData/Telegram-Mac-fygdgghdgmuleoelvxabfmqiotta/Build/Intermediates.noindex/Colors.build/Debug/Colors-t.build/Objects-normal/arm64/Colors.abi.json (in target 'Colors' from project 'Colors')
    cd /Users/buddhirajgautam/Documents/Cherrygram-Mac/macOS-Swift/packages/Colors
    builtin-copy -exclude .DS_Store -exclude CVS -exclude .svn -exclude .git -exclude .hg -resolve-src-symlinks -rename /Users/buddhirajgautam/Library/Developer/Xcode/DerivedData/Telegram-Mac-fygdgghdgmuleoelvxabfmqiotta/Build/Intermediates.noindex/Colors.build/Debug/Colors-t.build/Objects-normal/arm64/Colors.abi.json /Users/buddhirajgautam/Library/Developer/Xcode/DerivedData/Telegram-Mac-fygdgghdgmuleoelvxabfmqiotta/Build/Products/Debug/Colors.swiftmodule/arm64-apple-macos.abi.json

Copy /Users/buddhirajgautam/Library/Developer/Xcode/DerivedData/Telegram-Mac-fygdgghdgmuleoelvxabfmqiotta/Build/Products/Debug/Colors.swiftmodule/Project/arm64-apple-macos.swiftsourceinfo /Users/buddhirajgautam/Library/Developer/Xcode/DerivedData/Telegram-Mac-fygdgghdgmuleoelvxabfmqiotta/Build/Intermediates.noindex/Colors.build/Debug/Colors-t.build/Objects-normal/arm64/Colors.swiftsourceinfo (in target 'Colors' from project 'Colors')
    cd /Users/buddhirajgautam/Documents/Cherrygram-Mac/macOS-Swift/packages/Colors
    builtin-copy -exclude .DS_Store -exclude CVS -exclude .svn -exclude .git -exclude .hg -resolve-src-symlinks -rename /Users/buddhirajgautam/Library/Developer/Xcode/DerivedData/Telegram-Mac-fygdgghdgmuleoelvxabfmqiotta/Build/Intermediates.noindex/Colors.build/Debug/Colors-t.build/Objects-normal/arm64/Colors.swiftsourceinfo /Users/buddhirajgautam/Library/Developer/Xcode/DerivedData/Telegram-Mac-fygdgghdgmuleoelvxabfmqiotta/Build/Products/Debug/Colors.swiftmodule/Project/arm64-apple-macos.swiftsourceinfo

CompileC /Users/buddhirajgautam/Library/Developer/Xcode/DerivedData/Telegram-Mac-fygdgghdgmuleoelvxabfmqiotta/Build/Intermediates.noindex/Promises.build/Debug/FBLPromises-t.build/Objects-normal/arm64/FBLPromise+Any.o /Users/buddhirajgautam/Library/Developer/Xcode/DerivedData/Telegram-Mac-fygdgghdgmuleoelvxabfmqiotta/SourcePackages/checkouts/promises/Sources/FBLPromises/FBLPromise+Any.m normal arm64 objective-c com.apple.compilers.llvm.clang.1_0.compiler (in target 'FBLPromises' from project 'Promises')
    cd /Users/buddhirajgautam/Documents/Cherrygram-Mac/macOS-Swift
    
    Using response file: /Users/buddhirajgautam/Library/Developer/Xcode/DerivedData/Telegram-Mac-fygdgghdgmuleoelvxabfmqiotta/Build/Intermediates.noindex/Promises.build/Debug/FBLPromises-t.build/Objects-normal/arm64/e6072d4f65d7061329687fe24e3d63a7-common-args.resp
    
    /Applications/Xcode.app/Contents/Developer/Toolchains/XcodeDefault.xctoolchain/usr/bin/clang -x objective-c -ivfsstatcache /Users/buddhirajgautam/Library/Developer/Xcode/DerivedData/SDKStatCaches.noindex/macosx27.0-26A425-e829b21a6f8c9b70876ba0858053c0447231f6df4def33e022ae2eb8f782df1a.sdkstatcache -target arm64-apple-macos12.0 -fmessage-length\=0 -fdiagnostics-show-note-include-stack -fmacro-backtrace-limit\=0 -fno-color-diagnostics -fmodules-prune-interval\=86400 -fmodules-prune-after\=345600 -fbuild-session-file\=/Users/buddhirajgautam/Library/Developer/Xcode/DerivedData/ModuleCache.noindex/Session.modulevalidation -fmodules-validate-once-per-build-session -Wnon-modular-include-in-framework-module -Werror\=non-modular-include-in-framework-module -Wno-trigraphs -Wno-missing-field-initializers -Wno-missing-prototypes -Wno-return-type -Wno-implicit-atomic-properties -Wno-objc-interface-ivars -Wno-arc-repeated-use-of-weak -Wno-missing-braces -Wparentheses -Wswitch -Wno-unused-function -Wno-unused-label -Wno-unused-parameter -Wno-unused-variable -Wunused-value -Wno-empty-body -Wno-uninitialized -Wno-unknown-pragmas -w -Wno-shadow -Wno-four-char-constants -Wno-conversion -Wno-constant-conversion -Wno-int-conversion -Wno-bool-conversion -Wno-enum-conversion -Wno-float-conversion -Wno-non-literal-null-conversion -Wno-objc-literal-conversion -Wshorten-64-to-32 -Wpointer-sign -Wno-newline-eof -Wno-selector -Wno-strict-selector-match -Wno-undeclared-selector -Wno-deprecated-implementations -Wno-implicit-fallthrough -isysroot /Applications/Xcode.app/Contents/Developer/Platforms/MacOSX.platform/Developer/SDKs/MacOSX27.0.sdk -fstrict-aliasing -Wprotocol -Wdeprecated-declarations -Wno-sign-conversion -Wno-infinite-recursion -Wno-comma -Wno-block-capture-autoreleasing -Wno-strict-prototypes -Wno-semicolon-before-method-body -index-store-path /Users/buddhirajgautam/Library/Developer/Xcode/DerivedData/Telegram-Mac-fygdgghdgmuleoelvxabfmqiotta/Index.noindex/DataStore @/Users/buddhirajgautam/Library/Developer/Xcode/DerivedData/Telegram-Mac-fygdgghdgmuleoelvxabfmqiotta/Build/Intermediates.noindex/Promises.build/Debug/FBLPromises-t.build/Objects-normal/arm64/e6072d4f65d7061329687fe24e3d63a7-common-args.resp -include /Users/buddhirajgautam/Library/Developer/Xcode/DerivedData/Telegram-Mac-fygdgghdgmuleoelvxabfmqiotta/Build/Intermediates.noindex/Promises.build/Debug/FBLPromises-t.build/DerivedSources/resource_bundle_accessor.h -MMD -MT dependencies -MF /Users/buddhirajgautam/Library/Developer/Xcode/DerivedData/Telegram-Mac-fygdgghdgmuleoelvxabfmqiotta/Build/Intermediates.noindex/Promises.build/Debug/FBLPromises-t.build/Objects-normal/arm64/FBLPromise+Any.d --serialize-diagnostics /Users/buddhirajgautam/Library/Developer/Xcode/DerivedData/Telegram-Mac-fygdgghdgmuleoelvxabfmqiotta/Build/Intermediates.noindex/Promises.build/Debug/FBLPromises-t.build/Objects-normal/arm64/FBLPromise+Any.dia -c /Users/buddhirajgautam/Library/Developer/Xcode/DerivedData/Telegram-Mac-fygdgghdgmuleoelvxabfmqiotta/SourcePackages/checkouts/promises/Sources/FBLPromises/FBLPromise+Any.m -o /Users/buddhirajgautam/Library/Developer/Xcode/DerivedData/Telegram-Mac-fygdgghdgmuleoelvxabfmqiotta/Build/Intermediates.noindex/Promises.build/Debug/FBLPromises-t.build/Objects-normal/arm64/FBLPromise+Any.o -index-unit-output-path /Promises.build/Debug/FBLPromises-t.build/Objects-normal/arm64/FBLPromise+Any.o

CompileC /Users/buddhirajgautam/Library/Developer/Xcode/DerivedData/Telegram-Mac-fygdgghdgmuleoelvxabfmqiotta/Build/Intermediates.noindex/Promises.build/Debug/FBLPromises-t.build/Objects-normal/arm64/FBLPromise+Always.o /Users/buddhirajgautam/Library/Developer/Xcode/DerivedData/Telegram-Mac-fygdgghdgmuleoelvxabfmqiotta/SourcePackages/checkouts/promises/Sources/FBLPromises/FBLPromise+Always.m normal arm64 objective-c com.apple.compilers.llvm.clang.1_0.compiler (in target 'FBLPromises' from project 'Promises')
    cd /Users/buddhirajgautam/Documents/Cherrygram-Mac/macOS-Swift
    
    Using response file: /Users/buddhirajgautam/Library/Developer/Xcode/DerivedData/Telegram-Mac-fygdgghdgmuleoelvxabfmqiotta/Build/Intermediates.noindex/Promises.build/Debug/FBLPromises-t.build/Objects-normal/arm64/e6072d4f65d7061329687fe24e3d63a7-common-args.resp
    
    /Applications/Xcode.app/Contents/Developer/Toolchains/XcodeDefault.xctoolchain/usr/bin/clang -x objective-c -ivfsstatcache /Users/buddhirajgautam/Library/Developer/Xcode/DerivedData/SDKStatCaches.noindex/macosx27.0-26A425-e829b21a6f8c9b70876ba0858053c0447231f6df4def33e022ae2eb8f782df1a.sdkstatcache -target arm64-apple-macos12.0 -fmessage-length\=0 -fdiagnostics-show-note-include-stack -fmacro-backtrace-limit\=0 -fno-color-diagnostics -fmodules-prune-interval\=86400 -fmodules-prune-after\=345600 -fbuild-session-file\=/Users/buddhirajgautam/Library/Developer/Xcode/DerivedData/ModuleCache.noindex/Session.modulevalidation -fmodules-validate-once-per-build-session -Wnon-modular-include-in-framework-module -Werror\=non-modular-include-in-framework-module -Wno-trigraphs -Wno-missing-field-initializers -Wno-missing-prototypes -Wno-return-type -Wno-implicit-atomic-properties -Wno-objc-interface-ivars -Wno-arc-repeated-use-of-weak -Wno-missing-braces -Wparentheses -Wswitch -Wno-unused-function -Wno-unused-label -Wno-unused-parameter -Wno-unused-variable -Wunused-value -Wno-empty-body -Wno-uninitialized -Wno-unknown-pragmas -w -Wno-shadow -Wno-four-char-constants -Wno-conversion -Wno-constant-conversion -Wno-int-conversion -Wno-bool-conversion -Wno-enum-conversion -Wno-float-conversion -Wno-non-literal-null-conversion -Wno-objc-literal-conversion -Wshorten-64-to-32 -Wpointer-sign -Wno-newline-eof -Wno-selector -Wno-strict-selector-match -Wno-undeclared-selector -Wno-deprecated-implementations -Wno-implicit-fallthrough -isysroot /Applications/Xcode.app/Contents/Developer/Platforms/MacOSX.platform/Developer/SDKs/MacOSX27.0.sdk -fstrict-aliasing -Wprotocol -Wdeprecated-declarations -Wno-sign-conversion -Wno-infinite-recursion -Wno-comma -Wno-block-capture-autoreleasing -Wno-strict-prototypes -Wno-semicolon-before-method-body -index-store-path /Users/buddhirajgautam/Library/Developer/Xcode/DerivedData/Telegram-Mac-fygdgghdgmuleoelvxabfmqiotta/Index.noindex/DataStore @/Users/buddhirajgautam/Library/Developer/Xcode/DerivedData/Telegram-Mac-fygdgghdgmuleoelvxabfmqiotta/Build/Intermediates.noindex/Promises.build/Debug/FBLPromises-t.build/Objects-normal/arm64/e6072d4f65d7061329687fe24e3d63a7-common-args.resp -include /Users/buddhirajgautam/Library/Developer/Xcode/DerivedData/Telegram-Mac-fygdgghdgmuleoelvxabfmqiotta/Build/Intermediates.noindex/Promises.build/Debug/FBLPromises-t.build/DerivedSources/resource_bundle_accessor.h -MMD -MT dependencies -MF /Users/buddhirajgautam/Library/Developer/Xcode/DerivedData/Telegram-Mac-fygdgghdgmuleoelvxabfmqiotta/Build/Intermediates.noindex/Promises.build/Debug/FBLPromises-t.build/Objects-normal/arm64/FBLPromise+Always.d --serialize-diagnostics /Users/buddhirajgautam/Library/Developer/Xcode/DerivedData/Telegram-Mac-fygdgghdgmuleoelvxabfmqiotta/Build/Intermediates.noindex/Promises.build/Debug/FBLPromises-t.build/Objects-normal/arm64/FBLPromise+Always.dia -c /Users/buddhirajgautam/Library/Developer/Xcode/DerivedData/Telegram-Mac-fygdgghdgmuleoelvxabfmqiotta/SourcePackages/checkouts/promises/Sources/FBLPromises/FBLPromise+Always.m -o /Users/buddhirajgautam/Library/Developer/Xcode/DerivedData/Telegram-Mac-fygdgghdgmuleoelvxabfmqiotta/Build/Intermediates.noindex/Promises.build/Debug/FBLPromises-t.build/Objects-normal/arm64/FBLPromise+Always.o -index-unit-output-path /Promises.build/Debug/FBLPromises-t.build/Objects-normal/arm64/FBLPromise+Always.o

CompileC /Users/buddhirajgautam/Library/Developer/Xcode/DerivedData/Telegram-Mac-fygdgghdgmuleoelvxabfmqiotta/Build/Intermediates.noindex/Promises.build/Debug/FBLPromises-t.build/Objects-normal/arm64/FBLPromise+All.o /Users/buddhirajgautam/Library/Developer/Xcode/DerivedData/Telegram-Mac-fygdgghdgmuleoelvxabfmqiotta/SourcePackages/checkouts/promises/Sources/FBLPromises/FBLPromise+All.m normal arm64 objective-c com.apple.compilers.llvm.clang.1_0.compiler (in target 'FBLPromises' from project 'Promises')
    cd /Users/buddhirajgautam/Documents/Cherrygram-Mac/macOS-Swift
    
    Using response file: /Users/buddhirajgautam/Library/Developer/Xcode/DerivedData/Telegram-Mac-fygdgghdgmuleoelvxabfmqiotta/Build/Intermediates.noindex/Promises.build/Debug/FBLPromises-t.build/Objects-normal/arm64/e6072d4f65d7061329687fe24e3d63a7-common-args.resp
    
    /Applications/Xcode.app/Contents/Developer/Toolchains/XcodeDefault.xctoolchain/usr/bin/clang -x objective-c -ivfsstatcache /Users/buddhirajgautam/Library/Developer/Xcode/DerivedData/SDKStatCaches.noindex/macosx27.0-26A425-e829b21a6f8c9b70876ba0858053c0447231f6df4def33e022ae2eb8f782df1a.sdkstatcache -target arm64-apple-macos12.0 -fmessage-length\=0 -fdiagnostics-show-note-include-stack -fmacro-backtrace-limit\=0 -fno-color-diagnostics -fmodules-prune-interval\=86400 -fmodules-prune-after\=345600 -fbuild-session-file\=/Users/buddhirajgautam/Library/Developer/Xcode/DerivedData/ModuleCache.noindex/Session.modulevalidation -fmodules-validate-once-per-build-session -Wnon-modular-include-in-framework-module -Werror\=non-modular-include-in-framework-module -Wno-trigraphs -Wno-missing-field-initializers -Wno-missing-prototypes -Wno-return-type -Wno-implicit-atomic-properties -Wno-objc-interface-ivars -Wno-arc-repeated-use-of-weak -Wno-missing-braces -Wparentheses -Wswitch -Wno-unused-function -Wno-unused-label -Wno-unused-parameter -Wno-unused-variable -Wunused-value -Wno-empty-body -Wno-uninitialized -Wno-unknown-pragmas -w -Wno-shadow -Wno-four-char-constants -Wno-conversion -Wno-constant-conversion -Wno-int-conversion -Wno-bool-conversion -Wno-enum-conversion -Wno-float-conversion -Wno-non-literal-null-conversion -Wno-objc-literal-conversion -Wshorten-64-to-32 -Wpointer-sign -Wno-newline-eof -Wno-selector -Wno-strict-selector-match -Wno-undeclared-selector -Wno-deprecated-implementations -Wno-implicit-fallthrough -isysroot /Applications/Xcode.app/Contents/Developer/Platforms/MacOSX.platform/Developer/SDKs/MacOSX27.0.sdk -fstrict-aliasing -Wprotocol -Wdeprecated-declarations -Wno-sign-conversion -Wno-infinite-recursion -Wno-comma -Wno-block-capture-autoreleasing -Wno-strict-prototypes -Wno-semicolon-before-method-body -index-store-path /Users/buddhirajgautam/Library/Developer/Xcode/DerivedData/Telegram-Mac-fygdgghdgmuleoelvxabfmqiotta/Index.noindex/DataStore @/Users/buddhirajgautam/Library/Developer/Xcode/DerivedData/Telegram-Mac-fygdgghdgmuleoelvxabfmqiotta/Build/Intermediates.noindex/Promises.build/Debug/FBLPromises-t.build/Objects-normal/arm64/e6072d4f65d7061329687fe24e3d63a7-common-args.resp -include /Users/buddhirajgautam/Library/Developer/Xcode/DerivedData/Telegram-Mac-fygdgghdgmuleoelvxabfmqiotta/Build/Intermediates.noindex/Promises.build/Debug/FBLPromises-t.build/DerivedSources/resource_bundle_accessor.h -MMD -MT dependencies -MF /Users/buddhirajgautam/Library/Developer/Xcode/DerivedData/Telegram-Mac-fygdgghdgmuleoelvxabfmqiotta/Build/Intermediates.noindex/Promises.build/Debug/FBLPromises-t.build/Objects-normal/arm64/FBLPromise+All.d --serialize-diagnostics /Users/buddhirajgautam/Library/Developer/Xcode/DerivedData/Telegram-Mac-fygdgghdgmuleoelvxabfmqiotta/Build/Intermediates.noindex/Promises.build/Debug/FBLPromises-t.build/Objects-normal/arm64/FBLPromise+All.dia -c /Users/buddhirajgautam/Library/Developer/Xcode/DerivedData/Telegram-Mac-fygdgghdgmuleoelvxabfmqiotta/SourcePackages/checkouts/promises/Sources/FBLPromises/FBLPromise+All.m -o /Users/buddhirajgautam/Library/Developer/Xcode/DerivedData/Telegram-Mac-fygdgghdgmuleoelvxabfmqiotta/Build/Intermediates.noindex/Promises.build/Debug/FBLPromises-t.build/Objects-normal/arm64/FBLPromise+All.o -index-unit-output-path /Promises.build/Debug/FBLPromises-t.build/Objects-normal/arm64/FBLPromise+All.o

ExtractAppIntentsMetadata (in target 'MergeLists' from project 'MergeLists')
    cd /Users/buddhirajgautam/Documents/Cherrygram-Mac/macOS-Swift/packages/MergeLists
    /Applications/Xcode.app/Contents/Developer/Toolchains/XcodeDefault.xctoolchain/usr/bin/appintentsmetadataprocessor --toolchain-dir /var/run/com.apple.security.cryptexd/mnt/com.apple.MobileAsset.MetalToolchain-v27.1.266.1.Pr1pMU/Metal.xctoolchain --module-name MergeLists --sdk-root /Applications/Xcode.app/Contents/Developer/Platforms/MacOSX.platform/Developer/SDKs/MacOSX27.0.sdk --xcode-version 27A266a --platform-family macOS --deployment-target 12.0 --bundle-identifier mergelists.MergeLists --output /Users/buddhirajgautam/Library/Developer/Xcode/DerivedData/Telegram-Mac-fygdgghdgmuleoelvxabfmqiotta/Build/Products/Debug/MergeLists.appintents --target-triple arm64-apple-macos12.0 --binary-file /Users/buddhirajgautam/Library/Developer/Xcode/DerivedData/Telegram-Mac-fygdgghdgmuleoelvxabfmqiotta/Build/Products/Debug/MergeLists.o --dependency-file /Users/buddhirajgautam/Library/Developer/Xcode/DerivedData/Telegram-Mac-fygdgghdgmuleoelvxabfmqiotta/Build/Intermediates.noindex/MergeLists.build/Debug/MergeLists-t.build/Objects-normal/arm64/MergeLists_dependency_info.dat --stringsdata-file /Users/buddhirajgautam/Library/Developer/Xcode/DerivedData/Telegram-Mac-fygdgghdgmuleoelvxabfmqiotta/Build/Intermediates.noindex/MergeLists.build/Debug/MergeLists-t.build/Objects-normal/arm64/ExtractedAppShortcutsMetadata.stringsdata --source-file-list /Users/buddhirajgautam/Library/Developer/Xcode/DerivedData/Telegram-Mac-fygdgghdgmuleoelvxabfmqiotta/Build/Intermediates.noindex/MergeLists.build/Debug/MergeLists-t.build/Objects-normal/arm64/MergeLists.SwiftFileList --metadata-file-list /Users/buddhirajgautam/Library/Developer/Xcode/DerivedData/Telegram-Mac-fygdgghdgmuleoelvxabfmqiotta/Build/Intermediates.noindex/MergeLists.build/Debug/MergeLists-t.build/MergeLists.DependencyMetadataFileList --static-metadata-file-list /Users/buddhirajgautam/Library/Developer/Xcode/DerivedData/Telegram-Mac-fygdgghdgmuleoelvxabfmqiotta/Build/Intermediates.noindex/MergeLists.build/Debug/MergeLists-t.build/MergeLists.DependencyStaticMetadataFileList --swift-const-vals-list /Users/buddhirajgautam/Library/Developer/Xcode/DerivedData/Telegram-Mac-fygdgghdgmuleoelvxabfmqiotta/Build/Intermediates.noindex/MergeLists.build/Debug/MergeLists-t.build/Objects-normal/arm64/MergeLists.SwiftConstValuesFileList --force --compile-time-extraction --deployment-aware-processing --no-app-shortcuts-localization
2026-09-21 20:24:08.402 appintentsmetadataprocessor[56313:3885504] Starting appintentsmetadataprocessor export
2026-09-21 20:24:08.531 appintentsmetadataprocessor[56313:3885504] Extracted no relevant App Intents symbols, skipping writing output

RegisterExecutionPolicyException /Users/buddhirajgautam/Library/Developer/Xcode/DerivedData/Telegram-Mac-fygdgghdgmuleoelvxabfmqiotta/Build/Products/Debug/RLottie.framework (in target 'RLottie' from project 'RLottie_Xcode')
    cd /Users/buddhirajgautam/Documents/Cherrygram-Mac/macOS-Swift/submodules/RLottie_Xcode
    builtin-RegisterExecutionPolicyException /Users/buddhirajgautam/Library/Developer/Xcode/DerivedData/Telegram-Mac-fygdgghdgmuleoelvxabfmqiotta/Build/Products/Debug/RLottie.framework

SwiftCompile normal arm64 Compiling\ ManagedFile.swift /Users/buddhirajgautam/Documents/Cherrygram-Mac/macOS-Swift/submodules/telegram-ios/submodules/ManagedFile/Sources/ManagedFile.swift (in target 'ManagedFile' from project 'ManagedFile')

SwiftCompile normal arm64 /Users/buddhirajgautam/Documents/Cherrygram-Mac/macOS-Swift/submodules/telegram-ios/submodules/ManagedFile/Sources/ManagedFile.swift (in target 'ManagedFile' from project 'ManagedFile')
    cd /Users/buddhirajgautam/Documents/Cherrygram-Mac/macOS-Swift
    builtin-SwiftPerFileCompile ManagedFile.swift

ExtractAppIntentsMetadata (in target 'KeyboardKey' from project 'KeyboardKey')
    cd /Users/buddhirajgautam/Documents/Cherrygram-Mac/macOS-Swift/packages/KeyboardKey
    /Applications/Xcode.app/Contents/Developer/Toolchains/XcodeDefault.xctoolchain/usr/bin/appintentsmetadataprocessor --toolchain-dir /var/run/com.apple.security.cryptexd/mnt/com.apple.MobileAsset.MetalToolchain-v27.1.266.1.Pr1pMU/Metal.xctoolchain --module-name KeyboardKey --sdk-root /Applications/Xcode.app/Contents/Developer/Platforms/MacOSX.platform/Developer/SDKs/MacOSX27.0.sdk --xcode-version 27A266a --platform-family macOS --deployment-target 12.0 --bundle-identifier keyboardkey.KeyboardKey --output /Users/buddhirajgautam/Library/Developer/Xcode/DerivedData/Telegram-Mac-fygdgghdgmuleoelvxabfmqiotta/Build/Products/Debug/KeyboardKey.appintents --target-triple arm64-apple-macos12.0 --binary-file /Users/buddhirajgautam/Library/Developer/Xcode/DerivedData/Telegram-Mac-fygdgghdgmuleoelvxabfmqiotta/Build/Products/Debug/KeyboardKey.o --dependency-file /Users/buddhirajgautam/Library/Developer/Xcode/DerivedData/Telegram-Mac-fygdgghdgmuleoelvxabfmqiotta/Build/Intermediates.noindex/KeyboardKey.build/Debug/KeyboardKey-t.build/Objects-normal/arm64/KeyboardKey_dependency_info.dat --stringsdata-file /Users/buddhirajgautam/Library/Developer/Xcode/DerivedData/Telegram-Mac-fygdgghdgmuleoelvxabfmqiotta/Build/Intermediates.noindex/KeyboardKey.build/Debug/KeyboardKey-t.build/Objects-normal/arm64/ExtractedAppShortcutsMetadata.stringsdata --source-file-list /Users/buddhirajgautam/Library/Developer/Xcode/DerivedData/Telegram-Mac-fygdgghdgmuleoelvxabfmqiotta/Build/Intermediates.noindex/KeyboardKey.build/Debug/KeyboardKey-t.build/Objects-normal/arm64/KeyboardKey.SwiftFileList --metadata-file-list /Users/buddhirajgautam/Library/Developer/Xcode/DerivedData/Telegram-Mac-fygdgghdgmuleoelvxabfmqiotta/Build/Intermediates.noindex/KeyboardKey.build/Debug/KeyboardKey-t.build/KeyboardKey.DependencyMetadataFileList --static-metadata-file-list /Users/buddhirajgautam/Library/Developer/Xcode/DerivedData/Telegram-Mac-fygdgghdgmuleoelvxabfmqiotta/Build/Intermediates.noindex/KeyboardKey.build/Debug/KeyboardKey-t.build/KeyboardKey.DependencyStaticMetadataFileList --swift-const-vals-list /Users/buddhirajgautam/Library/Developer/Xcode/DerivedData/Telegram-Mac-fygdgghdgmuleoelvxabfmqiotta/Build/Intermediates.noindex/KeyboardKey.build/Debug/KeyboardKey-t.build/Objects-normal/arm64/KeyboardKey.SwiftConstValuesFileList --force --compile-time-extraction --deployment-aware-processing --no-app-shortcuts-localization
2026-09-21 20:24:08.449 appintentsmetadataprocessor[56315:3885510] Starting appintentsmetadataprocessor export
2026-09-21 20:24:08.574 appintentsmetadataprocessor[56315:3885510] Extracted no relevant App Intents symbols, skipping writing output

SwiftDriverJobDiscovery normal arm64 Compiling Reachability.swift (in target 'Reachability' from project 'Reachability')

ExtractAppIntentsMetadata (in target 'GraphCore' from project 'GraphCore')
    cd /Users/buddhirajgautam/Documents/Cherrygram-Mac/macOS-Swift/submodules/telegram-ios/submodules/GraphCore
    /Applications/Xcode.app/Contents/Developer/Toolchains/XcodeDefault.xctoolchain/usr/bin/appintentsmetadataprocessor --toolchain-dir /var/run/com.apple.security.cryptexd/mnt/com.apple.MobileAsset.MetalToolchain-v27.1.266.1.Pr1pMU/Metal.xctoolchain --module-name GraphCore --sdk-root /Applications/Xcode.app/Contents/Developer/Platforms/MacOSX.platform/Developer/SDKs/MacOSX27.0.sdk --xcode-version 27A266a --platform-family macOS --deployment-target 12.0 --bundle-identifier graphcore.GraphCore --output /Users/buddhirajgautam/Library/Developer/Xcode/DerivedData/Telegram-Mac-fygdgghdgmuleoelvxabfmqiotta/Build/Products/Debug/GraphCore.appintents --target-triple arm64-apple-macos12.0 --binary-file /Users/buddhirajgautam/Library/Developer/Xcode/DerivedData/Telegram-Mac-fygdgghdgmuleoelvxabfmqiotta/Build/Products/Debug/GraphCore.o --dependency-file /Users/buddhirajgautam/Library/Developer/Xcode/DerivedData/Telegram-Mac-fygdgghdgmuleoelvxabfmqiotta/Build/Intermediates.noindex/GraphCore.build/Debug/GraphCore-t.build/Objects-normal/arm64/GraphCore_dependency_info.dat --stringsdata-file /Users/buddhirajgautam/Library/Developer/Xcode/DerivedData/Telegram-Mac-fygdgghdgmuleoelvxabfmqiotta/Build/Intermediates.noindex/GraphCore.build/Debug/GraphCore-t.build/Objects-normal/arm64/ExtractedAppShortcutsMetadata.stringsdata --source-file-list /Users/buddhirajgautam/Library/Developer/Xcode/DerivedData/Telegram-Mac-fygdgghdgmuleoelvxabfmqiotta/Build/Intermediates.noindex/GraphCore.build/Debug/GraphCore-t.build/Objects-normal/arm64/GraphCore.SwiftFileList --metadata-file-list /Users/buddhirajgautam/Library/Developer/Xcode/DerivedData/Telegram-Mac-fygdgghdgmuleoelvxabfmqiotta/Build/Intermediates.noindex/GraphCore.build/Debug/GraphCore-t.build/GraphCore.DependencyMetadataFileList --static-metadata-file-list /Users/buddhirajgautam/Library/Developer/Xcode/DerivedData/Telegram-Mac-fygdgghdgmuleoelvxabfmqiotta/Build/Intermediates.noindex/GraphCore.build/Debug/GraphCore-t.build/GraphCore.DependencyStaticMetadataFileList --swift-const-vals-list /Users/buddhirajgautam/Library/Developer/Xcode/DerivedData/Telegram-Mac-fygdgghdgmuleoelvxabfmqiotta/Build/Intermediates.noindex/GraphCore.build/Debug/GraphCore-t.build/Objects-normal/arm64/GraphCore.SwiftConstValuesFileList --force --compile-time-extraction --deployment-aware-processing --no-app-shortcuts-localization
2026-09-21 20:24:08.470 appintentsmetadataprocessor[56316:3885511] Starting appintentsmetadataprocessor export
2026-09-21 20:24:08.593 appintentsmetadataprocessor[56316:3885511] Extracted no relevant App Intents symbols, skipping writing output

Touch /Users/buddhirajgautam/Library/Developer/Xcode/DerivedData/Telegram-Mac-fygdgghdgmuleoelvxabfmqiotta/Build/Products/Debug/GoogleUtilities_GoogleUtilities-Network.bundle (in target 'GoogleUtilities_GoogleUtilities-Network' from project 'GoogleUtilities')
    cd /Users/buddhirajgautam/Library/Developer/Xcode/DerivedData/Telegram-Mac-fygdgghdgmuleoelvxabfmqiotta/SourcePackages/checkouts/GoogleUtilities
    /usr/bin/touch -c /Users/buddhirajgautam/Library/Developer/Xcode/DerivedData/Telegram-Mac-fygdgghdgmuleoelvxabfmqiotta/Build/Products/Debug/GoogleUtilities_GoogleUtilities-Network.bundle

SwiftDriver\ Compilation Reachability normal arm64 com.apple.xcode.tools.swift.compiler (in target 'Reachability' from project 'Reachability')
    cd /Users/buddhirajgautam/Documents/Cherrygram-Mac/macOS-Swift
    builtin-Swift-Compilation -- /Applications/Xcode.app/Contents/Developer/Toolchains/XcodeDefault.xctoolchain/usr/bin/swiftc -parse-as-library -module-name Reachability -Onone @/Users/buddhirajgautam/Library/Developer/Xcode/DerivedData/Telegram-Mac-fygdgghdgmuleoelvxabfmqiotta/Build/Intermediates.noindex/Reachability.build/Debug/Reachability-t.build/Objects-normal/arm64/Reachability.SwiftFileList -DSWIFT_PACKAGE -DDEBUG -DSWIFT_MODULE_RESOURCE_BUNDLE_UNAVAILABLE -Xcc -fmodule-map-file\=/Users/buddhirajgautam/Library/Developer/Xcode/DerivedData/Telegram-Mac-fygdgghdgmuleoelvxabfmqiotta/Build/Intermediates.noindex/GeneratedModuleMaps/LegacyReachability.modulemap -DXcode -plugin-path /Applications/Xcode.app/Contents/Developer/Toolchains/XcodeDefault.xctoolchain/usr/lib/swift/host/plugins/testing -enable-experimental-feature DebugDescriptionMacro -sdk /Applications/Xcode.app/Contents/Developer/Platforms/MacOSX.platform/Developer/SDKs/MacOSX27.0.sdk -target arm64-apple-macos12.0 -g -module-cache-path /Users/buddhirajgautam/Library/Developer/Xcode/DerivedData/ModuleCache.noindex -Xfrontend -serialize-debugging-options -profile-coverage-mapping -profile-generate -enable-testing -index-store-path /Users/buddhirajgautam/Library/Developer/Xcode/DerivedData/Telegram-Mac-fygdgghdgmuleoelvxabfmqiotta/Index.noindex/DataStore -Xcc -D_LIBCPP_HARDENING_MODE\=_LIBCPP_HARDENING_MODE_DEBUG -swift-version 5 -I /Users/buddhirajgautam/Library/Developer/Xcode/DerivedData/Telegram-Mac-fygdgghdgmuleoelvxabfmqiotta/Build/Products/Debug -Isystem /Applications/Xcode.app/Contents/Developer/Platforms/MacOSX.platform/Developer/usr/lib -F /Users/buddhirajgautam/Library/Developer/Xcode/DerivedData/Telegram-Mac-fygdgghdgmuleoelvxabfmqiotta/Build/Products/Debug/PackageFrameworks -F /Users/buddhirajgautam/Library/Developer/Xcode/DerivedData/Telegram-Mac-fygdgghdgmuleoelvxabfmqiotta/Build/Products/Debug -F /Applications/Xcode.app/Contents/Developer/Platforms/MacOSX.platform/Developer/Library/Frameworks -c -j8 -enable-batch-mode -incremental -Xcc -ivfsstatcache -Xcc /Users/buddhirajgautam/Library/Developer/Xcode/DerivedData/SDKStatCaches.noindex/macosx27.0-26A425-e829b21a6f8c9b70876ba0858053c0447231f6df4def33e022ae2eb8f782df1a.sdkstatcache -output-file-map /Users/buddhirajgautam/Library/Developer/Xcode/DerivedData/Telegram-Mac-fygdgghdgmuleoelvxabfmqiotta/Build/Intermediates.noindex/Reachability.build/Debug/Reachability-t.build/Objects-normal/arm64/Reachability-OutputFileMap.json -save-temps -no-color-diagnostics -explicit-module-build -module-cache-path /Users/buddhirajgautam/Library/Developer/Xcode/DerivedData/Telegram-Mac-fygdgghdgmuleoelvxabfmqiotta/Build/Intermediates.noindex/SwiftExplicitPrecompiledModules -clang-scanner-module-cache-path /Users/buddhirajgautam/Library/Developer/Xcode/DerivedData/ModuleCache.noindex -sdk-module-cache-path /Users/buddhirajgautam/Library/Developer/Xcode/DerivedData/SDKExplicitPrecompiledModules -emit-dependencies -emit-module -emit-module-path /Users/buddhirajgautam/Library/Developer/Xcode/DerivedData/Telegram-Mac-fygdgghdgmuleoelvxabfmqiotta/Build/Intermediates.noindex/Reachability.build/Debug/Reachability-t.build/Objects-normal/arm64/Reachability.swiftmodule -serialize-diagnostics -dependency-scan-serialize-diagnostics-path /Users/buddhirajgautam/Library/Developer/Xcode/DerivedData/Telegram-Mac-fygdgghdgmuleoelvxabfmqiotta/Build/Intermediates.noindex/Reachability.build/Debug/Reachability-t.build/Objects-normal/arm64/Reachability-dependency-scan.dia -validate-clang-modules-once -clang-build-session-file /Users/buddhirajgautam/Library/Developer/Xcode/DerivedData/ModuleCache.noindex/Session.modulevalidation -Xcc -fmodules-prune-interval\=86400 -Xcc -fmodules-prune-after\=345600 -emit-const-values -const-gather-protocols-list /Users/buddhirajgautam/Library/Developer/Xcode/DerivedData/Telegram-Mac-fygdgghdgmuleoelvxabfmqiotta/Build/Intermediates.noindex/Reachability.build/Debug/Reachability-t.build/Objects-normal/arm64/Reachability_const_extract_protocols.json -Xcc -I/Users/buddhirajgautam/Documents/Cherrygram-Mac/macOS-Swift/submodules/telegram-ios/submodules/Reachability/LegacyReachability/PublicHeaders -Xcc -I/Users/buddhirajgautam/Library/Developer/Xcode/DerivedData/Telegram-Mac-fygdgghdgmuleoelvxabfmqiotta/Build/Products/Debug/include -Xcc -I/Users/buddhirajgautam/Library/Developer/Xcode/DerivedData/Telegram-Mac-fygdgghdgmuleoelvxabfmqiotta/Build/Intermediates.noindex/Reachability.build/Debug/Reachability-t.build/DerivedSources-normal/arm64 -Xcc -I/Users/buddhirajgautam/Library/Developer/Xcode/DerivedData/Telegram-Mac-fygdgghdgmuleoelvxabfmqiotta/Build/Intermediates.noindex/Reachability.build/Debug/Reachability-t.build/DerivedSources/arm64 -Xcc -I/Users/buddhirajgautam/Library/Developer/Xcode/DerivedData/Telegram-Mac-fygdgghdgmuleoelvxabfmqiotta/Build/Intermediates.noindex/Reachability.build/Debug/Reachability-t.build/DerivedSources -Xcc -DSWIFT_PACKAGE -Xcc -DDEBUG\=1 -emit-objc-header -emit-objc-header-path /Users/buddhirajgautam/Library/Developer/Xcode/DerivedData/Telegram-Mac-fygdgghdgmuleoelvxabfmqiotta/Build/Intermediates.noindex/Reachability.build/Debug/Reachability-t.build/Objects-normal/arm64/Reachability-Swift.h -working-directory /Users/buddhirajgautam/Documents/Cherrygram-Mac/macOS-Swift -experimental-emit-module-separately -disable-cmo

Touch /Users/buddhirajgautam/Library/Developer/Xcode/DerivedData/Telegram-Mac-fygdgghdgmuleoelvxabfmqiotta/Build/Products/Debug/GoogleUtilities_GoogleUtilities-NSData.bundle (in target 'GoogleUtilities_GoogleUtilities-NSData' from project 'GoogleUtilities')
    cd /Users/buddhirajgautam/Library/Developer/Xcode/DerivedData/Telegram-Mac-fygdgghdgmuleoelvxabfmqiotta/SourcePackages/checkouts/GoogleUtilities
    /usr/bin/touch -c /Users/buddhirajgautam/Library/Developer/Xcode/DerivedData/Telegram-Mac-fygdgghdgmuleoelvxabfmqiotta/Build/Products/Debug/GoogleUtilities_GoogleUtilities-NSData.bundle

Touch /Users/buddhirajgautam/Library/Developer/Xcode/DerivedData/Telegram-Mac-fygdgghdgmuleoelvxabfmqiotta/Build/Products/Debug/GoogleUtilities_GoogleUtilities-MethodSwizzler.bundle (in target 'GoogleUtilities_GoogleUtilities-MethodSwizzler' from project 'GoogleUtilities')
    cd /Users/buddhirajgautam/Library/Developer/Xcode/DerivedData/Telegram-Mac-fygdgghdgmuleoelvxabfmqiotta/SourcePackages/checkouts/GoogleUtilities
    /usr/bin/touch -c /Users/buddhirajgautam/Library/Developer/Xcode/DerivedData/Telegram-Mac-fygdgghdgmuleoelvxabfmqiotta/Build/Products/Debug/GoogleUtilities_GoogleUtilities-MethodSwizzler.bundle

Touch /Users/buddhirajgautam/Library/Developer/Xcode/DerivedData/Telegram-Mac-fygdgghdgmuleoelvxabfmqiotta/Build/Products/Debug/GoogleUtilities_GoogleUtilities-Logger.bundle (in target 'GoogleUtilities_GoogleUtilities-Logger' from project 'GoogleUtilities')
    cd /Users/buddhirajgautam/Library/Developer/Xcode/DerivedData/Telegram-Mac-fygdgghdgmuleoelvxabfmqiotta/SourcePackages/checkouts/GoogleUtilities
    /usr/bin/touch -c /Users/buddhirajgautam/Library/Developer/Xcode/DerivedData/Telegram-Mac-fygdgghdgmuleoelvxabfmqiotta/Build/Products/Debug/GoogleUtilities_GoogleUtilities-Logger.bundle

Touch /Users/buddhirajgautam/Library/Developer/Xcode/DerivedData/Telegram-Mac-fygdgghdgmuleoelvxabfmqiotta/Build/Products/Debug/GoogleUtilities_GoogleUtilities-Environment.bundle (in target 'GoogleUtilities_GoogleUtilities-Environment' from project 'GoogleUtilities')
    cd /Users/buddhirajgautam/Library/Developer/Xcode/DerivedData/Telegram-Mac-fygdgghdgmuleoelvxabfmqiotta/SourcePackages/checkouts/GoogleUtilities
    /usr/bin/touch -c /Users/buddhirajgautam/Library/Developer/Xcode/DerivedData/Telegram-Mac-fygdgghdgmuleoelvxabfmqiotta/Build/Products/Debug/GoogleUtilities_GoogleUtilities-Environment.bundle

Touch /Users/buddhirajgautam/Library/Developer/Xcode/DerivedData/Telegram-Mac-fygdgghdgmuleoelvxabfmqiotta/Build/Products/Debug/GoogleUtilities_GoogleUtilities-AppDelegateSwizzler.bundle (in target 'GoogleUtilities_GoogleUtilities-AppDelegateSwizzler' from project 'GoogleUtilities')
    cd /Users/buddhirajgautam/Library/Developer/Xcode/DerivedData/Telegram-Mac-fygdgghdgmuleoelvxabfmqiotta/SourcePackages/checkouts/GoogleUtilities
    /usr/bin/touch -c /Users/buddhirajgautam/Library/Developer/Xcode/DerivedData/Telegram-Mac-fygdgghdgmuleoelvxabfmqiotta/Build/Products/Debug/GoogleUtilities_GoogleUtilities-AppDelegateSwizzler.bundle

SwiftCompile normal arm64 Compiling\ TelegramChatAdminRights_generated.swift,\ TelegramChatBannedRights_generated.swift,\ TelegramGroup_generated.swift,\ TelegramMediaFileAttribute_generated.swift /Users/buddhirajgautam/Documents/Cherrygram-Mac/macOS-Swift/submodules/telegram-ios/submodules/TelegramCore/FlatSerialization/Sources/TelegramChatAdminRights_generated.swift /Users/buddhirajgautam/Documents/Cherrygram-Mac/macOS-Swift/submodules/telegram-ios/submodules/TelegramCore/FlatSerialization/Sources/TelegramChatBannedRights_generated.swift /Users/buddhirajgautam/Documents/Cherrygram-Mac/macOS-Swift/submodules/telegram-ios/submodules/TelegramCore/FlatSerialization/Sources/TelegramGroup_generated.swift /Users/buddhirajgautam/Documents/Cherrygram-Mac/macOS-Swift/submodules/telegram-ios/submodules/TelegramCore/FlatSerialization/Sources/TelegramMediaFileAttribute_generated.swift (in target 'FlatSerialization' from project 'FlatSerialization')

SwiftCompile normal arm64 /Users/buddhirajgautam/Documents/Cherrygram-Mac/macOS-Swift/submodules/telegram-ios/submodules/TelegramCore/FlatSerialization/Sources/TelegramChatAdminRights_generated.swift (in target 'FlatSerialization' from project 'FlatSerialization')
    cd /Users/buddhirajgautam/Documents/Cherrygram-Mac/macOS-Swift
    builtin-SwiftPerFileCompile TelegramChatAdminRights_generated.swift

SwiftCompile normal arm64 /Users/buddhirajgautam/Documents/Cherrygram-Mac/macOS-Swift/submodules/telegram-ios/submodules/TelegramCore/FlatSerialization/Sources/TelegramChatBannedRights_generated.swift (in target 'FlatSerialization' from project 'FlatSerialization')
    cd /Users/buddhirajgautam/Documents/Cherrygram-Mac/macOS-Swift
    builtin-SwiftPerFileCompile TelegramChatBannedRights_generated.swift

SwiftCompile normal arm64 /Users/buddhirajgautam/Documents/Cherrygram-Mac/macOS-Swift/submodules/telegram-ios/submodules/TelegramCore/FlatSerialization/Sources/TelegramGroup_generated.swift (in target 'FlatSerialization' from project 'FlatSerialization')
    cd /Users/buddhirajgautam/Documents/Cherrygram-Mac/macOS-Swift
    builtin-SwiftPerFileCompile TelegramGroup_generated.swift

SwiftCompile normal arm64 /Users/buddhirajgautam/Documents/Cherrygram-Mac/macOS-Swift/submodules/telegram-ios/submodules/TelegramCore/FlatSerialization/Sources/TelegramMediaFileAttribute_generated.swift (in target 'FlatSerialization' from project 'FlatSerialization')
    cd /Users/buddhirajgautam/Documents/Cherrygram-Mac/macOS-Swift
    builtin-SwiftPerFileCompile TelegramMediaFileAttribute_generated.swift

SwiftCompile normal arm64 Compiling\ PeerAccessRestrictionInfo_generated.swift,\ PeerEmojiStatus_generated.swift,\ PeerId_generated.swift,\ PeerNameColor_generated.swift /Users/buddhirajgautam/Documents/Cherrygram-Mac/macOS-Swift/submodules/telegram-ios/submodules/TelegramCore/FlatSerialization/Sources/PeerAccessRestrictionInfo_generated.swift /Users/buddhirajgautam/Documents/Cherrygram-Mac/macOS-Swift/submodules/telegram-ios/submodules/TelegramCore/FlatSerialization/Sources/PeerEmojiStatus_generated.swift /Users/buddhirajgautam/Documents/Cherrygram-Mac/macOS-Swift/submodules/telegram-ios/submodules/TelegramCore/FlatSerialization/Sources/PeerId_generated.swift /Users/buddhirajgautam/Documents/Cherrygram-Mac/macOS-Swift/submodules/telegram-ios/submodules/TelegramCore/FlatSerialization/Sources/PeerNameColor_generated.swift (in target 'FlatSerialization' from project 'FlatSerialization')

SwiftCompile normal arm64 /Users/buddhirajgautam/Documents/Cherrygram-Mac/macOS-Swift/submodules/telegram-ios/submodules/TelegramCore/FlatSerialization/Sources/PeerAccessRestrictionInfo_generated.swift (in target 'FlatSerialization' from project 'FlatSerialization')
    cd /Users/buddhirajgautam/Documents/Cherrygram-Mac/macOS-Swift
    builtin-SwiftPerFileCompile PeerAccessRestrictionInfo_generated.swift

SwiftCompile normal arm64 /Users/buddhirajgautam/Documents/Cherrygram-Mac/macOS-Swift/submodules/telegram-ios/submodules/TelegramCore/FlatSerialization/Sources/PeerEmojiStatus_generated.swift (in target 'FlatSerialization' from project 'FlatSerialization')
    cd /Users/buddhirajgautam/Documents/Cherrygram-Mac/macOS-Swift
    builtin-SwiftPerFileCompile PeerEmojiStatus_generated.swift

SwiftCompile normal arm64 /Users/buddhirajgautam/Documents/Cherrygram-Mac/macOS-Swift/submodules/telegram-ios/submodules/TelegramCore/FlatSerialization/Sources/PeerId_generated.swift (in target 'FlatSerialization' from project 'FlatSerialization')
    cd /Users/buddhirajgautam/Documents/Cherrygram-Mac/macOS-Swift
    builtin-SwiftPerFileCompile PeerId_generated.swift

SwiftCompile normal arm64 /Users/buddhirajgautam/Documents/Cherrygram-Mac/macOS-Swift/submodules/telegram-ios/submodules/TelegramCore/FlatSerialization/Sources/PeerNameColor_generated.swift (in target 'FlatSerialization' from project 'FlatSerialization')
    cd /Users/buddhirajgautam/Documents/Cherrygram-Mac/macOS-Swift
    builtin-SwiftPerFileCompile PeerNameColor_generated.swift

SwiftCompile normal arm64 Compiling\ TelegramPeerAccessHash_generated.swift,\ TelegramPeerUsername_generated.swift,\ TelegramUser_generated.swift,\ VideoThumbnail_generated.swift /Users/buddhirajgautam/Documents/Cherrygram-Mac/macOS-Swift/submodules/telegram-ios/submodules/TelegramCore/FlatSerialization/Sources/TelegramPeerAccessHash_generated.swift /Users/buddhirajgautam/Documents/Cherrygram-Mac/macOS-Swift/submodules/telegram-ios/submodules/TelegramCore/FlatSerialization/Sources/TelegramPeerUsername_generated.swift /Users/buddhirajgautam/Documents/Cherrygram-Mac/macOS-Swift/submodules/telegram-ios/submodules/TelegramCore/FlatSerialization/Sources/TelegramUser_generated.swift /Users/buddhirajgautam/Documents/Cherrygram-Mac/macOS-Swift/submodules/telegram-ios/submodules/TelegramCore/FlatSerialization/Sources/VideoThumbnail_generated.swift (in target 'FlatSerialization' from project 'FlatSerialization')

SwiftCompile normal arm64 /Users/buddhirajgautam/Documents/Cherrygram-Mac/macOS-Swift/submodules/telegram-ios/submodules/TelegramCore/FlatSerialization/Sources/TelegramPeerAccessHash_generated.swift (in target 'FlatSerialization' from project 'FlatSerialization')
    cd /Users/buddhirajgautam/Documents/Cherrygram-Mac/macOS-Swift
    builtin-SwiftPerFileCompile TelegramPeerAccessHash_generated.swift

SwiftCompile normal arm64 /Users/buddhirajgautam/Documents/Cherrygram-Mac/macOS-Swift/submodules/telegram-ios/submodules/TelegramCore/FlatSerialization/Sources/TelegramPeerUsername_generated.swift (in target 'FlatSerialization' from project 'FlatSerialization')
    cd /Users/buddhirajgautam/Documents/Cherrygram-Mac/macOS-Swift
    builtin-SwiftPerFileCompile TelegramPeerUsername_generated.swift

SwiftCompile normal arm64 /Users/buddhirajgautam/Documents/Cherrygram-Mac/macOS-Swift/submodules/telegram-ios/submodules/TelegramCore/FlatSerialization/Sources/TelegramUser_generated.swift (in target 'FlatSerialization' from project 'FlatSerialization')
    cd /Users/buddhirajgautam/Documents/Cherrygram-Mac/macOS-Swift
    builtin-SwiftPerFileCompile TelegramUser_generated.swift

SwiftCompile normal arm64 /Users/buddhirajgautam/Documents/Cherrygram-Mac/macOS-Swift/submodules/telegram-ios/submodules/TelegramCore/FlatSerialization/Sources/VideoThumbnail_generated.swift (in target 'FlatSerialization' from project 'FlatSerialization')
    cd /Users/buddhirajgautam/Documents/Cherrygram-Mac/macOS-Swift
    builtin-SwiftPerFileCompile VideoThumbnail_generated.swift

SwiftCompile normal arm64 Compiling\ PeerReference_generated.swift,\ PixelDimensions_generated.swift,\ RichText_generated.swift,\ StarsAmount_generated.swift /Users/buddhirajgautam/Documents/Cherrygram-Mac/macOS-Swift/submodules/telegram-ios/submodules/TelegramCore/FlatSerialization/Sources/PeerReference_generated.swift /Users/buddhirajgautam/Documents/Cherrygram-Mac/macOS-Swift/submodules/telegram-ios/submodules/TelegramCore/FlatSerialization/Sources/PixelDimensions_generated.swift /Users/buddhirajgautam/Documents/Cherrygram-Mac/macOS-Swift/submodules/telegram-ios/submodules/TelegramCore/FlatSerialization/Sources/RichText_generated.swift /Users/buddhirajgautam/Documents/Cherrygram-Mac/macOS-Swift/submodules/telegram-ios/submodules/TelegramCore/FlatSerialization/Sources/StarsAmount_generated.swift (in target 'FlatSerialization' from project 'FlatSerialization')

SwiftCompile normal arm64 /Users/buddhirajgautam/Documents/Cherrygram-Mac/macOS-Swift/submodules/telegram-ios/submodules/TelegramCore/FlatSerialization/Sources/PeerReference_generated.swift (in target 'FlatSerialization' from project 'FlatSerialization')
    cd /Users/buddhirajgautam/Documents/Cherrygram-Mac/macOS-Swift
    builtin-SwiftPerFileCompile PeerReference_generated.swift

SwiftCompile normal arm64 /Users/buddhirajgautam/Documents/Cherrygram-Mac/macOS-Swift/submodules/telegram-ios/submodules/TelegramCore/FlatSerialization/Sources/PixelDimensions_generated.swift (in target 'FlatSerialization' from project 'FlatSerialization')
    cd /Users/buddhirajgautam/Documents/Cherrygram-Mac/macOS-Swift
    builtin-SwiftPerFileCompile PixelDimensions_generated.swift

SwiftCompile normal arm64 /Users/buddhirajgautam/Documents/Cherrygram-Mac/macOS-Swift/submodules/telegram-ios/submodules/TelegramCore/FlatSerialization/Sources/RichText_generated.swift (in target 'FlatSerialization' from project 'FlatSerialization')
    cd /Users/buddhirajgautam/Documents/Cherrygram-Mac/macOS-Swift
    builtin-SwiftPerFileCompile RichText_generated.swift

SwiftCompile normal arm64 /Users/buddhirajgautam/Documents/Cherrygram-Mac/macOS-Swift/submodules/telegram-ios/submodules/TelegramCore/FlatSerialization/Sources/StarsAmount_generated.swift (in target 'FlatSerialization' from project 'FlatSerialization')
    cd /Users/buddhirajgautam/Documents/Cherrygram-Mac/macOS-Swift
    builtin-SwiftPerFileCompile StarsAmount_generated.swift

SwiftCompile normal arm64 Compiling\ Media_generated.swift,\ MessageId_generated.swift,\ Optional_generated.swift,\ PartialMediaReference_generated.swift /Users/buddhirajgautam/Documents/Cherrygram-Mac/macOS-Swift/submodules/telegram-ios/submodules/TelegramCore/FlatSerialization/Sources/Media_generated.swift /Users/buddhirajgautam/Documents/Cherrygram-Mac/macOS-Swift/submodules/telegram-ios/submodules/TelegramCore/FlatSerialization/Sources/MessageId_generated.swift /Users/buddhirajgautam/Documents/Cherrygram-Mac/macOS-Swift/submodules/telegram-ios/submodules/TelegramCore/FlatSerialization/Sources/Optional_generated.swift /Users/buddhirajgautam/Documents/Cherrygram-Mac/macOS-Swift/submodules/telegram-ios/submodules/TelegramCore/FlatSerialization/Sources/PartialMediaReference_generated.swift (in target 'FlatSerialization' from project 'FlatSerialization')

SwiftCompile normal arm64 /Users/buddhirajgautam/Documents/Cherrygram-Mac/macOS-Swift/submodules/telegram-ios/submodules/TelegramCore/FlatSerialization/Sources/Media_generated.swift (in target 'FlatSerialization' from project 'FlatSerialization')
    cd /Users/buddhirajgautam/Documents/Cherrygram-Mac/macOS-Swift
    builtin-SwiftPerFileCompile Media_generated.swift

SwiftCompile normal arm64 /Users/buddhirajgautam/Documents/Cherrygram-Mac/macOS-Swift/submodules/telegram-ios/submodules/TelegramCore/FlatSerialization/Sources/MessageId_generated.swift (in target 'FlatSerialization' from project 'FlatSerialization')
    cd /Users/buddhirajgautam/Documents/Cherrygram-Mac/macOS-Swift
    builtin-SwiftPerFileCompile MessageId_generated.swift

SwiftCompile normal arm64 /Users/buddhirajgautam/Documents/Cherrygram-Mac/macOS-Swift/submodules/telegram-ios/submodules/TelegramCore/FlatSerialization/Sources/Optional_generated.swift (in target 'FlatSerialization' from project 'FlatSerialization')
    cd /Users/buddhirajgautam/Documents/Cherrygram-Mac/macOS-Swift
    builtin-SwiftPerFileCompile Optional_generated.swift

SwiftCompile normal arm64 /Users/buddhirajgautam/Documents/Cherrygram-Mac/macOS-Swift/submodules/telegram-ios/submodules/TelegramCore/FlatSerialization/Sources/PartialMediaReference_generated.swift (in target 'FlatSerialization' from project 'FlatSerialization')
    cd /Users/buddhirajgautam/Documents/Cherrygram-Mac/macOS-Swift
    builtin-SwiftPerFileCompile PartialMediaReference_generated.swift

SwiftDriverJobDiscovery normal arm64 Compiling ManagedFile.swift (in target 'ManagedFile' from project 'ManagedFile')

SwiftDriver\ Compilation ManagedFile normal arm64 com.apple.xcode.tools.swift.compiler (in target 'ManagedFile' from project 'ManagedFile')
    cd /Users/buddhirajgautam/Documents/Cherrygram-Mac/macOS-Swift
    builtin-Swift-Compilation -- /Applications/Xcode.app/Contents/Developer/Toolchains/XcodeDefault.xctoolchain/usr/bin/swiftc -parse-as-library -module-name ManagedFile -Onone @/Users/buddhirajgautam/Library/Developer/Xcode/DerivedData/Telegram-Mac-fygdgghdgmuleoelvxabfmqiotta/Build/Intermediates.noindex/ManagedFile.build/Debug/ManagedFile-t.build/Objects-normal/arm64/ManagedFile.SwiftFileList -DSWIFT_PACKAGE -DDEBUG -DSWIFT_MODULE_RESOURCE_BUNDLE_UNAVAILABLE -DXcode -plugin-path /Applications/Xcode.app/Contents/Developer/Toolchains/XcodeDefault.xctoolchain/usr/lib/swift/host/plugins/testing -enable-experimental-feature DebugDescriptionMacro -sdk /Applications/Xcode.app/Contents/Developer/Platforms/MacOSX.platform/Developer/SDKs/MacOSX27.0.sdk -target arm64-apple-macos12.0 -g -module-cache-path /Users/buddhirajgautam/Library/Developer/Xcode/DerivedData/ModuleCache.noindex -Xfrontend -serialize-debugging-options -profile-coverage-mapping -profile-generate -enable-testing -index-store-path /Users/buddhirajgautam/Library/Developer/Xcode/DerivedData/Telegram-Mac-fygdgghdgmuleoelvxabfmqiotta/Index.noindex/DataStore -Xcc -D_LIBCPP_HARDENING_MODE\=_LIBCPP_HARDENING_MODE_DEBUG -swift-version 5 -I /Users/buddhirajgautam/Library/Developer/Xcode/DerivedData/Telegram-Mac-fygdgghdgmuleoelvxabfmqiotta/Build/Products/Debug -Isystem /Applications/Xcode.app/Contents/Developer/Platforms/MacOSX.platform/Developer/usr/lib -F /Users/buddhirajgautam/Library/Developer/Xcode/DerivedData/Telegram-Mac-fygdgghdgmuleoelvxabfmqiotta/Build/Products/Debug/PackageFrameworks -F /Users/buddhirajgautam/Library/Developer/Xcode/DerivedData/Telegram-Mac-fygdgghdgmuleoelvxabfmqiotta/Build/Products/Debug -F /Applications/Xcode.app/Contents/Developer/Platforms/MacOSX.platform/Developer/Library/Frameworks -c -j8 -enable-batch-mode -incremental -Xcc -ivfsstatcache -Xcc /Users/buddhirajgautam/Library/Developer/Xcode/DerivedData/SDKStatCaches.noindex/macosx27.0-26A425-e829b21a6f8c9b70876ba0858053c0447231f6df4def33e022ae2eb8f782df1a.sdkstatcache -output-file-map /Users/buddhirajgautam/Library/Developer/Xcode/DerivedData/Telegram-Mac-fygdgghdgmuleoelvxabfmqiotta/Build/Intermediates.noindex/ManagedFile.build/Debug/ManagedFile-t.build/Objects-normal/arm64/ManagedFile-OutputFileMap.json -save-temps -no-color-diagnostics -explicit-module-build -module-cache-path /Users/buddhirajgautam/Library/Developer/Xcode/DerivedData/Telegram-Mac-fygdgghdgmuleoelvxabfmqiotta/Build/Intermediates.noindex/SwiftExplicitPrecompiledModules -clang-scanner-module-cache-path /Users/buddhirajgautam/Library/Developer/Xcode/DerivedData/ModuleCache.noindex -sdk-module-cache-path /Users/buddhirajgautam/Library/Developer/Xcode/DerivedData/SDKExplicitPrecompiledModules -emit-dependencies -emit-module -emit-module-path /Users/buddhirajgautam/Library/Developer/Xcode/DerivedData/Telegram-Mac-fygdgghdgmuleoelvxabfmqiotta/Build/Intermediates.noindex/ManagedFile.build/Debug/ManagedFile-t.build/Objects-normal/arm64/ManagedFile.swiftmodule -serialize-diagnostics -dependency-scan-serialize-diagnostics-path /Users/buddhirajgautam/Library/Developer/Xcode/DerivedData/Telegram-Mac-fygdgghdgmuleoelvxabfmqiotta/Build/Intermediates.noindex/ManagedFile.build/Debug/ManagedFile-t.build/Objects-normal/arm64/ManagedFile-dependency-scan.dia -validate-clang-modules-once -clang-build-session-file /Users/buddhirajgautam/Library/Developer/Xcode/DerivedData/ModuleCache.noindex/Session.modulevalidation -Xcc -fmodules-prune-interval\=86400 -Xcc -fmodules-prune-after\=345600 -emit-const-values -const-gather-protocols-list /Users/buddhirajgautam/Library/Developer/Xcode/DerivedData/Telegram-Mac-fygdgghdgmuleoelvxabfmqiotta/Build/Intermediates.noindex/ManagedFile.build/Debug/ManagedFile-t.build/Objects-normal/arm64/ManagedFile_const_extract_protocols.json -Xcc -I/Users/buddhirajgautam/Library/Developer/Xcode/DerivedData/Telegram-Mac-fygdgghdgmuleoelvxabfmqiotta/Build/Products/Debug/include -Xcc -I/Users/buddhirajgautam/Library/Developer/Xcode/DerivedData/Telegram-Mac-fygdgghdgmuleoelvxabfmqiotta/Build/Intermediates.noindex/ManagedFile.build/Debug/ManagedFile-t.build/DerivedSources-normal/arm64 -Xcc -I/Users/buddhirajgautam/Library/Developer/Xcode/DerivedData/Telegram-Mac-fygdgghdgmuleoelvxabfmqiotta/Build/Intermediates.noindex/ManagedFile.build/Debug/ManagedFile-t.build/DerivedSources/arm64 -Xcc -I/Users/buddhirajgautam/Library/Developer/Xcode/DerivedData/Telegram-Mac-fygdgghdgmuleoelvxabfmqiotta/Build/Intermediates.noindex/ManagedFile.build/Debug/ManagedFile-t.build/DerivedSources -Xcc -DSWIFT_PACKAGE -Xcc -DDEBUG\=1 -emit-objc-header -emit-objc-header-path /Users/buddhirajgautam/Library/Developer/Xcode/DerivedData/Telegram-Mac-fygdgghdgmuleoelvxabfmqiotta/Build/Intermediates.noindex/ManagedFile.build/Debug/ManagedFile-t.build/Objects-normal/arm64/ManagedFile-Swift.h -working-directory /Users/buddhirajgautam/Documents/Cherrygram-Mac/macOS-Swift -experimental-emit-module-separately -disable-cmo

SwiftDriverJobDiscovery normal arm64 Compiling Translate.swift (in target 'Translate' from project 'Translate')

SwiftCompile normal arm64 Compiling\ TelegramMediaFile_generated.swift,\ TelegramMediaImageRepresentation_generated.swift,\ TelegramMediaImage_generated.swift,\ TelegramMediaResource_generated.swift /Users/buddhirajgautam/Documents/Cherrygram-Mac/macOS-Swift/submodules/telegram-ios/submodules/TelegramCore/FlatSerialization/Sources/TelegramMediaFile_generated.swift /Users/buddhirajgautam/Documents/Cherrygram-Mac/macOS-Swift/submodules/telegram-ios/submodules/TelegramCore/FlatSerialization/Sources/TelegramMediaImageRepresentation_generated.swift /Users/buddhirajgautam/Documents/Cherrygram-Mac/macOS-Swift/submodules/telegram-ios/submodules/TelegramCore/FlatSerialization/Sources/TelegramMediaImage_generated.swift /Users/buddhirajgautam/Documents/Cherrygram-Mac/macOS-Swift/submodules/telegram-ios/submodules/TelegramCore/FlatSerialization/Sources/TelegramMediaResource_generated.swift (in target 'FlatSerialization' from project 'FlatSerialization')

SwiftCompile normal arm64 /Users/buddhirajgautam/Documents/Cherrygram-Mac/macOS-Swift/submodules/telegram-ios/submodules/TelegramCore/FlatSerialization/Sources/TelegramMediaFile_generated.swift (in target 'FlatSerialization' from project 'FlatSerialization')
    cd /Users/buddhirajgautam/Documents/Cherrygram-Mac/macOS-Swift
    builtin-SwiftPerFileCompile TelegramMediaFile_generated.swift

SwiftCompile normal arm64 /Users/buddhirajgautam/Documents/Cherrygram-Mac/macOS-Swift/submodules/telegram-ios/submodules/TelegramCore/FlatSerialization/Sources/TelegramMediaImageRepresentation_generated.swift (in target 'FlatSerialization' from project 'FlatSerialization')
    cd /Users/buddhirajgautam/Documents/Cherrygram-Mac/macOS-Swift
    builtin-SwiftPerFileCompile TelegramMediaImageRepresentation_generated.swift

SwiftCompile normal arm64 /Users/buddhirajgautam/Documents/Cherrygram-Mac/macOS-Swift/submodules/telegram-ios/submodules/TelegramCore/FlatSerialization/Sources/TelegramMediaImage_generated.swift (in target 'FlatSerialization' from project 'FlatSerialization')
    cd /Users/buddhirajgautam/Documents/Cherrygram-Mac/macOS-Swift
    builtin-SwiftPerFileCompile TelegramMediaImage_generated.swift

SwiftCompile normal arm64 /Users/buddhirajgautam/Documents/Cherrygram-Mac/macOS-Swift/submodules/telegram-ios/submodules/TelegramCore/FlatSerialization/Sources/TelegramMediaResource_generated.swift (in target 'FlatSerialization' from project 'FlatSerialization')
    cd /Users/buddhirajgautam/Documents/Cherrygram-Mac/macOS-Swift
    builtin-SwiftPerFileCompile TelegramMediaResource_generated.swift

SwiftDriver\ Compilation Translate normal arm64 com.apple.xcode.tools.swift.compiler (in target 'Translate' from project 'Translate')
    cd /Users/buddhirajgautam/Documents/Cherrygram-Mac/macOS-Swift
    builtin-Swift-Compilation -- /Applications/Xcode.app/Contents/Developer/Toolchains/XcodeDefault.xctoolchain/usr/bin/swiftc -parse-as-library -module-name Translate -Onone @/Users/buddhirajgautam/Library/Developer/Xcode/DerivedData/Telegram-Mac-fygdgghdgmuleoelvxabfmqiotta/Build/Intermediates.noindex/Translate.build/Debug/Translate-t.build/Objects-normal/arm64/Translate.SwiftFileList -DSWIFT_PACKAGE -DDEBUG -DSWIFT_MODULE_RESOURCE_BUNDLE_UNAVAILABLE -DXcode -plugin-path /Applications/Xcode.app/Contents/Developer/Toolchains/XcodeDefault.xctoolchain/usr/lib/swift/host/plugins/testing -enable-experimental-feature DebugDescriptionMacro -sdk /Applications/Xcode.app/Contents/Developer/Platforms/MacOSX.platform/Developer/SDKs/MacOSX27.0.sdk -target arm64-apple-macos12.0 -g -module-cache-path /Users/buddhirajgautam/Library/Developer/Xcode/DerivedData/ModuleCache.noindex -Xfrontend -serialize-debugging-options -profile-coverage-mapping -profile-generate -enable-testing -index-store-path /Users/buddhirajgautam/Library/Developer/Xcode/DerivedData/Telegram-Mac-fygdgghdgmuleoelvxabfmqiotta/Index.noindex/DataStore -Xcc -D_LIBCPP_HARDENING_MODE\=_LIBCPP_HARDENING_MODE_DEBUG -swift-version 5 -I /Users/buddhirajgautam/Library/Developer/Xcode/DerivedData/Telegram-Mac-fygdgghdgmuleoelvxabfmqiotta/Build/Products/Debug -Isystem /Applications/Xcode.app/Contents/Developer/Platforms/MacOSX.platform/Developer/usr/lib -F /Users/buddhirajgautam/Library/Developer/Xcode/DerivedData/Telegram-Mac-fygdgghdgmuleoelvxabfmqiotta/Build/Products/Debug/PackageFrameworks -F /Users/buddhirajgautam/Library/Developer/Xcode/DerivedData/Telegram-Mac-fygdgghdgmuleoelvxabfmqiotta/Build/Products/Debug -F /Applications/Xcode.app/Contents/Developer/Platforms/MacOSX.platform/Developer/Library/Frameworks -c -j8 -enable-batch-mode -incremental -Xcc -ivfsstatcache -Xcc /Users/buddhirajgautam/Library/Developer/Xcode/DerivedData/SDKStatCaches.noindex/macosx27.0-26A425-e829b21a6f8c9b70876ba0858053c0447231f6df4def33e022ae2eb8f782df1a.sdkstatcache -output-file-map /Users/buddhirajgautam/Library/Developer/Xcode/DerivedData/Telegram-Mac-fygdgghdgmuleoelvxabfmqiotta/Build/Intermediates.noindex/Translate.build/Debug/Translate-t.build/Objects-normal/arm64/Translate-OutputFileMap.json -save-temps -no-color-diagnostics -explicit-module-build -module-cache-path /Users/buddhirajgautam/Library/Developer/Xcode/DerivedData/Telegram-Mac-fygdgghdgmuleoelvxabfmqiotta/Build/Intermediates.noindex/SwiftExplicitPrecompiledModules -clang-scanner-module-cache-path /Users/buddhirajgautam/Library/Developer/Xcode/DerivedData/ModuleCache.noindex -sdk-module-cache-path /Users/buddhirajgautam/Library/Developer/Xcode/DerivedData/SDKExplicitPrecompiledModules -emit-dependencies -emit-module -emit-module-path /Users/buddhirajgautam/Library/Developer/Xcode/DerivedData/Telegram-Mac-fygdgghdgmuleoelvxabfmqiotta/Build/Intermediates.noindex/Translate.build/Debug/Translate-t.build/Objects-normal/arm64/Translate.swiftmodule -serialize-diagnostics -dependency-scan-serialize-diagnostics-path /Users/buddhirajgautam/Library/Developer/Xcode/DerivedData/Telegram-Mac-fygdgghdgmuleoelvxabfmqiotta/Build/Intermediates.noindex/Translate.build/Debug/Translate-t.build/Objects-normal/arm64/Translate-dependency-scan.dia -validate-clang-modules-once -clang-build-session-file /Users/buddhirajgautam/Library/Developer/Xcode/DerivedData/ModuleCache.noindex/Session.modulevalidation -Xcc -fmodules-prune-interval\=86400 -Xcc -fmodules-prune-after\=345600 -emit-const-values -const-gather-protocols-list /Users/buddhirajgautam/Library/Developer/Xcode/DerivedData/Telegram-Mac-fygdgghdgmuleoelvxabfmqiotta/Build/Intermediates.noindex/Translate.build/Debug/Translate-t.build/Objects-normal/arm64/Translate_const_extract_protocols.json -Xcc -I/Users/buddhirajgautam/Library/Developer/Xcode/DerivedData/Telegram-Mac-fygdgghdgmuleoelvxabfmqiotta/Build/Products/Debug/include -Xcc -I/Users/buddhirajgautam/Library/Developer/Xcode/DerivedData/Telegram-Mac-fygdgghdgmuleoelvxabfmqiotta/Build/Intermediates.noindex/Translate.build/Debug/Translate-t.build/DerivedSources-normal/arm64 -Xcc -I/Users/buddhirajgautam/Library/Developer/Xcode/DerivedData/Telegram-Mac-fygdgghdgmuleoelvxabfmqiotta/Build/Intermediates.noindex/Translate.build/Debug/Translate-t.build/DerivedSources/arm64 -Xcc -I/Users/buddhirajgautam/Library/Developer/Xcode/DerivedData/Telegram-Mac-fygdgghdgmuleoelvxabfmqiotta/Build/Intermediates.noindex/Translate.build/Debug/Translate-t.build/DerivedSources -Xcc -DSWIFT_PACKAGE -Xcc -DDEBUG\=1 -emit-objc-header -emit-objc-header-path /Users/buddhirajgautam/Library/Developer/Xcode/DerivedData/Telegram-Mac-fygdgghdgmuleoelvxabfmqiotta/Build/Intermediates.noindex/Translate.build/Debug/Translate-t.build/Objects-normal/arm64/Translate-Swift.h -working-directory /Users/buddhirajgautam/Documents/Cherrygram-Mac/macOS-Swift -experimental-emit-module-separately -disable-cmo

SwiftDriverJobDiscovery normal arm64 Emitting module for FlatSerialization (in target 'FlatSerialization' from project 'FlatSerialization')

SwiftDriver\ Compilation\ Requirements FlatSerialization normal arm64 com.apple.xcode.tools.swift.compiler (in target 'FlatSerialization' from project 'FlatSerialization')
    cd /Users/buddhirajgautam/Documents/Cherrygram-Mac/macOS-Swift
    builtin-Swift-Compilation-Requirements -- /Applications/Xcode.app/Contents/Developer/Toolchains/XcodeDefault.xctoolchain/usr/bin/swiftc -parse-as-library -module-name FlatSerialization -Onone @/Users/buddhirajgautam/Library/Developer/Xcode/DerivedData/Telegram-Mac-fygdgghdgmuleoelvxabfmqiotta/Build/Intermediates.noindex/FlatSerialization.build/Debug/FlatSerialization-t.build/Objects-normal/arm64/FlatSerialization.SwiftFileList -DSWIFT_PACKAGE -DDEBUG -DSWIFT_MODULE_RESOURCE_BUNDLE_UNAVAILABLE -DXcode -plugin-path /Applications/Xcode.app/Contents/Developer/Toolchains/XcodeDefault.xctoolchain/usr/lib/swift/host/plugins/testing -enable-experimental-feature DebugDescriptionMacro -sdk /Applications/Xcode.app/Contents/Developer/Platforms/MacOSX.platform/Developer/SDKs/MacOSX27.0.sdk -target arm64-apple-macos12.0 -g -module-cache-path /Users/buddhirajgautam/Library/Developer/Xcode/DerivedData/ModuleCache.noindex -Xfrontend -serialize-debugging-options -profile-coverage-mapping -profile-generate -enable-testing -index-store-path /Users/buddhirajgautam/Library/Developer/Xcode/DerivedData/Telegram-Mac-fygdgghdgmuleoelvxabfmqiotta/Index.noindex/DataStore -Xcc -D_LIBCPP_HARDENING_MODE\=_LIBCPP_HARDENING_MODE_DEBUG -swift-version 5 -I /Users/buddhirajgautam/Library/Developer/Xcode/DerivedData/Telegram-Mac-fygdgghdgmuleoelvxabfmqiotta/Build/Products/Debug -Isystem /Applications/Xcode.app/Contents/Developer/Platforms/MacOSX.platform/Developer/usr/lib -F /Users/buddhirajgautam/Library/Developer/Xcode/DerivedData/Telegram-Mac-fygdgghdgmuleoelvxabfmqiotta/Build/Products/Debug/PackageFrameworks -F /Users/buddhirajgautam/Library/Developer/Xcode/DerivedData/Telegram-Mac-fygdgghdgmuleoelvxabfmqiotta/Build/Products/Debug -F /Applications/Xcode.app/Contents/Developer/Platforms/MacOSX.platform/Developer/Library/Frameworks -c -j8 -enable-batch-mode -incremental -Xcc -ivfsstatcache -Xcc /Users/buddhirajgautam/Library/Developer/Xcode/DerivedData/SDKStatCaches.noindex/macosx27.0-26A425-e829b21a6f8c9b70876ba0858053c0447231f6df4def33e022ae2eb8f782df1a.sdkstatcache -output-file-map /Users/buddhirajgautam/Library/Developer/Xcode/DerivedData/Telegram-Mac-fygdgghdgmuleoelvxabfmqiotta/Build/Intermediates.noindex/FlatSerialization.build/Debug/FlatSerialization-t.build/Objects-normal/arm64/FlatSerialization-OutputFileMap.json -save-temps -no-color-diagnostics -explicit-module-build -module-cache-path /Users/buddhirajgautam/Library/Developer/Xcode/DerivedData/Telegram-Mac-fygdgghdgmuleoelvxabfmqiotta/Build/Intermediates.noindex/SwiftExplicitPrecompiledModules -clang-scanner-module-cache-path /Users/buddhirajgautam/Library/Developer/Xcode/DerivedData/ModuleCache.noindex -sdk-module-cache-path /Users/buddhirajgautam/Library/Developer/Xcode/DerivedData/SDKExplicitPrecompiledModules -emit-dependencies -emit-module -emit-module-path /Users/buddhirajgautam/Library/Developer/Xcode/DerivedData/Telegram-Mac-fygdgghdgmuleoelvxabfmqiotta/Build/Intermediates.noindex/FlatSerialization.build/Debug/FlatSerialization-t.build/Objects-normal/arm64/FlatSerialization.swiftmodule -serialize-diagnostics -dependency-scan-serialize-diagnostics-path /Users/buddhirajgautam/Library/Developer/Xcode/DerivedData/Telegram-Mac-fygdgghdgmuleoelvxabfmqiotta/Build/Intermediates.noindex/FlatSerialization.build/Debug/FlatSerialization-t.build/Objects-normal/arm64/FlatSerialization-dependency-scan.dia -validate-clang-modules-once -clang-build-session-file /Users/buddhirajgautam/Library/Developer/Xcode/DerivedData/ModuleCache.noindex/Session.modulevalidation -Xcc -fmodules-prune-interval\=86400 -Xcc -fmodules-prune-after\=345600 -emit-const-values -const-gather-protocols-list /Users/buddhirajgautam/Library/Developer/Xcode/DerivedData/Telegram-Mac-fygdgghdgmuleoelvxabfmqiotta/Build/Intermediates.noindex/FlatSerialization.build/Debug/FlatSerialization-t.build/Objects-normal/arm64/FlatSerialization_const_extract_protocols.json -Xcc -I/Users/buddhirajgautam/Library/Developer/Xcode/DerivedData/Telegram-Mac-fygdgghdgmuleoelvxabfmqiotta/Build/Products/Debug/include -Xcc -I/Users/buddhirajgautam/Library/Developer/Xcode/DerivedData/Telegram-Mac-fygdgghdgmuleoelvxabfmqiotta/Build/Intermediates.noindex/FlatSerialization.build/Debug/FlatSerialization-t.build/DerivedSources-normal/arm64 -Xcc -I/Users/buddhirajgautam/Library/Developer/Xcode/DerivedData/Telegram-Mac-fygdgghdgmuleoelvxabfmqiotta/Build/Intermediates.noindex/FlatSerialization.build/Debug/FlatSerialization-t.build/DerivedSources/arm64 -Xcc -I/Users/buddhirajgautam/Library/Developer/Xcode/DerivedData/Telegram-Mac-fygdgghdgmuleoelvxabfmqiotta/Build/Intermediates.noindex/FlatSerialization.build/Debug/FlatSerialization-t.build/DerivedSources -Xcc -DSWIFT_PACKAGE -Xcc -DDEBUG\=1 -emit-objc-header -emit-objc-header-path /Users/buddhirajgautam/Library/Developer/Xcode/DerivedData/Telegram-Mac-fygdgghdgmuleoelvxabfmqiotta/Build/Intermediates.noindex/FlatSerialization.build/Debug/FlatSerialization-t.build/Objects-normal/arm64/FlatSerialization-Swift.h -working-directory /Users/buddhirajgautam/Documents/Cherrygram-Mac/macOS-Swift -experimental-emit-module-separately -disable-cmo

SwiftCompile normal arm64 Compiling\ InstantPageBlock_generated.swift,\ InstantPage_generated.swift,\ ItemCollectionId_generated.swift,\ MediaId_generated.swift /Users/buddhirajgautam/Documents/Cherrygram-Mac/macOS-Swift/submodules/telegram-ios/submodules/TelegramCore/FlatSerialization/Sources/InstantPageBlock_generated.swift /Users/buddhirajgautam/Documents/Cherrygram-Mac/macOS-Swift/submodules/telegram-ios/submodules/TelegramCore/FlatSerialization/Sources/InstantPage_generated.swift /Users/buddhirajgautam/Documents/Cherrygram-Mac/macOS-Swift/submodules/telegram-ios/submodules/TelegramCore/FlatSerialization/Sources/ItemCollectionId_generated.swift /Users/buddhirajgautam/Documents/Cherrygram-Mac/macOS-Swift/submodules/telegram-ios/submodules/TelegramCore/FlatSerialization/Sources/MediaId_generated.swift (in target 'FlatSerialization' from project 'FlatSerialization')

SwiftCompile normal arm64 /Users/buddhirajgautam/Documents/Cherrygram-Mac/macOS-Swift/submodules/telegram-ios/submodules/TelegramCore/FlatSerialization/Sources/InstantPageBlock_generated.swift (in target 'FlatSerialization' from project 'FlatSerialization')
    cd /Users/buddhirajgautam/Documents/Cherrygram-Mac/macOS-Swift
    builtin-SwiftPerFileCompile InstantPageBlock_generated.swift

SwiftCompile normal arm64 /Users/buddhirajgautam/Documents/Cherrygram-Mac/macOS-Swift/submodules/telegram-ios/submodules/TelegramCore/FlatSerialization/Sources/InstantPage_generated.swift (in target 'FlatSerialization' from project 'FlatSerialization')
    cd /Users/buddhirajgautam/Documents/Cherrygram-Mac/macOS-Swift
    builtin-SwiftPerFileCompile InstantPage_generated.swift

SwiftCompile normal arm64 /Users/buddhirajgautam/Documents/Cherrygram-Mac/macOS-Swift/submodules/telegram-ios/submodules/TelegramCore/FlatSerialization/Sources/ItemCollectionId_generated.swift (in target 'FlatSerialization' from project 'FlatSerialization')
    cd /Users/buddhirajgautam/Documents/Cherrygram-Mac/macOS-Swift
    builtin-SwiftPerFileCompile ItemCollectionId_generated.swift

SwiftCompile normal arm64 /Users/buddhirajgautam/Documents/Cherrygram-Mac/macOS-Swift/submodules/telegram-ios/submodules/TelegramCore/FlatSerialization/Sources/MediaId_generated.swift (in target 'FlatSerialization' from project 'FlatSerialization')
    cd /Users/buddhirajgautam/Documents/Cherrygram-Mac/macOS-Swift
    builtin-SwiftPerFileCompile MediaId_generated.swift

SwiftMergeGeneratedHeaders /Users/buddhirajgautam/Library/Developer/Xcode/DerivedData/Telegram-Mac-fygdgghdgmuleoelvxabfmqiotta/Build/Intermediates.noindex/GeneratedModuleMaps/FlatSerialization-Swift.h /Users/buddhirajgautam/Library/Developer/Xcode/DerivedData/Telegram-Mac-fygdgghdgmuleoelvxabfmqiotta/Build/Intermediates.noindex/FlatSerialization.build/Debug/FlatSerialization-t.build/Objects-normal/arm64/FlatSerialization-Swift.h (in target 'FlatSerialization' from project 'FlatSerialization')
    cd /Users/buddhirajgautam/Documents/Cherrygram-Mac/macOS-Swift/submodules/telegram-ios/submodules/TelegramCore/FlatSerialization
    builtin-swiftHeaderTool -arch arm64 /Users/buddhirajgautam/Library/Developer/Xcode/DerivedData/Telegram-Mac-fygdgghdgmuleoelvxabfmqiotta/Build/Intermediates.noindex/FlatSerialization.build/Debug/FlatSerialization-t.build/Objects-normal/arm64/FlatSerialization-Swift.h -o /Users/buddhirajgautam/Library/Developer/Xcode/DerivedData/Telegram-Mac-fygdgghdgmuleoelvxabfmqiotta/Build/Intermediates.noindex/GeneratedModuleMaps/FlatSerialization-Swift.h

SwiftDriverJobDiscovery normal arm64 Compiling PeerAccessRestrictionInfo_generated.swift, PeerEmojiStatus_generated.swift, PeerId_generated.swift, PeerNameColor_generated.swift (in target 'FlatSerialization' from project 'FlatSerialization')

Copy /Users/buddhirajgautam/Library/Developer/Xcode/DerivedData/Telegram-Mac-fygdgghdgmuleoelvxabfmqiotta/Build/Products/Debug/FlatSerialization.swiftmodule/arm64-apple-macos.swiftmodule /Users/buddhirajgautam/Library/Developer/Xcode/DerivedData/Telegram-Mac-fygdgghdgmuleoelvxabfmqiotta/Build/Intermediates.noindex/FlatSerialization.build/Debug/FlatSerialization-t.build/Objects-normal/arm64/FlatSerialization.swiftmodule (in target 'FlatSerialization' from project 'FlatSerialization')
    cd /Users/buddhirajgautam/Documents/Cherrygram-Mac/macOS-Swift/submodules/telegram-ios/submodules/TelegramCore/FlatSerialization
    builtin-copy -exclude .DS_Store -exclude CVS -exclude .svn -exclude .git -exclude .hg -resolve-src-symlinks -rename /Users/buddhirajgautam/Library/Developer/Xcode/DerivedData/Telegram-Mac-fygdgghdgmuleoelvxabfmqiotta/Build/Intermediates.noindex/FlatSerialization.build/Debug/FlatSerialization-t.build/Objects-normal/arm64/FlatSerialization.swiftmodule /Users/buddhirajgautam/Library/Developer/Xcode/DerivedData/Telegram-Mac-fygdgghdgmuleoelvxabfmqiotta/Build/Products/Debug/FlatSerialization.swiftmodule/arm64-apple-macos.swiftmodule

Copy /Users/buddhirajgautam/Library/Developer/Xcode/DerivedData/Telegram-Mac-fygdgghdgmuleoelvxabfmqiotta/Build/Products/Debug/FlatSerialization.swiftmodule/arm64-apple-macos.swiftdoc /Users/buddhirajgautam/Library/Developer/Xcode/DerivedData/Telegram-Mac-fygdgghdgmuleoelvxabfmqiotta/Build/Intermediates.noindex/FlatSerialization.build/Debug/FlatSerialization-t.build/Objects-normal/arm64/FlatSerialization.swiftdoc (in target 'FlatSerialization' from project 'FlatSerialization')
    cd /Users/buddhirajgautam/Documents/Cherrygram-Mac/macOS-Swift/submodules/telegram-ios/submodules/TelegramCore/FlatSerialization
    builtin-copy -exclude .DS_Store -exclude CVS -exclude .svn -exclude .git -exclude .hg -resolve-src-symlinks -rename /Users/buddhirajgautam/Library/Developer/Xcode/DerivedData/Telegram-Mac-fygdgghdgmuleoelvxabfmqiotta/Build/Intermediates.noindex/FlatSerialization.build/Debug/FlatSerialization-t.build/Objects-normal/arm64/FlatSerialization.swiftdoc /Users/buddhirajgautam/Library/Developer/Xcode/DerivedData/Telegram-Mac-fygdgghdgmuleoelvxabfmqiotta/Build/Products/Debug/FlatSerialization.swiftmodule/arm64-apple-macos.swiftdoc

Copy /Users/buddhirajgautam/Library/Developer/Xcode/DerivedData/Telegram-Mac-fygdgghdgmuleoelvxabfmqiotta/Build/Products/Debug/FlatSerialization.swiftmodule/arm64-apple-macos.abi.json /Users/buddhirajgautam/Library/Developer/Xcode/DerivedData/Telegram-Mac-fygdgghdgmuleoelvxabfmqiotta/Build/Intermediates.noindex/FlatSerialization.build/Debug/FlatSerialization-t.build/Objects-normal/arm64/FlatSerialization.abi.json (in target 'FlatSerialization' from project 'FlatSerialization')
    cd /Users/buddhirajgautam/Documents/Cherrygram-Mac/macOS-Swift/submodules/telegram-ios/submodules/TelegramCore/FlatSerialization
    builtin-copy -exclude .DS_Store -exclude CVS -exclude .svn -exclude .git -exclude .hg -resolve-src-symlinks -rename /Users/buddhirajgautam/Library/Developer/Xcode/DerivedData/Telegram-Mac-fygdgghdgmuleoelvxabfmqiotta/Build/Intermediates.noindex/FlatSerialization.build/Debug/FlatSerialization-t.build/Objects-normal/arm64/FlatSerialization.abi.json /Users/buddhirajgautam/Library/Developer/Xcode/DerivedData/Telegram-Mac-fygdgghdgmuleoelvxabfmqiotta/Build/Products/Debug/FlatSerialization.swiftmodule/arm64-apple-macos.abi.json

Copy /Users/buddhirajgautam/Library/Developer/Xcode/DerivedData/Telegram-Mac-fygdgghdgmuleoelvxabfmqiotta/Build/Products/Debug/FlatSerialization.swiftmodule/Project/arm64-apple-macos.swiftsourceinfo /Users/buddhirajgautam/Library/Developer/Xcode/DerivedData/Telegram-Mac-fygdgghdgmuleoelvxabfmqiotta/Build/Intermediates.noindex/FlatSerialization.build/Debug/FlatSerialization-t.build/Objects-normal/arm64/FlatSerialization.swiftsourceinfo (in target 'FlatSerialization' from project 'FlatSerialization')
    cd /Users/buddhirajgautam/Documents/Cherrygram-Mac/macOS-Swift/submodules/telegram-ios/submodules/TelegramCore/FlatSerialization
    builtin-copy -exclude .DS_Store -exclude CVS -exclude .svn -exclude .git -exclude .hg -resolve-src-symlinks -rename /Users/buddhirajgautam/Library/Developer/Xcode/DerivedData/Telegram-Mac-fygdgghdgmuleoelvxabfmqiotta/Build/Intermediates.noindex/FlatSerialization.build/Debug/FlatSerialization-t.build/Objects-normal/arm64/FlatSerialization.swiftsourceinfo /Users/buddhirajgautam/Library/Developer/Xcode/DerivedData/Telegram-Mac-fygdgghdgmuleoelvxabfmqiotta/Build/Products/Debug/FlatSerialization.swiftmodule/Project/arm64-apple-macos.swiftsourceinfo

SwiftCompile normal arm64 Compiling\ StickerPackCollectionInfo_generated.swift,\ StickerPackReference_generated.swift,\ StoredDeviceContactData_generated.swift,\ TelegramChannel_generated.swift /Users/buddhirajgautam/Documents/Cherrygram-Mac/macOS-Swift/submodules/telegram-ios/submodules/TelegramCore/FlatSerialization/Sources/StickerPackCollectionInfo_generated.swift /Users/buddhirajgautam/Documents/Cherrygram-Mac/macOS-Swift/submodules/telegram-ios/submodules/TelegramCore/FlatSerialization/Sources/StickerPackReference_generated.swift /Users/buddhirajgautam/Documents/Cherrygram-Mac/macOS-Swift/submodules/telegram-ios/submodules/TelegramCore/FlatSerialization/Sources/StoredDeviceContactData_generated.swift /Users/buddhirajgautam/Documents/Cherrygram-Mac/macOS-Swift/submodules/telegram-ios/submodules/TelegramCore/FlatSerialization/Sources/TelegramChannel_generated.swift (in target 'FlatSerialization' from project 'FlatSerialization')

SwiftCompile normal arm64 /Users/buddhirajgautam/Documents/Cherrygram-Mac/macOS-Swift/submodules/telegram-ios/submodules/TelegramCore/FlatSerialization/Sources/StickerPackCollectionInfo_generated.swift (in target 'FlatSerialization' from project 'FlatSerialization')
    cd /Users/buddhirajgautam/Documents/Cherrygram-Mac/macOS-Swift
    builtin-SwiftPerFileCompile StickerPackCollectionInfo_generated.swift

SwiftCompile normal arm64 /Users/buddhirajgautam/Documents/Cherrygram-Mac/macOS-Swift/submodules/telegram-ios/submodules/TelegramCore/FlatSerialization/Sources/StickerPackReference_generated.swift (in target 'FlatSerialization' from project 'FlatSerialization')
    cd /Users/buddhirajgautam/Documents/Cherrygram-Mac/macOS-Swift
    builtin-SwiftPerFileCompile StickerPackReference_generated.swift

SwiftCompile normal arm64 /Users/buddhirajgautam/Documents/Cherrygram-Mac/macOS-Swift/submodules/telegram-ios/submodules/TelegramCore/FlatSerialization/Sources/StoredDeviceContactData_generated.swift (in target 'FlatSerialization' from project 'FlatSerialization')
    cd /Users/buddhirajgautam/Documents/Cherrygram-Mac/macOS-Swift
    builtin-SwiftPerFileCompile StoredDeviceContactData_generated.swift

SwiftCompile normal arm64 /Users/buddhirajgautam/Documents/Cherrygram-Mac/macOS-Swift/submodules/telegram-ios/submodules/TelegramCore/FlatSerialization/Sources/TelegramChannel_generated.swift (in target 'FlatSerialization' from project 'FlatSerialization')
    cd /Users/buddhirajgautam/Documents/Cherrygram-Mac/macOS-Swift
    builtin-SwiftPerFileCompile TelegramChannel_generated.swift

SwiftDriverJobDiscovery normal arm64 Compiling TelegramPeerAccessHash_generated.swift, TelegramPeerUsername_generated.swift, TelegramUser_generated.swift, VideoThumbnail_generated.swift (in target 'FlatSerialization' from project 'FlatSerialization')

Ld /Users/buddhirajgautam/Library/Developer/Xcode/DerivedData/Telegram-Mac-fygdgghdgmuleoelvxabfmqiotta/Build/Products/Debug/FBLPromises.o normal (in target 'FBLPromises' from project 'Promises')
    cd /Users/buddhirajgautam/Library/Developer/Xcode/DerivedData/Telegram-Mac-fygdgghdgmuleoelvxabfmqiotta/SourcePackages/checkouts/promises
    /Applications/Xcode.app/Contents/Developer/Toolchains/XcodeDefault.xctoolchain/usr/bin/clang -Xlinker -reproducible -target arm64-apple-macos12.0 -r -isysroot /Applications/Xcode.app/Contents/Developer/Platforms/MacOSX.platform/Developer/SDKs/MacOSX27.0.sdk -O0 -w -Xlinker -no_warn_duplicate_libraries -F/Users/buddhirajgautam/Library/Developer/Xcode/DerivedData/Telegram-Mac-fygdgghdgmuleoelvxabfmqiotta/Build/Intermediates.noindex/EagerLinkingTBDs/Debug -F/Users/buddhirajgautam/Library/Developer/Xcode/DerivedData/Telegram-Mac-fygdgghdgmuleoelvxabfmqiotta/Build/Products/Debug -iframework /Applications/Xcode.app/Contents/Developer/Platforms/MacOSX.platform/Developer/Library/Frameworks -filelist /Users/buddhirajgautam/Library/Developer/Xcode/DerivedData/Telegram-Mac-fygdgghdgmuleoelvxabfmqiotta/Build/Intermediates.noindex/Promises.build/Debug/FBLPromises-t.build/Objects-normal/arm64/FBLPromises.LinkFileList -nostdlib -Xlinker -object_path_lto -Xlinker /Users/buddhirajgautam/Library/Developer/Xcode/DerivedData/Telegram-Mac-fygdgghdgmuleoelvxabfmqiotta/Build/Intermediates.noindex/Promises.build/Debug/FBLPromises-t.build/Objects-normal/arm64/FBLPromises_lto.o -Xlinker -no_deduplicate -Xlinker -debug_variant -Xlinker -dependency_info -Xlinker /Users/buddhirajgautam/Library/Developer/Xcode/DerivedData/Telegram-Mac-fygdgghdgmuleoelvxabfmqiotta/Build/Intermediates.noindex/Promises.build/Debug/FBLPromises-t.build/Objects-normal/arm64/FBLPromises_dependency_info.dat -fobjc-arc -fobjc-link-runtime -o /Users/buddhirajgautam/Library/Developer/Xcode/DerivedData/Telegram-Mac-fygdgghdgmuleoelvxabfmqiotta/Build/Products/Debug/FBLPromises.o

SwiftCompile normal arm64 Compiling\ Colors.swift /Users/buddhirajgautam/Documents/Cherrygram-Mac/macOS-Swift/packages/Colors/Sources/Colors/Colors.swift (in target 'Colors' from project 'Colors')
/Users/buddhirajgautam/Documents/Cherrygram-Mac/macOS-Swift/packages/Colors/Sources/Colors/Colors.swift:475:5: warning: 'public' modifier is redundant for static property declared in a public extension
473 |     
474 |     
475 |     public static var cornerRadius:CGFloat {
    |     `- warning: 'public' modifier is redundant for static property declared in a public extension
476 |         return 5
477 |     }

/Users/buddhirajgautam/Documents/Cherrygram-Mac/macOS-Swift/packages/Colors/Sources/Colors/Colors.swift:479:5: warning: 'public' modifier is redundant for static property declared in a public extension
477 |     }
478 |     
479 |     public static var borderSize:CGFloat  {
    |     `- warning: 'public' modifier is redundant for static property declared in a public extension
480 |         get {
481 |             return 1

/Users/buddhirajgautam/Documents/Cherrygram-Mac/macOS-Swift/packages/Colors/Sources/Colors/Colors.swift:32:21: warning: 'scanLocation' was deprecated in macOS 10.15 [#DeprecatedDeclaration]
 30 |         let scanner = Scanner(string: hexString.prefix(7))
 31 |         if hexString.hasPrefix("#") {
 32 |             scanner.scanLocation = 1
    |                     `- warning: 'scanLocation' was deprecated in macOS 10.15 [#DeprecatedDeclaration]
 33 |         }
 34 |         var num: UInt32 = 0

/Users/buddhirajgautam/Documents/Cherrygram-Mac/macOS-Swift/packages/Colors/Sources/Colors/Colors.swift:42:20: warning: 'scanHexInt32' was deprecated in macOS 10.15 [#DeprecatedDeclaration]
 40 |             }
 41 |         }
 42 |         if scanner.scanHexInt32(&num), hexString.length >= 7 && hexString.length <= 9 {
    |                    `- warning: 'scanHexInt32' was deprecated in macOS 10.15 [#DeprecatedDeclaration]
 43 |             if hexString.length == 9 {
 44 |                 let scanner = Scanner(string: hexString)

/Users/buddhirajgautam/Documents/Cherrygram-Mac/macOS-Swift/packages/Colors/Sources/Colors/Colors.swift:45:25: warning: 'scanLocation' was deprecated in macOS 10.15 [#DeprecatedDeclaration]
 43 |             if hexString.length == 9 {
 44 |                 let scanner = Scanner(string: hexString)
 45 |                 scanner.scanLocation = 7
    |                         `- warning: 'scanLocation' was deprecated in macOS 10.15 [#DeprecatedDeclaration]
 46 |                 var intAlpha: UInt32 = 0
 47 |                 scanner.scanHexInt32(&intAlpha)

/Users/buddhirajgautam/Documents/Cherrygram-Mac/macOS-Swift/packages/Colors/Sources/Colors/Colors.swift:47:25: warning: 'scanHexInt32' was deprecated in macOS 10.15 [#DeprecatedDeclaration]
 45 |                 scanner.scanLocation = 7
 46 |                 var intAlpha: UInt32 = 0
 47 |                 scanner.scanHexInt32(&intAlpha)
    |                         `- warning: 'scanHexInt32' was deprecated in macOS 10.15 [#DeprecatedDeclaration]
 48 |                 alpha = CGFloat(intAlpha) / 255
 49 |             }

/Users/buddhirajgautam/Documents/Cherrygram-Mac/macOS-Swift/packages/Colors/Sources/Colors/Colors.swift:58:13: warning: immutable value 'r' was never used; consider replacing with '_' or removing it [#NoUsage]
 56 |     
 57 |     convenience init(_ rgbValue:UInt32, _ alpha:CGFloat = 1.0) {
 58 |         let r: CGFloat = ((CGFloat)((rgbValue & 0xFF0000) >> 16))
    |             `- warning: immutable value 'r' was never used; consider replacing with '_' or removing it [#NoUsage]
 59 |         let g: CGFloat = ((CGFloat)((rgbValue & 0xFF00) >> 8))
 60 |         let b: CGFloat = ((CGFloat)(rgbValue & 0xFF))

/Users/buddhirajgautam/Documents/Cherrygram-Mac/macOS-Swift/packages/Colors/Sources/Colors/Colors.swift:59:13: warning: immutable value 'g' was never used; consider replacing with '_' or removing it [#NoUsage]
 57 |     convenience init(_ rgbValue:UInt32, _ alpha:CGFloat = 1.0) {
 58 |         let r: CGFloat = ((CGFloat)((rgbValue & 0xFF0000) >> 16))
 59 |         let g: CGFloat = ((CGFloat)((rgbValue & 0xFF00) >> 8))
    |             `- warning: immutable value 'g' was never used; consider replacing with '_' or removing it [#NoUsage]
 60 |         let b: CGFloat = ((CGFloat)(rgbValue & 0xFF))
 61 |         self.init(rgb: rgbValue, alpha: alpha)

/Users/buddhirajgautam/Documents/Cherrygram-Mac/macOS-Swift/packages/Colors/Sources/Colors/Colors.swift:60:13: warning: immutable value 'b' was never used; consider replacing with '_' or removing it [#NoUsage]
 58 |         let r: CGFloat = ((CGFloat)((rgbValue & 0xFF0000) >> 16))
 59 |         let g: CGFloat = ((CGFloat)((rgbValue & 0xFF00) >> 8))
 60 |         let b: CGFloat = ((CGFloat)(rgbValue & 0xFF))
    |             `- warning: immutable value 'b' was never used; consider replacing with '_' or removing it [#NoUsage]
 61 |         self.init(rgb: rgbValue, alpha: alpha)
 62 |         //self.init(srgbRed: r/255.0, green: g/255.0, blue: b/255.0, alpha: alpha)

/Users/buddhirajgautam/Documents/Cherrygram-Mac/macOS-Swift/packages/Colors/Sources/Colors/Colors.swift:75:26: warning: 'usingColorSpaceName' was deprecated in macOS 10.14: Use -colorUsingType: or -colorUsingColorSpace: instead [#DeprecatedDeclaration]
 73 |         
 74 |         
 75 |         let color = self.usingColorSpaceName(NSColorSpaceName.deviceRGB)!
    |                          `- warning: 'usingColorSpaceName' was deprecated in macOS 10.14: Use -colorUsingType: or -colorUsingColorSpace: instead [#DeprecatedDeclaration]
 76 | 
 77 |         

/Users/buddhirajgautam/Documents/Cherrygram-Mac/macOS-Swift/packages/Colors/Sources/Colors/Colors.swift:78:31: warning: variable 'aInt' was never used; consider replacing with '_' or removing it [#NoUsage]
 76 | 
 77 |         
 78 |         var rInt, gInt, bInt, aInt: Int
    |                               `- warning: variable 'aInt' was never used; consider replacing with '_' or removing it [#NoUsage]
 79 |         var rHex, gHex, bHex: String
 80 |         

/Users/buddhirajgautam/Documents/Cherrygram-Mac/macOS-Swift/packages/Colors/Sources/Colors/Colors.swift:128:26: warning: 'usingColorSpaceName' was deprecated in macOS 10.14: Use -colorUsingType: or -colorUsingColorSpace: instead [#DeprecatedDeclaration]
126 |         
127 |         
128 |         let color = self.usingColorSpaceName(NSColorSpaceName.deviceRGB)!
    |                          `- warning: 'usingColorSpaceName' was deprecated in macOS 10.14: Use -colorUsingType: or -colorUsingColorSpace: instead [#DeprecatedDeclaration]
129 | 
130 |         

/Users/buddhirajgautam/Documents/Cherrygram-Mac/macOS-Swift/packages/Colors/Sources/Colors/Colors.swift:131:31: warning: variable 'aInt' was never used; consider replacing with '_' or removing it [#NoUsage]
129 | 
130 |         
131 |         var rInt, gInt, bInt, aInt: Int
    |                               `- warning: variable 'aInt' was never used; consider replacing with '_' or removing it [#NoUsage]
132 |         var rHex, gHex, bHex: String
133 |         

/Users/buddhirajgautam/Documents/Cherrygram-Mac/macOS-Swift/packages/Colors/Sources/Colors/Colors.swift:347:26: warning: 'usingColorSpaceName' was deprecated in macOS 10.14: Use -colorUsingType: or -colorUsingColorSpace: instead [#DeprecatedDeclaration]
345 |         var alpha       : CGFloat = 0
346 |         
347 |         let color = self.usingColorSpaceName(NSColorSpaceName.deviceRGB)!
    |                          `- warning: 'usingColorSpaceName' was deprecated in macOS 10.14: Use -colorUsingType: or -colorUsingColorSpace: instead [#DeprecatedDeclaration]
348 |         color.getHue(&hue, saturation: &saturation, brightness: &brightness, alpha: &alpha)
349 |         return NSColor( hue: hue,

/Users/buddhirajgautam/Documents/Cherrygram-Mac/macOS-Swift/packages/Colors/Sources/Colors/Colors.swift:444:26: warning: 'usingColorSpaceName' was deprecated in macOS 10.14: Use -colorUsingType: or -colorUsingColorSpace: instead [#DeprecatedDeclaration]
442 |     var argb: UInt32 {
443 |         
444 |         let color = self.usingColorSpaceName(NSColorSpaceName.deviceRGB)!
    |                          `- warning: 'usingColorSpaceName' was deprecated in macOS 10.14: Use -colorUsingType: or -colorUsingColorSpace: instead [#DeprecatedDeclaration]
445 |         var red: CGFloat = 0.0
446 |         var green: CGFloat = 0.0

/Users/buddhirajgautam/Documents/Cherrygram-Mac/macOS-Swift/packages/Colors/Sources/Colors/Colors.swift:456:26: warning: 'usingColorSpaceName' was deprecated in macOS 10.14: Use -colorUsingType: or -colorUsingColorSpace: instead [#DeprecatedDeclaration]
454 |     var rgb: UInt32 {
455 |         
456 |         let color = self.usingColorSpaceName(NSColorSpaceName.deviceRGB)
    |                          `- warning: 'usingColorSpaceName' was deprecated in macOS 10.14: Use -colorUsingType: or -colorUsingColorSpace: instead [#DeprecatedDeclaration]
457 |         if let color = color {
458 |             let red: CGFloat = color.redComponent

/Users/buddhirajgautam/Documents/Cherrygram-Mac/macOS-Swift/packages/Colors/Sources/Colors/Colors.swift:234:9: warning: will never be executed
232 |             return NSColor(0xffffff)
233 |         }
234 |         var components = self.cgColor.components
    |         `- warning: will never be executed
235 |         let alpha = components?.last
236 |         components?.removeLast()

[#DeprecatedDeclaration]: <https://docs.swift.org/compiler/documentation/diagnostics/deprecated-declaration>
[#NoUsage]: <https://docs.swift.org/compiler/documentation/diagnostics/no-usage>

SwiftCompile normal arm64 /Users/buddhirajgautam/Documents/Cherrygram-Mac/macOS-Swift/packages/Colors/Sources/Colors/Colors.swift (in target 'Colors' from project 'Colors')
    cd /Users/buddhirajgautam/Documents/Cherrygram-Mac/macOS-Swift
    builtin-SwiftPerFileCompile Colors.swift

SwiftDriverJobDiscovery normal arm64 Compiling Media_generated.swift, MessageId_generated.swift, Optional_generated.swift, PartialMediaReference_generated.swift (in target 'FlatSerialization' from project 'FlatSerialization')

ProcessInfoPlistFile /Users/buddhirajgautam/Library/Developer/Xcode/DerivedData/Telegram-Mac-fygdgghdgmuleoelvxabfmqiotta/Build/Products/Debug/CallVideoLayer_CallVideoLayer.bundle/Contents/Info.plist /Users/buddhirajgautam/Library/Developer/Xcode/DerivedData/Telegram-Mac-fygdgghdgmuleoelvxabfmqiotta/Build/Intermediates.noindex/CallVideoLayer.build/Debug/CallVideoLayer_CallVideoLayer-b.build/empty-CallVideoLayer_CallVideoLayer.plist (in target 'CallVideoLayer_CallVideoLayer' from project 'CallVideoLayer')
    cd /Users/buddhirajgautam/Documents/Cherrygram-Mac/macOS-Swift/packages/CallVideoLayer
    builtin-infoPlistUtility /Users/buddhirajgautam/Library/Developer/Xcode/DerivedData/Telegram-Mac-fygdgghdgmuleoelvxabfmqiotta/Build/Intermediates.noindex/CallVideoLayer.build/Debug/CallVideoLayer_CallVideoLayer-b.build/empty-CallVideoLayer_CallVideoLayer.plist -producttype com.apple.product-type.bundle -expandbuildsettings -platform macosx -o /Users/buddhirajgautam/Library/Developer/Xcode/DerivedData/Telegram-Mac-fygdgghdgmuleoelvxabfmqiotta/Build/Products/Debug/CallVideoLayer_CallVideoLayer.bundle/Contents/Info.plist

CpResource /Users/buddhirajgautam/Library/Developer/Xcode/DerivedData/Telegram-Mac-fygdgghdgmuleoelvxabfmqiotta/Build/Products/Debug/CallVideoLayer_CallVideoLayer.bundle/Contents/Resources/CallScreenShaders.metal /Users/buddhirajgautam/Documents/Cherrygram-Mac/macOS-Swift/packages/CallVideoLayer/Sources/CallScreenShaders.metal (in target 'CallVideoLayer_CallVideoLayer' from project 'CallVideoLayer')
    cd /Users/buddhirajgautam/Documents/Cherrygram-Mac/macOS-Swift/packages/CallVideoLayer
    builtin-copy -exclude .DS_Store -exclude CVS -exclude .svn -exclude .git -exclude .hg -resolve-src-symlinks /Users/buddhirajgautam/Documents/Cherrygram-Mac/macOS-Swift/packages/CallVideoLayer/Sources/CallScreenShaders.metal /Users/buddhirajgautam/Library/Developer/Xcode/DerivedData/Telegram-Mac-fygdgghdgmuleoelvxabfmqiotta/Build/Products/Debug/CallVideoLayer_CallVideoLayer.bundle/Contents/Resources

ExtractAppIntentsMetadata (in target 'Zip' from project 'Zip')
    cd /Users/buddhirajgautam/Documents/Cherrygram-Mac/macOS-Swift/submodules/Zip
    /Applications/Xcode.app/Contents/Developer/Toolchains/XcodeDefault.xctoolchain/usr/bin/appintentsmetadataprocessor --toolchain-dir /var/run/com.apple.security.cryptexd/mnt/com.apple.MobileAsset.MetalToolchain-v27.1.266.1.Pr1pMU/Metal.xctoolchain --module-name Zip --sdk-root /Applications/Xcode.app/Contents/Developer/Platforms/MacOSX.platform/Developer/SDKs/MacOSX27.0.sdk --xcode-version 27A266a --platform-family macOS --deployment-target 12.0 --bundle-identifier zip.Zip --output /Users/buddhirajgautam/Library/Developer/Xcode/DerivedData/Telegram-Mac-fygdgghdgmuleoelvxabfmqiotta/Build/Products/Debug/Zip.appintents --target-triple arm64-apple-macos12.0 --binary-file /Users/buddhirajgautam/Library/Developer/Xcode/DerivedData/Telegram-Mac-fygdgghdgmuleoelvxabfmqiotta/Build/Products/Debug/Zip.o --dependency-file /Users/buddhirajgautam/Library/Developer/Xcode/DerivedData/Telegram-Mac-fygdgghdgmuleoelvxabfmqiotta/Build/Intermediates.noindex/Zip.build/Debug/Zip-t.build/Objects-normal/arm64/Zip_dependency_info.dat --stringsdata-file /Users/buddhirajgautam/Library/Developer/Xcode/DerivedData/Telegram-Mac-fygdgghdgmuleoelvxabfmqiotta/Build/Intermediates.noindex/Zip.build/Debug/Zip-t.build/Objects-normal/arm64/ExtractedAppShortcutsMetadata.stringsdata --source-file-list /Users/buddhirajgautam/Library/Developer/Xcode/DerivedData/Telegram-Mac-fygdgghdgmuleoelvxabfmqiotta/Build/Intermediates.noindex/Zip.build/Debug/Zip-t.build/Objects-normal/arm64/Zip.SwiftFileList --metadata-file-list /Users/buddhirajgautam/Library/Developer/Xcode/DerivedData/Telegram-Mac-fygdgghdgmuleoelvxabfmqiotta/Build/Intermediates.noindex/Zip.build/Debug/Zip-t.build/Zip.DependencyMetadataFileList --static-metadata-file-list /Users/buddhirajgautam/Library/Developer/Xcode/DerivedData/Telegram-Mac-fygdgghdgmuleoelvxabfmqiotta/Build/Intermediates.noindex/Zip.build/Debug/Zip-t.build/Zip.DependencyStaticMetadataFileList --swift-const-vals-list /Users/buddhirajgautam/Library/Developer/Xcode/DerivedData/Telegram-Mac-fygdgghdgmuleoelvxabfmqiotta/Build/Intermediates.noindex/Zip.build/Debug/Zip-t.build/Objects-normal/arm64/Zip.SwiftConstValuesFileList --force --compile-time-extraction --deployment-aware-processing --no-app-shortcuts-localization
2026-09-21 20:24:09.791 appintentsmetadataprocessor[56340:3885592] Starting appintentsmetadataprocessor export
2026-09-21 20:24:09.937 appintentsmetadataprocessor[56340:3885592] Extracted no relevant App Intents symbols, skipping writing output

CompileC /Users/buddhirajgautam/Library/Developer/Xcode/DerivedData/Telegram-Mac-fygdgghdgmuleoelvxabfmqiotta/Build/Intermediates.noindex/Sparkle.build/Debug/Autoupdate.build/Objects-normal/x86_64/TerminationListener.o /Users/buddhirajgautam/Documents/Cherrygram-Mac/macOS-Swift/submodules/Sparkle/Sparkle/Autoupdate/TerminationListener.m normal x86_64 objective-c com.apple.compilers.llvm.clang.1_0.compiler (in target 'Autoupdate' from project 'Sparkle')
    cd /Users/buddhirajgautam/Documents/Cherrygram-Mac/macOS-Swift/submodules/Sparkle
    
    Using response file: /Users/buddhirajgautam/Library/Developer/Xcode/DerivedData/Telegram-Mac-fygdgghdgmuleoelvxabfmqiotta/Build/Intermediates.noindex/Sparkle.build/Debug/Autoupdate.build/Objects-normal/x86_64/e6072d4f65d7061329687fe24e3d63a7-common-args.resp
    
    /Applications/Xcode.app/Contents/Developer/Toolchains/XcodeDefault.xctoolchain/usr/bin/clang -x objective-c -ivfsstatcache /Users/buddhirajgautam/Library/Developer/Xcode/DerivedData/SDKStatCaches.noindex/macosx27.0-26A425-e829b21a6f8c9b70876ba0858053c0447231f6df4def33e022ae2eb8f782df1a.sdkstatcache -target x86_64-apple-macos12.0 -fmessage-length\=0 -fdiagnostics-show-note-include-stack -fmacro-backtrace-limit\=0 -fno-color-diagnostics -Wno-trigraphs -Werror\=incompatible-pointer-types -Werror\=implicit-function-declaration -Wmissing-field-initializers -Wmissing-prototypes -Wdocumentation -Wunreachable-code -Wimplicit-atomic-properties -Wno-objc-interface-ivars -Wobjc-missing-property-synthesis -Warc-repeated-use-of-weak -Wno-arc-maybe-repeated-use-of-weak -Wexplicit-ownership-type -Wimplicit-retain-self -Wduplicate-method-match -Wmissing-braces -Wparentheses -Wswitch -Wunused-function -Wunused-label -Wunused-parameter -Wunused-variable -Wunused-value -Wempty-body -Wuninitialized -Wunknown-pragmas -Wshadow -Wfour-char-constants -Wconversion -Wconstant-conversion -Wint-conversion -Wbool-conversion -Wenum-conversion -Wfloat-conversion -Wnon-literal-null-conversion -Wobjc-literal-conversion -Wassign-enum -Wsign-compare -Wshorten-64-to-32 -Wpointer-sign -Wnewline-eof -Wselector -Wstrict-selector-match -Wundeclared-selector -Wdeprecated-implementations -Wno-implicit-fallthrough -isysroot /Applications/Xcode.app/Contents/Developer/Platforms/MacOSX.platform/Developer/SDKs/MacOSX27.0.sdk -fstrict-aliasing -Wprotocol -Wdeprecated-declarations -Wsign-conversion -Winfinite-recursion -Wcomma -Wblock-capture-autoreleasing -Wstrict-prototypes -Wno-semicolon-before-method-body -Wall -Weverything -Wno-unused-macros -Wno-gnu-statement-expression -Wno-arc-repeated-use-of-weak -Wno-auto-import -Wno-gnu-zero-variadic-macro-arguments -Wno-custom-atomic-properties -Wno-implicit-atomic-properties @/Users/buddhirajgautam/Library/Developer/Xcode/DerivedData/Telegram-Mac-fygdgghdgmuleoelvxabfmqiotta/Build/Intermediates.noindex/Sparkle.build/Debug/Autoupdate.build/Objects-normal/x86_64/e6072d4f65d7061329687fe24e3d63a7-common-args.resp -MMD -MT dependencies -MF /Users/buddhirajgautam/Library/Developer/Xcode/DerivedData/Telegram-Mac-fygdgghdgmuleoelvxabfmqiotta/Build/Intermediates.noindex/Sparkle.build/Debug/Autoupdate.build/Objects-normal/x86_64/TerminationListener.d --serialize-diagnostics /Users/buddhirajgautam/Library/Developer/Xcode/DerivedData/Telegram-Mac-fygdgghdgmuleoelvxabfmqiotta/Build/Intermediates.noindex/Sparkle.build/Debug/Autoupdate.build/Objects-normal/x86_64/TerminationListener.dia -c /Users/buddhirajgautam/Documents/Cherrygram-Mac/macOS-Swift/submodules/Sparkle/Sparkle/Autoupdate/TerminationListener.m -o /Users/buddhirajgautam/Library/Developer/Xcode/DerivedData/Telegram-Mac-fygdgghdgmuleoelvxabfmqiotta/Build/Intermediates.noindex/Sparkle.build/Debug/Autoupdate.build/Objects-normal/x86_64/TerminationListener.o
clang: warning: no such include directory: '/Users/buddhirajgautam/Library/Developer/Xcode/DerivedData/Telegram-Mac-fygdgghdgmuleoelvxabfmqiotta/Build/Products/Debug/include' [-Wmissing-include-dirs]
clang: warning: no such include directory: '/Users/buddhirajgautam/Library/Developer/Xcode/DerivedData/Telegram-Mac-fygdgghdgmuleoelvxabfmqiotta/Build/Intermediates.noindex/Sparkle.build/Debug/Autoupdate.build/DerivedSources-normal/x86_64' [-Wmissing-include-dirs]
clang: warning: no such include directory: '/Users/buddhirajgautam/Library/Developer/Xcode/DerivedData/Telegram-Mac-fygdgghdgmuleoelvxabfmqiotta/Build/Intermediates.noindex/Sparkle.build/Debug/Autoupdate.build/DerivedSources/x86_64' [-Wmissing-include-dirs]
clang: warning: no such include directory: '/Users/buddhirajgautam/Library/Developer/Xcode/DerivedData/Telegram-Mac-fygdgghdgmuleoelvxabfmqiotta/Build/Intermediates.noindex/Sparkle.build/Debug/Autoupdate.build/DerivedSources' [-Wmissing-include-dirs]
/Users/buddhirajgautam/Documents/Cherrygram-Mac/macOS-Swift/submodules/Sparkle/Sparkle/Autoupdate/TerminationListener.m:69:11: warning: mixing declarations and code is incompatible with standards before C99 [-Wdeclaration-after-statement]
   69 |     pid_t processIdentifier = self.processIdentifier.intValue;
      |           ^
/Users/buddhirajgautam/Documents/Cherrygram-Mac/macOS-Swift/submodules/Sparkle/Sparkle/Autoupdate/TerminationListener.m:131:26: warning: mixing declarations and code is incompatible with standards before C99 [-Wdeclaration-after-statement]
  131 |     TerminationListener *self = CFBridgingRelease(info);
      |                          ^
2 warnings generated.

SwiftDriver Postbox normal arm64 com.apple.xcode.tools.swift.compiler (in target 'Postbox' from project 'Postbox')
    cd /Users/buddhirajgautam/Documents/Cherrygram-Mac/macOS-Swift
    builtin-SwiftDriver -- /Applications/Xcode.app/Contents/Developer/Toolchains/XcodeDefault.xctoolchain/usr/bin/swiftc -parse-as-library -module-name Postbox -Onone @/Users/buddhirajgautam/Library/Developer/Xcode/DerivedData/Telegram-Mac-fygdgghdgmuleoelvxabfmqiotta/Build/Intermediates.noindex/Postbox.build/Debug/Postbox-t.build/Objects-normal/arm64/Postbox.SwiftFileList -DSWIFT_PACKAGE -DDEBUG -DSWIFT_MODULE_RESOURCE_BUNDLE_UNAVAILABLE -Xcc -fmodule-map-file\=/Users/buddhirajgautam/Library/Developer/Xcode/DerivedData/Telegram-Mac-fygdgghdgmuleoelvxabfmqiotta/Build/Intermediates.noindex/GeneratedModuleMaps/MurMurHash32.modulemap -Xcc -fmodule-map-file\=/Users/buddhirajgautam/Library/Developer/Xcode/DerivedData/Telegram-Mac-fygdgghdgmuleoelvxabfmqiotta/Build/Intermediates.noindex/GeneratedModuleMaps/sqlcipher.modulemap -Xcc -fmodule-map-file\=/Users/buddhirajgautam/Library/Developer/Xcode/DerivedData/Telegram-Mac-fygdgghdgmuleoelvxabfmqiotta/Build/Intermediates.noindex/GeneratedModuleMaps/StringTransliteration.modulemap -Xcc -fmodule-map-file\=/Users/buddhirajgautam/Library/Developer/Xcode/DerivedData/Telegram-Mac-fygdgghdgmuleoelvxabfmqiotta/Build/Intermediates.noindex/GeneratedModuleMaps/DarwinDirStat.modulemap -Xcc -fmodule-map-file\=/Users/buddhirajgautam/Library/Developer/Xcode/DerivedData/Telegram-Mac-fygdgghdgmuleoelvxabfmqiotta/Build/Intermediates.noindex/GeneratedModuleMaps/CryptoUtils.modulemap -Xcc -fmodule-map-file\=/Users/buddhirajgautam/Library/Developer/Xcode/DerivedData/Telegram-Mac-fygdgghdgmuleoelvxabfmqiotta/Build/Intermediates.noindex/GeneratedModuleMaps/Crc32.modulemap -DXcode -plugin-path /Applications/Xcode.app/Contents/Developer/Toolchains/XcodeDefault.xctoolchain/usr/lib/swift/host/plugins/testing -enable-experimental-feature DebugDescriptionMacro -sdk /Applications/Xcode.app/Contents/Developer/Platforms/MacOSX.platform/Developer/SDKs/MacOSX27.0.sdk -target arm64-apple-macos12.0 -g -module-cache-path /Users/buddhirajgautam/Library/Developer/Xcode/DerivedData/ModuleCache.noindex -Xfrontend -serialize-debugging-options -profile-coverage-mapping -profile-generate -enable-testing -index-store-path /Users/buddhirajgautam/Library/Developer/Xcode/DerivedData/Telegram-Mac-fygdgghdgmuleoelvxabfmqiotta/Index.noindex/DataStore -Xcc -D_LIBCPP_HARDENING_MODE\=_LIBCPP_HARDENING_MODE_DEBUG -swift-version 5 -I /Users/buddhirajgautam/Library/Developer/Xcode/DerivedData/Telegram-Mac-fygdgghdgmuleoelvxabfmqiotta/Build/Products/Debug -Isystem /Applications/Xcode.app/Contents/Developer/Platforms/MacOSX.platform/Developer/usr/lib -F /Users/buddhirajgautam/Library/Developer/Xcode/DerivedData/Telegram-Mac-fygdgghdgmuleoelvxabfmqiotta/Build/Products/Debug/PackageFrameworks -F /Users/buddhirajgautam/Library/Developer/Xcode/DerivedData/Telegram-Mac-fygdgghdgmuleoelvxabfmqiotta/Build/Products/Debug -F /Applications/Xcode.app/Contents/Developer/Platforms/MacOSX.platform/Developer/Library/Frameworks -c -j8 -enable-batch-mode -incremental -Xcc -ivfsstatcache -Xcc /Users/buddhirajgautam/Library/Developer/Xcode/DerivedData/SDKStatCaches.noindex/macosx27.0-26A425-e829b21a6f8c9b70876ba0858053c0447231f6df4def33e022ae2eb8f782df1a.sdkstatcache -output-file-map /Users/buddhirajgautam/Library/Developer/Xcode/DerivedData/Telegram-Mac-fygdgghdgmuleoelvxabfmqiotta/Build/Intermediates.noindex/Postbox.build/Debug/Postbox-t.build/Objects-normal/arm64/Postbox-OutputFileMap.json -save-temps -no-color-diagnostics -explicit-module-build -module-cache-path /Users/buddhirajgautam/Library/Developer/Xcode/DerivedData/Telegram-Mac-fygdgghdgmuleoelvxabfmqiotta/Build/Intermediates.noindex/SwiftExplicitPrecompiledModules -clang-scanner-module-cache-path /Users/buddhirajgautam/Library/Developer/Xcode/DerivedData/ModuleCache.noindex -sdk-module-cache-path /Users/buddhirajgautam/Library/Developer/Xcode/DerivedData/SDKExplicitPrecompiledModules -emit-dependencies -emit-module -emit-module-path /Users/buddhirajgautam/Library/Developer/Xcode/DerivedData/Telegram-Mac-fygdgghdgmuleoelvxabfmqiotta/Build/Intermediates.noindex/Postbox.build/Debug/Postbox-t.build/Objects-normal/arm64/Postbox.swiftmodule -serialize-diagnostics -dependency-scan-serialize-diagnostics-path /Users/buddhirajgautam/Library/Developer/Xcode/DerivedData/Telegram-Mac-fygdgghdgmuleoelvxabfmqiotta/Build/Intermediates.noindex/Postbox.build/Debug/Postbox-t.build/Objects-normal/arm64/Postbox-dependency-scan.dia -validate-clang-modules-once -clang-build-session-file /Users/buddhirajgautam/Library/Developer/Xcode/DerivedData/ModuleCache.noindex/Session.modulevalidation -Xcc -fmodules-prune-interval\=86400 -Xcc -fmodules-prune-after\=345600 -emit-const-values -const-gather-protocols-list /Users/buddhirajgautam/Library/Developer/Xcode/DerivedData/Telegram-Mac-fygdgghdgmuleoelvxabfmqiotta/Build/Intermediates.noindex/Postbox.build/Debug/Postbox-t.build/Objects-normal/arm64/Postbox_const_extract_protocols.json -Xcc -I/Users/buddhirajgautam/Documents/Cherrygram-Mac/macOS-Swift/submodules/telegram-ios/submodules/MurMurHash32/PublicHeaders -Xcc -I/Users/buddhirajgautam/Documents/Cherrygram-Mac/macOS-Swift/submodules/telegram-ios/submodules/sqlcipher/PublicHeaders -Xcc -I/Users/buddhirajgautam/Documents/Cherrygram-Mac/macOS-Swift/submodules/telegram-ios/submodules/StringTransliteration/PublicHeaders -Xcc -I/Users/buddhirajgautam/Documents/Cherrygram-Mac/macOS-Swift/submodules/telegram-ios/submodules/Utils/DarwinDirStat/PublicHeaders -Xcc -I/Users/buddhirajgautam/Documents/Cherrygram-Mac/macOS-Swift/submodules/telegram-ios/submodules/CryptoUtils/PublicHeaders -Xcc -I/Users/buddhirajgautam/Documents/Cherrygram-Mac/macOS-Swift/submodules/telegram-ios/submodules/Crc32/PublicHeaders -Xcc -I/Users/buddhirajgautam/Library/Developer/Xcode/DerivedData/Telegram-Mac-fygdgghdgmuleoelvxabfmqiotta/Build/Products/Debug/include -Xcc -I/Users/buddhirajgautam/Library/Developer/Xcode/DerivedData/Telegram-Mac-fygdgghdgmuleoelvxabfmqiotta/Build/Intermediates.noindex/Postbox.build/Debug/Postbox-t.build/DerivedSources-normal/arm64 -Xcc -I/Users/buddhirajgautam/Library/Developer/Xcode/DerivedData/Telegram-Mac-fygdgghdgmuleoelvxabfmqiotta/Build/Intermediates.noindex/Postbox.build/Debug/Postbox-t.build/DerivedSources/arm64 -Xcc -I/Users/buddhirajgautam/Library/Developer/Xcode/DerivedData/Telegram-Mac-fygdgghdgmuleoelvxabfmqiotta/Build/Intermediates.noindex/Postbox.build/Debug/Postbox-t.build/DerivedSources -Xcc -DSWIFT_PACKAGE -Xcc -DDEBUG\=1 -emit-objc-header -emit-objc-header-path /Users/buddhirajgautam/Library/Developer/Xcode/DerivedData/Telegram-Mac-fygdgghdgmuleoelvxabfmqiotta/Build/Intermediates.noindex/Postbox.build/Debug/Postbox-t.build/Objects-normal/arm64/Postbox-Swift.h -working-directory /Users/buddhirajgautam/Documents/Cherrygram-Mac/macOS-Swift -experimental-emit-module-separately -disable-cmo

SwiftDriverJobDiscovery normal arm64 Compiling TelegramChatAdminRights_generated.swift, TelegramChatBannedRights_generated.swift, TelegramGroup_generated.swift, TelegramMediaFileAttribute_generated.swift (in target 'FlatSerialization' from project 'FlatSerialization')

SwiftDriver ColorPalette normal arm64 com.apple.xcode.tools.swift.compiler (in target 'ColorPalette' from project 'ColorPalette')
    cd /Users/buddhirajgautam/Documents/Cherrygram-Mac/macOS-Swift
    builtin-SwiftDriver -- /Applications/Xcode.app/Contents/Developer/Toolchains/XcodeDefault.xctoolchain/usr/bin/swiftc -parse-as-library -module-name ColorPalette -Onone @/Users/buddhirajgautam/Library/Developer/Xcode/DerivedData/Telegram-Mac-fygdgghdgmuleoelvxabfmqiotta/Build/Intermediates.noindex/ColorPalette.build/Debug/ColorPalette-t.build/Objects-normal/arm64/ColorPalette.SwiftFileList -DSWIFT_PACKAGE -DDEBUG -DSWIFT_MODULE_RESOURCE_BUNDLE_UNAVAILABLE -DXcode -plugin-path /Applications/Xcode.app/Contents/Developer/Toolchains/XcodeDefault.xctoolchain/usr/lib/swift/host/plugins/testing -enable-experimental-feature DebugDescriptionMacro -sdk /Applications/Xcode.app/Contents/Developer/Platforms/MacOSX.platform/Developer/SDKs/MacOSX27.0.sdk -target arm64-apple-macos12.0 -g -module-cache-path /Users/buddhirajgautam/Library/Developer/Xcode/DerivedData/ModuleCache.noindex -Xfrontend -serialize-debugging-options -profile-coverage-mapping -profile-generate -enable-testing -index-store-path /Users/buddhirajgautam/Library/Developer/Xcode/DerivedData/Telegram-Mac-fygdgghdgmuleoelvxabfmqiotta/Index.noindex/DataStore -Xcc -D_LIBCPP_HARDENING_MODE\=_LIBCPP_HARDENING_MODE_DEBUG -swift-version 5 -I /Users/buddhirajgautam/Library/Developer/Xcode/DerivedData/Telegram-Mac-fygdgghdgmuleoelvxabfmqiotta/Build/Products/Debug -Isystem /Applications/Xcode.app/Contents/Developer/Platforms/MacOSX.platform/Developer/usr/lib -F /Users/buddhirajgautam/Library/Developer/Xcode/DerivedData/Telegram-Mac-fygdgghdgmuleoelvxabfmqiotta/Build/Products/Debug/PackageFrameworks -F /Users/buddhirajgautam/Library/Developer/Xcode/DerivedData/Telegram-Mac-fygdgghdgmuleoelvxabfmqiotta/Build/Products/Debug -F /Applications/Xcode.app/Contents/Developer/Platforms/MacOSX.platform/Developer/Library/Frameworks -c -j8 -enable-batch-mode -incremental -Xcc -ivfsstatcache -Xcc /Users/buddhirajgautam/Library/Developer/Xcode/DerivedData/SDKStatCaches.noindex/macosx27.0-26A425-e829b21a6f8c9b70876ba0858053c0447231f6df4def33e022ae2eb8f782df1a.sdkstatcache -output-file-map /Users/buddhirajgautam/Library/Developer/Xcode/DerivedData/Telegram-Mac-fygdgghdgmuleoelvxabfmqiotta/Build/Intermediates.noindex/ColorPalette.build/Debug/ColorPalette-t.build/Objects-normal/arm64/ColorPalette-OutputFileMap.json -save-temps -no-color-diagnostics -explicit-module-build -module-cache-path /Users/buddhirajgautam/Library/Developer/Xcode/DerivedData/Telegram-Mac-fygdgghdgmuleoelvxabfmqiotta/Build/Intermediates.noindex/SwiftExplicitPrecompiledModules -clang-scanner-module-cache-path /Users/buddhirajgautam/Library/Developer/Xcode/DerivedData/ModuleCache.noindex -sdk-module-cache-path /Users/buddhirajgautam/Library/Developer/Xcode/DerivedData/SDKExplicitPrecompiledModules -emit-dependencies -emit-module -emit-module-path /Users/buddhirajgautam/Library/Developer/Xcode/DerivedData/Telegram-Mac-fygdgghdgmuleoelvxabfmqiotta/Build/Intermediates.noindex/ColorPalette.build/Debug/ColorPalette-t.build/Objects-normal/arm64/ColorPalette.swiftmodule -serialize-diagnostics -dependency-scan-serialize-diagnostics-path /Users/buddhirajgautam/Library/Developer/Xcode/DerivedData/Telegram-Mac-fygdgghdgmuleoelvxabfmqiotta/Build/Intermediates.noindex/ColorPalette.build/Debug/ColorPalette-t.build/Objects-normal/arm64/ColorPalette-dependency-scan.dia -validate-clang-modules-once -clang-build-session-file /Users/buddhirajgautam/Library/Developer/Xcode/DerivedData/ModuleCache.noindex/Session.modulevalidation -Xcc -fmodules-prune-interval\=86400 -Xcc -fmodules-prune-after\=345600 -emit-const-values -const-gather-protocols-list /Users/buddhirajgautam/Library/Developer/Xcode/DerivedData/Telegram-Mac-fygdgghdgmuleoelvxabfmqiotta/Build/Intermediates.noindex/ColorPalette.build/Debug/ColorPalette-t.build/Objects-normal/arm64/ColorPalette_const_extract_protocols.json -Xcc -I/Users/buddhirajgautam/Library/Developer/Xcode/DerivedData/Telegram-Mac-fygdgghdgmuleoelvxabfmqiotta/Build/Products/Debug/include -Xcc -I/Users/buddhirajgautam/Library/Developer/Xcode/DerivedData/Telegram-Mac-fygdgghdgmuleoelvxabfmqiotta/Build/Intermediates.noindex/ColorPalette.build/Debug/ColorPalette-t.build/DerivedSources-normal/arm64 -Xcc -I/Users/buddhirajgautam/Library/Developer/Xcode/DerivedData/Telegram-Mac-fygdgghdgmuleoelvxabfmqiotta/Build/Intermediates.noindex/ColorPalette.build/Debug/ColorPalette-t.build/DerivedSources/arm64 -Xcc -I/Users/buddhirajgautam/Library/Developer/Xcode/DerivedData/Telegram-Mac-fygdgghdgmuleoelvxabfmqiotta/Build/Intermediates.noindex/ColorPalette.build/Debug/ColorPalette-t.build/DerivedSources -Xcc -DSWIFT_PACKAGE -Xcc -DDEBUG\=1 -emit-objc-header -emit-objc-header-path /Users/buddhirajgautam/Library/Developer/Xcode/DerivedData/Telegram-Mac-fygdgghdgmuleoelvxabfmqiotta/Build/Intermediates.noindex/ColorPalette.build/Debug/ColorPalette-t.build/Objects-normal/arm64/ColorPalette-Swift.h -working-directory /Users/buddhirajgautam/Documents/Cherrygram-Mac/macOS-Swift -experimental-emit-module-separately -disable-cmo

SwiftDriverJobDiscovery normal arm64 Compiling PeerReference_generated.swift, PixelDimensions_generated.swift, RichText_generated.swift, StarsAmount_generated.swift (in target 'FlatSerialization' from project 'FlatSerialization')

SwiftDriver ApiCredentials normal arm64 com.apple.xcode.tools.swift.compiler (in target 'ApiCredentials' from project 'ApiCredentials')
    cd /Users/buddhirajgautam/Documents/Cherrygram-Mac/macOS-Swift
    builtin-SwiftDriver -- /Applications/Xcode.app/Contents/Developer/Toolchains/XcodeDefault.xctoolchain/usr/bin/swiftc -parse-as-library -module-name ApiCredentials -Onone @/Users/buddhirajgautam/Library/Developer/Xcode/DerivedData/Telegram-Mac-fygdgghdgmuleoelvxabfmqiotta/Build/Intermediates.noindex/ApiCredentials.build/Debug/ApiCredentials-t.build/Objects-normal/arm64/ApiCredentials.SwiftFileList -DSWIFT_PACKAGE -DDEBUG -DSWIFT_MODULE_RESOURCE_BUNDLE_UNAVAILABLE -DXcode -plugin-path /Applications/Xcode.app/Contents/Developer/Toolchains/XcodeDefault.xctoolchain/usr/lib/swift/host/plugins/testing -enable-experimental-feature DebugDescriptionMacro -sdk /Applications/Xcode.app/Contents/Developer/Platforms/MacOSX.platform/Developer/SDKs/MacOSX27.0.sdk -target arm64-apple-macos12.0 -g -module-cache-path /Users/buddhirajgautam/Library/Developer/Xcode/DerivedData/ModuleCache.noindex -Xfrontend -serialize-debugging-options -profile-coverage-mapping -profile-generate -enable-testing -index-store-path /Users/buddhirajgautam/Library/Developer/Xcode/DerivedData/Telegram-Mac-fygdgghdgmuleoelvxabfmqiotta/Index.noindex/DataStore -Xcc -D_LIBCPP_HARDENING_MODE\=_LIBCPP_HARDENING_MODE_DEBUG -swift-version 5 -I /Users/buddhirajgautam/Library/Developer/Xcode/DerivedData/Telegram-Mac-fygdgghdgmuleoelvxabfmqiotta/Build/Products/Debug -Isystem /Applications/Xcode.app/Contents/Developer/Platforms/MacOSX.platform/Developer/usr/lib -F /Users/buddhirajgautam/Library/Developer/Xcode/DerivedData/Telegram-Mac-fygdgghdgmuleoelvxabfmqiotta/Build/Products/Debug -F /Applications/Xcode.app/Contents/Developer/Platforms/MacOSX.platform/Developer/Library/Frameworks -c -j8 -enable-batch-mode -incremental -Xcc -ivfsstatcache -Xcc /Users/buddhirajgautam/Library/Developer/Xcode/DerivedData/SDKStatCaches.noindex/macosx27.0-26A425-e829b21a6f8c9b70876ba0858053c0447231f6df4def33e022ae2eb8f782df1a.sdkstatcache -output-file-map /Users/buddhirajgautam/Library/Developer/Xcode/DerivedData/Telegram-Mac-fygdgghdgmuleoelvxabfmqiotta/Build/Intermediates.noindex/ApiCredentials.build/Debug/ApiCredentials-t.build/Objects-normal/arm64/ApiCredentials-OutputFileMap.json -save-temps -no-color-diagnostics -explicit-module-build -module-cache-path /Users/buddhirajgautam/Library/Developer/Xcode/DerivedData/Telegram-Mac-fygdgghdgmuleoelvxabfmqiotta/Build/Intermediates.noindex/SwiftExplicitPrecompiledModules -clang-scanner-module-cache-path /Users/buddhirajgautam/Library/Developer/Xcode/DerivedData/ModuleCache.noindex -sdk-module-cache-path /Users/buddhirajgautam/Library/Developer/Xcode/DerivedData/SDKExplicitPrecompiledModules -emit-dependencies -emit-module -emit-module-path /Users/buddhirajgautam/Library/Developer/Xcode/DerivedData/Telegram-Mac-fygdgghdgmuleoelvxabfmqiotta/Build/Intermediates.noindex/ApiCredentials.build/Debug/ApiCredentials-t.build/Objects-normal/arm64/ApiCredentials.swiftmodule -serialize-diagnostics -dependency-scan-serialize-diagnostics-path /Users/buddhirajgautam/Library/Developer/Xcode/DerivedData/Telegram-Mac-fygdgghdgmuleoelvxabfmqiotta/Build/Intermediates.noindex/ApiCredentials.build/Debug/ApiCredentials-t.build/Objects-normal/arm64/ApiCredentials-dependency-scan.dia -validate-clang-modules-once -clang-build-session-file /Users/buddhirajgautam/Library/Developer/Xcode/DerivedData/ModuleCache.noindex/Session.modulevalidation -Xcc -fmodules-prune-interval\=86400 -Xcc -fmodules-prune-after\=345600 -emit-const-values -const-gather-protocols-list /Users/buddhirajgautam/Library/Developer/Xcode/DerivedData/Telegram-Mac-fygdgghdgmuleoelvxabfmqiotta/Build/Intermediates.noindex/ApiCredentials.build/Debug/ApiCredentials-t.build/Objects-normal/arm64/ApiCredentials_const_extract_protocols.json -Xcc -I/Users/buddhirajgautam/Library/Developer/Xcode/DerivedData/Telegram-Mac-fygdgghdgmuleoelvxabfmqiotta/Build/Products/Debug/include -Xcc -I/Users/buddhirajgautam/Library/Developer/Xcode/DerivedData/Telegram-Mac-fygdgghdgmuleoelvxabfmqiotta/Build/Intermediates.noindex/ApiCredentials.build/Debug/ApiCredentials-t.build/DerivedSources-normal/arm64 -Xcc -I/Users/buddhirajgautam/Library/Developer/Xcode/DerivedData/Telegram-Mac-fygdgghdgmuleoelvxabfmqiotta/Build/Intermediates.noindex/ApiCredentials.build/Debug/ApiCredentials-t.build/DerivedSources/arm64 -Xcc -I/Users/buddhirajgautam/Library/Developer/Xcode/DerivedData/Telegram-Mac-fygdgghdgmuleoelvxabfmqiotta/Build/Intermediates.noindex/ApiCredentials.build/Debug/ApiCredentials-t.build/DerivedSources -Xcc -DSWIFT_PACKAGE -Xcc -DDEBUG\=1 -emit-objc-header -emit-objc-header-path /Users/buddhirajgautam/Library/Developer/Xcode/DerivedData/Telegram-Mac-fygdgghdgmuleoelvxabfmqiotta/Build/Intermediates.noindex/ApiCredentials.build/Debug/ApiCredentials-t.build/Objects-normal/arm64/ApiCredentials-Swift.h -working-directory /Users/buddhirajgautam/Documents/Cherrygram-Mac/macOS-Swift -experimental-emit-module-separately -disable-cmo

CompileC /Users/buddhirajgautam/Library/Developer/Xcode/DerivedData/Telegram-Mac-fygdgghdgmuleoelvxabfmqiotta/Build/Intermediates.noindex/Sparkle.build/Debug/Autoupdate.build/Objects-normal/x86_64/SUTouchBarButtonGroup.o /Users/buddhirajgautam/Documents/Cherrygram-Mac/macOS-Swift/submodules/Sparkle/Sparkle/SUTouchBarButtonGroup.m normal x86_64 objective-c com.apple.compilers.llvm.clang.1_0.compiler (in target 'Autoupdate' from project 'Sparkle')
    cd /Users/buddhirajgautam/Documents/Cherrygram-Mac/macOS-Swift/submodules/Sparkle
    
    Using response file: /Users/buddhirajgautam/Library/Developer/Xcode/DerivedData/Telegram-Mac-fygdgghdgmuleoelvxabfmqiotta/Build/Intermediates.noindex/Sparkle.build/Debug/Autoupdate.build/Objects-normal/x86_64/e6072d4f65d7061329687fe24e3d63a7-common-args.resp
    
    /Applications/Xcode.app/Contents/Developer/Toolchains/XcodeDefault.xctoolchain/usr/bin/clang -x objective-c -ivfsstatcache /Users/buddhirajgautam/Library/Developer/Xcode/DerivedData/SDKStatCaches.noindex/macosx27.0-26A425-e829b21a6f8c9b70876ba0858053c0447231f6df4def33e022ae2eb8f782df1a.sdkstatcache -target x86_64-apple-macos12.0 -fmessage-length\=0 -fdiagnostics-show-note-include-stack -fmacro-backtrace-limit\=0 -fno-color-diagnostics -Wno-trigraphs -Werror\=incompatible-pointer-types -Werror\=implicit-function-declaration -Wmissing-field-initializers -Wmissing-prototypes -Wdocumentation -Wunreachable-code -Wimplicit-atomic-properties -Wno-objc-interface-ivars -Wobjc-missing-property-synthesis -Warc-repeated-use-of-weak -Wno-arc-maybe-repeated-use-of-weak -Wexplicit-ownership-type -Wimplicit-retain-self -Wduplicate-method-match -Wmissing-braces -Wparentheses -Wswitch -Wunused-function -Wunused-label -Wunused-parameter -Wunused-variable -Wunused-value -Wempty-body -Wuninitialized -Wunknown-pragmas -Wshadow -Wfour-char-constants -Wconversion -Wconstant-conversion -Wint-conversion -Wbool-conversion -Wenum-conversion -Wfloat-conversion -Wnon-literal-null-conversion -Wobjc-literal-conversion -Wassign-enum -Wsign-compare -Wshorten-64-to-32 -Wpointer-sign -Wnewline-eof -Wselector -Wstrict-selector-match -Wundeclared-selector -Wdeprecated-implementations -Wno-implicit-fallthrough -isysroot /Applications/Xcode.app/Contents/Developer/Platforms/MacOSX.platform/Developer/SDKs/MacOSX27.0.sdk -fstrict-aliasing -Wprotocol -Wdeprecated-declarations -Wsign-conversion -Winfinite-recursion -Wcomma -Wblock-capture-autoreleasing -Wstrict-prototypes -Wno-semicolon-before-method-body -Wall -Weverything -Wno-unused-macros -Wno-gnu-statement-expression -Wno-arc-repeated-use-of-weak -Wno-auto-import -Wno-gnu-zero-variadic-macro-arguments -Wno-custom-atomic-properties -Wno-implicit-atomic-properties @/Users/buddhirajgautam/Library/Developer/Xcode/DerivedData/Telegram-Mac-fygdgghdgmuleoelvxabfmqiotta/Build/Intermediates.noindex/Sparkle.build/Debug/Autoupdate.build/Objects-normal/x86_64/e6072d4f65d7061329687fe24e3d63a7-common-args.resp -MMD -MT dependencies -MF /Users/buddhirajgautam/Library/Developer/Xcode/DerivedData/Telegram-Mac-fygdgghdgmuleoelvxabfmqiotta/Build/Intermediates.noindex/Sparkle.build/Debug/Autoupdate.build/Objects-normal/x86_64/SUTouchBarButtonGroup.d --serialize-diagnostics /Users/buddhirajgautam/Library/Developer/Xcode/DerivedData/Telegram-Mac-fygdgghdgmuleoelvxabfmqiotta/Build/Intermediates.noindex/Sparkle.build/Debug/Autoupdate.build/Objects-normal/x86_64/SUTouchBarButtonGroup.dia -c /Users/buddhirajgautam/Documents/Cherrygram-Mac/macOS-Swift/submodules/Sparkle/Sparkle/SUTouchBarButtonGroup.m -o /Users/buddhirajgautam/Library/Developer/Xcode/DerivedData/Telegram-Mac-fygdgghdgmuleoelvxabfmqiotta/Build/Intermediates.noindex/Sparkle.build/Debug/Autoupdate.build/Objects-normal/x86_64/SUTouchBarButtonGroup.o
clang: warning: no such include directory: '/Users/buddhirajgautam/Library/Developer/Xcode/DerivedData/Telegram-Mac-fygdgghdgmuleoelvxabfmqiotta/Build/Products/Debug/include' [-Wmissing-include-dirs]
clang: warning: no such include directory: '/Users/buddhirajgautam/Library/Developer/Xcode/DerivedData/Telegram-Mac-fygdgghdgmuleoelvxabfmqiotta/Build/Intermediates.noindex/Sparkle.build/Debug/Autoupdate.build/DerivedSources-normal/x86_64' [-Wmissing-include-dirs]
clang: warning: no such include directory: '/Users/buddhirajgautam/Library/Developer/Xcode/DerivedData/Telegram-Mac-fygdgghdgmuleoelvxabfmqiotta/Build/Intermediates.noindex/Sparkle.build/Debug/Autoupdate.build/DerivedSources/x86_64' [-Wmissing-include-dirs]
clang: warning: no such include directory: '/Users/buddhirajgautam/Library/Developer/Xcode/DerivedData/Telegram-Mac-fygdgghdgmuleoelvxabfmqiotta/Build/Intermediates.noindex/Sparkle.build/Debug/Autoupdate.build/DerivedSources' [-Wmissing-include-dirs]
/Users/buddhirajgautam/Documents/Cherrygram-Mac/macOS-Swift/submodules/Sparkle/Sparkle/SUTouchBarButtonGroup.m:26:13: warning: mixing declarations and code is incompatible with standards before C99 [-Wdeclaration-after-statement]
   26 |     NSView *buttonGroup = [[NSView alloc] initWithFrame:NSZeroRect];
      |             ^
1 warning generated.

SwiftDriverJobDiscovery normal arm64 Compiling Colors.swift (in target 'Colors' from project 'Colors')

CompileC /Users/buddhirajgautam/Library/Developer/Xcode/DerivedData/Telegram-Mac-fygdgghdgmuleoelvxabfmqiotta/Build/Intermediates.noindex/Sparkle.build/Debug/Autoupdate.build/Objects-normal/x86_64/SUSystemProfiler.o /Users/buddhirajgautam/Documents/Cherrygram-Mac/macOS-Swift/submodules/Sparkle/Sparkle/SUSystemProfiler.m normal x86_64 objective-c com.apple.compilers.llvm.clang.1_0.compiler (in target 'Autoupdate' from project 'Sparkle')
    cd /Users/buddhirajgautam/Documents/Cherrygram-Mac/macOS-Swift/submodules/Sparkle
    
    Using response file: /Users/buddhirajgautam/Library/Developer/Xcode/DerivedData/Telegram-Mac-fygdgghdgmuleoelvxabfmqiotta/Build/Intermediates.noindex/Sparkle.build/Debug/Autoupdate.build/Objects-normal/x86_64/e6072d4f65d7061329687fe24e3d63a7-common-args.resp
    
    /Applications/Xcode.app/Contents/Developer/Toolchains/XcodeDefault.xctoolchain/usr/bin/clang -x objective-c -ivfsstatcache /Users/buddhirajgautam/Library/Developer/Xcode/DerivedData/SDKStatCaches.noindex/macosx27.0-26A425-e829b21a6f8c9b70876ba0858053c0447231f6df4def33e022ae2eb8f782df1a.sdkstatcache -target x86_64-apple-macos12.0 -fmessage-length\=0 -fdiagnostics-show-note-include-stack -fmacro-backtrace-limit\=0 -fno-color-diagnostics -Wno-trigraphs -Werror\=incompatible-pointer-types -Werror\=implicit-function-declaration -Wmissing-field-initializers -Wmissing-prototypes -Wdocumentation -Wunreachable-code -Wimplicit-atomic-properties -Wno-objc-interface-ivars -Wobjc-missing-property-synthesis -Warc-repeated-use-of-weak -Wno-arc-maybe-repeated-use-of-weak -Wexplicit-ownership-type -Wimplicit-retain-self -Wduplicate-method-match -Wmissing-braces -Wparentheses -Wswitch -Wunused-function -Wunused-label -Wunused-parameter -Wunused-variable -Wunused-value -Wempty-body -Wuninitialized -Wunknown-pragmas -Wshadow -Wfour-char-constants -Wconversion -Wconstant-conversion -Wint-conversion -Wbool-conversion -Wenum-conversion -Wfloat-conversion -Wnon-literal-null-conversion -Wobjc-literal-conversion -Wassign-enum -Wsign-compare -Wshorten-64-to-32 -Wpointer-sign -Wnewline-eof -Wselector -Wstrict-selector-match -Wundeclared-selector -Wdeprecated-implementations -Wno-implicit-fallthrough -isysroot /Applications/Xcode.app/Contents/Developer/Platforms/MacOSX.platform/Developer/SDKs/MacOSX27.0.sdk -fstrict-aliasing -Wprotocol -Wdeprecated-declarations -Wsign-conversion -Winfinite-recursion -Wcomma -Wblock-capture-autoreleasing -Wstrict-prototypes -Wno-semicolon-before-method-body -Wall -Weverything -Wno-unused-macros -Wno-gnu-statement-expression -Wno-arc-repeated-use-of-weak -Wno-auto-import -Wno-gnu-zero-variadic-macro-arguments -Wno-custom-atomic-properties -Wno-implicit-atomic-properties @/Users/buddhirajgautam/Library/Developer/Xcode/DerivedData/Telegram-Mac-fygdgghdgmuleoelvxabfmqiotta/Build/Intermediates.noindex/Sparkle.build/Debug/Autoupdate.build/Objects-normal/x86_64/e6072d4f65d7061329687fe24e3d63a7-common-args.resp -MMD -MT dependencies -MF /Users/buddhirajgautam/Library/Developer/Xcode/DerivedData/Telegram-Mac-fygdgghdgmuleoelvxabfmqiotta/Build/Intermediates.noindex/Sparkle.build/Debug/Autoupdate.build/Objects-normal/x86_64/SUSystemProfiler.d --serialize-diagnostics /Users/buddhirajgautam/Library/Developer/Xcode/DerivedData/Telegram-Mac-fygdgghdgmuleoelvxabfmqiotta/Build/Intermediates.noindex/Sparkle.build/Debug/Autoupdate.build/Objects-normal/x86_64/SUSystemProfiler.dia -c /Users/buddhirajgautam/Documents/Cherrygram-Mac/macOS-Swift/submodules/Sparkle/Sparkle/SUSystemProfiler.m -o /Users/buddhirajgautam/Library/Developer/Xcode/DerivedData/Telegram-Mac-fygdgghdgmuleoelvxabfmqiotta/Build/Intermediates.noindex/Sparkle.build/Debug/Autoupdate.build/Objects-normal/x86_64/SUSystemProfiler.o
clang: warning: no such include directory: '/Users/buddhirajgautam/Library/Developer/Xcode/DerivedData/Telegram-Mac-fygdgghdgmuleoelvxabfmqiotta/Build/Products/Debug/include' [-Wmissing-include-dirs]
clang: warning: no such include directory: '/Users/buddhirajgautam/Library/Developer/Xcode/DerivedData/Telegram-Mac-fygdgghdgmuleoelvxabfmqiotta/Build/Intermediates.noindex/Sparkle.build/Debug/Autoupdate.build/DerivedSources-normal/x86_64' [-Wmissing-include-dirs]
clang: warning: no such include directory: '/Users/buddhirajgautam/Library/Developer/Xcode/DerivedData/Telegram-Mac-fygdgghdgmuleoelvxabfmqiotta/Build/Intermediates.noindex/Sparkle.build/Debug/Autoupdate.build/DerivedSources/x86_64' [-Wmissing-include-dirs]
clang: warning: no such include directory: '/Users/buddhirajgautam/Library/Developer/Xcode/DerivedData/Telegram-Mac-fygdgghdgmuleoelvxabfmqiotta/Build/Intermediates.noindex/Sparkle.build/Debug/Autoupdate.build/DerivedSources' [-Wmissing-include-dirs]
/Users/buddhirajgautam/Documents/Cherrygram-Mac/macOS-Swift/submodules/Sparkle/Sparkle/SUSystemProfiler.m:62:19: warning: mixing declarations and code is incompatible with standards before C99 [-Wdeclaration-after-statement]
   62 |         NSString *visibleCPUType;
      |                   ^
/Users/buddhirajgautam/Documents/Cherrygram-Mac/macOS-Swift/submodules/Sparkle/Sparkle/SUSystemProfiler.m:152:134: warning: implicit conversion from 'unsigned long' to 'double' may lose precision [-Wimplicit-int-float-conversion]
  152 |         [profileArray addObject:[NSDictionary dictionaryWithObjects:@[SUSystemProfilerCPUFrequencyKey, @"CPU Speed (MHz)", @(mhz), @(mhz / 1000.)] forKeys:profileDictKeys]];
      |                                                                                                                                      ^~~ ~
/Users/buddhirajgautam/Documents/Cherrygram-Mac/macOS-Swift/submodules/Sparkle/Sparkle/SUSystemProfiler.m:159:28: warning: implicit conversion from 'unsigned long' to 'double' may lose precision [-Wimplicit-int-float-conversion]
  159 |         double megabytes = bytes / (1024. * 1024.);
      |                            ^~~~~ ~
/Users/buddhirajgautam/Documents/Cherrygram-Mac/macOS-Swift/submodules/Sparkle/Sparkle/SUSystemProfiler.m:59:9: warning: mixing declarations and code is incompatible with standards before C99 [-Wdeclaration-after-statement]
   59 |     int cpuType = -1;
      |         ^
4 warnings generated.

SwiftDriverJobDiscovery normal arm64 Compiling TelegramMediaFile_generated.swift, TelegramMediaImageRepresentation_generated.swift, TelegramMediaImage_generated.swift, TelegramMediaResource_generated.swift (in target 'FlatSerialization' from project 'FlatSerialization')

CompileC /Users/buddhirajgautam/Library/Developer/Xcode/DerivedData/Telegram-Mac-fygdgghdgmuleoelvxabfmqiotta/Build/Intermediates.noindex/Sparkle.build/Debug/Autoupdate.build/Objects-normal/x86_64/SUStatusController.o /Users/buddhirajgautam/Documents/Cherrygram-Mac/macOS-Swift/submodules/Sparkle/Sparkle/SUStatusController.m normal x86_64 objective-c com.apple.compilers.llvm.clang.1_0.compiler (in target 'Autoupdate' from project 'Sparkle')
    cd /Users/buddhirajgautam/Documents/Cherrygram-Mac/macOS-Swift/submodules/Sparkle
    
    Using response file: /Users/buddhirajgautam/Library/Developer/Xcode/DerivedData/Telegram-Mac-fygdgghdgmuleoelvxabfmqiotta/Build/Intermediates.noindex/Sparkle.build/Debug/Autoupdate.build/Objects-normal/x86_64/e6072d4f65d7061329687fe24e3d63a7-common-args.resp
    
    /Applications/Xcode.app/Contents/Developer/Toolchains/XcodeDefault.xctoolchain/usr/bin/clang -x objective-c -ivfsstatcache /Users/buddhirajgautam/Library/Developer/Xcode/DerivedData/SDKStatCaches.noindex/macosx27.0-26A425-e829b21a6f8c9b70876ba0858053c0447231f6df4def33e022ae2eb8f782df1a.sdkstatcache -target x86_64-apple-macos12.0 -fmessage-length\=0 -fdiagnostics-show-note-include-stack -fmacro-backtrace-limit\=0 -fno-color-diagnostics -Wno-trigraphs -Werror\=incompatible-pointer-types -Werror\=implicit-function-declaration -Wmissing-field-initializers -Wmissing-prototypes -Wdocumentation -Wunreachable-code -Wimplicit-atomic-properties -Wno-objc-interface-ivars -Wobjc-missing-property-synthesis -Warc-repeated-use-of-weak -Wno-arc-maybe-repeated-use-of-weak -Wexplicit-ownership-type -Wimplicit-retain-self -Wduplicate-method-match -Wmissing-braces -Wparentheses -Wswitch -Wunused-function -Wunused-label -Wunused-parameter -Wunused-variable -Wunused-value -Wempty-body -Wuninitialized -Wunknown-pragmas -Wshadow -Wfour-char-constants -Wconversion -Wconstant-conversion -Wint-conversion -Wbool-conversion -Wenum-conversion -Wfloat-conversion -Wnon-literal-null-conversion -Wobjc-literal-conversion -Wassign-enum -Wsign-compare -Wshorten-64-to-32 -Wpointer-sign -Wnewline-eof -Wselector -Wstrict-selector-match -Wundeclared-selector -Wdeprecated-implementations -Wno-implicit-fallthrough -isysroot /Applications/Xcode.app/Contents/Developer/Platforms/MacOSX.platform/Developer/SDKs/MacOSX27.0.sdk -fstrict-aliasing -Wprotocol -Wdeprecated-declarations -Wsign-conversion -Winfinite-recursion -Wcomma -Wblock-capture-autoreleasing -Wstrict-prototypes -Wno-semicolon-before-method-body -Wall -Weverything -Wno-unused-macros -Wno-gnu-statement-expression -Wno-arc-repeated-use-of-weak -Wno-auto-import -Wno-gnu-zero-variadic-macro-arguments -Wno-custom-atomic-properties -Wno-implicit-atomic-properties @/Users/buddhirajgautam/Library/Developer/Xcode/DerivedData/Telegram-Mac-fygdgghdgmuleoelvxabfmqiotta/Build/Intermediates.noindex/Sparkle.build/Debug/Autoupdate.build/Objects-normal/x86_64/e6072d4f65d7061329687fe24e3d63a7-common-args.resp -MMD -MT dependencies -MF /Users/buddhirajgautam/Library/Developer/Xcode/DerivedData/Telegram-Mac-fygdgghdgmuleoelvxabfmqiotta/Build/Intermediates.noindex/Sparkle.build/Debug/Autoupdate.build/Objects-normal/x86_64/SUStatusController.d --serialize-diagnostics /Users/buddhirajgautam/Library/Developer/Xcode/DerivedData/Telegram-Mac-fygdgghdgmuleoelvxabfmqiotta/Build/Intermediates.noindex/Sparkle.build/Debug/Autoupdate.build/Objects-normal/x86_64/SUStatusController.dia -c /Users/buddhirajgautam/Documents/Cherrygram-Mac/macOS-Swift/submodules/Sparkle/Sparkle/SUStatusController.m -o /Users/buddhirajgautam/Library/Developer/Xcode/DerivedData/Telegram-Mac-fygdgghdgmuleoelvxabfmqiotta/Build/Intermediates.noindex/Sparkle.build/Debug/Autoupdate.build/Objects-normal/x86_64/SUStatusController.o
clang: warning: no such include directory: '/Users/buddhirajgautam/Library/Developer/Xcode/DerivedData/Telegram-Mac-fygdgghdgmuleoelvxabfmqiotta/Build/Products/Debug/include' [-Wmissing-include-dirs]
clang: warning: no such include directory: '/Users/buddhirajgautam/Library/Developer/Xcode/DerivedData/Telegram-Mac-fygdgghdgmuleoelvxabfmqiotta/Build/Intermediates.noindex/Sparkle.build/Debug/Autoupdate.build/DerivedSources-normal/x86_64' [-Wmissing-include-dirs]
clang: warning: no such include directory: '/Users/buddhirajgautam/Library/Developer/Xcode/DerivedData/Telegram-Mac-fygdgghdgmuleoelvxabfmqiotta/Build/Intermediates.noindex/Sparkle.build/Debug/Autoupdate.build/DerivedSources/x86_64' [-Wmissing-include-dirs]
clang: warning: no such include directory: '/Users/buddhirajgautam/Library/Developer/Xcode/DerivedData/Telegram-Mac-fygdgghdgmuleoelvxabfmqiotta/Build/Intermediates.noindex/Sparkle.build/Debug/Autoupdate.build/DerivedSources' [-Wmissing-include-dirs]

SwiftEmitModule normal arm64 Emitting\ module\ for\ ColorPalette (in target 'ColorPalette' from project 'ColorPalette')

SwiftCompile normal arm64 (in target 'ColorPalette' from project 'ColorPalette')
    cd /Users/buddhirajgautam/Documents/Cherrygram-Mac/macOS-Swift
    

SwiftDriverJobDiscovery normal arm64 Compiling StickerPackCollectionInfo_generated.swift, StickerPackReference_generated.swift, StoredDeviceContactData_generated.swift, TelegramChannel_generated.swift (in target 'FlatSerialization' from project 'FlatSerialization')

CompileC /Users/buddhirajgautam/Library/Developer/Xcode/DerivedData/Telegram-Mac-fygdgghdgmuleoelvxabfmqiotta/Build/Intermediates.noindex/Sparkle.build/Debug/Autoupdate.build/Objects-normal/x86_64/SUStandardVersionComparator.o /Users/buddhirajgautam/Documents/Cherrygram-Mac/macOS-Swift/submodules/Sparkle/Sparkle/SUStandardVersionComparator.m normal x86_64 objective-c com.apple.compilers.llvm.clang.1_0.compiler (in target 'Autoupdate' from project 'Sparkle')
    cd /Users/buddhirajgautam/Documents/Cherrygram-Mac/macOS-Swift/submodules/Sparkle
    
    Using response file: /Users/buddhirajgautam/Library/Developer/Xcode/DerivedData/Telegram-Mac-fygdgghdgmuleoelvxabfmqiotta/Build/Intermediates.noindex/Sparkle.build/Debug/Autoupdate.build/Objects-normal/x86_64/e6072d4f65d7061329687fe24e3d63a7-common-args.resp
    
    /Applications/Xcode.app/Contents/Developer/Toolchains/XcodeDefault.xctoolchain/usr/bin/clang -x objective-c -ivfsstatcache /Users/buddhirajgautam/Library/Developer/Xcode/DerivedData/SDKStatCaches.noindex/macosx27.0-26A425-e829b21a6f8c9b70876ba0858053c0447231f6df4def33e022ae2eb8f782df1a.sdkstatcache -target x86_64-apple-macos12.0 -fmessage-length\=0 -fdiagnostics-show-note-include-stack -fmacro-backtrace-limit\=0 -fno-color-diagnostics -Wno-trigraphs -Werror\=incompatible-pointer-types -Werror\=implicit-function-declaration -Wmissing-field-initializers -Wmissing-prototypes -Wdocumentation -Wunreachable-code -Wimplicit-atomic-properties -Wno-objc-interface-ivars -Wobjc-missing-property-synthesis -Warc-repeated-use-of-weak -Wno-arc-maybe-repeated-use-of-weak -Wexplicit-ownership-type -Wimplicit-retain-self -Wduplicate-method-match -Wmissing-braces -Wparentheses -Wswitch -Wunused-function -Wunused-label -Wunused-parameter -Wunused-variable -Wunused-value -Wempty-body -Wuninitialized -Wunknown-pragmas -Wshadow -Wfour-char-constants -Wconversion -Wconstant-conversion -Wint-conversion -Wbool-conversion -Wenum-conversion -Wfloat-conversion -Wnon-literal-null-conversion -Wobjc-literal-conversion -Wassign-enum -Wsign-compare -Wshorten-64-to-32 -Wpointer-sign -Wnewline-eof -Wselector -Wstrict-selector-match -Wundeclared-selector -Wdeprecated-implementations -Wno-implicit-fallthrough -isysroot /Applications/Xcode.app/Contents/Developer/Platforms/MacOSX.platform/Developer/SDKs/MacOSX27.0.sdk -fstrict-aliasing -Wprotocol -Wdeprecated-declarations -Wsign-conversion -Winfinite-recursion -Wcomma -Wblock-capture-autoreleasing -Wstrict-prototypes -Wno-semicolon-before-method-body -Wall -Weverything -Wno-unused-macros -Wno-gnu-statement-expression -Wno-arc-repeated-use-of-weak -Wno-auto-import -Wno-gnu-zero-variadic-macro-arguments -Wno-custom-atomic-properties -Wno-implicit-atomic-properties @/Users/buddhirajgautam/Library/Developer/Xcode/DerivedData/Telegram-Mac-fygdgghdgmuleoelvxabfmqiotta/Build/Intermediates.noindex/Sparkle.build/Debug/Autoupdate.build/Objects-normal/x86_64/e6072d4f65d7061329687fe24e3d63a7-common-args.resp -MMD -MT dependencies -MF /Users/buddhirajgautam/Library/Developer/Xcode/DerivedData/Telegram-Mac-fygdgghdgmuleoelvxabfmqiotta/Build/Intermediates.noindex/Sparkle.build/Debug/Autoupdate.build/Objects-normal/x86_64/SUStandardVersionComparator.d --serialize-diagnostics /Users/buddhirajgautam/Library/Developer/Xcode/DerivedData/Telegram-Mac-fygdgghdgmuleoelvxabfmqiotta/Build/Intermediates.noindex/Sparkle.build/Debug/Autoupdate.build/Objects-normal/x86_64/SUStandardVersionComparator.dia -c /Users/buddhirajgautam/Documents/Cherrygram-Mac/macOS-Swift/submodules/Sparkle/Sparkle/SUStandardVersionComparator.m -o /Users/buddhirajgautam/Library/Developer/Xcode/DerivedData/Telegram-Mac-fygdgghdgmuleoelvxabfmqiotta/Build/Intermediates.noindex/Sparkle.build/Debug/Autoupdate.build/Objects-normal/x86_64/SUStandardVersionComparator.o
clang: warning: no such include directory: '/Users/buddhirajgautam/Library/Developer/Xcode/DerivedData/Telegram-Mac-fygdgghdgmuleoelvxabfmqiotta/Build/Products/Debug/include' [-Wmissing-include-dirs]
clang: warning: no such include directory: '/Users/buddhirajgautam/Library/Developer/Xcode/DerivedData/Telegram-Mac-fygdgghdgmuleoelvxabfmqiotta/Build/Intermediates.noindex/Sparkle.build/Debug/Autoupdate.build/DerivedSources-normal/x86_64' [-Wmissing-include-dirs]
clang: warning: no such include directory: '/Users/buddhirajgautam/Library/Developer/Xcode/DerivedData/Telegram-Mac-fygdgghdgmuleoelvxabfmqiotta/Build/Intermediates.noindex/Sparkle.build/Debug/Autoupdate.build/DerivedSources/x86_64' [-Wmissing-include-dirs]
clang: warning: no such include directory: '/Users/buddhirajgautam/Library/Developer/Xcode/DerivedData/Telegram-Mac-fygdgghdgmuleoelvxabfmqiotta/Build/Intermediates.noindex/Sparkle.build/Debug/Autoupdate.build/DerivedSources' [-Wmissing-include-dirs]

SwiftExplicitDependencyGeneratePcm arm64 /Users/buddhirajgautam/Library/Developer/Xcode/DerivedData/Telegram-Mac-fygdgghdgmuleoelvxabfmqiotta/Build/Intermediates.noindex/SwiftExplicitPrecompiledModules/MurMurHash32-7V9B2DDX7P7P3XFD7YQ141S82.pcm

SwiftExplicitDependencyGeneratePcm arm64 /Users/buddhirajgautam/Library/Developer/Xcode/DerivedData/Telegram-Mac-fygdgghdgmuleoelvxabfmqiotta/Build/Intermediates.noindex/SwiftExplicitPrecompiledModules/CryptoUtils-25VOC5KL16QHPR5TYE3VKRXD0.pcm

SwiftExplicitDependencyGeneratePcm arm64 /Users/buddhirajgautam/Library/Developer/Xcode/DerivedData/Telegram-Mac-fygdgghdgmuleoelvxabfmqiotta/Build/Intermediates.noindex/SwiftExplicitPrecompiledModules/DarwinDirStat-A7DXV49OPDUBGNEZGTR1GYBQH.pcm

SwiftDriverJobDiscovery normal arm64 Emitting module for ColorPalette (in target 'ColorPalette' from project 'ColorPalette')

SwiftDriver\ Compilation\ Requirements ColorPalette normal arm64 com.apple.xcode.tools.swift.compiler (in target 'ColorPalette' from project 'ColorPalette')
    cd /Users/buddhirajgautam/Documents/Cherrygram-Mac/macOS-Swift
    builtin-Swift-Compilation-Requirements -- /Applications/Xcode.app/Contents/Developer/Toolchains/XcodeDefault.xctoolchain/usr/bin/swiftc -parse-as-library -module-name ColorPalette -Onone @/Users/buddhirajgautam/Library/Developer/Xcode/DerivedData/Telegram-Mac-fygdgghdgmuleoelvxabfmqiotta/Build/Intermediates.noindex/ColorPalette.build/Debug/ColorPalette-t.build/Objects-normal/arm64/ColorPalette.SwiftFileList -DSWIFT_PACKAGE -DDEBUG -DSWIFT_MODULE_RESOURCE_BUNDLE_UNAVAILABLE -DXcode -plugin-path /Applications/Xcode.app/Contents/Developer/Toolchains/XcodeDefault.xctoolchain/usr/lib/swift/host/plugins/testing -enable-experimental-feature DebugDescriptionMacro -sdk /Applications/Xcode.app/Contents/Developer/Platforms/MacOSX.platform/Developer/SDKs/MacOSX27.0.sdk -target arm64-apple-macos12.0 -g -module-cache-path /Users/buddhirajgautam/Library/Developer/Xcode/DerivedData/ModuleCache.noindex -Xfrontend -serialize-debugging-options -profile-coverage-mapping -profile-generate -enable-testing -index-store-path /Users/buddhirajgautam/Library/Developer/Xcode/DerivedData/Telegram-Mac-fygdgghdgmuleoelvxabfmqiotta/Index.noindex/DataStore -Xcc -D_LIBCPP_HARDENING_MODE\=_LIBCPP_HARDENING_MODE_DEBUG -swift-version 5 -I /Users/buddhirajgautam/Library/Developer/Xcode/DerivedData/Telegram-Mac-fygdgghdgmuleoelvxabfmqiotta/Build/Products/Debug -Isystem /Applications/Xcode.app/Contents/Developer/Platforms/MacOSX.platform/Developer/usr/lib -F /Users/buddhirajgautam/Library/Developer/Xcode/DerivedData/Telegram-Mac-fygdgghdgmuleoelvxabfmqiotta/Build/Products/Debug/PackageFrameworks -F /Users/buddhirajgautam/Library/Developer/Xcode/DerivedData/Telegram-Mac-fygdgghdgmuleoelvxabfmqiotta/Build/Products/Debug -F /Applications/Xcode.app/Contents/Developer/Platforms/MacOSX.platform/Developer/Library/Frameworks -c -j8 -enable-batch-mode -incremental -Xcc -ivfsstatcache -Xcc /Users/buddhirajgautam/Library/Developer/Xcode/DerivedData/SDKStatCaches.noindex/macosx27.0-26A425-e829b21a6f8c9b70876ba0858053c0447231f6df4def33e022ae2eb8f782df1a.sdkstatcache -output-file-map /Users/buddhirajgautam/Library/Developer/Xcode/DerivedData/Telegram-Mac-fygdgghdgmuleoelvxabfmqiotta/Build/Intermediates.noindex/ColorPalette.build/Debug/ColorPalette-t.build/Objects-normal/arm64/ColorPalette-OutputFileMap.json -save-temps -no-color-diagnostics -explicit-module-build -module-cache-path /Users/buddhirajgautam/Library/Developer/Xcode/DerivedData/Telegram-Mac-fygdgghdgmuleoelvxabfmqiotta/Build/Intermediates.noindex/SwiftExplicitPrecompiledModules -clang-scanner-module-cache-path /Users/buddhirajgautam/Library/Developer/Xcode/DerivedData/ModuleCache.noindex -sdk-module-cache-path /Users/buddhirajgautam/Library/Developer/Xcode/DerivedData/SDKExplicitPrecompiledModules -emit-dependencies -emit-module -emit-module-path /Users/buddhirajgautam/Library/Developer/Xcode/DerivedData/Telegram-Mac-fygdgghdgmuleoelvxabfmqiotta/Build/Intermediates.noindex/ColorPalette.build/Debug/ColorPalette-t.build/Objects-normal/arm64/ColorPalette.swiftmodule -serialize-diagnostics -dependency-scan-serialize-diagnostics-path /Users/buddhirajgautam/Library/Developer/Xcode/DerivedData/Telegram-Mac-fygdgghdgmuleoelvxabfmqiotta/Build/Intermediates.noindex/ColorPalette.build/Debug/ColorPalette-t.build/Objects-normal/arm64/ColorPalette-dependency-scan.dia -validate-clang-modules-once -clang-build-session-file /Users/buddhirajgautam/Library/Developer/Xcode/DerivedData/ModuleCache.noindex/Session.modulevalidation -Xcc -fmodules-prune-interval\=86400 -Xcc -fmodules-prune-after\=345600 -emit-const-values -const-gather-protocols-list /Users/buddhirajgautam/Library/Developer/Xcode/DerivedData/Telegram-Mac-fygdgghdgmuleoelvxabfmqiotta/Build/Intermediates.noindex/ColorPalette.build/Debug/ColorPalette-t.build/Objects-normal/arm64/ColorPalette_const_extract_protocols.json -Xcc -I/Users/buddhirajgautam/Library/Developer/Xcode/DerivedData/Telegram-Mac-fygdgghdgmuleoelvxabfmqiotta/Build/Products/Debug/include -Xcc -I/Users/buddhirajgautam/Library/Developer/Xcode/DerivedData/Telegram-Mac-fygdgghdgmuleoelvxabfmqiotta/Build/Intermediates.noindex/ColorPalette.build/Debug/ColorPalette-t.build/DerivedSources-normal/arm64 -Xcc -I/Users/buddhirajgautam/Library/Developer/Xcode/DerivedData/Telegram-Mac-fygdgghdgmuleoelvxabfmqiotta/Build/Intermediates.noindex/ColorPalette.build/Debug/ColorPalette-t.build/DerivedSources/arm64 -Xcc -I/Users/buddhirajgautam/Library/Developer/Xcode/DerivedData/Telegram-Mac-fygdgghdgmuleoelvxabfmqiotta/Build/Intermediates.noindex/ColorPalette.build/Debug/ColorPalette-t.build/DerivedSources -Xcc -DSWIFT_PACKAGE -Xcc -DDEBUG\=1 -emit-objc-header -emit-objc-header-path /Users/buddhirajgautam/Library/Developer/Xcode/DerivedData/Telegram-Mac-fygdgghdgmuleoelvxabfmqiotta/Build/Intermediates.noindex/ColorPalette.build/Debug/ColorPalette-t.build/Objects-normal/arm64/ColorPalette-Swift.h -working-directory /Users/buddhirajgautam/Documents/Cherrygram-Mac/macOS-Swift -experimental-emit-module-separately -disable-cmo

SwiftExplicitDependencyGeneratePcm arm64 /Users/buddhirajgautam/Library/Developer/Xcode/DerivedData/Telegram-Mac-fygdgghdgmuleoelvxabfmqiotta/Build/Intermediates.noindex/SwiftExplicitPrecompiledModules/StringTransliteration-DEXKEFTJX16BUIRASFOW6FTJU.pcm

SwiftExplicitDependencyGeneratePcm arm64 /Users/buddhirajgautam/Library/Developer/Xcode/DerivedData/Telegram-Mac-fygdgghdgmuleoelvxabfmqiotta/Build/Intermediates.noindex/SwiftExplicitPrecompiledModules/Crc32-9OXODDPXXQKKYYS4U5CODGOCH.pcm

SwiftMergeGeneratedHeaders /Users/buddhirajgautam/Library/Developer/Xcode/DerivedData/Telegram-Mac-fygdgghdgmuleoelvxabfmqiotta/Build/Intermediates.noindex/GeneratedModuleMaps/ColorPalette-Swift.h /Users/buddhirajgautam/Library/Developer/Xcode/DerivedData/Telegram-Mac-fygdgghdgmuleoelvxabfmqiotta/Build/Intermediates.noindex/ColorPalette.build/Debug/ColorPalette-t.build/Objects-normal/arm64/ColorPalette-Swift.h (in target 'ColorPalette' from project 'ColorPalette')
    cd /Users/buddhirajgautam/Documents/Cherrygram-Mac/macOS-Swift/packages/ColorPalette
    builtin-swiftHeaderTool -arch arm64 /Users/buddhirajgautam/Library/Developer/Xcode/DerivedData/Telegram-Mac-fygdgghdgmuleoelvxabfmqiotta/Build/Intermediates.noindex/ColorPalette.build/Debug/ColorPalette-t.build/Objects-normal/arm64/ColorPalette-Swift.h -o /Users/buddhirajgautam/Library/Developer/Xcode/DerivedData/Telegram-Mac-fygdgghdgmuleoelvxabfmqiotta/Build/Intermediates.noindex/GeneratedModuleMaps/ColorPalette-Swift.h

Copy /Users/buddhirajgautam/Library/Developer/Xcode/DerivedData/Telegram-Mac-fygdgghdgmuleoelvxabfmqiotta/Build/Products/Debug/ColorPalette.swiftmodule/arm64-apple-macos.swiftmodule /Users/buddhirajgautam/Library/Developer/Xcode/DerivedData/Telegram-Mac-fygdgghdgmuleoelvxabfmqiotta/Build/Intermediates.noindex/ColorPalette.build/Debug/ColorPalette-t.build/Objects-normal/arm64/ColorPalette.swiftmodule (in target 'ColorPalette' from project 'ColorPalette')
    cd /Users/buddhirajgautam/Documents/Cherrygram-Mac/macOS-Swift/packages/ColorPalette
    builtin-copy -exclude .DS_Store -exclude CVS -exclude .svn -exclude .git -exclude .hg -resolve-src-symlinks -rename /Users/buddhirajgautam/Library/Developer/Xcode/DerivedData/Telegram-Mac-fygdgghdgmuleoelvxabfmqiotta/Build/Intermediates.noindex/ColorPalette.build/Debug/ColorPalette-t.build/Objects-normal/arm64/ColorPalette.swiftmodule /Users/buddhirajgautam/Library/Developer/Xcode/DerivedData/Telegram-Mac-fygdgghdgmuleoelvxabfmqiotta/Build/Products/Debug/ColorPalette.swiftmodule/arm64-apple-macos.swiftmodule

Copy /Users/buddhirajgautam/Library/Developer/Xcode/DerivedData/Telegram-Mac-fygdgghdgmuleoelvxabfmqiotta/Build/Products/Debug/ColorPalette.swiftmodule/arm64-apple-macos.swiftdoc /Users/buddhirajgautam/Library/Developer/Xcode/DerivedData/Telegram-Mac-fygdgghdgmuleoelvxabfmqiotta/Build/Intermediates.noindex/ColorPalette.build/Debug/ColorPalette-t.build/Objects-normal/arm64/ColorPalette.swiftdoc (in target 'ColorPalette' from project 'ColorPalette')
    cd /Users/buddhirajgautam/Documents/Cherrygram-Mac/macOS-Swift/packages/ColorPalette
    builtin-copy -exclude .DS_Store -exclude CVS -exclude .svn -exclude .git -exclude .hg -resolve-src-symlinks -rename /Users/buddhirajgautam/Library/Developer/Xcode/DerivedData/Telegram-Mac-fygdgghdgmuleoelvxabfmqiotta/Build/Intermediates.noindex/ColorPalette.build/Debug/ColorPalette-t.build/Objects-normal/arm64/ColorPalette.swiftdoc /Users/buddhirajgautam/Library/Developer/Xcode/DerivedData/Telegram-Mac-fygdgghdgmuleoelvxabfmqiotta/Build/Products/Debug/ColorPalette.swiftmodule/arm64-apple-macos.swiftdoc

Copy /Users/buddhirajgautam/Library/Developer/Xcode/DerivedData/Telegram-Mac-fygdgghdgmuleoelvxabfmqiotta/Build/Products/Debug/ColorPalette.swiftmodule/arm64-apple-macos.abi.json /Users/buddhirajgautam/Library/Developer/Xcode/DerivedData/Telegram-Mac-fygdgghdgmuleoelvxabfmqiotta/Build/Intermediates.noindex/ColorPalette.build/Debug/ColorPalette-t.build/Objects-normal/arm64/ColorPalette.abi.json (in target 'ColorPalette' from project 'ColorPalette')
    cd /Users/buddhirajgautam/Documents/Cherrygram-Mac/macOS-Swift/packages/ColorPalette
    builtin-copy -exclude .DS_Store -exclude CVS -exclude .svn -exclude .git -exclude .hg -resolve-src-symlinks -rename /Users/buddhirajgautam/Library/Developer/Xcode/DerivedData/Telegram-Mac-fygdgghdgmuleoelvxabfmqiotta/Build/Intermediates.noindex/ColorPalette.build/Debug/ColorPalette-t.build/Objects-normal/arm64/ColorPalette.abi.json /Users/buddhirajgautam/Library/Developer/Xcode/DerivedData/Telegram-Mac-fygdgghdgmuleoelvxabfmqiotta/Build/Products/Debug/ColorPalette.swiftmodule/arm64-apple-macos.abi.json

Copy /Users/buddhirajgautam/Library/Developer/Xcode/DerivedData/Telegram-Mac-fygdgghdgmuleoelvxabfmqiotta/Build/Products/Debug/ColorPalette.swiftmodule/Project/arm64-apple-macos.swiftsourceinfo /Users/buddhirajgautam/Library/Developer/Xcode/DerivedData/Telegram-Mac-fygdgghdgmuleoelvxabfmqiotta/Build/Intermediates.noindex/ColorPalette.build/Debug/ColorPalette-t.build/Objects-normal/arm64/ColorPalette.swiftsourceinfo (in target 'ColorPalette' from project 'ColorPalette')
    cd /Users/buddhirajgautam/Documents/Cherrygram-Mac/macOS-Swift/packages/ColorPalette
    builtin-copy -exclude .DS_Store -exclude CVS -exclude .svn -exclude .git -exclude .hg -resolve-src-symlinks -rename /Users/buddhirajgautam/Library/Developer/Xcode/DerivedData/Telegram-Mac-fygdgghdgmuleoelvxabfmqiotta/Build/Intermediates.noindex/ColorPalette.build/Debug/ColorPalette-t.build/Objects-normal/arm64/ColorPalette.swiftsourceinfo /Users/buddhirajgautam/Library/Developer/Xcode/DerivedData/Telegram-Mac-fygdgghdgmuleoelvxabfmqiotta/Build/Products/Debug/ColorPalette.swiftmodule/Project/arm64-apple-macos.swiftsourceinfo

SwiftEmitModule normal arm64 Emitting\ module\ for\ ApiCredentials (in target 'ApiCredentials' from project 'ApiCredentials')

SwiftCompile normal arm64 (in target 'ApiCredentials' from project 'ApiCredentials')
    cd /Users/buddhirajgautam/Documents/Cherrygram-Mac/macOS-Swift
    

SwiftExplicitDependencyGeneratePcm arm64 /Users/buddhirajgautam/Library/Developer/Xcode/DerivedData/Telegram-Mac-fygdgghdgmuleoelvxabfmqiotta/Build/Intermediates.noindex/SwiftExplicitPrecompiledModules/sqlcipher-9V7A484SQE3HM5ZT41I48EZJE.pcm

CompileC /Users/buddhirajgautam/Library/Developer/Xcode/DerivedData/Telegram-Mac-fygdgghdgmuleoelvxabfmqiotta/Build/Intermediates.noindex/Sparkle.build/Debug/Autoupdate.build/Objects-normal/x86_64/SUSignatures.o /Users/buddhirajgautam/Documents/Cherrygram-Mac/macOS-Swift/submodules/Sparkle/Sparkle/SUSignatures.m normal x86_64 objective-c com.apple.compilers.llvm.clang.1_0.compiler (in target 'Autoupdate' from project 'Sparkle')
    cd /Users/buddhirajgautam/Documents/Cherrygram-Mac/macOS-Swift/submodules/Sparkle
    
    Using response file: /Users/buddhirajgautam/Library/Developer/Xcode/DerivedData/Telegram-Mac-fygdgghdgmuleoelvxabfmqiotta/Build/Intermediates.noindex/Sparkle.build/Debug/Autoupdate.build/Objects-normal/x86_64/e6072d4f65d7061329687fe24e3d63a7-common-args.resp
    
    /Applications/Xcode.app/Contents/Developer/Toolchains/XcodeDefault.xctoolchain/usr/bin/clang -x objective-c -ivfsstatcache /Users/buddhirajgautam/Library/Developer/Xcode/DerivedData/SDKStatCaches.noindex/macosx27.0-26A425-e829b21a6f8c9b70876ba0858053c0447231f6df4def33e022ae2eb8f782df1a.sdkstatcache -target x86_64-apple-macos12.0 -fmessage-length\=0 -fdiagnostics-show-note-include-stack -fmacro-backtrace-limit\=0 -fno-color-diagnostics -Wno-trigraphs -Werror\=incompatible-pointer-types -Werror\=implicit-function-declaration -Wmissing-field-initializers -Wmissing-prototypes -Wdocumentation -Wunreachable-code -Wimplicit-atomic-properties -Wno-objc-interface-ivars -Wobjc-missing-property-synthesis -Warc-repeated-use-of-weak -Wno-arc-maybe-repeated-use-of-weak -Wexplicit-ownership-type -Wimplicit-retain-self -Wduplicate-method-match -Wmissing-braces -Wparentheses -Wswitch -Wunused-function -Wunused-label -Wunused-parameter -Wunused-variable -Wunused-value -Wempty-body -Wuninitialized -Wunknown-pragmas -Wshadow -Wfour-char-constants -Wconversion -Wconstant-conversion -Wint-conversion -Wbool-conversion -Wenum-conversion -Wfloat-conversion -Wnon-literal-null-conversion -Wobjc-literal-conversion -Wassign-enum -Wsign-compare -Wshorten-64-to-32 -Wpointer-sign -Wnewline-eof -Wselector -Wstrict-selector-match -Wundeclared-selector -Wdeprecated-implementations -Wno-implicit-fallthrough -isysroot /Applications/Xcode.app/Contents/Developer/Platforms/MacOSX.platform/Developer/SDKs/MacOSX27.0.sdk -fstrict-aliasing -Wprotocol -Wdeprecated-declarations -Wsign-conversion -Winfinite-recursion -Wcomma -Wblock-capture-autoreleasing -Wstrict-prototypes -Wno-semicolon-before-method-body -Wall -Weverything -Wno-unused-macros -Wno-gnu-statement-expression -Wno-arc-repeated-use-of-weak -Wno-auto-import -Wno-gnu-zero-variadic-macro-arguments -Wno-custom-atomic-properties -Wno-implicit-atomic-properties @/Users/buddhirajgautam/Library/Developer/Xcode/DerivedData/Telegram-Mac-fygdgghdgmuleoelvxabfmqiotta/Build/Intermediates.noindex/Sparkle.build/Debug/Autoupdate.build/Objects-normal/x86_64/e6072d4f65d7061329687fe24e3d63a7-common-args.resp -MMD -MT dependencies -MF /Users/buddhirajgautam/Library/Developer/Xcode/DerivedData/Telegram-Mac-fygdgghdgmuleoelvxabfmqiotta/Build/Intermediates.noindex/Sparkle.build/Debug/Autoupdate.build/Objects-normal/x86_64/SUSignatures.d --serialize-diagnostics /Users/buddhirajgautam/Library/Developer/Xcode/DerivedData/Telegram-Mac-fygdgghdgmuleoelvxabfmqiotta/Build/Intermediates.noindex/Sparkle.build/Debug/Autoupdate.build/Objects-normal/x86_64/SUSignatures.dia -c /Users/buddhirajgautam/Documents/Cherrygram-Mac/macOS-Swift/submodules/Sparkle/Sparkle/SUSignatures.m -o /Users/buddhirajgautam/Library/Developer/Xcode/DerivedData/Telegram-Mac-fygdgghdgmuleoelvxabfmqiotta/Build/Intermediates.noindex/Sparkle.build/Debug/Autoupdate.build/Objects-normal/x86_64/SUSignatures.o
clang: warning: no such include directory: '/Users/buddhirajgautam/Library/Developer/Xcode/DerivedData/Telegram-Mac-fygdgghdgmuleoelvxabfmqiotta/Build/Products/Debug/include' [-Wmissing-include-dirs]
clang: warning: no such include directory: '/Users/buddhirajgautam/Library/Developer/Xcode/DerivedData/Telegram-Mac-fygdgghdgmuleoelvxabfmqiotta/Build/Intermediates.noindex/Sparkle.build/Debug/Autoupdate.build/DerivedSources-normal/x86_64' [-Wmissing-include-dirs]
clang: warning: no such include directory: '/Users/buddhirajgautam/Library/Developer/Xcode/DerivedData/Telegram-Mac-fygdgghdgmuleoelvxabfmqiotta/Build/Intermediates.noindex/Sparkle.build/Debug/Autoupdate.build/DerivedSources/x86_64' [-Wmissing-include-dirs]
clang: warning: no such include directory: '/Users/buddhirajgautam/Library/Developer/Xcode/DerivedData/Telegram-Mac-fygdgghdgmuleoelvxabfmqiotta/Build/Intermediates.noindex/Sparkle.build/Debug/Autoupdate.build/DerivedSources' [-Wmissing-include-dirs]
/Users/buddhirajgautam/Documents/Cherrygram-Mac/macOS-Swift/submodules/Sparkle/Sparkle/SUSignatures.m:42:38: warning: instance variable 'ed25519_signature' is being directly accessed [-Wdirect-ivar-access]
   42 |     for(size_t i=0; i < sizeof(self->ed25519_signature); i++) {
      |                                      ^
/Users/buddhirajgautam/Documents/Cherrygram-Mac/macOS-Swift/submodules/Sparkle/Sparkle/SUSignatures.m:43:19: warning: instance variable 'ed25519_signature' is being directly accessed [-Wdirect-ivar-access]
   43 |         if (self->ed25519_signature[i] != 0) {
      |                   ^
/Users/buddhirajgautam/Documents/Cherrygram-Mac/macOS-Swift/submodules/Sparkle/Sparkle/SUSignatures.m:44:26: warning: instance variable 'ed25519_signature' is being directly accessed [-Wdirect-ivar-access]
   44 |             return self->ed25519_signature;
      |                          ^
/Users/buddhirajgautam/Documents/Cherrygram-Mac/macOS-Swift/submodules/Sparkle/Sparkle/SUSignatures.m:22:28: warning: 'initWithBase64Encoding:' is deprecated: first deprecated in macOS 10.9 - Use initWithBase64EncodedString:options: instead [-Wdeprecated-declarations]
   22 |     return [[NSData alloc] initWithBase64Encoding:stripped];
      |                            ^
In file included from /Users/buddhirajgautam/Documents/Cherrygram-Mac/macOS-Swift/submodules/Sparkle/Sparkle/SUSignatures.m:9:
In file included from /Users/buddhirajgautam/Documents/Cherrygram-Mac/macOS-Swift/submodules/Sparkle/Sparkle/SUSignatures.h:9:
In file included from /Applications/Xcode.app/Contents/Developer/Platforms/MacOSX.platform/Developer/SDKs/MacOSX27.0.sdk/System/Library/Frameworks/Foundation.framework/Headers/Foundation.h:18:
/Applications/Xcode.app/Contents/Developer/Platforms/MacOSX.platform/Developer/SDKs/MacOSX27.0.sdk/System/Library/Frameworks/Foundation.framework/Headers/NSData.h:526:1: note: 'initWithBase64Encoding:' has been explicitly marked deprecated here
  526 | - (nullable id)initWithBase64Encoding:(NSString *)base64String API_DEPRECATED("Use initWithBase64EncodedString:options: instead", macos(10.6,10.9), ios(4.0,7.0), watchos(2.0,2.0), tvos(9.0,9.0));
      | ^
/Users/buddhirajgautam/Documents/Cherrygram-Mac/macOS-Swift/submodules/Sparkle/Sparkle/SUSignatures.m:21:15: warning: mixing declarations and code is incompatible with standards before C99 [-Wdeclaration-after-statement]
   21 |     NSString *stripped = [str stringByTrimmingCharactersInSet:NSCharacterSet.whitespaceAndNewlineCharacterSet];
      |               ^
/Users/buddhirajgautam/Documents/Cherrygram-Mac/macOS-Swift/submodules/Sparkle/Sparkle/SUSignatures.m:80:38: warning: instance variable 'ed25519_public_key' is being directly accessed [-Wdirect-ivar-access]
   80 |     for(size_t i=0; i < sizeof(self->ed25519_public_key); i++) {
      |                                      ^
/Users/buddhirajgautam/Documents/Cherrygram-Mac/macOS-Swift/submodules/Sparkle/Sparkle/SUSignatures.m:81:19: warning: instance variable 'ed25519_public_key' is being directly accessed [-Wdirect-ivar-access]
   81 |         if (self->ed25519_public_key[i] != 0) {
      |                   ^
/Users/buddhirajgautam/Documents/Cherrygram-Mac/macOS-Swift/submodules/Sparkle/Sparkle/SUSignatures.m:82:26: warning: instance variable 'ed25519_public_key' is being directly accessed [-Wdirect-ivar-access]
   82 |             return self->ed25519_public_key;
      |                          ^
8 warnings generated.

CompileC /Users/buddhirajgautam/Library/Developer/Xcode/DerivedData/Telegram-Mac-fygdgghdgmuleoelvxabfmqiotta/Build/Intermediates.noindex/Sparkle.build/Debug/Autoupdate.build/Objects-normal/x86_64/SUPlainInstaller.o /Users/buddhirajgautam/Documents/Cherrygram-Mac/macOS-Swift/submodules/Sparkle/Sparkle/SUPlainInstaller.m normal x86_64 objective-c com.apple.compilers.llvm.clang.1_0.compiler (in target 'Autoupdate' from project 'Sparkle')
    cd /Users/buddhirajgautam/Documents/Cherrygram-Mac/macOS-Swift/submodules/Sparkle
    
    Using response file: /Users/buddhirajgautam/Library/Developer/Xcode/DerivedData/Telegram-Mac-fygdgghdgmuleoelvxabfmqiotta/Build/Intermediates.noindex/Sparkle.build/Debug/Autoupdate.build/Objects-normal/x86_64/e6072d4f65d7061329687fe24e3d63a7-common-args.resp
    
    /Applications/Xcode.app/Contents/Developer/Toolchains/XcodeDefault.xctoolchain/usr/bin/clang -x objective-c -ivfsstatcache /Users/buddhirajgautam/Library/Developer/Xcode/DerivedData/SDKStatCaches.noindex/macosx27.0-26A425-e829b21a6f8c9b70876ba0858053c0447231f6df4def33e022ae2eb8f782df1a.sdkstatcache -target x86_64-apple-macos12.0 -fmessage-length\=0 -fdiagnostics-show-note-include-stack -fmacro-backtrace-limit\=0 -fno-color-diagnostics -Wno-trigraphs -Werror\=incompatible-pointer-types -Werror\=implicit-function-declaration -Wmissing-field-initializers -Wmissing-prototypes -Wdocumentation -Wunreachable-code -Wimplicit-atomic-properties -Wno-objc-interface-ivars -Wobjc-missing-property-synthesis -Warc-repeated-use-of-weak -Wno-arc-maybe-repeated-use-of-weak -Wexplicit-ownership-type -Wimplicit-retain-self -Wduplicate-method-match -Wmissing-braces -Wparentheses -Wswitch -Wunused-function -Wunused-label -Wunused-parameter -Wunused-variable -Wunused-value -Wempty-body -Wuninitialized -Wunknown-pragmas -Wshadow -Wfour-char-constants -Wconversion -Wconstant-conversion -Wint-conversion -Wbool-conversion -Wenum-conversion -Wfloat-conversion -Wnon-literal-null-conversion -Wobjc-literal-conversion -Wassign-enum -Wsign-compare -Wshorten-64-to-32 -Wpointer-sign -Wnewline-eof -Wselector -Wstrict-selector-match -Wundeclared-selector -Wdeprecated-implementations -Wno-implicit-fallthrough -isysroot /Applications/Xcode.app/Contents/Developer/Platforms/MacOSX.platform/Developer/SDKs/MacOSX27.0.sdk -fstrict-aliasing -Wprotocol -Wdeprecated-declarations -Wsign-conversion -Winfinite-recursion -Wcomma -Wblock-capture-autoreleasing -Wstrict-prototypes -Wno-semicolon-before-method-body -Wall -Weverything -Wno-unused-macros -Wno-gnu-statement-expression -Wno-arc-repeated-use-of-weak -Wno-auto-import -Wno-gnu-zero-variadic-macro-arguments -Wno-custom-atomic-properties -Wno-implicit-atomic-properties @/Users/buddhirajgautam/Library/Developer/Xcode/DerivedData/Telegram-Mac-fygdgghdgmuleoelvxabfmqiotta/Build/Intermediates.noindex/Sparkle.build/Debug/Autoupdate.build/Objects-normal/x86_64/e6072d4f65d7061329687fe24e3d63a7-common-args.resp -MMD -MT dependencies -MF /Users/buddhirajgautam/Library/Developer/Xcode/DerivedData/Telegram-Mac-fygdgghdgmuleoelvxabfmqiotta/Build/Intermediates.noindex/Sparkle.build/Debug/Autoupdate.build/Objects-normal/x86_64/SUPlainInstaller.d --serialize-diagnostics /Users/buddhirajgautam/Library/Developer/Xcode/DerivedData/Telegram-Mac-fygdgghdgmuleoelvxabfmqiotta/Build/Intermediates.noindex/Sparkle.build/Debug/Autoupdate.build/Objects-normal/x86_64/SUPlainInstaller.dia -c /Users/buddhirajgautam/Documents/Cherrygram-Mac/macOS-Swift/submodules/Sparkle/Sparkle/SUPlainInstaller.m -o /Users/buddhirajgautam/Library/Developer/Xcode/DerivedData/Telegram-Mac-fygdgghdgmuleoelvxabfmqiotta/Build/Intermediates.noindex/Sparkle.build/Debug/Autoupdate.build/Objects-normal/x86_64/SUPlainInstaller.o
clang: warning: no such include directory: '/Users/buddhirajgautam/Library/Developer/Xcode/DerivedData/Telegram-Mac-fygdgghdgmuleoelvxabfmqiotta/Build/Products/Debug/include' [-Wmissing-include-dirs]
clang: warning: no such include directory: '/Users/buddhirajgautam/Library/Developer/Xcode/DerivedData/Telegram-Mac-fygdgghdgmuleoelvxabfmqiotta/Build/Intermediates.noindex/Sparkle.build/Debug/Autoupdate.build/DerivedSources-normal/x86_64' [-Wmissing-include-dirs]
clang: warning: no such include directory: '/Users/buddhirajgautam/Library/Developer/Xcode/DerivedData/Telegram-Mac-fygdgghdgmuleoelvxabfmqiotta/Build/Intermediates.noindex/Sparkle.build/Debug/Autoupdate.build/DerivedSources/x86_64' [-Wmissing-include-dirs]
clang: warning: no such include directory: '/Users/buddhirajgautam/Library/Developer/Xcode/DerivedData/Telegram-Mac-fygdgghdgmuleoelvxabfmqiotta/Build/Intermediates.noindex/Sparkle.build/Debug/Autoupdate.build/DerivedSources' [-Wmissing-include-dirs]
/Users/buddhirajgautam/Documents/Cherrygram-Mac/macOS-Swift/submodules/Sparkle/Sparkle/SUPlainInstaller.m:79:20: warning: mixing declarations and code is incompatible with standards before C99 [-Wdeclaration-after-statement]
   79 |     SUFileManager *fileManager = [SUFileManager fileManagerWithAuthorizationToolPath:fileOperationToolPath];
      |                    ^
1 warning generated.

CompileC /Users/buddhirajgautam/Library/Developer/Xcode/DerivedData/Telegram-Mac-fygdgghdgmuleoelvxabfmqiotta/Build/Intermediates.noindex/Sparkle.build/Debug/Autoupdate.build/Objects-normal/x86_64/SUPackageInstaller.o /Users/buddhirajgautam/Documents/Cherrygram-Mac/macOS-Swift/submodules/Sparkle/Sparkle/SUPackageInstaller.m normal x86_64 objective-c com.apple.compilers.llvm.clang.1_0.compiler (in target 'Autoupdate' from project 'Sparkle')
    cd /Users/buddhirajgautam/Documents/Cherrygram-Mac/macOS-Swift/submodules/Sparkle
    
    Using response file: /Users/buddhirajgautam/Library/Developer/Xcode/DerivedData/Telegram-Mac-fygdgghdgmuleoelvxabfmqiotta/Build/Intermediates.noindex/Sparkle.build/Debug/Autoupdate.build/Objects-normal/x86_64/e6072d4f65d7061329687fe24e3d63a7-common-args.resp
    
    /Applications/Xcode.app/Contents/Developer/Toolchains/XcodeDefault.xctoolchain/usr/bin/clang -x objective-c -ivfsstatcache /Users/buddhirajgautam/Library/Developer/Xcode/DerivedData/SDKStatCaches.noindex/macosx27.0-26A425-e829b21a6f8c9b70876ba0858053c0447231f6df4def33e022ae2eb8f782df1a.sdkstatcache -target x86_64-apple-macos12.0 -fmessage-length\=0 -fdiagnostics-show-note-include-stack -fmacro-backtrace-limit\=0 -fno-color-diagnostics -Wno-trigraphs -Werror\=incompatible-pointer-types -Werror\=implicit-function-declaration -Wmissing-field-initializers -Wmissing-prototypes -Wdocumentation -Wunreachable-code -Wimplicit-atomic-properties -Wno-objc-interface-ivars -Wobjc-missing-property-synthesis -Warc-repeated-use-of-weak -Wno-arc-maybe-repeated-use-of-weak -Wexplicit-ownership-type -Wimplicit-retain-self -Wduplicate-method-match -Wmissing-braces -Wparentheses -Wswitch -Wunused-function -Wunused-label -Wunused-parameter -Wunused-variable -Wunused-value -Wempty-body -Wuninitialized -Wunknown-pragmas -Wshadow -Wfour-char-constants -Wconversion -Wconstant-conversion -Wint-conversion -Wbool-conversion -Wenum-conversion -Wfloat-conversion -Wnon-literal-null-conversion -Wobjc-literal-conversion -Wassign-enum -Wsign-compare -Wshorten-64-to-32 -Wpointer-sign -Wnewline-eof -Wselector -Wstrict-selector-match -Wundeclared-selector -Wdeprecated-implementations -Wno-implicit-fallthrough -isysroot /Applications/Xcode.app/Contents/Developer/Platforms/MacOSX.platform/Developer/SDKs/MacOSX27.0.sdk -fstrict-aliasing -Wprotocol -Wdeprecated-declarations -Wsign-conversion -Winfinite-recursion -Wcomma -Wblock-capture-autoreleasing -Wstrict-prototypes -Wno-semicolon-before-method-body -Wall -Weverything -Wno-unused-macros -Wno-gnu-statement-expression -Wno-arc-repeated-use-of-weak -Wno-auto-import -Wno-gnu-zero-variadic-macro-arguments -Wno-custom-atomic-properties -Wno-implicit-atomic-properties @/Users/buddhirajgautam/Library/Developer/Xcode/DerivedData/Telegram-Mac-fygdgghdgmuleoelvxabfmqiotta/Build/Intermediates.noindex/Sparkle.build/Debug/Autoupdate.build/Objects-normal/x86_64/e6072d4f65d7061329687fe24e3d63a7-common-args.resp -MMD -MT dependencies -MF /Users/buddhirajgautam/Library/Developer/Xcode/DerivedData/Telegram-Mac-fygdgghdgmuleoelvxabfmqiotta/Build/Intermediates.noindex/Sparkle.build/Debug/Autoupdate.build/Objects-normal/x86_64/SUPackageInstaller.d --serialize-diagnostics /Users/buddhirajgautam/Library/Developer/Xcode/DerivedData/Telegram-Mac-fygdgghdgmuleoelvxabfmqiotta/Build/Intermediates.noindex/Sparkle.build/Debug/Autoupdate.build/Objects-normal/x86_64/SUPackageInstaller.dia -c /Users/buddhirajgautam/Documents/Cherrygram-Mac/macOS-Swift/submodules/Sparkle/Sparkle/SUPackageInstaller.m -o /Users/buddhirajgautam/Library/Developer/Xcode/DerivedData/Telegram-Mac-fygdgghdgmuleoelvxabfmqiotta/Build/Intermediates.noindex/Sparkle.build/Debug/Autoupdate.build/Objects-normal/x86_64/SUPackageInstaller.o
clang: warning: no such include directory: '/Users/buddhirajgautam/Library/Developer/Xcode/DerivedData/Telegram-Mac-fygdgghdgmuleoelvxabfmqiotta/Build/Products/Debug/include' [-Wmissing-include-dirs]
clang: warning: no such include directory: '/Users/buddhirajgautam/Library/Developer/Xcode/DerivedData/Telegram-Mac-fygdgghdgmuleoelvxabfmqiotta/Build/Intermediates.noindex/Sparkle.build/Debug/Autoupdate.build/DerivedSources-normal/x86_64' [-Wmissing-include-dirs]
clang: warning: no such include directory: '/Users/buddhirajgautam/Library/Developer/Xcode/DerivedData/Telegram-Mac-fygdgghdgmuleoelvxabfmqiotta/Build/Intermediates.noindex/Sparkle.build/Debug/Autoupdate.build/DerivedSources/x86_64' [-Wmissing-include-dirs]
clang: warning: no such include directory: '/Users/buddhirajgautam/Library/Developer/Xcode/DerivedData/Telegram-Mac-fygdgghdgmuleoelvxabfmqiotta/Build/Intermediates.noindex/Sparkle.build/Debug/Autoupdate.build/DerivedSources' [-Wmissing-include-dirs]

CompileC /Users/buddhirajgautam/Library/Developer/Xcode/DerivedData/Telegram-Mac-fygdgghdgmuleoelvxabfmqiotta/Build/Intermediates.noindex/Sparkle.build/Debug/Autoupdate.build/Objects-normal/x86_64/SUOperatingSystem.o /Users/buddhirajgautam/Documents/Cherrygram-Mac/macOS-Swift/submodules/Sparkle/Sparkle/SUOperatingSystem.m normal x86_64 objective-c com.apple.compilers.llvm.clang.1_0.compiler (in target 'Autoupdate' from project 'Sparkle')
    cd /Users/buddhirajgautam/Documents/Cherrygram-Mac/macOS-Swift/submodules/Sparkle
    
    Using response file: /Users/buddhirajgautam/Library/Developer/Xcode/DerivedData/Telegram-Mac-fygdgghdgmuleoelvxabfmqiotta/Build/Intermediates.noindex/Sparkle.build/Debug/Autoupdate.build/Objects-normal/x86_64/e6072d4f65d7061329687fe24e3d63a7-common-args.resp
    
    /Applications/Xcode.app/Contents/Developer/Toolchains/XcodeDefault.xctoolchain/usr/bin/clang -x objective-c -ivfsstatcache /Users/buddhirajgautam/Library/Developer/Xcode/DerivedData/SDKStatCaches.noindex/macosx27.0-26A425-e829b21a6f8c9b70876ba0858053c0447231f6df4def33e022ae2eb8f782df1a.sdkstatcache -target x86_64-apple-macos12.0 -fmessage-length\=0 -fdiagnostics-show-note-include-stack -fmacro-backtrace-limit\=0 -fno-color-diagnostics -Wno-trigraphs -Werror\=incompatible-pointer-types -Werror\=implicit-function-declaration -Wmissing-field-initializers -Wmissing-prototypes -Wdocumentation -Wunreachable-code -Wimplicit-atomic-properties -Wno-objc-interface-ivars -Wobjc-missing-property-synthesis -Warc-repeated-use-of-weak -Wno-arc-maybe-repeated-use-of-weak -Wexplicit-ownership-type -Wimplicit-retain-self -Wduplicate-method-match -Wmissing-braces -Wparentheses -Wswitch -Wunused-function -Wunused-label -Wunused-parameter -Wunused-variable -Wunused-value -Wempty-body -Wuninitialized -Wunknown-pragmas -Wshadow -Wfour-char-constants -Wconversion -Wconstant-conversion -Wint-conversion -Wbool-conversion -Wenum-conversion -Wfloat-conversion -Wnon-literal-null-conversion -Wobjc-literal-conversion -Wassign-enum -Wsign-compare -Wshorten-64-to-32 -Wpointer-sign -Wnewline-eof -Wselector -Wstrict-selector-match -Wundeclared-selector -Wdeprecated-implementations -Wno-implicit-fallthrough -isysroot /Applications/Xcode.app/Contents/Developer/Platforms/MacOSX.platform/Developer/SDKs/MacOSX27.0.sdk -fstrict-aliasing -Wprotocol -Wdeprecated-declarations -Wsign-conversion -Winfinite-recursion -Wcomma -Wblock-capture-autoreleasing -Wstrict-prototypes -Wno-semicolon-before-method-body -Wall -Weverything -Wno-unused-macros -Wno-gnu-statement-expression -Wno-arc-repeated-use-of-weak -Wno-auto-import -Wno-gnu-zero-variadic-macro-arguments -Wno-custom-atomic-properties -Wno-implicit-atomic-properties @/Users/buddhirajgautam/Library/Developer/Xcode/DerivedData/Telegram-Mac-fygdgghdgmuleoelvxabfmqiotta/Build/Intermediates.noindex/Sparkle.build/Debug/Autoupdate.build/Objects-normal/x86_64/e6072d4f65d7061329687fe24e3d63a7-common-args.resp -MMD -MT dependencies -MF /Users/buddhirajgautam/Library/Developer/Xcode/DerivedData/Telegram-Mac-fygdgghdgmuleoelvxabfmqiotta/Build/Intermediates.noindex/Sparkle.build/Debug/Autoupdate.build/Objects-normal/x86_64/SUOperatingSystem.d --serialize-diagnostics /Users/buddhirajgautam/Library/Developer/Xcode/DerivedData/Telegram-Mac-fygdgghdgmuleoelvxabfmqiotta/Build/Intermediates.noindex/Sparkle.build/Debug/Autoupdate.build/Objects-normal/x86_64/SUOperatingSystem.dia -c /Users/buddhirajgautam/Documents/Cherrygram-Mac/macOS-Swift/submodules/Sparkle/Sparkle/SUOperatingSystem.m -o /Users/buddhirajgautam/Library/Developer/Xcode/DerivedData/Telegram-Mac-fygdgghdgmuleoelvxabfmqiotta/Build/Intermediates.noindex/Sparkle.build/Debug/Autoupdate.build/Objects-normal/x86_64/SUOperatingSystem.o
clang: warning: no such include directory: '/Users/buddhirajgautam/Library/Developer/Xcode/DerivedData/Telegram-Mac-fygdgghdgmuleoelvxabfmqiotta/Build/Products/Debug/include' [-Wmissing-include-dirs]
clang: warning: no such include directory: '/Users/buddhirajgautam/Library/Developer/Xcode/DerivedData/Telegram-Mac-fygdgghdgmuleoelvxabfmqiotta/Build/Intermediates.noindex/Sparkle.build/Debug/Autoupdate.build/DerivedSources-normal/x86_64' [-Wmissing-include-dirs]
clang: warning: no such include directory: '/Users/buddhirajgautam/Library/Developer/Xcode/DerivedData/Telegram-Mac-fygdgghdgmuleoelvxabfmqiotta/Build/Intermediates.noindex/Sparkle.build/Debug/Autoupdate.build/DerivedSources/x86_64' [-Wmissing-include-dirs]
clang: warning: no such include directory: '/Users/buddhirajgautam/Library/Developer/Xcode/DerivedData/Telegram-Mac-fygdgghdgmuleoelvxabfmqiotta/Build/Intermediates.noindex/Sparkle.build/Debug/Autoupdate.build/DerivedSources' [-Wmissing-include-dirs]

SwiftEmitModule normal arm64 Emitting\ module\ for\ Postbox (in target 'Postbox' from project 'Postbox')

SwiftCompile normal arm64 (in target 'Postbox' from project 'Postbox')
    cd /Users/buddhirajgautam/Documents/Cherrygram-Mac/macOS-Swift
    

SwiftDriverJobDiscovery normal arm64 Emitting module for ApiCredentials (in target 'ApiCredentials' from project 'ApiCredentials')

SwiftDriver\ Compilation\ Requirements ApiCredentials normal arm64 com.apple.xcode.tools.swift.compiler (in target 'ApiCredentials' from project 'ApiCredentials')
    cd /Users/buddhirajgautam/Documents/Cherrygram-Mac/macOS-Swift
    builtin-Swift-Compilation-Requirements -- /Applications/Xcode.app/Contents/Developer/Toolchains/XcodeDefault.xctoolchain/usr/bin/swiftc -parse-as-library -module-name ApiCredentials -Onone @/Users/buddhirajgautam/Library/Developer/Xcode/DerivedData/Telegram-Mac-fygdgghdgmuleoelvxabfmqiotta/Build/Intermediates.noindex/ApiCredentials.build/Debug/ApiCredentials-t.build/Objects-normal/arm64/ApiCredentials.SwiftFileList -DSWIFT_PACKAGE -DDEBUG -DSWIFT_MODULE_RESOURCE_BUNDLE_UNAVAILABLE -DXcode -plugin-path /Applications/Xcode.app/Contents/Developer/Toolchains/XcodeDefault.xctoolchain/usr/lib/swift/host/plugins/testing -enable-experimental-feature DebugDescriptionMacro -sdk /Applications/Xcode.app/Contents/Developer/Platforms/MacOSX.platform/Developer/SDKs/MacOSX27.0.sdk -target arm64-apple-macos12.0 -g -module-cache-path /Users/buddhirajgautam/Library/Developer/Xcode/DerivedData/ModuleCache.noindex -Xfrontend -serialize-debugging-options -profile-coverage-mapping -profile-generate -enable-testing -index-store-path /Users/buddhirajgautam/Library/Developer/Xcode/DerivedData/Telegram-Mac-fygdgghdgmuleoelvxabfmqiotta/Index.noindex/DataStore -Xcc -D_LIBCPP_HARDENING_MODE\=_LIBCPP_HARDENING_MODE_DEBUG -swift-version 5 -I /Users/buddhirajgautam/Library/Developer/Xcode/DerivedData/Telegram-Mac-fygdgghdgmuleoelvxabfmqiotta/Build/Products/Debug -Isystem /Applications/Xcode.app/Contents/Developer/Platforms/MacOSX.platform/Developer/usr/lib -F /Users/buddhirajgautam/Library/Developer/Xcode/DerivedData/Telegram-Mac-fygdgghdgmuleoelvxabfmqiotta/Build/Products/Debug -F /Applications/Xcode.app/Contents/Developer/Platforms/MacOSX.platform/Developer/Library/Frameworks -c -j8 -enable-batch-mode -incremental -Xcc -ivfsstatcache -Xcc /Users/buddhirajgautam/Library/Developer/Xcode/DerivedData/SDKStatCaches.noindex/macosx27.0-26A425-e829b21a6f8c9b70876ba0858053c0447231f6df4def33e022ae2eb8f782df1a.sdkstatcache -output-file-map /Users/buddhirajgautam/Library/Developer/Xcode/DerivedData/Telegram-Mac-fygdgghdgmuleoelvxabfmqiotta/Build/Intermediates.noindex/ApiCredentials.build/Debug/ApiCredentials-t.build/Objects-normal/arm64/ApiCredentials-OutputFileMap.json -save-temps -no-color-diagnostics -explicit-module-build -module-cache-path /Users/buddhirajgautam/Library/Developer/Xcode/DerivedData/Telegram-Mac-fygdgghdgmuleoelvxabfmqiotta/Build/Intermediates.noindex/SwiftExplicitPrecompiledModules -clang-scanner-module-cache-path /Users/buddhirajgautam/Library/Developer/Xcode/DerivedData/ModuleCache.noindex -sdk-module-cache-path /Users/buddhirajgautam/Library/Developer/Xcode/DerivedData/SDKExplicitPrecompiledModules -emit-dependencies -emit-module -emit-module-path /Users/buddhirajgautam/Library/Developer/Xcode/DerivedData/Telegram-Mac-fygdgghdgmuleoelvxabfmqiotta/Build/Intermediates.noindex/ApiCredentials.build/Debug/ApiCredentials-t.build/Objects-normal/arm64/ApiCredentials.swiftmodule -serialize-diagnostics -dependency-scan-serialize-diagnostics-path /Users/buddhirajgautam/Library/Developer/Xcode/DerivedData/Telegram-Mac-fygdgghdgmuleoelvxabfmqiotta/Build/Intermediates.noindex/ApiCredentials.build/Debug/ApiCredentials-t.build/Objects-normal/arm64/ApiCredentials-dependency-scan.dia -validate-clang-modules-once -clang-build-session-file /Users/buddhirajgautam/Library/Developer/Xcode/DerivedData/ModuleCache.noindex/Session.modulevalidation -Xcc -fmodules-prune-interval\=86400 -Xcc -fmodules-prune-after\=345600 -emit-const-values -const-gather-protocols-list /Users/buddhirajgautam/Library/Developer/Xcode/DerivedData/Telegram-Mac-fygdgghdgmuleoelvxabfmqiotta/Build/Intermediates.noindex/ApiCredentials.build/Debug/ApiCredentials-t.build/Objects-normal/arm64/ApiCredentials_const_extract_protocols.json -Xcc -I/Users/buddhirajgautam/Library/Developer/Xcode/DerivedData/Telegram-Mac-fygdgghdgmuleoelvxabfmqiotta/Build/Products/Debug/include -Xcc -I/Users/buddhirajgautam/Library/Developer/Xcode/DerivedData/Telegram-Mac-fygdgghdgmuleoelvxabfmqiotta/Build/Intermediates.noindex/ApiCredentials.build/Debug/ApiCredentials-t.build/DerivedSources-normal/arm64 -Xcc -I/Users/buddhirajgautam/Library/Developer/Xcode/DerivedData/Telegram-Mac-fygdgghdgmuleoelvxabfmqiotta/Build/Intermediates.noindex/ApiCredentials.build/Debug/ApiCredentials-t.build/DerivedSources/arm64 -Xcc -I/Users/buddhirajgautam/Library/Developer/Xcode/DerivedData/Telegram-Mac-fygdgghdgmuleoelvxabfmqiotta/Build/Intermediates.noindex/ApiCredentials.build/Debug/ApiCredentials-t.build/DerivedSources -Xcc -DSWIFT_PACKAGE -Xcc -DDEBUG\=1 -emit-objc-header -emit-objc-header-path /Users/buddhirajgautam/Library/Developer/Xcode/DerivedData/Telegram-Mac-fygdgghdgmuleoelvxabfmqiotta/Build/Intermediates.noindex/ApiCredentials.build/Debug/ApiCredentials-t.build/Objects-normal/arm64/ApiCredentials-Swift.h -working-directory /Users/buddhirajgautam/Documents/Cherrygram-Mac/macOS-Swift -experimental-emit-module-separately -disable-cmo

CompileC /Users/buddhirajgautam/Library/Developer/Xcode/DerivedData/Telegram-Mac-fygdgghdgmuleoelvxabfmqiotta/Build/Intermediates.noindex/Sparkle.build/Debug/Autoupdate.build/Objects-normal/x86_64/SULog.o /Users/buddhirajgautam/Documents/Cherrygram-Mac/macOS-Swift/submodules/Sparkle/Sparkle/SULog.m normal x86_64 objective-c com.apple.compilers.llvm.clang.1_0.compiler (in target 'Autoupdate' from project 'Sparkle')
    cd /Users/buddhirajgautam/Documents/Cherrygram-Mac/macOS-Swift/submodules/Sparkle
    
    Using response file: /Users/buddhirajgautam/Library/Developer/Xcode/DerivedData/Telegram-Mac-fygdgghdgmuleoelvxabfmqiotta/Build/Intermediates.noindex/Sparkle.build/Debug/Autoupdate.build/Objects-normal/x86_64/e6072d4f65d7061329687fe24e3d63a7-common-args.resp
    
    /Applications/Xcode.app/Contents/Developer/Toolchains/XcodeDefault.xctoolchain/usr/bin/clang -x objective-c -ivfsstatcache /Users/buddhirajgautam/Library/Developer/Xcode/DerivedData/SDKStatCaches.noindex/macosx27.0-26A425-e829b21a6f8c9b70876ba0858053c0447231f6df4def33e022ae2eb8f782df1a.sdkstatcache -target x86_64-apple-macos12.0 -fmessage-length\=0 -fdiagnostics-show-note-include-stack -fmacro-backtrace-limit\=0 -fno-color-diagnostics -Wno-trigraphs -Werror\=incompatible-pointer-types -Werror\=implicit-function-declaration -Wmissing-field-initializers -Wmissing-prototypes -Wdocumentation -Wunreachable-code -Wimplicit-atomic-properties -Wno-objc-interface-ivars -Wobjc-missing-property-synthesis -Warc-repeated-use-of-weak -Wno-arc-maybe-repeated-use-of-weak -Wexplicit-ownership-type -Wimplicit-retain-self -Wduplicate-method-match -Wmissing-braces -Wparentheses -Wswitch -Wunused-function -Wunused-label -Wunused-parameter -Wunused-variable -Wunused-value -Wempty-body -Wuninitialized -Wunknown-pragmas -Wshadow -Wfour-char-constants -Wconversion -Wconstant-conversion -Wint-conversion -Wbool-conversion -Wenum-conversion -Wfloat-conversion -Wnon-literal-null-conversion -Wobjc-literal-conversion -Wassign-enum -Wsign-compare -Wshorten-64-to-32 -Wpointer-sign -Wnewline-eof -Wselector -Wstrict-selector-match -Wundeclared-selector -Wdeprecated-implementations -Wno-implicit-fallthrough -isysroot /Applications/Xcode.app/Contents/Developer/Platforms/MacOSX.platform/Developer/SDKs/MacOSX27.0.sdk -fstrict-aliasing -Wprotocol -Wdeprecated-declarations -Wsign-conversion -Winfinite-recursion -Wcomma -Wblock-capture-autoreleasing -Wstrict-prototypes -Wno-semicolon-before-method-body -Wall -Weverything -Wno-unused-macros -Wno-gnu-statement-expression -Wno-arc-repeated-use-of-weak -Wno-auto-import -Wno-gnu-zero-variadic-macro-arguments -Wno-custom-atomic-properties -Wno-implicit-atomic-properties @/Users/buddhirajgautam/Library/Developer/Xcode/DerivedData/Telegram-Mac-fygdgghdgmuleoelvxabfmqiotta/Build/Intermediates.noindex/Sparkle.build/Debug/Autoupdate.build/Objects-normal/x86_64/e6072d4f65d7061329687fe24e3d63a7-common-args.resp -MMD -MT dependencies -MF /Users/buddhirajgautam/Library/Developer/Xcode/DerivedData/Telegram-Mac-fygdgghdgmuleoelvxabfmqiotta/Build/Intermediates.noindex/Sparkle.build/Debug/Autoupdate.build/Objects-normal/x86_64/SULog.d --serialize-diagnostics /Users/buddhirajgautam/Library/Developer/Xcode/DerivedData/Telegram-Mac-fygdgghdgmuleoelvxabfmqiotta/Build/Intermediates.noindex/Sparkle.build/Debug/Autoupdate.build/Objects-normal/x86_64/SULog.dia -c /Users/buddhirajgautam/Documents/Cherrygram-Mac/macOS-Swift/submodules/Sparkle/Sparkle/SULog.m -o /Users/buddhirajgautam/Library/Developer/Xcode/DerivedData/Telegram-Mac-fygdgghdgmuleoelvxabfmqiotta/Build/Intermediates.noindex/Sparkle.build/Debug/Autoupdate.build/Objects-normal/x86_64/SULog.o
clang: warning: no such include directory: '/Users/buddhirajgautam/Library/Developer/Xcode/DerivedData/Telegram-Mac-fygdgghdgmuleoelvxabfmqiotta/Build/Products/Debug/include' [-Wmissing-include-dirs]
clang: warning: no such include directory: '/Users/buddhirajgautam/Library/Developer/Xcode/DerivedData/Telegram-Mac-fygdgghdgmuleoelvxabfmqiotta/Build/Intermediates.noindex/Sparkle.build/Debug/Autoupdate.build/DerivedSources-normal/x86_64' [-Wmissing-include-dirs]
clang: warning: no such include directory: '/Users/buddhirajgautam/Library/Developer/Xcode/DerivedData/Telegram-Mac-fygdgghdgmuleoelvxabfmqiotta/Build/Intermediates.noindex/Sparkle.build/Debug/Autoupdate.build/DerivedSources/x86_64' [-Wmissing-include-dirs]
clang: warning: no such include directory: '/Users/buddhirajgautam/Library/Developer/Xcode/DerivedData/Telegram-Mac-fygdgghdgmuleoelvxabfmqiotta/Build/Intermediates.noindex/Sparkle.build/Debug/Autoupdate.build/DerivedSources' [-Wmissing-include-dirs]
/Users/buddhirajgautam/Documents/Cherrygram-Mac/macOS-Swift/submodules/Sparkle/Sparkle/SULog.m:66:22: warning: 'asl_open' is deprecated: first deprecated in macOS 10.12 - os_log(3) has replaced asl(3); see os_log_create(3) [-Wdeprecated-declarations]
   66 |             client = asl_open([displayName stringByAppendingString:@" [Sparkle " TO_STRING(SPARKLE_VERSION) "]"].UTF8String, SPARKLE_BUNDLE_IDENTIFIER, options);
      |                      ^
In file included from /Users/buddhirajgautam/Documents/Cherrygram-Mac/macOS-Swift/submodules/Sparkle/Sparkle/SULog.m:11:
/Applications/Xcode.app/Contents/Developer/Platforms/MacOSX.platform/Developer/SDKs/MacOSX27.0.sdk/usr/include/asl.h:342:14: note: 'asl_open' has been explicitly marked deprecated here
  342 | asl_object_t asl_open(const char *ident, const char *facility, uint32_t opts) __API_DEPRECATED("os_log(3) has replaced asl(3); see os_log_create(3)", macosx(10.4,10.12), ios(2.0,10.0), watchos(2.0,3.0), tvos(9.0,10.0));
      |              ^
/Users/buddhirajgautam/Documents/Cherrygram-Mac/macOS-Swift/submodules/Sparkle/Sparkle/SULog.m:65:23: warning: mixing declarations and code is incompatible with standards before C99 [-Wdeclaration-after-statement]
   65 |             NSString *displayName = [[NSFileManager defaultManager] displayNameAtPath:mainBundle.bundlePath];
      |                       ^
/Users/buddhirajgautam/Documents/Cherrygram-Mac/macOS-Swift/submodules/Sparkle/Sparkle/SULog.m:91:17: warning: '_Static_assert' is incompatible with C standards before C11 [-Wpre-c11-compat]
   91 |                 os_log(logger, "%{public}@", logMessage);
      |                 ^
In file included from /Users/buddhirajgautam/Documents/Cherrygram-Mac/macOS-Swift/submodules/Sparkle/Sparkle/SULog.m:15:
/Applications/Xcode.app/Contents/Developer/Platforms/MacOSX.platform/Developer/SDKs/MacOSX27.0.sdk/usr/include/os/log.h:241:9: note: expanded from macro 'os_log'
  241 |         os_log_with_type(log, OS_LOG_TYPE_DEFAULT, format, ##__VA_ARGS__)
      |         ^
/Applications/Xcode.app/Contents/Developer/Platforms/MacOSX.platform/Developer/SDKs/MacOSX27.0.sdk/usr/include/os/log.h:206:9: note: expanded from macro 'os_log_with_type'
  206 |         OS_LOG_CALL_WITH_FORMAT(_os_log_impl, \
      |         ^
In file included from /Users/buddhirajgautam/Documents/Cherrygram-Mac/macOS-Swift/submodules/Sparkle/Sparkle/SULog.m:15:
In file included from /Applications/Xcode.app/Contents/Developer/Platforms/MacOSX.platform/Developer/SDKs/MacOSX27.0.sdk/usr/include/os/log.h:33:
In file included from /Applications/Xcode.app/Contents/Developer/Platforms/MacOSX.platform/Developer/SDKs/MacOSX27.0.sdk/usr/include/os/trace.h:8:
/Applications/Xcode.app/Contents/Developer/Platforms/MacOSX.platform/Developer/SDKs/MacOSX27.0.sdk/usr/include/os/trace_base.h:129:28: note: expanded from macro 'OS_LOG_CALL_WITH_FORMAT'
  129 |         OS_LOG_PRAGMA_PUSH OS_LOG_STRING(LOG, _os_fmt_str, fmt); \
      |                            ^
/Applications/Xcode.app/Contents/Developer/Platforms/MacOSX.platform/Developer/SDKs/MacOSX27.0.sdk/usr/include/os/trace_base.h:120:9: note: expanded from macro 'OS_LOG_STRING'
  120 |         _Static_assert(__builtin_constant_p(_str), \
      |         ^
/Users/buddhirajgautam/Documents/Cherrygram-Mac/macOS-Swift/submodules/Sparkle/Sparkle/SULog.m:91:17: warning: '_Alignas' is incompatible with C standards before C11 [-Wpre-c11-compat]
In file included from /Users/buddhirajgautam/Documents/Cherrygram-Mac/macOS-Swift/submodules/Sparkle/Sparkle/SULog.m:15:
/Applications/Xcode.app/Contents/Developer/Platforms/MacOSX.platform/Developer/SDKs/MacOSX27.0.sdk/usr/include/os/log.h:241:9: note: expanded from macro 'os_log'
  241 |         os_log_with_type(log, OS_LOG_TYPE_DEFAULT, format, ##__VA_ARGS__)
      |         ^
/Applications/Xcode.app/Contents/Developer/Platforms/MacOSX.platform/Developer/SDKs/MacOSX27.0.sdk/usr/include/os/log.h:206:9: note: expanded from macro 'os_log_with_type'
  206 |         OS_LOG_CALL_WITH_FORMAT(_os_log_impl, \
      |         ^
In file included from /Users/buddhirajgautam/Documents/Cherrygram-Mac/macOS-Swift/submodules/Sparkle/Sparkle/SULog.m:15:
In file included from /Applications/Xcode.app/Contents/Developer/Platforms/MacOSX.platform/Developer/SDKs/MacOSX27.0.sdk/usr/include/os/log.h:33:
In file included from /Applications/Xcode.app/Contents/Developer/Platforms/MacOSX.platform/Developer/SDKs/MacOSX27.0.sdk/usr/include/os/trace.h:8:
/Applications/Xcode.app/Contents/Developer/Platforms/MacOSX.platform/Developer/SDKs/MacOSX27.0.sdk/usr/include/os/trace_base.h:131:17: note: expanded from macro 'OS_LOG_CALL_WITH_FORMAT'
  131 |         uint8_t _Alignas(16) OS_LOG_UNINITIALIZED _os_fmt_buf[__builtin_os_log_format_buffer_size(fmt, ##__VA_ARGS__)]; \
      |                 ^
/Users/buddhirajgautam/Documents/Cherrygram-Mac/macOS-Swift/submodules/Sparkle/Sparkle/SULog.m:95:17: warning: '_Static_assert' is incompatible with C standards before C11 [-Wpre-c11-compat]
   95 |                 os_log_error(logger, "%{public}@", logMessage);
      |                 ^
In file included from /Users/buddhirajgautam/Documents/Cherrygram-Mac/macOS-Swift/submodules/Sparkle/Sparkle/SULog.m:15:
/Applications/Xcode.app/Contents/Developer/Platforms/MacOSX.platform/Developer/SDKs/MacOSX27.0.sdk/usr/include/os/log.h:357:9: note: expanded from macro 'os_log_error'
  357 |         OS_LOG_CALL_WITH_FORMAT(_os_log_error_impl, \
      |         ^
In file included from /Users/buddhirajgautam/Documents/Cherrygram-Mac/macOS-Swift/submodules/Sparkle/Sparkle/SULog.m:15:
In file included from /Applications/Xcode.app/Contents/Developer/Platforms/MacOSX.platform/Developer/SDKs/MacOSX27.0.sdk/usr/include/os/log.h:33:
In file included from /Applications/Xcode.app/Contents/Developer/Platforms/MacOSX.platform/Developer/SDKs/MacOSX27.0.sdk/usr/include/os/trace.h:8:
/Applications/Xcode.app/Contents/Developer/Platforms/MacOSX.platform/Developer/SDKs/MacOSX27.0.sdk/usr/include/os/trace_base.h:129:28: note: expanded from macro 'OS_LOG_CALL_WITH_FORMAT'
  129 |         OS_LOG_PRAGMA_PUSH OS_LOG_STRING(LOG, _os_fmt_str, fmt); \
      |                            ^
/Applications/Xcode.app/Contents/Developer/Platforms/MacOSX.platform/Developer/SDKs/MacOSX27.0.sdk/usr/include/os/trace_base.h:120:9: note: expanded from macro 'OS_LOG_STRING'
  120 |         _Static_assert(__builtin_constant_p(_str), \
      |         ^
/Users/buddhirajgautam/Documents/Cherrygram-Mac/macOS-Swift/submodules/Sparkle/Sparkle/SULog.m:95:17: warning: '_Alignas' is incompatible with C standards before C11 [-Wpre-c11-compat]
In file included from /Users/buddhirajgautam/Documents/Cherrygram-Mac/macOS-Swift/submodules/Sparkle/Sparkle/SULog.m:15:
/Applications/Xcode.app/Contents/Developer/Platforms/MacOSX.platform/Developer/SDKs/MacOSX27.0.sdk/usr/include/os/log.h:357:9: note: expanded from macro 'os_log_error'
  357 |         OS_LOG_CALL_WITH_FORMAT(_os_log_error_impl, \
      |         ^
In file included from /Users/buddhirajgautam/Documents/Cherrygram-Mac/macOS-Swift/submodules/Sparkle/Sparkle/SULog.m:15:
In file included from /Applications/Xcode.app/Contents/Developer/Platforms/MacOSX.platform/Developer/SDKs/MacOSX27.0.sdk/usr/include/os/log.h:33:
In file included from /Applications/Xcode.app/Contents/Developer/Platforms/MacOSX.platform/Developer/SDKs/MacOSX27.0.sdk/usr/include/os/trace.h:8:
/Applications/Xcode.app/Contents/Developer/Platforms/MacOSX.platform/Developer/SDKs/MacOSX27.0.sdk/usr/include/os/trace_base.h:131:17: note: expanded from macro 'OS_LOG_CALL_WITH_FORMAT'
  131 |         uint8_t _Alignas(16) OS_LOG_UNINITIALIZED _os_fmt_buf[__builtin_os_log_format_buffer_size(fmt, ##__VA_ARGS__)]; \
      |                 ^
/Users/buddhirajgautam/Documents/Cherrygram-Mac/macOS-Swift/submodules/Sparkle/Sparkle/SULog.m:87:9: warning: 'switch' missing 'default' label [-Wswitch-default]
   87 |         switch (level) {
      |         ^
/Users/buddhirajgautam/Documents/Cherrygram-Mac/macOS-Swift/submodules/Sparkle/Sparkle/SULog.m:105:26: warning: 'asl_new' is deprecated: first deprecated in macOS 10.12 - os_log(3) has replaced asl(3) [-Wdeprecated-declarations]
  105 |         aslmsg message = asl_new(ASL_TYPE_MSG);
      |                          ^
In file included from /Users/buddhirajgautam/Documents/Cherrygram-Mac/macOS-Swift/submodules/Sparkle/Sparkle/SULog.m:11:
/Applications/Xcode.app/Contents/Developer/Platforms/MacOSX.platform/Developer/SDKs/MacOSX27.0.sdk/usr/include/asl.h:514:14: note: 'asl_new' has been explicitly marked deprecated here
  514 | asl_object_t asl_new(uint32_t type) __API_DEPRECATED("os_log(3) has replaced asl(3)", macosx(10.4,10.12), ios(2.0,10.0), watchos(2.0,3.0), tvos(9.0,10.0));
      |              ^
/Users/buddhirajgautam/Documents/Cherrygram-Mac/macOS-Swift/submodules/Sparkle/Sparkle/SULog.m:110:13: warning: 'asl_set' is deprecated: first deprecated in macOS 10.12 - os_log(3) has replaced asl(3) [-Wdeprecated-declarations]
  110 |         if (asl_set(message, ASL_KEY_MSG, logMessage.UTF8String) != 0) {
      |             ^
In file included from /Users/buddhirajgautam/Documents/Cherrygram-Mac/macOS-Swift/submodules/Sparkle/Sparkle/SULog.m:11:
/Applications/Xcode.app/Contents/Developer/Platforms/MacOSX.platform/Developer/SDKs/MacOSX27.0.sdk/usr/include/asl.h:529:5: note: 'asl_set' has been explicitly marked deprecated here
  529 | int asl_set(asl_object_t obj, const char *key, const char *value) __API_DEPRECATED("os_log(3) has replaced asl(3)", macosx(10.4,10.12), ios(2.0,10.0), watchos(2.0,3.0), tvos(9.0,10.0));
      |     ^
/Users/buddhirajgautam/Documents/Cherrygram-Mac/macOS-Swift/submodules/Sparkle/Sparkle/SULog.m:118:34: warning: 'asl_set' is deprecated: first deprecated in macOS 10.12 - os_log(3) has replaced asl(3) [-Wdeprecated-declarations]
  118 |                 levelSetResult = asl_set(message, ASL_KEY_LEVEL, TO_STRING(ASL_LEVEL_WARNING));
      |                                  ^
In file included from /Users/buddhirajgautam/Documents/Cherrygram-Mac/macOS-Swift/submodules/Sparkle/Sparkle/SULog.m:11:
/Applications/Xcode.app/Contents/Developer/Platforms/MacOSX.platform/Developer/SDKs/MacOSX27.0.sdk/usr/include/asl.h:529:5: note: 'asl_set' has been explicitly marked deprecated here
  529 | int asl_set(asl_object_t obj, const char *key, const char *value) __API_DEPRECATED("os_log(3) has replaced asl(3)", macosx(10.4,10.12), ios(2.0,10.0), watchos(2.0,3.0), tvos(9.0,10.0));
      |     ^
/Users/buddhirajgautam/Documents/Cherrygram-Mac/macOS-Swift/submodules/Sparkle/Sparkle/SULog.m:121:34: warning: 'asl_set' is deprecated: first deprecated in macOS 10.12 - os_log(3) has replaced asl(3) [-Wdeprecated-declarations]
  121 |                 levelSetResult = asl_set(message, ASL_KEY_LEVEL, TO_STRING(ASL_LEVEL_ERR));
      |                                  ^
In file included from /Users/buddhirajgautam/Documents/Cherrygram-Mac/macOS-Swift/submodules/Sparkle/Sparkle/SULog.m:11:
/Applications/Xcode.app/Contents/Developer/Platforms/MacOSX.platform/Developer/SDKs/MacOSX27.0.sdk/usr/include/asl.h:529:5: note: 'asl_set' has been explicitly marked deprecated here
  529 | int asl_set(asl_object_t obj, const char *key, const char *value) __API_DEPRECATED("os_log(3) has replaced asl(3)", macosx(10.4,10.12), ios(2.0,10.0), watchos(2.0,3.0), tvos(9.0,10.0));
      |     ^
/Users/buddhirajgautam/Documents/Cherrygram-Mac/macOS-Swift/submodules/Sparkle/Sparkle/SULog.m:115:9: warning: 'switch' missing 'default' label [-Wswitch-default]
  115 |         switch (level) {
      |         ^
/Users/buddhirajgautam/Documents/Cherrygram-Mac/macOS-Swift/submodules/Sparkle/Sparkle/SULog.m:128:9: warning: 'asl_send' is deprecated: first deprecated in macOS 10.12 - os_log(3) has replaced asl(3) [-Wdeprecated-declarations]
  128 |         asl_send(client, message);
      |         ^
In file included from /Users/buddhirajgautam/Documents/Cherrygram-Mac/macOS-Swift/submodules/Sparkle/Sparkle/SULog.m:11:
/Applications/Xcode.app/Contents/Developer/Platforms/MacOSX.platform/Developer/SDKs/MacOSX27.0.sdk/usr/include/asl.h:640:5: note: 'asl_send' has been explicitly marked deprecated here
  640 | int asl_send(asl_object_t obj, asl_object_t msg) __not_tail_called __API_DEPRECATED("os_log(3) has replaced asl(3)", macosx(10.4,10.12), ios(2.0,10.0), watchos(2.0,3.0), tvos(9.0,10.0));
      |     ^
/Users/buddhirajgautam/Documents/Cherrygram-Mac/macOS-Swift/submodules/Sparkle/Sparkle/SULog.m:114:13: warning: mixing declarations and code is incompatible with standards before C99 [-Wdeclaration-after-statement]
  114 |         int levelSetResult;
      |             ^
/Users/buddhirajgautam/Documents/Cherrygram-Mac/macOS-Swift/submodules/Sparkle/Sparkle/SULog.m:75:13: warning: mixing declarations and code is incompatible with standards before C99 [-Wdeclaration-after-statement]
   75 |     va_list ap;
      |             ^
15 warnings generated.

SwiftMergeGeneratedHeaders /Users/buddhirajgautam/Library/Developer/Xcode/DerivedData/Telegram-Mac-fygdgghdgmuleoelvxabfmqiotta/Build/Intermediates.noindex/GeneratedModuleMaps/ApiCredentials-Swift.h /Users/buddhirajgautam/Library/Developer/Xcode/DerivedData/Telegram-Mac-fygdgghdgmuleoelvxabfmqiotta/Build/Intermediates.noindex/ApiCredentials.build/Debug/ApiCredentials-t.build/Objects-normal/arm64/ApiCredentials-Swift.h (in target 'ApiCredentials' from project 'ApiCredentials')
    cd /Users/buddhirajgautam/Documents/Cherrygram-Mac/macOS-Swift/packages/ApiCredentials
    builtin-swiftHeaderTool -arch arm64 /Users/buddhirajgautam/Library/Developer/Xcode/DerivedData/Telegram-Mac-fygdgghdgmuleoelvxabfmqiotta/Build/Intermediates.noindex/ApiCredentials.build/Debug/ApiCredentials-t.build/Objects-normal/arm64/ApiCredentials-Swift.h -o /Users/buddhirajgautam/Library/Developer/Xcode/DerivedData/Telegram-Mac-fygdgghdgmuleoelvxabfmqiotta/Build/Intermediates.noindex/GeneratedModuleMaps/ApiCredentials-Swift.h

SwiftDriverJobDiscovery normal arm64 Compiling InstantPageBlock_generated.swift, InstantPage_generated.swift, ItemCollectionId_generated.swift, MediaId_generated.swift (in target 'FlatSerialization' from project 'FlatSerialization')

Copy /Users/buddhirajgautam/Library/Developer/Xcode/DerivedData/Telegram-Mac-fygdgghdgmuleoelvxabfmqiotta/Build/Products/Debug/ApiCredentials.swiftmodule/arm64-apple-macos.swiftmodule /Users/buddhirajgautam/Library/Developer/Xcode/DerivedData/Telegram-Mac-fygdgghdgmuleoelvxabfmqiotta/Build/Intermediates.noindex/ApiCredentials.build/Debug/ApiCredentials-t.build/Objects-normal/arm64/ApiCredentials.swiftmodule (in target 'ApiCredentials' from project 'ApiCredentials')
    cd /Users/buddhirajgautam/Documents/Cherrygram-Mac/macOS-Swift/packages/ApiCredentials
    builtin-copy -exclude .DS_Store -exclude CVS -exclude .svn -exclude .git -exclude .hg -resolve-src-symlinks -rename /Users/buddhirajgautam/Library/Developer/Xcode/DerivedData/Telegram-Mac-fygdgghdgmuleoelvxabfmqiotta/Build/Intermediates.noindex/ApiCredentials.build/Debug/ApiCredentials-t.build/Objects-normal/arm64/ApiCredentials.swiftmodule /Users/buddhirajgautam/Library/Developer/Xcode/DerivedData/Telegram-Mac-fygdgghdgmuleoelvxabfmqiotta/Build/Products/Debug/ApiCredentials.swiftmodule/arm64-apple-macos.swiftmodule

Copy /Users/buddhirajgautam/Library/Developer/Xcode/DerivedData/Telegram-Mac-fygdgghdgmuleoelvxabfmqiotta/Build/Products/Debug/ApiCredentials.swiftmodule/arm64-apple-macos.swiftdoc /Users/buddhirajgautam/Library/Developer/Xcode/DerivedData/Telegram-Mac-fygdgghdgmuleoelvxabfmqiotta/Build/Intermediates.noindex/ApiCredentials.build/Debug/ApiCredentials-t.build/Objects-normal/arm64/ApiCredentials.swiftdoc (in target 'ApiCredentials' from project 'ApiCredentials')
    cd /Users/buddhirajgautam/Documents/Cherrygram-Mac/macOS-Swift/packages/ApiCredentials
    builtin-copy -exclude .DS_Store -exclude CVS -exclude .svn -exclude .git -exclude .hg -resolve-src-symlinks -rename /Users/buddhirajgautam/Library/Developer/Xcode/DerivedData/Telegram-Mac-fygdgghdgmuleoelvxabfmqiotta/Build/Intermediates.noindex/ApiCredentials.build/Debug/ApiCredentials-t.build/Objects-normal/arm64/ApiCredentials.swiftdoc /Users/buddhirajgautam/Library/Developer/Xcode/DerivedData/Telegram-Mac-fygdgghdgmuleoelvxabfmqiotta/Build/Products/Debug/ApiCredentials.swiftmodule/arm64-apple-macos.swiftdoc

Copy /Users/buddhirajgautam/Library/Developer/Xcode/DerivedData/Telegram-Mac-fygdgghdgmuleoelvxabfmqiotta/Build/Products/Debug/ApiCredentials.swiftmodule/arm64-apple-macos.abi.json /Users/buddhirajgautam/Library/Developer/Xcode/DerivedData/Telegram-Mac-fygdgghdgmuleoelvxabfmqiotta/Build/Intermediates.noindex/ApiCredentials.build/Debug/ApiCredentials-t.build/Objects-normal/arm64/ApiCredentials.abi.json (in target 'ApiCredentials' from project 'ApiCredentials')
    cd /Users/buddhirajgautam/Documents/Cherrygram-Mac/macOS-Swift/packages/ApiCredentials
    builtin-copy -exclude .DS_Store -exclude CVS -exclude .svn -exclude .git -exclude .hg -resolve-src-symlinks -rename /Users/buddhirajgautam/Library/Developer/Xcode/DerivedData/Telegram-Mac-fygdgghdgmuleoelvxabfmqiotta/Build/Intermediates.noindex/ApiCredentials.build/Debug/ApiCredentials-t.build/Objects-normal/arm64/ApiCredentials.abi.json /Users/buddhirajgautam/Library/Developer/Xcode/DerivedData/Telegram-Mac-fygdgghdgmuleoelvxabfmqiotta/Build/Products/Debug/ApiCredentials.swiftmodule/arm64-apple-macos.abi.json

Copy /Users/buddhirajgautam/Library/Developer/Xcode/DerivedData/Telegram-Mac-fygdgghdgmuleoelvxabfmqiotta/Build/Products/Debug/ApiCredentials.swiftmodule/Project/arm64-apple-macos.swiftsourceinfo /Users/buddhirajgautam/Library/Developer/Xcode/DerivedData/Telegram-Mac-fygdgghdgmuleoelvxabfmqiotta/Build/Intermediates.noindex/ApiCredentials.build/Debug/ApiCredentials-t.build/Objects-normal/arm64/ApiCredentials.swiftsourceinfo (in target 'ApiCredentials' from project 'ApiCredentials')
    cd /Users/buddhirajgautam/Documents/Cherrygram-Mac/macOS-Swift/packages/ApiCredentials
    builtin-copy -exclude .DS_Store -exclude CVS -exclude .svn -exclude .git -exclude .hg -resolve-src-symlinks -rename /Users/buddhirajgautam/Library/Developer/Xcode/DerivedData/Telegram-Mac-fygdgghdgmuleoelvxabfmqiotta/Build/Intermediates.noindex/ApiCredentials.build/Debug/ApiCredentials-t.build/Objects-normal/arm64/ApiCredentials.swiftsourceinfo /Users/buddhirajgautam/Library/Developer/Xcode/DerivedData/Telegram-Mac-fygdgghdgmuleoelvxabfmqiotta/Build/Products/Debug/ApiCredentials.swiftmodule/Project/arm64-apple-macos.swiftsourceinfo

CompileC /Users/buddhirajgautam/Library/Developer/Xcode/DerivedData/Telegram-Mac-fygdgghdgmuleoelvxabfmqiotta/Build/Intermediates.noindex/Sparkle.build/Debug/Autoupdate.build/Objects-normal/x86_64/SUInstaller.o /Users/buddhirajgautam/Documents/Cherrygram-Mac/macOS-Swift/submodules/Sparkle/Sparkle/SUInstaller.m normal x86_64 objective-c com.apple.compilers.llvm.clang.1_0.compiler (in target 'Autoupdate' from project 'Sparkle')
    cd /Users/buddhirajgautam/Documents/Cherrygram-Mac/macOS-Swift/submodules/Sparkle
    
    Using response file: /Users/buddhirajgautam/Library/Developer/Xcode/DerivedData/Telegram-Mac-fygdgghdgmuleoelvxabfmqiotta/Build/Intermediates.noindex/Sparkle.build/Debug/Autoupdate.build/Objects-normal/x86_64/e6072d4f65d7061329687fe24e3d63a7-common-args.resp
    
    /Applications/Xcode.app/Contents/Developer/Toolchains/XcodeDefault.xctoolchain/usr/bin/clang -x objective-c -ivfsstatcache /Users/buddhirajgautam/Library/Developer/Xcode/DerivedData/SDKStatCaches.noindex/macosx27.0-26A425-e829b21a6f8c9b70876ba0858053c0447231f6df4def33e022ae2eb8f782df1a.sdkstatcache -target x86_64-apple-macos12.0 -fmessage-length\=0 -fdiagnostics-show-note-include-stack -fmacro-backtrace-limit\=0 -fno-color-diagnostics -Wno-trigraphs -Werror\=incompatible-pointer-types -Werror\=implicit-function-declaration -Wmissing-field-initializers -Wmissing-prototypes -Wdocumentation -Wunreachable-code -Wimplicit-atomic-properties -Wno-objc-interface-ivars -Wobjc-missing-property-synthesis -Warc-repeated-use-of-weak -Wno-arc-maybe-repeated-use-of-weak -Wexplicit-ownership-type -Wimplicit-retain-self -Wduplicate-method-match -Wmissing-braces -Wparentheses -Wswitch -Wunused-function -Wunused-label -Wunused-parameter -Wunused-variable -Wunused-value -Wempty-body -Wuninitialized -Wunknown-pragmas -Wshadow -Wfour-char-constants -Wconversion -Wconstant-conversion -Wint-conversion -Wbool-conversion -Wenum-conversion -Wfloat-conversion -Wnon-literal-null-conversion -Wobjc-literal-conversion -Wassign-enum -Wsign-compare -Wshorten-64-to-32 -Wpointer-sign -Wnewline-eof -Wselector -Wstrict-selector-match -Wundeclared-selector -Wdeprecated-implementations -Wno-implicit-fallthrough -isysroot /Applications/Xcode.app/Contents/Developer/Platforms/MacOSX.platform/Developer/SDKs/MacOSX27.0.sdk -fstrict-aliasing -Wprotocol -Wdeprecated-declarations -Wsign-conversion -Winfinite-recursion -Wcomma -Wblock-capture-autoreleasing -Wstrict-prototypes -Wno-semicolon-before-method-body -Wall -Weverything -Wno-unused-macros -Wno-gnu-statement-expression -Wno-arc-repeated-use-of-weak -Wno-auto-import -Wno-gnu-zero-variadic-macro-arguments -Wno-custom-atomic-properties -Wno-implicit-atomic-properties @/Users/buddhirajgautam/Library/Developer/Xcode/DerivedData/Telegram-Mac-fygdgghdgmuleoelvxabfmqiotta/Build/Intermediates.noindex/Sparkle.build/Debug/Autoupdate.build/Objects-normal/x86_64/e6072d4f65d7061329687fe24e3d63a7-common-args.resp -MMD -MT dependencies -MF /Users/buddhirajgautam/Library/Developer/Xcode/DerivedData/Telegram-Mac-fygdgghdgmuleoelvxabfmqiotta/Build/Intermediates.noindex/Sparkle.build/Debug/Autoupdate.build/Objects-normal/x86_64/SUInstaller.d --serialize-diagnostics /Users/buddhirajgautam/Library/Developer/Xcode/DerivedData/Telegram-Mac-fygdgghdgmuleoelvxabfmqiotta/Build/Intermediates.noindex/Sparkle.build/Debug/Autoupdate.build/Objects-normal/x86_64/SUInstaller.dia -c /Users/buddhirajgautam/Documents/Cherrygram-Mac/macOS-Swift/submodules/Sparkle/Sparkle/SUInstaller.m -o /Users/buddhirajgautam/Library/Developer/Xcode/DerivedData/Telegram-Mac-fygdgghdgmuleoelvxabfmqiotta/Build/Intermediates.noindex/Sparkle.build/Debug/Autoupdate.build/Objects-normal/x86_64/SUInstaller.o
clang: warning: no such include directory: '/Users/buddhirajgautam/Library/Developer/Xcode/DerivedData/Telegram-Mac-fygdgghdgmuleoelvxabfmqiotta/Build/Products/Debug/include' [-Wmissing-include-dirs]
clang: warning: no such include directory: '/Users/buddhirajgautam/Library/Developer/Xcode/DerivedData/Telegram-Mac-fygdgghdgmuleoelvxabfmqiotta/Build/Intermediates.noindex/Sparkle.build/Debug/Autoupdate.build/DerivedSources-normal/x86_64' [-Wmissing-include-dirs]
clang: warning: no such include directory: '/Users/buddhirajgautam/Library/Developer/Xcode/DerivedData/Telegram-Mac-fygdgghdgmuleoelvxabfmqiotta/Build/Intermediates.noindex/Sparkle.build/Debug/Autoupdate.build/DerivedSources/x86_64' [-Wmissing-include-dirs]
clang: warning: no such include directory: '/Users/buddhirajgautam/Library/Developer/Xcode/DerivedData/Telegram-Mac-fygdgghdgmuleoelvxabfmqiotta/Build/Intermediates.noindex/Sparkle.build/Debug/Autoupdate.build/DerivedSources' [-Wmissing-include-dirs]
/Users/buddhirajgautam/Documents/Cherrygram-Mac/macOS-Swift/submodules/Sparkle/Sparkle/SUInstaller.m:27:15: warning: mixing declarations and code is incompatible with standards before C99 [-Wdeclaration-after-statement]
   27 |     NSNumber *directoryFlag = nil;
      |               ^
/Users/buddhirajgautam/Documents/Cherrygram-Mac/macOS-Swift/submodules/Sparkle/Sparkle/SUInstaller.m:38:15: warning: mixing declarations and code is incompatible with standards before C99 [-Wdeclaration-after-statement]
   38 |     NSString *currentFile,
      |               ^
/Users/buddhirajgautam/Documents/Cherrygram-Mac/macOS-Swift/submodules/Sparkle/Sparkle/SUInstaller.m:139:19: warning: mixing declarations and code is incompatible with standards before C99 [-Wdeclaration-after-statement]
  139 |         NSString *installationPath;
      |                   ^
/Users/buddhirajgautam/Documents/Cherrygram-Mac/macOS-Swift/submodules/Sparkle/Sparkle/SUInstaller.m:126:30: warning: mixing declarations and code is incompatible with standards before C99 [-Wdeclaration-after-statement]
  126 |     id <SUInstallerProtocol> installer;
      |                              ^
/Users/buddhirajgautam/Documents/Cherrygram-Mac/macOS-Swift/submodules/Sparkle/Sparkle/SUInstaller.m:156:15: warning: mixing declarations and code is incompatible with standards before C99 [-Wdeclaration-after-statement]
  156 |     NSString *normalizedAppPath = [[[bundle bundlePath] stringByDeletingLastPathComponent] stringByAppendingPathComponent:[NSString stringWithFormat:@"%@.%@", [host objectForInfoDictionaryKey:(__bridge NSString *)kCFBundleNameKey], [[bundle bundlePath] pathExtension]]];
      |               ^
5 warnings generated.

CompileC /Users/buddhirajgautam/Library/Developer/Xcode/DerivedData/Telegram-Mac-fygdgghdgmuleoelvxabfmqiotta/Build/Intermediates.noindex/Sparkle.build/Debug/Autoupdate.build/Objects-normal/x86_64/SUHost.o /Users/buddhirajgautam/Documents/Cherrygram-Mac/macOS-Swift/submodules/Sparkle/Sparkle/SUHost.m normal x86_64 objective-c com.apple.compilers.llvm.clang.1_0.compiler (in target 'Autoupdate' from project 'Sparkle')
    cd /Users/buddhirajgautam/Documents/Cherrygram-Mac/macOS-Swift/submodules/Sparkle
    
    Using response file: /Users/buddhirajgautam/Library/Developer/Xcode/DerivedData/Telegram-Mac-fygdgghdgmuleoelvxabfmqiotta/Build/Intermediates.noindex/Sparkle.build/Debug/Autoupdate.build/Objects-normal/x86_64/e6072d4f65d7061329687fe24e3d63a7-common-args.resp
    
    /Applications/Xcode.app/Contents/Developer/Toolchains/XcodeDefault.xctoolchain/usr/bin/clang -x objective-c -ivfsstatcache /Users/buddhirajgautam/Library/Developer/Xcode/DerivedData/SDKStatCaches.noindex/macosx27.0-26A425-e829b21a6f8c9b70876ba0858053c0447231f6df4def33e022ae2eb8f782df1a.sdkstatcache -target x86_64-apple-macos12.0 -fmessage-length\=0 -fdiagnostics-show-note-include-stack -fmacro-backtrace-limit\=0 -fno-color-diagnostics -Wno-trigraphs -Werror\=incompatible-pointer-types -Werror\=implicit-function-declaration -Wmissing-field-initializers -Wmissing-prototypes -Wdocumentation -Wunreachable-code -Wimplicit-atomic-properties -Wno-objc-interface-ivars -Wobjc-missing-property-synthesis -Warc-repeated-use-of-weak -Wno-arc-maybe-repeated-use-of-weak -Wexplicit-ownership-type -Wimplicit-retain-self -Wduplicate-method-match -Wmissing-braces -Wparentheses -Wswitch -Wunused-function -Wunused-label -Wunused-parameter -Wunused-variable -Wunused-value -Wempty-body -Wuninitialized -Wunknown-pragmas -Wshadow -Wfour-char-constants -Wconversion -Wconstant-conversion -Wint-conversion -Wbool-conversion -Wenum-conversion -Wfloat-conversion -Wnon-literal-null-conversion -Wobjc-literal-conversion -Wassign-enum -Wsign-compare -Wshorten-64-to-32 -Wpointer-sign -Wnewline-eof -Wselector -Wstrict-selector-match -Wundeclared-selector -Wdeprecated-implementations -Wno-implicit-fallthrough -isysroot /Applications/Xcode.app/Contents/Developer/Platforms/MacOSX.platform/Developer/SDKs/MacOSX27.0.sdk -fstrict-aliasing -Wprotocol -Wdeprecated-declarations -Wsign-conversion -Winfinite-recursion -Wcomma -Wblock-capture-autoreleasing -Wstrict-prototypes -Wno-semicolon-before-method-body -Wall -Weverything -Wno-unused-macros -Wno-gnu-statement-expression -Wno-arc-repeated-use-of-weak -Wno-auto-import -Wno-gnu-zero-variadic-macro-arguments -Wno-custom-atomic-properties -Wno-implicit-atomic-properties @/Users/buddhirajgautam/Library/Developer/Xcode/DerivedData/Telegram-Mac-fygdgghdgmuleoelvxabfmqiotta/Build/Intermediates.noindex/Sparkle.build/Debug/Autoupdate.build/Objects-normal/x86_64/e6072d4f65d7061329687fe24e3d63a7-common-args.resp -MMD -MT dependencies -MF /Users/buddhirajgautam/Library/Developer/Xcode/DerivedData/Telegram-Mac-fygdgghdgmuleoelvxabfmqiotta/Build/Intermediates.noindex/Sparkle.build/Debug/Autoupdate.build/Objects-normal/x86_64/SUHost.d --serialize-diagnostics /Users/buddhirajgautam/Library/Developer/Xcode/DerivedData/Telegram-Mac-fygdgghdgmuleoelvxabfmqiotta/Build/Intermediates.noindex/Sparkle.build/Debug/Autoupdate.build/Objects-normal/x86_64/SUHost.dia -c /Users/buddhirajgautam/Documents/Cherrygram-Mac/macOS-Swift/submodules/Sparkle/Sparkle/SUHost.m -o /Users/buddhirajgautam/Library/Developer/Xcode/DerivedData/Telegram-Mac-fygdgghdgmuleoelvxabfmqiotta/Build/Intermediates.noindex/Sparkle.build/Debug/Autoupdate.build/Objects-normal/x86_64/SUHost.o
clang: warning: no such include directory: '/Users/buddhirajgautam/Library/Developer/Xcode/DerivedData/Telegram-Mac-fygdgghdgmuleoelvxabfmqiotta/Build/Products/Debug/include' [-Wmissing-include-dirs]
clang: warning: no such include directory: '/Users/buddhirajgautam/Library/Developer/Xcode/DerivedData/Telegram-Mac-fygdgghdgmuleoelvxabfmqiotta/Build/Intermediates.noindex/Sparkle.build/Debug/Autoupdate.build/DerivedSources-normal/x86_64' [-Wmissing-include-dirs]
clang: warning: no such include directory: '/Users/buddhirajgautam/Library/Developer/Xcode/DerivedData/Telegram-Mac-fygdgghdgmuleoelvxabfmqiotta/Build/Intermediates.noindex/Sparkle.build/Debug/Autoupdate.build/DerivedSources/x86_64' [-Wmissing-include-dirs]
clang: warning: no such include directory: '/Users/buddhirajgautam/Library/Developer/Xcode/DerivedData/Telegram-Mac-fygdgghdgmuleoelvxabfmqiotta/Build/Intermediates.noindex/Sparkle.build/Debug/Autoupdate.build/DerivedSources' [-Wmissing-include-dirs]
/Users/buddhirajgautam/Documents/Cherrygram-Mac/macOS-Swift/submodules/Sparkle/Sparkle/SUHost.m:58:19: warning: mixing declarations and code is incompatible with standards before C99 [-Wdeclaration-after-statement]
   58 |         NSString *mainBundleIdentifier = NSBundle.mainBundle.bundleIdentifier;
      |                   ^
/Users/buddhirajgautam/Documents/Cherrygram-Mac/macOS-Swift/submodules/Sparkle/Sparkle/SUHost.m:127:15: warning: mixing declarations and code is incompatible with standards before C99 [-Wdeclaration-after-statement]
  127 |     NSString *keyFilename = [self publicDSAKeyFileKey];
      |               ^
/Users/buddhirajgautam/Documents/Cherrygram-Mac/macOS-Swift/submodules/Sparkle/Sparkle/SUHost.m:191:23: warning: mixing declarations and code is incompatible with standards before C99 [-Wdeclaration-after-statement]
  191 |     CFPropertyListRef obj = CFPreferencesCopyAppValue((__bridge CFStringRef)defaultName, (__bridge CFStringRef)self.defaultsDomain);
      |                       ^
/Users/buddhirajgautam/Documents/Cherrygram-Mac/macOS-Swift/submodules/Sparkle/Sparkle/SUHost.m:215:10: warning: mixing declarations and code is incompatible with standards before C99 [-Wdeclaration-after-statement]
  215 |     BOOL value;
      |          ^
4 warnings generated.

CompileC /Users/buddhirajgautam/Library/Developer/Xcode/DerivedData/Telegram-Mac-fygdgghdgmuleoelvxabfmqiotta/Build/Intermediates.noindex/Sparkle.build/Debug/Autoupdate.build/Objects-normal/x86_64/SUGuidedPackageInstaller.o /Users/buddhirajgautam/Documents/Cherrygram-Mac/macOS-Swift/submodules/Sparkle/Sparkle/SUGuidedPackageInstaller.m normal x86_64 objective-c com.apple.compilers.llvm.clang.1_0.compiler (in target 'Autoupdate' from project 'Sparkle')
    cd /Users/buddhirajgautam/Documents/Cherrygram-Mac/macOS-Swift/submodules/Sparkle
    
    Using response file: /Users/buddhirajgautam/Library/Developer/Xcode/DerivedData/Telegram-Mac-fygdgghdgmuleoelvxabfmqiotta/Build/Intermediates.noindex/Sparkle.build/Debug/Autoupdate.build/Objects-normal/x86_64/e6072d4f65d7061329687fe24e3d63a7-common-args.resp
    
    /Applications/Xcode.app/Contents/Developer/Toolchains/XcodeDefault.xctoolchain/usr/bin/clang -x objective-c -ivfsstatcache /Users/buddhirajgautam/Library/Developer/Xcode/DerivedData/SDKStatCaches.noindex/macosx27.0-26A425-e829b21a6f8c9b70876ba0858053c0447231f6df4def33e022ae2eb8f782df1a.sdkstatcache -target x86_64-apple-macos12.0 -fmessage-length\=0 -fdiagnostics-show-note-include-stack -fmacro-backtrace-limit\=0 -fno-color-diagnostics -Wno-trigraphs -Werror\=incompatible-pointer-types -Werror\=implicit-function-declaration -Wmissing-field-initializers -Wmissing-prototypes -Wdocumentation -Wunreachable-code -Wimplicit-atomic-properties -Wno-objc-interface-ivars -Wobjc-missing-property-synthesis -Warc-repeated-use-of-weak -Wno-arc-maybe-repeated-use-of-weak -Wexplicit-ownership-type -Wimplicit-retain-self -Wduplicate-method-match -Wmissing-braces -Wparentheses -Wswitch -Wunused-function -Wunused-label -Wunused-parameter -Wunused-variable -Wunused-value -Wempty-body -Wuninitialized -Wunknown-pragmas -Wshadow -Wfour-char-constants -Wconversion -Wconstant-conversion -Wint-conversion -Wbool-conversion -Wenum-conversion -Wfloat-conversion -Wnon-literal-null-conversion -Wobjc-literal-conversion -Wassign-enum -Wsign-compare -Wshorten-64-to-32 -Wpointer-sign -Wnewline-eof -Wselector -Wstrict-selector-match -Wundeclared-selector -Wdeprecated-implementations -Wno-implicit-fallthrough -isysroot /Applications/Xcode.app/Contents/Developer/Platforms/MacOSX.platform/Developer/SDKs/MacOSX27.0.sdk -fstrict-aliasing -Wprotocol -Wdeprecated-declarations -Wsign-conversion -Winfinite-recursion -Wcomma -Wblock-capture-autoreleasing -Wstrict-prototypes -Wno-semicolon-before-method-body -Wall -Weverything -Wno-unused-macros -Wno-gnu-statement-expression -Wno-arc-repeated-use-of-weak -Wno-auto-import -Wno-gnu-zero-variadic-macro-arguments -Wno-custom-atomic-properties -Wno-implicit-atomic-properties @/Users/buddhirajgautam/Library/Developer/Xcode/DerivedData/Telegram-Mac-fygdgghdgmuleoelvxabfmqiotta/Build/Intermediates.noindex/Sparkle.build/Debug/Autoupdate.build/Objects-normal/x86_64/e6072d4f65d7061329687fe24e3d63a7-common-args.resp -MMD -MT dependencies -MF /Users/buddhirajgautam/Library/Developer/Xcode/DerivedData/Telegram-Mac-fygdgghdgmuleoelvxabfmqiotta/Build/Intermediates.noindex/Sparkle.build/Debug/Autoupdate.build/Objects-normal/x86_64/SUGuidedPackageInstaller.d --serialize-diagnostics /Users/buddhirajgautam/Library/Developer/Xcode/DerivedData/Telegram-Mac-fygdgghdgmuleoelvxabfmqiotta/Build/Intermediates.noindex/Sparkle.build/Debug/Autoupdate.build/Objects-normal/x86_64/SUGuidedPackageInstaller.dia -c /Users/buddhirajgautam/Documents/Cherrygram-Mac/macOS-Swift/submodules/Sparkle/Sparkle/SUGuidedPackageInstaller.m -o /Users/buddhirajgautam/Library/Developer/Xcode/DerivedData/Telegram-Mac-fygdgghdgmuleoelvxabfmqiotta/Build/Intermediates.noindex/Sparkle.build/Debug/Autoupdate.build/Objects-normal/x86_64/SUGuidedPackageInstaller.o
clang: warning: no such include directory: '/Users/buddhirajgautam/Library/Developer/Xcode/DerivedData/Telegram-Mac-fygdgghdgmuleoelvxabfmqiotta/Build/Products/Debug/include' [-Wmissing-include-dirs]
clang: warning: no such include directory: '/Users/buddhirajgautam/Library/Developer/Xcode/DerivedData/Telegram-Mac-fygdgghdgmuleoelvxabfmqiotta/Build/Intermediates.noindex/Sparkle.build/Debug/Autoupdate.build/DerivedSources-normal/x86_64' [-Wmissing-include-dirs]
clang: warning: no such include directory: '/Users/buddhirajgautam/Library/Developer/Xcode/DerivedData/Telegram-Mac-fygdgghdgmuleoelvxabfmqiotta/Build/Intermediates.noindex/Sparkle.build/Debug/Autoupdate.build/DerivedSources/x86_64' [-Wmissing-include-dirs]
clang: warning: no such include directory: '/Users/buddhirajgautam/Library/Developer/Xcode/DerivedData/Telegram-Mac-fygdgghdgmuleoelvxabfmqiotta/Build/Intermediates.noindex/Sparkle.build/Debug/Autoupdate.build/DerivedSources' [-Wmissing-include-dirs]

CompileC /Users/buddhirajgautam/Library/Developer/Xcode/DerivedData/Telegram-Mac-fygdgghdgmuleoelvxabfmqiotta/Build/Intermediates.noindex/Sparkle.build/Debug/Autoupdate.build/Objects-normal/x86_64/SUFileOperationConstants.o /Users/buddhirajgautam/Documents/Cherrygram-Mac/macOS-Swift/submodules/Sparkle/fileop/SUFileOperationConstants.m normal x86_64 objective-c com.apple.compilers.llvm.clang.1_0.compiler (in target 'Autoupdate' from project 'Sparkle')
    cd /Users/buddhirajgautam/Documents/Cherrygram-Mac/macOS-Swift/submodules/Sparkle
    
    Using response file: /Users/buddhirajgautam/Library/Developer/Xcode/DerivedData/Telegram-Mac-fygdgghdgmuleoelvxabfmqiotta/Build/Intermediates.noindex/Sparkle.build/Debug/Autoupdate.build/Objects-normal/x86_64/e6072d4f65d7061329687fe24e3d63a7-common-args.resp
    
    /Applications/Xcode.app/Contents/Developer/Toolchains/XcodeDefault.xctoolchain/usr/bin/clang -x objective-c -ivfsstatcache /Users/buddhirajgautam/Library/Developer/Xcode/DerivedData/SDKStatCaches.noindex/macosx27.0-26A425-e829b21a6f8c9b70876ba0858053c0447231f6df4def33e022ae2eb8f782df1a.sdkstatcache -target x86_64-apple-macos12.0 -fmessage-length\=0 -fdiagnostics-show-note-include-stack -fmacro-backtrace-limit\=0 -fno-color-diagnostics -Wno-trigraphs -Werror\=incompatible-pointer-types -Werror\=implicit-function-declaration -Wmissing-field-initializers -Wmissing-prototypes -Wdocumentation -Wunreachable-code -Wimplicit-atomic-properties -Wno-objc-interface-ivars -Wobjc-missing-property-synthesis -Warc-repeated-use-of-weak -Wno-arc-maybe-repeated-use-of-weak -Wexplicit-ownership-type -Wimplicit-retain-self -Wduplicate-method-match -Wmissing-braces -Wparentheses -Wswitch -Wunused-function -Wunused-label -Wunused-parameter -Wunused-variable -Wunused-value -Wempty-body -Wuninitialized -Wunknown-pragmas -Wshadow -Wfour-char-constants -Wconversion -Wconstant-conversion -Wint-conversion -Wbool-conversion -Wenum-conversion -Wfloat-conversion -Wnon-literal-null-conversion -Wobjc-literal-conversion -Wassign-enum -Wsign-compare -Wshorten-64-to-32 -Wpointer-sign -Wnewline-eof -Wselector -Wstrict-selector-match -Wundeclared-selector -Wdeprecated-implementations -Wno-implicit-fallthrough -isysroot /Applications/Xcode.app/Contents/Developer/Platforms/MacOSX.platform/Developer/SDKs/MacOSX27.0.sdk -fstrict-aliasing -Wprotocol -Wdeprecated-declarations -Wsign-conversion -Winfinite-recursion -Wcomma -Wblock-capture-autoreleasing -Wstrict-prototypes -Wno-semicolon-before-method-body -Wall -Weverything -Wno-unused-macros -Wno-gnu-statement-expression -Wno-arc-repeated-use-of-weak -Wno-auto-import -Wno-gnu-zero-variadic-macro-arguments -Wno-custom-atomic-properties -Wno-implicit-atomic-properties @/Users/buddhirajgautam/Library/Developer/Xcode/DerivedData/Telegram-Mac-fygdgghdgmuleoelvxabfmqiotta/Build/Intermediates.noindex/Sparkle.build/Debug/Autoupdate.build/Objects-normal/x86_64/e6072d4f65d7061329687fe24e3d63a7-common-args.resp -MMD -MT dependencies -MF /Users/buddhirajgautam/Library/Developer/Xcode/DerivedData/Telegram-Mac-fygdgghdgmuleoelvxabfmqiotta/Build/Intermediates.noindex/Sparkle.build/Debug/Autoupdate.build/Objects-normal/x86_64/SUFileOperationConstants.d --serialize-diagnostics /Users/buddhirajgautam/Library/Developer/Xcode/DerivedData/Telegram-Mac-fygdgghdgmuleoelvxabfmqiotta/Build/Intermediates.noindex/Sparkle.build/Debug/Autoupdate.build/Objects-normal/x86_64/SUFileOperationConstants.dia -c /Users/buddhirajgautam/Documents/Cherrygram-Mac/macOS-Swift/submodules/Sparkle/fileop/SUFileOperationConstants.m -o /Users/buddhirajgautam/Library/Developer/Xcode/DerivedData/Telegram-Mac-fygdgghdgmuleoelvxabfmqiotta/Build/Intermediates.noindex/Sparkle.build/Debug/Autoupdate.build/Objects-normal/x86_64/SUFileOperationConstants.o
clang: warning: no such include directory: '/Users/buddhirajgautam/Library/Developer/Xcode/DerivedData/Telegram-Mac-fygdgghdgmuleoelvxabfmqiotta/Build/Products/Debug/include' [-Wmissing-include-dirs]
clang: warning: no such include directory: '/Users/buddhirajgautam/Library/Developer/Xcode/DerivedData/Telegram-Mac-fygdgghdgmuleoelvxabfmqiotta/Build/Intermediates.noindex/Sparkle.build/Debug/Autoupdate.build/DerivedSources-normal/x86_64' [-Wmissing-include-dirs]
clang: warning: no such include directory: '/Users/buddhirajgautam/Library/Developer/Xcode/DerivedData/Telegram-Mac-fygdgghdgmuleoelvxabfmqiotta/Build/Intermediates.noindex/Sparkle.build/Debug/Autoupdate.build/DerivedSources/x86_64' [-Wmissing-include-dirs]
clang: warning: no such include directory: '/Users/buddhirajgautam/Library/Developer/Xcode/DerivedData/Telegram-Mac-fygdgghdgmuleoelvxabfmqiotta/Build/Intermediates.noindex/Sparkle.build/Debug/Autoupdate.build/DerivedSources' [-Wmissing-include-dirs]

CompileC /Users/buddhirajgautam/Library/Developer/Xcode/DerivedData/Telegram-Mac-fygdgghdgmuleoelvxabfmqiotta/Build/Intermediates.noindex/Sparkle.build/Debug/Autoupdate.build/Objects-normal/x86_64/SUFileManager.o /Users/buddhirajgautam/Documents/Cherrygram-Mac/macOS-Swift/submodules/Sparkle/Sparkle/SUFileManager.m normal x86_64 objective-c com.apple.compilers.llvm.clang.1_0.compiler (in target 'Autoupdate' from project 'Sparkle')
    cd /Users/buddhirajgautam/Documents/Cherrygram-Mac/macOS-Swift/submodules/Sparkle
    
    Using response file: /Users/buddhirajgautam/Library/Developer/Xcode/DerivedData/Telegram-Mac-fygdgghdgmuleoelvxabfmqiotta/Build/Intermediates.noindex/Sparkle.build/Debug/Autoupdate.build/Objects-normal/x86_64/e6072d4f65d7061329687fe24e3d63a7-common-args.resp
    
    /Applications/Xcode.app/Contents/Developer/Toolchains/XcodeDefault.xctoolchain/usr/bin/clang -x objective-c -ivfsstatcache /Users/buddhirajgautam/Library/Developer/Xcode/DerivedData/SDKStatCaches.noindex/macosx27.0-26A425-e829b21a6f8c9b70876ba0858053c0447231f6df4def33e022ae2eb8f782df1a.sdkstatcache -target x86_64-apple-macos12.0 -fmessage-length\=0 -fdiagnostics-show-note-include-stack -fmacro-backtrace-limit\=0 -fno-color-diagnostics -Wno-trigraphs -Werror\=incompatible-pointer-types -Werror\=implicit-function-declaration -Wmissing-field-initializers -Wmissing-prototypes -Wdocumentation -Wunreachable-code -Wimplicit-atomic-properties -Wno-objc-interface-ivars -Wobjc-missing-property-synthesis -Warc-repeated-use-of-weak -Wno-arc-maybe-repeated-use-of-weak -Wexplicit-ownership-type -Wimplicit-retain-self -Wduplicate-method-match -Wmissing-braces -Wparentheses -Wswitch -Wunused-function -Wunused-label -Wunused-parameter -Wunused-variable -Wunused-value -Wempty-body -Wuninitialized -Wunknown-pragmas -Wshadow -Wfour-char-constants -Wconversion -Wconstant-conversion -Wint-conversion -Wbool-conversion -Wenum-conversion -Wfloat-conversion -Wnon-literal-null-conversion -Wobjc-literal-conversion -Wassign-enum -Wsign-compare -Wshorten-64-to-32 -Wpointer-sign -Wnewline-eof -Wselector -Wstrict-selector-match -Wundeclared-selector -Wdeprecated-implementations -Wno-implicit-fallthrough -isysroot /Applications/Xcode.app/Contents/Developer/Platforms/MacOSX.platform/Developer/SDKs/MacOSX27.0.sdk -fstrict-aliasing -Wprotocol -Wdeprecated-declarations -Wsign-conversion -Winfinite-recursion -Wcomma -Wblock-capture-autoreleasing -Wstrict-prototypes -Wno-semicolon-before-method-body -Wall -Weverything -Wno-unused-macros -Wno-gnu-statement-expression -Wno-arc-repeated-use-of-weak -Wno-auto-import -Wno-gnu-zero-variadic-macro-arguments -Wno-custom-atomic-properties -Wno-implicit-atomic-properties @/Users/buddhirajgautam/Library/Developer/Xcode/DerivedData/Telegram-Mac-fygdgghdgmuleoelvxabfmqiotta/Build/Intermediates.noindex/Sparkle.build/Debug/Autoupdate.build/Objects-normal/x86_64/e6072d4f65d7061329687fe24e3d63a7-common-args.resp -MMD -MT dependencies -MF /Users/buddhirajgautam/Library/Developer/Xcode/DerivedData/Telegram-Mac-fygdgghdgmuleoelvxabfmqiotta/Build/Intermediates.noindex/Sparkle.build/Debug/Autoupdate.build/Objects-normal/x86_64/SUFileManager.d --serialize-diagnostics /Users/buddhirajgautam/Library/Developer/Xcode/DerivedData/Telegram-Mac-fygdgghdgmuleoelvxabfmqiotta/Build/Intermediates.noindex/Sparkle.build/Debug/Autoupdate.build/Objects-normal/x86_64/SUFileManager.dia -c /Users/buddhirajgautam/Documents/Cherrygram-Mac/macOS-Swift/submodules/Sparkle/Sparkle/SUFileManager.m -o /Users/buddhirajgautam/Library/Developer/Xcode/DerivedData/Telegram-Mac-fygdgghdgmuleoelvxabfmqiotta/Build/Intermediates.noindex/Sparkle.build/Debug/Autoupdate.build/Objects-normal/x86_64/SUFileManager.o
clang: warning: no such include directory: '/Users/buddhirajgautam/Library/Developer/Xcode/DerivedData/Telegram-Mac-fygdgghdgmuleoelvxabfmqiotta/Build/Products/Debug/include' [-Wmissing-include-dirs]
clang: warning: no such include directory: '/Users/buddhirajgautam/Library/Developer/Xcode/DerivedData/Telegram-Mac-fygdgghdgmuleoelvxabfmqiotta/Build/Intermediates.noindex/Sparkle.build/Debug/Autoupdate.build/DerivedSources-normal/x86_64' [-Wmissing-include-dirs]
clang: warning: no such include directory: '/Users/buddhirajgautam/Library/Developer/Xcode/DerivedData/Telegram-Mac-fygdgghdgmuleoelvxabfmqiotta/Build/Intermediates.noindex/Sparkle.build/Debug/Autoupdate.build/DerivedSources/x86_64' [-Wmissing-include-dirs]
clang: warning: no such include directory: '/Users/buddhirajgautam/Library/Developer/Xcode/DerivedData/Telegram-Mac-fygdgghdgmuleoelvxabfmqiotta/Build/Intermediates.noindex/Sparkle.build/Debug/Autoupdate.build/DerivedSources' [-Wmissing-include-dirs]
/Users/buddhirajgautam/Documents/Cherrygram-Mac/macOS-Swift/submodules/Sparkle/Sparkle/SUFileManager.m:35:14: warning: mixing declarations and code is incompatible with standards before C99 [-Wdeclaration-after-statement]
   35 |     OSStatus makeResult = FSPathMakeRefWithOptions((const UInt8 *)path, kFSPathMakeRefDoNotFollowLeafSymlink, ref, NULL);
      |              ^
/Users/buddhirajgautam/Documents/Cherrygram-Mac/macOS-Swift/submodules/Sparkle/Sparkle/SUFileManager.m:104:14: warning: mixing declarations and code is incompatible with standards before C99 [-Wdeclaration-after-statement]
  104 |     OSStatus createStatus = AuthorizationCreate(NULL, kAuthorizationEmptyEnvironment, kAuthorizationFlagDefaults, &_auth);
      |              ^
/Users/buddhirajgautam/Documents/Cherrygram-Mac/macOS-Swift/submodules/Sparkle/Sparkle/SUFileManager.m:160:11: warning: mixing declarations and code is incompatible with standards before C99 [-Wdeclaration-after-statement]
  160 |     char *arguments[] = { command, sourcePath, destinationPath, NULL };
      |           ^
/Users/buddhirajgautam/Documents/Cherrygram-Mac/macOS-Swift/submodules/Sparkle/Sparkle/SUFileManager.m:227:21: warning: implicit conversion when initializing 'const char *' with an expression of type 'const void *' is not permitted in C++ [-Wimplicit-void-ptr-cast]
  227 |         const char *bytes = data.bytes;
      |                     ^       ~~~~~~~~~~
/Users/buddhirajgautam/Documents/Cherrygram-Mac/macOS-Swift/submodules/Sparkle/Sparkle/SUFileManager.m:232:27: warning: mixing declarations and code is incompatible with standards before C99 [-Wdeclaration-after-statement]
  232 |                 NSString *fullLine = [[NSString alloc] initWithData:line encoding:NSUTF8StringEncoding];
      |                           ^
/Users/buddhirajgautam/Documents/Cherrygram-Mac/macOS-Swift/submodules/Sparkle/Sparkle/SUFileManager.m:227:21: warning: mixing declarations and code is incompatible with standards before C99 [-Wdeclaration-after-statement]
  227 |         const char *bytes = data.bytes;
      |                     ^
/Users/buddhirajgautam/Documents/Cherrygram-Mac/macOS-Swift/submodules/Sparkle/Sparkle/SUFileManager.m:266:19: warning: mixing declarations and code is incompatible with standards before C99 [-Wdeclaration-after-statement]
  266 |     NSDictionary *attributes = [_fileManager attributesOfItemAtPath:path error:NULL];
      |                   ^
/Users/buddhirajgautam/Documents/Cherrygram-Mac/macOS-Swift/submodules/Sparkle/Sparkle/SUFileManager.m:314:10: warning: mixing declarations and code is incompatible with standards before C99 [-Wdeclaration-after-statement]
  314 |     char path[PATH_MAX] = {0};
      |          ^
/Users/buddhirajgautam/Documents/Cherrygram-Mac/macOS-Swift/submodules/Sparkle/Sparkle/SUFileManager.m:342:12: warning: mixing declarations and code is incompatible with standards before C99 [-Wdeclaration-after-statement]
  342 |     BOOL (^releasingQuarantineRequiredAuthentication)(NSURL *, BOOL *, BOOL *) = ^(NSURL *fileURL, BOOL *didReleaseQuarantine, BOOL *success) {
      |            ^
/Users/buddhirajgautam/Documents/Cherrygram-Mac/macOS-Swift/submodules/Sparkle/Sparkle/SUFileManager.m:479:11: warning: mixing declarations and code is incompatible with standards before C99 [-Wdeclaration-after-statement]
  479 |     FSRef sourceRef;
      |           ^
/Users/buddhirajgautam/Documents/Cherrygram-Mac/macOS-Swift/submodules/Sparkle/Sparkle/SUFileManager.m:549:19: warning: mixing declarations and code is incompatible with standards before C99 [-Wdeclaration-after-statement]
  549 |     FSCatalogInfo catalogInfo;
      |                   ^
/Users/buddhirajgautam/Documents/Cherrygram-Mac/macOS-Swift/submodules/Sparkle/Sparkle/SUFileManager.m:574:12: warning: mixing declarations and code is incompatible with standards before C99 [-Wdeclaration-after-statement]
  574 |     NSURL *destinationURLParent = destinationURL.URLByDeletingLastPathComponent;
      |            ^
/Users/buddhirajgautam/Documents/Cherrygram-Mac/macOS-Swift/submodules/Sparkle/Sparkle/SUFileManager.m:656:9: warning: mixing declarations and code is incompatible with standards before C99 [-Wdeclaration-after-statement]
  656 |     int fileDescriptor = open(path, O_RDONLY | O_SYMLINK);
      |         ^
/Users/buddhirajgautam/Documents/Cherrygram-Mac/macOS-Swift/submodules/Sparkle/Sparkle/SUFileManager.m:701:14: warning: mixing declarations and code is incompatible with standards before C99 [-Wdeclaration-after-statement]
  701 |     NSError *matchFileAttributesError = nil;
      |              ^
/Users/buddhirajgautam/Documents/Cherrygram-Mac/macOS-Swift/submodules/Sparkle/Sparkle/SUFileManager.m:814:10: warning: mixing declarations and code is incompatible with standards before C99 [-Wdeclaration-after-statement]
  814 |     char path[PATH_MAX] = {0};
      |          ^
/Users/buddhirajgautam/Documents/Cherrygram-Mac/macOS-Swift/submodules/Sparkle/Sparkle/SUFileManager.m:869:12: warning: mixing declarations and code is incompatible with standards before C99 [-Wdeclaration-after-statement]
  869 |     NSURL *parentURL = [url URLByDeletingLastPathComponent];
      |            ^
/Users/buddhirajgautam/Documents/Cherrygram-Mac/macOS-Swift/submodules/Sparkle/Sparkle/SUFileManager.m:924:12: warning: mixing declarations and code is incompatible with standards before C99 [-Wdeclaration-after-statement]
  924 |     NSURL *desiredURL = [directoryURL URLByAppendingPathComponent:preferredName];
      |            ^
/Users/buddhirajgautam/Documents/Cherrygram-Mac/macOS-Swift/submodules/Sparkle/Sparkle/SUFileManager.m:942:14: warning: mixing declarations and code is incompatible with standards before C99 [-Wdeclaration-after-statement]
  942 |     NSError *removeError = nil;
      |              ^
/Users/buddhirajgautam/Documents/Cherrygram-Mac/macOS-Swift/submodules/Sparkle/Sparkle/SUFileManager.m:984:10: warning: mixing declarations and code is incompatible with standards before C99 [-Wdeclaration-after-statement]
  984 |     char path[PATH_MAX] = {0};
      |          ^
19 warnings generated.

CompileC /Users/buddhirajgautam/Library/Developer/Xcode/DerivedData/Telegram-Mac-fygdgghdgmuleoelvxabfmqiotta/Build/Intermediates.noindex/Sparkle.build/Debug/Autoupdate.build/Objects-normal/x86_64/SUConstants.o /Users/buddhirajgautam/Documents/Cherrygram-Mac/macOS-Swift/submodules/Sparkle/Sparkle/SUConstants.m normal x86_64 objective-c com.apple.compilers.llvm.clang.1_0.compiler (in target 'Autoupdate' from project 'Sparkle')
    cd /Users/buddhirajgautam/Documents/Cherrygram-Mac/macOS-Swift/submodules/Sparkle
    
    Using response file: /Users/buddhirajgautam/Library/Developer/Xcode/DerivedData/Telegram-Mac-fygdgghdgmuleoelvxabfmqiotta/Build/Intermediates.noindex/Sparkle.build/Debug/Autoupdate.build/Objects-normal/x86_64/e6072d4f65d7061329687fe24e3d63a7-common-args.resp
    
    /Applications/Xcode.app/Contents/Developer/Toolchains/XcodeDefault.xctoolchain/usr/bin/clang -x objective-c -ivfsstatcache /Users/buddhirajgautam/Library/Developer/Xcode/DerivedData/SDKStatCaches.noindex/macosx27.0-26A425-e829b21a6f8c9b70876ba0858053c0447231f6df4def33e022ae2eb8f782df1a.sdkstatcache -target x86_64-apple-macos12.0 -fmessage-length\=0 -fdiagnostics-show-note-include-stack -fmacro-backtrace-limit\=0 -fno-color-diagnostics -Wno-trigraphs -Werror\=incompatible-pointer-types -Werror\=implicit-function-declaration -Wmissing-field-initializers -Wmissing-prototypes -Wdocumentation -Wunreachable-code -Wimplicit-atomic-properties -Wno-objc-interface-ivars -Wobjc-missing-property-synthesis -Warc-repeated-use-of-weak -Wno-arc-maybe-repeated-use-of-weak -Wexplicit-ownership-type -Wimplicit-retain-self -Wduplicate-method-match -Wmissing-braces -Wparentheses -Wswitch -Wunused-function -Wunused-label -Wunused-parameter -Wunused-variable -Wunused-value -Wempty-body -Wuninitialized -Wunknown-pragmas -Wshadow -Wfour-char-constants -Wconversion -Wconstant-conversion -Wint-conversion -Wbool-conversion -Wenum-conversion -Wfloat-conversion -Wnon-literal-null-conversion -Wobjc-literal-conversion -Wassign-enum -Wsign-compare -Wshorten-64-to-32 -Wpointer-sign -Wnewline-eof -Wselector -Wstrict-selector-match -Wundeclared-selector -Wdeprecated-implementations -Wno-implicit-fallthrough -isysroot /Applications/Xcode.app/Contents/Developer/Platforms/MacOSX.platform/Developer/SDKs/MacOSX27.0.sdk -fstrict-aliasing -Wprotocol -Wdeprecated-declarations -Wsign-conversion -Winfinite-recursion -Wcomma -Wblock-capture-autoreleasing -Wstrict-prototypes -Wno-semicolon-before-method-body -Wall -Weverything -Wno-unused-macros -Wno-gnu-statement-expression -Wno-arc-repeated-use-of-weak -Wno-auto-import -Wno-gnu-zero-variadic-macro-arguments -Wno-custom-atomic-properties -Wno-implicit-atomic-properties @/Users/buddhirajgautam/Library/Developer/Xcode/DerivedData/Telegram-Mac-fygdgghdgmuleoelvxabfmqiotta/Build/Intermediates.noindex/Sparkle.build/Debug/Autoupdate.build/Objects-normal/x86_64/e6072d4f65d7061329687fe24e3d63a7-common-args.resp -MMD -MT dependencies -MF /Users/buddhirajgautam/Library/Developer/Xcode/DerivedData/Telegram-Mac-fygdgghdgmuleoelvxabfmqiotta/Build/Intermediates.noindex/Sparkle.build/Debug/Autoupdate.build/Objects-normal/x86_64/SUConstants.d --serialize-diagnostics /Users/buddhirajgautam/Library/Developer/Xcode/DerivedData/Telegram-Mac-fygdgghdgmuleoelvxabfmqiotta/Build/Intermediates.noindex/Sparkle.build/Debug/Autoupdate.build/Objects-normal/x86_64/SUConstants.dia -c /Users/buddhirajgautam/Documents/Cherrygram-Mac/macOS-Swift/submodules/Sparkle/Sparkle/SUConstants.m -o /Users/buddhirajgautam/Library/Developer/Xcode/DerivedData/Telegram-Mac-fygdgghdgmuleoelvxabfmqiotta/Build/Intermediates.noindex/Sparkle.build/Debug/Autoupdate.build/Objects-normal/x86_64/SUConstants.o
clang: warning: no such include directory: '/Users/buddhirajgautam/Library/Developer/Xcode/DerivedData/Telegram-Mac-fygdgghdgmuleoelvxabfmqiotta/Build/Products/Debug/include' [-Wmissing-include-dirs]
clang: warning: no such include directory: '/Users/buddhirajgautam/Library/Developer/Xcode/DerivedData/Telegram-Mac-fygdgghdgmuleoelvxabfmqiotta/Build/Intermediates.noindex/Sparkle.build/Debug/Autoupdate.build/DerivedSources-normal/x86_64' [-Wmissing-include-dirs]
clang: warning: no such include directory: '/Users/buddhirajgautam/Library/Developer/Xcode/DerivedData/Telegram-Mac-fygdgghdgmuleoelvxabfmqiotta/Build/Intermediates.noindex/Sparkle.build/Debug/Autoupdate.build/DerivedSources/x86_64' [-Wmissing-include-dirs]
clang: warning: no such include directory: '/Users/buddhirajgautam/Library/Developer/Xcode/DerivedData/Telegram-Mac-fygdgghdgmuleoelvxabfmqiotta/Build/Intermediates.noindex/Sparkle.build/Debug/Autoupdate.build/DerivedSources' [-Wmissing-include-dirs]

CompileC /Users/buddhirajgautam/Library/Developer/Xcode/DerivedData/Telegram-Mac-fygdgghdgmuleoelvxabfmqiotta/Build/Intermediates.noindex/Sparkle.build/Debug/Autoupdate.build/Objects-normal/x86_64/SUCodeSigningVerifier.o /Users/buddhirajgautam/Documents/Cherrygram-Mac/macOS-Swift/submodules/Sparkle/Sparkle/SUCodeSigningVerifier.m normal x86_64 objective-c com.apple.compilers.llvm.clang.1_0.compiler (in target 'Autoupdate' from project 'Sparkle')
    cd /Users/buddhirajgautam/Documents/Cherrygram-Mac/macOS-Swift/submodules/Sparkle
    
    Using response file: /Users/buddhirajgautam/Library/Developer/Xcode/DerivedData/Telegram-Mac-fygdgghdgmuleoelvxabfmqiotta/Build/Intermediates.noindex/Sparkle.build/Debug/Autoupdate.build/Objects-normal/x86_64/e6072d4f65d7061329687fe24e3d63a7-common-args.resp
    
    /Applications/Xcode.app/Contents/Developer/Toolchains/XcodeDefault.xctoolchain/usr/bin/clang -x objective-c -ivfsstatcache /Users/buddhirajgautam/Library/Developer/Xcode/DerivedData/SDKStatCaches.noindex/macosx27.0-26A425-e829b21a6f8c9b70876ba0858053c0447231f6df4def33e022ae2eb8f782df1a.sdkstatcache -target x86_64-apple-macos12.0 -fmessage-length\=0 -fdiagnostics-show-note-include-stack -fmacro-backtrace-limit\=0 -fno-color-diagnostics -Wno-trigraphs -Werror\=incompatible-pointer-types -Werror\=implicit-function-declaration -Wmissing-field-initializers -Wmissing-prototypes -Wdocumentation -Wunreachable-code -Wimplicit-atomic-properties -Wno-objc-interface-ivars -Wobjc-missing-property-synthesis -Warc-repeated-use-of-weak -Wno-arc-maybe-repeated-use-of-weak -Wexplicit-ownership-type -Wimplicit-retain-self -Wduplicate-method-match -Wmissing-braces -Wparentheses -Wswitch -Wunused-function -Wunused-label -Wunused-parameter -Wunused-variable -Wunused-value -Wempty-body -Wuninitialized -Wunknown-pragmas -Wshadow -Wfour-char-constants -Wconversion -Wconstant-conversion -Wint-conversion -Wbool-conversion -Wenum-conversion -Wfloat-conversion -Wnon-literal-null-conversion -Wobjc-literal-conversion -Wassign-enum -Wsign-compare -Wshorten-64-to-32 -Wpointer-sign -Wnewline-eof -Wselector -Wstrict-selector-match -Wundeclared-selector -Wdeprecated-implementations -Wno-implicit-fallthrough -isysroot /Applications/Xcode.app/Contents/Developer/Platforms/MacOSX.platform/Developer/SDKs/MacOSX27.0.sdk -fstrict-aliasing -Wprotocol -Wdeprecated-declarations -Wsign-conversion -Winfinite-recursion -Wcomma -Wblock-capture-autoreleasing -Wstrict-prototypes -Wno-semicolon-before-method-body -Wall -Weverything -Wno-unused-macros -Wno-gnu-statement-expression -Wno-arc-repeated-use-of-weak -Wno-auto-import -Wno-gnu-zero-variadic-macro-arguments -Wno-custom-atomic-properties -Wno-implicit-atomic-properties @/Users/buddhirajgautam/Library/Developer/Xcode/DerivedData/Telegram-Mac-fygdgghdgmuleoelvxabfmqiotta/Build/Intermediates.noindex/Sparkle.build/Debug/Autoupdate.build/Objects-normal/x86_64/e6072d4f65d7061329687fe24e3d63a7-common-args.resp -MMD -MT dependencies -MF /Users/buddhirajgautam/Library/Developer/Xcode/DerivedData/Telegram-Mac-fygdgghdgmuleoelvxabfmqiotta/Build/Intermediates.noindex/Sparkle.build/Debug/Autoupdate.build/Objects-normal/x86_64/SUCodeSigningVerifier.d --serialize-diagnostics /Users/buddhirajgautam/Library/Developer/Xcode/DerivedData/Telegram-Mac-fygdgghdgmuleoelvxabfmqiotta/Build/Intermediates.noindex/Sparkle.build/Debug/Autoupdate.build/Objects-normal/x86_64/SUCodeSigningVerifier.dia -c /Users/buddhirajgautam/Documents/Cherrygram-Mac/macOS-Swift/submodules/Sparkle/Sparkle/SUCodeSigningVerifier.m -o /Users/buddhirajgautam/Library/Developer/Xcode/DerivedData/Telegram-Mac-fygdgghdgmuleoelvxabfmqiotta/Build/Intermediates.noindex/Sparkle.build/Debug/Autoupdate.build/Objects-normal/x86_64/SUCodeSigningVerifier.o
clang: warning: no such include directory: '/Users/buddhirajgautam/Library/Developer/Xcode/DerivedData/Telegram-Mac-fygdgghdgmuleoelvxabfmqiotta/Build/Products/Debug/include' [-Wmissing-include-dirs]
clang: warning: no such include directory: '/Users/buddhirajgautam/Library/Developer/Xcode/DerivedData/Telegram-Mac-fygdgghdgmuleoelvxabfmqiotta/Build/Intermediates.noindex/Sparkle.build/Debug/Autoupdate.build/DerivedSources-normal/x86_64' [-Wmissing-include-dirs]
clang: warning: no such include directory: '/Users/buddhirajgautam/Library/Developer/Xcode/DerivedData/Telegram-Mac-fygdgghdgmuleoelvxabfmqiotta/Build/Intermediates.noindex/Sparkle.build/Debug/Autoupdate.build/DerivedSources/x86_64' [-Wmissing-include-dirs]
clang: warning: no such include directory: '/Users/buddhirajgautam/Library/Developer/Xcode/DerivedData/Telegram-Mac-fygdgghdgmuleoelvxabfmqiotta/Build/Intermediates.noindex/Sparkle.build/Debug/Autoupdate.build/DerivedSources' [-Wmissing-include-dirs]
/Users/buddhirajgautam/Documents/Cherrygram-Mac/macOS-Swift/submodules/Sparkle/Sparkle/SUCodeSigningVerifier.m:51:57: warning: bitwise operation between different enumeration types ('enum SecCSFlags' and 'enum (unnamed at /Applications/Xcode.app/Contents/Developer/Platforms/MacOSX.platform/Developer/SDKs/MacOSX27.0.sdk/System/Library/Frameworks/Security.framework/Headers/SecStaticCode.h:175:1)') [-Wanon-enum-enum-conversion]
   51 |     SecCSFlags flags = (SecCSFlags) (kSecCSDefaultFlags | kSecCSCheckAllArchitectures);
      |                                      ~~~~~~~~~~~~~~~~~~ ^ ~~~~~~~~~~~~~~~~~~~~~~~~~~~
/Users/buddhirajgautam/Documents/Cherrygram-Mac/macOS-Swift/submodules/Sparkle/Sparkle/SUCodeSigningVerifier.m:51:16: warning: mixing declarations and code is incompatible with standards before C99 [-Wdeclaration-after-statement]
   51 |     SecCSFlags flags = (SecCSFlags) (kSecCSDefaultFlags | kSecCSCheckAllArchitectures);
      |                ^
/Users/buddhirajgautam/Documents/Cherrygram-Mac/macOS-Swift/submodules/Sparkle/Sparkle/SUCodeSigningVerifier.m:44:9: warning: jump from this goto statement to its label is incompatible with C++ [-Wjump-misses-init]
   44 |         goto finally;
      |         ^
/Users/buddhirajgautam/Documents/Cherrygram-Mac/macOS-Swift/submodules/Sparkle/Sparkle/SUCodeSigningVerifier.m:51:16: note: jump bypasses variable initialization
   51 |     SecCSFlags flags = (SecCSFlags) (kSecCSDefaultFlags | kSecCSCheckAllArchitectures);
      |                ^
/Users/buddhirajgautam/Documents/Cherrygram-Mac/macOS-Swift/submodules/Sparkle/Sparkle/SUCodeSigningVerifier.m:38:9: warning: jump from this goto statement to its label is incompatible with C++ [-Wjump-misses-init]
   38 |         goto finally;
      |         ^
/Users/buddhirajgautam/Documents/Cherrygram-Mac/macOS-Swift/submodules/Sparkle/Sparkle/SUCodeSigningVerifier.m:51:16: note: jump bypasses variable initialization
   51 |     SecCSFlags flags = (SecCSFlags) (kSecCSDefaultFlags | kSecCSCheckAllArchitectures);
      |                ^
/Users/buddhirajgautam/Documents/Cherrygram-Mac/macOS-Swift/submodules/Sparkle/Sparkle/SUCodeSigningVerifier.m:98:57: warning: bitwise operation between different enumeration types ('enum SecCSFlags' and 'enum (unnamed at /Applications/Xcode.app/Contents/Developer/Platforms/MacOSX.platform/Developer/SDKs/MacOSX27.0.sdk/System/Library/Frameworks/Security.framework/Headers/SecStaticCode.h:175:1)') [-Wanon-enum-enum-conversion]
   98 |     SecCSFlags flags = (SecCSFlags) (kSecCSDefaultFlags | kSecCSCheckAllArchitectures);
      |                                      ~~~~~~~~~~~~~~~~~~ ^ ~~~~~~~~~~~~~~~~~~~~~~~~~~~
/Users/buddhirajgautam/Documents/Cherrygram-Mac/macOS-Swift/submodules/Sparkle/Sparkle/SUCodeSigningVerifier.m:98:16: warning: mixing declarations and code is incompatible with standards before C99 [-Wdeclaration-after-statement]
   98 |     SecCSFlags flags = (SecCSFlags) (kSecCSDefaultFlags | kSecCSCheckAllArchitectures);
      |                ^
/Users/buddhirajgautam/Documents/Cherrygram-Mac/macOS-Swift/submodules/Sparkle/Sparkle/SUCodeSigningVerifier.m:94:9: warning: jump from this goto statement to its label is incompatible with C++ [-Wjump-misses-init]
   94 |         goto finally;
      |         ^
/Users/buddhirajgautam/Documents/Cherrygram-Mac/macOS-Swift/submodules/Sparkle/Sparkle/SUCodeSigningVerifier.m:98:16: note: jump bypasses variable initialization
   98 |     SecCSFlags flags = (SecCSFlags) (kSecCSDefaultFlags | kSecCSCheckAllArchitectures);
      |                ^
/Users/buddhirajgautam/Documents/Cherrygram-Mac/macOS-Swift/submodules/Sparkle/Sparkle/SUCodeSigningVerifier.m:148:23: warning: mixing declarations and code is incompatible with standards before C99 [-Wdeclaration-after-statement]
  148 |         NSDictionary *infoPlist = [signingDict objectForKey:@"info-plist"];
      |                       ^
/Users/buddhirajgautam/Documents/Cherrygram-Mac/macOS-Swift/submodules/Sparkle/Sparkle/SUCodeSigningVerifier.m:171:23: warning: mixing declarations and code is incompatible with standards before C99 [-Wdeclaration-after-statement]
  171 |     SecRequirementRef requirement = NULL;
      |                       ^
9 warnings generated.

CompileC /Users/buddhirajgautam/Library/Developer/Xcode/DerivedData/Telegram-Mac-fygdgghdgmuleoelvxabfmqiotta/Build/Intermediates.noindex/Sparkle.build/Debug/Autoupdate.build/Objects-normal/x86_64/SUBundleIcon.o /Users/buddhirajgautam/Documents/Cherrygram-Mac/macOS-Swift/submodules/Sparkle/Sparkle/SUBundleIcon.m normal x86_64 objective-c com.apple.compilers.llvm.clang.1_0.compiler (in target 'Autoupdate' from project 'Sparkle')
    cd /Users/buddhirajgautam/Documents/Cherrygram-Mac/macOS-Swift/submodules/Sparkle
    
    Using response file: /Users/buddhirajgautam/Library/Developer/Xcode/DerivedData/Telegram-Mac-fygdgghdgmuleoelvxabfmqiotta/Build/Intermediates.noindex/Sparkle.build/Debug/Autoupdate.build/Objects-normal/x86_64/e6072d4f65d7061329687fe24e3d63a7-common-args.resp
    
    /Applications/Xcode.app/Contents/Developer/Toolchains/XcodeDefault.xctoolchain/usr/bin/clang -x objective-c -ivfsstatcache /Users/buddhirajgautam/Library/Developer/Xcode/DerivedData/SDKStatCaches.noindex/macosx27.0-26A425-e829b21a6f8c9b70876ba0858053c0447231f6df4def33e022ae2eb8f782df1a.sdkstatcache -target x86_64-apple-macos12.0 -fmessage-length\=0 -fdiagnostics-show-note-include-stack -fmacro-backtrace-limit\=0 -fno-color-diagnostics -Wno-trigraphs -Werror\=incompatible-pointer-types -Werror\=implicit-function-declaration -Wmissing-field-initializers -Wmissing-prototypes -Wdocumentation -Wunreachable-code -Wimplicit-atomic-properties -Wno-objc-interface-ivars -Wobjc-missing-property-synthesis -Warc-repeated-use-of-weak -Wno-arc-maybe-repeated-use-of-weak -Wexplicit-ownership-type -Wimplicit-retain-self -Wduplicate-method-match -Wmissing-braces -Wparentheses -Wswitch -Wunused-function -Wunused-label -Wunused-parameter -Wunused-variable -Wunused-value -Wempty-body -Wuninitialized -Wunknown-pragmas -Wshadow -Wfour-char-constants -Wconversion -Wconstant-conversion -Wint-conversion -Wbool-conversion -Wenum-conversion -Wfloat-conversion -Wnon-literal-null-conversion -Wobjc-literal-conversion -Wassign-enum -Wsign-compare -Wshorten-64-to-32 -Wpointer-sign -Wnewline-eof -Wselector -Wstrict-selector-match -Wundeclared-selector -Wdeprecated-implementations -Wno-implicit-fallthrough -isysroot /Applications/Xcode.app/Contents/Developer/Platforms/MacOSX.platform/Developer/SDKs/MacOSX27.0.sdk -fstrict-aliasing -Wprotocol -Wdeprecated-declarations -Wsign-conversion -Winfinite-recursion -Wcomma -Wblock-capture-autoreleasing -Wstrict-prototypes -Wno-semicolon-before-method-body -Wall -Weverything -Wno-unused-macros -Wno-gnu-statement-expression -Wno-arc-repeated-use-of-weak -Wno-auto-import -Wno-gnu-zero-variadic-macro-arguments -Wno-custom-atomic-properties -Wno-implicit-atomic-properties @/Users/buddhirajgautam/Library/Developer/Xcode/DerivedData/Telegram-Mac-fygdgghdgmuleoelvxabfmqiotta/Build/Intermediates.noindex/Sparkle.build/Debug/Autoupdate.build/Objects-normal/x86_64/e6072d4f65d7061329687fe24e3d63a7-common-args.resp -MMD -MT dependencies -MF /Users/buddhirajgautam/Library/Developer/Xcode/DerivedData/Telegram-Mac-fygdgghdgmuleoelvxabfmqiotta/Build/Intermediates.noindex/Sparkle.build/Debug/Autoupdate.build/Objects-normal/x86_64/SUBundleIcon.d --serialize-diagnostics /Users/buddhirajgautam/Library/Developer/Xcode/DerivedData/Telegram-Mac-fygdgghdgmuleoelvxabfmqiotta/Build/Intermediates.noindex/Sparkle.build/Debug/Autoupdate.build/Objects-normal/x86_64/SUBundleIcon.dia -c /Users/buddhirajgautam/Documents/Cherrygram-Mac/macOS-Swift/submodules/Sparkle/Sparkle/SUBundleIcon.m -o /Users/buddhirajgautam/Library/Developer/Xcode/DerivedData/Telegram-Mac-fygdgghdgmuleoelvxabfmqiotta/Build/Intermediates.noindex/Sparkle.build/Debug/Autoupdate.build/Objects-normal/x86_64/SUBundleIcon.o
clang: warning: no such include directory: '/Users/buddhirajgautam/Library/Developer/Xcode/DerivedData/Telegram-Mac-fygdgghdgmuleoelvxabfmqiotta/Build/Products/Debug/include' [-Wmissing-include-dirs]
clang: warning: no such include directory: '/Users/buddhirajgautam/Library/Developer/Xcode/DerivedData/Telegram-Mac-fygdgghdgmuleoelvxabfmqiotta/Build/Intermediates.noindex/Sparkle.build/Debug/Autoupdate.build/DerivedSources-normal/x86_64' [-Wmissing-include-dirs]
clang: warning: no such include directory: '/Users/buddhirajgautam/Library/Developer/Xcode/DerivedData/Telegram-Mac-fygdgghdgmuleoelvxabfmqiotta/Build/Intermediates.noindex/Sparkle.build/Debug/Autoupdate.build/DerivedSources/x86_64' [-Wmissing-include-dirs]
clang: warning: no such include directory: '/Users/buddhirajgautam/Library/Developer/Xcode/DerivedData/Telegram-Mac-fygdgghdgmuleoelvxabfmqiotta/Build/Intermediates.noindex/Sparkle.build/Debug/Autoupdate.build/DerivedSources' [-Wmissing-include-dirs]
/Users/buddhirajgautam/Documents/Cherrygram-Mac/macOS-Swift/submodules/Sparkle/Sparkle/SUBundleIcon.m:25:12: warning: mixing declarations and code is incompatible with standards before C99 [-Wdeclaration-after-statement]
   25 |     NSURL *iconURL = [host.bundle URLForResource:resource withExtension:@"icns"];
      |            ^
1 warning generated.

CompileC /Users/buddhirajgautam/Library/Developer/Xcode/DerivedData/Telegram-Mac-fygdgghdgmuleoelvxabfmqiotta/Build/Intermediates.noindex/Sparkle.build/Debug/Autoupdate.build/Objects-normal/x86_64/SUApplicationInfo.o /Users/buddhirajgautam/Documents/Cherrygram-Mac/macOS-Swift/submodules/Sparkle/Sparkle/SUApplicationInfo.m normal x86_64 objective-c com.apple.compilers.llvm.clang.1_0.compiler (in target 'Autoupdate' from project 'Sparkle')
    cd /Users/buddhirajgautam/Documents/Cherrygram-Mac/macOS-Swift/submodules/Sparkle
    
    Using response file: /Users/buddhirajgautam/Library/Developer/Xcode/DerivedData/Telegram-Mac-fygdgghdgmuleoelvxabfmqiotta/Build/Intermediates.noindex/Sparkle.build/Debug/Autoupdate.build/Objects-normal/x86_64/e6072d4f65d7061329687fe24e3d63a7-common-args.resp
    
    /Applications/Xcode.app/Contents/Developer/Toolchains/XcodeDefault.xctoolchain/usr/bin/clang -x objective-c -ivfsstatcache /Users/buddhirajgautam/Library/Developer/Xcode/DerivedData/SDKStatCaches.noindex/macosx27.0-26A425-e829b21a6f8c9b70876ba0858053c0447231f6df4def33e022ae2eb8f782df1a.sdkstatcache -target x86_64-apple-macos12.0 -fmessage-length\=0 -fdiagnostics-show-note-include-stack -fmacro-backtrace-limit\=0 -fno-color-diagnostics -Wno-trigraphs -Werror\=incompatible-pointer-types -Werror\=implicit-function-declaration -Wmissing-field-initializers -Wmissing-prototypes -Wdocumentation -Wunreachable-code -Wimplicit-atomic-properties -Wno-objc-interface-ivars -Wobjc-missing-property-synthesis -Warc-repeated-use-of-weak -Wno-arc-maybe-repeated-use-of-weak -Wexplicit-ownership-type -Wimplicit-retain-self -Wduplicate-method-match -Wmissing-braces -Wparentheses -Wswitch -Wunused-function -Wunused-label -Wunused-parameter -Wunused-variable -Wunused-value -Wempty-body -Wuninitialized -Wunknown-pragmas -Wshadow -Wfour-char-constants -Wconversion -Wconstant-conversion -Wint-conversion -Wbool-conversion -Wenum-conversion -Wfloat-conversion -Wnon-literal-null-conversion -Wobjc-literal-conversion -Wassign-enum -Wsign-compare -Wshorten-64-to-32 -Wpointer-sign -Wnewline-eof -Wselector -Wstrict-selector-match -Wundeclared-selector -Wdeprecated-implementations -Wno-implicit-fallthrough -isysroot /Applications/Xcode.app/Contents/Developer/Platforms/MacOSX.platform/Developer/SDKs/MacOSX27.0.sdk -fstrict-aliasing -Wprotocol -Wdeprecated-declarations -Wsign-conversion -Winfinite-recursion -Wcomma -Wblock-capture-autoreleasing -Wstrict-prototypes -Wno-semicolon-before-method-body -Wall -Weverything -Wno-unused-macros -Wno-gnu-statement-expression -Wno-arc-repeated-use-of-weak -Wno-auto-import -Wno-gnu-zero-variadic-macro-arguments -Wno-custom-atomic-properties -Wno-implicit-atomic-properties @/Users/buddhirajgautam/Library/Developer/Xcode/DerivedData/Telegram-Mac-fygdgghdgmuleoelvxabfmqiotta/Build/Intermediates.noindex/Sparkle.build/Debug/Autoupdate.build/Objects-normal/x86_64/e6072d4f65d7061329687fe24e3d63a7-common-args.resp -MMD -MT dependencies -MF /Users/buddhirajgautam/Library/Developer/Xcode/DerivedData/Telegram-Mac-fygdgghdgmuleoelvxabfmqiotta/Build/Intermediates.noindex/Sparkle.build/Debug/Autoupdate.build/Objects-normal/x86_64/SUApplicationInfo.d --serialize-diagnostics /Users/buddhirajgautam/Library/Developer/Xcode/DerivedData/Telegram-Mac-fygdgghdgmuleoelvxabfmqiotta/Build/Intermediates.noindex/Sparkle.build/Debug/Autoupdate.build/Objects-normal/x86_64/SUApplicationInfo.dia -c /Users/buddhirajgautam/Documents/Cherrygram-Mac/macOS-Swift/submodules/Sparkle/Sparkle/SUApplicationInfo.m -o /Users/buddhirajgautam/Library/Developer/Xcode/DerivedData/Telegram-Mac-fygdgghdgmuleoelvxabfmqiotta/Build/Intermediates.noindex/Sparkle.build/Debug/Autoupdate.build/Objects-normal/x86_64/SUApplicationInfo.o
clang: warning: no such include directory: '/Users/buddhirajgautam/Library/Developer/Xcode/DerivedData/Telegram-Mac-fygdgghdgmuleoelvxabfmqiotta/Build/Products/Debug/include' [-Wmissing-include-dirs]
clang: warning: no such include directory: '/Users/buddhirajgautam/Library/Developer/Xcode/DerivedData/Telegram-Mac-fygdgghdgmuleoelvxabfmqiotta/Build/Intermediates.noindex/Sparkle.build/Debug/Autoupdate.build/DerivedSources-normal/x86_64' [-Wmissing-include-dirs]
clang: warning: no such include directory: '/Users/buddhirajgautam/Library/Developer/Xcode/DerivedData/Telegram-Mac-fygdgghdgmuleoelvxabfmqiotta/Build/Intermediates.noindex/Sparkle.build/Debug/Autoupdate.build/DerivedSources/x86_64' [-Wmissing-include-dirs]
clang: warning: no such include directory: '/Users/buddhirajgautam/Library/Developer/Xcode/DerivedData/Telegram-Mac-fygdgghdgmuleoelvxabfmqiotta/Build/Intermediates.noindex/Sparkle.build/Debug/Autoupdate.build/DerivedSources' [-Wmissing-include-dirs]
/Users/buddhirajgautam/Documents/Cherrygram-Mac/macOS-Swift/submodules/Sparkle/Sparkle/SUApplicationInfo.m:31:66: warning: 'kUTTypeApplication' is deprecated: first deprecated in macOS 12.0 - Use UTTypeApplication or UTType.application (swift) instead. [-Wdeprecated-declarations]
   31 |         NSString *fileType = isMainBundle ? (__bridge NSString *)kUTTypeApplication : (__bridge NSString *)kUTTypeBundle;
      |                                                                  ^
In file included from /Users/buddhirajgautam/Documents/Cherrygram-Mac/macOS-Swift/submodules/Sparkle/Sparkle/SUApplicationInfo.m:9:
In file included from /Users/buddhirajgautam/Documents/Cherrygram-Mac/macOS-Swift/submodules/Sparkle/Sparkle/SUApplicationInfo.h:9:
In file included from /Applications/Xcode.app/Contents/Developer/Platforms/MacOSX.platform/Developer/SDKs/MacOSX27.0.sdk/System/Library/Frameworks/Cocoa.framework/Headers/Cocoa.h:12:
In file included from /Applications/Xcode.app/Contents/Developer/Platforms/MacOSX.platform/Developer/SDKs/MacOSX27.0.sdk/System/Library/Frameworks/Foundation.framework/Headers/Foundation.h:94:
In file included from /Applications/Xcode.app/Contents/Developer/Platforms/MacOSX.platform/Developer/SDKs/MacOSX27.0.sdk/System/Library/Frameworks/Foundation.framework/Headers/NSURLError.h:15:
In file included from /Applications/Xcode.app/Contents/Developer/Platforms/MacOSX.platform/Developer/SDKs/MacOSX27.0.sdk/System/Library/Frameworks/CoreServices.framework/Headers/CoreServices.h:39:
In file included from /Applications/Xcode.app/Contents/Developer/Platforms/MacOSX.platform/Developer/SDKs/MacOSX27.0.sdk/System/Library/Frameworks/CoreServices.framework/Frameworks/LaunchServices.framework/Headers/LaunchServices.h:47:
/Applications/Xcode.app/Contents/Developer/Platforms/MacOSX.platform/Developer/SDKs/MacOSX27.0.sdk/System/Library/Frameworks/CoreServices.framework/Frameworks/LaunchServices.framework/Headers/UTCoreTypes.h:1068:26: note: 'kUTTypeApplication' has been explicitly marked deprecated here
 1068 | extern const CFStringRef kUTTypeApplication                          API_DEPRECATED("Use UTTypeApplication or UTType.application (swift) instead.", ios(3.0, 15.0), macos(10.4, 12.0), tvos(9.0, 15.0), watchos(1.0, 8.0));
      |                          ^
/Users/buddhirajgautam/Documents/Cherrygram-Mac/macOS-Swift/submodules/Sparkle/Sparkle/SUApplicationInfo.m:31:108: warning: 'kUTTypeBundle' is deprecated: first deprecated in macOS 12.0 - Use UTTypeBundle or UTType.bundle (swift) instead. [-Wdeprecated-declarations]
   31 |         NSString *fileType = isMainBundle ? (__bridge NSString *)kUTTypeApplication : (__bridge NSString *)kUTTypeBundle;
      |                                                                                                            ^
In file included from /Users/buddhirajgautam/Documents/Cherrygram-Mac/macOS-Swift/submodules/Sparkle/Sparkle/SUApplicationInfo.m:9:
In file included from /Users/buddhirajgautam/Documents/Cherrygram-Mac/macOS-Swift/submodules/Sparkle/Sparkle/SUApplicationInfo.h:9:
In file included from /Applications/Xcode.app/Contents/Developer/Platforms/MacOSX.platform/Developer/SDKs/MacOSX27.0.sdk/System/Library/Frameworks/Cocoa.framework/Headers/Cocoa.h:12:
In file included from /Applications/Xcode.app/Contents/Developer/Platforms/MacOSX.platform/Developer/SDKs/MacOSX27.0.sdk/System/Library/Frameworks/Foundation.framework/Headers/Foundation.h:94:
In file included from /Applications/Xcode.app/Contents/Developer/Platforms/MacOSX.platform/Developer/SDKs/MacOSX27.0.sdk/System/Library/Frameworks/Foundation.framework/Headers/NSURLError.h:15:
In file included from /Applications/Xcode.app/Contents/Developer/Platforms/MacOSX.platform/Developer/SDKs/MacOSX27.0.sdk/System/Library/Frameworks/CoreServices.framework/Headers/CoreServices.h:39:
In file included from /Applications/Xcode.app/Contents/Developer/Platforms/MacOSX.platform/Developer/SDKs/MacOSX27.0.sdk/System/Library/Frameworks/CoreServices.framework/Frameworks/LaunchServices.framework/Headers/LaunchServices.h:47:
/Applications/Xcode.app/Contents/Developer/Platforms/MacOSX.platform/Developer/SDKs/MacOSX27.0.sdk/System/Library/Frameworks/CoreServices.framework/Frameworks/LaunchServices.framework/Headers/UTCoreTypes.h:993:26: note: 'kUTTypeBundle' has been explicitly marked deprecated here
  993 | extern const CFStringRef kUTTypeBundle                               API_DEPRECATED("Use UTTypeBundle or UTType.bundle (swift) instead.", ios(3.0, 15.0), macos(10.4, 12.0), tvos(9.0, 15.0), watchos(1.0, 8.0));
      |                          ^
/Users/buddhirajgautam/Documents/Cherrygram-Mac/macOS-Swift/submodules/Sparkle/Sparkle/SUApplicationInfo.m:32:47: warning: 'iconForFileType:' is deprecated: first deprecated in macOS 12.0 - Use -[NSWorkspace iconForContentType:] instead. [-Wdeprecated-declarations]
   32 |         icon = [[NSWorkspace sharedWorkspace] iconForFileType:fileType];
      |                                               ^
In file included from /Users/buddhirajgautam/Documents/Cherrygram-Mac/macOS-Swift/submodules/Sparkle/Sparkle/SUApplicationInfo.m:9:
In file included from /Users/buddhirajgautam/Documents/Cherrygram-Mac/macOS-Swift/submodules/Sparkle/Sparkle/SUApplicationInfo.h:9:
In file included from /Applications/Xcode.app/Contents/Developer/Platforms/MacOSX.platform/Developer/SDKs/MacOSX27.0.sdk/System/Library/Frameworks/Cocoa.framework/Headers/Cocoa.h:13:
In file included from /Applications/Xcode.app/Contents/Developer/Platforms/MacOSX.platform/Developer/SDKs/MacOSX27.0.sdk/System/Library/Frameworks/AppKit.framework/Headers/AppKit.h:14:
In file included from /Applications/Xcode.app/Contents/Developer/Platforms/MacOSX.platform/Developer/SDKs/MacOSX27.0.sdk/System/Library/Frameworks/AppKit.framework/Headers/NSAccessibility.h:17:
/Applications/Xcode.app/Contents/Developer/Platforms/MacOSX.platform/Developer/SDKs/MacOSX27.0.sdk/System/Library/Frameworks/AppKit.framework/Headers/NSWorkspace.h:456:1: note: 'iconForFileType:' has been explicitly marked deprecated here
  456 | - (NSImage *)iconForFileType:(NSString *)fileType API_DEPRECATED("Use -[NSWorkspace iconForContentType:] instead.", macos(10.0, 12.0));
      | ^
3 warnings generated.

CompileC /Users/buddhirajgautam/Library/Developer/Xcode/DerivedData/Telegram-Mac-fygdgghdgmuleoelvxabfmqiotta/Build/Intermediates.noindex/Sparkle.build/Debug/Autoupdate.build/Objects-normal/x86_64/Autoupdate.o /Users/buddhirajgautam/Documents/Cherrygram-Mac/macOS-Swift/submodules/Sparkle/Sparkle/Autoupdate/Autoupdate.m normal x86_64 objective-c com.apple.compilers.llvm.clang.1_0.compiler (in target 'Autoupdate' from project 'Sparkle')
    cd /Users/buddhirajgautam/Documents/Cherrygram-Mac/macOS-Swift/submodules/Sparkle
    
    Using response file: /Users/buddhirajgautam/Library/Developer/Xcode/DerivedData/Telegram-Mac-fygdgghdgmuleoelvxabfmqiotta/Build/Intermediates.noindex/Sparkle.build/Debug/Autoupdate.build/Objects-normal/x86_64/e6072d4f65d7061329687fe24e3d63a7-common-args.resp
    
    /Applications/Xcode.app/Contents/Developer/Toolchains/XcodeDefault.xctoolchain/usr/bin/clang -x objective-c -ivfsstatcache /Users/buddhirajgautam/Library/Developer/Xcode/DerivedData/SDKStatCaches.noindex/macosx27.0-26A425-e829b21a6f8c9b70876ba0858053c0447231f6df4def33e022ae2eb8f782df1a.sdkstatcache -target x86_64-apple-macos12.0 -fmessage-length\=0 -fdiagnostics-show-note-include-stack -fmacro-backtrace-limit\=0 -fno-color-diagnostics -Wno-trigraphs -Werror\=incompatible-pointer-types -Werror\=implicit-function-declaration -Wmissing-field-initializers -Wmissing-prototypes -Wdocumentation -Wunreachable-code -Wimplicit-atomic-properties -Wno-objc-interface-ivars -Wobjc-missing-property-synthesis -Warc-repeated-use-of-weak -Wno-arc-maybe-repeated-use-of-weak -Wexplicit-ownership-type -Wimplicit-retain-self -Wduplicate-method-match -Wmissing-braces -Wparentheses -Wswitch -Wunused-function -Wunused-label -Wunused-parameter -Wunused-variable -Wunused-value -Wempty-body -Wuninitialized -Wunknown-pragmas -Wshadow -Wfour-char-constants -Wconversion -Wconstant-conversion -Wint-conversion -Wbool-conversion -Wenum-conversion -Wfloat-conversion -Wnon-literal-null-conversion -Wobjc-literal-conversion -Wassign-enum -Wsign-compare -Wshorten-64-to-32 -Wpointer-sign -Wnewline-eof -Wselector -Wstrict-selector-match -Wundeclared-selector -Wdeprecated-implementations -Wno-implicit-fallthrough -isysroot /Applications/Xcode.app/Contents/Developer/Platforms/MacOSX.platform/Developer/SDKs/MacOSX27.0.sdk -fstrict-aliasing -Wprotocol -Wdeprecated-declarations -Wsign-conversion -Winfinite-recursion -Wcomma -Wblock-capture-autoreleasing -Wstrict-prototypes -Wno-semicolon-before-method-body -Wall -Weverything -Wno-unused-macros -Wno-gnu-statement-expression -Wno-arc-repeated-use-of-weak -Wno-auto-import -Wno-gnu-zero-variadic-macro-arguments -Wno-custom-atomic-properties -Wno-implicit-atomic-properties @/Users/buddhirajgautam/Library/Developer/Xcode/DerivedData/Telegram-Mac-fygdgghdgmuleoelvxabfmqiotta/Build/Intermediates.noindex/Sparkle.build/Debug/Autoupdate.build/Objects-normal/x86_64/e6072d4f65d7061329687fe24e3d63a7-common-args.resp -MMD -MT dependencies -MF /Users/buddhirajgautam/Library/Developer/Xcode/DerivedData/Telegram-Mac-fygdgghdgmuleoelvxabfmqiotta/Build/Intermediates.noindex/Sparkle.build/Debug/Autoupdate.build/Objects-normal/x86_64/Autoupdate.d --serialize-diagnostics /Users/buddhirajgautam/Library/Developer/Xcode/DerivedData/Telegram-Mac-fygdgghdgmuleoelvxabfmqiotta/Build/Intermediates.noindex/Sparkle.build/Debug/Autoupdate.build/Objects-normal/x86_64/Autoupdate.dia -c /Users/buddhirajgautam/Documents/Cherrygram-Mac/macOS-Swift/submodules/Sparkle/Sparkle/Autoupdate/Autoupdate.m -o /Users/buddhirajgautam/Library/Developer/Xcode/DerivedData/Telegram-Mac-fygdgghdgmuleoelvxabfmqiotta/Build/Intermediates.noindex/Sparkle.build/Debug/Autoupdate.build/Objects-normal/x86_64/Autoupdate.o
clang: warning: no such include directory: '/Users/buddhirajgautam/Library/Developer/Xcode/DerivedData/Telegram-Mac-fygdgghdgmuleoelvxabfmqiotta/Build/Products/Debug/include' [-Wmissing-include-dirs]
clang: warning: no such include directory: '/Users/buddhirajgautam/Library/Developer/Xcode/DerivedData/Telegram-Mac-fygdgghdgmuleoelvxabfmqiotta/Build/Intermediates.noindex/Sparkle.build/Debug/Autoupdate.build/DerivedSources-normal/x86_64' [-Wmissing-include-dirs]
clang: warning: no such include directory: '/Users/buddhirajgautam/Library/Developer/Xcode/DerivedData/Telegram-Mac-fygdgghdgmuleoelvxabfmqiotta/Build/Intermediates.noindex/Sparkle.build/Debug/Autoupdate.build/DerivedSources/x86_64' [-Wmissing-include-dirs]
clang: warning: no such include directory: '/Users/buddhirajgautam/Library/Developer/Xcode/DerivedData/Telegram-Mac-fygdgghdgmuleoelvxabfmqiotta/Build/Intermediates.noindex/Sparkle.build/Debug/Autoupdate.build/DerivedSources' [-Wmissing-include-dirs]
/Users/buddhirajgautam/Documents/Cherrygram-Mac/macOS-Swift/submodules/Sparkle/Sparkle/Autoupdate/Autoupdate.m:154:15: warning: mixing declarations and code is incompatible with standards before C99 [-Wdeclaration-after-statement]
  154 |         void(^progressBlock)(double) = ^(double progress){
      |               ^
/Users/buddhirajgautam/Documents/Cherrygram-Mac/macOS-Swift/submodules/Sparkle/Sparkle/Autoupdate/Autoupdate.m:128:14: warning: mixing declarations and code is incompatible with standards before C99 [-Wdeclaration-after-statement]
  128 |     NSError *retrieveInstallerError = nil;
      |              ^
/Users/buddhirajgautam/Documents/Cherrygram-Mac/macOS-Swift/submodules/Sparkle/Sparkle/Autoupdate/Autoupdate.m:211:45: warning: 'openFile:' is deprecated: first deprecated in macOS 11.0 - Use -[NSWorkspace openURL:] instead. [-Wdeprecated-declarations]
  211 |         if (![[NSWorkspace sharedWorkspace] openFile:relaunchPath]) {
      |                                             ^
In file included from /Users/buddhirajgautam/Documents/Cherrygram-Mac/macOS-Swift/submodules/Sparkle/Sparkle/Autoupdate/Autoupdate.m:1:
In file included from /Applications/Xcode.app/Contents/Developer/Platforms/MacOSX.platform/Developer/SDKs/MacOSX27.0.sdk/System/Library/Frameworks/Cocoa.framework/Headers/Cocoa.h:13:
In file included from /Applications/Xcode.app/Contents/Developer/Platforms/MacOSX.platform/Developer/SDKs/MacOSX27.0.sdk/System/Library/Frameworks/AppKit.framework/Headers/AppKit.h:14:
In file included from /Applications/Xcode.app/Contents/Developer/Platforms/MacOSX.platform/Developer/SDKs/MacOSX27.0.sdk/System/Library/Frameworks/AppKit.framework/Headers/NSAccessibility.h:17:
/Applications/Xcode.app/Contents/Developer/Platforms/MacOSX.platform/Developer/SDKs/MacOSX27.0.sdk/System/Library/Frameworks/AppKit.framework/Headers/NSWorkspace.h:374:1: note: 'openFile:' has been explicitly marked deprecated here
  374 | - (BOOL)openFile:(NSString *)fullPath API_DEPRECATED("Use -[NSWorkspace openURL:] instead.", macos(10.0, 11.0));
      | ^
/Users/buddhirajgautam/Documents/Cherrygram-Mac/macOS-Swift/submodules/Sparkle/Sparkle/Autoupdate/Autoupdate.m:193:22: warning: mixing declarations and code is incompatible with standards before C99 [-Wdeclaration-after-statement]
  193 |     dispatch_block_t cleanupAndExit = ^{
      |                      ^
/Users/buddhirajgautam/Documents/Cherrygram-Mac/macOS-Swift/submodules/Sparkle/Sparkle/Autoupdate/Autoupdate.m:240:24: warning: mixing declarations and code is incompatible with standards before C99 [-Wdeclaration-after-statement]
  240 |         NSApplication *application = [NSApplication sharedApplication];
      |                        ^
5 warnings generated.

CompileC /Users/buddhirajgautam/Library/Developer/Xcode/DerivedData/Telegram-Mac-fygdgghdgmuleoelvxabfmqiotta/Build/Intermediates.noindex/Sparkle.build/Debug/Autoupdate.build/Objects-normal/arm64/TerminationListener.o /Users/buddhirajgautam/Documents/Cherrygram-Mac/macOS-Swift/submodules/Sparkle/Sparkle/Autoupdate/TerminationListener.m normal arm64 objective-c com.apple.compilers.llvm.clang.1_0.compiler (in target 'Autoupdate' from project 'Sparkle')
    cd /Users/buddhirajgautam/Documents/Cherrygram-Mac/macOS-Swift/submodules/Sparkle
    
    Using response file: /Users/buddhirajgautam/Library/Developer/Xcode/DerivedData/Telegram-Mac-fygdgghdgmuleoelvxabfmqiotta/Build/Intermediates.noindex/Sparkle.build/Debug/Autoupdate.build/Objects-normal/arm64/e6072d4f65d7061329687fe24e3d63a7-common-args.resp
    
    /Applications/Xcode.app/Contents/Developer/Toolchains/XcodeDefault.xctoolchain/usr/bin/clang -x objective-c -ivfsstatcache /Users/buddhirajgautam/Library/Developer/Xcode/DerivedData/SDKStatCaches.noindex/macosx27.0-26A425-e829b21a6f8c9b70876ba0858053c0447231f6df4def33e022ae2eb8f782df1a.sdkstatcache -target arm64-apple-macos12.0 -fmessage-length\=0 -fdiagnostics-show-note-include-stack -fmacro-backtrace-limit\=0 -fno-color-diagnostics -Wno-trigraphs -Werror\=incompatible-pointer-types -Werror\=implicit-function-declaration -Wmissing-field-initializers -Wmissing-prototypes -Wdocumentation -Wunreachable-code -Wimplicit-atomic-properties -Wno-objc-interface-ivars -Wobjc-missing-property-synthesis -Warc-repeated-use-of-weak -Wno-arc-maybe-repeated-use-of-weak -Wexplicit-ownership-type -Wimplicit-retain-self -Wduplicate-method-match -Wmissing-braces -Wparentheses -Wswitch -Wunused-function -Wunused-label -Wunused-parameter -Wunused-variable -Wunused-value -Wempty-body -Wuninitialized -Wunknown-pragmas -Wshadow -Wfour-char-constants -Wconversion -Wconstant-conversion -Wint-conversion -Wbool-conversion -Wenum-conversion -Wfloat-conversion -Wnon-literal-null-conversion -Wobjc-literal-conversion -Wassign-enum -Wsign-compare -Wshorten-64-to-32 -Wpointer-sign -Wnewline-eof -Wselector -Wstrict-selector-match -Wundeclared-selector -Wdeprecated-implementations -Wno-implicit-fallthrough -isysroot /Applications/Xcode.app/Contents/Developer/Platforms/MacOSX.platform/Developer/SDKs/MacOSX27.0.sdk -fstrict-aliasing -Wprotocol -Wdeprecated-declarations -Wsign-conversion -Winfinite-recursion -Wcomma -Wblock-capture-autoreleasing -Wstrict-prototypes -Wno-semicolon-before-method-body -Wall -Weverything -Wno-unused-macros -Wno-gnu-statement-expression -Wno-arc-repeated-use-of-weak -Wno-auto-import -Wno-gnu-zero-variadic-macro-arguments -Wno-custom-atomic-properties -Wno-implicit-atomic-properties @/Users/buddhirajgautam/Library/Developer/Xcode/DerivedData/Telegram-Mac-fygdgghdgmuleoelvxabfmqiotta/Build/Intermediates.noindex/Sparkle.build/Debug/Autoupdate.build/Objects-normal/arm64/e6072d4f65d7061329687fe24e3d63a7-common-args.resp -MMD -MT dependencies -MF /Users/buddhirajgautam/Library/Developer/Xcode/DerivedData/Telegram-Mac-fygdgghdgmuleoelvxabfmqiotta/Build/Intermediates.noindex/Sparkle.build/Debug/Autoupdate.build/Objects-normal/arm64/TerminationListener.d --serialize-diagnostics /Users/buddhirajgautam/Library/Developer/Xcode/DerivedData/Telegram-Mac-fygdgghdgmuleoelvxabfmqiotta/Build/Intermediates.noindex/Sparkle.build/Debug/Autoupdate.build/Objects-normal/arm64/TerminationListener.dia -c /Users/buddhirajgautam/Documents/Cherrygram-Mac/macOS-Swift/submodules/Sparkle/Sparkle/Autoupdate/TerminationListener.m -o /Users/buddhirajgautam/Library/Developer/Xcode/DerivedData/Telegram-Mac-fygdgghdgmuleoelvxabfmqiotta/Build/Intermediates.noindex/Sparkle.build/Debug/Autoupdate.build/Objects-normal/arm64/TerminationListener.o
clang: warning: no such include directory: '/Users/buddhirajgautam/Library/Developer/Xcode/DerivedData/Telegram-Mac-fygdgghdgmuleoelvxabfmqiotta/Build/Products/Debug/include' [-Wmissing-include-dirs]
clang: warning: no such include directory: '/Users/buddhirajgautam/Library/Developer/Xcode/DerivedData/Telegram-Mac-fygdgghdgmuleoelvxabfmqiotta/Build/Intermediates.noindex/Sparkle.build/Debug/Autoupdate.build/DerivedSources-normal/arm64' [-Wmissing-include-dirs]
clang: warning: no such include directory: '/Users/buddhirajgautam/Library/Developer/Xcode/DerivedData/Telegram-Mac-fygdgghdgmuleoelvxabfmqiotta/Build/Intermediates.noindex/Sparkle.build/Debug/Autoupdate.build/DerivedSources/arm64' [-Wmissing-include-dirs]
clang: warning: no such include directory: '/Users/buddhirajgautam/Library/Developer/Xcode/DerivedData/Telegram-Mac-fygdgghdgmuleoelvxabfmqiotta/Build/Intermediates.noindex/Sparkle.build/Debug/Autoupdate.build/DerivedSources' [-Wmissing-include-dirs]
/Users/buddhirajgautam/Documents/Cherrygram-Mac/macOS-Swift/submodules/Sparkle/Sparkle/Autoupdate/TerminationListener.m:69:11: warning: mixing declarations and code is incompatible with standards before C99 [-Wdeclaration-after-statement]
   69 |     pid_t processIdentifier = self.processIdentifier.intValue;
      |           ^
/Users/buddhirajgautam/Documents/Cherrygram-Mac/macOS-Swift/submodules/Sparkle/Sparkle/Autoupdate/TerminationListener.m:131:26: warning: mixing declarations and code is incompatible with standards before C99 [-Wdeclaration-after-statement]
  131 |     TerminationListener *self = CFBridgingRelease(info);
      |                          ^
2 warnings generated.

CompileC /Users/buddhirajgautam/Library/Developer/Xcode/DerivedData/Telegram-Mac-fygdgghdgmuleoelvxabfmqiotta/Build/Intermediates.noindex/Sparkle.build/Debug/Autoupdate.build/Objects-normal/arm64/SUTouchBarButtonGroup.o /Users/buddhirajgautam/Documents/Cherrygram-Mac/macOS-Swift/submodules/Sparkle/Sparkle/SUTouchBarButtonGroup.m normal arm64 objective-c com.apple.compilers.llvm.clang.1_0.compiler (in target 'Autoupdate' from project 'Sparkle')
    cd /Users/buddhirajgautam/Documents/Cherrygram-Mac/macOS-Swift/submodules/Sparkle
    
    Using response file: /Users/buddhirajgautam/Library/Developer/Xcode/DerivedData/Telegram-Mac-fygdgghdgmuleoelvxabfmqiotta/Build/Intermediates.noindex/Sparkle.build/Debug/Autoupdate.build/Objects-normal/arm64/e6072d4f65d7061329687fe24e3d63a7-common-args.resp
    
    /Applications/Xcode.app/Contents/Developer/Toolchains/XcodeDefault.xctoolchain/usr/bin/clang -x objective-c -ivfsstatcache /Users/buddhirajgautam/Library/Developer/Xcode/DerivedData/SDKStatCaches.noindex/macosx27.0-26A425-e829b21a6f8c9b70876ba0858053c0447231f6df4def33e022ae2eb8f782df1a.sdkstatcache -target arm64-apple-macos12.0 -fmessage-length\=0 -fdiagnostics-show-note-include-stack -fmacro-backtrace-limit\=0 -fno-color-diagnostics -Wno-trigraphs -Werror\=incompatible-pointer-types -Werror\=implicit-function-declaration -Wmissing-field-initializers -Wmissing-prototypes -Wdocumentation -Wunreachable-code -Wimplicit-atomic-properties -Wno-objc-interface-ivars -Wobjc-missing-property-synthesis -Warc-repeated-use-of-weak -Wno-arc-maybe-repeated-use-of-weak -Wexplicit-ownership-type -Wimplicit-retain-self -Wduplicate-method-match -Wmissing-braces -Wparentheses -Wswitch -Wunused-function -Wunused-label -Wunused-parameter -Wunused-variable -Wunused-value -Wempty-body -Wuninitialized -Wunknown-pragmas -Wshadow -Wfour-char-constants -Wconversion -Wconstant-conversion -Wint-conversion -Wbool-conversion -Wenum-conversion -Wfloat-conversion -Wnon-literal-null-conversion -Wobjc-literal-conversion -Wassign-enum -Wsign-compare -Wshorten-64-to-32 -Wpointer-sign -Wnewline-eof -Wselector -Wstrict-selector-match -Wundeclared-selector -Wdeprecated-implementations -Wno-implicit-fallthrough -isysroot /Applications/Xcode.app/Contents/Developer/Platforms/MacOSX.platform/Developer/SDKs/MacOSX27.0.sdk -fstrict-aliasing -Wprotocol -Wdeprecated-declarations -Wsign-conversion -Winfinite-recursion -Wcomma -Wblock-capture-autoreleasing -Wstrict-prototypes -Wno-semicolon-before-method-body -Wall -Weverything -Wno-unused-macros -Wno-gnu-statement-expression -Wno-arc-repeated-use-of-weak -Wno-auto-import -Wno-gnu-zero-variadic-macro-arguments -Wno-custom-atomic-properties -Wno-implicit-atomic-properties @/Users/buddhirajgautam/Library/Developer/Xcode/DerivedData/Telegram-Mac-fygdgghdgmuleoelvxabfmqiotta/Build/Intermediates.noindex/Sparkle.build/Debug/Autoupdate.build/Objects-normal/arm64/e6072d4f65d7061329687fe24e3d63a7-common-args.resp -MMD -MT dependencies -MF /Users/buddhirajgautam/Library/Developer/Xcode/DerivedData/Telegram-Mac-fygdgghdgmuleoelvxabfmqiotta/Build/Intermediates.noindex/Sparkle.build/Debug/Autoupdate.build/Objects-normal/arm64/SUTouchBarButtonGroup.d --serialize-diagnostics /Users/buddhirajgautam/Library/Developer/Xcode/DerivedData/Telegram-Mac-fygdgghdgmuleoelvxabfmqiotta/Build/Intermediates.noindex/Sparkle.build/Debug/Autoupdate.build/Objects-normal/arm64/SUTouchBarButtonGroup.dia -c /Users/buddhirajgautam/Documents/Cherrygram-Mac/macOS-Swift/submodules/Sparkle/Sparkle/SUTouchBarButtonGroup.m -o /Users/buddhirajgautam/Library/Developer/Xcode/DerivedData/Telegram-Mac-fygdgghdgmuleoelvxabfmqiotta/Build/Intermediates.noindex/Sparkle.build/Debug/Autoupdate.build/Objects-normal/arm64/SUTouchBarButtonGroup.o
clang: warning: no such include directory: '/Users/buddhirajgautam/Library/Developer/Xcode/DerivedData/Telegram-Mac-fygdgghdgmuleoelvxabfmqiotta/Build/Products/Debug/include' [-Wmissing-include-dirs]
clang: warning: no such include directory: '/Users/buddhirajgautam/Library/Developer/Xcode/DerivedData/Telegram-Mac-fygdgghdgmuleoelvxabfmqiotta/Build/Intermediates.noindex/Sparkle.build/Debug/Autoupdate.build/DerivedSources-normal/arm64' [-Wmissing-include-dirs]
clang: warning: no such include directory: '/Users/buddhirajgautam/Library/Developer/Xcode/DerivedData/Telegram-Mac-fygdgghdgmuleoelvxabfmqiotta/Build/Intermediates.noindex/Sparkle.build/Debug/Autoupdate.build/DerivedSources/arm64' [-Wmissing-include-dirs]
clang: warning: no such include directory: '/Users/buddhirajgautam/Library/Developer/Xcode/DerivedData/Telegram-Mac-fygdgghdgmuleoelvxabfmqiotta/Build/Intermediates.noindex/Sparkle.build/Debug/Autoupdate.build/DerivedSources' [-Wmissing-include-dirs]
/Users/buddhirajgautam/Documents/Cherrygram-Mac/macOS-Swift/submodules/Sparkle/Sparkle/SUTouchBarButtonGroup.m:26:13: warning: mixing declarations and code is incompatible with standards before C99 [-Wdeclaration-after-statement]
   26 |     NSView *buttonGroup = [[NSView alloc] initWithFrame:NSZeroRect];
      |             ^
1 warning generated.

CompileC /Users/buddhirajgautam/Library/Developer/Xcode/DerivedData/Telegram-Mac-fygdgghdgmuleoelvxabfmqiotta/Build/Intermediates.noindex/Sparkle.build/Debug/Autoupdate.build/Objects-normal/arm64/SUSystemProfiler.o /Users/buddhirajgautam/Documents/Cherrygram-Mac/macOS-Swift/submodules/Sparkle/Sparkle/SUSystemProfiler.m normal arm64 objective-c com.apple.compilers.llvm.clang.1_0.compiler (in target 'Autoupdate' from project 'Sparkle')
    cd /Users/buddhirajgautam/Documents/Cherrygram-Mac/macOS-Swift/submodules/Sparkle
    
    Using response file: /Users/buddhirajgautam/Library/Developer/Xcode/DerivedData/Telegram-Mac-fygdgghdgmuleoelvxabfmqiotta/Build/Intermediates.noindex/Sparkle.build/Debug/Autoupdate.build/Objects-normal/arm64/e6072d4f65d7061329687fe24e3d63a7-common-args.resp
    
    /Applications/Xcode.app/Contents/Developer/Toolchains/XcodeDefault.xctoolchain/usr/bin/clang -x objective-c -ivfsstatcache /Users/buddhirajgautam/Library/Developer/Xcode/DerivedData/SDKStatCaches.noindex/macosx27.0-26A425-e829b21a6f8c9b70876ba0858053c0447231f6df4def33e022ae2eb8f782df1a.sdkstatcache -target arm64-apple-macos12.0 -fmessage-length\=0 -fdiagnostics-show-note-include-stack -fmacro-backtrace-limit\=0 -fno-color-diagnostics -Wno-trigraphs -Werror\=incompatible-pointer-types -Werror\=implicit-function-declaration -Wmissing-field-initializers -Wmissing-prototypes -Wdocumentation -Wunreachable-code -Wimplicit-atomic-properties -Wno-objc-interface-ivars -Wobjc-missing-property-synthesis -Warc-repeated-use-of-weak -Wno-arc-maybe-repeated-use-of-weak -Wexplicit-ownership-type -Wimplicit-retain-self -Wduplicate-method-match -Wmissing-braces -Wparentheses -Wswitch -Wunused-function -Wunused-label -Wunused-parameter -Wunused-variable -Wunused-value -Wempty-body -Wuninitialized -Wunknown-pragmas -Wshadow -Wfour-char-constants -Wconversion -Wconstant-conversion -Wint-conversion -Wbool-conversion -Wenum-conversion -Wfloat-conversion -Wnon-literal-null-conversion -Wobjc-literal-conversion -Wassign-enum -Wsign-compare -Wshorten-64-to-32 -Wpointer-sign -Wnewline-eof -Wselector -Wstrict-selector-match -Wundeclared-selector -Wdeprecated-implementations -Wno-implicit-fallthrough -isysroot /Applications/Xcode.app/Contents/Developer/Platforms/MacOSX.platform/Developer/SDKs/MacOSX27.0.sdk -fstrict-aliasing -Wprotocol -Wdeprecated-declarations -Wsign-conversion -Winfinite-recursion -Wcomma -Wblock-capture-autoreleasing -Wstrict-prototypes -Wno-semicolon-before-method-body -Wall -Weverything -Wno-unused-macros -Wno-gnu-statement-expression -Wno-arc-repeated-use-of-weak -Wno-auto-import -Wno-gnu-zero-variadic-macro-arguments -Wno-custom-atomic-properties -Wno-implicit-atomic-properties @/Users/buddhirajgautam/Library/Developer/Xcode/DerivedData/Telegram-Mac-fygdgghdgmuleoelvxabfmqiotta/Build/Intermediates.noindex/Sparkle.build/Debug/Autoupdate.build/Objects-normal/arm64/e6072d4f65d7061329687fe24e3d63a7-common-args.resp -MMD -MT dependencies -MF /Users/buddhirajgautam/Library/Developer/Xcode/DerivedData/Telegram-Mac-fygdgghdgmuleoelvxabfmqiotta/Build/Intermediates.noindex/Sparkle.build/Debug/Autoupdate.build/Objects-normal/arm64/SUSystemProfiler.d --serialize-diagnostics /Users/buddhirajgautam/Library/Developer/Xcode/DerivedData/Telegram-Mac-fygdgghdgmuleoelvxabfmqiotta/Build/Intermediates.noindex/Sparkle.build/Debug/Autoupdate.build/Objects-normal/arm64/SUSystemProfiler.dia -c /Users/buddhirajgautam/Documents/Cherrygram-Mac/macOS-Swift/submodules/Sparkle/Sparkle/SUSystemProfiler.m -o /Users/buddhirajgautam/Library/Developer/Xcode/DerivedData/Telegram-Mac-fygdgghdgmuleoelvxabfmqiotta/Build/Intermediates.noindex/Sparkle.build/Debug/Autoupdate.build/Objects-normal/arm64/SUSystemProfiler.o
clang: warning: no such include directory: '/Users/buddhirajgautam/Library/Developer/Xcode/DerivedData/Telegram-Mac-fygdgghdgmuleoelvxabfmqiotta/Build/Products/Debug/include' [-Wmissing-include-dirs]
clang: warning: no such include directory: '/Users/buddhirajgautam/Library/Developer/Xcode/DerivedData/Telegram-Mac-fygdgghdgmuleoelvxabfmqiotta/Build/Intermediates.noindex/Sparkle.build/Debug/Autoupdate.build/DerivedSources-normal/arm64' [-Wmissing-include-dirs]
clang: warning: no such include directory: '/Users/buddhirajgautam/Library/Developer/Xcode/DerivedData/Telegram-Mac-fygdgghdgmuleoelvxabfmqiotta/Build/Intermediates.noindex/Sparkle.build/Debug/Autoupdate.build/DerivedSources/arm64' [-Wmissing-include-dirs]
clang: warning: no such include directory: '/Users/buddhirajgautam/Library/Developer/Xcode/DerivedData/Telegram-Mac-fygdgghdgmuleoelvxabfmqiotta/Build/Intermediates.noindex/Sparkle.build/Debug/Autoupdate.build/DerivedSources' [-Wmissing-include-dirs]
/Users/buddhirajgautam/Documents/Cherrygram-Mac/macOS-Swift/submodules/Sparkle/Sparkle/SUSystemProfiler.m:62:19: warning: mixing declarations and code is incompatible with standards before C99 [-Wdeclaration-after-statement]
   62 |         NSString *visibleCPUType;
      |                   ^
/Users/buddhirajgautam/Documents/Cherrygram-Mac/macOS-Swift/submodules/Sparkle/Sparkle/SUSystemProfiler.m:152:134: warning: implicit conversion from 'unsigned long' to 'double' may lose precision [-Wimplicit-int-float-conversion]
  152 |         [profileArray addObject:[NSDictionary dictionaryWithObjects:@[SUSystemProfilerCPUFrequencyKey, @"CPU Speed (MHz)", @(mhz), @(mhz / 1000.)] forKeys:profileDictKeys]];
      |                                                                                                                                      ^~~ ~
/Users/buddhirajgautam/Documents/Cherrygram-Mac/macOS-Swift/submodules/Sparkle/Sparkle/SUSystemProfiler.m:159:28: warning: implicit conversion from 'unsigned long' to 'double' may lose precision [-Wimplicit-int-float-conversion]
  159 |         double megabytes = bytes / (1024. * 1024.);
      |                            ^~~~~ ~
/Users/buddhirajgautam/Documents/Cherrygram-Mac/macOS-Swift/submodules/Sparkle/Sparkle/SUSystemProfiler.m:59:9: warning: mixing declarations and code is incompatible with standards before C99 [-Wdeclaration-after-statement]
   59 |     int cpuType = -1;
      |         ^
4 warnings generated.

CompileC /Users/buddhirajgautam/Library/Developer/Xcode/DerivedData/Telegram-Mac-fygdgghdgmuleoelvxabfmqiotta/Build/Intermediates.noindex/Sparkle.build/Debug/Autoupdate.build/Objects-normal/arm64/SUStatusController.o /Users/buddhirajgautam/Documents/Cherrygram-Mac/macOS-Swift/submodules/Sparkle/Sparkle/SUStatusController.m normal arm64 objective-c com.apple.compilers.llvm.clang.1_0.compiler (in target 'Autoupdate' from project 'Sparkle')
    cd /Users/buddhirajgautam/Documents/Cherrygram-Mac/macOS-Swift/submodules/Sparkle
    
    Using response file: /Users/buddhirajgautam/Library/Developer/Xcode/DerivedData/Telegram-Mac-fygdgghdgmuleoelvxabfmqiotta/Build/Intermediates.noindex/Sparkle.build/Debug/Autoupdate.build/Objects-normal/arm64/e6072d4f65d7061329687fe24e3d63a7-common-args.resp
    
    /Applications/Xcode.app/Contents/Developer/Toolchains/XcodeDefault.xctoolchain/usr/bin/clang -x objective-c -ivfsstatcache /Users/buddhirajgautam/Library/Developer/Xcode/DerivedData/SDKStatCaches.noindex/macosx27.0-26A425-e829b21a6f8c9b70876ba0858053c0447231f6df4def33e022ae2eb8f782df1a.sdkstatcache -target arm64-apple-macos12.0 -fmessage-length\=0 -fdiagnostics-show-note-include-stack -fmacro-backtrace-limit\=0 -fno-color-diagnostics -Wno-trigraphs -Werror\=incompatible-pointer-types -Werror\=implicit-function-declaration -Wmissing-field-initializers -Wmissing-prototypes -Wdocumentation -Wunreachable-code -Wimplicit-atomic-properties -Wno-objc-interface-ivars -Wobjc-missing-property-synthesis -Warc-repeated-use-of-weak -Wno-arc-maybe-repeated-use-of-weak -Wexplicit-ownership-type -Wimplicit-retain-self -Wduplicate-method-match -Wmissing-braces -Wparentheses -Wswitch -Wunused-function -Wunused-label -Wunused-parameter -Wunused-variable -Wunused-value -Wempty-body -Wuninitialized -Wunknown-pragmas -Wshadow -Wfour-char-constants -Wconversion -Wconstant-conversion -Wint-conversion -Wbool-conversion -Wenum-conversion -Wfloat-conversion -Wnon-literal-null-conversion -Wobjc-literal-conversion -Wassign-enum -Wsign-compare -Wshorten-64-to-32 -Wpointer-sign -Wnewline-eof -Wselector -Wstrict-selector-match -Wundeclared-selector -Wdeprecated-implementations -Wno-implicit-fallthrough -isysroot /Applications/Xcode.app/Contents/Developer/Platforms/MacOSX.platform/Developer/SDKs/MacOSX27.0.sdk -fstrict-aliasing -Wprotocol -Wdeprecated-declarations -Wsign-conversion -Winfinite-recursion -Wcomma -Wblock-capture-autoreleasing -Wstrict-prototypes -Wno-semicolon-before-method-body -Wall -Weverything -Wno-unused-macros -Wno-gnu-statement-expression -Wno-arc-repeated-use-of-weak -Wno-auto-import -Wno-gnu-zero-variadic-macro-arguments -Wno-custom-atomic-properties -Wno-implicit-atomic-properties @/Users/buddhirajgautam/Library/Developer/Xcode/DerivedData/Telegram-Mac-fygdgghdgmuleoelvxabfmqiotta/Build/Intermediates.noindex/Sparkle.build/Debug/Autoupdate.build/Objects-normal/arm64/e6072d4f65d7061329687fe24e3d63a7-common-args.resp -MMD -MT dependencies -MF /Users/buddhirajgautam/Library/Developer/Xcode/DerivedData/Telegram-Mac-fygdgghdgmuleoelvxabfmqiotta/Build/Intermediates.noindex/Sparkle.build/Debug/Autoupdate.build/Objects-normal/arm64/SUStatusController.d --serialize-diagnostics /Users/buddhirajgautam/Library/Developer/Xcode/DerivedData/Telegram-Mac-fygdgghdgmuleoelvxabfmqiotta/Build/Intermediates.noindex/Sparkle.build/Debug/Autoupdate.build/Objects-normal/arm64/SUStatusController.dia -c /Users/buddhirajgautam/Documents/Cherrygram-Mac/macOS-Swift/submodules/Sparkle/Sparkle/SUStatusController.m -o /Users/buddhirajgautam/Library/Developer/Xcode/DerivedData/Telegram-Mac-fygdgghdgmuleoelvxabfmqiotta/Build/Intermediates.noindex/Sparkle.build/Debug/Autoupdate.build/Objects-normal/arm64/SUStatusController.o
clang: warning: no such include directory: '/Users/buddhirajgautam/Library/Developer/Xcode/DerivedData/Telegram-Mac-fygdgghdgmuleoelvxabfmqiotta/Build/Products/Debug/include' [-Wmissing-include-dirs]
clang: warning: no such include directory: '/Users/buddhirajgautam/Library/Developer/Xcode/DerivedData/Telegram-Mac-fygdgghdgmuleoelvxabfmqiotta/Build/Intermediates.noindex/Sparkle.build/Debug/Autoupdate.build/DerivedSources-normal/arm64' [-Wmissing-include-dirs]
clang: warning: no such include directory: '/Users/buddhirajgautam/Library/Developer/Xcode/DerivedData/Telegram-Mac-fygdgghdgmuleoelvxabfmqiotta/Build/Intermediates.noindex/Sparkle.build/Debug/Autoupdate.build/DerivedSources/arm64' [-Wmissing-include-dirs]
clang: warning: no such include directory: '/Users/buddhirajgautam/Library/Developer/Xcode/DerivedData/Telegram-Mac-fygdgghdgmuleoelvxabfmqiotta/Build/Intermediates.noindex/Sparkle.build/Debug/Autoupdate.build/DerivedSources' [-Wmissing-include-dirs]

CompileC /Users/buddhirajgautam/Library/Developer/Xcode/DerivedData/Telegram-Mac-fygdgghdgmuleoelvxabfmqiotta/Build/Intermediates.noindex/Sparkle.build/Debug/Autoupdate.build/Objects-normal/arm64/SUStandardVersionComparator.o /Users/buddhirajgautam/Documents/Cherrygram-Mac/macOS-Swift/submodules/Sparkle/Sparkle/SUStandardVersionComparator.m normal arm64 objective-c com.apple.compilers.llvm.clang.1_0.compiler (in target 'Autoupdate' from project 'Sparkle')
    cd /Users/buddhirajgautam/Documents/Cherrygram-Mac/macOS-Swift/submodules/Sparkle
    
    Using response file: /Users/buddhirajgautam/Library/Developer/Xcode/DerivedData/Telegram-Mac-fygdgghdgmuleoelvxabfmqiotta/Build/Intermediates.noindex/Sparkle.build/Debug/Autoupdate.build/Objects-normal/arm64/e6072d4f65d7061329687fe24e3d63a7-common-args.resp
    
    /Applications/Xcode.app/Contents/Developer/Toolchains/XcodeDefault.xctoolchain/usr/bin/clang -x objective-c -ivfsstatcache /Users/buddhirajgautam/Library/Developer/Xcode/DerivedData/SDKStatCaches.noindex/macosx27.0-26A425-e829b21a6f8c9b70876ba0858053c0447231f6df4def33e022ae2eb8f782df1a.sdkstatcache -target arm64-apple-macos12.0 -fmessage-length\=0 -fdiagnostics-show-note-include-stack -fmacro-backtrace-limit\=0 -fno-color-diagnostics -Wno-trigraphs -Werror\=incompatible-pointer-types -Werror\=implicit-function-declaration -Wmissing-field-initializers -Wmissing-prototypes -Wdocumentation -Wunreachable-code -Wimplicit-atomic-properties -Wno-objc-interface-ivars -Wobjc-missing-property-synthesis -Warc-repeated-use-of-weak -Wno-arc-maybe-repeated-use-of-weak -Wexplicit-ownership-type -Wimplicit-retain-self -Wduplicate-method-match -Wmissing-braces -Wparentheses -Wswitch -Wunused-function -Wunused-label -Wunused-parameter -Wunused-variable -Wunused-value -Wempty-body -Wuninitialized -Wunknown-pragmas -Wshadow -Wfour-char-constants -Wconversion -Wconstant-conversion -Wint-conversion -Wbool-conversion -Wenum-conversion -Wfloat-conversion -Wnon-literal-null-conversion -Wobjc-literal-conversion -Wassign-enum -Wsign-compare -Wshorten-64-to-32 -Wpointer-sign -Wnewline-eof -Wselector -Wstrict-selector-match -Wundeclared-selector -Wdeprecated-implementations -Wno-implicit-fallthrough -isysroot /Applications/Xcode.app/Contents/Developer/Platforms/MacOSX.platform/Developer/SDKs/MacOSX27.0.sdk -fstrict-aliasing -Wprotocol -Wdeprecated-declarations -Wsign-conversion -Winfinite-recursion -Wcomma -Wblock-capture-autoreleasing -Wstrict-prototypes -Wno-semicolon-before-method-body -Wall -Weverything -Wno-unused-macros -Wno-gnu-statement-expression -Wno-arc-repeated-use-of-weak -Wno-auto-import -Wno-gnu-zero-variadic-macro-arguments -Wno-custom-atomic-properties -Wno-implicit-atomic-properties @/Users/buddhirajgautam/Library/Developer/Xcode/DerivedData/Telegram-Mac-fygdgghdgmuleoelvxabfmqiotta/Build/Intermediates.noindex/Sparkle.build/Debug/Autoupdate.build/Objects-normal/arm64/e6072d4f65d7061329687fe24e3d63a7-common-args.resp -MMD -MT dependencies -MF /Users/buddhirajgautam/Library/Developer/Xcode/DerivedData/Telegram-Mac-fygdgghdgmuleoelvxabfmqiotta/Build/Intermediates.noindex/Sparkle.build/Debug/Autoupdate.build/Objects-normal/arm64/SUStandardVersionComparator.d --serialize-diagnostics /Users/buddhirajgautam/Library/Developer/Xcode/DerivedData/Telegram-Mac-fygdgghdgmuleoelvxabfmqiotta/Build/Intermediates.noindex/Sparkle.build/Debug/Autoupdate.build/Objects-normal/arm64/SUStandardVersionComparator.dia -c /Users/buddhirajgautam/Documents/Cherrygram-Mac/macOS-Swift/submodules/Sparkle/Sparkle/SUStandardVersionComparator.m -o /Users/buddhirajgautam/Library/Developer/Xcode/DerivedData/Telegram-Mac-fygdgghdgmuleoelvxabfmqiotta/Build/Intermediates.noindex/Sparkle.build/Debug/Autoupdate.build/Objects-normal/arm64/SUStandardVersionComparator.o
clang: warning: no such include directory: '/Users/buddhirajgautam/Library/Developer/Xcode/DerivedData/Telegram-Mac-fygdgghdgmuleoelvxabfmqiotta/Build/Products/Debug/include' [-Wmissing-include-dirs]
clang: warning: no such include directory: '/Users/buddhirajgautam/Library/Developer/Xcode/DerivedData/Telegram-Mac-fygdgghdgmuleoelvxabfmqiotta/Build/Intermediates.noindex/Sparkle.build/Debug/Autoupdate.build/DerivedSources-normal/arm64' [-Wmissing-include-dirs]
clang: warning: no such include directory: '/Users/buddhirajgautam/Library/Developer/Xcode/DerivedData/Telegram-Mac-fygdgghdgmuleoelvxabfmqiotta/Build/Intermediates.noindex/Sparkle.build/Debug/Autoupdate.build/DerivedSources/arm64' [-Wmissing-include-dirs]
clang: warning: no such include directory: '/Users/buddhirajgautam/Library/Developer/Xcode/DerivedData/Telegram-Mac-fygdgghdgmuleoelvxabfmqiotta/Build/Intermediates.noindex/Sparkle.build/Debug/Autoupdate.build/DerivedSources' [-Wmissing-include-dirs]

CompileC /Users/buddhirajgautam/Library/Developer/Xcode/DerivedData/Telegram-Mac-fygdgghdgmuleoelvxabfmqiotta/Build/Intermediates.noindex/Sparkle.build/Debug/Autoupdate.build/Objects-normal/arm64/SUSignatures.o /Users/buddhirajgautam/Documents/Cherrygram-Mac/macOS-Swift/submodules/Sparkle/Sparkle/SUSignatures.m normal arm64 objective-c com.apple.compilers.llvm.clang.1_0.compiler (in target 'Autoupdate' from project 'Sparkle')
    cd /Users/buddhirajgautam/Documents/Cherrygram-Mac/macOS-Swift/submodules/Sparkle
    
    Using response file: /Users/buddhirajgautam/Library/Developer/Xcode/DerivedData/Telegram-Mac-fygdgghdgmuleoelvxabfmqiotta/Build/Intermediates.noindex/Sparkle.build/Debug/Autoupdate.build/Objects-normal/arm64/e6072d4f65d7061329687fe24e3d63a7-common-args.resp
    
    /Applications/Xcode.app/Contents/Developer/Toolchains/XcodeDefault.xctoolchain/usr/bin/clang -x objective-c -ivfsstatcache /Users/buddhirajgautam/Library/Developer/Xcode/DerivedData/SDKStatCaches.noindex/macosx27.0-26A425-e829b21a6f8c9b70876ba0858053c0447231f6df4def33e022ae2eb8f782df1a.sdkstatcache -target arm64-apple-macos12.0 -fmessage-length\=0 -fdiagnostics-show-note-include-stack -fmacro-backtrace-limit\=0 -fno-color-diagnostics -Wno-trigraphs -Werror\=incompatible-pointer-types -Werror\=implicit-function-declaration -Wmissing-field-initializers -Wmissing-prototypes -Wdocumentation -Wunreachable-code -Wimplicit-atomic-properties -Wno-objc-interface-ivars -Wobjc-missing-property-synthesis -Warc-repeated-use-of-weak -Wno-arc-maybe-repeated-use-of-weak -Wexplicit-ownership-type -Wimplicit-retain-self -Wduplicate-method-match -Wmissing-braces -Wparentheses -Wswitch -Wunused-function -Wunused-label -Wunused-parameter -Wunused-variable -Wunused-value -Wempty-body -Wuninitialized -Wunknown-pragmas -Wshadow -Wfour-char-constants -Wconversion -Wconstant-conversion -Wint-conversion -Wbool-conversion -Wenum-conversion -Wfloat-conversion -Wnon-literal-null-conversion -Wobjc-literal-conversion -Wassign-enum -Wsign-compare -Wshorten-64-to-32 -Wpointer-sign -Wnewline-eof -Wselector -Wstrict-selector-match -Wundeclared-selector -Wdeprecated-implementations -Wno-implicit-fallthrough -isysroot /Applications/Xcode.app/Contents/Developer/Platforms/MacOSX.platform/Developer/SDKs/MacOSX27.0.sdk -fstrict-aliasing -Wprotocol -Wdeprecated-declarations -Wsign-conversion -Winfinite-recursion -Wcomma -Wblock-capture-autoreleasing -Wstrict-prototypes -Wno-semicolon-before-method-body -Wall -Weverything -Wno-unused-macros -Wno-gnu-statement-expression -Wno-arc-repeated-use-of-weak -Wno-auto-import -Wno-gnu-zero-variadic-macro-arguments -Wno-custom-atomic-properties -Wno-implicit-atomic-properties @/Users/buddhirajgautam/Library/Developer/Xcode/DerivedData/Telegram-Mac-fygdgghdgmuleoelvxabfmqiotta/Build/Intermediates.noindex/Sparkle.build/Debug/Autoupdate.build/Objects-normal/arm64/e6072d4f65d7061329687fe24e3d63a7-common-args.resp -MMD -MT dependencies -MF /Users/buddhirajgautam/Library/Developer/Xcode/DerivedData/Telegram-Mac-fygdgghdgmuleoelvxabfmqiotta/Build/Intermediates.noindex/Sparkle.build/Debug/Autoupdate.build/Objects-normal/arm64/SUSignatures.d --serialize-diagnostics /Users/buddhirajgautam/Library/Developer/Xcode/DerivedData/Telegram-Mac-fygdgghdgmuleoelvxabfmqiotta/Build/Intermediates.noindex/Sparkle.build/Debug/Autoupdate.build/Objects-normal/arm64/SUSignatures.dia -c /Users/buddhirajgautam/Documents/Cherrygram-Mac/macOS-Swift/submodules/Sparkle/Sparkle/SUSignatures.m -o /Users/buddhirajgautam/Library/Developer/Xcode/DerivedData/Telegram-Mac-fygdgghdgmuleoelvxabfmqiotta/Build/Intermediates.noindex/Sparkle.build/Debug/Autoupdate.build/Objects-normal/arm64/SUSignatures.o
clang: warning: no such include directory: '/Users/buddhirajgautam/Library/Developer/Xcode/DerivedData/Telegram-Mac-fygdgghdgmuleoelvxabfmqiotta/Build/Products/Debug/include' [-Wmissing-include-dirs]
clang: warning: no such include directory: '/Users/buddhirajgautam/Library/Developer/Xcode/DerivedData/Telegram-Mac-fygdgghdgmuleoelvxabfmqiotta/Build/Intermediates.noindex/Sparkle.build/Debug/Autoupdate.build/DerivedSources-normal/arm64' [-Wmissing-include-dirs]
clang: warning: no such include directory: '/Users/buddhirajgautam/Library/Developer/Xcode/DerivedData/Telegram-Mac-fygdgghdgmuleoelvxabfmqiotta/Build/Intermediates.noindex/Sparkle.build/Debug/Autoupdate.build/DerivedSources/arm64' [-Wmissing-include-dirs]
clang: warning: no such include directory: '/Users/buddhirajgautam/Library/Developer/Xcode/DerivedData/Telegram-Mac-fygdgghdgmuleoelvxabfmqiotta/Build/Intermediates.noindex/Sparkle.build/Debug/Autoupdate.build/DerivedSources' [-Wmissing-include-dirs]
/Users/buddhirajgautam/Documents/Cherrygram-Mac/macOS-Swift/submodules/Sparkle/Sparkle/SUSignatures.m:42:38: warning: instance variable 'ed25519_signature' is being directly accessed [-Wdirect-ivar-access]
   42 |     for(size_t i=0; i < sizeof(self->ed25519_signature); i++) {
      |                                      ^
/Users/buddhirajgautam/Documents/Cherrygram-Mac/macOS-Swift/submodules/Sparkle/Sparkle/SUSignatures.m:43:19: warning: instance variable 'ed25519_signature' is being directly accessed [-Wdirect-ivar-access]
   43 |         if (self->ed25519_signature[i] != 0) {
      |                   ^
/Users/buddhirajgautam/Documents/Cherrygram-Mac/macOS-Swift/submodules/Sparkle/Sparkle/SUSignatures.m:44:26: warning: instance variable 'ed25519_signature' is being directly accessed [-Wdirect-ivar-access]
   44 |             return self->ed25519_signature;
      |                          ^
/Users/buddhirajgautam/Documents/Cherrygram-Mac/macOS-Swift/submodules/Sparkle/Sparkle/SUSignatures.m:22:28: warning: 'initWithBase64Encoding:' is deprecated: first deprecated in macOS 10.9 - Use initWithBase64EncodedString:options: instead [-Wdeprecated-declarations]
   22 |     return [[NSData alloc] initWithBase64Encoding:stripped];
      |                            ^
In file included from /Users/buddhirajgautam/Documents/Cherrygram-Mac/macOS-Swift/submodules/Sparkle/Sparkle/SUSignatures.m:9:
In file included from /Users/buddhirajgautam/Documents/Cherrygram-Mac/macOS-Swift/submodules/Sparkle/Sparkle/SUSignatures.h:9:
In file included from /Applications/Xcode.app/Contents/Developer/Platforms/MacOSX.platform/Developer/SDKs/MacOSX27.0.sdk/System/Library/Frameworks/Foundation.framework/Headers/Foundation.h:18:
/Applications/Xcode.app/Contents/Developer/Platforms/MacOSX.platform/Developer/SDKs/MacOSX27.0.sdk/System/Library/Frameworks/Foundation.framework/Headers/NSData.h:526:1: note: 'initWithBase64Encoding:' has been explicitly marked deprecated here
  526 | - (nullable id)initWithBase64Encoding:(NSString *)base64String API_DEPRECATED("Use initWithBase64EncodedString:options: instead", macos(10.6,10.9), ios(4.0,7.0), watchos(2.0,2.0), tvos(9.0,9.0));
      | ^
/Users/buddhirajgautam/Documents/Cherrygram-Mac/macOS-Swift/submodules/Sparkle/Sparkle/SUSignatures.m:21:15: warning: mixing declarations and code is incompatible with standards before C99 [-Wdeclaration-after-statement]
   21 |     NSString *stripped = [str stringByTrimmingCharactersInSet:NSCharacterSet.whitespaceAndNewlineCharacterSet];
      |               ^
/Users/buddhirajgautam/Documents/Cherrygram-Mac/macOS-Swift/submodules/Sparkle/Sparkle/SUSignatures.m:80:38: warning: instance variable 'ed25519_public_key' is being directly accessed [-Wdirect-ivar-access]
   80 |     for(size_t i=0; i < sizeof(self->ed25519_public_key); i++) {
      |                                      ^
/Users/buddhirajgautam/Documents/Cherrygram-Mac/macOS-Swift/submodules/Sparkle/Sparkle/SUSignatures.m:81:19: warning: instance variable 'ed25519_public_key' is being directly accessed [-Wdirect-ivar-access]
   81 |         if (self->ed25519_public_key[i] != 0) {
      |                   ^
/Users/buddhirajgautam/Documents/Cherrygram-Mac/macOS-Swift/submodules/Sparkle/Sparkle/SUSignatures.m:82:26: warning: instance variable 'ed25519_public_key' is being directly accessed [-Wdirect-ivar-access]
   82 |             return self->ed25519_public_key;
      |                          ^
8 warnings generated.

CompileC /Users/buddhirajgautam/Library/Developer/Xcode/DerivedData/Telegram-Mac-fygdgghdgmuleoelvxabfmqiotta/Build/Intermediates.noindex/Sparkle.build/Debug/Autoupdate.build/Objects-normal/arm64/SUPlainInstaller.o /Users/buddhirajgautam/Documents/Cherrygram-Mac/macOS-Swift/submodules/Sparkle/Sparkle/SUPlainInstaller.m normal arm64 objective-c com.apple.compilers.llvm.clang.1_0.compiler (in target 'Autoupdate' from project 'Sparkle')
    cd /Users/buddhirajgautam/Documents/Cherrygram-Mac/macOS-Swift/submodules/Sparkle
    
    Using response file: /Users/buddhirajgautam/Library/Developer/Xcode/DerivedData/Telegram-Mac-fygdgghdgmuleoelvxabfmqiotta/Build/Intermediates.noindex/Sparkle.build/Debug/Autoupdate.build/Objects-normal/arm64/e6072d4f65d7061329687fe24e3d63a7-common-args.resp
    
    /Applications/Xcode.app/Contents/Developer/Toolchains/XcodeDefault.xctoolchain/usr/bin/clang -x objective-c -ivfsstatcache /Users/buddhirajgautam/Library/Developer/Xcode/DerivedData/SDKStatCaches.noindex/macosx27.0-26A425-e829b21a6f8c9b70876ba0858053c0447231f6df4def33e022ae2eb8f782df1a.sdkstatcache -target arm64-apple-macos12.0 -fmessage-length\=0 -fdiagnostics-show-note-include-stack -fmacro-backtrace-limit\=0 -fno-color-diagnostics -Wno-trigraphs -Werror\=incompatible-pointer-types -Werror\=implicit-function-declaration -Wmissing-field-initializers -Wmissing-prototypes -Wdocumentation -Wunreachable-code -Wimplicit-atomic-properties -Wno-objc-interface-ivars -Wobjc-missing-property-synthesis -Warc-repeated-use-of-weak -Wno-arc-maybe-repeated-use-of-weak -Wexplicit-ownership-type -Wimplicit-retain-self -Wduplicate-method-match -Wmissing-braces -Wparentheses -Wswitch -Wunused-function -Wunused-label -Wunused-parameter -Wunused-variable -Wunused-value -Wempty-body -Wuninitialized -Wunknown-pragmas -Wshadow -Wfour-char-constants -Wconversion -Wconstant-conversion -Wint-conversion -Wbool-conversion -Wenum-conversion -Wfloat-conversion -Wnon-literal-null-conversion -Wobjc-literal-conversion -Wassign-enum -Wsign-compare -Wshorten-64-to-32 -Wpointer-sign -Wnewline-eof -Wselector -Wstrict-selector-match -Wundeclared-selector -Wdeprecated-implementations -Wno-implicit-fallthrough -isysroot /Applications/Xcode.app/Contents/Developer/Platforms/MacOSX.platform/Developer/SDKs/MacOSX27.0.sdk -fstrict-aliasing -Wprotocol -Wdeprecated-declarations -Wsign-conversion -Winfinite-recursion -Wcomma -Wblock-capture-autoreleasing -Wstrict-prototypes -Wno-semicolon-before-method-body -Wall -Weverything -Wno-unused-macros -Wno-gnu-statement-expression -Wno-arc-repeated-use-of-weak -Wno-auto-import -Wno-gnu-zero-variadic-macro-arguments -Wno-custom-atomic-properties -Wno-implicit-atomic-properties @/Users/buddhirajgautam/Library/Developer/Xcode/DerivedData/Telegram-Mac-fygdgghdgmuleoelvxabfmqiotta/Build/Intermediates.noindex/Sparkle.build/Debug/Autoupdate.build/Objects-normal/arm64/e6072d4f65d7061329687fe24e3d63a7-common-args.resp -MMD -MT dependencies -MF /Users/buddhirajgautam/Library/Developer/Xcode/DerivedData/Telegram-Mac-fygdgghdgmuleoelvxabfmqiotta/Build/Intermediates.noindex/Sparkle.build/Debug/Autoupdate.build/Objects-normal/arm64/SUPlainInstaller.d --serialize-diagnostics /Users/buddhirajgautam/Library/Developer/Xcode/DerivedData/Telegram-Mac-fygdgghdgmuleoelvxabfmqiotta/Build/Intermediates.noindex/Sparkle.build/Debug/Autoupdate.build/Objects-normal/arm64/SUPlainInstaller.dia -c /Users/buddhirajgautam/Documents/Cherrygram-Mac/macOS-Swift/submodules/Sparkle/Sparkle/SUPlainInstaller.m -o /Users/buddhirajgautam/Library/Developer/Xcode/DerivedData/Telegram-Mac-fygdgghdgmuleoelvxabfmqiotta/Build/Intermediates.noindex/Sparkle.build/Debug/Autoupdate.build/Objects-normal/arm64/SUPlainInstaller.o
clang: warning: no such include directory: '/Users/buddhirajgautam/Library/Developer/Xcode/DerivedData/Telegram-Mac-fygdgghdgmuleoelvxabfmqiotta/Build/Products/Debug/include' [-Wmissing-include-dirs]
clang: warning: no such include directory: '/Users/buddhirajgautam/Library/Developer/Xcode/DerivedData/Telegram-Mac-fygdgghdgmuleoelvxabfmqiotta/Build/Intermediates.noindex/Sparkle.build/Debug/Autoupdate.build/DerivedSources-normal/arm64' [-Wmissing-include-dirs]
clang: warning: no such include directory: '/Users/buddhirajgautam/Library/Developer/Xcode/DerivedData/Telegram-Mac-fygdgghdgmuleoelvxabfmqiotta/Build/Intermediates.noindex/Sparkle.build/Debug/Autoupdate.build/DerivedSources/arm64' [-Wmissing-include-dirs]
clang: warning: no such include directory: '/Users/buddhirajgautam/Library/Developer/Xcode/DerivedData/Telegram-Mac-fygdgghdgmuleoelvxabfmqiotta/Build/Intermediates.noindex/Sparkle.build/Debug/Autoupdate.build/DerivedSources' [-Wmissing-include-dirs]
/Users/buddhirajgautam/Documents/Cherrygram-Mac/macOS-Swift/submodules/Sparkle/Sparkle/SUPlainInstaller.m:79:20: warning: mixing declarations and code is incompatible with standards before C99 [-Wdeclaration-after-statement]
   79 |     SUFileManager *fileManager = [SUFileManager fileManagerWithAuthorizationToolPath:fileOperationToolPath];
      |                    ^
1 warning generated.

CompileC /Users/buddhirajgautam/Library/Developer/Xcode/DerivedData/Telegram-Mac-fygdgghdgmuleoelvxabfmqiotta/Build/Intermediates.noindex/Sparkle.build/Debug/Autoupdate.build/Objects-normal/arm64/SUPackageInstaller.o /Users/buddhirajgautam/Documents/Cherrygram-Mac/macOS-Swift/submodules/Sparkle/Sparkle/SUPackageInstaller.m normal arm64 objective-c com.apple.compilers.llvm.clang.1_0.compiler (in target 'Autoupdate' from project 'Sparkle')
    cd /Users/buddhirajgautam/Documents/Cherrygram-Mac/macOS-Swift/submodules/Sparkle
    
    Using response file: /Users/buddhirajgautam/Library/Developer/Xcode/DerivedData/Telegram-Mac-fygdgghdgmuleoelvxabfmqiotta/Build/Intermediates.noindex/Sparkle.build/Debug/Autoupdate.build/Objects-normal/arm64/e6072d4f65d7061329687fe24e3d63a7-common-args.resp
    
    /Applications/Xcode.app/Contents/Developer/Toolchains/XcodeDefault.xctoolchain/usr/bin/clang -x objective-c -ivfsstatcache /Users/buddhirajgautam/Library/Developer/Xcode/DerivedData/SDKStatCaches.noindex/macosx27.0-26A425-e829b21a6f8c9b70876ba0858053c0447231f6df4def33e022ae2eb8f782df1a.sdkstatcache -target arm64-apple-macos12.0 -fmessage-length\=0 -fdiagnostics-show-note-include-stack -fmacro-backtrace-limit\=0 -fno-color-diagnostics -Wno-trigraphs -Werror\=incompatible-pointer-types -Werror\=implicit-function-declaration -Wmissing-field-initializers -Wmissing-prototypes -Wdocumentation -Wunreachable-code -Wimplicit-atomic-properties -Wno-objc-interface-ivars -Wobjc-missing-property-synthesis -Warc-repeated-use-of-weak -Wno-arc-maybe-repeated-use-of-weak -Wexplicit-ownership-type -Wimplicit-retain-self -Wduplicate-method-match -Wmissing-braces -Wparentheses -Wswitch -Wunused-function -Wunused-label -Wunused-parameter -Wunused-variable -Wunused-value -Wempty-body -Wuninitialized -Wunknown-pragmas -Wshadow -Wfour-char-constants -Wconversion -Wconstant-conversion -Wint-conversion -Wbool-conversion -Wenum-conversion -Wfloat-conversion -Wnon-literal-null-conversion -Wobjc-literal-conversion -Wassign-enum -Wsign-compare -Wshorten-64-to-32 -Wpointer-sign -Wnewline-eof -Wselector -Wstrict-selector-match -Wundeclared-selector -Wdeprecated-implementations -Wno-implicit-fallthrough -isysroot /Applications/Xcode.app/Contents/Developer/Platforms/MacOSX.platform/Developer/SDKs/MacOSX27.0.sdk -fstrict-aliasing -Wprotocol -Wdeprecated-declarations -Wsign-conversion -Winfinite-recursion -Wcomma -Wblock-capture-autoreleasing -Wstrict-prototypes -Wno-semicolon-before-method-body -Wall -Weverything -Wno-unused-macros -Wno-gnu-statement-expression -Wno-arc-repeated-use-of-weak -Wno-auto-import -Wno-gnu-zero-variadic-macro-arguments -Wno-custom-atomic-properties -Wno-implicit-atomic-properties @/Users/buddhirajgautam/Library/Developer/Xcode/DerivedData/Telegram-Mac-fygdgghdgmuleoelvxabfmqiotta/Build/Intermediates.noindex/Sparkle.build/Debug/Autoupdate.build/Objects-normal/arm64/e6072d4f65d7061329687fe24e3d63a7-common-args.resp -MMD -MT dependencies -MF /Users/buddhirajgautam/Library/Developer/Xcode/DerivedData/Telegram-Mac-fygdgghdgmuleoelvxabfmqiotta/Build/Intermediates.noindex/Sparkle.build/Debug/Autoupdate.build/Objects-normal/arm64/SUPackageInstaller.d --serialize-diagnostics /Users/buddhirajgautam/Library/Developer/Xcode/DerivedData/Telegram-Mac-fygdgghdgmuleoelvxabfmqiotta/Build/Intermediates.noindex/Sparkle.build/Debug/Autoupdate.build/Objects-normal/arm64/SUPackageInstaller.dia -c /Users/buddhirajgautam/Documents/Cherrygram-Mac/macOS-Swift/submodules/Sparkle/Sparkle/SUPackageInstaller.m -o /Users/buddhirajgautam/Library/Developer/Xcode/DerivedData/Telegram-Mac-fygdgghdgmuleoelvxabfmqiotta/Build/Intermediates.noindex/Sparkle.build/Debug/Autoupdate.build/Objects-normal/arm64/SUPackageInstaller.o
clang: warning: no such include directory: '/Users/buddhirajgautam/Library/Developer/Xcode/DerivedData/Telegram-Mac-fygdgghdgmuleoelvxabfmqiotta/Build/Products/Debug/include' [-Wmissing-include-dirs]
clang: warning: no such include directory: '/Users/buddhirajgautam/Library/Developer/Xcode/DerivedData/Telegram-Mac-fygdgghdgmuleoelvxabfmqiotta/Build/Intermediates.noindex/Sparkle.build/Debug/Autoupdate.build/DerivedSources-normal/arm64' [-Wmissing-include-dirs]
clang: warning: no such include directory: '/Users/buddhirajgautam/Library/Developer/Xcode/DerivedData/Telegram-Mac-fygdgghdgmuleoelvxabfmqiotta/Build/Intermediates.noindex/Sparkle.build/Debug/Autoupdate.build/DerivedSources/arm64' [-Wmissing-include-dirs]
clang: warning: no such include directory: '/Users/buddhirajgautam/Library/Developer/Xcode/DerivedData/Telegram-Mac-fygdgghdgmuleoelvxabfmqiotta/Build/Intermediates.noindex/Sparkle.build/Debug/Autoupdate.build/DerivedSources' [-Wmissing-include-dirs]

CompileC /Users/buddhirajgautam/Library/Developer/Xcode/DerivedData/Telegram-Mac-fygdgghdgmuleoelvxabfmqiotta/Build/Intermediates.noindex/Sparkle.build/Debug/Autoupdate.build/Objects-normal/arm64/SUOperatingSystem.o /Users/buddhirajgautam/Documents/Cherrygram-Mac/macOS-Swift/submodules/Sparkle/Sparkle/SUOperatingSystem.m normal arm64 objective-c com.apple.compilers.llvm.clang.1_0.compiler (in target 'Autoupdate' from project 'Sparkle')
    cd /Users/buddhirajgautam/Documents/Cherrygram-Mac/macOS-Swift/submodules/Sparkle
    
    Using response file: /Users/buddhirajgautam/Library/Developer/Xcode/DerivedData/Telegram-Mac-fygdgghdgmuleoelvxabfmqiotta/Build/Intermediates.noindex/Sparkle.build/Debug/Autoupdate.build/Objects-normal/arm64/e6072d4f65d7061329687fe24e3d63a7-common-args.resp
    
    /Applications/Xcode.app/Contents/Developer/Toolchains/XcodeDefault.xctoolchain/usr/bin/clang -x objective-c -ivfsstatcache /Users/buddhirajgautam/Library/Developer/Xcode/DerivedData/SDKStatCaches.noindex/macosx27.0-26A425-e829b21a6f8c9b70876ba0858053c0447231f6df4def33e022ae2eb8f782df1a.sdkstatcache -target arm64-apple-macos12.0 -fmessage-length\=0 -fdiagnostics-show-note-include-stack -fmacro-backtrace-limit\=0 -fno-color-diagnostics -Wno-trigraphs -Werror\=incompatible-pointer-types -Werror\=implicit-function-declaration -Wmissing-field-initializers -Wmissing-prototypes -Wdocumentation -Wunreachable-code -Wimplicit-atomic-properties -Wno-objc-interface-ivars -Wobjc-missing-property-synthesis -Warc-repeated-use-of-weak -Wno-arc-maybe-repeated-use-of-weak -Wexplicit-ownership-type -Wimplicit-retain-self -Wduplicate-method-match -Wmissing-braces -Wparentheses -Wswitch -Wunused-function -Wunused-label -Wunused-parameter -Wunused-variable -Wunused-value -Wempty-body -Wuninitialized -Wunknown-pragmas -Wshadow -Wfour-char-constants -Wconversion -Wconstant-conversion -Wint-conversion -Wbool-conversion -Wenum-conversion -Wfloat-conversion -Wnon-literal-null-conversion -Wobjc-literal-conversion -Wassign-enum -Wsign-compare -Wshorten-64-to-32 -Wpointer-sign -Wnewline-eof -Wselector -Wstrict-selector-match -Wundeclared-selector -Wdeprecated-implementations -Wno-implicit-fallthrough -isysroot /Applications/Xcode.app/Contents/Developer/Platforms/MacOSX.platform/Developer/SDKs/MacOSX27.0.sdk -fstrict-aliasing -Wprotocol -Wdeprecated-declarations -Wsign-conversion -Winfinite-recursion -Wcomma -Wblock-capture-autoreleasing -Wstrict-prototypes -Wno-semicolon-before-method-body -Wall -Weverything -Wno-unused-macros -Wno-gnu-statement-expression -Wno-arc-repeated-use-of-weak -Wno-auto-import -Wno-gnu-zero-variadic-macro-arguments -Wno-custom-atomic-properties -Wno-implicit-atomic-properties @/Users/buddhirajgautam/Library/Developer/Xcode/DerivedData/Telegram-Mac-fygdgghdgmuleoelvxabfmqiotta/Build/Intermediates.noindex/Sparkle.build/Debug/Autoupdate.build/Objects-normal/arm64/e6072d4f65d7061329687fe24e3d63a7-common-args.resp -MMD -MT dependencies -MF /Users/buddhirajgautam/Library/Developer/Xcode/DerivedData/Telegram-Mac-fygdgghdgmuleoelvxabfmqiotta/Build/Intermediates.noindex/Sparkle.build/Debug/Autoupdate.build/Objects-normal/arm64/SUOperatingSystem.d --serialize-diagnostics /Users/buddhirajgautam/Library/Developer/Xcode/DerivedData/Telegram-Mac-fygdgghdgmuleoelvxabfmqiotta/Build/Intermediates.noindex/Sparkle.build/Debug/Autoupdate.build/Objects-normal/arm64/SUOperatingSystem.dia -c /Users/buddhirajgautam/Documents/Cherrygram-Mac/macOS-Swift/submodules/Sparkle/Sparkle/SUOperatingSystem.m -o /Users/buddhirajgautam/Library/Developer/Xcode/DerivedData/Telegram-Mac-fygdgghdgmuleoelvxabfmqiotta/Build/Intermediates.noindex/Sparkle.build/Debug/Autoupdate.build/Objects-normal/arm64/SUOperatingSystem.o
clang: warning: no such include directory: '/Users/buddhirajgautam/Library/Developer/Xcode/DerivedData/Telegram-Mac-fygdgghdgmuleoelvxabfmqiotta/Build/Products/Debug/include' [-Wmissing-include-dirs]
clang: warning: no such include directory: '/Users/buddhirajgautam/Library/Developer/Xcode/DerivedData/Telegram-Mac-fygdgghdgmuleoelvxabfmqiotta/Build/Intermediates.noindex/Sparkle.build/Debug/Autoupdate.build/DerivedSources-normal/arm64' [-Wmissing-include-dirs]
clang: warning: no such include directory: '/Users/buddhirajgautam/Library/Developer/Xcode/DerivedData/Telegram-Mac-fygdgghdgmuleoelvxabfmqiotta/Build/Intermediates.noindex/Sparkle.build/Debug/Autoupdate.build/DerivedSources/arm64' [-Wmissing-include-dirs]
clang: warning: no such include directory: '/Users/buddhirajgautam/Library/Developer/Xcode/DerivedData/Telegram-Mac-fygdgghdgmuleoelvxabfmqiotta/Build/Intermediates.noindex/Sparkle.build/Debug/Autoupdate.build/DerivedSources' [-Wmissing-include-dirs]

CompileC /Users/buddhirajgautam/Library/Developer/Xcode/DerivedData/Telegram-Mac-fygdgghdgmuleoelvxabfmqiotta/Build/Intermediates.noindex/Sparkle.build/Debug/Autoupdate.build/Objects-normal/arm64/SULog.o /Users/buddhirajgautam/Documents/Cherrygram-Mac/macOS-Swift/submodules/Sparkle/Sparkle/SULog.m normal arm64 objective-c com.apple.compilers.llvm.clang.1_0.compiler (in target 'Autoupdate' from project 'Sparkle')
    cd /Users/buddhirajgautam/Documents/Cherrygram-Mac/macOS-Swift/submodules/Sparkle
    
    Using response file: /Users/buddhirajgautam/Library/Developer/Xcode/DerivedData/Telegram-Mac-fygdgghdgmuleoelvxabfmqiotta/Build/Intermediates.noindex/Sparkle.build/Debug/Autoupdate.build/Objects-normal/arm64/e6072d4f65d7061329687fe24e3d63a7-common-args.resp
    
    /Applications/Xcode.app/Contents/Developer/Toolchains/XcodeDefault.xctoolchain/usr/bin/clang -x objective-c -ivfsstatcache /Users/buddhirajgautam/Library/Developer/Xcode/DerivedData/SDKStatCaches.noindex/macosx27.0-26A425-e829b21a6f8c9b70876ba0858053c0447231f6df4def33e022ae2eb8f782df1a.sdkstatcache -target arm64-apple-macos12.0 -fmessage-length\=0 -fdiagnostics-show-note-include-stack -fmacro-backtrace-limit\=0 -fno-color-diagnostics -Wno-trigraphs -Werror\=incompatible-pointer-types -Werror\=implicit-function-declaration -Wmissing-field-initializers -Wmissing-prototypes -Wdocumentation -Wunreachable-code -Wimplicit-atomic-properties -Wno-objc-interface-ivars -Wobjc-missing-property-synthesis -Warc-repeated-use-of-weak -Wno-arc-maybe-repeated-use-of-weak -Wexplicit-ownership-type -Wimplicit-retain-self -Wduplicate-method-match -Wmissing-braces -Wparentheses -Wswitch -Wunused-function -Wunused-label -Wunused-parameter -Wunused-variable -Wunused-value -Wempty-body -Wuninitialized -Wunknown-pragmas -Wshadow -Wfour-char-constants -Wconversion -Wconstant-conversion -Wint-conversion -Wbool-conversion -Wenum-conversion -Wfloat-conversion -Wnon-literal-null-conversion -Wobjc-literal-conversion -Wassign-enum -Wsign-compare -Wshorten-64-to-32 -Wpointer-sign -Wnewline-eof -Wselector -Wstrict-selector-match -Wundeclared-selector -Wdeprecated-implementations -Wno-implicit-fallthrough -isysroot /Applications/Xcode.app/Contents/Developer/Platforms/MacOSX.platform/Developer/SDKs/MacOSX27.0.sdk -fstrict-aliasing -Wprotocol -Wdeprecated-declarations -Wsign-conversion -Winfinite-recursion -Wcomma -Wblock-capture-autoreleasing -Wstrict-prototypes -Wno-semicolon-before-method-body -Wall -Weverything -Wno-unused-macros -Wno-gnu-statement-expression -Wno-arc-repeated-use-of-weak -Wno-auto-import -Wno-gnu-zero-variadic-macro-arguments -Wno-custom-atomic-properties -Wno-implicit-atomic-properties @/Users/buddhirajgautam/Library/Developer/Xcode/DerivedData/Telegram-Mac-fygdgghdgmuleoelvxabfmqiotta/Build/Intermediates.noindex/Sparkle.build/Debug/Autoupdate.build/Objects-normal/arm64/e6072d4f65d7061329687fe24e3d63a7-common-args.resp -MMD -MT dependencies -MF /Users/buddhirajgautam/Library/Developer/Xcode/DerivedData/Telegram-Mac-fygdgghdgmuleoelvxabfmqiotta/Build/Intermediates.noindex/Sparkle.build/Debug/Autoupdate.build/Objects-normal/arm64/SULog.d --serialize-diagnostics /Users/buddhirajgautam/Library/Developer/Xcode/DerivedData/Telegram-Mac-fygdgghdgmuleoelvxabfmqiotta/Build/Intermediates.noindex/Sparkle.build/Debug/Autoupdate.build/Objects-normal/arm64/SULog.dia -c /Users/buddhirajgautam/Documents/Cherrygram-Mac/macOS-Swift/submodules/Sparkle/Sparkle/SULog.m -o /Users/buddhirajgautam/Library/Developer/Xcode/DerivedData/Telegram-Mac-fygdgghdgmuleoelvxabfmqiotta/Build/Intermediates.noindex/Sparkle.build/Debug/Autoupdate.build/Objects-normal/arm64/SULog.o
clang: warning: no such include directory: '/Users/buddhirajgautam/Library/Developer/Xcode/DerivedData/Telegram-Mac-fygdgghdgmuleoelvxabfmqiotta/Build/Products/Debug/include' [-Wmissing-include-dirs]
clang: warning: no such include directory: '/Users/buddhirajgautam/Library/Developer/Xcode/DerivedData/Telegram-Mac-fygdgghdgmuleoelvxabfmqiotta/Build/Intermediates.noindex/Sparkle.build/Debug/Autoupdate.build/DerivedSources-normal/arm64' [-Wmissing-include-dirs]
clang: warning: no such include directory: '/Users/buddhirajgautam/Library/Developer/Xcode/DerivedData/Telegram-Mac-fygdgghdgmuleoelvxabfmqiotta/Build/Intermediates.noindex/Sparkle.build/Debug/Autoupdate.build/DerivedSources/arm64' [-Wmissing-include-dirs]
clang: warning: no such include directory: '/Users/buddhirajgautam/Library/Developer/Xcode/DerivedData/Telegram-Mac-fygdgghdgmuleoelvxabfmqiotta/Build/Intermediates.noindex/Sparkle.build/Debug/Autoupdate.build/DerivedSources' [-Wmissing-include-dirs]
/Users/buddhirajgautam/Documents/Cherrygram-Mac/macOS-Swift/submodules/Sparkle/Sparkle/SULog.m:66:22: warning: 'asl_open' is deprecated: first deprecated in macOS 10.12 - os_log(3) has replaced asl(3); see os_log_create(3) [-Wdeprecated-declarations]
   66 |             client = asl_open([displayName stringByAppendingString:@" [Sparkle " TO_STRING(SPARKLE_VERSION) "]"].UTF8String, SPARKLE_BUNDLE_IDENTIFIER, options);
      |                      ^
In file included from /Users/buddhirajgautam/Documents/Cherrygram-Mac/macOS-Swift/submodules/Sparkle/Sparkle/SULog.m:11:
/Applications/Xcode.app/Contents/Developer/Platforms/MacOSX.platform/Developer/SDKs/MacOSX27.0.sdk/usr/include/asl.h:342:14: note: 'asl_open' has been explicitly marked deprecated here
  342 | asl_object_t asl_open(const char *ident, const char *facility, uint32_t opts) __API_DEPRECATED("os_log(3) has replaced asl(3); see os_log_create(3)", macosx(10.4,10.12), ios(2.0,10.0), watchos(2.0,3.0), tvos(9.0,10.0));
      |              ^
/Users/buddhirajgautam/Documents/Cherrygram-Mac/macOS-Swift/submodules/Sparkle/Sparkle/SULog.m:65:23: warning: mixing declarations and code is incompatible with standards before C99 [-Wdeclaration-after-statement]
   65 |             NSString *displayName = [[NSFileManager defaultManager] displayNameAtPath:mainBundle.bundlePath];
      |                       ^
/Users/buddhirajgautam/Documents/Cherrygram-Mac/macOS-Swift/submodules/Sparkle/Sparkle/SULog.m:91:17: warning: '_Static_assert' is incompatible with C standards before C11 [-Wpre-c11-compat]
   91 |                 os_log(logger, "%{public}@", logMessage);
      |                 ^
In file included from /Users/buddhirajgautam/Documents/Cherrygram-Mac/macOS-Swift/submodules/Sparkle/Sparkle/SULog.m:15:
/Applications/Xcode.app/Contents/Developer/Platforms/MacOSX.platform/Developer/SDKs/MacOSX27.0.sdk/usr/include/os/log.h:241:9: note: expanded from macro 'os_log'
  241 |         os_log_with_type(log, OS_LOG_TYPE_DEFAULT, format, ##__VA_ARGS__)
      |         ^
/Applications/Xcode.app/Contents/Developer/Platforms/MacOSX.platform/Developer/SDKs/MacOSX27.0.sdk/usr/include/os/log.h:206:9: note: expanded from macro 'os_log_with_type'
  206 |         OS_LOG_CALL_WITH_FORMAT(_os_log_impl, \
      |         ^
In file included from /Users/buddhirajgautam/Documents/Cherrygram-Mac/macOS-Swift/submodules/Sparkle/Sparkle/SULog.m:15:
In file included from /Applications/Xcode.app/Contents/Developer/Platforms/MacOSX.platform/Developer/SDKs/MacOSX27.0.sdk/usr/include/os/log.h:33:
In file included from /Applications/Xcode.app/Contents/Developer/Platforms/MacOSX.platform/Developer/SDKs/MacOSX27.0.sdk/usr/include/os/trace.h:8:
/Applications/Xcode.app/Contents/Developer/Platforms/MacOSX.platform/Developer/SDKs/MacOSX27.0.sdk/usr/include/os/trace_base.h:129:28: note: expanded from macro 'OS_LOG_CALL_WITH_FORMAT'
  129 |         OS_LOG_PRAGMA_PUSH OS_LOG_STRING(LOG, _os_fmt_str, fmt); \
      |                            ^
/Applications/Xcode.app/Contents/Developer/Platforms/MacOSX.platform/Developer/SDKs/MacOSX27.0.sdk/usr/include/os/trace_base.h:120:9: note: expanded from macro 'OS_LOG_STRING'
  120 |         _Static_assert(__builtin_constant_p(_str), \
      |         ^
/Users/buddhirajgautam/Documents/Cherrygram-Mac/macOS-Swift/submodules/Sparkle/Sparkle/SULog.m:91:17: warning: '_Alignas' is incompatible with C standards before C11 [-Wpre-c11-compat]
In file included from /Users/buddhirajgautam/Documents/Cherrygram-Mac/macOS-Swift/submodules/Sparkle/Sparkle/SULog.m:15:
/Applications/Xcode.app/Contents/Developer/Platforms/MacOSX.platform/Developer/SDKs/MacOSX27.0.sdk/usr/include/os/log.h:241:9: note: expanded from macro 'os_log'
  241 |         os_log_with_type(log, OS_LOG_TYPE_DEFAULT, format, ##__VA_ARGS__)
      |         ^
/Applications/Xcode.app/Contents/Developer/Platforms/MacOSX.platform/Developer/SDKs/MacOSX27.0.sdk/usr/include/os/log.h:206:9: note: expanded from macro 'os_log_with_type'
  206 |         OS_LOG_CALL_WITH_FORMAT(_os_log_impl, \
      |         ^
In file included from /Users/buddhirajgautam/Documents/Cherrygram-Mac/macOS-Swift/submodules/Sparkle/Sparkle/SULog.m:15:
In file included from /Applications/Xcode.app/Contents/Developer/Platforms/MacOSX.platform/Developer/SDKs/MacOSX27.0.sdk/usr/include/os/log.h:33:
In file included from /Applications/Xcode.app/Contents/Developer/Platforms/MacOSX.platform/Developer/SDKs/MacOSX27.0.sdk/usr/include/os/trace.h:8:
/Applications/Xcode.app/Contents/Developer/Platforms/MacOSX.platform/Developer/SDKs/MacOSX27.0.sdk/usr/include/os/trace_base.h:131:17: note: expanded from macro 'OS_LOG_CALL_WITH_FORMAT'
  131 |         uint8_t _Alignas(16) OS_LOG_UNINITIALIZED _os_fmt_buf[__builtin_os_log_format_buffer_size(fmt, ##__VA_ARGS__)]; \
      |                 ^
/Users/buddhirajgautam/Documents/Cherrygram-Mac/macOS-Swift/submodules/Sparkle/Sparkle/SULog.m:95:17: warning: '_Static_assert' is incompatible with C standards before C11 [-Wpre-c11-compat]
   95 |                 os_log_error(logger, "%{public}@", logMessage);
      |                 ^
In file included from /Users/buddhirajgautam/Documents/Cherrygram-Mac/macOS-Swift/submodules/Sparkle/Sparkle/SULog.m:15:
/Applications/Xcode.app/Contents/Developer/Platforms/MacOSX.platform/Developer/SDKs/MacOSX27.0.sdk/usr/include/os/log.h:357:9: note: expanded from macro 'os_log_error'
  357 |         OS_LOG_CALL_WITH_FORMAT(_os_log_error_impl, \
      |         ^
In file included from /Users/buddhirajgautam/Documents/Cherrygram-Mac/macOS-Swift/submodules/Sparkle/Sparkle/SULog.m:15:
In file included from /Applications/Xcode.app/Contents/Developer/Platforms/MacOSX.platform/Developer/SDKs/MacOSX27.0.sdk/usr/include/os/log.h:33:
In file included from /Applications/Xcode.app/Contents/Developer/Platforms/MacOSX.platform/Developer/SDKs/MacOSX27.0.sdk/usr/include/os/trace.h:8:
/Applications/Xcode.app/Contents/Developer/Platforms/MacOSX.platform/Developer/SDKs/MacOSX27.0.sdk/usr/include/os/trace_base.h:129:28: note: expanded from macro 'OS_LOG_CALL_WITH_FORMAT'
  129 |         OS_LOG_PRAGMA_PUSH OS_LOG_STRING(LOG, _os_fmt_str, fmt); \
      |                            ^
/Applications/Xcode.app/Contents/Developer/Platforms/MacOSX.platform/Developer/SDKs/MacOSX27.0.sdk/usr/include/os/trace_base.h:120:9: note: expanded from macro 'OS_LOG_STRING'
  120 |         _Static_assert(__builtin_constant_p(_str), \
      |         ^
/Users/buddhirajgautam/Documents/Cherrygram-Mac/macOS-Swift/submodules/Sparkle/Sparkle/SULog.m:95:17: warning: '_Alignas' is incompatible with C standards before C11 [-Wpre-c11-compat]
In file included from /Users/buddhirajgautam/Documents/Cherrygram-Mac/macOS-Swift/submodules/Sparkle/Sparkle/SULog.m:15:
/Applications/Xcode.app/Contents/Developer/Platforms/MacOSX.platform/Developer/SDKs/MacOSX27.0.sdk/usr/include/os/log.h:357:9: note: expanded from macro 'os_log_error'
  357 |         OS_LOG_CALL_WITH_FORMAT(_os_log_error_impl, \
      |         ^
In file included from /Users/buddhirajgautam/Documents/Cherrygram-Mac/macOS-Swift/submodules/Sparkle/Sparkle/SULog.m:15:
In file included from /Applications/Xcode.app/Contents/Developer/Platforms/MacOSX.platform/Developer/SDKs/MacOSX27.0.sdk/usr/include/os/log.h:33:
In file included from /Applications/Xcode.app/Contents/Developer/Platforms/MacOSX.platform/Developer/SDKs/MacOSX27.0.sdk/usr/include/os/trace.h:8:
/Applications/Xcode.app/Contents/Developer/Platforms/MacOSX.platform/Developer/SDKs/MacOSX27.0.sdk/usr/include/os/trace_base.h:131:17: note: expanded from macro 'OS_LOG_CALL_WITH_FORMAT'
  131 |         uint8_t _Alignas(16) OS_LOG_UNINITIALIZED _os_fmt_buf[__builtin_os_log_format_buffer_size(fmt, ##__VA_ARGS__)]; \
      |                 ^
/Users/buddhirajgautam/Documents/Cherrygram-Mac/macOS-Swift/submodules/Sparkle/Sparkle/SULog.m:87:9: warning: 'switch' missing 'default' label [-Wswitch-default]
   87 |         switch (level) {
      |         ^
/Users/buddhirajgautam/Documents/Cherrygram-Mac/macOS-Swift/submodules/Sparkle/Sparkle/SULog.m:105:26: warning: 'asl_new' is deprecated: first deprecated in macOS 10.12 - os_log(3) has replaced asl(3) [-Wdeprecated-declarations]
  105 |         aslmsg message = asl_new(ASL_TYPE_MSG);
      |                          ^
In file included from /Users/buddhirajgautam/Documents/Cherrygram-Mac/macOS-Swift/submodules/Sparkle/Sparkle/SULog.m:11:
/Applications/Xcode.app/Contents/Developer/Platforms/MacOSX.platform/Developer/SDKs/MacOSX27.0.sdk/usr/include/asl.h:514:14: note: 'asl_new' has been explicitly marked deprecated here
  514 | asl_object_t asl_new(uint32_t type) __API_DEPRECATED("os_log(3) has replaced asl(3)", macosx(10.4,10.12), ios(2.0,10.0), watchos(2.0,3.0), tvos(9.0,10.0));
      |              ^
/Users/buddhirajgautam/Documents/Cherrygram-Mac/macOS-Swift/submodules/Sparkle/Sparkle/SULog.m:110:13: warning: 'asl_set' is deprecated: first deprecated in macOS 10.12 - os_log(3) has replaced asl(3) [-Wdeprecated-declarations]
  110 |         if (asl_set(message, ASL_KEY_MSG, logMessage.UTF8String) != 0) {
      |             ^
In file included from /Users/buddhirajgautam/Documents/Cherrygram-Mac/macOS-Swift/submodules/Sparkle/Sparkle/SULog.m:11:
/Applications/Xcode.app/Contents/Developer/Platforms/MacOSX.platform/Developer/SDKs/MacOSX27.0.sdk/usr/include/asl.h:529:5: note: 'asl_set' has been explicitly marked deprecated here
  529 | int asl_set(asl_object_t obj, const char *key, const char *value) __API_DEPRECATED("os_log(3) has replaced asl(3)", macosx(10.4,10.12), ios(2.0,10.0), watchos(2.0,3.0), tvos(9.0,10.0));
      |     ^
/Users/buddhirajgautam/Documents/Cherrygram-Mac/macOS-Swift/submodules/Sparkle/Sparkle/SULog.m:118:34: warning: 'asl_set' is deprecated: first deprecated in macOS 10.12 - os_log(3) has replaced asl(3) [-Wdeprecated-declarations]
  118 |                 levelSetResult = asl_set(message, ASL_KEY_LEVEL, TO_STRING(ASL_LEVEL_WARNING));
      |                                  ^
In file included from /Users/buddhirajgautam/Documents/Cherrygram-Mac/macOS-Swift/submodules/Sparkle/Sparkle/SULog.m:11:
/Applications/Xcode.app/Contents/Developer/Platforms/MacOSX.platform/Developer/SDKs/MacOSX27.0.sdk/usr/include/asl.h:529:5: note: 'asl_set' has been explicitly marked deprecated here
  529 | int asl_set(asl_object_t obj, const char *key, const char *value) __API_DEPRECATED("os_log(3) has replaced asl(3)", macosx(10.4,10.12), ios(2.0,10.0), watchos(2.0,3.0), tvos(9.0,10.0));
      |     ^
/Users/buddhirajgautam/Documents/Cherrygram-Mac/macOS-Swift/submodules/Sparkle/Sparkle/SULog.m:121:34: warning: 'asl_set' is deprecated: first deprecated in macOS 10.12 - os_log(3) has replaced asl(3) [-Wdeprecated-declarations]
  121 |                 levelSetResult = asl_set(message, ASL_KEY_LEVEL, TO_STRING(ASL_LEVEL_ERR));
      |                                  ^
In file included from /Users/buddhirajgautam/Documents/Cherrygram-Mac/macOS-Swift/submodules/Sparkle/Sparkle/SULog.m:11:
/Applications/Xcode.app/Contents/Developer/Platforms/MacOSX.platform/Developer/SDKs/MacOSX27.0.sdk/usr/include/asl.h:529:5: note: 'asl_set' has been explicitly marked deprecated here
  529 | int asl_set(asl_object_t obj, const char *key, const char *value) __API_DEPRECATED("os_log(3) has replaced asl(3)", macosx(10.4,10.12), ios(2.0,10.0), watchos(2.0,3.0), tvos(9.0,10.0));
      |     ^
/Users/buddhirajgautam/Documents/Cherrygram-Mac/macOS-Swift/submodules/Sparkle/Sparkle/SULog.m:115:9: warning: 'switch' missing 'default' label [-Wswitch-default]
  115 |         switch (level) {
      |         ^
/Users/buddhirajgautam/Documents/Cherrygram-Mac/macOS-Swift/submodules/Sparkle/Sparkle/SULog.m:128:9: warning: 'asl_send' is deprecated: first deprecated in macOS 10.12 - os_log(3) has replaced asl(3) [-Wdeprecated-declarations]
  128 |         asl_send(client, message);
      |         ^
In file included from /Users/buddhirajgautam/Documents/Cherrygram-Mac/macOS-Swift/submodules/Sparkle/Sparkle/SULog.m:11:
/Applications/Xcode.app/Contents/Developer/Platforms/MacOSX.platform/Developer/SDKs/MacOSX27.0.sdk/usr/include/asl.h:640:5: note: 'asl_send' has been explicitly marked deprecated here
  640 | int asl_send(asl_object_t obj, asl_object_t msg) __not_tail_called __API_DEPRECATED("os_log(3) has replaced asl(3)", macosx(10.4,10.12), ios(2.0,10.0), watchos(2.0,3.0), tvos(9.0,10.0));
      |     ^
/Users/buddhirajgautam/Documents/Cherrygram-Mac/macOS-Swift/submodules/Sparkle/Sparkle/SULog.m:114:13: warning: mixing declarations and code is incompatible with standards before C99 [-Wdeclaration-after-statement]
  114 |         int levelSetResult;
      |             ^
/Users/buddhirajgautam/Documents/Cherrygram-Mac/macOS-Swift/submodules/Sparkle/Sparkle/SULog.m:75:13: warning: mixing declarations and code is incompatible with standards before C99 [-Wdeclaration-after-statement]
   75 |     va_list ap;
      |             ^
15 warnings generated.

CompileC /Users/buddhirajgautam/Library/Developer/Xcode/DerivedData/Telegram-Mac-fygdgghdgmuleoelvxabfmqiotta/Build/Intermediates.noindex/Sparkle.build/Debug/Autoupdate.build/Objects-normal/arm64/SUInstaller.o /Users/buddhirajgautam/Documents/Cherrygram-Mac/macOS-Swift/submodules/Sparkle/Sparkle/SUInstaller.m normal arm64 objective-c com.apple.compilers.llvm.clang.1_0.compiler (in target 'Autoupdate' from project 'Sparkle')
    cd /Users/buddhirajgautam/Documents/Cherrygram-Mac/macOS-Swift/submodules/Sparkle
    
    Using response file: /Users/buddhirajgautam/Library/Developer/Xcode/DerivedData/Telegram-Mac-fygdgghdgmuleoelvxabfmqiotta/Build/Intermediates.noindex/Sparkle.build/Debug/Autoupdate.build/Objects-normal/arm64/e6072d4f65d7061329687fe24e3d63a7-common-args.resp
    
    /Applications/Xcode.app/Contents/Developer/Toolchains/XcodeDefault.xctoolchain/usr/bin/clang -x objective-c -ivfsstatcache /Users/buddhirajgautam/Library/Developer/Xcode/DerivedData/SDKStatCaches.noindex/macosx27.0-26A425-e829b21a6f8c9b70876ba0858053c0447231f6df4def33e022ae2eb8f782df1a.sdkstatcache -target arm64-apple-macos12.0 -fmessage-length\=0 -fdiagnostics-show-note-include-stack -fmacro-backtrace-limit\=0 -fno-color-diagnostics -Wno-trigraphs -Werror\=incompatible-pointer-types -Werror\=implicit-function-declaration -Wmissing-field-initializers -Wmissing-prototypes -Wdocumentation -Wunreachable-code -Wimplicit-atomic-properties -Wno-objc-interface-ivars -Wobjc-missing-property-synthesis -Warc-repeated-use-of-weak -Wno-arc-maybe-repeated-use-of-weak -Wexplicit-ownership-type -Wimplicit-retain-self -Wduplicate-method-match -Wmissing-braces -Wparentheses -Wswitch -Wunused-function -Wunused-label -Wunused-parameter -Wunused-variable -Wunused-value -Wempty-body -Wuninitialized -Wunknown-pragmas -Wshadow -Wfour-char-constants -Wconversion -Wconstant-conversion -Wint-conversion -Wbool-conversion -Wenum-conversion -Wfloat-conversion -Wnon-literal-null-conversion -Wobjc-literal-conversion -Wassign-enum -Wsign-compare -Wshorten-64-to-32 -Wpointer-sign -Wnewline-eof -Wselector -Wstrict-selector-match -Wundeclared-selector -Wdeprecated-implementations -Wno-implicit-fallthrough -isysroot /Applications/Xcode.app/Contents/Developer/Platforms/MacOSX.platform/Developer/SDKs/MacOSX27.0.sdk -fstrict-aliasing -Wprotocol -Wdeprecated-declarations -Wsign-conversion -Winfinite-recursion -Wcomma -Wblock-capture-autoreleasing -Wstrict-prototypes -Wno-semicolon-before-method-body -Wall -Weverything -Wno-unused-macros -Wno-gnu-statement-expression -Wno-arc-repeated-use-of-weak -Wno-auto-import -Wno-gnu-zero-variadic-macro-arguments -Wno-custom-atomic-properties -Wno-implicit-atomic-properties @/Users/buddhirajgautam/Library/Developer/Xcode/DerivedData/Telegram-Mac-fygdgghdgmuleoelvxabfmqiotta/Build/Intermediates.noindex/Sparkle.build/Debug/Autoupdate.build/Objects-normal/arm64/e6072d4f65d7061329687fe24e3d63a7-common-args.resp -MMD -MT dependencies -MF /Users/buddhirajgautam/Library/Developer/Xcode/DerivedData/Telegram-Mac-fygdgghdgmuleoelvxabfmqiotta/Build/Intermediates.noindex/Sparkle.build/Debug/Autoupdate.build/Objects-normal/arm64/SUInstaller.d --serialize-diagnostics /Users/buddhirajgautam/Library/Developer/Xcode/DerivedData/Telegram-Mac-fygdgghdgmuleoelvxabfmqiotta/Build/Intermediates.noindex/Sparkle.build/Debug/Autoupdate.build/Objects-normal/arm64/SUInstaller.dia -c /Users/buddhirajgautam/Documents/Cherrygram-Mac/macOS-Swift/submodules/Sparkle/Sparkle/SUInstaller.m -o /Users/buddhirajgautam/Library/Developer/Xcode/DerivedData/Telegram-Mac-fygdgghdgmuleoelvxabfmqiotta/Build/Intermediates.noindex/Sparkle.build/Debug/Autoupdate.build/Objects-normal/arm64/SUInstaller.o
clang: warning: no such include directory: '/Users/buddhirajgautam/Library/Developer/Xcode/DerivedData/Telegram-Mac-fygdgghdgmuleoelvxabfmqiotta/Build/Products/Debug/include' [-Wmissing-include-dirs]
clang: warning: no such include directory: '/Users/buddhirajgautam/Library/Developer/Xcode/DerivedData/Telegram-Mac-fygdgghdgmuleoelvxabfmqiotta/Build/Intermediates.noindex/Sparkle.build/Debug/Autoupdate.build/DerivedSources-normal/arm64' [-Wmissing-include-dirs]
clang: warning: no such include directory: '/Users/buddhirajgautam/Library/Developer/Xcode/DerivedData/Telegram-Mac-fygdgghdgmuleoelvxabfmqiotta/Build/Intermediates.noindex/Sparkle.build/Debug/Autoupdate.build/DerivedSources/arm64' [-Wmissing-include-dirs]
clang: warning: no such include directory: '/Users/buddhirajgautam/Library/Developer/Xcode/DerivedData/Telegram-Mac-fygdgghdgmuleoelvxabfmqiotta/Build/Intermediates.noindex/Sparkle.build/Debug/Autoupdate.build/DerivedSources' [-Wmissing-include-dirs]
/Users/buddhirajgautam/Documents/Cherrygram-Mac/macOS-Swift/submodules/Sparkle/Sparkle/SUInstaller.m:27:15: warning: mixing declarations and code is incompatible with standards before C99 [-Wdeclaration-after-statement]
   27 |     NSNumber *directoryFlag = nil;
      |               ^
/Users/buddhirajgautam/Documents/Cherrygram-Mac/macOS-Swift/submodules/Sparkle/Sparkle/SUInstaller.m:38:15: warning: mixing declarations and code is incompatible with standards before C99 [-Wdeclaration-after-statement]
   38 |     NSString *currentFile,
      |               ^
/Users/buddhirajgautam/Documents/Cherrygram-Mac/macOS-Swift/submodules/Sparkle/Sparkle/SUInstaller.m:139:19: warning: mixing declarations and code is incompatible with standards before C99 [-Wdeclaration-after-statement]
  139 |         NSString *installationPath;
      |                   ^
/Users/buddhirajgautam/Documents/Cherrygram-Mac/macOS-Swift/submodules/Sparkle/Sparkle/SUInstaller.m:126:30: warning: mixing declarations and code is incompatible with standards before C99 [-Wdeclaration-after-statement]
  126 |     id <SUInstallerProtocol> installer;
      |                              ^
/Users/buddhirajgautam/Documents/Cherrygram-Mac/macOS-Swift/submodules/Sparkle/Sparkle/SUInstaller.m:156:15: warning: mixing declarations and code is incompatible with standards before C99 [-Wdeclaration-after-statement]
  156 |     NSString *normalizedAppPath = [[[bundle bundlePath] stringByDeletingLastPathComponent] stringByAppendingPathComponent:[NSString stringWithFormat:@"%@.%@", [host objectForInfoDictionaryKey:(__bridge NSString *)kCFBundleNameKey], [[bundle bundlePath] pathExtension]]];
      |               ^
5 warnings generated.

CompileC /Users/buddhirajgautam/Library/Developer/Xcode/DerivedData/Telegram-Mac-fygdgghdgmuleoelvxabfmqiotta/Build/Intermediates.noindex/Sparkle.build/Debug/Autoupdate.build/Objects-normal/arm64/SUHost.o /Users/buddhirajgautam/Documents/Cherrygram-Mac/macOS-Swift/submodules/Sparkle/Sparkle/SUHost.m normal arm64 objective-c com.apple.compilers.llvm.clang.1_0.compiler (in target 'Autoupdate' from project 'Sparkle')
    cd /Users/buddhirajgautam/Documents/Cherrygram-Mac/macOS-Swift/submodules/Sparkle
    
    Using response file: /Users/buddhirajgautam/Library/Developer/Xcode/DerivedData/Telegram-Mac-fygdgghdgmuleoelvxabfmqiotta/Build/Intermediates.noindex/Sparkle.build/Debug/Autoupdate.build/Objects-normal/arm64/e6072d4f65d7061329687fe24e3d63a7-common-args.resp
    
    /Applications/Xcode.app/Contents/Developer/Toolchains/XcodeDefault.xctoolchain/usr/bin/clang -x objective-c -ivfsstatcache /Users/buddhirajgautam/Library/Developer/Xcode/DerivedData/SDKStatCaches.noindex/macosx27.0-26A425-e829b21a6f8c9b70876ba0858053c0447231f6df4def33e022ae2eb8f782df1a.sdkstatcache -target arm64-apple-macos12.0 -fmessage-length\=0 -fdiagnostics-show-note-include-stack -fmacro-backtrace-limit\=0 -fno-color-diagnostics -Wno-trigraphs -Werror\=incompatible-pointer-types -Werror\=implicit-function-declaration -Wmissing-field-initializers -Wmissing-prototypes -Wdocumentation -Wunreachable-code -Wimplicit-atomic-properties -Wno-objc-interface-ivars -Wobjc-missing-property-synthesis -Warc-repeated-use-of-weak -Wno-arc-maybe-repeated-use-of-weak -Wexplicit-ownership-type -Wimplicit-retain-self -Wduplicate-method-match -Wmissing-braces -Wparentheses -Wswitch -Wunused-function -Wunused-label -Wunused-parameter -Wunused-variable -Wunused-value -Wempty-body -Wuninitialized -Wunknown-pragmas -Wshadow -Wfour-char-constants -Wconversion -Wconstant-conversion -Wint-conversion -Wbool-conversion -Wenum-conversion -Wfloat-conversion -Wnon-literal-null-conversion -Wobjc-literal-conversion -Wassign-enum -Wsign-compare -Wshorten-64-to-32 -Wpointer-sign -Wnewline-eof -Wselector -Wstrict-selector-match -Wundeclared-selector -Wdeprecated-implementations -Wno-implicit-fallthrough -isysroot /Applications/Xcode.app/Contents/Developer/Platforms/MacOSX.platform/Developer/SDKs/MacOSX27.0.sdk -fstrict-aliasing -Wprotocol -Wdeprecated-declarations -Wsign-conversion -Winfinite-recursion -Wcomma -Wblock-capture-autoreleasing -Wstrict-prototypes -Wno-semicolon-before-method-body -Wall -Weverything -Wno-unused-macros -Wno-gnu-statement-expression -Wno-arc-repeated-use-of-weak -Wno-auto-import -Wno-gnu-zero-variadic-macro-arguments -Wno-custom-atomic-properties -Wno-implicit-atomic-properties @/Users/buddhirajgautam/Library/Developer/Xcode/DerivedData/Telegram-Mac-fygdgghdgmuleoelvxabfmqiotta/Build/Intermediates.noindex/Sparkle.build/Debug/Autoupdate.build/Objects-normal/arm64/e6072d4f65d7061329687fe24e3d63a7-common-args.resp -MMD -MT dependencies -MF /Users/buddhirajgautam/Library/Developer/Xcode/DerivedData/Telegram-Mac-fygdgghdgmuleoelvxabfmqiotta/Build/Intermediates.noindex/Sparkle.build/Debug/Autoupdate.build/Objects-normal/arm64/SUHost.d --serialize-diagnostics /Users/buddhirajgautam/Library/Developer/Xcode/DerivedData/Telegram-Mac-fygdgghdgmuleoelvxabfmqiotta/Build/Intermediates.noindex/Sparkle.build/Debug/Autoupdate.build/Objects-normal/arm64/SUHost.dia -c /Users/buddhirajgautam/Documents/Cherrygram-Mac/macOS-Swift/submodules/Sparkle/Sparkle/SUHost.m -o /Users/buddhirajgautam/Library/Developer/Xcode/DerivedData/Telegram-Mac-fygdgghdgmuleoelvxabfmqiotta/Build/Intermediates.noindex/Sparkle.build/Debug/Autoupdate.build/Objects-normal/arm64/SUHost.o
clang: warning: no such include directory: '/Users/buddhirajgautam/Library/Developer/Xcode/DerivedData/Telegram-Mac-fygdgghdgmuleoelvxabfmqiotta/Build/Products/Debug/include' [-Wmissing-include-dirs]
clang: warning: no such include directory: '/Users/buddhirajgautam/Library/Developer/Xcode/DerivedData/Telegram-Mac-fygdgghdgmuleoelvxabfmqiotta/Build/Intermediates.noindex/Sparkle.build/Debug/Autoupdate.build/DerivedSources-normal/arm64' [-Wmissing-include-dirs]
clang: warning: no such include directory: '/Users/buddhirajgautam/Library/Developer/Xcode/DerivedData/Telegram-Mac-fygdgghdgmuleoelvxabfmqiotta/Build/Intermediates.noindex/Sparkle.build/Debug/Autoupdate.build/DerivedSources/arm64' [-Wmissing-include-dirs]
clang: warning: no such include directory: '/Users/buddhirajgautam/Library/Developer/Xcode/DerivedData/Telegram-Mac-fygdgghdgmuleoelvxabfmqiotta/Build/Intermediates.noindex/Sparkle.build/Debug/Autoupdate.build/DerivedSources' [-Wmissing-include-dirs]
/Users/buddhirajgautam/Documents/Cherrygram-Mac/macOS-Swift/submodules/Sparkle/Sparkle/SUHost.m:58:19: warning: mixing declarations and code is incompatible with standards before C99 [-Wdeclaration-after-statement]
   58 |         NSString *mainBundleIdentifier = NSBundle.mainBundle.bundleIdentifier;
      |                   ^
/Users/buddhirajgautam/Documents/Cherrygram-Mac/macOS-Swift/submodules/Sparkle/Sparkle/SUHost.m:127:15: warning: mixing declarations and code is incompatible with standards before C99 [-Wdeclaration-after-statement]
  127 |     NSString *keyFilename = [self publicDSAKeyFileKey];
      |               ^
/Users/buddhirajgautam/Documents/Cherrygram-Mac/macOS-Swift/submodules/Sparkle/Sparkle/SUHost.m:191:23: warning: mixing declarations and code is incompatible with standards before C99 [-Wdeclaration-after-statement]
  191 |     CFPropertyListRef obj = CFPreferencesCopyAppValue((__bridge CFStringRef)defaultName, (__bridge CFStringRef)self.defaultsDomain);
      |                       ^
/Users/buddhirajgautam/Documents/Cherrygram-Mac/macOS-Swift/submodules/Sparkle/Sparkle/SUHost.m:222:23: warning: cast from function call of type 'Boolean' (aka 'unsigned char') to non-matching type 'BOOL' (aka 'bool') [-Wbad-function-cast]
  222 |         value = (BOOL)CFBooleanGetValue((CFBooleanRef)plr);
      |                       ^~~~~~~~~~~~~~~~~~~~~~~~~~~~~~~~~~~~
/Users/buddhirajgautam/Documents/Cherrygram-Mac/macOS-Swift/submodules/Sparkle/Sparkle/SUHost.m:215:10: warning: mixing declarations and code is incompatible with standards before C99 [-Wdeclaration-after-statement]
  215 |     BOOL value;
      |          ^
5 warnings generated.

CompileC /Users/buddhirajgautam/Library/Developer/Xcode/DerivedData/Telegram-Mac-fygdgghdgmuleoelvxabfmqiotta/Build/Intermediates.noindex/Sparkle.build/Debug/Autoupdate.build/Objects-normal/arm64/SUGuidedPackageInstaller.o /Users/buddhirajgautam/Documents/Cherrygram-Mac/macOS-Swift/submodules/Sparkle/Sparkle/SUGuidedPackageInstaller.m normal arm64 objective-c com.apple.compilers.llvm.clang.1_0.compiler (in target 'Autoupdate' from project 'Sparkle')
    cd /Users/buddhirajgautam/Documents/Cherrygram-Mac/macOS-Swift/submodules/Sparkle
    
    Using response file: /Users/buddhirajgautam/Library/Developer/Xcode/DerivedData/Telegram-Mac-fygdgghdgmuleoelvxabfmqiotta/Build/Intermediates.noindex/Sparkle.build/Debug/Autoupdate.build/Objects-normal/arm64/e6072d4f65d7061329687fe24e3d63a7-common-args.resp
    
    /Applications/Xcode.app/Contents/Developer/Toolchains/XcodeDefault.xctoolchain/usr/bin/clang -x objective-c -ivfsstatcache /Users/buddhirajgautam/Library/Developer/Xcode/DerivedData/SDKStatCaches.noindex/macosx27.0-26A425-e829b21a6f8c9b70876ba0858053c0447231f6df4def33e022ae2eb8f782df1a.sdkstatcache -target arm64-apple-macos12.0 -fmessage-length\=0 -fdiagnostics-show-note-include-stack -fmacro-backtrace-limit\=0 -fno-color-diagnostics -Wno-trigraphs -Werror\=incompatible-pointer-types -Werror\=implicit-function-declaration -Wmissing-field-initializers -Wmissing-prototypes -Wdocumentation -Wunreachable-code -Wimplicit-atomic-properties -Wno-objc-interface-ivars -Wobjc-missing-property-synthesis -Warc-repeated-use-of-weak -Wno-arc-maybe-repeated-use-of-weak -Wexplicit-ownership-type -Wimplicit-retain-self -Wduplicate-method-match -Wmissing-braces -Wparentheses -Wswitch -Wunused-function -Wunused-label -Wunused-parameter -Wunused-variable -Wunused-value -Wempty-body -Wuninitialized -Wunknown-pragmas -Wshadow -Wfour-char-constants -Wconversion -Wconstant-conversion -Wint-conversion -Wbool-conversion -Wenum-conversion -Wfloat-conversion -Wnon-literal-null-conversion -Wobjc-literal-conversion -Wassign-enum -Wsign-compare -Wshorten-64-to-32 -Wpointer-sign -Wnewline-eof -Wselector -Wstrict-selector-match -Wundeclared-selector -Wdeprecated-implementations -Wno-implicit-fallthrough -isysroot /Applications/Xcode.app/Contents/Developer/Platforms/MacOSX.platform/Developer/SDKs/MacOSX27.0.sdk -fstrict-aliasing -Wprotocol -Wdeprecated-declarations -Wsign-conversion -Winfinite-recursion -Wcomma -Wblock-capture-autoreleasing -Wstrict-prototypes -Wno-semicolon-before-method-body -Wall -Weverything -Wno-unused-macros -Wno-gnu-statement-expression -Wno-arc-repeated-use-of-weak -Wno-auto-import -Wno-gnu-zero-variadic-macro-arguments -Wno-custom-atomic-properties -Wno-implicit-atomic-properties @/Users/buddhirajgautam/Library/Developer/Xcode/DerivedData/Telegram-Mac-fygdgghdgmuleoelvxabfmqiotta/Build/Intermediates.noindex/Sparkle.build/Debug/Autoupdate.build/Objects-normal/arm64/e6072d4f65d7061329687fe24e3d63a7-common-args.resp -MMD -MT dependencies -MF /Users/buddhirajgautam/Library/Developer/Xcode/DerivedData/Telegram-Mac-fygdgghdgmuleoelvxabfmqiotta/Build/Intermediates.noindex/Sparkle.build/Debug/Autoupdate.build/Objects-normal/arm64/SUGuidedPackageInstaller.d --serialize-diagnostics /Users/buddhirajgautam/Library/Developer/Xcode/DerivedData/Telegram-Mac-fygdgghdgmuleoelvxabfmqiotta/Build/Intermediates.noindex/Sparkle.build/Debug/Autoupdate.build/Objects-normal/arm64/SUGuidedPackageInstaller.dia -c /Users/buddhirajgautam/Documents/Cherrygram-Mac/macOS-Swift/submodules/Sparkle/Sparkle/SUGuidedPackageInstaller.m -o /Users/buddhirajgautam/Library/Developer/Xcode/DerivedData/Telegram-Mac-fygdgghdgmuleoelvxabfmqiotta/Build/Intermediates.noindex/Sparkle.build/Debug/Autoupdate.build/Objects-normal/arm64/SUGuidedPackageInstaller.o
clang: warning: no such include directory: '/Users/buddhirajgautam/Library/Developer/Xcode/DerivedData/Telegram-Mac-fygdgghdgmuleoelvxabfmqiotta/Build/Products/Debug/include' [-Wmissing-include-dirs]
clang: warning: no such include directory: '/Users/buddhirajgautam/Library/Developer/Xcode/DerivedData/Telegram-Mac-fygdgghdgmuleoelvxabfmqiotta/Build/Intermediates.noindex/Sparkle.build/Debug/Autoupdate.build/DerivedSources-normal/arm64' [-Wmissing-include-dirs]
clang: warning: no such include directory: '/Users/buddhirajgautam/Library/Developer/Xcode/DerivedData/Telegram-Mac-fygdgghdgmuleoelvxabfmqiotta/Build/Intermediates.noindex/Sparkle.build/Debug/Autoupdate.build/DerivedSources/arm64' [-Wmissing-include-dirs]
clang: warning: no such include directory: '/Users/buddhirajgautam/Library/Developer/Xcode/DerivedData/Telegram-Mac-fygdgghdgmuleoelvxabfmqiotta/Build/Intermediates.noindex/Sparkle.build/Debug/Autoupdate.build/DerivedSources' [-Wmissing-include-dirs]

CompileC /Users/buddhirajgautam/Library/Developer/Xcode/DerivedData/Telegram-Mac-fygdgghdgmuleoelvxabfmqiotta/Build/Intermediates.noindex/Sparkle.build/Debug/Autoupdate.build/Objects-normal/arm64/SUFileOperationConstants.o /Users/buddhirajgautam/Documents/Cherrygram-Mac/macOS-Swift/submodules/Sparkle/fileop/SUFileOperationConstants.m normal arm64 objective-c com.apple.compilers.llvm.clang.1_0.compiler (in target 'Autoupdate' from project 'Sparkle')
    cd /Users/buddhirajgautam/Documents/Cherrygram-Mac/macOS-Swift/submodules/Sparkle
    
    Using response file: /Users/buddhirajgautam/Library/Developer/Xcode/DerivedData/Telegram-Mac-fygdgghdgmuleoelvxabfmqiotta/Build/Intermediates.noindex/Sparkle.build/Debug/Autoupdate.build/Objects-normal/arm64/e6072d4f65d7061329687fe24e3d63a7-common-args.resp
    
    /Applications/Xcode.app/Contents/Developer/Toolchains/XcodeDefault.xctoolchain/usr/bin/clang -x objective-c -ivfsstatcache /Users/buddhirajgautam/Library/Developer/Xcode/DerivedData/SDKStatCaches.noindex/macosx27.0-26A425-e829b21a6f8c9b70876ba0858053c0447231f6df4def33e022ae2eb8f782df1a.sdkstatcache -target arm64-apple-macos12.0 -fmessage-length\=0 -fdiagnostics-show-note-include-stack -fmacro-backtrace-limit\=0 -fno-color-diagnostics -Wno-trigraphs -Werror\=incompatible-pointer-types -Werror\=implicit-function-declaration -Wmissing-field-initializers -Wmissing-prototypes -Wdocumentation -Wunreachable-code -Wimplicit-atomic-properties -Wno-objc-interface-ivars -Wobjc-missing-property-synthesis -Warc-repeated-use-of-weak -Wno-arc-maybe-repeated-use-of-weak -Wexplicit-ownership-type -Wimplicit-retain-self -Wduplicate-method-match -Wmissing-braces -Wparentheses -Wswitch -Wunused-function -Wunused-label -Wunused-parameter -Wunused-variable -Wunused-value -Wempty-body -Wuninitialized -Wunknown-pragmas -Wshadow -Wfour-char-constants -Wconversion -Wconstant-conversion -Wint-conversion -Wbool-conversion -Wenum-conversion -Wfloat-conversion -Wnon-literal-null-conversion -Wobjc-literal-conversion -Wassign-enum -Wsign-compare -Wshorten-64-to-32 -Wpointer-sign -Wnewline-eof -Wselector -Wstrict-selector-match -Wundeclared-selector -Wdeprecated-implementations -Wno-implicit-fallthrough -isysroot /Applications/Xcode.app/Contents/Developer/Platforms/MacOSX.platform/Developer/SDKs/MacOSX27.0.sdk -fstrict-aliasing -Wprotocol -Wdeprecated-declarations -Wsign-conversion -Winfinite-recursion -Wcomma -Wblock-capture-autoreleasing -Wstrict-prototypes -Wno-semicolon-before-method-body -Wall -Weverything -Wno-unused-macros -Wno-gnu-statement-expression -Wno-arc-repeated-use-of-weak -Wno-auto-import -Wno-gnu-zero-variadic-macro-arguments -Wno-custom-atomic-properties -Wno-implicit-atomic-properties @/Users/buddhirajgautam/Library/Developer/Xcode/DerivedData/Telegram-Mac-fygdgghdgmuleoelvxabfmqiotta/Build/Intermediates.noindex/Sparkle.build/Debug/Autoupdate.build/Objects-normal/arm64/e6072d4f65d7061329687fe24e3d63a7-common-args.resp -MMD -MT dependencies -MF /Users/buddhirajgautam/Library/Developer/Xcode/DerivedData/Telegram-Mac-fygdgghdgmuleoelvxabfmqiotta/Build/Intermediates.noindex/Sparkle.build/Debug/Autoupdate.build/Objects-normal/arm64/SUFileOperationConstants.d --serialize-diagnostics /Users/buddhirajgautam/Library/Developer/Xcode/DerivedData/Telegram-Mac-fygdgghdgmuleoelvxabfmqiotta/Build/Intermediates.noindex/Sparkle.build/Debug/Autoupdate.build/Objects-normal/arm64/SUFileOperationConstants.dia -c /Users/buddhirajgautam/Documents/Cherrygram-Mac/macOS-Swift/submodules/Sparkle/fileop/SUFileOperationConstants.m -o /Users/buddhirajgautam/Library/Developer/Xcode/DerivedData/Telegram-Mac-fygdgghdgmuleoelvxabfmqiotta/Build/Intermediates.noindex/Sparkle.build/Debug/Autoupdate.build/Objects-normal/arm64/SUFileOperationConstants.o
clang: warning: no such include directory: '/Users/buddhirajgautam/Library/Developer/Xcode/DerivedData/Telegram-Mac-fygdgghdgmuleoelvxabfmqiotta/Build/Products/Debug/include' [-Wmissing-include-dirs]
clang: warning: no such include directory: '/Users/buddhirajgautam/Library/Developer/Xcode/DerivedData/Telegram-Mac-fygdgghdgmuleoelvxabfmqiotta/Build/Intermediates.noindex/Sparkle.build/Debug/Autoupdate.build/DerivedSources-normal/arm64' [-Wmissing-include-dirs]
clang: warning: no such include directory: '/Users/buddhirajgautam/Library/Developer/Xcode/DerivedData/Telegram-Mac-fygdgghdgmuleoelvxabfmqiotta/Build/Intermediates.noindex/Sparkle.build/Debug/Autoupdate.build/DerivedSources/arm64' [-Wmissing-include-dirs]
clang: warning: no such include directory: '/Users/buddhirajgautam/Library/Developer/Xcode/DerivedData/Telegram-Mac-fygdgghdgmuleoelvxabfmqiotta/Build/Intermediates.noindex/Sparkle.build/Debug/Autoupdate.build/DerivedSources' [-Wmissing-include-dirs]

CompileC /Users/buddhirajgautam/Library/Developer/Xcode/DerivedData/Telegram-Mac-fygdgghdgmuleoelvxabfmqiotta/Build/Intermediates.noindex/Sparkle.build/Debug/Autoupdate.build/Objects-normal/arm64/SUFileManager.o /Users/buddhirajgautam/Documents/Cherrygram-Mac/macOS-Swift/submodules/Sparkle/Sparkle/SUFileManager.m normal arm64 objective-c com.apple.compilers.llvm.clang.1_0.compiler (in target 'Autoupdate' from project 'Sparkle')
    cd /Users/buddhirajgautam/Documents/Cherrygram-Mac/macOS-Swift/submodules/Sparkle
    
    Using response file: /Users/buddhirajgautam/Library/Developer/Xcode/DerivedData/Telegram-Mac-fygdgghdgmuleoelvxabfmqiotta/Build/Intermediates.noindex/Sparkle.build/Debug/Autoupdate.build/Objects-normal/arm64/e6072d4f65d7061329687fe24e3d63a7-common-args.resp
    
    /Applications/Xcode.app/Contents/Developer/Toolchains/XcodeDefault.xctoolchain/usr/bin/clang -x objective-c -ivfsstatcache /Users/buddhirajgautam/Library/Developer/Xcode/DerivedData/SDKStatCaches.noindex/macosx27.0-26A425-e829b21a6f8c9b70876ba0858053c0447231f6df4def33e022ae2eb8f782df1a.sdkstatcache -target arm64-apple-macos12.0 -fmessage-length\=0 -fdiagnostics-show-note-include-stack -fmacro-backtrace-limit\=0 -fno-color-diagnostics -Wno-trigraphs -Werror\=incompatible-pointer-types -Werror\=implicit-function-declaration -Wmissing-field-initializers -Wmissing-prototypes -Wdocumentation -Wunreachable-code -Wimplicit-atomic-properties -Wno-objc-interface-ivars -Wobjc-missing-property-synthesis -Warc-repeated-use-of-weak -Wno-arc-maybe-repeated-use-of-weak -Wexplicit-ownership-type -Wimplicit-retain-self -Wduplicate-method-match -Wmissing-braces -Wparentheses -Wswitch -Wunused-function -Wunused-label -Wunused-parameter -Wunused-variable -Wunused-value -Wempty-body -Wuninitialized -Wunknown-pragmas -Wshadow -Wfour-char-constants -Wconversion -Wconstant-conversion -Wint-conversion -Wbool-conversion -Wenum-conversion -Wfloat-conversion -Wnon-literal-null-conversion -Wobjc-literal-conversion -Wassign-enum -Wsign-compare -Wshorten-64-to-32 -Wpointer-sign -Wnewline-eof -Wselector -Wstrict-selector-match -Wundeclared-selector -Wdeprecated-implementations -Wno-implicit-fallthrough -isysroot /Applications/Xcode.app/Contents/Developer/Platforms/MacOSX.platform/Developer/SDKs/MacOSX27.0.sdk -fstrict-aliasing -Wprotocol -Wdeprecated-declarations -Wsign-conversion -Winfinite-recursion -Wcomma -Wblock-capture-autoreleasing -Wstrict-prototypes -Wno-semicolon-before-method-body -Wall -Weverything -Wno-unused-macros -Wno-gnu-statement-expression -Wno-arc-repeated-use-of-weak -Wno-auto-import -Wno-gnu-zero-variadic-macro-arguments -Wno-custom-atomic-properties -Wno-implicit-atomic-properties @/Users/buddhirajgautam/Library/Developer/Xcode/DerivedData/Telegram-Mac-fygdgghdgmuleoelvxabfmqiotta/Build/Intermediates.noindex/Sparkle.build/Debug/Autoupdate.build/Objects-normal/arm64/e6072d4f65d7061329687fe24e3d63a7-common-args.resp -MMD -MT dependencies -MF /Users/buddhirajgautam/Library/Developer/Xcode/DerivedData/Telegram-Mac-fygdgghdgmuleoelvxabfmqiotta/Build/Intermediates.noindex/Sparkle.build/Debug/Autoupdate.build/Objects-normal/arm64/SUFileManager.d --serialize-diagnostics /Users/buddhirajgautam/Library/Developer/Xcode/DerivedData/Telegram-Mac-fygdgghdgmuleoelvxabfmqiotta/Build/Intermediates.noindex/Sparkle.build/Debug/Autoupdate.build/Objects-normal/arm64/SUFileManager.dia -c /Users/buddhirajgautam/Documents/Cherrygram-Mac/macOS-Swift/submodules/Sparkle/Sparkle/SUFileManager.m -o /Users/buddhirajgautam/Library/Developer/Xcode/DerivedData/Telegram-Mac-fygdgghdgmuleoelvxabfmqiotta/Build/Intermediates.noindex/Sparkle.build/Debug/Autoupdate.build/Objects-normal/arm64/SUFileManager.o
clang: warning: no such include directory: '/Users/buddhirajgautam/Library/Developer/Xcode/DerivedData/Telegram-Mac-fygdgghdgmuleoelvxabfmqiotta/Build/Products/Debug/include' [-Wmissing-include-dirs]
clang: warning: no such include directory: '/Users/buddhirajgautam/Library/Developer/Xcode/DerivedData/Telegram-Mac-fygdgghdgmuleoelvxabfmqiotta/Build/Intermediates.noindex/Sparkle.build/Debug/Autoupdate.build/DerivedSources-normal/arm64' [-Wmissing-include-dirs]
clang: warning: no such include directory: '/Users/buddhirajgautam/Library/Developer/Xcode/DerivedData/Telegram-Mac-fygdgghdgmuleoelvxabfmqiotta/Build/Intermediates.noindex/Sparkle.build/Debug/Autoupdate.build/DerivedSources/arm64' [-Wmissing-include-dirs]
clang: warning: no such include directory: '/Users/buddhirajgautam/Library/Developer/Xcode/DerivedData/Telegram-Mac-fygdgghdgmuleoelvxabfmqiotta/Build/Intermediates.noindex/Sparkle.build/Debug/Autoupdate.build/DerivedSources' [-Wmissing-include-dirs]
/Users/buddhirajgautam/Documents/Cherrygram-Mac/macOS-Swift/submodules/Sparkle/Sparkle/SUFileManager.m:35:14: warning: mixing declarations and code is incompatible with standards before C99 [-Wdeclaration-after-statement]
   35 |     OSStatus makeResult = FSPathMakeRefWithOptions((const UInt8 *)path, kFSPathMakeRefDoNotFollowLeafSymlink, ref, NULL);
      |              ^
/Users/buddhirajgautam/Documents/Cherrygram-Mac/macOS-Swift/submodules/Sparkle/Sparkle/SUFileManager.m:104:14: warning: mixing declarations and code is incompatible with standards before C99 [-Wdeclaration-after-statement]
  104 |     OSStatus createStatus = AuthorizationCreate(NULL, kAuthorizationEmptyEnvironment, kAuthorizationFlagDefaults, &_auth);
      |              ^
/Users/buddhirajgautam/Documents/Cherrygram-Mac/macOS-Swift/submodules/Sparkle/Sparkle/SUFileManager.m:160:11: warning: mixing declarations and code is incompatible with standards before C99 [-Wdeclaration-after-statement]
  160 |     char *arguments[] = { command, sourcePath, destinationPath, NULL };
      |           ^
/Users/buddhirajgautam/Documents/Cherrygram-Mac/macOS-Swift/submodules/Sparkle/Sparkle/SUFileManager.m:227:21: warning: implicit conversion when initializing 'const char *' with an expression of type 'const void *' is not permitted in C++ [-Wimplicit-void-ptr-cast]
  227 |         const char *bytes = data.bytes;
      |                     ^       ~~~~~~~~~~
/Users/buddhirajgautam/Documents/Cherrygram-Mac/macOS-Swift/submodules/Sparkle/Sparkle/SUFileManager.m:232:27: warning: mixing declarations and code is incompatible with standards before C99 [-Wdeclaration-after-statement]
  232 |                 NSString *fullLine = [[NSString alloc] initWithData:line encoding:NSUTF8StringEncoding];
      |                           ^
/Users/buddhirajgautam/Documents/Cherrygram-Mac/macOS-Swift/submodules/Sparkle/Sparkle/SUFileManager.m:227:21: warning: mixing declarations and code is incompatible with standards before C99 [-Wdeclaration-after-statement]
  227 |         const char *bytes = data.bytes;
      |                     ^
/Users/buddhirajgautam/Documents/Cherrygram-Mac/macOS-Swift/submodules/Sparkle/Sparkle/SUFileManager.m:266:19: warning: mixing declarations and code is incompatible with standards before C99 [-Wdeclaration-after-statement]
  266 |     NSDictionary *attributes = [_fileManager attributesOfItemAtPath:path error:NULL];
      |                   ^
/Users/buddhirajgautam/Documents/Cherrygram-Mac/macOS-Swift/submodules/Sparkle/Sparkle/SUFileManager.m:314:10: warning: mixing declarations and code is incompatible with standards before C99 [-Wdeclaration-after-statement]
  314 |     char path[PATH_MAX] = {0};
      |          ^
/Users/buddhirajgautam/Documents/Cherrygram-Mac/macOS-Swift/submodules/Sparkle/Sparkle/SUFileManager.m:342:12: warning: mixing declarations and code is incompatible with standards before C99 [-Wdeclaration-after-statement]
  342 |     BOOL (^releasingQuarantineRequiredAuthentication)(NSURL *, BOOL *, BOOL *) = ^(NSURL *fileURL, BOOL *didReleaseQuarantine, BOOL *success) {
      |            ^
/Users/buddhirajgautam/Documents/Cherrygram-Mac/macOS-Swift/submodules/Sparkle/Sparkle/SUFileManager.m:479:11: warning: mixing declarations and code is incompatible with standards before C99 [-Wdeclaration-after-statement]
  479 |     FSRef sourceRef;
      |           ^
/Users/buddhirajgautam/Documents/Cherrygram-Mac/macOS-Swift/submodules/Sparkle/Sparkle/SUFileManager.m:549:19: warning: mixing declarations and code is incompatible with standards before C99 [-Wdeclaration-after-statement]
  549 |     FSCatalogInfo catalogInfo;
      |                   ^
/Users/buddhirajgautam/Documents/Cherrygram-Mac/macOS-Swift/submodules/Sparkle/Sparkle/SUFileManager.m:574:12: warning: mixing declarations and code is incompatible with standards before C99 [-Wdeclaration-after-statement]
  574 |     NSURL *destinationURLParent = destinationURL.URLByDeletingLastPathComponent;
      |            ^
/Users/buddhirajgautam/Documents/Cherrygram-Mac/macOS-Swift/submodules/Sparkle/Sparkle/SUFileManager.m:656:9: warning: mixing declarations and code is incompatible with standards before C99 [-Wdeclaration-after-statement]
  656 |     int fileDescriptor = open(path, O_RDONLY | O_SYMLINK);
      |         ^
/Users/buddhirajgautam/Documents/Cherrygram-Mac/macOS-Swift/submodules/Sparkle/Sparkle/SUFileManager.m:701:14: warning: mixing declarations and code is incompatible with standards before C99 [-Wdeclaration-after-statement]
  701 |     NSError *matchFileAttributesError = nil;
      |              ^
/Users/buddhirajgautam/Documents/Cherrygram-Mac/macOS-Swift/submodules/Sparkle/Sparkle/SUFileManager.m:814:10: warning: mixing declarations and code is incompatible with standards before C99 [-Wdeclaration-after-statement]
  814 |     char path[PATH_MAX] = {0};
      |          ^
/Users/buddhirajgautam/Documents/Cherrygram-Mac/macOS-Swift/submodules/Sparkle/Sparkle/SUFileManager.m:869:12: warning: mixing declarations and code is incompatible with standards before C99 [-Wdeclaration-after-statement]
  869 |     NSURL *parentURL = [url URLByDeletingLastPathComponent];
      |            ^
/Users/buddhirajgautam/Documents/Cherrygram-Mac/macOS-Swift/submodules/Sparkle/Sparkle/SUFileManager.m:924:12: warning: mixing declarations and code is incompatible with standards before C99 [-Wdeclaration-after-statement]
  924 |     NSURL *desiredURL = [directoryURL URLByAppendingPathComponent:preferredName];
      |            ^
/Users/buddhirajgautam/Documents/Cherrygram-Mac/macOS-Swift/submodules/Sparkle/Sparkle/SUFileManager.m:942:14: warning: mixing declarations and code is incompatible with standards before C99 [-Wdeclaration-after-statement]
  942 |     NSError *removeError = nil;
      |              ^
/Users/buddhirajgautam/Documents/Cherrygram-Mac/macOS-Swift/submodules/Sparkle/Sparkle/SUFileManager.m:984:10: warning: mixing declarations and code is incompatible with standards before C99 [-Wdeclaration-after-statement]
  984 |     char path[PATH_MAX] = {0};
      |          ^
19 warnings generated.

CompileC /Users/buddhirajgautam/Library/Developer/Xcode/DerivedData/Telegram-Mac-fygdgghdgmuleoelvxabfmqiotta/Build/Intermediates.noindex/Sparkle.build/Debug/Autoupdate.build/Objects-normal/arm64/SUConstants.o /Users/buddhirajgautam/Documents/Cherrygram-Mac/macOS-Swift/submodules/Sparkle/Sparkle/SUConstants.m normal arm64 objective-c com.apple.compilers.llvm.clang.1_0.compiler (in target 'Autoupdate' from project 'Sparkle')
    cd /Users/buddhirajgautam/Documents/Cherrygram-Mac/macOS-Swift/submodules/Sparkle
    
    Using response file: /Users/buddhirajgautam/Library/Developer/Xcode/DerivedData/Telegram-Mac-fygdgghdgmuleoelvxabfmqiotta/Build/Intermediates.noindex/Sparkle.build/Debug/Autoupdate.build/Objects-normal/arm64/e6072d4f65d7061329687fe24e3d63a7-common-args.resp
    
    /Applications/Xcode.app/Contents/Developer/Toolchains/XcodeDefault.xctoolchain/usr/bin/clang -x objective-c -ivfsstatcache /Users/buddhirajgautam/Library/Developer/Xcode/DerivedData/SDKStatCaches.noindex/macosx27.0-26A425-e829b21a6f8c9b70876ba0858053c0447231f6df4def33e022ae2eb8f782df1a.sdkstatcache -target arm64-apple-macos12.0 -fmessage-length\=0 -fdiagnostics-show-note-include-stack -fmacro-backtrace-limit\=0 -fno-color-diagnostics -Wno-trigraphs -Werror\=incompatible-pointer-types -Werror\=implicit-function-declaration -Wmissing-field-initializers -Wmissing-prototypes -Wdocumentation -Wunreachable-code -Wimplicit-atomic-properties -Wno-objc-interface-ivars -Wobjc-missing-property-synthesis -Warc-repeated-use-of-weak -Wno-arc-maybe-repeated-use-of-weak -Wexplicit-ownership-type -Wimplicit-retain-self -Wduplicate-method-match -Wmissing-braces -Wparentheses -Wswitch -Wunused-function -Wunused-label -Wunused-parameter -Wunused-variable -Wunused-value -Wempty-body -Wuninitialized -Wunknown-pragmas -Wshadow -Wfour-char-constants -Wconversion -Wconstant-conversion -Wint-conversion -Wbool-conversion -Wenum-conversion -Wfloat-conversion -Wnon-literal-null-conversion -Wobjc-literal-conversion -Wassign-enum -Wsign-compare -Wshorten-64-to-32 -Wpointer-sign -Wnewline-eof -Wselector -Wstrict-selector-match -Wundeclared-selector -Wdeprecated-implementations -Wno-implicit-fallthrough -isysroot /Applications/Xcode.app/Contents/Developer/Platforms/MacOSX.platform/Developer/SDKs/MacOSX27.0.sdk -fstrict-aliasing -Wprotocol -Wdeprecated-declarations -Wsign-conversion -Winfinite-recursion -Wcomma -Wblock-capture-autoreleasing -Wstrict-prototypes -Wno-semicolon-before-method-body -Wall -Weverything -Wno-unused-macros -Wno-gnu-statement-expression -Wno-arc-repeated-use-of-weak -Wno-auto-import -Wno-gnu-zero-variadic-macro-arguments -Wno-custom-atomic-properties -Wno-implicit-atomic-properties @/Users/buddhirajgautam/Library/Developer/Xcode/DerivedData/Telegram-Mac-fygdgghdgmuleoelvxabfmqiotta/Build/Intermediates.noindex/Sparkle.build/Debug/Autoupdate.build/Objects-normal/arm64/e6072d4f65d7061329687fe24e3d63a7-common-args.resp -MMD -MT dependencies -MF /Users/buddhirajgautam/Library/Developer/Xcode/DerivedData/Telegram-Mac-fygdgghdgmuleoelvxabfmqiotta/Build/Intermediates.noindex/Sparkle.build/Debug/Autoupdate.build/Objects-normal/arm64/SUConstants.d --serialize-diagnostics /Users/buddhirajgautam/Library/Developer/Xcode/DerivedData/Telegram-Mac-fygdgghdgmuleoelvxabfmqiotta/Build/Intermediates.noindex/Sparkle.build/Debug/Autoupdate.build/Objects-normal/arm64/SUConstants.dia -c /Users/buddhirajgautam/Documents/Cherrygram-Mac/macOS-Swift/submodules/Sparkle/Sparkle/SUConstants.m -o /Users/buddhirajgautam/Library/Developer/Xcode/DerivedData/Telegram-Mac-fygdgghdgmuleoelvxabfmqiotta/Build/Intermediates.noindex/Sparkle.build/Debug/Autoupdate.build/Objects-normal/arm64/SUConstants.o
clang: warning: no such include directory: '/Users/buddhirajgautam/Library/Developer/Xcode/DerivedData/Telegram-Mac-fygdgghdgmuleoelvxabfmqiotta/Build/Products/Debug/include' [-Wmissing-include-dirs]
clang: warning: no such include directory: '/Users/buddhirajgautam/Library/Developer/Xcode/DerivedData/Telegram-Mac-fygdgghdgmuleoelvxabfmqiotta/Build/Intermediates.noindex/Sparkle.build/Debug/Autoupdate.build/DerivedSources-normal/arm64' [-Wmissing-include-dirs]
clang: warning: no such include directory: '/Users/buddhirajgautam/Library/Developer/Xcode/DerivedData/Telegram-Mac-fygdgghdgmuleoelvxabfmqiotta/Build/Intermediates.noindex/Sparkle.build/Debug/Autoupdate.build/DerivedSources/arm64' [-Wmissing-include-dirs]
clang: warning: no such include directory: '/Users/buddhirajgautam/Library/Developer/Xcode/DerivedData/Telegram-Mac-fygdgghdgmuleoelvxabfmqiotta/Build/Intermediates.noindex/Sparkle.build/Debug/Autoupdate.build/DerivedSources' [-Wmissing-include-dirs]

CompileC /Users/buddhirajgautam/Library/Developer/Xcode/DerivedData/Telegram-Mac-fygdgghdgmuleoelvxabfmqiotta/Build/Intermediates.noindex/Sparkle.build/Debug/Autoupdate.build/Objects-normal/arm64/SUCodeSigningVerifier.o /Users/buddhirajgautam/Documents/Cherrygram-Mac/macOS-Swift/submodules/Sparkle/Sparkle/SUCodeSigningVerifier.m normal arm64 objective-c com.apple.compilers.llvm.clang.1_0.compiler (in target 'Autoupdate' from project 'Sparkle')
    cd /Users/buddhirajgautam/Documents/Cherrygram-Mac/macOS-Swift/submodules/Sparkle
    
    Using response file: /Users/buddhirajgautam/Library/Developer/Xcode/DerivedData/Telegram-Mac-fygdgghdgmuleoelvxabfmqiotta/Build/Intermediates.noindex/Sparkle.build/Debug/Autoupdate.build/Objects-normal/arm64/e6072d4f65d7061329687fe24e3d63a7-common-args.resp
    
    /Applications/Xcode.app/Contents/Developer/Toolchains/XcodeDefault.xctoolchain/usr/bin/clang -x objective-c -ivfsstatcache /Users/buddhirajgautam/Library/Developer/Xcode/DerivedData/SDKStatCaches.noindex/macosx27.0-26A425-e829b21a6f8c9b70876ba0858053c0447231f6df4def33e022ae2eb8f782df1a.sdkstatcache -target arm64-apple-macos12.0 -fmessage-length\=0 -fdiagnostics-show-note-include-stack -fmacro-backtrace-limit\=0 -fno-color-diagnostics -Wno-trigraphs -Werror\=incompatible-pointer-types -Werror\=implicit-function-declaration -Wmissing-field-initializers -Wmissing-prototypes -Wdocumentation -Wunreachable-code -Wimplicit-atomic-properties -Wno-objc-interface-ivars -Wobjc-missing-property-synthesis -Warc-repeated-use-of-weak -Wno-arc-maybe-repeated-use-of-weak -Wexplicit-ownership-type -Wimplicit-retain-self -Wduplicate-method-match -Wmissing-braces -Wparentheses -Wswitch -Wunused-function -Wunused-label -Wunused-parameter -Wunused-variable -Wunused-value -Wempty-body -Wuninitialized -Wunknown-pragmas -Wshadow -Wfour-char-constants -Wconversion -Wconstant-conversion -Wint-conversion -Wbool-conversion -Wenum-conversion -Wfloat-conversion -Wnon-literal-null-conversion -Wobjc-literal-conversion -Wassign-enum -Wsign-compare -Wshorten-64-to-32 -Wpointer-sign -Wnewline-eof -Wselector -Wstrict-selector-match -Wundeclared-selector -Wdeprecated-implementations -Wno-implicit-fallthrough -isysroot /Applications/Xcode.app/Contents/Developer/Platforms/MacOSX.platform/Developer/SDKs/MacOSX27.0.sdk -fstrict-aliasing -Wprotocol -Wdeprecated-declarations -Wsign-conversion -Winfinite-recursion -Wcomma -Wblock-capture-autoreleasing -Wstrict-prototypes -Wno-semicolon-before-method-body -Wall -Weverything -Wno-unused-macros -Wno-gnu-statement-expression -Wno-arc-repeated-use-of-weak -Wno-auto-import -Wno-gnu-zero-variadic-macro-arguments -Wno-custom-atomic-properties -Wno-implicit-atomic-properties @/Users/buddhirajgautam/Library/Developer/Xcode/DerivedData/Telegram-Mac-fygdgghdgmuleoelvxabfmqiotta/Build/Intermediates.noindex/Sparkle.build/Debug/Autoupdate.build/Objects-normal/arm64/e6072d4f65d7061329687fe24e3d63a7-common-args.resp -MMD -MT dependencies -MF /Users/buddhirajgautam/Library/Developer/Xcode/DerivedData/Telegram-Mac-fygdgghdgmuleoelvxabfmqiotta/Build/Intermediates.noindex/Sparkle.build/Debug/Autoupdate.build/Objects-normal/arm64/SUCodeSigningVerifier.d --serialize-diagnostics /Users/buddhirajgautam/Library/Developer/Xcode/DerivedData/Telegram-Mac-fygdgghdgmuleoelvxabfmqiotta/Build/Intermediates.noindex/Sparkle.build/Debug/Autoupdate.build/Objects-normal/arm64/SUCodeSigningVerifier.dia -c /Users/buddhirajgautam/Documents/Cherrygram-Mac/macOS-Swift/submodules/Sparkle/Sparkle/SUCodeSigningVerifier.m -o /Users/buddhirajgautam/Library/Developer/Xcode/DerivedData/Telegram-Mac-fygdgghdgmuleoelvxabfmqiotta/Build/Intermediates.noindex/Sparkle.build/Debug/Autoupdate.build/Objects-normal/arm64/SUCodeSigningVerifier.o
clang: warning: no such include directory: '/Users/buddhirajgautam/Library/Developer/Xcode/DerivedData/Telegram-Mac-fygdgghdgmuleoelvxabfmqiotta/Build/Products/Debug/include' [-Wmissing-include-dirs]
clang: warning: no such include directory: '/Users/buddhirajgautam/Library/Developer/Xcode/DerivedData/Telegram-Mac-fygdgghdgmuleoelvxabfmqiotta/Build/Intermediates.noindex/Sparkle.build/Debug/Autoupdate.build/DerivedSources-normal/arm64' [-Wmissing-include-dirs]
clang: warning: no such include directory: '/Users/buddhirajgautam/Library/Developer/Xcode/DerivedData/Telegram-Mac-fygdgghdgmuleoelvxabfmqiotta/Build/Intermediates.noindex/Sparkle.build/Debug/Autoupdate.build/DerivedSources/arm64' [-Wmissing-include-dirs]
clang: warning: no such include directory: '/Users/buddhirajgautam/Library/Developer/Xcode/DerivedData/Telegram-Mac-fygdgghdgmuleoelvxabfmqiotta/Build/Intermediates.noindex/Sparkle.build/Debug/Autoupdate.build/DerivedSources' [-Wmissing-include-dirs]
/Users/buddhirajgautam/Documents/Cherrygram-Mac/macOS-Swift/submodules/Sparkle/Sparkle/SUCodeSigningVerifier.m:51:57: warning: bitwise operation between different enumeration types ('enum SecCSFlags' and 'enum (unnamed at /Applications/Xcode.app/Contents/Developer/Platforms/MacOSX.platform/Developer/SDKs/MacOSX27.0.sdk/System/Library/Frameworks/Security.framework/Headers/SecStaticCode.h:175:1)') [-Wanon-enum-enum-conversion]
   51 |     SecCSFlags flags = (SecCSFlags) (kSecCSDefaultFlags | kSecCSCheckAllArchitectures);
      |                                      ~~~~~~~~~~~~~~~~~~ ^ ~~~~~~~~~~~~~~~~~~~~~~~~~~~
/Users/buddhirajgautam/Documents/Cherrygram-Mac/macOS-Swift/submodules/Sparkle/Sparkle/SUCodeSigningVerifier.m:51:16: warning: mixing declarations and code is incompatible with standards before C99 [-Wdeclaration-after-statement]
   51 |     SecCSFlags flags = (SecCSFlags) (kSecCSDefaultFlags | kSecCSCheckAllArchitectures);
      |                ^
/Users/buddhirajgautam/Documents/Cherrygram-Mac/macOS-Swift/submodules/Sparkle/Sparkle/SUCodeSigningVerifier.m:44:9: warning: jump from this goto statement to its label is incompatible with C++ [-Wjump-misses-init]
   44 |         goto finally;
      |         ^
/Users/buddhirajgautam/Documents/Cherrygram-Mac/macOS-Swift/submodules/Sparkle/Sparkle/SUCodeSigningVerifier.m:51:16: note: jump bypasses variable initialization
   51 |     SecCSFlags flags = (SecCSFlags) (kSecCSDefaultFlags | kSecCSCheckAllArchitectures);
      |                ^
/Users/buddhirajgautam/Documents/Cherrygram-Mac/macOS-Swift/submodules/Sparkle/Sparkle/SUCodeSigningVerifier.m:38:9: warning: jump from this goto statement to its label is incompatible with C++ [-Wjump-misses-init]
   38 |         goto finally;
      |         ^
/Users/buddhirajgautam/Documents/Cherrygram-Mac/macOS-Swift/submodules/Sparkle/Sparkle/SUCodeSigningVerifier.m:51:16: note: jump bypasses variable initialization
   51 |     SecCSFlags flags = (SecCSFlags) (kSecCSDefaultFlags | kSecCSCheckAllArchitectures);
      |                ^
/Users/buddhirajgautam/Documents/Cherrygram-Mac/macOS-Swift/submodules/Sparkle/Sparkle/SUCodeSigningVerifier.m:98:57: warning: bitwise operation between different enumeration types ('enum SecCSFlags' and 'enum (unnamed at /Applications/Xcode.app/Contents/Developer/Platforms/MacOSX.platform/Developer/SDKs/MacOSX27.0.sdk/System/Library/Frameworks/Security.framework/Headers/SecStaticCode.h:175:1)') [-Wanon-enum-enum-conversion]
   98 |     SecCSFlags flags = (SecCSFlags) (kSecCSDefaultFlags | kSecCSCheckAllArchitectures);
      |                                      ~~~~~~~~~~~~~~~~~~ ^ ~~~~~~~~~~~~~~~~~~~~~~~~~~~
/Users/buddhirajgautam/Documents/Cherrygram-Mac/macOS-Swift/submodules/Sparkle/Sparkle/SUCodeSigningVerifier.m:98:16: warning: mixing declarations and code is incompatible with standards before C99 [-Wdeclaration-after-statement]
   98 |     SecCSFlags flags = (SecCSFlags) (kSecCSDefaultFlags | kSecCSCheckAllArchitectures);
      |                ^
/Users/buddhirajgautam/Documents/Cherrygram-Mac/macOS-Swift/submodules/Sparkle/Sparkle/SUCodeSigningVerifier.m:94:9: warning: jump from this goto statement to its label is incompatible with C++ [-Wjump-misses-init]
   94 |         goto finally;
      |         ^
/Users/buddhirajgautam/Documents/Cherrygram-Mac/macOS-Swift/submodules/Sparkle/Sparkle/SUCodeSigningVerifier.m:98:16: note: jump bypasses variable initialization
   98 |     SecCSFlags flags = (SecCSFlags) (kSecCSDefaultFlags | kSecCSCheckAllArchitectures);
      |                ^
/Users/buddhirajgautam/Documents/Cherrygram-Mac/macOS-Swift/submodules/Sparkle/Sparkle/SUCodeSigningVerifier.m:148:23: warning: mixing declarations and code is incompatible with standards before C99 [-Wdeclaration-after-statement]
  148 |         NSDictionary *infoPlist = [signingDict objectForKey:@"info-plist"];
      |                       ^
/Users/buddhirajgautam/Documents/Cherrygram-Mac/macOS-Swift/submodules/Sparkle/Sparkle/SUCodeSigningVerifier.m:171:23: warning: mixing declarations and code is incompatible with standards before C99 [-Wdeclaration-after-statement]
  171 |     SecRequirementRef requirement = NULL;
      |                       ^
9 warnings generated.

CompileC /Users/buddhirajgautam/Library/Developer/Xcode/DerivedData/Telegram-Mac-fygdgghdgmuleoelvxabfmqiotta/Build/Intermediates.noindex/Sparkle.build/Debug/Autoupdate.build/Objects-normal/arm64/SUBundleIcon.o /Users/buddhirajgautam/Documents/Cherrygram-Mac/macOS-Swift/submodules/Sparkle/Sparkle/SUBundleIcon.m normal arm64 objective-c com.apple.compilers.llvm.clang.1_0.compiler (in target 'Autoupdate' from project 'Sparkle')
    cd /Users/buddhirajgautam/Documents/Cherrygram-Mac/macOS-Swift/submodules/Sparkle
    
    Using response file: /Users/buddhirajgautam/Library/Developer/Xcode/DerivedData/Telegram-Mac-fygdgghdgmuleoelvxabfmqiotta/Build/Intermediates.noindex/Sparkle.build/Debug/Autoupdate.build/Objects-normal/arm64/e6072d4f65d7061329687fe24e3d63a7-common-args.resp
    
    /Applications/Xcode.app/Contents/Developer/Toolchains/XcodeDefault.xctoolchain/usr/bin/clang -x objective-c -ivfsstatcache /Users/buddhirajgautam/Library/Developer/Xcode/DerivedData/SDKStatCaches.noindex/macosx27.0-26A425-e829b21a6f8c9b70876ba0858053c0447231f6df4def33e022ae2eb8f782df1a.sdkstatcache -target arm64-apple-macos12.0 -fmessage-length\=0 -fdiagnostics-show-note-include-stack -fmacro-backtrace-limit\=0 -fno-color-diagnostics -Wno-trigraphs -Werror\=incompatible-pointer-types -Werror\=implicit-function-declaration -Wmissing-field-initializers -Wmissing-prototypes -Wdocumentation -Wunreachable-code -Wimplicit-atomic-properties -Wno-objc-interface-ivars -Wobjc-missing-property-synthesis -Warc-repeated-use-of-weak -Wno-arc-maybe-repeated-use-of-weak -Wexplicit-ownership-type -Wimplicit-retain-self -Wduplicate-method-match -Wmissing-braces -Wparentheses -Wswitch -Wunused-function -Wunused-label -Wunused-parameter -Wunused-variable -Wunused-value -Wempty-body -Wuninitialized -Wunknown-pragmas -Wshadow -Wfour-char-constants -Wconversion -Wconstant-conversion -Wint-conversion -Wbool-conversion -Wenum-conversion -Wfloat-conversion -Wnon-literal-null-conversion -Wobjc-literal-conversion -Wassign-enum -Wsign-compare -Wshorten-64-to-32 -Wpointer-sign -Wnewline-eof -Wselector -Wstrict-selector-match -Wundeclared-selector -Wdeprecated-implementations -Wno-implicit-fallthrough -isysroot /Applications/Xcode.app/Contents/Developer/Platforms/MacOSX.platform/Developer/SDKs/MacOSX27.0.sdk -fstrict-aliasing -Wprotocol -Wdeprecated-declarations -Wsign-conversion -Winfinite-recursion -Wcomma -Wblock-capture-autoreleasing -Wstrict-prototypes -Wno-semicolon-before-method-body -Wall -Weverything -Wno-unused-macros -Wno-gnu-statement-expression -Wno-arc-repeated-use-of-weak -Wno-auto-import -Wno-gnu-zero-variadic-macro-arguments -Wno-custom-atomic-properties -Wno-implicit-atomic-properties @/Users/buddhirajgautam/Library/Developer/Xcode/DerivedData/Telegram-Mac-fygdgghdgmuleoelvxabfmqiotta/Build/Intermediates.noindex/Sparkle.build/Debug/Autoupdate.build/Objects-normal/arm64/e6072d4f65d7061329687fe24e3d63a7-common-args.resp -MMD -MT dependencies -MF /Users/buddhirajgautam/Library/Developer/Xcode/DerivedData/Telegram-Mac-fygdgghdgmuleoelvxabfmqiotta/Build/Intermediates.noindex/Sparkle.build/Debug/Autoupdate.build/Objects-normal/arm64/SUBundleIcon.d --serialize-diagnostics /Users/buddhirajgautam/Library/Developer/Xcode/DerivedData/Telegram-Mac-fygdgghdgmuleoelvxabfmqiotta/Build/Intermediates.noindex/Sparkle.build/Debug/Autoupdate.build/Objects-normal/arm64/SUBundleIcon.dia -c /Users/buddhirajgautam/Documents/Cherrygram-Mac/macOS-Swift/submodules/Sparkle/Sparkle/SUBundleIcon.m -o /Users/buddhirajgautam/Library/Developer/Xcode/DerivedData/Telegram-Mac-fygdgghdgmuleoelvxabfmqiotta/Build/Intermediates.noindex/Sparkle.build/Debug/Autoupdate.build/Objects-normal/arm64/SUBundleIcon.o
clang: warning: no such include directory: '/Users/buddhirajgautam/Library/Developer/Xcode/DerivedData/Telegram-Mac-fygdgghdgmuleoelvxabfmqiotta/Build/Products/Debug/include' [-Wmissing-include-dirs]
clang: warning: no such include directory: '/Users/buddhirajgautam/Library/Developer/Xcode/DerivedData/Telegram-Mac-fygdgghdgmuleoelvxabfmqiotta/Build/Intermediates.noindex/Sparkle.build/Debug/Autoupdate.build/DerivedSources-normal/arm64' [-Wmissing-include-dirs]
clang: warning: no such include directory: '/Users/buddhirajgautam/Library/Developer/Xcode/DerivedData/Telegram-Mac-fygdgghdgmuleoelvxabfmqiotta/Build/Intermediates.noindex/Sparkle.build/Debug/Autoupdate.build/DerivedSources/arm64' [-Wmissing-include-dirs]
clang: warning: no such include directory: '/Users/buddhirajgautam/Library/Developer/Xcode/DerivedData/Telegram-Mac-fygdgghdgmuleoelvxabfmqiotta/Build/Intermediates.noindex/Sparkle.build/Debug/Autoupdate.build/DerivedSources' [-Wmissing-include-dirs]
/Users/buddhirajgautam/Documents/Cherrygram-Mac/macOS-Swift/submodules/Sparkle/Sparkle/SUBundleIcon.m:25:12: warning: mixing declarations and code is incompatible with standards before C99 [-Wdeclaration-after-statement]
   25 |     NSURL *iconURL = [host.bundle URLForResource:resource withExtension:@"icns"];
      |            ^
1 warning generated.

CompileC /Users/buddhirajgautam/Library/Developer/Xcode/DerivedData/Telegram-Mac-fygdgghdgmuleoelvxabfmqiotta/Build/Intermediates.noindex/Sparkle.build/Debug/Autoupdate.build/Objects-normal/arm64/SUApplicationInfo.o /Users/buddhirajgautam/Documents/Cherrygram-Mac/macOS-Swift/submodules/Sparkle/Sparkle/SUApplicationInfo.m normal arm64 objective-c com.apple.compilers.llvm.clang.1_0.compiler (in target 'Autoupdate' from project 'Sparkle')
    cd /Users/buddhirajgautam/Documents/Cherrygram-Mac/macOS-Swift/submodules/Sparkle
    
    Using response file: /Users/buddhirajgautam/Library/Developer/Xcode/DerivedData/Telegram-Mac-fygdgghdgmuleoelvxabfmqiotta/Build/Intermediates.noindex/Sparkle.build/Debug/Autoupdate.build/Objects-normal/arm64/e6072d4f65d7061329687fe24e3d63a7-common-args.resp
    
    /Applications/Xcode.app/Contents/Developer/Toolchains/XcodeDefault.xctoolchain/usr/bin/clang -x objective-c -ivfsstatcache /Users/buddhirajgautam/Library/Developer/Xcode/DerivedData/SDKStatCaches.noindex/macosx27.0-26A425-e829b21a6f8c9b70876ba0858053c0447231f6df4def33e022ae2eb8f782df1a.sdkstatcache -target arm64-apple-macos12.0 -fmessage-length\=0 -fdiagnostics-show-note-include-stack -fmacro-backtrace-limit\=0 -fno-color-diagnostics -Wno-trigraphs -Werror\=incompatible-pointer-types -Werror\=implicit-function-declaration -Wmissing-field-initializers -Wmissing-prototypes -Wdocumentation -Wunreachable-code -Wimplicit-atomic-properties -Wno-objc-interface-ivars -Wobjc-missing-property-synthesis -Warc-repeated-use-of-weak -Wno-arc-maybe-repeated-use-of-weak -Wexplicit-ownership-type -Wimplicit-retain-self -Wduplicate-method-match -Wmissing-braces -Wparentheses -Wswitch -Wunused-function -Wunused-label -Wunused-parameter -Wunused-variable -Wunused-value -Wempty-body -Wuninitialized -Wunknown-pragmas -Wshadow -Wfour-char-constants -Wconversion -Wconstant-conversion -Wint-conversion -Wbool-conversion -Wenum-conversion -Wfloat-conversion -Wnon-literal-null-conversion -Wobjc-literal-conversion -Wassign-enum -Wsign-compare -Wshorten-64-to-32 -Wpointer-sign -Wnewline-eof -Wselector -Wstrict-selector-match -Wundeclared-selector -Wdeprecated-implementations -Wno-implicit-fallthrough -isysroot /Applications/Xcode.app/Contents/Developer/Platforms/MacOSX.platform/Developer/SDKs/MacOSX27.0.sdk -fstrict-aliasing -Wprotocol -Wdeprecated-declarations -Wsign-conversion -Winfinite-recursion -Wcomma -Wblock-capture-autoreleasing -Wstrict-prototypes -Wno-semicolon-before-method-body -Wall -Weverything -Wno-unused-macros -Wno-gnu-statement-expression -Wno-arc-repeated-use-of-weak -Wno-auto-import -Wno-gnu-zero-variadic-macro-arguments -Wno-custom-atomic-properties -Wno-implicit-atomic-properties @/Users/buddhirajgautam/Library/Developer/Xcode/DerivedData/Telegram-Mac-fygdgghdgmuleoelvxabfmqiotta/Build/Intermediates.noindex/Sparkle.build/Debug/Autoupdate.build/Objects-normal/arm64/e6072d4f65d7061329687fe24e3d63a7-common-args.resp -MMD -MT dependencies -MF /Users/buddhirajgautam/Library/Developer/Xcode/DerivedData/Telegram-Mac-fygdgghdgmuleoelvxabfmqiotta/Build/Intermediates.noindex/Sparkle.build/Debug/Autoupdate.build/Objects-normal/arm64/SUApplicationInfo.d --serialize-diagnostics /Users/buddhirajgautam/Library/Developer/Xcode/DerivedData/Telegram-Mac-fygdgghdgmuleoelvxabfmqiotta/Build/Intermediates.noindex/Sparkle.build/Debug/Autoupdate.build/Objects-normal/arm64/SUApplicationInfo.dia -c /Users/buddhirajgautam/Documents/Cherrygram-Mac/macOS-Swift/submodules/Sparkle/Sparkle/SUApplicationInfo.m -o /Users/buddhirajgautam/Library/Developer/Xcode/DerivedData/Telegram-Mac-fygdgghdgmuleoelvxabfmqiotta/Build/Intermediates.noindex/Sparkle.build/Debug/Autoupdate.build/Objects-normal/arm64/SUApplicationInfo.o
clang: warning: no such include directory: '/Users/buddhirajgautam/Library/Developer/Xcode/DerivedData/Telegram-Mac-fygdgghdgmuleoelvxabfmqiotta/Build/Products/Debug/include' [-Wmissing-include-dirs]
clang: warning: no such include directory: '/Users/buddhirajgautam/Library/Developer/Xcode/DerivedData/Telegram-Mac-fygdgghdgmuleoelvxabfmqiotta/Build/Intermediates.noindex/Sparkle.build/Debug/Autoupdate.build/DerivedSources-normal/arm64' [-Wmissing-include-dirs]
clang: warning: no such include directory: '/Users/buddhirajgautam/Library/Developer/Xcode/DerivedData/Telegram-Mac-fygdgghdgmuleoelvxabfmqiotta/Build/Intermediates.noindex/Sparkle.build/Debug/Autoupdate.build/DerivedSources/arm64' [-Wmissing-include-dirs]
clang: warning: no such include directory: '/Users/buddhirajgautam/Library/Developer/Xcode/DerivedData/Telegram-Mac-fygdgghdgmuleoelvxabfmqiotta/Build/Intermediates.noindex/Sparkle.build/Debug/Autoupdate.build/DerivedSources' [-Wmissing-include-dirs]
/Users/buddhirajgautam/Documents/Cherrygram-Mac/macOS-Swift/submodules/Sparkle/Sparkle/SUApplicationInfo.m:31:66: warning: 'kUTTypeApplication' is deprecated: first deprecated in macOS 12.0 - Use UTTypeApplication or UTType.application (swift) instead. [-Wdeprecated-declarations]
   31 |         NSString *fileType = isMainBundle ? (__bridge NSString *)kUTTypeApplication : (__bridge NSString *)kUTTypeBundle;
      |                                                                  ^
In file included from /Users/buddhirajgautam/Documents/Cherrygram-Mac/macOS-Swift/submodules/Sparkle/Sparkle/SUApplicationInfo.m:9:
In file included from /Users/buddhirajgautam/Documents/Cherrygram-Mac/macOS-Swift/submodules/Sparkle/Sparkle/SUApplicationInfo.h:9:
In file included from /Applications/Xcode.app/Contents/Developer/Platforms/MacOSX.platform/Developer/SDKs/MacOSX27.0.sdk/System/Library/Frameworks/Cocoa.framework/Headers/Cocoa.h:12:
In file included from /Applications/Xcode.app/Contents/Developer/Platforms/MacOSX.platform/Developer/SDKs/MacOSX27.0.sdk/System/Library/Frameworks/Foundation.framework/Headers/Foundation.h:94:
In file included from /Applications/Xcode.app/Contents/Developer/Platforms/MacOSX.platform/Developer/SDKs/MacOSX27.0.sdk/System/Library/Frameworks/Foundation.framework/Headers/NSURLError.h:15:
In file included from /Applications/Xcode.app/Contents/Developer/Platforms/MacOSX.platform/Developer/SDKs/MacOSX27.0.sdk/System/Library/Frameworks/CoreServices.framework/Headers/CoreServices.h:39:
In file included from /Applications/Xcode.app/Contents/Developer/Platforms/MacOSX.platform/Developer/SDKs/MacOSX27.0.sdk/System/Library/Frameworks/CoreServices.framework/Frameworks/LaunchServices.framework/Headers/LaunchServices.h:47:
/Applications/Xcode.app/Contents/Developer/Platforms/MacOSX.platform/Developer/SDKs/MacOSX27.0.sdk/System/Library/Frameworks/CoreServices.framework/Frameworks/LaunchServices.framework/Headers/UTCoreTypes.h:1068:26: note: 'kUTTypeApplication' has been explicitly marked deprecated here
 1068 | extern const CFStringRef kUTTypeApplication                          API_DEPRECATED("Use UTTypeApplication or UTType.application (swift) instead.", ios(3.0, 15.0), macos(10.4, 12.0), tvos(9.0, 15.0), watchos(1.0, 8.0));
      |                          ^
/Users/buddhirajgautam/Documents/Cherrygram-Mac/macOS-Swift/submodules/Sparkle/Sparkle/SUApplicationInfo.m:31:108: warning: 'kUTTypeBundle' is deprecated: first deprecated in macOS 12.0 - Use UTTypeBundle or UTType.bundle (swift) instead. [-Wdeprecated-declarations]
   31 |         NSString *fileType = isMainBundle ? (__bridge NSString *)kUTTypeApplication : (__bridge NSString *)kUTTypeBundle;
      |                                                                                                            ^
In file included from /Users/buddhirajgautam/Documents/Cherrygram-Mac/macOS-Swift/submodules/Sparkle/Sparkle/SUApplicationInfo.m:9:
In file included from /Users/buddhirajgautam/Documents/Cherrygram-Mac/macOS-Swift/submodules/Sparkle/Sparkle/SUApplicationInfo.h:9:
In file included from /Applications/Xcode.app/Contents/Developer/Platforms/MacOSX.platform/Developer/SDKs/MacOSX27.0.sdk/System/Library/Frameworks/Cocoa.framework/Headers/Cocoa.h:12:
In file included from /Applications/Xcode.app/Contents/Developer/Platforms/MacOSX.platform/Developer/SDKs/MacOSX27.0.sdk/System/Library/Frameworks/Foundation.framework/Headers/Foundation.h:94:
In file included from /Applications/Xcode.app/Contents/Developer/Platforms/MacOSX.platform/Developer/SDKs/MacOSX27.0.sdk/System/Library/Frameworks/Foundation.framework/Headers/NSURLError.h:15:
In file included from /Applications/Xcode.app/Contents/Developer/Platforms/MacOSX.platform/Developer/SDKs/MacOSX27.0.sdk/System/Library/Frameworks/CoreServices.framework/Headers/CoreServices.h:39:
In file included from /Applications/Xcode.app/Contents/Developer/Platforms/MacOSX.platform/Developer/SDKs/MacOSX27.0.sdk/System/Library/Frameworks/CoreServices.framework/Frameworks/LaunchServices.framework/Headers/LaunchServices.h:47:
/Applications/Xcode.app/Contents/Developer/Platforms/MacOSX.platform/Developer/SDKs/MacOSX27.0.sdk/System/Library/Frameworks/CoreServices.framework/Frameworks/LaunchServices.framework/Headers/UTCoreTypes.h:993:26: note: 'kUTTypeBundle' has been explicitly marked deprecated here
  993 | extern const CFStringRef kUTTypeBundle                               API_DEPRECATED("Use UTTypeBundle or UTType.bundle (swift) instead.", ios(3.0, 15.0), macos(10.4, 12.0), tvos(9.0, 15.0), watchos(1.0, 8.0));
      |                          ^
/Users/buddhirajgautam/Documents/Cherrygram-Mac/macOS-Swift/submodules/Sparkle/Sparkle/SUApplicationInfo.m:32:47: warning: 'iconForFileType:' is deprecated: first deprecated in macOS 12.0 - Use -[NSWorkspace iconForContentType:] instead. [-Wdeprecated-declarations]
   32 |         icon = [[NSWorkspace sharedWorkspace] iconForFileType:fileType];
      |                                               ^
In file included from /Users/buddhirajgautam/Documents/Cherrygram-Mac/macOS-Swift/submodules/Sparkle/Sparkle/SUApplicationInfo.m:9:
In file included from /Users/buddhirajgautam/Documents/Cherrygram-Mac/macOS-Swift/submodules/Sparkle/Sparkle/SUApplicationInfo.h:9:
In file included from /Applications/Xcode.app/Contents/Developer/Platforms/MacOSX.platform/Developer/SDKs/MacOSX27.0.sdk/System/Library/Frameworks/Cocoa.framework/Headers/Cocoa.h:13:
In file included from /Applications/Xcode.app/Contents/Developer/Platforms/MacOSX.platform/Developer/SDKs/MacOSX27.0.sdk/System/Library/Frameworks/AppKit.framework/Headers/AppKit.h:14:
In file included from /Applications/Xcode.app/Contents/Developer/Platforms/MacOSX.platform/Developer/SDKs/MacOSX27.0.sdk/System/Library/Frameworks/AppKit.framework/Headers/NSAccessibility.h:17:
/Applications/Xcode.app/Contents/Developer/Platforms/MacOSX.platform/Developer/SDKs/MacOSX27.0.sdk/System/Library/Frameworks/AppKit.framework/Headers/NSWorkspace.h:456:1: note: 'iconForFileType:' has been explicitly marked deprecated here
  456 | - (NSImage *)iconForFileType:(NSString *)fileType API_DEPRECATED("Use -[NSWorkspace iconForContentType:] instead.", macos(10.0, 12.0));
      | ^
3 warnings generated.

CompileC /Users/buddhirajgautam/Library/Developer/Xcode/DerivedData/Telegram-Mac-fygdgghdgmuleoelvxabfmqiotta/Build/Intermediates.noindex/Sparkle.build/Debug/Autoupdate.build/Objects-normal/arm64/Autoupdate.o /Users/buddhirajgautam/Documents/Cherrygram-Mac/macOS-Swift/submodules/Sparkle/Sparkle/Autoupdate/Autoupdate.m normal arm64 objective-c com.apple.compilers.llvm.clang.1_0.compiler (in target 'Autoupdate' from project 'Sparkle')
    cd /Users/buddhirajgautam/Documents/Cherrygram-Mac/macOS-Swift/submodules/Sparkle
    
    Using response file: /Users/buddhirajgautam/Library/Developer/Xcode/DerivedData/Telegram-Mac-fygdgghdgmuleoelvxabfmqiotta/Build/Intermediates.noindex/Sparkle.build/Debug/Autoupdate.build/Objects-normal/arm64/e6072d4f65d7061329687fe24e3d63a7-common-args.resp
    
    /Applications/Xcode.app/Contents/Developer/Toolchains/XcodeDefault.xctoolchain/usr/bin/clang -x objective-c -ivfsstatcache /Users/buddhirajgautam/Library/Developer/Xcode/DerivedData/SDKStatCaches.noindex/macosx27.0-26A425-e829b21a6f8c9b70876ba0858053c0447231f6df4def33e022ae2eb8f782df1a.sdkstatcache -target arm64-apple-macos12.0 -fmessage-length\=0 -fdiagnostics-show-note-include-stack -fmacro-backtrace-limit\=0 -fno-color-diagnostics -Wno-trigraphs -Werror\=incompatible-pointer-types -Werror\=implicit-function-declaration -Wmissing-field-initializers -Wmissing-prototypes -Wdocumentation -Wunreachable-code -Wimplicit-atomic-properties -Wno-objc-interface-ivars -Wobjc-missing-property-synthesis -Warc-repeated-use-of-weak -Wno-arc-maybe-repeated-use-of-weak -Wexplicit-ownership-type -Wimplicit-retain-self -Wduplicate-method-match -Wmissing-braces -Wparentheses -Wswitch -Wunused-function -Wunused-label -Wunused-parameter -Wunused-variable -Wunused-value -Wempty-body -Wuninitialized -Wunknown-pragmas -Wshadow -Wfour-char-constants -Wconversion -Wconstant-conversion -Wint-conversion -Wbool-conversion -Wenum-conversion -Wfloat-conversion -Wnon-literal-null-conversion -Wobjc-literal-conversion -Wassign-enum -Wsign-compare -Wshorten-64-to-32 -Wpointer-sign -Wnewline-eof -Wselector -Wstrict-selector-match -Wundeclared-selector -Wdeprecated-implementations -Wno-implicit-fallthrough -isysroot /Applications/Xcode.app/Contents/Developer/Platforms/MacOSX.platform/Developer/SDKs/MacOSX27.0.sdk -fstrict-aliasing -Wprotocol -Wdeprecated-declarations -Wsign-conversion -Winfinite-recursion -Wcomma -Wblock-capture-autoreleasing -Wstrict-prototypes -Wno-semicolon-before-method-body -Wall -Weverything -Wno-unused-macros -Wno-gnu-statement-expression -Wno-arc-repeated-use-of-weak -Wno-auto-import -Wno-gnu-zero-variadic-macro-arguments -Wno-custom-atomic-properties -Wno-implicit-atomic-properties @/Users/buddhirajgautam/Library/Developer/Xcode/DerivedData/Telegram-Mac-fygdgghdgmuleoelvxabfmqiotta/Build/Intermediates.noindex/Sparkle.build/Debug/Autoupdate.build/Objects-normal/arm64/e6072d4f65d7061329687fe24e3d63a7-common-args.resp -MMD -MT dependencies -MF /Users/buddhirajgautam/Library/Developer/Xcode/DerivedData/Telegram-Mac-fygdgghdgmuleoelvxabfmqiotta/Build/Intermediates.noindex/Sparkle.build/Debug/Autoupdate.build/Objects-normal/arm64/Autoupdate.d --serialize-diagnostics /Users/buddhirajgautam/Library/Developer/Xcode/DerivedData/Telegram-Mac-fygdgghdgmuleoelvxabfmqiotta/Build/Intermediates.noindex/Sparkle.build/Debug/Autoupdate.build/Objects-normal/arm64/Autoupdate.dia -c /Users/buddhirajgautam/Documents/Cherrygram-Mac/macOS-Swift/submodules/Sparkle/Sparkle/Autoupdate/Autoupdate.m -o /Users/buddhirajgautam/Library/Developer/Xcode/DerivedData/Telegram-Mac-fygdgghdgmuleoelvxabfmqiotta/Build/Intermediates.noindex/Sparkle.build/Debug/Autoupdate.build/Objects-normal/arm64/Autoupdate.o
clang: warning: no such include directory: '/Users/buddhirajgautam/Library/Developer/Xcode/DerivedData/Telegram-Mac-fygdgghdgmuleoelvxabfmqiotta/Build/Products/Debug/include' [-Wmissing-include-dirs]
clang: warning: no such include directory: '/Users/buddhirajgautam/Library/Developer/Xcode/DerivedData/Telegram-Mac-fygdgghdgmuleoelvxabfmqiotta/Build/Intermediates.noindex/Sparkle.build/Debug/Autoupdate.build/DerivedSources-normal/arm64' [-Wmissing-include-dirs]
clang: warning: no such include directory: '/Users/buddhirajgautam/Library/Developer/Xcode/DerivedData/Telegram-Mac-fygdgghdgmuleoelvxabfmqiotta/Build/Intermediates.noindex/Sparkle.build/Debug/Autoupdate.build/DerivedSources/arm64' [-Wmissing-include-dirs]
clang: warning: no such include directory: '/Users/buddhirajgautam/Library/Developer/Xcode/DerivedData/Telegram-Mac-fygdgghdgmuleoelvxabfmqiotta/Build/Intermediates.noindex/Sparkle.build/Debug/Autoupdate.build/DerivedSources' [-Wmissing-include-dirs]
/Users/buddhirajgautam/Documents/Cherrygram-Mac/macOS-Swift/submodules/Sparkle/Sparkle/Autoupdate/Autoupdate.m:154:15: warning: mixing declarations and code is incompatible with standards before C99 [-Wdeclaration-after-statement]
  154 |         void(^progressBlock)(double) = ^(double progress){
      |               ^
/Users/buddhirajgautam/Documents/Cherrygram-Mac/macOS-Swift/submodules/Sparkle/Sparkle/Autoupdate/Autoupdate.m:128:14: warning: mixing declarations and code is incompatible with standards before C99 [-Wdeclaration-after-statement]
  128 |     NSError *retrieveInstallerError = nil;
      |              ^
/Users/buddhirajgautam/Documents/Cherrygram-Mac/macOS-Swift/submodules/Sparkle/Sparkle/Autoupdate/Autoupdate.m:211:45: warning: 'openFile:' is deprecated: first deprecated in macOS 11.0 - Use -[NSWorkspace openURL:] instead. [-Wdeprecated-declarations]
  211 |         if (![[NSWorkspace sharedWorkspace] openFile:relaunchPath]) {
      |                                             ^
In file included from /Users/buddhirajgautam/Documents/Cherrygram-Mac/macOS-Swift/submodules/Sparkle/Sparkle/Autoupdate/Autoupdate.m:1:
In file included from /Applications/Xcode.app/Contents/Developer/Platforms/MacOSX.platform/Developer/SDKs/MacOSX27.0.sdk/System/Library/Frameworks/Cocoa.framework/Headers/Cocoa.h:13:
In file included from /Applications/Xcode.app/Contents/Developer/Platforms/MacOSX.platform/Developer/SDKs/MacOSX27.0.sdk/System/Library/Frameworks/AppKit.framework/Headers/AppKit.h:14:
In file included from /Applications/Xcode.app/Contents/Developer/Platforms/MacOSX.platform/Developer/SDKs/MacOSX27.0.sdk/System/Library/Frameworks/AppKit.framework/Headers/NSAccessibility.h:17:
/Applications/Xcode.app/Contents/Developer/Platforms/MacOSX.platform/Developer/SDKs/MacOSX27.0.sdk/System/Library/Frameworks/AppKit.framework/Headers/NSWorkspace.h:374:1: note: 'openFile:' has been explicitly marked deprecated here
  374 | - (BOOL)openFile:(NSString *)fullPath API_DEPRECATED("Use -[NSWorkspace openURL:] instead.", macos(10.0, 11.0));
      | ^
/Users/buddhirajgautam/Documents/Cherrygram-Mac/macOS-Swift/submodules/Sparkle/Sparkle/Autoupdate/Autoupdate.m:193:22: warning: mixing declarations and code is incompatible with standards before C99 [-Wdeclaration-after-statement]
  193 |     dispatch_block_t cleanupAndExit = ^{
      |                      ^
/Users/buddhirajgautam/Documents/Cherrygram-Mac/macOS-Swift/submodules/Sparkle/Sparkle/Autoupdate/Autoupdate.m:240:24: warning: mixing declarations and code is incompatible with standards before C99 [-Wdeclaration-after-statement]
  240 |         NSApplication *application = [NSApplication sharedApplication];
      |                        ^
5 warnings generated.

Ld /Users/buddhirajgautam/Library/Developer/Xcode/DerivedData/Telegram-Mac-fygdgghdgmuleoelvxabfmqiotta/Build/Products/Debug/Translate.o normal (in target 'Translate' from project 'Translate')
    cd /Users/buddhirajgautam/Documents/Cherrygram-Mac/macOS-Swift/packages/Translate
    /Applications/Xcode.app/Contents/Developer/Toolchains/XcodeDefault.xctoolchain/usr/bin/clang -Xlinker -reproducible -target arm64-apple-macos12.0 -r -isysroot /Applications/Xcode.app/Contents/Developer/Platforms/MacOSX.platform/Developer/SDKs/MacOSX27.0.sdk -O0 -Xlinker -no_warn_duplicate_libraries -F/Users/buddhirajgautam/Library/Developer/Xcode/DerivedData/Telegram-Mac-fygdgghdgmuleoelvxabfmqiotta/Build/Intermediates.noindex/EagerLinkingTBDs/Debug -F/Users/buddhirajgautam/Library/Developer/Xcode/DerivedData/Telegram-Mac-fygdgghdgmuleoelvxabfmqiotta/Build/Products/Debug/PackageFrameworks -F/Users/buddhirajgautam/Library/Developer/Xcode/DerivedData/Telegram-Mac-fygdgghdgmuleoelvxabfmqiotta/Build/Products/Debug -iframework /Applications/Xcode.app/Contents/Developer/Platforms/MacOSX.platform/Developer/Library/Frameworks -filelist /Users/buddhirajgautam/Library/Developer/Xcode/DerivedData/Telegram-Mac-fygdgghdgmuleoelvxabfmqiotta/Build/Intermediates.noindex/Translate.build/Debug/Translate-t.build/Objects-normal/arm64/Translate.LinkFileList -nostdlib -Xlinker -object_path_lto -Xlinker /Users/buddhirajgautam/Library/Developer/Xcode/DerivedData/Telegram-Mac-fygdgghdgmuleoelvxabfmqiotta/Build/Intermediates.noindex/Translate.build/Debug/Translate-t.build/Objects-normal/arm64/Translate_lto.o -Xlinker -no_deduplicate -Xlinker -debug_variant -Xlinker -dependency_info -Xlinker /Users/buddhirajgautam/Library/Developer/Xcode/DerivedData/Telegram-Mac-fygdgghdgmuleoelvxabfmqiotta/Build/Intermediates.noindex/Translate.build/Debug/Translate-t.build/Objects-normal/arm64/Translate_dependency_info.dat -fobjc-link-runtime -L/Applications/Xcode.app/Contents/Developer/Toolchains/XcodeDefault.xctoolchain/usr/lib/swift/macosx -L/usr/lib/swift -Xlinker -add_ast_path -Xlinker /Users/buddhirajgautam/Library/Developer/Xcode/DerivedData/Telegram-Mac-fygdgghdgmuleoelvxabfmqiotta/Build/Intermediates.noindex/Translate.build/Debug/Translate-t.build/Objects-normal/arm64/Translate.swiftmodule -o /Users/buddhirajgautam/Library/Developer/Xcode/DerivedData/Telegram-Mac-fygdgghdgmuleoelvxabfmqiotta/Build/Products/Debug/Translate.o

Touch /Users/buddhirajgautam/Library/Developer/Xcode/DerivedData/Telegram-Mac-fygdgghdgmuleoelvxabfmqiotta/Build/Products/Debug/RLottie.framework (in target 'RLottie' from project 'RLottie_Xcode')
    cd /Users/buddhirajgautam/Documents/Cherrygram-Mac/macOS-Swift/submodules/RLottie_Xcode
    /usr/bin/touch -c /Users/buddhirajgautam/Library/Developer/Xcode/DerivedData/Telegram-Mac-fygdgghdgmuleoelvxabfmqiotta/Build/Products/Debug/RLottie.framework

Ld /Users/buddhirajgautam/Library/Developer/Xcode/DerivedData/Telegram-Mac-fygdgghdgmuleoelvxabfmqiotta/Build/Products/Debug/Reachability.o normal (in target 'Reachability' from project 'Reachability')
    cd /Users/buddhirajgautam/Documents/Cherrygram-Mac/macOS-Swift/submodules/telegram-ios/submodules/Reachability
    /Applications/Xcode.app/Contents/Developer/Toolchains/XcodeDefault.xctoolchain/usr/bin/clang -Xlinker -reproducible -target arm64-apple-macos12.0 -r -isysroot /Applications/Xcode.app/Contents/Developer/Platforms/MacOSX.platform/Developer/SDKs/MacOSX27.0.sdk -O0 -Xlinker -no_warn_duplicate_libraries -F/Users/buddhirajgautam/Library/Developer/Xcode/DerivedData/Telegram-Mac-fygdgghdgmuleoelvxabfmqiotta/Build/Intermediates.noindex/EagerLinkingTBDs/Debug -F/Users/buddhirajgautam/Library/Developer/Xcode/DerivedData/Telegram-Mac-fygdgghdgmuleoelvxabfmqiotta/Build/Products/Debug/PackageFrameworks -F/Users/buddhirajgautam/Library/Developer/Xcode/DerivedData/Telegram-Mac-fygdgghdgmuleoelvxabfmqiotta/Build/Products/Debug -iframework /Applications/Xcode.app/Contents/Developer/Platforms/MacOSX.platform/Developer/Library/Frameworks -filelist /Users/buddhirajgautam/Library/Developer/Xcode/DerivedData/Telegram-Mac-fygdgghdgmuleoelvxabfmqiotta/Build/Intermediates.noindex/Reachability.build/Debug/Reachability-t.build/Objects-normal/arm64/Reachability.LinkFileList -nostdlib -Xlinker -object_path_lto -Xlinker /Users/buddhirajgautam/Library/Developer/Xcode/DerivedData/Telegram-Mac-fygdgghdgmuleoelvxabfmqiotta/Build/Intermediates.noindex/Reachability.build/Debug/Reachability-t.build/Objects-normal/arm64/Reachability_lto.o -Xlinker -no_deduplicate -Xlinker -debug_variant -Xlinker -dependency_info -Xlinker /Users/buddhirajgautam/Library/Developer/Xcode/DerivedData/Telegram-Mac-fygdgghdgmuleoelvxabfmqiotta/Build/Intermediates.noindex/Reachability.build/Debug/Reachability-t.build/Objects-normal/arm64/Reachability_dependency_info.dat -fobjc-link-runtime -L/Applications/Xcode.app/Contents/Developer/Toolchains/XcodeDefault.xctoolchain/usr/lib/swift/macosx -L/usr/lib/swift -Xlinker -add_ast_path -Xlinker /Users/buddhirajgautam/Library/Developer/Xcode/DerivedData/Telegram-Mac-fygdgghdgmuleoelvxabfmqiotta/Build/Intermediates.noindex/Reachability.build/Debug/Reachability-t.build/Objects-normal/arm64/Reachability.swiftmodule -o /Users/buddhirajgautam/Library/Developer/Xcode/DerivedData/Telegram-Mac-fygdgghdgmuleoelvxabfmqiotta/Build/Products/Debug/Reachability.o

SwiftCompile normal arm64 Compiling\ PeerNameIndexTable.swift,\ PeerNotificationSettings.swift,\ PeerNotificationSettingsBehaviorIndexTable.swift,\ PeerNotificationSettingsBehaviorTable.swift,\ PeerNotificationSettingsBehaviorTimestampView.swift,\ PeerNotificationSettingsTable.swift,\ PeerNotificationSettingsView.swift,\ PeerOperationLogMetadataTable.swift,\ PeerOperationLogTable.swift,\ PeerPresence.swift,\ PeerPresenceTable.swift,\ PeerPresencesView.swift,\ PeerReadState.swift,\ PeerStoryStatsView.swift,\ PeerTable.swift,\ PeerThreadCombinedStateTable.swift,\ PeerTimeoutAttributesView.swift,\ PeerTimeoutPropertiesTable.swift,\ PeerView.swift,\ PendingMessageActionsMetadataTable.swift,\ PendingMessageActionsSummaryView.swift,\ PendingMessageActionsTable.swift,\ PendingMessageActionsView.swift,\ PendingPeerNotificationSettingsIndexTable.swift /Users/buddhirajgautam/Documents/Cherrygram-Mac/macOS-Swift/submodules/telegram-ios/submodules/Postbox/Sources/PeerNameIndexTable.swift /Users/buddhirajgautam/Documents/Cherrygram-Mac/macOS-Swift/submodules/telegram-ios/submodules/Postbox/Sources/PeerNotificationSettings.swift /Users/buddhirajgautam/Documents/Cherrygram-Mac/macOS-Swift/submodules/telegram-ios/submodules/Postbox/Sources/PeerNotificationSettingsBehaviorIndexTable.swift /Users/buddhirajgautam/Documents/Cherrygram-Mac/macOS-Swift/submodules/telegram-ios/submodules/Postbox/Sources/PeerNotificationSettingsBehaviorTable.swift /Users/buddhirajgautam/Documents/Cherrygram-Mac/macOS-Swift/submodules/telegram-ios/submodules/Postbox/Sources/PeerNotificationSettingsBehaviorTimestampView.swift /Users/buddhirajgautam/Documents/Cherrygram-Mac/macOS-Swift/submodules/telegram-ios/submodules/Postbox/Sources/PeerNotificationSettingsTable.swift /Users/buddhirajgautam/Documents/Cherrygram-Mac/macOS-Swift/submodules/telegram-ios/submodules/Postbox/Sources/PeerNotificationSettingsView.swift /Users/buddhirajgautam/Documents/Cherrygram-Mac/macOS-Swift/submodules/telegram-ios/submodules/Postbox/Sources/PeerOperationLogMetadataTable.swift /Users/buddhirajgautam/Documents/Cherrygram-Mac/macOS-Swift/submodules/telegram-ios/submodules/Postbox/Sources/PeerOperationLogTable.swift /Users/buddhirajgautam/Documents/Cherrygram-Mac/macOS-Swift/submodules/telegram-ios/submodules/Postbox/Sources/PeerPresence.swift /Users/buddhirajgautam/Documents/Cherrygram-Mac/macOS-Swift/submodules/telegram-ios/submodules/Postbox/Sources/PeerPresenceTable.swift /Users/buddhirajgautam/Documents/Cherrygram-Mac/macOS-Swift/submodules/telegram-ios/submodules/Postbox/Sources/PeerPresencesView.swift /Users/buddhirajgautam/Documents/Cherrygram-Mac/macOS-Swift/submodules/telegram-ios/submodules/Postbox/Sources/PeerReadState.swift /Users/buddhirajgautam/Documents/Cherrygram-Mac/macOS-Swift/submodules/telegram-ios/submodules/Postbox/Sources/PeerStoryStatsView.swift /Users/buddhirajgautam/Documents/Cherrygram-Mac/macOS-Swift/submodules/telegram-ios/submodules/Postbox/Sources/PeerTable.swift /Users/buddhirajgautam/Documents/Cherrygram-Mac/macOS-Swift/submodules/telegram-ios/submodules/Postbox/Sources/PeerThreadCombinedStateTable.swift /Users/buddhirajgautam/Documents/Cherrygram-Mac/macOS-Swift/submodules/telegram-ios/submodules/Postbox/Sources/PeerTimeoutAttributesView.swift /Users/buddhirajgautam/Documents/Cherrygram-Mac/macOS-Swift/submodules/telegram-ios/submodules/Postbox/Sources/PeerTimeoutPropertiesTable.swift /Users/buddhirajgautam/Documents/Cherrygram-Mac/macOS-Swift/submodules/telegram-ios/submodules/Postbox/Sources/PeerView.swift /Users/buddhirajgautam/Documents/Cherrygram-Mac/macOS-Swift/submodules/telegram-ios/submodules/Postbox/Sources/PendingMessageActionsMetadataTable.swift /Users/buddhirajgautam/Documents/Cherrygram-Mac/macOS-Swift/submodules/telegram-ios/submodules/Postbox/Sources/PendingMessageActionsSummaryView.swift /Users/buddhirajgautam/Documents/Cherrygram-Mac/macOS-Swift/submodules/telegram-ios/submodules/Postbox/Sources/PendingMessageActionsTable.swift /Users/buddhirajgautam/Documents/Cherrygram-Mac/macOS-Swift/submodules/telegram-ios/submodules/Postbox/Sources/PendingMessageActionsView.swift /Users/buddhirajgautam/Documents/Cherrygram-Mac/macOS-Swift/submodules/telegram-ios/submodules/Postbox/Sources/PendingPeerNotificationSettingsIndexTable.swift (in target 'Postbox' from project 'Postbox')

SwiftCompile normal arm64 /Users/buddhirajgautam/Documents/Cherrygram-Mac/macOS-Swift/submodules/telegram-ios/submodules/Postbox/Sources/PeerNameIndexTable.swift (in target 'Postbox' from project 'Postbox')
    cd /Users/buddhirajgautam/Documents/Cherrygram-Mac/macOS-Swift
    builtin-SwiftPerFileCompile PeerNameIndexTable.swift

SwiftCompile normal arm64 /Users/buddhirajgautam/Documents/Cherrygram-Mac/macOS-Swift/submodules/telegram-ios/submodules/Postbox/Sources/PeerNotificationSettings.swift (in target 'Postbox' from project 'Postbox')
    cd /Users/buddhirajgautam/Documents/Cherrygram-Mac/macOS-Swift
    builtin-SwiftPerFileCompile PeerNotificationSettings.swift

SwiftCompile normal arm64 /Users/buddhirajgautam/Documents/Cherrygram-Mac/macOS-Swift/submodules/telegram-ios/submodules/Postbox/Sources/PeerNotificationSettingsBehaviorIndexTable.swift (in target 'Postbox' from project 'Postbox')
    cd /Users/buddhirajgautam/Documents/Cherrygram-Mac/macOS-Swift
    builtin-SwiftPerFileCompile PeerNotificationSettingsBehaviorIndexTable.swift

SwiftCompile normal arm64 /Users/buddhirajgautam/Documents/Cherrygram-Mac/macOS-Swift/submodules/telegram-ios/submodules/Postbox/Sources/PeerNotificationSettingsBehaviorTable.swift (in target 'Postbox' from project 'Postbox')
    cd /Users/buddhirajgautam/Documents/Cherrygram-Mac/macOS-Swift
    builtin-SwiftPerFileCompile PeerNotificationSettingsBehaviorTable.swift

SwiftCompile normal arm64 /Users/buddhirajgautam/Documents/Cherrygram-Mac/macOS-Swift/submodules/telegram-ios/submodules/Postbox/Sources/PeerNotificationSettingsBehaviorTimestampView.swift (in target 'Postbox' from project 'Postbox')
    cd /Users/buddhirajgautam/Documents/Cherrygram-Mac/macOS-Swift
    builtin-SwiftPerFileCompile PeerNotificationSettingsBehaviorTimestampView.swift

SwiftCompile normal arm64 /Users/buddhirajgautam/Documents/Cherrygram-Mac/macOS-Swift/submodules/telegram-ios/submodules/Postbox/Sources/PeerNotificationSettingsTable.swift (in target 'Postbox' from project 'Postbox')
    cd /Users/buddhirajgautam/Documents/Cherrygram-Mac/macOS-Swift
    builtin-SwiftPerFileCompile PeerNotificationSettingsTable.swift

SwiftCompile normal arm64 /Users/buddhirajgautam/Documents/Cherrygram-Mac/macOS-Swift/submodules/telegram-ios/submodules/Postbox/Sources/PeerNotificationSettingsView.swift (in target 'Postbox' from project 'Postbox')
    cd /Users/buddhirajgautam/Documents/Cherrygram-Mac/macOS-Swift
    builtin-SwiftPerFileCompile PeerNotificationSettingsView.swift

SwiftCompile normal arm64 /Users/buddhirajgautam/Documents/Cherrygram-Mac/macOS-Swift/submodules/telegram-ios/submodules/Postbox/Sources/PeerOperationLogMetadataTable.swift (in target 'Postbox' from project 'Postbox')
    cd /Users/buddhirajgautam/Documents/Cherrygram-Mac/macOS-Swift
    builtin-SwiftPerFileCompile PeerOperationLogMetadataTable.swift

SwiftCompile normal arm64 /Users/buddhirajgautam/Documents/Cherrygram-Mac/macOS-Swift/submodules/telegram-ios/submodules/Postbox/Sources/PeerOperationLogTable.swift (in target 'Postbox' from project 'Postbox')
    cd /Users/buddhirajgautam/Documents/Cherrygram-Mac/macOS-Swift
    builtin-SwiftPerFileCompile PeerOperationLogTable.swift

SwiftCompile normal arm64 /Users/buddhirajgautam/Documents/Cherrygram-Mac/macOS-Swift/submodules/telegram-ios/submodules/Postbox/Sources/PeerPresence.swift (in target 'Postbox' from project 'Postbox')
    cd /Users/buddhirajgautam/Documents/Cherrygram-Mac/macOS-Swift
    builtin-SwiftPerFileCompile PeerPresence.swift

SwiftCompile normal arm64 /Users/buddhirajgautam/Documents/Cherrygram-Mac/macOS-Swift/submodules/telegram-ios/submodules/Postbox/Sources/PeerPresenceTable.swift (in target 'Postbox' from project 'Postbox')
    cd /Users/buddhirajgautam/Documents/Cherrygram-Mac/macOS-Swift
    builtin-SwiftPerFileCompile PeerPresenceTable.swift

SwiftCompile normal arm64 /Users/buddhirajgautam/Documents/Cherrygram-Mac/macOS-Swift/submodules/telegram-ios/submodules/Postbox/Sources/PeerPresencesView.swift (in target 'Postbox' from project 'Postbox')
    cd /Users/buddhirajgautam/Documents/Cherrygram-Mac/macOS-Swift
    builtin-SwiftPerFileCompile PeerPresencesView.swift

SwiftCompile normal arm64 /Users/buddhirajgautam/Documents/Cherrygram-Mac/macOS-Swift/submodules/telegram-ios/submodules/Postbox/Sources/PeerReadState.swift (in target 'Postbox' from project 'Postbox')
    cd /Users/buddhirajgautam/Documents/Cherrygram-Mac/macOS-Swift
    builtin-SwiftPerFileCompile PeerReadState.swift

SwiftCompile normal arm64 /Users/buddhirajgautam/Documents/Cherrygram-Mac/macOS-Swift/submodules/telegram-ios/submodules/Postbox/Sources/PeerStoryStatsView.swift (in target 'Postbox' from project 'Postbox')
    cd /Users/buddhirajgautam/Documents/Cherrygram-Mac/macOS-Swift
    builtin-SwiftPerFileCompile PeerStoryStatsView.swift

SwiftCompile normal arm64 /Users/buddhirajgautam/Documents/Cherrygram-Mac/macOS-Swift/submodules/telegram-ios/submodules/Postbox/Sources/PeerTable.swift (in target 'Postbox' from project 'Postbox')
    cd /Users/buddhirajgautam/Documents/Cherrygram-Mac/macOS-Swift
    builtin-SwiftPerFileCompile PeerTable.swift

SwiftCompile normal arm64 /Users/buddhirajgautam/Documents/Cherrygram-Mac/macOS-Swift/submodules/telegram-ios/submodules/Postbox/Sources/PeerThreadCombinedStateTable.swift (in target 'Postbox' from project 'Postbox')
    cd /Users/buddhirajgautam/Documents/Cherrygram-Mac/macOS-Swift
    builtin-SwiftPerFileCompile PeerThreadCombinedStateTable.swift

SwiftCompile normal arm64 /Users/buddhirajgautam/Documents/Cherrygram-Mac/macOS-Swift/submodules/telegram-ios/submodules/Postbox/Sources/PeerTimeoutAttributesView.swift (in target 'Postbox' from project 'Postbox')
    cd /Users/buddhirajgautam/Documents/Cherrygram-Mac/macOS-Swift
    builtin-SwiftPerFileCompile PeerTimeoutAttributesView.swift

SwiftCompile normal arm64 /Users/buddhirajgautam/Documents/Cherrygram-Mac/macOS-Swift/submodules/telegram-ios/submodules/Postbox/Sources/PeerTimeoutPropertiesTable.swift (in target 'Postbox' from project 'Postbox')
    cd /Users/buddhirajgautam/Documents/Cherrygram-Mac/macOS-Swift
    builtin-SwiftPerFileCompile PeerTimeoutPropertiesTable.swift

SwiftCompile normal arm64 /Users/buddhirajgautam/Documents/Cherrygram-Mac/macOS-Swift/submodules/telegram-ios/submodules/Postbox/Sources/PeerView.swift (in target 'Postbox' from project 'Postbox')
    cd /Users/buddhirajgautam/Documents/Cherrygram-Mac/macOS-Swift
    builtin-SwiftPerFileCompile PeerView.swift

SwiftCompile normal arm64 /Users/buddhirajgautam/Documents/Cherrygram-Mac/macOS-Swift/submodules/telegram-ios/submodules/Postbox/Sources/PendingMessageActionsMetadataTable.swift (in target 'Postbox' from project 'Postbox')
    cd /Users/buddhirajgautam/Documents/Cherrygram-Mac/macOS-Swift
    builtin-SwiftPerFileCompile PendingMessageActionsMetadataTable.swift

SwiftCompile normal arm64 /Users/buddhirajgautam/Documents/Cherrygram-Mac/macOS-Swift/submodules/telegram-ios/submodules/Postbox/Sources/PendingMessageActionsSummaryView.swift (in target 'Postbox' from project 'Postbox')
    cd /Users/buddhirajgautam/Documents/Cherrygram-Mac/macOS-Swift
    builtin-SwiftPerFileCompile PendingMessageActionsSummaryView.swift

SwiftCompile normal arm64 /Users/buddhirajgautam/Documents/Cherrygram-Mac/macOS-Swift/submodules/telegram-ios/submodules/Postbox/Sources/PendingMessageActionsTable.swift (in target 'Postbox' from project 'Postbox')
    cd /Users/buddhirajgautam/Documents/Cherrygram-Mac/macOS-Swift
    builtin-SwiftPerFileCompile PendingMessageActionsTable.swift

SwiftCompile normal arm64 /Users/buddhirajgautam/Documents/Cherrygram-Mac/macOS-Swift/submodules/telegram-ios/submodules/Postbox/Sources/PendingMessageActionsView.swift (in target 'Postbox' from project 'Postbox')
    cd /Users/buddhirajgautam/Documents/Cherrygram-Mac/macOS-Swift
    builtin-SwiftPerFileCompile PendingMessageActionsView.swift

SwiftCompile normal arm64 /Users/buddhirajgautam/Documents/Cherrygram-Mac/macOS-Swift/submodules/telegram-ios/submodules/Postbox/Sources/PendingPeerNotificationSettingsIndexTable.swift (in target 'Postbox' from project 'Postbox')
    cd /Users/buddhirajgautam/Documents/Cherrygram-Mac/macOS-Swift
    builtin-SwiftPerFileCompile PendingPeerNotificationSettingsIndexTable.swift

SwiftCompile normal arm64 Compiling\ RatingTable.swift,\ RedBlackTree.swift,\ RenderedPeer.swift,\ ReverseAssociatedPeerTable.swift,\ ReverseIndexReferenceTable.swift,\ SeedConfiguration.swift,\ SharedAccountMediaManager.swift,\ SimpleDictionary.swift,\ SimpleSet.swift,\ SqliteValueBox.swift,\ StorageBox.swift,\ StoryExpirationTimeItemsView.swift,\ StoryItemsTable.swift,\ StoryItemsView.swift,\ StoryStatesTable.swift,\ StoryStatesView.swift,\ StorySubscriptionsTable.swift,\ StorySubscriptionsView.swift,\ StoryTable.swift,\ StoryView.swift,\ StringIndexTokens.swift,\ SynchronizeGroupMessageStatsView.swift,\ SynchronizePeerReadStatesView.swift,\ Table.swift /Users/buddhirajgautam/Documents/Cherrygram-Mac/macOS-Swift/submodules/telegram-ios/submodules/Postbox/Sources/RatingTable.swift /Users/buddhirajgautam/Documents/Cherrygram-Mac/macOS-Swift/submodules/telegram-ios/submodules/Postbox/Sources/RedBlackTree.swift /Users/buddhirajgautam/Documents/Cherrygram-Mac/macOS-Swift/submodules/telegram-ios/submodules/Postbox/Sources/RenderedPeer.swift /Users/buddhirajgautam/Documents/Cherrygram-Mac/macOS-Swift/submodules/telegram-ios/submodules/Postbox/Sources/ReverseAssociatedPeerTable.swift /Users/buddhirajgautam/Documents/Cherrygram-Mac/macOS-Swift/submodules/telegram-ios/submodules/Postbox/Sources/ReverseIndexReferenceTable.swift /Users/buddhirajgautam/Documents/Cherrygram-Mac/macOS-Swift/submodules/telegram-ios/submodules/Postbox/Sources/SeedConfiguration.swift /Users/buddhirajgautam/Documents/Cherrygram-Mac/macOS-Swift/submodules/telegram-ios/submodules/Postbox/Sources/SharedAccountMediaManager.swift /Users/buddhirajgautam/Documents/Cherrygram-Mac/macOS-Swift/submodules/telegram-ios/submodules/Postbox/Sources/SimpleDictionary.swift /Users/buddhirajgautam/Documents/Cherrygram-Mac/macOS-Swift/submodules/telegram-ios/submodules/Postbox/Sources/SimpleSet.swift /Users/buddhirajgautam/Documents/Cherrygram-Mac/macOS-Swift/submodules/telegram-ios/submodules/Postbox/Sources/SqliteValueBox.swift /Users/buddhirajgautam/Documents/Cherrygram-Mac/macOS-Swift/submodules/telegram-ios/submodules/Postbox/Sources/StorageBox/StorageBox.swift /Users/buddhirajgautam/Documents/Cherrygram-Mac/macOS-Swift/submodules/telegram-ios/submodules/Postbox/Sources/StoryExpirationTimeItemsView.swift /Users/buddhirajgautam/Documents/Cherrygram-Mac/macOS-Swift/submodules/telegram-ios/submodules/Postbox/Sources/StoryItemsTable.swift /Users/buddhirajgautam/Documents/Cherrygram-Mac/macOS-Swift/submodules/telegram-ios/submodules/Postbox/Sources/StoryItemsView.swift /Users/buddhirajgautam/Documents/Cherrygram-Mac/macOS-Swift/submodules/telegram-ios/submodules/Postbox/Sources/StoryStatesTable.swift /Users/buddhirajgautam/Documents/Cherrygram-Mac/macOS-Swift/submodules/telegram-ios/submodules/Postbox/Sources/StoryStatesView.swift /Users/buddhirajgautam/Documents/Cherrygram-Mac/macOS-Swift/submodules/telegram-ios/submodules/Postbox/Sources/StorySubscriptionsTable.swift /Users/buddhirajgautam/Documents/Cherrygram-Mac/macOS-Swift/submodules/telegram-ios/submodules/Postbox/Sources/StorySubscriptionsView.swift /Users/buddhirajgautam/Documents/Cherrygram-Mac/macOS-Swift/submodules/telegram-ios/submodules/Postbox/Sources/StoryTable.swift /Users/buddhirajgautam/Documents/Cherrygram-Mac/macOS-Swift/submodules/telegram-ios/submodules/Postbox/Sources/StoryView.swift /Users/buddhirajgautam/Documents/Cherrygram-Mac/macOS-Swift/submodules/telegram-ios/submodules/Postbox/Sources/StringIndexTokens.swift /Users/buddhirajgautam/Documents/Cherrygram-Mac/macOS-Swift/submodules/telegram-ios/submodules/Postbox/Sources/SynchronizeGroupMessageStatsView.swift /Users/buddhirajgautam/Documents/Cherrygram-Mac/macOS-Swift/submodules/telegram-ios/submodules/Postbox/Sources/SynchronizePeerReadStatesView.swift /Users/buddhirajgautam/Documents/Cherrygram-Mac/macOS-Swift/submodules/telegram-ios/submodules/Postbox/Sources/Table.swift (in target 'Postbox' from project 'Postbox')

SwiftCompile normal arm64 /Users/buddhirajgautam/Documents/Cherrygram-Mac/macOS-Swift/submodules/telegram-ios/submodules/Postbox/Sources/RatingTable.swift (in target 'Postbox' from project 'Postbox')
    cd /Users/buddhirajgautam/Documents/Cherrygram-Mac/macOS-Swift
    builtin-SwiftPerFileCompile RatingTable.swift

SwiftCompile normal arm64 /Users/buddhirajgautam/Documents/Cherrygram-Mac/macOS-Swift/submodules/telegram-ios/submodules/Postbox/Sources/RedBlackTree.swift (in target 'Postbox' from project 'Postbox')
    cd /Users/buddhirajgautam/Documents/Cherrygram-Mac/macOS-Swift
    builtin-SwiftPerFileCompile RedBlackTree.swift

SwiftCompile normal arm64 /Users/buddhirajgautam/Documents/Cherrygram-Mac/macOS-Swift/submodules/telegram-ios/submodules/Postbox/Sources/RenderedPeer.swift (in target 'Postbox' from project 'Postbox')
    cd /Users/buddhirajgautam/Documents/Cherrygram-Mac/macOS-Swift
    builtin-SwiftPerFileCompile RenderedPeer.swift

SwiftCompile normal arm64 /Users/buddhirajgautam/Documents/Cherrygram-Mac/macOS-Swift/submodules/telegram-ios/submodules/Postbox/Sources/ReverseAssociatedPeerTable.swift (in target 'Postbox' from project 'Postbox')
    cd /Users/buddhirajgautam/Documents/Cherrygram-Mac/macOS-Swift
    builtin-SwiftPerFileCompile ReverseAssociatedPeerTable.swift

SwiftCompile normal arm64 /Users/buddhirajgautam/Documents/Cherrygram-Mac/macOS-Swift/submodules/telegram-ios/submodules/Postbox/Sources/ReverseIndexReferenceTable.swift (in target 'Postbox' from project 'Postbox')
    cd /Users/buddhirajgautam/Documents/Cherrygram-Mac/macOS-Swift
    builtin-SwiftPerFileCompile ReverseIndexReferenceTable.swift

SwiftCompile normal arm64 /Users/buddhirajgautam/Documents/Cherrygram-Mac/macOS-Swift/submodules/telegram-ios/submodules/Postbox/Sources/SeedConfiguration.swift (in target 'Postbox' from project 'Postbox')
    cd /Users/buddhirajgautam/Documents/Cherrygram-Mac/macOS-Swift
    builtin-SwiftPerFileCompile SeedConfiguration.swift

SwiftCompile normal arm64 /Users/buddhirajgautam/Documents/Cherrygram-Mac/macOS-Swift/submodules/telegram-ios/submodules/Postbox/Sources/SharedAccountMediaManager.swift (in target 'Postbox' from project 'Postbox')
    cd /Users/buddhirajgautam/Documents/Cherrygram-Mac/macOS-Swift
    builtin-SwiftPerFileCompile SharedAccountMediaManager.swift

SwiftCompile normal arm64 /Users/buddhirajgautam/Documents/Cherrygram-Mac/macOS-Swift/submodules/telegram-ios/submodules/Postbox/Sources/SimpleDictionary.swift (in target 'Postbox' from project 'Postbox')
    cd /Users/buddhirajgautam/Documents/Cherrygram-Mac/macOS-Swift
    builtin-SwiftPerFileCompile SimpleDictionary.swift

SwiftCompile normal arm64 /Users/buddhirajgautam/Documents/Cherrygram-Mac/macOS-Swift/submodules/telegram-ios/submodules/Postbox/Sources/SimpleSet.swift (in target 'Postbox' from project 'Postbox')
    cd /Users/buddhirajgautam/Documents/Cherrygram-Mac/macOS-Swift
    builtin-SwiftPerFileCompile SimpleSet.swift

SwiftCompile normal arm64 /Users/buddhirajgautam/Documents/Cherrygram-Mac/macOS-Swift/submodules/telegram-ios/submodules/Postbox/Sources/SqliteValueBox.swift (in target 'Postbox' from project 'Postbox')
    cd /Users/buddhirajgautam/Documents/Cherrygram-Mac/macOS-Swift
    builtin-SwiftPerFileCompile SqliteValueBox.swift

SwiftCompile normal arm64 /Users/buddhirajgautam/Documents/Cherrygram-Mac/macOS-Swift/submodules/telegram-ios/submodules/Postbox/Sources/StorageBox/StorageBox.swift (in target 'Postbox' from project 'Postbox')
    cd /Users/buddhirajgautam/Documents/Cherrygram-Mac/macOS-Swift
    builtin-SwiftPerFileCompile StorageBox.swift

SwiftCompile normal arm64 /Users/buddhirajgautam/Documents/Cherrygram-Mac/macOS-Swift/submodules/telegram-ios/submodules/Postbox/Sources/StoryExpirationTimeItemsView.swift (in target 'Postbox' from project 'Postbox')
    cd /Users/buddhirajgautam/Documents/Cherrygram-Mac/macOS-Swift
    builtin-SwiftPerFileCompile StoryExpirationTimeItemsView.swift

SwiftCompile normal arm64 /Users/buddhirajgautam/Documents/Cherrygram-Mac/macOS-Swift/submodules/telegram-ios/submodules/Postbox/Sources/StoryItemsTable.swift (in target 'Postbox' from project 'Postbox')
    cd /Users/buddhirajgautam/Documents/Cherrygram-Mac/macOS-Swift
    builtin-SwiftPerFileCompile StoryItemsTable.swift

SwiftCompile normal arm64 /Users/buddhirajgautam/Documents/Cherrygram-Mac/macOS-Swift/submodules/telegram-ios/submodules/Postbox/Sources/StoryItemsView.swift (in target 'Postbox' from project 'Postbox')
    cd /Users/buddhirajgautam/Documents/Cherrygram-Mac/macOS-Swift
    builtin-SwiftPerFileCompile StoryItemsView.swift

SwiftCompile normal arm64 /Users/buddhirajgautam/Documents/Cherrygram-Mac/macOS-Swift/submodules/telegram-ios/submodules/Postbox/Sources/StoryStatesTable.swift (in target 'Postbox' from project 'Postbox')
    cd /Users/buddhirajgautam/Documents/Cherrygram-Mac/macOS-Swift
    builtin-SwiftPerFileCompile StoryStatesTable.swift

SwiftCompile normal arm64 /Users/buddhirajgautam/Documents/Cherrygram-Mac/macOS-Swift/submodules/telegram-ios/submodules/Postbox/Sources/StoryStatesView.swift (in target 'Postbox' from project 'Postbox')
    cd /Users/buddhirajgautam/Documents/Cherrygram-Mac/macOS-Swift
    builtin-SwiftPerFileCompile StoryStatesView.swift

SwiftCompile normal arm64 /Users/buddhirajgautam/Documents/Cherrygram-Mac/macOS-Swift/submodules/telegram-ios/submodules/Postbox/Sources/StorySubscriptionsTable.swift (in target 'Postbox' from project 'Postbox')
    cd /Users/buddhirajgautam/Documents/Cherrygram-Mac/macOS-Swift
    builtin-SwiftPerFileCompile StorySubscriptionsTable.swift

SwiftCompile normal arm64 /Users/buddhirajgautam/Documents/Cherrygram-Mac/macOS-Swift/submodules/telegram-ios/submodules/Postbox/Sources/StorySubscriptionsView.swift (in target 'Postbox' from project 'Postbox')
    cd /Users/buddhirajgautam/Documents/Cherrygram-Mac/macOS-Swift
    builtin-SwiftPerFileCompile StorySubscriptionsView.swift

SwiftCompile normal arm64 /Users/buddhirajgautam/Documents/Cherrygram-Mac/macOS-Swift/submodules/telegram-ios/submodules/Postbox/Sources/StoryTable.swift (in target 'Postbox' from project 'Postbox')
    cd /Users/buddhirajgautam/Documents/Cherrygram-Mac/macOS-Swift
    builtin-SwiftPerFileCompile StoryTable.swift

SwiftCompile normal arm64 /Users/buddhirajgautam/Documents/Cherrygram-Mac/macOS-Swift/submodules/telegram-ios/submodules/Postbox/Sources/StoryView.swift (in target 'Postbox' from project 'Postbox')
    cd /Users/buddhirajgautam/Documents/Cherrygram-Mac/macOS-Swift
    builtin-SwiftPerFileCompile StoryView.swift

SwiftCompile normal arm64 /Users/buddhirajgautam/Documents/Cherrygram-Mac/macOS-Swift/submodules/telegram-ios/submodules/Postbox/Sources/StringIndexTokens.swift (in target 'Postbox' from project 'Postbox')
    cd /Users/buddhirajgautam/Documents/Cherrygram-Mac/macOS-Swift
    builtin-SwiftPerFileCompile StringIndexTokens.swift

SwiftCompile normal arm64 /Users/buddhirajgautam/Documents/Cherrygram-Mac/macOS-Swift/submodules/telegram-ios/submodules/Postbox/Sources/SynchronizeGroupMessageStatsView.swift (in target 'Postbox' from project 'Postbox')
    cd /Users/buddhirajgautam/Documents/Cherrygram-Mac/macOS-Swift
    builtin-SwiftPerFileCompile SynchronizeGroupMessageStatsView.swift

SwiftCompile normal arm64 /Users/buddhirajgautam/Documents/Cherrygram-Mac/macOS-Swift/submodules/telegram-ios/submodules/Postbox/Sources/SynchronizePeerReadStatesView.swift (in target 'Postbox' from project 'Postbox')
    cd /Users/buddhirajgautam/Documents/Cherrygram-Mac/macOS-Swift
    builtin-SwiftPerFileCompile SynchronizePeerReadStatesView.swift

SwiftCompile normal arm64 /Users/buddhirajgautam/Documents/Cherrygram-Mac/macOS-Swift/submodules/telegram-ios/submodules/Postbox/Sources/Table.swift (in target 'Postbox' from project 'Postbox')
    cd /Users/buddhirajgautam/Documents/Cherrygram-Mac/macOS-Swift
    builtin-SwiftPerFileCompile Table.swift

SwiftCompile normal arm64 Compiling\ AdditionalChatListItemsTable.swift,\ AdditionalChatListItemsView.swift,\ AdditionalMessageHistoryViewData.swift,\ AllChatListHolesView.swift,\ BinarySearch.swift,\ CachedItemView.swift,\ CachedPeerData.swift,\ CachedPeerDataTable.swift,\ CachedPeerDataView.swift,\ ChatInterfaceStateView.swift,\ ChatListHole.swift,\ ChatListHolesView.swift,\ ChatListIndexTable.swift,\ ChatListIndexView.swift,\ ChatListTable.swift,\ ChatListView.swift,\ ChatListViewState.swift,\ ChatLocation.swift,\ Coding.swift,\ ContactPeerIdsView.swift,\ ContactPeersView.swift,\ ContactTable.swift,\ Database.swift,\ DeletedMessagesView.swift,\ DeviceContactImportInfoTable.swift /Users/buddhirajgautam/Documents/Cherrygram-Mac/macOS-Swift/submodules/telegram-ios/submodules/Postbox/Sources/AdditionalChatListItemsTable.swift /Users/buddhirajgautam/Documents/Cherrygram-Mac/macOS-Swift/submodules/telegram-ios/submodules/Postbox/Sources/AdditionalChatListItemsView.swift /Users/buddhirajgautam/Documents/Cherrygram-Mac/macOS-Swift/submodules/telegram-ios/submodules/Postbox/Sources/AdditionalMessageHistoryViewData.swift /Users/buddhirajgautam/Documents/Cherrygram-Mac/macOS-Swift/submodules/telegram-ios/submodules/Postbox/Sources/AllChatListHolesView.swift /Users/buddhirajgautam/Documents/Cherrygram-Mac/macOS-Swift/submodules/telegram-ios/submodules/Postbox/Sources/BinarySearch.swift /Users/buddhirajgautam/Documents/Cherrygram-Mac/macOS-Swift/submodules/telegram-ios/submodules/Postbox/Sources/CachedItemView.swift /Users/buddhirajgautam/Documents/Cherrygram-Mac/macOS-Swift/submodules/telegram-ios/submodules/Postbox/Sources/CachedPeerData.swift /Users/buddhirajgautam/Documents/Cherrygram-Mac/macOS-Swift/submodules/telegram-ios/submodules/Postbox/Sources/CachedPeerDataTable.swift /Users/buddhirajgautam/Documents/Cherrygram-Mac/macOS-Swift/submodules/telegram-ios/submodules/Postbox/Sources/CachedPeerDataView.swift /Users/buddhirajgautam/Documents/Cherrygram-Mac/macOS-Swift/submodules/telegram-ios/submodules/Postbox/Sources/ChatInterfaceStateView.swift /Users/buddhirajgautam/Documents/Cherrygram-Mac/macOS-Swift/submodules/telegram-ios/submodules/Postbox/Sources/ChatListHole.swift /Users/buddhirajgautam/Documents/Cherrygram-Mac/macOS-Swift/submodules/telegram-ios/submodules/Postbox/Sources/ChatListHolesView.swift /Users/buddhirajgautam/Documents/Cherrygram-Mac/macOS-Swift/submodules/telegram-ios/submodules/Postbox/Sources/ChatListIndexTable.swift /Users/buddhirajgautam/Documents/Cherrygram-Mac/macOS-Swift/submodules/telegram-ios/submodules/Postbox/Sources/ChatListIndexView.swift /Users/buddhirajgautam/Documents/Cherrygram-Mac/macOS-Swift/submodules/telegram-ios/submodules/Postbox/Sources/ChatListTable.swift /Users/buddhirajgautam/Documents/Cherrygram-Mac/macOS-Swift/submodules/telegram-ios/submodules/Postbox/Sources/ChatListView.swift /Users/buddhirajgautam/Documents/Cherrygram-Mac/macOS-Swift/submodules/telegram-ios/submodules/Postbox/Sources/ChatListViewState.swift /Users/buddhirajgautam/Documents/Cherrygram-Mac/macOS-Swift/submodules/telegram-ios/submodules/Postbox/Sources/ChatLocation.swift /Users/buddhirajgautam/Documents/Cherrygram-Mac/macOS-Swift/submodules/telegram-ios/submodules/Postbox/Sources/Coding.swift /Users/buddhirajgautam/Documents/Cherrygram-Mac/macOS-Swift/submodules/telegram-ios/submodules/Postbox/Sources/ContactPeerIdsView.swift /Users/buddhirajgautam/Documents/Cherrygram-Mac/macOS-Swift/submodules/telegram-ios/submodules/Postbox/Sources/ContactPeersView.swift /Users/buddhirajgautam/Documents/Cherrygram-Mac/macOS-Swift/submodules/telegram-ios/submodules/Postbox/Sources/ContactTable.swift /Users/buddhirajgautam/Documents/Cherrygram-Mac/macOS-Swift/submodules/telegram-ios/submodules/Postbox/Sources/Database.swift /Users/buddhirajgautam/Documents/Cherrygram-Mac/macOS-Swift/submodules/telegram-ios/submodules/Postbox/Sources/DeletedMessagesView.swift /Users/buddhirajgautam/Documents/Cherrygram-Mac/macOS-Swift/submodules/telegram-ios/submodules/Postbox/Sources/DeviceContactImportInfoTable.swift (in target 'Postbox' from project 'Postbox')

SwiftCompile normal arm64 /Users/buddhirajgautam/Documents/Cherrygram-Mac/macOS-Swift/submodules/telegram-ios/submodules/Postbox/Sources/AdditionalChatListItemsTable.swift (in target 'Postbox' from project 'Postbox')
    cd /Users/buddhirajgautam/Documents/Cherrygram-Mac/macOS-Swift
    builtin-SwiftPerFileCompile AdditionalChatListItemsTable.swift

SwiftCompile normal arm64 /Users/buddhirajgautam/Documents/Cherrygram-Mac/macOS-Swift/submodules/telegram-ios/submodules/Postbox/Sources/AdditionalChatListItemsView.swift (in target 'Postbox' from project 'Postbox')
    cd /Users/buddhirajgautam/Documents/Cherrygram-Mac/macOS-Swift
    builtin-SwiftPerFileCompile AdditionalChatListItemsView.swift

SwiftCompile normal arm64 /Users/buddhirajgautam/Documents/Cherrygram-Mac/macOS-Swift/submodules/telegram-ios/submodules/Postbox/Sources/AdditionalMessageHistoryViewData.swift (in target 'Postbox' from project 'Postbox')
    cd /Users/buddhirajgautam/Documents/Cherrygram-Mac/macOS-Swift
    builtin-SwiftPerFileCompile AdditionalMessageHistoryViewData.swift

SwiftCompile normal arm64 /Users/buddhirajgautam/Documents/Cherrygram-Mac/macOS-Swift/submodules/telegram-ios/submodules/Postbox/Sources/AllChatListHolesView.swift (in target 'Postbox' from project 'Postbox')
    cd /Users/buddhirajgautam/Documents/Cherrygram-Mac/macOS-Swift
    builtin-SwiftPerFileCompile AllChatListHolesView.swift

SwiftCompile normal arm64 /Users/buddhirajgautam/Documents/Cherrygram-Mac/macOS-Swift/submodules/telegram-ios/submodules/Postbox/Sources/BinarySearch.swift (in target 'Postbox' from project 'Postbox')
    cd /Users/buddhirajgautam/Documents/Cherrygram-Mac/macOS-Swift
    builtin-SwiftPerFileCompile BinarySearch.swift

SwiftCompile normal arm64 /Users/buddhirajgautam/Documents/Cherrygram-Mac/macOS-Swift/submodules/telegram-ios/submodules/Postbox/Sources/CachedItemView.swift (in target 'Postbox' from project 'Postbox')
    cd /Users/buddhirajgautam/Documents/Cherrygram-Mac/macOS-Swift
    builtin-SwiftPerFileCompile CachedItemView.swift

SwiftCompile normal arm64 /Users/buddhirajgautam/Documents/Cherrygram-Mac/macOS-Swift/submodules/telegram-ios/submodules/Postbox/Sources/CachedPeerData.swift (in target 'Postbox' from project 'Postbox')
    cd /Users/buddhirajgautam/Documents/Cherrygram-Mac/macOS-Swift
    builtin-SwiftPerFileCompile CachedPeerData.swift

SwiftCompile normal arm64 /Users/buddhirajgautam/Documents/Cherrygram-Mac/macOS-Swift/submodules/telegram-ios/submodules/Postbox/Sources/CachedPeerDataTable.swift (in target 'Postbox' from project 'Postbox')
    cd /Users/buddhirajgautam/Documents/Cherrygram-Mac/macOS-Swift
    builtin-SwiftPerFileCompile CachedPeerDataTable.swift

SwiftCompile normal arm64 /Users/buddhirajgautam/Documents/Cherrygram-Mac/macOS-Swift/submodules/telegram-ios/submodules/Postbox/Sources/CachedPeerDataView.swift (in target 'Postbox' from project 'Postbox')
    cd /Users/buddhirajgautam/Documents/Cherrygram-Mac/macOS-Swift
    builtin-SwiftPerFileCompile CachedPeerDataView.swift

SwiftCompile normal arm64 /Users/buddhirajgautam/Documents/Cherrygram-Mac/macOS-Swift/submodules/telegram-ios/submodules/Postbox/Sources/ChatInterfaceStateView.swift (in target 'Postbox' from project 'Postbox')
    cd /Users/buddhirajgautam/Documents/Cherrygram-Mac/macOS-Swift
    builtin-SwiftPerFileCompile ChatInterfaceStateView.swift

SwiftCompile normal arm64 /Users/buddhirajgautam/Documents/Cherrygram-Mac/macOS-Swift/submodules/telegram-ios/submodules/Postbox/Sources/ChatListHole.swift (in target 'Postbox' from project 'Postbox')
    cd /Users/buddhirajgautam/Documents/Cherrygram-Mac/macOS-Swift
    builtin-SwiftPerFileCompile ChatListHole.swift

SwiftCompile normal arm64 /Users/buddhirajgautam/Documents/Cherrygram-Mac/macOS-Swift/submodules/telegram-ios/submodules/Postbox/Sources/ChatListHolesView.swift (in target 'Postbox' from project 'Postbox')
    cd /Users/buddhirajgautam/Documents/Cherrygram-Mac/macOS-Swift
    builtin-SwiftPerFileCompile ChatListHolesView.swift

SwiftCompile normal arm64 /Users/buddhirajgautam/Documents/Cherrygram-Mac/macOS-Swift/submodules/telegram-ios/submodules/Postbox/Sources/ChatListIndexTable.swift (in target 'Postbox' from project 'Postbox')
    cd /Users/buddhirajgautam/Documents/Cherrygram-Mac/macOS-Swift
    builtin-SwiftPerFileCompile ChatListIndexTable.swift

SwiftCompile normal arm64 /Users/buddhirajgautam/Documents/Cherrygram-Mac/macOS-Swift/submodules/telegram-ios/submodules/Postbox/Sources/ChatListIndexView.swift (in target 'Postbox' from project 'Postbox')
    cd /Users/buddhirajgautam/Documents/Cherrygram-Mac/macOS-Swift
    builtin-SwiftPerFileCompile ChatListIndexView.swift

SwiftCompile normal arm64 /Users/buddhirajgautam/Documents/Cherrygram-Mac/macOS-Swift/submodules/telegram-ios/submodules/Postbox/Sources/ChatListTable.swift (in target 'Postbox' from project 'Postbox')
    cd /Users/buddhirajgautam/Documents/Cherrygram-Mac/macOS-Swift
    builtin-SwiftPerFileCompile ChatListTable.swift

SwiftCompile normal arm64 /Users/buddhirajgautam/Documents/Cherrygram-Mac/macOS-Swift/submodules/telegram-ios/submodules/Postbox/Sources/ChatListView.swift (in target 'Postbox' from project 'Postbox')
    cd /Users/buddhirajgautam/Documents/Cherrygram-Mac/macOS-Swift
    builtin-SwiftPerFileCompile ChatListView.swift

SwiftCompile normal arm64 /Users/buddhirajgautam/Documents/Cherrygram-Mac/macOS-Swift/submodules/telegram-ios/submodules/Postbox/Sources/ChatListViewState.swift (in target 'Postbox' from project 'Postbox')
    cd /Users/buddhirajgautam/Documents/Cherrygram-Mac/macOS-Swift
    builtin-SwiftPerFileCompile ChatListViewState.swift

SwiftCompile normal arm64 /Users/buddhirajgautam/Documents/Cherrygram-Mac/macOS-Swift/submodules/telegram-ios/submodules/Postbox/Sources/ChatLocation.swift (in target 'Postbox' from project 'Postbox')
    cd /Users/buddhirajgautam/Documents/Cherrygram-Mac/macOS-Swift
    builtin-SwiftPerFileCompile ChatLocation.swift

SwiftCompile normal arm64 /Users/buddhirajgautam/Documents/Cherrygram-Mac/macOS-Swift/submodules/telegram-ios/submodules/Postbox/Sources/Coding.swift (in target 'Postbox' from project 'Postbox')
    cd /Users/buddhirajgautam/Documents/Cherrygram-Mac/macOS-Swift
    builtin-SwiftPerFileCompile Coding.swift

SwiftCompile normal arm64 /Users/buddhirajgautam/Documents/Cherrygram-Mac/macOS-Swift/submodules/telegram-ios/submodules/Postbox/Sources/ContactPeerIdsView.swift (in target 'Postbox' from project 'Postbox')
    cd /Users/buddhirajgautam/Documents/Cherrygram-Mac/macOS-Swift
    builtin-SwiftPerFileCompile ContactPeerIdsView.swift

SwiftCompile normal arm64 /Users/buddhirajgautam/Documents/Cherrygram-Mac/macOS-Swift/submodules/telegram-ios/submodules/Postbox/Sources/ContactPeersView.swift (in target 'Postbox' from project 'Postbox')
    cd /Users/buddhirajgautam/Documents/Cherrygram-Mac/macOS-Swift
    builtin-SwiftPerFileCompile ContactPeersView.swift

SwiftCompile normal arm64 /Users/buddhirajgautam/Documents/Cherrygram-Mac/macOS-Swift/submodules/telegram-ios/submodules/Postbox/Sources/ContactTable.swift (in target 'Postbox' from project 'Postbox')
    cd /Users/buddhirajgautam/Documents/Cherrygram-Mac/macOS-Swift
    builtin-SwiftPerFileCompile ContactTable.swift

SwiftCompile normal arm64 /Users/buddhirajgautam/Documents/Cherrygram-Mac/macOS-Swift/submodules/telegram-ios/submodules/Postbox/Sources/Database.swift (in target 'Postbox' from project 'Postbox')
    cd /Users/buddhirajgautam/Documents/Cherrygram-Mac/macOS-Swift
    builtin-SwiftPerFileCompile Database.swift

SwiftCompile normal arm64 /Users/buddhirajgautam/Documents/Cherrygram-Mac/macOS-Swift/submodules/telegram-ios/submodules/Postbox/Sources/DeletedMessagesView.swift (in target 'Postbox' from project 'Postbox')
    cd /Users/buddhirajgautam/Documents/Cherrygram-Mac/macOS-Swift
    builtin-SwiftPerFileCompile DeletedMessagesView.swift

SwiftCompile normal arm64 /Users/buddhirajgautam/Documents/Cherrygram-Mac/macOS-Swift/submodules/telegram-ios/submodules/Postbox/Sources/DeviceContactImportInfoTable.swift (in target 'Postbox' from project 'Postbox')
    cd /Users/buddhirajgautam/Documents/Cherrygram-Mac/macOS-Swift
    builtin-SwiftPerFileCompile DeviceContactImportInfoTable.swift

SwiftCompile normal arm64 Compiling\ PendingPeerNotificationSettingsView.swift,\ PinnedItemId.swift,\ Postbox.swift,\ PostboxAccess.swift,\ PostboxLogging.swift,\ PostboxStateView.swift,\ PostboxTransaction.swift,\ PostboxUpgrade_12to13.swift,\ PostboxUpgrade_13to14.swift,\ PostboxUpgrade_14to15.swift,\ PostboxUpgrade_15to16.swift,\ PostboxUpgrade_16to17.swift,\ PostboxUpgrade_17to18.swift,\ PostboxUpgrade_18to19.swift,\ PostboxUpgrade_19to20.swift,\ PostboxUpgrade_20to21.swift,\ PostboxUpgrade_21to22.swift,\ PostboxUpgrade_22to23.swift,\ PostboxUpgrade_23to24.swift,\ PostboxUpgrade_24to25.swift,\ PostboxView.swift,\ PreferencesEntry.swift,\ PreferencesTable.swift,\ PreferencesView.swift /Users/buddhirajgautam/Documents/Cherrygram-Mac/macOS-Swift/submodules/telegram-ios/submodules/Postbox/Sources/PendingPeerNotificationSettingsView.swift /Users/buddhirajgautam/Documents/Cherrygram-Mac/macOS-Swift/submodules/telegram-ios/submodules/Postbox/Sources/PinnedItemId.swift /Users/buddhirajgautam/Documents/Cherrygram-Mac/macOS-Swift/submodules/telegram-ios/submodules/Postbox/Sources/Postbox.swift /Users/buddhirajgautam/Documents/Cherrygram-Mac/macOS-Swift/submodules/telegram-ios/submodules/Postbox/Sources/PostboxAccess.swift /Users/buddhirajgautam/Documents/Cherrygram-Mac/macOS-Swift/submodules/telegram-ios/submodules/Postbox/Sources/PostboxLogging.swift /Users/buddhirajgautam/Documents/Cherrygram-Mac/macOS-Swift/submodules/telegram-ios/submodules/Postbox/Sources/PostboxStateView.swift /Users/buddhirajgautam/Documents/Cherrygram-Mac/macOS-Swift/submodules/telegram-ios/submodules/Postbox/Sources/PostboxTransaction.swift /Users/buddhirajgautam/Documents/Cherrygram-Mac/macOS-Swift/submodules/telegram-ios/submodules/Postbox/Sources/PostboxUpgrade_12to13.swift /Users/buddhirajgautam/Documents/Cherrygram-Mac/macOS-Swift/submodules/telegram-ios/submodules/Postbox/Sources/PostboxUpgrade_13to14.swift /Users/buddhirajgautam/Documents/Cherrygram-Mac/macOS-Swift/submodules/telegram-ios/submodules/Postbox/Sources/PostboxUpgrade_14to15.swift /Users/buddhirajgautam/Documents/Cherrygram-Mac/macOS-Swift/submodules/telegram-ios/submodules/Postbox/Sources/PostboxUpgrade_15to16.swift /Users/buddhirajgautam/Documents/Cherrygram-Mac/macOS-Swift/submodules/telegram-ios/submodules/Postbox/Sources/PostboxUpgrade_16to17.swift /Users/buddhirajgautam/Documents/Cherrygram-Mac/macOS-Swift/submodules/telegram-ios/submodules/Postbox/Sources/PostboxUpgrade_17to18.swift /Users/buddhirajgautam/Documents/Cherrygram-Mac/macOS-Swift/submodules/telegram-ios/submodules/Postbox/Sources/PostboxUpgrade_18to19.swift /Users/buddhirajgautam/Documents/Cherrygram-Mac/macOS-Swift/submodules/telegram-ios/submodules/Postbox/Sources/PostboxUpgrade_19to20.swift /Users/buddhirajgautam/Documents/Cherrygram-Mac/macOS-Swift/submodules/telegram-ios/submodules/Postbox/Sources/PostboxUpgrade_20to21.swift /Users/buddhirajgautam/Documents/Cherrygram-Mac/macOS-Swift/submodules/telegram-ios/submodules/Postbox/Sources/PostboxUpgrade_21to22.swift /Users/buddhirajgautam/Documents/Cherrygram-Mac/macOS-Swift/submodules/telegram-ios/submodules/Postbox/Sources/PostboxUpgrade_22to23.swift /Users/buddhirajgautam/Documents/Cherrygram-Mac/macOS-Swift/submodules/telegram-ios/submodules/Postbox/Sources/PostboxUpgrade_23to24.swift /Users/buddhirajgautam/Documents/Cherrygram-Mac/macOS-Swift/submodules/telegram-ios/submodules/Postbox/Sources/PostboxUpgrade_24to25.swift /Users/buddhirajgautam/Documents/Cherrygram-Mac/macOS-Swift/submodules/telegram-ios/submodules/Postbox/Sources/PostboxView.swift /Users/buddhirajgautam/Documents/Cherrygram-Mac/macOS-Swift/submodules/telegram-ios/submodules/Postbox/Sources/PreferencesEntry.swift /Users/buddhirajgautam/Documents/Cherrygram-Mac/macOS-Swift/submodules/telegram-ios/submodules/Postbox/Sources/PreferencesTable.swift /Users/buddhirajgautam/Documents/Cherrygram-Mac/macOS-Swift/submodules/telegram-ios/submodules/Postbox/Sources/PreferencesView.swift (in target 'Postbox' from project 'Postbox')
/Users/buddhirajgautam/Documents/Cherrygram-Mac/macOS-Swift/submodules/telegram-ios/submodules/Postbox/Sources/Postbox.swift:3552:45: warning: 'weak' ownership of capture 'self' differs from implicitly-captured strong reference in outer scope [#ImplicitStrongCapture]
3539 |     
3540 |     public func aroundChatListView(groupId: PeerGroupId, filterPredicate: ChatListFilterPredicate? = nil, index: ChatListIndex, count: Int, summaryComponents: ChatListEntrySummaryComponents, userInteractive: Bool = false, extractCachedData: ((CachedPeerData) -> AnyHashable?)?, accountPeerId: PeerId?) -> Signal<(ChatListView, ViewUpdateType), NoError> {
3541 |         return self.transactionSignal(userInteractive: userInteractive, { subscriber, transaction in
     |                                                                         |- note: 'self' implicitly strongly captured here
     |                                                                         `- note: add 'self' as a capture list item to silence
3542 |             let mutableView = MutableChatListView(postbox: self, currentTransaction: transaction, groupId: groupId, filterPredicate: filterPredicate, aroundIndex: index, count: count, summaryComponents: summaryComponents, extractCachedData: extractCachedData, accountPeerId: accountPeerId)
3543 |             mutableView.render(postbox: self)
     :
3550 |             })
3551 |             
3552 |             return ActionDisposable { [weak self] in
     |                                             |- warning: 'weak' ownership of capture 'self' differs from implicitly-captured strong reference in outer scope [#ImplicitStrongCapture]
     |                                             `- note: explicitly assign the capture list item to silence
3553 |                 disposable.dispose()
3554 |                 if let strongSelf = self {

/Users/buddhirajgautam/Documents/Cherrygram-Mac/macOS-Swift/submodules/telegram-ios/submodules/Postbox/Sources/Postbox.swift:3574:45: warning: 'weak' ownership of capture 'self' differs from implicitly-captured strong reference in outer scope [#ImplicitStrongCapture]
3562 |     
3563 |     public func contactPeerIdsView() -> Signal<ContactPeerIdsView, NoError> {
3564 |         return self.transactionSignal { subscriber, transaction in
     |                                       |- note: 'self' implicitly strongly captured here
     |                                       `- note: add 'self' as a capture list item to silence
3565 |             let view = MutableContactPeerIdsView(remoteTotalCount: self.metadataTable.getRemoteContactCount(), peerIds: self.contactsTable.get())
3566 |             let (index, signal) = self.viewTracker.addContactPeerIdsView(view)
     :
3572 |             })
3573 |             
3574 |             return ActionDisposable { [weak self] in
     |                                             |- warning: 'weak' ownership of capture 'self' differs from implicitly-captured strong reference in outer scope [#ImplicitStrongCapture]
     |                                             `- note: explicitly assign the capture list item to silence
3575 |                 disposable.dispose()
3576 |                 if let strongSelf = self {

/Users/buddhirajgautam/Documents/Cherrygram-Mac/macOS-Swift/submodules/telegram-ios/submodules/Postbox/Sources/Postbox.swift:3670:45: warning: 'weak' ownership of capture 'self' differs from implicitly-captured strong reference in outer scope [#ImplicitStrongCapture]
3658 |     
3659 |     public func peerView(id: PeerId) -> Signal<PeerView, NoError> {
3660 |         return self.transactionSignal { subscriber, transaction in
     |                                       |- note: 'self' implicitly strongly captured here
     |                                       `- note: add 'self' as a capture list item to silence
3661 |             let view = MutablePeerView(postbox: self, peerId: id, components: .all)
3662 |             let (index, signal) = self.viewTracker.addPeerView(view)
     :
3668 |             })
3669 |             
3670 |             return ActionDisposable { [weak self] in
     |                                             |- warning: 'weak' ownership of capture 'self' differs from implicitly-captured strong reference in outer scope [#ImplicitStrongCapture]
     |                                             `- note: explicitly assign the capture list item to silence
3671 |                 disposable.dispose()
3672 |                 if let strongSelf = self {

/Users/buddhirajgautam/Documents/Cherrygram-Mac/macOS-Swift/submodules/telegram-ios/submodules/Postbox/Sources/Postbox.swift:3692:45: warning: 'weak' ownership of capture 'self' differs from implicitly-captured strong reference in outer scope [#ImplicitStrongCapture]
3680 |     
3681 |     public func multiplePeersView(_ ids: [PeerId]) -> Signal<MultiplePeersView, NoError> {
3682 |         return self.transactionSignal { subscriber, transaction in
     |                                       |- note: 'self' implicitly strongly captured here
     |                                       `- note: add 'self' as a capture list item to silence
3683 |             let view = MutableMultiplePeersView(peerIds: ids, getPeer: { self.peerTable.get($0) }, getPeerPresence: { self.peerPresenceTable.get($0) })
3684 |             let (index, signal) = self.viewTracker.addMultiplePeersView(view)
     :
3690 |             })
3691 |             
3692 |             return ActionDisposable { [weak self] in
     |                                             |- warning: 'weak' ownership of capture 'self' differs from implicitly-captured strong reference in outer scope [#ImplicitStrongCapture]
     |                                             `- note: explicitly assign the capture list item to silence
3693 |                 disposable.dispose()
3694 |                 if let strongSelf = self {

/Users/buddhirajgautam/Documents/Cherrygram-Mac/macOS-Swift/submodules/telegram-ios/submodules/Postbox/Sources/Postbox.swift:3724:45: warning: 'weak' ownership of capture 'self' differs from implicitly-captured strong reference in outer scope [#ImplicitStrongCapture]
3712 |     
3713 |     public func unreadMessageCountsView(items: [UnreadMessageCountsItem]) -> Signal<UnreadMessageCountsView, NoError> {
3714 |         return self.transactionSignal { subscriber, transaction in
     |                                       |- note: 'self' implicitly strongly captured here
     |                                       `- note: add 'self' as a capture list item to silence
3715 |             let view = MutableUnreadMessageCountsView(postbox: self, items: items)
3716 |             let (index, signal) = self.viewTracker.addUnreadMessageCountsView(view)
     :
3722 |             })
3723 |             
3724 |             return ActionDisposable { [weak self] in
     |                                             |- warning: 'weak' ownership of capture 'self' differs from implicitly-captured strong reference in outer scope [#ImplicitStrongCapture]
     |                                             `- note: explicitly assign the capture list item to silence
3725 |                 disposable.dispose()
3726 |                 if let strongSelf = self {

/Users/buddhirajgautam/Documents/Cherrygram-Mac/macOS-Swift/submodules/telegram-ios/submodules/Postbox/Sources/Postbox.swift:3760:45: warning: 'weak' ownership of capture 'self' differs from implicitly-captured strong reference in outer scope [#ImplicitStrongCapture]
3747 |     
3748 |     public func stateView() -> Signal<PostboxStateView, NoError> {
3749 |         return self.transactionSignal { subscriber, transaction in
     |                                       |- note: 'self' implicitly strongly captured here
     |                                       `- note: add 'self' as a capture list item to silence
3750 |             let mutableView = MutablePostboxStateView(state: self.getState())
3751 |             
     :
3758 |             })
3759 |             
3760 |             return ActionDisposable { [weak self] in
     |                                             |- warning: 'weak' ownership of capture 'self' differs from implicitly-captured strong reference in outer scope [#ImplicitStrongCapture]
     |                                             `- note: explicitly assign the capture list item to silence
3761 |                 disposable.dispose()
3762 |                 if let strongSelf = self {

/Users/buddhirajgautam/Documents/Cherrygram-Mac/macOS-Swift/submodules/telegram-ios/submodules/Postbox/Sources/Postbox.swift:3848:45: warning: 'weak' ownership of capture 'self' differs from implicitly-captured strong reference in outer scope [#ImplicitStrongCapture]
3831 |     
3832 |     public func itemCollectionsView(orderedItemListCollectionIds: [Int32], namespaces: [ItemCollectionId.Namespace], aroundIndex: ItemCollectionViewEntryIndex?, count: Int) -> Signal<ItemCollectionsView, NoError> {
3833 |         return self.transactionSignal { subscriber, transaction in
     |                                       |- note: 'self' implicitly strongly captured here
     |                                       `- note: add 'self' as a capture list item to silence
3834 |             let itemListViews = orderedItemListCollectionIds.map { collectionId -> MutableOrderedItemListView in
3835 |                 return MutableOrderedItemListView(postbox: self, collectionId: collectionId)
     :
3846 |             })
3847 |             
3848 |             return ActionDisposable { [weak self] in
     |                                             |- warning: 'weak' ownership of capture 'self' differs from implicitly-captured strong reference in outer scope [#ImplicitStrongCapture]
     |                                             `- note: explicitly assign the capture list item to silence
3849 |                 disposable.dispose()
3850 |                 if let strongSelf = self {

/Users/buddhirajgautam/Documents/Cherrygram-Mac/macOS-Swift/submodules/telegram-ios/submodules/Postbox/Sources/Postbox.swift:3871:45: warning: 'weak' ownership of capture 'self' differs from implicitly-captured strong reference in outer scope [#ImplicitStrongCapture]
3858 |     
3859 |     public func mergedOperationLogView(tag: PeerOperationLogTag, filterByPeerId: PeerId?, limit: Int) -> Signal<PeerMergedOperationLogView, NoError> {
3860 |         return self.transactionSignal { subscriber, transaction in
     |                                       |- note: 'self' implicitly strongly captured here
     |                                       `- note: add 'self' as a capture list item to silence
3861 |             let view = MutablePeerMergedOperationLogView(postbox: self, tag: tag, filterByPeerId: filterByPeerId, limit: limit)
3862 |             
     :
3869 |             })
3870 |             
3871 |             return ActionDisposable { [weak self] in
     |                                             |- warning: 'weak' ownership of capture 'self' differs from implicitly-captured strong reference in outer scope [#ImplicitStrongCapture]
     |                                             `- note: explicitly assign the capture list item to silence
3872 |                 disposable.dispose()
3873 |                 if let strongSelf = self {

/Users/buddhirajgautam/Documents/Cherrygram-Mac/macOS-Swift/submodules/telegram-ios/submodules/Postbox/Sources/Postbox.swift:3893:45: warning: 'weak' ownership of capture 'self' differs from implicitly-captured strong reference in outer scope [#ImplicitStrongCapture]
3881 |     
3882 |     public func timestampBasedMessageAttributesView(tag: UInt16) -> Signal<TimestampBasedMessageAttributesView, NoError> {
3883 |         return self.transactionSignal { subscriber, transaction in
     |                                       |- note: 'self' implicitly strongly captured here
     |                                       `- note: add 'self' as a capture list item to silence
3884 |             let view = MutableTimestampBasedMessageAttributesView(postbox: self, tag: tag)
3885 |             let (index, signal) = self.viewTracker.addTimestampBasedMessageAttributesView(view)
     :
3891 |             })
3892 |             
3893 |             return ActionDisposable { [weak self] in
     |                                             |- warning: 'weak' ownership of capture 'self' differs from implicitly-captured strong reference in outer scope [#ImplicitStrongCapture]
     |                                             `- note: explicitly assign the capture list item to silence
3894 |                 disposable.dispose()
3895 |                 if let strongSelf = self {

/Users/buddhirajgautam/Documents/Cherrygram-Mac/macOS-Swift/submodules/telegram-ios/submodules/Postbox/Sources/Postbox.swift:3944:45: warning: 'weak' ownership of capture 'self' differs from implicitly-captured strong reference in outer scope [#ImplicitStrongCapture]
3931 |     
3932 |     public func messageView(_ messageId: MessageId) -> Signal<MessageView, NoError> {
3933 |         return self.transactionSignal { subscriber, transaction in
     |                                       |- note: 'self' implicitly strongly captured here
     |                                       `- note: add 'self' as a capture list item to silence
3934 |             let view = MutableMessageView(messageId: messageId, message: transaction.getMessage(messageId))
3935 |             
     :
3942 |             })
3943 |             
3944 |             return ActionDisposable { [weak self] in
     |                                             |- warning: 'weak' ownership of capture 'self' differs from implicitly-captured strong reference in outer scope [#ImplicitStrongCapture]
     |                                             `- note: explicitly assign the capture list item to silence
3945 |                 disposable.dispose()
3946 |                 if let strongSelf = self {

/Users/buddhirajgautam/Documents/Cherrygram-Mac/macOS-Swift/submodules/telegram-ios/submodules/Postbox/Sources/Postbox.swift:3966:45: warning: 'weak' ownership of capture 'self' differs from implicitly-captured strong reference in outer scope [#ImplicitStrongCapture]
3954 |     
3955 |     public func preferencesView(keys: [ValueBoxKey]) -> Signal<PreferencesView, NoError> {
3956 |         return self.transactionSignal { subscriber, transaction in
     |                                       |- note: 'self' implicitly strongly captured here
     |                                       `- note: add 'self' as a capture list item to silence
3957 |             let view = MutablePreferencesView(postbox: self, keys: Set(keys))
3958 |             let (index, signal) = self.viewTracker.addPreferencesView(view)
     :
3964 |             })
3965 |             
3966 |             return ActionDisposable { [weak self] in
     |                                             |- warning: 'weak' ownership of capture 'self' differs from implicitly-captured strong reference in outer scope [#ImplicitStrongCapture]
     |                                             `- note: explicitly assign the capture list item to silence
3967 |                 disposable.dispose()
3968 |                 if let strongSelf = self {

/Users/buddhirajgautam/Documents/Cherrygram-Mac/macOS-Swift/submodules/telegram-ios/submodules/Postbox/Sources/Postbox.swift:3992:45: warning: 'weak' ownership of capture 'self' differs from implicitly-captured strong reference in outer scope [#ImplicitStrongCapture]
3976 |     
3977 |     public func combinedView(keys: [PostboxViewKey]) -> Signal<CombinedView, NoError> {
3978 |         return self.transactionSignal { subscriber, transaction in
     |                                       |- note: 'self' implicitly strongly captured here
     |                                       `- note: add 'self' as a capture list item to silence
3979 |             var views: [PostboxViewKey: MutablePostboxView] = [:]
3980 |             for key in keys {
     :
3990 |             })
3991 |             
3992 |             return ActionDisposable { [weak self] in
     |                                             |- warning: 'weak' ownership of capture 'self' differs from implicitly-captured strong reference in outer scope [#ImplicitStrongCapture]
     |                                             `- note: explicitly assign the capture list item to silence
3993 |                 disposable.dispose()
3994 |                 if let strongSelf = self {

/Users/buddhirajgautam/Documents/Cherrygram-Mac/macOS-Swift/submodules/telegram-ios/submodules/Postbox/Sources/Postbox.swift:4090:53: warning: 'weak' ownership of capture 'self' differs from implicitly-captured strong reference in outer scope [#ImplicitStrongCapture]
4087 |             }
4088 |             return peerIndices
4089 |         }).start(next: { peerIndices in
     |                        |- note: 'self' implicitly strongly captured here
     |                        `- note: add 'self' as a capture list item to silence
4090 |             disposable.set(ActionDisposable { [weak self] in
     |                                                     |- warning: 'weak' ownership of capture 'self' differs from implicitly-captured strong reference in outer scope [#ImplicitStrongCapture]
     |                                                     `- note: explicitly assign the capture list item to silence
4091 |                 queue.async {
4092 |                     guard let `self` = self else {

/Users/buddhirajgautam/Documents/Cherrygram-Mac/macOS-Swift/submodules/telegram-ios/submodules/Postbox/Sources/Postbox.swift:4374:45: warning: 'weak' ownership of capture 'self' differs from implicitly-captured strong reference in outer scope [#ImplicitStrongCapture]
4364 |     
4365 |     public func failedMessageIdsView(peerId: PeerId) -> Signal<FailedMessageIdsView, NoError> {
4366 |         return self.transactionSignal { subscriber, transaction in
     |                                       |- note: 'self' implicitly strongly captured here
     |                                       `- note: add 'self' as a capture list item to silence
4367 |             let view = MutableFailedMessageIdsView(peerId: peerId, ids: self.failedMessageIds(for: peerId))
4368 |             let (index, signal) = self.viewTracker.addFailedMessageIdsView(view)
     :
4372 |             })
4373 |             
4374 |             return ActionDisposable { [weak self] in
     |                                             |- warning: 'weak' ownership of capture 'self' differs from implicitly-captured strong reference in outer scope [#ImplicitStrongCapture]
     |                                             `- note: explicitly assign the capture list item to silence
4375 |                 disposable.dispose()
4376 |                 if let strongSelf = self {

[#ImplicitStrongCapture]: <https://docs.swift.org/compiler/documentation/diagnostics/implicit-strong-capture>

SwiftCompile normal arm64 /Users/buddhirajgautam/Documents/Cherrygram-Mac/macOS-Swift/submodules/telegram-ios/submodules/Postbox/Sources/PendingPeerNotificationSettingsView.swift (in target 'Postbox' from project 'Postbox')
    cd /Users/buddhirajgautam/Documents/Cherrygram-Mac/macOS-Swift
    builtin-SwiftPerFileCompile PendingPeerNotificationSettingsView.swift

SwiftCompile normal arm64 /Users/buddhirajgautam/Documents/Cherrygram-Mac/macOS-Swift/submodules/telegram-ios/submodules/Postbox/Sources/PinnedItemId.swift (in target 'Postbox' from project 'Postbox')
    cd /Users/buddhirajgautam/Documents/Cherrygram-Mac/macOS-Swift
    builtin-SwiftPerFileCompile PinnedItemId.swift

SwiftCompile normal arm64 /Users/buddhirajgautam/Documents/Cherrygram-Mac/macOS-Swift/submodules/telegram-ios/submodules/Postbox/Sources/Postbox.swift (in target 'Postbox' from project 'Postbox')
    cd /Users/buddhirajgautam/Documents/Cherrygram-Mac/macOS-Swift
    builtin-SwiftPerFileCompile Postbox.swift

SwiftCompile normal arm64 /Users/buddhirajgautam/Documents/Cherrygram-Mac/macOS-Swift/submodules/telegram-ios/submodules/Postbox/Sources/PostboxAccess.swift (in target 'Postbox' from project 'Postbox')
    cd /Users/buddhirajgautam/Documents/Cherrygram-Mac/macOS-Swift
    builtin-SwiftPerFileCompile PostboxAccess.swift

SwiftCompile normal arm64 /Users/buddhirajgautam/Documents/Cherrygram-Mac/macOS-Swift/submodules/telegram-ios/submodules/Postbox/Sources/PostboxLogging.swift (in target 'Postbox' from project 'Postbox')
    cd /Users/buddhirajgautam/Documents/Cherrygram-Mac/macOS-Swift
    builtin-SwiftPerFileCompile PostboxLogging.swift

SwiftCompile normal arm64 /Users/buddhirajgautam/Documents/Cherrygram-Mac/macOS-Swift/submodules/telegram-ios/submodules/Postbox/Sources/PostboxStateView.swift (in target 'Postbox' from project 'Postbox')
    cd /Users/buddhirajgautam/Documents/Cherrygram-Mac/macOS-Swift
    builtin-SwiftPerFileCompile PostboxStateView.swift

SwiftCompile normal arm64 /Users/buddhirajgautam/Documents/Cherrygram-Mac/macOS-Swift/submodules/telegram-ios/submodules/Postbox/Sources/PostboxTransaction.swift (in target 'Postbox' from project 'Postbox')
    cd /Users/buddhirajgautam/Documents/Cherrygram-Mac/macOS-Swift
    builtin-SwiftPerFileCompile PostboxTransaction.swift

SwiftCompile normal arm64 /Users/buddhirajgautam/Documents/Cherrygram-Mac/macOS-Swift/submodules/telegram-ios/submodules/Postbox/Sources/PostboxUpgrade_12to13.swift (in target 'Postbox' from project 'Postbox')
    cd /Users/buddhirajgautam/Documents/Cherrygram-Mac/macOS-Swift
    builtin-SwiftPerFileCompile PostboxUpgrade_12to13.swift

SwiftCompile normal arm64 /Users/buddhirajgautam/Documents/Cherrygram-Mac/macOS-Swift/submodules/telegram-ios/submodules/Postbox/Sources/PostboxUpgrade_13to14.swift (in target 'Postbox' from project 'Postbox')
    cd /Users/buddhirajgautam/Documents/Cherrygram-Mac/macOS-Swift
    builtin-SwiftPerFileCompile PostboxUpgrade_13to14.swift

SwiftCompile normal arm64 /Users/buddhirajgautam/Documents/Cherrygram-Mac/macOS-Swift/submodules/telegram-ios/submodules/Postbox/Sources/PostboxUpgrade_14to15.swift (in target 'Postbox' from project 'Postbox')
    cd /Users/buddhirajgautam/Documents/Cherrygram-Mac/macOS-Swift
    builtin-SwiftPerFileCompile PostboxUpgrade_14to15.swift

SwiftCompile normal arm64 /Users/buddhirajgautam/Documents/Cherrygram-Mac/macOS-Swift/submodules/telegram-ios/submodules/Postbox/Sources/PostboxUpgrade_15to16.swift (in target 'Postbox' from project 'Postbox')
    cd /Users/buddhirajgautam/Documents/Cherrygram-Mac/macOS-Swift
    builtin-SwiftPerFileCompile PostboxUpgrade_15to16.swift

SwiftCompile normal arm64 /Users/buddhirajgautam/Documents/Cherrygram-Mac/macOS-Swift/submodules/telegram-ios/submodules/Postbox/Sources/PostboxUpgrade_16to17.swift (in target 'Postbox' from project 'Postbox')
    cd /Users/buddhirajgautam/Documents/Cherrygram-Mac/macOS-Swift
    builtin-SwiftPerFileCompile PostboxUpgrade_16to17.swift

SwiftCompile normal arm64 /Users/buddhirajgautam/Documents/Cherrygram-Mac/macOS-Swift/submodules/telegram-ios/submodules/Postbox/Sources/PostboxUpgrade_17to18.swift (in target 'Postbox' from project 'Postbox')
    cd /Users/buddhirajgautam/Documents/Cherrygram-Mac/macOS-Swift
    builtin-SwiftPerFileCompile PostboxUpgrade_17to18.swift

SwiftCompile normal arm64 /Users/buddhirajgautam/Documents/Cherrygram-Mac/macOS-Swift/submodules/telegram-ios/submodules/Postbox/Sources/PostboxUpgrade_18to19.swift (in target 'Postbox' from project 'Postbox')
    cd /Users/buddhirajgautam/Documents/Cherrygram-Mac/macOS-Swift
    builtin-SwiftPerFileCompile PostboxUpgrade_18to19.swift

SwiftCompile normal arm64 /Users/buddhirajgautam/Documents/Cherrygram-Mac/macOS-Swift/submodules/telegram-ios/submodules/Postbox/Sources/PostboxUpgrade_19to20.swift (in target 'Postbox' from project 'Postbox')
    cd /Users/buddhirajgautam/Documents/Cherrygram-Mac/macOS-Swift
    builtin-SwiftPerFileCompile PostboxUpgrade_19to20.swift

SwiftCompile normal arm64 /Users/buddhirajgautam/Documents/Cherrygram-Mac/macOS-Swift/submodules/telegram-ios/submodules/Postbox/Sources/PostboxUpgrade_20to21.swift (in target 'Postbox' from project 'Postbox')
    cd /Users/buddhirajgautam/Documents/Cherrygram-Mac/macOS-Swift
    builtin-SwiftPerFileCompile PostboxUpgrade_20to21.swift

SwiftCompile normal arm64 /Users/buddhirajgautam/Documents/Cherrygram-Mac/macOS-Swift/submodules/telegram-ios/submodules/Postbox/Sources/PostboxUpgrade_21to22.swift (in target 'Postbox' from project 'Postbox')
    cd /Users/buddhirajgautam/Documents/Cherrygram-Mac/macOS-Swift
    builtin-SwiftPerFileCompile PostboxUpgrade_21to22.swift

SwiftCompile normal arm64 /Users/buddhirajgautam/Documents/Cherrygram-Mac/macOS-Swift/submodules/telegram-ios/submodules/Postbox/Sources/PostboxUpgrade_22to23.swift (in target 'Postbox' from project 'Postbox')
    cd /Users/buddhirajgautam/Documents/Cherrygram-Mac/macOS-Swift
    builtin-SwiftPerFileCompile PostboxUpgrade_22to23.swift

SwiftCompile normal arm64 /Users/buddhirajgautam/Documents/Cherrygram-Mac/macOS-Swift/submodules/telegram-ios/submodules/Postbox/Sources/PostboxUpgrade_23to24.swift (in target 'Postbox' from project 'Postbox')
    cd /Users/buddhirajgautam/Documents/Cherrygram-Mac/macOS-Swift
    builtin-SwiftPerFileCompile PostboxUpgrade_23to24.swift

SwiftCompile normal arm64 /Users/buddhirajgautam/Documents/Cherrygram-Mac/macOS-Swift/submodules/telegram-ios/submodules/Postbox/Sources/PostboxUpgrade_24to25.swift (in target 'Postbox' from project 'Postbox')
    cd /Users/buddhirajgautam/Documents/Cherrygram-Mac/macOS-Swift
    builtin-SwiftPerFileCompile PostboxUpgrade_24to25.swift

SwiftCompile normal arm64 /Users/buddhirajgautam/Documents/Cherrygram-Mac/macOS-Swift/submodules/telegram-ios/submodules/Postbox/Sources/PostboxView.swift (in target 'Postbox' from project 'Postbox')
    cd /Users/buddhirajgautam/Documents/Cherrygram-Mac/macOS-Swift
    builtin-SwiftPerFileCompile PostboxView.swift

SwiftCompile normal arm64 /Users/buddhirajgautam/Documents/Cherrygram-Mac/macOS-Swift/submodules/telegram-ios/submodules/Postbox/Sources/PreferencesEntry.swift (in target 'Postbox' from project 'Postbox')
    cd /Users/buddhirajgautam/Documents/Cherrygram-Mac/macOS-Swift
    builtin-SwiftPerFileCompile PreferencesEntry.swift

SwiftCompile normal arm64 /Users/buddhirajgautam/Documents/Cherrygram-Mac/macOS-Swift/submodules/telegram-ios/submodules/Postbox/Sources/PreferencesTable.swift (in target 'Postbox' from project 'Postbox')
    cd /Users/buddhirajgautam/Documents/Cherrygram-Mac/macOS-Swift
    builtin-SwiftPerFileCompile PreferencesTable.swift

SwiftCompile normal arm64 /Users/buddhirajgautam/Documents/Cherrygram-Mac/macOS-Swift/submodules/telegram-ios/submodules/Postbox/Sources/PreferencesView.swift (in target 'Postbox' from project 'Postbox')
    cd /Users/buddhirajgautam/Documents/Cherrygram-Mac/macOS-Swift
    builtin-SwiftPerFileCompile PreferencesView.swift

SwiftCompile normal arm64 Compiling\ FailedMessagesView.swift,\ FileSize.swift,\ GlobalMessageHistoryTagsTable.swift,\ GlobalMessageIdsTable.swift,\ GlobalMessageTagsView.swift,\ GroupMessageStatsTable.swift,\ Hash.swift,\ HistoryTagInfoView.swift,\ InitialMessageHistoryData.swift,\ IntermediateMessage.swift,\ InvalidatedGroupMessageStatsTable.swift,\ InvalidatedMessageHistoryTagSummariesView.swift,\ InvalidatedMessageHistoryTagsSummaryTable.swift,\ IpcPipe.swift,\ IsContactView.swift,\ ItemCacheMetaTable.swift,\ ItemCacheTable.swift,\ ItemCollection.swift,\ ItemCollectionIdsView.swift,\ ItemCollectionInfoTable.swift,\ ItemCollectionInfoView.swift,\ ItemCollectionInfosView.swift,\ ItemCollectionItemTable.swift,\ ItemCollectionsView.swift,\ KeychainTable.swift /Users/buddhirajgautam/Documents/Cherrygram-Mac/macOS-Swift/submodules/telegram-ios/submodules/Postbox/Sources/FailedMessagesView.swift /Users/buddhirajgautam/Documents/Cherrygram-Mac/macOS-Swift/submodules/telegram-ios/submodules/Postbox/Sources/FileSize.swift /Users/buddhirajgautam/Documents/Cherrygram-Mac/macOS-Swift/submodules/telegram-ios/submodules/Postbox/Sources/GlobalMessageHistoryTagsTable.swift /Users/buddhirajgautam/Documents/Cherrygram-Mac/macOS-Swift/submodules/telegram-ios/submodules/Postbox/Sources/GlobalMessageIdsTable.swift /Users/buddhirajgautam/Documents/Cherrygram-Mac/macOS-Swift/submodules/telegram-ios/submodules/Postbox/Sources/GlobalMessageTagsView.swift /Users/buddhirajgautam/Documents/Cherrygram-Mac/macOS-Swift/submodules/telegram-ios/submodules/Postbox/Sources/GroupMessageStatsTable.swift /Users/buddhirajgautam/Documents/Cherrygram-Mac/macOS-Swift/submodules/telegram-ios/submodules/Postbox/Sources/Hash.swift /Users/buddhirajgautam/Documents/Cherrygram-Mac/macOS-Swift/submodules/telegram-ios/submodules/Postbox/Sources/HistoryTagInfoView.swift /Users/buddhirajgautam/Documents/Cherrygram-Mac/macOS-Swift/submodules/telegram-ios/submodules/Postbox/Sources/InitialMessageHistoryData.swift /Users/buddhirajgautam/Documents/Cherrygram-Mac/macOS-Swift/submodules/telegram-ios/submodules/Postbox/Sources/IntermediateMessage.swift /Users/buddhirajgautam/Documents/Cherrygram-Mac/macOS-Swift/submodules/telegram-ios/submodules/Postbox/Sources/InvalidatedGroupMessageStatsTable.swift /Users/buddhirajgautam/Documents/Cherrygram-Mac/macOS-Swift/submodules/telegram-ios/submodules/Postbox/Sources/InvalidatedMessageHistoryTagSummariesView.swift /Users/buddhirajgautam/Documents/Cherrygram-Mac/macOS-Swift/submodules/telegram-ios/submodules/Postbox/Sources/InvalidatedMessageHistoryTagsSummaryTable.swift /Users/buddhirajgautam/Documents/Cherrygram-Mac/macOS-Swift/submodules/telegram-ios/submodules/Postbox/Sources/IpcPipe.swift /Users/buddhirajgautam/Documents/Cherrygram-Mac/macOS-Swift/submodules/telegram-ios/submodules/Postbox/Sources/IsContactView.swift /Users/buddhirajgautam/Documents/Cherrygram-Mac/macOS-Swift/submodules/telegram-ios/submodules/Postbox/Sources/ItemCacheMetaTable.swift /Users/buddhirajgautam/Documents/Cherrygram-Mac/macOS-Swift/submodules/telegram-ios/submodules/Postbox/Sources/ItemCacheTable.swift /Users/buddhirajgautam/Documents/Cherrygram-Mac/macOS-Swift/submodules/telegram-ios/submodules/Postbox/Sources/ItemCollection.swift /Users/buddhirajgautam/Documents/Cherrygram-Mac/macOS-Swift/submodules/telegram-ios/submodules/Postbox/Sources/ItemCollectionIdsView.swift /Users/buddhirajgautam/Documents/Cherrygram-Mac/macOS-Swift/submodules/telegram-ios/submodules/Postbox/Sources/ItemCollectionInfoTable.swift /Users/buddhirajgautam/Documents/Cherrygram-Mac/macOS-Swift/submodules/telegram-ios/submodules/Postbox/Sources/ItemCollectionInfoView.swift /Users/buddhirajgautam/Documents/Cherrygram-Mac/macOS-Swift/submodules/telegram-ios/submodules/Postbox/Sources/ItemCollectionInfosView.swift /Users/buddhirajgautam/Documents/Cherrygram-Mac/macOS-Swift/submodules/telegram-ios/submodules/Postbox/Sources/ItemCollectionItemTable.swift /Users/buddhirajgautam/Documents/Cherrygram-Mac/macOS-Swift/submodules/telegram-ios/submodules/Postbox/Sources/ItemCollectionsView.swift /Users/buddhirajgautam/Documents/Cherrygram-Mac/macOS-Swift/submodules/telegram-ios/submodules/Postbox/Sources/KeychainTable.swift (in target 'Postbox' from project 'Postbox')

SwiftCompile normal arm64 /Users/buddhirajgautam/Documents/Cherrygram-Mac/macOS-Swift/submodules/telegram-ios/submodules/Postbox/Sources/FailedMessagesView.swift (in target 'Postbox' from project 'Postbox')
    cd /Users/buddhirajgautam/Documents/Cherrygram-Mac/macOS-Swift
    builtin-SwiftPerFileCompile FailedMessagesView.swift

SwiftCompile normal arm64 /Users/buddhirajgautam/Documents/Cherrygram-Mac/macOS-Swift/submodules/telegram-ios/submodules/Postbox/Sources/FileSize.swift (in target 'Postbox' from project 'Postbox')
    cd /Users/buddhirajgautam/Documents/Cherrygram-Mac/macOS-Swift
    builtin-SwiftPerFileCompile FileSize.swift

SwiftCompile normal arm64 /Users/buddhirajgautam/Documents/Cherrygram-Mac/macOS-Swift/submodules/telegram-ios/submodules/Postbox/Sources/GlobalMessageHistoryTagsTable.swift (in target 'Postbox' from project 'Postbox')
    cd /Users/buddhirajgautam/Documents/Cherrygram-Mac/macOS-Swift
    builtin-SwiftPerFileCompile GlobalMessageHistoryTagsTable.swift

SwiftCompile normal arm64 /Users/buddhirajgautam/Documents/Cherrygram-Mac/macOS-Swift/submodules/telegram-ios/submodules/Postbox/Sources/GlobalMessageIdsTable.swift (in target 'Postbox' from project 'Postbox')
    cd /Users/buddhirajgautam/Documents/Cherrygram-Mac/macOS-Swift
    builtin-SwiftPerFileCompile GlobalMessageIdsTable.swift

SwiftCompile normal arm64 /Users/buddhirajgautam/Documents/Cherrygram-Mac/macOS-Swift/submodules/telegram-ios/submodules/Postbox/Sources/GlobalMessageTagsView.swift (in target 'Postbox' from project 'Postbox')
    cd /Users/buddhirajgautam/Documents/Cherrygram-Mac/macOS-Swift
    builtin-SwiftPerFileCompile GlobalMessageTagsView.swift

SwiftCompile normal arm64 /Users/buddhirajgautam/Documents/Cherrygram-Mac/macOS-Swift/submodules/telegram-ios/submodules/Postbox/Sources/GroupMessageStatsTable.swift (in target 'Postbox' from project 'Postbox')
    cd /Users/buddhirajgautam/Documents/Cherrygram-Mac/macOS-Swift
    builtin-SwiftPerFileCompile GroupMessageStatsTable.swift

SwiftCompile normal arm64 /Users/buddhirajgautam/Documents/Cherrygram-Mac/macOS-Swift/submodules/telegram-ios/submodules/Postbox/Sources/Hash.swift (in target 'Postbox' from project 'Postbox')
    cd /Users/buddhirajgautam/Documents/Cherrygram-Mac/macOS-Swift
    builtin-SwiftPerFileCompile Hash.swift

SwiftCompile normal arm64 /Users/buddhirajgautam/Documents/Cherrygram-Mac/macOS-Swift/submodules/telegram-ios/submodules/Postbox/Sources/HistoryTagInfoView.swift (in target 'Postbox' from project 'Postbox')
    cd /Users/buddhirajgautam/Documents/Cherrygram-Mac/macOS-Swift
    builtin-SwiftPerFileCompile HistoryTagInfoView.swift

SwiftCompile normal arm64 /Users/buddhirajgautam/Documents/Cherrygram-Mac/macOS-Swift/submodules/telegram-ios/submodules/Postbox/Sources/InitialMessageHistoryData.swift (in target 'Postbox' from project 'Postbox')
    cd /Users/buddhirajgautam/Documents/Cherrygram-Mac/macOS-Swift
    builtin-SwiftPerFileCompile InitialMessageHistoryData.swift

SwiftCompile normal arm64 /Users/buddhirajgautam/Documents/Cherrygram-Mac/macOS-Swift/submodules/telegram-ios/submodules/Postbox/Sources/IntermediateMessage.swift (in target 'Postbox' from project 'Postbox')
    cd /Users/buddhirajgautam/Documents/Cherrygram-Mac/macOS-Swift
    builtin-SwiftPerFileCompile IntermediateMessage.swift

SwiftCompile normal arm64 /Users/buddhirajgautam/Documents/Cherrygram-Mac/macOS-Swift/submodules/telegram-ios/submodules/Postbox/Sources/InvalidatedGroupMessageStatsTable.swift (in target 'Postbox' from project 'Postbox')
    cd /Users/buddhirajgautam/Documents/Cherrygram-Mac/macOS-Swift
    builtin-SwiftPerFileCompile InvalidatedGroupMessageStatsTable.swift

SwiftCompile normal arm64 /Users/buddhirajgautam/Documents/Cherrygram-Mac/macOS-Swift/submodules/telegram-ios/submodules/Postbox/Sources/InvalidatedMessageHistoryTagSummariesView.swift (in target 'Postbox' from project 'Postbox')
    cd /Users/buddhirajgautam/Documents/Cherrygram-Mac/macOS-Swift
    builtin-SwiftPerFileCompile InvalidatedMessageHistoryTagSummariesView.swift

SwiftCompile normal arm64 /Users/buddhirajgautam/Documents/Cherrygram-Mac/macOS-Swift/submodules/telegram-ios/submodules/Postbox/Sources/InvalidatedMessageHistoryTagsSummaryTable.swift (in target 'Postbox' from project 'Postbox')
    cd /Users/buddhirajgautam/Documents/Cherrygram-Mac/macOS-Swift
    builtin-SwiftPerFileCompile InvalidatedMessageHistoryTagsSummaryTable.swift

SwiftCompile normal arm64 /Users/buddhirajgautam/Documents/Cherrygram-Mac/macOS-Swift/submodules/telegram-ios/submodules/Postbox/Sources/IpcPipe.swift (in target 'Postbox' from project 'Postbox')
    cd /Users/buddhirajgautam/Documents/Cherrygram-Mac/macOS-Swift
    builtin-SwiftPerFileCompile IpcPipe.swift

SwiftCompile normal arm64 /Users/buddhirajgautam/Documents/Cherrygram-Mac/macOS-Swift/submodules/telegram-ios/submodules/Postbox/Sources/IsContactView.swift (in target 'Postbox' from project 'Postbox')
    cd /Users/buddhirajgautam/Documents/Cherrygram-Mac/macOS-Swift
    builtin-SwiftPerFileCompile IsContactView.swift

SwiftCompile normal arm64 /Users/buddhirajgautam/Documents/Cherrygram-Mac/macOS-Swift/submodules/telegram-ios/submodules/Postbox/Sources/ItemCacheMetaTable.swift (in target 'Postbox' from project 'Postbox')
    cd /Users/buddhirajgautam/Documents/Cherrygram-Mac/macOS-Swift
    builtin-SwiftPerFileCompile ItemCacheMetaTable.swift

SwiftCompile normal arm64 /Users/buddhirajgautam/Documents/Cherrygram-Mac/macOS-Swift/submodules/telegram-ios/submodules/Postbox/Sources/ItemCacheTable.swift (in target 'Postbox' from project 'Postbox')
    cd /Users/buddhirajgautam/Documents/Cherrygram-Mac/macOS-Swift
    builtin-SwiftPerFileCompile ItemCacheTable.swift

SwiftCompile normal arm64 /Users/buddhirajgautam/Documents/Cherrygram-Mac/macOS-Swift/submodules/telegram-ios/submodules/Postbox/Sources/ItemCollection.swift (in target 'Postbox' from project 'Postbox')
    cd /Users/buddhirajgautam/Documents/Cherrygram-Mac/macOS-Swift
    builtin-SwiftPerFileCompile ItemCollection.swift

SwiftCompile normal arm64 /Users/buddhirajgautam/Documents/Cherrygram-Mac/macOS-Swift/submodules/telegram-ios/submodules/Postbox/Sources/ItemCollectionIdsView.swift (in target 'Postbox' from project 'Postbox')
    cd /Users/buddhirajgautam/Documents/Cherrygram-Mac/macOS-Swift
    builtin-SwiftPerFileCompile ItemCollectionIdsView.swift

SwiftCompile normal arm64 /Users/buddhirajgautam/Documents/Cherrygram-Mac/macOS-Swift/submodules/telegram-ios/submodules/Postbox/Sources/ItemCollectionInfoTable.swift (in target 'Postbox' from project 'Postbox')
    cd /Users/buddhirajgautam/Documents/Cherrygram-Mac/macOS-Swift
    builtin-SwiftPerFileCompile ItemCollectionInfoTable.swift

SwiftCompile normal arm64 /Users/buddhirajgautam/Documents/Cherrygram-Mac/macOS-Swift/submodules/telegram-ios/submodules/Postbox/Sources/ItemCollectionInfoView.swift (in target 'Postbox' from project 'Postbox')
    cd /Users/buddhirajgautam/Documents/Cherrygram-Mac/macOS-Swift
    builtin-SwiftPerFileCompile ItemCollectionInfoView.swift

SwiftCompile normal arm64 /Users/buddhirajgautam/Documents/Cherrygram-Mac/macOS-Swift/submodules/telegram-ios/submodules/Postbox/Sources/ItemCollectionInfosView.swift (in target 'Postbox' from project 'Postbox')
    cd /Users/buddhirajgautam/Documents/Cherrygram-Mac/macOS-Swift
    builtin-SwiftPerFileCompile ItemCollectionInfosView.swift

SwiftCompile normal arm64 /Users/buddhirajgautam/Documents/Cherrygram-Mac/macOS-Swift/submodules/telegram-ios/submodules/Postbox/Sources/ItemCollectionItemTable.swift (in target 'Postbox' from project 'Postbox')
    cd /Users/buddhirajgautam/Documents/Cherrygram-Mac/macOS-Swift
    builtin-SwiftPerFileCompile ItemCollectionItemTable.swift

SwiftCompile normal arm64 /Users/buddhirajgautam/Documents/Cherrygram-Mac/macOS-Swift/submodules/telegram-ios/submodules/Postbox/Sources/ItemCollectionsView.swift (in target 'Postbox' from project 'Postbox')
    cd /Users/buddhirajgautam/Documents/Cherrygram-Mac/macOS-Swift
    builtin-SwiftPerFileCompile ItemCollectionsView.swift

SwiftCompile normal arm64 /Users/buddhirajgautam/Documents/Cherrygram-Mac/macOS-Swift/submodules/telegram-ios/submodules/Postbox/Sources/KeychainTable.swift (in target 'Postbox' from project 'Postbox')
    cd /Users/buddhirajgautam/Documents/Cherrygram-Mac/macOS-Swift
    builtin-SwiftPerFileCompile KeychainTable.swift

SwiftDriverJobDiscovery normal arm64 Emitting module for Postbox (in target 'Postbox' from project 'Postbox')

SwiftDriver\ Compilation\ Requirements Postbox normal arm64 com.apple.xcode.tools.swift.compiler (in target 'Postbox' from project 'Postbox')
    cd /Users/buddhirajgautam/Documents/Cherrygram-Mac/macOS-Swift
    builtin-Swift-Compilation-Requirements -- /Applications/Xcode.app/Contents/Developer/Toolchains/XcodeDefault.xctoolchain/usr/bin/swiftc -parse-as-library -module-name Postbox -Onone @/Users/buddhirajgautam/Library/Developer/Xcode/DerivedData/Telegram-Mac-fygdgghdgmuleoelvxabfmqiotta/Build/Intermediates.noindex/Postbox.build/Debug/Postbox-t.build/Objects-normal/arm64/Postbox.SwiftFileList -DSWIFT_PACKAGE -DDEBUG -DSWIFT_MODULE_RESOURCE_BUNDLE_UNAVAILABLE -Xcc -fmodule-map-file\=/Users/buddhirajgautam/Library/Developer/Xcode/DerivedData/Telegram-Mac-fygdgghdgmuleoelvxabfmqiotta/Build/Intermediates.noindex/GeneratedModuleMaps/MurMurHash32.modulemap -Xcc -fmodule-map-file\=/Users/buddhirajgautam/Library/Developer/Xcode/DerivedData/Telegram-Mac-fygdgghdgmuleoelvxabfmqiotta/Build/Intermediates.noindex/GeneratedModuleMaps/sqlcipher.modulemap -Xcc -fmodule-map-file\=/Users/buddhirajgautam/Library/Developer/Xcode/DerivedData/Telegram-Mac-fygdgghdgmuleoelvxabfmqiotta/Build/Intermediates.noindex/GeneratedModuleMaps/StringTransliteration.modulemap -Xcc -fmodule-map-file\=/Users/buddhirajgautam/Library/Developer/Xcode/DerivedData/Telegram-Mac-fygdgghdgmuleoelvxabfmqiotta/Build/Intermediates.noindex/GeneratedModuleMaps/DarwinDirStat.modulemap -Xcc -fmodule-map-file\=/Users/buddhirajgautam/Library/Developer/Xcode/DerivedData/Telegram-Mac-fygdgghdgmuleoelvxabfmqiotta/Build/Intermediates.noindex/GeneratedModuleMaps/CryptoUtils.modulemap -Xcc -fmodule-map-file\=/Users/buddhirajgautam/Library/Developer/Xcode/DerivedData/Telegram-Mac-fygdgghdgmuleoelvxabfmqiotta/Build/Intermediates.noindex/GeneratedModuleMaps/Crc32.modulemap -DXcode -plugin-path /Applications/Xcode.app/Contents/Developer/Toolchains/XcodeDefault.xctoolchain/usr/lib/swift/host/plugins/testing -enable-experimental-feature DebugDescriptionMacro -sdk /Applications/Xcode.app/Contents/Developer/Platforms/MacOSX.platform/Developer/SDKs/MacOSX27.0.sdk -target arm64-apple-macos12.0 -g -module-cache-path /Users/buddhirajgautam/Library/Developer/Xcode/DerivedData/ModuleCache.noindex -Xfrontend -serialize-debugging-options -profile-coverage-mapping -profile-generate -enable-testing -index-store-path /Users/buddhirajgautam/Library/Developer/Xcode/DerivedData/Telegram-Mac-fygdgghdgmuleoelvxabfmqiotta/Index.noindex/DataStore -Xcc -D_LIBCPP_HARDENING_MODE\=_LIBCPP_HARDENING_MODE_DEBUG -swift-version 5 -I /Users/buddhirajgautam/Library/Developer/Xcode/DerivedData/Telegram-Mac-fygdgghdgmuleoelvxabfmqiotta/Build/Products/Debug -Isystem /Applications/Xcode.app/Contents/Developer/Platforms/MacOSX.platform/Developer/usr/lib -F /Users/buddhirajgautam/Library/Developer/Xcode/DerivedData/Telegram-Mac-fygdgghdgmuleoelvxabfmqiotta/Build/Products/Debug/PackageFrameworks -F /Users/buddhirajgautam/Library/Developer/Xcode/DerivedData/Telegram-Mac-fygdgghdgmuleoelvxabfmqiotta/Build/Products/Debug -F /Applications/Xcode.app/Contents/Developer/Platforms/MacOSX.platform/Developer/Library/Frameworks -c -j8 -enable-batch-mode -incremental -Xcc -ivfsstatcache -Xcc /Users/buddhirajgautam/Library/Developer/Xcode/DerivedData/SDKStatCaches.noindex/macosx27.0-26A425-e829b21a6f8c9b70876ba0858053c0447231f6df4def33e022ae2eb8f782df1a.sdkstatcache -output-file-map /Users/buddhirajgautam/Library/Developer/Xcode/DerivedData/Telegram-Mac-fygdgghdgmuleoelvxabfmqiotta/Build/Intermediates.noindex/Postbox.build/Debug/Postbox-t.build/Objects-normal/arm64/Postbox-OutputFileMap.json -save-temps -no-color-diagnostics -explicit-module-build -module-cache-path /Users/buddhirajgautam/Library/Developer/Xcode/DerivedData/Telegram-Mac-fygdgghdgmuleoelvxabfmqiotta/Build/Intermediates.noindex/SwiftExplicitPrecompiledModules -clang-scanner-module-cache-path /Users/buddhirajgautam/Library/Developer/Xcode/DerivedData/ModuleCache.noindex -sdk-module-cache-path /Users/buddhirajgautam/Library/Developer/Xcode/DerivedData/SDKExplicitPrecompiledModules -emit-dependencies -emit-module -emit-module-path /Users/buddhirajgautam/Library/Developer/Xcode/DerivedData/Telegram-Mac-fygdgghdgmuleoelvxabfmqiotta/Build/Intermediates.noindex/Postbox.build/Debug/Postbox-t.build/Objects-normal/arm64/Postbox.swiftmodule -serialize-diagnostics -dependency-scan-serialize-diagnostics-path /Users/buddhirajgautam/Library/Developer/Xcode/DerivedData/Telegram-Mac-fygdgghdgmuleoelvxabfmqiotta/Build/Intermediates.noindex/Postbox.build/Debug/Postbox-t.build/Objects-normal/arm64/Postbox-dependency-scan.dia -validate-clang-modules-once -clang-build-session-file /Users/buddhirajgautam/Library/Developer/Xcode/DerivedData/ModuleCache.noindex/Session.modulevalidation -Xcc -fmodules-prune-interval\=86400 -Xcc -fmodules-prune-after\=345600 -emit-const-values -const-gather-protocols-list /Users/buddhirajgautam/Library/Developer/Xcode/DerivedData/Telegram-Mac-fygdgghdgmuleoelvxabfmqiotta/Build/Intermediates.noindex/Postbox.build/Debug/Postbox-t.build/Objects-normal/arm64/Postbox_const_extract_protocols.json -Xcc -I/Users/buddhirajgautam/Documents/Cherrygram-Mac/macOS-Swift/submodules/telegram-ios/submodules/MurMurHash32/PublicHeaders -Xcc -I/Users/buddhirajgautam/Documents/Cherrygram-Mac/macOS-Swift/submodules/telegram-ios/submodules/sqlcipher/PublicHeaders -Xcc -I/Users/buddhirajgautam/Documents/Cherrygram-Mac/macOS-Swift/submodules/telegram-ios/submodules/StringTransliteration/PublicHeaders -Xcc -I/Users/buddhirajgautam/Documents/Cherrygram-Mac/macOS-Swift/submodules/telegram-ios/submodules/Utils/DarwinDirStat/PublicHeaders -Xcc -I/Users/buddhirajgautam/Documents/Cherrygram-Mac/macOS-Swift/submodules/telegram-ios/submodules/CryptoUtils/PublicHeaders -Xcc -I/Users/buddhirajgautam/Documents/Cherrygram-Mac/macOS-Swift/submodules/telegram-ios/submodules/Crc32/PublicHeaders -Xcc -I/Users/buddhirajgautam/Library/Developer/Xcode/DerivedData/Telegram-Mac-fygdgghdgmuleoelvxabfmqiotta/Build/Products/Debug/include -Xcc -I/Users/buddhirajgautam/Library/Developer/Xcode/DerivedData/Telegram-Mac-fygdgghdgmuleoelvxabfmqiotta/Build/Intermediates.noindex/Postbox.build/Debug/Postbox-t.build/DerivedSources-normal/arm64 -Xcc -I/Users/buddhirajgautam/Library/Developer/Xcode/DerivedData/Telegram-Mac-fygdgghdgmuleoelvxabfmqiotta/Build/Intermediates.noindex/Postbox.build/Debug/Postbox-t.build/DerivedSources/arm64 -Xcc -I/Users/buddhirajgautam/Library/Developer/Xcode/DerivedData/Telegram-Mac-fygdgghdgmuleoelvxabfmqiotta/Build/Intermediates.noindex/Postbox.build/Debug/Postbox-t.build/DerivedSources -Xcc -DSWIFT_PACKAGE -Xcc -DDEBUG\=1 -emit-objc-header -emit-objc-header-path /Users/buddhirajgautam/Library/Developer/Xcode/DerivedData/Telegram-Mac-fygdgghdgmuleoelvxabfmqiotta/Build/Intermediates.noindex/Postbox.build/Debug/Postbox-t.build/Objects-normal/arm64/Postbox-Swift.h -working-directory /Users/buddhirajgautam/Documents/Cherrygram-Mac/macOS-Swift -experimental-emit-module-separately -disable-cmo

SwiftCompile normal arm64 Compiling\ LocalMessageHistoryTagsTable.swift,\ LocalMessageTagsView.swift,\ MappedFile.swift,\ Media.swift,\ MediaBox.swift,\ MediaBoxFile.swift,\ MediaBoxFileContext.swift,\ MediaBoxFileContextV2Impl.swift,\ MediaBoxFileManager.swift,\ MediaBoxFileMap.swift,\ MediaResource.swift,\ MediaResourceStatus.swift,\ Message.swift,\ MessageCustomTagHoleIndexTable.swift,\ MessageCustomTagIdTable.swift,\ MessageCustomTagTable.swift,\ MessageCustomTagWithTagHoleIndexTable.swift,\ MessageCustomTagWithTagTable.swift,\ MessageGloballyUniqueIdTable.swift,\ MessageGroupView.swift,\ MessageHistoryAnchorIndex.swift,\ MessageHistoryFailedTable.swift,\ MessageHistoryHoleIndexTable.swift,\ MessageHistoryHolesView.swift,\ MessageHistoryIndexTable.swift /Users/buddhirajgautam/Documents/Cherrygram-Mac/macOS-Swift/submodules/telegram-ios/submodules/Postbox/Sources/LocalMessageHistoryTagsTable.swift /Users/buddhirajgautam/Documents/Cherrygram-Mac/macOS-Swift/submodules/telegram-ios/submodules/Postbox/Sources/LocalMessageTagsView.swift /Users/buddhirajgautam/Documents/Cherrygram-Mac/macOS-Swift/submodules/telegram-ios/submodules/Postbox/Sources/MappedFile.swift /Users/buddhirajgautam/Documents/Cherrygram-Mac/macOS-Swift/submodules/telegram-ios/submodules/Postbox/Sources/Media.swift /Users/buddhirajgautam/Documents/Cherrygram-Mac/macOS-Swift/submodules/telegram-ios/submodules/Postbox/Sources/MediaBox.swift /Users/buddhirajgautam/Documents/Cherrygram-Mac/macOS-Swift/submodules/telegram-ios/submodules/Postbox/Sources/MediaBoxFile.swift /Users/buddhirajgautam/Documents/Cherrygram-Mac/macOS-Swift/submodules/telegram-ios/submodules/Postbox/Sources/MediaBoxFileContext.swift /Users/buddhirajgautam/Documents/Cherrygram-Mac/macOS-Swift/submodules/telegram-ios/submodules/Postbox/Sources/MediaBoxFileContextV2Impl.swift /Users/buddhirajgautam/Documents/Cherrygram-Mac/macOS-Swift/submodules/telegram-ios/submodules/Postbox/Sources/MediaBoxFileManager.swift /Users/buddhirajgautam/Documents/Cherrygram-Mac/macOS-Swift/submodules/telegram-ios/submodules/Postbox/Sources/MediaBoxFileMap.swift /Users/buddhirajgautam/Documents/Cherrygram-Mac/macOS-Swift/submodules/telegram-ios/submodules/Postbox/Sources/MediaResource.swift /Users/buddhirajgautam/Documents/Cherrygram-Mac/macOS-Swift/submodules/telegram-ios/submodules/Postbox/Sources/MediaResourceStatus.swift /Users/buddhirajgautam/Documents/Cherrygram-Mac/macOS-Swift/submodules/telegram-ios/submodules/Postbox/Sources/Message.swift /Users/buddhirajgautam/Documents/Cherrygram-Mac/macOS-Swift/submodules/telegram-ios/submodules/Postbox/Sources/MessageCustomTagHoleIndexTable.swift /Users/buddhirajgautam/Documents/Cherrygram-Mac/macOS-Swift/submodules/telegram-ios/submodules/Postbox/Sources/MessageCustomTagIdTable.swift /Users/buddhirajgautam/Documents/Cherrygram-Mac/macOS-Swift/submodules/telegram-ios/submodules/Postbox/Sources/MessageCustomTagTable.swift /Users/buddhirajgautam/Documents/Cherrygram-Mac/macOS-Swift/submodules/telegram-ios/submodules/Postbox/Sources/MessageCustomTagWithTagHoleIndexTable.swift /Users/buddhirajgautam/Documents/Cherrygram-Mac/macOS-Swift/submodules/telegram-ios/submodules/Postbox/Sources/MessageCustomTagWithTagTable.swift /Users/buddhirajgautam/Documents/Cherrygram-Mac/macOS-Swift/submodules/telegram-ios/submodules/Postbox/Sources/MessageGloballyUniqueIdTable.swift /Users/buddhirajgautam/Documents/Cherrygram-Mac/macOS-Swift/submodules/telegram-ios/submodules/Postbox/Sources/MessageGroupView.swift /Users/buddhirajgautam/Documents/Cherrygram-Mac/macOS-Swift/submodules/telegram-ios/submodules/Postbox/Sources/MessageHistoryAnchorIndex.swift /Users/buddhirajgautam/Documents/Cherrygram-Mac/macOS-Swift/submodules/telegram-ios/submodules/Postbox/Sources/MessageHistoryFailedTable.swift /Users/buddhirajgautam/Documents/Cherrygram-Mac/macOS-Swift/submodules/telegram-ios/submodules/Postbox/Sources/MessageHistoryHoleIndexTable.swift /Users/buddhirajgautam/Documents/Cherrygram-Mac/macOS-Swift/submodules/telegram-ios/submodules/Postbox/Sources/MessageHistoryHolesView.swift /Users/buddhirajgautam/Documents/Cherrygram-Mac/macOS-Swift/submodules/telegram-ios/submodules/Postbox/Sources/MessageHistoryIndexTable.swift (in target 'Postbox' from project 'Postbox')

SwiftCompile normal arm64 /Users/buddhirajgautam/Documents/Cherrygram-Mac/macOS-Swift/submodules/telegram-ios/submodules/Postbox/Sources/LocalMessageHistoryTagsTable.swift (in target 'Postbox' from project 'Postbox')
    cd /Users/buddhirajgautam/Documents/Cherrygram-Mac/macOS-Swift
    builtin-SwiftPerFileCompile LocalMessageHistoryTagsTable.swift

SwiftCompile normal arm64 /Users/buddhirajgautam/Documents/Cherrygram-Mac/macOS-Swift/submodules/telegram-ios/submodules/Postbox/Sources/LocalMessageTagsView.swift (in target 'Postbox' from project 'Postbox')
    cd /Users/buddhirajgautam/Documents/Cherrygram-Mac/macOS-Swift
    builtin-SwiftPerFileCompile LocalMessageTagsView.swift

SwiftCompile normal arm64 /Users/buddhirajgautam/Documents/Cherrygram-Mac/macOS-Swift/submodules/telegram-ios/submodules/Postbox/Sources/MappedFile.swift (in target 'Postbox' from project 'Postbox')
    cd /Users/buddhirajgautam/Documents/Cherrygram-Mac/macOS-Swift
    builtin-SwiftPerFileCompile MappedFile.swift

SwiftCompile normal arm64 /Users/buddhirajgautam/Documents/Cherrygram-Mac/macOS-Swift/submodules/telegram-ios/submodules/Postbox/Sources/Media.swift (in target 'Postbox' from project 'Postbox')
    cd /Users/buddhirajgautam/Documents/Cherrygram-Mac/macOS-Swift
    builtin-SwiftPerFileCompile Media.swift

SwiftCompile normal arm64 /Users/buddhirajgautam/Documents/Cherrygram-Mac/macOS-Swift/submodules/telegram-ios/submodules/Postbox/Sources/MediaBox.swift (in target 'Postbox' from project 'Postbox')
    cd /Users/buddhirajgautam/Documents/Cherrygram-Mac/macOS-Swift
    builtin-SwiftPerFileCompile MediaBox.swift

SwiftCompile normal arm64 /Users/buddhirajgautam/Documents/Cherrygram-Mac/macOS-Swift/submodules/telegram-ios/submodules/Postbox/Sources/MediaBoxFile.swift (in target 'Postbox' from project 'Postbox')
    cd /Users/buddhirajgautam/Documents/Cherrygram-Mac/macOS-Swift
    builtin-SwiftPerFileCompile MediaBoxFile.swift

SwiftCompile normal arm64 /Users/buddhirajgautam/Documents/Cherrygram-Mac/macOS-Swift/submodules/telegram-ios/submodules/Postbox/Sources/MediaBoxFileContext.swift (in target 'Postbox' from project 'Postbox')
    cd /Users/buddhirajgautam/Documents/Cherrygram-Mac/macOS-Swift
    builtin-SwiftPerFileCompile MediaBoxFileContext.swift

SwiftCompile normal arm64 /Users/buddhirajgautam/Documents/Cherrygram-Mac/macOS-Swift/submodules/telegram-ios/submodules/Postbox/Sources/MediaBoxFileContextV2Impl.swift (in target 'Postbox' from project 'Postbox')
    cd /Users/buddhirajgautam/Documents/Cherrygram-Mac/macOS-Swift
    builtin-SwiftPerFileCompile MediaBoxFileContextV2Impl.swift

SwiftCompile normal arm64 /Users/buddhirajgautam/Documents/Cherrygram-Mac/macOS-Swift/submodules/telegram-ios/submodules/Postbox/Sources/MediaBoxFileManager.swift (in target 'Postbox' from project 'Postbox')
    cd /Users/buddhirajgautam/Documents/Cherrygram-Mac/macOS-Swift
    builtin-SwiftPerFileCompile MediaBoxFileManager.swift

SwiftCompile normal arm64 /Users/buddhirajgautam/Documents/Cherrygram-Mac/macOS-Swift/submodules/telegram-ios/submodules/Postbox/Sources/MediaBoxFileMap.swift (in target 'Postbox' from project 'Postbox')
    cd /Users/buddhirajgautam/Documents/Cherrygram-Mac/macOS-Swift
    builtin-SwiftPerFileCompile MediaBoxFileMap.swift

SwiftCompile normal arm64 /Users/buddhirajgautam/Documents/Cherrygram-Mac/macOS-Swift/submodules/telegram-ios/submodules/Postbox/Sources/MediaResource.swift (in target 'Postbox' from project 'Postbox')
    cd /Users/buddhirajgautam/Documents/Cherrygram-Mac/macOS-Swift
    builtin-SwiftPerFileCompile MediaResource.swift

SwiftCompile normal arm64 /Users/buddhirajgautam/Documents/Cherrygram-Mac/macOS-Swift/submodules/telegram-ios/submodules/Postbox/Sources/MediaResourceStatus.swift (in target 'Postbox' from project 'Postbox')
    cd /Users/buddhirajgautam/Documents/Cherrygram-Mac/macOS-Swift
    builtin-SwiftPerFileCompile MediaResourceStatus.swift

SwiftCompile normal arm64 /Users/buddhirajgautam/Documents/Cherrygram-Mac/macOS-Swift/submodules/telegram-ios/submodules/Postbox/Sources/Message.swift (in target 'Postbox' from project 'Postbox')
    cd /Users/buddhirajgautam/Documents/Cherrygram-Mac/macOS-Swift
    builtin-SwiftPerFileCompile Message.swift

SwiftCompile normal arm64 /Users/buddhirajgautam/Documents/Cherrygram-Mac/macOS-Swift/submodules/telegram-ios/submodules/Postbox/Sources/MessageCustomTagHoleIndexTable.swift (in target 'Postbox' from project 'Postbox')
    cd /Users/buddhirajgautam/Documents/Cherrygram-Mac/macOS-Swift
    builtin-SwiftPerFileCompile MessageCustomTagHoleIndexTable.swift

SwiftCompile normal arm64 /Users/buddhirajgautam/Documents/Cherrygram-Mac/macOS-Swift/submodules/telegram-ios/submodules/Postbox/Sources/MessageCustomTagIdTable.swift (in target 'Postbox' from project 'Postbox')
    cd /Users/buddhirajgautam/Documents/Cherrygram-Mac/macOS-Swift
    builtin-SwiftPerFileCompile MessageCustomTagIdTable.swift

SwiftCompile normal arm64 /Users/buddhirajgautam/Documents/Cherrygram-Mac/macOS-Swift/submodules/telegram-ios/submodules/Postbox/Sources/MessageCustomTagTable.swift (in target 'Postbox' from project 'Postbox')
    cd /Users/buddhirajgautam/Documents/Cherrygram-Mac/macOS-Swift
    builtin-SwiftPerFileCompile MessageCustomTagTable.swift

SwiftCompile normal arm64 /Users/buddhirajgautam/Documents/Cherrygram-Mac/macOS-Swift/submodules/telegram-ios/submodules/Postbox/Sources/MessageCustomTagWithTagHoleIndexTable.swift (in target 'Postbox' from project 'Postbox')
    cd /Users/buddhirajgautam/Documents/Cherrygram-Mac/macOS-Swift
    builtin-SwiftPerFileCompile MessageCustomTagWithTagHoleIndexTable.swift

SwiftCompile normal arm64 /Users/buddhirajgautam/Documents/Cherrygram-Mac/macOS-Swift/submodules/telegram-ios/submodules/Postbox/Sources/MessageCustomTagWithTagTable.swift (in target 'Postbox' from project 'Postbox')
    cd /Users/buddhirajgautam/Documents/Cherrygram-Mac/macOS-Swift
    builtin-SwiftPerFileCompile MessageCustomTagWithTagTable.swift

SwiftCompile normal arm64 /Users/buddhirajgautam/Documents/Cherrygram-Mac/macOS-Swift/submodules/telegram-ios/submodules/Postbox/Sources/MessageGloballyUniqueIdTable.swift (in target 'Postbox' from project 'Postbox')
    cd /Users/buddhirajgautam/Documents/Cherrygram-Mac/macOS-Swift
    builtin-SwiftPerFileCompile MessageGloballyUniqueIdTable.swift

SwiftCompile normal arm64 /Users/buddhirajgautam/Documents/Cherrygram-Mac/macOS-Swift/submodules/telegram-ios/submodules/Postbox/Sources/MessageGroupView.swift (in target 'Postbox' from project 'Postbox')
    cd /Users/buddhirajgautam/Documents/Cherrygram-Mac/macOS-Swift
    builtin-SwiftPerFileCompile MessageGroupView.swift

SwiftCompile normal arm64 /Users/buddhirajgautam/Documents/Cherrygram-Mac/macOS-Swift/submodules/telegram-ios/submodules/Postbox/Sources/MessageHistoryAnchorIndex.swift (in target 'Postbox' from project 'Postbox')
    cd /Users/buddhirajgautam/Documents/Cherrygram-Mac/macOS-Swift
    builtin-SwiftPerFileCompile MessageHistoryAnchorIndex.swift

SwiftCompile normal arm64 /Users/buddhirajgautam/Documents/Cherrygram-Mac/macOS-Swift/submodules/telegram-ios/submodules/Postbox/Sources/MessageHistoryFailedTable.swift (in target 'Postbox' from project 'Postbox')
    cd /Users/buddhirajgautam/Documents/Cherrygram-Mac/macOS-Swift
    builtin-SwiftPerFileCompile MessageHistoryFailedTable.swift

SwiftCompile normal arm64 /Users/buddhirajgautam/Documents/Cherrygram-Mac/macOS-Swift/submodules/telegram-ios/submodules/Postbox/Sources/MessageHistoryHoleIndexTable.swift (in target 'Postbox' from project 'Postbox')
    cd /Users/buddhirajgautam/Documents/Cherrygram-Mac/macOS-Swift
    builtin-SwiftPerFileCompile MessageHistoryHoleIndexTable.swift

SwiftCompile normal arm64 /Users/buddhirajgautam/Documents/Cherrygram-Mac/macOS-Swift/submodules/telegram-ios/submodules/Postbox/Sources/MessageHistoryHolesView.swift (in target 'Postbox' from project 'Postbox')
    cd /Users/buddhirajgautam/Documents/Cherrygram-Mac/macOS-Swift
    builtin-SwiftPerFileCompile MessageHistoryHolesView.swift

SwiftCompile normal arm64 /Users/buddhirajgautam/Documents/Cherrygram-Mac/macOS-Swift/submodules/telegram-ios/submodules/Postbox/Sources/MessageHistoryIndexTable.swift (in target 'Postbox' from project 'Postbox')
    cd /Users/buddhirajgautam/Documents/Cherrygram-Mac/macOS-Swift
    builtin-SwiftPerFileCompile MessageHistoryIndexTable.swift

/Users/buddhirajgautam/Documents/Cherrygram-Mac/macOS-Swift/submodules/telegram-ios/submodules/Postbox/Sources/MediaBox.swift:428:93: warning: 'weak' ownership of capture 'statusContext' differs from implicitly-captured strong reference in outer scope [#ImplicitStrongCapture]
 424 |                         if let statusUpdateDisposable = statusUpdateDisposable {
 425 |                             let statusQueue = self.statusQueue
 426 |                             self.dataQueue.async {
     |                                                  |- note: 'statusContext' implicitly strongly captured here
     |                                                  `- note: add 'statusContext' as a capture list item to silence
 427 |                                 if let (fileContext, releaseContext) = self.fileContext(for: resourceId) {
 428 |                                     let statusDisposable = fileContext.status(next: { [weak statusContext] value in
     |                                                                                             |- warning: 'weak' ownership of capture 'statusContext' differs from implicitly-captured strong reference in outer scope [#ImplicitStrongCapture]
     |                                                                                             `- note: explicitly assign the capture list item to silence
 429 |                                         statusQueue.async {
 430 |                                             if let current = self.statusContexts[resourceId], current === statusContext, current.status != value {

/Users/buddhirajgautam/Documents/Cherrygram-Mac/macOS-Swift/submodules/telegram-ios/submodules/Postbox/Sources/MediaBox.swift:437:59: warning: 'weak' ownership of capture 'statusContext' differs from implicitly-captured strong reference in outer scope [#ImplicitStrongCapture]
 424 |                         if let statusUpdateDisposable = statusUpdateDisposable {
 425 |                             let statusQueue = self.statusQueue
 426 |                             self.dataQueue.async {
     |                                                  |- note: 'statusContext' implicitly strongly captured here
     |                                                  `- note: add 'statusContext' as a capture list item to silence
 427 |                                 if let (fileContext, releaseContext) = self.fileContext(for: resourceId) {
 428 |                                     let statusDisposable = fileContext.status(next: { [weak statusContext] value in
     :
 435 |                                             }
 436 |                                         }
 437 |                                     }, completed: { [weak statusContext] in
     |                                                           |- warning: 'weak' ownership of capture 'statusContext' differs from implicitly-captured strong reference in outer scope [#ImplicitStrongCapture]
     |                                                           `- note: explicitly assign the capture list item to silence
 438 |                                         statusQueue.async {
 439 |                                             if let current = self.statusContexts[resourceId], current ===  statusContext {

/Users/buddhirajgautam/Documents/Cherrygram-Mac/macOS-Swift/submodules/telegram-ios/submodules/Postbox/Sources/MediaBox.swift:918:57: warning: 'weak' ownership of capture 'self' differs from implicitly-captured strong reference in outer scope [#ImplicitStrongCapture]
 902 |     
 903 |     public func keepResource(id: MediaResourceId) -> Signal<Never, NoError> {
 904 |         return Signal { subscriber in
     |                       |- note: 'self' implicitly strongly captured here
     |                       `- note: add 'self' as a capture list item to silence
 905 |             let disposable = MetaDisposable()
 906 |             
     :
 916 |                 let index = context.subscribers.add(Void())
 917 |                 
 918 |                 disposable.set(ActionDisposable { [weak self, weak context] in
     |                                                         |- warning: 'weak' ownership of capture 'self' differs from implicitly-captured strong reference in outer scope [#ImplicitStrongCapture]
     |                                                         `- note: explicitly assign the capture list item to silence
 919 |                     dataQueue.async {
 920 |                         guard let strongSelf = self, let context = context, let currentContext = strongSelf.keepResourceContexts[id], currentContext === context else {

/Users/buddhirajgautam/Documents/Cherrygram-Mac/macOS-Swift/submodules/telegram-ios/submodules/Postbox/Sources/MediaBox.swift:1076:85: warning: 'weak' ownership of capture 'self' differs from implicitly-captured strong reference in outer scope [#ImplicitStrongCapture]
 990 |     
 991 |     public func cachedResourceRepresentation(_ resource: MediaResource, representation: CachedMediaResourceRepresentation, pathExtension: String? = nil, complete: Bool, fetch: Bool = true, attemptSynchronously: Bool = false) -> Signal<MediaResourceData, NoError> {
 992 |         return Signal { subscriber in
     |                       |- note: 'self' implicitly strongly captured here
     |                       `- note: add 'self' as a capture list item to silence
 993 |             let disposable = MetaDisposable()
 994 |             
     :
1074 |                             }
1075 |                             |> deliverOn(self.dataQueue)
1076 |                             context.disposable.set(signal.startStrict(next: { [weak self, weak context] next in
     |                                                                                     |- warning: 'weak' ownership of capture 'self' differs from implicitly-captured strong reference in outer scope [#ImplicitStrongCapture]
     |                                                                                     `- note: explicitly assign the capture list item to silence
1077 |                                 guard let strongSelf = self else {
1078 |                                     return

/Users/buddhirajgautam/Documents/Cherrygram-Mac/macOS-Swift/submodules/telegram-ios/submodules/Postbox/Sources/MediaBox.swift:1259:85: warning: 'weak' ownership of capture 'self' differs from implicitly-captured strong reference in outer scope [#ImplicitStrongCapture]
1173 | 
1174 |     public func customResourceData(id: String, baseResourceId: String?, pathExtension: String?, complete: Bool, fetch: (() -> Signal<CachedMediaResourceRepresentationResult, NoError>)?, keepDuration: CachedMediaRepresentationKeepDuration, attemptSynchronously: Bool) -> Signal<MediaResourceData, NoError> {
1175 |         return Signal { subscriber in
     |                       |- note: 'self' implicitly strongly captured here
     |                       `- note: add 'self' as a capture list item to silence
1176 |             let disposable = MetaDisposable()
1177 | 
     :
1257 |                             let signal = fetch()
1258 |                             |> deliverOn(self.dataQueue)
1259 |                             context.disposable.set(signal.startStrict(next: { [weak self, weak context] next in
     |                                                                                     |- warning: 'weak' ownership of capture 'self' differs from implicitly-captured strong reference in outer scope [#ImplicitStrongCapture]
     |                                                                                     `- note: explicitly assign the capture list item to silence
1260 |                                 guard let strongSelf = self else {
1261 |                                     return

[#ImplicitStrongCapture]: <https://docs.swift.org/compiler/documentation/diagnostics/implicit-strong-capture>
SwiftMergeGeneratedHeaders /Users/buddhirajgautam/Library/Developer/Xcode/DerivedData/Telegram-Mac-fygdgghdgmuleoelvxabfmqiotta/Build/Intermediates.noindex/GeneratedModuleMaps/Postbox-Swift.h /Users/buddhirajgautam/Library/Developer/Xcode/DerivedData/Telegram-Mac-fygdgghdgmuleoelvxabfmqiotta/Build/Intermediates.noindex/Postbox.build/Debug/Postbox-t.build/Objects-normal/arm64/Postbox-Swift.h (in target 'Postbox' from project 'Postbox')
    cd /Users/buddhirajgautam/Documents/Cherrygram-Mac/macOS-Swift/submodules/telegram-ios/submodules/Postbox
    builtin-swiftHeaderTool -arch arm64 /Users/buddhirajgautam/Library/Developer/Xcode/DerivedData/Telegram-Mac-fygdgghdgmuleoelvxabfmqiotta/Build/Intermediates.noindex/Postbox.build/Debug/Postbox-t.build/Objects-normal/arm64/Postbox-Swift.h -o /Users/buddhirajgautam/Library/Developer/Xcode/DerivedData/Telegram-Mac-fygdgghdgmuleoelvxabfmqiotta/Build/Intermediates.noindex/GeneratedModuleMaps/Postbox-Swift.h

Copy /Users/buddhirajgautam/Library/Developer/Xcode/DerivedData/Telegram-Mac-fygdgghdgmuleoelvxabfmqiotta/Build/Products/Debug/Postbox.swiftmodule/arm64-apple-macos.swiftmodule /Users/buddhirajgautam/Library/Developer/Xcode/DerivedData/Telegram-Mac-fygdgghdgmuleoelvxabfmqiotta/Build/Intermediates.noindex/Postbox.build/Debug/Postbox-t.build/Objects-normal/arm64/Postbox.swiftmodule (in target 'Postbox' from project 'Postbox')
    cd /Users/buddhirajgautam/Documents/Cherrygram-Mac/macOS-Swift/submodules/telegram-ios/submodules/Postbox
    builtin-copy -exclude .DS_Store -exclude CVS -exclude .svn -exclude .git -exclude .hg -resolve-src-symlinks -rename /Users/buddhirajgautam/Library/Developer/Xcode/DerivedData/Telegram-Mac-fygdgghdgmuleoelvxabfmqiotta/Build/Intermediates.noindex/Postbox.build/Debug/Postbox-t.build/Objects-normal/arm64/Postbox.swiftmodule /Users/buddhirajgautam/Library/Developer/Xcode/DerivedData/Telegram-Mac-fygdgghdgmuleoelvxabfmqiotta/Build/Products/Debug/Postbox.swiftmodule/arm64-apple-macos.swiftmodule

Copy /Users/buddhirajgautam/Library/Developer/Xcode/DerivedData/Telegram-Mac-fygdgghdgmuleoelvxabfmqiotta/Build/Products/Debug/Postbox.swiftmodule/arm64-apple-macos.swiftdoc /Users/buddhirajgautam/Library/Developer/Xcode/DerivedData/Telegram-Mac-fygdgghdgmuleoelvxabfmqiotta/Build/Intermediates.noindex/Postbox.build/Debug/Postbox-t.build/Objects-normal/arm64/Postbox.swiftdoc (in target 'Postbox' from project 'Postbox')
    cd /Users/buddhirajgautam/Documents/Cherrygram-Mac/macOS-Swift/submodules/telegram-ios/submodules/Postbox
    builtin-copy -exclude .DS_Store -exclude CVS -exclude .svn -exclude .git -exclude .hg -resolve-src-symlinks -rename /Users/buddhirajgautam/Library/Developer/Xcode/DerivedData/Telegram-Mac-fygdgghdgmuleoelvxabfmqiotta/Build/Intermediates.noindex/Postbox.build/Debug/Postbox-t.build/Objects-normal/arm64/Postbox.swiftdoc /Users/buddhirajgautam/Library/Developer/Xcode/DerivedData/Telegram-Mac-fygdgghdgmuleoelvxabfmqiotta/Build/Products/Debug/Postbox.swiftmodule/arm64-apple-macos.swiftdoc

Copy /Users/buddhirajgautam/Library/Developer/Xcode/DerivedData/Telegram-Mac-fygdgghdgmuleoelvxabfmqiotta/Build/Products/Debug/Postbox.swiftmodule/arm64-apple-macos.abi.json /Users/buddhirajgautam/Library/Developer/Xcode/DerivedData/Telegram-Mac-fygdgghdgmuleoelvxabfmqiotta/Build/Intermediates.noindex/Postbox.build/Debug/Postbox-t.build/Objects-normal/arm64/Postbox.abi.json (in target 'Postbox' from project 'Postbox')
    cd /Users/buddhirajgautam/Documents/Cherrygram-Mac/macOS-Swift/submodules/telegram-ios/submodules/Postbox
    builtin-copy -exclude .DS_Store -exclude CVS -exclude .svn -exclude .git -exclude .hg -resolve-src-symlinks -rename /Users/buddhirajgautam/Library/Developer/Xcode/DerivedData/Telegram-Mac-fygdgghdgmuleoelvxabfmqiotta/Build/Intermediates.noindex/Postbox.build/Debug/Postbox-t.build/Objects-normal/arm64/Postbox.abi.json /Users/buddhirajgautam/Library/Developer/Xcode/DerivedData/Telegram-Mac-fygdgghdgmuleoelvxabfmqiotta/Build/Products/Debug/Postbox.swiftmodule/arm64-apple-macos.abi.json

Copy /Users/buddhirajgautam/Library/Developer/Xcode/DerivedData/Telegram-Mac-fygdgghdgmuleoelvxabfmqiotta/Build/Products/Debug/Postbox.swiftmodule/Project/arm64-apple-macos.swiftsourceinfo /Users/buddhirajgautam/Library/Developer/Xcode/DerivedData/Telegram-Mac-fygdgghdgmuleoelvxabfmqiotta/Build/Intermediates.noindex/Postbox.build/Debug/Postbox-t.build/Objects-normal/arm64/Postbox.swiftsourceinfo (in target 'Postbox' from project 'Postbox')
    cd /Users/buddhirajgautam/Documents/Cherrygram-Mac/macOS-Swift/submodules/telegram-ios/submodules/Postbox
    builtin-copy -exclude .DS_Store -exclude CVS -exclude .svn -exclude .git -exclude .hg -resolve-src-symlinks -rename /Users/buddhirajgautam/Library/Developer/Xcode/DerivedData/Telegram-Mac-fygdgghdgmuleoelvxabfmqiotta/Build/Intermediates.noindex/Postbox.build/Debug/Postbox-t.build/Objects-normal/arm64/Postbox.swiftsourceinfo /Users/buddhirajgautam/Library/Developer/Xcode/DerivedData/Telegram-Mac-fygdgghdgmuleoelvxabfmqiotta/Build/Products/Debug/Postbox.swiftmodule/Project/arm64-apple-macos.swiftsourceinfo

SwiftCompile normal arm64 Compiling\ MessageHistoryMetadataTable.swift,\ MessageHistoryOperation.swift,\ MessageHistoryReadStateTable.swift,\ MessageHistorySavedMessagesIndexView.swift,\ MessageHistorySavedMessagesStatsView.swift,\ MessageHistorySynchronizeReadStateTable.swift,\ MessageHistoryTable.swift,\ MessageHistoryTagSummaryView.swift,\ MessageHistoryTagsSummaryTable.swift,\ MessageHistoryTagsTable.swift,\ MessageHistoryTextIndexTable.swift,\ MessageHistoryThreadHoleIndexTable.swift,\ MessageHistoryThreadIndexView.swift,\ MessageHistoryThreadsTable.swift,\ MessageHistoryUnsentTable.swift,\ MessageHistoryView.swift,\ MessageHistoryViewEntryAttributes.swift,\ MessageHistoryViewState.swift,\ MessageMediaTable.swift,\ MessageOfInterestHolesView.swift,\ MessageThreadIndexTable.swift,\ MessageView.swift,\ MessagesView.swift,\ MetadataTable.swift /Users/buddhirajgautam/Documents/Cherrygram-Mac/macOS-Swift/submodules/telegram-ios/submodules/Postbox/Sources/MessageHistoryMetadataTable.swift /Users/buddhirajgautam/Documents/Cherrygram-Mac/macOS-Swift/submodules/telegram-ios/submodules/Postbox/Sources/MessageHistoryOperation.swift /Users/buddhirajgautam/Documents/Cherrygram-Mac/macOS-Swift/submodules/telegram-ios/submodules/Postbox/Sources/MessageHistoryReadStateTable.swift /Users/buddhirajgautam/Documents/Cherrygram-Mac/macOS-Swift/submodules/telegram-ios/submodules/Postbox/Sources/MessageHistorySavedMessagesIndexView.swift /Users/buddhirajgautam/Documents/Cherrygram-Mac/macOS-Swift/submodules/telegram-ios/submodules/Postbox/Sources/MessageHistorySavedMessagesStatsView.swift /Users/buddhirajgautam/Documents/Cherrygram-Mac/macOS-Swift/submodules/telegram-ios/submodules/Postbox/Sources/MessageHistorySynchronizeReadStateTable.swift /Users/buddhirajgautam/Documents/Cherrygram-Mac/macOS-Swift/submodules/telegram-ios/submodules/Postbox/Sources/MessageHistoryTable.swift /Users/buddhirajgautam/Documents/Cherrygram-Mac/macOS-Swift/submodules/telegram-ios/submodules/Postbox/Sources/MessageHistoryTagSummaryView.swift /Users/buddhirajgautam/Documents/Cherrygram-Mac/macOS-Swift/submodules/telegram-ios/submodules/Postbox/Sources/MessageHistoryTagsSummaryTable.swift /Users/buddhirajgautam/Documents/Cherrygram-Mac/macOS-Swift/submodules/telegram-ios/submodules/Postbox/Sources/MessageHistoryTagsTable.swift /Users/buddhirajgautam/Documents/Cherrygram-Mac/macOS-Swift/submodules/telegram-ios/submodules/Postbox/Sources/MessageHistoryTextIndexTable.swift /Users/buddhirajgautam/Documents/Cherrygram-Mac/macOS-Swift/submodules/telegram-ios/submodules/Postbox/Sources/MessageHistoryThreadHoleIndexTable.swift /Users/buddhirajgautam/Documents/Cherrygram-Mac/macOS-Swift/submodules/telegram-ios/submodules/Postbox/Sources/MessageHistoryThreadIndexView.swift /Users/buddhirajgautam/Documents/Cherrygram-Mac/macOS-Swift/submodules/telegram-ios/submodules/Postbox/Sources/MessageHistoryThreadsTable.swift /Users/buddhirajgautam/Documents/Cherrygram-Mac/macOS-Swift/submodules/telegram-ios/submodules/Postbox/Sources/MessageHistoryUnsentTable.swift /Users/buddhirajgautam/Documents/Cherrygram-Mac/macOS-Swift/submodules/telegram-ios/submodules/Postbox/Sources/MessageHistoryView.swift /Users/buddhirajgautam/Documents/Cherrygram-Mac/macOS-Swift/submodules/telegram-ios/submodules/Postbox/Sources/MessageHistoryViewEntryAttributes.swift /Users/buddhirajgautam/Documents/Cherrygram-Mac/macOS-Swift/submodules/telegram-ios/submodules/Postbox/Sources/MessageHistoryViewState.swift /Users/buddhirajgautam/Documents/Cherrygram-Mac/macOS-Swift/submodules/telegram-ios/submodules/Postbox/Sources/MessageMediaTable.swift /Users/buddhirajgautam/Documents/Cherrygram-Mac/macOS-Swift/submodules/telegram-ios/submodules/Postbox/Sources/MessageOfInterestHolesView.swift /Users/buddhirajgautam/Documents/Cherrygram-Mac/macOS-Swift/submodules/telegram-ios/submodules/Postbox/Sources/MessageThreadIndexTable.swift /Users/buddhirajgautam/Documents/Cherrygram-Mac/macOS-Swift/submodules/telegram-ios/submodules/Postbox/Sources/MessageView.swift /Users/buddhirajgautam/Documents/Cherrygram-Mac/macOS-Swift/submodules/telegram-ios/submodules/Postbox/Sources/MessagesView.swift /Users/buddhirajgautam/Documents/Cherrygram-Mac/macOS-Swift/submodules/telegram-ios/submodules/Postbox/Sources/MetadataTable.swift (in target 'Postbox' from project 'Postbox')

SwiftCompile normal arm64 /Users/buddhirajgautam/Documents/Cherrygram-Mac/macOS-Swift/submodules/telegram-ios/submodules/Postbox/Sources/MessageHistoryMetadataTable.swift (in target 'Postbox' from project 'Postbox')
    cd /Users/buddhirajgautam/Documents/Cherrygram-Mac/macOS-Swift
    builtin-SwiftPerFileCompile MessageHistoryMetadataTable.swift

SwiftCompile normal arm64 /Users/buddhirajgautam/Documents/Cherrygram-Mac/macOS-Swift/submodules/telegram-ios/submodules/Postbox/Sources/MessageHistoryOperation.swift (in target 'Postbox' from project 'Postbox')
    cd /Users/buddhirajgautam/Documents/Cherrygram-Mac/macOS-Swift
    builtin-SwiftPerFileCompile MessageHistoryOperation.swift

SwiftCompile normal arm64 /Users/buddhirajgautam/Documents/Cherrygram-Mac/macOS-Swift/submodules/telegram-ios/submodules/Postbox/Sources/MessageHistoryReadStateTable.swift (in target 'Postbox' from project 'Postbox')
    cd /Users/buddhirajgautam/Documents/Cherrygram-Mac/macOS-Swift
    builtin-SwiftPerFileCompile MessageHistoryReadStateTable.swift

SwiftCompile normal arm64 /Users/buddhirajgautam/Documents/Cherrygram-Mac/macOS-Swift/submodules/telegram-ios/submodules/Postbox/Sources/MessageHistorySavedMessagesIndexView.swift (in target 'Postbox' from project 'Postbox')
    cd /Users/buddhirajgautam/Documents/Cherrygram-Mac/macOS-Swift
    builtin-SwiftPerFileCompile MessageHistorySavedMessagesIndexView.swift

SwiftCompile normal arm64 /Users/buddhirajgautam/Documents/Cherrygram-Mac/macOS-Swift/submodules/telegram-ios/submodules/Postbox/Sources/MessageHistorySavedMessagesStatsView.swift (in target 'Postbox' from project 'Postbox')
    cd /Users/buddhirajgautam/Documents/Cherrygram-Mac/macOS-Swift
    builtin-SwiftPerFileCompile MessageHistorySavedMessagesStatsView.swift

SwiftCompile normal arm64 /Users/buddhirajgautam/Documents/Cherrygram-Mac/macOS-Swift/submodules/telegram-ios/submodules/Postbox/Sources/MessageHistorySynchronizeReadStateTable.swift (in target 'Postbox' from project 'Postbox')
    cd /Users/buddhirajgautam/Documents/Cherrygram-Mac/macOS-Swift
    builtin-SwiftPerFileCompile MessageHistorySynchronizeReadStateTable.swift

SwiftCompile normal arm64 /Users/buddhirajgautam/Documents/Cherrygram-Mac/macOS-Swift/submodules/telegram-ios/submodules/Postbox/Sources/MessageHistoryTable.swift (in target 'Postbox' from project 'Postbox')
    cd /Users/buddhirajgautam/Documents/Cherrygram-Mac/macOS-Swift
    builtin-SwiftPerFileCompile MessageHistoryTable.swift

SwiftCompile normal arm64 /Users/buddhirajgautam/Documents/Cherrygram-Mac/macOS-Swift/submodules/telegram-ios/submodules/Postbox/Sources/MessageHistoryTagSummaryView.swift (in target 'Postbox' from project 'Postbox')
    cd /Users/buddhirajgautam/Documents/Cherrygram-Mac/macOS-Swift
    builtin-SwiftPerFileCompile MessageHistoryTagSummaryView.swift

SwiftCompile normal arm64 /Users/buddhirajgautam/Documents/Cherrygram-Mac/macOS-Swift/submodules/telegram-ios/submodules/Postbox/Sources/MessageHistoryTagsSummaryTable.swift (in target 'Postbox' from project 'Postbox')
    cd /Users/buddhirajgautam/Documents/Cherrygram-Mac/macOS-Swift
    builtin-SwiftPerFileCompile MessageHistoryTagsSummaryTable.swift

SwiftCompile normal arm64 /Users/buddhirajgautam/Documents/Cherrygram-Mac/macOS-Swift/submodules/telegram-ios/submodules/Postbox/Sources/MessageHistoryTagsTable.swift (in target 'Postbox' from project 'Postbox')
    cd /Users/buddhirajgautam/Documents/Cherrygram-Mac/macOS-Swift
    builtin-SwiftPerFileCompile MessageHistoryTagsTable.swift

SwiftCompile normal arm64 /Users/buddhirajgautam/Documents/Cherrygram-Mac/macOS-Swift/submodules/telegram-ios/submodules/Postbox/Sources/MessageHistoryTextIndexTable.swift (in target 'Postbox' from project 'Postbox')
    cd /Users/buddhirajgautam/Documents/Cherrygram-Mac/macOS-Swift
    builtin-SwiftPerFileCompile MessageHistoryTextIndexTable.swift

SwiftCompile normal arm64 /Users/buddhirajgautam/Documents/Cherrygram-Mac/macOS-Swift/submodules/telegram-ios/submodules/Postbox/Sources/MessageHistoryThreadHoleIndexTable.swift (in target 'Postbox' from project 'Postbox')
    cd /Users/buddhirajgautam/Documents/Cherrygram-Mac/macOS-Swift
    builtin-SwiftPerFileCompile MessageHistoryThreadHoleIndexTable.swift

SwiftCompile normal arm64 /Users/buddhirajgautam/Documents/Cherrygram-Mac/macOS-Swift/submodules/telegram-ios/submodules/Postbox/Sources/MessageHistoryThreadIndexView.swift (in target 'Postbox' from project 'Postbox')
    cd /Users/buddhirajgautam/Documents/Cherrygram-Mac/macOS-Swift
    builtin-SwiftPerFileCompile MessageHistoryThreadIndexView.swift

SwiftCompile normal arm64 /Users/buddhirajgautam/Documents/Cherrygram-Mac/macOS-Swift/submodules/telegram-ios/submodules/Postbox/Sources/MessageHistoryThreadsTable.swift (in target 'Postbox' from project 'Postbox')
    cd /Users/buddhirajgautam/Documents/Cherrygram-Mac/macOS-Swift
    builtin-SwiftPerFileCompile MessageHistoryThreadsTable.swift

SwiftCompile normal arm64 /Users/buddhirajgautam/Documents/Cherrygram-Mac/macOS-Swift/submodules/telegram-ios/submodules/Postbox/Sources/MessageHistoryUnsentTable.swift (in target 'Postbox' from project 'Postbox')
    cd /Users/buddhirajgautam/Documents/Cherrygram-Mac/macOS-Swift
    builtin-SwiftPerFileCompile MessageHistoryUnsentTable.swift

SwiftCompile normal arm64 /Users/buddhirajgautam/Documents/Cherrygram-Mac/macOS-Swift/submodules/telegram-ios/submodules/Postbox/Sources/MessageHistoryView.swift (in target 'Postbox' from project 'Postbox')
    cd /Users/buddhirajgautam/Documents/Cherrygram-Mac/macOS-Swift
    builtin-SwiftPerFileCompile MessageHistoryView.swift

SwiftCompile normal arm64 /Users/buddhirajgautam/Documents/Cherrygram-Mac/macOS-Swift/submodules/telegram-ios/submodules/Postbox/Sources/MessageHistoryViewEntryAttributes.swift (in target 'Postbox' from project 'Postbox')
    cd /Users/buddhirajgautam/Documents/Cherrygram-Mac/macOS-Swift
    builtin-SwiftPerFileCompile MessageHistoryViewEntryAttributes.swift

SwiftCompile normal arm64 /Users/buddhirajgautam/Documents/Cherrygram-Mac/macOS-Swift/submodules/telegram-ios/submodules/Postbox/Sources/MessageHistoryViewState.swift (in target 'Postbox' from project 'Postbox')
    cd /Users/buddhirajgautam/Documents/Cherrygram-Mac/macOS-Swift
    builtin-SwiftPerFileCompile MessageHistoryViewState.swift

SwiftCompile normal arm64 /Users/buddhirajgautam/Documents/Cherrygram-Mac/macOS-Swift/submodules/telegram-ios/submodules/Postbox/Sources/MessageMediaTable.swift (in target 'Postbox' from project 'Postbox')
    cd /Users/buddhirajgautam/Documents/Cherrygram-Mac/macOS-Swift
    builtin-SwiftPerFileCompile MessageMediaTable.swift

SwiftCompile normal arm64 /Users/buddhirajgautam/Documents/Cherrygram-Mac/macOS-Swift/submodules/telegram-ios/submodules/Postbox/Sources/MessageOfInterestHolesView.swift (in target 'Postbox' from project 'Postbox')
    cd /Users/buddhirajgautam/Documents/Cherrygram-Mac/macOS-Swift
    builtin-SwiftPerFileCompile MessageOfInterestHolesView.swift

SwiftCompile normal arm64 /Users/buddhirajgautam/Documents/Cherrygram-Mac/macOS-Swift/submodules/telegram-ios/submodules/Postbox/Sources/MessageThreadIndexTable.swift (in target 'Postbox' from project 'Postbox')
    cd /Users/buddhirajgautam/Documents/Cherrygram-Mac/macOS-Swift
    builtin-SwiftPerFileCompile MessageThreadIndexTable.swift

SwiftCompile normal arm64 /Users/buddhirajgautam/Documents/Cherrygram-Mac/macOS-Swift/submodules/telegram-ios/submodules/Postbox/Sources/MessageView.swift (in target 'Postbox' from project 'Postbox')
    cd /Users/buddhirajgautam/Documents/Cherrygram-Mac/macOS-Swift
    builtin-SwiftPerFileCompile MessageView.swift

SwiftCompile normal arm64 /Users/buddhirajgautam/Documents/Cherrygram-Mac/macOS-Swift/submodules/telegram-ios/submodules/Postbox/Sources/MessagesView.swift (in target 'Postbox' from project 'Postbox')
    cd /Users/buddhirajgautam/Documents/Cherrygram-Mac/macOS-Swift
    builtin-SwiftPerFileCompile MessagesView.swift

SwiftCompile normal arm64 /Users/buddhirajgautam/Documents/Cherrygram-Mac/macOS-Swift/submodules/telegram-ios/submodules/Postbox/Sources/MetadataTable.swift (in target 'Postbox' from project 'Postbox')
    cd /Users/buddhirajgautam/Documents/Cherrygram-Mac/macOS-Swift
    builtin-SwiftPerFileCompile MetadataTable.swift

SwiftCompile normal arm64 Compiling\ TempBox.swift,\ TimeBasedCleanup.swift,\ TimestampBasedMessageAttributesIndexTable.swift,\ TimestampBasedMessageAttributesTable.swift,\ TimestampBasedMessageAttributesView.swift,\ TopChatMessageView.swift,\ UnorderedItemListTable.swift,\ UnreadMessageCountsView.swift,\ UnsentMessageHistoryView.swift,\ UnsentMessageIndicesView.swift,\ Upgrades.swift,\ AdaptedPostboxDecoder.swift,\ AdaptedPostboxKeyedDecodingContainer.swift,\ AdaptedPostboxSingleValueDecodingContainer.swift,\ AdaptedPostboxUnkeyedDecodingContainer.swift,\ AdaptedPostboxEncoder.swift,\ AdaptedPostboxKeyedEncodingContainer.swift,\ AdaptedPostboxSingleValueEncodingContainer.swift,\ AdaptedPostboxUnkeyedEncodingContainer.swift,\ PostboxCodingAdapter.swift,\ ValueBox.swift,\ ValueBoxKey.swift,\ ViewTracker.swift,\ Views.swift /Users/buddhirajgautam/Documents/Cherrygram-Mac/macOS-Swift/submodules/telegram-ios/submodules/Postbox/Sources/TempBox.swift /Users/buddhirajgautam/Documents/Cherrygram-Mac/macOS-Swift/submodules/telegram-ios/submodules/Postbox/Sources/TimeBasedCleanup.swift /Users/buddhirajgautam/Documents/Cherrygram-Mac/macOS-Swift/submodules/telegram-ios/submodules/Postbox/Sources/TimestampBasedMessageAttributesIndexTable.swift /Users/buddhirajgautam/Documents/Cherrygram-Mac/macOS-Swift/submodules/telegram-ios/submodules/Postbox/Sources/TimestampBasedMessageAttributesTable.swift /Users/buddhirajgautam/Documents/Cherrygram-Mac/macOS-Swift/submodules/telegram-ios/submodules/Postbox/Sources/TimestampBasedMessageAttributesView.swift /Users/buddhirajgautam/Documents/Cherrygram-Mac/macOS-Swift/submodules/telegram-ios/submodules/Postbox/Sources/TopChatMessageView.swift /Users/buddhirajgautam/Documents/Cherrygram-Mac/macOS-Swift/submodules/telegram-ios/submodules/Postbox/Sources/UnorderedItemListTable.swift /Users/buddhirajgautam/Documents/Cherrygram-Mac/macOS-Swift/submodules/telegram-ios/submodules/Postbox/Sources/UnreadMessageCountsView.swift /Users/buddhirajgautam/Documents/Cherrygram-Mac/macOS-Swift/submodules/telegram-ios/submodules/Postbox/Sources/UnsentMessageHistoryView.swift /Users/buddhirajgautam/Documents/Cherrygram-Mac/macOS-Swift/submodules/telegram-ios/submodules/Postbox/Sources/UnsentMessageIndicesView.swift /Users/buddhirajgautam/Documents/Cherrygram-Mac/macOS-Swift/submodules/telegram-ios/submodules/Postbox/Sources/Upgrades.swift /Users/buddhirajgautam/Documents/Cherrygram-Mac/macOS-Swift/submodules/telegram-ios/submodules/Postbox/Sources/Utils/Decoder/AdaptedPostboxDecoder.swift /Users/buddhirajgautam/Documents/Cherrygram-Mac/macOS-Swift/submodules/telegram-ios/submodules/Postbox/Sources/Utils/Decoder/AdaptedPostboxKeyedDecodingContainer.swift /Users/buddhirajgautam/Documents/Cherrygram-Mac/macOS-Swift/submodules/telegram-ios/submodules/Postbox/Sources/Utils/Decoder/AdaptedPostboxSingleValueDecodingContainer.swift /Users/buddhirajgautam/Documents/Cherrygram-Mac/macOS-Swift/submodules/telegram-ios/submodules/Postbox/Sources/Utils/Decoder/AdaptedPostboxUnkeyedDecodingContainer.swift /Users/buddhirajgautam/Documents/Cherrygram-Mac/macOS-Swift/submodules/telegram-ios/submodules/Postbox/Sources/Utils/Encoder/AdaptedPostboxEncoder.swift /Users/buddhirajgautam/Documents/Cherrygram-Mac/macOS-Swift/submodules/telegram-ios/submodules/Postbox/Sources/Utils/Encoder/AdaptedPostboxKeyedEncodingContainer.swift /Users/buddhirajgautam/Documents/Cherrygram-Mac/macOS-Swift/submodules/telegram-ios/submodules/Postbox/Sources/Utils/Encoder/AdaptedPostboxSingleValueEncodingContainer.swift /Users/buddhirajgautam/Documents/Cherrygram-Mac/macOS-Swift/submodules/telegram-ios/submodules/Postbox/Sources/Utils/Encoder/AdaptedPostboxUnkeyedEncodingContainer.swift /Users/buddhirajgautam/Documents/Cherrygram-Mac/macOS-Swift/submodules/telegram-ios/submodules/Postbox/Sources/Utils/PostboxCodingAdapter.swift /Users/buddhirajgautam/Documents/Cherrygram-Mac/macOS-Swift/submodules/telegram-ios/submodules/Postbox/Sources/ValueBox.swift /Users/buddhirajgautam/Documents/Cherrygram-Mac/macOS-Swift/submodules/telegram-ios/submodules/Postbox/Sources/ValueBoxKey.swift /Users/buddhirajgautam/Documents/Cherrygram-Mac/macOS-Swift/submodules/telegram-ios/submodules/Postbox/Sources/ViewTracker.swift /Users/buddhirajgautam/Documents/Cherrygram-Mac/macOS-Swift/submodules/telegram-ios/submodules/Postbox/Sources/Views.swift (in target 'Postbox' from project 'Postbox')

SwiftCompile normal arm64 /Users/buddhirajgautam/Documents/Cherrygram-Mac/macOS-Swift/submodules/telegram-ios/submodules/Postbox/Sources/TempBox.swift (in target 'Postbox' from project 'Postbox')
    cd /Users/buddhirajgautam/Documents/Cherrygram-Mac/macOS-Swift
    builtin-SwiftPerFileCompile TempBox.swift

SwiftCompile normal arm64 /Users/buddhirajgautam/Documents/Cherrygram-Mac/macOS-Swift/submodules/telegram-ios/submodules/Postbox/Sources/TimeBasedCleanup.swift (in target 'Postbox' from project 'Postbox')
    cd /Users/buddhirajgautam/Documents/Cherrygram-Mac/macOS-Swift
    builtin-SwiftPerFileCompile TimeBasedCleanup.swift

SwiftCompile normal arm64 /Users/buddhirajgautam/Documents/Cherrygram-Mac/macOS-Swift/submodules/telegram-ios/submodules/Postbox/Sources/TimestampBasedMessageAttributesIndexTable.swift (in target 'Postbox' from project 'Postbox')
    cd /Users/buddhirajgautam/Documents/Cherrygram-Mac/macOS-Swift
    builtin-SwiftPerFileCompile TimestampBasedMessageAttributesIndexTable.swift

SwiftCompile normal arm64 /Users/buddhirajgautam/Documents/Cherrygram-Mac/macOS-Swift/submodules/telegram-ios/submodules/Postbox/Sources/TimestampBasedMessageAttributesTable.swift (in target 'Postbox' from project 'Postbox')
    cd /Users/buddhirajgautam/Documents/Cherrygram-Mac/macOS-Swift
    builtin-SwiftPerFileCompile TimestampBasedMessageAttributesTable.swift

SwiftCompile normal arm64 /Users/buddhirajgautam/Documents/Cherrygram-Mac/macOS-Swift/submodules/telegram-ios/submodules/Postbox/Sources/TimestampBasedMessageAttributesView.swift (in target 'Postbox' from project 'Postbox')
    cd /Users/buddhirajgautam/Documents/Cherrygram-Mac/macOS-Swift
    builtin-SwiftPerFileCompile TimestampBasedMessageAttributesView.swift

SwiftCompile normal arm64 /Users/buddhirajgautam/Documents/Cherrygram-Mac/macOS-Swift/submodules/telegram-ios/submodules/Postbox/Sources/TopChatMessageView.swift (in target 'Postbox' from project 'Postbox')
    cd /Users/buddhirajgautam/Documents/Cherrygram-Mac/macOS-Swift
    builtin-SwiftPerFileCompile TopChatMessageView.swift

SwiftCompile normal arm64 /Users/buddhirajgautam/Documents/Cherrygram-Mac/macOS-Swift/submodules/telegram-ios/submodules/Postbox/Sources/UnorderedItemListTable.swift (in target 'Postbox' from project 'Postbox')
    cd /Users/buddhirajgautam/Documents/Cherrygram-Mac/macOS-Swift
    builtin-SwiftPerFileCompile UnorderedItemListTable.swift

SwiftCompile normal arm64 /Users/buddhirajgautam/Documents/Cherrygram-Mac/macOS-Swift/submodules/telegram-ios/submodules/Postbox/Sources/UnreadMessageCountsView.swift (in target 'Postbox' from project 'Postbox')
    cd /Users/buddhirajgautam/Documents/Cherrygram-Mac/macOS-Swift
    builtin-SwiftPerFileCompile UnreadMessageCountsView.swift

SwiftCompile normal arm64 /Users/buddhirajgautam/Documents/Cherrygram-Mac/macOS-Swift/submodules/telegram-ios/submodules/Postbox/Sources/UnsentMessageHistoryView.swift (in target 'Postbox' from project 'Postbox')
    cd /Users/buddhirajgautam/Documents/Cherrygram-Mac/macOS-Swift
    builtin-SwiftPerFileCompile UnsentMessageHistoryView.swift

SwiftCompile normal arm64 /Users/buddhirajgautam/Documents/Cherrygram-Mac/macOS-Swift/submodules/telegram-ios/submodules/Postbox/Sources/UnsentMessageIndicesView.swift (in target 'Postbox' from project 'Postbox')
    cd /Users/buddhirajgautam/Documents/Cherrygram-Mac/macOS-Swift
    builtin-SwiftPerFileCompile UnsentMessageIndicesView.swift

SwiftCompile normal arm64 /Users/buddhirajgautam/Documents/Cherrygram-Mac/macOS-Swift/submodules/telegram-ios/submodules/Postbox/Sources/Upgrades.swift (in target 'Postbox' from project 'Postbox')
    cd /Users/buddhirajgautam/Documents/Cherrygram-Mac/macOS-Swift
    builtin-SwiftPerFileCompile Upgrades.swift

SwiftCompile normal arm64 /Users/buddhirajgautam/Documents/Cherrygram-Mac/macOS-Swift/submodules/telegram-ios/submodules/Postbox/Sources/Utils/Decoder/AdaptedPostboxDecoder.swift (in target 'Postbox' from project 'Postbox')
    cd /Users/buddhirajgautam/Documents/Cherrygram-Mac/macOS-Swift
    builtin-SwiftPerFileCompile AdaptedPostboxDecoder.swift

SwiftCompile normal arm64 /Users/buddhirajgautam/Documents/Cherrygram-Mac/macOS-Swift/submodules/telegram-ios/submodules/Postbox/Sources/Utils/Decoder/AdaptedPostboxKeyedDecodingContainer.swift (in target 'Postbox' from project 'Postbox')
    cd /Users/buddhirajgautam/Documents/Cherrygram-Mac/macOS-Swift
    builtin-SwiftPerFileCompile AdaptedPostboxKeyedDecodingContainer.swift

SwiftCompile normal arm64 /Users/buddhirajgautam/Documents/Cherrygram-Mac/macOS-Swift/submodules/telegram-ios/submodules/Postbox/Sources/Utils/Decoder/AdaptedPostboxSingleValueDecodingContainer.swift (in target 'Postbox' from project 'Postbox')
    cd /Users/buddhirajgautam/Documents/Cherrygram-Mac/macOS-Swift
    builtin-SwiftPerFileCompile AdaptedPostboxSingleValueDecodingContainer.swift

SwiftCompile normal arm64 /Users/buddhirajgautam/Documents/Cherrygram-Mac/macOS-Swift/submodules/telegram-ios/submodules/Postbox/Sources/Utils/Decoder/AdaptedPostboxUnkeyedDecodingContainer.swift (in target 'Postbox' from project 'Postbox')
    cd /Users/buddhirajgautam/Documents/Cherrygram-Mac/macOS-Swift
    builtin-SwiftPerFileCompile AdaptedPostboxUnkeyedDecodingContainer.swift

SwiftCompile normal arm64 /Users/buddhirajgautam/Documents/Cherrygram-Mac/macOS-Swift/submodules/telegram-ios/submodules/Postbox/Sources/Utils/Encoder/AdaptedPostboxEncoder.swift (in target 'Postbox' from project 'Postbox')
    cd /Users/buddhirajgautam/Documents/Cherrygram-Mac/macOS-Swift
    builtin-SwiftPerFileCompile AdaptedPostboxEncoder.swift

SwiftCompile normal arm64 /Users/buddhirajgautam/Documents/Cherrygram-Mac/macOS-Swift/submodules/telegram-ios/submodules/Postbox/Sources/Utils/Encoder/AdaptedPostboxKeyedEncodingContainer.swift (in target 'Postbox' from project 'Postbox')
    cd /Users/buddhirajgautam/Documents/Cherrygram-Mac/macOS-Swift
    builtin-SwiftPerFileCompile AdaptedPostboxKeyedEncodingContainer.swift

SwiftCompile normal arm64 /Users/buddhirajgautam/Documents/Cherrygram-Mac/macOS-Swift/submodules/telegram-ios/submodules/Postbox/Sources/Utils/Encoder/AdaptedPostboxSingleValueEncodingContainer.swift (in target 'Postbox' from project 'Postbox')
    cd /Users/buddhirajgautam/Documents/Cherrygram-Mac/macOS-Swift
    builtin-SwiftPerFileCompile AdaptedPostboxSingleValueEncodingContainer.swift

SwiftCompile normal arm64 /Users/buddhirajgautam/Documents/Cherrygram-Mac/macOS-Swift/submodules/telegram-ios/submodules/Postbox/Sources/Utils/Encoder/AdaptedPostboxUnkeyedEncodingContainer.swift (in target 'Postbox' from project 'Postbox')
    cd /Users/buddhirajgautam/Documents/Cherrygram-Mac/macOS-Swift
    builtin-SwiftPerFileCompile AdaptedPostboxUnkeyedEncodingContainer.swift

SwiftCompile normal arm64 /Users/buddhirajgautam/Documents/Cherrygram-Mac/macOS-Swift/submodules/telegram-ios/submodules/Postbox/Sources/Utils/PostboxCodingAdapter.swift (in target 'Postbox' from project 'Postbox')
    cd /Users/buddhirajgautam/Documents/Cherrygram-Mac/macOS-Swift
    builtin-SwiftPerFileCompile PostboxCodingAdapter.swift

SwiftCompile normal arm64 /Users/buddhirajgautam/Documents/Cherrygram-Mac/macOS-Swift/submodules/telegram-ios/submodules/Postbox/Sources/ValueBox.swift (in target 'Postbox' from project 'Postbox')
    cd /Users/buddhirajgautam/Documents/Cherrygram-Mac/macOS-Swift
    builtin-SwiftPerFileCompile ValueBox.swift

SwiftCompile normal arm64 /Users/buddhirajgautam/Documents/Cherrygram-Mac/macOS-Swift/submodules/telegram-ios/submodules/Postbox/Sources/ValueBoxKey.swift (in target 'Postbox' from project 'Postbox')
    cd /Users/buddhirajgautam/Documents/Cherrygram-Mac/macOS-Swift
    builtin-SwiftPerFileCompile ValueBoxKey.swift

SwiftCompile normal arm64 /Users/buddhirajgautam/Documents/Cherrygram-Mac/macOS-Swift/submodules/telegram-ios/submodules/Postbox/Sources/ViewTracker.swift (in target 'Postbox' from project 'Postbox')
    cd /Users/buddhirajgautam/Documents/Cherrygram-Mac/macOS-Swift
    builtin-SwiftPerFileCompile ViewTracker.swift

SwiftCompile normal arm64 /Users/buddhirajgautam/Documents/Cherrygram-Mac/macOS-Swift/submodules/telegram-ios/submodules/Postbox/Sources/Views.swift (in target 'Postbox' from project 'Postbox')
    cd /Users/buddhirajgautam/Documents/Cherrygram-Mac/macOS-Swift
    builtin-SwiftPerFileCompile Views.swift

SwiftDriverJobDiscovery normal arm64 Compiling TelegramIconsTheme.swift (in target 'TelegramIconsTheme' from project 'TelegramIconsTheme')

SwiftDriver\ Compilation TelegramIconsTheme normal arm64 com.apple.xcode.tools.swift.compiler (in target 'TelegramIconsTheme' from project 'TelegramIconsTheme')
    cd /Users/buddhirajgautam/Documents/Cherrygram-Mac/macOS-Swift
    builtin-Swift-Compilation -- /Applications/Xcode.app/Contents/Developer/Toolchains/XcodeDefault.xctoolchain/usr/bin/swiftc -parse-as-library -module-name TelegramIconsTheme -Onone @/Users/buddhirajgautam/Library/Developer/Xcode/DerivedData/Telegram-Mac-fygdgghdgmuleoelvxabfmqiotta/Build/Intermediates.noindex/TelegramIconsTheme.build/Debug/TelegramIconsTheme-t.build/Objects-normal/arm64/TelegramIconsTheme.SwiftFileList -DSWIFT_PACKAGE -DDEBUG -DSWIFT_MODULE_RESOURCE_BUNDLE_UNAVAILABLE -DXcode -plugin-path /Applications/Xcode.app/Contents/Developer/Toolchains/XcodeDefault.xctoolchain/usr/lib/swift/host/plugins/testing -enable-experimental-feature DebugDescriptionMacro -sdk /Applications/Xcode.app/Contents/Developer/Platforms/MacOSX.platform/Developer/SDKs/MacOSX27.0.sdk -target arm64-apple-macos12.0 -g -module-cache-path /Users/buddhirajgautam/Library/Developer/Xcode/DerivedData/ModuleCache.noindex -Xfrontend -serialize-debugging-options -profile-coverage-mapping -profile-generate -enable-testing -index-store-path /Users/buddhirajgautam/Library/Developer/Xcode/DerivedData/Telegram-Mac-fygdgghdgmuleoelvxabfmqiotta/Index.noindex/DataStore -Xcc -D_LIBCPP_HARDENING_MODE\=_LIBCPP_HARDENING_MODE_DEBUG -swift-version 5 -I /Users/buddhirajgautam/Library/Developer/Xcode/DerivedData/Telegram-Mac-fygdgghdgmuleoelvxabfmqiotta/Build/Products/Debug -Isystem /Applications/Xcode.app/Contents/Developer/Platforms/MacOSX.platform/Developer/usr/lib -F /Users/buddhirajgautam/Library/Developer/Xcode/DerivedData/Telegram-Mac-fygdgghdgmuleoelvxabfmqiotta/Build/Products/Debug/PackageFrameworks -F /Users/buddhirajgautam/Library/Developer/Xcode/DerivedData/Telegram-Mac-fygdgghdgmuleoelvxabfmqiotta/Build/Products/Debug -F /Applications/Xcode.app/Contents/Developer/Platforms/MacOSX.platform/Developer/Library/Frameworks -c -j8 -enable-batch-mode -incremental -Xcc -ivfsstatcache -Xcc /Users/buddhirajgautam/Library/Developer/Xcode/DerivedData/SDKStatCaches.noindex/macosx27.0-26A425-e829b21a6f8c9b70876ba0858053c0447231f6df4def33e022ae2eb8f782df1a.sdkstatcache -output-file-map /Users/buddhirajgautam/Library/Developer/Xcode/DerivedData/Telegram-Mac-fygdgghdgmuleoelvxabfmqiotta/Build/Intermediates.noindex/TelegramIconsTheme.build/Debug/TelegramIconsTheme-t.build/Objects-normal/arm64/TelegramIconsTheme-OutputFileMap.json -save-temps -no-color-diagnostics -explicit-module-build -module-cache-path /Users/buddhirajgautam/Library/Developer/Xcode/DerivedData/Telegram-Mac-fygdgghdgmuleoelvxabfmqiotta/Build/Intermediates.noindex/SwiftExplicitPrecompiledModules -clang-scanner-module-cache-path /Users/buddhirajgautam/Library/Developer/Xcode/DerivedData/ModuleCache.noindex -sdk-module-cache-path /Users/buddhirajgautam/Library/Developer/Xcode/DerivedData/SDKExplicitPrecompiledModules -emit-dependencies -emit-module -emit-module-path /Users/buddhirajgautam/Library/Developer/Xcode/DerivedData/Telegram-Mac-fygdgghdgmuleoelvxabfmqiotta/Build/Intermediates.noindex/TelegramIconsTheme.build/Debug/TelegramIconsTheme-t.build/Objects-normal/arm64/TelegramIconsTheme.swiftmodule -serialize-diagnostics -dependency-scan-serialize-diagnostics-path /Users/buddhirajgautam/Library/Developer/Xcode/DerivedData/Telegram-Mac-fygdgghdgmuleoelvxabfmqiotta/Build/Intermediates.noindex/TelegramIconsTheme.build/Debug/TelegramIconsTheme-t.build/Objects-normal/arm64/TelegramIconsTheme-dependency-scan.dia -validate-clang-modules-once -clang-build-session-file /Users/buddhirajgautam/Library/Developer/Xcode/DerivedData/ModuleCache.noindex/Session.modulevalidation -Xcc -fmodules-prune-interval\=86400 -Xcc -fmodules-prune-after\=345600 -emit-const-values -const-gather-protocols-list /Users/buddhirajgautam/Library/Developer/Xcode/DerivedData/Telegram-Mac-fygdgghdgmuleoelvxabfmqiotta/Build/Intermediates.noindex/TelegramIconsTheme.build/Debug/TelegramIconsTheme-t.build/Objects-normal/arm64/TelegramIconsTheme_const_extract_protocols.json -Xcc -I/Users/buddhirajgautam/Library/Developer/Xcode/DerivedData/Telegram-Mac-fygdgghdgmuleoelvxabfmqiotta/Build/Products/Debug/include -Xcc -I/Users/buddhirajgautam/Library/Developer/Xcode/DerivedData/Telegram-Mac-fygdgghdgmuleoelvxabfmqiotta/Build/Intermediates.noindex/TelegramIconsTheme.build/Debug/TelegramIconsTheme-t.build/DerivedSources-normal/arm64 -Xcc -I/Users/buddhirajgautam/Library/Developer/Xcode/DerivedData/Telegram-Mac-fygdgghdgmuleoelvxabfmqiotta/Build/Intermediates.noindex/TelegramIconsTheme.build/Debug/TelegramIconsTheme-t.build/DerivedSources/arm64 -Xcc -I/Users/buddhirajgautam/Library/Developer/Xcode/DerivedData/Telegram-Mac-fygdgghdgmuleoelvxabfmqiotta/Build/Intermediates.noindex/TelegramIconsTheme.build/Debug/TelegramIconsTheme-t.build/DerivedSources -Xcc -DSWIFT_PACKAGE -Xcc -DDEBUG\=1 -emit-objc-header -emit-objc-header-path /Users/buddhirajgautam/Library/Developer/Xcode/DerivedData/Telegram-Mac-fygdgghdgmuleoelvxabfmqiotta/Build/Intermediates.noindex/TelegramIconsTheme.build/Debug/TelegramIconsTheme-t.build/Objects-normal/arm64/TelegramIconsTheme-Swift.h -working-directory /Users/buddhirajgautam/Documents/Cherrygram-Mac/macOS-Swift -experimental-emit-module-separately -disable-cmo

SwiftDriverJobDiscovery normal arm64 Compiling PeerNameIndexTable.swift, PeerNotificationSettings.swift, PeerNotificationSettingsBehaviorIndexTable.swift, PeerNotificationSettingsBehaviorTable.swift, PeerNotificationSettingsBehaviorTimestampView.swift, PeerNotificationSettingsTable.swift, PeerNotificationSettingsView.swift, PeerOperationLogMetadataTable.swift, PeerOperationLogTable.swift, PeerPresence.swift, PeerPresenceTable.swift, PeerPresencesView.swift, PeerReadState.swift, PeerStoryStatsView.swift, PeerTable.swift, PeerThreadCombinedStateTable.swift, PeerTimeoutAttributesView.swift, PeerTimeoutPropertiesTable.swift, PeerView.swift, PendingMessageActionsMetadataTable.swift, PendingMessageActionsSummaryView.swift, PendingMessageActionsTable.swift, PendingMessageActionsView.swift, PendingPeerNotificationSettingsIndexTable.swift (in target 'Postbox' from project 'Postbox')

SwiftCompile normal arm64 Compiling\ MultiplePeersView.swift,\ MutableBasicPeerView.swift,\ MutableLocalNoticeEntryView.swift,\ MutableMessageHistoryCustomTagSummariesView.swift,\ MutablePeerChatInclusionView.swift,\ NoticeTable.swift,\ OrderStatisticTable.swift,\ OrderedItemListEntry.swift,\ OrderedItemListIndexTable.swift,\ OrderedItemListTable.swift,\ OrderedItemListView.swift,\ OrderedList.swift,\ Peer.swift,\ PeerChatInterfaceState.swift,\ PeerChatInterfaceStateTable.swift,\ PeerChatListInclusion.swift,\ PeerChatStateTable.swift,\ PeerChatStateView.swift,\ PeerChatThreadInterfaceStateTable.swift,\ PeerChatTopIndexableMessageIds.swift,\ PeerGroup.swift,\ PeerMergedOperationLogIndexTable.swift,\ PeerMergedOperationLogView.swift,\ PeerNameIndexRepresentation.swift /Users/buddhirajgautam/Documents/Cherrygram-Mac/macOS-Swift/submodules/telegram-ios/submodules/Postbox/Sources/MultiplePeersView.swift /Users/buddhirajgautam/Documents/Cherrygram-Mac/macOS-Swift/submodules/telegram-ios/submodules/Postbox/Sources/MutableBasicPeerView.swift /Users/buddhirajgautam/Documents/Cherrygram-Mac/macOS-Swift/submodules/telegram-ios/submodules/Postbox/Sources/MutableLocalNoticeEntryView.swift /Users/buddhirajgautam/Documents/Cherrygram-Mac/macOS-Swift/submodules/telegram-ios/submodules/Postbox/Sources/MutableMessageHistoryCustomTagSummariesView.swift /Users/buddhirajgautam/Documents/Cherrygram-Mac/macOS-Swift/submodules/telegram-ios/submodules/Postbox/Sources/MutablePeerChatInclusionView.swift /Users/buddhirajgautam/Documents/Cherrygram-Mac/macOS-Swift/submodules/telegram-ios/submodules/Postbox/Sources/NoticeTable.swift /Users/buddhirajgautam/Documents/Cherrygram-Mac/macOS-Swift/submodules/telegram-ios/submodules/Postbox/Sources/OrderStatisticTable.swift /Users/buddhirajgautam/Documents/Cherrygram-Mac/macOS-Swift/submodules/telegram-ios/submodules/Postbox/Sources/OrderedItemListEntry.swift /Users/buddhirajgautam/Documents/Cherrygram-Mac/macOS-Swift/submodules/telegram-ios/submodules/Postbox/Sources/OrderedItemListIndexTable.swift /Users/buddhirajgautam/Documents/Cherrygram-Mac/macOS-Swift/submodules/telegram-ios/submodules/Postbox/Sources/OrderedItemListTable.swift /Users/buddhirajgautam/Documents/Cherrygram-Mac/macOS-Swift/submodules/telegram-ios/submodules/Postbox/Sources/OrderedItemListView.swift /Users/buddhirajgautam/Documents/Cherrygram-Mac/macOS-Swift/submodules/telegram-ios/submodules/Postbox/Sources/OrderedList.swift /Users/buddhirajgautam/Documents/Cherrygram-Mac/macOS-Swift/submodules/telegram-ios/submodules/Postbox/Sources/Peer.swift /Users/buddhirajgautam/Documents/Cherrygram-Mac/macOS-Swift/submodules/telegram-ios/submodules/Postbox/Sources/PeerChatInterfaceState.swift /Users/buddhirajgautam/Documents/Cherrygram-Mac/macOS-Swift/submodules/telegram-ios/submodules/Postbox/Sources/PeerChatInterfaceStateTable.swift /Users/buddhirajgautam/Documents/Cherrygram-Mac/macOS-Swift/submodules/telegram-ios/submodules/Postbox/Sources/PeerChatListInclusion.swift /Users/buddhirajgautam/Documents/Cherrygram-Mac/macOS-Swift/submodules/telegram-ios/submodules/Postbox/Sources/PeerChatStateTable.swift /Users/buddhirajgautam/Documents/Cherrygram-Mac/macOS-Swift/submodules/telegram-ios/submodules/Postbox/Sources/PeerChatStateView.swift /Users/buddhirajgautam/Documents/Cherrygram-Mac/macOS-Swift/submodules/telegram-ios/submodules/Postbox/Sources/PeerChatThreadInterfaceStateTable.swift /Users/buddhirajgautam/Documents/Cherrygram-Mac/macOS-Swift/submodules/telegram-ios/submodules/Postbox/Sources/PeerChatTopIndexableMessageIds.swift /Users/buddhirajgautam/Documents/Cherrygram-Mac/macOS-Swift/submodules/telegram-ios/submodules/Postbox/Sources/PeerGroup.swift /Users/buddhirajgautam/Documents/Cherrygram-Mac/macOS-Swift/submodules/telegram-ios/submodules/Postbox/Sources/PeerMergedOperationLogIndexTable.swift /Users/buddhirajgautam/Documents/Cherrygram-Mac/macOS-Swift/submodules/telegram-ios/submodules/Postbox/Sources/PeerMergedOperationLogView.swift /Users/buddhirajgautam/Documents/Cherrygram-Mac/macOS-Swift/submodules/telegram-ios/submodules/Postbox/Sources/PeerNameIndexRepresentation.swift (in target 'Postbox' from project 'Postbox')

SwiftCompile normal arm64 /Users/buddhirajgautam/Documents/Cherrygram-Mac/macOS-Swift/submodules/telegram-ios/submodules/Postbox/Sources/MultiplePeersView.swift (in target 'Postbox' from project 'Postbox')
    cd /Users/buddhirajgautam/Documents/Cherrygram-Mac/macOS-Swift
    builtin-SwiftPerFileCompile MultiplePeersView.swift

SwiftCompile normal arm64 /Users/buddhirajgautam/Documents/Cherrygram-Mac/macOS-Swift/submodules/telegram-ios/submodules/Postbox/Sources/MutableBasicPeerView.swift (in target 'Postbox' from project 'Postbox')
    cd /Users/buddhirajgautam/Documents/Cherrygram-Mac/macOS-Swift
    builtin-SwiftPerFileCompile MutableBasicPeerView.swift

SwiftCompile normal arm64 /Users/buddhirajgautam/Documents/Cherrygram-Mac/macOS-Swift/submodules/telegram-ios/submodules/Postbox/Sources/MutableLocalNoticeEntryView.swift (in target 'Postbox' from project 'Postbox')
    cd /Users/buddhirajgautam/Documents/Cherrygram-Mac/macOS-Swift
    builtin-SwiftPerFileCompile MutableLocalNoticeEntryView.swift

SwiftCompile normal arm64 /Users/buddhirajgautam/Documents/Cherrygram-Mac/macOS-Swift/submodules/telegram-ios/submodules/Postbox/Sources/MutableMessageHistoryCustomTagSummariesView.swift (in target 'Postbox' from project 'Postbox')
    cd /Users/buddhirajgautam/Documents/Cherrygram-Mac/macOS-Swift
    builtin-SwiftPerFileCompile MutableMessageHistoryCustomTagSummariesView.swift

SwiftCompile normal arm64 /Users/buddhirajgautam/Documents/Cherrygram-Mac/macOS-Swift/submodules/telegram-ios/submodules/Postbox/Sources/MutablePeerChatInclusionView.swift (in target 'Postbox' from project 'Postbox')
    cd /Users/buddhirajgautam/Documents/Cherrygram-Mac/macOS-Swift
    builtin-SwiftPerFileCompile MutablePeerChatInclusionView.swift

SwiftCompile normal arm64 /Users/buddhirajgautam/Documents/Cherrygram-Mac/macOS-Swift/submodules/telegram-ios/submodules/Postbox/Sources/NoticeTable.swift (in target 'Postbox' from project 'Postbox')
    cd /Users/buddhirajgautam/Documents/Cherrygram-Mac/macOS-Swift
    builtin-SwiftPerFileCompile NoticeTable.swift

SwiftCompile normal arm64 /Users/buddhirajgautam/Documents/Cherrygram-Mac/macOS-Swift/submodules/telegram-ios/submodules/Postbox/Sources/OrderStatisticTable.swift (in target 'Postbox' from project 'Postbox')
    cd /Users/buddhirajgautam/Documents/Cherrygram-Mac/macOS-Swift
    builtin-SwiftPerFileCompile OrderStatisticTable.swift

SwiftCompile normal arm64 /Users/buddhirajgautam/Documents/Cherrygram-Mac/macOS-Swift/submodules/telegram-ios/submodules/Postbox/Sources/OrderedItemListEntry.swift (in target 'Postbox' from project 'Postbox')
    cd /Users/buddhirajgautam/Documents/Cherrygram-Mac/macOS-Swift
    builtin-SwiftPerFileCompile OrderedItemListEntry.swift

SwiftCompile normal arm64 /Users/buddhirajgautam/Documents/Cherrygram-Mac/macOS-Swift/submodules/telegram-ios/submodules/Postbox/Sources/OrderedItemListIndexTable.swift (in target 'Postbox' from project 'Postbox')
    cd /Users/buddhirajgautam/Documents/Cherrygram-Mac/macOS-Swift
    builtin-SwiftPerFileCompile OrderedItemListIndexTable.swift

SwiftCompile normal arm64 /Users/buddhirajgautam/Documents/Cherrygram-Mac/macOS-Swift/submodules/telegram-ios/submodules/Postbox/Sources/OrderedItemListTable.swift (in target 'Postbox' from project 'Postbox')
    cd /Users/buddhirajgautam/Documents/Cherrygram-Mac/macOS-Swift
    builtin-SwiftPerFileCompile OrderedItemListTable.swift

SwiftCompile normal arm64 /Users/buddhirajgautam/Documents/Cherrygram-Mac/macOS-Swift/submodules/telegram-ios/submodules/Postbox/Sources/OrderedItemListView.swift (in target 'Postbox' from project 'Postbox')
    cd /Users/buddhirajgautam/Documents/Cherrygram-Mac/macOS-Swift
    builtin-SwiftPerFileCompile OrderedItemListView.swift

SwiftCompile normal arm64 /Users/buddhirajgautam/Documents/Cherrygram-Mac/macOS-Swift/submodules/telegram-ios/submodules/Postbox/Sources/OrderedList.swift (in target 'Postbox' from project 'Postbox')
    cd /Users/buddhirajgautam/Documents/Cherrygram-Mac/macOS-Swift
    builtin-SwiftPerFileCompile OrderedList.swift

SwiftCompile normal arm64 /Users/buddhirajgautam/Documents/Cherrygram-Mac/macOS-Swift/submodules/telegram-ios/submodules/Postbox/Sources/Peer.swift (in target 'Postbox' from project 'Postbox')
    cd /Users/buddhirajgautam/Documents/Cherrygram-Mac/macOS-Swift
    builtin-SwiftPerFileCompile Peer.swift

SwiftCompile normal arm64 /Users/buddhirajgautam/Documents/Cherrygram-Mac/macOS-Swift/submodules/telegram-ios/submodules/Postbox/Sources/PeerChatInterfaceState.swift (in target 'Postbox' from project 'Postbox')
    cd /Users/buddhirajgautam/Documents/Cherrygram-Mac/macOS-Swift
    builtin-SwiftPerFileCompile PeerChatInterfaceState.swift

SwiftCompile normal arm64 /Users/buddhirajgautam/Documents/Cherrygram-Mac/macOS-Swift/submodules/telegram-ios/submodules/Postbox/Sources/PeerChatInterfaceStateTable.swift (in target 'Postbox' from project 'Postbox')
    cd /Users/buddhirajgautam/Documents/Cherrygram-Mac/macOS-Swift
    builtin-SwiftPerFileCompile PeerChatInterfaceStateTable.swift

SwiftCompile normal arm64 /Users/buddhirajgautam/Documents/Cherrygram-Mac/macOS-Swift/submodules/telegram-ios/submodules/Postbox/Sources/PeerChatListInclusion.swift (in target 'Postbox' from project 'Postbox')
    cd /Users/buddhirajgautam/Documents/Cherrygram-Mac/macOS-Swift
    builtin-SwiftPerFileCompile PeerChatListInclusion.swift

SwiftCompile normal arm64 /Users/buddhirajgautam/Documents/Cherrygram-Mac/macOS-Swift/submodules/telegram-ios/submodules/Postbox/Sources/PeerChatStateTable.swift (in target 'Postbox' from project 'Postbox')
    cd /Users/buddhirajgautam/Documents/Cherrygram-Mac/macOS-Swift
    builtin-SwiftPerFileCompile PeerChatStateTable.swift

SwiftCompile normal arm64 /Users/buddhirajgautam/Documents/Cherrygram-Mac/macOS-Swift/submodules/telegram-ios/submodules/Postbox/Sources/PeerChatStateView.swift (in target 'Postbox' from project 'Postbox')
    cd /Users/buddhirajgautam/Documents/Cherrygram-Mac/macOS-Swift
    builtin-SwiftPerFileCompile PeerChatStateView.swift

SwiftCompile normal arm64 /Users/buddhirajgautam/Documents/Cherrygram-Mac/macOS-Swift/submodules/telegram-ios/submodules/Postbox/Sources/PeerChatThreadInterfaceStateTable.swift (in target 'Postbox' from project 'Postbox')
    cd /Users/buddhirajgautam/Documents/Cherrygram-Mac/macOS-Swift
    builtin-SwiftPerFileCompile PeerChatThreadInterfaceStateTable.swift

SwiftCompile normal arm64 /Users/buddhirajgautam/Documents/Cherrygram-Mac/macOS-Swift/submodules/telegram-ios/submodules/Postbox/Sources/PeerChatTopIndexableMessageIds.swift (in target 'Postbox' from project 'Postbox')
    cd /Users/buddhirajgautam/Documents/Cherrygram-Mac/macOS-Swift
    builtin-SwiftPerFileCompile PeerChatTopIndexableMessageIds.swift

SwiftCompile normal arm64 /Users/buddhirajgautam/Documents/Cherrygram-Mac/macOS-Swift/submodules/telegram-ios/submodules/Postbox/Sources/PeerGroup.swift (in target 'Postbox' from project 'Postbox')
    cd /Users/buddhirajgautam/Documents/Cherrygram-Mac/macOS-Swift
    builtin-SwiftPerFileCompile PeerGroup.swift

SwiftCompile normal arm64 /Users/buddhirajgautam/Documents/Cherrygram-Mac/macOS-Swift/submodules/telegram-ios/submodules/Postbox/Sources/PeerMergedOperationLogIndexTable.swift (in target 'Postbox' from project 'Postbox')
    cd /Users/buddhirajgautam/Documents/Cherrygram-Mac/macOS-Swift
    builtin-SwiftPerFileCompile PeerMergedOperationLogIndexTable.swift

SwiftCompile normal arm64 /Users/buddhirajgautam/Documents/Cherrygram-Mac/macOS-Swift/submodules/telegram-ios/submodules/Postbox/Sources/PeerMergedOperationLogView.swift (in target 'Postbox' from project 'Postbox')
    cd /Users/buddhirajgautam/Documents/Cherrygram-Mac/macOS-Swift
    builtin-SwiftPerFileCompile PeerMergedOperationLogView.swift

SwiftCompile normal arm64 /Users/buddhirajgautam/Documents/Cherrygram-Mac/macOS-Swift/submodules/telegram-ios/submodules/Postbox/Sources/PeerNameIndexRepresentation.swift (in target 'Postbox' from project 'Postbox')
    cd /Users/buddhirajgautam/Documents/Cherrygram-Mac/macOS-Swift
    builtin-SwiftPerFileCompile PeerNameIndexRepresentation.swift

Ld /Users/buddhirajgautam/Library/Developer/Xcode/DerivedData/Telegram-Mac-fygdgghdgmuleoelvxabfmqiotta/Build/Products/Debug/TelegramIconsTheme.o normal (in target 'TelegramIconsTheme' from project 'TelegramIconsTheme')
    cd /Users/buddhirajgautam/Documents/Cherrygram-Mac/macOS-Swift/packages/TelegramIconsTheme
    /Applications/Xcode.app/Contents/Developer/Toolchains/XcodeDefault.xctoolchain/usr/bin/clang -Xlinker -reproducible -target arm64-apple-macos12.0 -r -isysroot /Applications/Xcode.app/Contents/Developer/Platforms/MacOSX.platform/Developer/SDKs/MacOSX27.0.sdk -O0 -Xlinker -no_warn_duplicate_libraries -F/Users/buddhirajgautam/Library/Developer/Xcode/DerivedData/Telegram-Mac-fygdgghdgmuleoelvxabfmqiotta/Build/Intermediates.noindex/EagerLinkingTBDs/Debug -F/Users/buddhirajgautam/Library/Developer/Xcode/DerivedData/Telegram-Mac-fygdgghdgmuleoelvxabfmqiotta/Build/Products/Debug/PackageFrameworks -F/Users/buddhirajgautam/Library/Developer/Xcode/DerivedData/Telegram-Mac-fygdgghdgmuleoelvxabfmqiotta/Build/Products/Debug -iframework /Applications/Xcode.app/Contents/Developer/Platforms/MacOSX.platform/Developer/Library/Frameworks -filelist /Users/buddhirajgautam/Library/Developer/Xcode/DerivedData/Telegram-Mac-fygdgghdgmuleoelvxabfmqiotta/Build/Intermediates.noindex/TelegramIconsTheme.build/Debug/TelegramIconsTheme-t.build/Objects-normal/arm64/TelegramIconsTheme.LinkFileList -nostdlib -Xlinker -object_path_lto -Xlinker /Users/buddhirajgautam/Library/Developer/Xcode/DerivedData/Telegram-Mac-fygdgghdgmuleoelvxabfmqiotta/Build/Intermediates.noindex/TelegramIconsTheme.build/Debug/TelegramIconsTheme-t.build/Objects-normal/arm64/TelegramIconsTheme_lto.o -Xlinker -no_deduplicate -Xlinker -debug_variant -Xlinker -dependency_info -Xlinker /Users/buddhirajgautam/Library/Developer/Xcode/DerivedData/Telegram-Mac-fygdgghdgmuleoelvxabfmqiotta/Build/Intermediates.noindex/TelegramIconsTheme.build/Debug/TelegramIconsTheme-t.build/Objects-normal/arm64/TelegramIconsTheme_dependency_info.dat -fobjc-link-runtime -L/Applications/Xcode.app/Contents/Developer/Toolchains/XcodeDefault.xctoolchain/usr/lib/swift/macosx -L/usr/lib/swift -Xlinker -add_ast_path -Xlinker /Users/buddhirajgautam/Library/Developer/Xcode/DerivedData/Telegram-Mac-fygdgghdgmuleoelvxabfmqiotta/Build/Intermediates.noindex/TelegramIconsTheme.build/Debug/TelegramIconsTheme-t.build/Objects-normal/arm64/TelegramIconsTheme.swiftmodule -o /Users/buddhirajgautam/Library/Developer/Xcode/DerivedData/Telegram-Mac-fygdgghdgmuleoelvxabfmqiotta/Build/Products/Debug/TelegramIconsTheme.o

SwiftDriverJobDiscovery normal arm64 Compiling FailedMessagesView.swift, FileSize.swift, GlobalMessageHistoryTagsTable.swift, GlobalMessageIdsTable.swift, GlobalMessageTagsView.swift, GroupMessageStatsTable.swift, Hash.swift, HistoryTagInfoView.swift, InitialMessageHistoryData.swift, IntermediateMessage.swift, InvalidatedGroupMessageStatsTable.swift, InvalidatedMessageHistoryTagSummariesView.swift, InvalidatedMessageHistoryTagsSummaryTable.swift, IpcPipe.swift, IsContactView.swift, ItemCacheMetaTable.swift, ItemCacheTable.swift, ItemCollection.swift, ItemCollectionIdsView.swift, ItemCollectionInfoTable.swift, ItemCollectionInfoView.swift, ItemCollectionInfosView.swift, ItemCollectionItemTable.swift, ItemCollectionsView.swift, KeychainTable.swift (in target 'Postbox' from project 'Postbox')

ExtractAppIntentsMetadata (in target 'FoundationUtils' from project 'FoundationUtils')
    cd /Users/buddhirajgautam/Documents/Cherrygram-Mac/macOS-Swift/packages/FoundationUtils
    /Applications/Xcode.app/Contents/Developer/Toolchains/XcodeDefault.xctoolchain/usr/bin/appintentsmetadataprocessor --toolchain-dir /var/run/com.apple.security.cryptexd/mnt/com.apple.MobileAsset.MetalToolchain-v27.1.266.1.Pr1pMU/Metal.xctoolchain --module-name FoundationUtils --sdk-root /Applications/Xcode.app/Contents/Developer/Platforms/MacOSX.platform/Developer/SDKs/MacOSX27.0.sdk --xcode-version 27A266a --platform-family macOS --deployment-target 12.0 --bundle-identifier foundationutils.FoundationUtils --output /Users/buddhirajgautam/Library/Developer/Xcode/DerivedData/Telegram-Mac-fygdgghdgmuleoelvxabfmqiotta/Build/Products/Debug/FoundationUtils.appintents --target-triple arm64-apple-macos12.0 --binary-file /Users/buddhirajgautam/Library/Developer/Xcode/DerivedData/Telegram-Mac-fygdgghdgmuleoelvxabfmqiotta/Build/Products/Debug/FoundationUtils.o --dependency-file /Users/buddhirajgautam/Library/Developer/Xcode/DerivedData/Telegram-Mac-fygdgghdgmuleoelvxabfmqiotta/Build/Intermediates.noindex/FoundationUtils.build/Debug/FoundationUtils-t.build/Objects-normal/arm64/FoundationUtils_dependency_info.dat --stringsdata-file /Users/buddhirajgautam/Library/Developer/Xcode/DerivedData/Telegram-Mac-fygdgghdgmuleoelvxabfmqiotta/Build/Intermediates.noindex/FoundationUtils.build/Debug/FoundationUtils-t.build/Objects-normal/arm64/ExtractedAppShortcutsMetadata.stringsdata --source-file-list /Users/buddhirajgautam/Library/Developer/Xcode/DerivedData/Telegram-Mac-fygdgghdgmuleoelvxabfmqiotta/Build/Intermediates.noindex/FoundationUtils.build/Debug/FoundationUtils-t.build/Objects-normal/arm64/FoundationUtils.SwiftFileList --metadata-file-list /Users/buddhirajgautam/Library/Developer/Xcode/DerivedData/Telegram-Mac-fygdgghdgmuleoelvxabfmqiotta/Build/Intermediates.noindex/FoundationUtils.build/Debug/FoundationUtils-t.build/FoundationUtils.DependencyMetadataFileList --static-metadata-file-list /Users/buddhirajgautam/Library/Developer/Xcode/DerivedData/Telegram-Mac-fygdgghdgmuleoelvxabfmqiotta/Build/Intermediates.noindex/FoundationUtils.build/Debug/FoundationUtils-t.build/FoundationUtils.DependencyStaticMetadataFileList --swift-const-vals-list /Users/buddhirajgautam/Library/Developer/Xcode/DerivedData/Telegram-Mac-fygdgghdgmuleoelvxabfmqiotta/Build/Intermediates.noindex/FoundationUtils.build/Debug/FoundationUtils-t.build/Objects-normal/arm64/FoundationUtils.SwiftConstValuesFileList --force --compile-time-extraction --deployment-aware-processing --no-app-shortcuts-localization
2026-09-21 20:24:20.022 appintentsmetadataprocessor[56467:3886169] Starting appintentsmetadataprocessor export
2026-09-21 20:24:20.115 appintentsmetadataprocessor[56467:3886169] Extracted no relevant App Intents symbols, skipping writing output

Ld /Users/buddhirajgautam/Library/Developer/Xcode/DerivedData/Telegram-Mac-fygdgghdgmuleoelvxabfmqiotta/Build/Products/Debug/ManagedFile.o normal (in target 'ManagedFile' from project 'ManagedFile')
    cd /Users/buddhirajgautam/Documents/Cherrygram-Mac/macOS-Swift/submodules/telegram-ios/submodules/ManagedFile
    /Applications/Xcode.app/Contents/Developer/Toolchains/XcodeDefault.xctoolchain/usr/bin/clang -Xlinker -reproducible -target arm64-apple-macos12.0 -r -isysroot /Applications/Xcode.app/Contents/Developer/Platforms/MacOSX.platform/Developer/SDKs/MacOSX27.0.sdk -O0 -Xlinker -no_warn_duplicate_libraries -F/Users/buddhirajgautam/Library/Developer/Xcode/DerivedData/Telegram-Mac-fygdgghdgmuleoelvxabfmqiotta/Build/Intermediates.noindex/EagerLinkingTBDs/Debug -F/Users/buddhirajgautam/Library/Developer/Xcode/DerivedData/Telegram-Mac-fygdgghdgmuleoelvxabfmqiotta/Build/Products/Debug/PackageFrameworks -F/Users/buddhirajgautam/Library/Developer/Xcode/DerivedData/Telegram-Mac-fygdgghdgmuleoelvxabfmqiotta/Build/Products/Debug -iframework /Applications/Xcode.app/Contents/Developer/Platforms/MacOSX.platform/Developer/Library/Frameworks -filelist /Users/buddhirajgautam/Library/Developer/Xcode/DerivedData/Telegram-Mac-fygdgghdgmuleoelvxabfmqiotta/Build/Intermediates.noindex/ManagedFile.build/Debug/ManagedFile-t.build/Objects-normal/arm64/ManagedFile.LinkFileList -nostdlib -Xlinker -object_path_lto -Xlinker /Users/buddhirajgautam/Library/Developer/Xcode/DerivedData/Telegram-Mac-fygdgghdgmuleoelvxabfmqiotta/Build/Intermediates.noindex/ManagedFile.build/Debug/ManagedFile-t.build/Objects-normal/arm64/ManagedFile_lto.o -Xlinker -no_deduplicate -Xlinker -debug_variant -Xlinker -dependency_info -Xlinker /Users/buddhirajgautam/Library/Developer/Xcode/DerivedData/Telegram-Mac-fygdgghdgmuleoelvxabfmqiotta/Build/Intermediates.noindex/ManagedFile.build/Debug/ManagedFile-t.build/Objects-normal/arm64/ManagedFile_dependency_info.dat -fobjc-link-runtime -L/Applications/Xcode.app/Contents/Developer/Toolchains/XcodeDefault.xctoolchain/usr/lib/swift/macosx -L/usr/lib/swift -Xlinker -add_ast_path -Xlinker /Users/buddhirajgautam/Library/Developer/Xcode/DerivedData/Telegram-Mac-fygdgghdgmuleoelvxabfmqiotta/Build/Intermediates.noindex/ManagedFile.build/Debug/ManagedFile-t.build/Objects-normal/arm64/ManagedFile.swiftmodule -o /Users/buddhirajgautam/Library/Developer/Xcode/DerivedData/Telegram-Mac-fygdgghdgmuleoelvxabfmqiotta/Build/Products/Debug/ManagedFile.o

SwiftDriver\ Compilation FlatSerialization normal arm64 com.apple.xcode.tools.swift.compiler (in target 'FlatSerialization' from project 'FlatSerialization')
    cd /Users/buddhirajgautam/Documents/Cherrygram-Mac/macOS-Swift
    builtin-Swift-Compilation -- /Applications/Xcode.app/Contents/Developer/Toolchains/XcodeDefault.xctoolchain/usr/bin/swiftc -parse-as-library -module-name FlatSerialization -Onone @/Users/buddhirajgautam/Library/Developer/Xcode/DerivedData/Telegram-Mac-fygdgghdgmuleoelvxabfmqiotta/Build/Intermediates.noindex/FlatSerialization.build/Debug/FlatSerialization-t.build/Objects-normal/arm64/FlatSerialization.SwiftFileList -DSWIFT_PACKAGE -DDEBUG -DSWIFT_MODULE_RESOURCE_BUNDLE_UNAVAILABLE -DXcode -plugin-path /Applications/Xcode.app/Contents/Developer/Toolchains/XcodeDefault.xctoolchain/usr/lib/swift/host/plugins/testing -enable-experimental-feature DebugDescriptionMacro -sdk /Applications/Xcode.app/Contents/Developer/Platforms/MacOSX.platform/Developer/SDKs/MacOSX27.0.sdk -target arm64-apple-macos12.0 -g -module-cache-path /Users/buddhirajgautam/Library/Developer/Xcode/DerivedData/ModuleCache.noindex -Xfrontend -serialize-debugging-options -profile-coverage-mapping -profile-generate -enable-testing -index-store-path /Users/buddhirajgautam/Library/Developer/Xcode/DerivedData/Telegram-Mac-fygdgghdgmuleoelvxabfmqiotta/Index.noindex/DataStore -Xcc -D_LIBCPP_HARDENING_MODE\=_LIBCPP_HARDENING_MODE_DEBUG -swift-version 5 -I /Users/buddhirajgautam/Library/Developer/Xcode/DerivedData/Telegram-Mac-fygdgghdgmuleoelvxabfmqiotta/Build/Products/Debug -Isystem /Applications/Xcode.app/Contents/Developer/Platforms/MacOSX.platform/Developer/usr/lib -F /Users/buddhirajgautam/Library/Developer/Xcode/DerivedData/Telegram-Mac-fygdgghdgmuleoelvxabfmqiotta/Build/Products/Debug/PackageFrameworks -F /Users/buddhirajgautam/Library/Developer/Xcode/DerivedData/Telegram-Mac-fygdgghdgmuleoelvxabfmqiotta/Build/Products/Debug -F /Applications/Xcode.app/Contents/Developer/Platforms/MacOSX.platform/Developer/Library/Frameworks -c -j8 -enable-batch-mode -incremental -Xcc -ivfsstatcache -Xcc /Users/buddhirajgautam/Library/Developer/Xcode/DerivedData/SDKStatCaches.noindex/macosx27.0-26A425-e829b21a6f8c9b70876ba0858053c0447231f6df4def33e022ae2eb8f782df1a.sdkstatcache -output-file-map /Users/buddhirajgautam/Library/Developer/Xcode/DerivedData/Telegram-Mac-fygdgghdgmuleoelvxabfmqiotta/Build/Intermediates.noindex/FlatSerialization.build/Debug/FlatSerialization-t.build/Objects-normal/arm64/FlatSerialization-OutputFileMap.json -save-temps -no-color-diagnostics -explicit-module-build -module-cache-path /Users/buddhirajgautam/Library/Developer/Xcode/DerivedData/Telegram-Mac-fygdgghdgmuleoelvxabfmqiotta/Build/Intermediates.noindex/SwiftExplicitPrecompiledModules -clang-scanner-module-cache-path /Users/buddhirajgautam/Library/Developer/Xcode/DerivedData/ModuleCache.noindex -sdk-module-cache-path /Users/buddhirajgautam/Library/Developer/Xcode/DerivedData/SDKExplicitPrecompiledModules -emit-dependencies -emit-module -emit-module-path /Users/buddhirajgautam/Library/Developer/Xcode/DerivedData/Telegram-Mac-fygdgghdgmuleoelvxabfmqiotta/Build/Intermediates.noindex/FlatSerialization.build/Debug/FlatSerialization-t.build/Objects-normal/arm64/FlatSerialization.swiftmodule -serialize-diagnostics -dependency-scan-serialize-diagnostics-path /Users/buddhirajgautam/Library/Developer/Xcode/DerivedData/Telegram-Mac-fygdgghdgmuleoelvxabfmqiotta/Build/Intermediates.noindex/FlatSerialization.build/Debug/FlatSerialization-t.build/Objects-normal/arm64/FlatSerialization-dependency-scan.dia -validate-clang-modules-once -clang-build-session-file /Users/buddhirajgautam/Library/Developer/Xcode/DerivedData/ModuleCache.noindex/Session.modulevalidation -Xcc -fmodules-prune-interval\=86400 -Xcc -fmodules-prune-after\=345600 -emit-const-values -const-gather-protocols-list /Users/buddhirajgautam/Library/Developer/Xcode/DerivedData/Telegram-Mac-fygdgghdgmuleoelvxabfmqiotta/Build/Intermediates.noindex/FlatSerialization.build/Debug/FlatSerialization-t.build/Objects-normal/arm64/FlatSerialization_const_extract_protocols.json -Xcc -I/Users/buddhirajgautam/Library/Developer/Xcode/DerivedData/Telegram-Mac-fygdgghdgmuleoelvxabfmqiotta/Build/Products/Debug/include -Xcc -I/Users/buddhirajgautam/Library/Developer/Xcode/DerivedData/Telegram-Mac-fygdgghdgmuleoelvxabfmqiotta/Build/Intermediates.noindex/FlatSerialization.build/Debug/FlatSerialization-t.build/DerivedSources-normal/arm64 -Xcc -I/Users/buddhirajgautam/Library/Developer/Xcode/DerivedData/Telegram-Mac-fygdgghdgmuleoelvxabfmqiotta/Build/Intermediates.noindex/FlatSerialization.build/Debug/FlatSerialization-t.build/DerivedSources/arm64 -Xcc -I/Users/buddhirajgautam/Library/Developer/Xcode/DerivedData/Telegram-Mac-fygdgghdgmuleoelvxabfmqiotta/Build/Intermediates.noindex/FlatSerialization.build/Debug/FlatSerialization-t.build/DerivedSources -Xcc -DSWIFT_PACKAGE -Xcc -DDEBUG\=1 -emit-objc-header -emit-objc-header-path /Users/buddhirajgautam/Library/Developer/Xcode/DerivedData/Telegram-Mac-fygdgghdgmuleoelvxabfmqiotta/Build/Intermediates.noindex/FlatSerialization.build/Debug/FlatSerialization-t.build/Objects-normal/arm64/FlatSerialization-Swift.h -working-directory /Users/buddhirajgautam/Documents/Cherrygram-Mac/macOS-Swift -experimental-emit-module-separately -disable-cmo

Ld /Users/buddhirajgautam/Library/Developer/Xcode/DerivedData/Telegram-Mac-fygdgghdgmuleoelvxabfmqiotta/Build/Products/Debug/GoogleUtilities-NSData.o normal (in target 'GoogleUtilities-NSData' from project 'GoogleUtilities')
    cd /Users/buddhirajgautam/Library/Developer/Xcode/DerivedData/Telegram-Mac-fygdgghdgmuleoelvxabfmqiotta/SourcePackages/checkouts/GoogleUtilities
    /Applications/Xcode.app/Contents/Developer/Toolchains/XcodeDefault.xctoolchain/usr/bin/clang -Xlinker -reproducible -target arm64-apple-macos12.0 -r -isysroot /Applications/Xcode.app/Contents/Developer/Platforms/MacOSX.platform/Developer/SDKs/MacOSX27.0.sdk -O0 -w -Xlinker -no_warn_duplicate_libraries -F/Users/buddhirajgautam/Library/Developer/Xcode/DerivedData/Telegram-Mac-fygdgghdgmuleoelvxabfmqiotta/Build/Intermediates.noindex/EagerLinkingTBDs/Debug -F/Users/buddhirajgautam/Library/Developer/Xcode/DerivedData/Telegram-Mac-fygdgghdgmuleoelvxabfmqiotta/Build/Products/Debug -iframework /Applications/Xcode.app/Contents/Developer/Platforms/MacOSX.platform/Developer/Library/Frameworks -filelist /Users/buddhirajgautam/Library/Developer/Xcode/DerivedData/Telegram-Mac-fygdgghdgmuleoelvxabfmqiotta/Build/Intermediates.noindex/GoogleUtilities.build/Debug/GoogleUtilities-NSData-t.build/Objects-normal/arm64/GoogleUtilities-NSData.LinkFileList -nostdlib -Xlinker -object_path_lto -Xlinker /Users/buddhirajgautam/Library/Developer/Xcode/DerivedData/Telegram-Mac-fygdgghdgmuleoelvxabfmqiotta/Build/Intermediates.noindex/GoogleUtilities.build/Debug/GoogleUtilities-NSData-t.build/Objects-normal/arm64/GoogleUtilities-NSData_lto.o -Xlinker -no_deduplicate -Xlinker -debug_variant -Xlinker -dependency_info -Xlinker /Users/buddhirajgautam/Library/Developer/Xcode/DerivedData/Telegram-Mac-fygdgghdgmuleoelvxabfmqiotta/Build/Intermediates.noindex/GoogleUtilities.build/Debug/GoogleUtilities-NSData-t.build/Objects-normal/arm64/GoogleUtilities-NSData_dependency_info.dat -fobjc-arc -fobjc-link-runtime -o /Users/buddhirajgautam/Library/Developer/Xcode/DerivedData/Telegram-Mac-fygdgghdgmuleoelvxabfmqiotta/Build/Products/Debug/GoogleUtilities-NSData.o

RegisterExecutionPolicyException /Users/buddhirajgautam/Library/Developer/Xcode/DerivedData/Telegram-Mac-fygdgghdgmuleoelvxabfmqiotta/Build/Products/Debug/GoogleDataTransport_GoogleDataTransport.bundle (in target 'GoogleDataTransport_GoogleDataTransport' from project 'GoogleDataTransport')
    cd /Users/buddhirajgautam/Library/Developer/Xcode/DerivedData/Telegram-Mac-fygdgghdgmuleoelvxabfmqiotta/SourcePackages/checkouts/GoogleDataTransport
    builtin-RegisterExecutionPolicyException /Users/buddhirajgautam/Library/Developer/Xcode/DerivedData/Telegram-Mac-fygdgghdgmuleoelvxabfmqiotta/Build/Products/Debug/GoogleDataTransport_GoogleDataTransport.bundle

ExtractAppIntentsMetadata (in target 'FlatBuffers' from project 'FlatBuffers')
    cd /Users/buddhirajgautam/Documents/Cherrygram-Mac/macOS-Swift/submodules/telegram-ios/submodules/TelegramCore/FlatBuffers
    /Applications/Xcode.app/Contents/Developer/Toolchains/XcodeDefault.xctoolchain/usr/bin/appintentsmetadataprocessor --toolchain-dir /var/run/com.apple.security.cryptexd/mnt/com.apple.MobileAsset.MetalToolchain-v27.1.266.1.Pr1pMU/Metal.xctoolchain --module-name FlatBuffers --sdk-root /Applications/Xcode.app/Contents/Developer/Platforms/MacOSX.platform/Developer/SDKs/MacOSX27.0.sdk --xcode-version 27A266a --platform-family macOS --deployment-target 12.0 --bundle-identifier flatbuffers.FlatBuffers --output /Users/buddhirajgautam/Library/Developer/Xcode/DerivedData/Telegram-Mac-fygdgghdgmuleoelvxabfmqiotta/Build/Products/Debug/FlatBuffers.appintents --target-triple arm64-apple-macos12.0 --binary-file /Users/buddhirajgautam/Library/Developer/Xcode/DerivedData/Telegram-Mac-fygdgghdgmuleoelvxabfmqiotta/Build/Products/Debug/FlatBuffers.o --dependency-file /Users/buddhirajgautam/Library/Developer/Xcode/DerivedData/Telegram-Mac-fygdgghdgmuleoelvxabfmqiotta/Build/Intermediates.noindex/FlatBuffers.build/Debug/FlatBuffers-t.build/Objects-normal/arm64/FlatBuffers_dependency_info.dat --stringsdata-file /Users/buddhirajgautam/Library/Developer/Xcode/DerivedData/Telegram-Mac-fygdgghdgmuleoelvxabfmqiotta/Build/Intermediates.noindex/FlatBuffers.build/Debug/FlatBuffers-t.build/Objects-normal/arm64/ExtractedAppShortcutsMetadata.stringsdata --source-file-list /Users/buddhirajgautam/Library/Developer/Xcode/DerivedData/Telegram-Mac-fygdgghdgmuleoelvxabfmqiotta/Build/Intermediates.noindex/FlatBuffers.build/Debug/FlatBuffers-t.build/Objects-normal/arm64/FlatBuffers.SwiftFileList --metadata-file-list /Users/buddhirajgautam/Library/Developer/Xcode/DerivedData/Telegram-Mac-fygdgghdgmuleoelvxabfmqiotta/Build/Intermediates.noindex/FlatBuffers.build/Debug/FlatBuffers-t.build/FlatBuffers.DependencyMetadataFileList --static-metadata-file-list /Users/buddhirajgautam/Library/Developer/Xcode/DerivedData/Telegram-Mac-fygdgghdgmuleoelvxabfmqiotta/Build/Intermediates.noindex/FlatBuffers.build/Debug/FlatBuffers-t.build/FlatBuffers.DependencyStaticMetadataFileList --swift-const-vals-list /Users/buddhirajgautam/Library/Developer/Xcode/DerivedData/Telegram-Mac-fygdgghdgmuleoelvxabfmqiotta/Build/Intermediates.noindex/FlatBuffers.build/Debug/FlatBuffers-t.build/Objects-normal/arm64/FlatBuffers.SwiftConstValuesFileList --force --compile-time-extraction --deployment-aware-processing --no-app-shortcuts-localization
2026-09-21 20:24:20.272 appintentsmetadataprocessor[56472:3886199] Starting appintentsmetadataprocessor export
2026-09-21 20:24:20.403 appintentsmetadataprocessor[56472:3886199] Extracted no relevant App Intents symbols, skipping writing output

ExtractAppIntentsMetadata (in target 'Emoji' from project 'Emoji')
    cd /Users/buddhirajgautam/Documents/Cherrygram-Mac/macOS-Swift/submodules/telegram-ios/submodules/Emoji
    /Applications/Xcode.app/Contents/Developer/Toolchains/XcodeDefault.xctoolchain/usr/bin/appintentsmetadataprocessor --toolchain-dir /var/run/com.apple.security.cryptexd/mnt/com.apple.MobileAsset.MetalToolchain-v27.1.266.1.Pr1pMU/Metal.xctoolchain --module-name Emoji --sdk-root /Applications/Xcode.app/Contents/Developer/Platforms/MacOSX.platform/Developer/SDKs/MacOSX27.0.sdk --xcode-version 27A266a --platform-family macOS --deployment-target 12.0 --bundle-identifier emoji.Emoji --output /Users/buddhirajgautam/Library/Developer/Xcode/DerivedData/Telegram-Mac-fygdgghdgmuleoelvxabfmqiotta/Build/Products/Debug/Emoji.appintents --target-triple arm64-apple-macos12.0 --binary-file /Users/buddhirajgautam/Library/Developer/Xcode/DerivedData/Telegram-Mac-fygdgghdgmuleoelvxabfmqiotta/Build/Products/Debug/Emoji.o --dependency-file /Users/buddhirajgautam/Library/Developer/Xcode/DerivedData/Telegram-Mac-fygdgghdgmuleoelvxabfmqiotta/Build/Intermediates.noindex/Emoji.build/Debug/Emoji-t.build/Objects-normal/arm64/Emoji_dependency_info.dat --stringsdata-file /Users/buddhirajgautam/Library/Developer/Xcode/DerivedData/Telegram-Mac-fygdgghdgmuleoelvxabfmqiotta/Build/Intermediates.noindex/Emoji.build/Debug/Emoji-t.build/Objects-normal/arm64/ExtractedAppShortcutsMetadata.stringsdata --source-file-list /Users/buddhirajgautam/Library/Developer/Xcode/DerivedData/Telegram-Mac-fygdgghdgmuleoelvxabfmqiotta/Build/Intermediates.noindex/Emoji.build/Debug/Emoji-t.build/Objects-normal/arm64/Emoji.SwiftFileList --metadata-file-list /Users/buddhirajgautam/Library/Developer/Xcode/DerivedData/Telegram-Mac-fygdgghdgmuleoelvxabfmqiotta/Build/Intermediates.noindex/Emoji.build/Debug/Emoji-t.build/Emoji.DependencyMetadataFileList --static-metadata-file-list /Users/buddhirajgautam/Library/Developer/Xcode/DerivedData/Telegram-Mac-fygdgghdgmuleoelvxabfmqiotta/Build/Intermediates.noindex/Emoji.build/Debug/Emoji-t.build/Emoji.DependencyStaticMetadataFileList --swift-const-vals-list /Users/buddhirajgautam/Library/Developer/Xcode/DerivedData/Telegram-Mac-fygdgghdgmuleoelvxabfmqiotta/Build/Intermediates.noindex/Emoji.build/Debug/Emoji-t.build/Objects-normal/arm64/Emoji.SwiftConstValuesFileList --force --compile-time-extraction --deployment-aware-processing --no-app-shortcuts-localization
2026-09-21 20:24:20.453 appintentsmetadataprocessor[56473:3886208] Starting appintentsmetadataprocessor export
2026-09-21 20:24:20.545 appintentsmetadataprocessor[56473:3886208] Extracted no relevant App Intents symbols, skipping writing output

ExtractAppIntentsMetadata (in target 'CurrencyFormat' from project 'CurrencyFormat')
    cd /Users/buddhirajgautam/Documents/Cherrygram-Mac/macOS-Swift/packages/CurrencyFormat
    /Applications/Xcode.app/Contents/Developer/Toolchains/XcodeDefault.xctoolchain/usr/bin/appintentsmetadataprocessor --toolchain-dir /var/run/com.apple.security.cryptexd/mnt/com.apple.MobileAsset.MetalToolchain-v27.1.266.1.Pr1pMU/Metal.xctoolchain --module-name CurrencyFormat --sdk-root /Applications/Xcode.app/Contents/Developer/Platforms/MacOSX.platform/Developer/SDKs/MacOSX27.0.sdk --xcode-version 27A266a --platform-family macOS --deployment-target 12.0 --bundle-identifier currencyformat.CurrencyFormat --output /Users/buddhirajgautam/Library/Developer/Xcode/DerivedData/Telegram-Mac-fygdgghdgmuleoelvxabfmqiotta/Build/Products/Debug/CurrencyFormat.appintents --target-triple arm64-apple-macos12.0 --binary-file /Users/buddhirajgautam/Library/Developer/Xcode/DerivedData/Telegram-Mac-fygdgghdgmuleoelvxabfmqiotta/Build/Products/Debug/CurrencyFormat.o --dependency-file /Users/buddhirajgautam/Library/Developer/Xcode/DerivedData/Telegram-Mac-fygdgghdgmuleoelvxabfmqiotta/Build/Intermediates.noindex/CurrencyFormat.build/Debug/CurrencyFormat-t.build/Objects-normal/arm64/CurrencyFormat_dependency_info.dat --stringsdata-file /Users/buddhirajgautam/Library/Developer/Xcode/DerivedData/Telegram-Mac-fygdgghdgmuleoelvxabfmqiotta/Build/Intermediates.noindex/CurrencyFormat.build/Debug/CurrencyFormat-t.build/Objects-normal/arm64/ExtractedAppShortcutsMetadata.stringsdata --source-file-list /Users/buddhirajgautam/Library/Developer/Xcode/DerivedData/Telegram-Mac-fygdgghdgmuleoelvxabfmqiotta/Build/Intermediates.noindex/CurrencyFormat.build/Debug/CurrencyFormat-t.build/Objects-normal/arm64/CurrencyFormat.SwiftFileList --metadata-file-list /Users/buddhirajgautam/Library/Developer/Xcode/DerivedData/Telegram-Mac-fygdgghdgmuleoelvxabfmqiotta/Build/Intermediates.noindex/CurrencyFormat.build/Debug/CurrencyFormat-t.build/CurrencyFormat.DependencyMetadataFileList --static-metadata-file-list /Users/buddhirajgautam/Library/Developer/Xcode/DerivedData/Telegram-Mac-fygdgghdgmuleoelvxabfmqiotta/Build/Intermediates.noindex/CurrencyFormat.build/Debug/CurrencyFormat-t.build/CurrencyFormat.DependencyStaticMetadataFileList --swift-const-vals-list /Users/buddhirajgautam/Library/Developer/Xcode/DerivedData/Telegram-Mac-fygdgghdgmuleoelvxabfmqiotta/Build/Intermediates.noindex/CurrencyFormat.build/Debug/CurrencyFormat-t.build/Objects-normal/arm64/CurrencyFormat.SwiftConstValuesFileList --force --compile-time-extraction --deployment-aware-processing --no-app-shortcuts-localization
2026-09-21 20:24:20.577 appintentsmetadataprocessor[56474:3886215] Starting appintentsmetadataprocessor export
2026-09-21 20:24:20.676 appintentsmetadataprocessor[56474:3886215] Extracted no relevant App Intents symbols, skipping writing output

ExtractAppIntentsMetadata (in target 'CrashHandler' from project 'CrashHandler')
    cd /Users/buddhirajgautam/Documents/Cherrygram-Mac/macOS-Swift/packages/CrashHandler
    /Applications/Xcode.app/Contents/Developer/Toolchains/XcodeDefault.xctoolchain/usr/bin/appintentsmetadataprocessor --toolchain-dir /var/run/com.apple.security.cryptexd/mnt/com.apple.MobileAsset.MetalToolchain-v27.1.266.1.Pr1pMU/Metal.xctoolchain --module-name CrashHandler --sdk-root /Applications/Xcode.app/Contents/Developer/Platforms/MacOSX.platform/Developer/SDKs/MacOSX27.0.sdk --xcode-version 27A266a --platform-family macOS --deployment-target 12.0 --bundle-identifier crashhandler.CrashHandler --output /Users/buddhirajgautam/Library/Developer/Xcode/DerivedData/Telegram-Mac-fygdgghdgmuleoelvxabfmqiotta/Build/Products/Debug/CrashHandler.appintents --target-triple arm64-apple-macos12.0 --binary-file /Users/buddhirajgautam/Library/Developer/Xcode/DerivedData/Telegram-Mac-fygdgghdgmuleoelvxabfmqiotta/Build/Products/Debug/CrashHandler.o --dependency-file /Users/buddhirajgautam/Library/Developer/Xcode/DerivedData/Telegram-Mac-fygdgghdgmuleoelvxabfmqiotta/Build/Intermediates.noindex/CrashHandler.build/Debug/CrashHandler-t.build/Objects-normal/arm64/CrashHandler_dependency_info.dat --stringsdata-file /Users/buddhirajgautam/Library/Developer/Xcode/DerivedData/Telegram-Mac-fygdgghdgmuleoelvxabfmqiotta/Build/Intermediates.noindex/CrashHandler.build/Debug/CrashHandler-t.build/Objects-normal/arm64/ExtractedAppShortcutsMetadata.stringsdata --source-file-list /Users/buddhirajgautam/Library/Developer/Xcode/DerivedData/Telegram-Mac-fygdgghdgmuleoelvxabfmqiotta/Build/Intermediates.noindex/CrashHandler.build/Debug/CrashHandler-t.build/Objects-normal/arm64/CrashHandler.SwiftFileList --metadata-file-list /Users/buddhirajgautam/Library/Developer/Xcode/DerivedData/Telegram-Mac-fygdgghdgmuleoelvxabfmqiotta/Build/Intermediates.noindex/CrashHandler.build/Debug/CrashHandler-t.build/CrashHandler.DependencyMetadataFileList --static-metadata-file-list /Users/buddhirajgautam/Library/Developer/Xcode/DerivedData/Telegram-Mac-fygdgghdgmuleoelvxabfmqiotta/Build/Intermediates.noindex/CrashHandler.build/Debug/CrashHandler-t.build/CrashHandler.DependencyStaticMetadataFileList --swift-const-vals-list /Users/buddhirajgautam/Library/Developer/Xcode/DerivedData/Telegram-Mac-fygdgghdgmuleoelvxabfmqiotta/Build/Intermediates.noindex/CrashHandler.build/Debug/CrashHandler-t.build/Objects-normal/arm64/CrashHandler.SwiftConstValuesFileList --force --compile-time-extraction --deployment-aware-processing --no-app-shortcuts-localization
2026-09-21 20:24:20.704 appintentsmetadataprocessor[56475:3886226] Starting appintentsmetadataprocessor export
2026-09-21 20:24:20.784 appintentsmetadataprocessor[56475:3886226] Extracted no relevant App Intents symbols, skipping writing output

RegisterExecutionPolicyException /Users/buddhirajgautam/Library/Developer/Xcode/DerivedData/Telegram-Mac-fygdgghdgmuleoelvxabfmqiotta/Build/Products/Debug/DustLayer_DustLayer.bundle (in target 'DustLayer_DustLayer' from project 'DustLayer')
    cd /Users/buddhirajgautam/Documents/Cherrygram-Mac/macOS-Swift/packages/DustLayer
    builtin-RegisterExecutionPolicyException /Users/buddhirajgautam/Library/Developer/Xcode/DerivedData/Telegram-Mac-fygdgghdgmuleoelvxabfmqiotta/Build/Products/Debug/DustLayer_DustLayer.bundle

Ld /Users/buddhirajgautam/Library/Developer/Xcode/DerivedData/Telegram-Mac-fygdgghdgmuleoelvxabfmqiotta/Build/Products/Debug/MtProtoKit.o normal (in target 'MtProtoKit' from project 'MtProtoKit')
    cd /Users/buddhirajgautam/Documents/Cherrygram-Mac/macOS-Swift/submodules/telegram-ios/submodules/MtProtoKit
    /Applications/Xcode.app/Contents/Developer/Toolchains/XcodeDefault.xctoolchain/usr/bin/clang -Xlinker -reproducible -target arm64-apple-macos12.0 -r -isysroot /Applications/Xcode.app/Contents/Developer/Platforms/MacOSX.platform/Developer/SDKs/MacOSX27.0.sdk -O0 -Xlinker -no_warn_duplicate_libraries -F/Users/buddhirajgautam/Library/Developer/Xcode/DerivedData/Telegram-Mac-fygdgghdgmuleoelvxabfmqiotta/Build/Intermediates.noindex/EagerLinkingTBDs/Debug -F/Users/buddhirajgautam/Library/Developer/Xcode/DerivedData/Telegram-Mac-fygdgghdgmuleoelvxabfmqiotta/Build/Products/Debug/PackageFrameworks -F/Users/buddhirajgautam/Library/Developer/Xcode/DerivedData/Telegram-Mac-fygdgghdgmuleoelvxabfmqiotta/Build/Products/Debug -iframework /Applications/Xcode.app/Contents/Developer/Platforms/MacOSX.platform/Developer/Library/Frameworks -filelist /Users/buddhirajgautam/Library/Developer/Xcode/DerivedData/Telegram-Mac-fygdgghdgmuleoelvxabfmqiotta/Build/Intermediates.noindex/MtProtoKit.build/Debug/MtProtoKit-t.build/Objects-normal/arm64/MtProtoKit.LinkFileList -nostdlib -Xlinker -object_path_lto -Xlinker /Users/buddhirajgautam/Library/Developer/Xcode/DerivedData/Telegram-Mac-fygdgghdgmuleoelvxabfmqiotta/Build/Intermediates.noindex/MtProtoKit.build/Debug/MtProtoKit-t.build/Objects-normal/arm64/MtProtoKit_lto.o -Xlinker -no_deduplicate -Xlinker -debug_variant -Xlinker -dependency_info -Xlinker /Users/buddhirajgautam/Library/Developer/Xcode/DerivedData/Telegram-Mac-fygdgghdgmuleoelvxabfmqiotta/Build/Intermediates.noindex/MtProtoKit.build/Debug/MtProtoKit-t.build/Objects-normal/arm64/MtProtoKit_dependency_info.dat -fobjc-arc -fobjc-link-runtime -o /Users/buddhirajgautam/Library/Developer/Xcode/DerivedData/Telegram-Mac-fygdgghdgmuleoelvxabfmqiotta/Build/Products/Debug/MtProtoKit.o

SwiftDriver\ Compilation Colors normal arm64 com.apple.xcode.tools.swift.compiler (in target 'Colors' from project 'Colors')
    cd /Users/buddhirajgautam/Documents/Cherrygram-Mac/macOS-Swift
    builtin-Swift-Compilation -- /Applications/Xcode.app/Contents/Developer/Toolchains/XcodeDefault.xctoolchain/usr/bin/swiftc -parse-as-library -module-name Colors -Onone @/Users/buddhirajgautam/Library/Developer/Xcode/DerivedData/Telegram-Mac-fygdgghdgmuleoelvxabfmqiotta/Build/Intermediates.noindex/Colors.build/Debug/Colors-t.build/Objects-normal/arm64/Colors.SwiftFileList -DSWIFT_PACKAGE -DDEBUG -DSWIFT_MODULE_RESOURCE_BUNDLE_UNAVAILABLE -DXcode -plugin-path /Applications/Xcode.app/Contents/Developer/Toolchains/XcodeDefault.xctoolchain/usr/lib/swift/host/plugins/testing -enable-experimental-feature DebugDescriptionMacro -sdk /Applications/Xcode.app/Contents/Developer/Platforms/MacOSX.platform/Developer/SDKs/MacOSX27.0.sdk -target arm64-apple-macos12.0 -g -module-cache-path /Users/buddhirajgautam/Library/Developer/Xcode/DerivedData/ModuleCache.noindex -Xfrontend -serialize-debugging-options -profile-coverage-mapping -profile-generate -enable-testing -index-store-path /Users/buddhirajgautam/Library/Developer/Xcode/DerivedData/Telegram-Mac-fygdgghdgmuleoelvxabfmqiotta/Index.noindex/DataStore -Xcc -D_LIBCPP_HARDENING_MODE\=_LIBCPP_HARDENING_MODE_DEBUG -swift-version 5 -I /Users/buddhirajgautam/Library/Developer/Xcode/DerivedData/Telegram-Mac-fygdgghdgmuleoelvxabfmqiotta/Build/Products/Debug -Isystem /Applications/Xcode.app/Contents/Developer/Platforms/MacOSX.platform/Developer/usr/lib -F /Users/buddhirajgautam/Library/Developer/Xcode/DerivedData/Telegram-Mac-fygdgghdgmuleoelvxabfmqiotta/Build/Products/Debug/PackageFrameworks -F /Users/buddhirajgautam/Library/Developer/Xcode/DerivedData/Telegram-Mac-fygdgghdgmuleoelvxabfmqiotta/Build/Products/Debug -F /Applications/Xcode.app/Contents/Developer/Platforms/MacOSX.platform/Developer/Library/Frameworks -c -j8 -enable-batch-mode -incremental -Xcc -ivfsstatcache -Xcc /Users/buddhirajgautam/Library/Developer/Xcode/DerivedData/SDKStatCaches.noindex/macosx27.0-26A425-e829b21a6f8c9b70876ba0858053c0447231f6df4def33e022ae2eb8f782df1a.sdkstatcache -output-file-map /Users/buddhirajgautam/Library/Developer/Xcode/DerivedData/Telegram-Mac-fygdgghdgmuleoelvxabfmqiotta/Build/Intermediates.noindex/Colors.build/Debug/Colors-t.build/Objects-normal/arm64/Colors-OutputFileMap.json -save-temps -no-color-diagnostics -explicit-module-build -module-cache-path /Users/buddhirajgautam/Library/Developer/Xcode/DerivedData/Telegram-Mac-fygdgghdgmuleoelvxabfmqiotta/Build/Intermediates.noindex/SwiftExplicitPrecompiledModules -clang-scanner-module-cache-path /Users/buddhirajgautam/Library/Developer/Xcode/DerivedData/ModuleCache.noindex -sdk-module-cache-path /Users/buddhirajgautam/Library/Developer/Xcode/DerivedData/SDKExplicitPrecompiledModules -emit-dependencies -emit-module -emit-module-path /Users/buddhirajgautam/Library/Developer/Xcode/DerivedData/Telegram-Mac-fygdgghdgmuleoelvxabfmqiotta/Build/Intermediates.noindex/Colors.build/Debug/Colors-t.build/Objects-normal/arm64/Colors.swiftmodule -serialize-diagnostics -dependency-scan-serialize-diagnostics-path /Users/buddhirajgautam/Library/Developer/Xcode/DerivedData/Telegram-Mac-fygdgghdgmuleoelvxabfmqiotta/Build/Intermediates.noindex/Colors.build/Debug/Colors-t.build/Objects-normal/arm64/Colors-dependency-scan.dia -validate-clang-modules-once -clang-build-session-file /Users/buddhirajgautam/Library/Developer/Xcode/DerivedData/ModuleCache.noindex/Session.modulevalidation -Xcc -fmodules-prune-interval\=86400 -Xcc -fmodules-prune-after\=345600 -emit-const-values -const-gather-protocols-list /Users/buddhirajgautam/Library/Developer/Xcode/DerivedData/Telegram-Mac-fygdgghdgmuleoelvxabfmqiotta/Build/Intermediates.noindex/Colors.build/Debug/Colors-t.build/Objects-normal/arm64/Colors_const_extract_protocols.json -Xcc -I/Users/buddhirajgautam/Library/Developer/Xcode/DerivedData/Telegram-Mac-fygdgghdgmuleoelvxabfmqiotta/Build/Products/Debug/include -Xcc -I/Users/buddhirajgautam/Library/Developer/Xcode/DerivedData/Telegram-Mac-fygdgghdgmuleoelvxabfmqiotta/Build/Intermediates.noindex/Colors.build/Debug/Colors-t.build/DerivedSources-normal/arm64 -Xcc -I/Users/buddhirajgautam/Library/Developer/Xcode/DerivedData/Telegram-Mac-fygdgghdgmuleoelvxabfmqiotta/Build/Intermediates.noindex/Colors.build/Debug/Colors-t.build/DerivedSources/arm64 -Xcc -I/Users/buddhirajgautam/Library/Developer/Xcode/DerivedData/Telegram-Mac-fygdgghdgmuleoelvxabfmqiotta/Build/Intermediates.noindex/Colors.build/Debug/Colors-t.build/DerivedSources -Xcc -DSWIFT_PACKAGE -Xcc -DDEBUG\=1 -emit-objc-header -emit-objc-header-path /Users/buddhirajgautam/Library/Developer/Xcode/DerivedData/Telegram-Mac-fygdgghdgmuleoelvxabfmqiotta/Build/Intermediates.noindex/Colors.build/Debug/Colors-t.build/Objects-normal/arm64/Colors-Swift.h -working-directory /Users/buddhirajgautam/Documents/Cherrygram-Mac/macOS-Swift -experimental-emit-module-separately -disable-cmo

SwiftCompile normal arm64 Compiling\ ColorPalette.swift /Users/buddhirajgautam/Documents/Cherrygram-Mac/macOS-Swift/packages/ColorPalette/Sources/ColorPalette/ColorPalette.swift (in target 'ColorPalette' from project 'ColorPalette')
/Users/buddhirajgautam/Documents/Cherrygram-Mac/macOS-Swift/packages/ColorPalette/Sources/ColorPalette/ColorPalette.swift:2317:43: warning: 'usingColorSpaceName' was deprecated in macOS 10.14: Use -colorUsingType: or -colorUsingColorSpace: instead [#DeprecatedDeclaration]
2315 |     }
2316 |     private var controlAccentColor: NSColor {
2317 |         return NSColor.controlAccentColor.usingColorSpaceName(NSColorSpaceName.deviceRGB)!
     |                                           `- warning: 'usingColorSpaceName' was deprecated in macOS 10.14: Use -colorUsingType: or -colorUsingColorSpace: instead [#DeprecatedDeclaration]
2318 |     }
2319 |     private var selectedTextBackgroundColor: NSColor {

/Users/buddhirajgautam/Documents/Cherrygram-Mac/macOS-Swift/packages/ColorPalette/Sources/ColorPalette/ColorPalette.swift:2417:30: warning: 'usingColorSpaceName' was deprecated in macOS 10.14: Use -colorUsingType: or -colorUsingColorSpace: instead [#DeprecatedDeclaration]
2415 |     }
2416 |     override var chatReplyTextDisabledBubble_outgoing: NSColor {
2417 |         return NSColor.white.usingColorSpaceName(NSColorSpaceName.deviceRGB)!
     |                              `- warning: 'usingColorSpaceName' was deprecated in macOS 10.14: Use -colorUsingType: or -colorUsingColorSpace: instead [#DeprecatedDeclaration]
2418 |     }
2419 |     override var groupPeerNameRed: NSColor {

/Users/buddhirajgautam/Documents/Cherrygram-Mac/macOS-Swift/packages/ColorPalette/Sources/ColorPalette/ColorPalette.swift:2420:34: warning: 'usingColorSpaceName' was deprecated in macOS 10.14: Use -colorUsingType: or -colorUsingColorSpace: instead [#DeprecatedDeclaration]
2418 |     }
2419 |     override var groupPeerNameRed: NSColor {
2420 |         return NSColor.systemRed.usingColorSpaceName(NSColorSpaceName.deviceRGB)!
     |                                  `- warning: 'usingColorSpaceName' was deprecated in macOS 10.14: Use -colorUsingType: or -colorUsingColorSpace: instead [#DeprecatedDeclaration]
2421 |     }
2422 |     override var groupPeerNameBlue: NSColor {

/Users/buddhirajgautam/Documents/Cherrygram-Mac/macOS-Swift/packages/ColorPalette/Sources/ColorPalette/ColorPalette.swift:2423:35: warning: 'usingColorSpaceName' was deprecated in macOS 10.14: Use -colorUsingType: or -colorUsingColorSpace: instead [#DeprecatedDeclaration]
2421 |     }
2422 |     override var groupPeerNameBlue: NSColor {
2423 |         return NSColor.systemBlue.usingColorSpaceName(NSColorSpaceName.deviceRGB)!
     |                                   `- warning: 'usingColorSpaceName' was deprecated in macOS 10.14: Use -colorUsingType: or -colorUsingColorSpace: instead [#DeprecatedDeclaration]
2424 |     }
2425 |     override var groupPeerNameGreen: NSColor {

/Users/buddhirajgautam/Documents/Cherrygram-Mac/macOS-Swift/packages/ColorPalette/Sources/ColorPalette/ColorPalette.swift:2426:36: warning: 'usingColorSpaceName' was deprecated in macOS 10.14: Use -colorUsingType: or -colorUsingColorSpace: instead [#DeprecatedDeclaration]
2424 |     }
2425 |     override var groupPeerNameGreen: NSColor {
2426 |         return NSColor.systemGreen.usingColorSpaceName(NSColorSpaceName.deviceRGB)!
     |                                    `- warning: 'usingColorSpaceName' was deprecated in macOS 10.14: Use -colorUsingType: or -colorUsingColorSpace: instead [#DeprecatedDeclaration]
2427 |     }
2428 |     override var groupPeerNameOrange: NSColor {

/Users/buddhirajgautam/Documents/Cherrygram-Mac/macOS-Swift/packages/ColorPalette/Sources/ColorPalette/ColorPalette.swift:2429:37: warning: 'usingColorSpaceName' was deprecated in macOS 10.14: Use -colorUsingType: or -colorUsingColorSpace: instead [#DeprecatedDeclaration]
2427 |     }
2428 |     override var groupPeerNameOrange: NSColor {
2429 |         return NSColor.systemOrange.usingColorSpaceName(NSColorSpaceName.deviceRGB)!
     |                                     `- warning: 'usingColorSpaceName' was deprecated in macOS 10.14: Use -colorUsingType: or -colorUsingColorSpace: instead [#DeprecatedDeclaration]
2430 |     }
2431 |     override var bubbleBackground_outgoing: [NSColor] {

/Users/buddhirajgautam/Documents/Cherrygram-Mac/macOS-Swift/packages/ColorPalette/Sources/ColorPalette/ColorPalette.swift:2447:30: warning: 'usingColorSpaceName' was deprecated in macOS 10.14: Use -colorUsingType: or -colorUsingColorSpace: instead [#DeprecatedDeclaration]
2445 |     }
2446 |     override var linkBubble_outgoing: NSColor {
2447 |         return NSColor.white.usingColorSpaceName(NSColorSpaceName.deviceRGB)!
     |                              `- warning: 'usingColorSpaceName' was deprecated in macOS 10.14: Use -colorUsingType: or -colorUsingColorSpace: instead [#DeprecatedDeclaration]
2448 |     }
2449 |     override var selectTextBubble_incoming: NSColor {

[#DeprecatedDeclaration]: <https://docs.swift.org/compiler/documentation/diagnostics/deprecated-declaration>

SwiftCompile normal arm64 /Users/buddhirajgautam/Documents/Cherrygram-Mac/macOS-Swift/packages/ColorPalette/Sources/ColorPalette/ColorPalette.swift (in target 'ColorPalette' from project 'ColorPalette')
    cd /Users/buddhirajgautam/Documents/Cherrygram-Mac/macOS-Swift
    builtin-SwiftPerFileCompile ColorPalette.swift

Ld /Users/buddhirajgautam/Library/Developer/Xcode/DerivedData/Telegram-Mac-fygdgghdgmuleoelvxabfmqiotta/Build/Products/Debug/Colors.o normal (in target 'Colors' from project 'Colors')
    cd /Users/buddhirajgautam/Documents/Cherrygram-Mac/macOS-Swift/packages/Colors
    /Applications/Xcode.app/Contents/Developer/Toolchains/XcodeDefault.xctoolchain/usr/bin/clang -Xlinker -reproducible -target arm64-apple-macos12.0 -r -isysroot /Applications/Xcode.app/Contents/Developer/Platforms/MacOSX.platform/Developer/SDKs/MacOSX27.0.sdk -O0 -Xlinker -no_warn_duplicate_libraries -F/Users/buddhirajgautam/Library/Developer/Xcode/DerivedData/Telegram-Mac-fygdgghdgmuleoelvxabfmqiotta/Build/Intermediates.noindex/EagerLinkingTBDs/Debug -F/Users/buddhirajgautam/Library/Developer/Xcode/DerivedData/Telegram-Mac-fygdgghdgmuleoelvxabfmqiotta/Build/Products/Debug/PackageFrameworks -F/Users/buddhirajgautam/Library/Developer/Xcode/DerivedData/Telegram-Mac-fygdgghdgmuleoelvxabfmqiotta/Build/Products/Debug -iframework /Applications/Xcode.app/Contents/Developer/Platforms/MacOSX.platform/Developer/Library/Frameworks -filelist /Users/buddhirajgautam/Library/Developer/Xcode/DerivedData/Telegram-Mac-fygdgghdgmuleoelvxabfmqiotta/Build/Intermediates.noindex/Colors.build/Debug/Colors-t.build/Objects-normal/arm64/Colors.LinkFileList -nostdlib -Xlinker -object_path_lto -Xlinker /Users/buddhirajgautam/Library/Developer/Xcode/DerivedData/Telegram-Mac-fygdgghdgmuleoelvxabfmqiotta/Build/Intermediates.noindex/Colors.build/Debug/Colors-t.build/Objects-normal/arm64/Colors_lto.o -Xlinker -no_deduplicate -Xlinker -debug_variant -Xlinker -dependency_info -Xlinker /Users/buddhirajgautam/Library/Developer/Xcode/DerivedData/Telegram-Mac-fygdgghdgmuleoelvxabfmqiotta/Build/Intermediates.noindex/Colors.build/Debug/Colors-t.build/Objects-normal/arm64/Colors_dependency_info.dat -fobjc-link-runtime -L/Applications/Xcode.app/Contents/Developer/Toolchains/XcodeDefault.xctoolchain/usr/lib/swift/macosx -L/usr/lib/swift -Xlinker -add_ast_path -Xlinker /Users/buddhirajgautam/Library/Developer/Xcode/DerivedData/Telegram-Mac-fygdgghdgmuleoelvxabfmqiotta/Build/Intermediates.noindex/Colors.build/Debug/Colors-t.build/Objects-normal/arm64/Colors.swiftmodule -o /Users/buddhirajgautam/Library/Developer/Xcode/DerivedData/Telegram-Mac-fygdgghdgmuleoelvxabfmqiotta/Build/Products/Debug/Colors.o

SwiftDriverJobDiscovery normal arm64 Compiling TempBox.swift, TimeBasedCleanup.swift, TimestampBasedMessageAttributesIndexTable.swift, TimestampBasedMessageAttributesTable.swift, TimestampBasedMessageAttributesView.swift, TopChatMessageView.swift, UnorderedItemListTable.swift, UnreadMessageCountsView.swift, UnsentMessageHistoryView.swift, UnsentMessageIndicesView.swift, Upgrades.swift, AdaptedPostboxDecoder.swift, AdaptedPostboxKeyedDecodingContainer.swift, AdaptedPostboxSingleValueDecodingContainer.swift, AdaptedPostboxUnkeyedDecodingContainer.swift, AdaptedPostboxEncoder.swift, AdaptedPostboxKeyedEncodingContainer.swift, AdaptedPostboxSingleValueEncodingContainer.swift, AdaptedPostboxUnkeyedEncodingContainer.swift, PostboxCodingAdapter.swift, ValueBox.swift, ValueBoxKey.swift, ViewTracker.swift, Views.swift (in target 'Postbox' from project 'Postbox')

SwiftCompile normal arm64 Compiling\ PeerNamesColor.swift /Users/buddhirajgautam/Documents/Cherrygram-Mac/macOS-Swift/packages/ColorPalette/Sources/ColorPalette/PeerNamesColor.swift (in target 'ColorPalette' from project 'ColorPalette')

SwiftCompile normal arm64 /Users/buddhirajgautam/Documents/Cherrygram-Mac/macOS-Swift/packages/ColorPalette/Sources/ColorPalette/PeerNamesColor.swift (in target 'ColorPalette' from project 'ColorPalette')
    cd /Users/buddhirajgautam/Documents/Cherrygram-Mac/macOS-Swift
    builtin-SwiftPerFileCompile PeerNamesColor.swift

ProcessInfoPlistFile /Users/buddhirajgautam/Library/Developer/Xcode/DerivedData/Telegram-Mac-fygdgghdgmuleoelvxabfmqiotta/Build/Products/Debug/CodeSyntax.framework/Versions/A/Resources/Info.plist /Users/buddhirajgautam/Library/Developer/Xcode/DerivedData/Telegram-Mac-fygdgghdgmuleoelvxabfmqiotta/Build/Intermediates.noindex/CodeSyntax.build/Debug/CodeSyntax.build/empty-CodeSyntax.plist (in target 'CodeSyntax' from project 'CodeSyntax')
    cd /Users/buddhirajgautam/Documents/Cherrygram-Mac/macOS-Swift/submodules/CodeSyntax/CodeSyntax
    builtin-infoPlistUtility /Users/buddhirajgautam/Library/Developer/Xcode/DerivedData/Telegram-Mac-fygdgghdgmuleoelvxabfmqiotta/Build/Intermediates.noindex/CodeSyntax.build/Debug/CodeSyntax.build/empty-CodeSyntax.plist -producttype com.apple.product-type.framework -expandbuildsettings -platform macosx -o /Users/buddhirajgautam/Library/Developer/Xcode/DerivedData/Telegram-Mac-fygdgghdgmuleoelvxabfmqiotta/Build/Products/Debug/CodeSyntax.framework/Versions/A/Resources/Info.plist

SwiftDriverJobDiscovery normal arm64 Compiling RatingTable.swift, RedBlackTree.swift, RenderedPeer.swift, ReverseAssociatedPeerTable.swift, ReverseIndexReferenceTable.swift, SeedConfiguration.swift, SharedAccountMediaManager.swift, SimpleDictionary.swift, SimpleSet.swift, SqliteValueBox.swift, StorageBox.swift, StoryExpirationTimeItemsView.swift, StoryItemsTable.swift, StoryItemsView.swift, StoryStatesTable.swift, StoryStatesView.swift, StorySubscriptionsTable.swift, StorySubscriptionsView.swift, StoryTable.swift, StoryView.swift, StringIndexTokens.swift, SynchronizeGroupMessageStatsView.swift, SynchronizePeerReadStatesView.swift, Table.swift (in target 'Postbox' from project 'Postbox')

SwiftCompile normal arm64 Compiling\ Signature.swift /Users/buddhirajgautam/Documents/Cherrygram-Mac/macOS-Swift/packages/ApiCredentials/Sources/ApiCredentials/Signature.swift (in target 'ApiCredentials' from project 'ApiCredentials')
/Users/buddhirajgautam/Documents/Cherrygram-Mac/macOS-Swift/packages/ApiCredentials/Sources/ApiCredentials/Signature.swift:44:23: warning: 'SecTrustGetCertificateAtIndex' was deprecated in macOS 12.0: renamed to 'SecTrustCopyCertificateChain(_:)' [#DeprecatedDeclaration]
42 |     
43 |     for i in 0 ..< certsCount {
44 |         if let cert = SecTrustGetCertificateAtIndex(trust, i) {
   |                       |- warning: 'SecTrustGetCertificateAtIndex' was deprecated in macOS 12.0: renamed to 'SecTrustCopyCertificateChain(_:)' [#DeprecatedDeclaration]
   |                       `- note: use 'SecTrustCopyCertificateChain(_:)' instead
45 |             certsData.append(SecCertificateCopyData(cert) as Data)
46 |         } else {

/Users/buddhirajgautam/Documents/Cherrygram-Mac/macOS-Swift/packages/ApiCredentials/Sources/ApiCredentials/Signature.swift:51:15: warning: 'withUnsafeBytes' is deprecated: use `withUnsafeBytes<R>(_: (UnsafeRawBufferPointer) throws -> R) rethrows -> R` instead [#DeprecatedDeclaration]
49 |     }
50 |     var digest = [UInt8](repeating: 0, count:Int(CC_SHA1_DIGEST_LENGTH))
51 |     certsData.withUnsafeBytes {
   |               `- warning: 'withUnsafeBytes' is deprecated: use `withUnsafeBytes<R>(_: (UnsafeRawBufferPointer) throws -> R) rethrows -> R` instead [#DeprecatedDeclaration]
52 |         _ = CC_SHA1($0, CC_LONG(certsData.count), &digest)
53 |     }

[#DeprecatedDeclaration]: <https://docs.swift.org/compiler/documentation/diagnostics/deprecated-declaration>

SwiftCompile normal arm64 /Users/buddhirajgautam/Documents/Cherrygram-Mac/macOS-Swift/packages/ApiCredentials/Sources/ApiCredentials/Signature.swift (in target 'ApiCredentials' from project 'ApiCredentials')
    cd /Users/buddhirajgautam/Documents/Cherrygram-Mac/macOS-Swift
    builtin-SwiftPerFileCompile Signature.swift

Ld /Users/buddhirajgautam/Library/Developer/Xcode/DerivedData/Telegram-Mac-fygdgghdgmuleoelvxabfmqiotta/Build/Products/Debug/BuildConfig.o normal (in target 'BuildConfig' from project 'BuildConfig')
    cd /Users/buddhirajgautam/Documents/Cherrygram-Mac/macOS-Swift/submodules/BuildConfig
    /Applications/Xcode.app/Contents/Developer/Toolchains/XcodeDefault.xctoolchain/usr/bin/clang -Xlinker -reproducible -target arm64-apple-macos12.0 -r -isysroot /Applications/Xcode.app/Contents/Developer/Platforms/MacOSX.platform/Developer/SDKs/MacOSX27.0.sdk -O0 -Xlinker -no_warn_duplicate_libraries -F/Users/buddhirajgautam/Library/Developer/Xcode/DerivedData/Telegram-Mac-fygdgghdgmuleoelvxabfmqiotta/Build/Intermediates.noindex/EagerLinkingTBDs/Debug -F/Users/buddhirajgautam/Library/Developer/Xcode/DerivedData/Telegram-Mac-fygdgghdgmuleoelvxabfmqiotta/Build/Products/Debug/PackageFrameworks -F/Users/buddhirajgautam/Library/Developer/Xcode/DerivedData/Telegram-Mac-fygdgghdgmuleoelvxabfmqiotta/Build/Products/Debug -iframework /Applications/Xcode.app/Contents/Developer/Platforms/MacOSX.platform/Developer/Library/Frameworks -filelist /Users/buddhirajgautam/Library/Developer/Xcode/DerivedData/Telegram-Mac-fygdgghdgmuleoelvxabfmqiotta/Build/Intermediates.noindex/BuildConfig.build/Debug/BuildConfig-t.build/Objects-normal/arm64/BuildConfig.LinkFileList -nostdlib -Xlinker -object_path_lto -Xlinker /Users/buddhirajgautam/Library/Developer/Xcode/DerivedData/Telegram-Mac-fygdgghdgmuleoelvxabfmqiotta/Build/Intermediates.noindex/BuildConfig.build/Debug/BuildConfig-t.build/Objects-normal/arm64/BuildConfig_lto.o -Xlinker -no_deduplicate -Xlinker -debug_variant -Xlinker -dependency_info -Xlinker /Users/buddhirajgautam/Library/Developer/Xcode/DerivedData/Telegram-Mac-fygdgghdgmuleoelvxabfmqiotta/Build/Intermediates.noindex/BuildConfig.build/Debug/BuildConfig-t.build/Objects-normal/arm64/BuildConfig_dependency_info.dat -fobjc-arc -fobjc-link-runtime -o /Users/buddhirajgautam/Library/Developer/Xcode/DerivedData/Telegram-Mac-fygdgghdgmuleoelvxabfmqiotta/Build/Products/Debug/BuildConfig.o

SwiftDriverJobDiscovery normal arm64 Compiling PeerNamesColor.swift (in target 'ColorPalette' from project 'ColorPalette')

Ld /Users/buddhirajgautam/Library/Developer/Xcode/DerivedData/Telegram-Mac-fygdgghdgmuleoelvxabfmqiotta/Build/Intermediates.noindex/Sparkle.build/Debug/Autoupdate.build/Objects-normal/x86_64/Binary/Autoupdate normal x86_64 (in target 'Autoupdate' from project 'Sparkle')
    cd /Users/buddhirajgautam/Documents/Cherrygram-Mac/macOS-Swift/submodules/Sparkle
    /Applications/Xcode.app/Contents/Developer/Toolchains/XcodeDefault.xctoolchain/usr/bin/clang -Xlinker -reproducible -target x86_64-apple-macos12.0 -isysroot /Applications/Xcode.app/Contents/Developer/Platforms/MacOSX.platform/Developer/SDKs/MacOSX27.0.sdk -Os -Xlinker -no_warn_duplicate_libraries -L/Users/buddhirajgautam/Library/Developer/Xcode/DerivedData/Telegram-Mac-fygdgghdgmuleoelvxabfmqiotta/Build/Intermediates.noindex/EagerLinkingTBDs/Debug -L/Users/buddhirajgautam/Library/Developer/Xcode/DerivedData/Telegram-Mac-fygdgghdgmuleoelvxabfmqiotta/Build/Products/Debug -F/Users/buddhirajgautam/Library/Developer/Xcode/DerivedData/Telegram-Mac-fygdgghdgmuleoelvxabfmqiotta/Build/Intermediates.noindex/EagerLinkingTBDs/Debug -F/Users/buddhirajgautam/Library/Developer/Xcode/DerivedData/Telegram-Mac-fygdgghdgmuleoelvxabfmqiotta/Build/Products/Debug -filelist /Users/buddhirajgautam/Library/Developer/Xcode/DerivedData/Telegram-Mac-fygdgghdgmuleoelvxabfmqiotta/Build/Intermediates.noindex/Sparkle.build/Debug/Autoupdate.build/Objects-normal/x86_64/Autoupdate.LinkFileList -Xlinker -dead_strip -Xlinker -object_path_lto -Xlinker /Users/buddhirajgautam/Library/Developer/Xcode/DerivedData/Telegram-Mac-fygdgghdgmuleoelvxabfmqiotta/Build/Intermediates.noindex/Sparkle.build/Debug/Autoupdate.build/Objects-normal/x86_64/Autoupdate_lto.o -Xlinker -debug_variant -Xlinker -dependency_info -Xlinker /Users/buddhirajgautam/Library/Developer/Xcode/DerivedData/Telegram-Mac-fygdgghdgmuleoelvxabfmqiotta/Build/Intermediates.noindex/Sparkle.build/Debug/Autoupdate.build/Objects-normal/x86_64/Autoupdate_dependency_info.dat -fobjc-arc -fobjc-link-runtime -fprofile-instr-generate -Wl,-U,_NSURLQuarantinePropertiesKey -framework AppKit -framework Foundation -framework Security -o /Users/buddhirajgautam/Library/Developer/Xcode/DerivedData/Telegram-Mac-fygdgghdgmuleoelvxabfmqiotta/Build/Intermediates.noindex/Sparkle.build/Debug/Autoupdate.build/Objects-normal/x86_64/Binary/Autoupdate

Ld /Users/buddhirajgautam/Library/Developer/Xcode/DerivedData/Telegram-Mac-fygdgghdgmuleoelvxabfmqiotta/Build/Intermediates.noindex/Sparkle.build/Debug/Autoupdate.build/Objects-normal/arm64/Binary/Autoupdate normal arm64 (in target 'Autoupdate' from project 'Sparkle')
    cd /Users/buddhirajgautam/Documents/Cherrygram-Mac/macOS-Swift/submodules/Sparkle
    /Applications/Xcode.app/Contents/Developer/Toolchains/XcodeDefault.xctoolchain/usr/bin/clang -Xlinker -reproducible -target arm64-apple-macos12.0 -isysroot /Applications/Xcode.app/Contents/Developer/Platforms/MacOSX.platform/Developer/SDKs/MacOSX27.0.sdk -Os -Xlinker -no_warn_duplicate_libraries -L/Users/buddhirajgautam/Library/Developer/Xcode/DerivedData/Telegram-Mac-fygdgghdgmuleoelvxabfmqiotta/Build/Intermediates.noindex/EagerLinkingTBDs/Debug -L/Users/buddhirajgautam/Library/Developer/Xcode/DerivedData/Telegram-Mac-fygdgghdgmuleoelvxabfmqiotta/Build/Products/Debug -F/Users/buddhirajgautam/Library/Developer/Xcode/DerivedData/Telegram-Mac-fygdgghdgmuleoelvxabfmqiotta/Build/Intermediates.noindex/EagerLinkingTBDs/Debug -F/Users/buddhirajgautam/Library/Developer/Xcode/DerivedData/Telegram-Mac-fygdgghdgmuleoelvxabfmqiotta/Build/Products/Debug -filelist /Users/buddhirajgautam/Library/Developer/Xcode/DerivedData/Telegram-Mac-fygdgghdgmuleoelvxabfmqiotta/Build/Intermediates.noindex/Sparkle.build/Debug/Autoupdate.build/Objects-normal/arm64/Autoupdate.LinkFileList -Xlinker -dead_strip -Xlinker -object_path_lto -Xlinker /Users/buddhirajgautam/Library/Developer/Xcode/DerivedData/Telegram-Mac-fygdgghdgmuleoelvxabfmqiotta/Build/Intermediates.noindex/Sparkle.build/Debug/Autoupdate.build/Objects-normal/arm64/Autoupdate_lto.o -Xlinker -debug_variant -Xlinker -dependency_info -Xlinker /Users/buddhirajgautam/Library/Developer/Xcode/DerivedData/Telegram-Mac-fygdgghdgmuleoelvxabfmqiotta/Build/Intermediates.noindex/Sparkle.build/Debug/Autoupdate.build/Objects-normal/arm64/Autoupdate_dependency_info.dat -fobjc-arc -fobjc-link-runtime -fprofile-instr-generate -Wl,-U,_NSURLQuarantinePropertiesKey -framework AppKit -framework Foundation -framework Security -o /Users/buddhirajgautam/Library/Developer/Xcode/DerivedData/Telegram-Mac-fygdgghdgmuleoelvxabfmqiotta/Build/Intermediates.noindex/Sparkle.build/Debug/Autoupdate.build/Objects-normal/arm64/Binary/Autoupdate

SwiftDriverJobDiscovery normal arm64 Compiling Signature.swift (in target 'ApiCredentials' from project 'ApiCredentials')

CpResource /Users/buddhirajgautam/Library/Developer/Xcode/DerivedData/Telegram-Mac-fygdgghdgmuleoelvxabfmqiotta/Build/Products/Debug/Autoupdate.app/Contents/Resources/AppIcon.icns /Users/buddhirajgautam/Documents/Cherrygram-Mac/macOS-Swift/submodules/Sparkle/Resources/AppIcon.icns (in target 'Autoupdate' from project 'Sparkle')
    cd /Users/buddhirajgautam/Documents/Cherrygram-Mac/macOS-Swift/submodules/Sparkle
    builtin-copy -exclude .DS_Store -exclude CVS -exclude .svn -exclude .git -exclude .hg -strip-unsigned-binaries -strip-deterministic -strip-tool /Applications/Xcode.app/Contents/Developer/Toolchains/XcodeDefault.xctoolchain/usr/bin/strip -resolve-src-symlinks /Users/buddhirajgautam/Documents/Cherrygram-Mac/macOS-Swift/submodules/Sparkle/Resources/AppIcon.icns /Users/buddhirajgautam/Library/Developer/Xcode/DerivedData/Telegram-Mac-fygdgghdgmuleoelvxabfmqiotta/Build/Products/Debug/Autoupdate.app/Contents/Resources

CopyStringsFile /Users/buddhirajgautam/Library/Developer/Xcode/DerivedData/Telegram-Mac-fygdgghdgmuleoelvxabfmqiotta/Build/Products/Debug/Autoupdate.app/Contents/Resources/zh_TW.lproj/Sparkle.strings /Users/buddhirajgautam/Documents/Cherrygram-Mac/macOS-Swift/submodules/Sparkle/Sparkle/zh_TW.lproj/Sparkle.strings (in target 'Autoupdate' from project 'Sparkle')
    cd /Users/buddhirajgautam/Documents/Cherrygram-Mac/macOS-Swift/submodules/Sparkle
    builtin-copyStrings --validate --inputencoding utf-8 --outputencoding UTF-16 --outfilename Sparkle.strings --outdir /Users/buddhirajgautam/Library/Developer/Xcode/DerivedData/Telegram-Mac-fygdgghdgmuleoelvxabfmqiotta/Build/Products/Debug/Autoupdate.app/Contents/Resources/zh_TW.lproj -- /Users/buddhirajgautam/Documents/Cherrygram-Mac/macOS-Swift/submodules/Sparkle/Sparkle/zh_TW.lproj/Sparkle.strings

CopyStringsFile /Users/buddhirajgautam/Library/Developer/Xcode/DerivedData/Telegram-Mac-fygdgghdgmuleoelvxabfmqiotta/Build/Products/Debug/Autoupdate.app/Contents/Resources/zh_CN.lproj/Sparkle.strings /Users/buddhirajgautam/Documents/Cherrygram-Mac/macOS-Swift/submodules/Sparkle/Sparkle/zh_CN.lproj/Sparkle.strings (in target 'Autoupdate' from project 'Sparkle')
    cd /Users/buddhirajgautam/Documents/Cherrygram-Mac/macOS-Swift/submodules/Sparkle
    builtin-copyStrings --validate --inputencoding utf-8 --outputencoding UTF-16 --outfilename Sparkle.strings --outdir /Users/buddhirajgautam/Library/Developer/Xcode/DerivedData/Telegram-Mac-fygdgghdgmuleoelvxabfmqiotta/Build/Products/Debug/Autoupdate.app/Contents/Resources/zh_CN.lproj -- /Users/buddhirajgautam/Documents/Cherrygram-Mac/macOS-Swift/submodules/Sparkle/Sparkle/zh_CN.lproj/Sparkle.strings

CopyStringsFile /Users/buddhirajgautam/Library/Developer/Xcode/DerivedData/Telegram-Mac-fygdgghdgmuleoelvxabfmqiotta/Build/Products/Debug/Autoupdate.app/Contents/Resources/uk.lproj/Sparkle.strings /Users/buddhirajgautam/Documents/Cherrygram-Mac/macOS-Swift/submodules/Sparkle/Sparkle/uk.lproj/Sparkle.strings (in target 'Autoupdate' from project 'Sparkle')
    cd /Users/buddhirajgautam/Documents/Cherrygram-Mac/macOS-Swift/submodules/Sparkle
    builtin-copyStrings --validate --inputencoding utf-8 --outputencoding UTF-16 --outfilename Sparkle.strings --outdir /Users/buddhirajgautam/Library/Developer/Xcode/DerivedData/Telegram-Mac-fygdgghdgmuleoelvxabfmqiotta/Build/Products/Debug/Autoupdate.app/Contents/Resources/uk.lproj -- /Users/buddhirajgautam/Documents/Cherrygram-Mac/macOS-Swift/submodules/Sparkle/Sparkle/uk.lproj/Sparkle.strings

CreateUniversalBinary /Users/buddhirajgautam/Library/Developer/Xcode/DerivedData/Telegram-Mac-fygdgghdgmuleoelvxabfmqiotta/Build/Products/Debug/Autoupdate.app/Contents/MacOS/Autoupdate normal arm64\ x86_64 (in target 'Autoupdate' from project 'Sparkle')
    cd /Users/buddhirajgautam/Documents/Cherrygram-Mac/macOS-Swift/submodules/Sparkle
    /Applications/Xcode.app/Contents/Developer/Toolchains/XcodeDefault.xctoolchain/usr/bin/lipo -create /Users/buddhirajgautam/Library/Developer/Xcode/DerivedData/Telegram-Mac-fygdgghdgmuleoelvxabfmqiotta/Build/Intermediates.noindex/Sparkle.build/Debug/Autoupdate.build/Objects-normal/arm64/Binary/Autoupdate /Users/buddhirajgautam/Library/Developer/Xcode/DerivedData/Telegram-Mac-fygdgghdgmuleoelvxabfmqiotta/Build/Intermediates.noindex/Sparkle.build/Debug/Autoupdate.build/Objects-normal/x86_64/Binary/Autoupdate -output /Users/buddhirajgautam/Library/Developer/Xcode/DerivedData/Telegram-Mac-fygdgghdgmuleoelvxabfmqiotta/Build/Products/Debug/Autoupdate.app/Contents/MacOS/Autoupdate

CopyStringsFile /Users/buddhirajgautam/Library/Developer/Xcode/DerivedData/Telegram-Mac-fygdgghdgmuleoelvxabfmqiotta/Build/Products/Debug/Autoupdate.app/Contents/Resources/tr.lproj/Sparkle.strings /Users/buddhirajgautam/Documents/Cherrygram-Mac/macOS-Swift/submodules/Sparkle/Sparkle/tr.lproj/Sparkle.strings (in target 'Autoupdate' from project 'Sparkle')
    cd /Users/buddhirajgautam/Documents/Cherrygram-Mac/macOS-Swift/submodules/Sparkle
    builtin-copyStrings --validate --outputencoding UTF-16 --outfilename Sparkle.strings --outdir /Users/buddhirajgautam/Library/Developer/Xcode/DerivedData/Telegram-Mac-fygdgghdgmuleoelvxabfmqiotta/Build/Products/Debug/Autoupdate.app/Contents/Resources/tr.lproj -- /Users/buddhirajgautam/Documents/Cherrygram-Mac/macOS-Swift/submodules/Sparkle/Sparkle/tr.lproj/Sparkle.strings
/Users/buddhirajgautam/Documents/Cherrygram-Mac/macOS-Swift/submodules/Sparkle/Sparkle/tr.lproj/Sparkle.strings:1:1: note: detected encoding of input file as Unicode (UTF-8) (in target 'Autoupdate' from project 'Sparkle')

CopyStringsFile /Users/buddhirajgautam/Library/Developer/Xcode/DerivedData/Telegram-Mac-fygdgghdgmuleoelvxabfmqiotta/Build/Products/Debug/Autoupdate.app/Contents/Resources/th.lproj/Sparkle.strings /Users/buddhirajgautam/Documents/Cherrygram-Mac/macOS-Swift/submodules/Sparkle/Sparkle/th.lproj/Sparkle.strings (in target 'Autoupdate' from project 'Sparkle')
    cd /Users/buddhirajgautam/Documents/Cherrygram-Mac/macOS-Swift/submodules/Sparkle
    builtin-copyStrings --validate --outputencoding UTF-16 --outfilename Sparkle.strings --outdir /Users/buddhirajgautam/Library/Developer/Xcode/DerivedData/Telegram-Mac-fygdgghdgmuleoelvxabfmqiotta/Build/Products/Debug/Autoupdate.app/Contents/Resources/th.lproj -- /Users/buddhirajgautam/Documents/Cherrygram-Mac/macOS-Swift/submodules/Sparkle/Sparkle/th.lproj/Sparkle.strings
/Users/buddhirajgautam/Documents/Cherrygram-Mac/macOS-Swift/submodules/Sparkle/Sparkle/th.lproj/Sparkle.strings:1:1: note: detected encoding of input file as Unicode (UTF-8) (in target 'Autoupdate' from project 'Sparkle')

CopyStringsFile /Users/buddhirajgautam/Library/Developer/Xcode/DerivedData/Telegram-Mac-fygdgghdgmuleoelvxabfmqiotta/Build/Products/Debug/Autoupdate.app/Contents/Resources/sv.lproj/Sparkle.strings /Users/buddhirajgautam/Documents/Cherrygram-Mac/macOS-Swift/submodules/Sparkle/Sparkle/sv.lproj/Sparkle.strings (in target 'Autoupdate' from project 'Sparkle')
    cd /Users/buddhirajgautam/Documents/Cherrygram-Mac/macOS-Swift/submodules/Sparkle
    builtin-copyStrings --validate --inputencoding utf-8 --outputencoding UTF-16 --outfilename Sparkle.strings --outdir /Users/buddhirajgautam/Library/Developer/Xcode/DerivedData/Telegram-Mac-fygdgghdgmuleoelvxabfmqiotta/Build/Products/Debug/Autoupdate.app/Contents/Resources/sv.lproj -- /Users/buddhirajgautam/Documents/Cherrygram-Mac/macOS-Swift/submodules/Sparkle/Sparkle/sv.lproj/Sparkle.strings

CopyStringsFile /Users/buddhirajgautam/Library/Developer/Xcode/DerivedData/Telegram-Mac-fygdgghdgmuleoelvxabfmqiotta/Build/Products/Debug/Autoupdate.app/Contents/Resources/sl.lproj/Sparkle.strings /Users/buddhirajgautam/Documents/Cherrygram-Mac/macOS-Swift/submodules/Sparkle/Sparkle/sl.lproj/Sparkle.strings (in target 'Autoupdate' from project 'Sparkle')
    cd /Users/buddhirajgautam/Documents/Cherrygram-Mac/macOS-Swift/submodules/Sparkle
    builtin-copyStrings --validate --outputencoding UTF-16 --outfilename Sparkle.strings --outdir /Users/buddhirajgautam/Library/Developer/Xcode/DerivedData/Telegram-Mac-fygdgghdgmuleoelvxabfmqiotta/Build/Products/Debug/Autoupdate.app/Contents/Resources/sl.lproj -- /Users/buddhirajgautam/Documents/Cherrygram-Mac/macOS-Swift/submodules/Sparkle/Sparkle/sl.lproj/Sparkle.strings
/Users/buddhirajgautam/Documents/Cherrygram-Mac/macOS-Swift/submodules/Sparkle/Sparkle/sl.lproj/Sparkle.strings:1:1: note: detected encoding of input file as Unicode (UTF-8) (in target 'Autoupdate' from project 'Sparkle')

CopyStringsFile /Users/buddhirajgautam/Library/Developer/Xcode/DerivedData/Telegram-Mac-fygdgghdgmuleoelvxabfmqiotta/Build/Products/Debug/Autoupdate.app/Contents/Resources/sk.lproj/Sparkle.strings /Users/buddhirajgautam/Documents/Cherrygram-Mac/macOS-Swift/submodules/Sparkle/Sparkle/sk.lproj/Sparkle.strings (in target 'Autoupdate' from project 'Sparkle')
    cd /Users/buddhirajgautam/Documents/Cherrygram-Mac/macOS-Swift/submodules/Sparkle
    builtin-copyStrings --validate --outputencoding UTF-16 --outfilename Sparkle.strings --outdir /Users/buddhirajgautam/Library/Developer/Xcode/DerivedData/Telegram-Mac-fygdgghdgmuleoelvxabfmqiotta/Build/Products/Debug/Autoupdate.app/Contents/Resources/sk.lproj -- /Users/buddhirajgautam/Documents/Cherrygram-Mac/macOS-Swift/submodules/Sparkle/Sparkle/sk.lproj/Sparkle.strings
/Users/buddhirajgautam/Documents/Cherrygram-Mac/macOS-Swift/submodules/Sparkle/Sparkle/sk.lproj/Sparkle.strings:1:1: note: detected encoding of input file as Unicode (UTF-8) (in target 'Autoupdate' from project 'Sparkle')

CopyStringsFile /Users/buddhirajgautam/Library/Developer/Xcode/DerivedData/Telegram-Mac-fygdgghdgmuleoelvxabfmqiotta/Build/Products/Debug/Autoupdate.app/Contents/Resources/ru.lproj/Sparkle.strings /Users/buddhirajgautam/Documents/Cherrygram-Mac/macOS-Swift/submodules/Sparkle/Sparkle/ru.lproj/Sparkle.strings (in target 'Autoupdate' from project 'Sparkle')
    cd /Users/buddhirajgautam/Documents/Cherrygram-Mac/macOS-Swift/submodules/Sparkle
    builtin-copyStrings --validate --inputencoding utf-8 --outputencoding UTF-16 --outfilename Sparkle.strings --outdir /Users/buddhirajgautam/Library/Developer/Xcode/DerivedData/Telegram-Mac-fygdgghdgmuleoelvxabfmqiotta/Build/Products/Debug/Autoupdate.app/Contents/Resources/ru.lproj -- /Users/buddhirajgautam/Documents/Cherrygram-Mac/macOS-Swift/submodules/Sparkle/Sparkle/ru.lproj/Sparkle.strings

CopyStringsFile /Users/buddhirajgautam/Library/Developer/Xcode/DerivedData/Telegram-Mac-fygdgghdgmuleoelvxabfmqiotta/Build/Products/Debug/Autoupdate.app/Contents/Resources/ro.lproj/Sparkle.strings /Users/buddhirajgautam/Documents/Cherrygram-Mac/macOS-Swift/submodules/Sparkle/Sparkle/ro.lproj/Sparkle.strings (in target 'Autoupdate' from project 'Sparkle')
    cd /Users/buddhirajgautam/Documents/Cherrygram-Mac/macOS-Swift/submodules/Sparkle
    builtin-copyStrings --validate --outputencoding UTF-16 --outfilename Sparkle.strings --outdir /Users/buddhirajgautam/Library/Developer/Xcode/DerivedData/Telegram-Mac-fygdgghdgmuleoelvxabfmqiotta/Build/Products/Debug/Autoupdate.app/Contents/Resources/ro.lproj -- /Users/buddhirajgautam/Documents/Cherrygram-Mac/macOS-Swift/submodules/Sparkle/Sparkle/ro.lproj/Sparkle.strings
/Users/buddhirajgautam/Documents/Cherrygram-Mac/macOS-Swift/submodules/Sparkle/Sparkle/ro.lproj/Sparkle.strings:1:1: note: detected encoding of input file as Unicode (UTF-8) (in target 'Autoupdate' from project 'Sparkle')

CopyStringsFile /Users/buddhirajgautam/Library/Developer/Xcode/DerivedData/Telegram-Mac-fygdgghdgmuleoelvxabfmqiotta/Build/Products/Debug/Autoupdate.app/Contents/Resources/pt_PT.lproj/Sparkle.strings /Users/buddhirajgautam/Documents/Cherrygram-Mac/macOS-Swift/submodules/Sparkle/Sparkle/pt_PT.lproj/Sparkle.strings (in target 'Autoupdate' from project 'Sparkle')
    cd /Users/buddhirajgautam/Documents/Cherrygram-Mac/macOS-Swift/submodules/Sparkle
    builtin-copyStrings --validate --inputencoding utf-8 --outputencoding UTF-16 --outfilename Sparkle.strings --outdir /Users/buddhirajgautam/Library/Developer/Xcode/DerivedData/Telegram-Mac-fygdgghdgmuleoelvxabfmqiotta/Build/Products/Debug/Autoupdate.app/Contents/Resources/pt_PT.lproj -- /Users/buddhirajgautam/Documents/Cherrygram-Mac/macOS-Swift/submodules/Sparkle/Sparkle/pt_PT.lproj/Sparkle.strings

CopyStringsFile /Users/buddhirajgautam/Library/Developer/Xcode/DerivedData/Telegram-Mac-fygdgghdgmuleoelvxabfmqiotta/Build/Products/Debug/Autoupdate.app/Contents/Resources/pt_BR.lproj/Sparkle.strings /Users/buddhirajgautam/Documents/Cherrygram-Mac/macOS-Swift/submodules/Sparkle/Sparkle/pt_BR.lproj/Sparkle.strings (in target 'Autoupdate' from project 'Sparkle')
    cd /Users/buddhirajgautam/Documents/Cherrygram-Mac/macOS-Swift/submodules/Sparkle
    builtin-copyStrings --validate --inputencoding utf-8 --outputencoding UTF-16 --outfilename Sparkle.strings --outdir /Users/buddhirajgautam/Library/Developer/Xcode/DerivedData/Telegram-Mac-fygdgghdgmuleoelvxabfmqiotta/Build/Products/Debug/Autoupdate.app/Contents/Resources/pt_BR.lproj -- /Users/buddhirajgautam/Documents/Cherrygram-Mac/macOS-Swift/submodules/Sparkle/Sparkle/pt_BR.lproj/Sparkle.strings

CopyStringsFile /Users/buddhirajgautam/Library/Developer/Xcode/DerivedData/Telegram-Mac-fygdgghdgmuleoelvxabfmqiotta/Build/Products/Debug/Autoupdate.app/Contents/Resources/pl.lproj/Sparkle.strings /Users/buddhirajgautam/Documents/Cherrygram-Mac/macOS-Swift/submodules/Sparkle/Sparkle/pl.lproj/Sparkle.strings (in target 'Autoupdate' from project 'Sparkle')
    cd /Users/buddhirajgautam/Documents/Cherrygram-Mac/macOS-Swift/submodules/Sparkle
    builtin-copyStrings --validate --inputencoding utf-8 --outputencoding UTF-16 --outfilename Sparkle.strings --outdir /Users/buddhirajgautam/Library/Developer/Xcode/DerivedData/Telegram-Mac-fygdgghdgmuleoelvxabfmqiotta/Build/Products/Debug/Autoupdate.app/Contents/Resources/pl.lproj -- /Users/buddhirajgautam/Documents/Cherrygram-Mac/macOS-Swift/submodules/Sparkle/Sparkle/pl.lproj/Sparkle.strings

CopyStringsFile /Users/buddhirajgautam/Library/Developer/Xcode/DerivedData/Telegram-Mac-fygdgghdgmuleoelvxabfmqiotta/Build/Products/Debug/Autoupdate.app/Contents/Resources/nl.lproj/Sparkle.strings /Users/buddhirajgautam/Documents/Cherrygram-Mac/macOS-Swift/submodules/Sparkle/Sparkle/nl.lproj/Sparkle.strings (in target 'Autoupdate' from project 'Sparkle')
    cd /Users/buddhirajgautam/Documents/Cherrygram-Mac/macOS-Swift/submodules/Sparkle
    builtin-copyStrings --validate --inputencoding utf-8 --outputencoding UTF-16 --outfilename Sparkle.strings --outdir /Users/buddhirajgautam/Library/Developer/Xcode/DerivedData/Telegram-Mac-fygdgghdgmuleoelvxabfmqiotta/Build/Products/Debug/Autoupdate.app/Contents/Resources/nl.lproj -- /Users/buddhirajgautam/Documents/Cherrygram-Mac/macOS-Swift/submodules/Sparkle/Sparkle/nl.lproj/Sparkle.strings

CopyStringsFile /Users/buddhirajgautam/Library/Developer/Xcode/DerivedData/Telegram-Mac-fygdgghdgmuleoelvxabfmqiotta/Build/Products/Debug/Autoupdate.app/Contents/Resources/nb.lproj/Sparkle.strings /Users/buddhirajgautam/Documents/Cherrygram-Mac/macOS-Swift/submodules/Sparkle/Sparkle/nb.lproj/Sparkle.strings (in target 'Autoupdate' from project 'Sparkle')
    cd /Users/buddhirajgautam/Documents/Cherrygram-Mac/macOS-Swift/submodules/Sparkle
    builtin-copyStrings --validate --outputencoding UTF-16 --outfilename Sparkle.strings --outdir /Users/buddhirajgautam/Library/Developer/Xcode/DerivedData/Telegram-Mac-fygdgghdgmuleoelvxabfmqiotta/Build/Products/Debug/Autoupdate.app/Contents/Resources/nb.lproj -- /Users/buddhirajgautam/Documents/Cherrygram-Mac/macOS-Swift/submodules/Sparkle/Sparkle/nb.lproj/Sparkle.strings
/Users/buddhirajgautam/Documents/Cherrygram-Mac/macOS-Swift/submodules/Sparkle/Sparkle/nb.lproj/Sparkle.strings:1:1: note: detected encoding of input file as Unicode (UTF-8) (in target 'Autoupdate' from project 'Sparkle')

CopyStringsFile /Users/buddhirajgautam/Library/Developer/Xcode/DerivedData/Telegram-Mac-fygdgghdgmuleoelvxabfmqiotta/Build/Products/Debug/Autoupdate.app/Contents/Resources/ko.lproj/Sparkle.strings /Users/buddhirajgautam/Documents/Cherrygram-Mac/macOS-Swift/submodules/Sparkle/Sparkle/ko.lproj/Sparkle.strings (in target 'Autoupdate' from project 'Sparkle')
    cd /Users/buddhirajgautam/Documents/Cherrygram-Mac/macOS-Swift/submodules/Sparkle
    builtin-copyStrings --validate --outputencoding UTF-16 --outfilename Sparkle.strings --outdir /Users/buddhirajgautam/Library/Developer/Xcode/DerivedData/Telegram-Mac-fygdgghdgmuleoelvxabfmqiotta/Build/Products/Debug/Autoupdate.app/Contents/Resources/ko.lproj -- /Users/buddhirajgautam/Documents/Cherrygram-Mac/macOS-Swift/submodules/Sparkle/Sparkle/ko.lproj/Sparkle.strings
/Users/buddhirajgautam/Documents/Cherrygram-Mac/macOS-Swift/submodules/Sparkle/Sparkle/ko.lproj/Sparkle.strings:1:1: note: detected encoding of input file as Unicode (UTF-8) (in target 'Autoupdate' from project 'Sparkle')

CopyStringsFile /Users/buddhirajgautam/Library/Developer/Xcode/DerivedData/Telegram-Mac-fygdgghdgmuleoelvxabfmqiotta/Build/Products/Debug/Autoupdate.app/Contents/Resources/ja.lproj/Sparkle.strings /Users/buddhirajgautam/Documents/Cherrygram-Mac/macOS-Swift/submodules/Sparkle/Sparkle/ja.lproj/Sparkle.strings (in target 'Autoupdate' from project 'Sparkle')
    cd /Users/buddhirajgautam/Documents/Cherrygram-Mac/macOS-Swift/submodules/Sparkle
    builtin-copyStrings --validate --inputencoding utf-8 --outputencoding UTF-16 --outfilename Sparkle.strings --outdir /Users/buddhirajgautam/Library/Developer/Xcode/DerivedData/Telegram-Mac-fygdgghdgmuleoelvxabfmqiotta/Build/Products/Debug/Autoupdate.app/Contents/Resources/ja.lproj -- /Users/buddhirajgautam/Documents/Cherrygram-Mac/macOS-Swift/submodules/Sparkle/Sparkle/ja.lproj/Sparkle.strings

CopyStringsFile /Users/buddhirajgautam/Library/Developer/Xcode/DerivedData/Telegram-Mac-fygdgghdgmuleoelvxabfmqiotta/Build/Products/Debug/Autoupdate.app/Contents/Resources/it.lproj/Sparkle.strings /Users/buddhirajgautam/Documents/Cherrygram-Mac/macOS-Swift/submodules/Sparkle/Sparkle/it.lproj/Sparkle.strings (in target 'Autoupdate' from project 'Sparkle')
    cd /Users/buddhirajgautam/Documents/Cherrygram-Mac/macOS-Swift/submodules/Sparkle
    builtin-copyStrings --validate --inputencoding utf-8 --outputencoding UTF-16 --outfilename Sparkle.strings --outdir /Users/buddhirajgautam/Library/Developer/Xcode/DerivedData/Telegram-Mac-fygdgghdgmuleoelvxabfmqiotta/Build/Products/Debug/Autoupdate.app/Contents/Resources/it.lproj -- /Users/buddhirajgautam/Documents/Cherrygram-Mac/macOS-Swift/submodules/Sparkle/Sparkle/it.lproj/Sparkle.strings

CopyStringsFile /Users/buddhirajgautam/Library/Developer/Xcode/DerivedData/Telegram-Mac-fygdgghdgmuleoelvxabfmqiotta/Build/Products/Debug/Autoupdate.app/Contents/Resources/is.lproj/Sparkle.strings /Users/buddhirajgautam/Documents/Cherrygram-Mac/macOS-Swift/submodules/Sparkle/Sparkle/is.lproj/Sparkle.strings (in target 'Autoupdate' from project 'Sparkle')
    cd /Users/buddhirajgautam/Documents/Cherrygram-Mac/macOS-Swift/submodules/Sparkle
    builtin-copyStrings --validate --inputencoding utf-8 --outputencoding UTF-16 --outfilename Sparkle.strings --outdir /Users/buddhirajgautam/Library/Developer/Xcode/DerivedData/Telegram-Mac-fygdgghdgmuleoelvxabfmqiotta/Build/Products/Debug/Autoupdate.app/Contents/Resources/is.lproj -- /Users/buddhirajgautam/Documents/Cherrygram-Mac/macOS-Swift/submodules/Sparkle/Sparkle/is.lproj/Sparkle.strings

CopyStringsFile /Users/buddhirajgautam/Library/Developer/Xcode/DerivedData/Telegram-Mac-fygdgghdgmuleoelvxabfmqiotta/Build/Products/Debug/Autoupdate.app/Contents/Resources/hu.lproj/Sparkle.strings /Users/buddhirajgautam/Documents/Cherrygram-Mac/macOS-Swift/submodules/Sparkle/Sparkle/hu.lproj/Sparkle.strings (in target 'Autoupdate' from project 'Sparkle')
    cd /Users/buddhirajgautam/Documents/Cherrygram-Mac/macOS-Swift/submodules/Sparkle
    builtin-copyStrings --validate --outputencoding UTF-16 --outfilename Sparkle.strings --outdir /Users/buddhirajgautam/Library/Developer/Xcode/DerivedData/Telegram-Mac-fygdgghdgmuleoelvxabfmqiotta/Build/Products/Debug/Autoupdate.app/Contents/Resources/hu.lproj -- /Users/buddhirajgautam/Documents/Cherrygram-Mac/macOS-Swift/submodules/Sparkle/Sparkle/hu.lproj/Sparkle.strings
/Users/buddhirajgautam/Documents/Cherrygram-Mac/macOS-Swift/submodules/Sparkle/Sparkle/hu.lproj/Sparkle.strings:1:1: note: detected encoding of input file as Unicode (UTF-8) (in target 'Autoupdate' from project 'Sparkle')

CopyStringsFile /Users/buddhirajgautam/Library/Developer/Xcode/DerivedData/Telegram-Mac-fygdgghdgmuleoelvxabfmqiotta/Build/Products/Debug/Autoupdate.app/Contents/Resources/hr.lproj/Sparkle.strings /Users/buddhirajgautam/Documents/Cherrygram-Mac/macOS-Swift/submodules/Sparkle/Sparkle/hr.lproj/Sparkle.strings (in target 'Autoupdate' from project 'Sparkle')
    cd /Users/buddhirajgautam/Documents/Cherrygram-Mac/macOS-Swift/submodules/Sparkle
    builtin-copyStrings --validate --outputencoding UTF-16 --outfilename Sparkle.strings --outdir /Users/buddhirajgautam/Library/Developer/Xcode/DerivedData/Telegram-Mac-fygdgghdgmuleoelvxabfmqiotta/Build/Products/Debug/Autoupdate.app/Contents/Resources/hr.lproj -- /Users/buddhirajgautam/Documents/Cherrygram-Mac/macOS-Swift/submodules/Sparkle/Sparkle/hr.lproj/Sparkle.strings
/Users/buddhirajgautam/Documents/Cherrygram-Mac/macOS-Swift/submodules/Sparkle/Sparkle/hr.lproj/Sparkle.strings:1:1: note: detected encoding of input file as Unicode (UTF-8) (in target 'Autoupdate' from project 'Sparkle')

CopyStringsFile /Users/buddhirajgautam/Library/Developer/Xcode/DerivedData/Telegram-Mac-fygdgghdgmuleoelvxabfmqiotta/Build/Products/Debug/Autoupdate.app/Contents/Resources/he.lproj/Sparkle.strings /Users/buddhirajgautam/Documents/Cherrygram-Mac/macOS-Swift/submodules/Sparkle/Sparkle/he.lproj/Sparkle.strings (in target 'Autoupdate' from project 'Sparkle')
    cd /Users/buddhirajgautam/Documents/Cherrygram-Mac/macOS-Swift/submodules/Sparkle
    builtin-copyStrings --validate --outputencoding UTF-16 --outfilename Sparkle.strings --outdir /Users/buddhirajgautam/Library/Developer/Xcode/DerivedData/Telegram-Mac-fygdgghdgmuleoelvxabfmqiotta/Build/Products/Debug/Autoupdate.app/Contents/Resources/he.lproj -- /Users/buddhirajgautam/Documents/Cherrygram-Mac/macOS-Swift/submodules/Sparkle/Sparkle/he.lproj/Sparkle.strings
/Users/buddhirajgautam/Documents/Cherrygram-Mac/macOS-Swift/submodules/Sparkle/Sparkle/he.lproj/Sparkle.strings:1:1: note: detected encoding of input file as Unicode (UTF-8) (in target 'Autoupdate' from project 'Sparkle')

CopyStringsFile /Users/buddhirajgautam/Library/Developer/Xcode/DerivedData/Telegram-Mac-fygdgghdgmuleoelvxabfmqiotta/Build/Products/Debug/Autoupdate.app/Contents/Resources/fr.lproj/Sparkle.strings /Users/buddhirajgautam/Documents/Cherrygram-Mac/macOS-Swift/submodules/Sparkle/Sparkle/fr.lproj/Sparkle.strings (in target 'Autoupdate' from project 'Sparkle')
    cd /Users/buddhirajgautam/Documents/Cherrygram-Mac/macOS-Swift/submodules/Sparkle
    builtin-copyStrings --validate --inputencoding utf-8 --outputencoding UTF-16 --outfilename Sparkle.strings --outdir /Users/buddhirajgautam/Library/Developer/Xcode/DerivedData/Telegram-Mac-fygdgghdgmuleoelvxabfmqiotta/Build/Products/Debug/Autoupdate.app/Contents/Resources/fr.lproj -- /Users/buddhirajgautam/Documents/Cherrygram-Mac/macOS-Swift/submodules/Sparkle/Sparkle/fr.lproj/Sparkle.strings

CopyStringsFile /Users/buddhirajgautam/Library/Developer/Xcode/DerivedData/Telegram-Mac-fygdgghdgmuleoelvxabfmqiotta/Build/Products/Debug/Autoupdate.app/Contents/Resources/fi.lproj/Sparkle.strings /Users/buddhirajgautam/Documents/Cherrygram-Mac/macOS-Swift/submodules/Sparkle/Sparkle/fi.lproj/Sparkle.strings (in target 'Autoupdate' from project 'Sparkle')
    cd /Users/buddhirajgautam/Documents/Cherrygram-Mac/macOS-Swift/submodules/Sparkle
    builtin-copyStrings --validate --outputencoding UTF-16 --outfilename Sparkle.strings --outdir /Users/buddhirajgautam/Library/Developer/Xcode/DerivedData/Telegram-Mac-fygdgghdgmuleoelvxabfmqiotta/Build/Products/Debug/Autoupdate.app/Contents/Resources/fi.lproj -- /Users/buddhirajgautam/Documents/Cherrygram-Mac/macOS-Swift/submodules/Sparkle/Sparkle/fi.lproj/Sparkle.strings
/Users/buddhirajgautam/Documents/Cherrygram-Mac/macOS-Swift/submodules/Sparkle/Sparkle/fi.lproj/Sparkle.strings:1:1: note: detected encoding of input file as Unicode (UTF-8) (in target 'Autoupdate' from project 'Sparkle')

CopyStringsFile /Users/buddhirajgautam/Library/Developer/Xcode/DerivedData/Telegram-Mac-fygdgghdgmuleoelvxabfmqiotta/Build/Products/Debug/Autoupdate.app/Contents/Resources/es.lproj/Sparkle.strings /Users/buddhirajgautam/Documents/Cherrygram-Mac/macOS-Swift/submodules/Sparkle/Sparkle/es.lproj/Sparkle.strings (in target 'Autoupdate' from project 'Sparkle')
    cd /Users/buddhirajgautam/Documents/Cherrygram-Mac/macOS-Swift/submodules/Sparkle
    builtin-copyStrings --validate --inputencoding utf-8 --outputencoding UTF-16 --outfilename Sparkle.strings --outdir /Users/buddhirajgautam/Library/Developer/Xcode/DerivedData/Telegram-Mac-fygdgghdgmuleoelvxabfmqiotta/Build/Products/Debug/Autoupdate.app/Contents/Resources/es.lproj -- /Users/buddhirajgautam/Documents/Cherrygram-Mac/macOS-Swift/submodules/Sparkle/Sparkle/es.lproj/Sparkle.strings

CopyStringsFile /Users/buddhirajgautam/Library/Developer/Xcode/DerivedData/Telegram-Mac-fygdgghdgmuleoelvxabfmqiotta/Build/Products/Debug/Autoupdate.app/Contents/Resources/en.lproj/Sparkle.strings /Users/buddhirajgautam/Documents/Cherrygram-Mac/macOS-Swift/submodules/Sparkle/Sparkle/en.lproj/Sparkle.strings (in target 'Autoupdate' from project 'Sparkle')
    cd /Users/buddhirajgautam/Documents/Cherrygram-Mac/macOS-Swift/submodules/Sparkle
    builtin-copyStrings --validate --inputencoding utf-8 --outputencoding UTF-16 --outfilename Sparkle.strings --outdir /Users/buddhirajgautam/Library/Developer/Xcode/DerivedData/Telegram-Mac-fygdgghdgmuleoelvxabfmqiotta/Build/Products/Debug/Autoupdate.app/Contents/Resources/en.lproj -- /Users/buddhirajgautam/Documents/Cherrygram-Mac/macOS-Swift/submodules/Sparkle/Sparkle/en.lproj/Sparkle.strings

CopyStringsFile /Users/buddhirajgautam/Library/Developer/Xcode/DerivedData/Telegram-Mac-fygdgghdgmuleoelvxabfmqiotta/Build/Products/Debug/Autoupdate.app/Contents/Resources/el.lproj/Sparkle.strings /Users/buddhirajgautam/Documents/Cherrygram-Mac/macOS-Swift/submodules/Sparkle/Sparkle/el.lproj/Sparkle.strings (in target 'Autoupdate' from project 'Sparkle')
    cd /Users/buddhirajgautam/Documents/Cherrygram-Mac/macOS-Swift/submodules/Sparkle
    builtin-copyStrings --validate --outputencoding UTF-16 --outfilename Sparkle.strings --outdir /Users/buddhirajgautam/Library/Developer/Xcode/DerivedData/Telegram-Mac-fygdgghdgmuleoelvxabfmqiotta/Build/Products/Debug/Autoupdate.app/Contents/Resources/el.lproj -- /Users/buddhirajgautam/Documents/Cherrygram-Mac/macOS-Swift/submodules/Sparkle/Sparkle/el.lproj/Sparkle.strings
/Users/buddhirajgautam/Documents/Cherrygram-Mac/macOS-Swift/submodules/Sparkle/Sparkle/el.lproj/Sparkle.strings:1:1: note: detected encoding of input file as Unicode (UTF-8) (in target 'Autoupdate' from project 'Sparkle')

CopyStringsFile /Users/buddhirajgautam/Library/Developer/Xcode/DerivedData/Telegram-Mac-fygdgghdgmuleoelvxabfmqiotta/Build/Products/Debug/Autoupdate.app/Contents/Resources/de.lproj/Sparkle.strings /Users/buddhirajgautam/Documents/Cherrygram-Mac/macOS-Swift/submodules/Sparkle/Sparkle/de.lproj/Sparkle.strings (in target 'Autoupdate' from project 'Sparkle')
    cd /Users/buddhirajgautam/Documents/Cherrygram-Mac/macOS-Swift/submodules/Sparkle
    builtin-copyStrings --validate --inputencoding utf-8 --outputencoding UTF-16 --outfilename Sparkle.strings --outdir /Users/buddhirajgautam/Library/Developer/Xcode/DerivedData/Telegram-Mac-fygdgghdgmuleoelvxabfmqiotta/Build/Products/Debug/Autoupdate.app/Contents/Resources/de.lproj -- /Users/buddhirajgautam/Documents/Cherrygram-Mac/macOS-Swift/submodules/Sparkle/Sparkle/de.lproj/Sparkle.strings

CopyStringsFile /Users/buddhirajgautam/Library/Developer/Xcode/DerivedData/Telegram-Mac-fygdgghdgmuleoelvxabfmqiotta/Build/Products/Debug/Autoupdate.app/Contents/Resources/da.lproj/Sparkle.strings /Users/buddhirajgautam/Documents/Cherrygram-Mac/macOS-Swift/submodules/Sparkle/Sparkle/da.lproj/Sparkle.strings (in target 'Autoupdate' from project 'Sparkle')
    cd /Users/buddhirajgautam/Documents/Cherrygram-Mac/macOS-Swift/submodules/Sparkle
    builtin-copyStrings --validate --inputencoding utf-8 --outputencoding UTF-16 --outfilename Sparkle.strings --outdir /Users/buddhirajgautam/Library/Developer/Xcode/DerivedData/Telegram-Mac-fygdgghdgmuleoelvxabfmqiotta/Build/Products/Debug/Autoupdate.app/Contents/Resources/da.lproj -- /Users/buddhirajgautam/Documents/Cherrygram-Mac/macOS-Swift/submodules/Sparkle/Sparkle/da.lproj/Sparkle.strings

CopyStringsFile /Users/buddhirajgautam/Library/Developer/Xcode/DerivedData/Telegram-Mac-fygdgghdgmuleoelvxabfmqiotta/Build/Products/Debug/Autoupdate.app/Contents/Resources/cs.lproj/Sparkle.strings /Users/buddhirajgautam/Documents/Cherrygram-Mac/macOS-Swift/submodules/Sparkle/Sparkle/cs.lproj/Sparkle.strings (in target 'Autoupdate' from project 'Sparkle')
    cd /Users/buddhirajgautam/Documents/Cherrygram-Mac/macOS-Swift/submodules/Sparkle
    builtin-copyStrings --validate --inputencoding utf-8 --outputencoding UTF-16 --outfilename Sparkle.strings --outdir /Users/buddhirajgautam/Library/Developer/Xcode/DerivedData/Telegram-Mac-fygdgghdgmuleoelvxabfmqiotta/Build/Products/Debug/Autoupdate.app/Contents/Resources/cs.lproj -- /Users/buddhirajgautam/Documents/Cherrygram-Mac/macOS-Swift/submodules/Sparkle/Sparkle/cs.lproj/Sparkle.strings

CopyStringsFile /Users/buddhirajgautam/Library/Developer/Xcode/DerivedData/Telegram-Mac-fygdgghdgmuleoelvxabfmqiotta/Build/Products/Debug/Autoupdate.app/Contents/Resources/ca.lproj/Sparkle.strings /Users/buddhirajgautam/Documents/Cherrygram-Mac/macOS-Swift/submodules/Sparkle/Sparkle/ca.lproj/Sparkle.strings (in target 'Autoupdate' from project 'Sparkle')
    cd /Users/buddhirajgautam/Documents/Cherrygram-Mac/macOS-Swift/submodules/Sparkle
    builtin-copyStrings --validate --outputencoding UTF-16 --outfilename Sparkle.strings --outdir /Users/buddhirajgautam/Library/Developer/Xcode/DerivedData/Telegram-Mac-fygdgghdgmuleoelvxabfmqiotta/Build/Products/Debug/Autoupdate.app/Contents/Resources/ca.lproj -- /Users/buddhirajgautam/Documents/Cherrygram-Mac/macOS-Swift/submodules/Sparkle/Sparkle/ca.lproj/Sparkle.strings
/Users/buddhirajgautam/Documents/Cherrygram-Mac/macOS-Swift/submodules/Sparkle/Sparkle/ca.lproj/Sparkle.strings:1:1: note: detected encoding of input file as Unicode (UTF-8) (in target 'Autoupdate' from project 'Sparkle')

CopyStringsFile /Users/buddhirajgautam/Library/Developer/Xcode/DerivedData/Telegram-Mac-fygdgghdgmuleoelvxabfmqiotta/Build/Products/Debug/Autoupdate.app/Contents/Resources/ar.lproj/Sparkle.strings /Users/buddhirajgautam/Documents/Cherrygram-Mac/macOS-Swift/submodules/Sparkle/Sparkle/ar.lproj/Sparkle.strings (in target 'Autoupdate' from project 'Sparkle')
    cd /Users/buddhirajgautam/Documents/Cherrygram-Mac/macOS-Swift/submodules/Sparkle
    builtin-copyStrings --validate --inputencoding utf-8 --outputencoding UTF-16 --outfilename Sparkle.strings --outdir /Users/buddhirajgautam/Library/Developer/Xcode/DerivedData/Telegram-Mac-fygdgghdgmuleoelvxabfmqiotta/Build/Products/Debug/Autoupdate.app/Contents/Resources/ar.lproj -- /Users/buddhirajgautam/Documents/Cherrygram-Mac/macOS-Swift/submodules/Sparkle/Sparkle/ar.lproj/Sparkle.strings

CompileXIB /Users/buddhirajgautam/Documents/Cherrygram-Mac/macOS-Swift/submodules/Sparkle/Sparkle/SUStatus.xib (in target 'Autoupdate' from project 'Sparkle')
    cd /Users/buddhirajgautam/Documents/Cherrygram-Mac/macOS-Swift/submodules/Sparkle
    /Applications/Xcode.app/Contents/Developer/usr/bin/ibtool --errors --warnings --notices --module Autoupdate --output-partial-info-plist /Users/buddhirajgautam/Library/Developer/Xcode/DerivedData/Telegram-Mac-fygdgghdgmuleoelvxabfmqiotta/Build/Intermediates.noindex/Sparkle.build/Debug/Autoupdate.build/SUStatus-PartialInfo.plist --auto-activate-custom-fonts --target-device mac --minimum-deployment-target 12.0 --output-format human-readable-text --compile /Users/buddhirajgautam/Library/Developer/Xcode/DerivedData/Telegram-Mac-fygdgghdgmuleoelvxabfmqiotta/Build/Products/Debug/Autoupdate.app/Contents/Resources/SUStatus.nib /Users/buddhirajgautam/Documents/Cherrygram-Mac/macOS-Swift/submodules/Sparkle/Sparkle/SUStatus.xib
/* com.apple.ibtool.document.notices */
/Users/buddhirajgautam/Documents/Cherrygram-Mac/macOS-Swift/submodules/Sparkle/Sparkle/SUStatus.xib:8: note: NSTextField's height does not match its intrinsic content size, use "Size to Fit Content" to correct [22]
/Users/buddhirajgautam/Documents/Cherrygram-Mac/macOS-Swift/submodules/Sparkle/Sparkle/SUStatus.xib:16: note: NSTextField's height does not match its intrinsic content size, use "Size to Fit Content" to correct [22]

SwiftCompile normal arm64 Compiling\ Configuration.swift /Users/buddhirajgautam/Documents/Cherrygram-Mac/macOS-Swift/packages/ApiCredentials/Sources/ApiCredentials/Configuration.swift (in target 'ApiCredentials' from project 'ApiCredentials')

SwiftCompile normal arm64 /Users/buddhirajgautam/Documents/Cherrygram-Mac/macOS-Swift/packages/ApiCredentials/Sources/ApiCredentials/Configuration.swift (in target 'ApiCredentials' from project 'ApiCredentials')
    cd /Users/buddhirajgautam/Documents/Cherrygram-Mac/macOS-Swift
    builtin-SwiftPerFileCompile Configuration.swift

SwiftDriverJobDiscovery normal arm64 Compiling MultiplePeersView.swift, MutableBasicPeerView.swift, MutableLocalNoticeEntryView.swift, MutableMessageHistoryCustomTagSummariesView.swift, MutablePeerChatInclusionView.swift, NoticeTable.swift, OrderStatisticTable.swift, OrderedItemListEntry.swift, OrderedItemListIndexTable.swift, OrderedItemListTable.swift, OrderedItemListView.swift, OrderedList.swift, Peer.swift, PeerChatInterfaceState.swift, PeerChatInterfaceStateTable.swift, PeerChatListInclusion.swift, PeerChatStateTable.swift, PeerChatStateView.swift, PeerChatThreadInterfaceStateTable.swift, PeerChatTopIndexableMessageIds.swift, PeerGroup.swift, PeerMergedOperationLogIndexTable.swift, PeerMergedOperationLogView.swift, PeerNameIndexRepresentation.swift (in target 'Postbox' from project 'Postbox')

SwiftCompile normal arm64 Compiling\ Config.swift /Users/buddhirajgautam/Documents/Cherrygram-Mac/macOS-Swift/packages/ApiCredentials/Sources/ApiCredentials/Config.swift (in target 'ApiCredentials' from project 'ApiCredentials')

SwiftCompile normal arm64 /Users/buddhirajgautam/Documents/Cherrygram-Mac/macOS-Swift/packages/ApiCredentials/Sources/ApiCredentials/Config.swift (in target 'ApiCredentials' from project 'ApiCredentials')
    cd /Users/buddhirajgautam/Documents/Cherrygram-Mac/macOS-Swift
    builtin-SwiftPerFileCompile Config.swift

SwiftDriverJobDiscovery normal arm64 Compiling ColorPalette.swift (in target 'ColorPalette' from project 'ColorPalette')

ExtractAppIntentsMetadata (in target 'Translate' from project 'Translate')
    cd /Users/buddhirajgautam/Documents/Cherrygram-Mac/macOS-Swift/packages/Translate
    /Applications/Xcode.app/Contents/Developer/Toolchains/XcodeDefault.xctoolchain/usr/bin/appintentsmetadataprocessor --toolchain-dir /var/run/com.apple.security.cryptexd/mnt/com.apple.MobileAsset.MetalToolchain-v27.1.266.1.Pr1pMU/Metal.xctoolchain --module-name Translate --sdk-root /Applications/Xcode.app/Contents/Developer/Platforms/MacOSX.platform/Developer/SDKs/MacOSX27.0.sdk --xcode-version 27A266a --platform-family macOS --deployment-target 12.0 --bundle-identifier translate.Translate --output /Users/buddhirajgautam/Library/Developer/Xcode/DerivedData/Telegram-Mac-fygdgghdgmuleoelvxabfmqiotta/Build/Products/Debug/Translate.appintents --target-triple arm64-apple-macos12.0 --binary-file /Users/buddhirajgautam/Library/Developer/Xcode/DerivedData/Telegram-Mac-fygdgghdgmuleoelvxabfmqiotta/Build/Products/Debug/Translate.o --dependency-file /Users/buddhirajgautam/Library/Developer/Xcode/DerivedData/Telegram-Mac-fygdgghdgmuleoelvxabfmqiotta/Build/Intermediates.noindex/Translate.build/Debug/Translate-t.build/Objects-normal/arm64/Translate_dependency_info.dat --stringsdata-file /Users/buddhirajgautam/Library/Developer/Xcode/DerivedData/Telegram-Mac-fygdgghdgmuleoelvxabfmqiotta/Build/Intermediates.noindex/Translate.build/Debug/Translate-t.build/Objects-normal/arm64/ExtractedAppShortcutsMetadata.stringsdata --source-file-list /Users/buddhirajgautam/Library/Developer/Xcode/DerivedData/Telegram-Mac-fygdgghdgmuleoelvxabfmqiotta/Build/Intermediates.noindex/Translate.build/Debug/Translate-t.build/Objects-normal/arm64/Translate.SwiftFileList --metadata-file-list /Users/buddhirajgautam/Library/Developer/Xcode/DerivedData/Telegram-Mac-fygdgghdgmuleoelvxabfmqiotta/Build/Intermediates.noindex/Translate.build/Debug/Translate-t.build/Translate.DependencyMetadataFileList --static-metadata-file-list /Users/buddhirajgautam/Library/Developer/Xcode/DerivedData/Telegram-Mac-fygdgghdgmuleoelvxabfmqiotta/Build/Intermediates.noindex/Translate.build/Debug/Translate-t.build/Translate.DependencyStaticMetadataFileList --swift-const-vals-list /Users/buddhirajgautam/Library/Developer/Xcode/DerivedData/Telegram-Mac-fygdgghdgmuleoelvxabfmqiotta/Build/Intermediates.noindex/Translate.build/Debug/Translate-t.build/Objects-normal/arm64/Translate.SwiftConstValuesFileList --force --compile-time-extraction --deployment-aware-processing --no-app-shortcuts-localization
2026-09-21 20:24:22.611 appintentsmetadataprocessor[56494:3886378] Starting appintentsmetadataprocessor export
2026-09-21 20:24:22.734 appintentsmetadataprocessor[56494:3886378] Extracted no relevant App Intents symbols, skipping writing output

SwiftDriver TelegramCore normal arm64 com.apple.xcode.tools.swift.compiler (in target 'TelegramCore' from project 'TelegramCore')
    cd /Users/buddhirajgautam/Documents/Cherrygram-Mac/macOS-Swift
    builtin-SwiftDriver -- /Applications/Xcode.app/Contents/Developer/Toolchains/XcodeDefault.xctoolchain/usr/bin/swiftc -parse-as-library -module-name TelegramCore -Onone @/Users/buddhirajgautam/Library/Developer/Xcode/DerivedData/Telegram-Mac-fygdgghdgmuleoelvxabfmqiotta/Build/Intermediates.noindex/TelegramCore.build/Debug/TelegramCore-t.build/Objects-normal/arm64/TelegramCore.SwiftFileList -DSWIFT_PACKAGE -DDEBUG -DSWIFT_MODULE_RESOURCE_BUNDLE_UNAVAILABLE -Xcc -fmodule-map-file\=/Users/buddhirajgautam/Library/Developer/Xcode/DerivedData/Telegram-Mac-fygdgghdgmuleoelvxabfmqiotta/Build/Intermediates.noindex/GeneratedModuleMaps/MurMurHash32.modulemap -Xcc -fmodule-map-file\=/Users/buddhirajgautam/Library/Developer/Xcode/DerivedData/Telegram-Mac-fygdgghdgmuleoelvxabfmqiotta/Build/Intermediates.noindex/GeneratedModuleMaps/sqlcipher.modulemap -Xcc -fmodule-map-file\=/Users/buddhirajgautam/Library/Developer/Xcode/DerivedData/Telegram-Mac-fygdgghdgmuleoelvxabfmqiotta/Build/Intermediates.noindex/GeneratedModuleMaps/StringTransliteration.modulemap -Xcc -fmodule-map-file\=/Users/buddhirajgautam/Library/Developer/Xcode/DerivedData/Telegram-Mac-fygdgghdgmuleoelvxabfmqiotta/Build/Intermediates.noindex/GeneratedModuleMaps/Crc32.modulemap -Xcc -fmodule-map-file\=/Users/buddhirajgautam/Library/Developer/Xcode/DerivedData/Telegram-Mac-fygdgghdgmuleoelvxabfmqiotta/Build/Intermediates.noindex/GeneratedModuleMaps/MtProtoKit.modulemap -Xcc -fmodule-map-file\=/Users/buddhirajgautam/Library/Developer/Xcode/DerivedData/Telegram-Mac-fygdgghdgmuleoelvxabfmqiotta/Build/Intermediates.noindex/GeneratedModuleMaps/CryptoUtils.modulemap -Xcc -fmodule-map-file\=/Users/buddhirajgautam/Library/Developer/Xcode/DerivedData/Telegram-Mac-fygdgghdgmuleoelvxabfmqiotta/Build/Intermediates.noindex/GeneratedModuleMaps/NetworkLogging.modulemap -Xcc -fmodule-map-file\=/Users/buddhirajgautam/Library/Developer/Xcode/DerivedData/Telegram-Mac-fygdgghdgmuleoelvxabfmqiotta/Build/Intermediates.noindex/GeneratedModuleMaps/DarwinDirStat.modulemap -Xcc -fmodule-map-file\=/Users/buddhirajgautam/Library/Developer/Xcode/DerivedData/Telegram-Mac-fygdgghdgmuleoelvxabfmqiotta/Build/Intermediates.noindex/GeneratedModuleMaps/LegacyReachability.modulemap -Xcc -fmodule-map-file\=/Users/buddhirajgautam/Library/Developer/Xcode/DerivedData/Telegram-Mac-fygdgghdgmuleoelvxabfmqiotta/Build/Intermediates.noindex/GeneratedModuleMaps/EncryptionProvider.modulemap -DXcode -plugin-path /Applications/Xcode.app/Contents/Developer/Toolchains/XcodeDefault.xctoolchain/usr/lib/swift/host/plugins/testing -enable-experimental-feature DebugDescriptionMacro -sdk /Applications/Xcode.app/Contents/Developer/Platforms/MacOSX.platform/Developer/SDKs/MacOSX27.0.sdk -target arm64-apple-macos12.0 -g -module-cache-path /Users/buddhirajgautam/Library/Developer/Xcode/DerivedData/ModuleCache.noindex -Xfrontend -serialize-debugging-options -profile-coverage-mapping -profile-generate -enable-testing -index-store-path /Users/buddhirajgautam/Library/Developer/Xcode/DerivedData/Telegram-Mac-fygdgghdgmuleoelvxabfmqiotta/Index.noindex/DataStore -Xcc -D_LIBCPP_HARDENING_MODE\=_LIBCPP_HARDENING_MODE_DEBUG -swift-version 5 -I /Users/buddhirajgautam/Library/Developer/Xcode/DerivedData/Telegram-Mac-fygdgghdgmuleoelvxabfmqiotta/Build/Products/Debug -Isystem /Applications/Xcode.app/Contents/Developer/Platforms/MacOSX.platform/Developer/usr/lib -F /Users/buddhirajgautam/Library/Developer/Xcode/DerivedData/Telegram-Mac-fygdgghdgmuleoelvxabfmqiotta/Build/Products/Debug/PackageFrameworks -F /Users/buddhirajgautam/Library/Developer/Xcode/DerivedData/Telegram-Mac-fygdgghdgmuleoelvxabfmqiotta/Build/Products/Debug -F /Applications/Xcode.app/Contents/Developer/Platforms/MacOSX.platform/Developer/Library/Frameworks -c -j8 -enable-batch-mode -incremental -Xcc -ivfsstatcache -Xcc /Users/buddhirajgautam/Library/Developer/Xcode/DerivedData/SDKStatCaches.noindex/macosx27.0-26A425-e829b21a6f8c9b70876ba0858053c0447231f6df4def33e022ae2eb8f782df1a.sdkstatcache -output-file-map /Users/buddhirajgautam/Library/Developer/Xcode/DerivedData/Telegram-Mac-fygdgghdgmuleoelvxabfmqiotta/Build/Intermediates.noindex/TelegramCore.build/Debug/TelegramCore-t.build/Objects-normal/arm64/TelegramCore-OutputFileMap.json -save-temps -no-color-diagnostics -explicit-module-build -module-cache-path /Users/buddhirajgautam/Library/Developer/Xcode/DerivedData/Telegram-Mac-fygdgghdgmuleoelvxabfmqiotta/Build/Intermediates.noindex/SwiftExplicitPrecompiledModules -clang-scanner-module-cache-path /Users/buddhirajgautam/Library/Developer/Xcode/DerivedData/ModuleCache.noindex -sdk-module-cache-path /Users/buddhirajgautam/Library/Developer/Xcode/DerivedData/SDKExplicitPrecompiledModules -emit-dependencies -emit-module -emit-module-path /Users/buddhirajgautam/Library/Developer/Xcode/DerivedData/Telegram-Mac-fygdgghdgmuleoelvxabfmqiotta/Build/Intermediates.noindex/TelegramCore.build/Debug/TelegramCore-t.build/Objects-normal/arm64/TelegramCore.swiftmodule -serialize-diagnostics -dependency-scan-serialize-diagnostics-path /Users/buddhirajgautam/Library/Developer/Xcode/DerivedData/Telegram-Mac-fygdgghdgmuleoelvxabfmqiotta/Build/Intermediates.noindex/TelegramCore.build/Debug/TelegramCore-t.build/Objects-normal/arm64/TelegramCore-dependency-scan.dia -validate-clang-modules-once -clang-build-session-file /Users/buddhirajgautam/Library/Developer/Xcode/DerivedData/ModuleCache.noindex/Session.modulevalidation -Xcc -fmodules-prune-interval\=86400 -Xcc -fmodules-prune-after\=345600 -emit-const-values -const-gather-protocols-list /Users/buddhirajgautam/Library/Developer/Xcode/DerivedData/Telegram-Mac-fygdgghdgmuleoelvxabfmqiotta/Build/Intermediates.noindex/TelegramCore.build/Debug/TelegramCore-t.build/Objects-normal/arm64/TelegramCore_const_extract_protocols.json -Xcc -I/Users/buddhirajgautam/Documents/Cherrygram-Mac/macOS-Swift/submodules/telegram-ios/submodules/MurMurHash32/PublicHeaders -Xcc -I/Users/buddhirajgautam/Documents/Cherrygram-Mac/macOS-Swift/submodules/telegram-ios/submodules/sqlcipher/PublicHeaders -Xcc -I/Users/buddhirajgautam/Documents/Cherrygram-Mac/macOS-Swift/submodules/telegram-ios/submodules/StringTransliteration/PublicHeaders -Xcc -I/Users/buddhirajgautam/Documents/Cherrygram-Mac/macOS-Swift/submodules/telegram-ios/submodules/Crc32/PublicHeaders -Xcc -I/Users/buddhirajgautam/Documents/Cherrygram-Mac/macOS-Swift/submodules/telegram-ios/submodules/MtProtoKit/PublicHeaders -Xcc -I/Users/buddhirajgautam/Documents/Cherrygram-Mac/macOS-Swift/submodules/telegram-ios/submodules/CryptoUtils/PublicHeaders -Xcc -I/Users/buddhirajgautam/Documents/Cherrygram-Mac/macOS-Swift/submodules/telegram-ios/submodules/NetworkLogging/PublicHeaders -Xcc -I/Users/buddhirajgautam/Documents/Cherrygram-Mac/macOS-Swift/submodules/telegram-ios/submodules/Utils/DarwinDirStat/PublicHeaders -Xcc -I/Users/buddhirajgautam/Documents/Cherrygram-Mac/macOS-Swift/submodules/telegram-ios/submodules/Reachability/LegacyReachability/PublicHeaders -Xcc -I/Users/buddhirajgautam/Documents/Cherrygram-Mac/macOS-Swift/submodules/telegram-ios/submodules/EncryptionProvider/PublicHeaders -Xcc -I/Users/buddhirajgautam/Library/Developer/Xcode/DerivedData/Telegram-Mac-fygdgghdgmuleoelvxabfmqiotta/Build/Products/Debug/include -Xcc -I/Users/buddhirajgautam/Library/Developer/Xcode/DerivedData/Telegram-Mac-fygdgghdgmuleoelvxabfmqiotta/Build/Intermediates.noindex/TelegramCore.build/Debug/TelegramCore-t.build/DerivedSources-normal/arm64 -Xcc -I/Users/buddhirajgautam/Library/Developer/Xcode/DerivedData/Telegram-Mac-fygdgghdgmuleoelvxabfmqiotta/Build/Intermediates.noindex/TelegramCore.build/Debug/TelegramCore-t.build/DerivedSources/arm64 -Xcc -I/Users/buddhirajgautam/Library/Developer/Xcode/DerivedData/Telegram-Mac-fygdgghdgmuleoelvxabfmqiotta/Build/Intermediates.noindex/TelegramCore.build/Debug/TelegramCore-t.build/DerivedSources -Xcc -DSWIFT_PACKAGE -Xcc -DDEBUG\=1 -emit-objc-header -emit-objc-header-path /Users/buddhirajgautam/Library/Developer/Xcode/DerivedData/Telegram-Mac-fygdgghdgmuleoelvxabfmqiotta/Build/Intermediates.noindex/TelegramCore.build/Debug/TelegramCore-t.build/Objects-normal/arm64/TelegramCore-Swift.h -working-directory /Users/buddhirajgautam/Documents/Cherrygram-Mac/macOS-Swift -experimental-emit-module-separately -disable-cmo

SwiftDriverJobDiscovery normal arm64 Compiling Configuration.swift (in target 'ApiCredentials' from project 'ApiCredentials')

ExtractAppIntentsMetadata (in target 'TelegramIconsTheme' from project 'TelegramIconsTheme')
    cd /Users/buddhirajgautam/Documents/Cherrygram-Mac/macOS-Swift/packages/TelegramIconsTheme
    /Applications/Xcode.app/Contents/Developer/Toolchains/XcodeDefault.xctoolchain/usr/bin/appintentsmetadataprocessor --toolchain-dir /var/run/com.apple.security.cryptexd/mnt/com.apple.MobileAsset.MetalToolchain-v27.1.266.1.Pr1pMU/Metal.xctoolchain --module-name TelegramIconsTheme --sdk-root /Applications/Xcode.app/Contents/Developer/Platforms/MacOSX.platform/Developer/SDKs/MacOSX27.0.sdk --xcode-version 27A266a --platform-family macOS --deployment-target 12.0 --bundle-identifier telegramiconstheme.TelegramIconsTheme --output /Users/buddhirajgautam/Library/Developer/Xcode/DerivedData/Telegram-Mac-fygdgghdgmuleoelvxabfmqiotta/Build/Products/Debug/TelegramIconsTheme.appintents --target-triple arm64-apple-macos12.0 --binary-file /Users/buddhirajgautam/Library/Developer/Xcode/DerivedData/Telegram-Mac-fygdgghdgmuleoelvxabfmqiotta/Build/Products/Debug/TelegramIconsTheme.o --dependency-file /Users/buddhirajgautam/Library/Developer/Xcode/DerivedData/Telegram-Mac-fygdgghdgmuleoelvxabfmqiotta/Build/Intermediates.noindex/TelegramIconsTheme.build/Debug/TelegramIconsTheme-t.build/Objects-normal/arm64/TelegramIconsTheme_dependency_info.dat --stringsdata-file /Users/buddhirajgautam/Library/Developer/Xcode/DerivedData/Telegram-Mac-fygdgghdgmuleoelvxabfmqiotta/Build/Intermediates.noindex/TelegramIconsTheme.build/Debug/TelegramIconsTheme-t.build/Objects-normal/arm64/ExtractedAppShortcutsMetadata.stringsdata --source-file-list /Users/buddhirajgautam/Library/Developer/Xcode/DerivedData/Telegram-Mac-fygdgghdgmuleoelvxabfmqiotta/Build/Intermediates.noindex/TelegramIconsTheme.build/Debug/TelegramIconsTheme-t.build/Objects-normal/arm64/TelegramIconsTheme.SwiftFileList --metadata-file-list /Users/buddhirajgautam/Library/Developer/Xcode/DerivedData/Telegram-Mac-fygdgghdgmuleoelvxabfmqiotta/Build/Intermediates.noindex/TelegramIconsTheme.build/Debug/TelegramIconsTheme-t.build/TelegramIconsTheme.DependencyMetadataFileList --static-metadata-file-list /Users/buddhirajgautam/Library/Developer/Xcode/DerivedData/Telegram-Mac-fygdgghdgmuleoelvxabfmqiotta/Build/Intermediates.noindex/TelegramIconsTheme.build/Debug/TelegramIconsTheme-t.build/TelegramIconsTheme.DependencyStaticMetadataFileList --swift-const-vals-list /Users/buddhirajgautam/Library/Developer/Xcode/DerivedData/Telegram-Mac-fygdgghdgmuleoelvxabfmqiotta/Build/Intermediates.noindex/TelegramIconsTheme.build/Debug/TelegramIconsTheme-t.build/Objects-normal/arm64/TelegramIconsTheme.SwiftConstValuesFileList --force --compile-time-extraction --deployment-aware-processing --no-app-shortcuts-localization
2026-09-21 20:24:22.774 appintentsmetadataprocessor[56495:3886386] Starting appintentsmetadataprocessor export
2026-09-21 20:24:22.898 appintentsmetadataprocessor[56495:3886386] Extracted no relevant App Intents symbols, skipping writing output

SwiftDriver\ Compilation ColorPalette normal arm64 com.apple.xcode.tools.swift.compiler (in target 'ColorPalette' from project 'ColorPalette')
    cd /Users/buddhirajgautam/Documents/Cherrygram-Mac/macOS-Swift
    builtin-Swift-Compilation -- /Applications/Xcode.app/Contents/Developer/Toolchains/XcodeDefault.xctoolchain/usr/bin/swiftc -parse-as-library -module-name ColorPalette -Onone @/Users/buddhirajgautam/Library/Developer/Xcode/DerivedData/Telegram-Mac-fygdgghdgmuleoelvxabfmqiotta/Build/Intermediates.noindex/ColorPalette.build/Debug/ColorPalette-t.build/Objects-normal/arm64/ColorPalette.SwiftFileList -DSWIFT_PACKAGE -DDEBUG -DSWIFT_MODULE_RESOURCE_BUNDLE_UNAVAILABLE -DXcode -plugin-path /Applications/Xcode.app/Contents/Developer/Toolchains/XcodeDefault.xctoolchain/usr/lib/swift/host/plugins/testing -enable-experimental-feature DebugDescriptionMacro -sdk /Applications/Xcode.app/Contents/Developer/Platforms/MacOSX.platform/Developer/SDKs/MacOSX27.0.sdk -target arm64-apple-macos12.0 -g -module-cache-path /Users/buddhirajgautam/Library/Developer/Xcode/DerivedData/ModuleCache.noindex -Xfrontend -serialize-debugging-options -profile-coverage-mapping -profile-generate -enable-testing -index-store-path /Users/buddhirajgautam/Library/Developer/Xcode/DerivedData/Telegram-Mac-fygdgghdgmuleoelvxabfmqiotta/Index.noindex/DataStore -Xcc -D_LIBCPP_HARDENING_MODE\=_LIBCPP_HARDENING_MODE_DEBUG -swift-version 5 -I /Users/buddhirajgautam/Library/Developer/Xcode/DerivedData/Telegram-Mac-fygdgghdgmuleoelvxabfmqiotta/Build/Products/Debug -Isystem /Applications/Xcode.app/Contents/Developer/Platforms/MacOSX.platform/Developer/usr/lib -F /Users/buddhirajgautam/Library/Developer/Xcode/DerivedData/Telegram-Mac-fygdgghdgmuleoelvxabfmqiotta/Build/Products/Debug/PackageFrameworks -F /Users/buddhirajgautam/Library/Developer/Xcode/DerivedData/Telegram-Mac-fygdgghdgmuleoelvxabfmqiotta/Build/Products/Debug -F /Applications/Xcode.app/Contents/Developer/Platforms/MacOSX.platform/Developer/Library/Frameworks -c -j8 -enable-batch-mode -incremental -Xcc -ivfsstatcache -Xcc /Users/buddhirajgautam/Library/Developer/Xcode/DerivedData/SDKStatCaches.noindex/macosx27.0-26A425-e829b21a6f8c9b70876ba0858053c0447231f6df4def33e022ae2eb8f782df1a.sdkstatcache -output-file-map /Users/buddhirajgautam/Library/Developer/Xcode/DerivedData/Telegram-Mac-fygdgghdgmuleoelvxabfmqiotta/Build/Intermediates.noindex/ColorPalette.build/Debug/ColorPalette-t.build/Objects-normal/arm64/ColorPalette-OutputFileMap.json -save-temps -no-color-diagnostics -explicit-module-build -module-cache-path /Users/buddhirajgautam/Library/Developer/Xcode/DerivedData/Telegram-Mac-fygdgghdgmuleoelvxabfmqiotta/Build/Intermediates.noindex/SwiftExplicitPrecompiledModules -clang-scanner-module-cache-path /Users/buddhirajgautam/Library/Developer/Xcode/DerivedData/ModuleCache.noindex -sdk-module-cache-path /Users/buddhirajgautam/Library/Developer/Xcode/DerivedData/SDKExplicitPrecompiledModules -emit-dependencies -emit-module -emit-module-path /Users/buddhirajgautam/Library/Developer/Xcode/DerivedData/Telegram-Mac-fygdgghdgmuleoelvxabfmqiotta/Build/Intermediates.noindex/ColorPalette.build/Debug/ColorPalette-t.build/Objects-normal/arm64/ColorPalette.swiftmodule -serialize-diagnostics -dependency-scan-serialize-diagnostics-path /Users/buddhirajgautam/Library/Developer/Xcode/DerivedData/Telegram-Mac-fygdgghdgmuleoelvxabfmqiotta/Build/Intermediates.noindex/ColorPalette.build/Debug/ColorPalette-t.build/Objects-normal/arm64/ColorPalette-dependency-scan.dia -validate-clang-modules-once -clang-build-session-file /Users/buddhirajgautam/Library/Developer/Xcode/DerivedData/ModuleCache.noindex/Session.modulevalidation -Xcc -fmodules-prune-interval\=86400 -Xcc -fmodules-prune-after\=345600 -emit-const-values -const-gather-protocols-list /Users/buddhirajgautam/Library/Developer/Xcode/DerivedData/Telegram-Mac-fygdgghdgmuleoelvxabfmqiotta/Build/Intermediates.noindex/ColorPalette.build/Debug/ColorPalette-t.build/Objects-normal/arm64/ColorPalette_const_extract_protocols.json -Xcc -I/Users/buddhirajgautam/Library/Developer/Xcode/DerivedData/Telegram-Mac-fygdgghdgmuleoelvxabfmqiotta/Build/Products/Debug/include -Xcc -I/Users/buddhirajgautam/Library/Developer/Xcode/DerivedData/Telegram-Mac-fygdgghdgmuleoelvxabfmqiotta/Build/Intermediates.noindex/ColorPalette.build/Debug/ColorPalette-t.build/DerivedSources-normal/arm64 -Xcc -I/Users/buddhirajgautam/Library/Developer/Xcode/DerivedData/Telegram-Mac-fygdgghdgmuleoelvxabfmqiotta/Build/Intermediates.noindex/ColorPalette.build/Debug/ColorPalette-t.build/DerivedSources/arm64 -Xcc -I/Users/buddhirajgautam/Library/Developer/Xcode/DerivedData/Telegram-Mac-fygdgghdgmuleoelvxabfmqiotta/Build/Intermediates.noindex/ColorPalette.build/Debug/ColorPalette-t.build/DerivedSources -Xcc -DSWIFT_PACKAGE -Xcc -DDEBUG\=1 -emit-objc-header -emit-objc-header-path /Users/buddhirajgautam/Library/Developer/Xcode/DerivedData/Telegram-Mac-fygdgghdgmuleoelvxabfmqiotta/Build/Intermediates.noindex/ColorPalette.build/Debug/ColorPalette-t.build/Objects-normal/arm64/ColorPalette-Swift.h -working-directory /Users/buddhirajgautam/Documents/Cherrygram-Mac/macOS-Swift -experimental-emit-module-separately -disable-cmo

SwiftDriverJobDiscovery normal arm64 Compiling Config.swift (in target 'ApiCredentials' from project 'ApiCredentials')

SwiftDriver\ Compilation ApiCredentials normal arm64 com.apple.xcode.tools.swift.compiler (in target 'ApiCredentials' from project 'ApiCredentials')
    cd /Users/buddhirajgautam/Documents/Cherrygram-Mac/macOS-Swift
    builtin-Swift-Compilation -- /Applications/Xcode.app/Contents/Developer/Toolchains/XcodeDefault.xctoolchain/usr/bin/swiftc -parse-as-library -module-name ApiCredentials -Onone @/Users/buddhirajgautam/Library/Developer/Xcode/DerivedData/Telegram-Mac-fygdgghdgmuleoelvxabfmqiotta/Build/Intermediates.noindex/ApiCredentials.build/Debug/ApiCredentials-t.build/Objects-normal/arm64/ApiCredentials.SwiftFileList -DSWIFT_PACKAGE -DDEBUG -DSWIFT_MODULE_RESOURCE_BUNDLE_UNAVAILABLE -DXcode -plugin-path /Applications/Xcode.app/Contents/Developer/Toolchains/XcodeDefault.xctoolchain/usr/lib/swift/host/plugins/testing -enable-experimental-feature DebugDescriptionMacro -sdk /Applications/Xcode.app/Contents/Developer/Platforms/MacOSX.platform/Developer/SDKs/MacOSX27.0.sdk -target arm64-apple-macos12.0 -g -module-cache-path /Users/buddhirajgautam/Library/Developer/Xcode/DerivedData/ModuleCache.noindex -Xfrontend -serialize-debugging-options -profile-coverage-mapping -profile-generate -enable-testing -index-store-path /Users/buddhirajgautam/Library/Developer/Xcode/DerivedData/Telegram-Mac-fygdgghdgmuleoelvxabfmqiotta/Index.noindex/DataStore -Xcc -D_LIBCPP_HARDENING_MODE\=_LIBCPP_HARDENING_MODE_DEBUG -swift-version 5 -I /Users/buddhirajgautam/Library/Developer/Xcode/DerivedData/Telegram-Mac-fygdgghdgmuleoelvxabfmqiotta/Build/Products/Debug -Isystem /Applications/Xcode.app/Contents/Developer/Platforms/MacOSX.platform/Developer/usr/lib -F /Users/buddhirajgautam/Library/Developer/Xcode/DerivedData/Telegram-Mac-fygdgghdgmuleoelvxabfmqiotta/Build/Products/Debug -F /Applications/Xcode.app/Contents/Developer/Platforms/MacOSX.platform/Developer/Library/Frameworks -c -j8 -enable-batch-mode -incremental -Xcc -ivfsstatcache -Xcc /Users/buddhirajgautam/Library/Developer/Xcode/DerivedData/SDKStatCaches.noindex/macosx27.0-26A425-e829b21a6f8c9b70876ba0858053c0447231f6df4def33e022ae2eb8f782df1a.sdkstatcache -output-file-map /Users/buddhirajgautam/Library/Developer/Xcode/DerivedData/Telegram-Mac-fygdgghdgmuleoelvxabfmqiotta/Build/Intermediates.noindex/ApiCredentials.build/Debug/ApiCredentials-t.build/Objects-normal/arm64/ApiCredentials-OutputFileMap.json -save-temps -no-color-diagnostics -explicit-module-build -module-cache-path /Users/buddhirajgautam/Library/Developer/Xcode/DerivedData/Telegram-Mac-fygdgghdgmuleoelvxabfmqiotta/Build/Intermediates.noindex/SwiftExplicitPrecompiledModules -clang-scanner-module-cache-path /Users/buddhirajgautam/Library/Developer/Xcode/DerivedData/ModuleCache.noindex -sdk-module-cache-path /Users/buddhirajgautam/Library/Developer/Xcode/DerivedData/SDKExplicitPrecompiledModules -emit-dependencies -emit-module -emit-module-path /Users/buddhirajgautam/Library/Developer/Xcode/DerivedData/Telegram-Mac-fygdgghdgmuleoelvxabfmqiotta/Build/Intermediates.noindex/ApiCredentials.build/Debug/ApiCredentials-t.build/Objects-normal/arm64/ApiCredentials.swiftmodule -serialize-diagnostics -dependency-scan-serialize-diagnostics-path /Users/buddhirajgautam/Library/Developer/Xcode/DerivedData/Telegram-Mac-fygdgghdgmuleoelvxabfmqiotta/Build/Intermediates.noindex/ApiCredentials.build/Debug/ApiCredentials-t.build/Objects-normal/arm64/ApiCredentials-dependency-scan.dia -validate-clang-modules-once -clang-build-session-file /Users/buddhirajgautam/Library/Developer/Xcode/DerivedData/ModuleCache.noindex/Session.modulevalidation -Xcc -fmodules-prune-interval\=86400 -Xcc -fmodules-prune-after\=345600 -emit-const-values -const-gather-protocols-list /Users/buddhirajgautam/Library/Developer/Xcode/DerivedData/Telegram-Mac-fygdgghdgmuleoelvxabfmqiotta/Build/Intermediates.noindex/ApiCredentials.build/Debug/ApiCredentials-t.build/Objects-normal/arm64/ApiCredentials_const_extract_protocols.json -Xcc -I/Users/buddhirajgautam/Library/Developer/Xcode/DerivedData/Telegram-Mac-fygdgghdgmuleoelvxabfmqiotta/Build/Products/Debug/include -Xcc -I/Users/buddhirajgautam/Library/Developer/Xcode/DerivedData/Telegram-Mac-fygdgghdgmuleoelvxabfmqiotta/Build/Intermediates.noindex/ApiCredentials.build/Debug/ApiCredentials-t.build/DerivedSources-normal/arm64 -Xcc -I/Users/buddhirajgautam/Library/Developer/Xcode/DerivedData/Telegram-Mac-fygdgghdgmuleoelvxabfmqiotta/Build/Intermediates.noindex/ApiCredentials.build/Debug/ApiCredentials-t.build/DerivedSources/arm64 -Xcc -I/Users/buddhirajgautam/Library/Developer/Xcode/DerivedData/Telegram-Mac-fygdgghdgmuleoelvxabfmqiotta/Build/Intermediates.noindex/ApiCredentials.build/Debug/ApiCredentials-t.build/DerivedSources -Xcc -DSWIFT_PACKAGE -Xcc -DDEBUG\=1 -emit-objc-header -emit-objc-header-path /Users/buddhirajgautam/Library/Developer/Xcode/DerivedData/Telegram-Mac-fygdgghdgmuleoelvxabfmqiotta/Build/Intermediates.noindex/ApiCredentials.build/Debug/ApiCredentials-t.build/Objects-normal/arm64/ApiCredentials-Swift.h -working-directory /Users/buddhirajgautam/Documents/Cherrygram-Mac/macOS-Swift -experimental-emit-module-separately -disable-cmo

SwiftDriver TGUIKit normal arm64 com.apple.xcode.tools.swift.compiler (in target 'TGUIKit' from project 'TGUIKit')
    cd /Users/buddhirajgautam/Documents/Cherrygram-Mac/macOS-Swift
    builtin-SwiftDriver -- /Applications/Xcode.app/Contents/Developer/Toolchains/XcodeDefault.xctoolchain/usr/bin/swiftc -parse-as-library -module-name TGUIKit -Onone @/Users/buddhirajgautam/Library/Developer/Xcode/DerivedData/Telegram-Mac-fygdgghdgmuleoelvxabfmqiotta/Build/Intermediates.noindex/TGUIKit.build/Debug/TGUIKit-t.build/Objects-normal/arm64/TGUIKit.SwiftFileList -DSWIFT_PACKAGE -DDEBUG -DSWIFT_MODULE_RESOURCE_BUNDLE_UNAVAILABLE -Xcc -fmodule-map-file\=/Users/buddhirajgautam/Library/Developer/Xcode/DerivedData/Telegram-Mac-fygdgghdgmuleoelvxabfmqiotta/Build/Intermediates.noindex/GeneratedModuleMaps/ObjcUtils.modulemap -DXcode -plugin-path /Applications/Xcode.app/Contents/Developer/Toolchains/XcodeDefault.xctoolchain/usr/lib/swift/host/plugins/testing -enable-experimental-feature DebugDescriptionMacro -sdk /Applications/Xcode.app/Contents/Developer/Platforms/MacOSX.platform/Developer/SDKs/MacOSX27.0.sdk -target arm64-apple-macos12.0 -g -module-cache-path /Users/buddhirajgautam/Library/Developer/Xcode/DerivedData/ModuleCache.noindex -Xfrontend -serialize-debugging-options -profile-coverage-mapping -profile-generate -enable-testing -index-store-path /Users/buddhirajgautam/Library/Developer/Xcode/DerivedData/Telegram-Mac-fygdgghdgmuleoelvxabfmqiotta/Index.noindex/DataStore -Xcc -D_LIBCPP_HARDENING_MODE\=_LIBCPP_HARDENING_MODE_DEBUG -swift-version 5 -I /Users/buddhirajgautam/Library/Developer/Xcode/DerivedData/Telegram-Mac-fygdgghdgmuleoelvxabfmqiotta/Build/Products/Debug -Isystem /Applications/Xcode.app/Contents/Developer/Platforms/MacOSX.platform/Developer/usr/lib -F /Users/buddhirajgautam/Library/Developer/Xcode/DerivedData/Telegram-Mac-fygdgghdgmuleoelvxabfmqiotta/Build/Products/Debug/PackageFrameworks -F /Users/buddhirajgautam/Library/Developer/Xcode/DerivedData/Telegram-Mac-fygdgghdgmuleoelvxabfmqiotta/Build/Products/Debug -F /Applications/Xcode.app/Contents/Developer/Platforms/MacOSX.platform/Developer/Library/Frameworks -c -j8 -enable-batch-mode -incremental -Xcc -ivfsstatcache -Xcc /Users/buddhirajgautam/Library/Developer/Xcode/DerivedData/SDKStatCaches.noindex/macosx27.0-26A425-e829b21a6f8c9b70876ba0858053c0447231f6df4def33e022ae2eb8f782df1a.sdkstatcache -output-file-map /Users/buddhirajgautam/Library/Developer/Xcode/DerivedData/Telegram-Mac-fygdgghdgmuleoelvxabfmqiotta/Build/Intermediates.noindex/TGUIKit.build/Debug/TGUIKit-t.build/Objects-normal/arm64/TGUIKit-OutputFileMap.json -save-temps -no-color-diagnostics -explicit-module-build -module-cache-path /Users/buddhirajgautam/Library/Developer/Xcode/DerivedData/Telegram-Mac-fygdgghdgmuleoelvxabfmqiotta/Build/Intermediates.noindex/SwiftExplicitPrecompiledModules -clang-scanner-module-cache-path /Users/buddhirajgautam/Library/Developer/Xcode/DerivedData/ModuleCache.noindex -sdk-module-cache-path /Users/buddhirajgautam/Library/Developer/Xcode/DerivedData/SDKExplicitPrecompiledModules -emit-dependencies -emit-module -emit-module-path /Users/buddhirajgautam/Library/Developer/Xcode/DerivedData/Telegram-Mac-fygdgghdgmuleoelvxabfmqiotta/Build/Intermediates.noindex/TGUIKit.build/Debug/TGUIKit-t.build/Objects-normal/arm64/TGUIKit.swiftmodule -serialize-diagnostics -dependency-scan-serialize-diagnostics-path /Users/buddhirajgautam/Library/Developer/Xcode/DerivedData/Telegram-Mac-fygdgghdgmuleoelvxabfmqiotta/Build/Intermediates.noindex/TGUIKit.build/Debug/TGUIKit-t.build/Objects-normal/arm64/TGUIKit-dependency-scan.dia -validate-clang-modules-once -clang-build-session-file /Users/buddhirajgautam/Library/Developer/Xcode/DerivedData/ModuleCache.noindex/Session.modulevalidation -Xcc -fmodules-prune-interval\=86400 -Xcc -fmodules-prune-after\=345600 -emit-const-values -const-gather-protocols-list /Users/buddhirajgautam/Library/Developer/Xcode/DerivedData/Telegram-Mac-fygdgghdgmuleoelvxabfmqiotta/Build/Intermediates.noindex/TGUIKit.build/Debug/TGUIKit-t.build/Objects-normal/arm64/TGUIKit_const_extract_protocols.json -Xcc -I/Users/buddhirajgautam/Documents/Cherrygram-Mac/macOS-Swift/packages/ObjcUtils/Sources/ObjcUtils -Xcc -I/Users/buddhirajgautam/Library/Developer/Xcode/DerivedData/Telegram-Mac-fygdgghdgmuleoelvxabfmqiotta/Build/Products/Debug/include -Xcc -I/Users/buddhirajgautam/Library/Developer/Xcode/DerivedData/Telegram-Mac-fygdgghdgmuleoelvxabfmqiotta/Build/Intermediates.noindex/TGUIKit.build/Debug/TGUIKit-t.build/DerivedSources-normal/arm64 -Xcc -I/Users/buddhirajgautam/Library/Developer/Xcode/DerivedData/Telegram-Mac-fygdgghdgmuleoelvxabfmqiotta/Build/Intermediates.noindex/TGUIKit.build/Debug/TGUIKit-t.build/DerivedSources/arm64 -Xcc -I/Users/buddhirajgautam/Library/Developer/Xcode/DerivedData/Telegram-Mac-fygdgghdgmuleoelvxabfmqiotta/Build/Intermediates.noindex/TGUIKit.build/Debug/TGUIKit-t.build/DerivedSources -Xcc -DSWIFT_PACKAGE -Xcc -DDEBUG\=1 -emit-objc-header -emit-objc-header-path /Users/buddhirajgautam/Library/Developer/Xcode/DerivedData/Telegram-Mac-fygdgghdgmuleoelvxabfmqiotta/Build/Intermediates.noindex/TGUIKit.build/Debug/TGUIKit-t.build/Objects-normal/arm64/TGUIKit-Swift.h -working-directory /Users/buddhirajgautam/Documents/Cherrygram-Mac/macOS-Swift -experimental-emit-module-separately -disable-cmo
/Users/buddhirajgautam/Documents/Cherrygram-Mac/macOS-Swift/packages/TGUIKit/Sources/MergeLists.swift:253:9: warning: Platform condition appears to be testing for simulator environment; use 'targetEnvironment(simulator)' instead (in target 'TGUIKit' from project 'TGUIKit')
    note: Replace with 'targetEnvironment(simulator)'
/Users/buddhirajgautam/Documents/Cherrygram-Mac/macOS-Swift/packages/TGUIKit/Sources/MergeLists.swift:253:9: note: Replace with 'targetEnvironment(simulator)'
    #if (arch(i386) || arch(x86_64)) && os(iOS)
        ^~~~~~~~~~~~~~~~~~~~~~~~~~~~~~~~~~~~~~~
        targetEnvironment(simulator) (in target 'TGUIKit' from project 'TGUIKit')

Ld /Users/buddhirajgautam/Library/Developer/Xcode/DerivedData/Telegram-Mac-fygdgghdgmuleoelvxabfmqiotta/Build/Products/Debug/ApiCredentials.o normal (in target 'ApiCredentials' from project 'ApiCredentials')
    cd /Users/buddhirajgautam/Documents/Cherrygram-Mac/macOS-Swift/packages/ApiCredentials
    /Applications/Xcode.app/Contents/Developer/Toolchains/XcodeDefault.xctoolchain/usr/bin/clang -Xlinker -reproducible -target arm64-apple-macos12.0 -r -isysroot /Applications/Xcode.app/Contents/Developer/Platforms/MacOSX.platform/Developer/SDKs/MacOSX27.0.sdk -O0 -Xlinker -no_warn_duplicate_libraries -F/Users/buddhirajgautam/Library/Developer/Xcode/DerivedData/Telegram-Mac-fygdgghdgmuleoelvxabfmqiotta/Build/Intermediates.noindex/EagerLinkingTBDs/Debug -F/Users/buddhirajgautam/Library/Developer/Xcode/DerivedData/Telegram-Mac-fygdgghdgmuleoelvxabfmqiotta/Build/Products/Debug -iframework /Applications/Xcode.app/Contents/Developer/Platforms/MacOSX.platform/Developer/Library/Frameworks -filelist /Users/buddhirajgautam/Library/Developer/Xcode/DerivedData/Telegram-Mac-fygdgghdgmuleoelvxabfmqiotta/Build/Intermediates.noindex/ApiCredentials.build/Debug/ApiCredentials-t.build/Objects-normal/arm64/ApiCredentials.LinkFileList -nostdlib -Xlinker -object_path_lto -Xlinker /Users/buddhirajgautam/Library/Developer/Xcode/DerivedData/Telegram-Mac-fygdgghdgmuleoelvxabfmqiotta/Build/Intermediates.noindex/ApiCredentials.build/Debug/ApiCredentials-t.build/Objects-normal/arm64/ApiCredentials_lto.o -Xlinker -no_deduplicate -Xlinker -debug_variant -Xlinker -dependency_info -Xlinker /Users/buddhirajgautam/Library/Developer/Xcode/DerivedData/Telegram-Mac-fygdgghdgmuleoelvxabfmqiotta/Build/Intermediates.noindex/ApiCredentials.build/Debug/ApiCredentials-t.build/Objects-normal/arm64/ApiCredentials_dependency_info.dat -fobjc-link-runtime -L/Applications/Xcode.app/Contents/Developer/Toolchains/XcodeDefault.xctoolchain/usr/lib/swift/macosx -L/usr/lib/swift -Xlinker -add_ast_path -Xlinker /Users/buddhirajgautam/Library/Developer/Xcode/DerivedData/Telegram-Mac-fygdgghdgmuleoelvxabfmqiotta/Build/Intermediates.noindex/ApiCredentials.build/Debug/ApiCredentials-t.build/Objects-normal/arm64/ApiCredentials.swiftmodule -o /Users/buddhirajgautam/Library/Developer/Xcode/DerivedData/Telegram-Mac-fygdgghdgmuleoelvxabfmqiotta/Build/Products/Debug/ApiCredentials.o

CompileC /Users/buddhirajgautam/Library/Developer/Xcode/DerivedData/Telegram-Mac-fygdgghdgmuleoelvxabfmqiotta/Build/Intermediates.noindex/CodeSyntax.build/Debug/CodeSyntax.build/Objects-normal/arm64/TokenList.o /Users/buddhirajgautam/Documents/Cherrygram-Mac/macOS-Swift/submodules/libprisma/libprisma/TokenList.cpp normal arm64 c++ com.apple.compilers.llvm.clang.1_0.compiler (in target 'CodeSyntax' from project 'CodeSyntax')
    cd /Users/buddhirajgautam/Documents/Cherrygram-Mac/macOS-Swift/submodules/CodeSyntax/CodeSyntax
    
    Using response file: /Users/buddhirajgautam/Library/Developer/Xcode/DerivedData/Telegram-Mac-fygdgghdgmuleoelvxabfmqiotta/Build/Intermediates.noindex/CodeSyntax.build/Debug/CodeSyntax.build/Objects-normal/arm64/82b82416624d2658e5098eb0a28c15c5-common-args.resp
    
    /Applications/Xcode.app/Contents/Developer/Toolchains/XcodeDefault.xctoolchain/usr/bin/clang -x c++ -ivfsstatcache /Users/buddhirajgautam/Library/Developer/Xcode/DerivedData/SDKStatCaches.noindex/macosx27.0-26A425-e829b21a6f8c9b70876ba0858053c0447231f6df4def33e022ae2eb8f782df1a.sdkstatcache -target arm64-apple-macos12.0 -fmessage-length\=0 -fdiagnostics-show-note-include-stack -fmacro-backtrace-limit\=0 -fno-color-diagnostics -fmodules-prune-interval\=86400 -fmodules-prune-after\=345600 -fbuild-session-file\=/Users/buddhirajgautam/Library/Developer/Xcode/DerivedData/ModuleCache.noindex/Session.modulevalidation -fmodules-validate-once-per-build-session -Wnon-modular-include-in-framework-module -Werror\=non-modular-include-in-framework-module -Wno-trigraphs -Wno-missing-field-initializers -Wno-missing-prototypes -Werror\=return-type -Wdocumentation -Wunreachable-code -Wquoted-include-in-framework-header -Werror\=deprecated-objc-isa-usage -Werror\=objc-root-class -Wno-non-virtual-dtor -Wno-overloaded-virtual -Wno-exit-time-destructors -Wno-missing-braces -Wparentheses -Wswitch -Wunused-function -Wno-unused-label -Wno-unused-parameter -Wunused-variable -Wunused-value -Wempty-body -Wuninitialized -Wconditional-uninitialized -Wno-unknown-pragmas -Wno-shadow -Wno-four-char-constants -Wno-conversion -Wconstant-conversion -Wint-conversion -Wbool-conversion -Wenum-conversion -Wno-float-conversion -Wnon-literal-null-conversion -Wobjc-literal-conversion -Wshorten-64-to-32 -Wno-newline-eof -Wno-c++11-extensions -Wno-implicit-fallthrough -isysroot /Applications/Xcode.app/Contents/Developer/Platforms/MacOSX.platform/Developer/SDKs/MacOSX27.0.sdk -fstrict-aliasing -Wdeprecated-declarations -Winvalid-offsetof -Wno-sign-conversion -Winfinite-recursion -Wmove -Wcomma -Wblock-capture-autoreleasing -Wstrict-prototypes -Wrange-loop-analysis -Wno-semicolon-before-method-body -Wunguarded-availability -index-store-path /Users/buddhirajgautam/Library/Developer/Xcode/DerivedData/Telegram-Mac-fygdgghdgmuleoelvxabfmqiotta/Index.noindex/DataStore @/Users/buddhirajgautam/Library/Developer/Xcode/DerivedData/Telegram-Mac-fygdgghdgmuleoelvxabfmqiotta/Build/Intermediates.noindex/CodeSyntax.build/Debug/CodeSyntax.build/Objects-normal/arm64/82b82416624d2658e5098eb0a28c15c5-common-args.resp -MMD -MT dependencies -MF /Users/buddhirajgautam/Library/Developer/Xcode/DerivedData/Telegram-Mac-fygdgghdgmuleoelvxabfmqiotta/Build/Intermediates.noindex/CodeSyntax.build/Debug/CodeSyntax.build/Objects-normal/arm64/TokenList.d --serialize-diagnostics /Users/buddhirajgautam/Library/Developer/Xcode/DerivedData/Telegram-Mac-fygdgghdgmuleoelvxabfmqiotta/Build/Intermediates.noindex/CodeSyntax.build/Debug/CodeSyntax.build/Objects-normal/arm64/TokenList.dia -c /Users/buddhirajgautam/Documents/Cherrygram-Mac/macOS-Swift/submodules/libprisma/libprisma/TokenList.cpp -o /Users/buddhirajgautam/Library/Developer/Xcode/DerivedData/Telegram-Mac-fygdgghdgmuleoelvxabfmqiotta/Build/Intermediates.noindex/CodeSyntax.build/Debug/CodeSyntax.build/Objects-normal/arm64/TokenList.o -index-unit-output-path /CodeSyntax.build/Debug/CodeSyntax.build/Objects-normal/arm64/TokenList.o

CompileC /Users/buddhirajgautam/Library/Developer/Xcode/DerivedData/Telegram-Mac-fygdgghdgmuleoelvxabfmqiotta/Build/Intermediates.noindex/CodeSyntax.build/Debug/CodeSyntax.build/Objects-normal/arm64/Syntaxer.o /Users/buddhirajgautam/Documents/Cherrygram-Mac/macOS-Swift/submodules/CodeSyntax/CodeSyntax/CodeSyntax/Syntaxer.mm normal arm64 objective-c++ com.apple.compilers.llvm.clang.1_0.compiler (in target 'CodeSyntax' from project 'CodeSyntax')
    cd /Users/buddhirajgautam/Documents/Cherrygram-Mac/macOS-Swift/submodules/CodeSyntax/CodeSyntax
    
    Using response file: /Users/buddhirajgautam/Library/Developer/Xcode/DerivedData/Telegram-Mac-fygdgghdgmuleoelvxabfmqiotta/Build/Intermediates.noindex/CodeSyntax.build/Debug/CodeSyntax.build/Objects-normal/arm64/af3fcb34312c57c0f52879cdce924b91-common-args.resp
    
    /Applications/Xcode.app/Contents/Developer/Toolchains/XcodeDefault.xctoolchain/usr/bin/clang -x objective-c++ -ivfsstatcache /Users/buddhirajgautam/Library/Developer/Xcode/DerivedData/SDKStatCaches.noindex/macosx27.0-26A425-e829b21a6f8c9b70876ba0858053c0447231f6df4def33e022ae2eb8f782df1a.sdkstatcache -target arm64-apple-macos12.0 -fmessage-length\=0 -fdiagnostics-show-note-include-stack -fmacro-backtrace-limit\=0 -fno-color-diagnostics -fmodules-prune-interval\=86400 -fmodules-prune-after\=345600 -fbuild-session-file\=/Users/buddhirajgautam/Library/Developer/Xcode/DerivedData/ModuleCache.noindex/Session.modulevalidation -fmodules-validate-once-per-build-session -Wnon-modular-include-in-framework-module -Werror\=non-modular-include-in-framework-module -Wno-trigraphs -Wno-missing-field-initializers -Wno-missing-prototypes -Werror\=return-type -Wdocumentation -Wunreachable-code -Wquoted-include-in-framework-header -Wno-implicit-atomic-properties -Werror\=deprecated-objc-isa-usage -Wno-objc-interface-ivars -Werror\=objc-root-class -Wno-arc-repeated-use-of-weak -Wimplicit-retain-self -Wno-non-virtual-dtor -Wno-overloaded-virtual -Wno-exit-time-destructors -Wduplicate-method-match -Wno-missing-braces -Wparentheses -Wswitch -Wunused-function -Wno-unused-label -Wno-unused-parameter -Wunused-variable -Wunused-value -Wempty-body -Wuninitialized -Wconditional-uninitialized -Wno-unknown-pragmas -Wno-shadow -Wno-four-char-constants -Wno-conversion -Wconstant-conversion -Wint-conversion -Wbool-conversion -Wenum-conversion -Wno-float-conversion -Wnon-literal-null-conversion -Wobjc-literal-conversion -Wshorten-64-to-32 -Wno-newline-eof -Wno-selector -Wno-strict-selector-match -Wundeclared-selector -Wdeprecated-implementations -Wno-c++11-extensions -Wno-implicit-fallthrough -isysroot /Applications/Xcode.app/Contents/Developer/Platforms/MacOSX.platform/Developer/SDKs/MacOSX27.0.sdk -fstrict-aliasing -Wprotocol -Wdeprecated-declarations -Winvalid-offsetof -Wno-sign-conversion -Winfinite-recursion -Wmove -Wcomma -Wblock-capture-autoreleasing -Wstrict-prototypes -Wrange-loop-analysis -Wno-semicolon-before-method-body -Wunguarded-availability -index-store-path /Users/buddhirajgautam/Library/Developer/Xcode/DerivedData/Telegram-Mac-fygdgghdgmuleoelvxabfmqiotta/Index.noindex/DataStore @/Users/buddhirajgautam/Library/Developer/Xcode/DerivedData/Telegram-Mac-fygdgghdgmuleoelvxabfmqiotta/Build/Intermediates.noindex/CodeSyntax.build/Debug/CodeSyntax.build/Objects-normal/arm64/af3fcb34312c57c0f52879cdce924b91-common-args.resp -MMD -MT dependencies -MF /Users/buddhirajgautam/Library/Developer/Xcode/DerivedData/Telegram-Mac-fygdgghdgmuleoelvxabfmqiotta/Build/Intermediates.noindex/CodeSyntax.build/Debug/CodeSyntax.build/Objects-normal/arm64/Syntaxer.d --serialize-diagnostics /Users/buddhirajgautam/Library/Developer/Xcode/DerivedData/Telegram-Mac-fygdgghdgmuleoelvxabfmqiotta/Build/Intermediates.noindex/CodeSyntax.build/Debug/CodeSyntax.build/Objects-normal/arm64/Syntaxer.dia -c /Users/buddhirajgautam/Documents/Cherrygram-Mac/macOS-Swift/submodules/CodeSyntax/CodeSyntax/CodeSyntax/Syntaxer.mm -o /Users/buddhirajgautam/Library/Developer/Xcode/DerivedData/Telegram-Mac-fygdgghdgmuleoelvxabfmqiotta/Build/Intermediates.noindex/CodeSyntax.build/Debug/CodeSyntax.build/Objects-normal/arm64/Syntaxer.o -index-unit-output-path /CodeSyntax.build/Debug/CodeSyntax.build/Objects-normal/arm64/Syntaxer.o

CompileC /Users/buddhirajgautam/Library/Developer/Xcode/DerivedData/Telegram-Mac-fygdgghdgmuleoelvxabfmqiotta/Build/Intermediates.noindex/CodeSyntax.build/Debug/CodeSyntax.build/Objects-normal/arm64/SyntaxHighlighter.o /Users/buddhirajgautam/Documents/Cherrygram-Mac/macOS-Swift/submodules/libprisma/libprisma/SyntaxHighlighter.cpp normal arm64 c++ com.apple.compilers.llvm.clang.1_0.compiler (in target 'CodeSyntax' from project 'CodeSyntax')
    cd /Users/buddhirajgautam/Documents/Cherrygram-Mac/macOS-Swift/submodules/CodeSyntax/CodeSyntax
    
    Using response file: /Users/buddhirajgautam/Library/Developer/Xcode/DerivedData/Telegram-Mac-fygdgghdgmuleoelvxabfmqiotta/Build/Intermediates.noindex/CodeSyntax.build/Debug/CodeSyntax.build/Objects-normal/arm64/82b82416624d2658e5098eb0a28c15c5-common-args.resp
    
    /Applications/Xcode.app/Contents/Developer/Toolchains/XcodeDefault.xctoolchain/usr/bin/clang -x c++ -ivfsstatcache /Users/buddhirajgautam/Library/Developer/Xcode/DerivedData/SDKStatCaches.noindex/macosx27.0-26A425-e829b21a6f8c9b70876ba0858053c0447231f6df4def33e022ae2eb8f782df1a.sdkstatcache -target arm64-apple-macos12.0 -fmessage-length\=0 -fdiagnostics-show-note-include-stack -fmacro-backtrace-limit\=0 -fno-color-diagnostics -fmodules-prune-interval\=86400 -fmodules-prune-after\=345600 -fbuild-session-file\=/Users/buddhirajgautam/Library/Developer/Xcode/DerivedData/ModuleCache.noindex/Session.modulevalidation -fmodules-validate-once-per-build-session -Wnon-modular-include-in-framework-module -Werror\=non-modular-include-in-framework-module -Wno-trigraphs -Wno-missing-field-initializers -Wno-missing-prototypes -Werror\=return-type -Wdocumentation -Wunreachable-code -Wquoted-include-in-framework-header -Werror\=deprecated-objc-isa-usage -Werror\=objc-root-class -Wno-non-virtual-dtor -Wno-overloaded-virtual -Wno-exit-time-destructors -Wno-missing-braces -Wparentheses -Wswitch -Wunused-function -Wno-unused-label -Wno-unused-parameter -Wunused-variable -Wunused-value -Wempty-body -Wuninitialized -Wconditional-uninitialized -Wno-unknown-pragmas -Wno-shadow -Wno-four-char-constants -Wno-conversion -Wconstant-conversion -Wint-conversion -Wbool-conversion -Wenum-conversion -Wno-float-conversion -Wnon-literal-null-conversion -Wobjc-literal-conversion -Wshorten-64-to-32 -Wno-newline-eof -Wno-c++11-extensions -Wno-implicit-fallthrough -isysroot /Applications/Xcode.app/Contents/Developer/Platforms/MacOSX.platform/Developer/SDKs/MacOSX27.0.sdk -fstrict-aliasing -Wdeprecated-declarations -Winvalid-offsetof -Wno-sign-conversion -Winfinite-recursion -Wmove -Wcomma -Wblock-capture-autoreleasing -Wstrict-prototypes -Wrange-loop-analysis -Wno-semicolon-before-method-body -Wunguarded-availability -index-store-path /Users/buddhirajgautam/Library/Developer/Xcode/DerivedData/Telegram-Mac-fygdgghdgmuleoelvxabfmqiotta/Index.noindex/DataStore @/Users/buddhirajgautam/Library/Developer/Xcode/DerivedData/Telegram-Mac-fygdgghdgmuleoelvxabfmqiotta/Build/Intermediates.noindex/CodeSyntax.build/Debug/CodeSyntax.build/Objects-normal/arm64/82b82416624d2658e5098eb0a28c15c5-common-args.resp -MMD -MT dependencies -MF /Users/buddhirajgautam/Library/Developer/Xcode/DerivedData/Telegram-Mac-fygdgghdgmuleoelvxabfmqiotta/Build/Intermediates.noindex/CodeSyntax.build/Debug/CodeSyntax.build/Objects-normal/arm64/SyntaxHighlighter.d --serialize-diagnostics /Users/buddhirajgautam/Library/Developer/Xcode/DerivedData/Telegram-Mac-fygdgghdgmuleoelvxabfmqiotta/Build/Intermediates.noindex/CodeSyntax.build/Debug/CodeSyntax.build/Objects-normal/arm64/SyntaxHighlighter.dia -c /Users/buddhirajgautam/Documents/Cherrygram-Mac/macOS-Swift/submodules/libprisma/libprisma/SyntaxHighlighter.cpp -o /Users/buddhirajgautam/Library/Developer/Xcode/DerivedData/Telegram-Mac-fygdgghdgmuleoelvxabfmqiotta/Build/Intermediates.noindex/CodeSyntax.build/Debug/CodeSyntax.build/Objects-normal/arm64/SyntaxHighlighter.o -index-unit-output-path /CodeSyntax.build/Debug/CodeSyntax.build/Objects-normal/arm64/SyntaxHighlighter.o
In file included from /Users/buddhirajgautam/Documents/Cherrygram-Mac/macOS-Swift/submodules/libprisma/libprisma/SyntaxHighlighter.cpp:2:
In file included from /Users/buddhirajgautam/Documents/Cherrygram-Mac/macOS-Swift/submodules/libprisma/libprisma/LanguageTree.h:7:
In file included from /Users/buddhirajgautam/Documents/Cherrygram-Mac/macOS-Swift/submodules/libprisma/libprisma/Highlight.h:4:
In file included from /Users/buddhirajgautam/Documents/Cherrygram-Mac/macOS-Swift/submodules/regex/include/boost/regex.hpp:34:
In file included from /Users/buddhirajgautam/Documents/Cherrygram-Mac/macOS-Swift/submodules/regex/include/boost/regex/v5/regex.hpp:31:
In file included from /Users/buddhirajgautam/Documents/Cherrygram-Mac/macOS-Swift/submodules/regex/include/boost/regex/regex_traits.hpp:30:
In file included from /Users/buddhirajgautam/Documents/Cherrygram-Mac/macOS-Swift/submodules/regex/include/boost/regex/v5/regex_traits.hpp:26:
/Users/buddhirajgautam/Documents/Cherrygram-Mac/macOS-Swift/submodules/regex/include/boost/regex/v5/regex_traits_defaults.hpp:219:47: warning: not a Doxygen trailing comment [-Wdocumentation]
  219 |       regex_constants::escape_type_left_word, /*<*/
      |                                               ^~~~
      |                                               /**<
/Users/buddhirajgautam/Documents/Cherrygram-Mac/macOS-Swift/submodules/regex/include/boost/regex/v5/regex_traits_defaults.hpp:414:54: warning: not a Doxygen trailing comment [-Wdocumentation]
  414 |       regex_constants::escape_type_left_word,        /*<*/
      |                                                      ^~~~
      |                                                      /**<
In file included from /Users/buddhirajgautam/Documents/Cherrygram-Mac/macOS-Swift/submodules/libprisma/libprisma/SyntaxHighlighter.cpp:2:
In file included from /Users/buddhirajgautam/Documents/Cherrygram-Mac/macOS-Swift/submodules/libprisma/libprisma/LanguageTree.h:7:
In file included from /Users/buddhirajgautam/Documents/Cherrygram-Mac/macOS-Swift/submodules/libprisma/libprisma/Highlight.h:4:
In file included from /Users/buddhirajgautam/Documents/Cherrygram-Mac/macOS-Swift/submodules/regex/include/boost/regex.hpp:34:
In file included from /Users/buddhirajgautam/Documents/Cherrygram-Mac/macOS-Swift/submodules/regex/include/boost/regex/v5/regex.hpp:31:
In file included from /Users/buddhirajgautam/Documents/Cherrygram-Mac/macOS-Swift/submodules/regex/include/boost/regex/regex_traits.hpp:30:
In file included from /Users/buddhirajgautam/Documents/Cherrygram-Mac/macOS-Swift/submodules/regex/include/boost/regex/v5/regex_traits.hpp:28:
/Users/buddhirajgautam/Documents/Cherrygram-Mac/macOS-Swift/submodules/regex/include/boost/regex/v5/c_regex_traits.hpp:294:17: warning: implicit conversion loses integer precision: 'long' to 'int' [-Wshorten-64-to-32]
  294 |    int result = std::strtol(b, &ep, radix);
      |        ~~~~~~   ^~~~~~~~~~~~~~~~~~~~~~~~~~
/Users/buddhirajgautam/Documents/Cherrygram-Mac/macOS-Swift/submodules/regex/include/boost/regex/v5/c_regex_traits.hpp:461:17: warning: implicit conversion loses integer precision: 'long' to 'int' [-Wshorten-64-to-32]
  461 |    int result = std::wcstol(b, &ep, radix);
      |        ~~~~~~   ^~~~~~~~~~~~~~~~~~~~~~~~~~
In file included from /Users/buddhirajgautam/Documents/Cherrygram-Mac/macOS-Swift/submodules/libprisma/libprisma/SyntaxHighlighter.cpp:2:
In file included from /Users/buddhirajgautam/Documents/Cherrygram-Mac/macOS-Swift/submodules/libprisma/libprisma/LanguageTree.h:7:
In file included from /Users/buddhirajgautam/Documents/Cherrygram-Mac/macOS-Swift/submodules/libprisma/libprisma/Highlight.h:4:
In file included from /Users/buddhirajgautam/Documents/Cherrygram-Mac/macOS-Swift/submodules/regex/include/boost/regex.hpp:34:
In file included from /Users/buddhirajgautam/Documents/Cherrygram-Mac/macOS-Swift/submodules/regex/include/boost/regex/v5/regex.hpp:41:
/Users/buddhirajgautam/Documents/Cherrygram-Mac/macOS-Swift/submodules/regex/include/boost/regex/v5/basic_regex_parser.hpp:912:32: warning: implicit conversion loses integer precision: 'std::intmax_t' (aka 'long') to 'unsigned int' [-Wshorten-64-to-32]
  912 |                m_max_backref = i;
      |                              ~ ^
/Users/buddhirajgautam/Documents/Cherrygram-Mac/macOS-Swift/submodules/regex/include/boost/regex/v5/basic_regex_parser.hpp:337:14: note: in instantiation of member function 'boost::re_detail_500::basic_regex_parser<char, boost::regex_traits<char>>::parse_extended_escape' requested here
  337 |       return parse_extended_escape();
      |              ^
/Users/buddhirajgautam/Documents/Cherrygram-Mac/macOS-Swift/submodules/regex/include/boost/regex/v5/basic_regex_parser.hpp:146:62: note: in instantiation of member function 'boost::re_detail_500::basic_regex_parser<char, boost::regex_traits<char>>::parse_extended' requested here
  146 |          m_parser_proc = &basic_regex_parser<charT, traits>::parse_extended;
      |                                                              ^
In file included from /Users/buddhirajgautam/Documents/Cherrygram-Mac/macOS-Swift/submodules/libprisma/libprisma/SyntaxHighlighter.cpp:2:
In file included from /Users/buddhirajgautam/Documents/Cherrygram-Mac/macOS-Swift/submodules/libprisma/libprisma/LanguageTree.h:7:
In file included from /Users/buddhirajgautam/Documents/Cherrygram-Mac/macOS-Swift/submodules/libprisma/libprisma/Highlight.h:4:
In file included from /Users/buddhirajgautam/Documents/Cherrygram-Mac/macOS-Swift/submodules/regex/include/boost/regex.hpp:34:
In file included from /Users/buddhirajgautam/Documents/Cherrygram-Mac/macOS-Swift/submodules/regex/include/boost/regex/v5/regex.hpp:39:
/Users/buddhirajgautam/Documents/Cherrygram-Mac/macOS-Swift/submodules/regex/include/boost/regex/v5/basic_regex.hpp:222:14: note: in instantiation of member function 'boost::re_detail_500::basic_regex_parser<char, boost::regex_traits<char>>::parse' requested here
  222 |       parser.parse(arg_first, arg_last, f);
      |              ^
/Users/buddhirajgautam/Documents/Cherrygram-Mac/macOS-Swift/submodules/regex/include/boost/regex/v5/basic_regex.hpp:646:10: note: in instantiation of member function 'boost::re_detail_500::basic_regex_implementation<char, boost::regex_traits<char>>::assign' requested here
  646 |    temp->assign(p1, p2, f);
      |          ^
/Users/buddhirajgautam/Documents/Cherrygram-Mac/macOS-Swift/submodules/regex/include/boost/regex/v5/basic_regex.hpp:387:14: note: in instantiation of member function 'boost::basic_regex<char>::do_assign' requested here
  387 |       return do_assign(p1, p2, f);
      |              ^
/Users/buddhirajgautam/Documents/Cherrygram-Mac/macOS-Swift/submodules/regex/include/boost/regex/v5/basic_regex.hpp:424:14: note: in instantiation of member function 'boost::basic_regex<char>::assign' requested here
  424 |       return assign(s.data(), s.data() + s.size(), f);
      |              ^
/Users/buddhirajgautam/Documents/Cherrygram-Mac/macOS-Swift/submodules/regex/include/boost/regex/v5/basic_regex.hpp:399:7: note: in instantiation of function template specialization 'boost::basic_regex<char>::assign<std::char_traits<char>, std::allocator<char>>' requested here
  399 |       assign(p, f); 
      |       ^
In file included from /Users/buddhirajgautam/Documents/Cherrygram-Mac/macOS-Swift/submodules/libprisma/libprisma/SyntaxHighlighter.cpp:2:
In file included from /Users/buddhirajgautam/Documents/Cherrygram-Mac/macOS-Swift/submodules/libprisma/libprisma/LanguageTree.h:7:
/Users/buddhirajgautam/Documents/Cherrygram-Mac/macOS-Swift/submodules/libprisma/libprisma/Highlight.h:42:19: note: in instantiation of function template specialization 'boost::basic_regex<char>::basic_regex<std::char_traits<char>, std::allocator<char>>' requested here
   42 |         : m_regex(boost::regex(std::string{pattern}, flags | boost::regex_constants::optimize))
      |                   ^
In file included from /Users/buddhirajgautam/Documents/Cherrygram-Mac/macOS-Swift/submodules/libprisma/libprisma/SyntaxHighlighter.cpp:2:
In file included from /Users/buddhirajgautam/Documents/Cherrygram-Mac/macOS-Swift/submodules/libprisma/libprisma/LanguageTree.h:7:
In file included from /Users/buddhirajgautam/Documents/Cherrygram-Mac/macOS-Swift/submodules/libprisma/libprisma/Highlight.h:4:
In file included from /Users/buddhirajgautam/Documents/Cherrygram-Mac/macOS-Swift/submodules/regex/include/boost/regex.hpp:34:
In file included from /Users/buddhirajgautam/Documents/Cherrygram-Mac/macOS-Swift/submodules/regex/include/boost/regex/v5/regex.hpp:41:
/Users/buddhirajgautam/Documents/Cherrygram-Mac/macOS-Swift/submodules/regex/include/boost/regex/v5/basic_regex_parser.hpp:1950:26: warning: implicit conversion loses integer precision: 'std::intmax_t' (aka 'long') to 'unsigned int' [-Wshorten-64-to-32]
 1950 |          m_max_backref = i;
      |                        ~ ^
/Users/buddhirajgautam/Documents/Cherrygram-Mac/macOS-Swift/submodules/regex/include/boost/regex/v5/basic_regex_parser.hpp:731:14: note: in instantiation of member function 'boost::re_detail_500::basic_regex_parser<char, boost::regex_traits<char>>::parse_backref' requested here
  731 |       return parse_backref();
      |              ^
/Users/buddhirajgautam/Documents/Cherrygram-Mac/macOS-Swift/submodules/regex/include/boost/regex/v5/basic_regex_parser.hpp:337:14: note: in instantiation of member function 'boost::re_detail_500::basic_regex_parser<char, boost::regex_traits<char>>::parse_extended_escape' requested here
  337 |       return parse_extended_escape();
      |              ^
/Users/buddhirajgautam/Documents/Cherrygram-Mac/macOS-Swift/submodules/regex/include/boost/regex/v5/basic_regex_parser.hpp:146:62: note: in instantiation of member function 'boost::re_detail_500::basic_regex_parser<char, boost::regex_traits<char>>::parse_extended' requested here
  146 |          m_parser_proc = &basic_regex_parser<charT, traits>::parse_extended;
      |                                                              ^
In file included from /Users/buddhirajgautam/Documents/Cherrygram-Mac/macOS-Swift/submodules/libprisma/libprisma/SyntaxHighlighter.cpp:2:
In file included from /Users/buddhirajgautam/Documents/Cherrygram-Mac/macOS-Swift/submodules/libprisma/libprisma/LanguageTree.h:7:
In file included from /Users/buddhirajgautam/Documents/Cherrygram-Mac/macOS-Swift/submodules/libprisma/libprisma/Highlight.h:4:
In file included from /Users/buddhirajgautam/Documents/Cherrygram-Mac/macOS-Swift/submodules/regex/include/boost/regex.hpp:34:
In file included from /Users/buddhirajgautam/Documents/Cherrygram-Mac/macOS-Swift/submodules/regex/include/boost/regex/v5/regex.hpp:39:
/Users/buddhirajgautam/Documents/Cherrygram-Mac/macOS-Swift/submodules/regex/include/boost/regex/v5/basic_regex.hpp:222:14: note: in instantiation of member function 'boost::re_detail_500::basic_regex_parser<char, boost::regex_traits<char>>::parse' requested here
  222 |       parser.parse(arg_first, arg_last, f);
      |              ^
/Users/buddhirajgautam/Documents/Cherrygram-Mac/macOS-Swift/submodules/regex/include/boost/regex/v5/basic_regex.hpp:646:10: note: in instantiation of member function 'boost::re_detail_500::basic_regex_implementation<char, boost::regex_traits<char>>::assign' requested here
  646 |    temp->assign(p1, p2, f);
      |          ^
/Users/buddhirajgautam/Documents/Cherrygram-Mac/macOS-Swift/submodules/regex/include/boost/regex/v5/basic_regex.hpp:387:14: note: in instantiation of member function 'boost::basic_regex<char>::do_assign' requested here
  387 |       return do_assign(p1, p2, f);
      |              ^
/Users/buddhirajgautam/Documents/Cherrygram-Mac/macOS-Swift/submodules/regex/include/boost/regex/v5/basic_regex.hpp:424:14: note: in instantiation of member function 'boost::basic_regex<char>::assign' requested here
  424 |       return assign(s.data(), s.data() + s.size(), f);
      |              ^
/Users/buddhirajgautam/Documents/Cherrygram-Mac/macOS-Swift/submodules/regex/include/boost/regex/v5/basic_regex.hpp:399:7: note: in instantiation of function template specialization 'boost::basic_regex<char>::assign<std::char_traits<char>, std::allocator<char>>' requested here
  399 |       assign(p, f); 
      |       ^
In file included from /Users/buddhirajgautam/Documents/Cherrygram-Mac/macOS-Swift/submodules/libprisma/libprisma/SyntaxHighlighter.cpp:2:
In file included from /Users/buddhirajgautam/Documents/Cherrygram-Mac/macOS-Swift/submodules/libprisma/libprisma/LanguageTree.h:7:
/Users/buddhirajgautam/Documents/Cherrygram-Mac/macOS-Swift/submodules/libprisma/libprisma/Highlight.h:42:19: note: in instantiation of function template specialization 'boost::basic_regex<char>::basic_regex<std::char_traits<char>, std::allocator<char>>' requested here
   42 |         : m_regex(boost::regex(std::string{pattern}, flags | boost::regex_constants::optimize))
      |                   ^
6 warnings generated.

SwiftDriverJobDiscovery normal arm64 Compiling PendingPeerNotificationSettingsView.swift, PinnedItemId.swift, Postbox.swift, PostboxAccess.swift, PostboxLogging.swift, PostboxStateView.swift, PostboxTransaction.swift, PostboxUpgrade_12to13.swift, PostboxUpgrade_13to14.swift, PostboxUpgrade_14to15.swift, PostboxUpgrade_15to16.swift, PostboxUpgrade_16to17.swift, PostboxUpgrade_17to18.swift, PostboxUpgrade_18to19.swift, PostboxUpgrade_19to20.swift, PostboxUpgrade_20to21.swift, PostboxUpgrade_21to22.swift, PostboxUpgrade_22to23.swift, PostboxUpgrade_23to24.swift, PostboxUpgrade_24to25.swift, PostboxView.swift, PreferencesEntry.swift, PreferencesTable.swift, PreferencesView.swift (in target 'Postbox' from project 'Postbox')

CompileC /Users/buddhirajgautam/Library/Developer/Xcode/DerivedData/Telegram-Mac-fygdgghdgmuleoelvxabfmqiotta/Build/Intermediates.noindex/CodeSyntax.build/Debug/CodeSyntax.build/Objects-normal/arm64/LanguageTree.o /Users/buddhirajgautam/Documents/Cherrygram-Mac/macOS-Swift/submodules/libprisma/libprisma/LanguageTree.cpp normal arm64 c++ com.apple.compilers.llvm.clang.1_0.compiler (in target 'CodeSyntax' from project 'CodeSyntax')
    cd /Users/buddhirajgautam/Documents/Cherrygram-Mac/macOS-Swift/submodules/CodeSyntax/CodeSyntax
    
    Using response file: /Users/buddhirajgautam/Library/Developer/Xcode/DerivedData/Telegram-Mac-fygdgghdgmuleoelvxabfmqiotta/Build/Intermediates.noindex/CodeSyntax.build/Debug/CodeSyntax.build/Objects-normal/arm64/82b82416624d2658e5098eb0a28c15c5-common-args.resp
    
    /Applications/Xcode.app/Contents/Developer/Toolchains/XcodeDefault.xctoolchain/usr/bin/clang -x c++ -ivfsstatcache /Users/buddhirajgautam/Library/Developer/Xcode/DerivedData/SDKStatCaches.noindex/macosx27.0-26A425-e829b21a6f8c9b70876ba0858053c0447231f6df4def33e022ae2eb8f782df1a.sdkstatcache -target arm64-apple-macos12.0 -fmessage-length\=0 -fdiagnostics-show-note-include-stack -fmacro-backtrace-limit\=0 -fno-color-diagnostics -fmodules-prune-interval\=86400 -fmodules-prune-after\=345600 -fbuild-session-file\=/Users/buddhirajgautam/Library/Developer/Xcode/DerivedData/ModuleCache.noindex/Session.modulevalidation -fmodules-validate-once-per-build-session -Wnon-modular-include-in-framework-module -Werror\=non-modular-include-in-framework-module -Wno-trigraphs -Wno-missing-field-initializers -Wno-missing-prototypes -Werror\=return-type -Wdocumentation -Wunreachable-code -Wquoted-include-in-framework-header -Werror\=deprecated-objc-isa-usage -Werror\=objc-root-class -Wno-non-virtual-dtor -Wno-overloaded-virtual -Wno-exit-time-destructors -Wno-missing-braces -Wparentheses -Wswitch -Wunused-function -Wno-unused-label -Wno-unused-parameter -Wunused-variable -Wunused-value -Wempty-body -Wuninitialized -Wconditional-uninitialized -Wno-unknown-pragmas -Wno-shadow -Wno-four-char-constants -Wno-conversion -Wconstant-conversion -Wint-conversion -Wbool-conversion -Wenum-conversion -Wno-float-conversion -Wnon-literal-null-conversion -Wobjc-literal-conversion -Wshorten-64-to-32 -Wno-newline-eof -Wno-c++11-extensions -Wno-implicit-fallthrough -isysroot /Applications/Xcode.app/Contents/Developer/Platforms/MacOSX.platform/Developer/SDKs/MacOSX27.0.sdk -fstrict-aliasing -Wdeprecated-declarations -Winvalid-offsetof -Wno-sign-conversion -Winfinite-recursion -Wmove -Wcomma -Wblock-capture-autoreleasing -Wstrict-prototypes -Wrange-loop-analysis -Wno-semicolon-before-method-body -Wunguarded-availability -index-store-path /Users/buddhirajgautam/Library/Developer/Xcode/DerivedData/Telegram-Mac-fygdgghdgmuleoelvxabfmqiotta/Index.noindex/DataStore @/Users/buddhirajgautam/Library/Developer/Xcode/DerivedData/Telegram-Mac-fygdgghdgmuleoelvxabfmqiotta/Build/Intermediates.noindex/CodeSyntax.build/Debug/CodeSyntax.build/Objects-normal/arm64/82b82416624d2658e5098eb0a28c15c5-common-args.resp -MMD -MT dependencies -MF /Users/buddhirajgautam/Library/Developer/Xcode/DerivedData/Telegram-Mac-fygdgghdgmuleoelvxabfmqiotta/Build/Intermediates.noindex/CodeSyntax.build/Debug/CodeSyntax.build/Objects-normal/arm64/LanguageTree.d --serialize-diagnostics /Users/buddhirajgautam/Library/Developer/Xcode/DerivedData/Telegram-Mac-fygdgghdgmuleoelvxabfmqiotta/Build/Intermediates.noindex/CodeSyntax.build/Debug/CodeSyntax.build/Objects-normal/arm64/LanguageTree.dia -c /Users/buddhirajgautam/Documents/Cherrygram-Mac/macOS-Swift/submodules/libprisma/libprisma/LanguageTree.cpp -o /Users/buddhirajgautam/Library/Developer/Xcode/DerivedData/Telegram-Mac-fygdgghdgmuleoelvxabfmqiotta/Build/Intermediates.noindex/CodeSyntax.build/Debug/CodeSyntax.build/Objects-normal/arm64/LanguageTree.o -index-unit-output-path /CodeSyntax.build/Debug/CodeSyntax.build/Objects-normal/arm64/LanguageTree.o
In file included from /Users/buddhirajgautam/Documents/Cherrygram-Mac/macOS-Swift/submodules/libprisma/libprisma/LanguageTree.cpp:1:
In file included from /Users/buddhirajgautam/Documents/Cherrygram-Mac/macOS-Swift/submodules/libprisma/libprisma/LanguageTree.h:7:
In file included from /Users/buddhirajgautam/Documents/Cherrygram-Mac/macOS-Swift/submodules/libprisma/libprisma/Highlight.h:4:
In file included from /Users/buddhirajgautam/Documents/Cherrygram-Mac/macOS-Swift/submodules/regex/include/boost/regex.hpp:34:
In file included from /Users/buddhirajgautam/Documents/Cherrygram-Mac/macOS-Swift/submodules/regex/include/boost/regex/v5/regex.hpp:31:
In file included from /Users/buddhirajgautam/Documents/Cherrygram-Mac/macOS-Swift/submodules/regex/include/boost/regex/regex_traits.hpp:30:
In file included from /Users/buddhirajgautam/Documents/Cherrygram-Mac/macOS-Swift/submodules/regex/include/boost/regex/v5/regex_traits.hpp:26:
/Users/buddhirajgautam/Documents/Cherrygram-Mac/macOS-Swift/submodules/regex/include/boost/regex/v5/regex_traits_defaults.hpp:219:47: warning: not a Doxygen trailing comment [-Wdocumentation]
  219 |       regex_constants::escape_type_left_word, /*<*/
      |                                               ^~~~
      |                                               /**<
/Users/buddhirajgautam/Documents/Cherrygram-Mac/macOS-Swift/submodules/regex/include/boost/regex/v5/regex_traits_defaults.hpp:414:54: warning: not a Doxygen trailing comment [-Wdocumentation]
  414 |       regex_constants::escape_type_left_word,        /*<*/
      |                                                      ^~~~
      |                                                      /**<
In file included from /Users/buddhirajgautam/Documents/Cherrygram-Mac/macOS-Swift/submodules/libprisma/libprisma/LanguageTree.cpp:1:
In file included from /Users/buddhirajgautam/Documents/Cherrygram-Mac/macOS-Swift/submodules/libprisma/libprisma/LanguageTree.h:7:
In file included from /Users/buddhirajgautam/Documents/Cherrygram-Mac/macOS-Swift/submodules/libprisma/libprisma/Highlight.h:4:
In file included from /Users/buddhirajgautam/Documents/Cherrygram-Mac/macOS-Swift/submodules/regex/include/boost/regex.hpp:34:
In file included from /Users/buddhirajgautam/Documents/Cherrygram-Mac/macOS-Swift/submodules/regex/include/boost/regex/v5/regex.hpp:31:
In file included from /Users/buddhirajgautam/Documents/Cherrygram-Mac/macOS-Swift/submodules/regex/include/boost/regex/regex_traits.hpp:30:
In file included from /Users/buddhirajgautam/Documents/Cherrygram-Mac/macOS-Swift/submodules/regex/include/boost/regex/v5/regex_traits.hpp:28:
/Users/buddhirajgautam/Documents/Cherrygram-Mac/macOS-Swift/submodules/regex/include/boost/regex/v5/c_regex_traits.hpp:294:17: warning: implicit conversion loses integer precision: 'long' to 'int' [-Wshorten-64-to-32]
  294 |    int result = std::strtol(b, &ep, radix);
      |        ~~~~~~   ^~~~~~~~~~~~~~~~~~~~~~~~~~
/Users/buddhirajgautam/Documents/Cherrygram-Mac/macOS-Swift/submodules/regex/include/boost/regex/v5/c_regex_traits.hpp:461:17: warning: implicit conversion loses integer precision: 'long' to 'int' [-Wshorten-64-to-32]
  461 |    int result = std::wcstol(b, &ep, radix);
      |        ~~~~~~   ^~~~~~~~~~~~~~~~~~~~~~~~~~
/Users/buddhirajgautam/Documents/Cherrygram-Mac/macOS-Swift/submodules/libprisma/libprisma/LanguageTree.cpp:121:39: warning: implicit conversion loses integer precision: 'size_t' (aka 'unsigned long') to 'int' [-Wshorten-64-to-32]
  121 |                 for (int i = aliasEnd + 1; i < options.size(); i++)
      |                          ~   ~~~~~~~~~^~~
In file included from /Users/buddhirajgautam/Documents/Cherrygram-Mac/macOS-Swift/submodules/libprisma/libprisma/LanguageTree.cpp:1:
In file included from /Users/buddhirajgautam/Documents/Cherrygram-Mac/macOS-Swift/submodules/libprisma/libprisma/LanguageTree.h:7:
In file included from /Users/buddhirajgautam/Documents/Cherrygram-Mac/macOS-Swift/submodules/libprisma/libprisma/Highlight.h:4:
In file included from /Users/buddhirajgautam/Documents/Cherrygram-Mac/macOS-Swift/submodules/regex/include/boost/regex.hpp:34:
In file included from /Users/buddhirajgautam/Documents/Cherrygram-Mac/macOS-Swift/submodules/regex/include/boost/regex/v5/regex.hpp:41:
/Users/buddhirajgautam/Documents/Cherrygram-Mac/macOS-Swift/submodules/regex/include/boost/regex/v5/basic_regex_parser.hpp:912:32: warning: implicit conversion loses integer precision: 'std::intmax_t' (aka 'long') to 'unsigned int' [-Wshorten-64-to-32]
  912 |                m_max_backref = i;
      |                              ~ ^
/Users/buddhirajgautam/Documents/Cherrygram-Mac/macOS-Swift/submodules/regex/include/boost/regex/v5/basic_regex_parser.hpp:337:14: note: in instantiation of member function 'boost::re_detail_500::basic_regex_parser<char, boost::regex_traits<char>>::parse_extended_escape' requested here
  337 |       return parse_extended_escape();
      |              ^
/Users/buddhirajgautam/Documents/Cherrygram-Mac/macOS-Swift/submodules/regex/include/boost/regex/v5/basic_regex_parser.hpp:146:62: note: in instantiation of member function 'boost::re_detail_500::basic_regex_parser<char, boost::regex_traits<char>>::parse_extended' requested here
  146 |          m_parser_proc = &basic_regex_parser<charT, traits>::parse_extended;
      |                                                              ^
In file included from /Users/buddhirajgautam/Documents/Cherrygram-Mac/macOS-Swift/submodules/libprisma/libprisma/LanguageTree.cpp:1:
In file included from /Users/buddhirajgautam/Documents/Cherrygram-Mac/macOS-Swift/submodules/libprisma/libprisma/LanguageTree.h:7:
In file included from /Users/buddhirajgautam/Documents/Cherrygram-Mac/macOS-Swift/submodules/libprisma/libprisma/Highlight.h:4:
In file included from /Users/buddhirajgautam/Documents/Cherrygram-Mac/macOS-Swift/submodules/regex/include/boost/regex.hpp:34:
In file included from /Users/buddhirajgautam/Documents/Cherrygram-Mac/macOS-Swift/submodules/regex/include/boost/regex/v5/regex.hpp:39:
/Users/buddhirajgautam/Documents/Cherrygram-Mac/macOS-Swift/submodules/regex/include/boost/regex/v5/basic_regex.hpp:222:14: note: in instantiation of member function 'boost::re_detail_500::basic_regex_parser<char, boost::regex_traits<char>>::parse' requested here
  222 |       parser.parse(arg_first, arg_last, f);
      |              ^
/Users/buddhirajgautam/Documents/Cherrygram-Mac/macOS-Swift/submodules/regex/include/boost/regex/v5/basic_regex.hpp:646:10: note: in instantiation of member function 'boost::re_detail_500::basic_regex_implementation<char, boost::regex_traits<char>>::assign' requested here
  646 |    temp->assign(p1, p2, f);
      |          ^
/Users/buddhirajgautam/Documents/Cherrygram-Mac/macOS-Swift/submodules/regex/include/boost/regex/v5/basic_regex.hpp:387:14: note: in instantiation of member function 'boost::basic_regex<char>::do_assign' requested here
  387 |       return do_assign(p1, p2, f);
      |              ^
/Users/buddhirajgautam/Documents/Cherrygram-Mac/macOS-Swift/submodules/regex/include/boost/regex/v5/basic_regex.hpp:424:14: note: in instantiation of member function 'boost::basic_regex<char>::assign' requested here
  424 |       return assign(s.data(), s.data() + s.size(), f);
      |              ^
/Users/buddhirajgautam/Documents/Cherrygram-Mac/macOS-Swift/submodules/regex/include/boost/regex/v5/basic_regex.hpp:399:7: note: in instantiation of function template specialization 'boost::basic_regex<char>::assign<std::char_traits<char>, std::allocator<char>>' requested here
  399 |       assign(p, f); 
      |       ^
In file included from /Users/buddhirajgautam/Documents/Cherrygram-Mac/macOS-Swift/submodules/libprisma/libprisma/LanguageTree.cpp:1:
In file included from /Users/buddhirajgautam/Documents/Cherrygram-Mac/macOS-Swift/submodules/libprisma/libprisma/LanguageTree.h:7:
/Users/buddhirajgautam/Documents/Cherrygram-Mac/macOS-Swift/submodules/libprisma/libprisma/Highlight.h:42:19: note: in instantiation of function template specialization 'boost::basic_regex<char>::basic_regex<std::char_traits<char>, std::allocator<char>>' requested here
   42 |         : m_regex(boost::regex(std::string{pattern}, flags | boost::regex_constants::optimize))
      |                   ^
In file included from /Users/buddhirajgautam/Documents/Cherrygram-Mac/macOS-Swift/submodules/libprisma/libprisma/LanguageTree.cpp:1:
In file included from /Users/buddhirajgautam/Documents/Cherrygram-Mac/macOS-Swift/submodules/libprisma/libprisma/LanguageTree.h:7:
In file included from /Users/buddhirajgautam/Documents/Cherrygram-Mac/macOS-Swift/submodules/libprisma/libprisma/Highlight.h:4:
In file included from /Users/buddhirajgautam/Documents/Cherrygram-Mac/macOS-Swift/submodules/regex/include/boost/regex.hpp:34:
In file included from /Users/buddhirajgautam/Documents/Cherrygram-Mac/macOS-Swift/submodules/regex/include/boost/regex/v5/regex.hpp:41:
/Users/buddhirajgautam/Documents/Cherrygram-Mac/macOS-Swift/submodules/regex/include/boost/regex/v5/basic_regex_parser.hpp:1950:26: warning: implicit conversion loses integer precision: 'std::intmax_t' (aka 'long') to 'unsigned int' [-Wshorten-64-to-32]
 1950 |          m_max_backref = i;
      |                        ~ ^
/Users/buddhirajgautam/Documents/Cherrygram-Mac/macOS-Swift/submodules/regex/include/boost/regex/v5/basic_regex_parser.hpp:731:14: note: in instantiation of member function 'boost::re_detail_500::basic_regex_parser<char, boost::regex_traits<char>>::parse_backref' requested here
  731 |       return parse_backref();
      |              ^
/Users/buddhirajgautam/Documents/Cherrygram-Mac/macOS-Swift/submodules/regex/include/boost/regex/v5/basic_regex_parser.hpp:337:14: note: in instantiation of member function 'boost::re_detail_500::basic_regex_parser<char, boost::regex_traits<char>>::parse_extended_escape' requested here
  337 |       return parse_extended_escape();
      |              ^
/Users/buddhirajgautam/Documents/Cherrygram-Mac/macOS-Swift/submodules/regex/include/boost/regex/v5/basic_regex_parser.hpp:146:62: note: in instantiation of member function 'boost::re_detail_500::basic_regex_parser<char, boost::regex_traits<char>>::parse_extended' requested here
  146 |          m_parser_proc = &basic_regex_parser<charT, traits>::parse_extended;
      |                                                              ^
In file included from /Users/buddhirajgautam/Documents/Cherrygram-Mac/macOS-Swift/submodules/libprisma/libprisma/LanguageTree.cpp:1:
In file included from /Users/buddhirajgautam/Documents/Cherrygram-Mac/macOS-Swift/submodules/libprisma/libprisma/LanguageTree.h:7:
In file included from /Users/buddhirajgautam/Documents/Cherrygram-Mac/macOS-Swift/submodules/libprisma/libprisma/Highlight.h:4:
In file included from /Users/buddhirajgautam/Documents/Cherrygram-Mac/macOS-Swift/submodules/regex/include/boost/regex.hpp:34:
In file included from /Users/buddhirajgautam/Documents/Cherrygram-Mac/macOS-Swift/submodules/regex/include/boost/regex/v5/regex.hpp:39:
/Users/buddhirajgautam/Documents/Cherrygram-Mac/macOS-Swift/submodules/regex/include/boost/regex/v5/basic_regex.hpp:222:14: note: in instantiation of member function 'boost::re_detail_500::basic_regex_parser<char, boost::regex_traits<char>>::parse' requested here
  222 |       parser.parse(arg_first, arg_last, f);
      |              ^
/Users/buddhirajgautam/Documents/Cherrygram-Mac/macOS-Swift/submodules/regex/include/boost/regex/v5/basic_regex.hpp:646:10: note: in instantiation of member function 'boost::re_detail_500::basic_regex_implementation<char, boost::regex_traits<char>>::assign' requested here
  646 |    temp->assign(p1, p2, f);
      |          ^
/Users/buddhirajgautam/Documents/Cherrygram-Mac/macOS-Swift/submodules/regex/include/boost/regex/v5/basic_regex.hpp:387:14: note: in instantiation of member function 'boost::basic_regex<char>::do_assign' requested here
  387 |       return do_assign(p1, p2, f);
      |              ^
/Users/buddhirajgautam/Documents/Cherrygram-Mac/macOS-Swift/submodules/regex/include/boost/regex/v5/basic_regex.hpp:424:14: note: in instantiation of member function 'boost::basic_regex<char>::assign' requested here
  424 |       return assign(s.data(), s.data() + s.size(), f);
      |              ^
/Users/buddhirajgautam/Documents/Cherrygram-Mac/macOS-Swift/submodules/regex/include/boost/regex/v5/basic_regex.hpp:399:7: note: in instantiation of function template specialization 'boost::basic_regex<char>::assign<std::char_traits<char>, std::allocator<char>>' requested here
  399 |       assign(p, f); 
      |       ^
In file included from /Users/buddhirajgautam/Documents/Cherrygram-Mac/macOS-Swift/submodules/libprisma/libprisma/LanguageTree.cpp:1:
In file included from /Users/buddhirajgautam/Documents/Cherrygram-Mac/macOS-Swift/submodules/libprisma/libprisma/LanguageTree.h:7:
/Users/buddhirajgautam/Documents/Cherrygram-Mac/macOS-Swift/submodules/libprisma/libprisma/Highlight.h:42:19: note: in instantiation of function template specialization 'boost::basic_regex<char>::basic_regex<std::char_traits<char>, std::allocator<char>>' requested here
   42 |         : m_regex(boost::regex(std::string{pattern}, flags | boost::regex_constants::optimize))
      |                   ^
7 warnings generated.

CompileC /Users/buddhirajgautam/Library/Developer/Xcode/DerivedData/Telegram-Mac-fygdgghdgmuleoelvxabfmqiotta/Build/Intermediates.noindex/CodeSyntax.build/Debug/CodeSyntax.build/Objects-normal/arm64/Highlight.o /Users/buddhirajgautam/Documents/Cherrygram-Mac/macOS-Swift/submodules/libprisma/libprisma/Highlight.cpp normal arm64 c++ com.apple.compilers.llvm.clang.1_0.compiler (in target 'CodeSyntax' from project 'CodeSyntax')
    cd /Users/buddhirajgautam/Documents/Cherrygram-Mac/macOS-Swift/submodules/CodeSyntax/CodeSyntax
    
    Using response file: /Users/buddhirajgautam/Library/Developer/Xcode/DerivedData/Telegram-Mac-fygdgghdgmuleoelvxabfmqiotta/Build/Intermediates.noindex/CodeSyntax.build/Debug/CodeSyntax.build/Objects-normal/arm64/82b82416624d2658e5098eb0a28c15c5-common-args.resp
    
    /Applications/Xcode.app/Contents/Developer/Toolchains/XcodeDefault.xctoolchain/usr/bin/clang -x c++ -ivfsstatcache /Users/buddhirajgautam/Library/Developer/Xcode/DerivedData/SDKStatCaches.noindex/macosx27.0-26A425-e829b21a6f8c9b70876ba0858053c0447231f6df4def33e022ae2eb8f782df1a.sdkstatcache -target arm64-apple-macos12.0 -fmessage-length\=0 -fdiagnostics-show-note-include-stack -fmacro-backtrace-limit\=0 -fno-color-diagnostics -fmodules-prune-interval\=86400 -fmodules-prune-after\=345600 -fbuild-session-file\=/Users/buddhirajgautam/Library/Developer/Xcode/DerivedData/ModuleCache.noindex/Session.modulevalidation -fmodules-validate-once-per-build-session -Wnon-modular-include-in-framework-module -Werror\=non-modular-include-in-framework-module -Wno-trigraphs -Wno-missing-field-initializers -Wno-missing-prototypes -Werror\=return-type -Wdocumentation -Wunreachable-code -Wquoted-include-in-framework-header -Werror\=deprecated-objc-isa-usage -Werror\=objc-root-class -Wno-non-virtual-dtor -Wno-overloaded-virtual -Wno-exit-time-destructors -Wno-missing-braces -Wparentheses -Wswitch -Wunused-function -Wno-unused-label -Wno-unused-parameter -Wunused-variable -Wunused-value -Wempty-body -Wuninitialized -Wconditional-uninitialized -Wno-unknown-pragmas -Wno-shadow -Wno-four-char-constants -Wno-conversion -Wconstant-conversion -Wint-conversion -Wbool-conversion -Wenum-conversion -Wno-float-conversion -Wnon-literal-null-conversion -Wobjc-literal-conversion -Wshorten-64-to-32 -Wno-newline-eof -Wno-c++11-extensions -Wno-implicit-fallthrough -isysroot /Applications/Xcode.app/Contents/Developer/Platforms/MacOSX.platform/Developer/SDKs/MacOSX27.0.sdk -fstrict-aliasing -Wdeprecated-declarations -Winvalid-offsetof -Wno-sign-conversion -Winfinite-recursion -Wmove -Wcomma -Wblock-capture-autoreleasing -Wstrict-prototypes -Wrange-loop-analysis -Wno-semicolon-before-method-body -Wunguarded-availability -index-store-path /Users/buddhirajgautam/Library/Developer/Xcode/DerivedData/Telegram-Mac-fygdgghdgmuleoelvxabfmqiotta/Index.noindex/DataStore @/Users/buddhirajgautam/Library/Developer/Xcode/DerivedData/Telegram-Mac-fygdgghdgmuleoelvxabfmqiotta/Build/Intermediates.noindex/CodeSyntax.build/Debug/CodeSyntax.build/Objects-normal/arm64/82b82416624d2658e5098eb0a28c15c5-common-args.resp -MMD -MT dependencies -MF /Users/buddhirajgautam/Library/Developer/Xcode/DerivedData/Telegram-Mac-fygdgghdgmuleoelvxabfmqiotta/Build/Intermediates.noindex/CodeSyntax.build/Debug/CodeSyntax.build/Objects-normal/arm64/Highlight.d --serialize-diagnostics /Users/buddhirajgautam/Library/Developer/Xcode/DerivedData/Telegram-Mac-fygdgghdgmuleoelvxabfmqiotta/Build/Intermediates.noindex/CodeSyntax.build/Debug/CodeSyntax.build/Objects-normal/arm64/Highlight.dia -c /Users/buddhirajgautam/Documents/Cherrygram-Mac/macOS-Swift/submodules/libprisma/libprisma/Highlight.cpp -o /Users/buddhirajgautam/Library/Developer/Xcode/DerivedData/Telegram-Mac-fygdgghdgmuleoelvxabfmqiotta/Build/Intermediates.noindex/CodeSyntax.build/Debug/CodeSyntax.build/Objects-normal/arm64/Highlight.o -index-unit-output-path /CodeSyntax.build/Debug/CodeSyntax.build/Objects-normal/arm64/Highlight.o
In file included from /Users/buddhirajgautam/Documents/Cherrygram-Mac/macOS-Swift/submodules/libprisma/libprisma/Highlight.cpp:1:
In file included from /Users/buddhirajgautam/Documents/Cherrygram-Mac/macOS-Swift/submodules/libprisma/libprisma/Highlight.h:4:
In file included from /Users/buddhirajgautam/Documents/Cherrygram-Mac/macOS-Swift/submodules/regex/include/boost/regex.hpp:34:
In file included from /Users/buddhirajgautam/Documents/Cherrygram-Mac/macOS-Swift/submodules/regex/include/boost/regex/v5/regex.hpp:31:
In file included from /Users/buddhirajgautam/Documents/Cherrygram-Mac/macOS-Swift/submodules/regex/include/boost/regex/regex_traits.hpp:30:
In file included from /Users/buddhirajgautam/Documents/Cherrygram-Mac/macOS-Swift/submodules/regex/include/boost/regex/v5/regex_traits.hpp:26:
/Users/buddhirajgautam/Documents/Cherrygram-Mac/macOS-Swift/submodules/regex/include/boost/regex/v5/regex_traits_defaults.hpp:219:47: warning: not a Doxygen trailing comment [-Wdocumentation]
  219 |       regex_constants::escape_type_left_word, /*<*/
      |                                               ^~~~
      |                                               /**<
/Users/buddhirajgautam/Documents/Cherrygram-Mac/macOS-Swift/submodules/regex/include/boost/regex/v5/regex_traits_defaults.hpp:414:54: warning: not a Doxygen trailing comment [-Wdocumentation]
  414 |       regex_constants::escape_type_left_word,        /*<*/
      |                                                      ^~~~
      |                                                      /**<
In file included from /Users/buddhirajgautam/Documents/Cherrygram-Mac/macOS-Swift/submodules/libprisma/libprisma/Highlight.cpp:1:
In file included from /Users/buddhirajgautam/Documents/Cherrygram-Mac/macOS-Swift/submodules/libprisma/libprisma/Highlight.h:4:
In file included from /Users/buddhirajgautam/Documents/Cherrygram-Mac/macOS-Swift/submodules/regex/include/boost/regex.hpp:34:
In file included from /Users/buddhirajgautam/Documents/Cherrygram-Mac/macOS-Swift/submodules/regex/include/boost/regex/v5/regex.hpp:31:
In file included from /Users/buddhirajgautam/Documents/Cherrygram-Mac/macOS-Swift/submodules/regex/include/boost/regex/regex_traits.hpp:30:
In file included from /Users/buddhirajgautam/Documents/Cherrygram-Mac/macOS-Swift/submodules/regex/include/boost/regex/v5/regex_traits.hpp:28:
/Users/buddhirajgautam/Documents/Cherrygram-Mac/macOS-Swift/submodules/regex/include/boost/regex/v5/c_regex_traits.hpp:294:17: warning: implicit conversion loses integer precision: 'long' to 'int' [-Wshorten-64-to-32]
  294 |    int result = std::strtol(b, &ep, radix);
      |        ~~~~~~   ^~~~~~~~~~~~~~~~~~~~~~~~~~
/Users/buddhirajgautam/Documents/Cherrygram-Mac/macOS-Swift/submodules/regex/include/boost/regex/v5/c_regex_traits.hpp:461:17: warning: implicit conversion loses integer precision: 'long' to 'int' [-Wshorten-64-to-32]
  461 |    int result = std::wcstol(b, &ep, radix);
      |        ~~~~~~   ^~~~~~~~~~~~~~~~~~~~~~~~~~
In file included from /Users/buddhirajgautam/Documents/Cherrygram-Mac/macOS-Swift/submodules/libprisma/libprisma/Highlight.cpp:1:
In file included from /Users/buddhirajgautam/Documents/Cherrygram-Mac/macOS-Swift/submodules/libprisma/libprisma/Highlight.h:4:
In file included from /Users/buddhirajgautam/Documents/Cherrygram-Mac/macOS-Swift/submodules/regex/include/boost/regex.hpp:34:
In file included from /Users/buddhirajgautam/Documents/Cherrygram-Mac/macOS-Swift/submodules/regex/include/boost/regex/v5/regex.hpp:41:
/Users/buddhirajgautam/Documents/Cherrygram-Mac/macOS-Swift/submodules/regex/include/boost/regex/v5/basic_regex_parser.hpp:912:32: warning: implicit conversion loses integer precision: 'std::intmax_t' (aka 'long') to 'unsigned int' [-Wshorten-64-to-32]
  912 |                m_max_backref = i;
      |                              ~ ^
/Users/buddhirajgautam/Documents/Cherrygram-Mac/macOS-Swift/submodules/regex/include/boost/regex/v5/basic_regex_parser.hpp:337:14: note: in instantiation of member function 'boost::re_detail_500::basic_regex_parser<char, boost::regex_traits<char>>::parse_extended_escape' requested here
  337 |       return parse_extended_escape();
      |              ^
/Users/buddhirajgautam/Documents/Cherrygram-Mac/macOS-Swift/submodules/regex/include/boost/regex/v5/basic_regex_parser.hpp:146:62: note: in instantiation of member function 'boost::re_detail_500::basic_regex_parser<char, boost::regex_traits<char>>::parse_extended' requested here
  146 |          m_parser_proc = &basic_regex_parser<charT, traits>::parse_extended;
      |                                                              ^
In file included from /Users/buddhirajgautam/Documents/Cherrygram-Mac/macOS-Swift/submodules/libprisma/libprisma/Highlight.cpp:1:
In file included from /Users/buddhirajgautam/Documents/Cherrygram-Mac/macOS-Swift/submodules/libprisma/libprisma/Highlight.h:4:
In file included from /Users/buddhirajgautam/Documents/Cherrygram-Mac/macOS-Swift/submodules/regex/include/boost/regex.hpp:34:
In file included from /Users/buddhirajgautam/Documents/Cherrygram-Mac/macOS-Swift/submodules/regex/include/boost/regex/v5/regex.hpp:39:
/Users/buddhirajgautam/Documents/Cherrygram-Mac/macOS-Swift/submodules/regex/include/boost/regex/v5/basic_regex.hpp:222:14: note: in instantiation of member function 'boost::re_detail_500::basic_regex_parser<char, boost::regex_traits<char>>::parse' requested here
  222 |       parser.parse(arg_first, arg_last, f);
      |              ^
/Users/buddhirajgautam/Documents/Cherrygram-Mac/macOS-Swift/submodules/regex/include/boost/regex/v5/basic_regex.hpp:646:10: note: in instantiation of member function 'boost::re_detail_500::basic_regex_implementation<char, boost::regex_traits<char>>::assign' requested here
  646 |    temp->assign(p1, p2, f);
      |          ^
/Users/buddhirajgautam/Documents/Cherrygram-Mac/macOS-Swift/submodules/regex/include/boost/regex/v5/basic_regex.hpp:387:14: note: in instantiation of member function 'boost::basic_regex<char>::do_assign' requested here
  387 |       return do_assign(p1, p2, f);
      |              ^
/Users/buddhirajgautam/Documents/Cherrygram-Mac/macOS-Swift/submodules/regex/include/boost/regex/v5/basic_regex.hpp:424:14: note: in instantiation of member function 'boost::basic_regex<char>::assign' requested here
  424 |       return assign(s.data(), s.data() + s.size(), f);
      |              ^
/Users/buddhirajgautam/Documents/Cherrygram-Mac/macOS-Swift/submodules/regex/include/boost/regex/v5/basic_regex.hpp:399:7: note: in instantiation of function template specialization 'boost::basic_regex<char>::assign<std::char_traits<char>, std::allocator<char>>' requested here
  399 |       assign(p, f); 
      |       ^
In file included from /Users/buddhirajgautam/Documents/Cherrygram-Mac/macOS-Swift/submodules/libprisma/libprisma/Highlight.cpp:1:
/Users/buddhirajgautam/Documents/Cherrygram-Mac/macOS-Swift/submodules/libprisma/libprisma/Highlight.h:42:19: note: in instantiation of function template specialization 'boost::basic_regex<char>::basic_regex<std::char_traits<char>, std::allocator<char>>' requested here
   42 |         : m_regex(boost::regex(std::string{pattern}, flags | boost::regex_constants::optimize))
      |                   ^
In file included from /Users/buddhirajgautam/Documents/Cherrygram-Mac/macOS-Swift/submodules/libprisma/libprisma/Highlight.cpp:1:
In file included from /Users/buddhirajgautam/Documents/Cherrygram-Mac/macOS-Swift/submodules/libprisma/libprisma/Highlight.h:4:
In file included from /Users/buddhirajgautam/Documents/Cherrygram-Mac/macOS-Swift/submodules/regex/include/boost/regex.hpp:34:
In file included from /Users/buddhirajgautam/Documents/Cherrygram-Mac/macOS-Swift/submodules/regex/include/boost/regex/v5/regex.hpp:41:
/Users/buddhirajgautam/Documents/Cherrygram-Mac/macOS-Swift/submodules/regex/include/boost/regex/v5/basic_regex_parser.hpp:1950:26: warning: implicit conversion loses integer precision: 'std::intmax_t' (aka 'long') to 'unsigned int' [-Wshorten-64-to-32]
 1950 |          m_max_backref = i;
      |                        ~ ^
/Users/buddhirajgautam/Documents/Cherrygram-Mac/macOS-Swift/submodules/regex/include/boost/regex/v5/basic_regex_parser.hpp:731:14: note: in instantiation of member function 'boost::re_detail_500::basic_regex_parser<char, boost::regex_traits<char>>::parse_backref' requested here
  731 |       return parse_backref();
      |              ^
/Users/buddhirajgautam/Documents/Cherrygram-Mac/macOS-Swift/submodules/regex/include/boost/regex/v5/basic_regex_parser.hpp:337:14: note: in instantiation of member function 'boost::re_detail_500::basic_regex_parser<char, boost::regex_traits<char>>::parse_extended_escape' requested here
  337 |       return parse_extended_escape();
      |              ^
/Users/buddhirajgautam/Documents/Cherrygram-Mac/macOS-Swift/submodules/regex/include/boost/regex/v5/basic_regex_parser.hpp:146:62: note: in instantiation of member function 'boost::re_detail_500::basic_regex_parser<char, boost::regex_traits<char>>::parse_extended' requested here
  146 |          m_parser_proc = &basic_regex_parser<charT, traits>::parse_extended;
      |                                                              ^
In file included from /Users/buddhirajgautam/Documents/Cherrygram-Mac/macOS-Swift/submodules/libprisma/libprisma/Highlight.cpp:1:
In file included from /Users/buddhirajgautam/Documents/Cherrygram-Mac/macOS-Swift/submodules/libprisma/libprisma/Highlight.h:4:
In file included from /Users/buddhirajgautam/Documents/Cherrygram-Mac/macOS-Swift/submodules/regex/include/boost/regex.hpp:34:
In file included from /Users/buddhirajgautam/Documents/Cherrygram-Mac/macOS-Swift/submodules/regex/include/boost/regex/v5/regex.hpp:39:
/Users/buddhirajgautam/Documents/Cherrygram-Mac/macOS-Swift/submodules/regex/include/boost/regex/v5/basic_regex.hpp:222:14: note: in instantiation of member function 'boost::re_detail_500::basic_regex_parser<char, boost::regex_traits<char>>::parse' requested here
  222 |       parser.parse(arg_first, arg_last, f);
      |              ^
/Users/buddhirajgautam/Documents/Cherrygram-Mac/macOS-Swift/submodules/regex/include/boost/regex/v5/basic_regex.hpp:646:10: note: in instantiation of member function 'boost::re_detail_500::basic_regex_implementation<char, boost::regex_traits<char>>::assign' requested here
  646 |    temp->assign(p1, p2, f);
      |          ^
/Users/buddhirajgautam/Documents/Cherrygram-Mac/macOS-Swift/submodules/regex/include/boost/regex/v5/basic_regex.hpp:387:14: note: in instantiation of member function 'boost::basic_regex<char>::do_assign' requested here
  387 |       return do_assign(p1, p2, f);
      |              ^
/Users/buddhirajgautam/Documents/Cherrygram-Mac/macOS-Swift/submodules/regex/include/boost/regex/v5/basic_regex.hpp:424:14: note: in instantiation of member function 'boost::basic_regex<char>::assign' requested here
  424 |       return assign(s.data(), s.data() + s.size(), f);
      |              ^
/Users/buddhirajgautam/Documents/Cherrygram-Mac/macOS-Swift/submodules/regex/include/boost/regex/v5/basic_regex.hpp:399:7: note: in instantiation of function template specialization 'boost::basic_regex<char>::assign<std::char_traits<char>, std::allocator<char>>' requested here
  399 |       assign(p, f); 
      |       ^
In file included from /Users/buddhirajgautam/Documents/Cherrygram-Mac/macOS-Swift/submodules/libprisma/libprisma/Highlight.cpp:1:
/Users/buddhirajgautam/Documents/Cherrygram-Mac/macOS-Swift/submodules/libprisma/libprisma/Highlight.h:42:19: note: in instantiation of function template specialization 'boost::basic_regex<char>::basic_regex<std::char_traits<char>, std::allocator<char>>' requested here
   42 |         : m_regex(boost::regex(std::string{pattern}, flags | boost::regex_constants::optimize))
      |                   ^
6 warnings generated.

SwiftExplicitDependencyGeneratePcm arm64 /Users/buddhirajgautam/Library/Developer/Xcode/DerivedData/Telegram-Mac-fygdgghdgmuleoelvxabfmqiotta/Build/Intermediates.noindex/SwiftExplicitPrecompiledModules/ObjcUtils-3DQ7FCK9V2HNON1K74EGSK19Z.pcm
<module-includes>:1:9: note: in file included from <module-includes>:1:
1 | #import "/Users/buddhirajgautam/Documents/Cherrygram-Mac/macOS-Swift/packages/ObjcUtils/Sources/ObjcUtils/ObjcUtils.h"
  |         `- note: in file included from <module-includes>:1:
2 | 

/Users/buddhirajgautam/Documents/Cherrygram-Mac/macOS-Swift/packages/ObjcUtils/Sources/ObjcUtils/ObjcUtils.h:16:49: warning: pointer is missing a nullability type specifier (_Nonnull, _Nullable, or _Null_unspecified)
14 | 
15 | @interface OpenWithObject : NSObject
16 | @property (nonatomic, strong,readonly) NSString *fullname;
   |                                                 |- warning: pointer is missing a nullability type specifier (_Nonnull, _Nullable, or _Null_unspecified)
   |                                                 |- note: insert '_Nullable' if the pointer may be null
   |                                                 `- note: insert '_Nonnull' if the pointer should never be null
17 | @property (nonatomic, strong,readonly) NSURL *app;
18 | @property (nonatomic, strong,readonly) NSImage *icon;

<module-includes>:1:9: note: in file included from <module-includes>:1:
1 | #import "/Users/buddhirajgautam/Documents/Cherrygram-Mac/macOS-Swift/packages/ObjcUtils/Sources/ObjcUtils/ObjcUtils.h"
  |         `- note: in file included from <module-includes>:1:
2 | 

/Users/buddhirajgautam/Documents/Cherrygram-Mac/macOS-Swift/packages/ObjcUtils/Sources/ObjcUtils/ObjcUtils.h:33:23: warning: pointer is missing a nullability type specifier (_Nonnull, _Nullable, or _Null_unspecified)
31 | +(NSArray<NSView *> *__nonnull)findElementsByClass:(NSString *__nonnull)className inView:(NSView *__nonnull)view;
32 | +(NSString * __nonnull)stringForEmojiHashOfData:(NSData *__nonnull)data count:(NSInteger)count positionExtractor:(int32_t (^__nonnull)(uint8_t *__nonnull, int32_t, int32_t))positionExtractor;
33 | +(NSArray<NSNumber *> *)bufferList:(CMSampleBufferRef)sampleBuffer;
   |                       |- warning: pointer is missing a nullability type specifier (_Nonnull, _Nullable, or _Null_unspecified)
   |                       |- note: insert '_Nullable' if the pointer may be null
   |                       `- note: insert '_Nonnull' if the pointer should never be null
34 | +(NSString * __nonnull)callEmojies:(NSData *__nonnull)keySha256;
35 | +(NSString * __nonnull)randomCallsEmoji;

<module-includes>:1:9: note: in file included from <module-includes>:1:
1 | #import "/Users/buddhirajgautam/Documents/Cherrygram-Mac/macOS-Swift/packages/ObjcUtils/Sources/ObjcUtils/ObjcUtils.h"
  |         `- note: in file included from <module-includes>:1:
2 | 

/Users/buddhirajgautam/Documents/Cherrygram-Mac/macOS-Swift/packages/ObjcUtils/Sources/ObjcUtils/ObjcUtils.h:33:37: warning: pointer is missing a nullability type specifier (_Nonnull, _Nullable, or _Null_unspecified)
31 | +(NSArray<NSView *> *__nonnull)findElementsByClass:(NSString *__nonnull)className inView:(NSView *__nonnull)view;
32 | +(NSString * __nonnull)stringForEmojiHashOfData:(NSData *__nonnull)data count:(NSInteger)count positionExtractor:(int32_t (^__nonnull)(uint8_t *__nonnull, int32_t, int32_t))positionExtractor;
33 | +(NSArray<NSNumber *> *)bufferList:(CMSampleBufferRef)sampleBuffer;
   |                                     |- warning: pointer is missing a nullability type specifier (_Nonnull, _Nullable, or _Null_unspecified)
   |                                     |- note: insert '_Nullable' if the pointer may be null
   |                                     `- note: insert '_Nonnull' if the pointer should never be null
34 | +(NSString * __nonnull)callEmojies:(NSData *__nonnull)keySha256;
35 | +(NSString * __nonnull)randomCallsEmoji;

<module-includes>:1:9: note: in file included from <module-includes>:1:
1 | #import "/Users/buddhirajgautam/Documents/Cherrygram-Mac/macOS-Swift/packages/ObjcUtils/Sources/ObjcUtils/ObjcUtils.h"
  |         `- note: in file included from <module-includes>:1:
2 | 

/Users/buddhirajgautam/Documents/Cherrygram-Mac/macOS-Swift/packages/ObjcUtils/Sources/ObjcUtils/ObjcUtils.h:44:151: warning: pointer is missing a nullability type specifier (_Nonnull, _Nullable, or _Null_unspecified)
42 | +(NSArray<NSString *> * __nonnull)notificationTones:(NSString * __nonnull)def;
43 | +(NSString * __nullable)youtubeIdentifier:(NSString * __nonnull)url;;
44 | + (NSString * __nullable)_youtubeVideoIdFromText:(NSString * __nullable)text originalUrl:(NSString * __nullable)originalUrl startTime:(NSTimeInterval *)startTime;
   |                                                                                                                                                       |- warning: pointer is missing a nullability type specifier (_Nonnull, _Nullable, or _Null_unspecified)
   |                                                                                                                                                       |- note: insert '_Nullable' if the pointer may be null
   |                                                                                                                                                       `- note: insert '_Nonnull' if the pointer should never be null
45 | +(NSArray<OpenWithObject *> *)appsForFileUrl:(NSString *)fileUrl;
46 | 

<module-includes>:1:9: note: in file included from <module-includes>:1:
1 | #import "/Users/buddhirajgautam/Documents/Cherrygram-Mac/macOS-Swift/packages/ObjcUtils/Sources/ObjcUtils/ObjcUtils.h"
  |         `- note: in file included from <module-includes>:1:
2 | 

/Users/buddhirajgautam/Documents/Cherrygram-Mac/macOS-Swift/packages/ObjcUtils/Sources/ObjcUtils/ObjcUtils.h:45:29: warning: pointer is missing a nullability type specifier (_Nonnull, _Nullable, or _Null_unspecified)
43 | +(NSString * __nullable)youtubeIdentifier:(NSString * __nonnull)url;;
44 | + (NSString * __nullable)_youtubeVideoIdFromText:(NSString * __nullable)text originalUrl:(NSString * __nullable)originalUrl startTime:(NSTimeInterval *)startTime;
45 | +(NSArray<OpenWithObject *> *)appsForFileUrl:(NSString *)fileUrl;
   |                             |- warning: pointer is missing a nullability type specifier (_Nonnull, _Nullable, or _Null_unspecified)
   |                             |- note: insert '_Nullable' if the pointer may be null
   |                             `- note: insert '_Nonnull' if the pointer should never be null
46 | 
47 |     

<module-includes>:1:9: note: in file included from <module-includes>:1:
1 | #import "/Users/buddhirajgautam/Documents/Cherrygram-Mac/macOS-Swift/packages/ObjcUtils/Sources/ObjcUtils/ObjcUtils.h"
  |         `- note: in file included from <module-includes>:1:
2 | 

/Users/buddhirajgautam/Documents/Cherrygram-Mac/macOS-Swift/packages/ObjcUtils/Sources/ObjcUtils/ObjcUtils.h:45:56: warning: pointer is missing a nullability type specifier (_Nonnull, _Nullable, or _Null_unspecified)
43 | +(NSString * __nullable)youtubeIdentifier:(NSString * __nonnull)url;;
44 | + (NSString * __nullable)_youtubeVideoIdFromText:(NSString * __nullable)text originalUrl:(NSString * __nullable)originalUrl startTime:(NSTimeInterval *)startTime;
45 | +(NSArray<OpenWithObject *> *)appsForFileUrl:(NSString *)fileUrl;
   |                                                        |- warning: pointer is missing a nullability type specifier (_Nonnull, _Nullable, or _Null_unspecified)
   |                                                        |- note: insert '_Nullable' if the pointer may be null
   |                                                        `- note: insert '_Nonnull' if the pointer should never be null
46 | 
47 |     

<module-includes>:1:9: note: in file included from <module-includes>:1:
1 | #import "/Users/buddhirajgautam/Documents/Cherrygram-Mac/macOS-Swift/packages/ObjcUtils/Sources/ObjcUtils/ObjcUtils.h"
  |         `- note: in file included from <module-includes>:1:
2 | 

/Users/buddhirajgautam/Documents/Cherrygram-Mac/macOS-Swift/packages/ObjcUtils/Sources/ObjcUtils/ObjcUtils.h:60:60: warning: pointer is missing a nullability type specifier (_Nonnull, _Nullable, or _Null_unspecified)
58 | //@end
59 | 
60 | NSArray<NSString *> *  __nonnull cut_long_message(NSString *message, int max_length);
   |                                                            |- warning: pointer is missing a nullability type specifier (_Nonnull, _Nullable, or _Null_unspecified)
   |                                                            |- note: insert '_Nullable' if the pointer may be null
   |                                                            `- note: insert '_Nonnull' if the pointer should never be null
61 | int64_t SystemIdleTime(void);
62 | NSDictionary<NSString *, NSString *> * __nonnull audioTags(AVURLAsset *asset);

<module-includes>:1:9: note: in file included from <module-includes>:1:
1 | #import "/Users/buddhirajgautam/Documents/Cherrygram-Mac/macOS-Swift/packages/ObjcUtils/Sources/ObjcUtils/ObjcUtils.h"
  |         `- note: in file included from <module-includes>:1:
2 | 

/Users/buddhirajgautam/Documents/Cherrygram-Mac/macOS-Swift/packages/ObjcUtils/Sources/ObjcUtils/ObjcUtils.h:62:71: warning: pointer is missing a nullability type specifier (_Nonnull, _Nullable, or _Null_unspecified)
60 | NSArray<NSString *> *  __nonnull cut_long_message(NSString *message, int max_length);
61 | int64_t SystemIdleTime(void);
62 | NSDictionary<NSString *, NSString *> * __nonnull audioTags(AVURLAsset *asset);
   |                                                                       |- warning: pointer is missing a nullability type specifier (_Nonnull, _Nullable, or _Null_unspecified)
   |                                                                       |- note: insert '_Nullable' if the pointer may be null
   |                                                                       `- note: insert '_Nonnull' if the pointer should never be null
63 | NSImage *  __nonnull TGIdenticonImage(NSData *data, NSData *additionalData, CGSize size);
64 | 

<module-includes>:1:9: note: in file included from <module-includes>:1:
1 | #import "/Users/buddhirajgautam/Documents/Cherrygram-Mac/macOS-Swift/packages/ObjcUtils/Sources/ObjcUtils/ObjcUtils.h"
  |         `- note: in file included from <module-includes>:1:
2 | 

/Users/buddhirajgautam/Documents/Cherrygram-Mac/macOS-Swift/packages/ObjcUtils/Sources/ObjcUtils/ObjcUtils.h:63:46: warning: pointer is missing a nullability type specifier (_Nonnull, _Nullable, or _Null_unspecified)
61 | int64_t SystemIdleTime(void);
62 | NSDictionary<NSString *, NSString *> * __nonnull audioTags(AVURLAsset *asset);
63 | NSImage *  __nonnull TGIdenticonImage(NSData *data, NSData *additionalData, CGSize size);
   |                                              |- warning: pointer is missing a nullability type specifier (_Nonnull, _Nullable, or _Null_unspecified)
   |                                              |- note: insert '_Nullable' if the pointer may be null
   |                                              `- note: insert '_Nonnull' if the pointer should never be null
64 | 
65 | @interface NSData (TG)

<module-includes>:1:9: note: in file included from <module-includes>:1:
1 | #import "/Users/buddhirajgautam/Documents/Cherrygram-Mac/macOS-Swift/packages/ObjcUtils/Sources/ObjcUtils/ObjcUtils.h"
  |         `- note: in file included from <module-includes>:1:
2 | 

/Users/buddhirajgautam/Documents/Cherrygram-Mac/macOS-Swift/packages/ObjcUtils/Sources/ObjcUtils/ObjcUtils.h:63:60: warning: pointer is missing a nullability type specifier (_Nonnull, _Nullable, or _Null_unspecified)
61 | int64_t SystemIdleTime(void);
62 | NSDictionary<NSString *, NSString *> * __nonnull audioTags(AVURLAsset *asset);
63 | NSImage *  __nonnull TGIdenticonImage(NSData *data, NSData *additionalData, CGSize size);
   |                                                            |- warning: pointer is missing a nullability type specifier (_Nonnull, _Nullable, or _Null_unspecified)
   |                                                            |- note: insert '_Nullable' if the pointer may be null
   |                                                            `- note: insert '_Nonnull' if the pointer should never be null
64 | 
65 | @interface NSData (TG)

<module-includes>:1:9: note: in file included from <module-includes>:1:
1 | #import "/Users/buddhirajgautam/Documents/Cherrygram-Mac/macOS-Swift/packages/ObjcUtils/Sources/ObjcUtils/ObjcUtils.h"
  |         `- note: in file included from <module-includes>:1:
2 | 

/Users/buddhirajgautam/Documents/Cherrygram-Mac/macOS-Swift/packages/ObjcUtils/Sources/ObjcUtils/ObjcUtils.h:69:32: warning: pointer is missing a nullability type specifier (_Nonnull, _Nullable, or _Null_unspecified)
67 | @end
68 | 
69 | BOOL isEnterAccessObjc(NSEvent *theEvent, BOOL byCmdEnter);
   |                                |- warning: pointer is missing a nullability type specifier (_Nonnull, _Nullable, or _Null_unspecified)
   |                                |- note: insert '_Nullable' if the pointer may be null
   |                                `- note: insert '_Nonnull' if the pointer should never be null
70 | BOOL isEnterEventObjc(NSEvent *theEvent);
71 | 

<module-includes>:1:9: note: in file included from <module-includes>:1:
1 | #import "/Users/buddhirajgautam/Documents/Cherrygram-Mac/macOS-Swift/packages/ObjcUtils/Sources/ObjcUtils/ObjcUtils.h"
  |         `- note: in file included from <module-includes>:1:
2 | 

/Users/buddhirajgautam/Documents/Cherrygram-Mac/macOS-Swift/packages/ObjcUtils/Sources/ObjcUtils/ObjcUtils.h:70:31: warning: pointer is missing a nullability type specifier (_Nonnull, _Nullable, or _Null_unspecified)
68 | 
69 | BOOL isEnterAccessObjc(NSEvent *theEvent, BOOL byCmdEnter);
70 | BOOL isEnterEventObjc(NSEvent *theEvent);
   |                               |- warning: pointer is missing a nullability type specifier (_Nonnull, _Nullable, or _Null_unspecified)
   |                               |- note: insert '_Nullable' if the pointer may be null
   |                               `- note: insert '_Nonnull' if the pointer should never be null
71 | 
72 | int colorIndexForGroupId(int64_t groupId);

<module-includes>:1:9: note: in file included from <module-includes>:1:
1 | #import "/Users/buddhirajgautam/Documents/Cherrygram-Mac/macOS-Swift/packages/ObjcUtils/Sources/ObjcUtils/ObjcUtils.h"
  |         `- note: in file included from <module-includes>:1:
2 | 

/Users/buddhirajgautam/Documents/Cherrygram-Mac/macOS-Swift/packages/ObjcUtils/Sources/ObjcUtils/ObjcUtils.h:82:32: warning: pointer is missing a nullability type specifier (_Nonnull, _Nullable, or _Null_unspecified)
80 | double mappingRange(double x, double in_min, double in_max, double out_min, double out_max);
81 | 
82 | CGImageRef TGBlurredAlphaImage(CGImageRef source, CGSize size, CGFloat scale);
   |                                |- warning: pointer is missing a nullability type specifier (_Nonnull, _Nullable, or _Null_unspecified)
   |                                |- note: insert '_Nullable' if the pointer may be null
   |                                `- note: insert '_Nonnull' if the pointer should never be null
83 | 

<module-includes>:1:9: note: in file included from <module-includes>:1:
1 | #import "/Users/buddhirajgautam/Documents/Cherrygram-Mac/macOS-Swift/packages/ObjcUtils/Sources/ObjcUtils/ObjcUtils.h"
  |         `- note: in file included from <module-includes>:1:
2 | 

14 warnings generated.
/Users/buddhirajgautam/Documents/Cherrygram-Mac/macOS-Swift/packages/ObjcUtils/Sources/ObjcUtils/ObjcUtils.h:82:1: warning: pointer is missing a nullability type specifier (_Nonnull, _Nullable, or _Null_unspecified)
80 | double mappingRange(double x, double in_min, double in_max, double out_min, double out_max);
81 | 
82 | CGImageRef TGBlurredAlphaImage(CGImageRef source, CGSize size, CGFloat scale);
   | |- warning: pointer is missing a nullability type specifier (_Nonnull, _Nullable, or _Null_unspecified)
   | |- note: insert '_Nullable' if the pointer may be null
   | `- note: insert '_Nonnull' if the pointer should never be null
83 | 

SwiftDriverJobDiscovery normal arm64 Compiling AdditionalChatListItemsTable.swift, AdditionalChatListItemsView.swift, AdditionalMessageHistoryViewData.swift, AllChatListHolesView.swift, BinarySearch.swift, CachedItemView.swift, CachedPeerData.swift, CachedPeerDataTable.swift, CachedPeerDataView.swift, ChatInterfaceStateView.swift, ChatListHole.swift, ChatListHolesView.swift, ChatListIndexTable.swift, ChatListIndexView.swift, ChatListTable.swift, ChatListView.swift, ChatListViewState.swift, ChatLocation.swift, Coding.swift, ContactPeerIdsView.swift, ContactPeersView.swift, ContactTable.swift, Database.swift, DeletedMessagesView.swift, DeviceContactImportInfoTable.swift (in target 'Postbox' from project 'Postbox')

ExtractAppIntentsMetadata (in target 'Reachability' from project 'Reachability')
    cd /Users/buddhirajgautam/Documents/Cherrygram-Mac/macOS-Swift/submodules/telegram-ios/submodules/Reachability
    /Applications/Xcode.app/Contents/Developer/Toolchains/XcodeDefault.xctoolchain/usr/bin/appintentsmetadataprocessor --toolchain-dir /var/run/com.apple.security.cryptexd/mnt/com.apple.MobileAsset.MetalToolchain-v27.1.266.1.Pr1pMU/Metal.xctoolchain --module-name Reachability --sdk-root /Applications/Xcode.app/Contents/Developer/Platforms/MacOSX.platform/Developer/SDKs/MacOSX27.0.sdk --xcode-version 27A266a --platform-family macOS --deployment-target 12.0 --bundle-identifier reachability.Reachability --output /Users/buddhirajgautam/Library/Developer/Xcode/DerivedData/Telegram-Mac-fygdgghdgmuleoelvxabfmqiotta/Build/Products/Debug/Reachability.appintents --target-triple arm64-apple-macos12.0 --binary-file /Users/buddhirajgautam/Library/Developer/Xcode/DerivedData/Telegram-Mac-fygdgghdgmuleoelvxabfmqiotta/Build/Products/Debug/Reachability.o --dependency-file /Users/buddhirajgautam/Library/Developer/Xcode/DerivedData/Telegram-Mac-fygdgghdgmuleoelvxabfmqiotta/Build/Intermediates.noindex/Reachability.build/Debug/Reachability-t.build/Objects-normal/arm64/Reachability_dependency_info.dat --stringsdata-file /Users/buddhirajgautam/Library/Developer/Xcode/DerivedData/Telegram-Mac-fygdgghdgmuleoelvxabfmqiotta/Build/Intermediates.noindex/Reachability.build/Debug/Reachability-t.build/Objects-normal/arm64/ExtractedAppShortcutsMetadata.stringsdata --source-file-list /Users/buddhirajgautam/Library/Developer/Xcode/DerivedData/Telegram-Mac-fygdgghdgmuleoelvxabfmqiotta/Build/Intermediates.noindex/Reachability.build/Debug/Reachability-t.build/Objects-normal/arm64/Reachability.SwiftFileList --metadata-file-list /Users/buddhirajgautam/Library/Developer/Xcode/DerivedData/Telegram-Mac-fygdgghdgmuleoelvxabfmqiotta/Build/Intermediates.noindex/Reachability.build/Debug/Reachability-t.build/Reachability.DependencyMetadataFileList --static-metadata-file-list /Users/buddhirajgautam/Library/Developer/Xcode/DerivedData/Telegram-Mac-fygdgghdgmuleoelvxabfmqiotta/Build/Intermediates.noindex/Reachability.build/Debug/Reachability-t.build/Reachability.DependencyStaticMetadataFileList --swift-const-vals-list /Users/buddhirajgautam/Library/Developer/Xcode/DerivedData/Telegram-Mac-fygdgghdgmuleoelvxabfmqiotta/Build/Intermediates.noindex/Reachability.build/Debug/Reachability-t.build/Objects-normal/arm64/Reachability.SwiftConstValuesFileList --force --compile-time-extraction --deployment-aware-processing --no-app-shortcuts-localization
2026-09-21 20:24:25.623 appintentsmetadataprocessor[56511:3886664] Starting appintentsmetadataprocessor export
2026-09-21 20:24:25.758 appintentsmetadataprocessor[56511:3886664] Extracted no relevant App Intents symbols, skipping writing output

SwiftEmitModule normal arm64 Emitting\ module\ for\ TGUIKit (in target 'TGUIKit' from project 'TGUIKit')
/Users/buddhirajgautam/Documents/Cherrygram-Mac/macOS-Swift/packages/TGUIKit/Sources/ContainableController.swift:325:40: warning: using 'class' keyword to define a class-constrained protocol is deprecated; use 'AnyObject' instead [#deprecation]
323 | }
324 | 
325 | public protocol ContainableController: class {
    |                                        `- warning: using 'class' keyword to define a class-constrained protocol is deprecated; use 'AnyObject' instead [#deprecation]
326 |     var view: View! { get }
327 |     

/Users/buddhirajgautam/Documents/Cherrygram-Mac/macOS-Swift/packages/TGUIKit/Sources/DynamicCounterTextView.swift:217:29: warning: initialization of immutable value 'prevPos' was never used; consider replacing with assignment to '_' or removing it [#NoUsage]
215 |                         current.layer?.animateAlpha(from: 0, to: 1, duration: duration)
216 |                     case .numeric:
217 |                         let prevPos = previousTextPos[layout.1.hashValue] ?? pos
    |                             `- warning: initialization of immutable value 'prevPos' was never used; consider replacing with assignment to '_' or removing it [#NoUsage]
218 |                         let direction = addition[layout.1.hashValue]
219 |                         switch direction {

/Users/buddhirajgautam/Documents/Cherrygram-Mac/macOS-Swift/packages/TGUIKit/Sources/Extensions.swift:151:5: warning: 'public' modifier is redundant for initializer declared in a public extension
 149 |         return attr.copy() as! NSAttributedString
 150 |     }
 151 |     public convenience init(string: String, font: NSFont? = nil, textColor: NSColor = NSColor.black, paragraphAlignment: NSTextAlignment? = nil) {
     |     `- warning: 'public' modifier is redundant for initializer declared in a public extension
 152 |         var attributes: [NSAttributedString.Key: AnyObject] = [:]
 153 |         if let font = font {

/Users/buddhirajgautam/Documents/Cherrygram-Mac/macOS-Swift/packages/TGUIKit/Sources/Extensions.swift:542:80: warning: property 'link' cannot be used in a default argument value because 'ColorPalette' was not imported by this file; this is an error in the Swift 6 language mode
 540 |     }
 541 |     
 542 |     func add(link:Any, for range:NSRange, color: NSColor = presentation.colors.link)  {
     |                                                                                |- warning: property 'link' cannot be used in a default argument value because 'ColorPalette' was not imported by this file; this is an error in the Swift 6 language mode
     |                                                                                `- note: The missing import of module 'ColorPalette' will be added implicitly
 543 |         self.addAttribute(NSAttributedString.Key.link, value: link, range: range)
 544 |         self.addAttribute(NSAttributedString.Key.foregroundColor, value: color, range: range)

/Users/buddhirajgautam/Documents/Cherrygram-Mac/macOS-Swift/packages/TGUIKit/Sources/Extensions.swift:1656:23: warning: static property 'none' produces an empty option set
1654 |     }
1655 |     
1656 |     public static let none = LayoutPositionFlags(rawValue: 0)
     |                       |- warning: static property 'none' produces an empty option set
     |                       `- note: use [] to silence this warning
1657 |     public static let top = LayoutPositionFlags(rawValue: 1 << 0)
1658 |     public static let bottom = LayoutPositionFlags(rawValue: 1 << 1)

/Users/buddhirajgautam/Documents/Cherrygram-Mac/macOS-Swift/packages/TGUIKit/Sources/Extensions.swift:1667:23: warning: static property 'none' produces an empty option set
1665 |     public let rawValue: UInt
1666 |     
1667 |     public static let none = NSRectCorner(rawValue: 0)
     |                       |- warning: static property 'none' produces an empty option set
     |                       `- note: use [] to silence this warning
1668 |     public static let topLeft = NSRectCorner(rawValue: 1 << 0)
1669 |     public static let topRight = NSRectCorner(rawValue: 1 << 1)

/Users/buddhirajgautam/Documents/Cherrygram-Mac/macOS-Swift/packages/TGUIKit/Sources/Extensions.swift:1928:5: warning: 'public' modifier is redundant for initializer declared in a public extension
1926 | public extension NSEdgeInsets {
1927 | 
1928 |     public init(left:CGFloat = 0, right:CGFloat = 0, top:CGFloat = 0, bottom:CGFloat = 0) {
     |     `- warning: 'public' modifier is redundant for initializer declared in a public extension
1929 |         self.init(top: top, left: left, bottom: bottom, right: right)
1930 |     }

/Users/buddhirajgautam/Documents/Cherrygram-Mac/macOS-Swift/packages/TGUIKit/Sources/Extensions.swift:2369:1: warning: extension declares a conformance of imported type 'NSEdgeInsets' to imported protocol 'Equatable'; this will not behave correctly if the owners of 'Foundation' introduce this conformance in the future
2367 |     }
2368 | }
2369 | extension NSEdgeInsets : Equatable {
     | |- warning: extension declares a conformance of imported type 'NSEdgeInsets' to imported protocol 'Equatable'; this will not behave correctly if the owners of 'Foundation' introduce this conformance in the future
     | `- note: add '@retroactive' to silence this warning
2370 |     public static func ==(lhs: NSEdgeInsets, rhs: NSEdgeInsets) -> Bool {
2371 |         return lhs.left == rhs.left && lhs.right == rhs.right && lhs.bottom == rhs.bottom && lhs.top == rhs.top

/Users/buddhirajgautam/Documents/Cherrygram-Mac/macOS-Swift/packages/TGUIKit/Sources/GridNode.swift:223:9: warning: 'Hashable.hashValue' is deprecated as a protocol requirement; conform type 'WrappedGridSection' to 'Hashable' by implementing 'hash(into:)' instead [#DeprecatedDeclaration]
 221 |     }
 222 |     
 223 |     var hashValue: Int {
     |         `- warning: 'Hashable.hashValue' is deprecated as a protocol requirement; conform type 'WrappedGridSection' to 'Hashable' by implementing 'hash(into:)' instead [#DeprecatedDeclaration]
 224 |         return self.section.hashValue
 225 |     }

/Users/buddhirajgautam/Documents/Cherrygram-Mac/macOS-Swift/packages/TGUIKit/Sources/GridNode.swift:244:9: warning: 'Hashable.hashValue' is deprecated as a protocol requirement; conform type 'WrappedGridItemNode' to 'Hashable' by implementing 'hash(into:)' instead [#DeprecatedDeclaration]
 242 |     let node: View
 243 |     
 244 |     var hashValue: Int {
     |         `- warning: 'Hashable.hashValue' is deprecated as a protocol requirement; conform type 'WrappedGridItemNode' to 'Hashable' by implementing 'hash(into:)' instead [#DeprecatedDeclaration]
 245 |         return node.hashValue
 246 |     }

/Users/buddhirajgautam/Documents/Cherrygram-Mac/macOS-Swift/packages/TGUIKit/Sources/Markdown.swift:26:146: warning: property 'grayText' cannot be used in a default argument value because 'ColorPalette' was not imported by this file; this is an error in the Swift 6 language mode
 24 |     public let linkAttribute: (String) -> (String, Any)?
 25 |     
 26 |     public init(body: MarkdownAttributeSet, bold: MarkdownAttributeSet = MarkdownAttributeSet(font: .bold(.text), textColor: presentation.colors.grayText), link: MarkdownAttributeSet, linkAttribute: @escaping (String) -> (String, Any)?) {
    |                                                                                                                                                  |- warning: property 'grayText' cannot be used in a default argument value because 'ColorPalette' was not imported by this file; this is an error in the Swift 6 language mode
    |                                                                                                                                                  `- note: The missing import of module 'ColorPalette' will be added implicitly
 27 |         self.body = body
 28 |         self.link = link

/Users/buddhirajgautam/Documents/Cherrygram-Mac/macOS-Swift/packages/TGUIKit/Sources/SPopoverViewController.swift:34:130: warning: property 'text' cannot be used in a default argument value because 'ColorPalette' was not imported by this file; this is an error in the Swift 6 language mode
 32 |     let additionView: SPopoverAdditionItemView?
 33 |     
 34 |     public init(_ title:String, _ handler:@escaping ()->Void, _ image:CGImage? = nil, _ textColor: NSColor = presentation.colors.text, height: CGFloat = 40.0, isSeparator: Bool = false, drawSeparatorBorder: Bool = true, additionView: SPopoverAdditionItemView? = nil) {
    |                                                                                                                                  |- warning: property 'text' cannot be used in a default argument value because 'ColorPalette' was not imported by this file; this is an error in the Swift 6 language mode
    |                                                                                                                                  `- note: The missing import of module 'ColorPalette' will be added implicitly
 35 |         self.title = title
 36 |         self.image = image

/Users/buddhirajgautam/Documents/Cherrygram-Mac/macOS-Swift/packages/TGUIKit/Sources/TGColor.swift:460:5: warning: 'public' modifier is redundant for static property declared in a public extension
458 |     
459 |     
460 |     public static var cornerRadius:CGFloat {
    |     `- warning: 'public' modifier is redundant for static property declared in a public extension
461 |         return 5
462 |     }

/Users/buddhirajgautam/Documents/Cherrygram-Mac/macOS-Swift/packages/TGUIKit/Sources/TGColor.swift:464:5: warning: 'public' modifier is redundant for static property declared in a public extension
462 |     }
463 |     
464 |     public static var borderSize:CGFloat  {
    |     `- warning: 'public' modifier is redundant for static property declared in a public extension
465 |         get {
466 |             return 1


SwiftCompile normal arm64 (in target 'TGUIKit' from project 'TGUIKit')
    cd /Users/buddhirajgautam/Documents/Cherrygram-Mac/macOS-Swift
    

/Users/buddhirajgautam/Documents/Cherrygram-Mac/macOS-Swift/packages/TGUIKit/Sources/TGSplitView.swift:170:37: warning: using 'class' keyword to define a class-constrained protocol is deprecated; use 'AnyObject' instead [#deprecation]
168 | 
169 | 
170 | public protocol SplitViewDelegate : class {
    |                                     `- warning: using 'class' keyword to define a class-constrained protocol is deprecated; use 'AnyObject' instead [#deprecation]
171 |     func splitViewDidNeedSwapToLayout(state:SplitViewState) -> Void
172 |     func splitViewDidNeedMinimisize(controller:ViewController) -> Void

/Users/buddhirajgautam/Documents/Cherrygram-Mac/macOS-Swift/packages/TGUIKit/Sources/TabBarView.swift:13:35: warning: using 'class' keyword to define a class-constrained protocol is deprecated; use 'AnyObject' instead [#deprecation]
 11 | 
 12 | 
 13 | public protocol TabViewDelegate : class {
    |                                   `- warning: using 'class' keyword to define a class-constrained protocol is deprecated; use 'AnyObject' instead [#deprecation]
 14 |     func didChange(selected item:TabItem, index:Int)
 15 |     func scrollup()

/Users/buddhirajgautam/Documents/Cherrygram-Mac/macOS-Swift/packages/TGUIKit/Sources/TableView.swift:782:20: warning: value 'oldValue' was defined but never used; consider replacing with boolean test [#NoUsage]
 780 |     public var resortController: TableResortController? {
 781 |         didSet {
 782 |             if let oldValue {
     |                    `- warning: value 'oldValue' was defined but never used; consider replacing with boolean test [#NoUsage]
 783 | //                resortController?.resortView = oldValue.resortView
 784 | //                resortController?.resortRow = oldValue.resortRow

/Users/buddhirajgautam/Documents/Cherrygram-Mac/macOS-Swift/packages/TGUIKit/Sources/TimableProgressView.swift:21:64: warning: property 'blackTransparent' cannot be used in a default argument value because 'ColorPalette' was not imported by this file; this is an error in the Swift 6 language mode
 19 |     let borderWidth: CGFloat
 20 |     let start:Double
 21 |     public init(backgroundColor: NSColor = presentation.colors.blackTransparent, foregroundColor: NSColor = .white, animated: Bool = true, outer: CGFloat = 5, seconds: TimeInterval = 10, start: Double = 100, border: Bool = true, borderWidth: CGFloat = 3) {
    |                                                                |- warning: property 'blackTransparent' cannot be used in a default argument value because 'ColorPalette' was not imported by this file; this is an error in the Swift 6 language mode
    |                                                                `- note: The missing import of module 'ColorPalette' will be added implicitly
 22 |         self.backgroundColor = backgroundColor
 23 |         self.foregroundColor = foregroundColor

/Users/buddhirajgautam/Documents/Cherrygram-Mac/macOS-Swift/packages/TGUIKit/Sources/TokenizedView.swift:129:37: warning: using 'class' keyword to define a class-constrained protocol is deprecated; use 'AnyObject' instead [#deprecation]
127 | }
128 | 
129 | public protocol TokenizedProtocol : class {
    |                                     `- warning: using 'class' keyword to define a class-constrained protocol is deprecated; use 'AnyObject' instead [#deprecation]
130 |     func tokenizedViewDidChangedHeight(_ view: TokenizedView, height: CGFloat, animated: Bool)
131 | }

/Users/buddhirajgautam/Documents/Cherrygram-Mac/macOS-Swift/packages/TGUIKit/Sources/TransactionHandler.swift:13:23: warning: 'OSSpinLock' was deprecated in macOS 10.12: Use os_unfair_lock() from <os/lock.h> instead [#DeprecatedDeclaration]
11 | public class TransactionHandler: NSObject {
12 | 
13 |     private var lock: OSSpinLock = 0
   |                       `- warning: 'OSSpinLock' was deprecated in macOS 10.12: Use os_unfair_lock() from <os/lock.h> instead [#DeprecatedDeclaration]
14 | 
15 |     private var handler:(() ->Void)?

/Users/buddhirajgautam/Documents/Cherrygram-Mac/macOS-Swift/packages/TGUIKit/Sources/View.swift:75:39: warning: using 'class' keyword to define a class-constrained protocol is deprecated; use 'AnyObject' instead [#deprecation]
 73 | }
 74 | 
 75 | public protocol ViewDisplayDelegate : class {
    |                                       `- warning: using 'class' keyword to define a class-constrained protocol is deprecated; use 'AnyObject' instead [#deprecation]
 76 |     func draw(_ layer: CALayer, in ctx: CGContext);
 77 | }

/Users/buddhirajgautam/Documents/Cherrygram-Mac/macOS-Swift/packages/TGUIKit/Sources/Window.swift:89:35: warning: using 'class' keyword to define a class-constrained protocol is deprecated; use 'AnyObject' instead [#deprecation]
  87 | }
  88 | 
  89 | protocol ObservableViewDelegate : class {
     |                                   `- warning: using 'class' keyword to define a class-constrained protocol is deprecated; use 'AnyObject' instead [#deprecation]
  90 |     func observableView(_ view: NSView, didAddSubview: NSView)
  91 |     func observableview(_ view: NSView, willRemoveSubview: NSView)

[#DeprecatedDeclaration]: <https://docs.swift.org/compiler/documentation/diagnostics/deprecated-declaration>
[#NoUsage]: <https://docs.swift.org/compiler/documentation/diagnostics/no-usage>
SwiftCompile normal arm64 Compiling\ Control.swift,\ DatePicker.swift,\ DisplayLinkAnimator.swift,\ DisplayLinkDispatcher.swift,\ DraggingView.swift,\ DrawingContext.swift,\ DynamicCounterTextView.swift,\ EditableViewController.swift,\ EmojiFitzModifier.swift,\ Extensions.swift,\ FireTimerControl.swift,\ GenerateSvgThumb.swift,\ GridItem.swift,\ GridItemNode.swift,\ GridNode.swift,\ HorizontalRowView.swift /Users/buddhirajgautam/Documents/Cherrygram-Mac/macOS-Swift/packages/TGUIKit/Sources/Control.swift /Users/buddhirajgautam/Documents/Cherrygram-Mac/macOS-Swift/packages/TGUIKit/Sources/DatePicker.swift /Users/buddhirajgautam/Documents/Cherrygram-Mac/macOS-Swift/packages/TGUIKit/Sources/DisplayLinkAnimator.swift /Users/buddhirajgautam/Documents/Cherrygram-Mac/macOS-Swift/packages/TGUIKit/Sources/DisplayLinkDispatcher.swift /Users/buddhirajgautam/Documents/Cherrygram-Mac/macOS-Swift/packages/TGUIKit/Sources/DraggingView.swift /Users/buddhirajgautam/Documents/Cherrygram-Mac/macOS-Swift/packages/TGUIKit/Sources/DrawingContext.swift /Users/buddhirajgautam/Documents/Cherrygram-Mac/macOS-Swift/packages/TGUIKit/Sources/DynamicCounterTextView.swift /Users/buddhirajgautam/Documents/Cherrygram-Mac/macOS-Swift/packages/TGUIKit/Sources/EditableViewController.swift /Users/buddhirajgautam/Documents/Cherrygram-Mac/macOS-Swift/packages/TGUIKit/Sources/EmojiFitzModifier.swift /Users/buddhirajgautam/Documents/Cherrygram-Mac/macOS-Swift/packages/TGUIKit/Sources/Extensions.swift /Users/buddhirajgautam/Documents/Cherrygram-Mac/macOS-Swift/packages/TGUIKit/Sources/FireTimerControl.swift /Users/buddhirajgautam/Documents/Cherrygram-Mac/macOS-Swift/packages/TGUIKit/Sources/GenerateSvgThumb.swift /Users/buddhirajgautam/Documents/Cherrygram-Mac/macOS-Swift/packages/TGUIKit/Sources/GridItem.swift /Users/buddhirajgautam/Documents/Cherrygram-Mac/macOS-Swift/packages/TGUIKit/Sources/GridItemNode.swift /Users/buddhirajgautam/Documents/Cherrygram-Mac/macOS-Swift/packages/TGUIKit/Sources/GridNode.swift /Users/buddhirajgautam/Documents/Cherrygram-Mac/macOS-Swift/packages/TGUIKit/Sources/HorizontalRowView.swift (in target 'TGUIKit' from project 'TGUIKit')
/Users/buddhirajgautam/Documents/Cherrygram-Mac/macOS-Swift/packages/TGUIKit/Sources/DrawingContext.swift:503:20: warning: 'scanCharacters(from:into:)' was deprecated in macOS 10.15 [#DeprecatedDeclaration]
501 |     
502 |     while !scanner.isAtEnd {
503 |         if scanner.scanCharacters(from: CharacterSet.letters, into: &command) {
    |                    `- warning: 'scanCharacters(from:into:)' was deprecated in macOS 10.15 [#DeprecatedDeclaration]
504 |             let commandString = command! as String
505 |             

/Users/buddhirajgautam/Documents/Cherrygram-Mac/macOS-Swift/packages/TGUIKit/Sources/DrawingContext.swift:510:25: warning: 'scanDouble' was deprecated in macOS 10.15 [#DeprecatedDeclaration]
508 |                 // Move to command
509 |                 var x: Double = 0, y: Double = 0
510 |                 scanner.scanDouble(&x)
    |                         `- warning: 'scanDouble' was deprecated in macOS 10.15 [#DeprecatedDeclaration]
511 |                 scanner.scanDouble(&y)
512 |                 currentPoint = CGPoint(x: x, y: y)

/Users/buddhirajgautam/Documents/Cherrygram-Mac/macOS-Swift/packages/TGUIKit/Sources/DrawingContext.swift:511:25: warning: 'scanDouble' was deprecated in macOS 10.15 [#DeprecatedDeclaration]
509 |                 var x: Double = 0, y: Double = 0
510 |                 scanner.scanDouble(&x)
511 |                 scanner.scanDouble(&y)
    |                         `- warning: 'scanDouble' was deprecated in macOS 10.15 [#DeprecatedDeclaration]
512 |                 currentPoint = CGPoint(x: x, y: y)
513 |                 startPoint = currentPoint

/Users/buddhirajgautam/Documents/Cherrygram-Mac/macOS-Swift/packages/TGUIKit/Sources/DrawingContext.swift:519:25: warning: 'scanDouble' was deprecated in macOS 10.15 [#DeprecatedDeclaration]
517 |                 // Cubic Bezier curve command
518 |                 var control1X: Double = 0, control1Y: Double = 0, control2X: Double = 0, control2Y: Double = 0, endPointX: Double = 0, endPointY: Double = 0
519 |                 scanner.scanDouble(&control1X)
    |                         `- warning: 'scanDouble' was deprecated in macOS 10.15 [#DeprecatedDeclaration]
520 |                 scanner.scanDouble(&control1Y)
521 |                 scanner.scanDouble(&control2X)

/Users/buddhirajgautam/Documents/Cherrygram-Mac/macOS-Swift/packages/TGUIKit/Sources/DrawingContext.swift:520:25: warning: 'scanDouble' was deprecated in macOS 10.15 [#DeprecatedDeclaration]
518 |                 var control1X: Double = 0, control1Y: Double = 0, control2X: Double = 0, control2Y: Double = 0, endPointX: Double = 0, endPointY: Double = 0
519 |                 scanner.scanDouble(&control1X)
520 |                 scanner.scanDouble(&control1Y)
    |                         `- warning: 'scanDouble' was deprecated in macOS 10.15 [#DeprecatedDeclaration]
521 |                 scanner.scanDouble(&control2X)
522 |                 scanner.scanDouble(&control2Y)

/Users/buddhirajgautam/Documents/Cherrygram-Mac/macOS-Swift/packages/TGUIKit/Sources/DrawingContext.swift:521:25: warning: 'scanDouble' was deprecated in macOS 10.15 [#DeprecatedDeclaration]
519 |                 scanner.scanDouble(&control1X)
520 |                 scanner.scanDouble(&control1Y)
521 |                 scanner.scanDouble(&control2X)
    |                         `- warning: 'scanDouble' was deprecated in macOS 10.15 [#DeprecatedDeclaration]
522 |                 scanner.scanDouble(&control2Y)
523 |                 scanner.scanDouble(&endPointX)

/Users/buddhirajgautam/Documents/Cherrygram-Mac/macOS-Swift/packages/TGUIKit/Sources/DrawingContext.swift:522:25: warning: 'scanDouble' was deprecated in macOS 10.15 [#DeprecatedDeclaration]
520 |                 scanner.scanDouble(&control1Y)
521 |                 scanner.scanDouble(&control2X)
522 |                 scanner.scanDouble(&control2Y)
    |                         `- warning: 'scanDouble' was deprecated in macOS 10.15 [#DeprecatedDeclaration]
523 |                 scanner.scanDouble(&endPointX)
524 |                 scanner.scanDouble(&endPointY)

/Users/buddhirajgautam/Documents/Cherrygram-Mac/macOS-Swift/packages/TGUIKit/Sources/DrawingContext.swift:523:25: warning: 'scanDouble' was deprecated in macOS 10.15 [#DeprecatedDeclaration]
521 |                 scanner.scanDouble(&control2X)
522 |                 scanner.scanDouble(&control2Y)
523 |                 scanner.scanDouble(&endPointX)
    |                         `- warning: 'scanDouble' was deprecated in macOS 10.15 [#DeprecatedDeclaration]
524 |                 scanner.scanDouble(&endPointY)
525 |                 path.addCurve(to: CGPoint(x: endPointX, y: endPointY),

/Users/buddhirajgautam/Documents/Cherrygram-Mac/macOS-Swift/packages/TGUIKit/Sources/DrawingContext.swift:524:25: warning: 'scanDouble' was deprecated in macOS 10.15 [#DeprecatedDeclaration]
522 |                 scanner.scanDouble(&control2Y)
523 |                 scanner.scanDouble(&endPointX)
524 |                 scanner.scanDouble(&endPointY)
    |                         `- warning: 'scanDouble' was deprecated in macOS 10.15 [#DeprecatedDeclaration]
525 |                 path.addCurve(to: CGPoint(x: endPointX, y: endPointY),
526 |                               control1: CGPoint(x: control1X, y: control1Y),

/Users/buddhirajgautam/Documents/Cherrygram-Mac/macOS-Swift/packages/TGUIKit/Sources/DrawingContext.swift:533:25: warning: 'scanDouble' was deprecated in macOS 10.15 [#DeprecatedDeclaration]
531 |                 // Horizontal line command
532 |                 var x: Double = 0
533 |                 scanner.scanDouble(&x)
    |                         `- warning: 'scanDouble' was deprecated in macOS 10.15 [#DeprecatedDeclaration]
534 |                 currentPoint = CGPoint(x: x, y: currentPoint.y)
535 |                 path.addLine(to: currentPoint)

/Users/buddhirajgautam/Documents/Cherrygram-Mac/macOS-Swift/packages/TGUIKit/Sources/DrawingContext.swift:540:25: warning: 'scanDouble' was deprecated in macOS 10.15 [#DeprecatedDeclaration]
538 |                 // Vertical line command
539 |                 var y: Double = 0
540 |                 scanner.scanDouble(&y)
    |                         `- warning: 'scanDouble' was deprecated in macOS 10.15 [#DeprecatedDeclaration]
541 |                 currentPoint = CGPoint(x: currentPoint.x, y: y)
542 |                 path.addLine(to: currentPoint)

/Users/buddhirajgautam/Documents/Cherrygram-Mac/macOS-Swift/packages/TGUIKit/Sources/DrawingContext.swift:547:25: warning: 'scanDouble' was deprecated in macOS 10.15 [#DeprecatedDeclaration]
545 |                 // Line to command
546 |                 var x: Double = 0, y: Double = 0
547 |                 scanner.scanDouble(&x)
    |                         `- warning: 'scanDouble' was deprecated in macOS 10.15 [#DeprecatedDeclaration]
548 |                 scanner.scanDouble(&y)
549 |                 currentPoint = CGPoint(x: x, y: y)

/Users/buddhirajgautam/Documents/Cherrygram-Mac/macOS-Swift/packages/TGUIKit/Sources/DrawingContext.swift:548:25: warning: 'scanDouble' was deprecated in macOS 10.15 [#DeprecatedDeclaration]
546 |                 var x: Double = 0, y: Double = 0
547 |                 scanner.scanDouble(&x)
548 |                 scanner.scanDouble(&y)
    |                         `- warning: 'scanDouble' was deprecated in macOS 10.15 [#DeprecatedDeclaration]
549 |                 currentPoint = CGPoint(x: x, y: y)
550 |                 path.addLine(to: currentPoint)

/Users/buddhirajgautam/Documents/Cherrygram-Mac/macOS-Swift/packages/TGUIKit/Sources/DynamicCounterTextView.swift:217:29: warning: initialization of immutable value 'prevPos' was never used; consider replacing with assignment to '_' or removing it [#NoUsage]
215 |                         current.layer?.animateAlpha(from: 0, to: 1, duration: duration)
216 |                     case .numeric:
217 |                         let prevPos = previousTextPos[layout.1.hashValue] ?? pos
    |                             `- warning: initialization of immutable value 'prevPos' was never used; consider replacing with assignment to '_' or removing it [#NoUsage]
218 |                         let direction = addition[layout.1.hashValue]
219 |                         switch direction {

/Users/buddhirajgautam/Documents/Cherrygram-Mac/macOS-Swift/packages/TGUIKit/Sources/Extensions.swift:151:5: warning: 'public' modifier is redundant for initializer declared in a public extension
 149 |         return attr.copy() as! NSAttributedString
 150 |     }
 151 |     public convenience init(string: String, font: NSFont? = nil, textColor: NSColor = NSColor.black, paragraphAlignment: NSTextAlignment? = nil) {
     |     `- warning: 'public' modifier is redundant for initializer declared in a public extension
 152 |         var attributes: [NSAttributedString.Key: AnyObject] = [:]
 153 |         if let font = font {

/Users/buddhirajgautam/Documents/Cherrygram-Mac/macOS-Swift/packages/TGUIKit/Sources/Extensions.swift:542:80: warning: property 'link' cannot be used in a default argument value because 'ColorPalette' was not imported by this file; this is an error in the Swift 6 language mode
 540 |     }
 541 |     
 542 |     func add(link:Any, for range:NSRange, color: NSColor = presentation.colors.link)  {
     |                                                                                |- warning: property 'link' cannot be used in a default argument value because 'ColorPalette' was not imported by this file; this is an error in the Swift 6 language mode
     |                                                                                `- note: The missing import of module 'ColorPalette' will be added implicitly
 543 |         self.addAttribute(NSAttributedString.Key.link, value: link, range: range)
 544 |         self.addAttribute(NSAttributedString.Key.foregroundColor, value: color, range: range)

/Users/buddhirajgautam/Documents/Cherrygram-Mac/macOS-Swift/packages/TGUIKit/Sources/Extensions.swift:1656:23: warning: static property 'none' produces an empty option set
1654 |     }
1655 |     
1656 |     public static let none = LayoutPositionFlags(rawValue: 0)
     |                       |- warning: static property 'none' produces an empty option set
     |                       `- note: use [] to silence this warning
1657 |     public static let top = LayoutPositionFlags(rawValue: 1 << 0)
1658 |     public static let bottom = LayoutPositionFlags(rawValue: 1 << 1)

/Users/buddhirajgautam/Documents/Cherrygram-Mac/macOS-Swift/packages/TGUIKit/Sources/Extensions.swift:1667:23: warning: static property 'none' produces an empty option set
1665 |     public let rawValue: UInt
1666 |     
1667 |     public static let none = NSRectCorner(rawValue: 0)
     |                       |- warning: static property 'none' produces an empty option set
     |                       `- note: use [] to silence this warning
1668 |     public static let topLeft = NSRectCorner(rawValue: 1 << 0)
1669 |     public static let topRight = NSRectCorner(rawValue: 1 << 1)

/Users/buddhirajgautam/Documents/Cherrygram-Mac/macOS-Swift/packages/TGUIKit/Sources/Extensions.swift:1928:5: warning: 'public' modifier is redundant for initializer declared in a public extension
1926 | public extension NSEdgeInsets {
1927 | 
1928 |     public init(left:CGFloat = 0, right:CGFloat = 0, top:CGFloat = 0, bottom:CGFloat = 0) {
     |     `- warning: 'public' modifier is redundant for initializer declared in a public extension
1929 |         self.init(top: top, left: left, bottom: bottom, right: right)
1930 |     }

/Users/buddhirajgautam/Documents/Cherrygram-Mac/macOS-Swift/packages/TGUIKit/Sources/Extensions.swift:2369:1: warning: extension declares a conformance of imported type 'NSEdgeInsets' to imported protocol 'Equatable'; this will not behave correctly if the owners of 'Foundation' introduce this conformance in the future
2367 |     }
2368 | }
2369 | extension NSEdgeInsets : Equatable {
     | |- warning: extension declares a conformance of imported type 'NSEdgeInsets' to imported protocol 'Equatable'; this will not behave correctly if the owners of 'Foundation' introduce this conformance in the future
     | `- note: add '@retroactive' to silence this warning
2370 |     public static func ==(lhs: NSEdgeInsets, rhs: NSEdgeInsets) -> Bool {
2371 |         return lhs.left == rhs.left && lhs.right == rhs.right && lhs.bottom == rhs.bottom && lhs.top == rhs.top

/Users/buddhirajgautam/Documents/Cherrygram-Mac/macOS-Swift/packages/TGUIKit/Sources/Extensions.swift:235:13: warning: variable 'index' was never used; consider replacing with '_' or removing it [#NoUsage]
 233 |         }
 234 |         
 235 |         var index: String.Index = copy.index(after: copy.startIndex)
     |             `- warning: variable 'index' was never used; consider replacing with '_' or removing it [#NoUsage]
 236 |         
 237 |         var newLineIndexEnd: String.Index? = nil

/Users/buddhirajgautam/Documents/Cherrygram-Mac/macOS-Swift/packages/TGUIKit/Sources/Extensions.swift:237:13: warning: variable 'newLineIndexEnd' was never used; consider replacing with '_' or removing it [#NoUsage]
 235 |         var index: String.Index = copy.index(after: copy.startIndex)
 236 |         
 237 |         var newLineIndexEnd: String.Index? = nil
     |             `- warning: variable 'newLineIndexEnd' was never used; consider replacing with '_' or removing it [#NoUsage]
 238 |         
 239 |         

/Users/buddhirajgautam/Documents/Cherrygram-Mac/macOS-Swift/packages/TGUIKit/Sources/Extensions.swift:293:44: warning: 'kUTTypeURL' was deprecated in macOS 12.0: Use UTTypeURL or UTType.url (swift) instead. [#DeprecatedDeclaration]
 291 | public extension NSPasteboard.PasteboardType {
 292 |     static var kUrl:NSPasteboard.PasteboardType {
 293 |         return NSPasteboard.PasteboardType(kUTTypeURL as String)
     |                                            `- warning: 'kUTTypeURL' was deprecated in macOS 12.0: Use UTTypeURL or UTType.url (swift) instead. [#DeprecatedDeclaration]
 294 |     }
 295 |     static var kInApp:NSPasteboard.PasteboardType {

/Users/buddhirajgautam/Documents/Cherrygram-Mac/macOS-Swift/packages/TGUIKit/Sources/Extensions.swift:302:44: warning: 'kUTTypeFileURL' was deprecated in macOS 12.0: Use UTTypeFileURL or UTType.fileURL (swift) instead. [#DeprecatedDeclaration]
 300 |     }
 301 |     static var kFileUrl: NSPasteboard.PasteboardType {
 302 |         return NSPasteboard.PasteboardType(kUTTypeFileURL as String)
     |                                            `- warning: 'kUTTypeFileURL' was deprecated in macOS 12.0: Use UTTypeFileURL or UTType.fileURL (swift) instead. [#DeprecatedDeclaration]
 303 |     }
 304 | }

/Users/buddhirajgautam/Documents/Cherrygram-Mac/macOS-Swift/packages/TGUIKit/Sources/Extensions.swift:405:21: warning: initialization of immutable value 'attributeValue' was never used; consider replacing with assignment to '_' or removing it [#NoUsage]
 403 |             while location < fullRange.length {
 404 |                 var effectiveRange = NSRange()
 405 |                 let attributeValue = self.attribute(attributeName, at: location, effectiveRange: &effectiveRange)
     |                     `- warning: initialization of immutable value 'attributeValue' was never used; consider replacing with assignment to '_' or removing it [#NoUsage]
 406 |                 if effectiveRange.length > 0 {
 407 |                     intersectionRanges.append(effectiveRange)

/Users/buddhirajgautam/Documents/Cherrygram-Mac/macOS-Swift/packages/TGUIKit/Sources/Extensions.swift:416:25: warning: variable 'bestValue' was written to, but never read
 414 |                     // Find the best attribute value (e.g., the one with the largest range)
 415 |                     var bestRange = NSRange()
 416 |                     var bestValue: Any?
     |                         `- warning: variable 'bestValue' was written to, but never read
 417 | 
 418 |                     for range in intersectionRanges {

/Users/buddhirajgautam/Documents/Cherrygram-Mac/macOS-Swift/packages/TGUIKit/Sources/Extensions.swift:433:25: warning: initialization of immutable value 'firstRange' was never used; consider replacing with assignment to '_' or removing it [#NoUsage]
 431 |                 } else {
 432 |                     // Keep only the first attribute and remove the rest
 433 |                     let firstRange = intersectionRanges.first!
     |                         `- warning: initialization of immutable value 'firstRange' was never used; consider replacing with assignment to '_' or removing it [#NoUsage]
 434 |                     for i in 1..<intersectionRanges.count {
 435 |                         let intersectionRange = intersectionRanges[i]

/Users/buddhirajgautam/Documents/Cherrygram-Mac/macOS-Swift/packages/TGUIKit/Sources/Extensions.swift:1839:13: warning: switch must be exhaustive
1837 | 
1838 |         for i in 0..<self.elementCount {
1839 |             switch self.element(at: i, associatedPoints: &points) {
     |             |- warning: switch must be exhaustive
     |             |- note: add missing case: '.cubicCurveTo'
     |             |- note: add missing case: '.quadraticCurveTo'
     |             `- note: add missing cases
1840 |             case .moveTo:
1841 |                 path.move(to: points[0])

/Users/buddhirajgautam/Documents/Cherrygram-Mac/macOS-Swift/packages/TGUIKit/Sources/Extensions.swift:2227:17: warning: variable 'magnitudesY' was never mutated; consider changing to 'let' constant [#VariableNeverMutated]
2225 |         if endingTouches.count == 2 {
2226 |             var magnitudesX:[CGFloat] = []/*magnitude definition: the great size or extent of something.*/
2227 |             var magnitudesY:[CGFloat] = []/*magnitude definition: the great size or extent of something.*/
     |                 `- warning: variable 'magnitudesY' was never mutated; consider changing to 'let' constant [#VariableNeverMutated]
2228 |             for endingTouch in endingTouches {
2229 |                 guard let beginningTouch:NSTouch = beginningTouches["\(endingTouch.identity)"] else {continue}

/Users/buddhirajgautam/Documents/Cherrygram-Mac/macOS-Swift/packages/TGUIKit/Sources/Extensions.swift:3164:13: warning: initialization of immutable value 'br' was never used; consider replacing with assignment to '_' or removing it [#NoUsage]
3162 |         let tr = topRight ? maxRadius : 0
3163 |         let bl = bottomLeft ? maxRadius : 0
3164 |         let br = bottomRight ? maxRadius : 0
     |             `- warning: initialization of immutable value 'br' was never used; consider replacing with assignment to '_' or removing it [#NoUsage]
3165 | 
3166 |         self.move(to: CGPoint(x: rect.minX + tl, y: rect.minY))

/Users/buddhirajgautam/Documents/Cherrygram-Mac/macOS-Swift/packages/TGUIKit/Sources/GridNode.swift:223:9: warning: 'Hashable.hashValue' is deprecated as a protocol requirement; conform type 'WrappedGridSection' to 'Hashable' by implementing 'hash(into:)' instead [#DeprecatedDeclaration]
 221 |     }
 222 |     
 223 |     var hashValue: Int {
     |         `- warning: 'Hashable.hashValue' is deprecated as a protocol requirement; conform type 'WrappedGridSection' to 'Hashable' by implementing 'hash(into:)' instead [#DeprecatedDeclaration]
 224 |         return self.section.hashValue
 225 |     }

/Users/buddhirajgautam/Documents/Cherrygram-Mac/macOS-Swift/packages/TGUIKit/Sources/GridNode.swift:244:9: warning: 'Hashable.hashValue' is deprecated as a protocol requirement; conform type 'WrappedGridItemNode' to 'Hashable' by implementing 'hash(into:)' instead [#DeprecatedDeclaration]
 242 |     let node: View
 243 |     
 244 |     var hashValue: Int {
     |         `- warning: 'Hashable.hashValue' is deprecated as a protocol requirement; conform type 'WrappedGridItemNode' to 'Hashable' by implementing 'hash(into:)' instead [#DeprecatedDeclaration]
 245 |         return node.hashValue
 246 |     }


SwiftCompile normal arm64 /Users/buddhirajgautam/Documents/Cherrygram-Mac/macOS-Swift/packages/TGUIKit/Sources/Control.swift (in target 'TGUIKit' from project 'TGUIKit')
    cd /Users/buddhirajgautam/Documents/Cherrygram-Mac/macOS-Swift
    builtin-SwiftPerFileCompile Control.swift

SwiftCompile normal arm64 /Users/buddhirajgautam/Documents/Cherrygram-Mac/macOS-Swift/packages/TGUIKit/Sources/DatePicker.swift (in target 'TGUIKit' from project 'TGUIKit')
    cd /Users/buddhirajgautam/Documents/Cherrygram-Mac/macOS-Swift
    builtin-SwiftPerFileCompile DatePicker.swift

SwiftCompile normal arm64 /Users/buddhirajgautam/Documents/Cherrygram-Mac/macOS-Swift/packages/TGUIKit/Sources/DisplayLinkAnimator.swift (in target 'TGUIKit' from project 'TGUIKit')
    cd /Users/buddhirajgautam/Documents/Cherrygram-Mac/macOS-Swift
    builtin-SwiftPerFileCompile DisplayLinkAnimator.swift

SwiftCompile normal arm64 /Users/buddhirajgautam/Documents/Cherrygram-Mac/macOS-Swift/packages/TGUIKit/Sources/DisplayLinkDispatcher.swift (in target 'TGUIKit' from project 'TGUIKit')
    cd /Users/buddhirajgautam/Documents/Cherrygram-Mac/macOS-Swift
    builtin-SwiftPerFileCompile DisplayLinkDispatcher.swift

SwiftCompile normal arm64 /Users/buddhirajgautam/Documents/Cherrygram-Mac/macOS-Swift/packages/TGUIKit/Sources/DraggingView.swift (in target 'TGUIKit' from project 'TGUIKit')
    cd /Users/buddhirajgautam/Documents/Cherrygram-Mac/macOS-Swift
    builtin-SwiftPerFileCompile DraggingView.swift

SwiftCompile normal arm64 /Users/buddhirajgautam/Documents/Cherrygram-Mac/macOS-Swift/packages/TGUIKit/Sources/DrawingContext.swift (in target 'TGUIKit' from project 'TGUIKit')
    cd /Users/buddhirajgautam/Documents/Cherrygram-Mac/macOS-Swift
    builtin-SwiftPerFileCompile DrawingContext.swift

SwiftCompile normal arm64 /Users/buddhirajgautam/Documents/Cherrygram-Mac/macOS-Swift/packages/TGUIKit/Sources/DynamicCounterTextView.swift (in target 'TGUIKit' from project 'TGUIKit')
    cd /Users/buddhirajgautam/Documents/Cherrygram-Mac/macOS-Swift
    builtin-SwiftPerFileCompile DynamicCounterTextView.swift

SwiftCompile normal arm64 /Users/buddhirajgautam/Documents/Cherrygram-Mac/macOS-Swift/packages/TGUIKit/Sources/EditableViewController.swift (in target 'TGUIKit' from project 'TGUIKit')
    cd /Users/buddhirajgautam/Documents/Cherrygram-Mac/macOS-Swift
    builtin-SwiftPerFileCompile EditableViewController.swift

SwiftCompile normal arm64 /Users/buddhirajgautam/Documents/Cherrygram-Mac/macOS-Swift/packages/TGUIKit/Sources/EmojiFitzModifier.swift (in target 'TGUIKit' from project 'TGUIKit')
    cd /Users/buddhirajgautam/Documents/Cherrygram-Mac/macOS-Swift
    builtin-SwiftPerFileCompile EmojiFitzModifier.swift

SwiftCompile normal arm64 /Users/buddhirajgautam/Documents/Cherrygram-Mac/macOS-Swift/packages/TGUIKit/Sources/Extensions.swift (in target 'TGUIKit' from project 'TGUIKit')
    cd /Users/buddhirajgautam/Documents/Cherrygram-Mac/macOS-Swift
    builtin-SwiftPerFileCompile Extensions.swift

SwiftCompile normal arm64 /Users/buddhirajgautam/Documents/Cherrygram-Mac/macOS-Swift/packages/TGUIKit/Sources/FireTimerControl.swift (in target 'TGUIKit' from project 'TGUIKit')
    cd /Users/buddhirajgautam/Documents/Cherrygram-Mac/macOS-Swift
    builtin-SwiftPerFileCompile FireTimerControl.swift

SwiftCompile normal arm64 /Users/buddhirajgautam/Documents/Cherrygram-Mac/macOS-Swift/packages/TGUIKit/Sources/GenerateSvgThumb.swift (in target 'TGUIKit' from project 'TGUIKit')
    cd /Users/buddhirajgautam/Documents/Cherrygram-Mac/macOS-Swift
    builtin-SwiftPerFileCompile GenerateSvgThumb.swift

SwiftCompile normal arm64 /Users/buddhirajgautam/Documents/Cherrygram-Mac/macOS-Swift/packages/TGUIKit/Sources/GridItem.swift (in target 'TGUIKit' from project 'TGUIKit')
    cd /Users/buddhirajgautam/Documents/Cherrygram-Mac/macOS-Swift
    builtin-SwiftPerFileCompile GridItem.swift

SwiftCompile normal arm64 /Users/buddhirajgautam/Documents/Cherrygram-Mac/macOS-Swift/packages/TGUIKit/Sources/GridItemNode.swift (in target 'TGUIKit' from project 'TGUIKit')
    cd /Users/buddhirajgautam/Documents/Cherrygram-Mac/macOS-Swift
    builtin-SwiftPerFileCompile GridItemNode.swift

SwiftCompile normal arm64 /Users/buddhirajgautam/Documents/Cherrygram-Mac/macOS-Swift/packages/TGUIKit/Sources/GridNode.swift (in target 'TGUIKit' from project 'TGUIKit')
    cd /Users/buddhirajgautam/Documents/Cherrygram-Mac/macOS-Swift
    builtin-SwiftPerFileCompile GridNode.swift

SwiftCompile normal arm64 /Users/buddhirajgautam/Documents/Cherrygram-Mac/macOS-Swift/packages/TGUIKit/Sources/HorizontalRowView.swift (in target 'TGUIKit' from project 'TGUIKit')
    cd /Users/buddhirajgautam/Documents/Cherrygram-Mac/macOS-Swift
    builtin-SwiftPerFileCompile HorizontalRowView.swift

/Users/buddhirajgautam/Documents/Cherrygram-Mac/macOS-Swift/packages/TGUIKit/Sources/GridNode.swift:815:42: warning: 'index(of:)' is deprecated: renamed to 'firstIndex(of:)' [#DeprecatedDeclaration]
 813 |         var lowestHeaderNodeIndex: Int?
 814 |         for (_, headerNode) in self.sectionNodes {
 815 |             if let index = self.subviews.index(of: headerNode) {
     |                                          |- warning: 'index(of:)' is deprecated: renamed to 'firstIndex(of:)' [#DeprecatedDeclaration]
     |                                          `- note: use 'firstIndex(of:)' instead
 816 |                 if lowestHeaderNodeIndex == nil || index < lowestHeaderNodeIndex! {
 817 |                     lowestHeaderNodeIndex = index

/Users/buddhirajgautam/Documents/Cherrygram-Mac/macOS-Swift/packages/TGUIKit/Sources/FireTimerControl.swift:153:35: warning: will never be executed
144 |         
145 |         let contentState: ContentState
146 |         if isTimer {
    |            `- note: condition always evaluates to true
147 |             var fraction: CGFloat = 1.0
148 |             fraction = CGFloat(fractionalTimeout) / CGFloat(params.timeout)
    :
151 |             self.updateValue?(fraction)
152 |         } else {
153 |             contentState = .clock(color)
    |                                   `- warning: will never be executed
154 |         }
155 |         

[#DeprecatedDeclaration]: <https://docs.swift.org/compiler/documentation/diagnostics/deprecated-declaration>
[#NoUsage]: <https://docs.swift.org/compiler/documentation/diagnostics/no-usage>
[#VariableNeverMutated]: <https://docs.swift.org/compiler/documentation/diagnostics/variable-never-mutated>
SwiftExplicitDependencyGeneratePcm arm64 /Users/buddhirajgautam/Library/Developer/Xcode/DerivedData/Telegram-Mac-fygdgghdgmuleoelvxabfmqiotta/Build/Intermediates.noindex/SwiftExplicitPrecompiledModules/NetworkLogging-C1GW3B4PVE21NYMUKOSELKFS6.pcm

SwiftDriverJobDiscovery normal arm64 Compiling LocalMessageHistoryTagsTable.swift, LocalMessageTagsView.swift, MappedFile.swift, Media.swift, MediaBox.swift, MediaBoxFile.swift, MediaBoxFileContext.swift, MediaBoxFileContextV2Impl.swift, MediaBoxFileManager.swift, MediaBoxFileMap.swift, MediaResource.swift, MediaResourceStatus.swift, Message.swift, MessageCustomTagHoleIndexTable.swift, MessageCustomTagIdTable.swift, MessageCustomTagTable.swift, MessageCustomTagWithTagHoleIndexTable.swift, MessageCustomTagWithTagTable.swift, MessageGloballyUniqueIdTable.swift, MessageGroupView.swift, MessageHistoryAnchorIndex.swift, MessageHistoryFailedTable.swift, MessageHistoryHoleIndexTable.swift, MessageHistoryHolesView.swift, MessageHistoryIndexTable.swift (in target 'Postbox' from project 'Postbox')

SwiftExplicitDependencyGeneratePcm arm64 /Users/buddhirajgautam/Library/Developer/Xcode/DerivedData/Telegram-Mac-fygdgghdgmuleoelvxabfmqiotta/Build/Intermediates.noindex/SwiftExplicitPrecompiledModules/EncryptionProvider-79A2IUQHH0EUM8045MW70Y13T.pcm

SwiftCompile normal arm64 Compiling\ TransactionHandler.swift,\ TransformImageArguments.swift,\ TransformImageView.swift,\ UIUtils.swift,\ VerticalParticleListControl.swift,\ View.swift,\ ViewController.swift,\ ViewUtils.swift,\ VisualEffectView.swift,\ VoiceBlobView.swift,\ VolumeMenuItemView.swift,\ WeakReference.swift,\ WeatherFormat.swift,\ Window.swift,\ WindowSaver.swift,\ XAttr.swift /Users/buddhirajgautam/Documents/Cherrygram-Mac/macOS-Swift/packages/TGUIKit/Sources/TransactionHandler.swift /Users/buddhirajgautam/Documents/Cherrygram-Mac/macOS-Swift/packages/TGUIKit/Sources/TransformImageArguments.swift /Users/buddhirajgautam/Documents/Cherrygram-Mac/macOS-Swift/packages/TGUIKit/Sources/TransformImageView.swift /Users/buddhirajgautam/Documents/Cherrygram-Mac/macOS-Swift/packages/TGUIKit/Sources/UIUtils.swift /Users/buddhirajgautam/Documents/Cherrygram-Mac/macOS-Swift/packages/TGUIKit/Sources/VerticalParticleListControl.swift /Users/buddhirajgautam/Documents/Cherrygram-Mac/macOS-Swift/packages/TGUIKit/Sources/View.swift /Users/buddhirajgautam/Documents/Cherrygram-Mac/macOS-Swift/packages/TGUIKit/Sources/ViewController.swift /Users/buddhirajgautam/Documents/Cherrygram-Mac/macOS-Swift/packages/TGUIKit/Sources/ViewUtils.swift /Users/buddhirajgautam/Documents/Cherrygram-Mac/macOS-Swift/packages/TGUIKit/Sources/VisualEffectView.swift /Users/buddhirajgautam/Documents/Cherrygram-Mac/macOS-Swift/packages/TGUIKit/Sources/VoiceBlobView.swift /Users/buddhirajgautam/Documents/Cherrygram-Mac/macOS-Swift/packages/TGUIKit/Sources/VolumeMenuItemView.swift /Users/buddhirajgautam/Documents/Cherrygram-Mac/macOS-Swift/packages/TGUIKit/Sources/WeakReference.swift /Users/buddhirajgautam/Documents/Cherrygram-Mac/macOS-Swift/packages/TGUIKit/Sources/WeatherFormat.swift /Users/buddhirajgautam/Documents/Cherrygram-Mac/macOS-Swift/packages/TGUIKit/Sources/Window.swift /Users/buddhirajgautam/Documents/Cherrygram-Mac/macOS-Swift/packages/TGUIKit/Sources/WindowSaver.swift /Users/buddhirajgautam/Documents/Cherrygram-Mac/macOS-Swift/packages/TGUIKit/Sources/XAttr.swift (in target 'TGUIKit' from project 'TGUIKit')
/Users/buddhirajgautam/Documents/Cherrygram-Mac/macOS-Swift/packages/TGUIKit/Sources/TransactionHandler.swift:13:23: warning: 'OSSpinLock' was deprecated in macOS 10.12: Use os_unfair_lock() from <os/lock.h> instead [#DeprecatedDeclaration]
11 | public class TransactionHandler: NSObject {
12 | 
13 |     private var lock: OSSpinLock = 0
   |                       `- warning: 'OSSpinLock' was deprecated in macOS 10.12: Use os_unfair_lock() from <os/lock.h> instead [#DeprecatedDeclaration]
14 | 
15 |     private var handler:(() ->Void)?

/Users/buddhirajgautam/Documents/Cherrygram-Mac/macOS-Swift/packages/TGUIKit/Sources/View.swift:75:39: warning: using 'class' keyword to define a class-constrained protocol is deprecated; use 'AnyObject' instead [#deprecation]
 73 | }
 74 | 
 75 | public protocol ViewDisplayDelegate : class {
    |                                       `- warning: using 'class' keyword to define a class-constrained protocol is deprecated; use 'AnyObject' instead [#deprecation]
 76 |     func draw(_ layer: CALayer, in ctx: CGContext);
 77 | }

/Users/buddhirajgautam/Documents/Cherrygram-Mac/macOS-Swift/packages/TGUIKit/Sources/View.swift:380:9: warning: 'acceptsTouchEvents' was deprecated in macOS 10.12.2: Use allowedTouchTypes instead [#DeprecatedDeclaration]
378 |     
379 |     private func initialize() {
380 |         acceptsTouchEvents = true
    |         `- warning: 'acceptsTouchEvents' was deprecated in macOS 10.12.2: Use allowedTouchTypes instead [#DeprecatedDeclaration]
381 |         self.wantsLayer = true
382 |         //let layer = SimpleLayer()

/Users/buddhirajgautam/Documents/Cherrygram-Mac/macOS-Swift/packages/TGUIKit/Sources/Window.swift:89:35: warning: using 'class' keyword to define a class-constrained protocol is deprecated; use 'AnyObject' instead [#deprecation]
  87 | }
  88 | 
  89 | protocol ObservableViewDelegate : class {
     |                                   `- warning: using 'class' keyword to define a class-constrained protocol is deprecated; use 'AnyObject' instead [#deprecation]
  90 |     func observableView(_ view: NSView, didAddSubview: NSView)
  91 |     func observableview(_ view: NSView, willRemoveSubview: NSView)

/Users/buddhirajgautam/Documents/Cherrygram-Mac/macOS-Swift/packages/TGUIKit/Sources/Window.swift:602:213: warning: 'graphicsContext' was deprecated in macOS 10.14: Add instances of NSView to display content in a window. [#DeprecatedDeclaration]
 600 | 
 601 |     public func sendKeyEvent(_ key: KeyboardKey, modifierFlags: NSEvent.ModifierFlags) {
 602 |         guard let event = NSEvent.keyEvent(with: .keyDown, location: mouseLocationOutsideOfEventStream, modifierFlags: modifierFlags, timestamp: Date().timeIntervalSince1970, windowNumber: windowNumber, context: graphicsContext, characters: "", charactersIgnoringModifiers: "", isARepeat: false, keyCode: key.rawValue) else {return}
     |                                                                                                                                                                                                                     `- warning: 'graphicsContext' was deprecated in macOS 10.14: Add instances of NSView to display content in a window. [#DeprecatedDeclaration]
 603 |         
 604 |         sendEvent(event)

/Users/buddhirajgautam/Documents/Cherrygram-Mac/macOS-Swift/packages/TGUIKit/Sources/WindowSaver.swift:39:42: warning: 'unarchiveObject(with:)' was deprecated in macOS 10.14: Use +unarchivedObjectOfClass:fromData:error: instead [#DeprecatedDeclaration]
37 |         var archiver: WindowSaver?
38 |         if let data = data as? Data {
39 |             archiver = NSKeyedUnarchiver.unarchiveObject(with: data) as? WindowSaver
   |                                          `- warning: 'unarchiveObject(with:)' was deprecated in macOS 10.14: Use +unarchivedObjectOfClass:fromData:error: instead [#DeprecatedDeclaration]
40 |         }
41 |         if archiver == nil {

/Users/buddhirajgautam/Documents/Cherrygram-Mac/macOS-Swift/packages/TGUIKit/Sources/WindowSaver.swift:53:44: warning: 'archivedData(withRootObject:)' was deprecated in macOS 10.14: Use +archivedDataWithRootObject:requiringSecureCoding:error: instead [#DeprecatedDeclaration]
51 |             if let strongSelf = self {
52 |                 let user = UserDefaults.standard
53 |                 let data = NSKeyedArchiver.archivedData(withRootObject: strongSelf)
   |                                            `- warning: 'archivedData(withRootObject:)' was deprecated in macOS 10.14: Use +archivedDataWithRootObject:requiringSecureCoding:error: instead [#DeprecatedDeclaration]
54 |                 user.set(data, forKey: "window_saver_".appending(strongSelf.requiredName))
55 |                 user.synchronize()

[#DeprecatedDeclaration]: <https://docs.swift.org/compiler/documentation/diagnostics/deprecated-declaration>

SwiftCompile normal arm64 /Users/buddhirajgautam/Documents/Cherrygram-Mac/macOS-Swift/packages/TGUIKit/Sources/TransactionHandler.swift (in target 'TGUIKit' from project 'TGUIKit')
    cd /Users/buddhirajgautam/Documents/Cherrygram-Mac/macOS-Swift
    builtin-SwiftPerFileCompile TransactionHandler.swift

SwiftCompile normal arm64 /Users/buddhirajgautam/Documents/Cherrygram-Mac/macOS-Swift/packages/TGUIKit/Sources/TransformImageArguments.swift (in target 'TGUIKit' from project 'TGUIKit')
    cd /Users/buddhirajgautam/Documents/Cherrygram-Mac/macOS-Swift
    builtin-SwiftPerFileCompile TransformImageArguments.swift

SwiftCompile normal arm64 /Users/buddhirajgautam/Documents/Cherrygram-Mac/macOS-Swift/packages/TGUIKit/Sources/TransformImageView.swift (in target 'TGUIKit' from project 'TGUIKit')
    cd /Users/buddhirajgautam/Documents/Cherrygram-Mac/macOS-Swift
    builtin-SwiftPerFileCompile TransformImageView.swift

SwiftCompile normal arm64 /Users/buddhirajgautam/Documents/Cherrygram-Mac/macOS-Swift/packages/TGUIKit/Sources/UIUtils.swift (in target 'TGUIKit' from project 'TGUIKit')
    cd /Users/buddhirajgautam/Documents/Cherrygram-Mac/macOS-Swift
    builtin-SwiftPerFileCompile UIUtils.swift

SwiftCompile normal arm64 /Users/buddhirajgautam/Documents/Cherrygram-Mac/macOS-Swift/packages/TGUIKit/Sources/VerticalParticleListControl.swift (in target 'TGUIKit' from project 'TGUIKit')
    cd /Users/buddhirajgautam/Documents/Cherrygram-Mac/macOS-Swift
    builtin-SwiftPerFileCompile VerticalParticleListControl.swift

SwiftCompile normal arm64 /Users/buddhirajgautam/Documents/Cherrygram-Mac/macOS-Swift/packages/TGUIKit/Sources/View.swift (in target 'TGUIKit' from project 'TGUIKit')
    cd /Users/buddhirajgautam/Documents/Cherrygram-Mac/macOS-Swift
    builtin-SwiftPerFileCompile View.swift

SwiftCompile normal arm64 /Users/buddhirajgautam/Documents/Cherrygram-Mac/macOS-Swift/packages/TGUIKit/Sources/ViewController.swift (in target 'TGUIKit' from project 'TGUIKit')
    cd /Users/buddhirajgautam/Documents/Cherrygram-Mac/macOS-Swift
    builtin-SwiftPerFileCompile ViewController.swift

SwiftCompile normal arm64 /Users/buddhirajgautam/Documents/Cherrygram-Mac/macOS-Swift/packages/TGUIKit/Sources/ViewUtils.swift (in target 'TGUIKit' from project 'TGUIKit')
    cd /Users/buddhirajgautam/Documents/Cherrygram-Mac/macOS-Swift
    builtin-SwiftPerFileCompile ViewUtils.swift

SwiftCompile normal arm64 /Users/buddhirajgautam/Documents/Cherrygram-Mac/macOS-Swift/packages/TGUIKit/Sources/VisualEffectView.swift (in target 'TGUIKit' from project 'TGUIKit')
    cd /Users/buddhirajgautam/Documents/Cherrygram-Mac/macOS-Swift
    builtin-SwiftPerFileCompile VisualEffectView.swift

SwiftCompile normal arm64 /Users/buddhirajgautam/Documents/Cherrygram-Mac/macOS-Swift/packages/TGUIKit/Sources/VoiceBlobView.swift (in target 'TGUIKit' from project 'TGUIKit')
    cd /Users/buddhirajgautam/Documents/Cherrygram-Mac/macOS-Swift
    builtin-SwiftPerFileCompile VoiceBlobView.swift

SwiftCompile normal arm64 /Users/buddhirajgautam/Documents/Cherrygram-Mac/macOS-Swift/packages/TGUIKit/Sources/VolumeMenuItemView.swift (in target 'TGUIKit' from project 'TGUIKit')
    cd /Users/buddhirajgautam/Documents/Cherrygram-Mac/macOS-Swift
    builtin-SwiftPerFileCompile VolumeMenuItemView.swift

SwiftCompile normal arm64 /Users/buddhirajgautam/Documents/Cherrygram-Mac/macOS-Swift/packages/TGUIKit/Sources/WeakReference.swift (in target 'TGUIKit' from project 'TGUIKit')
    cd /Users/buddhirajgautam/Documents/Cherrygram-Mac/macOS-Swift
    builtin-SwiftPerFileCompile WeakReference.swift

SwiftCompile normal arm64 /Users/buddhirajgautam/Documents/Cherrygram-Mac/macOS-Swift/packages/TGUIKit/Sources/WeatherFormat.swift (in target 'TGUIKit' from project 'TGUIKit')
    cd /Users/buddhirajgautam/Documents/Cherrygram-Mac/macOS-Swift
    builtin-SwiftPerFileCompile WeatherFormat.swift

SwiftCompile normal arm64 /Users/buddhirajgautam/Documents/Cherrygram-Mac/macOS-Swift/packages/TGUIKit/Sources/Window.swift (in target 'TGUIKit' from project 'TGUIKit')
    cd /Users/buddhirajgautam/Documents/Cherrygram-Mac/macOS-Swift
    builtin-SwiftPerFileCompile Window.swift

SwiftCompile normal arm64 /Users/buddhirajgautam/Documents/Cherrygram-Mac/macOS-Swift/packages/TGUIKit/Sources/WindowSaver.swift (in target 'TGUIKit' from project 'TGUIKit')
    cd /Users/buddhirajgautam/Documents/Cherrygram-Mac/macOS-Swift
    builtin-SwiftPerFileCompile WindowSaver.swift

SwiftCompile normal arm64 /Users/buddhirajgautam/Documents/Cherrygram-Mac/macOS-Swift/packages/TGUIKit/Sources/XAttr.swift (in target 'TGUIKit' from project 'TGUIKit')
    cd /Users/buddhirajgautam/Documents/Cherrygram-Mac/macOS-Swift
    builtin-SwiftPerFileCompile XAttr.swift

SwiftExplicitDependencyGeneratePcm arm64 /Users/buddhirajgautam/Library/Developer/Xcode/DerivedData/Telegram-Mac-fygdgghdgmuleoelvxabfmqiotta/Build/Intermediates.noindex/SwiftExplicitPrecompiledModules/MtProtoKit-7N38FZ9HG3HJCISQFIRMD9Y4A.pcm

SwiftCompile normal arm64 Compiling\ AnimatableProperty.swift,\ AnimationBlockDelegate.swift,\ AnimationStyle.swift,\ AppMenu.swift,\ AppMenuController.swift,\ AppMenuRowItem.swift,\ BackNavigationBar.swift,\ BadgeNode.swift,\ BarView.swift,\ Button.swift,\ CAAnimationUtils.swift,\ CatalinaStyledSegmentController.swift,\ CheckBox.swift,\ ConfettiDustInkView.swift,\ ContainableController.swift,\ ContextMenu.swift /Users/buddhirajgautam/Documents/Cherrygram-Mac/macOS-Swift/packages/TGUIKit/Sources/AnimatableProperty.swift /Users/buddhirajgautam/Documents/Cherrygram-Mac/macOS-Swift/packages/TGUIKit/Sources/AnimationBlockDelegate.swift /Users/buddhirajgautam/Documents/Cherrygram-Mac/macOS-Swift/packages/TGUIKit/Sources/AnimationStyle.swift /Users/buddhirajgautam/Documents/Cherrygram-Mac/macOS-Swift/packages/TGUIKit/Sources/AppMenu.swift /Users/buddhirajgautam/Documents/Cherrygram-Mac/macOS-Swift/packages/TGUIKit/Sources/AppMenuController.swift /Users/buddhirajgautam/Documents/Cherrygram-Mac/macOS-Swift/packages/TGUIKit/Sources/AppMenuRowItem.swift /Users/buddhirajgautam/Documents/Cherrygram-Mac/macOS-Swift/packages/TGUIKit/Sources/BackNavigationBar.swift /Users/buddhirajgautam/Documents/Cherrygram-Mac/macOS-Swift/packages/TGUIKit/Sources/BadgeNode.swift /Users/buddhirajgautam/Documents/Cherrygram-Mac/macOS-Swift/packages/TGUIKit/Sources/BarView.swift /Users/buddhirajgautam/Documents/Cherrygram-Mac/macOS-Swift/packages/TGUIKit/Sources/Button.swift /Users/buddhirajgautam/Documents/Cherrygram-Mac/macOS-Swift/packages/TGUIKit/Sources/CAAnimationUtils.swift /Users/buddhirajgautam/Documents/Cherrygram-Mac/macOS-Swift/packages/TGUIKit/Sources/CatalinaStyledSegmentController.swift /Users/buddhirajgautam/Documents/Cherrygram-Mac/macOS-Swift/packages/TGUIKit/Sources/CheckBox.swift /Users/buddhirajgautam/Documents/Cherrygram-Mac/macOS-Swift/packages/TGUIKit/Sources/ConfettiDustInkView.swift /Users/buddhirajgautam/Documents/Cherrygram-Mac/macOS-Swift/packages/TGUIKit/Sources/ContainableController.swift /Users/buddhirajgautam/Documents/Cherrygram-Mac/macOS-Swift/packages/TGUIKit/Sources/ContextMenu.swift (in target 'TGUIKit' from project 'TGUIKit')
/Users/buddhirajgautam/Documents/Cherrygram-Mac/macOS-Swift/packages/TGUIKit/Sources/AppMenuController.swift:38:36: warning: 'dark' was deprecated in macOS 10.14: Use a semantic material instead.  To force the appearance of a view hierarchy, set the `appearance` property to an appropriate NSAppearance value. [#DeprecatedDeclaration]
 36 |         
 37 |         if presentation.colors.isDark {
 38 |             visualView.material = .dark
    |                                    `- warning: 'dark' was deprecated in macOS 10.14: Use a semantic material instead.  To force the appearance of a view hierarchy, set the `appearance` property to an appropriate NSAppearance value. [#DeprecatedDeclaration]
 39 |         } else {
 40 |             visualView.material = .light

/Users/buddhirajgautam/Documents/Cherrygram-Mac/macOS-Swift/packages/TGUIKit/Sources/AppMenuController.swift:40:36: warning: 'light' was deprecated in macOS 10.14: Use a semantic material instead.  To force the appearance of a view hierarchy, set the `appearance` property to an appropriate NSAppearance value. [#DeprecatedDeclaration]
 38 |             visualView.material = .dark
 39 |         } else {
 40 |             visualView.material = .light
    |                                    `- warning: 'light' was deprecated in macOS 10.14: Use a semantic material instead.  To force the appearance of a view hierarchy, set the `appearance` property to an appropriate NSAppearance value. [#DeprecatedDeclaration]
 41 |         }
 42 |         if #available(macOS 11.0, *) {

/Users/buddhirajgautam/Documents/Cherrygram-Mac/macOS-Swift/packages/TGUIKit/Sources/AppMenuController.swift:181:36: warning: 'dark' was deprecated in macOS 10.14: Use a semantic material instead.  To force the appearance of a view hierarchy, set the `appearance` property to an appropriate NSAppearance value. [#DeprecatedDeclaration]
179 |         self.setFrameSize(max, min(tableView.listHeight, min(maxHeight ?? appearMode.max, screen.visibleFrame.height - 200)))
180 |         if presentation.colors.isDark {
181 |             visualView.material = .dark
    |                                    `- warning: 'dark' was deprecated in macOS 10.14: Use a semantic material instead.  To force the appearance of a view hierarchy, set the `appearance` property to an appropriate NSAppearance value. [#DeprecatedDeclaration]
182 |         } else {
183 |             visualView.material = .light

/Users/buddhirajgautam/Documents/Cherrygram-Mac/macOS-Swift/packages/TGUIKit/Sources/AppMenuController.swift:183:36: warning: 'light' was deprecated in macOS 10.14: Use a semantic material instead.  To force the appearance of a view hierarchy, set the `appearance` property to an appropriate NSAppearance value. [#DeprecatedDeclaration]
181 |             visualView.material = .dark
182 |         } else {
183 |             visualView.material = .light
    |                                    `- warning: 'light' was deprecated in macOS 10.14: Use a semantic material instead.  To force the appearance of a view hierarchy, set the `appearance` property to an appropriate NSAppearance value. [#DeprecatedDeclaration]
184 |         }
185 |         effectiveSize = max

/Users/buddhirajgautam/Documents/Cherrygram-Mac/macOS-Swift/packages/TGUIKit/Sources/AppMenuRowItem.swift:301:13: warning: initialization of immutable value 'width' was never used; consider replacing with assignment to '_' or removing it [#NoUsage]
299 |     open override func makeSize(_ width: CGFloat = CGFloat.greatestFiniteMagnitude, oldWidth: CGFloat = 0) -> Bool {
300 |         _ = super.makeSize(width, oldWidth: oldWidth)
301 |         let width = item.overrideWidth ?? width
    |             `- warning: initialization of immutable value 'width' was never used; consider replacing with assignment to '_' or removing it [#NoUsage]
302 |         self.text.measure(width: textMaxWidth)
303 |         self.keyEquivalentText?.measure(width: .greatestFiniteMagnitude)

/Users/buddhirajgautam/Documents/Cherrygram-Mac/macOS-Swift/packages/TGUIKit/Sources/ContainableController.swift:325:40: warning: using 'class' keyword to define a class-constrained protocol is deprecated; use 'AnyObject' instead [#deprecation]
323 | }
324 | 
325 | public protocol ContainableController: class {
    |                                        `- warning: using 'class' keyword to define a class-constrained protocol is deprecated; use 'AnyObject' instead [#deprecation]
326 |     var view: View! { get }
327 |     

/Users/buddhirajgautam/Documents/Cherrygram-Mac/macOS-Swift/packages/TGUIKit/Sources/ContainableController.swift:123:21: warning: variable 'ignoreSize' was never used; consider replacing with '_' or removing it [#NoUsage]
121 |             default:
122 |                 
123 |                 var ignoreSize: Bool = false
    |                     `- warning: variable 'ignoreSize' was never used; consider replacing with '_' or removing it [#NoUsage]
124 |                 if let view = view as? TableView {
125 |                     view.change(size: frame.size, animated: true, duration: duration, timingFunction: curve.timingFunction, completion: { completed in

/Users/buddhirajgautam/Documents/Cherrygram-Mac/macOS-Swift/packages/TGUIKit/Sources/ContainableController.swift:215:41: warning: immutable value 'curve' was never used; consider replacing with '_' or removing it [#NoUsage]
213 |                    completion(true)
214 |                }
215 |            case let .animated(duration, curve):
    |                                         `- warning: immutable value 'curve' was never used; consider replacing with '_' or removing it [#NoUsage]
216 |                let previousScale: CGFloat
217 |                if beginWithCurrentState, let presentation = layer.presentation() {

[#DeprecatedDeclaration]: <https://docs.swift.org/compiler/documentation/diagnostics/deprecated-declaration>
[#NoUsage]: <https://docs.swift.org/compiler/documentation/diagnostics/no-usage>

SwiftCompile normal arm64 /Users/buddhirajgautam/Documents/Cherrygram-Mac/macOS-Swift/packages/TGUIKit/Sources/AnimatableProperty.swift (in target 'TGUIKit' from project 'TGUIKit')
    cd /Users/buddhirajgautam/Documents/Cherrygram-Mac/macOS-Swift
    builtin-SwiftPerFileCompile AnimatableProperty.swift

SwiftCompile normal arm64 /Users/buddhirajgautam/Documents/Cherrygram-Mac/macOS-Swift/packages/TGUIKit/Sources/AnimationBlockDelegate.swift (in target 'TGUIKit' from project 'TGUIKit')
    cd /Users/buddhirajgautam/Documents/Cherrygram-Mac/macOS-Swift
    builtin-SwiftPerFileCompile AnimationBlockDelegate.swift

SwiftCompile normal arm64 /Users/buddhirajgautam/Documents/Cherrygram-Mac/macOS-Swift/packages/TGUIKit/Sources/AnimationStyle.swift (in target 'TGUIKit' from project 'TGUIKit')
    cd /Users/buddhirajgautam/Documents/Cherrygram-Mac/macOS-Swift
    builtin-SwiftPerFileCompile AnimationStyle.swift

SwiftCompile normal arm64 /Users/buddhirajgautam/Documents/Cherrygram-Mac/macOS-Swift/packages/TGUIKit/Sources/AppMenu.swift (in target 'TGUIKit' from project 'TGUIKit')
    cd /Users/buddhirajgautam/Documents/Cherrygram-Mac/macOS-Swift
    builtin-SwiftPerFileCompile AppMenu.swift

SwiftCompile normal arm64 /Users/buddhirajgautam/Documents/Cherrygram-Mac/macOS-Swift/packages/TGUIKit/Sources/AppMenuController.swift (in target 'TGUIKit' from project 'TGUIKit')
    cd /Users/buddhirajgautam/Documents/Cherrygram-Mac/macOS-Swift
    builtin-SwiftPerFileCompile AppMenuController.swift

SwiftCompile normal arm64 /Users/buddhirajgautam/Documents/Cherrygram-Mac/macOS-Swift/packages/TGUIKit/Sources/AppMenuRowItem.swift (in target 'TGUIKit' from project 'TGUIKit')
    cd /Users/buddhirajgautam/Documents/Cherrygram-Mac/macOS-Swift
    builtin-SwiftPerFileCompile AppMenuRowItem.swift

SwiftCompile normal arm64 /Users/buddhirajgautam/Documents/Cherrygram-Mac/macOS-Swift/packages/TGUIKit/Sources/BackNavigationBar.swift (in target 'TGUIKit' from project 'TGUIKit')
    cd /Users/buddhirajgautam/Documents/Cherrygram-Mac/macOS-Swift
    builtin-SwiftPerFileCompile BackNavigationBar.swift

SwiftCompile normal arm64 /Users/buddhirajgautam/Documents/Cherrygram-Mac/macOS-Swift/packages/TGUIKit/Sources/BadgeNode.swift (in target 'TGUIKit' from project 'TGUIKit')
    cd /Users/buddhirajgautam/Documents/Cherrygram-Mac/macOS-Swift
    builtin-SwiftPerFileCompile BadgeNode.swift

SwiftCompile normal arm64 /Users/buddhirajgautam/Documents/Cherrygram-Mac/macOS-Swift/packages/TGUIKit/Sources/BarView.swift (in target 'TGUIKit' from project 'TGUIKit')
    cd /Users/buddhirajgautam/Documents/Cherrygram-Mac/macOS-Swift
    builtin-SwiftPerFileCompile BarView.swift

SwiftCompile normal arm64 /Users/buddhirajgautam/Documents/Cherrygram-Mac/macOS-Swift/packages/TGUIKit/Sources/Button.swift (in target 'TGUIKit' from project 'TGUIKit')
    cd /Users/buddhirajgautam/Documents/Cherrygram-Mac/macOS-Swift
    builtin-SwiftPerFileCompile Button.swift

SwiftCompile normal arm64 /Users/buddhirajgautam/Documents/Cherrygram-Mac/macOS-Swift/packages/TGUIKit/Sources/CAAnimationUtils.swift (in target 'TGUIKit' from project 'TGUIKit')
    cd /Users/buddhirajgautam/Documents/Cherrygram-Mac/macOS-Swift
    builtin-SwiftPerFileCompile CAAnimationUtils.swift

SwiftCompile normal arm64 /Users/buddhirajgautam/Documents/Cherrygram-Mac/macOS-Swift/packages/TGUIKit/Sources/CatalinaStyledSegmentController.swift (in target 'TGUIKit' from project 'TGUIKit')
    cd /Users/buddhirajgautam/Documents/Cherrygram-Mac/macOS-Swift
    builtin-SwiftPerFileCompile CatalinaStyledSegmentController.swift

SwiftCompile normal arm64 /Users/buddhirajgautam/Documents/Cherrygram-Mac/macOS-Swift/packages/TGUIKit/Sources/CheckBox.swift (in target 'TGUIKit' from project 'TGUIKit')
    cd /Users/buddhirajgautam/Documents/Cherrygram-Mac/macOS-Swift
    builtin-SwiftPerFileCompile CheckBox.swift

SwiftCompile normal arm64 /Users/buddhirajgautam/Documents/Cherrygram-Mac/macOS-Swift/packages/TGUIKit/Sources/ConfettiDustInkView.swift (in target 'TGUIKit' from project 'TGUIKit')
    cd /Users/buddhirajgautam/Documents/Cherrygram-Mac/macOS-Swift
    builtin-SwiftPerFileCompile ConfettiDustInkView.swift

SwiftCompile normal arm64 /Users/buddhirajgautam/Documents/Cherrygram-Mac/macOS-Swift/packages/TGUIKit/Sources/ContainableController.swift (in target 'TGUIKit' from project 'TGUIKit')
    cd /Users/buddhirajgautam/Documents/Cherrygram-Mac/macOS-Swift
    builtin-SwiftPerFileCompile ContainableController.swift

SwiftCompile normal arm64 /Users/buddhirajgautam/Documents/Cherrygram-Mac/macOS-Swift/packages/TGUIKit/Sources/ContextMenu.swift (in target 'TGUIKit' from project 'TGUIKit')
    cd /Users/buddhirajgautam/Documents/Cherrygram-Mac/macOS-Swift
    builtin-SwiftPerFileCompile ContextMenu.swift

SwiftCompile normal arm64 Compiling\ ProgressIndicator.swift,\ ProgressModal.swift,\ RadialProgressContainerView.swift,\ RadialProgressView.swift,\ SImageLayer.swift,\ SPopoverRowItem.swift,\ SPopoverViewController.swift,\ ScrollView.swift,\ ScrollableSegmentView.swift,\ SearchView.swift,\ SectionViewController.swift,\ SegmentController.swift,\ SelectingControl.swift,\ SelectionRectView.swift,\ ShadowView.swift,\ ShimmerLayer.swift /Users/buddhirajgautam/Documents/Cherrygram-Mac/macOS-Swift/packages/TGUIKit/Sources/ProgressIndicator.swift /Users/buddhirajgautam/Documents/Cherrygram-Mac/macOS-Swift/packages/TGUIKit/Sources/ProgressModal.swift /Users/buddhirajgautam/Documents/Cherrygram-Mac/macOS-Swift/packages/TGUIKit/Sources/RadialProgressContainerView.swift /Users/buddhirajgautam/Documents/Cherrygram-Mac/macOS-Swift/packages/TGUIKit/Sources/RadialProgressView.swift /Users/buddhirajgautam/Documents/Cherrygram-Mac/macOS-Swift/packages/TGUIKit/Sources/SImageLayer.swift /Users/buddhirajgautam/Documents/Cherrygram-Mac/macOS-Swift/packages/TGUIKit/Sources/SPopoverRowItem.swift /Users/buddhirajgautam/Documents/Cherrygram-Mac/macOS-Swift/packages/TGUIKit/Sources/SPopoverViewController.swift /Users/buddhirajgautam/Documents/Cherrygram-Mac/macOS-Swift/packages/TGUIKit/Sources/ScrollView.swift /Users/buddhirajgautam/Documents/Cherrygram-Mac/macOS-Swift/packages/TGUIKit/Sources/ScrollableSegmentView.swift /Users/buddhirajgautam/Documents/Cherrygram-Mac/macOS-Swift/packages/TGUIKit/Sources/SearchView.swift /Users/buddhirajgautam/Documents/Cherrygram-Mac/macOS-Swift/packages/TGUIKit/Sources/SectionViewController.swift /Users/buddhirajgautam/Documents/Cherrygram-Mac/macOS-Swift/packages/TGUIKit/Sources/SegmentController.swift /Users/buddhirajgautam/Documents/Cherrygram-Mac/macOS-Swift/packages/TGUIKit/Sources/SelectingControl.swift /Users/buddhirajgautam/Documents/Cherrygram-Mac/macOS-Swift/packages/TGUIKit/Sources/SelectionRectView.swift /Users/buddhirajgautam/Documents/Cherrygram-Mac/macOS-Swift/packages/TGUIKit/Sources/ShadowView.swift /Users/buddhirajgautam/Documents/Cherrygram-Mac/macOS-Swift/packages/TGUIKit/Sources/ShimmerLayer.swift (in target 'TGUIKit' from project 'TGUIKit')
/Users/buddhirajgautam/Documents/Cherrygram-Mac/macOS-Swift/packages/TGUIKit/Sources/ProgressModal.swift:23:55: warning: 'dark' was deprecated in macOS 10.14: Use a semantic material instead.  To force the appearance of a view hierarchy, set the `appearance` property to an appropriate NSAppearance value. [#DeprecatedDeclaration]
 21 |         self.autoresizesSubviews = false
 22 |         self.addSubview(self.progressView)
 23 |         self.material = presentation.colors.isDark ? .dark : .light
    |                                                       `- warning: 'dark' was deprecated in macOS 10.14: Use a semantic material instead.  To force the appearance of a view hierarchy, set the `appearance` property to an appropriate NSAppearance value. [#DeprecatedDeclaration]
 24 |         self.blendingMode = .withinWindow
 25 |         self.state = .active

/Users/buddhirajgautam/Documents/Cherrygram-Mac/macOS-Swift/packages/TGUIKit/Sources/ProgressModal.swift:23:63: warning: 'light' was deprecated in macOS 10.14: Use a semantic material instead.  To force the appearance of a view hierarchy, set the `appearance` property to an appropriate NSAppearance value. [#DeprecatedDeclaration]
 21 |         self.autoresizesSubviews = false
 22 |         self.addSubview(self.progressView)
 23 |         self.material = presentation.colors.isDark ? .dark : .light
    |                                                               `- warning: 'light' was deprecated in macOS 10.14: Use a semantic material instead.  To force the appearance of a view hierarchy, set the `appearance` property to an appropriate NSAppearance value. [#DeprecatedDeclaration]
 24 |         self.blendingMode = .withinWindow
 25 |         self.state = .active

/Users/buddhirajgautam/Documents/Cherrygram-Mac/macOS-Swift/packages/TGUIKit/Sources/ProgressModal.swift:120:55: warning: 'dark' was deprecated in macOS 10.14: Use a semantic material instead.  To force the appearance of a view hierarchy, set the `appearance` property to an appropriate NSAppearance value. [#DeprecatedDeclaration]
118 |         self.autoresizingMask = []
119 |         self.autoresizesSubviews = false
120 |         self.material = presentation.colors.isDark ? .dark : .light
    |                                                       `- warning: 'dark' was deprecated in macOS 10.14: Use a semantic material instead.  To force the appearance of a view hierarchy, set the `appearance` property to an appropriate NSAppearance value. [#DeprecatedDeclaration]
121 |         self.blendingMode = .withinWindow
122 |     }

/Users/buddhirajgautam/Documents/Cherrygram-Mac/macOS-Swift/packages/TGUIKit/Sources/ProgressModal.swift:120:63: warning: 'light' was deprecated in macOS 10.14: Use a semantic material instead.  To force the appearance of a view hierarchy, set the `appearance` property to an appropriate NSAppearance value. [#DeprecatedDeclaration]
118 |         self.autoresizingMask = []
119 |         self.autoresizesSubviews = false
120 |         self.material = presentation.colors.isDark ? .dark : .light
    |                                                               `- warning: 'light' was deprecated in macOS 10.14: Use a semantic material instead.  To force the appearance of a view hierarchy, set the `appearance` property to an appropriate NSAppearance value. [#DeprecatedDeclaration]
121 |         self.blendingMode = .withinWindow
122 |     }

/Users/buddhirajgautam/Documents/Cherrygram-Mac/macOS-Swift/packages/TGUIKit/Sources/ProgressModal.swift:277:43: warning: 'ultraDark' was deprecated in macOS 10.14: Use a semantic material instead.  To force the appearance of a view hierarchy, set the `appearance` property to an appropriate NSAppearance value. [#DeprecatedDeclaration]
275 |         
276 |         
277 |         self.visualEffectView.material = .ultraDark
    |                                           `- warning: 'ultraDark' was deprecated in macOS 10.14: Use a semantic material instead.  To force the appearance of a view hierarchy, set the `appearance` property to an appropriate NSAppearance value. [#DeprecatedDeclaration]
278 |         self.visualEffectView.blendingMode = .withinWindow
279 |         self.visualEffectView.state = .active

/Users/buddhirajgautam/Documents/Cherrygram-Mac/macOS-Swift/packages/TGUIKit/Sources/SPopoverRowItem.swift:199:19: warning: value 'item' was defined but never used; consider replacing with boolean test [#NoUsage]
197 |         super.set(item: item, animated: animated)
198 |         
199 |         guard let item = item as? SPopoverSeparatorItem else {
    |                   `- warning: value 'item' was defined but never used; consider replacing with boolean test [#NoUsage]
200 |             return
201 |         }

/Users/buddhirajgautam/Documents/Cherrygram-Mac/macOS-Swift/packages/TGUIKit/Sources/SPopoverViewController.swift:34:130: warning: property 'text' cannot be used in a default argument value because 'ColorPalette' was not imported by this file; this is an error in the Swift 6 language mode
 32 |     let additionView: SPopoverAdditionItemView?
 33 |     
 34 |     public init(_ title:String, _ handler:@escaping ()->Void, _ image:CGImage? = nil, _ textColor: NSColor = presentation.colors.text, height: CGFloat = 40.0, isSeparator: Bool = false, drawSeparatorBorder: Bool = true, additionView: SPopoverAdditionItemView? = nil) {
    |                                                                                                                                  |- warning: property 'text' cannot be used in a default argument value because 'ColorPalette' was not imported by this file; this is an error in the Swift 6 language mode
    |                                                                                                                                  `- note: The missing import of module 'ColorPalette' will be added implicitly
 35 |         self.title = title
 36 |         self.image = image

/Users/buddhirajgautam/Documents/Cherrygram-Mac/macOS-Swift/packages/TGUIKit/Sources/ShimmerLayer.swift:504:9: warning: variable 'quadrPoint' was written to, but never read
502 |     var currentPoint: CGPoint?
503 |     var cubicPoint: CGPoint?
504 |     var quadrPoint: CGPoint?
    |         `- warning: variable 'quadrPoint' was written to, but never read
505 |     var initialPoint: CGPoint?
506 |     

/Users/buddhirajgautam/Documents/Cherrygram-Mac/macOS-Swift/packages/TGUIKit/Sources/ShimmerLayer.swift:505:9: warning: variable 'initialPoint' was written to, but never read
503 |     var cubicPoint: CGPoint?
504 |     var quadrPoint: CGPoint?
505 |     var initialPoint: CGPoint?
    |         `- warning: variable 'initialPoint' was written to, but never read
506 |     
507 |     func M(_ x: Double, y: Double) {

[#DeprecatedDeclaration]: <https://docs.swift.org/compiler/documentation/diagnostics/deprecated-declaration>
[#NoUsage]: <https://docs.swift.org/compiler/documentation/diagnostics/no-usage>

SwiftCompile normal arm64 /Users/buddhirajgautam/Documents/Cherrygram-Mac/macOS-Swift/packages/TGUIKit/Sources/ProgressIndicator.swift (in target 'TGUIKit' from project 'TGUIKit')
    cd /Users/buddhirajgautam/Documents/Cherrygram-Mac/macOS-Swift
    builtin-SwiftPerFileCompile ProgressIndicator.swift

SwiftCompile normal arm64 /Users/buddhirajgautam/Documents/Cherrygram-Mac/macOS-Swift/packages/TGUIKit/Sources/ProgressModal.swift (in target 'TGUIKit' from project 'TGUIKit')
    cd /Users/buddhirajgautam/Documents/Cherrygram-Mac/macOS-Swift
    builtin-SwiftPerFileCompile ProgressModal.swift

SwiftCompile normal arm64 /Users/buddhirajgautam/Documents/Cherrygram-Mac/macOS-Swift/packages/TGUIKit/Sources/RadialProgressContainerView.swift (in target 'TGUIKit' from project 'TGUIKit')
    cd /Users/buddhirajgautam/Documents/Cherrygram-Mac/macOS-Swift
    builtin-SwiftPerFileCompile RadialProgressContainerView.swift

SwiftCompile normal arm64 /Users/buddhirajgautam/Documents/Cherrygram-Mac/macOS-Swift/packages/TGUIKit/Sources/RadialProgressView.swift (in target 'TGUIKit' from project 'TGUIKit')
    cd /Users/buddhirajgautam/Documents/Cherrygram-Mac/macOS-Swift
    builtin-SwiftPerFileCompile RadialProgressView.swift

SwiftCompile normal arm64 /Users/buddhirajgautam/Documents/Cherrygram-Mac/macOS-Swift/packages/TGUIKit/Sources/SImageLayer.swift (in target 'TGUIKit' from project 'TGUIKit')
    cd /Users/buddhirajgautam/Documents/Cherrygram-Mac/macOS-Swift
    builtin-SwiftPerFileCompile SImageLayer.swift

SwiftCompile normal arm64 /Users/buddhirajgautam/Documents/Cherrygram-Mac/macOS-Swift/packages/TGUIKit/Sources/SPopoverRowItem.swift (in target 'TGUIKit' from project 'TGUIKit')
    cd /Users/buddhirajgautam/Documents/Cherrygram-Mac/macOS-Swift
    builtin-SwiftPerFileCompile SPopoverRowItem.swift

SwiftCompile normal arm64 /Users/buddhirajgautam/Documents/Cherrygram-Mac/macOS-Swift/packages/TGUIKit/Sources/SPopoverViewController.swift (in target 'TGUIKit' from project 'TGUIKit')
    cd /Users/buddhirajgautam/Documents/Cherrygram-Mac/macOS-Swift
    builtin-SwiftPerFileCompile SPopoverViewController.swift

SwiftCompile normal arm64 /Users/buddhirajgautam/Documents/Cherrygram-Mac/macOS-Swift/packages/TGUIKit/Sources/ScrollView.swift (in target 'TGUIKit' from project 'TGUIKit')
    cd /Users/buddhirajgautam/Documents/Cherrygram-Mac/macOS-Swift
    builtin-SwiftPerFileCompile ScrollView.swift

SwiftCompile normal arm64 /Users/buddhirajgautam/Documents/Cherrygram-Mac/macOS-Swift/packages/TGUIKit/Sources/ScrollableSegmentView.swift (in target 'TGUIKit' from project 'TGUIKit')
    cd /Users/buddhirajgautam/Documents/Cherrygram-Mac/macOS-Swift
    builtin-SwiftPerFileCompile ScrollableSegmentView.swift

SwiftCompile normal arm64 /Users/buddhirajgautam/Documents/Cherrygram-Mac/macOS-Swift/packages/TGUIKit/Sources/SearchView.swift (in target 'TGUIKit' from project 'TGUIKit')
    cd /Users/buddhirajgautam/Documents/Cherrygram-Mac/macOS-Swift
    builtin-SwiftPerFileCompile SearchView.swift

SwiftCompile normal arm64 /Users/buddhirajgautam/Documents/Cherrygram-Mac/macOS-Swift/packages/TGUIKit/Sources/SectionViewController.swift (in target 'TGUIKit' from project 'TGUIKit')
    cd /Users/buddhirajgautam/Documents/Cherrygram-Mac/macOS-Swift
    builtin-SwiftPerFileCompile SectionViewController.swift

SwiftCompile normal arm64 /Users/buddhirajgautam/Documents/Cherrygram-Mac/macOS-Swift/packages/TGUIKit/Sources/SegmentController.swift (in target 'TGUIKit' from project 'TGUIKit')
    cd /Users/buddhirajgautam/Documents/Cherrygram-Mac/macOS-Swift
    builtin-SwiftPerFileCompile SegmentController.swift

SwiftCompile normal arm64 /Users/buddhirajgautam/Documents/Cherrygram-Mac/macOS-Swift/packages/TGUIKit/Sources/SelectingControl.swift (in target 'TGUIKit' from project 'TGUIKit')
    cd /Users/buddhirajgautam/Documents/Cherrygram-Mac/macOS-Swift
    builtin-SwiftPerFileCompile SelectingControl.swift

SwiftCompile normal arm64 /Users/buddhirajgautam/Documents/Cherrygram-Mac/macOS-Swift/packages/TGUIKit/Sources/SelectionRectView.swift (in target 'TGUIKit' from project 'TGUIKit')
    cd /Users/buddhirajgautam/Documents/Cherrygram-Mac/macOS-Swift
    builtin-SwiftPerFileCompile SelectionRectView.swift

SwiftCompile normal arm64 /Users/buddhirajgautam/Documents/Cherrygram-Mac/macOS-Swift/packages/TGUIKit/Sources/ShadowView.swift (in target 'TGUIKit' from project 'TGUIKit')
    cd /Users/buddhirajgautam/Documents/Cherrygram-Mac/macOS-Swift
    builtin-SwiftPerFileCompile ShadowView.swift

SwiftCompile normal arm64 /Users/buddhirajgautam/Documents/Cherrygram-Mac/macOS-Swift/packages/TGUIKit/Sources/ShimmerLayer.swift (in target 'TGUIKit' from project 'TGUIKit')
    cd /Users/buddhirajgautam/Documents/Cherrygram-Mac/macOS-Swift
    builtin-SwiftPerFileCompile ShimmerLayer.swift

SwiftEmitModule normal arm64 Emitting\ module\ for\ TelegramCore (in target 'TelegramCore' from project 'TelegramCore')

SwiftCompile normal arm64 (in target 'TelegramCore' from project 'TelegramCore')
    cd /Users/buddhirajgautam/Documents/Cherrygram-Mac/macOS-Swift
    

/Users/buddhirajgautam/Documents/Cherrygram-Mac/macOS-Swift/submodules/telegram-ios/submodules/TelegramCore/Sources/Network/MultipartUpload.swift:473:62: warning: 'weak' ownership of capture 'network' differs from implicitly-captured strong reference in outer scope [#ImplicitStrongCapture]
420 |     
421 |     return uploadInterface
422 |     |> mapToSignalPromotingError { uploadInterface -> Signal<MultipartUploadResult, MultipartUploadError> in
    |                                  |- note: 'network' implicitly strongly captured here
    |                                  `- note: add 'network' as a capture list item to silence
423 |         return Signal { subscriber in
424 |             var encryptionKey: SecretFileEncryptionKey?
    :
471 |             }
472 |             
473 |             let onFloodWaitError: (String) -> Void = { [weak network] error in
    |                                                              |- warning: 'weak' ownership of capture 'network' differs from implicitly-captured strong reference in outer scope [#ImplicitStrongCapture]
    |                                                              `- note: explicitly assign the capture list item to silence
474 |                 guard let network else {
475 |                     return

[#ImplicitStrongCapture]: <https://docs.swift.org/compiler/documentation/diagnostics/implicit-strong-capture>
SwiftCompile normal arm64 Compiling\ ExtendedMedia.swift,\ FactCheck.swift,\ FeedHistory.swift,\ ForwardGame.swift,\ InstallInteractiveReadMessagesAction.swift,\ LoadMessagesIfNecessary.swift,\ MarkAllChatsAsRead.swift,\ MarkMessageContentAsConsumedInteractively.swift,\ Media.swift,\ MediaArea.swift,\ Message.swift,\ MessageReadStats.swift,\ OutgoingMessageWithChatContextResult.swift,\ PeerLiveLocationsContext.swift,\ PendingStoryManager.swift,\ Polls.swift,\ PreparedInlineMessages.swift,\ QuickReplyMessages.swift,\ RecentlyUsedHashtags.swift,\ ReplyThreadHistory.swift,\ ReportAds.swift,\ ReportContent.swift,\ ReportMessageDelivery.swift,\ RequestChatContextResults.swift /Users/buddhirajgautam/Documents/Cherrygram-Mac/macOS-Swift/submodules/telegram-ios/submodules/TelegramCore/Sources/TelegramEngine/Messages/ExtendedMedia.swift /Users/buddhirajgautam/Documents/Cherrygram-Mac/macOS-Swift/submodules/telegram-ios/submodules/TelegramCore/Sources/TelegramEngine/Messages/FactCheck.swift /Users/buddhirajgautam/Documents/Cherrygram-Mac/macOS-Swift/submodules/telegram-ios/submodules/TelegramCore/Sources/TelegramEngine/Messages/FeedHistory.swift /Users/buddhirajgautam/Documents/Cherrygram-Mac/macOS-Swift/submodules/telegram-ios/submodules/TelegramCore/Sources/TelegramEngine/Messages/ForwardGame.swift /Users/buddhirajgautam/Documents/Cherrygram-Mac/macOS-Swift/submodules/telegram-ios/submodules/TelegramCore/Sources/TelegramEngine/Messages/InstallInteractiveReadMessagesAction.swift /Users/buddhirajgautam/Documents/Cherrygram-Mac/macOS-Swift/submodules/telegram-ios/submodules/TelegramCore/Sources/TelegramEngine/Messages/LoadMessagesIfNecessary.swift /Users/buddhirajgautam/Documents/Cherrygram-Mac/macOS-Swift/submodules/telegram-ios/submodules/TelegramCore/Sources/TelegramEngine/Messages/MarkAllChatsAsRead.swift /Users/buddhirajgautam/Documents/Cherrygram-Mac/macOS-Swift/submodules/telegram-ios/submodules/TelegramCore/Sources/TelegramEngine/Messages/MarkMessageContentAsConsumedInteractively.swift /Users/buddhirajgautam/Documents/Cherrygram-Mac/macOS-Swift/submodules/telegram-ios/submodules/TelegramCore/Sources/TelegramEngine/Messages/Media.swift /Users/buddhirajgautam/Documents/Cherrygram-Mac/macOS-Swift/submodules/telegram-ios/submodules/TelegramCore/Sources/TelegramEngine/Messages/MediaArea.swift /Users/buddhirajgautam/Documents/Cherrygram-Mac/macOS-Swift/submodules/telegram-ios/submodules/TelegramCore/Sources/TelegramEngine/Messages/Message.swift /Users/buddhirajgautam/Documents/Cherrygram-Mac/macOS-Swift/submodules/telegram-ios/submodules/TelegramCore/Sources/TelegramEngine/Messages/MessageReadStats.swift /Users/buddhirajgautam/Documents/Cherrygram-Mac/macOS-Swift/submodules/telegram-ios/submodules/TelegramCore/Sources/TelegramEngine/Messages/OutgoingMessageWithChatContextResult.swift /Users/buddhirajgautam/Documents/Cherrygram-Mac/macOS-Swift/submodules/telegram-ios/submodules/TelegramCore/Sources/TelegramEngine/Messages/PeerLiveLocationsContext.swift /Users/buddhirajgautam/Documents/Cherrygram-Mac/macOS-Swift/submodules/telegram-ios/submodules/TelegramCore/Sources/TelegramEngine/Messages/PendingStoryManager.swift /Users/buddhirajgautam/Documents/Cherrygram-Mac/macOS-Swift/submodules/telegram-ios/submodules/TelegramCore/Sources/TelegramEngine/Messages/Polls.swift /Users/buddhirajgautam/Documents/Cherrygram-Mac/macOS-Swift/submodules/telegram-ios/submodules/TelegramCore/Sources/TelegramEngine/Messages/PreparedInlineMessages.swift /Users/buddhirajgautam/Documents/Cherrygram-Mac/macOS-Swift/submodules/telegram-ios/submodules/TelegramCore/Sources/TelegramEngine/Messages/QuickReplyMessages.swift /Users/buddhirajgautam/Documents/Cherrygram-Mac/macOS-Swift/submodules/telegram-ios/submodules/TelegramCore/Sources/TelegramEngine/Messages/RecentlyUsedHashtags.swift /Users/buddhirajgautam/Documents/Cherrygram-Mac/macOS-Swift/submodules/telegram-ios/submodules/TelegramCore/Sources/TelegramEngine/Messages/ReplyThreadHistory.swift /Users/buddhirajgautam/Documents/Cherrygram-Mac/macOS-Swift/submodules/telegram-ios/submodules/TelegramCore/Sources/TelegramEngine/Messages/ReportAds.swift /Users/buddhirajgautam/Documents/Cherrygram-Mac/macOS-Swift/submodules/telegram-ios/submodules/TelegramCore/Sources/TelegramEngine/Messages/ReportContent.swift /Users/buddhirajgautam/Documents/Cherrygram-Mac/macOS-Swift/submodules/telegram-ios/submodules/TelegramCore/Sources/TelegramEngine/Messages/ReportMessageDelivery.swift /Users/buddhirajgautam/Documents/Cherrygram-Mac/macOS-Swift/submodules/telegram-ios/submodules/TelegramCore/Sources/TelegramEngine/Messages/RequestChatContextResults.swift (in target 'TelegramCore' from project 'TelegramCore')

SwiftCompile normal arm64 /Users/buddhirajgautam/Documents/Cherrygram-Mac/macOS-Swift/submodules/telegram-ios/submodules/TelegramCore/Sources/TelegramEngine/Messages/ExtendedMedia.swift (in target 'TelegramCore' from project 'TelegramCore')
    cd /Users/buddhirajgautam/Documents/Cherrygram-Mac/macOS-Swift
    builtin-SwiftPerFileCompile ExtendedMedia.swift

SwiftCompile normal arm64 /Users/buddhirajgautam/Documents/Cherrygram-Mac/macOS-Swift/submodules/telegram-ios/submodules/TelegramCore/Sources/TelegramEngine/Messages/FactCheck.swift (in target 'TelegramCore' from project 'TelegramCore')
    cd /Users/buddhirajgautam/Documents/Cherrygram-Mac/macOS-Swift
    builtin-SwiftPerFileCompile FactCheck.swift

SwiftCompile normal arm64 /Users/buddhirajgautam/Documents/Cherrygram-Mac/macOS-Swift/submodules/telegram-ios/submodules/TelegramCore/Sources/TelegramEngine/Messages/FeedHistory.swift (in target 'TelegramCore' from project 'TelegramCore')
    cd /Users/buddhirajgautam/Documents/Cherrygram-Mac/macOS-Swift
    builtin-SwiftPerFileCompile FeedHistory.swift

SwiftCompile normal arm64 /Users/buddhirajgautam/Documents/Cherrygram-Mac/macOS-Swift/submodules/telegram-ios/submodules/TelegramCore/Sources/TelegramEngine/Messages/ForwardGame.swift (in target 'TelegramCore' from project 'TelegramCore')
    cd /Users/buddhirajgautam/Documents/Cherrygram-Mac/macOS-Swift
    builtin-SwiftPerFileCompile ForwardGame.swift

SwiftCompile normal arm64 /Users/buddhirajgautam/Documents/Cherrygram-Mac/macOS-Swift/submodules/telegram-ios/submodules/TelegramCore/Sources/TelegramEngine/Messages/InstallInteractiveReadMessagesAction.swift (in target 'TelegramCore' from project 'TelegramCore')
    cd /Users/buddhirajgautam/Documents/Cherrygram-Mac/macOS-Swift
    builtin-SwiftPerFileCompile InstallInteractiveReadMessagesAction.swift

SwiftCompile normal arm64 /Users/buddhirajgautam/Documents/Cherrygram-Mac/macOS-Swift/submodules/telegram-ios/submodules/TelegramCore/Sources/TelegramEngine/Messages/LoadMessagesIfNecessary.swift (in target 'TelegramCore' from project 'TelegramCore')
    cd /Users/buddhirajgautam/Documents/Cherrygram-Mac/macOS-Swift
    builtin-SwiftPerFileCompile LoadMessagesIfNecessary.swift

SwiftCompile normal arm64 /Users/buddhirajgautam/Documents/Cherrygram-Mac/macOS-Swift/submodules/telegram-ios/submodules/TelegramCore/Sources/TelegramEngine/Messages/MarkAllChatsAsRead.swift (in target 'TelegramCore' from project 'TelegramCore')
    cd /Users/buddhirajgautam/Documents/Cherrygram-Mac/macOS-Swift
    builtin-SwiftPerFileCompile MarkAllChatsAsRead.swift

SwiftCompile normal arm64 /Users/buddhirajgautam/Documents/Cherrygram-Mac/macOS-Swift/submodules/telegram-ios/submodules/TelegramCore/Sources/TelegramEngine/Messages/MarkMessageContentAsConsumedInteractively.swift (in target 'TelegramCore' from project 'TelegramCore')
    cd /Users/buddhirajgautam/Documents/Cherrygram-Mac/macOS-Swift
    builtin-SwiftPerFileCompile MarkMessageContentAsConsumedInteractively.swift

SwiftCompile normal arm64 /Users/buddhirajgautam/Documents/Cherrygram-Mac/macOS-Swift/submodules/telegram-ios/submodules/TelegramCore/Sources/TelegramEngine/Messages/Media.swift (in target 'TelegramCore' from project 'TelegramCore')
    cd /Users/buddhirajgautam/Documents/Cherrygram-Mac/macOS-Swift
    builtin-SwiftPerFileCompile Media.swift

SwiftCompile normal arm64 /Users/buddhirajgautam/Documents/Cherrygram-Mac/macOS-Swift/submodules/telegram-ios/submodules/TelegramCore/Sources/TelegramEngine/Messages/MediaArea.swift (in target 'TelegramCore' from project 'TelegramCore')
    cd /Users/buddhirajgautam/Documents/Cherrygram-Mac/macOS-Swift
    builtin-SwiftPerFileCompile MediaArea.swift

SwiftCompile normal arm64 /Users/buddhirajgautam/Documents/Cherrygram-Mac/macOS-Swift/submodules/telegram-ios/submodules/TelegramCore/Sources/TelegramEngine/Messages/Message.swift (in target 'TelegramCore' from project 'TelegramCore')
    cd /Users/buddhirajgautam/Documents/Cherrygram-Mac/macOS-Swift
    builtin-SwiftPerFileCompile Message.swift

SwiftCompile normal arm64 /Users/buddhirajgautam/Documents/Cherrygram-Mac/macOS-Swift/submodules/telegram-ios/submodules/TelegramCore/Sources/TelegramEngine/Messages/MessageReadStats.swift (in target 'TelegramCore' from project 'TelegramCore')
    cd /Users/buddhirajgautam/Documents/Cherrygram-Mac/macOS-Swift
    builtin-SwiftPerFileCompile MessageReadStats.swift

SwiftCompile normal arm64 /Users/buddhirajgautam/Documents/Cherrygram-Mac/macOS-Swift/submodules/telegram-ios/submodules/TelegramCore/Sources/TelegramEngine/Messages/OutgoingMessageWithChatContextResult.swift (in target 'TelegramCore' from project 'TelegramCore')
    cd /Users/buddhirajgautam/Documents/Cherrygram-Mac/macOS-Swift
    builtin-SwiftPerFileCompile OutgoingMessageWithChatContextResult.swift

SwiftCompile normal arm64 /Users/buddhirajgautam/Documents/Cherrygram-Mac/macOS-Swift/submodules/telegram-ios/submodules/TelegramCore/Sources/TelegramEngine/Messages/PeerLiveLocationsContext.swift (in target 'TelegramCore' from project 'TelegramCore')
    cd /Users/buddhirajgautam/Documents/Cherrygram-Mac/macOS-Swift
    builtin-SwiftPerFileCompile PeerLiveLocationsContext.swift

SwiftCompile normal arm64 /Users/buddhirajgautam/Documents/Cherrygram-Mac/macOS-Swift/submodules/telegram-ios/submodules/TelegramCore/Sources/TelegramEngine/Messages/PendingStoryManager.swift (in target 'TelegramCore' from project 'TelegramCore')
    cd /Users/buddhirajgautam/Documents/Cherrygram-Mac/macOS-Swift
    builtin-SwiftPerFileCompile PendingStoryManager.swift

SwiftCompile normal arm64 /Users/buddhirajgautam/Documents/Cherrygram-Mac/macOS-Swift/submodules/telegram-ios/submodules/TelegramCore/Sources/TelegramEngine/Messages/Polls.swift (in target 'TelegramCore' from project 'TelegramCore')
    cd /Users/buddhirajgautam/Documents/Cherrygram-Mac/macOS-Swift
    builtin-SwiftPerFileCompile Polls.swift

SwiftCompile normal arm64 /Users/buddhirajgautam/Documents/Cherrygram-Mac/macOS-Swift/submodules/telegram-ios/submodules/TelegramCore/Sources/TelegramEngine/Messages/PreparedInlineMessages.swift (in target 'TelegramCore' from project 'TelegramCore')
    cd /Users/buddhirajgautam/Documents/Cherrygram-Mac/macOS-Swift
    builtin-SwiftPerFileCompile PreparedInlineMessages.swift

SwiftCompile normal arm64 /Users/buddhirajgautam/Documents/Cherrygram-Mac/macOS-Swift/submodules/telegram-ios/submodules/TelegramCore/Sources/TelegramEngine/Messages/QuickReplyMessages.swift (in target 'TelegramCore' from project 'TelegramCore')
    cd /Users/buddhirajgautam/Documents/Cherrygram-Mac/macOS-Swift
    builtin-SwiftPerFileCompile QuickReplyMessages.swift

SwiftCompile normal arm64 /Users/buddhirajgautam/Documents/Cherrygram-Mac/macOS-Swift/submodules/telegram-ios/submodules/TelegramCore/Sources/TelegramEngine/Messages/RecentlyUsedHashtags.swift (in target 'TelegramCore' from project 'TelegramCore')
    cd /Users/buddhirajgautam/Documents/Cherrygram-Mac/macOS-Swift
    builtin-SwiftPerFileCompile RecentlyUsedHashtags.swift

SwiftCompile normal arm64 /Users/buddhirajgautam/Documents/Cherrygram-Mac/macOS-Swift/submodules/telegram-ios/submodules/TelegramCore/Sources/TelegramEngine/Messages/ReplyThreadHistory.swift (in target 'TelegramCore' from project 'TelegramCore')
    cd /Users/buddhirajgautam/Documents/Cherrygram-Mac/macOS-Swift
    builtin-SwiftPerFileCompile ReplyThreadHistory.swift

SwiftCompile normal arm64 /Users/buddhirajgautam/Documents/Cherrygram-Mac/macOS-Swift/submodules/telegram-ios/submodules/TelegramCore/Sources/TelegramEngine/Messages/ReportAds.swift (in target 'TelegramCore' from project 'TelegramCore')
    cd /Users/buddhirajgautam/Documents/Cherrygram-Mac/macOS-Swift
    builtin-SwiftPerFileCompile ReportAds.swift

SwiftCompile normal arm64 /Users/buddhirajgautam/Documents/Cherrygram-Mac/macOS-Swift/submodules/telegram-ios/submodules/TelegramCore/Sources/TelegramEngine/Messages/ReportContent.swift (in target 'TelegramCore' from project 'TelegramCore')
    cd /Users/buddhirajgautam/Documents/Cherrygram-Mac/macOS-Swift
    builtin-SwiftPerFileCompile ReportContent.swift

SwiftCompile normal arm64 /Users/buddhirajgautam/Documents/Cherrygram-Mac/macOS-Swift/submodules/telegram-ios/submodules/TelegramCore/Sources/TelegramEngine/Messages/ReportMessageDelivery.swift (in target 'TelegramCore' from project 'TelegramCore')
    cd /Users/buddhirajgautam/Documents/Cherrygram-Mac/macOS-Swift
    builtin-SwiftPerFileCompile ReportMessageDelivery.swift

SwiftCompile normal arm64 /Users/buddhirajgautam/Documents/Cherrygram-Mac/macOS-Swift/submodules/telegram-ios/submodules/TelegramCore/Sources/TelegramEngine/Messages/RequestChatContextResults.swift (in target 'TelegramCore' from project 'TelegramCore')
    cd /Users/buddhirajgautam/Documents/Cherrygram-Mac/macOS-Swift
    builtin-SwiftPerFileCompile RequestChatContextResults.swift

SwiftCompile normal arm64 Compiling\ UnauthorizedAccountStateManager.swift,\ UpdateGroup.swift,\ UpdateMessageService.swift,\ UpdatesApiUtils.swift,\ UserLimitsConfiguration.swift,\ MessageStatistics.swift,\ PeerStatistics.swift,\ StarsRevenueStatistics.swift,\ StoryStatistics.swift,\ Suggestions.swift,\ DerivedDataMessageAttribute.swift,\ PaidStarsMessageAttribute.swift,\ QuickReplyMessageAttribute.swift,\ ReportDeliveryMessageAttribute.swift,\ SuggestedPostMessageAttribute.swift,\ SyncCore_AccountBackupDataAttribute.swift,\ SyncCore_AccountEnvironmentAttribute.swift,\ SyncCore_AccountSortOrderAttribute.swift,\ SyncCore_AppChangelogState.swift,\ SyncCore_AppConfiguration.swift,\ SyncCore_ArchivedStickerPacksInfo.swift,\ SyncCore_AudioTranscriptionMessageAttribute.swift,\ SyncCore_AuthSessionInfoAttribute.swift,\ SyncCore_AuthorSignatureMessageAttribute.swift /Users/buddhirajgautam/Documents/Cherrygram-Mac/macOS-Swift/submodules/telegram-ios/submodules/TelegramCore/Sources/State/UnauthorizedAccountStateManager.swift /Users/buddhirajgautam/Documents/Cherrygram-Mac/macOS-Swift/submodules/telegram-ios/submodules/TelegramCore/Sources/State/UpdateGroup.swift /Users/buddhirajgautam/Documents/Cherrygram-Mac/macOS-Swift/submodules/telegram-ios/submodules/TelegramCore/Sources/State/UpdateMessageService.swift /Users/buddhirajgautam/Documents/Cherrygram-Mac/macOS-Swift/submodules/telegram-ios/submodules/TelegramCore/Sources/State/UpdatesApiUtils.swift /Users/buddhirajgautam/Documents/Cherrygram-Mac/macOS-Swift/submodules/telegram-ios/submodules/TelegramCore/Sources/State/UserLimitsConfiguration.swift /Users/buddhirajgautam/Documents/Cherrygram-Mac/macOS-Swift/submodules/telegram-ios/submodules/TelegramCore/Sources/Statistics/MessageStatistics.swift /Users/buddhirajgautam/Documents/Cherrygram-Mac/macOS-Swift/submodules/telegram-ios/submodules/TelegramCore/Sources/Statistics/PeerStatistics.swift /Users/buddhirajgautam/Documents/Cherrygram-Mac/macOS-Swift/submodules/telegram-ios/submodules/TelegramCore/Sources/Statistics/StarsRevenueStatistics.swift /Users/buddhirajgautam/Documents/Cherrygram-Mac/macOS-Swift/submodules/telegram-ios/submodules/TelegramCore/Sources/Statistics/StoryStatistics.swift /Users/buddhirajgautam/Documents/Cherrygram-Mac/macOS-Swift/submodules/telegram-ios/submodules/TelegramCore/Sources/Suggestions.swift /Users/buddhirajgautam/Documents/Cherrygram-Mac/macOS-Swift/submodules/telegram-ios/submodules/TelegramCore/Sources/SyncCore/DerivedDataMessageAttribute.swift /Users/buddhirajgautam/Documents/Cherrygram-Mac/macOS-Swift/submodules/telegram-ios/submodules/TelegramCore/Sources/SyncCore/PaidStarsMessageAttribute.swift /Users/buddhirajgautam/Documents/Cherrygram-Mac/macOS-Swift/submodules/telegram-ios/submodules/TelegramCore/Sources/SyncCore/QuickReplyMessageAttribute.swift /Users/buddhirajgautam/Documents/Cherrygram-Mac/macOS-Swift/submodules/telegram-ios/submodules/TelegramCore/Sources/SyncCore/ReportDeliveryMessageAttribute.swift /Users/buddhirajgautam/Documents/Cherrygram-Mac/macOS-Swift/submodules/telegram-ios/submodules/TelegramCore/Sources/SyncCore/SuggestedPostMessageAttribute.swift /Users/buddhirajgautam/Documents/Cherrygram-Mac/macOS-Swift/submodules/telegram-ios/submodules/TelegramCore/Sources/SyncCore/SyncCore_AccountBackupDataAttribute.swift /Users/buddhirajgautam/Documents/Cherrygram-Mac/macOS-Swift/submodules/telegram-ios/submodules/TelegramCore/Sources/SyncCore/SyncCore_AccountEnvironmentAttribute.swift /Users/buddhirajgautam/Documents/Cherrygram-Mac/macOS-Swift/submodules/telegram-ios/submodules/TelegramCore/Sources/SyncCore/SyncCore_AccountSortOrderAttribute.swift /Users/buddhirajgautam/Documents/Cherrygram-Mac/macOS-Swift/submodules/telegram-ios/submodules/TelegramCore/Sources/SyncCore/SyncCore_AppChangelogState.swift /Users/buddhirajgautam/Documents/Cherrygram-Mac/macOS-Swift/submodules/telegram-ios/submodules/TelegramCore/Sources/SyncCore/SyncCore_AppConfiguration.swift /Users/buddhirajgautam/Documents/Cherrygram-Mac/macOS-Swift/submodules/telegram-ios/submodules/TelegramCore/Sources/SyncCore/SyncCore_ArchivedStickerPacksInfo.swift /Users/buddhirajgautam/Documents/Cherrygram-Mac/macOS-Swift/submodules/telegram-ios/submodules/TelegramCore/Sources/SyncCore/SyncCore_AudioTranscriptionMessageAttribute.swift /Users/buddhirajgautam/Documents/Cherrygram-Mac/macOS-Swift/submodules/telegram-ios/submodules/TelegramCore/Sources/SyncCore/SyncCore_AuthSessionInfoAttribute.swift /Users/buddhirajgautam/Documents/Cherrygram-Mac/macOS-Swift/submodules/telegram-ios/submodules/TelegramCore/Sources/SyncCore/SyncCore_AuthorSignatureMessageAttribute.swift (in target 'TelegramCore' from project 'TelegramCore')

SwiftCompile normal arm64 /Users/buddhirajgautam/Documents/Cherrygram-Mac/macOS-Swift/submodules/telegram-ios/submodules/TelegramCore/Sources/State/UnauthorizedAccountStateManager.swift (in target 'TelegramCore' from project 'TelegramCore')
    cd /Users/buddhirajgautam/Documents/Cherrygram-Mac/macOS-Swift
    builtin-SwiftPerFileCompile UnauthorizedAccountStateManager.swift

SwiftCompile normal arm64 /Users/buddhirajgautam/Documents/Cherrygram-Mac/macOS-Swift/submodules/telegram-ios/submodules/TelegramCore/Sources/State/UpdateGroup.swift (in target 'TelegramCore' from project 'TelegramCore')
    cd /Users/buddhirajgautam/Documents/Cherrygram-Mac/macOS-Swift
    builtin-SwiftPerFileCompile UpdateGroup.swift

SwiftCompile normal arm64 /Users/buddhirajgautam/Documents/Cherrygram-Mac/macOS-Swift/submodules/telegram-ios/submodules/TelegramCore/Sources/State/UpdateMessageService.swift (in target 'TelegramCore' from project 'TelegramCore')
    cd /Users/buddhirajgautam/Documents/Cherrygram-Mac/macOS-Swift
    builtin-SwiftPerFileCompile UpdateMessageService.swift

SwiftCompile normal arm64 /Users/buddhirajgautam/Documents/Cherrygram-Mac/macOS-Swift/submodules/telegram-ios/submodules/TelegramCore/Sources/State/UpdatesApiUtils.swift (in target 'TelegramCore' from project 'TelegramCore')
    cd /Users/buddhirajgautam/Documents/Cherrygram-Mac/macOS-Swift
    builtin-SwiftPerFileCompile UpdatesApiUtils.swift

SwiftCompile normal arm64 /Users/buddhirajgautam/Documents/Cherrygram-Mac/macOS-Swift/submodules/telegram-ios/submodules/TelegramCore/Sources/State/UserLimitsConfiguration.swift (in target 'TelegramCore' from project 'TelegramCore')
    cd /Users/buddhirajgautam/Documents/Cherrygram-Mac/macOS-Swift
    builtin-SwiftPerFileCompile UserLimitsConfiguration.swift

SwiftCompile normal arm64 /Users/buddhirajgautam/Documents/Cherrygram-Mac/macOS-Swift/submodules/telegram-ios/submodules/TelegramCore/Sources/Statistics/MessageStatistics.swift (in target 'TelegramCore' from project 'TelegramCore')
    cd /Users/buddhirajgautam/Documents/Cherrygram-Mac/macOS-Swift
    builtin-SwiftPerFileCompile MessageStatistics.swift

SwiftCompile normal arm64 /Users/buddhirajgautam/Documents/Cherrygram-Mac/macOS-Swift/submodules/telegram-ios/submodules/TelegramCore/Sources/Statistics/PeerStatistics.swift (in target 'TelegramCore' from project 'TelegramCore')
    cd /Users/buddhirajgautam/Documents/Cherrygram-Mac/macOS-Swift
    builtin-SwiftPerFileCompile PeerStatistics.swift

SwiftCompile normal arm64 /Users/buddhirajgautam/Documents/Cherrygram-Mac/macOS-Swift/submodules/telegram-ios/submodules/TelegramCore/Sources/Statistics/StarsRevenueStatistics.swift (in target 'TelegramCore' from project 'TelegramCore')
    cd /Users/buddhirajgautam/Documents/Cherrygram-Mac/macOS-Swift
    builtin-SwiftPerFileCompile StarsRevenueStatistics.swift

SwiftCompile normal arm64 /Users/buddhirajgautam/Documents/Cherrygram-Mac/macOS-Swift/submodules/telegram-ios/submodules/TelegramCore/Sources/Statistics/StoryStatistics.swift (in target 'TelegramCore' from project 'TelegramCore')
    cd /Users/buddhirajgautam/Documents/Cherrygram-Mac/macOS-Swift
    builtin-SwiftPerFileCompile StoryStatistics.swift

SwiftCompile normal arm64 /Users/buddhirajgautam/Documents/Cherrygram-Mac/macOS-Swift/submodules/telegram-ios/submodules/TelegramCore/Sources/Suggestions.swift (in target 'TelegramCore' from project 'TelegramCore')
    cd /Users/buddhirajgautam/Documents/Cherrygram-Mac/macOS-Swift
    builtin-SwiftPerFileCompile Suggestions.swift

SwiftCompile normal arm64 /Users/buddhirajgautam/Documents/Cherrygram-Mac/macOS-Swift/submodules/telegram-ios/submodules/TelegramCore/Sources/SyncCore/DerivedDataMessageAttribute.swift (in target 'TelegramCore' from project 'TelegramCore')
    cd /Users/buddhirajgautam/Documents/Cherrygram-Mac/macOS-Swift
    builtin-SwiftPerFileCompile DerivedDataMessageAttribute.swift

SwiftCompile normal arm64 /Users/buddhirajgautam/Documents/Cherrygram-Mac/macOS-Swift/submodules/telegram-ios/submodules/TelegramCore/Sources/SyncCore/PaidStarsMessageAttribute.swift (in target 'TelegramCore' from project 'TelegramCore')
    cd /Users/buddhirajgautam/Documents/Cherrygram-Mac/macOS-Swift
    builtin-SwiftPerFileCompile PaidStarsMessageAttribute.swift

SwiftCompile normal arm64 /Users/buddhirajgautam/Documents/Cherrygram-Mac/macOS-Swift/submodules/telegram-ios/submodules/TelegramCore/Sources/SyncCore/QuickReplyMessageAttribute.swift (in target 'TelegramCore' from project 'TelegramCore')
    cd /Users/buddhirajgautam/Documents/Cherrygram-Mac/macOS-Swift
    builtin-SwiftPerFileCompile QuickReplyMessageAttribute.swift

SwiftCompile normal arm64 /Users/buddhirajgautam/Documents/Cherrygram-Mac/macOS-Swift/submodules/telegram-ios/submodules/TelegramCore/Sources/SyncCore/ReportDeliveryMessageAttribute.swift (in target 'TelegramCore' from project 'TelegramCore')
    cd /Users/buddhirajgautam/Documents/Cherrygram-Mac/macOS-Swift
    builtin-SwiftPerFileCompile ReportDeliveryMessageAttribute.swift

SwiftCompile normal arm64 /Users/buddhirajgautam/Documents/Cherrygram-Mac/macOS-Swift/submodules/telegram-ios/submodules/TelegramCore/Sources/SyncCore/SuggestedPostMessageAttribute.swift (in target 'TelegramCore' from project 'TelegramCore')
    cd /Users/buddhirajgautam/Documents/Cherrygram-Mac/macOS-Swift
    builtin-SwiftPerFileCompile SuggestedPostMessageAttribute.swift

SwiftCompile normal arm64 /Users/buddhirajgautam/Documents/Cherrygram-Mac/macOS-Swift/submodules/telegram-ios/submodules/TelegramCore/Sources/SyncCore/SyncCore_AccountBackupDataAttribute.swift (in target 'TelegramCore' from project 'TelegramCore')
    cd /Users/buddhirajgautam/Documents/Cherrygram-Mac/macOS-Swift
    builtin-SwiftPerFileCompile SyncCore_AccountBackupDataAttribute.swift

SwiftCompile normal arm64 /Users/buddhirajgautam/Documents/Cherrygram-Mac/macOS-Swift/submodules/telegram-ios/submodules/TelegramCore/Sources/SyncCore/SyncCore_AccountEnvironmentAttribute.swift (in target 'TelegramCore' from project 'TelegramCore')
    cd /Users/buddhirajgautam/Documents/Cherrygram-Mac/macOS-Swift
    builtin-SwiftPerFileCompile SyncCore_AccountEnvironmentAttribute.swift

SwiftCompile normal arm64 /Users/buddhirajgautam/Documents/Cherrygram-Mac/macOS-Swift/submodules/telegram-ios/submodules/TelegramCore/Sources/SyncCore/SyncCore_AccountSortOrderAttribute.swift (in target 'TelegramCore' from project 'TelegramCore')
    cd /Users/buddhirajgautam/Documents/Cherrygram-Mac/macOS-Swift
    builtin-SwiftPerFileCompile SyncCore_AccountSortOrderAttribute.swift

SwiftCompile normal arm64 /Users/buddhirajgautam/Documents/Cherrygram-Mac/macOS-Swift/submodules/telegram-ios/submodules/TelegramCore/Sources/SyncCore/SyncCore_AppChangelogState.swift (in target 'TelegramCore' from project 'TelegramCore')
    cd /Users/buddhirajgautam/Documents/Cherrygram-Mac/macOS-Swift
    builtin-SwiftPerFileCompile SyncCore_AppChangelogState.swift

SwiftCompile normal arm64 /Users/buddhirajgautam/Documents/Cherrygram-Mac/macOS-Swift/submodules/telegram-ios/submodules/TelegramCore/Sources/SyncCore/SyncCore_AppConfiguration.swift (in target 'TelegramCore' from project 'TelegramCore')
    cd /Users/buddhirajgautam/Documents/Cherrygram-Mac/macOS-Swift
    builtin-SwiftPerFileCompile SyncCore_AppConfiguration.swift

SwiftCompile normal arm64 /Users/buddhirajgautam/Documents/Cherrygram-Mac/macOS-Swift/submodules/telegram-ios/submodules/TelegramCore/Sources/SyncCore/SyncCore_ArchivedStickerPacksInfo.swift (in target 'TelegramCore' from project 'TelegramCore')
    cd /Users/buddhirajgautam/Documents/Cherrygram-Mac/macOS-Swift
    builtin-SwiftPerFileCompile SyncCore_ArchivedStickerPacksInfo.swift

SwiftCompile normal arm64 /Users/buddhirajgautam/Documents/Cherrygram-Mac/macOS-Swift/submodules/telegram-ios/submodules/TelegramCore/Sources/SyncCore/SyncCore_AudioTranscriptionMessageAttribute.swift (in target 'TelegramCore' from project 'TelegramCore')
    cd /Users/buddhirajgautam/Documents/Cherrygram-Mac/macOS-Swift
    builtin-SwiftPerFileCompile SyncCore_AudioTranscriptionMessageAttribute.swift

SwiftCompile normal arm64 /Users/buddhirajgautam/Documents/Cherrygram-Mac/macOS-Swift/submodules/telegram-ios/submodules/TelegramCore/Sources/SyncCore/SyncCore_AuthSessionInfoAttribute.swift (in target 'TelegramCore' from project 'TelegramCore')
    cd /Users/buddhirajgautam/Documents/Cherrygram-Mac/macOS-Swift
    builtin-SwiftPerFileCompile SyncCore_AuthSessionInfoAttribute.swift

SwiftCompile normal arm64 /Users/buddhirajgautam/Documents/Cherrygram-Mac/macOS-Swift/submodules/telegram-ios/submodules/TelegramCore/Sources/SyncCore/SyncCore_AuthorSignatureMessageAttribute.swift (in target 'TelegramCore' from project 'TelegramCore')
    cd /Users/buddhirajgautam/Documents/Cherrygram-Mac/macOS-Swift
    builtin-SwiftPerFileCompile SyncCore_AuthorSignatureMessageAttribute.swift

SwiftDriverJobDiscovery normal arm64 Compiling MessageHistoryMetadataTable.swift, MessageHistoryOperation.swift, MessageHistoryReadStateTable.swift, MessageHistorySavedMessagesIndexView.swift, MessageHistorySavedMessagesStatsView.swift, MessageHistorySynchronizeReadStateTable.swift, MessageHistoryTable.swift, MessageHistoryTagSummaryView.swift, MessageHistoryTagsSummaryTable.swift, MessageHistoryTagsTable.swift, MessageHistoryTextIndexTable.swift, MessageHistoryThreadHoleIndexTable.swift, MessageHistoryThreadIndexView.swift, MessageHistoryThreadsTable.swift, MessageHistoryUnsentTable.swift, MessageHistoryView.swift, MessageHistoryViewEntryAttributes.swift, MessageHistoryViewState.swift, MessageMediaTable.swift, MessageOfInterestHolesView.swift, MessageThreadIndexTable.swift, MessageView.swift, MessagesView.swift, MetadataTable.swift (in target 'Postbox' from project 'Postbox')

SwiftCompile normal arm64 Compiling\ TelegramUser.swift,\ TelegramUserPresence.swift,\ TextEntitiesMessageAttribute.swift,\ Theme.swift,\ Wallpaper.swift,\ Authorization.swift,\ ForumChannels.swift,\ LoadedPeer.swift,\ LoadedPeerFromMessage.swift,\ GroupReturnAndLeft.swift,\ MacInternal.swift,\ NotificationAutolockReportManager.swift,\ TelegramApplicationIcons.swift,\ Download.swift,\ FetchHttpResource.swift,\ FetchV2.swift,\ FetchedMediaResource.swift,\ MultipartFetch.swift,\ MultipartUpload.swift,\ MultiplexedRequestManager.swift,\ Network.swift,\ NetworkFrameworkTcpConnectionInterface.swift,\ NetworkStatsContext.swift,\ NetworkType.swift,\ ProxyServersStatuses.swift /Users/buddhirajgautam/Documents/Cherrygram-Mac/macOS-Swift/submodules/telegram-ios/submodules/TelegramCore/Sources/ApiUtils/TelegramUser.swift /Users/buddhirajgautam/Documents/Cherrygram-Mac/macOS-Swift/submodules/telegram-ios/submodules/TelegramCore/Sources/ApiUtils/TelegramUserPresence.swift /Users/buddhirajgautam/Documents/Cherrygram-Mac/macOS-Swift/submodules/telegram-ios/submodules/TelegramCore/Sources/ApiUtils/TextEntitiesMessageAttribute.swift /Users/buddhirajgautam/Documents/Cherrygram-Mac/macOS-Swift/submodules/telegram-ios/submodules/TelegramCore/Sources/ApiUtils/Theme.swift /Users/buddhirajgautam/Documents/Cherrygram-Mac/macOS-Swift/submodules/telegram-ios/submodules/TelegramCore/Sources/ApiUtils/Wallpaper.swift /Users/buddhirajgautam/Documents/Cherrygram-Mac/macOS-Swift/submodules/telegram-ios/submodules/TelegramCore/Sources/Authorization.swift /Users/buddhirajgautam/Documents/Cherrygram-Mac/macOS-Swift/submodules/telegram-ios/submodules/TelegramCore/Sources/ForumChannels.swift /Users/buddhirajgautam/Documents/Cherrygram-Mac/macOS-Swift/submodules/telegram-ios/submodules/TelegramCore/Sources/LoadedPeer.swift /Users/buddhirajgautam/Documents/Cherrygram-Mac/macOS-Swift/submodules/telegram-ios/submodules/TelegramCore/Sources/LoadedPeerFromMessage.swift /Users/buddhirajgautam/Documents/Cherrygram-Mac/macOS-Swift/submodules/telegram-ios/submodules/TelegramCore/Sources/MacOS/GroupReturnAndLeft.swift /Users/buddhirajgautam/Documents/Cherrygram-Mac/macOS-Swift/submodules/telegram-ios/submodules/TelegramCore/Sources/MacOS/MacInternal.swift /Users/buddhirajgautam/Documents/Cherrygram-Mac/macOS-Swift/submodules/telegram-ios/submodules/TelegramCore/Sources/MacOS/NotificationAutolockReportManager.swift /Users/buddhirajgautam/Documents/Cherrygram-Mac/macOS-Swift/submodules/telegram-ios/submodules/TelegramCore/Sources/MacOS/TelegramApplicationIcons.swift /Users/buddhirajgautam/Documents/Cherrygram-Mac/macOS-Swift/submodules/telegram-ios/submodules/TelegramCore/Sources/Network/Download.swift /Users/buddhirajgautam/Documents/Cherrygram-Mac/macOS-Swift/submodules/telegram-ios/submodules/TelegramCore/Sources/Network/FetchHttpResource.swift /Users/buddhirajgautam/Documents/Cherrygram-Mac/macOS-Swift/submodules/telegram-ios/submodules/TelegramCore/Sources/Network/FetchV2.swift /Users/buddhirajgautam/Documents/Cherrygram-Mac/macOS-Swift/submodules/telegram-ios/submodules/TelegramCore/Sources/Network/FetchedMediaResource.swift /Users/buddhirajgautam/Documents/Cherrygram-Mac/macOS-Swift/submodules/telegram-ios/submodules/TelegramCore/Sources/Network/MultipartFetch.swift /Users/buddhirajgautam/Documents/Cherrygram-Mac/macOS-Swift/submodules/telegram-ios/submodules/TelegramCore/Sources/Network/MultipartUpload.swift /Users/buddhirajgautam/Documents/Cherrygram-Mac/macOS-Swift/submodules/telegram-ios/submodules/TelegramCore/Sources/Network/MultiplexedRequestManager.swift /Users/buddhirajgautam/Documents/Cherrygram-Mac/macOS-Swift/submodules/telegram-ios/submodules/TelegramCore/Sources/Network/Network.swift /Users/buddhirajgautam/Documents/Cherrygram-Mac/macOS-Swift/submodules/telegram-ios/submodules/TelegramCore/Sources/Network/NetworkFrameworkTcpConnectionInterface.swift /Users/buddhirajgautam/Documents/Cherrygram-Mac/macOS-Swift/submodules/telegram-ios/submodules/TelegramCore/Sources/Network/NetworkStatsContext.swift /Users/buddhirajgautam/Documents/Cherrygram-Mac/macOS-Swift/submodules/telegram-ios/submodules/TelegramCore/Sources/Network/NetworkType.swift /Users/buddhirajgautam/Documents/Cherrygram-Mac/macOS-Swift/submodules/telegram-ios/submodules/TelegramCore/Sources/Network/ProxyServersStatuses.swift (in target 'TelegramCore' from project 'TelegramCore')

SwiftCompile normal arm64 /Users/buddhirajgautam/Documents/Cherrygram-Mac/macOS-Swift/submodules/telegram-ios/submodules/TelegramCore/Sources/ApiUtils/TelegramUser.swift (in target 'TelegramCore' from project 'TelegramCore')
    cd /Users/buddhirajgautam/Documents/Cherrygram-Mac/macOS-Swift
    builtin-SwiftPerFileCompile TelegramUser.swift

SwiftCompile normal arm64 /Users/buddhirajgautam/Documents/Cherrygram-Mac/macOS-Swift/submodules/telegram-ios/submodules/TelegramCore/Sources/ApiUtils/TelegramUserPresence.swift (in target 'TelegramCore' from project 'TelegramCore')
    cd /Users/buddhirajgautam/Documents/Cherrygram-Mac/macOS-Swift
    builtin-SwiftPerFileCompile TelegramUserPresence.swift

SwiftCompile normal arm64 /Users/buddhirajgautam/Documents/Cherrygram-Mac/macOS-Swift/submodules/telegram-ios/submodules/TelegramCore/Sources/ApiUtils/TextEntitiesMessageAttribute.swift (in target 'TelegramCore' from project 'TelegramCore')
    cd /Users/buddhirajgautam/Documents/Cherrygram-Mac/macOS-Swift
    builtin-SwiftPerFileCompile TextEntitiesMessageAttribute.swift

SwiftCompile normal arm64 /Users/buddhirajgautam/Documents/Cherrygram-Mac/macOS-Swift/submodules/telegram-ios/submodules/TelegramCore/Sources/ApiUtils/Theme.swift (in target 'TelegramCore' from project 'TelegramCore')
    cd /Users/buddhirajgautam/Documents/Cherrygram-Mac/macOS-Swift
    builtin-SwiftPerFileCompile Theme.swift

SwiftCompile normal arm64 /Users/buddhirajgautam/Documents/Cherrygram-Mac/macOS-Swift/submodules/telegram-ios/submodules/TelegramCore/Sources/ApiUtils/Wallpaper.swift (in target 'TelegramCore' from project 'TelegramCore')
    cd /Users/buddhirajgautam/Documents/Cherrygram-Mac/macOS-Swift
    builtin-SwiftPerFileCompile Wallpaper.swift

SwiftCompile normal arm64 /Users/buddhirajgautam/Documents/Cherrygram-Mac/macOS-Swift/submodules/telegram-ios/submodules/TelegramCore/Sources/Authorization.swift (in target 'TelegramCore' from project 'TelegramCore')
    cd /Users/buddhirajgautam/Documents/Cherrygram-Mac/macOS-Swift
    builtin-SwiftPerFileCompile Authorization.swift

SwiftCompile normal arm64 /Users/buddhirajgautam/Documents/Cherrygram-Mac/macOS-Swift/submodules/telegram-ios/submodules/TelegramCore/Sources/ForumChannels.swift (in target 'TelegramCore' from project 'TelegramCore')
    cd /Users/buddhirajgautam/Documents/Cherrygram-Mac/macOS-Swift
    builtin-SwiftPerFileCompile ForumChannels.swift

SwiftCompile normal arm64 /Users/buddhirajgautam/Documents/Cherrygram-Mac/macOS-Swift/submodules/telegram-ios/submodules/TelegramCore/Sources/LoadedPeer.swift (in target 'TelegramCore' from project 'TelegramCore')
    cd /Users/buddhirajgautam/Documents/Cherrygram-Mac/macOS-Swift
    builtin-SwiftPerFileCompile LoadedPeer.swift

SwiftCompile normal arm64 /Users/buddhirajgautam/Documents/Cherrygram-Mac/macOS-Swift/submodules/telegram-ios/submodules/TelegramCore/Sources/LoadedPeerFromMessage.swift (in target 'TelegramCore' from project 'TelegramCore')
    cd /Users/buddhirajgautam/Documents/Cherrygram-Mac/macOS-Swift
    builtin-SwiftPerFileCompile LoadedPeerFromMessage.swift

SwiftCompile normal arm64 /Users/buddhirajgautam/Documents/Cherrygram-Mac/macOS-Swift/submodules/telegram-ios/submodules/TelegramCore/Sources/MacOS/GroupReturnAndLeft.swift (in target 'TelegramCore' from project 'TelegramCore')
    cd /Users/buddhirajgautam/Documents/Cherrygram-Mac/macOS-Swift
    builtin-SwiftPerFileCompile GroupReturnAndLeft.swift

SwiftCompile normal arm64 /Users/buddhirajgautam/Documents/Cherrygram-Mac/macOS-Swift/submodules/telegram-ios/submodules/TelegramCore/Sources/MacOS/MacInternal.swift (in target 'TelegramCore' from project 'TelegramCore')
    cd /Users/buddhirajgautam/Documents/Cherrygram-Mac/macOS-Swift
    builtin-SwiftPerFileCompile MacInternal.swift

SwiftCompile normal arm64 /Users/buddhirajgautam/Documents/Cherrygram-Mac/macOS-Swift/submodules/telegram-ios/submodules/TelegramCore/Sources/MacOS/NotificationAutolockReportManager.swift (in target 'TelegramCore' from project 'TelegramCore')
    cd /Users/buddhirajgautam/Documents/Cherrygram-Mac/macOS-Swift
    builtin-SwiftPerFileCompile NotificationAutolockReportManager.swift

SwiftCompile normal arm64 /Users/buddhirajgautam/Documents/Cherrygram-Mac/macOS-Swift/submodules/telegram-ios/submodules/TelegramCore/Sources/MacOS/TelegramApplicationIcons.swift (in target 'TelegramCore' from project 'TelegramCore')
    cd /Users/buddhirajgautam/Documents/Cherrygram-Mac/macOS-Swift
    builtin-SwiftPerFileCompile TelegramApplicationIcons.swift

SwiftCompile normal arm64 /Users/buddhirajgautam/Documents/Cherrygram-Mac/macOS-Swift/submodules/telegram-ios/submodules/TelegramCore/Sources/Network/Download.swift (in target 'TelegramCore' from project 'TelegramCore')
    cd /Users/buddhirajgautam/Documents/Cherrygram-Mac/macOS-Swift
    builtin-SwiftPerFileCompile Download.swift

SwiftCompile normal arm64 /Users/buddhirajgautam/Documents/Cherrygram-Mac/macOS-Swift/submodules/telegram-ios/submodules/TelegramCore/Sources/Network/FetchHttpResource.swift (in target 'TelegramCore' from project 'TelegramCore')
    cd /Users/buddhirajgautam/Documents/Cherrygram-Mac/macOS-Swift
    builtin-SwiftPerFileCompile FetchHttpResource.swift

SwiftCompile normal arm64 /Users/buddhirajgautam/Documents/Cherrygram-Mac/macOS-Swift/submodules/telegram-ios/submodules/TelegramCore/Sources/Network/FetchV2.swift (in target 'TelegramCore' from project 'TelegramCore')
    cd /Users/buddhirajgautam/Documents/Cherrygram-Mac/macOS-Swift
    builtin-SwiftPerFileCompile FetchV2.swift

SwiftCompile normal arm64 /Users/buddhirajgautam/Documents/Cherrygram-Mac/macOS-Swift/submodules/telegram-ios/submodules/TelegramCore/Sources/Network/FetchedMediaResource.swift (in target 'TelegramCore' from project 'TelegramCore')
    cd /Users/buddhirajgautam/Documents/Cherrygram-Mac/macOS-Swift
    builtin-SwiftPerFileCompile FetchedMediaResource.swift

SwiftCompile normal arm64 /Users/buddhirajgautam/Documents/Cherrygram-Mac/macOS-Swift/submodules/telegram-ios/submodules/TelegramCore/Sources/Network/MultipartFetch.swift (in target 'TelegramCore' from project 'TelegramCore')
    cd /Users/buddhirajgautam/Documents/Cherrygram-Mac/macOS-Swift
    builtin-SwiftPerFileCompile MultipartFetch.swift

SwiftCompile normal arm64 /Users/buddhirajgautam/Documents/Cherrygram-Mac/macOS-Swift/submodules/telegram-ios/submodules/TelegramCore/Sources/Network/MultipartUpload.swift (in target 'TelegramCore' from project 'TelegramCore')
    cd /Users/buddhirajgautam/Documents/Cherrygram-Mac/macOS-Swift
    builtin-SwiftPerFileCompile MultipartUpload.swift

SwiftCompile normal arm64 /Users/buddhirajgautam/Documents/Cherrygram-Mac/macOS-Swift/submodules/telegram-ios/submodules/TelegramCore/Sources/Network/MultiplexedRequestManager.swift (in target 'TelegramCore' from project 'TelegramCore')
    cd /Users/buddhirajgautam/Documents/Cherrygram-Mac/macOS-Swift
    builtin-SwiftPerFileCompile MultiplexedRequestManager.swift

SwiftCompile normal arm64 /Users/buddhirajgautam/Documents/Cherrygram-Mac/macOS-Swift/submodules/telegram-ios/submodules/TelegramCore/Sources/Network/Network.swift (in target 'TelegramCore' from project 'TelegramCore')
    cd /Users/buddhirajgautam/Documents/Cherrygram-Mac/macOS-Swift
    builtin-SwiftPerFileCompile Network.swift

SwiftCompile normal arm64 /Users/buddhirajgautam/Documents/Cherrygram-Mac/macOS-Swift/submodules/telegram-ios/submodules/TelegramCore/Sources/Network/NetworkFrameworkTcpConnectionInterface.swift (in target 'TelegramCore' from project 'TelegramCore')
    cd /Users/buddhirajgautam/Documents/Cherrygram-Mac/macOS-Swift
    builtin-SwiftPerFileCompile NetworkFrameworkTcpConnectionInterface.swift

SwiftCompile normal arm64 /Users/buddhirajgautam/Documents/Cherrygram-Mac/macOS-Swift/submodules/telegram-ios/submodules/TelegramCore/Sources/Network/NetworkStatsContext.swift (in target 'TelegramCore' from project 'TelegramCore')
    cd /Users/buddhirajgautam/Documents/Cherrygram-Mac/macOS-Swift
    builtin-SwiftPerFileCompile NetworkStatsContext.swift

SwiftCompile normal arm64 /Users/buddhirajgautam/Documents/Cherrygram-Mac/macOS-Swift/submodules/telegram-ios/submodules/TelegramCore/Sources/Network/NetworkType.swift (in target 'TelegramCore' from project 'TelegramCore')
    cd /Users/buddhirajgautam/Documents/Cherrygram-Mac/macOS-Swift
    builtin-SwiftPerFileCompile NetworkType.swift

SwiftCompile normal arm64 /Users/buddhirajgautam/Documents/Cherrygram-Mac/macOS-Swift/submodules/telegram-ios/submodules/TelegramCore/Sources/Network/ProxyServersStatuses.swift (in target 'TelegramCore' from project 'TelegramCore')
    cd /Users/buddhirajgautam/Documents/Cherrygram-Mac/macOS-Swift
    builtin-SwiftPerFileCompile ProxyServersStatuses.swift

/Users/buddhirajgautam/Documents/Cherrygram-Mac/macOS-Swift/submodules/telegram-ios/submodules/TelegramCore/Sources/Network/Download.swift:462:45: warning: 'weak' ownership of capture 'requestService' differs from implicitly-captured strong reference in outer scope [#ImplicitStrongCapture]
412 |     func rawRequest(_ data: (FunctionDescription, Buffer, (Buffer) -> Any?), automaticFloodWait: Bool = true, onFloodWaitError: ((String) -> Void)? = nil, failOnServerErrors: Bool = false, logPrefix: String = "", expectedResponseSize: Int32? = nil) -> Signal<(Any, NetworkResponseInfo), (MTRpcError, Double)> {
413 |         let requestService = self.requestService
414 |         return Signal { subscriber in
    |                       |- note: 'requestService' implicitly strongly captured here
    |                       `- note: add 'requestService' as a capture list item to silence
415 |             let request = MTRequest()
416 |             request.expectedResponseSize = expectedResponseSize ?? 0
    :
460 |             requestService.add(request)
461 |             
462 |             return ActionDisposable { [weak requestService] in
    |                                             |- warning: 'weak' ownership of capture 'requestService' differs from implicitly-captured strong reference in outer scope [#ImplicitStrongCapture]
    |                                             `- note: explicitly assign the capture list item to silence
463 |                 requestService?.removeRequest(byInternalId: internalId)
464 |             }

/Users/buddhirajgautam/Documents/Cherrygram-Mac/macOS-Swift/submodules/telegram-ios/submodules/TelegramCore/Sources/Network/MultipartUpload.swift:209:65: warning: 'weak' ownership of capture 'self' differs from implicitly-captured strong reference in outer scope [#ImplicitStrongCapture]
205 |     
206 |     func start() {
207 |         self.queue.async {
    |                          |- note: 'self' implicitly strongly captured here
    |                          `- note: add 'self' as a capture list item to silence
208 |             self.dataDisposable.set((self.dataSignal
209 |             |> deliverOn(self.queue)).startStrict(next: { [weak self] data in
    |                                                                 |- warning: 'weak' ownership of capture 'self' differs from implicitly-captured strong reference in outer scope [#ImplicitStrongCapture]
    |                                                                 `- note: explicitly assign the capture list item to silence
210 |                 if let strongSelf = self {
211 |                     strongSelf.resourceData = data

/Users/buddhirajgautam/Documents/Cherrygram-Mac/macOS-Swift/submodules/telegram-ios/submodules/TelegramCore/Sources/Network/MultipartUpload.swift:473:62: warning: 'weak' ownership of capture 'network' differs from implicitly-captured strong reference in outer scope [#ImplicitStrongCapture]
420 |     
421 |     return uploadInterface
422 |     |> mapToSignalPromotingError { uploadInterface -> Signal<MultipartUploadResult, MultipartUploadError> in
    |                                  |- note: 'network' implicitly strongly captured here
    |                                  `- note: add 'network' as a capture list item to silence
423 |         return Signal { subscriber in
424 |             var encryptionKey: SecretFileEncryptionKey?
    :
471 |             }
472 |             
473 |             let onFloodWaitError: (String) -> Void = { [weak network] error in
    |                                                              |- warning: 'weak' ownership of capture 'network' differs from implicitly-captured strong reference in outer scope [#ImplicitStrongCapture]
    |                                                              `- note: explicitly assign the capture list item to silence
474 |                 guard let network else {
475 |                     return

/Users/buddhirajgautam/Documents/Cherrygram-Mac/macOS-Swift/submodules/telegram-ios/submodules/TelegramCore/Sources/Network/Network.swift:1134:45: warning: 'weak' ownership of capture 'requestService' differs from implicitly-captured strong reference in outer scope [#ImplicitStrongCapture]
1068 |     public func requestWithAdditionalInfo<T>(_ data: (FunctionDescription, Buffer, DeserializeFunctionResponse<T>), info: NetworkRequestAdditionalInfo, tag: NetworkRequestDependencyTag? = nil, automaticFloodWait: Bool = true, onFloodWaitError: ((String) -> Void)? = nil) -> Signal<NetworkRequestResult<T>, MTRpcError> {
1069 |         let requestService = self.requestService
1070 |         return Signal { subscriber in
     |                       |- note: 'requestService' implicitly strongly captured here
     |                       `- note: add 'requestService' as a capture list item to silence
1071 |             let request = MTRequest()
1072 |             
     :
1132 |             requestService.add(request)
1133 |             
1134 |             return ActionDisposable { [weak requestService] in
     |                                             |- warning: 'weak' ownership of capture 'requestService' differs from implicitly-captured strong reference in outer scope [#ImplicitStrongCapture]
     |                                             `- note: explicitly assign the capture list item to silence
1135 |                 requestService?.removeRequest(byInternalId: internalId)
1136 |             }

/Users/buddhirajgautam/Documents/Cherrygram-Mac/macOS-Swift/submodules/telegram-ios/submodules/TelegramCore/Sources/Network/Network.swift:1194:45: warning: 'weak' ownership of capture 'requestService' differs from implicitly-captured strong reference in outer scope [#ImplicitStrongCapture]
1140 |     public func request<T>(_ data: (FunctionDescription, Buffer, DeserializeFunctionResponse<T>), tag: NetworkRequestDependencyTag? = nil, automaticFloodWait: Bool = true, onFloodWaitError: ((String) -> Void)? = nil) -> Signal<T, MTRpcError> {
1141 |         let requestService = self.requestService
1142 |         return Signal { subscriber in
     |                       |- note: 'requestService' implicitly strongly captured here
     |                       `- note: add 'requestService' as a capture list item to silence
1143 |             let request = MTRequest()
1144 |             
     :
1192 |             requestService.add(request)
1193 |             
1194 |             return ActionDisposable { [weak requestService] in
     |                                             |- warning: 'weak' ownership of capture 'requestService' differs from implicitly-captured strong reference in outer scope [#ImplicitStrongCapture]
     |                                             `- note: explicitly assign the capture list item to silence
1195 |                 requestService?.removeRequest(byInternalId: internalId)
1196 |             }

/Users/buddhirajgautam/Documents/Cherrygram-Mac/macOS-Swift/submodules/telegram-ios/submodules/TelegramCore/Sources/Network/NetworkFrameworkTcpConnectionInterface.swift:166:26: warning: weak variable 'delegate' was never mutated; consider changing to 'let' constant [#VariableNeverMutated::WeakMutability]
164 |                 }
165 |                 
166 |                 weak var delegate = self.delegate
    |                          `- warning: weak variable 'delegate' was never mutated; consider changing to 'let' constant [#VariableNeverMutated::WeakMutability]
167 |                 self.delegateQueue.async {
168 |                     if let delegate = delegate {

/Users/buddhirajgautam/Documents/Cherrygram-Mac/macOS-Swift/submodules/telegram-ios/submodules/TelegramCore/Sources/Network/NetworkFrameworkTcpConnectionInterface.swift:224:26: warning: weak variable 'delegate' was never mutated; consider changing to 'let' constant [#VariableNeverMutated::WeakMutability]
222 |                 self.currentReadRequest = nil
223 |                 
224 |                 weak var delegate = self.delegate
    |                          `- warning: weak variable 'delegate' was never mutated; consider changing to 'let' constant [#VariableNeverMutated::WeakMutability]
225 |                 let currentInterfaceIsWifi = self.currentInterfaceIsWifi
226 |                 self.delegateQueue.async {

/Users/buddhirajgautam/Documents/Cherrygram-Mac/macOS-Swift/submodules/telegram-ios/submodules/TelegramCore/Sources/Network/NetworkFrameworkTcpConnectionInterface.swift:252:38: warning: weak variable 'delegate' was never mutated; consider changing to 'let' constant [#VariableNeverMutated::WeakMutability]
250 |                             let tag = currentReadRequest.request.tag
251 |                             let readCount = data.count
252 |                             weak var delegate = self.delegate
    |                                      `- warning: weak variable 'delegate' was never mutated; consider changing to 'let' constant [#VariableNeverMutated::WeakMutability]
253 |                             self.delegateQueue.async {
254 |                                 if let delegate = delegate {

/Users/buddhirajgautam/Documents/Cherrygram-Mac/macOS-Swift/submodules/telegram-ios/submodules/TelegramCore/Sources/Network/NetworkFrameworkTcpConnectionInterface.swift:282:26: warning: weak variable 'delegate' was never mutated; consider changing to 'let' constant [#VariableNeverMutated::WeakMutability]
280 |             if !self.reportedDisconnection {
281 |                 self.reportedDisconnection = true
282 |                 weak var delegate = self.delegate
    |                          `- warning: weak variable 'delegate' was never mutated; consider changing to 'let' constant [#VariableNeverMutated::WeakMutability]
283 |                 self.delegateQueue.async {
284 |                     if let delegate = delegate {

[#ImplicitStrongCapture]: <https://docs.swift.org/compiler/documentation/diagnostics/implicit-strong-capture>
[#VariableNeverMutated]: <https://docs.swift.org/compiler/documentation/diagnostics/variable-never-mutated>
[#WeakMutability]: <https://docs.swift.org/compiler/documentation/diagnostics/weak-mutability>
SwiftDriverJobDiscovery normal arm64 Emitting module for TGUIKit (in target 'TGUIKit' from project 'TGUIKit')

SwiftDriver\ Compilation\ Requirements TGUIKit normal arm64 com.apple.xcode.tools.swift.compiler (in target 'TGUIKit' from project 'TGUIKit')
    cd /Users/buddhirajgautam/Documents/Cherrygram-Mac/macOS-Swift
    builtin-Swift-Compilation-Requirements -- /Applications/Xcode.app/Contents/Developer/Toolchains/XcodeDefault.xctoolchain/usr/bin/swiftc -parse-as-library -module-name TGUIKit -Onone @/Users/buddhirajgautam/Library/Developer/Xcode/DerivedData/Telegram-Mac-fygdgghdgmuleoelvxabfmqiotta/Build/Intermediates.noindex/TGUIKit.build/Debug/TGUIKit-t.build/Objects-normal/arm64/TGUIKit.SwiftFileList -DSWIFT_PACKAGE -DDEBUG -DSWIFT_MODULE_RESOURCE_BUNDLE_UNAVAILABLE -Xcc -fmodule-map-file\=/Users/buddhirajgautam/Library/Developer/Xcode/DerivedData/Telegram-Mac-fygdgghdgmuleoelvxabfmqiotta/Build/Intermediates.noindex/GeneratedModuleMaps/ObjcUtils.modulemap -DXcode -plugin-path /Applications/Xcode.app/Contents/Developer/Toolchains/XcodeDefault.xctoolchain/usr/lib/swift/host/plugins/testing -enable-experimental-feature DebugDescriptionMacro -sdk /Applications/Xcode.app/Contents/Developer/Platforms/MacOSX.platform/Developer/SDKs/MacOSX27.0.sdk -target arm64-apple-macos12.0 -g -module-cache-path /Users/buddhirajgautam/Library/Developer/Xcode/DerivedData/ModuleCache.noindex -Xfrontend -serialize-debugging-options -profile-coverage-mapping -profile-generate -enable-testing -index-store-path /Users/buddhirajgautam/Library/Developer/Xcode/DerivedData/Telegram-Mac-fygdgghdgmuleoelvxabfmqiotta/Index.noindex/DataStore -Xcc -D_LIBCPP_HARDENING_MODE\=_LIBCPP_HARDENING_MODE_DEBUG -swift-version 5 -I /Users/buddhirajgautam/Library/Developer/Xcode/DerivedData/Telegram-Mac-fygdgghdgmuleoelvxabfmqiotta/Build/Products/Debug -Isystem /Applications/Xcode.app/Contents/Developer/Platforms/MacOSX.platform/Developer/usr/lib -F /Users/buddhirajgautam/Library/Developer/Xcode/DerivedData/Telegram-Mac-fygdgghdgmuleoelvxabfmqiotta/Build/Products/Debug/PackageFrameworks -F /Users/buddhirajgautam/Library/Developer/Xcode/DerivedData/Telegram-Mac-fygdgghdgmuleoelvxabfmqiotta/Build/Products/Debug -F /Applications/Xcode.app/Contents/Developer/Platforms/MacOSX.platform/Developer/Library/Frameworks -c -j8 -enable-batch-mode -incremental -Xcc -ivfsstatcache -Xcc /Users/buddhirajgautam/Library/Developer/Xcode/DerivedData/SDKStatCaches.noindex/macosx27.0-26A425-e829b21a6f8c9b70876ba0858053c0447231f6df4def33e022ae2eb8f782df1a.sdkstatcache -output-file-map /Users/buddhirajgautam/Library/Developer/Xcode/DerivedData/Telegram-Mac-fygdgghdgmuleoelvxabfmqiotta/Build/Intermediates.noindex/TGUIKit.build/Debug/TGUIKit-t.build/Objects-normal/arm64/TGUIKit-OutputFileMap.json -save-temps -no-color-diagnostics -explicit-module-build -module-cache-path /Users/buddhirajgautam/Library/Developer/Xcode/DerivedData/Telegram-Mac-fygdgghdgmuleoelvxabfmqiotta/Build/Intermediates.noindex/SwiftExplicitPrecompiledModules -clang-scanner-module-cache-path /Users/buddhirajgautam/Library/Developer/Xcode/DerivedData/ModuleCache.noindex -sdk-module-cache-path /Users/buddhirajgautam/Library/Developer/Xcode/DerivedData/SDKExplicitPrecompiledModules -emit-dependencies -emit-module -emit-module-path /Users/buddhirajgautam/Library/Developer/Xcode/DerivedData/Telegram-Mac-fygdgghdgmuleoelvxabfmqiotta/Build/Intermediates.noindex/TGUIKit.build/Debug/TGUIKit-t.build/Objects-normal/arm64/TGUIKit.swiftmodule -serialize-diagnostics -dependency-scan-serialize-diagnostics-path /Users/buddhirajgautam/Library/Developer/Xcode/DerivedData/Telegram-Mac-fygdgghdgmuleoelvxabfmqiotta/Build/Intermediates.noindex/TGUIKit.build/Debug/TGUIKit-t.build/Objects-normal/arm64/TGUIKit-dependency-scan.dia -validate-clang-modules-once -clang-build-session-file /Users/buddhirajgautam/Library/Developer/Xcode/DerivedData/ModuleCache.noindex/Session.modulevalidation -Xcc -fmodules-prune-interval\=86400 -Xcc -fmodules-prune-after\=345600 -emit-const-values -const-gather-protocols-list /Users/buddhirajgautam/Library/Developer/Xcode/DerivedData/Telegram-Mac-fygdgghdgmuleoelvxabfmqiotta/Build/Intermediates.noindex/TGUIKit.build/Debug/TGUIKit-t.build/Objects-normal/arm64/TGUIKit_const_extract_protocols.json -Xcc -I/Users/buddhirajgautam/Documents/Cherrygram-Mac/macOS-Swift/packages/ObjcUtils/Sources/ObjcUtils -Xcc -I/Users/buddhirajgautam/Library/Developer/Xcode/DerivedData/Telegram-Mac-fygdgghdgmuleoelvxabfmqiotta/Build/Products/Debug/include -Xcc -I/Users/buddhirajgautam/Library/Developer/Xcode/DerivedData/Telegram-Mac-fygdgghdgmuleoelvxabfmqiotta/Build/Intermediates.noindex/TGUIKit.build/Debug/TGUIKit-t.build/DerivedSources-normal/arm64 -Xcc -I/Users/buddhirajgautam/Library/Developer/Xcode/DerivedData/Telegram-Mac-fygdgghdgmuleoelvxabfmqiotta/Build/Intermediates.noindex/TGUIKit.build/Debug/TGUIKit-t.build/DerivedSources/arm64 -Xcc -I/Users/buddhirajgautam/Library/Developer/Xcode/DerivedData/Telegram-Mac-fygdgghdgmuleoelvxabfmqiotta/Build/Intermediates.noindex/TGUIKit.build/Debug/TGUIKit-t.build/DerivedSources -Xcc -DSWIFT_PACKAGE -Xcc -DDEBUG\=1 -emit-objc-header -emit-objc-header-path /Users/buddhirajgautam/Library/Developer/Xcode/DerivedData/Telegram-Mac-fygdgghdgmuleoelvxabfmqiotta/Build/Intermediates.noindex/TGUIKit.build/Debug/TGUIKit-t.build/Objects-normal/arm64/TGUIKit-Swift.h -working-directory /Users/buddhirajgautam/Documents/Cherrygram-Mac/macOS-Swift -experimental-emit-module-separately -disable-cmo

SwiftDriverJobDiscovery normal arm64 Compiling AnimatableProperty.swift, AnimationBlockDelegate.swift, AnimationStyle.swift, AppMenu.swift, AppMenuController.swift, AppMenuRowItem.swift, BackNavigationBar.swift, BadgeNode.swift, BarView.swift, Button.swift, CAAnimationUtils.swift, CatalinaStyledSegmentController.swift, CheckBox.swift, ConfettiDustInkView.swift, ContainableController.swift, ContextMenu.swift (in target 'TGUIKit' from project 'TGUIKit')

SwiftCompile normal arm64 Compiling\ SyncCore_SecretChatOutgoingOperation.swift,\ SyncCore_SecretChatSettings.swift,\ SyncCore_SecretChatState.swift,\ SyncCore_SecretFileEncryptionKey.swift,\ SyncCore_SecureFileMediaResource.swift,\ SyncCore_SecureIdFileReference.swift,\ SyncCore_SendAsMessageAttribute.swift,\ SyncCore_SendScheduledMessageImmediatelyAction.swift,\ SyncCore_SourceReferenceMessageAttribute.swift,\ SyncCore_StandaloneAccountTransaction.swift,\ SyncCore_StickerPackCollectionInfo.swift,\ SyncCore_StickerPackItem.swift,\ SyncCore_SuggestedLocalizationEntry.swift,\ SyncCore_SuggestedLocalizationUpdatesOperation.swift,\ SyncCore_SynchronizeAppLogEventsOperation.swift,\ SyncCore_SynchronizeChatInputStateOperation.swift,\ SyncCore_SynchronizeConsumeMessageContentsOperation.swift,\ SyncCore_SynchronizeEmojiKeywordsOperation.swift,\ SyncCore_SynchronizeGroupedPeersOperation.swift,\ SyncCore_SynchronizeInstalledStickerPacksOperations.swift,\ SyncCore_SynchronizeMarkAllUnseenPersonalMessagesOperation.swift,\ SyncCore_SynchronizePinnedChatsOperation.swift,\ SyncCore_SynchronizeRecentlyUsedMediaOperation.swift,\ SyncCore_SynchronizeSavedGifsOperation.swift /Users/buddhirajgautam/Documents/Cherrygram-Mac/macOS-Swift/submodules/telegram-ios/submodules/TelegramCore/Sources/SyncCore/SyncCore_SecretChatOutgoingOperation.swift /Users/buddhirajgautam/Documents/Cherrygram-Mac/macOS-Swift/submodules/telegram-ios/submodules/TelegramCore/Sources/SyncCore/SyncCore_SecretChatSettings.swift /Users/buddhirajgautam/Documents/Cherrygram-Mac/macOS-Swift/submodules/telegram-ios/submodules/TelegramCore/Sources/SyncCore/SyncCore_SecretChatState.swift /Users/buddhirajgautam/Documents/Cherrygram-Mac/macOS-Swift/submodules/telegram-ios/submodules/TelegramCore/Sources/SyncCore/SyncCore_SecretFileEncryptionKey.swift /Users/buddhirajgautam/Documents/Cherrygram-Mac/macOS-Swift/submodules/telegram-ios/submodules/TelegramCore/Sources/SyncCore/SyncCore_SecureFileMediaResource.swift /Users/buddhirajgautam/Documents/Cherrygram-Mac/macOS-Swift/submodules/telegram-ios/submodules/TelegramCore/Sources/SyncCore/SyncCore_SecureIdFileReference.swift /Users/buddhirajgautam/Documents/Cherrygram-Mac/macOS-Swift/submodules/telegram-ios/submodules/TelegramCore/Sources/SyncCore/SyncCore_SendAsMessageAttribute.swift /Users/buddhirajgautam/Documents/Cherrygram-Mac/macOS-Swift/submodules/telegram-ios/submodules/TelegramCore/Sources/SyncCore/SyncCore_SendScheduledMessageImmediatelyAction.swift /Users/buddhirajgautam/Documents/Cherrygram-Mac/macOS-Swift/submodules/telegram-ios/submodules/TelegramCore/Sources/SyncCore/SyncCore_SourceReferenceMessageAttribute.swift /Users/buddhirajgautam/Documents/Cherrygram-Mac/macOS-Swift/submodules/telegram-ios/submodules/TelegramCore/Sources/SyncCore/SyncCore_StandaloneAccountTransaction.swift /Users/buddhirajgautam/Documents/Cherrygram-Mac/macOS-Swift/submodules/telegram-ios/submodules/TelegramCore/Sources/SyncCore/SyncCore_StickerPackCollectionInfo.swift /Users/buddhirajgautam/Documents/Cherrygram-Mac/macOS-Swift/submodules/telegram-ios/submodules/TelegramCore/Sources/SyncCore/SyncCore_StickerPackItem.swift /Users/buddhirajgautam/Documents/Cherrygram-Mac/macOS-Swift/submodules/telegram-ios/submodules/TelegramCore/Sources/SyncCore/SyncCore_SuggestedLocalizationEntry.swift /Users/buddhirajgautam/Documents/Cherrygram-Mac/macOS-Swift/submodules/telegram-ios/submodules/TelegramCore/Sources/SyncCore/SyncCore_SuggestedLocalizationUpdatesOperation.swift /Users/buddhirajgautam/Documents/Cherrygram-Mac/macOS-Swift/submodules/telegram-ios/submodules/TelegramCore/Sources/SyncCore/SyncCore_SynchronizeAppLogEventsOperation.swift /Users/buddhirajgautam/Documents/Cherrygram-Mac/macOS-Swift/submodules/telegram-ios/submodules/TelegramCore/Sources/SyncCore/SyncCore_SynchronizeChatInputStateOperation.swift /Users/buddhirajgautam/Documents/Cherrygram-Mac/macOS-Swift/submodules/telegram-ios/submodules/TelegramCore/Sources/SyncCore/SyncCore_SynchronizeConsumeMessageContentsOperation.swift /Users/buddhirajgautam/Documents/Cherrygram-Mac/macOS-Swift/submodules/telegram-ios/submodules/TelegramCore/Sources/SyncCore/SyncCore_SynchronizeEmojiKeywordsOperation.swift /Users/buddhirajgautam/Documents/Cherrygram-Mac/macOS-Swift/submodules/telegram-ios/submodules/TelegramCore/Sources/SyncCore/SyncCore_SynchronizeGroupedPeersOperation.swift /Users/buddhirajgautam/Documents/Cherrygram-Mac/macOS-Swift/submodules/telegram-ios/submodules/TelegramCore/Sources/SyncCore/SyncCore_SynchronizeInstalledStickerPacksOperations.swift /Users/buddhirajgautam/Documents/Cherrygram-Mac/macOS-Swift/submodules/telegram-ios/submodules/TelegramCore/Sources/SyncCore/SyncCore_SynchronizeMarkAllUnseenPersonalMessagesOperation.swift /Users/buddhirajgautam/Documents/Cherrygram-Mac/macOS-Swift/submodules/telegram-ios/submodules/TelegramCore/Sources/SyncCore/SyncCore_SynchronizePinnedChatsOperation.swift /Users/buddhirajgautam/Documents/Cherrygram-Mac/macOS-Swift/submodules/telegram-ios/submodules/TelegramCore/Sources/SyncCore/SyncCore_SynchronizeRecentlyUsedMediaOperation.swift /Users/buddhirajgautam/Documents/Cherrygram-Mac/macOS-Swift/submodules/telegram-ios/submodules/TelegramCore/Sources/SyncCore/SyncCore_SynchronizeSavedGifsOperation.swift (in target 'TelegramCore' from project 'TelegramCore')

SwiftCompile normal arm64 /Users/buddhirajgautam/Documents/Cherrygram-Mac/macOS-Swift/submodules/telegram-ios/submodules/TelegramCore/Sources/SyncCore/SyncCore_SecretChatOutgoingOperation.swift (in target 'TelegramCore' from project 'TelegramCore')
    cd /Users/buddhirajgautam/Documents/Cherrygram-Mac/macOS-Swift
    builtin-SwiftPerFileCompile SyncCore_SecretChatOutgoingOperation.swift

SwiftCompile normal arm64 /Users/buddhirajgautam/Documents/Cherrygram-Mac/macOS-Swift/submodules/telegram-ios/submodules/TelegramCore/Sources/SyncCore/SyncCore_SecretChatSettings.swift (in target 'TelegramCore' from project 'TelegramCore')
    cd /Users/buddhirajgautam/Documents/Cherrygram-Mac/macOS-Swift
    builtin-SwiftPerFileCompile SyncCore_SecretChatSettings.swift

SwiftCompile normal arm64 /Users/buddhirajgautam/Documents/Cherrygram-Mac/macOS-Swift/submodules/telegram-ios/submodules/TelegramCore/Sources/SyncCore/SyncCore_SecretChatState.swift (in target 'TelegramCore' from project 'TelegramCore')
    cd /Users/buddhirajgautam/Documents/Cherrygram-Mac/macOS-Swift
    builtin-SwiftPerFileCompile SyncCore_SecretChatState.swift

SwiftCompile normal arm64 /Users/buddhirajgautam/Documents/Cherrygram-Mac/macOS-Swift/submodules/telegram-ios/submodules/TelegramCore/Sources/SyncCore/SyncCore_SecretFileEncryptionKey.swift (in target 'TelegramCore' from project 'TelegramCore')
    cd /Users/buddhirajgautam/Documents/Cherrygram-Mac/macOS-Swift
    builtin-SwiftPerFileCompile SyncCore_SecretFileEncryptionKey.swift

SwiftCompile normal arm64 /Users/buddhirajgautam/Documents/Cherrygram-Mac/macOS-Swift/submodules/telegram-ios/submodules/TelegramCore/Sources/SyncCore/SyncCore_SecureFileMediaResource.swift (in target 'TelegramCore' from project 'TelegramCore')
    cd /Users/buddhirajgautam/Documents/Cherrygram-Mac/macOS-Swift
    builtin-SwiftPerFileCompile SyncCore_SecureFileMediaResource.swift

SwiftCompile normal arm64 /Users/buddhirajgautam/Documents/Cherrygram-Mac/macOS-Swift/submodules/telegram-ios/submodules/TelegramCore/Sources/SyncCore/SyncCore_SecureIdFileReference.swift (in target 'TelegramCore' from project 'TelegramCore')
    cd /Users/buddhirajgautam/Documents/Cherrygram-Mac/macOS-Swift
    builtin-SwiftPerFileCompile SyncCore_SecureIdFileReference.swift

SwiftCompile normal arm64 /Users/buddhirajgautam/Documents/Cherrygram-Mac/macOS-Swift/submodules/telegram-ios/submodules/TelegramCore/Sources/SyncCore/SyncCore_SendAsMessageAttribute.swift (in target 'TelegramCore' from project 'TelegramCore')
    cd /Users/buddhirajgautam/Documents/Cherrygram-Mac/macOS-Swift
    builtin-SwiftPerFileCompile SyncCore_SendAsMessageAttribute.swift

SwiftCompile normal arm64 /Users/buddhirajgautam/Documents/Cherrygram-Mac/macOS-Swift/submodules/telegram-ios/submodules/TelegramCore/Sources/SyncCore/SyncCore_SendScheduledMessageImmediatelyAction.swift (in target 'TelegramCore' from project 'TelegramCore')
    cd /Users/buddhirajgautam/Documents/Cherrygram-Mac/macOS-Swift
    builtin-SwiftPerFileCompile SyncCore_SendScheduledMessageImmediatelyAction.swift

SwiftCompile normal arm64 /Users/buddhirajgautam/Documents/Cherrygram-Mac/macOS-Swift/submodules/telegram-ios/submodules/TelegramCore/Sources/SyncCore/SyncCore_SourceReferenceMessageAttribute.swift (in target 'TelegramCore' from project 'TelegramCore')
    cd /Users/buddhirajgautam/Documents/Cherrygram-Mac/macOS-Swift
    builtin-SwiftPerFileCompile SyncCore_SourceReferenceMessageAttribute.swift

SwiftCompile normal arm64 /Users/buddhirajgautam/Documents/Cherrygram-Mac/macOS-Swift/submodules/telegram-ios/submodules/TelegramCore/Sources/SyncCore/SyncCore_StandaloneAccountTransaction.swift (in target 'TelegramCore' from project 'TelegramCore')
    cd /Users/buddhirajgautam/Documents/Cherrygram-Mac/macOS-Swift
    builtin-SwiftPerFileCompile SyncCore_StandaloneAccountTransaction.swift

SwiftCompile normal arm64 /Users/buddhirajgautam/Documents/Cherrygram-Mac/macOS-Swift/submodules/telegram-ios/submodules/TelegramCore/Sources/SyncCore/SyncCore_StickerPackCollectionInfo.swift (in target 'TelegramCore' from project 'TelegramCore')
    cd /Users/buddhirajgautam/Documents/Cherrygram-Mac/macOS-Swift
    builtin-SwiftPerFileCompile SyncCore_StickerPackCollectionInfo.swift

SwiftCompile normal arm64 /Users/buddhirajgautam/Documents/Cherrygram-Mac/macOS-Swift/submodules/telegram-ios/submodules/TelegramCore/Sources/SyncCore/SyncCore_StickerPackItem.swift (in target 'TelegramCore' from project 'TelegramCore')
    cd /Users/buddhirajgautam/Documents/Cherrygram-Mac/macOS-Swift
    builtin-SwiftPerFileCompile SyncCore_StickerPackItem.swift

SwiftCompile normal arm64 /Users/buddhirajgautam/Documents/Cherrygram-Mac/macOS-Swift/submodules/telegram-ios/submodules/TelegramCore/Sources/SyncCore/SyncCore_SuggestedLocalizationEntry.swift (in target 'TelegramCore' from project 'TelegramCore')
    cd /Users/buddhirajgautam/Documents/Cherrygram-Mac/macOS-Swift
    builtin-SwiftPerFileCompile SyncCore_SuggestedLocalizationEntry.swift

SwiftCompile normal arm64 /Users/buddhirajgautam/Documents/Cherrygram-Mac/macOS-Swift/submodules/telegram-ios/submodules/TelegramCore/Sources/SyncCore/SyncCore_SuggestedLocalizationUpdatesOperation.swift (in target 'TelegramCore' from project 'TelegramCore')
    cd /Users/buddhirajgautam/Documents/Cherrygram-Mac/macOS-Swift
    builtin-SwiftPerFileCompile SyncCore_SuggestedLocalizationUpdatesOperation.swift

SwiftCompile normal arm64 /Users/buddhirajgautam/Documents/Cherrygram-Mac/macOS-Swift/submodules/telegram-ios/submodules/TelegramCore/Sources/SyncCore/SyncCore_SynchronizeAppLogEventsOperation.swift (in target 'TelegramCore' from project 'TelegramCore')
    cd /Users/buddhirajgautam/Documents/Cherrygram-Mac/macOS-Swift
    builtin-SwiftPerFileCompile SyncCore_SynchronizeAppLogEventsOperation.swift

SwiftCompile normal arm64 /Users/buddhirajgautam/Documents/Cherrygram-Mac/macOS-Swift/submodules/telegram-ios/submodules/TelegramCore/Sources/SyncCore/SyncCore_SynchronizeChatInputStateOperation.swift (in target 'TelegramCore' from project 'TelegramCore')
    cd /Users/buddhirajgautam/Documents/Cherrygram-Mac/macOS-Swift
    builtin-SwiftPerFileCompile SyncCore_SynchronizeChatInputStateOperation.swift

SwiftCompile normal arm64 /Users/buddhirajgautam/Documents/Cherrygram-Mac/macOS-Swift/submodules/telegram-ios/submodules/TelegramCore/Sources/SyncCore/SyncCore_SynchronizeConsumeMessageContentsOperation.swift (in target 'TelegramCore' from project 'TelegramCore')
    cd /Users/buddhirajgautam/Documents/Cherrygram-Mac/macOS-Swift
    builtin-SwiftPerFileCompile SyncCore_SynchronizeConsumeMessageContentsOperation.swift

SwiftCompile normal arm64 /Users/buddhirajgautam/Documents/Cherrygram-Mac/macOS-Swift/submodules/telegram-ios/submodules/TelegramCore/Sources/SyncCore/SyncCore_SynchronizeEmojiKeywordsOperation.swift (in target 'TelegramCore' from project 'TelegramCore')
    cd /Users/buddhirajgautam/Documents/Cherrygram-Mac/macOS-Swift
    builtin-SwiftPerFileCompile SyncCore_SynchronizeEmojiKeywordsOperation.swift

SwiftCompile normal arm64 /Users/buddhirajgautam/Documents/Cherrygram-Mac/macOS-Swift/submodules/telegram-ios/submodules/TelegramCore/Sources/SyncCore/SyncCore_SynchronizeGroupedPeersOperation.swift (in target 'TelegramCore' from project 'TelegramCore')
    cd /Users/buddhirajgautam/Documents/Cherrygram-Mac/macOS-Swift
    builtin-SwiftPerFileCompile SyncCore_SynchronizeGroupedPeersOperation.swift

SwiftCompile normal arm64 /Users/buddhirajgautam/Documents/Cherrygram-Mac/macOS-Swift/submodules/telegram-ios/submodules/TelegramCore/Sources/SyncCore/SyncCore_SynchronizeInstalledStickerPacksOperations.swift (in target 'TelegramCore' from project 'TelegramCore')
    cd /Users/buddhirajgautam/Documents/Cherrygram-Mac/macOS-Swift
    builtin-SwiftPerFileCompile SyncCore_SynchronizeInstalledStickerPacksOperations.swift

SwiftCompile normal arm64 /Users/buddhirajgautam/Documents/Cherrygram-Mac/macOS-Swift/submodules/telegram-ios/submodules/TelegramCore/Sources/SyncCore/SyncCore_SynchronizeMarkAllUnseenPersonalMessagesOperation.swift (in target 'TelegramCore' from project 'TelegramCore')
    cd /Users/buddhirajgautam/Documents/Cherrygram-Mac/macOS-Swift
    builtin-SwiftPerFileCompile SyncCore_SynchronizeMarkAllUnseenPersonalMessagesOperation.swift

SwiftCompile normal arm64 /Users/buddhirajgautam/Documents/Cherrygram-Mac/macOS-Swift/submodules/telegram-ios/submodules/TelegramCore/Sources/SyncCore/SyncCore_SynchronizePinnedChatsOperation.swift (in target 'TelegramCore' from project 'TelegramCore')
    cd /Users/buddhirajgautam/Documents/Cherrygram-Mac/macOS-Swift
    builtin-SwiftPerFileCompile SyncCore_SynchronizePinnedChatsOperation.swift

SwiftCompile normal arm64 /Users/buddhirajgautam/Documents/Cherrygram-Mac/macOS-Swift/submodules/telegram-ios/submodules/TelegramCore/Sources/SyncCore/SyncCore_SynchronizeRecentlyUsedMediaOperation.swift (in target 'TelegramCore' from project 'TelegramCore')
    cd /Users/buddhirajgautam/Documents/Cherrygram-Mac/macOS-Swift
    builtin-SwiftPerFileCompile SyncCore_SynchronizeRecentlyUsedMediaOperation.swift

SwiftCompile normal arm64 /Users/buddhirajgautam/Documents/Cherrygram-Mac/macOS-Swift/submodules/telegram-ios/submodules/TelegramCore/Sources/SyncCore/SyncCore_SynchronizeSavedGifsOperation.swift (in target 'TelegramCore' from project 'TelegramCore')
    cd /Users/buddhirajgautam/Documents/Cherrygram-Mac/macOS-Swift
    builtin-SwiftPerFileCompile SyncCore_SynchronizeSavedGifsOperation.swift

SwiftMergeGeneratedHeaders /Users/buddhirajgautam/Library/Developer/Xcode/DerivedData/Telegram-Mac-fygdgghdgmuleoelvxabfmqiotta/Build/Intermediates.noindex/GeneratedModuleMaps/TGUIKit-Swift.h /Users/buddhirajgautam/Library/Developer/Xcode/DerivedData/Telegram-Mac-fygdgghdgmuleoelvxabfmqiotta/Build/Intermediates.noindex/TGUIKit.build/Debug/TGUIKit-t.build/Objects-normal/arm64/TGUIKit-Swift.h (in target 'TGUIKit' from project 'TGUIKit')
    cd /Users/buddhirajgautam/Documents/Cherrygram-Mac/macOS-Swift/packages/TGUIKit
    builtin-swiftHeaderTool -arch arm64 /Users/buddhirajgautam/Library/Developer/Xcode/DerivedData/Telegram-Mac-fygdgghdgmuleoelvxabfmqiotta/Build/Intermediates.noindex/TGUIKit.build/Debug/TGUIKit-t.build/Objects-normal/arm64/TGUIKit-Swift.h -o /Users/buddhirajgautam/Library/Developer/Xcode/DerivedData/Telegram-Mac-fygdgghdgmuleoelvxabfmqiotta/Build/Intermediates.noindex/GeneratedModuleMaps/TGUIKit-Swift.h

SwiftDriverJobDiscovery normal arm64 Compiling TransactionHandler.swift, TransformImageArguments.swift, TransformImageView.swift, UIUtils.swift, VerticalParticleListControl.swift, View.swift, ViewController.swift, ViewUtils.swift, VisualEffectView.swift, VoiceBlobView.swift, VolumeMenuItemView.swift, WeakReference.swift, WeatherFormat.swift, Window.swift, WindowSaver.swift, XAttr.swift (in target 'TGUIKit' from project 'TGUIKit')

Copy /Users/buddhirajgautam/Library/Developer/Xcode/DerivedData/Telegram-Mac-fygdgghdgmuleoelvxabfmqiotta/Build/Products/Debug/TGUIKit.swiftmodule/arm64-apple-macos.swiftmodule /Users/buddhirajgautam/Library/Developer/Xcode/DerivedData/Telegram-Mac-fygdgghdgmuleoelvxabfmqiotta/Build/Intermediates.noindex/TGUIKit.build/Debug/TGUIKit-t.build/Objects-normal/arm64/TGUIKit.swiftmodule (in target 'TGUIKit' from project 'TGUIKit')
    cd /Users/buddhirajgautam/Documents/Cherrygram-Mac/macOS-Swift/packages/TGUIKit
    builtin-copy -exclude .DS_Store -exclude CVS -exclude .svn -exclude .git -exclude .hg -resolve-src-symlinks -rename /Users/buddhirajgautam/Library/Developer/Xcode/DerivedData/Telegram-Mac-fygdgghdgmuleoelvxabfmqiotta/Build/Intermediates.noindex/TGUIKit.build/Debug/TGUIKit-t.build/Objects-normal/arm64/TGUIKit.swiftmodule /Users/buddhirajgautam/Library/Developer/Xcode/DerivedData/Telegram-Mac-fygdgghdgmuleoelvxabfmqiotta/Build/Products/Debug/TGUIKit.swiftmodule/arm64-apple-macos.swiftmodule

Copy /Users/buddhirajgautam/Library/Developer/Xcode/DerivedData/Telegram-Mac-fygdgghdgmuleoelvxabfmqiotta/Build/Products/Debug/TGUIKit.swiftmodule/arm64-apple-macos.swiftdoc /Users/buddhirajgautam/Library/Developer/Xcode/DerivedData/Telegram-Mac-fygdgghdgmuleoelvxabfmqiotta/Build/Intermediates.noindex/TGUIKit.build/Debug/TGUIKit-t.build/Objects-normal/arm64/TGUIKit.swiftdoc (in target 'TGUIKit' from project 'TGUIKit')
    cd /Users/buddhirajgautam/Documents/Cherrygram-Mac/macOS-Swift/packages/TGUIKit
    builtin-copy -exclude .DS_Store -exclude CVS -exclude .svn -exclude .git -exclude .hg -resolve-src-symlinks -rename /Users/buddhirajgautam/Library/Developer/Xcode/DerivedData/Telegram-Mac-fygdgghdgmuleoelvxabfmqiotta/Build/Intermediates.noindex/TGUIKit.build/Debug/TGUIKit-t.build/Objects-normal/arm64/TGUIKit.swiftdoc /Users/buddhirajgautam/Library/Developer/Xcode/DerivedData/Telegram-Mac-fygdgghdgmuleoelvxabfmqiotta/Build/Products/Debug/TGUIKit.swiftmodule/arm64-apple-macos.swiftdoc

Copy /Users/buddhirajgautam/Library/Developer/Xcode/DerivedData/Telegram-Mac-fygdgghdgmuleoelvxabfmqiotta/Build/Products/Debug/TGUIKit.swiftmodule/arm64-apple-macos.abi.json /Users/buddhirajgautam/Library/Developer/Xcode/DerivedData/Telegram-Mac-fygdgghdgmuleoelvxabfmqiotta/Build/Intermediates.noindex/TGUIKit.build/Debug/TGUIKit-t.build/Objects-normal/arm64/TGUIKit.abi.json (in target 'TGUIKit' from project 'TGUIKit')
    cd /Users/buddhirajgautam/Documents/Cherrygram-Mac/macOS-Swift/packages/TGUIKit
    builtin-copy -exclude .DS_Store -exclude CVS -exclude .svn -exclude .git -exclude .hg -resolve-src-symlinks -rename /Users/buddhirajgautam/Library/Developer/Xcode/DerivedData/Telegram-Mac-fygdgghdgmuleoelvxabfmqiotta/Build/Intermediates.noindex/TGUIKit.build/Debug/TGUIKit-t.build/Objects-normal/arm64/TGUIKit.abi.json /Users/buddhirajgautam/Library/Developer/Xcode/DerivedData/Telegram-Mac-fygdgghdgmuleoelvxabfmqiotta/Build/Products/Debug/TGUIKit.swiftmodule/arm64-apple-macos.abi.json

Copy /Users/buddhirajgautam/Library/Developer/Xcode/DerivedData/Telegram-Mac-fygdgghdgmuleoelvxabfmqiotta/Build/Products/Debug/TGUIKit.swiftmodule/Project/arm64-apple-macos.swiftsourceinfo /Users/buddhirajgautam/Library/Developer/Xcode/DerivedData/Telegram-Mac-fygdgghdgmuleoelvxabfmqiotta/Build/Intermediates.noindex/TGUIKit.build/Debug/TGUIKit-t.build/Objects-normal/arm64/TGUIKit.swiftsourceinfo (in target 'TGUIKit' from project 'TGUIKit')
    cd /Users/buddhirajgautam/Documents/Cherrygram-Mac/macOS-Swift/packages/TGUIKit
    builtin-copy -exclude .DS_Store -exclude CVS -exclude .svn -exclude .git -exclude .hg -resolve-src-symlinks -rename /Users/buddhirajgautam/Library/Developer/Xcode/DerivedData/Telegram-Mac-fygdgghdgmuleoelvxabfmqiotta/Build/Intermediates.noindex/TGUIKit.build/Debug/TGUIKit-t.build/Objects-normal/arm64/TGUIKit.swiftsourceinfo /Users/buddhirajgautam/Library/Developer/Xcode/DerivedData/Telegram-Mac-fygdgghdgmuleoelvxabfmqiotta/Build/Products/Debug/TGUIKit.swiftmodule/Project/arm64-apple-macos.swiftsourceinfo

SwiftCompile normal arm64 Compiling\ SyncCore_LimitsConfiguration.swift,\ SyncCore_LinksConfiguration.swift,\ SyncCore_LocalMediaPlaybackInfoAttribute.swift,\ SyncCore_Localization.swift,\ SyncCore_LocalizationInfo.swift,\ SyncCore_LocalizationListState.swift,\ SyncCore_LocalizationSettings.swift,\ SyncCore_LoggedOutAccountAttribute.swift,\ SyncCore_LoggingSettings.swift,\ SyncCore_MediaReference.swift,\ SyncCore_MediaReferenceFlatBuffers.swift,\ SyncCore_MediaSpoilerMessageAttribute.swift,\ SyncCore_Namespaces.swift,\ SyncCore_NetworkSettings.swift,\ SyncCore_NewSessionReview.swift,\ SyncCore_NonPremiumMessageAttribute.swift,\ SyncCore_NotificationInfoMessageAttribute.swift,\ SyncCore_OutgoingChatContextResultMessageAttribute.swift,\ SyncCore_OutgoingContentInfoMessageAttribute.swift,\ SyncCore_OutgoingMessageInfoAttribute.swift,\ SyncCore_OutgoingScheduleInfoMessageAttribute.swift,\ SyncCore_PeerAccessHash.swift,\ SyncCore_PeerAccessRestrictionInfo.swift,\ SyncCore_PeerGroupMessageStateVersionAttribute.swift /Users/buddhirajgautam/Documents/Cherrygram-Mac/macOS-Swift/submodules/telegram-ios/submodules/TelegramCore/Sources/SyncCore/SyncCore_LimitsConfiguration.swift /Users/buddhirajgautam/Documents/Cherrygram-Mac/macOS-Swift/submodules/telegram-ios/submodules/TelegramCore/Sources/SyncCore/SyncCore_LinksConfiguration.swift /Users/buddhirajgautam/Documents/Cherrygram-Mac/macOS-Swift/submodules/telegram-ios/submodules/TelegramCore/Sources/SyncCore/SyncCore_LocalMediaPlaybackInfoAttribute.swift /Users/buddhirajgautam/Documents/Cherrygram-Mac/macOS-Swift/submodules/telegram-ios/submodules/TelegramCore/Sources/SyncCore/SyncCore_Localization.swift /Users/buddhirajgautam/Documents/Cherrygram-Mac/macOS-Swift/submodules/telegram-ios/submodules/TelegramCore/Sources/SyncCore/SyncCore_LocalizationInfo.swift /Users/buddhirajgautam/Documents/Cherrygram-Mac/macOS-Swift/submodules/telegram-ios/submodules/TelegramCore/Sources/SyncCore/SyncCore_LocalizationListState.swift /Users/buddhirajgautam/Documents/Cherrygram-Mac/macOS-Swift/submodules/telegram-ios/submodules/TelegramCore/Sources/SyncCore/SyncCore_LocalizationSettings.swift /Users/buddhirajgautam/Documents/Cherrygram-Mac/macOS-Swift/submodules/telegram-ios/submodules/TelegramCore/Sources/SyncCore/SyncCore_LoggedOutAccountAttribute.swift /Users/buddhirajgautam/Documents/Cherrygram-Mac/macOS-Swift/submodules/telegram-ios/submodules/TelegramCore/Sources/SyncCore/SyncCore_LoggingSettings.swift /Users/buddhirajgautam/Documents/Cherrygram-Mac/macOS-Swift/submodules/telegram-ios/submodules/TelegramCore/Sources/SyncCore/SyncCore_MediaReference.swift /Users/buddhirajgautam/Documents/Cherrygram-Mac/macOS-Swift/submodules/telegram-ios/submodules/TelegramCore/Sources/SyncCore/SyncCore_MediaReferenceFlatBuffers.swift /Users/buddhirajgautam/Documents/Cherrygram-Mac/macOS-Swift/submodules/telegram-ios/submodules/TelegramCore/Sources/SyncCore/SyncCore_MediaSpoilerMessageAttribute.swift /Users/buddhirajgautam/Documents/Cherrygram-Mac/macOS-Swift/submodules/telegram-ios/submodules/TelegramCore/Sources/SyncCore/SyncCore_Namespaces.swift /Users/buddhirajgautam/Documents/Cherrygram-Mac/macOS-Swift/submodules/telegram-ios/submodules/TelegramCore/Sources/SyncCore/SyncCore_NetworkSettings.swift /Users/buddhirajgautam/Documents/Cherrygram-Mac/macOS-Swift/submodules/telegram-ios/submodules/TelegramCore/Sources/SyncCore/SyncCore_NewSessionReview.swift /Users/buddhirajgautam/Documents/Cherrygram-Mac/macOS-Swift/submodules/telegram-ios/submodules/TelegramCore/Sources/SyncCore/SyncCore_NonPremiumMessageAttribute.swift /Users/buddhirajgautam/Documents/Cherrygram-Mac/macOS-Swift/submodules/telegram-ios/submodules/TelegramCore/Sources/SyncCore/SyncCore_NotificationInfoMessageAttribute.swift /Users/buddhirajgautam/Documents/Cherrygram-Mac/macOS-Swift/submodules/telegram-ios/submodules/TelegramCore/Sources/SyncCore/SyncCore_OutgoingChatContextResultMessageAttribute.swift /Users/buddhirajgautam/Documents/Cherrygram-Mac/macOS-Swift/submodules/telegram-ios/submodules/TelegramCore/Sources/SyncCore/SyncCore_OutgoingContentInfoMessageAttribute.swift /Users/buddhirajgautam/Documents/Cherrygram-Mac/macOS-Swift/submodules/telegram-ios/submodules/TelegramCore/Sources/SyncCore/SyncCore_OutgoingMessageInfoAttribute.swift /Users/buddhirajgautam/Documents/Cherrygram-Mac/macOS-Swift/submodules/telegram-ios/submodules/TelegramCore/Sources/SyncCore/SyncCore_OutgoingScheduleInfoMessageAttribute.swift /Users/buddhirajgautam/Documents/Cherrygram-Mac/macOS-Swift/submodules/telegram-ios/submodules/TelegramCore/Sources/SyncCore/SyncCore_PeerAccessHash.swift /Users/buddhirajgautam/Documents/Cherrygram-Mac/macOS-Swift/submodules/telegram-ios/submodules/TelegramCore/Sources/SyncCore/SyncCore_PeerAccessRestrictionInfo.swift /Users/buddhirajgautam/Documents/Cherrygram-Mac/macOS-Swift/submodules/telegram-ios/submodules/TelegramCore/Sources/SyncCore/SyncCore_PeerGroupMessageStateVersionAttribute.swift (in target 'TelegramCore' from project 'TelegramCore')

SwiftCompile normal arm64 /Users/buddhirajgautam/Documents/Cherrygram-Mac/macOS-Swift/submodules/telegram-ios/submodules/TelegramCore/Sources/SyncCore/SyncCore_LimitsConfiguration.swift (in target 'TelegramCore' from project 'TelegramCore')
    cd /Users/buddhirajgautam/Documents/Cherrygram-Mac/macOS-Swift
    builtin-SwiftPerFileCompile SyncCore_LimitsConfiguration.swift

SwiftCompile normal arm64 /Users/buddhirajgautam/Documents/Cherrygram-Mac/macOS-Swift/submodules/telegram-ios/submodules/TelegramCore/Sources/SyncCore/SyncCore_LinksConfiguration.swift (in target 'TelegramCore' from project 'TelegramCore')
    cd /Users/buddhirajgautam/Documents/Cherrygram-Mac/macOS-Swift
    builtin-SwiftPerFileCompile SyncCore_LinksConfiguration.swift

SwiftCompile normal arm64 /Users/buddhirajgautam/Documents/Cherrygram-Mac/macOS-Swift/submodules/telegram-ios/submodules/TelegramCore/Sources/SyncCore/SyncCore_LocalMediaPlaybackInfoAttribute.swift (in target 'TelegramCore' from project 'TelegramCore')
    cd /Users/buddhirajgautam/Documents/Cherrygram-Mac/macOS-Swift
    builtin-SwiftPerFileCompile SyncCore_LocalMediaPlaybackInfoAttribute.swift

SwiftCompile normal arm64 /Users/buddhirajgautam/Documents/Cherrygram-Mac/macOS-Swift/submodules/telegram-ios/submodules/TelegramCore/Sources/SyncCore/SyncCore_Localization.swift (in target 'TelegramCore' from project 'TelegramCore')
    cd /Users/buddhirajgautam/Documents/Cherrygram-Mac/macOS-Swift
    builtin-SwiftPerFileCompile SyncCore_Localization.swift

SwiftCompile normal arm64 /Users/buddhirajgautam/Documents/Cherrygram-Mac/macOS-Swift/submodules/telegram-ios/submodules/TelegramCore/Sources/SyncCore/SyncCore_LocalizationInfo.swift (in target 'TelegramCore' from project 'TelegramCore')
    cd /Users/buddhirajgautam/Documents/Cherrygram-Mac/macOS-Swift
    builtin-SwiftPerFileCompile SyncCore_LocalizationInfo.swift

SwiftCompile normal arm64 /Users/buddhirajgautam/Documents/Cherrygram-Mac/macOS-Swift/submodules/telegram-ios/submodules/TelegramCore/Sources/SyncCore/SyncCore_LocalizationListState.swift (in target 'TelegramCore' from project 'TelegramCore')
    cd /Users/buddhirajgautam/Documents/Cherrygram-Mac/macOS-Swift
    builtin-SwiftPerFileCompile SyncCore_LocalizationListState.swift

SwiftCompile normal arm64 /Users/buddhirajgautam/Documents/Cherrygram-Mac/macOS-Swift/submodules/telegram-ios/submodules/TelegramCore/Sources/SyncCore/SyncCore_LocalizationSettings.swift (in target 'TelegramCore' from project 'TelegramCore')
    cd /Users/buddhirajgautam/Documents/Cherrygram-Mac/macOS-Swift
    builtin-SwiftPerFileCompile SyncCore_LocalizationSettings.swift

SwiftCompile normal arm64 /Users/buddhirajgautam/Documents/Cherrygram-Mac/macOS-Swift/submodules/telegram-ios/submodules/TelegramCore/Sources/SyncCore/SyncCore_LoggedOutAccountAttribute.swift (in target 'TelegramCore' from project 'TelegramCore')
    cd /Users/buddhirajgautam/Documents/Cherrygram-Mac/macOS-Swift
    builtin-SwiftPerFileCompile SyncCore_LoggedOutAccountAttribute.swift

SwiftCompile normal arm64 /Users/buddhirajgautam/Documents/Cherrygram-Mac/macOS-Swift/submodules/telegram-ios/submodules/TelegramCore/Sources/SyncCore/SyncCore_LoggingSettings.swift (in target 'TelegramCore' from project 'TelegramCore')
    cd /Users/buddhirajgautam/Documents/Cherrygram-Mac/macOS-Swift
    builtin-SwiftPerFileCompile SyncCore_LoggingSettings.swift

SwiftCompile normal arm64 /Users/buddhirajgautam/Documents/Cherrygram-Mac/macOS-Swift/submodules/telegram-ios/submodules/TelegramCore/Sources/SyncCore/SyncCore_MediaReference.swift (in target 'TelegramCore' from project 'TelegramCore')
    cd /Users/buddhirajgautam/Documents/Cherrygram-Mac/macOS-Swift
    builtin-SwiftPerFileCompile SyncCore_MediaReference.swift

SwiftCompile normal arm64 /Users/buddhirajgautam/Documents/Cherrygram-Mac/macOS-Swift/submodules/telegram-ios/submodules/TelegramCore/Sources/SyncCore/SyncCore_MediaReferenceFlatBuffers.swift (in target 'TelegramCore' from project 'TelegramCore')
    cd /Users/buddhirajgautam/Documents/Cherrygram-Mac/macOS-Swift
    builtin-SwiftPerFileCompile SyncCore_MediaReferenceFlatBuffers.swift

SwiftCompile normal arm64 /Users/buddhirajgautam/Documents/Cherrygram-Mac/macOS-Swift/submodules/telegram-ios/submodules/TelegramCore/Sources/SyncCore/SyncCore_MediaSpoilerMessageAttribute.swift (in target 'TelegramCore' from project 'TelegramCore')
    cd /Users/buddhirajgautam/Documents/Cherrygram-Mac/macOS-Swift
    builtin-SwiftPerFileCompile SyncCore_MediaSpoilerMessageAttribute.swift

SwiftCompile normal arm64 /Users/buddhirajgautam/Documents/Cherrygram-Mac/macOS-Swift/submodules/telegram-ios/submodules/TelegramCore/Sources/SyncCore/SyncCore_Namespaces.swift (in target 'TelegramCore' from project 'TelegramCore')
    cd /Users/buddhirajgautam/Documents/Cherrygram-Mac/macOS-Swift
    builtin-SwiftPerFileCompile SyncCore_Namespaces.swift

SwiftCompile normal arm64 /Users/buddhirajgautam/Documents/Cherrygram-Mac/macOS-Swift/submodules/telegram-ios/submodules/TelegramCore/Sources/SyncCore/SyncCore_NetworkSettings.swift (in target 'TelegramCore' from project 'TelegramCore')
    cd /Users/buddhirajgautam/Documents/Cherrygram-Mac/macOS-Swift
    builtin-SwiftPerFileCompile SyncCore_NetworkSettings.swift

SwiftCompile normal arm64 /Users/buddhirajgautam/Documents/Cherrygram-Mac/macOS-Swift/submodules/telegram-ios/submodules/TelegramCore/Sources/SyncCore/SyncCore_NewSessionReview.swift (in target 'TelegramCore' from project 'TelegramCore')
    cd /Users/buddhirajgautam/Documents/Cherrygram-Mac/macOS-Swift
    builtin-SwiftPerFileCompile SyncCore_NewSessionReview.swift

SwiftCompile normal arm64 /Users/buddhirajgautam/Documents/Cherrygram-Mac/macOS-Swift/submodules/telegram-ios/submodules/TelegramCore/Sources/SyncCore/SyncCore_NonPremiumMessageAttribute.swift (in target 'TelegramCore' from project 'TelegramCore')
    cd /Users/buddhirajgautam/Documents/Cherrygram-Mac/macOS-Swift
    builtin-SwiftPerFileCompile SyncCore_NonPremiumMessageAttribute.swift

SwiftCompile normal arm64 /Users/buddhirajgautam/Documents/Cherrygram-Mac/macOS-Swift/submodules/telegram-ios/submodules/TelegramCore/Sources/SyncCore/SyncCore_NotificationInfoMessageAttribute.swift (in target 'TelegramCore' from project 'TelegramCore')
    cd /Users/buddhirajgautam/Documents/Cherrygram-Mac/macOS-Swift
    builtin-SwiftPerFileCompile SyncCore_NotificationInfoMessageAttribute.swift

SwiftCompile normal arm64 /Users/buddhirajgautam/Documents/Cherrygram-Mac/macOS-Swift/submodules/telegram-ios/submodules/TelegramCore/Sources/SyncCore/SyncCore_OutgoingChatContextResultMessageAttribute.swift (in target 'TelegramCore' from project 'TelegramCore')
    cd /Users/buddhirajgautam/Documents/Cherrygram-Mac/macOS-Swift
    builtin-SwiftPerFileCompile SyncCore_OutgoingChatContextResultMessageAttribute.swift

SwiftCompile normal arm64 /Users/buddhirajgautam/Documents/Cherrygram-Mac/macOS-Swift/submodules/telegram-ios/submodules/TelegramCore/Sources/SyncCore/SyncCore_OutgoingContentInfoMessageAttribute.swift (in target 'TelegramCore' from project 'TelegramCore')
    cd /Users/buddhirajgautam/Documents/Cherrygram-Mac/macOS-Swift
    builtin-SwiftPerFileCompile SyncCore_OutgoingContentInfoMessageAttribute.swift

SwiftCompile normal arm64 /Users/buddhirajgautam/Documents/Cherrygram-Mac/macOS-Swift/submodules/telegram-ios/submodules/TelegramCore/Sources/SyncCore/SyncCore_OutgoingMessageInfoAttribute.swift (in target 'TelegramCore' from project 'TelegramCore')
    cd /Users/buddhirajgautam/Documents/Cherrygram-Mac/macOS-Swift
    builtin-SwiftPerFileCompile SyncCore_OutgoingMessageInfoAttribute.swift

SwiftCompile normal arm64 /Users/buddhirajgautam/Documents/Cherrygram-Mac/macOS-Swift/submodules/telegram-ios/submodules/TelegramCore/Sources/SyncCore/SyncCore_OutgoingScheduleInfoMessageAttribute.swift (in target 'TelegramCore' from project 'TelegramCore')
    cd /Users/buddhirajgautam/Documents/Cherrygram-Mac/macOS-Swift
    builtin-SwiftPerFileCompile SyncCore_OutgoingScheduleInfoMessageAttribute.swift

SwiftCompile normal arm64 /Users/buddhirajgautam/Documents/Cherrygram-Mac/macOS-Swift/submodules/telegram-ios/submodules/TelegramCore/Sources/SyncCore/SyncCore_PeerAccessHash.swift (in target 'TelegramCore' from project 'TelegramCore')
    cd /Users/buddhirajgautam/Documents/Cherrygram-Mac/macOS-Swift
    builtin-SwiftPerFileCompile SyncCore_PeerAccessHash.swift

SwiftCompile normal arm64 /Users/buddhirajgautam/Documents/Cherrygram-Mac/macOS-Swift/submodules/telegram-ios/submodules/TelegramCore/Sources/SyncCore/SyncCore_PeerAccessRestrictionInfo.swift (in target 'TelegramCore' from project 'TelegramCore')
    cd /Users/buddhirajgautam/Documents/Cherrygram-Mac/macOS-Swift
    builtin-SwiftPerFileCompile SyncCore_PeerAccessRestrictionInfo.swift

SwiftCompile normal arm64 /Users/buddhirajgautam/Documents/Cherrygram-Mac/macOS-Swift/submodules/telegram-ios/submodules/TelegramCore/Sources/SyncCore/SyncCore_PeerGroupMessageStateVersionAttribute.swift (in target 'TelegramCore' from project 'TelegramCore')
    cd /Users/buddhirajgautam/Documents/Cherrygram-Mac/macOS-Swift
    builtin-SwiftPerFileCompile SyncCore_PeerGroupMessageStateVersionAttribute.swift

SwiftCompile normal arm64 Compiling\ ContactSyncManager.swift,\ EmojiSearchCategories.swift,\ Fetch.swift,\ FetchChatList.swift,\ FetchSecretFileResource.swift,\ ForumChannelState.swift,\ HistoryViewStateValidation.swift,\ Holes.swift,\ InitializeAccountAfterLogin.swift,\ ManagedAccountPresence.swift,\ ManagedAnimatedEmojiUpdates.swift,\ ManagedAppConfigurationUpdates.swift,\ ManagedAutodownloadSettingsUpdates.swift,\ ManagedAutoremoveMessageOperations.swift,\ ManagedChatListHoles.swift,\ ManagedCloudChatRemoveMessagesOperations.swift,\ ManagedConfigurationUpdates.swift,\ ManagedConsumePersonalMessagesActions.swift,\ ManagedGlobalNotificationSettings.swift,\ ManagedLocalInputActivities.swift,\ ManagedLocalizationUpdatesOperations.swift,\ ManagedMessageHistoryHoles.swift,\ ManagedNotificationSettingsBehaviors.swift,\ ManagedPeerColorUpdates.swift,\ ManagedPeerTimestampAttributeOperations.swift /Users/buddhirajgautam/Documents/Cherrygram-Mac/macOS-Swift/submodules/telegram-ios/submodules/TelegramCore/Sources/State/ContactSyncManager.swift /Users/buddhirajgautam/Documents/Cherrygram-Mac/macOS-Swift/submodules/telegram-ios/submodules/TelegramCore/Sources/State/EmojiSearchCategories.swift /Users/buddhirajgautam/Documents/Cherrygram-Mac/macOS-Swift/submodules/telegram-ios/submodules/TelegramCore/Sources/State/Fetch.swift /Users/buddhirajgautam/Documents/Cherrygram-Mac/macOS-Swift/submodules/telegram-ios/submodules/TelegramCore/Sources/State/FetchChatList.swift /Users/buddhirajgautam/Documents/Cherrygram-Mac/macOS-Swift/submodules/telegram-ios/submodules/TelegramCore/Sources/State/FetchSecretFileResource.swift /Users/buddhirajgautam/Documents/Cherrygram-Mac/macOS-Swift/submodules/telegram-ios/submodules/TelegramCore/Sources/State/ForumChannelState.swift /Users/buddhirajgautam/Documents/Cherrygram-Mac/macOS-Swift/submodules/telegram-ios/submodules/TelegramCore/Sources/State/HistoryViewStateValidation.swift /Users/buddhirajgautam/Documents/Cherrygram-Mac/macOS-Swift/submodules/telegram-ios/submodules/TelegramCore/Sources/State/Holes.swift /Users/buddhirajgautam/Documents/Cherrygram-Mac/macOS-Swift/submodules/telegram-ios/submodules/TelegramCore/Sources/State/InitializeAccountAfterLogin.swift /Users/buddhirajgautam/Documents/Cherrygram-Mac/macOS-Swift/submodules/telegram-ios/submodules/TelegramCore/Sources/State/ManagedAccountPresence.swift /Users/buddhirajgautam/Documents/Cherrygram-Mac/macOS-Swift/submodules/telegram-ios/submodules/TelegramCore/Sources/State/ManagedAnimatedEmojiUpdates.swift /Users/buddhirajgautam/Documents/Cherrygram-Mac/macOS-Swift/submodules/telegram-ios/submodules/TelegramCore/Sources/State/ManagedAppConfigurationUpdates.swift /Users/buddhirajgautam/Documents/Cherrygram-Mac/macOS-Swift/submodules/telegram-ios/submodules/TelegramCore/Sources/State/ManagedAutodownloadSettingsUpdates.swift /Users/buddhirajgautam/Documents/Cherrygram-Mac/macOS-Swift/submodules/telegram-ios/submodules/TelegramCore/Sources/State/ManagedAutoremoveMessageOperations.swift /Users/buddhirajgautam/Documents/Cherrygram-Mac/macOS-Swift/submodules/telegram-ios/submodules/TelegramCore/Sources/State/ManagedChatListHoles.swift /Users/buddhirajgautam/Documents/Cherrygram-Mac/macOS-Swift/submodules/telegram-ios/submodules/TelegramCore/Sources/State/ManagedCloudChatRemoveMessagesOperations.swift /Users/buddhirajgautam/Documents/Cherrygram-Mac/macOS-Swift/submodules/telegram-ios/submodules/TelegramCore/Sources/State/ManagedConfigurationUpdates.swift /Users/buddhirajgautam/Documents/Cherrygram-Mac/macOS-Swift/submodules/telegram-ios/submodules/TelegramCore/Sources/State/ManagedConsumePersonalMessagesActions.swift /Users/buddhirajgautam/Documents/Cherrygram-Mac/macOS-Swift/submodules/telegram-ios/submodules/TelegramCore/Sources/State/ManagedGlobalNotificationSettings.swift /Users/buddhirajgautam/Documents/Cherrygram-Mac/macOS-Swift/submodules/telegram-ios/submodules/TelegramCore/Sources/State/ManagedLocalInputActivities.swift /Users/buddhirajgautam/Documents/Cherrygram-Mac/macOS-Swift/submodules/telegram-ios/submodules/TelegramCore/Sources/State/ManagedLocalizationUpdatesOperations.swift /Users/buddhirajgautam/Documents/Cherrygram-Mac/macOS-Swift/submodules/telegram-ios/submodules/TelegramCore/Sources/State/ManagedMessageHistoryHoles.swift /Users/buddhirajgautam/Documents/Cherrygram-Mac/macOS-Swift/submodules/telegram-ios/submodules/TelegramCore/Sources/State/ManagedNotificationSettingsBehaviors.swift /Users/buddhirajgautam/Documents/Cherrygram-Mac/macOS-Swift/submodules/telegram-ios/submodules/TelegramCore/Sources/State/ManagedPeerColorUpdates.swift /Users/buddhirajgautam/Documents/Cherrygram-Mac/macOS-Swift/submodules/telegram-ios/submodules/TelegramCore/Sources/State/ManagedPeerTimestampAttributeOperations.swift (in target 'TelegramCore' from project 'TelegramCore')

SwiftCompile normal arm64 /Users/buddhirajgautam/Documents/Cherrygram-Mac/macOS-Swift/submodules/telegram-ios/submodules/TelegramCore/Sources/State/ContactSyncManager.swift (in target 'TelegramCore' from project 'TelegramCore')
    cd /Users/buddhirajgautam/Documents/Cherrygram-Mac/macOS-Swift
    builtin-SwiftPerFileCompile ContactSyncManager.swift

SwiftCompile normal arm64 /Users/buddhirajgautam/Documents/Cherrygram-Mac/macOS-Swift/submodules/telegram-ios/submodules/TelegramCore/Sources/State/EmojiSearchCategories.swift (in target 'TelegramCore' from project 'TelegramCore')
    cd /Users/buddhirajgautam/Documents/Cherrygram-Mac/macOS-Swift
    builtin-SwiftPerFileCompile EmojiSearchCategories.swift

SwiftCompile normal arm64 /Users/buddhirajgautam/Documents/Cherrygram-Mac/macOS-Swift/submodules/telegram-ios/submodules/TelegramCore/Sources/State/Fetch.swift (in target 'TelegramCore' from project 'TelegramCore')
    cd /Users/buddhirajgautam/Documents/Cherrygram-Mac/macOS-Swift
    builtin-SwiftPerFileCompile Fetch.swift

SwiftCompile normal arm64 /Users/buddhirajgautam/Documents/Cherrygram-Mac/macOS-Swift/submodules/telegram-ios/submodules/TelegramCore/Sources/State/FetchChatList.swift (in target 'TelegramCore' from project 'TelegramCore')
    cd /Users/buddhirajgautam/Documents/Cherrygram-Mac/macOS-Swift
    builtin-SwiftPerFileCompile FetchChatList.swift

SwiftCompile normal arm64 /Users/buddhirajgautam/Documents/Cherrygram-Mac/macOS-Swift/submodules/telegram-ios/submodules/TelegramCore/Sources/State/FetchSecretFileResource.swift (in target 'TelegramCore' from project 'TelegramCore')
    cd /Users/buddhirajgautam/Documents/Cherrygram-Mac/macOS-Swift
    builtin-SwiftPerFileCompile FetchSecretFileResource.swift

SwiftCompile normal arm64 /Users/buddhirajgautam/Documents/Cherrygram-Mac/macOS-Swift/submodules/telegram-ios/submodules/TelegramCore/Sources/State/ForumChannelState.swift (in target 'TelegramCore' from project 'TelegramCore')
    cd /Users/buddhirajgautam/Documents/Cherrygram-Mac/macOS-Swift
    builtin-SwiftPerFileCompile ForumChannelState.swift

SwiftCompile normal arm64 /Users/buddhirajgautam/Documents/Cherrygram-Mac/macOS-Swift/submodules/telegram-ios/submodules/TelegramCore/Sources/State/HistoryViewStateValidation.swift (in target 'TelegramCore' from project 'TelegramCore')
    cd /Users/buddhirajgautam/Documents/Cherrygram-Mac/macOS-Swift
    builtin-SwiftPerFileCompile HistoryViewStateValidation.swift

SwiftCompile normal arm64 /Users/buddhirajgautam/Documents/Cherrygram-Mac/macOS-Swift/submodules/telegram-ios/submodules/TelegramCore/Sources/State/Holes.swift (in target 'TelegramCore' from project 'TelegramCore')
    cd /Users/buddhirajgautam/Documents/Cherrygram-Mac/macOS-Swift
    builtin-SwiftPerFileCompile Holes.swift

SwiftCompile normal arm64 /Users/buddhirajgautam/Documents/Cherrygram-Mac/macOS-Swift/submodules/telegram-ios/submodules/TelegramCore/Sources/State/InitializeAccountAfterLogin.swift (in target 'TelegramCore' from project 'TelegramCore')
    cd /Users/buddhirajgautam/Documents/Cherrygram-Mac/macOS-Swift
    builtin-SwiftPerFileCompile InitializeAccountAfterLogin.swift

SwiftCompile normal arm64 /Users/buddhirajgautam/Documents/Cherrygram-Mac/macOS-Swift/submodules/telegram-ios/submodules/TelegramCore/Sources/State/ManagedAccountPresence.swift (in target 'TelegramCore' from project 'TelegramCore')
    cd /Users/buddhirajgautam/Documents/Cherrygram-Mac/macOS-Swift
    builtin-SwiftPerFileCompile ManagedAccountPresence.swift

SwiftCompile normal arm64 /Users/buddhirajgautam/Documents/Cherrygram-Mac/macOS-Swift/submodules/telegram-ios/submodules/TelegramCore/Sources/State/ManagedAnimatedEmojiUpdates.swift (in target 'TelegramCore' from project 'TelegramCore')
    cd /Users/buddhirajgautam/Documents/Cherrygram-Mac/macOS-Swift
    builtin-SwiftPerFileCompile ManagedAnimatedEmojiUpdates.swift

SwiftCompile normal arm64 /Users/buddhirajgautam/Documents/Cherrygram-Mac/macOS-Swift/submodules/telegram-ios/submodules/TelegramCore/Sources/State/ManagedAppConfigurationUpdates.swift (in target 'TelegramCore' from project 'TelegramCore')
    cd /Users/buddhirajgautam/Documents/Cherrygram-Mac/macOS-Swift
    builtin-SwiftPerFileCompile ManagedAppConfigurationUpdates.swift

SwiftCompile normal arm64 /Users/buddhirajgautam/Documents/Cherrygram-Mac/macOS-Swift/submodules/telegram-ios/submodules/TelegramCore/Sources/State/ManagedAutodownloadSettingsUpdates.swift (in target 'TelegramCore' from project 'TelegramCore')
    cd /Users/buddhirajgautam/Documents/Cherrygram-Mac/macOS-Swift
    builtin-SwiftPerFileCompile ManagedAutodownloadSettingsUpdates.swift

SwiftCompile normal arm64 /Users/buddhirajgautam/Documents/Cherrygram-Mac/macOS-Swift/submodules/telegram-ios/submodules/TelegramCore/Sources/State/ManagedAutoremoveMessageOperations.swift (in target 'TelegramCore' from project 'TelegramCore')
    cd /Users/buddhirajgautam/Documents/Cherrygram-Mac/macOS-Swift
    builtin-SwiftPerFileCompile ManagedAutoremoveMessageOperations.swift

SwiftCompile normal arm64 /Users/buddhirajgautam/Documents/Cherrygram-Mac/macOS-Swift/submodules/telegram-ios/submodules/TelegramCore/Sources/State/ManagedChatListHoles.swift (in target 'TelegramCore' from project 'TelegramCore')
    cd /Users/buddhirajgautam/Documents/Cherrygram-Mac/macOS-Swift
    builtin-SwiftPerFileCompile ManagedChatListHoles.swift

SwiftCompile normal arm64 /Users/buddhirajgautam/Documents/Cherrygram-Mac/macOS-Swift/submodules/telegram-ios/submodules/TelegramCore/Sources/State/ManagedCloudChatRemoveMessagesOperations.swift (in target 'TelegramCore' from project 'TelegramCore')
    cd /Users/buddhirajgautam/Documents/Cherrygram-Mac/macOS-Swift
    builtin-SwiftPerFileCompile ManagedCloudChatRemoveMessagesOperations.swift

SwiftCompile normal arm64 /Users/buddhirajgautam/Documents/Cherrygram-Mac/macOS-Swift/submodules/telegram-ios/submodules/TelegramCore/Sources/State/ManagedConfigurationUpdates.swift (in target 'TelegramCore' from project 'TelegramCore')
    cd /Users/buddhirajgautam/Documents/Cherrygram-Mac/macOS-Swift
    builtin-SwiftPerFileCompile ManagedConfigurationUpdates.swift

SwiftCompile normal arm64 /Users/buddhirajgautam/Documents/Cherrygram-Mac/macOS-Swift/submodules/telegram-ios/submodules/TelegramCore/Sources/State/ManagedConsumePersonalMessagesActions.swift (in target 'TelegramCore' from project 'TelegramCore')
    cd /Users/buddhirajgautam/Documents/Cherrygram-Mac/macOS-Swift
    builtin-SwiftPerFileCompile ManagedConsumePersonalMessagesActions.swift

SwiftCompile normal arm64 /Users/buddhirajgautam/Documents/Cherrygram-Mac/macOS-Swift/submodules/telegram-ios/submodules/TelegramCore/Sources/State/ManagedGlobalNotificationSettings.swift (in target 'TelegramCore' from project 'TelegramCore')
    cd /Users/buddhirajgautam/Documents/Cherrygram-Mac/macOS-Swift
    builtin-SwiftPerFileCompile ManagedGlobalNotificationSettings.swift

SwiftCompile normal arm64 /Users/buddhirajgautam/Documents/Cherrygram-Mac/macOS-Swift/submodules/telegram-ios/submodules/TelegramCore/Sources/State/ManagedLocalInputActivities.swift (in target 'TelegramCore' from project 'TelegramCore')
    cd /Users/buddhirajgautam/Documents/Cherrygram-Mac/macOS-Swift
    builtin-SwiftPerFileCompile ManagedLocalInputActivities.swift

SwiftCompile normal arm64 /Users/buddhirajgautam/Documents/Cherrygram-Mac/macOS-Swift/submodules/telegram-ios/submodules/TelegramCore/Sources/State/ManagedLocalizationUpdatesOperations.swift (in target 'TelegramCore' from project 'TelegramCore')
    cd /Users/buddhirajgautam/Documents/Cherrygram-Mac/macOS-Swift
    builtin-SwiftPerFileCompile ManagedLocalizationUpdatesOperations.swift

SwiftCompile normal arm64 /Users/buddhirajgautam/Documents/Cherrygram-Mac/macOS-Swift/submodules/telegram-ios/submodules/TelegramCore/Sources/State/ManagedMessageHistoryHoles.swift (in target 'TelegramCore' from project 'TelegramCore')
    cd /Users/buddhirajgautam/Documents/Cherrygram-Mac/macOS-Swift
    builtin-SwiftPerFileCompile ManagedMessageHistoryHoles.swift

SwiftCompile normal arm64 /Users/buddhirajgautam/Documents/Cherrygram-Mac/macOS-Swift/submodules/telegram-ios/submodules/TelegramCore/Sources/State/ManagedNotificationSettingsBehaviors.swift (in target 'TelegramCore' from project 'TelegramCore')
    cd /Users/buddhirajgautam/Documents/Cherrygram-Mac/macOS-Swift
    builtin-SwiftPerFileCompile ManagedNotificationSettingsBehaviors.swift

SwiftCompile normal arm64 /Users/buddhirajgautam/Documents/Cherrygram-Mac/macOS-Swift/submodules/telegram-ios/submodules/TelegramCore/Sources/State/ManagedPeerColorUpdates.swift (in target 'TelegramCore' from project 'TelegramCore')
    cd /Users/buddhirajgautam/Documents/Cherrygram-Mac/macOS-Swift
    builtin-SwiftPerFileCompile ManagedPeerColorUpdates.swift

SwiftCompile normal arm64 /Users/buddhirajgautam/Documents/Cherrygram-Mac/macOS-Swift/submodules/telegram-ios/submodules/TelegramCore/Sources/State/ManagedPeerTimestampAttributeOperations.swift (in target 'TelegramCore' from project 'TelegramCore')
    cd /Users/buddhirajgautam/Documents/Cherrygram-Mac/macOS-Swift
    builtin-SwiftPerFileCompile ManagedPeerTimestampAttributeOperations.swift

SwiftDriverJobDiscovery normal arm64 Compiling ProgressIndicator.swift, ProgressModal.swift, RadialProgressContainerView.swift, RadialProgressView.swift, SImageLayer.swift, SPopoverRowItem.swift, SPopoverViewController.swift, ScrollView.swift, ScrollableSegmentView.swift, SearchView.swift, SectionViewController.swift, SegmentController.swift, SelectingControl.swift, SelectionRectView.swift, ShadowView.swift, ShimmerLayer.swift (in target 'TGUIKit' from project 'TGUIKit')

SwiftCompile normal arm64 Compiling\ SecureIdRentalAgreementValue.swift,\ SecureIdTemporaryRegistrationValue.swift,\ SecureIdUtilityBillValue.swift,\ SecureIdValue.swift,\ SecureIdValueAccessContext.swift,\ SecureIdValueContentError.swift,\ SecureIdVerificationDocumentReference.swift,\ TelegramEngineSecureId.swift,\ UploadSecureIdFile.swift,\ VerifySecureIdValue.swift,\ ArchivedStickerPacks.swift,\ CachedStickerPack.swift,\ EmojiKeywords.swift,\ ImportStickers.swift,\ InlineStickers.swift,\ LoadedStickerPack.swift,\ SavedStickers.swift,\ SearchStickers.swift,\ StickerPack.swift,\ StickerPackInteractiveOperations.swift,\ StickerSetInstallation.swift,\ TelegramEngineStickers.swift,\ TelegramEngine.swift,\ ChatThemes.swift /Users/buddhirajgautam/Documents/Cherrygram-Mac/macOS-Swift/submodules/telegram-ios/submodules/TelegramCore/Sources/TelegramEngine/SecureId/SecureIdRentalAgreementValue.swift /Users/buddhirajgautam/Documents/Cherrygram-Mac/macOS-Swift/submodules/telegram-ios/submodules/TelegramCore/Sources/TelegramEngine/SecureId/SecureIdTemporaryRegistrationValue.swift /Users/buddhirajgautam/Documents/Cherrygram-Mac/macOS-Swift/submodules/telegram-ios/submodules/TelegramCore/Sources/TelegramEngine/SecureId/SecureIdUtilityBillValue.swift /Users/buddhirajgautam/Documents/Cherrygram-Mac/macOS-Swift/submodules/telegram-ios/submodules/TelegramCore/Sources/TelegramEngine/SecureId/SecureIdValue.swift /Users/buddhirajgautam/Documents/Cherrygram-Mac/macOS-Swift/submodules/telegram-ios/submodules/TelegramCore/Sources/TelegramEngine/SecureId/SecureIdValueAccessContext.swift /Users/buddhirajgautam/Documents/Cherrygram-Mac/macOS-Swift/submodules/telegram-ios/submodules/TelegramCore/Sources/TelegramEngine/SecureId/SecureIdValueContentError.swift /Users/buddhirajgautam/Documents/Cherrygram-Mac/macOS-Swift/submodules/telegram-ios/submodules/TelegramCore/Sources/TelegramEngine/SecureId/SecureIdVerificationDocumentReference.swift /Users/buddhirajgautam/Documents/Cherrygram-Mac/macOS-Swift/submodules/telegram-ios/submodules/TelegramCore/Sources/TelegramEngine/SecureId/TelegramEngineSecureId.swift /Users/buddhirajgautam/Documents/Cherrygram-Mac/macOS-Swift/submodules/telegram-ios/submodules/TelegramCore/Sources/TelegramEngine/SecureId/UploadSecureIdFile.swift /Users/buddhirajgautam/Documents/Cherrygram-Mac/macOS-Swift/submodules/telegram-ios/submodules/TelegramCore/Sources/TelegramEngine/SecureId/VerifySecureIdValue.swift /Users/buddhirajgautam/Documents/Cherrygram-Mac/macOS-Swift/submodules/telegram-ios/submodules/TelegramCore/Sources/TelegramEngine/Stickers/ArchivedStickerPacks.swift /Users/buddhirajgautam/Documents/Cherrygram-Mac/macOS-Swift/submodules/telegram-ios/submodules/TelegramCore/Sources/TelegramEngine/Stickers/CachedStickerPack.swift /Users/buddhirajgautam/Documents/Cherrygram-Mac/macOS-Swift/submodules/telegram-ios/submodules/TelegramCore/Sources/TelegramEngine/Stickers/EmojiKeywords.swift /Users/buddhirajgautam/Documents/Cherrygram-Mac/macOS-Swift/submodules/telegram-ios/submodules/TelegramCore/Sources/TelegramEngine/Stickers/ImportStickers.swift /Users/buddhirajgautam/Documents/Cherrygram-Mac/macOS-Swift/submodules/telegram-ios/submodules/TelegramCore/Sources/TelegramEngine/Stickers/InlineStickers.swift /Users/buddhirajgautam/Documents/Cherrygram-Mac/macOS-Swift/submodules/telegram-ios/submodules/TelegramCore/Sources/TelegramEngine/Stickers/LoadedStickerPack.swift /Users/buddhirajgautam/Documents/Cherrygram-Mac/macOS-Swift/submodules/telegram-ios/submodules/TelegramCore/Sources/TelegramEngine/Stickers/SavedStickers.swift /Users/buddhirajgautam/Documents/Cherrygram-Mac/macOS-Swift/submodules/telegram-ios/submodules/TelegramCore/Sources/TelegramEngine/Stickers/SearchStickers.swift /Users/buddhirajgautam/Documents/Cherrygram-Mac/macOS-Swift/submodules/telegram-ios/submodules/TelegramCore/Sources/TelegramEngine/Stickers/StickerPack.swift /Users/buddhirajgautam/Documents/Cherrygram-Mac/macOS-Swift/submodules/telegram-ios/submodules/TelegramCore/Sources/TelegramEngine/Stickers/StickerPackInteractiveOperations.swift /Users/buddhirajgautam/Documents/Cherrygram-Mac/macOS-Swift/submodules/telegram-ios/submodules/TelegramCore/Sources/TelegramEngine/Stickers/StickerSetInstallation.swift /Users/buddhirajgautam/Documents/Cherrygram-Mac/macOS-Swift/submodules/telegram-ios/submodules/TelegramCore/Sources/TelegramEngine/Stickers/TelegramEngineStickers.swift /Users/buddhirajgautam/Documents/Cherrygram-Mac/macOS-Swift/submodules/telegram-ios/submodules/TelegramCore/Sources/TelegramEngine/TelegramEngine.swift /Users/buddhirajgautam/Documents/Cherrygram-Mac/macOS-Swift/submodules/telegram-ios/submodules/TelegramCore/Sources/TelegramEngine/Themes/ChatThemes.swift (in target 'TelegramCore' from project 'TelegramCore')

SwiftCompile normal arm64 /Users/buddhirajgautam/Documents/Cherrygram-Mac/macOS-Swift/submodules/telegram-ios/submodules/TelegramCore/Sources/TelegramEngine/SecureId/SecureIdRentalAgreementValue.swift (in target 'TelegramCore' from project 'TelegramCore')
    cd /Users/buddhirajgautam/Documents/Cherrygram-Mac/macOS-Swift
    builtin-SwiftPerFileCompile SecureIdRentalAgreementValue.swift

SwiftCompile normal arm64 /Users/buddhirajgautam/Documents/Cherrygram-Mac/macOS-Swift/submodules/telegram-ios/submodules/TelegramCore/Sources/TelegramEngine/SecureId/SecureIdTemporaryRegistrationValue.swift (in target 'TelegramCore' from project 'TelegramCore')
    cd /Users/buddhirajgautam/Documents/Cherrygram-Mac/macOS-Swift
    builtin-SwiftPerFileCompile SecureIdTemporaryRegistrationValue.swift

SwiftCompile normal arm64 /Users/buddhirajgautam/Documents/Cherrygram-Mac/macOS-Swift/submodules/telegram-ios/submodules/TelegramCore/Sources/TelegramEngine/SecureId/SecureIdUtilityBillValue.swift (in target 'TelegramCore' from project 'TelegramCore')
    cd /Users/buddhirajgautam/Documents/Cherrygram-Mac/macOS-Swift
    builtin-SwiftPerFileCompile SecureIdUtilityBillValue.swift

SwiftCompile normal arm64 /Users/buddhirajgautam/Documents/Cherrygram-Mac/macOS-Swift/submodules/telegram-ios/submodules/TelegramCore/Sources/TelegramEngine/SecureId/SecureIdValue.swift (in target 'TelegramCore' from project 'TelegramCore')
    cd /Users/buddhirajgautam/Documents/Cherrygram-Mac/macOS-Swift
    builtin-SwiftPerFileCompile SecureIdValue.swift

SwiftCompile normal arm64 /Users/buddhirajgautam/Documents/Cherrygram-Mac/macOS-Swift/submodules/telegram-ios/submodules/TelegramCore/Sources/TelegramEngine/SecureId/SecureIdValueAccessContext.swift (in target 'TelegramCore' from project 'TelegramCore')
    cd /Users/buddhirajgautam/Documents/Cherrygram-Mac/macOS-Swift
    builtin-SwiftPerFileCompile SecureIdValueAccessContext.swift

SwiftCompile normal arm64 /Users/buddhirajgautam/Documents/Cherrygram-Mac/macOS-Swift/submodules/telegram-ios/submodules/TelegramCore/Sources/TelegramEngine/SecureId/SecureIdValueContentError.swift (in target 'TelegramCore' from project 'TelegramCore')
    cd /Users/buddhirajgautam/Documents/Cherrygram-Mac/macOS-Swift
    builtin-SwiftPerFileCompile SecureIdValueContentError.swift

SwiftCompile normal arm64 /Users/buddhirajgautam/Documents/Cherrygram-Mac/macOS-Swift/submodules/telegram-ios/submodules/TelegramCore/Sources/TelegramEngine/SecureId/SecureIdVerificationDocumentReference.swift (in target 'TelegramCore' from project 'TelegramCore')
    cd /Users/buddhirajgautam/Documents/Cherrygram-Mac/macOS-Swift
    builtin-SwiftPerFileCompile SecureIdVerificationDocumentReference.swift

SwiftCompile normal arm64 /Users/buddhirajgautam/Documents/Cherrygram-Mac/macOS-Swift/submodules/telegram-ios/submodules/TelegramCore/Sources/TelegramEngine/SecureId/TelegramEngineSecureId.swift (in target 'TelegramCore' from project 'TelegramCore')
    cd /Users/buddhirajgautam/Documents/Cherrygram-Mac/macOS-Swift
    builtin-SwiftPerFileCompile TelegramEngineSecureId.swift

SwiftCompile normal arm64 /Users/buddhirajgautam/Documents/Cherrygram-Mac/macOS-Swift/submodules/telegram-ios/submodules/TelegramCore/Sources/TelegramEngine/SecureId/UploadSecureIdFile.swift (in target 'TelegramCore' from project 'TelegramCore')
    cd /Users/buddhirajgautam/Documents/Cherrygram-Mac/macOS-Swift
    builtin-SwiftPerFileCompile UploadSecureIdFile.swift

SwiftCompile normal arm64 /Users/buddhirajgautam/Documents/Cherrygram-Mac/macOS-Swift/submodules/telegram-ios/submodules/TelegramCore/Sources/TelegramEngine/SecureId/VerifySecureIdValue.swift (in target 'TelegramCore' from project 'TelegramCore')
    cd /Users/buddhirajgautam/Documents/Cherrygram-Mac/macOS-Swift
    builtin-SwiftPerFileCompile VerifySecureIdValue.swift

SwiftCompile normal arm64 /Users/buddhirajgautam/Documents/Cherrygram-Mac/macOS-Swift/submodules/telegram-ios/submodules/TelegramCore/Sources/TelegramEngine/Stickers/ArchivedStickerPacks.swift (in target 'TelegramCore' from project 'TelegramCore')
    cd /Users/buddhirajgautam/Documents/Cherrygram-Mac/macOS-Swift
    builtin-SwiftPerFileCompile ArchivedStickerPacks.swift

SwiftCompile normal arm64 /Users/buddhirajgautam/Documents/Cherrygram-Mac/macOS-Swift/submodules/telegram-ios/submodules/TelegramCore/Sources/TelegramEngine/Stickers/CachedStickerPack.swift (in target 'TelegramCore' from project 'TelegramCore')
    cd /Users/buddhirajgautam/Documents/Cherrygram-Mac/macOS-Swift
    builtin-SwiftPerFileCompile CachedStickerPack.swift

SwiftCompile normal arm64 /Users/buddhirajgautam/Documents/Cherrygram-Mac/macOS-Swift/submodules/telegram-ios/submodules/TelegramCore/Sources/TelegramEngine/Stickers/EmojiKeywords.swift (in target 'TelegramCore' from project 'TelegramCore')
    cd /Users/buddhirajgautam/Documents/Cherrygram-Mac/macOS-Swift
    builtin-SwiftPerFileCompile EmojiKeywords.swift

SwiftCompile normal arm64 /Users/buddhirajgautam/Documents/Cherrygram-Mac/macOS-Swift/submodules/telegram-ios/submodules/TelegramCore/Sources/TelegramEngine/Stickers/ImportStickers.swift (in target 'TelegramCore' from project 'TelegramCore')
    cd /Users/buddhirajgautam/Documents/Cherrygram-Mac/macOS-Swift
    builtin-SwiftPerFileCompile ImportStickers.swift

SwiftCompile normal arm64 /Users/buddhirajgautam/Documents/Cherrygram-Mac/macOS-Swift/submodules/telegram-ios/submodules/TelegramCore/Sources/TelegramEngine/Stickers/InlineStickers.swift (in target 'TelegramCore' from project 'TelegramCore')
    cd /Users/buddhirajgautam/Documents/Cherrygram-Mac/macOS-Swift
    builtin-SwiftPerFileCompile InlineStickers.swift

SwiftCompile normal arm64 /Users/buddhirajgautam/Documents/Cherrygram-Mac/macOS-Swift/submodules/telegram-ios/submodules/TelegramCore/Sources/TelegramEngine/Stickers/LoadedStickerPack.swift (in target 'TelegramCore' from project 'TelegramCore')
    cd /Users/buddhirajgautam/Documents/Cherrygram-Mac/macOS-Swift
    builtin-SwiftPerFileCompile LoadedStickerPack.swift

SwiftCompile normal arm64 /Users/buddhirajgautam/Documents/Cherrygram-Mac/macOS-Swift/submodules/telegram-ios/submodules/TelegramCore/Sources/TelegramEngine/Stickers/SavedStickers.swift (in target 'TelegramCore' from project 'TelegramCore')
    cd /Users/buddhirajgautam/Documents/Cherrygram-Mac/macOS-Swift
    builtin-SwiftPerFileCompile SavedStickers.swift

SwiftCompile normal arm64 /Users/buddhirajgautam/Documents/Cherrygram-Mac/macOS-Swift/submodules/telegram-ios/submodules/TelegramCore/Sources/TelegramEngine/Stickers/SearchStickers.swift (in target 'TelegramCore' from project 'TelegramCore')
    cd /Users/buddhirajgautam/Documents/Cherrygram-Mac/macOS-Swift
    builtin-SwiftPerFileCompile SearchStickers.swift

SwiftCompile normal arm64 /Users/buddhirajgautam/Documents/Cherrygram-Mac/macOS-Swift/submodules/telegram-ios/submodules/TelegramCore/Sources/TelegramEngine/Stickers/StickerPack.swift (in target 'TelegramCore' from project 'TelegramCore')
    cd /Users/buddhirajgautam/Documents/Cherrygram-Mac/macOS-Swift
    builtin-SwiftPerFileCompile StickerPack.swift

SwiftCompile normal arm64 /Users/buddhirajgautam/Documents/Cherrygram-Mac/macOS-Swift/submodules/telegram-ios/submodules/TelegramCore/Sources/TelegramEngine/Stickers/StickerPackInteractiveOperations.swift (in target 'TelegramCore' from project 'TelegramCore')
    cd /Users/buddhirajgautam/Documents/Cherrygram-Mac/macOS-Swift
    builtin-SwiftPerFileCompile StickerPackInteractiveOperations.swift

SwiftCompile normal arm64 /Users/buddhirajgautam/Documents/Cherrygram-Mac/macOS-Swift/submodules/telegram-ios/submodules/TelegramCore/Sources/TelegramEngine/Stickers/StickerSetInstallation.swift (in target 'TelegramCore' from project 'TelegramCore')
    cd /Users/buddhirajgautam/Documents/Cherrygram-Mac/macOS-Swift
    builtin-SwiftPerFileCompile StickerSetInstallation.swift

SwiftCompile normal arm64 /Users/buddhirajgautam/Documents/Cherrygram-Mac/macOS-Swift/submodules/telegram-ios/submodules/TelegramCore/Sources/TelegramEngine/Stickers/TelegramEngineStickers.swift (in target 'TelegramCore' from project 'TelegramCore')
    cd /Users/buddhirajgautam/Documents/Cherrygram-Mac/macOS-Swift
    builtin-SwiftPerFileCompile TelegramEngineStickers.swift

SwiftCompile normal arm64 /Users/buddhirajgautam/Documents/Cherrygram-Mac/macOS-Swift/submodules/telegram-ios/submodules/TelegramCore/Sources/TelegramEngine/TelegramEngine.swift (in target 'TelegramCore' from project 'TelegramCore')
    cd /Users/buddhirajgautam/Documents/Cherrygram-Mac/macOS-Swift
    builtin-SwiftPerFileCompile TelegramEngine.swift

SwiftCompile normal arm64 /Users/buddhirajgautam/Documents/Cherrygram-Mac/macOS-Swift/submodules/telegram-ios/submodules/TelegramCore/Sources/TelegramEngine/Themes/ChatThemes.swift (in target 'TelegramCore' from project 'TelegramCore')
    cd /Users/buddhirajgautam/Documents/Cherrygram-Mac/macOS-Swift
    builtin-SwiftPerFileCompile ChatThemes.swift

SwiftDriverJobDiscovery normal arm64 Compiling SyncCore_SecretChatOutgoingOperation.swift, SyncCore_SecretChatSettings.swift, SyncCore_SecretChatState.swift, SyncCore_SecretFileEncryptionKey.swift, SyncCore_SecureFileMediaResource.swift, SyncCore_SecureIdFileReference.swift, SyncCore_SendAsMessageAttribute.swift, SyncCore_SendScheduledMessageImmediatelyAction.swift, SyncCore_SourceReferenceMessageAttribute.swift, SyncCore_StandaloneAccountTransaction.swift, SyncCore_StickerPackCollectionInfo.swift, SyncCore_StickerPackItem.swift, SyncCore_SuggestedLocalizationEntry.swift, SyncCore_SuggestedLocalizationUpdatesOperation.swift, SyncCore_SynchronizeAppLogEventsOperation.swift, SyncCore_SynchronizeChatInputStateOperation.swift, SyncCore_SynchronizeConsumeMessageContentsOperation.swift, SyncCore_SynchronizeEmojiKeywordsOperation.swift, SyncCore_SynchronizeGroupedPeersOperation.swift, SyncCore_SynchronizeInstalledStickerPacksOperations.swift, SyncCore_SynchronizeMarkAllUnseenPersonalMessagesOperation.swift, SyncCore_SynchronizePinnedChatsOperation.swift, SyncCore_SynchronizeRecentlyUsedMediaOperation.swift, SyncCore_SynchronizeSavedGifsOperation.swift (in target 'TelegramCore' from project 'TelegramCore')

SwiftCompile normal arm64 Compiling\ InstantPage.swift,\ MediaResourceApiUtils.swift,\ PeerAccessRestrictionInfo.swift,\ PeerGeoLocation.swift,\ ReactionsMessageAttribute.swift,\ RemoteStorageConfiguration.swift,\ ReplyMarkupMessageAttribute.swift,\ RichText.swift,\ StoreMessage_Telegram.swift,\ TelegramChannel.swift,\ TelegramChannelAdminRights.swift,\ TelegramChannelBannedRights.swift,\ TelegramExtendedMedia.swift,\ TelegramGroup.swift,\ TelegramInvertMediaMessageAttribute.swift,\ TelegramMediaAction.swift,\ TelegramMediaFile.swift,\ TelegramMediaGame.swift,\ TelegramMediaImage.swift,\ TelegramMediaMap.swift,\ TelegramMediaPoll.swift,\ TelegramMediaTodo.swift,\ TelegramMediaWebDocument.swift,\ TelegramMediaWebpage.swift,\ TelegramPeerNotificationSettings.swift /Users/buddhirajgautam/Documents/Cherrygram-Mac/macOS-Swift/submodules/telegram-ios/submodules/TelegramCore/Sources/ApiUtils/InstantPage.swift /Users/buddhirajgautam/Documents/Cherrygram-Mac/macOS-Swift/submodules/telegram-ios/submodules/TelegramCore/Sources/ApiUtils/MediaResourceApiUtils.swift /Users/buddhirajgautam/Documents/Cherrygram-Mac/macOS-Swift/submodules/telegram-ios/submodules/TelegramCore/Sources/ApiUtils/PeerAccessRestrictionInfo.swift /Users/buddhirajgautam/Documents/Cherrygram-Mac/macOS-Swift/submodules/telegram-ios/submodules/TelegramCore/Sources/ApiUtils/PeerGeoLocation.swift /Users/buddhirajgautam/Documents/Cherrygram-Mac/macOS-Swift/submodules/telegram-ios/submodules/TelegramCore/Sources/ApiUtils/ReactionsMessageAttribute.swift /Users/buddhirajgautam/Documents/Cherrygram-Mac/macOS-Swift/submodules/telegram-ios/submodules/TelegramCore/Sources/ApiUtils/RemoteStorageConfiguration.swift /Users/buddhirajgautam/Documents/Cherrygram-Mac/macOS-Swift/submodules/telegram-ios/submodules/TelegramCore/Sources/ApiUtils/ReplyMarkupMessageAttribute.swift /Users/buddhirajgautam/Documents/Cherrygram-Mac/macOS-Swift/submodules/telegram-ios/submodules/TelegramCore/Sources/ApiUtils/RichText.swift /Users/buddhirajgautam/Documents/Cherrygram-Mac/macOS-Swift/submodules/telegram-ios/submodules/TelegramCore/Sources/ApiUtils/StoreMessage_Telegram.swift /Users/buddhirajgautam/Documents/Cherrygram-Mac/macOS-Swift/submodules/telegram-ios/submodules/TelegramCore/Sources/ApiUtils/TelegramChannel.swift /Users/buddhirajgautam/Documents/Cherrygram-Mac/macOS-Swift/submodules/telegram-ios/submodules/TelegramCore/Sources/ApiUtils/TelegramChannelAdminRights.swift /Users/buddhirajgautam/Documents/Cherrygram-Mac/macOS-Swift/submodules/telegram-ios/submodules/TelegramCore/Sources/ApiUtils/TelegramChannelBannedRights.swift /Users/buddhirajgautam/Documents/Cherrygram-Mac/macOS-Swift/submodules/telegram-ios/submodules/TelegramCore/Sources/ApiUtils/TelegramExtendedMedia.swift /Users/buddhirajgautam/Documents/Cherrygram-Mac/macOS-Swift/submodules/telegram-ios/submodules/TelegramCore/Sources/ApiUtils/TelegramGroup.swift /Users/buddhirajgautam/Documents/Cherrygram-Mac/macOS-Swift/submodules/telegram-ios/submodules/TelegramCore/Sources/ApiUtils/TelegramInvertMediaMessageAttribute.swift /Users/buddhirajgautam/Documents/Cherrygram-Mac/macOS-Swift/submodules/telegram-ios/submodules/TelegramCore/Sources/ApiUtils/TelegramMediaAction.swift /Users/buddhirajgautam/Documents/Cherrygram-Mac/macOS-Swift/submodules/telegram-ios/submodules/TelegramCore/Sources/ApiUtils/TelegramMediaFile.swift /Users/buddhirajgautam/Documents/Cherrygram-Mac/macOS-Swift/submodules/telegram-ios/submodules/TelegramCore/Sources/ApiUtils/TelegramMediaGame.swift /Users/buddhirajgautam/Documents/Cherrygram-Mac/macOS-Swift/submodules/telegram-ios/submodules/TelegramCore/Sources/ApiUtils/TelegramMediaImage.swift /Users/buddhirajgautam/Documents/Cherrygram-Mac/macOS-Swift/submodules/telegram-ios/submodules/TelegramCore/Sources/ApiUtils/TelegramMediaMap.swift /Users/buddhirajgautam/Documents/Cherrygram-Mac/macOS-Swift/submodules/telegram-ios/submodules/TelegramCore/Sources/ApiUtils/TelegramMediaPoll.swift /Users/buddhirajgautam/Documents/Cherrygram-Mac/macOS-Swift/submodules/telegram-ios/submodules/TelegramCore/Sources/ApiUtils/TelegramMediaTodo.swift /Users/buddhirajgautam/Documents/Cherrygram-Mac/macOS-Swift/submodules/telegram-ios/submodules/TelegramCore/Sources/ApiUtils/TelegramMediaWebDocument.swift /Users/buddhirajgautam/Documents/Cherrygram-Mac/macOS-Swift/submodules/telegram-ios/submodules/TelegramCore/Sources/ApiUtils/TelegramMediaWebpage.swift /Users/buddhirajgautam/Documents/Cherrygram-Mac/macOS-Swift/submodules/telegram-ios/submodules/TelegramCore/Sources/ApiUtils/TelegramPeerNotificationSettings.swift (in target 'TelegramCore' from project 'TelegramCore')

SwiftCompile normal arm64 /Users/buddhirajgautam/Documents/Cherrygram-Mac/macOS-Swift/submodules/telegram-ios/submodules/TelegramCore/Sources/ApiUtils/InstantPage.swift (in target 'TelegramCore' from project 'TelegramCore')
    cd /Users/buddhirajgautam/Documents/Cherrygram-Mac/macOS-Swift
    builtin-SwiftPerFileCompile InstantPage.swift

SwiftCompile normal arm64 /Users/buddhirajgautam/Documents/Cherrygram-Mac/macOS-Swift/submodules/telegram-ios/submodules/TelegramCore/Sources/ApiUtils/MediaResourceApiUtils.swift (in target 'TelegramCore' from project 'TelegramCore')
    cd /Users/buddhirajgautam/Documents/Cherrygram-Mac/macOS-Swift
    builtin-SwiftPerFileCompile MediaResourceApiUtils.swift

SwiftCompile normal arm64 /Users/buddhirajgautam/Documents/Cherrygram-Mac/macOS-Swift/submodules/telegram-ios/submodules/TelegramCore/Sources/ApiUtils/PeerAccessRestrictionInfo.swift (in target 'TelegramCore' from project 'TelegramCore')
    cd /Users/buddhirajgautam/Documents/Cherrygram-Mac/macOS-Swift
    builtin-SwiftPerFileCompile PeerAccessRestrictionInfo.swift

SwiftCompile normal arm64 /Users/buddhirajgautam/Documents/Cherrygram-Mac/macOS-Swift/submodules/telegram-ios/submodules/TelegramCore/Sources/ApiUtils/PeerGeoLocation.swift (in target 'TelegramCore' from project 'TelegramCore')
    cd /Users/buddhirajgautam/Documents/Cherrygram-Mac/macOS-Swift
    builtin-SwiftPerFileCompile PeerGeoLocation.swift

SwiftCompile normal arm64 /Users/buddhirajgautam/Documents/Cherrygram-Mac/macOS-Swift/submodules/telegram-ios/submodules/TelegramCore/Sources/ApiUtils/ReactionsMessageAttribute.swift (in target 'TelegramCore' from project 'TelegramCore')
    cd /Users/buddhirajgautam/Documents/Cherrygram-Mac/macOS-Swift
    builtin-SwiftPerFileCompile ReactionsMessageAttribute.swift

SwiftCompile normal arm64 /Users/buddhirajgautam/Documents/Cherrygram-Mac/macOS-Swift/submodules/telegram-ios/submodules/TelegramCore/Sources/ApiUtils/RemoteStorageConfiguration.swift (in target 'TelegramCore' from project 'TelegramCore')
    cd /Users/buddhirajgautam/Documents/Cherrygram-Mac/macOS-Swift
    builtin-SwiftPerFileCompile RemoteStorageConfiguration.swift

SwiftCompile normal arm64 /Users/buddhirajgautam/Documents/Cherrygram-Mac/macOS-Swift/submodules/telegram-ios/submodules/TelegramCore/Sources/ApiUtils/ReplyMarkupMessageAttribute.swift (in target 'TelegramCore' from project 'TelegramCore')
    cd /Users/buddhirajgautam/Documents/Cherrygram-Mac/macOS-Swift
    builtin-SwiftPerFileCompile ReplyMarkupMessageAttribute.swift

SwiftCompile normal arm64 /Users/buddhirajgautam/Documents/Cherrygram-Mac/macOS-Swift/submodules/telegram-ios/submodules/TelegramCore/Sources/ApiUtils/RichText.swift (in target 'TelegramCore' from project 'TelegramCore')
    cd /Users/buddhirajgautam/Documents/Cherrygram-Mac/macOS-Swift
    builtin-SwiftPerFileCompile RichText.swift

SwiftCompile normal arm64 /Users/buddhirajgautam/Documents/Cherrygram-Mac/macOS-Swift/submodules/telegram-ios/submodules/TelegramCore/Sources/ApiUtils/StoreMessage_Telegram.swift (in target 'TelegramCore' from project 'TelegramCore')
    cd /Users/buddhirajgautam/Documents/Cherrygram-Mac/macOS-Swift
    builtin-SwiftPerFileCompile StoreMessage_Telegram.swift

SwiftCompile normal arm64 /Users/buddhirajgautam/Documents/Cherrygram-Mac/macOS-Swift/submodules/telegram-ios/submodules/TelegramCore/Sources/ApiUtils/TelegramChannel.swift (in target 'TelegramCore' from project 'TelegramCore')
    cd /Users/buddhirajgautam/Documents/Cherrygram-Mac/macOS-Swift
    builtin-SwiftPerFileCompile TelegramChannel.swift

SwiftCompile normal arm64 /Users/buddhirajgautam/Documents/Cherrygram-Mac/macOS-Swift/submodules/telegram-ios/submodules/TelegramCore/Sources/ApiUtils/TelegramChannelAdminRights.swift (in target 'TelegramCore' from project 'TelegramCore')
    cd /Users/buddhirajgautam/Documents/Cherrygram-Mac/macOS-Swift
    builtin-SwiftPerFileCompile TelegramChannelAdminRights.swift

SwiftCompile normal arm64 /Users/buddhirajgautam/Documents/Cherrygram-Mac/macOS-Swift/submodules/telegram-ios/submodules/TelegramCore/Sources/ApiUtils/TelegramChannelBannedRights.swift (in target 'TelegramCore' from project 'TelegramCore')
    cd /Users/buddhirajgautam/Documents/Cherrygram-Mac/macOS-Swift
    builtin-SwiftPerFileCompile TelegramChannelBannedRights.swift

SwiftCompile normal arm64 /Users/buddhirajgautam/Documents/Cherrygram-Mac/macOS-Swift/submodules/telegram-ios/submodules/TelegramCore/Sources/ApiUtils/TelegramExtendedMedia.swift (in target 'TelegramCore' from project 'TelegramCore')
    cd /Users/buddhirajgautam/Documents/Cherrygram-Mac/macOS-Swift
    builtin-SwiftPerFileCompile TelegramExtendedMedia.swift

SwiftCompile normal arm64 /Users/buddhirajgautam/Documents/Cherrygram-Mac/macOS-Swift/submodules/telegram-ios/submodules/TelegramCore/Sources/ApiUtils/TelegramGroup.swift (in target 'TelegramCore' from project 'TelegramCore')
    cd /Users/buddhirajgautam/Documents/Cherrygram-Mac/macOS-Swift
    builtin-SwiftPerFileCompile TelegramGroup.swift

SwiftCompile normal arm64 /Users/buddhirajgautam/Documents/Cherrygram-Mac/macOS-Swift/submodules/telegram-ios/submodules/TelegramCore/Sources/ApiUtils/TelegramInvertMediaMessageAttribute.swift (in target 'TelegramCore' from project 'TelegramCore')
    cd /Users/buddhirajgautam/Documents/Cherrygram-Mac/macOS-Swift
    builtin-SwiftPerFileCompile TelegramInvertMediaMessageAttribute.swift

SwiftCompile normal arm64 /Users/buddhirajgautam/Documents/Cherrygram-Mac/macOS-Swift/submodules/telegram-ios/submodules/TelegramCore/Sources/ApiUtils/TelegramMediaAction.swift (in target 'TelegramCore' from project 'TelegramCore')
    cd /Users/buddhirajgautam/Documents/Cherrygram-Mac/macOS-Swift
    builtin-SwiftPerFileCompile TelegramMediaAction.swift

SwiftCompile normal arm64 /Users/buddhirajgautam/Documents/Cherrygram-Mac/macOS-Swift/submodules/telegram-ios/submodules/TelegramCore/Sources/ApiUtils/TelegramMediaFile.swift (in target 'TelegramCore' from project 'TelegramCore')
    cd /Users/buddhirajgautam/Documents/Cherrygram-Mac/macOS-Swift
    builtin-SwiftPerFileCompile TelegramMediaFile.swift

SwiftCompile normal arm64 /Users/buddhirajgautam/Documents/Cherrygram-Mac/macOS-Swift/submodules/telegram-ios/submodules/TelegramCore/Sources/ApiUtils/TelegramMediaGame.swift (in target 'TelegramCore' from project 'TelegramCore')
    cd /Users/buddhirajgautam/Documents/Cherrygram-Mac/macOS-Swift
    builtin-SwiftPerFileCompile TelegramMediaGame.swift

SwiftCompile normal arm64 /Users/buddhirajgautam/Documents/Cherrygram-Mac/macOS-Swift/submodules/telegram-ios/submodules/TelegramCore/Sources/ApiUtils/TelegramMediaImage.swift (in target 'TelegramCore' from project 'TelegramCore')
    cd /Users/buddhirajgautam/Documents/Cherrygram-Mac/macOS-Swift
    builtin-SwiftPerFileCompile TelegramMediaImage.swift

SwiftCompile normal arm64 /Users/buddhirajgautam/Documents/Cherrygram-Mac/macOS-Swift/submodules/telegram-ios/submodules/TelegramCore/Sources/ApiUtils/TelegramMediaMap.swift (in target 'TelegramCore' from project 'TelegramCore')
    cd /Users/buddhirajgautam/Documents/Cherrygram-Mac/macOS-Swift
    builtin-SwiftPerFileCompile TelegramMediaMap.swift

SwiftCompile normal arm64 /Users/buddhirajgautam/Documents/Cherrygram-Mac/macOS-Swift/submodules/telegram-ios/submodules/TelegramCore/Sources/ApiUtils/TelegramMediaPoll.swift (in target 'TelegramCore' from project 'TelegramCore')
    cd /Users/buddhirajgautam/Documents/Cherrygram-Mac/macOS-Swift
    builtin-SwiftPerFileCompile TelegramMediaPoll.swift

SwiftCompile normal arm64 /Users/buddhirajgautam/Documents/Cherrygram-Mac/macOS-Swift/submodules/telegram-ios/submodules/TelegramCore/Sources/ApiUtils/TelegramMediaTodo.swift (in target 'TelegramCore' from project 'TelegramCore')
    cd /Users/buddhirajgautam/Documents/Cherrygram-Mac/macOS-Swift
    builtin-SwiftPerFileCompile TelegramMediaTodo.swift

SwiftCompile normal arm64 /Users/buddhirajgautam/Documents/Cherrygram-Mac/macOS-Swift/submodules/telegram-ios/submodules/TelegramCore/Sources/ApiUtils/TelegramMediaWebDocument.swift (in target 'TelegramCore' from project 'TelegramCore')
    cd /Users/buddhirajgautam/Documents/Cherrygram-Mac/macOS-Swift
    builtin-SwiftPerFileCompile TelegramMediaWebDocument.swift

SwiftCompile normal arm64 /Users/buddhirajgautam/Documents/Cherrygram-Mac/macOS-Swift/submodules/telegram-ios/submodules/TelegramCore/Sources/ApiUtils/TelegramMediaWebpage.swift (in target 'TelegramCore' from project 'TelegramCore')
    cd /Users/buddhirajgautam/Documents/Cherrygram-Mac/macOS-Swift
    builtin-SwiftPerFileCompile TelegramMediaWebpage.swift

SwiftCompile normal arm64 /Users/buddhirajgautam/Documents/Cherrygram-Mac/macOS-Swift/submodules/telegram-ios/submodules/TelegramCore/Sources/ApiUtils/TelegramPeerNotificationSettings.swift (in target 'TelegramCore' from project 'TelegramCore')
    cd /Users/buddhirajgautam/Documents/Cherrygram-Mac/macOS-Swift
    builtin-SwiftPerFileCompile TelegramPeerNotificationSettings.swift

SwiftDriverJobDiscovery normal arm64 Compiling UnauthorizedAccountStateManager.swift, UpdateGroup.swift, UpdateMessageService.swift, UpdatesApiUtils.swift, UserLimitsConfiguration.swift, MessageStatistics.swift, PeerStatistics.swift, StarsRevenueStatistics.swift, StoryStatistics.swift, Suggestions.swift, DerivedDataMessageAttribute.swift, PaidStarsMessageAttribute.swift, QuickReplyMessageAttribute.swift, ReportDeliveryMessageAttribute.swift, SuggestedPostMessageAttribute.swift, SyncCore_AccountBackupDataAttribute.swift, SyncCore_AccountEnvironmentAttribute.swift, SyncCore_AccountSortOrderAttribute.swift, SyncCore_AppChangelogState.swift, SyncCore_AppConfiguration.swift, SyncCore_ArchivedStickerPacksInfo.swift, SyncCore_AudioTranscriptionMessageAttribute.swift, SyncCore_AuthSessionInfoAttribute.swift, SyncCore_AuthorSignatureMessageAttribute.swift (in target 'TelegramCore' from project 'TelegramCore')

SwiftCompile normal arm64 Compiling\ PeerContactSettings.swift,\ PrivacySettings.swift,\ ProxySettings.swift,\ ReactionSettings.swift,\ VoipConfiguration.swift,\ SplitTest.swift,\ AccountState.swift,\ AccountStateManagementUtils.swift,\ AccountStateManager.swift,\ AccountTaskManager.swift,\ AccountViewTracker.swift,\ AppChangelog.swift,\ AppChangelogState.swift,\ AppConfiguration.swift,\ AppUpdate.swift,\ ApplyUpdateMessage.swift,\ AvailableMessageEffects.swift,\ AvailableReactions.swift,\ CachedSentMediaReferences.swift,\ CallSessionManager.swift,\ ChannelBoost.swift,\ ChannelState.swift,\ ChatHistoryPreloadManager.swift,\ CloudChatRemoveMessagesOperation.swift,\ ConferenceCallE2EContext.swift /Users/buddhirajgautam/Documents/Cherrygram-Mac/macOS-Swift/submodules/telegram-ios/submodules/TelegramCore/Sources/Settings/PeerContactSettings.swift /Users/buddhirajgautam/Documents/Cherrygram-Mac/macOS-Swift/submodules/telegram-ios/submodules/TelegramCore/Sources/Settings/PrivacySettings.swift /Users/buddhirajgautam/Documents/Cherrygram-Mac/macOS-Swift/submodules/telegram-ios/submodules/TelegramCore/Sources/Settings/ProxySettings.swift /Users/buddhirajgautam/Documents/Cherrygram-Mac/macOS-Swift/submodules/telegram-ios/submodules/TelegramCore/Sources/Settings/ReactionSettings.swift /Users/buddhirajgautam/Documents/Cherrygram-Mac/macOS-Swift/submodules/telegram-ios/submodules/TelegramCore/Sources/Settings/VoipConfiguration.swift /Users/buddhirajgautam/Documents/Cherrygram-Mac/macOS-Swift/submodules/telegram-ios/submodules/TelegramCore/Sources/SplitTest.swift /Users/buddhirajgautam/Documents/Cherrygram-Mac/macOS-Swift/submodules/telegram-ios/submodules/TelegramCore/Sources/State/AccountState.swift /Users/buddhirajgautam/Documents/Cherrygram-Mac/macOS-Swift/submodules/telegram-ios/submodules/TelegramCore/Sources/State/AccountStateManagementUtils.swift /Users/buddhirajgautam/Documents/Cherrygram-Mac/macOS-Swift/submodules/telegram-ios/submodules/TelegramCore/Sources/State/AccountStateManager.swift /Users/buddhirajgautam/Documents/Cherrygram-Mac/macOS-Swift/submodules/telegram-ios/submodules/TelegramCore/Sources/State/AccountTaskManager.swift /Users/buddhirajgautam/Documents/Cherrygram-Mac/macOS-Swift/submodules/telegram-ios/submodules/TelegramCore/Sources/State/AccountViewTracker.swift /Users/buddhirajgautam/Documents/Cherrygram-Mac/macOS-Swift/submodules/telegram-ios/submodules/TelegramCore/Sources/State/AppChangelog.swift /Users/buddhirajgautam/Documents/Cherrygram-Mac/macOS-Swift/submodules/telegram-ios/submodules/TelegramCore/Sources/State/AppChangelogState.swift /Users/buddhirajgautam/Documents/Cherrygram-Mac/macOS-Swift/submodules/telegram-ios/submodules/TelegramCore/Sources/State/AppConfiguration.swift /Users/buddhirajgautam/Documents/Cherrygram-Mac/macOS-Swift/submodules/telegram-ios/submodules/TelegramCore/Sources/State/AppUpdate.swift /Users/buddhirajgautam/Documents/Cherrygram-Mac/macOS-Swift/submodules/telegram-ios/submodules/TelegramCore/Sources/State/ApplyUpdateMessage.swift /Users/buddhirajgautam/Documents/Cherrygram-Mac/macOS-Swift/submodules/telegram-ios/submodules/TelegramCore/Sources/State/AvailableMessageEffects.swift /Users/buddhirajgautam/Documents/Cherrygram-Mac/macOS-Swift/submodules/telegram-ios/submodules/TelegramCore/Sources/State/AvailableReactions.swift /Users/buddhirajgautam/Documents/Cherrygram-Mac/macOS-Swift/submodules/telegram-ios/submodules/TelegramCore/Sources/State/CachedSentMediaReferences.swift /Users/buddhirajgautam/Documents/Cherrygram-Mac/macOS-Swift/submodules/telegram-ios/submodules/TelegramCore/Sources/State/CallSessionManager.swift /Users/buddhirajgautam/Documents/Cherrygram-Mac/macOS-Swift/submodules/telegram-ios/submodules/TelegramCore/Sources/State/ChannelBoost.swift /Users/buddhirajgautam/Documents/Cherrygram-Mac/macOS-Swift/submodules/telegram-ios/submodules/TelegramCore/Sources/State/ChannelState.swift /Users/buddhirajgautam/Documents/Cherrygram-Mac/macOS-Swift/submodules/telegram-ios/submodules/TelegramCore/Sources/State/ChatHistoryPreloadManager.swift /Users/buddhirajgautam/Documents/Cherrygram-Mac/macOS-Swift/submodules/telegram-ios/submodules/TelegramCore/Sources/State/CloudChatRemoveMessagesOperation.swift /Users/buddhirajgautam/Documents/Cherrygram-Mac/macOS-Swift/submodules/telegram-ios/submodules/TelegramCore/Sources/State/ConferenceCallE2EContext.swift (in target 'TelegramCore' from project 'TelegramCore')
/Users/buddhirajgautam/Documents/Cherrygram-Mac/macOS-Swift/submodules/telegram-ios/submodules/TelegramCore/Sources/State/AccountStateManager.swift:408:108: warning: 'weak' ownership of capture 'self' differs from implicitly-captured strong reference in outer scope [#ImplicitStrongCapture]
 403 |         
 404 |         public func reset() {
 405 |             self.queue.async {
     |                              |- note: 'self' implicitly strongly captured here
     |                              `- note: add 'self' as a capture list item to silence
 406 |                 if self.updateService == nil {
 407 |                     self.updateService = UpdateMessageService(peerId: self.accountPeerId)
 408 |                     self.updateServiceDisposable.set(self.updateService!.pipe.signal().start(next: { [weak self] groups in
     |                                                                                                            |- warning: 'weak' ownership of capture 'self' differs from implicitly-captured strong reference in outer scope [#ImplicitStrongCapture]
     |                                                                                                            `- note: explicitly assign the capture list item to silence
 409 |                         if let strongSelf = self {
 410 |                             strongSelf.addUpdateGroups(groups)

/Users/buddhirajgautam/Documents/Cherrygram-Mac/macOS-Swift/submodules/telegram-ios/submodules/TelegramCore/Sources/State/AccountViewTracker.swift:457:57: warning: 'weak' ownership of capture 'self' differs from implicitly-captured strong reference in outer scope [#ImplicitStrongCapture]
 391 |     
 392 |     private func updatePendingWebpages(viewId: Int32, threadId: Int64?, messageIds: Set<MessageId>, localWebpages: [MessageId: (MediaId, String)]) {
 393 |         self.queue.async {
     |                          |- note: 'self' implicitly strongly captured here
     |                          `- note: add 'self' as a capture list item to silence
 394 |             var addedMessageIds: [MessageId] = []
 395 |             var removedMessageIds: [MessageId] = []
     :
 455 |                                     }
 456 |                                 }
 457 |                             }).start(completed: { [weak self] in
     |                                                         |- warning: 'weak' ownership of capture 'self' differs from implicitly-captured strong reference in outer scope [#ImplicitStrongCapture]
     |                                                         `- note: explicitly assign the capture list item to silence
 458 |                                 if let strongSelf = self {
 459 |                                     strongSelf.queue.async {

/Users/buddhirajgautam/Documents/Cherrygram-Mac/macOS-Swift/submodules/telegram-ios/submodules/TelegramCore/Sources/State/AccountViewTracker.swift:465:164: warning: 'weak' ownership of capture 'self' differs from implicitly-captured strong reference in outer scope [#ImplicitStrongCapture]
 391 |     
 392 |     private func updatePendingWebpages(viewId: Int32, threadId: Int64?, messageIds: Set<MessageId>, localWebpages: [MessageId: (MediaId, String)]) {
 393 |         self.queue.async {
     |                          |- note: 'self' implicitly strongly captured here
     |                          `- note: add 'self' as a capture list item to silence
 394 |             var addedMessageIds: [MessageId] = []
 395 |             var removedMessageIds: [MessageId] = []
     :
 463 |                             })
 464 |                         } else if messageId.namespace == Namespaces.Message.Cloud {
 465 |                             self.webpageDisposables[messageId] = fetchWebpage(account: account, messageId: messageId, threadId: threadId).start(completed: { [weak self] in
     |                                                                                                                                                                    |- warning: 'weak' ownership of capture 'self' differs from implicitly-captured strong reference in outer scope [#ImplicitStrongCapture]
     |                                                                                                                                                                    `- note: explicitly assign the capture list item to silence
 466 |                                 if let strongSelf = self {
 467 |                                     strongSelf.queue.async {

/Users/buddhirajgautam/Documents/Cherrygram-Mac/macOS-Swift/submodules/telegram-ios/submodules/TelegramCore/Sources/State/AccountViewTracker.swift:633:216: warning: 'weak' ownership of capture 'self' differs from implicitly-captured strong reference in outer scope [#ImplicitStrongCapture]
 587 |     
 588 |     private func updateVisibleCallListHoles(viewId: Int32, holeIds: Set<MessageIndex>) {
 589 |         self.queue.async {
     |                          |- note: 'self' implicitly strongly captured here
     |                          `- note: add 'self' as a capture list item to silence
 590 |             var addedHoleIds: [MessageIndex] = []
 591 |             var removedHoleIds: [MessageIndex] = []
     :
 631 |                 for holeId in addedHoleIds {
 632 |                     if self.visibleCallListHoleDisposables[holeId] == nil {
 633 |                         self.visibleCallListHoleDisposables[holeId] = fetchCallListHole(network: account.network, postbox: account.postbox, accountPeerId: account.peerId, holeIndex: holeId).start(completed: { [weak self] in
     |                                                                                                                                                                                                                        |- warning: 'weak' ownership of capture 'self' differs from implicitly-captured strong reference in outer scope [#ImplicitStrongCapture]
     |                                                                                                                                                                                                                        `- note: explicitly assign the capture list item to silence
 634 |                             if let strongSelf = self {
 635 |                                 strongSelf.queue.async {

/Users/buddhirajgautam/Documents/Cherrygram-Mac/macOS-Swift/submodules/telegram-ios/submodules/TelegramCore/Sources/State/AccountViewTracker.swift:811:50: warning: 'weak' ownership of capture 'self' differs from implicitly-captured strong reference in outer scope [#ImplicitStrongCapture]
 691 |     
 692 |     public func updateViewCountForMessageIds(messageIds: Set<MessageId>, clientId: Int32) {
 693 |         self.queue.async {
     |                          |- note: 'self' implicitly strongly captured here
     |                          `- note: add 'self' as a capture list item to silence
 694 |             var addedMessageIds: [MessageId] = []
 695 |             let updatedState = ViewCountContextState(timestamp: Int32(CFAbsoluteTimeGetCurrent()), clientId: clientId, result: nil)
     :
 809 |                         }
 810 |                         |> switchToLatest)
 811 |                         |> afterDisposed { [weak self] in
     |                                                  |- warning: 'weak' ownership of capture 'self' differs from implicitly-captured strong reference in outer scope [#ImplicitStrongCapture]
     |                                                  `- note: explicitly assign the capture list item to silence
 812 |                             self?.queue.async {
 813 |                                 self?.updatedViewCountDisposables.set(nil, forKey: disposableId)

/Users/buddhirajgautam/Documents/Cherrygram-Mac/macOS-Swift/submodules/telegram-ios/submodules/TelegramCore/Sources/State/AccountViewTracker.swift:817:89: warning: 'weak' ownership of capture 'self' differs from implicitly-captured strong reference in outer scope [#ImplicitStrongCapture]
 691 |     
 692 |     public func updateViewCountForMessageIds(messageIds: Set<MessageId>, clientId: Int32) {
 693 |         self.queue.async {
     |                          |- note: 'self' implicitly strongly captured here
     |                          `- note: add 'self' as a capture list item to silence
 694 |             var addedMessageIds: [MessageId] = []
 695 |             let updatedState = ViewCountContextState(timestamp: Int32(CFAbsoluteTimeGetCurrent()), clientId: clientId, result: nil)
     :
 815 |                         }
 816 |                         |> deliverOn(self.queue)
 817 |                         self.updatedViewCountDisposables.set(signal.start(next: { [weak self] updatedStates in
     |                                                                                         |- warning: 'weak' ownership of capture 'self' differs from implicitly-captured strong reference in outer scope [#ImplicitStrongCapture]
     |                                                                                         `- note: explicitly assign the capture list item to silence
 818 |                             guard let strongSelf = self else {
 819 |                                 return

/Users/buddhirajgautam/Documents/Cherrygram-Mac/macOS-Swift/submodules/telegram-ios/submodules/TelegramCore/Sources/State/AccountViewTracker.swift:914:50: warning: 'weak' ownership of capture 'self' differs from implicitly-captured strong reference in outer scope [#ImplicitStrongCapture]
 830 |     
 831 |     public func updateReactionsForMessageIds(messageIds: Set<MessageId>, force: Bool = false) {
 832 |         self.queue.async {
     |                          |- note: 'self' implicitly strongly captured here
     |                          `- note: add 'self' as a capture list item to silence
 833 |             var addedMessageIds: [MessageId] = []
 834 |             let timestamp = Int32(CFAbsoluteTimeGetCurrent())
     :
 912 |                         }
 913 |                         |> switchToLatest)
 914 |                         |> afterDisposed { [weak self] in
     |                                                  |- warning: 'weak' ownership of capture 'self' differs from implicitly-captured strong reference in outer scope [#ImplicitStrongCapture]
     |                                                  `- note: explicitly assign the capture list item to silence
 915 |                             self?.queue.async {
 916 |                                 self?.updatedReactionsDisposables.set(nil, forKey: disposableId)

/Users/buddhirajgautam/Documents/Cherrygram-Mac/macOS-Swift/submodules/telegram-ios/submodules/TelegramCore/Sources/State/AccountViewTracker.swift:969:50: warning: 'weak' ownership of capture 'self' differs from implicitly-captured strong reference in outer scope [#ImplicitStrongCapture]
 925 |     
 926 |     public func updateSeenLiveLocationForMessageIds(messageIds: Set<MessageId>) {
 927 |         self.queue.async {
     |                          |- note: 'self' implicitly strongly captured here
     |                          `- note: add 'self' as a capture list item to silence
 928 |             var addedMessageIds: [MessageId] = []
 929 |             let timestamp = Int32(CFAbsoluteTimeGetCurrent())
     :
 967 |                         }
 968 |                         |> switchToLatest)
 969 |                         |> afterDisposed { [weak self] in
     |                                                  |- warning: 'weak' ownership of capture 'self' differs from implicitly-captured strong reference in outer scope [#ImplicitStrongCapture]
     |                                                  `- note: explicitly assign the capture list item to silence
 970 |                             self?.queue.async {
 971 |                                 self?.seenLiveLocationDisposables.set(nil, forKey: disposableId)

/Users/buddhirajgautam/Documents/Cherrygram-Mac/macOS-Swift/submodules/telegram-ios/submodules/TelegramCore/Sources/State/AccountViewTracker.swift:1022:50: warning: 'weak' ownership of capture 'self' differs from implicitly-captured strong reference in outer scope [#ImplicitStrongCapture]
 980 |     
 981 |     public func updatedExtendedMediaForMessageIds(messageIds: Set<MessageId>) {
 982 |         self.queue.async {
     |                          |- note: 'self' implicitly strongly captured here
     |                          `- note: add 'self' as a capture list item to silence
 983 |             var addedMessageIds: [MessageId] = []
 984 |             let timestamp = Int32(CFAbsoluteTimeGetCurrent())
     :
1020 |                             }
1021 |                         }
1022 |                         |> afterDisposed { [weak self] in
     |                                                  |- warning: 'weak' ownership of capture 'self' differs from implicitly-captured strong reference in outer scope [#ImplicitStrongCapture]
     |                                                  `- note: explicitly assign the capture list item to silence
1023 |                             self?.queue.async {
1024 |                                 self?.updatedExtendedMediaDisposables.set(nil, forKey: disposableId)

/Users/buddhirajgautam/Documents/Cherrygram-Mac/macOS-Swift/submodules/telegram-ios/submodules/TelegramCore/Sources/State/AccountViewTracker.swift:1120:50: warning: 'weak' ownership of capture 'self' differs from implicitly-captured strong reference in outer scope [#ImplicitStrongCapture]
1033 |     
1034 |     public func updateUnsupportedMediaForMessageIds(messageIds: Set<MessageAndThreadId>) {
1035 |         self.queue.async {
     |                          |- note: 'self' implicitly strongly captured here
     |                          `- note: add 'self' as a capture list item to silence
1036 |             var addedMessageIds: [MessageAndThreadId] = []
1037 |             let timestamp = Int32(CFAbsoluteTimeGetCurrent())
     :
1118 |                             }
1119 |                         }
1120 |                         |> afterDisposed { [weak self] in
     |                                                  |- warning: 'weak' ownership of capture 'self' differs from implicitly-captured strong reference in outer scope [#ImplicitStrongCapture]
     |                                                  `- note: explicitly assign the capture list item to silence
1121 |                             self?.queue.async {
1122 |                                 self?.updatedUnsupportedMediaDisposables.set(nil, forKey: disposableId)

/Users/buddhirajgautam/Documents/Cherrygram-Mac/macOS-Swift/submodules/telegram-ios/submodules/TelegramCore/Sources/State/AccountViewTracker.swift:1212:50: warning: 'weak' ownership of capture 'self' differs from implicitly-captured strong reference in outer scope [#ImplicitStrongCapture]
1131 |     
1132 |     public func refreshSecretMediaMediaForMessageIds(messageIds: Set<MessageId>) {
1133 |         self.queue.async {
     |                          |- note: 'self' implicitly strongly captured here
     |                          `- note: add 'self' as a capture list item to silence
1134 |             var addedMessageIds: [MessageId] = []
1135 |             let timestamp = Int32(CFAbsoluteTimeGetCurrent())
     :
1210 |                             }
1211 |                         }
1212 |                         |> afterDisposed { [weak self] in
     |                                                  |- warning: 'weak' ownership of capture 'self' differs from implicitly-captured strong reference in outer scope [#ImplicitStrongCapture]
     |                                                  `- note: explicitly assign the capture list item to silence
1213 |                             self?.queue.async {
1214 |                                 self?.updatedUnsupportedMediaDisposables.set(nil, forKey: disposableId)

/Users/buddhirajgautam/Documents/Cherrygram-Mac/macOS-Swift/submodules/telegram-ios/submodules/TelegramCore/Sources/State/AccountViewTracker.swift:1292:50: warning: 'weak' ownership of capture 'self' differs from implicitly-captured strong reference in outer scope [#ImplicitStrongCapture]
1223 |     
1224 |     public func refreshStoriesForMessageIds(messageIds: Set<MessageId>) {
1225 |         self.queue.async {
     |                          |- note: 'self' implicitly strongly captured here
     |                          `- note: add 'self' as a capture list item to silence
1226 |             var addedMessageIds: [MessageId] = []
1227 |             let timestamp = Int32(CFAbsoluteTimeGetCurrent())
     :
1290 |                             |> ignoreValues
1291 |                         }
1292 |                         |> afterDisposed { [weak self] in
     |                                                  |- warning: 'weak' ownership of capture 'self' differs from implicitly-captured strong reference in outer scope [#ImplicitStrongCapture]
     |                                                  `- note: explicitly assign the capture list item to silence
1293 |                             self?.queue.async {
1294 |                                 self?.updatedUnsupportedMediaDisposables.set(nil, forKey: disposableId)

/Users/buddhirajgautam/Documents/Cherrygram-Mac/macOS-Swift/submodules/telegram-ios/submodules/TelegramCore/Sources/State/AccountViewTracker.swift:1356:50: warning: 'weak' ownership of capture 'self' differs from implicitly-captured strong reference in outer scope [#ImplicitStrongCapture]
1303 |     
1304 |     public func refreshInlineGroupCallsForMessageIds(messageIds: Set<MessageId>) {
1305 |         self.queue.async {
     |                          |- note: 'self' implicitly strongly captured here
     |                          `- note: add 'self' as a capture list item to silence
1306 |             var addedMessageIds: [MessageId] = []
1307 |             let timestamp = Int32(CFAbsoluteTimeGetCurrent())
     :
1354 |                             |> ignoreValues
1355 |                         }
1356 |                         |> afterDisposed { [weak self] in
     |                                                  |- warning: 'weak' ownership of capture 'self' differs from implicitly-captured strong reference in outer scope [#ImplicitStrongCapture]
     |                                                  `- note: explicitly assign the capture list item to silence
1357 |                             self?.queue.async {
1358 |                                 self?.updatedUnsupportedMediaDisposables.set(nil, forKey: disposableId)


SwiftCompile normal arm64 /Users/buddhirajgautam/Documents/Cherrygram-Mac/macOS-Swift/submodules/telegram-ios/submodules/TelegramCore/Sources/Settings/PeerContactSettings.swift (in target 'TelegramCore' from project 'TelegramCore')
    cd /Users/buddhirajgautam/Documents/Cherrygram-Mac/macOS-Swift
    builtin-SwiftPerFileCompile PeerContactSettings.swift

SwiftCompile normal arm64 /Users/buddhirajgautam/Documents/Cherrygram-Mac/macOS-Swift/submodules/telegram-ios/submodules/TelegramCore/Sources/Settings/PrivacySettings.swift (in target 'TelegramCore' from project 'TelegramCore')
    cd /Users/buddhirajgautam/Documents/Cherrygram-Mac/macOS-Swift
    builtin-SwiftPerFileCompile PrivacySettings.swift

SwiftCompile normal arm64 /Users/buddhirajgautam/Documents/Cherrygram-Mac/macOS-Swift/submodules/telegram-ios/submodules/TelegramCore/Sources/Settings/ProxySettings.swift (in target 'TelegramCore' from project 'TelegramCore')
    cd /Users/buddhirajgautam/Documents/Cherrygram-Mac/macOS-Swift
    builtin-SwiftPerFileCompile ProxySettings.swift

SwiftCompile normal arm64 /Users/buddhirajgautam/Documents/Cherrygram-Mac/macOS-Swift/submodules/telegram-ios/submodules/TelegramCore/Sources/Settings/ReactionSettings.swift (in target 'TelegramCore' from project 'TelegramCore')
    cd /Users/buddhirajgautam/Documents/Cherrygram-Mac/macOS-Swift
    builtin-SwiftPerFileCompile ReactionSettings.swift

SwiftCompile normal arm64 /Users/buddhirajgautam/Documents/Cherrygram-Mac/macOS-Swift/submodules/telegram-ios/submodules/TelegramCore/Sources/Settings/VoipConfiguration.swift (in target 'TelegramCore' from project 'TelegramCore')
    cd /Users/buddhirajgautam/Documents/Cherrygram-Mac/macOS-Swift
    builtin-SwiftPerFileCompile VoipConfiguration.swift

SwiftCompile normal arm64 /Users/buddhirajgautam/Documents/Cherrygram-Mac/macOS-Swift/submodules/telegram-ios/submodules/TelegramCore/Sources/SplitTest.swift (in target 'TelegramCore' from project 'TelegramCore')
    cd /Users/buddhirajgautam/Documents/Cherrygram-Mac/macOS-Swift
    builtin-SwiftPerFileCompile SplitTest.swift

SwiftCompile normal arm64 /Users/buddhirajgautam/Documents/Cherrygram-Mac/macOS-Swift/submodules/telegram-ios/submodules/TelegramCore/Sources/State/AccountState.swift (in target 'TelegramCore' from project 'TelegramCore')
    cd /Users/buddhirajgautam/Documents/Cherrygram-Mac/macOS-Swift
    builtin-SwiftPerFileCompile AccountState.swift

SwiftCompile normal arm64 /Users/buddhirajgautam/Documents/Cherrygram-Mac/macOS-Swift/submodules/telegram-ios/submodules/TelegramCore/Sources/State/AccountStateManagementUtils.swift (in target 'TelegramCore' from project 'TelegramCore')
    cd /Users/buddhirajgautam/Documents/Cherrygram-Mac/macOS-Swift
    builtin-SwiftPerFileCompile AccountStateManagementUtils.swift

SwiftCompile normal arm64 /Users/buddhirajgautam/Documents/Cherrygram-Mac/macOS-Swift/submodules/telegram-ios/submodules/TelegramCore/Sources/State/AccountStateManager.swift (in target 'TelegramCore' from project 'TelegramCore')
    cd /Users/buddhirajgautam/Documents/Cherrygram-Mac/macOS-Swift
    builtin-SwiftPerFileCompile AccountStateManager.swift

SwiftCompile normal arm64 /Users/buddhirajgautam/Documents/Cherrygram-Mac/macOS-Swift/submodules/telegram-ios/submodules/TelegramCore/Sources/State/AccountTaskManager.swift (in target 'TelegramCore' from project 'TelegramCore')
    cd /Users/buddhirajgautam/Documents/Cherrygram-Mac/macOS-Swift
    builtin-SwiftPerFileCompile AccountTaskManager.swift

SwiftCompile normal arm64 /Users/buddhirajgautam/Documents/Cherrygram-Mac/macOS-Swift/submodules/telegram-ios/submodules/TelegramCore/Sources/State/AccountViewTracker.swift (in target 'TelegramCore' from project 'TelegramCore')
    cd /Users/buddhirajgautam/Documents/Cherrygram-Mac/macOS-Swift
    builtin-SwiftPerFileCompile AccountViewTracker.swift

SwiftCompile normal arm64 /Users/buddhirajgautam/Documents/Cherrygram-Mac/macOS-Swift/submodules/telegram-ios/submodules/TelegramCore/Sources/State/AppChangelog.swift (in target 'TelegramCore' from project 'TelegramCore')
    cd /Users/buddhirajgautam/Documents/Cherrygram-Mac/macOS-Swift
    builtin-SwiftPerFileCompile AppChangelog.swift

SwiftCompile normal arm64 /Users/buddhirajgautam/Documents/Cherrygram-Mac/macOS-Swift/submodules/telegram-ios/submodules/TelegramCore/Sources/State/AppChangelogState.swift (in target 'TelegramCore' from project 'TelegramCore')
    cd /Users/buddhirajgautam/Documents/Cherrygram-Mac/macOS-Swift
    builtin-SwiftPerFileCompile AppChangelogState.swift

SwiftCompile normal arm64 /Users/buddhirajgautam/Documents/Cherrygram-Mac/macOS-Swift/submodules/telegram-ios/submodules/TelegramCore/Sources/State/AppConfiguration.swift (in target 'TelegramCore' from project 'TelegramCore')
    cd /Users/buddhirajgautam/Documents/Cherrygram-Mac/macOS-Swift
    builtin-SwiftPerFileCompile AppConfiguration.swift

SwiftCompile normal arm64 /Users/buddhirajgautam/Documents/Cherrygram-Mac/macOS-Swift/submodules/telegram-ios/submodules/TelegramCore/Sources/State/AppUpdate.swift (in target 'TelegramCore' from project 'TelegramCore')
    cd /Users/buddhirajgautam/Documents/Cherrygram-Mac/macOS-Swift
    builtin-SwiftPerFileCompile AppUpdate.swift

SwiftCompile normal arm64 /Users/buddhirajgautam/Documents/Cherrygram-Mac/macOS-Swift/submodules/telegram-ios/submodules/TelegramCore/Sources/State/ApplyUpdateMessage.swift (in target 'TelegramCore' from project 'TelegramCore')
    cd /Users/buddhirajgautam/Documents/Cherrygram-Mac/macOS-Swift
    builtin-SwiftPerFileCompile ApplyUpdateMessage.swift

SwiftCompile normal arm64 /Users/buddhirajgautam/Documents/Cherrygram-Mac/macOS-Swift/submodules/telegram-ios/submodules/TelegramCore/Sources/State/AvailableMessageEffects.swift (in target 'TelegramCore' from project 'TelegramCore')
    cd /Users/buddhirajgautam/Documents/Cherrygram-Mac/macOS-Swift
    builtin-SwiftPerFileCompile AvailableMessageEffects.swift

SwiftCompile normal arm64 /Users/buddhirajgautam/Documents/Cherrygram-Mac/macOS-Swift/submodules/telegram-ios/submodules/TelegramCore/Sources/State/AvailableReactions.swift (in target 'TelegramCore' from project 'TelegramCore')
    cd /Users/buddhirajgautam/Documents/Cherrygram-Mac/macOS-Swift
    builtin-SwiftPerFileCompile AvailableReactions.swift

SwiftCompile normal arm64 /Users/buddhirajgautam/Documents/Cherrygram-Mac/macOS-Swift/submodules/telegram-ios/submodules/TelegramCore/Sources/State/CachedSentMediaReferences.swift (in target 'TelegramCore' from project 'TelegramCore')
    cd /Users/buddhirajgautam/Documents/Cherrygram-Mac/macOS-Swift
    builtin-SwiftPerFileCompile CachedSentMediaReferences.swift

SwiftCompile normal arm64 /Users/buddhirajgautam/Documents/Cherrygram-Mac/macOS-Swift/submodules/telegram-ios/submodules/TelegramCore/Sources/State/CallSessionManager.swift (in target 'TelegramCore' from project 'TelegramCore')
    cd /Users/buddhirajgautam/Documents/Cherrygram-Mac/macOS-Swift
    builtin-SwiftPerFileCompile CallSessionManager.swift

SwiftCompile normal arm64 /Users/buddhirajgautam/Documents/Cherrygram-Mac/macOS-Swift/submodules/telegram-ios/submodules/TelegramCore/Sources/State/ChannelBoost.swift (in target 'TelegramCore' from project 'TelegramCore')
    cd /Users/buddhirajgautam/Documents/Cherrygram-Mac/macOS-Swift
    builtin-SwiftPerFileCompile ChannelBoost.swift

SwiftCompile normal arm64 /Users/buddhirajgautam/Documents/Cherrygram-Mac/macOS-Swift/submodules/telegram-ios/submodules/TelegramCore/Sources/State/ChannelState.swift (in target 'TelegramCore' from project 'TelegramCore')
    cd /Users/buddhirajgautam/Documents/Cherrygram-Mac/macOS-Swift
    builtin-SwiftPerFileCompile ChannelState.swift

SwiftCompile normal arm64 /Users/buddhirajgautam/Documents/Cherrygram-Mac/macOS-Swift/submodules/telegram-ios/submodules/TelegramCore/Sources/State/ChatHistoryPreloadManager.swift (in target 'TelegramCore' from project 'TelegramCore')
    cd /Users/buddhirajgautam/Documents/Cherrygram-Mac/macOS-Swift
    builtin-SwiftPerFileCompile ChatHistoryPreloadManager.swift

SwiftCompile normal arm64 /Users/buddhirajgautam/Documents/Cherrygram-Mac/macOS-Swift/submodules/telegram-ios/submodules/TelegramCore/Sources/State/CloudChatRemoveMessagesOperation.swift (in target 'TelegramCore' from project 'TelegramCore')
    cd /Users/buddhirajgautam/Documents/Cherrygram-Mac/macOS-Swift
    builtin-SwiftPerFileCompile CloudChatRemoveMessagesOperation.swift

SwiftCompile normal arm64 /Users/buddhirajgautam/Documents/Cherrygram-Mac/macOS-Swift/submodules/telegram-ios/submodules/TelegramCore/Sources/State/ConferenceCallE2EContext.swift (in target 'TelegramCore' from project 'TelegramCore')
    cd /Users/buddhirajgautam/Documents/Cherrygram-Mac/macOS-Swift
    builtin-SwiftPerFileCompile ConferenceCallE2EContext.swift

/Users/buddhirajgautam/Documents/Cherrygram-Mac/macOS-Swift/submodules/telegram-ios/submodules/TelegramCore/Sources/State/AccountViewTracker.swift:1455:46: warning: 'weak' ownership of capture 'self' differs from implicitly-captured strong reference in outer scope [#ImplicitStrongCapture]
1383 |     
1384 |     private func internalRefreshStoryStatsForPeerIds(peerIds: [PeerId]) {
1385 |         self.queue.async {
     |                          |- note: 'self' implicitly strongly captured here
     |                          `- note: add 'self' as a capture list item to silence
1386 |             var addedPeerIds: [PeerId] = []
1387 |             let timestamp = Int32(CFAbsoluteTimeGetCurrent())
     :
1453 |                         |> ignoreValues
1454 |                     }
1455 |                     |> afterDisposed { [weak self] in
     |                                              |- warning: 'weak' ownership of capture 'self' differs from implicitly-captured strong reference in outer scope [#ImplicitStrongCapture]
     |                                              `- note: explicitly assign the capture list item to silence
1456 |                         self?.queue.async {
1457 |                             self?.updatedUnsupportedMediaDisposables.set(nil, forKey: disposableId)

/Users/buddhirajgautam/Documents/Cherrygram-Mac/macOS-Swift/submodules/telegram-ios/submodules/TelegramCore/Sources/State/AccountViewTracker.swift:1567:46: warning: 'weak' ownership of capture 'self' differs from implicitly-captured strong reference in outer scope [#ImplicitStrongCapture]
1481 |     
1482 |     private func internalRefreshCanSendMessagesStatsForPeerIds(peerIds: [PeerId]) {
1483 |         self.queue.async {
     |                          |- note: 'self' implicitly strongly captured here
     |                          `- note: add 'self' as a capture list item to silence
1484 |             var addedPeerIds: [PeerId] = []
1485 |             let timestamp = Int32(CFAbsoluteTimeGetCurrent())
     :
1565 |                         |> ignoreValues
1566 |                     }
1567 |                     |> afterDisposed { [weak self] in
     |                                              |- warning: 'weak' ownership of capture 'self' differs from implicitly-captured strong reference in outer scope [#ImplicitStrongCapture]
     |                                              `- note: explicitly assign the capture list item to silence
1568 |                         self?.queue.async {
1569 |                             self?.updatedUnsupportedMediaDisposables.set(nil, forKey: disposableId)

/Users/buddhirajgautam/Documents/Cherrygram-Mac/macOS-Swift/submodules/telegram-ios/submodules/TelegramCore/Sources/State/AccountViewTracker.swift:1750:350: warning: 'weak' ownership of capture 'self' differs from implicitly-captured strong reference in outer scope [#ImplicitStrongCapture]
1735 |     
1736 |     public func forceUpdateCachedPeerData(peerId: PeerId) {
1737 |         self.queue.async {
     |                          |- note: 'self' implicitly strongly captured here
     |                          `- note: add 'self' as a capture list item to silence
1738 |             let context: PeerCachedDataContext
1739 |             if let existingContext = self.cachedDataContexts[peerId] {
     :
1748 |             }
1749 |             let queue = self.queue
1750 |             context.disposable.set(combineLatest(fetchAndUpdateSupplementalCachedPeerData(peerId: peerId, accountPeerId: account.peerId, network: account.network, postbox: account.postbox), _internal_fetchAndUpdateCachedPeerData(accountPeerId: account.peerId, peerId: peerId, network: account.network, postbox: account.postbox)).start(next: { [weak self] supplementalStatus, cachedStatus in
     |                                                                                                                                                                                                                                                                                                                                                              |- warning: 'weak' ownership of capture 'self' differs from implicitly-captured strong reference in outer scope [#ImplicitStrongCapture]
     |                                                                                                                                                                                                                                                                                                                                                              `- note: explicitly assign the capture list item to silence
1751 |                 queue.async {
1752 |                     guard let strongSelf = self else {

/Users/buddhirajgautam/Documents/Cherrygram-Mac/macOS-Swift/submodules/telegram-ios/submodules/TelegramCore/Sources/State/AccountViewTracker.swift:1792:353: warning: 'weak' ownership of capture 'self' differs from implicitly-captured strong reference in outer scope [#ImplicitStrongCapture]
1764 |     
1765 |     private func updateCachedPeerData(peerId: PeerId, accountPeerId: PeerId, viewId: Int32, hasCachedData: Bool) {
1766 |         self.queue.async {
     |                          |- note: 'self' implicitly strongly captured here
     |                          `- note: add 'self' as a capture list item to silence
1767 |             let context: PeerCachedDataContext
1768 |             var dataUpdated = false
     :
1790 |                 }
1791 |                 let queue = self.queue
1792 |                 context.disposable.set(combineLatest(fetchAndUpdateSupplementalCachedPeerData(peerId: peerId, accountPeerId: accountPeerId, network: account.network, postbox: account.postbox), _internal_fetchAndUpdateCachedPeerData(accountPeerId: account.peerId, peerId: peerId, network: account.network, postbox: account.postbox)).start(next: { [weak self] supplementalStatus, cachedStatus in
     |                                                                                                                                                                                                                                                                                                                                                                 |- warning: 'weak' ownership of capture 'self' differs from implicitly-captured strong reference in outer scope [#ImplicitStrongCapture]
     |                                                                                                                                                                                                                                                                                                                                                                 `- note: explicitly assign the capture list item to silence
1793 |                     queue.async {
1794 |                         guard let strongSelf = self else {

/Users/buddhirajgautam/Documents/Cherrygram-Mac/macOS-Swift/submodules/telegram-ios/submodules/TelegramCore/Sources/State/ChatHistoryPreloadManager.swift:442:67: warning: 'weak' ownership of capture 'self' differs from implicitly-captured strong reference in outer scope [#ImplicitStrongCapture]
382 |         #endif*/
383 |         
384 |         self.queue.async {
    |                          |- note: 'self' implicitly strongly captured here
    |                          `- note: add 'self' as a capture list item to silence
385 |             var validEntityIds = Set(indices.map { $0.0.entity })
386 |             for peerId in additionalPeerIds {
    :
440 |                     }
441 |                     view.disposable.set((self.postbox.combinedView(keys: [key])
442 |                     |> deliverOn(self.queue)).start(next: { [weak self] next in
    |                                                                   |- warning: 'weak' ownership of capture 'self' differs from implicitly-captured strong reference in outer scope [#ImplicitStrongCapture]
    |                                                                   `- note: explicitly assign the capture list item to silence
443 |                         if let strongSelf = self, let value = next.views[key] as? MessageOfInterestHolesView {
444 |                             if let view = strongSelf.views[index.entity] {

[#ImplicitStrongCapture]: <https://docs.swift.org/compiler/documentation/diagnostics/implicit-strong-capture>
SwiftDriverJobDiscovery normal arm64 Compiling SyncCore_LimitsConfiguration.swift, SyncCore_LinksConfiguration.swift, SyncCore_LocalMediaPlaybackInfoAttribute.swift, SyncCore_Localization.swift, SyncCore_LocalizationInfo.swift, SyncCore_LocalizationListState.swift, SyncCore_LocalizationSettings.swift, SyncCore_LoggedOutAccountAttribute.swift, SyncCore_LoggingSettings.swift, SyncCore_MediaReference.swift, SyncCore_MediaReferenceFlatBuffers.swift, SyncCore_MediaSpoilerMessageAttribute.swift, SyncCore_Namespaces.swift, SyncCore_NetworkSettings.swift, SyncCore_NewSessionReview.swift, SyncCore_NonPremiumMessageAttribute.swift, SyncCore_NotificationInfoMessageAttribute.swift, SyncCore_OutgoingChatContextResultMessageAttribute.swift, SyncCore_OutgoingContentInfoMessageAttribute.swift, SyncCore_OutgoingMessageInfoAttribute.swift, SyncCore_OutgoingScheduleInfoMessageAttribute.swift, SyncCore_PeerAccessHash.swift, SyncCore_PeerAccessRestrictionInfo.swift, SyncCore_PeerGroupMessageStateVersionAttribute.swift (in target 'TelegramCore' from project 'TelegramCore')

SwiftCompile normal arm64 Compiling\ PeersData.swift,\ TelegramEngineData.swift,\ TelegramEngineHistoryImport.swift,\ TelegramEngineItemCache.swift,\ Countries.swift,\ LocalizationInfo.swift,\ LocalizationListState.swift,\ LocalizationPreview.swift,\ Localizations.swift,\ SuggestedLocalizationEntry.swift,\ TelegramEngineLocalization.swift,\ AdMessages.swift,\ ApplyMaxReadIndexInteractively.swift,\ AttachMenuBots.swift,\ BotWebView.swift,\ CallList.swift,\ ChatList.swift,\ ClearCloudDrafts.swift,\ DeleteMessages.swift,\ DeleteMessagesInteractively.swift,\ EarliestUnseenPersonalMentionMessage.swift,\ EngineGroupCallDescription.swift,\ EngineStoryViewListContext.swift,\ ExportMessageLink.swift /Users/buddhirajgautam/Documents/Cherrygram-Mac/macOS-Swift/submodules/telegram-ios/submodules/TelegramCore/Sources/TelegramEngine/Data/PeersData.swift /Users/buddhirajgautam/Documents/Cherrygram-Mac/macOS-Swift/submodules/telegram-ios/submodules/TelegramCore/Sources/TelegramEngine/Data/TelegramEngineData.swift /Users/buddhirajgautam/Documents/Cherrygram-Mac/macOS-Swift/submodules/telegram-ios/submodules/TelegramCore/Sources/TelegramEngine/HistoryImport/TelegramEngineHistoryImport.swift /Users/buddhirajgautam/Documents/Cherrygram-Mac/macOS-Swift/submodules/telegram-ios/submodules/TelegramCore/Sources/TelegramEngine/ItemCache/TelegramEngineItemCache.swift /Users/buddhirajgautam/Documents/Cherrygram-Mac/macOS-Swift/submodules/telegram-ios/submodules/TelegramCore/Sources/TelegramEngine/Localization/Countries.swift /Users/buddhirajgautam/Documents/Cherrygram-Mac/macOS-Swift/submodules/telegram-ios/submodules/TelegramCore/Sources/TelegramEngine/Localization/LocalizationInfo.swift /Users/buddhirajgautam/Documents/Cherrygram-Mac/macOS-Swift/submodules/telegram-ios/submodules/TelegramCore/Sources/TelegramEngine/Localization/LocalizationListState.swift /Users/buddhirajgautam/Documents/Cherrygram-Mac/macOS-Swift/submodules/telegram-ios/submodules/TelegramCore/Sources/TelegramEngine/Localization/LocalizationPreview.swift /Users/buddhirajgautam/Documents/Cherrygram-Mac/macOS-Swift/submodules/telegram-ios/submodules/TelegramCore/Sources/TelegramEngine/Localization/Localizations.swift /Users/buddhirajgautam/Documents/Cherrygram-Mac/macOS-Swift/submodules/telegram-ios/submodules/TelegramCore/Sources/TelegramEngine/Localization/SuggestedLocalizationEntry.swift /Users/buddhirajgautam/Documents/Cherrygram-Mac/macOS-Swift/submodules/telegram-ios/submodules/TelegramCore/Sources/TelegramEngine/Localization/TelegramEngineLocalization.swift /Users/buddhirajgautam/Documents/Cherrygram-Mac/macOS-Swift/submodules/telegram-ios/submodules/TelegramCore/Sources/TelegramEngine/Messages/AdMessages.swift /Users/buddhirajgautam/Documents/Cherrygram-Mac/macOS-Swift/submodules/telegram-ios/submodules/TelegramCore/Sources/TelegramEngine/Messages/ApplyMaxReadIndexInteractively.swift /Users/buddhirajgautam/Documents/Cherrygram-Mac/macOS-Swift/submodules/telegram-ios/submodules/TelegramCore/Sources/TelegramEngine/Messages/AttachMenuBots.swift /Users/buddhirajgautam/Documents/Cherrygram-Mac/macOS-Swift/submodules/telegram-ios/submodules/TelegramCore/Sources/TelegramEngine/Messages/BotWebView.swift /Users/buddhirajgautam/Documents/Cherrygram-Mac/macOS-Swift/submodules/telegram-ios/submodules/TelegramCore/Sources/TelegramEngine/Messages/CallList.swift /Users/buddhirajgautam/Documents/Cherrygram-Mac/macOS-Swift/submodules/telegram-ios/submodules/TelegramCore/Sources/TelegramEngine/Messages/ChatList.swift /Users/buddhirajgautam/Documents/Cherrygram-Mac/macOS-Swift/submodules/telegram-ios/submodules/TelegramCore/Sources/TelegramEngine/Messages/ClearCloudDrafts.swift /Users/buddhirajgautam/Documents/Cherrygram-Mac/macOS-Swift/submodules/telegram-ios/submodules/TelegramCore/Sources/TelegramEngine/Messages/DeleteMessages.swift /Users/buddhirajgautam/Documents/Cherrygram-Mac/macOS-Swift/submodules/telegram-ios/submodules/TelegramCore/Sources/TelegramEngine/Messages/DeleteMessagesInteractively.swift /Users/buddhirajgautam/Documents/Cherrygram-Mac/macOS-Swift/submodules/telegram-ios/submodules/TelegramCore/Sources/TelegramEngine/Messages/EarliestUnseenPersonalMentionMessage.swift /Users/buddhirajgautam/Documents/Cherrygram-Mac/macOS-Swift/submodules/telegram-ios/submodules/TelegramCore/Sources/TelegramEngine/Messages/EngineGroupCallDescription.swift /Users/buddhirajgautam/Documents/Cherrygram-Mac/macOS-Swift/submodules/telegram-ios/submodules/TelegramCore/Sources/TelegramEngine/Messages/EngineStoryViewListContext.swift /Users/buddhirajgautam/Documents/Cherrygram-Mac/macOS-Swift/submodules/telegram-ios/submodules/TelegramCore/Sources/TelegramEngine/Messages/ExportMessageLink.swift (in target 'TelegramCore' from project 'TelegramCore')

SwiftCompile normal arm64 /Users/buddhirajgautam/Documents/Cherrygram-Mac/macOS-Swift/submodules/telegram-ios/submodules/TelegramCore/Sources/TelegramEngine/Data/PeersData.swift (in target 'TelegramCore' from project 'TelegramCore')
    cd /Users/buddhirajgautam/Documents/Cherrygram-Mac/macOS-Swift
    builtin-SwiftPerFileCompile PeersData.swift

SwiftCompile normal arm64 /Users/buddhirajgautam/Documents/Cherrygram-Mac/macOS-Swift/submodules/telegram-ios/submodules/TelegramCore/Sources/TelegramEngine/Data/TelegramEngineData.swift (in target 'TelegramCore' from project 'TelegramCore')
    cd /Users/buddhirajgautam/Documents/Cherrygram-Mac/macOS-Swift
    builtin-SwiftPerFileCompile TelegramEngineData.swift

SwiftCompile normal arm64 /Users/buddhirajgautam/Documents/Cherrygram-Mac/macOS-Swift/submodules/telegram-ios/submodules/TelegramCore/Sources/TelegramEngine/HistoryImport/TelegramEngineHistoryImport.swift (in target 'TelegramCore' from project 'TelegramCore')
    cd /Users/buddhirajgautam/Documents/Cherrygram-Mac/macOS-Swift
    builtin-SwiftPerFileCompile TelegramEngineHistoryImport.swift

SwiftCompile normal arm64 /Users/buddhirajgautam/Documents/Cherrygram-Mac/macOS-Swift/submodules/telegram-ios/submodules/TelegramCore/Sources/TelegramEngine/ItemCache/TelegramEngineItemCache.swift (in target 'TelegramCore' from project 'TelegramCore')
    cd /Users/buddhirajgautam/Documents/Cherrygram-Mac/macOS-Swift
    builtin-SwiftPerFileCompile TelegramEngineItemCache.swift

SwiftCompile normal arm64 /Users/buddhirajgautam/Documents/Cherrygram-Mac/macOS-Swift/submodules/telegram-ios/submodules/TelegramCore/Sources/TelegramEngine/Localization/Countries.swift (in target 'TelegramCore' from project 'TelegramCore')
    cd /Users/buddhirajgautam/Documents/Cherrygram-Mac/macOS-Swift
    builtin-SwiftPerFileCompile Countries.swift

SwiftCompile normal arm64 /Users/buddhirajgautam/Documents/Cherrygram-Mac/macOS-Swift/submodules/telegram-ios/submodules/TelegramCore/Sources/TelegramEngine/Localization/LocalizationInfo.swift (in target 'TelegramCore' from project 'TelegramCore')
    cd /Users/buddhirajgautam/Documents/Cherrygram-Mac/macOS-Swift
    builtin-SwiftPerFileCompile LocalizationInfo.swift

SwiftCompile normal arm64 /Users/buddhirajgautam/Documents/Cherrygram-Mac/macOS-Swift/submodules/telegram-ios/submodules/TelegramCore/Sources/TelegramEngine/Localization/LocalizationListState.swift (in target 'TelegramCore' from project 'TelegramCore')
    cd /Users/buddhirajgautam/Documents/Cherrygram-Mac/macOS-Swift
    builtin-SwiftPerFileCompile LocalizationListState.swift

SwiftCompile normal arm64 /Users/buddhirajgautam/Documents/Cherrygram-Mac/macOS-Swift/submodules/telegram-ios/submodules/TelegramCore/Sources/TelegramEngine/Localization/LocalizationPreview.swift (in target 'TelegramCore' from project 'TelegramCore')
    cd /Users/buddhirajgautam/Documents/Cherrygram-Mac/macOS-Swift
    builtin-SwiftPerFileCompile LocalizationPreview.swift

SwiftCompile normal arm64 /Users/buddhirajgautam/Documents/Cherrygram-Mac/macOS-Swift/submodules/telegram-ios/submodules/TelegramCore/Sources/TelegramEngine/Localization/Localizations.swift (in target 'TelegramCore' from project 'TelegramCore')
    cd /Users/buddhirajgautam/Documents/Cherrygram-Mac/macOS-Swift
    builtin-SwiftPerFileCompile Localizations.swift

SwiftCompile normal arm64 /Users/buddhirajgautam/Documents/Cherrygram-Mac/macOS-Swift/submodules/telegram-ios/submodules/TelegramCore/Sources/TelegramEngine/Localization/SuggestedLocalizationEntry.swift (in target 'TelegramCore' from project 'TelegramCore')
    cd /Users/buddhirajgautam/Documents/Cherrygram-Mac/macOS-Swift
    builtin-SwiftPerFileCompile SuggestedLocalizationEntry.swift

SwiftCompile normal arm64 /Users/buddhirajgautam/Documents/Cherrygram-Mac/macOS-Swift/submodules/telegram-ios/submodules/TelegramCore/Sources/TelegramEngine/Localization/TelegramEngineLocalization.swift (in target 'TelegramCore' from project 'TelegramCore')
    cd /Users/buddhirajgautam/Documents/Cherrygram-Mac/macOS-Swift
    builtin-SwiftPerFileCompile TelegramEngineLocalization.swift

SwiftCompile normal arm64 /Users/buddhirajgautam/Documents/Cherrygram-Mac/macOS-Swift/submodules/telegram-ios/submodules/TelegramCore/Sources/TelegramEngine/Messages/AdMessages.swift (in target 'TelegramCore' from project 'TelegramCore')
    cd /Users/buddhirajgautam/Documents/Cherrygram-Mac/macOS-Swift
    builtin-SwiftPerFileCompile AdMessages.swift

SwiftCompile normal arm64 /Users/buddhirajgautam/Documents/Cherrygram-Mac/macOS-Swift/submodules/telegram-ios/submodules/TelegramCore/Sources/TelegramEngine/Messages/ApplyMaxReadIndexInteractively.swift (in target 'TelegramCore' from project 'TelegramCore')
    cd /Users/buddhirajgautam/Documents/Cherrygram-Mac/macOS-Swift
    builtin-SwiftPerFileCompile ApplyMaxReadIndexInteractively.swift

SwiftCompile normal arm64 /Users/buddhirajgautam/Documents/Cherrygram-Mac/macOS-Swift/submodules/telegram-ios/submodules/TelegramCore/Sources/TelegramEngine/Messages/AttachMenuBots.swift (in target 'TelegramCore' from project 'TelegramCore')
    cd /Users/buddhirajgautam/Documents/Cherrygram-Mac/macOS-Swift
    builtin-SwiftPerFileCompile AttachMenuBots.swift

SwiftCompile normal arm64 /Users/buddhirajgautam/Documents/Cherrygram-Mac/macOS-Swift/submodules/telegram-ios/submodules/TelegramCore/Sources/TelegramEngine/Messages/BotWebView.swift (in target 'TelegramCore' from project 'TelegramCore')
    cd /Users/buddhirajgautam/Documents/Cherrygram-Mac/macOS-Swift
    builtin-SwiftPerFileCompile BotWebView.swift

SwiftCompile normal arm64 /Users/buddhirajgautam/Documents/Cherrygram-Mac/macOS-Swift/submodules/telegram-ios/submodules/TelegramCore/Sources/TelegramEngine/Messages/CallList.swift (in target 'TelegramCore' from project 'TelegramCore')
    cd /Users/buddhirajgautam/Documents/Cherrygram-Mac/macOS-Swift
    builtin-SwiftPerFileCompile CallList.swift

SwiftCompile normal arm64 /Users/buddhirajgautam/Documents/Cherrygram-Mac/macOS-Swift/submodules/telegram-ios/submodules/TelegramCore/Sources/TelegramEngine/Messages/ChatList.swift (in target 'TelegramCore' from project 'TelegramCore')
    cd /Users/buddhirajgautam/Documents/Cherrygram-Mac/macOS-Swift
    builtin-SwiftPerFileCompile ChatList.swift

SwiftCompile normal arm64 /Users/buddhirajgautam/Documents/Cherrygram-Mac/macOS-Swift/submodules/telegram-ios/submodules/TelegramCore/Sources/TelegramEngine/Messages/ClearCloudDrafts.swift (in target 'TelegramCore' from project 'TelegramCore')
    cd /Users/buddhirajgautam/Documents/Cherrygram-Mac/macOS-Swift
    builtin-SwiftPerFileCompile ClearCloudDrafts.swift

SwiftCompile normal arm64 /Users/buddhirajgautam/Documents/Cherrygram-Mac/macOS-Swift/submodules/telegram-ios/submodules/TelegramCore/Sources/TelegramEngine/Messages/DeleteMessages.swift (in target 'TelegramCore' from project 'TelegramCore')
    cd /Users/buddhirajgautam/Documents/Cherrygram-Mac/macOS-Swift
    builtin-SwiftPerFileCompile DeleteMessages.swift

SwiftCompile normal arm64 /Users/buddhirajgautam/Documents/Cherrygram-Mac/macOS-Swift/submodules/telegram-ios/submodules/TelegramCore/Sources/TelegramEngine/Messages/DeleteMessagesInteractively.swift (in target 'TelegramCore' from project 'TelegramCore')
    cd /Users/buddhirajgautam/Documents/Cherrygram-Mac/macOS-Swift
    builtin-SwiftPerFileCompile DeleteMessagesInteractively.swift

SwiftCompile normal arm64 /Users/buddhirajgautam/Documents/Cherrygram-Mac/macOS-Swift/submodules/telegram-ios/submodules/TelegramCore/Sources/TelegramEngine/Messages/EarliestUnseenPersonalMentionMessage.swift (in target 'TelegramCore' from project 'TelegramCore')
    cd /Users/buddhirajgautam/Documents/Cherrygram-Mac/macOS-Swift
    builtin-SwiftPerFileCompile EarliestUnseenPersonalMentionMessage.swift

SwiftCompile normal arm64 /Users/buddhirajgautam/Documents/Cherrygram-Mac/macOS-Swift/submodules/telegram-ios/submodules/TelegramCore/Sources/TelegramEngine/Messages/EngineGroupCallDescription.swift (in target 'TelegramCore' from project 'TelegramCore')
    cd /Users/buddhirajgautam/Documents/Cherrygram-Mac/macOS-Swift
    builtin-SwiftPerFileCompile EngineGroupCallDescription.swift

SwiftCompile normal arm64 /Users/buddhirajgautam/Documents/Cherrygram-Mac/macOS-Swift/submodules/telegram-ios/submodules/TelegramCore/Sources/TelegramEngine/Messages/EngineStoryViewListContext.swift (in target 'TelegramCore' from project 'TelegramCore')
    cd /Users/buddhirajgautam/Documents/Cherrygram-Mac/macOS-Swift
    builtin-SwiftPerFileCompile EngineStoryViewListContext.swift

SwiftCompile normal arm64 /Users/buddhirajgautam/Documents/Cherrygram-Mac/macOS-Swift/submodules/telegram-ios/submodules/TelegramCore/Sources/TelegramEngine/Messages/ExportMessageLink.swift (in target 'TelegramCore' from project 'TelegramCore')
    cd /Users/buddhirajgautam/Documents/Cherrygram-Mac/macOS-Swift
    builtin-SwiftPerFileCompile ExportMessageLink.swift

SwiftDriverJobDiscovery normal arm64 Compiling Control.swift, DatePicker.swift, DisplayLinkAnimator.swift, DisplayLinkDispatcher.swift, DraggingView.swift, DrawingContext.swift, DynamicCounterTextView.swift, EditableViewController.swift, EmojiFitzModifier.swift, Extensions.swift, FireTimerControl.swift, GenerateSvgThumb.swift, GridItem.swift, GridItemNode.swift, GridNode.swift, HorizontalRowView.swift (in target 'TGUIKit' from project 'TGUIKit')

SwiftCompile normal arm64 Compiling\ RequestMessageActionCallback.swift,\ RequestStartBot.swift,\ ScheduledMessages.swift,\ SearchMessages.swift,\ SendAsPeers.swift,\ SparseMessageList.swift,\ Stories.swift,\ StoryListContext.swift,\ TelegramEngineMessages.swift,\ TimeZones.swift,\ Todo.swift,\ Transcription.swift,\ Translate.swift,\ UpdatePinnedMessage.swift,\ TelegramEngineNotices.swift,\ TelegramEngineOrderedLists.swift,\ AppStore.swift,\ BankCards.swift,\ BotPaymentForm.swift,\ GiftCodes.swift,\ StarGifts.swift,\ StarGiftsCollections.swift,\ Stars.swift,\ TelegramEnginePayments.swift /Users/buddhirajgautam/Documents/Cherrygram-Mac/macOS-Swift/submodules/telegram-ios/submodules/TelegramCore/Sources/TelegramEngine/Messages/RequestMessageActionCallback.swift /Users/buddhirajgautam/Documents/Cherrygram-Mac/macOS-Swift/submodules/telegram-ios/submodules/TelegramCore/Sources/TelegramEngine/Messages/RequestStartBot.swift /Users/buddhirajgautam/Documents/Cherrygram-Mac/macOS-Swift/submodules/telegram-ios/submodules/TelegramCore/Sources/TelegramEngine/Messages/ScheduledMessages.swift /Users/buddhirajgautam/Documents/Cherrygram-Mac/macOS-Swift/submodules/telegram-ios/submodules/TelegramCore/Sources/TelegramEngine/Messages/SearchMessages.swift /Users/buddhirajgautam/Documents/Cherrygram-Mac/macOS-Swift/submodules/telegram-ios/submodules/TelegramCore/Sources/TelegramEngine/Messages/SendAsPeers.swift /Users/buddhirajgautam/Documents/Cherrygram-Mac/macOS-Swift/submodules/telegram-ios/submodules/TelegramCore/Sources/TelegramEngine/Messages/SparseMessageList.swift /Users/buddhirajgautam/Documents/Cherrygram-Mac/macOS-Swift/submodules/telegram-ios/submodules/TelegramCore/Sources/TelegramEngine/Messages/Stories.swift /Users/buddhirajgautam/Documents/Cherrygram-Mac/macOS-Swift/submodules/telegram-ios/submodules/TelegramCore/Sources/TelegramEngine/Messages/StoryListContext.swift /Users/buddhirajgautam/Documents/Cherrygram-Mac/macOS-Swift/submodules/telegram-ios/submodules/TelegramCore/Sources/TelegramEngine/Messages/TelegramEngineMessages.swift /Users/buddhirajgautam/Documents/Cherrygram-Mac/macOS-Swift/submodules/telegram-ios/submodules/TelegramCore/Sources/TelegramEngine/Messages/TimeZones.swift /Users/buddhirajgautam/Documents/Cherrygram-Mac/macOS-Swift/submodules/telegram-ios/submodules/TelegramCore/Sources/TelegramEngine/Messages/Todo.swift /Users/buddhirajgautam/Documents/Cherrygram-Mac/macOS-Swift/submodules/telegram-ios/submodules/TelegramCore/Sources/TelegramEngine/Messages/Transcription.swift /Users/buddhirajgautam/Documents/Cherrygram-Mac/macOS-Swift/submodules/telegram-ios/submodules/TelegramCore/Sources/TelegramEngine/Messages/Translate.swift /Users/buddhirajgautam/Documents/Cherrygram-Mac/macOS-Swift/submodules/telegram-ios/submodules/TelegramCore/Sources/TelegramEngine/Messages/UpdatePinnedMessage.swift /Users/buddhirajgautam/Documents/Cherrygram-Mac/macOS-Swift/submodules/telegram-ios/submodules/TelegramCore/Sources/TelegramEngine/Notices/TelegramEngineNotices.swift /Users/buddhirajgautam/Documents/Cherrygram-Mac/macOS-Swift/submodules/telegram-ios/submodules/TelegramCore/Sources/TelegramEngine/OrderedLists/TelegramEngineOrderedLists.swift /Users/buddhirajgautam/Documents/Cherrygram-Mac/macOS-Swift/submodules/telegram-ios/submodules/TelegramCore/Sources/TelegramEngine/Payments/AppStore.swift /Users/buddhirajgautam/Documents/Cherrygram-Mac/macOS-Swift/submodules/telegram-ios/submodules/TelegramCore/Sources/TelegramEngine/Payments/BankCards.swift /Users/buddhirajgautam/Documents/Cherrygram-Mac/macOS-Swift/submodules/telegram-ios/submodules/TelegramCore/Sources/TelegramEngine/Payments/BotPaymentForm.swift /Users/buddhirajgautam/Documents/Cherrygram-Mac/macOS-Swift/submodules/telegram-ios/submodules/TelegramCore/Sources/TelegramEngine/Payments/GiftCodes.swift /Users/buddhirajgautam/Documents/Cherrygram-Mac/macOS-Swift/submodules/telegram-ios/submodules/TelegramCore/Sources/TelegramEngine/Payments/StarGifts.swift /Users/buddhirajgautam/Documents/Cherrygram-Mac/macOS-Swift/submodules/telegram-ios/submodules/TelegramCore/Sources/TelegramEngine/Payments/StarGiftsCollections.swift /Users/buddhirajgautam/Documents/Cherrygram-Mac/macOS-Swift/submodules/telegram-ios/submodules/TelegramCore/Sources/TelegramEngine/Payments/Stars.swift /Users/buddhirajgautam/Documents/Cherrygram-Mac/macOS-Swift/submodules/telegram-ios/submodules/TelegramCore/Sources/TelegramEngine/Payments/TelegramEnginePayments.swift (in target 'TelegramCore' from project 'TelegramCore')

SwiftCompile normal arm64 /Users/buddhirajgautam/Documents/Cherrygram-Mac/macOS-Swift/submodules/telegram-ios/submodules/TelegramCore/Sources/TelegramEngine/Messages/RequestMessageActionCallback.swift (in target 'TelegramCore' from project 'TelegramCore')
    cd /Users/buddhirajgautam/Documents/Cherrygram-Mac/macOS-Swift
    builtin-SwiftPerFileCompile RequestMessageActionCallback.swift

SwiftCompile normal arm64 /Users/buddhirajgautam/Documents/Cherrygram-Mac/macOS-Swift/submodules/telegram-ios/submodules/TelegramCore/Sources/TelegramEngine/Messages/RequestStartBot.swift (in target 'TelegramCore' from project 'TelegramCore')
    cd /Users/buddhirajgautam/Documents/Cherrygram-Mac/macOS-Swift
    builtin-SwiftPerFileCompile RequestStartBot.swift

SwiftCompile normal arm64 /Users/buddhirajgautam/Documents/Cherrygram-Mac/macOS-Swift/submodules/telegram-ios/submodules/TelegramCore/Sources/TelegramEngine/Messages/ScheduledMessages.swift (in target 'TelegramCore' from project 'TelegramCore')
    cd /Users/buddhirajgautam/Documents/Cherrygram-Mac/macOS-Swift
    builtin-SwiftPerFileCompile ScheduledMessages.swift

SwiftCompile normal arm64 /Users/buddhirajgautam/Documents/Cherrygram-Mac/macOS-Swift/submodules/telegram-ios/submodules/TelegramCore/Sources/TelegramEngine/Messages/SearchMessages.swift (in target 'TelegramCore' from project 'TelegramCore')
    cd /Users/buddhirajgautam/Documents/Cherrygram-Mac/macOS-Swift
    builtin-SwiftPerFileCompile SearchMessages.swift

SwiftCompile normal arm64 /Users/buddhirajgautam/Documents/Cherrygram-Mac/macOS-Swift/submodules/telegram-ios/submodules/TelegramCore/Sources/TelegramEngine/Messages/SendAsPeers.swift (in target 'TelegramCore' from project 'TelegramCore')
    cd /Users/buddhirajgautam/Documents/Cherrygram-Mac/macOS-Swift
    builtin-SwiftPerFileCompile SendAsPeers.swift

SwiftCompile normal arm64 /Users/buddhirajgautam/Documents/Cherrygram-Mac/macOS-Swift/submodules/telegram-ios/submodules/TelegramCore/Sources/TelegramEngine/Messages/SparseMessageList.swift (in target 'TelegramCore' from project 'TelegramCore')
    cd /Users/buddhirajgautam/Documents/Cherrygram-Mac/macOS-Swift
    builtin-SwiftPerFileCompile SparseMessageList.swift

SwiftCompile normal arm64 /Users/buddhirajgautam/Documents/Cherrygram-Mac/macOS-Swift/submodules/telegram-ios/submodules/TelegramCore/Sources/TelegramEngine/Messages/Stories.swift (in target 'TelegramCore' from project 'TelegramCore')
    cd /Users/buddhirajgautam/Documents/Cherrygram-Mac/macOS-Swift
    builtin-SwiftPerFileCompile Stories.swift

SwiftCompile normal arm64 /Users/buddhirajgautam/Documents/Cherrygram-Mac/macOS-Swift/submodules/telegram-ios/submodules/TelegramCore/Sources/TelegramEngine/Messages/StoryListContext.swift (in target 'TelegramCore' from project 'TelegramCore')
    cd /Users/buddhirajgautam/Documents/Cherrygram-Mac/macOS-Swift
    builtin-SwiftPerFileCompile StoryListContext.swift

SwiftCompile normal arm64 /Users/buddhirajgautam/Documents/Cherrygram-Mac/macOS-Swift/submodules/telegram-ios/submodules/TelegramCore/Sources/TelegramEngine/Messages/TelegramEngineMessages.swift (in target 'TelegramCore' from project 'TelegramCore')
    cd /Users/buddhirajgautam/Documents/Cherrygram-Mac/macOS-Swift
    builtin-SwiftPerFileCompile TelegramEngineMessages.swift

SwiftCompile normal arm64 /Users/buddhirajgautam/Documents/Cherrygram-Mac/macOS-Swift/submodules/telegram-ios/submodules/TelegramCore/Sources/TelegramEngine/Messages/TimeZones.swift (in target 'TelegramCore' from project 'TelegramCore')
    cd /Users/buddhirajgautam/Documents/Cherrygram-Mac/macOS-Swift
    builtin-SwiftPerFileCompile TimeZones.swift

SwiftCompile normal arm64 /Users/buddhirajgautam/Documents/Cherrygram-Mac/macOS-Swift/submodules/telegram-ios/submodules/TelegramCore/Sources/TelegramEngine/Messages/Todo.swift (in target 'TelegramCore' from project 'TelegramCore')
    cd /Users/buddhirajgautam/Documents/Cherrygram-Mac/macOS-Swift
    builtin-SwiftPerFileCompile Todo.swift

SwiftCompile normal arm64 /Users/buddhirajgautam/Documents/Cherrygram-Mac/macOS-Swift/submodules/telegram-ios/submodules/TelegramCore/Sources/TelegramEngine/Messages/Transcription.swift (in target 'TelegramCore' from project 'TelegramCore')
    cd /Users/buddhirajgautam/Documents/Cherrygram-Mac/macOS-Swift
    builtin-SwiftPerFileCompile Transcription.swift

SwiftCompile normal arm64 /Users/buddhirajgautam/Documents/Cherrygram-Mac/macOS-Swift/submodules/telegram-ios/submodules/TelegramCore/Sources/TelegramEngine/Messages/Translate.swift (in target 'TelegramCore' from project 'TelegramCore')
    cd /Users/buddhirajgautam/Documents/Cherrygram-Mac/macOS-Swift
    builtin-SwiftPerFileCompile Translate.swift

SwiftCompile normal arm64 /Users/buddhirajgautam/Documents/Cherrygram-Mac/macOS-Swift/submodules/telegram-ios/submodules/TelegramCore/Sources/TelegramEngine/Messages/UpdatePinnedMessage.swift (in target 'TelegramCore' from project 'TelegramCore')
    cd /Users/buddhirajgautam/Documents/Cherrygram-Mac/macOS-Swift
    builtin-SwiftPerFileCompile UpdatePinnedMessage.swift

SwiftCompile normal arm64 /Users/buddhirajgautam/Documents/Cherrygram-Mac/macOS-Swift/submodules/telegram-ios/submodules/TelegramCore/Sources/TelegramEngine/Notices/TelegramEngineNotices.swift (in target 'TelegramCore' from project 'TelegramCore')
    cd /Users/buddhirajgautam/Documents/Cherrygram-Mac/macOS-Swift
    builtin-SwiftPerFileCompile TelegramEngineNotices.swift

SwiftCompile normal arm64 /Users/buddhirajgautam/Documents/Cherrygram-Mac/macOS-Swift/submodules/telegram-ios/submodules/TelegramCore/Sources/TelegramEngine/OrderedLists/TelegramEngineOrderedLists.swift (in target 'TelegramCore' from project 'TelegramCore')
    cd /Users/buddhirajgautam/Documents/Cherrygram-Mac/macOS-Swift
    builtin-SwiftPerFileCompile TelegramEngineOrderedLists.swift

SwiftCompile normal arm64 /Users/buddhirajgautam/Documents/Cherrygram-Mac/macOS-Swift/submodules/telegram-ios/submodules/TelegramCore/Sources/TelegramEngine/Payments/AppStore.swift (in target 'TelegramCore' from project 'TelegramCore')
    cd /Users/buddhirajgautam/Documents/Cherrygram-Mac/macOS-Swift
    builtin-SwiftPerFileCompile AppStore.swift

SwiftCompile normal arm64 /Users/buddhirajgautam/Documents/Cherrygram-Mac/macOS-Swift/submodules/telegram-ios/submodules/TelegramCore/Sources/TelegramEngine/Payments/BankCards.swift (in target 'TelegramCore' from project 'TelegramCore')
    cd /Users/buddhirajgautam/Documents/Cherrygram-Mac/macOS-Swift
    builtin-SwiftPerFileCompile BankCards.swift

SwiftCompile normal arm64 /Users/buddhirajgautam/Documents/Cherrygram-Mac/macOS-Swift/submodules/telegram-ios/submodules/TelegramCore/Sources/TelegramEngine/Payments/BotPaymentForm.swift (in target 'TelegramCore' from project 'TelegramCore')
    cd /Users/buddhirajgautam/Documents/Cherrygram-Mac/macOS-Swift
    builtin-SwiftPerFileCompile BotPaymentForm.swift

SwiftCompile normal arm64 /Users/buddhirajgautam/Documents/Cherrygram-Mac/macOS-Swift/submodules/telegram-ios/submodules/TelegramCore/Sources/TelegramEngine/Payments/GiftCodes.swift (in target 'TelegramCore' from project 'TelegramCore')
    cd /Users/buddhirajgautam/Documents/Cherrygram-Mac/macOS-Swift
    builtin-SwiftPerFileCompile GiftCodes.swift

SwiftCompile normal arm64 /Users/buddhirajgautam/Documents/Cherrygram-Mac/macOS-Swift/submodules/telegram-ios/submodules/TelegramCore/Sources/TelegramEngine/Payments/StarGifts.swift (in target 'TelegramCore' from project 'TelegramCore')
    cd /Users/buddhirajgautam/Documents/Cherrygram-Mac/macOS-Swift
    builtin-SwiftPerFileCompile StarGifts.swift

SwiftCompile normal arm64 /Users/buddhirajgautam/Documents/Cherrygram-Mac/macOS-Swift/submodules/telegram-ios/submodules/TelegramCore/Sources/TelegramEngine/Payments/StarGiftsCollections.swift (in target 'TelegramCore' from project 'TelegramCore')
    cd /Users/buddhirajgautam/Documents/Cherrygram-Mac/macOS-Swift
    builtin-SwiftPerFileCompile StarGiftsCollections.swift

SwiftCompile normal arm64 /Users/buddhirajgautam/Documents/Cherrygram-Mac/macOS-Swift/submodules/telegram-ios/submodules/TelegramCore/Sources/TelegramEngine/Payments/Stars.swift (in target 'TelegramCore' from project 'TelegramCore')
    cd /Users/buddhirajgautam/Documents/Cherrygram-Mac/macOS-Swift
    builtin-SwiftPerFileCompile Stars.swift

SwiftCompile normal arm64 /Users/buddhirajgautam/Documents/Cherrygram-Mac/macOS-Swift/submodules/telegram-ios/submodules/TelegramCore/Sources/TelegramEngine/Payments/TelegramEnginePayments.swift (in target 'TelegramCore' from project 'TelegramCore')
    cd /Users/buddhirajgautam/Documents/Cherrygram-Mac/macOS-Swift
    builtin-SwiftPerFileCompile TelegramEnginePayments.swift

SwiftDriverJobDiscovery normal arm64 Compiling ExtendedMedia.swift, FactCheck.swift, FeedHistory.swift, ForwardGame.swift, InstallInteractiveReadMessagesAction.swift, LoadMessagesIfNecessary.swift, MarkAllChatsAsRead.swift, MarkMessageContentAsConsumedInteractively.swift, Media.swift, MediaArea.swift, Message.swift, MessageReadStats.swift, OutgoingMessageWithChatContextResult.swift, PeerLiveLocationsContext.swift, PendingStoryManager.swift, Polls.swift, PreparedInlineMessages.swift, QuickReplyMessages.swift, RecentlyUsedHashtags.swift, ReplyThreadHistory.swift, ReportAds.swift, ReportContent.swift, ReportMessageDelivery.swift, RequestChatContextResults.swift (in target 'TelegramCore' from project 'TelegramCore')

SwiftCompile normal arm64 Compiling\ Account.swift,\ AccountIntermediateState.swift,\ AccountManager.swift,\ AccessChallengeDataView.swift,\ AccountManagerAtomicState.swift,\ AccountManagerImpl.swift,\ AccountManagerMetadataTable.swift,\ AccountManagerRecordTable.swift,\ AccountManagerSharedDataTable.swift,\ AccountRecord.swift,\ AccountRecordsView.swift,\ AccountSharedData.swift,\ NoticeEntryView.swift,\ AdMessageAttribute.swift,\ ApiGroupOrChannel.swift,\ ApiUtils.swift,\ BotInfo.swift,\ CachedChannelParticipants.swift,\ CachedGroupParticipants.swift,\ ChatContextResult.swift,\ CloudFileMediaResource.swift,\ CloudMediaResourceParameters.swift,\ EncryptedMediaResource.swift,\ ExportedInvitation.swift,\ ImageRepresentationWithReference.swift /Users/buddhirajgautam/Documents/Cherrygram-Mac/macOS-Swift/submodules/telegram-ios/submodules/TelegramCore/Sources/Account/Account.swift /Users/buddhirajgautam/Documents/Cherrygram-Mac/macOS-Swift/submodules/telegram-ios/submodules/TelegramCore/Sources/Account/AccountIntermediateState.swift /Users/buddhirajgautam/Documents/Cherrygram-Mac/macOS-Swift/submodules/telegram-ios/submodules/TelegramCore/Sources/Account/AccountManager.swift /Users/buddhirajgautam/Documents/Cherrygram-Mac/macOS-Swift/submodules/telegram-ios/submodules/TelegramCore/Sources/AccountManager/AccessChallengeDataView.swift /Users/buddhirajgautam/Documents/Cherrygram-Mac/macOS-Swift/submodules/telegram-ios/submodules/TelegramCore/Sources/AccountManager/AccountManagerAtomicState.swift /Users/buddhirajgautam/Documents/Cherrygram-Mac/macOS-Swift/submodules/telegram-ios/submodules/TelegramCore/Sources/AccountManager/AccountManagerImpl.swift /Users/buddhirajgautam/Documents/Cherrygram-Mac/macOS-Swift/submodules/telegram-ios/submodules/TelegramCore/Sources/AccountManager/AccountManagerMetadataTable.swift /Users/buddhirajgautam/Documents/Cherrygram-Mac/macOS-Swift/submodules/telegram-ios/submodules/TelegramCore/Sources/AccountManager/AccountManagerRecordTable.swift /Users/buddhirajgautam/Documents/Cherrygram-Mac/macOS-Swift/submodules/telegram-ios/submodules/TelegramCore/Sources/AccountManager/AccountManagerSharedDataTable.swift /Users/buddhirajgautam/Documents/Cherrygram-Mac/macOS-Swift/submodules/telegram-ios/submodules/TelegramCore/Sources/AccountManager/AccountRecord.swift /Users/buddhirajgautam/Documents/Cherrygram-Mac/macOS-Swift/submodules/telegram-ios/submodules/TelegramCore/Sources/AccountManager/AccountRecordsView.swift /Users/buddhirajgautam/Documents/Cherrygram-Mac/macOS-Swift/submodules/telegram-ios/submodules/TelegramCore/Sources/AccountManager/AccountSharedData.swift /Users/buddhirajgautam/Documents/Cherrygram-Mac/macOS-Swift/submodules/telegram-ios/submodules/TelegramCore/Sources/AccountManager/NoticeEntryView.swift /Users/buddhirajgautam/Documents/Cherrygram-Mac/macOS-Swift/submodules/telegram-ios/submodules/TelegramCore/Sources/ApiUtils/AdMessageAttribute.swift /Users/buddhirajgautam/Documents/Cherrygram-Mac/macOS-Swift/submodules/telegram-ios/submodules/TelegramCore/Sources/ApiUtils/ApiGroupOrChannel.swift /Users/buddhirajgautam/Documents/Cherrygram-Mac/macOS-Swift/submodules/telegram-ios/submodules/TelegramCore/Sources/ApiUtils/ApiUtils.swift /Users/buddhirajgautam/Documents/Cherrygram-Mac/macOS-Swift/submodules/telegram-ios/submodules/TelegramCore/Sources/ApiUtils/BotInfo.swift /Users/buddhirajgautam/Documents/Cherrygram-Mac/macOS-Swift/submodules/telegram-ios/submodules/TelegramCore/Sources/ApiUtils/CachedChannelParticipants.swift /Users/buddhirajgautam/Documents/Cherrygram-Mac/macOS-Swift/submodules/telegram-ios/submodules/TelegramCore/Sources/ApiUtils/CachedGroupParticipants.swift /Users/buddhirajgautam/Documents/Cherrygram-Mac/macOS-Swift/submodules/telegram-ios/submodules/TelegramCore/Sources/ApiUtils/ChatContextResult.swift /Users/buddhirajgautam/Documents/Cherrygram-Mac/macOS-Swift/submodules/telegram-ios/submodules/TelegramCore/Sources/ApiUtils/CloudFileMediaResource.swift /Users/buddhirajgautam/Documents/Cherrygram-Mac/macOS-Swift/submodules/telegram-ios/submodules/TelegramCore/Sources/ApiUtils/CloudMediaResourceParameters.swift /Users/buddhirajgautam/Documents/Cherrygram-Mac/macOS-Swift/submodules/telegram-ios/submodules/TelegramCore/Sources/ApiUtils/EncryptedMediaResource.swift /Users/buddhirajgautam/Documents/Cherrygram-Mac/macOS-Swift/submodules/telegram-ios/submodules/TelegramCore/Sources/ApiUtils/ExportedInvitation.swift /Users/buddhirajgautam/Documents/Cherrygram-Mac/macOS-Swift/submodules/telegram-ios/submodules/TelegramCore/Sources/ApiUtils/ImageRepresentationWithReference.swift (in target 'TelegramCore' from project 'TelegramCore')
/Users/buddhirajgautam/Documents/Cherrygram-Mac/macOS-Swift/submodules/telegram-ios/submodules/TelegramCore/Sources/Account/Account.swift:1612:78: warning: 'weak' ownership of capture 'postbox' differs from implicitly-captured strong reference in outer scope [#ImplicitStrongCapture]
1559 |                 return (nil, transaction.getSharedData(SharedDataKeys.proxySettings)?.get(ProxySettings.self))
1560 |             }
1561 |             |> mapToSignal { localizationSettings, proxySettings -> Signal<AccountStateManager?, NoError> in
     |                            |- note: 'postbox' implicitly strongly captured here
     |                            `- note: add 'postbox' as a capture list item to silence
1562 |                 Logger.shared.log("StandaloneStateManager", "Received settings")
1563 |                 
     :
1610 |                                     Logger.shared.log("StandaloneStateManager", "received network")
1611 |                                     
1612 |                                     postbox.mediaBox.fetchResource = { [weak postbox] resource, intervals, parameters -> Signal<MediaResourceDataFetchResult, MediaResourceDataFetchError> in
     |                                                                              |- warning: 'weak' ownership of capture 'postbox' differs from implicitly-captured strong reference in outer scope [#ImplicitStrongCapture]
     |                                                                              `- note: explicitly assign the capture list item to silence
1613 |                                         guard let postbox = postbox else {
1614 |                                             return .never()

[#ImplicitStrongCapture]: <https://docs.swift.org/compiler/documentation/diagnostics/implicit-strong-capture>

SwiftCompile normal arm64 /Users/buddhirajgautam/Documents/Cherrygram-Mac/macOS-Swift/submodules/telegram-ios/submodules/TelegramCore/Sources/Account/Account.swift (in target 'TelegramCore' from project 'TelegramCore')
    cd /Users/buddhirajgautam/Documents/Cherrygram-Mac/macOS-Swift
    builtin-SwiftPerFileCompile Account.swift

SwiftCompile normal arm64 /Users/buddhirajgautam/Documents/Cherrygram-Mac/macOS-Swift/submodules/telegram-ios/submodules/TelegramCore/Sources/Account/AccountIntermediateState.swift (in target 'TelegramCore' from project 'TelegramCore')
    cd /Users/buddhirajgautam/Documents/Cherrygram-Mac/macOS-Swift
    builtin-SwiftPerFileCompile AccountIntermediateState.swift

SwiftCompile normal arm64 /Users/buddhirajgautam/Documents/Cherrygram-Mac/macOS-Swift/submodules/telegram-ios/submodules/TelegramCore/Sources/Account/AccountManager.swift (in target 'TelegramCore' from project 'TelegramCore')
    cd /Users/buddhirajgautam/Documents/Cherrygram-Mac/macOS-Swift
    builtin-SwiftPerFileCompile AccountManager.swift

SwiftCompile normal arm64 /Users/buddhirajgautam/Documents/Cherrygram-Mac/macOS-Swift/submodules/telegram-ios/submodules/TelegramCore/Sources/AccountManager/AccessChallengeDataView.swift (in target 'TelegramCore' from project 'TelegramCore')
    cd /Users/buddhirajgautam/Documents/Cherrygram-Mac/macOS-Swift
    builtin-SwiftPerFileCompile AccessChallengeDataView.swift

SwiftCompile normal arm64 /Users/buddhirajgautam/Documents/Cherrygram-Mac/macOS-Swift/submodules/telegram-ios/submodules/TelegramCore/Sources/AccountManager/AccountManagerAtomicState.swift (in target 'TelegramCore' from project 'TelegramCore')
    cd /Users/buddhirajgautam/Documents/Cherrygram-Mac/macOS-Swift
    builtin-SwiftPerFileCompile AccountManagerAtomicState.swift

SwiftCompile normal arm64 /Users/buddhirajgautam/Documents/Cherrygram-Mac/macOS-Swift/submodules/telegram-ios/submodules/TelegramCore/Sources/AccountManager/AccountManagerImpl.swift (in target 'TelegramCore' from project 'TelegramCore')
    cd /Users/buddhirajgautam/Documents/Cherrygram-Mac/macOS-Swift
    builtin-SwiftPerFileCompile AccountManagerImpl.swift

SwiftCompile normal arm64 /Users/buddhirajgautam/Documents/Cherrygram-Mac/macOS-Swift/submodules/telegram-ios/submodules/TelegramCore/Sources/AccountManager/AccountManagerMetadataTable.swift (in target 'TelegramCore' from project 'TelegramCore')
    cd /Users/buddhirajgautam/Documents/Cherrygram-Mac/macOS-Swift
    builtin-SwiftPerFileCompile AccountManagerMetadataTable.swift

SwiftCompile normal arm64 /Users/buddhirajgautam/Documents/Cherrygram-Mac/macOS-Swift/submodules/telegram-ios/submodules/TelegramCore/Sources/AccountManager/AccountManagerRecordTable.swift (in target 'TelegramCore' from project 'TelegramCore')
    cd /Users/buddhirajgautam/Documents/Cherrygram-Mac/macOS-Swift
    builtin-SwiftPerFileCompile AccountManagerRecordTable.swift

SwiftCompile normal arm64 /Users/buddhirajgautam/Documents/Cherrygram-Mac/macOS-Swift/submodules/telegram-ios/submodules/TelegramCore/Sources/AccountManager/AccountManagerSharedDataTable.swift (in target 'TelegramCore' from project 'TelegramCore')
    cd /Users/buddhirajgautam/Documents/Cherrygram-Mac/macOS-Swift
    builtin-SwiftPerFileCompile AccountManagerSharedDataTable.swift

SwiftCompile normal arm64 /Users/buddhirajgautam/Documents/Cherrygram-Mac/macOS-Swift/submodules/telegram-ios/submodules/TelegramCore/Sources/AccountManager/AccountRecord.swift (in target 'TelegramCore' from project 'TelegramCore')
    cd /Users/buddhirajgautam/Documents/Cherrygram-Mac/macOS-Swift
    builtin-SwiftPerFileCompile AccountRecord.swift

SwiftCompile normal arm64 /Users/buddhirajgautam/Documents/Cherrygram-Mac/macOS-Swift/submodules/telegram-ios/submodules/TelegramCore/Sources/AccountManager/AccountRecordsView.swift (in target 'TelegramCore' from project 'TelegramCore')
    cd /Users/buddhirajgautam/Documents/Cherrygram-Mac/macOS-Swift
    builtin-SwiftPerFileCompile AccountRecordsView.swift

SwiftCompile normal arm64 /Users/buddhirajgautam/Documents/Cherrygram-Mac/macOS-Swift/submodules/telegram-ios/submodules/TelegramCore/Sources/AccountManager/AccountSharedData.swift (in target 'TelegramCore' from project 'TelegramCore')
    cd /Users/buddhirajgautam/Documents/Cherrygram-Mac/macOS-Swift
    builtin-SwiftPerFileCompile AccountSharedData.swift

SwiftCompile normal arm64 /Users/buddhirajgautam/Documents/Cherrygram-Mac/macOS-Swift/submodules/telegram-ios/submodules/TelegramCore/Sources/AccountManager/NoticeEntryView.swift (in target 'TelegramCore' from project 'TelegramCore')
    cd /Users/buddhirajgautam/Documents/Cherrygram-Mac/macOS-Swift
    builtin-SwiftPerFileCompile NoticeEntryView.swift

SwiftCompile normal arm64 /Users/buddhirajgautam/Documents/Cherrygram-Mac/macOS-Swift/submodules/telegram-ios/submodules/TelegramCore/Sources/ApiUtils/AdMessageAttribute.swift (in target 'TelegramCore' from project 'TelegramCore')
    cd /Users/buddhirajgautam/Documents/Cherrygram-Mac/macOS-Swift
    builtin-SwiftPerFileCompile AdMessageAttribute.swift

SwiftCompile normal arm64 /Users/buddhirajgautam/Documents/Cherrygram-Mac/macOS-Swift/submodules/telegram-ios/submodules/TelegramCore/Sources/ApiUtils/ApiGroupOrChannel.swift (in target 'TelegramCore' from project 'TelegramCore')
    cd /Users/buddhirajgautam/Documents/Cherrygram-Mac/macOS-Swift
    builtin-SwiftPerFileCompile ApiGroupOrChannel.swift

SwiftCompile normal arm64 /Users/buddhirajgautam/Documents/Cherrygram-Mac/macOS-Swift/submodules/telegram-ios/submodules/TelegramCore/Sources/ApiUtils/ApiUtils.swift (in target 'TelegramCore' from project 'TelegramCore')
    cd /Users/buddhirajgautam/Documents/Cherrygram-Mac/macOS-Swift
    builtin-SwiftPerFileCompile ApiUtils.swift

SwiftCompile normal arm64 /Users/buddhirajgautam/Documents/Cherrygram-Mac/macOS-Swift/submodules/telegram-ios/submodules/TelegramCore/Sources/ApiUtils/BotInfo.swift (in target 'TelegramCore' from project 'TelegramCore')
    cd /Users/buddhirajgautam/Documents/Cherrygram-Mac/macOS-Swift
    builtin-SwiftPerFileCompile BotInfo.swift

SwiftCompile normal arm64 /Users/buddhirajgautam/Documents/Cherrygram-Mac/macOS-Swift/submodules/telegram-ios/submodules/TelegramCore/Sources/ApiUtils/CachedChannelParticipants.swift (in target 'TelegramCore' from project 'TelegramCore')
    cd /Users/buddhirajgautam/Documents/Cherrygram-Mac/macOS-Swift
    builtin-SwiftPerFileCompile CachedChannelParticipants.swift

SwiftCompile normal arm64 /Users/buddhirajgautam/Documents/Cherrygram-Mac/macOS-Swift/submodules/telegram-ios/submodules/TelegramCore/Sources/ApiUtils/CachedGroupParticipants.swift (in target 'TelegramCore' from project 'TelegramCore')
    cd /Users/buddhirajgautam/Documents/Cherrygram-Mac/macOS-Swift
    builtin-SwiftPerFileCompile CachedGroupParticipants.swift

SwiftCompile normal arm64 /Users/buddhirajgautam/Documents/Cherrygram-Mac/macOS-Swift/submodules/telegram-ios/submodules/TelegramCore/Sources/ApiUtils/ChatContextResult.swift (in target 'TelegramCore' from project 'TelegramCore')
    cd /Users/buddhirajgautam/Documents/Cherrygram-Mac/macOS-Swift
    builtin-SwiftPerFileCompile ChatContextResult.swift

SwiftCompile normal arm64 /Users/buddhirajgautam/Documents/Cherrygram-Mac/macOS-Swift/submodules/telegram-ios/submodules/TelegramCore/Sources/ApiUtils/CloudFileMediaResource.swift (in target 'TelegramCore' from project 'TelegramCore')
    cd /Users/buddhirajgautam/Documents/Cherrygram-Mac/macOS-Swift
    builtin-SwiftPerFileCompile CloudFileMediaResource.swift

SwiftCompile normal arm64 /Users/buddhirajgautam/Documents/Cherrygram-Mac/macOS-Swift/submodules/telegram-ios/submodules/TelegramCore/Sources/ApiUtils/CloudMediaResourceParameters.swift (in target 'TelegramCore' from project 'TelegramCore')
    cd /Users/buddhirajgautam/Documents/Cherrygram-Mac/macOS-Swift
    builtin-SwiftPerFileCompile CloudMediaResourceParameters.swift

SwiftCompile normal arm64 /Users/buddhirajgautam/Documents/Cherrygram-Mac/macOS-Swift/submodules/telegram-ios/submodules/TelegramCore/Sources/ApiUtils/EncryptedMediaResource.swift (in target 'TelegramCore' from project 'TelegramCore')
    cd /Users/buddhirajgautam/Documents/Cherrygram-Mac/macOS-Swift
    builtin-SwiftPerFileCompile EncryptedMediaResource.swift

SwiftCompile normal arm64 /Users/buddhirajgautam/Documents/Cherrygram-Mac/macOS-Swift/submodules/telegram-ios/submodules/TelegramCore/Sources/ApiUtils/ExportedInvitation.swift (in target 'TelegramCore' from project 'TelegramCore')
    cd /Users/buddhirajgautam/Documents/Cherrygram-Mac/macOS-Swift
    builtin-SwiftPerFileCompile ExportedInvitation.swift

SwiftCompile normal arm64 /Users/buddhirajgautam/Documents/Cherrygram-Mac/macOS-Swift/submodules/telegram-ios/submodules/TelegramCore/Sources/ApiUtils/ImageRepresentationWithReference.swift (in target 'TelegramCore' from project 'TelegramCore')
    cd /Users/buddhirajgautam/Documents/Cherrygram-Mac/macOS-Swift
    builtin-SwiftPerFileCompile ImageRepresentationWithReference.swift

SwiftDriverJobDiscovery normal arm64 Compiling InstantPage.swift, MediaResourceApiUtils.swift, PeerAccessRestrictionInfo.swift, PeerGeoLocation.swift, ReactionsMessageAttribute.swift, RemoteStorageConfiguration.swift, ReplyMarkupMessageAttribute.swift, RichText.swift, StoreMessage_Telegram.swift, TelegramChannel.swift, TelegramChannelAdminRights.swift, TelegramChannelBannedRights.swift, TelegramExtendedMedia.swift, TelegramGroup.swift, TelegramInvertMediaMessageAttribute.swift, TelegramMediaAction.swift, TelegramMediaFile.swift, TelegramMediaGame.swift, TelegramMediaImage.swift, TelegramMediaMap.swift, TelegramMediaPoll.swift, TelegramMediaTodo.swift, TelegramMediaWebDocument.swift, TelegramMediaWebpage.swift, TelegramPeerNotificationSettings.swift (in target 'TelegramCore' from project 'TelegramCore')

SwiftCompile normal arm64 Compiling\ PaidMessages.swift,\ PeerInputActivity.swift,\ PeerInputActivityManager.swift,\ PendingMessageManager.swift,\ PremiumRequiredToContact.swift,\ ProcessSecretChatIncomingDecryptedOperations.swift,\ ProcessSecretChatIncomingEncryptedOperations.swift,\ ResetState.swift,\ SavedMessageTags.swift,\ Serialization.swift,\ StickerManagement.swift,\ SynchronizeAppLogEventsOperation.swift,\ SynchronizeAutosaveItemOperations.swift,\ SynchronizeChatInputStateOperation.swift,\ SynchronizeConsumeMessageContentsOperation.swift,\ SynchronizeEmojiKeywordsOperation.swift,\ SynchronizeGroupedPeersOperation.swift,\ SynchronizeInstalledStickerPacksOperation.swift,\ SynchronizeLocalizationUpdatesOperation.swift,\ SynchronizeMarkAllUnseenPersonalMessagesOperation.swift,\ SynchronizePeerReadState.swift,\ SynchronizeRecentlyUsedMediaOperations.swift,\ SynchronizeSavedGifsOperation.swift,\ SynchronizeSavedStickersOperation.swift /Users/buddhirajgautam/Documents/Cherrygram-Mac/macOS-Swift/submodules/telegram-ios/submodules/TelegramCore/Sources/State/PaidMessages.swift /Users/buddhirajgautam/Documents/Cherrygram-Mac/macOS-Swift/submodules/telegram-ios/submodules/TelegramCore/Sources/State/PeerInputActivity.swift /Users/buddhirajgautam/Documents/Cherrygram-Mac/macOS-Swift/submodules/telegram-ios/submodules/TelegramCore/Sources/State/PeerInputActivityManager.swift /Users/buddhirajgautam/Documents/Cherrygram-Mac/macOS-Swift/submodules/telegram-ios/submodules/TelegramCore/Sources/State/PendingMessageManager.swift /Users/buddhirajgautam/Documents/Cherrygram-Mac/macOS-Swift/submodules/telegram-ios/submodules/TelegramCore/Sources/State/PremiumRequiredToContact.swift /Users/buddhirajgautam/Documents/Cherrygram-Mac/macOS-Swift/submodules/telegram-ios/submodules/TelegramCore/Sources/State/ProcessSecretChatIncomingDecryptedOperations.swift /Users/buddhirajgautam/Documents/Cherrygram-Mac/macOS-Swift/submodules/telegram-ios/submodules/TelegramCore/Sources/State/ProcessSecretChatIncomingEncryptedOperations.swift /Users/buddhirajgautam/Documents/Cherrygram-Mac/macOS-Swift/submodules/telegram-ios/submodules/TelegramCore/Sources/State/ResetState.swift /Users/buddhirajgautam/Documents/Cherrygram-Mac/macOS-Swift/submodules/telegram-ios/submodules/TelegramCore/Sources/State/SavedMessageTags.swift /Users/buddhirajgautam/Documents/Cherrygram-Mac/macOS-Swift/submodules/telegram-ios/submodules/TelegramCore/Sources/State/Serialization.swift /Users/buddhirajgautam/Documents/Cherrygram-Mac/macOS-Swift/submodules/telegram-ios/submodules/TelegramCore/Sources/State/StickerManagement.swift /Users/buddhirajgautam/Documents/Cherrygram-Mac/macOS-Swift/submodules/telegram-ios/submodules/TelegramCore/Sources/State/SynchronizeAppLogEventsOperation.swift /Users/buddhirajgautam/Documents/Cherrygram-Mac/macOS-Swift/submodules/telegram-ios/submodules/TelegramCore/Sources/State/SynchronizeAutosaveItemOperations.swift /Users/buddhirajgautam/Documents/Cherrygram-Mac/macOS-Swift/submodules/telegram-ios/submodules/TelegramCore/Sources/State/SynchronizeChatInputStateOperation.swift /Users/buddhirajgautam/Documents/Cherrygram-Mac/macOS-Swift/submodules/telegram-ios/submodules/TelegramCore/Sources/State/SynchronizeConsumeMessageContentsOperation.swift /Users/buddhirajgautam/Documents/Cherrygram-Mac/macOS-Swift/submodules/telegram-ios/submodules/TelegramCore/Sources/State/SynchronizeEmojiKeywordsOperation.swift /Users/buddhirajgautam/Documents/Cherrygram-Mac/macOS-Swift/submodules/telegram-ios/submodules/TelegramCore/Sources/State/SynchronizeGroupedPeersOperation.swift /Users/buddhirajgautam/Documents/Cherrygram-Mac/macOS-Swift/submodules/telegram-ios/submodules/TelegramCore/Sources/State/SynchronizeInstalledStickerPacksOperation.swift /Users/buddhirajgautam/Documents/Cherrygram-Mac/macOS-Swift/submodules/telegram-ios/submodules/TelegramCore/Sources/State/SynchronizeLocalizationUpdatesOperation.swift /Users/buddhirajgautam/Documents/Cherrygram-Mac/macOS-Swift/submodules/telegram-ios/submodules/TelegramCore/Sources/State/SynchronizeMarkAllUnseenPersonalMessagesOperation.swift /Users/buddhirajgautam/Documents/Cherrygram-Mac/macOS-Swift/submodules/telegram-ios/submodules/TelegramCore/Sources/State/SynchronizePeerReadState.swift /Users/buddhirajgautam/Documents/Cherrygram-Mac/macOS-Swift/submodules/telegram-ios/submodules/TelegramCore/Sources/State/SynchronizeRecentlyUsedMediaOperations.swift /Users/buddhirajgautam/Documents/Cherrygram-Mac/macOS-Swift/submodules/telegram-ios/submodules/TelegramCore/Sources/State/SynchronizeSavedGifsOperation.swift /Users/buddhirajgautam/Documents/Cherrygram-Mac/macOS-Swift/submodules/telegram-ios/submodules/TelegramCore/Sources/State/SynchronizeSavedStickersOperation.swift (in target 'TelegramCore' from project 'TelegramCore')
/Users/buddhirajgautam/Documents/Cherrygram-Mac/macOS-Swift/submodules/telegram-ios/submodules/TelegramCore/Sources/State/PeerInputActivityManager.swift:311:92: warning: 'weak' ownership of capture 'self' differs from implicitly-captured strong reference in outer scope [#ImplicitStrongCapture]
304 |     
305 |     func addActivity(chatPeerId: PeerActivitySpace, peerId: PeerId, activity: PeerInputActivity, episodeId: Int32? = nil) {
306 |         self.queue.async {
    |                          |- note: 'self' implicitly strongly captured here
    |                          `- note: add 'self' as a capture list item to silence
307 |             let context: PeerInputActivityContext
308 |             if let currentContext = self.contexts[chatPeerId] {
309 |                 context = currentContext
310 |             } else {
311 |                 context = PeerInputActivityContext(queue: self.queue, notifyEmpty: { [weak self] in
    |                                                                                            |- warning: 'weak' ownership of capture 'self' differs from implicitly-captured strong reference in outer scope [#ImplicitStrongCapture]
    |                                                                                            `- note: explicitly assign the capture list item to silence
312 |                     if let strongSelf = self {
313 |                         strongSelf.contexts.removeValue(forKey: chatPeerId)

/Users/buddhirajgautam/Documents/Cherrygram-Mac/macOS-Swift/submodules/telegram-ios/submodules/TelegramCore/Sources/State/PeerInputActivityManager.swift:320:43: warning: 'weak' ownership of capture 'self' differs from implicitly-captured strong reference in outer scope [#ImplicitStrongCapture]
304 |     
305 |     func addActivity(chatPeerId: PeerActivitySpace, peerId: PeerId, activity: PeerInputActivity, episodeId: Int32? = nil) {
306 |         self.queue.async {
    |                          |- note: 'self' implicitly strongly captured here
    |                          `- note: add 'self' as a capture list item to silence
307 |             let context: PeerInputActivityContext
308 |             if let currentContext = self.contexts[chatPeerId] {
    :
318 |                         }
319 |                     }
320 |                 }, notifyUpdated: { [weak self] in
    |                                           |- warning: 'weak' ownership of capture 'self' differs from implicitly-captured strong reference in outer scope [#ImplicitStrongCapture]
    |                                           `- note: explicitly assign the capture list item to silence
321 |                     if let strongSelf = self, let globalContext = strongSelf.globalContext {
322 |                         let activities = strongSelf.collectActivities()

/Users/buddhirajgautam/Documents/Cherrygram-Mac/macOS-Swift/submodules/telegram-ios/submodules/TelegramCore/Sources/State/PeerInputActivityManager.swift:391:46: warning: 'weak' ownership of capture 'self' differs from implicitly-captured strong reference in outer scope [#ImplicitStrongCapture]
385 |         let disposable = MetaDisposable()
386 |         let queue = self.queue
387 |         queue.async {
    |                     |- note: 'self' implicitly strongly captured here
    |                     `- note: add 'self' as a capture list item to silence
388 |             let episodeId = self.nextEpisodeId
389 |             self.nextEpisodeId += 1
390 |             
391 |             let update: () -> Void = { [weak self] in
    |                                              |- warning: 'weak' ownership of capture 'self' differs from implicitly-captured strong reference in outer scope [#ImplicitStrongCapture]
    |                                              `- note: explicitly assign the capture list item to silence
392 |                 self?.addActivity(chatPeerId: chatPeerId, peerId: peerId, activity: activity, episodeId: episodeId)
393 |             }

/Users/buddhirajgautam/Documents/Cherrygram-Mac/macOS-Swift/submodules/telegram-ios/submodules/TelegramCore/Sources/State/PeerInputActivityManager.swift:409:53: warning: 'weak' ownership of capture 'self' differs from implicitly-captured strong reference in outer scope [#ImplicitStrongCapture]
385 |         let disposable = MetaDisposable()
386 |         let queue = self.queue
387 |         queue.async {
    |                     |- note: 'self' implicitly strongly captured here
    |                     `- note: add 'self' as a capture list item to silence
388 |             let episodeId = self.nextEpisodeId
389 |             self.nextEpisodeId += 1
    :
407 |             update()
408 |             
409 |             disposable.set(ActionDisposable { [weak self] in
    |                                                     |- warning: 'weak' ownership of capture 'self' differs from implicitly-captured strong reference in outer scope [#ImplicitStrongCapture]
    |                                                     `- note: explicitly assign the capture list item to silence
410 |                 queue.async {
411 |                     timer.invalidate()

/Users/buddhirajgautam/Documents/Cherrygram-Mac/macOS-Swift/submodules/telegram-ios/submodules/TelegramCore/Sources/State/PendingMessageManager.swift:306:63: warning: 'weak' ownership of capture 'self' differs from implicitly-captured strong reference in outer scope [#ImplicitStrongCapture]
 232 |         Logger.shared.log("PendingMessageManager", "update on postboxQueue: \(messageIds)")
 233 | 
 234 |         self.queue.async {
     |                          |- note: 'self' implicitly strongly captured here
     |                          `- note: add 'self' as a capture list item to silence
 235 |             Logger.shared.log("PendingMessageManager", "update: \(messageIds)")
 236 |             
     :
 304 |                     return peerIdsWithDeliveredMessages
 305 |                 }
 306 |                 |> deliverOn(self.queue)).start(next: { [weak self] peerIdsWithDeliveredMessages in
     |                                                               |- warning: 'weak' ownership of capture 'self' differs from implicitly-captured strong reference in outer scope [#ImplicitStrongCapture]
     |                                                               `- note: explicitly assign the capture list item to silence
 307 |                     guard let strongSelf = self else {
 308 |                         return

[#ImplicitStrongCapture]: <https://docs.swift.org/compiler/documentation/diagnostics/implicit-strong-capture>

SwiftCompile normal arm64 /Users/buddhirajgautam/Documents/Cherrygram-Mac/macOS-Swift/submodules/telegram-ios/submodules/TelegramCore/Sources/State/PaidMessages.swift (in target 'TelegramCore' from project 'TelegramCore')
    cd /Users/buddhirajgautam/Documents/Cherrygram-Mac/macOS-Swift
    builtin-SwiftPerFileCompile PaidMessages.swift

SwiftCompile normal arm64 /Users/buddhirajgautam/Documents/Cherrygram-Mac/macOS-Swift/submodules/telegram-ios/submodules/TelegramCore/Sources/State/PeerInputActivity.swift (in target 'TelegramCore' from project 'TelegramCore')
    cd /Users/buddhirajgautam/Documents/Cherrygram-Mac/macOS-Swift
    builtin-SwiftPerFileCompile PeerInputActivity.swift

SwiftCompile normal arm64 /Users/buddhirajgautam/Documents/Cherrygram-Mac/macOS-Swift/submodules/telegram-ios/submodules/TelegramCore/Sources/State/PeerInputActivityManager.swift (in target 'TelegramCore' from project 'TelegramCore')
    cd /Users/buddhirajgautam/Documents/Cherrygram-Mac/macOS-Swift
    builtin-SwiftPerFileCompile PeerInputActivityManager.swift

SwiftCompile normal arm64 /Users/buddhirajgautam/Documents/Cherrygram-Mac/macOS-Swift/submodules/telegram-ios/submodules/TelegramCore/Sources/State/PendingMessageManager.swift (in target 'TelegramCore' from project 'TelegramCore')
    cd /Users/buddhirajgautam/Documents/Cherrygram-Mac/macOS-Swift
    builtin-SwiftPerFileCompile PendingMessageManager.swift

SwiftCompile normal arm64 /Users/buddhirajgautam/Documents/Cherrygram-Mac/macOS-Swift/submodules/telegram-ios/submodules/TelegramCore/Sources/State/PremiumRequiredToContact.swift (in target 'TelegramCore' from project 'TelegramCore')
    cd /Users/buddhirajgautam/Documents/Cherrygram-Mac/macOS-Swift
    builtin-SwiftPerFileCompile PremiumRequiredToContact.swift

SwiftCompile normal arm64 /Users/buddhirajgautam/Documents/Cherrygram-Mac/macOS-Swift/submodules/telegram-ios/submodules/TelegramCore/Sources/State/ProcessSecretChatIncomingDecryptedOperations.swift (in target 'TelegramCore' from project 'TelegramCore')
    cd /Users/buddhirajgautam/Documents/Cherrygram-Mac/macOS-Swift
    builtin-SwiftPerFileCompile ProcessSecretChatIncomingDecryptedOperations.swift

SwiftCompile normal arm64 /Users/buddhirajgautam/Documents/Cherrygram-Mac/macOS-Swift/submodules/telegram-ios/submodules/TelegramCore/Sources/State/ProcessSecretChatIncomingEncryptedOperations.swift (in target 'TelegramCore' from project 'TelegramCore')
    cd /Users/buddhirajgautam/Documents/Cherrygram-Mac/macOS-Swift
    builtin-SwiftPerFileCompile ProcessSecretChatIncomingEncryptedOperations.swift

SwiftCompile normal arm64 /Users/buddhirajgautam/Documents/Cherrygram-Mac/macOS-Swift/submodules/telegram-ios/submodules/TelegramCore/Sources/State/ResetState.swift (in target 'TelegramCore' from project 'TelegramCore')
    cd /Users/buddhirajgautam/Documents/Cherrygram-Mac/macOS-Swift
    builtin-SwiftPerFileCompile ResetState.swift

SwiftCompile normal arm64 /Users/buddhirajgautam/Documents/Cherrygram-Mac/macOS-Swift/submodules/telegram-ios/submodules/TelegramCore/Sources/State/SavedMessageTags.swift (in target 'TelegramCore' from project 'TelegramCore')
    cd /Users/buddhirajgautam/Documents/Cherrygram-Mac/macOS-Swift
    builtin-SwiftPerFileCompile SavedMessageTags.swift

SwiftCompile normal arm64 /Users/buddhirajgautam/Documents/Cherrygram-Mac/macOS-Swift/submodules/telegram-ios/submodules/TelegramCore/Sources/State/Serialization.swift (in target 'TelegramCore' from project 'TelegramCore')
    cd /Users/buddhirajgautam/Documents/Cherrygram-Mac/macOS-Swift
    builtin-SwiftPerFileCompile Serialization.swift

SwiftCompile normal arm64 /Users/buddhirajgautam/Documents/Cherrygram-Mac/macOS-Swift/submodules/telegram-ios/submodules/TelegramCore/Sources/State/StickerManagement.swift (in target 'TelegramCore' from project 'TelegramCore')
    cd /Users/buddhirajgautam/Documents/Cherrygram-Mac/macOS-Swift
    builtin-SwiftPerFileCompile StickerManagement.swift

SwiftCompile normal arm64 /Users/buddhirajgautam/Documents/Cherrygram-Mac/macOS-Swift/submodules/telegram-ios/submodules/TelegramCore/Sources/State/SynchronizeAppLogEventsOperation.swift (in target 'TelegramCore' from project 'TelegramCore')
    cd /Users/buddhirajgautam/Documents/Cherrygram-Mac/macOS-Swift
    builtin-SwiftPerFileCompile SynchronizeAppLogEventsOperation.swift

SwiftCompile normal arm64 /Users/buddhirajgautam/Documents/Cherrygram-Mac/macOS-Swift/submodules/telegram-ios/submodules/TelegramCore/Sources/State/SynchronizeAutosaveItemOperations.swift (in target 'TelegramCore' from project 'TelegramCore')
    cd /Users/buddhirajgautam/Documents/Cherrygram-Mac/macOS-Swift
    builtin-SwiftPerFileCompile SynchronizeAutosaveItemOperations.swift

SwiftCompile normal arm64 /Users/buddhirajgautam/Documents/Cherrygram-Mac/macOS-Swift/submodules/telegram-ios/submodules/TelegramCore/Sources/State/SynchronizeChatInputStateOperation.swift (in target 'TelegramCore' from project 'TelegramCore')
    cd /Users/buddhirajgautam/Documents/Cherrygram-Mac/macOS-Swift
    builtin-SwiftPerFileCompile SynchronizeChatInputStateOperation.swift

SwiftCompile normal arm64 /Users/buddhirajgautam/Documents/Cherrygram-Mac/macOS-Swift/submodules/telegram-ios/submodules/TelegramCore/Sources/State/SynchronizeConsumeMessageContentsOperation.swift (in target 'TelegramCore' from project 'TelegramCore')
    cd /Users/buddhirajgautam/Documents/Cherrygram-Mac/macOS-Swift
    builtin-SwiftPerFileCompile SynchronizeConsumeMessageContentsOperation.swift

SwiftCompile normal arm64 /Users/buddhirajgautam/Documents/Cherrygram-Mac/macOS-Swift/submodules/telegram-ios/submodules/TelegramCore/Sources/State/SynchronizeEmojiKeywordsOperation.swift (in target 'TelegramCore' from project 'TelegramCore')
    cd /Users/buddhirajgautam/Documents/Cherrygram-Mac/macOS-Swift
    builtin-SwiftPerFileCompile SynchronizeEmojiKeywordsOperation.swift

SwiftCompile normal arm64 /Users/buddhirajgautam/Documents/Cherrygram-Mac/macOS-Swift/submodules/telegram-ios/submodules/TelegramCore/Sources/State/SynchronizeGroupedPeersOperation.swift (in target 'TelegramCore' from project 'TelegramCore')
    cd /Users/buddhirajgautam/Documents/Cherrygram-Mac/macOS-Swift
    builtin-SwiftPerFileCompile SynchronizeGroupedPeersOperation.swift

SwiftCompile normal arm64 /Users/buddhirajgautam/Documents/Cherrygram-Mac/macOS-Swift/submodules/telegram-ios/submodules/TelegramCore/Sources/State/SynchronizeInstalledStickerPacksOperation.swift (in target 'TelegramCore' from project 'TelegramCore')
    cd /Users/buddhirajgautam/Documents/Cherrygram-Mac/macOS-Swift
    builtin-SwiftPerFileCompile SynchronizeInstalledStickerPacksOperation.swift

SwiftCompile normal arm64 /Users/buddhirajgautam/Documents/Cherrygram-Mac/macOS-Swift/submodules/telegram-ios/submodules/TelegramCore/Sources/State/SynchronizeLocalizationUpdatesOperation.swift (in target 'TelegramCore' from project 'TelegramCore')
    cd /Users/buddhirajgautam/Documents/Cherrygram-Mac/macOS-Swift
    builtin-SwiftPerFileCompile SynchronizeLocalizationUpdatesOperation.swift

SwiftCompile normal arm64 /Users/buddhirajgautam/Documents/Cherrygram-Mac/macOS-Swift/submodules/telegram-ios/submodules/TelegramCore/Sources/State/SynchronizeMarkAllUnseenPersonalMessagesOperation.swift (in target 'TelegramCore' from project 'TelegramCore')
    cd /Users/buddhirajgautam/Documents/Cherrygram-Mac/macOS-Swift
    builtin-SwiftPerFileCompile SynchronizeMarkAllUnseenPersonalMessagesOperation.swift

SwiftCompile normal arm64 /Users/buddhirajgautam/Documents/Cherrygram-Mac/macOS-Swift/submodules/telegram-ios/submodules/TelegramCore/Sources/State/SynchronizePeerReadState.swift (in target 'TelegramCore' from project 'TelegramCore')
    cd /Users/buddhirajgautam/Documents/Cherrygram-Mac/macOS-Swift
    builtin-SwiftPerFileCompile SynchronizePeerReadState.swift

SwiftCompile normal arm64 /Users/buddhirajgautam/Documents/Cherrygram-Mac/macOS-Swift/submodules/telegram-ios/submodules/TelegramCore/Sources/State/SynchronizeRecentlyUsedMediaOperations.swift (in target 'TelegramCore' from project 'TelegramCore')
    cd /Users/buddhirajgautam/Documents/Cherrygram-Mac/macOS-Swift
    builtin-SwiftPerFileCompile SynchronizeRecentlyUsedMediaOperations.swift

SwiftCompile normal arm64 /Users/buddhirajgautam/Documents/Cherrygram-Mac/macOS-Swift/submodules/telegram-ios/submodules/TelegramCore/Sources/State/SynchronizeSavedGifsOperation.swift (in target 'TelegramCore' from project 'TelegramCore')
    cd /Users/buddhirajgautam/Documents/Cherrygram-Mac/macOS-Swift
    builtin-SwiftPerFileCompile SynchronizeSavedGifsOperation.swift

SwiftCompile normal arm64 /Users/buddhirajgautam/Documents/Cherrygram-Mac/macOS-Swift/submodules/telegram-ios/submodules/TelegramCore/Sources/State/SynchronizeSavedStickersOperation.swift (in target 'TelegramCore' from project 'TelegramCore')
    cd /Users/buddhirajgautam/Documents/Cherrygram-Mac/macOS-Swift
    builtin-SwiftPerFileCompile SynchronizeSavedStickersOperation.swift

SwiftDriverJobDiscovery normal arm64 Compiling SecureIdRentalAgreementValue.swift, SecureIdTemporaryRegistrationValue.swift, SecureIdUtilityBillValue.swift, SecureIdValue.swift, SecureIdValueAccessContext.swift, SecureIdValueContentError.swift, SecureIdVerificationDocumentReference.swift, TelegramEngineSecureId.swift, UploadSecureIdFile.swift, VerifySecureIdValue.swift, ArchivedStickerPacks.swift, CachedStickerPack.swift, EmojiKeywords.swift, ImportStickers.swift, InlineStickers.swift, LoadedStickerPack.swift, SavedStickers.swift, SearchStickers.swift, StickerPack.swift, StickerPackInteractiveOperations.swift, StickerSetInstallation.swift, TelegramEngineStickers.swift, TelegramEngine.swift, ChatThemes.swift (in target 'TelegramCore' from project 'TelegramCore')

SwiftCompile normal arm64 Compiling\ ManagedPendingPeerNotificationSettings.swift,\ ManagedPremiumPromoConfigurationUpdates.swift,\ ManagedProxyInfoUpdates.swift,\ ManagedRecentStickers.swift,\ ManagedSecretChatOutgoingOperations.swift,\ ManagedServiceViews.swift,\ ManagedSynchronizeAppLogEventsOperations.swift,\ ManagedSynchronizeChatInputStateOperations.swift,\ ManagedSynchronizeConsumeMessageContentsOperations.swift,\ ManagedSynchronizeEmojiKeywordsOperations.swift,\ ManagedSynchronizeGroupMessageStats.swift,\ ManagedSynchronizeGroupedPeersOperations.swift,\ ManagedSynchronizeInstalledStickerPacksOperations.swift,\ ManagedSynchronizeMarkAllUnseenPersonalMessagesOperations.swift,\ ManagedSynchronizeMarkFeaturedStickerPacksAsSeenOperations.swift,\ ManagedSynchronizePeerReadStates.swift,\ ManagedSynchronizePeerStoriesOperations.swift,\ ManagedSynchronizePinnedChatsOperations.swift,\ ManagedSynchronizeRecentlyUsedMediaOperations.swift,\ ManagedSynchronizeSavedGifsOperations.swift,\ ManagedSynchronizeSavedStickersOperations.swift,\ ManagedSynchronizeViewStoriesOperations.swift,\ ManagedVoipConfigurationUpdates.swift,\ MessageMediaPreuploadManager.swift,\ MessageReactions.swift /Users/buddhirajgautam/Documents/Cherrygram-Mac/macOS-Swift/submodules/telegram-ios/submodules/TelegramCore/Sources/State/ManagedPendingPeerNotificationSettings.swift /Users/buddhirajgautam/Documents/Cherrygram-Mac/macOS-Swift/submodules/telegram-ios/submodules/TelegramCore/Sources/State/ManagedPremiumPromoConfigurationUpdates.swift /Users/buddhirajgautam/Documents/Cherrygram-Mac/macOS-Swift/submodules/telegram-ios/submodules/TelegramCore/Sources/State/ManagedProxyInfoUpdates.swift /Users/buddhirajgautam/Documents/Cherrygram-Mac/macOS-Swift/submodules/telegram-ios/submodules/TelegramCore/Sources/State/ManagedRecentStickers.swift /Users/buddhirajgautam/Documents/Cherrygram-Mac/macOS-Swift/submodules/telegram-ios/submodules/TelegramCore/Sources/State/ManagedSecretChatOutgoingOperations.swift /Users/buddhirajgautam/Documents/Cherrygram-Mac/macOS-Swift/submodules/telegram-ios/submodules/TelegramCore/Sources/State/ManagedServiceViews.swift /Users/buddhirajgautam/Documents/Cherrygram-Mac/macOS-Swift/submodules/telegram-ios/submodules/TelegramCore/Sources/State/ManagedSynchronizeAppLogEventsOperations.swift /Users/buddhirajgautam/Documents/Cherrygram-Mac/macOS-Swift/submodules/telegram-ios/submodules/TelegramCore/Sources/State/ManagedSynchronizeChatInputStateOperations.swift /Users/buddhirajgautam/Documents/Cherrygram-Mac/macOS-Swift/submodules/telegram-ios/submodules/TelegramCore/Sources/State/ManagedSynchronizeConsumeMessageContentsOperations.swift /Users/buddhirajgautam/Documents/Cherrygram-Mac/macOS-Swift/submodules/telegram-ios/submodules/TelegramCore/Sources/State/ManagedSynchronizeEmojiKeywordsOperations.swift /Users/buddhirajgautam/Documents/Cherrygram-Mac/macOS-Swift/submodules/telegram-ios/submodules/TelegramCore/Sources/State/ManagedSynchronizeGroupMessageStats.swift /Users/buddhirajgautam/Documents/Cherrygram-Mac/macOS-Swift/submodules/telegram-ios/submodules/TelegramCore/Sources/State/ManagedSynchronizeGroupedPeersOperations.swift /Users/buddhirajgautam/Documents/Cherrygram-Mac/macOS-Swift/submodules/telegram-ios/submodules/TelegramCore/Sources/State/ManagedSynchronizeInstalledStickerPacksOperations.swift /Users/buddhirajgautam/Documents/Cherrygram-Mac/macOS-Swift/submodules/telegram-ios/submodules/TelegramCore/Sources/State/ManagedSynchronizeMarkAllUnseenPersonalMessagesOperations.swift /Users/buddhirajgautam/Documents/Cherrygram-Mac/macOS-Swift/submodules/telegram-ios/submodules/TelegramCore/Sources/State/ManagedSynchronizeMarkFeaturedStickerPacksAsSeenOperations.swift /Users/buddhirajgautam/Documents/Cherrygram-Mac/macOS-Swift/submodules/telegram-ios/submodules/TelegramCore/Sources/State/ManagedSynchronizePeerReadStates.swift /Users/buddhirajgautam/Documents/Cherrygram-Mac/macOS-Swift/submodules/telegram-ios/submodules/TelegramCore/Sources/State/ManagedSynchronizePeerStoriesOperations.swift /Users/buddhirajgautam/Documents/Cherrygram-Mac/macOS-Swift/submodules/telegram-ios/submodules/TelegramCore/Sources/State/ManagedSynchronizePinnedChatsOperations.swift /Users/buddhirajgautam/Documents/Cherrygram-Mac/macOS-Swift/submodules/telegram-ios/submodules/TelegramCore/Sources/State/ManagedSynchronizeRecentlyUsedMediaOperations.swift /Users/buddhirajgautam/Documents/Cherrygram-Mac/macOS-Swift/submodules/telegram-ios/submodules/TelegramCore/Sources/State/ManagedSynchronizeSavedGifsOperations.swift /Users/buddhirajgautam/Documents/Cherrygram-Mac/macOS-Swift/submodules/telegram-ios/submodules/TelegramCore/Sources/State/ManagedSynchronizeSavedStickersOperations.swift /Users/buddhirajgautam/Documents/Cherrygram-Mac/macOS-Swift/submodules/telegram-ios/submodules/TelegramCore/Sources/State/ManagedSynchronizeViewStoriesOperations.swift /Users/buddhirajgautam/Documents/Cherrygram-Mac/macOS-Swift/submodules/telegram-ios/submodules/TelegramCore/Sources/State/ManagedVoipConfigurationUpdates.swift /Users/buddhirajgautam/Documents/Cherrygram-Mac/macOS-Swift/submodules/telegram-ios/submodules/TelegramCore/Sources/State/MessageMediaPreuploadManager.swift /Users/buddhirajgautam/Documents/Cherrygram-Mac/macOS-Swift/submodules/telegram-ios/submodules/TelegramCore/Sources/State/MessageReactions.swift (in target 'TelegramCore' from project 'TelegramCore')

SwiftCompile normal arm64 /Users/buddhirajgautam/Documents/Cherrygram-Mac/macOS-Swift/submodules/telegram-ios/submodules/TelegramCore/Sources/State/ManagedPendingPeerNotificationSettings.swift (in target 'TelegramCore' from project 'TelegramCore')
    cd /Users/buddhirajgautam/Documents/Cherrygram-Mac/macOS-Swift
    builtin-SwiftPerFileCompile ManagedPendingPeerNotificationSettings.swift

SwiftCompile normal arm64 /Users/buddhirajgautam/Documents/Cherrygram-Mac/macOS-Swift/submodules/telegram-ios/submodules/TelegramCore/Sources/State/ManagedPremiumPromoConfigurationUpdates.swift (in target 'TelegramCore' from project 'TelegramCore')
    cd /Users/buddhirajgautam/Documents/Cherrygram-Mac/macOS-Swift
    builtin-SwiftPerFileCompile ManagedPremiumPromoConfigurationUpdates.swift

SwiftCompile normal arm64 /Users/buddhirajgautam/Documents/Cherrygram-Mac/macOS-Swift/submodules/telegram-ios/submodules/TelegramCore/Sources/State/ManagedProxyInfoUpdates.swift (in target 'TelegramCore' from project 'TelegramCore')
    cd /Users/buddhirajgautam/Documents/Cherrygram-Mac/macOS-Swift
    builtin-SwiftPerFileCompile ManagedProxyInfoUpdates.swift

SwiftCompile normal arm64 /Users/buddhirajgautam/Documents/Cherrygram-Mac/macOS-Swift/submodules/telegram-ios/submodules/TelegramCore/Sources/State/ManagedRecentStickers.swift (in target 'TelegramCore' from project 'TelegramCore')
    cd /Users/buddhirajgautam/Documents/Cherrygram-Mac/macOS-Swift
    builtin-SwiftPerFileCompile ManagedRecentStickers.swift

SwiftCompile normal arm64 /Users/buddhirajgautam/Documents/Cherrygram-Mac/macOS-Swift/submodules/telegram-ios/submodules/TelegramCore/Sources/State/ManagedSecretChatOutgoingOperations.swift (in target 'TelegramCore' from project 'TelegramCore')
    cd /Users/buddhirajgautam/Documents/Cherrygram-Mac/macOS-Swift
    builtin-SwiftPerFileCompile ManagedSecretChatOutgoingOperations.swift

SwiftCompile normal arm64 /Users/buddhirajgautam/Documents/Cherrygram-Mac/macOS-Swift/submodules/telegram-ios/submodules/TelegramCore/Sources/State/ManagedServiceViews.swift (in target 'TelegramCore' from project 'TelegramCore')
    cd /Users/buddhirajgautam/Documents/Cherrygram-Mac/macOS-Swift
    builtin-SwiftPerFileCompile ManagedServiceViews.swift

SwiftCompile normal arm64 /Users/buddhirajgautam/Documents/Cherrygram-Mac/macOS-Swift/submodules/telegram-ios/submodules/TelegramCore/Sources/State/ManagedSynchronizeAppLogEventsOperations.swift (in target 'TelegramCore' from project 'TelegramCore')
    cd /Users/buddhirajgautam/Documents/Cherrygram-Mac/macOS-Swift
    builtin-SwiftPerFileCompile ManagedSynchronizeAppLogEventsOperations.swift

SwiftCompile normal arm64 /Users/buddhirajgautam/Documents/Cherrygram-Mac/macOS-Swift/submodules/telegram-ios/submodules/TelegramCore/Sources/State/ManagedSynchronizeChatInputStateOperations.swift (in target 'TelegramCore' from project 'TelegramCore')
    cd /Users/buddhirajgautam/Documents/Cherrygram-Mac/macOS-Swift
    builtin-SwiftPerFileCompile ManagedSynchronizeChatInputStateOperations.swift

SwiftCompile normal arm64 /Users/buddhirajgautam/Documents/Cherrygram-Mac/macOS-Swift/submodules/telegram-ios/submodules/TelegramCore/Sources/State/ManagedSynchronizeConsumeMessageContentsOperations.swift (in target 'TelegramCore' from project 'TelegramCore')
    cd /Users/buddhirajgautam/Documents/Cherrygram-Mac/macOS-Swift
    builtin-SwiftPerFileCompile ManagedSynchronizeConsumeMessageContentsOperations.swift

SwiftCompile normal arm64 /Users/buddhirajgautam/Documents/Cherrygram-Mac/macOS-Swift/submodules/telegram-ios/submodules/TelegramCore/Sources/State/ManagedSynchronizeEmojiKeywordsOperations.swift (in target 'TelegramCore' from project 'TelegramCore')
    cd /Users/buddhirajgautam/Documents/Cherrygram-Mac/macOS-Swift
    builtin-SwiftPerFileCompile ManagedSynchronizeEmojiKeywordsOperations.swift

SwiftCompile normal arm64 /Users/buddhirajgautam/Documents/Cherrygram-Mac/macOS-Swift/submodules/telegram-ios/submodules/TelegramCore/Sources/State/ManagedSynchronizeGroupMessageStats.swift (in target 'TelegramCore' from project 'TelegramCore')
    cd /Users/buddhirajgautam/Documents/Cherrygram-Mac/macOS-Swift
    builtin-SwiftPerFileCompile ManagedSynchronizeGroupMessageStats.swift

SwiftCompile normal arm64 /Users/buddhirajgautam/Documents/Cherrygram-Mac/macOS-Swift/submodules/telegram-ios/submodules/TelegramCore/Sources/State/ManagedSynchronizeGroupedPeersOperations.swift (in target 'TelegramCore' from project 'TelegramCore')
    cd /Users/buddhirajgautam/Documents/Cherrygram-Mac/macOS-Swift
    builtin-SwiftPerFileCompile ManagedSynchronizeGroupedPeersOperations.swift

SwiftCompile normal arm64 /Users/buddhirajgautam/Documents/Cherrygram-Mac/macOS-Swift/submodules/telegram-ios/submodules/TelegramCore/Sources/State/ManagedSynchronizeInstalledStickerPacksOperations.swift (in target 'TelegramCore' from project 'TelegramCore')
    cd /Users/buddhirajgautam/Documents/Cherrygram-Mac/macOS-Swift
    builtin-SwiftPerFileCompile ManagedSynchronizeInstalledStickerPacksOperations.swift

SwiftCompile normal arm64 /Users/buddhirajgautam/Documents/Cherrygram-Mac/macOS-Swift/submodules/telegram-ios/submodules/TelegramCore/Sources/State/ManagedSynchronizeMarkAllUnseenPersonalMessagesOperations.swift (in target 'TelegramCore' from project 'TelegramCore')
    cd /Users/buddhirajgautam/Documents/Cherrygram-Mac/macOS-Swift
    builtin-SwiftPerFileCompile ManagedSynchronizeMarkAllUnseenPersonalMessagesOperations.swift

SwiftCompile normal arm64 /Users/buddhirajgautam/Documents/Cherrygram-Mac/macOS-Swift/submodules/telegram-ios/submodules/TelegramCore/Sources/State/ManagedSynchronizeMarkFeaturedStickerPacksAsSeenOperations.swift (in target 'TelegramCore' from project 'TelegramCore')
    cd /Users/buddhirajgautam/Documents/Cherrygram-Mac/macOS-Swift
    builtin-SwiftPerFileCompile ManagedSynchronizeMarkFeaturedStickerPacksAsSeenOperations.swift

SwiftCompile normal arm64 /Users/buddhirajgautam/Documents/Cherrygram-Mac/macOS-Swift/submodules/telegram-ios/submodules/TelegramCore/Sources/State/ManagedSynchronizePeerReadStates.swift (in target 'TelegramCore' from project 'TelegramCore')
    cd /Users/buddhirajgautam/Documents/Cherrygram-Mac/macOS-Swift
    builtin-SwiftPerFileCompile ManagedSynchronizePeerReadStates.swift

SwiftCompile normal arm64 /Users/buddhirajgautam/Documents/Cherrygram-Mac/macOS-Swift/submodules/telegram-ios/submodules/TelegramCore/Sources/State/ManagedSynchronizePeerStoriesOperations.swift (in target 'TelegramCore' from project 'TelegramCore')
    cd /Users/buddhirajgautam/Documents/Cherrygram-Mac/macOS-Swift
    builtin-SwiftPerFileCompile ManagedSynchronizePeerStoriesOperations.swift

SwiftCompile normal arm64 /Users/buddhirajgautam/Documents/Cherrygram-Mac/macOS-Swift/submodules/telegram-ios/submodules/TelegramCore/Sources/State/ManagedSynchronizePinnedChatsOperations.swift (in target 'TelegramCore' from project 'TelegramCore')
    cd /Users/buddhirajgautam/Documents/Cherrygram-Mac/macOS-Swift
    builtin-SwiftPerFileCompile ManagedSynchronizePinnedChatsOperations.swift

SwiftCompile normal arm64 /Users/buddhirajgautam/Documents/Cherrygram-Mac/macOS-Swift/submodules/telegram-ios/submodules/TelegramCore/Sources/State/ManagedSynchronizeRecentlyUsedMediaOperations.swift (in target 'TelegramCore' from project 'TelegramCore')
    cd /Users/buddhirajgautam/Documents/Cherrygram-Mac/macOS-Swift
    builtin-SwiftPerFileCompile ManagedSynchronizeRecentlyUsedMediaOperations.swift

SwiftCompile normal arm64 /Users/buddhirajgautam/Documents/Cherrygram-Mac/macOS-Swift/submodules/telegram-ios/submodules/TelegramCore/Sources/State/ManagedSynchronizeSavedGifsOperations.swift (in target 'TelegramCore' from project 'TelegramCore')
    cd /Users/buddhirajgautam/Documents/Cherrygram-Mac/macOS-Swift
    builtin-SwiftPerFileCompile ManagedSynchronizeSavedGifsOperations.swift

SwiftCompile normal arm64 /Users/buddhirajgautam/Documents/Cherrygram-Mac/macOS-Swift/submodules/telegram-ios/submodules/TelegramCore/Sources/State/ManagedSynchronizeSavedStickersOperations.swift (in target 'TelegramCore' from project 'TelegramCore')
    cd /Users/buddhirajgautam/Documents/Cherrygram-Mac/macOS-Swift
    builtin-SwiftPerFileCompile ManagedSynchronizeSavedStickersOperations.swift

SwiftCompile normal arm64 /Users/buddhirajgautam/Documents/Cherrygram-Mac/macOS-Swift/submodules/telegram-ios/submodules/TelegramCore/Sources/State/ManagedSynchronizeViewStoriesOperations.swift (in target 'TelegramCore' from project 'TelegramCore')
    cd /Users/buddhirajgautam/Documents/Cherrygram-Mac/macOS-Swift
    builtin-SwiftPerFileCompile ManagedSynchronizeViewStoriesOperations.swift

SwiftCompile normal arm64 /Users/buddhirajgautam/Documents/Cherrygram-Mac/macOS-Swift/submodules/telegram-ios/submodules/TelegramCore/Sources/State/ManagedVoipConfigurationUpdates.swift (in target 'TelegramCore' from project 'TelegramCore')
    cd /Users/buddhirajgautam/Documents/Cherrygram-Mac/macOS-Swift
    builtin-SwiftPerFileCompile ManagedVoipConfigurationUpdates.swift

SwiftCompile normal arm64 /Users/buddhirajgautam/Documents/Cherrygram-Mac/macOS-Swift/submodules/telegram-ios/submodules/TelegramCore/Sources/State/MessageMediaPreuploadManager.swift (in target 'TelegramCore' from project 'TelegramCore')
    cd /Users/buddhirajgautam/Documents/Cherrygram-Mac/macOS-Swift
    builtin-SwiftPerFileCompile MessageMediaPreuploadManager.swift

SwiftCompile normal arm64 /Users/buddhirajgautam/Documents/Cherrygram-Mac/macOS-Swift/submodules/telegram-ios/submodules/TelegramCore/Sources/State/MessageReactions.swift (in target 'TelegramCore' from project 'TelegramCore')
    cd /Users/buddhirajgautam/Documents/Cherrygram-Mac/macOS-Swift
    builtin-SwiftPerFileCompile MessageReactions.swift

SwiftDriverJobDiscovery normal arm64 Emitting module for TelegramCore (in target 'TelegramCore' from project 'TelegramCore')

SwiftDriver\ Compilation\ Requirements TelegramCore normal arm64 com.apple.xcode.tools.swift.compiler (in target 'TelegramCore' from project 'TelegramCore')
    cd /Users/buddhirajgautam/Documents/Cherrygram-Mac/macOS-Swift
    builtin-Swift-Compilation-Requirements -- /Applications/Xcode.app/Contents/Developer/Toolchains/XcodeDefault.xctoolchain/usr/bin/swiftc -parse-as-library -module-name TelegramCore -Onone @/Users/buddhirajgautam/Library/Developer/Xcode/DerivedData/Telegram-Mac-fygdgghdgmuleoelvxabfmqiotta/Build/Intermediates.noindex/TelegramCore.build/Debug/TelegramCore-t.build/Objects-normal/arm64/TelegramCore.SwiftFileList -DSWIFT_PACKAGE -DDEBUG -DSWIFT_MODULE_RESOURCE_BUNDLE_UNAVAILABLE -Xcc -fmodule-map-file\=/Users/buddhirajgautam/Library/Developer/Xcode/DerivedData/Telegram-Mac-fygdgghdgmuleoelvxabfmqiotta/Build/Intermediates.noindex/GeneratedModuleMaps/MurMurHash32.modulemap -Xcc -fmodule-map-file\=/Users/buddhirajgautam/Library/Developer/Xcode/DerivedData/Telegram-Mac-fygdgghdgmuleoelvxabfmqiotta/Build/Intermediates.noindex/GeneratedModuleMaps/sqlcipher.modulemap -Xcc -fmodule-map-file\=/Users/buddhirajgautam/Library/Developer/Xcode/DerivedData/Telegram-Mac-fygdgghdgmuleoelvxabfmqiotta/Build/Intermediates.noindex/GeneratedModuleMaps/StringTransliteration.modulemap -Xcc -fmodule-map-file\=/Users/buddhirajgautam/Library/Developer/Xcode/DerivedData/Telegram-Mac-fygdgghdgmuleoelvxabfmqiotta/Build/Intermediates.noindex/GeneratedModuleMaps/Crc32.modulemap -Xcc -fmodule-map-file\=/Users/buddhirajgautam/Library/Developer/Xcode/DerivedData/Telegram-Mac-fygdgghdgmuleoelvxabfmqiotta/Build/Intermediates.noindex/GeneratedModuleMaps/MtProtoKit.modulemap -Xcc -fmodule-map-file\=/Users/buddhirajgautam/Library/Developer/Xcode/DerivedData/Telegram-Mac-fygdgghdgmuleoelvxabfmqiotta/Build/Intermediates.noindex/GeneratedModuleMaps/CryptoUtils.modulemap -Xcc -fmodule-map-file\=/Users/buddhirajgautam/Library/Developer/Xcode/DerivedData/Telegram-Mac-fygdgghdgmuleoelvxabfmqiotta/Build/Intermediates.noindex/GeneratedModuleMaps/NetworkLogging.modulemap -Xcc -fmodule-map-file\=/Users/buddhirajgautam/Library/Developer/Xcode/DerivedData/Telegram-Mac-fygdgghdgmuleoelvxabfmqiotta/Build/Intermediates.noindex/GeneratedModuleMaps/DarwinDirStat.modulemap -Xcc -fmodule-map-file\=/Users/buddhirajgautam/Library/Developer/Xcode/DerivedData/Telegram-Mac-fygdgghdgmuleoelvxabfmqiotta/Build/Intermediates.noindex/GeneratedModuleMaps/LegacyReachability.modulemap -Xcc -fmodule-map-file\=/Users/buddhirajgautam/Library/Developer/Xcode/DerivedData/Telegram-Mac-fygdgghdgmuleoelvxabfmqiotta/Build/Intermediates.noindex/GeneratedModuleMaps/EncryptionProvider.modulemap -DXcode -plugin-path /Applications/Xcode.app/Contents/Developer/Toolchains/XcodeDefault.xctoolchain/usr/lib/swift/host/plugins/testing -enable-experimental-feature DebugDescriptionMacro -sdk /Applications/Xcode.app/Contents/Developer/Platforms/MacOSX.platform/Developer/SDKs/MacOSX27.0.sdk -target arm64-apple-macos12.0 -g -module-cache-path /Users/buddhirajgautam/Library/Developer/Xcode/DerivedData/ModuleCache.noindex -Xfrontend -serialize-debugging-options -profile-coverage-mapping -profile-generate -enable-testing -index-store-path /Users/buddhirajgautam/Library/Developer/Xcode/DerivedData/Telegram-Mac-fygdgghdgmuleoelvxabfmqiotta/Index.noindex/DataStore -Xcc -D_LIBCPP_HARDENING_MODE\=_LIBCPP_HARDENING_MODE_DEBUG -swift-version 5 -I /Users/buddhirajgautam/Library/Developer/Xcode/DerivedData/Telegram-Mac-fygdgghdgmuleoelvxabfmqiotta/Build/Products/Debug -Isystem /Applications/Xcode.app/Contents/Developer/Platforms/MacOSX.platform/Developer/usr/lib -F /Users/buddhirajgautam/Library/Developer/Xcode/DerivedData/Telegram-Mac-fygdgghdgmuleoelvxabfmqiotta/Build/Products/Debug/PackageFrameworks -F /Users/buddhirajgautam/Library/Developer/Xcode/DerivedData/Telegram-Mac-fygdgghdgmuleoelvxabfmqiotta/Build/Products/Debug -F /Applications/Xcode.app/Contents/Developer/Platforms/MacOSX.platform/Developer/Library/Frameworks -c -j8 -enable-batch-mode -incremental -Xcc -ivfsstatcache -Xcc /Users/buddhirajgautam/Library/Developer/Xcode/DerivedData/SDKStatCaches.noindex/macosx27.0-26A425-e829b21a6f8c9b70876ba0858053c0447231f6df4def33e022ae2eb8f782df1a.sdkstatcache -output-file-map /Users/buddhirajgautam/Library/Developer/Xcode/DerivedData/Telegram-Mac-fygdgghdgmuleoelvxabfmqiotta/Build/Intermediates.noindex/TelegramCore.build/Debug/TelegramCore-t.build/Objects-normal/arm64/TelegramCore-OutputFileMap.json -save-temps -no-color-diagnostics -explicit-module-build -module-cache-path /Users/buddhirajgautam/Library/Developer/Xcode/DerivedData/Telegram-Mac-fygdgghdgmuleoelvxabfmqiotta/Build/Intermediates.noindex/SwiftExplicitPrecompiledModules -clang-scanner-module-cache-path /Users/buddhirajgautam/Library/Developer/Xcode/DerivedData/ModuleCache.noindex -sdk-module-cache-path /Users/buddhirajgautam/Library/Developer/Xcode/DerivedData/SDKExplicitPrecompiledModules -emit-dependencies -emit-module -emit-module-path /Users/buddhirajgautam/Library/Developer/Xcode/DerivedData/Telegram-Mac-fygdgghdgmuleoelvxabfmqiotta/Build/Intermediates.noindex/TelegramCore.build/Debug/TelegramCore-t.build/Objects-normal/arm64/TelegramCore.swiftmodule -serialize-diagnostics -dependency-scan-serialize-diagnostics-path /Users/buddhirajgautam/Library/Developer/Xcode/DerivedData/Telegram-Mac-fygdgghdgmuleoelvxabfmqiotta/Build/Intermediates.noindex/TelegramCore.build/Debug/TelegramCore-t.build/Objects-normal/arm64/TelegramCore-dependency-scan.dia -validate-clang-modules-once -clang-build-session-file /Users/buddhirajgautam/Library/Developer/Xcode/DerivedData/ModuleCache.noindex/Session.modulevalidation -Xcc -fmodules-prune-interval\=86400 -Xcc -fmodules-prune-after\=345600 -emit-const-values -const-gather-protocols-list /Users/buddhirajgautam/Library/Developer/Xcode/DerivedData/Telegram-Mac-fygdgghdgmuleoelvxabfmqiotta/Build/Intermediates.noindex/TelegramCore.build/Debug/TelegramCore-t.build/Objects-normal/arm64/TelegramCore_const_extract_protocols.json -Xcc -I/Users/buddhirajgautam/Documents/Cherrygram-Mac/macOS-Swift/submodules/telegram-ios/submodules/MurMurHash32/PublicHeaders -Xcc -I/Users/buddhirajgautam/Documents/Cherrygram-Mac/macOS-Swift/submodules/telegram-ios/submodules/sqlcipher/PublicHeaders -Xcc -I/Users/buddhirajgautam/Documents/Cherrygram-Mac/macOS-Swift/submodules/telegram-ios/submodules/StringTransliteration/PublicHeaders -Xcc -I/Users/buddhirajgautam/Documents/Cherrygram-Mac/macOS-Swift/submodules/telegram-ios/submodules/Crc32/PublicHeaders -Xcc -I/Users/buddhirajgautam/Documents/Cherrygram-Mac/macOS-Swift/submodules/telegram-ios/submodules/MtProtoKit/PublicHeaders -Xcc -I/Users/buddhirajgautam/Documents/Cherrygram-Mac/macOS-Swift/submodules/telegram-ios/submodules/CryptoUtils/PublicHeaders -Xcc -I/Users/buddhirajgautam/Documents/Cherrygram-Mac/macOS-Swift/submodules/telegram-ios/submodules/NetworkLogging/PublicHeaders -Xcc -I/Users/buddhirajgautam/Documents/Cherrygram-Mac/macOS-Swift/submodules/telegram-ios/submodules/Utils/DarwinDirStat/PublicHeaders -Xcc -I/Users/buddhirajgautam/Documents/Cherrygram-Mac/macOS-Swift/submodules/telegram-ios/submodules/Reachability/LegacyReachability/PublicHeaders -Xcc -I/Users/buddhirajgautam/Documents/Cherrygram-Mac/macOS-Swift/submodules/telegram-ios/submodules/EncryptionProvider/PublicHeaders -Xcc -I/Users/buddhirajgautam/Library/Developer/Xcode/DerivedData/Telegram-Mac-fygdgghdgmuleoelvxabfmqiotta/Build/Products/Debug/include -Xcc -I/Users/buddhirajgautam/Library/Developer/Xcode/DerivedData/Telegram-Mac-fygdgghdgmuleoelvxabfmqiotta/Build/Intermediates.noindex/TelegramCore.build/Debug/TelegramCore-t.build/DerivedSources-normal/arm64 -Xcc -I/Users/buddhirajgautam/Library/Developer/Xcode/DerivedData/Telegram-Mac-fygdgghdgmuleoelvxabfmqiotta/Build/Intermediates.noindex/TelegramCore.build/Debug/TelegramCore-t.build/DerivedSources/arm64 -Xcc -I/Users/buddhirajgautam/Library/Developer/Xcode/DerivedData/Telegram-Mac-fygdgghdgmuleoelvxabfmqiotta/Build/Intermediates.noindex/TelegramCore.build/Debug/TelegramCore-t.build/DerivedSources -Xcc -DSWIFT_PACKAGE -Xcc -DDEBUG\=1 -emit-objc-header -emit-objc-header-path /Users/buddhirajgautam/Library/Developer/Xcode/DerivedData/Telegram-Mac-fygdgghdgmuleoelvxabfmqiotta/Build/Intermediates.noindex/TelegramCore.build/Debug/TelegramCore-t.build/Objects-normal/arm64/TelegramCore-Swift.h -working-directory /Users/buddhirajgautam/Documents/Cherrygram-Mac/macOS-Swift -experimental-emit-module-separately -disable-cmo

SwiftDriverJobDiscovery normal arm64 Compiling ContactSyncManager.swift, EmojiSearchCategories.swift, Fetch.swift, FetchChatList.swift, FetchSecretFileResource.swift, ForumChannelState.swift, HistoryViewStateValidation.swift, Holes.swift, InitializeAccountAfterLogin.swift, ManagedAccountPresence.swift, ManagedAnimatedEmojiUpdates.swift, ManagedAppConfigurationUpdates.swift, ManagedAutodownloadSettingsUpdates.swift, ManagedAutoremoveMessageOperations.swift, ManagedChatListHoles.swift, ManagedCloudChatRemoveMessagesOperations.swift, ManagedConfigurationUpdates.swift, ManagedConsumePersonalMessagesActions.swift, ManagedGlobalNotificationSettings.swift, ManagedLocalInputActivities.swift, ManagedLocalizationUpdatesOperations.swift, ManagedMessageHistoryHoles.swift, ManagedNotificationSettingsBehaviors.swift, ManagedPeerColorUpdates.swift, ManagedPeerTimestampAttributeOperations.swift (in target 'TelegramCore' from project 'TelegramCore')

SwiftCompile normal arm64 Compiling\ ConvertGroupToSupergroup.swift,\ CopyProtection.swift,\ CreateGroup.swift,\ CreateSecretChat.swift,\ FindChannelById.swift,\ GroupsInCommon.swift,\ InactiveChannels.swift,\ InvitationLinks.swift,\ JoinChannel.swift,\ JoinLink.swift,\ ManageChannelDiscussionGroup.swift,\ NotificationExceptionsList.swift,\ NotificationSoundList.swift,\ OpaqueChatState.swift,\ Peer.swift,\ PeerAdmins.swift,\ PeerCommands.swift,\ PeerPhotoUpdater.swift,\ PeerSpecificStickerPack.swift,\ RecentPeers.swift,\ RecentlySearchedPeerIds.swift,\ RemovePeerChat.swift,\ RemovePeerMember.swift,\ ReportPeer.swift /Users/buddhirajgautam/Documents/Cherrygram-Mac/macOS-Swift/submodules/telegram-ios/submodules/TelegramCore/Sources/TelegramEngine/Peers/ConvertGroupToSupergroup.swift /Users/buddhirajgautam/Documents/Cherrygram-Mac/macOS-Swift/submodules/telegram-ios/submodules/TelegramCore/Sources/TelegramEngine/Peers/CopyProtection.swift /Users/buddhirajgautam/Documents/Cherrygram-Mac/macOS-Swift/submodules/telegram-ios/submodules/TelegramCore/Sources/TelegramEngine/Peers/CreateGroup.swift /Users/buddhirajgautam/Documents/Cherrygram-Mac/macOS-Swift/submodules/telegram-ios/submodules/TelegramCore/Sources/TelegramEngine/Peers/CreateSecretChat.swift /Users/buddhirajgautam/Documents/Cherrygram-Mac/macOS-Swift/submodules/telegram-ios/submodules/TelegramCore/Sources/TelegramEngine/Peers/FindChannelById.swift /Users/buddhirajgautam/Documents/Cherrygram-Mac/macOS-Swift/submodules/telegram-ios/submodules/TelegramCore/Sources/TelegramEngine/Peers/GroupsInCommon.swift /Users/buddhirajgautam/Documents/Cherrygram-Mac/macOS-Swift/submodules/telegram-ios/submodules/TelegramCore/Sources/TelegramEngine/Peers/InactiveChannels.swift /Users/buddhirajgautam/Documents/Cherrygram-Mac/macOS-Swift/submodules/telegram-ios/submodules/TelegramCore/Sources/TelegramEngine/Peers/InvitationLinks.swift /Users/buddhirajgautam/Documents/Cherrygram-Mac/macOS-Swift/submodules/telegram-ios/submodules/TelegramCore/Sources/TelegramEngine/Peers/JoinChannel.swift /Users/buddhirajgautam/Documents/Cherrygram-Mac/macOS-Swift/submodules/telegram-ios/submodules/TelegramCore/Sources/TelegramEngine/Peers/JoinLink.swift /Users/buddhirajgautam/Documents/Cherrygram-Mac/macOS-Swift/submodules/telegram-ios/submodules/TelegramCore/Sources/TelegramEngine/Peers/ManageChannelDiscussionGroup.swift /Users/buddhirajgautam/Documents/Cherrygram-Mac/macOS-Swift/submodules/telegram-ios/submodules/TelegramCore/Sources/TelegramEngine/Peers/NotificationExceptionsList.swift /Users/buddhirajgautam/Documents/Cherrygram-Mac/macOS-Swift/submodules/telegram-ios/submodules/TelegramCore/Sources/TelegramEngine/Peers/NotificationSoundList.swift /Users/buddhirajgautam/Documents/Cherrygram-Mac/macOS-Swift/submodules/telegram-ios/submodules/TelegramCore/Sources/TelegramEngine/Peers/OpaqueChatState.swift /Users/buddhirajgautam/Documents/Cherrygram-Mac/macOS-Swift/submodules/telegram-ios/submodules/TelegramCore/Sources/TelegramEngine/Peers/Peer.swift /Users/buddhirajgautam/Documents/Cherrygram-Mac/macOS-Swift/submodules/telegram-ios/submodules/TelegramCore/Sources/TelegramEngine/Peers/PeerAdmins.swift /Users/buddhirajgautam/Documents/Cherrygram-Mac/macOS-Swift/submodules/telegram-ios/submodules/TelegramCore/Sources/TelegramEngine/Peers/PeerCommands.swift /Users/buddhirajgautam/Documents/Cherrygram-Mac/macOS-Swift/submodules/telegram-ios/submodules/TelegramCore/Sources/TelegramEngine/Peers/PeerPhotoUpdater.swift /Users/buddhirajgautam/Documents/Cherrygram-Mac/macOS-Swift/submodules/telegram-ios/submodules/TelegramCore/Sources/TelegramEngine/Peers/PeerSpecificStickerPack.swift /Users/buddhirajgautam/Documents/Cherrygram-Mac/macOS-Swift/submodules/telegram-ios/submodules/TelegramCore/Sources/TelegramEngine/Peers/RecentPeers.swift /Users/buddhirajgautam/Documents/Cherrygram-Mac/macOS-Swift/submodules/telegram-ios/submodules/TelegramCore/Sources/TelegramEngine/Peers/RecentlySearchedPeerIds.swift /Users/buddhirajgautam/Documents/Cherrygram-Mac/macOS-Swift/submodules/telegram-ios/submodules/TelegramCore/Sources/TelegramEngine/Peers/RemovePeerChat.swift /Users/buddhirajgautam/Documents/Cherrygram-Mac/macOS-Swift/submodules/telegram-ios/submodules/TelegramCore/Sources/TelegramEngine/Peers/RemovePeerMember.swift /Users/buddhirajgautam/Documents/Cherrygram-Mac/macOS-Swift/submodules/telegram-ios/submodules/TelegramCore/Sources/TelegramEngine/Peers/ReportPeer.swift (in target 'TelegramCore' from project 'TelegramCore')

SwiftCompile normal arm64 /Users/buddhirajgautam/Documents/Cherrygram-Mac/macOS-Swift/submodules/telegram-ios/submodules/TelegramCore/Sources/TelegramEngine/Peers/ConvertGroupToSupergroup.swift (in target 'TelegramCore' from project 'TelegramCore')
    cd /Users/buddhirajgautam/Documents/Cherrygram-Mac/macOS-Swift
    builtin-SwiftPerFileCompile ConvertGroupToSupergroup.swift

SwiftCompile normal arm64 /Users/buddhirajgautam/Documents/Cherrygram-Mac/macOS-Swift/submodules/telegram-ios/submodules/TelegramCore/Sources/TelegramEngine/Peers/CopyProtection.swift (in target 'TelegramCore' from project 'TelegramCore')
    cd /Users/buddhirajgautam/Documents/Cherrygram-Mac/macOS-Swift
    builtin-SwiftPerFileCompile CopyProtection.swift

SwiftCompile normal arm64 /Users/buddhirajgautam/Documents/Cherrygram-Mac/macOS-Swift/submodules/telegram-ios/submodules/TelegramCore/Sources/TelegramEngine/Peers/CreateGroup.swift (in target 'TelegramCore' from project 'TelegramCore')
    cd /Users/buddhirajgautam/Documents/Cherrygram-Mac/macOS-Swift
    builtin-SwiftPerFileCompile CreateGroup.swift

SwiftCompile normal arm64 /Users/buddhirajgautam/Documents/Cherrygram-Mac/macOS-Swift/submodules/telegram-ios/submodules/TelegramCore/Sources/TelegramEngine/Peers/CreateSecretChat.swift (in target 'TelegramCore' from project 'TelegramCore')
    cd /Users/buddhirajgautam/Documents/Cherrygram-Mac/macOS-Swift
    builtin-SwiftPerFileCompile CreateSecretChat.swift

SwiftCompile normal arm64 /Users/buddhirajgautam/Documents/Cherrygram-Mac/macOS-Swift/submodules/telegram-ios/submodules/TelegramCore/Sources/TelegramEngine/Peers/FindChannelById.swift (in target 'TelegramCore' from project 'TelegramCore')
    cd /Users/buddhirajgautam/Documents/Cherrygram-Mac/macOS-Swift
    builtin-SwiftPerFileCompile FindChannelById.swift

SwiftCompile normal arm64 /Users/buddhirajgautam/Documents/Cherrygram-Mac/macOS-Swift/submodules/telegram-ios/submodules/TelegramCore/Sources/TelegramEngine/Peers/GroupsInCommon.swift (in target 'TelegramCore' from project 'TelegramCore')
    cd /Users/buddhirajgautam/Documents/Cherrygram-Mac/macOS-Swift
    builtin-SwiftPerFileCompile GroupsInCommon.swift

SwiftCompile normal arm64 /Users/buddhirajgautam/Documents/Cherrygram-Mac/macOS-Swift/submodules/telegram-ios/submodules/TelegramCore/Sources/TelegramEngine/Peers/InactiveChannels.swift (in target 'TelegramCore' from project 'TelegramCore')
    cd /Users/buddhirajgautam/Documents/Cherrygram-Mac/macOS-Swift
    builtin-SwiftPerFileCompile InactiveChannels.swift

SwiftCompile normal arm64 /Users/buddhirajgautam/Documents/Cherrygram-Mac/macOS-Swift/submodules/telegram-ios/submodules/TelegramCore/Sources/TelegramEngine/Peers/InvitationLinks.swift (in target 'TelegramCore' from project 'TelegramCore')
    cd /Users/buddhirajgautam/Documents/Cherrygram-Mac/macOS-Swift
    builtin-SwiftPerFileCompile InvitationLinks.swift

SwiftCompile normal arm64 /Users/buddhirajgautam/Documents/Cherrygram-Mac/macOS-Swift/submodules/telegram-ios/submodules/TelegramCore/Sources/TelegramEngine/Peers/JoinChannel.swift (in target 'TelegramCore' from project 'TelegramCore')
    cd /Users/buddhirajgautam/Documents/Cherrygram-Mac/macOS-Swift
    builtin-SwiftPerFileCompile JoinChannel.swift

SwiftCompile normal arm64 /Users/buddhirajgautam/Documents/Cherrygram-Mac/macOS-Swift/submodules/telegram-ios/submodules/TelegramCore/Sources/TelegramEngine/Peers/JoinLink.swift (in target 'TelegramCore' from project 'TelegramCore')
    cd /Users/buddhirajgautam/Documents/Cherrygram-Mac/macOS-Swift
    builtin-SwiftPerFileCompile JoinLink.swift

SwiftCompile normal arm64 /Users/buddhirajgautam/Documents/Cherrygram-Mac/macOS-Swift/submodules/telegram-ios/submodules/TelegramCore/Sources/TelegramEngine/Peers/ManageChannelDiscussionGroup.swift (in target 'TelegramCore' from project 'TelegramCore')
    cd /Users/buddhirajgautam/Documents/Cherrygram-Mac/macOS-Swift
    builtin-SwiftPerFileCompile ManageChannelDiscussionGroup.swift

SwiftCompile normal arm64 /Users/buddhirajgautam/Documents/Cherrygram-Mac/macOS-Swift/submodules/telegram-ios/submodules/TelegramCore/Sources/TelegramEngine/Peers/NotificationExceptionsList.swift (in target 'TelegramCore' from project 'TelegramCore')
    cd /Users/buddhirajgautam/Documents/Cherrygram-Mac/macOS-Swift
    builtin-SwiftPerFileCompile NotificationExceptionsList.swift

SwiftCompile normal arm64 /Users/buddhirajgautam/Documents/Cherrygram-Mac/macOS-Swift/submodules/telegram-ios/submodules/TelegramCore/Sources/TelegramEngine/Peers/NotificationSoundList.swift (in target 'TelegramCore' from project 'TelegramCore')
    cd /Users/buddhirajgautam/Documents/Cherrygram-Mac/macOS-Swift
    builtin-SwiftPerFileCompile NotificationSoundList.swift

SwiftCompile normal arm64 /Users/buddhirajgautam/Documents/Cherrygram-Mac/macOS-Swift/submodules/telegram-ios/submodules/TelegramCore/Sources/TelegramEngine/Peers/OpaqueChatState.swift (in target 'TelegramCore' from project 'TelegramCore')
    cd /Users/buddhirajgautam/Documents/Cherrygram-Mac/macOS-Swift
    builtin-SwiftPerFileCompile OpaqueChatState.swift

SwiftCompile normal arm64 /Users/buddhirajgautam/Documents/Cherrygram-Mac/macOS-Swift/submodules/telegram-ios/submodules/TelegramCore/Sources/TelegramEngine/Peers/Peer.swift (in target 'TelegramCore' from project 'TelegramCore')
    cd /Users/buddhirajgautam/Documents/Cherrygram-Mac/macOS-Swift
    builtin-SwiftPerFileCompile Peer.swift

SwiftCompile normal arm64 /Users/buddhirajgautam/Documents/Cherrygram-Mac/macOS-Swift/submodules/telegram-ios/submodules/TelegramCore/Sources/TelegramEngine/Peers/PeerAdmins.swift (in target 'TelegramCore' from project 'TelegramCore')
    cd /Users/buddhirajgautam/Documents/Cherrygram-Mac/macOS-Swift
    builtin-SwiftPerFileCompile PeerAdmins.swift

SwiftCompile normal arm64 /Users/buddhirajgautam/Documents/Cherrygram-Mac/macOS-Swift/submodules/telegram-ios/submodules/TelegramCore/Sources/TelegramEngine/Peers/PeerCommands.swift (in target 'TelegramCore' from project 'TelegramCore')
    cd /Users/buddhirajgautam/Documents/Cherrygram-Mac/macOS-Swift
    builtin-SwiftPerFileCompile PeerCommands.swift

SwiftCompile normal arm64 /Users/buddhirajgautam/Documents/Cherrygram-Mac/macOS-Swift/submodules/telegram-ios/submodules/TelegramCore/Sources/TelegramEngine/Peers/PeerPhotoUpdater.swift (in target 'TelegramCore' from project 'TelegramCore')
    cd /Users/buddhirajgautam/Documents/Cherrygram-Mac/macOS-Swift
    builtin-SwiftPerFileCompile PeerPhotoUpdater.swift

SwiftCompile normal arm64 /Users/buddhirajgautam/Documents/Cherrygram-Mac/macOS-Swift/submodules/telegram-ios/submodules/TelegramCore/Sources/TelegramEngine/Peers/PeerSpecificStickerPack.swift (in target 'TelegramCore' from project 'TelegramCore')
    cd /Users/buddhirajgautam/Documents/Cherrygram-Mac/macOS-Swift
    builtin-SwiftPerFileCompile PeerSpecificStickerPack.swift

SwiftCompile normal arm64 /Users/buddhirajgautam/Documents/Cherrygram-Mac/macOS-Swift/submodules/telegram-ios/submodules/TelegramCore/Sources/TelegramEngine/Peers/RecentPeers.swift (in target 'TelegramCore' from project 'TelegramCore')
    cd /Users/buddhirajgautam/Documents/Cherrygram-Mac/macOS-Swift
    builtin-SwiftPerFileCompile RecentPeers.swift

SwiftCompile normal arm64 /Users/buddhirajgautam/Documents/Cherrygram-Mac/macOS-Swift/submodules/telegram-ios/submodules/TelegramCore/Sources/TelegramEngine/Peers/RecentlySearchedPeerIds.swift (in target 'TelegramCore' from project 'TelegramCore')
    cd /Users/buddhirajgautam/Documents/Cherrygram-Mac/macOS-Swift
    builtin-SwiftPerFileCompile RecentlySearchedPeerIds.swift

SwiftCompile normal arm64 /Users/buddhirajgautam/Documents/Cherrygram-Mac/macOS-Swift/submodules/telegram-ios/submodules/TelegramCore/Sources/TelegramEngine/Peers/RemovePeerChat.swift (in target 'TelegramCore' from project 'TelegramCore')
    cd /Users/buddhirajgautam/Documents/Cherrygram-Mac/macOS-Swift
    builtin-SwiftPerFileCompile RemovePeerChat.swift

SwiftCompile normal arm64 /Users/buddhirajgautam/Documents/Cherrygram-Mac/macOS-Swift/submodules/telegram-ios/submodules/TelegramCore/Sources/TelegramEngine/Peers/RemovePeerMember.swift (in target 'TelegramCore' from project 'TelegramCore')
    cd /Users/buddhirajgautam/Documents/Cherrygram-Mac/macOS-Swift
    builtin-SwiftPerFileCompile RemovePeerMember.swift

SwiftCompile normal arm64 /Users/buddhirajgautam/Documents/Cherrygram-Mac/macOS-Swift/submodules/telegram-ios/submodules/TelegramCore/Sources/TelegramEngine/Peers/ReportPeer.swift (in target 'TelegramCore' from project 'TelegramCore')
    cd /Users/buddhirajgautam/Documents/Cherrygram-Mac/macOS-Swift
    builtin-SwiftPerFileCompile ReportPeer.swift

SwiftMergeGeneratedHeaders /Users/buddhirajgautam/Library/Developer/Xcode/DerivedData/Telegram-Mac-fygdgghdgmuleoelvxabfmqiotta/Build/Intermediates.noindex/GeneratedModuleMaps/TelegramCore-Swift.h /Users/buddhirajgautam/Library/Developer/Xcode/DerivedData/Telegram-Mac-fygdgghdgmuleoelvxabfmqiotta/Build/Intermediates.noindex/TelegramCore.build/Debug/TelegramCore-t.build/Objects-normal/arm64/TelegramCore-Swift.h (in target 'TelegramCore' from project 'TelegramCore')
    cd /Users/buddhirajgautam/Documents/Cherrygram-Mac/macOS-Swift/submodules/telegram-ios/submodules/TelegramCore
    builtin-swiftHeaderTool -arch arm64 /Users/buddhirajgautam/Library/Developer/Xcode/DerivedData/Telegram-Mac-fygdgghdgmuleoelvxabfmqiotta/Build/Intermediates.noindex/TelegramCore.build/Debug/TelegramCore-t.build/Objects-normal/arm64/TelegramCore-Swift.h -o /Users/buddhirajgautam/Library/Developer/Xcode/DerivedData/Telegram-Mac-fygdgghdgmuleoelvxabfmqiotta/Build/Intermediates.noindex/GeneratedModuleMaps/TelegramCore-Swift.h

SwiftDriverJobDiscovery normal arm64 Compiling TelegramUser.swift, TelegramUserPresence.swift, TextEntitiesMessageAttribute.swift, Theme.swift, Wallpaper.swift, Authorization.swift, ForumChannels.swift, LoadedPeer.swift, LoadedPeerFromMessage.swift, GroupReturnAndLeft.swift, MacInternal.swift, NotificationAutolockReportManager.swift, TelegramApplicationIcons.swift, Download.swift, FetchHttpResource.swift, FetchV2.swift, FetchedMediaResource.swift, MultipartFetch.swift, MultipartUpload.swift, MultiplexedRequestManager.swift, Network.swift, NetworkFrameworkTcpConnectionInterface.swift, NetworkStatsContext.swift, NetworkType.swift, ProxyServersStatuses.swift (in target 'TelegramCore' from project 'TelegramCore')

Copy /Users/buddhirajgautam/Library/Developer/Xcode/DerivedData/Telegram-Mac-fygdgghdgmuleoelvxabfmqiotta/Build/Products/Debug/TelegramCore.swiftmodule/arm64-apple-macos.swiftmodule /Users/buddhirajgautam/Library/Developer/Xcode/DerivedData/Telegram-Mac-fygdgghdgmuleoelvxabfmqiotta/Build/Intermediates.noindex/TelegramCore.build/Debug/TelegramCore-t.build/Objects-normal/arm64/TelegramCore.swiftmodule (in target 'TelegramCore' from project 'TelegramCore')
    cd /Users/buddhirajgautam/Documents/Cherrygram-Mac/macOS-Swift/submodules/telegram-ios/submodules/TelegramCore
    builtin-copy -exclude .DS_Store -exclude CVS -exclude .svn -exclude .git -exclude .hg -resolve-src-symlinks -rename /Users/buddhirajgautam/Library/Developer/Xcode/DerivedData/Telegram-Mac-fygdgghdgmuleoelvxabfmqiotta/Build/Intermediates.noindex/TelegramCore.build/Debug/TelegramCore-t.build/Objects-normal/arm64/TelegramCore.swiftmodule /Users/buddhirajgautam/Library/Developer/Xcode/DerivedData/Telegram-Mac-fygdgghdgmuleoelvxabfmqiotta/Build/Products/Debug/TelegramCore.swiftmodule/arm64-apple-macos.swiftmodule

Copy /Users/buddhirajgautam/Library/Developer/Xcode/DerivedData/Telegram-Mac-fygdgghdgmuleoelvxabfmqiotta/Build/Products/Debug/TelegramCore.swiftmodule/arm64-apple-macos.swiftdoc /Users/buddhirajgautam/Library/Developer/Xcode/DerivedData/Telegram-Mac-fygdgghdgmuleoelvxabfmqiotta/Build/Intermediates.noindex/TelegramCore.build/Debug/TelegramCore-t.build/Objects-normal/arm64/TelegramCore.swiftdoc (in target 'TelegramCore' from project 'TelegramCore')
    cd /Users/buddhirajgautam/Documents/Cherrygram-Mac/macOS-Swift/submodules/telegram-ios/submodules/TelegramCore
    builtin-copy -exclude .DS_Store -exclude CVS -exclude .svn -exclude .git -exclude .hg -resolve-src-symlinks -rename /Users/buddhirajgautam/Library/Developer/Xcode/DerivedData/Telegram-Mac-fygdgghdgmuleoelvxabfmqiotta/Build/Intermediates.noindex/TelegramCore.build/Debug/TelegramCore-t.build/Objects-normal/arm64/TelegramCore.swiftdoc /Users/buddhirajgautam/Library/Developer/Xcode/DerivedData/Telegram-Mac-fygdgghdgmuleoelvxabfmqiotta/Build/Products/Debug/TelegramCore.swiftmodule/arm64-apple-macos.swiftdoc

Copy /Users/buddhirajgautam/Library/Developer/Xcode/DerivedData/Telegram-Mac-fygdgghdgmuleoelvxabfmqiotta/Build/Products/Debug/TelegramCore.swiftmodule/arm64-apple-macos.abi.json /Users/buddhirajgautam/Library/Developer/Xcode/DerivedData/Telegram-Mac-fygdgghdgmuleoelvxabfmqiotta/Build/Intermediates.noindex/TelegramCore.build/Debug/TelegramCore-t.build/Objects-normal/arm64/TelegramCore.abi.json (in target 'TelegramCore' from project 'TelegramCore')
    cd /Users/buddhirajgautam/Documents/Cherrygram-Mac/macOS-Swift/submodules/telegram-ios/submodules/TelegramCore
    builtin-copy -exclude .DS_Store -exclude CVS -exclude .svn -exclude .git -exclude .hg -resolve-src-symlinks -rename /Users/buddhirajgautam/Library/Developer/Xcode/DerivedData/Telegram-Mac-fygdgghdgmuleoelvxabfmqiotta/Build/Intermediates.noindex/TelegramCore.build/Debug/TelegramCore-t.build/Objects-normal/arm64/TelegramCore.abi.json /Users/buddhirajgautam/Library/Developer/Xcode/DerivedData/Telegram-Mac-fygdgghdgmuleoelvxabfmqiotta/Build/Products/Debug/TelegramCore.swiftmodule/arm64-apple-macos.abi.json

Copy /Users/buddhirajgautam/Library/Developer/Xcode/DerivedData/Telegram-Mac-fygdgghdgmuleoelvxabfmqiotta/Build/Products/Debug/TelegramCore.swiftmodule/Project/arm64-apple-macos.swiftsourceinfo /Users/buddhirajgautam/Library/Developer/Xcode/DerivedData/Telegram-Mac-fygdgghdgmuleoelvxabfmqiotta/Build/Intermediates.noindex/TelegramCore.build/Debug/TelegramCore-t.build/Objects-normal/arm64/TelegramCore.swiftsourceinfo (in target 'TelegramCore' from project 'TelegramCore')
    cd /Users/buddhirajgautam/Documents/Cherrygram-Mac/macOS-Swift/submodules/telegram-ios/submodules/TelegramCore
    builtin-copy -exclude .DS_Store -exclude CVS -exclude .svn -exclude .git -exclude .hg -resolve-src-symlinks -rename /Users/buddhirajgautam/Library/Developer/Xcode/DerivedData/Telegram-Mac-fygdgghdgmuleoelvxabfmqiotta/Build/Intermediates.noindex/TelegramCore.build/Debug/TelegramCore-t.build/Objects-normal/arm64/TelegramCore.swiftsourceinfo /Users/buddhirajgautam/Library/Developer/Xcode/DerivedData/Telegram-Mac-fygdgghdgmuleoelvxabfmqiotta/Build/Products/Debug/TelegramCore.swiftmodule/Project/arm64-apple-macos.swiftsourceinfo

SwiftCompile normal arm64 Compiling\ SyncCore_PeerReference.swift,\ SyncCore_PeerStatusSettings.swift,\ SyncCore_PixelDimensions.swift,\ SyncCore_PremiumPromoConfiguration.swift,\ SyncCore_ProxySettings.swift,\ SyncCore_ReactionsMessageAttribute.swift,\ SyncCore_RecentDownloadItem.swift,\ SyncCore_RecentHashtagItem.swift,\ SyncCore_RecentMediaItem.swift,\ SyncCore_RecentPeerItem.swift,\ SyncCore_RegularChatState.swift,\ SyncCore_RemoteStorageConfiguration.swift,\ SyncCore_ReplyMarkupMessageAttribute.swift,\ SyncCore_ReplyMessageAttribute.swift,\ SyncCore_ReplyThreadMessageAttribute.swift,\ SyncCore_RestrictedContentMessageAttribute.swift,\ SyncCore_RichText.swift,\ SyncCore_SavedStickerItem.swift,\ SyncCore_SearchBotsConfiguration.swift,\ SyncCore_SecretChatEncryptionConfig.swift,\ SyncCore_SecretChatFileReference.swift,\ SyncCore_SecretChatIncomingDecryptedOperation.swift,\ SyncCore_SecretChatIncomingEncryptedOperation.swift,\ SyncCore_SecretChatKeychain.swift /Users/buddhirajgautam/Documents/Cherrygram-Mac/macOS-Swift/submodules/telegram-ios/submodules/TelegramCore/Sources/SyncCore/SyncCore_PeerReference.swift /Users/buddhirajgautam/Documents/Cherrygram-Mac/macOS-Swift/submodules/telegram-ios/submodules/TelegramCore/Sources/SyncCore/SyncCore_PeerStatusSettings.swift /Users/buddhirajgautam/Documents/Cherrygram-Mac/macOS-Swift/submodules/telegram-ios/submodules/TelegramCore/Sources/SyncCore/SyncCore_PixelDimensions.swift /Users/buddhirajgautam/Documents/Cherrygram-Mac/macOS-Swift/submodules/telegram-ios/submodules/TelegramCore/Sources/SyncCore/SyncCore_PremiumPromoConfiguration.swift /Users/buddhirajgautam/Documents/Cherrygram-Mac/macOS-Swift/submodules/telegram-ios/submodules/TelegramCore/Sources/SyncCore/SyncCore_ProxySettings.swift /Users/buddhirajgautam/Documents/Cherrygram-Mac/macOS-Swift/submodules/telegram-ios/submodules/TelegramCore/Sources/SyncCore/SyncCore_ReactionsMessageAttribute.swift /Users/buddhirajgautam/Documents/Cherrygram-Mac/macOS-Swift/submodules/telegram-ios/submodules/TelegramCore/Sources/SyncCore/SyncCore_RecentDownloadItem.swift /Users/buddhirajgautam/Documents/Cherrygram-Mac/macOS-Swift/submodules/telegram-ios/submodules/TelegramCore/Sources/SyncCore/SyncCore_RecentHashtagItem.swift /Users/buddhirajgautam/Documents/Cherrygram-Mac/macOS-Swift/submodules/telegram-ios/submodules/TelegramCore/Sources/SyncCore/SyncCore_RecentMediaItem.swift /Users/buddhirajgautam/Documents/Cherrygram-Mac/macOS-Swift/submodules/telegram-ios/submodules/TelegramCore/Sources/SyncCore/SyncCore_RecentPeerItem.swift /Users/buddhirajgautam/Documents/Cherrygram-Mac/macOS-Swift/submodules/telegram-ios/submodules/TelegramCore/Sources/SyncCore/SyncCore_RegularChatState.swift /Users/buddhirajgautam/Documents/Cherrygram-Mac/macOS-Swift/submodules/telegram-ios/submodules/TelegramCore/Sources/SyncCore/SyncCore_RemoteStorageConfiguration.swift /Users/buddhirajgautam/Documents/Cherrygram-Mac/macOS-Swift/submodules/telegram-ios/submodules/TelegramCore/Sources/SyncCore/SyncCore_ReplyMarkupMessageAttribute.swift /Users/buddhirajgautam/Documents/Cherrygram-Mac/macOS-Swift/submodules/telegram-ios/submodules/TelegramCore/Sources/SyncCore/SyncCore_ReplyMessageAttribute.swift /Users/buddhirajgautam/Documents/Cherrygram-Mac/macOS-Swift/submodules/telegram-ios/submodules/TelegramCore/Sources/SyncCore/SyncCore_ReplyThreadMessageAttribute.swift /Users/buddhirajgautam/Documents/Cherrygram-Mac/macOS-Swift/submodules/telegram-ios/submodules/TelegramCore/Sources/SyncCore/SyncCore_RestrictedContentMessageAttribute.swift /Users/buddhirajgautam/Documents/Cherrygram-Mac/macOS-Swift/submodules/telegram-ios/submodules/TelegramCore/Sources/SyncCore/SyncCore_RichText.swift /Users/buddhirajgautam/Documents/Cherrygram-Mac/macOS-Swift/submodules/telegram-ios/submodules/TelegramCore/Sources/SyncCore/SyncCore_SavedStickerItem.swift /Users/buddhirajgautam/Documents/Cherrygram-Mac/macOS-Swift/submodules/telegram-ios/submodules/TelegramCore/Sources/SyncCore/SyncCore_SearchBotsConfiguration.swift /Users/buddhirajgautam/Documents/Cherrygram-Mac/macOS-Swift/submodules/telegram-ios/submodules/TelegramCore/Sources/SyncCore/SyncCore_SecretChatEncryptionConfig.swift /Users/buddhirajgautam/Documents/Cherrygram-Mac/macOS-Swift/submodules/telegram-ios/submodules/TelegramCore/Sources/SyncCore/SyncCore_SecretChatFileReference.swift /Users/buddhirajgautam/Documents/Cherrygram-Mac/macOS-Swift/submodules/telegram-ios/submodules/TelegramCore/Sources/SyncCore/SyncCore_SecretChatIncomingDecryptedOperation.swift /Users/buddhirajgautam/Documents/Cherrygram-Mac/macOS-Swift/submodules/telegram-ios/submodules/TelegramCore/Sources/SyncCore/SyncCore_SecretChatIncomingEncryptedOperation.swift /Users/buddhirajgautam/Documents/Cherrygram-Mac/macOS-Swift/submodules/telegram-ios/submodules/TelegramCore/Sources/SyncCore/SyncCore_SecretChatKeychain.swift (in target 'TelegramCore' from project 'TelegramCore')

SwiftCompile normal arm64 /Users/buddhirajgautam/Documents/Cherrygram-Mac/macOS-Swift/submodules/telegram-ios/submodules/TelegramCore/Sources/SyncCore/SyncCore_PeerReference.swift (in target 'TelegramCore' from project 'TelegramCore')
    cd /Users/buddhirajgautam/Documents/Cherrygram-Mac/macOS-Swift
    builtin-SwiftPerFileCompile SyncCore_PeerReference.swift

SwiftCompile normal arm64 /Users/buddhirajgautam/Documents/Cherrygram-Mac/macOS-Swift/submodules/telegram-ios/submodules/TelegramCore/Sources/SyncCore/SyncCore_PeerStatusSettings.swift (in target 'TelegramCore' from project 'TelegramCore')
    cd /Users/buddhirajgautam/Documents/Cherrygram-Mac/macOS-Swift
    builtin-SwiftPerFileCompile SyncCore_PeerStatusSettings.swift

SwiftCompile normal arm64 /Users/buddhirajgautam/Documents/Cherrygram-Mac/macOS-Swift/submodules/telegram-ios/submodules/TelegramCore/Sources/SyncCore/SyncCore_PixelDimensions.swift (in target 'TelegramCore' from project 'TelegramCore')
    cd /Users/buddhirajgautam/Documents/Cherrygram-Mac/macOS-Swift
    builtin-SwiftPerFileCompile SyncCore_PixelDimensions.swift

SwiftCompile normal arm64 /Users/buddhirajgautam/Documents/Cherrygram-Mac/macOS-Swift/submodules/telegram-ios/submodules/TelegramCore/Sources/SyncCore/SyncCore_PremiumPromoConfiguration.swift (in target 'TelegramCore' from project 'TelegramCore')
    cd /Users/buddhirajgautam/Documents/Cherrygram-Mac/macOS-Swift
    builtin-SwiftPerFileCompile SyncCore_PremiumPromoConfiguration.swift

SwiftCompile normal arm64 /Users/buddhirajgautam/Documents/Cherrygram-Mac/macOS-Swift/submodules/telegram-ios/submodules/TelegramCore/Sources/SyncCore/SyncCore_ProxySettings.swift (in target 'TelegramCore' from project 'TelegramCore')
    cd /Users/buddhirajgautam/Documents/Cherrygram-Mac/macOS-Swift
    builtin-SwiftPerFileCompile SyncCore_ProxySettings.swift

SwiftCompile normal arm64 /Users/buddhirajgautam/Documents/Cherrygram-Mac/macOS-Swift/submodules/telegram-ios/submodules/TelegramCore/Sources/SyncCore/SyncCore_ReactionsMessageAttribute.swift (in target 'TelegramCore' from project 'TelegramCore')
    cd /Users/buddhirajgautam/Documents/Cherrygram-Mac/macOS-Swift
    builtin-SwiftPerFileCompile SyncCore_ReactionsMessageAttribute.swift

SwiftCompile normal arm64 /Users/buddhirajgautam/Documents/Cherrygram-Mac/macOS-Swift/submodules/telegram-ios/submodules/TelegramCore/Sources/SyncCore/SyncCore_RecentDownloadItem.swift (in target 'TelegramCore' from project 'TelegramCore')
    cd /Users/buddhirajgautam/Documents/Cherrygram-Mac/macOS-Swift
    builtin-SwiftPerFileCompile SyncCore_RecentDownloadItem.swift

SwiftCompile normal arm64 /Users/buddhirajgautam/Documents/Cherrygram-Mac/macOS-Swift/submodules/telegram-ios/submodules/TelegramCore/Sources/SyncCore/SyncCore_RecentHashtagItem.swift (in target 'TelegramCore' from project 'TelegramCore')
    cd /Users/buddhirajgautam/Documents/Cherrygram-Mac/macOS-Swift
    builtin-SwiftPerFileCompile SyncCore_RecentHashtagItem.swift

SwiftCompile normal arm64 /Users/buddhirajgautam/Documents/Cherrygram-Mac/macOS-Swift/submodules/telegram-ios/submodules/TelegramCore/Sources/SyncCore/SyncCore_RecentMediaItem.swift (in target 'TelegramCore' from project 'TelegramCore')
    cd /Users/buddhirajgautam/Documents/Cherrygram-Mac/macOS-Swift
    builtin-SwiftPerFileCompile SyncCore_RecentMediaItem.swift

SwiftCompile normal arm64 /Users/buddhirajgautam/Documents/Cherrygram-Mac/macOS-Swift/submodules/telegram-ios/submodules/TelegramCore/Sources/SyncCore/SyncCore_RecentPeerItem.swift (in target 'TelegramCore' from project 'TelegramCore')
    cd /Users/buddhirajgautam/Documents/Cherrygram-Mac/macOS-Swift
    builtin-SwiftPerFileCompile SyncCore_RecentPeerItem.swift

SwiftCompile normal arm64 /Users/buddhirajgautam/Documents/Cherrygram-Mac/macOS-Swift/submodules/telegram-ios/submodules/TelegramCore/Sources/SyncCore/SyncCore_RegularChatState.swift (in target 'TelegramCore' from project 'TelegramCore')
    cd /Users/buddhirajgautam/Documents/Cherrygram-Mac/macOS-Swift
    builtin-SwiftPerFileCompile SyncCore_RegularChatState.swift

SwiftCompile normal arm64 /Users/buddhirajgautam/Documents/Cherrygram-Mac/macOS-Swift/submodules/telegram-ios/submodules/TelegramCore/Sources/SyncCore/SyncCore_RemoteStorageConfiguration.swift (in target 'TelegramCore' from project 'TelegramCore')
    cd /Users/buddhirajgautam/Documents/Cherrygram-Mac/macOS-Swift
    builtin-SwiftPerFileCompile SyncCore_RemoteStorageConfiguration.swift

SwiftCompile normal arm64 /Users/buddhirajgautam/Documents/Cherrygram-Mac/macOS-Swift/submodules/telegram-ios/submodules/TelegramCore/Sources/SyncCore/SyncCore_ReplyMarkupMessageAttribute.swift (in target 'TelegramCore' from project 'TelegramCore')
    cd /Users/buddhirajgautam/Documents/Cherrygram-Mac/macOS-Swift
    builtin-SwiftPerFileCompile SyncCore_ReplyMarkupMessageAttribute.swift

SwiftCompile normal arm64 /Users/buddhirajgautam/Documents/Cherrygram-Mac/macOS-Swift/submodules/telegram-ios/submodules/TelegramCore/Sources/SyncCore/SyncCore_ReplyMessageAttribute.swift (in target 'TelegramCore' from project 'TelegramCore')
    cd /Users/buddhirajgautam/Documents/Cherrygram-Mac/macOS-Swift
    builtin-SwiftPerFileCompile SyncCore_ReplyMessageAttribute.swift

SwiftCompile normal arm64 /Users/buddhirajgautam/Documents/Cherrygram-Mac/macOS-Swift/submodules/telegram-ios/submodules/TelegramCore/Sources/SyncCore/SyncCore_ReplyThreadMessageAttribute.swift (in target 'TelegramCore' from project 'TelegramCore')
    cd /Users/buddhirajgautam/Documents/Cherrygram-Mac/macOS-Swift
    builtin-SwiftPerFileCompile SyncCore_ReplyThreadMessageAttribute.swift

SwiftCompile normal arm64 /Users/buddhirajgautam/Documents/Cherrygram-Mac/macOS-Swift/submodules/telegram-ios/submodules/TelegramCore/Sources/SyncCore/SyncCore_RestrictedContentMessageAttribute.swift (in target 'TelegramCore' from project 'TelegramCore')
    cd /Users/buddhirajgautam/Documents/Cherrygram-Mac/macOS-Swift
    builtin-SwiftPerFileCompile SyncCore_RestrictedContentMessageAttribute.swift

SwiftCompile normal arm64 /Users/buddhirajgautam/Documents/Cherrygram-Mac/macOS-Swift/submodules/telegram-ios/submodules/TelegramCore/Sources/SyncCore/SyncCore_RichText.swift (in target 'TelegramCore' from project 'TelegramCore')
    cd /Users/buddhirajgautam/Documents/Cherrygram-Mac/macOS-Swift
    builtin-SwiftPerFileCompile SyncCore_RichText.swift

SwiftCompile normal arm64 /Users/buddhirajgautam/Documents/Cherrygram-Mac/macOS-Swift/submodules/telegram-ios/submodules/TelegramCore/Sources/SyncCore/SyncCore_SavedStickerItem.swift (in target 'TelegramCore' from project 'TelegramCore')
    cd /Users/buddhirajgautam/Documents/Cherrygram-Mac/macOS-Swift
    builtin-SwiftPerFileCompile SyncCore_SavedStickerItem.swift

SwiftCompile normal arm64 /Users/buddhirajgautam/Documents/Cherrygram-Mac/macOS-Swift/submodules/telegram-ios/submodules/TelegramCore/Sources/SyncCore/SyncCore_SearchBotsConfiguration.swift (in target 'TelegramCore' from project 'TelegramCore')
    cd /Users/buddhirajgautam/Documents/Cherrygram-Mac/macOS-Swift
    builtin-SwiftPerFileCompile SyncCore_SearchBotsConfiguration.swift

SwiftCompile normal arm64 /Users/buddhirajgautam/Documents/Cherrygram-Mac/macOS-Swift/submodules/telegram-ios/submodules/TelegramCore/Sources/SyncCore/SyncCore_SecretChatEncryptionConfig.swift (in target 'TelegramCore' from project 'TelegramCore')
    cd /Users/buddhirajgautam/Documents/Cherrygram-Mac/macOS-Swift
    builtin-SwiftPerFileCompile SyncCore_SecretChatEncryptionConfig.swift

SwiftCompile normal arm64 /Users/buddhirajgautam/Documents/Cherrygram-Mac/macOS-Swift/submodules/telegram-ios/submodules/TelegramCore/Sources/SyncCore/SyncCore_SecretChatFileReference.swift (in target 'TelegramCore' from project 'TelegramCore')
    cd /Users/buddhirajgautam/Documents/Cherrygram-Mac/macOS-Swift
    builtin-SwiftPerFileCompile SyncCore_SecretChatFileReference.swift

SwiftCompile normal arm64 /Users/buddhirajgautam/Documents/Cherrygram-Mac/macOS-Swift/submodules/telegram-ios/submodules/TelegramCore/Sources/SyncCore/SyncCore_SecretChatIncomingDecryptedOperation.swift (in target 'TelegramCore' from project 'TelegramCore')
    cd /Users/buddhirajgautam/Documents/Cherrygram-Mac/macOS-Swift
    builtin-SwiftPerFileCompile SyncCore_SecretChatIncomingDecryptedOperation.swift

SwiftCompile normal arm64 /Users/buddhirajgautam/Documents/Cherrygram-Mac/macOS-Swift/submodules/telegram-ios/submodules/TelegramCore/Sources/SyncCore/SyncCore_SecretChatIncomingEncryptedOperation.swift (in target 'TelegramCore' from project 'TelegramCore')
    cd /Users/buddhirajgautam/Documents/Cherrygram-Mac/macOS-Swift
    builtin-SwiftPerFileCompile SyncCore_SecretChatIncomingEncryptedOperation.swift

SwiftCompile normal arm64 /Users/buddhirajgautam/Documents/Cherrygram-Mac/macOS-Swift/submodules/telegram-ios/submodules/TelegramCore/Sources/SyncCore/SyncCore_SecretChatKeychain.swift (in target 'TelegramCore' from project 'TelegramCore')
    cd /Users/buddhirajgautam/Documents/Cherrygram-Mac/macOS-Swift
    builtin-SwiftPerFileCompile SyncCore_SecretChatKeychain.swift

SwiftCompile normal arm64 Compiling\ SyncCore_TelegramMediaWebFile.swift,\ SyncCore_TelegramMediaWebpage.swift,\ SyncCore_TelegramPeerNotificationSettings.swift,\ SyncCore_TelegramSecretChat.swift,\ SyncCore_TelegramTheme.swift,\ SyncCore_TelegramUser.swift,\ SyncCore_TelegramUserPresence.swift,\ SyncCore_TelegramWallpaper.swift,\ SyncCore_TemporaryTwoStepPasswordToken.swift,\ SyncCore_TextEntitiesMessageAttribute.swift,\ SyncCore_ThemeSettings.swift,\ SyncCore_TranslationMessageAttribute.swift,\ SyncCore_UnauthorizedAccountState.swift,\ SyncCore_UpdateMessageReactionsAction.swift,\ SyncCore_ValidationMessageAttribute.swift,\ SyncCore_ViewCountMessageAttribute.swift,\ SyncCore_VoipConfiguration.swift,\ SyncCore_WallapersState.swift,\ SyncCore_WasScheduledMessageAttribute.swift,\ SynchronizePeerStoriesOperation.swift,\ SynchronizeViewStoriesOperation.swift,\ ChangeAccountPhoneNumber.swift,\ RegisterNotificationToken.swift,\ TelegramEngineAccountData.swift /Users/buddhirajgautam/Documents/Cherrygram-Mac/macOS-Swift/submodules/telegram-ios/submodules/TelegramCore/Sources/SyncCore/SyncCore_TelegramMediaWebFile.swift /Users/buddhirajgautam/Documents/Cherrygram-Mac/macOS-Swift/submodules/telegram-ios/submodules/TelegramCore/Sources/SyncCore/SyncCore_TelegramMediaWebpage.swift /Users/buddhirajgautam/Documents/Cherrygram-Mac/macOS-Swift/submodules/telegram-ios/submodules/TelegramCore/Sources/SyncCore/SyncCore_TelegramPeerNotificationSettings.swift /Users/buddhirajgautam/Documents/Cherrygram-Mac/macOS-Swift/submodules/telegram-ios/submodules/TelegramCore/Sources/SyncCore/SyncCore_TelegramSecretChat.swift /Users/buddhirajgautam/Documents/Cherrygram-Mac/macOS-Swift/submodules/telegram-ios/submodules/TelegramCore/Sources/SyncCore/SyncCore_TelegramTheme.swift /Users/buddhirajgautam/Documents/Cherrygram-Mac/macOS-Swift/submodules/telegram-ios/submodules/TelegramCore/Sources/SyncCore/SyncCore_TelegramUser.swift /Users/buddhirajgautam/Documents/Cherrygram-Mac/macOS-Swift/submodules/telegram-ios/submodules/TelegramCore/Sources/SyncCore/SyncCore_TelegramUserPresence.swift /Users/buddhirajgautam/Documents/Cherrygram-Mac/macOS-Swift/submodules/telegram-ios/submodules/TelegramCore/Sources/SyncCore/SyncCore_TelegramWallpaper.swift /Users/buddhirajgautam/Documents/Cherrygram-Mac/macOS-Swift/submodules/telegram-ios/submodules/TelegramCore/Sources/SyncCore/SyncCore_TemporaryTwoStepPasswordToken.swift /Users/buddhirajgautam/Documents/Cherrygram-Mac/macOS-Swift/submodules/telegram-ios/submodules/TelegramCore/Sources/SyncCore/SyncCore_TextEntitiesMessageAttribute.swift /Users/buddhirajgautam/Documents/Cherrygram-Mac/macOS-Swift/submodules/telegram-ios/submodules/TelegramCore/Sources/SyncCore/SyncCore_ThemeSettings.swift /Users/buddhirajgautam/Documents/Cherrygram-Mac/macOS-Swift/submodules/telegram-ios/submodules/TelegramCore/Sources/SyncCore/SyncCore_TranslationMessageAttribute.swift /Users/buddhirajgautam/Documents/Cherrygram-Mac/macOS-Swift/submodules/telegram-ios/submodules/TelegramCore/Sources/SyncCore/SyncCore_UnauthorizedAccountState.swift /Users/buddhirajgautam/Documents/Cherrygram-Mac/macOS-Swift/submodules/telegram-ios/submodules/TelegramCore/Sources/SyncCore/SyncCore_UpdateMessageReactionsAction.swift /Users/buddhirajgautam/Documents/Cherrygram-Mac/macOS-Swift/submodules/telegram-ios/submodules/TelegramCore/Sources/SyncCore/SyncCore_ValidationMessageAttribute.swift /Users/buddhirajgautam/Documents/Cherrygram-Mac/macOS-Swift/submodules/telegram-ios/submodules/TelegramCore/Sources/SyncCore/SyncCore_ViewCountMessageAttribute.swift /Users/buddhirajgautam/Documents/Cherrygram-Mac/macOS-Swift/submodules/telegram-ios/submodules/TelegramCore/Sources/SyncCore/SyncCore_VoipConfiguration.swift /Users/buddhirajgautam/Documents/Cherrygram-Mac/macOS-Swift/submodules/telegram-ios/submodules/TelegramCore/Sources/SyncCore/SyncCore_WallapersState.swift /Users/buddhirajgautam/Documents/Cherrygram-Mac/macOS-Swift/submodules/telegram-ios/submodules/TelegramCore/Sources/SyncCore/SyncCore_WasScheduledMessageAttribute.swift /Users/buddhirajgautam/Documents/Cherrygram-Mac/macOS-Swift/submodules/telegram-ios/submodules/TelegramCore/Sources/SyncCore/SynchronizePeerStoriesOperation.swift /Users/buddhirajgautam/Documents/Cherrygram-Mac/macOS-Swift/submodules/telegram-ios/submodules/TelegramCore/Sources/SyncCore/SynchronizeViewStoriesOperation.swift /Users/buddhirajgautam/Documents/Cherrygram-Mac/macOS-Swift/submodules/telegram-ios/submodules/TelegramCore/Sources/TelegramEngine/AccountData/ChangeAccountPhoneNumber.swift /Users/buddhirajgautam/Documents/Cherrygram-Mac/macOS-Swift/submodules/telegram-ios/submodules/TelegramCore/Sources/TelegramEngine/AccountData/RegisterNotificationToken.swift /Users/buddhirajgautam/Documents/Cherrygram-Mac/macOS-Swift/submodules/telegram-ios/submodules/TelegramCore/Sources/TelegramEngine/AccountData/TelegramEngineAccountData.swift (in target 'TelegramCore' from project 'TelegramCore')

SwiftCompile normal arm64 /Users/buddhirajgautam/Documents/Cherrygram-Mac/macOS-Swift/submodules/telegram-ios/submodules/TelegramCore/Sources/SyncCore/SyncCore_TelegramMediaWebFile.swift (in target 'TelegramCore' from project 'TelegramCore')
    cd /Users/buddhirajgautam/Documents/Cherrygram-Mac/macOS-Swift
    builtin-SwiftPerFileCompile SyncCore_TelegramMediaWebFile.swift

SwiftCompile normal arm64 /Users/buddhirajgautam/Documents/Cherrygram-Mac/macOS-Swift/submodules/telegram-ios/submodules/TelegramCore/Sources/SyncCore/SyncCore_TelegramMediaWebpage.swift (in target 'TelegramCore' from project 'TelegramCore')
    cd /Users/buddhirajgautam/Documents/Cherrygram-Mac/macOS-Swift
    builtin-SwiftPerFileCompile SyncCore_TelegramMediaWebpage.swift

SwiftCompile normal arm64 /Users/buddhirajgautam/Documents/Cherrygram-Mac/macOS-Swift/submodules/telegram-ios/submodules/TelegramCore/Sources/SyncCore/SyncCore_TelegramPeerNotificationSettings.swift (in target 'TelegramCore' from project 'TelegramCore')
    cd /Users/buddhirajgautam/Documents/Cherrygram-Mac/macOS-Swift
    builtin-SwiftPerFileCompile SyncCore_TelegramPeerNotificationSettings.swift

SwiftCompile normal arm64 /Users/buddhirajgautam/Documents/Cherrygram-Mac/macOS-Swift/submodules/telegram-ios/submodules/TelegramCore/Sources/SyncCore/SyncCore_TelegramSecretChat.swift (in target 'TelegramCore' from project 'TelegramCore')
    cd /Users/buddhirajgautam/Documents/Cherrygram-Mac/macOS-Swift
    builtin-SwiftPerFileCompile SyncCore_TelegramSecretChat.swift

SwiftCompile normal arm64 /Users/buddhirajgautam/Documents/Cherrygram-Mac/macOS-Swift/submodules/telegram-ios/submodules/TelegramCore/Sources/SyncCore/SyncCore_TelegramTheme.swift (in target 'TelegramCore' from project 'TelegramCore')
    cd /Users/buddhirajgautam/Documents/Cherrygram-Mac/macOS-Swift
    builtin-SwiftPerFileCompile SyncCore_TelegramTheme.swift

SwiftCompile normal arm64 /Users/buddhirajgautam/Documents/Cherrygram-Mac/macOS-Swift/submodules/telegram-ios/submodules/TelegramCore/Sources/SyncCore/SyncCore_TelegramUser.swift (in target 'TelegramCore' from project 'TelegramCore')
    cd /Users/buddhirajgautam/Documents/Cherrygram-Mac/macOS-Swift
    builtin-SwiftPerFileCompile SyncCore_TelegramUser.swift

SwiftCompile normal arm64 /Users/buddhirajgautam/Documents/Cherrygram-Mac/macOS-Swift/submodules/telegram-ios/submodules/TelegramCore/Sources/SyncCore/SyncCore_TelegramUserPresence.swift (in target 'TelegramCore' from project 'TelegramCore')
    cd /Users/buddhirajgautam/Documents/Cherrygram-Mac/macOS-Swift
    builtin-SwiftPerFileCompile SyncCore_TelegramUserPresence.swift

SwiftCompile normal arm64 /Users/buddhirajgautam/Documents/Cherrygram-Mac/macOS-Swift/submodules/telegram-ios/submodules/TelegramCore/Sources/SyncCore/SyncCore_TelegramWallpaper.swift (in target 'TelegramCore' from project 'TelegramCore')
    cd /Users/buddhirajgautam/Documents/Cherrygram-Mac/macOS-Swift
    builtin-SwiftPerFileCompile SyncCore_TelegramWallpaper.swift

SwiftCompile normal arm64 /Users/buddhirajgautam/Documents/Cherrygram-Mac/macOS-Swift/submodules/telegram-ios/submodules/TelegramCore/Sources/SyncCore/SyncCore_TemporaryTwoStepPasswordToken.swift (in target 'TelegramCore' from project 'TelegramCore')
    cd /Users/buddhirajgautam/Documents/Cherrygram-Mac/macOS-Swift
    builtin-SwiftPerFileCompile SyncCore_TemporaryTwoStepPasswordToken.swift

SwiftCompile normal arm64 /Users/buddhirajgautam/Documents/Cherrygram-Mac/macOS-Swift/submodules/telegram-ios/submodules/TelegramCore/Sources/SyncCore/SyncCore_TextEntitiesMessageAttribute.swift (in target 'TelegramCore' from project 'TelegramCore')
    cd /Users/buddhirajgautam/Documents/Cherrygram-Mac/macOS-Swift
    builtin-SwiftPerFileCompile SyncCore_TextEntitiesMessageAttribute.swift

SwiftCompile normal arm64 /Users/buddhirajgautam/Documents/Cherrygram-Mac/macOS-Swift/submodules/telegram-ios/submodules/TelegramCore/Sources/SyncCore/SyncCore_ThemeSettings.swift (in target 'TelegramCore' from project 'TelegramCore')
    cd /Users/buddhirajgautam/Documents/Cherrygram-Mac/macOS-Swift
    builtin-SwiftPerFileCompile SyncCore_ThemeSettings.swift

SwiftCompile normal arm64 /Users/buddhirajgautam/Documents/Cherrygram-Mac/macOS-Swift/submodules/telegram-ios/submodules/TelegramCore/Sources/SyncCore/SyncCore_TranslationMessageAttribute.swift (in target 'TelegramCore' from project 'TelegramCore')
    cd /Users/buddhirajgautam/Documents/Cherrygram-Mac/macOS-Swift
    builtin-SwiftPerFileCompile SyncCore_TranslationMessageAttribute.swift

SwiftCompile normal arm64 /Users/buddhirajgautam/Documents/Cherrygram-Mac/macOS-Swift/submodules/telegram-ios/submodules/TelegramCore/Sources/SyncCore/SyncCore_UnauthorizedAccountState.swift (in target 'TelegramCore' from project 'TelegramCore')
    cd /Users/buddhirajgautam/Documents/Cherrygram-Mac/macOS-Swift
    builtin-SwiftPerFileCompile SyncCore_UnauthorizedAccountState.swift

SwiftCompile normal arm64 /Users/buddhirajgautam/Documents/Cherrygram-Mac/macOS-Swift/submodules/telegram-ios/submodules/TelegramCore/Sources/SyncCore/SyncCore_UpdateMessageReactionsAction.swift (in target 'TelegramCore' from project 'TelegramCore')
    cd /Users/buddhirajgautam/Documents/Cherrygram-Mac/macOS-Swift
    builtin-SwiftPerFileCompile SyncCore_UpdateMessageReactionsAction.swift

SwiftCompile normal arm64 /Users/buddhirajgautam/Documents/Cherrygram-Mac/macOS-Swift/submodules/telegram-ios/submodules/TelegramCore/Sources/SyncCore/SyncCore_ValidationMessageAttribute.swift (in target 'TelegramCore' from project 'TelegramCore')
    cd /Users/buddhirajgautam/Documents/Cherrygram-Mac/macOS-Swift
    builtin-SwiftPerFileCompile SyncCore_ValidationMessageAttribute.swift

SwiftCompile normal arm64 /Users/buddhirajgautam/Documents/Cherrygram-Mac/macOS-Swift/submodules/telegram-ios/submodules/TelegramCore/Sources/SyncCore/SyncCore_ViewCountMessageAttribute.swift (in target 'TelegramCore' from project 'TelegramCore')
    cd /Users/buddhirajgautam/Documents/Cherrygram-Mac/macOS-Swift
    builtin-SwiftPerFileCompile SyncCore_ViewCountMessageAttribute.swift

SwiftCompile normal arm64 /Users/buddhirajgautam/Documents/Cherrygram-Mac/macOS-Swift/submodules/telegram-ios/submodules/TelegramCore/Sources/SyncCore/SyncCore_VoipConfiguration.swift (in target 'TelegramCore' from project 'TelegramCore')
    cd /Users/buddhirajgautam/Documents/Cherrygram-Mac/macOS-Swift
    builtin-SwiftPerFileCompile SyncCore_VoipConfiguration.swift

SwiftCompile normal arm64 /Users/buddhirajgautam/Documents/Cherrygram-Mac/macOS-Swift/submodules/telegram-ios/submodules/TelegramCore/Sources/SyncCore/SyncCore_WallapersState.swift (in target 'TelegramCore' from project 'TelegramCore')
    cd /Users/buddhirajgautam/Documents/Cherrygram-Mac/macOS-Swift
    builtin-SwiftPerFileCompile SyncCore_WallapersState.swift

SwiftCompile normal arm64 /Users/buddhirajgautam/Documents/Cherrygram-Mac/macOS-Swift/submodules/telegram-ios/submodules/TelegramCore/Sources/SyncCore/SyncCore_WasScheduledMessageAttribute.swift (in target 'TelegramCore' from project 'TelegramCore')
    cd /Users/buddhirajgautam/Documents/Cherrygram-Mac/macOS-Swift
    builtin-SwiftPerFileCompile SyncCore_WasScheduledMessageAttribute.swift

SwiftCompile normal arm64 /Users/buddhirajgautam/Documents/Cherrygram-Mac/macOS-Swift/submodules/telegram-ios/submodules/TelegramCore/Sources/SyncCore/SynchronizePeerStoriesOperation.swift (in target 'TelegramCore' from project 'TelegramCore')
    cd /Users/buddhirajgautam/Documents/Cherrygram-Mac/macOS-Swift
    builtin-SwiftPerFileCompile SynchronizePeerStoriesOperation.swift

SwiftCompile normal arm64 /Users/buddhirajgautam/Documents/Cherrygram-Mac/macOS-Swift/submodules/telegram-ios/submodules/TelegramCore/Sources/SyncCore/SynchronizeViewStoriesOperation.swift (in target 'TelegramCore' from project 'TelegramCore')
    cd /Users/buddhirajgautam/Documents/Cherrygram-Mac/macOS-Swift
    builtin-SwiftPerFileCompile SynchronizeViewStoriesOperation.swift

SwiftCompile normal arm64 /Users/buddhirajgautam/Documents/Cherrygram-Mac/macOS-Swift/submodules/telegram-ios/submodules/TelegramCore/Sources/TelegramEngine/AccountData/ChangeAccountPhoneNumber.swift (in target 'TelegramCore' from project 'TelegramCore')
    cd /Users/buddhirajgautam/Documents/Cherrygram-Mac/macOS-Swift
    builtin-SwiftPerFileCompile ChangeAccountPhoneNumber.swift

SwiftCompile normal arm64 /Users/buddhirajgautam/Documents/Cherrygram-Mac/macOS-Swift/submodules/telegram-ios/submodules/TelegramCore/Sources/TelegramEngine/AccountData/RegisterNotificationToken.swift (in target 'TelegramCore' from project 'TelegramCore')
    cd /Users/buddhirajgautam/Documents/Cherrygram-Mac/macOS-Swift
    builtin-SwiftPerFileCompile RegisterNotificationToken.swift

SwiftCompile normal arm64 /Users/buddhirajgautam/Documents/Cherrygram-Mac/macOS-Swift/submodules/telegram-ios/submodules/TelegramCore/Sources/TelegramEngine/AccountData/TelegramEngineAccountData.swift (in target 'TelegramCore' from project 'TelegramCore')
    cd /Users/buddhirajgautam/Documents/Cherrygram-Mac/macOS-Swift
    builtin-SwiftPerFileCompile TelegramEngineAccountData.swift

SwiftDriverJobDiscovery normal arm64 Compiling PeersData.swift, TelegramEngineData.swift, TelegramEngineHistoryImport.swift, TelegramEngineItemCache.swift, Countries.swift, LocalizationInfo.swift, LocalizationListState.swift, LocalizationPreview.swift, Localizations.swift, SuggestedLocalizationEntry.swift, TelegramEngineLocalization.swift, AdMessages.swift, ApplyMaxReadIndexInteractively.swift, AttachMenuBots.swift, BotWebView.swift, CallList.swift, ChatList.swift, ClearCloudDrafts.swift, DeleteMessages.swift, DeleteMessagesInteractively.swift, EarliestUnseenPersonalMentionMessage.swift, EngineGroupCallDescription.swift, EngineStoryViewListContext.swift, ExportMessageLink.swift (in target 'TelegramCore' from project 'TelegramCore')

SwiftDriverJobDiscovery normal arm64 Compiling Account.swift, AccountIntermediateState.swift, AccountManager.swift, AccessChallengeDataView.swift, AccountManagerAtomicState.swift, AccountManagerImpl.swift, AccountManagerMetadataTable.swift, AccountManagerRecordTable.swift, AccountManagerSharedDataTable.swift, AccountRecord.swift, AccountRecordsView.swift, AccountSharedData.swift, NoticeEntryView.swift, AdMessageAttribute.swift, ApiGroupOrChannel.swift, ApiUtils.swift, BotInfo.swift, CachedChannelParticipants.swift, CachedGroupParticipants.swift, ChatContextResult.swift, CloudFileMediaResource.swift, CloudMediaResourceParameters.swift, EncryptedMediaResource.swift, ExportedInvitation.swift, ImageRepresentationWithReference.swift (in target 'TelegramCore' from project 'TelegramCore')

SwiftCompile normal arm64 Compiling\ TelegramEngineThemes.swift,\ StringCodingKey.swift,\ TempBox.swift,\ Themes.swift,\ UpdatePeers.swift,\ AutomaticCacheEviction.swift,\ CanSendMessagesToPeer.swift,\ Coding.swift,\ DecryptedResourceData.swift,\ FlatBuffersUtils.swift,\ ImageRepresentationsUtils.swift,\ JSON.swift,\ Log.swift,\ MD5.swift,\ MediaResourceNetworkStatsTag.swift,\ MemoryBufferExtensions.swift,\ MessageUtils.swift,\ PeerUtils.swift,\ StoredMessageFromSearchPeer.swift,\ StringFormat.swift,\ TelegramMedia_FlatBuffers.swift,\ UpdateMessageMedia.swift,\ Wallpapers.swift,\ WebpagePreview.swift /Users/buddhirajgautam/Documents/Cherrygram-Mac/macOS-Swift/submodules/telegram-ios/submodules/TelegramCore/Sources/TelegramEngine/Themes/TelegramEngineThemes.swift /Users/buddhirajgautam/Documents/Cherrygram-Mac/macOS-Swift/submodules/telegram-ios/submodules/TelegramCore/Sources/TelegramEngine/Utils/StringCodingKey.swift /Users/buddhirajgautam/Documents/Cherrygram-Mac/macOS-Swift/submodules/telegram-ios/submodules/TelegramCore/Sources/TelegramEngine/Utils/TempBox.swift /Users/buddhirajgautam/Documents/Cherrygram-Mac/macOS-Swift/submodules/telegram-ios/submodules/TelegramCore/Sources/Themes.swift /Users/buddhirajgautam/Documents/Cherrygram-Mac/macOS-Swift/submodules/telegram-ios/submodules/TelegramCore/Sources/UpdatePeers.swift /Users/buddhirajgautam/Documents/Cherrygram-Mac/macOS-Swift/submodules/telegram-ios/submodules/TelegramCore/Sources/Utils/AutomaticCacheEviction.swift /Users/buddhirajgautam/Documents/Cherrygram-Mac/macOS-Swift/submodules/telegram-ios/submodules/TelegramCore/Sources/Utils/CanSendMessagesToPeer.swift /Users/buddhirajgautam/Documents/Cherrygram-Mac/macOS-Swift/submodules/telegram-ios/submodules/TelegramCore/Sources/Utils/Coding.swift /Users/buddhirajgautam/Documents/Cherrygram-Mac/macOS-Swift/submodules/telegram-ios/submodules/TelegramCore/Sources/Utils/DecryptedResourceData.swift /Users/buddhirajgautam/Documents/Cherrygram-Mac/macOS-Swift/submodules/telegram-ios/submodules/TelegramCore/Sources/Utils/FlatBuffersUtils.swift /Users/buddhirajgautam/Documents/Cherrygram-Mac/macOS-Swift/submodules/telegram-ios/submodules/TelegramCore/Sources/Utils/ImageRepresentationsUtils.swift /Users/buddhirajgautam/Documents/Cherrygram-Mac/macOS-Swift/submodules/telegram-ios/submodules/TelegramCore/Sources/Utils/JSON.swift /Users/buddhirajgautam/Documents/Cherrygram-Mac/macOS-Swift/submodules/telegram-ios/submodules/TelegramCore/Sources/Utils/Log.swift /Users/buddhirajgautam/Documents/Cherrygram-Mac/macOS-Swift/submodules/telegram-ios/submodules/TelegramCore/Sources/Utils/MD5.swift /Users/buddhirajgautam/Documents/Cherrygram-Mac/macOS-Swift/submodules/telegram-ios/submodules/TelegramCore/Sources/Utils/MediaResourceNetworkStatsTag.swift /Users/buddhirajgautam/Documents/Cherrygram-Mac/macOS-Swift/submodules/telegram-ios/submodules/TelegramCore/Sources/Utils/MemoryBufferExtensions.swift /Users/buddhirajgautam/Documents/Cherrygram-Mac/macOS-Swift/submodules/telegram-ios/submodules/TelegramCore/Sources/Utils/MessageUtils.swift /Users/buddhirajgautam/Documents/Cherrygram-Mac/macOS-Swift/submodules/telegram-ios/submodules/TelegramCore/Sources/Utils/PeerUtils.swift /Users/buddhirajgautam/Documents/Cherrygram-Mac/macOS-Swift/submodules/telegram-ios/submodules/TelegramCore/Sources/Utils/StoredMessageFromSearchPeer.swift /Users/buddhirajgautam/Documents/Cherrygram-Mac/macOS-Swift/submodules/telegram-ios/submodules/TelegramCore/Sources/Utils/StringFormat.swift /Users/buddhirajgautam/Documents/Cherrygram-Mac/macOS-Swift/submodules/telegram-ios/submodules/TelegramCore/Sources/Utils/TelegramMedia_FlatBuffers.swift /Users/buddhirajgautam/Documents/Cherrygram-Mac/macOS-Swift/submodules/telegram-ios/submodules/TelegramCore/Sources/Utils/UpdateMessageMedia.swift /Users/buddhirajgautam/Documents/Cherrygram-Mac/macOS-Swift/submodules/telegram-ios/submodules/TelegramCore/Sources/Wallpapers.swift /Users/buddhirajgautam/Documents/Cherrygram-Mac/macOS-Swift/submodules/telegram-ios/submodules/TelegramCore/Sources/WebpagePreview.swift (in target 'TelegramCore' from project 'TelegramCore')
/Users/buddhirajgautam/Documents/Cherrygram-Mac/macOS-Swift/submodules/telegram-ios/submodules/TelegramCore/Sources/WebpagePreview.swift:134:97: warning: 'kUTTypeImage' was deprecated in macOS 12.0: Use UTTypeImage or UTType.image (swift) instead. [#DeprecatedDeclaration]
132 |                                     
133 |                                     if let imageProvider = metadata.imageProvider {
134 |                                         imageProvider.loadFileRepresentation(forTypeIdentifier: kUTTypeImage as String, completionHandler: { imageUrl, _ in
    |                                                                                                 `- warning: 'kUTTypeImage' was deprecated in macOS 12.0: Use UTTypeImage or UTType.image (swift) instead. [#DeprecatedDeclaration]
135 |                                             guard let imageUrl, let imageData = try? Data(contentsOf: imageUrl) else {
136 |                                                 completeWithImage(nil)

[#DeprecatedDeclaration]: <https://docs.swift.org/compiler/documentation/diagnostics/deprecated-declaration>

SwiftCompile normal arm64 /Users/buddhirajgautam/Documents/Cherrygram-Mac/macOS-Swift/submodules/telegram-ios/submodules/TelegramCore/Sources/TelegramEngine/Themes/TelegramEngineThemes.swift (in target 'TelegramCore' from project 'TelegramCore')
    cd /Users/buddhirajgautam/Documents/Cherrygram-Mac/macOS-Swift
    builtin-SwiftPerFileCompile TelegramEngineThemes.swift

SwiftCompile normal arm64 /Users/buddhirajgautam/Documents/Cherrygram-Mac/macOS-Swift/submodules/telegram-ios/submodules/TelegramCore/Sources/TelegramEngine/Utils/StringCodingKey.swift (in target 'TelegramCore' from project 'TelegramCore')
    cd /Users/buddhirajgautam/Documents/Cherrygram-Mac/macOS-Swift
    builtin-SwiftPerFileCompile StringCodingKey.swift

SwiftCompile normal arm64 /Users/buddhirajgautam/Documents/Cherrygram-Mac/macOS-Swift/submodules/telegram-ios/submodules/TelegramCore/Sources/TelegramEngine/Utils/TempBox.swift (in target 'TelegramCore' from project 'TelegramCore')
    cd /Users/buddhirajgautam/Documents/Cherrygram-Mac/macOS-Swift
    builtin-SwiftPerFileCompile TempBox.swift

SwiftCompile normal arm64 /Users/buddhirajgautam/Documents/Cherrygram-Mac/macOS-Swift/submodules/telegram-ios/submodules/TelegramCore/Sources/Themes.swift (in target 'TelegramCore' from project 'TelegramCore')
    cd /Users/buddhirajgautam/Documents/Cherrygram-Mac/macOS-Swift
    builtin-SwiftPerFileCompile Themes.swift

SwiftCompile normal arm64 /Users/buddhirajgautam/Documents/Cherrygram-Mac/macOS-Swift/submodules/telegram-ios/submodules/TelegramCore/Sources/UpdatePeers.swift (in target 'TelegramCore' from project 'TelegramCore')
    cd /Users/buddhirajgautam/Documents/Cherrygram-Mac/macOS-Swift
    builtin-SwiftPerFileCompile UpdatePeers.swift

SwiftCompile normal arm64 /Users/buddhirajgautam/Documents/Cherrygram-Mac/macOS-Swift/submodules/telegram-ios/submodules/TelegramCore/Sources/Utils/AutomaticCacheEviction.swift (in target 'TelegramCore' from project 'TelegramCore')
    cd /Users/buddhirajgautam/Documents/Cherrygram-Mac/macOS-Swift
    builtin-SwiftPerFileCompile AutomaticCacheEviction.swift

SwiftCompile normal arm64 /Users/buddhirajgautam/Documents/Cherrygram-Mac/macOS-Swift/submodules/telegram-ios/submodules/TelegramCore/Sources/Utils/CanSendMessagesToPeer.swift (in target 'TelegramCore' from project 'TelegramCore')
    cd /Users/buddhirajgautam/Documents/Cherrygram-Mac/macOS-Swift
    builtin-SwiftPerFileCompile CanSendMessagesToPeer.swift

SwiftCompile normal arm64 /Users/buddhirajgautam/Documents/Cherrygram-Mac/macOS-Swift/submodules/telegram-ios/submodules/TelegramCore/Sources/Utils/Coding.swift (in target 'TelegramCore' from project 'TelegramCore')
    cd /Users/buddhirajgautam/Documents/Cherrygram-Mac/macOS-Swift
    builtin-SwiftPerFileCompile Coding.swift

SwiftCompile normal arm64 /Users/buddhirajgautam/Documents/Cherrygram-Mac/macOS-Swift/submodules/telegram-ios/submodules/TelegramCore/Sources/Utils/DecryptedResourceData.swift (in target 'TelegramCore' from project 'TelegramCore')
    cd /Users/buddhirajgautam/Documents/Cherrygram-Mac/macOS-Swift
    builtin-SwiftPerFileCompile DecryptedResourceData.swift

SwiftCompile normal arm64 /Users/buddhirajgautam/Documents/Cherrygram-Mac/macOS-Swift/submodules/telegram-ios/submodules/TelegramCore/Sources/Utils/FlatBuffersUtils.swift (in target 'TelegramCore' from project 'TelegramCore')
    cd /Users/buddhirajgautam/Documents/Cherrygram-Mac/macOS-Swift
    builtin-SwiftPerFileCompile FlatBuffersUtils.swift

SwiftCompile normal arm64 /Users/buddhirajgautam/Documents/Cherrygram-Mac/macOS-Swift/submodules/telegram-ios/submodules/TelegramCore/Sources/Utils/ImageRepresentationsUtils.swift (in target 'TelegramCore' from project 'TelegramCore')
    cd /Users/buddhirajgautam/Documents/Cherrygram-Mac/macOS-Swift
    builtin-SwiftPerFileCompile ImageRepresentationsUtils.swift

SwiftCompile normal arm64 /Users/buddhirajgautam/Documents/Cherrygram-Mac/macOS-Swift/submodules/telegram-ios/submodules/TelegramCore/Sources/Utils/JSON.swift (in target 'TelegramCore' from project 'TelegramCore')
    cd /Users/buddhirajgautam/Documents/Cherrygram-Mac/macOS-Swift
    builtin-SwiftPerFileCompile JSON.swift

SwiftCompile normal arm64 /Users/buddhirajgautam/Documents/Cherrygram-Mac/macOS-Swift/submodules/telegram-ios/submodules/TelegramCore/Sources/Utils/Log.swift (in target 'TelegramCore' from project 'TelegramCore')
    cd /Users/buddhirajgautam/Documents/Cherrygram-Mac/macOS-Swift
    builtin-SwiftPerFileCompile Log.swift

SwiftCompile normal arm64 /Users/buddhirajgautam/Documents/Cherrygram-Mac/macOS-Swift/submodules/telegram-ios/submodules/TelegramCore/Sources/Utils/MD5.swift (in target 'TelegramCore' from project 'TelegramCore')
    cd /Users/buddhirajgautam/Documents/Cherrygram-Mac/macOS-Swift
    builtin-SwiftPerFileCompile MD5.swift

SwiftCompile normal arm64 /Users/buddhirajgautam/Documents/Cherrygram-Mac/macOS-Swift/submodules/telegram-ios/submodules/TelegramCore/Sources/Utils/MediaResourceNetworkStatsTag.swift (in target 'TelegramCore' from project 'TelegramCore')
    cd /Users/buddhirajgautam/Documents/Cherrygram-Mac/macOS-Swift
    builtin-SwiftPerFileCompile MediaResourceNetworkStatsTag.swift

SwiftCompile normal arm64 /Users/buddhirajgautam/Documents/Cherrygram-Mac/macOS-Swift/submodules/telegram-ios/submodules/TelegramCore/Sources/Utils/MemoryBufferExtensions.swift (in target 'TelegramCore' from project 'TelegramCore')
    cd /Users/buddhirajgautam/Documents/Cherrygram-Mac/macOS-Swift
    builtin-SwiftPerFileCompile MemoryBufferExtensions.swift

SwiftCompile normal arm64 /Users/buddhirajgautam/Documents/Cherrygram-Mac/macOS-Swift/submodules/telegram-ios/submodules/TelegramCore/Sources/Utils/MessageUtils.swift (in target 'TelegramCore' from project 'TelegramCore')
    cd /Users/buddhirajgautam/Documents/Cherrygram-Mac/macOS-Swift
    builtin-SwiftPerFileCompile MessageUtils.swift

SwiftCompile normal arm64 /Users/buddhirajgautam/Documents/Cherrygram-Mac/macOS-Swift/submodules/telegram-ios/submodules/TelegramCore/Sources/Utils/PeerUtils.swift (in target 'TelegramCore' from project 'TelegramCore')
    cd /Users/buddhirajgautam/Documents/Cherrygram-Mac/macOS-Swift
    builtin-SwiftPerFileCompile PeerUtils.swift

SwiftCompile normal arm64 /Users/buddhirajgautam/Documents/Cherrygram-Mac/macOS-Swift/submodules/telegram-ios/submodules/TelegramCore/Sources/Utils/StoredMessageFromSearchPeer.swift (in target 'TelegramCore' from project 'TelegramCore')
    cd /Users/buddhirajgautam/Documents/Cherrygram-Mac/macOS-Swift
    builtin-SwiftPerFileCompile StoredMessageFromSearchPeer.swift

SwiftCompile normal arm64 /Users/buddhirajgautam/Documents/Cherrygram-Mac/macOS-Swift/submodules/telegram-ios/submodules/TelegramCore/Sources/Utils/StringFormat.swift (in target 'TelegramCore' from project 'TelegramCore')
    cd /Users/buddhirajgautam/Documents/Cherrygram-Mac/macOS-Swift
    builtin-SwiftPerFileCompile StringFormat.swift

SwiftCompile normal arm64 /Users/buddhirajgautam/Documents/Cherrygram-Mac/macOS-Swift/submodules/telegram-ios/submodules/TelegramCore/Sources/Utils/TelegramMedia_FlatBuffers.swift (in target 'TelegramCore' from project 'TelegramCore')
    cd /Users/buddhirajgautam/Documents/Cherrygram-Mac/macOS-Swift
    builtin-SwiftPerFileCompile TelegramMedia_FlatBuffers.swift

SwiftCompile normal arm64 /Users/buddhirajgautam/Documents/Cherrygram-Mac/macOS-Swift/submodules/telegram-ios/submodules/TelegramCore/Sources/Utils/UpdateMessageMedia.swift (in target 'TelegramCore' from project 'TelegramCore')
    cd /Users/buddhirajgautam/Documents/Cherrygram-Mac/macOS-Swift
    builtin-SwiftPerFileCompile UpdateMessageMedia.swift

SwiftCompile normal arm64 /Users/buddhirajgautam/Documents/Cherrygram-Mac/macOS-Swift/submodules/telegram-ios/submodules/TelegramCore/Sources/Wallpapers.swift (in target 'TelegramCore' from project 'TelegramCore')
    cd /Users/buddhirajgautam/Documents/Cherrygram-Mac/macOS-Swift
    builtin-SwiftPerFileCompile Wallpapers.swift

SwiftCompile normal arm64 /Users/buddhirajgautam/Documents/Cherrygram-Mac/macOS-Swift/submodules/telegram-ios/submodules/TelegramCore/Sources/WebpagePreview.swift (in target 'TelegramCore' from project 'TelegramCore')
    cd /Users/buddhirajgautam/Documents/Cherrygram-Mac/macOS-Swift
    builtin-SwiftPerFileCompile WebpagePreview.swift

SwiftDriverJobDiscovery normal arm64 Compiling SyncCore_PeerReference.swift, SyncCore_PeerStatusSettings.swift, SyncCore_PixelDimensions.swift, SyncCore_PremiumPromoConfiguration.swift, SyncCore_ProxySettings.swift, SyncCore_ReactionsMessageAttribute.swift, SyncCore_RecentDownloadItem.swift, SyncCore_RecentHashtagItem.swift, SyncCore_RecentMediaItem.swift, SyncCore_RecentPeerItem.swift, SyncCore_RegularChatState.swift, SyncCore_RemoteStorageConfiguration.swift, SyncCore_ReplyMarkupMessageAttribute.swift, SyncCore_ReplyMessageAttribute.swift, SyncCore_ReplyThreadMessageAttribute.swift, SyncCore_RestrictedContentMessageAttribute.swift, SyncCore_RichText.swift, SyncCore_SavedStickerItem.swift, SyncCore_SearchBotsConfiguration.swift, SyncCore_SecretChatEncryptionConfig.swift, SyncCore_SecretChatFileReference.swift, SyncCore_SecretChatIncomingDecryptedOperation.swift, SyncCore_SecretChatIncomingEncryptedOperation.swift, SyncCore_SecretChatKeychain.swift (in target 'TelegramCore' from project 'TelegramCore')

SwiftCompile normal arm64 Compiling\ SyncCore_ConsumablePersonalMentionMessageAttribute.swift,\ SyncCore_ConsumePersonalMessageAction.swift,\ SyncCore_ContactsSettings.swift,\ SyncCore_ContentPrivacySettings.swift,\ SyncCore_ContentRequiresValidationMessageAttribute.swift,\ SyncCore_EditedMessageAttribute.swift,\ SyncCore_EffectMessageAttribute.swift,\ SyncCore_EmbeddedMediaStickersMessageAttribute.swift,\ SyncCore_EmojiKeywordCollectionInfo.swift,\ SyncCore_EmojiKeywordItem.swift,\ SyncCore_EmojiSearchQueryMessageAttribute.swift,\ SyncCore_ExportedInvitation.swift,\ SyncCore_FactCheckMessageAttribute.swift,\ SyncCore_FeaturedStickerPack.swift,\ SyncCore_FeaturedStickersConfiguration.swift,\ SyncCore_ForwardCountMessageAttribute.swift,\ SyncCore_ForwardHideSendersNamesMessageAttribute.swift,\ SyncCore_ForwardSourceInfoAttribute.swift,\ SyncCore_ForwardVideoTimestampAttribute.swift,\ SyncCore_GlobalNotificationSettings.swift,\ SyncCore_ImportableDeviceContactData.swift,\ SyncCore_InlineBotMessageAttribute.swift,\ SyncCore_InstantPage.swift,\ SyncCore_JSON.swift /Users/buddhirajgautam/Documents/Cherrygram-Mac/macOS-Swift/submodules/telegram-ios/submodules/TelegramCore/Sources/SyncCore/SyncCore_ConsumablePersonalMentionMessageAttribute.swift /Users/buddhirajgautam/Documents/Cherrygram-Mac/macOS-Swift/submodules/telegram-ios/submodules/TelegramCore/Sources/SyncCore/SyncCore_ConsumePersonalMessageAction.swift /Users/buddhirajgautam/Documents/Cherrygram-Mac/macOS-Swift/submodules/telegram-ios/submodules/TelegramCore/Sources/SyncCore/SyncCore_ContactsSettings.swift /Users/buddhirajgautam/Documents/Cherrygram-Mac/macOS-Swift/submodules/telegram-ios/submodules/TelegramCore/Sources/SyncCore/SyncCore_ContentPrivacySettings.swift /Users/buddhirajgautam/Documents/Cherrygram-Mac/macOS-Swift/submodules/telegram-ios/submodules/TelegramCore/Sources/SyncCore/SyncCore_ContentRequiresValidationMessageAttribute.swift /Users/buddhirajgautam/Documents/Cherrygram-Mac/macOS-Swift/submodules/telegram-ios/submodules/TelegramCore/Sources/SyncCore/SyncCore_EditedMessageAttribute.swift /Users/buddhirajgautam/Documents/Cherrygram-Mac/macOS-Swift/submodules/telegram-ios/submodules/TelegramCore/Sources/SyncCore/SyncCore_EffectMessageAttribute.swift /Users/buddhirajgautam/Documents/Cherrygram-Mac/macOS-Swift/submodules/telegram-ios/submodules/TelegramCore/Sources/SyncCore/SyncCore_EmbeddedMediaStickersMessageAttribute.swift /Users/buddhirajgautam/Documents/Cherrygram-Mac/macOS-Swift/submodules/telegram-ios/submodules/TelegramCore/Sources/SyncCore/SyncCore_EmojiKeywordCollectionInfo.swift /Users/buddhirajgautam/Documents/Cherrygram-Mac/macOS-Swift/submodules/telegram-ios/submodules/TelegramCore/Sources/SyncCore/SyncCore_EmojiKeywordItem.swift /Users/buddhirajgautam/Documents/Cherrygram-Mac/macOS-Swift/submodules/telegram-ios/submodules/TelegramCore/Sources/SyncCore/SyncCore_EmojiSearchQueryMessageAttribute.swift /Users/buddhirajgautam/Documents/Cherrygram-Mac/macOS-Swift/submodules/telegram-ios/submodules/TelegramCore/Sources/SyncCore/SyncCore_ExportedInvitation.swift /Users/buddhirajgautam/Documents/Cherrygram-Mac/macOS-Swift/submodules/telegram-ios/submodules/TelegramCore/Sources/SyncCore/SyncCore_FactCheckMessageAttribute.swift /Users/buddhirajgautam/Documents/Cherrygram-Mac/macOS-Swift/submodules/telegram-ios/submodules/TelegramCore/Sources/SyncCore/SyncCore_FeaturedStickerPack.swift /Users/buddhirajgautam/Documents/Cherrygram-Mac/macOS-Swift/submodules/telegram-ios/submodules/TelegramCore/Sources/SyncCore/SyncCore_FeaturedStickersConfiguration.swift /Users/buddhirajgautam/Documents/Cherrygram-Mac/macOS-Swift/submodules/telegram-ios/submodules/TelegramCore/Sources/SyncCore/SyncCore_ForwardCountMessageAttribute.swift /Users/buddhirajgautam/Documents/Cherrygram-Mac/macOS-Swift/submodules/telegram-ios/submodules/TelegramCore/Sources/SyncCore/SyncCore_ForwardHideSendersNamesMessageAttribute.swift /Users/buddhirajgautam/Documents/Cherrygram-Mac/macOS-Swift/submodules/telegram-ios/submodules/TelegramCore/Sources/SyncCore/SyncCore_ForwardSourceInfoAttribute.swift /Users/buddhirajgautam/Documents/Cherrygram-Mac/macOS-Swift/submodules/telegram-ios/submodules/TelegramCore/Sources/SyncCore/SyncCore_ForwardVideoTimestampAttribute.swift /Users/buddhirajgautam/Documents/Cherrygram-Mac/macOS-Swift/submodules/telegram-ios/submodules/TelegramCore/Sources/SyncCore/SyncCore_GlobalNotificationSettings.swift /Users/buddhirajgautam/Documents/Cherrygram-Mac/macOS-Swift/submodules/telegram-ios/submodules/TelegramCore/Sources/SyncCore/SyncCore_ImportableDeviceContactData.swift /Users/buddhirajgautam/Documents/Cherrygram-Mac/macOS-Swift/submodules/telegram-ios/submodules/TelegramCore/Sources/SyncCore/SyncCore_InlineBotMessageAttribute.swift /Users/buddhirajgautam/Documents/Cherrygram-Mac/macOS-Swift/submodules/telegram-ios/submodules/TelegramCore/Sources/SyncCore/SyncCore_InstantPage.swift /Users/buddhirajgautam/Documents/Cherrygram-Mac/macOS-Swift/submodules/telegram-ios/submodules/TelegramCore/Sources/SyncCore/SyncCore_JSON.swift (in target 'TelegramCore' from project 'TelegramCore')

SwiftCompile normal arm64 /Users/buddhirajgautam/Documents/Cherrygram-Mac/macOS-Swift/submodules/telegram-ios/submodules/TelegramCore/Sources/SyncCore/SyncCore_ConsumablePersonalMentionMessageAttribute.swift (in target 'TelegramCore' from project 'TelegramCore')
    cd /Users/buddhirajgautam/Documents/Cherrygram-Mac/macOS-Swift
    builtin-SwiftPerFileCompile SyncCore_ConsumablePersonalMentionMessageAttribute.swift

SwiftCompile normal arm64 /Users/buddhirajgautam/Documents/Cherrygram-Mac/macOS-Swift/submodules/telegram-ios/submodules/TelegramCore/Sources/SyncCore/SyncCore_ConsumePersonalMessageAction.swift (in target 'TelegramCore' from project 'TelegramCore')
    cd /Users/buddhirajgautam/Documents/Cherrygram-Mac/macOS-Swift
    builtin-SwiftPerFileCompile SyncCore_ConsumePersonalMessageAction.swift

SwiftCompile normal arm64 /Users/buddhirajgautam/Documents/Cherrygram-Mac/macOS-Swift/submodules/telegram-ios/submodules/TelegramCore/Sources/SyncCore/SyncCore_ContactsSettings.swift (in target 'TelegramCore' from project 'TelegramCore')
    cd /Users/buddhirajgautam/Documents/Cherrygram-Mac/macOS-Swift
    builtin-SwiftPerFileCompile SyncCore_ContactsSettings.swift

SwiftCompile normal arm64 /Users/buddhirajgautam/Documents/Cherrygram-Mac/macOS-Swift/submodules/telegram-ios/submodules/TelegramCore/Sources/SyncCore/SyncCore_ContentPrivacySettings.swift (in target 'TelegramCore' from project 'TelegramCore')
    cd /Users/buddhirajgautam/Documents/Cherrygram-Mac/macOS-Swift
    builtin-SwiftPerFileCompile SyncCore_ContentPrivacySettings.swift

SwiftCompile normal arm64 /Users/buddhirajgautam/Documents/Cherrygram-Mac/macOS-Swift/submodules/telegram-ios/submodules/TelegramCore/Sources/SyncCore/SyncCore_ContentRequiresValidationMessageAttribute.swift (in target 'TelegramCore' from project 'TelegramCore')
    cd /Users/buddhirajgautam/Documents/Cherrygram-Mac/macOS-Swift
    builtin-SwiftPerFileCompile SyncCore_ContentRequiresValidationMessageAttribute.swift

SwiftCompile normal arm64 /Users/buddhirajgautam/Documents/Cherrygram-Mac/macOS-Swift/submodules/telegram-ios/submodules/TelegramCore/Sources/SyncCore/SyncCore_EditedMessageAttribute.swift (in target 'TelegramCore' from project 'TelegramCore')
    cd /Users/buddhirajgautam/Documents/Cherrygram-Mac/macOS-Swift
    builtin-SwiftPerFileCompile SyncCore_EditedMessageAttribute.swift

SwiftCompile normal arm64 /Users/buddhirajgautam/Documents/Cherrygram-Mac/macOS-Swift/submodules/telegram-ios/submodules/TelegramCore/Sources/SyncCore/SyncCore_EffectMessageAttribute.swift (in target 'TelegramCore' from project 'TelegramCore')
    cd /Users/buddhirajgautam/Documents/Cherrygram-Mac/macOS-Swift
    builtin-SwiftPerFileCompile SyncCore_EffectMessageAttribute.swift

SwiftCompile normal arm64 /Users/buddhirajgautam/Documents/Cherrygram-Mac/macOS-Swift/submodules/telegram-ios/submodules/TelegramCore/Sources/SyncCore/SyncCore_EmbeddedMediaStickersMessageAttribute.swift (in target 'TelegramCore' from project 'TelegramCore')
    cd /Users/buddhirajgautam/Documents/Cherrygram-Mac/macOS-Swift
    builtin-SwiftPerFileCompile SyncCore_EmbeddedMediaStickersMessageAttribute.swift

SwiftCompile normal arm64 /Users/buddhirajgautam/Documents/Cherrygram-Mac/macOS-Swift/submodules/telegram-ios/submodules/TelegramCore/Sources/SyncCore/SyncCore_EmojiKeywordCollectionInfo.swift (in target 'TelegramCore' from project 'TelegramCore')
    cd /Users/buddhirajgautam/Documents/Cherrygram-Mac/macOS-Swift
    builtin-SwiftPerFileCompile SyncCore_EmojiKeywordCollectionInfo.swift

SwiftCompile normal arm64 /Users/buddhirajgautam/Documents/Cherrygram-Mac/macOS-Swift/submodules/telegram-ios/submodules/TelegramCore/Sources/SyncCore/SyncCore_EmojiKeywordItem.swift (in target 'TelegramCore' from project 'TelegramCore')
    cd /Users/buddhirajgautam/Documents/Cherrygram-Mac/macOS-Swift
    builtin-SwiftPerFileCompile SyncCore_EmojiKeywordItem.swift

SwiftCompile normal arm64 /Users/buddhirajgautam/Documents/Cherrygram-Mac/macOS-Swift/submodules/telegram-ios/submodules/TelegramCore/Sources/SyncCore/SyncCore_EmojiSearchQueryMessageAttribute.swift (in target 'TelegramCore' from project 'TelegramCore')
    cd /Users/buddhirajgautam/Documents/Cherrygram-Mac/macOS-Swift
    builtin-SwiftPerFileCompile SyncCore_EmojiSearchQueryMessageAttribute.swift

SwiftCompile normal arm64 /Users/buddhirajgautam/Documents/Cherrygram-Mac/macOS-Swift/submodules/telegram-ios/submodules/TelegramCore/Sources/SyncCore/SyncCore_ExportedInvitation.swift (in target 'TelegramCore' from project 'TelegramCore')
    cd /Users/buddhirajgautam/Documents/Cherrygram-Mac/macOS-Swift
    builtin-SwiftPerFileCompile SyncCore_ExportedInvitation.swift

SwiftCompile normal arm64 /Users/buddhirajgautam/Documents/Cherrygram-Mac/macOS-Swift/submodules/telegram-ios/submodules/TelegramCore/Sources/SyncCore/SyncCore_FactCheckMessageAttribute.swift (in target 'TelegramCore' from project 'TelegramCore')
    cd /Users/buddhirajgautam/Documents/Cherrygram-Mac/macOS-Swift
    builtin-SwiftPerFileCompile SyncCore_FactCheckMessageAttribute.swift

SwiftCompile normal arm64 /Users/buddhirajgautam/Documents/Cherrygram-Mac/macOS-Swift/submodules/telegram-ios/submodules/TelegramCore/Sources/SyncCore/SyncCore_FeaturedStickerPack.swift (in target 'TelegramCore' from project 'TelegramCore')
    cd /Users/buddhirajgautam/Documents/Cherrygram-Mac/macOS-Swift
    builtin-SwiftPerFileCompile SyncCore_FeaturedStickerPack.swift

SwiftCompile normal arm64 /Users/buddhirajgautam/Documents/Cherrygram-Mac/macOS-Swift/submodules/telegram-ios/submodules/TelegramCore/Sources/SyncCore/SyncCore_FeaturedStickersConfiguration.swift (in target 'TelegramCore' from project 'TelegramCore')
    cd /Users/buddhirajgautam/Documents/Cherrygram-Mac/macOS-Swift
    builtin-SwiftPerFileCompile SyncCore_FeaturedStickersConfiguration.swift

SwiftCompile normal arm64 /Users/buddhirajgautam/Documents/Cherrygram-Mac/macOS-Swift/submodules/telegram-ios/submodules/TelegramCore/Sources/SyncCore/SyncCore_ForwardCountMessageAttribute.swift (in target 'TelegramCore' from project 'TelegramCore')
    cd /Users/buddhirajgautam/Documents/Cherrygram-Mac/macOS-Swift
    builtin-SwiftPerFileCompile SyncCore_ForwardCountMessageAttribute.swift

SwiftCompile normal arm64 /Users/buddhirajgautam/Documents/Cherrygram-Mac/macOS-Swift/submodules/telegram-ios/submodules/TelegramCore/Sources/SyncCore/SyncCore_ForwardHideSendersNamesMessageAttribute.swift (in target 'TelegramCore' from project 'TelegramCore')
    cd /Users/buddhirajgautam/Documents/Cherrygram-Mac/macOS-Swift
    builtin-SwiftPerFileCompile SyncCore_ForwardHideSendersNamesMessageAttribute.swift

SwiftCompile normal arm64 /Users/buddhirajgautam/Documents/Cherrygram-Mac/macOS-Swift/submodules/telegram-ios/submodules/TelegramCore/Sources/SyncCore/SyncCore_ForwardSourceInfoAttribute.swift (in target 'TelegramCore' from project 'TelegramCore')
    cd /Users/buddhirajgautam/Documents/Cherrygram-Mac/macOS-Swift
    builtin-SwiftPerFileCompile SyncCore_ForwardSourceInfoAttribute.swift

SwiftCompile normal arm64 /Users/buddhirajgautam/Documents/Cherrygram-Mac/macOS-Swift/submodules/telegram-ios/submodules/TelegramCore/Sources/SyncCore/SyncCore_ForwardVideoTimestampAttribute.swift (in target 'TelegramCore' from project 'TelegramCore')
    cd /Users/buddhirajgautam/Documents/Cherrygram-Mac/macOS-Swift
    builtin-SwiftPerFileCompile SyncCore_ForwardVideoTimestampAttribute.swift

SwiftCompile normal arm64 /Users/buddhirajgautam/Documents/Cherrygram-Mac/macOS-Swift/submodules/telegram-ios/submodules/TelegramCore/Sources/SyncCore/SyncCore_GlobalNotificationSettings.swift (in target 'TelegramCore' from project 'TelegramCore')
    cd /Users/buddhirajgautam/Documents/Cherrygram-Mac/macOS-Swift
    builtin-SwiftPerFileCompile SyncCore_GlobalNotificationSettings.swift

SwiftCompile normal arm64 /Users/buddhirajgautam/Documents/Cherrygram-Mac/macOS-Swift/submodules/telegram-ios/submodules/TelegramCore/Sources/SyncCore/SyncCore_ImportableDeviceContactData.swift (in target 'TelegramCore' from project 'TelegramCore')
    cd /Users/buddhirajgautam/Documents/Cherrygram-Mac/macOS-Swift
    builtin-SwiftPerFileCompile SyncCore_ImportableDeviceContactData.swift

SwiftCompile normal arm64 /Users/buddhirajgautam/Documents/Cherrygram-Mac/macOS-Swift/submodules/telegram-ios/submodules/TelegramCore/Sources/SyncCore/SyncCore_InlineBotMessageAttribute.swift (in target 'TelegramCore' from project 'TelegramCore')
    cd /Users/buddhirajgautam/Documents/Cherrygram-Mac/macOS-Swift
    builtin-SwiftPerFileCompile SyncCore_InlineBotMessageAttribute.swift

SwiftCompile normal arm64 /Users/buddhirajgautam/Documents/Cherrygram-Mac/macOS-Swift/submodules/telegram-ios/submodules/TelegramCore/Sources/SyncCore/SyncCore_InstantPage.swift (in target 'TelegramCore' from project 'TelegramCore')
    cd /Users/buddhirajgautam/Documents/Cherrygram-Mac/macOS-Swift
    builtin-SwiftPerFileCompile SyncCore_InstantPage.swift

SwiftCompile normal arm64 /Users/buddhirajgautam/Documents/Cherrygram-Mac/macOS-Swift/submodules/telegram-ios/submodules/TelegramCore/Sources/SyncCore/SyncCore_JSON.swift (in target 'TelegramCore' from project 'TelegramCore')
    cd /Users/buddhirajgautam/Documents/Cherrygram-Mac/macOS-Swift
    builtin-SwiftPerFileCompile SyncCore_JSON.swift

SwiftDriverJobDiscovery normal arm64 Compiling PaidMessages.swift, PeerInputActivity.swift, PeerInputActivityManager.swift, PendingMessageManager.swift, PremiumRequiredToContact.swift, ProcessSecretChatIncomingDecryptedOperations.swift, ProcessSecretChatIncomingEncryptedOperations.swift, ResetState.swift, SavedMessageTags.swift, Serialization.swift, StickerManagement.swift, SynchronizeAppLogEventsOperation.swift, SynchronizeAutosaveItemOperations.swift, SynchronizeChatInputStateOperation.swift, SynchronizeConsumeMessageContentsOperation.swift, SynchronizeEmojiKeywordsOperation.swift, SynchronizeGroupedPeersOperation.swift, SynchronizeInstalledStickerPacksOperation.swift, SynchronizeLocalizationUpdatesOperation.swift, SynchronizeMarkAllUnseenPersonalMessagesOperation.swift, SynchronizePeerReadState.swift, SynchronizeRecentlyUsedMediaOperations.swift, SynchronizeSavedGifsOperation.swift, SynchronizeSavedStickersOperation.swift (in target 'TelegramCore' from project 'TelegramCore')

SwiftCompile normal arm64 Compiling\ RequestUserPhotos.swift,\ ResolvePeerByName.swift,\ SearchGroupMembers.swift,\ SearchPeers.swift,\ SlowMode.swift,\ SupportPeerId.swift,\ TelegramEnginePeers.swift,\ ToggleChannelSignatures.swift,\ TogglePeerChatPinned.swift,\ UpdateBotInfo.swift,\ UpdateCachedPeerData.swift,\ UpdateGroupSpecificStickerset.swift,\ UpdatePeerInfo.swift,\ PeersNearby.swift,\ TelegramEnginePeersNearby.swift,\ TelegramEnginePreferences.swift,\ ActiveSessionsContext.swift,\ BlockedPeers.swift,\ BlockedPeersContext.swift,\ CloseFriends.swift,\ RecentAccountSession.swift,\ RecentAccountSessions.swift,\ RecentWebSessions.swift,\ TelegramEnginePrivacy.swift /Users/buddhirajgautam/Documents/Cherrygram-Mac/macOS-Swift/submodules/telegram-ios/submodules/TelegramCore/Sources/TelegramEngine/Peers/RequestUserPhotos.swift /Users/buddhirajgautam/Documents/Cherrygram-Mac/macOS-Swift/submodules/telegram-ios/submodules/TelegramCore/Sources/TelegramEngine/Peers/ResolvePeerByName.swift /Users/buddhirajgautam/Documents/Cherrygram-Mac/macOS-Swift/submodules/telegram-ios/submodules/TelegramCore/Sources/TelegramEngine/Peers/SearchGroupMembers.swift /Users/buddhirajgautam/Documents/Cherrygram-Mac/macOS-Swift/submodules/telegram-ios/submodules/TelegramCore/Sources/TelegramEngine/Peers/SearchPeers.swift /Users/buddhirajgautam/Documents/Cherrygram-Mac/macOS-Swift/submodules/telegram-ios/submodules/TelegramCore/Sources/TelegramEngine/Peers/SlowMode.swift /Users/buddhirajgautam/Documents/Cherrygram-Mac/macOS-Swift/submodules/telegram-ios/submodules/TelegramCore/Sources/TelegramEngine/Peers/SupportPeerId.swift /Users/buddhirajgautam/Documents/Cherrygram-Mac/macOS-Swift/submodules/telegram-ios/submodules/TelegramCore/Sources/TelegramEngine/Peers/TelegramEnginePeers.swift /Users/buddhirajgautam/Documents/Cherrygram-Mac/macOS-Swift/submodules/telegram-ios/submodules/TelegramCore/Sources/TelegramEngine/Peers/ToggleChannelSignatures.swift /Users/buddhirajgautam/Documents/Cherrygram-Mac/macOS-Swift/submodules/telegram-ios/submodules/TelegramCore/Sources/TelegramEngine/Peers/TogglePeerChatPinned.swift /Users/buddhirajgautam/Documents/Cherrygram-Mac/macOS-Swift/submodules/telegram-ios/submodules/TelegramCore/Sources/TelegramEngine/Peers/UpdateBotInfo.swift /Users/buddhirajgautam/Documents/Cherrygram-Mac/macOS-Swift/submodules/telegram-ios/submodules/TelegramCore/Sources/TelegramEngine/Peers/UpdateCachedPeerData.swift /Users/buddhirajgautam/Documents/Cherrygram-Mac/macOS-Swift/submodules/telegram-ios/submodules/TelegramCore/Sources/TelegramEngine/Peers/UpdateGroupSpecificStickerset.swift /Users/buddhirajgautam/Documents/Cherrygram-Mac/macOS-Swift/submodules/telegram-ios/submodules/TelegramCore/Sources/TelegramEngine/Peers/UpdatePeerInfo.swift /Users/buddhirajgautam/Documents/Cherrygram-Mac/macOS-Swift/submodules/telegram-ios/submodules/TelegramCore/Sources/TelegramEngine/PeersNearby/PeersNearby.swift /Users/buddhirajgautam/Documents/Cherrygram-Mac/macOS-Swift/submodules/telegram-ios/submodules/TelegramCore/Sources/TelegramEngine/PeersNearby/TelegramEnginePeersNearby.swift /Users/buddhirajgautam/Documents/Cherrygram-Mac/macOS-Swift/submodules/telegram-ios/submodules/TelegramCore/Sources/TelegramEngine/Preferences/TelegramEnginePreferences.swift /Users/buddhirajgautam/Documents/Cherrygram-Mac/macOS-Swift/submodules/telegram-ios/submodules/TelegramCore/Sources/TelegramEngine/Privacy/ActiveSessionsContext.swift /Users/buddhirajgautam/Documents/Cherrygram-Mac/macOS-Swift/submodules/telegram-ios/submodules/TelegramCore/Sources/TelegramEngine/Privacy/BlockedPeers.swift /Users/buddhirajgautam/Documents/Cherrygram-Mac/macOS-Swift/submodules/telegram-ios/submodules/TelegramCore/Sources/TelegramEngine/Privacy/BlockedPeersContext.swift /Users/buddhirajgautam/Documents/Cherrygram-Mac/macOS-Swift/submodules/telegram-ios/submodules/TelegramCore/Sources/TelegramEngine/Privacy/CloseFriends.swift /Users/buddhirajgautam/Documents/Cherrygram-Mac/macOS-Swift/submodules/telegram-ios/submodules/TelegramCore/Sources/TelegramEngine/Privacy/RecentAccountSession.swift /Users/buddhirajgautam/Documents/Cherrygram-Mac/macOS-Swift/submodules/telegram-ios/submodules/TelegramCore/Sources/TelegramEngine/Privacy/RecentAccountSessions.swift /Users/buddhirajgautam/Documents/Cherrygram-Mac/macOS-Swift/submodules/telegram-ios/submodules/TelegramCore/Sources/TelegramEngine/Privacy/RecentWebSessions.swift /Users/buddhirajgautam/Documents/Cherrygram-Mac/macOS-Swift/submodules/telegram-ios/submodules/TelegramCore/Sources/TelegramEngine/Privacy/TelegramEnginePrivacy.swift (in target 'TelegramCore' from project 'TelegramCore')

SwiftCompile normal arm64 /Users/buddhirajgautam/Documents/Cherrygram-Mac/macOS-Swift/submodules/telegram-ios/submodules/TelegramCore/Sources/TelegramEngine/Peers/RequestUserPhotos.swift (in target 'TelegramCore' from project 'TelegramCore')
    cd /Users/buddhirajgautam/Documents/Cherrygram-Mac/macOS-Swift
    builtin-SwiftPerFileCompile RequestUserPhotos.swift

SwiftCompile normal arm64 /Users/buddhirajgautam/Documents/Cherrygram-Mac/macOS-Swift/submodules/telegram-ios/submodules/TelegramCore/Sources/TelegramEngine/Peers/ResolvePeerByName.swift (in target 'TelegramCore' from project 'TelegramCore')
    cd /Users/buddhirajgautam/Documents/Cherrygram-Mac/macOS-Swift
    builtin-SwiftPerFileCompile ResolvePeerByName.swift

SwiftCompile normal arm64 /Users/buddhirajgautam/Documents/Cherrygram-Mac/macOS-Swift/submodules/telegram-ios/submodules/TelegramCore/Sources/TelegramEngine/Peers/SearchGroupMembers.swift (in target 'TelegramCore' from project 'TelegramCore')
    cd /Users/buddhirajgautam/Documents/Cherrygram-Mac/macOS-Swift
    builtin-SwiftPerFileCompile SearchGroupMembers.swift

SwiftCompile normal arm64 /Users/buddhirajgautam/Documents/Cherrygram-Mac/macOS-Swift/submodules/telegram-ios/submodules/TelegramCore/Sources/TelegramEngine/Peers/SearchPeers.swift (in target 'TelegramCore' from project 'TelegramCore')
    cd /Users/buddhirajgautam/Documents/Cherrygram-Mac/macOS-Swift
    builtin-SwiftPerFileCompile SearchPeers.swift

SwiftCompile normal arm64 /Users/buddhirajgautam/Documents/Cherrygram-Mac/macOS-Swift/submodules/telegram-ios/submodules/TelegramCore/Sources/TelegramEngine/Peers/SlowMode.swift (in target 'TelegramCore' from project 'TelegramCore')
    cd /Users/buddhirajgautam/Documents/Cherrygram-Mac/macOS-Swift
    builtin-SwiftPerFileCompile SlowMode.swift

SwiftCompile normal arm64 /Users/buddhirajgautam/Documents/Cherrygram-Mac/macOS-Swift/submodules/telegram-ios/submodules/TelegramCore/Sources/TelegramEngine/Peers/SupportPeerId.swift (in target 'TelegramCore' from project 'TelegramCore')
    cd /Users/buddhirajgautam/Documents/Cherrygram-Mac/macOS-Swift
    builtin-SwiftPerFileCompile SupportPeerId.swift

SwiftCompile normal arm64 /Users/buddhirajgautam/Documents/Cherrygram-Mac/macOS-Swift/submodules/telegram-ios/submodules/TelegramCore/Sources/TelegramEngine/Peers/TelegramEnginePeers.swift (in target 'TelegramCore' from project 'TelegramCore')
    cd /Users/buddhirajgautam/Documents/Cherrygram-Mac/macOS-Swift
    builtin-SwiftPerFileCompile TelegramEnginePeers.swift

SwiftCompile normal arm64 /Users/buddhirajgautam/Documents/Cherrygram-Mac/macOS-Swift/submodules/telegram-ios/submodules/TelegramCore/Sources/TelegramEngine/Peers/ToggleChannelSignatures.swift (in target 'TelegramCore' from project 'TelegramCore')
    cd /Users/buddhirajgautam/Documents/Cherrygram-Mac/macOS-Swift
    builtin-SwiftPerFileCompile ToggleChannelSignatures.swift

SwiftCompile normal arm64 /Users/buddhirajgautam/Documents/Cherrygram-Mac/macOS-Swift/submodules/telegram-ios/submodules/TelegramCore/Sources/TelegramEngine/Peers/TogglePeerChatPinned.swift (in target 'TelegramCore' from project 'TelegramCore')
    cd /Users/buddhirajgautam/Documents/Cherrygram-Mac/macOS-Swift
    builtin-SwiftPerFileCompile TogglePeerChatPinned.swift

SwiftCompile normal arm64 /Users/buddhirajgautam/Documents/Cherrygram-Mac/macOS-Swift/submodules/telegram-ios/submodules/TelegramCore/Sources/TelegramEngine/Peers/UpdateBotInfo.swift (in target 'TelegramCore' from project 'TelegramCore')
    cd /Users/buddhirajgautam/Documents/Cherrygram-Mac/macOS-Swift
    builtin-SwiftPerFileCompile UpdateBotInfo.swift

SwiftCompile normal arm64 /Users/buddhirajgautam/Documents/Cherrygram-Mac/macOS-Swift/submodules/telegram-ios/submodules/TelegramCore/Sources/TelegramEngine/Peers/UpdateCachedPeerData.swift (in target 'TelegramCore' from project 'TelegramCore')
    cd /Users/buddhirajgautam/Documents/Cherrygram-Mac/macOS-Swift
    builtin-SwiftPerFileCompile UpdateCachedPeerData.swift

SwiftCompile normal arm64 /Users/buddhirajgautam/Documents/Cherrygram-Mac/macOS-Swift/submodules/telegram-ios/submodules/TelegramCore/Sources/TelegramEngine/Peers/UpdateGroupSpecificStickerset.swift (in target 'TelegramCore' from project 'TelegramCore')
    cd /Users/buddhirajgautam/Documents/Cherrygram-Mac/macOS-Swift
    builtin-SwiftPerFileCompile UpdateGroupSpecificStickerset.swift

SwiftCompile normal arm64 /Users/buddhirajgautam/Documents/Cherrygram-Mac/macOS-Swift/submodules/telegram-ios/submodules/TelegramCore/Sources/TelegramEngine/Peers/UpdatePeerInfo.swift (in target 'TelegramCore' from project 'TelegramCore')
    cd /Users/buddhirajgautam/Documents/Cherrygram-Mac/macOS-Swift
    builtin-SwiftPerFileCompile UpdatePeerInfo.swift

SwiftCompile normal arm64 /Users/buddhirajgautam/Documents/Cherrygram-Mac/macOS-Swift/submodules/telegram-ios/submodules/TelegramCore/Sources/TelegramEngine/PeersNearby/PeersNearby.swift (in target 'TelegramCore' from project 'TelegramCore')
    cd /Users/buddhirajgautam/Documents/Cherrygram-Mac/macOS-Swift
    builtin-SwiftPerFileCompile PeersNearby.swift

SwiftCompile normal arm64 /Users/buddhirajgautam/Documents/Cherrygram-Mac/macOS-Swift/submodules/telegram-ios/submodules/TelegramCore/Sources/TelegramEngine/PeersNearby/TelegramEnginePeersNearby.swift (in target 'TelegramCore' from project 'TelegramCore')
    cd /Users/buddhirajgautam/Documents/Cherrygram-Mac/macOS-Swift
    builtin-SwiftPerFileCompile TelegramEnginePeersNearby.swift

SwiftCompile normal arm64 /Users/buddhirajgautam/Documents/Cherrygram-Mac/macOS-Swift/submodules/telegram-ios/submodules/TelegramCore/Sources/TelegramEngine/Preferences/TelegramEnginePreferences.swift (in target 'TelegramCore' from project 'TelegramCore')
    cd /Users/buddhirajgautam/Documents/Cherrygram-Mac/macOS-Swift
    builtin-SwiftPerFileCompile TelegramEnginePreferences.swift

SwiftCompile normal arm64 /Users/buddhirajgautam/Documents/Cherrygram-Mac/macOS-Swift/submodules/telegram-ios/submodules/TelegramCore/Sources/TelegramEngine/Privacy/ActiveSessionsContext.swift (in target 'TelegramCore' from project 'TelegramCore')
    cd /Users/buddhirajgautam/Documents/Cherrygram-Mac/macOS-Swift
    builtin-SwiftPerFileCompile ActiveSessionsContext.swift

SwiftCompile normal arm64 /Users/buddhirajgautam/Documents/Cherrygram-Mac/macOS-Swift/submodules/telegram-ios/submodules/TelegramCore/Sources/TelegramEngine/Privacy/BlockedPeers.swift (in target 'TelegramCore' from project 'TelegramCore')
    cd /Users/buddhirajgautam/Documents/Cherrygram-Mac/macOS-Swift
    builtin-SwiftPerFileCompile BlockedPeers.swift

SwiftCompile normal arm64 /Users/buddhirajgautam/Documents/Cherrygram-Mac/macOS-Swift/submodules/telegram-ios/submodules/TelegramCore/Sources/TelegramEngine/Privacy/BlockedPeersContext.swift (in target 'TelegramCore' from project 'TelegramCore')
    cd /Users/buddhirajgautam/Documents/Cherrygram-Mac/macOS-Swift
    builtin-SwiftPerFileCompile BlockedPeersContext.swift

SwiftCompile normal arm64 /Users/buddhirajgautam/Documents/Cherrygram-Mac/macOS-Swift/submodules/telegram-ios/submodules/TelegramCore/Sources/TelegramEngine/Privacy/CloseFriends.swift (in target 'TelegramCore' from project 'TelegramCore')
    cd /Users/buddhirajgautam/Documents/Cherrygram-Mac/macOS-Swift
    builtin-SwiftPerFileCompile CloseFriends.swift

SwiftCompile normal arm64 /Users/buddhirajgautam/Documents/Cherrygram-Mac/macOS-Swift/submodules/telegram-ios/submodules/TelegramCore/Sources/TelegramEngine/Privacy/RecentAccountSession.swift (in target 'TelegramCore' from project 'TelegramCore')
    cd /Users/buddhirajgautam/Documents/Cherrygram-Mac/macOS-Swift
    builtin-SwiftPerFileCompile RecentAccountSession.swift

SwiftCompile normal arm64 /Users/buddhirajgautam/Documents/Cherrygram-Mac/macOS-Swift/submodules/telegram-ios/submodules/TelegramCore/Sources/TelegramEngine/Privacy/RecentAccountSessions.swift (in target 'TelegramCore' from project 'TelegramCore')
    cd /Users/buddhirajgautam/Documents/Cherrygram-Mac/macOS-Swift
    builtin-SwiftPerFileCompile RecentAccountSessions.swift

SwiftCompile normal arm64 /Users/buddhirajgautam/Documents/Cherrygram-Mac/macOS-Swift/submodules/telegram-ios/submodules/TelegramCore/Sources/TelegramEngine/Privacy/RecentWebSessions.swift (in target 'TelegramCore' from project 'TelegramCore')
    cd /Users/buddhirajgautam/Documents/Cherrygram-Mac/macOS-Swift
    builtin-SwiftPerFileCompile RecentWebSessions.swift

SwiftCompile normal arm64 /Users/buddhirajgautam/Documents/Cherrygram-Mac/macOS-Swift/submodules/telegram-ios/submodules/TelegramCore/Sources/TelegramEngine/Privacy/TelegramEnginePrivacy.swift (in target 'TelegramCore' from project 'TelegramCore')
    cd /Users/buddhirajgautam/Documents/Cherrygram-Mac/macOS-Swift
    builtin-SwiftPerFileCompile TelegramEnginePrivacy.swift

SwiftDriverJobDiscovery normal arm64 Compiling ConvertGroupToSupergroup.swift, CopyProtection.swift, CreateGroup.swift, CreateSecretChat.swift, FindChannelById.swift, GroupsInCommon.swift, InactiveChannels.swift, InvitationLinks.swift, JoinChannel.swift, JoinLink.swift, ManageChannelDiscussionGroup.swift, NotificationExceptionsList.swift, NotificationSoundList.swift, OpaqueChatState.swift, Peer.swift, PeerAdmins.swift, PeerCommands.swift, PeerPhotoUpdater.swift, PeerSpecificStickerPack.swift, RecentPeers.swift, RecentlySearchedPeerIds.swift, RemovePeerChat.swift, RemovePeerMember.swift, ReportPeer.swift (in target 'TelegramCore' from project 'TelegramCore')

SwiftCompile normal arm64 Compiling\ ChatUpdatingMessageMedia.swift,\ EnqueueMessage.swift,\ PendingMessageUploadedContent.swift,\ PendingPeerMediaUploadManager.swift,\ PendingUpdateMessageManager.swift,\ RequestEditMessage.swift,\ StandaloneSendMessage.swift,\ StandaloneUploadedMedia.swift,\ SecretChatEncryption.swift,\ SecretChatEncryptionConfig.swift,\ SecretChatFileReference.swift,\ SecretChatIncomingEncryptedOperation.swift,\ SecretChatLayerNegotiation.swift,\ SecretChatOutgoingOperation.swift,\ SecretChatRekeySession.swift,\ SetSecretChatMessageAutoremoveTimeoutInteractively.swift,\ UpdateSecretChat.swift,\ AutodownloadSettings.swift,\ CacheStorageSettings.swift,\ ContentPrivacySettings.swift,\ ContentSettings.swift,\ GlobalNotificationSettings.swift,\ LimitsConfiguration.swift,\ LoggingSettings.swift,\ NetworkSettings.swift /Users/buddhirajgautam/Documents/Cherrygram-Mac/macOS-Swift/submodules/telegram-ios/submodules/TelegramCore/Sources/PendingMessages/ChatUpdatingMessageMedia.swift /Users/buddhirajgautam/Documents/Cherrygram-Mac/macOS-Swift/submodules/telegram-ios/submodules/TelegramCore/Sources/PendingMessages/EnqueueMessage.swift /Users/buddhirajgautam/Documents/Cherrygram-Mac/macOS-Swift/submodules/telegram-ios/submodules/TelegramCore/Sources/PendingMessages/PendingMessageUploadedContent.swift /Users/buddhirajgautam/Documents/Cherrygram-Mac/macOS-Swift/submodules/telegram-ios/submodules/TelegramCore/Sources/PendingMessages/PendingPeerMediaUploadManager.swift /Users/buddhirajgautam/Documents/Cherrygram-Mac/macOS-Swift/submodules/telegram-ios/submodules/TelegramCore/Sources/PendingMessages/PendingUpdateMessageManager.swift /Users/buddhirajgautam/Documents/Cherrygram-Mac/macOS-Swift/submodules/telegram-ios/submodules/TelegramCore/Sources/PendingMessages/RequestEditMessage.swift /Users/buddhirajgautam/Documents/Cherrygram-Mac/macOS-Swift/submodules/telegram-ios/submodules/TelegramCore/Sources/PendingMessages/StandaloneSendMessage.swift /Users/buddhirajgautam/Documents/Cherrygram-Mac/macOS-Swift/submodules/telegram-ios/submodules/TelegramCore/Sources/PendingMessages/StandaloneUploadedMedia.swift /Users/buddhirajgautam/Documents/Cherrygram-Mac/macOS-Swift/submodules/telegram-ios/submodules/TelegramCore/Sources/SecretChats/SecretChatEncryption.swift /Users/buddhirajgautam/Documents/Cherrygram-Mac/macOS-Swift/submodules/telegram-ios/submodules/TelegramCore/Sources/SecretChats/SecretChatEncryptionConfig.swift /Users/buddhirajgautam/Documents/Cherrygram-Mac/macOS-Swift/submodules/telegram-ios/submodules/TelegramCore/Sources/SecretChats/SecretChatFileReference.swift /Users/buddhirajgautam/Documents/Cherrygram-Mac/macOS-Swift/submodules/telegram-ios/submodules/TelegramCore/Sources/SecretChats/SecretChatIncomingEncryptedOperation.swift /Users/buddhirajgautam/Documents/Cherrygram-Mac/macOS-Swift/submodules/telegram-ios/submodules/TelegramCore/Sources/SecretChats/SecretChatLayerNegotiation.swift /Users/buddhirajgautam/Documents/Cherrygram-Mac/macOS-Swift/submodules/telegram-ios/submodules/TelegramCore/Sources/SecretChats/SecretChatOutgoingOperation.swift /Users/buddhirajgautam/Documents/Cherrygram-Mac/macOS-Swift/submodules/telegram-ios/submodules/TelegramCore/Sources/SecretChats/SecretChatRekeySession.swift /Users/buddhirajgautam/Documents/Cherrygram-Mac/macOS-Swift/submodules/telegram-ios/submodules/TelegramCore/Sources/SecretChats/SetSecretChatMessageAutoremoveTimeoutInteractively.swift /Users/buddhirajgautam/Documents/Cherrygram-Mac/macOS-Swift/submodules/telegram-ios/submodules/TelegramCore/Sources/SecretChats/UpdateSecretChat.swift /Users/buddhirajgautam/Documents/Cherrygram-Mac/macOS-Swift/submodules/telegram-ios/submodules/TelegramCore/Sources/Settings/AutodownloadSettings.swift /Users/buddhirajgautam/Documents/Cherrygram-Mac/macOS-Swift/submodules/telegram-ios/submodules/TelegramCore/Sources/Settings/CacheStorageSettings.swift /Users/buddhirajgautam/Documents/Cherrygram-Mac/macOS-Swift/submodules/telegram-ios/submodules/TelegramCore/Sources/Settings/ContentPrivacySettings.swift /Users/buddhirajgautam/Documents/Cherrygram-Mac/macOS-Swift/submodules/telegram-ios/submodules/TelegramCore/Sources/Settings/ContentSettings.swift /Users/buddhirajgautam/Documents/Cherrygram-Mac/macOS-Swift/submodules/telegram-ios/submodules/TelegramCore/Sources/Settings/GlobalNotificationSettings.swift /Users/buddhirajgautam/Documents/Cherrygram-Mac/macOS-Swift/submodules/telegram-ios/submodules/TelegramCore/Sources/Settings/LimitsConfiguration.swift /Users/buddhirajgautam/Documents/Cherrygram-Mac/macOS-Swift/submodules/telegram-ios/submodules/TelegramCore/Sources/Settings/LoggingSettings.swift /Users/buddhirajgautam/Documents/Cherrygram-Mac/macOS-Swift/submodules/telegram-ios/submodules/TelegramCore/Sources/Settings/NetworkSettings.swift (in target 'TelegramCore' from project 'TelegramCore')

SwiftCompile normal arm64 /Users/buddhirajgautam/Documents/Cherrygram-Mac/macOS-Swift/submodules/telegram-ios/submodules/TelegramCore/Sources/PendingMessages/ChatUpdatingMessageMedia.swift (in target 'TelegramCore' from project 'TelegramCore')
    cd /Users/buddhirajgautam/Documents/Cherrygram-Mac/macOS-Swift
    builtin-SwiftPerFileCompile ChatUpdatingMessageMedia.swift

SwiftCompile normal arm64 /Users/buddhirajgautam/Documents/Cherrygram-Mac/macOS-Swift/submodules/telegram-ios/submodules/TelegramCore/Sources/PendingMessages/EnqueueMessage.swift (in target 'TelegramCore' from project 'TelegramCore')
    cd /Users/buddhirajgautam/Documents/Cherrygram-Mac/macOS-Swift
    builtin-SwiftPerFileCompile EnqueueMessage.swift

SwiftCompile normal arm64 /Users/buddhirajgautam/Documents/Cherrygram-Mac/macOS-Swift/submodules/telegram-ios/submodules/TelegramCore/Sources/PendingMessages/PendingMessageUploadedContent.swift (in target 'TelegramCore' from project 'TelegramCore')
    cd /Users/buddhirajgautam/Documents/Cherrygram-Mac/macOS-Swift
    builtin-SwiftPerFileCompile PendingMessageUploadedContent.swift

SwiftCompile normal arm64 /Users/buddhirajgautam/Documents/Cherrygram-Mac/macOS-Swift/submodules/telegram-ios/submodules/TelegramCore/Sources/PendingMessages/PendingPeerMediaUploadManager.swift (in target 'TelegramCore' from project 'TelegramCore')
    cd /Users/buddhirajgautam/Documents/Cherrygram-Mac/macOS-Swift
    builtin-SwiftPerFileCompile PendingPeerMediaUploadManager.swift

SwiftCompile normal arm64 /Users/buddhirajgautam/Documents/Cherrygram-Mac/macOS-Swift/submodules/telegram-ios/submodules/TelegramCore/Sources/PendingMessages/PendingUpdateMessageManager.swift (in target 'TelegramCore' from project 'TelegramCore')
    cd /Users/buddhirajgautam/Documents/Cherrygram-Mac/macOS-Swift
    builtin-SwiftPerFileCompile PendingUpdateMessageManager.swift

SwiftCompile normal arm64 /Users/buddhirajgautam/Documents/Cherrygram-Mac/macOS-Swift/submodules/telegram-ios/submodules/TelegramCore/Sources/PendingMessages/RequestEditMessage.swift (in target 'TelegramCore' from project 'TelegramCore')
    cd /Users/buddhirajgautam/Documents/Cherrygram-Mac/macOS-Swift
    builtin-SwiftPerFileCompile RequestEditMessage.swift

SwiftCompile normal arm64 /Users/buddhirajgautam/Documents/Cherrygram-Mac/macOS-Swift/submodules/telegram-ios/submodules/TelegramCore/Sources/PendingMessages/StandaloneSendMessage.swift (in target 'TelegramCore' from project 'TelegramCore')
    cd /Users/buddhirajgautam/Documents/Cherrygram-Mac/macOS-Swift
    builtin-SwiftPerFileCompile StandaloneSendMessage.swift

SwiftCompile normal arm64 /Users/buddhirajgautam/Documents/Cherrygram-Mac/macOS-Swift/submodules/telegram-ios/submodules/TelegramCore/Sources/PendingMessages/StandaloneUploadedMedia.swift (in target 'TelegramCore' from project 'TelegramCore')
    cd /Users/buddhirajgautam/Documents/Cherrygram-Mac/macOS-Swift
    builtin-SwiftPerFileCompile StandaloneUploadedMedia.swift

SwiftCompile normal arm64 /Users/buddhirajgautam/Documents/Cherrygram-Mac/macOS-Swift/submodules/telegram-ios/submodules/TelegramCore/Sources/SecretChats/SecretChatEncryption.swift (in target 'TelegramCore' from project 'TelegramCore')
    cd /Users/buddhirajgautam/Documents/Cherrygram-Mac/macOS-Swift
    builtin-SwiftPerFileCompile SecretChatEncryption.swift

SwiftCompile normal arm64 /Users/buddhirajgautam/Documents/Cherrygram-Mac/macOS-Swift/submodules/telegram-ios/submodules/TelegramCore/Sources/SecretChats/SecretChatEncryptionConfig.swift (in target 'TelegramCore' from project 'TelegramCore')
    cd /Users/buddhirajgautam/Documents/Cherrygram-Mac/macOS-Swift
    builtin-SwiftPerFileCompile SecretChatEncryptionConfig.swift

SwiftCompile normal arm64 /Users/buddhirajgautam/Documents/Cherrygram-Mac/macOS-Swift/submodules/telegram-ios/submodules/TelegramCore/Sources/SecretChats/SecretChatFileReference.swift (in target 'TelegramCore' from project 'TelegramCore')
    cd /Users/buddhirajgautam/Documents/Cherrygram-Mac/macOS-Swift
    builtin-SwiftPerFileCompile SecretChatFileReference.swift

SwiftCompile normal arm64 /Users/buddhirajgautam/Documents/Cherrygram-Mac/macOS-Swift/submodules/telegram-ios/submodules/TelegramCore/Sources/SecretChats/SecretChatIncomingEncryptedOperation.swift (in target 'TelegramCore' from project 'TelegramCore')
    cd /Users/buddhirajgautam/Documents/Cherrygram-Mac/macOS-Swift
    builtin-SwiftPerFileCompile SecretChatIncomingEncryptedOperation.swift

SwiftCompile normal arm64 /Users/buddhirajgautam/Documents/Cherrygram-Mac/macOS-Swift/submodules/telegram-ios/submodules/TelegramCore/Sources/SecretChats/SecretChatLayerNegotiation.swift (in target 'TelegramCore' from project 'TelegramCore')
    cd /Users/buddhirajgautam/Documents/Cherrygram-Mac/macOS-Swift
    builtin-SwiftPerFileCompile SecretChatLayerNegotiation.swift

SwiftCompile normal arm64 /Users/buddhirajgautam/Documents/Cherrygram-Mac/macOS-Swift/submodules/telegram-ios/submodules/TelegramCore/Sources/SecretChats/SecretChatOutgoingOperation.swift (in target 'TelegramCore' from project 'TelegramCore')
    cd /Users/buddhirajgautam/Documents/Cherrygram-Mac/macOS-Swift
    builtin-SwiftPerFileCompile SecretChatOutgoingOperation.swift

SwiftCompile normal arm64 /Users/buddhirajgautam/Documents/Cherrygram-Mac/macOS-Swift/submodules/telegram-ios/submodules/TelegramCore/Sources/SecretChats/SecretChatRekeySession.swift (in target 'TelegramCore' from project 'TelegramCore')
    cd /Users/buddhirajgautam/Documents/Cherrygram-Mac/macOS-Swift
    builtin-SwiftPerFileCompile SecretChatRekeySession.swift

SwiftCompile normal arm64 /Users/buddhirajgautam/Documents/Cherrygram-Mac/macOS-Swift/submodules/telegram-ios/submodules/TelegramCore/Sources/SecretChats/SetSecretChatMessageAutoremoveTimeoutInteractively.swift (in target 'TelegramCore' from project 'TelegramCore')
    cd /Users/buddhirajgautam/Documents/Cherrygram-Mac/macOS-Swift
    builtin-SwiftPerFileCompile SetSecretChatMessageAutoremoveTimeoutInteractively.swift

SwiftCompile normal arm64 /Users/buddhirajgautam/Documents/Cherrygram-Mac/macOS-Swift/submodules/telegram-ios/submodules/TelegramCore/Sources/SecretChats/UpdateSecretChat.swift (in target 'TelegramCore' from project 'TelegramCore')
    cd /Users/buddhirajgautam/Documents/Cherrygram-Mac/macOS-Swift
    builtin-SwiftPerFileCompile UpdateSecretChat.swift

SwiftCompile normal arm64 /Users/buddhirajgautam/Documents/Cherrygram-Mac/macOS-Swift/submodules/telegram-ios/submodules/TelegramCore/Sources/Settings/AutodownloadSettings.swift (in target 'TelegramCore' from project 'TelegramCore')
    cd /Users/buddhirajgautam/Documents/Cherrygram-Mac/macOS-Swift
    builtin-SwiftPerFileCompile AutodownloadSettings.swift

SwiftCompile normal arm64 /Users/buddhirajgautam/Documents/Cherrygram-Mac/macOS-Swift/submodules/telegram-ios/submodules/TelegramCore/Sources/Settings/CacheStorageSettings.swift (in target 'TelegramCore' from project 'TelegramCore')
    cd /Users/buddhirajgautam/Documents/Cherrygram-Mac/macOS-Swift
    builtin-SwiftPerFileCompile CacheStorageSettings.swift

SwiftCompile normal arm64 /Users/buddhirajgautam/Documents/Cherrygram-Mac/macOS-Swift/submodules/telegram-ios/submodules/TelegramCore/Sources/Settings/ContentPrivacySettings.swift (in target 'TelegramCore' from project 'TelegramCore')
    cd /Users/buddhirajgautam/Documents/Cherrygram-Mac/macOS-Swift
    builtin-SwiftPerFileCompile ContentPrivacySettings.swift

SwiftCompile normal arm64 /Users/buddhirajgautam/Documents/Cherrygram-Mac/macOS-Swift/submodules/telegram-ios/submodules/TelegramCore/Sources/Settings/ContentSettings.swift (in target 'TelegramCore' from project 'TelegramCore')
    cd /Users/buddhirajgautam/Documents/Cherrygram-Mac/macOS-Swift
    builtin-SwiftPerFileCompile ContentSettings.swift

SwiftCompile normal arm64 /Users/buddhirajgautam/Documents/Cherrygram-Mac/macOS-Swift/submodules/telegram-ios/submodules/TelegramCore/Sources/Settings/GlobalNotificationSettings.swift (in target 'TelegramCore' from project 'TelegramCore')
    cd /Users/buddhirajgautam/Documents/Cherrygram-Mac/macOS-Swift
    builtin-SwiftPerFileCompile GlobalNotificationSettings.swift

SwiftCompile normal arm64 /Users/buddhirajgautam/Documents/Cherrygram-Mac/macOS-Swift/submodules/telegram-ios/submodules/TelegramCore/Sources/Settings/LimitsConfiguration.swift (in target 'TelegramCore' from project 'TelegramCore')
    cd /Users/buddhirajgautam/Documents/Cherrygram-Mac/macOS-Swift
    builtin-SwiftPerFileCompile LimitsConfiguration.swift

SwiftCompile normal arm64 /Users/buddhirajgautam/Documents/Cherrygram-Mac/macOS-Swift/submodules/telegram-ios/submodules/TelegramCore/Sources/Settings/LoggingSettings.swift (in target 'TelegramCore' from project 'TelegramCore')
    cd /Users/buddhirajgautam/Documents/Cherrygram-Mac/macOS-Swift
    builtin-SwiftPerFileCompile LoggingSettings.swift

SwiftCompile normal arm64 /Users/buddhirajgautam/Documents/Cherrygram-Mac/macOS-Swift/submodules/telegram-ios/submodules/TelegramCore/Sources/Settings/NetworkSettings.swift (in target 'TelegramCore' from project 'TelegramCore')
    cd /Users/buddhirajgautam/Documents/Cherrygram-Mac/macOS-Swift
    builtin-SwiftPerFileCompile NetworkSettings.swift

SwiftCompile normal arm64 Compiling\ TermsOfService.swift,\ UpdateAccountPeerName.swift,\ AuthTransfer.swift,\ CancelAccountReset.swift,\ ConfirmTwoStepRecoveryEmail.swift,\ TelegramEngineAuth.swift,\ TwoStepVerification.swift,\ GroupCalls.swift,\ RateCall.swift,\ TelegramEngineCalls.swift,\ ContactManagement.swift,\ DeviceContact.swift,\ ImportContact.swift,\ PhoneNumber.swift,\ TelegramDeviceContactImportInfo.swift,\ TelegramEngineContacts.swift,\ UpdateContactName.swift,\ ChatListData.swift,\ ConfigurationData.swift,\ ContactsData.swift,\ ItemCacheData.swift,\ MessagesData.swift,\ NoticesData.swift,\ OrderedListsData.swift /Users/buddhirajgautam/Documents/Cherrygram-Mac/macOS-Swift/submodules/telegram-ios/submodules/TelegramCore/Sources/TelegramEngine/AccountData/TermsOfService.swift /Users/buddhirajgautam/Documents/Cherrygram-Mac/macOS-Swift/submodules/telegram-ios/submodules/TelegramCore/Sources/TelegramEngine/AccountData/UpdateAccountPeerName.swift /Users/buddhirajgautam/Documents/Cherrygram-Mac/macOS-Swift/submodules/telegram-ios/submodules/TelegramCore/Sources/TelegramEngine/Auth/AuthTransfer.swift /Users/buddhirajgautam/Documents/Cherrygram-Mac/macOS-Swift/submodules/telegram-ios/submodules/TelegramCore/Sources/TelegramEngine/Auth/CancelAccountReset.swift /Users/buddhirajgautam/Documents/Cherrygram-Mac/macOS-Swift/submodules/telegram-ios/submodules/TelegramCore/Sources/TelegramEngine/Auth/ConfirmTwoStepRecoveryEmail.swift /Users/buddhirajgautam/Documents/Cherrygram-Mac/macOS-Swift/submodules/telegram-ios/submodules/TelegramCore/Sources/TelegramEngine/Auth/TelegramEngineAuth.swift /Users/buddhirajgautam/Documents/Cherrygram-Mac/macOS-Swift/submodules/telegram-ios/submodules/TelegramCore/Sources/TelegramEngine/Auth/TwoStepVerification.swift /Users/buddhirajgautam/Documents/Cherrygram-Mac/macOS-Swift/submodules/telegram-ios/submodules/TelegramCore/Sources/TelegramEngine/Calls/GroupCalls.swift /Users/buddhirajgautam/Documents/Cherrygram-Mac/macOS-Swift/submodules/telegram-ios/submodules/TelegramCore/Sources/TelegramEngine/Calls/RateCall.swift /Users/buddhirajgautam/Documents/Cherrygram-Mac/macOS-Swift/submodules/telegram-ios/submodules/TelegramCore/Sources/TelegramEngine/Calls/TelegramEngineCalls.swift /Users/buddhirajgautam/Documents/Cherrygram-Mac/macOS-Swift/submodules/telegram-ios/submodules/TelegramCore/Sources/TelegramEngine/Contacts/ContactManagement.swift /Users/buddhirajgautam/Documents/Cherrygram-Mac/macOS-Swift/submodules/telegram-ios/submodules/TelegramCore/Sources/TelegramEngine/Contacts/DeviceContact.swift /Users/buddhirajgautam/Documents/Cherrygram-Mac/macOS-Swift/submodules/telegram-ios/submodules/TelegramCore/Sources/TelegramEngine/Contacts/ImportContact.swift /Users/buddhirajgautam/Documents/Cherrygram-Mac/macOS-Swift/submodules/telegram-ios/submodules/TelegramCore/Sources/TelegramEngine/Contacts/PhoneNumber.swift /Users/buddhirajgautam/Documents/Cherrygram-Mac/macOS-Swift/submodules/telegram-ios/submodules/TelegramCore/Sources/TelegramEngine/Contacts/TelegramDeviceContactImportInfo.swift /Users/buddhirajgautam/Documents/Cherrygram-Mac/macOS-Swift/submodules/telegram-ios/submodules/TelegramCore/Sources/TelegramEngine/Contacts/TelegramEngineContacts.swift /Users/buddhirajgautam/Documents/Cherrygram-Mac/macOS-Swift/submodules/telegram-ios/submodules/TelegramCore/Sources/TelegramEngine/Contacts/UpdateContactName.swift /Users/buddhirajgautam/Documents/Cherrygram-Mac/macOS-Swift/submodules/telegram-ios/submodules/TelegramCore/Sources/TelegramEngine/Data/ChatListData.swift /Users/buddhirajgautam/Documents/Cherrygram-Mac/macOS-Swift/submodules/telegram-ios/submodules/TelegramCore/Sources/TelegramEngine/Data/ConfigurationData.swift /Users/buddhirajgautam/Documents/Cherrygram-Mac/macOS-Swift/submodules/telegram-ios/submodules/TelegramCore/Sources/TelegramEngine/Data/ContactsData.swift /Users/buddhirajgautam/Documents/Cherrygram-Mac/macOS-Swift/submodules/telegram-ios/submodules/TelegramCore/Sources/TelegramEngine/Data/ItemCacheData.swift /Users/buddhirajgautam/Documents/Cherrygram-Mac/macOS-Swift/submodules/telegram-ios/submodules/TelegramCore/Sources/TelegramEngine/Data/MessagesData.swift /Users/buddhirajgautam/Documents/Cherrygram-Mac/macOS-Swift/submodules/telegram-ios/submodules/TelegramCore/Sources/TelegramEngine/Data/NoticesData.swift /Users/buddhirajgautam/Documents/Cherrygram-Mac/macOS-Swift/submodules/telegram-ios/submodules/TelegramCore/Sources/TelegramEngine/Data/OrderedListsData.swift (in target 'TelegramCore' from project 'TelegramCore')

SwiftCompile normal arm64 /Users/buddhirajgautam/Documents/Cherrygram-Mac/macOS-Swift/submodules/telegram-ios/submodules/TelegramCore/Sources/TelegramEngine/AccountData/TermsOfService.swift (in target 'TelegramCore' from project 'TelegramCore')
    cd /Users/buddhirajgautam/Documents/Cherrygram-Mac/macOS-Swift
    builtin-SwiftPerFileCompile TermsOfService.swift

SwiftCompile normal arm64 /Users/buddhirajgautam/Documents/Cherrygram-Mac/macOS-Swift/submodules/telegram-ios/submodules/TelegramCore/Sources/TelegramEngine/AccountData/UpdateAccountPeerName.swift (in target 'TelegramCore' from project 'TelegramCore')
    cd /Users/buddhirajgautam/Documents/Cherrygram-Mac/macOS-Swift
    builtin-SwiftPerFileCompile UpdateAccountPeerName.swift

SwiftCompile normal arm64 /Users/buddhirajgautam/Documents/Cherrygram-Mac/macOS-Swift/submodules/telegram-ios/submodules/TelegramCore/Sources/TelegramEngine/Auth/AuthTransfer.swift (in target 'TelegramCore' from project 'TelegramCore')
    cd /Users/buddhirajgautam/Documents/Cherrygram-Mac/macOS-Swift
    builtin-SwiftPerFileCompile AuthTransfer.swift

SwiftCompile normal arm64 /Users/buddhirajgautam/Documents/Cherrygram-Mac/macOS-Swift/submodules/telegram-ios/submodules/TelegramCore/Sources/TelegramEngine/Auth/CancelAccountReset.swift (in target 'TelegramCore' from project 'TelegramCore')
    cd /Users/buddhirajgautam/Documents/Cherrygram-Mac/macOS-Swift
    builtin-SwiftPerFileCompile CancelAccountReset.swift

SwiftCompile normal arm64 /Users/buddhirajgautam/Documents/Cherrygram-Mac/macOS-Swift/submodules/telegram-ios/submodules/TelegramCore/Sources/TelegramEngine/Auth/ConfirmTwoStepRecoveryEmail.swift (in target 'TelegramCore' from project 'TelegramCore')
    cd /Users/buddhirajgautam/Documents/Cherrygram-Mac/macOS-Swift
    builtin-SwiftPerFileCompile ConfirmTwoStepRecoveryEmail.swift

SwiftCompile normal arm64 /Users/buddhirajgautam/Documents/Cherrygram-Mac/macOS-Swift/submodules/telegram-ios/submodules/TelegramCore/Sources/TelegramEngine/Auth/TelegramEngineAuth.swift (in target 'TelegramCore' from project 'TelegramCore')
    cd /Users/buddhirajgautam/Documents/Cherrygram-Mac/macOS-Swift
    builtin-SwiftPerFileCompile TelegramEngineAuth.swift

SwiftCompile normal arm64 /Users/buddhirajgautam/Documents/Cherrygram-Mac/macOS-Swift/submodules/telegram-ios/submodules/TelegramCore/Sources/TelegramEngine/Auth/TwoStepVerification.swift (in target 'TelegramCore' from project 'TelegramCore')
    cd /Users/buddhirajgautam/Documents/Cherrygram-Mac/macOS-Swift
    builtin-SwiftPerFileCompile TwoStepVerification.swift

SwiftCompile normal arm64 /Users/buddhirajgautam/Documents/Cherrygram-Mac/macOS-Swift/submodules/telegram-ios/submodules/TelegramCore/Sources/TelegramEngine/Calls/GroupCalls.swift (in target 'TelegramCore' from project 'TelegramCore')
    cd /Users/buddhirajgautam/Documents/Cherrygram-Mac/macOS-Swift
    builtin-SwiftPerFileCompile GroupCalls.swift

SwiftCompile normal arm64 /Users/buddhirajgautam/Documents/Cherrygram-Mac/macOS-Swift/submodules/telegram-ios/submodules/TelegramCore/Sources/TelegramEngine/Calls/RateCall.swift (in target 'TelegramCore' from project 'TelegramCore')
    cd /Users/buddhirajgautam/Documents/Cherrygram-Mac/macOS-Swift
    builtin-SwiftPerFileCompile RateCall.swift

SwiftCompile normal arm64 /Users/buddhirajgautam/Documents/Cherrygram-Mac/macOS-Swift/submodules/telegram-ios/submodules/TelegramCore/Sources/TelegramEngine/Calls/TelegramEngineCalls.swift (in target 'TelegramCore' from project 'TelegramCore')
    cd /Users/buddhirajgautam/Documents/Cherrygram-Mac/macOS-Swift
    builtin-SwiftPerFileCompile TelegramEngineCalls.swift

SwiftCompile normal arm64 /Users/buddhirajgautam/Documents/Cherrygram-Mac/macOS-Swift/submodules/telegram-ios/submodules/TelegramCore/Sources/TelegramEngine/Contacts/ContactManagement.swift (in target 'TelegramCore' from project 'TelegramCore')
    cd /Users/buddhirajgautam/Documents/Cherrygram-Mac/macOS-Swift
    builtin-SwiftPerFileCompile ContactManagement.swift

SwiftCompile normal arm64 /Users/buddhirajgautam/Documents/Cherrygram-Mac/macOS-Swift/submodules/telegram-ios/submodules/TelegramCore/Sources/TelegramEngine/Contacts/DeviceContact.swift (in target 'TelegramCore' from project 'TelegramCore')
    cd /Users/buddhirajgautam/Documents/Cherrygram-Mac/macOS-Swift
    builtin-SwiftPerFileCompile DeviceContact.swift

SwiftCompile normal arm64 /Users/buddhirajgautam/Documents/Cherrygram-Mac/macOS-Swift/submodules/telegram-ios/submodules/TelegramCore/Sources/TelegramEngine/Contacts/ImportContact.swift (in target 'TelegramCore' from project 'TelegramCore')
    cd /Users/buddhirajgautam/Documents/Cherrygram-Mac/macOS-Swift
    builtin-SwiftPerFileCompile ImportContact.swift

SwiftCompile normal arm64 /Users/buddhirajgautam/Documents/Cherrygram-Mac/macOS-Swift/submodules/telegram-ios/submodules/TelegramCore/Sources/TelegramEngine/Contacts/PhoneNumber.swift (in target 'TelegramCore' from project 'TelegramCore')
    cd /Users/buddhirajgautam/Documents/Cherrygram-Mac/macOS-Swift
    builtin-SwiftPerFileCompile PhoneNumber.swift

SwiftCompile normal arm64 /Users/buddhirajgautam/Documents/Cherrygram-Mac/macOS-Swift/submodules/telegram-ios/submodules/TelegramCore/Sources/TelegramEngine/Contacts/TelegramDeviceContactImportInfo.swift (in target 'TelegramCore' from project 'TelegramCore')
    cd /Users/buddhirajgautam/Documents/Cherrygram-Mac/macOS-Swift
    builtin-SwiftPerFileCompile TelegramDeviceContactImportInfo.swift

SwiftCompile normal arm64 /Users/buddhirajgautam/Documents/Cherrygram-Mac/macOS-Swift/submodules/telegram-ios/submodules/TelegramCore/Sources/TelegramEngine/Contacts/TelegramEngineContacts.swift (in target 'TelegramCore' from project 'TelegramCore')
    cd /Users/buddhirajgautam/Documents/Cherrygram-Mac/macOS-Swift
    builtin-SwiftPerFileCompile TelegramEngineContacts.swift

SwiftCompile normal arm64 /Users/buddhirajgautam/Documents/Cherrygram-Mac/macOS-Swift/submodules/telegram-ios/submodules/TelegramCore/Sources/TelegramEngine/Contacts/UpdateContactName.swift (in target 'TelegramCore' from project 'TelegramCore')
    cd /Users/buddhirajgautam/Documents/Cherrygram-Mac/macOS-Swift
    builtin-SwiftPerFileCompile UpdateContactName.swift

SwiftCompile normal arm64 /Users/buddhirajgautam/Documents/Cherrygram-Mac/macOS-Swift/submodules/telegram-ios/submodules/TelegramCore/Sources/TelegramEngine/Data/ChatListData.swift (in target 'TelegramCore' from project 'TelegramCore')
    cd /Users/buddhirajgautam/Documents/Cherrygram-Mac/macOS-Swift
    builtin-SwiftPerFileCompile ChatListData.swift

SwiftCompile normal arm64 /Users/buddhirajgautam/Documents/Cherrygram-Mac/macOS-Swift/submodules/telegram-ios/submodules/TelegramCore/Sources/TelegramEngine/Data/ConfigurationData.swift (in target 'TelegramCore' from project 'TelegramCore')
    cd /Users/buddhirajgautam/Documents/Cherrygram-Mac/macOS-Swift
    builtin-SwiftPerFileCompile ConfigurationData.swift

SwiftCompile normal arm64 /Users/buddhirajgautam/Documents/Cherrygram-Mac/macOS-Swift/submodules/telegram-ios/submodules/TelegramCore/Sources/TelegramEngine/Data/ContactsData.swift (in target 'TelegramCore' from project 'TelegramCore')
    cd /Users/buddhirajgautam/Documents/Cherrygram-Mac/macOS-Swift
    builtin-SwiftPerFileCompile ContactsData.swift

SwiftCompile normal arm64 /Users/buddhirajgautam/Documents/Cherrygram-Mac/macOS-Swift/submodules/telegram-ios/submodules/TelegramCore/Sources/TelegramEngine/Data/ItemCacheData.swift (in target 'TelegramCore' from project 'TelegramCore')
    cd /Users/buddhirajgautam/Documents/Cherrygram-Mac/macOS-Swift
    builtin-SwiftPerFileCompile ItemCacheData.swift

SwiftCompile normal arm64 /Users/buddhirajgautam/Documents/Cherrygram-Mac/macOS-Swift/submodules/telegram-ios/submodules/TelegramCore/Sources/TelegramEngine/Data/MessagesData.swift (in target 'TelegramCore' from project 'TelegramCore')
    cd /Users/buddhirajgautam/Documents/Cherrygram-Mac/macOS-Swift
    builtin-SwiftPerFileCompile MessagesData.swift

SwiftCompile normal arm64 /Users/buddhirajgautam/Documents/Cherrygram-Mac/macOS-Swift/submodules/telegram-ios/submodules/TelegramCore/Sources/TelegramEngine/Data/NoticesData.swift (in target 'TelegramCore' from project 'TelegramCore')
    cd /Users/buddhirajgautam/Documents/Cherrygram-Mac/macOS-Swift
    builtin-SwiftPerFileCompile NoticesData.swift

SwiftCompile normal arm64 /Users/buddhirajgautam/Documents/Cherrygram-Mac/macOS-Swift/submodules/telegram-ios/submodules/TelegramCore/Sources/TelegramEngine/Data/OrderedListsData.swift (in target 'TelegramCore' from project 'TelegramCore')
    cd /Users/buddhirajgautam/Documents/Cherrygram-Mac/macOS-Swift
    builtin-SwiftPerFileCompile OrderedListsData.swift

SwiftDriverJobDiscovery normal arm64 Compiling SyncCore_TelegramMediaWebFile.swift, SyncCore_TelegramMediaWebpage.swift, SyncCore_TelegramPeerNotificationSettings.swift, SyncCore_TelegramSecretChat.swift, SyncCore_TelegramTheme.swift, SyncCore_TelegramUser.swift, SyncCore_TelegramUserPresence.swift, SyncCore_TelegramWallpaper.swift, SyncCore_TemporaryTwoStepPasswordToken.swift, SyncCore_TextEntitiesMessageAttribute.swift, SyncCore_ThemeSettings.swift, SyncCore_TranslationMessageAttribute.swift, SyncCore_UnauthorizedAccountState.swift, SyncCore_UpdateMessageReactionsAction.swift, SyncCore_ValidationMessageAttribute.swift, SyncCore_ViewCountMessageAttribute.swift, SyncCore_VoipConfiguration.swift, SyncCore_WallapersState.swift, SyncCore_WasScheduledMessageAttribute.swift, SynchronizePeerStoriesOperation.swift, SynchronizeViewStoriesOperation.swift, ChangeAccountPhoneNumber.swift, RegisterNotificationToken.swift, TelegramEngineAccountData.swift (in target 'TelegramCore' from project 'TelegramCore')

SwiftCompile normal arm64 Compiling\ SyncCore_SynchronizeSavedStickersOperation.swift,\ SyncCore_SynchronizeableChatInputState.swift,\ SyncCore_TelegramChannel.swift,\ SyncCore_TelegramChatAdminRights.swift,\ SyncCore_TelegramChatBannedRights.swift,\ SyncCore_TelegramDeviceContactImportedData.swift,\ SyncCore_TelegramGroup.swift,\ SyncCore_TelegramMediaAction.swift,\ SyncCore_TelegramMediaContact.swift,\ SyncCore_TelegramMediaDice.swift,\ SyncCore_TelegramMediaExpiredContent.swift,\ SyncCore_TelegramMediaFile.swift,\ SyncCore_TelegramMediaGame.swift,\ SyncCore_TelegramMediaGiveaway.swift,\ SyncCore_TelegramMediaGiveawayResults.swift,\ SyncCore_TelegramMediaImage.swift,\ SyncCore_TelegramMediaInvoice.swift,\ SyncCore_TelegramMediaMap.swift,\ SyncCore_TelegramMediaPaidContent.swift,\ SyncCore_TelegramMediaPoll.swift,\ SyncCore_TelegramMediaResource.swift,\ SyncCore_TelegramMediaStory.swift,\ SyncCore_TelegramMediaTodo.swift,\ SyncCore_TelegramMediaUnsupported.swift /Users/buddhirajgautam/Documents/Cherrygram-Mac/macOS-Swift/submodules/telegram-ios/submodules/TelegramCore/Sources/SyncCore/SyncCore_SynchronizeSavedStickersOperation.swift /Users/buddhirajgautam/Documents/Cherrygram-Mac/macOS-Swift/submodules/telegram-ios/submodules/TelegramCore/Sources/SyncCore/SyncCore_SynchronizeableChatInputState.swift /Users/buddhirajgautam/Documents/Cherrygram-Mac/macOS-Swift/submodules/telegram-ios/submodules/TelegramCore/Sources/SyncCore/SyncCore_TelegramChannel.swift /Users/buddhirajgautam/Documents/Cherrygram-Mac/macOS-Swift/submodules/telegram-ios/submodules/TelegramCore/Sources/SyncCore/SyncCore_TelegramChatAdminRights.swift /Users/buddhirajgautam/Documents/Cherrygram-Mac/macOS-Swift/submodules/telegram-ios/submodules/TelegramCore/Sources/SyncCore/SyncCore_TelegramChatBannedRights.swift /Users/buddhirajgautam/Documents/Cherrygram-Mac/macOS-Swift/submodules/telegram-ios/submodules/TelegramCore/Sources/SyncCore/SyncCore_TelegramDeviceContactImportedData.swift /Users/buddhirajgautam/Documents/Cherrygram-Mac/macOS-Swift/submodules/telegram-ios/submodules/TelegramCore/Sources/SyncCore/SyncCore_TelegramGroup.swift /Users/buddhirajgautam/Documents/Cherrygram-Mac/macOS-Swift/submodules/telegram-ios/submodules/TelegramCore/Sources/SyncCore/SyncCore_TelegramMediaAction.swift /Users/buddhirajgautam/Documents/Cherrygram-Mac/macOS-Swift/submodules/telegram-ios/submodules/TelegramCore/Sources/SyncCore/SyncCore_TelegramMediaContact.swift /Users/buddhirajgautam/Documents/Cherrygram-Mac/macOS-Swift/submodules/telegram-ios/submodules/TelegramCore/Sources/SyncCore/SyncCore_TelegramMediaDice.swift /Users/buddhirajgautam/Documents/Cherrygram-Mac/macOS-Swift/submodules/telegram-ios/submodules/TelegramCore/Sources/SyncCore/SyncCore_TelegramMediaExpiredContent.swift /Users/buddhirajgautam/Documents/Cherrygram-Mac/macOS-Swift/submodules/telegram-ios/submodules/TelegramCore/Sources/SyncCore/SyncCore_TelegramMediaFile.swift /Users/buddhirajgautam/Documents/Cherrygram-Mac/macOS-Swift/submodules/telegram-ios/submodules/TelegramCore/Sources/SyncCore/SyncCore_TelegramMediaGame.swift /Users/buddhirajgautam/Documents/Cherrygram-Mac/macOS-Swift/submodules/telegram-ios/submodules/TelegramCore/Sources/SyncCore/SyncCore_TelegramMediaGiveaway.swift /Users/buddhirajgautam/Documents/Cherrygram-Mac/macOS-Swift/submodules/telegram-ios/submodules/TelegramCore/Sources/SyncCore/SyncCore_TelegramMediaGiveawayResults.swift /Users/buddhirajgautam/Documents/Cherrygram-Mac/macOS-Swift/submodules/telegram-ios/submodules/TelegramCore/Sources/SyncCore/SyncCore_TelegramMediaImage.swift /Users/buddhirajgautam/Documents/Cherrygram-Mac/macOS-Swift/submodules/telegram-ios/submodules/TelegramCore/Sources/SyncCore/SyncCore_TelegramMediaInvoice.swift /Users/buddhirajgautam/Documents/Cherrygram-Mac/macOS-Swift/submodules/telegram-ios/submodules/TelegramCore/Sources/SyncCore/SyncCore_TelegramMediaMap.swift /Users/buddhirajgautam/Documents/Cherrygram-Mac/macOS-Swift/submodules/telegram-ios/submodules/TelegramCore/Sources/SyncCore/SyncCore_TelegramMediaPaidContent.swift /Users/buddhirajgautam/Documents/Cherrygram-Mac/macOS-Swift/submodules/telegram-ios/submodules/TelegramCore/Sources/SyncCore/SyncCore_TelegramMediaPoll.swift /Users/buddhirajgautam/Documents/Cherrygram-Mac/macOS-Swift/submodules/telegram-ios/submodules/TelegramCore/Sources/SyncCore/SyncCore_TelegramMediaResource.swift /Users/buddhirajgautam/Documents/Cherrygram-Mac/macOS-Swift/submodules/telegram-ios/submodules/TelegramCore/Sources/SyncCore/SyncCore_TelegramMediaStory.swift /Users/buddhirajgautam/Documents/Cherrygram-Mac/macOS-Swift/submodules/telegram-ios/submodules/TelegramCore/Sources/SyncCore/SyncCore_TelegramMediaTodo.swift /Users/buddhirajgautam/Documents/Cherrygram-Mac/macOS-Swift/submodules/telegram-ios/submodules/TelegramCore/Sources/SyncCore/SyncCore_TelegramMediaUnsupported.swift (in target 'TelegramCore' from project 'TelegramCore')

SwiftCompile normal arm64 /Users/buddhirajgautam/Documents/Cherrygram-Mac/macOS-Swift/submodules/telegram-ios/submodules/TelegramCore/Sources/SyncCore/SyncCore_SynchronizeSavedStickersOperation.swift (in target 'TelegramCore' from project 'TelegramCore')
    cd /Users/buddhirajgautam/Documents/Cherrygram-Mac/macOS-Swift
    builtin-SwiftPerFileCompile SyncCore_SynchronizeSavedStickersOperation.swift

SwiftCompile normal arm64 /Users/buddhirajgautam/Documents/Cherrygram-Mac/macOS-Swift/submodules/telegram-ios/submodules/TelegramCore/Sources/SyncCore/SyncCore_SynchronizeableChatInputState.swift (in target 'TelegramCore' from project 'TelegramCore')
    cd /Users/buddhirajgautam/Documents/Cherrygram-Mac/macOS-Swift
    builtin-SwiftPerFileCompile SyncCore_SynchronizeableChatInputState.swift

SwiftCompile normal arm64 /Users/buddhirajgautam/Documents/Cherrygram-Mac/macOS-Swift/submodules/telegram-ios/submodules/TelegramCore/Sources/SyncCore/SyncCore_TelegramChannel.swift (in target 'TelegramCore' from project 'TelegramCore')
    cd /Users/buddhirajgautam/Documents/Cherrygram-Mac/macOS-Swift
    builtin-SwiftPerFileCompile SyncCore_TelegramChannel.swift

SwiftCompile normal arm64 /Users/buddhirajgautam/Documents/Cherrygram-Mac/macOS-Swift/submodules/telegram-ios/submodules/TelegramCore/Sources/SyncCore/SyncCore_TelegramChatAdminRights.swift (in target 'TelegramCore' from project 'TelegramCore')
    cd /Users/buddhirajgautam/Documents/Cherrygram-Mac/macOS-Swift
    builtin-SwiftPerFileCompile SyncCore_TelegramChatAdminRights.swift

SwiftCompile normal arm64 /Users/buddhirajgautam/Documents/Cherrygram-Mac/macOS-Swift/submodules/telegram-ios/submodules/TelegramCore/Sources/SyncCore/SyncCore_TelegramChatBannedRights.swift (in target 'TelegramCore' from project 'TelegramCore')
    cd /Users/buddhirajgautam/Documents/Cherrygram-Mac/macOS-Swift
    builtin-SwiftPerFileCompile SyncCore_TelegramChatBannedRights.swift

SwiftCompile normal arm64 /Users/buddhirajgautam/Documents/Cherrygram-Mac/macOS-Swift/submodules/telegram-ios/submodules/TelegramCore/Sources/SyncCore/SyncCore_TelegramDeviceContactImportedData.swift (in target 'TelegramCore' from project 'TelegramCore')
    cd /Users/buddhirajgautam/Documents/Cherrygram-Mac/macOS-Swift
    builtin-SwiftPerFileCompile SyncCore_TelegramDeviceContactImportedData.swift

SwiftCompile normal arm64 /Users/buddhirajgautam/Documents/Cherrygram-Mac/macOS-Swift/submodules/telegram-ios/submodules/TelegramCore/Sources/SyncCore/SyncCore_TelegramGroup.swift (in target 'TelegramCore' from project 'TelegramCore')
    cd /Users/buddhirajgautam/Documents/Cherrygram-Mac/macOS-Swift
    builtin-SwiftPerFileCompile SyncCore_TelegramGroup.swift

SwiftCompile normal arm64 /Users/buddhirajgautam/Documents/Cherrygram-Mac/macOS-Swift/submodules/telegram-ios/submodules/TelegramCore/Sources/SyncCore/SyncCore_TelegramMediaAction.swift (in target 'TelegramCore' from project 'TelegramCore')
    cd /Users/buddhirajgautam/Documents/Cherrygram-Mac/macOS-Swift
    builtin-SwiftPerFileCompile SyncCore_TelegramMediaAction.swift

SwiftCompile normal arm64 /Users/buddhirajgautam/Documents/Cherrygram-Mac/macOS-Swift/submodules/telegram-ios/submodules/TelegramCore/Sources/SyncCore/SyncCore_TelegramMediaContact.swift (in target 'TelegramCore' from project 'TelegramCore')
    cd /Users/buddhirajgautam/Documents/Cherrygram-Mac/macOS-Swift
    builtin-SwiftPerFileCompile SyncCore_TelegramMediaContact.swift

SwiftCompile normal arm64 /Users/buddhirajgautam/Documents/Cherrygram-Mac/macOS-Swift/submodules/telegram-ios/submodules/TelegramCore/Sources/SyncCore/SyncCore_TelegramMediaDice.swift (in target 'TelegramCore' from project 'TelegramCore')
    cd /Users/buddhirajgautam/Documents/Cherrygram-Mac/macOS-Swift
    builtin-SwiftPerFileCompile SyncCore_TelegramMediaDice.swift

SwiftCompile normal arm64 /Users/buddhirajgautam/Documents/Cherrygram-Mac/macOS-Swift/submodules/telegram-ios/submodules/TelegramCore/Sources/SyncCore/SyncCore_TelegramMediaExpiredContent.swift (in target 'TelegramCore' from project 'TelegramCore')
    cd /Users/buddhirajgautam/Documents/Cherrygram-Mac/macOS-Swift
    builtin-SwiftPerFileCompile SyncCore_TelegramMediaExpiredContent.swift

SwiftCompile normal arm64 /Users/buddhirajgautam/Documents/Cherrygram-Mac/macOS-Swift/submodules/telegram-ios/submodules/TelegramCore/Sources/SyncCore/SyncCore_TelegramMediaFile.swift (in target 'TelegramCore' from project 'TelegramCore')
    cd /Users/buddhirajgautam/Documents/Cherrygram-Mac/macOS-Swift
    builtin-SwiftPerFileCompile SyncCore_TelegramMediaFile.swift

SwiftCompile normal arm64 /Users/buddhirajgautam/Documents/Cherrygram-Mac/macOS-Swift/submodules/telegram-ios/submodules/TelegramCore/Sources/SyncCore/SyncCore_TelegramMediaGame.swift (in target 'TelegramCore' from project 'TelegramCore')
    cd /Users/buddhirajgautam/Documents/Cherrygram-Mac/macOS-Swift
    builtin-SwiftPerFileCompile SyncCore_TelegramMediaGame.swift

SwiftCompile normal arm64 /Users/buddhirajgautam/Documents/Cherrygram-Mac/macOS-Swift/submodules/telegram-ios/submodules/TelegramCore/Sources/SyncCore/SyncCore_TelegramMediaGiveaway.swift (in target 'TelegramCore' from project 'TelegramCore')
    cd /Users/buddhirajgautam/Documents/Cherrygram-Mac/macOS-Swift
    builtin-SwiftPerFileCompile SyncCore_TelegramMediaGiveaway.swift

SwiftCompile normal arm64 /Users/buddhirajgautam/Documents/Cherrygram-Mac/macOS-Swift/submodules/telegram-ios/submodules/TelegramCore/Sources/SyncCore/SyncCore_TelegramMediaGiveawayResults.swift (in target 'TelegramCore' from project 'TelegramCore')
    cd /Users/buddhirajgautam/Documents/Cherrygram-Mac/macOS-Swift
    builtin-SwiftPerFileCompile SyncCore_TelegramMediaGiveawayResults.swift

SwiftCompile normal arm64 /Users/buddhirajgautam/Documents/Cherrygram-Mac/macOS-Swift/submodules/telegram-ios/submodules/TelegramCore/Sources/SyncCore/SyncCore_TelegramMediaImage.swift (in target 'TelegramCore' from project 'TelegramCore')
    cd /Users/buddhirajgautam/Documents/Cherrygram-Mac/macOS-Swift
    builtin-SwiftPerFileCompile SyncCore_TelegramMediaImage.swift

SwiftCompile normal arm64 /Users/buddhirajgautam/Documents/Cherrygram-Mac/macOS-Swift/submodules/telegram-ios/submodules/TelegramCore/Sources/SyncCore/SyncCore_TelegramMediaInvoice.swift (in target 'TelegramCore' from project 'TelegramCore')
    cd /Users/buddhirajgautam/Documents/Cherrygram-Mac/macOS-Swift
    builtin-SwiftPerFileCompile SyncCore_TelegramMediaInvoice.swift

SwiftCompile normal arm64 /Users/buddhirajgautam/Documents/Cherrygram-Mac/macOS-Swift/submodules/telegram-ios/submodules/TelegramCore/Sources/SyncCore/SyncCore_TelegramMediaMap.swift (in target 'TelegramCore' from project 'TelegramCore')
    cd /Users/buddhirajgautam/Documents/Cherrygram-Mac/macOS-Swift
    builtin-SwiftPerFileCompile SyncCore_TelegramMediaMap.swift

SwiftCompile normal arm64 /Users/buddhirajgautam/Documents/Cherrygram-Mac/macOS-Swift/submodules/telegram-ios/submodules/TelegramCore/Sources/SyncCore/SyncCore_TelegramMediaPaidContent.swift (in target 'TelegramCore' from project 'TelegramCore')
    cd /Users/buddhirajgautam/Documents/Cherrygram-Mac/macOS-Swift
    builtin-SwiftPerFileCompile SyncCore_TelegramMediaPaidContent.swift

SwiftCompile normal arm64 /Users/buddhirajgautam/Documents/Cherrygram-Mac/macOS-Swift/submodules/telegram-ios/submodules/TelegramCore/Sources/SyncCore/SyncCore_TelegramMediaPoll.swift (in target 'TelegramCore' from project 'TelegramCore')
    cd /Users/buddhirajgautam/Documents/Cherrygram-Mac/macOS-Swift
    builtin-SwiftPerFileCompile SyncCore_TelegramMediaPoll.swift

SwiftCompile normal arm64 /Users/buddhirajgautam/Documents/Cherrygram-Mac/macOS-Swift/submodules/telegram-ios/submodules/TelegramCore/Sources/SyncCore/SyncCore_TelegramMediaResource.swift (in target 'TelegramCore' from project 'TelegramCore')
    cd /Users/buddhirajgautam/Documents/Cherrygram-Mac/macOS-Swift
    builtin-SwiftPerFileCompile SyncCore_TelegramMediaResource.swift

SwiftCompile normal arm64 /Users/buddhirajgautam/Documents/Cherrygram-Mac/macOS-Swift/submodules/telegram-ios/submodules/TelegramCore/Sources/SyncCore/SyncCore_TelegramMediaStory.swift (in target 'TelegramCore' from project 'TelegramCore')
    cd /Users/buddhirajgautam/Documents/Cherrygram-Mac/macOS-Swift
    builtin-SwiftPerFileCompile SyncCore_TelegramMediaStory.swift

SwiftCompile normal arm64 /Users/buddhirajgautam/Documents/Cherrygram-Mac/macOS-Swift/submodules/telegram-ios/submodules/TelegramCore/Sources/SyncCore/SyncCore_TelegramMediaTodo.swift (in target 'TelegramCore' from project 'TelegramCore')
    cd /Users/buddhirajgautam/Documents/Cherrygram-Mac/macOS-Swift
    builtin-SwiftPerFileCompile SyncCore_TelegramMediaTodo.swift

SwiftCompile normal arm64 /Users/buddhirajgautam/Documents/Cherrygram-Mac/macOS-Swift/submodules/telegram-ios/submodules/TelegramCore/Sources/SyncCore/SyncCore_TelegramMediaUnsupported.swift (in target 'TelegramCore' from project 'TelegramCore')
    cd /Users/buddhirajgautam/Documents/Cherrygram-Mac/macOS-Swift
    builtin-SwiftPerFileCompile SyncCore_TelegramMediaUnsupported.swift

SwiftDriverJobDiscovery normal arm64 Compiling ManagedPendingPeerNotificationSettings.swift, ManagedPremiumPromoConfigurationUpdates.swift, ManagedProxyInfoUpdates.swift, ManagedRecentStickers.swift, ManagedSecretChatOutgoingOperations.swift, ManagedServiceViews.swift, ManagedSynchronizeAppLogEventsOperations.swift, ManagedSynchronizeChatInputStateOperations.swift, ManagedSynchronizeConsumeMessageContentsOperations.swift, ManagedSynchronizeEmojiKeywordsOperations.swift, ManagedSynchronizeGroupMessageStats.swift, ManagedSynchronizeGroupedPeersOperations.swift, ManagedSynchronizeInstalledStickerPacksOperations.swift, ManagedSynchronizeMarkAllUnseenPersonalMessagesOperations.swift, ManagedSynchronizeMarkFeaturedStickerPacksAsSeenOperations.swift, ManagedSynchronizePeerReadStates.swift, ManagedSynchronizePeerStoriesOperations.swift, ManagedSynchronizePinnedChatsOperations.swift, ManagedSynchronizeRecentlyUsedMediaOperations.swift, ManagedSynchronizeSavedGifsOperations.swift, ManagedSynchronizeSavedStickersOperations.swift, ManagedSynchronizeViewStoriesOperations.swift, ManagedVoipConfigurationUpdates.swift, MessageMediaPreuploadManager.swift, MessageReactions.swift (in target 'TelegramCore' from project 'TelegramCore')

SwiftCompile normal arm64 Compiling\ UpdatedAccountPrivacySettings.swift,\ DeepLinkInfo.swift,\ TelegramEngineResolve.swift,\ CollectCacheUsageStats.swift,\ TelegramEngineResources.swift,\ AccessSecureId.swift,\ GrantSecureIdAccess.swift,\ RequestSecureIdForm.swift,\ SaveSecureIdValue.swift,\ SecureFileMediaResource.swift,\ SecureIdAddressValue.swift,\ SecureIdBankStatementValue.swift,\ SecureIdConfiguration.swift,\ SecureIdDataTypes.swift,\ SecureIdDriversLicenseValue.swift,\ SecureIdEmailValue.swift,\ SecureIdForm.swift,\ SecureIdIDCardValue.swift,\ SecureIdInternalPassportValue.swift,\ SecureIdPadding.swift,\ SecureIdPassportRegistrationValue.swift,\ SecureIdPassportValue.swift,\ SecureIdPersonalDetailsValue.swift,\ SecureIdPhoneValue.swift /Users/buddhirajgautam/Documents/Cherrygram-Mac/macOS-Swift/submodules/telegram-ios/submodules/TelegramCore/Sources/TelegramEngine/Privacy/UpdatedAccountPrivacySettings.swift /Users/buddhirajgautam/Documents/Cherrygram-Mac/macOS-Swift/submodules/telegram-ios/submodules/TelegramCore/Sources/TelegramEngine/Resolve/DeepLinkInfo.swift /Users/buddhirajgautam/Documents/Cherrygram-Mac/macOS-Swift/submodules/telegram-ios/submodules/TelegramCore/Sources/TelegramEngine/Resolve/TelegramEngineResolve.swift /Users/buddhirajgautam/Documents/Cherrygram-Mac/macOS-Swift/submodules/telegram-ios/submodules/TelegramCore/Sources/TelegramEngine/Resources/CollectCacheUsageStats.swift /Users/buddhirajgautam/Documents/Cherrygram-Mac/macOS-Swift/submodules/telegram-ios/submodules/TelegramCore/Sources/TelegramEngine/Resources/TelegramEngineResources.swift /Users/buddhirajgautam/Documents/Cherrygram-Mac/macOS-Swift/submodules/telegram-ios/submodules/TelegramCore/Sources/TelegramEngine/SecureId/AccessSecureId.swift /Users/buddhirajgautam/Documents/Cherrygram-Mac/macOS-Swift/submodules/telegram-ios/submodules/TelegramCore/Sources/TelegramEngine/SecureId/GrantSecureIdAccess.swift /Users/buddhirajgautam/Documents/Cherrygram-Mac/macOS-Swift/submodules/telegram-ios/submodules/TelegramCore/Sources/TelegramEngine/SecureId/RequestSecureIdForm.swift /Users/buddhirajgautam/Documents/Cherrygram-Mac/macOS-Swift/submodules/telegram-ios/submodules/TelegramCore/Sources/TelegramEngine/SecureId/SaveSecureIdValue.swift /Users/buddhirajgautam/Documents/Cherrygram-Mac/macOS-Swift/submodules/telegram-ios/submodules/TelegramCore/Sources/TelegramEngine/SecureId/SecureFileMediaResource.swift /Users/buddhirajgautam/Documents/Cherrygram-Mac/macOS-Swift/submodules/telegram-ios/submodules/TelegramCore/Sources/TelegramEngine/SecureId/SecureIdAddressValue.swift /Users/buddhirajgautam/Documents/Cherrygram-Mac/macOS-Swift/submodules/telegram-ios/submodules/TelegramCore/Sources/TelegramEngine/SecureId/SecureIdBankStatementValue.swift /Users/buddhirajgautam/Documents/Cherrygram-Mac/macOS-Swift/submodules/telegram-ios/submodules/TelegramCore/Sources/TelegramEngine/SecureId/SecureIdConfiguration.swift /Users/buddhirajgautam/Documents/Cherrygram-Mac/macOS-Swift/submodules/telegram-ios/submodules/TelegramCore/Sources/TelegramEngine/SecureId/SecureIdDataTypes.swift /Users/buddhirajgautam/Documents/Cherrygram-Mac/macOS-Swift/submodules/telegram-ios/submodules/TelegramCore/Sources/TelegramEngine/SecureId/SecureIdDriversLicenseValue.swift /Users/buddhirajgautam/Documents/Cherrygram-Mac/macOS-Swift/submodules/telegram-ios/submodules/TelegramCore/Sources/TelegramEngine/SecureId/SecureIdEmailValue.swift /Users/buddhirajgautam/Documents/Cherrygram-Mac/macOS-Swift/submodules/telegram-ios/submodules/TelegramCore/Sources/TelegramEngine/SecureId/SecureIdForm.swift /Users/buddhirajgautam/Documents/Cherrygram-Mac/macOS-Swift/submodules/telegram-ios/submodules/TelegramCore/Sources/TelegramEngine/SecureId/SecureIdIDCardValue.swift /Users/buddhirajgautam/Documents/Cherrygram-Mac/macOS-Swift/submodules/telegram-ios/submodules/TelegramCore/Sources/TelegramEngine/SecureId/SecureIdInternalPassportValue.swift /Users/buddhirajgautam/Documents/Cherrygram-Mac/macOS-Swift/submodules/telegram-ios/submodules/TelegramCore/Sources/TelegramEngine/SecureId/SecureIdPadding.swift /Users/buddhirajgautam/Documents/Cherrygram-Mac/macOS-Swift/submodules/telegram-ios/submodules/TelegramCore/Sources/TelegramEngine/SecureId/SecureIdPassportRegistrationValue.swift /Users/buddhirajgautam/Documents/Cherrygram-Mac/macOS-Swift/submodules/telegram-ios/submodules/TelegramCore/Sources/TelegramEngine/SecureId/SecureIdPassportValue.swift /Users/buddhirajgautam/Documents/Cherrygram-Mac/macOS-Swift/submodules/telegram-ios/submodules/TelegramCore/Sources/TelegramEngine/SecureId/SecureIdPersonalDetailsValue.swift /Users/buddhirajgautam/Documents/Cherrygram-Mac/macOS-Swift/submodules/telegram-ios/submodules/TelegramCore/Sources/TelegramEngine/SecureId/SecureIdPhoneValue.swift (in target 'TelegramCore' from project 'TelegramCore')

SwiftCompile normal arm64 /Users/buddhirajgautam/Documents/Cherrygram-Mac/macOS-Swift/submodules/telegram-ios/submodules/TelegramCore/Sources/TelegramEngine/Privacy/UpdatedAccountPrivacySettings.swift (in target 'TelegramCore' from project 'TelegramCore')
    cd /Users/buddhirajgautam/Documents/Cherrygram-Mac/macOS-Swift
    builtin-SwiftPerFileCompile UpdatedAccountPrivacySettings.swift

SwiftCompile normal arm64 /Users/buddhirajgautam/Documents/Cherrygram-Mac/macOS-Swift/submodules/telegram-ios/submodules/TelegramCore/Sources/TelegramEngine/Resolve/DeepLinkInfo.swift (in target 'TelegramCore' from project 'TelegramCore')
    cd /Users/buddhirajgautam/Documents/Cherrygram-Mac/macOS-Swift
    builtin-SwiftPerFileCompile DeepLinkInfo.swift

SwiftCompile normal arm64 /Users/buddhirajgautam/Documents/Cherrygram-Mac/macOS-Swift/submodules/telegram-ios/submodules/TelegramCore/Sources/TelegramEngine/Resolve/TelegramEngineResolve.swift (in target 'TelegramCore' from project 'TelegramCore')
    cd /Users/buddhirajgautam/Documents/Cherrygram-Mac/macOS-Swift
    builtin-SwiftPerFileCompile TelegramEngineResolve.swift

SwiftCompile normal arm64 /Users/buddhirajgautam/Documents/Cherrygram-Mac/macOS-Swift/submodules/telegram-ios/submodules/TelegramCore/Sources/TelegramEngine/Resources/CollectCacheUsageStats.swift (in target 'TelegramCore' from project 'TelegramCore')
    cd /Users/buddhirajgautam/Documents/Cherrygram-Mac/macOS-Swift
    builtin-SwiftPerFileCompile CollectCacheUsageStats.swift

SwiftCompile normal arm64 /Users/buddhirajgautam/Documents/Cherrygram-Mac/macOS-Swift/submodules/telegram-ios/submodules/TelegramCore/Sources/TelegramEngine/Resources/TelegramEngineResources.swift (in target 'TelegramCore' from project 'TelegramCore')
    cd /Users/buddhirajgautam/Documents/Cherrygram-Mac/macOS-Swift
    builtin-SwiftPerFileCompile TelegramEngineResources.swift

SwiftCompile normal arm64 /Users/buddhirajgautam/Documents/Cherrygram-Mac/macOS-Swift/submodules/telegram-ios/submodules/TelegramCore/Sources/TelegramEngine/SecureId/AccessSecureId.swift (in target 'TelegramCore' from project 'TelegramCore')
    cd /Users/buddhirajgautam/Documents/Cherrygram-Mac/macOS-Swift
    builtin-SwiftPerFileCompile AccessSecureId.swift

SwiftCompile normal arm64 /Users/buddhirajgautam/Documents/Cherrygram-Mac/macOS-Swift/submodules/telegram-ios/submodules/TelegramCore/Sources/TelegramEngine/SecureId/GrantSecureIdAccess.swift (in target 'TelegramCore' from project 'TelegramCore')
    cd /Users/buddhirajgautam/Documents/Cherrygram-Mac/macOS-Swift
    builtin-SwiftPerFileCompile GrantSecureIdAccess.swift

SwiftCompile normal arm64 /Users/buddhirajgautam/Documents/Cherrygram-Mac/macOS-Swift/submodules/telegram-ios/submodules/TelegramCore/Sources/TelegramEngine/SecureId/RequestSecureIdForm.swift (in target 'TelegramCore' from project 'TelegramCore')
    cd /Users/buddhirajgautam/Documents/Cherrygram-Mac/macOS-Swift
    builtin-SwiftPerFileCompile RequestSecureIdForm.swift

SwiftCompile normal arm64 /Users/buddhirajgautam/Documents/Cherrygram-Mac/macOS-Swift/submodules/telegram-ios/submodules/TelegramCore/Sources/TelegramEngine/SecureId/SaveSecureIdValue.swift (in target 'TelegramCore' from project 'TelegramCore')
    cd /Users/buddhirajgautam/Documents/Cherrygram-Mac/macOS-Swift
    builtin-SwiftPerFileCompile SaveSecureIdValue.swift

SwiftCompile normal arm64 /Users/buddhirajgautam/Documents/Cherrygram-Mac/macOS-Swift/submodules/telegram-ios/submodules/TelegramCore/Sources/TelegramEngine/SecureId/SecureFileMediaResource.swift (in target 'TelegramCore' from project 'TelegramCore')
    cd /Users/buddhirajgautam/Documents/Cherrygram-Mac/macOS-Swift
    builtin-SwiftPerFileCompile SecureFileMediaResource.swift

SwiftCompile normal arm64 /Users/buddhirajgautam/Documents/Cherrygram-Mac/macOS-Swift/submodules/telegram-ios/submodules/TelegramCore/Sources/TelegramEngine/SecureId/SecureIdAddressValue.swift (in target 'TelegramCore' from project 'TelegramCore')
    cd /Users/buddhirajgautam/Documents/Cherrygram-Mac/macOS-Swift
    builtin-SwiftPerFileCompile SecureIdAddressValue.swift

SwiftCompile normal arm64 /Users/buddhirajgautam/Documents/Cherrygram-Mac/macOS-Swift/submodules/telegram-ios/submodules/TelegramCore/Sources/TelegramEngine/SecureId/SecureIdBankStatementValue.swift (in target 'TelegramCore' from project 'TelegramCore')
    cd /Users/buddhirajgautam/Documents/Cherrygram-Mac/macOS-Swift
    builtin-SwiftPerFileCompile SecureIdBankStatementValue.swift

SwiftCompile normal arm64 /Users/buddhirajgautam/Documents/Cherrygram-Mac/macOS-Swift/submodules/telegram-ios/submodules/TelegramCore/Sources/TelegramEngine/SecureId/SecureIdConfiguration.swift (in target 'TelegramCore' from project 'TelegramCore')
    cd /Users/buddhirajgautam/Documents/Cherrygram-Mac/macOS-Swift
    builtin-SwiftPerFileCompile SecureIdConfiguration.swift

SwiftCompile normal arm64 /Users/buddhirajgautam/Documents/Cherrygram-Mac/macOS-Swift/submodules/telegram-ios/submodules/TelegramCore/Sources/TelegramEngine/SecureId/SecureIdDataTypes.swift (in target 'TelegramCore' from project 'TelegramCore')
    cd /Users/buddhirajgautam/Documents/Cherrygram-Mac/macOS-Swift
    builtin-SwiftPerFileCompile SecureIdDataTypes.swift

SwiftCompile normal arm64 /Users/buddhirajgautam/Documents/Cherrygram-Mac/macOS-Swift/submodules/telegram-ios/submodules/TelegramCore/Sources/TelegramEngine/SecureId/SecureIdDriversLicenseValue.swift (in target 'TelegramCore' from project 'TelegramCore')
    cd /Users/buddhirajgautam/Documents/Cherrygram-Mac/macOS-Swift
    builtin-SwiftPerFileCompile SecureIdDriversLicenseValue.swift

SwiftCompile normal arm64 /Users/buddhirajgautam/Documents/Cherrygram-Mac/macOS-Swift/submodules/telegram-ios/submodules/TelegramCore/Sources/TelegramEngine/SecureId/SecureIdEmailValue.swift (in target 'TelegramCore' from project 'TelegramCore')
    cd /Users/buddhirajgautam/Documents/Cherrygram-Mac/macOS-Swift
    builtin-SwiftPerFileCompile SecureIdEmailValue.swift

SwiftCompile normal arm64 /Users/buddhirajgautam/Documents/Cherrygram-Mac/macOS-Swift/submodules/telegram-ios/submodules/TelegramCore/Sources/TelegramEngine/SecureId/SecureIdForm.swift (in target 'TelegramCore' from project 'TelegramCore')
    cd /Users/buddhirajgautam/Documents/Cherrygram-Mac/macOS-Swift
    builtin-SwiftPerFileCompile SecureIdForm.swift

SwiftCompile normal arm64 /Users/buddhirajgautam/Documents/Cherrygram-Mac/macOS-Swift/submodules/telegram-ios/submodules/TelegramCore/Sources/TelegramEngine/SecureId/SecureIdIDCardValue.swift (in target 'TelegramCore' from project 'TelegramCore')
    cd /Users/buddhirajgautam/Documents/Cherrygram-Mac/macOS-Swift
    builtin-SwiftPerFileCompile SecureIdIDCardValue.swift

SwiftCompile normal arm64 /Users/buddhirajgautam/Documents/Cherrygram-Mac/macOS-Swift/submodules/telegram-ios/submodules/TelegramCore/Sources/TelegramEngine/SecureId/SecureIdInternalPassportValue.swift (in target 'TelegramCore' from project 'TelegramCore')
    cd /Users/buddhirajgautam/Documents/Cherrygram-Mac/macOS-Swift
    builtin-SwiftPerFileCompile SecureIdInternalPassportValue.swift

SwiftCompile normal arm64 /Users/buddhirajgautam/Documents/Cherrygram-Mac/macOS-Swift/submodules/telegram-ios/submodules/TelegramCore/Sources/TelegramEngine/SecureId/SecureIdPadding.swift (in target 'TelegramCore' from project 'TelegramCore')
    cd /Users/buddhirajgautam/Documents/Cherrygram-Mac/macOS-Swift
    builtin-SwiftPerFileCompile SecureIdPadding.swift

SwiftCompile normal arm64 /Users/buddhirajgautam/Documents/Cherrygram-Mac/macOS-Swift/submodules/telegram-ios/submodules/TelegramCore/Sources/TelegramEngine/SecureId/SecureIdPassportRegistrationValue.swift (in target 'TelegramCore' from project 'TelegramCore')
    cd /Users/buddhirajgautam/Documents/Cherrygram-Mac/macOS-Swift
    builtin-SwiftPerFileCompile SecureIdPassportRegistrationValue.swift

SwiftCompile normal arm64 /Users/buddhirajgautam/Documents/Cherrygram-Mac/macOS-Swift/submodules/telegram-ios/submodules/TelegramCore/Sources/TelegramEngine/SecureId/SecureIdPassportValue.swift (in target 'TelegramCore' from project 'TelegramCore')
    cd /Users/buddhirajgautam/Documents/Cherrygram-Mac/macOS-Swift
    builtin-SwiftPerFileCompile SecureIdPassportValue.swift

SwiftCompile normal arm64 /Users/buddhirajgautam/Documents/Cherrygram-Mac/macOS-Swift/submodules/telegram-ios/submodules/TelegramCore/Sources/TelegramEngine/SecureId/SecureIdPersonalDetailsValue.swift (in target 'TelegramCore' from project 'TelegramCore')
    cd /Users/buddhirajgautam/Documents/Cherrygram-Mac/macOS-Swift
    builtin-SwiftPerFileCompile SecureIdPersonalDetailsValue.swift

SwiftCompile normal arm64 /Users/buddhirajgautam/Documents/Cherrygram-Mac/macOS-Swift/submodules/telegram-ios/submodules/TelegramCore/Sources/TelegramEngine/SecureId/SecureIdPhoneValue.swift (in target 'TelegramCore' from project 'TelegramCore')
    cd /Users/buddhirajgautam/Documents/Cherrygram-Mac/macOS-Swift
    builtin-SwiftPerFileCompile SecureIdPhoneValue.swift

SwiftDriverJobDiscovery normal arm64 Compiling SyncCore_ConsumablePersonalMentionMessageAttribute.swift, SyncCore_ConsumePersonalMessageAction.swift, SyncCore_ContactsSettings.swift, SyncCore_ContentPrivacySettings.swift, SyncCore_ContentRequiresValidationMessageAttribute.swift, SyncCore_EditedMessageAttribute.swift, SyncCore_EffectMessageAttribute.swift, SyncCore_EmbeddedMediaStickersMessageAttribute.swift, SyncCore_EmojiKeywordCollectionInfo.swift, SyncCore_EmojiKeywordItem.swift, SyncCore_EmojiSearchQueryMessageAttribute.swift, SyncCore_ExportedInvitation.swift, SyncCore_FactCheckMessageAttribute.swift, SyncCore_FeaturedStickerPack.swift, SyncCore_FeaturedStickersConfiguration.swift, SyncCore_ForwardCountMessageAttribute.swift, SyncCore_ForwardHideSendersNamesMessageAttribute.swift, SyncCore_ForwardSourceInfoAttribute.swift, SyncCore_ForwardVideoTimestampAttribute.swift, SyncCore_GlobalNotificationSettings.swift, SyncCore_ImportableDeviceContactData.swift, SyncCore_InlineBotMessageAttribute.swift, SyncCore_InstantPage.swift, SyncCore_JSON.swift (in target 'TelegramCore' from project 'TelegramCore')

SwiftCompile normal arm64 Compiling\ AdPeers.swift,\ AddPeerMember.swift,\ AddressNames.swift,\ AntiSpam.swift,\ AutoTranslate.swift,\ Birthdays.swift,\ BotRecomendation.swift,\ ChangePeerNotificationSettings.swift,\ ChannelAdminEventLogContext.swift,\ ChannelAdminEventLogs.swift,\ ChannelAds.swift,\ ChannelBlacklist.swift,\ ChannelCreation.swift,\ ChannelHistoryAvailabilitySettings.swift,\ ChannelMembers.swift,\ ChannelOwnershipTransfer.swift,\ ChannelParticipants.swift,\ ChannelRecommendation.swift,\ ChannelSendRestriction.swift,\ ChatListFiltering.swift,\ ChatOnlineMembers.swift,\ CheckPeerChatServiceActions.swift,\ Communities.swift,\ ContactToken.swift /Users/buddhirajgautam/Documents/Cherrygram-Mac/macOS-Swift/submodules/telegram-ios/submodules/TelegramCore/Sources/TelegramEngine/Peers/AdPeers.swift /Users/buddhirajgautam/Documents/Cherrygram-Mac/macOS-Swift/submodules/telegram-ios/submodules/TelegramCore/Sources/TelegramEngine/Peers/AddPeerMember.swift /Users/buddhirajgautam/Documents/Cherrygram-Mac/macOS-Swift/submodules/telegram-ios/submodules/TelegramCore/Sources/TelegramEngine/Peers/AddressNames.swift /Users/buddhirajgautam/Documents/Cherrygram-Mac/macOS-Swift/submodules/telegram-ios/submodules/TelegramCore/Sources/TelegramEngine/Peers/AntiSpam.swift /Users/buddhirajgautam/Documents/Cherrygram-Mac/macOS-Swift/submodules/telegram-ios/submodules/TelegramCore/Sources/TelegramEngine/Peers/AutoTranslate.swift /Users/buddhirajgautam/Documents/Cherrygram-Mac/macOS-Swift/submodules/telegram-ios/submodules/TelegramCore/Sources/TelegramEngine/Peers/Birthdays.swift /Users/buddhirajgautam/Documents/Cherrygram-Mac/macOS-Swift/submodules/telegram-ios/submodules/TelegramCore/Sources/TelegramEngine/Peers/BotRecomendation.swift /Users/buddhirajgautam/Documents/Cherrygram-Mac/macOS-Swift/submodules/telegram-ios/submodules/TelegramCore/Sources/TelegramEngine/Peers/ChangePeerNotificationSettings.swift /Users/buddhirajgautam/Documents/Cherrygram-Mac/macOS-Swift/submodules/telegram-ios/submodules/TelegramCore/Sources/TelegramEngine/Peers/ChannelAdminEventLogContext.swift /Users/buddhirajgautam/Documents/Cherrygram-Mac/macOS-Swift/submodules/telegram-ios/submodules/TelegramCore/Sources/TelegramEngine/Peers/ChannelAdminEventLogs.swift /Users/buddhirajgautam/Documents/Cherrygram-Mac/macOS-Swift/submodules/telegram-ios/submodules/TelegramCore/Sources/TelegramEngine/Peers/ChannelAds.swift /Users/buddhirajgautam/Documents/Cherrygram-Mac/macOS-Swift/submodules/telegram-ios/submodules/TelegramCore/Sources/TelegramEngine/Peers/ChannelBlacklist.swift /Users/buddhirajgautam/Documents/Cherrygram-Mac/macOS-Swift/submodules/telegram-ios/submodules/TelegramCore/Sources/TelegramEngine/Peers/ChannelCreation.swift /Users/buddhirajgautam/Documents/Cherrygram-Mac/macOS-Swift/submodules/telegram-ios/submodules/TelegramCore/Sources/TelegramEngine/Peers/ChannelHistoryAvailabilitySettings.swift /Users/buddhirajgautam/Documents/Cherrygram-Mac/macOS-Swift/submodules/telegram-ios/submodules/TelegramCore/Sources/TelegramEngine/Peers/ChannelMembers.swift /Users/buddhirajgautam/Documents/Cherrygram-Mac/macOS-Swift/submodules/telegram-ios/submodules/TelegramCore/Sources/TelegramEngine/Peers/ChannelOwnershipTransfer.swift /Users/buddhirajgautam/Documents/Cherrygram-Mac/macOS-Swift/submodules/telegram-ios/submodules/TelegramCore/Sources/TelegramEngine/Peers/ChannelParticipants.swift /Users/buddhirajgautam/Documents/Cherrygram-Mac/macOS-Swift/submodules/telegram-ios/submodules/TelegramCore/Sources/TelegramEngine/Peers/ChannelRecommendation.swift /Users/buddhirajgautam/Documents/Cherrygram-Mac/macOS-Swift/submodules/telegram-ios/submodules/TelegramCore/Sources/TelegramEngine/Peers/ChannelSendRestriction.swift /Users/buddhirajgautam/Documents/Cherrygram-Mac/macOS-Swift/submodules/telegram-ios/submodules/TelegramCore/Sources/TelegramEngine/Peers/ChatListFiltering.swift /Users/buddhirajgautam/Documents/Cherrygram-Mac/macOS-Swift/submodules/telegram-ios/submodules/TelegramCore/Sources/TelegramEngine/Peers/ChatOnlineMembers.swift /Users/buddhirajgautam/Documents/Cherrygram-Mac/macOS-Swift/submodules/telegram-ios/submodules/TelegramCore/Sources/TelegramEngine/Peers/CheckPeerChatServiceActions.swift /Users/buddhirajgautam/Documents/Cherrygram-Mac/macOS-Swift/submodules/telegram-ios/submodules/TelegramCore/Sources/TelegramEngine/Peers/Communities.swift /Users/buddhirajgautam/Documents/Cherrygram-Mac/macOS-Swift/submodules/telegram-ios/submodules/TelegramCore/Sources/TelegramEngine/Peers/ContactToken.swift (in target 'TelegramCore' from project 'TelegramCore')

SwiftCompile normal arm64 /Users/buddhirajgautam/Documents/Cherrygram-Mac/macOS-Swift/submodules/telegram-ios/submodules/TelegramCore/Sources/TelegramEngine/Peers/AdPeers.swift (in target 'TelegramCore' from project 'TelegramCore')
    cd /Users/buddhirajgautam/Documents/Cherrygram-Mac/macOS-Swift
    builtin-SwiftPerFileCompile AdPeers.swift

SwiftCompile normal arm64 /Users/buddhirajgautam/Documents/Cherrygram-Mac/macOS-Swift/submodules/telegram-ios/submodules/TelegramCore/Sources/TelegramEngine/Peers/AddPeerMember.swift (in target 'TelegramCore' from project 'TelegramCore')
    cd /Users/buddhirajgautam/Documents/Cherrygram-Mac/macOS-Swift
    builtin-SwiftPerFileCompile AddPeerMember.swift

SwiftCompile normal arm64 /Users/buddhirajgautam/Documents/Cherrygram-Mac/macOS-Swift/submodules/telegram-ios/submodules/TelegramCore/Sources/TelegramEngine/Peers/AddressNames.swift (in target 'TelegramCore' from project 'TelegramCore')
    cd /Users/buddhirajgautam/Documents/Cherrygram-Mac/macOS-Swift
    builtin-SwiftPerFileCompile AddressNames.swift

SwiftCompile normal arm64 /Users/buddhirajgautam/Documents/Cherrygram-Mac/macOS-Swift/submodules/telegram-ios/submodules/TelegramCore/Sources/TelegramEngine/Peers/AntiSpam.swift (in target 'TelegramCore' from project 'TelegramCore')
    cd /Users/buddhirajgautam/Documents/Cherrygram-Mac/macOS-Swift
    builtin-SwiftPerFileCompile AntiSpam.swift

SwiftCompile normal arm64 /Users/buddhirajgautam/Documents/Cherrygram-Mac/macOS-Swift/submodules/telegram-ios/submodules/TelegramCore/Sources/TelegramEngine/Peers/AutoTranslate.swift (in target 'TelegramCore' from project 'TelegramCore')
    cd /Users/buddhirajgautam/Documents/Cherrygram-Mac/macOS-Swift
    builtin-SwiftPerFileCompile AutoTranslate.swift

SwiftCompile normal arm64 /Users/buddhirajgautam/Documents/Cherrygram-Mac/macOS-Swift/submodules/telegram-ios/submodules/TelegramCore/Sources/TelegramEngine/Peers/Birthdays.swift (in target 'TelegramCore' from project 'TelegramCore')
    cd /Users/buddhirajgautam/Documents/Cherrygram-Mac/macOS-Swift
    builtin-SwiftPerFileCompile Birthdays.swift

SwiftCompile normal arm64 /Users/buddhirajgautam/Documents/Cherrygram-Mac/macOS-Swift/submodules/telegram-ios/submodules/TelegramCore/Sources/TelegramEngine/Peers/BotRecomendation.swift (in target 'TelegramCore' from project 'TelegramCore')
    cd /Users/buddhirajgautam/Documents/Cherrygram-Mac/macOS-Swift
    builtin-SwiftPerFileCompile BotRecomendation.swift

SwiftCompile normal arm64 /Users/buddhirajgautam/Documents/Cherrygram-Mac/macOS-Swift/submodules/telegram-ios/submodules/TelegramCore/Sources/TelegramEngine/Peers/ChangePeerNotificationSettings.swift (in target 'TelegramCore' from project 'TelegramCore')
    cd /Users/buddhirajgautam/Documents/Cherrygram-Mac/macOS-Swift
    builtin-SwiftPerFileCompile ChangePeerNotificationSettings.swift

SwiftCompile normal arm64 /Users/buddhirajgautam/Documents/Cherrygram-Mac/macOS-Swift/submodules/telegram-ios/submodules/TelegramCore/Sources/TelegramEngine/Peers/ChannelAdminEventLogContext.swift (in target 'TelegramCore' from project 'TelegramCore')
    cd /Users/buddhirajgautam/Documents/Cherrygram-Mac/macOS-Swift
    builtin-SwiftPerFileCompile ChannelAdminEventLogContext.swift

SwiftCompile normal arm64 /Users/buddhirajgautam/Documents/Cherrygram-Mac/macOS-Swift/submodules/telegram-ios/submodules/TelegramCore/Sources/TelegramEngine/Peers/ChannelAdminEventLogs.swift (in target 'TelegramCore' from project 'TelegramCore')
    cd /Users/buddhirajgautam/Documents/Cherrygram-Mac/macOS-Swift
    builtin-SwiftPerFileCompile ChannelAdminEventLogs.swift

SwiftCompile normal arm64 /Users/buddhirajgautam/Documents/Cherrygram-Mac/macOS-Swift/submodules/telegram-ios/submodules/TelegramCore/Sources/TelegramEngine/Peers/ChannelAds.swift (in target 'TelegramCore' from project 'TelegramCore')
    cd /Users/buddhirajgautam/Documents/Cherrygram-Mac/macOS-Swift
    builtin-SwiftPerFileCompile ChannelAds.swift

SwiftCompile normal arm64 /Users/buddhirajgautam/Documents/Cherrygram-Mac/macOS-Swift/submodules/telegram-ios/submodules/TelegramCore/Sources/TelegramEngine/Peers/ChannelBlacklist.swift (in target 'TelegramCore' from project 'TelegramCore')
    cd /Users/buddhirajgautam/Documents/Cherrygram-Mac/macOS-Swift
    builtin-SwiftPerFileCompile ChannelBlacklist.swift

SwiftCompile normal arm64 /Users/buddhirajgautam/Documents/Cherrygram-Mac/macOS-Swift/submodules/telegram-ios/submodules/TelegramCore/Sources/TelegramEngine/Peers/ChannelCreation.swift (in target 'TelegramCore' from project 'TelegramCore')
    cd /Users/buddhirajgautam/Documents/Cherrygram-Mac/macOS-Swift
    builtin-SwiftPerFileCompile ChannelCreation.swift

SwiftCompile normal arm64 /Users/buddhirajgautam/Documents/Cherrygram-Mac/macOS-Swift/submodules/telegram-ios/submodules/TelegramCore/Sources/TelegramEngine/Peers/ChannelHistoryAvailabilitySettings.swift (in target 'TelegramCore' from project 'TelegramCore')
    cd /Users/buddhirajgautam/Documents/Cherrygram-Mac/macOS-Swift
    builtin-SwiftPerFileCompile ChannelHistoryAvailabilitySettings.swift

SwiftCompile normal arm64 /Users/buddhirajgautam/Documents/Cherrygram-Mac/macOS-Swift/submodules/telegram-ios/submodules/TelegramCore/Sources/TelegramEngine/Peers/ChannelMembers.swift (in target 'TelegramCore' from project 'TelegramCore')
    cd /Users/buddhirajgautam/Documents/Cherrygram-Mac/macOS-Swift
    builtin-SwiftPerFileCompile ChannelMembers.swift

SwiftCompile normal arm64 /Users/buddhirajgautam/Documents/Cherrygram-Mac/macOS-Swift/submodules/telegram-ios/submodules/TelegramCore/Sources/TelegramEngine/Peers/ChannelOwnershipTransfer.swift (in target 'TelegramCore' from project 'TelegramCore')
    cd /Users/buddhirajgautam/Documents/Cherrygram-Mac/macOS-Swift
    builtin-SwiftPerFileCompile ChannelOwnershipTransfer.swift

SwiftCompile normal arm64 /Users/buddhirajgautam/Documents/Cherrygram-Mac/macOS-Swift/submodules/telegram-ios/submodules/TelegramCore/Sources/TelegramEngine/Peers/ChannelParticipants.swift (in target 'TelegramCore' from project 'TelegramCore')
    cd /Users/buddhirajgautam/Documents/Cherrygram-Mac/macOS-Swift
    builtin-SwiftPerFileCompile ChannelParticipants.swift

SwiftCompile normal arm64 /Users/buddhirajgautam/Documents/Cherrygram-Mac/macOS-Swift/submodules/telegram-ios/submodules/TelegramCore/Sources/TelegramEngine/Peers/ChannelRecommendation.swift (in target 'TelegramCore' from project 'TelegramCore')
    cd /Users/buddhirajgautam/Documents/Cherrygram-Mac/macOS-Swift
    builtin-SwiftPerFileCompile ChannelRecommendation.swift

SwiftCompile normal arm64 /Users/buddhirajgautam/Documents/Cherrygram-Mac/macOS-Swift/submodules/telegram-ios/submodules/TelegramCore/Sources/TelegramEngine/Peers/ChannelSendRestriction.swift (in target 'TelegramCore' from project 'TelegramCore')
    cd /Users/buddhirajgautam/Documents/Cherrygram-Mac/macOS-Swift
    builtin-SwiftPerFileCompile ChannelSendRestriction.swift

SwiftCompile normal arm64 /Users/buddhirajgautam/Documents/Cherrygram-Mac/macOS-Swift/submodules/telegram-ios/submodules/TelegramCore/Sources/TelegramEngine/Peers/ChatListFiltering.swift (in target 'TelegramCore' from project 'TelegramCore')
    cd /Users/buddhirajgautam/Documents/Cherrygram-Mac/macOS-Swift
    builtin-SwiftPerFileCompile ChatListFiltering.swift

SwiftCompile normal arm64 /Users/buddhirajgautam/Documents/Cherrygram-Mac/macOS-Swift/submodules/telegram-ios/submodules/TelegramCore/Sources/TelegramEngine/Peers/ChatOnlineMembers.swift (in target 'TelegramCore' from project 'TelegramCore')
    cd /Users/buddhirajgautam/Documents/Cherrygram-Mac/macOS-Swift
    builtin-SwiftPerFileCompile ChatOnlineMembers.swift

SwiftCompile normal arm64 /Users/buddhirajgautam/Documents/Cherrygram-Mac/macOS-Swift/submodules/telegram-ios/submodules/TelegramCore/Sources/TelegramEngine/Peers/CheckPeerChatServiceActions.swift (in target 'TelegramCore' from project 'TelegramCore')
    cd /Users/buddhirajgautam/Documents/Cherrygram-Mac/macOS-Swift
    builtin-SwiftPerFileCompile CheckPeerChatServiceActions.swift

SwiftCompile normal arm64 /Users/buddhirajgautam/Documents/Cherrygram-Mac/macOS-Swift/submodules/telegram-ios/submodules/TelegramCore/Sources/TelegramEngine/Peers/Communities.swift (in target 'TelegramCore' from project 'TelegramCore')
    cd /Users/buddhirajgautam/Documents/Cherrygram-Mac/macOS-Swift
    builtin-SwiftPerFileCompile Communities.swift

SwiftCompile normal arm64 /Users/buddhirajgautam/Documents/Cherrygram-Mac/macOS-Swift/submodules/telegram-ios/submodules/TelegramCore/Sources/TelegramEngine/Peers/ContactToken.swift (in target 'TelegramCore' from project 'TelegramCore')
    cd /Users/buddhirajgautam/Documents/Cherrygram-Mac/macOS-Swift
    builtin-SwiftPerFileCompile ContactToken.swift

SwiftDriverJobDiscovery normal arm64 Compiling PeerContactSettings.swift, PrivacySettings.swift, ProxySettings.swift, ReactionSettings.swift, VoipConfiguration.swift, SplitTest.swift, AccountState.swift, AccountStateManagementUtils.swift, AccountStateManager.swift, AccountTaskManager.swift, AccountViewTracker.swift, AppChangelog.swift, AppChangelogState.swift, AppConfiguration.swift, AppUpdate.swift, ApplyUpdateMessage.swift, AvailableMessageEffects.swift, AvailableReactions.swift, CachedSentMediaReferences.swift, CallSessionManager.swift, ChannelBoost.swift, ChannelState.swift, ChatHistoryPreloadManager.swift, CloudChatRemoveMessagesOperation.swift, ConferenceCallE2EContext.swift (in target 'TelegramCore' from project 'TelegramCore')

SwiftCompile normal arm64 Compiling\ SyncCore_AuthorizedAccountState.swift,\ SyncCore_AutodownloadSettings.swift,\ SyncCore_AutoremoveTimeoutMessageAttribute.swift,\ SyncCore_BoostCountMessageAttribute.swift,\ SyncCore_BotInfo.swift,\ SyncCore_CacheStorageSettings.swift,\ SyncCore_CachedChannelData.swift,\ SyncCore_CachedGroupData.swift,\ SyncCore_CachedGroupParticipants.swift,\ SyncCore_CachedLocalizationInfos.swift,\ SyncCore_CachedRecentPeers.swift,\ SyncCore_CachedResolvedByNamePeer.swift,\ SyncCore_CachedResolvedByPhonePeer.swift,\ SyncCore_CachedSecureIdConfiguration.swift,\ SyncCore_CachedStickerPack.swift,\ SyncCore_CachedStickerQueryResult.swift,\ SyncCore_CachedThemesConfiguration.swift,\ SyncCore_CachedUserData.swift,\ SyncCore_CachedWallpapersConfiguration.swift,\ SyncCore_ChannelMessageStateVersionAttribute.swift,\ SyncCore_ChannelState.swift,\ SyncCore_CloudChatRemoveMessagesOperation.swift,\ SyncCore_CloudFileMediaResource.swift,\ SyncCore_ConsumableContentMessageAttribute.swift /Users/buddhirajgautam/Documents/Cherrygram-Mac/macOS-Swift/submodules/telegram-ios/submodules/TelegramCore/Sources/SyncCore/SyncCore_AuthorizedAccountState.swift /Users/buddhirajgautam/Documents/Cherrygram-Mac/macOS-Swift/submodules/telegram-ios/submodules/TelegramCore/Sources/SyncCore/SyncCore_AutodownloadSettings.swift /Users/buddhirajgautam/Documents/Cherrygram-Mac/macOS-Swift/submodules/telegram-ios/submodules/TelegramCore/Sources/SyncCore/SyncCore_AutoremoveTimeoutMessageAttribute.swift /Users/buddhirajgautam/Documents/Cherrygram-Mac/macOS-Swift/submodules/telegram-ios/submodules/TelegramCore/Sources/SyncCore/SyncCore_BoostCountMessageAttribute.swift /Users/buddhirajgautam/Documents/Cherrygram-Mac/macOS-Swift/submodules/telegram-ios/submodules/TelegramCore/Sources/SyncCore/SyncCore_BotInfo.swift /Users/buddhirajgautam/Documents/Cherrygram-Mac/macOS-Swift/submodules/telegram-ios/submodules/TelegramCore/Sources/SyncCore/SyncCore_CacheStorageSettings.swift /Users/buddhirajgautam/Documents/Cherrygram-Mac/macOS-Swift/submodules/telegram-ios/submodules/TelegramCore/Sources/SyncCore/SyncCore_CachedChannelData.swift /Users/buddhirajgautam/Documents/Cherrygram-Mac/macOS-Swift/submodules/telegram-ios/submodules/TelegramCore/Sources/SyncCore/SyncCore_CachedGroupData.swift /Users/buddhirajgautam/Documents/Cherrygram-Mac/macOS-Swift/submodules/telegram-ios/submodules/TelegramCore/Sources/SyncCore/SyncCore_CachedGroupParticipants.swift /Users/buddhirajgautam/Documents/Cherrygram-Mac/macOS-Swift/submodules/telegram-ios/submodules/TelegramCore/Sources/SyncCore/SyncCore_CachedLocalizationInfos.swift /Users/buddhirajgautam/Documents/Cherrygram-Mac/macOS-Swift/submodules/telegram-ios/submodules/TelegramCore/Sources/SyncCore/SyncCore_CachedRecentPeers.swift /Users/buddhirajgautam/Documents/Cherrygram-Mac/macOS-Swift/submodules/telegram-ios/submodules/TelegramCore/Sources/SyncCore/SyncCore_CachedResolvedByNamePeer.swift /Users/buddhirajgautam/Documents/Cherrygram-Mac/macOS-Swift/submodules/telegram-ios/submodules/TelegramCore/Sources/SyncCore/SyncCore_CachedResolvedByPhonePeer.swift /Users/buddhirajgautam/Documents/Cherrygram-Mac/macOS-Swift/submodules/telegram-ios/submodules/TelegramCore/Sources/SyncCore/SyncCore_CachedSecureIdConfiguration.swift /Users/buddhirajgautam/Documents/Cherrygram-Mac/macOS-Swift/submodules/telegram-ios/submodules/TelegramCore/Sources/SyncCore/SyncCore_CachedStickerPack.swift /Users/buddhirajgautam/Documents/Cherrygram-Mac/macOS-Swift/submodules/telegram-ios/submodules/TelegramCore/Sources/SyncCore/SyncCore_CachedStickerQueryResult.swift /Users/buddhirajgautam/Documents/Cherrygram-Mac/macOS-Swift/submodules/telegram-ios/submodules/TelegramCore/Sources/SyncCore/SyncCore_CachedThemesConfiguration.swift /Users/buddhirajgautam/Documents/Cherrygram-Mac/macOS-Swift/submodules/telegram-ios/submodules/TelegramCore/Sources/SyncCore/SyncCore_CachedUserData.swift /Users/buddhirajgautam/Documents/Cherrygram-Mac/macOS-Swift/submodules/telegram-ios/submodules/TelegramCore/Sources/SyncCore/SyncCore_CachedWallpapersConfiguration.swift /Users/buddhirajgautam/Documents/Cherrygram-Mac/macOS-Swift/submodules/telegram-ios/submodules/TelegramCore/Sources/SyncCore/SyncCore_ChannelMessageStateVersionAttribute.swift /Users/buddhirajgautam/Documents/Cherrygram-Mac/macOS-Swift/submodules/telegram-ios/submodules/TelegramCore/Sources/SyncCore/SyncCore_ChannelState.swift /Users/buddhirajgautam/Documents/Cherrygram-Mac/macOS-Swift/submodules/telegram-ios/submodules/TelegramCore/Sources/SyncCore/SyncCore_CloudChatRemoveMessagesOperation.swift /Users/buddhirajgautam/Documents/Cherrygram-Mac/macOS-Swift/submodules/telegram-ios/submodules/TelegramCore/Sources/SyncCore/SyncCore_CloudFileMediaResource.swift /Users/buddhirajgautam/Documents/Cherrygram-Mac/macOS-Swift/submodules/telegram-ios/submodules/TelegramCore/Sources/SyncCore/SyncCore_ConsumableContentMessageAttribute.swift (in target 'TelegramCore' from project 'TelegramCore')

SwiftCompile normal arm64 /Users/buddhirajgautam/Documents/Cherrygram-Mac/macOS-Swift/submodules/telegram-ios/submodules/TelegramCore/Sources/SyncCore/SyncCore_AuthorizedAccountState.swift (in target 'TelegramCore' from project 'TelegramCore')
    cd /Users/buddhirajgautam/Documents/Cherrygram-Mac/macOS-Swift
    builtin-SwiftPerFileCompile SyncCore_AuthorizedAccountState.swift

SwiftCompile normal arm64 /Users/buddhirajgautam/Documents/Cherrygram-Mac/macOS-Swift/submodules/telegram-ios/submodules/TelegramCore/Sources/SyncCore/SyncCore_AutodownloadSettings.swift (in target 'TelegramCore' from project 'TelegramCore')
    cd /Users/buddhirajgautam/Documents/Cherrygram-Mac/macOS-Swift
    builtin-SwiftPerFileCompile SyncCore_AutodownloadSettings.swift

SwiftCompile normal arm64 /Users/buddhirajgautam/Documents/Cherrygram-Mac/macOS-Swift/submodules/telegram-ios/submodules/TelegramCore/Sources/SyncCore/SyncCore_AutoremoveTimeoutMessageAttribute.swift (in target 'TelegramCore' from project 'TelegramCore')
    cd /Users/buddhirajgautam/Documents/Cherrygram-Mac/macOS-Swift
    builtin-SwiftPerFileCompile SyncCore_AutoremoveTimeoutMessageAttribute.swift

SwiftCompile normal arm64 /Users/buddhirajgautam/Documents/Cherrygram-Mac/macOS-Swift/submodules/telegram-ios/submodules/TelegramCore/Sources/SyncCore/SyncCore_BoostCountMessageAttribute.swift (in target 'TelegramCore' from project 'TelegramCore')
    cd /Users/buddhirajgautam/Documents/Cherrygram-Mac/macOS-Swift
    builtin-SwiftPerFileCompile SyncCore_BoostCountMessageAttribute.swift

SwiftCompile normal arm64 /Users/buddhirajgautam/Documents/Cherrygram-Mac/macOS-Swift/submodules/telegram-ios/submodules/TelegramCore/Sources/SyncCore/SyncCore_BotInfo.swift (in target 'TelegramCore' from project 'TelegramCore')
    cd /Users/buddhirajgautam/Documents/Cherrygram-Mac/macOS-Swift
    builtin-SwiftPerFileCompile SyncCore_BotInfo.swift

SwiftCompile normal arm64 /Users/buddhirajgautam/Documents/Cherrygram-Mac/macOS-Swift/submodules/telegram-ios/submodules/TelegramCore/Sources/SyncCore/SyncCore_CacheStorageSettings.swift (in target 'TelegramCore' from project 'TelegramCore')
    cd /Users/buddhirajgautam/Documents/Cherrygram-Mac/macOS-Swift
    builtin-SwiftPerFileCompile SyncCore_CacheStorageSettings.swift

SwiftCompile normal arm64 /Users/buddhirajgautam/Documents/Cherrygram-Mac/macOS-Swift/submodules/telegram-ios/submodules/TelegramCore/Sources/SyncCore/SyncCore_CachedChannelData.swift (in target 'TelegramCore' from project 'TelegramCore')
    cd /Users/buddhirajgautam/Documents/Cherrygram-Mac/macOS-Swift
    builtin-SwiftPerFileCompile SyncCore_CachedChannelData.swift

SwiftCompile normal arm64 /Users/buddhirajgautam/Documents/Cherrygram-Mac/macOS-Swift/submodules/telegram-ios/submodules/TelegramCore/Sources/SyncCore/SyncCore_CachedGroupData.swift (in target 'TelegramCore' from project 'TelegramCore')
    cd /Users/buddhirajgautam/Documents/Cherrygram-Mac/macOS-Swift
    builtin-SwiftPerFileCompile SyncCore_CachedGroupData.swift

SwiftCompile normal arm64 /Users/buddhirajgautam/Documents/Cherrygram-Mac/macOS-Swift/submodules/telegram-ios/submodules/TelegramCore/Sources/SyncCore/SyncCore_CachedGroupParticipants.swift (in target 'TelegramCore' from project 'TelegramCore')
    cd /Users/buddhirajgautam/Documents/Cherrygram-Mac/macOS-Swift
    builtin-SwiftPerFileCompile SyncCore_CachedGroupParticipants.swift

SwiftCompile normal arm64 /Users/buddhirajgautam/Documents/Cherrygram-Mac/macOS-Swift/submodules/telegram-ios/submodules/TelegramCore/Sources/SyncCore/SyncCore_CachedLocalizationInfos.swift (in target 'TelegramCore' from project 'TelegramCore')
    cd /Users/buddhirajgautam/Documents/Cherrygram-Mac/macOS-Swift
    builtin-SwiftPerFileCompile SyncCore_CachedLocalizationInfos.swift

SwiftCompile normal arm64 /Users/buddhirajgautam/Documents/Cherrygram-Mac/macOS-Swift/submodules/telegram-ios/submodules/TelegramCore/Sources/SyncCore/SyncCore_CachedRecentPeers.swift (in target 'TelegramCore' from project 'TelegramCore')
    cd /Users/buddhirajgautam/Documents/Cherrygram-Mac/macOS-Swift
    builtin-SwiftPerFileCompile SyncCore_CachedRecentPeers.swift

SwiftCompile normal arm64 /Users/buddhirajgautam/Documents/Cherrygram-Mac/macOS-Swift/submodules/telegram-ios/submodules/TelegramCore/Sources/SyncCore/SyncCore_CachedResolvedByNamePeer.swift (in target 'TelegramCore' from project 'TelegramCore')
    cd /Users/buddhirajgautam/Documents/Cherrygram-Mac/macOS-Swift
    builtin-SwiftPerFileCompile SyncCore_CachedResolvedByNamePeer.swift

SwiftCompile normal arm64 /Users/buddhirajgautam/Documents/Cherrygram-Mac/macOS-Swift/submodules/telegram-ios/submodules/TelegramCore/Sources/SyncCore/SyncCore_CachedResolvedByPhonePeer.swift (in target 'TelegramCore' from project 'TelegramCore')
    cd /Users/buddhirajgautam/Documents/Cherrygram-Mac/macOS-Swift
    builtin-SwiftPerFileCompile SyncCore_CachedResolvedByPhonePeer.swift

SwiftCompile normal arm64 /Users/buddhirajgautam/Documents/Cherrygram-Mac/macOS-Swift/submodules/telegram-ios/submodules/TelegramCore/Sources/SyncCore/SyncCore_CachedSecureIdConfiguration.swift (in target 'TelegramCore' from project 'TelegramCore')
    cd /Users/buddhirajgautam/Documents/Cherrygram-Mac/macOS-Swift
    builtin-SwiftPerFileCompile SyncCore_CachedSecureIdConfiguration.swift

SwiftCompile normal arm64 /Users/buddhirajgautam/Documents/Cherrygram-Mac/macOS-Swift/submodules/telegram-ios/submodules/TelegramCore/Sources/SyncCore/SyncCore_CachedStickerPack.swift (in target 'TelegramCore' from project 'TelegramCore')
    cd /Users/buddhirajgautam/Documents/Cherrygram-Mac/macOS-Swift
    builtin-SwiftPerFileCompile SyncCore_CachedStickerPack.swift

SwiftCompile normal arm64 /Users/buddhirajgautam/Documents/Cherrygram-Mac/macOS-Swift/submodules/telegram-ios/submodules/TelegramCore/Sources/SyncCore/SyncCore_CachedStickerQueryResult.swift (in target 'TelegramCore' from project 'TelegramCore')
    cd /Users/buddhirajgautam/Documents/Cherrygram-Mac/macOS-Swift
    builtin-SwiftPerFileCompile SyncCore_CachedStickerQueryResult.swift

SwiftCompile normal arm64 /Users/buddhirajgautam/Documents/Cherrygram-Mac/macOS-Swift/submodules/telegram-ios/submodules/TelegramCore/Sources/SyncCore/SyncCore_CachedThemesConfiguration.swift (in target 'TelegramCore' from project 'TelegramCore')
    cd /Users/buddhirajgautam/Documents/Cherrygram-Mac/macOS-Swift
    builtin-SwiftPerFileCompile SyncCore_CachedThemesConfiguration.swift

SwiftCompile normal arm64 /Users/buddhirajgautam/Documents/Cherrygram-Mac/macOS-Swift/submodules/telegram-ios/submodules/TelegramCore/Sources/SyncCore/SyncCore_CachedUserData.swift (in target 'TelegramCore' from project 'TelegramCore')
    cd /Users/buddhirajgautam/Documents/Cherrygram-Mac/macOS-Swift
    builtin-SwiftPerFileCompile SyncCore_CachedUserData.swift

SwiftCompile normal arm64 /Users/buddhirajgautam/Documents/Cherrygram-Mac/macOS-Swift/submodules/telegram-ios/submodules/TelegramCore/Sources/SyncCore/SyncCore_CachedWallpapersConfiguration.swift (in target 'TelegramCore' from project 'TelegramCore')
    cd /Users/buddhirajgautam/Documents/Cherrygram-Mac/macOS-Swift
    builtin-SwiftPerFileCompile SyncCore_CachedWallpapersConfiguration.swift

SwiftCompile normal arm64 /Users/buddhirajgautam/Documents/Cherrygram-Mac/macOS-Swift/submodules/telegram-ios/submodules/TelegramCore/Sources/SyncCore/SyncCore_ChannelMessageStateVersionAttribute.swift (in target 'TelegramCore' from project 'TelegramCore')
    cd /Users/buddhirajgautam/Documents/Cherrygram-Mac/macOS-Swift
    builtin-SwiftPerFileCompile SyncCore_ChannelMessageStateVersionAttribute.swift

SwiftCompile normal arm64 /Users/buddhirajgautam/Documents/Cherrygram-Mac/macOS-Swift/submodules/telegram-ios/submodules/TelegramCore/Sources/SyncCore/SyncCore_ChannelState.swift (in target 'TelegramCore' from project 'TelegramCore')
    cd /Users/buddhirajgautam/Documents/Cherrygram-Mac/macOS-Swift
    builtin-SwiftPerFileCompile SyncCore_ChannelState.swift

SwiftCompile normal arm64 /Users/buddhirajgautam/Documents/Cherrygram-Mac/macOS-Swift/submodules/telegram-ios/submodules/TelegramCore/Sources/SyncCore/SyncCore_CloudChatRemoveMessagesOperation.swift (in target 'TelegramCore' from project 'TelegramCore')
    cd /Users/buddhirajgautam/Documents/Cherrygram-Mac/macOS-Swift
    builtin-SwiftPerFileCompile SyncCore_CloudChatRemoveMessagesOperation.swift

SwiftCompile normal arm64 /Users/buddhirajgautam/Documents/Cherrygram-Mac/macOS-Swift/submodules/telegram-ios/submodules/TelegramCore/Sources/SyncCore/SyncCore_CloudFileMediaResource.swift (in target 'TelegramCore' from project 'TelegramCore')
    cd /Users/buddhirajgautam/Documents/Cherrygram-Mac/macOS-Swift
    builtin-SwiftPerFileCompile SyncCore_CloudFileMediaResource.swift

SwiftCompile normal arm64 /Users/buddhirajgautam/Documents/Cherrygram-Mac/macOS-Swift/submodules/telegram-ios/submodules/TelegramCore/Sources/SyncCore/SyncCore_ConsumableContentMessageAttribute.swift (in target 'TelegramCore' from project 'TelegramCore')
    cd /Users/buddhirajgautam/Documents/Cherrygram-Mac/macOS-Swift
    builtin-SwiftPerFileCompile SyncCore_ConsumableContentMessageAttribute.swift

SwiftDriverJobDiscovery normal arm64 Compiling TelegramEngineThemes.swift, StringCodingKey.swift, TempBox.swift, Themes.swift, UpdatePeers.swift, AutomaticCacheEviction.swift, CanSendMessagesToPeer.swift, Coding.swift, DecryptedResourceData.swift, FlatBuffersUtils.swift, ImageRepresentationsUtils.swift, JSON.swift, Log.swift, MD5.swift, MediaResourceNetworkStatsTag.swift, MemoryBufferExtensions.swift, MessageUtils.swift, PeerUtils.swift, StoredMessageFromSearchPeer.swift, StringFormat.swift, TelegramMedia_FlatBuffers.swift, UpdateMessageMedia.swift, Wallpapers.swift, WebpagePreview.swift (in target 'TelegramCore' from project 'TelegramCore')

SwiftDriverJobDiscovery normal arm64 Compiling UpdatedAccountPrivacySettings.swift, DeepLinkInfo.swift, TelegramEngineResolve.swift, CollectCacheUsageStats.swift, TelegramEngineResources.swift, AccessSecureId.swift, GrantSecureIdAccess.swift, RequestSecureIdForm.swift, SaveSecureIdValue.swift, SecureFileMediaResource.swift, SecureIdAddressValue.swift, SecureIdBankStatementValue.swift, SecureIdConfiguration.swift, SecureIdDataTypes.swift, SecureIdDriversLicenseValue.swift, SecureIdEmailValue.swift, SecureIdForm.swift, SecureIdIDCardValue.swift, SecureIdInternalPassportValue.swift, SecureIdPadding.swift, SecureIdPassportRegistrationValue.swift, SecureIdPassportValue.swift, SecureIdPersonalDetailsValue.swift, SecureIdPhoneValue.swift (in target 'TelegramCore' from project 'TelegramCore')

SwiftCompile normal arm64 Compiling\ MergeLists.swift,\ Modal.swift,\ ModalTouchBar.swift,\ NavigationBarView.swift,\ NavigationModalAction.swift,\ NavigationModalView.swift,\ NavigationViewController.swift,\ NinePathImage.swift,\ Node.swift,\ OverlayControl.swift,\ PieChart.swift,\ PollTimerView.swift,\ Popover.swift,\ PortalView.swift,\ PresentationResourceCache.swift,\ PresentationTheme.swift /Users/buddhirajgautam/Documents/Cherrygram-Mac/macOS-Swift/packages/TGUIKit/Sources/MergeLists.swift /Users/buddhirajgautam/Documents/Cherrygram-Mac/macOS-Swift/packages/TGUIKit/Sources/Modal.swift /Users/buddhirajgautam/Documents/Cherrygram-Mac/macOS-Swift/packages/TGUIKit/Sources/ModalTouchBar.swift /Users/buddhirajgautam/Documents/Cherrygram-Mac/macOS-Swift/packages/TGUIKit/Sources/NavigationBarView.swift /Users/buddhirajgautam/Documents/Cherrygram-Mac/macOS-Swift/packages/TGUIKit/Sources/NavigationModalAction.swift /Users/buddhirajgautam/Documents/Cherrygram-Mac/macOS-Swift/packages/TGUIKit/Sources/NavigationModalView.swift /Users/buddhirajgautam/Documents/Cherrygram-Mac/macOS-Swift/packages/TGUIKit/Sources/NavigationViewController.swift /Users/buddhirajgautam/Documents/Cherrygram-Mac/macOS-Swift/packages/TGUIKit/Sources/NinePathImage.swift /Users/buddhirajgautam/Documents/Cherrygram-Mac/macOS-Swift/packages/TGUIKit/Sources/Node.swift /Users/buddhirajgautam/Documents/Cherrygram-Mac/macOS-Swift/packages/TGUIKit/Sources/OverlayControl.swift /Users/buddhirajgautam/Documents/Cherrygram-Mac/macOS-Swift/packages/TGUIKit/Sources/PieChart.swift /Users/buddhirajgautam/Documents/Cherrygram-Mac/macOS-Swift/packages/TGUIKit/Sources/PollTimerView.swift /Users/buddhirajgautam/Documents/Cherrygram-Mac/macOS-Swift/packages/TGUIKit/Sources/Popover.swift /Users/buddhirajgautam/Documents/Cherrygram-Mac/macOS-Swift/packages/TGUIKit/Sources/PortalView.swift /Users/buddhirajgautam/Documents/Cherrygram-Mac/macOS-Swift/packages/TGUIKit/Sources/PresentationResourceCache.swift /Users/buddhirajgautam/Documents/Cherrygram-Mac/macOS-Swift/packages/TGUIKit/Sources/PresentationTheme.swift (in target 'TGUIKit' from project 'TGUIKit')

SwiftCompile normal arm64 /Users/buddhirajgautam/Documents/Cherrygram-Mac/macOS-Swift/packages/TGUIKit/Sources/MergeLists.swift (in target 'TGUIKit' from project 'TGUIKit')
    cd /Users/buddhirajgautam/Documents/Cherrygram-Mac/macOS-Swift
    builtin-SwiftPerFileCompile MergeLists.swift

SwiftCompile normal arm64 /Users/buddhirajgautam/Documents/Cherrygram-Mac/macOS-Swift/packages/TGUIKit/Sources/Modal.swift (in target 'TGUIKit' from project 'TGUIKit')
    cd /Users/buddhirajgautam/Documents/Cherrygram-Mac/macOS-Swift
    builtin-SwiftPerFileCompile Modal.swift

SwiftCompile normal arm64 /Users/buddhirajgautam/Documents/Cherrygram-Mac/macOS-Swift/packages/TGUIKit/Sources/ModalTouchBar.swift (in target 'TGUIKit' from project 'TGUIKit')
    cd /Users/buddhirajgautam/Documents/Cherrygram-Mac/macOS-Swift
    builtin-SwiftPerFileCompile ModalTouchBar.swift

SwiftCompile normal arm64 /Users/buddhirajgautam/Documents/Cherrygram-Mac/macOS-Swift/packages/TGUIKit/Sources/NavigationBarView.swift (in target 'TGUIKit' from project 'TGUIKit')
    cd /Users/buddhirajgautam/Documents/Cherrygram-Mac/macOS-Swift
    builtin-SwiftPerFileCompile NavigationBarView.swift

SwiftCompile normal arm64 /Users/buddhirajgautam/Documents/Cherrygram-Mac/macOS-Swift/packages/TGUIKit/Sources/NavigationModalAction.swift (in target 'TGUIKit' from project 'TGUIKit')
    cd /Users/buddhirajgautam/Documents/Cherrygram-Mac/macOS-Swift
    builtin-SwiftPerFileCompile NavigationModalAction.swift

SwiftCompile normal arm64 /Users/buddhirajgautam/Documents/Cherrygram-Mac/macOS-Swift/packages/TGUIKit/Sources/NavigationModalView.swift (in target 'TGUIKit' from project 'TGUIKit')
    cd /Users/buddhirajgautam/Documents/Cherrygram-Mac/macOS-Swift
    builtin-SwiftPerFileCompile NavigationModalView.swift

SwiftCompile normal arm64 /Users/buddhirajgautam/Documents/Cherrygram-Mac/macOS-Swift/packages/TGUIKit/Sources/NavigationViewController.swift (in target 'TGUIKit' from project 'TGUIKit')
    cd /Users/buddhirajgautam/Documents/Cherrygram-Mac/macOS-Swift
    builtin-SwiftPerFileCompile NavigationViewController.swift

SwiftCompile normal arm64 /Users/buddhirajgautam/Documents/Cherrygram-Mac/macOS-Swift/packages/TGUIKit/Sources/NinePathImage.swift (in target 'TGUIKit' from project 'TGUIKit')
    cd /Users/buddhirajgautam/Documents/Cherrygram-Mac/macOS-Swift
    builtin-SwiftPerFileCompile NinePathImage.swift

SwiftCompile normal arm64 /Users/buddhirajgautam/Documents/Cherrygram-Mac/macOS-Swift/packages/TGUIKit/Sources/Node.swift (in target 'TGUIKit' from project 'TGUIKit')
    cd /Users/buddhirajgautam/Documents/Cherrygram-Mac/macOS-Swift
    builtin-SwiftPerFileCompile Node.swift

SwiftCompile normal arm64 /Users/buddhirajgautam/Documents/Cherrygram-Mac/macOS-Swift/packages/TGUIKit/Sources/OverlayControl.swift (in target 'TGUIKit' from project 'TGUIKit')
    cd /Users/buddhirajgautam/Documents/Cherrygram-Mac/macOS-Swift
    builtin-SwiftPerFileCompile OverlayControl.swift

SwiftCompile normal arm64 /Users/buddhirajgautam/Documents/Cherrygram-Mac/macOS-Swift/packages/TGUIKit/Sources/PieChart.swift (in target 'TGUIKit' from project 'TGUIKit')
    cd /Users/buddhirajgautam/Documents/Cherrygram-Mac/macOS-Swift
    builtin-SwiftPerFileCompile PieChart.swift

SwiftCompile normal arm64 /Users/buddhirajgautam/Documents/Cherrygram-Mac/macOS-Swift/packages/TGUIKit/Sources/PollTimerView.swift (in target 'TGUIKit' from project 'TGUIKit')
    cd /Users/buddhirajgautam/Documents/Cherrygram-Mac/macOS-Swift
    builtin-SwiftPerFileCompile PollTimerView.swift

SwiftCompile normal arm64 /Users/buddhirajgautam/Documents/Cherrygram-Mac/macOS-Swift/packages/TGUIKit/Sources/Popover.swift (in target 'TGUIKit' from project 'TGUIKit')
    cd /Users/buddhirajgautam/Documents/Cherrygram-Mac/macOS-Swift
    builtin-SwiftPerFileCompile Popover.swift

SwiftCompile normal arm64 /Users/buddhirajgautam/Documents/Cherrygram-Mac/macOS-Swift/packages/TGUIKit/Sources/PortalView.swift (in target 'TGUIKit' from project 'TGUIKit')
    cd /Users/buddhirajgautam/Documents/Cherrygram-Mac/macOS-Swift
    builtin-SwiftPerFileCompile PortalView.swift

SwiftCompile normal arm64 /Users/buddhirajgautam/Documents/Cherrygram-Mac/macOS-Swift/packages/TGUIKit/Sources/PresentationResourceCache.swift (in target 'TGUIKit' from project 'TGUIKit')
    cd /Users/buddhirajgautam/Documents/Cherrygram-Mac/macOS-Swift
    builtin-SwiftPerFileCompile PresentationResourceCache.swift

SwiftCompile normal arm64 /Users/buddhirajgautam/Documents/Cherrygram-Mac/macOS-Swift/packages/TGUIKit/Sources/PresentationTheme.swift (in target 'TGUIKit' from project 'TGUIKit')
    cd /Users/buddhirajgautam/Documents/Cherrygram-Mac/macOS-Swift
    builtin-SwiftPerFileCompile PresentationTheme.swift

/Users/buddhirajgautam/Documents/Cherrygram-Mac/macOS-Swift/packages/TGUIKit/Sources/MergeLists.swift:253:9: warning: platform condition appears to be testing for simulator environment; use 'targetEnvironment(simulator)' instead
251 |     var updatedIndices: [(Int, T, Int)] = []
252 |     
253 |     #if (arch(i386) || arch(x86_64)) && os(iOS)
    |         |- warning: platform condition appears to be testing for simulator environment; use 'targetEnvironment(simulator)' instead
    |         `- note: replace with 'targetEnvironment(simulator)'
254 |     var existingStableIds: [T.T: T] = [:]
255 |     for item in leftList {

/Users/buddhirajgautam/Documents/Cherrygram-Mac/macOS-Swift/packages/TGUIKit/Sources/Modal.swift:584:48: warning: 'ultraDark' was deprecated in macOS 10.14: Use a semantic material instead.  To force the appearance of a view hierarchy, set the `appearance` property to an appropriate NSAppearance value. [#DeprecatedDeclaration]
 582 |         if controller.isVisualEffectBackground {
 583 |             self.visualEffectView = NSVisualEffectView(frame: NSZeroRect)
 584 |             self.visualEffectView!.material = .ultraDark
     |                                                `- warning: 'ultraDark' was deprecated in macOS 10.14: Use a semantic material instead.  To force the appearance of a view hierarchy, set the `appearance` property to an appropriate NSAppearance value. [#DeprecatedDeclaration]
 585 |             self.visualEffectView!.blendingMode = .withinWindow
 586 |             self.visualEffectView!.state = .active

/Users/buddhirajgautam/Documents/Cherrygram-Mac/macOS-Swift/packages/TGUIKit/Sources/NavigationBarView.swift:304:65: warning: variable 'pCenter_from' was written to, but never read
302 |             self.rightView = right
303 |             
304 |             var pLeft_from:CGFloat = 0,pRight_from:CGFloat = 0, pCenter_from:CGFloat = 0, pLeft_to:CGFloat = 0, pRight_to:CGFloat = 0, pCenter_to:CGFloat = 0
    |                                                                 `- warning: variable 'pCenter_from' was written to, but never read
305 |             var nLeft_from:CGFloat = 0, nRight_from:CGFloat = 0, nCenter_from:CGFloat = 0, nLeft_to:CGFloat = 0, nRight_to:CGFloat = 0, nCenter_to:CGFloat = 0
306 |             

/Users/buddhirajgautam/Documents/Cherrygram-Mac/macOS-Swift/packages/TGUIKit/Sources/NavigationBarView.swift:304:136: warning: variable 'pCenter_to' was written to, but never read
302 |             self.rightView = right
303 |             
304 |             var pLeft_from:CGFloat = 0,pRight_from:CGFloat = 0, pCenter_from:CGFloat = 0, pLeft_to:CGFloat = 0, pRight_to:CGFloat = 0, pCenter_to:CGFloat = 0
    |                                                                                                                                        `- warning: variable 'pCenter_to' was written to, but never read
305 |             var nLeft_from:CGFloat = 0, nRight_from:CGFloat = 0, nCenter_from:CGFloat = 0, nLeft_to:CGFloat = 0, nRight_to:CGFloat = 0, nCenter_to:CGFloat = 0
306 |             

/Users/buddhirajgautam/Documents/Cherrygram-Mac/macOS-Swift/packages/TGUIKit/Sources/PieChart.swift:609:13: warning: variable 'validIds' was never used; consider replacing with '_' or removing it [#NoUsage]
607 |         let selected = selectedItemIndex(at: self.convert(window.mouseLocationOutsideOfEventStream, from: nil))
608 |         
609 |         var validIds: [AnyHashable] = []
    |             `- warning: variable 'validIds' was never used; consider replacing with '_' or removing it [#NoUsage]
610 | 
611 |         

/Users/buddhirajgautam/Documents/Cherrygram-Mac/macOS-Swift/packages/TGUIKit/Sources/PieChart.swift:614:17: warning: variable 'selectionAnimationFraction' was written to, but never read
612 |         for (i, item) in items.enumerated() {
613 |             
614 |             var selectionAnimationFraction: CGFloat = self.animationValues.selection[item.id] ?? 0
    |                 `- warning: variable 'selectionAnimationFraction' was written to, but never read
615 |             if items.count == 1, selected == nil  {
616 |                 selectionAnimationFraction = 0

/Users/buddhirajgautam/Documents/Cherrygram-Mac/macOS-Swift/packages/TGUIKit/Sources/Popover.swift:305:87: warning: 'weak' ownership of capture 'control' differs from implicitly-captured strong reference in outer scope [#ImplicitStrongCapture]
162 |                 signal = signal |> delay(delayBeforeShown, queue: Queue.mainQueue())
163 |             }
164 |             self.readyDisposable.set(signal.start(next: { [weak self, weak controller, weak parentView] ready in
    |                                                         |- note: 'control' implicitly strongly captured here
    |                                                         `- note: add 'control' as a capture list item to silence
165 |                 if let parentView = parentView {
166 |                     for subview in parentView.subviews {
    :
303 |                         var first: Bool = true
304 |                         
305 |                         strongSelf.window?.set(mouseHandler: { [weak strongSelf, weak control] _ -> KeyHandlerResult in
    |                                                                                       |- warning: 'weak' ownership of capture 'control' differs from implicitly-captured strong reference in outer scope [#ImplicitStrongCapture]
    |                                                                                       `- note: explicitly assign the capture list item to silence
306 |                             if let strongSelf = strongSelf, first, let control = control, !strongSelf.static {
307 |                                 if !strongSelf.inside() && !control.mouseInside() {

/Users/buddhirajgautam/Documents/Cherrygram-Mac/macOS-Swift/packages/TGUIKit/Sources/Popover.swift:238:56: warning: immutable value 'window' was never used; consider replacing with '_' or removing it [#NoUsage]
236 |                     strongSelf.isShown = true
237 |                     
238 |                     if let _ = strongSelf.overlay, let window = strongSelf.window {
    |                                                        `- warning: immutable value 'window' was never used; consider replacing with '_' or removing it [#NoUsage]
239 |                         if strongSelf.animates {
240 |                             

[#DeprecatedDeclaration]: <https://docs.swift.org/compiler/documentation/diagnostics/deprecated-declaration>
[#ImplicitStrongCapture]: <https://docs.swift.org/compiler/documentation/diagnostics/implicit-strong-capture>
[#NoUsage]: <https://docs.swift.org/compiler/documentation/diagnostics/no-usage>
SwiftDriverJobDiscovery normal arm64 Compiling RequestMessageActionCallback.swift, RequestStartBot.swift, ScheduledMessages.swift, SearchMessages.swift, SendAsPeers.swift, SparseMessageList.swift, Stories.swift, StoryListContext.swift, TelegramEngineMessages.swift, TimeZones.swift, Todo.swift, Transcription.swift, Translate.swift, UpdatePinnedMessage.swift, TelegramEngineNotices.swift, TelegramEngineOrderedLists.swift, AppStore.swift, BankCards.swift, BotPaymentForm.swift, GiftCodes.swift, StarGifts.swift, StarGiftsCollections.swift, Stars.swift, TelegramEnginePayments.swift (in target 'TelegramCore' from project 'TelegramCore')

SwiftCompile normal arm64 Compiling\ SimpleLayer.swift,\ SliderView.swift,\ SoftwareGradientBackground.swift,\ SpinningProgressView.swift,\ Style.swift,\ SwitchView.swift,\ System.swift,\ TGClipView.swift,\ TGColor.swift,\ TGFont.swift,\ TGSplitView.swift,\ TGUIKit.swift,\ TabBarController.swift,\ TabBarView.swift,\ TabItem.swift,\ TableAnimationInterface.swift /Users/buddhirajgautam/Documents/Cherrygram-Mac/macOS-Swift/packages/TGUIKit/Sources/SimpleLayer.swift /Users/buddhirajgautam/Documents/Cherrygram-Mac/macOS-Swift/packages/TGUIKit/Sources/SliderView.swift /Users/buddhirajgautam/Documents/Cherrygram-Mac/macOS-Swift/packages/TGUIKit/Sources/SoftwareGradientBackground.swift /Users/buddhirajgautam/Documents/Cherrygram-Mac/macOS-Swift/packages/TGUIKit/Sources/SpinningProgressView.swift /Users/buddhirajgautam/Documents/Cherrygram-Mac/macOS-Swift/packages/TGUIKit/Sources/Style.swift /Users/buddhirajgautam/Documents/Cherrygram-Mac/macOS-Swift/packages/TGUIKit/Sources/SwitchView.swift /Users/buddhirajgautam/Documents/Cherrygram-Mac/macOS-Swift/packages/TGUIKit/Sources/System.swift /Users/buddhirajgautam/Documents/Cherrygram-Mac/macOS-Swift/packages/TGUIKit/Sources/TGClipView.swift /Users/buddhirajgautam/Documents/Cherrygram-Mac/macOS-Swift/packages/TGUIKit/Sources/TGColor.swift /Users/buddhirajgautam/Documents/Cherrygram-Mac/macOS-Swift/packages/TGUIKit/Sources/TGFont.swift /Users/buddhirajgautam/Documents/Cherrygram-Mac/macOS-Swift/packages/TGUIKit/Sources/TGSplitView.swift /Users/buddhirajgautam/Documents/Cherrygram-Mac/macOS-Swift/packages/TGUIKit/Sources/TGUIKit.swift /Users/buddhirajgautam/Documents/Cherrygram-Mac/macOS-Swift/packages/TGUIKit/Sources/TabBarController.swift /Users/buddhirajgautam/Documents/Cherrygram-Mac/macOS-Swift/packages/TGUIKit/Sources/TabBarView.swift /Users/buddhirajgautam/Documents/Cherrygram-Mac/macOS-Swift/packages/TGUIKit/Sources/TabItem.swift /Users/buddhirajgautam/Documents/Cherrygram-Mac/macOS-Swift/packages/TGUIKit/Sources/TableAnimationInterface.swift (in target 'TGUIKit' from project 'TGUIKit')
/Users/buddhirajgautam/Documents/Cherrygram-Mac/macOS-Swift/packages/TGUIKit/Sources/SliderView.swift:123:9: warning: 'acceptsTouchEvents' was deprecated in macOS 10.12.2: Use allowedTouchTypes instead [#DeprecatedDeclaration]
121 |     
122 |     @objc fileprivate func _prepareView() {
123 |         acceptsTouchEvents = true
    |         `- warning: 'acceptsTouchEvents' was deprecated in macOS 10.12.2: Use allowedTouchTypes instead [#DeprecatedDeclaration]
124 |         addSubview(contentView)
125 |         

/Users/buddhirajgautam/Documents/Cherrygram-Mac/macOS-Swift/packages/TGUIKit/Sources/System.swift:44:50: warning: 'kIOMasterPortDefault' was deprecated in macOS 12.0: renamed to 'kIOMainPortDefault' [#DeprecatedDeclaration]
 42 |     public static var batterylevel: Float {
 43 |         
 44 |         let device = IOServiceGetMatchingService(kIOMasterPortDefault, IOServiceMatching("IOPMPowerSource"))
    |                                                  |- warning: 'kIOMasterPortDefault' was deprecated in macOS 12.0: renamed to 'kIOMainPortDefault' [#DeprecatedDeclaration]
    |                                                  `- note: use 'kIOMainPortDefault' instead
 45 |         let batteryLevel: AnyObject? = IORegistryEntryCreateCFProperty(device, "Current Capacity" as CFString, kCFAllocatorDefault, 0).takeRetainedValue()
 46 |         IOObjectRelease(device)

/Users/buddhirajgautam/Documents/Cherrygram-Mac/macOS-Swift/packages/TGUIKit/Sources/TGColor.swift:460:5: warning: 'public' modifier is redundant for static property declared in a public extension
458 |     
459 |     
460 |     public static var cornerRadius:CGFloat {
    |     `- warning: 'public' modifier is redundant for static property declared in a public extension
461 |         return 5
462 |     }

/Users/buddhirajgautam/Documents/Cherrygram-Mac/macOS-Swift/packages/TGUIKit/Sources/TGColor.swift:464:5: warning: 'public' modifier is redundant for static property declared in a public extension
462 |     }
463 |     
464 |     public static var borderSize:CGFloat  {
    |     `- warning: 'public' modifier is redundant for static property declared in a public extension
465 |         get {
466 |             return 1

/Users/buddhirajgautam/Documents/Cherrygram-Mac/macOS-Swift/packages/TGUIKit/Sources/TGColor.swift:336:26: warning: 'usingColorSpaceName' was deprecated in macOS 10.14: Use -colorUsingType: or -colorUsingColorSpace: instead [#DeprecatedDeclaration]
334 |         var alpha       : CGFloat = 0
335 |         
336 |         let color = self.usingColorSpaceName(NSColorSpaceName.deviceRGB)!
    |                          `- warning: 'usingColorSpaceName' was deprecated in macOS 10.14: Use -colorUsingType: or -colorUsingColorSpace: instead [#DeprecatedDeclaration]
337 |         color.getHue(&hue, saturation: &saturation, brightness: &brightness, alpha: &alpha)
338 |         return NSColor( hue: hue,

/Users/buddhirajgautam/Documents/Cherrygram-Mac/macOS-Swift/packages/TGUIKit/Sources/TGColor.swift:433:26: warning: 'usingColorSpaceName' was deprecated in macOS 10.14: Use -colorUsingType: or -colorUsingColorSpace: instead [#DeprecatedDeclaration]
431 |     var argb: UInt32 {
432 |         
433 |         let color = self.usingColorSpaceName(NSColorSpaceName.deviceRGB)!
    |                          `- warning: 'usingColorSpaceName' was deprecated in macOS 10.14: Use -colorUsingType: or -colorUsingColorSpace: instead [#DeprecatedDeclaration]
434 |         var red: CGFloat = 0.0
435 |         var green: CGFloat = 0.0

/Users/buddhirajgautam/Documents/Cherrygram-Mac/macOS-Swift/packages/TGUIKit/Sources/TGColor.swift:445:26: warning: 'usingColorSpaceName' was deprecated in macOS 10.14: Use -colorUsingType: or -colorUsingColorSpace: instead [#DeprecatedDeclaration]
443 |     var rgb: UInt32 {
444 |         
445 |         let color = self.usingColorSpaceName(NSColorSpaceName.deviceRGB)
    |                          `- warning: 'usingColorSpaceName' was deprecated in macOS 10.14: Use -colorUsingType: or -colorUsingColorSpace: instead [#DeprecatedDeclaration]
446 |         if let color = color {
447 |             let red: CGFloat = color.redComponent

/Users/buddhirajgautam/Documents/Cherrygram-Mac/macOS-Swift/packages/TGUIKit/Sources/TGSplitView.swift:170:37: warning: using 'class' keyword to define a class-constrained protocol is deprecated; use 'AnyObject' instead [#deprecation]
168 | 
169 | 
170 | public protocol SplitViewDelegate : class {
    |                                     `- warning: using 'class' keyword to define a class-constrained protocol is deprecated; use 'AnyObject' instead [#deprecation]
171 |     func splitViewDidNeedSwapToLayout(state:SplitViewState) -> Void
172 |     func splitViewDidNeedMinimisize(controller:ViewController) -> Void

/Users/buddhirajgautam/Documents/Cherrygram-Mac/macOS-Swift/packages/TGUIKit/Sources/TabBarView.swift:13:35: warning: using 'class' keyword to define a class-constrained protocol is deprecated; use 'AnyObject' instead [#deprecation]
 11 | 
 12 | 
 13 | public protocol TabViewDelegate : class {
    |                                   `- warning: using 'class' keyword to define a class-constrained protocol is deprecated; use 'AnyObject' instead [#deprecation]
 14 |     func didChange(selected item:TabItem, index:Int)
 15 |     func scrollup()

/Users/buddhirajgautam/Documents/Cherrygram-Mac/macOS-Swift/packages/TGUIKit/Sources/TabBarView.swift:169:17: warning: immutable value 'container' was never used; consider replacing with '_' or removing it [#NoUsage]
167 |         for subview in subviews {
168 |             subview.background = presentation.colors.background
169 |             for container in subview.subviews {
    |                 `- warning: immutable value 'container' was never used; consider replacing with '_' or removing it [#NoUsage]
170 |                 //container.background = presentation.colors.background
171 |             }

/Users/buddhirajgautam/Documents/Cherrygram-Mac/macOS-Swift/packages/TGUIKit/Sources/TGColor.swift:186:9: warning: will never be executed
184 |             return NSColor(0xffffff)
185 |         }
186 |         var components = self.cgColor.components
    |         `- warning: will never be executed
187 |         let alpha = components?.last
188 |         components?.removeLast()

[#DeprecatedDeclaration]: <https://docs.swift.org/compiler/documentation/diagnostics/deprecated-declaration>
[#NoUsage]: <https://docs.swift.org/compiler/documentation/diagnostics/no-usage>

SwiftCompile normal arm64 /Users/buddhirajgautam/Documents/Cherrygram-Mac/macOS-Swift/packages/TGUIKit/Sources/SimpleLayer.swift (in target 'TGUIKit' from project 'TGUIKit')
    cd /Users/buddhirajgautam/Documents/Cherrygram-Mac/macOS-Swift
    builtin-SwiftPerFileCompile SimpleLayer.swift

SwiftCompile normal arm64 /Users/buddhirajgautam/Documents/Cherrygram-Mac/macOS-Swift/packages/TGUIKit/Sources/SliderView.swift (in target 'TGUIKit' from project 'TGUIKit')
    cd /Users/buddhirajgautam/Documents/Cherrygram-Mac/macOS-Swift
    builtin-SwiftPerFileCompile SliderView.swift

SwiftCompile normal arm64 /Users/buddhirajgautam/Documents/Cherrygram-Mac/macOS-Swift/packages/TGUIKit/Sources/SoftwareGradientBackground.swift (in target 'TGUIKit' from project 'TGUIKit')
    cd /Users/buddhirajgautam/Documents/Cherrygram-Mac/macOS-Swift
    builtin-SwiftPerFileCompile SoftwareGradientBackground.swift

SwiftCompile normal arm64 /Users/buddhirajgautam/Documents/Cherrygram-Mac/macOS-Swift/packages/TGUIKit/Sources/SpinningProgressView.swift (in target 'TGUIKit' from project 'TGUIKit')
    cd /Users/buddhirajgautam/Documents/Cherrygram-Mac/macOS-Swift
    builtin-SwiftPerFileCompile SpinningProgressView.swift

SwiftCompile normal arm64 /Users/buddhirajgautam/Documents/Cherrygram-Mac/macOS-Swift/packages/TGUIKit/Sources/Style.swift (in target 'TGUIKit' from project 'TGUIKit')
    cd /Users/buddhirajgautam/Documents/Cherrygram-Mac/macOS-Swift
    builtin-SwiftPerFileCompile Style.swift

SwiftCompile normal arm64 /Users/buddhirajgautam/Documents/Cherrygram-Mac/macOS-Swift/packages/TGUIKit/Sources/SwitchView.swift (in target 'TGUIKit' from project 'TGUIKit')
    cd /Users/buddhirajgautam/Documents/Cherrygram-Mac/macOS-Swift
    builtin-SwiftPerFileCompile SwitchView.swift

SwiftCompile normal arm64 /Users/buddhirajgautam/Documents/Cherrygram-Mac/macOS-Swift/packages/TGUIKit/Sources/System.swift (in target 'TGUIKit' from project 'TGUIKit')
    cd /Users/buddhirajgautam/Documents/Cherrygram-Mac/macOS-Swift
    builtin-SwiftPerFileCompile System.swift

SwiftCompile normal arm64 /Users/buddhirajgautam/Documents/Cherrygram-Mac/macOS-Swift/packages/TGUIKit/Sources/TGClipView.swift (in target 'TGUIKit' from project 'TGUIKit')
    cd /Users/buddhirajgautam/Documents/Cherrygram-Mac/macOS-Swift
    builtin-SwiftPerFileCompile TGClipView.swift

SwiftCompile normal arm64 /Users/buddhirajgautam/Documents/Cherrygram-Mac/macOS-Swift/packages/TGUIKit/Sources/TGColor.swift (in target 'TGUIKit' from project 'TGUIKit')
    cd /Users/buddhirajgautam/Documents/Cherrygram-Mac/macOS-Swift
    builtin-SwiftPerFileCompile TGColor.swift

SwiftCompile normal arm64 /Users/buddhirajgautam/Documents/Cherrygram-Mac/macOS-Swift/packages/TGUIKit/Sources/TGFont.swift (in target 'TGUIKit' from project 'TGUIKit')
    cd /Users/buddhirajgautam/Documents/Cherrygram-Mac/macOS-Swift
    builtin-SwiftPerFileCompile TGFont.swift

SwiftCompile normal arm64 /Users/buddhirajgautam/Documents/Cherrygram-Mac/macOS-Swift/packages/TGUIKit/Sources/TGSplitView.swift (in target 'TGUIKit' from project 'TGUIKit')
    cd /Users/buddhirajgautam/Documents/Cherrygram-Mac/macOS-Swift
    builtin-SwiftPerFileCompile TGSplitView.swift

SwiftCompile normal arm64 /Users/buddhirajgautam/Documents/Cherrygram-Mac/macOS-Swift/packages/TGUIKit/Sources/TGUIKit.swift (in target 'TGUIKit' from project 'TGUIKit')
    cd /Users/buddhirajgautam/Documents/Cherrygram-Mac/macOS-Swift
    builtin-SwiftPerFileCompile TGUIKit.swift

SwiftCompile normal arm64 /Users/buddhirajgautam/Documents/Cherrygram-Mac/macOS-Swift/packages/TGUIKit/Sources/TabBarController.swift (in target 'TGUIKit' from project 'TGUIKit')
    cd /Users/buddhirajgautam/Documents/Cherrygram-Mac/macOS-Swift
    builtin-SwiftPerFileCompile TabBarController.swift

SwiftCompile normal arm64 /Users/buddhirajgautam/Documents/Cherrygram-Mac/macOS-Swift/packages/TGUIKit/Sources/TabBarView.swift (in target 'TGUIKit' from project 'TGUIKit')
    cd /Users/buddhirajgautam/Documents/Cherrygram-Mac/macOS-Swift
    builtin-SwiftPerFileCompile TabBarView.swift

SwiftCompile normal arm64 /Users/buddhirajgautam/Documents/Cherrygram-Mac/macOS-Swift/packages/TGUIKit/Sources/TabItem.swift (in target 'TGUIKit' from project 'TGUIKit')
    cd /Users/buddhirajgautam/Documents/Cherrygram-Mac/macOS-Swift
    builtin-SwiftPerFileCompile TabItem.swift

SwiftCompile normal arm64 /Users/buddhirajgautam/Documents/Cherrygram-Mac/macOS-Swift/packages/TGUIKit/Sources/TableAnimationInterface.swift (in target 'TGUIKit' from project 'TGUIKit')
    cd /Users/buddhirajgautam/Documents/Cherrygram-Mac/macOS-Swift
    builtin-SwiftPerFileCompile TableAnimationInterface.swift

SwiftDriverJobDiscovery normal arm64 Compiling RequestUserPhotos.swift, ResolvePeerByName.swift, SearchGroupMembers.swift, SearchPeers.swift, SlowMode.swift, SupportPeerId.swift, TelegramEnginePeers.swift, ToggleChannelSignatures.swift, TogglePeerChatPinned.swift, UpdateBotInfo.swift, UpdateCachedPeerData.swift, UpdateGroupSpecificStickerset.swift, UpdatePeerInfo.swift, PeersNearby.swift, TelegramEnginePeersNearby.swift, TelegramEnginePreferences.swift, ActiveSessionsContext.swift, BlockedPeers.swift, BlockedPeersContext.swift, CloseFriends.swift, RecentAccountSession.swift, RecentAccountSessions.swift, RecentWebSessions.swift, TelegramEnginePrivacy.swift (in target 'TelegramCore' from project 'TelegramCore')

SwiftCompile normal arm64 Compiling\ TableRowItem.swift,\ TableRowView.swift,\ TableStickItem.swift,\ TableStickView.swift,\ TableView.swift,\ TableViewController.swift,\ TextButtonBarView.swift,\ TextLabelNode.swift,\ TextNode.swift,\ TextView.swift,\ TextViewLabel.swift,\ TimableProgressView.swift,\ TitleButton.swift,\ TitledBarView.swift,\ TokenizedView.swift,\ TooltipController.swift /Users/buddhirajgautam/Documents/Cherrygram-Mac/macOS-Swift/packages/TGUIKit/Sources/TableRowItem.swift /Users/buddhirajgautam/Documents/Cherrygram-Mac/macOS-Swift/packages/TGUIKit/Sources/TableRowView.swift /Users/buddhirajgautam/Documents/Cherrygram-Mac/macOS-Swift/packages/TGUIKit/Sources/TableStickItem.swift /Users/buddhirajgautam/Documents/Cherrygram-Mac/macOS-Swift/packages/TGUIKit/Sources/TableStickView.swift /Users/buddhirajgautam/Documents/Cherrygram-Mac/macOS-Swift/packages/TGUIKit/Sources/TableView.swift /Users/buddhirajgautam/Documents/Cherrygram-Mac/macOS-Swift/packages/TGUIKit/Sources/TableViewController.swift /Users/buddhirajgautam/Documents/Cherrygram-Mac/macOS-Swift/packages/TGUIKit/Sources/TextButtonBarView.swift /Users/buddhirajgautam/Documents/Cherrygram-Mac/macOS-Swift/packages/TGUIKit/Sources/TextLabelNode.swift /Users/buddhirajgautam/Documents/Cherrygram-Mac/macOS-Swift/packages/TGUIKit/Sources/TextNode.swift /Users/buddhirajgautam/Documents/Cherrygram-Mac/macOS-Swift/packages/TGUIKit/Sources/TextView.swift /Users/buddhirajgautam/Documents/Cherrygram-Mac/macOS-Swift/packages/TGUIKit/Sources/TextViewLabel.swift /Users/buddhirajgautam/Documents/Cherrygram-Mac/macOS-Swift/packages/TGUIKit/Sources/TimableProgressView.swift /Users/buddhirajgautam/Documents/Cherrygram-Mac/macOS-Swift/packages/TGUIKit/Sources/TitleButton.swift /Users/buddhirajgautam/Documents/Cherrygram-Mac/macOS-Swift/packages/TGUIKit/Sources/TitledBarView.swift /Users/buddhirajgautam/Documents/Cherrygram-Mac/macOS-Swift/packages/TGUIKit/Sources/TokenizedView.swift /Users/buddhirajgautam/Documents/Cherrygram-Mac/macOS-Swift/packages/TGUIKit/Sources/TooltipController.swift (in target 'TGUIKit' from project 'TGUIKit')

SwiftCompile normal arm64 /Users/buddhirajgautam/Documents/Cherrygram-Mac/macOS-Swift/packages/TGUIKit/Sources/TableRowItem.swift (in target 'TGUIKit' from project 'TGUIKit')
    cd /Users/buddhirajgautam/Documents/Cherrygram-Mac/macOS-Swift
    builtin-SwiftPerFileCompile TableRowItem.swift

SwiftCompile normal arm64 /Users/buddhirajgautam/Documents/Cherrygram-Mac/macOS-Swift/packages/TGUIKit/Sources/TableRowView.swift (in target 'TGUIKit' from project 'TGUIKit')
    cd /Users/buddhirajgautam/Documents/Cherrygram-Mac/macOS-Swift
    builtin-SwiftPerFileCompile TableRowView.swift

SwiftCompile normal arm64 /Users/buddhirajgautam/Documents/Cherrygram-Mac/macOS-Swift/packages/TGUIKit/Sources/TableStickItem.swift (in target 'TGUIKit' from project 'TGUIKit')
    cd /Users/buddhirajgautam/Documents/Cherrygram-Mac/macOS-Swift
    builtin-SwiftPerFileCompile TableStickItem.swift

SwiftCompile normal arm64 /Users/buddhirajgautam/Documents/Cherrygram-Mac/macOS-Swift/packages/TGUIKit/Sources/TableStickView.swift (in target 'TGUIKit' from project 'TGUIKit')
    cd /Users/buddhirajgautam/Documents/Cherrygram-Mac/macOS-Swift
    builtin-SwiftPerFileCompile TableStickView.swift

SwiftCompile normal arm64 /Users/buddhirajgautam/Documents/Cherrygram-Mac/macOS-Swift/packages/TGUIKit/Sources/TableView.swift (in target 'TGUIKit' from project 'TGUIKit')
    cd /Users/buddhirajgautam/Documents/Cherrygram-Mac/macOS-Swift
    builtin-SwiftPerFileCompile TableView.swift

SwiftCompile normal arm64 /Users/buddhirajgautam/Documents/Cherrygram-Mac/macOS-Swift/packages/TGUIKit/Sources/TableViewController.swift (in target 'TGUIKit' from project 'TGUIKit')
    cd /Users/buddhirajgautam/Documents/Cherrygram-Mac/macOS-Swift
    builtin-SwiftPerFileCompile TableViewController.swift

SwiftCompile normal arm64 /Users/buddhirajgautam/Documents/Cherrygram-Mac/macOS-Swift/packages/TGUIKit/Sources/TextButtonBarView.swift (in target 'TGUIKit' from project 'TGUIKit')
    cd /Users/buddhirajgautam/Documents/Cherrygram-Mac/macOS-Swift
    builtin-SwiftPerFileCompile TextButtonBarView.swift

SwiftCompile normal arm64 /Users/buddhirajgautam/Documents/Cherrygram-Mac/macOS-Swift/packages/TGUIKit/Sources/TextLabelNode.swift (in target 'TGUIKit' from project 'TGUIKit')
    cd /Users/buddhirajgautam/Documents/Cherrygram-Mac/macOS-Swift
    builtin-SwiftPerFileCompile TextLabelNode.swift

SwiftCompile normal arm64 /Users/buddhirajgautam/Documents/Cherrygram-Mac/macOS-Swift/packages/TGUIKit/Sources/TextNode.swift (in target 'TGUIKit' from project 'TGUIKit')
    cd /Users/buddhirajgautam/Documents/Cherrygram-Mac/macOS-Swift
    builtin-SwiftPerFileCompile TextNode.swift

SwiftCompile normal arm64 /Users/buddhirajgautam/Documents/Cherrygram-Mac/macOS-Swift/packages/TGUIKit/Sources/TextView.swift (in target 'TGUIKit' from project 'TGUIKit')
    cd /Users/buddhirajgautam/Documents/Cherrygram-Mac/macOS-Swift
    builtin-SwiftPerFileCompile TextView.swift

SwiftCompile normal arm64 /Users/buddhirajgautam/Documents/Cherrygram-Mac/macOS-Swift/packages/TGUIKit/Sources/TextViewLabel.swift (in target 'TGUIKit' from project 'TGUIKit')
    cd /Users/buddhirajgautam/Documents/Cherrygram-Mac/macOS-Swift
    builtin-SwiftPerFileCompile TextViewLabel.swift

SwiftCompile normal arm64 /Users/buddhirajgautam/Documents/Cherrygram-Mac/macOS-Swift/packages/TGUIKit/Sources/TimableProgressView.swift (in target 'TGUIKit' from project 'TGUIKit')
    cd /Users/buddhirajgautam/Documents/Cherrygram-Mac/macOS-Swift
    builtin-SwiftPerFileCompile TimableProgressView.swift

SwiftCompile normal arm64 /Users/buddhirajgautam/Documents/Cherrygram-Mac/macOS-Swift/packages/TGUIKit/Sources/TitleButton.swift (in target 'TGUIKit' from project 'TGUIKit')
    cd /Users/buddhirajgautam/Documents/Cherrygram-Mac/macOS-Swift
    builtin-SwiftPerFileCompile TitleButton.swift

SwiftCompile normal arm64 /Users/buddhirajgautam/Documents/Cherrygram-Mac/macOS-Swift/packages/TGUIKit/Sources/TitledBarView.swift (in target 'TGUIKit' from project 'TGUIKit')
    cd /Users/buddhirajgautam/Documents/Cherrygram-Mac/macOS-Swift
    builtin-SwiftPerFileCompile TitledBarView.swift

SwiftCompile normal arm64 /Users/buddhirajgautam/Documents/Cherrygram-Mac/macOS-Swift/packages/TGUIKit/Sources/TokenizedView.swift (in target 'TGUIKit' from project 'TGUIKit')
    cd /Users/buddhirajgautam/Documents/Cherrygram-Mac/macOS-Swift
    builtin-SwiftPerFileCompile TokenizedView.swift

SwiftCompile normal arm64 /Users/buddhirajgautam/Documents/Cherrygram-Mac/macOS-Swift/packages/TGUIKit/Sources/TooltipController.swift (in target 'TGUIKit' from project 'TGUIKit')
    cd /Users/buddhirajgautam/Documents/Cherrygram-Mac/macOS-Swift
    builtin-SwiftPerFileCompile TooltipController.swift

/Users/buddhirajgautam/Documents/Cherrygram-Mac/macOS-Swift/packages/TGUIKit/Sources/TableView.swift:782:20: warning: value 'oldValue' was defined but never used; consider replacing with boolean test [#NoUsage]
 780 |     public var resortController: TableResortController? {
 781 |         didSet {
 782 |             if let oldValue {
     |                    `- warning: value 'oldValue' was defined but never used; consider replacing with boolean test [#NoUsage]
 783 | //                resortController?.resortView = oldValue.resortView
 784 | //                resortController?.resortRow = oldValue.resortRow

/Users/buddhirajgautam/Documents/Cherrygram-Mac/macOS-Swift/packages/TGUIKit/Sources/TableView.swift:345:46: warning: immutable value 'focus' was never used; consider replacing with '_' or removing it [#NoUsage]
 343 |     func withoutFocus() -> TableScrollState {
 344 |         switch self {
 345 |         case let .top(id, innerId, animated, focus, inset):
     |                                              `- warning: immutable value 'focus' was never used; consider replacing with '_' or removing it [#NoUsage]
 346 |             return .top(id: id, innerId: innerId, animated: animated, focus: .init(focus: false), inset: inset)
 347 |         case let .bottom(id, innerId, animated, focus, inset):

/Users/buddhirajgautam/Documents/Cherrygram-Mac/macOS-Swift/packages/TGUIKit/Sources/TableView.swift:347:49: warning: immutable value 'focus' was never used; consider replacing with '_' or removing it [#NoUsage]
 345 |         case let .top(id, innerId, animated, focus, inset):
 346 |             return .top(id: id, innerId: innerId, animated: animated, focus: .init(focus: false), inset: inset)
 347 |         case let .bottom(id, innerId, animated, focus, inset):
     |                                                 `- warning: immutable value 'focus' was never used; consider replacing with '_' or removing it [#NoUsage]
 348 |             return .bottom(id: id, innerId: innerId, animated: animated, focus: .init(focus: false), inset: inset)
 349 |         case let .center(id, innerId, animated, focus, inset):

/Users/buddhirajgautam/Documents/Cherrygram-Mac/macOS-Swift/packages/TGUIKit/Sources/TableView.swift:349:49: warning: immutable value 'focus' was never used; consider replacing with '_' or removing it [#NoUsage]
 347 |         case let .bottom(id, innerId, animated, focus, inset):
 348 |             return .bottom(id: id, innerId: innerId, animated: animated, focus: .init(focus: false), inset: inset)
 349 |         case let .center(id, innerId, animated, focus, inset):
     |                                                 `- warning: immutable value 'focus' was never used; consider replacing with '_' or removing it [#NoUsage]
 350 |             return .center(id: id, innerId: innerId, animated: animated, focus: .init(focus: false), inset: inset)
 351 |         default:

/Users/buddhirajgautam/Documents/Cherrygram-Mac/macOS-Swift/packages/TGUIKit/Sources/TableView.swift:1712:21: warning: immutable value 'itemRect' was never used; consider replacing with '_' or removing it [#NoUsage]
1710 |                 
1711 |                 secondaryStickView?.setFrameSize(frame.width, someItem.heightValue)
1712 |                 let itemRect:NSRect = someItem.view?.visibleRect ?? NSZeroRect
     |                     `- warning: immutable value 'itemRect' was never used; consider replacing with '_' or removing it [#NoUsage]
1713 |                 
1714 |                 if let item = secondaryStickItem, item.isKind(of: secondaryStickClass), let secondaryStickView = secondaryStickView {

/Users/buddhirajgautam/Documents/Cherrygram-Mac/macOS-Swift/packages/TGUIKit/Sources/TableView.swift:2475:13: warning: variable 'previousInset' was written to, but never read
2473 |     
2474 |     public func selectNext(_ scroll:Bool = true, _ animated:Bool = false, turnDirection: Bool = true) -> Void {
2475 |         var previousInset: CGFloat = 0
     |             `- warning: variable 'previousInset' was written to, but never read
2476 |         if let hash = selectedhash {
2477 |             let selectedItem = self.item(stableId: hash)

/Users/buddhirajgautam/Documents/Cherrygram-Mac/macOS-Swift/packages/TGUIKit/Sources/TableView.swift:2522:13: warning: variable 'previousInset' was written to, but never read
2520 |     
2521 |     public func selectPrev(_ scroll:Bool = true, _ animated:Bool = false, turnDirection: Bool = true) -> Void {
2522 |         var previousInset: CGFloat = 0
     |             `- warning: variable 'previousInset' was written to, but never read
2523 |         if let hash = selectedhash {
2524 |             let selectedItem = self.item(stableId: hash)

/Users/buddhirajgautam/Documents/Cherrygram-Mac/macOS-Swift/packages/TGUIKit/Sources/TableView.swift:3001:13: warning: initialization of immutable value 'previousList' was never used; consider replacing with assignment to '_' or removing it [#NoUsage]
2999 | 
3000 |         
3001 |         let previousList = self.list
     |             `- warning: initialization of immutable value 'previousList' was never used; consider replacing with assignment to '_' or removing it [#NoUsage]
3002 |         
3003 |         let oldEmpty = self.isEmpty

/Users/buddhirajgautam/Documents/Cherrygram-Mac/macOS-Swift/packages/TGUIKit/Sources/TableView.swift:3392:17: warning: initialization of immutable value 'prev' was never used; consider replacing with assignment to '_' or removing it [#NoUsage]
3390 |     public func replace(item:TableRowItem, at index:Int, animated:Bool) {
3391 |         if index < count {
3392 |             let prev = list[index]
     |                 `- warning: initialization of immutable value 'prev' was never used; consider replacing with assignment to '_' or removing it [#NoUsage]
3393 |             listhash.removeValue(forKey: list[index].stableId)
3394 |             list[index] = item

/Users/buddhirajgautam/Documents/Cherrygram-Mac/macOS-Swift/packages/TGUIKit/Sources/TextView.swift:1129:17: warning: variable 'lineHeight' was never mutated; consider changing to 'let' constant [#VariableNeverMutated]
1127 | 
1128 |             
1129 |             var lineHeight = fontLineHeight
     |                 `- warning: variable 'lineHeight' was never mutated; consider changing to 'let' constant [#VariableNeverMutated]
1130 |             
1131 |             let lineString = attributedString.attributedSubstring(from: NSMakeRange(lastLineCharacterIndex, lineCharacterCount))

/Users/buddhirajgautam/Documents/Cherrygram-Mac/macOS-Swift/packages/TGUIKit/Sources/TextView.swift:2739:29: warning: initialization of immutable value 'range' was never used; consider replacing with assignment to '_' or removing it [#NoUsage]
2737 |                         let run = run as! CTRun
2738 |                         let glyphCount = CTRunGetGlyphCount(run)
2739 |                         let range = CTRunGetStringRange(run)
     |                             `- warning: initialization of immutable value 'range' was never used; consider replacing with assignment to '_' or removing it [#NoUsage]
2740 |                                                 
2741 | //                        let under = layout.embeddedItems.contains(where: { value in

/Users/buddhirajgautam/Documents/Cherrygram-Mac/macOS-Swift/packages/TGUIKit/Sources/TimableProgressView.swift:21:64: warning: property 'blackTransparent' cannot be used in a default argument value because 'ColorPalette' was not imported by this file; this is an error in the Swift 6 language mode
 19 |     let borderWidth: CGFloat
 20 |     let start:Double
 21 |     public init(backgroundColor: NSColor = presentation.colors.blackTransparent, foregroundColor: NSColor = .white, animated: Bool = true, outer: CGFloat = 5, seconds: TimeInterval = 10, start: Double = 100, border: Bool = true, borderWidth: CGFloat = 3) {
    |                                                                |- warning: property 'blackTransparent' cannot be used in a default argument value because 'ColorPalette' was not imported by this file; this is an error in the Swift 6 language mode
    |                                                                `- note: The missing import of module 'ColorPalette' will be added implicitly
 22 |         self.backgroundColor = backgroundColor
 23 |         self.foregroundColor = foregroundColor

/Users/buddhirajgautam/Documents/Cherrygram-Mac/macOS-Swift/packages/TGUIKit/Sources/TitleButton.swift:218:13: warning: variable 'textFocus' was never mutated; consider changing to 'let' constant [#VariableNeverMutated]
216 |         super.updateLayout()
217 |         
218 |         var textFocus:NSRect = focus(currentTextSize ?? self.text.frame.size)
    |             `- warning: variable 'textFocus' was never mutated; consider changing to 'let' constant [#VariableNeverMutated]
219 | //        textFocus.origin.y -= 1
220 |         if let _ = imageView.image {

/Users/buddhirajgautam/Documents/Cherrygram-Mac/macOS-Swift/packages/TGUIKit/Sources/TokenizedView.swift:129:37: warning: using 'class' keyword to define a class-constrained protocol is deprecated; use 'AnyObject' instead [#deprecation]
127 | }
128 | 
129 | public protocol TokenizedProtocol : class {
    |                                     `- warning: using 'class' keyword to define a class-constrained protocol is deprecated; use 'AnyObject' instead [#deprecation]
130 |     func tokenizedViewDidChangedHeight(_ view: TokenizedView, height: CGFloat, animated: Bool)
131 | }

[#NoUsage]: <https://docs.swift.org/compiler/documentation/diagnostics/no-usage>
[#VariableNeverMutated]: <https://docs.swift.org/compiler/documentation/diagnostics/variable-never-mutated>
SwiftDriverJobDiscovery normal arm64 Compiling ChatUpdatingMessageMedia.swift, EnqueueMessage.swift, PendingMessageUploadedContent.swift, PendingPeerMediaUploadManager.swift, PendingUpdateMessageManager.swift, RequestEditMessage.swift, StandaloneSendMessage.swift, StandaloneUploadedMedia.swift, SecretChatEncryption.swift, SecretChatEncryptionConfig.swift, SecretChatFileReference.swift, SecretChatIncomingEncryptedOperation.swift, SecretChatLayerNegotiation.swift, SecretChatOutgoingOperation.swift, SecretChatRekeySession.swift, SetSecretChatMessageAutoremoveTimeoutInteractively.swift, UpdateSecretChat.swift, AutodownloadSettings.swift, CacheStorageSettings.swift, ContentPrivacySettings.swift, ContentSettings.swift, GlobalNotificationSettings.swift, LimitsConfiguration.swift, LoggingSettings.swift, NetworkSettings.swift (in target 'TelegramCore' from project 'TelegramCore')

SwiftCompile normal arm64 Compiling\ HorizontalScrollView.swift,\ HorizontalSliderControl.swift,\ HorizontalTableView.swift,\ Image.swift,\ ImageBarView.swift,\ ImageButton.swift,\ ImageView.swift,\ InfiniteProgressView.swift,\ InternalBattery.swift,\ InternalFinder.swift,\ InvisibleInkDustView.swift,\ Layer.swift,\ LinearProgressControl.swift,\ MagnifyView.swift,\ MajorNavigationController.swift,\ Markdown.swift /Users/buddhirajgautam/Documents/Cherrygram-Mac/macOS-Swift/packages/TGUIKit/Sources/HorizontalScrollView.swift /Users/buddhirajgautam/Documents/Cherrygram-Mac/macOS-Swift/packages/TGUIKit/Sources/HorizontalSliderControl.swift /Users/buddhirajgautam/Documents/Cherrygram-Mac/macOS-Swift/packages/TGUIKit/Sources/HorizontalTableView.swift /Users/buddhirajgautam/Documents/Cherrygram-Mac/macOS-Swift/packages/TGUIKit/Sources/Image.swift /Users/buddhirajgautam/Documents/Cherrygram-Mac/macOS-Swift/packages/TGUIKit/Sources/ImageBarView.swift /Users/buddhirajgautam/Documents/Cherrygram-Mac/macOS-Swift/packages/TGUIKit/Sources/ImageButton.swift /Users/buddhirajgautam/Documents/Cherrygram-Mac/macOS-Swift/packages/TGUIKit/Sources/ImageView.swift /Users/buddhirajgautam/Documents/Cherrygram-Mac/macOS-Swift/packages/TGUIKit/Sources/InfiniteProgressView.swift /Users/buddhirajgautam/Documents/Cherrygram-Mac/macOS-Swift/packages/TGUIKit/Sources/InternalBattery.swift /Users/buddhirajgautam/Documents/Cherrygram-Mac/macOS-Swift/packages/TGUIKit/Sources/InternalFinder.swift /Users/buddhirajgautam/Documents/Cherrygram-Mac/macOS-Swift/packages/TGUIKit/Sources/InvisibleInkDustView.swift /Users/buddhirajgautam/Documents/Cherrygram-Mac/macOS-Swift/packages/TGUIKit/Sources/Layer.swift /Users/buddhirajgautam/Documents/Cherrygram-Mac/macOS-Swift/packages/TGUIKit/Sources/LinearProgressControl.swift /Users/buddhirajgautam/Documents/Cherrygram-Mac/macOS-Swift/packages/TGUIKit/Sources/MagnifyView.swift /Users/buddhirajgautam/Documents/Cherrygram-Mac/macOS-Swift/packages/TGUIKit/Sources/MajorNavigationController.swift /Users/buddhirajgautam/Documents/Cherrygram-Mac/macOS-Swift/packages/TGUIKit/Sources/Markdown.swift (in target 'TGUIKit' from project 'TGUIKit')
/Users/buddhirajgautam/Documents/Cherrygram-Mac/macOS-Swift/packages/TGUIKit/Sources/ImageView.swift:117:16: warning: value 'window' was defined but never used; consider replacing with boolean test [#NoUsage]
115 | 
116 |     override open func viewDidChangeBackingProperties() {
117 |         if let window = self.window {
    |                `- warning: value 'window' was defined but never used; consider replacing with boolean test [#NoUsage]
118 |         }
119 |     }

/Users/buddhirajgautam/Documents/Cherrygram-Mac/macOS-Swift/packages/TGUIKit/Sources/InternalFinder.swift:33:60: warning: 'kIOMasterPortDefault' was deprecated in macOS 12.0: renamed to 'kIOMainPortDefault' [#DeprecatedDeclaration]
 31 | 
 32 |     fileprivate func open() {
 33 |         self.serviceInternal = IOServiceGetMatchingService(kIOMasterPortDefault, IOServiceMatching("AppleSmartBattery"))
    |                                                            |- warning: 'kIOMasterPortDefault' was deprecated in macOS 12.0: renamed to 'kIOMainPortDefault' [#DeprecatedDeclaration]
    |                                                            `- note: use 'kIOMainPortDefault' instead
 34 |     }
 35 | 

/Users/buddhirajgautam/Documents/Cherrygram-Mac/macOS-Swift/packages/TGUIKit/Sources/Markdown.swift:26:146: warning: property 'grayText' cannot be used in a default argument value because 'ColorPalette' was not imported by this file; this is an error in the Swift 6 language mode
 24 |     public let linkAttribute: (String) -> (String, Any)?
 25 |     
 26 |     public init(body: MarkdownAttributeSet, bold: MarkdownAttributeSet = MarkdownAttributeSet(font: .bold(.text), textColor: presentation.colors.grayText), link: MarkdownAttributeSet, linkAttribute: @escaping (String) -> (String, Any)?) {
    |                                                                                                                                                  |- warning: property 'grayText' cannot be used in a default argument value because 'ColorPalette' was not imported by this file; this is an error in the Swift 6 language mode
    |                                                                                                                                                  `- note: The missing import of module 'ColorPalette' will be added implicitly
 27 |         self.body = body
 28 |         self.link = link

[#DeprecatedDeclaration]: <https://docs.swift.org/compiler/documentation/diagnostics/deprecated-declaration>
[#NoUsage]: <https://docs.swift.org/compiler/documentation/diagnostics/no-usage>

SwiftCompile normal arm64 /Users/buddhirajgautam/Documents/Cherrygram-Mac/macOS-Swift/packages/TGUIKit/Sources/HorizontalScrollView.swift (in target 'TGUIKit' from project 'TGUIKit')
    cd /Users/buddhirajgautam/Documents/Cherrygram-Mac/macOS-Swift
    builtin-SwiftPerFileCompile HorizontalScrollView.swift

SwiftCompile normal arm64 /Users/buddhirajgautam/Documents/Cherrygram-Mac/macOS-Swift/packages/TGUIKit/Sources/HorizontalSliderControl.swift (in target 'TGUIKit' from project 'TGUIKit')
    cd /Users/buddhirajgautam/Documents/Cherrygram-Mac/macOS-Swift
    builtin-SwiftPerFileCompile HorizontalSliderControl.swift

SwiftCompile normal arm64 /Users/buddhirajgautam/Documents/Cherrygram-Mac/macOS-Swift/packages/TGUIKit/Sources/HorizontalTableView.swift (in target 'TGUIKit' from project 'TGUIKit')
    cd /Users/buddhirajgautam/Documents/Cherrygram-Mac/macOS-Swift
    builtin-SwiftPerFileCompile HorizontalTableView.swift

SwiftCompile normal arm64 /Users/buddhirajgautam/Documents/Cherrygram-Mac/macOS-Swift/packages/TGUIKit/Sources/Image.swift (in target 'TGUIKit' from project 'TGUIKit')
    cd /Users/buddhirajgautam/Documents/Cherrygram-Mac/macOS-Swift
    builtin-SwiftPerFileCompile Image.swift

SwiftCompile normal arm64 /Users/buddhirajgautam/Documents/Cherrygram-Mac/macOS-Swift/packages/TGUIKit/Sources/ImageBarView.swift (in target 'TGUIKit' from project 'TGUIKit')
    cd /Users/buddhirajgautam/Documents/Cherrygram-Mac/macOS-Swift
    builtin-SwiftPerFileCompile ImageBarView.swift

SwiftCompile normal arm64 /Users/buddhirajgautam/Documents/Cherrygram-Mac/macOS-Swift/packages/TGUIKit/Sources/ImageButton.swift (in target 'TGUIKit' from project 'TGUIKit')
    cd /Users/buddhirajgautam/Documents/Cherrygram-Mac/macOS-Swift
    builtin-SwiftPerFileCompile ImageButton.swift

SwiftCompile normal arm64 /Users/buddhirajgautam/Documents/Cherrygram-Mac/macOS-Swift/packages/TGUIKit/Sources/ImageView.swift (in target 'TGUIKit' from project 'TGUIKit')
    cd /Users/buddhirajgautam/Documents/Cherrygram-Mac/macOS-Swift
    builtin-SwiftPerFileCompile ImageView.swift

SwiftCompile normal arm64 /Users/buddhirajgautam/Documents/Cherrygram-Mac/macOS-Swift/packages/TGUIKit/Sources/InfiniteProgressView.swift (in target 'TGUIKit' from project 'TGUIKit')
    cd /Users/buddhirajgautam/Documents/Cherrygram-Mac/macOS-Swift
    builtin-SwiftPerFileCompile InfiniteProgressView.swift

SwiftCompile normal arm64 /Users/buddhirajgautam/Documents/Cherrygram-Mac/macOS-Swift/packages/TGUIKit/Sources/InternalBattery.swift (in target 'TGUIKit' from project 'TGUIKit')
    cd /Users/buddhirajgautam/Documents/Cherrygram-Mac/macOS-Swift
    builtin-SwiftPerFileCompile InternalBattery.swift

SwiftCompile normal arm64 /Users/buddhirajgautam/Documents/Cherrygram-Mac/macOS-Swift/packages/TGUIKit/Sources/InternalFinder.swift (in target 'TGUIKit' from project 'TGUIKit')
    cd /Users/buddhirajgautam/Documents/Cherrygram-Mac/macOS-Swift
    builtin-SwiftPerFileCompile InternalFinder.swift

SwiftCompile normal arm64 /Users/buddhirajgautam/Documents/Cherrygram-Mac/macOS-Swift/packages/TGUIKit/Sources/InvisibleInkDustView.swift (in target 'TGUIKit' from project 'TGUIKit')
    cd /Users/buddhirajgautam/Documents/Cherrygram-Mac/macOS-Swift
    builtin-SwiftPerFileCompile InvisibleInkDustView.swift

SwiftCompile normal arm64 /Users/buddhirajgautam/Documents/Cherrygram-Mac/macOS-Swift/packages/TGUIKit/Sources/Layer.swift (in target 'TGUIKit' from project 'TGUIKit')
    cd /Users/buddhirajgautam/Documents/Cherrygram-Mac/macOS-Swift
    builtin-SwiftPerFileCompile Layer.swift

SwiftCompile normal arm64 /Users/buddhirajgautam/Documents/Cherrygram-Mac/macOS-Swift/packages/TGUIKit/Sources/LinearProgressControl.swift (in target 'TGUIKit' from project 'TGUIKit')
    cd /Users/buddhirajgautam/Documents/Cherrygram-Mac/macOS-Swift
    builtin-SwiftPerFileCompile LinearProgressControl.swift

SwiftCompile normal arm64 /Users/buddhirajgautam/Documents/Cherrygram-Mac/macOS-Swift/packages/TGUIKit/Sources/MagnifyView.swift (in target 'TGUIKit' from project 'TGUIKit')
    cd /Users/buddhirajgautam/Documents/Cherrygram-Mac/macOS-Swift
    builtin-SwiftPerFileCompile MagnifyView.swift

SwiftCompile normal arm64 /Users/buddhirajgautam/Documents/Cherrygram-Mac/macOS-Swift/packages/TGUIKit/Sources/MajorNavigationController.swift (in target 'TGUIKit' from project 'TGUIKit')
    cd /Users/buddhirajgautam/Documents/Cherrygram-Mac/macOS-Swift
    builtin-SwiftPerFileCompile MajorNavigationController.swift

SwiftCompile normal arm64 /Users/buddhirajgautam/Documents/Cherrygram-Mac/macOS-Swift/packages/TGUIKit/Sources/Markdown.swift (in target 'TGUIKit' from project 'TGUIKit')
    cd /Users/buddhirajgautam/Documents/Cherrygram-Mac/macOS-Swift
    builtin-SwiftPerFileCompile Markdown.swift

SwiftDriverJobDiscovery normal arm64 Compiling SyncCore_SynchronizeSavedStickersOperation.swift, SyncCore_SynchronizeableChatInputState.swift, SyncCore_TelegramChannel.swift, SyncCore_TelegramChatAdminRights.swift, SyncCore_TelegramChatBannedRights.swift, SyncCore_TelegramDeviceContactImportedData.swift, SyncCore_TelegramGroup.swift, SyncCore_TelegramMediaAction.swift, SyncCore_TelegramMediaContact.swift, SyncCore_TelegramMediaDice.swift, SyncCore_TelegramMediaExpiredContent.swift, SyncCore_TelegramMediaFile.swift, SyncCore_TelegramMediaGame.swift, SyncCore_TelegramMediaGiveaway.swift, SyncCore_TelegramMediaGiveawayResults.swift, SyncCore_TelegramMediaImage.swift, SyncCore_TelegramMediaInvoice.swift, SyncCore_TelegramMediaMap.swift, SyncCore_TelegramMediaPaidContent.swift, SyncCore_TelegramMediaPoll.swift, SyncCore_TelegramMediaResource.swift, SyncCore_TelegramMediaStory.swift, SyncCore_TelegramMediaTodo.swift, SyncCore_TelegramMediaUnsupported.swift (in target 'TelegramCore' from project 'TelegramCore')

SwiftDriver\ Compilation Postbox normal arm64 com.apple.xcode.tools.swift.compiler (in target 'Postbox' from project 'Postbox')
    cd /Users/buddhirajgautam/Documents/Cherrygram-Mac/macOS-Swift
    builtin-Swift-Compilation -- /Applications/Xcode.app/Contents/Developer/Toolchains/XcodeDefault.xctoolchain/usr/bin/swiftc -parse-as-library -module-name Postbox -Onone @/Users/buddhirajgautam/Library/Developer/Xcode/DerivedData/Telegram-Mac-fygdgghdgmuleoelvxabfmqiotta/Build/Intermediates.noindex/Postbox.build/Debug/Postbox-t.build/Objects-normal/arm64/Postbox.SwiftFileList -DSWIFT_PACKAGE -DDEBUG -DSWIFT_MODULE_RESOURCE_BUNDLE_UNAVAILABLE -Xcc -fmodule-map-file\=/Users/buddhirajgautam/Library/Developer/Xcode/DerivedData/Telegram-Mac-fygdgghdgmuleoelvxabfmqiotta/Build/Intermediates.noindex/GeneratedModuleMaps/MurMurHash32.modulemap -Xcc -fmodule-map-file\=/Users/buddhirajgautam/Library/Developer/Xcode/DerivedData/Telegram-Mac-fygdgghdgmuleoelvxabfmqiotta/Build/Intermediates.noindex/GeneratedModuleMaps/sqlcipher.modulemap -Xcc -fmodule-map-file\=/Users/buddhirajgautam/Library/Developer/Xcode/DerivedData/Telegram-Mac-fygdgghdgmuleoelvxabfmqiotta/Build/Intermediates.noindex/GeneratedModuleMaps/StringTransliteration.modulemap -Xcc -fmodule-map-file\=/Users/buddhirajgautam/Library/Developer/Xcode/DerivedData/Telegram-Mac-fygdgghdgmuleoelvxabfmqiotta/Build/Intermediates.noindex/GeneratedModuleMaps/DarwinDirStat.modulemap -Xcc -fmodule-map-file\=/Users/buddhirajgautam/Library/Developer/Xcode/DerivedData/Telegram-Mac-fygdgghdgmuleoelvxabfmqiotta/Build/Intermediates.noindex/GeneratedModuleMaps/CryptoUtils.modulemap -Xcc -fmodule-map-file\=/Users/buddhirajgautam/Library/Developer/Xcode/DerivedData/Telegram-Mac-fygdgghdgmuleoelvxabfmqiotta/Build/Intermediates.noindex/GeneratedModuleMaps/Crc32.modulemap -DXcode -plugin-path /Applications/Xcode.app/Contents/Developer/Toolchains/XcodeDefault.xctoolchain/usr/lib/swift/host/plugins/testing -enable-experimental-feature DebugDescriptionMacro -sdk /Applications/Xcode.app/Contents/Developer/Platforms/MacOSX.platform/Developer/SDKs/MacOSX27.0.sdk -target arm64-apple-macos12.0 -g -module-cache-path /Users/buddhirajgautam/Library/Developer/Xcode/DerivedData/ModuleCache.noindex -Xfrontend -serialize-debugging-options -profile-coverage-mapping -profile-generate -enable-testing -index-store-path /Users/buddhirajgautam/Library/Developer/Xcode/DerivedData/Telegram-Mac-fygdgghdgmuleoelvxabfmqiotta/Index.noindex/DataStore -Xcc -D_LIBCPP_HARDENING_MODE\=_LIBCPP_HARDENING_MODE_DEBUG -swift-version 5 -I /Users/buddhirajgautam/Library/Developer/Xcode/DerivedData/Telegram-Mac-fygdgghdgmuleoelvxabfmqiotta/Build/Products/Debug -Isystem /Applications/Xcode.app/Contents/Developer/Platforms/MacOSX.platform/Developer/usr/lib -F /Users/buddhirajgautam/Library/Developer/Xcode/DerivedData/Telegram-Mac-fygdgghdgmuleoelvxabfmqiotta/Build/Products/Debug/PackageFrameworks -F /Users/buddhirajgautam/Library/Developer/Xcode/DerivedData/Telegram-Mac-fygdgghdgmuleoelvxabfmqiotta/Build/Products/Debug -F /Applications/Xcode.app/Contents/Developer/Platforms/MacOSX.platform/Developer/Library/Frameworks -c -j8 -enable-batch-mode -incremental -Xcc -ivfsstatcache -Xcc /Users/buddhirajgautam/Library/Developer/Xcode/DerivedData/SDKStatCaches.noindex/macosx27.0-26A425-e829b21a6f8c9b70876ba0858053c0447231f6df4def33e022ae2eb8f782df1a.sdkstatcache -output-file-map /Users/buddhirajgautam/Library/Developer/Xcode/DerivedData/Telegram-Mac-fygdgghdgmuleoelvxabfmqiotta/Build/Intermediates.noindex/Postbox.build/Debug/Postbox-t.build/Objects-normal/arm64/Postbox-OutputFileMap.json -save-temps -no-color-diagnostics -explicit-module-build -module-cache-path /Users/buddhirajgautam/Library/Developer/Xcode/DerivedData/Telegram-Mac-fygdgghdgmuleoelvxabfmqiotta/Build/Intermediates.noindex/SwiftExplicitPrecompiledModules -clang-scanner-module-cache-path /Users/buddhirajgautam/Library/Developer/Xcode/DerivedData/ModuleCache.noindex -sdk-module-cache-path /Users/buddhirajgautam/Library/Developer/Xcode/DerivedData/SDKExplicitPrecompiledModules -emit-dependencies -emit-module -emit-module-path /Users/buddhirajgautam/Library/Developer/Xcode/DerivedData/Telegram-Mac-fygdgghdgmuleoelvxabfmqiotta/Build/Intermediates.noindex/Postbox.build/Debug/Postbox-t.build/Objects-normal/arm64/Postbox.swiftmodule -serialize-diagnostics -dependency-scan-serialize-diagnostics-path /Users/buddhirajgautam/Library/Developer/Xcode/DerivedData/Telegram-Mac-fygdgghdgmuleoelvxabfmqiotta/Build/Intermediates.noindex/Postbox.build/Debug/Postbox-t.build/Objects-normal/arm64/Postbox-dependency-scan.dia -validate-clang-modules-once -clang-build-session-file /Users/buddhirajgautam/Library/Developer/Xcode/DerivedData/ModuleCache.noindex/Session.modulevalidation -Xcc -fmodules-prune-interval\=86400 -Xcc -fmodules-prune-after\=345600 -emit-const-values -const-gather-protocols-list /Users/buddhirajgautam/Library/Developer/Xcode/DerivedData/Telegram-Mac-fygdgghdgmuleoelvxabfmqiotta/Build/Intermediates.noindex/Postbox.build/Debug/Postbox-t.build/Objects-normal/arm64/Postbox_const_extract_protocols.json -Xcc -I/Users/buddhirajgautam/Documents/Cherrygram-Mac/macOS-Swift/submodules/telegram-ios/submodules/MurMurHash32/PublicHeaders -Xcc -I/Users/buddhirajgautam/Documents/Cherrygram-Mac/macOS-Swift/submodules/telegram-ios/submodules/sqlcipher/PublicHeaders -Xcc -I/Users/buddhirajgautam/Documents/Cherrygram-Mac/macOS-Swift/submodules/telegram-ios/submodules/StringTransliteration/PublicHeaders -Xcc -I/Users/buddhirajgautam/Documents/Cherrygram-Mac/macOS-Swift/submodules/telegram-ios/submodules/Utils/DarwinDirStat/PublicHeaders -Xcc -I/Users/buddhirajgautam/Documents/Cherrygram-Mac/macOS-Swift/submodules/telegram-ios/submodules/CryptoUtils/PublicHeaders -Xcc -I/Users/buddhirajgautam/Documents/Cherrygram-Mac/macOS-Swift/submodules/telegram-ios/submodules/Crc32/PublicHeaders -Xcc -I/Users/buddhirajgautam/Library/Developer/Xcode/DerivedData/Telegram-Mac-fygdgghdgmuleoelvxabfmqiotta/Build/Products/Debug/include -Xcc -I/Users/buddhirajgautam/Library/Developer/Xcode/DerivedData/Telegram-Mac-fygdgghdgmuleoelvxabfmqiotta/Build/Intermediates.noindex/Postbox.build/Debug/Postbox-t.build/DerivedSources-normal/arm64 -Xcc -I/Users/buddhirajgautam/Library/Developer/Xcode/DerivedData/Telegram-Mac-fygdgghdgmuleoelvxabfmqiotta/Build/Intermediates.noindex/Postbox.build/Debug/Postbox-t.build/DerivedSources/arm64 -Xcc -I/Users/buddhirajgautam/Library/Developer/Xcode/DerivedData/Telegram-Mac-fygdgghdgmuleoelvxabfmqiotta/Build/Intermediates.noindex/Postbox.build/Debug/Postbox-t.build/DerivedSources -Xcc -DSWIFT_PACKAGE -Xcc -DDEBUG\=1 -emit-objc-header -emit-objc-header-path /Users/buddhirajgautam/Library/Developer/Xcode/DerivedData/Telegram-Mac-fygdgghdgmuleoelvxabfmqiotta/Build/Intermediates.noindex/Postbox.build/Debug/Postbox-t.build/Objects-normal/arm64/Postbox-Swift.h -working-directory /Users/buddhirajgautam/Documents/Cherrygram-Mac/macOS-Swift -experimental-emit-module-separately -disable-cmo

ExtractAppIntentsMetadata (in target 'ManagedFile' from project 'ManagedFile')
    cd /Users/buddhirajgautam/Documents/Cherrygram-Mac/macOS-Swift/submodules/telegram-ios/submodules/ManagedFile
    /Applications/Xcode.app/Contents/Developer/Toolchains/XcodeDefault.xctoolchain/usr/bin/appintentsmetadataprocessor --toolchain-dir /var/run/com.apple.security.cryptexd/mnt/com.apple.MobileAsset.MetalToolchain-v27.1.266.1.Pr1pMU/Metal.xctoolchain --module-name ManagedFile --sdk-root /Applications/Xcode.app/Contents/Developer/Platforms/MacOSX.platform/Developer/SDKs/MacOSX27.0.sdk --xcode-version 27A266a --platform-family macOS --deployment-target 12.0 --bundle-identifier managedfile.ManagedFile --output /Users/buddhirajgautam/Library/Developer/Xcode/DerivedData/Telegram-Mac-fygdgghdgmuleoelvxabfmqiotta/Build/Products/Debug/ManagedFile.appintents --target-triple arm64-apple-macos12.0 --binary-file /Users/buddhirajgautam/Library/Developer/Xcode/DerivedData/Telegram-Mac-fygdgghdgmuleoelvxabfmqiotta/Build/Products/Debug/ManagedFile.o --dependency-file /Users/buddhirajgautam/Library/Developer/Xcode/DerivedData/Telegram-Mac-fygdgghdgmuleoelvxabfmqiotta/Build/Intermediates.noindex/ManagedFile.build/Debug/ManagedFile-t.build/Objects-normal/arm64/ManagedFile_dependency_info.dat --stringsdata-file /Users/buddhirajgautam/Library/Developer/Xcode/DerivedData/Telegram-Mac-fygdgghdgmuleoelvxabfmqiotta/Build/Intermediates.noindex/ManagedFile.build/Debug/ManagedFile-t.build/Objects-normal/arm64/ExtractedAppShortcutsMetadata.stringsdata --source-file-list /Users/buddhirajgautam/Library/Developer/Xcode/DerivedData/Telegram-Mac-fygdgghdgmuleoelvxabfmqiotta/Build/Intermediates.noindex/ManagedFile.build/Debug/ManagedFile-t.build/Objects-normal/arm64/ManagedFile.SwiftFileList --metadata-file-list /Users/buddhirajgautam/Library/Developer/Xcode/DerivedData/Telegram-Mac-fygdgghdgmuleoelvxabfmqiotta/Build/Intermediates.noindex/ManagedFile.build/Debug/ManagedFile-t.build/ManagedFile.DependencyMetadataFileList --static-metadata-file-list /Users/buddhirajgautam/Library/Developer/Xcode/DerivedData/Telegram-Mac-fygdgghdgmuleoelvxabfmqiotta/Build/Intermediates.noindex/ManagedFile.build/Debug/ManagedFile-t.build/ManagedFile.DependencyStaticMetadataFileList --swift-const-vals-list /Users/buddhirajgautam/Library/Developer/Xcode/DerivedData/Telegram-Mac-fygdgghdgmuleoelvxabfmqiotta/Build/Intermediates.noindex/ManagedFile.build/Debug/ManagedFile-t.build/Objects-normal/arm64/ManagedFile.SwiftConstValuesFileList --force --compile-time-extraction --deployment-aware-processing --no-app-shortcuts-localization
2026-09-21 20:25:07.273 appintentsmetadataprocessor[56574:3887828] Starting appintentsmetadataprocessor export
2026-09-21 20:25:07.394 appintentsmetadataprocessor[56574:3887828] Extracted no relevant App Intents symbols, skipping writing output

Touch /Users/buddhirajgautam/Library/Developer/Xcode/DerivedData/Telegram-Mac-fygdgghdgmuleoelvxabfmqiotta/Build/Products/Debug/GoogleDataTransport_GoogleDataTransport.bundle (in target 'GoogleDataTransport_GoogleDataTransport' from project 'GoogleDataTransport')
    cd /Users/buddhirajgautam/Library/Developer/Xcode/DerivedData/Telegram-Mac-fygdgghdgmuleoelvxabfmqiotta/SourcePackages/checkouts/GoogleDataTransport
    /usr/bin/touch -c /Users/buddhirajgautam/Library/Developer/Xcode/DerivedData/Telegram-Mac-fygdgghdgmuleoelvxabfmqiotta/Build/Products/Debug/GoogleDataTransport_GoogleDataTransport.bundle

Ld /Users/buddhirajgautam/Library/Developer/Xcode/DerivedData/Telegram-Mac-fygdgghdgmuleoelvxabfmqiotta/Build/Products/Debug/FlatSerialization.o normal (in target 'FlatSerialization' from project 'FlatSerialization')
    cd /Users/buddhirajgautam/Documents/Cherrygram-Mac/macOS-Swift/submodules/telegram-ios/submodules/TelegramCore/FlatSerialization
    /Applications/Xcode.app/Contents/Developer/Toolchains/XcodeDefault.xctoolchain/usr/bin/clang -Xlinker -reproducible -target arm64-apple-macos12.0 -r -isysroot /Applications/Xcode.app/Contents/Developer/Platforms/MacOSX.platform/Developer/SDKs/MacOSX27.0.sdk -O0 -Xlinker -no_warn_duplicate_libraries -F/Users/buddhirajgautam/Library/Developer/Xcode/DerivedData/Telegram-Mac-fygdgghdgmuleoelvxabfmqiotta/Build/Intermediates.noindex/EagerLinkingTBDs/Debug -F/Users/buddhirajgautam/Library/Developer/Xcode/DerivedData/Telegram-Mac-fygdgghdgmuleoelvxabfmqiotta/Build/Products/Debug/PackageFrameworks -F/Users/buddhirajgautam/Library/Developer/Xcode/DerivedData/Telegram-Mac-fygdgghdgmuleoelvxabfmqiotta/Build/Products/Debug -iframework /Applications/Xcode.app/Contents/Developer/Platforms/MacOSX.platform/Developer/Library/Frameworks -filelist /Users/buddhirajgautam/Library/Developer/Xcode/DerivedData/Telegram-Mac-fygdgghdgmuleoelvxabfmqiotta/Build/Intermediates.noindex/FlatSerialization.build/Debug/FlatSerialization-t.build/Objects-normal/arm64/FlatSerialization.LinkFileList -nostdlib -Xlinker -object_path_lto -Xlinker /Users/buddhirajgautam/Library/Developer/Xcode/DerivedData/Telegram-Mac-fygdgghdgmuleoelvxabfmqiotta/Build/Intermediates.noindex/FlatSerialization.build/Debug/FlatSerialization-t.build/Objects-normal/arm64/FlatSerialization_lto.o -Xlinker -no_deduplicate -Xlinker -debug_variant -Xlinker -dependency_info -Xlinker /Users/buddhirajgautam/Library/Developer/Xcode/DerivedData/Telegram-Mac-fygdgghdgmuleoelvxabfmqiotta/Build/Intermediates.noindex/FlatSerialization.build/Debug/FlatSerialization-t.build/Objects-normal/arm64/FlatSerialization_dependency_info.dat -fobjc-link-runtime -L/Applications/Xcode.app/Contents/Developer/Toolchains/XcodeDefault.xctoolchain/usr/lib/swift/macosx -L/usr/lib/swift -Xlinker -add_ast_path -Xlinker /Users/buddhirajgautam/Library/Developer/Xcode/DerivedData/Telegram-Mac-fygdgghdgmuleoelvxabfmqiotta/Build/Intermediates.noindex/FlatSerialization.build/Debug/FlatSerialization-t.build/Objects-normal/arm64/FlatSerialization.swiftmodule -o /Users/buddhirajgautam/Library/Developer/Xcode/DerivedData/Telegram-Mac-fygdgghdgmuleoelvxabfmqiotta/Build/Products/Debug/FlatSerialization.o

SwiftDriverJobDiscovery normal arm64 Compiling TermsOfService.swift, UpdateAccountPeerName.swift, AuthTransfer.swift, CancelAccountReset.swift, ConfirmTwoStepRecoveryEmail.swift, TelegramEngineAuth.swift, TwoStepVerification.swift, GroupCalls.swift, RateCall.swift, TelegramEngineCalls.swift, ContactManagement.swift, DeviceContact.swift, ImportContact.swift, PhoneNumber.swift, TelegramDeviceContactImportInfo.swift, TelegramEngineContacts.swift, UpdateContactName.swift, ChatListData.swift, ConfigurationData.swift, ContactsData.swift, ItemCacheData.swift, MessagesData.swift, NoticesData.swift, OrderedListsData.swift (in target 'TelegramCore' from project 'TelegramCore')

Touch /Users/buddhirajgautam/Library/Developer/Xcode/DerivedData/Telegram-Mac-fygdgghdgmuleoelvxabfmqiotta/Build/Products/Debug/DustLayer_DustLayer.bundle (in target 'DustLayer_DustLayer' from project 'DustLayer')
    cd /Users/buddhirajgautam/Documents/Cherrygram-Mac/macOS-Swift/packages/DustLayer
    /usr/bin/touch -c /Users/buddhirajgautam/Library/Developer/Xcode/DerivedData/Telegram-Mac-fygdgghdgmuleoelvxabfmqiotta/Build/Products/Debug/DustLayer_DustLayer.bundle

ExtractAppIntentsMetadata (in target 'Colors' from project 'Colors')
    cd /Users/buddhirajgautam/Documents/Cherrygram-Mac/macOS-Swift/packages/Colors
    /Applications/Xcode.app/Contents/Developer/Toolchains/XcodeDefault.xctoolchain/usr/bin/appintentsmetadataprocessor --toolchain-dir /var/run/com.apple.security.cryptexd/mnt/com.apple.MobileAsset.MetalToolchain-v27.1.266.1.Pr1pMU/Metal.xctoolchain --module-name Colors --sdk-root /Applications/Xcode.app/Contents/Developer/Platforms/MacOSX.platform/Developer/SDKs/MacOSX27.0.sdk --xcode-version 27A266a --platform-family macOS --deployment-target 12.0 --bundle-identifier colors.Colors --output /Users/buddhirajgautam/Library/Developer/Xcode/DerivedData/Telegram-Mac-fygdgghdgmuleoelvxabfmqiotta/Build/Products/Debug/Colors.appintents --target-triple arm64-apple-macos12.0 --binary-file /Users/buddhirajgautam/Library/Developer/Xcode/DerivedData/Telegram-Mac-fygdgghdgmuleoelvxabfmqiotta/Build/Products/Debug/Colors.o --dependency-file /Users/buddhirajgautam/Library/Developer/Xcode/DerivedData/Telegram-Mac-fygdgghdgmuleoelvxabfmqiotta/Build/Intermediates.noindex/Colors.build/Debug/Colors-t.build/Objects-normal/arm64/Colors_dependency_info.dat --stringsdata-file /Users/buddhirajgautam/Library/Developer/Xcode/DerivedData/Telegram-Mac-fygdgghdgmuleoelvxabfmqiotta/Build/Intermediates.noindex/Colors.build/Debug/Colors-t.build/Objects-normal/arm64/ExtractedAppShortcutsMetadata.stringsdata --source-file-list /Users/buddhirajgautam/Library/Developer/Xcode/DerivedData/Telegram-Mac-fygdgghdgmuleoelvxabfmqiotta/Build/Intermediates.noindex/Colors.build/Debug/Colors-t.build/Objects-normal/arm64/Colors.SwiftFileList --metadata-file-list /Users/buddhirajgautam/Library/Developer/Xcode/DerivedData/Telegram-Mac-fygdgghdgmuleoelvxabfmqiotta/Build/Intermediates.noindex/Colors.build/Debug/Colors-t.build/Colors.DependencyMetadataFileList --static-metadata-file-list /Users/buddhirajgautam/Library/Developer/Xcode/DerivedData/Telegram-Mac-fygdgghdgmuleoelvxabfmqiotta/Build/Intermediates.noindex/Colors.build/Debug/Colors-t.build/Colors.DependencyStaticMetadataFileList --swift-const-vals-list /Users/buddhirajgautam/Library/Developer/Xcode/DerivedData/Telegram-Mac-fygdgghdgmuleoelvxabfmqiotta/Build/Intermediates.noindex/Colors.build/Debug/Colors-t.build/Objects-normal/arm64/Colors.SwiftConstValuesFileList --force --compile-time-extraction --deployment-aware-processing --no-app-shortcuts-localization
2026-09-21 20:25:07.552 appintentsmetadataprocessor[56579:3887840] Starting appintentsmetadataprocessor export
2026-09-21 20:25:07.670 appintentsmetadataprocessor[56579:3887840] Extracted no relevant App Intents symbols, skipping writing output

ScanDependencies /Users/buddhirajgautam/Library/Developer/Xcode/DerivedData/Telegram-Mac-fygdgghdgmuleoelvxabfmqiotta/Build/Intermediates.noindex/CodeSyntax.build/Debug/CodeSyntax.build/Objects-normal/arm64/CodeSyntax_vers.o /Users/buddhirajgautam/Library/Developer/Xcode/DerivedData/Telegram-Mac-fygdgghdgmuleoelvxabfmqiotta/Build/Intermediates.noindex/CodeSyntax.build/Debug/CodeSyntax.build/DerivedSources/CodeSyntax_vers.c normal arm64 c com.apple.compilers.llvm.clang.1_0.compiler (in target 'CodeSyntax' from project 'CodeSyntax')
    cd /Users/buddhirajgautam/Documents/Cherrygram-Mac/macOS-Swift/submodules/CodeSyntax/CodeSyntax
    
    Using response file: /Users/buddhirajgautam/Library/Developer/Xcode/DerivedData/Telegram-Mac-fygdgghdgmuleoelvxabfmqiotta/Build/Intermediates.noindex/CodeSyntax.build/Debug/CodeSyntax.build/Objects-normal/arm64/7187679823f38a2a940e0043cdf9d637-common-args.resp
    
    builtin-ScanDependencies -o /Users/buddhirajgautam/Library/Developer/Xcode/DerivedData/Telegram-Mac-fygdgghdgmuleoelvxabfmqiotta/Build/Intermediates.noindex/CodeSyntax.build/Debug/CodeSyntax.build/Objects-normal/arm64/CodeSyntax_vers.o.scan -- /Applications/Xcode.app/Contents/Developer/Toolchains/XcodeDefault.xctoolchain/usr/bin/clang -x c -ivfsstatcache /Users/buddhirajgautam/Library/Developer/Xcode/DerivedData/SDKStatCaches.noindex/macosx27.0-26A425-e829b21a6f8c9b70876ba0858053c0447231f6df4def33e022ae2eb8f782df1a.sdkstatcache -target arm64-apple-macos12.0 -fmessage-length\=0 -fdiagnostics-show-note-include-stack -fmacro-backtrace-limit\=0 -fno-color-diagnostics -fmodules-prune-interval\=86400 -fmodules-prune-after\=345600 -fbuild-session-file\=/Users/buddhirajgautam/Library/Developer/Xcode/DerivedData/ModuleCache.noindex/Session.modulevalidation -fmodules-validate-once-per-build-session -Wnon-modular-include-in-framework-module -Werror\=non-modular-include-in-framework-module -Wno-trigraphs -Wno-missing-field-initializers -Wno-missing-prototypes -Werror\=return-type -Wdocumentation -Wunreachable-code -Wquoted-include-in-framework-header -Werror\=deprecated-objc-isa-usage -Werror\=objc-root-class -Wno-missing-braces -Wparentheses -Wswitch -Wunused-function -Wno-unused-label -Wno-unused-parameter -Wunused-variable -Wunused-value -Wempty-body -Wuninitialized -Wconditional-uninitialized -Wno-unknown-pragmas -Wno-shadow -Wno-four-char-constants -Wno-conversion -Wconstant-conversion -Wint-conversion -Wbool-conversion -Wenum-conversion -Wno-float-conversion -Wnon-literal-null-conversion -Wobjc-literal-conversion -Wshorten-64-to-32 -Wpointer-sign -Wno-newline-eof -Wno-implicit-fallthrough -isysroot /Applications/Xcode.app/Contents/Developer/Platforms/MacOSX.platform/Developer/SDKs/MacOSX27.0.sdk -fstrict-aliasing -Wdeprecated-declarations -Wno-sign-conversion -Winfinite-recursion -Wcomma -Wblock-capture-autoreleasing -Wstrict-prototypes -Wno-semicolon-before-method-body -Wunguarded-availability -index-store-path /Users/buddhirajgautam/Library/Developer/Xcode/DerivedData/Telegram-Mac-fygdgghdgmuleoelvxabfmqiotta/Index.noindex/DataStore @/Users/buddhirajgautam/Library/Developer/Xcode/DerivedData/Telegram-Mac-fygdgghdgmuleoelvxabfmqiotta/Build/Intermediates.noindex/CodeSyntax.build/Debug/CodeSyntax.build/Objects-normal/arm64/7187679823f38a2a940e0043cdf9d637-common-args.resp -MMD -MT dependencies -MF /Users/buddhirajgautam/Library/Developer/Xcode/DerivedData/Telegram-Mac-fygdgghdgmuleoelvxabfmqiotta/Build/Intermediates.noindex/CodeSyntax.build/Debug/CodeSyntax.build/Objects-normal/arm64/CodeSyntax_vers.d --serialize-diagnostics /Users/buddhirajgautam/Library/Developer/Xcode/DerivedData/Telegram-Mac-fygdgghdgmuleoelvxabfmqiotta/Build/Intermediates.noindex/CodeSyntax.build/Debug/CodeSyntax.build/Objects-normal/arm64/CodeSyntax_vers.dia -c /Users/buddhirajgautam/Library/Developer/Xcode/DerivedData/Telegram-Mac-fygdgghdgmuleoelvxabfmqiotta/Build/Intermediates.noindex/CodeSyntax.build/Debug/CodeSyntax.build/DerivedSources/CodeSyntax_vers.c -o /Users/buddhirajgautam/Library/Developer/Xcode/DerivedData/Telegram-Mac-fygdgghdgmuleoelvxabfmqiotta/Build/Intermediates.noindex/CodeSyntax.build/Debug/CodeSyntax.build/Objects-normal/arm64/CodeSyntax_vers.o -index-unit-output-path /CodeSyntax.build/Debug/CodeSyntax.build/Objects-normal/arm64/CodeSyntax_vers.o

ProcessInfoPlistFile /Users/buddhirajgautam/Library/Developer/Xcode/DerivedData/Telegram-Mac-fygdgghdgmuleoelvxabfmqiotta/Build/Products/Debug/Autoupdate.app/Contents/Info.plist /Users/buddhirajgautam/Documents/Cherrygram-Mac/macOS-Swift/submodules/Sparkle/Sparkle/Autoupdate/Autoupdate-Info.plist (in target 'Autoupdate' from project 'Sparkle')
    cd /Users/buddhirajgautam/Documents/Cherrygram-Mac/macOS-Swift/submodules/Sparkle
    builtin-infoPlistUtility /Users/buddhirajgautam/Documents/Cherrygram-Mac/macOS-Swift/submodules/Sparkle/Sparkle/Autoupdate/Autoupdate-Info.plist -producttype com.apple.product-type.application -genpkginfo /Users/buddhirajgautam/Library/Developer/Xcode/DerivedData/Telegram-Mac-fygdgghdgmuleoelvxabfmqiotta/Build/Products/Debug/Autoupdate.app/Contents/PkgInfo -expandbuildsettings -platform macosx -additionalcontentfile /Users/buddhirajgautam/Library/Developer/Xcode/DerivedData/Telegram-Mac-fygdgghdgmuleoelvxabfmqiotta/Build/Intermediates.noindex/Sparkle.build/Debug/Autoupdate.build/SUStatus-PartialInfo.plist -o /Users/buddhirajgautam/Library/Developer/Xcode/DerivedData/Telegram-Mac-fygdgghdgmuleoelvxabfmqiotta/Build/Products/Debug/Autoupdate.app/Contents/Info.plist

Ld /Users/buddhirajgautam/Library/Developer/Xcode/DerivedData/Telegram-Mac-fygdgghdgmuleoelvxabfmqiotta/Build/Products/Debug/GoogleUtilities-Environment.o normal (in target 'GoogleUtilities-Environment' from project 'GoogleUtilities')
    cd /Users/buddhirajgautam/Library/Developer/Xcode/DerivedData/Telegram-Mac-fygdgghdgmuleoelvxabfmqiotta/SourcePackages/checkouts/GoogleUtilities
    /Applications/Xcode.app/Contents/Developer/Toolchains/XcodeDefault.xctoolchain/usr/bin/clang -Xlinker -reproducible -target arm64-apple-macos12.0 -r -isysroot /Applications/Xcode.app/Contents/Developer/Platforms/MacOSX.platform/Developer/SDKs/MacOSX27.0.sdk -O0 -w -Xlinker -no_warn_duplicate_libraries -F/Users/buddhirajgautam/Library/Developer/Xcode/DerivedData/Telegram-Mac-fygdgghdgmuleoelvxabfmqiotta/Build/Intermediates.noindex/EagerLinkingTBDs/Debug -F/Users/buddhirajgautam/Library/Developer/Xcode/DerivedData/Telegram-Mac-fygdgghdgmuleoelvxabfmqiotta/Build/Products/Debug/PackageFrameworks -F/Users/buddhirajgautam/Library/Developer/Xcode/DerivedData/Telegram-Mac-fygdgghdgmuleoelvxabfmqiotta/Build/Products/Debug -iframework /Applications/Xcode.app/Contents/Developer/Platforms/MacOSX.platform/Developer/Library/Frameworks -filelist /Users/buddhirajgautam/Library/Developer/Xcode/DerivedData/Telegram-Mac-fygdgghdgmuleoelvxabfmqiotta/Build/Intermediates.noindex/GoogleUtilities.build/Debug/GoogleUtilities-Environment-t.build/Objects-normal/arm64/GoogleUtilities-Environment.LinkFileList -nostdlib -Xlinker -object_path_lto -Xlinker /Users/buddhirajgautam/Library/Developer/Xcode/DerivedData/Telegram-Mac-fygdgghdgmuleoelvxabfmqiotta/Build/Intermediates.noindex/GoogleUtilities.build/Debug/GoogleUtilities-Environment-t.build/Objects-normal/arm64/GoogleUtilities-Environment_lto.o -Xlinker -no_deduplicate -Xlinker -debug_variant -Xlinker -dependency_info -Xlinker /Users/buddhirajgautam/Library/Developer/Xcode/DerivedData/Telegram-Mac-fygdgghdgmuleoelvxabfmqiotta/Build/Intermediates.noindex/GoogleUtilities.build/Debug/GoogleUtilities-Environment-t.build/Objects-normal/arm64/GoogleUtilities-Environment_dependency_info.dat -fobjc-arc -fobjc-link-runtime -o /Users/buddhirajgautam/Library/Developer/Xcode/DerivedData/Telegram-Mac-fygdgghdgmuleoelvxabfmqiotta/Build/Products/Debug/GoogleUtilities-Environment.o

GenerateDSYMFile /Users/buddhirajgautam/Library/Developer/Xcode/DerivedData/Telegram-Mac-fygdgghdgmuleoelvxabfmqiotta/Build/Products/Debug/Autoupdate.app.dSYM /Users/buddhirajgautam/Library/Developer/Xcode/DerivedData/Telegram-Mac-fygdgghdgmuleoelvxabfmqiotta/Build/Products/Debug/Autoupdate.app/Contents/MacOS/Autoupdate (in target 'Autoupdate' from project 'Sparkle')
    cd /Users/buddhirajgautam/Documents/Cherrygram-Mac/macOS-Swift/submodules/Sparkle
    export PATH\=/Applications/Xcode.app/Contents/SharedFrameworks/SwiftBuild.framework/Versions/A/PlugIns/SWBBuildService.bundle/Contents/PlugIns/SWBUniversalPlatformPlugin.bundle/Contents/Frameworks/SWBUniversalPlatform.framework/Resources:/var/run/com.apple.security.cryptexd/mnt/com.apple.MobileAsset.MetalToolchain-v27.1.266.1.Pr1pMU/Metal.xctoolchain/usr/bin:/var/run/com.apple.security.cryptexd/mnt/com.apple.MobileAsset.MetalToolchain-v27.1.266.1.Pr1pMU/Metal.xctoolchain/usr/local/bin:/var/run/com.apple.security.cryptexd/mnt/com.apple.MobileAsset.MetalToolchain-v27.1.266.1.Pr1pMU/Metal.xctoolchain/usr/libexec:/Applications/Xcode.app/Contents/Developer/Toolchains/XcodeDefault.xctoolchain/usr/bin:/Applications/Xcode.app/Contents/Developer/Toolchains/XcodeDefault.xctoolchain/usr/local/bin:/Applications/Xcode.app/Contents/Developer/Toolchains/XcodeDefault.xctoolchain/usr/libexec:/Applications/Xcode.app/Contents/Developer/Platforms/MacOSX.platform/usr/bin:/Applications/Xcode.app/Contents/Developer/Platforms/MacOSX.platform/usr/local/bin:/Applications/Xcode.app/Contents/Developer/Platforms/MacOSX.platform/Developer/usr/bin:/Applications/Xcode.app/Contents/Developer/Platforms/MacOSX.platform/Developer/usr/local/bin:/Applications/Xcode.app/Contents/Developer/usr/bin:/Applications/Xcode.app/Contents/Developer/usr/local/bin:/usr/bin:/bin:/usr/sbin:/sbin
    /Applications/Xcode.app/Contents/Developer/Toolchains/XcodeDefault.xctoolchain/usr/bin/dsymutil /Users/buddhirajgautam/Library/Developer/Xcode/DerivedData/Telegram-Mac-fygdgghdgmuleoelvxabfmqiotta/Build/Products/Debug/Autoupdate.app/Contents/MacOS/Autoupdate -o /Users/buddhirajgautam/Library/Developer/Xcode/DerivedData/Telegram-Mac-fygdgghdgmuleoelvxabfmqiotta/Build/Products/Debug/Autoupdate.app.dSYM

CompileC /Users/buddhirajgautam/Library/Developer/Xcode/DerivedData/Telegram-Mac-fygdgghdgmuleoelvxabfmqiotta/Build/Intermediates.noindex/CodeSyntax.build/Debug/CodeSyntax.build/Objects-normal/arm64/CodeSyntax_vers.o /Users/buddhirajgautam/Library/Developer/Xcode/DerivedData/Telegram-Mac-fygdgghdgmuleoelvxabfmqiotta/Build/Intermediates.noindex/CodeSyntax.build/Debug/CodeSyntax.build/DerivedSources/CodeSyntax_vers.c normal arm64 c com.apple.compilers.llvm.clang.1_0.compiler (in target 'CodeSyntax' from project 'CodeSyntax')
    cd /Users/buddhirajgautam/Documents/Cherrygram-Mac/macOS-Swift/submodules/CodeSyntax/CodeSyntax
    
    Using response file: /Users/buddhirajgautam/Library/Developer/Xcode/DerivedData/Telegram-Mac-fygdgghdgmuleoelvxabfmqiotta/Build/Intermediates.noindex/CodeSyntax.build/Debug/CodeSyntax.build/Objects-normal/arm64/7187679823f38a2a940e0043cdf9d637-common-args.resp
    
    /Applications/Xcode.app/Contents/Developer/Toolchains/XcodeDefault.xctoolchain/usr/bin/clang -x c -ivfsstatcache /Users/buddhirajgautam/Library/Developer/Xcode/DerivedData/SDKStatCaches.noindex/macosx27.0-26A425-e829b21a6f8c9b70876ba0858053c0447231f6df4def33e022ae2eb8f782df1a.sdkstatcache -target arm64-apple-macos12.0 -fmessage-length\=0 -fdiagnostics-show-note-include-stack -fmacro-backtrace-limit\=0 -fno-color-diagnostics -fmodules-prune-interval\=86400 -fmodules-prune-after\=345600 -fbuild-session-file\=/Users/buddhirajgautam/Library/Developer/Xcode/DerivedData/ModuleCache.noindex/Session.modulevalidation -fmodules-validate-once-per-build-session -Wnon-modular-include-in-framework-module -Werror\=non-modular-include-in-framework-module -Wno-trigraphs -Wno-missing-field-initializers -Wno-missing-prototypes -Werror\=return-type -Wdocumentation -Wunreachable-code -Wquoted-include-in-framework-header -Werror\=deprecated-objc-isa-usage -Werror\=objc-root-class -Wno-missing-braces -Wparentheses -Wswitch -Wunused-function -Wno-unused-label -Wno-unused-parameter -Wunused-variable -Wunused-value -Wempty-body -Wuninitialized -Wconditional-uninitialized -Wno-unknown-pragmas -Wno-shadow -Wno-four-char-constants -Wno-conversion -Wconstant-conversion -Wint-conversion -Wbool-conversion -Wenum-conversion -Wno-float-conversion -Wnon-literal-null-conversion -Wobjc-literal-conversion -Wshorten-64-to-32 -Wpointer-sign -Wno-newline-eof -Wno-implicit-fallthrough -isysroot /Applications/Xcode.app/Contents/Developer/Platforms/MacOSX.platform/Developer/SDKs/MacOSX27.0.sdk -fstrict-aliasing -Wdeprecated-declarations -Wno-sign-conversion -Winfinite-recursion -Wcomma -Wblock-capture-autoreleasing -Wstrict-prototypes -Wno-semicolon-before-method-body -Wunguarded-availability -index-store-path /Users/buddhirajgautam/Library/Developer/Xcode/DerivedData/Telegram-Mac-fygdgghdgmuleoelvxabfmqiotta/Index.noindex/DataStore @/Users/buddhirajgautam/Library/Developer/Xcode/DerivedData/Telegram-Mac-fygdgghdgmuleoelvxabfmqiotta/Build/Intermediates.noindex/CodeSyntax.build/Debug/CodeSyntax.build/Objects-normal/arm64/7187679823f38a2a940e0043cdf9d637-common-args.resp -MMD -MT dependencies -MF /Users/buddhirajgautam/Library/Developer/Xcode/DerivedData/Telegram-Mac-fygdgghdgmuleoelvxabfmqiotta/Build/Intermediates.noindex/CodeSyntax.build/Debug/CodeSyntax.build/Objects-normal/arm64/CodeSyntax_vers.d --serialize-diagnostics /Users/buddhirajgautam/Library/Developer/Xcode/DerivedData/Telegram-Mac-fygdgghdgmuleoelvxabfmqiotta/Build/Intermediates.noindex/CodeSyntax.build/Debug/CodeSyntax.build/Objects-normal/arm64/CodeSyntax_vers.dia -c /Users/buddhirajgautam/Library/Developer/Xcode/DerivedData/Telegram-Mac-fygdgghdgmuleoelvxabfmqiotta/Build/Intermediates.noindex/CodeSyntax.build/Debug/CodeSyntax.build/DerivedSources/CodeSyntax_vers.c -o /Users/buddhirajgautam/Library/Developer/Xcode/DerivedData/Telegram-Mac-fygdgghdgmuleoelvxabfmqiotta/Build/Intermediates.noindex/CodeSyntax.build/Debug/CodeSyntax.build/Objects-normal/arm64/CodeSyntax_vers.o -index-unit-output-path /CodeSyntax.build/Debug/CodeSyntax.build/Objects-normal/arm64/CodeSyntax_vers.o

Libtool /Users/buddhirajgautam/Library/Developer/Xcode/DerivedData/Telegram-Mac-fygdgghdgmuleoelvxabfmqiotta/Build/Products/Debug/CodeSyntax.framework/Versions/A/CodeSyntax normal (in target 'CodeSyntax' from project 'CodeSyntax')
    cd /Users/buddhirajgautam/Documents/Cherrygram-Mac/macOS-Swift/submodules/CodeSyntax/CodeSyntax
    /Applications/Xcode.app/Contents/Developer/Toolchains/XcodeDefault.xctoolchain/usr/bin/libtool -static -arch_only arm64 -D -syslibroot /Applications/Xcode.app/Contents/Developer/Platforms/MacOSX.platform/Developer/SDKs/MacOSX27.0.sdk -L/Users/buddhirajgautam/Library/Developer/Xcode/DerivedData/Telegram-Mac-fygdgghdgmuleoelvxabfmqiotta/Build/Products/Debug -filelist /Users/buddhirajgautam/Library/Developer/Xcode/DerivedData/Telegram-Mac-fygdgghdgmuleoelvxabfmqiotta/Build/Intermediates.noindex/CodeSyntax.build/Debug/CodeSyntax.build/Objects-normal/arm64/CodeSyntax.LinkFileList -dependency_info /Users/buddhirajgautam/Library/Developer/Xcode/DerivedData/Telegram-Mac-fygdgghdgmuleoelvxabfmqiotta/Build/Intermediates.noindex/CodeSyntax.build/Debug/CodeSyntax.build/Objects-normal/arm64/CodeSyntax_libtool_dependency_info.dat -o /Users/buddhirajgautam/Library/Developer/Xcode/DerivedData/Telegram-Mac-fygdgghdgmuleoelvxabfmqiotta/Build/Products/Debug/CodeSyntax.framework/Versions/A/CodeSyntax

RegisterExecutionPolicyException /Users/buddhirajgautam/Library/Developer/Xcode/DerivedData/Telegram-Mac-fygdgghdgmuleoelvxabfmqiotta/Build/Products/Debug/CallVideoLayer_CallVideoLayer.bundle (in target 'CallVideoLayer_CallVideoLayer' from project 'CallVideoLayer')
    cd /Users/buddhirajgautam/Documents/Cherrygram-Mac/macOS-Swift/packages/CallVideoLayer
    builtin-RegisterExecutionPolicyException /Users/buddhirajgautam/Library/Developer/Xcode/DerivedData/Telegram-Mac-fygdgghdgmuleoelvxabfmqiotta/Build/Products/Debug/CallVideoLayer_CallVideoLayer.bundle

SwiftDriver TextRecognizing normal arm64 com.apple.xcode.tools.swift.compiler (in target 'TextRecognizing' from project 'TextRecognizing')
    cd /Users/buddhirajgautam/Documents/Cherrygram-Mac/macOS-Swift
    builtin-SwiftDriver -- /Applications/Xcode.app/Contents/Developer/Toolchains/XcodeDefault.xctoolchain/usr/bin/swiftc -parse-as-library -module-name TextRecognizing -Onone @/Users/buddhirajgautam/Library/Developer/Xcode/DerivedData/Telegram-Mac-fygdgghdgmuleoelvxabfmqiotta/Build/Intermediates.noindex/TextRecognizing.build/Debug/TextRecognizing-t.build/Objects-normal/arm64/TextRecognizing.SwiftFileList -DSWIFT_PACKAGE -DDEBUG -DSWIFT_MODULE_RESOURCE_BUNDLE_UNAVAILABLE -Xcc -fmodule-map-file\=/Users/buddhirajgautam/Library/Developer/Xcode/DerivedData/Telegram-Mac-fygdgghdgmuleoelvxabfmqiotta/Build/Intermediates.noindex/GeneratedModuleMaps/ObjcUtils.modulemap -Xcc -fmodule-map-file\=/Users/buddhirajgautam/Library/Developer/Xcode/DerivedData/Telegram-Mac-fygdgghdgmuleoelvxabfmqiotta/Build/Intermediates.noindex/GeneratedModuleMaps/MtProtoKit.modulemap -Xcc -fmodule-map-file\=/Users/buddhirajgautam/Library/Developer/Xcode/DerivedData/Telegram-Mac-fygdgghdgmuleoelvxabfmqiotta/Build/Intermediates.noindex/GeneratedModuleMaps/NetworkLogging.modulemap -Xcc -fmodule-map-file\=/Users/buddhirajgautam/Library/Developer/Xcode/DerivedData/Telegram-Mac-fygdgghdgmuleoelvxabfmqiotta/Build/Intermediates.noindex/GeneratedModuleMaps/LegacyReachability.modulemap -Xcc -fmodule-map-file\=/Users/buddhirajgautam/Library/Developer/Xcode/DerivedData/Telegram-Mac-fygdgghdgmuleoelvxabfmqiotta/Build/Intermediates.noindex/GeneratedModuleMaps/EncryptionProvider.modulemap -Xcc -fmodule-map-file\=/Users/buddhirajgautam/Library/Developer/Xcode/DerivedData/Telegram-Mac-fygdgghdgmuleoelvxabfmqiotta/Build/Intermediates.noindex/GeneratedModuleMaps/MurMurHash32.modulemap -Xcc -fmodule-map-file\=/Users/buddhirajgautam/Library/Developer/Xcode/DerivedData/Telegram-Mac-fygdgghdgmuleoelvxabfmqiotta/Build/Intermediates.noindex/GeneratedModuleMaps/sqlcipher.modulemap -Xcc -fmodule-map-file\=/Users/buddhirajgautam/Library/Developer/Xcode/DerivedData/Telegram-Mac-fygdgghdgmuleoelvxabfmqiotta/Build/Intermediates.noindex/GeneratedModuleMaps/StringTransliteration.modulemap -Xcc -fmodule-map-file\=/Users/buddhirajgautam/Library/Developer/Xcode/DerivedData/Telegram-Mac-fygdgghdgmuleoelvxabfmqiotta/Build/Intermediates.noindex/GeneratedModuleMaps/DarwinDirStat.modulemap -Xcc -fmodule-map-file\=/Users/buddhirajgautam/Library/Developer/Xcode/DerivedData/Telegram-Mac-fygdgghdgmuleoelvxabfmqiotta/Build/Intermediates.noindex/GeneratedModuleMaps/CryptoUtils.modulemap -Xcc -fmodule-map-file\=/Users/buddhirajgautam/Library/Developer/Xcode/DerivedData/Telegram-Mac-fygdgghdgmuleoelvxabfmqiotta/Build/Intermediates.noindex/GeneratedModuleMaps/Crc32.modulemap -DXcode -plugin-path /Applications/Xcode.app/Contents/Developer/Toolchains/XcodeDefault.xctoolchain/usr/lib/swift/host/plugins/testing -enable-experimental-feature DebugDescriptionMacro -sdk /Applications/Xcode.app/Contents/Developer/Platforms/MacOSX.platform/Developer/SDKs/MacOSX27.0.sdk -target arm64-apple-macos12.0 -g -module-cache-path /Users/buddhirajgautam/Library/Developer/Xcode/DerivedData/ModuleCache.noindex -Xfrontend -serialize-debugging-options -profile-coverage-mapping -profile-generate -enable-testing -index-store-path /Users/buddhirajgautam/Library/Developer/Xcode/DerivedData/Telegram-Mac-fygdgghdgmuleoelvxabfmqiotta/Index.noindex/DataStore -Xcc -D_LIBCPP_HARDENING_MODE\=_LIBCPP_HARDENING_MODE_DEBUG -swift-version 5 -I /Users/buddhirajgautam/Library/Developer/Xcode/DerivedData/Telegram-Mac-fygdgghdgmuleoelvxabfmqiotta/Build/Products/Debug -Isystem /Applications/Xcode.app/Contents/Developer/Platforms/MacOSX.platform/Developer/usr/lib -F /Users/buddhirajgautam/Library/Developer/Xcode/DerivedData/Telegram-Mac-fygdgghdgmuleoelvxabfmqiotta/Build/Products/Debug/PackageFrameworks -F /Users/buddhirajgautam/Library/Developer/Xcode/DerivedData/Telegram-Mac-fygdgghdgmuleoelvxabfmqiotta/Build/Products/Debug -F /Applications/Xcode.app/Contents/Developer/Platforms/MacOSX.platform/Developer/Library/Frameworks -c -j8 -enable-batch-mode -incremental -Xcc -ivfsstatcache -Xcc /Users/buddhirajgautam/Library/Developer/Xcode/DerivedData/SDKStatCaches.noindex/macosx27.0-26A425-e829b21a6f8c9b70876ba0858053c0447231f6df4def33e022ae2eb8f782df1a.sdkstatcache -output-file-map /Users/buddhirajgautam/Library/Developer/Xcode/DerivedData/Telegram-Mac-fygdgghdgmuleoelvxabfmqiotta/Build/Intermediates.noindex/TextRecognizing.build/Debug/TextRecognizing-t.build/Objects-normal/arm64/TextRecognizing-OutputFileMap.json -save-temps -no-color-diagnostics -explicit-module-build -module-cache-path /Users/buddhirajgautam/Library/Developer/Xcode/DerivedData/Telegram-Mac-fygdgghdgmuleoelvxabfmqiotta/Build/Intermediates.noindex/SwiftExplicitPrecompiledModules -clang-scanner-module-cache-path /Users/buddhirajgautam/Library/Developer/Xcode/DerivedData/ModuleCache.noindex -sdk-module-cache-path /Users/buddhirajgautam/Library/Developer/Xcode/DerivedData/SDKExplicitPrecompiledModules -emit-dependencies -emit-module -emit-module-path /Users/buddhirajgautam/Library/Developer/Xcode/DerivedData/Telegram-Mac-fygdgghdgmuleoelvxabfmqiotta/Build/Intermediates.noindex/TextRecognizing.build/Debug/TextRecognizing-t.build/Objects-normal/arm64/TextRecognizing.swiftmodule -serialize-diagnostics -dependency-scan-serialize-diagnostics-path /Users/buddhirajgautam/Library/Developer/Xcode/DerivedData/Telegram-Mac-fygdgghdgmuleoelvxabfmqiotta/Build/Intermediates.noindex/TextRecognizing.build/Debug/TextRecognizing-t.build/Objects-normal/arm64/TextRecognizing-dependency-scan.dia -validate-clang-modules-once -clang-build-session-file /Users/buddhirajgautam/Library/Developer/Xcode/DerivedData/ModuleCache.noindex/Session.modulevalidation -Xcc -fmodules-prune-interval\=86400 -Xcc -fmodules-prune-after\=345600 -emit-const-values -const-gather-protocols-list /Users/buddhirajgautam/Library/Developer/Xcode/DerivedData/Telegram-Mac-fygdgghdgmuleoelvxabfmqiotta/Build/Intermediates.noindex/TextRecognizing.build/Debug/TextRecognizing-t.build/Objects-normal/arm64/TextRecognizing_const_extract_protocols.json -Xcc -I/Users/buddhirajgautam/Documents/Cherrygram-Mac/macOS-Swift/packages/ObjcUtils/Sources/ObjcUtils -Xcc -I/Users/buddhirajgautam/Documents/Cherrygram-Mac/macOS-Swift/submodules/telegram-ios/submodules/MtProtoKit/PublicHeaders -Xcc -I/Users/buddhirajgautam/Documents/Cherrygram-Mac/macOS-Swift/submodules/telegram-ios/submodules/NetworkLogging/PublicHeaders -Xcc -I/Users/buddhirajgautam/Documents/Cherrygram-Mac/macOS-Swift/submodules/telegram-ios/submodules/Reachability/LegacyReachability/PublicHeaders -Xcc -I/Users/buddhirajgautam/Documents/Cherrygram-Mac/macOS-Swift/submodules/telegram-ios/submodules/EncryptionProvider/PublicHeaders -Xcc -I/Users/buddhirajgautam/Documents/Cherrygram-Mac/macOS-Swift/submodules/telegram-ios/submodules/MurMurHash32/PublicHeaders -Xcc -I/Users/buddhirajgautam/Documents/Cherrygram-Mac/macOS-Swift/submodules/telegram-ios/submodules/sqlcipher/PublicHeaders -Xcc -I/Users/buddhirajgautam/Documents/Cherrygram-Mac/macOS-Swift/submodules/telegram-ios/submodules/StringTransliteration/PublicHeaders -Xcc -I/Users/buddhirajgautam/Documents/Cherrygram-Mac/macOS-Swift/submodules/telegram-ios/submodules/Utils/DarwinDirStat/PublicHeaders -Xcc -I/Users/buddhirajgautam/Documents/Cherrygram-Mac/macOS-Swift/submodules/telegram-ios/submodules/CryptoUtils/PublicHeaders -Xcc -I/Users/buddhirajgautam/Documents/Cherrygram-Mac/macOS-Swift/submodules/telegram-ios/submodules/Crc32/PublicHeaders -Xcc -I/Users/buddhirajgautam/Library/Developer/Xcode/DerivedData/Telegram-Mac-fygdgghdgmuleoelvxabfmqiotta/Build/Products/Debug/include -Xcc -I/Users/buddhirajgautam/Library/Developer/Xcode/DerivedData/Telegram-Mac-fygdgghdgmuleoelvxabfmqiotta/Build/Intermediates.noindex/TextRecognizing.build/Debug/TextRecognizing-t.build/DerivedSources-normal/arm64 -Xcc -I/Users/buddhirajgautam/Library/Developer/Xcode/DerivedData/Telegram-Mac-fygdgghdgmuleoelvxabfmqiotta/Build/Intermediates.noindex/TextRecognizing.build/Debug/TextRecognizing-t.build/DerivedSources/arm64 -Xcc -I/Users/buddhirajgautam/Library/Developer/Xcode/DerivedData/Telegram-Mac-fygdgghdgmuleoelvxabfmqiotta/Build/Intermediates.noindex/TextRecognizing.build/Debug/TextRecognizing-t.build/DerivedSources -Xcc -DSWIFT_PACKAGE -Xcc -DDEBUG\=1 -emit-objc-header -emit-objc-header-path /Users/buddhirajgautam/Library/Developer/Xcode/DerivedData/Telegram-Mac-fygdgghdgmuleoelvxabfmqiotta/Build/Intermediates.noindex/TextRecognizing.build/Debug/TextRecognizing-t.build/Objects-normal/arm64/TextRecognizing-Swift.h -working-directory /Users/buddhirajgautam/Documents/Cherrygram-Mac/macOS-Swift -experimental-emit-module-separately -disable-cmo

PhaseScriptExecution Run\ Script:\ Set\ Git\ Version\ Info /Users/buddhirajgautam/Library/Developer/Xcode/DerivedData/Telegram-Mac-fygdgghdgmuleoelvxabfmqiotta/Build/Intermediates.noindex/Sparkle.build/Debug/Autoupdate.build/Script-14652F7B19A945D600959E44.sh (in target 'Autoupdate' from project 'Sparkle')
    cd /Users/buddhirajgautam/Documents/Cherrygram-Mac/macOS-Swift/submodules/Sparkle
    /bin/sh -c /Users/buddhirajgautam/Library/Developer/Xcode/DerivedData/Telegram-Mac-fygdgghdgmuleoelvxabfmqiotta/Build/Intermediates.noindex/Sparkle.build/Debug/Autoupdate.build/Script-14652F7B19A945D600959E44.sh
fatal: No names found, cannot describe anything.
/Users/buddhirajgautam/Documents/Cherrygram-Mac/macOS-Swift/submodules/Sparkle/Configurations/set-git-version-info.sh: Can't find a Git hash!

SwiftDriver TelegramVoip normal arm64 com.apple.xcode.tools.swift.compiler (in target 'TelegramVoip' from project 'TelegramVoip')
    cd /Users/buddhirajgautam/Documents/Cherrygram-Mac/macOS-Swift
    builtin-SwiftDriver -- /Applications/Xcode.app/Contents/Developer/Toolchains/XcodeDefault.xctoolchain/usr/bin/swiftc -parse-as-library -module-name TelegramVoip -Onone @/Users/buddhirajgautam/Library/Developer/Xcode/DerivedData/Telegram-Mac-fygdgghdgmuleoelvxabfmqiotta/Build/Intermediates.noindex/TelegramVoip.build/Debug/TelegramVoip-t.build/Objects-normal/arm64/TelegramVoip.SwiftFileList -DSWIFT_PACKAGE -DDEBUG -DSWIFT_MODULE_RESOURCE_BUNDLE_UNAVAILABLE -Xcc -fmodule-map-file\=/Users/buddhirajgautam/Library/Developer/Xcode/DerivedData/Telegram-Mac-fygdgghdgmuleoelvxabfmqiotta/Build/Intermediates.noindex/GeneratedModuleMaps/TgVoipWebrtc.modulemap -Xcc -fmodule-map-file\=/Users/buddhirajgautam/Library/Developer/Xcode/DerivedData/Telegram-Mac-fygdgghdgmuleoelvxabfmqiotta/Build/Intermediates.noindex/GeneratedModuleMaps/FFMpegBinding.modulemap -Xcc -fmodule-map-file\=/Users/buddhirajgautam/Library/Developer/Xcode/DerivedData/Telegram-Mac-fygdgghdgmuleoelvxabfmqiotta/Build/Intermediates.noindex/GeneratedModuleMaps/MurMurHash32.modulemap -Xcc -fmodule-map-file\=/Users/buddhirajgautam/Library/Developer/Xcode/DerivedData/Telegram-Mac-fygdgghdgmuleoelvxabfmqiotta/Build/Intermediates.noindex/GeneratedModuleMaps/sqlcipher.modulemap -Xcc -fmodule-map-file\=/Users/buddhirajgautam/Library/Developer/Xcode/DerivedData/Telegram-Mac-fygdgghdgmuleoelvxabfmqiotta/Build/Intermediates.noindex/GeneratedModuleMaps/StringTransliteration.modulemap -Xcc -fmodule-map-file\=/Users/buddhirajgautam/Library/Developer/Xcode/DerivedData/Telegram-Mac-fygdgghdgmuleoelvxabfmqiotta/Build/Intermediates.noindex/GeneratedModuleMaps/Crc32.modulemap -Xcc -fmodule-map-file\=/Users/buddhirajgautam/Library/Developer/Xcode/DerivedData/Telegram-Mac-fygdgghdgmuleoelvxabfmqiotta/Build/Intermediates.noindex/GeneratedModuleMaps/MtProtoKit.modulemap -Xcc -fmodule-map-file\=/Users/buddhirajgautam/Library/Developer/Xcode/DerivedData/Telegram-Mac-fygdgghdgmuleoelvxabfmqiotta/Build/Intermediates.noindex/GeneratedModuleMaps/CryptoUtils.modulemap -Xcc -fmodule-map-file\=/Users/buddhirajgautam/Library/Developer/Xcode/DerivedData/Telegram-Mac-fygdgghdgmuleoelvxabfmqiotta/Build/Intermediates.noindex/GeneratedModuleMaps/NetworkLogging.modulemap -Xcc -fmodule-map-file\=/Users/buddhirajgautam/Library/Developer/Xcode/DerivedData/Telegram-Mac-fygdgghdgmuleoelvxabfmqiotta/Build/Intermediates.noindex/GeneratedModuleMaps/DarwinDirStat.modulemap -Xcc -fmodule-map-file\=/Users/buddhirajgautam/Library/Developer/Xcode/DerivedData/Telegram-Mac-fygdgghdgmuleoelvxabfmqiotta/Build/Intermediates.noindex/GeneratedModuleMaps/LegacyReachability.modulemap -Xcc -fmodule-map-file\=/Users/buddhirajgautam/Library/Developer/Xcode/DerivedData/Telegram-Mac-fygdgghdgmuleoelvxabfmqiotta/Build/Intermediates.noindex/GeneratedModuleMaps/EncryptionProvider.modulemap -DXcode -plugin-path /Applications/Xcode.app/Contents/Developer/Toolchains/XcodeDefault.xctoolchain/usr/lib/swift/host/plugins/testing -enable-experimental-feature DebugDescriptionMacro -sdk /Applications/Xcode.app/Contents/Developer/Platforms/MacOSX.platform/Developer/SDKs/MacOSX27.0.sdk -target arm64-apple-macos12.0 -g -module-cache-path /Users/buddhirajgautam/Library/Developer/Xcode/DerivedData/ModuleCache.noindex -Xfrontend -serialize-debugging-options -profile-coverage-mapping -profile-generate -enable-testing -index-store-path /Users/buddhirajgautam/Library/Developer/Xcode/DerivedData/Telegram-Mac-fygdgghdgmuleoelvxabfmqiotta/Index.noindex/DataStore -Xcc -D_LIBCPP_HARDENING_MODE\=_LIBCPP_HARDENING_MODE_DEBUG -swift-version 5 -I /Users/buddhirajgautam/Library/Developer/Xcode/DerivedData/Telegram-Mac-fygdgghdgmuleoelvxabfmqiotta/Build/Products/Debug -Isystem /Applications/Xcode.app/Contents/Developer/Platforms/MacOSX.platform/Developer/usr/lib -F /Users/buddhirajgautam/Library/Developer/Xcode/DerivedData/Telegram-Mac-fygdgghdgmuleoelvxabfmqiotta/Build/Products/Debug/PackageFrameworks -F /Users/buddhirajgautam/Library/Developer/Xcode/DerivedData/Telegram-Mac-fygdgghdgmuleoelvxabfmqiotta/Build/Products/Debug -F /Applications/Xcode.app/Contents/Developer/Platforms/MacOSX.platform/Developer/Library/Frameworks -c -j8 -enable-batch-mode -incremental -Xcc -ivfsstatcache -Xcc /Users/buddhirajgautam/Library/Developer/Xcode/DerivedData/SDKStatCaches.noindex/macosx27.0-26A425-e829b21a6f8c9b70876ba0858053c0447231f6df4def33e022ae2eb8f782df1a.sdkstatcache -output-file-map /Users/buddhirajgautam/Library/Developer/Xcode/DerivedData/Telegram-Mac-fygdgghdgmuleoelvxabfmqiotta/Build/Intermediates.noindex/TelegramVoip.build/Debug/TelegramVoip-t.build/Objects-normal/arm64/TelegramVoip-OutputFileMap.json -save-temps -no-color-diagnostics -explicit-module-build -module-cache-path /Users/buddhirajgautam/Library/Developer/Xcode/DerivedData/Telegram-Mac-fygdgghdgmuleoelvxabfmqiotta/Build/Intermediates.noindex/SwiftExplicitPrecompiledModules -clang-scanner-module-cache-path /Users/buddhirajgautam/Library/Developer/Xcode/DerivedData/ModuleCache.noindex -sdk-module-cache-path /Users/buddhirajgautam/Library/Developer/Xcode/DerivedData/SDKExplicitPrecompiledModules -emit-dependencies -emit-module -emit-module-path /Users/buddhirajgautam/Library/Developer/Xcode/DerivedData/Telegram-Mac-fygdgghdgmuleoelvxabfmqiotta/Build/Intermediates.noindex/TelegramVoip.build/Debug/TelegramVoip-t.build/Objects-normal/arm64/TelegramVoip.swiftmodule -serialize-diagnostics -dependency-scan-serialize-diagnostics-path /Users/buddhirajgautam/Library/Developer/Xcode/DerivedData/Telegram-Mac-fygdgghdgmuleoelvxabfmqiotta/Build/Intermediates.noindex/TelegramVoip.build/Debug/TelegramVoip-t.build/Objects-normal/arm64/TelegramVoip-dependency-scan.dia -validate-clang-modules-once -clang-build-session-file /Users/buddhirajgautam/Library/Developer/Xcode/DerivedData/ModuleCache.noindex/Session.modulevalidation -Xcc -fmodules-prune-interval\=86400 -Xcc -fmodules-prune-after\=345600 -emit-const-values -const-gather-protocols-list /Users/buddhirajgautam/Library/Developer/Xcode/DerivedData/Telegram-Mac-fygdgghdgmuleoelvxabfmqiotta/Build/Intermediates.noindex/TelegramVoip.build/Debug/TelegramVoip-t.build/Objects-normal/arm64/TelegramVoip_const_extract_protocols.json -Xcc -I/Users/buddhirajgautam/Documents/Cherrygram-Mac/macOS-Swift/submodules/tgcalls/macos/PublicHeaders -Xcc -I/Users/buddhirajgautam/Documents/Cherrygram-Mac/macOS-Swift/submodules/telegram-ios/submodules/FFMpegBinding/Public -Xcc -I/Users/buddhirajgautam/Documents/Cherrygram-Mac/macOS-Swift/submodules/telegram-ios/submodules/MurMurHash32/PublicHeaders -Xcc -I/Users/buddhirajgautam/Documents/Cherrygram-Mac/macOS-Swift/submodules/telegram-ios/submodules/sqlcipher/PublicHeaders -Xcc -I/Users/buddhirajgautam/Documents/Cherrygram-Mac/macOS-Swift/submodules/telegram-ios/submodules/StringTransliteration/PublicHeaders -Xcc -I/Users/buddhirajgautam/Documents/Cherrygram-Mac/macOS-Swift/submodules/telegram-ios/submodules/Crc32/PublicHeaders -Xcc -I/Users/buddhirajgautam/Documents/Cherrygram-Mac/macOS-Swift/submodules/telegram-ios/submodules/MtProtoKit/PublicHeaders -Xcc -I/Users/buddhirajgautam/Documents/Cherrygram-Mac/macOS-Swift/submodules/telegram-ios/submodules/CryptoUtils/PublicHeaders -Xcc -I/Users/buddhirajgautam/Documents/Cherrygram-Mac/macOS-Swift/submodules/telegram-ios/submodules/NetworkLogging/PublicHeaders -Xcc -I/Users/buddhirajgautam/Documents/Cherrygram-Mac/macOS-Swift/submodules/telegram-ios/submodules/Utils/DarwinDirStat/PublicHeaders -Xcc -I/Users/buddhirajgautam/Documents/Cherrygram-Mac/macOS-Swift/submodules/telegram-ios/submodules/Reachability/LegacyReachability/PublicHeaders -Xcc -I/Users/buddhirajgautam/Documents/Cherrygram-Mac/macOS-Swift/submodules/telegram-ios/submodules/EncryptionProvider/PublicHeaders -Xcc -I/Users/buddhirajgautam/Library/Developer/Xcode/DerivedData/Telegram-Mac-fygdgghdgmuleoelvxabfmqiotta/Build/Products/Debug/include -Xcc -I/Users/buddhirajgautam/Library/Developer/Xcode/DerivedData/Telegram-Mac-fygdgghdgmuleoelvxabfmqiotta/Build/Intermediates.noindex/TelegramVoip.build/Debug/TelegramVoip-t.build/DerivedSources-normal/arm64 -Xcc -I/Users/buddhirajgautam/Library/Developer/Xcode/DerivedData/Telegram-Mac-fygdgghdgmuleoelvxabfmqiotta/Build/Intermediates.noindex/TelegramVoip.build/Debug/TelegramVoip-t.build/DerivedSources/arm64 -Xcc -I/Users/buddhirajgautam/Library/Developer/Xcode/DerivedData/Telegram-Mac-fygdgghdgmuleoelvxabfmqiotta/Build/Intermediates.noindex/TelegramVoip.build/Debug/TelegramVoip-t.build/DerivedSources -Xcc -DSWIFT_PACKAGE -Xcc -DDEBUG\=1 -Xcc -DWEBRTC_MAC\=1 -emit-objc-header -emit-objc-header-path /Users/buddhirajgautam/Library/Developer/Xcode/DerivedData/Telegram-Mac-fygdgghdgmuleoelvxabfmqiotta/Build/Intermediates.noindex/TelegramVoip.build/Debug/TelegramVoip-t.build/Objects-normal/arm64/TelegramVoip-Swift.h -working-directory /Users/buddhirajgautam/Documents/Cherrygram-Mac/macOS-Swift -experimental-emit-module-separately -disable-cmo

SwiftDriver TelegramMediaPlayer normal arm64 com.apple.xcode.tools.swift.compiler (in target 'TelegramMediaPlayer' from project 'TelegramMediaPlayer')
    cd /Users/buddhirajgautam/Documents/Cherrygram-Mac/macOS-Swift
    builtin-SwiftDriver -- /Applications/Xcode.app/Contents/Developer/Toolchains/XcodeDefault.xctoolchain/usr/bin/swiftc -parse-as-library -module-name TelegramMediaPlayer -Onone @/Users/buddhirajgautam/Library/Developer/Xcode/DerivedData/Telegram-Mac-fygdgghdgmuleoelvxabfmqiotta/Build/Intermediates.noindex/TelegramMediaPlayer.build/Debug/TelegramMediaPlayer-t.build/Objects-normal/arm64/TelegramMediaPlayer.SwiftFileList -DSWIFT_PACKAGE -DDEBUG -DSWIFT_MODULE_RESOURCE_BUNDLE_UNAVAILABLE -Xcc -fmodule-map-file\=/Users/buddhirajgautam/Library/Developer/Xcode/DerivedData/Telegram-Mac-fygdgghdgmuleoelvxabfmqiotta/Build/Intermediates.noindex/GeneratedModuleMaps/MtProtoKit.modulemap -Xcc -fmodule-map-file\=/Users/buddhirajgautam/Library/Developer/Xcode/DerivedData/Telegram-Mac-fygdgghdgmuleoelvxabfmqiotta/Build/Intermediates.noindex/GeneratedModuleMaps/NetworkLogging.modulemap -Xcc -fmodule-map-file\=/Users/buddhirajgautam/Library/Developer/Xcode/DerivedData/Telegram-Mac-fygdgghdgmuleoelvxabfmqiotta/Build/Intermediates.noindex/GeneratedModuleMaps/LegacyReachability.modulemap -Xcc -fmodule-map-file\=/Users/buddhirajgautam/Library/Developer/Xcode/DerivedData/Telegram-Mac-fygdgghdgmuleoelvxabfmqiotta/Build/Intermediates.noindex/GeneratedModuleMaps/EncryptionProvider.modulemap -Xcc -fmodule-map-file\=/Users/buddhirajgautam/Library/Developer/Xcode/DerivedData/Telegram-Mac-fygdgghdgmuleoelvxabfmqiotta/Build/Intermediates.noindex/GeneratedModuleMaps/MurMurHash32.modulemap -Xcc -fmodule-map-file\=/Users/buddhirajgautam/Library/Developer/Xcode/DerivedData/Telegram-Mac-fygdgghdgmuleoelvxabfmqiotta/Build/Intermediates.noindex/GeneratedModuleMaps/sqlcipher.modulemap -Xcc -fmodule-map-file\=/Users/buddhirajgautam/Library/Developer/Xcode/DerivedData/Telegram-Mac-fygdgghdgmuleoelvxabfmqiotta/Build/Intermediates.noindex/GeneratedModuleMaps/StringTransliteration.modulemap -Xcc -fmodule-map-file\=/Users/buddhirajgautam/Library/Developer/Xcode/DerivedData/Telegram-Mac-fygdgghdgmuleoelvxabfmqiotta/Build/Intermediates.noindex/GeneratedModuleMaps/DarwinDirStat.modulemap -Xcc -fmodule-map-file\=/Users/buddhirajgautam/Library/Developer/Xcode/DerivedData/Telegram-Mac-fygdgghdgmuleoelvxabfmqiotta/Build/Intermediates.noindex/GeneratedModuleMaps/CryptoUtils.modulemap -Xcc -fmodule-map-file\=/Users/buddhirajgautam/Library/Developer/Xcode/DerivedData/Telegram-Mac-fygdgghdgmuleoelvxabfmqiotta/Build/Intermediates.noindex/GeneratedModuleMaps/Crc32.modulemap -Xcc -fmodule-map-file\=/Users/buddhirajgautam/Library/Developer/Xcode/DerivedData/Telegram-Mac-fygdgghdgmuleoelvxabfmqiotta/Build/Intermediates.noindex/GeneratedModuleMaps/FFMpegBinding.modulemap -Xcc -fmodule-map-file\=/Users/buddhirajgautam/Library/Developer/Xcode/DerivedData/Telegram-Mac-fygdgghdgmuleoelvxabfmqiotta/Build/Intermediates.noindex/GeneratedModuleMaps/YuvConversion.modulemap -Xcc -fmodule-map-file\=/Users/buddhirajgautam/Library/Developer/Xcode/DerivedData/Telegram-Mac-fygdgghdgmuleoelvxabfmqiotta/Build/Intermediates.noindex/GeneratedModuleMaps/RingBuffer.modulemap -Xcc -fmodule-map-file\=/Users/buddhirajgautam/Library/Developer/Xcode/DerivedData/Telegram-Mac-fygdgghdgmuleoelvxabfmqiotta/Build/Intermediates.noindex/GeneratedModuleMaps/ObjcUtils.modulemap -DXcode -plugin-path /Applications/Xcode.app/Contents/Developer/Toolchains/XcodeDefault.xctoolchain/usr/lib/swift/host/plugins/testing -enable-experimental-feature DebugDescriptionMacro -sdk /Applications/Xcode.app/Contents/Developer/Platforms/MacOSX.platform/Developer/SDKs/MacOSX27.0.sdk -target arm64-apple-macos12.0 -g -module-cache-path /Users/buddhirajgautam/Library/Developer/Xcode/DerivedData/ModuleCache.noindex -Xfrontend -serialize-debugging-options -profile-coverage-mapping -profile-generate -enable-testing -index-store-path /Users/buddhirajgautam/Library/Developer/Xcode/DerivedData/Telegram-Mac-fygdgghdgmuleoelvxabfmqiotta/Index.noindex/DataStore -Xcc -D_LIBCPP_HARDENING_MODE\=_LIBCPP_HARDENING_MODE_DEBUG -swift-version 5 -I /Users/buddhirajgautam/Library/Developer/Xcode/DerivedData/Telegram-Mac-fygdgghdgmuleoelvxabfmqiotta/Build/Products/Debug -Isystem /Applications/Xcode.app/Contents/Developer/Platforms/MacOSX.platform/Developer/usr/lib -F /Users/buddhirajgautam/Library/Developer/Xcode/DerivedData/Telegram-Mac-fygdgghdgmuleoelvxabfmqiotta/Build/Products/Debug/PackageFrameworks -F /Users/buddhirajgautam/Library/Developer/Xcode/DerivedData/Telegram-Mac-fygdgghdgmuleoelvxabfmqiotta/Build/Products/Debug -F /Applications/Xcode.app/Contents/Developer/Platforms/MacOSX.platform/Developer/Library/Frameworks -c -j8 -enable-batch-mode -incremental -Xcc -ivfsstatcache -Xcc /Users/buddhirajgautam/Library/Developer/Xcode/DerivedData/SDKStatCaches.noindex/macosx27.0-26A425-e829b21a6f8c9b70876ba0858053c0447231f6df4def33e022ae2eb8f782df1a.sdkstatcache -output-file-map /Users/buddhirajgautam/Library/Developer/Xcode/DerivedData/Telegram-Mac-fygdgghdgmuleoelvxabfmqiotta/Build/Intermediates.noindex/TelegramMediaPlayer.build/Debug/TelegramMediaPlayer-t.build/Objects-normal/arm64/TelegramMediaPlayer-OutputFileMap.json -save-temps -no-color-diagnostics -explicit-module-build -module-cache-path /Users/buddhirajgautam/Library/Developer/Xcode/DerivedData/Telegram-Mac-fygdgghdgmuleoelvxabfmqiotta/Build/Intermediates.noindex/SwiftExplicitPrecompiledModules -clang-scanner-module-cache-path /Users/buddhirajgautam/Library/Developer/Xcode/DerivedData/ModuleCache.noindex -sdk-module-cache-path /Users/buddhirajgautam/Library/Developer/Xcode/DerivedData/SDKExplicitPrecompiledModules -emit-dependencies -emit-module -emit-module-path /Users/buddhirajgautam/Library/Developer/Xcode/DerivedData/Telegram-Mac-fygdgghdgmuleoelvxabfmqiotta/Build/Intermediates.noindex/TelegramMediaPlayer.build/Debug/TelegramMediaPlayer-t.build/Objects-normal/arm64/TelegramMediaPlayer.swiftmodule -serialize-diagnostics -dependency-scan-serialize-diagnostics-path /Users/buddhirajgautam/Library/Developer/Xcode/DerivedData/Telegram-Mac-fygdgghdgmuleoelvxabfmqiotta/Build/Intermediates.noindex/TelegramMediaPlayer.build/Debug/TelegramMediaPlayer-t.build/Objects-normal/arm64/TelegramMediaPlayer-dependency-scan.dia -validate-clang-modules-once -clang-build-session-file /Users/buddhirajgautam/Library/Developer/Xcode/DerivedData/ModuleCache.noindex/Session.modulevalidation -Xcc -fmodules-prune-interval\=86400 -Xcc -fmodules-prune-after\=345600 -emit-const-values -const-gather-protocols-list /Users/buddhirajgautam/Library/Developer/Xcode/DerivedData/Telegram-Mac-fygdgghdgmuleoelvxabfmqiotta/Build/Intermediates.noindex/TelegramMediaPlayer.build/Debug/TelegramMediaPlayer-t.build/Objects-normal/arm64/TelegramMediaPlayer_const_extract_protocols.json -Xcc -I/Users/buddhirajgautam/Documents/Cherrygram-Mac/macOS-Swift/submodules/telegram-ios/submodules/MtProtoKit/PublicHeaders -Xcc -I/Users/buddhirajgautam/Documents/Cherrygram-Mac/macOS-Swift/submodules/telegram-ios/submodules/NetworkLogging/PublicHeaders -Xcc -I/Users/buddhirajgautam/Documents/Cherrygram-Mac/macOS-Swift/submodules/telegram-ios/submodules/Reachability/LegacyReachability/PublicHeaders -Xcc -I/Users/buddhirajgautam/Documents/Cherrygram-Mac/macOS-Swift/submodules/telegram-ios/submodules/EncryptionProvider/PublicHeaders -Xcc -I/Users/buddhirajgautam/Documents/Cherrygram-Mac/macOS-Swift/submodules/telegram-ios/submodules/MurMurHash32/PublicHeaders -Xcc -I/Users/buddhirajgautam/Documents/Cherrygram-Mac/macOS-Swift/submodules/telegram-ios/submodules/sqlcipher/PublicHeaders -Xcc -I/Users/buddhirajgautam/Documents/Cherrygram-Mac/macOS-Swift/submodules/telegram-ios/submodules/StringTransliteration/PublicHeaders -Xcc -I/Users/buddhirajgautam/Documents/Cherrygram-Mac/macOS-Swift/submodules/telegram-ios/submodules/Utils/DarwinDirStat/PublicHeaders -Xcc -I/Users/buddhirajgautam/Documents/Cherrygram-Mac/macOS-Swift/submodules/telegram-ios/submodules/CryptoUtils/PublicHeaders -Xcc -I/Users/buddhirajgautam/Documents/Cherrygram-Mac/macOS-Swift/submodules/telegram-ios/submodules/Crc32/PublicHeaders -Xcc -I/Users/buddhirajgautam/Documents/Cherrygram-Mac/macOS-Swift/submodules/telegram-ios/submodules/FFMpegBinding/Public -Xcc -I/Users/buddhirajgautam/Documents/Cherrygram-Mac/macOS-Swift/submodules/telegram-ios/submodules/YuvConversion/PublicHeaders -Xcc -I/Users/buddhirajgautam/Documents/Cherrygram-Mac/macOS-Swift/packages/RingBuffer/Sources/RingBuffer -Xcc -I/Users/buddhirajgautam/Documents/Cherrygram-Mac/macOS-Swift/packages/ObjcUtils/Sources/ObjcUtils -Xcc -I/Users/buddhirajgautam/Library/Developer/Xcode/DerivedData/Telegram-Mac-fygdgghdgmuleoelvxabfmqiotta/Build/Products/Debug/include -Xcc -I/Users/buddhirajgautam/Library/Developer/Xcode/DerivedData/Telegram-Mac-fygdgghdgmuleoelvxabfmqiotta/Build/Intermediates.noindex/TelegramMediaPlayer.build/Debug/TelegramMediaPlayer-t.build/DerivedSources-normal/arm64 -Xcc -I/Users/buddhirajgautam/Library/Developer/Xcode/DerivedData/Telegram-Mac-fygdgghdgmuleoelvxabfmqiotta/Build/Intermediates.noindex/TelegramMediaPlayer.build/Debug/TelegramMediaPlayer-t.build/DerivedSources/arm64 -Xcc -I/Users/buddhirajgautam/Library/Developer/Xcode/DerivedData/Telegram-Mac-fygdgghdgmuleoelvxabfmqiotta/Build/Intermediates.noindex/TelegramMediaPlayer.build/Debug/TelegramMediaPlayer-t.build/DerivedSources -Xcc -DSWIFT_PACKAGE -Xcc -DDEBUG\=1 -emit-objc-header -emit-objc-header-path /Users/buddhirajgautam/Library/Developer/Xcode/DerivedData/Telegram-Mac-fygdgghdgmuleoelvxabfmqiotta/Build/Intermediates.noindex/TelegramMediaPlayer.build/Debug/TelegramMediaPlayer-t.build/Objects-normal/arm64/TelegramMediaPlayer-Swift.h -working-directory /Users/buddhirajgautam/Documents/Cherrygram-Mac/macOS-Swift -experimental-emit-module-separately -disable-cmo

SwiftEmitModule normal arm64 Emitting\ module\ for\ TextRecognizing (in target 'TextRecognizing' from project 'TextRecognizing')

SwiftCompile normal arm64 (in target 'TextRecognizing' from project 'TextRecognizing')
    cd /Users/buddhirajgautam/Documents/Cherrygram-Mac/macOS-Swift
    

SwiftDriver MetalEngine normal arm64 com.apple.xcode.tools.swift.compiler (in target 'MetalEngine' from project 'MetalEngine')
    cd /Users/buddhirajgautam/Documents/Cherrygram-Mac/macOS-Swift
    builtin-SwiftDriver -- /Applications/Xcode.app/Contents/Developer/Toolchains/XcodeDefault.xctoolchain/usr/bin/swiftc -parse-as-library -module-name MetalEngine -Onone @/Users/buddhirajgautam/Library/Developer/Xcode/DerivedData/Telegram-Mac-fygdgghdgmuleoelvxabfmqiotta/Build/Intermediates.noindex/MetalEngine.build/Debug/MetalEngine-t.build/Objects-normal/arm64/MetalEngine.SwiftFileList -DSWIFT_PACKAGE -DDEBUG -DSWIFT_MODULE_RESOURCE_BUNDLE_AVAILABLE -Xcc -fmodule-map-file\=/Users/buddhirajgautam/Library/Developer/Xcode/DerivedData/Telegram-Mac-fygdgghdgmuleoelvxabfmqiotta/Build/Intermediates.noindex/GeneratedModuleMaps/ShelfPack.modulemap -Xcc -fmodule-map-file\=/Users/buddhirajgautam/Library/Developer/Xcode/DerivedData/Telegram-Mac-fygdgghdgmuleoelvxabfmqiotta/Build/Intermediates.noindex/GeneratedModuleMaps/ObjcUtils.modulemap -DXcode -plugin-path /Applications/Xcode.app/Contents/Developer/Toolchains/XcodeDefault.xctoolchain/usr/lib/swift/host/plugins/testing -enable-experimental-feature DebugDescriptionMacro -sdk /Applications/Xcode.app/Contents/Developer/Platforms/MacOSX.platform/Developer/SDKs/MacOSX27.0.sdk -target arm64-apple-macos12.0 -g -module-cache-path /Users/buddhirajgautam/Library/Developer/Xcode/DerivedData/ModuleCache.noindex -Xfrontend -serialize-debugging-options -profile-coverage-mapping -profile-generate -enable-testing -index-store-path /Users/buddhirajgautam/Library/Developer/Xcode/DerivedData/Telegram-Mac-fygdgghdgmuleoelvxabfmqiotta/Index.noindex/DataStore -Xcc -D_LIBCPP_HARDENING_MODE\=_LIBCPP_HARDENING_MODE_DEBUG -swift-version 5 -I /Users/buddhirajgautam/Library/Developer/Xcode/DerivedData/Telegram-Mac-fygdgghdgmuleoelvxabfmqiotta/Build/Products/Debug -Isystem /Applications/Xcode.app/Contents/Developer/Platforms/MacOSX.platform/Developer/usr/lib -F /Users/buddhirajgautam/Library/Developer/Xcode/DerivedData/Telegram-Mac-fygdgghdgmuleoelvxabfmqiotta/Build/Products/Debug/PackageFrameworks -F /Users/buddhirajgautam/Library/Developer/Xcode/DerivedData/Telegram-Mac-fygdgghdgmuleoelvxabfmqiotta/Build/Products/Debug -F /Applications/Xcode.app/Contents/Developer/Platforms/MacOSX.platform/Developer/Library/Frameworks -c -j8 -enable-batch-mode -incremental -Xcc -ivfsstatcache -Xcc /Users/buddhirajgautam/Library/Developer/Xcode/DerivedData/SDKStatCaches.noindex/macosx27.0-26A425-e829b21a6f8c9b70876ba0858053c0447231f6df4def33e022ae2eb8f782df1a.sdkstatcache -output-file-map /Users/buddhirajgautam/Library/Developer/Xcode/DerivedData/Telegram-Mac-fygdgghdgmuleoelvxabfmqiotta/Build/Intermediates.noindex/MetalEngine.build/Debug/MetalEngine-t.build/Objects-normal/arm64/MetalEngine-OutputFileMap.json -save-temps -no-color-diagnostics -explicit-module-build -module-cache-path /Users/buddhirajgautam/Library/Developer/Xcode/DerivedData/Telegram-Mac-fygdgghdgmuleoelvxabfmqiotta/Build/Intermediates.noindex/SwiftExplicitPrecompiledModules -clang-scanner-module-cache-path /Users/buddhirajgautam/Library/Developer/Xcode/DerivedData/ModuleCache.noindex -sdk-module-cache-path /Users/buddhirajgautam/Library/Developer/Xcode/DerivedData/SDKExplicitPrecompiledModules -emit-dependencies -emit-module -emit-module-path /Users/buddhirajgautam/Library/Developer/Xcode/DerivedData/Telegram-Mac-fygdgghdgmuleoelvxabfmqiotta/Build/Intermediates.noindex/MetalEngine.build/Debug/MetalEngine-t.build/Objects-normal/arm64/MetalEngine.swiftmodule -serialize-diagnostics -dependency-scan-serialize-diagnostics-path /Users/buddhirajgautam/Library/Developer/Xcode/DerivedData/Telegram-Mac-fygdgghdgmuleoelvxabfmqiotta/Build/Intermediates.noindex/MetalEngine.build/Debug/MetalEngine-t.build/Objects-normal/arm64/MetalEngine-dependency-scan.dia -validate-clang-modules-once -clang-build-session-file /Users/buddhirajgautam/Library/Developer/Xcode/DerivedData/ModuleCache.noindex/Session.modulevalidation -Xcc -fmodules-prune-interval\=86400 -Xcc -fmodules-prune-after\=345600 -emit-const-values -const-gather-protocols-list /Users/buddhirajgautam/Library/Developer/Xcode/DerivedData/Telegram-Mac-fygdgghdgmuleoelvxabfmqiotta/Build/Intermediates.noindex/MetalEngine.build/Debug/MetalEngine-t.build/Objects-normal/arm64/MetalEngine_const_extract_protocols.json -Xcc -I/Users/buddhirajgautam/Documents/Cherrygram-Mac/macOS-Swift/submodules/telegram-ios/submodules/Utils/ShelfPack/PublicHeaders -Xcc -I/Users/buddhirajgautam/Documents/Cherrygram-Mac/macOS-Swift/packages/ObjcUtils/Sources/ObjcUtils -Xcc -I/Users/buddhirajgautam/Library/Developer/Xcode/DerivedData/Telegram-Mac-fygdgghdgmuleoelvxabfmqiotta/Build/Products/Debug/include -Xcc -I/Users/buddhirajgautam/Library/Developer/Xcode/DerivedData/Telegram-Mac-fygdgghdgmuleoelvxabfmqiotta/Build/Intermediates.noindex/MetalEngine.build/Debug/MetalEngine-t.build/DerivedSources-normal/arm64 -Xcc -I/Users/buddhirajgautam/Library/Developer/Xcode/DerivedData/Telegram-Mac-fygdgghdgmuleoelvxabfmqiotta/Build/Intermediates.noindex/MetalEngine.build/Debug/MetalEngine-t.build/DerivedSources/arm64 -Xcc -I/Users/buddhirajgautam/Library/Developer/Xcode/DerivedData/Telegram-Mac-fygdgghdgmuleoelvxabfmqiotta/Build/Intermediates.noindex/MetalEngine.build/Debug/MetalEngine-t.build/DerivedSources -Xcc -DSWIFT_PACKAGE -Xcc -DDEBUG\=1 -emit-objc-header -emit-objc-header-path /Users/buddhirajgautam/Library/Developer/Xcode/DerivedData/Telegram-Mac-fygdgghdgmuleoelvxabfmqiotta/Build/Intermediates.noindex/MetalEngine.build/Debug/MetalEngine-t.build/Objects-normal/arm64/MetalEngine-Swift.h -working-directory /Users/buddhirajgautam/Documents/Cherrygram-Mac/macOS-Swift -experimental-emit-module-separately -disable-cmo

SwiftDriverJobDiscovery normal arm64 Emitting module for TextRecognizing (in target 'TextRecognizing' from project 'TextRecognizing')

SwiftDriver\ Compilation\ Requirements TextRecognizing normal arm64 com.apple.xcode.tools.swift.compiler (in target 'TextRecognizing' from project 'TextRecognizing')
    cd /Users/buddhirajgautam/Documents/Cherrygram-Mac/macOS-Swift
    builtin-Swift-Compilation-Requirements -- /Applications/Xcode.app/Contents/Developer/Toolchains/XcodeDefault.xctoolchain/usr/bin/swiftc -parse-as-library -module-name TextRecognizing -Onone @/Users/buddhirajgautam/Library/Developer/Xcode/DerivedData/Telegram-Mac-fygdgghdgmuleoelvxabfmqiotta/Build/Intermediates.noindex/TextRecognizing.build/Debug/TextRecognizing-t.build/Objects-normal/arm64/TextRecognizing.SwiftFileList -DSWIFT_PACKAGE -DDEBUG -DSWIFT_MODULE_RESOURCE_BUNDLE_UNAVAILABLE -Xcc -fmodule-map-file\=/Users/buddhirajgautam/Library/Developer/Xcode/DerivedData/Telegram-Mac-fygdgghdgmuleoelvxabfmqiotta/Build/Intermediates.noindex/GeneratedModuleMaps/ObjcUtils.modulemap -Xcc -fmodule-map-file\=/Users/buddhirajgautam/Library/Developer/Xcode/DerivedData/Telegram-Mac-fygdgghdgmuleoelvxabfmqiotta/Build/Intermediates.noindex/GeneratedModuleMaps/MtProtoKit.modulemap -Xcc -fmodule-map-file\=/Users/buddhirajgautam/Library/Developer/Xcode/DerivedData/Telegram-Mac-fygdgghdgmuleoelvxabfmqiotta/Build/Intermediates.noindex/GeneratedModuleMaps/NetworkLogging.modulemap -Xcc -fmodule-map-file\=/Users/buddhirajgautam/Library/Developer/Xcode/DerivedData/Telegram-Mac-fygdgghdgmuleoelvxabfmqiotta/Build/Intermediates.noindex/GeneratedModuleMaps/LegacyReachability.modulemap -Xcc -fmodule-map-file\=/Users/buddhirajgautam/Library/Developer/Xcode/DerivedData/Telegram-Mac-fygdgghdgmuleoelvxabfmqiotta/Build/Intermediates.noindex/GeneratedModuleMaps/EncryptionProvider.modulemap -Xcc -fmodule-map-file\=/Users/buddhirajgautam/Library/Developer/Xcode/DerivedData/Telegram-Mac-fygdgghdgmuleoelvxabfmqiotta/Build/Intermediates.noindex/GeneratedModuleMaps/MurMurHash32.modulemap -Xcc -fmodule-map-file\=/Users/buddhirajgautam/Library/Developer/Xcode/DerivedData/Telegram-Mac-fygdgghdgmuleoelvxabfmqiotta/Build/Intermediates.noindex/GeneratedModuleMaps/sqlcipher.modulemap -Xcc -fmodule-map-file\=/Users/buddhirajgautam/Library/Developer/Xcode/DerivedData/Telegram-Mac-fygdgghdgmuleoelvxabfmqiotta/Build/Intermediates.noindex/GeneratedModuleMaps/StringTransliteration.modulemap -Xcc -fmodule-map-file\=/Users/buddhirajgautam/Library/Developer/Xcode/DerivedData/Telegram-Mac-fygdgghdgmuleoelvxabfmqiotta/Build/Intermediates.noindex/GeneratedModuleMaps/DarwinDirStat.modulemap -Xcc -fmodule-map-file\=/Users/buddhirajgautam/Library/Developer/Xcode/DerivedData/Telegram-Mac-fygdgghdgmuleoelvxabfmqiotta/Build/Intermediates.noindex/GeneratedModuleMaps/CryptoUtils.modulemap -Xcc -fmodule-map-file\=/Users/buddhirajgautam/Library/Developer/Xcode/DerivedData/Telegram-Mac-fygdgghdgmuleoelvxabfmqiotta/Build/Intermediates.noindex/GeneratedModuleMaps/Crc32.modulemap -DXcode -plugin-path /Applications/Xcode.app/Contents/Developer/Toolchains/XcodeDefault.xctoolchain/usr/lib/swift/host/plugins/testing -enable-experimental-feature DebugDescriptionMacro -sdk /Applications/Xcode.app/Contents/Developer/Platforms/MacOSX.platform/Developer/SDKs/MacOSX27.0.sdk -target arm64-apple-macos12.0 -g -module-cache-path /Users/buddhirajgautam/Library/Developer/Xcode/DerivedData/ModuleCache.noindex -Xfrontend -serialize-debugging-options -profile-coverage-mapping -profile-generate -enable-testing -index-store-path /Users/buddhirajgautam/Library/Developer/Xcode/DerivedData/Telegram-Mac-fygdgghdgmuleoelvxabfmqiotta/Index.noindex/DataStore -Xcc -D_LIBCPP_HARDENING_MODE\=_LIBCPP_HARDENING_MODE_DEBUG -swift-version 5 -I /Users/buddhirajgautam/Library/Developer/Xcode/DerivedData/Telegram-Mac-fygdgghdgmuleoelvxabfmqiotta/Build/Products/Debug -Isystem /Applications/Xcode.app/Contents/Developer/Platforms/MacOSX.platform/Developer/usr/lib -F /Users/buddhirajgautam/Library/Developer/Xcode/DerivedData/Telegram-Mac-fygdgghdgmuleoelvxabfmqiotta/Build/Products/Debug/PackageFrameworks -F /Users/buddhirajgautam/Library/Developer/Xcode/DerivedData/Telegram-Mac-fygdgghdgmuleoelvxabfmqiotta/Build/Products/Debug -F /Applications/Xcode.app/Contents/Developer/Platforms/MacOSX.platform/Developer/Library/Frameworks -c -j8 -enable-batch-mode -incremental -Xcc -ivfsstatcache -Xcc /Users/buddhirajgautam/Library/Developer/Xcode/DerivedData/SDKStatCaches.noindex/macosx27.0-26A425-e829b21a6f8c9b70876ba0858053c0447231f6df4def33e022ae2eb8f782df1a.sdkstatcache -output-file-map /Users/buddhirajgautam/Library/Developer/Xcode/DerivedData/Telegram-Mac-fygdgghdgmuleoelvxabfmqiotta/Build/Intermediates.noindex/TextRecognizing.build/Debug/TextRecognizing-t.build/Objects-normal/arm64/TextRecognizing-OutputFileMap.json -save-temps -no-color-diagnostics -explicit-module-build -module-cache-path /Users/buddhirajgautam/Library/Developer/Xcode/DerivedData/Telegram-Mac-fygdgghdgmuleoelvxabfmqiotta/Build/Intermediates.noindex/SwiftExplicitPrecompiledModules -clang-scanner-module-cache-path /Users/buddhirajgautam/Library/Developer/Xcode/DerivedData/ModuleCache.noindex -sdk-module-cache-path /Users/buddhirajgautam/Library/Developer/Xcode/DerivedData/SDKExplicitPrecompiledModules -emit-dependencies -emit-module -emit-module-path /Users/buddhirajgautam/Library/Developer/Xcode/DerivedData/Telegram-Mac-fygdgghdgmuleoelvxabfmqiotta/Build/Intermediates.noindex/TextRecognizing.build/Debug/TextRecognizing-t.build/Objects-normal/arm64/TextRecognizing.swiftmodule -serialize-diagnostics -dependency-scan-serialize-diagnostics-path /Users/buddhirajgautam/Library/Developer/Xcode/DerivedData/Telegram-Mac-fygdgghdgmuleoelvxabfmqiotta/Build/Intermediates.noindex/TextRecognizing.build/Debug/TextRecognizing-t.build/Objects-normal/arm64/TextRecognizing-dependency-scan.dia -validate-clang-modules-once -clang-build-session-file /Users/buddhirajgautam/Library/Developer/Xcode/DerivedData/ModuleCache.noindex/Session.modulevalidation -Xcc -fmodules-prune-interval\=86400 -Xcc -fmodules-prune-after\=345600 -emit-const-values -const-gather-protocols-list /Users/buddhirajgautam/Library/Developer/Xcode/DerivedData/Telegram-Mac-fygdgghdgmuleoelvxabfmqiotta/Build/Intermediates.noindex/TextRecognizing.build/Debug/TextRecognizing-t.build/Objects-normal/arm64/TextRecognizing_const_extract_protocols.json -Xcc -I/Users/buddhirajgautam/Documents/Cherrygram-Mac/macOS-Swift/packages/ObjcUtils/Sources/ObjcUtils -Xcc -I/Users/buddhirajgautam/Documents/Cherrygram-Mac/macOS-Swift/submodules/telegram-ios/submodules/MtProtoKit/PublicHeaders -Xcc -I/Users/buddhirajgautam/Documents/Cherrygram-Mac/macOS-Swift/submodules/telegram-ios/submodules/NetworkLogging/PublicHeaders -Xcc -I/Users/buddhirajgautam/Documents/Cherrygram-Mac/macOS-Swift/submodules/telegram-ios/submodules/Reachability/LegacyReachability/PublicHeaders -Xcc -I/Users/buddhirajgautam/Documents/Cherrygram-Mac/macOS-Swift/submodules/telegram-ios/submodules/EncryptionProvider/PublicHeaders -Xcc -I/Users/buddhirajgautam/Documents/Cherrygram-Mac/macOS-Swift/submodules/telegram-ios/submodules/MurMurHash32/PublicHeaders -Xcc -I/Users/buddhirajgautam/Documents/Cherrygram-Mac/macOS-Swift/submodules/telegram-ios/submodules/sqlcipher/PublicHeaders -Xcc -I/Users/buddhirajgautam/Documents/Cherrygram-Mac/macOS-Swift/submodules/telegram-ios/submodules/StringTransliteration/PublicHeaders -Xcc -I/Users/buddhirajgautam/Documents/Cherrygram-Mac/macOS-Swift/submodules/telegram-ios/submodules/Utils/DarwinDirStat/PublicHeaders -Xcc -I/Users/buddhirajgautam/Documents/Cherrygram-Mac/macOS-Swift/submodules/telegram-ios/submodules/CryptoUtils/PublicHeaders -Xcc -I/Users/buddhirajgautam/Documents/Cherrygram-Mac/macOS-Swift/submodules/telegram-ios/submodules/Crc32/PublicHeaders -Xcc -I/Users/buddhirajgautam/Library/Developer/Xcode/DerivedData/Telegram-Mac-fygdgghdgmuleoelvxabfmqiotta/Build/Products/Debug/include -Xcc -I/Users/buddhirajgautam/Library/Developer/Xcode/DerivedData/Telegram-Mac-fygdgghdgmuleoelvxabfmqiotta/Build/Intermediates.noindex/TextRecognizing.build/Debug/TextRecognizing-t.build/DerivedSources-normal/arm64 -Xcc -I/Users/buddhirajgautam/Library/Developer/Xcode/DerivedData/Telegram-Mac-fygdgghdgmuleoelvxabfmqiotta/Build/Intermediates.noindex/TextRecognizing.build/Debug/TextRecognizing-t.build/DerivedSources/arm64 -Xcc -I/Users/buddhirajgautam/Library/Developer/Xcode/DerivedData/Telegram-Mac-fygdgghdgmuleoelvxabfmqiotta/Build/Intermediates.noindex/TextRecognizing.build/Debug/TextRecognizing-t.build/DerivedSources -Xcc -DSWIFT_PACKAGE -Xcc -DDEBUG\=1 -emit-objc-header -emit-objc-header-path /Users/buddhirajgautam/Library/Developer/Xcode/DerivedData/Telegram-Mac-fygdgghdgmuleoelvxabfmqiotta/Build/Intermediates.noindex/TextRecognizing.build/Debug/TextRecognizing-t.build/Objects-normal/arm64/TextRecognizing-Swift.h -working-directory /Users/buddhirajgautam/Documents/Cherrygram-Mac/macOS-Swift -experimental-emit-module-separately -disable-cmo

SwiftDriver Localization normal arm64 com.apple.xcode.tools.swift.compiler (in target 'Localization' from project 'Localization')
    cd /Users/buddhirajgautam/Documents/Cherrygram-Mac/macOS-Swift
    builtin-SwiftDriver -- /Applications/Xcode.app/Contents/Developer/Toolchains/XcodeDefault.xctoolchain/usr/bin/swiftc -parse-as-library -module-name Localization -Onone @/Users/buddhirajgautam/Library/Developer/Xcode/DerivedData/Telegram-Mac-fygdgghdgmuleoelvxabfmqiotta/Build/Intermediates.noindex/Localization.build/Debug/Localization-t.build/Objects-normal/arm64/Localization.SwiftFileList -DSWIFT_PACKAGE -DDEBUG -DSWIFT_MODULE_RESOURCE_BUNDLE_UNAVAILABLE -Xcc -fmodule-map-file\=/Users/buddhirajgautam/Library/Developer/Xcode/DerivedData/Telegram-Mac-fygdgghdgmuleoelvxabfmqiotta/Build/Intermediates.noindex/GeneratedModuleMaps/MurMurHash32.modulemap -Xcc -fmodule-map-file\=/Users/buddhirajgautam/Library/Developer/Xcode/DerivedData/Telegram-Mac-fygdgghdgmuleoelvxabfmqiotta/Build/Intermediates.noindex/GeneratedModuleMaps/sqlcipher.modulemap -Xcc -fmodule-map-file\=/Users/buddhirajgautam/Library/Developer/Xcode/DerivedData/Telegram-Mac-fygdgghdgmuleoelvxabfmqiotta/Build/Intermediates.noindex/GeneratedModuleMaps/StringTransliteration.modulemap -Xcc -fmodule-map-file\=/Users/buddhirajgautam/Library/Developer/Xcode/DerivedData/Telegram-Mac-fygdgghdgmuleoelvxabfmqiotta/Build/Intermediates.noindex/GeneratedModuleMaps/Crc32.modulemap -Xcc -fmodule-map-file\=/Users/buddhirajgautam/Library/Developer/Xcode/DerivedData/Telegram-Mac-fygdgghdgmuleoelvxabfmqiotta/Build/Intermediates.noindex/GeneratedModuleMaps/MtProtoKit.modulemap -Xcc -fmodule-map-file\=/Users/buddhirajgautam/Library/Developer/Xcode/DerivedData/Telegram-Mac-fygdgghdgmuleoelvxabfmqiotta/Build/Intermediates.noindex/GeneratedModuleMaps/CryptoUtils.modulemap -Xcc -fmodule-map-file\=/Users/buddhirajgautam/Library/Developer/Xcode/DerivedData/Telegram-Mac-fygdgghdgmuleoelvxabfmqiotta/Build/Intermediates.noindex/GeneratedModuleMaps/NetworkLogging.modulemap -Xcc -fmodule-map-file\=/Users/buddhirajgautam/Library/Developer/Xcode/DerivedData/Telegram-Mac-fygdgghdgmuleoelvxabfmqiotta/Build/Intermediates.noindex/GeneratedModuleMaps/DarwinDirStat.modulemap -Xcc -fmodule-map-file\=/Users/buddhirajgautam/Library/Developer/Xcode/DerivedData/Telegram-Mac-fygdgghdgmuleoelvxabfmqiotta/Build/Intermediates.noindex/GeneratedModuleMaps/LegacyReachability.modulemap -Xcc -fmodule-map-file\=/Users/buddhirajgautam/Library/Developer/Xcode/DerivedData/Telegram-Mac-fygdgghdgmuleoelvxabfmqiotta/Build/Intermediates.noindex/GeneratedModuleMaps/EncryptionProvider.modulemap -Xcc -fmodule-map-file\=/Users/buddhirajgautam/Library/Developer/Xcode/DerivedData/Telegram-Mac-fygdgghdgmuleoelvxabfmqiotta/Build/Intermediates.noindex/GeneratedModuleMaps/ObjcUtils.modulemap -Xcc -fmodule-map-file\=/Users/buddhirajgautam/Library/Developer/Xcode/DerivedData/Telegram-Mac-fygdgghdgmuleoelvxabfmqiotta/Build/Intermediates.noindex/GeneratedModuleMaps/NumberPluralization.modulemap -DXcode -plugin-path /Applications/Xcode.app/Contents/Developer/Toolchains/XcodeDefault.xctoolchain/usr/lib/swift/host/plugins/testing -enable-experimental-feature DebugDescriptionMacro -sdk /Applications/Xcode.app/Contents/Developer/Platforms/MacOSX.platform/Developer/SDKs/MacOSX27.0.sdk -target arm64-apple-macos12.0 -g -module-cache-path /Users/buddhirajgautam/Library/Developer/Xcode/DerivedData/ModuleCache.noindex -Xfrontend -serialize-debugging-options -profile-coverage-mapping -profile-generate -enable-testing -index-store-path /Users/buddhirajgautam/Library/Developer/Xcode/DerivedData/Telegram-Mac-fygdgghdgmuleoelvxabfmqiotta/Index.noindex/DataStore -Xcc -D_LIBCPP_HARDENING_MODE\=_LIBCPP_HARDENING_MODE_DEBUG -swift-version 5 -I /Users/buddhirajgautam/Library/Developer/Xcode/DerivedData/Telegram-Mac-fygdgghdgmuleoelvxabfmqiotta/Build/Products/Debug -Isystem /Applications/Xcode.app/Contents/Developer/Platforms/MacOSX.platform/Developer/usr/lib -F /Users/buddhirajgautam/Library/Developer/Xcode/DerivedData/Telegram-Mac-fygdgghdgmuleoelvxabfmqiotta/Build/Products/Debug/PackageFrameworks -F /Users/buddhirajgautam/Library/Developer/Xcode/DerivedData/Telegram-Mac-fygdgghdgmuleoelvxabfmqiotta/Build/Products/Debug -F /Applications/Xcode.app/Contents/Developer/Platforms/MacOSX.platform/Developer/Library/Frameworks -c -j8 -enable-batch-mode -incremental -Xcc -ivfsstatcache -Xcc /Users/buddhirajgautam/Library/Developer/Xcode/DerivedData/SDKStatCaches.noindex/macosx27.0-26A425-e829b21a6f8c9b70876ba0858053c0447231f6df4def33e022ae2eb8f782df1a.sdkstatcache -output-file-map /Users/buddhirajgautam/Library/Developer/Xcode/DerivedData/Telegram-Mac-fygdgghdgmuleoelvxabfmqiotta/Build/Intermediates.noindex/Localization.build/Debug/Localization-t.build/Objects-normal/arm64/Localization-OutputFileMap.json -save-temps -no-color-diagnostics -explicit-module-build -module-cache-path /Users/buddhirajgautam/Library/Developer/Xcode/DerivedData/Telegram-Mac-fygdgghdgmuleoelvxabfmqiotta/Build/Intermediates.noindex/SwiftExplicitPrecompiledModules -clang-scanner-module-cache-path /Users/buddhirajgautam/Library/Developer/Xcode/DerivedData/ModuleCache.noindex -sdk-module-cache-path /Users/buddhirajgautam/Library/Developer/Xcode/DerivedData/SDKExplicitPrecompiledModules -emit-dependencies -emit-module -emit-module-path /Users/buddhirajgautam/Library/Developer/Xcode/DerivedData/Telegram-Mac-fygdgghdgmuleoelvxabfmqiotta/Build/Intermediates.noindex/Localization.build/Debug/Localization-t.build/Objects-normal/arm64/Localization.swiftmodule -serialize-diagnostics -dependency-scan-serialize-diagnostics-path /Users/buddhirajgautam/Library/Developer/Xcode/DerivedData/Telegram-Mac-fygdgghdgmuleoelvxabfmqiotta/Build/Intermediates.noindex/Localization.build/Debug/Localization-t.build/Objects-normal/arm64/Localization-dependency-scan.dia -validate-clang-modules-once -clang-build-session-file /Users/buddhirajgautam/Library/Developer/Xcode/DerivedData/ModuleCache.noindex/Session.modulevalidation -Xcc -fmodules-prune-interval\=86400 -Xcc -fmodules-prune-after\=345600 -emit-const-values -const-gather-protocols-list /Users/buddhirajgautam/Library/Developer/Xcode/DerivedData/Telegram-Mac-fygdgghdgmuleoelvxabfmqiotta/Build/Intermediates.noindex/Localization.build/Debug/Localization-t.build/Objects-normal/arm64/Localization_const_extract_protocols.json -Xcc -I/Users/buddhirajgautam/Documents/Cherrygram-Mac/macOS-Swift/submodules/telegram-ios/submodules/MurMurHash32/PublicHeaders -Xcc -I/Users/buddhirajgautam/Documents/Cherrygram-Mac/macOS-Swift/submodules/telegram-ios/submodules/sqlcipher/PublicHeaders -Xcc -I/Users/buddhirajgautam/Documents/Cherrygram-Mac/macOS-Swift/submodules/telegram-ios/submodules/StringTransliteration/PublicHeaders -Xcc -I/Users/buddhirajgautam/Documents/Cherrygram-Mac/macOS-Swift/submodules/telegram-ios/submodules/Crc32/PublicHeaders -Xcc -I/Users/buddhirajgautam/Documents/Cherrygram-Mac/macOS-Swift/submodules/telegram-ios/submodules/MtProtoKit/PublicHeaders -Xcc -I/Users/buddhirajgautam/Documents/Cherrygram-Mac/macOS-Swift/submodules/telegram-ios/submodules/CryptoUtils/PublicHeaders -Xcc -I/Users/buddhirajgautam/Documents/Cherrygram-Mac/macOS-Swift/submodules/telegram-ios/submodules/NetworkLogging/PublicHeaders -Xcc -I/Users/buddhirajgautam/Documents/Cherrygram-Mac/macOS-Swift/submodules/telegram-ios/submodules/Utils/DarwinDirStat/PublicHeaders -Xcc -I/Users/buddhirajgautam/Documents/Cherrygram-Mac/macOS-Swift/submodules/telegram-ios/submodules/Reachability/LegacyReachability/PublicHeaders -Xcc -I/Users/buddhirajgautam/Documents/Cherrygram-Mac/macOS-Swift/submodules/telegram-ios/submodules/EncryptionProvider/PublicHeaders -Xcc -I/Users/buddhirajgautam/Documents/Cherrygram-Mac/macOS-Swift/packages/ObjcUtils/Sources/ObjcUtils -Xcc -I/Users/buddhirajgautam/Documents/Cherrygram-Mac/macOS-Swift/packages/NumberPluralization/Sources/NumberPluralization -Xcc -I/Users/buddhirajgautam/Library/Developer/Xcode/DerivedData/Telegram-Mac-fygdgghdgmuleoelvxabfmqiotta/Build/Products/Debug/include -Xcc -I/Users/buddhirajgautam/Library/Developer/Xcode/DerivedData/Telegram-Mac-fygdgghdgmuleoelvxabfmqiotta/Build/Intermediates.noindex/Localization.build/Debug/Localization-t.build/DerivedSources-normal/arm64 -Xcc -I/Users/buddhirajgautam/Library/Developer/Xcode/DerivedData/Telegram-Mac-fygdgghdgmuleoelvxabfmqiotta/Build/Intermediates.noindex/Localization.build/Debug/Localization-t.build/DerivedSources/arm64 -Xcc -I/Users/buddhirajgautam/Library/Developer/Xcode/DerivedData/Telegram-Mac-fygdgghdgmuleoelvxabfmqiotta/Build/Intermediates.noindex/Localization.build/Debug/Localization-t.build/DerivedSources -Xcc -DSWIFT_PACKAGE -Xcc -DDEBUG\=1 -emit-objc-header -emit-objc-header-path /Users/buddhirajgautam/Library/Developer/Xcode/DerivedData/Telegram-Mac-fygdgghdgmuleoelvxabfmqiotta/Build/Intermediates.noindex/Localization.build/Debug/Localization-t.build/Objects-normal/arm64/Localization-Swift.h -working-directory /Users/buddhirajgautam/Documents/Cherrygram-Mac/macOS-Swift -experimental-emit-module-separately -disable-cmo

SwiftMergeGeneratedHeaders /Users/buddhirajgautam/Library/Developer/Xcode/DerivedData/Telegram-Mac-fygdgghdgmuleoelvxabfmqiotta/Build/Intermediates.noindex/GeneratedModuleMaps/TextRecognizing-Swift.h /Users/buddhirajgautam/Library/Developer/Xcode/DerivedData/Telegram-Mac-fygdgghdgmuleoelvxabfmqiotta/Build/Intermediates.noindex/TextRecognizing.build/Debug/TextRecognizing-t.build/Objects-normal/arm64/TextRecognizing-Swift.h (in target 'TextRecognizing' from project 'TextRecognizing')
    cd /Users/buddhirajgautam/Documents/Cherrygram-Mac/macOS-Swift/packages/TextRecognizing
    builtin-swiftHeaderTool -arch arm64 /Users/buddhirajgautam/Library/Developer/Xcode/DerivedData/Telegram-Mac-fygdgghdgmuleoelvxabfmqiotta/Build/Intermediates.noindex/TextRecognizing.build/Debug/TextRecognizing-t.build/Objects-normal/arm64/TextRecognizing-Swift.h -o /Users/buddhirajgautam/Library/Developer/Xcode/DerivedData/Telegram-Mac-fygdgghdgmuleoelvxabfmqiotta/Build/Intermediates.noindex/GeneratedModuleMaps/TextRecognizing-Swift.h

SwiftDriverJobDiscovery normal arm64 Compiling AdPeers.swift, AddPeerMember.swift, AddressNames.swift, AntiSpam.swift, AutoTranslate.swift, Birthdays.swift, BotRecomendation.swift, ChangePeerNotificationSettings.swift, ChannelAdminEventLogContext.swift, ChannelAdminEventLogs.swift, ChannelAds.swift, ChannelBlacklist.swift, ChannelCreation.swift, ChannelHistoryAvailabilitySettings.swift, ChannelMembers.swift, ChannelOwnershipTransfer.swift, ChannelParticipants.swift, ChannelRecommendation.swift, ChannelSendRestriction.swift, ChatListFiltering.swift, ChatOnlineMembers.swift, CheckPeerChatServiceActions.swift, Communities.swift, ContactToken.swift (in target 'TelegramCore' from project 'TelegramCore')

Copy /Users/buddhirajgautam/Library/Developer/Xcode/DerivedData/Telegram-Mac-fygdgghdgmuleoelvxabfmqiotta/Build/Products/Debug/TextRecognizing.swiftmodule/arm64-apple-macos.swiftmodule /Users/buddhirajgautam/Library/Developer/Xcode/DerivedData/Telegram-Mac-fygdgghdgmuleoelvxabfmqiotta/Build/Intermediates.noindex/TextRecognizing.build/Debug/TextRecognizing-t.build/Objects-normal/arm64/TextRecognizing.swiftmodule (in target 'TextRecognizing' from project 'TextRecognizing')
    cd /Users/buddhirajgautam/Documents/Cherrygram-Mac/macOS-Swift/packages/TextRecognizing
    builtin-copy -exclude .DS_Store -exclude CVS -exclude .svn -exclude .git -exclude .hg -resolve-src-symlinks -rename /Users/buddhirajgautam/Library/Developer/Xcode/DerivedData/Telegram-Mac-fygdgghdgmuleoelvxabfmqiotta/Build/Intermediates.noindex/TextRecognizing.build/Debug/TextRecognizing-t.build/Objects-normal/arm64/TextRecognizing.swiftmodule /Users/buddhirajgautam/Library/Developer/Xcode/DerivedData/Telegram-Mac-fygdgghdgmuleoelvxabfmqiotta/Build/Products/Debug/TextRecognizing.swiftmodule/arm64-apple-macos.swiftmodule

Copy /Users/buddhirajgautam/Library/Developer/Xcode/DerivedData/Telegram-Mac-fygdgghdgmuleoelvxabfmqiotta/Build/Products/Debug/TextRecognizing.swiftmodule/arm64-apple-macos.swiftdoc /Users/buddhirajgautam/Library/Developer/Xcode/DerivedData/Telegram-Mac-fygdgghdgmuleoelvxabfmqiotta/Build/Intermediates.noindex/TextRecognizing.build/Debug/TextRecognizing-t.build/Objects-normal/arm64/TextRecognizing.swiftdoc (in target 'TextRecognizing' from project 'TextRecognizing')
    cd /Users/buddhirajgautam/Documents/Cherrygram-Mac/macOS-Swift/packages/TextRecognizing
    builtin-copy -exclude .DS_Store -exclude CVS -exclude .svn -exclude .git -exclude .hg -resolve-src-symlinks -rename /Users/buddhirajgautam/Library/Developer/Xcode/DerivedData/Telegram-Mac-fygdgghdgmuleoelvxabfmqiotta/Build/Intermediates.noindex/TextRecognizing.build/Debug/TextRecognizing-t.build/Objects-normal/arm64/TextRecognizing.swiftdoc /Users/buddhirajgautam/Library/Developer/Xcode/DerivedData/Telegram-Mac-fygdgghdgmuleoelvxabfmqiotta/Build/Products/Debug/TextRecognizing.swiftmodule/arm64-apple-macos.swiftdoc

Copy /Users/buddhirajgautam/Library/Developer/Xcode/DerivedData/Telegram-Mac-fygdgghdgmuleoelvxabfmqiotta/Build/Products/Debug/TextRecognizing.swiftmodule/arm64-apple-macos.abi.json /Users/buddhirajgautam/Library/Developer/Xcode/DerivedData/Telegram-Mac-fygdgghdgmuleoelvxabfmqiotta/Build/Intermediates.noindex/TextRecognizing.build/Debug/TextRecognizing-t.build/Objects-normal/arm64/TextRecognizing.abi.json (in target 'TextRecognizing' from project 'TextRecognizing')
    cd /Users/buddhirajgautam/Documents/Cherrygram-Mac/macOS-Swift/packages/TextRecognizing
    builtin-copy -exclude .DS_Store -exclude CVS -exclude .svn -exclude .git -exclude .hg -resolve-src-symlinks -rename /Users/buddhirajgautam/Library/Developer/Xcode/DerivedData/Telegram-Mac-fygdgghdgmuleoelvxabfmqiotta/Build/Intermediates.noindex/TextRecognizing.build/Debug/TextRecognizing-t.build/Objects-normal/arm64/TextRecognizing.abi.json /Users/buddhirajgautam/Library/Developer/Xcode/DerivedData/Telegram-Mac-fygdgghdgmuleoelvxabfmqiotta/Build/Products/Debug/TextRecognizing.swiftmodule/arm64-apple-macos.abi.json

Copy /Users/buddhirajgautam/Library/Developer/Xcode/DerivedData/Telegram-Mac-fygdgghdgmuleoelvxabfmqiotta/Build/Products/Debug/TextRecognizing.swiftmodule/Project/arm64-apple-macos.swiftsourceinfo /Users/buddhirajgautam/Library/Developer/Xcode/DerivedData/Telegram-Mac-fygdgghdgmuleoelvxabfmqiotta/Build/Intermediates.noindex/TextRecognizing.build/Debug/TextRecognizing-t.build/Objects-normal/arm64/TextRecognizing.swiftsourceinfo (in target 'TextRecognizing' from project 'TextRecognizing')
    cd /Users/buddhirajgautam/Documents/Cherrygram-Mac/macOS-Swift/packages/TextRecognizing
    builtin-copy -exclude .DS_Store -exclude CVS -exclude .svn -exclude .git -exclude .hg -resolve-src-symlinks -rename /Users/buddhirajgautam/Library/Developer/Xcode/DerivedData/Telegram-Mac-fygdgghdgmuleoelvxabfmqiotta/Build/Intermediates.noindex/TextRecognizing.build/Debug/TextRecognizing-t.build/Objects-normal/arm64/TextRecognizing.swiftsourceinfo /Users/buddhirajgautam/Library/Developer/Xcode/DerivedData/Telegram-Mac-fygdgghdgmuleoelvxabfmqiotta/Build/Products/Debug/TextRecognizing.swiftmodule/Project/arm64-apple-macos.swiftsourceinfo

SwiftDriver InAppSettings normal arm64 com.apple.xcode.tools.swift.compiler (in target 'InAppSettings' from project 'InAppSettings')
    cd /Users/buddhirajgautam/Documents/Cherrygram-Mac/macOS-Swift
    builtin-SwiftDriver -- /Applications/Xcode.app/Contents/Developer/Toolchains/XcodeDefault.xctoolchain/usr/bin/swiftc -parse-as-library -module-name InAppSettings -Onone @/Users/buddhirajgautam/Library/Developer/Xcode/DerivedData/Telegram-Mac-fygdgghdgmuleoelvxabfmqiotta/Build/Intermediates.noindex/InAppSettings.build/Debug/InAppSettings-t.build/Objects-normal/arm64/InAppSettings.SwiftFileList -DSWIFT_PACKAGE -DDEBUG -DSWIFT_MODULE_RESOURCE_BUNDLE_UNAVAILABLE -Xcc -fmodule-map-file\=/Users/buddhirajgautam/Library/Developer/Xcode/DerivedData/Telegram-Mac-fygdgghdgmuleoelvxabfmqiotta/Build/Intermediates.noindex/GeneratedModuleMaps/MurMurHash32.modulemap -Xcc -fmodule-map-file\=/Users/buddhirajgautam/Library/Developer/Xcode/DerivedData/Telegram-Mac-fygdgghdgmuleoelvxabfmqiotta/Build/Intermediates.noindex/GeneratedModuleMaps/sqlcipher.modulemap -Xcc -fmodule-map-file\=/Users/buddhirajgautam/Library/Developer/Xcode/DerivedData/Telegram-Mac-fygdgghdgmuleoelvxabfmqiotta/Build/Intermediates.noindex/GeneratedModuleMaps/StringTransliteration.modulemap -Xcc -fmodule-map-file\=/Users/buddhirajgautam/Library/Developer/Xcode/DerivedData/Telegram-Mac-fygdgghdgmuleoelvxabfmqiotta/Build/Intermediates.noindex/GeneratedModuleMaps/Crc32.modulemap -Xcc -fmodule-map-file\=/Users/buddhirajgautam/Library/Developer/Xcode/DerivedData/Telegram-Mac-fygdgghdgmuleoelvxabfmqiotta/Build/Intermediates.noindex/GeneratedModuleMaps/ObjcUtils.modulemap -Xcc -fmodule-map-file\=/Users/buddhirajgautam/Library/Developer/Xcode/DerivedData/Telegram-Mac-fygdgghdgmuleoelvxabfmqiotta/Build/Intermediates.noindex/GeneratedModuleMaps/MtProtoKit.modulemap -Xcc -fmodule-map-file\=/Users/buddhirajgautam/Library/Developer/Xcode/DerivedData/Telegram-Mac-fygdgghdgmuleoelvxabfmqiotta/Build/Intermediates.noindex/GeneratedModuleMaps/CryptoUtils.modulemap -Xcc -fmodule-map-file\=/Users/buddhirajgautam/Library/Developer/Xcode/DerivedData/Telegram-Mac-fygdgghdgmuleoelvxabfmqiotta/Build/Intermediates.noindex/GeneratedModuleMaps/NetworkLogging.modulemap -Xcc -fmodule-map-file\=/Users/buddhirajgautam/Library/Developer/Xcode/DerivedData/Telegram-Mac-fygdgghdgmuleoelvxabfmqiotta/Build/Intermediates.noindex/GeneratedModuleMaps/DarwinDirStat.modulemap -Xcc -fmodule-map-file\=/Users/buddhirajgautam/Library/Developer/Xcode/DerivedData/Telegram-Mac-fygdgghdgmuleoelvxabfmqiotta/Build/Intermediates.noindex/GeneratedModuleMaps/LegacyReachability.modulemap -Xcc -fmodule-map-file\=/Users/buddhirajgautam/Library/Developer/Xcode/DerivedData/Telegram-Mac-fygdgghdgmuleoelvxabfmqiotta/Build/Intermediates.noindex/GeneratedModuleMaps/EncryptionProvider.modulemap -DXcode -plugin-path /Applications/Xcode.app/Contents/Developer/Toolchains/XcodeDefault.xctoolchain/usr/lib/swift/host/plugins/testing -enable-experimental-feature DebugDescriptionMacro -sdk /Applications/Xcode.app/Contents/Developer/Platforms/MacOSX.platform/Developer/SDKs/MacOSX27.0.sdk -target arm64-apple-macos12.0 -g -module-cache-path /Users/buddhirajgautam/Library/Developer/Xcode/DerivedData/ModuleCache.noindex -Xfrontend -serialize-debugging-options -profile-coverage-mapping -profile-generate -enable-testing -index-store-path /Users/buddhirajgautam/Library/Developer/Xcode/DerivedData/Telegram-Mac-fygdgghdgmuleoelvxabfmqiotta/Index.noindex/DataStore -Xcc -D_LIBCPP_HARDENING_MODE\=_LIBCPP_HARDENING_MODE_DEBUG -swift-version 5 -I /Users/buddhirajgautam/Library/Developer/Xcode/DerivedData/Telegram-Mac-fygdgghdgmuleoelvxabfmqiotta/Build/Products/Debug -Isystem /Applications/Xcode.app/Contents/Developer/Platforms/MacOSX.platform/Developer/usr/lib -F /Users/buddhirajgautam/Library/Developer/Xcode/DerivedData/Telegram-Mac-fygdgghdgmuleoelvxabfmqiotta/Build/Products/Debug/PackageFrameworks -F /Users/buddhirajgautam/Library/Developer/Xcode/DerivedData/Telegram-Mac-fygdgghdgmuleoelvxabfmqiotta/Build/Products/Debug -F /Applications/Xcode.app/Contents/Developer/Platforms/MacOSX.platform/Developer/Library/Frameworks -c -j8 -enable-batch-mode -incremental -Xcc -ivfsstatcache -Xcc /Users/buddhirajgautam/Library/Developer/Xcode/DerivedData/SDKStatCaches.noindex/macosx27.0-26A425-e829b21a6f8c9b70876ba0858053c0447231f6df4def33e022ae2eb8f782df1a.sdkstatcache -output-file-map /Users/buddhirajgautam/Library/Developer/Xcode/DerivedData/Telegram-Mac-fygdgghdgmuleoelvxabfmqiotta/Build/Intermediates.noindex/InAppSettings.build/Debug/InAppSettings-t.build/Objects-normal/arm64/InAppSettings-OutputFileMap.json -save-temps -no-color-diagnostics -explicit-module-build -module-cache-path /Users/buddhirajgautam/Library/Developer/Xcode/DerivedData/Telegram-Mac-fygdgghdgmuleoelvxabfmqiotta/Build/Intermediates.noindex/SwiftExplicitPrecompiledModules -clang-scanner-module-cache-path /Users/buddhirajgautam/Library/Developer/Xcode/DerivedData/ModuleCache.noindex -sdk-module-cache-path /Users/buddhirajgautam/Library/Developer/Xcode/DerivedData/SDKExplicitPrecompiledModules -emit-dependencies -emit-module -emit-module-path /Users/buddhirajgautam/Library/Developer/Xcode/DerivedData/Telegram-Mac-fygdgghdgmuleoelvxabfmqiotta/Build/Intermediates.noindex/InAppSettings.build/Debug/InAppSettings-t.build/Objects-normal/arm64/InAppSettings.swiftmodule -serialize-diagnostics -dependency-scan-serialize-diagnostics-path /Users/buddhirajgautam/Library/Developer/Xcode/DerivedData/Telegram-Mac-fygdgghdgmuleoelvxabfmqiotta/Build/Intermediates.noindex/InAppSettings.build/Debug/InAppSettings-t.build/Objects-normal/arm64/InAppSettings-dependency-scan.dia -validate-clang-modules-once -clang-build-session-file /Users/buddhirajgautam/Library/Developer/Xcode/DerivedData/ModuleCache.noindex/Session.modulevalidation -Xcc -fmodules-prune-interval\=86400 -Xcc -fmodules-prune-after\=345600 -emit-const-values -const-gather-protocols-list /Users/buddhirajgautam/Library/Developer/Xcode/DerivedData/Telegram-Mac-fygdgghdgmuleoelvxabfmqiotta/Build/Intermediates.noindex/InAppSettings.build/Debug/InAppSettings-t.build/Objects-normal/arm64/InAppSettings_const_extract_protocols.json -Xcc -I/Users/buddhirajgautam/Documents/Cherrygram-Mac/macOS-Swift/submodules/telegram-ios/submodules/MurMurHash32/PublicHeaders -Xcc -I/Users/buddhirajgautam/Documents/Cherrygram-Mac/macOS-Swift/submodules/telegram-ios/submodules/sqlcipher/PublicHeaders -Xcc -I/Users/buddhirajgautam/Documents/Cherrygram-Mac/macOS-Swift/submodules/telegram-ios/submodules/StringTransliteration/PublicHeaders -Xcc -I/Users/buddhirajgautam/Documents/Cherrygram-Mac/macOS-Swift/submodules/telegram-ios/submodules/Crc32/PublicHeaders -Xcc -I/Users/buddhirajgautam/Documents/Cherrygram-Mac/macOS-Swift/packages/ObjcUtils/Sources/ObjcUtils -Xcc -I/Users/buddhirajgautam/Documents/Cherrygram-Mac/macOS-Swift/submodules/telegram-ios/submodules/MtProtoKit/PublicHeaders -Xcc -I/Users/buddhirajgautam/Documents/Cherrygram-Mac/macOS-Swift/submodules/telegram-ios/submodules/CryptoUtils/PublicHeaders -Xcc -I/Users/buddhirajgautam/Documents/Cherrygram-Mac/macOS-Swift/submodules/telegram-ios/submodules/NetworkLogging/PublicHeaders -Xcc -I/Users/buddhirajgautam/Documents/Cherrygram-Mac/macOS-Swift/submodules/telegram-ios/submodules/Utils/DarwinDirStat/PublicHeaders -Xcc -I/Users/buddhirajgautam/Documents/Cherrygram-Mac/macOS-Swift/submodules/telegram-ios/submodules/Reachability/LegacyReachability/PublicHeaders -Xcc -I/Users/buddhirajgautam/Documents/Cherrygram-Mac/macOS-Swift/submodules/telegram-ios/submodules/EncryptionProvider/PublicHeaders -Xcc -I/Users/buddhirajgautam/Library/Developer/Xcode/DerivedData/Telegram-Mac-fygdgghdgmuleoelvxabfmqiotta/Build/Products/Debug/include -Xcc -I/Users/buddhirajgautam/Library/Developer/Xcode/DerivedData/Telegram-Mac-fygdgghdgmuleoelvxabfmqiotta/Build/Intermediates.noindex/InAppSettings.build/Debug/InAppSettings-t.build/DerivedSources-normal/arm64 -Xcc -I/Users/buddhirajgautam/Library/Developer/Xcode/DerivedData/Telegram-Mac-fygdgghdgmuleoelvxabfmqiotta/Build/Intermediates.noindex/InAppSettings.build/Debug/InAppSettings-t.build/DerivedSources/arm64 -Xcc -I/Users/buddhirajgautam/Library/Developer/Xcode/DerivedData/Telegram-Mac-fygdgghdgmuleoelvxabfmqiotta/Build/Intermediates.noindex/InAppSettings.build/Debug/InAppSettings-t.build/DerivedSources -Xcc -DSWIFT_PACKAGE -Xcc -DDEBUG\=1 -emit-objc-header -emit-objc-header-path /Users/buddhirajgautam/Library/Developer/Xcode/DerivedData/Telegram-Mac-fygdgghdgmuleoelvxabfmqiotta/Build/Intermediates.noindex/InAppSettings.build/Debug/InAppSettings-t.build/Objects-normal/arm64/InAppSettings-Swift.h -working-directory /Users/buddhirajgautam/Documents/Cherrygram-Mac/macOS-Swift -experimental-emit-module-separately -disable-cmo

SwiftDriver GraphUI normal arm64 com.apple.xcode.tools.swift.compiler (in target 'GraphUI' from project 'GraphUI')
    cd /Users/buddhirajgautam/Documents/Cherrygram-Mac/macOS-Swift
    builtin-SwiftDriver -- /Applications/Xcode.app/Contents/Developer/Toolchains/XcodeDefault.xctoolchain/usr/bin/swiftc -parse-as-library -module-name GraphUI -Onone @/Users/buddhirajgautam/Library/Developer/Xcode/DerivedData/Telegram-Mac-fygdgghdgmuleoelvxabfmqiotta/Build/Intermediates.noindex/GraphUI.build/Debug/GraphUI-t.build/Objects-normal/arm64/GraphUI.SwiftFileList -DSWIFT_PACKAGE -DDEBUG -DSWIFT_MODULE_RESOURCE_BUNDLE_UNAVAILABLE -Xcc -fmodule-map-file\=/Users/buddhirajgautam/Library/Developer/Xcode/DerivedData/Telegram-Mac-fygdgghdgmuleoelvxabfmqiotta/Build/Intermediates.noindex/GeneratedModuleMaps/ObjcUtils.modulemap -DXcode -plugin-path /Applications/Xcode.app/Contents/Developer/Toolchains/XcodeDefault.xctoolchain/usr/lib/swift/host/plugins/testing -enable-experimental-feature DebugDescriptionMacro -sdk /Applications/Xcode.app/Contents/Developer/Platforms/MacOSX.platform/Developer/SDKs/MacOSX27.0.sdk -target arm64-apple-macos12.0 -g -module-cache-path /Users/buddhirajgautam/Library/Developer/Xcode/DerivedData/ModuleCache.noindex -Xfrontend -serialize-debugging-options -profile-coverage-mapping -profile-generate -enable-testing -index-store-path /Users/buddhirajgautam/Library/Developer/Xcode/DerivedData/Telegram-Mac-fygdgghdgmuleoelvxabfmqiotta/Index.noindex/DataStore -Xcc -D_LIBCPP_HARDENING_MODE\=_LIBCPP_HARDENING_MODE_DEBUG -swift-version 5 -I /Users/buddhirajgautam/Library/Developer/Xcode/DerivedData/Telegram-Mac-fygdgghdgmuleoelvxabfmqiotta/Build/Products/Debug -Isystem /Applications/Xcode.app/Contents/Developer/Platforms/MacOSX.platform/Developer/usr/lib -F /Users/buddhirajgautam/Library/Developer/Xcode/DerivedData/Telegram-Mac-fygdgghdgmuleoelvxabfmqiotta/Build/Products/Debug/PackageFrameworks -F /Users/buddhirajgautam/Library/Developer/Xcode/DerivedData/Telegram-Mac-fygdgghdgmuleoelvxabfmqiotta/Build/Products/Debug -F /Applications/Xcode.app/Contents/Developer/Platforms/MacOSX.platform/Developer/Library/Frameworks -c -j8 -enable-batch-mode -incremental -Xcc -ivfsstatcache -Xcc /Users/buddhirajgautam/Library/Developer/Xcode/DerivedData/SDKStatCaches.noindex/macosx27.0-26A425-e829b21a6f8c9b70876ba0858053c0447231f6df4def33e022ae2eb8f782df1a.sdkstatcache -output-file-map /Users/buddhirajgautam/Library/Developer/Xcode/DerivedData/Telegram-Mac-fygdgghdgmuleoelvxabfmqiotta/Build/Intermediates.noindex/GraphUI.build/Debug/GraphUI-t.build/Objects-normal/arm64/GraphUI-OutputFileMap.json -save-temps -no-color-diagnostics -explicit-module-build -module-cache-path /Users/buddhirajgautam/Library/Developer/Xcode/DerivedData/Telegram-Mac-fygdgghdgmuleoelvxabfmqiotta/Build/Intermediates.noindex/SwiftExplicitPrecompiledModules -clang-scanner-module-cache-path /Users/buddhirajgautam/Library/Developer/Xcode/DerivedData/ModuleCache.noindex -sdk-module-cache-path /Users/buddhirajgautam/Library/Developer/Xcode/DerivedData/SDKExplicitPrecompiledModules -emit-dependencies -emit-module -emit-module-path /Users/buddhirajgautam/Library/Developer/Xcode/DerivedData/Telegram-Mac-fygdgghdgmuleoelvxabfmqiotta/Build/Intermediates.noindex/GraphUI.build/Debug/GraphUI-t.build/Objects-normal/arm64/GraphUI.swiftmodule -serialize-diagnostics -dependency-scan-serialize-diagnostics-path /Users/buddhirajgautam/Library/Developer/Xcode/DerivedData/Telegram-Mac-fygdgghdgmuleoelvxabfmqiotta/Build/Intermediates.noindex/GraphUI.build/Debug/GraphUI-t.build/Objects-normal/arm64/GraphUI-dependency-scan.dia -validate-clang-modules-once -clang-build-session-file /Users/buddhirajgautam/Library/Developer/Xcode/DerivedData/ModuleCache.noindex/Session.modulevalidation -Xcc -fmodules-prune-interval\=86400 -Xcc -fmodules-prune-after\=345600 -emit-const-values -const-gather-protocols-list /Users/buddhirajgautam/Library/Developer/Xcode/DerivedData/Telegram-Mac-fygdgghdgmuleoelvxabfmqiotta/Build/Intermediates.noindex/GraphUI.build/Debug/GraphUI-t.build/Objects-normal/arm64/GraphUI_const_extract_protocols.json -Xcc -I/Users/buddhirajgautam/Documents/Cherrygram-Mac/macOS-Swift/packages/ObjcUtils/Sources/ObjcUtils -Xcc -I/Users/buddhirajgautam/Library/Developer/Xcode/DerivedData/Telegram-Mac-fygdgghdgmuleoelvxabfmqiotta/Build/Products/Debug/include -Xcc -I/Users/buddhirajgautam/Library/Developer/Xcode/DerivedData/Telegram-Mac-fygdgghdgmuleoelvxabfmqiotta/Build/Intermediates.noindex/GraphUI.build/Debug/GraphUI-t.build/DerivedSources-normal/arm64 -Xcc -I/Users/buddhirajgautam/Library/Developer/Xcode/DerivedData/Telegram-Mac-fygdgghdgmuleoelvxabfmqiotta/Build/Intermediates.noindex/GraphUI.build/Debug/GraphUI-t.build/DerivedSources/arm64 -Xcc -I/Users/buddhirajgautam/Library/Developer/Xcode/DerivedData/Telegram-Mac-fygdgghdgmuleoelvxabfmqiotta/Build/Intermediates.noindex/GraphUI.build/Debug/GraphUI-t.build/DerivedSources -Xcc -DSWIFT_PACKAGE -Xcc -DDEBUG\=1 -emit-objc-header -emit-objc-header-path /Users/buddhirajgautam/Library/Developer/Xcode/DerivedData/Telegram-Mac-fygdgghdgmuleoelvxabfmqiotta/Build/Intermediates.noindex/GraphUI.build/Debug/GraphUI-t.build/Objects-normal/arm64/GraphUI-Swift.h -working-directory /Users/buddhirajgautam/Documents/Cherrygram-Mac/macOS-Swift -experimental-emit-module-separately -disable-cmo
/Users/buddhirajgautam/Documents/Cherrygram-Mac/macOS-Swift/packages/GraphUI/Sources/Charts/views/ChartVisibilityView.swift:69:12: warning: Extraneous whitespace between attribute name and '('; this is an error in the Swift 6 language mode (in target 'GraphUI' from project 'GraphUI')

SwiftDriverJobDiscovery normal arm64 Compiling SyncCore_AuthorizedAccountState.swift, SyncCore_AutodownloadSettings.swift, SyncCore_AutoremoveTimeoutMessageAttribute.swift, SyncCore_BoostCountMessageAttribute.swift, SyncCore_BotInfo.swift, SyncCore_CacheStorageSettings.swift, SyncCore_CachedChannelData.swift, SyncCore_CachedGroupData.swift, SyncCore_CachedGroupParticipants.swift, SyncCore_CachedLocalizationInfos.swift, SyncCore_CachedRecentPeers.swift, SyncCore_CachedResolvedByNamePeer.swift, SyncCore_CachedResolvedByPhonePeer.swift, SyncCore_CachedSecureIdConfiguration.swift, SyncCore_CachedStickerPack.swift, SyncCore_CachedStickerQueryResult.swift, SyncCore_CachedThemesConfiguration.swift, SyncCore_CachedUserData.swift, SyncCore_CachedWallpapersConfiguration.swift, SyncCore_ChannelMessageStateVersionAttribute.swift, SyncCore_ChannelState.swift, SyncCore_CloudChatRemoveMessagesOperation.swift, SyncCore_CloudFileMediaResource.swift, SyncCore_ConsumableContentMessageAttribute.swift (in target 'TelegramCore' from project 'TelegramCore')

SwiftDriver FetchManager normal arm64 com.apple.xcode.tools.swift.compiler (in target 'FetchManager' from project 'FetchManager')
    cd /Users/buddhirajgautam/Documents/Cherrygram-Mac/macOS-Swift
    builtin-SwiftDriver -- /Applications/Xcode.app/Contents/Developer/Toolchains/XcodeDefault.xctoolchain/usr/bin/swiftc -parse-as-library -module-name FetchManager -Onone @/Users/buddhirajgautam/Library/Developer/Xcode/DerivedData/Telegram-Mac-fygdgghdgmuleoelvxabfmqiotta/Build/Intermediates.noindex/FetchManager.build/Debug/FetchManager-t.build/Objects-normal/arm64/FetchManager.SwiftFileList -DSWIFT_PACKAGE -DDEBUG -DSWIFT_MODULE_RESOURCE_BUNDLE_UNAVAILABLE -Xcc -fmodule-map-file\=/Users/buddhirajgautam/Library/Developer/Xcode/DerivedData/Telegram-Mac-fygdgghdgmuleoelvxabfmqiotta/Build/Intermediates.noindex/GeneratedModuleMaps/MurMurHash32.modulemap -Xcc -fmodule-map-file\=/Users/buddhirajgautam/Library/Developer/Xcode/DerivedData/Telegram-Mac-fygdgghdgmuleoelvxabfmqiotta/Build/Intermediates.noindex/GeneratedModuleMaps/sqlcipher.modulemap -Xcc -fmodule-map-file\=/Users/buddhirajgautam/Library/Developer/Xcode/DerivedData/Telegram-Mac-fygdgghdgmuleoelvxabfmqiotta/Build/Intermediates.noindex/GeneratedModuleMaps/StringTransliteration.modulemap -Xcc -fmodule-map-file\=/Users/buddhirajgautam/Library/Developer/Xcode/DerivedData/Telegram-Mac-fygdgghdgmuleoelvxabfmqiotta/Build/Intermediates.noindex/GeneratedModuleMaps/Crc32.modulemap -Xcc -fmodule-map-file\=/Users/buddhirajgautam/Library/Developer/Xcode/DerivedData/Telegram-Mac-fygdgghdgmuleoelvxabfmqiotta/Build/Intermediates.noindex/GeneratedModuleMaps/MtProtoKit.modulemap -Xcc -fmodule-map-file\=/Users/buddhirajgautam/Library/Developer/Xcode/DerivedData/Telegram-Mac-fygdgghdgmuleoelvxabfmqiotta/Build/Intermediates.noindex/GeneratedModuleMaps/CryptoUtils.modulemap -Xcc -fmodule-map-file\=/Users/buddhirajgautam/Library/Developer/Xcode/DerivedData/Telegram-Mac-fygdgghdgmuleoelvxabfmqiotta/Build/Intermediates.noindex/GeneratedModuleMaps/NetworkLogging.modulemap -Xcc -fmodule-map-file\=/Users/buddhirajgautam/Library/Developer/Xcode/DerivedData/Telegram-Mac-fygdgghdgmuleoelvxabfmqiotta/Build/Intermediates.noindex/GeneratedModuleMaps/DarwinDirStat.modulemap -Xcc -fmodule-map-file\=/Users/buddhirajgautam/Library/Developer/Xcode/DerivedData/Telegram-Mac-fygdgghdgmuleoelvxabfmqiotta/Build/Intermediates.noindex/GeneratedModuleMaps/LegacyReachability.modulemap -Xcc -fmodule-map-file\=/Users/buddhirajgautam/Library/Developer/Xcode/DerivedData/Telegram-Mac-fygdgghdgmuleoelvxabfmqiotta/Build/Intermediates.noindex/GeneratedModuleMaps/EncryptionProvider.modulemap -DXcode -plugin-path /Applications/Xcode.app/Contents/Developer/Toolchains/XcodeDefault.xctoolchain/usr/lib/swift/host/plugins/testing -enable-experimental-feature DebugDescriptionMacro -sdk /Applications/Xcode.app/Contents/Developer/Platforms/MacOSX.platform/Developer/SDKs/MacOSX27.0.sdk -target arm64-apple-macos12.0 -g -module-cache-path /Users/buddhirajgautam/Library/Developer/Xcode/DerivedData/ModuleCache.noindex -Xfrontend -serialize-debugging-options -profile-coverage-mapping -profile-generate -enable-testing -index-store-path /Users/buddhirajgautam/Library/Developer/Xcode/DerivedData/Telegram-Mac-fygdgghdgmuleoelvxabfmqiotta/Index.noindex/DataStore -Xcc -D_LIBCPP_HARDENING_MODE\=_LIBCPP_HARDENING_MODE_DEBUG -swift-version 5 -I /Users/buddhirajgautam/Library/Developer/Xcode/DerivedData/Telegram-Mac-fygdgghdgmuleoelvxabfmqiotta/Build/Products/Debug -Isystem /Applications/Xcode.app/Contents/Developer/Platforms/MacOSX.platform/Developer/usr/lib -F /Users/buddhirajgautam/Library/Developer/Xcode/DerivedData/Telegram-Mac-fygdgghdgmuleoelvxabfmqiotta/Build/Products/Debug/PackageFrameworks -F /Users/buddhirajgautam/Library/Developer/Xcode/DerivedData/Telegram-Mac-fygdgghdgmuleoelvxabfmqiotta/Build/Products/Debug -F /Applications/Xcode.app/Contents/Developer/Platforms/MacOSX.platform/Developer/Library/Frameworks -c -j8 -enable-batch-mode -incremental -Xcc -ivfsstatcache -Xcc /Users/buddhirajgautam/Library/Developer/Xcode/DerivedData/SDKStatCaches.noindex/macosx27.0-26A425-e829b21a6f8c9b70876ba0858053c0447231f6df4def33e022ae2eb8f782df1a.sdkstatcache -output-file-map /Users/buddhirajgautam/Library/Developer/Xcode/DerivedData/Telegram-Mac-fygdgghdgmuleoelvxabfmqiotta/Build/Intermediates.noindex/FetchManager.build/Debug/FetchManager-t.build/Objects-normal/arm64/FetchManager-OutputFileMap.json -save-temps -no-color-diagnostics -explicit-module-build -module-cache-path /Users/buddhirajgautam/Library/Developer/Xcode/DerivedData/Telegram-Mac-fygdgghdgmuleoelvxabfmqiotta/Build/Intermediates.noindex/SwiftExplicitPrecompiledModules -clang-scanner-module-cache-path /Users/buddhirajgautam/Library/Developer/Xcode/DerivedData/ModuleCache.noindex -sdk-module-cache-path /Users/buddhirajgautam/Library/Developer/Xcode/DerivedData/SDKExplicitPrecompiledModules -emit-dependencies -emit-module -emit-module-path /Users/buddhirajgautam/Library/Developer/Xcode/DerivedData/Telegram-Mac-fygdgghdgmuleoelvxabfmqiotta/Build/Intermediates.noindex/FetchManager.build/Debug/FetchManager-t.build/Objects-normal/arm64/FetchManager.swiftmodule -serialize-diagnostics -dependency-scan-serialize-diagnostics-path /Users/buddhirajgautam/Library/Developer/Xcode/DerivedData/Telegram-Mac-fygdgghdgmuleoelvxabfmqiotta/Build/Intermediates.noindex/FetchManager.build/Debug/FetchManager-t.build/Objects-normal/arm64/FetchManager-dependency-scan.dia -validate-clang-modules-once -clang-build-session-file /Users/buddhirajgautam/Library/Developer/Xcode/DerivedData/ModuleCache.noindex/Session.modulevalidation -Xcc -fmodules-prune-interval\=86400 -Xcc -fmodules-prune-after\=345600 -emit-const-values -const-gather-protocols-list /Users/buddhirajgautam/Library/Developer/Xcode/DerivedData/Telegram-Mac-fygdgghdgmuleoelvxabfmqiotta/Build/Intermediates.noindex/FetchManager.build/Debug/FetchManager-t.build/Objects-normal/arm64/FetchManager_const_extract_protocols.json -Xcc -I/Users/buddhirajgautam/Documents/Cherrygram-Mac/macOS-Swift/submodules/telegram-ios/submodules/MurMurHash32/PublicHeaders -Xcc -I/Users/buddhirajgautam/Documents/Cherrygram-Mac/macOS-Swift/submodules/telegram-ios/submodules/sqlcipher/PublicHeaders -Xcc -I/Users/buddhirajgautam/Documents/Cherrygram-Mac/macOS-Swift/submodules/telegram-ios/submodules/StringTransliteration/PublicHeaders -Xcc -I/Users/buddhirajgautam/Documents/Cherrygram-Mac/macOS-Swift/submodules/telegram-ios/submodules/Crc32/PublicHeaders -Xcc -I/Users/buddhirajgautam/Documents/Cherrygram-Mac/macOS-Swift/submodules/telegram-ios/submodules/MtProtoKit/PublicHeaders -Xcc -I/Users/buddhirajgautam/Documents/Cherrygram-Mac/macOS-Swift/submodules/telegram-ios/submodules/CryptoUtils/PublicHeaders -Xcc -I/Users/buddhirajgautam/Documents/Cherrygram-Mac/macOS-Swift/submodules/telegram-ios/submodules/NetworkLogging/PublicHeaders -Xcc -I/Users/buddhirajgautam/Documents/Cherrygram-Mac/macOS-Swift/submodules/telegram-ios/submodules/Utils/DarwinDirStat/PublicHeaders -Xcc -I/Users/buddhirajgautam/Documents/Cherrygram-Mac/macOS-Swift/submodules/telegram-ios/submodules/Reachability/LegacyReachability/PublicHeaders -Xcc -I/Users/buddhirajgautam/Documents/Cherrygram-Mac/macOS-Swift/submodules/telegram-ios/submodules/EncryptionProvider/PublicHeaders -Xcc -I/Users/buddhirajgautam/Library/Developer/Xcode/DerivedData/Telegram-Mac-fygdgghdgmuleoelvxabfmqiotta/Build/Products/Debug/include -Xcc -I/Users/buddhirajgautam/Library/Developer/Xcode/DerivedData/Telegram-Mac-fygdgghdgmuleoelvxabfmqiotta/Build/Intermediates.noindex/FetchManager.build/Debug/FetchManager-t.build/DerivedSources-normal/arm64 -Xcc -I/Users/buddhirajgautam/Library/Developer/Xcode/DerivedData/Telegram-Mac-fygdgghdgmuleoelvxabfmqiotta/Build/Intermediates.noindex/FetchManager.build/Debug/FetchManager-t.build/DerivedSources/arm64 -Xcc -I/Users/buddhirajgautam/Library/Developer/Xcode/DerivedData/Telegram-Mac-fygdgghdgmuleoelvxabfmqiotta/Build/Intermediates.noindex/FetchManager.build/Debug/FetchManager-t.build/DerivedSources -Xcc -DSWIFT_PACKAGE -Xcc -DDEBUG\=1 -emit-objc-header -emit-objc-header-path /Users/buddhirajgautam/Library/Developer/Xcode/DerivedData/Telegram-Mac-fygdgghdgmuleoelvxabfmqiotta/Build/Intermediates.noindex/FetchManager.build/Debug/FetchManager-t.build/Objects-normal/arm64/FetchManager-Swift.h -working-directory /Users/buddhirajgautam/Documents/Cherrygram-Mac/macOS-Swift -experimental-emit-module-separately -disable-cmo

SwiftDriver Dock normal arm64 com.apple.xcode.tools.swift.compiler (in target 'Dock' from project 'Dock')
    cd /Users/buddhirajgautam/Documents/Cherrygram-Mac/macOS-Swift
    builtin-SwiftDriver -- /Applications/Xcode.app/Contents/Developer/Toolchains/XcodeDefault.xctoolchain/usr/bin/swiftc -parse-as-library -module-name Dock -Onone @/Users/buddhirajgautam/Library/Developer/Xcode/DerivedData/Telegram-Mac-fygdgghdgmuleoelvxabfmqiotta/Build/Intermediates.noindex/Dock.build/Debug/Dock-t.build/Objects-normal/arm64/Dock.SwiftFileList -DSWIFT_PACKAGE -DDEBUG -DSWIFT_MODULE_RESOURCE_BUNDLE_UNAVAILABLE -Xcc -fmodule-map-file\=/Users/buddhirajgautam/Library/Developer/Xcode/DerivedData/Telegram-Mac-fygdgghdgmuleoelvxabfmqiotta/Build/Intermediates.noindex/GeneratedModuleMaps/ObjcUtils.modulemap -DXcode -plugin-path /Applications/Xcode.app/Contents/Developer/Toolchains/XcodeDefault.xctoolchain/usr/lib/swift/host/plugins/testing -enable-experimental-feature DebugDescriptionMacro -sdk /Applications/Xcode.app/Contents/Developer/Platforms/MacOSX.platform/Developer/SDKs/MacOSX27.0.sdk -target arm64-apple-macos12.0 -g -module-cache-path /Users/buddhirajgautam/Library/Developer/Xcode/DerivedData/ModuleCache.noindex -Xfrontend -serialize-debugging-options -profile-coverage-mapping -profile-generate -enable-testing -index-store-path /Users/buddhirajgautam/Library/Developer/Xcode/DerivedData/Telegram-Mac-fygdgghdgmuleoelvxabfmqiotta/Index.noindex/DataStore -Xcc -D_LIBCPP_HARDENING_MODE\=_LIBCPP_HARDENING_MODE_DEBUG -swift-version 5 -I /Users/buddhirajgautam/Library/Developer/Xcode/DerivedData/Telegram-Mac-fygdgghdgmuleoelvxabfmqiotta/Build/Products/Debug -Isystem /Applications/Xcode.app/Contents/Developer/Platforms/MacOSX.platform/Developer/usr/lib -F /Users/buddhirajgautam/Library/Developer/Xcode/DerivedData/Telegram-Mac-fygdgghdgmuleoelvxabfmqiotta/Build/Products/Debug/PackageFrameworks -F /Users/buddhirajgautam/Library/Developer/Xcode/DerivedData/Telegram-Mac-fygdgghdgmuleoelvxabfmqiotta/Build/Products/Debug -F /Applications/Xcode.app/Contents/Developer/Platforms/MacOSX.platform/Developer/Library/Frameworks -c -j8 -enable-batch-mode -incremental -Xcc -ivfsstatcache -Xcc /Users/buddhirajgautam/Library/Developer/Xcode/DerivedData/SDKStatCaches.noindex/macosx27.0-26A425-e829b21a6f8c9b70876ba0858053c0447231f6df4def33e022ae2eb8f782df1a.sdkstatcache -output-file-map /Users/buddhirajgautam/Library/Developer/Xcode/DerivedData/Telegram-Mac-fygdgghdgmuleoelvxabfmqiotta/Build/Intermediates.noindex/Dock.build/Debug/Dock-t.build/Objects-normal/arm64/Dock-OutputFileMap.json -save-temps -no-color-diagnostics -explicit-module-build -module-cache-path /Users/buddhirajgautam/Library/Developer/Xcode/DerivedData/Telegram-Mac-fygdgghdgmuleoelvxabfmqiotta/Build/Intermediates.noindex/SwiftExplicitPrecompiledModules -clang-scanner-module-cache-path /Users/buddhirajgautam/Library/Developer/Xcode/DerivedData/ModuleCache.noindex -sdk-module-cache-path /Users/buddhirajgautam/Library/Developer/Xcode/DerivedData/SDKExplicitPrecompiledModules -emit-dependencies -emit-module -emit-module-path /Users/buddhirajgautam/Library/Developer/Xcode/DerivedData/Telegram-Mac-fygdgghdgmuleoelvxabfmqiotta/Build/Intermediates.noindex/Dock.build/Debug/Dock-t.build/Objects-normal/arm64/Dock.swiftmodule -serialize-diagnostics -dependency-scan-serialize-diagnostics-path /Users/buddhirajgautam/Library/Developer/Xcode/DerivedData/Telegram-Mac-fygdgghdgmuleoelvxabfmqiotta/Build/Intermediates.noindex/Dock.build/Debug/Dock-t.build/Objects-normal/arm64/Dock-dependency-scan.dia -validate-clang-modules-once -clang-build-session-file /Users/buddhirajgautam/Library/Developer/Xcode/DerivedData/ModuleCache.noindex/Session.modulevalidation -Xcc -fmodules-prune-interval\=86400 -Xcc -fmodules-prune-after\=345600 -emit-const-values -const-gather-protocols-list /Users/buddhirajgautam/Library/Developer/Xcode/DerivedData/Telegram-Mac-fygdgghdgmuleoelvxabfmqiotta/Build/Intermediates.noindex/Dock.build/Debug/Dock-t.build/Objects-normal/arm64/Dock_const_extract_protocols.json -Xcc -I/Users/buddhirajgautam/Documents/Cherrygram-Mac/macOS-Swift/packages/ObjcUtils/Sources/ObjcUtils -Xcc -I/Users/buddhirajgautam/Library/Developer/Xcode/DerivedData/Telegram-Mac-fygdgghdgmuleoelvxabfmqiotta/Build/Products/Debug/include -Xcc -I/Users/buddhirajgautam/Library/Developer/Xcode/DerivedData/Telegram-Mac-fygdgghdgmuleoelvxabfmqiotta/Build/Intermediates.noindex/Dock.build/Debug/Dock-t.build/DerivedSources-normal/arm64 -Xcc -I/Users/buddhirajgautam/Library/Developer/Xcode/DerivedData/Telegram-Mac-fygdgghdgmuleoelvxabfmqiotta/Build/Intermediates.noindex/Dock.build/Debug/Dock-t.build/DerivedSources/arm64 -Xcc -I/Users/buddhirajgautam/Library/Developer/Xcode/DerivedData/Telegram-Mac-fygdgghdgmuleoelvxabfmqiotta/Build/Intermediates.noindex/Dock.build/Debug/Dock-t.build/DerivedSources -Xcc -DSWIFT_PACKAGE -Xcc -DDEBUG\=1 -emit-objc-header -emit-objc-header-path /Users/buddhirajgautam/Library/Developer/Xcode/DerivedData/Telegram-Mac-fygdgghdgmuleoelvxabfmqiotta/Build/Intermediates.noindex/Dock.build/Debug/Dock-t.build/Objects-normal/arm64/Dock-Swift.h -working-directory /Users/buddhirajgautam/Documents/Cherrygram-Mac/macOS-Swift -experimental-emit-module-separately -disable-cmo

SwiftExplicitDependencyGeneratePcm arm64 /Users/buddhirajgautam/Library/Developer/Xcode/DerivedData/Telegram-Mac-fygdgghdgmuleoelvxabfmqiotta/Build/Intermediates.noindex/SwiftExplicitPrecompiledModules/LegacyReachability-1WP66WN2PTKVIZSDQZIX1X5Q5.pcm

SwiftEmitModule normal arm64 Emitting\ module\ for\ InAppSettings (in target 'InAppSettings' from project 'InAppSettings')

SwiftCompile normal arm64 (in target 'InAppSettings' from project 'InAppSettings')
    cd /Users/buddhirajgautam/Documents/Cherrygram-Mac/macOS-Swift
    

SwiftExplicitDependencyGeneratePcm arm64 /Users/buddhirajgautam/Library/Developer/Xcode/DerivedData/Telegram-Mac-fygdgghdgmuleoelvxabfmqiotta/Build/Intermediates.noindex/SwiftExplicitPrecompiledModules/Crc32-BE8LJMQ6SYZ98KLH2W5G2HDR4.pcm

SwiftEmitModule normal arm64 Emitting\ module\ for\ GraphUI (in target 'GraphUI' from project 'GraphUI')
/Users/buddhirajgautam/Documents/Cherrygram-Mac/macOS-Swift/packages/GraphUI/Sources/Charts/views/ChartVisibilityView.swift:69:12: warning: extraneous whitespace between attribute name and '('; this is an error in the Swift 6 language mode
 67 |     }
 68 |     
 69 |     private (set) var selectedItems: [Bool] = []
    |            `- warning: extraneous whitespace between attribute name and '('; this is an error in the Swift 6 language mode
 70 |     var isExpanded: Bool = true {
 71 |         didSet {

SwiftCompile normal arm64 (in target 'GraphUI' from project 'GraphUI')
    cd /Users/buddhirajgautam/Documents/Cherrygram-Mac/macOS-Swift
    

SwiftEmitModule normal arm64 Emitting\ module\ for\ FetchManager (in target 'FetchManager' from project 'FetchManager')

SwiftCompile normal arm64 (in target 'FetchManager' from project 'FetchManager')
    cd /Users/buddhirajgautam/Documents/Cherrygram-Mac/macOS-Swift
    

SwiftExplicitDependencyGeneratePcm arm64 /Users/buddhirajgautam/Library/Developer/Xcode/DerivedData/Telegram-Mac-fygdgghdgmuleoelvxabfmqiotta/Build/Intermediates.noindex/SwiftExplicitPrecompiledModules/NetworkLogging-25PCVOF35H2YC5235PROYM6KI.pcm

SwiftDriverJobDiscovery normal arm64 Emitting module for FetchManager (in target 'FetchManager' from project 'FetchManager')

SwiftExplicitDependencyGeneratePcm arm64 /Users/buddhirajgautam/Library/Developer/Xcode/DerivedData/Telegram-Mac-fygdgghdgmuleoelvxabfmqiotta/Build/Intermediates.noindex/SwiftExplicitPrecompiledModules/sqlcipher-4BQPEV0KM3I3T07ZLRKTF6O3N.pcm

SwiftDriver\ Compilation\ Requirements FetchManager normal arm64 com.apple.xcode.tools.swift.compiler (in target 'FetchManager' from project 'FetchManager')
    cd /Users/buddhirajgautam/Documents/Cherrygram-Mac/macOS-Swift
    builtin-Swift-Compilation-Requirements -- /Applications/Xcode.app/Contents/Developer/Toolchains/XcodeDefault.xctoolchain/usr/bin/swiftc -parse-as-library -module-name FetchManager -Onone @/Users/buddhirajgautam/Library/Developer/Xcode/DerivedData/Telegram-Mac-fygdgghdgmuleoelvxabfmqiotta/Build/Intermediates.noindex/FetchManager.build/Debug/FetchManager-t.build/Objects-normal/arm64/FetchManager.SwiftFileList -DSWIFT_PACKAGE -DDEBUG -DSWIFT_MODULE_RESOURCE_BUNDLE_UNAVAILABLE -Xcc -fmodule-map-file\=/Users/buddhirajgautam/Library/Developer/Xcode/DerivedData/Telegram-Mac-fygdgghdgmuleoelvxabfmqiotta/Build/Intermediates.noindex/GeneratedModuleMaps/MurMurHash32.modulemap -Xcc -fmodule-map-file\=/Users/buddhirajgautam/Library/Developer/Xcode/DerivedData/Telegram-Mac-fygdgghdgmuleoelvxabfmqiotta/Build/Intermediates.noindex/GeneratedModuleMaps/sqlcipher.modulemap -Xcc -fmodule-map-file\=/Users/buddhirajgautam/Library/Developer/Xcode/DerivedData/Telegram-Mac-fygdgghdgmuleoelvxabfmqiotta/Build/Intermediates.noindex/GeneratedModuleMaps/StringTransliteration.modulemap -Xcc -fmodule-map-file\=/Users/buddhirajgautam/Library/Developer/Xcode/DerivedData/Telegram-Mac-fygdgghdgmuleoelvxabfmqiotta/Build/Intermediates.noindex/GeneratedModuleMaps/Crc32.modulemap -Xcc -fmodule-map-file\=/Users/buddhirajgautam/Library/Developer/Xcode/DerivedData/Telegram-Mac-fygdgghdgmuleoelvxabfmqiotta/Build/Intermediates.noindex/GeneratedModuleMaps/MtProtoKit.modulemap -Xcc -fmodule-map-file\=/Users/buddhirajgautam/Library/Developer/Xcode/DerivedData/Telegram-Mac-fygdgghdgmuleoelvxabfmqiotta/Build/Intermediates.noindex/GeneratedModuleMaps/CryptoUtils.modulemap -Xcc -fmodule-map-file\=/Users/buddhirajgautam/Library/Developer/Xcode/DerivedData/Telegram-Mac-fygdgghdgmuleoelvxabfmqiotta/Build/Intermediates.noindex/GeneratedModuleMaps/NetworkLogging.modulemap -Xcc -fmodule-map-file\=/Users/buddhirajgautam/Library/Developer/Xcode/DerivedData/Telegram-Mac-fygdgghdgmuleoelvxabfmqiotta/Build/Intermediates.noindex/GeneratedModuleMaps/DarwinDirStat.modulemap -Xcc -fmodule-map-file\=/Users/buddhirajgautam/Library/Developer/Xcode/DerivedData/Telegram-Mac-fygdgghdgmuleoelvxabfmqiotta/Build/Intermediates.noindex/GeneratedModuleMaps/LegacyReachability.modulemap -Xcc -fmodule-map-file\=/Users/buddhirajgautam/Library/Developer/Xcode/DerivedData/Telegram-Mac-fygdgghdgmuleoelvxabfmqiotta/Build/Intermediates.noindex/GeneratedModuleMaps/EncryptionProvider.modulemap -DXcode -plugin-path /Applications/Xcode.app/Contents/Developer/Toolchains/XcodeDefault.xctoolchain/usr/lib/swift/host/plugins/testing -enable-experimental-feature DebugDescriptionMacro -sdk /Applications/Xcode.app/Contents/Developer/Platforms/MacOSX.platform/Developer/SDKs/MacOSX27.0.sdk -target arm64-apple-macos12.0 -g -module-cache-path /Users/buddhirajgautam/Library/Developer/Xcode/DerivedData/ModuleCache.noindex -Xfrontend -serialize-debugging-options -profile-coverage-mapping -profile-generate -enable-testing -index-store-path /Users/buddhirajgautam/Library/Developer/Xcode/DerivedData/Telegram-Mac-fygdgghdgmuleoelvxabfmqiotta/Index.noindex/DataStore -Xcc -D_LIBCPP_HARDENING_MODE\=_LIBCPP_HARDENING_MODE_DEBUG -swift-version 5 -I /Users/buddhirajgautam/Library/Developer/Xcode/DerivedData/Telegram-Mac-fygdgghdgmuleoelvxabfmqiotta/Build/Products/Debug -Isystem /Applications/Xcode.app/Contents/Developer/Platforms/MacOSX.platform/Developer/usr/lib -F /Users/buddhirajgautam/Library/Developer/Xcode/DerivedData/Telegram-Mac-fygdgghdgmuleoelvxabfmqiotta/Build/Products/Debug/PackageFrameworks -F /Users/buddhirajgautam/Library/Developer/Xcode/DerivedData/Telegram-Mac-fygdgghdgmuleoelvxabfmqiotta/Build/Products/Debug -F /Applications/Xcode.app/Contents/Developer/Platforms/MacOSX.platform/Developer/Library/Frameworks -c -j8 -enable-batch-mode -incremental -Xcc -ivfsstatcache -Xcc /Users/buddhirajgautam/Library/Developer/Xcode/DerivedData/SDKStatCaches.noindex/macosx27.0-26A425-e829b21a6f8c9b70876ba0858053c0447231f6df4def33e022ae2eb8f782df1a.sdkstatcache -output-file-map /Users/buddhirajgautam/Library/Developer/Xcode/DerivedData/Telegram-Mac-fygdgghdgmuleoelvxabfmqiotta/Build/Intermediates.noindex/FetchManager.build/Debug/FetchManager-t.build/Objects-normal/arm64/FetchManager-OutputFileMap.json -save-temps -no-color-diagnostics -explicit-module-build -module-cache-path /Users/buddhirajgautam/Library/Developer/Xcode/DerivedData/Telegram-Mac-fygdgghdgmuleoelvxabfmqiotta/Build/Intermediates.noindex/SwiftExplicitPrecompiledModules -clang-scanner-module-cache-path /Users/buddhirajgautam/Library/Developer/Xcode/DerivedData/ModuleCache.noindex -sdk-module-cache-path /Users/buddhirajgautam/Library/Developer/Xcode/DerivedData/SDKExplicitPrecompiledModules -emit-dependencies -emit-module -emit-module-path /Users/buddhirajgautam/Library/Developer/Xcode/DerivedData/Telegram-Mac-fygdgghdgmuleoelvxabfmqiotta/Build/Intermediates.noindex/FetchManager.build/Debug/FetchManager-t.build/Objects-normal/arm64/FetchManager.swiftmodule -serialize-diagnostics -dependency-scan-serialize-diagnostics-path /Users/buddhirajgautam/Library/Developer/Xcode/DerivedData/Telegram-Mac-fygdgghdgmuleoelvxabfmqiotta/Build/Intermediates.noindex/FetchManager.build/Debug/FetchManager-t.build/Objects-normal/arm64/FetchManager-dependency-scan.dia -validate-clang-modules-once -clang-build-session-file /Users/buddhirajgautam/Library/Developer/Xcode/DerivedData/ModuleCache.noindex/Session.modulevalidation -Xcc -fmodules-prune-interval\=86400 -Xcc -fmodules-prune-after\=345600 -emit-const-values -const-gather-protocols-list /Users/buddhirajgautam/Library/Developer/Xcode/DerivedData/Telegram-Mac-fygdgghdgmuleoelvxabfmqiotta/Build/Intermediates.noindex/FetchManager.build/Debug/FetchManager-t.build/Objects-normal/arm64/FetchManager_const_extract_protocols.json -Xcc -I/Users/buddhirajgautam/Documents/Cherrygram-Mac/macOS-Swift/submodules/telegram-ios/submodules/MurMurHash32/PublicHeaders -Xcc -I/Users/buddhirajgautam/Documents/Cherrygram-Mac/macOS-Swift/submodules/telegram-ios/submodules/sqlcipher/PublicHeaders -Xcc -I/Users/buddhirajgautam/Documents/Cherrygram-Mac/macOS-Swift/submodules/telegram-ios/submodules/StringTransliteration/PublicHeaders -Xcc -I/Users/buddhirajgautam/Documents/Cherrygram-Mac/macOS-Swift/submodules/telegram-ios/submodules/Crc32/PublicHeaders -Xcc -I/Users/buddhirajgautam/Documents/Cherrygram-Mac/macOS-Swift/submodules/telegram-ios/submodules/MtProtoKit/PublicHeaders -Xcc -I/Users/buddhirajgautam/Documents/Cherrygram-Mac/macOS-Swift/submodules/telegram-ios/submodules/CryptoUtils/PublicHeaders -Xcc -I/Users/buddhirajgautam/Documents/Cherrygram-Mac/macOS-Swift/submodules/telegram-ios/submodules/NetworkLogging/PublicHeaders -Xcc -I/Users/buddhirajgautam/Documents/Cherrygram-Mac/macOS-Swift/submodules/telegram-ios/submodules/Utils/DarwinDirStat/PublicHeaders -Xcc -I/Users/buddhirajgautam/Documents/Cherrygram-Mac/macOS-Swift/submodules/telegram-ios/submodules/Reachability/LegacyReachability/PublicHeaders -Xcc -I/Users/buddhirajgautam/Documents/Cherrygram-Mac/macOS-Swift/submodules/telegram-ios/submodules/EncryptionProvider/PublicHeaders -Xcc -I/Users/buddhirajgautam/Library/Developer/Xcode/DerivedData/Telegram-Mac-fygdgghdgmuleoelvxabfmqiotta/Build/Products/Debug/include -Xcc -I/Users/buddhirajgautam/Library/Developer/Xcode/DerivedData/Telegram-Mac-fygdgghdgmuleoelvxabfmqiotta/Build/Intermediates.noindex/FetchManager.build/Debug/FetchManager-t.build/DerivedSources-normal/arm64 -Xcc -I/Users/buddhirajgautam/Library/Developer/Xcode/DerivedData/Telegram-Mac-fygdgghdgmuleoelvxabfmqiotta/Build/Intermediates.noindex/FetchManager.build/Debug/FetchManager-t.build/DerivedSources/arm64 -Xcc -I/Users/buddhirajgautam/Library/Developer/Xcode/DerivedData/Telegram-Mac-fygdgghdgmuleoelvxabfmqiotta/Build/Intermediates.noindex/FetchManager.build/Debug/FetchManager-t.build/DerivedSources -Xcc -DSWIFT_PACKAGE -Xcc -DDEBUG\=1 -emit-objc-header -emit-objc-header-path /Users/buddhirajgautam/Library/Developer/Xcode/DerivedData/Telegram-Mac-fygdgghdgmuleoelvxabfmqiotta/Build/Intermediates.noindex/FetchManager.build/Debug/FetchManager-t.build/Objects-normal/arm64/FetchManager-Swift.h -working-directory /Users/buddhirajgautam/Documents/Cherrygram-Mac/macOS-Swift -experimental-emit-module-separately -disable-cmo

SwiftDriverJobDiscovery normal arm64 Emitting module for InAppSettings (in target 'InAppSettings' from project 'InAppSettings')

SwiftDriver\ Compilation\ Requirements InAppSettings normal arm64 com.apple.xcode.tools.swift.compiler (in target 'InAppSettings' from project 'InAppSettings')
    cd /Users/buddhirajgautam/Documents/Cherrygram-Mac/macOS-Swift
    builtin-Swift-Compilation-Requirements -- /Applications/Xcode.app/Contents/Developer/Toolchains/XcodeDefault.xctoolchain/usr/bin/swiftc -parse-as-library -module-name InAppSettings -Onone @/Users/buddhirajgautam/Library/Developer/Xcode/DerivedData/Telegram-Mac-fygdgghdgmuleoelvxabfmqiotta/Build/Intermediates.noindex/InAppSettings.build/Debug/InAppSettings-t.build/Objects-normal/arm64/InAppSettings.SwiftFileList -DSWIFT_PACKAGE -DDEBUG -DSWIFT_MODULE_RESOURCE_BUNDLE_UNAVAILABLE -Xcc -fmodule-map-file\=/Users/buddhirajgautam/Library/Developer/Xcode/DerivedData/Telegram-Mac-fygdgghdgmuleoelvxabfmqiotta/Build/Intermediates.noindex/GeneratedModuleMaps/MurMurHash32.modulemap -Xcc -fmodule-map-file\=/Users/buddhirajgautam/Library/Developer/Xcode/DerivedData/Telegram-Mac-fygdgghdgmuleoelvxabfmqiotta/Build/Intermediates.noindex/GeneratedModuleMaps/sqlcipher.modulemap -Xcc -fmodule-map-file\=/Users/buddhirajgautam/Library/Developer/Xcode/DerivedData/Telegram-Mac-fygdgghdgmuleoelvxabfmqiotta/Build/Intermediates.noindex/GeneratedModuleMaps/StringTransliteration.modulemap -Xcc -fmodule-map-file\=/Users/buddhirajgautam/Library/Developer/Xcode/DerivedData/Telegram-Mac-fygdgghdgmuleoelvxabfmqiotta/Build/Intermediates.noindex/GeneratedModuleMaps/Crc32.modulemap -Xcc -fmodule-map-file\=/Users/buddhirajgautam/Library/Developer/Xcode/DerivedData/Telegram-Mac-fygdgghdgmuleoelvxabfmqiotta/Build/Intermediates.noindex/GeneratedModuleMaps/ObjcUtils.modulemap -Xcc -fmodule-map-file\=/Users/buddhirajgautam/Library/Developer/Xcode/DerivedData/Telegram-Mac-fygdgghdgmuleoelvxabfmqiotta/Build/Intermediates.noindex/GeneratedModuleMaps/MtProtoKit.modulemap -Xcc -fmodule-map-file\=/Users/buddhirajgautam/Library/Developer/Xcode/DerivedData/Telegram-Mac-fygdgghdgmuleoelvxabfmqiotta/Build/Intermediates.noindex/GeneratedModuleMaps/CryptoUtils.modulemap -Xcc -fmodule-map-file\=/Users/buddhirajgautam/Library/Developer/Xcode/DerivedData/Telegram-Mac-fygdgghdgmuleoelvxabfmqiotta/Build/Intermediates.noindex/GeneratedModuleMaps/NetworkLogging.modulemap -Xcc -fmodule-map-file\=/Users/buddhirajgautam/Library/Developer/Xcode/DerivedData/Telegram-Mac-fygdgghdgmuleoelvxabfmqiotta/Build/Intermediates.noindex/GeneratedModuleMaps/DarwinDirStat.modulemap -Xcc -fmodule-map-file\=/Users/buddhirajgautam/Library/Developer/Xcode/DerivedData/Telegram-Mac-fygdgghdgmuleoelvxabfmqiotta/Build/Intermediates.noindex/GeneratedModuleMaps/LegacyReachability.modulemap -Xcc -fmodule-map-file\=/Users/buddhirajgautam/Library/Developer/Xcode/DerivedData/Telegram-Mac-fygdgghdgmuleoelvxabfmqiotta/Build/Intermediates.noindex/GeneratedModuleMaps/EncryptionProvider.modulemap -DXcode -plugin-path /Applications/Xcode.app/Contents/Developer/Toolchains/XcodeDefault.xctoolchain/usr/lib/swift/host/plugins/testing -enable-experimental-feature DebugDescriptionMacro -sdk /Applications/Xcode.app/Contents/Developer/Platforms/MacOSX.platform/Developer/SDKs/MacOSX27.0.sdk -target arm64-apple-macos12.0 -g -module-cache-path /Users/buddhirajgautam/Library/Developer/Xcode/DerivedData/ModuleCache.noindex -Xfrontend -serialize-debugging-options -profile-coverage-mapping -profile-generate -enable-testing -index-store-path /Users/buddhirajgautam/Library/Developer/Xcode/DerivedData/Telegram-Mac-fygdgghdgmuleoelvxabfmqiotta/Index.noindex/DataStore -Xcc -D_LIBCPP_HARDENING_MODE\=_LIBCPP_HARDENING_MODE_DEBUG -swift-version 5 -I /Users/buddhirajgautam/Library/Developer/Xcode/DerivedData/Telegram-Mac-fygdgghdgmuleoelvxabfmqiotta/Build/Products/Debug -Isystem /Applications/Xcode.app/Contents/Developer/Platforms/MacOSX.platform/Developer/usr/lib -F /Users/buddhirajgautam/Library/Developer/Xcode/DerivedData/Telegram-Mac-fygdgghdgmuleoelvxabfmqiotta/Build/Products/Debug/PackageFrameworks -F /Users/buddhirajgautam/Library/Developer/Xcode/DerivedData/Telegram-Mac-fygdgghdgmuleoelvxabfmqiotta/Build/Products/Debug -F /Applications/Xcode.app/Contents/Developer/Platforms/MacOSX.platform/Developer/Library/Frameworks -c -j8 -enable-batch-mode -incremental -Xcc -ivfsstatcache -Xcc /Users/buddhirajgautam/Library/Developer/Xcode/DerivedData/SDKStatCaches.noindex/macosx27.0-26A425-e829b21a6f8c9b70876ba0858053c0447231f6df4def33e022ae2eb8f782df1a.sdkstatcache -output-file-map /Users/buddhirajgautam/Library/Developer/Xcode/DerivedData/Telegram-Mac-fygdgghdgmuleoelvxabfmqiotta/Build/Intermediates.noindex/InAppSettings.build/Debug/InAppSettings-t.build/Objects-normal/arm64/InAppSettings-OutputFileMap.json -save-temps -no-color-diagnostics -explicit-module-build -module-cache-path /Users/buddhirajgautam/Library/Developer/Xcode/DerivedData/Telegram-Mac-fygdgghdgmuleoelvxabfmqiotta/Build/Intermediates.noindex/SwiftExplicitPrecompiledModules -clang-scanner-module-cache-path /Users/buddhirajgautam/Library/Developer/Xcode/DerivedData/ModuleCache.noindex -sdk-module-cache-path /Users/buddhirajgautam/Library/Developer/Xcode/DerivedData/SDKExplicitPrecompiledModules -emit-dependencies -emit-module -emit-module-path /Users/buddhirajgautam/Library/Developer/Xcode/DerivedData/Telegram-Mac-fygdgghdgmuleoelvxabfmqiotta/Build/Intermediates.noindex/InAppSettings.build/Debug/InAppSettings-t.build/Objects-normal/arm64/InAppSettings.swiftmodule -serialize-diagnostics -dependency-scan-serialize-diagnostics-path /Users/buddhirajgautam/Library/Developer/Xcode/DerivedData/Telegram-Mac-fygdgghdgmuleoelvxabfmqiotta/Build/Intermediates.noindex/InAppSettings.build/Debug/InAppSettings-t.build/Objects-normal/arm64/InAppSettings-dependency-scan.dia -validate-clang-modules-once -clang-build-session-file /Users/buddhirajgautam/Library/Developer/Xcode/DerivedData/ModuleCache.noindex/Session.modulevalidation -Xcc -fmodules-prune-interval\=86400 -Xcc -fmodules-prune-after\=345600 -emit-const-values -const-gather-protocols-list /Users/buddhirajgautam/Library/Developer/Xcode/DerivedData/Telegram-Mac-fygdgghdgmuleoelvxabfmqiotta/Build/Intermediates.noindex/InAppSettings.build/Debug/InAppSettings-t.build/Objects-normal/arm64/InAppSettings_const_extract_protocols.json -Xcc -I/Users/buddhirajgautam/Documents/Cherrygram-Mac/macOS-Swift/submodules/telegram-ios/submodules/MurMurHash32/PublicHeaders -Xcc -I/Users/buddhirajgautam/Documents/Cherrygram-Mac/macOS-Swift/submodules/telegram-ios/submodules/sqlcipher/PublicHeaders -Xcc -I/Users/buddhirajgautam/Documents/Cherrygram-Mac/macOS-Swift/submodules/telegram-ios/submodules/StringTransliteration/PublicHeaders -Xcc -I/Users/buddhirajgautam/Documents/Cherrygram-Mac/macOS-Swift/submodules/telegram-ios/submodules/Crc32/PublicHeaders -Xcc -I/Users/buddhirajgautam/Documents/Cherrygram-Mac/macOS-Swift/packages/ObjcUtils/Sources/ObjcUtils -Xcc -I/Users/buddhirajgautam/Documents/Cherrygram-Mac/macOS-Swift/submodules/telegram-ios/submodules/MtProtoKit/PublicHeaders -Xcc -I/Users/buddhirajgautam/Documents/Cherrygram-Mac/macOS-Swift/submodules/telegram-ios/submodules/CryptoUtils/PublicHeaders -Xcc -I/Users/buddhirajgautam/Documents/Cherrygram-Mac/macOS-Swift/submodules/telegram-ios/submodules/NetworkLogging/PublicHeaders -Xcc -I/Users/buddhirajgautam/Documents/Cherrygram-Mac/macOS-Swift/submodules/telegram-ios/submodules/Utils/DarwinDirStat/PublicHeaders -Xcc -I/Users/buddhirajgautam/Documents/Cherrygram-Mac/macOS-Swift/submodules/telegram-ios/submodules/Reachability/LegacyReachability/PublicHeaders -Xcc -I/Users/buddhirajgautam/Documents/Cherrygram-Mac/macOS-Swift/submodules/telegram-ios/submodules/EncryptionProvider/PublicHeaders -Xcc -I/Users/buddhirajgautam/Library/Developer/Xcode/DerivedData/Telegram-Mac-fygdgghdgmuleoelvxabfmqiotta/Build/Products/Debug/include -Xcc -I/Users/buddhirajgautam/Library/Developer/Xcode/DerivedData/Telegram-Mac-fygdgghdgmuleoelvxabfmqiotta/Build/Intermediates.noindex/InAppSettings.build/Debug/InAppSettings-t.build/DerivedSources-normal/arm64 -Xcc -I/Users/buddhirajgautam/Library/Developer/Xcode/DerivedData/Telegram-Mac-fygdgghdgmuleoelvxabfmqiotta/Build/Intermediates.noindex/InAppSettings.build/Debug/InAppSettings-t.build/DerivedSources/arm64 -Xcc -I/Users/buddhirajgautam/Library/Developer/Xcode/DerivedData/Telegram-Mac-fygdgghdgmuleoelvxabfmqiotta/Build/Intermediates.noindex/InAppSettings.build/Debug/InAppSettings-t.build/DerivedSources -Xcc -DSWIFT_PACKAGE -Xcc -DDEBUG\=1 -emit-objc-header -emit-objc-header-path /Users/buddhirajgautam/Library/Developer/Xcode/DerivedData/Telegram-Mac-fygdgghdgmuleoelvxabfmqiotta/Build/Intermediates.noindex/InAppSettings.build/Debug/InAppSettings-t.build/Objects-normal/arm64/InAppSettings-Swift.h -working-directory /Users/buddhirajgautam/Documents/Cherrygram-Mac/macOS-Swift -experimental-emit-module-separately -disable-cmo

SwiftMergeGeneratedHeaders /Users/buddhirajgautam/Library/Developer/Xcode/DerivedData/Telegram-Mac-fygdgghdgmuleoelvxabfmqiotta/Build/Intermediates.noindex/GeneratedModuleMaps/FetchManager-Swift.h /Users/buddhirajgautam/Library/Developer/Xcode/DerivedData/Telegram-Mac-fygdgghdgmuleoelvxabfmqiotta/Build/Intermediates.noindex/FetchManager.build/Debug/FetchManager-t.build/Objects-normal/arm64/FetchManager-Swift.h (in target 'FetchManager' from project 'FetchManager')
    cd /Users/buddhirajgautam/Documents/Cherrygram-Mac/macOS-Swift/packages/FetchManager
    builtin-swiftHeaderTool -arch arm64 /Users/buddhirajgautam/Library/Developer/Xcode/DerivedData/Telegram-Mac-fygdgghdgmuleoelvxabfmqiotta/Build/Intermediates.noindex/FetchManager.build/Debug/FetchManager-t.build/Objects-normal/arm64/FetchManager-Swift.h -o /Users/buddhirajgautam/Library/Developer/Xcode/DerivedData/Telegram-Mac-fygdgghdgmuleoelvxabfmqiotta/Build/Intermediates.noindex/GeneratedModuleMaps/FetchManager-Swift.h

Copy /Users/buddhirajgautam/Library/Developer/Xcode/DerivedData/Telegram-Mac-fygdgghdgmuleoelvxabfmqiotta/Build/Products/Debug/FetchManager.swiftmodule/arm64-apple-macos.swiftmodule /Users/buddhirajgautam/Library/Developer/Xcode/DerivedData/Telegram-Mac-fygdgghdgmuleoelvxabfmqiotta/Build/Intermediates.noindex/FetchManager.build/Debug/FetchManager-t.build/Objects-normal/arm64/FetchManager.swiftmodule (in target 'FetchManager' from project 'FetchManager')
    cd /Users/buddhirajgautam/Documents/Cherrygram-Mac/macOS-Swift/packages/FetchManager
    builtin-copy -exclude .DS_Store -exclude CVS -exclude .svn -exclude .git -exclude .hg -resolve-src-symlinks -rename /Users/buddhirajgautam/Library/Developer/Xcode/DerivedData/Telegram-Mac-fygdgghdgmuleoelvxabfmqiotta/Build/Intermediates.noindex/FetchManager.build/Debug/FetchManager-t.build/Objects-normal/arm64/FetchManager.swiftmodule /Users/buddhirajgautam/Library/Developer/Xcode/DerivedData/Telegram-Mac-fygdgghdgmuleoelvxabfmqiotta/Build/Products/Debug/FetchManager.swiftmodule/arm64-apple-macos.swiftmodule

SwiftMergeGeneratedHeaders /Users/buddhirajgautam/Library/Developer/Xcode/DerivedData/Telegram-Mac-fygdgghdgmuleoelvxabfmqiotta/Build/Intermediates.noindex/GeneratedModuleMaps/InAppSettings-Swift.h /Users/buddhirajgautam/Library/Developer/Xcode/DerivedData/Telegram-Mac-fygdgghdgmuleoelvxabfmqiotta/Build/Intermediates.noindex/InAppSettings.build/Debug/InAppSettings-t.build/Objects-normal/arm64/InAppSettings-Swift.h (in target 'InAppSettings' from project 'InAppSettings')
    cd /Users/buddhirajgautam/Documents/Cherrygram-Mac/macOS-Swift/packages/InAppSettings
    builtin-swiftHeaderTool -arch arm64 /Users/buddhirajgautam/Library/Developer/Xcode/DerivedData/Telegram-Mac-fygdgghdgmuleoelvxabfmqiotta/Build/Intermediates.noindex/InAppSettings.build/Debug/InAppSettings-t.build/Objects-normal/arm64/InAppSettings-Swift.h -o /Users/buddhirajgautam/Library/Developer/Xcode/DerivedData/Telegram-Mac-fygdgghdgmuleoelvxabfmqiotta/Build/Intermediates.noindex/GeneratedModuleMaps/InAppSettings-Swift.h

Copy /Users/buddhirajgautam/Library/Developer/Xcode/DerivedData/Telegram-Mac-fygdgghdgmuleoelvxabfmqiotta/Build/Products/Debug/InAppSettings.swiftmodule/arm64-apple-macos.swiftmodule /Users/buddhirajgautam/Library/Developer/Xcode/DerivedData/Telegram-Mac-fygdgghdgmuleoelvxabfmqiotta/Build/Intermediates.noindex/InAppSettings.build/Debug/InAppSettings-t.build/Objects-normal/arm64/InAppSettings.swiftmodule (in target 'InAppSettings' from project 'InAppSettings')
    cd /Users/buddhirajgautam/Documents/Cherrygram-Mac/macOS-Swift/packages/InAppSettings
    builtin-copy -exclude .DS_Store -exclude CVS -exclude .svn -exclude .git -exclude .hg -resolve-src-symlinks -rename /Users/buddhirajgautam/Library/Developer/Xcode/DerivedData/Telegram-Mac-fygdgghdgmuleoelvxabfmqiotta/Build/Intermediates.noindex/InAppSettings.build/Debug/InAppSettings-t.build/Objects-normal/arm64/InAppSettings.swiftmodule /Users/buddhirajgautam/Library/Developer/Xcode/DerivedData/Telegram-Mac-fygdgghdgmuleoelvxabfmqiotta/Build/Products/Debug/InAppSettings.swiftmodule/arm64-apple-macos.swiftmodule

Copy /Users/buddhirajgautam/Library/Developer/Xcode/DerivedData/Telegram-Mac-fygdgghdgmuleoelvxabfmqiotta/Build/Products/Debug/InAppSettings.swiftmodule/arm64-apple-macos.swiftdoc /Users/buddhirajgautam/Library/Developer/Xcode/DerivedData/Telegram-Mac-fygdgghdgmuleoelvxabfmqiotta/Build/Intermediates.noindex/InAppSettings.build/Debug/InAppSettings-t.build/Objects-normal/arm64/InAppSettings.swiftdoc (in target 'InAppSettings' from project 'InAppSettings')
    cd /Users/buddhirajgautam/Documents/Cherrygram-Mac/macOS-Swift/packages/InAppSettings
    builtin-copy -exclude .DS_Store -exclude CVS -exclude .svn -exclude .git -exclude .hg -resolve-src-symlinks -rename /Users/buddhirajgautam/Library/Developer/Xcode/DerivedData/Telegram-Mac-fygdgghdgmuleoelvxabfmqiotta/Build/Intermediates.noindex/InAppSettings.build/Debug/InAppSettings-t.build/Objects-normal/arm64/InAppSettings.swiftdoc /Users/buddhirajgautam/Library/Developer/Xcode/DerivedData/Telegram-Mac-fygdgghdgmuleoelvxabfmqiotta/Build/Products/Debug/InAppSettings.swiftmodule/arm64-apple-macos.swiftdoc

Copy /Users/buddhirajgautam/Library/Developer/Xcode/DerivedData/Telegram-Mac-fygdgghdgmuleoelvxabfmqiotta/Build/Products/Debug/InAppSettings.swiftmodule/arm64-apple-macos.abi.json /Users/buddhirajgautam/Library/Developer/Xcode/DerivedData/Telegram-Mac-fygdgghdgmuleoelvxabfmqiotta/Build/Intermediates.noindex/InAppSettings.build/Debug/InAppSettings-t.build/Objects-normal/arm64/InAppSettings.abi.json (in target 'InAppSettings' from project 'InAppSettings')
    cd /Users/buddhirajgautam/Documents/Cherrygram-Mac/macOS-Swift/packages/InAppSettings
    builtin-copy -exclude .DS_Store -exclude CVS -exclude .svn -exclude .git -exclude .hg -resolve-src-symlinks -rename /Users/buddhirajgautam/Library/Developer/Xcode/DerivedData/Telegram-Mac-fygdgghdgmuleoelvxabfmqiotta/Build/Intermediates.noindex/InAppSettings.build/Debug/InAppSettings-t.build/Objects-normal/arm64/InAppSettings.abi.json /Users/buddhirajgautam/Library/Developer/Xcode/DerivedData/Telegram-Mac-fygdgghdgmuleoelvxabfmqiotta/Build/Products/Debug/InAppSettings.swiftmodule/arm64-apple-macos.abi.json

Copy /Users/buddhirajgautam/Library/Developer/Xcode/DerivedData/Telegram-Mac-fygdgghdgmuleoelvxabfmqiotta/Build/Products/Debug/InAppSettings.swiftmodule/Project/arm64-apple-macos.swiftsourceinfo /Users/buddhirajgautam/Library/Developer/Xcode/DerivedData/Telegram-Mac-fygdgghdgmuleoelvxabfmqiotta/Build/Intermediates.noindex/InAppSettings.build/Debug/InAppSettings-t.build/Objects-normal/arm64/InAppSettings.swiftsourceinfo (in target 'InAppSettings' from project 'InAppSettings')
    cd /Users/buddhirajgautam/Documents/Cherrygram-Mac/macOS-Swift/packages/InAppSettings
    builtin-copy -exclude .DS_Store -exclude CVS -exclude .svn -exclude .git -exclude .hg -resolve-src-symlinks -rename /Users/buddhirajgautam/Library/Developer/Xcode/DerivedData/Telegram-Mac-fygdgghdgmuleoelvxabfmqiotta/Build/Intermediates.noindex/InAppSettings.build/Debug/InAppSettings-t.build/Objects-normal/arm64/InAppSettings.swiftsourceinfo /Users/buddhirajgautam/Library/Developer/Xcode/DerivedData/Telegram-Mac-fygdgghdgmuleoelvxabfmqiotta/Build/Products/Debug/InAppSettings.swiftmodule/Project/arm64-apple-macos.swiftsourceinfo

Copy /Users/buddhirajgautam/Library/Developer/Xcode/DerivedData/Telegram-Mac-fygdgghdgmuleoelvxabfmqiotta/Build/Products/Debug/FetchManager.swiftmodule/arm64-apple-macos.swiftdoc /Users/buddhirajgautam/Library/Developer/Xcode/DerivedData/Telegram-Mac-fygdgghdgmuleoelvxabfmqiotta/Build/Intermediates.noindex/FetchManager.build/Debug/FetchManager-t.build/Objects-normal/arm64/FetchManager.swiftdoc (in target 'FetchManager' from project 'FetchManager')
    cd /Users/buddhirajgautam/Documents/Cherrygram-Mac/macOS-Swift/packages/FetchManager
    builtin-copy -exclude .DS_Store -exclude CVS -exclude .svn -exclude .git -exclude .hg -resolve-src-symlinks -rename /Users/buddhirajgautam/Library/Developer/Xcode/DerivedData/Telegram-Mac-fygdgghdgmuleoelvxabfmqiotta/Build/Intermediates.noindex/FetchManager.build/Debug/FetchManager-t.build/Objects-normal/arm64/FetchManager.swiftdoc /Users/buddhirajgautam/Library/Developer/Xcode/DerivedData/Telegram-Mac-fygdgghdgmuleoelvxabfmqiotta/Build/Products/Debug/FetchManager.swiftmodule/arm64-apple-macos.swiftdoc

Copy /Users/buddhirajgautam/Library/Developer/Xcode/DerivedData/Telegram-Mac-fygdgghdgmuleoelvxabfmqiotta/Build/Products/Debug/FetchManager.swiftmodule/arm64-apple-macos.abi.json /Users/buddhirajgautam/Library/Developer/Xcode/DerivedData/Telegram-Mac-fygdgghdgmuleoelvxabfmqiotta/Build/Intermediates.noindex/FetchManager.build/Debug/FetchManager-t.build/Objects-normal/arm64/FetchManager.abi.json (in target 'FetchManager' from project 'FetchManager')
    cd /Users/buddhirajgautam/Documents/Cherrygram-Mac/macOS-Swift/packages/FetchManager
    builtin-copy -exclude .DS_Store -exclude CVS -exclude .svn -exclude .git -exclude .hg -resolve-src-symlinks -rename /Users/buddhirajgautam/Library/Developer/Xcode/DerivedData/Telegram-Mac-fygdgghdgmuleoelvxabfmqiotta/Build/Intermediates.noindex/FetchManager.build/Debug/FetchManager-t.build/Objects-normal/arm64/FetchManager.abi.json /Users/buddhirajgautam/Library/Developer/Xcode/DerivedData/Telegram-Mac-fygdgghdgmuleoelvxabfmqiotta/Build/Products/Debug/FetchManager.swiftmodule/arm64-apple-macos.abi.json

Copy /Users/buddhirajgautam/Library/Developer/Xcode/DerivedData/Telegram-Mac-fygdgghdgmuleoelvxabfmqiotta/Build/Products/Debug/FetchManager.swiftmodule/Project/arm64-apple-macos.swiftsourceinfo /Users/buddhirajgautam/Library/Developer/Xcode/DerivedData/Telegram-Mac-fygdgghdgmuleoelvxabfmqiotta/Build/Intermediates.noindex/FetchManager.build/Debug/FetchManager-t.build/Objects-normal/arm64/FetchManager.swiftsourceinfo (in target 'FetchManager' from project 'FetchManager')
    cd /Users/buddhirajgautam/Documents/Cherrygram-Mac/macOS-Swift/packages/FetchManager
    builtin-copy -exclude .DS_Store -exclude CVS -exclude .svn -exclude .git -exclude .hg -resolve-src-symlinks -rename /Users/buddhirajgautam/Library/Developer/Xcode/DerivedData/Telegram-Mac-fygdgghdgmuleoelvxabfmqiotta/Build/Intermediates.noindex/FetchManager.build/Debug/FetchManager-t.build/Objects-normal/arm64/FetchManager.swiftsourceinfo /Users/buddhirajgautam/Library/Developer/Xcode/DerivedData/Telegram-Mac-fygdgghdgmuleoelvxabfmqiotta/Build/Products/Debug/FetchManager.swiftmodule/Project/arm64-apple-macos.swiftsourceinfo

SwiftEmitModule normal arm64 Emitting\ module\ for\ Dock (in target 'Dock' from project 'Dock')

SwiftCompile normal arm64 (in target 'Dock' from project 'Dock')
    cd /Users/buddhirajgautam/Documents/Cherrygram-Mac/macOS-Swift
    

SwiftExplicitDependencyGeneratePcm arm64 /Users/buddhirajgautam/Library/Developer/Xcode/DerivedData/Telegram-Mac-fygdgghdgmuleoelvxabfmqiotta/Build/Intermediates.noindex/SwiftExplicitPrecompiledModules/StringTransliteration-BO4QUWSO2M2EGZX7JIRUPYI57.pcm

SwiftDriverJobDiscovery normal arm64 Compiling SimpleLayer.swift, SliderView.swift, SoftwareGradientBackground.swift, SpinningProgressView.swift, Style.swift, SwitchView.swift, System.swift, TGClipView.swift, TGColor.swift, TGFont.swift, TGSplitView.swift, TGUIKit.swift, TabBarController.swift, TabBarView.swift, TabItem.swift, TableAnimationInterface.swift (in target 'TGUIKit' from project 'TGUIKit')

SwiftExplicitDependencyGeneratePcm arm64 /Users/buddhirajgautam/Library/Developer/Xcode/DerivedData/Telegram-Mac-fygdgghdgmuleoelvxabfmqiotta/Build/Intermediates.noindex/SwiftExplicitPrecompiledModules/DarwinDirStat-3XHJZ4SU8K9YSCMKK2QZ5LL5Z.pcm

SwiftExplicitDependencyGeneratePcm arm64 /Users/buddhirajgautam/Library/Developer/Xcode/DerivedData/Telegram-Mac-fygdgghdgmuleoelvxabfmqiotta/Build/Intermediates.noindex/SwiftExplicitPrecompiledModules/MurMurHash32-8UMIINNHBVLR5VM2GWK5U64RI.pcm

SwiftExplicitDependencyGeneratePcm arm64 /Users/buddhirajgautam/Library/Developer/Xcode/DerivedData/Telegram-Mac-fygdgghdgmuleoelvxabfmqiotta/Build/Intermediates.noindex/SwiftExplicitPrecompiledModules/NumberPluralization-32STH35PJCVJXKF0HY6Y053S5.pcm

SwiftDriverJobDiscovery normal arm64 Emitting module for GraphUI (in target 'GraphUI' from project 'GraphUI')

SwiftDriver\ Compilation\ Requirements GraphUI normal arm64 com.apple.xcode.tools.swift.compiler (in target 'GraphUI' from project 'GraphUI')
    cd /Users/buddhirajgautam/Documents/Cherrygram-Mac/macOS-Swift
    builtin-Swift-Compilation-Requirements -- /Applications/Xcode.app/Contents/Developer/Toolchains/XcodeDefault.xctoolchain/usr/bin/swiftc -parse-as-library -module-name GraphUI -Onone @/Users/buddhirajgautam/Library/Developer/Xcode/DerivedData/Telegram-Mac-fygdgghdgmuleoelvxabfmqiotta/Build/Intermediates.noindex/GraphUI.build/Debug/GraphUI-t.build/Objects-normal/arm64/GraphUI.SwiftFileList -DSWIFT_PACKAGE -DDEBUG -DSWIFT_MODULE_RESOURCE_BUNDLE_UNAVAILABLE -Xcc -fmodule-map-file\=/Users/buddhirajgautam/Library/Developer/Xcode/DerivedData/Telegram-Mac-fygdgghdgmuleoelvxabfmqiotta/Build/Intermediates.noindex/GeneratedModuleMaps/ObjcUtils.modulemap -DXcode -plugin-path /Applications/Xcode.app/Contents/Developer/Toolchains/XcodeDefault.xctoolchain/usr/lib/swift/host/plugins/testing -enable-experimental-feature DebugDescriptionMacro -sdk /Applications/Xcode.app/Contents/Developer/Platforms/MacOSX.platform/Developer/SDKs/MacOSX27.0.sdk -target arm64-apple-macos12.0 -g -module-cache-path /Users/buddhirajgautam/Library/Developer/Xcode/DerivedData/ModuleCache.noindex -Xfrontend -serialize-debugging-options -profile-coverage-mapping -profile-generate -enable-testing -index-store-path /Users/buddhirajgautam/Library/Developer/Xcode/DerivedData/Telegram-Mac-fygdgghdgmuleoelvxabfmqiotta/Index.noindex/DataStore -Xcc -D_LIBCPP_HARDENING_MODE\=_LIBCPP_HARDENING_MODE_DEBUG -swift-version 5 -I /Users/buddhirajgautam/Library/Developer/Xcode/DerivedData/Telegram-Mac-fygdgghdgmuleoelvxabfmqiotta/Build/Products/Debug -Isystem /Applications/Xcode.app/Contents/Developer/Platforms/MacOSX.platform/Developer/usr/lib -F /Users/buddhirajgautam/Library/Developer/Xcode/DerivedData/Telegram-Mac-fygdgghdgmuleoelvxabfmqiotta/Build/Products/Debug/PackageFrameworks -F /Users/buddhirajgautam/Library/Developer/Xcode/DerivedData/Telegram-Mac-fygdgghdgmuleoelvxabfmqiotta/Build/Products/Debug -F /Applications/Xcode.app/Contents/Developer/Platforms/MacOSX.platform/Developer/Library/Frameworks -c -j8 -enable-batch-mode -incremental -Xcc -ivfsstatcache -Xcc /Users/buddhirajgautam/Library/Developer/Xcode/DerivedData/SDKStatCaches.noindex/macosx27.0-26A425-e829b21a6f8c9b70876ba0858053c0447231f6df4def33e022ae2eb8f782df1a.sdkstatcache -output-file-map /Users/buddhirajgautam/Library/Developer/Xcode/DerivedData/Telegram-Mac-fygdgghdgmuleoelvxabfmqiotta/Build/Intermediates.noindex/GraphUI.build/Debug/GraphUI-t.build/Objects-normal/arm64/GraphUI-OutputFileMap.json -save-temps -no-color-diagnostics -explicit-module-build -module-cache-path /Users/buddhirajgautam/Library/Developer/Xcode/DerivedData/Telegram-Mac-fygdgghdgmuleoelvxabfmqiotta/Build/Intermediates.noindex/SwiftExplicitPrecompiledModules -clang-scanner-module-cache-path /Users/buddhirajgautam/Library/Developer/Xcode/DerivedData/ModuleCache.noindex -sdk-module-cache-path /Users/buddhirajgautam/Library/Developer/Xcode/DerivedData/SDKExplicitPrecompiledModules -emit-dependencies -emit-module -emit-module-path /Users/buddhirajgautam/Library/Developer/Xcode/DerivedData/Telegram-Mac-fygdgghdgmuleoelvxabfmqiotta/Build/Intermediates.noindex/GraphUI.build/Debug/GraphUI-t.build/Objects-normal/arm64/GraphUI.swiftmodule -serialize-diagnostics -dependency-scan-serialize-diagnostics-path /Users/buddhirajgautam/Library/Developer/Xcode/DerivedData/Telegram-Mac-fygdgghdgmuleoelvxabfmqiotta/Build/Intermediates.noindex/GraphUI.build/Debug/GraphUI-t.build/Objects-normal/arm64/GraphUI-dependency-scan.dia -validate-clang-modules-once -clang-build-session-file /Users/buddhirajgautam/Library/Developer/Xcode/DerivedData/ModuleCache.noindex/Session.modulevalidation -Xcc -fmodules-prune-interval\=86400 -Xcc -fmodules-prune-after\=345600 -emit-const-values -const-gather-protocols-list /Users/buddhirajgautam/Library/Developer/Xcode/DerivedData/Telegram-Mac-fygdgghdgmuleoelvxabfmqiotta/Build/Intermediates.noindex/GraphUI.build/Debug/GraphUI-t.build/Objects-normal/arm64/GraphUI_const_extract_protocols.json -Xcc -I/Users/buddhirajgautam/Documents/Cherrygram-Mac/macOS-Swift/packages/ObjcUtils/Sources/ObjcUtils -Xcc -I/Users/buddhirajgautam/Library/Developer/Xcode/DerivedData/Telegram-Mac-fygdgghdgmuleoelvxabfmqiotta/Build/Products/Debug/include -Xcc -I/Users/buddhirajgautam/Library/Developer/Xcode/DerivedData/Telegram-Mac-fygdgghdgmuleoelvxabfmqiotta/Build/Intermediates.noindex/GraphUI.build/Debug/GraphUI-t.build/DerivedSources-normal/arm64 -Xcc -I/Users/buddhirajgautam/Library/Developer/Xcode/DerivedData/Telegram-Mac-fygdgghdgmuleoelvxabfmqiotta/Build/Intermediates.noindex/GraphUI.build/Debug/GraphUI-t.build/DerivedSources/arm64 -Xcc -I/Users/buddhirajgautam/Library/Developer/Xcode/DerivedData/Telegram-Mac-fygdgghdgmuleoelvxabfmqiotta/Build/Intermediates.noindex/GraphUI.build/Debug/GraphUI-t.build/DerivedSources -Xcc -DSWIFT_PACKAGE -Xcc -DDEBUG\=1 -emit-objc-header -emit-objc-header-path /Users/buddhirajgautam/Library/Developer/Xcode/DerivedData/Telegram-Mac-fygdgghdgmuleoelvxabfmqiotta/Build/Intermediates.noindex/GraphUI.build/Debug/GraphUI-t.build/Objects-normal/arm64/GraphUI-Swift.h -working-directory /Users/buddhirajgautam/Documents/Cherrygram-Mac/macOS-Swift -experimental-emit-module-separately -disable-cmo

SwiftExplicitDependencyGeneratePcm arm64 /Users/buddhirajgautam/Library/Developer/Xcode/DerivedData/Telegram-Mac-fygdgghdgmuleoelvxabfmqiotta/Build/Intermediates.noindex/SwiftExplicitPrecompiledModules/FFMpegBinding-DMQ26A7QU8C8QMFV0RUAJCCB1.pcm
<module-includes>:1:9: note: in file included from <module-includes>:1:
1 | #import "/Users/buddhirajgautam/Documents/Cherrygram-Mac/macOS-Swift/submodules/telegram-ios/submodules/FFMpegBinding/Public/FFMpegBinding/FFMpegBinding.h"
  |         `- note: in file included from <module-includes>:1:
2 | 

/Users/buddhirajgautam/Documents/Cherrygram-Mac/macOS-Swift/submodules/telegram-ios/submodules/FFMpegBinding/Public/FFMpegBinding/FFMpegBinding.h:15:1: warning: umbrella header for module 'FFMpegBinding' does not include header 'FFMpegVideoWriter.h'
13 | #import <FFMpegBinding/FFMpegLiveMuxer.h>
14 | #import <FFMpegBinding/FrameConverter.h>
15 | 
   | `- warning: umbrella header for module 'FFMpegBinding' does not include header 'FFMpegVideoWriter.h'

<module-includes>:1:9: note: in file included from <module-includes>:1:
1 | #import "/Users/buddhirajgautam/Documents/Cherrygram-Mac/macOS-Swift/submodules/telegram-ios/submodules/FFMpegBinding/Public/FFMpegBinding/FFMpegBinding.h"
  |         `- note: in file included from <module-includes>:1:
2 | 

2 warnings generated.
/Users/buddhirajgautam/Documents/Cherrygram-Mac/macOS-Swift/submodules/telegram-ios/submodules/FFMpegBinding/Public/FFMpegBinding/FFMpegBinding.h:15:1: warning: umbrella header for module 'FFMpegBinding' does not include header 'FFMpegOpusTrimmer.h'
13 | #import <FFMpegBinding/FFMpegLiveMuxer.h>
14 | #import <FFMpegBinding/FrameConverter.h>
15 | 
   | `- warning: umbrella header for module 'FFMpegBinding' does not include header 'FFMpegOpusTrimmer.h'

SwiftExplicitDependencyGeneratePcm arm64 /Users/buddhirajgautam/Library/Developer/Xcode/DerivedData/Telegram-Mac-fygdgghdgmuleoelvxabfmqiotta/Build/Intermediates.noindex/SwiftExplicitPrecompiledModules/EncryptionProvider-15FWFYODNS1ZY8P4FJXJ4LGLL.pcm

SwiftMergeGeneratedHeaders /Users/buddhirajgautam/Library/Developer/Xcode/DerivedData/Telegram-Mac-fygdgghdgmuleoelvxabfmqiotta/Build/Intermediates.noindex/GeneratedModuleMaps/GraphUI-Swift.h /Users/buddhirajgautam/Library/Developer/Xcode/DerivedData/Telegram-Mac-fygdgghdgmuleoelvxabfmqiotta/Build/Intermediates.noindex/GraphUI.build/Debug/GraphUI-t.build/Objects-normal/arm64/GraphUI-Swift.h (in target 'GraphUI' from project 'GraphUI')
    cd /Users/buddhirajgautam/Documents/Cherrygram-Mac/macOS-Swift/packages/GraphUI
    builtin-swiftHeaderTool -arch arm64 /Users/buddhirajgautam/Library/Developer/Xcode/DerivedData/Telegram-Mac-fygdgghdgmuleoelvxabfmqiotta/Build/Intermediates.noindex/GraphUI.build/Debug/GraphUI-t.build/Objects-normal/arm64/GraphUI-Swift.h -o /Users/buddhirajgautam/Library/Developer/Xcode/DerivedData/Telegram-Mac-fygdgghdgmuleoelvxabfmqiotta/Build/Intermediates.noindex/GeneratedModuleMaps/GraphUI-Swift.h

Copy /Users/buddhirajgautam/Library/Developer/Xcode/DerivedData/Telegram-Mac-fygdgghdgmuleoelvxabfmqiotta/Build/Products/Debug/GraphUI.swiftmodule/arm64-apple-macos.swiftmodule /Users/buddhirajgautam/Library/Developer/Xcode/DerivedData/Telegram-Mac-fygdgghdgmuleoelvxabfmqiotta/Build/Intermediates.noindex/GraphUI.build/Debug/GraphUI-t.build/Objects-normal/arm64/GraphUI.swiftmodule (in target 'GraphUI' from project 'GraphUI')
    cd /Users/buddhirajgautam/Documents/Cherrygram-Mac/macOS-Swift/packages/GraphUI
    builtin-copy -exclude .DS_Store -exclude CVS -exclude .svn -exclude .git -exclude .hg -resolve-src-symlinks -rename /Users/buddhirajgautam/Library/Developer/Xcode/DerivedData/Telegram-Mac-fygdgghdgmuleoelvxabfmqiotta/Build/Intermediates.noindex/GraphUI.build/Debug/GraphUI-t.build/Objects-normal/arm64/GraphUI.swiftmodule /Users/buddhirajgautam/Library/Developer/Xcode/DerivedData/Telegram-Mac-fygdgghdgmuleoelvxabfmqiotta/Build/Products/Debug/GraphUI.swiftmodule/arm64-apple-macos.swiftmodule

Copy /Users/buddhirajgautam/Library/Developer/Xcode/DerivedData/Telegram-Mac-fygdgghdgmuleoelvxabfmqiotta/Build/Products/Debug/GraphUI.swiftmodule/arm64-apple-macos.swiftdoc /Users/buddhirajgautam/Library/Developer/Xcode/DerivedData/Telegram-Mac-fygdgghdgmuleoelvxabfmqiotta/Build/Intermediates.noindex/GraphUI.build/Debug/GraphUI-t.build/Objects-normal/arm64/GraphUI.swiftdoc (in target 'GraphUI' from project 'GraphUI')
    cd /Users/buddhirajgautam/Documents/Cherrygram-Mac/macOS-Swift/packages/GraphUI
    builtin-copy -exclude .DS_Store -exclude CVS -exclude .svn -exclude .git -exclude .hg -resolve-src-symlinks -rename /Users/buddhirajgautam/Library/Developer/Xcode/DerivedData/Telegram-Mac-fygdgghdgmuleoelvxabfmqiotta/Build/Intermediates.noindex/GraphUI.build/Debug/GraphUI-t.build/Objects-normal/arm64/GraphUI.swiftdoc /Users/buddhirajgautam/Library/Developer/Xcode/DerivedData/Telegram-Mac-fygdgghdgmuleoelvxabfmqiotta/Build/Products/Debug/GraphUI.swiftmodule/arm64-apple-macos.swiftdoc

Copy /Users/buddhirajgautam/Library/Developer/Xcode/DerivedData/Telegram-Mac-fygdgghdgmuleoelvxabfmqiotta/Build/Products/Debug/GraphUI.swiftmodule/arm64-apple-macos.abi.json /Users/buddhirajgautam/Library/Developer/Xcode/DerivedData/Telegram-Mac-fygdgghdgmuleoelvxabfmqiotta/Build/Intermediates.noindex/GraphUI.build/Debug/GraphUI-t.build/Objects-normal/arm64/GraphUI.abi.json (in target 'GraphUI' from project 'GraphUI')
    cd /Users/buddhirajgautam/Documents/Cherrygram-Mac/macOS-Swift/packages/GraphUI
    builtin-copy -exclude .DS_Store -exclude CVS -exclude .svn -exclude .git -exclude .hg -resolve-src-symlinks -rename /Users/buddhirajgautam/Library/Developer/Xcode/DerivedData/Telegram-Mac-fygdgghdgmuleoelvxabfmqiotta/Build/Intermediates.noindex/GraphUI.build/Debug/GraphUI-t.build/Objects-normal/arm64/GraphUI.abi.json /Users/buddhirajgautam/Library/Developer/Xcode/DerivedData/Telegram-Mac-fygdgghdgmuleoelvxabfmqiotta/Build/Products/Debug/GraphUI.swiftmodule/arm64-apple-macos.abi.json

Copy /Users/buddhirajgautam/Library/Developer/Xcode/DerivedData/Telegram-Mac-fygdgghdgmuleoelvxabfmqiotta/Build/Products/Debug/GraphUI.swiftmodule/Project/arm64-apple-macos.swiftsourceinfo /Users/buddhirajgautam/Library/Developer/Xcode/DerivedData/Telegram-Mac-fygdgghdgmuleoelvxabfmqiotta/Build/Intermediates.noindex/GraphUI.build/Debug/GraphUI-t.build/Objects-normal/arm64/GraphUI.swiftsourceinfo (in target 'GraphUI' from project 'GraphUI')
    cd /Users/buddhirajgautam/Documents/Cherrygram-Mac/macOS-Swift/packages/GraphUI
    builtin-copy -exclude .DS_Store -exclude CVS -exclude .svn -exclude .git -exclude .hg -resolve-src-symlinks -rename /Users/buddhirajgautam/Library/Developer/Xcode/DerivedData/Telegram-Mac-fygdgghdgmuleoelvxabfmqiotta/Build/Intermediates.noindex/GraphUI.build/Debug/GraphUI-t.build/Objects-normal/arm64/GraphUI.swiftsourceinfo /Users/buddhirajgautam/Library/Developer/Xcode/DerivedData/Telegram-Mac-fygdgghdgmuleoelvxabfmqiotta/Build/Products/Debug/GraphUI.swiftmodule/Project/arm64-apple-macos.swiftsourceinfo

SwiftExplicitDependencyGeneratePcm arm64 /Users/buddhirajgautam/Library/Developer/Xcode/DerivedData/Telegram-Mac-fygdgghdgmuleoelvxabfmqiotta/Build/Intermediates.noindex/SwiftExplicitPrecompiledModules/TgVoipWebrtc-CIYMHWQDKG9JJ6W0UCKCBVUKY.pcm

SwiftExplicitDependencyGeneratePcm arm64 /Users/buddhirajgautam/Library/Developer/Xcode/DerivedData/Telegram-Mac-fygdgghdgmuleoelvxabfmqiotta/Build/Intermediates.noindex/SwiftExplicitPrecompiledModules/CryptoUtils-37Z7ECAAFXYROARXG22IJHEP0.pcm

SwiftEmitModule normal arm64 Emitting\ module\ for\ Localization (in target 'Localization' from project 'Localization')

SwiftCompile normal arm64 (in target 'Localization' from project 'Localization')
    cd /Users/buddhirajgautam/Documents/Cherrygram-Mac/macOS-Swift
    

SwiftDriverJobDiscovery normal arm64 Emitting module for Dock (in target 'Dock' from project 'Dock')

SwiftDriver\ Compilation\ Requirements Dock normal arm64 com.apple.xcode.tools.swift.compiler (in target 'Dock' from project 'Dock')
    cd /Users/buddhirajgautam/Documents/Cherrygram-Mac/macOS-Swift
    builtin-Swift-Compilation-Requirements -- /Applications/Xcode.app/Contents/Developer/Toolchains/XcodeDefault.xctoolchain/usr/bin/swiftc -parse-as-library -module-name Dock -Onone @/Users/buddhirajgautam/Library/Developer/Xcode/DerivedData/Telegram-Mac-fygdgghdgmuleoelvxabfmqiotta/Build/Intermediates.noindex/Dock.build/Debug/Dock-t.build/Objects-normal/arm64/Dock.SwiftFileList -DSWIFT_PACKAGE -DDEBUG -DSWIFT_MODULE_RESOURCE_BUNDLE_UNAVAILABLE -Xcc -fmodule-map-file\=/Users/buddhirajgautam/Library/Developer/Xcode/DerivedData/Telegram-Mac-fygdgghdgmuleoelvxabfmqiotta/Build/Intermediates.noindex/GeneratedModuleMaps/ObjcUtils.modulemap -DXcode -plugin-path /Applications/Xcode.app/Contents/Developer/Toolchains/XcodeDefault.xctoolchain/usr/lib/swift/host/plugins/testing -enable-experimental-feature DebugDescriptionMacro -sdk /Applications/Xcode.app/Contents/Developer/Platforms/MacOSX.platform/Developer/SDKs/MacOSX27.0.sdk -target arm64-apple-macos12.0 -g -module-cache-path /Users/buddhirajgautam/Library/Developer/Xcode/DerivedData/ModuleCache.noindex -Xfrontend -serialize-debugging-options -profile-coverage-mapping -profile-generate -enable-testing -index-store-path /Users/buddhirajgautam/Library/Developer/Xcode/DerivedData/Telegram-Mac-fygdgghdgmuleoelvxabfmqiotta/Index.noindex/DataStore -Xcc -D_LIBCPP_HARDENING_MODE\=_LIBCPP_HARDENING_MODE_DEBUG -swift-version 5 -I /Users/buddhirajgautam/Library/Developer/Xcode/DerivedData/Telegram-Mac-fygdgghdgmuleoelvxabfmqiotta/Build/Products/Debug -Isystem /Applications/Xcode.app/Contents/Developer/Platforms/MacOSX.platform/Developer/usr/lib -F /Users/buddhirajgautam/Library/Developer/Xcode/DerivedData/Telegram-Mac-fygdgghdgmuleoelvxabfmqiotta/Build/Products/Debug/PackageFrameworks -F /Users/buddhirajgautam/Library/Developer/Xcode/DerivedData/Telegram-Mac-fygdgghdgmuleoelvxabfmqiotta/Build/Products/Debug -F /Applications/Xcode.app/Contents/Developer/Platforms/MacOSX.platform/Developer/Library/Frameworks -c -j8 -enable-batch-mode -incremental -Xcc -ivfsstatcache -Xcc /Users/buddhirajgautam/Library/Developer/Xcode/DerivedData/SDKStatCaches.noindex/macosx27.0-26A425-e829b21a6f8c9b70876ba0858053c0447231f6df4def33e022ae2eb8f782df1a.sdkstatcache -output-file-map /Users/buddhirajgautam/Library/Developer/Xcode/DerivedData/Telegram-Mac-fygdgghdgmuleoelvxabfmqiotta/Build/Intermediates.noindex/Dock.build/Debug/Dock-t.build/Objects-normal/arm64/Dock-OutputFileMap.json -save-temps -no-color-diagnostics -explicit-module-build -module-cache-path /Users/buddhirajgautam/Library/Developer/Xcode/DerivedData/Telegram-Mac-fygdgghdgmuleoelvxabfmqiotta/Build/Intermediates.noindex/SwiftExplicitPrecompiledModules -clang-scanner-module-cache-path /Users/buddhirajgautam/Library/Developer/Xcode/DerivedData/ModuleCache.noindex -sdk-module-cache-path /Users/buddhirajgautam/Library/Developer/Xcode/DerivedData/SDKExplicitPrecompiledModules -emit-dependencies -emit-module -emit-module-path /Users/buddhirajgautam/Library/Developer/Xcode/DerivedData/Telegram-Mac-fygdgghdgmuleoelvxabfmqiotta/Build/Intermediates.noindex/Dock.build/Debug/Dock-t.build/Objects-normal/arm64/Dock.swiftmodule -serialize-diagnostics -dependency-scan-serialize-diagnostics-path /Users/buddhirajgautam/Library/Developer/Xcode/DerivedData/Telegram-Mac-fygdgghdgmuleoelvxabfmqiotta/Build/Intermediates.noindex/Dock.build/Debug/Dock-t.build/Objects-normal/arm64/Dock-dependency-scan.dia -validate-clang-modules-once -clang-build-session-file /Users/buddhirajgautam/Library/Developer/Xcode/DerivedData/ModuleCache.noindex/Session.modulevalidation -Xcc -fmodules-prune-interval\=86400 -Xcc -fmodules-prune-after\=345600 -emit-const-values -const-gather-protocols-list /Users/buddhirajgautam/Library/Developer/Xcode/DerivedData/Telegram-Mac-fygdgghdgmuleoelvxabfmqiotta/Build/Intermediates.noindex/Dock.build/Debug/Dock-t.build/Objects-normal/arm64/Dock_const_extract_protocols.json -Xcc -I/Users/buddhirajgautam/Documents/Cherrygram-Mac/macOS-Swift/packages/ObjcUtils/Sources/ObjcUtils -Xcc -I/Users/buddhirajgautam/Library/Developer/Xcode/DerivedData/Telegram-Mac-fygdgghdgmuleoelvxabfmqiotta/Build/Products/Debug/include -Xcc -I/Users/buddhirajgautam/Library/Developer/Xcode/DerivedData/Telegram-Mac-fygdgghdgmuleoelvxabfmqiotta/Build/Intermediates.noindex/Dock.build/Debug/Dock-t.build/DerivedSources-normal/arm64 -Xcc -I/Users/buddhirajgautam/Library/Developer/Xcode/DerivedData/Telegram-Mac-fygdgghdgmuleoelvxabfmqiotta/Build/Intermediates.noindex/Dock.build/Debug/Dock-t.build/DerivedSources/arm64 -Xcc -I/Users/buddhirajgautam/Library/Developer/Xcode/DerivedData/Telegram-Mac-fygdgghdgmuleoelvxabfmqiotta/Build/Intermediates.noindex/Dock.build/Debug/Dock-t.build/DerivedSources -Xcc -DSWIFT_PACKAGE -Xcc -DDEBUG\=1 -emit-objc-header -emit-objc-header-path /Users/buddhirajgautam/Library/Developer/Xcode/DerivedData/Telegram-Mac-fygdgghdgmuleoelvxabfmqiotta/Build/Intermediates.noindex/Dock.build/Debug/Dock-t.build/Objects-normal/arm64/Dock-Swift.h -working-directory /Users/buddhirajgautam/Documents/Cherrygram-Mac/macOS-Swift -experimental-emit-module-separately -disable-cmo

SwiftExplicitDependencyGeneratePcm arm64 /Users/buddhirajgautam/Library/Developer/Xcode/DerivedData/Telegram-Mac-fygdgghdgmuleoelvxabfmqiotta/Build/Intermediates.noindex/SwiftExplicitPrecompiledModules/MtProtoKit-2P26MRALW6R3BNI4SFG5RY6TD.pcm

SwiftMergeGeneratedHeaders /Users/buddhirajgautam/Library/Developer/Xcode/DerivedData/Telegram-Mac-fygdgghdgmuleoelvxabfmqiotta/Build/Intermediates.noindex/GeneratedModuleMaps/Dock-Swift.h /Users/buddhirajgautam/Library/Developer/Xcode/DerivedData/Telegram-Mac-fygdgghdgmuleoelvxabfmqiotta/Build/Intermediates.noindex/Dock.build/Debug/Dock-t.build/Objects-normal/arm64/Dock-Swift.h (in target 'Dock' from project 'Dock')
    cd /Users/buddhirajgautam/Documents/Cherrygram-Mac/macOS-Swift/packages/Dock
    builtin-swiftHeaderTool -arch arm64 /Users/buddhirajgautam/Library/Developer/Xcode/DerivedData/Telegram-Mac-fygdgghdgmuleoelvxabfmqiotta/Build/Intermediates.noindex/Dock.build/Debug/Dock-t.build/Objects-normal/arm64/Dock-Swift.h -o /Users/buddhirajgautam/Library/Developer/Xcode/DerivedData/Telegram-Mac-fygdgghdgmuleoelvxabfmqiotta/Build/Intermediates.noindex/GeneratedModuleMaps/Dock-Swift.h

Copy /Users/buddhirajgautam/Library/Developer/Xcode/DerivedData/Telegram-Mac-fygdgghdgmuleoelvxabfmqiotta/Build/Products/Debug/Dock.swiftmodule/arm64-apple-macos.swiftmodule /Users/buddhirajgautam/Library/Developer/Xcode/DerivedData/Telegram-Mac-fygdgghdgmuleoelvxabfmqiotta/Build/Intermediates.noindex/Dock.build/Debug/Dock-t.build/Objects-normal/arm64/Dock.swiftmodule (in target 'Dock' from project 'Dock')
    cd /Users/buddhirajgautam/Documents/Cherrygram-Mac/macOS-Swift/packages/Dock
    builtin-copy -exclude .DS_Store -exclude CVS -exclude .svn -exclude .git -exclude .hg -resolve-src-symlinks -rename /Users/buddhirajgautam/Library/Developer/Xcode/DerivedData/Telegram-Mac-fygdgghdgmuleoelvxabfmqiotta/Build/Intermediates.noindex/Dock.build/Debug/Dock-t.build/Objects-normal/arm64/Dock.swiftmodule /Users/buddhirajgautam/Library/Developer/Xcode/DerivedData/Telegram-Mac-fygdgghdgmuleoelvxabfmqiotta/Build/Products/Debug/Dock.swiftmodule/arm64-apple-macos.swiftmodule

Copy /Users/buddhirajgautam/Library/Developer/Xcode/DerivedData/Telegram-Mac-fygdgghdgmuleoelvxabfmqiotta/Build/Products/Debug/Dock.swiftmodule/arm64-apple-macos.swiftdoc /Users/buddhirajgautam/Library/Developer/Xcode/DerivedData/Telegram-Mac-fygdgghdgmuleoelvxabfmqiotta/Build/Intermediates.noindex/Dock.build/Debug/Dock-t.build/Objects-normal/arm64/Dock.swiftdoc (in target 'Dock' from project 'Dock')
    cd /Users/buddhirajgautam/Documents/Cherrygram-Mac/macOS-Swift/packages/Dock
    builtin-copy -exclude .DS_Store -exclude CVS -exclude .svn -exclude .git -exclude .hg -resolve-src-symlinks -rename /Users/buddhirajgautam/Library/Developer/Xcode/DerivedData/Telegram-Mac-fygdgghdgmuleoelvxabfmqiotta/Build/Intermediates.noindex/Dock.build/Debug/Dock-t.build/Objects-normal/arm64/Dock.swiftdoc /Users/buddhirajgautam/Library/Developer/Xcode/DerivedData/Telegram-Mac-fygdgghdgmuleoelvxabfmqiotta/Build/Products/Debug/Dock.swiftmodule/arm64-apple-macos.swiftdoc

Copy /Users/buddhirajgautam/Library/Developer/Xcode/DerivedData/Telegram-Mac-fygdgghdgmuleoelvxabfmqiotta/Build/Products/Debug/Dock.swiftmodule/arm64-apple-macos.abi.json /Users/buddhirajgautam/Library/Developer/Xcode/DerivedData/Telegram-Mac-fygdgghdgmuleoelvxabfmqiotta/Build/Intermediates.noindex/Dock.build/Debug/Dock-t.build/Objects-normal/arm64/Dock.abi.json (in target 'Dock' from project 'Dock')
    cd /Users/buddhirajgautam/Documents/Cherrygram-Mac/macOS-Swift/packages/Dock
    builtin-copy -exclude .DS_Store -exclude CVS -exclude .svn -exclude .git -exclude .hg -resolve-src-symlinks -rename /Users/buddhirajgautam/Library/Developer/Xcode/DerivedData/Telegram-Mac-fygdgghdgmuleoelvxabfmqiotta/Build/Intermediates.noindex/Dock.build/Debug/Dock-t.build/Objects-normal/arm64/Dock.abi.json /Users/buddhirajgautam/Library/Developer/Xcode/DerivedData/Telegram-Mac-fygdgghdgmuleoelvxabfmqiotta/Build/Products/Debug/Dock.swiftmodule/arm64-apple-macos.abi.json

Copy /Users/buddhirajgautam/Library/Developer/Xcode/DerivedData/Telegram-Mac-fygdgghdgmuleoelvxabfmqiotta/Build/Products/Debug/Dock.swiftmodule/Project/arm64-apple-macos.swiftsourceinfo /Users/buddhirajgautam/Library/Developer/Xcode/DerivedData/Telegram-Mac-fygdgghdgmuleoelvxabfmqiotta/Build/Intermediates.noindex/Dock.build/Debug/Dock-t.build/Objects-normal/arm64/Dock.swiftsourceinfo (in target 'Dock' from project 'Dock')
    cd /Users/buddhirajgautam/Documents/Cherrygram-Mac/macOS-Swift/packages/Dock
    builtin-copy -exclude .DS_Store -exclude CVS -exclude .svn -exclude .git -exclude .hg -resolve-src-symlinks -rename /Users/buddhirajgautam/Library/Developer/Xcode/DerivedData/Telegram-Mac-fygdgghdgmuleoelvxabfmqiotta/Build/Intermediates.noindex/Dock.build/Debug/Dock-t.build/Objects-normal/arm64/Dock.swiftsourceinfo /Users/buddhirajgautam/Library/Developer/Xcode/DerivedData/Telegram-Mac-fygdgghdgmuleoelvxabfmqiotta/Build/Products/Debug/Dock.swiftmodule/Project/arm64-apple-macos.swiftsourceinfo

SwiftExplicitDependencyGeneratePcm arm64 /Users/buddhirajgautam/Library/Developer/Xcode/DerivedData/Telegram-Mac-fygdgghdgmuleoelvxabfmqiotta/Build/Intermediates.noindex/SwiftExplicitPrecompiledModules/RingBuffer-5L7UX3STULKJQ5WJBDLRVQR89.pcm

SwiftExplicitDependencyGeneratePcm arm64 /Users/buddhirajgautam/Library/Developer/Xcode/DerivedData/Telegram-Mac-fygdgghdgmuleoelvxabfmqiotta/Build/Intermediates.noindex/SwiftExplicitPrecompiledModules/YuvConversion-2YKHEBSNVTM5KP5DNCVYW0QT7.pcm

SwiftExplicitDependencyGeneratePcm arm64 /Users/buddhirajgautam/Library/Developer/Xcode/DerivedData/Telegram-Mac-fygdgghdgmuleoelvxabfmqiotta/Build/Intermediates.noindex/SwiftExplicitPrecompiledModules/ShelfPack-49ZN8YUUUIOL1RSCXSAL7KMTS.pcm

SwiftExplicitDependencyGeneratePcm arm64 /Users/buddhirajgautam/Library/Developer/Xcode/DerivedData/Telegram-Mac-fygdgghdgmuleoelvxabfmqiotta/Build/Intermediates.noindex/SwiftExplicitPrecompiledModules/FFMpegBinding-6WKXG7Y5Z08C24UR75WORA129.pcm
<module-includes>:1:9: note: in file included from <module-includes>:1:
1 | #import "/Users/buddhirajgautam/Documents/Cherrygram-Mac/macOS-Swift/submodules/telegram-ios/submodules/FFMpegBinding/Public/FFMpegBinding/FFMpegBinding.h"
  |         `- note: in file included from <module-includes>:1:
2 | 

/Users/buddhirajgautam/Documents/Cherrygram-Mac/macOS-Swift/submodules/telegram-ios/submodules/FFMpegBinding/Public/FFMpegBinding/FFMpegBinding.h:15:1: warning: umbrella header for module 'FFMpegBinding' does not include header 'FFMpegVideoWriter.h'
13 | #import <FFMpegBinding/FFMpegLiveMuxer.h>
14 | #import <FFMpegBinding/FrameConverter.h>
15 | 
   | `- warning: umbrella header for module 'FFMpegBinding' does not include header 'FFMpegVideoWriter.h'

<module-includes>:1:9: note: in file included from <module-includes>:1:
1 | #import "/Users/buddhirajgautam/Documents/Cherrygram-Mac/macOS-Swift/submodules/telegram-ios/submodules/FFMpegBinding/Public/FFMpegBinding/FFMpegBinding.h"
  |         `- note: in file included from <module-includes>:1:
2 | 

2 warnings generated.
/Users/buddhirajgautam/Documents/Cherrygram-Mac/macOS-Swift/submodules/telegram-ios/submodules/FFMpegBinding/Public/FFMpegBinding/FFMpegBinding.h:15:1: warning: umbrella header for module 'FFMpegBinding' does not include header 'FFMpegOpusTrimmer.h'
13 | #import <FFMpegBinding/FFMpegLiveMuxer.h>
14 | #import <FFMpegBinding/FrameConverter.h>
15 | 
   | `- warning: umbrella header for module 'FFMpegBinding' does not include header 'FFMpegOpusTrimmer.h'

SwiftCompile normal arm64 Compiling\ TextRecognizing.swift /Users/buddhirajgautam/Documents/Cherrygram-Mac/macOS-Swift/packages/TextRecognizing/Sources/TextRecognizing/TextRecognizing.swift (in target 'TextRecognizing' from project 'TextRecognizing')

SwiftCompile normal arm64 /Users/buddhirajgautam/Documents/Cherrygram-Mac/macOS-Swift/packages/TextRecognizing/Sources/TextRecognizing/TextRecognizing.swift (in target 'TextRecognizing' from project 'TextRecognizing')
    cd /Users/buddhirajgautam/Documents/Cherrygram-Mac/macOS-Swift
    builtin-SwiftPerFileCompile TextRecognizing.swift

SwiftEmitModule normal arm64 Emitting\ module\ for\ TelegramVoip (in target 'TelegramVoip' from project 'TelegramVoip')

SwiftCompile normal arm64 (in target 'TelegramVoip' from project 'TelegramVoip')
    cd /Users/buddhirajgautam/Documents/Cherrygram-Mac/macOS-Swift
    

SwiftEmitModule normal arm64 Emitting\ module\ for\ MetalEngine (in target 'MetalEngine' from project 'MetalEngine')

SwiftCompile normal arm64 (in target 'MetalEngine' from project 'MetalEngine')
    cd /Users/buddhirajgautam/Documents/Cherrygram-Mac/macOS-Swift
    

SwiftEmitModule normal arm64 Emitting\ module\ for\ TelegramMediaPlayer (in target 'TelegramMediaPlayer' from project 'TelegramMediaPlayer')

SwiftCompile normal arm64 (in target 'TelegramMediaPlayer' from project 'TelegramMediaPlayer')
    cd /Users/buddhirajgautam/Documents/Cherrygram-Mac/macOS-Swift
    

SwiftDriverJobDiscovery normal arm64 Compiling HorizontalScrollView.swift, HorizontalSliderControl.swift, HorizontalTableView.swift, Image.swift, ImageBarView.swift, ImageButton.swift, ImageView.swift, InfiniteProgressView.swift, InternalBattery.swift, InternalFinder.swift, InvisibleInkDustView.swift, Layer.swift, LinearProgressControl.swift, MagnifyView.swift, MajorNavigationController.swift, Markdown.swift (in target 'TGUIKit' from project 'TGUIKit')

SwiftCompile normal arm64 Compiling\ DrawRects.swift /Users/buddhirajgautam/Documents/Cherrygram-Mac/macOS-Swift/packages/TextRecognizing/Sources/TextRecognizing/DrawRects.swift (in target 'TextRecognizing' from project 'TextRecognizing')
/Users/buddhirajgautam/Documents/Cherrygram-Mac/macOS-Swift/packages/TextRecognizing/Sources/TextRecognizing/DrawRects.swift:88:26: warning: immutable value 'image' was never used; consider replacing with '_' or removing it [#NoUsage]
 86 |     func rotations() -> [CGFloat] {
 87 |         switch self {
 88 |         case let .finish(image, text):
    |                          `- warning: immutable value 'image' was never used; consider replacing with '_' or removing it [#NoUsage]
 89 |             var rotations:[CGFloat] = []
 90 |             for value in text {

[#NoUsage]: <https://docs.swift.org/compiler/documentation/diagnostics/no-usage>

SwiftCompile normal arm64 /Users/buddhirajgautam/Documents/Cherrygram-Mac/macOS-Swift/packages/TextRecognizing/Sources/TextRecognizing/DrawRects.swift (in target 'TextRecognizing' from project 'TextRecognizing')
    cd /Users/buddhirajgautam/Documents/Cherrygram-Mac/macOS-Swift
    builtin-SwiftPerFileCompile DrawRects.swift

SwiftCompile normal arm64 Compiling\ ImageTextSelector.swift /Users/buddhirajgautam/Documents/Cherrygram-Mac/macOS-Swift/packages/TextRecognizing/Sources/TextRecognizing/ImageTextSelector.swift (in target 'TextRecognizing' from project 'TextRecognizing')

SwiftCompile normal arm64 /Users/buddhirajgautam/Documents/Cherrygram-Mac/macOS-Swift/packages/TextRecognizing/Sources/TextRecognizing/ImageTextSelector.swift (in target 'TextRecognizing' from project 'TextRecognizing')
    cd /Users/buddhirajgautam/Documents/Cherrygram-Mac/macOS-Swift
    builtin-SwiftPerFileCompile ImageTextSelector.swift

SwiftDriverJobDiscovery normal arm64 Compiling MergeLists.swift, Modal.swift, ModalTouchBar.swift, NavigationBarView.swift, NavigationModalAction.swift, NavigationModalView.swift, NavigationViewController.swift, NinePathImage.swift, Node.swift, OverlayControl.swift, PieChart.swift, PollTimerView.swift, Popover.swift, PortalView.swift, PresentationResourceCache.swift, PresentationTheme.swift (in target 'TGUIKit' from project 'TGUIKit')

SwiftDriverJobDiscovery normal arm64 Emitting module for MetalEngine (in target 'MetalEngine' from project 'MetalEngine')

SwiftCompile normal arm64 Compiling\ WrappedMediaStreamingContext.swift /Users/buddhirajgautam/Documents/Cherrygram-Mac/macOS-Swift/submodules/telegram-ios/submodules/TelegramVoip/Sources/WrappedMediaStreamingContext.swift (in target 'TelegramVoip' from project 'TelegramVoip')

SwiftCompile normal arm64 /Users/buddhirajgautam/Documents/Cherrygram-Mac/macOS-Swift/submodules/telegram-ios/submodules/TelegramVoip/Sources/WrappedMediaStreamingContext.swift (in target 'TelegramVoip' from project 'TelegramVoip')
    cd /Users/buddhirajgautam/Documents/Cherrygram-Mac/macOS-Swift
    builtin-SwiftPerFileCompile WrappedMediaStreamingContext.swift

SwiftDriver\ Compilation\ Requirements MetalEngine normal arm64 com.apple.xcode.tools.swift.compiler (in target 'MetalEngine' from project 'MetalEngine')
    cd /Users/buddhirajgautam/Documents/Cherrygram-Mac/macOS-Swift
    builtin-Swift-Compilation-Requirements -- /Applications/Xcode.app/Contents/Developer/Toolchains/XcodeDefault.xctoolchain/usr/bin/swiftc -parse-as-library -module-name MetalEngine -Onone @/Users/buddhirajgautam/Library/Developer/Xcode/DerivedData/Telegram-Mac-fygdgghdgmuleoelvxabfmqiotta/Build/Intermediates.noindex/MetalEngine.build/Debug/MetalEngine-t.build/Objects-normal/arm64/MetalEngine.SwiftFileList -DSWIFT_PACKAGE -DDEBUG -DSWIFT_MODULE_RESOURCE_BUNDLE_AVAILABLE -Xcc -fmodule-map-file\=/Users/buddhirajgautam/Library/Developer/Xcode/DerivedData/Telegram-Mac-fygdgghdgmuleoelvxabfmqiotta/Build/Intermediates.noindex/GeneratedModuleMaps/ShelfPack.modulemap -Xcc -fmodule-map-file\=/Users/buddhirajgautam/Library/Developer/Xcode/DerivedData/Telegram-Mac-fygdgghdgmuleoelvxabfmqiotta/Build/Intermediates.noindex/GeneratedModuleMaps/ObjcUtils.modulemap -DXcode -plugin-path /Applications/Xcode.app/Contents/Developer/Toolchains/XcodeDefault.xctoolchain/usr/lib/swift/host/plugins/testing -enable-experimental-feature DebugDescriptionMacro -sdk /Applications/Xcode.app/Contents/Developer/Platforms/MacOSX.platform/Developer/SDKs/MacOSX27.0.sdk -target arm64-apple-macos12.0 -g -module-cache-path /Users/buddhirajgautam/Library/Developer/Xcode/DerivedData/ModuleCache.noindex -Xfrontend -serialize-debugging-options -profile-coverage-mapping -profile-generate -enable-testing -index-store-path /Users/buddhirajgautam/Library/Developer/Xcode/DerivedData/Telegram-Mac-fygdgghdgmuleoelvxabfmqiotta/Index.noindex/DataStore -Xcc -D_LIBCPP_HARDENING_MODE\=_LIBCPP_HARDENING_MODE_DEBUG -swift-version 5 -I /Users/buddhirajgautam/Library/Developer/Xcode/DerivedData/Telegram-Mac-fygdgghdgmuleoelvxabfmqiotta/Build/Products/Debug -Isystem /Applications/Xcode.app/Contents/Developer/Platforms/MacOSX.platform/Developer/usr/lib -F /Users/buddhirajgautam/Library/Developer/Xcode/DerivedData/Telegram-Mac-fygdgghdgmuleoelvxabfmqiotta/Build/Products/Debug/PackageFrameworks -F /Users/buddhirajgautam/Library/Developer/Xcode/DerivedData/Telegram-Mac-fygdgghdgmuleoelvxabfmqiotta/Build/Products/Debug -F /Applications/Xcode.app/Contents/Developer/Platforms/MacOSX.platform/Developer/Library/Frameworks -c -j8 -enable-batch-mode -incremental -Xcc -ivfsstatcache -Xcc /Users/buddhirajgautam/Library/Developer/Xcode/DerivedData/SDKStatCaches.noindex/macosx27.0-26A425-e829b21a6f8c9b70876ba0858053c0447231f6df4def33e022ae2eb8f782df1a.sdkstatcache -output-file-map /Users/buddhirajgautam/Library/Developer/Xcode/DerivedData/Telegram-Mac-fygdgghdgmuleoelvxabfmqiotta/Build/Intermediates.noindex/MetalEngine.build/Debug/MetalEngine-t.build/Objects-normal/arm64/MetalEngine-OutputFileMap.json -save-temps -no-color-diagnostics -explicit-module-build -module-cache-path /Users/buddhirajgautam/Library/Developer/Xcode/DerivedData/Telegram-Mac-fygdgghdgmuleoelvxabfmqiotta/Build/Intermediates.noindex/SwiftExplicitPrecompiledModules -clang-scanner-module-cache-path /Users/buddhirajgautam/Library/Developer/Xcode/DerivedData/ModuleCache.noindex -sdk-module-cache-path /Users/buddhirajgautam/Library/Developer/Xcode/DerivedData/SDKExplicitPrecompiledModules -emit-dependencies -emit-module -emit-module-path /Users/buddhirajgautam/Library/Developer/Xcode/DerivedData/Telegram-Mac-fygdgghdgmuleoelvxabfmqiotta/Build/Intermediates.noindex/MetalEngine.build/Debug/MetalEngine-t.build/Objects-normal/arm64/MetalEngine.swiftmodule -serialize-diagnostics -dependency-scan-serialize-diagnostics-path /Users/buddhirajgautam/Library/Developer/Xcode/DerivedData/Telegram-Mac-fygdgghdgmuleoelvxabfmqiotta/Build/Intermediates.noindex/MetalEngine.build/Debug/MetalEngine-t.build/Objects-normal/arm64/MetalEngine-dependency-scan.dia -validate-clang-modules-once -clang-build-session-file /Users/buddhirajgautam/Library/Developer/Xcode/DerivedData/ModuleCache.noindex/Session.modulevalidation -Xcc -fmodules-prune-interval\=86400 -Xcc -fmodules-prune-after\=345600 -emit-const-values -const-gather-protocols-list /Users/buddhirajgautam/Library/Developer/Xcode/DerivedData/Telegram-Mac-fygdgghdgmuleoelvxabfmqiotta/Build/Intermediates.noindex/MetalEngine.build/Debug/MetalEngine-t.build/Objects-normal/arm64/MetalEngine_const_extract_protocols.json -Xcc -I/Users/buddhirajgautam/Documents/Cherrygram-Mac/macOS-Swift/submodules/telegram-ios/submodules/Utils/ShelfPack/PublicHeaders -Xcc -I/Users/buddhirajgautam/Documents/Cherrygram-Mac/macOS-Swift/packages/ObjcUtils/Sources/ObjcUtils -Xcc -I/Users/buddhirajgautam/Library/Developer/Xcode/DerivedData/Telegram-Mac-fygdgghdgmuleoelvxabfmqiotta/Build/Products/Debug/include -Xcc -I/Users/buddhirajgautam/Library/Developer/Xcode/DerivedData/Telegram-Mac-fygdgghdgmuleoelvxabfmqiotta/Build/Intermediates.noindex/MetalEngine.build/Debug/MetalEngine-t.build/DerivedSources-normal/arm64 -Xcc -I/Users/buddhirajgautam/Library/Developer/Xcode/DerivedData/Telegram-Mac-fygdgghdgmuleoelvxabfmqiotta/Build/Intermediates.noindex/MetalEngine.build/Debug/MetalEngine-t.build/DerivedSources/arm64 -Xcc -I/Users/buddhirajgautam/Library/Developer/Xcode/DerivedData/Telegram-Mac-fygdgghdgmuleoelvxabfmqiotta/Build/Intermediates.noindex/MetalEngine.build/Debug/MetalEngine-t.build/DerivedSources -Xcc -DSWIFT_PACKAGE -Xcc -DDEBUG\=1 -emit-objc-header -emit-objc-header-path /Users/buddhirajgautam/Library/Developer/Xcode/DerivedData/Telegram-Mac-fygdgghdgmuleoelvxabfmqiotta/Build/Intermediates.noindex/MetalEngine.build/Debug/MetalEngine-t.build/Objects-normal/arm64/MetalEngine-Swift.h -working-directory /Users/buddhirajgautam/Documents/Cherrygram-Mac/macOS-Swift -experimental-emit-module-separately -disable-cmo

SwiftDriverJobDiscovery normal arm64 Compiling DrawRects.swift (in target 'TextRecognizing' from project 'TextRecognizing')

SwiftCompile normal arm64 Compiling\ OngoingCallVideoCapturer.swift /Users/buddhirajgautam/Documents/Cherrygram-Mac/macOS-Swift/submodules/telegram-ios/submodules/TelegramVoip/Sources/macOS/OngoingCallVideoCapturer.swift (in target 'TelegramVoip' from project 'TelegramVoip')
/Users/buddhirajgautam/Documents/Cherrygram-Mac/macOS-Swift/submodules/telegram-ios/submodules/TelegramVoip/Sources/macOS/OngoingCallVideoCapturer.swift:118:54: warning: variable 'view' was written to, but never read
116 |                         }
117 |                     },
118 |                     setOnOrientationUpdated: { [weak view] f in
    |                                                      `- warning: variable 'view' was written to, but never read
119 |                         
120 |                     },

SwiftCompile normal arm64 /Users/buddhirajgautam/Documents/Cherrygram-Mac/macOS-Swift/submodules/telegram-ios/submodules/TelegramVoip/Sources/macOS/OngoingCallVideoCapturer.swift (in target 'TelegramVoip' from project 'TelegramVoip')
    cd /Users/buddhirajgautam/Documents/Cherrygram-Mac/macOS-Swift
    builtin-SwiftPerFileCompile OngoingCallVideoCapturer.swift

SwiftCompile normal arm64 Compiling\ GroupCallContext.swift /Users/buddhirajgautam/Documents/Cherrygram-Mac/macOS-Swift/submodules/telegram-ios/submodules/TelegramVoip/Sources/GroupCallContext.swift (in target 'TelegramVoip' from project 'TelegramVoip')

SwiftCompile normal arm64 /Users/buddhirajgautam/Documents/Cherrygram-Mac/macOS-Swift/submodules/telegram-ios/submodules/TelegramVoip/Sources/GroupCallContext.swift (in target 'TelegramVoip' from project 'TelegramVoip')
    cd /Users/buddhirajgautam/Documents/Cherrygram-Mac/macOS-Swift
    builtin-SwiftPerFileCompile GroupCallContext.swift

SwiftCompile normal arm64 Compiling\ ReflectorBenchmark.swift /Users/buddhirajgautam/Documents/Cherrygram-Mac/macOS-Swift/submodules/telegram-ios/submodules/TelegramVoip/Sources/ReflectorBenchmark.swift (in target 'TelegramVoip' from project 'TelegramVoip')

SwiftCompile normal arm64 /Users/buddhirajgautam/Documents/Cherrygram-Mac/macOS-Swift/submodules/telegram-ios/submodules/TelegramVoip/Sources/ReflectorBenchmark.swift (in target 'TelegramVoip' from project 'TelegramVoip')
    cd /Users/buddhirajgautam/Documents/Cherrygram-Mac/macOS-Swift
    builtin-SwiftPerFileCompile ReflectorBenchmark.swift

SwiftDriverJobDiscovery normal arm64 Emitting module for TelegramVoip (in target 'TelegramVoip' from project 'TelegramVoip')

SwiftDriverJobDiscovery normal arm64 Emitting module for TelegramMediaPlayer (in target 'TelegramMediaPlayer' from project 'TelegramMediaPlayer')

SwiftDriver\ Compilation\ Requirements TelegramVoip normal arm64 com.apple.xcode.tools.swift.compiler (in target 'TelegramVoip' from project 'TelegramVoip')
    cd /Users/buddhirajgautam/Documents/Cherrygram-Mac/macOS-Swift
    builtin-Swift-Compilation-Requirements -- /Applications/Xcode.app/Contents/Developer/Toolchains/XcodeDefault.xctoolchain/usr/bin/swiftc -parse-as-library -module-name TelegramVoip -Onone @/Users/buddhirajgautam/Library/Developer/Xcode/DerivedData/Telegram-Mac-fygdgghdgmuleoelvxabfmqiotta/Build/Intermediates.noindex/TelegramVoip.build/Debug/TelegramVoip-t.build/Objects-normal/arm64/TelegramVoip.SwiftFileList -DSWIFT_PACKAGE -DDEBUG -DSWIFT_MODULE_RESOURCE_BUNDLE_UNAVAILABLE -Xcc -fmodule-map-file\=/Users/buddhirajgautam/Library/Developer/Xcode/DerivedData/Telegram-Mac-fygdgghdgmuleoelvxabfmqiotta/Build/Intermediates.noindex/GeneratedModuleMaps/TgVoipWebrtc.modulemap -Xcc -fmodule-map-file\=/Users/buddhirajgautam/Library/Developer/Xcode/DerivedData/Telegram-Mac-fygdgghdgmuleoelvxabfmqiotta/Build/Intermediates.noindex/GeneratedModuleMaps/FFMpegBinding.modulemap -Xcc -fmodule-map-file\=/Users/buddhirajgautam/Library/Developer/Xcode/DerivedData/Telegram-Mac-fygdgghdgmuleoelvxabfmqiotta/Build/Intermediates.noindex/GeneratedModuleMaps/MurMurHash32.modulemap -Xcc -fmodule-map-file\=/Users/buddhirajgautam/Library/Developer/Xcode/DerivedData/Telegram-Mac-fygdgghdgmuleoelvxabfmqiotta/Build/Intermediates.noindex/GeneratedModuleMaps/sqlcipher.modulemap -Xcc -fmodule-map-file\=/Users/buddhirajgautam/Library/Developer/Xcode/DerivedData/Telegram-Mac-fygdgghdgmuleoelvxabfmqiotta/Build/Intermediates.noindex/GeneratedModuleMaps/StringTransliteration.modulemap -Xcc -fmodule-map-file\=/Users/buddhirajgautam/Library/Developer/Xcode/DerivedData/Telegram-Mac-fygdgghdgmuleoelvxabfmqiotta/Build/Intermediates.noindex/GeneratedModuleMaps/Crc32.modulemap -Xcc -fmodule-map-file\=/Users/buddhirajgautam/Library/Developer/Xcode/DerivedData/Telegram-Mac-fygdgghdgmuleoelvxabfmqiotta/Build/Intermediates.noindex/GeneratedModuleMaps/MtProtoKit.modulemap -Xcc -fmodule-map-file\=/Users/buddhirajgautam/Library/Developer/Xcode/DerivedData/Telegram-Mac-fygdgghdgmuleoelvxabfmqiotta/Build/Intermediates.noindex/GeneratedModuleMaps/CryptoUtils.modulemap -Xcc -fmodule-map-file\=/Users/buddhirajgautam/Library/Developer/Xcode/DerivedData/Telegram-Mac-fygdgghdgmuleoelvxabfmqiotta/Build/Intermediates.noindex/GeneratedModuleMaps/NetworkLogging.modulemap -Xcc -fmodule-map-file\=/Users/buddhirajgautam/Library/Developer/Xcode/DerivedData/Telegram-Mac-fygdgghdgmuleoelvxabfmqiotta/Build/Intermediates.noindex/GeneratedModuleMaps/DarwinDirStat.modulemap -Xcc -fmodule-map-file\=/Users/buddhirajgautam/Library/Developer/Xcode/DerivedData/Telegram-Mac-fygdgghdgmuleoelvxabfmqiotta/Build/Intermediates.noindex/GeneratedModuleMaps/LegacyReachability.modulemap -Xcc -fmodule-map-file\=/Users/buddhirajgautam/Library/Developer/Xcode/DerivedData/Telegram-Mac-fygdgghdgmuleoelvxabfmqiotta/Build/Intermediates.noindex/GeneratedModuleMaps/EncryptionProvider.modulemap -DXcode -plugin-path /Applications/Xcode.app/Contents/Developer/Toolchains/XcodeDefault.xctoolchain/usr/lib/swift/host/plugins/testing -enable-experimental-feature DebugDescriptionMacro -sdk /Applications/Xcode.app/Contents/Developer/Platforms/MacOSX.platform/Developer/SDKs/MacOSX27.0.sdk -target arm64-apple-macos12.0 -g -module-cache-path /Users/buddhirajgautam/Library/Developer/Xcode/DerivedData/ModuleCache.noindex -Xfrontend -serialize-debugging-options -profile-coverage-mapping -profile-generate -enable-testing -index-store-path /Users/buddhirajgautam/Library/Developer/Xcode/DerivedData/Telegram-Mac-fygdgghdgmuleoelvxabfmqiotta/Index.noindex/DataStore -Xcc -D_LIBCPP_HARDENING_MODE\=_LIBCPP_HARDENING_MODE_DEBUG -swift-version 5 -I /Users/buddhirajgautam/Library/Developer/Xcode/DerivedData/Telegram-Mac-fygdgghdgmuleoelvxabfmqiotta/Build/Products/Debug -Isystem /Applications/Xcode.app/Contents/Developer/Platforms/MacOSX.platform/Developer/usr/lib -F /Users/buddhirajgautam/Library/Developer/Xcode/DerivedData/Telegram-Mac-fygdgghdgmuleoelvxabfmqiotta/Build/Products/Debug/PackageFrameworks -F /Users/buddhirajgautam/Library/Developer/Xcode/DerivedData/Telegram-Mac-fygdgghdgmuleoelvxabfmqiotta/Build/Products/Debug -F /Applications/Xcode.app/Contents/Developer/Platforms/MacOSX.platform/Developer/Library/Frameworks -c -j8 -enable-batch-mode -incremental -Xcc -ivfsstatcache -Xcc /Users/buddhirajgautam/Library/Developer/Xcode/DerivedData/SDKStatCaches.noindex/macosx27.0-26A425-e829b21a6f8c9b70876ba0858053c0447231f6df4def33e022ae2eb8f782df1a.sdkstatcache -output-file-map /Users/buddhirajgautam/Library/Developer/Xcode/DerivedData/Telegram-Mac-fygdgghdgmuleoelvxabfmqiotta/Build/Intermediates.noindex/TelegramVoip.build/Debug/TelegramVoip-t.build/Objects-normal/arm64/TelegramVoip-OutputFileMap.json -save-temps -no-color-diagnostics -explicit-module-build -module-cache-path /Users/buddhirajgautam/Library/Developer/Xcode/DerivedData/Telegram-Mac-fygdgghdgmuleoelvxabfmqiotta/Build/Intermediates.noindex/SwiftExplicitPrecompiledModules -clang-scanner-module-cache-path /Users/buddhirajgautam/Library/Developer/Xcode/DerivedData/ModuleCache.noindex -sdk-module-cache-path /Users/buddhirajgautam/Library/Developer/Xcode/DerivedData/SDKExplicitPrecompiledModules -emit-dependencies -emit-module -emit-module-path /Users/buddhirajgautam/Library/Developer/Xcode/DerivedData/Telegram-Mac-fygdgghdgmuleoelvxabfmqiotta/Build/Intermediates.noindex/TelegramVoip.build/Debug/TelegramVoip-t.build/Objects-normal/arm64/TelegramVoip.swiftmodule -serialize-diagnostics -dependency-scan-serialize-diagnostics-path /Users/buddhirajgautam/Library/Developer/Xcode/DerivedData/Telegram-Mac-fygdgghdgmuleoelvxabfmqiotta/Build/Intermediates.noindex/TelegramVoip.build/Debug/TelegramVoip-t.build/Objects-normal/arm64/TelegramVoip-dependency-scan.dia -validate-clang-modules-once -clang-build-session-file /Users/buddhirajgautam/Library/Developer/Xcode/DerivedData/ModuleCache.noindex/Session.modulevalidation -Xcc -fmodules-prune-interval\=86400 -Xcc -fmodules-prune-after\=345600 -emit-const-values -const-gather-protocols-list /Users/buddhirajgautam/Library/Developer/Xcode/DerivedData/Telegram-Mac-fygdgghdgmuleoelvxabfmqiotta/Build/Intermediates.noindex/TelegramVoip.build/Debug/TelegramVoip-t.build/Objects-normal/arm64/TelegramVoip_const_extract_protocols.json -Xcc -I/Users/buddhirajgautam/Documents/Cherrygram-Mac/macOS-Swift/submodules/tgcalls/macos/PublicHeaders -Xcc -I/Users/buddhirajgautam/Documents/Cherrygram-Mac/macOS-Swift/submodules/telegram-ios/submodules/FFMpegBinding/Public -Xcc -I/Users/buddhirajgautam/Documents/Cherrygram-Mac/macOS-Swift/submodules/telegram-ios/submodules/MurMurHash32/PublicHeaders -Xcc -I/Users/buddhirajgautam/Documents/Cherrygram-Mac/macOS-Swift/submodules/telegram-ios/submodules/sqlcipher/PublicHeaders -Xcc -I/Users/buddhirajgautam/Documents/Cherrygram-Mac/macOS-Swift/submodules/telegram-ios/submodules/StringTransliteration/PublicHeaders -Xcc -I/Users/buddhirajgautam/Documents/Cherrygram-Mac/macOS-Swift/submodules/telegram-ios/submodules/Crc32/PublicHeaders -Xcc -I/Users/buddhirajgautam/Documents/Cherrygram-Mac/macOS-Swift/submodules/telegram-ios/submodules/MtProtoKit/PublicHeaders -Xcc -I/Users/buddhirajgautam/Documents/Cherrygram-Mac/macOS-Swift/submodules/telegram-ios/submodules/CryptoUtils/PublicHeaders -Xcc -I/Users/buddhirajgautam/Documents/Cherrygram-Mac/macOS-Swift/submodules/telegram-ios/submodules/NetworkLogging/PublicHeaders -Xcc -I/Users/buddhirajgautam/Documents/Cherrygram-Mac/macOS-Swift/submodules/telegram-ios/submodules/Utils/DarwinDirStat/PublicHeaders -Xcc -I/Users/buddhirajgautam/Documents/Cherrygram-Mac/macOS-Swift/submodules/telegram-ios/submodules/Reachability/LegacyReachability/PublicHeaders -Xcc -I/Users/buddhirajgautam/Documents/Cherrygram-Mac/macOS-Swift/submodules/telegram-ios/submodules/EncryptionProvider/PublicHeaders -Xcc -I/Users/buddhirajgautam/Library/Developer/Xcode/DerivedData/Telegram-Mac-fygdgghdgmuleoelvxabfmqiotta/Build/Products/Debug/include -Xcc -I/Users/buddhirajgautam/Library/Developer/Xcode/DerivedData/Telegram-Mac-fygdgghdgmuleoelvxabfmqiotta/Build/Intermediates.noindex/TelegramVoip.build/Debug/TelegramVoip-t.build/DerivedSources-normal/arm64 -Xcc -I/Users/buddhirajgautam/Library/Developer/Xcode/DerivedData/Telegram-Mac-fygdgghdgmuleoelvxabfmqiotta/Build/Intermediates.noindex/TelegramVoip.build/Debug/TelegramVoip-t.build/DerivedSources/arm64 -Xcc -I/Users/buddhirajgautam/Library/Developer/Xcode/DerivedData/Telegram-Mac-fygdgghdgmuleoelvxabfmqiotta/Build/Intermediates.noindex/TelegramVoip.build/Debug/TelegramVoip-t.build/DerivedSources -Xcc -DSWIFT_PACKAGE -Xcc -DDEBUG\=1 -Xcc -DWEBRTC_MAC\=1 -emit-objc-header -emit-objc-header-path /Users/buddhirajgautam/Library/Developer/Xcode/DerivedData/Telegram-Mac-fygdgghdgmuleoelvxabfmqiotta/Build/Intermediates.noindex/TelegramVoip.build/Debug/TelegramVoip-t.build/Objects-normal/arm64/TelegramVoip-Swift.h -working-directory /Users/buddhirajgautam/Documents/Cherrygram-Mac/macOS-Swift -experimental-emit-module-separately -disable-cmo

SwiftDriverJobDiscovery normal arm64 Compiling ImageTextSelector.swift (in target 'TextRecognizing' from project 'TextRecognizing')

SwiftDriver\ Compilation\ Requirements TelegramMediaPlayer normal arm64 com.apple.xcode.tools.swift.compiler (in target 'TelegramMediaPlayer' from project 'TelegramMediaPlayer')
    cd /Users/buddhirajgautam/Documents/Cherrygram-Mac/macOS-Swift
    builtin-Swift-Compilation-Requirements -- /Applications/Xcode.app/Contents/Developer/Toolchains/XcodeDefault.xctoolchain/usr/bin/swiftc -parse-as-library -module-name TelegramMediaPlayer -Onone @/Users/buddhirajgautam/Library/Developer/Xcode/DerivedData/Telegram-Mac-fygdgghdgmuleoelvxabfmqiotta/Build/Intermediates.noindex/TelegramMediaPlayer.build/Debug/TelegramMediaPlayer-t.build/Objects-normal/arm64/TelegramMediaPlayer.SwiftFileList -DSWIFT_PACKAGE -DDEBUG -DSWIFT_MODULE_RESOURCE_BUNDLE_UNAVAILABLE -Xcc -fmodule-map-file\=/Users/buddhirajgautam/Library/Developer/Xcode/DerivedData/Telegram-Mac-fygdgghdgmuleoelvxabfmqiotta/Build/Intermediates.noindex/GeneratedModuleMaps/MtProtoKit.modulemap -Xcc -fmodule-map-file\=/Users/buddhirajgautam/Library/Developer/Xcode/DerivedData/Telegram-Mac-fygdgghdgmuleoelvxabfmqiotta/Build/Intermediates.noindex/GeneratedModuleMaps/NetworkLogging.modulemap -Xcc -fmodule-map-file\=/Users/buddhirajgautam/Library/Developer/Xcode/DerivedData/Telegram-Mac-fygdgghdgmuleoelvxabfmqiotta/Build/Intermediates.noindex/GeneratedModuleMaps/LegacyReachability.modulemap -Xcc -fmodule-map-file\=/Users/buddhirajgautam/Library/Developer/Xcode/DerivedData/Telegram-Mac-fygdgghdgmuleoelvxabfmqiotta/Build/Intermediates.noindex/GeneratedModuleMaps/EncryptionProvider.modulemap -Xcc -fmodule-map-file\=/Users/buddhirajgautam/Library/Developer/Xcode/DerivedData/Telegram-Mac-fygdgghdgmuleoelvxabfmqiotta/Build/Intermediates.noindex/GeneratedModuleMaps/MurMurHash32.modulemap -Xcc -fmodule-map-file\=/Users/buddhirajgautam/Library/Developer/Xcode/DerivedData/Telegram-Mac-fygdgghdgmuleoelvxabfmqiotta/Build/Intermediates.noindex/GeneratedModuleMaps/sqlcipher.modulemap -Xcc -fmodule-map-file\=/Users/buddhirajgautam/Library/Developer/Xcode/DerivedData/Telegram-Mac-fygdgghdgmuleoelvxabfmqiotta/Build/Intermediates.noindex/GeneratedModuleMaps/StringTransliteration.modulemap -Xcc -fmodule-map-file\=/Users/buddhirajgautam/Library/Developer/Xcode/DerivedData/Telegram-Mac-fygdgghdgmuleoelvxabfmqiotta/Build/Intermediates.noindex/GeneratedModuleMaps/DarwinDirStat.modulemap -Xcc -fmodule-map-file\=/Users/buddhirajgautam/Library/Developer/Xcode/DerivedData/Telegram-Mac-fygdgghdgmuleoelvxabfmqiotta/Build/Intermediates.noindex/GeneratedModuleMaps/CryptoUtils.modulemap -Xcc -fmodule-map-file\=/Users/buddhirajgautam/Library/Developer/Xcode/DerivedData/Telegram-Mac-fygdgghdgmuleoelvxabfmqiotta/Build/Intermediates.noindex/GeneratedModuleMaps/Crc32.modulemap -Xcc -fmodule-map-file\=/Users/buddhirajgautam/Library/Developer/Xcode/DerivedData/Telegram-Mac-fygdgghdgmuleoelvxabfmqiotta/Build/Intermediates.noindex/GeneratedModuleMaps/FFMpegBinding.modulemap -Xcc -fmodule-map-file\=/Users/buddhirajgautam/Library/Developer/Xcode/DerivedData/Telegram-Mac-fygdgghdgmuleoelvxabfmqiotta/Build/Intermediates.noindex/GeneratedModuleMaps/YuvConversion.modulemap -Xcc -fmodule-map-file\=/Users/buddhirajgautam/Library/Developer/Xcode/DerivedData/Telegram-Mac-fygdgghdgmuleoelvxabfmqiotta/Build/Intermediates.noindex/GeneratedModuleMaps/RingBuffer.modulemap -Xcc -fmodule-map-file\=/Users/buddhirajgautam/Library/Developer/Xcode/DerivedData/Telegram-Mac-fygdgghdgmuleoelvxabfmqiotta/Build/Intermediates.noindex/GeneratedModuleMaps/ObjcUtils.modulemap -DXcode -plugin-path /Applications/Xcode.app/Contents/Developer/Toolchains/XcodeDefault.xctoolchain/usr/lib/swift/host/plugins/testing -enable-experimental-feature DebugDescriptionMacro -sdk /Applications/Xcode.app/Contents/Developer/Platforms/MacOSX.platform/Developer/SDKs/MacOSX27.0.sdk -target arm64-apple-macos12.0 -g -module-cache-path /Users/buddhirajgautam/Library/Developer/Xcode/DerivedData/ModuleCache.noindex -Xfrontend -serialize-debugging-options -profile-coverage-mapping -profile-generate -enable-testing -index-store-path /Users/buddhirajgautam/Library/Developer/Xcode/DerivedData/Telegram-Mac-fygdgghdgmuleoelvxabfmqiotta/Index.noindex/DataStore -Xcc -D_LIBCPP_HARDENING_MODE\=_LIBCPP_HARDENING_MODE_DEBUG -swift-version 5 -I /Users/buddhirajgautam/Library/Developer/Xcode/DerivedData/Telegram-Mac-fygdgghdgmuleoelvxabfmqiotta/Build/Products/Debug -Isystem /Applications/Xcode.app/Contents/Developer/Platforms/MacOSX.platform/Developer/usr/lib -F /Users/buddhirajgautam/Library/Developer/Xcode/DerivedData/Telegram-Mac-fygdgghdgmuleoelvxabfmqiotta/Build/Products/Debug/PackageFrameworks -F /Users/buddhirajgautam/Library/Developer/Xcode/DerivedData/Telegram-Mac-fygdgghdgmuleoelvxabfmqiotta/Build/Products/Debug -F /Applications/Xcode.app/Contents/Developer/Platforms/MacOSX.platform/Developer/Library/Frameworks -c -j8 -enable-batch-mode -incremental -Xcc -ivfsstatcache -Xcc /Users/buddhirajgautam/Library/Developer/Xcode/DerivedData/SDKStatCaches.noindex/macosx27.0-26A425-e829b21a6f8c9b70876ba0858053c0447231f6df4def33e022ae2eb8f782df1a.sdkstatcache -output-file-map /Users/buddhirajgautam/Library/Developer/Xcode/DerivedData/Telegram-Mac-fygdgghdgmuleoelvxabfmqiotta/Build/Intermediates.noindex/TelegramMediaPlayer.build/Debug/TelegramMediaPlayer-t.build/Objects-normal/arm64/TelegramMediaPlayer-OutputFileMap.json -save-temps -no-color-diagnostics -explicit-module-build -module-cache-path /Users/buddhirajgautam/Library/Developer/Xcode/DerivedData/Telegram-Mac-fygdgghdgmuleoelvxabfmqiotta/Build/Intermediates.noindex/SwiftExplicitPrecompiledModules -clang-scanner-module-cache-path /Users/buddhirajgautam/Library/Developer/Xcode/DerivedData/ModuleCache.noindex -sdk-module-cache-path /Users/buddhirajgautam/Library/Developer/Xcode/DerivedData/SDKExplicitPrecompiledModules -emit-dependencies -emit-module -emit-module-path /Users/buddhirajgautam/Library/Developer/Xcode/DerivedData/Telegram-Mac-fygdgghdgmuleoelvxabfmqiotta/Build/Intermediates.noindex/TelegramMediaPlayer.build/Debug/TelegramMediaPlayer-t.build/Objects-normal/arm64/TelegramMediaPlayer.swiftmodule -serialize-diagnostics -dependency-scan-serialize-diagnostics-path /Users/buddhirajgautam/Library/Developer/Xcode/DerivedData/Telegram-Mac-fygdgghdgmuleoelvxabfmqiotta/Build/Intermediates.noindex/TelegramMediaPlayer.build/Debug/TelegramMediaPlayer-t.build/Objects-normal/arm64/TelegramMediaPlayer-dependency-scan.dia -validate-clang-modules-once -clang-build-session-file /Users/buddhirajgautam/Library/Developer/Xcode/DerivedData/ModuleCache.noindex/Session.modulevalidation -Xcc -fmodules-prune-interval\=86400 -Xcc -fmodules-prune-after\=345600 -emit-const-values -const-gather-protocols-list /Users/buddhirajgautam/Library/Developer/Xcode/DerivedData/Telegram-Mac-fygdgghdgmuleoelvxabfmqiotta/Build/Intermediates.noindex/TelegramMediaPlayer.build/Debug/TelegramMediaPlayer-t.build/Objects-normal/arm64/TelegramMediaPlayer_const_extract_protocols.json -Xcc -I/Users/buddhirajgautam/Documents/Cherrygram-Mac/macOS-Swift/submodules/telegram-ios/submodules/MtProtoKit/PublicHeaders -Xcc -I/Users/buddhirajgautam/Documents/Cherrygram-Mac/macOS-Swift/submodules/telegram-ios/submodules/NetworkLogging/PublicHeaders -Xcc -I/Users/buddhirajgautam/Documents/Cherrygram-Mac/macOS-Swift/submodules/telegram-ios/submodules/Reachability/LegacyReachability/PublicHeaders -Xcc -I/Users/buddhirajgautam/Documents/Cherrygram-Mac/macOS-Swift/submodules/telegram-ios/submodules/EncryptionProvider/PublicHeaders -Xcc -I/Users/buddhirajgautam/Documents/Cherrygram-Mac/macOS-Swift/submodules/telegram-ios/submodules/MurMurHash32/PublicHeaders -Xcc -I/Users/buddhirajgautam/Documents/Cherrygram-Mac/macOS-Swift/submodules/telegram-ios/submodules/sqlcipher/PublicHeaders -Xcc -I/Users/buddhirajgautam/Documents/Cherrygram-Mac/macOS-Swift/submodules/telegram-ios/submodules/StringTransliteration/PublicHeaders -Xcc -I/Users/buddhirajgautam/Documents/Cherrygram-Mac/macOS-Swift/submodules/telegram-ios/submodules/Utils/DarwinDirStat/PublicHeaders -Xcc -I/Users/buddhirajgautam/Documents/Cherrygram-Mac/macOS-Swift/submodules/telegram-ios/submodules/CryptoUtils/PublicHeaders -Xcc -I/Users/buddhirajgautam/Documents/Cherrygram-Mac/macOS-Swift/submodules/telegram-ios/submodules/Crc32/PublicHeaders -Xcc -I/Users/buddhirajgautam/Documents/Cherrygram-Mac/macOS-Swift/submodules/telegram-ios/submodules/FFMpegBinding/Public -Xcc -I/Users/buddhirajgautam/Documents/Cherrygram-Mac/macOS-Swift/submodules/telegram-ios/submodules/YuvConversion/PublicHeaders -Xcc -I/Users/buddhirajgautam/Documents/Cherrygram-Mac/macOS-Swift/packages/RingBuffer/Sources/RingBuffer -Xcc -I/Users/buddhirajgautam/Documents/Cherrygram-Mac/macOS-Swift/packages/ObjcUtils/Sources/ObjcUtils -Xcc -I/Users/buddhirajgautam/Library/Developer/Xcode/DerivedData/Telegram-Mac-fygdgghdgmuleoelvxabfmqiotta/Build/Products/Debug/include -Xcc -I/Users/buddhirajgautam/Library/Developer/Xcode/DerivedData/Telegram-Mac-fygdgghdgmuleoelvxabfmqiotta/Build/Intermediates.noindex/TelegramMediaPlayer.build/Debug/TelegramMediaPlayer-t.build/DerivedSources-normal/arm64 -Xcc -I/Users/buddhirajgautam/Library/Developer/Xcode/DerivedData/Telegram-Mac-fygdgghdgmuleoelvxabfmqiotta/Build/Intermediates.noindex/TelegramMediaPlayer.build/Debug/TelegramMediaPlayer-t.build/DerivedSources/arm64 -Xcc -I/Users/buddhirajgautam/Library/Developer/Xcode/DerivedData/Telegram-Mac-fygdgghdgmuleoelvxabfmqiotta/Build/Intermediates.noindex/TelegramMediaPlayer.build/Debug/TelegramMediaPlayer-t.build/DerivedSources -Xcc -DSWIFT_PACKAGE -Xcc -DDEBUG\=1 -emit-objc-header -emit-objc-header-path /Users/buddhirajgautam/Library/Developer/Xcode/DerivedData/Telegram-Mac-fygdgghdgmuleoelvxabfmqiotta/Build/Intermediates.noindex/TelegramMediaPlayer.build/Debug/TelegramMediaPlayer-t.build/Objects-normal/arm64/TelegramMediaPlayer-Swift.h -working-directory /Users/buddhirajgautam/Documents/Cherrygram-Mac/macOS-Swift -experimental-emit-module-separately -disable-cmo

SwiftMergeGeneratedHeaders /Users/buddhirajgautam/Library/Developer/Xcode/DerivedData/Telegram-Mac-fygdgghdgmuleoelvxabfmqiotta/Build/Intermediates.noindex/GeneratedModuleMaps/MetalEngine-Swift.h /Users/buddhirajgautam/Library/Developer/Xcode/DerivedData/Telegram-Mac-fygdgghdgmuleoelvxabfmqiotta/Build/Intermediates.noindex/MetalEngine.build/Debug/MetalEngine-t.build/Objects-normal/arm64/MetalEngine-Swift.h (in target 'MetalEngine' from project 'MetalEngine')
    cd /Users/buddhirajgautam/Documents/Cherrygram-Mac/macOS-Swift/submodules/telegram-ios/submodules/MetalEngine
    builtin-swiftHeaderTool -arch arm64 /Users/buddhirajgautam/Library/Developer/Xcode/DerivedData/Telegram-Mac-fygdgghdgmuleoelvxabfmqiotta/Build/Intermediates.noindex/MetalEngine.build/Debug/MetalEngine-t.build/Objects-normal/arm64/MetalEngine-Swift.h -o /Users/buddhirajgautam/Library/Developer/Xcode/DerivedData/Telegram-Mac-fygdgghdgmuleoelvxabfmqiotta/Build/Intermediates.noindex/GeneratedModuleMaps/MetalEngine-Swift.h

Copy /Users/buddhirajgautam/Library/Developer/Xcode/DerivedData/Telegram-Mac-fygdgghdgmuleoelvxabfmqiotta/Build/Products/Debug/MetalEngine.swiftmodule/arm64-apple-macos.swiftmodule /Users/buddhirajgautam/Library/Developer/Xcode/DerivedData/Telegram-Mac-fygdgghdgmuleoelvxabfmqiotta/Build/Intermediates.noindex/MetalEngine.build/Debug/MetalEngine-t.build/Objects-normal/arm64/MetalEngine.swiftmodule (in target 'MetalEngine' from project 'MetalEngine')
    cd /Users/buddhirajgautam/Documents/Cherrygram-Mac/macOS-Swift/submodules/telegram-ios/submodules/MetalEngine
    builtin-copy -exclude .DS_Store -exclude CVS -exclude .svn -exclude .git -exclude .hg -resolve-src-symlinks -rename /Users/buddhirajgautam/Library/Developer/Xcode/DerivedData/Telegram-Mac-fygdgghdgmuleoelvxabfmqiotta/Build/Intermediates.noindex/MetalEngine.build/Debug/MetalEngine-t.build/Objects-normal/arm64/MetalEngine.swiftmodule /Users/buddhirajgautam/Library/Developer/Xcode/DerivedData/Telegram-Mac-fygdgghdgmuleoelvxabfmqiotta/Build/Products/Debug/MetalEngine.swiftmodule/arm64-apple-macos.swiftmodule

SwiftMergeGeneratedHeaders /Users/buddhirajgautam/Library/Developer/Xcode/DerivedData/Telegram-Mac-fygdgghdgmuleoelvxabfmqiotta/Build/Intermediates.noindex/GeneratedModuleMaps/TelegramVoip-Swift.h /Users/buddhirajgautam/Library/Developer/Xcode/DerivedData/Telegram-Mac-fygdgghdgmuleoelvxabfmqiotta/Build/Intermediates.noindex/TelegramVoip.build/Debug/TelegramVoip-t.build/Objects-normal/arm64/TelegramVoip-Swift.h (in target 'TelegramVoip' from project 'TelegramVoip')
    cd /Users/buddhirajgautam/Documents/Cherrygram-Mac/macOS-Swift/submodules/telegram-ios/submodules/TelegramVoip
    builtin-swiftHeaderTool -arch arm64 /Users/buddhirajgautam/Library/Developer/Xcode/DerivedData/Telegram-Mac-fygdgghdgmuleoelvxabfmqiotta/Build/Intermediates.noindex/TelegramVoip.build/Debug/TelegramVoip-t.build/Objects-normal/arm64/TelegramVoip-Swift.h -o /Users/buddhirajgautam/Library/Developer/Xcode/DerivedData/Telegram-Mac-fygdgghdgmuleoelvxabfmqiotta/Build/Intermediates.noindex/GeneratedModuleMaps/TelegramVoip-Swift.h

Copy /Users/buddhirajgautam/Library/Developer/Xcode/DerivedData/Telegram-Mac-fygdgghdgmuleoelvxabfmqiotta/Build/Products/Debug/TelegramVoip.swiftmodule/arm64-apple-macos.swiftmodule /Users/buddhirajgautam/Library/Developer/Xcode/DerivedData/Telegram-Mac-fygdgghdgmuleoelvxabfmqiotta/Build/Intermediates.noindex/TelegramVoip.build/Debug/TelegramVoip-t.build/Objects-normal/arm64/TelegramVoip.swiftmodule (in target 'TelegramVoip' from project 'TelegramVoip')
    cd /Users/buddhirajgautam/Documents/Cherrygram-Mac/macOS-Swift/submodules/telegram-ios/submodules/TelegramVoip
    builtin-copy -exclude .DS_Store -exclude CVS -exclude .svn -exclude .git -exclude .hg -resolve-src-symlinks -rename /Users/buddhirajgautam/Library/Developer/Xcode/DerivedData/Telegram-Mac-fygdgghdgmuleoelvxabfmqiotta/Build/Intermediates.noindex/TelegramVoip.build/Debug/TelegramVoip-t.build/Objects-normal/arm64/TelegramVoip.swiftmodule /Users/buddhirajgautam/Library/Developer/Xcode/DerivedData/Telegram-Mac-fygdgghdgmuleoelvxabfmqiotta/Build/Products/Debug/TelegramVoip.swiftmodule/arm64-apple-macos.swiftmodule

Copy /Users/buddhirajgautam/Library/Developer/Xcode/DerivedData/Telegram-Mac-fygdgghdgmuleoelvxabfmqiotta/Build/Products/Debug/TelegramVoip.swiftmodule/arm64-apple-macos.swiftdoc /Users/buddhirajgautam/Library/Developer/Xcode/DerivedData/Telegram-Mac-fygdgghdgmuleoelvxabfmqiotta/Build/Intermediates.noindex/TelegramVoip.build/Debug/TelegramVoip-t.build/Objects-normal/arm64/TelegramVoip.swiftdoc (in target 'TelegramVoip' from project 'TelegramVoip')
    cd /Users/buddhirajgautam/Documents/Cherrygram-Mac/macOS-Swift/submodules/telegram-ios/submodules/TelegramVoip
    builtin-copy -exclude .DS_Store -exclude CVS -exclude .svn -exclude .git -exclude .hg -resolve-src-symlinks -rename /Users/buddhirajgautam/Library/Developer/Xcode/DerivedData/Telegram-Mac-fygdgghdgmuleoelvxabfmqiotta/Build/Intermediates.noindex/TelegramVoip.build/Debug/TelegramVoip-t.build/Objects-normal/arm64/TelegramVoip.swiftdoc /Users/buddhirajgautam/Library/Developer/Xcode/DerivedData/Telegram-Mac-fygdgghdgmuleoelvxabfmqiotta/Build/Products/Debug/TelegramVoip.swiftmodule/arm64-apple-macos.swiftdoc

Copy /Users/buddhirajgautam/Library/Developer/Xcode/DerivedData/Telegram-Mac-fygdgghdgmuleoelvxabfmqiotta/Build/Products/Debug/TelegramVoip.swiftmodule/arm64-apple-macos.abi.json /Users/buddhirajgautam/Library/Developer/Xcode/DerivedData/Telegram-Mac-fygdgghdgmuleoelvxabfmqiotta/Build/Intermediates.noindex/TelegramVoip.build/Debug/TelegramVoip-t.build/Objects-normal/arm64/TelegramVoip.abi.json (in target 'TelegramVoip' from project 'TelegramVoip')
    cd /Users/buddhirajgautam/Documents/Cherrygram-Mac/macOS-Swift/submodules/telegram-ios/submodules/TelegramVoip
    builtin-copy -exclude .DS_Store -exclude CVS -exclude .svn -exclude .git -exclude .hg -resolve-src-symlinks -rename /Users/buddhirajgautam/Library/Developer/Xcode/DerivedData/Telegram-Mac-fygdgghdgmuleoelvxabfmqiotta/Build/Intermediates.noindex/TelegramVoip.build/Debug/TelegramVoip-t.build/Objects-normal/arm64/TelegramVoip.abi.json /Users/buddhirajgautam/Library/Developer/Xcode/DerivedData/Telegram-Mac-fygdgghdgmuleoelvxabfmqiotta/Build/Products/Debug/TelegramVoip.swiftmodule/arm64-apple-macos.abi.json

Copy /Users/buddhirajgautam/Library/Developer/Xcode/DerivedData/Telegram-Mac-fygdgghdgmuleoelvxabfmqiotta/Build/Products/Debug/TelegramVoip.swiftmodule/Project/arm64-apple-macos.swiftsourceinfo /Users/buddhirajgautam/Library/Developer/Xcode/DerivedData/Telegram-Mac-fygdgghdgmuleoelvxabfmqiotta/Build/Intermediates.noindex/TelegramVoip.build/Debug/TelegramVoip-t.build/Objects-normal/arm64/TelegramVoip.swiftsourceinfo (in target 'TelegramVoip' from project 'TelegramVoip')
    cd /Users/buddhirajgautam/Documents/Cherrygram-Mac/macOS-Swift/submodules/telegram-ios/submodules/TelegramVoip
    builtin-copy -exclude .DS_Store -exclude CVS -exclude .svn -exclude .git -exclude .hg -resolve-src-symlinks -rename /Users/buddhirajgautam/Library/Developer/Xcode/DerivedData/Telegram-Mac-fygdgghdgmuleoelvxabfmqiotta/Build/Intermediates.noindex/TelegramVoip.build/Debug/TelegramVoip-t.build/Objects-normal/arm64/TelegramVoip.swiftsourceinfo /Users/buddhirajgautam/Library/Developer/Xcode/DerivedData/Telegram-Mac-fygdgghdgmuleoelvxabfmqiotta/Build/Products/Debug/TelegramVoip.swiftmodule/Project/arm64-apple-macos.swiftsourceinfo

SwiftMergeGeneratedHeaders /Users/buddhirajgautam/Library/Developer/Xcode/DerivedData/Telegram-Mac-fygdgghdgmuleoelvxabfmqiotta/Build/Intermediates.noindex/GeneratedModuleMaps/TelegramMediaPlayer-Swift.h /Users/buddhirajgautam/Library/Developer/Xcode/DerivedData/Telegram-Mac-fygdgghdgmuleoelvxabfmqiotta/Build/Intermediates.noindex/TelegramMediaPlayer.build/Debug/TelegramMediaPlayer-t.build/Objects-normal/arm64/TelegramMediaPlayer-Swift.h (in target 'TelegramMediaPlayer' from project 'TelegramMediaPlayer')
    cd /Users/buddhirajgautam/Documents/Cherrygram-Mac/macOS-Swift/submodules/telegram-ios/submodules/MediaPlayer
    builtin-swiftHeaderTool -arch arm64 /Users/buddhirajgautam/Library/Developer/Xcode/DerivedData/Telegram-Mac-fygdgghdgmuleoelvxabfmqiotta/Build/Intermediates.noindex/TelegramMediaPlayer.build/Debug/TelegramMediaPlayer-t.build/Objects-normal/arm64/TelegramMediaPlayer-Swift.h -o /Users/buddhirajgautam/Library/Developer/Xcode/DerivedData/Telegram-Mac-fygdgghdgmuleoelvxabfmqiotta/Build/Intermediates.noindex/GeneratedModuleMaps/TelegramMediaPlayer-Swift.h

Copy /Users/buddhirajgautam/Library/Developer/Xcode/DerivedData/Telegram-Mac-fygdgghdgmuleoelvxabfmqiotta/Build/Products/Debug/TelegramMediaPlayer.swiftmodule/arm64-apple-macos.swiftmodule /Users/buddhirajgautam/Library/Developer/Xcode/DerivedData/Telegram-Mac-fygdgghdgmuleoelvxabfmqiotta/Build/Intermediates.noindex/TelegramMediaPlayer.build/Debug/TelegramMediaPlayer-t.build/Objects-normal/arm64/TelegramMediaPlayer.swiftmodule (in target 'TelegramMediaPlayer' from project 'TelegramMediaPlayer')
    cd /Users/buddhirajgautam/Documents/Cherrygram-Mac/macOS-Swift/submodules/telegram-ios/submodules/MediaPlayer
    builtin-copy -exclude .DS_Store -exclude CVS -exclude .svn -exclude .git -exclude .hg -resolve-src-symlinks -rename /Users/buddhirajgautam/Library/Developer/Xcode/DerivedData/Telegram-Mac-fygdgghdgmuleoelvxabfmqiotta/Build/Intermediates.noindex/TelegramMediaPlayer.build/Debug/TelegramMediaPlayer-t.build/Objects-normal/arm64/TelegramMediaPlayer.swiftmodule /Users/buddhirajgautam/Library/Developer/Xcode/DerivedData/Telegram-Mac-fygdgghdgmuleoelvxabfmqiotta/Build/Products/Debug/TelegramMediaPlayer.swiftmodule/arm64-apple-macos.swiftmodule

Copy /Users/buddhirajgautam/Library/Developer/Xcode/DerivedData/Telegram-Mac-fygdgghdgmuleoelvxabfmqiotta/Build/Products/Debug/TelegramMediaPlayer.swiftmodule/arm64-apple-macos.swiftdoc /Users/buddhirajgautam/Library/Developer/Xcode/DerivedData/Telegram-Mac-fygdgghdgmuleoelvxabfmqiotta/Build/Intermediates.noindex/TelegramMediaPlayer.build/Debug/TelegramMediaPlayer-t.build/Objects-normal/arm64/TelegramMediaPlayer.swiftdoc (in target 'TelegramMediaPlayer' from project 'TelegramMediaPlayer')
    cd /Users/buddhirajgautam/Documents/Cherrygram-Mac/macOS-Swift/submodules/telegram-ios/submodules/MediaPlayer
    builtin-copy -exclude .DS_Store -exclude CVS -exclude .svn -exclude .git -exclude .hg -resolve-src-symlinks -rename /Users/buddhirajgautam/Library/Developer/Xcode/DerivedData/Telegram-Mac-fygdgghdgmuleoelvxabfmqiotta/Build/Intermediates.noindex/TelegramMediaPlayer.build/Debug/TelegramMediaPlayer-t.build/Objects-normal/arm64/TelegramMediaPlayer.swiftdoc /Users/buddhirajgautam/Library/Developer/Xcode/DerivedData/Telegram-Mac-fygdgghdgmuleoelvxabfmqiotta/Build/Products/Debug/TelegramMediaPlayer.swiftmodule/arm64-apple-macos.swiftdoc

Copy /Users/buddhirajgautam/Library/Developer/Xcode/DerivedData/Telegram-Mac-fygdgghdgmuleoelvxabfmqiotta/Build/Products/Debug/TelegramMediaPlayer.swiftmodule/arm64-apple-macos.abi.json /Users/buddhirajgautam/Library/Developer/Xcode/DerivedData/Telegram-Mac-fygdgghdgmuleoelvxabfmqiotta/Build/Intermediates.noindex/TelegramMediaPlayer.build/Debug/TelegramMediaPlayer-t.build/Objects-normal/arm64/TelegramMediaPlayer.abi.json (in target 'TelegramMediaPlayer' from project 'TelegramMediaPlayer')
    cd /Users/buddhirajgautam/Documents/Cherrygram-Mac/macOS-Swift/submodules/telegram-ios/submodules/MediaPlayer
    builtin-copy -exclude .DS_Store -exclude CVS -exclude .svn -exclude .git -exclude .hg -resolve-src-symlinks -rename /Users/buddhirajgautam/Library/Developer/Xcode/DerivedData/Telegram-Mac-fygdgghdgmuleoelvxabfmqiotta/Build/Intermediates.noindex/TelegramMediaPlayer.build/Debug/TelegramMediaPlayer-t.build/Objects-normal/arm64/TelegramMediaPlayer.abi.json /Users/buddhirajgautam/Library/Developer/Xcode/DerivedData/Telegram-Mac-fygdgghdgmuleoelvxabfmqiotta/Build/Products/Debug/TelegramMediaPlayer.swiftmodule/arm64-apple-macos.abi.json

Copy /Users/buddhirajgautam/Library/Developer/Xcode/DerivedData/Telegram-Mac-fygdgghdgmuleoelvxabfmqiotta/Build/Products/Debug/TelegramMediaPlayer.swiftmodule/Project/arm64-apple-macos.swiftsourceinfo /Users/buddhirajgautam/Library/Developer/Xcode/DerivedData/Telegram-Mac-fygdgghdgmuleoelvxabfmqiotta/Build/Intermediates.noindex/TelegramMediaPlayer.build/Debug/TelegramMediaPlayer-t.build/Objects-normal/arm64/TelegramMediaPlayer.swiftsourceinfo (in target 'TelegramMediaPlayer' from project 'TelegramMediaPlayer')
    cd /Users/buddhirajgautam/Documents/Cherrygram-Mac/macOS-Swift/submodules/telegram-ios/submodules/MediaPlayer
    builtin-copy -exclude .DS_Store -exclude CVS -exclude .svn -exclude .git -exclude .hg -resolve-src-symlinks -rename /Users/buddhirajgautam/Library/Developer/Xcode/DerivedData/Telegram-Mac-fygdgghdgmuleoelvxabfmqiotta/Build/Intermediates.noindex/TelegramMediaPlayer.build/Debug/TelegramMediaPlayer-t.build/Objects-normal/arm64/TelegramMediaPlayer.swiftsourceinfo /Users/buddhirajgautam/Library/Developer/Xcode/DerivedData/Telegram-Mac-fygdgghdgmuleoelvxabfmqiotta/Build/Products/Debug/TelegramMediaPlayer.swiftmodule/Project/arm64-apple-macos.swiftsourceinfo

Copy /Users/buddhirajgautam/Library/Developer/Xcode/DerivedData/Telegram-Mac-fygdgghdgmuleoelvxabfmqiotta/Build/Products/Debug/MetalEngine.swiftmodule/arm64-apple-macos.swiftdoc /Users/buddhirajgautam/Library/Developer/Xcode/DerivedData/Telegram-Mac-fygdgghdgmuleoelvxabfmqiotta/Build/Intermediates.noindex/MetalEngine.build/Debug/MetalEngine-t.build/Objects-normal/arm64/MetalEngine.swiftdoc (in target 'MetalEngine' from project 'MetalEngine')
    cd /Users/buddhirajgautam/Documents/Cherrygram-Mac/macOS-Swift/submodules/telegram-ios/submodules/MetalEngine
    builtin-copy -exclude .DS_Store -exclude CVS -exclude .svn -exclude .git -exclude .hg -resolve-src-symlinks -rename /Users/buddhirajgautam/Library/Developer/Xcode/DerivedData/Telegram-Mac-fygdgghdgmuleoelvxabfmqiotta/Build/Intermediates.noindex/MetalEngine.build/Debug/MetalEngine-t.build/Objects-normal/arm64/MetalEngine.swiftdoc /Users/buddhirajgautam/Library/Developer/Xcode/DerivedData/Telegram-Mac-fygdgghdgmuleoelvxabfmqiotta/Build/Products/Debug/MetalEngine.swiftmodule/arm64-apple-macos.swiftdoc

Copy /Users/buddhirajgautam/Library/Developer/Xcode/DerivedData/Telegram-Mac-fygdgghdgmuleoelvxabfmqiotta/Build/Products/Debug/MetalEngine.swiftmodule/arm64-apple-macos.abi.json /Users/buddhirajgautam/Library/Developer/Xcode/DerivedData/Telegram-Mac-fygdgghdgmuleoelvxabfmqiotta/Build/Intermediates.noindex/MetalEngine.build/Debug/MetalEngine-t.build/Objects-normal/arm64/MetalEngine.abi.json (in target 'MetalEngine' from project 'MetalEngine')
    cd /Users/buddhirajgautam/Documents/Cherrygram-Mac/macOS-Swift/submodules/telegram-ios/submodules/MetalEngine
    builtin-copy -exclude .DS_Store -exclude CVS -exclude .svn -exclude .git -exclude .hg -resolve-src-symlinks -rename /Users/buddhirajgautam/Library/Developer/Xcode/DerivedData/Telegram-Mac-fygdgghdgmuleoelvxabfmqiotta/Build/Intermediates.noindex/MetalEngine.build/Debug/MetalEngine-t.build/Objects-normal/arm64/MetalEngine.abi.json /Users/buddhirajgautam/Library/Developer/Xcode/DerivedData/Telegram-Mac-fygdgghdgmuleoelvxabfmqiotta/Build/Products/Debug/MetalEngine.swiftmodule/arm64-apple-macos.abi.json

Copy /Users/buddhirajgautam/Library/Developer/Xcode/DerivedData/Telegram-Mac-fygdgghdgmuleoelvxabfmqiotta/Build/Products/Debug/MetalEngine.swiftmodule/Project/arm64-apple-macos.swiftsourceinfo /Users/buddhirajgautam/Library/Developer/Xcode/DerivedData/Telegram-Mac-fygdgghdgmuleoelvxabfmqiotta/Build/Intermediates.noindex/MetalEngine.build/Debug/MetalEngine-t.build/Objects-normal/arm64/MetalEngine.swiftsourceinfo (in target 'MetalEngine' from project 'MetalEngine')
    cd /Users/buddhirajgautam/Documents/Cherrygram-Mac/macOS-Swift/submodules/telegram-ios/submodules/MetalEngine
    builtin-copy -exclude .DS_Store -exclude CVS -exclude .svn -exclude .git -exclude .hg -resolve-src-symlinks -rename /Users/buddhirajgautam/Library/Developer/Xcode/DerivedData/Telegram-Mac-fygdgghdgmuleoelvxabfmqiotta/Build/Intermediates.noindex/MetalEngine.build/Debug/MetalEngine-t.build/Objects-normal/arm64/MetalEngine.swiftsourceinfo /Users/buddhirajgautam/Library/Developer/Xcode/DerivedData/Telegram-Mac-fygdgghdgmuleoelvxabfmqiotta/Build/Products/Debug/MetalEngine.swiftmodule/Project/arm64-apple-macos.swiftsourceinfo

SwiftCompile normal arm64 Compiling\ ChunkMediaPlayer.swift,\ FFMpegAudioFrameDecoder.swift,\ FFMpegFileReader.swift /Users/buddhirajgautam/Documents/Cherrygram-Mac/macOS-Swift/submodules/telegram-ios/submodules/MediaPlayer/Sources/ChunkMediaPlayer.swift /Users/buddhirajgautam/Documents/Cherrygram-Mac/macOS-Swift/submodules/telegram-ios/submodules/MediaPlayer/Sources/FFMpegAudioFrameDecoder.swift /Users/buddhirajgautam/Documents/Cherrygram-Mac/macOS-Swift/submodules/telegram-ios/submodules/MediaPlayer/Sources/FFMpegFileReader.swift (in target 'TelegramMediaPlayer' from project 'TelegramMediaPlayer')

SwiftCompile normal arm64 /Users/buddhirajgautam/Documents/Cherrygram-Mac/macOS-Swift/submodules/telegram-ios/submodules/MediaPlayer/Sources/ChunkMediaPlayer.swift (in target 'TelegramMediaPlayer' from project 'TelegramMediaPlayer')
    cd /Users/buddhirajgautam/Documents/Cherrygram-Mac/macOS-Swift
    builtin-SwiftPerFileCompile ChunkMediaPlayer.swift

SwiftCompile normal arm64 /Users/buddhirajgautam/Documents/Cherrygram-Mac/macOS-Swift/submodules/telegram-ios/submodules/MediaPlayer/Sources/FFMpegAudioFrameDecoder.swift (in target 'TelegramMediaPlayer' from project 'TelegramMediaPlayer')
    cd /Users/buddhirajgautam/Documents/Cherrygram-Mac/macOS-Swift
    builtin-SwiftPerFileCompile FFMpegAudioFrameDecoder.swift

SwiftCompile normal arm64 /Users/buddhirajgautam/Documents/Cherrygram-Mac/macOS-Swift/submodules/telegram-ios/submodules/MediaPlayer/Sources/FFMpegFileReader.swift (in target 'TelegramMediaPlayer' from project 'TelegramMediaPlayer')
    cd /Users/buddhirajgautam/Documents/Cherrygram-Mac/macOS-Swift
    builtin-SwiftPerFileCompile FFMpegFileReader.swift

SwiftDriverJobDiscovery normal arm64 Emitting module for Localization (in target 'Localization' from project 'Localization')

SwiftCompile normal arm64 Compiling\ TimeBasedVideoPreload.swift,\ UniversalSoftwareVideoSource.swift /Users/buddhirajgautam/Documents/Cherrygram-Mac/macOS-Swift/submodules/telegram-ios/submodules/MediaPlayer/Sources/TimeBasedVideoPreload.swift /Users/buddhirajgautam/Documents/Cherrygram-Mac/macOS-Swift/submodules/telegram-ios/submodules/MediaPlayer/Sources/UniversalSoftwareVideoSource.swift (in target 'TelegramMediaPlayer' from project 'TelegramMediaPlayer')

SwiftCompile normal arm64 /Users/buddhirajgautam/Documents/Cherrygram-Mac/macOS-Swift/submodules/telegram-ios/submodules/MediaPlayer/Sources/TimeBasedVideoPreload.swift (in target 'TelegramMediaPlayer' from project 'TelegramMediaPlayer')
    cd /Users/buddhirajgautam/Documents/Cherrygram-Mac/macOS-Swift
    builtin-SwiftPerFileCompile TimeBasedVideoPreload.swift

SwiftCompile normal arm64 /Users/buddhirajgautam/Documents/Cherrygram-Mac/macOS-Swift/submodules/telegram-ios/submodules/MediaPlayer/Sources/UniversalSoftwareVideoSource.swift (in target 'TelegramMediaPlayer' from project 'TelegramMediaPlayer')
    cd /Users/buddhirajgautam/Documents/Cherrygram-Mac/macOS-Swift
    builtin-SwiftPerFileCompile UniversalSoftwareVideoSource.swift

SwiftDriver\ Compilation\ Requirements Localization normal arm64 com.apple.xcode.tools.swift.compiler (in target 'Localization' from project 'Localization')
    cd /Users/buddhirajgautam/Documents/Cherrygram-Mac/macOS-Swift
    builtin-Swift-Compilation-Requirements -- /Applications/Xcode.app/Contents/Developer/Toolchains/XcodeDefault.xctoolchain/usr/bin/swiftc -parse-as-library -module-name Localization -Onone @/Users/buddhirajgautam/Library/Developer/Xcode/DerivedData/Telegram-Mac-fygdgghdgmuleoelvxabfmqiotta/Build/Intermediates.noindex/Localization.build/Debug/Localization-t.build/Objects-normal/arm64/Localization.SwiftFileList -DSWIFT_PACKAGE -DDEBUG -DSWIFT_MODULE_RESOURCE_BUNDLE_UNAVAILABLE -Xcc -fmodule-map-file\=/Users/buddhirajgautam/Library/Developer/Xcode/DerivedData/Telegram-Mac-fygdgghdgmuleoelvxabfmqiotta/Build/Intermediates.noindex/GeneratedModuleMaps/MurMurHash32.modulemap -Xcc -fmodule-map-file\=/Users/buddhirajgautam/Library/Developer/Xcode/DerivedData/Telegram-Mac-fygdgghdgmuleoelvxabfmqiotta/Build/Intermediates.noindex/GeneratedModuleMaps/sqlcipher.modulemap -Xcc -fmodule-map-file\=/Users/buddhirajgautam/Library/Developer/Xcode/DerivedData/Telegram-Mac-fygdgghdgmuleoelvxabfmqiotta/Build/Intermediates.noindex/GeneratedModuleMaps/StringTransliteration.modulemap -Xcc -fmodule-map-file\=/Users/buddhirajgautam/Library/Developer/Xcode/DerivedData/Telegram-Mac-fygdgghdgmuleoelvxabfmqiotta/Build/Intermediates.noindex/GeneratedModuleMaps/Crc32.modulemap -Xcc -fmodule-map-file\=/Users/buddhirajgautam/Library/Developer/Xcode/DerivedData/Telegram-Mac-fygdgghdgmuleoelvxabfmqiotta/Build/Intermediates.noindex/GeneratedModuleMaps/MtProtoKit.modulemap -Xcc -fmodule-map-file\=/Users/buddhirajgautam/Library/Developer/Xcode/DerivedData/Telegram-Mac-fygdgghdgmuleoelvxabfmqiotta/Build/Intermediates.noindex/GeneratedModuleMaps/CryptoUtils.modulemap -Xcc -fmodule-map-file\=/Users/buddhirajgautam/Library/Developer/Xcode/DerivedData/Telegram-Mac-fygdgghdgmuleoelvxabfmqiotta/Build/Intermediates.noindex/GeneratedModuleMaps/NetworkLogging.modulemap -Xcc -fmodule-map-file\=/Users/buddhirajgautam/Library/Developer/Xcode/DerivedData/Telegram-Mac-fygdgghdgmuleoelvxabfmqiotta/Build/Intermediates.noindex/GeneratedModuleMaps/DarwinDirStat.modulemap -Xcc -fmodule-map-file\=/Users/buddhirajgautam/Library/Developer/Xcode/DerivedData/Telegram-Mac-fygdgghdgmuleoelvxabfmqiotta/Build/Intermediates.noindex/GeneratedModuleMaps/LegacyReachability.modulemap -Xcc -fmodule-map-file\=/Users/buddhirajgautam/Library/Developer/Xcode/DerivedData/Telegram-Mac-fygdgghdgmuleoelvxabfmqiotta/Build/Intermediates.noindex/GeneratedModuleMaps/EncryptionProvider.modulemap -Xcc -fmodule-map-file\=/Users/buddhirajgautam/Library/Developer/Xcode/DerivedData/Telegram-Mac-fygdgghdgmuleoelvxabfmqiotta/Build/Intermediates.noindex/GeneratedModuleMaps/ObjcUtils.modulemap -Xcc -fmodule-map-file\=/Users/buddhirajgautam/Library/Developer/Xcode/DerivedData/Telegram-Mac-fygdgghdgmuleoelvxabfmqiotta/Build/Intermediates.noindex/GeneratedModuleMaps/NumberPluralization.modulemap -DXcode -plugin-path /Applications/Xcode.app/Contents/Developer/Toolchains/XcodeDefault.xctoolchain/usr/lib/swift/host/plugins/testing -enable-experimental-feature DebugDescriptionMacro -sdk /Applications/Xcode.app/Contents/Developer/Platforms/MacOSX.platform/Developer/SDKs/MacOSX27.0.sdk -target arm64-apple-macos12.0 -g -module-cache-path /Users/buddhirajgautam/Library/Developer/Xcode/DerivedData/ModuleCache.noindex -Xfrontend -serialize-debugging-options -profile-coverage-mapping -profile-generate -enable-testing -index-store-path /Users/buddhirajgautam/Library/Developer/Xcode/DerivedData/Telegram-Mac-fygdgghdgmuleoelvxabfmqiotta/Index.noindex/DataStore -Xcc -D_LIBCPP_HARDENING_MODE\=_LIBCPP_HARDENING_MODE_DEBUG -swift-version 5 -I /Users/buddhirajgautam/Library/Developer/Xcode/DerivedData/Telegram-Mac-fygdgghdgmuleoelvxabfmqiotta/Build/Products/Debug -Isystem /Applications/Xcode.app/Contents/Developer/Platforms/MacOSX.platform/Developer/usr/lib -F /Users/buddhirajgautam/Library/Developer/Xcode/DerivedData/Telegram-Mac-fygdgghdgmuleoelvxabfmqiotta/Build/Products/Debug/PackageFrameworks -F /Users/buddhirajgautam/Library/Developer/Xcode/DerivedData/Telegram-Mac-fygdgghdgmuleoelvxabfmqiotta/Build/Products/Debug -F /Applications/Xcode.app/Contents/Developer/Platforms/MacOSX.platform/Developer/Library/Frameworks -c -j8 -enable-batch-mode -incremental -Xcc -ivfsstatcache -Xcc /Users/buddhirajgautam/Library/Developer/Xcode/DerivedData/SDKStatCaches.noindex/macosx27.0-26A425-e829b21a6f8c9b70876ba0858053c0447231f6df4def33e022ae2eb8f782df1a.sdkstatcache -output-file-map /Users/buddhirajgautam/Library/Developer/Xcode/DerivedData/Telegram-Mac-fygdgghdgmuleoelvxabfmqiotta/Build/Intermediates.noindex/Localization.build/Debug/Localization-t.build/Objects-normal/arm64/Localization-OutputFileMap.json -save-temps -no-color-diagnostics -explicit-module-build -module-cache-path /Users/buddhirajgautam/Library/Developer/Xcode/DerivedData/Telegram-Mac-fygdgghdgmuleoelvxabfmqiotta/Build/Intermediates.noindex/SwiftExplicitPrecompiledModules -clang-scanner-module-cache-path /Users/buddhirajgautam/Library/Developer/Xcode/DerivedData/ModuleCache.noindex -sdk-module-cache-path /Users/buddhirajgautam/Library/Developer/Xcode/DerivedData/SDKExplicitPrecompiledModules -emit-dependencies -emit-module -emit-module-path /Users/buddhirajgautam/Library/Developer/Xcode/DerivedData/Telegram-Mac-fygdgghdgmuleoelvxabfmqiotta/Build/Intermediates.noindex/Localization.build/Debug/Localization-t.build/Objects-normal/arm64/Localization.swiftmodule -serialize-diagnostics -dependency-scan-serialize-diagnostics-path /Users/buddhirajgautam/Library/Developer/Xcode/DerivedData/Telegram-Mac-fygdgghdgmuleoelvxabfmqiotta/Build/Intermediates.noindex/Localization.build/Debug/Localization-t.build/Objects-normal/arm64/Localization-dependency-scan.dia -validate-clang-modules-once -clang-build-session-file /Users/buddhirajgautam/Library/Developer/Xcode/DerivedData/ModuleCache.noindex/Session.modulevalidation -Xcc -fmodules-prune-interval\=86400 -Xcc -fmodules-prune-after\=345600 -emit-const-values -const-gather-protocols-list /Users/buddhirajgautam/Library/Developer/Xcode/DerivedData/Telegram-Mac-fygdgghdgmuleoelvxabfmqiotta/Build/Intermediates.noindex/Localization.build/Debug/Localization-t.build/Objects-normal/arm64/Localization_const_extract_protocols.json -Xcc -I/Users/buddhirajgautam/Documents/Cherrygram-Mac/macOS-Swift/submodules/telegram-ios/submodules/MurMurHash32/PublicHeaders -Xcc -I/Users/buddhirajgautam/Documents/Cherrygram-Mac/macOS-Swift/submodules/telegram-ios/submodules/sqlcipher/PublicHeaders -Xcc -I/Users/buddhirajgautam/Documents/Cherrygram-Mac/macOS-Swift/submodules/telegram-ios/submodules/StringTransliteration/PublicHeaders -Xcc -I/Users/buddhirajgautam/Documents/Cherrygram-Mac/macOS-Swift/submodules/telegram-ios/submodules/Crc32/PublicHeaders -Xcc -I/Users/buddhirajgautam/Documents/Cherrygram-Mac/macOS-Swift/submodules/telegram-ios/submodules/MtProtoKit/PublicHeaders -Xcc -I/Users/buddhirajgautam/Documents/Cherrygram-Mac/macOS-Swift/submodules/telegram-ios/submodules/CryptoUtils/PublicHeaders -Xcc -I/Users/buddhirajgautam/Documents/Cherrygram-Mac/macOS-Swift/submodules/telegram-ios/submodules/NetworkLogging/PublicHeaders -Xcc -I/Users/buddhirajgautam/Documents/Cherrygram-Mac/macOS-Swift/submodules/telegram-ios/submodules/Utils/DarwinDirStat/PublicHeaders -Xcc -I/Users/buddhirajgautam/Documents/Cherrygram-Mac/macOS-Swift/submodules/telegram-ios/submodules/Reachability/LegacyReachability/PublicHeaders -Xcc -I/Users/buddhirajgautam/Documents/Cherrygram-Mac/macOS-Swift/submodules/telegram-ios/submodules/EncryptionProvider/PublicHeaders -Xcc -I/Users/buddhirajgautam/Documents/Cherrygram-Mac/macOS-Swift/packages/ObjcUtils/Sources/ObjcUtils -Xcc -I/Users/buddhirajgautam/Documents/Cherrygram-Mac/macOS-Swift/packages/NumberPluralization/Sources/NumberPluralization -Xcc -I/Users/buddhirajgautam/Library/Developer/Xcode/DerivedData/Telegram-Mac-fygdgghdgmuleoelvxabfmqiotta/Build/Products/Debug/include -Xcc -I/Users/buddhirajgautam/Library/Developer/Xcode/DerivedData/Telegram-Mac-fygdgghdgmuleoelvxabfmqiotta/Build/Intermediates.noindex/Localization.build/Debug/Localization-t.build/DerivedSources-normal/arm64 -Xcc -I/Users/buddhirajgautam/Library/Developer/Xcode/DerivedData/Telegram-Mac-fygdgghdgmuleoelvxabfmqiotta/Build/Intermediates.noindex/Localization.build/Debug/Localization-t.build/DerivedSources/arm64 -Xcc -I/Users/buddhirajgautam/Library/Developer/Xcode/DerivedData/Telegram-Mac-fygdgghdgmuleoelvxabfmqiotta/Build/Intermediates.noindex/Localization.build/Debug/Localization-t.build/DerivedSources -Xcc -DSWIFT_PACKAGE -Xcc -DDEBUG\=1 -emit-objc-header -emit-objc-header-path /Users/buddhirajgautam/Library/Developer/Xcode/DerivedData/Telegram-Mac-fygdgghdgmuleoelvxabfmqiotta/Build/Intermediates.noindex/Localization.build/Debug/Localization-t.build/Objects-normal/arm64/Localization-Swift.h -working-directory /Users/buddhirajgautam/Documents/Cherrygram-Mac/macOS-Swift -experimental-emit-module-separately -disable-cmo

SwiftDriverJobDiscovery normal arm64 Compiling ReflectorBenchmark.swift (in target 'TelegramVoip' from project 'TelegramVoip')

SwiftCompile normal arm64 Compiling\ MediaTrackDecodableFrame.swift,\ MediaTrackFrame.swift /Users/buddhirajgautam/Documents/Cherrygram-Mac/macOS-Swift/submodules/telegram-ios/submodules/MediaPlayer/Sources/MediaTrackDecodableFrame.swift /Users/buddhirajgautam/Documents/Cherrygram-Mac/macOS-Swift/submodules/telegram-ios/submodules/MediaPlayer/Sources/MediaTrackFrame.swift (in target 'TelegramMediaPlayer' from project 'TelegramMediaPlayer')

SwiftCompile normal arm64 /Users/buddhirajgautam/Documents/Cherrygram-Mac/macOS-Swift/submodules/telegram-ios/submodules/MediaPlayer/Sources/MediaTrackDecodableFrame.swift (in target 'TelegramMediaPlayer' from project 'TelegramMediaPlayer')
    cd /Users/buddhirajgautam/Documents/Cherrygram-Mac/macOS-Swift
    builtin-SwiftPerFileCompile MediaTrackDecodableFrame.swift

SwiftCompile normal arm64 /Users/buddhirajgautam/Documents/Cherrygram-Mac/macOS-Swift/submodules/telegram-ios/submodules/MediaPlayer/Sources/MediaTrackFrame.swift (in target 'TelegramMediaPlayer' from project 'TelegramMediaPlayer')
    cd /Users/buddhirajgautam/Documents/Cherrygram-Mac/macOS-Swift
    builtin-SwiftPerFileCompile MediaTrackFrame.swift

SwiftMergeGeneratedHeaders /Users/buddhirajgautam/Library/Developer/Xcode/DerivedData/Telegram-Mac-fygdgghdgmuleoelvxabfmqiotta/Build/Intermediates.noindex/GeneratedModuleMaps/Localization-Swift.h /Users/buddhirajgautam/Library/Developer/Xcode/DerivedData/Telegram-Mac-fygdgghdgmuleoelvxabfmqiotta/Build/Intermediates.noindex/Localization.build/Debug/Localization-t.build/Objects-normal/arm64/Localization-Swift.h (in target 'Localization' from project 'Localization')
    cd /Users/buddhirajgautam/Documents/Cherrygram-Mac/macOS-Swift/packages/Localization
    builtin-swiftHeaderTool -arch arm64 /Users/buddhirajgautam/Library/Developer/Xcode/DerivedData/Telegram-Mac-fygdgghdgmuleoelvxabfmqiotta/Build/Intermediates.noindex/Localization.build/Debug/Localization-t.build/Objects-normal/arm64/Localization-Swift.h -o /Users/buddhirajgautam/Library/Developer/Xcode/DerivedData/Telegram-Mac-fygdgghdgmuleoelvxabfmqiotta/Build/Intermediates.noindex/GeneratedModuleMaps/Localization-Swift.h

SwiftDriverJobDiscovery normal arm64 Compiling TextRecognizing.swift (in target 'TextRecognizing' from project 'TextRecognizing')

Copy /Users/buddhirajgautam/Library/Developer/Xcode/DerivedData/Telegram-Mac-fygdgghdgmuleoelvxabfmqiotta/Build/Products/Debug/Localization.swiftmodule/arm64-apple-macos.swiftmodule /Users/buddhirajgautam/Library/Developer/Xcode/DerivedData/Telegram-Mac-fygdgghdgmuleoelvxabfmqiotta/Build/Intermediates.noindex/Localization.build/Debug/Localization-t.build/Objects-normal/arm64/Localization.swiftmodule (in target 'Localization' from project 'Localization')
    cd /Users/buddhirajgautam/Documents/Cherrygram-Mac/macOS-Swift/packages/Localization
    builtin-copy -exclude .DS_Store -exclude CVS -exclude .svn -exclude .git -exclude .hg -resolve-src-symlinks -rename /Users/buddhirajgautam/Library/Developer/Xcode/DerivedData/Telegram-Mac-fygdgghdgmuleoelvxabfmqiotta/Build/Intermediates.noindex/Localization.build/Debug/Localization-t.build/Objects-normal/arm64/Localization.swiftmodule /Users/buddhirajgautam/Library/Developer/Xcode/DerivedData/Telegram-Mac-fygdgghdgmuleoelvxabfmqiotta/Build/Products/Debug/Localization.swiftmodule/arm64-apple-macos.swiftmodule

Copy /Users/buddhirajgautam/Library/Developer/Xcode/DerivedData/Telegram-Mac-fygdgghdgmuleoelvxabfmqiotta/Build/Products/Debug/Localization.swiftmodule/arm64-apple-macos.swiftdoc /Users/buddhirajgautam/Library/Developer/Xcode/DerivedData/Telegram-Mac-fygdgghdgmuleoelvxabfmqiotta/Build/Intermediates.noindex/Localization.build/Debug/Localization-t.build/Objects-normal/arm64/Localization.swiftdoc (in target 'Localization' from project 'Localization')
    cd /Users/buddhirajgautam/Documents/Cherrygram-Mac/macOS-Swift/packages/Localization
    builtin-copy -exclude .DS_Store -exclude CVS -exclude .svn -exclude .git -exclude .hg -resolve-src-symlinks -rename /Users/buddhirajgautam/Library/Developer/Xcode/DerivedData/Telegram-Mac-fygdgghdgmuleoelvxabfmqiotta/Build/Intermediates.noindex/Localization.build/Debug/Localization-t.build/Objects-normal/arm64/Localization.swiftdoc /Users/buddhirajgautam/Library/Developer/Xcode/DerivedData/Telegram-Mac-fygdgghdgmuleoelvxabfmqiotta/Build/Products/Debug/Localization.swiftmodule/arm64-apple-macos.swiftdoc

Copy /Users/buddhirajgautam/Library/Developer/Xcode/DerivedData/Telegram-Mac-fygdgghdgmuleoelvxabfmqiotta/Build/Products/Debug/Localization.swiftmodule/arm64-apple-macos.abi.json /Users/buddhirajgautam/Library/Developer/Xcode/DerivedData/Telegram-Mac-fygdgghdgmuleoelvxabfmqiotta/Build/Intermediates.noindex/Localization.build/Debug/Localization-t.build/Objects-normal/arm64/Localization.abi.json (in target 'Localization' from project 'Localization')
    cd /Users/buddhirajgautam/Documents/Cherrygram-Mac/macOS-Swift/packages/Localization
    builtin-copy -exclude .DS_Store -exclude CVS -exclude .svn -exclude .git -exclude .hg -resolve-src-symlinks -rename /Users/buddhirajgautam/Library/Developer/Xcode/DerivedData/Telegram-Mac-fygdgghdgmuleoelvxabfmqiotta/Build/Intermediates.noindex/Localization.build/Debug/Localization-t.build/Objects-normal/arm64/Localization.abi.json /Users/buddhirajgautam/Library/Developer/Xcode/DerivedData/Telegram-Mac-fygdgghdgmuleoelvxabfmqiotta/Build/Products/Debug/Localization.swiftmodule/arm64-apple-macos.abi.json

Copy /Users/buddhirajgautam/Library/Developer/Xcode/DerivedData/Telegram-Mac-fygdgghdgmuleoelvxabfmqiotta/Build/Products/Debug/Localization.swiftmodule/Project/arm64-apple-macos.swiftsourceinfo /Users/buddhirajgautam/Library/Developer/Xcode/DerivedData/Telegram-Mac-fygdgghdgmuleoelvxabfmqiotta/Build/Intermediates.noindex/Localization.build/Debug/Localization-t.build/Objects-normal/arm64/Localization.swiftsourceinfo (in target 'Localization' from project 'Localization')
    cd /Users/buddhirajgautam/Documents/Cherrygram-Mac/macOS-Swift/packages/Localization
    builtin-copy -exclude .DS_Store -exclude CVS -exclude .svn -exclude .git -exclude .hg -resolve-src-symlinks -rename /Users/buddhirajgautam/Library/Developer/Xcode/DerivedData/Telegram-Mac-fygdgghdgmuleoelvxabfmqiotta/Build/Intermediates.noindex/Localization.build/Debug/Localization-t.build/Objects-normal/arm64/Localization.swiftsourceinfo /Users/buddhirajgautam/Library/Developer/Xcode/DerivedData/Telegram-Mac-fygdgghdgmuleoelvxabfmqiotta/Build/Products/Debug/Localization.swiftmodule/Project/arm64-apple-macos.swiftsourceinfo

SwiftDriver\ Compilation TextRecognizing normal arm64 com.apple.xcode.tools.swift.compiler (in target 'TextRecognizing' from project 'TextRecognizing')
    cd /Users/buddhirajgautam/Documents/Cherrygram-Mac/macOS-Swift
    builtin-Swift-Compilation -- /Applications/Xcode.app/Contents/Developer/Toolchains/XcodeDefault.xctoolchain/usr/bin/swiftc -parse-as-library -module-name TextRecognizing -Onone @/Users/buddhirajgautam/Library/Developer/Xcode/DerivedData/Telegram-Mac-fygdgghdgmuleoelvxabfmqiotta/Build/Intermediates.noindex/TextRecognizing.build/Debug/TextRecognizing-t.build/Objects-normal/arm64/TextRecognizing.SwiftFileList -DSWIFT_PACKAGE -DDEBUG -DSWIFT_MODULE_RESOURCE_BUNDLE_UNAVAILABLE -Xcc -fmodule-map-file\=/Users/buddhirajgautam/Library/Developer/Xcode/DerivedData/Telegram-Mac-fygdgghdgmuleoelvxabfmqiotta/Build/Intermediates.noindex/GeneratedModuleMaps/ObjcUtils.modulemap -Xcc -fmodule-map-file\=/Users/buddhirajgautam/Library/Developer/Xcode/DerivedData/Telegram-Mac-fygdgghdgmuleoelvxabfmqiotta/Build/Intermediates.noindex/GeneratedModuleMaps/MtProtoKit.modulemap -Xcc -fmodule-map-file\=/Users/buddhirajgautam/Library/Developer/Xcode/DerivedData/Telegram-Mac-fygdgghdgmuleoelvxabfmqiotta/Build/Intermediates.noindex/GeneratedModuleMaps/NetworkLogging.modulemap -Xcc -fmodule-map-file\=/Users/buddhirajgautam/Library/Developer/Xcode/DerivedData/Telegram-Mac-fygdgghdgmuleoelvxabfmqiotta/Build/Intermediates.noindex/GeneratedModuleMaps/LegacyReachability.modulemap -Xcc -fmodule-map-file\=/Users/buddhirajgautam/Library/Developer/Xcode/DerivedData/Telegram-Mac-fygdgghdgmuleoelvxabfmqiotta/Build/Intermediates.noindex/GeneratedModuleMaps/EncryptionProvider.modulemap -Xcc -fmodule-map-file\=/Users/buddhirajgautam/Library/Developer/Xcode/DerivedData/Telegram-Mac-fygdgghdgmuleoelvxabfmqiotta/Build/Intermediates.noindex/GeneratedModuleMaps/MurMurHash32.modulemap -Xcc -fmodule-map-file\=/Users/buddhirajgautam/Library/Developer/Xcode/DerivedData/Telegram-Mac-fygdgghdgmuleoelvxabfmqiotta/Build/Intermediates.noindex/GeneratedModuleMaps/sqlcipher.modulemap -Xcc -fmodule-map-file\=/Users/buddhirajgautam/Library/Developer/Xcode/DerivedData/Telegram-Mac-fygdgghdgmuleoelvxabfmqiotta/Build/Intermediates.noindex/GeneratedModuleMaps/StringTransliteration.modulemap -Xcc -fmodule-map-file\=/Users/buddhirajgautam/Library/Developer/Xcode/DerivedData/Telegram-Mac-fygdgghdgmuleoelvxabfmqiotta/Build/Intermediates.noindex/GeneratedModuleMaps/DarwinDirStat.modulemap -Xcc -fmodule-map-file\=/Users/buddhirajgautam/Library/Developer/Xcode/DerivedData/Telegram-Mac-fygdgghdgmuleoelvxabfmqiotta/Build/Intermediates.noindex/GeneratedModuleMaps/CryptoUtils.modulemap -Xcc -fmodule-map-file\=/Users/buddhirajgautam/Library/Developer/Xcode/DerivedData/Telegram-Mac-fygdgghdgmuleoelvxabfmqiotta/Build/Intermediates.noindex/GeneratedModuleMaps/Crc32.modulemap -DXcode -plugin-path /Applications/Xcode.app/Contents/Developer/Toolchains/XcodeDefault.xctoolchain/usr/lib/swift/host/plugins/testing -enable-experimental-feature DebugDescriptionMacro -sdk /Applications/Xcode.app/Contents/Developer/Platforms/MacOSX.platform/Developer/SDKs/MacOSX27.0.sdk -target arm64-apple-macos12.0 -g -module-cache-path /Users/buddhirajgautam/Library/Developer/Xcode/DerivedData/ModuleCache.noindex -Xfrontend -serialize-debugging-options -profile-coverage-mapping -profile-generate -enable-testing -index-store-path /Users/buddhirajgautam/Library/Developer/Xcode/DerivedData/Telegram-Mac-fygdgghdgmuleoelvxabfmqiotta/Index.noindex/DataStore -Xcc -D_LIBCPP_HARDENING_MODE\=_LIBCPP_HARDENING_MODE_DEBUG -swift-version 5 -I /Users/buddhirajgautam/Library/Developer/Xcode/DerivedData/Telegram-Mac-fygdgghdgmuleoelvxabfmqiotta/Build/Products/Debug -Isystem /Applications/Xcode.app/Contents/Developer/Platforms/MacOSX.platform/Developer/usr/lib -F /Users/buddhirajgautam/Library/Developer/Xcode/DerivedData/Telegram-Mac-fygdgghdgmuleoelvxabfmqiotta/Build/Products/Debug/PackageFrameworks -F /Users/buddhirajgautam/Library/Developer/Xcode/DerivedData/Telegram-Mac-fygdgghdgmuleoelvxabfmqiotta/Build/Products/Debug -F /Applications/Xcode.app/Contents/Developer/Platforms/MacOSX.platform/Developer/Library/Frameworks -c -j8 -enable-batch-mode -incremental -Xcc -ivfsstatcache -Xcc /Users/buddhirajgautam/Library/Developer/Xcode/DerivedData/SDKStatCaches.noindex/macosx27.0-26A425-e829b21a6f8c9b70876ba0858053c0447231f6df4def33e022ae2eb8f782df1a.sdkstatcache -output-file-map /Users/buddhirajgautam/Library/Developer/Xcode/DerivedData/Telegram-Mac-fygdgghdgmuleoelvxabfmqiotta/Build/Intermediates.noindex/TextRecognizing.build/Debug/TextRecognizing-t.build/Objects-normal/arm64/TextRecognizing-OutputFileMap.json -save-temps -no-color-diagnostics -explicit-module-build -module-cache-path /Users/buddhirajgautam/Library/Developer/Xcode/DerivedData/Telegram-Mac-fygdgghdgmuleoelvxabfmqiotta/Build/Intermediates.noindex/SwiftExplicitPrecompiledModules -clang-scanner-module-cache-path /Users/buddhirajgautam/Library/Developer/Xcode/DerivedData/ModuleCache.noindex -sdk-module-cache-path /Users/buddhirajgautam/Library/Developer/Xcode/DerivedData/SDKExplicitPrecompiledModules -emit-dependencies -emit-module -emit-module-path /Users/buddhirajgautam/Library/Developer/Xcode/DerivedData/Telegram-Mac-fygdgghdgmuleoelvxabfmqiotta/Build/Intermediates.noindex/TextRecognizing.build/Debug/TextRecognizing-t.build/Objects-normal/arm64/TextRecognizing.swiftmodule -serialize-diagnostics -dependency-scan-serialize-diagnostics-path /Users/buddhirajgautam/Library/Developer/Xcode/DerivedData/Telegram-Mac-fygdgghdgmuleoelvxabfmqiotta/Build/Intermediates.noindex/TextRecognizing.build/Debug/TextRecognizing-t.build/Objects-normal/arm64/TextRecognizing-dependency-scan.dia -validate-clang-modules-once -clang-build-session-file /Users/buddhirajgautam/Library/Developer/Xcode/DerivedData/ModuleCache.noindex/Session.modulevalidation -Xcc -fmodules-prune-interval\=86400 -Xcc -fmodules-prune-after\=345600 -emit-const-values -const-gather-protocols-list /Users/buddhirajgautam/Library/Developer/Xcode/DerivedData/Telegram-Mac-fygdgghdgmuleoelvxabfmqiotta/Build/Intermediates.noindex/TextRecognizing.build/Debug/TextRecognizing-t.build/Objects-normal/arm64/TextRecognizing_const_extract_protocols.json -Xcc -I/Users/buddhirajgautam/Documents/Cherrygram-Mac/macOS-Swift/packages/ObjcUtils/Sources/ObjcUtils -Xcc -I/Users/buddhirajgautam/Documents/Cherrygram-Mac/macOS-Swift/submodules/telegram-ios/submodules/MtProtoKit/PublicHeaders -Xcc -I/Users/buddhirajgautam/Documents/Cherrygram-Mac/macOS-Swift/submodules/telegram-ios/submodules/NetworkLogging/PublicHeaders -Xcc -I/Users/buddhirajgautam/Documents/Cherrygram-Mac/macOS-Swift/submodules/telegram-ios/submodules/Reachability/LegacyReachability/PublicHeaders -Xcc -I/Users/buddhirajgautam/Documents/Cherrygram-Mac/macOS-Swift/submodules/telegram-ios/submodules/EncryptionProvider/PublicHeaders -Xcc -I/Users/buddhirajgautam/Documents/Cherrygram-Mac/macOS-Swift/submodules/telegram-ios/submodules/MurMurHash32/PublicHeaders -Xcc -I/Users/buddhirajgautam/Documents/Cherrygram-Mac/macOS-Swift/submodules/telegram-ios/submodules/sqlcipher/PublicHeaders -Xcc -I/Users/buddhirajgautam/Documents/Cherrygram-Mac/macOS-Swift/submodules/telegram-ios/submodules/StringTransliteration/PublicHeaders -Xcc -I/Users/buddhirajgautam/Documents/Cherrygram-Mac/macOS-Swift/submodules/telegram-ios/submodules/Utils/DarwinDirStat/PublicHeaders -Xcc -I/Users/buddhirajgautam/Documents/Cherrygram-Mac/macOS-Swift/submodules/telegram-ios/submodules/CryptoUtils/PublicHeaders -Xcc -I/Users/buddhirajgautam/Documents/Cherrygram-Mac/macOS-Swift/submodules/telegram-ios/submodules/Crc32/PublicHeaders -Xcc -I/Users/buddhirajgautam/Library/Developer/Xcode/DerivedData/Telegram-Mac-fygdgghdgmuleoelvxabfmqiotta/Build/Products/Debug/include -Xcc -I/Users/buddhirajgautam/Library/Developer/Xcode/DerivedData/Telegram-Mac-fygdgghdgmuleoelvxabfmqiotta/Build/Intermediates.noindex/TextRecognizing.build/Debug/TextRecognizing-t.build/DerivedSources-normal/arm64 -Xcc -I/Users/buddhirajgautam/Library/Developer/Xcode/DerivedData/Telegram-Mac-fygdgghdgmuleoelvxabfmqiotta/Build/Intermediates.noindex/TextRecognizing.build/Debug/TextRecognizing-t.build/DerivedSources/arm64 -Xcc -I/Users/buddhirajgautam/Library/Developer/Xcode/DerivedData/Telegram-Mac-fygdgghdgmuleoelvxabfmqiotta/Build/Intermediates.noindex/TextRecognizing.build/Debug/TextRecognizing-t.build/DerivedSources -Xcc -DSWIFT_PACKAGE -Xcc -DDEBUG\=1 -emit-objc-header -emit-objc-header-path /Users/buddhirajgautam/Library/Developer/Xcode/DerivedData/Telegram-Mac-fygdgghdgmuleoelvxabfmqiotta/Build/Intermediates.noindex/TextRecognizing.build/Debug/TextRecognizing-t.build/Objects-normal/arm64/TextRecognizing-Swift.h -working-directory /Users/buddhirajgautam/Documents/Cherrygram-Mac/macOS-Swift -experimental-emit-module-separately -disable-cmo

SwiftCompile normal arm64 Compiling\ FFMpegMediaPassthroughVideoFrameDecoder.swift,\ FFMpegMediaVideoFrameDecoder.swift,\ MediaDataReader.swift /Users/buddhirajgautam/Documents/Cherrygram-Mac/macOS-Swift/submodules/telegram-ios/submodules/MediaPlayer/Sources/FFMpegMediaPassthroughVideoFrameDecoder.swift /Users/buddhirajgautam/Documents/Cherrygram-Mac/macOS-Swift/submodules/telegram-ios/submodules/MediaPlayer/Sources/FFMpegMediaVideoFrameDecoder.swift /Users/buddhirajgautam/Documents/Cherrygram-Mac/macOS-Swift/submodules/telegram-ios/submodules/MediaPlayer/Sources/MediaDataReader.swift (in target 'TelegramMediaPlayer' from project 'TelegramMediaPlayer')

SwiftCompile normal arm64 /Users/buddhirajgautam/Documents/Cherrygram-Mac/macOS-Swift/submodules/telegram-ios/submodules/MediaPlayer/Sources/FFMpegMediaPassthroughVideoFrameDecoder.swift (in target 'TelegramMediaPlayer' from project 'TelegramMediaPlayer')
    cd /Users/buddhirajgautam/Documents/Cherrygram-Mac/macOS-Swift
    builtin-SwiftPerFileCompile FFMpegMediaPassthroughVideoFrameDecoder.swift

SwiftCompile normal arm64 /Users/buddhirajgautam/Documents/Cherrygram-Mac/macOS-Swift/submodules/telegram-ios/submodules/MediaPlayer/Sources/FFMpegMediaVideoFrameDecoder.swift (in target 'TelegramMediaPlayer' from project 'TelegramMediaPlayer')
    cd /Users/buddhirajgautam/Documents/Cherrygram-Mac/macOS-Swift
    builtin-SwiftPerFileCompile FFMpegMediaVideoFrameDecoder.swift

SwiftCompile normal arm64 /Users/buddhirajgautam/Documents/Cherrygram-Mac/macOS-Swift/submodules/telegram-ios/submodules/MediaPlayer/Sources/MediaDataReader.swift (in target 'TelegramMediaPlayer' from project 'TelegramMediaPlayer')
    cd /Users/buddhirajgautam/Documents/Cherrygram-Mac/macOS-Swift
    builtin-SwiftPerFileCompile MediaDataReader.swift

SwiftDriverJobDiscovery normal arm64 Compiling MediaTrackDecodableFrame.swift, MediaTrackFrame.swift (in target 'TelegramMediaPlayer' from project 'TelegramMediaPlayer')

SwiftCompile normal arm64 Compiling\ MediaFrameSource.swift,\ MediaPlaybackData.swift /Users/buddhirajgautam/Documents/Cherrygram-Mac/macOS-Swift/submodules/telegram-ios/submodules/MediaPlayer/Sources/MediaFrameSource.swift /Users/buddhirajgautam/Documents/Cherrygram-Mac/macOS-Swift/submodules/telegram-ios/submodules/MediaPlayer/Sources/MediaPlaybackData.swift (in target 'TelegramMediaPlayer' from project 'TelegramMediaPlayer')

SwiftCompile normal arm64 /Users/buddhirajgautam/Documents/Cherrygram-Mac/macOS-Swift/submodules/telegram-ios/submodules/MediaPlayer/Sources/MediaFrameSource.swift (in target 'TelegramMediaPlayer' from project 'TelegramMediaPlayer')
    cd /Users/buddhirajgautam/Documents/Cherrygram-Mac/macOS-Swift
    builtin-SwiftPerFileCompile MediaFrameSource.swift

SwiftCompile normal arm64 /Users/buddhirajgautam/Documents/Cherrygram-Mac/macOS-Swift/submodules/telegram-ios/submodules/MediaPlayer/Sources/MediaPlaybackData.swift (in target 'TelegramMediaPlayer' from project 'TelegramMediaPlayer')
    cd /Users/buddhirajgautam/Documents/Cherrygram-Mac/macOS-Swift
    builtin-SwiftPerFileCompile MediaPlaybackData.swift

SwiftCompile normal arm64 Compiling\ MediaTrackFrameBuffer.swift,\ MediaTrackFrameDecoder.swift /Users/buddhirajgautam/Documents/Cherrygram-Mac/macOS-Swift/submodules/telegram-ios/submodules/MediaPlayer/Sources/MediaTrackFrameBuffer.swift /Users/buddhirajgautam/Documents/Cherrygram-Mac/macOS-Swift/submodules/telegram-ios/submodules/MediaPlayer/Sources/MediaTrackFrameDecoder.swift (in target 'TelegramMediaPlayer' from project 'TelegramMediaPlayer')

SwiftCompile normal arm64 /Users/buddhirajgautam/Documents/Cherrygram-Mac/macOS-Swift/submodules/telegram-ios/submodules/MediaPlayer/Sources/MediaTrackFrameBuffer.swift (in target 'TelegramMediaPlayer' from project 'TelegramMediaPlayer')
    cd /Users/buddhirajgautam/Documents/Cherrygram-Mac/macOS-Swift
    builtin-SwiftPerFileCompile MediaTrackFrameBuffer.swift

SwiftCompile normal arm64 /Users/buddhirajgautam/Documents/Cherrygram-Mac/macOS-Swift/submodules/telegram-ios/submodules/MediaPlayer/Sources/MediaTrackFrameDecoder.swift (in target 'TelegramMediaPlayer' from project 'TelegramMediaPlayer')
    cd /Users/buddhirajgautam/Documents/Cherrygram-Mac/macOS-Swift
    builtin-SwiftPerFileCompile MediaTrackFrameDecoder.swift

SwiftDriverJobDiscovery normal arm64 Compiling TimeBasedVideoPreload.swift, UniversalSoftwareVideoSource.swift (in target 'TelegramMediaPlayer' from project 'TelegramMediaPlayer')

SwiftDriverJobDiscovery normal arm64 Compiling MediaFrameSource.swift, MediaPlaybackData.swift (in target 'TelegramMediaPlayer' from project 'TelegramMediaPlayer')

SwiftCompile normal arm64 Compiling\ FFMpegMediaFrameSource.swift,\ FFMpegMediaFrameSourceContext.swift,\ FFMpegMediaFrameSourceContextHelpers.swift /Users/buddhirajgautam/Documents/Cherrygram-Mac/macOS-Swift/submodules/telegram-ios/submodules/MediaPlayer/Sources/FFMpegMediaFrameSource.swift /Users/buddhirajgautam/Documents/Cherrygram-Mac/macOS-Swift/submodules/telegram-ios/submodules/MediaPlayer/Sources/FFMpegMediaFrameSourceContext.swift /Users/buddhirajgautam/Documents/Cherrygram-Mac/macOS-Swift/submodules/telegram-ios/submodules/MediaPlayer/Sources/FFMpegMediaFrameSourceContextHelpers.swift (in target 'TelegramMediaPlayer' from project 'TelegramMediaPlayer')
/Users/buddhirajgautam/Documents/Cherrygram-Mac/macOS-Swift/submodules/telegram-ios/submodules/MediaPlayer/Sources/FFMpegMediaFrameSource.swift:267:45: warning: 'weak' ownership of capture 'self' differs from implicitly-captured strong reference in outer scope [#ImplicitStrongCapture]
241 |         assert(self.queue.isCurrent())
242 |         
243 |         return Signal { subscriber in
    |                       |- note: 'self' implicitly strongly captured here
    |                       `- note: add 'self' as a capture list item to silence
244 |             let disposable = MetaDisposable()
245 |             
    :
265 |             })
266 |             
267 |             self.performWithContext { [weak self] context in
    |                                             |- warning: 'weak' ownership of capture 'self' differs from implicitly-captured strong reference in outer scope [#ImplicitStrongCapture]
    |                                             `- note: explicitly assign the capture list item to silence
268 |                 let _ = currentSemaphore.swap(context.currentSemaphore)
269 |                 

[#ImplicitStrongCapture]: <https://docs.swift.org/compiler/documentation/diagnostics/implicit-strong-capture>

SwiftCompile normal arm64 /Users/buddhirajgautam/Documents/Cherrygram-Mac/macOS-Swift/submodules/telegram-ios/submodules/MediaPlayer/Sources/FFMpegMediaFrameSource.swift (in target 'TelegramMediaPlayer' from project 'TelegramMediaPlayer')
    cd /Users/buddhirajgautam/Documents/Cherrygram-Mac/macOS-Swift
    builtin-SwiftPerFileCompile FFMpegMediaFrameSource.swift

SwiftCompile normal arm64 /Users/buddhirajgautam/Documents/Cherrygram-Mac/macOS-Swift/submodules/telegram-ios/submodules/MediaPlayer/Sources/FFMpegMediaFrameSourceContext.swift (in target 'TelegramMediaPlayer' from project 'TelegramMediaPlayer')
    cd /Users/buddhirajgautam/Documents/Cherrygram-Mac/macOS-Swift
    builtin-SwiftPerFileCompile FFMpegMediaFrameSourceContext.swift

SwiftCompile normal arm64 /Users/buddhirajgautam/Documents/Cherrygram-Mac/macOS-Swift/submodules/telegram-ios/submodules/MediaPlayer/Sources/FFMpegMediaFrameSourceContextHelpers.swift (in target 'TelegramMediaPlayer' from project 'TelegramMediaPlayer')
    cd /Users/buddhirajgautam/Documents/Cherrygram-Mac/macOS-Swift
    builtin-SwiftPerFileCompile FFMpegMediaFrameSourceContextHelpers.swift

SwiftDriverJobDiscovery normal arm64 Compiling ChunkMediaPlayer.swift, FFMpegAudioFrameDecoder.swift, FFMpegFileReader.swift (in target 'TelegramMediaPlayer' from project 'TelegramMediaPlayer')

SwiftCompile normal arm64 Compiling\ RingByteBuffer.swift,\ SoftwareVideoSource.swift /Users/buddhirajgautam/Documents/Cherrygram-Mac/macOS-Swift/submodules/telegram-ios/submodules/MediaPlayer/Sources/RingByteBuffer.swift /Users/buddhirajgautam/Documents/Cherrygram-Mac/macOS-Swift/submodules/telegram-ios/submodules/MediaPlayer/Sources/SoftwareVideoSource.swift (in target 'TelegramMediaPlayer' from project 'TelegramMediaPlayer')
/Users/buddhirajgautam/Documents/Cherrygram-Mac/macOS-Swift/submodules/telegram-ios/submodules/MediaPlayer/Sources/SoftwareVideoSource.swift:231:32: warning: will never be executed
229 |                 }
230 |             } else {
231 |                 if endOfStream {
    |                    |           `- warning: will never be executed
    |                    `- note: condition always evaluates to false
232 |                     break
233 |                 } else {

SwiftCompile normal arm64 /Users/buddhirajgautam/Documents/Cherrygram-Mac/macOS-Swift/submodules/telegram-ios/submodules/MediaPlayer/Sources/RingByteBuffer.swift (in target 'TelegramMediaPlayer' from project 'TelegramMediaPlayer')
    cd /Users/buddhirajgautam/Documents/Cherrygram-Mac/macOS-Swift
    builtin-SwiftPerFileCompile RingByteBuffer.swift

SwiftCompile normal arm64 /Users/buddhirajgautam/Documents/Cherrygram-Mac/macOS-Swift/submodules/telegram-ios/submodules/MediaPlayer/Sources/SoftwareVideoSource.swift (in target 'TelegramMediaPlayer' from project 'TelegramMediaPlayer')
    cd /Users/buddhirajgautam/Documents/Cherrygram-Mac/macOS-Swift
    builtin-SwiftPerFileCompile SoftwareVideoSource.swift

SwiftDriverJobDiscovery normal arm64 Compiling OngoingCallVideoCapturer.swift (in target 'TelegramVoip' from project 'TelegramVoip')

SwiftDriver\ Compilation TelegramCore normal arm64 com.apple.xcode.tools.swift.compiler (in target 'TelegramCore' from project 'TelegramCore')
    cd /Users/buddhirajgautam/Documents/Cherrygram-Mac/macOS-Swift
    builtin-Swift-Compilation -- /Applications/Xcode.app/Contents/Developer/Toolchains/XcodeDefault.xctoolchain/usr/bin/swiftc -parse-as-library -module-name TelegramCore -Onone @/Users/buddhirajgautam/Library/Developer/Xcode/DerivedData/Telegram-Mac-fygdgghdgmuleoelvxabfmqiotta/Build/Intermediates.noindex/TelegramCore.build/Debug/TelegramCore-t.build/Objects-normal/arm64/TelegramCore.SwiftFileList -DSWIFT_PACKAGE -DDEBUG -DSWIFT_MODULE_RESOURCE_BUNDLE_UNAVAILABLE -Xcc -fmodule-map-file\=/Users/buddhirajgautam/Library/Developer/Xcode/DerivedData/Telegram-Mac-fygdgghdgmuleoelvxabfmqiotta/Build/Intermediates.noindex/GeneratedModuleMaps/MurMurHash32.modulemap -Xcc -fmodule-map-file\=/Users/buddhirajgautam/Library/Developer/Xcode/DerivedData/Telegram-Mac-fygdgghdgmuleoelvxabfmqiotta/Build/Intermediates.noindex/GeneratedModuleMaps/sqlcipher.modulemap -Xcc -fmodule-map-file\=/Users/buddhirajgautam/Library/Developer/Xcode/DerivedData/Telegram-Mac-fygdgghdgmuleoelvxabfmqiotta/Build/Intermediates.noindex/GeneratedModuleMaps/StringTransliteration.modulemap -Xcc -fmodule-map-file\=/Users/buddhirajgautam/Library/Developer/Xcode/DerivedData/Telegram-Mac-fygdgghdgmuleoelvxabfmqiotta/Build/Intermediates.noindex/GeneratedModuleMaps/Crc32.modulemap -Xcc -fmodule-map-file\=/Users/buddhirajgautam/Library/Developer/Xcode/DerivedData/Telegram-Mac-fygdgghdgmuleoelvxabfmqiotta/Build/Intermediates.noindex/GeneratedModuleMaps/MtProtoKit.modulemap -Xcc -fmodule-map-file\=/Users/buddhirajgautam/Library/Developer/Xcode/DerivedData/Telegram-Mac-fygdgghdgmuleoelvxabfmqiotta/Build/Intermediates.noindex/GeneratedModuleMaps/CryptoUtils.modulemap -Xcc -fmodule-map-file\=/Users/buddhirajgautam/Library/Developer/Xcode/DerivedData/Telegram-Mac-fygdgghdgmuleoelvxabfmqiotta/Build/Intermediates.noindex/GeneratedModuleMaps/NetworkLogging.modulemap -Xcc -fmodule-map-file\=/Users/buddhirajgautam/Library/Developer/Xcode/DerivedData/Telegram-Mac-fygdgghdgmuleoelvxabfmqiotta/Build/Intermediates.noindex/GeneratedModuleMaps/DarwinDirStat.modulemap -Xcc -fmodule-map-file\=/Users/buddhirajgautam/Library/Developer/Xcode/DerivedData/Telegram-Mac-fygdgghdgmuleoelvxabfmqiotta/Build/Intermediates.noindex/GeneratedModuleMaps/LegacyReachability.modulemap -Xcc -fmodule-map-file\=/Users/buddhirajgautam/Library/Developer/Xcode/DerivedData/Telegram-Mac-fygdgghdgmuleoelvxabfmqiotta/Build/Intermediates.noindex/GeneratedModuleMaps/EncryptionProvider.modulemap -DXcode -plugin-path /Applications/Xcode.app/Contents/Developer/Toolchains/XcodeDefault.xctoolchain/usr/lib/swift/host/plugins/testing -enable-experimental-feature DebugDescriptionMacro -sdk /Applications/Xcode.app/Contents/Developer/Platforms/MacOSX.platform/Developer/SDKs/MacOSX27.0.sdk -target arm64-apple-macos12.0 -g -module-cache-path /Users/buddhirajgautam/Library/Developer/Xcode/DerivedData/ModuleCache.noindex -Xfrontend -serialize-debugging-options -profile-coverage-mapping -profile-generate -enable-testing -index-store-path /Users/buddhirajgautam/Library/Developer/Xcode/DerivedData/Telegram-Mac-fygdgghdgmuleoelvxabfmqiotta/Index.noindex/DataStore -Xcc -D_LIBCPP_HARDENING_MODE\=_LIBCPP_HARDENING_MODE_DEBUG -swift-version 5 -I /Users/buddhirajgautam/Library/Developer/Xcode/DerivedData/Telegram-Mac-fygdgghdgmuleoelvxabfmqiotta/Build/Products/Debug -Isystem /Applications/Xcode.app/Contents/Developer/Platforms/MacOSX.platform/Developer/usr/lib -F /Users/buddhirajgautam/Library/Developer/Xcode/DerivedData/Telegram-Mac-fygdgghdgmuleoelvxabfmqiotta/Build/Products/Debug/PackageFrameworks -F /Users/buddhirajgautam/Library/Developer/Xcode/DerivedData/Telegram-Mac-fygdgghdgmuleoelvxabfmqiotta/Build/Products/Debug -F /Applications/Xcode.app/Contents/Developer/Platforms/MacOSX.platform/Developer/Library/Frameworks -c -j8 -enable-batch-mode -incremental -Xcc -ivfsstatcache -Xcc /Users/buddhirajgautam/Library/Developer/Xcode/DerivedData/SDKStatCaches.noindex/macosx27.0-26A425-e829b21a6f8c9b70876ba0858053c0447231f6df4def33e022ae2eb8f782df1a.sdkstatcache -output-file-map /Users/buddhirajgautam/Library/Developer/Xcode/DerivedData/Telegram-Mac-fygdgghdgmuleoelvxabfmqiotta/Build/Intermediates.noindex/TelegramCore.build/Debug/TelegramCore-t.build/Objects-normal/arm64/TelegramCore-OutputFileMap.json -save-temps -no-color-diagnostics -explicit-module-build -module-cache-path /Users/buddhirajgautam/Library/Developer/Xcode/DerivedData/Telegram-Mac-fygdgghdgmuleoelvxabfmqiotta/Build/Intermediates.noindex/SwiftExplicitPrecompiledModules -clang-scanner-module-cache-path /Users/buddhirajgautam/Library/Developer/Xcode/DerivedData/ModuleCache.noindex -sdk-module-cache-path /Users/buddhirajgautam/Library/Developer/Xcode/DerivedData/SDKExplicitPrecompiledModules -emit-dependencies -emit-module -emit-module-path /Users/buddhirajgautam/Library/Developer/Xcode/DerivedData/Telegram-Mac-fygdgghdgmuleoelvxabfmqiotta/Build/Intermediates.noindex/TelegramCore.build/Debug/TelegramCore-t.build/Objects-normal/arm64/TelegramCore.swiftmodule -serialize-diagnostics -dependency-scan-serialize-diagnostics-path /Users/buddhirajgautam/Library/Developer/Xcode/DerivedData/Telegram-Mac-fygdgghdgmuleoelvxabfmqiotta/Build/Intermediates.noindex/TelegramCore.build/Debug/TelegramCore-t.build/Objects-normal/arm64/TelegramCore-dependency-scan.dia -validate-clang-modules-once -clang-build-session-file /Users/buddhirajgautam/Library/Developer/Xcode/DerivedData/ModuleCache.noindex/Session.modulevalidation -Xcc -fmodules-prune-interval\=86400 -Xcc -fmodules-prune-after\=345600 -emit-const-values -const-gather-protocols-list /Users/buddhirajgautam/Library/Developer/Xcode/DerivedData/Telegram-Mac-fygdgghdgmuleoelvxabfmqiotta/Build/Intermediates.noindex/TelegramCore.build/Debug/TelegramCore-t.build/Objects-normal/arm64/TelegramCore_const_extract_protocols.json -Xcc -I/Users/buddhirajgautam/Documents/Cherrygram-Mac/macOS-Swift/submodules/telegram-ios/submodules/MurMurHash32/PublicHeaders -Xcc -I/Users/buddhirajgautam/Documents/Cherrygram-Mac/macOS-Swift/submodules/telegram-ios/submodules/sqlcipher/PublicHeaders -Xcc -I/Users/buddhirajgautam/Documents/Cherrygram-Mac/macOS-Swift/submodules/telegram-ios/submodules/StringTransliteration/PublicHeaders -Xcc -I/Users/buddhirajgautam/Documents/Cherrygram-Mac/macOS-Swift/submodules/telegram-ios/submodules/Crc32/PublicHeaders -Xcc -I/Users/buddhirajgautam/Documents/Cherrygram-Mac/macOS-Swift/submodules/telegram-ios/submodules/MtProtoKit/PublicHeaders -Xcc -I/Users/buddhirajgautam/Documents/Cherrygram-Mac/macOS-Swift/submodules/telegram-ios/submodules/CryptoUtils/PublicHeaders -Xcc -I/Users/buddhirajgautam/Documents/Cherrygram-Mac/macOS-Swift/submodules/telegram-ios/submodules/NetworkLogging/PublicHeaders -Xcc -I/Users/buddhirajgautam/Documents/Cherrygram-Mac/macOS-Swift/submodules/telegram-ios/submodules/Utils/DarwinDirStat/PublicHeaders -Xcc -I/Users/buddhirajgautam/Documents/Cherrygram-Mac/macOS-Swift/submodules/telegram-ios/submodules/Reachability/LegacyReachability/PublicHeaders -Xcc -I/Users/buddhirajgautam/Documents/Cherrygram-Mac/macOS-Swift/submodules/telegram-ios/submodules/EncryptionProvider/PublicHeaders -Xcc -I/Users/buddhirajgautam/Library/Developer/Xcode/DerivedData/Telegram-Mac-fygdgghdgmuleoelvxabfmqiotta/Build/Products/Debug/include -Xcc -I/Users/buddhirajgautam/Library/Developer/Xcode/DerivedData/Telegram-Mac-fygdgghdgmuleoelvxabfmqiotta/Build/Intermediates.noindex/TelegramCore.build/Debug/TelegramCore-t.build/DerivedSources-normal/arm64 -Xcc -I/Users/buddhirajgautam/Library/Developer/Xcode/DerivedData/Telegram-Mac-fygdgghdgmuleoelvxabfmqiotta/Build/Intermediates.noindex/TelegramCore.build/Debug/TelegramCore-t.build/DerivedSources/arm64 -Xcc -I/Users/buddhirajgautam/Library/Developer/Xcode/DerivedData/Telegram-Mac-fygdgghdgmuleoelvxabfmqiotta/Build/Intermediates.noindex/TelegramCore.build/Debug/TelegramCore-t.build/DerivedSources -Xcc -DSWIFT_PACKAGE -Xcc -DDEBUG\=1 -emit-objc-header -emit-objc-header-path /Users/buddhirajgautam/Library/Developer/Xcode/DerivedData/Telegram-Mac-fygdgghdgmuleoelvxabfmqiotta/Build/Intermediates.noindex/TelegramCore.build/Debug/TelegramCore-t.build/Objects-normal/arm64/TelegramCore-Swift.h -working-directory /Users/buddhirajgautam/Documents/Cherrygram-Mac/macOS-Swift -experimental-emit-module-separately -disable-cmo

SwiftCompile normal arm64 Compiling\ resource_bundle_accessor.swift /Users/buddhirajgautam/Library/Developer/Xcode/DerivedData/Telegram-Mac-fygdgghdgmuleoelvxabfmqiotta/Build/Intermediates.noindex/MetalEngine.build/Debug/MetalEngine-t.build/DerivedSources/resource_bundle_accessor.swift (in target 'MetalEngine' from project 'MetalEngine')

SwiftCompile normal arm64 /Users/buddhirajgautam/Library/Developer/Xcode/DerivedData/Telegram-Mac-fygdgghdgmuleoelvxabfmqiotta/Build/Intermediates.noindex/MetalEngine.build/Debug/MetalEngine-t.build/DerivedSources/resource_bundle_accessor.swift (in target 'MetalEngine' from project 'MetalEngine')
    cd /Users/buddhirajgautam/Documents/Cherrygram-Mac/macOS-Swift
    builtin-SwiftPerFileCompile resource_bundle_accessor.swift

SwiftCompile normal arm64 Compiling\ AlignUp.swift /Users/buddhirajgautam/Documents/Cherrygram-Mac/macOS-Swift/submodules/telegram-ios/submodules/MetalEngine/Sources/AlignUp.swift (in target 'MetalEngine' from project 'MetalEngine')

SwiftCompile normal arm64 /Users/buddhirajgautam/Documents/Cherrygram-Mac/macOS-Swift/submodules/telegram-ios/submodules/MetalEngine/Sources/AlignUp.swift (in target 'MetalEngine' from project 'MetalEngine')
    cd /Users/buddhirajgautam/Documents/Cherrygram-Mac/macOS-Swift
    builtin-SwiftPerFileCompile AlignUp.swift

SwiftDriverJobDiscovery normal arm64 Compiling MediaTrackFrameBuffer.swift, MediaTrackFrameDecoder.swift (in target 'TelegramMediaPlayer' from project 'TelegramMediaPlayer')

SwiftDriverJobDiscovery normal arm64 Compiling WrappedMediaStreamingContext.swift (in target 'TelegramVoip' from project 'TelegramVoip')

SwiftCompile normal arm64 Compiling\ MetalEngine.swift /Users/buddhirajgautam/Documents/Cherrygram-Mac/macOS-Swift/submodules/telegram-ios/submodules/MetalEngine/Sources/MetalEngine.swift (in target 'MetalEngine' from project 'MetalEngine')

SwiftCompile normal arm64 /Users/buddhirajgautam/Documents/Cherrygram-Mac/macOS-Swift/submodules/telegram-ios/submodules/MetalEngine/Sources/MetalEngine.swift (in target 'MetalEngine' from project 'MetalEngine')
    cd /Users/buddhirajgautam/Documents/Cherrygram-Mac/macOS-Swift
    builtin-SwiftPerFileCompile MetalEngine.swift

SwiftDriverJobDiscovery normal arm64 Compiling resource_bundle_accessor.swift (in target 'MetalEngine' from project 'MetalEngine')

SwiftCompile normal arm64 Compiling\ Localizable.swift /Users/buddhirajgautam/Documents/Cherrygram-Mac/macOS-Swift/packages/Localization/Sources/Localization/Localizable.swift (in target 'Localization' from project 'Localization')

SwiftCompile normal arm64 /Users/buddhirajgautam/Documents/Cherrygram-Mac/macOS-Swift/packages/Localization/Sources/Localization/Localizable.swift (in target 'Localization' from project 'Localization')
    cd /Users/buddhirajgautam/Documents/Cherrygram-Mac/macOS-Swift
    builtin-SwiftPerFileCompile Localizable.swift

SwiftCompile normal arm64 Compiling\ StringPluralization.swift /Users/buddhirajgautam/Documents/Cherrygram-Mac/macOS-Swift/packages/Localization/Sources/Localization/StringPluralization.swift (in target 'Localization' from project 'Localization')

SwiftCompile normal arm64 /Users/buddhirajgautam/Documents/Cherrygram-Mac/macOS-Swift/packages/Localization/Sources/Localization/StringPluralization.swift (in target 'Localization' from project 'Localization')
    cd /Users/buddhirajgautam/Documents/Cherrygram-Mac/macOS-Swift
    builtin-SwiftPerFileCompile StringPluralization.swift

SwiftDriverJobDiscovery normal arm64 Compiling GroupCallContext.swift (in target 'TelegramVoip' from project 'TelegramVoip')

SwiftDriver\ Compilation TelegramVoip normal arm64 com.apple.xcode.tools.swift.compiler (in target 'TelegramVoip' from project 'TelegramVoip')
    cd /Users/buddhirajgautam/Documents/Cherrygram-Mac/macOS-Swift
    builtin-Swift-Compilation -- /Applications/Xcode.app/Contents/Developer/Toolchains/XcodeDefault.xctoolchain/usr/bin/swiftc -parse-as-library -module-name TelegramVoip -Onone @/Users/buddhirajgautam/Library/Developer/Xcode/DerivedData/Telegram-Mac-fygdgghdgmuleoelvxabfmqiotta/Build/Intermediates.noindex/TelegramVoip.build/Debug/TelegramVoip-t.build/Objects-normal/arm64/TelegramVoip.SwiftFileList -DSWIFT_PACKAGE -DDEBUG -DSWIFT_MODULE_RESOURCE_BUNDLE_UNAVAILABLE -Xcc -fmodule-map-file\=/Users/buddhirajgautam/Library/Developer/Xcode/DerivedData/Telegram-Mac-fygdgghdgmuleoelvxabfmqiotta/Build/Intermediates.noindex/GeneratedModuleMaps/TgVoipWebrtc.modulemap -Xcc -fmodule-map-file\=/Users/buddhirajgautam/Library/Developer/Xcode/DerivedData/Telegram-Mac-fygdgghdgmuleoelvxabfmqiotta/Build/Intermediates.noindex/GeneratedModuleMaps/FFMpegBinding.modulemap -Xcc -fmodule-map-file\=/Users/buddhirajgautam/Library/Developer/Xcode/DerivedData/Telegram-Mac-fygdgghdgmuleoelvxabfmqiotta/Build/Intermediates.noindex/GeneratedModuleMaps/MurMurHash32.modulemap -Xcc -fmodule-map-file\=/Users/buddhirajgautam/Library/Developer/Xcode/DerivedData/Telegram-Mac-fygdgghdgmuleoelvxabfmqiotta/Build/Intermediates.noindex/GeneratedModuleMaps/sqlcipher.modulemap -Xcc -fmodule-map-file\=/Users/buddhirajgautam/Library/Developer/Xcode/DerivedData/Telegram-Mac-fygdgghdgmuleoelvxabfmqiotta/Build/Intermediates.noindex/GeneratedModuleMaps/StringTransliteration.modulemap -Xcc -fmodule-map-file\=/Users/buddhirajgautam/Library/Developer/Xcode/DerivedData/Telegram-Mac-fygdgghdgmuleoelvxabfmqiotta/Build/Intermediates.noindex/GeneratedModuleMaps/Crc32.modulemap -Xcc -fmodule-map-file\=/Users/buddhirajgautam/Library/Developer/Xcode/DerivedData/Telegram-Mac-fygdgghdgmuleoelvxabfmqiotta/Build/Intermediates.noindex/GeneratedModuleMaps/MtProtoKit.modulemap -Xcc -fmodule-map-file\=/Users/buddhirajgautam/Library/Developer/Xcode/DerivedData/Telegram-Mac-fygdgghdgmuleoelvxabfmqiotta/Build/Intermediates.noindex/GeneratedModuleMaps/CryptoUtils.modulemap -Xcc -fmodule-map-file\=/Users/buddhirajgautam/Library/Developer/Xcode/DerivedData/Telegram-Mac-fygdgghdgmuleoelvxabfmqiotta/Build/Intermediates.noindex/GeneratedModuleMaps/NetworkLogging.modulemap -Xcc -fmodule-map-file\=/Users/buddhirajgautam/Library/Developer/Xcode/DerivedData/Telegram-Mac-fygdgghdgmuleoelvxabfmqiotta/Build/Intermediates.noindex/GeneratedModuleMaps/DarwinDirStat.modulemap -Xcc -fmodule-map-file\=/Users/buddhirajgautam/Library/Developer/Xcode/DerivedData/Telegram-Mac-fygdgghdgmuleoelvxabfmqiotta/Build/Intermediates.noindex/GeneratedModuleMaps/LegacyReachability.modulemap -Xcc -fmodule-map-file\=/Users/buddhirajgautam/Library/Developer/Xcode/DerivedData/Telegram-Mac-fygdgghdgmuleoelvxabfmqiotta/Build/Intermediates.noindex/GeneratedModuleMaps/EncryptionProvider.modulemap -DXcode -plugin-path /Applications/Xcode.app/Contents/Developer/Toolchains/XcodeDefault.xctoolchain/usr/lib/swift/host/plugins/testing -enable-experimental-feature DebugDescriptionMacro -sdk /Applications/Xcode.app/Contents/Developer/Platforms/MacOSX.platform/Developer/SDKs/MacOSX27.0.sdk -target arm64-apple-macos12.0 -g -module-cache-path /Users/buddhirajgautam/Library/Developer/Xcode/DerivedData/ModuleCache.noindex -Xfrontend -serialize-debugging-options -profile-coverage-mapping -profile-generate -enable-testing -index-store-path /Users/buddhirajgautam/Library/Developer/Xcode/DerivedData/Telegram-Mac-fygdgghdgmuleoelvxabfmqiotta/Index.noindex/DataStore -Xcc -D_LIBCPP_HARDENING_MODE\=_LIBCPP_HARDENING_MODE_DEBUG -swift-version 5 -I /Users/buddhirajgautam/Library/Developer/Xcode/DerivedData/Telegram-Mac-fygdgghdgmuleoelvxabfmqiotta/Build/Products/Debug -Isystem /Applications/Xcode.app/Contents/Developer/Platforms/MacOSX.platform/Developer/usr/lib -F /Users/buddhirajgautam/Library/Developer/Xcode/DerivedData/Telegram-Mac-fygdgghdgmuleoelvxabfmqiotta/Build/Products/Debug/PackageFrameworks -F /Users/buddhirajgautam/Library/Developer/Xcode/DerivedData/Telegram-Mac-fygdgghdgmuleoelvxabfmqiotta/Build/Products/Debug -F /Applications/Xcode.app/Contents/Developer/Platforms/MacOSX.platform/Developer/Library/Frameworks -c -j8 -enable-batch-mode -incremental -Xcc -ivfsstatcache -Xcc /Users/buddhirajgautam/Library/Developer/Xcode/DerivedData/SDKStatCaches.noindex/macosx27.0-26A425-e829b21a6f8c9b70876ba0858053c0447231f6df4def33e022ae2eb8f782df1a.sdkstatcache -output-file-map /Users/buddhirajgautam/Library/Developer/Xcode/DerivedData/Telegram-Mac-fygdgghdgmuleoelvxabfmqiotta/Build/Intermediates.noindex/TelegramVoip.build/Debug/TelegramVoip-t.build/Objects-normal/arm64/TelegramVoip-OutputFileMap.json -save-temps -no-color-diagnostics -explicit-module-build -module-cache-path /Users/buddhirajgautam/Library/Developer/Xcode/DerivedData/Telegram-Mac-fygdgghdgmuleoelvxabfmqiotta/Build/Intermediates.noindex/SwiftExplicitPrecompiledModules -clang-scanner-module-cache-path /Users/buddhirajgautam/Library/Developer/Xcode/DerivedData/ModuleCache.noindex -sdk-module-cache-path /Users/buddhirajgautam/Library/Developer/Xcode/DerivedData/SDKExplicitPrecompiledModules -emit-dependencies -emit-module -emit-module-path /Users/buddhirajgautam/Library/Developer/Xcode/DerivedData/Telegram-Mac-fygdgghdgmuleoelvxabfmqiotta/Build/Intermediates.noindex/TelegramVoip.build/Debug/TelegramVoip-t.build/Objects-normal/arm64/TelegramVoip.swiftmodule -serialize-diagnostics -dependency-scan-serialize-diagnostics-path /Users/buddhirajgautam/Library/Developer/Xcode/DerivedData/Telegram-Mac-fygdgghdgmuleoelvxabfmqiotta/Build/Intermediates.noindex/TelegramVoip.build/Debug/TelegramVoip-t.build/Objects-normal/arm64/TelegramVoip-dependency-scan.dia -validate-clang-modules-once -clang-build-session-file /Users/buddhirajgautam/Library/Developer/Xcode/DerivedData/ModuleCache.noindex/Session.modulevalidation -Xcc -fmodules-prune-interval\=86400 -Xcc -fmodules-prune-after\=345600 -emit-const-values -const-gather-protocols-list /Users/buddhirajgautam/Library/Developer/Xcode/DerivedData/Telegram-Mac-fygdgghdgmuleoelvxabfmqiotta/Build/Intermediates.noindex/TelegramVoip.build/Debug/TelegramVoip-t.build/Objects-normal/arm64/TelegramVoip_const_extract_protocols.json -Xcc -I/Users/buddhirajgautam/Documents/Cherrygram-Mac/macOS-Swift/submodules/tgcalls/macos/PublicHeaders -Xcc -I/Users/buddhirajgautam/Documents/Cherrygram-Mac/macOS-Swift/submodules/telegram-ios/submodules/FFMpegBinding/Public -Xcc -I/Users/buddhirajgautam/Documents/Cherrygram-Mac/macOS-Swift/submodules/telegram-ios/submodules/MurMurHash32/PublicHeaders -Xcc -I/Users/buddhirajgautam/Documents/Cherrygram-Mac/macOS-Swift/submodules/telegram-ios/submodules/sqlcipher/PublicHeaders -Xcc -I/Users/buddhirajgautam/Documents/Cherrygram-Mac/macOS-Swift/submodules/telegram-ios/submodules/StringTransliteration/PublicHeaders -Xcc -I/Users/buddhirajgautam/Documents/Cherrygram-Mac/macOS-Swift/submodules/telegram-ios/submodules/Crc32/PublicHeaders -Xcc -I/Users/buddhirajgautam/Documents/Cherrygram-Mac/macOS-Swift/submodules/telegram-ios/submodules/MtProtoKit/PublicHeaders -Xcc -I/Users/buddhirajgautam/Documents/Cherrygram-Mac/macOS-Swift/submodules/telegram-ios/submodules/CryptoUtils/PublicHeaders -Xcc -I/Users/buddhirajgautam/Documents/Cherrygram-Mac/macOS-Swift/submodules/telegram-ios/submodules/NetworkLogging/PublicHeaders -Xcc -I/Users/buddhirajgautam/Documents/Cherrygram-Mac/macOS-Swift/submodules/telegram-ios/submodules/Utils/DarwinDirStat/PublicHeaders -Xcc -I/Users/buddhirajgautam/Documents/Cherrygram-Mac/macOS-Swift/submodules/telegram-ios/submodules/Reachability/LegacyReachability/PublicHeaders -Xcc -I/Users/buddhirajgautam/Documents/Cherrygram-Mac/macOS-Swift/submodules/telegram-ios/submodules/EncryptionProvider/PublicHeaders -Xcc -I/Users/buddhirajgautam/Library/Developer/Xcode/DerivedData/Telegram-Mac-fygdgghdgmuleoelvxabfmqiotta/Build/Products/Debug/include -Xcc -I/Users/buddhirajgautam/Library/Developer/Xcode/DerivedData/Telegram-Mac-fygdgghdgmuleoelvxabfmqiotta/Build/Intermediates.noindex/TelegramVoip.build/Debug/TelegramVoip-t.build/DerivedSources-normal/arm64 -Xcc -I/Users/buddhirajgautam/Library/Developer/Xcode/DerivedData/Telegram-Mac-fygdgghdgmuleoelvxabfmqiotta/Build/Intermediates.noindex/TelegramVoip.build/Debug/TelegramVoip-t.build/DerivedSources/arm64 -Xcc -I/Users/buddhirajgautam/Library/Developer/Xcode/DerivedData/Telegram-Mac-fygdgghdgmuleoelvxabfmqiotta/Build/Intermediates.noindex/TelegramVoip.build/Debug/TelegramVoip-t.build/DerivedSources -Xcc -DSWIFT_PACKAGE -Xcc -DDEBUG\=1 -Xcc -DWEBRTC_MAC\=1 -emit-objc-header -emit-objc-header-path /Users/buddhirajgautam/Library/Developer/Xcode/DerivedData/Telegram-Mac-fygdgghdgmuleoelvxabfmqiotta/Build/Intermediates.noindex/TelegramVoip.build/Debug/TelegramVoip-t.build/Objects-normal/arm64/TelegramVoip-Swift.h -working-directory /Users/buddhirajgautam/Documents/Cherrygram-Mac/macOS-Swift -experimental-emit-module-separately -disable-cmo

SwiftDriverJobDiscovery normal arm64 Compiling AlignUp.swift (in target 'MetalEngine' from project 'MetalEngine')

SwiftCompile normal arm64 Compiling\ LocalizableExtension.swift /Users/buddhirajgautam/Documents/Cherrygram-Mac/macOS-Swift/packages/Localization/Sources/Localization/LocalizableExtension.swift (in target 'Localization' from project 'Localization')

SwiftCompile normal arm64 /Users/buddhirajgautam/Documents/Cherrygram-Mac/macOS-Swift/packages/Localization/Sources/Localization/LocalizableExtension.swift (in target 'Localization' from project 'Localization')
    cd /Users/buddhirajgautam/Documents/Cherrygram-Mac/macOS-Swift
    builtin-SwiftPerFileCompile LocalizableExtension.swift

SwiftDriverJobDiscovery normal arm64 Compiling StringPluralization.swift (in target 'Localization' from project 'Localization')

SwiftCompile normal arm64 Compiling\ RecentUsedEmoji.swift,\ RenderedTotalUnreadCount.swift /Users/buddhirajgautam/Documents/Cherrygram-Mac/macOS-Swift/packages/InAppSettings/Sources/InAppSettings/RecentUsedEmoji.swift /Users/buddhirajgautam/Documents/Cherrygram-Mac/macOS-Swift/packages/InAppSettings/Sources/InAppSettings/RenderedTotalUnreadCount.swift (in target 'InAppSettings' from project 'InAppSettings')

SwiftCompile normal arm64 /Users/buddhirajgautam/Documents/Cherrygram-Mac/macOS-Swift/packages/InAppSettings/Sources/InAppSettings/RecentUsedEmoji.swift (in target 'InAppSettings' from project 'InAppSettings')
    cd /Users/buddhirajgautam/Documents/Cherrygram-Mac/macOS-Swift
    builtin-SwiftPerFileCompile RecentUsedEmoji.swift

SwiftCompile normal arm64 /Users/buddhirajgautam/Documents/Cherrygram-Mac/macOS-Swift/packages/InAppSettings/Sources/InAppSettings/RenderedTotalUnreadCount.swift (in target 'InAppSettings' from project 'InAppSettings')
    cd /Users/buddhirajgautam/Documents/Cherrygram-Mac/macOS-Swift
    builtin-SwiftPerFileCompile RenderedTotalUnreadCount.swift

Ld /Users/buddhirajgautam/Library/Developer/Xcode/DerivedData/Telegram-Mac-fygdgghdgmuleoelvxabfmqiotta/Build/Products/Debug/NetworkLogging.o normal (in target 'NetworkLogging' from project 'NetworkLogging')
    cd /Users/buddhirajgautam/Documents/Cherrygram-Mac/macOS-Swift/submodules/telegram-ios/submodules/NetworkLogging
    /Applications/Xcode.app/Contents/Developer/Toolchains/XcodeDefault.xctoolchain/usr/bin/clang -Xlinker -reproducible -target arm64-apple-macos12.0 -r -isysroot /Applications/Xcode.app/Contents/Developer/Platforms/MacOSX.platform/Developer/SDKs/MacOSX27.0.sdk -O0 -Xlinker -no_warn_duplicate_libraries -F/Users/buddhirajgautam/Library/Developer/Xcode/DerivedData/Telegram-Mac-fygdgghdgmuleoelvxabfmqiotta/Build/Intermediates.noindex/EagerLinkingTBDs/Debug -F/Users/buddhirajgautam/Library/Developer/Xcode/DerivedData/Telegram-Mac-fygdgghdgmuleoelvxabfmqiotta/Build/Products/Debug/PackageFrameworks -F/Users/buddhirajgautam/Library/Developer/Xcode/DerivedData/Telegram-Mac-fygdgghdgmuleoelvxabfmqiotta/Build/Products/Debug -iframework /Applications/Xcode.app/Contents/Developer/Platforms/MacOSX.platform/Developer/Library/Frameworks -filelist /Users/buddhirajgautam/Library/Developer/Xcode/DerivedData/Telegram-Mac-fygdgghdgmuleoelvxabfmqiotta/Build/Intermediates.noindex/NetworkLogging.build/Debug/NetworkLogging-t.build/Objects-normal/arm64/NetworkLogging.LinkFileList -nostdlib -Xlinker -object_path_lto -Xlinker /Users/buddhirajgautam/Library/Developer/Xcode/DerivedData/Telegram-Mac-fygdgghdgmuleoelvxabfmqiotta/Build/Intermediates.noindex/NetworkLogging.build/Debug/NetworkLogging-t.build/Objects-normal/arm64/NetworkLogging_lto.o -Xlinker -no_deduplicate -Xlinker -debug_variant -Xlinker -dependency_info -Xlinker /Users/buddhirajgautam/Library/Developer/Xcode/DerivedData/Telegram-Mac-fygdgghdgmuleoelvxabfmqiotta/Build/Intermediates.noindex/NetworkLogging.build/Debug/NetworkLogging-t.build/Objects-normal/arm64/NetworkLogging_dependency_info.dat -fobjc-arc -fobjc-link-runtime -o /Users/buddhirajgautam/Library/Developer/Xcode/DerivedData/Telegram-Mac-fygdgghdgmuleoelvxabfmqiotta/Build/Products/Debug/NetworkLogging.o

SwiftDriverJobDiscovery normal arm64 Compiling FFMpegMediaPassthroughVideoFrameDecoder.swift, FFMpegMediaVideoFrameDecoder.swift, MediaDataReader.swift (in target 'TelegramMediaPlayer' from project 'TelegramMediaPlayer')

SwiftDriverJobDiscovery normal arm64 Compiling LocalizableExtension.swift (in target 'Localization' from project 'Localization')

SwiftCompile normal arm64 Compiling\ SomeAccountSettings.swift,\ StickerSettings.swift /Users/buddhirajgautam/Documents/Cherrygram-Mac/macOS-Swift/packages/InAppSettings/Sources/InAppSettings/SomeAccountSettings.swift /Users/buddhirajgautam/Documents/Cherrygram-Mac/macOS-Swift/packages/InAppSettings/Sources/InAppSettings/StickerSettings.swift (in target 'InAppSettings' from project 'InAppSettings')

SwiftCompile normal arm64 /Users/buddhirajgautam/Documents/Cherrygram-Mac/macOS-Swift/packages/InAppSettings/Sources/InAppSettings/SomeAccountSettings.swift (in target 'InAppSettings' from project 'InAppSettings')
    cd /Users/buddhirajgautam/Documents/Cherrygram-Mac/macOS-Swift
    builtin-SwiftPerFileCompile SomeAccountSettings.swift

SwiftCompile normal arm64 /Users/buddhirajgautam/Documents/Cherrygram-Mac/macOS-Swift/packages/InAppSettings/Sources/InAppSettings/StickerSettings.swift (in target 'InAppSettings' from project 'InAppSettings')
    cd /Users/buddhirajgautam/Documents/Cherrygram-Mac/macOS-Swift
    builtin-SwiftPerFileCompile StickerSettings.swift

Ld /Users/buddhirajgautam/Library/Developer/Xcode/DerivedData/Telegram-Mac-fygdgghdgmuleoelvxabfmqiotta/Build/Products/Debug/Postbox.o normal (in target 'Postbox' from project 'Postbox')
    cd /Users/buddhirajgautam/Documents/Cherrygram-Mac/macOS-Swift/submodules/telegram-ios/submodules/Postbox
    /Applications/Xcode.app/Contents/Developer/Toolchains/XcodeDefault.xctoolchain/usr/bin/clang -Xlinker -reproducible -target arm64-apple-macos12.0 -r -isysroot /Applications/Xcode.app/Contents/Developer/Platforms/MacOSX.platform/Developer/SDKs/MacOSX27.0.sdk -O0 -Xlinker -no_warn_duplicate_libraries -F/Users/buddhirajgautam/Library/Developer/Xcode/DerivedData/Telegram-Mac-fygdgghdgmuleoelvxabfmqiotta/Build/Intermediates.noindex/EagerLinkingTBDs/Debug -F/Users/buddhirajgautam/Library/Developer/Xcode/DerivedData/Telegram-Mac-fygdgghdgmuleoelvxabfmqiotta/Build/Products/Debug/PackageFrameworks -F/Users/buddhirajgautam/Library/Developer/Xcode/DerivedData/Telegram-Mac-fygdgghdgmuleoelvxabfmqiotta/Build/Products/Debug -iframework /Applications/Xcode.app/Contents/Developer/Platforms/MacOSX.platform/Developer/Library/Frameworks -filelist /Users/buddhirajgautam/Library/Developer/Xcode/DerivedData/Telegram-Mac-fygdgghdgmuleoelvxabfmqiotta/Build/Intermediates.noindex/Postbox.build/Debug/Postbox-t.build/Objects-normal/arm64/Postbox.LinkFileList -nostdlib -Xlinker -object_path_lto -Xlinker /Users/buddhirajgautam/Library/Developer/Xcode/DerivedData/Telegram-Mac-fygdgghdgmuleoelvxabfmqiotta/Build/Intermediates.noindex/Postbox.build/Debug/Postbox-t.build/Objects-normal/arm64/Postbox_lto.o -Xlinker -no_deduplicate -Xlinker -debug_variant -Xlinker -dependency_info -Xlinker /Users/buddhirajgautam/Library/Developer/Xcode/DerivedData/Telegram-Mac-fygdgghdgmuleoelvxabfmqiotta/Build/Intermediates.noindex/Postbox.build/Debug/Postbox-t.build/Objects-normal/arm64/Postbox_dependency_info.dat -fobjc-link-runtime -L/Applications/Xcode.app/Contents/Developer/Toolchains/XcodeDefault.xctoolchain/usr/lib/swift/macosx -L/usr/lib/swift -Xlinker -add_ast_path -Xlinker /Users/buddhirajgautam/Library/Developer/Xcode/DerivedData/Telegram-Mac-fygdgghdgmuleoelvxabfmqiotta/Build/Intermediates.noindex/Postbox.build/Debug/Postbox-t.build/Objects-normal/arm64/Postbox.swiftmodule -o /Users/buddhirajgautam/Library/Developer/Xcode/DerivedData/Telegram-Mac-fygdgghdgmuleoelvxabfmqiotta/Build/Products/Debug/Postbox.o

SwiftCompile normal arm64 Compiling\ DownloadedFilesPaths.swift,\ InAppNotificationSettings.swift /Users/buddhirajgautam/Documents/Cherrygram-Mac/macOS-Swift/packages/InAppSettings/Sources/InAppSettings/DownloadedFilesPaths.swift /Users/buddhirajgautam/Documents/Cherrygram-Mac/macOS-Swift/packages/InAppSettings/Sources/InAppSettings/InAppNotificationSettings.swift (in target 'InAppSettings' from project 'InAppSettings')

SwiftCompile normal arm64 /Users/buddhirajgautam/Documents/Cherrygram-Mac/macOS-Swift/packages/InAppSettings/Sources/InAppSettings/DownloadedFilesPaths.swift (in target 'InAppSettings' from project 'InAppSettings')
    cd /Users/buddhirajgautam/Documents/Cherrygram-Mac/macOS-Swift
    builtin-SwiftPerFileCompile DownloadedFilesPaths.swift

SwiftCompile normal arm64 /Users/buddhirajgautam/Documents/Cherrygram-Mac/macOS-Swift/packages/InAppSettings/Sources/InAppSettings/InAppNotificationSettings.swift (in target 'InAppSettings' from project 'InAppSettings')
    cd /Users/buddhirajgautam/Documents/Cherrygram-Mac/macOS-Swift
    builtin-SwiftPerFileCompile InAppNotificationSettings.swift

SwiftDriverJobDiscovery normal arm64 Compiling RecentUsedEmoji.swift, RenderedTotalUnreadCount.swift (in target 'InAppSettings' from project 'InAppSettings')

SwiftCompile normal arm64 Compiling\ UnauthorizedConfiguration.swift,\ VoiceCallSettings.swift /Users/buddhirajgautam/Documents/Cherrygram-Mac/macOS-Swift/packages/InAppSettings/Sources/InAppSettings/UnauthorizedConfiguration.swift /Users/buddhirajgautam/Documents/Cherrygram-Mac/macOS-Swift/packages/InAppSettings/Sources/InAppSettings/VoiceCallSettings.swift (in target 'InAppSettings' from project 'InAppSettings')

SwiftCompile normal arm64 /Users/buddhirajgautam/Documents/Cherrygram-Mac/macOS-Swift/packages/InAppSettings/Sources/InAppSettings/UnauthorizedConfiguration.swift (in target 'InAppSettings' from project 'InAppSettings')
    cd /Users/buddhirajgautam/Documents/Cherrygram-Mac/macOS-Swift
    builtin-SwiftPerFileCompile UnauthorizedConfiguration.swift

SwiftCompile normal arm64 /Users/buddhirajgautam/Documents/Cherrygram-Mac/macOS-Swift/packages/InAppSettings/Sources/InAppSettings/VoiceCallSettings.swift (in target 'InAppSettings' from project 'InAppSettings')
    cd /Users/buddhirajgautam/Documents/Cherrygram-Mac/macOS-Swift
    builtin-SwiftPerFileCompile VoiceCallSettings.swift

SwiftDriverJobDiscovery normal arm64 Compiling SomeAccountSettings.swift, StickerSettings.swift (in target 'InAppSettings' from project 'InAppSettings')

SwiftCompile normal arm64 Compiling\ ChatListFilterPreferences.swift,\ DockSettings.swift /Users/buddhirajgautam/Documents/Cherrygram-Mac/macOS-Swift/packages/InAppSettings/Sources/InAppSettings/ChatListFilterPreferences.swift /Users/buddhirajgautam/Documents/Cherrygram-Mac/macOS-Swift/packages/InAppSettings/Sources/InAppSettings/DockSettings.swift (in target 'InAppSettings' from project 'InAppSettings')
/Users/buddhirajgautam/Documents/Cherrygram-Mac/macOS-Swift/packages/InAppSettings/Sources/InAppSettings/ChatListFilterPreferences.swift:249:42: warning: immutable value 'id' was never used; consider replacing with '_' or removing it [#NoUsage]
247 |                         case .allChats:
248 |                             result.append((filter, 0, false))
249 |                         case let .filter(id, title, emoticon, data):
    |                                          `- warning: immutable value 'id' was never used; consider replacing with '_' or removing it [#NoUsage]
250 |                             var tags: [PeerSummaryCounterTags] = []
251 |                             if data.categories.contains(.contacts) {

/Users/buddhirajgautam/Documents/Cherrygram-Mac/macOS-Swift/packages/InAppSettings/Sources/InAppSettings/ChatListFilterPreferences.swift:249:46: warning: immutable value 'title' was never used; consider replacing with '_' or removing it [#NoUsage]
247 |                         case .allChats:
248 |                             result.append((filter, 0, false))
249 |                         case let .filter(id, title, emoticon, data):
    |                                              `- warning: immutable value 'title' was never used; consider replacing with '_' or removing it [#NoUsage]
250 |                             var tags: [PeerSummaryCounterTags] = []
251 |                             if data.categories.contains(.contacts) {

/Users/buddhirajgautam/Documents/Cherrygram-Mac/macOS-Swift/packages/InAppSettings/Sources/InAppSettings/ChatListFilterPreferences.swift:249:53: warning: immutable value 'emoticon' was never used; consider replacing with '_' or removing it [#NoUsage]
247 |                         case .allChats:
248 |                             result.append((filter, 0, false))
249 |                         case let .filter(id, title, emoticon, data):
    |                                                     `- warning: immutable value 'emoticon' was never used; consider replacing with '_' or removing it [#NoUsage]
250 |                             var tags: [PeerSummaryCounterTags] = []
251 |                             if data.categories.contains(.contacts) {

[#NoUsage]: <https://docs.swift.org/compiler/documentation/diagnostics/no-usage>

SwiftCompile normal arm64 /Users/buddhirajgautam/Documents/Cherrygram-Mac/macOS-Swift/packages/InAppSettings/Sources/InAppSettings/ChatListFilterPreferences.swift (in target 'InAppSettings' from project 'InAppSettings')
    cd /Users/buddhirajgautam/Documents/Cherrygram-Mac/macOS-Swift
    builtin-SwiftPerFileCompile ChatListFilterPreferences.swift

SwiftCompile normal arm64 /Users/buddhirajgautam/Documents/Cherrygram-Mac/macOS-Swift/packages/InAppSettings/Sources/InAppSettings/DockSettings.swift (in target 'InAppSettings' from project 'InAppSettings')
    cd /Users/buddhirajgautam/Documents/Cherrygram-Mac/macOS-Swift
    builtin-SwiftPerFileCompile DockSettings.swift

SwiftDriverJobDiscovery normal arm64 Compiling FFMpegMediaFrameSource.swift, FFMpegMediaFrameSourceContext.swift, FFMpegMediaFrameSourceContextHelpers.swift (in target 'TelegramMediaPlayer' from project 'TelegramMediaPlayer')

SwiftCompile normal arm64 Compiling\ AdditionalSettings.swift,\ ApplicationSpecificPreferencesKeys.swift,\ AutomaticMediaDownloadCategoryPeers.swift /Users/buddhirajgautam/Documents/Cherrygram-Mac/macOS-Swift/packages/InAppSettings/Sources/InAppSettings/AdditionalSettings.swift /Users/buddhirajgautam/Documents/Cherrygram-Mac/macOS-Swift/packages/InAppSettings/Sources/InAppSettings/ApplicationSpecificPreferencesKeys.swift /Users/buddhirajgautam/Documents/Cherrygram-Mac/macOS-Swift/packages/InAppSettings/Sources/InAppSettings/AutomaticMediaDownloadCategoryPeers.swift (in target 'InAppSettings' from project 'InAppSettings')

SwiftCompile normal arm64 /Users/buddhirajgautam/Documents/Cherrygram-Mac/macOS-Swift/packages/InAppSettings/Sources/InAppSettings/AdditionalSettings.swift (in target 'InAppSettings' from project 'InAppSettings')
    cd /Users/buddhirajgautam/Documents/Cherrygram-Mac/macOS-Swift
    builtin-SwiftPerFileCompile AdditionalSettings.swift

SwiftCompile normal arm64 /Users/buddhirajgautam/Documents/Cherrygram-Mac/macOS-Swift/packages/InAppSettings/Sources/InAppSettings/ApplicationSpecificPreferencesKeys.swift (in target 'InAppSettings' from project 'InAppSettings')
    cd /Users/buddhirajgautam/Documents/Cherrygram-Mac/macOS-Swift
    builtin-SwiftPerFileCompile ApplicationSpecificPreferencesKeys.swift

SwiftCompile normal arm64 /Users/buddhirajgautam/Documents/Cherrygram-Mac/macOS-Swift/packages/InAppSettings/Sources/InAppSettings/AutomaticMediaDownloadCategoryPeers.swift (in target 'InAppSettings' from project 'InAppSettings')
    cd /Users/buddhirajgautam/Documents/Cherrygram-Mac/macOS-Swift
    builtin-SwiftPerFileCompile AutomaticMediaDownloadCategoryPeers.swift

SwiftCompile normal arm64 Compiling\ InstantViewAppearance.swift,\ PasscodeSettings.swift /Users/buddhirajgautam/Documents/Cherrygram-Mac/macOS-Swift/packages/InAppSettings/Sources/InAppSettings/InstantViewAppearance.swift /Users/buddhirajgautam/Documents/Cherrygram-Mac/macOS-Swift/packages/InAppSettings/Sources/InAppSettings/PasscodeSettings.swift (in target 'InAppSettings' from project 'InAppSettings')

SwiftCompile normal arm64 /Users/buddhirajgautam/Documents/Cherrygram-Mac/macOS-Swift/packages/InAppSettings/Sources/InAppSettings/InstantViewAppearance.swift (in target 'InAppSettings' from project 'InAppSettings')
    cd /Users/buddhirajgautam/Documents/Cherrygram-Mac/macOS-Swift
    builtin-SwiftPerFileCompile InstantViewAppearance.swift

SwiftCompile normal arm64 /Users/buddhirajgautam/Documents/Cherrygram-Mac/macOS-Swift/packages/InAppSettings/Sources/InAppSettings/PasscodeSettings.swift (in target 'InAppSettings' from project 'InAppSettings')
    cd /Users/buddhirajgautam/Documents/Cherrygram-Mac/macOS-Swift
    builtin-SwiftPerFileCompile PasscodeSettings.swift

SwiftDriverJobDiscovery normal arm64 Compiling MetalEngine.swift (in target 'MetalEngine' from project 'MetalEngine')

SwiftDriver\ Compilation MetalEngine normal arm64 com.apple.xcode.tools.swift.compiler (in target 'MetalEngine' from project 'MetalEngine')
    cd /Users/buddhirajgautam/Documents/Cherrygram-Mac/macOS-Swift
    builtin-Swift-Compilation -- /Applications/Xcode.app/Contents/Developer/Toolchains/XcodeDefault.xctoolchain/usr/bin/swiftc -parse-as-library -module-name MetalEngine -Onone @/Users/buddhirajgautam/Library/Developer/Xcode/DerivedData/Telegram-Mac-fygdgghdgmuleoelvxabfmqiotta/Build/Intermediates.noindex/MetalEngine.build/Debug/MetalEngine-t.build/Objects-normal/arm64/MetalEngine.SwiftFileList -DSWIFT_PACKAGE -DDEBUG -DSWIFT_MODULE_RESOURCE_BUNDLE_AVAILABLE -Xcc -fmodule-map-file\=/Users/buddhirajgautam/Library/Developer/Xcode/DerivedData/Telegram-Mac-fygdgghdgmuleoelvxabfmqiotta/Build/Intermediates.noindex/GeneratedModuleMaps/ShelfPack.modulemap -Xcc -fmodule-map-file\=/Users/buddhirajgautam/Library/Developer/Xcode/DerivedData/Telegram-Mac-fygdgghdgmuleoelvxabfmqiotta/Build/Intermediates.noindex/GeneratedModuleMaps/ObjcUtils.modulemap -DXcode -plugin-path /Applications/Xcode.app/Contents/Developer/Toolchains/XcodeDefault.xctoolchain/usr/lib/swift/host/plugins/testing -enable-experimental-feature DebugDescriptionMacro -sdk /Applications/Xcode.app/Contents/Developer/Platforms/MacOSX.platform/Developer/SDKs/MacOSX27.0.sdk -target arm64-apple-macos12.0 -g -module-cache-path /Users/buddhirajgautam/Library/Developer/Xcode/DerivedData/ModuleCache.noindex -Xfrontend -serialize-debugging-options -profile-coverage-mapping -profile-generate -enable-testing -index-store-path /Users/buddhirajgautam/Library/Developer/Xcode/DerivedData/Telegram-Mac-fygdgghdgmuleoelvxabfmqiotta/Index.noindex/DataStore -Xcc -D_LIBCPP_HARDENING_MODE\=_LIBCPP_HARDENING_MODE_DEBUG -swift-version 5 -I /Users/buddhirajgautam/Library/Developer/Xcode/DerivedData/Telegram-Mac-fygdgghdgmuleoelvxabfmqiotta/Build/Products/Debug -Isystem /Applications/Xcode.app/Contents/Developer/Platforms/MacOSX.platform/Developer/usr/lib -F /Users/buddhirajgautam/Library/Developer/Xcode/DerivedData/Telegram-Mac-fygdgghdgmuleoelvxabfmqiotta/Build/Products/Debug/PackageFrameworks -F /Users/buddhirajgautam/Library/Developer/Xcode/DerivedData/Telegram-Mac-fygdgghdgmuleoelvxabfmqiotta/Build/Products/Debug -F /Applications/Xcode.app/Contents/Developer/Platforms/MacOSX.platform/Developer/Library/Frameworks -c -j8 -enable-batch-mode -incremental -Xcc -ivfsstatcache -Xcc /Users/buddhirajgautam/Library/Developer/Xcode/DerivedData/SDKStatCaches.noindex/macosx27.0-26A425-e829b21a6f8c9b70876ba0858053c0447231f6df4def33e022ae2eb8f782df1a.sdkstatcache -output-file-map /Users/buddhirajgautam/Library/Developer/Xcode/DerivedData/Telegram-Mac-fygdgghdgmuleoelvxabfmqiotta/Build/Intermediates.noindex/MetalEngine.build/Debug/MetalEngine-t.build/Objects-normal/arm64/MetalEngine-OutputFileMap.json -save-temps -no-color-diagnostics -explicit-module-build -module-cache-path /Users/buddhirajgautam/Library/Developer/Xcode/DerivedData/Telegram-Mac-fygdgghdgmuleoelvxabfmqiotta/Build/Intermediates.noindex/SwiftExplicitPrecompiledModules -clang-scanner-module-cache-path /Users/buddhirajgautam/Library/Developer/Xcode/DerivedData/ModuleCache.noindex -sdk-module-cache-path /Users/buddhirajgautam/Library/Developer/Xcode/DerivedData/SDKExplicitPrecompiledModules -emit-dependencies -emit-module -emit-module-path /Users/buddhirajgautam/Library/Developer/Xcode/DerivedData/Telegram-Mac-fygdgghdgmuleoelvxabfmqiotta/Build/Intermediates.noindex/MetalEngine.build/Debug/MetalEngine-t.build/Objects-normal/arm64/MetalEngine.swiftmodule -serialize-diagnostics -dependency-scan-serialize-diagnostics-path /Users/buddhirajgautam/Library/Developer/Xcode/DerivedData/Telegram-Mac-fygdgghdgmuleoelvxabfmqiotta/Build/Intermediates.noindex/MetalEngine.build/Debug/MetalEngine-t.build/Objects-normal/arm64/MetalEngine-dependency-scan.dia -validate-clang-modules-once -clang-build-session-file /Users/buddhirajgautam/Library/Developer/Xcode/DerivedData/ModuleCache.noindex/Session.modulevalidation -Xcc -fmodules-prune-interval\=86400 -Xcc -fmodules-prune-after\=345600 -emit-const-values -const-gather-protocols-list /Users/buddhirajgautam/Library/Developer/Xcode/DerivedData/Telegram-Mac-fygdgghdgmuleoelvxabfmqiotta/Build/Intermediates.noindex/MetalEngine.build/Debug/MetalEngine-t.build/Objects-normal/arm64/MetalEngine_const_extract_protocols.json -Xcc -I/Users/buddhirajgautam/Documents/Cherrygram-Mac/macOS-Swift/submodules/telegram-ios/submodules/Utils/ShelfPack/PublicHeaders -Xcc -I/Users/buddhirajgautam/Documents/Cherrygram-Mac/macOS-Swift/packages/ObjcUtils/Sources/ObjcUtils -Xcc -I/Users/buddhirajgautam/Library/Developer/Xcode/DerivedData/Telegram-Mac-fygdgghdgmuleoelvxabfmqiotta/Build/Products/Debug/include -Xcc -I/Users/buddhirajgautam/Library/Developer/Xcode/DerivedData/Telegram-Mac-fygdgghdgmuleoelvxabfmqiotta/Build/Intermediates.noindex/MetalEngine.build/Debug/MetalEngine-t.build/DerivedSources-normal/arm64 -Xcc -I/Users/buddhirajgautam/Library/Developer/Xcode/DerivedData/Telegram-Mac-fygdgghdgmuleoelvxabfmqiotta/Build/Intermediates.noindex/MetalEngine.build/Debug/MetalEngine-t.build/DerivedSources/arm64 -Xcc -I/Users/buddhirajgautam/Library/Developer/Xcode/DerivedData/Telegram-Mac-fygdgghdgmuleoelvxabfmqiotta/Build/Intermediates.noindex/MetalEngine.build/Debug/MetalEngine-t.build/DerivedSources -Xcc -DSWIFT_PACKAGE -Xcc -DDEBUG\=1 -emit-objc-header -emit-objc-header-path /Users/buddhirajgautam/Library/Developer/Xcode/DerivedData/Telegram-Mac-fygdgghdgmuleoelvxabfmqiotta/Build/Intermediates.noindex/MetalEngine.build/Debug/MetalEngine-t.build/Objects-normal/arm64/MetalEngine-Swift.h -working-directory /Users/buddhirajgautam/Documents/Cherrygram-Mac/macOS-Swift -experimental-emit-module-separately -disable-cmo

SwiftDriverJobDiscovery normal arm64 Compiling RingByteBuffer.swift, SoftwareVideoSource.swift (in target 'TelegramMediaPlayer' from project 'TelegramMediaPlayer')

SwiftCompile normal arm64 Compiling\ AutoplayPreferences.swift,\ BaseApplicationSettings.swift /Users/buddhirajgautam/Documents/Cherrygram-Mac/macOS-Swift/packages/InAppSettings/Sources/InAppSettings/AutoplayPreferences.swift /Users/buddhirajgautam/Documents/Cherrygram-Mac/macOS-Swift/packages/InAppSettings/Sources/InAppSettings/BaseApplicationSettings.swift (in target 'InAppSettings' from project 'InAppSettings')

SwiftCompile normal arm64 /Users/buddhirajgautam/Documents/Cherrygram-Mac/macOS-Swift/packages/InAppSettings/Sources/InAppSettings/AutoplayPreferences.swift (in target 'InAppSettings' from project 'InAppSettings')
    cd /Users/buddhirajgautam/Documents/Cherrygram-Mac/macOS-Swift
    builtin-SwiftPerFileCompile AutoplayPreferences.swift

SwiftCompile normal arm64 /Users/buddhirajgautam/Documents/Cherrygram-Mac/macOS-Swift/packages/InAppSettings/Sources/InAppSettings/BaseApplicationSettings.swift (in target 'InAppSettings' from project 'InAppSettings')
    cd /Users/buddhirajgautam/Documents/Cherrygram-Mac/macOS-Swift
    builtin-SwiftPerFileCompile BaseApplicationSettings.swift

SwiftDriver\ Compilation TelegramMediaPlayer normal arm64 com.apple.xcode.tools.swift.compiler (in target 'TelegramMediaPlayer' from project 'TelegramMediaPlayer')
    cd /Users/buddhirajgautam/Documents/Cherrygram-Mac/macOS-Swift
    builtin-Swift-Compilation -- /Applications/Xcode.app/Contents/Developer/Toolchains/XcodeDefault.xctoolchain/usr/bin/swiftc -parse-as-library -module-name TelegramMediaPlayer -Onone @/Users/buddhirajgautam/Library/Developer/Xcode/DerivedData/Telegram-Mac-fygdgghdgmuleoelvxabfmqiotta/Build/Intermediates.noindex/TelegramMediaPlayer.build/Debug/TelegramMediaPlayer-t.build/Objects-normal/arm64/TelegramMediaPlayer.SwiftFileList -DSWIFT_PACKAGE -DDEBUG -DSWIFT_MODULE_RESOURCE_BUNDLE_UNAVAILABLE -Xcc -fmodule-map-file\=/Users/buddhirajgautam/Library/Developer/Xcode/DerivedData/Telegram-Mac-fygdgghdgmuleoelvxabfmqiotta/Build/Intermediates.noindex/GeneratedModuleMaps/MtProtoKit.modulemap -Xcc -fmodule-map-file\=/Users/buddhirajgautam/Library/Developer/Xcode/DerivedData/Telegram-Mac-fygdgghdgmuleoelvxabfmqiotta/Build/Intermediates.noindex/GeneratedModuleMaps/NetworkLogging.modulemap -Xcc -fmodule-map-file\=/Users/buddhirajgautam/Library/Developer/Xcode/DerivedData/Telegram-Mac-fygdgghdgmuleoelvxabfmqiotta/Build/Intermediates.noindex/GeneratedModuleMaps/LegacyReachability.modulemap -Xcc -fmodule-map-file\=/Users/buddhirajgautam/Library/Developer/Xcode/DerivedData/Telegram-Mac-fygdgghdgmuleoelvxabfmqiotta/Build/Intermediates.noindex/GeneratedModuleMaps/EncryptionProvider.modulemap -Xcc -fmodule-map-file\=/Users/buddhirajgautam/Library/Developer/Xcode/DerivedData/Telegram-Mac-fygdgghdgmuleoelvxabfmqiotta/Build/Intermediates.noindex/GeneratedModuleMaps/MurMurHash32.modulemap -Xcc -fmodule-map-file\=/Users/buddhirajgautam/Library/Developer/Xcode/DerivedData/Telegram-Mac-fygdgghdgmuleoelvxabfmqiotta/Build/Intermediates.noindex/GeneratedModuleMaps/sqlcipher.modulemap -Xcc -fmodule-map-file\=/Users/buddhirajgautam/Library/Developer/Xcode/DerivedData/Telegram-Mac-fygdgghdgmuleoelvxabfmqiotta/Build/Intermediates.noindex/GeneratedModuleMaps/StringTransliteration.modulemap -Xcc -fmodule-map-file\=/Users/buddhirajgautam/Library/Developer/Xcode/DerivedData/Telegram-Mac-fygdgghdgmuleoelvxabfmqiotta/Build/Intermediates.noindex/GeneratedModuleMaps/DarwinDirStat.modulemap -Xcc -fmodule-map-file\=/Users/buddhirajgautam/Library/Developer/Xcode/DerivedData/Telegram-Mac-fygdgghdgmuleoelvxabfmqiotta/Build/Intermediates.noindex/GeneratedModuleMaps/CryptoUtils.modulemap -Xcc -fmodule-map-file\=/Users/buddhirajgautam/Library/Developer/Xcode/DerivedData/Telegram-Mac-fygdgghdgmuleoelvxabfmqiotta/Build/Intermediates.noindex/GeneratedModuleMaps/Crc32.modulemap -Xcc -fmodule-map-file\=/Users/buddhirajgautam/Library/Developer/Xcode/DerivedData/Telegram-Mac-fygdgghdgmuleoelvxabfmqiotta/Build/Intermediates.noindex/GeneratedModuleMaps/FFMpegBinding.modulemap -Xcc -fmodule-map-file\=/Users/buddhirajgautam/Library/Developer/Xcode/DerivedData/Telegram-Mac-fygdgghdgmuleoelvxabfmqiotta/Build/Intermediates.noindex/GeneratedModuleMaps/YuvConversion.modulemap -Xcc -fmodule-map-file\=/Users/buddhirajgautam/Library/Developer/Xcode/DerivedData/Telegram-Mac-fygdgghdgmuleoelvxabfmqiotta/Build/Intermediates.noindex/GeneratedModuleMaps/RingBuffer.modulemap -Xcc -fmodule-map-file\=/Users/buddhirajgautam/Library/Developer/Xcode/DerivedData/Telegram-Mac-fygdgghdgmuleoelvxabfmqiotta/Build/Intermediates.noindex/GeneratedModuleMaps/ObjcUtils.modulemap -DXcode -plugin-path /Applications/Xcode.app/Contents/Developer/Toolchains/XcodeDefault.xctoolchain/usr/lib/swift/host/plugins/testing -enable-experimental-feature DebugDescriptionMacro -sdk /Applications/Xcode.app/Contents/Developer/Platforms/MacOSX.platform/Developer/SDKs/MacOSX27.0.sdk -target arm64-apple-macos12.0 -g -module-cache-path /Users/buddhirajgautam/Library/Developer/Xcode/DerivedData/ModuleCache.noindex -Xfrontend -serialize-debugging-options -profile-coverage-mapping -profile-generate -enable-testing -index-store-path /Users/buddhirajgautam/Library/Developer/Xcode/DerivedData/Telegram-Mac-fygdgghdgmuleoelvxabfmqiotta/Index.noindex/DataStore -Xcc -D_LIBCPP_HARDENING_MODE\=_LIBCPP_HARDENING_MODE_DEBUG -swift-version 5 -I /Users/buddhirajgautam/Library/Developer/Xcode/DerivedData/Telegram-Mac-fygdgghdgmuleoelvxabfmqiotta/Build/Products/Debug -Isystem /Applications/Xcode.app/Contents/Developer/Platforms/MacOSX.platform/Developer/usr/lib -F /Users/buddhirajgautam/Library/Developer/Xcode/DerivedData/Telegram-Mac-fygdgghdgmuleoelvxabfmqiotta/Build/Products/Debug/PackageFrameworks -F /Users/buddhirajgautam/Library/Developer/Xcode/DerivedData/Telegram-Mac-fygdgghdgmuleoelvxabfmqiotta/Build/Products/Debug -F /Applications/Xcode.app/Contents/Developer/Platforms/MacOSX.platform/Developer/Library/Frameworks -c -j8 -enable-batch-mode -incremental -Xcc -ivfsstatcache -Xcc /Users/buddhirajgautam/Library/Developer/Xcode/DerivedData/SDKStatCaches.noindex/macosx27.0-26A425-e829b21a6f8c9b70876ba0858053c0447231f6df4def33e022ae2eb8f782df1a.sdkstatcache -output-file-map /Users/buddhirajgautam/Library/Developer/Xcode/DerivedData/Telegram-Mac-fygdgghdgmuleoelvxabfmqiotta/Build/Intermediates.noindex/TelegramMediaPlayer.build/Debug/TelegramMediaPlayer-t.build/Objects-normal/arm64/TelegramMediaPlayer-OutputFileMap.json -save-temps -no-color-diagnostics -explicit-module-build -module-cache-path /Users/buddhirajgautam/Library/Developer/Xcode/DerivedData/Telegram-Mac-fygdgghdgmuleoelvxabfmqiotta/Build/Intermediates.noindex/SwiftExplicitPrecompiledModules -clang-scanner-module-cache-path /Users/buddhirajgautam/Library/Developer/Xcode/DerivedData/ModuleCache.noindex -sdk-module-cache-path /Users/buddhirajgautam/Library/Developer/Xcode/DerivedData/SDKExplicitPrecompiledModules -emit-dependencies -emit-module -emit-module-path /Users/buddhirajgautam/Library/Developer/Xcode/DerivedData/Telegram-Mac-fygdgghdgmuleoelvxabfmqiotta/Build/Intermediates.noindex/TelegramMediaPlayer.build/Debug/TelegramMediaPlayer-t.build/Objects-normal/arm64/TelegramMediaPlayer.swiftmodule -serialize-diagnostics -dependency-scan-serialize-diagnostics-path /Users/buddhirajgautam/Library/Developer/Xcode/DerivedData/Telegram-Mac-fygdgghdgmuleoelvxabfmqiotta/Build/Intermediates.noindex/TelegramMediaPlayer.build/Debug/TelegramMediaPlayer-t.build/Objects-normal/arm64/TelegramMediaPlayer-dependency-scan.dia -validate-clang-modules-once -clang-build-session-file /Users/buddhirajgautam/Library/Developer/Xcode/DerivedData/ModuleCache.noindex/Session.modulevalidation -Xcc -fmodules-prune-interval\=86400 -Xcc -fmodules-prune-after\=345600 -emit-const-values -const-gather-protocols-list /Users/buddhirajgautam/Library/Developer/Xcode/DerivedData/Telegram-Mac-fygdgghdgmuleoelvxabfmqiotta/Build/Intermediates.noindex/TelegramMediaPlayer.build/Debug/TelegramMediaPlayer-t.build/Objects-normal/arm64/TelegramMediaPlayer_const_extract_protocols.json -Xcc -I/Users/buddhirajgautam/Documents/Cherrygram-Mac/macOS-Swift/submodules/telegram-ios/submodules/MtProtoKit/PublicHeaders -Xcc -I/Users/buddhirajgautam/Documents/Cherrygram-Mac/macOS-Swift/submodules/telegram-ios/submodules/NetworkLogging/PublicHeaders -Xcc -I/Users/buddhirajgautam/Documents/Cherrygram-Mac/macOS-Swift/submodules/telegram-ios/submodules/Reachability/LegacyReachability/PublicHeaders -Xcc -I/Users/buddhirajgautam/Documents/Cherrygram-Mac/macOS-Swift/submodules/telegram-ios/submodules/EncryptionProvider/PublicHeaders -Xcc -I/Users/buddhirajgautam/Documents/Cherrygram-Mac/macOS-Swift/submodules/telegram-ios/submodules/MurMurHash32/PublicHeaders -Xcc -I/Users/buddhirajgautam/Documents/Cherrygram-Mac/macOS-Swift/submodules/telegram-ios/submodules/sqlcipher/PublicHeaders -Xcc -I/Users/buddhirajgautam/Documents/Cherrygram-Mac/macOS-Swift/submodules/telegram-ios/submodules/StringTransliteration/PublicHeaders -Xcc -I/Users/buddhirajgautam/Documents/Cherrygram-Mac/macOS-Swift/submodules/telegram-ios/submodules/Utils/DarwinDirStat/PublicHeaders -Xcc -I/Users/buddhirajgautam/Documents/Cherrygram-Mac/macOS-Swift/submodules/telegram-ios/submodules/CryptoUtils/PublicHeaders -Xcc -I/Users/buddhirajgautam/Documents/Cherrygram-Mac/macOS-Swift/submodules/telegram-ios/submodules/Crc32/PublicHeaders -Xcc -I/Users/buddhirajgautam/Documents/Cherrygram-Mac/macOS-Swift/submodules/telegram-ios/submodules/FFMpegBinding/Public -Xcc -I/Users/buddhirajgautam/Documents/Cherrygram-Mac/macOS-Swift/submodules/telegram-ios/submodules/YuvConversion/PublicHeaders -Xcc -I/Users/buddhirajgautam/Documents/Cherrygram-Mac/macOS-Swift/packages/RingBuffer/Sources/RingBuffer -Xcc -I/Users/buddhirajgautam/Documents/Cherrygram-Mac/macOS-Swift/packages/ObjcUtils/Sources/ObjcUtils -Xcc -I/Users/buddhirajgautam/Library/Developer/Xcode/DerivedData/Telegram-Mac-fygdgghdgmuleoelvxabfmqiotta/Build/Products/Debug/include -Xcc -I/Users/buddhirajgautam/Library/Developer/Xcode/DerivedData/Telegram-Mac-fygdgghdgmuleoelvxabfmqiotta/Build/Intermediates.noindex/TelegramMediaPlayer.build/Debug/TelegramMediaPlayer-t.build/DerivedSources-normal/arm64 -Xcc -I/Users/buddhirajgautam/Library/Developer/Xcode/DerivedData/Telegram-Mac-fygdgghdgmuleoelvxabfmqiotta/Build/Intermediates.noindex/TelegramMediaPlayer.build/Debug/TelegramMediaPlayer-t.build/DerivedSources/arm64 -Xcc -I/Users/buddhirajgautam/Library/Developer/Xcode/DerivedData/Telegram-Mac-fygdgghdgmuleoelvxabfmqiotta/Build/Intermediates.noindex/TelegramMediaPlayer.build/Debug/TelegramMediaPlayer-t.build/DerivedSources -Xcc -DSWIFT_PACKAGE -Xcc -DDEBUG\=1 -emit-objc-header -emit-objc-header-path /Users/buddhirajgautam/Library/Developer/Xcode/DerivedData/Telegram-Mac-fygdgghdgmuleoelvxabfmqiotta/Build/Intermediates.noindex/TelegramMediaPlayer.build/Debug/TelegramMediaPlayer-t.build/Objects-normal/arm64/TelegramMediaPlayer-Swift.h -working-directory /Users/buddhirajgautam/Documents/Cherrygram-Mac/macOS-Swift -experimental-emit-module-separately -disable-cmo

SwiftDriverJobDiscovery normal arm64 Compiling DownloadedFilesPaths.swift, InAppNotificationSettings.swift (in target 'InAppSettings' from project 'InAppSettings')

SwiftCompile normal arm64 Compiling\ UIView+Extensions.swift /Users/buddhirajgautam/Documents/Cherrygram-Mac/macOS-Swift/packages/GraphUI/Sources/Helpers/UIView+Extensions.swift (in target 'GraphUI' from project 'GraphUI')

SwiftCompile normal arm64 /Users/buddhirajgautam/Documents/Cherrygram-Mac/macOS-Swift/packages/GraphUI/Sources/Helpers/UIView+Extensions.swift (in target 'GraphUI' from project 'GraphUI')
    cd /Users/buddhirajgautam/Documents/Cherrygram-Mac/macOS-Swift
    builtin-SwiftPerFileCompile UIView+Extensions.swift

SwiftDriverJobDiscovery normal arm64 Compiling UnauthorizedConfiguration.swift, VoiceCallSettings.swift (in target 'InAppSettings' from project 'InAppSettings')

SwiftCompile normal arm64 Compiling\ ChartVisibilityView.swift /Users/buddhirajgautam/Documents/Cherrygram-Mac/macOS-Swift/packages/GraphUI/Sources/Charts/views/ChartVisibilityView.swift (in target 'GraphUI' from project 'GraphUI')
/Users/buddhirajgautam/Documents/Cherrygram-Mac/macOS-Swift/packages/GraphUI/Sources/Charts/views/ChartVisibilityView.swift:69:12: warning: extraneous whitespace between attribute name and '('; this is an error in the Swift 6 language mode
 67 |     }
 68 |     
 69 |     private (set) var selectedItems: [Bool] = []
    |            `- warning: extraneous whitespace between attribute name and '('; this is an error in the Swift 6 language mode
 70 |     var isExpanded: Bool = true {
 71 |         didSet {

SwiftCompile normal arm64 /Users/buddhirajgautam/Documents/Cherrygram-Mac/macOS-Swift/packages/GraphUI/Sources/Charts/views/ChartVisibilityView.swift (in target 'GraphUI' from project 'GraphUI')
    cd /Users/buddhirajgautam/Documents/Cherrygram-Mac/macOS-Swift
    builtin-SwiftPerFileCompile ChartVisibilityView.swift

SwiftDriverJobDiscovery normal arm64 Compiling InstantViewAppearance.swift, PasscodeSettings.swift (in target 'InAppSettings' from project 'InAppSettings')

SwiftCompile normal arm64 Compiling\ RangeChartView.swift /Users/buddhirajgautam/Documents/Cherrygram-Mac/macOS-Swift/packages/GraphUI/Sources/Charts/views/RangeChartView.swift (in target 'GraphUI' from project 'GraphUI')

SwiftCompile normal arm64 /Users/buddhirajgautam/Documents/Cherrygram-Mac/macOS-Swift/packages/GraphUI/Sources/Charts/views/RangeChartView.swift (in target 'GraphUI' from project 'GraphUI')
    cd /Users/buddhirajgautam/Documents/Cherrygram-Mac/macOS-Swift
    builtin-SwiftPerFileCompile RangeChartView.swift

SwiftDriverJobDiscovery normal arm64 Compiling UIView+Extensions.swift (in target 'GraphUI' from project 'GraphUI')

SwiftCompile normal arm64 Compiling\ ChartView.swift,\ ChartVisibilityItemView.swift /Users/buddhirajgautam/Documents/Cherrygram-Mac/macOS-Swift/packages/GraphUI/Sources/Charts/views/ChartView.swift /Users/buddhirajgautam/Documents/Cherrygram-Mac/macOS-Swift/packages/GraphUI/Sources/Charts/views/ChartVisibilityItemView.swift (in target 'GraphUI' from project 'GraphUI')

SwiftCompile normal arm64 /Users/buddhirajgautam/Documents/Cherrygram-Mac/macOS-Swift/packages/GraphUI/Sources/Charts/views/ChartView.swift (in target 'GraphUI' from project 'GraphUI')
    cd /Users/buddhirajgautam/Documents/Cherrygram-Mac/macOS-Swift
    builtin-SwiftPerFileCompile ChartView.swift

SwiftCompile normal arm64 /Users/buddhirajgautam/Documents/Cherrygram-Mac/macOS-Swift/packages/GraphUI/Sources/Charts/views/ChartVisibilityItemView.swift (in target 'GraphUI' from project 'GraphUI')
    cd /Users/buddhirajgautam/Documents/Cherrygram-Mac/macOS-Swift
    builtin-SwiftPerFileCompile ChartVisibilityItemView.swift

SwiftDriverJobDiscovery normal arm64 Compiling AdditionalSettings.swift, ApplicationSpecificPreferencesKeys.swift, AutomaticMediaDownloadCategoryPeers.swift (in target 'InAppSettings' from project 'InAppSettings')

SwiftCompile normal arm64 Compiling\ UIImageView+Utils.swift /Users/buddhirajgautam/Documents/Cherrygram-Mac/macOS-Swift/packages/GraphUI/Sources/Helpers/UIImageView+Utils.swift (in target 'GraphUI' from project 'GraphUI')

SwiftCompile normal arm64 /Users/buddhirajgautam/Documents/Cherrygram-Mac/macOS-Swift/packages/GraphUI/Sources/Helpers/UIImageView+Utils.swift (in target 'GraphUI' from project 'GraphUI')
    cd /Users/buddhirajgautam/Documents/Cherrygram-Mac/macOS-Swift
    builtin-SwiftPerFileCompile UIImageView+Utils.swift

SwiftCompile normal arm64 Compiling\ UIImage+Utils.swift /Users/buddhirajgautam/Documents/Cherrygram-Mac/macOS-Swift/packages/GraphUI/Sources/Helpers/UIImage+Utils.swift (in target 'GraphUI' from project 'GraphUI')

SwiftCompile normal arm64 /Users/buddhirajgautam/Documents/Cherrygram-Mac/macOS-Swift/packages/GraphUI/Sources/Helpers/UIImage+Utils.swift (in target 'GraphUI' from project 'GraphUI')
    cd /Users/buddhirajgautam/Documents/Cherrygram-Mac/macOS-Swift
    builtin-SwiftPerFileCompile UIImage+Utils.swift

SwiftDriverJobDiscovery normal arm64 Compiling ChatListFilterPreferences.swift, DockSettings.swift (in target 'InAppSettings' from project 'InAppSettings')

SwiftCompile normal arm64 Compiling\ ChartDetailsView.swift,\ ChartStackSection.swift /Users/buddhirajgautam/Documents/Cherrygram-Mac/macOS-Swift/packages/GraphUI/Sources/Charts/views/ChartDetailsView.swift /Users/buddhirajgautam/Documents/Cherrygram-Mac/macOS-Swift/packages/GraphUI/Sources/Charts/views/ChartStackSection.swift (in target 'GraphUI' from project 'GraphUI')
/Users/buddhirajgautam/Documents/Cherrygram-Mac/macOS-Swift/packages/GraphUI/Sources/Charts/views/ChartVisibilityView.swift:69:12: warning: extraneous whitespace between attribute name and '('; this is an error in the Swift 6 language mode
 67 |     }
 68 |     
 69 |     private (set) var selectedItems: [Bool] = []
    |            `- warning: extraneous whitespace between attribute name and '('; this is an error in the Swift 6 language mode
 70 |     var isExpanded: Bool = true {
 71 |         didSet {

SwiftCompile normal arm64 /Users/buddhirajgautam/Documents/Cherrygram-Mac/macOS-Swift/packages/GraphUI/Sources/Charts/views/ChartDetailsView.swift (in target 'GraphUI' from project 'GraphUI')
    cd /Users/buddhirajgautam/Documents/Cherrygram-Mac/macOS-Swift
    builtin-SwiftPerFileCompile ChartDetailsView.swift

SwiftCompile normal arm64 /Users/buddhirajgautam/Documents/Cherrygram-Mac/macOS-Swift/packages/GraphUI/Sources/Charts/views/ChartStackSection.swift (in target 'GraphUI' from project 'GraphUI')
    cd /Users/buddhirajgautam/Documents/Cherrygram-Mac/macOS-Swift
    builtin-SwiftPerFileCompile ChartStackSection.swift

SwiftDriverJobDiscovery normal arm64 Compiling ChartVisibilityView.swift (in target 'GraphUI' from project 'GraphUI')

SwiftCompile normal arm64 Compiling\ UILabel+Utils.swift /Users/buddhirajgautam/Documents/Cherrygram-Mac/macOS-Swift/packages/GraphUI/Sources/Helpers/UILabel+Utils.swift (in target 'GraphUI' from project 'GraphUI')

SwiftCompile normal arm64 /Users/buddhirajgautam/Documents/Cherrygram-Mac/macOS-Swift/packages/GraphUI/Sources/Helpers/UILabel+Utils.swift (in target 'GraphUI' from project 'GraphUI')
    cd /Users/buddhirajgautam/Documents/Cherrygram-Mac/macOS-Swift
    builtin-SwiftPerFileCompile UILabel+Utils.swift

SwiftDriverJobDiscovery normal arm64 Compiling UIImage+Utils.swift (in target 'GraphUI' from project 'GraphUI')

SwiftDriverJobDiscovery normal arm64 Compiling UIImageView+Utils.swift (in target 'GraphUI' from project 'GraphUI')

ExtractAppIntentsMetadata (in target 'FlatSerialization' from project 'FlatSerialization')
    cd /Users/buddhirajgautam/Documents/Cherrygram-Mac/macOS-Swift/submodules/telegram-ios/submodules/TelegramCore/FlatSerialization
    /Applications/Xcode.app/Contents/Developer/Toolchains/XcodeDefault.xctoolchain/usr/bin/appintentsmetadataprocessor --toolchain-dir /var/run/com.apple.security.cryptexd/mnt/com.apple.MobileAsset.MetalToolchain-v27.1.266.1.Pr1pMU/Metal.xctoolchain --module-name FlatSerialization --sdk-root /Applications/Xcode.app/Contents/Developer/Platforms/MacOSX.platform/Developer/SDKs/MacOSX27.0.sdk --xcode-version 27A266a --platform-family macOS --deployment-target 12.0 --bundle-identifier flatserialization.FlatSerialization --output /Users/buddhirajgautam/Library/Developer/Xcode/DerivedData/Telegram-Mac-fygdgghdgmuleoelvxabfmqiotta/Build/Products/Debug/FlatSerialization.appintents --target-triple arm64-apple-macos12.0 --binary-file /Users/buddhirajgautam/Library/Developer/Xcode/DerivedData/Telegram-Mac-fygdgghdgmuleoelvxabfmqiotta/Build/Products/Debug/FlatSerialization.o --dependency-file /Users/buddhirajgautam/Library/Developer/Xcode/DerivedData/Telegram-Mac-fygdgghdgmuleoelvxabfmqiotta/Build/Intermediates.noindex/FlatSerialization.build/Debug/FlatSerialization-t.build/Objects-normal/arm64/FlatSerialization_dependency_info.dat --stringsdata-file /Users/buddhirajgautam/Library/Developer/Xcode/DerivedData/Telegram-Mac-fygdgghdgmuleoelvxabfmqiotta/Build/Intermediates.noindex/FlatSerialization.build/Debug/FlatSerialization-t.build/Objects-normal/arm64/ExtractedAppShortcutsMetadata.stringsdata --source-file-list /Users/buddhirajgautam/Library/Developer/Xcode/DerivedData/Telegram-Mac-fygdgghdgmuleoelvxabfmqiotta/Build/Intermediates.noindex/FlatSerialization.build/Debug/FlatSerialization-t.build/Objects-normal/arm64/FlatSerialization.SwiftFileList --metadata-file-list /Users/buddhirajgautam/Library/Developer/Xcode/DerivedData/Telegram-Mac-fygdgghdgmuleoelvxabfmqiotta/Build/Intermediates.noindex/FlatSerialization.build/Debug/FlatSerialization-t.build/FlatSerialization.DependencyMetadataFileList --static-metadata-file-list /Users/buddhirajgautam/Library/Developer/Xcode/DerivedData/Telegram-Mac-fygdgghdgmuleoelvxabfmqiotta/Build/Intermediates.noindex/FlatSerialization.build/Debug/FlatSerialization-t.build/FlatSerialization.DependencyStaticMetadataFileList --swift-const-vals-list /Users/buddhirajgautam/Library/Developer/Xcode/DerivedData/Telegram-Mac-fygdgghdgmuleoelvxabfmqiotta/Build/Intermediates.noindex/FlatSerialization.build/Debug/FlatSerialization-t.build/Objects-normal/arm64/FlatSerialization.SwiftConstValuesFileList --force --compile-time-extraction --deployment-aware-processing --no-app-shortcuts-localization
2026-09-21 20:25:20.548 appintentsmetadataprocessor[56679:3889165] Starting appintentsmetadataprocessor export
2026-09-21 20:25:20.635 appintentsmetadataprocessor[56679:3889165] Extracted no relevant App Intents symbols, skipping writing output

SwiftCompile normal arm64 Compiling\ FetchManager.swift /Users/buddhirajgautam/Documents/Cherrygram-Mac/macOS-Swift/packages/FetchManager/Sources/FetchManager/FetchManager.swift (in target 'FetchManager' from project 'FetchManager')

SwiftCompile normal arm64 /Users/buddhirajgautam/Documents/Cherrygram-Mac/macOS-Swift/packages/FetchManager/Sources/FetchManager/FetchManager.swift (in target 'FetchManager' from project 'FetchManager')
    cd /Users/buddhirajgautam/Documents/Cherrygram-Mac/macOS-Swift
    builtin-SwiftPerFileCompile FetchManager.swift

SwiftCompile normal arm64 Compiling\ DownloadedMediaStoreManager.swift /Users/buddhirajgautam/Documents/Cherrygram-Mac/macOS-Swift/packages/FetchManager/Sources/FetchManager/DownloadedMediaStoreManager.swift (in target 'FetchManager' from project 'FetchManager')

SwiftCompile normal arm64 /Users/buddhirajgautam/Documents/Cherrygram-Mac/macOS-Swift/packages/FetchManager/Sources/FetchManager/DownloadedMediaStoreManager.swift (in target 'FetchManager' from project 'FetchManager')
    cd /Users/buddhirajgautam/Documents/Cherrygram-Mac/macOS-Swift
    builtin-SwiftPerFileCompile DownloadedMediaStoreManager.swift

SwiftDriverJobDiscovery normal arm64 Compiling AutoplayPreferences.swift, BaseApplicationSettings.swift (in target 'InAppSettings' from project 'InAppSettings')

SwiftCompile normal arm64 Compiling\ PreloadVideoResource.swift /Users/buddhirajgautam/Documents/Cherrygram-Mac/macOS-Swift/packages/FetchManager/Sources/FetchManager/PreloadVideoResource.swift (in target 'FetchManager' from project 'FetchManager')

SwiftCompile normal arm64 /Users/buddhirajgautam/Documents/Cherrygram-Mac/macOS-Swift/packages/FetchManager/Sources/FetchManager/PreloadVideoResource.swift (in target 'FetchManager' from project 'FetchManager')
    cd /Users/buddhirajgautam/Documents/Cherrygram-Mac/macOS-Swift
    builtin-SwiftPerFileCompile PreloadVideoResource.swift

SwiftDriverJobDiscovery normal arm64 Compiling RangeChartView.swift (in target 'GraphUI' from project 'GraphUI')

SwiftDriver\ Compilation InAppSettings normal arm64 com.apple.xcode.tools.swift.compiler (in target 'InAppSettings' from project 'InAppSettings')
    cd /Users/buddhirajgautam/Documents/Cherrygram-Mac/macOS-Swift
    builtin-Swift-Compilation -- /Applications/Xcode.app/Contents/Developer/Toolchains/XcodeDefault.xctoolchain/usr/bin/swiftc -parse-as-library -module-name InAppSettings -Onone @/Users/buddhirajgautam/Library/Developer/Xcode/DerivedData/Telegram-Mac-fygdgghdgmuleoelvxabfmqiotta/Build/Intermediates.noindex/InAppSettings.build/Debug/InAppSettings-t.build/Objects-normal/arm64/InAppSettings.SwiftFileList -DSWIFT_PACKAGE -DDEBUG -DSWIFT_MODULE_RESOURCE_BUNDLE_UNAVAILABLE -Xcc -fmodule-map-file\=/Users/buddhirajgautam/Library/Developer/Xcode/DerivedData/Telegram-Mac-fygdgghdgmuleoelvxabfmqiotta/Build/Intermediates.noindex/GeneratedModuleMaps/MurMurHash32.modulemap -Xcc -fmodule-map-file\=/Users/buddhirajgautam/Library/Developer/Xcode/DerivedData/Telegram-Mac-fygdgghdgmuleoelvxabfmqiotta/Build/Intermediates.noindex/GeneratedModuleMaps/sqlcipher.modulemap -Xcc -fmodule-map-file\=/Users/buddhirajgautam/Library/Developer/Xcode/DerivedData/Telegram-Mac-fygdgghdgmuleoelvxabfmqiotta/Build/Intermediates.noindex/GeneratedModuleMaps/StringTransliteration.modulemap -Xcc -fmodule-map-file\=/Users/buddhirajgautam/Library/Developer/Xcode/DerivedData/Telegram-Mac-fygdgghdgmuleoelvxabfmqiotta/Build/Intermediates.noindex/GeneratedModuleMaps/Crc32.modulemap -Xcc -fmodule-map-file\=/Users/buddhirajgautam/Library/Developer/Xcode/DerivedData/Telegram-Mac-fygdgghdgmuleoelvxabfmqiotta/Build/Intermediates.noindex/GeneratedModuleMaps/ObjcUtils.modulemap -Xcc -fmodule-map-file\=/Users/buddhirajgautam/Library/Developer/Xcode/DerivedData/Telegram-Mac-fygdgghdgmuleoelvxabfmqiotta/Build/Intermediates.noindex/GeneratedModuleMaps/MtProtoKit.modulemap -Xcc -fmodule-map-file\=/Users/buddhirajgautam/Library/Developer/Xcode/DerivedData/Telegram-Mac-fygdgghdgmuleoelvxabfmqiotta/Build/Intermediates.noindex/GeneratedModuleMaps/CryptoUtils.modulemap -Xcc -fmodule-map-file\=/Users/buddhirajgautam/Library/Developer/Xcode/DerivedData/Telegram-Mac-fygdgghdgmuleoelvxabfmqiotta/Build/Intermediates.noindex/GeneratedModuleMaps/NetworkLogging.modulemap -Xcc -fmodule-map-file\=/Users/buddhirajgautam/Library/Developer/Xcode/DerivedData/Telegram-Mac-fygdgghdgmuleoelvxabfmqiotta/Build/Intermediates.noindex/GeneratedModuleMaps/DarwinDirStat.modulemap -Xcc -fmodule-map-file\=/Users/buddhirajgautam/Library/Developer/Xcode/DerivedData/Telegram-Mac-fygdgghdgmuleoelvxabfmqiotta/Build/Intermediates.noindex/GeneratedModuleMaps/LegacyReachability.modulemap -Xcc -fmodule-map-file\=/Users/buddhirajgautam/Library/Developer/Xcode/DerivedData/Telegram-Mac-fygdgghdgmuleoelvxabfmqiotta/Build/Intermediates.noindex/GeneratedModuleMaps/EncryptionProvider.modulemap -DXcode -plugin-path /Applications/Xcode.app/Contents/Developer/Toolchains/XcodeDefault.xctoolchain/usr/lib/swift/host/plugins/testing -enable-experimental-feature DebugDescriptionMacro -sdk /Applications/Xcode.app/Contents/Developer/Platforms/MacOSX.platform/Developer/SDKs/MacOSX27.0.sdk -target arm64-apple-macos12.0 -g -module-cache-path /Users/buddhirajgautam/Library/Developer/Xcode/DerivedData/ModuleCache.noindex -Xfrontend -serialize-debugging-options -profile-coverage-mapping -profile-generate -enable-testing -index-store-path /Users/buddhirajgautam/Library/Developer/Xcode/DerivedData/Telegram-Mac-fygdgghdgmuleoelvxabfmqiotta/Index.noindex/DataStore -Xcc -D_LIBCPP_HARDENING_MODE\=_LIBCPP_HARDENING_MODE_DEBUG -swift-version 5 -I /Users/buddhirajgautam/Library/Developer/Xcode/DerivedData/Telegram-Mac-fygdgghdgmuleoelvxabfmqiotta/Build/Products/Debug -Isystem /Applications/Xcode.app/Contents/Developer/Platforms/MacOSX.platform/Developer/usr/lib -F /Users/buddhirajgautam/Library/Developer/Xcode/DerivedData/Telegram-Mac-fygdgghdgmuleoelvxabfmqiotta/Build/Products/Debug/PackageFrameworks -F /Users/buddhirajgautam/Library/Developer/Xcode/DerivedData/Telegram-Mac-fygdgghdgmuleoelvxabfmqiotta/Build/Products/Debug -F /Applications/Xcode.app/Contents/Developer/Platforms/MacOSX.platform/Developer/Library/Frameworks -c -j8 -enable-batch-mode -incremental -Xcc -ivfsstatcache -Xcc /Users/buddhirajgautam/Library/Developer/Xcode/DerivedData/SDKStatCaches.noindex/macosx27.0-26A425-e829b21a6f8c9b70876ba0858053c0447231f6df4def33e022ae2eb8f782df1a.sdkstatcache -output-file-map /Users/buddhirajgautam/Library/Developer/Xcode/DerivedData/Telegram-Mac-fygdgghdgmuleoelvxabfmqiotta/Build/Intermediates.noindex/InAppSettings.build/Debug/InAppSettings-t.build/Objects-normal/arm64/InAppSettings-OutputFileMap.json -save-temps -no-color-diagnostics -explicit-module-build -module-cache-path /Users/buddhirajgautam/Library/Developer/Xcode/DerivedData/Telegram-Mac-fygdgghdgmuleoelvxabfmqiotta/Build/Intermediates.noindex/SwiftExplicitPrecompiledModules -clang-scanner-module-cache-path /Users/buddhirajgautam/Library/Developer/Xcode/DerivedData/ModuleCache.noindex -sdk-module-cache-path /Users/buddhirajgautam/Library/Developer/Xcode/DerivedData/SDKExplicitPrecompiledModules -emit-dependencies -emit-module -emit-module-path /Users/buddhirajgautam/Library/Developer/Xcode/DerivedData/Telegram-Mac-fygdgghdgmuleoelvxabfmqiotta/Build/Intermediates.noindex/InAppSettings.build/Debug/InAppSettings-t.build/Objects-normal/arm64/InAppSettings.swiftmodule -serialize-diagnostics -dependency-scan-serialize-diagnostics-path /Users/buddhirajgautam/Library/Developer/Xcode/DerivedData/Telegram-Mac-fygdgghdgmuleoelvxabfmqiotta/Build/Intermediates.noindex/InAppSettings.build/Debug/InAppSettings-t.build/Objects-normal/arm64/InAppSettings-dependency-scan.dia -validate-clang-modules-once -clang-build-session-file /Users/buddhirajgautam/Library/Developer/Xcode/DerivedData/ModuleCache.noindex/Session.modulevalidation -Xcc -fmodules-prune-interval\=86400 -Xcc -fmodules-prune-after\=345600 -emit-const-values -const-gather-protocols-list /Users/buddhirajgautam/Library/Developer/Xcode/DerivedData/Telegram-Mac-fygdgghdgmuleoelvxabfmqiotta/Build/Intermediates.noindex/InAppSettings.build/Debug/InAppSettings-t.build/Objects-normal/arm64/InAppSettings_const_extract_protocols.json -Xcc -I/Users/buddhirajgautam/Documents/Cherrygram-Mac/macOS-Swift/submodules/telegram-ios/submodules/MurMurHash32/PublicHeaders -Xcc -I/Users/buddhirajgautam/Documents/Cherrygram-Mac/macOS-Swift/submodules/telegram-ios/submodules/sqlcipher/PublicHeaders -Xcc -I/Users/buddhirajgautam/Documents/Cherrygram-Mac/macOS-Swift/submodules/telegram-ios/submodules/StringTransliteration/PublicHeaders -Xcc -I/Users/buddhirajgautam/Documents/Cherrygram-Mac/macOS-Swift/submodules/telegram-ios/submodules/Crc32/PublicHeaders -Xcc -I/Users/buddhirajgautam/Documents/Cherrygram-Mac/macOS-Swift/packages/ObjcUtils/Sources/ObjcUtils -Xcc -I/Users/buddhirajgautam/Documents/Cherrygram-Mac/macOS-Swift/submodules/telegram-ios/submodules/MtProtoKit/PublicHeaders -Xcc -I/Users/buddhirajgautam/Documents/Cherrygram-Mac/macOS-Swift/submodules/telegram-ios/submodules/CryptoUtils/PublicHeaders -Xcc -I/Users/buddhirajgautam/Documents/Cherrygram-Mac/macOS-Swift/submodules/telegram-ios/submodules/NetworkLogging/PublicHeaders -Xcc -I/Users/buddhirajgautam/Documents/Cherrygram-Mac/macOS-Swift/submodules/telegram-ios/submodules/Utils/DarwinDirStat/PublicHeaders -Xcc -I/Users/buddhirajgautam/Documents/Cherrygram-Mac/macOS-Swift/submodules/telegram-ios/submodules/Reachability/LegacyReachability/PublicHeaders -Xcc -I/Users/buddhirajgautam/Documents/Cherrygram-Mac/macOS-Swift/submodules/telegram-ios/submodules/EncryptionProvider/PublicHeaders -Xcc -I/Users/buddhirajgautam/Library/Developer/Xcode/DerivedData/Telegram-Mac-fygdgghdgmuleoelvxabfmqiotta/Build/Products/Debug/include -Xcc -I/Users/buddhirajgautam/Library/Developer/Xcode/DerivedData/Telegram-Mac-fygdgghdgmuleoelvxabfmqiotta/Build/Intermediates.noindex/InAppSettings.build/Debug/InAppSettings-t.build/DerivedSources-normal/arm64 -Xcc -I/Users/buddhirajgautam/Library/Developer/Xcode/DerivedData/Telegram-Mac-fygdgghdgmuleoelvxabfmqiotta/Build/Intermediates.noindex/InAppSettings.build/Debug/InAppSettings-t.build/DerivedSources/arm64 -Xcc -I/Users/buddhirajgautam/Library/Developer/Xcode/DerivedData/Telegram-Mac-fygdgghdgmuleoelvxabfmqiotta/Build/Intermediates.noindex/InAppSettings.build/Debug/InAppSettings-t.build/DerivedSources -Xcc -DSWIFT_PACKAGE -Xcc -DDEBUG\=1 -emit-objc-header -emit-objc-header-path /Users/buddhirajgautam/Library/Developer/Xcode/DerivedData/Telegram-Mac-fygdgghdgmuleoelvxabfmqiotta/Build/Intermediates.noindex/InAppSettings.build/Debug/InAppSettings-t.build/Objects-normal/arm64/InAppSettings-Swift.h -working-directory /Users/buddhirajgautam/Documents/Cherrygram-Mac/macOS-Swift -experimental-emit-module-separately -disable-cmo

SwiftDriverJobDiscovery normal arm64 Compiling UILabel+Utils.swift (in target 'GraphUI' from project 'GraphUI')

SwiftCompile normal arm64 Compiling\ FetchManagerImpl.swift /Users/buddhirajgautam/Documents/Cherrygram-Mac/macOS-Swift/packages/FetchManager/Sources/FetchManager/FetchManagerImpl.swift (in target 'FetchManager' from project 'FetchManager')

SwiftCompile normal arm64 /Users/buddhirajgautam/Documents/Cherrygram-Mac/macOS-Swift/packages/FetchManager/Sources/FetchManager/FetchManagerImpl.swift (in target 'FetchManager' from project 'FetchManager')
    cd /Users/buddhirajgautam/Documents/Cherrygram-Mac/macOS-Swift
    builtin-SwiftPerFileCompile FetchManagerImpl.swift

SwiftDriverJobDiscovery normal arm64 Compiling PreloadVideoResource.swift (in target 'FetchManager' from project 'FetchManager')

SwiftCompile normal arm64 Compiling\ Dock.swift /Users/buddhirajgautam/Documents/Cherrygram-Mac/macOS-Swift/packages/Dock/Sources/Dock.swift (in target 'Dock' from project 'Dock')

SwiftCompile normal arm64 /Users/buddhirajgautam/Documents/Cherrygram-Mac/macOS-Swift/packages/Dock/Sources/Dock.swift (in target 'Dock' from project 'Dock')
    cd /Users/buddhirajgautam/Documents/Cherrygram-Mac/macOS-Swift
    builtin-SwiftPerFileCompile Dock.swift

Touch /Users/buddhirajgautam/Library/Developer/Xcode/DerivedData/Telegram-Mac-fygdgghdgmuleoelvxabfmqiotta/Build/Products/Debug/CallVideoLayer_CallVideoLayer.bundle (in target 'CallVideoLayer_CallVideoLayer' from project 'CallVideoLayer')
    cd /Users/buddhirajgautam/Documents/Cherrygram-Mac/macOS-Swift/packages/CallVideoLayer
    /usr/bin/touch -c /Users/buddhirajgautam/Library/Developer/Xcode/DerivedData/Telegram-Mac-fygdgghdgmuleoelvxabfmqiotta/Build/Products/Debug/CallVideoLayer_CallVideoLayer.bundle

ExtractAppIntentsMetadata (in target 'ApiCredentials' from project 'ApiCredentials')
    cd /Users/buddhirajgautam/Documents/Cherrygram-Mac/macOS-Swift/packages/ApiCredentials
    /Applications/Xcode.app/Contents/Developer/Toolchains/XcodeDefault.xctoolchain/usr/bin/appintentsmetadataprocessor --toolchain-dir /var/run/com.apple.security.cryptexd/mnt/com.apple.MobileAsset.MetalToolchain-v27.1.266.1.Pr1pMU/Metal.xctoolchain --module-name ApiCredentials --sdk-root /Applications/Xcode.app/Contents/Developer/Platforms/MacOSX.platform/Developer/SDKs/MacOSX27.0.sdk --xcode-version 27A266a --platform-family macOS --deployment-target 12.0 --bundle-identifier apicredentials.ApiCredentials --output /Users/buddhirajgautam/Library/Developer/Xcode/DerivedData/Telegram-Mac-fygdgghdgmuleoelvxabfmqiotta/Build/Products/Debug/ApiCredentials.appintents --target-triple arm64-apple-macos12.0 --binary-file /Users/buddhirajgautam/Library/Developer/Xcode/DerivedData/Telegram-Mac-fygdgghdgmuleoelvxabfmqiotta/Build/Products/Debug/ApiCredentials.o --dependency-file /Users/buddhirajgautam/Library/Developer/Xcode/DerivedData/Telegram-Mac-fygdgghdgmuleoelvxabfmqiotta/Build/Intermediates.noindex/ApiCredentials.build/Debug/ApiCredentials-t.build/Objects-normal/arm64/ApiCredentials_dependency_info.dat --stringsdata-file /Users/buddhirajgautam/Library/Developer/Xcode/DerivedData/Telegram-Mac-fygdgghdgmuleoelvxabfmqiotta/Build/Intermediates.noindex/ApiCredentials.build/Debug/ApiCredentials-t.build/Objects-normal/arm64/ExtractedAppShortcutsMetadata.stringsdata --source-file-list /Users/buddhirajgautam/Library/Developer/Xcode/DerivedData/Telegram-Mac-fygdgghdgmuleoelvxabfmqiotta/Build/Intermediates.noindex/ApiCredentials.build/Debug/ApiCredentials-t.build/Objects-normal/arm64/ApiCredentials.SwiftFileList --metadata-file-list /Users/buddhirajgautam/Library/Developer/Xcode/DerivedData/Telegram-Mac-fygdgghdgmuleoelvxabfmqiotta/Build/Intermediates.noindex/ApiCredentials.build/Debug/ApiCredentials-t.build/ApiCredentials.DependencyMetadataFileList --static-metadata-file-list /Users/buddhirajgautam/Library/Developer/Xcode/DerivedData/Telegram-Mac-fygdgghdgmuleoelvxabfmqiotta/Build/Intermediates.noindex/ApiCredentials.build/Debug/ApiCredentials-t.build/ApiCredentials.DependencyStaticMetadataFileList --swift-const-vals-list /Users/buddhirajgautam/Library/Developer/Xcode/DerivedData/Telegram-Mac-fygdgghdgmuleoelvxabfmqiotta/Build/Intermediates.noindex/ApiCredentials.build/Debug/ApiCredentials-t.build/Objects-normal/arm64/ApiCredentials.SwiftConstValuesFileList --force --compile-time-extraction --deployment-aware-processing --no-app-shortcuts-localization
2026-09-21 20:25:21.045 appintentsmetadataprocessor[56686:3889190] Starting appintentsmetadataprocessor export
2026-09-21 20:25:21.160 appintentsmetadataprocessor[56686:3889190] Extracted no relevant App Intents symbols, skipping writing output

SwiftDriverJobDiscovery normal arm64 Compiling DownloadedMediaStoreManager.swift (in target 'FetchManager' from project 'FetchManager')

SwiftDriverJobDiscovery normal arm64 Compiling ChartView.swift, ChartVisibilityItemView.swift (in target 'GraphUI' from project 'GraphUI')

ExtractAppIntentsMetadata (in target 'Postbox' from project 'Postbox')
    cd /Users/buddhirajgautam/Documents/Cherrygram-Mac/macOS-Swift/submodules/telegram-ios/submodules/Postbox
    /Applications/Xcode.app/Contents/Developer/Toolchains/XcodeDefault.xctoolchain/usr/bin/appintentsmetadataprocessor --toolchain-dir /var/run/com.apple.security.cryptexd/mnt/com.apple.MobileAsset.MetalToolchain-v27.1.266.1.Pr1pMU/Metal.xctoolchain --module-name Postbox --sdk-root /Applications/Xcode.app/Contents/Developer/Platforms/MacOSX.platform/Developer/SDKs/MacOSX27.0.sdk --xcode-version 27A266a --platform-family macOS --deployment-target 12.0 --bundle-identifier postbox.Postbox --output /Users/buddhirajgautam/Library/Developer/Xcode/DerivedData/Telegram-Mac-fygdgghdgmuleoelvxabfmqiotta/Build/Products/Debug/Postbox.appintents --target-triple arm64-apple-macos12.0 --binary-file /Users/buddhirajgautam/Library/Developer/Xcode/DerivedData/Telegram-Mac-fygdgghdgmuleoelvxabfmqiotta/Build/Products/Debug/Postbox.o --dependency-file /Users/buddhirajgautam/Library/Developer/Xcode/DerivedData/Telegram-Mac-fygdgghdgmuleoelvxabfmqiotta/Build/Intermediates.noindex/Postbox.build/Debug/Postbox-t.build/Objects-normal/arm64/Postbox_dependency_info.dat --stringsdata-file /Users/buddhirajgautam/Library/Developer/Xcode/DerivedData/Telegram-Mac-fygdgghdgmuleoelvxabfmqiotta/Build/Intermediates.noindex/Postbox.build/Debug/Postbox-t.build/Objects-normal/arm64/ExtractedAppShortcutsMetadata.stringsdata --source-file-list /Users/buddhirajgautam/Library/Developer/Xcode/DerivedData/Telegram-Mac-fygdgghdgmuleoelvxabfmqiotta/Build/Intermediates.noindex/Postbox.build/Debug/Postbox-t.build/Objects-normal/arm64/Postbox.SwiftFileList --metadata-file-list /Users/buddhirajgautam/Library/Developer/Xcode/DerivedData/Telegram-Mac-fygdgghdgmuleoelvxabfmqiotta/Build/Intermediates.noindex/Postbox.build/Debug/Postbox-t.build/Postbox.DependencyMetadataFileList --static-metadata-file-list /Users/buddhirajgautam/Library/Developer/Xcode/DerivedData/Telegram-Mac-fygdgghdgmuleoelvxabfmqiotta/Build/Intermediates.noindex/Postbox.build/Debug/Postbox-t.build/Postbox.DependencyStaticMetadataFileList --swift-const-vals-list /Users/buddhirajgautam/Library/Developer/Xcode/DerivedData/Telegram-Mac-fygdgghdgmuleoelvxabfmqiotta/Build/Intermediates.noindex/Postbox.build/Debug/Postbox-t.build/Objects-normal/arm64/Postbox.SwiftConstValuesFileList --force --compile-time-extraction --deployment-aware-processing --no-app-shortcuts-localization
2026-09-21 20:25:21.115 appintentsmetadataprocessor[56687:3889193] Starting appintentsmetadataprocessor export
2026-09-21 20:25:21.262 appintentsmetadataprocessor[56687:3889193] Extracted no relevant App Intents symbols, skipping writing output

SwiftDriver ThemeSettings normal arm64 com.apple.xcode.tools.swift.compiler (in target 'ThemeSettings' from project 'ThemeSettings')
    cd /Users/buddhirajgautam/Documents/Cherrygram-Mac/macOS-Swift
    builtin-SwiftDriver -- /Applications/Xcode.app/Contents/Developer/Toolchains/XcodeDefault.xctoolchain/usr/bin/swiftc -parse-as-library -module-name ThemeSettings -Onone @/Users/buddhirajgautam/Library/Developer/Xcode/DerivedData/Telegram-Mac-fygdgghdgmuleoelvxabfmqiotta/Build/Intermediates.noindex/ThemeSettings.build/Debug/ThemeSettings-t.build/Objects-normal/arm64/ThemeSettings.SwiftFileList -DSWIFT_PACKAGE -DDEBUG -DSWIFT_MODULE_RESOURCE_BUNDLE_UNAVAILABLE -Xcc -fmodule-map-file\=/Users/buddhirajgautam/Library/Developer/Xcode/DerivedData/Telegram-Mac-fygdgghdgmuleoelvxabfmqiotta/Build/Intermediates.noindex/GeneratedModuleMaps/MurMurHash32.modulemap -Xcc -fmodule-map-file\=/Users/buddhirajgautam/Library/Developer/Xcode/DerivedData/Telegram-Mac-fygdgghdgmuleoelvxabfmqiotta/Build/Intermediates.noindex/GeneratedModuleMaps/sqlcipher.modulemap -Xcc -fmodule-map-file\=/Users/buddhirajgautam/Library/Developer/Xcode/DerivedData/Telegram-Mac-fygdgghdgmuleoelvxabfmqiotta/Build/Intermediates.noindex/GeneratedModuleMaps/StringTransliteration.modulemap -Xcc -fmodule-map-file\=/Users/buddhirajgautam/Library/Developer/Xcode/DerivedData/Telegram-Mac-fygdgghdgmuleoelvxabfmqiotta/Build/Intermediates.noindex/GeneratedModuleMaps/Crc32.modulemap -Xcc -fmodule-map-file\=/Users/buddhirajgautam/Library/Developer/Xcode/DerivedData/Telegram-Mac-fygdgghdgmuleoelvxabfmqiotta/Build/Intermediates.noindex/GeneratedModuleMaps/ObjcUtils.modulemap -Xcc -fmodule-map-file\=/Users/buddhirajgautam/Library/Developer/Xcode/DerivedData/Telegram-Mac-fygdgghdgmuleoelvxabfmqiotta/Build/Intermediates.noindex/GeneratedModuleMaps/MtProtoKit.modulemap -Xcc -fmodule-map-file\=/Users/buddhirajgautam/Library/Developer/Xcode/DerivedData/Telegram-Mac-fygdgghdgmuleoelvxabfmqiotta/Build/Intermediates.noindex/GeneratedModuleMaps/CryptoUtils.modulemap -Xcc -fmodule-map-file\=/Users/buddhirajgautam/Library/Developer/Xcode/DerivedData/Telegram-Mac-fygdgghdgmuleoelvxabfmqiotta/Build/Intermediates.noindex/GeneratedModuleMaps/NetworkLogging.modulemap -Xcc -fmodule-map-file\=/Users/buddhirajgautam/Library/Developer/Xcode/DerivedData/Telegram-Mac-fygdgghdgmuleoelvxabfmqiotta/Build/Intermediates.noindex/GeneratedModuleMaps/DarwinDirStat.modulemap -Xcc -fmodule-map-file\=/Users/buddhirajgautam/Library/Developer/Xcode/DerivedData/Telegram-Mac-fygdgghdgmuleoelvxabfmqiotta/Build/Intermediates.noindex/GeneratedModuleMaps/LegacyReachability.modulemap -Xcc -fmodule-map-file\=/Users/buddhirajgautam/Library/Developer/Xcode/DerivedData/Telegram-Mac-fygdgghdgmuleoelvxabfmqiotta/Build/Intermediates.noindex/GeneratedModuleMaps/EncryptionProvider.modulemap -DXcode -plugin-path /Applications/Xcode.app/Contents/Developer/Toolchains/XcodeDefault.xctoolchain/usr/lib/swift/host/plugins/testing -enable-experimental-feature DebugDescriptionMacro -sdk /Applications/Xcode.app/Contents/Developer/Platforms/MacOSX.platform/Developer/SDKs/MacOSX27.0.sdk -target arm64-apple-macos12.0 -g -module-cache-path /Users/buddhirajgautam/Library/Developer/Xcode/DerivedData/ModuleCache.noindex -Xfrontend -serialize-debugging-options -profile-coverage-mapping -profile-generate -enable-testing -index-store-path /Users/buddhirajgautam/Library/Developer/Xcode/DerivedData/Telegram-Mac-fygdgghdgmuleoelvxabfmqiotta/Index.noindex/DataStore -Xcc -D_LIBCPP_HARDENING_MODE\=_LIBCPP_HARDENING_MODE_DEBUG -swift-version 5 -I /Users/buddhirajgautam/Library/Developer/Xcode/DerivedData/Telegram-Mac-fygdgghdgmuleoelvxabfmqiotta/Build/Products/Debug -Isystem /Applications/Xcode.app/Contents/Developer/Platforms/MacOSX.platform/Developer/usr/lib -F /Users/buddhirajgautam/Library/Developer/Xcode/DerivedData/Telegram-Mac-fygdgghdgmuleoelvxabfmqiotta/Build/Products/Debug/PackageFrameworks -F /Users/buddhirajgautam/Library/Developer/Xcode/DerivedData/Telegram-Mac-fygdgghdgmuleoelvxabfmqiotta/Build/Products/Debug -F /Applications/Xcode.app/Contents/Developer/Platforms/MacOSX.platform/Developer/Library/Frameworks -c -j8 -enable-batch-mode -incremental -Xcc -ivfsstatcache -Xcc /Users/buddhirajgautam/Library/Developer/Xcode/DerivedData/SDKStatCaches.noindex/macosx27.0-26A425-e829b21a6f8c9b70876ba0858053c0447231f6df4def33e022ae2eb8f782df1a.sdkstatcache -output-file-map /Users/buddhirajgautam/Library/Developer/Xcode/DerivedData/Telegram-Mac-fygdgghdgmuleoelvxabfmqiotta/Build/Intermediates.noindex/ThemeSettings.build/Debug/ThemeSettings-t.build/Objects-normal/arm64/ThemeSettings-OutputFileMap.json -save-temps -no-color-diagnostics -explicit-module-build -module-cache-path /Users/buddhirajgautam/Library/Developer/Xcode/DerivedData/Telegram-Mac-fygdgghdgmuleoelvxabfmqiotta/Build/Intermediates.noindex/SwiftExplicitPrecompiledModules -clang-scanner-module-cache-path /Users/buddhirajgautam/Library/Developer/Xcode/DerivedData/ModuleCache.noindex -sdk-module-cache-path /Users/buddhirajgautam/Library/Developer/Xcode/DerivedData/SDKExplicitPrecompiledModules -emit-dependencies -emit-module -emit-module-path /Users/buddhirajgautam/Library/Developer/Xcode/DerivedData/Telegram-Mac-fygdgghdgmuleoelvxabfmqiotta/Build/Intermediates.noindex/ThemeSettings.build/Debug/ThemeSettings-t.build/Objects-normal/arm64/ThemeSettings.swiftmodule -serialize-diagnostics -dependency-scan-serialize-diagnostics-path /Users/buddhirajgautam/Library/Developer/Xcode/DerivedData/Telegram-Mac-fygdgghdgmuleoelvxabfmqiotta/Build/Intermediates.noindex/ThemeSettings.build/Debug/ThemeSettings-t.build/Objects-normal/arm64/ThemeSettings-dependency-scan.dia -validate-clang-modules-once -clang-build-session-file /Users/buddhirajgautam/Library/Developer/Xcode/DerivedData/ModuleCache.noindex/Session.modulevalidation -Xcc -fmodules-prune-interval\=86400 -Xcc -fmodules-prune-after\=345600 -emit-const-values -const-gather-protocols-list /Users/buddhirajgautam/Library/Developer/Xcode/DerivedData/Telegram-Mac-fygdgghdgmuleoelvxabfmqiotta/Build/Intermediates.noindex/ThemeSettings.build/Debug/ThemeSettings-t.build/Objects-normal/arm64/ThemeSettings_const_extract_protocols.json -Xcc -I/Users/buddhirajgautam/Documents/Cherrygram-Mac/macOS-Swift/submodules/telegram-ios/submodules/MurMurHash32/PublicHeaders -Xcc -I/Users/buddhirajgautam/Documents/Cherrygram-Mac/macOS-Swift/submodules/telegram-ios/submodules/sqlcipher/PublicHeaders -Xcc -I/Users/buddhirajgautam/Documents/Cherrygram-Mac/macOS-Swift/submodules/telegram-ios/submodules/StringTransliteration/PublicHeaders -Xcc -I/Users/buddhirajgautam/Documents/Cherrygram-Mac/macOS-Swift/submodules/telegram-ios/submodules/Crc32/PublicHeaders -Xcc -I/Users/buddhirajgautam/Documents/Cherrygram-Mac/macOS-Swift/packages/ObjcUtils/Sources/ObjcUtils -Xcc -I/Users/buddhirajgautam/Documents/Cherrygram-Mac/macOS-Swift/submodules/telegram-ios/submodules/MtProtoKit/PublicHeaders -Xcc -I/Users/buddhirajgautam/Documents/Cherrygram-Mac/macOS-Swift/submodules/telegram-ios/submodules/CryptoUtils/PublicHeaders -Xcc -I/Users/buddhirajgautam/Documents/Cherrygram-Mac/macOS-Swift/submodules/telegram-ios/submodules/NetworkLogging/PublicHeaders -Xcc -I/Users/buddhirajgautam/Documents/Cherrygram-Mac/macOS-Swift/submodules/telegram-ios/submodules/Utils/DarwinDirStat/PublicHeaders -Xcc -I/Users/buddhirajgautam/Documents/Cherrygram-Mac/macOS-Swift/submodules/telegram-ios/submodules/Reachability/LegacyReachability/PublicHeaders -Xcc -I/Users/buddhirajgautam/Documents/Cherrygram-Mac/macOS-Swift/submodules/telegram-ios/submodules/EncryptionProvider/PublicHeaders -Xcc -I/Users/buddhirajgautam/Library/Developer/Xcode/DerivedData/Telegram-Mac-fygdgghdgmuleoelvxabfmqiotta/Build/Products/Debug/include -Xcc -I/Users/buddhirajgautam/Library/Developer/Xcode/DerivedData/Telegram-Mac-fygdgghdgmuleoelvxabfmqiotta/Build/Intermediates.noindex/ThemeSettings.build/Debug/ThemeSettings-t.build/DerivedSources-normal/arm64 -Xcc -I/Users/buddhirajgautam/Library/Developer/Xcode/DerivedData/Telegram-Mac-fygdgghdgmuleoelvxabfmqiotta/Build/Intermediates.noindex/ThemeSettings.build/Debug/ThemeSettings-t.build/DerivedSources/arm64 -Xcc -I/Users/buddhirajgautam/Library/Developer/Xcode/DerivedData/Telegram-Mac-fygdgghdgmuleoelvxabfmqiotta/Build/Intermediates.noindex/ThemeSettings.build/Debug/ThemeSettings-t.build/DerivedSources -Xcc -DSWIFT_PACKAGE -Xcc -DDEBUG\=1 -emit-objc-header -emit-objc-header-path /Users/buddhirajgautam/Library/Developer/Xcode/DerivedData/Telegram-Mac-fygdgghdgmuleoelvxabfmqiotta/Build/Intermediates.noindex/ThemeSettings.build/Debug/ThemeSettings-t.build/Objects-normal/arm64/ThemeSettings-Swift.h -working-directory /Users/buddhirajgautam/Documents/Cherrygram-Mac/macOS-Swift -experimental-emit-module-separately -disable-cmo

SwiftDriver Reactions normal arm64 com.apple.xcode.tools.swift.compiler (in target 'Reactions' from project 'Reactions')
    cd /Users/buddhirajgautam/Documents/Cherrygram-Mac/macOS-Swift
    builtin-SwiftDriver -- /Applications/Xcode.app/Contents/Developer/Toolchains/XcodeDefault.xctoolchain/usr/bin/swiftc -parse-as-library -module-name Reactions -Onone @/Users/buddhirajgautam/Library/Developer/Xcode/DerivedData/Telegram-Mac-fygdgghdgmuleoelvxabfmqiotta/Build/Intermediates.noindex/Reactions.build/Debug/Reactions-t.build/Objects-normal/arm64/Reactions.SwiftFileList -DSWIFT_PACKAGE -DDEBUG -DSWIFT_MODULE_RESOURCE_BUNDLE_UNAVAILABLE -Xcc -fmodule-map-file\=/Users/buddhirajgautam/Library/Developer/Xcode/DerivedData/Telegram-Mac-fygdgghdgmuleoelvxabfmqiotta/Build/Intermediates.noindex/GeneratedModuleMaps/MurMurHash32.modulemap -Xcc -fmodule-map-file\=/Users/buddhirajgautam/Library/Developer/Xcode/DerivedData/Telegram-Mac-fygdgghdgmuleoelvxabfmqiotta/Build/Intermediates.noindex/GeneratedModuleMaps/sqlcipher.modulemap -Xcc -fmodule-map-file\=/Users/buddhirajgautam/Library/Developer/Xcode/DerivedData/Telegram-Mac-fygdgghdgmuleoelvxabfmqiotta/Build/Intermediates.noindex/GeneratedModuleMaps/StringTransliteration.modulemap -Xcc -fmodule-map-file\=/Users/buddhirajgautam/Library/Developer/Xcode/DerivedData/Telegram-Mac-fygdgghdgmuleoelvxabfmqiotta/Build/Intermediates.noindex/GeneratedModuleMaps/Crc32.modulemap -Xcc -fmodule-map-file\=/Users/buddhirajgautam/Library/Developer/Xcode/DerivedData/Telegram-Mac-fygdgghdgmuleoelvxabfmqiotta/Build/Intermediates.noindex/GeneratedModuleMaps/MtProtoKit.modulemap -Xcc -fmodule-map-file\=/Users/buddhirajgautam/Library/Developer/Xcode/DerivedData/Telegram-Mac-fygdgghdgmuleoelvxabfmqiotta/Build/Intermediates.noindex/GeneratedModuleMaps/CryptoUtils.modulemap -Xcc -fmodule-map-file\=/Users/buddhirajgautam/Library/Developer/Xcode/DerivedData/Telegram-Mac-fygdgghdgmuleoelvxabfmqiotta/Build/Intermediates.noindex/GeneratedModuleMaps/NetworkLogging.modulemap -Xcc -fmodule-map-file\=/Users/buddhirajgautam/Library/Developer/Xcode/DerivedData/Telegram-Mac-fygdgghdgmuleoelvxabfmqiotta/Build/Intermediates.noindex/GeneratedModuleMaps/DarwinDirStat.modulemap -Xcc -fmodule-map-file\=/Users/buddhirajgautam/Library/Developer/Xcode/DerivedData/Telegram-Mac-fygdgghdgmuleoelvxabfmqiotta/Build/Intermediates.noindex/GeneratedModuleMaps/LegacyReachability.modulemap -Xcc -fmodule-map-file\=/Users/buddhirajgautam/Library/Developer/Xcode/DerivedData/Telegram-Mac-fygdgghdgmuleoelvxabfmqiotta/Build/Intermediates.noindex/GeneratedModuleMaps/EncryptionProvider.modulemap -Xcc -fmodule-map-file\=/Users/buddhirajgautam/Library/Developer/Xcode/DerivedData/Telegram-Mac-fygdgghdgmuleoelvxabfmqiotta/Build/Intermediates.noindex/GeneratedModuleMaps/ObjcUtils.modulemap -DXcode -plugin-path /Applications/Xcode.app/Contents/Developer/Toolchains/XcodeDefault.xctoolchain/usr/lib/swift/host/plugins/testing -enable-experimental-feature DebugDescriptionMacro -sdk /Applications/Xcode.app/Contents/Developer/Platforms/MacOSX.platform/Developer/SDKs/MacOSX27.0.sdk -target arm64-apple-macos12.0 -g -module-cache-path /Users/buddhirajgautam/Library/Developer/Xcode/DerivedData/ModuleCache.noindex -Xfrontend -serialize-debugging-options -profile-coverage-mapping -profile-generate -enable-testing -index-store-path /Users/buddhirajgautam/Library/Developer/Xcode/DerivedData/Telegram-Mac-fygdgghdgmuleoelvxabfmqiotta/Index.noindex/DataStore -Xcc -D_LIBCPP_HARDENING_MODE\=_LIBCPP_HARDENING_MODE_DEBUG -swift-version 5 -I /Users/buddhirajgautam/Library/Developer/Xcode/DerivedData/Telegram-Mac-fygdgghdgmuleoelvxabfmqiotta/Build/Products/Debug -Isystem /Applications/Xcode.app/Contents/Developer/Platforms/MacOSX.platform/Developer/usr/lib -F /Users/buddhirajgautam/Library/Developer/Xcode/DerivedData/Telegram-Mac-fygdgghdgmuleoelvxabfmqiotta/Build/Products/Debug/PackageFrameworks -F /Users/buddhirajgautam/Library/Developer/Xcode/DerivedData/Telegram-Mac-fygdgghdgmuleoelvxabfmqiotta/Build/Products/Debug -F /Applications/Xcode.app/Contents/Developer/Platforms/MacOSX.platform/Developer/Library/Frameworks -c -j8 -enable-batch-mode -incremental -Xcc -ivfsstatcache -Xcc /Users/buddhirajgautam/Library/Developer/Xcode/DerivedData/SDKStatCaches.noindex/macosx27.0-26A425-e829b21a6f8c9b70876ba0858053c0447231f6df4def33e022ae2eb8f782df1a.sdkstatcache -output-file-map /Users/buddhirajgautam/Library/Developer/Xcode/DerivedData/Telegram-Mac-fygdgghdgmuleoelvxabfmqiotta/Build/Intermediates.noindex/Reactions.build/Debug/Reactions-t.build/Objects-normal/arm64/Reactions-OutputFileMap.json -save-temps -no-color-diagnostics -explicit-module-build -module-cache-path /Users/buddhirajgautam/Library/Developer/Xcode/DerivedData/Telegram-Mac-fygdgghdgmuleoelvxabfmqiotta/Build/Intermediates.noindex/SwiftExplicitPrecompiledModules -clang-scanner-module-cache-path /Users/buddhirajgautam/Library/Developer/Xcode/DerivedData/ModuleCache.noindex -sdk-module-cache-path /Users/buddhirajgautam/Library/Developer/Xcode/DerivedData/SDKExplicitPrecompiledModules -emit-dependencies -emit-module -emit-module-path /Users/buddhirajgautam/Library/Developer/Xcode/DerivedData/Telegram-Mac-fygdgghdgmuleoelvxabfmqiotta/Build/Intermediates.noindex/Reactions.build/Debug/Reactions-t.build/Objects-normal/arm64/Reactions.swiftmodule -serialize-diagnostics -dependency-scan-serialize-diagnostics-path /Users/buddhirajgautam/Library/Developer/Xcode/DerivedData/Telegram-Mac-fygdgghdgmuleoelvxabfmqiotta/Build/Intermediates.noindex/Reactions.build/Debug/Reactions-t.build/Objects-normal/arm64/Reactions-dependency-scan.dia -validate-clang-modules-once -clang-build-session-file /Users/buddhirajgautam/Library/Developer/Xcode/DerivedData/ModuleCache.noindex/Session.modulevalidation -Xcc -fmodules-prune-interval\=86400 -Xcc -fmodules-prune-after\=345600 -emit-const-values -const-gather-protocols-list /Users/buddhirajgautam/Library/Developer/Xcode/DerivedData/Telegram-Mac-fygdgghdgmuleoelvxabfmqiotta/Build/Intermediates.noindex/Reactions.build/Debug/Reactions-t.build/Objects-normal/arm64/Reactions_const_extract_protocols.json -Xcc -I/Users/buddhirajgautam/Documents/Cherrygram-Mac/macOS-Swift/submodules/telegram-ios/submodules/MurMurHash32/PublicHeaders -Xcc -I/Users/buddhirajgautam/Documents/Cherrygram-Mac/macOS-Swift/submodules/telegram-ios/submodules/sqlcipher/PublicHeaders -Xcc -I/Users/buddhirajgautam/Documents/Cherrygram-Mac/macOS-Swift/submodules/telegram-ios/submodules/StringTransliteration/PublicHeaders -Xcc -I/Users/buddhirajgautam/Documents/Cherrygram-Mac/macOS-Swift/submodules/telegram-ios/submodules/Crc32/PublicHeaders -Xcc -I/Users/buddhirajgautam/Documents/Cherrygram-Mac/macOS-Swift/submodules/telegram-ios/submodules/MtProtoKit/PublicHeaders -Xcc -I/Users/buddhirajgautam/Documents/Cherrygram-Mac/macOS-Swift/submodules/telegram-ios/submodules/CryptoUtils/PublicHeaders -Xcc -I/Users/buddhirajgautam/Documents/Cherrygram-Mac/macOS-Swift/submodules/telegram-ios/submodules/NetworkLogging/PublicHeaders -Xcc -I/Users/buddhirajgautam/Documents/Cherrygram-Mac/macOS-Swift/submodules/telegram-ios/submodules/Utils/DarwinDirStat/PublicHeaders -Xcc -I/Users/buddhirajgautam/Documents/Cherrygram-Mac/macOS-Swift/submodules/telegram-ios/submodules/Reachability/LegacyReachability/PublicHeaders -Xcc -I/Users/buddhirajgautam/Documents/Cherrygram-Mac/macOS-Swift/submodules/telegram-ios/submodules/EncryptionProvider/PublicHeaders -Xcc -I/Users/buddhirajgautam/Documents/Cherrygram-Mac/macOS-Swift/packages/ObjcUtils/Sources/ObjcUtils -Xcc -I/Users/buddhirajgautam/Library/Developer/Xcode/DerivedData/Telegram-Mac-fygdgghdgmuleoelvxabfmqiotta/Build/Products/Debug/include -Xcc -I/Users/buddhirajgautam/Library/Developer/Xcode/DerivedData/Telegram-Mac-fygdgghdgmuleoelvxabfmqiotta/Build/Intermediates.noindex/Reactions.build/Debug/Reactions-t.build/DerivedSources-normal/arm64 -Xcc -I/Users/buddhirajgautam/Library/Developer/Xcode/DerivedData/Telegram-Mac-fygdgghdgmuleoelvxabfmqiotta/Build/Intermediates.noindex/Reactions.build/Debug/Reactions-t.build/DerivedSources/arm64 -Xcc -I/Users/buddhirajgautam/Library/Developer/Xcode/DerivedData/Telegram-Mac-fygdgghdgmuleoelvxabfmqiotta/Build/Intermediates.noindex/Reactions.build/Debug/Reactions-t.build/DerivedSources -Xcc -DSWIFT_PACKAGE -Xcc -DDEBUG\=1 -emit-objc-header -emit-objc-header-path /Users/buddhirajgautam/Library/Developer/Xcode/DerivedData/Telegram-Mac-fygdgghdgmuleoelvxabfmqiotta/Build/Intermediates.noindex/Reactions.build/Debug/Reactions-t.build/Objects-normal/arm64/Reactions-Swift.h -working-directory /Users/buddhirajgautam/Documents/Cherrygram-Mac/macOS-Swift -experimental-emit-module-separately -disable-cmo

SwiftDriver InputView normal arm64 com.apple.xcode.tools.swift.compiler (in target 'InputView' from project 'InputView')
    cd /Users/buddhirajgautam/Documents/Cherrygram-Mac/macOS-Swift
    builtin-SwiftDriver -- /Applications/Xcode.app/Contents/Developer/Toolchains/XcodeDefault.xctoolchain/usr/bin/swiftc -parse-as-library -module-name InputView -Onone @/Users/buddhirajgautam/Library/Developer/Xcode/DerivedData/Telegram-Mac-fygdgghdgmuleoelvxabfmqiotta/Build/Intermediates.noindex/InputView.build/Debug/InputView-t.build/Objects-normal/arm64/InputView.SwiftFileList -DSWIFT_PACKAGE -DDEBUG -DSWIFT_MODULE_RESOURCE_BUNDLE_UNAVAILABLE -Xcc -fmodule-map-file\=/Users/buddhirajgautam/Library/Developer/Xcode/DerivedData/Telegram-Mac-fygdgghdgmuleoelvxabfmqiotta/Build/Intermediates.noindex/GeneratedModuleMaps/ObjcUtils.modulemap -Xcc -fmodule-map-file\=/Users/buddhirajgautam/Library/Developer/Xcode/DerivedData/Telegram-Mac-fygdgghdgmuleoelvxabfmqiotta/Build/Intermediates.noindex/GeneratedModuleMaps/NumberPluralization.modulemap -Xcc -fmodule-map-file\=/Users/buddhirajgautam/Library/Developer/Xcode/DerivedData/Telegram-Mac-fygdgghdgmuleoelvxabfmqiotta/Build/Intermediates.noindex/GeneratedModuleMaps/MurMurHash32.modulemap -Xcc -fmodule-map-file\=/Users/buddhirajgautam/Library/Developer/Xcode/DerivedData/Telegram-Mac-fygdgghdgmuleoelvxabfmqiotta/Build/Intermediates.noindex/GeneratedModuleMaps/sqlcipher.modulemap -Xcc -fmodule-map-file\=/Users/buddhirajgautam/Library/Developer/Xcode/DerivedData/Telegram-Mac-fygdgghdgmuleoelvxabfmqiotta/Build/Intermediates.noindex/GeneratedModuleMaps/StringTransliteration.modulemap -Xcc -fmodule-map-file\=/Users/buddhirajgautam/Library/Developer/Xcode/DerivedData/Telegram-Mac-fygdgghdgmuleoelvxabfmqiotta/Build/Intermediates.noindex/GeneratedModuleMaps/Crc32.modulemap -Xcc -fmodule-map-file\=/Users/buddhirajgautam/Library/Developer/Xcode/DerivedData/Telegram-Mac-fygdgghdgmuleoelvxabfmqiotta/Build/Intermediates.noindex/GeneratedModuleMaps/MtProtoKit.modulemap -Xcc -fmodule-map-file\=/Users/buddhirajgautam/Library/Developer/Xcode/DerivedData/Telegram-Mac-fygdgghdgmuleoelvxabfmqiotta/Build/Intermediates.noindex/GeneratedModuleMaps/CryptoUtils.modulemap -Xcc -fmodule-map-file\=/Users/buddhirajgautam/Library/Developer/Xcode/DerivedData/Telegram-Mac-fygdgghdgmuleoelvxabfmqiotta/Build/Intermediates.noindex/GeneratedModuleMaps/NetworkLogging.modulemap -Xcc -fmodule-map-file\=/Users/buddhirajgautam/Library/Developer/Xcode/DerivedData/Telegram-Mac-fygdgghdgmuleoelvxabfmqiotta/Build/Intermediates.noindex/GeneratedModuleMaps/DarwinDirStat.modulemap -Xcc -fmodule-map-file\=/Users/buddhirajgautam/Library/Developer/Xcode/DerivedData/Telegram-Mac-fygdgghdgmuleoelvxabfmqiotta/Build/Intermediates.noindex/GeneratedModuleMaps/LegacyReachability.modulemap -Xcc -fmodule-map-file\=/Users/buddhirajgautam/Library/Developer/Xcode/DerivedData/Telegram-Mac-fygdgghdgmuleoelvxabfmqiotta/Build/Intermediates.noindex/GeneratedModuleMaps/EncryptionProvider.modulemap -DXcode -plugin-path /Applications/Xcode.app/Contents/Developer/Toolchains/XcodeDefault.xctoolchain/usr/lib/swift/host/plugins/testing -enable-experimental-feature DebugDescriptionMacro -sdk /Applications/Xcode.app/Contents/Developer/Platforms/MacOSX.platform/Developer/SDKs/MacOSX27.0.sdk -target arm64-apple-macos12.0 -g -module-cache-path /Users/buddhirajgautam/Library/Developer/Xcode/DerivedData/ModuleCache.noindex -Xfrontend -serialize-debugging-options -profile-coverage-mapping -profile-generate -enable-testing -index-store-path /Users/buddhirajgautam/Library/Developer/Xcode/DerivedData/Telegram-Mac-fygdgghdgmuleoelvxabfmqiotta/Index.noindex/DataStore -Xcc -D_LIBCPP_HARDENING_MODE\=_LIBCPP_HARDENING_MODE_DEBUG -swift-version 5 -I /Users/buddhirajgautam/Library/Developer/Xcode/DerivedData/Telegram-Mac-fygdgghdgmuleoelvxabfmqiotta/Build/Products/Debug -Isystem /Applications/Xcode.app/Contents/Developer/Platforms/MacOSX.platform/Developer/usr/lib -F /Users/buddhirajgautam/Library/Developer/Xcode/DerivedData/Telegram-Mac-fygdgghdgmuleoelvxabfmqiotta/Build/Products/Debug/PackageFrameworks -F /Users/buddhirajgautam/Library/Developer/Xcode/DerivedData/Telegram-Mac-fygdgghdgmuleoelvxabfmqiotta/Build/Products/Debug -F /Applications/Xcode.app/Contents/Developer/Platforms/MacOSX.platform/Developer/Library/Frameworks -c -j8 -enable-batch-mode -incremental -Xcc -ivfsstatcache -Xcc /Users/buddhirajgautam/Library/Developer/Xcode/DerivedData/SDKStatCaches.noindex/macosx27.0-26A425-e829b21a6f8c9b70876ba0858053c0447231f6df4def33e022ae2eb8f782df1a.sdkstatcache -output-file-map /Users/buddhirajgautam/Library/Developer/Xcode/DerivedData/Telegram-Mac-fygdgghdgmuleoelvxabfmqiotta/Build/Intermediates.noindex/InputView.build/Debug/InputView-t.build/Objects-normal/arm64/InputView-OutputFileMap.json -save-temps -no-color-diagnostics -explicit-module-build -module-cache-path /Users/buddhirajgautam/Library/Developer/Xcode/DerivedData/Telegram-Mac-fygdgghdgmuleoelvxabfmqiotta/Build/Intermediates.noindex/SwiftExplicitPrecompiledModules -clang-scanner-module-cache-path /Users/buddhirajgautam/Library/Developer/Xcode/DerivedData/ModuleCache.noindex -sdk-module-cache-path /Users/buddhirajgautam/Library/Developer/Xcode/DerivedData/SDKExplicitPrecompiledModules -emit-dependencies -emit-module -emit-module-path /Users/buddhirajgautam/Library/Developer/Xcode/DerivedData/Telegram-Mac-fygdgghdgmuleoelvxabfmqiotta/Build/Intermediates.noindex/InputView.build/Debug/InputView-t.build/Objects-normal/arm64/InputView.swiftmodule -serialize-diagnostics -dependency-scan-serialize-diagnostics-path /Users/buddhirajgautam/Library/Developer/Xcode/DerivedData/Telegram-Mac-fygdgghdgmuleoelvxabfmqiotta/Build/Intermediates.noindex/InputView.build/Debug/InputView-t.build/Objects-normal/arm64/InputView-dependency-scan.dia -validate-clang-modules-once -clang-build-session-file /Users/buddhirajgautam/Library/Developer/Xcode/DerivedData/ModuleCache.noindex/Session.modulevalidation -Xcc -fmodules-prune-interval\=86400 -Xcc -fmodules-prune-after\=345600 -emit-const-values -const-gather-protocols-list /Users/buddhirajgautam/Library/Developer/Xcode/DerivedData/Telegram-Mac-fygdgghdgmuleoelvxabfmqiotta/Build/Intermediates.noindex/InputView.build/Debug/InputView-t.build/Objects-normal/arm64/InputView_const_extract_protocols.json -Xcc -I/Users/buddhirajgautam/Documents/Cherrygram-Mac/macOS-Swift/packages/ObjcUtils/Sources/ObjcUtils -Xcc -I/Users/buddhirajgautam/Documents/Cherrygram-Mac/macOS-Swift/packages/NumberPluralization/Sources/NumberPluralization -Xcc -I/Users/buddhirajgautam/Documents/Cherrygram-Mac/macOS-Swift/submodules/telegram-ios/submodules/MurMurHash32/PublicHeaders -Xcc -I/Users/buddhirajgautam/Documents/Cherrygram-Mac/macOS-Swift/submodules/telegram-ios/submodules/sqlcipher/PublicHeaders -Xcc -I/Users/buddhirajgautam/Documents/Cherrygram-Mac/macOS-Swift/submodules/telegram-ios/submodules/StringTransliteration/PublicHeaders -Xcc -I/Users/buddhirajgautam/Documents/Cherrygram-Mac/macOS-Swift/submodules/telegram-ios/submodules/Crc32/PublicHeaders -Xcc -I/Users/buddhirajgautam/Documents/Cherrygram-Mac/macOS-Swift/submodules/telegram-ios/submodules/MtProtoKit/PublicHeaders -Xcc -I/Users/buddhirajgautam/Documents/Cherrygram-Mac/macOS-Swift/submodules/telegram-ios/submodules/CryptoUtils/PublicHeaders -Xcc -I/Users/buddhirajgautam/Documents/Cherrygram-Mac/macOS-Swift/submodules/telegram-ios/submodules/NetworkLogging/PublicHeaders -Xcc -I/Users/buddhirajgautam/Documents/Cherrygram-Mac/macOS-Swift/submodules/telegram-ios/submodules/Utils/DarwinDirStat/PublicHeaders -Xcc -I/Users/buddhirajgautam/Documents/Cherrygram-Mac/macOS-Swift/submodules/telegram-ios/submodules/Reachability/LegacyReachability/PublicHeaders -Xcc -I/Users/buddhirajgautam/Documents/Cherrygram-Mac/macOS-Swift/submodules/telegram-ios/submodules/EncryptionProvider/PublicHeaders -Xcc -I/Users/buddhirajgautam/Library/Developer/Xcode/DerivedData/Telegram-Mac-fygdgghdgmuleoelvxabfmqiotta/Build/Products/Debug/include -Xcc -I/Users/buddhirajgautam/Library/Developer/Xcode/DerivedData/Telegram-Mac-fygdgghdgmuleoelvxabfmqiotta/Build/Intermediates.noindex/InputView.build/Debug/InputView-t.build/DerivedSources-normal/arm64 -Xcc -I/Users/buddhirajgautam/Library/Developer/Xcode/DerivedData/Telegram-Mac-fygdgghdgmuleoelvxabfmqiotta/Build/Intermediates.noindex/InputView.build/Debug/InputView-t.build/DerivedSources/arm64 -Xcc -I/Users/buddhirajgautam/Library/Developer/Xcode/DerivedData/Telegram-Mac-fygdgghdgmuleoelvxabfmqiotta/Build/Intermediates.noindex/InputView.build/Debug/InputView-t.build/DerivedSources -Xcc -DSWIFT_PACKAGE -Xcc -DDEBUG\=1 -emit-objc-header -emit-objc-header-path /Users/buddhirajgautam/Library/Developer/Xcode/DerivedData/Telegram-Mac-fygdgghdgmuleoelvxabfmqiotta/Build/Intermediates.noindex/InputView.build/Debug/InputView-t.build/Objects-normal/arm64/InputView-Swift.h -working-directory /Users/buddhirajgautam/Documents/Cherrygram-Mac/macOS-Swift -experimental-emit-module-separately -disable-cmo

SwiftDriverJobDiscovery normal arm64 Compiling FetchManager.swift (in target 'FetchManager' from project 'FetchManager')

SwiftDriver InAppPurchaseManager normal arm64 com.apple.xcode.tools.swift.compiler (in target 'InAppPurchaseManager' from project 'InAppPurchaseManager')
    cd /Users/buddhirajgautam/Documents/Cherrygram-Mac/macOS-Swift
    builtin-SwiftDriver -- /Applications/Xcode.app/Contents/Developer/Toolchains/XcodeDefault.xctoolchain/usr/bin/swiftc -parse-as-library -module-name InAppPurchaseManager -Onone @/Users/buddhirajgautam/Library/Developer/Xcode/DerivedData/Telegram-Mac-fygdgghdgmuleoelvxabfmqiotta/Build/Intermediates.noindex/InAppPurchaseManager.build/Debug/InAppPurchaseManager-t.build/Objects-normal/arm64/InAppPurchaseManager.SwiftFileList -DSWIFT_PACKAGE -DDEBUG -DSWIFT_MODULE_RESOURCE_BUNDLE_UNAVAILABLE -Xcc -fmodule-map-file\=/Users/buddhirajgautam/Library/Developer/Xcode/DerivedData/Telegram-Mac-fygdgghdgmuleoelvxabfmqiotta/Build/Intermediates.noindex/GeneratedModuleMaps/MtProtoKit.modulemap -Xcc -fmodule-map-file\=/Users/buddhirajgautam/Library/Developer/Xcode/DerivedData/Telegram-Mac-fygdgghdgmuleoelvxabfmqiotta/Build/Intermediates.noindex/GeneratedModuleMaps/NetworkLogging.modulemap -Xcc -fmodule-map-file\=/Users/buddhirajgautam/Library/Developer/Xcode/DerivedData/Telegram-Mac-fygdgghdgmuleoelvxabfmqiotta/Build/Intermediates.noindex/GeneratedModuleMaps/LegacyReachability.modulemap -Xcc -fmodule-map-file\=/Users/buddhirajgautam/Library/Developer/Xcode/DerivedData/Telegram-Mac-fygdgghdgmuleoelvxabfmqiotta/Build/Intermediates.noindex/GeneratedModuleMaps/EncryptionProvider.modulemap -Xcc -fmodule-map-file\=/Users/buddhirajgautam/Library/Developer/Xcode/DerivedData/Telegram-Mac-fygdgghdgmuleoelvxabfmqiotta/Build/Intermediates.noindex/GeneratedModuleMaps/MurMurHash32.modulemap -Xcc -fmodule-map-file\=/Users/buddhirajgautam/Library/Developer/Xcode/DerivedData/Telegram-Mac-fygdgghdgmuleoelvxabfmqiotta/Build/Intermediates.noindex/GeneratedModuleMaps/sqlcipher.modulemap -Xcc -fmodule-map-file\=/Users/buddhirajgautam/Library/Developer/Xcode/DerivedData/Telegram-Mac-fygdgghdgmuleoelvxabfmqiotta/Build/Intermediates.noindex/GeneratedModuleMaps/StringTransliteration.modulemap -Xcc -fmodule-map-file\=/Users/buddhirajgautam/Library/Developer/Xcode/DerivedData/Telegram-Mac-fygdgghdgmuleoelvxabfmqiotta/Build/Intermediates.noindex/GeneratedModuleMaps/DarwinDirStat.modulemap -Xcc -fmodule-map-file\=/Users/buddhirajgautam/Library/Developer/Xcode/DerivedData/Telegram-Mac-fygdgghdgmuleoelvxabfmqiotta/Build/Intermediates.noindex/GeneratedModuleMaps/CryptoUtils.modulemap -Xcc -fmodule-map-file\=/Users/buddhirajgautam/Library/Developer/Xcode/DerivedData/Telegram-Mac-fygdgghdgmuleoelvxabfmqiotta/Build/Intermediates.noindex/GeneratedModuleMaps/Crc32.modulemap -Xcc -fmodule-map-file\=/Users/buddhirajgautam/Library/Developer/Xcode/DerivedData/Telegram-Mac-fygdgghdgmuleoelvxabfmqiotta/Build/Intermediates.noindex/GeneratedModuleMaps/ObjcUtils.modulemap -DXcode -plugin-path /Applications/Xcode.app/Contents/Developer/Toolchains/XcodeDefault.xctoolchain/usr/lib/swift/host/plugins/testing -enable-experimental-feature DebugDescriptionMacro -sdk /Applications/Xcode.app/Contents/Developer/Platforms/MacOSX.platform/Developer/SDKs/MacOSX27.0.sdk -target arm64-apple-macos12.0 -g -module-cache-path /Users/buddhirajgautam/Library/Developer/Xcode/DerivedData/ModuleCache.noindex -Xfrontend -serialize-debugging-options -profile-coverage-mapping -profile-generate -enable-testing -index-store-path /Users/buddhirajgautam/Library/Developer/Xcode/DerivedData/Telegram-Mac-fygdgghdgmuleoelvxabfmqiotta/Index.noindex/DataStore -Xcc -D_LIBCPP_HARDENING_MODE\=_LIBCPP_HARDENING_MODE_DEBUG -swift-version 5 -I /Users/buddhirajgautam/Library/Developer/Xcode/DerivedData/Telegram-Mac-fygdgghdgmuleoelvxabfmqiotta/Build/Products/Debug -Isystem /Applications/Xcode.app/Contents/Developer/Platforms/MacOSX.platform/Developer/usr/lib -F /Users/buddhirajgautam/Library/Developer/Xcode/DerivedData/Telegram-Mac-fygdgghdgmuleoelvxabfmqiotta/Build/Products/Debug/PackageFrameworks -F /Users/buddhirajgautam/Library/Developer/Xcode/DerivedData/Telegram-Mac-fygdgghdgmuleoelvxabfmqiotta/Build/Products/Debug -F /Applications/Xcode.app/Contents/Developer/Platforms/MacOSX.platform/Developer/Library/Frameworks -c -j8 -enable-batch-mode -incremental -Xcc -ivfsstatcache -Xcc /Users/buddhirajgautam/Library/Developer/Xcode/DerivedData/SDKStatCaches.noindex/macosx27.0-26A425-e829b21a6f8c9b70876ba0858053c0447231f6df4def33e022ae2eb8f782df1a.sdkstatcache -output-file-map /Users/buddhirajgautam/Library/Developer/Xcode/DerivedData/Telegram-Mac-fygdgghdgmuleoelvxabfmqiotta/Build/Intermediates.noindex/InAppPurchaseManager.build/Debug/InAppPurchaseManager-t.build/Objects-normal/arm64/InAppPurchaseManager-OutputFileMap.json -save-temps -no-color-diagnostics -explicit-module-build -module-cache-path /Users/buddhirajgautam/Library/Developer/Xcode/DerivedData/Telegram-Mac-fygdgghdgmuleoelvxabfmqiotta/Build/Intermediates.noindex/SwiftExplicitPrecompiledModules -clang-scanner-module-cache-path /Users/buddhirajgautam/Library/Developer/Xcode/DerivedData/ModuleCache.noindex -sdk-module-cache-path /Users/buddhirajgautam/Library/Developer/Xcode/DerivedData/SDKExplicitPrecompiledModules -emit-dependencies -emit-module -emit-module-path /Users/buddhirajgautam/Library/Developer/Xcode/DerivedData/Telegram-Mac-fygdgghdgmuleoelvxabfmqiotta/Build/Intermediates.noindex/InAppPurchaseManager.build/Debug/InAppPurchaseManager-t.build/Objects-normal/arm64/InAppPurchaseManager.swiftmodule -serialize-diagnostics -dependency-scan-serialize-diagnostics-path /Users/buddhirajgautam/Library/Developer/Xcode/DerivedData/Telegram-Mac-fygdgghdgmuleoelvxabfmqiotta/Build/Intermediates.noindex/InAppPurchaseManager.build/Debug/InAppPurchaseManager-t.build/Objects-normal/arm64/InAppPurchaseManager-dependency-scan.dia -validate-clang-modules-once -clang-build-session-file /Users/buddhirajgautam/Library/Developer/Xcode/DerivedData/ModuleCache.noindex/Session.modulevalidation -Xcc -fmodules-prune-interval\=86400 -Xcc -fmodules-prune-after\=345600 -emit-const-values -const-gather-protocols-list /Users/buddhirajgautam/Library/Developer/Xcode/DerivedData/Telegram-Mac-fygdgghdgmuleoelvxabfmqiotta/Build/Intermediates.noindex/InAppPurchaseManager.build/Debug/InAppPurchaseManager-t.build/Objects-normal/arm64/InAppPurchaseManager_const_extract_protocols.json -Xcc -I/Users/buddhirajgautam/Documents/Cherrygram-Mac/macOS-Swift/submodules/telegram-ios/submodules/MtProtoKit/PublicHeaders -Xcc -I/Users/buddhirajgautam/Documents/Cherrygram-Mac/macOS-Swift/submodules/telegram-ios/submodules/NetworkLogging/PublicHeaders -Xcc -I/Users/buddhirajgautam/Documents/Cherrygram-Mac/macOS-Swift/submodules/telegram-ios/submodules/Reachability/LegacyReachability/PublicHeaders -Xcc -I/Users/buddhirajgautam/Documents/Cherrygram-Mac/macOS-Swift/submodules/telegram-ios/submodules/EncryptionProvider/PublicHeaders -Xcc -I/Users/buddhirajgautam/Documents/Cherrygram-Mac/macOS-Swift/submodules/telegram-ios/submodules/MurMurHash32/PublicHeaders -Xcc -I/Users/buddhirajgautam/Documents/Cherrygram-Mac/macOS-Swift/submodules/telegram-ios/submodules/sqlcipher/PublicHeaders -Xcc -I/Users/buddhirajgautam/Documents/Cherrygram-Mac/macOS-Swift/submodules/telegram-ios/submodules/StringTransliteration/PublicHeaders -Xcc -I/Users/buddhirajgautam/Documents/Cherrygram-Mac/macOS-Swift/submodules/telegram-ios/submodules/Utils/DarwinDirStat/PublicHeaders -Xcc -I/Users/buddhirajgautam/Documents/Cherrygram-Mac/macOS-Swift/submodules/telegram-ios/submodules/CryptoUtils/PublicHeaders -Xcc -I/Users/buddhirajgautam/Documents/Cherrygram-Mac/macOS-Swift/submodules/telegram-ios/submodules/Crc32/PublicHeaders -Xcc -I/Users/buddhirajgautam/Documents/Cherrygram-Mac/macOS-Swift/packages/ObjcUtils/Sources/ObjcUtils -Xcc -I/Users/buddhirajgautam/Library/Developer/Xcode/DerivedData/Telegram-Mac-fygdgghdgmuleoelvxabfmqiotta/Build/Products/Debug/include -Xcc -I/Users/buddhirajgautam/Library/Developer/Xcode/DerivedData/Telegram-Mac-fygdgghdgmuleoelvxabfmqiotta/Build/Intermediates.noindex/InAppPurchaseManager.build/Debug/InAppPurchaseManager-t.build/DerivedSources-normal/arm64 -Xcc -I/Users/buddhirajgautam/Library/Developer/Xcode/DerivedData/Telegram-Mac-fygdgghdgmuleoelvxabfmqiotta/Build/Intermediates.noindex/InAppPurchaseManager.build/Debug/InAppPurchaseManager-t.build/DerivedSources/arm64 -Xcc -I/Users/buddhirajgautam/Library/Developer/Xcode/DerivedData/Telegram-Mac-fygdgghdgmuleoelvxabfmqiotta/Build/Intermediates.noindex/InAppPurchaseManager.build/Debug/InAppPurchaseManager-t.build/DerivedSources -Xcc -DSWIFT_PACKAGE -Xcc -DDEBUG\=1 -emit-objc-header -emit-objc-header-path /Users/buddhirajgautam/Library/Developer/Xcode/DerivedData/Telegram-Mac-fygdgghdgmuleoelvxabfmqiotta/Build/Intermediates.noindex/InAppPurchaseManager.build/Debug/InAppPurchaseManager-t.build/Objects-normal/arm64/InAppPurchaseManager-Swift.h -working-directory /Users/buddhirajgautam/Documents/Cherrygram-Mac/macOS-Swift -experimental-emit-module-separately -disable-cmo

SwiftDriverJobDiscovery normal arm64 Compiling Dock.swift (in target 'Dock' from project 'Dock')

SwiftDriverJobDiscovery normal arm64 Compiling ChartDetailsView.swift, ChartStackSection.swift (in target 'GraphUI' from project 'GraphUI')

SwiftDriver\ Compilation Dock normal arm64 com.apple.xcode.tools.swift.compiler (in target 'Dock' from project 'Dock')
    cd /Users/buddhirajgautam/Documents/Cherrygram-Mac/macOS-Swift
    builtin-Swift-Compilation -- /Applications/Xcode.app/Contents/Developer/Toolchains/XcodeDefault.xctoolchain/usr/bin/swiftc -parse-as-library -module-name Dock -Onone @/Users/buddhirajgautam/Library/Developer/Xcode/DerivedData/Telegram-Mac-fygdgghdgmuleoelvxabfmqiotta/Build/Intermediates.noindex/Dock.build/Debug/Dock-t.build/Objects-normal/arm64/Dock.SwiftFileList -DSWIFT_PACKAGE -DDEBUG -DSWIFT_MODULE_RESOURCE_BUNDLE_UNAVAILABLE -Xcc -fmodule-map-file\=/Users/buddhirajgautam/Library/Developer/Xcode/DerivedData/Telegram-Mac-fygdgghdgmuleoelvxabfmqiotta/Build/Intermediates.noindex/GeneratedModuleMaps/ObjcUtils.modulemap -DXcode -plugin-path /Applications/Xcode.app/Contents/Developer/Toolchains/XcodeDefault.xctoolchain/usr/lib/swift/host/plugins/testing -enable-experimental-feature DebugDescriptionMacro -sdk /Applications/Xcode.app/Contents/Developer/Platforms/MacOSX.platform/Developer/SDKs/MacOSX27.0.sdk -target arm64-apple-macos12.0 -g -module-cache-path /Users/buddhirajgautam/Library/Developer/Xcode/DerivedData/ModuleCache.noindex -Xfrontend -serialize-debugging-options -profile-coverage-mapping -profile-generate -enable-testing -index-store-path /Users/buddhirajgautam/Library/Developer/Xcode/DerivedData/Telegram-Mac-fygdgghdgmuleoelvxabfmqiotta/Index.noindex/DataStore -Xcc -D_LIBCPP_HARDENING_MODE\=_LIBCPP_HARDENING_MODE_DEBUG -swift-version 5 -I /Users/buddhirajgautam/Library/Developer/Xcode/DerivedData/Telegram-Mac-fygdgghdgmuleoelvxabfmqiotta/Build/Products/Debug -Isystem /Applications/Xcode.app/Contents/Developer/Platforms/MacOSX.platform/Developer/usr/lib -F /Users/buddhirajgautam/Library/Developer/Xcode/DerivedData/Telegram-Mac-fygdgghdgmuleoelvxabfmqiotta/Build/Products/Debug/PackageFrameworks -F /Users/buddhirajgautam/Library/Developer/Xcode/DerivedData/Telegram-Mac-fygdgghdgmuleoelvxabfmqiotta/Build/Products/Debug -F /Applications/Xcode.app/Contents/Developer/Platforms/MacOSX.platform/Developer/Library/Frameworks -c -j8 -enable-batch-mode -incremental -Xcc -ivfsstatcache -Xcc /Users/buddhirajgautam/Library/Developer/Xcode/DerivedData/SDKStatCaches.noindex/macosx27.0-26A425-e829b21a6f8c9b70876ba0858053c0447231f6df4def33e022ae2eb8f782df1a.sdkstatcache -output-file-map /Users/buddhirajgautam/Library/Developer/Xcode/DerivedData/Telegram-Mac-fygdgghdgmuleoelvxabfmqiotta/Build/Intermediates.noindex/Dock.build/Debug/Dock-t.build/Objects-normal/arm64/Dock-OutputFileMap.json -save-temps -no-color-diagnostics -explicit-module-build -module-cache-path /Users/buddhirajgautam/Library/Developer/Xcode/DerivedData/Telegram-Mac-fygdgghdgmuleoelvxabfmqiotta/Build/Intermediates.noindex/SwiftExplicitPrecompiledModules -clang-scanner-module-cache-path /Users/buddhirajgautam/Library/Developer/Xcode/DerivedData/ModuleCache.noindex -sdk-module-cache-path /Users/buddhirajgautam/Library/Developer/Xcode/DerivedData/SDKExplicitPrecompiledModules -emit-dependencies -emit-module -emit-module-path /Users/buddhirajgautam/Library/Developer/Xcode/DerivedData/Telegram-Mac-fygdgghdgmuleoelvxabfmqiotta/Build/Intermediates.noindex/Dock.build/Debug/Dock-t.build/Objects-normal/arm64/Dock.swiftmodule -serialize-diagnostics -dependency-scan-serialize-diagnostics-path /Users/buddhirajgautam/Library/Developer/Xcode/DerivedData/Telegram-Mac-fygdgghdgmuleoelvxabfmqiotta/Build/Intermediates.noindex/Dock.build/Debug/Dock-t.build/Objects-normal/arm64/Dock-dependency-scan.dia -validate-clang-modules-once -clang-build-session-file /Users/buddhirajgautam/Library/Developer/Xcode/DerivedData/ModuleCache.noindex/Session.modulevalidation -Xcc -fmodules-prune-interval\=86400 -Xcc -fmodules-prune-after\=345600 -emit-const-values -const-gather-protocols-list /Users/buddhirajgautam/Library/Developer/Xcode/DerivedData/Telegram-Mac-fygdgghdgmuleoelvxabfmqiotta/Build/Intermediates.noindex/Dock.build/Debug/Dock-t.build/Objects-normal/arm64/Dock_const_extract_protocols.json -Xcc -I/Users/buddhirajgautam/Documents/Cherrygram-Mac/macOS-Swift/packages/ObjcUtils/Sources/ObjcUtils -Xcc -I/Users/buddhirajgautam/Library/Developer/Xcode/DerivedData/Telegram-Mac-fygdgghdgmuleoelvxabfmqiotta/Build/Products/Debug/include -Xcc -I/Users/buddhirajgautam/Library/Developer/Xcode/DerivedData/Telegram-Mac-fygdgghdgmuleoelvxabfmqiotta/Build/Intermediates.noindex/Dock.build/Debug/Dock-t.build/DerivedSources-normal/arm64 -Xcc -I/Users/buddhirajgautam/Library/Developer/Xcode/DerivedData/Telegram-Mac-fygdgghdgmuleoelvxabfmqiotta/Build/Intermediates.noindex/Dock.build/Debug/Dock-t.build/DerivedSources/arm64 -Xcc -I/Users/buddhirajgautam/Library/Developer/Xcode/DerivedData/Telegram-Mac-fygdgghdgmuleoelvxabfmqiotta/Build/Intermediates.noindex/Dock.build/Debug/Dock-t.build/DerivedSources -Xcc -DSWIFT_PACKAGE -Xcc -DDEBUG\=1 -emit-objc-header -emit-objc-header-path /Users/buddhirajgautam/Library/Developer/Xcode/DerivedData/Telegram-Mac-fygdgghdgmuleoelvxabfmqiotta/Build/Intermediates.noindex/Dock.build/Debug/Dock-t.build/Objects-normal/arm64/Dock-Swift.h -working-directory /Users/buddhirajgautam/Documents/Cherrygram-Mac/macOS-Swift -experimental-emit-module-separately -disable-cmo

Copy /Users/buddhirajgautam/Library/Developer/Xcode/DerivedData/Telegram-Mac-fygdgghdgmuleoelvxabfmqiotta/Build/Products/Debug/Autoupdate.app/Contents/MacOS/fileop /Users/buddhirajgautam/Library/Developer/Xcode/DerivedData/Telegram-Mac-fygdgghdgmuleoelvxabfmqiotta/Build/Products/Debug/fileop (in target 'Autoupdate' from project 'Sparkle')
    cd /Users/buddhirajgautam/Documents/Cherrygram-Mac/macOS-Swift/submodules/Sparkle
    builtin-copy -exclude .DS_Store -exclude CVS -exclude .svn -exclude .git -exclude .hg -strip-unsigned-binaries -strip-deterministic -strip-tool /Applications/Xcode.app/Contents/Developer/Toolchains/XcodeDefault.xctoolchain/usr/bin/strip -resolve-src-symlinks -remove-static-executable /Users/buddhirajgautam/Library/Developer/Xcode/DerivedData/Telegram-Mac-fygdgghdgmuleoelvxabfmqiotta/Build/Products/Debug/fileop /Users/buddhirajgautam/Library/Developer/Xcode/DerivedData/Telegram-Mac-fygdgghdgmuleoelvxabfmqiotta/Build/Products/Debug/Autoupdate.app/Contents/MacOS
/Applications/Xcode.app/Contents/Developer/Toolchains/XcodeDefault.xctoolchain/usr/bin/strip -D -S -no_atom_info /Users/buddhirajgautam/Library/Developer/Xcode/DerivedData/Telegram-Mac-fygdgghdgmuleoelvxabfmqiotta/Build/Products/Debug/fileop -o /Users/buddhirajgautam/Library/Developer/Xcode/DerivedData/Telegram-Mac-fygdgghdgmuleoelvxabfmqiotta/Build/Products/Debug/Autoupdate.app/Contents/MacOS/fileop

Ld /Users/buddhirajgautam/Library/Developer/Xcode/DerivedData/Telegram-Mac-fygdgghdgmuleoelvxabfmqiotta/Build/Products/Debug/FirebaseCoreInternal.o normal (in target 'FirebaseCoreInternal' from project 'Firebase')
    cd /Users/buddhirajgautam/Library/Developer/Xcode/DerivedData/Telegram-Mac-fygdgghdgmuleoelvxabfmqiotta/SourcePackages/checkouts/firebase-ios-sdk
    /Applications/Xcode.app/Contents/Developer/Toolchains/XcodeDefault.xctoolchain/usr/bin/clang -Xlinker -reproducible -target arm64-apple-macos12.0 -r -isysroot /Applications/Xcode.app/Contents/Developer/Platforms/MacOSX.platform/Developer/SDKs/MacOSX27.0.sdk -O0 -w -Xlinker -no_warn_duplicate_libraries -F/Users/buddhirajgautam/Library/Developer/Xcode/DerivedData/Telegram-Mac-fygdgghdgmuleoelvxabfmqiotta/Build/Intermediates.noindex/EagerLinkingTBDs/Debug -F/Users/buddhirajgautam/Library/Developer/Xcode/DerivedData/Telegram-Mac-fygdgghdgmuleoelvxabfmqiotta/Build/Products/Debug/PackageFrameworks -F/Users/buddhirajgautam/Library/Developer/Xcode/DerivedData/Telegram-Mac-fygdgghdgmuleoelvxabfmqiotta/Build/Products/Debug -iframework /Applications/Xcode.app/Contents/Developer/Platforms/MacOSX.platform/Developer/Library/Frameworks -filelist /Users/buddhirajgautam/Library/Developer/Xcode/DerivedData/Telegram-Mac-fygdgghdgmuleoelvxabfmqiotta/Build/Intermediates.noindex/Firebase.build/Debug/FirebaseCoreInternal-t.build/Objects-normal/arm64/FirebaseCoreInternal.LinkFileList -nostdlib -Xlinker -object_path_lto -Xlinker /Users/buddhirajgautam/Library/Developer/Xcode/DerivedData/Telegram-Mac-fygdgghdgmuleoelvxabfmqiotta/Build/Intermediates.noindex/Firebase.build/Debug/FirebaseCoreInternal-t.build/Objects-normal/arm64/FirebaseCoreInternal_lto.o -Xlinker -no_deduplicate -Xlinker -debug_variant -Xlinker -dependency_info -Xlinker /Users/buddhirajgautam/Library/Developer/Xcode/DerivedData/Telegram-Mac-fygdgghdgmuleoelvxabfmqiotta/Build/Intermediates.noindex/Firebase.build/Debug/FirebaseCoreInternal-t.build/Objects-normal/arm64/FirebaseCoreInternal_dependency_info.dat -fobjc-link-runtime -L/Applications/Xcode.app/Contents/Developer/Toolchains/XcodeDefault.xctoolchain/usr/lib/swift/macosx -L/usr/lib/swift -Xlinker -add_ast_path -Xlinker /Users/buddhirajgautam/Library/Developer/Xcode/DerivedData/Telegram-Mac-fygdgghdgmuleoelvxabfmqiotta/Build/Intermediates.noindex/Firebase.build/Debug/FirebaseCoreInternal-t.build/Objects-normal/arm64/FirebaseCoreInternal.swiftmodule -o /Users/buddhirajgautam/Library/Developer/Xcode/DerivedData/Telegram-Mac-fygdgghdgmuleoelvxabfmqiotta/Build/Products/Debug/FirebaseCoreInternal.o

SwiftDriver\ Compilation GraphUI normal arm64 com.apple.xcode.tools.swift.compiler (in target 'GraphUI' from project 'GraphUI')
    cd /Users/buddhirajgautam/Documents/Cherrygram-Mac/macOS-Swift
    builtin-Swift-Compilation -- /Applications/Xcode.app/Contents/Developer/Toolchains/XcodeDefault.xctoolchain/usr/bin/swiftc -parse-as-library -module-name GraphUI -Onone @/Users/buddhirajgautam/Library/Developer/Xcode/DerivedData/Telegram-Mac-fygdgghdgmuleoelvxabfmqiotta/Build/Intermediates.noindex/GraphUI.build/Debug/GraphUI-t.build/Objects-normal/arm64/GraphUI.SwiftFileList -DSWIFT_PACKAGE -DDEBUG -DSWIFT_MODULE_RESOURCE_BUNDLE_UNAVAILABLE -Xcc -fmodule-map-file\=/Users/buddhirajgautam/Library/Developer/Xcode/DerivedData/Telegram-Mac-fygdgghdgmuleoelvxabfmqiotta/Build/Intermediates.noindex/GeneratedModuleMaps/ObjcUtils.modulemap -DXcode -plugin-path /Applications/Xcode.app/Contents/Developer/Toolchains/XcodeDefault.xctoolchain/usr/lib/swift/host/plugins/testing -enable-experimental-feature DebugDescriptionMacro -sdk /Applications/Xcode.app/Contents/Developer/Platforms/MacOSX.platform/Developer/SDKs/MacOSX27.0.sdk -target arm64-apple-macos12.0 -g -module-cache-path /Users/buddhirajgautam/Library/Developer/Xcode/DerivedData/ModuleCache.noindex -Xfrontend -serialize-debugging-options -profile-coverage-mapping -profile-generate -enable-testing -index-store-path /Users/buddhirajgautam/Library/Developer/Xcode/DerivedData/Telegram-Mac-fygdgghdgmuleoelvxabfmqiotta/Index.noindex/DataStore -Xcc -D_LIBCPP_HARDENING_MODE\=_LIBCPP_HARDENING_MODE_DEBUG -swift-version 5 -I /Users/buddhirajgautam/Library/Developer/Xcode/DerivedData/Telegram-Mac-fygdgghdgmuleoelvxabfmqiotta/Build/Products/Debug -Isystem /Applications/Xcode.app/Contents/Developer/Platforms/MacOSX.platform/Developer/usr/lib -F /Users/buddhirajgautam/Library/Developer/Xcode/DerivedData/Telegram-Mac-fygdgghdgmuleoelvxabfmqiotta/Build/Products/Debug/PackageFrameworks -F /Users/buddhirajgautam/Library/Developer/Xcode/DerivedData/Telegram-Mac-fygdgghdgmuleoelvxabfmqiotta/Build/Products/Debug -F /Applications/Xcode.app/Contents/Developer/Platforms/MacOSX.platform/Developer/Library/Frameworks -c -j8 -enable-batch-mode -incremental -Xcc -ivfsstatcache -Xcc /Users/buddhirajgautam/Library/Developer/Xcode/DerivedData/SDKStatCaches.noindex/macosx27.0-26A425-e829b21a6f8c9b70876ba0858053c0447231f6df4def33e022ae2eb8f782df1a.sdkstatcache -output-file-map /Users/buddhirajgautam/Library/Developer/Xcode/DerivedData/Telegram-Mac-fygdgghdgmuleoelvxabfmqiotta/Build/Intermediates.noindex/GraphUI.build/Debug/GraphUI-t.build/Objects-normal/arm64/GraphUI-OutputFileMap.json -save-temps -no-color-diagnostics -explicit-module-build -module-cache-path /Users/buddhirajgautam/Library/Developer/Xcode/DerivedData/Telegram-Mac-fygdgghdgmuleoelvxabfmqiotta/Build/Intermediates.noindex/SwiftExplicitPrecompiledModules -clang-scanner-module-cache-path /Users/buddhirajgautam/Library/Developer/Xcode/DerivedData/ModuleCache.noindex -sdk-module-cache-path /Users/buddhirajgautam/Library/Developer/Xcode/DerivedData/SDKExplicitPrecompiledModules -emit-dependencies -emit-module -emit-module-path /Users/buddhirajgautam/Library/Developer/Xcode/DerivedData/Telegram-Mac-fygdgghdgmuleoelvxabfmqiotta/Build/Intermediates.noindex/GraphUI.build/Debug/GraphUI-t.build/Objects-normal/arm64/GraphUI.swiftmodule -serialize-diagnostics -dependency-scan-serialize-diagnostics-path /Users/buddhirajgautam/Library/Developer/Xcode/DerivedData/Telegram-Mac-fygdgghdgmuleoelvxabfmqiotta/Build/Intermediates.noindex/GraphUI.build/Debug/GraphUI-t.build/Objects-normal/arm64/GraphUI-dependency-scan.dia -validate-clang-modules-once -clang-build-session-file /Users/buddhirajgautam/Library/Developer/Xcode/DerivedData/ModuleCache.noindex/Session.modulevalidation -Xcc -fmodules-prune-interval\=86400 -Xcc -fmodules-prune-after\=345600 -emit-const-values -const-gather-protocols-list /Users/buddhirajgautam/Library/Developer/Xcode/DerivedData/Telegram-Mac-fygdgghdgmuleoelvxabfmqiotta/Build/Intermediates.noindex/GraphUI.build/Debug/GraphUI-t.build/Objects-normal/arm64/GraphUI_const_extract_protocols.json -Xcc -I/Users/buddhirajgautam/Documents/Cherrygram-Mac/macOS-Swift/packages/ObjcUtils/Sources/ObjcUtils -Xcc -I/Users/buddhirajgautam/Library/Developer/Xcode/DerivedData/Telegram-Mac-fygdgghdgmuleoelvxabfmqiotta/Build/Products/Debug/include -Xcc -I/Users/buddhirajgautam/Library/Developer/Xcode/DerivedData/Telegram-Mac-fygdgghdgmuleoelvxabfmqiotta/Build/Intermediates.noindex/GraphUI.build/Debug/GraphUI-t.build/DerivedSources-normal/arm64 -Xcc -I/Users/buddhirajgautam/Library/Developer/Xcode/DerivedData/Telegram-Mac-fygdgghdgmuleoelvxabfmqiotta/Build/Intermediates.noindex/GraphUI.build/Debug/GraphUI-t.build/DerivedSources/arm64 -Xcc -I/Users/buddhirajgautam/Library/Developer/Xcode/DerivedData/Telegram-Mac-fygdgghdgmuleoelvxabfmqiotta/Build/Intermediates.noindex/GraphUI.build/Debug/GraphUI-t.build/DerivedSources -Xcc -DSWIFT_PACKAGE -Xcc -DDEBUG\=1 -emit-objc-header -emit-objc-header-path /Users/buddhirajgautam/Library/Developer/Xcode/DerivedData/Telegram-Mac-fygdgghdgmuleoelvxabfmqiotta/Build/Intermediates.noindex/GraphUI.build/Debug/GraphUI-t.build/Objects-normal/arm64/GraphUI-Swift.h -working-directory /Users/buddhirajgautam/Documents/Cherrygram-Mac/macOS-Swift -experimental-emit-module-separately -disable-cmo

ExtractAppIntentsMetadata (in target 'FirebaseCoreInternal' from project 'Firebase')
    cd /Users/buddhirajgautam/Library/Developer/Xcode/DerivedData/Telegram-Mac-fygdgghdgmuleoelvxabfmqiotta/SourcePackages/checkouts/firebase-ios-sdk
    /Applications/Xcode.app/Contents/Developer/Toolchains/XcodeDefault.xctoolchain/usr/bin/appintentsmetadataprocessor --toolchain-dir /var/run/com.apple.security.cryptexd/mnt/com.apple.MobileAsset.MetalToolchain-v27.1.266.1.Pr1pMU/Metal.xctoolchain --module-name FirebaseCoreInternal --sdk-root /Applications/Xcode.app/Contents/Developer/Platforms/MacOSX.platform/Developer/SDKs/MacOSX27.0.sdk --xcode-version 27A266a --platform-family macOS --deployment-target 12.0 --bundle-identifier firebase-ios-sdk.FirebaseCoreInternal --output /Users/buddhirajgautam/Library/Developer/Xcode/DerivedData/Telegram-Mac-fygdgghdgmuleoelvxabfmqiotta/Build/Products/Debug/FirebaseCoreInternal.appintents --target-triple arm64-apple-macos12.0 --binary-file /Users/buddhirajgautam/Library/Developer/Xcode/DerivedData/Telegram-Mac-fygdgghdgmuleoelvxabfmqiotta/Build/Products/Debug/FirebaseCoreInternal.o --dependency-file /Users/buddhirajgautam/Library/Developer/Xcode/DerivedData/Telegram-Mac-fygdgghdgmuleoelvxabfmqiotta/Build/Intermediates.noindex/Firebase.build/Debug/FirebaseCoreInternal-t.build/Objects-normal/arm64/FirebaseCoreInternal_dependency_info.dat --stringsdata-file /Users/buddhirajgautam/Library/Developer/Xcode/DerivedData/Telegram-Mac-fygdgghdgmuleoelvxabfmqiotta/Build/Intermediates.noindex/Firebase.build/Debug/FirebaseCoreInternal-t.build/Objects-normal/arm64/ExtractedAppShortcutsMetadata.stringsdata --source-file-list /Users/buddhirajgautam/Library/Developer/Xcode/DerivedData/Telegram-Mac-fygdgghdgmuleoelvxabfmqiotta/Build/Intermediates.noindex/Firebase.build/Debug/FirebaseCoreInternal-t.build/Objects-normal/arm64/FirebaseCoreInternal.SwiftFileList --metadata-file-list /Users/buddhirajgautam/Library/Developer/Xcode/DerivedData/Telegram-Mac-fygdgghdgmuleoelvxabfmqiotta/Build/Intermediates.noindex/Firebase.build/Debug/FirebaseCoreInternal-t.build/FirebaseCoreInternal.DependencyMetadataFileList --static-metadata-file-list /Users/buddhirajgautam/Library/Developer/Xcode/DerivedData/Telegram-Mac-fygdgghdgmuleoelvxabfmqiotta/Build/Intermediates.noindex/Firebase.build/Debug/FirebaseCoreInternal-t.build/FirebaseCoreInternal.DependencyStaticMetadataFileList --swift-const-vals-list /Users/buddhirajgautam/Library/Developer/Xcode/DerivedData/Telegram-Mac-fygdgghdgmuleoelvxabfmqiotta/Build/Intermediates.noindex/Firebase.build/Debug/FirebaseCoreInternal-t.build/Objects-normal/arm64/FirebaseCoreInternal.SwiftConstValuesFileList --force --compile-time-extraction --deployment-aware-processing --no-app-shortcuts-localization
2026-09-21 20:25:22.736 appintentsmetadataprocessor[56693:3889575] Starting appintentsmetadataprocessor export
2026-09-21 20:25:22.881 appintentsmetadataprocessor[56693:3889575] Extracted no relevant App Intents symbols, skipping writing output

SwiftDriver DustLayer normal arm64 com.apple.xcode.tools.swift.compiler (in target 'DustLayer' from project 'DustLayer')
    cd /Users/buddhirajgautam/Documents/Cherrygram-Mac/macOS-Swift
    builtin-SwiftDriver -- /Applications/Xcode.app/Contents/Developer/Toolchains/XcodeDefault.xctoolchain/usr/bin/swiftc -parse-as-library -module-name DustLayer -Onone @/Users/buddhirajgautam/Library/Developer/Xcode/DerivedData/Telegram-Mac-fygdgghdgmuleoelvxabfmqiotta/Build/Intermediates.noindex/DustLayer.build/Debug/DustLayer-t.build/Objects-normal/arm64/DustLayer.SwiftFileList -DSWIFT_PACKAGE -DDEBUG -DSWIFT_MODULE_RESOURCE_BUNDLE_AVAILABLE -Xcc -fmodule-map-file\=/Users/buddhirajgautam/Library/Developer/Xcode/DerivedData/Telegram-Mac-fygdgghdgmuleoelvxabfmqiotta/Build/Intermediates.noindex/GeneratedModuleMaps/ShelfPack.modulemap -Xcc -fmodule-map-file\=/Users/buddhirajgautam/Library/Developer/Xcode/DerivedData/Telegram-Mac-fygdgghdgmuleoelvxabfmqiotta/Build/Intermediates.noindex/GeneratedModuleMaps/ObjcUtils.modulemap -DXcode -plugin-path /Applications/Xcode.app/Contents/Developer/Toolchains/XcodeDefault.xctoolchain/usr/lib/swift/host/plugins/testing -enable-experimental-feature DebugDescriptionMacro -sdk /Applications/Xcode.app/Contents/Developer/Platforms/MacOSX.platform/Developer/SDKs/MacOSX27.0.sdk -target arm64-apple-macos12.0 -g -module-cache-path /Users/buddhirajgautam/Library/Developer/Xcode/DerivedData/ModuleCache.noindex -Xfrontend -serialize-debugging-options -profile-coverage-mapping -profile-generate -enable-testing -index-store-path /Users/buddhirajgautam/Library/Developer/Xcode/DerivedData/Telegram-Mac-fygdgghdgmuleoelvxabfmqiotta/Index.noindex/DataStore -Xcc -D_LIBCPP_HARDENING_MODE\=_LIBCPP_HARDENING_MODE_DEBUG -swift-version 5 -I /Users/buddhirajgautam/Library/Developer/Xcode/DerivedData/Telegram-Mac-fygdgghdgmuleoelvxabfmqiotta/Build/Products/Debug -Isystem /Applications/Xcode.app/Contents/Developer/Platforms/MacOSX.platform/Developer/usr/lib -F /Users/buddhirajgautam/Library/Developer/Xcode/DerivedData/Telegram-Mac-fygdgghdgmuleoelvxabfmqiotta/Build/Products/Debug/PackageFrameworks -F /Users/buddhirajgautam/Library/Developer/Xcode/DerivedData/Telegram-Mac-fygdgghdgmuleoelvxabfmqiotta/Build/Products/Debug -F /Applications/Xcode.app/Contents/Developer/Platforms/MacOSX.platform/Developer/Library/Frameworks -c -j8 -enable-batch-mode -incremental -Xcc -ivfsstatcache -Xcc /Users/buddhirajgautam/Library/Developer/Xcode/DerivedData/SDKStatCaches.noindex/macosx27.0-26A425-e829b21a6f8c9b70876ba0858053c0447231f6df4def33e022ae2eb8f782df1a.sdkstatcache -output-file-map /Users/buddhirajgautam/Library/Developer/Xcode/DerivedData/Telegram-Mac-fygdgghdgmuleoelvxabfmqiotta/Build/Intermediates.noindex/DustLayer.build/Debug/DustLayer-t.build/Objects-normal/arm64/DustLayer-OutputFileMap.json -save-temps -no-color-diagnostics -explicit-module-build -module-cache-path /Users/buddhirajgautam/Library/Developer/Xcode/DerivedData/Telegram-Mac-fygdgghdgmuleoelvxabfmqiotta/Build/Intermediates.noindex/SwiftExplicitPrecompiledModules -clang-scanner-module-cache-path /Users/buddhirajgautam/Library/Developer/Xcode/DerivedData/ModuleCache.noindex -sdk-module-cache-path /Users/buddhirajgautam/Library/Developer/Xcode/DerivedData/SDKExplicitPrecompiledModules -emit-dependencies -emit-module -emit-module-path /Users/buddhirajgautam/Library/Developer/Xcode/DerivedData/Telegram-Mac-fygdgghdgmuleoelvxabfmqiotta/Build/Intermediates.noindex/DustLayer.build/Debug/DustLayer-t.build/Objects-normal/arm64/DustLayer.swiftmodule -serialize-diagnostics -dependency-scan-serialize-diagnostics-path /Users/buddhirajgautam/Library/Developer/Xcode/DerivedData/Telegram-Mac-fygdgghdgmuleoelvxabfmqiotta/Build/Intermediates.noindex/DustLayer.build/Debug/DustLayer-t.build/Objects-normal/arm64/DustLayer-dependency-scan.dia -validate-clang-modules-once -clang-build-session-file /Users/buddhirajgautam/Library/Developer/Xcode/DerivedData/ModuleCache.noindex/Session.modulevalidation -Xcc -fmodules-prune-interval\=86400 -Xcc -fmodules-prune-after\=345600 -emit-const-values -const-gather-protocols-list /Users/buddhirajgautam/Library/Developer/Xcode/DerivedData/Telegram-Mac-fygdgghdgmuleoelvxabfmqiotta/Build/Intermediates.noindex/DustLayer.build/Debug/DustLayer-t.build/Objects-normal/arm64/DustLayer_const_extract_protocols.json -Xcc -I/Users/buddhirajgautam/Documents/Cherrygram-Mac/macOS-Swift/submodules/telegram-ios/submodules/Utils/ShelfPack/PublicHeaders -Xcc -I/Users/buddhirajgautam/Documents/Cherrygram-Mac/macOS-Swift/packages/ObjcUtils/Sources/ObjcUtils -Xcc -I/Users/buddhirajgautam/Library/Developer/Xcode/DerivedData/Telegram-Mac-fygdgghdgmuleoelvxabfmqiotta/Build/Products/Debug/include -Xcc -I/Users/buddhirajgautam/Library/Developer/Xcode/DerivedData/Telegram-Mac-fygdgghdgmuleoelvxabfmqiotta/Build/Intermediates.noindex/DustLayer.build/Debug/DustLayer-t.build/DerivedSources-normal/arm64 -Xcc -I/Users/buddhirajgautam/Library/Developer/Xcode/DerivedData/Telegram-Mac-fygdgghdgmuleoelvxabfmqiotta/Build/Intermediates.noindex/DustLayer.build/Debug/DustLayer-t.build/DerivedSources/arm64 -Xcc -I/Users/buddhirajgautam/Library/Developer/Xcode/DerivedData/Telegram-Mac-fygdgghdgmuleoelvxabfmqiotta/Build/Intermediates.noindex/DustLayer.build/Debug/DustLayer-t.build/DerivedSources -Xcc -DSWIFT_PACKAGE -Xcc -DDEBUG\=1 -emit-objc-header -emit-objc-header-path /Users/buddhirajgautam/Library/Developer/Xcode/DerivedData/Telegram-Mac-fygdgghdgmuleoelvxabfmqiotta/Build/Intermediates.noindex/DustLayer.build/Debug/DustLayer-t.build/Objects-normal/arm64/DustLayer-Swift.h -working-directory /Users/buddhirajgautam/Documents/Cherrygram-Mac/macOS-Swift -experimental-emit-module-separately -disable-cmo

SwiftDriver CallVideoLayer normal arm64 com.apple.xcode.tools.swift.compiler (in target 'CallVideoLayer' from project 'CallVideoLayer')
    cd /Users/buddhirajgautam/Documents/Cherrygram-Mac/macOS-Swift
    builtin-SwiftDriver -- /Applications/Xcode.app/Contents/Developer/Toolchains/XcodeDefault.xctoolchain/usr/bin/swiftc -parse-as-library -module-name CallVideoLayer -Onone @/Users/buddhirajgautam/Library/Developer/Xcode/DerivedData/Telegram-Mac-fygdgghdgmuleoelvxabfmqiotta/Build/Intermediates.noindex/CallVideoLayer.build/Debug/CallVideoLayer-t.build/Objects-normal/arm64/CallVideoLayer.SwiftFileList -DSWIFT_PACKAGE -DDEBUG -DSWIFT_MODULE_RESOURCE_BUNDLE_AVAILABLE -Xcc -fmodule-map-file\=/Users/buddhirajgautam/Library/Developer/Xcode/DerivedData/Telegram-Mac-fygdgghdgmuleoelvxabfmqiotta/Build/Intermediates.noindex/GeneratedModuleMaps/ShelfPack.modulemap -Xcc -fmodule-map-file\=/Users/buddhirajgautam/Library/Developer/Xcode/DerivedData/Telegram-Mac-fygdgghdgmuleoelvxabfmqiotta/Build/Intermediates.noindex/GeneratedModuleMaps/ObjcUtils.modulemap -DXcode -plugin-path /Applications/Xcode.app/Contents/Developer/Toolchains/XcodeDefault.xctoolchain/usr/lib/swift/host/plugins/testing -enable-experimental-feature DebugDescriptionMacro -sdk /Applications/Xcode.app/Contents/Developer/Platforms/MacOSX.platform/Developer/SDKs/MacOSX27.0.sdk -target arm64-apple-macos12.0 -g -module-cache-path /Users/buddhirajgautam/Library/Developer/Xcode/DerivedData/ModuleCache.noindex -Xfrontend -serialize-debugging-options -profile-coverage-mapping -profile-generate -enable-testing -index-store-path /Users/buddhirajgautam/Library/Developer/Xcode/DerivedData/Telegram-Mac-fygdgghdgmuleoelvxabfmqiotta/Index.noindex/DataStore -Xcc -D_LIBCPP_HARDENING_MODE\=_LIBCPP_HARDENING_MODE_DEBUG -swift-version 5 -I /Users/buddhirajgautam/Library/Developer/Xcode/DerivedData/Telegram-Mac-fygdgghdgmuleoelvxabfmqiotta/Build/Products/Debug -Isystem /Applications/Xcode.app/Contents/Developer/Platforms/MacOSX.platform/Developer/usr/lib -F /Users/buddhirajgautam/Library/Developer/Xcode/DerivedData/Telegram-Mac-fygdgghdgmuleoelvxabfmqiotta/Build/Products/Debug/PackageFrameworks -F /Users/buddhirajgautam/Library/Developer/Xcode/DerivedData/Telegram-Mac-fygdgghdgmuleoelvxabfmqiotta/Build/Products/Debug -F /Applications/Xcode.app/Contents/Developer/Platforms/MacOSX.platform/Developer/Library/Frameworks -c -j8 -enable-batch-mode -incremental -Xcc -ivfsstatcache -Xcc /Users/buddhirajgautam/Library/Developer/Xcode/DerivedData/SDKStatCaches.noindex/macosx27.0-26A425-e829b21a6f8c9b70876ba0858053c0447231f6df4def33e022ae2eb8f782df1a.sdkstatcache -output-file-map /Users/buddhirajgautam/Library/Developer/Xcode/DerivedData/Telegram-Mac-fygdgghdgmuleoelvxabfmqiotta/Build/Intermediates.noindex/CallVideoLayer.build/Debug/CallVideoLayer-t.build/Objects-normal/arm64/CallVideoLayer-OutputFileMap.json -save-temps -no-color-diagnostics -explicit-module-build -module-cache-path /Users/buddhirajgautam/Library/Developer/Xcode/DerivedData/Telegram-Mac-fygdgghdgmuleoelvxabfmqiotta/Build/Intermediates.noindex/SwiftExplicitPrecompiledModules -clang-scanner-module-cache-path /Users/buddhirajgautam/Library/Developer/Xcode/DerivedData/ModuleCache.noindex -sdk-module-cache-path /Users/buddhirajgautam/Library/Developer/Xcode/DerivedData/SDKExplicitPrecompiledModules -emit-dependencies -emit-module -emit-module-path /Users/buddhirajgautam/Library/Developer/Xcode/DerivedData/Telegram-Mac-fygdgghdgmuleoelvxabfmqiotta/Build/Intermediates.noindex/CallVideoLayer.build/Debug/CallVideoLayer-t.build/Objects-normal/arm64/CallVideoLayer.swiftmodule -serialize-diagnostics -dependency-scan-serialize-diagnostics-path /Users/buddhirajgautam/Library/Developer/Xcode/DerivedData/Telegram-Mac-fygdgghdgmuleoelvxabfmqiotta/Build/Intermediates.noindex/CallVideoLayer.build/Debug/CallVideoLayer-t.build/Objects-normal/arm64/CallVideoLayer-dependency-scan.dia -validate-clang-modules-once -clang-build-session-file /Users/buddhirajgautam/Library/Developer/Xcode/DerivedData/ModuleCache.noindex/Session.modulevalidation -Xcc -fmodules-prune-interval\=86400 -Xcc -fmodules-prune-after\=345600 -emit-const-values -const-gather-protocols-list /Users/buddhirajgautam/Library/Developer/Xcode/DerivedData/Telegram-Mac-fygdgghdgmuleoelvxabfmqiotta/Build/Intermediates.noindex/CallVideoLayer.build/Debug/CallVideoLayer-t.build/Objects-normal/arm64/CallVideoLayer_const_extract_protocols.json -Xcc -I/Users/buddhirajgautam/Documents/Cherrygram-Mac/macOS-Swift/submodules/telegram-ios/submodules/Utils/ShelfPack/PublicHeaders -Xcc -I/Users/buddhirajgautam/Documents/Cherrygram-Mac/macOS-Swift/packages/ObjcUtils/Sources/ObjcUtils -Xcc -I/Users/buddhirajgautam/Library/Developer/Xcode/DerivedData/Telegram-Mac-fygdgghdgmuleoelvxabfmqiotta/Build/Products/Debug/include -Xcc -I/Users/buddhirajgautam/Library/Developer/Xcode/DerivedData/Telegram-Mac-fygdgghdgmuleoelvxabfmqiotta/Build/Intermediates.noindex/CallVideoLayer.build/Debug/CallVideoLayer-t.build/DerivedSources-normal/arm64 -Xcc -I/Users/buddhirajgautam/Library/Developer/Xcode/DerivedData/Telegram-Mac-fygdgghdgmuleoelvxabfmqiotta/Build/Intermediates.noindex/CallVideoLayer.build/Debug/CallVideoLayer-t.build/DerivedSources/arm64 -Xcc -I/Users/buddhirajgautam/Library/Developer/Xcode/DerivedData/Telegram-Mac-fygdgghdgmuleoelvxabfmqiotta/Build/Intermediates.noindex/CallVideoLayer.build/Debug/CallVideoLayer-t.build/DerivedSources -Xcc -DSWIFT_PACKAGE -Xcc -DDEBUG\=1 -emit-objc-header -emit-objc-header-path /Users/buddhirajgautam/Library/Developer/Xcode/DerivedData/Telegram-Mac-fygdgghdgmuleoelvxabfmqiotta/Build/Intermediates.noindex/CallVideoLayer.build/Debug/CallVideoLayer-t.build/Objects-normal/arm64/CallVideoLayer-Swift.h -working-directory /Users/buddhirajgautam/Documents/Cherrygram-Mac/macOS-Swift -experimental-emit-module-separately -disable-cmo

SwiftEmitModule normal arm64 Emitting\ module\ for\ Reactions (in target 'Reactions' from project 'Reactions')

SwiftCompile normal arm64 (in target 'Reactions' from project 'Reactions')
    cd /Users/buddhirajgautam/Documents/Cherrygram-Mac/macOS-Swift
    

SwiftCompile normal arm64 Compiling\ Reactions.swift /Users/buddhirajgautam/Documents/Cherrygram-Mac/macOS-Swift/packages/Reactions/Sources/Reactions/Reactions.swift (in target 'Reactions' from project 'Reactions')

SwiftCompile normal arm64 /Users/buddhirajgautam/Documents/Cherrygram-Mac/macOS-Swift/packages/Reactions/Sources/Reactions/Reactions.swift (in target 'Reactions' from project 'Reactions')
    cd /Users/buddhirajgautam/Documents/Cherrygram-Mac/macOS-Swift
    builtin-SwiftPerFileCompile Reactions.swift

SwiftEmitModule normal arm64 Emitting\ module\ for\ ThemeSettings (in target 'ThemeSettings' from project 'ThemeSettings')

SwiftCompile normal arm64 (in target 'ThemeSettings' from project 'ThemeSettings')
    cd /Users/buddhirajgautam/Documents/Cherrygram-Mac/macOS-Swift
    

SwiftEmitModule normal arm64 Emitting\ module\ for\ InputView (in target 'InputView' from project 'InputView')

SwiftCompile normal arm64 (in target 'InputView' from project 'InputView')
    cd /Users/buddhirajgautam/Documents/Cherrygram-Mac/macOS-Swift
    

SwiftDriverJobDiscovery normal arm64 Emitting module for Reactions (in target 'Reactions' from project 'Reactions')

SwiftDriver\ Compilation\ Requirements Reactions normal arm64 com.apple.xcode.tools.swift.compiler (in target 'Reactions' from project 'Reactions')
    cd /Users/buddhirajgautam/Documents/Cherrygram-Mac/macOS-Swift
    builtin-Swift-Compilation-Requirements -- /Applications/Xcode.app/Contents/Developer/Toolchains/XcodeDefault.xctoolchain/usr/bin/swiftc -parse-as-library -module-name Reactions -Onone @/Users/buddhirajgautam/Library/Developer/Xcode/DerivedData/Telegram-Mac-fygdgghdgmuleoelvxabfmqiotta/Build/Intermediates.noindex/Reactions.build/Debug/Reactions-t.build/Objects-normal/arm64/Reactions.SwiftFileList -DSWIFT_PACKAGE -DDEBUG -DSWIFT_MODULE_RESOURCE_BUNDLE_UNAVAILABLE -Xcc -fmodule-map-file\=/Users/buddhirajgautam/Library/Developer/Xcode/DerivedData/Telegram-Mac-fygdgghdgmuleoelvxabfmqiotta/Build/Intermediates.noindex/GeneratedModuleMaps/MurMurHash32.modulemap -Xcc -fmodule-map-file\=/Users/buddhirajgautam/Library/Developer/Xcode/DerivedData/Telegram-Mac-fygdgghdgmuleoelvxabfmqiotta/Build/Intermediates.noindex/GeneratedModuleMaps/sqlcipher.modulemap -Xcc -fmodule-map-file\=/Users/buddhirajgautam/Library/Developer/Xcode/DerivedData/Telegram-Mac-fygdgghdgmuleoelvxabfmqiotta/Build/Intermediates.noindex/GeneratedModuleMaps/StringTransliteration.modulemap -Xcc -fmodule-map-file\=/Users/buddhirajgautam/Library/Developer/Xcode/DerivedData/Telegram-Mac-fygdgghdgmuleoelvxabfmqiotta/Build/Intermediates.noindex/GeneratedModuleMaps/Crc32.modulemap -Xcc -fmodule-map-file\=/Users/buddhirajgautam/Library/Developer/Xcode/DerivedData/Telegram-Mac-fygdgghdgmuleoelvxabfmqiotta/Build/Intermediates.noindex/GeneratedModuleMaps/MtProtoKit.modulemap -Xcc -fmodule-map-file\=/Users/buddhirajgautam/Library/Developer/Xcode/DerivedData/Telegram-Mac-fygdgghdgmuleoelvxabfmqiotta/Build/Intermediates.noindex/GeneratedModuleMaps/CryptoUtils.modulemap -Xcc -fmodule-map-file\=/Users/buddhirajgautam/Library/Developer/Xcode/DerivedData/Telegram-Mac-fygdgghdgmuleoelvxabfmqiotta/Build/Intermediates.noindex/GeneratedModuleMaps/NetworkLogging.modulemap -Xcc -fmodule-map-file\=/Users/buddhirajgautam/Library/Developer/Xcode/DerivedData/Telegram-Mac-fygdgghdgmuleoelvxabfmqiotta/Build/Intermediates.noindex/GeneratedModuleMaps/DarwinDirStat.modulemap -Xcc -fmodule-map-file\=/Users/buddhirajgautam/Library/Developer/Xcode/DerivedData/Telegram-Mac-fygdgghdgmuleoelvxabfmqiotta/Build/Intermediates.noindex/GeneratedModuleMaps/LegacyReachability.modulemap -Xcc -fmodule-map-file\=/Users/buddhirajgautam/Library/Developer/Xcode/DerivedData/Telegram-Mac-fygdgghdgmuleoelvxabfmqiotta/Build/Intermediates.noindex/GeneratedModuleMaps/EncryptionProvider.modulemap -Xcc -fmodule-map-file\=/Users/buddhirajgautam/Library/Developer/Xcode/DerivedData/Telegram-Mac-fygdgghdgmuleoelvxabfmqiotta/Build/Intermediates.noindex/GeneratedModuleMaps/ObjcUtils.modulemap -DXcode -plugin-path /Applications/Xcode.app/Contents/Developer/Toolchains/XcodeDefault.xctoolchain/usr/lib/swift/host/plugins/testing -enable-experimental-feature DebugDescriptionMacro -sdk /Applications/Xcode.app/Contents/Developer/Platforms/MacOSX.platform/Developer/SDKs/MacOSX27.0.sdk -target arm64-apple-macos12.0 -g -module-cache-path /Users/buddhirajgautam/Library/Developer/Xcode/DerivedData/ModuleCache.noindex -Xfrontend -serialize-debugging-options -profile-coverage-mapping -profile-generate -enable-testing -index-store-path /Users/buddhirajgautam/Library/Developer/Xcode/DerivedData/Telegram-Mac-fygdgghdgmuleoelvxabfmqiotta/Index.noindex/DataStore -Xcc -D_LIBCPP_HARDENING_MODE\=_LIBCPP_HARDENING_MODE_DEBUG -swift-version 5 -I /Users/buddhirajgautam/Library/Developer/Xcode/DerivedData/Telegram-Mac-fygdgghdgmuleoelvxabfmqiotta/Build/Products/Debug -Isystem /Applications/Xcode.app/Contents/Developer/Platforms/MacOSX.platform/Developer/usr/lib -F /Users/buddhirajgautam/Library/Developer/Xcode/DerivedData/Telegram-Mac-fygdgghdgmuleoelvxabfmqiotta/Build/Products/Debug/PackageFrameworks -F /Users/buddhirajgautam/Library/Developer/Xcode/DerivedData/Telegram-Mac-fygdgghdgmuleoelvxabfmqiotta/Build/Products/Debug -F /Applications/Xcode.app/Contents/Developer/Platforms/MacOSX.platform/Developer/Library/Frameworks -c -j8 -enable-batch-mode -incremental -Xcc -ivfsstatcache -Xcc /Users/buddhirajgautam/Library/Developer/Xcode/DerivedData/SDKStatCaches.noindex/macosx27.0-26A425-e829b21a6f8c9b70876ba0858053c0447231f6df4def33e022ae2eb8f782df1a.sdkstatcache -output-file-map /Users/buddhirajgautam/Library/Developer/Xcode/DerivedData/Telegram-Mac-fygdgghdgmuleoelvxabfmqiotta/Build/Intermediates.noindex/Reactions.build/Debug/Reactions-t.build/Objects-normal/arm64/Reactions-OutputFileMap.json -save-temps -no-color-diagnostics -explicit-module-build -module-cache-path /Users/buddhirajgautam/Library/Developer/Xcode/DerivedData/Telegram-Mac-fygdgghdgmuleoelvxabfmqiotta/Build/Intermediates.noindex/SwiftExplicitPrecompiledModules -clang-scanner-module-cache-path /Users/buddhirajgautam/Library/Developer/Xcode/DerivedData/ModuleCache.noindex -sdk-module-cache-path /Users/buddhirajgautam/Library/Developer/Xcode/DerivedData/SDKExplicitPrecompiledModules -emit-dependencies -emit-module -emit-module-path /Users/buddhirajgautam/Library/Developer/Xcode/DerivedData/Telegram-Mac-fygdgghdgmuleoelvxabfmqiotta/Build/Intermediates.noindex/Reactions.build/Debug/Reactions-t.build/Objects-normal/arm64/Reactions.swiftmodule -serialize-diagnostics -dependency-scan-serialize-diagnostics-path /Users/buddhirajgautam/Library/Developer/Xcode/DerivedData/Telegram-Mac-fygdgghdgmuleoelvxabfmqiotta/Build/Intermediates.noindex/Reactions.build/Debug/Reactions-t.build/Objects-normal/arm64/Reactions-dependency-scan.dia -validate-clang-modules-once -clang-build-session-file /Users/buddhirajgautam/Library/Developer/Xcode/DerivedData/ModuleCache.noindex/Session.modulevalidation -Xcc -fmodules-prune-interval\=86400 -Xcc -fmodules-prune-after\=345600 -emit-const-values -const-gather-protocols-list /Users/buddhirajgautam/Library/Developer/Xcode/DerivedData/Telegram-Mac-fygdgghdgmuleoelvxabfmqiotta/Build/Intermediates.noindex/Reactions.build/Debug/Reactions-t.build/Objects-normal/arm64/Reactions_const_extract_protocols.json -Xcc -I/Users/buddhirajgautam/Documents/Cherrygram-Mac/macOS-Swift/submodules/telegram-ios/submodules/MurMurHash32/PublicHeaders -Xcc -I/Users/buddhirajgautam/Documents/Cherrygram-Mac/macOS-Swift/submodules/telegram-ios/submodules/sqlcipher/PublicHeaders -Xcc -I/Users/buddhirajgautam/Documents/Cherrygram-Mac/macOS-Swift/submodules/telegram-ios/submodules/StringTransliteration/PublicHeaders -Xcc -I/Users/buddhirajgautam/Documents/Cherrygram-Mac/macOS-Swift/submodules/telegram-ios/submodules/Crc32/PublicHeaders -Xcc -I/Users/buddhirajgautam/Documents/Cherrygram-Mac/macOS-Swift/submodules/telegram-ios/submodules/MtProtoKit/PublicHeaders -Xcc -I/Users/buddhirajgautam/Documents/Cherrygram-Mac/macOS-Swift/submodules/telegram-ios/submodules/CryptoUtils/PublicHeaders -Xcc -I/Users/buddhirajgautam/Documents/Cherrygram-Mac/macOS-Swift/submodules/telegram-ios/submodules/NetworkLogging/PublicHeaders -Xcc -I/Users/buddhirajgautam/Documents/Cherrygram-Mac/macOS-Swift/submodules/telegram-ios/submodules/Utils/DarwinDirStat/PublicHeaders -Xcc -I/Users/buddhirajgautam/Documents/Cherrygram-Mac/macOS-Swift/submodules/telegram-ios/submodules/Reachability/LegacyReachability/PublicHeaders -Xcc -I/Users/buddhirajgautam/Documents/Cherrygram-Mac/macOS-Swift/submodules/telegram-ios/submodules/EncryptionProvider/PublicHeaders -Xcc -I/Users/buddhirajgautam/Documents/Cherrygram-Mac/macOS-Swift/packages/ObjcUtils/Sources/ObjcUtils -Xcc -I/Users/buddhirajgautam/Library/Developer/Xcode/DerivedData/Telegram-Mac-fygdgghdgmuleoelvxabfmqiotta/Build/Products/Debug/include -Xcc -I/Users/buddhirajgautam/Library/Developer/Xcode/DerivedData/Telegram-Mac-fygdgghdgmuleoelvxabfmqiotta/Build/Intermediates.noindex/Reactions.build/Debug/Reactions-t.build/DerivedSources-normal/arm64 -Xcc -I/Users/buddhirajgautam/Library/Developer/Xcode/DerivedData/Telegram-Mac-fygdgghdgmuleoelvxabfmqiotta/Build/Intermediates.noindex/Reactions.build/Debug/Reactions-t.build/DerivedSources/arm64 -Xcc -I/Users/buddhirajgautam/Library/Developer/Xcode/DerivedData/Telegram-Mac-fygdgghdgmuleoelvxabfmqiotta/Build/Intermediates.noindex/Reactions.build/Debug/Reactions-t.build/DerivedSources -Xcc -DSWIFT_PACKAGE -Xcc -DDEBUG\=1 -emit-objc-header -emit-objc-header-path /Users/buddhirajgautam/Library/Developer/Xcode/DerivedData/Telegram-Mac-fygdgghdgmuleoelvxabfmqiotta/Build/Intermediates.noindex/Reactions.build/Debug/Reactions-t.build/Objects-normal/arm64/Reactions-Swift.h -working-directory /Users/buddhirajgautam/Documents/Cherrygram-Mac/macOS-Swift -experimental-emit-module-separately -disable-cmo

SwiftDriverJobDiscovery normal arm64 Compiling FetchManagerImpl.swift (in target 'FetchManager' from project 'FetchManager')

SwiftEmitModule normal arm64 Emitting\ module\ for\ InAppPurchaseManager (in target 'InAppPurchaseManager' from project 'InAppPurchaseManager')

SwiftCompile normal arm64 (in target 'InAppPurchaseManager' from project 'InAppPurchaseManager')
    cd /Users/buddhirajgautam/Documents/Cherrygram-Mac/macOS-Swift
    

SwiftMergeGeneratedHeaders /Users/buddhirajgautam/Library/Developer/Xcode/DerivedData/Telegram-Mac-fygdgghdgmuleoelvxabfmqiotta/Build/Intermediates.noindex/GeneratedModuleMaps/Reactions-Swift.h /Users/buddhirajgautam/Library/Developer/Xcode/DerivedData/Telegram-Mac-fygdgghdgmuleoelvxabfmqiotta/Build/Intermediates.noindex/Reactions.build/Debug/Reactions-t.build/Objects-normal/arm64/Reactions-Swift.h (in target 'Reactions' from project 'Reactions')
    cd /Users/buddhirajgautam/Documents/Cherrygram-Mac/macOS-Swift/packages/Reactions
    builtin-swiftHeaderTool -arch arm64 /Users/buddhirajgautam/Library/Developer/Xcode/DerivedData/Telegram-Mac-fygdgghdgmuleoelvxabfmqiotta/Build/Intermediates.noindex/Reactions.build/Debug/Reactions-t.build/Objects-normal/arm64/Reactions-Swift.h -o /Users/buddhirajgautam/Library/Developer/Xcode/DerivedData/Telegram-Mac-fygdgghdgmuleoelvxabfmqiotta/Build/Intermediates.noindex/GeneratedModuleMaps/Reactions-Swift.h

SwiftDriverJobDiscovery normal arm64 Compiling TableRowItem.swift, TableRowView.swift, TableStickItem.swift, TableStickView.swift, TableView.swift, TableViewController.swift, TextButtonBarView.swift, TextLabelNode.swift, TextNode.swift, TextView.swift, TextViewLabel.swift, TimableProgressView.swift, TitleButton.swift, TitledBarView.swift, TokenizedView.swift, TooltipController.swift (in target 'TGUIKit' from project 'TGUIKit')

Copy /Users/buddhirajgautam/Library/Developer/Xcode/DerivedData/Telegram-Mac-fygdgghdgmuleoelvxabfmqiotta/Build/Products/Debug/Reactions.swiftmodule/arm64-apple-macos.swiftmodule /Users/buddhirajgautam/Library/Developer/Xcode/DerivedData/Telegram-Mac-fygdgghdgmuleoelvxabfmqiotta/Build/Intermediates.noindex/Reactions.build/Debug/Reactions-t.build/Objects-normal/arm64/Reactions.swiftmodule (in target 'Reactions' from project 'Reactions')
    cd /Users/buddhirajgautam/Documents/Cherrygram-Mac/macOS-Swift/packages/Reactions
    builtin-copy -exclude .DS_Store -exclude CVS -exclude .svn -exclude .git -exclude .hg -resolve-src-symlinks -rename /Users/buddhirajgautam/Library/Developer/Xcode/DerivedData/Telegram-Mac-fygdgghdgmuleoelvxabfmqiotta/Build/Intermediates.noindex/Reactions.build/Debug/Reactions-t.build/Objects-normal/arm64/Reactions.swiftmodule /Users/buddhirajgautam/Library/Developer/Xcode/DerivedData/Telegram-Mac-fygdgghdgmuleoelvxabfmqiotta/Build/Products/Debug/Reactions.swiftmodule/arm64-apple-macos.swiftmodule

Copy /Users/buddhirajgautam/Library/Developer/Xcode/DerivedData/Telegram-Mac-fygdgghdgmuleoelvxabfmqiotta/Build/Products/Debug/Reactions.swiftmodule/arm64-apple-macos.swiftdoc /Users/buddhirajgautam/Library/Developer/Xcode/DerivedData/Telegram-Mac-fygdgghdgmuleoelvxabfmqiotta/Build/Intermediates.noindex/Reactions.build/Debug/Reactions-t.build/Objects-normal/arm64/Reactions.swiftdoc (in target 'Reactions' from project 'Reactions')
    cd /Users/buddhirajgautam/Documents/Cherrygram-Mac/macOS-Swift/packages/Reactions
    builtin-copy -exclude .DS_Store -exclude CVS -exclude .svn -exclude .git -exclude .hg -resolve-src-symlinks -rename /Users/buddhirajgautam/Library/Developer/Xcode/DerivedData/Telegram-Mac-fygdgghdgmuleoelvxabfmqiotta/Build/Intermediates.noindex/Reactions.build/Debug/Reactions-t.build/Objects-normal/arm64/Reactions.swiftdoc /Users/buddhirajgautam/Library/Developer/Xcode/DerivedData/Telegram-Mac-fygdgghdgmuleoelvxabfmqiotta/Build/Products/Debug/Reactions.swiftmodule/arm64-apple-macos.swiftdoc

Copy /Users/buddhirajgautam/Library/Developer/Xcode/DerivedData/Telegram-Mac-fygdgghdgmuleoelvxabfmqiotta/Build/Products/Debug/Reactions.swiftmodule/arm64-apple-macos.abi.json /Users/buddhirajgautam/Library/Developer/Xcode/DerivedData/Telegram-Mac-fygdgghdgmuleoelvxabfmqiotta/Build/Intermediates.noindex/Reactions.build/Debug/Reactions-t.build/Objects-normal/arm64/Reactions.abi.json (in target 'Reactions' from project 'Reactions')
    cd /Users/buddhirajgautam/Documents/Cherrygram-Mac/macOS-Swift/packages/Reactions
    builtin-copy -exclude .DS_Store -exclude CVS -exclude .svn -exclude .git -exclude .hg -resolve-src-symlinks -rename /Users/buddhirajgautam/Library/Developer/Xcode/DerivedData/Telegram-Mac-fygdgghdgmuleoelvxabfmqiotta/Build/Intermediates.noindex/Reactions.build/Debug/Reactions-t.build/Objects-normal/arm64/Reactions.abi.json /Users/buddhirajgautam/Library/Developer/Xcode/DerivedData/Telegram-Mac-fygdgghdgmuleoelvxabfmqiotta/Build/Products/Debug/Reactions.swiftmodule/arm64-apple-macos.abi.json

Copy /Users/buddhirajgautam/Library/Developer/Xcode/DerivedData/Telegram-Mac-fygdgghdgmuleoelvxabfmqiotta/Build/Products/Debug/Reactions.swiftmodule/Project/arm64-apple-macos.swiftsourceinfo /Users/buddhirajgautam/Library/Developer/Xcode/DerivedData/Telegram-Mac-fygdgghdgmuleoelvxabfmqiotta/Build/Intermediates.noindex/Reactions.build/Debug/Reactions-t.build/Objects-normal/arm64/Reactions.swiftsourceinfo (in target 'Reactions' from project 'Reactions')
    cd /Users/buddhirajgautam/Documents/Cherrygram-Mac/macOS-Swift/packages/Reactions
    builtin-copy -exclude .DS_Store -exclude CVS -exclude .svn -exclude .git -exclude .hg -resolve-src-symlinks -rename /Users/buddhirajgautam/Library/Developer/Xcode/DerivedData/Telegram-Mac-fygdgghdgmuleoelvxabfmqiotta/Build/Intermediates.noindex/Reactions.build/Debug/Reactions-t.build/Objects-normal/arm64/Reactions.swiftsourceinfo /Users/buddhirajgautam/Library/Developer/Xcode/DerivedData/Telegram-Mac-fygdgghdgmuleoelvxabfmqiotta/Build/Products/Debug/Reactions.swiftmodule/Project/arm64-apple-macos.swiftsourceinfo

SwiftCompile normal arm64 Compiling\ ThemeSettings.swift /Users/buddhirajgautam/Documents/Cherrygram-Mac/macOS-Swift/packages/ThemeSettings/Sources/ThemeSettings/ThemeSettings.swift (in target 'ThemeSettings' from project 'ThemeSettings')

SwiftCompile normal arm64 /Users/buddhirajgautam/Documents/Cherrygram-Mac/macOS-Swift/packages/ThemeSettings/Sources/ThemeSettings/ThemeSettings.swift (in target 'ThemeSettings' from project 'ThemeSettings')
    cd /Users/buddhirajgautam/Documents/Cherrygram-Mac/macOS-Swift
    builtin-SwiftPerFileCompile ThemeSettings.swift

SwiftCompile normal arm64 Compiling\ AutoNightThemePreferences.swift /Users/buddhirajgautam/Documents/Cherrygram-Mac/macOS-Swift/packages/ThemeSettings/Sources/ThemeSettings/AutoNightThemePreferences.swift (in target 'ThemeSettings' from project 'ThemeSettings')

SwiftCompile normal arm64 /Users/buddhirajgautam/Documents/Cherrygram-Mac/macOS-Swift/packages/ThemeSettings/Sources/ThemeSettings/AutoNightThemePreferences.swift (in target 'ThemeSettings' from project 'ThemeSettings')
    cd /Users/buddhirajgautam/Documents/Cherrygram-Mac/macOS-Swift
    builtin-SwiftPerFileCompile AutoNightThemePreferences.swift

SwiftDriverJobDiscovery normal arm64 Emitting module for ThemeSettings (in target 'ThemeSettings' from project 'ThemeSettings')

SwiftDriver\ Compilation\ Requirements ThemeSettings normal arm64 com.apple.xcode.tools.swift.compiler (in target 'ThemeSettings' from project 'ThemeSettings')
    cd /Users/buddhirajgautam/Documents/Cherrygram-Mac/macOS-Swift
    builtin-Swift-Compilation-Requirements -- /Applications/Xcode.app/Contents/Developer/Toolchains/XcodeDefault.xctoolchain/usr/bin/swiftc -parse-as-library -module-name ThemeSettings -Onone @/Users/buddhirajgautam/Library/Developer/Xcode/DerivedData/Telegram-Mac-fygdgghdgmuleoelvxabfmqiotta/Build/Intermediates.noindex/ThemeSettings.build/Debug/ThemeSettings-t.build/Objects-normal/arm64/ThemeSettings.SwiftFileList -DSWIFT_PACKAGE -DDEBUG -DSWIFT_MODULE_RESOURCE_BUNDLE_UNAVAILABLE -Xcc -fmodule-map-file\=/Users/buddhirajgautam/Library/Developer/Xcode/DerivedData/Telegram-Mac-fygdgghdgmuleoelvxabfmqiotta/Build/Intermediates.noindex/GeneratedModuleMaps/MurMurHash32.modulemap -Xcc -fmodule-map-file\=/Users/buddhirajgautam/Library/Developer/Xcode/DerivedData/Telegram-Mac-fygdgghdgmuleoelvxabfmqiotta/Build/Intermediates.noindex/GeneratedModuleMaps/sqlcipher.modulemap -Xcc -fmodule-map-file\=/Users/buddhirajgautam/Library/Developer/Xcode/DerivedData/Telegram-Mac-fygdgghdgmuleoelvxabfmqiotta/Build/Intermediates.noindex/GeneratedModuleMaps/StringTransliteration.modulemap -Xcc -fmodule-map-file\=/Users/buddhirajgautam/Library/Developer/Xcode/DerivedData/Telegram-Mac-fygdgghdgmuleoelvxabfmqiotta/Build/Intermediates.noindex/GeneratedModuleMaps/Crc32.modulemap -Xcc -fmodule-map-file\=/Users/buddhirajgautam/Library/Developer/Xcode/DerivedData/Telegram-Mac-fygdgghdgmuleoelvxabfmqiotta/Build/Intermediates.noindex/GeneratedModuleMaps/ObjcUtils.modulemap -Xcc -fmodule-map-file\=/Users/buddhirajgautam/Library/Developer/Xcode/DerivedData/Telegram-Mac-fygdgghdgmuleoelvxabfmqiotta/Build/Intermediates.noindex/GeneratedModuleMaps/MtProtoKit.modulemap -Xcc -fmodule-map-file\=/Users/buddhirajgautam/Library/Developer/Xcode/DerivedData/Telegram-Mac-fygdgghdgmuleoelvxabfmqiotta/Build/Intermediates.noindex/GeneratedModuleMaps/CryptoUtils.modulemap -Xcc -fmodule-map-file\=/Users/buddhirajgautam/Library/Developer/Xcode/DerivedData/Telegram-Mac-fygdgghdgmuleoelvxabfmqiotta/Build/Intermediates.noindex/GeneratedModuleMaps/NetworkLogging.modulemap -Xcc -fmodule-map-file\=/Users/buddhirajgautam/Library/Developer/Xcode/DerivedData/Telegram-Mac-fygdgghdgmuleoelvxabfmqiotta/Build/Intermediates.noindex/GeneratedModuleMaps/DarwinDirStat.modulemap -Xcc -fmodule-map-file\=/Users/buddhirajgautam/Library/Developer/Xcode/DerivedData/Telegram-Mac-fygdgghdgmuleoelvxabfmqiotta/Build/Intermediates.noindex/GeneratedModuleMaps/LegacyReachability.modulemap -Xcc -fmodule-map-file\=/Users/buddhirajgautam/Library/Developer/Xcode/DerivedData/Telegram-Mac-fygdgghdgmuleoelvxabfmqiotta/Build/Intermediates.noindex/GeneratedModuleMaps/EncryptionProvider.modulemap -DXcode -plugin-path /Applications/Xcode.app/Contents/Developer/Toolchains/XcodeDefault.xctoolchain/usr/lib/swift/host/plugins/testing -enable-experimental-feature DebugDescriptionMacro -sdk /Applications/Xcode.app/Contents/Developer/Platforms/MacOSX.platform/Developer/SDKs/MacOSX27.0.sdk -target arm64-apple-macos12.0 -g -module-cache-path /Users/buddhirajgautam/Library/Developer/Xcode/DerivedData/ModuleCache.noindex -Xfrontend -serialize-debugging-options -profile-coverage-mapping -profile-generate -enable-testing -index-store-path /Users/buddhirajgautam/Library/Developer/Xcode/DerivedData/Telegram-Mac-fygdgghdgmuleoelvxabfmqiotta/Index.noindex/DataStore -Xcc -D_LIBCPP_HARDENING_MODE\=_LIBCPP_HARDENING_MODE_DEBUG -swift-version 5 -I /Users/buddhirajgautam/Library/Developer/Xcode/DerivedData/Telegram-Mac-fygdgghdgmuleoelvxabfmqiotta/Build/Products/Debug -Isystem /Applications/Xcode.app/Contents/Developer/Platforms/MacOSX.platform/Developer/usr/lib -F /Users/buddhirajgautam/Library/Developer/Xcode/DerivedData/Telegram-Mac-fygdgghdgmuleoelvxabfmqiotta/Build/Products/Debug/PackageFrameworks -F /Users/buddhirajgautam/Library/Developer/Xcode/DerivedData/Telegram-Mac-fygdgghdgmuleoelvxabfmqiotta/Build/Products/Debug -F /Applications/Xcode.app/Contents/Developer/Platforms/MacOSX.platform/Developer/Library/Frameworks -c -j8 -enable-batch-mode -incremental -Xcc -ivfsstatcache -Xcc /Users/buddhirajgautam/Library/Developer/Xcode/DerivedData/SDKStatCaches.noindex/macosx27.0-26A425-e829b21a6f8c9b70876ba0858053c0447231f6df4def33e022ae2eb8f782df1a.sdkstatcache -output-file-map /Users/buddhirajgautam/Library/Developer/Xcode/DerivedData/Telegram-Mac-fygdgghdgmuleoelvxabfmqiotta/Build/Intermediates.noindex/ThemeSettings.build/Debug/ThemeSettings-t.build/Objects-normal/arm64/ThemeSettings-OutputFileMap.json -save-temps -no-color-diagnostics -explicit-module-build -module-cache-path /Users/buddhirajgautam/Library/Developer/Xcode/DerivedData/Telegram-Mac-fygdgghdgmuleoelvxabfmqiotta/Build/Intermediates.noindex/SwiftExplicitPrecompiledModules -clang-scanner-module-cache-path /Users/buddhirajgautam/Library/Developer/Xcode/DerivedData/ModuleCache.noindex -sdk-module-cache-path /Users/buddhirajgautam/Library/Developer/Xcode/DerivedData/SDKExplicitPrecompiledModules -emit-dependencies -emit-module -emit-module-path /Users/buddhirajgautam/Library/Developer/Xcode/DerivedData/Telegram-Mac-fygdgghdgmuleoelvxabfmqiotta/Build/Intermediates.noindex/ThemeSettings.build/Debug/ThemeSettings-t.build/Objects-normal/arm64/ThemeSettings.swiftmodule -serialize-diagnostics -dependency-scan-serialize-diagnostics-path /Users/buddhirajgautam/Library/Developer/Xcode/DerivedData/Telegram-Mac-fygdgghdgmuleoelvxabfmqiotta/Build/Intermediates.noindex/ThemeSettings.build/Debug/ThemeSettings-t.build/Objects-normal/arm64/ThemeSettings-dependency-scan.dia -validate-clang-modules-once -clang-build-session-file /Users/buddhirajgautam/Library/Developer/Xcode/DerivedData/ModuleCache.noindex/Session.modulevalidation -Xcc -fmodules-prune-interval\=86400 -Xcc -fmodules-prune-after\=345600 -emit-const-values -const-gather-protocols-list /Users/buddhirajgautam/Library/Developer/Xcode/DerivedData/Telegram-Mac-fygdgghdgmuleoelvxabfmqiotta/Build/Intermediates.noindex/ThemeSettings.build/Debug/ThemeSettings-t.build/Objects-normal/arm64/ThemeSettings_const_extract_protocols.json -Xcc -I/Users/buddhirajgautam/Documents/Cherrygram-Mac/macOS-Swift/submodules/telegram-ios/submodules/MurMurHash32/PublicHeaders -Xcc -I/Users/buddhirajgautam/Documents/Cherrygram-Mac/macOS-Swift/submodules/telegram-ios/submodules/sqlcipher/PublicHeaders -Xcc -I/Users/buddhirajgautam/Documents/Cherrygram-Mac/macOS-Swift/submodules/telegram-ios/submodules/StringTransliteration/PublicHeaders -Xcc -I/Users/buddhirajgautam/Documents/Cherrygram-Mac/macOS-Swift/submodules/telegram-ios/submodules/Crc32/PublicHeaders -Xcc -I/Users/buddhirajgautam/Documents/Cherrygram-Mac/macOS-Swift/packages/ObjcUtils/Sources/ObjcUtils -Xcc -I/Users/buddhirajgautam/Documents/Cherrygram-Mac/macOS-Swift/submodules/telegram-ios/submodules/MtProtoKit/PublicHeaders -Xcc -I/Users/buddhirajgautam/Documents/Cherrygram-Mac/macOS-Swift/submodules/telegram-ios/submodules/CryptoUtils/PublicHeaders -Xcc -I/Users/buddhirajgautam/Documents/Cherrygram-Mac/macOS-Swift/submodules/telegram-ios/submodules/NetworkLogging/PublicHeaders -Xcc -I/Users/buddhirajgautam/Documents/Cherrygram-Mac/macOS-Swift/submodules/telegram-ios/submodules/Utils/DarwinDirStat/PublicHeaders -Xcc -I/Users/buddhirajgautam/Documents/Cherrygram-Mac/macOS-Swift/submodules/telegram-ios/submodules/Reachability/LegacyReachability/PublicHeaders -Xcc -I/Users/buddhirajgautam/Documents/Cherrygram-Mac/macOS-Swift/submodules/telegram-ios/submodules/EncryptionProvider/PublicHeaders -Xcc -I/Users/buddhirajgautam/Library/Developer/Xcode/DerivedData/Telegram-Mac-fygdgghdgmuleoelvxabfmqiotta/Build/Products/Debug/include -Xcc -I/Users/buddhirajgautam/Library/Developer/Xcode/DerivedData/Telegram-Mac-fygdgghdgmuleoelvxabfmqiotta/Build/Intermediates.noindex/ThemeSettings.build/Debug/ThemeSettings-t.build/DerivedSources-normal/arm64 -Xcc -I/Users/buddhirajgautam/Library/Developer/Xcode/DerivedData/Telegram-Mac-fygdgghdgmuleoelvxabfmqiotta/Build/Intermediates.noindex/ThemeSettings.build/Debug/ThemeSettings-t.build/DerivedSources/arm64 -Xcc -I/Users/buddhirajgautam/Library/Developer/Xcode/DerivedData/Telegram-Mac-fygdgghdgmuleoelvxabfmqiotta/Build/Intermediates.noindex/ThemeSettings.build/Debug/ThemeSettings-t.build/DerivedSources -Xcc -DSWIFT_PACKAGE -Xcc -DDEBUG\=1 -emit-objc-header -emit-objc-header-path /Users/buddhirajgautam/Library/Developer/Xcode/DerivedData/Telegram-Mac-fygdgghdgmuleoelvxabfmqiotta/Build/Intermediates.noindex/ThemeSettings.build/Debug/ThemeSettings-t.build/Objects-normal/arm64/ThemeSettings-Swift.h -working-directory /Users/buddhirajgautam/Documents/Cherrygram-Mac/macOS-Swift -experimental-emit-module-separately -disable-cmo

SwiftEmitModule normal arm64 Emitting\ module\ for\ DustLayer (in target 'DustLayer' from project 'DustLayer')

SwiftCompile normal arm64 (in target 'DustLayer' from project 'DustLayer')
    cd /Users/buddhirajgautam/Documents/Cherrygram-Mac/macOS-Swift
    

SwiftMergeGeneratedHeaders /Users/buddhirajgautam/Library/Developer/Xcode/DerivedData/Telegram-Mac-fygdgghdgmuleoelvxabfmqiotta/Build/Intermediates.noindex/GeneratedModuleMaps/ThemeSettings-Swift.h /Users/buddhirajgautam/Library/Developer/Xcode/DerivedData/Telegram-Mac-fygdgghdgmuleoelvxabfmqiotta/Build/Intermediates.noindex/ThemeSettings.build/Debug/ThemeSettings-t.build/Objects-normal/arm64/ThemeSettings-Swift.h (in target 'ThemeSettings' from project 'ThemeSettings')
    cd /Users/buddhirajgautam/Documents/Cherrygram-Mac/macOS-Swift/packages/ThemeSettings
    builtin-swiftHeaderTool -arch arm64 /Users/buddhirajgautam/Library/Developer/Xcode/DerivedData/Telegram-Mac-fygdgghdgmuleoelvxabfmqiotta/Build/Intermediates.noindex/ThemeSettings.build/Debug/ThemeSettings-t.build/Objects-normal/arm64/ThemeSettings-Swift.h -o /Users/buddhirajgautam/Library/Developer/Xcode/DerivedData/Telegram-Mac-fygdgghdgmuleoelvxabfmqiotta/Build/Intermediates.noindex/GeneratedModuleMaps/ThemeSettings-Swift.h

SwiftDriverJobDiscovery normal arm64 Emitting module for InAppPurchaseManager (in target 'InAppPurchaseManager' from project 'InAppPurchaseManager')

Copy /Users/buddhirajgautam/Library/Developer/Xcode/DerivedData/Telegram-Mac-fygdgghdgmuleoelvxabfmqiotta/Build/Products/Debug/ThemeSettings.swiftmodule/arm64-apple-macos.swiftmodule /Users/buddhirajgautam/Library/Developer/Xcode/DerivedData/Telegram-Mac-fygdgghdgmuleoelvxabfmqiotta/Build/Intermediates.noindex/ThemeSettings.build/Debug/ThemeSettings-t.build/Objects-normal/arm64/ThemeSettings.swiftmodule (in target 'ThemeSettings' from project 'ThemeSettings')
    cd /Users/buddhirajgautam/Documents/Cherrygram-Mac/macOS-Swift/packages/ThemeSettings
    builtin-copy -exclude .DS_Store -exclude CVS -exclude .svn -exclude .git -exclude .hg -resolve-src-symlinks -rename /Users/buddhirajgautam/Library/Developer/Xcode/DerivedData/Telegram-Mac-fygdgghdgmuleoelvxabfmqiotta/Build/Intermediates.noindex/ThemeSettings.build/Debug/ThemeSettings-t.build/Objects-normal/arm64/ThemeSettings.swiftmodule /Users/buddhirajgautam/Library/Developer/Xcode/DerivedData/Telegram-Mac-fygdgghdgmuleoelvxabfmqiotta/Build/Products/Debug/ThemeSettings.swiftmodule/arm64-apple-macos.swiftmodule

SwiftDriverJobDiscovery normal arm64 Compiling Reactions.swift (in target 'Reactions' from project 'Reactions')

Copy /Users/buddhirajgautam/Library/Developer/Xcode/DerivedData/Telegram-Mac-fygdgghdgmuleoelvxabfmqiotta/Build/Products/Debug/ThemeSettings.swiftmodule/arm64-apple-macos.swiftdoc /Users/buddhirajgautam/Library/Developer/Xcode/DerivedData/Telegram-Mac-fygdgghdgmuleoelvxabfmqiotta/Build/Intermediates.noindex/ThemeSettings.build/Debug/ThemeSettings-t.build/Objects-normal/arm64/ThemeSettings.swiftdoc (in target 'ThemeSettings' from project 'ThemeSettings')
    cd /Users/buddhirajgautam/Documents/Cherrygram-Mac/macOS-Swift/packages/ThemeSettings
    builtin-copy -exclude .DS_Store -exclude CVS -exclude .svn -exclude .git -exclude .hg -resolve-src-symlinks -rename /Users/buddhirajgautam/Library/Developer/Xcode/DerivedData/Telegram-Mac-fygdgghdgmuleoelvxabfmqiotta/Build/Intermediates.noindex/ThemeSettings.build/Debug/ThemeSettings-t.build/Objects-normal/arm64/ThemeSettings.swiftdoc /Users/buddhirajgautam/Library/Developer/Xcode/DerivedData/Telegram-Mac-fygdgghdgmuleoelvxabfmqiotta/Build/Products/Debug/ThemeSettings.swiftmodule/arm64-apple-macos.swiftdoc

Copy /Users/buddhirajgautam/Library/Developer/Xcode/DerivedData/Telegram-Mac-fygdgghdgmuleoelvxabfmqiotta/Build/Products/Debug/ThemeSettings.swiftmodule/arm64-apple-macos.abi.json /Users/buddhirajgautam/Library/Developer/Xcode/DerivedData/Telegram-Mac-fygdgghdgmuleoelvxabfmqiotta/Build/Intermediates.noindex/ThemeSettings.build/Debug/ThemeSettings-t.build/Objects-normal/arm64/ThemeSettings.abi.json (in target 'ThemeSettings' from project 'ThemeSettings')
    cd /Users/buddhirajgautam/Documents/Cherrygram-Mac/macOS-Swift/packages/ThemeSettings
    builtin-copy -exclude .DS_Store -exclude CVS -exclude .svn -exclude .git -exclude .hg -resolve-src-symlinks -rename /Users/buddhirajgautam/Library/Developer/Xcode/DerivedData/Telegram-Mac-fygdgghdgmuleoelvxabfmqiotta/Build/Intermediates.noindex/ThemeSettings.build/Debug/ThemeSettings-t.build/Objects-normal/arm64/ThemeSettings.abi.json /Users/buddhirajgautam/Library/Developer/Xcode/DerivedData/Telegram-Mac-fygdgghdgmuleoelvxabfmqiotta/Build/Products/Debug/ThemeSettings.swiftmodule/arm64-apple-macos.abi.json

Copy /Users/buddhirajgautam/Library/Developer/Xcode/DerivedData/Telegram-Mac-fygdgghdgmuleoelvxabfmqiotta/Build/Products/Debug/ThemeSettings.swiftmodule/Project/arm64-apple-macos.swiftsourceinfo /Users/buddhirajgautam/Library/Developer/Xcode/DerivedData/Telegram-Mac-fygdgghdgmuleoelvxabfmqiotta/Build/Intermediates.noindex/ThemeSettings.build/Debug/ThemeSettings-t.build/Objects-normal/arm64/ThemeSettings.swiftsourceinfo (in target 'ThemeSettings' from project 'ThemeSettings')
    cd /Users/buddhirajgautam/Documents/Cherrygram-Mac/macOS-Swift/packages/ThemeSettings
    builtin-copy -exclude .DS_Store -exclude CVS -exclude .svn -exclude .git -exclude .hg -resolve-src-symlinks -rename /Users/buddhirajgautam/Library/Developer/Xcode/DerivedData/Telegram-Mac-fygdgghdgmuleoelvxabfmqiotta/Build/Intermediates.noindex/ThemeSettings.build/Debug/ThemeSettings-t.build/Objects-normal/arm64/ThemeSettings.swiftsourceinfo /Users/buddhirajgautam/Library/Developer/Xcode/DerivedData/Telegram-Mac-fygdgghdgmuleoelvxabfmqiotta/Build/Products/Debug/ThemeSettings.swiftmodule/Project/arm64-apple-macos.swiftsourceinfo

SwiftDriver\ Compilation\ Requirements InAppPurchaseManager normal arm64 com.apple.xcode.tools.swift.compiler (in target 'InAppPurchaseManager' from project 'InAppPurchaseManager')
    cd /Users/buddhirajgautam/Documents/Cherrygram-Mac/macOS-Swift
    builtin-Swift-Compilation-Requirements -- /Applications/Xcode.app/Contents/Developer/Toolchains/XcodeDefault.xctoolchain/usr/bin/swiftc -parse-as-library -module-name InAppPurchaseManager -Onone @/Users/buddhirajgautam/Library/Developer/Xcode/DerivedData/Telegram-Mac-fygdgghdgmuleoelvxabfmqiotta/Build/Intermediates.noindex/InAppPurchaseManager.build/Debug/InAppPurchaseManager-t.build/Objects-normal/arm64/InAppPurchaseManager.SwiftFileList -DSWIFT_PACKAGE -DDEBUG -DSWIFT_MODULE_RESOURCE_BUNDLE_UNAVAILABLE -Xcc -fmodule-map-file\=/Users/buddhirajgautam/Library/Developer/Xcode/DerivedData/Telegram-Mac-fygdgghdgmuleoelvxabfmqiotta/Build/Intermediates.noindex/GeneratedModuleMaps/MtProtoKit.modulemap -Xcc -fmodule-map-file\=/Users/buddhirajgautam/Library/Developer/Xcode/DerivedData/Telegram-Mac-fygdgghdgmuleoelvxabfmqiotta/Build/Intermediates.noindex/GeneratedModuleMaps/NetworkLogging.modulemap -Xcc -fmodule-map-file\=/Users/buddhirajgautam/Library/Developer/Xcode/DerivedData/Telegram-Mac-fygdgghdgmuleoelvxabfmqiotta/Build/Intermediates.noindex/GeneratedModuleMaps/LegacyReachability.modulemap -Xcc -fmodule-map-file\=/Users/buddhirajgautam/Library/Developer/Xcode/DerivedData/Telegram-Mac-fygdgghdgmuleoelvxabfmqiotta/Build/Intermediates.noindex/GeneratedModuleMaps/EncryptionProvider.modulemap -Xcc -fmodule-map-file\=/Users/buddhirajgautam/Library/Developer/Xcode/DerivedData/Telegram-Mac-fygdgghdgmuleoelvxabfmqiotta/Build/Intermediates.noindex/GeneratedModuleMaps/MurMurHash32.modulemap -Xcc -fmodule-map-file\=/Users/buddhirajgautam/Library/Developer/Xcode/DerivedData/Telegram-Mac-fygdgghdgmuleoelvxabfmqiotta/Build/Intermediates.noindex/GeneratedModuleMaps/sqlcipher.modulemap -Xcc -fmodule-map-file\=/Users/buddhirajgautam/Library/Developer/Xcode/DerivedData/Telegram-Mac-fygdgghdgmuleoelvxabfmqiotta/Build/Intermediates.noindex/GeneratedModuleMaps/StringTransliteration.modulemap -Xcc -fmodule-map-file\=/Users/buddhirajgautam/Library/Developer/Xcode/DerivedData/Telegram-Mac-fygdgghdgmuleoelvxabfmqiotta/Build/Intermediates.noindex/GeneratedModuleMaps/DarwinDirStat.modulemap -Xcc -fmodule-map-file\=/Users/buddhirajgautam/Library/Developer/Xcode/DerivedData/Telegram-Mac-fygdgghdgmuleoelvxabfmqiotta/Build/Intermediates.noindex/GeneratedModuleMaps/CryptoUtils.modulemap -Xcc -fmodule-map-file\=/Users/buddhirajgautam/Library/Developer/Xcode/DerivedData/Telegram-Mac-fygdgghdgmuleoelvxabfmqiotta/Build/Intermediates.noindex/GeneratedModuleMaps/Crc32.modulemap -Xcc -fmodule-map-file\=/Users/buddhirajgautam/Library/Developer/Xcode/DerivedData/Telegram-Mac-fygdgghdgmuleoelvxabfmqiotta/Build/Intermediates.noindex/GeneratedModuleMaps/ObjcUtils.modulemap -DXcode -plugin-path /Applications/Xcode.app/Contents/Developer/Toolchains/XcodeDefault.xctoolchain/usr/lib/swift/host/plugins/testing -enable-experimental-feature DebugDescriptionMacro -sdk /Applications/Xcode.app/Contents/Developer/Platforms/MacOSX.platform/Developer/SDKs/MacOSX27.0.sdk -target arm64-apple-macos12.0 -g -module-cache-path /Users/buddhirajgautam/Library/Developer/Xcode/DerivedData/ModuleCache.noindex -Xfrontend -serialize-debugging-options -profile-coverage-mapping -profile-generate -enable-testing -index-store-path /Users/buddhirajgautam/Library/Developer/Xcode/DerivedData/Telegram-Mac-fygdgghdgmuleoelvxabfmqiotta/Index.noindex/DataStore -Xcc -D_LIBCPP_HARDENING_MODE\=_LIBCPP_HARDENING_MODE_DEBUG -swift-version 5 -I /Users/buddhirajgautam/Library/Developer/Xcode/DerivedData/Telegram-Mac-fygdgghdgmuleoelvxabfmqiotta/Build/Products/Debug -Isystem /Applications/Xcode.app/Contents/Developer/Platforms/MacOSX.platform/Developer/usr/lib -F /Users/buddhirajgautam/Library/Developer/Xcode/DerivedData/Telegram-Mac-fygdgghdgmuleoelvxabfmqiotta/Build/Products/Debug/PackageFrameworks -F /Users/buddhirajgautam/Library/Developer/Xcode/DerivedData/Telegram-Mac-fygdgghdgmuleoelvxabfmqiotta/Build/Products/Debug -F /Applications/Xcode.app/Contents/Developer/Platforms/MacOSX.platform/Developer/Library/Frameworks -c -j8 -enable-batch-mode -incremental -Xcc -ivfsstatcache -Xcc /Users/buddhirajgautam/Library/Developer/Xcode/DerivedData/SDKStatCaches.noindex/macosx27.0-26A425-e829b21a6f8c9b70876ba0858053c0447231f6df4def33e022ae2eb8f782df1a.sdkstatcache -output-file-map /Users/buddhirajgautam/Library/Developer/Xcode/DerivedData/Telegram-Mac-fygdgghdgmuleoelvxabfmqiotta/Build/Intermediates.noindex/InAppPurchaseManager.build/Debug/InAppPurchaseManager-t.build/Objects-normal/arm64/InAppPurchaseManager-OutputFileMap.json -save-temps -no-color-diagnostics -explicit-module-build -module-cache-path /Users/buddhirajgautam/Library/Developer/Xcode/DerivedData/Telegram-Mac-fygdgghdgmuleoelvxabfmqiotta/Build/Intermediates.noindex/SwiftExplicitPrecompiledModules -clang-scanner-module-cache-path /Users/buddhirajgautam/Library/Developer/Xcode/DerivedData/ModuleCache.noindex -sdk-module-cache-path /Users/buddhirajgautam/Library/Developer/Xcode/DerivedData/SDKExplicitPrecompiledModules -emit-dependencies -emit-module -emit-module-path /Users/buddhirajgautam/Library/Developer/Xcode/DerivedData/Telegram-Mac-fygdgghdgmuleoelvxabfmqiotta/Build/Intermediates.noindex/InAppPurchaseManager.build/Debug/InAppPurchaseManager-t.build/Objects-normal/arm64/InAppPurchaseManager.swiftmodule -serialize-diagnostics -dependency-scan-serialize-diagnostics-path /Users/buddhirajgautam/Library/Developer/Xcode/DerivedData/Telegram-Mac-fygdgghdgmuleoelvxabfmqiotta/Build/Intermediates.noindex/InAppPurchaseManager.build/Debug/InAppPurchaseManager-t.build/Objects-normal/arm64/InAppPurchaseManager-dependency-scan.dia -validate-clang-modules-once -clang-build-session-file /Users/buddhirajgautam/Library/Developer/Xcode/DerivedData/ModuleCache.noindex/Session.modulevalidation -Xcc -fmodules-prune-interval\=86400 -Xcc -fmodules-prune-after\=345600 -emit-const-values -const-gather-protocols-list /Users/buddhirajgautam/Library/Developer/Xcode/DerivedData/Telegram-Mac-fygdgghdgmuleoelvxabfmqiotta/Build/Intermediates.noindex/InAppPurchaseManager.build/Debug/InAppPurchaseManager-t.build/Objects-normal/arm64/InAppPurchaseManager_const_extract_protocols.json -Xcc -I/Users/buddhirajgautam/Documents/Cherrygram-Mac/macOS-Swift/submodules/telegram-ios/submodules/MtProtoKit/PublicHeaders -Xcc -I/Users/buddhirajgautam/Documents/Cherrygram-Mac/macOS-Swift/submodules/telegram-ios/submodules/NetworkLogging/PublicHeaders -Xcc -I/Users/buddhirajgautam/Documents/Cherrygram-Mac/macOS-Swift/submodules/telegram-ios/submodules/Reachability/LegacyReachability/PublicHeaders -Xcc -I/Users/buddhirajgautam/Documents/Cherrygram-Mac/macOS-Swift/submodules/telegram-ios/submodules/EncryptionProvider/PublicHeaders -Xcc -I/Users/buddhirajgautam/Documents/Cherrygram-Mac/macOS-Swift/submodules/telegram-ios/submodules/MurMurHash32/PublicHeaders -Xcc -I/Users/buddhirajgautam/Documents/Cherrygram-Mac/macOS-Swift/submodules/telegram-ios/submodules/sqlcipher/PublicHeaders -Xcc -I/Users/buddhirajgautam/Documents/Cherrygram-Mac/macOS-Swift/submodules/telegram-ios/submodules/StringTransliteration/PublicHeaders -Xcc -I/Users/buddhirajgautam/Documents/Cherrygram-Mac/macOS-Swift/submodules/telegram-ios/submodules/Utils/DarwinDirStat/PublicHeaders -Xcc -I/Users/buddhirajgautam/Documents/Cherrygram-Mac/macOS-Swift/submodules/telegram-ios/submodules/CryptoUtils/PublicHeaders -Xcc -I/Users/buddhirajgautam/Documents/Cherrygram-Mac/macOS-Swift/submodules/telegram-ios/submodules/Crc32/PublicHeaders -Xcc -I/Users/buddhirajgautam/Documents/Cherrygram-Mac/macOS-Swift/packages/ObjcUtils/Sources/ObjcUtils -Xcc -I/Users/buddhirajgautam/Library/Developer/Xcode/DerivedData/Telegram-Mac-fygdgghdgmuleoelvxabfmqiotta/Build/Products/Debug/include -Xcc -I/Users/buddhirajgautam/Library/Developer/Xcode/DerivedData/Telegram-Mac-fygdgghdgmuleoelvxabfmqiotta/Build/Intermediates.noindex/InAppPurchaseManager.build/Debug/InAppPurchaseManager-t.build/DerivedSources-normal/arm64 -Xcc -I/Users/buddhirajgautam/Library/Developer/Xcode/DerivedData/Telegram-Mac-fygdgghdgmuleoelvxabfmqiotta/Build/Intermediates.noindex/InAppPurchaseManager.build/Debug/InAppPurchaseManager-t.build/DerivedSources/arm64 -Xcc -I/Users/buddhirajgautam/Library/Developer/Xcode/DerivedData/Telegram-Mac-fygdgghdgmuleoelvxabfmqiotta/Build/Intermediates.noindex/InAppPurchaseManager.build/Debug/InAppPurchaseManager-t.build/DerivedSources -Xcc -DSWIFT_PACKAGE -Xcc -DDEBUG\=1 -emit-objc-header -emit-objc-header-path /Users/buddhirajgautam/Library/Developer/Xcode/DerivedData/Telegram-Mac-fygdgghdgmuleoelvxabfmqiotta/Build/Intermediates.noindex/InAppPurchaseManager.build/Debug/InAppPurchaseManager-t.build/Objects-normal/arm64/InAppPurchaseManager-Swift.h -working-directory /Users/buddhirajgautam/Documents/Cherrygram-Mac/macOS-Swift -experimental-emit-module-separately -disable-cmo

SwiftDriver\ Compilation TGUIKit normal arm64 com.apple.xcode.tools.swift.compiler (in target 'TGUIKit' from project 'TGUIKit')
    cd /Users/buddhirajgautam/Documents/Cherrygram-Mac/macOS-Swift
    builtin-Swift-Compilation -- /Applications/Xcode.app/Contents/Developer/Toolchains/XcodeDefault.xctoolchain/usr/bin/swiftc -parse-as-library -module-name TGUIKit -Onone @/Users/buddhirajgautam/Library/Developer/Xcode/DerivedData/Telegram-Mac-fygdgghdgmuleoelvxabfmqiotta/Build/Intermediates.noindex/TGUIKit.build/Debug/TGUIKit-t.build/Objects-normal/arm64/TGUIKit.SwiftFileList -DSWIFT_PACKAGE -DDEBUG -DSWIFT_MODULE_RESOURCE_BUNDLE_UNAVAILABLE -Xcc -fmodule-map-file\=/Users/buddhirajgautam/Library/Developer/Xcode/DerivedData/Telegram-Mac-fygdgghdgmuleoelvxabfmqiotta/Build/Intermediates.noindex/GeneratedModuleMaps/ObjcUtils.modulemap -DXcode -plugin-path /Applications/Xcode.app/Contents/Developer/Toolchains/XcodeDefault.xctoolchain/usr/lib/swift/host/plugins/testing -enable-experimental-feature DebugDescriptionMacro -sdk /Applications/Xcode.app/Contents/Developer/Platforms/MacOSX.platform/Developer/SDKs/MacOSX27.0.sdk -target arm64-apple-macos12.0 -g -module-cache-path /Users/buddhirajgautam/Library/Developer/Xcode/DerivedData/ModuleCache.noindex -Xfrontend -serialize-debugging-options -profile-coverage-mapping -profile-generate -enable-testing -index-store-path /Users/buddhirajgautam/Library/Developer/Xcode/DerivedData/Telegram-Mac-fygdgghdgmuleoelvxabfmqiotta/Index.noindex/DataStore -Xcc -D_LIBCPP_HARDENING_MODE\=_LIBCPP_HARDENING_MODE_DEBUG -swift-version 5 -I /Users/buddhirajgautam/Library/Developer/Xcode/DerivedData/Telegram-Mac-fygdgghdgmuleoelvxabfmqiotta/Build/Products/Debug -Isystem /Applications/Xcode.app/Contents/Developer/Platforms/MacOSX.platform/Developer/usr/lib -F /Users/buddhirajgautam/Library/Developer/Xcode/DerivedData/Telegram-Mac-fygdgghdgmuleoelvxabfmqiotta/Build/Products/Debug/PackageFrameworks -F /Users/buddhirajgautam/Library/Developer/Xcode/DerivedData/Telegram-Mac-fygdgghdgmuleoelvxabfmqiotta/Build/Products/Debug -F /Applications/Xcode.app/Contents/Developer/Platforms/MacOSX.platform/Developer/Library/Frameworks -c -j8 -enable-batch-mode -incremental -Xcc -ivfsstatcache -Xcc /Users/buddhirajgautam/Library/Developer/Xcode/DerivedData/SDKStatCaches.noindex/macosx27.0-26A425-e829b21a6f8c9b70876ba0858053c0447231f6df4def33e022ae2eb8f782df1a.sdkstatcache -output-file-map /Users/buddhirajgautam/Library/Developer/Xcode/DerivedData/Telegram-Mac-fygdgghdgmuleoelvxabfmqiotta/Build/Intermediates.noindex/TGUIKit.build/Debug/TGUIKit-t.build/Objects-normal/arm64/TGUIKit-OutputFileMap.json -save-temps -no-color-diagnostics -explicit-module-build -module-cache-path /Users/buddhirajgautam/Library/Developer/Xcode/DerivedData/Telegram-Mac-fygdgghdgmuleoelvxabfmqiotta/Build/Intermediates.noindex/SwiftExplicitPrecompiledModules -clang-scanner-module-cache-path /Users/buddhirajgautam/Library/Developer/Xcode/DerivedData/ModuleCache.noindex -sdk-module-cache-path /Users/buddhirajgautam/Library/Developer/Xcode/DerivedData/SDKExplicitPrecompiledModules -emit-dependencies -emit-module -emit-module-path /Users/buddhirajgautam/Library/Developer/Xcode/DerivedData/Telegram-Mac-fygdgghdgmuleoelvxabfmqiotta/Build/Intermediates.noindex/TGUIKit.build/Debug/TGUIKit-t.build/Objects-normal/arm64/TGUIKit.swiftmodule -serialize-diagnostics -dependency-scan-serialize-diagnostics-path /Users/buddhirajgautam/Library/Developer/Xcode/DerivedData/Telegram-Mac-fygdgghdgmuleoelvxabfmqiotta/Build/Intermediates.noindex/TGUIKit.build/Debug/TGUIKit-t.build/Objects-normal/arm64/TGUIKit-dependency-scan.dia -validate-clang-modules-once -clang-build-session-file /Users/buddhirajgautam/Library/Developer/Xcode/DerivedData/ModuleCache.noindex/Session.modulevalidation -Xcc -fmodules-prune-interval\=86400 -Xcc -fmodules-prune-after\=345600 -emit-const-values -const-gather-protocols-list /Users/buddhirajgautam/Library/Developer/Xcode/DerivedData/Telegram-Mac-fygdgghdgmuleoelvxabfmqiotta/Build/Intermediates.noindex/TGUIKit.build/Debug/TGUIKit-t.build/Objects-normal/arm64/TGUIKit_const_extract_protocols.json -Xcc -I/Users/buddhirajgautam/Documents/Cherrygram-Mac/macOS-Swift/packages/ObjcUtils/Sources/ObjcUtils -Xcc -I/Users/buddhirajgautam/Library/Developer/Xcode/DerivedData/Telegram-Mac-fygdgghdgmuleoelvxabfmqiotta/Build/Products/Debug/include -Xcc -I/Users/buddhirajgautam/Library/Developer/Xcode/DerivedData/Telegram-Mac-fygdgghdgmuleoelvxabfmqiotta/Build/Intermediates.noindex/TGUIKit.build/Debug/TGUIKit-t.build/DerivedSources-normal/arm64 -Xcc -I/Users/buddhirajgautam/Library/Developer/Xcode/DerivedData/Telegram-Mac-fygdgghdgmuleoelvxabfmqiotta/Build/Intermediates.noindex/TGUIKit.build/Debug/TGUIKit-t.build/DerivedSources/arm64 -Xcc -I/Users/buddhirajgautam/Library/Developer/Xcode/DerivedData/Telegram-Mac-fygdgghdgmuleoelvxabfmqiotta/Build/Intermediates.noindex/TGUIKit.build/Debug/TGUIKit-t.build/DerivedSources -Xcc -DSWIFT_PACKAGE -Xcc -DDEBUG\=1 -emit-objc-header -emit-objc-header-path /Users/buddhirajgautam/Library/Developer/Xcode/DerivedData/Telegram-Mac-fygdgghdgmuleoelvxabfmqiotta/Build/Intermediates.noindex/TGUIKit.build/Debug/TGUIKit-t.build/Objects-normal/arm64/TGUIKit-Swift.h -working-directory /Users/buddhirajgautam/Documents/Cherrygram-Mac/macOS-Swift -experimental-emit-module-separately -disable-cmo

SwiftCompile normal arm64 Compiling\ ChatTextInputFormat.swift /Users/buddhirajgautam/Documents/Cherrygram-Mac/macOS-Swift/packages/InputView/Sources/InputView/ChatTextInputFormat.swift (in target 'InputView' from project 'InputView')

SwiftCompile normal arm64 /Users/buddhirajgautam/Documents/Cherrygram-Mac/macOS-Swift/packages/InputView/Sources/InputView/ChatTextInputFormat.swift (in target 'InputView' from project 'InputView')
    cd /Users/buddhirajgautam/Documents/Cherrygram-Mac/macOS-Swift
    builtin-SwiftPerFileCompile ChatTextInputFormat.swift

SwiftCompile normal arm64 Compiling\ ChatTextInputState.swift /Users/buddhirajgautam/Documents/Cherrygram-Mac/macOS-Swift/packages/InputView/Sources/InputView/ChatTextInputState.swift (in target 'InputView' from project 'InputView')

SwiftCompile normal arm64 /Users/buddhirajgautam/Documents/Cherrygram-Mac/macOS-Swift/packages/InputView/Sources/InputView/ChatTextInputState.swift (in target 'InputView' from project 'InputView')
    cd /Users/buddhirajgautam/Documents/Cherrygram-Mac/macOS-Swift
    builtin-SwiftPerFileCompile ChatTextInputState.swift

SwiftCompile normal arm64 Compiling\ ChatInputTextView.swift /Users/buddhirajgautam/Documents/Cherrygram-Mac/macOS-Swift/packages/InputView/Sources/InputView/ChatInputTextView.swift (in target 'InputView' from project 'InputView')
/Users/buddhirajgautam/Documents/Cherrygram-Mac/macOS-Swift/packages/InputView/Sources/InputView/ChatInputTextView.swift:988:43: warning: conditional downcast from 'NSMenu?' to 'NSMenu' does nothing
 986 |     
 987 |     public override func menu(for event: NSEvent) -> NSMenu? {
 988 |         let menu = super.menu(for: event) as? NSMenu
     |                                           `- warning: conditional downcast from 'NSMenu?' to 'NSMenu' does nothing
 989 |         var removeItems = [NSMenuItem]()
 990 |         var addedTransformations = false

SwiftCompile normal arm64 /Users/buddhirajgautam/Documents/Cherrygram-Mac/macOS-Swift/packages/InputView/Sources/InputView/ChatInputTextView.swift (in target 'InputView' from project 'InputView')
    cd /Users/buddhirajgautam/Documents/Cherrygram-Mac/macOS-Swift
    builtin-SwiftPerFileCompile ChatInputTextView.swift

SwiftMergeGeneratedHeaders /Users/buddhirajgautam/Library/Developer/Xcode/DerivedData/Telegram-Mac-fygdgghdgmuleoelvxabfmqiotta/Build/Intermediates.noindex/GeneratedModuleMaps/InAppPurchaseManager-Swift.h /Users/buddhirajgautam/Library/Developer/Xcode/DerivedData/Telegram-Mac-fygdgghdgmuleoelvxabfmqiotta/Build/Intermediates.noindex/InAppPurchaseManager.build/Debug/InAppPurchaseManager-t.build/Objects-normal/arm64/InAppPurchaseManager-Swift.h (in target 'InAppPurchaseManager' from project 'InAppPurchaseManager')
    cd /Users/buddhirajgautam/Documents/Cherrygram-Mac/macOS-Swift/packages/InAppPurchaseManager
    builtin-swiftHeaderTool -arch arm64 /Users/buddhirajgautam/Library/Developer/Xcode/DerivedData/Telegram-Mac-fygdgghdgmuleoelvxabfmqiotta/Build/Intermediates.noindex/InAppPurchaseManager.build/Debug/InAppPurchaseManager-t.build/Objects-normal/arm64/InAppPurchaseManager-Swift.h -o /Users/buddhirajgautam/Library/Developer/Xcode/DerivedData/Telegram-Mac-fygdgghdgmuleoelvxabfmqiotta/Build/Intermediates.noindex/GeneratedModuleMaps/InAppPurchaseManager-Swift.h

SwiftDriverJobDiscovery normal arm64 Emitting module for DustLayer (in target 'DustLayer' from project 'DustLayer')

Copy /Users/buddhirajgautam/Library/Developer/Xcode/DerivedData/Telegram-Mac-fygdgghdgmuleoelvxabfmqiotta/Build/Products/Debug/InAppPurchaseManager.swiftmodule/arm64-apple-macos.swiftmodule /Users/buddhirajgautam/Library/Developer/Xcode/DerivedData/Telegram-Mac-fygdgghdgmuleoelvxabfmqiotta/Build/Intermediates.noindex/InAppPurchaseManager.build/Debug/InAppPurchaseManager-t.build/Objects-normal/arm64/InAppPurchaseManager.swiftmodule (in target 'InAppPurchaseManager' from project 'InAppPurchaseManager')
    cd /Users/buddhirajgautam/Documents/Cherrygram-Mac/macOS-Swift/packages/InAppPurchaseManager
    builtin-copy -exclude .DS_Store -exclude CVS -exclude .svn -exclude .git -exclude .hg -resolve-src-symlinks -rename /Users/buddhirajgautam/Library/Developer/Xcode/DerivedData/Telegram-Mac-fygdgghdgmuleoelvxabfmqiotta/Build/Intermediates.noindex/InAppPurchaseManager.build/Debug/InAppPurchaseManager-t.build/Objects-normal/arm64/InAppPurchaseManager.swiftmodule /Users/buddhirajgautam/Library/Developer/Xcode/DerivedData/Telegram-Mac-fygdgghdgmuleoelvxabfmqiotta/Build/Products/Debug/InAppPurchaseManager.swiftmodule/arm64-apple-macos.swiftmodule

Copy /Users/buddhirajgautam/Library/Developer/Xcode/DerivedData/Telegram-Mac-fygdgghdgmuleoelvxabfmqiotta/Build/Products/Debug/InAppPurchaseManager.swiftmodule/arm64-apple-macos.swiftdoc /Users/buddhirajgautam/Library/Developer/Xcode/DerivedData/Telegram-Mac-fygdgghdgmuleoelvxabfmqiotta/Build/Intermediates.noindex/InAppPurchaseManager.build/Debug/InAppPurchaseManager-t.build/Objects-normal/arm64/InAppPurchaseManager.swiftdoc (in target 'InAppPurchaseManager' from project 'InAppPurchaseManager')
    cd /Users/buddhirajgautam/Documents/Cherrygram-Mac/macOS-Swift/packages/InAppPurchaseManager
    builtin-copy -exclude .DS_Store -exclude CVS -exclude .svn -exclude .git -exclude .hg -resolve-src-symlinks -rename /Users/buddhirajgautam/Library/Developer/Xcode/DerivedData/Telegram-Mac-fygdgghdgmuleoelvxabfmqiotta/Build/Intermediates.noindex/InAppPurchaseManager.build/Debug/InAppPurchaseManager-t.build/Objects-normal/arm64/InAppPurchaseManager.swiftdoc /Users/buddhirajgautam/Library/Developer/Xcode/DerivedData/Telegram-Mac-fygdgghdgmuleoelvxabfmqiotta/Build/Products/Debug/InAppPurchaseManager.swiftmodule/arm64-apple-macos.swiftdoc

Copy /Users/buddhirajgautam/Library/Developer/Xcode/DerivedData/Telegram-Mac-fygdgghdgmuleoelvxabfmqiotta/Build/Products/Debug/InAppPurchaseManager.swiftmodule/arm64-apple-macos.abi.json /Users/buddhirajgautam/Library/Developer/Xcode/DerivedData/Telegram-Mac-fygdgghdgmuleoelvxabfmqiotta/Build/Intermediates.noindex/InAppPurchaseManager.build/Debug/InAppPurchaseManager-t.build/Objects-normal/arm64/InAppPurchaseManager.abi.json (in target 'InAppPurchaseManager' from project 'InAppPurchaseManager')
    cd /Users/buddhirajgautam/Documents/Cherrygram-Mac/macOS-Swift/packages/InAppPurchaseManager
    builtin-copy -exclude .DS_Store -exclude CVS -exclude .svn -exclude .git -exclude .hg -resolve-src-symlinks -rename /Users/buddhirajgautam/Library/Developer/Xcode/DerivedData/Telegram-Mac-fygdgghdgmuleoelvxabfmqiotta/Build/Intermediates.noindex/InAppPurchaseManager.build/Debug/InAppPurchaseManager-t.build/Objects-normal/arm64/InAppPurchaseManager.abi.json /Users/buddhirajgautam/Library/Developer/Xcode/DerivedData/Telegram-Mac-fygdgghdgmuleoelvxabfmqiotta/Build/Products/Debug/InAppPurchaseManager.swiftmodule/arm64-apple-macos.abi.json

SwiftDriverJobDiscovery normal arm64 Emitting module for InputView (in target 'InputView' from project 'InputView')

SwiftDriverJobDiscovery normal arm64 Compiling ChatTextInputState.swift (in target 'InputView' from project 'InputView')

Copy /Users/buddhirajgautam/Library/Developer/Xcode/DerivedData/Telegram-Mac-fygdgghdgmuleoelvxabfmqiotta/Build/Products/Debug/InAppPurchaseManager.swiftmodule/Project/arm64-apple-macos.swiftsourceinfo /Users/buddhirajgautam/Library/Developer/Xcode/DerivedData/Telegram-Mac-fygdgghdgmuleoelvxabfmqiotta/Build/Intermediates.noindex/InAppPurchaseManager.build/Debug/InAppPurchaseManager-t.build/Objects-normal/arm64/InAppPurchaseManager.swiftsourceinfo (in target 'InAppPurchaseManager' from project 'InAppPurchaseManager')
    cd /Users/buddhirajgautam/Documents/Cherrygram-Mac/macOS-Swift/packages/InAppPurchaseManager
    builtin-copy -exclude .DS_Store -exclude CVS -exclude .svn -exclude .git -exclude .hg -resolve-src-symlinks -rename /Users/buddhirajgautam/Library/Developer/Xcode/DerivedData/Telegram-Mac-fygdgghdgmuleoelvxabfmqiotta/Build/Intermediates.noindex/InAppPurchaseManager.build/Debug/InAppPurchaseManager-t.build/Objects-normal/arm64/InAppPurchaseManager.swiftsourceinfo /Users/buddhirajgautam/Library/Developer/Xcode/DerivedData/Telegram-Mac-fygdgghdgmuleoelvxabfmqiotta/Build/Products/Debug/InAppPurchaseManager.swiftmodule/Project/arm64-apple-macos.swiftsourceinfo

SwiftDriver\ Compilation\ Requirements DustLayer normal arm64 com.apple.xcode.tools.swift.compiler (in target 'DustLayer' from project 'DustLayer')
    cd /Users/buddhirajgautam/Documents/Cherrygram-Mac/macOS-Swift
    builtin-Swift-Compilation-Requirements -- /Applications/Xcode.app/Contents/Developer/Toolchains/XcodeDefault.xctoolchain/usr/bin/swiftc -parse-as-library -module-name DustLayer -Onone @/Users/buddhirajgautam/Library/Developer/Xcode/DerivedData/Telegram-Mac-fygdgghdgmuleoelvxabfmqiotta/Build/Intermediates.noindex/DustLayer.build/Debug/DustLayer-t.build/Objects-normal/arm64/DustLayer.SwiftFileList -DSWIFT_PACKAGE -DDEBUG -DSWIFT_MODULE_RESOURCE_BUNDLE_AVAILABLE -Xcc -fmodule-map-file\=/Users/buddhirajgautam/Library/Developer/Xcode/DerivedData/Telegram-Mac-fygdgghdgmuleoelvxabfmqiotta/Build/Intermediates.noindex/GeneratedModuleMaps/ShelfPack.modulemap -Xcc -fmodule-map-file\=/Users/buddhirajgautam/Library/Developer/Xcode/DerivedData/Telegram-Mac-fygdgghdgmuleoelvxabfmqiotta/Build/Intermediates.noindex/GeneratedModuleMaps/ObjcUtils.modulemap -DXcode -plugin-path /Applications/Xcode.app/Contents/Developer/Toolchains/XcodeDefault.xctoolchain/usr/lib/swift/host/plugins/testing -enable-experimental-feature DebugDescriptionMacro -sdk /Applications/Xcode.app/Contents/Developer/Platforms/MacOSX.platform/Developer/SDKs/MacOSX27.0.sdk -target arm64-apple-macos12.0 -g -module-cache-path /Users/buddhirajgautam/Library/Developer/Xcode/DerivedData/ModuleCache.noindex -Xfrontend -serialize-debugging-options -profile-coverage-mapping -profile-generate -enable-testing -index-store-path /Users/buddhirajgautam/Library/Developer/Xcode/DerivedData/Telegram-Mac-fygdgghdgmuleoelvxabfmqiotta/Index.noindex/DataStore -Xcc -D_LIBCPP_HARDENING_MODE\=_LIBCPP_HARDENING_MODE_DEBUG -swift-version 5 -I /Users/buddhirajgautam/Library/Developer/Xcode/DerivedData/Telegram-Mac-fygdgghdgmuleoelvxabfmqiotta/Build/Products/Debug -Isystem /Applications/Xcode.app/Contents/Developer/Platforms/MacOSX.platform/Developer/usr/lib -F /Users/buddhirajgautam/Library/Developer/Xcode/DerivedData/Telegram-Mac-fygdgghdgmuleoelvxabfmqiotta/Build/Products/Debug/PackageFrameworks -F /Users/buddhirajgautam/Library/Developer/Xcode/DerivedData/Telegram-Mac-fygdgghdgmuleoelvxabfmqiotta/Build/Products/Debug -F /Applications/Xcode.app/Contents/Developer/Platforms/MacOSX.platform/Developer/Library/Frameworks -c -j8 -enable-batch-mode -incremental -Xcc -ivfsstatcache -Xcc /Users/buddhirajgautam/Library/Developer/Xcode/DerivedData/SDKStatCaches.noindex/macosx27.0-26A425-e829b21a6f8c9b70876ba0858053c0447231f6df4def33e022ae2eb8f782df1a.sdkstatcache -output-file-map /Users/buddhirajgautam/Library/Developer/Xcode/DerivedData/Telegram-Mac-fygdgghdgmuleoelvxabfmqiotta/Build/Intermediates.noindex/DustLayer.build/Debug/DustLayer-t.build/Objects-normal/arm64/DustLayer-OutputFileMap.json -save-temps -no-color-diagnostics -explicit-module-build -module-cache-path /Users/buddhirajgautam/Library/Developer/Xcode/DerivedData/Telegram-Mac-fygdgghdgmuleoelvxabfmqiotta/Build/Intermediates.noindex/SwiftExplicitPrecompiledModules -clang-scanner-module-cache-path /Users/buddhirajgautam/Library/Developer/Xcode/DerivedData/ModuleCache.noindex -sdk-module-cache-path /Users/buddhirajgautam/Library/Developer/Xcode/DerivedData/SDKExplicitPrecompiledModules -emit-dependencies -emit-module -emit-module-path /Users/buddhirajgautam/Library/Developer/Xcode/DerivedData/Telegram-Mac-fygdgghdgmuleoelvxabfmqiotta/Build/Intermediates.noindex/DustLayer.build/Debug/DustLayer-t.build/Objects-normal/arm64/DustLayer.swiftmodule -serialize-diagnostics -dependency-scan-serialize-diagnostics-path /Users/buddhirajgautam/Library/Developer/Xcode/DerivedData/Telegram-Mac-fygdgghdgmuleoelvxabfmqiotta/Build/Intermediates.noindex/DustLayer.build/Debug/DustLayer-t.build/Objects-normal/arm64/DustLayer-dependency-scan.dia -validate-clang-modules-once -clang-build-session-file /Users/buddhirajgautam/Library/Developer/Xcode/DerivedData/ModuleCache.noindex/Session.modulevalidation -Xcc -fmodules-prune-interval\=86400 -Xcc -fmodules-prune-after\=345600 -emit-const-values -const-gather-protocols-list /Users/buddhirajgautam/Library/Developer/Xcode/DerivedData/Telegram-Mac-fygdgghdgmuleoelvxabfmqiotta/Build/Intermediates.noindex/DustLayer.build/Debug/DustLayer-t.build/Objects-normal/arm64/DustLayer_const_extract_protocols.json -Xcc -I/Users/buddhirajgautam/Documents/Cherrygram-Mac/macOS-Swift/submodules/telegram-ios/submodules/Utils/ShelfPack/PublicHeaders -Xcc -I/Users/buddhirajgautam/Documents/Cherrygram-Mac/macOS-Swift/packages/ObjcUtils/Sources/ObjcUtils -Xcc -I/Users/buddhirajgautam/Library/Developer/Xcode/DerivedData/Telegram-Mac-fygdgghdgmuleoelvxabfmqiotta/Build/Products/Debug/include -Xcc -I/Users/buddhirajgautam/Library/Developer/Xcode/DerivedData/Telegram-Mac-fygdgghdgmuleoelvxabfmqiotta/Build/Intermediates.noindex/DustLayer.build/Debug/DustLayer-t.build/DerivedSources-normal/arm64 -Xcc -I/Users/buddhirajgautam/Library/Developer/Xcode/DerivedData/Telegram-Mac-fygdgghdgmuleoelvxabfmqiotta/Build/Intermediates.noindex/DustLayer.build/Debug/DustLayer-t.build/DerivedSources/arm64 -Xcc -I/Users/buddhirajgautam/Library/Developer/Xcode/DerivedData/Telegram-Mac-fygdgghdgmuleoelvxabfmqiotta/Build/Intermediates.noindex/DustLayer.build/Debug/DustLayer-t.build/DerivedSources -Xcc -DSWIFT_PACKAGE -Xcc -DDEBUG\=1 -emit-objc-header -emit-objc-header-path /Users/buddhirajgautam/Library/Developer/Xcode/DerivedData/Telegram-Mac-fygdgghdgmuleoelvxabfmqiotta/Build/Intermediates.noindex/DustLayer.build/Debug/DustLayer-t.build/Objects-normal/arm64/DustLayer-Swift.h -working-directory /Users/buddhirajgautam/Documents/Cherrygram-Mac/macOS-Swift -experimental-emit-module-separately -disable-cmo

SwiftEmitModule normal arm64 Emitting\ module\ for\ CallVideoLayer (in target 'CallVideoLayer' from project 'CallVideoLayer')

SwiftCompile normal arm64 (in target 'CallVideoLayer' from project 'CallVideoLayer')
    cd /Users/buddhirajgautam/Documents/Cherrygram-Mac/macOS-Swift
    

SwiftDriver\ Compilation Reactions normal arm64 com.apple.xcode.tools.swift.compiler (in target 'Reactions' from project 'Reactions')
    cd /Users/buddhirajgautam/Documents/Cherrygram-Mac/macOS-Swift
    builtin-Swift-Compilation -- /Applications/Xcode.app/Contents/Developer/Toolchains/XcodeDefault.xctoolchain/usr/bin/swiftc -parse-as-library -module-name Reactions -Onone @/Users/buddhirajgautam/Library/Developer/Xcode/DerivedData/Telegram-Mac-fygdgghdgmuleoelvxabfmqiotta/Build/Intermediates.noindex/Reactions.build/Debug/Reactions-t.build/Objects-normal/arm64/Reactions.SwiftFileList -DSWIFT_PACKAGE -DDEBUG -DSWIFT_MODULE_RESOURCE_BUNDLE_UNAVAILABLE -Xcc -fmodule-map-file\=/Users/buddhirajgautam/Library/Developer/Xcode/DerivedData/Telegram-Mac-fygdgghdgmuleoelvxabfmqiotta/Build/Intermediates.noindex/GeneratedModuleMaps/MurMurHash32.modulemap -Xcc -fmodule-map-file\=/Users/buddhirajgautam/Library/Developer/Xcode/DerivedData/Telegram-Mac-fygdgghdgmuleoelvxabfmqiotta/Build/Intermediates.noindex/GeneratedModuleMaps/sqlcipher.modulemap -Xcc -fmodule-map-file\=/Users/buddhirajgautam/Library/Developer/Xcode/DerivedData/Telegram-Mac-fygdgghdgmuleoelvxabfmqiotta/Build/Intermediates.noindex/GeneratedModuleMaps/StringTransliteration.modulemap -Xcc -fmodule-map-file\=/Users/buddhirajgautam/Library/Developer/Xcode/DerivedData/Telegram-Mac-fygdgghdgmuleoelvxabfmqiotta/Build/Intermediates.noindex/GeneratedModuleMaps/Crc32.modulemap -Xcc -fmodule-map-file\=/Users/buddhirajgautam/Library/Developer/Xcode/DerivedData/Telegram-Mac-fygdgghdgmuleoelvxabfmqiotta/Build/Intermediates.noindex/GeneratedModuleMaps/MtProtoKit.modulemap -Xcc -fmodule-map-file\=/Users/buddhirajgautam/Library/Developer/Xcode/DerivedData/Telegram-Mac-fygdgghdgmuleoelvxabfmqiotta/Build/Intermediates.noindex/GeneratedModuleMaps/CryptoUtils.modulemap -Xcc -fmodule-map-file\=/Users/buddhirajgautam/Library/Developer/Xcode/DerivedData/Telegram-Mac-fygdgghdgmuleoelvxabfmqiotta/Build/Intermediates.noindex/GeneratedModuleMaps/NetworkLogging.modulemap -Xcc -fmodule-map-file\=/Users/buddhirajgautam/Library/Developer/Xcode/DerivedData/Telegram-Mac-fygdgghdgmuleoelvxabfmqiotta/Build/Intermediates.noindex/GeneratedModuleMaps/DarwinDirStat.modulemap -Xcc -fmodule-map-file\=/Users/buddhirajgautam/Library/Developer/Xcode/DerivedData/Telegram-Mac-fygdgghdgmuleoelvxabfmqiotta/Build/Intermediates.noindex/GeneratedModuleMaps/LegacyReachability.modulemap -Xcc -fmodule-map-file\=/Users/buddhirajgautam/Library/Developer/Xcode/DerivedData/Telegram-Mac-fygdgghdgmuleoelvxabfmqiotta/Build/Intermediates.noindex/GeneratedModuleMaps/EncryptionProvider.modulemap -Xcc -fmodule-map-file\=/Users/buddhirajgautam/Library/Developer/Xcode/DerivedData/Telegram-Mac-fygdgghdgmuleoelvxabfmqiotta/Build/Intermediates.noindex/GeneratedModuleMaps/ObjcUtils.modulemap -DXcode -plugin-path /Applications/Xcode.app/Contents/Developer/Toolchains/XcodeDefault.xctoolchain/usr/lib/swift/host/plugins/testing -enable-experimental-feature DebugDescriptionMacro -sdk /Applications/Xcode.app/Contents/Developer/Platforms/MacOSX.platform/Developer/SDKs/MacOSX27.0.sdk -target arm64-apple-macos12.0 -g -module-cache-path /Users/buddhirajgautam/Library/Developer/Xcode/DerivedData/ModuleCache.noindex -Xfrontend -serialize-debugging-options -profile-coverage-mapping -profile-generate -enable-testing -index-store-path /Users/buddhirajgautam/Library/Developer/Xcode/DerivedData/Telegram-Mac-fygdgghdgmuleoelvxabfmqiotta/Index.noindex/DataStore -Xcc -D_LIBCPP_HARDENING_MODE\=_LIBCPP_HARDENING_MODE_DEBUG -swift-version 5 -I /Users/buddhirajgautam/Library/Developer/Xcode/DerivedData/Telegram-Mac-fygdgghdgmuleoelvxabfmqiotta/Build/Products/Debug -Isystem /Applications/Xcode.app/Contents/Developer/Platforms/MacOSX.platform/Developer/usr/lib -F /Users/buddhirajgautam/Library/Developer/Xcode/DerivedData/Telegram-Mac-fygdgghdgmuleoelvxabfmqiotta/Build/Products/Debug/PackageFrameworks -F /Users/buddhirajgautam/Library/Developer/Xcode/DerivedData/Telegram-Mac-fygdgghdgmuleoelvxabfmqiotta/Build/Products/Debug -F /Applications/Xcode.app/Contents/Developer/Platforms/MacOSX.platform/Developer/Library/Frameworks -c -j8 -enable-batch-mode -incremental -Xcc -ivfsstatcache -Xcc /Users/buddhirajgautam/Library/Developer/Xcode/DerivedData/SDKStatCaches.noindex/macosx27.0-26A425-e829b21a6f8c9b70876ba0858053c0447231f6df4def33e022ae2eb8f782df1a.sdkstatcache -output-file-map /Users/buddhirajgautam/Library/Developer/Xcode/DerivedData/Telegram-Mac-fygdgghdgmuleoelvxabfmqiotta/Build/Intermediates.noindex/Reactions.build/Debug/Reactions-t.build/Objects-normal/arm64/Reactions-OutputFileMap.json -save-temps -no-color-diagnostics -explicit-module-build -module-cache-path /Users/buddhirajgautam/Library/Developer/Xcode/DerivedData/Telegram-Mac-fygdgghdgmuleoelvxabfmqiotta/Build/Intermediates.noindex/SwiftExplicitPrecompiledModules -clang-scanner-module-cache-path /Users/buddhirajgautam/Library/Developer/Xcode/DerivedData/ModuleCache.noindex -sdk-module-cache-path /Users/buddhirajgautam/Library/Developer/Xcode/DerivedData/SDKExplicitPrecompiledModules -emit-dependencies -emit-module -emit-module-path /Users/buddhirajgautam/Library/Developer/Xcode/DerivedData/Telegram-Mac-fygdgghdgmuleoelvxabfmqiotta/Build/Intermediates.noindex/Reactions.build/Debug/Reactions-t.build/Objects-normal/arm64/Reactions.swiftmodule -serialize-diagnostics -dependency-scan-serialize-diagnostics-path /Users/buddhirajgautam/Library/Developer/Xcode/DerivedData/Telegram-Mac-fygdgghdgmuleoelvxabfmqiotta/Build/Intermediates.noindex/Reactions.build/Debug/Reactions-t.build/Objects-normal/arm64/Reactions-dependency-scan.dia -validate-clang-modules-once -clang-build-session-file /Users/buddhirajgautam/Library/Developer/Xcode/DerivedData/ModuleCache.noindex/Session.modulevalidation -Xcc -fmodules-prune-interval\=86400 -Xcc -fmodules-prune-after\=345600 -emit-const-values -const-gather-protocols-list /Users/buddhirajgautam/Library/Developer/Xcode/DerivedData/Telegram-Mac-fygdgghdgmuleoelvxabfmqiotta/Build/Intermediates.noindex/Reactions.build/Debug/Reactions-t.build/Objects-normal/arm64/Reactions_const_extract_protocols.json -Xcc -I/Users/buddhirajgautam/Documents/Cherrygram-Mac/macOS-Swift/submodules/telegram-ios/submodules/MurMurHash32/PublicHeaders -Xcc -I/Users/buddhirajgautam/Documents/Cherrygram-Mac/macOS-Swift/submodules/telegram-ios/submodules/sqlcipher/PublicHeaders -Xcc -I/Users/buddhirajgautam/Documents/Cherrygram-Mac/macOS-Swift/submodules/telegram-ios/submodules/StringTransliteration/PublicHeaders -Xcc -I/Users/buddhirajgautam/Documents/Cherrygram-Mac/macOS-Swift/submodules/telegram-ios/submodules/Crc32/PublicHeaders -Xcc -I/Users/buddhirajgautam/Documents/Cherrygram-Mac/macOS-Swift/submodules/telegram-ios/submodules/MtProtoKit/PublicHeaders -Xcc -I/Users/buddhirajgautam/Documents/Cherrygram-Mac/macOS-Swift/submodules/telegram-ios/submodules/CryptoUtils/PublicHeaders -Xcc -I/Users/buddhirajgautam/Documents/Cherrygram-Mac/macOS-Swift/submodules/telegram-ios/submodules/NetworkLogging/PublicHeaders -Xcc -I/Users/buddhirajgautam/Documents/Cherrygram-Mac/macOS-Swift/submodules/telegram-ios/submodules/Utils/DarwinDirStat/PublicHeaders -Xcc -I/Users/buddhirajgautam/Documents/Cherrygram-Mac/macOS-Swift/submodules/telegram-ios/submodules/Reachability/LegacyReachability/PublicHeaders -Xcc -I/Users/buddhirajgautam/Documents/Cherrygram-Mac/macOS-Swift/submodules/telegram-ios/submodules/EncryptionProvider/PublicHeaders -Xcc -I/Users/buddhirajgautam/Documents/Cherrygram-Mac/macOS-Swift/packages/ObjcUtils/Sources/ObjcUtils -Xcc -I/Users/buddhirajgautam/Library/Developer/Xcode/DerivedData/Telegram-Mac-fygdgghdgmuleoelvxabfmqiotta/Build/Products/Debug/include -Xcc -I/Users/buddhirajgautam/Library/Developer/Xcode/DerivedData/Telegram-Mac-fygdgghdgmuleoelvxabfmqiotta/Build/Intermediates.noindex/Reactions.build/Debug/Reactions-t.build/DerivedSources-normal/arm64 -Xcc -I/Users/buddhirajgautam/Library/Developer/Xcode/DerivedData/Telegram-Mac-fygdgghdgmuleoelvxabfmqiotta/Build/Intermediates.noindex/Reactions.build/Debug/Reactions-t.build/DerivedSources/arm64 -Xcc -I/Users/buddhirajgautam/Library/Developer/Xcode/DerivedData/Telegram-Mac-fygdgghdgmuleoelvxabfmqiotta/Build/Intermediates.noindex/Reactions.build/Debug/Reactions-t.build/DerivedSources -Xcc -DSWIFT_PACKAGE -Xcc -DDEBUG\=1 -emit-objc-header -emit-objc-header-path /Users/buddhirajgautam/Library/Developer/Xcode/DerivedData/Telegram-Mac-fygdgghdgmuleoelvxabfmqiotta/Build/Intermediates.noindex/Reactions.build/Debug/Reactions-t.build/Objects-normal/arm64/Reactions-Swift.h -working-directory /Users/buddhirajgautam/Documents/Cherrygram-Mac/macOS-Swift -experimental-emit-module-separately -disable-cmo

SwiftCompile normal arm64 Compiling\ ChatTextInputAttribute.swift /Users/buddhirajgautam/Documents/Cherrygram-Mac/macOS-Swift/packages/InputView/Sources/InputView/ChatTextInputAttribute.swift (in target 'InputView' from project 'InputView')
/Users/buddhirajgautam/Documents/Cherrygram-Mac/macOS-Swift/packages/InputView/Sources/InputView/ChatTextInputAttribute.swift:603:9: warning: initialization of immutable value 'initialQuoteRanges' was never used; consider replacing with assignment to '_' or removing it [#NoUsage]
 601 |     }
 602 |     
 603 |     let initialQuoteRanges = quoteRanges
     |         `- warning: initialization of immutable value 'initialQuoteRanges' was never used; consider replacing with assignment to '_' or removing it [#NoUsage]
 604 |     
 605 |     for i in 0 ..< quoteRanges.count {

/Users/buddhirajgautam/Documents/Cherrygram-Mac/macOS-Swift/packages/InputView/Sources/InputView/ChatTextInputAttribute.swift:805:21: warning: variable 'baseFontSize' was never mutated; consider changing to 'let' constant [#VariableNeverMutated]
 803 |             if !fontAttributes.isEmpty {
 804 |                 var font: NSFont?
 805 |                 var baseFontSize = baseFontSize
     |                     `- warning: variable 'baseFontSize' was never mutated; consider changing to 'let' constant [#VariableNeverMutated]
 806 |                 if fontAttributes == [.bold, .italic, .monospace] {
 807 |                     font = NSFont.semiboldItalicMonospace(baseFontSize)

[#NoUsage]: <https://docs.swift.org/compiler/documentation/diagnostics/no-usage>
[#VariableNeverMutated]: <https://docs.swift.org/compiler/documentation/diagnostics/variable-never-mutated>

SwiftCompile normal arm64 /Users/buddhirajgautam/Documents/Cherrygram-Mac/macOS-Swift/packages/InputView/Sources/InputView/ChatTextInputAttribute.swift (in target 'InputView' from project 'InputView')
    cd /Users/buddhirajgautam/Documents/Cherrygram-Mac/macOS-Swift
    builtin-SwiftPerFileCompile ChatTextInputAttribute.swift

SwiftCompile normal arm64 Compiling\ Receipt.swift /Users/buddhirajgautam/Documents/Cherrygram-Mac/macOS-Swift/packages/InAppPurchaseManager/Sources/InAppPurchaseManager/Receipt.swift (in target 'InAppPurchaseManager' from project 'InAppPurchaseManager')

SwiftCompile normal arm64 /Users/buddhirajgautam/Documents/Cherrygram-Mac/macOS-Swift/packages/InAppPurchaseManager/Sources/InAppPurchaseManager/Receipt.swift (in target 'InAppPurchaseManager' from project 'InAppPurchaseManager')
    cd /Users/buddhirajgautam/Documents/Cherrygram-Mac/macOS-Swift
    builtin-SwiftPerFileCompile Receipt.swift

SwiftCompile normal arm64 Compiling\ InAppPurchaseManager.swift /Users/buddhirajgautam/Documents/Cherrygram-Mac/macOS-Swift/packages/InAppPurchaseManager/Sources/InAppPurchaseManager/InAppPurchaseManager.swift (in target 'InAppPurchaseManager' from project 'InAppPurchaseManager')
/Users/buddhirajgautam/Documents/Cherrygram-Mac/macOS-Swift/packages/InAppPurchaseManager/Sources/InAppPurchaseManager/InAppPurchaseManager.swift:107:20: warning: unnecessary check for 'macOS'; enclosing scope ensures guard will always be true [#UselessAvailabilityCheck]
102 |         
103 |         public var isSubscription: Bool {
104 |             if #available(macOS 10.14, *) {
    |             `- note: enclosing scope here
105 |                 return self.skProduct.subscriptionGroupIdentifier != nil
106 |             } else {
107 |                 if #available(macOS 10.13.2, *) {
    |                    `- warning: unnecessary check for 'macOS'; enclosing scope ensures guard will always be true [#UselessAvailabilityCheck]
108 |                     return self.skProduct.subscriptionPeriod != nil
109 |                 } else {

/Users/buddhirajgautam/Documents/Cherrygram-Mac/macOS-Swift/packages/InAppPurchaseManager/Sources/InAppPurchaseManager/InAppPurchaseManager.swift:520:45: warning: 'weak' ownership of capture 'self' differs from implicitly-captured strong reference in outer scope [#ImplicitStrongCapture]
400 | extension InAppPurchaseManager: SKPaymentTransactionObserver {
401 |     public func paymentQueue(_ queue: SKPaymentQueue, updatedTransactions transactions: [SKPaymentTransaction]) {
402 |         self.stateQueue.async {
    |                               |- note: 'self' implicitly strongly captured here
    |                               `- note: add 'self' as a capture list item to silence
403 |             let accountPeerId = "\(self.engine.account.peerId.toInt64())"
404 |             
    :
518 |                     |> mapToSignal { purpose -> Signal<Never, AssignAppStoreTransactionError> in
519 |                         return self.engine.payments.sendAppStoreReceipt(receipt: receiptData, purpose: purpose)
520 |                     }).start(error: { [weak self] _ in
    |                                             |- warning: 'weak' ownership of capture 'self' differs from implicitly-captured strong reference in outer scope [#ImplicitStrongCapture]
    |                                             `- note: explicitly assign the capture list item to silence
521 |                         Logger.shared.log("InAppPurchaseManager", "Account \(accountPeerId), transactions [\(transactionIds)] failed to assign")
522 |                         for transaction in transactions {

[#ImplicitStrongCapture]: <https://docs.swift.org/compiler/documentation/diagnostics/implicit-strong-capture>
[#UselessAvailabilityCheck]: <https://docs.swift.org/compiler/documentation/diagnostics/useless-availability-check>

SwiftCompile normal arm64 /Users/buddhirajgautam/Documents/Cherrygram-Mac/macOS-Swift/packages/InAppPurchaseManager/Sources/InAppPurchaseManager/InAppPurchaseManager.swift (in target 'InAppPurchaseManager' from project 'InAppPurchaseManager')
    cd /Users/buddhirajgautam/Documents/Cherrygram-Mac/macOS-Swift
    builtin-SwiftPerFileCompile InAppPurchaseManager.swift

SwiftDriverJobDiscovery normal arm64 Compiling AutoNightThemePreferences.swift (in target 'ThemeSettings' from project 'ThemeSettings')

SwiftDriver\ Compilation\ Requirements InputView normal arm64 com.apple.xcode.tools.swift.compiler (in target 'InputView' from project 'InputView')
    cd /Users/buddhirajgautam/Documents/Cherrygram-Mac/macOS-Swift
    builtin-Swift-Compilation-Requirements -- /Applications/Xcode.app/Contents/Developer/Toolchains/XcodeDefault.xctoolchain/usr/bin/swiftc -parse-as-library -module-name InputView -Onone @/Users/buddhirajgautam/Library/Developer/Xcode/DerivedData/Telegram-Mac-fygdgghdgmuleoelvxabfmqiotta/Build/Intermediates.noindex/InputView.build/Debug/InputView-t.build/Objects-normal/arm64/InputView.SwiftFileList -DSWIFT_PACKAGE -DDEBUG -DSWIFT_MODULE_RESOURCE_BUNDLE_UNAVAILABLE -Xcc -fmodule-map-file\=/Users/buddhirajgautam/Library/Developer/Xcode/DerivedData/Telegram-Mac-fygdgghdgmuleoelvxabfmqiotta/Build/Intermediates.noindex/GeneratedModuleMaps/ObjcUtils.modulemap -Xcc -fmodule-map-file\=/Users/buddhirajgautam/Library/Developer/Xcode/DerivedData/Telegram-Mac-fygdgghdgmuleoelvxabfmqiotta/Build/Intermediates.noindex/GeneratedModuleMaps/NumberPluralization.modulemap -Xcc -fmodule-map-file\=/Users/buddhirajgautam/Library/Developer/Xcode/DerivedData/Telegram-Mac-fygdgghdgmuleoelvxabfmqiotta/Build/Intermediates.noindex/GeneratedModuleMaps/MurMurHash32.modulemap -Xcc -fmodule-map-file\=/Users/buddhirajgautam/Library/Developer/Xcode/DerivedData/Telegram-Mac-fygdgghdgmuleoelvxabfmqiotta/Build/Intermediates.noindex/GeneratedModuleMaps/sqlcipher.modulemap -Xcc -fmodule-map-file\=/Users/buddhirajgautam/Library/Developer/Xcode/DerivedData/Telegram-Mac-fygdgghdgmuleoelvxabfmqiotta/Build/Intermediates.noindex/GeneratedModuleMaps/StringTransliteration.modulemap -Xcc -fmodule-map-file\=/Users/buddhirajgautam/Library/Developer/Xcode/DerivedData/Telegram-Mac-fygdgghdgmuleoelvxabfmqiotta/Build/Intermediates.noindex/GeneratedModuleMaps/Crc32.modulemap -Xcc -fmodule-map-file\=/Users/buddhirajgautam/Library/Developer/Xcode/DerivedData/Telegram-Mac-fygdgghdgmuleoelvxabfmqiotta/Build/Intermediates.noindex/GeneratedModuleMaps/MtProtoKit.modulemap -Xcc -fmodule-map-file\=/Users/buddhirajgautam/Library/Developer/Xcode/DerivedData/Telegram-Mac-fygdgghdgmuleoelvxabfmqiotta/Build/Intermediates.noindex/GeneratedModuleMaps/CryptoUtils.modulemap -Xcc -fmodule-map-file\=/Users/buddhirajgautam/Library/Developer/Xcode/DerivedData/Telegram-Mac-fygdgghdgmuleoelvxabfmqiotta/Build/Intermediates.noindex/GeneratedModuleMaps/NetworkLogging.modulemap -Xcc -fmodule-map-file\=/Users/buddhirajgautam/Library/Developer/Xcode/DerivedData/Telegram-Mac-fygdgghdgmuleoelvxabfmqiotta/Build/Intermediates.noindex/GeneratedModuleMaps/DarwinDirStat.modulemap -Xcc -fmodule-map-file\=/Users/buddhirajgautam/Library/Developer/Xcode/DerivedData/Telegram-Mac-fygdgghdgmuleoelvxabfmqiotta/Build/Intermediates.noindex/GeneratedModuleMaps/LegacyReachability.modulemap -Xcc -fmodule-map-file\=/Users/buddhirajgautam/Library/Developer/Xcode/DerivedData/Telegram-Mac-fygdgghdgmuleoelvxabfmqiotta/Build/Intermediates.noindex/GeneratedModuleMaps/EncryptionProvider.modulemap -DXcode -plugin-path /Applications/Xcode.app/Contents/Developer/Toolchains/XcodeDefault.xctoolchain/usr/lib/swift/host/plugins/testing -enable-experimental-feature DebugDescriptionMacro -sdk /Applications/Xcode.app/Contents/Developer/Platforms/MacOSX.platform/Developer/SDKs/MacOSX27.0.sdk -target arm64-apple-macos12.0 -g -module-cache-path /Users/buddhirajgautam/Library/Developer/Xcode/DerivedData/ModuleCache.noindex -Xfrontend -serialize-debugging-options -profile-coverage-mapping -profile-generate -enable-testing -index-store-path /Users/buddhirajgautam/Library/Developer/Xcode/DerivedData/Telegram-Mac-fygdgghdgmuleoelvxabfmqiotta/Index.noindex/DataStore -Xcc -D_LIBCPP_HARDENING_MODE\=_LIBCPP_HARDENING_MODE_DEBUG -swift-version 5 -I /Users/buddhirajgautam/Library/Developer/Xcode/DerivedData/Telegram-Mac-fygdgghdgmuleoelvxabfmqiotta/Build/Products/Debug -Isystem /Applications/Xcode.app/Contents/Developer/Platforms/MacOSX.platform/Developer/usr/lib -F /Users/buddhirajgautam/Library/Developer/Xcode/DerivedData/Telegram-Mac-fygdgghdgmuleoelvxabfmqiotta/Build/Products/Debug/PackageFrameworks -F /Users/buddhirajgautam/Library/Developer/Xcode/DerivedData/Telegram-Mac-fygdgghdgmuleoelvxabfmqiotta/Build/Products/Debug -F /Applications/Xcode.app/Contents/Developer/Platforms/MacOSX.platform/Developer/Library/Frameworks -c -j8 -enable-batch-mode -incremental -Xcc -ivfsstatcache -Xcc /Users/buddhirajgautam/Library/Developer/Xcode/DerivedData/SDKStatCaches.noindex/macosx27.0-26A425-e829b21a6f8c9b70876ba0858053c0447231f6df4def33e022ae2eb8f782df1a.sdkstatcache -output-file-map /Users/buddhirajgautam/Library/Developer/Xcode/DerivedData/Telegram-Mac-fygdgghdgmuleoelvxabfmqiotta/Build/Intermediates.noindex/InputView.build/Debug/InputView-t.build/Objects-normal/arm64/InputView-OutputFileMap.json -save-temps -no-color-diagnostics -explicit-module-build -module-cache-path /Users/buddhirajgautam/Library/Developer/Xcode/DerivedData/Telegram-Mac-fygdgghdgmuleoelvxabfmqiotta/Build/Intermediates.noindex/SwiftExplicitPrecompiledModules -clang-scanner-module-cache-path /Users/buddhirajgautam/Library/Developer/Xcode/DerivedData/ModuleCache.noindex -sdk-module-cache-path /Users/buddhirajgautam/Library/Developer/Xcode/DerivedData/SDKExplicitPrecompiledModules -emit-dependencies -emit-module -emit-module-path /Users/buddhirajgautam/Library/Developer/Xcode/DerivedData/Telegram-Mac-fygdgghdgmuleoelvxabfmqiotta/Build/Intermediates.noindex/InputView.build/Debug/InputView-t.build/Objects-normal/arm64/InputView.swiftmodule -serialize-diagnostics -dependency-scan-serialize-diagnostics-path /Users/buddhirajgautam/Library/Developer/Xcode/DerivedData/Telegram-Mac-fygdgghdgmuleoelvxabfmqiotta/Build/Intermediates.noindex/InputView.build/Debug/InputView-t.build/Objects-normal/arm64/InputView-dependency-scan.dia -validate-clang-modules-once -clang-build-session-file /Users/buddhirajgautam/Library/Developer/Xcode/DerivedData/ModuleCache.noindex/Session.modulevalidation -Xcc -fmodules-prune-interval\=86400 -Xcc -fmodules-prune-after\=345600 -emit-const-values -const-gather-protocols-list /Users/buddhirajgautam/Library/Developer/Xcode/DerivedData/Telegram-Mac-fygdgghdgmuleoelvxabfmqiotta/Build/Intermediates.noindex/InputView.build/Debug/InputView-t.build/Objects-normal/arm64/InputView_const_extract_protocols.json -Xcc -I/Users/buddhirajgautam/Documents/Cherrygram-Mac/macOS-Swift/packages/ObjcUtils/Sources/ObjcUtils -Xcc -I/Users/buddhirajgautam/Documents/Cherrygram-Mac/macOS-Swift/packages/NumberPluralization/Sources/NumberPluralization -Xcc -I/Users/buddhirajgautam/Documents/Cherrygram-Mac/macOS-Swift/submodules/telegram-ios/submodules/MurMurHash32/PublicHeaders -Xcc -I/Users/buddhirajgautam/Documents/Cherrygram-Mac/macOS-Swift/submodules/telegram-ios/submodules/sqlcipher/PublicHeaders -Xcc -I/Users/buddhirajgautam/Documents/Cherrygram-Mac/macOS-Swift/submodules/telegram-ios/submodules/StringTransliteration/PublicHeaders -Xcc -I/Users/buddhirajgautam/Documents/Cherrygram-Mac/macOS-Swift/submodules/telegram-ios/submodules/Crc32/PublicHeaders -Xcc -I/Users/buddhirajgautam/Documents/Cherrygram-Mac/macOS-Swift/submodules/telegram-ios/submodules/MtProtoKit/PublicHeaders -Xcc -I/Users/buddhirajgautam/Documents/Cherrygram-Mac/macOS-Swift/submodules/telegram-ios/submodules/CryptoUtils/PublicHeaders -Xcc -I/Users/buddhirajgautam/Documents/Cherrygram-Mac/macOS-Swift/submodules/telegram-ios/submodules/NetworkLogging/PublicHeaders -Xcc -I/Users/buddhirajgautam/Documents/Cherrygram-Mac/macOS-Swift/submodules/telegram-ios/submodules/Utils/DarwinDirStat/PublicHeaders -Xcc -I/Users/buddhirajgautam/Documents/Cherrygram-Mac/macOS-Swift/submodules/telegram-ios/submodules/Reachability/LegacyReachability/PublicHeaders -Xcc -I/Users/buddhirajgautam/Documents/Cherrygram-Mac/macOS-Swift/submodules/telegram-ios/submodules/EncryptionProvider/PublicHeaders -Xcc -I/Users/buddhirajgautam/Library/Developer/Xcode/DerivedData/Telegram-Mac-fygdgghdgmuleoelvxabfmqiotta/Build/Products/Debug/include -Xcc -I/Users/buddhirajgautam/Library/Developer/Xcode/DerivedData/Telegram-Mac-fygdgghdgmuleoelvxabfmqiotta/Build/Intermediates.noindex/InputView.build/Debug/InputView-t.build/DerivedSources-normal/arm64 -Xcc -I/Users/buddhirajgautam/Library/Developer/Xcode/DerivedData/Telegram-Mac-fygdgghdgmuleoelvxabfmqiotta/Build/Intermediates.noindex/InputView.build/Debug/InputView-t.build/DerivedSources/arm64 -Xcc -I/Users/buddhirajgautam/Library/Developer/Xcode/DerivedData/Telegram-Mac-fygdgghdgmuleoelvxabfmqiotta/Build/Intermediates.noindex/InputView.build/Debug/InputView-t.build/DerivedSources -Xcc -DSWIFT_PACKAGE -Xcc -DDEBUG\=1 -emit-objc-header -emit-objc-header-path /Users/buddhirajgautam/Library/Developer/Xcode/DerivedData/Telegram-Mac-fygdgghdgmuleoelvxabfmqiotta/Build/Intermediates.noindex/InputView.build/Debug/InputView-t.build/Objects-normal/arm64/InputView-Swift.h -working-directory /Users/buddhirajgautam/Documents/Cherrygram-Mac/macOS-Swift -experimental-emit-module-separately -disable-cmo

SwiftDriverJobDiscovery normal arm64 Compiling ChatTextInputFormat.swift (in target 'InputView' from project 'InputView')

SwiftMergeGeneratedHeaders /Users/buddhirajgautam/Library/Developer/Xcode/DerivedData/Telegram-Mac-fygdgghdgmuleoelvxabfmqiotta/Build/Intermediates.noindex/GeneratedModuleMaps/DustLayer-Swift.h /Users/buddhirajgautam/Library/Developer/Xcode/DerivedData/Telegram-Mac-fygdgghdgmuleoelvxabfmqiotta/Build/Intermediates.noindex/DustLayer.build/Debug/DustLayer-t.build/Objects-normal/arm64/DustLayer-Swift.h (in target 'DustLayer' from project 'DustLayer')
    cd /Users/buddhirajgautam/Documents/Cherrygram-Mac/macOS-Swift/packages/DustLayer
    builtin-swiftHeaderTool -arch arm64 /Users/buddhirajgautam/Library/Developer/Xcode/DerivedData/Telegram-Mac-fygdgghdgmuleoelvxabfmqiotta/Build/Intermediates.noindex/DustLayer.build/Debug/DustLayer-t.build/Objects-normal/arm64/DustLayer-Swift.h -o /Users/buddhirajgautam/Library/Developer/Xcode/DerivedData/Telegram-Mac-fygdgghdgmuleoelvxabfmqiotta/Build/Intermediates.noindex/GeneratedModuleMaps/DustLayer-Swift.h

Copy /Users/buddhirajgautam/Library/Developer/Xcode/DerivedData/Telegram-Mac-fygdgghdgmuleoelvxabfmqiotta/Build/Products/Debug/DustLayer.swiftmodule/arm64-apple-macos.swiftmodule /Users/buddhirajgautam/Library/Developer/Xcode/DerivedData/Telegram-Mac-fygdgghdgmuleoelvxabfmqiotta/Build/Intermediates.noindex/DustLayer.build/Debug/DustLayer-t.build/Objects-normal/arm64/DustLayer.swiftmodule (in target 'DustLayer' from project 'DustLayer')
    cd /Users/buddhirajgautam/Documents/Cherrygram-Mac/macOS-Swift/packages/DustLayer
    builtin-copy -exclude .DS_Store -exclude CVS -exclude .svn -exclude .git -exclude .hg -resolve-src-symlinks -rename /Users/buddhirajgautam/Library/Developer/Xcode/DerivedData/Telegram-Mac-fygdgghdgmuleoelvxabfmqiotta/Build/Intermediates.noindex/DustLayer.build/Debug/DustLayer-t.build/Objects-normal/arm64/DustLayer.swiftmodule /Users/buddhirajgautam/Library/Developer/Xcode/DerivedData/Telegram-Mac-fygdgghdgmuleoelvxabfmqiotta/Build/Products/Debug/DustLayer.swiftmodule/arm64-apple-macos.swiftmodule

SwiftMergeGeneratedHeaders /Users/buddhirajgautam/Library/Developer/Xcode/DerivedData/Telegram-Mac-fygdgghdgmuleoelvxabfmqiotta/Build/Intermediates.noindex/GeneratedModuleMaps/InputView-Swift.h /Users/buddhirajgautam/Library/Developer/Xcode/DerivedData/Telegram-Mac-fygdgghdgmuleoelvxabfmqiotta/Build/Intermediates.noindex/InputView.build/Debug/InputView-t.build/Objects-normal/arm64/InputView-Swift.h (in target 'InputView' from project 'InputView')
    cd /Users/buddhirajgautam/Documents/Cherrygram-Mac/macOS-Swift/packages/InputView
    builtin-swiftHeaderTool -arch arm64 /Users/buddhirajgautam/Library/Developer/Xcode/DerivedData/Telegram-Mac-fygdgghdgmuleoelvxabfmqiotta/Build/Intermediates.noindex/InputView.build/Debug/InputView-t.build/Objects-normal/arm64/InputView-Swift.h -o /Users/buddhirajgautam/Library/Developer/Xcode/DerivedData/Telegram-Mac-fygdgghdgmuleoelvxabfmqiotta/Build/Intermediates.noindex/GeneratedModuleMaps/InputView-Swift.h

Copy /Users/buddhirajgautam/Library/Developer/Xcode/DerivedData/Telegram-Mac-fygdgghdgmuleoelvxabfmqiotta/Build/Products/Debug/InputView.swiftmodule/arm64-apple-macos.swiftmodule /Users/buddhirajgautam/Library/Developer/Xcode/DerivedData/Telegram-Mac-fygdgghdgmuleoelvxabfmqiotta/Build/Intermediates.noindex/InputView.build/Debug/InputView-t.build/Objects-normal/arm64/InputView.swiftmodule (in target 'InputView' from project 'InputView')
    cd /Users/buddhirajgautam/Documents/Cherrygram-Mac/macOS-Swift/packages/InputView
    builtin-copy -exclude .DS_Store -exclude CVS -exclude .svn -exclude .git -exclude .hg -resolve-src-symlinks -rename /Users/buddhirajgautam/Library/Developer/Xcode/DerivedData/Telegram-Mac-fygdgghdgmuleoelvxabfmqiotta/Build/Intermediates.noindex/InputView.build/Debug/InputView-t.build/Objects-normal/arm64/InputView.swiftmodule /Users/buddhirajgautam/Library/Developer/Xcode/DerivedData/Telegram-Mac-fygdgghdgmuleoelvxabfmqiotta/Build/Products/Debug/InputView.swiftmodule/arm64-apple-macos.swiftmodule

Copy /Users/buddhirajgautam/Library/Developer/Xcode/DerivedData/Telegram-Mac-fygdgghdgmuleoelvxabfmqiotta/Build/Products/Debug/InputView.swiftmodule/arm64-apple-macos.swiftdoc /Users/buddhirajgautam/Library/Developer/Xcode/DerivedData/Telegram-Mac-fygdgghdgmuleoelvxabfmqiotta/Build/Intermediates.noindex/InputView.build/Debug/InputView-t.build/Objects-normal/arm64/InputView.swiftdoc (in target 'InputView' from project 'InputView')
    cd /Users/buddhirajgautam/Documents/Cherrygram-Mac/macOS-Swift/packages/InputView
    builtin-copy -exclude .DS_Store -exclude CVS -exclude .svn -exclude .git -exclude .hg -resolve-src-symlinks -rename /Users/buddhirajgautam/Library/Developer/Xcode/DerivedData/Telegram-Mac-fygdgghdgmuleoelvxabfmqiotta/Build/Intermediates.noindex/InputView.build/Debug/InputView-t.build/Objects-normal/arm64/InputView.swiftdoc /Users/buddhirajgautam/Library/Developer/Xcode/DerivedData/Telegram-Mac-fygdgghdgmuleoelvxabfmqiotta/Build/Products/Debug/InputView.swiftmodule/arm64-apple-macos.swiftdoc

Copy /Users/buddhirajgautam/Library/Developer/Xcode/DerivedData/Telegram-Mac-fygdgghdgmuleoelvxabfmqiotta/Build/Products/Debug/InputView.swiftmodule/arm64-apple-macos.abi.json /Users/buddhirajgautam/Library/Developer/Xcode/DerivedData/Telegram-Mac-fygdgghdgmuleoelvxabfmqiotta/Build/Intermediates.noindex/InputView.build/Debug/InputView-t.build/Objects-normal/arm64/InputView.abi.json (in target 'InputView' from project 'InputView')
    cd /Users/buddhirajgautam/Documents/Cherrygram-Mac/macOS-Swift/packages/InputView
    builtin-copy -exclude .DS_Store -exclude CVS -exclude .svn -exclude .git -exclude .hg -resolve-src-symlinks -rename /Users/buddhirajgautam/Library/Developer/Xcode/DerivedData/Telegram-Mac-fygdgghdgmuleoelvxabfmqiotta/Build/Intermediates.noindex/InputView.build/Debug/InputView-t.build/Objects-normal/arm64/InputView.abi.json /Users/buddhirajgautam/Library/Developer/Xcode/DerivedData/Telegram-Mac-fygdgghdgmuleoelvxabfmqiotta/Build/Products/Debug/InputView.swiftmodule/arm64-apple-macos.abi.json

Copy /Users/buddhirajgautam/Library/Developer/Xcode/DerivedData/Telegram-Mac-fygdgghdgmuleoelvxabfmqiotta/Build/Products/Debug/InputView.swiftmodule/Project/arm64-apple-macos.swiftsourceinfo /Users/buddhirajgautam/Library/Developer/Xcode/DerivedData/Telegram-Mac-fygdgghdgmuleoelvxabfmqiotta/Build/Intermediates.noindex/InputView.build/Debug/InputView-t.build/Objects-normal/arm64/InputView.swiftsourceinfo (in target 'InputView' from project 'InputView')
    cd /Users/buddhirajgautam/Documents/Cherrygram-Mac/macOS-Swift/packages/InputView
    builtin-copy -exclude .DS_Store -exclude CVS -exclude .svn -exclude .git -exclude .hg -resolve-src-symlinks -rename /Users/buddhirajgautam/Library/Developer/Xcode/DerivedData/Telegram-Mac-fygdgghdgmuleoelvxabfmqiotta/Build/Intermediates.noindex/InputView.build/Debug/InputView-t.build/Objects-normal/arm64/InputView.swiftsourceinfo /Users/buddhirajgautam/Library/Developer/Xcode/DerivedData/Telegram-Mac-fygdgghdgmuleoelvxabfmqiotta/Build/Products/Debug/InputView.swiftmodule/Project/arm64-apple-macos.swiftsourceinfo

Copy /Users/buddhirajgautam/Library/Developer/Xcode/DerivedData/Telegram-Mac-fygdgghdgmuleoelvxabfmqiotta/Build/Products/Debug/DustLayer.swiftmodule/arm64-apple-macos.swiftdoc /Users/buddhirajgautam/Library/Developer/Xcode/DerivedData/Telegram-Mac-fygdgghdgmuleoelvxabfmqiotta/Build/Intermediates.noindex/DustLayer.build/Debug/DustLayer-t.build/Objects-normal/arm64/DustLayer.swiftdoc (in target 'DustLayer' from project 'DustLayer')
    cd /Users/buddhirajgautam/Documents/Cherrygram-Mac/macOS-Swift/packages/DustLayer
    builtin-copy -exclude .DS_Store -exclude CVS -exclude .svn -exclude .git -exclude .hg -resolve-src-symlinks -rename /Users/buddhirajgautam/Library/Developer/Xcode/DerivedData/Telegram-Mac-fygdgghdgmuleoelvxabfmqiotta/Build/Intermediates.noindex/DustLayer.build/Debug/DustLayer-t.build/Objects-normal/arm64/DustLayer.swiftdoc /Users/buddhirajgautam/Library/Developer/Xcode/DerivedData/Telegram-Mac-fygdgghdgmuleoelvxabfmqiotta/Build/Products/Debug/DustLayer.swiftmodule/arm64-apple-macos.swiftdoc

Copy /Users/buddhirajgautam/Library/Developer/Xcode/DerivedData/Telegram-Mac-fygdgghdgmuleoelvxabfmqiotta/Build/Products/Debug/DustLayer.swiftmodule/arm64-apple-macos.abi.json /Users/buddhirajgautam/Library/Developer/Xcode/DerivedData/Telegram-Mac-fygdgghdgmuleoelvxabfmqiotta/Build/Intermediates.noindex/DustLayer.build/Debug/DustLayer-t.build/Objects-normal/arm64/DustLayer.abi.json (in target 'DustLayer' from project 'DustLayer')
    cd /Users/buddhirajgautam/Documents/Cherrygram-Mac/macOS-Swift/packages/DustLayer
    builtin-copy -exclude .DS_Store -exclude CVS -exclude .svn -exclude .git -exclude .hg -resolve-src-symlinks -rename /Users/buddhirajgautam/Library/Developer/Xcode/DerivedData/Telegram-Mac-fygdgghdgmuleoelvxabfmqiotta/Build/Intermediates.noindex/DustLayer.build/Debug/DustLayer-t.build/Objects-normal/arm64/DustLayer.abi.json /Users/buddhirajgautam/Library/Developer/Xcode/DerivedData/Telegram-Mac-fygdgghdgmuleoelvxabfmqiotta/Build/Products/Debug/DustLayer.swiftmodule/arm64-apple-macos.abi.json

Copy /Users/buddhirajgautam/Library/Developer/Xcode/DerivedData/Telegram-Mac-fygdgghdgmuleoelvxabfmqiotta/Build/Products/Debug/DustLayer.swiftmodule/Project/arm64-apple-macos.swiftsourceinfo /Users/buddhirajgautam/Library/Developer/Xcode/DerivedData/Telegram-Mac-fygdgghdgmuleoelvxabfmqiotta/Build/Intermediates.noindex/DustLayer.build/Debug/DustLayer-t.build/Objects-normal/arm64/DustLayer.swiftsourceinfo (in target 'DustLayer' from project 'DustLayer')
    cd /Users/buddhirajgautam/Documents/Cherrygram-Mac/macOS-Swift/packages/DustLayer
    builtin-copy -exclude .DS_Store -exclude CVS -exclude .svn -exclude .git -exclude .hg -resolve-src-symlinks -rename /Users/buddhirajgautam/Library/Developer/Xcode/DerivedData/Telegram-Mac-fygdgghdgmuleoelvxabfmqiotta/Build/Intermediates.noindex/DustLayer.build/Debug/DustLayer-t.build/Objects-normal/arm64/DustLayer.swiftsourceinfo /Users/buddhirajgautam/Library/Developer/Xcode/DerivedData/Telegram-Mac-fygdgghdgmuleoelvxabfmqiotta/Build/Products/Debug/DustLayer.swiftmodule/Project/arm64-apple-macos.swiftsourceinfo

SwiftDriver\ Compilation FetchManager normal arm64 com.apple.xcode.tools.swift.compiler (in target 'FetchManager' from project 'FetchManager')
    cd /Users/buddhirajgautam/Documents/Cherrygram-Mac/macOS-Swift
    builtin-Swift-Compilation -- /Applications/Xcode.app/Contents/Developer/Toolchains/XcodeDefault.xctoolchain/usr/bin/swiftc -parse-as-library -module-name FetchManager -Onone @/Users/buddhirajgautam/Library/Developer/Xcode/DerivedData/Telegram-Mac-fygdgghdgmuleoelvxabfmqiotta/Build/Intermediates.noindex/FetchManager.build/Debug/FetchManager-t.build/Objects-normal/arm64/FetchManager.SwiftFileList -DSWIFT_PACKAGE -DDEBUG -DSWIFT_MODULE_RESOURCE_BUNDLE_UNAVAILABLE -Xcc -fmodule-map-file\=/Users/buddhirajgautam/Library/Developer/Xcode/DerivedData/Telegram-Mac-fygdgghdgmuleoelvxabfmqiotta/Build/Intermediates.noindex/GeneratedModuleMaps/MurMurHash32.modulemap -Xcc -fmodule-map-file\=/Users/buddhirajgautam/Library/Developer/Xcode/DerivedData/Telegram-Mac-fygdgghdgmuleoelvxabfmqiotta/Build/Intermediates.noindex/GeneratedModuleMaps/sqlcipher.modulemap -Xcc -fmodule-map-file\=/Users/buddhirajgautam/Library/Developer/Xcode/DerivedData/Telegram-Mac-fygdgghdgmuleoelvxabfmqiotta/Build/Intermediates.noindex/GeneratedModuleMaps/StringTransliteration.modulemap -Xcc -fmodule-map-file\=/Users/buddhirajgautam/Library/Developer/Xcode/DerivedData/Telegram-Mac-fygdgghdgmuleoelvxabfmqiotta/Build/Intermediates.noindex/GeneratedModuleMaps/Crc32.modulemap -Xcc -fmodule-map-file\=/Users/buddhirajgautam/Library/Developer/Xcode/DerivedData/Telegram-Mac-fygdgghdgmuleoelvxabfmqiotta/Build/Intermediates.noindex/GeneratedModuleMaps/MtProtoKit.modulemap -Xcc -fmodule-map-file\=/Users/buddhirajgautam/Library/Developer/Xcode/DerivedData/Telegram-Mac-fygdgghdgmuleoelvxabfmqiotta/Build/Intermediates.noindex/GeneratedModuleMaps/CryptoUtils.modulemap -Xcc -fmodule-map-file\=/Users/buddhirajgautam/Library/Developer/Xcode/DerivedData/Telegram-Mac-fygdgghdgmuleoelvxabfmqiotta/Build/Intermediates.noindex/GeneratedModuleMaps/NetworkLogging.modulemap -Xcc -fmodule-map-file\=/Users/buddhirajgautam/Library/Developer/Xcode/DerivedData/Telegram-Mac-fygdgghdgmuleoelvxabfmqiotta/Build/Intermediates.noindex/GeneratedModuleMaps/DarwinDirStat.modulemap -Xcc -fmodule-map-file\=/Users/buddhirajgautam/Library/Developer/Xcode/DerivedData/Telegram-Mac-fygdgghdgmuleoelvxabfmqiotta/Build/Intermediates.noindex/GeneratedModuleMaps/LegacyReachability.modulemap -Xcc -fmodule-map-file\=/Users/buddhirajgautam/Library/Developer/Xcode/DerivedData/Telegram-Mac-fygdgghdgmuleoelvxabfmqiotta/Build/Intermediates.noindex/GeneratedModuleMaps/EncryptionProvider.modulemap -DXcode -plugin-path /Applications/Xcode.app/Contents/Developer/Toolchains/XcodeDefault.xctoolchain/usr/lib/swift/host/plugins/testing -enable-experimental-feature DebugDescriptionMacro -sdk /Applications/Xcode.app/Contents/Developer/Platforms/MacOSX.platform/Developer/SDKs/MacOSX27.0.sdk -target arm64-apple-macos12.0 -g -module-cache-path /Users/buddhirajgautam/Library/Developer/Xcode/DerivedData/ModuleCache.noindex -Xfrontend -serialize-debugging-options -profile-coverage-mapping -profile-generate -enable-testing -index-store-path /Users/buddhirajgautam/Library/Developer/Xcode/DerivedData/Telegram-Mac-fygdgghdgmuleoelvxabfmqiotta/Index.noindex/DataStore -Xcc -D_LIBCPP_HARDENING_MODE\=_LIBCPP_HARDENING_MODE_DEBUG -swift-version 5 -I /Users/buddhirajgautam/Library/Developer/Xcode/DerivedData/Telegram-Mac-fygdgghdgmuleoelvxabfmqiotta/Build/Products/Debug -Isystem /Applications/Xcode.app/Contents/Developer/Platforms/MacOSX.platform/Developer/usr/lib -F /Users/buddhirajgautam/Library/Developer/Xcode/DerivedData/Telegram-Mac-fygdgghdgmuleoelvxabfmqiotta/Build/Products/Debug/PackageFrameworks -F /Users/buddhirajgautam/Library/Developer/Xcode/DerivedData/Telegram-Mac-fygdgghdgmuleoelvxabfmqiotta/Build/Products/Debug -F /Applications/Xcode.app/Contents/Developer/Platforms/MacOSX.platform/Developer/Library/Frameworks -c -j8 -enable-batch-mode -incremental -Xcc -ivfsstatcache -Xcc /Users/buddhirajgautam/Library/Developer/Xcode/DerivedData/SDKStatCaches.noindex/macosx27.0-26A425-e829b21a6f8c9b70876ba0858053c0447231f6df4def33e022ae2eb8f782df1a.sdkstatcache -output-file-map /Users/buddhirajgautam/Library/Developer/Xcode/DerivedData/Telegram-Mac-fygdgghdgmuleoelvxabfmqiotta/Build/Intermediates.noindex/FetchManager.build/Debug/FetchManager-t.build/Objects-normal/arm64/FetchManager-OutputFileMap.json -save-temps -no-color-diagnostics -explicit-module-build -module-cache-path /Users/buddhirajgautam/Library/Developer/Xcode/DerivedData/Telegram-Mac-fygdgghdgmuleoelvxabfmqiotta/Build/Intermediates.noindex/SwiftExplicitPrecompiledModules -clang-scanner-module-cache-path /Users/buddhirajgautam/Library/Developer/Xcode/DerivedData/ModuleCache.noindex -sdk-module-cache-path /Users/buddhirajgautam/Library/Developer/Xcode/DerivedData/SDKExplicitPrecompiledModules -emit-dependencies -emit-module -emit-module-path /Users/buddhirajgautam/Library/Developer/Xcode/DerivedData/Telegram-Mac-fygdgghdgmuleoelvxabfmqiotta/Build/Intermediates.noindex/FetchManager.build/Debug/FetchManager-t.build/Objects-normal/arm64/FetchManager.swiftmodule -serialize-diagnostics -dependency-scan-serialize-diagnostics-path /Users/buddhirajgautam/Library/Developer/Xcode/DerivedData/Telegram-Mac-fygdgghdgmuleoelvxabfmqiotta/Build/Intermediates.noindex/FetchManager.build/Debug/FetchManager-t.build/Objects-normal/arm64/FetchManager-dependency-scan.dia -validate-clang-modules-once -clang-build-session-file /Users/buddhirajgautam/Library/Developer/Xcode/DerivedData/ModuleCache.noindex/Session.modulevalidation -Xcc -fmodules-prune-interval\=86400 -Xcc -fmodules-prune-after\=345600 -emit-const-values -const-gather-protocols-list /Users/buddhirajgautam/Library/Developer/Xcode/DerivedData/Telegram-Mac-fygdgghdgmuleoelvxabfmqiotta/Build/Intermediates.noindex/FetchManager.build/Debug/FetchManager-t.build/Objects-normal/arm64/FetchManager_const_extract_protocols.json -Xcc -I/Users/buddhirajgautam/Documents/Cherrygram-Mac/macOS-Swift/submodules/telegram-ios/submodules/MurMurHash32/PublicHeaders -Xcc -I/Users/buddhirajgautam/Documents/Cherrygram-Mac/macOS-Swift/submodules/telegram-ios/submodules/sqlcipher/PublicHeaders -Xcc -I/Users/buddhirajgautam/Documents/Cherrygram-Mac/macOS-Swift/submodules/telegram-ios/submodules/StringTransliteration/PublicHeaders -Xcc -I/Users/buddhirajgautam/Documents/Cherrygram-Mac/macOS-Swift/submodules/telegram-ios/submodules/Crc32/PublicHeaders -Xcc -I/Users/buddhirajgautam/Documents/Cherrygram-Mac/macOS-Swift/submodules/telegram-ios/submodules/MtProtoKit/PublicHeaders -Xcc -I/Users/buddhirajgautam/Documents/Cherrygram-Mac/macOS-Swift/submodules/telegram-ios/submodules/CryptoUtils/PublicHeaders -Xcc -I/Users/buddhirajgautam/Documents/Cherrygram-Mac/macOS-Swift/submodules/telegram-ios/submodules/NetworkLogging/PublicHeaders -Xcc -I/Users/buddhirajgautam/Documents/Cherrygram-Mac/macOS-Swift/submodules/telegram-ios/submodules/Utils/DarwinDirStat/PublicHeaders -Xcc -I/Users/buddhirajgautam/Documents/Cherrygram-Mac/macOS-Swift/submodules/telegram-ios/submodules/Reachability/LegacyReachability/PublicHeaders -Xcc -I/Users/buddhirajgautam/Documents/Cherrygram-Mac/macOS-Swift/submodules/telegram-ios/submodules/EncryptionProvider/PublicHeaders -Xcc -I/Users/buddhirajgautam/Library/Developer/Xcode/DerivedData/Telegram-Mac-fygdgghdgmuleoelvxabfmqiotta/Build/Products/Debug/include -Xcc -I/Users/buddhirajgautam/Library/Developer/Xcode/DerivedData/Telegram-Mac-fygdgghdgmuleoelvxabfmqiotta/Build/Intermediates.noindex/FetchManager.build/Debug/FetchManager-t.build/DerivedSources-normal/arm64 -Xcc -I/Users/buddhirajgautam/Library/Developer/Xcode/DerivedData/Telegram-Mac-fygdgghdgmuleoelvxabfmqiotta/Build/Intermediates.noindex/FetchManager.build/Debug/FetchManager-t.build/DerivedSources/arm64 -Xcc -I/Users/buddhirajgautam/Library/Developer/Xcode/DerivedData/Telegram-Mac-fygdgghdgmuleoelvxabfmqiotta/Build/Intermediates.noindex/FetchManager.build/Debug/FetchManager-t.build/DerivedSources -Xcc -DSWIFT_PACKAGE -Xcc -DDEBUG\=1 -emit-objc-header -emit-objc-header-path /Users/buddhirajgautam/Library/Developer/Xcode/DerivedData/Telegram-Mac-fygdgghdgmuleoelvxabfmqiotta/Build/Intermediates.noindex/FetchManager.build/Debug/FetchManager-t.build/Objects-normal/arm64/FetchManager-Swift.h -working-directory /Users/buddhirajgautam/Documents/Cherrygram-Mac/macOS-Swift -experimental-emit-module-separately -disable-cmo

SwiftCompile normal arm64 Compiling\ DustLayer.swift /Users/buddhirajgautam/Documents/Cherrygram-Mac/macOS-Swift/packages/DustLayer/Sources/DustLayer.swift (in target 'DustLayer' from project 'DustLayer')
/Users/buddhirajgautam/Documents/Cherrygram-Mac/macOS-Swift/packages/DustLayer/Sources/DustLayer.swift:418:5: warning: code after 'return' will never be executed
416 |     return view
417 |     #endif
418 |     return nil
    |     `- warning: code after 'return' will never be executed
419 | }
420 | 

SwiftCompile normal arm64 /Users/buddhirajgautam/Documents/Cherrygram-Mac/macOS-Swift/packages/DustLayer/Sources/DustLayer.swift (in target 'DustLayer' from project 'DustLayer')
    cd /Users/buddhirajgautam/Documents/Cherrygram-Mac/macOS-Swift
    builtin-SwiftPerFileCompile DustLayer.swift

Ld /Users/buddhirajgautam/Library/Developer/Xcode/DerivedData/Telegram-Mac-fygdgghdgmuleoelvxabfmqiotta/Build/Products/Debug/GoogleUtilities-Logger.o normal (in target 'GoogleUtilities-Logger' from project 'GoogleUtilities')
    cd /Users/buddhirajgautam/Library/Developer/Xcode/DerivedData/Telegram-Mac-fygdgghdgmuleoelvxabfmqiotta/SourcePackages/checkouts/GoogleUtilities
    /Applications/Xcode.app/Contents/Developer/Toolchains/XcodeDefault.xctoolchain/usr/bin/clang -Xlinker -reproducible -target arm64-apple-macos12.0 -r -isysroot /Applications/Xcode.app/Contents/Developer/Platforms/MacOSX.platform/Developer/SDKs/MacOSX27.0.sdk -O0 -w -Xlinker -no_warn_duplicate_libraries -F/Users/buddhirajgautam/Library/Developer/Xcode/DerivedData/Telegram-Mac-fygdgghdgmuleoelvxabfmqiotta/Build/Intermediates.noindex/EagerLinkingTBDs/Debug -F/Users/buddhirajgautam/Library/Developer/Xcode/DerivedData/Telegram-Mac-fygdgghdgmuleoelvxabfmqiotta/Build/Products/Debug/PackageFrameworks -F/Users/buddhirajgautam/Library/Developer/Xcode/DerivedData/Telegram-Mac-fygdgghdgmuleoelvxabfmqiotta/Build/Products/Debug -iframework /Applications/Xcode.app/Contents/Developer/Platforms/MacOSX.platform/Developer/Library/Frameworks -filelist /Users/buddhirajgautam/Library/Developer/Xcode/DerivedData/Telegram-Mac-fygdgghdgmuleoelvxabfmqiotta/Build/Intermediates.noindex/GoogleUtilities.build/Debug/GoogleUtilities-Logger-t.build/Objects-normal/arm64/GoogleUtilities-Logger.LinkFileList -nostdlib -Xlinker -object_path_lto -Xlinker /Users/buddhirajgautam/Library/Developer/Xcode/DerivedData/Telegram-Mac-fygdgghdgmuleoelvxabfmqiotta/Build/Intermediates.noindex/GoogleUtilities.build/Debug/GoogleUtilities-Logger-t.build/Objects-normal/arm64/GoogleUtilities-Logger_lto.o -Xlinker -no_deduplicate -Xlinker -debug_variant -Xlinker -dependency_info -Xlinker /Users/buddhirajgautam/Library/Developer/Xcode/DerivedData/Telegram-Mac-fygdgghdgmuleoelvxabfmqiotta/Build/Intermediates.noindex/GoogleUtilities.build/Debug/GoogleUtilities-Logger-t.build/Objects-normal/arm64/GoogleUtilities-Logger_dependency_info.dat -fobjc-arc -fobjc-link-runtime -o /Users/buddhirajgautam/Library/Developer/Xcode/DerivedData/Telegram-Mac-fygdgghdgmuleoelvxabfmqiotta/Build/Products/Debug/GoogleUtilities-Logger.o

SwiftDriverJobDiscovery normal arm64 Emitting module for CallVideoLayer (in target 'CallVideoLayer' from project 'CallVideoLayer')

SwiftDriver\ Compilation\ Requirements CallVideoLayer normal arm64 com.apple.xcode.tools.swift.compiler (in target 'CallVideoLayer' from project 'CallVideoLayer')
    cd /Users/buddhirajgautam/Documents/Cherrygram-Mac/macOS-Swift
    builtin-Swift-Compilation-Requirements -- /Applications/Xcode.app/Contents/Developer/Toolchains/XcodeDefault.xctoolchain/usr/bin/swiftc -parse-as-library -module-name CallVideoLayer -Onone @/Users/buddhirajgautam/Library/Developer/Xcode/DerivedData/Telegram-Mac-fygdgghdgmuleoelvxabfmqiotta/Build/Intermediates.noindex/CallVideoLayer.build/Debug/CallVideoLayer-t.build/Objects-normal/arm64/CallVideoLayer.SwiftFileList -DSWIFT_PACKAGE -DDEBUG -DSWIFT_MODULE_RESOURCE_BUNDLE_AVAILABLE -Xcc -fmodule-map-file\=/Users/buddhirajgautam/Library/Developer/Xcode/DerivedData/Telegram-Mac-fygdgghdgmuleoelvxabfmqiotta/Build/Intermediates.noindex/GeneratedModuleMaps/ShelfPack.modulemap -Xcc -fmodule-map-file\=/Users/buddhirajgautam/Library/Developer/Xcode/DerivedData/Telegram-Mac-fygdgghdgmuleoelvxabfmqiotta/Build/Intermediates.noindex/GeneratedModuleMaps/ObjcUtils.modulemap -DXcode -plugin-path /Applications/Xcode.app/Contents/Developer/Toolchains/XcodeDefault.xctoolchain/usr/lib/swift/host/plugins/testing -enable-experimental-feature DebugDescriptionMacro -sdk /Applications/Xcode.app/Contents/Developer/Platforms/MacOSX.platform/Developer/SDKs/MacOSX27.0.sdk -target arm64-apple-macos12.0 -g -module-cache-path /Users/buddhirajgautam/Library/Developer/Xcode/DerivedData/ModuleCache.noindex -Xfrontend -serialize-debugging-options -profile-coverage-mapping -profile-generate -enable-testing -index-store-path /Users/buddhirajgautam/Library/Developer/Xcode/DerivedData/Telegram-Mac-fygdgghdgmuleoelvxabfmqiotta/Index.noindex/DataStore -Xcc -D_LIBCPP_HARDENING_MODE\=_LIBCPP_HARDENING_MODE_DEBUG -swift-version 5 -I /Users/buddhirajgautam/Library/Developer/Xcode/DerivedData/Telegram-Mac-fygdgghdgmuleoelvxabfmqiotta/Build/Products/Debug -Isystem /Applications/Xcode.app/Contents/Developer/Platforms/MacOSX.platform/Developer/usr/lib -F /Users/buddhirajgautam/Library/Developer/Xcode/DerivedData/Telegram-Mac-fygdgghdgmuleoelvxabfmqiotta/Build/Products/Debug/PackageFrameworks -F /Users/buddhirajgautam/Library/Developer/Xcode/DerivedData/Telegram-Mac-fygdgghdgmuleoelvxabfmqiotta/Build/Products/Debug -F /Applications/Xcode.app/Contents/Developer/Platforms/MacOSX.platform/Developer/Library/Frameworks -c -j8 -enable-batch-mode -incremental -Xcc -ivfsstatcache -Xcc /Users/buddhirajgautam/Library/Developer/Xcode/DerivedData/SDKStatCaches.noindex/macosx27.0-26A425-e829b21a6f8c9b70876ba0858053c0447231f6df4def33e022ae2eb8f782df1a.sdkstatcache -output-file-map /Users/buddhirajgautam/Library/Developer/Xcode/DerivedData/Telegram-Mac-fygdgghdgmuleoelvxabfmqiotta/Build/Intermediates.noindex/CallVideoLayer.build/Debug/CallVideoLayer-t.build/Objects-normal/arm64/CallVideoLayer-OutputFileMap.json -save-temps -no-color-diagnostics -explicit-module-build -module-cache-path /Users/buddhirajgautam/Library/Developer/Xcode/DerivedData/Telegram-Mac-fygdgghdgmuleoelvxabfmqiotta/Build/Intermediates.noindex/SwiftExplicitPrecompiledModules -clang-scanner-module-cache-path /Users/buddhirajgautam/Library/Developer/Xcode/DerivedData/ModuleCache.noindex -sdk-module-cache-path /Users/buddhirajgautam/Library/Developer/Xcode/DerivedData/SDKExplicitPrecompiledModules -emit-dependencies -emit-module -emit-module-path /Users/buddhirajgautam/Library/Developer/Xcode/DerivedData/Telegram-Mac-fygdgghdgmuleoelvxabfmqiotta/Build/Intermediates.noindex/CallVideoLayer.build/Debug/CallVideoLayer-t.build/Objects-normal/arm64/CallVideoLayer.swiftmodule -serialize-diagnostics -dependency-scan-serialize-diagnostics-path /Users/buddhirajgautam/Library/Developer/Xcode/DerivedData/Telegram-Mac-fygdgghdgmuleoelvxabfmqiotta/Build/Intermediates.noindex/CallVideoLayer.build/Debug/CallVideoLayer-t.build/Objects-normal/arm64/CallVideoLayer-dependency-scan.dia -validate-clang-modules-once -clang-build-session-file /Users/buddhirajgautam/Library/Developer/Xcode/DerivedData/ModuleCache.noindex/Session.modulevalidation -Xcc -fmodules-prune-interval\=86400 -Xcc -fmodules-prune-after\=345600 -emit-const-values -const-gather-protocols-list /Users/buddhirajgautam/Library/Developer/Xcode/DerivedData/Telegram-Mac-fygdgghdgmuleoelvxabfmqiotta/Build/Intermediates.noindex/CallVideoLayer.build/Debug/CallVideoLayer-t.build/Objects-normal/arm64/CallVideoLayer_const_extract_protocols.json -Xcc -I/Users/buddhirajgautam/Documents/Cherrygram-Mac/macOS-Swift/submodules/telegram-ios/submodules/Utils/ShelfPack/PublicHeaders -Xcc -I/Users/buddhirajgautam/Documents/Cherrygram-Mac/macOS-Swift/packages/ObjcUtils/Sources/ObjcUtils -Xcc -I/Users/buddhirajgautam/Library/Developer/Xcode/DerivedData/Telegram-Mac-fygdgghdgmuleoelvxabfmqiotta/Build/Products/Debug/include -Xcc -I/Users/buddhirajgautam/Library/Developer/Xcode/DerivedData/Telegram-Mac-fygdgghdgmuleoelvxabfmqiotta/Build/Intermediates.noindex/CallVideoLayer.build/Debug/CallVideoLayer-t.build/DerivedSources-normal/arm64 -Xcc -I/Users/buddhirajgautam/Library/Developer/Xcode/DerivedData/Telegram-Mac-fygdgghdgmuleoelvxabfmqiotta/Build/Intermediates.noindex/CallVideoLayer.build/Debug/CallVideoLayer-t.build/DerivedSources/arm64 -Xcc -I/Users/buddhirajgautam/Library/Developer/Xcode/DerivedData/Telegram-Mac-fygdgghdgmuleoelvxabfmqiotta/Build/Intermediates.noindex/CallVideoLayer.build/Debug/CallVideoLayer-t.build/DerivedSources -Xcc -DSWIFT_PACKAGE -Xcc -DDEBUG\=1 -emit-objc-header -emit-objc-header-path /Users/buddhirajgautam/Library/Developer/Xcode/DerivedData/Telegram-Mac-fygdgghdgmuleoelvxabfmqiotta/Build/Intermediates.noindex/CallVideoLayer.build/Debug/CallVideoLayer-t.build/Objects-normal/arm64/CallVideoLayer-Swift.h -working-directory /Users/buddhirajgautam/Documents/Cherrygram-Mac/macOS-Swift -experimental-emit-module-separately -disable-cmo

SwiftCompile normal arm64 Compiling\ resource_bundle_accessor.swift /Users/buddhirajgautam/Library/Developer/Xcode/DerivedData/Telegram-Mac-fygdgghdgmuleoelvxabfmqiotta/Build/Intermediates.noindex/DustLayer.build/Debug/DustLayer-t.build/DerivedSources/resource_bundle_accessor.swift (in target 'DustLayer' from project 'DustLayer')

SwiftCompile normal arm64 /Users/buddhirajgautam/Library/Developer/Xcode/DerivedData/Telegram-Mac-fygdgghdgmuleoelvxabfmqiotta/Build/Intermediates.noindex/DustLayer.build/Debug/DustLayer-t.build/DerivedSources/resource_bundle_accessor.swift (in target 'DustLayer' from project 'DustLayer')
    cd /Users/buddhirajgautam/Documents/Cherrygram-Mac/macOS-Swift
    builtin-SwiftPerFileCompile resource_bundle_accessor.swift

SwiftMergeGeneratedHeaders /Users/buddhirajgautam/Library/Developer/Xcode/DerivedData/Telegram-Mac-fygdgghdgmuleoelvxabfmqiotta/Build/Intermediates.noindex/GeneratedModuleMaps/CallVideoLayer-Swift.h /Users/buddhirajgautam/Library/Developer/Xcode/DerivedData/Telegram-Mac-fygdgghdgmuleoelvxabfmqiotta/Build/Intermediates.noindex/CallVideoLayer.build/Debug/CallVideoLayer-t.build/Objects-normal/arm64/CallVideoLayer-Swift.h (in target 'CallVideoLayer' from project 'CallVideoLayer')
    cd /Users/buddhirajgautam/Documents/Cherrygram-Mac/macOS-Swift/packages/CallVideoLayer
    builtin-swiftHeaderTool -arch arm64 /Users/buddhirajgautam/Library/Developer/Xcode/DerivedData/Telegram-Mac-fygdgghdgmuleoelvxabfmqiotta/Build/Intermediates.noindex/CallVideoLayer.build/Debug/CallVideoLayer-t.build/Objects-normal/arm64/CallVideoLayer-Swift.h -o /Users/buddhirajgautam/Library/Developer/Xcode/DerivedData/Telegram-Mac-fygdgghdgmuleoelvxabfmqiotta/Build/Intermediates.noindex/GeneratedModuleMaps/CallVideoLayer-Swift.h

SwiftDriverJobDiscovery normal arm64 Compiling Receipt.swift (in target 'InAppPurchaseManager' from project 'InAppPurchaseManager')

Copy /Users/buddhirajgautam/Library/Developer/Xcode/DerivedData/Telegram-Mac-fygdgghdgmuleoelvxabfmqiotta/Build/Products/Debug/CallVideoLayer.swiftmodule/arm64-apple-macos.swiftmodule /Users/buddhirajgautam/Library/Developer/Xcode/DerivedData/Telegram-Mac-fygdgghdgmuleoelvxabfmqiotta/Build/Intermediates.noindex/CallVideoLayer.build/Debug/CallVideoLayer-t.build/Objects-normal/arm64/CallVideoLayer.swiftmodule (in target 'CallVideoLayer' from project 'CallVideoLayer')
    cd /Users/buddhirajgautam/Documents/Cherrygram-Mac/macOS-Swift/packages/CallVideoLayer
    builtin-copy -exclude .DS_Store -exclude CVS -exclude .svn -exclude .git -exclude .hg -resolve-src-symlinks -rename /Users/buddhirajgautam/Library/Developer/Xcode/DerivedData/Telegram-Mac-fygdgghdgmuleoelvxabfmqiotta/Build/Intermediates.noindex/CallVideoLayer.build/Debug/CallVideoLayer-t.build/Objects-normal/arm64/CallVideoLayer.swiftmodule /Users/buddhirajgautam/Library/Developer/Xcode/DerivedData/Telegram-Mac-fygdgghdgmuleoelvxabfmqiotta/Build/Products/Debug/CallVideoLayer.swiftmodule/arm64-apple-macos.swiftmodule

Copy /Users/buddhirajgautam/Library/Developer/Xcode/DerivedData/Telegram-Mac-fygdgghdgmuleoelvxabfmqiotta/Build/Products/Debug/CallVideoLayer.swiftmodule/arm64-apple-macos.swiftdoc /Users/buddhirajgautam/Library/Developer/Xcode/DerivedData/Telegram-Mac-fygdgghdgmuleoelvxabfmqiotta/Build/Intermediates.noindex/CallVideoLayer.build/Debug/CallVideoLayer-t.build/Objects-normal/arm64/CallVideoLayer.swiftdoc (in target 'CallVideoLayer' from project 'CallVideoLayer')
    cd /Users/buddhirajgautam/Documents/Cherrygram-Mac/macOS-Swift/packages/CallVideoLayer
    builtin-copy -exclude .DS_Store -exclude CVS -exclude .svn -exclude .git -exclude .hg -resolve-src-symlinks -rename /Users/buddhirajgautam/Library/Developer/Xcode/DerivedData/Telegram-Mac-fygdgghdgmuleoelvxabfmqiotta/Build/Intermediates.noindex/CallVideoLayer.build/Debug/CallVideoLayer-t.build/Objects-normal/arm64/CallVideoLayer.swiftdoc /Users/buddhirajgautam/Library/Developer/Xcode/DerivedData/Telegram-Mac-fygdgghdgmuleoelvxabfmqiotta/Build/Products/Debug/CallVideoLayer.swiftmodule/arm64-apple-macos.swiftdoc

Copy /Users/buddhirajgautam/Library/Developer/Xcode/DerivedData/Telegram-Mac-fygdgghdgmuleoelvxabfmqiotta/Build/Products/Debug/CallVideoLayer.swiftmodule/arm64-apple-macos.abi.json /Users/buddhirajgautam/Library/Developer/Xcode/DerivedData/Telegram-Mac-fygdgghdgmuleoelvxabfmqiotta/Build/Intermediates.noindex/CallVideoLayer.build/Debug/CallVideoLayer-t.build/Objects-normal/arm64/CallVideoLayer.abi.json (in target 'CallVideoLayer' from project 'CallVideoLayer')
    cd /Users/buddhirajgautam/Documents/Cherrygram-Mac/macOS-Swift/packages/CallVideoLayer
    builtin-copy -exclude .DS_Store -exclude CVS -exclude .svn -exclude .git -exclude .hg -resolve-src-symlinks -rename /Users/buddhirajgautam/Library/Developer/Xcode/DerivedData/Telegram-Mac-fygdgghdgmuleoelvxabfmqiotta/Build/Intermediates.noindex/CallVideoLayer.build/Debug/CallVideoLayer-t.build/Objects-normal/arm64/CallVideoLayer.abi.json /Users/buddhirajgautam/Library/Developer/Xcode/DerivedData/Telegram-Mac-fygdgghdgmuleoelvxabfmqiotta/Build/Products/Debug/CallVideoLayer.swiftmodule/arm64-apple-macos.abi.json

Copy /Users/buddhirajgautam/Library/Developer/Xcode/DerivedData/Telegram-Mac-fygdgghdgmuleoelvxabfmqiotta/Build/Products/Debug/CallVideoLayer.swiftmodule/Project/arm64-apple-macos.swiftsourceinfo /Users/buddhirajgautam/Library/Developer/Xcode/DerivedData/Telegram-Mac-fygdgghdgmuleoelvxabfmqiotta/Build/Intermediates.noindex/CallVideoLayer.build/Debug/CallVideoLayer-t.build/Objects-normal/arm64/CallVideoLayer.swiftsourceinfo (in target 'CallVideoLayer' from project 'CallVideoLayer')
    cd /Users/buddhirajgautam/Documents/Cherrygram-Mac/macOS-Swift/packages/CallVideoLayer
    builtin-copy -exclude .DS_Store -exclude CVS -exclude .svn -exclude .git -exclude .hg -resolve-src-symlinks -rename /Users/buddhirajgautam/Library/Developer/Xcode/DerivedData/Telegram-Mac-fygdgghdgmuleoelvxabfmqiotta/Build/Intermediates.noindex/CallVideoLayer.build/Debug/CallVideoLayer-t.build/Objects-normal/arm64/CallVideoLayer.swiftsourceinfo /Users/buddhirajgautam/Library/Developer/Xcode/DerivedData/Telegram-Mac-fygdgghdgmuleoelvxabfmqiotta/Build/Products/Debug/CallVideoLayer.swiftmodule/Project/arm64-apple-macos.swiftsourceinfo

RegisterExecutionPolicyException /Users/buddhirajgautam/Library/Developer/Xcode/DerivedData/Telegram-Mac-fygdgghdgmuleoelvxabfmqiotta/Build/Products/Debug/CodeSyntax.framework (in target 'CodeSyntax' from project 'CodeSyntax')
    cd /Users/buddhirajgautam/Documents/Cherrygram-Mac/macOS-Swift/submodules/CodeSyntax/CodeSyntax
    builtin-RegisterExecutionPolicyException /Users/buddhirajgautam/Library/Developer/Xcode/DerivedData/Telegram-Mac-fygdgghdgmuleoelvxabfmqiotta/Build/Products/Debug/CodeSyntax.framework

SwiftCompile normal arm64 Compiling\ CallBlobView.swift /Users/buddhirajgautam/Documents/Cherrygram-Mac/macOS-Swift/packages/CallVideoLayer/Sources/CallBlobView.swift (in target 'CallVideoLayer' from project 'CallVideoLayer')

SwiftCompile normal arm64 /Users/buddhirajgautam/Documents/Cherrygram-Mac/macOS-Swift/packages/CallVideoLayer/Sources/CallBlobView.swift (in target 'CallVideoLayer' from project 'CallVideoLayer')
    cd /Users/buddhirajgautam/Documents/Cherrygram-Mac/macOS-Swift
    builtin-SwiftPerFileCompile CallBlobView.swift

SwiftCompile normal arm64 Compiling\ CallBackgroundLayer.swift /Users/buddhirajgautam/Documents/Cherrygram-Mac/macOS-Swift/packages/CallVideoLayer/Sources/CallBackgroundLayer.swift (in target 'CallVideoLayer' from project 'CallVideoLayer')

SwiftCompile normal arm64 /Users/buddhirajgautam/Documents/Cherrygram-Mac/macOS-Swift/packages/CallVideoLayer/Sources/CallBackgroundLayer.swift (in target 'CallVideoLayer' from project 'CallVideoLayer')
    cd /Users/buddhirajgautam/Documents/Cherrygram-Mac/macOS-Swift
    builtin-SwiftPerFileCompile CallBackgroundLayer.swift

SwiftDriverJobDiscovery normal arm64 Compiling resource_bundle_accessor.swift (in target 'DustLayer' from project 'DustLayer')

Ld /Users/buddhirajgautam/Library/Developer/Xcode/DerivedData/Telegram-Mac-fygdgghdgmuleoelvxabfmqiotta/Build/Products/Debug/TelegramCore.o normal (in target 'TelegramCore' from project 'TelegramCore')
    cd /Users/buddhirajgautam/Documents/Cherrygram-Mac/macOS-Swift/submodules/telegram-ios/submodules/TelegramCore
    /Applications/Xcode.app/Contents/Developer/Toolchains/XcodeDefault.xctoolchain/usr/bin/clang -Xlinker -reproducible -target arm64-apple-macos12.0 -r -isysroot /Applications/Xcode.app/Contents/Developer/Platforms/MacOSX.platform/Developer/SDKs/MacOSX27.0.sdk -O0 -Xlinker -no_warn_duplicate_libraries -F/Users/buddhirajgautam/Library/Developer/Xcode/DerivedData/Telegram-Mac-fygdgghdgmuleoelvxabfmqiotta/Build/Intermediates.noindex/EagerLinkingTBDs/Debug -F/Users/buddhirajgautam/Library/Developer/Xcode/DerivedData/Telegram-Mac-fygdgghdgmuleoelvxabfmqiotta/Build/Products/Debug/PackageFrameworks -F/Users/buddhirajgautam/Library/Developer/Xcode/DerivedData/Telegram-Mac-fygdgghdgmuleoelvxabfmqiotta/Build/Products/Debug -iframework /Applications/Xcode.app/Contents/Developer/Platforms/MacOSX.platform/Developer/Library/Frameworks -filelist /Users/buddhirajgautam/Library/Developer/Xcode/DerivedData/Telegram-Mac-fygdgghdgmuleoelvxabfmqiotta/Build/Intermediates.noindex/TelegramCore.build/Debug/TelegramCore-t.build/Objects-normal/arm64/TelegramCore.LinkFileList -nostdlib -Xlinker -object_path_lto -Xlinker /Users/buddhirajgautam/Library/Developer/Xcode/DerivedData/Telegram-Mac-fygdgghdgmuleoelvxabfmqiotta/Build/Intermediates.noindex/TelegramCore.build/Debug/TelegramCore-t.build/Objects-normal/arm64/TelegramCore_lto.o -Xlinker -no_deduplicate -Xlinker -debug_variant -Xlinker -dependency_info -Xlinker /Users/buddhirajgautam/Library/Developer/Xcode/DerivedData/Telegram-Mac-fygdgghdgmuleoelvxabfmqiotta/Build/Intermediates.noindex/TelegramCore.build/Debug/TelegramCore-t.build/Objects-normal/arm64/TelegramCore_dependency_info.dat -fobjc-link-runtime -L/Applications/Xcode.app/Contents/Developer/Toolchains/XcodeDefault.xctoolchain/usr/lib/swift/macosx -L/usr/lib/swift -Xlinker -add_ast_path -Xlinker /Users/buddhirajgautam/Library/Developer/Xcode/DerivedData/Telegram-Mac-fygdgghdgmuleoelvxabfmqiotta/Build/Intermediates.noindex/TelegramCore.build/Debug/TelegramCore-t.build/Objects-normal/arm64/TelegramCore.swiftmodule -o /Users/buddhirajgautam/Library/Developer/Xcode/DerivedData/Telegram-Mac-fygdgghdgmuleoelvxabfmqiotta/Build/Products/Debug/TelegramCore.o

SwiftDriverJobDiscovery normal arm64 Compiling CallBlobView.swift (in target 'CallVideoLayer' from project 'CallVideoLayer')

Ld /Users/buddhirajgautam/Library/Developer/Xcode/DerivedData/Telegram-Mac-fygdgghdgmuleoelvxabfmqiotta/Build/Products/Debug/GoogleDataTransport.o normal (in target 'GoogleDataTransport' from project 'GoogleDataTransport')
    cd /Users/buddhirajgautam/Library/Developer/Xcode/DerivedData/Telegram-Mac-fygdgghdgmuleoelvxabfmqiotta/SourcePackages/checkouts/GoogleDataTransport
    /Applications/Xcode.app/Contents/Developer/Toolchains/XcodeDefault.xctoolchain/usr/bin/clang -Xlinker -reproducible -target arm64-apple-macos12.0 -r -isysroot /Applications/Xcode.app/Contents/Developer/Platforms/MacOSX.platform/Developer/SDKs/MacOSX27.0.sdk -O0 -w -Xlinker -no_warn_duplicate_libraries -F/Users/buddhirajgautam/Library/Developer/Xcode/DerivedData/Telegram-Mac-fygdgghdgmuleoelvxabfmqiotta/Build/Intermediates.noindex/EagerLinkingTBDs/Debug -F/Users/buddhirajgautam/Library/Developer/Xcode/DerivedData/Telegram-Mac-fygdgghdgmuleoelvxabfmqiotta/Build/Products/Debug/PackageFrameworks -F/Users/buddhirajgautam/Library/Developer/Xcode/DerivedData/Telegram-Mac-fygdgghdgmuleoelvxabfmqiotta/Build/Products/Debug -iframework /Applications/Xcode.app/Contents/Developer/Platforms/MacOSX.platform/Developer/Library/Frameworks -filelist /Users/buddhirajgautam/Library/Developer/Xcode/DerivedData/Telegram-Mac-fygdgghdgmuleoelvxabfmqiotta/Build/Intermediates.noindex/GoogleDataTransport.build/Debug/GoogleDataTransport-t.build/Objects-normal/arm64/GoogleDataTransport.LinkFileList -nostdlib -Xlinker -object_path_lto -Xlinker /Users/buddhirajgautam/Library/Developer/Xcode/DerivedData/Telegram-Mac-fygdgghdgmuleoelvxabfmqiotta/Build/Intermediates.noindex/GoogleDataTransport.build/Debug/GoogleDataTransport-t.build/Objects-normal/arm64/GoogleDataTransport_lto.o -Xlinker -no_deduplicate -Xlinker -debug_variant -Xlinker -dependency_info -Xlinker /Users/buddhirajgautam/Library/Developer/Xcode/DerivedData/Telegram-Mac-fygdgghdgmuleoelvxabfmqiotta/Build/Intermediates.noindex/GoogleDataTransport.build/Debug/GoogleDataTransport-t.build/Objects-normal/arm64/GoogleDataTransport_dependency_info.dat -fobjc-arc -fobjc-link-runtime -o /Users/buddhirajgautam/Library/Developer/Xcode/DerivedData/Telegram-Mac-fygdgghdgmuleoelvxabfmqiotta/Build/Products/Debug/GoogleDataTransport.o

SwiftCompile normal arm64 Compiling\ PrivateCallVideoLayer.swift /Users/buddhirajgautam/Documents/Cherrygram-Mac/macOS-Swift/packages/CallVideoLayer/Sources/PrivateCallVideoLayer.swift (in target 'CallVideoLayer' from project 'CallVideoLayer')

SwiftCompile normal arm64 /Users/buddhirajgautam/Documents/Cherrygram-Mac/macOS-Swift/packages/CallVideoLayer/Sources/PrivateCallVideoLayer.swift (in target 'CallVideoLayer' from project 'CallVideoLayer')
    cd /Users/buddhirajgautam/Documents/Cherrygram-Mac/macOS-Swift
    builtin-SwiftPerFileCompile PrivateCallVideoLayer.swift

SwiftDriverJobDiscovery normal arm64 Compiling ChatTextInputAttribute.swift (in target 'InputView' from project 'InputView')

SwiftCompile normal arm64 Compiling\ resource_bundle_accessor.swift,\ Animation.swift /Users/buddhirajgautam/Library/Developer/Xcode/DerivedData/Telegram-Mac-fygdgghdgmuleoelvxabfmqiotta/Build/Intermediates.noindex/CallVideoLayer.build/Debug/CallVideoLayer-t.build/DerivedSources/resource_bundle_accessor.swift /Users/buddhirajgautam/Documents/Cherrygram-Mac/macOS-Swift/packages/CallVideoLayer/Sources/Animation/Animation.swift (in target 'CallVideoLayer' from project 'CallVideoLayer')

SwiftCompile normal arm64 /Users/buddhirajgautam/Library/Developer/Xcode/DerivedData/Telegram-Mac-fygdgghdgmuleoelvxabfmqiotta/Build/Intermediates.noindex/CallVideoLayer.build/Debug/CallVideoLayer-t.build/DerivedSources/resource_bundle_accessor.swift (in target 'CallVideoLayer' from project 'CallVideoLayer')
    cd /Users/buddhirajgautam/Documents/Cherrygram-Mac/macOS-Swift
    builtin-SwiftPerFileCompile resource_bundle_accessor.swift

SwiftCompile normal arm64 /Users/buddhirajgautam/Documents/Cherrygram-Mac/macOS-Swift/packages/CallVideoLayer/Sources/Animation/Animation.swift (in target 'CallVideoLayer' from project 'CallVideoLayer')
    cd /Users/buddhirajgautam/Documents/Cherrygram-Mac/macOS-Swift
    builtin-SwiftPerFileCompile Animation.swift

Ld /Users/buddhirajgautam/Library/Developer/Xcode/DerivedData/Telegram-Mac-fygdgghdgmuleoelvxabfmqiotta/Build/Products/Debug/ColorPalette.o normal (in target 'ColorPalette' from project 'ColorPalette')
    cd /Users/buddhirajgautam/Documents/Cherrygram-Mac/macOS-Swift/packages/ColorPalette
    /Applications/Xcode.app/Contents/Developer/Toolchains/XcodeDefault.xctoolchain/usr/bin/clang -Xlinker -reproducible -target arm64-apple-macos12.0 -r -isysroot /Applications/Xcode.app/Contents/Developer/Platforms/MacOSX.platform/Developer/SDKs/MacOSX27.0.sdk -O0 -Xlinker -no_warn_duplicate_libraries -F/Users/buddhirajgautam/Library/Developer/Xcode/DerivedData/Telegram-Mac-fygdgghdgmuleoelvxabfmqiotta/Build/Intermediates.noindex/EagerLinkingTBDs/Debug -F/Users/buddhirajgautam/Library/Developer/Xcode/DerivedData/Telegram-Mac-fygdgghdgmuleoelvxabfmqiotta/Build/Products/Debug/PackageFrameworks -F/Users/buddhirajgautam/Library/Developer/Xcode/DerivedData/Telegram-Mac-fygdgghdgmuleoelvxabfmqiotta/Build/Products/Debug -iframework /Applications/Xcode.app/Contents/Developer/Platforms/MacOSX.platform/Developer/Library/Frameworks -filelist /Users/buddhirajgautam/Library/Developer/Xcode/DerivedData/Telegram-Mac-fygdgghdgmuleoelvxabfmqiotta/Build/Intermediates.noindex/ColorPalette.build/Debug/ColorPalette-t.build/Objects-normal/arm64/ColorPalette.LinkFileList -nostdlib -Xlinker -object_path_lto -Xlinker /Users/buddhirajgautam/Library/Developer/Xcode/DerivedData/Telegram-Mac-fygdgghdgmuleoelvxabfmqiotta/Build/Intermediates.noindex/ColorPalette.build/Debug/ColorPalette-t.build/Objects-normal/arm64/ColorPalette_lto.o -Xlinker -no_deduplicate -Xlinker -debug_variant -Xlinker -dependency_info -Xlinker /Users/buddhirajgautam/Library/Developer/Xcode/DerivedData/Telegram-Mac-fygdgghdgmuleoelvxabfmqiotta/Build/Intermediates.noindex/ColorPalette.build/Debug/ColorPalette-t.build/Objects-normal/arm64/ColorPalette_dependency_info.dat -fobjc-link-runtime -L/Applications/Xcode.app/Contents/Developer/Toolchains/XcodeDefault.xctoolchain/usr/lib/swift/macosx -L/usr/lib/swift -Xlinker -add_ast_path -Xlinker /Users/buddhirajgautam/Library/Developer/Xcode/DerivedData/Telegram-Mac-fygdgghdgmuleoelvxabfmqiotta/Build/Intermediates.noindex/ColorPalette.build/Debug/ColorPalette-t.build/Objects-normal/arm64/ColorPalette.swiftmodule -o /Users/buddhirajgautam/Library/Developer/Xcode/DerivedData/Telegram-Mac-fygdgghdgmuleoelvxabfmqiotta/Build/Products/Debug/ColorPalette.o

SwiftDriverJobDiscovery normal arm64 Compiling ThemeSettings.swift (in target 'ThemeSettings' from project 'ThemeSettings')

SwiftDriver\ Compilation ThemeSettings normal arm64 com.apple.xcode.tools.swift.compiler (in target 'ThemeSettings' from project 'ThemeSettings')
    cd /Users/buddhirajgautam/Documents/Cherrygram-Mac/macOS-Swift
    builtin-Swift-Compilation -- /Applications/Xcode.app/Contents/Developer/Toolchains/XcodeDefault.xctoolchain/usr/bin/swiftc -parse-as-library -module-name ThemeSettings -Onone @/Users/buddhirajgautam/Library/Developer/Xcode/DerivedData/Telegram-Mac-fygdgghdgmuleoelvxabfmqiotta/Build/Intermediates.noindex/ThemeSettings.build/Debug/ThemeSettings-t.build/Objects-normal/arm64/ThemeSettings.SwiftFileList -DSWIFT_PACKAGE -DDEBUG -DSWIFT_MODULE_RESOURCE_BUNDLE_UNAVAILABLE -Xcc -fmodule-map-file\=/Users/buddhirajgautam/Library/Developer/Xcode/DerivedData/Telegram-Mac-fygdgghdgmuleoelvxabfmqiotta/Build/Intermediates.noindex/GeneratedModuleMaps/MurMurHash32.modulemap -Xcc -fmodule-map-file\=/Users/buddhirajgautam/Library/Developer/Xcode/DerivedData/Telegram-Mac-fygdgghdgmuleoelvxabfmqiotta/Build/Intermediates.noindex/GeneratedModuleMaps/sqlcipher.modulemap -Xcc -fmodule-map-file\=/Users/buddhirajgautam/Library/Developer/Xcode/DerivedData/Telegram-Mac-fygdgghdgmuleoelvxabfmqiotta/Build/Intermediates.noindex/GeneratedModuleMaps/StringTransliteration.modulemap -Xcc -fmodule-map-file\=/Users/buddhirajgautam/Library/Developer/Xcode/DerivedData/Telegram-Mac-fygdgghdgmuleoelvxabfmqiotta/Build/Intermediates.noindex/GeneratedModuleMaps/Crc32.modulemap -Xcc -fmodule-map-file\=/Users/buddhirajgautam/Library/Developer/Xcode/DerivedData/Telegram-Mac-fygdgghdgmuleoelvxabfmqiotta/Build/Intermediates.noindex/GeneratedModuleMaps/ObjcUtils.modulemap -Xcc -fmodule-map-file\=/Users/buddhirajgautam/Library/Developer/Xcode/DerivedData/Telegram-Mac-fygdgghdgmuleoelvxabfmqiotta/Build/Intermediates.noindex/GeneratedModuleMaps/MtProtoKit.modulemap -Xcc -fmodule-map-file\=/Users/buddhirajgautam/Library/Developer/Xcode/DerivedData/Telegram-Mac-fygdgghdgmuleoelvxabfmqiotta/Build/Intermediates.noindex/GeneratedModuleMaps/CryptoUtils.modulemap -Xcc -fmodule-map-file\=/Users/buddhirajgautam/Library/Developer/Xcode/DerivedData/Telegram-Mac-fygdgghdgmuleoelvxabfmqiotta/Build/Intermediates.noindex/GeneratedModuleMaps/NetworkLogging.modulemap -Xcc -fmodule-map-file\=/Users/buddhirajgautam/Library/Developer/Xcode/DerivedData/Telegram-Mac-fygdgghdgmuleoelvxabfmqiotta/Build/Intermediates.noindex/GeneratedModuleMaps/DarwinDirStat.modulemap -Xcc -fmodule-map-file\=/Users/buddhirajgautam/Library/Developer/Xcode/DerivedData/Telegram-Mac-fygdgghdgmuleoelvxabfmqiotta/Build/Intermediates.noindex/GeneratedModuleMaps/LegacyReachability.modulemap -Xcc -fmodule-map-file\=/Users/buddhirajgautam/Library/Developer/Xcode/DerivedData/Telegram-Mac-fygdgghdgmuleoelvxabfmqiotta/Build/Intermediates.noindex/GeneratedModuleMaps/EncryptionProvider.modulemap -DXcode -plugin-path /Applications/Xcode.app/Contents/Developer/Toolchains/XcodeDefault.xctoolchain/usr/lib/swift/host/plugins/testing -enable-experimental-feature DebugDescriptionMacro -sdk /Applications/Xcode.app/Contents/Developer/Platforms/MacOSX.platform/Developer/SDKs/MacOSX27.0.sdk -target arm64-apple-macos12.0 -g -module-cache-path /Users/buddhirajgautam/Library/Developer/Xcode/DerivedData/ModuleCache.noindex -Xfrontend -serialize-debugging-options -profile-coverage-mapping -profile-generate -enable-testing -index-store-path /Users/buddhirajgautam/Library/Developer/Xcode/DerivedData/Telegram-Mac-fygdgghdgmuleoelvxabfmqiotta/Index.noindex/DataStore -Xcc -D_LIBCPP_HARDENING_MODE\=_LIBCPP_HARDENING_MODE_DEBUG -swift-version 5 -I /Users/buddhirajgautam/Library/Developer/Xcode/DerivedData/Telegram-Mac-fygdgghdgmuleoelvxabfmqiotta/Build/Products/Debug -Isystem /Applications/Xcode.app/Contents/Developer/Platforms/MacOSX.platform/Developer/usr/lib -F /Users/buddhirajgautam/Library/Developer/Xcode/DerivedData/Telegram-Mac-fygdgghdgmuleoelvxabfmqiotta/Build/Products/Debug/PackageFrameworks -F /Users/buddhirajgautam/Library/Developer/Xcode/DerivedData/Telegram-Mac-fygdgghdgmuleoelvxabfmqiotta/Build/Products/Debug -F /Applications/Xcode.app/Contents/Developer/Platforms/MacOSX.platform/Developer/Library/Frameworks -c -j8 -enable-batch-mode -incremental -Xcc -ivfsstatcache -Xcc /Users/buddhirajgautam/Library/Developer/Xcode/DerivedData/SDKStatCaches.noindex/macosx27.0-26A425-e829b21a6f8c9b70876ba0858053c0447231f6df4def33e022ae2eb8f782df1a.sdkstatcache -output-file-map /Users/buddhirajgautam/Library/Developer/Xcode/DerivedData/Telegram-Mac-fygdgghdgmuleoelvxabfmqiotta/Build/Intermediates.noindex/ThemeSettings.build/Debug/ThemeSettings-t.build/Objects-normal/arm64/ThemeSettings-OutputFileMap.json -save-temps -no-color-diagnostics -explicit-module-build -module-cache-path /Users/buddhirajgautam/Library/Developer/Xcode/DerivedData/Telegram-Mac-fygdgghdgmuleoelvxabfmqiotta/Build/Intermediates.noindex/SwiftExplicitPrecompiledModules -clang-scanner-module-cache-path /Users/buddhirajgautam/Library/Developer/Xcode/DerivedData/ModuleCache.noindex -sdk-module-cache-path /Users/buddhirajgautam/Library/Developer/Xcode/DerivedData/SDKExplicitPrecompiledModules -emit-dependencies -emit-module -emit-module-path /Users/buddhirajgautam/Library/Developer/Xcode/DerivedData/Telegram-Mac-fygdgghdgmuleoelvxabfmqiotta/Build/Intermediates.noindex/ThemeSettings.build/Debug/ThemeSettings-t.build/Objects-normal/arm64/ThemeSettings.swiftmodule -serialize-diagnostics -dependency-scan-serialize-diagnostics-path /Users/buddhirajgautam/Library/Developer/Xcode/DerivedData/Telegram-Mac-fygdgghdgmuleoelvxabfmqiotta/Build/Intermediates.noindex/ThemeSettings.build/Debug/ThemeSettings-t.build/Objects-normal/arm64/ThemeSettings-dependency-scan.dia -validate-clang-modules-once -clang-build-session-file /Users/buddhirajgautam/Library/Developer/Xcode/DerivedData/ModuleCache.noindex/Session.modulevalidation -Xcc -fmodules-prune-interval\=86400 -Xcc -fmodules-prune-after\=345600 -emit-const-values -const-gather-protocols-list /Users/buddhirajgautam/Library/Developer/Xcode/DerivedData/Telegram-Mac-fygdgghdgmuleoelvxabfmqiotta/Build/Intermediates.noindex/ThemeSettings.build/Debug/ThemeSettings-t.build/Objects-normal/arm64/ThemeSettings_const_extract_protocols.json -Xcc -I/Users/buddhirajgautam/Documents/Cherrygram-Mac/macOS-Swift/submodules/telegram-ios/submodules/MurMurHash32/PublicHeaders -Xcc -I/Users/buddhirajgautam/Documents/Cherrygram-Mac/macOS-Swift/submodules/telegram-ios/submodules/sqlcipher/PublicHeaders -Xcc -I/Users/buddhirajgautam/Documents/Cherrygram-Mac/macOS-Swift/submodules/telegram-ios/submodules/StringTransliteration/PublicHeaders -Xcc -I/Users/buddhirajgautam/Documents/Cherrygram-Mac/macOS-Swift/submodules/telegram-ios/submodules/Crc32/PublicHeaders -Xcc -I/Users/buddhirajgautam/Documents/Cherrygram-Mac/macOS-Swift/packages/ObjcUtils/Sources/ObjcUtils -Xcc -I/Users/buddhirajgautam/Documents/Cherrygram-Mac/macOS-Swift/submodules/telegram-ios/submodules/MtProtoKit/PublicHeaders -Xcc -I/Users/buddhirajgautam/Documents/Cherrygram-Mac/macOS-Swift/submodules/telegram-ios/submodules/CryptoUtils/PublicHeaders -Xcc -I/Users/buddhirajgautam/Documents/Cherrygram-Mac/macOS-Swift/submodules/telegram-ios/submodules/NetworkLogging/PublicHeaders -Xcc -I/Users/buddhirajgautam/Documents/Cherrygram-Mac/macOS-Swift/submodules/telegram-ios/submodules/Utils/DarwinDirStat/PublicHeaders -Xcc -I/Users/buddhirajgautam/Documents/Cherrygram-Mac/macOS-Swift/submodules/telegram-ios/submodules/Reachability/LegacyReachability/PublicHeaders -Xcc -I/Users/buddhirajgautam/Documents/Cherrygram-Mac/macOS-Swift/submodules/telegram-ios/submodules/EncryptionProvider/PublicHeaders -Xcc -I/Users/buddhirajgautam/Library/Developer/Xcode/DerivedData/Telegram-Mac-fygdgghdgmuleoelvxabfmqiotta/Build/Products/Debug/include -Xcc -I/Users/buddhirajgautam/Library/Developer/Xcode/DerivedData/Telegram-Mac-fygdgghdgmuleoelvxabfmqiotta/Build/Intermediates.noindex/ThemeSettings.build/Debug/ThemeSettings-t.build/DerivedSources-normal/arm64 -Xcc -I/Users/buddhirajgautam/Library/Developer/Xcode/DerivedData/Telegram-Mac-fygdgghdgmuleoelvxabfmqiotta/Build/Intermediates.noindex/ThemeSettings.build/Debug/ThemeSettings-t.build/DerivedSources/arm64 -Xcc -I/Users/buddhirajgautam/Library/Developer/Xcode/DerivedData/Telegram-Mac-fygdgghdgmuleoelvxabfmqiotta/Build/Intermediates.noindex/ThemeSettings.build/Debug/ThemeSettings-t.build/DerivedSources -Xcc -DSWIFT_PACKAGE -Xcc -DDEBUG\=1 -emit-objc-header -emit-objc-header-path /Users/buddhirajgautam/Library/Developer/Xcode/DerivedData/Telegram-Mac-fygdgghdgmuleoelvxabfmqiotta/Build/Intermediates.noindex/ThemeSettings.build/Debug/ThemeSettings-t.build/Objects-normal/arm64/ThemeSettings-Swift.h -working-directory /Users/buddhirajgautam/Documents/Cherrygram-Mac/macOS-Swift -experimental-emit-module-separately -disable-cmo

SwiftDriverJobDiscovery normal arm64 Compiling DustLayer.swift (in target 'DustLayer' from project 'DustLayer')

SwiftCompile normal arm64 Compiling\ VideoSource.swift /Users/buddhirajgautam/Documents/Cherrygram-Mac/macOS-Swift/packages/CallVideoLayer/Sources/VideoSource.swift (in target 'CallVideoLayer' from project 'CallVideoLayer')

SwiftCompile normal arm64 /Users/buddhirajgautam/Documents/Cherrygram-Mac/macOS-Swift/packages/CallVideoLayer/Sources/VideoSource.swift (in target 'CallVideoLayer' from project 'CallVideoLayer')
    cd /Users/buddhirajgautam/Documents/Cherrygram-Mac/macOS-Swift
    builtin-SwiftPerFileCompile VideoSource.swift

SwiftCompile normal arm64 Compiling\ MetalCallVideoView.swift /Users/buddhirajgautam/Documents/Cherrygram-Mac/macOS-Swift/packages/CallVideoLayer/Sources/MetalCallVideoView.swift (in target 'CallVideoLayer' from project 'CallVideoLayer')

SwiftCompile normal arm64 /Users/buddhirajgautam/Documents/Cherrygram-Mac/macOS-Swift/packages/CallVideoLayer/Sources/MetalCallVideoView.swift (in target 'CallVideoLayer' from project 'CallVideoLayer')
    cd /Users/buddhirajgautam/Documents/Cherrygram-Mac/macOS-Swift
    builtin-SwiftPerFileCompile MetalCallVideoView.swift

SwiftDriver\ Compilation DustLayer normal arm64 com.apple.xcode.tools.swift.compiler (in target 'DustLayer' from project 'DustLayer')
    cd /Users/buddhirajgautam/Documents/Cherrygram-Mac/macOS-Swift
    builtin-Swift-Compilation -- /Applications/Xcode.app/Contents/Developer/Toolchains/XcodeDefault.xctoolchain/usr/bin/swiftc -parse-as-library -module-name DustLayer -Onone @/Users/buddhirajgautam/Library/Developer/Xcode/DerivedData/Telegram-Mac-fygdgghdgmuleoelvxabfmqiotta/Build/Intermediates.noindex/DustLayer.build/Debug/DustLayer-t.build/Objects-normal/arm64/DustLayer.SwiftFileList -DSWIFT_PACKAGE -DDEBUG -DSWIFT_MODULE_RESOURCE_BUNDLE_AVAILABLE -Xcc -fmodule-map-file\=/Users/buddhirajgautam/Library/Developer/Xcode/DerivedData/Telegram-Mac-fygdgghdgmuleoelvxabfmqiotta/Build/Intermediates.noindex/GeneratedModuleMaps/ShelfPack.modulemap -Xcc -fmodule-map-file\=/Users/buddhirajgautam/Library/Developer/Xcode/DerivedData/Telegram-Mac-fygdgghdgmuleoelvxabfmqiotta/Build/Intermediates.noindex/GeneratedModuleMaps/ObjcUtils.modulemap -DXcode -plugin-path /Applications/Xcode.app/Contents/Developer/Toolchains/XcodeDefault.xctoolchain/usr/lib/swift/host/plugins/testing -enable-experimental-feature DebugDescriptionMacro -sdk /Applications/Xcode.app/Contents/Developer/Platforms/MacOSX.platform/Developer/SDKs/MacOSX27.0.sdk -target arm64-apple-macos12.0 -g -module-cache-path /Users/buddhirajgautam/Library/Developer/Xcode/DerivedData/ModuleCache.noindex -Xfrontend -serialize-debugging-options -profile-coverage-mapping -profile-generate -enable-testing -index-store-path /Users/buddhirajgautam/Library/Developer/Xcode/DerivedData/Telegram-Mac-fygdgghdgmuleoelvxabfmqiotta/Index.noindex/DataStore -Xcc -D_LIBCPP_HARDENING_MODE\=_LIBCPP_HARDENING_MODE_DEBUG -swift-version 5 -I /Users/buddhirajgautam/Library/Developer/Xcode/DerivedData/Telegram-Mac-fygdgghdgmuleoelvxabfmqiotta/Build/Products/Debug -Isystem /Applications/Xcode.app/Contents/Developer/Platforms/MacOSX.platform/Developer/usr/lib -F /Users/buddhirajgautam/Library/Developer/Xcode/DerivedData/Telegram-Mac-fygdgghdgmuleoelvxabfmqiotta/Build/Products/Debug/PackageFrameworks -F /Users/buddhirajgautam/Library/Developer/Xcode/DerivedData/Telegram-Mac-fygdgghdgmuleoelvxabfmqiotta/Build/Products/Debug -F /Applications/Xcode.app/Contents/Developer/Platforms/MacOSX.platform/Developer/Library/Frameworks -c -j8 -enable-batch-mode -incremental -Xcc -ivfsstatcache -Xcc /Users/buddhirajgautam/Library/Developer/Xcode/DerivedData/SDKStatCaches.noindex/macosx27.0-26A425-e829b21a6f8c9b70876ba0858053c0447231f6df4def33e022ae2eb8f782df1a.sdkstatcache -output-file-map /Users/buddhirajgautam/Library/Developer/Xcode/DerivedData/Telegram-Mac-fygdgghdgmuleoelvxabfmqiotta/Build/Intermediates.noindex/DustLayer.build/Debug/DustLayer-t.build/Objects-normal/arm64/DustLayer-OutputFileMap.json -save-temps -no-color-diagnostics -explicit-module-build -module-cache-path /Users/buddhirajgautam/Library/Developer/Xcode/DerivedData/Telegram-Mac-fygdgghdgmuleoelvxabfmqiotta/Build/Intermediates.noindex/SwiftExplicitPrecompiledModules -clang-scanner-module-cache-path /Users/buddhirajgautam/Library/Developer/Xcode/DerivedData/ModuleCache.noindex -sdk-module-cache-path /Users/buddhirajgautam/Library/Developer/Xcode/DerivedData/SDKExplicitPrecompiledModules -emit-dependencies -emit-module -emit-module-path /Users/buddhirajgautam/Library/Developer/Xcode/DerivedData/Telegram-Mac-fygdgghdgmuleoelvxabfmqiotta/Build/Intermediates.noindex/DustLayer.build/Debug/DustLayer-t.build/Objects-normal/arm64/DustLayer.swiftmodule -serialize-diagnostics -dependency-scan-serialize-diagnostics-path /Users/buddhirajgautam/Library/Developer/Xcode/DerivedData/Telegram-Mac-fygdgghdgmuleoelvxabfmqiotta/Build/Intermediates.noindex/DustLayer.build/Debug/DustLayer-t.build/Objects-normal/arm64/DustLayer-dependency-scan.dia -validate-clang-modules-once -clang-build-session-file /Users/buddhirajgautam/Library/Developer/Xcode/DerivedData/ModuleCache.noindex/Session.modulevalidation -Xcc -fmodules-prune-interval\=86400 -Xcc -fmodules-prune-after\=345600 -emit-const-values -const-gather-protocols-list /Users/buddhirajgautam/Library/Developer/Xcode/DerivedData/Telegram-Mac-fygdgghdgmuleoelvxabfmqiotta/Build/Intermediates.noindex/DustLayer.build/Debug/DustLayer-t.build/Objects-normal/arm64/DustLayer_const_extract_protocols.json -Xcc -I/Users/buddhirajgautam/Documents/Cherrygram-Mac/macOS-Swift/submodules/telegram-ios/submodules/Utils/ShelfPack/PublicHeaders -Xcc -I/Users/buddhirajgautam/Documents/Cherrygram-Mac/macOS-Swift/packages/ObjcUtils/Sources/ObjcUtils -Xcc -I/Users/buddhirajgautam/Library/Developer/Xcode/DerivedData/Telegram-Mac-fygdgghdgmuleoelvxabfmqiotta/Build/Products/Debug/include -Xcc -I/Users/buddhirajgautam/Library/Developer/Xcode/DerivedData/Telegram-Mac-fygdgghdgmuleoelvxabfmqiotta/Build/Intermediates.noindex/DustLayer.build/Debug/DustLayer-t.build/DerivedSources-normal/arm64 -Xcc -I/Users/buddhirajgautam/Library/Developer/Xcode/DerivedData/Telegram-Mac-fygdgghdgmuleoelvxabfmqiotta/Build/Intermediates.noindex/DustLayer.build/Debug/DustLayer-t.build/DerivedSources/arm64 -Xcc -I/Users/buddhirajgautam/Library/Developer/Xcode/DerivedData/Telegram-Mac-fygdgghdgmuleoelvxabfmqiotta/Build/Intermediates.noindex/DustLayer.build/Debug/DustLayer-t.build/DerivedSources -Xcc -DSWIFT_PACKAGE -Xcc -DDEBUG\=1 -emit-objc-header -emit-objc-header-path /Users/buddhirajgautam/Library/Developer/Xcode/DerivedData/Telegram-Mac-fygdgghdgmuleoelvxabfmqiotta/Build/Intermediates.noindex/DustLayer.build/Debug/DustLayer-t.build/Objects-normal/arm64/DustLayer-Swift.h -working-directory /Users/buddhirajgautam/Documents/Cherrygram-Mac/macOS-Swift -experimental-emit-module-separately -disable-cmo

SwiftDriverJobDiscovery normal arm64 Compiling InAppPurchaseManager.swift (in target 'InAppPurchaseManager' from project 'InAppPurchaseManager')

SwiftCompile normal arm64 Compiling\ CallBlobsLayer.swift /Users/buddhirajgautam/Documents/Cherrygram-Mac/macOS-Swift/packages/CallVideoLayer/Sources/CallBlobsLayer.swift (in target 'CallVideoLayer' from project 'CallVideoLayer')

SwiftCompile normal arm64 /Users/buddhirajgautam/Documents/Cherrygram-Mac/macOS-Swift/packages/CallVideoLayer/Sources/CallBlobsLayer.swift (in target 'CallVideoLayer' from project 'CallVideoLayer')
    cd /Users/buddhirajgautam/Documents/Cherrygram-Mac/macOS-Swift
    builtin-SwiftPerFileCompile CallBlobsLayer.swift

SwiftDriver\ Compilation InAppPurchaseManager normal arm64 com.apple.xcode.tools.swift.compiler (in target 'InAppPurchaseManager' from project 'InAppPurchaseManager')
    cd /Users/buddhirajgautam/Documents/Cherrygram-Mac/macOS-Swift
    builtin-Swift-Compilation -- /Applications/Xcode.app/Contents/Developer/Toolchains/XcodeDefault.xctoolchain/usr/bin/swiftc -parse-as-library -module-name InAppPurchaseManager -Onone @/Users/buddhirajgautam/Library/Developer/Xcode/DerivedData/Telegram-Mac-fygdgghdgmuleoelvxabfmqiotta/Build/Intermediates.noindex/InAppPurchaseManager.build/Debug/InAppPurchaseManager-t.build/Objects-normal/arm64/InAppPurchaseManager.SwiftFileList -DSWIFT_PACKAGE -DDEBUG -DSWIFT_MODULE_RESOURCE_BUNDLE_UNAVAILABLE -Xcc -fmodule-map-file\=/Users/buddhirajgautam/Library/Developer/Xcode/DerivedData/Telegram-Mac-fygdgghdgmuleoelvxabfmqiotta/Build/Intermediates.noindex/GeneratedModuleMaps/MtProtoKit.modulemap -Xcc -fmodule-map-file\=/Users/buddhirajgautam/Library/Developer/Xcode/DerivedData/Telegram-Mac-fygdgghdgmuleoelvxabfmqiotta/Build/Intermediates.noindex/GeneratedModuleMaps/NetworkLogging.modulemap -Xcc -fmodule-map-file\=/Users/buddhirajgautam/Library/Developer/Xcode/DerivedData/Telegram-Mac-fygdgghdgmuleoelvxabfmqiotta/Build/Intermediates.noindex/GeneratedModuleMaps/LegacyReachability.modulemap -Xcc -fmodule-map-file\=/Users/buddhirajgautam/Library/Developer/Xcode/DerivedData/Telegram-Mac-fygdgghdgmuleoelvxabfmqiotta/Build/Intermediates.noindex/GeneratedModuleMaps/EncryptionProvider.modulemap -Xcc -fmodule-map-file\=/Users/buddhirajgautam/Library/Developer/Xcode/DerivedData/Telegram-Mac-fygdgghdgmuleoelvxabfmqiotta/Build/Intermediates.noindex/GeneratedModuleMaps/MurMurHash32.modulemap -Xcc -fmodule-map-file\=/Users/buddhirajgautam/Library/Developer/Xcode/DerivedData/Telegram-Mac-fygdgghdgmuleoelvxabfmqiotta/Build/Intermediates.noindex/GeneratedModuleMaps/sqlcipher.modulemap -Xcc -fmodule-map-file\=/Users/buddhirajgautam/Library/Developer/Xcode/DerivedData/Telegram-Mac-fygdgghdgmuleoelvxabfmqiotta/Build/Intermediates.noindex/GeneratedModuleMaps/StringTransliteration.modulemap -Xcc -fmodule-map-file\=/Users/buddhirajgautam/Library/Developer/Xcode/DerivedData/Telegram-Mac-fygdgghdgmuleoelvxabfmqiotta/Build/Intermediates.noindex/GeneratedModuleMaps/DarwinDirStat.modulemap -Xcc -fmodule-map-file\=/Users/buddhirajgautam/Library/Developer/Xcode/DerivedData/Telegram-Mac-fygdgghdgmuleoelvxabfmqiotta/Build/Intermediates.noindex/GeneratedModuleMaps/CryptoUtils.modulemap -Xcc -fmodule-map-file\=/Users/buddhirajgautam/Library/Developer/Xcode/DerivedData/Telegram-Mac-fygdgghdgmuleoelvxabfmqiotta/Build/Intermediates.noindex/GeneratedModuleMaps/Crc32.modulemap -Xcc -fmodule-map-file\=/Users/buddhirajgautam/Library/Developer/Xcode/DerivedData/Telegram-Mac-fygdgghdgmuleoelvxabfmqiotta/Build/Intermediates.noindex/GeneratedModuleMaps/ObjcUtils.modulemap -DXcode -plugin-path /Applications/Xcode.app/Contents/Developer/Toolchains/XcodeDefault.xctoolchain/usr/lib/swift/host/plugins/testing -enable-experimental-feature DebugDescriptionMacro -sdk /Applications/Xcode.app/Contents/Developer/Platforms/MacOSX.platform/Developer/SDKs/MacOSX27.0.sdk -target arm64-apple-macos12.0 -g -module-cache-path /Users/buddhirajgautam/Library/Developer/Xcode/DerivedData/ModuleCache.noindex -Xfrontend -serialize-debugging-options -profile-coverage-mapping -profile-generate -enable-testing -index-store-path /Users/buddhirajgautam/Library/Developer/Xcode/DerivedData/Telegram-Mac-fygdgghdgmuleoelvxabfmqiotta/Index.noindex/DataStore -Xcc -D_LIBCPP_HARDENING_MODE\=_LIBCPP_HARDENING_MODE_DEBUG -swift-version 5 -I /Users/buddhirajgautam/Library/Developer/Xcode/DerivedData/Telegram-Mac-fygdgghdgmuleoelvxabfmqiotta/Build/Products/Debug -Isystem /Applications/Xcode.app/Contents/Developer/Platforms/MacOSX.platform/Developer/usr/lib -F /Users/buddhirajgautam/Library/Developer/Xcode/DerivedData/Telegram-Mac-fygdgghdgmuleoelvxabfmqiotta/Build/Products/Debug/PackageFrameworks -F /Users/buddhirajgautam/Library/Developer/Xcode/DerivedData/Telegram-Mac-fygdgghdgmuleoelvxabfmqiotta/Build/Products/Debug -F /Applications/Xcode.app/Contents/Developer/Platforms/MacOSX.platform/Developer/Library/Frameworks -c -j8 -enable-batch-mode -incremental -Xcc -ivfsstatcache -Xcc /Users/buddhirajgautam/Library/Developer/Xcode/DerivedData/SDKStatCaches.noindex/macosx27.0-26A425-e829b21a6f8c9b70876ba0858053c0447231f6df4def33e022ae2eb8f782df1a.sdkstatcache -output-file-map /Users/buddhirajgautam/Library/Developer/Xcode/DerivedData/Telegram-Mac-fygdgghdgmuleoelvxabfmqiotta/Build/Intermediates.noindex/InAppPurchaseManager.build/Debug/InAppPurchaseManager-t.build/Objects-normal/arm64/InAppPurchaseManager-OutputFileMap.json -save-temps -no-color-diagnostics -explicit-module-build -module-cache-path /Users/buddhirajgautam/Library/Developer/Xcode/DerivedData/Telegram-Mac-fygdgghdgmuleoelvxabfmqiotta/Build/Intermediates.noindex/SwiftExplicitPrecompiledModules -clang-scanner-module-cache-path /Users/buddhirajgautam/Library/Developer/Xcode/DerivedData/ModuleCache.noindex -sdk-module-cache-path /Users/buddhirajgautam/Library/Developer/Xcode/DerivedData/SDKExplicitPrecompiledModules -emit-dependencies -emit-module -emit-module-path /Users/buddhirajgautam/Library/Developer/Xcode/DerivedData/Telegram-Mac-fygdgghdgmuleoelvxabfmqiotta/Build/Intermediates.noindex/InAppPurchaseManager.build/Debug/InAppPurchaseManager-t.build/Objects-normal/arm64/InAppPurchaseManager.swiftmodule -serialize-diagnostics -dependency-scan-serialize-diagnostics-path /Users/buddhirajgautam/Library/Developer/Xcode/DerivedData/Telegram-Mac-fygdgghdgmuleoelvxabfmqiotta/Build/Intermediates.noindex/InAppPurchaseManager.build/Debug/InAppPurchaseManager-t.build/Objects-normal/arm64/InAppPurchaseManager-dependency-scan.dia -validate-clang-modules-once -clang-build-session-file /Users/buddhirajgautam/Library/Developer/Xcode/DerivedData/ModuleCache.noindex/Session.modulevalidation -Xcc -fmodules-prune-interval\=86400 -Xcc -fmodules-prune-after\=345600 -emit-const-values -const-gather-protocols-list /Users/buddhirajgautam/Library/Developer/Xcode/DerivedData/Telegram-Mac-fygdgghdgmuleoelvxabfmqiotta/Build/Intermediates.noindex/InAppPurchaseManager.build/Debug/InAppPurchaseManager-t.build/Objects-normal/arm64/InAppPurchaseManager_const_extract_protocols.json -Xcc -I/Users/buddhirajgautam/Documents/Cherrygram-Mac/macOS-Swift/submodules/telegram-ios/submodules/MtProtoKit/PublicHeaders -Xcc -I/Users/buddhirajgautam/Documents/Cherrygram-Mac/macOS-Swift/submodules/telegram-ios/submodules/NetworkLogging/PublicHeaders -Xcc -I/Users/buddhirajgautam/Documents/Cherrygram-Mac/macOS-Swift/submodules/telegram-ios/submodules/Reachability/LegacyReachability/PublicHeaders -Xcc -I/Users/buddhirajgautam/Documents/Cherrygram-Mac/macOS-Swift/submodules/telegram-ios/submodules/EncryptionProvider/PublicHeaders -Xcc -I/Users/buddhirajgautam/Documents/Cherrygram-Mac/macOS-Swift/submodules/telegram-ios/submodules/MurMurHash32/PublicHeaders -Xcc -I/Users/buddhirajgautam/Documents/Cherrygram-Mac/macOS-Swift/submodules/telegram-ios/submodules/sqlcipher/PublicHeaders -Xcc -I/Users/buddhirajgautam/Documents/Cherrygram-Mac/macOS-Swift/submodules/telegram-ios/submodules/StringTransliteration/PublicHeaders -Xcc -I/Users/buddhirajgautam/Documents/Cherrygram-Mac/macOS-Swift/submodules/telegram-ios/submodules/Utils/DarwinDirStat/PublicHeaders -Xcc -I/Users/buddhirajgautam/Documents/Cherrygram-Mac/macOS-Swift/submodules/telegram-ios/submodules/CryptoUtils/PublicHeaders -Xcc -I/Users/buddhirajgautam/Documents/Cherrygram-Mac/macOS-Swift/submodules/telegram-ios/submodules/Crc32/PublicHeaders -Xcc -I/Users/buddhirajgautam/Documents/Cherrygram-Mac/macOS-Swift/packages/ObjcUtils/Sources/ObjcUtils -Xcc -I/Users/buddhirajgautam/Library/Developer/Xcode/DerivedData/Telegram-Mac-fygdgghdgmuleoelvxabfmqiotta/Build/Products/Debug/include -Xcc -I/Users/buddhirajgautam/Library/Developer/Xcode/DerivedData/Telegram-Mac-fygdgghdgmuleoelvxabfmqiotta/Build/Intermediates.noindex/InAppPurchaseManager.build/Debug/InAppPurchaseManager-t.build/DerivedSources-normal/arm64 -Xcc -I/Users/buddhirajgautam/Library/Developer/Xcode/DerivedData/Telegram-Mac-fygdgghdgmuleoelvxabfmqiotta/Build/Intermediates.noindex/InAppPurchaseManager.build/Debug/InAppPurchaseManager-t.build/DerivedSources/arm64 -Xcc -I/Users/buddhirajgautam/Library/Developer/Xcode/DerivedData/Telegram-Mac-fygdgghdgmuleoelvxabfmqiotta/Build/Intermediates.noindex/InAppPurchaseManager.build/Debug/InAppPurchaseManager-t.build/DerivedSources -Xcc -DSWIFT_PACKAGE -Xcc -DDEBUG\=1 -emit-objc-header -emit-objc-header-path /Users/buddhirajgautam/Library/Developer/Xcode/DerivedData/Telegram-Mac-fygdgghdgmuleoelvxabfmqiotta/Build/Intermediates.noindex/InAppPurchaseManager.build/Debug/InAppPurchaseManager-t.build/Objects-normal/arm64/InAppPurchaseManager-Swift.h -working-directory /Users/buddhirajgautam/Documents/Cherrygram-Mac/macOS-Swift -experimental-emit-module-separately -disable-cmo

SwiftDriverJobDiscovery normal arm64 Compiling CallBackgroundLayer.swift (in target 'CallVideoLayer' from project 'CallVideoLayer')

SwiftCompile normal arm64 Compiling\ Math.swift /Users/buddhirajgautam/Documents/Cherrygram-Mac/macOS-Swift/packages/CallVideoLayer/Sources/Math.swift (in target 'CallVideoLayer' from project 'CallVideoLayer')

SwiftCompile normal arm64 /Users/buddhirajgautam/Documents/Cherrygram-Mac/macOS-Swift/packages/CallVideoLayer/Sources/Math.swift (in target 'CallVideoLayer' from project 'CallVideoLayer')
    cd /Users/buddhirajgautam/Documents/Cherrygram-Mac/macOS-Swift
    builtin-SwiftPerFileCompile Math.swift

SwiftDriverJobDiscovery normal arm64 Compiling ChatInputTextView.swift (in target 'InputView' from project 'InputView')

SwiftDriver\ Compilation InputView normal arm64 com.apple.xcode.tools.swift.compiler (in target 'InputView' from project 'InputView')
    cd /Users/buddhirajgautam/Documents/Cherrygram-Mac/macOS-Swift
    builtin-Swift-Compilation -- /Applications/Xcode.app/Contents/Developer/Toolchains/XcodeDefault.xctoolchain/usr/bin/swiftc -parse-as-library -module-name InputView -Onone @/Users/buddhirajgautam/Library/Developer/Xcode/DerivedData/Telegram-Mac-fygdgghdgmuleoelvxabfmqiotta/Build/Intermediates.noindex/InputView.build/Debug/InputView-t.build/Objects-normal/arm64/InputView.SwiftFileList -DSWIFT_PACKAGE -DDEBUG -DSWIFT_MODULE_RESOURCE_BUNDLE_UNAVAILABLE -Xcc -fmodule-map-file\=/Users/buddhirajgautam/Library/Developer/Xcode/DerivedData/Telegram-Mac-fygdgghdgmuleoelvxabfmqiotta/Build/Intermediates.noindex/GeneratedModuleMaps/ObjcUtils.modulemap -Xcc -fmodule-map-file\=/Users/buddhirajgautam/Library/Developer/Xcode/DerivedData/Telegram-Mac-fygdgghdgmuleoelvxabfmqiotta/Build/Intermediates.noindex/GeneratedModuleMaps/NumberPluralization.modulemap -Xcc -fmodule-map-file\=/Users/buddhirajgautam/Library/Developer/Xcode/DerivedData/Telegram-Mac-fygdgghdgmuleoelvxabfmqiotta/Build/Intermediates.noindex/GeneratedModuleMaps/MurMurHash32.modulemap -Xcc -fmodule-map-file\=/Users/buddhirajgautam/Library/Developer/Xcode/DerivedData/Telegram-Mac-fygdgghdgmuleoelvxabfmqiotta/Build/Intermediates.noindex/GeneratedModuleMaps/sqlcipher.modulemap -Xcc -fmodule-map-file\=/Users/buddhirajgautam/Library/Developer/Xcode/DerivedData/Telegram-Mac-fygdgghdgmuleoelvxabfmqiotta/Build/Intermediates.noindex/GeneratedModuleMaps/StringTransliteration.modulemap -Xcc -fmodule-map-file\=/Users/buddhirajgautam/Library/Developer/Xcode/DerivedData/Telegram-Mac-fygdgghdgmuleoelvxabfmqiotta/Build/Intermediates.noindex/GeneratedModuleMaps/Crc32.modulemap -Xcc -fmodule-map-file\=/Users/buddhirajgautam/Library/Developer/Xcode/DerivedData/Telegram-Mac-fygdgghdgmuleoelvxabfmqiotta/Build/Intermediates.noindex/GeneratedModuleMaps/MtProtoKit.modulemap -Xcc -fmodule-map-file\=/Users/buddhirajgautam/Library/Developer/Xcode/DerivedData/Telegram-Mac-fygdgghdgmuleoelvxabfmqiotta/Build/Intermediates.noindex/GeneratedModuleMaps/CryptoUtils.modulemap -Xcc -fmodule-map-file\=/Users/buddhirajgautam/Library/Developer/Xcode/DerivedData/Telegram-Mac-fygdgghdgmuleoelvxabfmqiotta/Build/Intermediates.noindex/GeneratedModuleMaps/NetworkLogging.modulemap -Xcc -fmodule-map-file\=/Users/buddhirajgautam/Library/Developer/Xcode/DerivedData/Telegram-Mac-fygdgghdgmuleoelvxabfmqiotta/Build/Intermediates.noindex/GeneratedModuleMaps/DarwinDirStat.modulemap -Xcc -fmodule-map-file\=/Users/buddhirajgautam/Library/Developer/Xcode/DerivedData/Telegram-Mac-fygdgghdgmuleoelvxabfmqiotta/Build/Intermediates.noindex/GeneratedModuleMaps/LegacyReachability.modulemap -Xcc -fmodule-map-file\=/Users/buddhirajgautam/Library/Developer/Xcode/DerivedData/Telegram-Mac-fygdgghdgmuleoelvxabfmqiotta/Build/Intermediates.noindex/GeneratedModuleMaps/EncryptionProvider.modulemap -DXcode -plugin-path /Applications/Xcode.app/Contents/Developer/Toolchains/XcodeDefault.xctoolchain/usr/lib/swift/host/plugins/testing -enable-experimental-feature DebugDescriptionMacro -sdk /Applications/Xcode.app/Contents/Developer/Platforms/MacOSX.platform/Developer/SDKs/MacOSX27.0.sdk -target arm64-apple-macos12.0 -g -module-cache-path /Users/buddhirajgautam/Library/Developer/Xcode/DerivedData/ModuleCache.noindex -Xfrontend -serialize-debugging-options -profile-coverage-mapping -profile-generate -enable-testing -index-store-path /Users/buddhirajgautam/Library/Developer/Xcode/DerivedData/Telegram-Mac-fygdgghdgmuleoelvxabfmqiotta/Index.noindex/DataStore -Xcc -D_LIBCPP_HARDENING_MODE\=_LIBCPP_HARDENING_MODE_DEBUG -swift-version 5 -I /Users/buddhirajgautam/Library/Developer/Xcode/DerivedData/Telegram-Mac-fygdgghdgmuleoelvxabfmqiotta/Build/Products/Debug -Isystem /Applications/Xcode.app/Contents/Developer/Platforms/MacOSX.platform/Developer/usr/lib -F /Users/buddhirajgautam/Library/Developer/Xcode/DerivedData/Telegram-Mac-fygdgghdgmuleoelvxabfmqiotta/Build/Products/Debug/PackageFrameworks -F /Users/buddhirajgautam/Library/Developer/Xcode/DerivedData/Telegram-Mac-fygdgghdgmuleoelvxabfmqiotta/Build/Products/Debug -F /Applications/Xcode.app/Contents/Developer/Platforms/MacOSX.platform/Developer/Library/Frameworks -c -j8 -enable-batch-mode -incremental -Xcc -ivfsstatcache -Xcc /Users/buddhirajgautam/Library/Developer/Xcode/DerivedData/SDKStatCaches.noindex/macosx27.0-26A425-e829b21a6f8c9b70876ba0858053c0447231f6df4def33e022ae2eb8f782df1a.sdkstatcache -output-file-map /Users/buddhirajgautam/Library/Developer/Xcode/DerivedData/Telegram-Mac-fygdgghdgmuleoelvxabfmqiotta/Build/Intermediates.noindex/InputView.build/Debug/InputView-t.build/Objects-normal/arm64/InputView-OutputFileMap.json -save-temps -no-color-diagnostics -explicit-module-build -module-cache-path /Users/buddhirajgautam/Library/Developer/Xcode/DerivedData/Telegram-Mac-fygdgghdgmuleoelvxabfmqiotta/Build/Intermediates.noindex/SwiftExplicitPrecompiledModules -clang-scanner-module-cache-path /Users/buddhirajgautam/Library/Developer/Xcode/DerivedData/ModuleCache.noindex -sdk-module-cache-path /Users/buddhirajgautam/Library/Developer/Xcode/DerivedData/SDKExplicitPrecompiledModules -emit-dependencies -emit-module -emit-module-path /Users/buddhirajgautam/Library/Developer/Xcode/DerivedData/Telegram-Mac-fygdgghdgmuleoelvxabfmqiotta/Build/Intermediates.noindex/InputView.build/Debug/InputView-t.build/Objects-normal/arm64/InputView.swiftmodule -serialize-diagnostics -dependency-scan-serialize-diagnostics-path /Users/buddhirajgautam/Library/Developer/Xcode/DerivedData/Telegram-Mac-fygdgghdgmuleoelvxabfmqiotta/Build/Intermediates.noindex/InputView.build/Debug/InputView-t.build/Objects-normal/arm64/InputView-dependency-scan.dia -validate-clang-modules-once -clang-build-session-file /Users/buddhirajgautam/Library/Developer/Xcode/DerivedData/ModuleCache.noindex/Session.modulevalidation -Xcc -fmodules-prune-interval\=86400 -Xcc -fmodules-prune-after\=345600 -emit-const-values -const-gather-protocols-list /Users/buddhirajgautam/Library/Developer/Xcode/DerivedData/Telegram-Mac-fygdgghdgmuleoelvxabfmqiotta/Build/Intermediates.noindex/InputView.build/Debug/InputView-t.build/Objects-normal/arm64/InputView_const_extract_protocols.json -Xcc -I/Users/buddhirajgautam/Documents/Cherrygram-Mac/macOS-Swift/packages/ObjcUtils/Sources/ObjcUtils -Xcc -I/Users/buddhirajgautam/Documents/Cherrygram-Mac/macOS-Swift/packages/NumberPluralization/Sources/NumberPluralization -Xcc -I/Users/buddhirajgautam/Documents/Cherrygram-Mac/macOS-Swift/submodules/telegram-ios/submodules/MurMurHash32/PublicHeaders -Xcc -I/Users/buddhirajgautam/Documents/Cherrygram-Mac/macOS-Swift/submodules/telegram-ios/submodules/sqlcipher/PublicHeaders -Xcc -I/Users/buddhirajgautam/Documents/Cherrygram-Mac/macOS-Swift/submodules/telegram-ios/submodules/StringTransliteration/PublicHeaders -Xcc -I/Users/buddhirajgautam/Documents/Cherrygram-Mac/macOS-Swift/submodules/telegram-ios/submodules/Crc32/PublicHeaders -Xcc -I/Users/buddhirajgautam/Documents/Cherrygram-Mac/macOS-Swift/submodules/telegram-ios/submodules/MtProtoKit/PublicHeaders -Xcc -I/Users/buddhirajgautam/Documents/Cherrygram-Mac/macOS-Swift/submodules/telegram-ios/submodules/CryptoUtils/PublicHeaders -Xcc -I/Users/buddhirajgautam/Documents/Cherrygram-Mac/macOS-Swift/submodules/telegram-ios/submodules/NetworkLogging/PublicHeaders -Xcc -I/Users/buddhirajgautam/Documents/Cherrygram-Mac/macOS-Swift/submodules/telegram-ios/submodules/Utils/DarwinDirStat/PublicHeaders -Xcc -I/Users/buddhirajgautam/Documents/Cherrygram-Mac/macOS-Swift/submodules/telegram-ios/submodules/Reachability/LegacyReachability/PublicHeaders -Xcc -I/Users/buddhirajgautam/Documents/Cherrygram-Mac/macOS-Swift/submodules/telegram-ios/submodules/EncryptionProvider/PublicHeaders -Xcc -I/Users/buddhirajgautam/Library/Developer/Xcode/DerivedData/Telegram-Mac-fygdgghdgmuleoelvxabfmqiotta/Build/Products/Debug/include -Xcc -I/Users/buddhirajgautam/Library/Developer/Xcode/DerivedData/Telegram-Mac-fygdgghdgmuleoelvxabfmqiotta/Build/Intermediates.noindex/InputView.build/Debug/InputView-t.build/DerivedSources-normal/arm64 -Xcc -I/Users/buddhirajgautam/Library/Developer/Xcode/DerivedData/Telegram-Mac-fygdgghdgmuleoelvxabfmqiotta/Build/Intermediates.noindex/InputView.build/Debug/InputView-t.build/DerivedSources/arm64 -Xcc -I/Users/buddhirajgautam/Library/Developer/Xcode/DerivedData/Telegram-Mac-fygdgghdgmuleoelvxabfmqiotta/Build/Intermediates.noindex/InputView.build/Debug/InputView-t.build/DerivedSources -Xcc -DSWIFT_PACKAGE -Xcc -DDEBUG\=1 -emit-objc-header -emit-objc-header-path /Users/buddhirajgautam/Library/Developer/Xcode/DerivedData/Telegram-Mac-fygdgghdgmuleoelvxabfmqiotta/Build/Intermediates.noindex/InputView.build/Debug/InputView-t.build/Objects-normal/arm64/InputView-Swift.h -working-directory /Users/buddhirajgautam/Documents/Cherrygram-Mac/macOS-Swift -experimental-emit-module-separately -disable-cmo

ExtractAppIntentsMetadata (in target 'TelegramCore' from project 'TelegramCore')
    cd /Users/buddhirajgautam/Documents/Cherrygram-Mac/macOS-Swift/submodules/telegram-ios/submodules/TelegramCore
    /Applications/Xcode.app/Contents/Developer/Toolchains/XcodeDefault.xctoolchain/usr/bin/appintentsmetadataprocessor --toolchain-dir /var/run/com.apple.security.cryptexd/mnt/com.apple.MobileAsset.MetalToolchain-v27.1.266.1.Pr1pMU/Metal.xctoolchain --module-name TelegramCore --sdk-root /Applications/Xcode.app/Contents/Developer/Platforms/MacOSX.platform/Developer/SDKs/MacOSX27.0.sdk --xcode-version 27A266a --platform-family macOS --deployment-target 12.0 --bundle-identifier telegramcore.TelegramCore --output /Users/buddhirajgautam/Library/Developer/Xcode/DerivedData/Telegram-Mac-fygdgghdgmuleoelvxabfmqiotta/Build/Products/Debug/TelegramCore.appintents --target-triple arm64-apple-macos12.0 --binary-file /Users/buddhirajgautam/Library/Developer/Xcode/DerivedData/Telegram-Mac-fygdgghdgmuleoelvxabfmqiotta/Build/Products/Debug/TelegramCore.o --dependency-file /Users/buddhirajgautam/Library/Developer/Xcode/DerivedData/Telegram-Mac-fygdgghdgmuleoelvxabfmqiotta/Build/Intermediates.noindex/TelegramCore.build/Debug/TelegramCore-t.build/Objects-normal/arm64/TelegramCore_dependency_info.dat --stringsdata-file /Users/buddhirajgautam/Library/Developer/Xcode/DerivedData/Telegram-Mac-fygdgghdgmuleoelvxabfmqiotta/Build/Intermediates.noindex/TelegramCore.build/Debug/TelegramCore-t.build/Objects-normal/arm64/ExtractedAppShortcutsMetadata.stringsdata --source-file-list /Users/buddhirajgautam/Library/Developer/Xcode/DerivedData/Telegram-Mac-fygdgghdgmuleoelvxabfmqiotta/Build/Intermediates.noindex/TelegramCore.build/Debug/TelegramCore-t.build/Objects-normal/arm64/TelegramCore.SwiftFileList --metadata-file-list /Users/buddhirajgautam/Library/Developer/Xcode/DerivedData/Telegram-Mac-fygdgghdgmuleoelvxabfmqiotta/Build/Intermediates.noindex/TelegramCore.build/Debug/TelegramCore-t.build/TelegramCore.DependencyMetadataFileList --static-metadata-file-list /Users/buddhirajgautam/Library/Developer/Xcode/DerivedData/Telegram-Mac-fygdgghdgmuleoelvxabfmqiotta/Build/Intermediates.noindex/TelegramCore.build/Debug/TelegramCore-t.build/TelegramCore.DependencyStaticMetadataFileList --swift-const-vals-list /Users/buddhirajgautam/Library/Developer/Xcode/DerivedData/Telegram-Mac-fygdgghdgmuleoelvxabfmqiotta/Build/Intermediates.noindex/TelegramCore.build/Debug/TelegramCore-t.build/Objects-normal/arm64/TelegramCore.SwiftConstValuesFileList --force --compile-time-extraction --deployment-aware-processing --no-app-shortcuts-localization
2026-09-21 20:25:27.249 appintentsmetadataprocessor[56736:3889979] Starting appintentsmetadataprocessor export
2026-09-21 20:25:27.485 appintentsmetadataprocessor[56736:3889979] Extracted no relevant App Intents symbols, skipping writing output

SwiftDriverJobDiscovery normal arm64 Compiling resource_bundle_accessor.swift, Animation.swift (in target 'CallVideoLayer' from project 'CallVideoLayer')

ExtractAppIntentsMetadata (in target 'ColorPalette' from project 'ColorPalette')
    cd /Users/buddhirajgautam/Documents/Cherrygram-Mac/macOS-Swift/packages/ColorPalette
    /Applications/Xcode.app/Contents/Developer/Toolchains/XcodeDefault.xctoolchain/usr/bin/appintentsmetadataprocessor --toolchain-dir /var/run/com.apple.security.cryptexd/mnt/com.apple.MobileAsset.MetalToolchain-v27.1.266.1.Pr1pMU/Metal.xctoolchain --module-name ColorPalette --sdk-root /Applications/Xcode.app/Contents/Developer/Platforms/MacOSX.platform/Developer/SDKs/MacOSX27.0.sdk --xcode-version 27A266a --platform-family macOS --deployment-target 12.0 --bundle-identifier colorpalette.ColorPalette --output /Users/buddhirajgautam/Library/Developer/Xcode/DerivedData/Telegram-Mac-fygdgghdgmuleoelvxabfmqiotta/Build/Products/Debug/ColorPalette.appintents --target-triple arm64-apple-macos12.0 --binary-file /Users/buddhirajgautam/Library/Developer/Xcode/DerivedData/Telegram-Mac-fygdgghdgmuleoelvxabfmqiotta/Build/Products/Debug/ColorPalette.o --dependency-file /Users/buddhirajgautam/Library/Developer/Xcode/DerivedData/Telegram-Mac-fygdgghdgmuleoelvxabfmqiotta/Build/Intermediates.noindex/ColorPalette.build/Debug/ColorPalette-t.build/Objects-normal/arm64/ColorPalette_dependency_info.dat --stringsdata-file /Users/buddhirajgautam/Library/Developer/Xcode/DerivedData/Telegram-Mac-fygdgghdgmuleoelvxabfmqiotta/Build/Intermediates.noindex/ColorPalette.build/Debug/ColorPalette-t.build/Objects-normal/arm64/ExtractedAppShortcutsMetadata.stringsdata --source-file-list /Users/buddhirajgautam/Library/Developer/Xcode/DerivedData/Telegram-Mac-fygdgghdgmuleoelvxabfmqiotta/Build/Intermediates.noindex/ColorPalette.build/Debug/ColorPalette-t.build/Objects-normal/arm64/ColorPalette.SwiftFileList --metadata-file-list /Users/buddhirajgautam/Library/Developer/Xcode/DerivedData/Telegram-Mac-fygdgghdgmuleoelvxabfmqiotta/Build/Intermediates.noindex/ColorPalette.build/Debug/ColorPalette-t.build/ColorPalette.DependencyMetadataFileList --static-metadata-file-list /Users/buddhirajgautam/Library/Developer/Xcode/DerivedData/Telegram-Mac-fygdgghdgmuleoelvxabfmqiotta/Build/Intermediates.noindex/ColorPalette.build/Debug/ColorPalette-t.build/ColorPalette.DependencyStaticMetadataFileList --swift-const-vals-list /Users/buddhirajgautam/Library/Developer/Xcode/DerivedData/Telegram-Mac-fygdgghdgmuleoelvxabfmqiotta/Build/Intermediates.noindex/ColorPalette.build/Debug/ColorPalette-t.build/Objects-normal/arm64/ColorPalette.SwiftConstValuesFileList --force --compile-time-extraction --deployment-aware-processing --no-app-shortcuts-localization
2026-09-21 20:25:27.302 appintentsmetadataprocessor[56737:3889985] Starting appintentsmetadataprocessor export
2026-09-21 20:25:27.435 appintentsmetadataprocessor[56737:3889985] Extracted no relevant App Intents symbols, skipping writing output

SwiftDriverJobDiscovery normal arm64 Compiling PrivateCallVideoLayer.swift (in target 'CallVideoLayer' from project 'CallVideoLayer')

Touch /Users/buddhirajgautam/Library/Developer/Xcode/DerivedData/Telegram-Mac-fygdgghdgmuleoelvxabfmqiotta/Build/Products/Debug/CodeSyntax.framework (in target 'CodeSyntax' from project 'CodeSyntax')
    cd /Users/buddhirajgautam/Documents/Cherrygram-Mac/macOS-Swift/submodules/CodeSyntax/CodeSyntax
    /usr/bin/touch -c /Users/buddhirajgautam/Library/Developer/Xcode/DerivedData/Telegram-Mac-fygdgghdgmuleoelvxabfmqiotta/Build/Products/Debug/CodeSyntax.framework

MkDir /Users/buddhirajgautam/Library/Developer/Xcode/DerivedData/Telegram-Mac-fygdgghdgmuleoelvxabfmqiotta/Build/Intermediates.noindex/Telegram.build/Debug/TelegramShare.build/assetcatalog_output/unthinned (in target 'TelegramShare' from project 'Telegram')
    cd /Users/buddhirajgautam/Documents/Cherrygram-Mac/macOS-Swift
    /bin/mkdir -p /Users/buddhirajgautam/Library/Developer/Xcode/DerivedData/Telegram-Mac-fygdgghdgmuleoelvxabfmqiotta/Build/Intermediates.noindex/Telegram.build/Debug/TelegramShare.build/assetcatalog_output/unthinned

SwiftDriver TelegramMedia normal arm64 com.apple.xcode.tools.swift.compiler (in target 'TelegramMedia' from project 'TelegramMedia')
    cd /Users/buddhirajgautam/Documents/Cherrygram-Mac/macOS-Swift
    builtin-SwiftDriver -- /Applications/Xcode.app/Contents/Developer/Toolchains/XcodeDefault.xctoolchain/usr/bin/swiftc -parse-as-library -module-name TelegramMedia -Onone @/Users/buddhirajgautam/Library/Developer/Xcode/DerivedData/Telegram-Mac-fygdgghdgmuleoelvxabfmqiotta/Build/Intermediates.noindex/TelegramMedia.build/Debug/TelegramMedia-t.build/Objects-normal/arm64/TelegramMedia.SwiftFileList -DSWIFT_PACKAGE -DDEBUG -DSWIFT_MODULE_RESOURCE_BUNDLE_UNAVAILABLE -Xcc -fmodule-map-file\=/Users/buddhirajgautam/Library/Developer/Xcode/DerivedData/Telegram-Mac-fygdgghdgmuleoelvxabfmqiotta/Build/Intermediates.noindex/GeneratedModuleMaps/ShelfPack.modulemap -Xcc -fmodule-map-file\=/Users/buddhirajgautam/Library/Developer/Xcode/DerivedData/Telegram-Mac-fygdgghdgmuleoelvxabfmqiotta/Build/Intermediates.noindex/GeneratedModuleMaps/TgVoipWebrtc.modulemap -Xcc -fmodule-map-file\=/Users/buddhirajgautam/Library/Developer/Xcode/DerivedData/Telegram-Mac-fygdgghdgmuleoelvxabfmqiotta/Build/Intermediates.noindex/GeneratedModuleMaps/MtProtoKit.modulemap -Xcc -fmodule-map-file\=/Users/buddhirajgautam/Library/Developer/Xcode/DerivedData/Telegram-Mac-fygdgghdgmuleoelvxabfmqiotta/Build/Intermediates.noindex/GeneratedModuleMaps/NetworkLogging.modulemap -Xcc -fmodule-map-file\=/Users/buddhirajgautam/Library/Developer/Xcode/DerivedData/Telegram-Mac-fygdgghdgmuleoelvxabfmqiotta/Build/Intermediates.noindex/GeneratedModuleMaps/LegacyReachability.modulemap -Xcc -fmodule-map-file\=/Users/buddhirajgautam/Library/Developer/Xcode/DerivedData/Telegram-Mac-fygdgghdgmuleoelvxabfmqiotta/Build/Intermediates.noindex/GeneratedModuleMaps/EncryptionProvider.modulemap -Xcc -fmodule-map-file\=/Users/buddhirajgautam/Library/Developer/Xcode/DerivedData/Telegram-Mac-fygdgghdgmuleoelvxabfmqiotta/Build/Intermediates.noindex/GeneratedModuleMaps/GZIP.modulemap -Xcc -fmodule-map-file\=/Users/buddhirajgautam/Library/Developer/Xcode/DerivedData/Telegram-Mac-fygdgghdgmuleoelvxabfmqiotta/Build/Intermediates.noindex/GeneratedModuleMaps/MurMurHash32.modulemap -Xcc -fmodule-map-file\=/Users/buddhirajgautam/Library/Developer/Xcode/DerivedData/Telegram-Mac-fygdgghdgmuleoelvxabfmqiotta/Build/Intermediates.noindex/GeneratedModuleMaps/sqlcipher.modulemap -Xcc -fmodule-map-file\=/Users/buddhirajgautam/Library/Developer/Xcode/DerivedData/Telegram-Mac-fygdgghdgmuleoelvxabfmqiotta/Build/Intermediates.noindex/GeneratedModuleMaps/StringTransliteration.modulemap -Xcc -fmodule-map-file\=/Users/buddhirajgautam/Library/Developer/Xcode/DerivedData/Telegram-Mac-fygdgghdgmuleoelvxabfmqiotta/Build/Intermediates.noindex/GeneratedModuleMaps/DarwinDirStat.modulemap -Xcc -fmodule-map-file\=/Users/buddhirajgautam/Library/Developer/Xcode/DerivedData/Telegram-Mac-fygdgghdgmuleoelvxabfmqiotta/Build/Intermediates.noindex/GeneratedModuleMaps/CryptoUtils.modulemap -Xcc -fmodule-map-file\=/Users/buddhirajgautam/Library/Developer/Xcode/DerivedData/Telegram-Mac-fygdgghdgmuleoelvxabfmqiotta/Build/Intermediates.noindex/GeneratedModuleMaps/Crc32.modulemap -Xcc -fmodule-map-file\=/Users/buddhirajgautam/Library/Developer/Xcode/DerivedData/Telegram-Mac-fygdgghdgmuleoelvxabfmqiotta/Build/Intermediates.noindex/GeneratedModuleMaps/libwebp.modulemap -Xcc -fmodule-map-file\=/Users/buddhirajgautam/Library/Developer/Xcode/DerivedData/Telegram-Mac-fygdgghdgmuleoelvxabfmqiotta/Build/Intermediates.noindex/GeneratedModuleMaps/ObjcUtils.modulemap -Xcc -fmodule-map-file\=/Users/buddhirajgautam/Library/Developer/Xcode/DerivedData/Telegram-Mac-fygdgghdgmuleoelvxabfmqiotta/Build/Intermediates.noindex/GeneratedModuleMaps/YuvConversion.modulemap -Xcc -fmodule-map-file\=/Users/buddhirajgautam/Library/Developer/Xcode/DerivedData/Telegram-Mac-fygdgghdgmuleoelvxabfmqiotta/Build/Intermediates.noindex/GeneratedModuleMaps/RingBuffer.modulemap -Xcc -fmodule-map-file\=/Users/buddhirajgautam/Library/Developer/Xcode/DerivedData/Telegram-Mac-fygdgghdgmuleoelvxabfmqiotta/Build/Intermediates.noindex/GeneratedModuleMaps/OpusBinding.modulemap -Xcc -fmodule-map-file\=/Users/buddhirajgautam/Library/Developer/Xcode/DerivedData/Telegram-Mac-fygdgghdgmuleoelvxabfmqiotta/Build/Intermediates.noindex/GeneratedModuleMaps/FFMpegBinding.modulemap -DXcode -plugin-path /Applications/Xcode.app/Contents/Developer/Toolchains/XcodeDefault.xctoolchain/usr/lib/swift/host/plugins/testing -enable-experimental-feature DebugDescriptionMacro -sdk /Applications/Xcode.app/Contents/Developer/Platforms/MacOSX.platform/Developer/SDKs/MacOSX27.0.sdk -target arm64-apple-macos12.0 -g -module-cache-path /Users/buddhirajgautam/Library/Developer/Xcode/DerivedData/ModuleCache.noindex -Xfrontend -serialize-debugging-options -profile-coverage-mapping -profile-generate -enable-testing -index-store-path /Users/buddhirajgautam/Library/Developer/Xcode/DerivedData/Telegram-Mac-fygdgghdgmuleoelvxabfmqiotta/Index.noindex/DataStore -Xcc -D_LIBCPP_HARDENING_MODE\=_LIBCPP_HARDENING_MODE_DEBUG -swift-version 5 -I /Users/buddhirajgautam/Library/Developer/Xcode/DerivedData/Telegram-Mac-fygdgghdgmuleoelvxabfmqiotta/Build/Products/Debug -Isystem /Applications/Xcode.app/Contents/Developer/Platforms/MacOSX.platform/Developer/usr/lib -F /Users/buddhirajgautam/Library/Developer/Xcode/DerivedData/Telegram-Mac-fygdgghdgmuleoelvxabfmqiotta/Build/Products/Debug/PackageFrameworks -F /Users/buddhirajgautam/Library/Developer/Xcode/DerivedData/Telegram-Mac-fygdgghdgmuleoelvxabfmqiotta/Build/Products/Debug -F /Applications/Xcode.app/Contents/Developer/Platforms/MacOSX.platform/Developer/Library/Frameworks -c -j8 -enable-batch-mode -incremental -Xcc -ivfsstatcache -Xcc /Users/buddhirajgautam/Library/Developer/Xcode/DerivedData/SDKStatCaches.noindex/macosx27.0-26A425-e829b21a6f8c9b70876ba0858053c0447231f6df4def33e022ae2eb8f782df1a.sdkstatcache -output-file-map /Users/buddhirajgautam/Library/Developer/Xcode/DerivedData/Telegram-Mac-fygdgghdgmuleoelvxabfmqiotta/Build/Intermediates.noindex/TelegramMedia.build/Debug/TelegramMedia-t.build/Objects-normal/arm64/TelegramMedia-OutputFileMap.json -save-temps -no-color-diagnostics -explicit-module-build -module-cache-path /Users/buddhirajgautam/Library/Developer/Xcode/DerivedData/Telegram-Mac-fygdgghdgmuleoelvxabfmqiotta/Build/Intermediates.noindex/SwiftExplicitPrecompiledModules -clang-scanner-module-cache-path /Users/buddhirajgautam/Library/Developer/Xcode/DerivedData/ModuleCache.noindex -sdk-module-cache-path /Users/buddhirajgautam/Library/Developer/Xcode/DerivedData/SDKExplicitPrecompiledModules -emit-dependencies -emit-module -emit-module-path /Users/buddhirajgautam/Library/Developer/Xcode/DerivedData/Telegram-Mac-fygdgghdgmuleoelvxabfmqiotta/Build/Intermediates.noindex/TelegramMedia.build/Debug/TelegramMedia-t.build/Objects-normal/arm64/TelegramMedia.swiftmodule -serialize-diagnostics -dependency-scan-serialize-diagnostics-path /Users/buddhirajgautam/Library/Developer/Xcode/DerivedData/Telegram-Mac-fygdgghdgmuleoelvxabfmqiotta/Build/Intermediates.noindex/TelegramMedia.build/Debug/TelegramMedia-t.build/Objects-normal/arm64/TelegramMedia-dependency-scan.dia -validate-clang-modules-once -clang-build-session-file /Users/buddhirajgautam/Library/Developer/Xcode/DerivedData/ModuleCache.noindex/Session.modulevalidation -Xcc -fmodules-prune-interval\=86400 -Xcc -fmodules-prune-after\=345600 -emit-const-values -const-gather-protocols-list /Users/buddhirajgautam/Library/Developer/Xcode/DerivedData/Telegram-Mac-fygdgghdgmuleoelvxabfmqiotta/Build/Intermediates.noindex/TelegramMedia.build/Debug/TelegramMedia-t.build/Objects-normal/arm64/TelegramMedia_const_extract_protocols.json -Xcc -I/Users/buddhirajgautam/Documents/Cherrygram-Mac/macOS-Swift/submodules/telegram-ios/submodules/Utils/ShelfPack/PublicHeaders -Xcc -I/Users/buddhirajgautam/Documents/Cherrygram-Mac/macOS-Swift/submodules/tgcalls/macos/PublicHeaders -Xcc -I/Users/buddhirajgautam/Documents/Cherrygram-Mac/macOS-Swift/submodules/telegram-ios/submodules/MtProtoKit/PublicHeaders -Xcc -I/Users/buddhirajgautam/Documents/Cherrygram-Mac/macOS-Swift/submodules/telegram-ios/submodules/NetworkLogging/PublicHeaders -Xcc -I/Users/buddhirajgautam/Documents/Cherrygram-Mac/macOS-Swift/submodules/telegram-ios/submodules/Reachability/LegacyReachability/PublicHeaders -Xcc -I/Users/buddhirajgautam/Documents/Cherrygram-Mac/macOS-Swift/submodules/telegram-ios/submodules/EncryptionProvider/PublicHeaders -Xcc -I/Users/buddhirajgautam/Documents/Cherrygram-Mac/macOS-Swift/packages/GZIP/Sources/GZIP -Xcc -I/Users/buddhirajgautam/Documents/Cherrygram-Mac/macOS-Swift/submodules/telegram-ios/submodules/MurMurHash32/PublicHeaders -Xcc -I/Users/buddhirajgautam/Documents/Cherrygram-Mac/macOS-Swift/submodules/telegram-ios/submodules/sqlcipher/PublicHeaders -Xcc -I/Users/buddhirajgautam/Documents/Cherrygram-Mac/macOS-Swift/submodules/telegram-ios/submodules/StringTransliteration/PublicHeaders -Xcc -I/Users/buddhirajgautam/Documents/Cherrygram-Mac/macOS-Swift/submodules/telegram-ios/submodules/Utils/DarwinDirStat/PublicHeaders -Xcc -I/Users/buddhirajgautam/Documents/Cherrygram-Mac/macOS-Swift/submodules/telegram-ios/submodules/CryptoUtils/PublicHeaders -Xcc -I/Users/buddhirajgautam/Documents/Cherrygram-Mac/macOS-Swift/submodules/telegram-ios/submodules/Crc32/PublicHeaders -Xcc -I/Users/buddhirajgautam/Documents/Cherrygram-Mac/macOS-Swift/submodules/libwebp/Sources -Xcc -I/Users/buddhirajgautam/Documents/Cherrygram-Mac/macOS-Swift/packages/ObjcUtils/Sources/ObjcUtils -Xcc -I/Users/buddhirajgautam/Documents/Cherrygram-Mac/macOS-Swift/submodules/telegram-ios/submodules/YuvConversion/PublicHeaders -Xcc -I/Users/buddhirajgautam/Documents/Cherrygram-Mac/macOS-Swift/packages/RingBuffer/Sources/RingBuffer -Xcc -I/Users/buddhirajgautam/Documents/Cherrygram-Mac/macOS-Swift/submodules/telegram-ios/submodules/OpusBinding/PublicHeaders -Xcc -I/Users/buddhirajgautam/Documents/Cherrygram-Mac/macOS-Swift/submodules/telegram-ios/submodules/FFMpegBinding/Public -Xcc -I/Users/buddhirajgautam/Library/Developer/Xcode/DerivedData/Telegram-Mac-fygdgghdgmuleoelvxabfmqiotta/Build/Products/Debug/include -Xcc -I/Users/buddhirajgautam/Library/Developer/Xcode/DerivedData/Telegram-Mac-fygdgghdgmuleoelvxabfmqiotta/Build/Intermediates.noindex/TelegramMedia.build/Debug/TelegramMedia-t.build/DerivedSources-normal/arm64 -Xcc -I/Users/buddhirajgautam/Library/Developer/Xcode/DerivedData/Telegram-Mac-fygdgghdgmuleoelvxabfmqiotta/Build/Intermediates.noindex/TelegramMedia.build/Debug/TelegramMedia-t.build/DerivedSources/arm64 -Xcc -I/Users/buddhirajgautam/Library/Developer/Xcode/DerivedData/Telegram-Mac-fygdgghdgmuleoelvxabfmqiotta/Build/Intermediates.noindex/TelegramMedia.build/Debug/TelegramMedia-t.build/DerivedSources -Xcc -DSWIFT_PACKAGE -Xcc -DDEBUG\=1 -emit-objc-header -emit-objc-header-path /Users/buddhirajgautam/Library/Developer/Xcode/DerivedData/Telegram-Mac-fygdgghdgmuleoelvxabfmqiotta/Build/Intermediates.noindex/TelegramMedia.build/Debug/TelegramMedia-t.build/Objects-normal/arm64/TelegramMedia-Swift.h -working-directory /Users/buddhirajgautam/Documents/Cherrygram-Mac/macOS-Swift -experimental-emit-module-separately -disable-cmo

MkDir /Users/buddhirajgautam/Library/Developer/Xcode/DerivedData/Telegram-Mac-fygdgghdgmuleoelvxabfmqiotta/Build/Intermediates.noindex/Telegram.build/Debug/TelegramShare.build/assetcatalog_output/thinned (in target 'TelegramShare' from project 'Telegram')
    cd /Users/buddhirajgautam/Documents/Cherrygram-Mac/macOS-Swift
    /bin/mkdir -p /Users/buddhirajgautam/Library/Developer/Xcode/DerivedData/Telegram-Mac-fygdgghdgmuleoelvxabfmqiotta/Build/Intermediates.noindex/Telegram.build/Debug/TelegramShare.build/assetcatalog_output/thinned

SwiftDriverJobDiscovery normal arm64 Compiling VideoSource.swift (in target 'CallVideoLayer' from project 'CallVideoLayer')

GenerateAssetSymbols /Users/buddhirajgautam/Documents/Cherrygram-Mac/macOS-Swift/Telegram-Mac/Assets.xcassets (in target 'TelegramShare' from project 'Telegram')
    cd /Users/buddhirajgautam/Documents/Cherrygram-Mac/macOS-Swift
    /Applications/Xcode.app/Contents/Developer/usr/bin/actool /Users/buddhirajgautam/Documents/Cherrygram-Mac/macOS-Swift/Telegram-Mac/Assets.xcassets --compile /Users/buddhirajgautam/Library/Developer/Xcode/DerivedData/Telegram-Mac-fygdgghdgmuleoelvxabfmqiotta/Build/Products/Debug/TelegramShare.appex/Contents/Resources --output-format human-readable-text --notices --warnings --export-dependency-info /Users/buddhirajgautam/Library/Developer/Xcode/DerivedData/Telegram-Mac-fygdgghdgmuleoelvxabfmqiotta/Build/Intermediates.noindex/Telegram.build/Debug/TelegramShare.build/assetcatalog_dependencies --output-partial-info-plist /Users/buddhirajgautam/Library/Developer/Xcode/DerivedData/Telegram-Mac-fygdgghdgmuleoelvxabfmqiotta/Build/Intermediates.noindex/Telegram.build/Debug/TelegramShare.build/assetcatalog_generated_info.plist --enable-on-demand-resources NO --standalone-icon-behavior all --development-region English --target-device mac --minimum-deployment-target 12.0 --platform macosx --bundle-identifier ru.keepcoder.Telegram.TelegramShare --generate-swift-asset-symbol-extensions NO --generate-swift-asset-symbols /Users/buddhirajgautam/Library/Developer/Xcode/DerivedData/Telegram-Mac-fygdgghdgmuleoelvxabfmqiotta/Build/Intermediates.noindex/Telegram.build/Debug/TelegramShare.build/DerivedSources/GeneratedAssetSymbols.swift --generate-objc-asset-symbols /Users/buddhirajgautam/Library/Developer/Xcode/DerivedData/Telegram-Mac-fygdgghdgmuleoelvxabfmqiotta/Build/Intermediates.noindex/Telegram.build/Debug/TelegramShare.build/DerivedSources/GeneratedAssetSymbols.h --generate-asset-symbol-index /Users/buddhirajgautam/Library/Developer/Xcode/DerivedData/Telegram-Mac-fygdgghdgmuleoelvxabfmqiotta/Build/Intermediates.noindex/Telegram.build/Debug/TelegramShare.build/DerivedSources/GeneratedAssetSymbols-Index.plist
/* com.apple.actool.compilation-results */
/Users/buddhirajgautam/Library/Developer/Xcode/DerivedData/Telegram-Mac-fygdgghdgmuleoelvxabfmqiotta/Build/Intermediates.noindex/Telegram.build/Debug/TelegramShare.build/DerivedSources/GeneratedAssetSymbols-Index.plist
/Users/buddhirajgautam/Library/Developer/Xcode/DerivedData/Telegram-Mac-fygdgghdgmuleoelvxabfmqiotta/Build/Intermediates.noindex/Telegram.build/Debug/TelegramShare.build/DerivedSources/GeneratedAssetSymbols.h
/Users/buddhirajgautam/Library/Developer/Xcode/DerivedData/Telegram-Mac-fygdgghdgmuleoelvxabfmqiotta/Build/Intermediates.noindex/Telegram.build/Debug/TelegramShare.build/DerivedSources/GeneratedAssetSymbols.swift


CompileAssetCatalogVariant thinned /Users/buddhirajgautam/Library/Developer/Xcode/DerivedData/Telegram-Mac-fygdgghdgmuleoelvxabfmqiotta/Build/Products/Debug/TelegramShare.appex/Contents/Resources /Users/buddhirajgautam/Documents/Cherrygram-Mac/macOS-Swift/Telegram-Mac/Assets.xcassets (in target 'TelegramShare' from project 'Telegram')
    cd /Users/buddhirajgautam/Documents/Cherrygram-Mac/macOS-Swift
    /Applications/Xcode.app/Contents/Developer/usr/bin/actool /Users/buddhirajgautam/Documents/Cherrygram-Mac/macOS-Swift/Telegram-Mac/Assets.xcassets --compile /Users/buddhirajgautam/Library/Developer/Xcode/DerivedData/Telegram-Mac-fygdgghdgmuleoelvxabfmqiotta/Build/Intermediates.noindex/Telegram.build/Debug/TelegramShare.build/assetcatalog_output/thinned --output-format human-readable-text --notices --warnings --export-dependency-info /Users/buddhirajgautam/Library/Developer/Xcode/DerivedData/Telegram-Mac-fygdgghdgmuleoelvxabfmqiotta/Build/Intermediates.noindex/Telegram.build/Debug/TelegramShare.build/assetcatalog_dependencies_thinned --output-partial-info-plist /Users/buddhirajgautam/Library/Developer/Xcode/DerivedData/Telegram-Mac-fygdgghdgmuleoelvxabfmqiotta/Build/Intermediates.noindex/Telegram.build/Debug/TelegramShare.build/assetcatalog_generated_info.plist_thinned --enable-on-demand-resources NO --standalone-icon-behavior all --development-region English --target-device mac --minimum-deployment-target 12.0 --platform macosx
/* com.apple.actool.compilation-results */
/Users/buddhirajgautam/Library/Developer/Xcode/DerivedData/Telegram-Mac-fygdgghdgmuleoelvxabfmqiotta/Build/Intermediates.noindex/Telegram.build/Debug/TelegramShare.build/assetcatalog_generated_info.plist_thinned
/Users/buddhirajgautam/Library/Developer/Xcode/DerivedData/Telegram-Mac-fygdgghdgmuleoelvxabfmqiotta/Build/Intermediates.noindex/Telegram.build/Debug/TelegramShare.build/assetcatalog_output/thinned/Assets.car


RegisterExecutionPolicyException /Users/buddhirajgautam/Library/Developer/Xcode/DerivedData/Telegram-Mac-fygdgghdgmuleoelvxabfmqiotta/Build/Products/Debug/Autoupdate.app (in target 'Autoupdate' from project 'Sparkle')
    cd /Users/buddhirajgautam/Documents/Cherrygram-Mac/macOS-Swift/submodules/Sparkle
    builtin-RegisterExecutionPolicyException /Users/buddhirajgautam/Library/Developer/Xcode/DerivedData/Telegram-Mac-fygdgghdgmuleoelvxabfmqiotta/Build/Products/Debug/Autoupdate.app

SwiftDriverJobDiscovery normal arm64 Compiling Math.swift (in target 'CallVideoLayer' from project 'CallVideoLayer')

Validate /Users/buddhirajgautam/Library/Developer/Xcode/DerivedData/Telegram-Mac-fygdgghdgmuleoelvxabfmqiotta/Build/Products/Debug/Autoupdate.app (in target 'Autoupdate' from project 'Sparkle')
    cd /Users/buddhirajgautam/Documents/Cherrygram-Mac/macOS-Swift/submodules/Sparkle
    builtin-validationUtility /Users/buddhirajgautam/Library/Developer/Xcode/DerivedData/Telegram-Mac-fygdgghdgmuleoelvxabfmqiotta/Build/Products/Debug/Autoupdate.app -no-validate-extension -infoplist-subpath Contents/Info.plist

Ld /Users/buddhirajgautam/Library/Developer/Xcode/DerivedData/Telegram-Mac-fygdgghdgmuleoelvxabfmqiotta/Build/Products/Debug/GoogleUtilities-UserDefaults.o normal (in target 'GoogleUtilities-UserDefaults' from project 'GoogleUtilities')
    cd /Users/buddhirajgautam/Library/Developer/Xcode/DerivedData/Telegram-Mac-fygdgghdgmuleoelvxabfmqiotta/SourcePackages/checkouts/GoogleUtilities
    /Applications/Xcode.app/Contents/Developer/Toolchains/XcodeDefault.xctoolchain/usr/bin/clang -Xlinker -reproducible -target arm64-apple-macos12.0 -r -isysroot /Applications/Xcode.app/Contents/Developer/Platforms/MacOSX.platform/Developer/SDKs/MacOSX27.0.sdk -O0 -w -Xlinker -no_warn_duplicate_libraries -F/Users/buddhirajgautam/Library/Developer/Xcode/DerivedData/Telegram-Mac-fygdgghdgmuleoelvxabfmqiotta/Build/Intermediates.noindex/EagerLinkingTBDs/Debug -F/Users/buddhirajgautam/Library/Developer/Xcode/DerivedData/Telegram-Mac-fygdgghdgmuleoelvxabfmqiotta/Build/Products/Debug/PackageFrameworks -F/Users/buddhirajgautam/Library/Developer/Xcode/DerivedData/Telegram-Mac-fygdgghdgmuleoelvxabfmqiotta/Build/Products/Debug -iframework /Applications/Xcode.app/Contents/Developer/Platforms/MacOSX.platform/Developer/Library/Frameworks -filelist /Users/buddhirajgautam/Library/Developer/Xcode/DerivedData/Telegram-Mac-fygdgghdgmuleoelvxabfmqiotta/Build/Intermediates.noindex/GoogleUtilities.build/Debug/GoogleUtilities-UserDefaults-t.build/Objects-normal/arm64/GoogleUtilities-UserDefaults.LinkFileList -nostdlib -Xlinker -object_path_lto -Xlinker /Users/buddhirajgautam/Library/Developer/Xcode/DerivedData/Telegram-Mac-fygdgghdgmuleoelvxabfmqiotta/Build/Intermediates.noindex/GoogleUtilities.build/Debug/GoogleUtilities-UserDefaults-t.build/Objects-normal/arm64/GoogleUtilities-UserDefaults_lto.o -Xlinker -no_deduplicate -Xlinker -debug_variant -Xlinker -dependency_info -Xlinker /Users/buddhirajgautam/Library/Developer/Xcode/DerivedData/Telegram-Mac-fygdgghdgmuleoelvxabfmqiotta/Build/Intermediates.noindex/GoogleUtilities.build/Debug/GoogleUtilities-UserDefaults-t.build/Objects-normal/arm64/GoogleUtilities-UserDefaults_dependency_info.dat -fobjc-arc -fobjc-link-runtime -o /Users/buddhirajgautam/Library/Developer/Xcode/DerivedData/Telegram-Mac-fygdgghdgmuleoelvxabfmqiotta/Build/Products/Debug/GoogleUtilities-UserDefaults.o

Ld /Users/buddhirajgautam/Library/Developer/Xcode/DerivedData/Telegram-Mac-fygdgghdgmuleoelvxabfmqiotta/Build/Products/Debug/TelegramVoip.o normal (in target 'TelegramVoip' from project 'TelegramVoip')
    cd /Users/buddhirajgautam/Documents/Cherrygram-Mac/macOS-Swift/submodules/telegram-ios/submodules/TelegramVoip
    /Applications/Xcode.app/Contents/Developer/Toolchains/XcodeDefault.xctoolchain/usr/bin/clang -Xlinker -reproducible -target arm64-apple-macos12.0 -r -isysroot /Applications/Xcode.app/Contents/Developer/Platforms/MacOSX.platform/Developer/SDKs/MacOSX27.0.sdk -O0 -Xlinker -no_warn_duplicate_libraries -F/Users/buddhirajgautam/Library/Developer/Xcode/DerivedData/Telegram-Mac-fygdgghdgmuleoelvxabfmqiotta/Build/Intermediates.noindex/EagerLinkingTBDs/Debug -F/Users/buddhirajgautam/Library/Developer/Xcode/DerivedData/Telegram-Mac-fygdgghdgmuleoelvxabfmqiotta/Build/Products/Debug/PackageFrameworks -F/Users/buddhirajgautam/Library/Developer/Xcode/DerivedData/Telegram-Mac-fygdgghdgmuleoelvxabfmqiotta/Build/Products/Debug -iframework /Applications/Xcode.app/Contents/Developer/Platforms/MacOSX.platform/Developer/Library/Frameworks -filelist /Users/buddhirajgautam/Library/Developer/Xcode/DerivedData/Telegram-Mac-fygdgghdgmuleoelvxabfmqiotta/Build/Intermediates.noindex/TelegramVoip.build/Debug/TelegramVoip-t.build/Objects-normal/arm64/TelegramVoip.LinkFileList -nostdlib -Xlinker -object_path_lto -Xlinker /Users/buddhirajgautam/Library/Developer/Xcode/DerivedData/Telegram-Mac-fygdgghdgmuleoelvxabfmqiotta/Build/Intermediates.noindex/TelegramVoip.build/Debug/TelegramVoip-t.build/Objects-normal/arm64/TelegramVoip_lto.o -Xlinker -no_deduplicate -Xlinker -debug_variant -Xlinker -dependency_info -Xlinker /Users/buddhirajgautam/Library/Developer/Xcode/DerivedData/Telegram-Mac-fygdgghdgmuleoelvxabfmqiotta/Build/Intermediates.noindex/TelegramVoip.build/Debug/TelegramVoip-t.build/Objects-normal/arm64/TelegramVoip_dependency_info.dat -fobjc-link-runtime -L/Applications/Xcode.app/Contents/Developer/Toolchains/XcodeDefault.xctoolchain/usr/lib/swift/macosx -L/usr/lib/swift -Xlinker -add_ast_path -Xlinker /Users/buddhirajgautam/Library/Developer/Xcode/DerivedData/Telegram-Mac-fygdgghdgmuleoelvxabfmqiotta/Build/Intermediates.noindex/TelegramVoip.build/Debug/TelegramVoip-t.build/Objects-normal/arm64/TelegramVoip.swiftmodule -o /Users/buddhirajgautam/Library/Developer/Xcode/DerivedData/Telegram-Mac-fygdgghdgmuleoelvxabfmqiotta/Build/Products/Debug/TelegramVoip.o

Ld /Users/buddhirajgautam/Library/Developer/Xcode/DerivedData/Telegram-Mac-fygdgghdgmuleoelvxabfmqiotta/Build/Products/Debug/GoogleUtilities-Reachability.o normal (in target 'GoogleUtilities-Reachability' from project 'GoogleUtilities')
    cd /Users/buddhirajgautam/Library/Developer/Xcode/DerivedData/Telegram-Mac-fygdgghdgmuleoelvxabfmqiotta/SourcePackages/checkouts/GoogleUtilities
    /Applications/Xcode.app/Contents/Developer/Toolchains/XcodeDefault.xctoolchain/usr/bin/clang -Xlinker -reproducible -target arm64-apple-macos12.0 -r -isysroot /Applications/Xcode.app/Contents/Developer/Platforms/MacOSX.platform/Developer/SDKs/MacOSX27.0.sdk -O0 -w -Xlinker -no_warn_duplicate_libraries -F/Users/buddhirajgautam/Library/Developer/Xcode/DerivedData/Telegram-Mac-fygdgghdgmuleoelvxabfmqiotta/Build/Intermediates.noindex/EagerLinkingTBDs/Debug -F/Users/buddhirajgautam/Library/Developer/Xcode/DerivedData/Telegram-Mac-fygdgghdgmuleoelvxabfmqiotta/Build/Products/Debug/PackageFrameworks -F/Users/buddhirajgautam/Library/Developer/Xcode/DerivedData/Telegram-Mac-fygdgghdgmuleoelvxabfmqiotta/Build/Products/Debug -iframework /Applications/Xcode.app/Contents/Developer/Platforms/MacOSX.platform/Developer/Library/Frameworks -filelist /Users/buddhirajgautam/Library/Developer/Xcode/DerivedData/Telegram-Mac-fygdgghdgmuleoelvxabfmqiotta/Build/Intermediates.noindex/GoogleUtilities.build/Debug/GoogleUtilities-Reachability-t.build/Objects-normal/arm64/GoogleUtilities-Reachability.LinkFileList -nostdlib -Xlinker -object_path_lto -Xlinker /Users/buddhirajgautam/Library/Developer/Xcode/DerivedData/Telegram-Mac-fygdgghdgmuleoelvxabfmqiotta/Build/Intermediates.noindex/GoogleUtilities.build/Debug/GoogleUtilities-Reachability-t.build/Objects-normal/arm64/GoogleUtilities-Reachability_lto.o -Xlinker -no_deduplicate -Xlinker -debug_variant -Xlinker -dependency_info -Xlinker /Users/buddhirajgautam/Library/Developer/Xcode/DerivedData/Telegram-Mac-fygdgghdgmuleoelvxabfmqiotta/Build/Intermediates.noindex/GoogleUtilities.build/Debug/GoogleUtilities-Reachability-t.build/Objects-normal/arm64/GoogleUtilities-Reachability_dependency_info.dat -fobjc-arc -fobjc-link-runtime -o /Users/buddhirajgautam/Library/Developer/Xcode/DerivedData/Telegram-Mac-fygdgghdgmuleoelvxabfmqiotta/Build/Products/Debug/GoogleUtilities-Reachability.o

Ld /Users/buddhirajgautam/Library/Developer/Xcode/DerivedData/Telegram-Mac-fygdgghdgmuleoelvxabfmqiotta/Build/Products/Debug/GoogleUtilities-MethodSwizzler.o normal (in target 'GoogleUtilities-MethodSwizzler' from project 'GoogleUtilities')
    cd /Users/buddhirajgautam/Library/Developer/Xcode/DerivedData/Telegram-Mac-fygdgghdgmuleoelvxabfmqiotta/SourcePackages/checkouts/GoogleUtilities
    /Applications/Xcode.app/Contents/Developer/Toolchains/XcodeDefault.xctoolchain/usr/bin/clang -Xlinker -reproducible -target arm64-apple-macos12.0 -r -isysroot /Applications/Xcode.app/Contents/Developer/Platforms/MacOSX.platform/Developer/SDKs/MacOSX27.0.sdk -O0 -w -Xlinker -no_warn_duplicate_libraries -F/Users/buddhirajgautam/Library/Developer/Xcode/DerivedData/Telegram-Mac-fygdgghdgmuleoelvxabfmqiotta/Build/Intermediates.noindex/EagerLinkingTBDs/Debug -F/Users/buddhirajgautam/Library/Developer/Xcode/DerivedData/Telegram-Mac-fygdgghdgmuleoelvxabfmqiotta/Build/Products/Debug/PackageFrameworks -F/Users/buddhirajgautam/Library/Developer/Xcode/DerivedData/Telegram-Mac-fygdgghdgmuleoelvxabfmqiotta/Build/Products/Debug -iframework /Applications/Xcode.app/Contents/Developer/Platforms/MacOSX.platform/Developer/Library/Frameworks -filelist /Users/buddhirajgautam/Library/Developer/Xcode/DerivedData/Telegram-Mac-fygdgghdgmuleoelvxabfmqiotta/Build/Intermediates.noindex/GoogleUtilities.build/Debug/GoogleUtilities-MethodSwizzler-t.build/Objects-normal/arm64/GoogleUtilities-MethodSwizzler.LinkFileList -nostdlib -Xlinker -object_path_lto -Xlinker /Users/buddhirajgautam/Library/Developer/Xcode/DerivedData/Telegram-Mac-fygdgghdgmuleoelvxabfmqiotta/Build/Intermediates.noindex/GoogleUtilities.build/Debug/GoogleUtilities-MethodSwizzler-t.build/Objects-normal/arm64/GoogleUtilities-MethodSwizzler_lto.o -Xlinker -no_deduplicate -Xlinker -debug_variant -Xlinker -dependency_info -Xlinker /Users/buddhirajgautam/Library/Developer/Xcode/DerivedData/Telegram-Mac-fygdgghdgmuleoelvxabfmqiotta/Build/Intermediates.noindex/GoogleUtilities.build/Debug/GoogleUtilities-MethodSwizzler-t.build/Objects-normal/arm64/GoogleUtilities-MethodSwizzler_dependency_info.dat -fobjc-arc -fobjc-link-runtime -o /Users/buddhirajgautam/Library/Developer/Xcode/DerivedData/Telegram-Mac-fygdgghdgmuleoelvxabfmqiotta/Build/Products/Debug/GoogleUtilities-MethodSwizzler.o

Ld /Users/buddhirajgautam/Library/Developer/Xcode/DerivedData/Telegram-Mac-fygdgghdgmuleoelvxabfmqiotta/Build/Products/Debug/FetchManager.o normal (in target 'FetchManager' from project 'FetchManager')
    cd /Users/buddhirajgautam/Documents/Cherrygram-Mac/macOS-Swift/packages/FetchManager
    /Applications/Xcode.app/Contents/Developer/Toolchains/XcodeDefault.xctoolchain/usr/bin/clang -Xlinker -reproducible -target arm64-apple-macos12.0 -r -isysroot /Applications/Xcode.app/Contents/Developer/Platforms/MacOSX.platform/Developer/SDKs/MacOSX27.0.sdk -O0 -Xlinker -no_warn_duplicate_libraries -F/Users/buddhirajgautam/Library/Developer/Xcode/DerivedData/Telegram-Mac-fygdgghdgmuleoelvxabfmqiotta/Build/Intermediates.noindex/EagerLinkingTBDs/Debug -F/Users/buddhirajgautam/Library/Developer/Xcode/DerivedData/Telegram-Mac-fygdgghdgmuleoelvxabfmqiotta/Build/Products/Debug/PackageFrameworks -F/Users/buddhirajgautam/Library/Developer/Xcode/DerivedData/Telegram-Mac-fygdgghdgmuleoelvxabfmqiotta/Build/Products/Debug -iframework /Applications/Xcode.app/Contents/Developer/Platforms/MacOSX.platform/Developer/Library/Frameworks -filelist /Users/buddhirajgautam/Library/Developer/Xcode/DerivedData/Telegram-Mac-fygdgghdgmuleoelvxabfmqiotta/Build/Intermediates.noindex/FetchManager.build/Debug/FetchManager-t.build/Objects-normal/arm64/FetchManager.LinkFileList -nostdlib -Xlinker -object_path_lto -Xlinker /Users/buddhirajgautam/Library/Developer/Xcode/DerivedData/Telegram-Mac-fygdgghdgmuleoelvxabfmqiotta/Build/Intermediates.noindex/FetchManager.build/Debug/FetchManager-t.build/Objects-normal/arm64/FetchManager_lto.o -Xlinker -no_deduplicate -Xlinker -debug_variant -Xlinker -dependency_info -Xlinker /Users/buddhirajgautam/Library/Developer/Xcode/DerivedData/Telegram-Mac-fygdgghdgmuleoelvxabfmqiotta/Build/Intermediates.noindex/FetchManager.build/Debug/FetchManager-t.build/Objects-normal/arm64/FetchManager_dependency_info.dat -fobjc-link-runtime -L/Applications/Xcode.app/Contents/Developer/Toolchains/XcodeDefault.xctoolchain/usr/lib/swift/macosx -L/usr/lib/swift -Xlinker -add_ast_path -Xlinker /Users/buddhirajgautam/Library/Developer/Xcode/DerivedData/Telegram-Mac-fygdgghdgmuleoelvxabfmqiotta/Build/Intermediates.noindex/FetchManager.build/Debug/FetchManager-t.build/Objects-normal/arm64/FetchManager.swiftmodule -o /Users/buddhirajgautam/Library/Developer/Xcode/DerivedData/Telegram-Mac-fygdgghdgmuleoelvxabfmqiotta/Build/Products/Debug/FetchManager.o

Ld /Users/buddhirajgautam/Library/Developer/Xcode/DerivedData/Telegram-Mac-fygdgghdgmuleoelvxabfmqiotta/Build/Products/Debug/FirebaseCore.o normal (in target 'FirebaseCore' from project 'Firebase')
    cd /Users/buddhirajgautam/Library/Developer/Xcode/DerivedData/Telegram-Mac-fygdgghdgmuleoelvxabfmqiotta/SourcePackages/checkouts/firebase-ios-sdk
    /Applications/Xcode.app/Contents/Developer/Toolchains/XcodeDefault.xctoolchain/usr/bin/clang -Xlinker -reproducible -target arm64-apple-macos12.0 -r -isysroot /Applications/Xcode.app/Contents/Developer/Platforms/MacOSX.platform/Developer/SDKs/MacOSX27.0.sdk -O0 -w -Xlinker -no_warn_duplicate_libraries -F/Users/buddhirajgautam/Library/Developer/Xcode/DerivedData/Telegram-Mac-fygdgghdgmuleoelvxabfmqiotta/Build/Intermediates.noindex/EagerLinkingTBDs/Debug -F/Users/buddhirajgautam/Library/Developer/Xcode/DerivedData/Telegram-Mac-fygdgghdgmuleoelvxabfmqiotta/Build/Products/Debug/PackageFrameworks -F/Users/buddhirajgautam/Library/Developer/Xcode/DerivedData/Telegram-Mac-fygdgghdgmuleoelvxabfmqiotta/Build/Products/Debug -iframework /Applications/Xcode.app/Contents/Developer/Platforms/MacOSX.platform/Developer/Library/Frameworks -filelist /Users/buddhirajgautam/Library/Developer/Xcode/DerivedData/Telegram-Mac-fygdgghdgmuleoelvxabfmqiotta/Build/Intermediates.noindex/Firebase.build/Debug/FirebaseCore-t.build/Objects-normal/arm64/FirebaseCore.LinkFileList -nostdlib -Xlinker -object_path_lto -Xlinker /Users/buddhirajgautam/Library/Developer/Xcode/DerivedData/Telegram-Mac-fygdgghdgmuleoelvxabfmqiotta/Build/Intermediates.noindex/Firebase.build/Debug/FirebaseCore-t.build/Objects-normal/arm64/FirebaseCore_lto.o -Xlinker -no_deduplicate -Xlinker -debug_variant -Xlinker -dependency_info -Xlinker /Users/buddhirajgautam/Library/Developer/Xcode/DerivedData/Telegram-Mac-fygdgghdgmuleoelvxabfmqiotta/Build/Intermediates.noindex/Firebase.build/Debug/FirebaseCore-t.build/Objects-normal/arm64/FirebaseCore_dependency_info.dat -fobjc-arc -fobjc-link-runtime -o /Users/buddhirajgautam/Library/Developer/Xcode/DerivedData/Telegram-Mac-fygdgghdgmuleoelvxabfmqiotta/Build/Products/Debug/FirebaseCore.o

Touch /Users/buddhirajgautam/Library/Developer/Xcode/DerivedData/Telegram-Mac-fygdgghdgmuleoelvxabfmqiotta/Build/Products/Debug/Autoupdate.app (in target 'Autoupdate' from project 'Sparkle')
    cd /Users/buddhirajgautam/Documents/Cherrygram-Mac/macOS-Swift/submodules/Sparkle
    /usr/bin/touch -c /Users/buddhirajgautam/Library/Developer/Xcode/DerivedData/Telegram-Mac-fygdgghdgmuleoelvxabfmqiotta/Build/Products/Debug/Autoupdate.app

ExtractAppIntentsMetadata (in target 'TelegramVoip' from project 'TelegramVoip')
    cd /Users/buddhirajgautam/Documents/Cherrygram-Mac/macOS-Swift/submodules/telegram-ios/submodules/TelegramVoip
    /Applications/Xcode.app/Contents/Developer/Toolchains/XcodeDefault.xctoolchain/usr/bin/appintentsmetadataprocessor --toolchain-dir /var/run/com.apple.security.cryptexd/mnt/com.apple.MobileAsset.MetalToolchain-v27.1.266.1.Pr1pMU/Metal.xctoolchain --module-name TelegramVoip --sdk-root /Applications/Xcode.app/Contents/Developer/Platforms/MacOSX.platform/Developer/SDKs/MacOSX27.0.sdk --xcode-version 27A266a --platform-family macOS --deployment-target 12.0 --bundle-identifier telegramvoip.TelegramVoip --output /Users/buddhirajgautam/Library/Developer/Xcode/DerivedData/Telegram-Mac-fygdgghdgmuleoelvxabfmqiotta/Build/Products/Debug/TelegramVoip.appintents --target-triple arm64-apple-macos12.0 --binary-file /Users/buddhirajgautam/Library/Developer/Xcode/DerivedData/Telegram-Mac-fygdgghdgmuleoelvxabfmqiotta/Build/Products/Debug/TelegramVoip.o --dependency-file /Users/buddhirajgautam/Library/Developer/Xcode/DerivedData/Telegram-Mac-fygdgghdgmuleoelvxabfmqiotta/Build/Intermediates.noindex/TelegramVoip.build/Debug/TelegramVoip-t.build/Objects-normal/arm64/TelegramVoip_dependency_info.dat --stringsdata-file /Users/buddhirajgautam/Library/Developer/Xcode/DerivedData/Telegram-Mac-fygdgghdgmuleoelvxabfmqiotta/Build/Intermediates.noindex/TelegramVoip.build/Debug/TelegramVoip-t.build/Objects-normal/arm64/ExtractedAppShortcutsMetadata.stringsdata --source-file-list /Users/buddhirajgautam/Library/Developer/Xcode/DerivedData/Telegram-Mac-fygdgghdgmuleoelvxabfmqiotta/Build/Intermediates.noindex/TelegramVoip.build/Debug/TelegramVoip-t.build/Objects-normal/arm64/TelegramVoip.SwiftFileList --metadata-file-list /Users/buddhirajgautam/Library/Developer/Xcode/DerivedData/Telegram-Mac-fygdgghdgmuleoelvxabfmqiotta/Build/Intermediates.noindex/TelegramVoip.build/Debug/TelegramVoip-t.build/TelegramVoip.DependencyMetadataFileList --static-metadata-file-list /Users/buddhirajgautam/Library/Developer/Xcode/DerivedData/Telegram-Mac-fygdgghdgmuleoelvxabfmqiotta/Build/Intermediates.noindex/TelegramVoip.build/Debug/TelegramVoip-t.build/TelegramVoip.DependencyStaticMetadataFileList --swift-const-vals-list /Users/buddhirajgautam/Library/Developer/Xcode/DerivedData/Telegram-Mac-fygdgghdgmuleoelvxabfmqiotta/Build/Intermediates.noindex/TelegramVoip.build/Debug/TelegramVoip-t.build/Objects-normal/arm64/TelegramVoip.SwiftConstValuesFileList --force --compile-time-extraction --deployment-aware-processing --no-app-shortcuts-localization
2026-09-21 20:25:27.676 appintentsmetadataprocessor[56755:3890058] Starting appintentsmetadataprocessor export
2026-09-21 20:25:27.845 appintentsmetadataprocessor[56755:3890058] Extracted no relevant App Intents symbols, skipping writing output

RegisterWithLaunchServices /Users/buddhirajgautam/Library/Developer/Xcode/DerivedData/Telegram-Mac-fygdgghdgmuleoelvxabfmqiotta/Build/Products/Debug/Autoupdate.app (in target 'Autoupdate' from project 'Sparkle')
    cd /Users/buddhirajgautam/Documents/Cherrygram-Mac/macOS-Swift/submodules/Sparkle
    builtin-lsregisterurl --record-path /Users/buddhirajgautam/Library/Developer/Xcode/DerivedData/Telegram-Mac-fygdgghdgmuleoelvxabfmqiotta/Build/Intermediates.noindex/XCBuildData/registered-launchservices.txt -- /System/Library/Frameworks/CoreServices.framework/Versions/Current/Frameworks/LaunchServices.framework/Versions/Current/Support/lsregister -f -R -trusted /Users/buddhirajgautam/Library/Developer/Xcode/DerivedData/Telegram-Mac-fygdgghdgmuleoelvxabfmqiotta/Build/Products/Debug/Autoupdate.app

SwiftDriverJobDiscovery normal arm64 Compiling MetalCallVideoView.swift (in target 'CallVideoLayer' from project 'CallVideoLayer')

SwiftDriverJobDiscovery normal arm64 Compiling CallBlobsLayer.swift (in target 'CallVideoLayer' from project 'CallVideoLayer')

Ld /Users/buddhirajgautam/Library/Developer/Xcode/DerivedData/Telegram-Mac-fygdgghdgmuleoelvxabfmqiotta/Build/Products/Debug/TGUIKit.o normal (in target 'TGUIKit' from project 'TGUIKit')
    cd /Users/buddhirajgautam/Documents/Cherrygram-Mac/macOS-Swift/packages/TGUIKit
    /Applications/Xcode.app/Contents/Developer/Toolchains/XcodeDefault.xctoolchain/usr/bin/clang -Xlinker -reproducible -target arm64-apple-macos12.0 -r -isysroot /Applications/Xcode.app/Contents/Developer/Platforms/MacOSX.platform/Developer/SDKs/MacOSX27.0.sdk -O0 -Xlinker -no_warn_duplicate_libraries -F/Users/buddhirajgautam/Library/Developer/Xcode/DerivedData/Telegram-Mac-fygdgghdgmuleoelvxabfmqiotta/Build/Intermediates.noindex/EagerLinkingTBDs/Debug -F/Users/buddhirajgautam/Library/Developer/Xcode/DerivedData/Telegram-Mac-fygdgghdgmuleoelvxabfmqiotta/Build/Products/Debug/PackageFrameworks -F/Users/buddhirajgautam/Library/Developer/Xcode/DerivedData/Telegram-Mac-fygdgghdgmuleoelvxabfmqiotta/Build/Products/Debug -iframework /Applications/Xcode.app/Contents/Developer/Platforms/MacOSX.platform/Developer/Library/Frameworks -filelist /Users/buddhirajgautam/Library/Developer/Xcode/DerivedData/Telegram-Mac-fygdgghdgmuleoelvxabfmqiotta/Build/Intermediates.noindex/TGUIKit.build/Debug/TGUIKit-t.build/Objects-normal/arm64/TGUIKit.LinkFileList -nostdlib -Xlinker -object_path_lto -Xlinker /Users/buddhirajgautam/Library/Developer/Xcode/DerivedData/Telegram-Mac-fygdgghdgmuleoelvxabfmqiotta/Build/Intermediates.noindex/TGUIKit.build/Debug/TGUIKit-t.build/Objects-normal/arm64/TGUIKit_lto.o -Xlinker -no_deduplicate -Xlinker -debug_variant -Xlinker -dependency_info -Xlinker /Users/buddhirajgautam/Library/Developer/Xcode/DerivedData/Telegram-Mac-fygdgghdgmuleoelvxabfmqiotta/Build/Intermediates.noindex/TGUIKit.build/Debug/TGUIKit-t.build/Objects-normal/arm64/TGUIKit_dependency_info.dat -fobjc-link-runtime -L/Applications/Xcode.app/Contents/Developer/Toolchains/XcodeDefault.xctoolchain/usr/lib/swift/macosx -L/usr/lib/swift -Xlinker -add_ast_path -Xlinker /Users/buddhirajgautam/Library/Developer/Xcode/DerivedData/Telegram-Mac-fygdgghdgmuleoelvxabfmqiotta/Build/Intermediates.noindex/TGUIKit.build/Debug/TGUIKit-t.build/Objects-normal/arm64/TGUIKit.swiftmodule -o /Users/buddhirajgautam/Library/Developer/Xcode/DerivedData/Telegram-Mac-fygdgghdgmuleoelvxabfmqiotta/Build/Products/Debug/TGUIKit.o

ExtractAppIntentsMetadata (in target 'FetchManager' from project 'FetchManager')
    cd /Users/buddhirajgautam/Documents/Cherrygram-Mac/macOS-Swift/packages/FetchManager
    /Applications/Xcode.app/Contents/Developer/Toolchains/XcodeDefault.xctoolchain/usr/bin/appintentsmetadataprocessor --toolchain-dir /var/run/com.apple.security.cryptexd/mnt/com.apple.MobileAsset.MetalToolchain-v27.1.266.1.Pr1pMU/Metal.xctoolchain --module-name FetchManager --sdk-root /Applications/Xcode.app/Contents/Developer/Platforms/MacOSX.platform/Developer/SDKs/MacOSX27.0.sdk --xcode-version 27A266a --platform-family macOS --deployment-target 12.0 --bundle-identifier fetchmanager.FetchManager --output /Users/buddhirajgautam/Library/Developer/Xcode/DerivedData/Telegram-Mac-fygdgghdgmuleoelvxabfmqiotta/Build/Products/Debug/FetchManager.appintents --target-triple arm64-apple-macos12.0 --binary-file /Users/buddhirajgautam/Library/Developer/Xcode/DerivedData/Telegram-Mac-fygdgghdgmuleoelvxabfmqiotta/Build/Products/Debug/FetchManager.o --dependency-file /Users/buddhirajgautam/Library/Developer/Xcode/DerivedData/Telegram-Mac-fygdgghdgmuleoelvxabfmqiotta/Build/Intermediates.noindex/FetchManager.build/Debug/FetchManager-t.build/Objects-normal/arm64/FetchManager_dependency_info.dat --stringsdata-file /Users/buddhirajgautam/Library/Developer/Xcode/DerivedData/Telegram-Mac-fygdgghdgmuleoelvxabfmqiotta/Build/Intermediates.noindex/FetchManager.build/Debug/FetchManager-t.build/Objects-normal/arm64/ExtractedAppShortcutsMetadata.stringsdata --source-file-list /Users/buddhirajgautam/Library/Developer/Xcode/DerivedData/Telegram-Mac-fygdgghdgmuleoelvxabfmqiotta/Build/Intermediates.noindex/FetchManager.build/Debug/FetchManager-t.build/Objects-normal/arm64/FetchManager.SwiftFileList --metadata-file-list /Users/buddhirajgautam/Library/Developer/Xcode/DerivedData/Telegram-Mac-fygdgghdgmuleoelvxabfmqiotta/Build/Intermediates.noindex/FetchManager.build/Debug/FetchManager-t.build/FetchManager.DependencyMetadataFileList --static-metadata-file-list /Users/buddhirajgautam/Library/Developer/Xcode/DerivedData/Telegram-Mac-fygdgghdgmuleoelvxabfmqiotta/Build/Intermediates.noindex/FetchManager.build/Debug/FetchManager-t.build/FetchManager.DependencyStaticMetadataFileList --swift-const-vals-list /Users/buddhirajgautam/Library/Developer/Xcode/DerivedData/Telegram-Mac-fygdgghdgmuleoelvxabfmqiotta/Build/Intermediates.noindex/FetchManager.build/Debug/FetchManager-t.build/Objects-normal/arm64/FetchManager.SwiftConstValuesFileList --force --compile-time-extraction --deployment-aware-processing --no-app-shortcuts-localization
2026-09-21 20:25:29.054 appintentsmetadataprocessor[56768:3890382] Starting appintentsmetadataprocessor export
2026-09-21 20:25:29.221 appintentsmetadataprocessor[56768:3890382] Extracted no relevant App Intents symbols, skipping writing output

Ld /Users/buddhirajgautam/Library/Developer/Xcode/DerivedData/Telegram-Mac-fygdgghdgmuleoelvxabfmqiotta/Build/Products/Debug/GoogleUtilities-Network.o normal (in target 'GoogleUtilities-Network' from project 'GoogleUtilities')
    cd /Users/buddhirajgautam/Library/Developer/Xcode/DerivedData/Telegram-Mac-fygdgghdgmuleoelvxabfmqiotta/SourcePackages/checkouts/GoogleUtilities
    /Applications/Xcode.app/Contents/Developer/Toolchains/XcodeDefault.xctoolchain/usr/bin/clang -Xlinker -reproducible -target arm64-apple-macos12.0 -r -isysroot /Applications/Xcode.app/Contents/Developer/Platforms/MacOSX.platform/Developer/SDKs/MacOSX27.0.sdk -O0 -w -Xlinker -no_warn_duplicate_libraries -F/Users/buddhirajgautam/Library/Developer/Xcode/DerivedData/Telegram-Mac-fygdgghdgmuleoelvxabfmqiotta/Build/Intermediates.noindex/EagerLinkingTBDs/Debug -F/Users/buddhirajgautam/Library/Developer/Xcode/DerivedData/Telegram-Mac-fygdgghdgmuleoelvxabfmqiotta/Build/Products/Debug/PackageFrameworks -F/Users/buddhirajgautam/Library/Developer/Xcode/DerivedData/Telegram-Mac-fygdgghdgmuleoelvxabfmqiotta/Build/Products/Debug -iframework /Applications/Xcode.app/Contents/Developer/Platforms/MacOSX.platform/Developer/Library/Frameworks -filelist /Users/buddhirajgautam/Library/Developer/Xcode/DerivedData/Telegram-Mac-fygdgghdgmuleoelvxabfmqiotta/Build/Intermediates.noindex/GoogleUtilities.build/Debug/GoogleUtilities-Network-t.build/Objects-normal/arm64/GoogleUtilities-Network.LinkFileList -nostdlib -Xlinker -object_path_lto -Xlinker /Users/buddhirajgautam/Library/Developer/Xcode/DerivedData/Telegram-Mac-fygdgghdgmuleoelvxabfmqiotta/Build/Intermediates.noindex/GoogleUtilities.build/Debug/GoogleUtilities-Network-t.build/Objects-normal/arm64/GoogleUtilities-Network_lto.o -Xlinker -no_deduplicate -Xlinker -debug_variant -Xlinker -dependency_info -Xlinker /Users/buddhirajgautam/Library/Developer/Xcode/DerivedData/Telegram-Mac-fygdgghdgmuleoelvxabfmqiotta/Build/Intermediates.noindex/GoogleUtilities.build/Debug/GoogleUtilities-Network-t.build/Objects-normal/arm64/GoogleUtilities-Network_dependency_info.dat -fobjc-arc -fobjc-link-runtime -o /Users/buddhirajgautam/Library/Developer/Xcode/DerivedData/Telegram-Mac-fygdgghdgmuleoelvxabfmqiotta/Build/Products/Debug/GoogleUtilities-Network.o

SwiftDriver\ Compilation CallVideoLayer normal arm64 com.apple.xcode.tools.swift.compiler (in target 'CallVideoLayer' from project 'CallVideoLayer')
    cd /Users/buddhirajgautam/Documents/Cherrygram-Mac/macOS-Swift
    builtin-Swift-Compilation -- /Applications/Xcode.app/Contents/Developer/Toolchains/XcodeDefault.xctoolchain/usr/bin/swiftc -parse-as-library -module-name CallVideoLayer -Onone @/Users/buddhirajgautam/Library/Developer/Xcode/DerivedData/Telegram-Mac-fygdgghdgmuleoelvxabfmqiotta/Build/Intermediates.noindex/CallVideoLayer.build/Debug/CallVideoLayer-t.build/Objects-normal/arm64/CallVideoLayer.SwiftFileList -DSWIFT_PACKAGE -DDEBUG -DSWIFT_MODULE_RESOURCE_BUNDLE_AVAILABLE -Xcc -fmodule-map-file\=/Users/buddhirajgautam/Library/Developer/Xcode/DerivedData/Telegram-Mac-fygdgghdgmuleoelvxabfmqiotta/Build/Intermediates.noindex/GeneratedModuleMaps/ShelfPack.modulemap -Xcc -fmodule-map-file\=/Users/buddhirajgautam/Library/Developer/Xcode/DerivedData/Telegram-Mac-fygdgghdgmuleoelvxabfmqiotta/Build/Intermediates.noindex/GeneratedModuleMaps/ObjcUtils.modulemap -DXcode -plugin-path /Applications/Xcode.app/Contents/Developer/Toolchains/XcodeDefault.xctoolchain/usr/lib/swift/host/plugins/testing -enable-experimental-feature DebugDescriptionMacro -sdk /Applications/Xcode.app/Contents/Developer/Platforms/MacOSX.platform/Developer/SDKs/MacOSX27.0.sdk -target arm64-apple-macos12.0 -g -module-cache-path /Users/buddhirajgautam/Library/Developer/Xcode/DerivedData/ModuleCache.noindex -Xfrontend -serialize-debugging-options -profile-coverage-mapping -profile-generate -enable-testing -index-store-path /Users/buddhirajgautam/Library/Developer/Xcode/DerivedData/Telegram-Mac-fygdgghdgmuleoelvxabfmqiotta/Index.noindex/DataStore -Xcc -D_LIBCPP_HARDENING_MODE\=_LIBCPP_HARDENING_MODE_DEBUG -swift-version 5 -I /Users/buddhirajgautam/Library/Developer/Xcode/DerivedData/Telegram-Mac-fygdgghdgmuleoelvxabfmqiotta/Build/Products/Debug -Isystem /Applications/Xcode.app/Contents/Developer/Platforms/MacOSX.platform/Developer/usr/lib -F /Users/buddhirajgautam/Library/Developer/Xcode/DerivedData/Telegram-Mac-fygdgghdgmuleoelvxabfmqiotta/Build/Products/Debug/PackageFrameworks -F /Users/buddhirajgautam/Library/Developer/Xcode/DerivedData/Telegram-Mac-fygdgghdgmuleoelvxabfmqiotta/Build/Products/Debug -F /Applications/Xcode.app/Contents/Developer/Platforms/MacOSX.platform/Developer/Library/Frameworks -c -j8 -enable-batch-mode -incremental -Xcc -ivfsstatcache -Xcc /Users/buddhirajgautam/Library/Developer/Xcode/DerivedData/SDKStatCaches.noindex/macosx27.0-26A425-e829b21a6f8c9b70876ba0858053c0447231f6df4def33e022ae2eb8f782df1a.sdkstatcache -output-file-map /Users/buddhirajgautam/Library/Developer/Xcode/DerivedData/Telegram-Mac-fygdgghdgmuleoelvxabfmqiotta/Build/Intermediates.noindex/CallVideoLayer.build/Debug/CallVideoLayer-t.build/Objects-normal/arm64/CallVideoLayer-OutputFileMap.json -save-temps -no-color-diagnostics -explicit-module-build -module-cache-path /Users/buddhirajgautam/Library/Developer/Xcode/DerivedData/Telegram-Mac-fygdgghdgmuleoelvxabfmqiotta/Build/Intermediates.noindex/SwiftExplicitPrecompiledModules -clang-scanner-module-cache-path /Users/buddhirajgautam/Library/Developer/Xcode/DerivedData/ModuleCache.noindex -sdk-module-cache-path /Users/buddhirajgautam/Library/Developer/Xcode/DerivedData/SDKExplicitPrecompiledModules -emit-dependencies -emit-module -emit-module-path /Users/buddhirajgautam/Library/Developer/Xcode/DerivedData/Telegram-Mac-fygdgghdgmuleoelvxabfmqiotta/Build/Intermediates.noindex/CallVideoLayer.build/Debug/CallVideoLayer-t.build/Objects-normal/arm64/CallVideoLayer.swiftmodule -serialize-diagnostics -dependency-scan-serialize-diagnostics-path /Users/buddhirajgautam/Library/Developer/Xcode/DerivedData/Telegram-Mac-fygdgghdgmuleoelvxabfmqiotta/Build/Intermediates.noindex/CallVideoLayer.build/Debug/CallVideoLayer-t.build/Objects-normal/arm64/CallVideoLayer-dependency-scan.dia -validate-clang-modules-once -clang-build-session-file /Users/buddhirajgautam/Library/Developer/Xcode/DerivedData/ModuleCache.noindex/Session.modulevalidation -Xcc -fmodules-prune-interval\=86400 -Xcc -fmodules-prune-after\=345600 -emit-const-values -const-gather-protocols-list /Users/buddhirajgautam/Library/Developer/Xcode/DerivedData/Telegram-Mac-fygdgghdgmuleoelvxabfmqiotta/Build/Intermediates.noindex/CallVideoLayer.build/Debug/CallVideoLayer-t.build/Objects-normal/arm64/CallVideoLayer_const_extract_protocols.json -Xcc -I/Users/buddhirajgautam/Documents/Cherrygram-Mac/macOS-Swift/submodules/telegram-ios/submodules/Utils/ShelfPack/PublicHeaders -Xcc -I/Users/buddhirajgautam/Documents/Cherrygram-Mac/macOS-Swift/packages/ObjcUtils/Sources/ObjcUtils -Xcc -I/Users/buddhirajgautam/Library/Developer/Xcode/DerivedData/Telegram-Mac-fygdgghdgmuleoelvxabfmqiotta/Build/Products/Debug/include -Xcc -I/Users/buddhirajgautam/Library/Developer/Xcode/DerivedData/Telegram-Mac-fygdgghdgmuleoelvxabfmqiotta/Build/Intermediates.noindex/CallVideoLayer.build/Debug/CallVideoLayer-t.build/DerivedSources-normal/arm64 -Xcc -I/Users/buddhirajgautam/Library/Developer/Xcode/DerivedData/Telegram-Mac-fygdgghdgmuleoelvxabfmqiotta/Build/Intermediates.noindex/CallVideoLayer.build/Debug/CallVideoLayer-t.build/DerivedSources/arm64 -Xcc -I/Users/buddhirajgautam/Library/Developer/Xcode/DerivedData/Telegram-Mac-fygdgghdgmuleoelvxabfmqiotta/Build/Intermediates.noindex/CallVideoLayer.build/Debug/CallVideoLayer-t.build/DerivedSources -Xcc -DSWIFT_PACKAGE -Xcc -DDEBUG\=1 -emit-objc-header -emit-objc-header-path /Users/buddhirajgautam/Library/Developer/Xcode/DerivedData/Telegram-Mac-fygdgghdgmuleoelvxabfmqiotta/Build/Intermediates.noindex/CallVideoLayer.build/Debug/CallVideoLayer-t.build/Objects-normal/arm64/CallVideoLayer-Swift.h -working-directory /Users/buddhirajgautam/Documents/Cherrygram-Mac/macOS-Swift -experimental-emit-module-separately -disable-cmo

CopyStringsFile /Users/buddhirajgautam/Library/Developer/Xcode/DerivedData/Telegram-Mac-fygdgghdgmuleoelvxabfmqiotta/Build/Products/Debug/Sparkle.framework/Versions/A/Resources/zh_TW.lproj/Sparkle.strings /Users/buddhirajgautam/Documents/Cherrygram-Mac/macOS-Swift/submodules/Sparkle/Sparkle/zh_TW.lproj/Sparkle.strings (in target 'Sparkle' from project 'Sparkle')
    cd /Users/buddhirajgautam/Documents/Cherrygram-Mac/macOS-Swift/submodules/Sparkle
    builtin-copyStrings --validate --inputencoding utf-8 --outputencoding UTF-16 --outfilename Sparkle.strings --outdir /Users/buddhirajgautam/Library/Developer/Xcode/DerivedData/Telegram-Mac-fygdgghdgmuleoelvxabfmqiotta/Build/Products/Debug/Sparkle.framework/Versions/A/Resources/zh_TW.lproj -- /Users/buddhirajgautam/Documents/Cherrygram-Mac/macOS-Swift/submodules/Sparkle/Sparkle/zh_TW.lproj/Sparkle.strings

CopyStringsFile /Users/buddhirajgautam/Library/Developer/Xcode/DerivedData/Telegram-Mac-fygdgghdgmuleoelvxabfmqiotta/Build/Products/Debug/Sparkle.framework/Versions/A/Resources/zh_CN.lproj/Sparkle.strings /Users/buddhirajgautam/Documents/Cherrygram-Mac/macOS-Swift/submodules/Sparkle/Sparkle/zh_CN.lproj/Sparkle.strings (in target 'Sparkle' from project 'Sparkle')
    cd /Users/buddhirajgautam/Documents/Cherrygram-Mac/macOS-Swift/submodules/Sparkle
    builtin-copyStrings --validate --inputencoding utf-8 --outputencoding UTF-16 --outfilename Sparkle.strings --outdir /Users/buddhirajgautam/Library/Developer/Xcode/DerivedData/Telegram-Mac-fygdgghdgmuleoelvxabfmqiotta/Build/Products/Debug/Sparkle.framework/Versions/A/Resources/zh_CN.lproj -- /Users/buddhirajgautam/Documents/Cherrygram-Mac/macOS-Swift/submodules/Sparkle/Sparkle/zh_CN.lproj/Sparkle.strings

CopyStringsFile /Users/buddhirajgautam/Library/Developer/Xcode/DerivedData/Telegram-Mac-fygdgghdgmuleoelvxabfmqiotta/Build/Products/Debug/Sparkle.framework/Versions/A/Resources/uk.lproj/Sparkle.strings /Users/buddhirajgautam/Documents/Cherrygram-Mac/macOS-Swift/submodules/Sparkle/Sparkle/uk.lproj/Sparkle.strings (in target 'Sparkle' from project 'Sparkle')
    cd /Users/buddhirajgautam/Documents/Cherrygram-Mac/macOS-Swift/submodules/Sparkle
    builtin-copyStrings --validate --inputencoding utf-8 --outputencoding UTF-16 --outfilename Sparkle.strings --outdir /Users/buddhirajgautam/Library/Developer/Xcode/DerivedData/Telegram-Mac-fygdgghdgmuleoelvxabfmqiotta/Build/Products/Debug/Sparkle.framework/Versions/A/Resources/uk.lproj -- /Users/buddhirajgautam/Documents/Cherrygram-Mac/macOS-Swift/submodules/Sparkle/Sparkle/uk.lproj/Sparkle.strings

CopyStringsFile /Users/buddhirajgautam/Library/Developer/Xcode/DerivedData/Telegram-Mac-fygdgghdgmuleoelvxabfmqiotta/Build/Products/Debug/Sparkle.framework/Versions/A/Resources/tr.lproj/Sparkle.strings /Users/buddhirajgautam/Documents/Cherrygram-Mac/macOS-Swift/submodules/Sparkle/Sparkle/tr.lproj/Sparkle.strings (in target 'Sparkle' from project 'Sparkle')
    cd /Users/buddhirajgautam/Documents/Cherrygram-Mac/macOS-Swift/submodules/Sparkle
    builtin-copyStrings --validate --outputencoding UTF-16 --outfilename Sparkle.strings --outdir /Users/buddhirajgautam/Library/Developer/Xcode/DerivedData/Telegram-Mac-fygdgghdgmuleoelvxabfmqiotta/Build/Products/Debug/Sparkle.framework/Versions/A/Resources/tr.lproj -- /Users/buddhirajgautam/Documents/Cherrygram-Mac/macOS-Swift/submodules/Sparkle/Sparkle/tr.lproj/Sparkle.strings
/Users/buddhirajgautam/Documents/Cherrygram-Mac/macOS-Swift/submodules/Sparkle/Sparkle/tr.lproj/Sparkle.strings:1:1: note: detected encoding of input file as Unicode (UTF-8) (in target 'Sparkle' from project 'Sparkle')

CopyStringsFile /Users/buddhirajgautam/Library/Developer/Xcode/DerivedData/Telegram-Mac-fygdgghdgmuleoelvxabfmqiotta/Build/Products/Debug/Sparkle.framework/Versions/A/Resources/th.lproj/Sparkle.strings /Users/buddhirajgautam/Documents/Cherrygram-Mac/macOS-Swift/submodules/Sparkle/Sparkle/th.lproj/Sparkle.strings (in target 'Sparkle' from project 'Sparkle')
    cd /Users/buddhirajgautam/Documents/Cherrygram-Mac/macOS-Swift/submodules/Sparkle
    builtin-copyStrings --validate --outputencoding UTF-16 --outfilename Sparkle.strings --outdir /Users/buddhirajgautam/Library/Developer/Xcode/DerivedData/Telegram-Mac-fygdgghdgmuleoelvxabfmqiotta/Build/Products/Debug/Sparkle.framework/Versions/A/Resources/th.lproj -- /Users/buddhirajgautam/Documents/Cherrygram-Mac/macOS-Swift/submodules/Sparkle/Sparkle/th.lproj/Sparkle.strings
/Users/buddhirajgautam/Documents/Cherrygram-Mac/macOS-Swift/submodules/Sparkle/Sparkle/th.lproj/Sparkle.strings:1:1: note: detected encoding of input file as Unicode (UTF-8) (in target 'Sparkle' from project 'Sparkle')

CopyStringsFile /Users/buddhirajgautam/Library/Developer/Xcode/DerivedData/Telegram-Mac-fygdgghdgmuleoelvxabfmqiotta/Build/Products/Debug/Sparkle.framework/Versions/A/Resources/sv.lproj/Sparkle.strings /Users/buddhirajgautam/Documents/Cherrygram-Mac/macOS-Swift/submodules/Sparkle/Sparkle/sv.lproj/Sparkle.strings (in target 'Sparkle' from project 'Sparkle')
    cd /Users/buddhirajgautam/Documents/Cherrygram-Mac/macOS-Swift/submodules/Sparkle
    builtin-copyStrings --validate --inputencoding utf-8 --outputencoding UTF-16 --outfilename Sparkle.strings --outdir /Users/buddhirajgautam/Library/Developer/Xcode/DerivedData/Telegram-Mac-fygdgghdgmuleoelvxabfmqiotta/Build/Products/Debug/Sparkle.framework/Versions/A/Resources/sv.lproj -- /Users/buddhirajgautam/Documents/Cherrygram-Mac/macOS-Swift/submodules/Sparkle/Sparkle/sv.lproj/Sparkle.strings

CopyStringsFile /Users/buddhirajgautam/Library/Developer/Xcode/DerivedData/Telegram-Mac-fygdgghdgmuleoelvxabfmqiotta/Build/Products/Debug/Sparkle.framework/Versions/A/Resources/sl.lproj/Sparkle.strings /Users/buddhirajgautam/Documents/Cherrygram-Mac/macOS-Swift/submodules/Sparkle/Sparkle/sl.lproj/Sparkle.strings (in target 'Sparkle' from project 'Sparkle')
    cd /Users/buddhirajgautam/Documents/Cherrygram-Mac/macOS-Swift/submodules/Sparkle
    builtin-copyStrings --validate --outputencoding UTF-16 --outfilename Sparkle.strings --outdir /Users/buddhirajgautam/Library/Developer/Xcode/DerivedData/Telegram-Mac-fygdgghdgmuleoelvxabfmqiotta/Build/Products/Debug/Sparkle.framework/Versions/A/Resources/sl.lproj -- /Users/buddhirajgautam/Documents/Cherrygram-Mac/macOS-Swift/submodules/Sparkle/Sparkle/sl.lproj/Sparkle.strings
/Users/buddhirajgautam/Documents/Cherrygram-Mac/macOS-Swift/submodules/Sparkle/Sparkle/sl.lproj/Sparkle.strings:1:1: note: detected encoding of input file as Unicode (UTF-8) (in target 'Sparkle' from project 'Sparkle')

CopyStringsFile /Users/buddhirajgautam/Library/Developer/Xcode/DerivedData/Telegram-Mac-fygdgghdgmuleoelvxabfmqiotta/Build/Products/Debug/Sparkle.framework/Versions/A/Resources/sk.lproj/Sparkle.strings /Users/buddhirajgautam/Documents/Cherrygram-Mac/macOS-Swift/submodules/Sparkle/Sparkle/sk.lproj/Sparkle.strings (in target 'Sparkle' from project 'Sparkle')
    cd /Users/buddhirajgautam/Documents/Cherrygram-Mac/macOS-Swift/submodules/Sparkle
    builtin-copyStrings --validate --outputencoding UTF-16 --outfilename Sparkle.strings --outdir /Users/buddhirajgautam/Library/Developer/Xcode/DerivedData/Telegram-Mac-fygdgghdgmuleoelvxabfmqiotta/Build/Products/Debug/Sparkle.framework/Versions/A/Resources/sk.lproj -- /Users/buddhirajgautam/Documents/Cherrygram-Mac/macOS-Swift/submodules/Sparkle/Sparkle/sk.lproj/Sparkle.strings
/Users/buddhirajgautam/Documents/Cherrygram-Mac/macOS-Swift/submodules/Sparkle/Sparkle/sk.lproj/Sparkle.strings:1:1: note: detected encoding of input file as Unicode (UTF-8) (in target 'Sparkle' from project 'Sparkle')

CopyStringsFile /Users/buddhirajgautam/Library/Developer/Xcode/DerivedData/Telegram-Mac-fygdgghdgmuleoelvxabfmqiotta/Build/Products/Debug/Sparkle.framework/Versions/A/Resources/ru.lproj/Sparkle.strings /Users/buddhirajgautam/Documents/Cherrygram-Mac/macOS-Swift/submodules/Sparkle/Sparkle/ru.lproj/Sparkle.strings (in target 'Sparkle' from project 'Sparkle')
    cd /Users/buddhirajgautam/Documents/Cherrygram-Mac/macOS-Swift/submodules/Sparkle
    builtin-copyStrings --validate --inputencoding utf-8 --outputencoding UTF-16 --outfilename Sparkle.strings --outdir /Users/buddhirajgautam/Library/Developer/Xcode/DerivedData/Telegram-Mac-fygdgghdgmuleoelvxabfmqiotta/Build/Products/Debug/Sparkle.framework/Versions/A/Resources/ru.lproj -- /Users/buddhirajgautam/Documents/Cherrygram-Mac/macOS-Swift/submodules/Sparkle/Sparkle/ru.lproj/Sparkle.strings

CopyStringsFile /Users/buddhirajgautam/Library/Developer/Xcode/DerivedData/Telegram-Mac-fygdgghdgmuleoelvxabfmqiotta/Build/Products/Debug/Sparkle.framework/Versions/A/Resources/ro.lproj/Sparkle.strings /Users/buddhirajgautam/Documents/Cherrygram-Mac/macOS-Swift/submodules/Sparkle/Sparkle/ro.lproj/Sparkle.strings (in target 'Sparkle' from project 'Sparkle')
    cd /Users/buddhirajgautam/Documents/Cherrygram-Mac/macOS-Swift/submodules/Sparkle
    builtin-copyStrings --validate --outputencoding UTF-16 --outfilename Sparkle.strings --outdir /Users/buddhirajgautam/Library/Developer/Xcode/DerivedData/Telegram-Mac-fygdgghdgmuleoelvxabfmqiotta/Build/Products/Debug/Sparkle.framework/Versions/A/Resources/ro.lproj -- /Users/buddhirajgautam/Documents/Cherrygram-Mac/macOS-Swift/submodules/Sparkle/Sparkle/ro.lproj/Sparkle.strings
/Users/buddhirajgautam/Documents/Cherrygram-Mac/macOS-Swift/submodules/Sparkle/Sparkle/ro.lproj/Sparkle.strings:1:1: note: detected encoding of input file as Unicode (UTF-8) (in target 'Sparkle' from project 'Sparkle')

CopyStringsFile /Users/buddhirajgautam/Library/Developer/Xcode/DerivedData/Telegram-Mac-fygdgghdgmuleoelvxabfmqiotta/Build/Products/Debug/Sparkle.framework/Versions/A/Resources/pt_PT.lproj/Sparkle.strings /Users/buddhirajgautam/Documents/Cherrygram-Mac/macOS-Swift/submodules/Sparkle/Sparkle/pt_PT.lproj/Sparkle.strings (in target 'Sparkle' from project 'Sparkle')
    cd /Users/buddhirajgautam/Documents/Cherrygram-Mac/macOS-Swift/submodules/Sparkle
    builtin-copyStrings --validate --inputencoding utf-8 --outputencoding UTF-16 --outfilename Sparkle.strings --outdir /Users/buddhirajgautam/Library/Developer/Xcode/DerivedData/Telegram-Mac-fygdgghdgmuleoelvxabfmqiotta/Build/Products/Debug/Sparkle.framework/Versions/A/Resources/pt_PT.lproj -- /Users/buddhirajgautam/Documents/Cherrygram-Mac/macOS-Swift/submodules/Sparkle/Sparkle/pt_PT.lproj/Sparkle.strings

CopyStringsFile /Users/buddhirajgautam/Library/Developer/Xcode/DerivedData/Telegram-Mac-fygdgghdgmuleoelvxabfmqiotta/Build/Products/Debug/Sparkle.framework/Versions/A/Resources/pt_BR.lproj/Sparkle.strings /Users/buddhirajgautam/Documents/Cherrygram-Mac/macOS-Swift/submodules/Sparkle/Sparkle/pt_BR.lproj/Sparkle.strings (in target 'Sparkle' from project 'Sparkle')
    cd /Users/buddhirajgautam/Documents/Cherrygram-Mac/macOS-Swift/submodules/Sparkle
    builtin-copyStrings --validate --inputencoding utf-8 --outputencoding UTF-16 --outfilename Sparkle.strings --outdir /Users/buddhirajgautam/Library/Developer/Xcode/DerivedData/Telegram-Mac-fygdgghdgmuleoelvxabfmqiotta/Build/Products/Debug/Sparkle.framework/Versions/A/Resources/pt_BR.lproj -- /Users/buddhirajgautam/Documents/Cherrygram-Mac/macOS-Swift/submodules/Sparkle/Sparkle/pt_BR.lproj/Sparkle.strings

SwiftExplicitDependencyGeneratePcm arm64 /Users/buddhirajgautam/Library/Developer/Xcode/DerivedData/Telegram-Mac-fygdgghdgmuleoelvxabfmqiotta/Build/Intermediates.noindex/SwiftExplicitPrecompiledModules/GZIP-7MYU1GANKH7PAZAA26CQBYKB9.pcm

SwiftExplicitDependencyGeneratePcm arm64 /Users/buddhirajgautam/Library/Developer/Xcode/DerivedData/Telegram-Mac-fygdgghdgmuleoelvxabfmqiotta/Build/Intermediates.noindex/SwiftExplicitPrecompiledModules/TgVoipWebrtc-TVX4VAKRTRM6ZMYQV5GM0UY9.pcm

SwiftExplicitDependencyGeneratePcm arm64 /Users/buddhirajgautam/Library/Developer/Xcode/DerivedData/Telegram-Mac-fygdgghdgmuleoelvxabfmqiotta/Build/Intermediates.noindex/SwiftExplicitPrecompiledModules/libwebp-2G1TYZQN584PEAOEFA9WPTRB4.pcm

SwiftExplicitDependencyGeneratePcm arm64 /Users/buddhirajgautam/Library/Developer/Xcode/DerivedData/Telegram-Mac-fygdgghdgmuleoelvxabfmqiotta/Build/Intermediates.noindex/SwiftExplicitPrecompiledModules/OpusBinding-AC0OTYEC3K1BBCSKIV83JQS36.pcm

CopyStringsFile /Users/buddhirajgautam/Library/Developer/Xcode/DerivedData/Telegram-Mac-fygdgghdgmuleoelvxabfmqiotta/Build/Products/Debug/Sparkle.framework/Versions/A/Resources/pl.lproj/Sparkle.strings /Users/buddhirajgautam/Documents/Cherrygram-Mac/macOS-Swift/submodules/Sparkle/Sparkle/pl.lproj/Sparkle.strings (in target 'Sparkle' from project 'Sparkle')
    cd /Users/buddhirajgautam/Documents/Cherrygram-Mac/macOS-Swift/submodules/Sparkle
    builtin-copyStrings --validate --inputencoding utf-8 --outputencoding UTF-16 --outfilename Sparkle.strings --outdir /Users/buddhirajgautam/Library/Developer/Xcode/DerivedData/Telegram-Mac-fygdgghdgmuleoelvxabfmqiotta/Build/Products/Debug/Sparkle.framework/Versions/A/Resources/pl.lproj -- /Users/buddhirajgautam/Documents/Cherrygram-Mac/macOS-Swift/submodules/Sparkle/Sparkle/pl.lproj/Sparkle.strings

CopyStringsFile /Users/buddhirajgautam/Library/Developer/Xcode/DerivedData/Telegram-Mac-fygdgghdgmuleoelvxabfmqiotta/Build/Products/Debug/Sparkle.framework/Versions/A/Resources/nl.lproj/Sparkle.strings /Users/buddhirajgautam/Documents/Cherrygram-Mac/macOS-Swift/submodules/Sparkle/Sparkle/nl.lproj/Sparkle.strings (in target 'Sparkle' from project 'Sparkle')
    cd /Users/buddhirajgautam/Documents/Cherrygram-Mac/macOS-Swift/submodules/Sparkle
    builtin-copyStrings --validate --inputencoding utf-8 --outputencoding UTF-16 --outfilename Sparkle.strings --outdir /Users/buddhirajgautam/Library/Developer/Xcode/DerivedData/Telegram-Mac-fygdgghdgmuleoelvxabfmqiotta/Build/Products/Debug/Sparkle.framework/Versions/A/Resources/nl.lproj -- /Users/buddhirajgautam/Documents/Cherrygram-Mac/macOS-Swift/submodules/Sparkle/Sparkle/nl.lproj/Sparkle.strings

CopyStringsFile /Users/buddhirajgautam/Library/Developer/Xcode/DerivedData/Telegram-Mac-fygdgghdgmuleoelvxabfmqiotta/Build/Products/Debug/Sparkle.framework/Versions/A/Resources/nb.lproj/Sparkle.strings /Users/buddhirajgautam/Documents/Cherrygram-Mac/macOS-Swift/submodules/Sparkle/Sparkle/nb.lproj/Sparkle.strings (in target 'Sparkle' from project 'Sparkle')
    cd /Users/buddhirajgautam/Documents/Cherrygram-Mac/macOS-Swift/submodules/Sparkle
    builtin-copyStrings --validate --outputencoding UTF-16 --outfilename Sparkle.strings --outdir /Users/buddhirajgautam/Library/Developer/Xcode/DerivedData/Telegram-Mac-fygdgghdgmuleoelvxabfmqiotta/Build/Products/Debug/Sparkle.framework/Versions/A/Resources/nb.lproj -- /Users/buddhirajgautam/Documents/Cherrygram-Mac/macOS-Swift/submodules/Sparkle/Sparkle/nb.lproj/Sparkle.strings
/Users/buddhirajgautam/Documents/Cherrygram-Mac/macOS-Swift/submodules/Sparkle/Sparkle/nb.lproj/Sparkle.strings:1:1: note: detected encoding of input file as Unicode (UTF-8) (in target 'Sparkle' from project 'Sparkle')

CopyStringsFile /Users/buddhirajgautam/Library/Developer/Xcode/DerivedData/Telegram-Mac-fygdgghdgmuleoelvxabfmqiotta/Build/Products/Debug/Sparkle.framework/Versions/A/Resources/ko.lproj/Sparkle.strings /Users/buddhirajgautam/Documents/Cherrygram-Mac/macOS-Swift/submodules/Sparkle/Sparkle/ko.lproj/Sparkle.strings (in target 'Sparkle' from project 'Sparkle')
    cd /Users/buddhirajgautam/Documents/Cherrygram-Mac/macOS-Swift/submodules/Sparkle
    builtin-copyStrings --validate --outputencoding UTF-16 --outfilename Sparkle.strings --outdir /Users/buddhirajgautam/Library/Developer/Xcode/DerivedData/Telegram-Mac-fygdgghdgmuleoelvxabfmqiotta/Build/Products/Debug/Sparkle.framework/Versions/A/Resources/ko.lproj -- /Users/buddhirajgautam/Documents/Cherrygram-Mac/macOS-Swift/submodules/Sparkle/Sparkle/ko.lproj/Sparkle.strings
/Users/buddhirajgautam/Documents/Cherrygram-Mac/macOS-Swift/submodules/Sparkle/Sparkle/ko.lproj/Sparkle.strings:1:1: note: detected encoding of input file as Unicode (UTF-8) (in target 'Sparkle' from project 'Sparkle')

CopyStringsFile /Users/buddhirajgautam/Library/Developer/Xcode/DerivedData/Telegram-Mac-fygdgghdgmuleoelvxabfmqiotta/Build/Products/Debug/Sparkle.framework/Versions/A/Resources/ja.lproj/Sparkle.strings /Users/buddhirajgautam/Documents/Cherrygram-Mac/macOS-Swift/submodules/Sparkle/Sparkle/ja.lproj/Sparkle.strings (in target 'Sparkle' from project 'Sparkle')
    cd /Users/buddhirajgautam/Documents/Cherrygram-Mac/macOS-Swift/submodules/Sparkle
    builtin-copyStrings --validate --inputencoding utf-8 --outputencoding UTF-16 --outfilename Sparkle.strings --outdir /Users/buddhirajgautam/Library/Developer/Xcode/DerivedData/Telegram-Mac-fygdgghdgmuleoelvxabfmqiotta/Build/Products/Debug/Sparkle.framework/Versions/A/Resources/ja.lproj -- /Users/buddhirajgautam/Documents/Cherrygram-Mac/macOS-Swift/submodules/Sparkle/Sparkle/ja.lproj/Sparkle.strings

CopyStringsFile /Users/buddhirajgautam/Library/Developer/Xcode/DerivedData/Telegram-Mac-fygdgghdgmuleoelvxabfmqiotta/Build/Products/Debug/Sparkle.framework/Versions/A/Resources/it.lproj/Sparkle.strings /Users/buddhirajgautam/Documents/Cherrygram-Mac/macOS-Swift/submodules/Sparkle/Sparkle/it.lproj/Sparkle.strings (in target 'Sparkle' from project 'Sparkle')
    cd /Users/buddhirajgautam/Documents/Cherrygram-Mac/macOS-Swift/submodules/Sparkle
    builtin-copyStrings --validate --inputencoding utf-8 --outputencoding UTF-16 --outfilename Sparkle.strings --outdir /Users/buddhirajgautam/Library/Developer/Xcode/DerivedData/Telegram-Mac-fygdgghdgmuleoelvxabfmqiotta/Build/Products/Debug/Sparkle.framework/Versions/A/Resources/it.lproj -- /Users/buddhirajgautam/Documents/Cherrygram-Mac/macOS-Swift/submodules/Sparkle/Sparkle/it.lproj/Sparkle.strings

CopyStringsFile /Users/buddhirajgautam/Library/Developer/Xcode/DerivedData/Telegram-Mac-fygdgghdgmuleoelvxabfmqiotta/Build/Products/Debug/Sparkle.framework/Versions/A/Resources/is.lproj/Sparkle.strings /Users/buddhirajgautam/Documents/Cherrygram-Mac/macOS-Swift/submodules/Sparkle/Sparkle/is.lproj/Sparkle.strings (in target 'Sparkle' from project 'Sparkle')
    cd /Users/buddhirajgautam/Documents/Cherrygram-Mac/macOS-Swift/submodules/Sparkle
    builtin-copyStrings --validate --inputencoding utf-8 --outputencoding UTF-16 --outfilename Sparkle.strings --outdir /Users/buddhirajgautam/Library/Developer/Xcode/DerivedData/Telegram-Mac-fygdgghdgmuleoelvxabfmqiotta/Build/Products/Debug/Sparkle.framework/Versions/A/Resources/is.lproj -- /Users/buddhirajgautam/Documents/Cherrygram-Mac/macOS-Swift/submodules/Sparkle/Sparkle/is.lproj/Sparkle.strings

CopyStringsFile /Users/buddhirajgautam/Library/Developer/Xcode/DerivedData/Telegram-Mac-fygdgghdgmuleoelvxabfmqiotta/Build/Products/Debug/Sparkle.framework/Versions/A/Resources/hu.lproj/Sparkle.strings /Users/buddhirajgautam/Documents/Cherrygram-Mac/macOS-Swift/submodules/Sparkle/Sparkle/hu.lproj/Sparkle.strings (in target 'Sparkle' from project 'Sparkle')
    cd /Users/buddhirajgautam/Documents/Cherrygram-Mac/macOS-Swift/submodules/Sparkle
    builtin-copyStrings --validate --outputencoding UTF-16 --outfilename Sparkle.strings --outdir /Users/buddhirajgautam/Library/Developer/Xcode/DerivedData/Telegram-Mac-fygdgghdgmuleoelvxabfmqiotta/Build/Products/Debug/Sparkle.framework/Versions/A/Resources/hu.lproj -- /Users/buddhirajgautam/Documents/Cherrygram-Mac/macOS-Swift/submodules/Sparkle/Sparkle/hu.lproj/Sparkle.strings
/Users/buddhirajgautam/Documents/Cherrygram-Mac/macOS-Swift/submodules/Sparkle/Sparkle/hu.lproj/Sparkle.strings:1:1: note: detected encoding of input file as Unicode (UTF-8) (in target 'Sparkle' from project 'Sparkle')

CopyStringsFile /Users/buddhirajgautam/Library/Developer/Xcode/DerivedData/Telegram-Mac-fygdgghdgmuleoelvxabfmqiotta/Build/Products/Debug/Sparkle.framework/Versions/A/Resources/hr.lproj/Sparkle.strings /Users/buddhirajgautam/Documents/Cherrygram-Mac/macOS-Swift/submodules/Sparkle/Sparkle/hr.lproj/Sparkle.strings (in target 'Sparkle' from project 'Sparkle')
    cd /Users/buddhirajgautam/Documents/Cherrygram-Mac/macOS-Swift/submodules/Sparkle
    builtin-copyStrings --validate --outputencoding UTF-16 --outfilename Sparkle.strings --outdir /Users/buddhirajgautam/Library/Developer/Xcode/DerivedData/Telegram-Mac-fygdgghdgmuleoelvxabfmqiotta/Build/Products/Debug/Sparkle.framework/Versions/A/Resources/hr.lproj -- /Users/buddhirajgautam/Documents/Cherrygram-Mac/macOS-Swift/submodules/Sparkle/Sparkle/hr.lproj/Sparkle.strings
/Users/buddhirajgautam/Documents/Cherrygram-Mac/macOS-Swift/submodules/Sparkle/Sparkle/hr.lproj/Sparkle.strings:1:1: note: detected encoding of input file as Unicode (UTF-8) (in target 'Sparkle' from project 'Sparkle')

CopyStringsFile /Users/buddhirajgautam/Library/Developer/Xcode/DerivedData/Telegram-Mac-fygdgghdgmuleoelvxabfmqiotta/Build/Products/Debug/Sparkle.framework/Versions/A/Resources/he.lproj/Sparkle.strings /Users/buddhirajgautam/Documents/Cherrygram-Mac/macOS-Swift/submodules/Sparkle/Sparkle/he.lproj/Sparkle.strings (in target 'Sparkle' from project 'Sparkle')
    cd /Users/buddhirajgautam/Documents/Cherrygram-Mac/macOS-Swift/submodules/Sparkle
    builtin-copyStrings --validate --outputencoding UTF-16 --outfilename Sparkle.strings --outdir /Users/buddhirajgautam/Library/Developer/Xcode/DerivedData/Telegram-Mac-fygdgghdgmuleoelvxabfmqiotta/Build/Products/Debug/Sparkle.framework/Versions/A/Resources/he.lproj -- /Users/buddhirajgautam/Documents/Cherrygram-Mac/macOS-Swift/submodules/Sparkle/Sparkle/he.lproj/Sparkle.strings
/Users/buddhirajgautam/Documents/Cherrygram-Mac/macOS-Swift/submodules/Sparkle/Sparkle/he.lproj/Sparkle.strings:1:1: note: detected encoding of input file as Unicode (UTF-8) (in target 'Sparkle' from project 'Sparkle')

CopyStringsFile /Users/buddhirajgautam/Library/Developer/Xcode/DerivedData/Telegram-Mac-fygdgghdgmuleoelvxabfmqiotta/Build/Products/Debug/Sparkle.framework/Versions/A/Resources/fr.lproj/Sparkle.strings /Users/buddhirajgautam/Documents/Cherrygram-Mac/macOS-Swift/submodules/Sparkle/Sparkle/fr.lproj/Sparkle.strings (in target 'Sparkle' from project 'Sparkle')
    cd /Users/buddhirajgautam/Documents/Cherrygram-Mac/macOS-Swift/submodules/Sparkle
    builtin-copyStrings --validate --inputencoding utf-8 --outputencoding UTF-16 --outfilename Sparkle.strings --outdir /Users/buddhirajgautam/Library/Developer/Xcode/DerivedData/Telegram-Mac-fygdgghdgmuleoelvxabfmqiotta/Build/Products/Debug/Sparkle.framework/Versions/A/Resources/fr.lproj -- /Users/buddhirajgautam/Documents/Cherrygram-Mac/macOS-Swift/submodules/Sparkle/Sparkle/fr.lproj/Sparkle.strings

CopyStringsFile /Users/buddhirajgautam/Library/Developer/Xcode/DerivedData/Telegram-Mac-fygdgghdgmuleoelvxabfmqiotta/Build/Products/Debug/Sparkle.framework/Versions/A/Resources/fi.lproj/Sparkle.strings /Users/buddhirajgautam/Documents/Cherrygram-Mac/macOS-Swift/submodules/Sparkle/Sparkle/fi.lproj/Sparkle.strings (in target 'Sparkle' from project 'Sparkle')
    cd /Users/buddhirajgautam/Documents/Cherrygram-Mac/macOS-Swift/submodules/Sparkle
    builtin-copyStrings --validate --outputencoding UTF-16 --outfilename Sparkle.strings --outdir /Users/buddhirajgautam/Library/Developer/Xcode/DerivedData/Telegram-Mac-fygdgghdgmuleoelvxabfmqiotta/Build/Products/Debug/Sparkle.framework/Versions/A/Resources/fi.lproj -- /Users/buddhirajgautam/Documents/Cherrygram-Mac/macOS-Swift/submodules/Sparkle/Sparkle/fi.lproj/Sparkle.strings
/Users/buddhirajgautam/Documents/Cherrygram-Mac/macOS-Swift/submodules/Sparkle/Sparkle/fi.lproj/Sparkle.strings:1:1: note: detected encoding of input file as Unicode (UTF-8) (in target 'Sparkle' from project 'Sparkle')

CopyStringsFile /Users/buddhirajgautam/Library/Developer/Xcode/DerivedData/Telegram-Mac-fygdgghdgmuleoelvxabfmqiotta/Build/Products/Debug/Sparkle.framework/Versions/A/Resources/es.lproj/Sparkle.strings /Users/buddhirajgautam/Documents/Cherrygram-Mac/macOS-Swift/submodules/Sparkle/Sparkle/es.lproj/Sparkle.strings (in target 'Sparkle' from project 'Sparkle')
    cd /Users/buddhirajgautam/Documents/Cherrygram-Mac/macOS-Swift/submodules/Sparkle
    builtin-copyStrings --validate --inputencoding utf-8 --outputencoding UTF-16 --outfilename Sparkle.strings --outdir /Users/buddhirajgautam/Library/Developer/Xcode/DerivedData/Telegram-Mac-fygdgghdgmuleoelvxabfmqiotta/Build/Products/Debug/Sparkle.framework/Versions/A/Resources/es.lproj -- /Users/buddhirajgautam/Documents/Cherrygram-Mac/macOS-Swift/submodules/Sparkle/Sparkle/es.lproj/Sparkle.strings

CopyStringsFile /Users/buddhirajgautam/Library/Developer/Xcode/DerivedData/Telegram-Mac-fygdgghdgmuleoelvxabfmqiotta/Build/Products/Debug/Sparkle.framework/Versions/A/Resources/en.lproj/Sparkle.strings /Users/buddhirajgautam/Documents/Cherrygram-Mac/macOS-Swift/submodules/Sparkle/Sparkle/en.lproj/Sparkle.strings (in target 'Sparkle' from project 'Sparkle')
    cd /Users/buddhirajgautam/Documents/Cherrygram-Mac/macOS-Swift/submodules/Sparkle
    builtin-copyStrings --validate --inputencoding utf-8 --outputencoding UTF-16 --outfilename Sparkle.strings --outdir /Users/buddhirajgautam/Library/Developer/Xcode/DerivedData/Telegram-Mac-fygdgghdgmuleoelvxabfmqiotta/Build/Products/Debug/Sparkle.framework/Versions/A/Resources/en.lproj -- /Users/buddhirajgautam/Documents/Cherrygram-Mac/macOS-Swift/submodules/Sparkle/Sparkle/en.lproj/Sparkle.strings

CopyStringsFile /Users/buddhirajgautam/Library/Developer/Xcode/DerivedData/Telegram-Mac-fygdgghdgmuleoelvxabfmqiotta/Build/Products/Debug/Sparkle.framework/Versions/A/Resources/el.lproj/Sparkle.strings /Users/buddhirajgautam/Documents/Cherrygram-Mac/macOS-Swift/submodules/Sparkle/Sparkle/el.lproj/Sparkle.strings (in target 'Sparkle' from project 'Sparkle')
    cd /Users/buddhirajgautam/Documents/Cherrygram-Mac/macOS-Swift/submodules/Sparkle
    builtin-copyStrings --validate --outputencoding UTF-16 --outfilename Sparkle.strings --outdir /Users/buddhirajgautam/Library/Developer/Xcode/DerivedData/Telegram-Mac-fygdgghdgmuleoelvxabfmqiotta/Build/Products/Debug/Sparkle.framework/Versions/A/Resources/el.lproj -- /Users/buddhirajgautam/Documents/Cherrygram-Mac/macOS-Swift/submodules/Sparkle/Sparkle/el.lproj/Sparkle.strings
/Users/buddhirajgautam/Documents/Cherrygram-Mac/macOS-Swift/submodules/Sparkle/Sparkle/el.lproj/Sparkle.strings:1:1: note: detected encoding of input file as Unicode (UTF-8) (in target 'Sparkle' from project 'Sparkle')

CopyStringsFile /Users/buddhirajgautam/Library/Developer/Xcode/DerivedData/Telegram-Mac-fygdgghdgmuleoelvxabfmqiotta/Build/Products/Debug/Sparkle.framework/Versions/A/Resources/da.lproj/Sparkle.strings /Users/buddhirajgautam/Documents/Cherrygram-Mac/macOS-Swift/submodules/Sparkle/Sparkle/da.lproj/Sparkle.strings (in target 'Sparkle' from project 'Sparkle')
    cd /Users/buddhirajgautam/Documents/Cherrygram-Mac/macOS-Swift/submodules/Sparkle
    builtin-copyStrings --validate --inputencoding utf-8 --outputencoding UTF-16 --outfilename Sparkle.strings --outdir /Users/buddhirajgautam/Library/Developer/Xcode/DerivedData/Telegram-Mac-fygdgghdgmuleoelvxabfmqiotta/Build/Products/Debug/Sparkle.framework/Versions/A/Resources/da.lproj -- /Users/buddhirajgautam/Documents/Cherrygram-Mac/macOS-Swift/submodules/Sparkle/Sparkle/da.lproj/Sparkle.strings

CopyStringsFile /Users/buddhirajgautam/Library/Developer/Xcode/DerivedData/Telegram-Mac-fygdgghdgmuleoelvxabfmqiotta/Build/Products/Debug/Sparkle.framework/Versions/A/Resources/de.lproj/Sparkle.strings /Users/buddhirajgautam/Documents/Cherrygram-Mac/macOS-Swift/submodules/Sparkle/Sparkle/de.lproj/Sparkle.strings (in target 'Sparkle' from project 'Sparkle')
    cd /Users/buddhirajgautam/Documents/Cherrygram-Mac/macOS-Swift/submodules/Sparkle
    builtin-copyStrings --validate --inputencoding utf-8 --outputencoding UTF-16 --outfilename Sparkle.strings --outdir /Users/buddhirajgautam/Library/Developer/Xcode/DerivedData/Telegram-Mac-fygdgghdgmuleoelvxabfmqiotta/Build/Products/Debug/Sparkle.framework/Versions/A/Resources/de.lproj -- /Users/buddhirajgautam/Documents/Cherrygram-Mac/macOS-Swift/submodules/Sparkle/Sparkle/de.lproj/Sparkle.strings

CopyStringsFile /Users/buddhirajgautam/Library/Developer/Xcode/DerivedData/Telegram-Mac-fygdgghdgmuleoelvxabfmqiotta/Build/Products/Debug/Sparkle.framework/Versions/A/Resources/cs.lproj/Sparkle.strings /Users/buddhirajgautam/Documents/Cherrygram-Mac/macOS-Swift/submodules/Sparkle/Sparkle/cs.lproj/Sparkle.strings (in target 'Sparkle' from project 'Sparkle')
    cd /Users/buddhirajgautam/Documents/Cherrygram-Mac/macOS-Swift/submodules/Sparkle
    builtin-copyStrings --validate --inputencoding utf-8 --outputencoding UTF-16 --outfilename Sparkle.strings --outdir /Users/buddhirajgautam/Library/Developer/Xcode/DerivedData/Telegram-Mac-fygdgghdgmuleoelvxabfmqiotta/Build/Products/Debug/Sparkle.framework/Versions/A/Resources/cs.lproj -- /Users/buddhirajgautam/Documents/Cherrygram-Mac/macOS-Swift/submodules/Sparkle/Sparkle/cs.lproj/Sparkle.strings

CopyStringsFile /Users/buddhirajgautam/Library/Developer/Xcode/DerivedData/Telegram-Mac-fygdgghdgmuleoelvxabfmqiotta/Build/Products/Debug/Sparkle.framework/Versions/A/Resources/ar.lproj/Sparkle.strings /Users/buddhirajgautam/Documents/Cherrygram-Mac/macOS-Swift/submodules/Sparkle/Sparkle/ar.lproj/Sparkle.strings (in target 'Sparkle' from project 'Sparkle')
    cd /Users/buddhirajgautam/Documents/Cherrygram-Mac/macOS-Swift/submodules/Sparkle
    builtin-copyStrings --validate --inputencoding utf-8 --outputencoding UTF-16 --outfilename Sparkle.strings --outdir /Users/buddhirajgautam/Library/Developer/Xcode/DerivedData/Telegram-Mac-fygdgghdgmuleoelvxabfmqiotta/Build/Products/Debug/Sparkle.framework/Versions/A/Resources/ar.lproj -- /Users/buddhirajgautam/Documents/Cherrygram-Mac/macOS-Swift/submodules/Sparkle/Sparkle/ar.lproj/Sparkle.strings

CopyStringsFile /Users/buddhirajgautam/Library/Developer/Xcode/DerivedData/Telegram-Mac-fygdgghdgmuleoelvxabfmqiotta/Build/Products/Debug/Sparkle.framework/Versions/A/Resources/ca.lproj/Sparkle.strings /Users/buddhirajgautam/Documents/Cherrygram-Mac/macOS-Swift/submodules/Sparkle/Sparkle/ca.lproj/Sparkle.strings (in target 'Sparkle' from project 'Sparkle')
    cd /Users/buddhirajgautam/Documents/Cherrygram-Mac/macOS-Swift/submodules/Sparkle
    builtin-copyStrings --validate --outputencoding UTF-16 --outfilename Sparkle.strings --outdir /Users/buddhirajgautam/Library/Developer/Xcode/DerivedData/Telegram-Mac-fygdgghdgmuleoelvxabfmqiotta/Build/Products/Debug/Sparkle.framework/Versions/A/Resources/ca.lproj -- /Users/buddhirajgautam/Documents/Cherrygram-Mac/macOS-Swift/submodules/Sparkle/Sparkle/ca.lproj/Sparkle.strings
/Users/buddhirajgautam/Documents/Cherrygram-Mac/macOS-Swift/submodules/Sparkle/Sparkle/ca.lproj/Sparkle.strings:1:1: note: detected encoding of input file as Unicode (UTF-8) (in target 'Sparkle' from project 'Sparkle')

CopyPlistFile /Users/buddhirajgautam/Library/Developer/Xcode/DerivedData/Telegram-Mac-fygdgghdgmuleoelvxabfmqiotta/Build/Products/Debug/Sparkle.framework/Versions/A/Resources/SUModelTranslation.plist /Users/buddhirajgautam/Documents/Cherrygram-Mac/macOS-Swift/submodules/Sparkle/Resources/SUModelTranslation.plist (in target 'Sparkle' from project 'Sparkle')
    cd /Users/buddhirajgautam/Documents/Cherrygram-Mac/macOS-Swift/submodules/Sparkle
    builtin-copyPlist --outdir /Users/buddhirajgautam/Library/Developer/Xcode/DerivedData/Telegram-Mac-fygdgghdgmuleoelvxabfmqiotta/Build/Products/Debug/Sparkle.framework/Versions/A/Resources -- /Users/buddhirajgautam/Documents/Cherrygram-Mac/macOS-Swift/submodules/Sparkle/Resources/SUModelTranslation.plist

CompileXIB /Users/buddhirajgautam/Documents/Cherrygram-Mac/macOS-Swift/submodules/Sparkle/Sparkle/SUStatus.xib (in target 'Sparkle' from project 'Sparkle')
    cd /Users/buddhirajgautam/Documents/Cherrygram-Mac/macOS-Swift/submodules/Sparkle
    /Applications/Xcode.app/Contents/Developer/usr/bin/ibtool --errors --warnings --notices --module Sparkle --output-partial-info-plist /Users/buddhirajgautam/Library/Developer/Xcode/DerivedData/Telegram-Mac-fygdgghdgmuleoelvxabfmqiotta/Build/Intermediates.noindex/Sparkle.build/Debug/Sparkle.build/SUStatus-PartialInfo.plist --auto-activate-custom-fonts --target-device mac --minimum-deployment-target 12.0 --output-format human-readable-text --compile /Users/buddhirajgautam/Library/Developer/Xcode/DerivedData/Telegram-Mac-fygdgghdgmuleoelvxabfmqiotta/Build/Products/Debug/Sparkle.framework/Versions/A/Resources/SUStatus.nib /Users/buddhirajgautam/Documents/Cherrygram-Mac/macOS-Swift/submodules/Sparkle/Sparkle/SUStatus.xib
/* com.apple.ibtool.document.notices */
/Users/buddhirajgautam/Documents/Cherrygram-Mac/macOS-Swift/submodules/Sparkle/Sparkle/SUStatus.xib:8: note: NSTextField's height does not match its intrinsic content size, use "Size to Fit Content" to correct [22]
/Users/buddhirajgautam/Documents/Cherrygram-Mac/macOS-Swift/submodules/Sparkle/Sparkle/SUStatus.xib:16: note: NSTextField's height does not match its intrinsic content size, use "Size to Fit Content" to correct [22]

ExtractAppIntentsMetadata (in target 'TGUIKit' from project 'TGUIKit')
    cd /Users/buddhirajgautam/Documents/Cherrygram-Mac/macOS-Swift/packages/TGUIKit
    /Applications/Xcode.app/Contents/Developer/Toolchains/XcodeDefault.xctoolchain/usr/bin/appintentsmetadataprocessor --toolchain-dir /var/run/com.apple.security.cryptexd/mnt/com.apple.MobileAsset.MetalToolchain-v27.1.266.1.Pr1pMU/Metal.xctoolchain --module-name TGUIKit --sdk-root /Applications/Xcode.app/Contents/Developer/Platforms/MacOSX.platform/Developer/SDKs/MacOSX27.0.sdk --xcode-version 27A266a --platform-family macOS --deployment-target 12.0 --bundle-identifier tguikit.TGUIKit --output /Users/buddhirajgautam/Library/Developer/Xcode/DerivedData/Telegram-Mac-fygdgghdgmuleoelvxabfmqiotta/Build/Products/Debug/TGUIKit.appintents --target-triple arm64-apple-macos12.0 --binary-file /Users/buddhirajgautam/Library/Developer/Xcode/DerivedData/Telegram-Mac-fygdgghdgmuleoelvxabfmqiotta/Build/Products/Debug/TGUIKit.o --dependency-file /Users/buddhirajgautam/Library/Developer/Xcode/DerivedData/Telegram-Mac-fygdgghdgmuleoelvxabfmqiotta/Build/Intermediates.noindex/TGUIKit.build/Debug/TGUIKit-t.build/Objects-normal/arm64/TGUIKit_dependency_info.dat --stringsdata-file /Users/buddhirajgautam/Library/Developer/Xcode/DerivedData/Telegram-Mac-fygdgghdgmuleoelvxabfmqiotta/Build/Intermediates.noindex/TGUIKit.build/Debug/TGUIKit-t.build/Objects-normal/arm64/ExtractedAppShortcutsMetadata.stringsdata --source-file-list /Users/buddhirajgautam/Library/Developer/Xcode/DerivedData/Telegram-Mac-fygdgghdgmuleoelvxabfmqiotta/Build/Intermediates.noindex/TGUIKit.build/Debug/TGUIKit-t.build/Objects-normal/arm64/TGUIKit.SwiftFileList --metadata-file-list /Users/buddhirajgautam/Library/Developer/Xcode/DerivedData/Telegram-Mac-fygdgghdgmuleoelvxabfmqiotta/Build/Intermediates.noindex/TGUIKit.build/Debug/TGUIKit-t.build/TGUIKit.DependencyMetadataFileList --static-metadata-file-list /Users/buddhirajgautam/Library/Developer/Xcode/DerivedData/Telegram-Mac-fygdgghdgmuleoelvxabfmqiotta/Build/Intermediates.noindex/TGUIKit.build/Debug/TGUIKit-t.build/TGUIKit.DependencyStaticMetadataFileList --swift-const-vals-list /Users/buddhirajgautam/Library/Developer/Xcode/DerivedData/Telegram-Mac-fygdgghdgmuleoelvxabfmqiotta/Build/Intermediates.noindex/TGUIKit.build/Debug/TGUIKit-t.build/Objects-normal/arm64/TGUIKit.SwiftConstValuesFileList --force --compile-time-extraction --deployment-aware-processing --no-app-shortcuts-localization
2026-09-21 20:25:29.359 appintentsmetadataprocessor[56778:3890421] Starting appintentsmetadataprocessor export
2026-09-21 20:25:29.521 appintentsmetadataprocessor[56778:3890421] Extracted no relevant App Intents symbols, skipping writing output

Ld /Users/buddhirajgautam/Library/Developer/Xcode/DerivedData/Telegram-Mac-fygdgghdgmuleoelvxabfmqiotta/Build/Products/Debug/FirebaseInstallations.o normal (in target 'FirebaseInstallations' from project 'Firebase')
    cd /Users/buddhirajgautam/Library/Developer/Xcode/DerivedData/Telegram-Mac-fygdgghdgmuleoelvxabfmqiotta/SourcePackages/checkouts/firebase-ios-sdk
    /Applications/Xcode.app/Contents/Developer/Toolchains/XcodeDefault.xctoolchain/usr/bin/clang -Xlinker -reproducible -target arm64-apple-macos12.0 -r -isysroot /Applications/Xcode.app/Contents/Developer/Platforms/MacOSX.platform/Developer/SDKs/MacOSX27.0.sdk -O0 -w -Xlinker -no_warn_duplicate_libraries -F/Users/buddhirajgautam/Library/Developer/Xcode/DerivedData/Telegram-Mac-fygdgghdgmuleoelvxabfmqiotta/Build/Intermediates.noindex/EagerLinkingTBDs/Debug -F/Users/buddhirajgautam/Library/Developer/Xcode/DerivedData/Telegram-Mac-fygdgghdgmuleoelvxabfmqiotta/Build/Products/Debug/PackageFrameworks -F/Users/buddhirajgautam/Library/Developer/Xcode/DerivedData/Telegram-Mac-fygdgghdgmuleoelvxabfmqiotta/Build/Products/Debug -iframework /Applications/Xcode.app/Contents/Developer/Platforms/MacOSX.platform/Developer/Library/Frameworks -filelist /Users/buddhirajgautam/Library/Developer/Xcode/DerivedData/Telegram-Mac-fygdgghdgmuleoelvxabfmqiotta/Build/Intermediates.noindex/Firebase.build/Debug/FirebaseInstallations-t.build/Objects-normal/arm64/FirebaseInstallations.LinkFileList -nostdlib -Xlinker -object_path_lto -Xlinker /Users/buddhirajgautam/Library/Developer/Xcode/DerivedData/Telegram-Mac-fygdgghdgmuleoelvxabfmqiotta/Build/Intermediates.noindex/Firebase.build/Debug/FirebaseInstallations-t.build/Objects-normal/arm64/FirebaseInstallations_lto.o -Xlinker -no_deduplicate -Xlinker -debug_variant -Xlinker -dependency_info -Xlinker /Users/buddhirajgautam/Library/Developer/Xcode/DerivedData/Telegram-Mac-fygdgghdgmuleoelvxabfmqiotta/Build/Intermediates.noindex/Firebase.build/Debug/FirebaseInstallations-t.build/Objects-normal/arm64/FirebaseInstallations_dependency_info.dat -fobjc-arc -fobjc-link-runtime -o /Users/buddhirajgautam/Library/Developer/Xcode/DerivedData/Telegram-Mac-fygdgghdgmuleoelvxabfmqiotta/Build/Products/Debug/FirebaseInstallations.o

Ld /Users/buddhirajgautam/Library/Developer/Xcode/DerivedData/Telegram-Mac-fygdgghdgmuleoelvxabfmqiotta/Build/Products/Debug/GoogleUtilities-AppDelegateSwizzler.o normal (in target 'GoogleUtilities-AppDelegateSwizzler' from project 'GoogleUtilities')
    cd /Users/buddhirajgautam/Library/Developer/Xcode/DerivedData/Telegram-Mac-fygdgghdgmuleoelvxabfmqiotta/SourcePackages/checkouts/GoogleUtilities
    /Applications/Xcode.app/Contents/Developer/Toolchains/XcodeDefault.xctoolchain/usr/bin/clang -Xlinker -reproducible -target arm64-apple-macos12.0 -r -isysroot /Applications/Xcode.app/Contents/Developer/Platforms/MacOSX.platform/Developer/SDKs/MacOSX27.0.sdk -O0 -w -Xlinker -no_warn_duplicate_libraries -F/Users/buddhirajgautam/Library/Developer/Xcode/DerivedData/Telegram-Mac-fygdgghdgmuleoelvxabfmqiotta/Build/Intermediates.noindex/EagerLinkingTBDs/Debug -F/Users/buddhirajgautam/Library/Developer/Xcode/DerivedData/Telegram-Mac-fygdgghdgmuleoelvxabfmqiotta/Build/Products/Debug/PackageFrameworks -F/Users/buddhirajgautam/Library/Developer/Xcode/DerivedData/Telegram-Mac-fygdgghdgmuleoelvxabfmqiotta/Build/Products/Debug -iframework /Applications/Xcode.app/Contents/Developer/Platforms/MacOSX.platform/Developer/Library/Frameworks -filelist /Users/buddhirajgautam/Library/Developer/Xcode/DerivedData/Telegram-Mac-fygdgghdgmuleoelvxabfmqiotta/Build/Intermediates.noindex/GoogleUtilities.build/Debug/GoogleUtilities-AppDelegateSwizzler-t.build/Objects-normal/arm64/GoogleUtilities-AppDelegateSwizzler.LinkFileList -nostdlib -Xlinker -object_path_lto -Xlinker /Users/buddhirajgautam/Library/Developer/Xcode/DerivedData/Telegram-Mac-fygdgghdgmuleoelvxabfmqiotta/Build/Intermediates.noindex/GoogleUtilities.build/Debug/GoogleUtilities-AppDelegateSwizzler-t.build/Objects-normal/arm64/GoogleUtilities-AppDelegateSwizzler_lto.o -Xlinker -no_deduplicate -Xlinker -debug_variant -Xlinker -dependency_info -Xlinker /Users/buddhirajgautam/Library/Developer/Xcode/DerivedData/Telegram-Mac-fygdgghdgmuleoelvxabfmqiotta/Build/Intermediates.noindex/GoogleUtilities.build/Debug/GoogleUtilities-AppDelegateSwizzler-t.build/Objects-normal/arm64/GoogleUtilities-AppDelegateSwizzler_dependency_info.dat -fobjc-arc -fobjc-link-runtime -o /Users/buddhirajgautam/Library/Developer/Xcode/DerivedData/Telegram-Mac-fygdgghdgmuleoelvxabfmqiotta/Build/Products/Debug/GoogleUtilities-AppDelegateSwizzler.o

SwiftEmitModule normal arm64 Emitting\ module\ for\ TelegramMedia (in target 'TelegramMedia' from project 'TelegramMedia')
/Users/buddhirajgautam/Documents/Cherrygram-Mac/macOS-Swift/packages/TelegramMedia/Sources/GIFPlayerView.swift:16:13: warning: class 'CIStickerContext' must restate inherited '@unchecked Sendable' conformance
 14 | 
 15 | 
 16 | final class CIStickerContext : CIContext {
    |             `- warning: class 'CIStickerContext' must restate inherited '@unchecked Sendable' conformance
 17 |     deinit {
 18 |         var bp:Int = 0

/Users/buddhirajgautam/Documents/Cherrygram-Mac/macOS-Swift/packages/TelegramMedia/Sources/GIFPlayerView.swift:25:16: warning: 'init(source:)' was deprecated in macOS 10.14: Core Image Kernel Language API deprecated. (Define CI_SILENCE_GL_DEPRECATION to silence these warnings) [#DeprecatedDeclaration]
 23 | private class AlphaFrameFilter: CIFilter {
 24 |     static var kernel: CIColorKernel? = {
 25 |         return CIColorKernel(source: """
    |                `- warning: 'init(source:)' was deprecated in macOS 10.14: Core Image Kernel Language API deprecated. (Define CI_SILENCE_GL_DEPRECATION to silence these warnings) [#DeprecatedDeclaration]
 26 | kernel vec4 alphaFrame(__sample s, __sample m) {
 27 |   return vec4( s.rgb, m.r );

/Users/buddhirajgautam/Documents/Cherrygram-Mac/macOS-Swift/packages/TelegramMedia/Sources/MediaPlayerAudioRenderer.swift:653:68: warning: 'kAudioObjectPropertyElementMaster' was deprecated in macOS 12.0: renamed to 'kAudioObjectPropertyElementMain' [#DeprecatedDeclaration]
651 |     public static var outputDevice = AudioObjectPropertyAddress(mSelector: kAudioHardwarePropertyDefaultOutputDevice,
652 |                                                          mScope: kAudioObjectPropertyScopeGlobal,
653 |                                                          mElement: kAudioObjectPropertyElementMaster)
    |                                                                    |- warning: 'kAudioObjectPropertyElementMaster' was deprecated in macOS 12.0: renamed to 'kAudioObjectPropertyElementMain' [#DeprecatedDeclaration]
    |                                                                    `- note: use 'kAudioObjectPropertyElementMain' instead
654 |     
655 |     public static var nominalSampleRates = AudioObjectPropertyAddress(mSelector: kAudioDevicePropertyStreamFormat,

/Users/buddhirajgautam/Documents/Cherrygram-Mac/macOS-Swift/packages/TelegramMedia/Sources/MediaPlayerAudioRenderer.swift:657:68: warning: 'kAudioObjectPropertyElementMaster' was deprecated in macOS 12.0: renamed to 'kAudioObjectPropertyElementMain' [#DeprecatedDeclaration]
655 |     public static var nominalSampleRates = AudioObjectPropertyAddress(mSelector: kAudioDevicePropertyStreamFormat,
656 |                                                          mScope: kAudioObjectPropertyScopeOutput,
657 |                                                          mElement: kAudioObjectPropertyElementMaster)
    |                                                                    |- warning: 'kAudioObjectPropertyElementMaster' was deprecated in macOS 12.0: renamed to 'kAudioObjectPropertyElementMain' [#DeprecatedDeclaration]
    |                                                                    `- note: use 'kAudioObjectPropertyElementMain' instead
658 | 
659 |     

/Users/buddhirajgautam/Documents/Cherrygram-Mac/macOS-Swift/packages/TelegramMedia/Sources/MediaPlayerAudioRenderer.swift:662:68: warning: 'kAudioObjectPropertyElementMaster' was deprecated in macOS 12.0: renamed to 'kAudioObjectPropertyElementMain' [#DeprecatedDeclaration]
660 |     public static var inputDevice = AudioObjectPropertyAddress(mSelector: kAudioHardwarePropertyDefaultInputDevice,
661 |                                                          mScope: kAudioObjectPropertyScopeGlobal,
662 |                                                          mElement: kAudioObjectPropertyElementMaster)
    |                                                                    |- warning: 'kAudioObjectPropertyElementMaster' was deprecated in macOS 12.0: renamed to 'kAudioObjectPropertyElementMain' [#DeprecatedDeclaration]
    |                                                                    `- note: use 'kAudioObjectPropertyElementMain' instead
663 | 
664 | }

[#DeprecatedDeclaration]: <https://docs.swift.org/compiler/documentation/diagnostics/deprecated-declaration>

SwiftCompile normal arm64 (in target 'TelegramMedia' from project 'TelegramMedia')
    cd /Users/buddhirajgautam/Documents/Cherrygram-Mac/macOS-Swift
    

SwiftCompile normal arm64 Compiling\ PreUploadManager.swift,\ SampleBufferPool.swift,\ SoftwareVideoLayerFrameManager.swift /Users/buddhirajgautam/Documents/Cherrygram-Mac/macOS-Swift/packages/TelegramMedia/Sources/PreUploadManager.swift /Users/buddhirajgautam/Documents/Cherrygram-Mac/macOS-Swift/packages/TelegramMedia/Sources/SampleBufferPool.swift /Users/buddhirajgautam/Documents/Cherrygram-Mac/macOS-Swift/packages/TelegramMedia/Sources/SoftwareVideoLayerFrameManager.swift (in target 'TelegramMedia' from project 'TelegramMedia')

SwiftCompile normal arm64 /Users/buddhirajgautam/Documents/Cherrygram-Mac/macOS-Swift/packages/TelegramMedia/Sources/PreUploadManager.swift (in target 'TelegramMedia' from project 'TelegramMedia')
    cd /Users/buddhirajgautam/Documents/Cherrygram-Mac/macOS-Swift
    builtin-SwiftPerFileCompile PreUploadManager.swift

SwiftCompile normal arm64 /Users/buddhirajgautam/Documents/Cherrygram-Mac/macOS-Swift/packages/TelegramMedia/Sources/SampleBufferPool.swift (in target 'TelegramMedia' from project 'TelegramMedia')
    cd /Users/buddhirajgautam/Documents/Cherrygram-Mac/macOS-Swift
    builtin-SwiftPerFileCompile SampleBufferPool.swift

SwiftCompile normal arm64 /Users/buddhirajgautam/Documents/Cherrygram-Mac/macOS-Swift/packages/TelegramMedia/Sources/SoftwareVideoLayerFrameManager.swift (in target 'TelegramMedia' from project 'TelegramMedia')
    cd /Users/buddhirajgautam/Documents/Cherrygram-Mac/macOS-Swift
    builtin-SwiftPerFileCompile SoftwareVideoLayerFrameManager.swift

SwiftCompile normal arm64 Compiling\ LottiePlayer.swift,\ ManagedAudioSession.swift,\ MediaPlaybackStoredState.swift /Users/buddhirajgautam/Documents/Cherrygram-Mac/macOS-Swift/packages/TelegramMedia/Sources/LottiePlayer.swift /Users/buddhirajgautam/Documents/Cherrygram-Mac/macOS-Swift/packages/TelegramMedia/Sources/ManagedAudioSession.swift /Users/buddhirajgautam/Documents/Cherrygram-Mac/macOS-Swift/packages/TelegramMedia/Sources/MediaPlaybackStoredState.swift (in target 'TelegramMedia' from project 'TelegramMedia')
/Users/buddhirajgautam/Documents/Cherrygram-Mac/macOS-Swift/packages/TelegramMedia/Sources/ManagedAudioSession.swift:204:145: warning: 'weak' ownership of capture 'self' differs from implicitly-captured strong reference in outer scope [#ImplicitStrongCapture]
201 |     func push(audioSessionType: ManagedAudioSessionType, outputMode: AudioSessionOutputMode = .system, once: Bool = false, manualActivate: @escaping (ManagedAudioSessionControl) -> Void, deactivate: @escaping () -> Signal<Void, NoError>, headsetConnectionStatusChanged: @escaping (Bool) -> Void = { _ in }) -> Disposable {
202 |         let id = OSAtomicIncrement32(&self.nextId)
203 |         self.queue.async {
    |                          |- note: 'self' implicitly strongly captured here
    |                          `- note: add 'self' as a capture list item to silence
204 |             self.holders.append(HolderRecord(id: id, audioSessionType: audioSessionType, control: ManagedAudioSessionControl(setupImpl: { [weak self] synchronous in
    |                                                                                                                                                 |- warning: 'weak' ownership of capture 'self' differs from implicitly-captured strong reference in outer scope [#ImplicitStrongCapture]
    |                                                                                                                                                 `- note: explicitly assign the capture list item to silence
205 |                 if let strongSelf = self {
206 |                     let f: () -> Void = {

/Users/buddhirajgautam/Documents/Cherrygram-Mac/macOS-Swift/packages/TelegramMedia/Sources/ManagedAudioSession.swift:221:38: warning: 'weak' ownership of capture 'self' differs from implicitly-captured strong reference in outer scope [#ImplicitStrongCapture]
201 |     func push(audioSessionType: ManagedAudioSessionType, outputMode: AudioSessionOutputMode = .system, once: Bool = false, manualActivate: @escaping (ManagedAudioSessionControl) -> Void, deactivate: @escaping () -> Signal<Void, NoError>, headsetConnectionStatusChanged: @escaping (Bool) -> Void = { _ in }) -> Disposable {
202 |         let id = OSAtomicIncrement32(&self.nextId)
203 |         self.queue.async {
    |                          |- note: 'self' implicitly strongly captured here
    |                          `- note: add 'self' as a capture list item to silence
204 |             self.holders.append(HolderRecord(id: id, audioSessionType: audioSessionType, control: ManagedAudioSessionControl(setupImpl: { [weak self] synchronous in
205 |                 if let strongSelf = self {
    :
219 |                     }
220 |                 }
221 |             }, activateImpl: { [weak self] completion in
    |                                      |- warning: 'weak' ownership of capture 'self' differs from implicitly-captured strong reference in outer scope [#ImplicitStrongCapture]
    |                                      `- note: explicitly assign the capture list item to silence
222 |                 if let strongSelf = self {
223 |                     strongSelf.queue.async {

/Users/buddhirajgautam/Documents/Cherrygram-Mac/macOS-Swift/packages/TelegramMedia/Sources/ManagedAudioSession.swift:233:43: warning: 'weak' ownership of capture 'self' differs from implicitly-captured strong reference in outer scope [#ImplicitStrongCapture]
201 |     func push(audioSessionType: ManagedAudioSessionType, outputMode: AudioSessionOutputMode = .system, once: Bool = false, manualActivate: @escaping (ManagedAudioSessionControl) -> Void, deactivate: @escaping () -> Signal<Void, NoError>, headsetConnectionStatusChanged: @escaping (Bool) -> Void = { _ in }) -> Disposable {
202 |         let id = OSAtomicIncrement32(&self.nextId)
203 |         self.queue.async {
    |                          |- note: 'self' implicitly strongly captured here
    |                          `- note: add 'self' as a capture list item to silence
204 |             self.holders.append(HolderRecord(id: id, audioSessionType: audioSessionType, control: ManagedAudioSessionControl(setupImpl: { [weak self] synchronous in
205 |                 if let strongSelf = self {
    :
231 |                     }
232 |                 }
233 |             }, setOutputModeImpl: { [weak self] value in
    |                                           |- warning: 'weak' ownership of capture 'self' differs from implicitly-captured strong reference in outer scope [#ImplicitStrongCapture]
    |                                           `- note: explicitly assign the capture list item to silence
234 |                 if let strongSelf = self {
235 |                     strongSelf.queue.async {

/Users/buddhirajgautam/Documents/Cherrygram-Mac/macOS-Swift/packages/TelegramMedia/Sources/ManagedAudioSession.swift:446:17: warning: immutable value 'type' was never used; consider replacing with '_' or removing it [#NoUsage]
444 |     
445 |     private func activate() {
446 |         if let (type, outputMode) = self.currentTypeAndOutputMode {
    |                 `- warning: immutable value 'type' was never used; consider replacing with '_' or removing it [#NoUsage]
447 | //            do {
448 | //                try AVAudioSession.sharedInstance().setActive(true)

/Users/buddhirajgautam/Documents/Cherrygram-Mac/macOS-Swift/packages/TelegramMedia/Sources/ManagedAudioSession.swift:446:23: warning: immutable value 'outputMode' was never used; consider replacing with '_' or removing it [#NoUsage]
444 |     
445 |     private func activate() {
446 |         if let (type, outputMode) = self.currentTypeAndOutputMode {
    |                       `- warning: immutable value 'outputMode' was never used; consider replacing with '_' or removing it [#NoUsage]
447 | //            do {
448 | //                try AVAudioSession.sharedInstance().setActive(true)

[#ImplicitStrongCapture]: <https://docs.swift.org/compiler/documentation/diagnostics/implicit-strong-capture>
[#NoUsage]: <https://docs.swift.org/compiler/documentation/diagnostics/no-usage>

SwiftCompile normal arm64 /Users/buddhirajgautam/Documents/Cherrygram-Mac/macOS-Swift/packages/TelegramMedia/Sources/LottiePlayer.swift (in target 'TelegramMedia' from project 'TelegramMedia')
    cd /Users/buddhirajgautam/Documents/Cherrygram-Mac/macOS-Swift
    builtin-SwiftPerFileCompile LottiePlayer.swift

SwiftCompile normal arm64 /Users/buddhirajgautam/Documents/Cherrygram-Mac/macOS-Swift/packages/TelegramMedia/Sources/ManagedAudioSession.swift (in target 'TelegramMedia' from project 'TelegramMedia')
    cd /Users/buddhirajgautam/Documents/Cherrygram-Mac/macOS-Swift
    builtin-SwiftPerFileCompile ManagedAudioSession.swift

SwiftCompile normal arm64 /Users/buddhirajgautam/Documents/Cherrygram-Mac/macOS-Swift/packages/TelegramMedia/Sources/MediaPlaybackStoredState.swift (in target 'TelegramMedia' from project 'TelegramMedia')
    cd /Users/buddhirajgautam/Documents/Cherrygram-Mac/macOS-Swift
    builtin-SwiftPerFileCompile MediaPlaybackStoredState.swift

SwiftCompile normal arm64 Compiling\ AudioRecorder.swift,\ AudioWaveform.swift,\ ChunkMediaPlayer.swift,\ ChunkMediaPlayerDirectFetchSourceImpl.swift /Users/buddhirajgautam/Documents/Cherrygram-Mac/macOS-Swift/packages/TelegramMedia/Sources/AudioRecorder.swift /Users/buddhirajgautam/Documents/Cherrygram-Mac/macOS-Swift/packages/TelegramMedia/Sources/AudioWaveform.swift /Users/buddhirajgautam/Documents/Cherrygram-Mac/macOS-Swift/packages/TelegramMedia/Sources/ChunkMediaPlayer.swift /Users/buddhirajgautam/Documents/Cherrygram-Mac/macOS-Swift/packages/TelegramMedia/Sources/ChunkMediaPlayerDirectFetchSourceImpl.swift (in target 'TelegramMedia' from project 'TelegramMedia')
/Users/buddhirajgautam/Documents/Cherrygram-Mac/macOS-Swift/packages/TelegramMedia/Sources/AudioRecorder.swift:39:13: warning: variable 'bufferList' was never mutated; consider changing to 'let' constant [#VariableNeverMutated]
 37 |     func convert(buffer: AudioBuffer) -> Data? {
 38 |                 
 39 |         var bufferList = AudioBufferList(mNumberBuffers: 1, mBuffers: buffer)
    |             `- warning: variable 'bufferList' was never mutated; consider changing to 'let' constant [#VariableNeverMutated]
 40 | 
 41 |         

/Users/buddhirajgautam/Documents/Cherrygram-Mac/macOS-Swift/packages/TelegramMedia/Sources/AudioRecorder.swift:372:190: warning: 'kAudioObjectPropertyElementMaster' was deprecated in macOS 12.0: renamed to 'kAudioObjectPropertyElementMain' [#DeprecatedDeclaration]
370 |         
371 |         var deviceId:AudioDeviceID = AudioDeviceID()
372 |         var deviceIdRequest:AudioObjectPropertyAddress  = AudioObjectPropertyAddress(mSelector: kAudioHardwarePropertyDefaultInputDevice, mScope: kAudioObjectPropertyScopeGlobal, mElement: kAudioObjectPropertyElementMaster)
    |                                                                                                                                                                                              |- warning: 'kAudioObjectPropertyElementMaster' was deprecated in macOS 12.0: renamed to 'kAudioObjectPropertyElementMain' [#DeprecatedDeclaration]
    |                                                                                                                                                                                              `- note: use 'kAudioObjectPropertyElementMain' instead
373 |         var deviceIdSize:UInt32 = UInt32(MemoryLayout<AudioDeviceID>.size)
374 | 

/Users/buddhirajgautam/Documents/Cherrygram-Mac/macOS-Swift/packages/TelegramMedia/Sources/AudioRecorder.swift:384:199: warning: 'kAudioObjectPropertyElementMaster' was deprecated in macOS 12.0: renamed to 'kAudioObjectPropertyElementMain' [#DeprecatedDeclaration]
382 |         }
383 | //
384 |         var deviceDataRequest:AudioObjectPropertyAddress =  AudioObjectPropertyAddress(mSelector: kAudioDevicePropertyAvailableNominalSampleRates, mScope: kAudioObjectPropertyScopeGlobal, mElement: kAudioObjectPropertyElementMaster)
    |                                                                                                                                                                                                       |- warning: 'kAudioObjectPropertyElementMaster' was deprecated in macOS 12.0: renamed to 'kAudioObjectPropertyElementMain' [#DeprecatedDeclaration]
    |                                                                                                                                                                                                       `- note: use 'kAudioObjectPropertyElementMain' instead
385 |         var deviceDataSize:UInt32 = 0
386 |         guard AudioObjectGetPropertyDataSize(deviceId, &deviceDataRequest, 0, nil, &deviceDataSize) == noErr else {

/Users/buddhirajgautam/Documents/Cherrygram-Mac/macOS-Swift/packages/TelegramMedia/Sources/AudioRecorder.swift:611:46: warning: 'withUnsafeBytes' is deprecated: use `withUnsafeBytes<R>(_: (UnsafeRawBufferPointer) throws -> R) rethrows -> R` instead [#DeprecatedDeclaration]
609 |                         let takenBytes = min(self.audioBuffer.count, encoderPacketSizeInBytes - currentEncoderPacketSize)
610 |                         if takenBytes != 0 {
611 |                             self.audioBuffer.withUnsafeBytes { (bytes: UnsafePointer<Int8>) -> Void in
    |                                              `- warning: 'withUnsafeBytes' is deprecated: use `withUnsafeBytes<R>(_: (UnsafeRawBufferPointer) throws -> R) rethrows -> R` instead [#DeprecatedDeclaration]
612 |                                 memcpy(currentEncoderPacket.advanced(by: currentEncoderPacketSize), bytes, takenBytes)
613 |                             }

/Users/buddhirajgautam/Documents/Cherrygram-Mac/macOS-Swift/packages/TelegramMedia/Sources/AudioRecorder.swift:620:46: warning: 'withUnsafeBytes' is deprecated: use `withUnsafeBytes<R>(_: (UnsafeRawBufferPointer) throws -> R) rethrows -> R` instead [#DeprecatedDeclaration]
618 |                         let takenBytes = min(Int(buffer.mDataByteSize) - bufferOffset, encoderPacketSizeInBytes - currentEncoderPacketSize)
619 |                         if takenBytes != 0 {
620 |                             self.audioBuffer.withUnsafeBytes { (bytes: UnsafePointer<Int8>) -> Void in
    |                                              `- warning: 'withUnsafeBytes' is deprecated: use `withUnsafeBytes<R>(_: (UnsafeRawBufferPointer) throws -> R) rethrows -> R` instead [#DeprecatedDeclaration]
621 |                                 memcpy(currentEncoderPacket.advanced(by: currentEncoderPacketSize), buffer.mData?.advanced(by: bufferOffset), takenBytes)
622 |                             }

/Users/buddhirajgautam/Documents/Cherrygram-Mac/macOS-Swift/packages/TelegramMedia/Sources/AudioRecorder.swift:701:17: warning: 'defer' statement at end of scope always executes immediately; replace with 'do' statement to silence this warning
699 |             let count = self.waveformSamples.count
700 |             self.waveformSamples.withUnsafeMutableBytes { (samples: UnsafeMutablePointer<Int16>) -> Void in
701 |                 defer {
    |                 `- warning: 'defer' statement at end of scope always executes immediately; replace with 'do' statement to silence this warning
702 |                     let count = count / 2
703 |                     for i in 0 ..< count {

/Users/buddhirajgautam/Documents/Cherrygram-Mac/macOS-Swift/packages/TelegramMedia/Sources/AudioRecorder.swift:700:34: warning: 'withUnsafeMutableBytes' is deprecated: use `withUnsafeMutableBytes<R>(_: (UnsafeMutableRawBufferPointer) throws -> R) rethrows -> R` instead [#DeprecatedDeclaration]
698 |             var waveform: Data?
699 |             let count = self.waveformSamples.count
700 |             self.waveformSamples.withUnsafeMutableBytes { (samples: UnsafeMutablePointer<Int16>) -> Void in
    |                                  `- warning: 'withUnsafeMutableBytes' is deprecated: use `withUnsafeMutableBytes<R>(_: (UnsafeMutableRawBufferPointer) throws -> R) rethrows -> R` instead [#DeprecatedDeclaration]
701 |                 defer {
702 |                     let count = count / 2

/Users/buddhirajgautam/Documents/Cherrygram-Mac/macOS-Swift/packages/TelegramMedia/Sources/AudioRecorder.swift:692:17: warning: variable 'scaledSamplesMemory' was never mutated; consider changing to 'let' constant [#VariableNeverMutated]
690 |     func takeData() -> RecordedAudioData? {
691 |         if self.oggWriter.writeFrame(nil, frameByteCount: 0) {
692 |             var scaledSamplesMemory = malloc(100 * 2)!
    |                 `- warning: variable 'scaledSamplesMemory' was never mutated; consider changing to 'let' constant [#VariableNeverMutated]
693 |             var scaledSamples: UnsafeMutablePointer<Int16> = scaledSamplesMemory.assumingMemoryBound(to: Int16.self)
694 |             defer {

/Users/buddhirajgautam/Documents/Cherrygram-Mac/macOS-Swift/packages/TelegramMedia/Sources/AudioRecorder.swift:693:17: warning: variable 'scaledSamples' was never mutated; consider changing to 'let' constant [#VariableNeverMutated]
691 |         if self.oggWriter.writeFrame(nil, frameByteCount: 0) {
692 |             var scaledSamplesMemory = malloc(100 * 2)!
693 |             var scaledSamples: UnsafeMutablePointer<Int16> = scaledSamplesMemory.assumingMemoryBound(to: Int16.self)
    |                 `- warning: variable 'scaledSamples' was never mutated; consider changing to 'let' constant [#VariableNeverMutated]
694 |             defer {
695 |                 free(scaledSamplesMemory)

/Users/buddhirajgautam/Documents/Cherrygram-Mac/macOS-Swift/packages/TelegramMedia/Sources/AudioWaveform.swift:53:19: warning: 'withUnsafeBytes' is deprecated: use `withUnsafeBytes<R>(_: (UnsafeRawBufferPointer) throws -> R) rethrows -> R` instead [#DeprecatedDeclaration]
51 |         result.count = numSamples * 2
52 |         
53 |         bitstream.withUnsafeBytes { (bytes: UnsafePointer<Int8>) -> Void in
   |                   `- warning: 'withUnsafeBytes' is deprecated: use `withUnsafeBytes<R>(_: (UnsafeRawBufferPointer) throws -> R) rethrows -> R` instead [#DeprecatedDeclaration]
54 |             //let maxSample = (1 << bitsPerSample) - 1
55 |             

/Users/buddhirajgautam/Documents/Cherrygram-Mac/macOS-Swift/packages/TelegramMedia/Sources/AudioWaveform.swift:56:20: warning: 'withUnsafeMutableBytes' is deprecated: use `withUnsafeMutableBytes<R>(_: (UnsafeMutableRawBufferPointer) throws -> R) rethrows -> R` instead [#DeprecatedDeclaration]
54 |             //let maxSample = (1 << bitsPerSample) - 1
55 |             
56 |             result.withUnsafeMutableBytes { (samples: UnsafeMutablePointer<Int16>) -> Void in
   |                    `- warning: 'withUnsafeMutableBytes' is deprecated: use `withUnsafeMutableBytes<R>(_: (UnsafeMutableRawBufferPointer) throws -> R) rethrows -> R` instead [#DeprecatedDeclaration]
57 |                 let norm = Int64((1 << bitsPerSample) - 1)
58 |                 for i in 0 ..< numSamples {

/Users/buddhirajgautam/Documents/Cherrygram-Mac/macOS-Swift/packages/TelegramMedia/Sources/AudioWaveform.swift:75:22: warning: 'withUnsafeBytes' is deprecated: use `withUnsafeBytes<R>(_: (UnsafeRawBufferPointer) throws -> R) rethrows -> R` instead [#DeprecatedDeclaration]
73 |         let maxSample: Int32 = self.peak
74 |         
75 |         self.samples.withUnsafeBytes { (samples: UnsafePointer<Int16>) -> Void in
   |                      `- warning: 'withUnsafeBytes' is deprecated: use `withUnsafeBytes<R>(_: (UnsafeRawBufferPointer) throws -> R) rethrows -> R` instead [#DeprecatedDeclaration]
76 |             result.withUnsafeMutableBytes { (bytes: UnsafeMutablePointer<Int16>) -> Void in
77 |                 for i in 0 ..< numSamples {

/Users/buddhirajgautam/Documents/Cherrygram-Mac/macOS-Swift/packages/TelegramMedia/Sources/AudioWaveform.swift:76:20: warning: 'withUnsafeMutableBytes' is deprecated: use `withUnsafeMutableBytes<R>(_: (UnsafeMutableRawBufferPointer) throws -> R) rethrows -> R` instead [#DeprecatedDeclaration]
74 |         
75 |         self.samples.withUnsafeBytes { (samples: UnsafePointer<Int16>) -> Void in
76 |             result.withUnsafeMutableBytes { (bytes: UnsafeMutablePointer<Int16>) -> Void in
   |                    `- warning: 'withUnsafeMutableBytes' is deprecated: use `withUnsafeMutableBytes<R>(_: (UnsafeMutableRawBufferPointer) throws -> R) rethrows -> R` instead [#DeprecatedDeclaration]
77 |                 for i in 0 ..< numSamples {
78 |                     let value: Int32 = min(Int32(31), abs(Int32(samples[i])) * 31 / maxSample)

[#DeprecatedDeclaration]: <https://docs.swift.org/compiler/documentation/diagnostics/deprecated-declaration>
[#VariableNeverMutated]: <https://docs.swift.org/compiler/documentation/diagnostics/variable-never-mutated>

SwiftCompile normal arm64 /Users/buddhirajgautam/Documents/Cherrygram-Mac/macOS-Swift/packages/TelegramMedia/Sources/AudioRecorder.swift (in target 'TelegramMedia' from project 'TelegramMedia')
    cd /Users/buddhirajgautam/Documents/Cherrygram-Mac/macOS-Swift
    builtin-SwiftPerFileCompile AudioRecorder.swift

SwiftCompile normal arm64 /Users/buddhirajgautam/Documents/Cherrygram-Mac/macOS-Swift/packages/TelegramMedia/Sources/AudioWaveform.swift (in target 'TelegramMedia' from project 'TelegramMedia')
    cd /Users/buddhirajgautam/Documents/Cherrygram-Mac/macOS-Swift
    builtin-SwiftPerFileCompile AudioWaveform.swift

SwiftCompile normal arm64 /Users/buddhirajgautam/Documents/Cherrygram-Mac/macOS-Swift/packages/TelegramMedia/Sources/ChunkMediaPlayer.swift (in target 'TelegramMedia' from project 'TelegramMedia')
    cd /Users/buddhirajgautam/Documents/Cherrygram-Mac/macOS-Swift
    builtin-SwiftPerFileCompile ChunkMediaPlayer.swift

SwiftCompile normal arm64 /Users/buddhirajgautam/Documents/Cherrygram-Mac/macOS-Swift/packages/TelegramMedia/Sources/ChunkMediaPlayerDirectFetchSourceImpl.swift (in target 'TelegramMedia' from project 'TelegramMedia')
    cd /Users/buddhirajgautam/Documents/Cherrygram-Mac/macOS-Swift
    builtin-SwiftPerFileCompile ChunkMediaPlayerDirectFetchSourceImpl.swift

SwiftCompile normal arm64 Compiling\ HLSVideoJSNativeContentView.swift,\ JsCorePolyfillsExport.swift,\ LottieBufferCompressor.swift /Users/buddhirajgautam/Documents/Cherrygram-Mac/macOS-Swift/packages/TelegramMedia/Sources/HLSVideoJSNativeContentView.swift /Users/buddhirajgautam/Documents/Cherrygram-Mac/macOS-Swift/packages/TelegramMedia/Sources/JsCorePolyfillsExport.swift /Users/buddhirajgautam/Documents/Cherrygram-Mac/macOS-Swift/packages/TelegramMedia/Sources/LottieBufferCompressor.swift (in target 'TelegramMedia' from project 'TelegramMedia')
/Users/buddhirajgautam/Documents/Cherrygram-Mac/macOS-Swift/packages/TelegramMedia/Sources/LottieBufferCompressor.swift:122:37: warning: 'archiveRootObject(_:toFile:)' was deprecated in macOS 10.14: Use +archivedDataWithRootObject:requiringSecureCoding:error: and -writeToURL:options:error: instead [#DeprecatedDeclaration]
120 |             let data = try? PropertyListEncoder().encode(self.map)
121 |             if let data = data {
122 |                 _ = NSKeyedArchiver.archiveRootObject(data, toFile: self.mapPath)
    |                                     `- warning: 'archiveRootObject(_:toFile:)' was deprecated in macOS 10.14: Use +archivedDataWithRootObject:requiringSecureCoding:error: and -writeToURL:options:error: instead [#DeprecatedDeclaration]
123 |             }
124 |         }

/Users/buddhirajgautam/Documents/Cherrygram-Mac/macOS-Swift/packages/TelegramMedia/Sources/LottieBufferCompressor.swift:219:44: warning: 'unarchiveObject(withFile:)' was deprecated in macOS 10.14: Use +unarchivedObjectOfClass:fromData:error: instead [#DeprecatedDeclaration]
217 |         mapHandle = handle
218 |         
219 |         guard let data = NSKeyedUnarchiver.unarchiveObject(withFile: self.mapPath) as? Data else {
    |                                            `- warning: 'unarchiveObject(withFile:)' was deprecated in macOS 10.14: Use +unarchivedObjectOfClass:fromData:error: instead [#DeprecatedDeclaration]
220 |             self.map = .init(dest: [:], fps: 0, startFrame: 0, endFrame: 0)
221 |             self.bufferSize = bufferSize

[#DeprecatedDeclaration]: <https://docs.swift.org/compiler/documentation/diagnostics/deprecated-declaration>

SwiftCompile normal arm64 /Users/buddhirajgautam/Documents/Cherrygram-Mac/macOS-Swift/packages/TelegramMedia/Sources/HLSVideoJSNativeContentView.swift (in target 'TelegramMedia' from project 'TelegramMedia')
    cd /Users/buddhirajgautam/Documents/Cherrygram-Mac/macOS-Swift
    builtin-SwiftPerFileCompile HLSVideoJSNativeContentView.swift

SwiftCompile normal arm64 /Users/buddhirajgautam/Documents/Cherrygram-Mac/macOS-Swift/packages/TelegramMedia/Sources/JsCorePolyfillsExport.swift (in target 'TelegramMedia' from project 'TelegramMedia')
    cd /Users/buddhirajgautam/Documents/Cherrygram-Mac/macOS-Swift
    builtin-SwiftPerFileCompile JsCorePolyfillsExport.swift

SwiftCompile normal arm64 /Users/buddhirajgautam/Documents/Cherrygram-Mac/macOS-Swift/packages/TelegramMedia/Sources/LottieBufferCompressor.swift (in target 'TelegramMedia' from project 'TelegramMedia')
    cd /Users/buddhirajgautam/Documents/Cherrygram-Mac/macOS-Swift
    builtin-SwiftPerFileCompile LottieBufferCompressor.swift

SwiftDriverJobDiscovery normal arm64 Compiling PreUploadManager.swift, SampleBufferPool.swift, SoftwareVideoLayerFrameManager.swift (in target 'TelegramMedia' from project 'TelegramMedia')

SwiftCompile normal arm64 Compiling\ MediaPlayerView.swift,\ MediaUtils.swift,\ MetalVideoRenderView.swift /Users/buddhirajgautam/Documents/Cherrygram-Mac/macOS-Swift/packages/TelegramMedia/Sources/MediaPlayerView.swift /Users/buddhirajgautam/Documents/Cherrygram-Mac/macOS-Swift/packages/TelegramMedia/Sources/MediaUtils.swift /Users/buddhirajgautam/Documents/Cherrygram-Mac/macOS-Swift/packages/TelegramMedia/Sources/MetalVideoRenderView.swift (in target 'TelegramMedia' from project 'TelegramMedia')
/Users/buddhirajgautam/Documents/Cherrygram-Mac/macOS-Swift/packages/TelegramMedia/Sources/MetalVideoRenderView.swift:220:25: warning: variable 'status' was never mutated; consider changing to 'let' constant [#VariableNeverMutated]
218 |                     
219 |                     var cvMetalTexture: CVMetalTexture?
220 |                     var status = CVMetalTextureCacheCreateTextureFromImage(nil, textureCache, nativeBuffer.pixelBuffer, nil, .rgba8Unorm, width, height, 0, &cvMetalTexture)
    |                         `- warning: variable 'status' was never mutated; consider changing to 'let' constant [#VariableNeverMutated]
221 |                     guard status == kCVReturnSuccess, let rgbaTexture = CVMetalTextureGetTexture(cvMetalTexture!) else {
222 |                         return

/Users/buddhirajgautam/Documents/Cherrygram-Mac/macOS-Swift/packages/TelegramMedia/Sources/MetalVideoRenderView.swift:238:25: warning: variable 'status' was never mutated; consider changing to 'let' constant [#VariableNeverMutated]
236 |                     
237 |                     var cvMetalTexture: CVMetalTexture?
238 |                     var status = CVMetalTextureCacheCreateTextureFromImage(nil, textureCache, nativeBuffer.pixelBuffer, nil, .bgra8Unorm, width, height, 0, &cvMetalTexture)
    |                         `- warning: variable 'status' was never mutated; consider changing to 'let' constant [#VariableNeverMutated]
239 |                     guard status == kCVReturnSuccess, let bgraTexture = CVMetalTextureGetTexture(cvMetalTexture!) else {
240 |                         return

[#VariableNeverMutated]: <https://docs.swift.org/compiler/documentation/diagnostics/variable-never-mutated>

SwiftCompile normal arm64 /Users/buddhirajgautam/Documents/Cherrygram-Mac/macOS-Swift/packages/TelegramMedia/Sources/MediaPlayerView.swift (in target 'TelegramMedia' from project 'TelegramMedia')
    cd /Users/buddhirajgautam/Documents/Cherrygram-Mac/macOS-Swift
    builtin-SwiftPerFileCompile MediaPlayerView.swift

SwiftCompile normal arm64 /Users/buddhirajgautam/Documents/Cherrygram-Mac/macOS-Swift/packages/TelegramMedia/Sources/MediaUtils.swift (in target 'TelegramMedia' from project 'TelegramMedia')
    cd /Users/buddhirajgautam/Documents/Cherrygram-Mac/macOS-Swift
    builtin-SwiftPerFileCompile MediaUtils.swift

SwiftCompile normal arm64 /Users/buddhirajgautam/Documents/Cherrygram-Mac/macOS-Swift/packages/TelegramMedia/Sources/MetalVideoRenderView.swift (in target 'TelegramMedia' from project 'TelegramMedia')
    cd /Users/buddhirajgautam/Documents/Cherrygram-Mac/macOS-Swift
    builtin-SwiftPerFileCompile MetalVideoRenderView.swift

SwiftCompile normal arm64 Compiling\ MediaPlayer.swift,\ MediaPlayerAudioRenderer.swift,\ MediaPlayerFramePreview.swift /Users/buddhirajgautam/Documents/Cherrygram-Mac/macOS-Swift/packages/TelegramMedia/Sources/MediaPlayer.swift /Users/buddhirajgautam/Documents/Cherrygram-Mac/macOS-Swift/packages/TelegramMedia/Sources/MediaPlayerAudioRenderer.swift /Users/buddhirajgautam/Documents/Cherrygram-Mac/macOS-Swift/packages/TelegramMedia/Sources/MediaPlayerFramePreview.swift (in target 'TelegramMedia' from project 'TelegramMedia')
/Users/buddhirajgautam/Documents/Cherrygram-Mac/macOS-Swift/packages/TelegramMedia/Sources/MediaPlayer.swift:254:17: warning: variable 'videoStatus' was written to, but never read
 252 |             let currentTimestamp = CMTimeGetSeconds(CMTimebaseGetTime(loadedState.controlTimebase.timebase))
 253 |             var duration: Double = 0.0
 254 |             var videoStatus: MediaTrackFrameBufferStatus?
     |                 `- warning: variable 'videoStatus' was written to, but never read
 255 |             if let videoTrackFrameBuffer = loadedState.mediaBuffers.videoBuffer {
 256 |                 videoStatus = videoTrackFrameBuffer.status(at: currentTimestamp)

/Users/buddhirajgautam/Documents/Cherrygram-Mac/macOS-Swift/packages/TelegramMedia/Sources/MediaPlayer.swift:260:17: warning: variable 'audioStatus' was written to, but never read
 258 |             }
 259 |             
 260 |             var audioStatus: MediaTrackFrameBufferStatus?
     |                 `- warning: variable 'audioStatus' was written to, but never read
 261 |             if let audioTrackFrameBuffer = loadedState.mediaBuffers.audioBuffer {
 262 |                 audioStatus = audioTrackFrameBuffer.status(at: currentTimestamp)

/Users/buddhirajgautam/Documents/Cherrygram-Mac/macOS-Swift/packages/TelegramMedia/Sources/MediaPlayer.swift:358:13: warning: 'CMTimebaseCreateWithMasterClock(allocator:masterClock:timebaseOut:)' was deprecated in macOS 10.10: renamed to 'CMTimebaseCreateWithSourceClock(allocator:sourceClock:timebaseOut:)' [#DeprecatedDeclaration]
 356 |             
 357 |             var timebase: CMTimebase?
 358 |             CMTimebaseCreateWithMasterClock(allocator: kCFAllocatorDefault, masterClock: CMClockGetHostTimeClock(), timebaseOut: &timebase)
     |             |- warning: 'CMTimebaseCreateWithMasterClock(allocator:masterClock:timebaseOut:)' was deprecated in macOS 10.10: renamed to 'CMTimebaseCreateWithSourceClock(allocator:sourceClock:timebaseOut:)' [#DeprecatedDeclaration]
     |             `- note: use 'CMTimebaseCreateWithSourceClock(allocator:sourceClock:timebaseOut:)' instead
 359 |             CMTimebaseSetRate(timebase!, rate: self.baseRate)
 360 |             CMTimebaseSetTime(timebase!, time: seekResult.timestamp)

/Users/buddhirajgautam/Documents/Cherrygram-Mac/macOS-Swift/packages/TelegramMedia/Sources/MediaPlayerAudioRenderer.swift:653:68: warning: 'kAudioObjectPropertyElementMaster' was deprecated in macOS 12.0: renamed to 'kAudioObjectPropertyElementMain' [#DeprecatedDeclaration]
651 |     public static var outputDevice = AudioObjectPropertyAddress(mSelector: kAudioHardwarePropertyDefaultOutputDevice,
652 |                                                          mScope: kAudioObjectPropertyScopeGlobal,
653 |                                                          mElement: kAudioObjectPropertyElementMaster)
    |                                                                    |- warning: 'kAudioObjectPropertyElementMaster' was deprecated in macOS 12.0: renamed to 'kAudioObjectPropertyElementMain' [#DeprecatedDeclaration]
    |                                                                    `- note: use 'kAudioObjectPropertyElementMain' instead
654 |     
655 |     public static var nominalSampleRates = AudioObjectPropertyAddress(mSelector: kAudioDevicePropertyStreamFormat,

/Users/buddhirajgautam/Documents/Cherrygram-Mac/macOS-Swift/packages/TelegramMedia/Sources/MediaPlayerAudioRenderer.swift:657:68: warning: 'kAudioObjectPropertyElementMaster' was deprecated in macOS 12.0: renamed to 'kAudioObjectPropertyElementMain' [#DeprecatedDeclaration]
655 |     public static var nominalSampleRates = AudioObjectPropertyAddress(mSelector: kAudioDevicePropertyStreamFormat,
656 |                                                          mScope: kAudioObjectPropertyScopeOutput,
657 |                                                          mElement: kAudioObjectPropertyElementMaster)
    |                                                                    |- warning: 'kAudioObjectPropertyElementMaster' was deprecated in macOS 12.0: renamed to 'kAudioObjectPropertyElementMain' [#DeprecatedDeclaration]
    |                                                                    `- note: use 'kAudioObjectPropertyElementMain' instead
658 | 
659 |     

/Users/buddhirajgautam/Documents/Cherrygram-Mac/macOS-Swift/packages/TelegramMedia/Sources/MediaPlayerAudioRenderer.swift:662:68: warning: 'kAudioObjectPropertyElementMaster' was deprecated in macOS 12.0: renamed to 'kAudioObjectPropertyElementMain' [#DeprecatedDeclaration]
660 |     public static var inputDevice = AudioObjectPropertyAddress(mSelector: kAudioHardwarePropertyDefaultInputDevice,
661 |                                                          mScope: kAudioObjectPropertyScopeGlobal,
662 |                                                          mElement: kAudioObjectPropertyElementMaster)
    |                                                                    |- warning: 'kAudioObjectPropertyElementMaster' was deprecated in macOS 12.0: renamed to 'kAudioObjectPropertyElementMain' [#DeprecatedDeclaration]
    |                                                                    `- note: use 'kAudioObjectPropertyElementMain' instead
663 | 
664 | }

/Users/buddhirajgautam/Documents/Cherrygram-Mac/macOS-Swift/packages/TelegramMedia/Sources/MediaPlayerAudioRenderer.swift:93:62: warning: 'CMTimebaseGetMaster' was deprecated in macOS 10.11: renamed to 'CMTimebaseCopySource(_:)' [#DeprecatedDeclaration]
 91 |                     if !didSetRate {
 92 |                         context.state = .playing(rate: rate, didSetRate: true)
 93 |                         let masterClock: CMClockOrTimebase = CMTimebaseGetMaster(context.timebase)!
    |                                                              |- warning: 'CMTimebaseGetMaster' was deprecated in macOS 10.11: renamed to 'CMTimebaseCopySource(_:)' [#DeprecatedDeclaration]
    |                                                              `- note: use 'CMTimebaseCopySource(_:)' instead
 94 |                         CMTimebaseSetRateAndAnchorTime(context.timebase, rate: rate, anchorTime: CMTimeMake(value: sampleIndex, timescale: 44100), immediateMasterTime: CMSyncGetTime(masterClock))
 95 |                         updatedRate = context.updatedRate

/Users/buddhirajgautam/Documents/Cherrygram-Mac/macOS-Swift/packages/TelegramMedia/Sources/MediaPlayerAudioRenderer.swift:94:25: warning: 'CMTimebaseSetRateAndAnchorTime(_:rate:anchorTime:immediateMasterTime:)' was deprecated in macOS 12.0: renamed to 'CMTimebaseSetRateAndAnchorTime(_:rate:anchorTime:immediateSourceTime:)' [#DeprecatedDeclaration]
 92 |                         context.state = .playing(rate: rate, didSetRate: true)
 93 |                         let masterClock: CMClockOrTimebase = CMTimebaseGetMaster(context.timebase)!
 94 |                         CMTimebaseSetRateAndAnchorTime(context.timebase, rate: rate, anchorTime: CMTimeMake(value: sampleIndex, timescale: 44100), immediateMasterTime: CMSyncGetTime(masterClock))
    |                         |- warning: 'CMTimebaseSetRateAndAnchorTime(_:rate:anchorTime:immediateMasterTime:)' was deprecated in macOS 12.0: renamed to 'CMTimebaseSetRateAndAnchorTime(_:rate:anchorTime:immediateSourceTime:)' [#DeprecatedDeclaration]
    |                         `- note: use 'CMTimebaseSetRateAndAnchorTime(_:rate:anchorTime:immediateSourceTime:)' instead
 95 |                         updatedRate = context.updatedRate
 96 |                     } else {

/Users/buddhirajgautam/Documents/Cherrygram-Mac/macOS-Swift/packages/TelegramMedia/Sources/MediaPlayerAudioRenderer.swift:559:62: warning: 'withUnsafeMutableBytes' is deprecated: use `withUnsafeMutableBytes<R>(_: (UnsafeMutableRawBufferPointer) throws -> R) rethrows -> R` instead [#DeprecatedDeclaration]
557 |                                         let copyOffset = context.overflowData.count
558 |                                         context.overflowData.count += dataLength - takeLength
559 |                                         context.overflowData.withUnsafeMutableBytes { (bytes: UnsafeMutablePointer<UInt8>) -> Void in
    |                                                              `- warning: 'withUnsafeMutableBytes' is deprecated: use `withUnsafeMutableBytes<R>(_: (UnsafeMutableRawBufferPointer) throws -> R) rethrows -> R` instead [#DeprecatedDeclaration]
560 |                                             CMBlockBufferCopyDataBytes(dataBuffer, atOffset: takeLength, dataLength: dataLength - takeLength, destination: bytes.advanced(by: copyOffset))
561 |                                         }

/Users/buddhirajgautam/Documents/Cherrygram-Mac/macOS-Swift/packages/TelegramMedia/Sources/MediaPlayerAudioRenderer.swift:596:18: warning: 'withUnsafeBytes' is deprecated: use `withUnsafeBytes<R>(_: (UnsafeRawBufferPointer) throws -> R) rethrows -> R` instead [#DeprecatedDeclaration]
594 |         self.bufferContext.with { context in
595 |             let bytesToCopy = min(context.buffer.size - context.buffer.availableBytes, data.count)
596 |             data.withUnsafeBytes { (bytes: UnsafePointer<UInt8>) -> Void in
    |                  `- warning: 'withUnsafeBytes' is deprecated: use `withUnsafeBytes<R>(_: (UnsafeRawBufferPointer) throws -> R) rethrows -> R` instead [#DeprecatedDeclaration]
597 |                 let _ = context.buffer.enqueue(UnsafeRawPointer(bytes), count: bytesToCopy)
598 |                 context.bufferMaxChannelSampleIndex = sampleIndex + Int64(data.count / (2 * 2))

/Users/buddhirajgautam/Documents/Cherrygram-Mac/macOS-Swift/packages/TelegramMedia/Sources/MediaPlayerAudioRenderer.swift:706:191: warning: 'kAudioObjectPropertyElementMaster' was deprecated in macOS 12.0: renamed to 'kAudioObjectPropertyElementMain' [#DeprecatedDeclaration]
704 |         
705 |         var deviceId:AudioDeviceID = AudioDeviceID()
706 |         var deviceIdRequest:AudioObjectPropertyAddress  = AudioObjectPropertyAddress(mSelector: kAudioHardwarePropertyDefaultOutputDevice, mScope: kAudioObjectPropertyScopeGlobal, mElement: kAudioObjectPropertyElementMaster)
    |                                                                                                                                                                                               |- warning: 'kAudioObjectPropertyElementMaster' was deprecated in macOS 12.0: renamed to 'kAudioObjectPropertyElementMain' [#DeprecatedDeclaration]
    |                                                                                                                                                                                               `- note: use 'kAudioObjectPropertyElementMain' instead
707 |         var deviceIdSize:UInt32 = UInt32(MemoryLayout<AudioDeviceID>.size)
708 |         

[#DeprecatedDeclaration]: <https://docs.swift.org/compiler/documentation/diagnostics/deprecated-declaration>

SwiftCompile normal arm64 /Users/buddhirajgautam/Documents/Cherrygram-Mac/macOS-Swift/packages/TelegramMedia/Sources/MediaPlayer.swift (in target 'TelegramMedia' from project 'TelegramMedia')
    cd /Users/buddhirajgautam/Documents/Cherrygram-Mac/macOS-Swift
    builtin-SwiftPerFileCompile MediaPlayer.swift

SwiftCompile normal arm64 /Users/buddhirajgautam/Documents/Cherrygram-Mac/macOS-Swift/packages/TelegramMedia/Sources/MediaPlayerAudioRenderer.swift (in target 'TelegramMedia' from project 'TelegramMedia')
    cd /Users/buddhirajgautam/Documents/Cherrygram-Mac/macOS-Swift
    builtin-SwiftPerFileCompile MediaPlayerAudioRenderer.swift

SwiftCompile normal arm64 /Users/buddhirajgautam/Documents/Cherrygram-Mac/macOS-Swift/packages/TelegramMedia/Sources/MediaPlayerFramePreview.swift (in target 'TelegramMedia' from project 'TelegramMedia')
    cd /Users/buddhirajgautam/Documents/Cherrygram-Mac/macOS-Swift
    builtin-SwiftPerFileCompile MediaPlayerFramePreview.swift

SwiftDriverJobDiscovery normal arm64 Emitting module for TelegramMedia (in target 'TelegramMedia' from project 'TelegramMedia')

SwiftDriver\ Compilation\ Requirements TelegramMedia normal arm64 com.apple.xcode.tools.swift.compiler (in target 'TelegramMedia' from project 'TelegramMedia')
    cd /Users/buddhirajgautam/Documents/Cherrygram-Mac/macOS-Swift
    builtin-Swift-Compilation-Requirements -- /Applications/Xcode.app/Contents/Developer/Toolchains/XcodeDefault.xctoolchain/usr/bin/swiftc -parse-as-library -module-name TelegramMedia -Onone @/Users/buddhirajgautam/Library/Developer/Xcode/DerivedData/Telegram-Mac-fygdgghdgmuleoelvxabfmqiotta/Build/Intermediates.noindex/TelegramMedia.build/Debug/TelegramMedia-t.build/Objects-normal/arm64/TelegramMedia.SwiftFileList -DSWIFT_PACKAGE -DDEBUG -DSWIFT_MODULE_RESOURCE_BUNDLE_UNAVAILABLE -Xcc -fmodule-map-file\=/Users/buddhirajgautam/Library/Developer/Xcode/DerivedData/Telegram-Mac-fygdgghdgmuleoelvxabfmqiotta/Build/Intermediates.noindex/GeneratedModuleMaps/ShelfPack.modulemap -Xcc -fmodule-map-file\=/Users/buddhirajgautam/Library/Developer/Xcode/DerivedData/Telegram-Mac-fygdgghdgmuleoelvxabfmqiotta/Build/Intermediates.noindex/GeneratedModuleMaps/TgVoipWebrtc.modulemap -Xcc -fmodule-map-file\=/Users/buddhirajgautam/Library/Developer/Xcode/DerivedData/Telegram-Mac-fygdgghdgmuleoelvxabfmqiotta/Build/Intermediates.noindex/GeneratedModuleMaps/MtProtoKit.modulemap -Xcc -fmodule-map-file\=/Users/buddhirajgautam/Library/Developer/Xcode/DerivedData/Telegram-Mac-fygdgghdgmuleoelvxabfmqiotta/Build/Intermediates.noindex/GeneratedModuleMaps/NetworkLogging.modulemap -Xcc -fmodule-map-file\=/Users/buddhirajgautam/Library/Developer/Xcode/DerivedData/Telegram-Mac-fygdgghdgmuleoelvxabfmqiotta/Build/Intermediates.noindex/GeneratedModuleMaps/LegacyReachability.modulemap -Xcc -fmodule-map-file\=/Users/buddhirajgautam/Library/Developer/Xcode/DerivedData/Telegram-Mac-fygdgghdgmuleoelvxabfmqiotta/Build/Intermediates.noindex/GeneratedModuleMaps/EncryptionProvider.modulemap -Xcc -fmodule-map-file\=/Users/buddhirajgautam/Library/Developer/Xcode/DerivedData/Telegram-Mac-fygdgghdgmuleoelvxabfmqiotta/Build/Intermediates.noindex/GeneratedModuleMaps/GZIP.modulemap -Xcc -fmodule-map-file\=/Users/buddhirajgautam/Library/Developer/Xcode/DerivedData/Telegram-Mac-fygdgghdgmuleoelvxabfmqiotta/Build/Intermediates.noindex/GeneratedModuleMaps/MurMurHash32.modulemap -Xcc -fmodule-map-file\=/Users/buddhirajgautam/Library/Developer/Xcode/DerivedData/Telegram-Mac-fygdgghdgmuleoelvxabfmqiotta/Build/Intermediates.noindex/GeneratedModuleMaps/sqlcipher.modulemap -Xcc -fmodule-map-file\=/Users/buddhirajgautam/Library/Developer/Xcode/DerivedData/Telegram-Mac-fygdgghdgmuleoelvxabfmqiotta/Build/Intermediates.noindex/GeneratedModuleMaps/StringTransliteration.modulemap -Xcc -fmodule-map-file\=/Users/buddhirajgautam/Library/Developer/Xcode/DerivedData/Telegram-Mac-fygdgghdgmuleoelvxabfmqiotta/Build/Intermediates.noindex/GeneratedModuleMaps/DarwinDirStat.modulemap -Xcc -fmodule-map-file\=/Users/buddhirajgautam/Library/Developer/Xcode/DerivedData/Telegram-Mac-fygdgghdgmuleoelvxabfmqiotta/Build/Intermediates.noindex/GeneratedModuleMaps/CryptoUtils.modulemap -Xcc -fmodule-map-file\=/Users/buddhirajgautam/Library/Developer/Xcode/DerivedData/Telegram-Mac-fygdgghdgmuleoelvxabfmqiotta/Build/Intermediates.noindex/GeneratedModuleMaps/Crc32.modulemap -Xcc -fmodule-map-file\=/Users/buddhirajgautam/Library/Developer/Xcode/DerivedData/Telegram-Mac-fygdgghdgmuleoelvxabfmqiotta/Build/Intermediates.noindex/GeneratedModuleMaps/libwebp.modulemap -Xcc -fmodule-map-file\=/Users/buddhirajgautam/Library/Developer/Xcode/DerivedData/Telegram-Mac-fygdgghdgmuleoelvxabfmqiotta/Build/Intermediates.noindex/GeneratedModuleMaps/ObjcUtils.modulemap -Xcc -fmodule-map-file\=/Users/buddhirajgautam/Library/Developer/Xcode/DerivedData/Telegram-Mac-fygdgghdgmuleoelvxabfmqiotta/Build/Intermediates.noindex/GeneratedModuleMaps/YuvConversion.modulemap -Xcc -fmodule-map-file\=/Users/buddhirajgautam/Library/Developer/Xcode/DerivedData/Telegram-Mac-fygdgghdgmuleoelvxabfmqiotta/Build/Intermediates.noindex/GeneratedModuleMaps/RingBuffer.modulemap -Xcc -fmodule-map-file\=/Users/buddhirajgautam/Library/Developer/Xcode/DerivedData/Telegram-Mac-fygdgghdgmuleoelvxabfmqiotta/Build/Intermediates.noindex/GeneratedModuleMaps/OpusBinding.modulemap -Xcc -fmodule-map-file\=/Users/buddhirajgautam/Library/Developer/Xcode/DerivedData/Telegram-Mac-fygdgghdgmuleoelvxabfmqiotta/Build/Intermediates.noindex/GeneratedModuleMaps/FFMpegBinding.modulemap -DXcode -plugin-path /Applications/Xcode.app/Contents/Developer/Toolchains/XcodeDefault.xctoolchain/usr/lib/swift/host/plugins/testing -enable-experimental-feature DebugDescriptionMacro -sdk /Applications/Xcode.app/Contents/Developer/Platforms/MacOSX.platform/Developer/SDKs/MacOSX27.0.sdk -target arm64-apple-macos12.0 -g -module-cache-path /Users/buddhirajgautam/Library/Developer/Xcode/DerivedData/ModuleCache.noindex -Xfrontend -serialize-debugging-options -profile-coverage-mapping -profile-generate -enable-testing -index-store-path /Users/buddhirajgautam/Library/Developer/Xcode/DerivedData/Telegram-Mac-fygdgghdgmuleoelvxabfmqiotta/Index.noindex/DataStore -Xcc -D_LIBCPP_HARDENING_MODE\=_LIBCPP_HARDENING_MODE_DEBUG -swift-version 5 -I /Users/buddhirajgautam/Library/Developer/Xcode/DerivedData/Telegram-Mac-fygdgghdgmuleoelvxabfmqiotta/Build/Products/Debug -Isystem /Applications/Xcode.app/Contents/Developer/Platforms/MacOSX.platform/Developer/usr/lib -F /Users/buddhirajgautam/Library/Developer/Xcode/DerivedData/Telegram-Mac-fygdgghdgmuleoelvxabfmqiotta/Build/Products/Debug/PackageFrameworks -F /Users/buddhirajgautam/Library/Developer/Xcode/DerivedData/Telegram-Mac-fygdgghdgmuleoelvxabfmqiotta/Build/Products/Debug -F /Applications/Xcode.app/Contents/Developer/Platforms/MacOSX.platform/Developer/Library/Frameworks -c -j8 -enable-batch-mode -incremental -Xcc -ivfsstatcache -Xcc /Users/buddhirajgautam/Library/Developer/Xcode/DerivedData/SDKStatCaches.noindex/macosx27.0-26A425-e829b21a6f8c9b70876ba0858053c0447231f6df4def33e022ae2eb8f782df1a.sdkstatcache -output-file-map /Users/buddhirajgautam/Library/Developer/Xcode/DerivedData/Telegram-Mac-fygdgghdgmuleoelvxabfmqiotta/Build/Intermediates.noindex/TelegramMedia.build/Debug/TelegramMedia-t.build/Objects-normal/arm64/TelegramMedia-OutputFileMap.json -save-temps -no-color-diagnostics -explicit-module-build -module-cache-path /Users/buddhirajgautam/Library/Developer/Xcode/DerivedData/Telegram-Mac-fygdgghdgmuleoelvxabfmqiotta/Build/Intermediates.noindex/SwiftExplicitPrecompiledModules -clang-scanner-module-cache-path /Users/buddhirajgautam/Library/Developer/Xcode/DerivedData/ModuleCache.noindex -sdk-module-cache-path /Users/buddhirajgautam/Library/Developer/Xcode/DerivedData/SDKExplicitPrecompiledModules -emit-dependencies -emit-module -emit-module-path /Users/buddhirajgautam/Library/Developer/Xcode/DerivedData/Telegram-Mac-fygdgghdgmuleoelvxabfmqiotta/Build/Intermediates.noindex/TelegramMedia.build/Debug/TelegramMedia-t.build/Objects-normal/arm64/TelegramMedia.swiftmodule -serialize-diagnostics -dependency-scan-serialize-diagnostics-path /Users/buddhirajgautam/Library/Developer/Xcode/DerivedData/Telegram-Mac-fygdgghdgmuleoelvxabfmqiotta/Build/Intermediates.noindex/TelegramMedia.build/Debug/TelegramMedia-t.build/Objects-normal/arm64/TelegramMedia-dependency-scan.dia -validate-clang-modules-once -clang-build-session-file /Users/buddhirajgautam/Library/Developer/Xcode/DerivedData/ModuleCache.noindex/Session.modulevalidation -Xcc -fmodules-prune-interval\=86400 -Xcc -fmodules-prune-after\=345600 -emit-const-values -const-gather-protocols-list /Users/buddhirajgautam/Library/Developer/Xcode/DerivedData/Telegram-Mac-fygdgghdgmuleoelvxabfmqiotta/Build/Intermediates.noindex/TelegramMedia.build/Debug/TelegramMedia-t.build/Objects-normal/arm64/TelegramMedia_const_extract_protocols.json -Xcc -I/Users/buddhirajgautam/Documents/Cherrygram-Mac/macOS-Swift/submodules/telegram-ios/submodules/Utils/ShelfPack/PublicHeaders -Xcc -I/Users/buddhirajgautam/Documents/Cherrygram-Mac/macOS-Swift/submodules/tgcalls/macos/PublicHeaders -Xcc -I/Users/buddhirajgautam/Documents/Cherrygram-Mac/macOS-Swift/submodules/telegram-ios/submodules/MtProtoKit/PublicHeaders -Xcc -I/Users/buddhirajgautam/Documents/Cherrygram-Mac/macOS-Swift/submodules/telegram-ios/submodules/NetworkLogging/PublicHeaders -Xcc -I/Users/buddhirajgautam/Documents/Cherrygram-Mac/macOS-Swift/submodules/telegram-ios/submodules/Reachability/LegacyReachability/PublicHeaders -Xcc -I/Users/buddhirajgautam/Documents/Cherrygram-Mac/macOS-Swift/submodules/telegram-ios/submodules/EncryptionProvider/PublicHeaders -Xcc -I/Users/buddhirajgautam/Documents/Cherrygram-Mac/macOS-Swift/packages/GZIP/Sources/GZIP -Xcc -I/Users/buddhirajgautam/Documents/Cherrygram-Mac/macOS-Swift/submodules/telegram-ios/submodules/MurMurHash32/PublicHeaders -Xcc -I/Users/buddhirajgautam/Documents/Cherrygram-Mac/macOS-Swift/submodules/telegram-ios/submodules/sqlcipher/PublicHeaders -Xcc -I/Users/buddhirajgautam/Documents/Cherrygram-Mac/macOS-Swift/submodules/telegram-ios/submodules/StringTransliteration/PublicHeaders -Xcc -I/Users/buddhirajgautam/Documents/Cherrygram-Mac/macOS-Swift/submodules/telegram-ios/submodules/Utils/DarwinDirStat/PublicHeaders -Xcc -I/Users/buddhirajgautam/Documents/Cherrygram-Mac/macOS-Swift/submodules/telegram-ios/submodules/CryptoUtils/PublicHeaders -Xcc -I/Users/buddhirajgautam/Documents/Cherrygram-Mac/macOS-Swift/submodules/telegram-ios/submodules/Crc32/PublicHeaders -Xcc -I/Users/buddhirajgautam/Documents/Cherrygram-Mac/macOS-Swift/submodules/libwebp/Sources -Xcc -I/Users/buddhirajgautam/Documents/Cherrygram-Mac/macOS-Swift/packages/ObjcUtils/Sources/ObjcUtils -Xcc -I/Users/buddhirajgautam/Documents/Cherrygram-Mac/macOS-Swift/submodules/telegram-ios/submodules/YuvConversion/PublicHeaders -Xcc -I/Users/buddhirajgautam/Documents/Cherrygram-Mac/macOS-Swift/packages/RingBuffer/Sources/RingBuffer -Xcc -I/Users/buddhirajgautam/Documents/Cherrygram-Mac/macOS-Swift/submodules/telegram-ios/submodules/OpusBinding/PublicHeaders -Xcc -I/Users/buddhirajgautam/Documents/Cherrygram-Mac/macOS-Swift/submodules/telegram-ios/submodules/FFMpegBinding/Public -Xcc -I/Users/buddhirajgautam/Library/Developer/Xcode/DerivedData/Telegram-Mac-fygdgghdgmuleoelvxabfmqiotta/Build/Products/Debug/include -Xcc -I/Users/buddhirajgautam/Library/Developer/Xcode/DerivedData/Telegram-Mac-fygdgghdgmuleoelvxabfmqiotta/Build/Intermediates.noindex/TelegramMedia.build/Debug/TelegramMedia-t.build/DerivedSources-normal/arm64 -Xcc -I/Users/buddhirajgautam/Library/Developer/Xcode/DerivedData/Telegram-Mac-fygdgghdgmuleoelvxabfmqiotta/Build/Intermediates.noindex/TelegramMedia.build/Debug/TelegramMedia-t.build/DerivedSources/arm64 -Xcc -I/Users/buddhirajgautam/Library/Developer/Xcode/DerivedData/Telegram-Mac-fygdgghdgmuleoelvxabfmqiotta/Build/Intermediates.noindex/TelegramMedia.build/Debug/TelegramMedia-t.build/DerivedSources -Xcc -DSWIFT_PACKAGE -Xcc -DDEBUG\=1 -emit-objc-header -emit-objc-header-path /Users/buddhirajgautam/Library/Developer/Xcode/DerivedData/Telegram-Mac-fygdgghdgmuleoelvxabfmqiotta/Build/Intermediates.noindex/TelegramMedia.build/Debug/TelegramMedia-t.build/Objects-normal/arm64/TelegramMedia-Swift.h -working-directory /Users/buddhirajgautam/Documents/Cherrygram-Mac/macOS-Swift -experimental-emit-module-separately -disable-cmo

SwiftDriverJobDiscovery normal arm64 Compiling MediaPlayerView.swift, MediaUtils.swift, MetalVideoRenderView.swift (in target 'TelegramMedia' from project 'TelegramMedia')

SwiftCompile normal arm64 Compiling\ SoftwareVideoSource.swift,\ UniversalVideoContentVideoQuality.swift,\ VideoPlayerProxy.swift /Users/buddhirajgautam/Documents/Cherrygram-Mac/macOS-Swift/packages/TelegramMedia/Sources/SoftwareVideoSource.swift /Users/buddhirajgautam/Documents/Cherrygram-Mac/macOS-Swift/packages/TelegramMedia/Sources/UniversalVideoContentVideoQuality.swift /Users/buddhirajgautam/Documents/Cherrygram-Mac/macOS-Swift/packages/TelegramMedia/Sources/VideoPlayerProxy.swift (in target 'TelegramMedia' from project 'TelegramMedia')
/Users/buddhirajgautam/Documents/Cherrygram-Mac/macOS-Swift/packages/TelegramMedia/Sources/UniversalVideoContentVideoQuality.swift:58:60: warning: conditional cast from 'TelegramMediaFile' to 'TelegramMediaFile' always succeeds
 56 | public func isHLSVideo(file: TelegramMediaFile) -> Bool {
 57 |     for alternativeRepresentation in file.alternativeRepresentations {
 58 |         if let alternativeFile = alternativeRepresentation as? TelegramMediaFile {
    |                                                            `- warning: conditional cast from 'TelegramMediaFile' to 'TelegramMediaFile' always succeeds
 59 |             if alternativeFile.mimeType == "application/x-mpegurl" {
 60 |                 return true

/Users/buddhirajgautam/Documents/Cherrygram-Mac/macOS-Swift/packages/TelegramMedia/Sources/VideoPlayerProxy.swift:74:54: warning: 'weak' ownership of capture 'self' differs from implicitly-captured strong reference in outer scope [#ImplicitStrongCapture]
 70 |         self.queue = queue
 71 |         
 72 |         self.contextQueue.async {
    |                                 |- note: 'self' implicitly strongly captured here
    |                                 `- note: add 'self' as a capture list item to silence
 73 |             let context = VideoPlayerProxyContext(queue: self.contextQueue)
 74 |             context.updateVideoInHierarchy = { [weak self] value in
    |                                                      |- warning: 'weak' ownership of capture 'self' differs from implicitly-captured strong reference in outer scope [#ImplicitStrongCapture]
    |                                                      `- note: explicitly assign the capture list item to silence
 75 |                 queue.async {
 76 |                     if let strongSelf = self {

[#ImplicitStrongCapture]: <https://docs.swift.org/compiler/documentation/diagnostics/implicit-strong-capture>

SwiftCompile normal arm64 /Users/buddhirajgautam/Documents/Cherrygram-Mac/macOS-Swift/packages/TelegramMedia/Sources/SoftwareVideoSource.swift (in target 'TelegramMedia' from project 'TelegramMedia')
    cd /Users/buddhirajgautam/Documents/Cherrygram-Mac/macOS-Swift
    builtin-SwiftPerFileCompile SoftwareVideoSource.swift

SwiftCompile normal arm64 /Users/buddhirajgautam/Documents/Cherrygram-Mac/macOS-Swift/packages/TelegramMedia/Sources/UniversalVideoContentVideoQuality.swift (in target 'TelegramMedia' from project 'TelegramMedia')
    cd /Users/buddhirajgautam/Documents/Cherrygram-Mac/macOS-Swift
    builtin-SwiftPerFileCompile UniversalVideoContentVideoQuality.swift

SwiftCompile normal arm64 /Users/buddhirajgautam/Documents/Cherrygram-Mac/macOS-Swift/packages/TelegramMedia/Sources/VideoPlayerProxy.swift (in target 'TelegramMedia' from project 'TelegramMedia')
    cd /Users/buddhirajgautam/Documents/Cherrygram-Mac/macOS-Swift
    builtin-SwiftPerFileCompile VideoPlayerProxy.swift

SwiftCompile normal arm64 Compiling\ ChunkMediaPlayerV2.swift,\ DataItem.swift,\ GIFPlayerView.swift,\ HLSVideoContent.swift /Users/buddhirajgautam/Documents/Cherrygram-Mac/macOS-Swift/packages/TelegramMedia/Sources/ChunkMediaPlayerV2.swift /Users/buddhirajgautam/Documents/Cherrygram-Mac/macOS-Swift/packages/TelegramMedia/Sources/DataItem.swift /Users/buddhirajgautam/Documents/Cherrygram-Mac/macOS-Swift/packages/TelegramMedia/Sources/GIFPlayerView.swift /Users/buddhirajgautam/Documents/Cherrygram-Mac/macOS-Swift/packages/TelegramMedia/Sources/HLSVideoContent.swift (in target 'TelegramMedia' from project 'TelegramMedia')
/Users/buddhirajgautam/Documents/Cherrygram-Mac/macOS-Swift/packages/TelegramMedia/Sources/GIFPlayerView.swift:16:13: warning: class 'CIStickerContext' must restate inherited '@unchecked Sendable' conformance
 14 | 
 15 | 
 16 | final class CIStickerContext : CIContext {
    |             `- warning: class 'CIStickerContext' must restate inherited '@unchecked Sendable' conformance
 17 |     deinit {
 18 |         var bp:Int = 0

/Users/buddhirajgautam/Documents/Cherrygram-Mac/macOS-Swift/packages/TelegramMedia/Sources/GIFPlayerView.swift:25:16: warning: 'init(source:)' was deprecated in macOS 10.14: Core Image Kernel Language API deprecated. (Define CI_SILENCE_GL_DEPRECATION to silence these warnings) [#DeprecatedDeclaration]
 23 | private class AlphaFrameFilter: CIFilter {
 24 |     static var kernel: CIColorKernel? = {
 25 |         return CIColorKernel(source: """
    |                `- warning: 'init(source:)' was deprecated in macOS 10.14: Core Image Kernel Language API deprecated. (Define CI_SILENCE_GL_DEPRECATION to silence these warnings) [#DeprecatedDeclaration]
 26 | kernel vec4 alphaFrame(__sample s, __sample m) {
 27 |   return vec4( s.rgb, m.r );

/Users/buddhirajgautam/Documents/Cherrygram-Mac/macOS-Swift/packages/TelegramMedia/Sources/GIFPlayerView.swift:230:46: warning: capture of 'layer' with non-Sendable type 'AVSampleBufferDisplayLayer' in a '@Sendable' closure [#SendableClosureCaptures]
228 |                 if stopRequesting.swap(false) {
229 |                     
230 |                     if let controlTimebase = layer.controlTimebase, let current = timer.swap(nil) {
    |                                              `- warning: capture of 'layer' with non-Sendable type 'AVSampleBufferDisplayLayer' in a '@Sendable' closure [#SendableClosureCaptures]
231 |                         CMTimebaseRemoveTimer(controlTimebase, timer: current)
232 |                         _ = timebase.swap(nil)

[#DeprecatedDeclaration]: <https://docs.swift.org/compiler/documentation/diagnostics/deprecated-declaration>
[#SendableClosureCaptures]: <https://docs.swift.org/compiler/documentation/diagnostics/sendable-closure-captures>

SwiftCompile normal arm64 /Users/buddhirajgautam/Documents/Cherrygram-Mac/macOS-Swift/packages/TelegramMedia/Sources/ChunkMediaPlayerV2.swift (in target 'TelegramMedia' from project 'TelegramMedia')
    cd /Users/buddhirajgautam/Documents/Cherrygram-Mac/macOS-Swift
    builtin-SwiftPerFileCompile ChunkMediaPlayerV2.swift

SwiftCompile normal arm64 /Users/buddhirajgautam/Documents/Cherrygram-Mac/macOS-Swift/packages/TelegramMedia/Sources/DataItem.swift (in target 'TelegramMedia' from project 'TelegramMedia')
    cd /Users/buddhirajgautam/Documents/Cherrygram-Mac/macOS-Swift
    builtin-SwiftPerFileCompile DataItem.swift

SwiftCompile normal arm64 /Users/buddhirajgautam/Documents/Cherrygram-Mac/macOS-Swift/packages/TelegramMedia/Sources/GIFPlayerView.swift (in target 'TelegramMedia' from project 'TelegramMedia')
    cd /Users/buddhirajgautam/Documents/Cherrygram-Mac/macOS-Swift
    builtin-SwiftPerFileCompile GIFPlayerView.swift

SwiftCompile normal arm64 /Users/buddhirajgautam/Documents/Cherrygram-Mac/macOS-Swift/packages/TelegramMedia/Sources/HLSVideoContent.swift (in target 'TelegramMedia' from project 'TelegramMedia')
    cd /Users/buddhirajgautam/Documents/Cherrygram-Mac/macOS-Swift
    builtin-SwiftPerFileCompile HLSVideoContent.swift

SwiftMergeGeneratedHeaders /Users/buddhirajgautam/Library/Developer/Xcode/DerivedData/Telegram-Mac-fygdgghdgmuleoelvxabfmqiotta/Build/Intermediates.noindex/GeneratedModuleMaps/TelegramMedia-Swift.h /Users/buddhirajgautam/Library/Developer/Xcode/DerivedData/Telegram-Mac-fygdgghdgmuleoelvxabfmqiotta/Build/Intermediates.noindex/TelegramMedia.build/Debug/TelegramMedia-t.build/Objects-normal/arm64/TelegramMedia-Swift.h (in target 'TelegramMedia' from project 'TelegramMedia')
    cd /Users/buddhirajgautam/Documents/Cherrygram-Mac/macOS-Swift/packages/TelegramMedia
    builtin-swiftHeaderTool -arch arm64 /Users/buddhirajgautam/Library/Developer/Xcode/DerivedData/Telegram-Mac-fygdgghdgmuleoelvxabfmqiotta/Build/Intermediates.noindex/TelegramMedia.build/Debug/TelegramMedia-t.build/Objects-normal/arm64/TelegramMedia-Swift.h -o /Users/buddhirajgautam/Library/Developer/Xcode/DerivedData/Telegram-Mac-fygdgghdgmuleoelvxabfmqiotta/Build/Intermediates.noindex/GeneratedModuleMaps/TelegramMedia-Swift.h

SwiftDriverJobDiscovery normal arm64 Compiling Localizable.swift (in target 'Localization' from project 'Localization')

Copy /Users/buddhirajgautam/Library/Developer/Xcode/DerivedData/Telegram-Mac-fygdgghdgmuleoelvxabfmqiotta/Build/Products/Debug/TelegramMedia.swiftmodule/arm64-apple-macos.swiftmodule /Users/buddhirajgautam/Library/Developer/Xcode/DerivedData/Telegram-Mac-fygdgghdgmuleoelvxabfmqiotta/Build/Intermediates.noindex/TelegramMedia.build/Debug/TelegramMedia-t.build/Objects-normal/arm64/TelegramMedia.swiftmodule (in target 'TelegramMedia' from project 'TelegramMedia')
    cd /Users/buddhirajgautam/Documents/Cherrygram-Mac/macOS-Swift/packages/TelegramMedia
    builtin-copy -exclude .DS_Store -exclude CVS -exclude .svn -exclude .git -exclude .hg -resolve-src-symlinks -rename /Users/buddhirajgautam/Library/Developer/Xcode/DerivedData/Telegram-Mac-fygdgghdgmuleoelvxabfmqiotta/Build/Intermediates.noindex/TelegramMedia.build/Debug/TelegramMedia-t.build/Objects-normal/arm64/TelegramMedia.swiftmodule /Users/buddhirajgautam/Library/Developer/Xcode/DerivedData/Telegram-Mac-fygdgghdgmuleoelvxabfmqiotta/Build/Products/Debug/TelegramMedia.swiftmodule/arm64-apple-macos.swiftmodule

Copy /Users/buddhirajgautam/Library/Developer/Xcode/DerivedData/Telegram-Mac-fygdgghdgmuleoelvxabfmqiotta/Build/Products/Debug/TelegramMedia.swiftmodule/arm64-apple-macos.swiftdoc /Users/buddhirajgautam/Library/Developer/Xcode/DerivedData/Telegram-Mac-fygdgghdgmuleoelvxabfmqiotta/Build/Intermediates.noindex/TelegramMedia.build/Debug/TelegramMedia-t.build/Objects-normal/arm64/TelegramMedia.swiftdoc (in target 'TelegramMedia' from project 'TelegramMedia')
    cd /Users/buddhirajgautam/Documents/Cherrygram-Mac/macOS-Swift/packages/TelegramMedia
    builtin-copy -exclude .DS_Store -exclude CVS -exclude .svn -exclude .git -exclude .hg -resolve-src-symlinks -rename /Users/buddhirajgautam/Library/Developer/Xcode/DerivedData/Telegram-Mac-fygdgghdgmuleoelvxabfmqiotta/Build/Intermediates.noindex/TelegramMedia.build/Debug/TelegramMedia-t.build/Objects-normal/arm64/TelegramMedia.swiftdoc /Users/buddhirajgautam/Library/Developer/Xcode/DerivedData/Telegram-Mac-fygdgghdgmuleoelvxabfmqiotta/Build/Products/Debug/TelegramMedia.swiftmodule/arm64-apple-macos.swiftdoc

Copy /Users/buddhirajgautam/Library/Developer/Xcode/DerivedData/Telegram-Mac-fygdgghdgmuleoelvxabfmqiotta/Build/Products/Debug/TelegramMedia.swiftmodule/arm64-apple-macos.abi.json /Users/buddhirajgautam/Library/Developer/Xcode/DerivedData/Telegram-Mac-fygdgghdgmuleoelvxabfmqiotta/Build/Intermediates.noindex/TelegramMedia.build/Debug/TelegramMedia-t.build/Objects-normal/arm64/TelegramMedia.abi.json (in target 'TelegramMedia' from project 'TelegramMedia')
    cd /Users/buddhirajgautam/Documents/Cherrygram-Mac/macOS-Swift/packages/TelegramMedia
    builtin-copy -exclude .DS_Store -exclude CVS -exclude .svn -exclude .git -exclude .hg -resolve-src-symlinks -rename /Users/buddhirajgautam/Library/Developer/Xcode/DerivedData/Telegram-Mac-fygdgghdgmuleoelvxabfmqiotta/Build/Intermediates.noindex/TelegramMedia.build/Debug/TelegramMedia-t.build/Objects-normal/arm64/TelegramMedia.abi.json /Users/buddhirajgautam/Library/Developer/Xcode/DerivedData/Telegram-Mac-fygdgghdgmuleoelvxabfmqiotta/Build/Products/Debug/TelegramMedia.swiftmodule/arm64-apple-macos.abi.json

Copy /Users/buddhirajgautam/Library/Developer/Xcode/DerivedData/Telegram-Mac-fygdgghdgmuleoelvxabfmqiotta/Build/Products/Debug/TelegramMedia.swiftmodule/Project/arm64-apple-macos.swiftsourceinfo /Users/buddhirajgautam/Library/Developer/Xcode/DerivedData/Telegram-Mac-fygdgghdgmuleoelvxabfmqiotta/Build/Intermediates.noindex/TelegramMedia.build/Debug/TelegramMedia-t.build/Objects-normal/arm64/TelegramMedia.swiftsourceinfo (in target 'TelegramMedia' from project 'TelegramMedia')
    cd /Users/buddhirajgautam/Documents/Cherrygram-Mac/macOS-Swift/packages/TelegramMedia
    builtin-copy -exclude .DS_Store -exclude CVS -exclude .svn -exclude .git -exclude .hg -resolve-src-symlinks -rename /Users/buddhirajgautam/Library/Developer/Xcode/DerivedData/Telegram-Mac-fygdgghdgmuleoelvxabfmqiotta/Build/Intermediates.noindex/TelegramMedia.build/Debug/TelegramMedia-t.build/Objects-normal/arm64/TelegramMedia.swiftsourceinfo /Users/buddhirajgautam/Library/Developer/Xcode/DerivedData/Telegram-Mac-fygdgghdgmuleoelvxabfmqiotta/Build/Products/Debug/TelegramMedia.swiftmodule/Project/arm64-apple-macos.swiftsourceinfo

ProcessInfoPlistFile /Users/buddhirajgautam/Library/Developer/Xcode/DerivedData/Telegram-Mac-fygdgghdgmuleoelvxabfmqiotta/Build/Products/Debug/Sparkle.framework/Versions/A/Resources/Info.plist /Users/buddhirajgautam/Documents/Cherrygram-Mac/macOS-Swift/submodules/Sparkle/Sparkle/Sparkle-Info.plist (in target 'Sparkle' from project 'Sparkle')
    cd /Users/buddhirajgautam/Documents/Cherrygram-Mac/macOS-Swift/submodules/Sparkle
    builtin-infoPlistUtility /Users/buddhirajgautam/Documents/Cherrygram-Mac/macOS-Swift/submodules/Sparkle/Sparkle/Sparkle-Info.plist -producttype com.apple.product-type.framework -expandbuildsettings -platform macosx -additionalcontentfile /Users/buddhirajgautam/Library/Developer/Xcode/DerivedData/Telegram-Mac-fygdgghdgmuleoelvxabfmqiotta/Build/Intermediates.noindex/Sparkle.build/Debug/Sparkle.build/SUStatus-PartialInfo.plist -o /Users/buddhirajgautam/Library/Developer/Xcode/DerivedData/Telegram-Mac-fygdgghdgmuleoelvxabfmqiotta/Build/Products/Debug/Sparkle.framework/Versions/A/Resources/Info.plist

SwiftDriver\ Compilation Localization normal arm64 com.apple.xcode.tools.swift.compiler (in target 'Localization' from project 'Localization')
    cd /Users/buddhirajgautam/Documents/Cherrygram-Mac/macOS-Swift
    builtin-Swift-Compilation -- /Applications/Xcode.app/Contents/Developer/Toolchains/XcodeDefault.xctoolchain/usr/bin/swiftc -parse-as-library -module-name Localization -Onone @/Users/buddhirajgautam/Library/Developer/Xcode/DerivedData/Telegram-Mac-fygdgghdgmuleoelvxabfmqiotta/Build/Intermediates.noindex/Localization.build/Debug/Localization-t.build/Objects-normal/arm64/Localization.SwiftFileList -DSWIFT_PACKAGE -DDEBUG -DSWIFT_MODULE_RESOURCE_BUNDLE_UNAVAILABLE -Xcc -fmodule-map-file\=/Users/buddhirajgautam/Library/Developer/Xcode/DerivedData/Telegram-Mac-fygdgghdgmuleoelvxabfmqiotta/Build/Intermediates.noindex/GeneratedModuleMaps/MurMurHash32.modulemap -Xcc -fmodule-map-file\=/Users/buddhirajgautam/Library/Developer/Xcode/DerivedData/Telegram-Mac-fygdgghdgmuleoelvxabfmqiotta/Build/Intermediates.noindex/GeneratedModuleMaps/sqlcipher.modulemap -Xcc -fmodule-map-file\=/Users/buddhirajgautam/Library/Developer/Xcode/DerivedData/Telegram-Mac-fygdgghdgmuleoelvxabfmqiotta/Build/Intermediates.noindex/GeneratedModuleMaps/StringTransliteration.modulemap -Xcc -fmodule-map-file\=/Users/buddhirajgautam/Library/Developer/Xcode/DerivedData/Telegram-Mac-fygdgghdgmuleoelvxabfmqiotta/Build/Intermediates.noindex/GeneratedModuleMaps/Crc32.modulemap -Xcc -fmodule-map-file\=/Users/buddhirajgautam/Library/Developer/Xcode/DerivedData/Telegram-Mac-fygdgghdgmuleoelvxabfmqiotta/Build/Intermediates.noindex/GeneratedModuleMaps/MtProtoKit.modulemap -Xcc -fmodule-map-file\=/Users/buddhirajgautam/Library/Developer/Xcode/DerivedData/Telegram-Mac-fygdgghdgmuleoelvxabfmqiotta/Build/Intermediates.noindex/GeneratedModuleMaps/CryptoUtils.modulemap -Xcc -fmodule-map-file\=/Users/buddhirajgautam/Library/Developer/Xcode/DerivedData/Telegram-Mac-fygdgghdgmuleoelvxabfmqiotta/Build/Intermediates.noindex/GeneratedModuleMaps/NetworkLogging.modulemap -Xcc -fmodule-map-file\=/Users/buddhirajgautam/Library/Developer/Xcode/DerivedData/Telegram-Mac-fygdgghdgmuleoelvxabfmqiotta/Build/Intermediates.noindex/GeneratedModuleMaps/DarwinDirStat.modulemap -Xcc -fmodule-map-file\=/Users/buddhirajgautam/Library/Developer/Xcode/DerivedData/Telegram-Mac-fygdgghdgmuleoelvxabfmqiotta/Build/Intermediates.noindex/GeneratedModuleMaps/LegacyReachability.modulemap -Xcc -fmodule-map-file\=/Users/buddhirajgautam/Library/Developer/Xcode/DerivedData/Telegram-Mac-fygdgghdgmuleoelvxabfmqiotta/Build/Intermediates.noindex/GeneratedModuleMaps/EncryptionProvider.modulemap -Xcc -fmodule-map-file\=/Users/buddhirajgautam/Library/Developer/Xcode/DerivedData/Telegram-Mac-fygdgghdgmuleoelvxabfmqiotta/Build/Intermediates.noindex/GeneratedModuleMaps/ObjcUtils.modulemap -Xcc -fmodule-map-file\=/Users/buddhirajgautam/Library/Developer/Xcode/DerivedData/Telegram-Mac-fygdgghdgmuleoelvxabfmqiotta/Build/Intermediates.noindex/GeneratedModuleMaps/NumberPluralization.modulemap -DXcode -plugin-path /Applications/Xcode.app/Contents/Developer/Toolchains/XcodeDefault.xctoolchain/usr/lib/swift/host/plugins/testing -enable-experimental-feature DebugDescriptionMacro -sdk /Applications/Xcode.app/Contents/Developer/Platforms/MacOSX.platform/Developer/SDKs/MacOSX27.0.sdk -target arm64-apple-macos12.0 -g -module-cache-path /Users/buddhirajgautam/Library/Developer/Xcode/DerivedData/ModuleCache.noindex -Xfrontend -serialize-debugging-options -profile-coverage-mapping -profile-generate -enable-testing -index-store-path /Users/buddhirajgautam/Library/Developer/Xcode/DerivedData/Telegram-Mac-fygdgghdgmuleoelvxabfmqiotta/Index.noindex/DataStore -Xcc -D_LIBCPP_HARDENING_MODE\=_LIBCPP_HARDENING_MODE_DEBUG -swift-version 5 -I /Users/buddhirajgautam/Library/Developer/Xcode/DerivedData/Telegram-Mac-fygdgghdgmuleoelvxabfmqiotta/Build/Products/Debug -Isystem /Applications/Xcode.app/Contents/Developer/Platforms/MacOSX.platform/Developer/usr/lib -F /Users/buddhirajgautam/Library/Developer/Xcode/DerivedData/Telegram-Mac-fygdgghdgmuleoelvxabfmqiotta/Build/Products/Debug/PackageFrameworks -F /Users/buddhirajgautam/Library/Developer/Xcode/DerivedData/Telegram-Mac-fygdgghdgmuleoelvxabfmqiotta/Build/Products/Debug -F /Applications/Xcode.app/Contents/Developer/Platforms/MacOSX.platform/Developer/Library/Frameworks -c -j8 -enable-batch-mode -incremental -Xcc -ivfsstatcache -Xcc /Users/buddhirajgautam/Library/Developer/Xcode/DerivedData/SDKStatCaches.noindex/macosx27.0-26A425-e829b21a6f8c9b70876ba0858053c0447231f6df4def33e022ae2eb8f782df1a.sdkstatcache -output-file-map /Users/buddhirajgautam/Library/Developer/Xcode/DerivedData/Telegram-Mac-fygdgghdgmuleoelvxabfmqiotta/Build/Intermediates.noindex/Localization.build/Debug/Localization-t.build/Objects-normal/arm64/Localization-OutputFileMap.json -save-temps -no-color-diagnostics -explicit-module-build -module-cache-path /Users/buddhirajgautam/Library/Developer/Xcode/DerivedData/Telegram-Mac-fygdgghdgmuleoelvxabfmqiotta/Build/Intermediates.noindex/SwiftExplicitPrecompiledModules -clang-scanner-module-cache-path /Users/buddhirajgautam/Library/Developer/Xcode/DerivedData/ModuleCache.noindex -sdk-module-cache-path /Users/buddhirajgautam/Library/Developer/Xcode/DerivedData/SDKExplicitPrecompiledModules -emit-dependencies -emit-module -emit-module-path /Users/buddhirajgautam/Library/Developer/Xcode/DerivedData/Telegram-Mac-fygdgghdgmuleoelvxabfmqiotta/Build/Intermediates.noindex/Localization.build/Debug/Localization-t.build/Objects-normal/arm64/Localization.swiftmodule -serialize-diagnostics -dependency-scan-serialize-diagnostics-path /Users/buddhirajgautam/Library/Developer/Xcode/DerivedData/Telegram-Mac-fygdgghdgmuleoelvxabfmqiotta/Build/Intermediates.noindex/Localization.build/Debug/Localization-t.build/Objects-normal/arm64/Localization-dependency-scan.dia -validate-clang-modules-once -clang-build-session-file /Users/buddhirajgautam/Library/Developer/Xcode/DerivedData/ModuleCache.noindex/Session.modulevalidation -Xcc -fmodules-prune-interval\=86400 -Xcc -fmodules-prune-after\=345600 -emit-const-values -const-gather-protocols-list /Users/buddhirajgautam/Library/Developer/Xcode/DerivedData/Telegram-Mac-fygdgghdgmuleoelvxabfmqiotta/Build/Intermediates.noindex/Localization.build/Debug/Localization-t.build/Objects-normal/arm64/Localization_const_extract_protocols.json -Xcc -I/Users/buddhirajgautam/Documents/Cherrygram-Mac/macOS-Swift/submodules/telegram-ios/submodules/MurMurHash32/PublicHeaders -Xcc -I/Users/buddhirajgautam/Documents/Cherrygram-Mac/macOS-Swift/submodules/telegram-ios/submodules/sqlcipher/PublicHeaders -Xcc -I/Users/buddhirajgautam/Documents/Cherrygram-Mac/macOS-Swift/submodules/telegram-ios/submodules/StringTransliteration/PublicHeaders -Xcc -I/Users/buddhirajgautam/Documents/Cherrygram-Mac/macOS-Swift/submodules/telegram-ios/submodules/Crc32/PublicHeaders -Xcc -I/Users/buddhirajgautam/Documents/Cherrygram-Mac/macOS-Swift/submodules/telegram-ios/submodules/MtProtoKit/PublicHeaders -Xcc -I/Users/buddhirajgautam/Documents/Cherrygram-Mac/macOS-Swift/submodules/telegram-ios/submodules/CryptoUtils/PublicHeaders -Xcc -I/Users/buddhirajgautam/Documents/Cherrygram-Mac/macOS-Swift/submodules/telegram-ios/submodules/NetworkLogging/PublicHeaders -Xcc -I/Users/buddhirajgautam/Documents/Cherrygram-Mac/macOS-Swift/submodules/telegram-ios/submodules/Utils/DarwinDirStat/PublicHeaders -Xcc -I/Users/buddhirajgautam/Documents/Cherrygram-Mac/macOS-Swift/submodules/telegram-ios/submodules/Reachability/LegacyReachability/PublicHeaders -Xcc -I/Users/buddhirajgautam/Documents/Cherrygram-Mac/macOS-Swift/submodules/telegram-ios/submodules/EncryptionProvider/PublicHeaders -Xcc -I/Users/buddhirajgautam/Documents/Cherrygram-Mac/macOS-Swift/packages/ObjcUtils/Sources/ObjcUtils -Xcc -I/Users/buddhirajgautam/Documents/Cherrygram-Mac/macOS-Swift/packages/NumberPluralization/Sources/NumberPluralization -Xcc -I/Users/buddhirajgautam/Library/Developer/Xcode/DerivedData/Telegram-Mac-fygdgghdgmuleoelvxabfmqiotta/Build/Products/Debug/include -Xcc -I/Users/buddhirajgautam/Library/Developer/Xcode/DerivedData/Telegram-Mac-fygdgghdgmuleoelvxabfmqiotta/Build/Intermediates.noindex/Localization.build/Debug/Localization-t.build/DerivedSources-normal/arm64 -Xcc -I/Users/buddhirajgautam/Library/Developer/Xcode/DerivedData/Telegram-Mac-fygdgghdgmuleoelvxabfmqiotta/Build/Intermediates.noindex/Localization.build/Debug/Localization-t.build/DerivedSources/arm64 -Xcc -I/Users/buddhirajgautam/Library/Developer/Xcode/DerivedData/Telegram-Mac-fygdgghdgmuleoelvxabfmqiotta/Build/Intermediates.noindex/Localization.build/Debug/Localization-t.build/DerivedSources -Xcc -DSWIFT_PACKAGE -Xcc -DDEBUG\=1 -emit-objc-header -emit-objc-header-path /Users/buddhirajgautam/Library/Developer/Xcode/DerivedData/Telegram-Mac-fygdgghdgmuleoelvxabfmqiotta/Build/Intermediates.noindex/Localization.build/Debug/Localization-t.build/Objects-normal/arm64/Localization-Swift.h -working-directory /Users/buddhirajgautam/Documents/Cherrygram-Mac/macOS-Swift -experimental-emit-module-separately -disable-cmo

SwiftDriverJobDiscovery normal arm64 Compiling LottiePlayer.swift, ManagedAudioSession.swift, MediaPlaybackStoredState.swift (in target 'TelegramMedia' from project 'TelegramMedia')

SwiftDriverJobDiscovery normal arm64 Compiling MediaPlayer.swift, MediaPlayerAudioRenderer.swift, MediaPlayerFramePreview.swift (in target 'TelegramMedia' from project 'TelegramMedia')

Copy /Users/buddhirajgautam/Library/Developer/Xcode/DerivedData/Telegram-Mac-fygdgghdgmuleoelvxabfmqiotta/Build/Products/Debug/Sparkle.framework/Versions/A/Resources/Autoupdate.app /Users/buddhirajgautam/Library/Developer/Xcode/DerivedData/Telegram-Mac-fygdgghdgmuleoelvxabfmqiotta/Build/Products/Debug/Autoupdate.app (in target 'Sparkle' from project 'Sparkle')
    cd /Users/buddhirajgautam/Documents/Cherrygram-Mac/macOS-Swift/submodules/Sparkle
    builtin-copy -exclude .DS_Store -exclude CVS -exclude .svn -exclude .git -exclude .hg -exclude Headers -exclude PrivateHeaders -exclude Modules -exclude \*.tbd -strip-unsigned-binaries -strip-deterministic -strip-tool /Applications/Xcode.app/Contents/Developer/Toolchains/XcodeDefault.xctoolchain/usr/bin/strip -resolve-src-symlinks -remove-static-executable /Users/buddhirajgautam/Library/Developer/Xcode/DerivedData/Telegram-Mac-fygdgghdgmuleoelvxabfmqiotta/Build/Products/Debug/Autoupdate.app /Users/buddhirajgautam/Library/Developer/Xcode/DerivedData/Telegram-Mac-fygdgghdgmuleoelvxabfmqiotta/Build/Products/Debug/Sparkle.framework/Versions/A/Resources
/Applications/Xcode.app/Contents/Developer/Toolchains/XcodeDefault.xctoolchain/usr/bin/strip -D -S -no_atom_info /Users/buddhirajgautam/Library/Developer/Xcode/DerivedData/Telegram-Mac-fygdgghdgmuleoelvxabfmqiotta/Build/Products/Debug/Autoupdate.app/Contents/MacOS/fileop -o /Users/buddhirajgautam/Library/Developer/Xcode/DerivedData/Telegram-Mac-fygdgghdgmuleoelvxabfmqiotta/Build/Products/Debug/Sparkle.framework/Versions/A/Resources/Autoupdate.app/Contents/MacOS/fileop/Applications/Xcode.app/Contents/Developer/Toolchains/XcodeDefault.xctoolchain/usr/bin/strip -D -S -no_atom_info /Users/buddhirajgautam/Library/Developer/Xcode/DerivedData/Telegram-Mac-fygdgghdgmuleoelvxabfmqiotta/Build/Products/Debug/Autoupdate.app/Contents/MacOS/Autoupdate -o /Users/buddhirajgautam/Library/Developer/Xcode/DerivedData/Telegram-Mac-fygdgghdgmuleoelvxabfmqiotta/Build/Products/Debug/Sparkle.framework/Versions/A/Resources/Autoupdate.app/Contents/MacOS/Autoupdate

SwiftDriver TelegramShare normal arm64 com.apple.xcode.tools.swift.compiler (in target 'TelegramShare' from project 'Telegram')
    cd /Users/buddhirajgautam/Documents/Cherrygram-Mac/macOS-Swift
    builtin-SwiftDriver -- /Applications/Xcode.app/Contents/Developer/Toolchains/XcodeDefault.xctoolchain/usr/bin/swiftc -module-name TelegramShare -Onone @/Users/buddhirajgautam/Library/Developer/Xcode/DerivedData/Telegram-Mac-fygdgghdgmuleoelvxabfmqiotta/Build/Intermediates.noindex/Telegram.build/Debug/TelegramShare.build/Objects-normal/arm64/TelegramShare.SwiftFileList -DSHARE -Xcc -fmodule-map-file\=/Users/buddhirajgautam/Library/Developer/Xcode/DerivedData/Telegram-Mac-fygdgghdgmuleoelvxabfmqiotta/Build/Intermediates.noindex/GeneratedModuleMaps/YuvConversion.modulemap -Xcc -fmodule-map-file\=/Users/buddhirajgautam/Library/Developer/Xcode/DerivedData/Telegram-Mac-fygdgghdgmuleoelvxabfmqiotta/Build/Intermediates.noindex/GeneratedModuleMaps/MtProtoKit.modulemap -Xcc -fmodule-map-file\=/Users/buddhirajgautam/Library/Developer/Xcode/DerivedData/Telegram-Mac-fygdgghdgmuleoelvxabfmqiotta/Build/Intermediates.noindex/GeneratedModuleMaps/NetworkLogging.modulemap -Xcc -fmodule-map-file\=/Users/buddhirajgautam/Library/Developer/Xcode/DerivedData/Telegram-Mac-fygdgghdgmuleoelvxabfmqiotta/Build/Intermediates.noindex/GeneratedModuleMaps/LegacyReachability.modulemap -Xcc -fmodule-map-file\=/Users/buddhirajgautam/Library/Developer/Xcode/DerivedData/Telegram-Mac-fygdgghdgmuleoelvxabfmqiotta/Build/Intermediates.noindex/GeneratedModuleMaps/EncryptionProvider.modulemap -Xcc -fmodule-map-file\=/Users/buddhirajgautam/Library/Developer/Xcode/DerivedData/Telegram-Mac-fygdgghdgmuleoelvxabfmqiotta/Build/Intermediates.noindex/GeneratedModuleMaps/DateUtils.modulemap -Xcc -fmodule-map-file\=/Users/buddhirajgautam/Library/Developer/Xcode/DerivedData/Telegram-Mac-fygdgghdgmuleoelvxabfmqiotta/Build/Intermediates.noindex/GeneratedModuleMaps/RingBuffer.modulemap -Xcc -fmodule-map-file\=/Users/buddhirajgautam/Library/Developer/Xcode/DerivedData/Telegram-Mac-fygdgghdgmuleoelvxabfmqiotta/Build/Intermediates.noindex/GeneratedModuleMaps/OpenSSLEncryption.modulemap -Xcc -fmodule-map-file\=/Users/buddhirajgautam/Library/Developer/Xcode/DerivedData/Telegram-Mac-fygdgghdgmuleoelvxabfmqiotta/Build/Intermediates.noindex/GeneratedModuleMaps/NumberPluralization.modulemap -Xcc -fmodule-map-file\=/Users/buddhirajgautam/Library/Developer/Xcode/DerivedData/Telegram-Mac-fygdgghdgmuleoelvxabfmqiotta/Build/Intermediates.noindex/GeneratedModuleMaps/Mozjpeg.modulemap -Xcc -fmodule-map-file\=/Users/buddhirajgautam/Library/Developer/Xcode/DerivedData/Telegram-Mac-fygdgghdgmuleoelvxabfmqiotta/Build/Intermediates.noindex/GeneratedModuleMaps/CalendarUtils.modulemap -Xcc -fmodule-map-file\=/Users/buddhirajgautam/Library/Developer/Xcode/DerivedData/Telegram-Mac-fygdgghdgmuleoelvxabfmqiotta/Build/Intermediates.noindex/GeneratedModuleMaps/BuildConfig.modulemap -Xcc -fmodule-map-file\=/Users/buddhirajgautam/Library/Developer/Xcode/DerivedData/Telegram-Mac-fygdgghdgmuleoelvxabfmqiotta/Build/Intermediates.noindex/GeneratedModuleMaps/GZIP.modulemap -Xcc -fmodule-map-file\=/Users/buddhirajgautam/Library/Developer/Xcode/DerivedData/Telegram-Mac-fygdgghdgmuleoelvxabfmqiotta/Build/Intermediates.noindex/GeneratedModuleMaps/FFMpegBinding.modulemap -Xcc -fmodule-map-file\=/Users/buddhirajgautam/Library/Developer/Xcode/DerivedData/Telegram-Mac-fygdgghdgmuleoelvxabfmqiotta/Build/Intermediates.noindex/GeneratedModuleMaps/Svg.modulemap -Xcc -fmodule-map-file\=/Users/buddhirajgautam/Library/Developer/Xcode/DerivedData/Telegram-Mac-fygdgghdgmuleoelvxabfmqiotta/Build/Intermediates.noindex/GeneratedModuleMaps/ShelfPack.modulemap -Xcc -fmodule-map-file\=/Users/buddhirajgautam/Library/Developer/Xcode/DerivedData/Telegram-Mac-fygdgghdgmuleoelvxabfmqiotta/Build/Intermediates.noindex/GeneratedModuleMaps/FastBlur.modulemap -Xcc -fmodule-map-file\=/Users/buddhirajgautam/Library/Developer/Xcode/DerivedData/Telegram-Mac-fygdgghdgmuleoelvxabfmqiotta/Build/Intermediates.noindex/GeneratedModuleMaps/ObjcUtils.modulemap -Xcc -fmodule-map-file\=/Users/buddhirajgautam/Library/Developer/Xcode/DerivedData/Telegram-Mac-fygdgghdgmuleoelvxabfmqiotta/Build/Intermediates.noindex/GeneratedModuleMaps/libwebp.modulemap -Xcc -fmodule-map-file\=/Users/buddhirajgautam/Library/Developer/Xcode/DerivedData/Telegram-Mac-fygdgghdgmuleoelvxabfmqiotta/Build/Intermediates.noindex/GeneratedModuleMaps/MurMurHash32.modulemap -Xcc -fmodule-map-file\=/Users/buddhirajgautam/Library/Developer/Xcode/DerivedData/Telegram-Mac-fygdgghdgmuleoelvxabfmqiotta/Build/Intermediates.noindex/GeneratedModuleMaps/sqlcipher.modulemap -Xcc -fmodule-map-file\=/Users/buddhirajgautam/Library/Developer/Xcode/DerivedData/Telegram-Mac-fygdgghdgmuleoelvxabfmqiotta/Build/Intermediates.noindex/GeneratedModuleMaps/StringTransliteration.modulemap -Xcc -fmodule-map-file\=/Users/buddhirajgautam/Library/Developer/Xcode/DerivedData/Telegram-Mac-fygdgghdgmuleoelvxabfmqiotta/Build/Intermediates.noindex/GeneratedModuleMaps/DarwinDirStat.modulemap -Xcc -fmodule-map-file\=/Users/buddhirajgautam/Library/Developer/Xcode/DerivedData/Telegram-Mac-fygdgghdgmuleoelvxabfmqiotta/Build/Intermediates.noindex/GeneratedModuleMaps/CryptoUtils.modulemap -Xcc -fmodule-map-file\=/Users/buddhirajgautam/Library/Developer/Xcode/DerivedData/Telegram-Mac-fygdgghdgmuleoelvxabfmqiotta/Build/Intermediates.noindex/GeneratedModuleMaps/Crc32.modulemap -DBETA -enable-bare-slash-regex -enable-experimental-feature DebugDescriptionMacro -sdk /Applications/Xcode.app/Contents/Developer/Platforms/MacOSX.platform/Developer/SDKs/MacOSX27.0.sdk -target arm64-apple-macos12.0 -g -module-cache-path /Users/buddhirajgautam/Library/Developer/Xcode/DerivedData/ModuleCache.noindex -Xfrontend -serialize-debugging-options -application-extension -profile-coverage-mapping -profile-generate -index-store-path /Users/buddhirajgautam/Library/Developer/Xcode/DerivedData/Telegram-Mac-fygdgghdgmuleoelvxabfmqiotta/Index.noindex/DataStore -Xcc -D_LIBCPP_HARDENING_MODE\=_LIBCPP_HARDENING_MODE_DEBUG -swift-version 5 -I /Users/buddhirajgautam/Library/Developer/Xcode/DerivedData/Telegram-Mac-fygdgghdgmuleoelvxabfmqiotta/Build/Products/Debug -F /Users/buddhirajgautam/Library/Developer/Xcode/DerivedData/Telegram-Mac-fygdgghdgmuleoelvxabfmqiotta/Build/Products/Debug/PackageFrameworks -F /Users/buddhirajgautam/Library/Developer/Xcode/DerivedData/Telegram-Mac-fygdgghdgmuleoelvxabfmqiotta/Build/Products/Debug -c -j8 -enable-batch-mode -incremental -Xcc -ivfsstatcache -Xcc /Users/buddhirajgautam/Library/Developer/Xcode/DerivedData/SDKStatCaches.noindex/macosx27.0-26A425-e829b21a6f8c9b70876ba0858053c0447231f6df4def33e022ae2eb8f782df1a.sdkstatcache -output-file-map /Users/buddhirajgautam/Library/Developer/Xcode/DerivedData/Telegram-Mac-fygdgghdgmuleoelvxabfmqiotta/Build/Intermediates.noindex/Telegram.build/Debug/TelegramShare.build/Objects-normal/arm64/TelegramShare-OutputFileMap.json -save-temps -no-color-diagnostics -explicit-module-build -module-cache-path /Users/buddhirajgautam/Library/Developer/Xcode/DerivedData/Telegram-Mac-fygdgghdgmuleoelvxabfmqiotta/Build/Intermediates.noindex/SwiftExplicitPrecompiledModules -clang-scanner-module-cache-path /Users/buddhirajgautam/Library/Developer/Xcode/DerivedData/ModuleCache.noindex -sdk-module-cache-path /Users/buddhirajgautam/Library/Developer/Xcode/DerivedData/SDKExplicitPrecompiledModules -emit-dependencies -emit-module -emit-module-path /Users/buddhirajgautam/Library/Developer/Xcode/DerivedData/Telegram-Mac-fygdgghdgmuleoelvxabfmqiotta/Build/Intermediates.noindex/Telegram.build/Debug/TelegramShare.build/Objects-normal/arm64/TelegramShare.swiftmodule -serialize-diagnostics -dependency-scan-serialize-diagnostics-path /Users/buddhirajgautam/Library/Developer/Xcode/DerivedData/Telegram-Mac-fygdgghdgmuleoelvxabfmqiotta/Build/Intermediates.noindex/Telegram.build/Debug/TelegramShare.build/Objects-normal/arm64/TelegramShare-dependency-scan.dia -validate-clang-modules-once -clang-build-session-file /Users/buddhirajgautam/Library/Developer/Xcode/DerivedData/ModuleCache.noindex/Session.modulevalidation -Xcc -fmodules-prune-interval\=86400 -Xcc -fmodules-prune-after\=345600 -emit-const-values -const-gather-protocols-list /Users/buddhirajgautam/Library/Developer/Xcode/DerivedData/Telegram-Mac-fygdgghdgmuleoelvxabfmqiotta/Build/Intermediates.noindex/Telegram.build/Debug/TelegramShare.build/Objects-normal/arm64/TelegramShare_const_extract_protocols.json -Xcc -iquote -Xcc /Users/buddhirajgautam/Library/Developer/Xcode/DerivedData/Telegram-Mac-fygdgghdgmuleoelvxabfmqiotta/Build/Intermediates.noindex/Telegram.build/Debug/TelegramShare.build/TelegramShare-generated-files.hmap -Xcc -I/Users/buddhirajgautam/Library/Developer/Xcode/DerivedData/Telegram-Mac-fygdgghdgmuleoelvxabfmqiotta/Build/Intermediates.noindex/Telegram.build/Debug/TelegramShare.build/TelegramShare-own-target-headers.hmap -Xcc -I/Users/buddhirajgautam/Library/Developer/Xcode/DerivedData/Telegram-Mac-fygdgghdgmuleoelvxabfmqiotta/Build/Intermediates.noindex/Telegram.build/Debug/TelegramShare.build/TelegramShare-all-non-framework-target-headers.hmap -Xcc -ivfsoverlay -Xcc /Users/buddhirajgautam/Library/Developer/Xcode/DerivedData/Telegram-Mac-fygdgghdgmuleoelvxabfmqiotta/Build/Intermediates.noindex/Telegram.build/Debug/Telegram-dbe0546bccfdc52e72cb2837036a25ae-VFS/all-product-headers.yaml -Xcc -iquote -Xcc /Users/buddhirajgautam/Library/Developer/Xcode/DerivedData/Telegram-Mac-fygdgghdgmuleoelvxabfmqiotta/Build/Intermediates.noindex/Telegram.build/Debug/TelegramShare.build/TelegramShare-project-headers.hmap -Xcc -I/Users/buddhirajgautam/Documents/Cherrygram-Mac/macOS-Swift/submodules/telegram-ios/submodules/YuvConversion/PublicHeaders -Xcc -I/Users/buddhirajgautam/Documents/Cherrygram-Mac/macOS-Swift/submodules/telegram-ios/submodules/MtProtoKit/PublicHeaders -Xcc -I/Users/buddhirajgautam/Documents/Cherrygram-Mac/macOS-Swift/submodules/telegram-ios/submodules/NetworkLogging/PublicHeaders -Xcc -I/Users/buddhirajgautam/Documents/Cherrygram-Mac/macOS-Swift/submodules/telegram-ios/submodules/Reachability/LegacyReachability/PublicHeaders -Xcc -I/Users/buddhirajgautam/Documents/Cherrygram-Mac/macOS-Swift/submodules/telegram-ios/submodules/EncryptionProvider/PublicHeaders -Xcc -I/Users/buddhirajgautam/Documents/Cherrygram-Mac/macOS-Swift/packages/DateUtils/Sources/DateUtils -Xcc -I/Users/buddhirajgautam/Documents/Cherrygram-Mac/macOS-Swift/packages/RingBuffer/Sources/RingBuffer -Xcc -I/Users/buddhirajgautam/Documents/Cherrygram-Mac/macOS-Swift/submodules/telegram-ios/submodules/OpenSSLEncryptionProvider/PublicHeaders -Xcc -I/Users/buddhirajgautam/Documents/Cherrygram-Mac/macOS-Swift/packages/NumberPluralization/Sources/NumberPluralization -Xcc -I/Users/buddhirajgautam/Documents/Cherrygram-Mac/macOS-Swift/submodules/Mozjpeg/Sources -Xcc -I/Users/buddhirajgautam/Documents/Cherrygram-Mac/macOS-Swift/packages/CalendarUtils/Sources/CalendarUtils -Xcc -I/Users/buddhirajgautam/Documents/Cherrygram-Mac/macOS-Swift/submodules/BuildConfig/Sources/include -Xcc -I/Users/buddhirajgautam/Documents/Cherrygram-Mac/macOS-Swift/packages/GZIP/Sources/GZIP -Xcc -I/Users/buddhirajgautam/Documents/Cherrygram-Mac/macOS-Swift/submodules/telegram-ios/submodules/FFMpegBinding/Public -Xcc -I/Users/buddhirajgautam/Documents/Cherrygram-Mac/macOS-Swift/packages/Svg/PublicHeaders/Svg -Xcc -I/Users/buddhirajgautam/Documents/Cherrygram-Mac/macOS-Swift/submodules/telegram-ios/submodules/Utils/ShelfPack/PublicHeaders -Xcc -I/Users/buddhirajgautam/Documents/Cherrygram-Mac/macOS-Swift/packages/FastBlur/Sources/FastBlur -Xcc -I/Users/buddhirajgautam/Documents/Cherrygram-Mac/macOS-Swift/packages/ObjcUtils/Sources/ObjcUtils -Xcc -I/Users/buddhirajgautam/Documents/Cherrygram-Mac/macOS-Swift/submodules/libwebp/Sources -Xcc -I/Users/buddhirajgautam/Documents/Cherrygram-Mac/macOS-Swift/submodules/telegram-ios/submodules/MurMurHash32/PublicHeaders -Xcc -I/Users/buddhirajgautam/Documents/Cherrygram-Mac/macOS-Swift/submodules/telegram-ios/submodules/sqlcipher/PublicHeaders -Xcc -I/Users/buddhirajgautam/Documents/Cherrygram-Mac/macOS-Swift/submodules/telegram-ios/submodules/StringTransliteration/PublicHeaders -Xcc -I/Users/buddhirajgautam/Documents/Cherrygram-Mac/macOS-Swift/submodules/telegram-ios/submodules/Utils/DarwinDirStat/PublicHeaders -Xcc -I/Users/buddhirajgautam/Documents/Cherrygram-Mac/macOS-Swift/submodules/telegram-ios/submodules/CryptoUtils/PublicHeaders -Xcc -I/Users/buddhirajgautam/Documents/Cherrygram-Mac/macOS-Swift/submodules/telegram-ios/submodules/Crc32/PublicHeaders -Xcc -I/Users/buddhirajgautam/Library/Developer/Xcode/DerivedData/Telegram-Mac-fygdgghdgmuleoelvxabfmqiotta/Build/Products/Debug/include -Xcc -I/Users/buddhirajgautam/Library/Developer/Xcode/DerivedData/Telegram-Mac-fygdgghdgmuleoelvxabfmqiotta/Build/Intermediates.noindex/Telegram.build/Debug/TelegramShare.build/DerivedSources-normal/arm64 -Xcc -I/Users/buddhirajgautam/Library/Developer/Xcode/DerivedData/Telegram-Mac-fygdgghdgmuleoelvxabfmqiotta/Build/Intermediates.noindex/Telegram.build/Debug/TelegramShare.build/DerivedSources/arm64 -Xcc -I/Users/buddhirajgautam/Library/Developer/Xcode/DerivedData/Telegram-Mac-fygdgghdgmuleoelvxabfmqiotta/Build/Intermediates.noindex/Telegram.build/Debug/TelegramShare.build/DerivedSources -Xcc -DSHARE\=1 -emit-objc-header -emit-objc-header-path /Users/buddhirajgautam/Library/Developer/Xcode/DerivedData/Telegram-Mac-fygdgghdgmuleoelvxabfmqiotta/Build/Intermediates.noindex/Telegram.build/Debug/TelegramShare.build/Objects-normal/arm64/TelegramShare-Swift.h -import-objc-header /Users/buddhirajgautam/Documents/Cherrygram-Mac/macOS-Swift/Telegram-Mac/Telegram-Mac-Bridging-Header.h -working-directory /Users/buddhirajgautam/Documents/Cherrygram-Mac/macOS-Swift -experimental-emit-module-separately -disable-cmo
/Users/buddhirajgautam/Library/Developer/Xcode/DerivedData/Telegram-Mac-fygdgghdgmuleoelvxabfmqiotta/Build/Intermediates.noindex/Telegram.build/Debug/TelegramShare.build/DerivedSources/GeneratedAssetSymbols.swift:1852:14: warning: The "Icon_Profile_Call" image asset name resolves to the symbol "iconProfileCall" which already exists. Try renaming the asset. (in target 'TelegramShare' from project 'Telegram')
/Users/buddhirajgautam/Library/Developer/Xcode/DerivedData/Telegram-Mac-fygdgghdgmuleoelvxabfmqiotta/Build/Intermediates.noindex/Telegram.build/Debug/TelegramShare.build/DerivedSources/GeneratedAssetSymbols.swift:2454:14: warning: The "Icon_Story_Repost" image asset name resolves to the symbol "iconStoryRepost" which already exists. Try renaming the asset. (in target 'TelegramShare' from project 'Telegram')

GenerateAssetSymbols /Users/buddhirajgautam/Documents/Cherrygram-Mac/macOS-Swift/packages/PrivateCallScreen/Sources/Resources/Assets.xcassets (in target 'PrivateCallScreen' from project 'PrivateCallScreen')
    cd /Users/buddhirajgautam/Documents/Cherrygram-Mac/macOS-Swift/packages/PrivateCallScreen
    /Applications/Xcode.app/Contents/Developer/usr/bin/actool /Users/buddhirajgautam/Documents/Cherrygram-Mac/macOS-Swift/packages/PrivateCallScreen/Sources/Resources/Assets.xcassets --compile /Users/buddhirajgautam/Library/Developer/Xcode/DerivedData/Telegram-Mac-fygdgghdgmuleoelvxabfmqiotta/Build/Products/Debug --output-format human-readable-text --notices --warnings --export-dependency-info /Users/buddhirajgautam/Library/Developer/Xcode/DerivedData/Telegram-Mac-fygdgghdgmuleoelvxabfmqiotta/Build/Intermediates.noindex/PrivateCallScreen.build/Debug/PrivateCallScreen-t.build/assetcatalog_dependencies --output-partial-info-plist /Users/buddhirajgautam/Library/Developer/Xcode/DerivedData/Telegram-Mac-fygdgghdgmuleoelvxabfmqiotta/Build/Intermediates.noindex/PrivateCallScreen.build/Debug/PrivateCallScreen-t.build/assetcatalog_generated_info.plist --enable-on-demand-resources NO --development-region en --target-device mac --minimum-deployment-target 12.0 --platform macosx --bundle-identifier privatecallscreen.PrivateCallScreen --generate-swift-asset-symbol-extensions NO --generate-swift-asset-symbols /Users/buddhirajgautam/Library/Developer/Xcode/DerivedData/Telegram-Mac-fygdgghdgmuleoelvxabfmqiotta/Build/Intermediates.noindex/PrivateCallScreen.build/Debug/PrivateCallScreen-t.build/DerivedSources/GeneratedAssetSymbols.swift --generate-objc-asset-symbols /Users/buddhirajgautam/Library/Developer/Xcode/DerivedData/Telegram-Mac-fygdgghdgmuleoelvxabfmqiotta/Build/Intermediates.noindex/PrivateCallScreen.build/Debug/PrivateCallScreen-t.build/DerivedSources/GeneratedAssetSymbols.h --generate-asset-symbol-index /Users/buddhirajgautam/Library/Developer/Xcode/DerivedData/Telegram-Mac-fygdgghdgmuleoelvxabfmqiotta/Build/Intermediates.noindex/PrivateCallScreen.build/Debug/PrivateCallScreen-t.build/DerivedSources/GeneratedAssetSymbols-Index.plist
/* com.apple.actool.compilation-results */
/Users/buddhirajgautam/Library/Developer/Xcode/DerivedData/Telegram-Mac-fygdgghdgmuleoelvxabfmqiotta/Build/Intermediates.noindex/PrivateCallScreen.build/Debug/PrivateCallScreen-t.build/DerivedSources/GeneratedAssetSymbols-Index.plist
/Users/buddhirajgautam/Library/Developer/Xcode/DerivedData/Telegram-Mac-fygdgghdgmuleoelvxabfmqiotta/Build/Intermediates.noindex/PrivateCallScreen.build/Debug/PrivateCallScreen-t.build/DerivedSources/GeneratedAssetSymbols.h
/Users/buddhirajgautam/Library/Developer/Xcode/DerivedData/Telegram-Mac-fygdgghdgmuleoelvxabfmqiotta/Build/Intermediates.noindex/PrivateCallScreen.build/Debug/PrivateCallScreen-t.build/DerivedSources/GeneratedAssetSymbols.swift


Ld /Users/buddhirajgautam/Library/Developer/Xcode/DerivedData/Telegram-Mac-fygdgghdgmuleoelvxabfmqiotta/Build/Products/Debug/TextRecognizing.o normal (in target 'TextRecognizing' from project 'TextRecognizing')
    cd /Users/buddhirajgautam/Documents/Cherrygram-Mac/macOS-Swift/packages/TextRecognizing
    /Applications/Xcode.app/Contents/Developer/Toolchains/XcodeDefault.xctoolchain/usr/bin/clang -Xlinker -reproducible -target arm64-apple-macos12.0 -r -isysroot /Applications/Xcode.app/Contents/Developer/Platforms/MacOSX.platform/Developer/SDKs/MacOSX27.0.sdk -O0 -Xlinker -no_warn_duplicate_libraries -F/Users/buddhirajgautam/Library/Developer/Xcode/DerivedData/Telegram-Mac-fygdgghdgmuleoelvxabfmqiotta/Build/Intermediates.noindex/EagerLinkingTBDs/Debug -F/Users/buddhirajgautam/Library/Developer/Xcode/DerivedData/Telegram-Mac-fygdgghdgmuleoelvxabfmqiotta/Build/Products/Debug/PackageFrameworks -F/Users/buddhirajgautam/Library/Developer/Xcode/DerivedData/Telegram-Mac-fygdgghdgmuleoelvxabfmqiotta/Build/Products/Debug -iframework /Applications/Xcode.app/Contents/Developer/Platforms/MacOSX.platform/Developer/Library/Frameworks -filelist /Users/buddhirajgautam/Library/Developer/Xcode/DerivedData/Telegram-Mac-fygdgghdgmuleoelvxabfmqiotta/Build/Intermediates.noindex/TextRecognizing.build/Debug/TextRecognizing-t.build/Objects-normal/arm64/TextRecognizing.LinkFileList -nostdlib -Xlinker -object_path_lto -Xlinker /Users/buddhirajgautam/Library/Developer/Xcode/DerivedData/Telegram-Mac-fygdgghdgmuleoelvxabfmqiotta/Build/Intermediates.noindex/TextRecognizing.build/Debug/TextRecognizing-t.build/Objects-normal/arm64/TextRecognizing_lto.o -Xlinker -no_deduplicate -Xlinker -debug_variant -Xlinker -dependency_info -Xlinker /Users/buddhirajgautam/Library/Developer/Xcode/DerivedData/Telegram-Mac-fygdgghdgmuleoelvxabfmqiotta/Build/Intermediates.noindex/TextRecognizing.build/Debug/TextRecognizing-t.build/Objects-normal/arm64/TextRecognizing_dependency_info.dat -fobjc-link-runtime -L/Applications/Xcode.app/Contents/Developer/Toolchains/XcodeDefault.xctoolchain/usr/lib/swift/macosx -L/usr/lib/swift -Xlinker -add_ast_path -Xlinker /Users/buddhirajgautam/Library/Developer/Xcode/DerivedData/Telegram-Mac-fygdgghdgmuleoelvxabfmqiotta/Build/Intermediates.noindex/TextRecognizing.build/Debug/TextRecognizing-t.build/Objects-normal/arm64/TextRecognizing.swiftmodule -o /Users/buddhirajgautam/Library/Developer/Xcode/DerivedData/Telegram-Mac-fygdgghdgmuleoelvxabfmqiotta/Build/Products/Debug/TextRecognizing.o

SwiftDriverJobDiscovery normal arm64 Compiling AudioRecorder.swift, AudioWaveform.swift, ChunkMediaPlayer.swift, ChunkMediaPlayerDirectFetchSourceImpl.swift (in target 'TelegramMedia' from project 'TelegramMedia')

Ld /Users/buddhirajgautam/Library/Developer/Xcode/DerivedData/Telegram-Mac-fygdgghdgmuleoelvxabfmqiotta/Build/Products/Debug/TelegramMediaPlayer.o normal (in target 'TelegramMediaPlayer' from project 'TelegramMediaPlayer')
    cd /Users/buddhirajgautam/Documents/Cherrygram-Mac/macOS-Swift/submodules/telegram-ios/submodules/MediaPlayer
    /Applications/Xcode.app/Contents/Developer/Toolchains/XcodeDefault.xctoolchain/usr/bin/clang -Xlinker -reproducible -target arm64-apple-macos12.0 -r -isysroot /Applications/Xcode.app/Contents/Developer/Platforms/MacOSX.platform/Developer/SDKs/MacOSX27.0.sdk -O0 -Xlinker -no_warn_duplicate_libraries -F/Users/buddhirajgautam/Library/Developer/Xcode/DerivedData/Telegram-Mac-fygdgghdgmuleoelvxabfmqiotta/Build/Intermediates.noindex/EagerLinkingTBDs/Debug -F/Users/buddhirajgautam/Library/Developer/Xcode/DerivedData/Telegram-Mac-fygdgghdgmuleoelvxabfmqiotta/Build/Products/Debug/PackageFrameworks -F/Users/buddhirajgautam/Library/Developer/Xcode/DerivedData/Telegram-Mac-fygdgghdgmuleoelvxabfmqiotta/Build/Products/Debug -iframework /Applications/Xcode.app/Contents/Developer/Platforms/MacOSX.platform/Developer/Library/Frameworks -filelist /Users/buddhirajgautam/Library/Developer/Xcode/DerivedData/Telegram-Mac-fygdgghdgmuleoelvxabfmqiotta/Build/Intermediates.noindex/TelegramMediaPlayer.build/Debug/TelegramMediaPlayer-t.build/Objects-normal/arm64/TelegramMediaPlayer.LinkFileList -nostdlib -Xlinker -object_path_lto -Xlinker /Users/buddhirajgautam/Library/Developer/Xcode/DerivedData/Telegram-Mac-fygdgghdgmuleoelvxabfmqiotta/Build/Intermediates.noindex/TelegramMediaPlayer.build/Debug/TelegramMediaPlayer-t.build/Objects-normal/arm64/TelegramMediaPlayer_lto.o -Xlinker -no_deduplicate -Xlinker -debug_variant -Xlinker -dependency_info -Xlinker /Users/buddhirajgautam/Library/Developer/Xcode/DerivedData/Telegram-Mac-fygdgghdgmuleoelvxabfmqiotta/Build/Intermediates.noindex/TelegramMediaPlayer.build/Debug/TelegramMediaPlayer-t.build/Objects-normal/arm64/TelegramMediaPlayer_dependency_info.dat -fobjc-link-runtime -L/Applications/Xcode.app/Contents/Developer/Toolchains/XcodeDefault.xctoolchain/usr/lib/swift/macosx -L/usr/lib/swift -Xlinker -add_ast_path -Xlinker /Users/buddhirajgautam/Library/Developer/Xcode/DerivedData/Telegram-Mac-fygdgghdgmuleoelvxabfmqiotta/Build/Intermediates.noindex/TelegramMediaPlayer.build/Debug/TelegramMediaPlayer-t.build/Objects-normal/arm64/TelegramMediaPlayer.swiftmodule -o /Users/buddhirajgautam/Library/Developer/Xcode/DerivedData/Telegram-Mac-fygdgghdgmuleoelvxabfmqiotta/Build/Products/Debug/TelegramMediaPlayer.o

SwiftDriver PrivateCallScreen normal arm64 com.apple.xcode.tools.swift.compiler (in target 'PrivateCallScreen' from project 'PrivateCallScreen')
    cd /Users/buddhirajgautam/Documents/Cherrygram-Mac/macOS-Swift
    builtin-SwiftDriver -- /Applications/Xcode.app/Contents/Developer/Toolchains/XcodeDefault.xctoolchain/usr/bin/swiftc -parse-as-library -module-name PrivateCallScreen -Onone @/Users/buddhirajgautam/Library/Developer/Xcode/DerivedData/Telegram-Mac-fygdgghdgmuleoelvxabfmqiotta/Build/Intermediates.noindex/PrivateCallScreen.build/Debug/PrivateCallScreen-t.build/Objects-normal/arm64/PrivateCallScreen.SwiftFileList -DSWIFT_PACKAGE -DDEBUG -DSWIFT_MODULE_RESOURCE_BUNDLE_AVAILABLE -Xcc -fmodule-map-file\=/Users/buddhirajgautam/Library/Developer/Xcode/DerivedData/Telegram-Mac-fygdgghdgmuleoelvxabfmqiotta/Build/Intermediates.noindex/GeneratedModuleMaps/ShelfPack.modulemap -Xcc -fmodule-map-file\=/Users/buddhirajgautam/Library/Developer/Xcode/DerivedData/Telegram-Mac-fygdgghdgmuleoelvxabfmqiotta/Build/Intermediates.noindex/GeneratedModuleMaps/MtProtoKit.modulemap -Xcc -fmodule-map-file\=/Users/buddhirajgautam/Library/Developer/Xcode/DerivedData/Telegram-Mac-fygdgghdgmuleoelvxabfmqiotta/Build/Intermediates.noindex/GeneratedModuleMaps/NetworkLogging.modulemap -Xcc -fmodule-map-file\=/Users/buddhirajgautam/Library/Developer/Xcode/DerivedData/Telegram-Mac-fygdgghdgmuleoelvxabfmqiotta/Build/Intermediates.noindex/GeneratedModuleMaps/LegacyReachability.modulemap -Xcc -fmodule-map-file\=/Users/buddhirajgautam/Library/Developer/Xcode/DerivedData/Telegram-Mac-fygdgghdgmuleoelvxabfmqiotta/Build/Intermediates.noindex/GeneratedModuleMaps/EncryptionProvider.modulemap -Xcc -fmodule-map-file\=/Users/buddhirajgautam/Library/Developer/Xcode/DerivedData/Telegram-Mac-fygdgghdgmuleoelvxabfmqiotta/Build/Intermediates.noindex/GeneratedModuleMaps/MurMurHash32.modulemap -Xcc -fmodule-map-file\=/Users/buddhirajgautam/Library/Developer/Xcode/DerivedData/Telegram-Mac-fygdgghdgmuleoelvxabfmqiotta/Build/Intermediates.noindex/GeneratedModuleMaps/sqlcipher.modulemap -Xcc -fmodule-map-file\=/Users/buddhirajgautam/Library/Developer/Xcode/DerivedData/Telegram-Mac-fygdgghdgmuleoelvxabfmqiotta/Build/Intermediates.noindex/GeneratedModuleMaps/StringTransliteration.modulemap -Xcc -fmodule-map-file\=/Users/buddhirajgautam/Library/Developer/Xcode/DerivedData/Telegram-Mac-fygdgghdgmuleoelvxabfmqiotta/Build/Intermediates.noindex/GeneratedModuleMaps/DarwinDirStat.modulemap -Xcc -fmodule-map-file\=/Users/buddhirajgautam/Library/Developer/Xcode/DerivedData/Telegram-Mac-fygdgghdgmuleoelvxabfmqiotta/Build/Intermediates.noindex/GeneratedModuleMaps/CryptoUtils.modulemap -Xcc -fmodule-map-file\=/Users/buddhirajgautam/Library/Developer/Xcode/DerivedData/Telegram-Mac-fygdgghdgmuleoelvxabfmqiotta/Build/Intermediates.noindex/GeneratedModuleMaps/Crc32.modulemap -Xcc -fmodule-map-file\=/Users/buddhirajgautam/Library/Developer/Xcode/DerivedData/Telegram-Mac-fygdgghdgmuleoelvxabfmqiotta/Build/Intermediates.noindex/GeneratedModuleMaps/TgVoipWebrtc.modulemap -Xcc -fmodule-map-file\=/Users/buddhirajgautam/Library/Developer/Xcode/DerivedData/Telegram-Mac-fygdgghdgmuleoelvxabfmqiotta/Build/Intermediates.noindex/GeneratedModuleMaps/GZIP.modulemap -Xcc -fmodule-map-file\=/Users/buddhirajgautam/Library/Developer/Xcode/DerivedData/Telegram-Mac-fygdgghdgmuleoelvxabfmqiotta/Build/Intermediates.noindex/GeneratedModuleMaps/libwebp.modulemap -Xcc -fmodule-map-file\=/Users/buddhirajgautam/Library/Developer/Xcode/DerivedData/Telegram-Mac-fygdgghdgmuleoelvxabfmqiotta/Build/Intermediates.noindex/GeneratedModuleMaps/ObjcUtils.modulemap -Xcc -fmodule-map-file\=/Users/buddhirajgautam/Library/Developer/Xcode/DerivedData/Telegram-Mac-fygdgghdgmuleoelvxabfmqiotta/Build/Intermediates.noindex/GeneratedModuleMaps/YuvConversion.modulemap -Xcc -fmodule-map-file\=/Users/buddhirajgautam/Library/Developer/Xcode/DerivedData/Telegram-Mac-fygdgghdgmuleoelvxabfmqiotta/Build/Intermediates.noindex/GeneratedModuleMaps/RingBuffer.modulemap -Xcc -fmodule-map-file\=/Users/buddhirajgautam/Library/Developer/Xcode/DerivedData/Telegram-Mac-fygdgghdgmuleoelvxabfmqiotta/Build/Intermediates.noindex/GeneratedModuleMaps/OpusBinding.modulemap -Xcc -fmodule-map-file\=/Users/buddhirajgautam/Library/Developer/Xcode/DerivedData/Telegram-Mac-fygdgghdgmuleoelvxabfmqiotta/Build/Intermediates.noindex/GeneratedModuleMaps/FFMpegBinding.modulemap -Xcc -fmodule-map-file\=/Users/buddhirajgautam/Library/Developer/Xcode/DerivedData/Telegram-Mac-fygdgghdgmuleoelvxabfmqiotta/Build/Intermediates.noindex/GeneratedModuleMaps/NumberPluralization.modulemap -DXcode -plugin-path /Applications/Xcode.app/Contents/Developer/Toolchains/XcodeDefault.xctoolchain/usr/lib/swift/host/plugins/testing -enable-experimental-feature DebugDescriptionMacro -sdk /Applications/Xcode.app/Contents/Developer/Platforms/MacOSX.platform/Developer/SDKs/MacOSX27.0.sdk -target arm64-apple-macos12.0 -g -module-cache-path /Users/buddhirajgautam/Library/Developer/Xcode/DerivedData/ModuleCache.noindex -Xfrontend -serialize-debugging-options -profile-coverage-mapping -profile-generate -enable-testing -index-store-path /Users/buddhirajgautam/Library/Developer/Xcode/DerivedData/Telegram-Mac-fygdgghdgmuleoelvxabfmqiotta/Index.noindex/DataStore -Xcc -D_LIBCPP_HARDENING_MODE\=_LIBCPP_HARDENING_MODE_DEBUG -swift-version 5 -I /Users/buddhirajgautam/Library/Developer/Xcode/DerivedData/Telegram-Mac-fygdgghdgmuleoelvxabfmqiotta/Build/Products/Debug -Isystem /Applications/Xcode.app/Contents/Developer/Platforms/MacOSX.platform/Developer/usr/lib -F /Users/buddhirajgautam/Library/Developer/Xcode/DerivedData/Telegram-Mac-fygdgghdgmuleoelvxabfmqiotta/Build/Products/Debug/PackageFrameworks -F /Users/buddhirajgautam/Library/Developer/Xcode/DerivedData/Telegram-Mac-fygdgghdgmuleoelvxabfmqiotta/Build/Products/Debug -F /Applications/Xcode.app/Contents/Developer/Platforms/MacOSX.platform/Developer/Library/Frameworks -c -j8 -enable-batch-mode -incremental -Xcc -ivfsstatcache -Xcc /Users/buddhirajgautam/Library/Developer/Xcode/DerivedData/SDKStatCaches.noindex/macosx27.0-26A425-e829b21a6f8c9b70876ba0858053c0447231f6df4def33e022ae2eb8f782df1a.sdkstatcache -output-file-map /Users/buddhirajgautam/Library/Developer/Xcode/DerivedData/Telegram-Mac-fygdgghdgmuleoelvxabfmqiotta/Build/Intermediates.noindex/PrivateCallScreen.build/Debug/PrivateCallScreen-t.build/Objects-normal/arm64/PrivateCallScreen-OutputFileMap.json -save-temps -no-color-diagnostics -explicit-module-build -module-cache-path /Users/buddhirajgautam/Library/Developer/Xcode/DerivedData/Telegram-Mac-fygdgghdgmuleoelvxabfmqiotta/Build/Intermediates.noindex/SwiftExplicitPrecompiledModules -clang-scanner-module-cache-path /Users/buddhirajgautam/Library/Developer/Xcode/DerivedData/ModuleCache.noindex -sdk-module-cache-path /Users/buddhirajgautam/Library/Developer/Xcode/DerivedData/SDKExplicitPrecompiledModules -emit-dependencies -emit-module -emit-module-path /Users/buddhirajgautam/Library/Developer/Xcode/DerivedData/Telegram-Mac-fygdgghdgmuleoelvxabfmqiotta/Build/Intermediates.noindex/PrivateCallScreen.build/Debug/PrivateCallScreen-t.build/Objects-normal/arm64/PrivateCallScreen.swiftmodule -serialize-diagnostics -dependency-scan-serialize-diagnostics-path /Users/buddhirajgautam/Library/Developer/Xcode/DerivedData/Telegram-Mac-fygdgghdgmuleoelvxabfmqiotta/Build/Intermediates.noindex/PrivateCallScreen.build/Debug/PrivateCallScreen-t.build/Objects-normal/arm64/PrivateCallScreen-dependency-scan.dia -validate-clang-modules-once -clang-build-session-file /Users/buddhirajgautam/Library/Developer/Xcode/DerivedData/ModuleCache.noindex/Session.modulevalidation -Xcc -fmodules-prune-interval\=86400 -Xcc -fmodules-prune-after\=345600 -emit-const-values -const-gather-protocols-list /Users/buddhirajgautam/Library/Developer/Xcode/DerivedData/Telegram-Mac-fygdgghdgmuleoelvxabfmqiotta/Build/Intermediates.noindex/PrivateCallScreen.build/Debug/PrivateCallScreen-t.build/Objects-normal/arm64/PrivateCallScreen_const_extract_protocols.json -Xcc -I/Users/buddhirajgautam/Documents/Cherrygram-Mac/macOS-Swift/submodules/telegram-ios/submodules/Utils/ShelfPack/PublicHeaders -Xcc -I/Users/buddhirajgautam/Documents/Cherrygram-Mac/macOS-Swift/submodules/telegram-ios/submodules/MtProtoKit/PublicHeaders -Xcc -I/Users/buddhirajgautam/Documents/Cherrygram-Mac/macOS-Swift/submodules/telegram-ios/submodules/NetworkLogging/PublicHeaders -Xcc -I/Users/buddhirajgautam/Documents/Cherrygram-Mac/macOS-Swift/submodules/telegram-ios/submodules/Reachability/LegacyReachability/PublicHeaders -Xcc -I/Users/buddhirajgautam/Documents/Cherrygram-Mac/macOS-Swift/submodules/telegram-ios/submodules/EncryptionProvider/PublicHeaders -Xcc -I/Users/buddhirajgautam/Documents/Cherrygram-Mac/macOS-Swift/submodules/telegram-ios/submodules/MurMurHash32/PublicHeaders -Xcc -I/Users/buddhirajgautam/Documents/Cherrygram-Mac/macOS-Swift/submodules/telegram-ios/submodules/sqlcipher/PublicHeaders -Xcc -I/Users/buddhirajgautam/Documents/Cherrygram-Mac/macOS-Swift/submodules/telegram-ios/submodules/StringTransliteration/PublicHeaders -Xcc -I/Users/buddhirajgautam/Documents/Cherrygram-Mac/macOS-Swift/submodules/telegram-ios/submodules/Utils/DarwinDirStat/PublicHeaders -Xcc -I/Users/buddhirajgautam/Documents/Cherrygram-Mac/macOS-Swift/submodules/telegram-ios/submodules/CryptoUtils/PublicHeaders -Xcc -I/Users/buddhirajgautam/Documents/Cherrygram-Mac/macOS-Swift/submodules/telegram-ios/submodules/Crc32/PublicHeaders -Xcc -I/Users/buddhirajgautam/Documents/Cherrygram-Mac/macOS-Swift/submodules/tgcalls/macos/PublicHeaders -Xcc -I/Users/buddhirajgautam/Documents/Cherrygram-Mac/macOS-Swift/packages/GZIP/Sources/GZIP -Xcc -I/Users/buddhirajgautam/Documents/Cherrygram-Mac/macOS-Swift/submodules/libwebp/Sources -Xcc -I/Users/buddhirajgautam/Documents/Cherrygram-Mac/macOS-Swift/packages/ObjcUtils/Sources/ObjcUtils -Xcc -I/Users/buddhirajgautam/Documents/Cherrygram-Mac/macOS-Swift/submodules/telegram-ios/submodules/YuvConversion/PublicHeaders -Xcc -I/Users/buddhirajgautam/Documents/Cherrygram-Mac/macOS-Swift/packages/RingBuffer/Sources/RingBuffer -Xcc -I/Users/buddhirajgautam/Documents/Cherrygram-Mac/macOS-Swift/submodules/telegram-ios/submodules/OpusBinding/PublicHeaders -Xcc -I/Users/buddhirajgautam/Documents/Cherrygram-Mac/macOS-Swift/submodules/telegram-ios/submodules/FFMpegBinding/Public -Xcc -I/Users/buddhirajgautam/Documents/Cherrygram-Mac/macOS-Swift/packages/NumberPluralization/Sources/NumberPluralization -Xcc -I/Users/buddhirajgautam/Library/Developer/Xcode/DerivedData/Telegram-Mac-fygdgghdgmuleoelvxabfmqiotta/Build/Products/Debug/include -Xcc -I/Users/buddhirajgautam/Library/Developer/Xcode/DerivedData/Telegram-Mac-fygdgghdgmuleoelvxabfmqiotta/Build/Intermediates.noindex/PrivateCallScreen.build/Debug/PrivateCallScreen-t.build/DerivedSources-normal/arm64 -Xcc -I/Users/buddhirajgautam/Library/Developer/Xcode/DerivedData/Telegram-Mac-fygdgghdgmuleoelvxabfmqiotta/Build/Intermediates.noindex/PrivateCallScreen.build/Debug/PrivateCallScreen-t.build/DerivedSources/arm64 -Xcc -I/Users/buddhirajgautam/Library/Developer/Xcode/DerivedData/Telegram-Mac-fygdgghdgmuleoelvxabfmqiotta/Build/Intermediates.noindex/PrivateCallScreen.build/Debug/PrivateCallScreen-t.build/DerivedSources -Xcc -DSWIFT_PACKAGE -Xcc -DDEBUG\=1 -emit-objc-header -emit-objc-header-path /Users/buddhirajgautam/Library/Developer/Xcode/DerivedData/Telegram-Mac-fygdgghdgmuleoelvxabfmqiotta/Build/Intermediates.noindex/PrivateCallScreen.build/Debug/PrivateCallScreen-t.build/Objects-normal/arm64/PrivateCallScreen-Swift.h -working-directory /Users/buddhirajgautam/Documents/Cherrygram-Mac/macOS-Swift -experimental-emit-module-separately -disable-cmo

Ld /Users/buddhirajgautam/Library/Developer/Xcode/DerivedData/Telegram-Mac-fygdgghdgmuleoelvxabfmqiotta/Build/Products/Debug/MetalEngine.o normal (in target 'MetalEngine' from project 'MetalEngine')
    cd /Users/buddhirajgautam/Documents/Cherrygram-Mac/macOS-Swift/submodules/telegram-ios/submodules/MetalEngine
    /Applications/Xcode.app/Contents/Developer/Toolchains/XcodeDefault.xctoolchain/usr/bin/clang -Xlinker -reproducible -target arm64-apple-macos12.0 -r -isysroot /Applications/Xcode.app/Contents/Developer/Platforms/MacOSX.platform/Developer/SDKs/MacOSX27.0.sdk -O0 -Xlinker -no_warn_duplicate_libraries -F/Users/buddhirajgautam/Library/Developer/Xcode/DerivedData/Telegram-Mac-fygdgghdgmuleoelvxabfmqiotta/Build/Intermediates.noindex/EagerLinkingTBDs/Debug -F/Users/buddhirajgautam/Library/Developer/Xcode/DerivedData/Telegram-Mac-fygdgghdgmuleoelvxabfmqiotta/Build/Products/Debug/PackageFrameworks -F/Users/buddhirajgautam/Library/Developer/Xcode/DerivedData/Telegram-Mac-fygdgghdgmuleoelvxabfmqiotta/Build/Products/Debug -iframework /Applications/Xcode.app/Contents/Developer/Platforms/MacOSX.platform/Developer/Library/Frameworks -filelist /Users/buddhirajgautam/Library/Developer/Xcode/DerivedData/Telegram-Mac-fygdgghdgmuleoelvxabfmqiotta/Build/Intermediates.noindex/MetalEngine.build/Debug/MetalEngine-t.build/Objects-normal/arm64/MetalEngine.LinkFileList -nostdlib -Xlinker -object_path_lto -Xlinker /Users/buddhirajgautam/Library/Developer/Xcode/DerivedData/Telegram-Mac-fygdgghdgmuleoelvxabfmqiotta/Build/Intermediates.noindex/MetalEngine.build/Debug/MetalEngine-t.build/Objects-normal/arm64/MetalEngine_lto.o -Xlinker -no_deduplicate -Xlinker -debug_variant -Xlinker -dependency_info -Xlinker /Users/buddhirajgautam/Library/Developer/Xcode/DerivedData/Telegram-Mac-fygdgghdgmuleoelvxabfmqiotta/Build/Intermediates.noindex/MetalEngine.build/Debug/MetalEngine-t.build/Objects-normal/arm64/MetalEngine_dependency_info.dat -fobjc-link-runtime -L/Applications/Xcode.app/Contents/Developer/Toolchains/XcodeDefault.xctoolchain/usr/lib/swift/macosx -L/usr/lib/swift -Xlinker -add_ast_path -Xlinker /Users/buddhirajgautam/Library/Developer/Xcode/DerivedData/Telegram-Mac-fygdgghdgmuleoelvxabfmqiotta/Build/Intermediates.noindex/MetalEngine.build/Debug/MetalEngine-t.build/Objects-normal/arm64/MetalEngine.swiftmodule -o /Users/buddhirajgautam/Library/Developer/Xcode/DerivedData/Telegram-Mac-fygdgghdgmuleoelvxabfmqiotta/Build/Products/Debug/MetalEngine.o

Ld /Users/buddhirajgautam/Library/Developer/Xcode/DerivedData/Telegram-Mac-fygdgghdgmuleoelvxabfmqiotta/Build/Products/Debug/Localization.o normal (in target 'Localization' from project 'Localization')
    cd /Users/buddhirajgautam/Documents/Cherrygram-Mac/macOS-Swift/packages/Localization
    /Applications/Xcode.app/Contents/Developer/Toolchains/XcodeDefault.xctoolchain/usr/bin/clang -Xlinker -reproducible -target arm64-apple-macos12.0 -r -isysroot /Applications/Xcode.app/Contents/Developer/Platforms/MacOSX.platform/Developer/SDKs/MacOSX27.0.sdk -O0 -Xlinker -no_warn_duplicate_libraries -F/Users/buddhirajgautam/Library/Developer/Xcode/DerivedData/Telegram-Mac-fygdgghdgmuleoelvxabfmqiotta/Build/Intermediates.noindex/EagerLinkingTBDs/Debug -F/Users/buddhirajgautam/Library/Developer/Xcode/DerivedData/Telegram-Mac-fygdgghdgmuleoelvxabfmqiotta/Build/Products/Debug/PackageFrameworks -F/Users/buddhirajgautam/Library/Developer/Xcode/DerivedData/Telegram-Mac-fygdgghdgmuleoelvxabfmqiotta/Build/Products/Debug -iframework /Applications/Xcode.app/Contents/Developer/Platforms/MacOSX.platform/Developer/Library/Frameworks -filelist /Users/buddhirajgautam/Library/Developer/Xcode/DerivedData/Telegram-Mac-fygdgghdgmuleoelvxabfmqiotta/Build/Intermediates.noindex/Localization.build/Debug/Localization-t.build/Objects-normal/arm64/Localization.LinkFileList -nostdlib -Xlinker -object_path_lto -Xlinker /Users/buddhirajgautam/Library/Developer/Xcode/DerivedData/Telegram-Mac-fygdgghdgmuleoelvxabfmqiotta/Build/Intermediates.noindex/Localization.build/Debug/Localization-t.build/Objects-normal/arm64/Localization_lto.o -Xlinker -no_deduplicate -Xlinker -debug_variant -Xlinker -dependency_info -Xlinker /Users/buddhirajgautam/Library/Developer/Xcode/DerivedData/Telegram-Mac-fygdgghdgmuleoelvxabfmqiotta/Build/Intermediates.noindex/Localization.build/Debug/Localization-t.build/Objects-normal/arm64/Localization_dependency_info.dat -fobjc-link-runtime -L/Applications/Xcode.app/Contents/Developer/Toolchains/XcodeDefault.xctoolchain/usr/lib/swift/macosx -L/usr/lib/swift -Xlinker -add_ast_path -Xlinker /Users/buddhirajgautam/Library/Developer/Xcode/DerivedData/Telegram-Mac-fygdgghdgmuleoelvxabfmqiotta/Build/Intermediates.noindex/Localization.build/Debug/Localization-t.build/Objects-normal/arm64/Localization.swiftmodule -o /Users/buddhirajgautam/Library/Developer/Xcode/DerivedData/Telegram-Mac-fygdgghdgmuleoelvxabfmqiotta/Build/Products/Debug/Localization.o

Ld /Users/buddhirajgautam/Library/Developer/Xcode/DerivedData/Telegram-Mac-fygdgghdgmuleoelvxabfmqiotta/Build/Products/Debug/InAppSettings.o normal (in target 'InAppSettings' from project 'InAppSettings')
    cd /Users/buddhirajgautam/Documents/Cherrygram-Mac/macOS-Swift/packages/InAppSettings
    /Applications/Xcode.app/Contents/Developer/Toolchains/XcodeDefault.xctoolchain/usr/bin/clang -Xlinker -reproducible -target arm64-apple-macos12.0 -r -isysroot /Applications/Xcode.app/Contents/Developer/Platforms/MacOSX.platform/Developer/SDKs/MacOSX27.0.sdk -O0 -Xlinker -no_warn_duplicate_libraries -F/Users/buddhirajgautam/Library/Developer/Xcode/DerivedData/Telegram-Mac-fygdgghdgmuleoelvxabfmqiotta/Build/Intermediates.noindex/EagerLinkingTBDs/Debug -F/Users/buddhirajgautam/Library/Developer/Xcode/DerivedData/Telegram-Mac-fygdgghdgmuleoelvxabfmqiotta/Build/Products/Debug/PackageFrameworks -F/Users/buddhirajgautam/Library/Developer/Xcode/DerivedData/Telegram-Mac-fygdgghdgmuleoelvxabfmqiotta/Build/Products/Debug -iframework /Applications/Xcode.app/Contents/Developer/Platforms/MacOSX.platform/Developer/Library/Frameworks -filelist /Users/buddhirajgautam/Library/Developer/Xcode/DerivedData/Telegram-Mac-fygdgghdgmuleoelvxabfmqiotta/Build/Intermediates.noindex/InAppSettings.build/Debug/InAppSettings-t.build/Objects-normal/arm64/InAppSettings.LinkFileList -nostdlib -Xlinker -object_path_lto -Xlinker /Users/buddhirajgautam/Library/Developer/Xcode/DerivedData/Telegram-Mac-fygdgghdgmuleoelvxabfmqiotta/Build/Intermediates.noindex/InAppSettings.build/Debug/InAppSettings-t.build/Objects-normal/arm64/InAppSettings_lto.o -Xlinker -no_deduplicate -Xlinker -debug_variant -Xlinker -dependency_info -Xlinker /Users/buddhirajgautam/Library/Developer/Xcode/DerivedData/Telegram-Mac-fygdgghdgmuleoelvxabfmqiotta/Build/Intermediates.noindex/InAppSettings.build/Debug/InAppSettings-t.build/Objects-normal/arm64/InAppSettings_dependency_info.dat -fobjc-link-runtime -L/Applications/Xcode.app/Contents/Developer/Toolchains/XcodeDefault.xctoolchain/usr/lib/swift/macosx -L/usr/lib/swift -Xlinker -add_ast_path -Xlinker /Users/buddhirajgautam/Library/Developer/Xcode/DerivedData/Telegram-Mac-fygdgghdgmuleoelvxabfmqiotta/Build/Intermediates.noindex/InAppSettings.build/Debug/InAppSettings-t.build/Objects-normal/arm64/InAppSettings.swiftmodule -o /Users/buddhirajgautam/Library/Developer/Xcode/DerivedData/Telegram-Mac-fygdgghdgmuleoelvxabfmqiotta/Build/Products/Debug/InAppSettings.o

Ld /Users/buddhirajgautam/Library/Developer/Xcode/DerivedData/Telegram-Mac-fygdgghdgmuleoelvxabfmqiotta/Build/Products/Debug/GraphUI.o normal (in target 'GraphUI' from project 'GraphUI')
    cd /Users/buddhirajgautam/Documents/Cherrygram-Mac/macOS-Swift/packages/GraphUI
    /Applications/Xcode.app/Contents/Developer/Toolchains/XcodeDefault.xctoolchain/usr/bin/clang -Xlinker -reproducible -target arm64-apple-macos12.0 -r -isysroot /Applications/Xcode.app/Contents/Developer/Platforms/MacOSX.platform/Developer/SDKs/MacOSX27.0.sdk -O0 -Xlinker -no_warn_duplicate_libraries -F/Users/buddhirajgautam/Library/Developer/Xcode/DerivedData/Telegram-Mac-fygdgghdgmuleoelvxabfmqiotta/Build/Intermediates.noindex/EagerLinkingTBDs/Debug -F/Users/buddhirajgautam/Library/Developer/Xcode/DerivedData/Telegram-Mac-fygdgghdgmuleoelvxabfmqiotta/Build/Products/Debug/PackageFrameworks -F/Users/buddhirajgautam/Library/Developer/Xcode/DerivedData/Telegram-Mac-fygdgghdgmuleoelvxabfmqiotta/Build/Products/Debug -iframework /Applications/Xcode.app/Contents/Developer/Platforms/MacOSX.platform/Developer/Library/Frameworks -filelist /Users/buddhirajgautam/Library/Developer/Xcode/DerivedData/Telegram-Mac-fygdgghdgmuleoelvxabfmqiotta/Build/Intermediates.noindex/GraphUI.build/Debug/GraphUI-t.build/Objects-normal/arm64/GraphUI.LinkFileList -nostdlib -Xlinker -object_path_lto -Xlinker /Users/buddhirajgautam/Library/Developer/Xcode/DerivedData/Telegram-Mac-fygdgghdgmuleoelvxabfmqiotta/Build/Intermediates.noindex/GraphUI.build/Debug/GraphUI-t.build/Objects-normal/arm64/GraphUI_lto.o -Xlinker -no_deduplicate -Xlinker -debug_variant -Xlinker -dependency_info -Xlinker /Users/buddhirajgautam/Library/Developer/Xcode/DerivedData/Telegram-Mac-fygdgghdgmuleoelvxabfmqiotta/Build/Intermediates.noindex/GraphUI.build/Debug/GraphUI-t.build/Objects-normal/arm64/GraphUI_dependency_info.dat -fobjc-link-runtime -L/Applications/Xcode.app/Contents/Developer/Toolchains/XcodeDefault.xctoolchain/usr/lib/swift/macosx -L/usr/lib/swift -Xlinker -add_ast_path -Xlinker /Users/buddhirajgautam/Library/Developer/Xcode/DerivedData/Telegram-Mac-fygdgghdgmuleoelvxabfmqiotta/Build/Intermediates.noindex/GraphUI.build/Debug/GraphUI-t.build/Objects-normal/arm64/GraphUI.swiftmodule -o /Users/buddhirajgautam/Library/Developer/Xcode/DerivedData/Telegram-Mac-fygdgghdgmuleoelvxabfmqiotta/Build/Products/Debug/GraphUI.o

Ld /Users/buddhirajgautam/Library/Developer/Xcode/DerivedData/Telegram-Mac-fygdgghdgmuleoelvxabfmqiotta/Build/Products/Debug/Dock.o normal (in target 'Dock' from project 'Dock')
    cd /Users/buddhirajgautam/Documents/Cherrygram-Mac/macOS-Swift/packages/Dock
    /Applications/Xcode.app/Contents/Developer/Toolchains/XcodeDefault.xctoolchain/usr/bin/clang -Xlinker -reproducible -target arm64-apple-macos12.0 -r -isysroot /Applications/Xcode.app/Contents/Developer/Platforms/MacOSX.platform/Developer/SDKs/MacOSX27.0.sdk -O0 -Xlinker -no_warn_duplicate_libraries -F/Users/buddhirajgautam/Library/Developer/Xcode/DerivedData/Telegram-Mac-fygdgghdgmuleoelvxabfmqiotta/Build/Intermediates.noindex/EagerLinkingTBDs/Debug -F/Users/buddhirajgautam/Library/Developer/Xcode/DerivedData/Telegram-Mac-fygdgghdgmuleoelvxabfmqiotta/Build/Products/Debug/PackageFrameworks -F/Users/buddhirajgautam/Library/Developer/Xcode/DerivedData/Telegram-Mac-fygdgghdgmuleoelvxabfmqiotta/Build/Products/Debug -iframework /Applications/Xcode.app/Contents/Developer/Platforms/MacOSX.platform/Developer/Library/Frameworks -filelist /Users/buddhirajgautam/Library/Developer/Xcode/DerivedData/Telegram-Mac-fygdgghdgmuleoelvxabfmqiotta/Build/Intermediates.noindex/Dock.build/Debug/Dock-t.build/Objects-normal/arm64/Dock.LinkFileList -nostdlib -Xlinker -object_path_lto -Xlinker /Users/buddhirajgautam/Library/Developer/Xcode/DerivedData/Telegram-Mac-fygdgghdgmuleoelvxabfmqiotta/Build/Intermediates.noindex/Dock.build/Debug/Dock-t.build/Objects-normal/arm64/Dock_lto.o -Xlinker -no_deduplicate -Xlinker -debug_variant -Xlinker -dependency_info -Xlinker /Users/buddhirajgautam/Library/Developer/Xcode/DerivedData/Telegram-Mac-fygdgghdgmuleoelvxabfmqiotta/Build/Intermediates.noindex/Dock.build/Debug/Dock-t.build/Objects-normal/arm64/Dock_dependency_info.dat -fobjc-link-runtime -L/Applications/Xcode.app/Contents/Developer/Toolchains/XcodeDefault.xctoolchain/usr/lib/swift/macosx -L/usr/lib/swift -Xlinker -add_ast_path -Xlinker /Users/buddhirajgautam/Library/Developer/Xcode/DerivedData/Telegram-Mac-fygdgghdgmuleoelvxabfmqiotta/Build/Intermediates.noindex/Dock.build/Debug/Dock-t.build/Objects-normal/arm64/Dock.swiftmodule -o /Users/buddhirajgautam/Library/Developer/Xcode/DerivedData/Telegram-Mac-fygdgghdgmuleoelvxabfmqiotta/Build/Products/Debug/Dock.o

ScanDependencies /Users/buddhirajgautam/Library/Developer/Xcode/DerivedData/Telegram-Mac-fygdgghdgmuleoelvxabfmqiotta/Build/Intermediates.noindex/Sparkle.build/Debug/Sparkle.build/Objects-normal/arm64/verify.o /Users/buddhirajgautam/Documents/Cherrygram-Mac/macOS-Swift/submodules/Sparkle/ed25519/src/verify.c normal arm64 c com.apple.compilers.llvm.clang.1_0.compiler (in target 'Sparkle' from project 'Sparkle')
    cd /Users/buddhirajgautam/Documents/Cherrygram-Mac/macOS-Swift/submodules/Sparkle
    
    Using response file: /Users/buddhirajgautam/Library/Developer/Xcode/DerivedData/Telegram-Mac-fygdgghdgmuleoelvxabfmqiotta/Build/Intermediates.noindex/Sparkle.build/Debug/Sparkle.build/Objects-normal/arm64/7187679823f38a2a940e0043cdf9d637-common-args.resp
    
    builtin-ScanDependencies -o /Users/buddhirajgautam/Library/Developer/Xcode/DerivedData/Telegram-Mac-fygdgghdgmuleoelvxabfmqiotta/Build/Intermediates.noindex/Sparkle.build/Debug/Sparkle.build/Objects-normal/arm64/verify.o.scan -- /Applications/Xcode.app/Contents/Developer/Toolchains/XcodeDefault.xctoolchain/usr/bin/clang -x c -ivfsstatcache /Users/buddhirajgautam/Library/Developer/Xcode/DerivedData/SDKStatCaches.noindex/macosx27.0-26A425-e829b21a6f8c9b70876ba0858053c0447231f6df4def33e022ae2eb8f782df1a.sdkstatcache -target arm64-apple-macos12.0 -fmessage-length\=0 -fdiagnostics-show-note-include-stack -fmacro-backtrace-limit\=0 -fno-color-diagnostics -fmodules-prune-interval\=86400 -fmodules-prune-after\=345600 -fbuild-session-file\=/Users/buddhirajgautam/Library/Developer/Xcode/DerivedData/ModuleCache.noindex/Session.modulevalidation -fmodules-validate-once-per-build-session -Wnon-modular-include-in-framework-module -Werror\=non-modular-include-in-framework-module -Wno-trigraphs -Werror\=incompatible-pointer-types -Werror\=implicit-function-declaration -Wmissing-field-initializers -Wmissing-prototypes -Wdocumentation -Wunreachable-code -Wmissing-braces -Wparentheses -Wswitch -Wunused-function -Wunused-label -Wunused-parameter -Wunused-variable -Wunused-value -Wempty-body -Wuninitialized -Wunknown-pragmas -Wshadow -Wfour-char-constants -Wconversion -Wconstant-conversion -Wint-conversion -Wbool-conversion -Wenum-conversion -Wfloat-conversion -Wnon-literal-null-conversion -Wobjc-literal-conversion -Wassign-enum -Wsign-compare -Wshorten-64-to-32 -Wpointer-sign -Wnewline-eof -Wno-implicit-fallthrough -isysroot /Applications/Xcode.app/Contents/Developer/Platforms/MacOSX.platform/Developer/SDKs/MacOSX27.0.sdk -fstrict-aliasing -Wdeprecated-declarations -Wsign-conversion -Winfinite-recursion -Wcomma -Wblock-capture-autoreleasing -Wstrict-prototypes -Wno-semicolon-before-method-body -index-store-path /Users/buddhirajgautam/Library/Developer/Xcode/DerivedData/Telegram-Mac-fygdgghdgmuleoelvxabfmqiotta/Index.noindex/DataStore -Wall -Weverything -Wno-unused-macros -Wno-gnu-statement-expression -Wno-arc-repeated-use-of-weak -Wno-auto-import -Wno-gnu-zero-variadic-macro-arguments -Wno-custom-atomic-properties -Wno-implicit-atomic-properties @/Users/buddhirajgautam/Library/Developer/Xcode/DerivedData/Telegram-Mac-fygdgghdgmuleoelvxabfmqiotta/Build/Intermediates.noindex/Sparkle.build/Debug/Sparkle.build/Objects-normal/arm64/7187679823f38a2a940e0043cdf9d637-common-args.resp -MMD -MT dependencies -MF /Users/buddhirajgautam/Library/Developer/Xcode/DerivedData/Telegram-Mac-fygdgghdgmuleoelvxabfmqiotta/Build/Intermediates.noindex/Sparkle.build/Debug/Sparkle.build/Objects-normal/arm64/verify.d --serialize-diagnostics /Users/buddhirajgautam/Library/Developer/Xcode/DerivedData/Telegram-Mac-fygdgghdgmuleoelvxabfmqiotta/Build/Intermediates.noindex/Sparkle.build/Debug/Sparkle.build/Objects-normal/arm64/verify.dia -c /Users/buddhirajgautam/Documents/Cherrygram-Mac/macOS-Swift/submodules/Sparkle/ed25519/src/verify.c -o /Users/buddhirajgautam/Library/Developer/Xcode/DerivedData/Telegram-Mac-fygdgghdgmuleoelvxabfmqiotta/Build/Intermediates.noindex/Sparkle.build/Debug/Sparkle.build/Objects-normal/arm64/verify.o -index-unit-output-path /Sparkle.build/Debug/Sparkle.build/Objects-normal/arm64/verify.o

ExtractAppIntentsMetadata (in target 'TelegramMediaPlayer' from project 'TelegramMediaPlayer')
    cd /Users/buddhirajgautam/Documents/Cherrygram-Mac/macOS-Swift/submodules/telegram-ios/submodules/MediaPlayer
    /Applications/Xcode.app/Contents/Developer/Toolchains/XcodeDefault.xctoolchain/usr/bin/appintentsmetadataprocessor --toolchain-dir /var/run/com.apple.security.cryptexd/mnt/com.apple.MobileAsset.MetalToolchain-v27.1.266.1.Pr1pMU/Metal.xctoolchain --module-name TelegramMediaPlayer --sdk-root /Applications/Xcode.app/Contents/Developer/Platforms/MacOSX.platform/Developer/SDKs/MacOSX27.0.sdk --xcode-version 27A266a --platform-family macOS --deployment-target 12.0 --bundle-identifier mediaplayer.TelegramMediaPlayer --output /Users/buddhirajgautam/Library/Developer/Xcode/DerivedData/Telegram-Mac-fygdgghdgmuleoelvxabfmqiotta/Build/Products/Debug/TelegramMediaPlayer.appintents --target-triple arm64-apple-macos12.0 --binary-file /Users/buddhirajgautam/Library/Developer/Xcode/DerivedData/Telegram-Mac-fygdgghdgmuleoelvxabfmqiotta/Build/Products/Debug/TelegramMediaPlayer.o --dependency-file /Users/buddhirajgautam/Library/Developer/Xcode/DerivedData/Telegram-Mac-fygdgghdgmuleoelvxabfmqiotta/Build/Intermediates.noindex/TelegramMediaPlayer.build/Debug/TelegramMediaPlayer-t.build/Objects-normal/arm64/TelegramMediaPlayer_dependency_info.dat --stringsdata-file /Users/buddhirajgautam/Library/Developer/Xcode/DerivedData/Telegram-Mac-fygdgghdgmuleoelvxabfmqiotta/Build/Intermediates.noindex/TelegramMediaPlayer.build/Debug/TelegramMediaPlayer-t.build/Objects-normal/arm64/ExtractedAppShortcutsMetadata.stringsdata --source-file-list /Users/buddhirajgautam/Library/Developer/Xcode/DerivedData/Telegram-Mac-fygdgghdgmuleoelvxabfmqiotta/Build/Intermediates.noindex/TelegramMediaPlayer.build/Debug/TelegramMediaPlayer-t.build/Objects-normal/arm64/TelegramMediaPlayer.SwiftFileList --metadata-file-list /Users/buddhirajgautam/Library/Developer/Xcode/DerivedData/Telegram-Mac-fygdgghdgmuleoelvxabfmqiotta/Build/Intermediates.noindex/TelegramMediaPlayer.build/Debug/TelegramMediaPlayer-t.build/TelegramMediaPlayer.DependencyMetadataFileList --static-metadata-file-list /Users/buddhirajgautam/Library/Developer/Xcode/DerivedData/Telegram-Mac-fygdgghdgmuleoelvxabfmqiotta/Build/Intermediates.noindex/TelegramMediaPlayer.build/Debug/TelegramMediaPlayer-t.build/TelegramMediaPlayer.DependencyStaticMetadataFileList --swift-const-vals-list /Users/buddhirajgautam/Library/Developer/Xcode/DerivedData/Telegram-Mac-fygdgghdgmuleoelvxabfmqiotta/Build/Intermediates.noindex/TelegramMediaPlayer.build/Debug/TelegramMediaPlayer-t.build/Objects-normal/arm64/TelegramMediaPlayer.SwiftConstValuesFileList --force --compile-time-extraction --deployment-aware-processing --no-app-shortcuts-localization
2026-09-21 20:25:34.725 appintentsmetadataprocessor[56818:3890790] Starting appintentsmetadataprocessor export
2026-09-21 20:25:34.992 appintentsmetadataprocessor[56818:3890790] Extracted no relevant App Intents symbols, skipping writing output

Ld /Users/buddhirajgautam/Library/Developer/Xcode/DerivedData/Telegram-Mac-fygdgghdgmuleoelvxabfmqiotta/Build/Products/Debug/GoogleAppMeasurementTarget.o normal (in target 'GoogleAppMeasurementTarget' from project 'GoogleAppMeasurement')
    cd /Users/buddhirajgautam/Library/Developer/Xcode/DerivedData/Telegram-Mac-fygdgghdgmuleoelvxabfmqiotta/SourcePackages/checkouts/GoogleAppMeasurement
    /Applications/Xcode.app/Contents/Developer/Toolchains/XcodeDefault.xctoolchain/usr/bin/clang -Xlinker -reproducible -target arm64-apple-macos12.0 -r -isysroot /Applications/Xcode.app/Contents/Developer/Platforms/MacOSX.platform/Developer/SDKs/MacOSX27.0.sdk -O0 -w -Xlinker -no_warn_duplicate_libraries -F/Users/buddhirajgautam/Library/Developer/Xcode/DerivedData/Telegram-Mac-fygdgghdgmuleoelvxabfmqiotta/Build/Intermediates.noindex/EagerLinkingTBDs/Debug -F/Users/buddhirajgautam/Library/Developer/Xcode/DerivedData/Telegram-Mac-fygdgghdgmuleoelvxabfmqiotta/Build/Products/Debug/PackageFrameworks -F/Users/buddhirajgautam/Library/Developer/Xcode/DerivedData/Telegram-Mac-fygdgghdgmuleoelvxabfmqiotta/Build/Products/Debug -iframework /Applications/Xcode.app/Contents/Developer/Platforms/MacOSX.platform/Developer/Library/Frameworks -filelist /Users/buddhirajgautam/Library/Developer/Xcode/DerivedData/Telegram-Mac-fygdgghdgmuleoelvxabfmqiotta/Build/Intermediates.noindex/GoogleAppMeasurement.build/Debug/GoogleAppMeasurementTarget-t.build/Objects-normal/arm64/GoogleAppMeasurementTarget.LinkFileList -nostdlib -Xlinker -object_path_lto -Xlinker /Users/buddhirajgautam/Library/Developer/Xcode/DerivedData/Telegram-Mac-fygdgghdgmuleoelvxabfmqiotta/Build/Intermediates.noindex/GoogleAppMeasurement.build/Debug/GoogleAppMeasurementTarget-t.build/Objects-normal/arm64/GoogleAppMeasurementTarget_lto.o -Xlinker -no_deduplicate -Xlinker -debug_variant -Xlinker -dependency_info -Xlinker /Users/buddhirajgautam/Library/Developer/Xcode/DerivedData/Telegram-Mac-fygdgghdgmuleoelvxabfmqiotta/Build/Intermediates.noindex/GoogleAppMeasurement.build/Debug/GoogleAppMeasurementTarget-t.build/Objects-normal/arm64/GoogleAppMeasurementTarget_dependency_info.dat -fobjc-arc -fobjc-link-runtime -o /Users/buddhirajgautam/Library/Developer/Xcode/DerivedData/Telegram-Mac-fygdgghdgmuleoelvxabfmqiotta/Build/Products/Debug/GoogleAppMeasurementTarget.o

Ld /Users/buddhirajgautam/Library/Developer/Xcode/DerivedData/Telegram-Mac-fygdgghdgmuleoelvxabfmqiotta/Build/Products/Debug/FirebaseCrashlytics.o normal (in target 'FirebaseCrashlytics' from project 'Firebase')
    cd /Users/buddhirajgautam/Library/Developer/Xcode/DerivedData/Telegram-Mac-fygdgghdgmuleoelvxabfmqiotta/SourcePackages/checkouts/firebase-ios-sdk
    /Applications/Xcode.app/Contents/Developer/Toolchains/XcodeDefault.xctoolchain/usr/bin/clang++ -Xlinker -reproducible -target arm64-apple-macos12.0 -r -isysroot /Applications/Xcode.app/Contents/Developer/Platforms/MacOSX.platform/Developer/SDKs/MacOSX27.0.sdk -O0 -w -Xlinker -no_warn_duplicate_libraries -F/Users/buddhirajgautam/Library/Developer/Xcode/DerivedData/Telegram-Mac-fygdgghdgmuleoelvxabfmqiotta/Build/Intermediates.noindex/EagerLinkingTBDs/Debug -F/Users/buddhirajgautam/Library/Developer/Xcode/DerivedData/Telegram-Mac-fygdgghdgmuleoelvxabfmqiotta/Build/Products/Debug/PackageFrameworks -F/Users/buddhirajgautam/Library/Developer/Xcode/DerivedData/Telegram-Mac-fygdgghdgmuleoelvxabfmqiotta/Build/Products/Debug -iframework /Applications/Xcode.app/Contents/Developer/Platforms/MacOSX.platform/Developer/Library/Frameworks -filelist /Users/buddhirajgautam/Library/Developer/Xcode/DerivedData/Telegram-Mac-fygdgghdgmuleoelvxabfmqiotta/Build/Intermediates.noindex/Firebase.build/Debug/FirebaseCrashlytics-t.build/Objects-normal/arm64/FirebaseCrashlytics.LinkFileList -nostdlib -Xlinker -object_path_lto -Xlinker /Users/buddhirajgautam/Library/Developer/Xcode/DerivedData/Telegram-Mac-fygdgghdgmuleoelvxabfmqiotta/Build/Intermediates.noindex/Firebase.build/Debug/FirebaseCrashlytics-t.build/Objects-normal/arm64/FirebaseCrashlytics_lto.o -Xlinker -no_deduplicate -Xlinker -debug_variant -Xlinker -dependency_info -Xlinker /Users/buddhirajgautam/Library/Developer/Xcode/DerivedData/Telegram-Mac-fygdgghdgmuleoelvxabfmqiotta/Build/Intermediates.noindex/Firebase.build/Debug/FirebaseCrashlytics-t.build/Objects-normal/arm64/FirebaseCrashlytics_dependency_info.dat -fobjc-arc -fobjc-link-runtime -o /Users/buddhirajgautam/Library/Developer/Xcode/DerivedData/Telegram-Mac-fygdgghdgmuleoelvxabfmqiotta/Build/Products/Debug/FirebaseCrashlytics.o

PrecompileModule /Users/buddhirajgautam/Library/Developer/Xcode/DerivedData/Telegram-Mac-fygdgghdgmuleoelvxabfmqiotta/Build/Intermediates.noindex/ExplicitPrecompiledModules/_Builtin_float-CRQ1R5YGHW3AGNB91H8U1JGQ2.scan
    cd /
    builtin-precompileModule /Users/buddhirajgautam/Library/Developer/Xcode/DerivedData/Telegram-Mac-fygdgghdgmuleoelvxabfmqiotta/Build/Intermediates.noindex/ExplicitPrecompiledModules/_Builtin_float-CRQ1R5YGHW3AGNB91H8U1JGQ2.scan

PrecompileModule /Users/buddhirajgautam/Library/Developer/Xcode/DerivedData/Telegram-Mac-fygdgghdgmuleoelvxabfmqiotta/Build/Intermediates.noindex/ExplicitPrecompiledModules/ptrcheck-2EU4HFLZRE5IHBJU5CTZUDBBA.scan
    cd /
    builtin-precompileModule /Users/buddhirajgautam/Library/Developer/Xcode/DerivedData/Telegram-Mac-fygdgghdgmuleoelvxabfmqiotta/Build/Intermediates.noindex/ExplicitPrecompiledModules/ptrcheck-2EU4HFLZRE5IHBJU5CTZUDBBA.scan

PrecompileModule /Users/buddhirajgautam/Library/Developer/Xcode/DerivedData/Telegram-Mac-fygdgghdgmuleoelvxabfmqiotta/Build/Intermediates.noindex/ExplicitPrecompiledModules/_Builtin_stdarg-3STWDXUNB4UVJD7P77FBOPHFL.scan
    cd /
    builtin-precompileModule /Users/buddhirajgautam/Library/Developer/Xcode/DerivedData/Telegram-Mac-fygdgghdgmuleoelvxabfmqiotta/Build/Intermediates.noindex/ExplicitPrecompiledModules/_Builtin_stdarg-3STWDXUNB4UVJD7P77FBOPHFL.scan

PrecompileModule /Users/buddhirajgautam/Library/Developer/Xcode/DerivedData/Telegram-Mac-fygdgghdgmuleoelvxabfmqiotta/Build/Intermediates.noindex/ExplicitPrecompiledModules/_AvailabilityInternal-89WBH7JD018ET1KINJS9D6HDD.scan
    cd /
    builtin-precompileModule /Users/buddhirajgautam/Library/Developer/Xcode/DerivedData/Telegram-Mac-fygdgghdgmuleoelvxabfmqiotta/Build/Intermediates.noindex/ExplicitPrecompiledModules/_AvailabilityInternal-89WBH7JD018ET1KINJS9D6HDD.scan

PrecompileModule /Users/buddhirajgautam/Library/Developer/Xcode/DerivedData/Telegram-Mac-fygdgghdgmuleoelvxabfmqiotta/Build/Intermediates.noindex/ExplicitPrecompiledModules/_Builtin_stddef-BIHQA3UX9TWYPQ8GYGFHS4D2V.scan
    cd /
    builtin-precompileModule /Users/buddhirajgautam/Library/Developer/Xcode/DerivedData/Telegram-Mac-fygdgghdgmuleoelvxabfmqiotta/Build/Intermediates.noindex/ExplicitPrecompiledModules/_Builtin_stddef-BIHQA3UX9TWYPQ8GYGFHS4D2V.scan

ExtractAppIntentsMetadata (in target 'TextRecognizing' from project 'TextRecognizing')
    cd /Users/buddhirajgautam/Documents/Cherrygram-Mac/macOS-Swift/packages/TextRecognizing
    /Applications/Xcode.app/Contents/Developer/Toolchains/XcodeDefault.xctoolchain/usr/bin/appintentsmetadataprocessor --toolchain-dir /var/run/com.apple.security.cryptexd/mnt/com.apple.MobileAsset.MetalToolchain-v27.1.266.1.Pr1pMU/Metal.xctoolchain --module-name TextRecognizing --sdk-root /Applications/Xcode.app/Contents/Developer/Platforms/MacOSX.platform/Developer/SDKs/MacOSX27.0.sdk --xcode-version 27A266a --platform-family macOS --deployment-target 12.0 --bundle-identifier textrecognizing.TextRecognizing --output /Users/buddhirajgautam/Library/Developer/Xcode/DerivedData/Telegram-Mac-fygdgghdgmuleoelvxabfmqiotta/Build/Products/Debug/TextRecognizing.appintents --target-triple arm64-apple-macos12.0 --binary-file /Users/buddhirajgautam/Library/Developer/Xcode/DerivedData/Telegram-Mac-fygdgghdgmuleoelvxabfmqiotta/Build/Products/Debug/TextRecognizing.o --dependency-file /Users/buddhirajgautam/Library/Developer/Xcode/DerivedData/Telegram-Mac-fygdgghdgmuleoelvxabfmqiotta/Build/Intermediates.noindex/TextRecognizing.build/Debug/TextRecognizing-t.build/Objects-normal/arm64/TextRecognizing_dependency_info.dat --stringsdata-file /Users/buddhirajgautam/Library/Developer/Xcode/DerivedData/Telegram-Mac-fygdgghdgmuleoelvxabfmqiotta/Build/Intermediates.noindex/TextRecognizing.build/Debug/TextRecognizing-t.build/Objects-normal/arm64/ExtractedAppShortcutsMetadata.stringsdata --source-file-list /Users/buddhirajgautam/Library/Developer/Xcode/DerivedData/Telegram-Mac-fygdgghdgmuleoelvxabfmqiotta/Build/Intermediates.noindex/TextRecognizing.build/Debug/TextRecognizing-t.build/Objects-normal/arm64/TextRecognizing.SwiftFileList --metadata-file-list /Users/buddhirajgautam/Library/Developer/Xcode/DerivedData/Telegram-Mac-fygdgghdgmuleoelvxabfmqiotta/Build/Intermediates.noindex/TextRecognizing.build/Debug/TextRecognizing-t.build/TextRecognizing.DependencyMetadataFileList --static-metadata-file-list /Users/buddhirajgautam/Library/Developer/Xcode/DerivedData/Telegram-Mac-fygdgghdgmuleoelvxabfmqiotta/Build/Intermediates.noindex/TextRecognizing.build/Debug/TextRecognizing-t.build/TextRecognizing.DependencyStaticMetadataFileList --swift-const-vals-list /Users/buddhirajgautam/Library/Developer/Xcode/DerivedData/Telegram-Mac-fygdgghdgmuleoelvxabfmqiotta/Build/Intermediates.noindex/TextRecognizing.build/Debug/TextRecognizing-t.build/Objects-normal/arm64/TextRecognizing.SwiftConstValuesFileList --force --compile-time-extraction --deployment-aware-processing --no-app-shortcuts-localization
2026-09-21 20:25:35.401 appintentsmetadataprocessor[56829:3890949] Starting appintentsmetadataprocessor export
2026-09-21 20:25:35.914 appintentsmetadataprocessor[56829:3890949] Extracted no relevant App Intents symbols, skipping writing output

ScanDependencies /Users/buddhirajgautam/Library/Developer/Xcode/DerivedData/Telegram-Mac-fygdgghdgmuleoelvxabfmqiotta/Build/Intermediates.noindex/Sparkle.build/Debug/Sparkle.build/Objects-normal/arm64/sign.o /Users/buddhirajgautam/Documents/Cherrygram-Mac/macOS-Swift/submodules/Sparkle/ed25519/src/sign.c normal arm64 c com.apple.compilers.llvm.clang.1_0.compiler (in target 'Sparkle' from project 'Sparkle')
    cd /Users/buddhirajgautam/Documents/Cherrygram-Mac/macOS-Swift/submodules/Sparkle
    
    Using response file: /Users/buddhirajgautam/Library/Developer/Xcode/DerivedData/Telegram-Mac-fygdgghdgmuleoelvxabfmqiotta/Build/Intermediates.noindex/Sparkle.build/Debug/Sparkle.build/Objects-normal/arm64/7187679823f38a2a940e0043cdf9d637-common-args.resp
    
    builtin-ScanDependencies -o /Users/buddhirajgautam/Library/Developer/Xcode/DerivedData/Telegram-Mac-fygdgghdgmuleoelvxabfmqiotta/Build/Intermediates.noindex/Sparkle.build/Debug/Sparkle.build/Objects-normal/arm64/sign.o.scan -- /Applications/Xcode.app/Contents/Developer/Toolchains/XcodeDefault.xctoolchain/usr/bin/clang -x c -ivfsstatcache /Users/buddhirajgautam/Library/Developer/Xcode/DerivedData/SDKStatCaches.noindex/macosx27.0-26A425-e829b21a6f8c9b70876ba0858053c0447231f6df4def33e022ae2eb8f782df1a.sdkstatcache -target arm64-apple-macos12.0 -fmessage-length\=0 -fdiagnostics-show-note-include-stack -fmacro-backtrace-limit\=0 -fno-color-diagnostics -fmodules-prune-interval\=86400 -fmodules-prune-after\=345600 -fbuild-session-file\=/Users/buddhirajgautam/Library/Developer/Xcode/DerivedData/ModuleCache.noindex/Session.modulevalidation -fmodules-validate-once-per-build-session -Wnon-modular-include-in-framework-module -Werror\=non-modular-include-in-framework-module -Wno-trigraphs -Werror\=incompatible-pointer-types -Werror\=implicit-function-declaration -Wmissing-field-initializers -Wmissing-prototypes -Wdocumentation -Wunreachable-code -Wmissing-braces -Wparentheses -Wswitch -Wunused-function -Wunused-label -Wunused-parameter -Wunused-variable -Wunused-value -Wempty-body -Wuninitialized -Wunknown-pragmas -Wshadow -Wfour-char-constants -Wconversion -Wconstant-conversion -Wint-conversion -Wbool-conversion -Wenum-conversion -Wfloat-conversion -Wnon-literal-null-conversion -Wobjc-literal-conversion -Wassign-enum -Wsign-compare -Wshorten-64-to-32 -Wpointer-sign -Wnewline-eof -Wno-implicit-fallthrough -isysroot /Applications/Xcode.app/Contents/Developer/Platforms/MacOSX.platform/Developer/SDKs/MacOSX27.0.sdk -fstrict-aliasing -Wdeprecated-declarations -Wsign-conversion -Winfinite-recursion -Wcomma -Wblock-capture-autoreleasing -Wstrict-prototypes -Wno-semicolon-before-method-body -index-store-path /Users/buddhirajgautam/Library/Developer/Xcode/DerivedData/Telegram-Mac-fygdgghdgmuleoelvxabfmqiotta/Index.noindex/DataStore -Wall -Weverything -Wno-unused-macros -Wno-gnu-statement-expression -Wno-arc-repeated-use-of-weak -Wno-auto-import -Wno-gnu-zero-variadic-macro-arguments -Wno-custom-atomic-properties -Wno-implicit-atomic-properties @/Users/buddhirajgautam/Library/Developer/Xcode/DerivedData/Telegram-Mac-fygdgghdgmuleoelvxabfmqiotta/Build/Intermediates.noindex/Sparkle.build/Debug/Sparkle.build/Objects-normal/arm64/7187679823f38a2a940e0043cdf9d637-common-args.resp -MMD -MT dependencies -MF /Users/buddhirajgautam/Library/Developer/Xcode/DerivedData/Telegram-Mac-fygdgghdgmuleoelvxabfmqiotta/Build/Intermediates.noindex/Sparkle.build/Debug/Sparkle.build/Objects-normal/arm64/sign.d --serialize-diagnostics /Users/buddhirajgautam/Library/Developer/Xcode/DerivedData/Telegram-Mac-fygdgghdgmuleoelvxabfmqiotta/Build/Intermediates.noindex/Sparkle.build/Debug/Sparkle.build/Objects-normal/arm64/sign.dia -c /Users/buddhirajgautam/Documents/Cherrygram-Mac/macOS-Swift/submodules/Sparkle/ed25519/src/sign.c -o /Users/buddhirajgautam/Library/Developer/Xcode/DerivedData/Telegram-Mac-fygdgghdgmuleoelvxabfmqiotta/Build/Intermediates.noindex/Sparkle.build/Debug/Sparkle.build/Objects-normal/arm64/sign.o -index-unit-output-path /Sparkle.build/Debug/Sparkle.build/Objects-normal/arm64/sign.o

PrecompileModule /Users/buddhirajgautam/Library/Developer/Xcode/DerivedData/Telegram-Mac-fygdgghdgmuleoelvxabfmqiotta/Build/Intermediates.noindex/ExplicitPrecompiledModules/_DarwinFoundation1-BGWE335HZA6V9W6RP5XANS38O.scan
    cd /
    builtin-precompileModule /Users/buddhirajgautam/Library/Developer/Xcode/DerivedData/Telegram-Mac-fygdgghdgmuleoelvxabfmqiotta/Build/Intermediates.noindex/ExplicitPrecompiledModules/_DarwinFoundation1-BGWE335HZA6V9W6RP5XANS38O.scan

ScanDependencies /Users/buddhirajgautam/Library/Developer/Xcode/DerivedData/Telegram-Mac-fygdgghdgmuleoelvxabfmqiotta/Build/Intermediates.noindex/Sparkle.build/Debug/Sparkle.build/Objects-normal/arm64/sha512.o /Users/buddhirajgautam/Documents/Cherrygram-Mac/macOS-Swift/submodules/Sparkle/ed25519/src/sha512.c normal arm64 c com.apple.compilers.llvm.clang.1_0.compiler (in target 'Sparkle' from project 'Sparkle')
    cd /Users/buddhirajgautam/Documents/Cherrygram-Mac/macOS-Swift/submodules/Sparkle
    
    Using response file: /Users/buddhirajgautam/Library/Developer/Xcode/DerivedData/Telegram-Mac-fygdgghdgmuleoelvxabfmqiotta/Build/Intermediates.noindex/Sparkle.build/Debug/Sparkle.build/Objects-normal/arm64/7187679823f38a2a940e0043cdf9d637-common-args.resp
    
    builtin-ScanDependencies -o /Users/buddhirajgautam/Library/Developer/Xcode/DerivedData/Telegram-Mac-fygdgghdgmuleoelvxabfmqiotta/Build/Intermediates.noindex/Sparkle.build/Debug/Sparkle.build/Objects-normal/arm64/sha512.o.scan -- /Applications/Xcode.app/Contents/Developer/Toolchains/XcodeDefault.xctoolchain/usr/bin/clang -x c -ivfsstatcache /Users/buddhirajgautam/Library/Developer/Xcode/DerivedData/SDKStatCaches.noindex/macosx27.0-26A425-e829b21a6f8c9b70876ba0858053c0447231f6df4def33e022ae2eb8f782df1a.sdkstatcache -target arm64-apple-macos12.0 -fmessage-length\=0 -fdiagnostics-show-note-include-stack -fmacro-backtrace-limit\=0 -fno-color-diagnostics -fmodules-prune-interval\=86400 -fmodules-prune-after\=345600 -fbuild-session-file\=/Users/buddhirajgautam/Library/Developer/Xcode/DerivedData/ModuleCache.noindex/Session.modulevalidation -fmodules-validate-once-per-build-session -Wnon-modular-include-in-framework-module -Werror\=non-modular-include-in-framework-module -Wno-trigraphs -Werror\=incompatible-pointer-types -Werror\=implicit-function-declaration -Wmissing-field-initializers -Wmissing-prototypes -Wdocumentation -Wunreachable-code -Wmissing-braces -Wparentheses -Wswitch -Wunused-function -Wunused-label -Wunused-parameter -Wunused-variable -Wunused-value -Wempty-body -Wuninitialized -Wunknown-pragmas -Wshadow -Wfour-char-constants -Wconversion -Wconstant-conversion -Wint-conversion -Wbool-conversion -Wenum-conversion -Wfloat-conversion -Wnon-literal-null-conversion -Wobjc-literal-conversion -Wassign-enum -Wsign-compare -Wshorten-64-to-32 -Wpointer-sign -Wnewline-eof -Wno-implicit-fallthrough -isysroot /Applications/Xcode.app/Contents/Developer/Platforms/MacOSX.platform/Developer/SDKs/MacOSX27.0.sdk -fstrict-aliasing -Wdeprecated-declarations -Wsign-conversion -Winfinite-recursion -Wcomma -Wblock-capture-autoreleasing -Wstrict-prototypes -Wno-semicolon-before-method-body -index-store-path /Users/buddhirajgautam/Library/Developer/Xcode/DerivedData/Telegram-Mac-fygdgghdgmuleoelvxabfmqiotta/Index.noindex/DataStore -Wall -Weverything -Wno-unused-macros -Wno-gnu-statement-expression -Wno-arc-repeated-use-of-weak -Wno-auto-import -Wno-gnu-zero-variadic-macro-arguments -Wno-custom-atomic-properties -Wno-implicit-atomic-properties @/Users/buddhirajgautam/Library/Developer/Xcode/DerivedData/Telegram-Mac-fygdgghdgmuleoelvxabfmqiotta/Build/Intermediates.noindex/Sparkle.build/Debug/Sparkle.build/Objects-normal/arm64/7187679823f38a2a940e0043cdf9d637-common-args.resp -MMD -MT dependencies -MF /Users/buddhirajgautam/Library/Developer/Xcode/DerivedData/Telegram-Mac-fygdgghdgmuleoelvxabfmqiotta/Build/Intermediates.noindex/Sparkle.build/Debug/Sparkle.build/Objects-normal/arm64/sha512.d --serialize-diagnostics /Users/buddhirajgautam/Library/Developer/Xcode/DerivedData/Telegram-Mac-fygdgghdgmuleoelvxabfmqiotta/Build/Intermediates.noindex/Sparkle.build/Debug/Sparkle.build/Objects-normal/arm64/sha512.dia -c /Users/buddhirajgautam/Documents/Cherrygram-Mac/macOS-Swift/submodules/Sparkle/ed25519/src/sha512.c -o /Users/buddhirajgautam/Library/Developer/Xcode/DerivedData/Telegram-Mac-fygdgghdgmuleoelvxabfmqiotta/Build/Intermediates.noindex/Sparkle.build/Debug/Sparkle.build/Objects-normal/arm64/sha512.o -index-unit-output-path /Sparkle.build/Debug/Sparkle.build/Objects-normal/arm64/sha512.o

PrecompileModule /Users/buddhirajgautam/Library/Developer/Xcode/DerivedData/Telegram-Mac-fygdgghdgmuleoelvxabfmqiotta/Build/Intermediates.noindex/ExplicitPrecompiledModules/_DarwinFoundation2-4LX4HDU15AG5ZP7XV295098OT.scan
    cd /
    builtin-precompileModule /Users/buddhirajgautam/Library/Developer/Xcode/DerivedData/Telegram-Mac-fygdgghdgmuleoelvxabfmqiotta/Build/Intermediates.noindex/ExplicitPrecompiledModules/_DarwinFoundation2-4LX4HDU15AG5ZP7XV295098OT.scan

ScanDependencies /Users/buddhirajgautam/Library/Developer/Xcode/DerivedData/Telegram-Mac-fygdgghdgmuleoelvxabfmqiotta/Build/Intermediates.noindex/Sparkle.build/Debug/Sparkle.build/Objects-normal/arm64/seed.o /Users/buddhirajgautam/Documents/Cherrygram-Mac/macOS-Swift/submodules/Sparkle/ed25519/src/seed.c normal arm64 c com.apple.compilers.llvm.clang.1_0.compiler (in target 'Sparkle' from project 'Sparkle')
    cd /Users/buddhirajgautam/Documents/Cherrygram-Mac/macOS-Swift/submodules/Sparkle
    
    Using response file: /Users/buddhirajgautam/Library/Developer/Xcode/DerivedData/Telegram-Mac-fygdgghdgmuleoelvxabfmqiotta/Build/Intermediates.noindex/Sparkle.build/Debug/Sparkle.build/Objects-normal/arm64/7187679823f38a2a940e0043cdf9d637-common-args.resp
    
    builtin-ScanDependencies -o /Users/buddhirajgautam/Library/Developer/Xcode/DerivedData/Telegram-Mac-fygdgghdgmuleoelvxabfmqiotta/Build/Intermediates.noindex/Sparkle.build/Debug/Sparkle.build/Objects-normal/arm64/seed.o.scan -- /Applications/Xcode.app/Contents/Developer/Toolchains/XcodeDefault.xctoolchain/usr/bin/clang -x c -ivfsstatcache /Users/buddhirajgautam/Library/Developer/Xcode/DerivedData/SDKStatCaches.noindex/macosx27.0-26A425-e829b21a6f8c9b70876ba0858053c0447231f6df4def33e022ae2eb8f782df1a.sdkstatcache -target arm64-apple-macos12.0 -fmessage-length\=0 -fdiagnostics-show-note-include-stack -fmacro-backtrace-limit\=0 -fno-color-diagnostics -fmodules-prune-interval\=86400 -fmodules-prune-after\=345600 -fbuild-session-file\=/Users/buddhirajgautam/Library/Developer/Xcode/DerivedData/ModuleCache.noindex/Session.modulevalidation -fmodules-validate-once-per-build-session -Wnon-modular-include-in-framework-module -Werror\=non-modular-include-in-framework-module -Wno-trigraphs -Werror\=incompatible-pointer-types -Werror\=implicit-function-declaration -Wmissing-field-initializers -Wmissing-prototypes -Wdocumentation -Wunreachable-code -Wmissing-braces -Wparentheses -Wswitch -Wunused-function -Wunused-label -Wunused-parameter -Wunused-variable -Wunused-value -Wempty-body -Wuninitialized -Wunknown-pragmas -Wshadow -Wfour-char-constants -Wconversion -Wconstant-conversion -Wint-conversion -Wbool-conversion -Wenum-conversion -Wfloat-conversion -Wnon-literal-null-conversion -Wobjc-literal-conversion -Wassign-enum -Wsign-compare -Wshorten-64-to-32 -Wpointer-sign -Wnewline-eof -Wno-implicit-fallthrough -isysroot /Applications/Xcode.app/Contents/Developer/Platforms/MacOSX.platform/Developer/SDKs/MacOSX27.0.sdk -fstrict-aliasing -Wdeprecated-declarations -Wsign-conversion -Winfinite-recursion -Wcomma -Wblock-capture-autoreleasing -Wstrict-prototypes -Wno-semicolon-before-method-body -index-store-path /Users/buddhirajgautam/Library/Developer/Xcode/DerivedData/Telegram-Mac-fygdgghdgmuleoelvxabfmqiotta/Index.noindex/DataStore -Wall -Weverything -Wno-unused-macros -Wno-gnu-statement-expression -Wno-arc-repeated-use-of-weak -Wno-auto-import -Wno-gnu-zero-variadic-macro-arguments -Wno-custom-atomic-properties -Wno-implicit-atomic-properties @/Users/buddhirajgautam/Library/Developer/Xcode/DerivedData/Telegram-Mac-fygdgghdgmuleoelvxabfmqiotta/Build/Intermediates.noindex/Sparkle.build/Debug/Sparkle.build/Objects-normal/arm64/7187679823f38a2a940e0043cdf9d637-common-args.resp -MMD -MT dependencies -MF /Users/buddhirajgautam/Library/Developer/Xcode/DerivedData/Telegram-Mac-fygdgghdgmuleoelvxabfmqiotta/Build/Intermediates.noindex/Sparkle.build/Debug/Sparkle.build/Objects-normal/arm64/seed.d --serialize-diagnostics /Users/buddhirajgautam/Library/Developer/Xcode/DerivedData/Telegram-Mac-fygdgghdgmuleoelvxabfmqiotta/Build/Intermediates.noindex/Sparkle.build/Debug/Sparkle.build/Objects-normal/arm64/seed.dia -c /Users/buddhirajgautam/Documents/Cherrygram-Mac/macOS-Swift/submodules/Sparkle/ed25519/src/seed.c -o /Users/buddhirajgautam/Library/Developer/Xcode/DerivedData/Telegram-Mac-fygdgghdgmuleoelvxabfmqiotta/Build/Intermediates.noindex/Sparkle.build/Debug/Sparkle.build/Objects-normal/arm64/seed.o -index-unit-output-path /Sparkle.build/Debug/Sparkle.build/Objects-normal/arm64/seed.o

PrecompileModule /Users/buddhirajgautam/Library/Developer/Xcode/DerivedData/Telegram-Mac-fygdgghdgmuleoelvxabfmqiotta/Build/Intermediates.noindex/ExplicitPrecompiledModules/_Builtin_stdint-8AZ4WVPDBCW4GG45OMR241IWP.scan
    cd /
    builtin-precompileModule /Users/buddhirajgautam/Library/Developer/Xcode/DerivedData/Telegram-Mac-fygdgghdgmuleoelvxabfmqiotta/Build/Intermediates.noindex/ExplicitPrecompiledModules/_Builtin_stdint-8AZ4WVPDBCW4GG45OMR241IWP.scan

CompileC /Users/buddhirajgautam/Library/Developer/Xcode/DerivedData/Telegram-Mac-fygdgghdgmuleoelvxabfmqiotta/Build/Intermediates.noindex/Sparkle.build/Debug/Sparkle.build/Objects-normal/arm64/seed.o /Users/buddhirajgautam/Documents/Cherrygram-Mac/macOS-Swift/submodules/Sparkle/ed25519/src/seed.c normal arm64 c com.apple.compilers.llvm.clang.1_0.compiler (in target 'Sparkle' from project 'Sparkle')
    cd /Users/buddhirajgautam/Documents/Cherrygram-Mac/macOS-Swift/submodules/Sparkle
    
    Using response file: /Users/buddhirajgautam/Library/Developer/Xcode/DerivedData/Telegram-Mac-fygdgghdgmuleoelvxabfmqiotta/Build/Intermediates.noindex/Sparkle.build/Debug/Sparkle.build/Objects-normal/arm64/7187679823f38a2a940e0043cdf9d637-common-args.resp
    
    /Applications/Xcode.app/Contents/Developer/Toolchains/XcodeDefault.xctoolchain/usr/bin/clang -x c -ivfsstatcache /Users/buddhirajgautam/Library/Developer/Xcode/DerivedData/SDKStatCaches.noindex/macosx27.0-26A425-e829b21a6f8c9b70876ba0858053c0447231f6df4def33e022ae2eb8f782df1a.sdkstatcache -target arm64-apple-macos12.0 -fmessage-length\=0 -fdiagnostics-show-note-include-stack -fmacro-backtrace-limit\=0 -fno-color-diagnostics -fmodules-prune-interval\=86400 -fmodules-prune-after\=345600 -fbuild-session-file\=/Users/buddhirajgautam/Library/Developer/Xcode/DerivedData/ModuleCache.noindex/Session.modulevalidation -fmodules-validate-once-per-build-session -Wnon-modular-include-in-framework-module -Werror\=non-modular-include-in-framework-module -Wno-trigraphs -Werror\=incompatible-pointer-types -Werror\=implicit-function-declaration -Wmissing-field-initializers -Wmissing-prototypes -Wdocumentation -Wunreachable-code -Wmissing-braces -Wparentheses -Wswitch -Wunused-function -Wunused-label -Wunused-parameter -Wunused-variable -Wunused-value -Wempty-body -Wuninitialized -Wunknown-pragmas -Wshadow -Wfour-char-constants -Wconversion -Wconstant-conversion -Wint-conversion -Wbool-conversion -Wenum-conversion -Wfloat-conversion -Wnon-literal-null-conversion -Wobjc-literal-conversion -Wassign-enum -Wsign-compare -Wshorten-64-to-32 -Wpointer-sign -Wnewline-eof -Wno-implicit-fallthrough -isysroot /Applications/Xcode.app/Contents/Developer/Platforms/MacOSX.platform/Developer/SDKs/MacOSX27.0.sdk -fstrict-aliasing -Wdeprecated-declarations -Wsign-conversion -Winfinite-recursion -Wcomma -Wblock-capture-autoreleasing -Wstrict-prototypes -Wno-semicolon-before-method-body -index-store-path /Users/buddhirajgautam/Library/Developer/Xcode/DerivedData/Telegram-Mac-fygdgghdgmuleoelvxabfmqiotta/Index.noindex/DataStore -Wall -Weverything -Wno-unused-macros -Wno-gnu-statement-expression -Wno-arc-repeated-use-of-weak -Wno-auto-import -Wno-gnu-zero-variadic-macro-arguments -Wno-custom-atomic-properties -Wno-implicit-atomic-properties @/Users/buddhirajgautam/Library/Developer/Xcode/DerivedData/Telegram-Mac-fygdgghdgmuleoelvxabfmqiotta/Build/Intermediates.noindex/Sparkle.build/Debug/Sparkle.build/Objects-normal/arm64/7187679823f38a2a940e0043cdf9d637-common-args.resp -MMD -MT dependencies -MF /Users/buddhirajgautam/Library/Developer/Xcode/DerivedData/Telegram-Mac-fygdgghdgmuleoelvxabfmqiotta/Build/Intermediates.noindex/Sparkle.build/Debug/Sparkle.build/Objects-normal/arm64/seed.d --serialize-diagnostics /Users/buddhirajgautam/Library/Developer/Xcode/DerivedData/Telegram-Mac-fygdgghdgmuleoelvxabfmqiotta/Build/Intermediates.noindex/Sparkle.build/Debug/Sparkle.build/Objects-normal/arm64/seed.dia -c /Users/buddhirajgautam/Documents/Cherrygram-Mac/macOS-Swift/submodules/Sparkle/ed25519/src/seed.c -o /Users/buddhirajgautam/Library/Developer/Xcode/DerivedData/Telegram-Mac-fygdgghdgmuleoelvxabfmqiotta/Build/Intermediates.noindex/Sparkle.build/Debug/Sparkle.build/Objects-normal/arm64/seed.o -index-unit-output-path /Sparkle.build/Debug/Sparkle.build/Objects-normal/arm64/seed.o

CompileC /Users/buddhirajgautam/Library/Developer/Xcode/DerivedData/Telegram-Mac-fygdgghdgmuleoelvxabfmqiotta/Build/Intermediates.noindex/Sparkle.build/Debug/Sparkle.build/Objects-normal/arm64/verify.o /Users/buddhirajgautam/Documents/Cherrygram-Mac/macOS-Swift/submodules/Sparkle/ed25519/src/verify.c normal arm64 c com.apple.compilers.llvm.clang.1_0.compiler (in target 'Sparkle' from project 'Sparkle')
    cd /Users/buddhirajgautam/Documents/Cherrygram-Mac/macOS-Swift/submodules/Sparkle
    
    Using response file: /Users/buddhirajgautam/Library/Developer/Xcode/DerivedData/Telegram-Mac-fygdgghdgmuleoelvxabfmqiotta/Build/Intermediates.noindex/Sparkle.build/Debug/Sparkle.build/Objects-normal/arm64/7187679823f38a2a940e0043cdf9d637-common-args.resp
    
    /Applications/Xcode.app/Contents/Developer/Toolchains/XcodeDefault.xctoolchain/usr/bin/clang -x c -ivfsstatcache /Users/buddhirajgautam/Library/Developer/Xcode/DerivedData/SDKStatCaches.noindex/macosx27.0-26A425-e829b21a6f8c9b70876ba0858053c0447231f6df4def33e022ae2eb8f782df1a.sdkstatcache -target arm64-apple-macos12.0 -fmessage-length\=0 -fdiagnostics-show-note-include-stack -fmacro-backtrace-limit\=0 -fno-color-diagnostics -fmodules-prune-interval\=86400 -fmodules-prune-after\=345600 -fbuild-session-file\=/Users/buddhirajgautam/Library/Developer/Xcode/DerivedData/ModuleCache.noindex/Session.modulevalidation -fmodules-validate-once-per-build-session -Wnon-modular-include-in-framework-module -Werror\=non-modular-include-in-framework-module -Wno-trigraphs -Werror\=incompatible-pointer-types -Werror\=implicit-function-declaration -Wmissing-field-initializers -Wmissing-prototypes -Wdocumentation -Wunreachable-code -Wmissing-braces -Wparentheses -Wswitch -Wunused-function -Wunused-label -Wunused-parameter -Wunused-variable -Wunused-value -Wempty-body -Wuninitialized -Wunknown-pragmas -Wshadow -Wfour-char-constants -Wconversion -Wconstant-conversion -Wint-conversion -Wbool-conversion -Wenum-conversion -Wfloat-conversion -Wnon-literal-null-conversion -Wobjc-literal-conversion -Wassign-enum -Wsign-compare -Wshorten-64-to-32 -Wpointer-sign -Wnewline-eof -Wno-implicit-fallthrough -isysroot /Applications/Xcode.app/Contents/Developer/Platforms/MacOSX.platform/Developer/SDKs/MacOSX27.0.sdk -fstrict-aliasing -Wdeprecated-declarations -Wsign-conversion -Winfinite-recursion -Wcomma -Wblock-capture-autoreleasing -Wstrict-prototypes -Wno-semicolon-before-method-body -index-store-path /Users/buddhirajgautam/Library/Developer/Xcode/DerivedData/Telegram-Mac-fygdgghdgmuleoelvxabfmqiotta/Index.noindex/DataStore -Wall -Weverything -Wno-unused-macros -Wno-gnu-statement-expression -Wno-arc-repeated-use-of-weak -Wno-auto-import -Wno-gnu-zero-variadic-macro-arguments -Wno-custom-atomic-properties -Wno-implicit-atomic-properties @/Users/buddhirajgautam/Library/Developer/Xcode/DerivedData/Telegram-Mac-fygdgghdgmuleoelvxabfmqiotta/Build/Intermediates.noindex/Sparkle.build/Debug/Sparkle.build/Objects-normal/arm64/7187679823f38a2a940e0043cdf9d637-common-args.resp -MMD -MT dependencies -MF /Users/buddhirajgautam/Library/Developer/Xcode/DerivedData/Telegram-Mac-fygdgghdgmuleoelvxabfmqiotta/Build/Intermediates.noindex/Sparkle.build/Debug/Sparkle.build/Objects-normal/arm64/verify.d --serialize-diagnostics /Users/buddhirajgautam/Library/Developer/Xcode/DerivedData/Telegram-Mac-fygdgghdgmuleoelvxabfmqiotta/Build/Intermediates.noindex/Sparkle.build/Debug/Sparkle.build/Objects-normal/arm64/verify.dia -c /Users/buddhirajgautam/Documents/Cherrygram-Mac/macOS-Swift/submodules/Sparkle/ed25519/src/verify.c -o /Users/buddhirajgautam/Library/Developer/Xcode/DerivedData/Telegram-Mac-fygdgghdgmuleoelvxabfmqiotta/Build/Intermediates.noindex/Sparkle.build/Debug/Sparkle.build/Objects-normal/arm64/verify.o -index-unit-output-path /Sparkle.build/Debug/Sparkle.build/Objects-normal/arm64/verify.o

CompileC /Users/buddhirajgautam/Library/Developer/Xcode/DerivedData/Telegram-Mac-fygdgghdgmuleoelvxabfmqiotta/Build/Intermediates.noindex/Sparkle.build/Debug/Sparkle.build/Objects-normal/arm64/sign.o /Users/buddhirajgautam/Documents/Cherrygram-Mac/macOS-Swift/submodules/Sparkle/ed25519/src/sign.c normal arm64 c com.apple.compilers.llvm.clang.1_0.compiler (in target 'Sparkle' from project 'Sparkle')
    cd /Users/buddhirajgautam/Documents/Cherrygram-Mac/macOS-Swift/submodules/Sparkle
    
    Using response file: /Users/buddhirajgautam/Library/Developer/Xcode/DerivedData/Telegram-Mac-fygdgghdgmuleoelvxabfmqiotta/Build/Intermediates.noindex/Sparkle.build/Debug/Sparkle.build/Objects-normal/arm64/7187679823f38a2a940e0043cdf9d637-common-args.resp
    
    /Applications/Xcode.app/Contents/Developer/Toolchains/XcodeDefault.xctoolchain/usr/bin/clang -x c -ivfsstatcache /Users/buddhirajgautam/Library/Developer/Xcode/DerivedData/SDKStatCaches.noindex/macosx27.0-26A425-e829b21a6f8c9b70876ba0858053c0447231f6df4def33e022ae2eb8f782df1a.sdkstatcache -target arm64-apple-macos12.0 -fmessage-length\=0 -fdiagnostics-show-note-include-stack -fmacro-backtrace-limit\=0 -fno-color-diagnostics -fmodules-prune-interval\=86400 -fmodules-prune-after\=345600 -fbuild-session-file\=/Users/buddhirajgautam/Library/Developer/Xcode/DerivedData/ModuleCache.noindex/Session.modulevalidation -fmodules-validate-once-per-build-session -Wnon-modular-include-in-framework-module -Werror\=non-modular-include-in-framework-module -Wno-trigraphs -Werror\=incompatible-pointer-types -Werror\=implicit-function-declaration -Wmissing-field-initializers -Wmissing-prototypes -Wdocumentation -Wunreachable-code -Wmissing-braces -Wparentheses -Wswitch -Wunused-function -Wunused-label -Wunused-parameter -Wunused-variable -Wunused-value -Wempty-body -Wuninitialized -Wunknown-pragmas -Wshadow -Wfour-char-constants -Wconversion -Wconstant-conversion -Wint-conversion -Wbool-conversion -Wenum-conversion -Wfloat-conversion -Wnon-literal-null-conversion -Wobjc-literal-conversion -Wassign-enum -Wsign-compare -Wshorten-64-to-32 -Wpointer-sign -Wnewline-eof -Wno-implicit-fallthrough -isysroot /Applications/Xcode.app/Contents/Developer/Platforms/MacOSX.platform/Developer/SDKs/MacOSX27.0.sdk -fstrict-aliasing -Wdeprecated-declarations -Wsign-conversion -Winfinite-recursion -Wcomma -Wblock-capture-autoreleasing -Wstrict-prototypes -Wno-semicolon-before-method-body -index-store-path /Users/buddhirajgautam/Library/Developer/Xcode/DerivedData/Telegram-Mac-fygdgghdgmuleoelvxabfmqiotta/Index.noindex/DataStore -Wall -Weverything -Wno-unused-macros -Wno-gnu-statement-expression -Wno-arc-repeated-use-of-weak -Wno-auto-import -Wno-gnu-zero-variadic-macro-arguments -Wno-custom-atomic-properties -Wno-implicit-atomic-properties @/Users/buddhirajgautam/Library/Developer/Xcode/DerivedData/Telegram-Mac-fygdgghdgmuleoelvxabfmqiotta/Build/Intermediates.noindex/Sparkle.build/Debug/Sparkle.build/Objects-normal/arm64/7187679823f38a2a940e0043cdf9d637-common-args.resp -MMD -MT dependencies -MF /Users/buddhirajgautam/Library/Developer/Xcode/DerivedData/Telegram-Mac-fygdgghdgmuleoelvxabfmqiotta/Build/Intermediates.noindex/Sparkle.build/Debug/Sparkle.build/Objects-normal/arm64/sign.d --serialize-diagnostics /Users/buddhirajgautam/Library/Developer/Xcode/DerivedData/Telegram-Mac-fygdgghdgmuleoelvxabfmqiotta/Build/Intermediates.noindex/Sparkle.build/Debug/Sparkle.build/Objects-normal/arm64/sign.dia -c /Users/buddhirajgautam/Documents/Cherrygram-Mac/macOS-Swift/submodules/Sparkle/ed25519/src/sign.c -o /Users/buddhirajgautam/Library/Developer/Xcode/DerivedData/Telegram-Mac-fygdgghdgmuleoelvxabfmqiotta/Build/Intermediates.noindex/Sparkle.build/Debug/Sparkle.build/Objects-normal/arm64/sign.o -index-unit-output-path /Sparkle.build/Debug/Sparkle.build/Objects-normal/arm64/sign.o

CompileC /Users/buddhirajgautam/Library/Developer/Xcode/DerivedData/Telegram-Mac-fygdgghdgmuleoelvxabfmqiotta/Build/Intermediates.noindex/Sparkle.build/Debug/Sparkle.build/Objects-normal/arm64/sha512.o /Users/buddhirajgautam/Documents/Cherrygram-Mac/macOS-Swift/submodules/Sparkle/ed25519/src/sha512.c normal arm64 c com.apple.compilers.llvm.clang.1_0.compiler (in target 'Sparkle' from project 'Sparkle')
    cd /Users/buddhirajgautam/Documents/Cherrygram-Mac/macOS-Swift/submodules/Sparkle
    
    Using response file: /Users/buddhirajgautam/Library/Developer/Xcode/DerivedData/Telegram-Mac-fygdgghdgmuleoelvxabfmqiotta/Build/Intermediates.noindex/Sparkle.build/Debug/Sparkle.build/Objects-normal/arm64/7187679823f38a2a940e0043cdf9d637-common-args.resp
    
    /Applications/Xcode.app/Contents/Developer/Toolchains/XcodeDefault.xctoolchain/usr/bin/clang -x c -ivfsstatcache /Users/buddhirajgautam/Library/Developer/Xcode/DerivedData/SDKStatCaches.noindex/macosx27.0-26A425-e829b21a6f8c9b70876ba0858053c0447231f6df4def33e022ae2eb8f782df1a.sdkstatcache -target arm64-apple-macos12.0 -fmessage-length\=0 -fdiagnostics-show-note-include-stack -fmacro-backtrace-limit\=0 -fno-color-diagnostics -fmodules-prune-interval\=86400 -fmodules-prune-after\=345600 -fbuild-session-file\=/Users/buddhirajgautam/Library/Developer/Xcode/DerivedData/ModuleCache.noindex/Session.modulevalidation -fmodules-validate-once-per-build-session -Wnon-modular-include-in-framework-module -Werror\=non-modular-include-in-framework-module -Wno-trigraphs -Werror\=incompatible-pointer-types -Werror\=implicit-function-declaration -Wmissing-field-initializers -Wmissing-prototypes -Wdocumentation -Wunreachable-code -Wmissing-braces -Wparentheses -Wswitch -Wunused-function -Wunused-label -Wunused-parameter -Wunused-variable -Wunused-value -Wempty-body -Wuninitialized -Wunknown-pragmas -Wshadow -Wfour-char-constants -Wconversion -Wconstant-conversion -Wint-conversion -Wbool-conversion -Wenum-conversion -Wfloat-conversion -Wnon-literal-null-conversion -Wobjc-literal-conversion -Wassign-enum -Wsign-compare -Wshorten-64-to-32 -Wpointer-sign -Wnewline-eof -Wno-implicit-fallthrough -isysroot /Applications/Xcode.app/Contents/Developer/Platforms/MacOSX.platform/Developer/SDKs/MacOSX27.0.sdk -fstrict-aliasing -Wdeprecated-declarations -Wsign-conversion -Winfinite-recursion -Wcomma -Wblock-capture-autoreleasing -Wstrict-prototypes -Wno-semicolon-before-method-body -index-store-path /Users/buddhirajgautam/Library/Developer/Xcode/DerivedData/Telegram-Mac-fygdgghdgmuleoelvxabfmqiotta/Index.noindex/DataStore -Wall -Weverything -Wno-unused-macros -Wno-gnu-statement-expression -Wno-arc-repeated-use-of-weak -Wno-auto-import -Wno-gnu-zero-variadic-macro-arguments -Wno-custom-atomic-properties -Wno-implicit-atomic-properties @/Users/buddhirajgautam/Library/Developer/Xcode/DerivedData/Telegram-Mac-fygdgghdgmuleoelvxabfmqiotta/Build/Intermediates.noindex/Sparkle.build/Debug/Sparkle.build/Objects-normal/arm64/7187679823f38a2a940e0043cdf9d637-common-args.resp -MMD -MT dependencies -MF /Users/buddhirajgautam/Library/Developer/Xcode/DerivedData/Telegram-Mac-fygdgghdgmuleoelvxabfmqiotta/Build/Intermediates.noindex/Sparkle.build/Debug/Sparkle.build/Objects-normal/arm64/sha512.d --serialize-diagnostics /Users/buddhirajgautam/Library/Developer/Xcode/DerivedData/Telegram-Mac-fygdgghdgmuleoelvxabfmqiotta/Build/Intermediates.noindex/Sparkle.build/Debug/Sparkle.build/Objects-normal/arm64/sha512.dia -c /Users/buddhirajgautam/Documents/Cherrygram-Mac/macOS-Swift/submodules/Sparkle/ed25519/src/sha512.c -o /Users/buddhirajgautam/Library/Developer/Xcode/DerivedData/Telegram-Mac-fygdgghdgmuleoelvxabfmqiotta/Build/Intermediates.noindex/Sparkle.build/Debug/Sparkle.build/Objects-normal/arm64/sha512.o -index-unit-output-path /Sparkle.build/Debug/Sparkle.build/Objects-normal/arm64/sha512.o
/Users/buddhirajgautam/Documents/Cherrygram-Mac/macOS-Swift/submodules/Sparkle/ed25519/src/sha512.c:103:35: warning: empty expression statement has no effect; remove unnecessary ';' to silence this warning [-Wextra-semi-stmt]
  103 |         LOAD64H(W[i], buf + (8*i));
      |                                   ^
/Users/buddhirajgautam/Documents/Cherrygram-Mac/macOS-Swift/submodules/Sparkle/ed25519/src/sha512.c:119:56: warning: empty expression statement has no effect; remove unnecessary ';' to silence this warning [-Wextra-semi-stmt]
  119 |        RND(S[0],S[1],S[2],S[3],S[4],S[5],S[6],S[7],i+0);
      |                                                        ^
/Users/buddhirajgautam/Documents/Cherrygram-Mac/macOS-Swift/submodules/Sparkle/ed25519/src/sha512.c:120:56: warning: empty expression statement has no effect; remove unnecessary ';' to silence this warning [-Wextra-semi-stmt]
  120 |        RND(S[7],S[0],S[1],S[2],S[3],S[4],S[5],S[6],i+1);
      |                                                        ^
/Users/buddhirajgautam/Documents/Cherrygram-Mac/macOS-Swift/submodules/Sparkle/ed25519/src/sha512.c:121:56: warning: empty expression statement has no effect; remove unnecessary ';' to silence this warning [-Wextra-semi-stmt]
  121 |        RND(S[6],S[7],S[0],S[1],S[2],S[3],S[4],S[5],i+2);
      |                                                        ^
/Users/buddhirajgautam/Documents/Cherrygram-Mac/macOS-Swift/submodules/Sparkle/ed25519/src/sha512.c:122:56: warning: empty expression statement has no effect; remove unnecessary ';' to silence this warning [-Wextra-semi-stmt]
  122 |        RND(S[5],S[6],S[7],S[0],S[1],S[2],S[3],S[4],i+3);
      |                                                        ^
/Users/buddhirajgautam/Documents/Cherrygram-Mac/macOS-Swift/submodules/Sparkle/ed25519/src/sha512.c:123:56: warning: empty expression statement has no effect; remove unnecessary ';' to silence this warning [-Wextra-semi-stmt]
  123 |        RND(S[4],S[5],S[6],S[7],S[0],S[1],S[2],S[3],i+4);
      |                                                        ^
/Users/buddhirajgautam/Documents/Cherrygram-Mac/macOS-Swift/submodules/Sparkle/ed25519/src/sha512.c:124:56: warning: empty expression statement has no effect; remove unnecessary ';' to silence this warning [-Wextra-semi-stmt]
  124 |        RND(S[3],S[4],S[5],S[6],S[7],S[0],S[1],S[2],i+5);
      |                                                        ^
/Users/buddhirajgautam/Documents/Cherrygram-Mac/macOS-Swift/submodules/Sparkle/ed25519/src/sha512.c:125:56: warning: empty expression statement has no effect; remove unnecessary ';' to silence this warning [-Wextra-semi-stmt]
  125 |        RND(S[2],S[3],S[4],S[5],S[6],S[7],S[0],S[1],i+6);
      |                                                        ^
/Users/buddhirajgautam/Documents/Cherrygram-Mac/macOS-Swift/submodules/Sparkle/ed25519/src/sha512.c:126:56: warning: empty expression statement has no effect; remove unnecessary ';' to silence this warning [-Wextra-semi-stmt]
  126 |        RND(S[1],S[2],S[3],S[4],S[5],S[6],S[7],S[0],i+7);
      |                                                        ^
/Users/buddhirajgautam/Documents/Cherrygram-Mac/macOS-Swift/submodules/Sparkle/ed25519/src/sha512.c:183:61: warning: cast from 'const unsigned char *' to 'unsigned char *' drops const qualifier [-Wcast-qual]
  183 |            if ((err = sha512_compress (md, (unsigned char *)in)) != 0) {               
      |                                                             ^
/Users/buddhirajgautam/Documents/Cherrygram-Mac/macOS-Swift/submodules/Sparkle/ed25519/src/sha512.c:256:34: warning: empty expression statement has no effect; remove unnecessary ';' to silence this warning [-Wextra-semi-stmt]
  256 | STORE64H(md->length, md->buf+120);
      |                                  ^
/Users/buddhirajgautam/Documents/Cherrygram-Mac/macOS-Swift/submodules/Sparkle/ed25519/src/sha512.c:261:38: warning: empty expression statement has no effect; remove unnecessary ';' to silence this warning [-Wextra-semi-stmt]
  261 |     STORE64H(md->state[i], out+(8*i));
      |                                      ^
12 warnings generated.

ScanDependencies /Users/buddhirajgautam/Library/Developer/Xcode/DerivedData/Telegram-Mac-fygdgghdgmuleoelvxabfmqiotta/Build/Intermediates.noindex/Sparkle.build/Debug/Sparkle.build/Objects-normal/arm64/sc.o /Users/buddhirajgautam/Documents/Cherrygram-Mac/macOS-Swift/submodules/Sparkle/ed25519/src/sc.c normal arm64 c com.apple.compilers.llvm.clang.1_0.compiler (in target 'Sparkle' from project 'Sparkle')
    cd /Users/buddhirajgautam/Documents/Cherrygram-Mac/macOS-Swift/submodules/Sparkle
    
    Using response file: /Users/buddhirajgautam/Library/Developer/Xcode/DerivedData/Telegram-Mac-fygdgghdgmuleoelvxabfmqiotta/Build/Intermediates.noindex/Sparkle.build/Debug/Sparkle.build/Objects-normal/arm64/7187679823f38a2a940e0043cdf9d637-common-args.resp
    
    builtin-ScanDependencies -o /Users/buddhirajgautam/Library/Developer/Xcode/DerivedData/Telegram-Mac-fygdgghdgmuleoelvxabfmqiotta/Build/Intermediates.noindex/Sparkle.build/Debug/Sparkle.build/Objects-normal/arm64/sc.o.scan -- /Applications/Xcode.app/Contents/Developer/Toolchains/XcodeDefault.xctoolchain/usr/bin/clang -x c -ivfsstatcache /Users/buddhirajgautam/Library/Developer/Xcode/DerivedData/SDKStatCaches.noindex/macosx27.0-26A425-e829b21a6f8c9b70876ba0858053c0447231f6df4def33e022ae2eb8f782df1a.sdkstatcache -target arm64-apple-macos12.0 -fmessage-length\=0 -fdiagnostics-show-note-include-stack -fmacro-backtrace-limit\=0 -fno-color-diagnostics -fmodules-prune-interval\=86400 -fmodules-prune-after\=345600 -fbuild-session-file\=/Users/buddhirajgautam/Library/Developer/Xcode/DerivedData/ModuleCache.noindex/Session.modulevalidation -fmodules-validate-once-per-build-session -Wnon-modular-include-in-framework-module -Werror\=non-modular-include-in-framework-module -Wno-trigraphs -Werror\=incompatible-pointer-types -Werror\=implicit-function-declaration -Wmissing-field-initializers -Wmissing-prototypes -Wdocumentation -Wunreachable-code -Wmissing-braces -Wparentheses -Wswitch -Wunused-function -Wunused-label -Wunused-parameter -Wunused-variable -Wunused-value -Wempty-body -Wuninitialized -Wunknown-pragmas -Wshadow -Wfour-char-constants -Wconversion -Wconstant-conversion -Wint-conversion -Wbool-conversion -Wenum-conversion -Wfloat-conversion -Wnon-literal-null-conversion -Wobjc-literal-conversion -Wassign-enum -Wsign-compare -Wshorten-64-to-32 -Wpointer-sign -Wnewline-eof -Wno-implicit-fallthrough -isysroot /Applications/Xcode.app/Contents/Developer/Platforms/MacOSX.platform/Developer/SDKs/MacOSX27.0.sdk -fstrict-aliasing -Wdeprecated-declarations -Wsign-conversion -Winfinite-recursion -Wcomma -Wblock-capture-autoreleasing -Wstrict-prototypes -Wno-semicolon-before-method-body -index-store-path /Users/buddhirajgautam/Library/Developer/Xcode/DerivedData/Telegram-Mac-fygdgghdgmuleoelvxabfmqiotta/Index.noindex/DataStore -Wall -Weverything -Wno-unused-macros -Wno-gnu-statement-expression -Wno-arc-repeated-use-of-weak -Wno-auto-import -Wno-gnu-zero-variadic-macro-arguments -Wno-custom-atomic-properties -Wno-implicit-atomic-properties @/Users/buddhirajgautam/Library/Developer/Xcode/DerivedData/Telegram-Mac-fygdgghdgmuleoelvxabfmqiotta/Build/Intermediates.noindex/Sparkle.build/Debug/Sparkle.build/Objects-normal/arm64/7187679823f38a2a940e0043cdf9d637-common-args.resp -MMD -MT dependencies -MF /Users/buddhirajgautam/Library/Developer/Xcode/DerivedData/Telegram-Mac-fygdgghdgmuleoelvxabfmqiotta/Build/Intermediates.noindex/Sparkle.build/Debug/Sparkle.build/Objects-normal/arm64/sc.d --serialize-diagnostics /Users/buddhirajgautam/Library/Developer/Xcode/DerivedData/Telegram-Mac-fygdgghdgmuleoelvxabfmqiotta/Build/Intermediates.noindex/Sparkle.build/Debug/Sparkle.build/Objects-normal/arm64/sc.dia -c /Users/buddhirajgautam/Documents/Cherrygram-Mac/macOS-Swift/submodules/Sparkle/ed25519/src/sc.c -o /Users/buddhirajgautam/Library/Developer/Xcode/DerivedData/Telegram-Mac-fygdgghdgmuleoelvxabfmqiotta/Build/Intermediates.noindex/Sparkle.build/Debug/Sparkle.build/Objects-normal/arm64/sc.o -index-unit-output-path /Sparkle.build/Debug/Sparkle.build/Objects-normal/arm64/sc.o

ScanDependencies /Users/buddhirajgautam/Library/Developer/Xcode/DerivedData/Telegram-Mac-fygdgghdgmuleoelvxabfmqiotta/Build/Intermediates.noindex/Sparkle.build/Debug/Sparkle.build/Objects-normal/arm64/keypair.o /Users/buddhirajgautam/Documents/Cherrygram-Mac/macOS-Swift/submodules/Sparkle/ed25519/src/keypair.c normal arm64 c com.apple.compilers.llvm.clang.1_0.compiler (in target 'Sparkle' from project 'Sparkle')
    cd /Users/buddhirajgautam/Documents/Cherrygram-Mac/macOS-Swift/submodules/Sparkle
    
    Using response file: /Users/buddhirajgautam/Library/Developer/Xcode/DerivedData/Telegram-Mac-fygdgghdgmuleoelvxabfmqiotta/Build/Intermediates.noindex/Sparkle.build/Debug/Sparkle.build/Objects-normal/arm64/7187679823f38a2a940e0043cdf9d637-common-args.resp
    
    builtin-ScanDependencies -o /Users/buddhirajgautam/Library/Developer/Xcode/DerivedData/Telegram-Mac-fygdgghdgmuleoelvxabfmqiotta/Build/Intermediates.noindex/Sparkle.build/Debug/Sparkle.build/Objects-normal/arm64/keypair.o.scan -- /Applications/Xcode.app/Contents/Developer/Toolchains/XcodeDefault.xctoolchain/usr/bin/clang -x c -ivfsstatcache /Users/buddhirajgautam/Library/Developer/Xcode/DerivedData/SDKStatCaches.noindex/macosx27.0-26A425-e829b21a6f8c9b70876ba0858053c0447231f6df4def33e022ae2eb8f782df1a.sdkstatcache -target arm64-apple-macos12.0 -fmessage-length\=0 -fdiagnostics-show-note-include-stack -fmacro-backtrace-limit\=0 -fno-color-diagnostics -fmodules-prune-interval\=86400 -fmodules-prune-after\=345600 -fbuild-session-file\=/Users/buddhirajgautam/Library/Developer/Xcode/DerivedData/ModuleCache.noindex/Session.modulevalidation -fmodules-validate-once-per-build-session -Wnon-modular-include-in-framework-module -Werror\=non-modular-include-in-framework-module -Wno-trigraphs -Werror\=incompatible-pointer-types -Werror\=implicit-function-declaration -Wmissing-field-initializers -Wmissing-prototypes -Wdocumentation -Wunreachable-code -Wmissing-braces -Wparentheses -Wswitch -Wunused-function -Wunused-label -Wunused-parameter -Wunused-variable -Wunused-value -Wempty-body -Wuninitialized -Wunknown-pragmas -Wshadow -Wfour-char-constants -Wconversion -Wconstant-conversion -Wint-conversion -Wbool-conversion -Wenum-conversion -Wfloat-conversion -Wnon-literal-null-conversion -Wobjc-literal-conversion -Wassign-enum -Wsign-compare -Wshorten-64-to-32 -Wpointer-sign -Wnewline-eof -Wno-implicit-fallthrough -isysroot /Applications/Xcode.app/Contents/Developer/Platforms/MacOSX.platform/Developer/SDKs/MacOSX27.0.sdk -fstrict-aliasing -Wdeprecated-declarations -Wsign-conversion -Winfinite-recursion -Wcomma -Wblock-capture-autoreleasing -Wstrict-prototypes -Wno-semicolon-before-method-body -index-store-path /Users/buddhirajgautam/Library/Developer/Xcode/DerivedData/Telegram-Mac-fygdgghdgmuleoelvxabfmqiotta/Index.noindex/DataStore -Wall -Weverything -Wno-unused-macros -Wno-gnu-statement-expression -Wno-arc-repeated-use-of-weak -Wno-auto-import -Wno-gnu-zero-variadic-macro-arguments -Wno-custom-atomic-properties -Wno-implicit-atomic-properties @/Users/buddhirajgautam/Library/Developer/Xcode/DerivedData/Telegram-Mac-fygdgghdgmuleoelvxabfmqiotta/Build/Intermediates.noindex/Sparkle.build/Debug/Sparkle.build/Objects-normal/arm64/7187679823f38a2a940e0043cdf9d637-common-args.resp -MMD -MT dependencies -MF /Users/buddhirajgautam/Library/Developer/Xcode/DerivedData/Telegram-Mac-fygdgghdgmuleoelvxabfmqiotta/Build/Intermediates.noindex/Sparkle.build/Debug/Sparkle.build/Objects-normal/arm64/keypair.d --serialize-diagnostics /Users/buddhirajgautam/Library/Developer/Xcode/DerivedData/Telegram-Mac-fygdgghdgmuleoelvxabfmqiotta/Build/Intermediates.noindex/Sparkle.build/Debug/Sparkle.build/Objects-normal/arm64/keypair.dia -c /Users/buddhirajgautam/Documents/Cherrygram-Mac/macOS-Swift/submodules/Sparkle/ed25519/src/keypair.c -o /Users/buddhirajgautam/Library/Developer/Xcode/DerivedData/Telegram-Mac-fygdgghdgmuleoelvxabfmqiotta/Build/Intermediates.noindex/Sparkle.build/Debug/Sparkle.build/Objects-normal/arm64/keypair.o -index-unit-output-path /Sparkle.build/Debug/Sparkle.build/Objects-normal/arm64/keypair.o

CompileC /Users/buddhirajgautam/Library/Developer/Xcode/DerivedData/Telegram-Mac-fygdgghdgmuleoelvxabfmqiotta/Build/Intermediates.noindex/Sparkle.build/Debug/Sparkle.build/Objects-normal/arm64/sc.o /Users/buddhirajgautam/Documents/Cherrygram-Mac/macOS-Swift/submodules/Sparkle/ed25519/src/sc.c normal arm64 c com.apple.compilers.llvm.clang.1_0.compiler (in target 'Sparkle' from project 'Sparkle')
    cd /Users/buddhirajgautam/Documents/Cherrygram-Mac/macOS-Swift/submodules/Sparkle
    
    Using response file: /Users/buddhirajgautam/Library/Developer/Xcode/DerivedData/Telegram-Mac-fygdgghdgmuleoelvxabfmqiotta/Build/Intermediates.noindex/Sparkle.build/Debug/Sparkle.build/Objects-normal/arm64/7187679823f38a2a940e0043cdf9d637-common-args.resp
    
    /Applications/Xcode.app/Contents/Developer/Toolchains/XcodeDefault.xctoolchain/usr/bin/clang -x c -ivfsstatcache /Users/buddhirajgautam/Library/Developer/Xcode/DerivedData/SDKStatCaches.noindex/macosx27.0-26A425-e829b21a6f8c9b70876ba0858053c0447231f6df4def33e022ae2eb8f782df1a.sdkstatcache -target arm64-apple-macos12.0 -fmessage-length\=0 -fdiagnostics-show-note-include-stack -fmacro-backtrace-limit\=0 -fno-color-diagnostics -fmodules-prune-interval\=86400 -fmodules-prune-after\=345600 -fbuild-session-file\=/Users/buddhirajgautam/Library/Developer/Xcode/DerivedData/ModuleCache.noindex/Session.modulevalidation -fmodules-validate-once-per-build-session -Wnon-modular-include-in-framework-module -Werror\=non-modular-include-in-framework-module -Wno-trigraphs -Werror\=incompatible-pointer-types -Werror\=implicit-function-declaration -Wmissing-field-initializers -Wmissing-prototypes -Wdocumentation -Wunreachable-code -Wmissing-braces -Wparentheses -Wswitch -Wunused-function -Wunused-label -Wunused-parameter -Wunused-variable -Wunused-value -Wempty-body -Wuninitialized -Wunknown-pragmas -Wshadow -Wfour-char-constants -Wconversion -Wconstant-conversion -Wint-conversion -Wbool-conversion -Wenum-conversion -Wfloat-conversion -Wnon-literal-null-conversion -Wobjc-literal-conversion -Wassign-enum -Wsign-compare -Wshorten-64-to-32 -Wpointer-sign -Wnewline-eof -Wno-implicit-fallthrough -isysroot /Applications/Xcode.app/Contents/Developer/Platforms/MacOSX.platform/Developer/SDKs/MacOSX27.0.sdk -fstrict-aliasing -Wdeprecated-declarations -Wsign-conversion -Winfinite-recursion -Wcomma -Wblock-capture-autoreleasing -Wstrict-prototypes -Wno-semicolon-before-method-body -index-store-path /Users/buddhirajgautam/Library/Developer/Xcode/DerivedData/Telegram-Mac-fygdgghdgmuleoelvxabfmqiotta/Index.noindex/DataStore -Wall -Weverything -Wno-unused-macros -Wno-gnu-statement-expression -Wno-arc-repeated-use-of-weak -Wno-auto-import -Wno-gnu-zero-variadic-macro-arguments -Wno-custom-atomic-properties -Wno-implicit-atomic-properties @/Users/buddhirajgautam/Library/Developer/Xcode/DerivedData/Telegram-Mac-fygdgghdgmuleoelvxabfmqiotta/Build/Intermediates.noindex/Sparkle.build/Debug/Sparkle.build/Objects-normal/arm64/7187679823f38a2a940e0043cdf9d637-common-args.resp -MMD -MT dependencies -MF /Users/buddhirajgautam/Library/Developer/Xcode/DerivedData/Telegram-Mac-fygdgghdgmuleoelvxabfmqiotta/Build/Intermediates.noindex/Sparkle.build/Debug/Sparkle.build/Objects-normal/arm64/sc.d --serialize-diagnostics /Users/buddhirajgautam/Library/Developer/Xcode/DerivedData/Telegram-Mac-fygdgghdgmuleoelvxabfmqiotta/Build/Intermediates.noindex/Sparkle.build/Debug/Sparkle.build/Objects-normal/arm64/sc.dia -c /Users/buddhirajgautam/Documents/Cherrygram-Mac/macOS-Swift/submodules/Sparkle/ed25519/src/sc.c -o /Users/buddhirajgautam/Library/Developer/Xcode/DerivedData/Telegram-Mac-fygdgghdgmuleoelvxabfmqiotta/Build/Intermediates.noindex/Sparkle.build/Debug/Sparkle.build/Objects-normal/arm64/sc.o -index-unit-output-path /Sparkle.build/Debug/Sparkle.build/Objects-normal/arm64/sc.o

CompileC /Users/buddhirajgautam/Library/Developer/Xcode/DerivedData/Telegram-Mac-fygdgghdgmuleoelvxabfmqiotta/Build/Intermediates.noindex/Sparkle.build/Debug/Sparkle.build/Objects-normal/arm64/keypair.o /Users/buddhirajgautam/Documents/Cherrygram-Mac/macOS-Swift/submodules/Sparkle/ed25519/src/keypair.c normal arm64 c com.apple.compilers.llvm.clang.1_0.compiler (in target 'Sparkle' from project 'Sparkle')
    cd /Users/buddhirajgautam/Documents/Cherrygram-Mac/macOS-Swift/submodules/Sparkle
    
    Using response file: /Users/buddhirajgautam/Library/Developer/Xcode/DerivedData/Telegram-Mac-fygdgghdgmuleoelvxabfmqiotta/Build/Intermediates.noindex/Sparkle.build/Debug/Sparkle.build/Objects-normal/arm64/7187679823f38a2a940e0043cdf9d637-common-args.resp
    
    /Applications/Xcode.app/Contents/Developer/Toolchains/XcodeDefault.xctoolchain/usr/bin/clang -x c -ivfsstatcache /Users/buddhirajgautam/Library/Developer/Xcode/DerivedData/SDKStatCaches.noindex/macosx27.0-26A425-e829b21a6f8c9b70876ba0858053c0447231f6df4def33e022ae2eb8f782df1a.sdkstatcache -target arm64-apple-macos12.0 -fmessage-length\=0 -fdiagnostics-show-note-include-stack -fmacro-backtrace-limit\=0 -fno-color-diagnostics -fmodules-prune-interval\=86400 -fmodules-prune-after\=345600 -fbuild-session-file\=/Users/buddhirajgautam/Library/Developer/Xcode/DerivedData/ModuleCache.noindex/Session.modulevalidation -fmodules-validate-once-per-build-session -Wnon-modular-include-in-framework-module -Werror\=non-modular-include-in-framework-module -Wno-trigraphs -Werror\=incompatible-pointer-types -Werror\=implicit-function-declaration -Wmissing-field-initializers -Wmissing-prototypes -Wdocumentation -Wunreachable-code -Wmissing-braces -Wparentheses -Wswitch -Wunused-function -Wunused-label -Wunused-parameter -Wunused-variable -Wunused-value -Wempty-body -Wuninitialized -Wunknown-pragmas -Wshadow -Wfour-char-constants -Wconversion -Wconstant-conversion -Wint-conversion -Wbool-conversion -Wenum-conversion -Wfloat-conversion -Wnon-literal-null-conversion -Wobjc-literal-conversion -Wassign-enum -Wsign-compare -Wshorten-64-to-32 -Wpointer-sign -Wnewline-eof -Wno-implicit-fallthrough -isysroot /Applications/Xcode.app/Contents/Developer/Platforms/MacOSX.platform/Developer/SDKs/MacOSX27.0.sdk -fstrict-aliasing -Wdeprecated-declarations -Wsign-conversion -Winfinite-recursion -Wcomma -Wblock-capture-autoreleasing -Wstrict-prototypes -Wno-semicolon-before-method-body -index-store-path /Users/buddhirajgautam/Library/Developer/Xcode/DerivedData/Telegram-Mac-fygdgghdgmuleoelvxabfmqiotta/Index.noindex/DataStore -Wall -Weverything -Wno-unused-macros -Wno-gnu-statement-expression -Wno-arc-repeated-use-of-weak -Wno-auto-import -Wno-gnu-zero-variadic-macro-arguments -Wno-custom-atomic-properties -Wno-implicit-atomic-properties @/Users/buddhirajgautam/Library/Developer/Xcode/DerivedData/Telegram-Mac-fygdgghdgmuleoelvxabfmqiotta/Build/Intermediates.noindex/Sparkle.build/Debug/Sparkle.build/Objects-normal/arm64/7187679823f38a2a940e0043cdf9d637-common-args.resp -MMD -MT dependencies -MF /Users/buddhirajgautam/Library/Developer/Xcode/DerivedData/Telegram-Mac-fygdgghdgmuleoelvxabfmqiotta/Build/Intermediates.noindex/Sparkle.build/Debug/Sparkle.build/Objects-normal/arm64/keypair.d --serialize-diagnostics /Users/buddhirajgautam/Library/Developer/Xcode/DerivedData/Telegram-Mac-fygdgghdgmuleoelvxabfmqiotta/Build/Intermediates.noindex/Sparkle.build/Debug/Sparkle.build/Objects-normal/arm64/keypair.dia -c /Users/buddhirajgautam/Documents/Cherrygram-Mac/macOS-Swift/submodules/Sparkle/ed25519/src/keypair.c -o /Users/buddhirajgautam/Library/Developer/Xcode/DerivedData/Telegram-Mac-fygdgghdgmuleoelvxabfmqiotta/Build/Intermediates.noindex/Sparkle.build/Debug/Sparkle.build/Objects-normal/arm64/keypair.o -index-unit-output-path /Sparkle.build/Debug/Sparkle.build/Objects-normal/arm64/keypair.o

ScanDependencies /Users/buddhirajgautam/Library/Developer/Xcode/DerivedData/Telegram-Mac-fygdgghdgmuleoelvxabfmqiotta/Build/Intermediates.noindex/Sparkle.build/Debug/Sparkle.build/Objects-normal/arm64/key_exchange.o /Users/buddhirajgautam/Documents/Cherrygram-Mac/macOS-Swift/submodules/Sparkle/ed25519/src/key_exchange.c normal arm64 c com.apple.compilers.llvm.clang.1_0.compiler (in target 'Sparkle' from project 'Sparkle')
    cd /Users/buddhirajgautam/Documents/Cherrygram-Mac/macOS-Swift/submodules/Sparkle
    
    Using response file: /Users/buddhirajgautam/Library/Developer/Xcode/DerivedData/Telegram-Mac-fygdgghdgmuleoelvxabfmqiotta/Build/Intermediates.noindex/Sparkle.build/Debug/Sparkle.build/Objects-normal/arm64/7187679823f38a2a940e0043cdf9d637-common-args.resp
    
    builtin-ScanDependencies -o /Users/buddhirajgautam/Library/Developer/Xcode/DerivedData/Telegram-Mac-fygdgghdgmuleoelvxabfmqiotta/Build/Intermediates.noindex/Sparkle.build/Debug/Sparkle.build/Objects-normal/arm64/key_exchange.o.scan -- /Applications/Xcode.app/Contents/Developer/Toolchains/XcodeDefault.xctoolchain/usr/bin/clang -x c -ivfsstatcache /Users/buddhirajgautam/Library/Developer/Xcode/DerivedData/SDKStatCaches.noindex/macosx27.0-26A425-e829b21a6f8c9b70876ba0858053c0447231f6df4def33e022ae2eb8f782df1a.sdkstatcache -target arm64-apple-macos12.0 -fmessage-length\=0 -fdiagnostics-show-note-include-stack -fmacro-backtrace-limit\=0 -fno-color-diagnostics -fmodules-prune-interval\=86400 -fmodules-prune-after\=345600 -fbuild-session-file\=/Users/buddhirajgautam/Library/Developer/Xcode/DerivedData/ModuleCache.noindex/Session.modulevalidation -fmodules-validate-once-per-build-session -Wnon-modular-include-in-framework-module -Werror\=non-modular-include-in-framework-module -Wno-trigraphs -Werror\=incompatible-pointer-types -Werror\=implicit-function-declaration -Wmissing-field-initializers -Wmissing-prototypes -Wdocumentation -Wunreachable-code -Wmissing-braces -Wparentheses -Wswitch -Wunused-function -Wunused-label -Wunused-parameter -Wunused-variable -Wunused-value -Wempty-body -Wuninitialized -Wunknown-pragmas -Wshadow -Wfour-char-constants -Wconversion -Wconstant-conversion -Wint-conversion -Wbool-conversion -Wenum-conversion -Wfloat-conversion -Wnon-literal-null-conversion -Wobjc-literal-conversion -Wassign-enum -Wsign-compare -Wshorten-64-to-32 -Wpointer-sign -Wnewline-eof -Wno-implicit-fallthrough -isysroot /Applications/Xcode.app/Contents/Developer/Platforms/MacOSX.platform/Developer/SDKs/MacOSX27.0.sdk -fstrict-aliasing -Wdeprecated-declarations -Wsign-conversion -Winfinite-recursion -Wcomma -Wblock-capture-autoreleasing -Wstrict-prototypes -Wno-semicolon-before-method-body -index-store-path /Users/buddhirajgautam/Library/Developer/Xcode/DerivedData/Telegram-Mac-fygdgghdgmuleoelvxabfmqiotta/Index.noindex/DataStore -Wall -Weverything -Wno-unused-macros -Wno-gnu-statement-expression -Wno-arc-repeated-use-of-weak -Wno-auto-import -Wno-gnu-zero-variadic-macro-arguments -Wno-custom-atomic-properties -Wno-implicit-atomic-properties @/Users/buddhirajgautam/Library/Developer/Xcode/DerivedData/Telegram-Mac-fygdgghdgmuleoelvxabfmqiotta/Build/Intermediates.noindex/Sparkle.build/Debug/Sparkle.build/Objects-normal/arm64/7187679823f38a2a940e0043cdf9d637-common-args.resp -MMD -MT dependencies -MF /Users/buddhirajgautam/Library/Developer/Xcode/DerivedData/Telegram-Mac-fygdgghdgmuleoelvxabfmqiotta/Build/Intermediates.noindex/Sparkle.build/Debug/Sparkle.build/Objects-normal/arm64/key_exchange.d --serialize-diagnostics /Users/buddhirajgautam/Library/Developer/Xcode/DerivedData/Telegram-Mac-fygdgghdgmuleoelvxabfmqiotta/Build/Intermediates.noindex/Sparkle.build/Debug/Sparkle.build/Objects-normal/arm64/key_exchange.dia -c /Users/buddhirajgautam/Documents/Cherrygram-Mac/macOS-Swift/submodules/Sparkle/ed25519/src/key_exchange.c -o /Users/buddhirajgautam/Library/Developer/Xcode/DerivedData/Telegram-Mac-fygdgghdgmuleoelvxabfmqiotta/Build/Intermediates.noindex/Sparkle.build/Debug/Sparkle.build/Objects-normal/arm64/key_exchange.o -index-unit-output-path /Sparkle.build/Debug/Sparkle.build/Objects-normal/arm64/key_exchange.o

ScanDependencies /Users/buddhirajgautam/Library/Developer/Xcode/DerivedData/Telegram-Mac-fygdgghdgmuleoelvxabfmqiotta/Build/Intermediates.noindex/Sparkle.build/Debug/Sparkle.build/Objects-normal/arm64/ge.o /Users/buddhirajgautam/Documents/Cherrygram-Mac/macOS-Swift/submodules/Sparkle/ed25519/src/ge.c normal arm64 c com.apple.compilers.llvm.clang.1_0.compiler (in target 'Sparkle' from project 'Sparkle')
    cd /Users/buddhirajgautam/Documents/Cherrygram-Mac/macOS-Swift/submodules/Sparkle
    
    Using response file: /Users/buddhirajgautam/Library/Developer/Xcode/DerivedData/Telegram-Mac-fygdgghdgmuleoelvxabfmqiotta/Build/Intermediates.noindex/Sparkle.build/Debug/Sparkle.build/Objects-normal/arm64/7187679823f38a2a940e0043cdf9d637-common-args.resp
    
    builtin-ScanDependencies -o /Users/buddhirajgautam/Library/Developer/Xcode/DerivedData/Telegram-Mac-fygdgghdgmuleoelvxabfmqiotta/Build/Intermediates.noindex/Sparkle.build/Debug/Sparkle.build/Objects-normal/arm64/ge.o.scan -- /Applications/Xcode.app/Contents/Developer/Toolchains/XcodeDefault.xctoolchain/usr/bin/clang -x c -ivfsstatcache /Users/buddhirajgautam/Library/Developer/Xcode/DerivedData/SDKStatCaches.noindex/macosx27.0-26A425-e829b21a6f8c9b70876ba0858053c0447231f6df4def33e022ae2eb8f782df1a.sdkstatcache -target arm64-apple-macos12.0 -fmessage-length\=0 -fdiagnostics-show-note-include-stack -fmacro-backtrace-limit\=0 -fno-color-diagnostics -fmodules-prune-interval\=86400 -fmodules-prune-after\=345600 -fbuild-session-file\=/Users/buddhirajgautam/Library/Developer/Xcode/DerivedData/ModuleCache.noindex/Session.modulevalidation -fmodules-validate-once-per-build-session -Wnon-modular-include-in-framework-module -Werror\=non-modular-include-in-framework-module -Wno-trigraphs -Werror\=incompatible-pointer-types -Werror\=implicit-function-declaration -Wmissing-field-initializers -Wmissing-prototypes -Wdocumentation -Wunreachable-code -Wmissing-braces -Wparentheses -Wswitch -Wunused-function -Wunused-label -Wunused-parameter -Wunused-variable -Wunused-value -Wempty-body -Wuninitialized -Wunknown-pragmas -Wshadow -Wfour-char-constants -Wconversion -Wconstant-conversion -Wint-conversion -Wbool-conversion -Wenum-conversion -Wfloat-conversion -Wnon-literal-null-conversion -Wobjc-literal-conversion -Wassign-enum -Wsign-compare -Wshorten-64-to-32 -Wpointer-sign -Wnewline-eof -Wno-implicit-fallthrough -isysroot /Applications/Xcode.app/Contents/Developer/Platforms/MacOSX.platform/Developer/SDKs/MacOSX27.0.sdk -fstrict-aliasing -Wdeprecated-declarations -Wsign-conversion -Winfinite-recursion -Wcomma -Wblock-capture-autoreleasing -Wstrict-prototypes -Wno-semicolon-before-method-body -index-store-path /Users/buddhirajgautam/Library/Developer/Xcode/DerivedData/Telegram-Mac-fygdgghdgmuleoelvxabfmqiotta/Index.noindex/DataStore -Wall -Weverything -Wno-unused-macros -Wno-gnu-statement-expression -Wno-arc-repeated-use-of-weak -Wno-auto-import -Wno-gnu-zero-variadic-macro-arguments -Wno-custom-atomic-properties -Wno-implicit-atomic-properties @/Users/buddhirajgautam/Library/Developer/Xcode/DerivedData/Telegram-Mac-fygdgghdgmuleoelvxabfmqiotta/Build/Intermediates.noindex/Sparkle.build/Debug/Sparkle.build/Objects-normal/arm64/7187679823f38a2a940e0043cdf9d637-common-args.resp -MMD -MT dependencies -MF /Users/buddhirajgautam/Library/Developer/Xcode/DerivedData/Telegram-Mac-fygdgghdgmuleoelvxabfmqiotta/Build/Intermediates.noindex/Sparkle.build/Debug/Sparkle.build/Objects-normal/arm64/ge.d --serialize-diagnostics /Users/buddhirajgautam/Library/Developer/Xcode/DerivedData/Telegram-Mac-fygdgghdgmuleoelvxabfmqiotta/Build/Intermediates.noindex/Sparkle.build/Debug/Sparkle.build/Objects-normal/arm64/ge.dia -c /Users/buddhirajgautam/Documents/Cherrygram-Mac/macOS-Swift/submodules/Sparkle/ed25519/src/ge.c -o /Users/buddhirajgautam/Library/Developer/Xcode/DerivedData/Telegram-Mac-fygdgghdgmuleoelvxabfmqiotta/Build/Intermediates.noindex/Sparkle.build/Debug/Sparkle.build/Objects-normal/arm64/ge.o -index-unit-output-path /Sparkle.build/Debug/Sparkle.build/Objects-normal/arm64/ge.o

CompileC /Users/buddhirajgautam/Library/Developer/Xcode/DerivedData/Telegram-Mac-fygdgghdgmuleoelvxabfmqiotta/Build/Intermediates.noindex/Sparkle.build/Debug/Sparkle.build/Objects-normal/arm64/key_exchange.o /Users/buddhirajgautam/Documents/Cherrygram-Mac/macOS-Swift/submodules/Sparkle/ed25519/src/key_exchange.c normal arm64 c com.apple.compilers.llvm.clang.1_0.compiler (in target 'Sparkle' from project 'Sparkle')
    cd /Users/buddhirajgautam/Documents/Cherrygram-Mac/macOS-Swift/submodules/Sparkle
    
    Using response file: /Users/buddhirajgautam/Library/Developer/Xcode/DerivedData/Telegram-Mac-fygdgghdgmuleoelvxabfmqiotta/Build/Intermediates.noindex/Sparkle.build/Debug/Sparkle.build/Objects-normal/arm64/7187679823f38a2a940e0043cdf9d637-common-args.resp
    
    /Applications/Xcode.app/Contents/Developer/Toolchains/XcodeDefault.xctoolchain/usr/bin/clang -x c -ivfsstatcache /Users/buddhirajgautam/Library/Developer/Xcode/DerivedData/SDKStatCaches.noindex/macosx27.0-26A425-e829b21a6f8c9b70876ba0858053c0447231f6df4def33e022ae2eb8f782df1a.sdkstatcache -target arm64-apple-macos12.0 -fmessage-length\=0 -fdiagnostics-show-note-include-stack -fmacro-backtrace-limit\=0 -fno-color-diagnostics -fmodules-prune-interval\=86400 -fmodules-prune-after\=345600 -fbuild-session-file\=/Users/buddhirajgautam/Library/Developer/Xcode/DerivedData/ModuleCache.noindex/Session.modulevalidation -fmodules-validate-once-per-build-session -Wnon-modular-include-in-framework-module -Werror\=non-modular-include-in-framework-module -Wno-trigraphs -Werror\=incompatible-pointer-types -Werror\=implicit-function-declaration -Wmissing-field-initializers -Wmissing-prototypes -Wdocumentation -Wunreachable-code -Wmissing-braces -Wparentheses -Wswitch -Wunused-function -Wunused-label -Wunused-parameter -Wunused-variable -Wunused-value -Wempty-body -Wuninitialized -Wunknown-pragmas -Wshadow -Wfour-char-constants -Wconversion -Wconstant-conversion -Wint-conversion -Wbool-conversion -Wenum-conversion -Wfloat-conversion -Wnon-literal-null-conversion -Wobjc-literal-conversion -Wassign-enum -Wsign-compare -Wshorten-64-to-32 -Wpointer-sign -Wnewline-eof -Wno-implicit-fallthrough -isysroot /Applications/Xcode.app/Contents/Developer/Platforms/MacOSX.platform/Developer/SDKs/MacOSX27.0.sdk -fstrict-aliasing -Wdeprecated-declarations -Wsign-conversion -Winfinite-recursion -Wcomma -Wblock-capture-autoreleasing -Wstrict-prototypes -Wno-semicolon-before-method-body -index-store-path /Users/buddhirajgautam/Library/Developer/Xcode/DerivedData/Telegram-Mac-fygdgghdgmuleoelvxabfmqiotta/Index.noindex/DataStore -Wall -Weverything -Wno-unused-macros -Wno-gnu-statement-expression -Wno-arc-repeated-use-of-weak -Wno-auto-import -Wno-gnu-zero-variadic-macro-arguments -Wno-custom-atomic-properties -Wno-implicit-atomic-properties @/Users/buddhirajgautam/Library/Developer/Xcode/DerivedData/Telegram-Mac-fygdgghdgmuleoelvxabfmqiotta/Build/Intermediates.noindex/Sparkle.build/Debug/Sparkle.build/Objects-normal/arm64/7187679823f38a2a940e0043cdf9d637-common-args.resp -MMD -MT dependencies -MF /Users/buddhirajgautam/Library/Developer/Xcode/DerivedData/Telegram-Mac-fygdgghdgmuleoelvxabfmqiotta/Build/Intermediates.noindex/Sparkle.build/Debug/Sparkle.build/Objects-normal/arm64/key_exchange.d --serialize-diagnostics /Users/buddhirajgautam/Library/Developer/Xcode/DerivedData/Telegram-Mac-fygdgghdgmuleoelvxabfmqiotta/Build/Intermediates.noindex/Sparkle.build/Debug/Sparkle.build/Objects-normal/arm64/key_exchange.dia -c /Users/buddhirajgautam/Documents/Cherrygram-Mac/macOS-Swift/submodules/Sparkle/ed25519/src/key_exchange.c -o /Users/buddhirajgautam/Library/Developer/Xcode/DerivedData/Telegram-Mac-fygdgghdgmuleoelvxabfmqiotta/Build/Intermediates.noindex/Sparkle.build/Debug/Sparkle.build/Objects-normal/arm64/key_exchange.o -index-unit-output-path /Sparkle.build/Debug/Sparkle.build/Objects-normal/arm64/key_exchange.o

CompileC /Users/buddhirajgautam/Library/Developer/Xcode/DerivedData/Telegram-Mac-fygdgghdgmuleoelvxabfmqiotta/Build/Intermediates.noindex/Sparkle.build/Debug/Sparkle.build/Objects-normal/arm64/ge.o /Users/buddhirajgautam/Documents/Cherrygram-Mac/macOS-Swift/submodules/Sparkle/ed25519/src/ge.c normal arm64 c com.apple.compilers.llvm.clang.1_0.compiler (in target 'Sparkle' from project 'Sparkle')
    cd /Users/buddhirajgautam/Documents/Cherrygram-Mac/macOS-Swift/submodules/Sparkle
    
    Using response file: /Users/buddhirajgautam/Library/Developer/Xcode/DerivedData/Telegram-Mac-fygdgghdgmuleoelvxabfmqiotta/Build/Intermediates.noindex/Sparkle.build/Debug/Sparkle.build/Objects-normal/arm64/7187679823f38a2a940e0043cdf9d637-common-args.resp
    
    /Applications/Xcode.app/Contents/Developer/Toolchains/XcodeDefault.xctoolchain/usr/bin/clang -x c -ivfsstatcache /Users/buddhirajgautam/Library/Developer/Xcode/DerivedData/SDKStatCaches.noindex/macosx27.0-26A425-e829b21a6f8c9b70876ba0858053c0447231f6df4def33e022ae2eb8f782df1a.sdkstatcache -target arm64-apple-macos12.0 -fmessage-length\=0 -fdiagnostics-show-note-include-stack -fmacro-backtrace-limit\=0 -fno-color-diagnostics -fmodules-prune-interval\=86400 -fmodules-prune-after\=345600 -fbuild-session-file\=/Users/buddhirajgautam/Library/Developer/Xcode/DerivedData/ModuleCache.noindex/Session.modulevalidation -fmodules-validate-once-per-build-session -Wnon-modular-include-in-framework-module -Werror\=non-modular-include-in-framework-module -Wno-trigraphs -Werror\=incompatible-pointer-types -Werror\=implicit-function-declaration -Wmissing-field-initializers -Wmissing-prototypes -Wdocumentation -Wunreachable-code -Wmissing-braces -Wparentheses -Wswitch -Wunused-function -Wunused-label -Wunused-parameter -Wunused-variable -Wunused-value -Wempty-body -Wuninitialized -Wunknown-pragmas -Wshadow -Wfour-char-constants -Wconversion -Wconstant-conversion -Wint-conversion -Wbool-conversion -Wenum-conversion -Wfloat-conversion -Wnon-literal-null-conversion -Wobjc-literal-conversion -Wassign-enum -Wsign-compare -Wshorten-64-to-32 -Wpointer-sign -Wnewline-eof -Wno-implicit-fallthrough -isysroot /Applications/Xcode.app/Contents/Developer/Platforms/MacOSX.platform/Developer/SDKs/MacOSX27.0.sdk -fstrict-aliasing -Wdeprecated-declarations -Wsign-conversion -Winfinite-recursion -Wcomma -Wblock-capture-autoreleasing -Wstrict-prototypes -Wno-semicolon-before-method-body -index-store-path /Users/buddhirajgautam/Library/Developer/Xcode/DerivedData/Telegram-Mac-fygdgghdgmuleoelvxabfmqiotta/Index.noindex/DataStore -Wall -Weverything -Wno-unused-macros -Wno-gnu-statement-expression -Wno-arc-repeated-use-of-weak -Wno-auto-import -Wno-gnu-zero-variadic-macro-arguments -Wno-custom-atomic-properties -Wno-implicit-atomic-properties @/Users/buddhirajgautam/Library/Developer/Xcode/DerivedData/Telegram-Mac-fygdgghdgmuleoelvxabfmqiotta/Build/Intermediates.noindex/Sparkle.build/Debug/Sparkle.build/Objects-normal/arm64/7187679823f38a2a940e0043cdf9d637-common-args.resp -MMD -MT dependencies -MF /Users/buddhirajgautam/Library/Developer/Xcode/DerivedData/Telegram-Mac-fygdgghdgmuleoelvxabfmqiotta/Build/Intermediates.noindex/Sparkle.build/Debug/Sparkle.build/Objects-normal/arm64/ge.d --serialize-diagnostics /Users/buddhirajgautam/Library/Developer/Xcode/DerivedData/Telegram-Mac-fygdgghdgmuleoelvxabfmqiotta/Build/Intermediates.noindex/Sparkle.build/Debug/Sparkle.build/Objects-normal/arm64/ge.dia -c /Users/buddhirajgautam/Documents/Cherrygram-Mac/macOS-Swift/submodules/Sparkle/ed25519/src/ge.c -o /Users/buddhirajgautam/Library/Developer/Xcode/DerivedData/Telegram-Mac-fygdgghdgmuleoelvxabfmqiotta/Build/Intermediates.noindex/Sparkle.build/Debug/Sparkle.build/Objects-normal/arm64/ge.o -index-unit-output-path /Sparkle.build/Debug/Sparkle.build/Objects-normal/arm64/ge.o
/Users/buddhirajgautam/Documents/Cherrygram-Mac/macOS-Swift/submodules/Sparkle/ed25519/src/ge.c:334:24: warning: implicit conversion changes signedness: 'signed char' to 'unsigned char' [-Wsign-conversion]
  334 |     unsigned char ub = b;
      |                   ~~   ^
/Users/buddhirajgautam/Documents/Cherrygram-Mac/macOS-Swift/submodules/Sparkle/ed25519/src/ge.c:335:24: warning: implicit conversion changes signedness: 'signed char' to 'unsigned char' [-Wsign-conversion]
  335 |     unsigned char uc = c;
      |                   ~~   ^
/Users/buddhirajgautam/Documents/Cherrygram-Mac/macOS-Swift/submodules/Sparkle/ed25519/src/ge.c:344:18: warning: implicit conversion changes signedness: 'signed char' to 'uint64_t' (aka 'unsigned long long') [-Wsign-conversion]
  344 |     uint64_t x = b; /* 18446744073709551361..18446744073709551615: yes; 0..255: no */
      |              ~   ^
/Users/buddhirajgautam/Documents/Cherrygram-Mac/macOS-Swift/submodules/Sparkle/ed25519/src/ge.c:359:28: warning: implicit conversion loses integer precision: 'int' to 'unsigned char' [-Wimplicit-int-conversion]
  359 |     unsigned char babs = b - (((-bnegative) & b) << 1);
      |                   ~~~~   ~~^~~~~~~~~~~~~~~~~~~~~~~~~~~
/Users/buddhirajgautam/Documents/Cherrygram-Mac/macOS-Swift/submodules/Sparkle/ed25519/src/ge.c:363:34: warning: implicit conversion changes signedness: 'unsigned char' to 'signed char' [-Wsign-conversion]
  363 |     cmov(t, &base[pos][0], equal(babs, 1));
      |                            ~~~~~ ^~~~
/Users/buddhirajgautam/Documents/Cherrygram-Mac/macOS-Swift/submodules/Sparkle/ed25519/src/ge.c:364:34: warning: implicit conversion changes signedness: 'unsigned char' to 'signed char' [-Wsign-conversion]
  364 |     cmov(t, &base[pos][1], equal(babs, 2));
      |                            ~~~~~ ^~~~
/Users/buddhirajgautam/Documents/Cherrygram-Mac/macOS-Swift/submodules/Sparkle/ed25519/src/ge.c:365:34: warning: implicit conversion changes signedness: 'unsigned char' to 'signed char' [-Wsign-conversion]
  365 |     cmov(t, &base[pos][2], equal(babs, 3));
      |                            ~~~~~ ^~~~
/Users/buddhirajgautam/Documents/Cherrygram-Mac/macOS-Swift/submodules/Sparkle/ed25519/src/ge.c:366:34: warning: implicit conversion changes signedness: 'unsigned char' to 'signed char' [-Wsign-conversion]
  366 |     cmov(t, &base[pos][3], equal(babs, 4));
      |                            ~~~~~ ^~~~
/Users/buddhirajgautam/Documents/Cherrygram-Mac/macOS-Swift/submodules/Sparkle/ed25519/src/ge.c:367:34: warning: implicit conversion changes signedness: 'unsigned char' to 'signed char' [-Wsign-conversion]
  367 |     cmov(t, &base[pos][4], equal(babs, 5));
      |                            ~~~~~ ^~~~
/Users/buddhirajgautam/Documents/Cherrygram-Mac/macOS-Swift/submodules/Sparkle/ed25519/src/ge.c:368:34: warning: implicit conversion changes signedness: 'unsigned char' to 'signed char' [-Wsign-conversion]
  368 |     cmov(t, &base[pos][5], equal(babs, 6));
      |                            ~~~~~ ^~~~
/Users/buddhirajgautam/Documents/Cherrygram-Mac/macOS-Swift/submodules/Sparkle/ed25519/src/ge.c:369:34: warning: implicit conversion changes signedness: 'unsigned char' to 'signed char' [-Wsign-conversion]
  369 |     cmov(t, &base[pos][6], equal(babs, 7));
      |                            ~~~~~ ^~~~
/Users/buddhirajgautam/Documents/Cherrygram-Mac/macOS-Swift/submodules/Sparkle/ed25519/src/ge.c:370:34: warning: implicit conversion changes signedness: 'unsigned char' to 'signed char' [-Wsign-conversion]
  370 |     cmov(t, &base[pos][7], equal(babs, 8));
      |                            ~~~~~ ^~~~
12 warnings generated.

ScanDependencies /Users/buddhirajgautam/Library/Developer/Xcode/DerivedData/Telegram-Mac-fygdgghdgmuleoelvxabfmqiotta/Build/Intermediates.noindex/Sparkle.build/Debug/Sparkle.build/Objects-normal/arm64/fe.o /Users/buddhirajgautam/Documents/Cherrygram-Mac/macOS-Swift/submodules/Sparkle/ed25519/src/fe.c normal arm64 c com.apple.compilers.llvm.clang.1_0.compiler (in target 'Sparkle' from project 'Sparkle')
    cd /Users/buddhirajgautam/Documents/Cherrygram-Mac/macOS-Swift/submodules/Sparkle
    
    Using response file: /Users/buddhirajgautam/Library/Developer/Xcode/DerivedData/Telegram-Mac-fygdgghdgmuleoelvxabfmqiotta/Build/Intermediates.noindex/Sparkle.build/Debug/Sparkle.build/Objects-normal/arm64/7187679823f38a2a940e0043cdf9d637-common-args.resp
    
    builtin-ScanDependencies -o /Users/buddhirajgautam/Library/Developer/Xcode/DerivedData/Telegram-Mac-fygdgghdgmuleoelvxabfmqiotta/Build/Intermediates.noindex/Sparkle.build/Debug/Sparkle.build/Objects-normal/arm64/fe.o.scan -- /Applications/Xcode.app/Contents/Developer/Toolchains/XcodeDefault.xctoolchain/usr/bin/clang -x c -ivfsstatcache /Users/buddhirajgautam/Library/Developer/Xcode/DerivedData/SDKStatCaches.noindex/macosx27.0-26A425-e829b21a6f8c9b70876ba0858053c0447231f6df4def33e022ae2eb8f782df1a.sdkstatcache -target arm64-apple-macos12.0 -fmessage-length\=0 -fdiagnostics-show-note-include-stack -fmacro-backtrace-limit\=0 -fno-color-diagnostics -fmodules-prune-interval\=86400 -fmodules-prune-after\=345600 -fbuild-session-file\=/Users/buddhirajgautam/Library/Developer/Xcode/DerivedData/ModuleCache.noindex/Session.modulevalidation -fmodules-validate-once-per-build-session -Wnon-modular-include-in-framework-module -Werror\=non-modular-include-in-framework-module -Wno-trigraphs -Werror\=incompatible-pointer-types -Werror\=implicit-function-declaration -Wmissing-field-initializers -Wmissing-prototypes -Wdocumentation -Wunreachable-code -Wmissing-braces -Wparentheses -Wswitch -Wunused-function -Wunused-label -Wunused-parameter -Wunused-variable -Wunused-value -Wempty-body -Wuninitialized -Wunknown-pragmas -Wshadow -Wfour-char-constants -Wconversion -Wconstant-conversion -Wint-conversion -Wbool-conversion -Wenum-conversion -Wfloat-conversion -Wnon-literal-null-conversion -Wobjc-literal-conversion -Wassign-enum -Wsign-compare -Wshorten-64-to-32 -Wpointer-sign -Wnewline-eof -Wno-implicit-fallthrough -isysroot /Applications/Xcode.app/Contents/Developer/Platforms/MacOSX.platform/Developer/SDKs/MacOSX27.0.sdk -fstrict-aliasing -Wdeprecated-declarations -Wsign-conversion -Winfinite-recursion -Wcomma -Wblock-capture-autoreleasing -Wstrict-prototypes -Wno-semicolon-before-method-body -index-store-path /Users/buddhirajgautam/Library/Developer/Xcode/DerivedData/Telegram-Mac-fygdgghdgmuleoelvxabfmqiotta/Index.noindex/DataStore -Wall -Weverything -Wno-unused-macros -Wno-gnu-statement-expression -Wno-arc-repeated-use-of-weak -Wno-auto-import -Wno-gnu-zero-variadic-macro-arguments -Wno-custom-atomic-properties -Wno-implicit-atomic-properties @/Users/buddhirajgautam/Library/Developer/Xcode/DerivedData/Telegram-Mac-fygdgghdgmuleoelvxabfmqiotta/Build/Intermediates.noindex/Sparkle.build/Debug/Sparkle.build/Objects-normal/arm64/7187679823f38a2a940e0043cdf9d637-common-args.resp -MMD -MT dependencies -MF /Users/buddhirajgautam/Library/Developer/Xcode/DerivedData/Telegram-Mac-fygdgghdgmuleoelvxabfmqiotta/Build/Intermediates.noindex/Sparkle.build/Debug/Sparkle.build/Objects-normal/arm64/fe.d --serialize-diagnostics /Users/buddhirajgautam/Library/Developer/Xcode/DerivedData/Telegram-Mac-fygdgghdgmuleoelvxabfmqiotta/Build/Intermediates.noindex/Sparkle.build/Debug/Sparkle.build/Objects-normal/arm64/fe.dia -c /Users/buddhirajgautam/Documents/Cherrygram-Mac/macOS-Swift/submodules/Sparkle/ed25519/src/fe.c -o /Users/buddhirajgautam/Library/Developer/Xcode/DerivedData/Telegram-Mac-fygdgghdgmuleoelvxabfmqiotta/Build/Intermediates.noindex/Sparkle.build/Debug/Sparkle.build/Objects-normal/arm64/fe.o -index-unit-output-path /Sparkle.build/Debug/Sparkle.build/Objects-normal/arm64/fe.o

ScanDependencies /Users/buddhirajgautam/Library/Developer/Xcode/DerivedData/Telegram-Mac-fygdgghdgmuleoelvxabfmqiotta/Build/Intermediates.noindex/Sparkle.build/Debug/Sparkle.build/Objects-normal/arm64/bspatch.o /Users/buddhirajgautam/Documents/Cherrygram-Mac/macOS-Swift/submodules/Sparkle/Vendor/bsdiff/bspatch.c normal arm64 c com.apple.compilers.llvm.clang.1_0.compiler (in target 'Sparkle' from project 'Sparkle')
    cd /Users/buddhirajgautam/Documents/Cherrygram-Mac/macOS-Swift/submodules/Sparkle
    
    Using response file: /Users/buddhirajgautam/Library/Developer/Xcode/DerivedData/Telegram-Mac-fygdgghdgmuleoelvxabfmqiotta/Build/Intermediates.noindex/Sparkle.build/Debug/Sparkle.build/Objects-normal/arm64/7187679823f38a2a940e0043cdf9d637-common-args.resp
    
    builtin-ScanDependencies -o /Users/buddhirajgautam/Library/Developer/Xcode/DerivedData/Telegram-Mac-fygdgghdgmuleoelvxabfmqiotta/Build/Intermediates.noindex/Sparkle.build/Debug/Sparkle.build/Objects-normal/arm64/bspatch.o.scan -- /Applications/Xcode.app/Contents/Developer/Toolchains/XcodeDefault.xctoolchain/usr/bin/clang -x c -ivfsstatcache /Users/buddhirajgautam/Library/Developer/Xcode/DerivedData/SDKStatCaches.noindex/macosx27.0-26A425-e829b21a6f8c9b70876ba0858053c0447231f6df4def33e022ae2eb8f782df1a.sdkstatcache -target arm64-apple-macos12.0 -fmessage-length\=0 -fdiagnostics-show-note-include-stack -fmacro-backtrace-limit\=0 -fno-color-diagnostics -fmodules-prune-interval\=86400 -fmodules-prune-after\=345600 -fbuild-session-file\=/Users/buddhirajgautam/Library/Developer/Xcode/DerivedData/ModuleCache.noindex/Session.modulevalidation -fmodules-validate-once-per-build-session -Wnon-modular-include-in-framework-module -Werror\=non-modular-include-in-framework-module -Wno-trigraphs -Werror\=incompatible-pointer-types -Werror\=implicit-function-declaration -Wmissing-field-initializers -Wmissing-prototypes -Wdocumentation -Wunreachable-code -Wmissing-braces -Wparentheses -Wswitch -Wunused-function -Wunused-label -Wunused-parameter -Wunused-variable -Wunused-value -Wempty-body -Wuninitialized -Wunknown-pragmas -Wshadow -Wfour-char-constants -Wconversion -Wconstant-conversion -Wint-conversion -Wbool-conversion -Wenum-conversion -Wfloat-conversion -Wnon-literal-null-conversion -Wobjc-literal-conversion -Wassign-enum -Wsign-compare -Wshorten-64-to-32 -Wpointer-sign -Wnewline-eof -Wno-implicit-fallthrough -isysroot /Applications/Xcode.app/Contents/Developer/Platforms/MacOSX.platform/Developer/SDKs/MacOSX27.0.sdk -fstrict-aliasing -Wdeprecated-declarations -Wsign-conversion -Winfinite-recursion -Wcomma -Wblock-capture-autoreleasing -Wstrict-prototypes -Wno-semicolon-before-method-body -index-store-path /Users/buddhirajgautam/Library/Developer/Xcode/DerivedData/Telegram-Mac-fygdgghdgmuleoelvxabfmqiotta/Index.noindex/DataStore -Wall -Weverything -Wno-unused-macros -Wno-gnu-statement-expression -Wno-arc-repeated-use-of-weak -Wno-auto-import -Wno-gnu-zero-variadic-macro-arguments -Wno-custom-atomic-properties -Wno-implicit-atomic-properties @/Users/buddhirajgautam/Library/Developer/Xcode/DerivedData/Telegram-Mac-fygdgghdgmuleoelvxabfmqiotta/Build/Intermediates.noindex/Sparkle.build/Debug/Sparkle.build/Objects-normal/arm64/7187679823f38a2a940e0043cdf9d637-common-args.resp -MMD -MT dependencies -MF /Users/buddhirajgautam/Library/Developer/Xcode/DerivedData/Telegram-Mac-fygdgghdgmuleoelvxabfmqiotta/Build/Intermediates.noindex/Sparkle.build/Debug/Sparkle.build/Objects-normal/arm64/bspatch.d --serialize-diagnostics /Users/buddhirajgautam/Library/Developer/Xcode/DerivedData/Telegram-Mac-fygdgghdgmuleoelvxabfmqiotta/Build/Intermediates.noindex/Sparkle.build/Debug/Sparkle.build/Objects-normal/arm64/bspatch.dia -c /Users/buddhirajgautam/Documents/Cherrygram-Mac/macOS-Swift/submodules/Sparkle/Vendor/bsdiff/bspatch.c -o /Users/buddhirajgautam/Library/Developer/Xcode/DerivedData/Telegram-Mac-fygdgghdgmuleoelvxabfmqiotta/Build/Intermediates.noindex/Sparkle.build/Debug/Sparkle.build/Objects-normal/arm64/bspatch.o -index-unit-output-path /Sparkle.build/Debug/Sparkle.build/Objects-normal/arm64/bspatch.o

CompileC /Users/buddhirajgautam/Library/Developer/Xcode/DerivedData/Telegram-Mac-fygdgghdgmuleoelvxabfmqiotta/Build/Intermediates.noindex/Sparkle.build/Debug/Sparkle.build/Objects-normal/arm64/fe.o /Users/buddhirajgautam/Documents/Cherrygram-Mac/macOS-Swift/submodules/Sparkle/ed25519/src/fe.c normal arm64 c com.apple.compilers.llvm.clang.1_0.compiler (in target 'Sparkle' from project 'Sparkle')
    cd /Users/buddhirajgautam/Documents/Cherrygram-Mac/macOS-Swift/submodules/Sparkle
    
    Using response file: /Users/buddhirajgautam/Library/Developer/Xcode/DerivedData/Telegram-Mac-fygdgghdgmuleoelvxabfmqiotta/Build/Intermediates.noindex/Sparkle.build/Debug/Sparkle.build/Objects-normal/arm64/7187679823f38a2a940e0043cdf9d637-common-args.resp
    
    /Applications/Xcode.app/Contents/Developer/Toolchains/XcodeDefault.xctoolchain/usr/bin/clang -x c -ivfsstatcache /Users/buddhirajgautam/Library/Developer/Xcode/DerivedData/SDKStatCaches.noindex/macosx27.0-26A425-e829b21a6f8c9b70876ba0858053c0447231f6df4def33e022ae2eb8f782df1a.sdkstatcache -target arm64-apple-macos12.0 -fmessage-length\=0 -fdiagnostics-show-note-include-stack -fmacro-backtrace-limit\=0 -fno-color-diagnostics -fmodules-prune-interval\=86400 -fmodules-prune-after\=345600 -fbuild-session-file\=/Users/buddhirajgautam/Library/Developer/Xcode/DerivedData/ModuleCache.noindex/Session.modulevalidation -fmodules-validate-once-per-build-session -Wnon-modular-include-in-framework-module -Werror\=non-modular-include-in-framework-module -Wno-trigraphs -Werror\=incompatible-pointer-types -Werror\=implicit-function-declaration -Wmissing-field-initializers -Wmissing-prototypes -Wdocumentation -Wunreachable-code -Wmissing-braces -Wparentheses -Wswitch -Wunused-function -Wunused-label -Wunused-parameter -Wunused-variable -Wunused-value -Wempty-body -Wuninitialized -Wunknown-pragmas -Wshadow -Wfour-char-constants -Wconversion -Wconstant-conversion -Wint-conversion -Wbool-conversion -Wenum-conversion -Wfloat-conversion -Wnon-literal-null-conversion -Wobjc-literal-conversion -Wassign-enum -Wsign-compare -Wshorten-64-to-32 -Wpointer-sign -Wnewline-eof -Wno-implicit-fallthrough -isysroot /Applications/Xcode.app/Contents/Developer/Platforms/MacOSX.platform/Developer/SDKs/MacOSX27.0.sdk -fstrict-aliasing -Wdeprecated-declarations -Wsign-conversion -Winfinite-recursion -Wcomma -Wblock-capture-autoreleasing -Wstrict-prototypes -Wno-semicolon-before-method-body -index-store-path /Users/buddhirajgautam/Library/Developer/Xcode/DerivedData/Telegram-Mac-fygdgghdgmuleoelvxabfmqiotta/Index.noindex/DataStore -Wall -Weverything -Wno-unused-macros -Wno-gnu-statement-expression -Wno-arc-repeated-use-of-weak -Wno-auto-import -Wno-gnu-zero-variadic-macro-arguments -Wno-custom-atomic-properties -Wno-implicit-atomic-properties @/Users/buddhirajgautam/Library/Developer/Xcode/DerivedData/Telegram-Mac-fygdgghdgmuleoelvxabfmqiotta/Build/Intermediates.noindex/Sparkle.build/Debug/Sparkle.build/Objects-normal/arm64/7187679823f38a2a940e0043cdf9d637-common-args.resp -MMD -MT dependencies -MF /Users/buddhirajgautam/Library/Developer/Xcode/DerivedData/Telegram-Mac-fygdgghdgmuleoelvxabfmqiotta/Build/Intermediates.noindex/Sparkle.build/Debug/Sparkle.build/Objects-normal/arm64/fe.d --serialize-diagnostics /Users/buddhirajgautam/Library/Developer/Xcode/DerivedData/Telegram-Mac-fygdgghdgmuleoelvxabfmqiotta/Build/Intermediates.noindex/Sparkle.build/Debug/Sparkle.build/Objects-normal/arm64/fe.dia -c /Users/buddhirajgautam/Documents/Cherrygram-Mac/macOS-Swift/submodules/Sparkle/ed25519/src/fe.c -o /Users/buddhirajgautam/Library/Developer/Xcode/DerivedData/Telegram-Mac-fygdgghdgmuleoelvxabfmqiotta/Build/Intermediates.noindex/Sparkle.build/Debug/Sparkle.build/Objects-normal/arm64/fe.o -index-unit-output-path /Sparkle.build/Debug/Sparkle.build/Objects-normal/arm64/fe.o
/Users/buddhirajgautam/Documents/Cherrygram-Mac/macOS-Swift/submodules/Sparkle/ed25519/src/fe.c:298:18: warning: implicit conversion changes signedness: 'uint64_t' (aka 'unsigned long long') to 'int64_t' (aka 'long long') [-Wsign-conversion]
  298 |     int64_t h0 = load_4(s);
      |             ~~   ^~~~~~~~~
/Users/buddhirajgautam/Documents/Cherrygram-Mac/macOS-Swift/submodules/Sparkle/ed25519/src/fe.c:299:32: warning: implicit conversion changes signedness: 'uint64_t' (aka 'unsigned long long') to 'int64_t' (aka 'long long') [-Wsign-conversion]
  299 |     int64_t h1 = load_3(s + 4) << 6;
      |             ~~   ~~~~~~~~~~~~~~^~~~
/Users/buddhirajgautam/Documents/Cherrygram-Mac/macOS-Swift/submodules/Sparkle/ed25519/src/fe.c:300:32: warning: implicit conversion changes signedness: 'uint64_t' (aka 'unsigned long long') to 'int64_t' (aka 'long long') [-Wsign-conversion]
  300 |     int64_t h2 = load_3(s + 7) << 5;
      |             ~~   ~~~~~~~~~~~~~~^~~~
/Users/buddhirajgautam/Documents/Cherrygram-Mac/macOS-Swift/submodules/Sparkle/ed25519/src/fe.c:301:33: warning: implicit conversion changes signedness: 'uint64_t' (aka 'unsigned long long') to 'int64_t' (aka 'long long') [-Wsign-conversion]
  301 |     int64_t h3 = load_3(s + 10) << 3;
      |             ~~   ~~~~~~~~~~~~~~~^~~~
/Users/buddhirajgautam/Documents/Cherrygram-Mac/macOS-Swift/submodules/Sparkle/ed25519/src/fe.c:302:33: warning: implicit conversion changes signedness: 'uint64_t' (aka 'unsigned long long') to 'int64_t' (aka 'long long') [-Wsign-conversion]
  302 |     int64_t h4 = load_3(s + 13) << 2;
      |             ~~   ~~~~~~~~~~~~~~~^~~~
/Users/buddhirajgautam/Documents/Cherrygram-Mac/macOS-Swift/submodules/Sparkle/ed25519/src/fe.c:303:18: warning: implicit conversion changes signedness: 'uint64_t' (aka 'unsigned long long') to 'int64_t' (aka 'long long') [-Wsign-conversion]
  303 |     int64_t h5 = load_4(s + 16);
      |             ~~   ^~~~~~~~~~~~~~
/Users/buddhirajgautam/Documents/Cherrygram-Mac/macOS-Swift/submodules/Sparkle/ed25519/src/fe.c:304:33: warning: implicit conversion changes signedness: 'uint64_t' (aka 'unsigned long long') to 'int64_t' (aka 'long long') [-Wsign-conversion]
  304 |     int64_t h6 = load_3(s + 20) << 7;
      |             ~~   ~~~~~~~~~~~~~~~^~~~
/Users/buddhirajgautam/Documents/Cherrygram-Mac/macOS-Swift/submodules/Sparkle/ed25519/src/fe.c:305:33: warning: implicit conversion changes signedness: 'uint64_t' (aka 'unsigned long long') to 'int64_t' (aka 'long long') [-Wsign-conversion]
  305 |     int64_t h7 = load_3(s + 23) << 5;
      |             ~~   ~~~~~~~~~~~~~~~^~~~
/Users/buddhirajgautam/Documents/Cherrygram-Mac/macOS-Swift/submodules/Sparkle/ed25519/src/fe.c:306:33: warning: implicit conversion changes signedness: 'uint64_t' (aka 'unsigned long long') to 'int64_t' (aka 'long long') [-Wsign-conversion]
  306 |     int64_t h8 = load_3(s + 26) << 4;
      |             ~~   ~~~~~~~~~~~~~~~^~~~
/Users/buddhirajgautam/Documents/Cherrygram-Mac/macOS-Swift/submodules/Sparkle/ed25519/src/fe.c:307:45: warning: implicit conversion changes signedness: 'uint64_t' (aka 'unsigned long long') to 'int64_t' (aka 'long long') [-Wsign-conversion]
  307 |     int64_t h9 = (load_3(s + 29) & 8388607) << 2;
      |             ~~   ~~~~~~~~~~~~~~~~~~~~~~~~~~~^~~~
10 warnings generated.

ScanDependencies /Users/buddhirajgautam/Library/Developer/Xcode/DerivedData/Telegram-Mac-fygdgghdgmuleoelvxabfmqiotta/Build/Intermediates.noindex/Sparkle.build/Debug/Sparkle.build/Objects-normal/arm64/bscommon.o /Users/buddhirajgautam/Documents/Cherrygram-Mac/macOS-Swift/submodules/Sparkle/Vendor/bsdiff/bscommon.c normal arm64 c com.apple.compilers.llvm.clang.1_0.compiler (in target 'Sparkle' from project 'Sparkle')
    cd /Users/buddhirajgautam/Documents/Cherrygram-Mac/macOS-Swift/submodules/Sparkle
    
    Using response file: /Users/buddhirajgautam/Library/Developer/Xcode/DerivedData/Telegram-Mac-fygdgghdgmuleoelvxabfmqiotta/Build/Intermediates.noindex/Sparkle.build/Debug/Sparkle.build/Objects-normal/arm64/7187679823f38a2a940e0043cdf9d637-common-args.resp
    
    builtin-ScanDependencies -o /Users/buddhirajgautam/Library/Developer/Xcode/DerivedData/Telegram-Mac-fygdgghdgmuleoelvxabfmqiotta/Build/Intermediates.noindex/Sparkle.build/Debug/Sparkle.build/Objects-normal/arm64/bscommon.o.scan -- /Applications/Xcode.app/Contents/Developer/Toolchains/XcodeDefault.xctoolchain/usr/bin/clang -x c -ivfsstatcache /Users/buddhirajgautam/Library/Developer/Xcode/DerivedData/SDKStatCaches.noindex/macosx27.0-26A425-e829b21a6f8c9b70876ba0858053c0447231f6df4def33e022ae2eb8f782df1a.sdkstatcache -target arm64-apple-macos12.0 -fmessage-length\=0 -fdiagnostics-show-note-include-stack -fmacro-backtrace-limit\=0 -fno-color-diagnostics -fmodules-prune-interval\=86400 -fmodules-prune-after\=345600 -fbuild-session-file\=/Users/buddhirajgautam/Library/Developer/Xcode/DerivedData/ModuleCache.noindex/Session.modulevalidation -fmodules-validate-once-per-build-session -Wnon-modular-include-in-framework-module -Werror\=non-modular-include-in-framework-module -Wno-trigraphs -Werror\=incompatible-pointer-types -Werror\=implicit-function-declaration -Wmissing-field-initializers -Wmissing-prototypes -Wdocumentation -Wunreachable-code -Wmissing-braces -Wparentheses -Wswitch -Wunused-function -Wunused-label -Wunused-parameter -Wunused-variable -Wunused-value -Wempty-body -Wuninitialized -Wunknown-pragmas -Wshadow -Wfour-char-constants -Wconversion -Wconstant-conversion -Wint-conversion -Wbool-conversion -Wenum-conversion -Wfloat-conversion -Wnon-literal-null-conversion -Wobjc-literal-conversion -Wassign-enum -Wsign-compare -Wshorten-64-to-32 -Wpointer-sign -Wnewline-eof -Wno-implicit-fallthrough -isysroot /Applications/Xcode.app/Contents/Developer/Platforms/MacOSX.platform/Developer/SDKs/MacOSX27.0.sdk -fstrict-aliasing -Wdeprecated-declarations -Wsign-conversion -Winfinite-recursion -Wcomma -Wblock-capture-autoreleasing -Wstrict-prototypes -Wno-semicolon-before-method-body -index-store-path /Users/buddhirajgautam/Library/Developer/Xcode/DerivedData/Telegram-Mac-fygdgghdgmuleoelvxabfmqiotta/Index.noindex/DataStore -Wall -Weverything -Wno-unused-macros -Wno-gnu-statement-expression -Wno-arc-repeated-use-of-weak -Wno-auto-import -Wno-gnu-zero-variadic-macro-arguments -Wno-custom-atomic-properties -Wno-implicit-atomic-properties @/Users/buddhirajgautam/Library/Developer/Xcode/DerivedData/Telegram-Mac-fygdgghdgmuleoelvxabfmqiotta/Build/Intermediates.noindex/Sparkle.build/Debug/Sparkle.build/Objects-normal/arm64/7187679823f38a2a940e0043cdf9d637-common-args.resp -MMD -MT dependencies -MF /Users/buddhirajgautam/Library/Developer/Xcode/DerivedData/Telegram-Mac-fygdgghdgmuleoelvxabfmqiotta/Build/Intermediates.noindex/Sparkle.build/Debug/Sparkle.build/Objects-normal/arm64/bscommon.d --serialize-diagnostics /Users/buddhirajgautam/Library/Developer/Xcode/DerivedData/Telegram-Mac-fygdgghdgmuleoelvxabfmqiotta/Build/Intermediates.noindex/Sparkle.build/Debug/Sparkle.build/Objects-normal/arm64/bscommon.dia -c /Users/buddhirajgautam/Documents/Cherrygram-Mac/macOS-Swift/submodules/Sparkle/Vendor/bsdiff/bscommon.c -o /Users/buddhirajgautam/Library/Developer/Xcode/DerivedData/Telegram-Mac-fygdgghdgmuleoelvxabfmqiotta/Build/Intermediates.noindex/Sparkle.build/Debug/Sparkle.build/Objects-normal/arm64/bscommon.o -index-unit-output-path /Sparkle.build/Debug/Sparkle.build/Objects-normal/arm64/bscommon.o

PrecompileModule /Users/buddhirajgautam/Library/Developer/Xcode/DerivedData/Telegram-Mac-fygdgghdgmuleoelvxabfmqiotta/Build/Intermediates.noindex/ExplicitPrecompiledModules/_DarwinFoundation3-8T6SPVAZJNSD6D6A406YF54VW.scan
    cd /
    builtin-precompileModule /Users/buddhirajgautam/Library/Developer/Xcode/DerivedData/Telegram-Mac-fygdgghdgmuleoelvxabfmqiotta/Build/Intermediates.noindex/ExplicitPrecompiledModules/_DarwinFoundation3-8T6SPVAZJNSD6D6A406YF54VW.scan

PrecompileModule /Users/buddhirajgautam/Library/Developer/Xcode/DerivedData/Telegram-Mac-fygdgghdgmuleoelvxabfmqiotta/Build/Intermediates.noindex/ExplicitPrecompiledModules/_Builtin_limits-4C62HLJRBGA3R6E3BPCKK2SBW.scan
    cd /
    builtin-precompileModule /Users/buddhirajgautam/Library/Developer/Xcode/DerivedData/Telegram-Mac-fygdgghdgmuleoelvxabfmqiotta/Build/Intermediates.noindex/ExplicitPrecompiledModules/_Builtin_limits-4C62HLJRBGA3R6E3BPCKK2SBW.scan

PrecompileModule /Users/buddhirajgautam/Library/Developer/Xcode/DerivedData/Telegram-Mac-fygdgghdgmuleoelvxabfmqiotta/Build/Intermediates.noindex/ExplicitPrecompiledModules/_Builtin_stdbool-9BWHQ9DIEQN2H4INHBE12XSXJ.scan
    cd /
    builtin-precompileModule /Users/buddhirajgautam/Library/Developer/Xcode/DerivedData/Telegram-Mac-fygdgghdgmuleoelvxabfmqiotta/Build/Intermediates.noindex/ExplicitPrecompiledModules/_Builtin_stdbool-9BWHQ9DIEQN2H4INHBE12XSXJ.scan

SwiftEmitModule normal arm64 Emitting\ module\ for\ PrivateCallScreen (in target 'PrivateCallScreen' from project 'PrivateCallScreen')

SwiftCompile normal arm64 (in target 'PrivateCallScreen' from project 'PrivateCallScreen')
    cd /Users/buddhirajgautam/Documents/Cherrygram-Mac/macOS-Swift
    

ScanDependencies /Users/buddhirajgautam/Library/Developer/Xcode/DerivedData/Telegram-Mac-fygdgghdgmuleoelvxabfmqiotta/Build/Intermediates.noindex/Sparkle.build/Debug/Sparkle.build/Objects-normal/arm64/add_scalar.o /Users/buddhirajgautam/Documents/Cherrygram-Mac/macOS-Swift/submodules/Sparkle/ed25519/src/add_scalar.c normal arm64 c com.apple.compilers.llvm.clang.1_0.compiler (in target 'Sparkle' from project 'Sparkle')
    cd /Users/buddhirajgautam/Documents/Cherrygram-Mac/macOS-Swift/submodules/Sparkle
    
    Using response file: /Users/buddhirajgautam/Library/Developer/Xcode/DerivedData/Telegram-Mac-fygdgghdgmuleoelvxabfmqiotta/Build/Intermediates.noindex/Sparkle.build/Debug/Sparkle.build/Objects-normal/arm64/7187679823f38a2a940e0043cdf9d637-common-args.resp
    
    builtin-ScanDependencies -o /Users/buddhirajgautam/Library/Developer/Xcode/DerivedData/Telegram-Mac-fygdgghdgmuleoelvxabfmqiotta/Build/Intermediates.noindex/Sparkle.build/Debug/Sparkle.build/Objects-normal/arm64/add_scalar.o.scan -- /Applications/Xcode.app/Contents/Developer/Toolchains/XcodeDefault.xctoolchain/usr/bin/clang -x c -ivfsstatcache /Users/buddhirajgautam/Library/Developer/Xcode/DerivedData/SDKStatCaches.noindex/macosx27.0-26A425-e829b21a6f8c9b70876ba0858053c0447231f6df4def33e022ae2eb8f782df1a.sdkstatcache -target arm64-apple-macos12.0 -fmessage-length\=0 -fdiagnostics-show-note-include-stack -fmacro-backtrace-limit\=0 -fno-color-diagnostics -fmodules-prune-interval\=86400 -fmodules-prune-after\=345600 -fbuild-session-file\=/Users/buddhirajgautam/Library/Developer/Xcode/DerivedData/ModuleCache.noindex/Session.modulevalidation -fmodules-validate-once-per-build-session -Wnon-modular-include-in-framework-module -Werror\=non-modular-include-in-framework-module -Wno-trigraphs -Werror\=incompatible-pointer-types -Werror\=implicit-function-declaration -Wmissing-field-initializers -Wmissing-prototypes -Wdocumentation -Wunreachable-code -Wmissing-braces -Wparentheses -Wswitch -Wunused-function -Wunused-label -Wunused-parameter -Wunused-variable -Wunused-value -Wempty-body -Wuninitialized -Wunknown-pragmas -Wshadow -Wfour-char-constants -Wconversion -Wconstant-conversion -Wint-conversion -Wbool-conversion -Wenum-conversion -Wfloat-conversion -Wnon-literal-null-conversion -Wobjc-literal-conversion -Wassign-enum -Wsign-compare -Wshorten-64-to-32 -Wpointer-sign -Wnewline-eof -Wno-implicit-fallthrough -isysroot /Applications/Xcode.app/Contents/Developer/Platforms/MacOSX.platform/Developer/SDKs/MacOSX27.0.sdk -fstrict-aliasing -Wdeprecated-declarations -Wsign-conversion -Winfinite-recursion -Wcomma -Wblock-capture-autoreleasing -Wstrict-prototypes -Wno-semicolon-before-method-body -index-store-path /Users/buddhirajgautam/Library/Developer/Xcode/DerivedData/Telegram-Mac-fygdgghdgmuleoelvxabfmqiotta/Index.noindex/DataStore -Wall -Weverything -Wno-unused-macros -Wno-gnu-statement-expression -Wno-arc-repeated-use-of-weak -Wno-auto-import -Wno-gnu-zero-variadic-macro-arguments -Wno-custom-atomic-properties -Wno-implicit-atomic-properties @/Users/buddhirajgautam/Library/Developer/Xcode/DerivedData/Telegram-Mac-fygdgghdgmuleoelvxabfmqiotta/Build/Intermediates.noindex/Sparkle.build/Debug/Sparkle.build/Objects-normal/arm64/7187679823f38a2a940e0043cdf9d637-common-args.resp -MMD -MT dependencies -MF /Users/buddhirajgautam/Library/Developer/Xcode/DerivedData/Telegram-Mac-fygdgghdgmuleoelvxabfmqiotta/Build/Intermediates.noindex/Sparkle.build/Debug/Sparkle.build/Objects-normal/arm64/add_scalar.d --serialize-diagnostics /Users/buddhirajgautam/Library/Developer/Xcode/DerivedData/Telegram-Mac-fygdgghdgmuleoelvxabfmqiotta/Build/Intermediates.noindex/Sparkle.build/Debug/Sparkle.build/Objects-normal/arm64/add_scalar.dia -c /Users/buddhirajgautam/Documents/Cherrygram-Mac/macOS-Swift/submodules/Sparkle/ed25519/src/add_scalar.c -o /Users/buddhirajgautam/Library/Developer/Xcode/DerivedData/Telegram-Mac-fygdgghdgmuleoelvxabfmqiotta/Build/Intermediates.noindex/Sparkle.build/Debug/Sparkle.build/Objects-normal/arm64/add_scalar.o -index-unit-output-path /Sparkle.build/Debug/Sparkle.build/Objects-normal/arm64/add_scalar.o

ScanDependencies /Users/buddhirajgautam/Library/Developer/Xcode/DerivedData/Telegram-Mac-fygdgghdgmuleoelvxabfmqiotta/Build/Intermediates.noindex/Sparkle.build/Debug/Sparkle.build/Objects-normal/arm64/SUUserInitiatedUpdateDriver.o /Users/buddhirajgautam/Documents/Cherrygram-Mac/macOS-Swift/submodules/Sparkle/Sparkle/SUUserInitiatedUpdateDriver.m normal arm64 objective-c com.apple.compilers.llvm.clang.1_0.compiler (in target 'Sparkle' from project 'Sparkle')
    cd /Users/buddhirajgautam/Documents/Cherrygram-Mac/macOS-Swift/submodules/Sparkle
    
    Using response file: /Users/buddhirajgautam/Library/Developer/Xcode/DerivedData/Telegram-Mac-fygdgghdgmuleoelvxabfmqiotta/Build/Intermediates.noindex/Sparkle.build/Debug/Sparkle.build/Objects-normal/arm64/e6072d4f65d7061329687fe24e3d63a7-common-args.resp
    
    builtin-ScanDependencies -o /Users/buddhirajgautam/Library/Developer/Xcode/DerivedData/Telegram-Mac-fygdgghdgmuleoelvxabfmqiotta/Build/Intermediates.noindex/Sparkle.build/Debug/Sparkle.build/Objects-normal/arm64/SUUserInitiatedUpdateDriver.o.scan -- /Applications/Xcode.app/Contents/Developer/Toolchains/XcodeDefault.xctoolchain/usr/bin/clang -x objective-c -ivfsstatcache /Users/buddhirajgautam/Library/Developer/Xcode/DerivedData/SDKStatCaches.noindex/macosx27.0-26A425-e829b21a6f8c9b70876ba0858053c0447231f6df4def33e022ae2eb8f782df1a.sdkstatcache -target arm64-apple-macos12.0 -fmessage-length\=0 -fdiagnostics-show-note-include-stack -fmacro-backtrace-limit\=0 -fno-color-diagnostics -fmodules-prune-interval\=86400 -fmodules-prune-after\=345600 -fbuild-session-file\=/Users/buddhirajgautam/Library/Developer/Xcode/DerivedData/ModuleCache.noindex/Session.modulevalidation -fmodules-validate-once-per-build-session -Wnon-modular-include-in-framework-module -Werror\=non-modular-include-in-framework-module -Wno-trigraphs -Werror\=incompatible-pointer-types -Werror\=implicit-function-declaration -Wmissing-field-initializers -Wmissing-prototypes -Wdocumentation -Wunreachable-code -Wimplicit-atomic-properties -Wno-objc-interface-ivars -Wobjc-missing-property-synthesis -Warc-repeated-use-of-weak -Wno-arc-maybe-repeated-use-of-weak -Wexplicit-ownership-type -Wimplicit-retain-self -Wduplicate-method-match -Wmissing-braces -Wparentheses -Wswitch -Wunused-function -Wunused-label -Wunused-parameter -Wunused-variable -Wunused-value -Wempty-body -Wuninitialized -Wunknown-pragmas -Wshadow -Wfour-char-constants -Wconversion -Wconstant-conversion -Wint-conversion -Wbool-conversion -Wenum-conversion -Wfloat-conversion -Wnon-literal-null-conversion -Wobjc-literal-conversion -Wassign-enum -Wsign-compare -Wshorten-64-to-32 -Wpointer-sign -Wnewline-eof -Wselector -Wstrict-selector-match -Wundeclared-selector -Wdeprecated-implementations -Wno-implicit-fallthrough -isysroot /Applications/Xcode.app/Contents/Developer/Platforms/MacOSX.platform/Developer/SDKs/MacOSX27.0.sdk -fstrict-aliasing -Wprotocol -Wdeprecated-declarations -Wsign-conversion -Winfinite-recursion -Wcomma -Wblock-capture-autoreleasing -Wstrict-prototypes -Wno-semicolon-before-method-body -index-store-path /Users/buddhirajgautam/Library/Developer/Xcode/DerivedData/Telegram-Mac-fygdgghdgmuleoelvxabfmqiotta/Index.noindex/DataStore -Wall -Weverything -Wno-unused-macros -Wno-gnu-statement-expression -Wno-arc-repeated-use-of-weak -Wno-auto-import -Wno-gnu-zero-variadic-macro-arguments -Wno-custom-atomic-properties -Wno-implicit-atomic-properties @/Users/buddhirajgautam/Library/Developer/Xcode/DerivedData/Telegram-Mac-fygdgghdgmuleoelvxabfmqiotta/Build/Intermediates.noindex/Sparkle.build/Debug/Sparkle.build/Objects-normal/arm64/e6072d4f65d7061329687fe24e3d63a7-common-args.resp -MMD -MT dependencies -MF /Users/buddhirajgautam/Library/Developer/Xcode/DerivedData/Telegram-Mac-fygdgghdgmuleoelvxabfmqiotta/Build/Intermediates.noindex/Sparkle.build/Debug/Sparkle.build/Objects-normal/arm64/SUUserInitiatedUpdateDriver.d --serialize-diagnostics /Users/buddhirajgautam/Library/Developer/Xcode/DerivedData/Telegram-Mac-fygdgghdgmuleoelvxabfmqiotta/Build/Intermediates.noindex/Sparkle.build/Debug/Sparkle.build/Objects-normal/arm64/SUUserInitiatedUpdateDriver.dia -c /Users/buddhirajgautam/Documents/Cherrygram-Mac/macOS-Swift/submodules/Sparkle/Sparkle/SUUserInitiatedUpdateDriver.m -o /Users/buddhirajgautam/Library/Developer/Xcode/DerivedData/Telegram-Mac-fygdgghdgmuleoelvxabfmqiotta/Build/Intermediates.noindex/Sparkle.build/Debug/Sparkle.build/Objects-normal/arm64/SUUserInitiatedUpdateDriver.o -index-unit-output-path /Sparkle.build/Debug/Sparkle.build/Objects-normal/arm64/SUUserInitiatedUpdateDriver.o

CompileC /Users/buddhirajgautam/Library/Developer/Xcode/DerivedData/Telegram-Mac-fygdgghdgmuleoelvxabfmqiotta/Build/Intermediates.noindex/Sparkle.build/Debug/Sparkle.build/Objects-normal/arm64/add_scalar.o /Users/buddhirajgautam/Documents/Cherrygram-Mac/macOS-Swift/submodules/Sparkle/ed25519/src/add_scalar.c normal arm64 c com.apple.compilers.llvm.clang.1_0.compiler (in target 'Sparkle' from project 'Sparkle')
    cd /Users/buddhirajgautam/Documents/Cherrygram-Mac/macOS-Swift/submodules/Sparkle
    
    Using response file: /Users/buddhirajgautam/Library/Developer/Xcode/DerivedData/Telegram-Mac-fygdgghdgmuleoelvxabfmqiotta/Build/Intermediates.noindex/Sparkle.build/Debug/Sparkle.build/Objects-normal/arm64/7187679823f38a2a940e0043cdf9d637-common-args.resp
    
    /Applications/Xcode.app/Contents/Developer/Toolchains/XcodeDefault.xctoolchain/usr/bin/clang -x c -ivfsstatcache /Users/buddhirajgautam/Library/Developer/Xcode/DerivedData/SDKStatCaches.noindex/macosx27.0-26A425-e829b21a6f8c9b70876ba0858053c0447231f6df4def33e022ae2eb8f782df1a.sdkstatcache -target arm64-apple-macos12.0 -fmessage-length\=0 -fdiagnostics-show-note-include-stack -fmacro-backtrace-limit\=0 -fno-color-diagnostics -fmodules-prune-interval\=86400 -fmodules-prune-after\=345600 -fbuild-session-file\=/Users/buddhirajgautam/Library/Developer/Xcode/DerivedData/ModuleCache.noindex/Session.modulevalidation -fmodules-validate-once-per-build-session -Wnon-modular-include-in-framework-module -Werror\=non-modular-include-in-framework-module -Wno-trigraphs -Werror\=incompatible-pointer-types -Werror\=implicit-function-declaration -Wmissing-field-initializers -Wmissing-prototypes -Wdocumentation -Wunreachable-code -Wmissing-braces -Wparentheses -Wswitch -Wunused-function -Wunused-label -Wunused-parameter -Wunused-variable -Wunused-value -Wempty-body -Wuninitialized -Wunknown-pragmas -Wshadow -Wfour-char-constants -Wconversion -Wconstant-conversion -Wint-conversion -Wbool-conversion -Wenum-conversion -Wfloat-conversion -Wnon-literal-null-conversion -Wobjc-literal-conversion -Wassign-enum -Wsign-compare -Wshorten-64-to-32 -Wpointer-sign -Wnewline-eof -Wno-implicit-fallthrough -isysroot /Applications/Xcode.app/Contents/Developer/Platforms/MacOSX.platform/Developer/SDKs/MacOSX27.0.sdk -fstrict-aliasing -Wdeprecated-declarations -Wsign-conversion -Winfinite-recursion -Wcomma -Wblock-capture-autoreleasing -Wstrict-prototypes -Wno-semicolon-before-method-body -index-store-path /Users/buddhirajgautam/Library/Developer/Xcode/DerivedData/Telegram-Mac-fygdgghdgmuleoelvxabfmqiotta/Index.noindex/DataStore -Wall -Weverything -Wno-unused-macros -Wno-gnu-statement-expression -Wno-arc-repeated-use-of-weak -Wno-auto-import -Wno-gnu-zero-variadic-macro-arguments -Wno-custom-atomic-properties -Wno-implicit-atomic-properties @/Users/buddhirajgautam/Library/Developer/Xcode/DerivedData/Telegram-Mac-fygdgghdgmuleoelvxabfmqiotta/Build/Intermediates.noindex/Sparkle.build/Debug/Sparkle.build/Objects-normal/arm64/7187679823f38a2a940e0043cdf9d637-common-args.resp -MMD -MT dependencies -MF /Users/buddhirajgautam/Library/Developer/Xcode/DerivedData/Telegram-Mac-fygdgghdgmuleoelvxabfmqiotta/Build/Intermediates.noindex/Sparkle.build/Debug/Sparkle.build/Objects-normal/arm64/add_scalar.d --serialize-diagnostics /Users/buddhirajgautam/Library/Developer/Xcode/DerivedData/Telegram-Mac-fygdgghdgmuleoelvxabfmqiotta/Build/Intermediates.noindex/Sparkle.build/Debug/Sparkle.build/Objects-normal/arm64/add_scalar.dia -c /Users/buddhirajgautam/Documents/Cherrygram-Mac/macOS-Swift/submodules/Sparkle/ed25519/src/add_scalar.c -o /Users/buddhirajgautam/Library/Developer/Xcode/DerivedData/Telegram-Mac-fygdgghdgmuleoelvxabfmqiotta/Build/Intermediates.noindex/Sparkle.build/Debug/Sparkle.build/Objects-normal/arm64/add_scalar.o -index-unit-output-path /Sparkle.build/Debug/Sparkle.build/Objects-normal/arm64/add_scalar.o

SwiftDriverJobDiscovery normal arm64 Compiling SoftwareVideoSource.swift, UniversalVideoContentVideoQuality.swift, VideoPlayerProxy.swift (in target 'TelegramMedia' from project 'TelegramMedia')

ScanDependencies /Users/buddhirajgautam/Library/Developer/Xcode/DerivedData/Telegram-Mac-fygdgghdgmuleoelvxabfmqiotta/Build/Intermediates.noindex/Sparkle.build/Debug/Sparkle.build/Objects-normal/arm64/SUUpdater.o /Users/buddhirajgautam/Documents/Cherrygram-Mac/macOS-Swift/submodules/Sparkle/Sparkle/SUUpdater.m normal arm64 objective-c com.apple.compilers.llvm.clang.1_0.compiler (in target 'Sparkle' from project 'Sparkle')
    cd /Users/buddhirajgautam/Documents/Cherrygram-Mac/macOS-Swift/submodules/Sparkle
    
    Using response file: /Users/buddhirajgautam/Library/Developer/Xcode/DerivedData/Telegram-Mac-fygdgghdgmuleoelvxabfmqiotta/Build/Intermediates.noindex/Sparkle.build/Debug/Sparkle.build/Objects-normal/arm64/e6072d4f65d7061329687fe24e3d63a7-common-args.resp
    
    builtin-ScanDependencies -o /Users/buddhirajgautam/Library/Developer/Xcode/DerivedData/Telegram-Mac-fygdgghdgmuleoelvxabfmqiotta/Build/Intermediates.noindex/Sparkle.build/Debug/Sparkle.build/Objects-normal/arm64/SUUpdater.o.scan -- /Applications/Xcode.app/Contents/Developer/Toolchains/XcodeDefault.xctoolchain/usr/bin/clang -x objective-c -ivfsstatcache /Users/buddhirajgautam/Library/Developer/Xcode/DerivedData/SDKStatCaches.noindex/macosx27.0-26A425-e829b21a6f8c9b70876ba0858053c0447231f6df4def33e022ae2eb8f782df1a.sdkstatcache -target arm64-apple-macos12.0 -fmessage-length\=0 -fdiagnostics-show-note-include-stack -fmacro-backtrace-limit\=0 -fno-color-diagnostics -fmodules-prune-interval\=86400 -fmodules-prune-after\=345600 -fbuild-session-file\=/Users/buddhirajgautam/Library/Developer/Xcode/DerivedData/ModuleCache.noindex/Session.modulevalidation -fmodules-validate-once-per-build-session -Wnon-modular-include-in-framework-module -Werror\=non-modular-include-in-framework-module -Wno-trigraphs -Werror\=incompatible-pointer-types -Werror\=implicit-function-declaration -Wmissing-field-initializers -Wmissing-prototypes -Wdocumentation -Wunreachable-code -Wimplicit-atomic-properties -Wno-objc-interface-ivars -Wobjc-missing-property-synthesis -Warc-repeated-use-of-weak -Wno-arc-maybe-repeated-use-of-weak -Wexplicit-ownership-type -Wimplicit-retain-self -Wduplicate-method-match -Wmissing-braces -Wparentheses -Wswitch -Wunused-function -Wunused-label -Wunused-parameter -Wunused-variable -Wunused-value -Wempty-body -Wuninitialized -Wunknown-pragmas -Wshadow -Wfour-char-constants -Wconversion -Wconstant-conversion -Wint-conversion -Wbool-conversion -Wenum-conversion -Wfloat-conversion -Wnon-literal-null-conversion -Wobjc-literal-conversion -Wassign-enum -Wsign-compare -Wshorten-64-to-32 -Wpointer-sign -Wnewline-eof -Wselector -Wstrict-selector-match -Wundeclared-selector -Wdeprecated-implementations -Wno-implicit-fallthrough -isysroot /Applications/Xcode.app/Contents/Developer/Platforms/MacOSX.platform/Developer/SDKs/MacOSX27.0.sdk -fstrict-aliasing -Wprotocol -Wdeprecated-declarations -Wsign-conversion -Winfinite-recursion -Wcomma -Wblock-capture-autoreleasing -Wstrict-prototypes -Wno-semicolon-before-method-body -index-store-path /Users/buddhirajgautam/Library/Developer/Xcode/DerivedData/Telegram-Mac-fygdgghdgmuleoelvxabfmqiotta/Index.noindex/DataStore -Wall -Weverything -Wno-unused-macros -Wno-gnu-statement-expression -Wno-arc-repeated-use-of-weak -Wno-auto-import -Wno-gnu-zero-variadic-macro-arguments -Wno-custom-atomic-properties -Wno-implicit-atomic-properties @/Users/buddhirajgautam/Library/Developer/Xcode/DerivedData/Telegram-Mac-fygdgghdgmuleoelvxabfmqiotta/Build/Intermediates.noindex/Sparkle.build/Debug/Sparkle.build/Objects-normal/arm64/e6072d4f65d7061329687fe24e3d63a7-common-args.resp -MMD -MT dependencies -MF /Users/buddhirajgautam/Library/Developer/Xcode/DerivedData/Telegram-Mac-fygdgghdgmuleoelvxabfmqiotta/Build/Intermediates.noindex/Sparkle.build/Debug/Sparkle.build/Objects-normal/arm64/SUUpdater.d --serialize-diagnostics /Users/buddhirajgautam/Library/Developer/Xcode/DerivedData/Telegram-Mac-fygdgghdgmuleoelvxabfmqiotta/Build/Intermediates.noindex/Sparkle.build/Debug/Sparkle.build/Objects-normal/arm64/SUUpdater.dia -c /Users/buddhirajgautam/Documents/Cherrygram-Mac/macOS-Swift/submodules/Sparkle/Sparkle/SUUpdater.m -o /Users/buddhirajgautam/Library/Developer/Xcode/DerivedData/Telegram-Mac-fygdgghdgmuleoelvxabfmqiotta/Build/Intermediates.noindex/Sparkle.build/Debug/Sparkle.build/Objects-normal/arm64/SUUpdater.o -index-unit-output-path /Sparkle.build/Debug/Sparkle.build/Objects-normal/arm64/SUUpdater.o

CompileC /Users/buddhirajgautam/Library/Developer/Xcode/DerivedData/Telegram-Mac-fygdgghdgmuleoelvxabfmqiotta/Build/Intermediates.noindex/Sparkle.build/Debug/Sparkle.build/Objects-normal/arm64/bscommon.o /Users/buddhirajgautam/Documents/Cherrygram-Mac/macOS-Swift/submodules/Sparkle/Vendor/bsdiff/bscommon.c normal arm64 c com.apple.compilers.llvm.clang.1_0.compiler (in target 'Sparkle' from project 'Sparkle')
    cd /Users/buddhirajgautam/Documents/Cherrygram-Mac/macOS-Swift/submodules/Sparkle
    
    Using response file: /Users/buddhirajgautam/Library/Developer/Xcode/DerivedData/Telegram-Mac-fygdgghdgmuleoelvxabfmqiotta/Build/Intermediates.noindex/Sparkle.build/Debug/Sparkle.build/Objects-normal/arm64/7187679823f38a2a940e0043cdf9d637-common-args.resp
    
    /Applications/Xcode.app/Contents/Developer/Toolchains/XcodeDefault.xctoolchain/usr/bin/clang -x c -ivfsstatcache /Users/buddhirajgautam/Library/Developer/Xcode/DerivedData/SDKStatCaches.noindex/macosx27.0-26A425-e829b21a6f8c9b70876ba0858053c0447231f6df4def33e022ae2eb8f782df1a.sdkstatcache -target arm64-apple-macos12.0 -fmessage-length\=0 -fdiagnostics-show-note-include-stack -fmacro-backtrace-limit\=0 -fno-color-diagnostics -fmodules-prune-interval\=86400 -fmodules-prune-after\=345600 -fbuild-session-file\=/Users/buddhirajgautam/Library/Developer/Xcode/DerivedData/ModuleCache.noindex/Session.modulevalidation -fmodules-validate-once-per-build-session -Wnon-modular-include-in-framework-module -Werror\=non-modular-include-in-framework-module -Wno-trigraphs -Werror\=incompatible-pointer-types -Werror\=implicit-function-declaration -Wmissing-field-initializers -Wmissing-prototypes -Wdocumentation -Wunreachable-code -Wmissing-braces -Wparentheses -Wswitch -Wunused-function -Wunused-label -Wunused-parameter -Wunused-variable -Wunused-value -Wempty-body -Wuninitialized -Wunknown-pragmas -Wshadow -Wfour-char-constants -Wconversion -Wconstant-conversion -Wint-conversion -Wbool-conversion -Wenum-conversion -Wfloat-conversion -Wnon-literal-null-conversion -Wobjc-literal-conversion -Wassign-enum -Wsign-compare -Wshorten-64-to-32 -Wpointer-sign -Wnewline-eof -Wno-implicit-fallthrough -isysroot /Applications/Xcode.app/Contents/Developer/Platforms/MacOSX.platform/Developer/SDKs/MacOSX27.0.sdk -fstrict-aliasing -Wdeprecated-declarations -Wsign-conversion -Winfinite-recursion -Wcomma -Wblock-capture-autoreleasing -Wstrict-prototypes -Wno-semicolon-before-method-body -index-store-path /Users/buddhirajgautam/Library/Developer/Xcode/DerivedData/Telegram-Mac-fygdgghdgmuleoelvxabfmqiotta/Index.noindex/DataStore -Wall -Weverything -Wno-unused-macros -Wno-gnu-statement-expression -Wno-arc-repeated-use-of-weak -Wno-auto-import -Wno-gnu-zero-variadic-macro-arguments -Wno-custom-atomic-properties -Wno-implicit-atomic-properties @/Users/buddhirajgautam/Library/Developer/Xcode/DerivedData/Telegram-Mac-fygdgghdgmuleoelvxabfmqiotta/Build/Intermediates.noindex/Sparkle.build/Debug/Sparkle.build/Objects-normal/arm64/7187679823f38a2a940e0043cdf9d637-common-args.resp -MMD -MT dependencies -MF /Users/buddhirajgautam/Library/Developer/Xcode/DerivedData/Telegram-Mac-fygdgghdgmuleoelvxabfmqiotta/Build/Intermediates.noindex/Sparkle.build/Debug/Sparkle.build/Objects-normal/arm64/bscommon.d --serialize-diagnostics /Users/buddhirajgautam/Library/Developer/Xcode/DerivedData/Telegram-Mac-fygdgghdgmuleoelvxabfmqiotta/Build/Intermediates.noindex/Sparkle.build/Debug/Sparkle.build/Objects-normal/arm64/bscommon.dia -c /Users/buddhirajgautam/Documents/Cherrygram-Mac/macOS-Swift/submodules/Sparkle/Vendor/bsdiff/bscommon.c -o /Users/buddhirajgautam/Library/Developer/Xcode/DerivedData/Telegram-Mac-fygdgghdgmuleoelvxabfmqiotta/Build/Intermediates.noindex/Sparkle.build/Debug/Sparkle.build/Objects-normal/arm64/bscommon.o -index-unit-output-path /Sparkle.build/Debug/Sparkle.build/Objects-normal/arm64/bscommon.o
/Users/buddhirajgautam/Documents/Cherrygram-Mac/macOS-Swift/submodules/Sparkle/Vendor/bsdiff/bscommon.c:38:12: warning: implicit conversion when assigning to 'u_char *' (aka 'unsigned char *') from type 'void *' is not permitted in C++ [-Wimplicit-void-ptr-cast]
   38 |     buffer = malloc(size + 1);
      |            ^ ~~~~~~~~~~~~~~~~
/Users/buddhirajgautam/Documents/Cherrygram-Mac/macOS-Swift/submodules/Sparkle/Vendor/bsdiff/bscommon.c:25:10: warning: mixing declarations and code is incompatible with standards before C99 [-Wdeclaration-after-statement]
   25 |     long offset = ftell(file);
      |          ^
/Users/buddhirajgautam/Documents/Cherrygram-Mac/macOS-Swift/submodules/Sparkle/Vendor/bsdiff/bscommon.c:27:9: warning: jump from this goto statement to its label is incompatible with C++ [-Wjump-misses-init]
   27 |         goto cleanup;
      |         ^
/Users/buddhirajgautam/Documents/Cherrygram-Mac/macOS-Swift/submodules/Sparkle/Vendor/bsdiff/bscommon.c:30:12: note: jump bypasses variable initialization
   30 |     size_t size = (size_t)offset;
      |            ^
/Users/buddhirajgautam/Documents/Cherrygram-Mac/macOS-Swift/submodules/Sparkle/Vendor/bsdiff/bscommon.c:22:9: warning: jump from this goto statement to its label is incompatible with C++ [-Wjump-misses-init]
   22 |         goto cleanup;
      |         ^
/Users/buddhirajgautam/Documents/Cherrygram-Mac/macOS-Swift/submodules/Sparkle/Vendor/bsdiff/bscommon.c:30:12: note: jump bypasses variable initialization
   30 |     size_t size = (size_t)offset;
      |            ^
/Users/buddhirajgautam/Documents/Cherrygram-Mac/macOS-Swift/submodules/Sparkle/Vendor/bsdiff/bscommon.c:25:10: note: jump bypasses variable initialization
   25 |     long offset = ftell(file);
      |          ^
/Users/buddhirajgautam/Documents/Cherrygram-Mac/macOS-Swift/submodules/Sparkle/Vendor/bsdiff/bscommon.c:18:9: warning: jump from this goto statement to its label is incompatible with C++ [-Wjump-misses-init]
   18 |         goto cleanup;
      |         ^
/Users/buddhirajgautam/Documents/Cherrygram-Mac/macOS-Swift/submodules/Sparkle/Vendor/bsdiff/bscommon.c:30:12: note: jump bypasses variable initialization
   30 |     size_t size = (size_t)offset;
      |            ^
/Users/buddhirajgautam/Documents/Cherrygram-Mac/macOS-Swift/submodules/Sparkle/Vendor/bsdiff/bscommon.c:25:10: note: jump bypasses variable initialization
   25 |     long offset = ftell(file);
      |          ^
5 warnings generated.

PrecompileModule /Users/buddhirajgautam/Library/Developer/Xcode/DerivedData/Telegram-Mac-fygdgghdgmuleoelvxabfmqiotta/Build/Intermediates.noindex/ExplicitPrecompiledModules/_Builtin_inttypes-CAY3DAB55DUUCDJ893LE25QMI.scan
    cd /
    builtin-precompileModule /Users/buddhirajgautam/Library/Developer/Xcode/DerivedData/Telegram-Mac-fygdgghdgmuleoelvxabfmqiotta/Build/Intermediates.noindex/ExplicitPrecompiledModules/_Builtin_inttypes-CAY3DAB55DUUCDJ893LE25QMI.scan

ScanDependencies /Users/buddhirajgautam/Library/Developer/Xcode/DerivedData/Telegram-Mac-fygdgghdgmuleoelvxabfmqiotta/Build/Intermediates.noindex/Sparkle.build/Debug/Sparkle.build/Objects-normal/arm64/SUUpdateValidator.o /Users/buddhirajgautam/Documents/Cherrygram-Mac/macOS-Swift/submodules/Sparkle/Sparkle/SUUpdateValidator.m normal arm64 objective-c com.apple.compilers.llvm.clang.1_0.compiler (in target 'Sparkle' from project 'Sparkle')
    cd /Users/buddhirajgautam/Documents/Cherrygram-Mac/macOS-Swift/submodules/Sparkle
    
    Using response file: /Users/buddhirajgautam/Library/Developer/Xcode/DerivedData/Telegram-Mac-fygdgghdgmuleoelvxabfmqiotta/Build/Intermediates.noindex/Sparkle.build/Debug/Sparkle.build/Objects-normal/arm64/e6072d4f65d7061329687fe24e3d63a7-common-args.resp
    
    builtin-ScanDependencies -o /Users/buddhirajgautam/Library/Developer/Xcode/DerivedData/Telegram-Mac-fygdgghdgmuleoelvxabfmqiotta/Build/Intermediates.noindex/Sparkle.build/Debug/Sparkle.build/Objects-normal/arm64/SUUpdateValidator.o.scan -- /Applications/Xcode.app/Contents/Developer/Toolchains/XcodeDefault.xctoolchain/usr/bin/clang -x objective-c -ivfsstatcache /Users/buddhirajgautam/Library/Developer/Xcode/DerivedData/SDKStatCaches.noindex/macosx27.0-26A425-e829b21a6f8c9b70876ba0858053c0447231f6df4def33e022ae2eb8f782df1a.sdkstatcache -target arm64-apple-macos12.0 -fmessage-length\=0 -fdiagnostics-show-note-include-stack -fmacro-backtrace-limit\=0 -fno-color-diagnostics -fmodules-prune-interval\=86400 -fmodules-prune-after\=345600 -fbuild-session-file\=/Users/buddhirajgautam/Library/Developer/Xcode/DerivedData/ModuleCache.noindex/Session.modulevalidation -fmodules-validate-once-per-build-session -Wnon-modular-include-in-framework-module -Werror\=non-modular-include-in-framework-module -Wno-trigraphs -Werror\=incompatible-pointer-types -Werror\=implicit-function-declaration -Wmissing-field-initializers -Wmissing-prototypes -Wdocumentation -Wunreachable-code -Wimplicit-atomic-properties -Wno-objc-interface-ivars -Wobjc-missing-property-synthesis -Warc-repeated-use-of-weak -Wno-arc-maybe-repeated-use-of-weak -Wexplicit-ownership-type -Wimplicit-retain-self -Wduplicate-method-match -Wmissing-braces -Wparentheses -Wswitch -Wunused-function -Wunused-label -Wunused-parameter -Wunused-variable -Wunused-value -Wempty-body -Wuninitialized -Wunknown-pragmas -Wshadow -Wfour-char-constants -Wconversion -Wconstant-conversion -Wint-conversion -Wbool-conversion -Wenum-conversion -Wfloat-conversion -Wnon-literal-null-conversion -Wobjc-literal-conversion -Wassign-enum -Wsign-compare -Wshorten-64-to-32 -Wpointer-sign -Wnewline-eof -Wselector -Wstrict-selector-match -Wundeclared-selector -Wdeprecated-implementations -Wno-implicit-fallthrough -isysroot /Applications/Xcode.app/Contents/Developer/Platforms/MacOSX.platform/Developer/SDKs/MacOSX27.0.sdk -fstrict-aliasing -Wprotocol -Wdeprecated-declarations -Wsign-conversion -Winfinite-recursion -Wcomma -Wblock-capture-autoreleasing -Wstrict-prototypes -Wno-semicolon-before-method-body -index-store-path /Users/buddhirajgautam/Library/Developer/Xcode/DerivedData/Telegram-Mac-fygdgghdgmuleoelvxabfmqiotta/Index.noindex/DataStore -Wall -Weverything -Wno-unused-macros -Wno-gnu-statement-expression -Wno-arc-repeated-use-of-weak -Wno-auto-import -Wno-gnu-zero-variadic-macro-arguments -Wno-custom-atomic-properties -Wno-implicit-atomic-properties @/Users/buddhirajgautam/Library/Developer/Xcode/DerivedData/Telegram-Mac-fygdgghdgmuleoelvxabfmqiotta/Build/Intermediates.noindex/Sparkle.build/Debug/Sparkle.build/Objects-normal/arm64/e6072d4f65d7061329687fe24e3d63a7-common-args.resp -MMD -MT dependencies -MF /Users/buddhirajgautam/Library/Developer/Xcode/DerivedData/Telegram-Mac-fygdgghdgmuleoelvxabfmqiotta/Build/Intermediates.noindex/Sparkle.build/Debug/Sparkle.build/Objects-normal/arm64/SUUpdateValidator.d --serialize-diagnostics /Users/buddhirajgautam/Library/Developer/Xcode/DerivedData/Telegram-Mac-fygdgghdgmuleoelvxabfmqiotta/Build/Intermediates.noindex/Sparkle.build/Debug/Sparkle.build/Objects-normal/arm64/SUUpdateValidator.dia -c /Users/buddhirajgautam/Documents/Cherrygram-Mac/macOS-Swift/submodules/Sparkle/Sparkle/SUUpdateValidator.m -o /Users/buddhirajgautam/Library/Developer/Xcode/DerivedData/Telegram-Mac-fygdgghdgmuleoelvxabfmqiotta/Build/Intermediates.noindex/Sparkle.build/Debug/Sparkle.build/Objects-normal/arm64/SUUpdateValidator.o -index-unit-output-path /Sparkle.build/Debug/Sparkle.build/Objects-normal/arm64/SUUpdateValidator.o

ScanDependencies /Users/buddhirajgautam/Library/Developer/Xcode/DerivedData/Telegram-Mac-fygdgghdgmuleoelvxabfmqiotta/Build/Intermediates.noindex/Sparkle.build/Debug/Sparkle.build/Objects-normal/arm64/SUUpdatePermissionResponse.o /Users/buddhirajgautam/Documents/Cherrygram-Mac/macOS-Swift/submodules/Sparkle/Sparkle/SUUpdatePermissionResponse.m normal arm64 objective-c com.apple.compilers.llvm.clang.1_0.compiler (in target 'Sparkle' from project 'Sparkle')
    cd /Users/buddhirajgautam/Documents/Cherrygram-Mac/macOS-Swift/submodules/Sparkle
    
    Using response file: /Users/buddhirajgautam/Library/Developer/Xcode/DerivedData/Telegram-Mac-fygdgghdgmuleoelvxabfmqiotta/Build/Intermediates.noindex/Sparkle.build/Debug/Sparkle.build/Objects-normal/arm64/e6072d4f65d7061329687fe24e3d63a7-common-args.resp
    
    builtin-ScanDependencies -o /Users/buddhirajgautam/Library/Developer/Xcode/DerivedData/Telegram-Mac-fygdgghdgmuleoelvxabfmqiotta/Build/Intermediates.noindex/Sparkle.build/Debug/Sparkle.build/Objects-normal/arm64/SUUpdatePermissionResponse.o.scan -- /Applications/Xcode.app/Contents/Developer/Toolchains/XcodeDefault.xctoolchain/usr/bin/clang -x objective-c -ivfsstatcache /Users/buddhirajgautam/Library/Developer/Xcode/DerivedData/SDKStatCaches.noindex/macosx27.0-26A425-e829b21a6f8c9b70876ba0858053c0447231f6df4def33e022ae2eb8f782df1a.sdkstatcache -target arm64-apple-macos12.0 -fmessage-length\=0 -fdiagnostics-show-note-include-stack -fmacro-backtrace-limit\=0 -fno-color-diagnostics -fmodules-prune-interval\=86400 -fmodules-prune-after\=345600 -fbuild-session-file\=/Users/buddhirajgautam/Library/Developer/Xcode/DerivedData/ModuleCache.noindex/Session.modulevalidation -fmodules-validate-once-per-build-session -Wnon-modular-include-in-framework-module -Werror\=non-modular-include-in-framework-module -Wno-trigraphs -Werror\=incompatible-pointer-types -Werror\=implicit-function-declaration -Wmissing-field-initializers -Wmissing-prototypes -Wdocumentation -Wunreachable-code -Wimplicit-atomic-properties -Wno-objc-interface-ivars -Wobjc-missing-property-synthesis -Warc-repeated-use-of-weak -Wno-arc-maybe-repeated-use-of-weak -Wexplicit-ownership-type -Wimplicit-retain-self -Wduplicate-method-match -Wmissing-braces -Wparentheses -Wswitch -Wunused-function -Wunused-label -Wunused-parameter -Wunused-variable -Wunused-value -Wempty-body -Wuninitialized -Wunknown-pragmas -Wshadow -Wfour-char-constants -Wconversion -Wconstant-conversion -Wint-conversion -Wbool-conversion -Wenum-conversion -Wfloat-conversion -Wnon-literal-null-conversion -Wobjc-literal-conversion -Wassign-enum -Wsign-compare -Wshorten-64-to-32 -Wpointer-sign -Wnewline-eof -Wselector -Wstrict-selector-match -Wundeclared-selector -Wdeprecated-implementations -Wno-implicit-fallthrough -isysroot /Applications/Xcode.app/Contents/Developer/Platforms/MacOSX.platform/Developer/SDKs/MacOSX27.0.sdk -fstrict-aliasing -Wprotocol -Wdeprecated-declarations -Wsign-conversion -Winfinite-recursion -Wcomma -Wblock-capture-autoreleasing -Wstrict-prototypes -Wno-semicolon-before-method-body -index-store-path /Users/buddhirajgautam/Library/Developer/Xcode/DerivedData/Telegram-Mac-fygdgghdgmuleoelvxabfmqiotta/Index.noindex/DataStore -Wall -Weverything -Wno-unused-macros -Wno-gnu-statement-expression -Wno-arc-repeated-use-of-weak -Wno-auto-import -Wno-gnu-zero-variadic-macro-arguments -Wno-custom-atomic-properties -Wno-implicit-atomic-properties @/Users/buddhirajgautam/Library/Developer/Xcode/DerivedData/Telegram-Mac-fygdgghdgmuleoelvxabfmqiotta/Build/Intermediates.noindex/Sparkle.build/Debug/Sparkle.build/Objects-normal/arm64/e6072d4f65d7061329687fe24e3d63a7-common-args.resp -MMD -MT dependencies -MF /Users/buddhirajgautam/Library/Developer/Xcode/DerivedData/Telegram-Mac-fygdgghdgmuleoelvxabfmqiotta/Build/Intermediates.noindex/Sparkle.build/Debug/Sparkle.build/Objects-normal/arm64/SUUpdatePermissionResponse.d --serialize-diagnostics /Users/buddhirajgautam/Library/Developer/Xcode/DerivedData/Telegram-Mac-fygdgghdgmuleoelvxabfmqiotta/Build/Intermediates.noindex/Sparkle.build/Debug/Sparkle.build/Objects-normal/arm64/SUUpdatePermissionResponse.dia -c /Users/buddhirajgautam/Documents/Cherrygram-Mac/macOS-Swift/submodules/Sparkle/Sparkle/SUUpdatePermissionResponse.m -o /Users/buddhirajgautam/Library/Developer/Xcode/DerivedData/Telegram-Mac-fygdgghdgmuleoelvxabfmqiotta/Build/Intermediates.noindex/Sparkle.build/Debug/Sparkle.build/Objects-normal/arm64/SUUpdatePermissionResponse.o -index-unit-output-path /Sparkle.build/Debug/Sparkle.build/Objects-normal/arm64/SUUpdatePermissionResponse.o

SwiftExplicitDependencyGeneratePcm arm64 /Users/buddhirajgautam/Library/Developer/Xcode/DerivedData/Telegram-Mac-fygdgghdgmuleoelvxabfmqiotta/Build/Intermediates.noindex/SwiftExplicitPrecompiledModules/RingBuffer-23XFAWMCRABUZHBL9BK3EDY4E.pcm

SwiftExplicitDependencyGeneratePcm arm64 /Users/buddhirajgautam/Library/Developer/Xcode/DerivedData/Telegram-Mac-fygdgghdgmuleoelvxabfmqiotta/Build/Intermediates.noindex/SwiftExplicitPrecompiledModules/FFMpegBinding-77P80ZL2TJ3QSRTQR0156U9ZY.pcm
<module-includes>:1:9: note: in file included from <module-includes>:1:
1 | #import "/Users/buddhirajgautam/Documents/Cherrygram-Mac/macOS-Swift/submodules/telegram-ios/submodules/FFMpegBinding/Public/FFMpegBinding/FFMpegBinding.h"
  |         `- note: in file included from <module-includes>:1:
2 | 

/Users/buddhirajgautam/Documents/Cherrygram-Mac/macOS-Swift/submodules/telegram-ios/submodules/FFMpegBinding/Public/FFMpegBinding/FFMpegBinding.h:15:1: warning: umbrella header for module 'FFMpegBinding' does not include header 'FFMpegVideoWriter.h'
13 | #import <FFMpegBinding/FFMpegLiveMuxer.h>
14 | #import <FFMpegBinding/FrameConverter.h>
15 | 
   | `- warning: umbrella header for module 'FFMpegBinding' does not include header 'FFMpegVideoWriter.h'

<module-includes>:1:9: note: in file included from <module-includes>:1:
1 | #import "/Users/buddhirajgautam/Documents/Cherrygram-Mac/macOS-Swift/submodules/telegram-ios/submodules/FFMpegBinding/Public/FFMpegBinding/FFMpegBinding.h"
  |         `- note: in file included from <module-includes>:1:
2 | 

2 warnings generated.
/Users/buddhirajgautam/Documents/Cherrygram-Mac/macOS-Swift/submodules/telegram-ios/submodules/FFMpegBinding/Public/FFMpegBinding/FFMpegBinding.h:15:1: warning: umbrella header for module 'FFMpegBinding' does not include header 'FFMpegOpusTrimmer.h'
13 | #import <FFMpegBinding/FFMpegLiveMuxer.h>
14 | #import <FFMpegBinding/FrameConverter.h>
15 | 
   | `- warning: umbrella header for module 'FFMpegBinding' does not include header 'FFMpegOpusTrimmer.h'

SwiftExplicitDependencyGeneratePcm arm64 /Users/buddhirajgautam/Library/Developer/Xcode/DerivedData/Telegram-Mac-fygdgghdgmuleoelvxabfmqiotta/Build/Intermediates.noindex/SwiftExplicitPrecompiledModules/StringTransliteration-BEVQBNC0XAMMWF0ALQEJI5F3U.pcm

SwiftDriverJobDiscovery normal arm64 Compiling HLSVideoJSNativeContentView.swift, JsCorePolyfillsExport.swift, LottieBufferCompressor.swift (in target 'TelegramMedia' from project 'TelegramMedia')

SwiftExplicitDependencyGeneratePcm arm64 /Users/buddhirajgautam/Library/Developer/Xcode/DerivedData/Telegram-Mac-fygdgghdgmuleoelvxabfmqiotta/Build/Intermediates.noindex/SwiftExplicitPrecompiledModules/DarwinDirStat-167UI6PKO8YW7QH31I9EESA3N.pcm

SwiftExplicitDependencyGeneratePcm arm64 /Users/buddhirajgautam/Library/Developer/Xcode/DerivedData/Telegram-Mac-fygdgghdgmuleoelvxabfmqiotta/Build/Intermediates.noindex/SwiftExplicitPrecompiledModules/Svg-2WYYC05B4TSU6VU6ER7ZBCKQ7.pcm

SwiftExplicitDependencyGeneratePcm arm64 /Users/buddhirajgautam/Library/Developer/Xcode/DerivedData/Telegram-Mac-fygdgghdgmuleoelvxabfmqiotta/Build/Intermediates.noindex/SwiftExplicitPrecompiledModules/DateUtils-74HPPDSOGY5S79H6QJKD3UU9B.pcm

SwiftExplicitDependencyGeneratePcm arm64 /Users/buddhirajgautam/Library/Developer/Xcode/DerivedData/Telegram-Mac-fygdgghdgmuleoelvxabfmqiotta/Build/Intermediates.noindex/SwiftExplicitPrecompiledModules/YuvConversion-6ZGE1YFDRMV3TPXFGM0EKOTF.pcm

SwiftExplicitDependencyGeneratePcm arm64 /Users/buddhirajgautam/Library/Developer/Xcode/DerivedData/Telegram-Mac-fygdgghdgmuleoelvxabfmqiotta/Build/Intermediates.noindex/SwiftExplicitPrecompiledModules/ObjcUtils-7WF4ON0G8454ZHMJMVYXBK6TJ.pcm
<module-includes>:1:9: note: in file included from <module-includes>:1:
1 | #import "/Users/buddhirajgautam/Documents/Cherrygram-Mac/macOS-Swift/packages/ObjcUtils/Sources/ObjcUtils/ObjcUtils.h"
  |         `- note: in file included from <module-includes>:1:
2 | 

/Users/buddhirajgautam/Documents/Cherrygram-Mac/macOS-Swift/packages/ObjcUtils/Sources/ObjcUtils/ObjcUtils.h:16:49: warning: pointer is missing a nullability type specifier (_Nonnull, _Nullable, or _Null_unspecified)
14 | 
15 | @interface OpenWithObject : NSObject
16 | @property (nonatomic, strong,readonly) NSString *fullname;
   |                                                 |- warning: pointer is missing a nullability type specifier (_Nonnull, _Nullable, or _Null_unspecified)
   |                                                 |- note: insert '_Nullable' if the pointer may be null
   |                                                 `- note: insert '_Nonnull' if the pointer should never be null
17 | @property (nonatomic, strong,readonly) NSURL *app;
18 | @property (nonatomic, strong,readonly) NSImage *icon;

<module-includes>:1:9: note: in file included from <module-includes>:1:
1 | #import "/Users/buddhirajgautam/Documents/Cherrygram-Mac/macOS-Swift/packages/ObjcUtils/Sources/ObjcUtils/ObjcUtils.h"
  |         `- note: in file included from <module-includes>:1:
2 | 

/Users/buddhirajgautam/Documents/Cherrygram-Mac/macOS-Swift/packages/ObjcUtils/Sources/ObjcUtils/ObjcUtils.h:33:23: warning: pointer is missing a nullability type specifier (_Nonnull, _Nullable, or _Null_unspecified)
31 | +(NSArray<NSView *> *__nonnull)findElementsByClass:(NSString *__nonnull)className inView:(NSView *__nonnull)view;
32 | +(NSString * __nonnull)stringForEmojiHashOfData:(NSData *__nonnull)data count:(NSInteger)count positionExtractor:(int32_t (^__nonnull)(uint8_t *__nonnull, int32_t, int32_t))positionExtractor;
33 | +(NSArray<NSNumber *> *)bufferList:(CMSampleBufferRef)sampleBuffer;
   |                       |- warning: pointer is missing a nullability type specifier (_Nonnull, _Nullable, or _Null_unspecified)
   |                       |- note: insert '_Nullable' if the pointer may be null
   |                       `- note: insert '_Nonnull' if the pointer should never be null
34 | +(NSString * __nonnull)callEmojies:(NSData *__nonnull)keySha256;
35 | +(NSString * __nonnull)randomCallsEmoji;

<module-includes>:1:9: note: in file included from <module-includes>:1:
1 | #import "/Users/buddhirajgautam/Documents/Cherrygram-Mac/macOS-Swift/packages/ObjcUtils/Sources/ObjcUtils/ObjcUtils.h"
  |         `- note: in file included from <module-includes>:1:
2 | 

/Users/buddhirajgautam/Documents/Cherrygram-Mac/macOS-Swift/packages/ObjcUtils/Sources/ObjcUtils/ObjcUtils.h:33:37: warning: pointer is missing a nullability type specifier (_Nonnull, _Nullable, or _Null_unspecified)
31 | +(NSArray<NSView *> *__nonnull)findElementsByClass:(NSString *__nonnull)className inView:(NSView *__nonnull)view;
32 | +(NSString * __nonnull)stringForEmojiHashOfData:(NSData *__nonnull)data count:(NSInteger)count positionExtractor:(int32_t (^__nonnull)(uint8_t *__nonnull, int32_t, int32_t))positionExtractor;
33 | +(NSArray<NSNumber *> *)bufferList:(CMSampleBufferRef)sampleBuffer;
   |                                     |- warning: pointer is missing a nullability type specifier (_Nonnull, _Nullable, or _Null_unspecified)
   |                                     |- note: insert '_Nullable' if the pointer may be null
   |                                     `- note: insert '_Nonnull' if the pointer should never be null
34 | +(NSString * __nonnull)callEmojies:(NSData *__nonnull)keySha256;
35 | +(NSString * __nonnull)randomCallsEmoji;

<module-includes>:1:9: note: in file included from <module-includes>:1:
1 | #import "/Users/buddhirajgautam/Documents/Cherrygram-Mac/macOS-Swift/packages/ObjcUtils/Sources/ObjcUtils/ObjcUtils.h"
  |         `- note: in file included from <module-includes>:1:
2 | 

/Users/buddhirajgautam/Documents/Cherrygram-Mac/macOS-Swift/packages/ObjcUtils/Sources/ObjcUtils/ObjcUtils.h:44:151: warning: pointer is missing a nullability type specifier (_Nonnull, _Nullable, or _Null_unspecified)
42 | +(NSArray<NSString *> * __nonnull)notificationTones:(NSString * __nonnull)def;
43 | +(NSString * __nullable)youtubeIdentifier:(NSString * __nonnull)url;;
44 | + (NSString * __nullable)_youtubeVideoIdFromText:(NSString * __nullable)text originalUrl:(NSString * __nullable)originalUrl startTime:(NSTimeInterval *)startTime;
   |                                                                                                                                                       |- warning: pointer is missing a nullability type specifier (_Nonnull, _Nullable, or _Null_unspecified)
   |                                                                                                                                                       |- note: insert '_Nullable' if the pointer may be null
   |                                                                                                                                                       `- note: insert '_Nonnull' if the pointer should never be null
45 | +(NSArray<OpenWithObject *> *)appsForFileUrl:(NSString *)fileUrl;
46 | 

<module-includes>:1:9: note: in file included from <module-includes>:1:
1 | #import "/Users/buddhirajgautam/Documents/Cherrygram-Mac/macOS-Swift/packages/ObjcUtils/Sources/ObjcUtils/ObjcUtils.h"
  |         `- note: in file included from <module-includes>:1:
2 | 

/Users/buddhirajgautam/Documents/Cherrygram-Mac/macOS-Swift/packages/ObjcUtils/Sources/ObjcUtils/ObjcUtils.h:45:29: warning: pointer is missing a nullability type specifier (_Nonnull, _Nullable, or _Null_unspecified)
43 | +(NSString * __nullable)youtubeIdentifier:(NSString * __nonnull)url;;
44 | + (NSString * __nullable)_youtubeVideoIdFromText:(NSString * __nullable)text originalUrl:(NSString * __nullable)originalUrl startTime:(NSTimeInterval *)startTime;
45 | +(NSArray<OpenWithObject *> *)appsForFileUrl:(NSString *)fileUrl;
   |                             |- warning: pointer is missing a nullability type specifier (_Nonnull, _Nullable, or _Null_unspecified)
   |                             |- note: insert '_Nullable' if the pointer may be null
   |                             `- note: insert '_Nonnull' if the pointer should never be null
46 | 
47 |     

<module-includes>:1:9: note: in file included from <module-includes>:1:
1 | #import "/Users/buddhirajgautam/Documents/Cherrygram-Mac/macOS-Swift/packages/ObjcUtils/Sources/ObjcUtils/ObjcUtils.h"
  |         `- note: in file included from <module-includes>:1:
2 | 

/Users/buddhirajgautam/Documents/Cherrygram-Mac/macOS-Swift/packages/ObjcUtils/Sources/ObjcUtils/ObjcUtils.h:45:56: warning: pointer is missing a nullability type specifier (_Nonnull, _Nullable, or _Null_unspecified)
43 | +(NSString * __nullable)youtubeIdentifier:(NSString * __nonnull)url;;
44 | + (NSString * __nullable)_youtubeVideoIdFromText:(NSString * __nullable)text originalUrl:(NSString * __nullable)originalUrl startTime:(NSTimeInterval *)startTime;
45 | +(NSArray<OpenWithObject *> *)appsForFileUrl:(NSString *)fileUrl;
   |                                                        |- warning: pointer is missing a nullability type specifier (_Nonnull, _Nullable, or _Null_unspecified)
   |                                                        |- note: insert '_Nullable' if the pointer may be null
   |                                                        `- note: insert '_Nonnull' if the pointer should never be null
46 | 
47 |     

<module-includes>:1:9: note: in file included from <module-includes>:1:
1 | #import "/Users/buddhirajgautam/Documents/Cherrygram-Mac/macOS-Swift/packages/ObjcUtils/Sources/ObjcUtils/ObjcUtils.h"
  |         `- note: in file included from <module-includes>:1:
2 | 

/Users/buddhirajgautam/Documents/Cherrygram-Mac/macOS-Swift/packages/ObjcUtils/Sources/ObjcUtils/ObjcUtils.h:60:60: warning: pointer is missing a nullability type specifier (_Nonnull, _Nullable, or _Null_unspecified)
58 | //@end
59 | 
60 | NSArray<NSString *> *  __nonnull cut_long_message(NSString *message, int max_length);
   |                                                            |- warning: pointer is missing a nullability type specifier (_Nonnull, _Nullable, or _Null_unspecified)
   |                                                            |- note: insert '_Nullable' if the pointer may be null
   |                                                            `- note: insert '_Nonnull' if the pointer should never be null
61 | int64_t SystemIdleTime(void);
62 | NSDictionary<NSString *, NSString *> * __nonnull audioTags(AVURLAsset *asset);

<module-includes>:1:9: note: in file included from <module-includes>:1:
1 | #import "/Users/buddhirajgautam/Documents/Cherrygram-Mac/macOS-Swift/packages/ObjcUtils/Sources/ObjcUtils/ObjcUtils.h"
  |         `- note: in file included from <module-includes>:1:
2 | 

/Users/buddhirajgautam/Documents/Cherrygram-Mac/macOS-Swift/packages/ObjcUtils/Sources/ObjcUtils/ObjcUtils.h:62:71: warning: pointer is missing a nullability type specifier (_Nonnull, _Nullable, or _Null_unspecified)
60 | NSArray<NSString *> *  __nonnull cut_long_message(NSString *message, int max_length);
61 | int64_t SystemIdleTime(void);
62 | NSDictionary<NSString *, NSString *> * __nonnull audioTags(AVURLAsset *asset);
   |                                                                       |- warning: pointer is missing a nullability type specifier (_Nonnull, _Nullable, or _Null_unspecified)
   |                                                                       |- note: insert '_Nullable' if the pointer may be null
   |                                                                       `- note: insert '_Nonnull' if the pointer should never be null
63 | NSImage *  __nonnull TGIdenticonImage(NSData *data, NSData *additionalData, CGSize size);
64 | 

<module-includes>:1:9: note: in file included from <module-includes>:1:
1 | #import "/Users/buddhirajgautam/Documents/Cherrygram-Mac/macOS-Swift/packages/ObjcUtils/Sources/ObjcUtils/ObjcUtils.h"
  |         `- note: in file included from <module-includes>:1:
2 | 

/Users/buddhirajgautam/Documents/Cherrygram-Mac/macOS-Swift/packages/ObjcUtils/Sources/ObjcUtils/ObjcUtils.h:63:46: warning: pointer is missing a nullability type specifier (_Nonnull, _Nullable, or _Null_unspecified)
61 | int64_t SystemIdleTime(void);
62 | NSDictionary<NSString *, NSString *> * __nonnull audioTags(AVURLAsset *asset);
63 | NSImage *  __nonnull TGIdenticonImage(NSData *data, NSData *additionalData, CGSize size);
   |                                              |- warning: pointer is missing a nullability type specifier (_Nonnull, _Nullable, or _Null_unspecified)
   |                                              |- note: insert '_Nullable' if the pointer may be null
   |                                              `- note: insert '_Nonnull' if the pointer should never be null
64 | 
65 | @interface NSData (TG)

<module-includes>:1:9: note: in file included from <module-includes>:1:
1 | #import "/Users/buddhirajgautam/Documents/Cherrygram-Mac/macOS-Swift/packages/ObjcUtils/Sources/ObjcUtils/ObjcUtils.h"
  |         `- note: in file included from <module-includes>:1:
2 | 

/Users/buddhirajgautam/Documents/Cherrygram-Mac/macOS-Swift/packages/ObjcUtils/Sources/ObjcUtils/ObjcUtils.h:63:60: warning: pointer is missing a nullability type specifier (_Nonnull, _Nullable, or _Null_unspecified)
61 | int64_t SystemIdleTime(void);
62 | NSDictionary<NSString *, NSString *> * __nonnull audioTags(AVURLAsset *asset);
63 | NSImage *  __nonnull TGIdenticonImage(NSData *data, NSData *additionalData, CGSize size);
   |                                                            |- warning: pointer is missing a nullability type specifier (_Nonnull, _Nullable, or _Null_unspecified)
   |                                                            |- note: insert '_Nullable' if the pointer may be null
   |                                                            `- note: insert '_Nonnull' if the pointer should never be null
64 | 
65 | @interface NSData (TG)

<module-includes>:1:9: note: in file included from <module-includes>:1:
1 | #import "/Users/buddhirajgautam/Documents/Cherrygram-Mac/macOS-Swift/packages/ObjcUtils/Sources/ObjcUtils/ObjcUtils.h"
  |         `- note: in file included from <module-includes>:1:
2 | 

/Users/buddhirajgautam/Documents/Cherrygram-Mac/macOS-Swift/packages/ObjcUtils/Sources/ObjcUtils/ObjcUtils.h:69:32: warning: pointer is missing a nullability type specifier (_Nonnull, _Nullable, or _Null_unspecified)
67 | @end
68 | 
69 | BOOL isEnterAccessObjc(NSEvent *theEvent, BOOL byCmdEnter);
   |                                |- warning: pointer is missing a nullability type specifier (_Nonnull, _Nullable, or _Null_unspecified)
   |                                |- note: insert '_Nullable' if the pointer may be null
   |                                `- note: insert '_Nonnull' if the pointer should never be null
70 | BOOL isEnterEventObjc(NSEvent *theEvent);
71 | 

<module-includes>:1:9: note: in file included from <module-includes>:1:
1 | #import "/Users/buddhirajgautam/Documents/Cherrygram-Mac/macOS-Swift/packages/ObjcUtils/Sources/ObjcUtils/ObjcUtils.h"
  |         `- note: in file included from <module-includes>:1:
2 | 

/Users/buddhirajgautam/Documents/Cherrygram-Mac/macOS-Swift/packages/ObjcUtils/Sources/ObjcUtils/ObjcUtils.h:70:31: warning: pointer is missing a nullability type specifier (_Nonnull, _Nullable, or _Null_unspecified)
68 | 
69 | BOOL isEnterAccessObjc(NSEvent *theEvent, BOOL byCmdEnter);
70 | BOOL isEnterEventObjc(NSEvent *theEvent);
   |                               |- warning: pointer is missing a nullability type specifier (_Nonnull, _Nullable, or _Null_unspecified)
   |                               |- note: insert '_Nullable' if the pointer may be null
   |                               `- note: insert '_Nonnull' if the pointer should never be null
71 | 
72 | int colorIndexForGroupId(int64_t groupId);

<module-includes>:1:9: note: in file included from <module-includes>:1:
1 | #import "/Users/buddhirajgautam/Documents/Cherrygram-Mac/macOS-Swift/packages/ObjcUtils/Sources/ObjcUtils/ObjcUtils.h"
  |         `- note: in file included from <module-includes>:1:
2 | 

/Users/buddhirajgautam/Documents/Cherrygram-Mac/macOS-Swift/packages/ObjcUtils/Sources/ObjcUtils/ObjcUtils.h:82:32: warning: pointer is missing a nullability type specifier (_Nonnull, _Nullable, or _Null_unspecified)
80 | double mappingRange(double x, double in_min, double in_max, double out_min, double out_max);
81 | 
82 | CGImageRef TGBlurredAlphaImage(CGImageRef source, CGSize size, CGFloat scale);
   |                                |- warning: pointer is missing a nullability type specifier (_Nonnull, _Nullable, or _Null_unspecified)
   |                                |- note: insert '_Nullable' if the pointer may be null
   |                                `- note: insert '_Nonnull' if the pointer should never be null
83 | 

<module-includes>:1:9: note: in file included from <module-includes>:1:
1 | #import "/Users/buddhirajgautam/Documents/Cherrygram-Mac/macOS-Swift/packages/ObjcUtils/Sources/ObjcUtils/ObjcUtils.h"
  |         `- note: in file included from <module-includes>:1:
2 | 

14 warnings generated.
/Users/buddhirajgautam/Documents/Cherrygram-Mac/macOS-Swift/packages/ObjcUtils/Sources/ObjcUtils/ObjcUtils.h:82:1: warning: pointer is missing a nullability type specifier (_Nonnull, _Nullable, or _Null_unspecified)
80 | double mappingRange(double x, double in_min, double in_max, double out_min, double out_max);
81 | 
82 | CGImageRef TGBlurredAlphaImage(CGImageRef source, CGSize size, CGFloat scale);
   | |- warning: pointer is missing a nullability type specifier (_Nonnull, _Nullable, or _Null_unspecified)
   | |- note: insert '_Nullable' if the pointer may be null
   | `- note: insert '_Nonnull' if the pointer should never be null
83 | 

SwiftExplicitDependencyGeneratePcm arm64 /Users/buddhirajgautam/Library/Developer/Xcode/DerivedData/Telegram-Mac-fygdgghdgmuleoelvxabfmqiotta/Build/Intermediates.noindex/SwiftExplicitPrecompiledModules/libwebp-AQBGDPHW6U425HGCQNHAIC3LT.pcm

SwiftExplicitDependencyGeneratePcm arm64 /Users/buddhirajgautam/Library/Developer/Xcode/DerivedData/Telegram-Mac-fygdgghdgmuleoelvxabfmqiotta/Build/Intermediates.noindex/SwiftExplicitPrecompiledModules/Crc32-9XZTIKZLQXEKCJ3IZIATFA0DC.pcm

SwiftExplicitDependencyGeneratePcm arm64 /Users/buddhirajgautam/Library/Developer/Xcode/DerivedData/Telegram-Mac-fygdgghdgmuleoelvxabfmqiotta/Build/Intermediates.noindex/SwiftExplicitPrecompiledModules/EncryptionProvider-D8GFIG48AQ13KF4KE4BMGXTOS.pcm

SwiftExplicitDependencyGeneratePcm arm64 /Users/buddhirajgautam/Library/Developer/Xcode/DerivedData/Telegram-Mac-fygdgghdgmuleoelvxabfmqiotta/Build/Intermediates.noindex/SwiftExplicitPrecompiledModules/GZIP-58QRS2YVUQMP3W1CPRZTA1CO4.pcm

SwiftExplicitDependencyGeneratePcm arm64 /Users/buddhirajgautam/Library/Developer/Xcode/DerivedData/Telegram-Mac-fygdgghdgmuleoelvxabfmqiotta/Build/Intermediates.noindex/SwiftExplicitPrecompiledModules/BuildConfig-A6RUE958KLDLBT11YQAIUMFLR.pcm
<module-includes>:1:9: note: in file included from <module-includes>:1:
1 | #import "/Users/buddhirajgautam/Documents/Cherrygram-Mac/macOS-Swift/submodules/BuildConfig/Sources/include/BuildConfig/BuildConfig.h"
  |         `- note: in file included from <module-includes>:1:
2 | 

1 warning generated.
/Users/buddhirajgautam/Documents/Cherrygram-Mac/macOS-Swift/submodules/BuildConfig/Sources/include/BuildConfig/BuildConfig.h:30:71: warning: pointer is missing a nullability type specifier (_Nonnull, _Nullable, or _Null_unspecified)
28 | + (NSString * _Nonnull)defaultKey;
29 | - (NSData * _Nullable)encrypt:(NSData * _Nonnull)data;
30 | - (NSData * _Nullable)decrypt:(NSData * _Nonnull)data cancelled:(bool *)cancelled;
   |                                                                       |- warning: pointer is missing a nullability type specifier (_Nonnull, _Nullable, or _Null_unspecified)
   |                                                                       |- note: insert '_Nullable' if the pointer may be null
   |                                                                       `- note: insert '_Nonnull' if the pointer should never be null
31 | 
32 | @end

SwiftDriverJobDiscovery normal arm64 Emitting module for PrivateCallScreen (in target 'PrivateCallScreen' from project 'PrivateCallScreen')

SwiftDriver\ Compilation\ Requirements PrivateCallScreen normal arm64 com.apple.xcode.tools.swift.compiler (in target 'PrivateCallScreen' from project 'PrivateCallScreen')
    cd /Users/buddhirajgautam/Documents/Cherrygram-Mac/macOS-Swift
    builtin-Swift-Compilation-Requirements -- /Applications/Xcode.app/Contents/Developer/Toolchains/XcodeDefault.xctoolchain/usr/bin/swiftc -parse-as-library -module-name PrivateCallScreen -Onone @/Users/buddhirajgautam/Library/Developer/Xcode/DerivedData/Telegram-Mac-fygdgghdgmuleoelvxabfmqiotta/Build/Intermediates.noindex/PrivateCallScreen.build/Debug/PrivateCallScreen-t.build/Objects-normal/arm64/PrivateCallScreen.SwiftFileList -DSWIFT_PACKAGE -DDEBUG -DSWIFT_MODULE_RESOURCE_BUNDLE_AVAILABLE -Xcc -fmodule-map-file\=/Users/buddhirajgautam/Library/Developer/Xcode/DerivedData/Telegram-Mac-fygdgghdgmuleoelvxabfmqiotta/Build/Intermediates.noindex/GeneratedModuleMaps/ShelfPack.modulemap -Xcc -fmodule-map-file\=/Users/buddhirajgautam/Library/Developer/Xcode/DerivedData/Telegram-Mac-fygdgghdgmuleoelvxabfmqiotta/Build/Intermediates.noindex/GeneratedModuleMaps/MtProtoKit.modulemap -Xcc -fmodule-map-file\=/Users/buddhirajgautam/Library/Developer/Xcode/DerivedData/Telegram-Mac-fygdgghdgmuleoelvxabfmqiotta/Build/Intermediates.noindex/GeneratedModuleMaps/NetworkLogging.modulemap -Xcc -fmodule-map-file\=/Users/buddhirajgautam/Library/Developer/Xcode/DerivedData/Telegram-Mac-fygdgghdgmuleoelvxabfmqiotta/Build/Intermediates.noindex/GeneratedModuleMaps/LegacyReachability.modulemap -Xcc -fmodule-map-file\=/Users/buddhirajgautam/Library/Developer/Xcode/DerivedData/Telegram-Mac-fygdgghdgmuleoelvxabfmqiotta/Build/Intermediates.noindex/GeneratedModuleMaps/EncryptionProvider.modulemap -Xcc -fmodule-map-file\=/Users/buddhirajgautam/Library/Developer/Xcode/DerivedData/Telegram-Mac-fygdgghdgmuleoelvxabfmqiotta/Build/Intermediates.noindex/GeneratedModuleMaps/MurMurHash32.modulemap -Xcc -fmodule-map-file\=/Users/buddhirajgautam/Library/Developer/Xcode/DerivedData/Telegram-Mac-fygdgghdgmuleoelvxabfmqiotta/Build/Intermediates.noindex/GeneratedModuleMaps/sqlcipher.modulemap -Xcc -fmodule-map-file\=/Users/buddhirajgautam/Library/Developer/Xcode/DerivedData/Telegram-Mac-fygdgghdgmuleoelvxabfmqiotta/Build/Intermediates.noindex/GeneratedModuleMaps/StringTransliteration.modulemap -Xcc -fmodule-map-file\=/Users/buddhirajgautam/Library/Developer/Xcode/DerivedData/Telegram-Mac-fygdgghdgmuleoelvxabfmqiotta/Build/Intermediates.noindex/GeneratedModuleMaps/DarwinDirStat.modulemap -Xcc -fmodule-map-file\=/Users/buddhirajgautam/Library/Developer/Xcode/DerivedData/Telegram-Mac-fygdgghdgmuleoelvxabfmqiotta/Build/Intermediates.noindex/GeneratedModuleMaps/CryptoUtils.modulemap -Xcc -fmodule-map-file\=/Users/buddhirajgautam/Library/Developer/Xcode/DerivedData/Telegram-Mac-fygdgghdgmuleoelvxabfmqiotta/Build/Intermediates.noindex/GeneratedModuleMaps/Crc32.modulemap -Xcc -fmodule-map-file\=/Users/buddhirajgautam/Library/Developer/Xcode/DerivedData/Telegram-Mac-fygdgghdgmuleoelvxabfmqiotta/Build/Intermediates.noindex/GeneratedModuleMaps/TgVoipWebrtc.modulemap -Xcc -fmodule-map-file\=/Users/buddhirajgautam/Library/Developer/Xcode/DerivedData/Telegram-Mac-fygdgghdgmuleoelvxabfmqiotta/Build/Intermediates.noindex/GeneratedModuleMaps/GZIP.modulemap -Xcc -fmodule-map-file\=/Users/buddhirajgautam/Library/Developer/Xcode/DerivedData/Telegram-Mac-fygdgghdgmuleoelvxabfmqiotta/Build/Intermediates.noindex/GeneratedModuleMaps/libwebp.modulemap -Xcc -fmodule-map-file\=/Users/buddhirajgautam/Library/Developer/Xcode/DerivedData/Telegram-Mac-fygdgghdgmuleoelvxabfmqiotta/Build/Intermediates.noindex/GeneratedModuleMaps/ObjcUtils.modulemap -Xcc -fmodule-map-file\=/Users/buddhirajgautam/Library/Developer/Xcode/DerivedData/Telegram-Mac-fygdgghdgmuleoelvxabfmqiotta/Build/Intermediates.noindex/GeneratedModuleMaps/YuvConversion.modulemap -Xcc -fmodule-map-file\=/Users/buddhirajgautam/Library/Developer/Xcode/DerivedData/Telegram-Mac-fygdgghdgmuleoelvxabfmqiotta/Build/Intermediates.noindex/GeneratedModuleMaps/RingBuffer.modulemap -Xcc -fmodule-map-file\=/Users/buddhirajgautam/Library/Developer/Xcode/DerivedData/Telegram-Mac-fygdgghdgmuleoelvxabfmqiotta/Build/Intermediates.noindex/GeneratedModuleMaps/OpusBinding.modulemap -Xcc -fmodule-map-file\=/Users/buddhirajgautam/Library/Developer/Xcode/DerivedData/Telegram-Mac-fygdgghdgmuleoelvxabfmqiotta/Build/Intermediates.noindex/GeneratedModuleMaps/FFMpegBinding.modulemap -Xcc -fmodule-map-file\=/Users/buddhirajgautam/Library/Developer/Xcode/DerivedData/Telegram-Mac-fygdgghdgmuleoelvxabfmqiotta/Build/Intermediates.noindex/GeneratedModuleMaps/NumberPluralization.modulemap -DXcode -plugin-path /Applications/Xcode.app/Contents/Developer/Toolchains/XcodeDefault.xctoolchain/usr/lib/swift/host/plugins/testing -enable-experimental-feature DebugDescriptionMacro -sdk /Applications/Xcode.app/Contents/Developer/Platforms/MacOSX.platform/Developer/SDKs/MacOSX27.0.sdk -target arm64-apple-macos12.0 -g -module-cache-path /Users/buddhirajgautam/Library/Developer/Xcode/DerivedData/ModuleCache.noindex -Xfrontend -serialize-debugging-options -profile-coverage-mapping -profile-generate -enable-testing -index-store-path /Users/buddhirajgautam/Library/Developer/Xcode/DerivedData/Telegram-Mac-fygdgghdgmuleoelvxabfmqiotta/Index.noindex/DataStore -Xcc -D_LIBCPP_HARDENING_MODE\=_LIBCPP_HARDENING_MODE_DEBUG -swift-version 5 -I /Users/buddhirajgautam/Library/Developer/Xcode/DerivedData/Telegram-Mac-fygdgghdgmuleoelvxabfmqiotta/Build/Products/Debug -Isystem /Applications/Xcode.app/Contents/Developer/Platforms/MacOSX.platform/Developer/usr/lib -F /Users/buddhirajgautam/Library/Developer/Xcode/DerivedData/Telegram-Mac-fygdgghdgmuleoelvxabfmqiotta/Build/Products/Debug/PackageFrameworks -F /Users/buddhirajgautam/Library/Developer/Xcode/DerivedData/Telegram-Mac-fygdgghdgmuleoelvxabfmqiotta/Build/Products/Debug -F /Applications/Xcode.app/Contents/Developer/Platforms/MacOSX.platform/Developer/Library/Frameworks -c -j8 -enable-batch-mode -incremental -Xcc -ivfsstatcache -Xcc /Users/buddhirajgautam/Library/Developer/Xcode/DerivedData/SDKStatCaches.noindex/macosx27.0-26A425-e829b21a6f8c9b70876ba0858053c0447231f6df4def33e022ae2eb8f782df1a.sdkstatcache -output-file-map /Users/buddhirajgautam/Library/Developer/Xcode/DerivedData/Telegram-Mac-fygdgghdgmuleoelvxabfmqiotta/Build/Intermediates.noindex/PrivateCallScreen.build/Debug/PrivateCallScreen-t.build/Objects-normal/arm64/PrivateCallScreen-OutputFileMap.json -save-temps -no-color-diagnostics -explicit-module-build -module-cache-path /Users/buddhirajgautam/Library/Developer/Xcode/DerivedData/Telegram-Mac-fygdgghdgmuleoelvxabfmqiotta/Build/Intermediates.noindex/SwiftExplicitPrecompiledModules -clang-scanner-module-cache-path /Users/buddhirajgautam/Library/Developer/Xcode/DerivedData/ModuleCache.noindex -sdk-module-cache-path /Users/buddhirajgautam/Library/Developer/Xcode/DerivedData/SDKExplicitPrecompiledModules -emit-dependencies -emit-module -emit-module-path /Users/buddhirajgautam/Library/Developer/Xcode/DerivedData/Telegram-Mac-fygdgghdgmuleoelvxabfmqiotta/Build/Intermediates.noindex/PrivateCallScreen.build/Debug/PrivateCallScreen-t.build/Objects-normal/arm64/PrivateCallScreen.swiftmodule -serialize-diagnostics -dependency-scan-serialize-diagnostics-path /Users/buddhirajgautam/Library/Developer/Xcode/DerivedData/Telegram-Mac-fygdgghdgmuleoelvxabfmqiotta/Build/Intermediates.noindex/PrivateCallScreen.build/Debug/PrivateCallScreen-t.build/Objects-normal/arm64/PrivateCallScreen-dependency-scan.dia -validate-clang-modules-once -clang-build-session-file /Users/buddhirajgautam/Library/Developer/Xcode/DerivedData/ModuleCache.noindex/Session.modulevalidation -Xcc -fmodules-prune-interval\=86400 -Xcc -fmodules-prune-after\=345600 -emit-const-values -const-gather-protocols-list /Users/buddhirajgautam/Library/Developer/Xcode/DerivedData/Telegram-Mac-fygdgghdgmuleoelvxabfmqiotta/Build/Intermediates.noindex/PrivateCallScreen.build/Debug/PrivateCallScreen-t.build/Objects-normal/arm64/PrivateCallScreen_const_extract_protocols.json -Xcc -I/Users/buddhirajgautam/Documents/Cherrygram-Mac/macOS-Swift/submodules/telegram-ios/submodules/Utils/ShelfPack/PublicHeaders -Xcc -I/Users/buddhirajgautam/Documents/Cherrygram-Mac/macOS-Swift/submodules/telegram-ios/submodules/MtProtoKit/PublicHeaders -Xcc -I/Users/buddhirajgautam/Documents/Cherrygram-Mac/macOS-Swift/submodules/telegram-ios/submodules/NetworkLogging/PublicHeaders -Xcc -I/Users/buddhirajgautam/Documents/Cherrygram-Mac/macOS-Swift/submodules/telegram-ios/submodules/Reachability/LegacyReachability/PublicHeaders -Xcc -I/Users/buddhirajgautam/Documents/Cherrygram-Mac/macOS-Swift/submodules/telegram-ios/submodules/EncryptionProvider/PublicHeaders -Xcc -I/Users/buddhirajgautam/Documents/Cherrygram-Mac/macOS-Swift/submodules/telegram-ios/submodules/MurMurHash32/PublicHeaders -Xcc -I/Users/buddhirajgautam/Documents/Cherrygram-Mac/macOS-Swift/submodules/telegram-ios/submodules/sqlcipher/PublicHeaders -Xcc -I/Users/buddhirajgautam/Documents/Cherrygram-Mac/macOS-Swift/submodules/telegram-ios/submodules/StringTransliteration/PublicHeaders -Xcc -I/Users/buddhirajgautam/Documents/Cherrygram-Mac/macOS-Swift/submodules/telegram-ios/submodules/Utils/DarwinDirStat/PublicHeaders -Xcc -I/Users/buddhirajgautam/Documents/Cherrygram-Mac/macOS-Swift/submodules/telegram-ios/submodules/CryptoUtils/PublicHeaders -Xcc -I/Users/buddhirajgautam/Documents/Cherrygram-Mac/macOS-Swift/submodules/telegram-ios/submodules/Crc32/PublicHeaders -Xcc -I/Users/buddhirajgautam/Documents/Cherrygram-Mac/macOS-Swift/submodules/tgcalls/macos/PublicHeaders -Xcc -I/Users/buddhirajgautam/Documents/Cherrygram-Mac/macOS-Swift/packages/GZIP/Sources/GZIP -Xcc -I/Users/buddhirajgautam/Documents/Cherrygram-Mac/macOS-Swift/submodules/libwebp/Sources -Xcc -I/Users/buddhirajgautam/Documents/Cherrygram-Mac/macOS-Swift/packages/ObjcUtils/Sources/ObjcUtils -Xcc -I/Users/buddhirajgautam/Documents/Cherrygram-Mac/macOS-Swift/submodules/telegram-ios/submodules/YuvConversion/PublicHeaders -Xcc -I/Users/buddhirajgautam/Documents/Cherrygram-Mac/macOS-Swift/packages/RingBuffer/Sources/RingBuffer -Xcc -I/Users/buddhirajgautam/Documents/Cherrygram-Mac/macOS-Swift/submodules/telegram-ios/submodules/OpusBinding/PublicHeaders -Xcc -I/Users/buddhirajgautam/Documents/Cherrygram-Mac/macOS-Swift/submodules/telegram-ios/submodules/FFMpegBinding/Public -Xcc -I/Users/buddhirajgautam/Documents/Cherrygram-Mac/macOS-Swift/packages/NumberPluralization/Sources/NumberPluralization -Xcc -I/Users/buddhirajgautam/Library/Developer/Xcode/DerivedData/Telegram-Mac-fygdgghdgmuleoelvxabfmqiotta/Build/Products/Debug/include -Xcc -I/Users/buddhirajgautam/Library/Developer/Xcode/DerivedData/Telegram-Mac-fygdgghdgmuleoelvxabfmqiotta/Build/Intermediates.noindex/PrivateCallScreen.build/Debug/PrivateCallScreen-t.build/DerivedSources-normal/arm64 -Xcc -I/Users/buddhirajgautam/Library/Developer/Xcode/DerivedData/Telegram-Mac-fygdgghdgmuleoelvxabfmqiotta/Build/Intermediates.noindex/PrivateCallScreen.build/Debug/PrivateCallScreen-t.build/DerivedSources/arm64 -Xcc -I/Users/buddhirajgautam/Library/Developer/Xcode/DerivedData/Telegram-Mac-fygdgghdgmuleoelvxabfmqiotta/Build/Intermediates.noindex/PrivateCallScreen.build/Debug/PrivateCallScreen-t.build/DerivedSources -Xcc -DSWIFT_PACKAGE -Xcc -DDEBUG\=1 -emit-objc-header -emit-objc-header-path /Users/buddhirajgautam/Library/Developer/Xcode/DerivedData/Telegram-Mac-fygdgghdgmuleoelvxabfmqiotta/Build/Intermediates.noindex/PrivateCallScreen.build/Debug/PrivateCallScreen-t.build/Objects-normal/arm64/PrivateCallScreen-Swift.h -working-directory /Users/buddhirajgautam/Documents/Cherrygram-Mac/macOS-Swift -experimental-emit-module-separately -disable-cmo

SwiftExplicitDependencyGeneratePcm arm64 /Users/buddhirajgautam/Library/Developer/Xcode/DerivedData/Telegram-Mac-fygdgghdgmuleoelvxabfmqiotta/Build/Intermediates.noindex/SwiftExplicitPrecompiledModules/MurMurHash32-3PV7RB4W4ZVYDR7GBTLCJ0S42.pcm

SwiftMergeGeneratedHeaders /Users/buddhirajgautam/Library/Developer/Xcode/DerivedData/Telegram-Mac-fygdgghdgmuleoelvxabfmqiotta/Build/Intermediates.noindex/GeneratedModuleMaps/PrivateCallScreen-Swift.h /Users/buddhirajgautam/Library/Developer/Xcode/DerivedData/Telegram-Mac-fygdgghdgmuleoelvxabfmqiotta/Build/Intermediates.noindex/PrivateCallScreen.build/Debug/PrivateCallScreen-t.build/Objects-normal/arm64/PrivateCallScreen-Swift.h (in target 'PrivateCallScreen' from project 'PrivateCallScreen')
    cd /Users/buddhirajgautam/Documents/Cherrygram-Mac/macOS-Swift/packages/PrivateCallScreen
    builtin-swiftHeaderTool -arch arm64 /Users/buddhirajgautam/Library/Developer/Xcode/DerivedData/Telegram-Mac-fygdgghdgmuleoelvxabfmqiotta/Build/Intermediates.noindex/PrivateCallScreen.build/Debug/PrivateCallScreen-t.build/Objects-normal/arm64/PrivateCallScreen-Swift.h -o /Users/buddhirajgautam/Library/Developer/Xcode/DerivedData/Telegram-Mac-fygdgghdgmuleoelvxabfmqiotta/Build/Intermediates.noindex/GeneratedModuleMaps/PrivateCallScreen-Swift.h

Copy /Users/buddhirajgautam/Library/Developer/Xcode/DerivedData/Telegram-Mac-fygdgghdgmuleoelvxabfmqiotta/Build/Products/Debug/PrivateCallScreen.swiftmodule/arm64-apple-macos.swiftmodule /Users/buddhirajgautam/Library/Developer/Xcode/DerivedData/Telegram-Mac-fygdgghdgmuleoelvxabfmqiotta/Build/Intermediates.noindex/PrivateCallScreen.build/Debug/PrivateCallScreen-t.build/Objects-normal/arm64/PrivateCallScreen.swiftmodule (in target 'PrivateCallScreen' from project 'PrivateCallScreen')
    cd /Users/buddhirajgautam/Documents/Cherrygram-Mac/macOS-Swift/packages/PrivateCallScreen
    builtin-copy -exclude .DS_Store -exclude CVS -exclude .svn -exclude .git -exclude .hg -resolve-src-symlinks -rename /Users/buddhirajgautam/Library/Developer/Xcode/DerivedData/Telegram-Mac-fygdgghdgmuleoelvxabfmqiotta/Build/Intermediates.noindex/PrivateCallScreen.build/Debug/PrivateCallScreen-t.build/Objects-normal/arm64/PrivateCallScreen.swiftmodule /Users/buddhirajgautam/Library/Developer/Xcode/DerivedData/Telegram-Mac-fygdgghdgmuleoelvxabfmqiotta/Build/Products/Debug/PrivateCallScreen.swiftmodule/arm64-apple-macos.swiftmodule

Copy /Users/buddhirajgautam/Library/Developer/Xcode/DerivedData/Telegram-Mac-fygdgghdgmuleoelvxabfmqiotta/Build/Products/Debug/PrivateCallScreen.swiftmodule/arm64-apple-macos.swiftdoc /Users/buddhirajgautam/Library/Developer/Xcode/DerivedData/Telegram-Mac-fygdgghdgmuleoelvxabfmqiotta/Build/Intermediates.noindex/PrivateCallScreen.build/Debug/PrivateCallScreen-t.build/Objects-normal/arm64/PrivateCallScreen.swiftdoc (in target 'PrivateCallScreen' from project 'PrivateCallScreen')
    cd /Users/buddhirajgautam/Documents/Cherrygram-Mac/macOS-Swift/packages/PrivateCallScreen
    builtin-copy -exclude .DS_Store -exclude CVS -exclude .svn -exclude .git -exclude .hg -resolve-src-symlinks -rename /Users/buddhirajgautam/Library/Developer/Xcode/DerivedData/Telegram-Mac-fygdgghdgmuleoelvxabfmqiotta/Build/Intermediates.noindex/PrivateCallScreen.build/Debug/PrivateCallScreen-t.build/Objects-normal/arm64/PrivateCallScreen.swiftdoc /Users/buddhirajgautam/Library/Developer/Xcode/DerivedData/Telegram-Mac-fygdgghdgmuleoelvxabfmqiotta/Build/Products/Debug/PrivateCallScreen.swiftmodule/arm64-apple-macos.swiftdoc

Copy /Users/buddhirajgautam/Library/Developer/Xcode/DerivedData/Telegram-Mac-fygdgghdgmuleoelvxabfmqiotta/Build/Products/Debug/PrivateCallScreen.swiftmodule/arm64-apple-macos.abi.json /Users/buddhirajgautam/Library/Developer/Xcode/DerivedData/Telegram-Mac-fygdgghdgmuleoelvxabfmqiotta/Build/Intermediates.noindex/PrivateCallScreen.build/Debug/PrivateCallScreen-t.build/Objects-normal/arm64/PrivateCallScreen.abi.json (in target 'PrivateCallScreen' from project 'PrivateCallScreen')
    cd /Users/buddhirajgautam/Documents/Cherrygram-Mac/macOS-Swift/packages/PrivateCallScreen
    builtin-copy -exclude .DS_Store -exclude CVS -exclude .svn -exclude .git -exclude .hg -resolve-src-symlinks -rename /Users/buddhirajgautam/Library/Developer/Xcode/DerivedData/Telegram-Mac-fygdgghdgmuleoelvxabfmqiotta/Build/Intermediates.noindex/PrivateCallScreen.build/Debug/PrivateCallScreen-t.build/Objects-normal/arm64/PrivateCallScreen.abi.json /Users/buddhirajgautam/Library/Developer/Xcode/DerivedData/Telegram-Mac-fygdgghdgmuleoelvxabfmqiotta/Build/Products/Debug/PrivateCallScreen.swiftmodule/arm64-apple-macos.abi.json

SwiftExplicitDependencyGeneratePcm arm64 /Users/buddhirajgautam/Library/Developer/Xcode/DerivedData/Telegram-Mac-fygdgghdgmuleoelvxabfmqiotta/Build/Intermediates.noindex/SwiftExplicitPrecompiledModules/NetworkLogging-7U8LWLSX6OV5BP6JOU7HK75Z3.pcm

Copy /Users/buddhirajgautam/Library/Developer/Xcode/DerivedData/Telegram-Mac-fygdgghdgmuleoelvxabfmqiotta/Build/Products/Debug/PrivateCallScreen.swiftmodule/Project/arm64-apple-macos.swiftsourceinfo /Users/buddhirajgautam/Library/Developer/Xcode/DerivedData/Telegram-Mac-fygdgghdgmuleoelvxabfmqiotta/Build/Intermediates.noindex/PrivateCallScreen.build/Debug/PrivateCallScreen-t.build/Objects-normal/arm64/PrivateCallScreen.swiftsourceinfo (in target 'PrivateCallScreen' from project 'PrivateCallScreen')
    cd /Users/buddhirajgautam/Documents/Cherrygram-Mac/macOS-Swift/packages/PrivateCallScreen
    builtin-copy -exclude .DS_Store -exclude CVS -exclude .svn -exclude .git -exclude .hg -resolve-src-symlinks -rename /Users/buddhirajgautam/Library/Developer/Xcode/DerivedData/Telegram-Mac-fygdgghdgmuleoelvxabfmqiotta/Build/Intermediates.noindex/PrivateCallScreen.build/Debug/PrivateCallScreen-t.build/Objects-normal/arm64/PrivateCallScreen.swiftsourceinfo /Users/buddhirajgautam/Library/Developer/Xcode/DerivedData/Telegram-Mac-fygdgghdgmuleoelvxabfmqiotta/Build/Products/Debug/PrivateCallScreen.swiftmodule/Project/arm64-apple-macos.swiftsourceinfo

SwiftDriverJobDiscovery normal arm64 Compiling ChunkMediaPlayerV2.swift, DataItem.swift, GIFPlayerView.swift, HLSVideoContent.swift (in target 'TelegramMedia' from project 'TelegramMedia')

SwiftExplicitDependencyGeneratePcm arm64 /Users/buddhirajgautam/Library/Developer/Xcode/DerivedData/Telegram-Mac-fygdgghdgmuleoelvxabfmqiotta/Build/Intermediates.noindex/SwiftExplicitPrecompiledModules/CalendarUtils-4UWXLA19BWRKRBPRAOXX3VWKO.pcm

SwiftExplicitDependencyGeneratePcm arm64 /Users/buddhirajgautam/Library/Developer/Xcode/DerivedData/Telegram-Mac-fygdgghdgmuleoelvxabfmqiotta/Build/Intermediates.noindex/SwiftExplicitPrecompiledModules/Mozjpeg-5H1UGSMAUGPF9FWYNY7QYHDVP.pcm

SwiftExplicitDependencyGeneratePcm arm64 /Users/buddhirajgautam/Library/Developer/Xcode/DerivedData/Telegram-Mac-fygdgghdgmuleoelvxabfmqiotta/Build/Intermediates.noindex/SwiftExplicitPrecompiledModules/LegacyReachability-62MOOKASF3CKGVF9149N38RF8.pcm

SwiftExplicitDependencyGeneratePcm arm64 /Users/buddhirajgautam/Library/Developer/Xcode/DerivedData/Telegram-Mac-fygdgghdgmuleoelvxabfmqiotta/Build/Intermediates.noindex/SwiftExplicitPrecompiledModules/sqlcipher-EXU1UIAKEX5JI79DPAPOH247F.pcm

SwiftExplicitDependencyGeneratePcm arm64 /Users/buddhirajgautam/Library/Developer/Xcode/DerivedData/Telegram-Mac-fygdgghdgmuleoelvxabfmqiotta/Build/Intermediates.noindex/SwiftExplicitPrecompiledModules/MtProtoKit-6M3MG76U5ZEZZBK95CJER3XOI.pcm

SwiftExplicitDependencyGeneratePcm arm64 /Users/buddhirajgautam/Library/Developer/Xcode/DerivedData/Telegram-Mac-fygdgghdgmuleoelvxabfmqiotta/Build/Intermediates.noindex/SwiftExplicitPrecompiledModules/RLottie-7GFVF33CC4JPOT9DYOY2U3NB1.pcm

SwiftExplicitDependencyGeneratePcm arm64 /Users/buddhirajgautam/Library/Developer/Xcode/DerivedData/Telegram-Mac-fygdgghdgmuleoelvxabfmqiotta/Build/Intermediates.noindex/SwiftExplicitPrecompiledModules/OpenSSLEncryption-3AXK8R7JBZLV7NI116PVWE1YY.pcm

SwiftExplicitDependencyGeneratePcm arm64 /Users/buddhirajgautam/Library/Developer/Xcode/DerivedData/Telegram-Mac-fygdgghdgmuleoelvxabfmqiotta/Build/Intermediates.noindex/SwiftExplicitPrecompiledModules/NumberPluralization-6EAMNQY5XZWQ2F6I375UPZHFX.pcm

SwiftExplicitDependencyGeneratePcm arm64 /Users/buddhirajgautam/Library/Developer/Xcode/DerivedData/Telegram-Mac-fygdgghdgmuleoelvxabfmqiotta/Build/Intermediates.noindex/SwiftExplicitPrecompiledModules/FastBlur-1ZCNWQSQAPX58KYTIV625W4EH.pcm

SwiftExplicitDependencyGeneratePcm arm64 /Users/buddhirajgautam/Library/Developer/Xcode/DerivedData/Telegram-Mac-fygdgghdgmuleoelvxabfmqiotta/Build/Intermediates.noindex/SwiftExplicitPrecompiledModules/CryptoUtils-8O5RM3M69V9ZCS2W7LK24DK0A.pcm

PrecompileModule /Users/buddhirajgautam/Library/Developer/Xcode/DerivedData/Telegram-Mac-fygdgghdgmuleoelvxabfmqiotta/Build/Intermediates.noindex/ExplicitPrecompiledModules/_Builtin_stddef-83174GRKTI7ZAUE9XK1WWMX3G.scan
    cd /
    builtin-precompileModule /Users/buddhirajgautam/Library/Developer/Xcode/DerivedData/Telegram-Mac-fygdgghdgmuleoelvxabfmqiotta/Build/Intermediates.noindex/ExplicitPrecompiledModules/_Builtin_stddef-83174GRKTI7ZAUE9XK1WWMX3G.scan

PrecompileModule /Users/buddhirajgautam/Library/Developer/Xcode/DerivedData/Telegram-Mac-fygdgghdgmuleoelvxabfmqiotta/Build/Intermediates.noindex/ExplicitPrecompiledModules/_Builtin_float-DOS3KOGF5OIYEBBTK9G1X154.scan
    cd /
    builtin-precompileModule /Users/buddhirajgautam/Library/Developer/Xcode/DerivedData/Telegram-Mac-fygdgghdgmuleoelvxabfmqiotta/Build/Intermediates.noindex/ExplicitPrecompiledModules/_Builtin_float-DOS3KOGF5OIYEBBTK9G1X154.scan

PrecompileModule /Users/buddhirajgautam/Library/Developer/Xcode/DerivedData/Telegram-Mac-fygdgghdgmuleoelvxabfmqiotta/Build/Intermediates.noindex/ExplicitPrecompiledModules/ptrcheck-7VVSI9W6ZW2OQEU8ZIEM1EUA0.scan
    cd /
    builtin-precompileModule /Users/buddhirajgautam/Library/Developer/Xcode/DerivedData/Telegram-Mac-fygdgghdgmuleoelvxabfmqiotta/Build/Intermediates.noindex/ExplicitPrecompiledModules/ptrcheck-7VVSI9W6ZW2OQEU8ZIEM1EUA0.scan

PrecompileModule /Users/buddhirajgautam/Library/Developer/Xcode/DerivedData/Telegram-Mac-fygdgghdgmuleoelvxabfmqiotta/Build/Intermediates.noindex/ExplicitPrecompiledModules/_Builtin_stdbool-ELKQA712T5LOL6RKFYJE2GTME.scan
    cd /
    builtin-precompileModule /Users/buddhirajgautam/Library/Developer/Xcode/DerivedData/Telegram-Mac-fygdgghdgmuleoelvxabfmqiotta/Build/Intermediates.noindex/ExplicitPrecompiledModules/_Builtin_stdbool-ELKQA712T5LOL6RKFYJE2GTME.scan

PrecompileModule /Users/buddhirajgautam/Library/Developer/Xcode/DerivedData/Telegram-Mac-fygdgghdgmuleoelvxabfmqiotta/Build/Intermediates.noindex/ExplicitPrecompiledModules/Darwin-BC4ZXEN5LZSSIPOQJN05IF8LY.scan
    cd /
    builtin-precompileModule /Users/buddhirajgautam/Library/Developer/Xcode/DerivedData/Telegram-Mac-fygdgghdgmuleoelvxabfmqiotta/Build/Intermediates.noindex/ExplicitPrecompiledModules/Darwin-BC4ZXEN5LZSSIPOQJN05IF8LY.scan

PrecompileModule /Users/buddhirajgautam/Library/Developer/Xcode/DerivedData/Telegram-Mac-fygdgghdgmuleoelvxabfmqiotta/Build/Intermediates.noindex/ExplicitPrecompiledModules/_Builtin_stdarg-9CVY2DGL4PFHRJA9CW7TM2JK3.scan
    cd /
    builtin-precompileModule /Users/buddhirajgautam/Library/Developer/Xcode/DerivedData/Telegram-Mac-fygdgghdgmuleoelvxabfmqiotta/Build/Intermediates.noindex/ExplicitPrecompiledModules/_Builtin_stdarg-9CVY2DGL4PFHRJA9CW7TM2JK3.scan

PrecompileModule /Users/buddhirajgautam/Library/Developer/Xcode/DerivedData/Telegram-Mac-fygdgghdgmuleoelvxabfmqiotta/Build/Intermediates.noindex/ExplicitPrecompiledModules/_AvailabilityInternal-ERVZA4F2IJDN4QQ3JE1U54WYA.scan
    cd /
    builtin-precompileModule /Users/buddhirajgautam/Library/Developer/Xcode/DerivedData/Telegram-Mac-fygdgghdgmuleoelvxabfmqiotta/Build/Intermediates.noindex/ExplicitPrecompiledModules/_AvailabilityInternal-ERVZA4F2IJDN4QQ3JE1U54WYA.scan

PrecompileModule /Users/buddhirajgautam/Library/Developer/Xcode/DerivedData/Telegram-Mac-fygdgghdgmuleoelvxabfmqiotta/Build/Intermediates.noindex/ExplicitPrecompiledModules/ptrauth-3U71T8GE4OK9QBI8EY24OIKQ6.scan
    cd /
    builtin-precompileModule /Users/buddhirajgautam/Library/Developer/Xcode/DerivedData/Telegram-Mac-fygdgghdgmuleoelvxabfmqiotta/Build/Intermediates.noindex/ExplicitPrecompiledModules/ptrauth-3U71T8GE4OK9QBI8EY24OIKQ6.scan

ScanDependencies /Users/buddhirajgautam/Library/Developer/Xcode/DerivedData/Telegram-Mac-fygdgghdgmuleoelvxabfmqiotta/Build/Intermediates.noindex/Sparkle.build/Debug/Sparkle.build/Objects-normal/arm64/SUUpdatePermissionPrompt.o /Users/buddhirajgautam/Documents/Cherrygram-Mac/macOS-Swift/submodules/Sparkle/Sparkle/SUUpdatePermissionPrompt.m normal arm64 objective-c com.apple.compilers.llvm.clang.1_0.compiler (in target 'Sparkle' from project 'Sparkle')
    cd /Users/buddhirajgautam/Documents/Cherrygram-Mac/macOS-Swift/submodules/Sparkle
    
    Using response file: /Users/buddhirajgautam/Library/Developer/Xcode/DerivedData/Telegram-Mac-fygdgghdgmuleoelvxabfmqiotta/Build/Intermediates.noindex/Sparkle.build/Debug/Sparkle.build/Objects-normal/arm64/e6072d4f65d7061329687fe24e3d63a7-common-args.resp
    
    builtin-ScanDependencies -o /Users/buddhirajgautam/Library/Developer/Xcode/DerivedData/Telegram-Mac-fygdgghdgmuleoelvxabfmqiotta/Build/Intermediates.noindex/Sparkle.build/Debug/Sparkle.build/Objects-normal/arm64/SUUpdatePermissionPrompt.o.scan -- /Applications/Xcode.app/Contents/Developer/Toolchains/XcodeDefault.xctoolchain/usr/bin/clang -x objective-c -ivfsstatcache /Users/buddhirajgautam/Library/Developer/Xcode/DerivedData/SDKStatCaches.noindex/macosx27.0-26A425-e829b21a6f8c9b70876ba0858053c0447231f6df4def33e022ae2eb8f782df1a.sdkstatcache -target arm64-apple-macos12.0 -fmessage-length\=0 -fdiagnostics-show-note-include-stack -fmacro-backtrace-limit\=0 -fno-color-diagnostics -fmodules-prune-interval\=86400 -fmodules-prune-after\=345600 -fbuild-session-file\=/Users/buddhirajgautam/Library/Developer/Xcode/DerivedData/ModuleCache.noindex/Session.modulevalidation -fmodules-validate-once-per-build-session -Wnon-modular-include-in-framework-module -Werror\=non-modular-include-in-framework-module -Wno-trigraphs -Werror\=incompatible-pointer-types -Werror\=implicit-function-declaration -Wmissing-field-initializers -Wmissing-prototypes -Wdocumentation -Wunreachable-code -Wimplicit-atomic-properties -Wno-objc-interface-ivars -Wobjc-missing-property-synthesis -Warc-repeated-use-of-weak -Wno-arc-maybe-repeated-use-of-weak -Wexplicit-ownership-type -Wimplicit-retain-self -Wduplicate-method-match -Wmissing-braces -Wparentheses -Wswitch -Wunused-function -Wunused-label -Wunused-parameter -Wunused-variable -Wunused-value -Wempty-body -Wuninitialized -Wunknown-pragmas -Wshadow -Wfour-char-constants -Wconversion -Wconstant-conversion -Wint-conversion -Wbool-conversion -Wenum-conversion -Wfloat-conversion -Wnon-literal-null-conversion -Wobjc-literal-conversion -Wassign-enum -Wsign-compare -Wshorten-64-to-32 -Wpointer-sign -Wnewline-eof -Wselector -Wstrict-selector-match -Wundeclared-selector -Wdeprecated-implementations -Wno-implicit-fallthrough -isysroot /Applications/Xcode.app/Contents/Developer/Platforms/MacOSX.platform/Developer/SDKs/MacOSX27.0.sdk -fstrict-aliasing -Wprotocol -Wdeprecated-declarations -Wsign-conversion -Winfinite-recursion -Wcomma -Wblock-capture-autoreleasing -Wstrict-prototypes -Wno-semicolon-before-method-body -index-store-path /Users/buddhirajgautam/Library/Developer/Xcode/DerivedData/Telegram-Mac-fygdgghdgmuleoelvxabfmqiotta/Index.noindex/DataStore -Wall -Weverything -Wno-unused-macros -Wno-gnu-statement-expression -Wno-arc-repeated-use-of-weak -Wno-auto-import -Wno-gnu-zero-variadic-macro-arguments -Wno-custom-atomic-properties -Wno-implicit-atomic-properties @/Users/buddhirajgautam/Library/Developer/Xcode/DerivedData/Telegram-Mac-fygdgghdgmuleoelvxabfmqiotta/Build/Intermediates.noindex/Sparkle.build/Debug/Sparkle.build/Objects-normal/arm64/e6072d4f65d7061329687fe24e3d63a7-common-args.resp -MMD -MT dependencies -MF /Users/buddhirajgautam/Library/Developer/Xcode/DerivedData/Telegram-Mac-fygdgghdgmuleoelvxabfmqiotta/Build/Intermediates.noindex/Sparkle.build/Debug/Sparkle.build/Objects-normal/arm64/SUUpdatePermissionPrompt.d --serialize-diagnostics /Users/buddhirajgautam/Library/Developer/Xcode/DerivedData/Telegram-Mac-fygdgghdgmuleoelvxabfmqiotta/Build/Intermediates.noindex/Sparkle.build/Debug/Sparkle.build/Objects-normal/arm64/SUUpdatePermissionPrompt.dia -c /Users/buddhirajgautam/Documents/Cherrygram-Mac/macOS-Swift/submodules/Sparkle/Sparkle/SUUpdatePermissionPrompt.m -o /Users/buddhirajgautam/Library/Developer/Xcode/DerivedData/Telegram-Mac-fygdgghdgmuleoelvxabfmqiotta/Build/Intermediates.noindex/Sparkle.build/Debug/Sparkle.build/Objects-normal/arm64/SUUpdatePermissionPrompt.o -index-unit-output-path /Sparkle.build/Debug/Sparkle.build/Objects-normal/arm64/SUUpdatePermissionPrompt.o

SwiftDriver\ Compilation TelegramMedia normal arm64 com.apple.xcode.tools.swift.compiler (in target 'TelegramMedia' from project 'TelegramMedia')
    cd /Users/buddhirajgautam/Documents/Cherrygram-Mac/macOS-Swift
    builtin-Swift-Compilation -- /Applications/Xcode.app/Contents/Developer/Toolchains/XcodeDefault.xctoolchain/usr/bin/swiftc -parse-as-library -module-name TelegramMedia -Onone @/Users/buddhirajgautam/Library/Developer/Xcode/DerivedData/Telegram-Mac-fygdgghdgmuleoelvxabfmqiotta/Build/Intermediates.noindex/TelegramMedia.build/Debug/TelegramMedia-t.build/Objects-normal/arm64/TelegramMedia.SwiftFileList -DSWIFT_PACKAGE -DDEBUG -DSWIFT_MODULE_RESOURCE_BUNDLE_UNAVAILABLE -Xcc -fmodule-map-file\=/Users/buddhirajgautam/Library/Developer/Xcode/DerivedData/Telegram-Mac-fygdgghdgmuleoelvxabfmqiotta/Build/Intermediates.noindex/GeneratedModuleMaps/ShelfPack.modulemap -Xcc -fmodule-map-file\=/Users/buddhirajgautam/Library/Developer/Xcode/DerivedData/Telegram-Mac-fygdgghdgmuleoelvxabfmqiotta/Build/Intermediates.noindex/GeneratedModuleMaps/TgVoipWebrtc.modulemap -Xcc -fmodule-map-file\=/Users/buddhirajgautam/Library/Developer/Xcode/DerivedData/Telegram-Mac-fygdgghdgmuleoelvxabfmqiotta/Build/Intermediates.noindex/GeneratedModuleMaps/MtProtoKit.modulemap -Xcc -fmodule-map-file\=/Users/buddhirajgautam/Library/Developer/Xcode/DerivedData/Telegram-Mac-fygdgghdgmuleoelvxabfmqiotta/Build/Intermediates.noindex/GeneratedModuleMaps/NetworkLogging.modulemap -Xcc -fmodule-map-file\=/Users/buddhirajgautam/Library/Developer/Xcode/DerivedData/Telegram-Mac-fygdgghdgmuleoelvxabfmqiotta/Build/Intermediates.noindex/GeneratedModuleMaps/LegacyReachability.modulemap -Xcc -fmodule-map-file\=/Users/buddhirajgautam/Library/Developer/Xcode/DerivedData/Telegram-Mac-fygdgghdgmuleoelvxabfmqiotta/Build/Intermediates.noindex/GeneratedModuleMaps/EncryptionProvider.modulemap -Xcc -fmodule-map-file\=/Users/buddhirajgautam/Library/Developer/Xcode/DerivedData/Telegram-Mac-fygdgghdgmuleoelvxabfmqiotta/Build/Intermediates.noindex/GeneratedModuleMaps/GZIP.modulemap -Xcc -fmodule-map-file\=/Users/buddhirajgautam/Library/Developer/Xcode/DerivedData/Telegram-Mac-fygdgghdgmuleoelvxabfmqiotta/Build/Intermediates.noindex/GeneratedModuleMaps/MurMurHash32.modulemap -Xcc -fmodule-map-file\=/Users/buddhirajgautam/Library/Developer/Xcode/DerivedData/Telegram-Mac-fygdgghdgmuleoelvxabfmqiotta/Build/Intermediates.noindex/GeneratedModuleMaps/sqlcipher.modulemap -Xcc -fmodule-map-file\=/Users/buddhirajgautam/Library/Developer/Xcode/DerivedData/Telegram-Mac-fygdgghdgmuleoelvxabfmqiotta/Build/Intermediates.noindex/GeneratedModuleMaps/StringTransliteration.modulemap -Xcc -fmodule-map-file\=/Users/buddhirajgautam/Library/Developer/Xcode/DerivedData/Telegram-Mac-fygdgghdgmuleoelvxabfmqiotta/Build/Intermediates.noindex/GeneratedModuleMaps/DarwinDirStat.modulemap -Xcc -fmodule-map-file\=/Users/buddhirajgautam/Library/Developer/Xcode/DerivedData/Telegram-Mac-fygdgghdgmuleoelvxabfmqiotta/Build/Intermediates.noindex/GeneratedModuleMaps/CryptoUtils.modulemap -Xcc -fmodule-map-file\=/Users/buddhirajgautam/Library/Developer/Xcode/DerivedData/Telegram-Mac-fygdgghdgmuleoelvxabfmqiotta/Build/Intermediates.noindex/GeneratedModuleMaps/Crc32.modulemap -Xcc -fmodule-map-file\=/Users/buddhirajgautam/Library/Developer/Xcode/DerivedData/Telegram-Mac-fygdgghdgmuleoelvxabfmqiotta/Build/Intermediates.noindex/GeneratedModuleMaps/libwebp.modulemap -Xcc -fmodule-map-file\=/Users/buddhirajgautam/Library/Developer/Xcode/DerivedData/Telegram-Mac-fygdgghdgmuleoelvxabfmqiotta/Build/Intermediates.noindex/GeneratedModuleMaps/ObjcUtils.modulemap -Xcc -fmodule-map-file\=/Users/buddhirajgautam/Library/Developer/Xcode/DerivedData/Telegram-Mac-fygdgghdgmuleoelvxabfmqiotta/Build/Intermediates.noindex/GeneratedModuleMaps/YuvConversion.modulemap -Xcc -fmodule-map-file\=/Users/buddhirajgautam/Library/Developer/Xcode/DerivedData/Telegram-Mac-fygdgghdgmuleoelvxabfmqiotta/Build/Intermediates.noindex/GeneratedModuleMaps/RingBuffer.modulemap -Xcc -fmodule-map-file\=/Users/buddhirajgautam/Library/Developer/Xcode/DerivedData/Telegram-Mac-fygdgghdgmuleoelvxabfmqiotta/Build/Intermediates.noindex/GeneratedModuleMaps/OpusBinding.modulemap -Xcc -fmodule-map-file\=/Users/buddhirajgautam/Library/Developer/Xcode/DerivedData/Telegram-Mac-fygdgghdgmuleoelvxabfmqiotta/Build/Intermediates.noindex/GeneratedModuleMaps/FFMpegBinding.modulemap -DXcode -plugin-path /Applications/Xcode.app/Contents/Developer/Toolchains/XcodeDefault.xctoolchain/usr/lib/swift/host/plugins/testing -enable-experimental-feature DebugDescriptionMacro -sdk /Applications/Xcode.app/Contents/Developer/Platforms/MacOSX.platform/Developer/SDKs/MacOSX27.0.sdk -target arm64-apple-macos12.0 -g -module-cache-path /Users/buddhirajgautam/Library/Developer/Xcode/DerivedData/ModuleCache.noindex -Xfrontend -serialize-debugging-options -profile-coverage-mapping -profile-generate -enable-testing -index-store-path /Users/buddhirajgautam/Library/Developer/Xcode/DerivedData/Telegram-Mac-fygdgghdgmuleoelvxabfmqiotta/Index.noindex/DataStore -Xcc -D_LIBCPP_HARDENING_MODE\=_LIBCPP_HARDENING_MODE_DEBUG -swift-version 5 -I /Users/buddhirajgautam/Library/Developer/Xcode/DerivedData/Telegram-Mac-fygdgghdgmuleoelvxabfmqiotta/Build/Products/Debug -Isystem /Applications/Xcode.app/Contents/Developer/Platforms/MacOSX.platform/Developer/usr/lib -F /Users/buddhirajgautam/Library/Developer/Xcode/DerivedData/Telegram-Mac-fygdgghdgmuleoelvxabfmqiotta/Build/Products/Debug/PackageFrameworks -F /Users/buddhirajgautam/Library/Developer/Xcode/DerivedData/Telegram-Mac-fygdgghdgmuleoelvxabfmqiotta/Build/Products/Debug -F /Applications/Xcode.app/Contents/Developer/Platforms/MacOSX.platform/Developer/Library/Frameworks -c -j8 -enable-batch-mode -incremental -Xcc -ivfsstatcache -Xcc /Users/buddhirajgautam/Library/Developer/Xcode/DerivedData/SDKStatCaches.noindex/macosx27.0-26A425-e829b21a6f8c9b70876ba0858053c0447231f6df4def33e022ae2eb8f782df1a.sdkstatcache -output-file-map /Users/buddhirajgautam/Library/Developer/Xcode/DerivedData/Telegram-Mac-fygdgghdgmuleoelvxabfmqiotta/Build/Intermediates.noindex/TelegramMedia.build/Debug/TelegramMedia-t.build/Objects-normal/arm64/TelegramMedia-OutputFileMap.json -save-temps -no-color-diagnostics -explicit-module-build -module-cache-path /Users/buddhirajgautam/Library/Developer/Xcode/DerivedData/Telegram-Mac-fygdgghdgmuleoelvxabfmqiotta/Build/Intermediates.noindex/SwiftExplicitPrecompiledModules -clang-scanner-module-cache-path /Users/buddhirajgautam/Library/Developer/Xcode/DerivedData/ModuleCache.noindex -sdk-module-cache-path /Users/buddhirajgautam/Library/Developer/Xcode/DerivedData/SDKExplicitPrecompiledModules -emit-dependencies -emit-module -emit-module-path /Users/buddhirajgautam/Library/Developer/Xcode/DerivedData/Telegram-Mac-fygdgghdgmuleoelvxabfmqiotta/Build/Intermediates.noindex/TelegramMedia.build/Debug/TelegramMedia-t.build/Objects-normal/arm64/TelegramMedia.swiftmodule -serialize-diagnostics -dependency-scan-serialize-diagnostics-path /Users/buddhirajgautam/Library/Developer/Xcode/DerivedData/Telegram-Mac-fygdgghdgmuleoelvxabfmqiotta/Build/Intermediates.noindex/TelegramMedia.build/Debug/TelegramMedia-t.build/Objects-normal/arm64/TelegramMedia-dependency-scan.dia -validate-clang-modules-once -clang-build-session-file /Users/buddhirajgautam/Library/Developer/Xcode/DerivedData/ModuleCache.noindex/Session.modulevalidation -Xcc -fmodules-prune-interval\=86400 -Xcc -fmodules-prune-after\=345600 -emit-const-values -const-gather-protocols-list /Users/buddhirajgautam/Library/Developer/Xcode/DerivedData/Telegram-Mac-fygdgghdgmuleoelvxabfmqiotta/Build/Intermediates.noindex/TelegramMedia.build/Debug/TelegramMedia-t.build/Objects-normal/arm64/TelegramMedia_const_extract_protocols.json -Xcc -I/Users/buddhirajgautam/Documents/Cherrygram-Mac/macOS-Swift/submodules/telegram-ios/submodules/Utils/ShelfPack/PublicHeaders -Xcc -I/Users/buddhirajgautam/Documents/Cherrygram-Mac/macOS-Swift/submodules/tgcalls/macos/PublicHeaders -Xcc -I/Users/buddhirajgautam/Documents/Cherrygram-Mac/macOS-Swift/submodules/telegram-ios/submodules/MtProtoKit/PublicHeaders -Xcc -I/Users/buddhirajgautam/Documents/Cherrygram-Mac/macOS-Swift/submodules/telegram-ios/submodules/NetworkLogging/PublicHeaders -Xcc -I/Users/buddhirajgautam/Documents/Cherrygram-Mac/macOS-Swift/submodules/telegram-ios/submodules/Reachability/LegacyReachability/PublicHeaders -Xcc -I/Users/buddhirajgautam/Documents/Cherrygram-Mac/macOS-Swift/submodules/telegram-ios/submodules/EncryptionProvider/PublicHeaders -Xcc -I/Users/buddhirajgautam/Documents/Cherrygram-Mac/macOS-Swift/packages/GZIP/Sources/GZIP -Xcc -I/Users/buddhirajgautam/Documents/Cherrygram-Mac/macOS-Swift/submodules/telegram-ios/submodules/MurMurHash32/PublicHeaders -Xcc -I/Users/buddhirajgautam/Documents/Cherrygram-Mac/macOS-Swift/submodules/telegram-ios/submodules/sqlcipher/PublicHeaders -Xcc -I/Users/buddhirajgautam/Documents/Cherrygram-Mac/macOS-Swift/submodules/telegram-ios/submodules/StringTransliteration/PublicHeaders -Xcc -I/Users/buddhirajgautam/Documents/Cherrygram-Mac/macOS-Swift/submodules/telegram-ios/submodules/Utils/DarwinDirStat/PublicHeaders -Xcc -I/Users/buddhirajgautam/Documents/Cherrygram-Mac/macOS-Swift/submodules/telegram-ios/submodules/CryptoUtils/PublicHeaders -Xcc -I/Users/buddhirajgautam/Documents/Cherrygram-Mac/macOS-Swift/submodules/telegram-ios/submodules/Crc32/PublicHeaders -Xcc -I/Users/buddhirajgautam/Documents/Cherrygram-Mac/macOS-Swift/submodules/libwebp/Sources -Xcc -I/Users/buddhirajgautam/Documents/Cherrygram-Mac/macOS-Swift/packages/ObjcUtils/Sources/ObjcUtils -Xcc -I/Users/buddhirajgautam/Documents/Cherrygram-Mac/macOS-Swift/submodules/telegram-ios/submodules/YuvConversion/PublicHeaders -Xcc -I/Users/buddhirajgautam/Documents/Cherrygram-Mac/macOS-Swift/packages/RingBuffer/Sources/RingBuffer -Xcc -I/Users/buddhirajgautam/Documents/Cherrygram-Mac/macOS-Swift/submodules/telegram-ios/submodules/OpusBinding/PublicHeaders -Xcc -I/Users/buddhirajgautam/Documents/Cherrygram-Mac/macOS-Swift/submodules/telegram-ios/submodules/FFMpegBinding/Public -Xcc -I/Users/buddhirajgautam/Library/Developer/Xcode/DerivedData/Telegram-Mac-fygdgghdgmuleoelvxabfmqiotta/Build/Products/Debug/include -Xcc -I/Users/buddhirajgautam/Library/Developer/Xcode/DerivedData/Telegram-Mac-fygdgghdgmuleoelvxabfmqiotta/Build/Intermediates.noindex/TelegramMedia.build/Debug/TelegramMedia-t.build/DerivedSources-normal/arm64 -Xcc -I/Users/buddhirajgautam/Library/Developer/Xcode/DerivedData/Telegram-Mac-fygdgghdgmuleoelvxabfmqiotta/Build/Intermediates.noindex/TelegramMedia.build/Debug/TelegramMedia-t.build/DerivedSources/arm64 -Xcc -I/Users/buddhirajgautam/Library/Developer/Xcode/DerivedData/Telegram-Mac-fygdgghdgmuleoelvxabfmqiotta/Build/Intermediates.noindex/TelegramMedia.build/Debug/TelegramMedia-t.build/DerivedSources -Xcc -DSWIFT_PACKAGE -Xcc -DDEBUG\=1 -emit-objc-header -emit-objc-header-path /Users/buddhirajgautam/Library/Developer/Xcode/DerivedData/Telegram-Mac-fygdgghdgmuleoelvxabfmqiotta/Build/Intermediates.noindex/TelegramMedia.build/Debug/TelegramMedia-t.build/Objects-normal/arm64/TelegramMedia-Swift.h -working-directory /Users/buddhirajgautam/Documents/Cherrygram-Mac/macOS-Swift -experimental-emit-module-separately -disable-cmo

ScanDependencies /Users/buddhirajgautam/Library/Developer/Xcode/DerivedData/Telegram-Mac-fygdgghdgmuleoelvxabfmqiotta/Build/Intermediates.noindex/Sparkle.build/Debug/Sparkle.build/Objects-normal/arm64/SUUpdateDriver.o /Users/buddhirajgautam/Documents/Cherrygram-Mac/macOS-Swift/submodules/Sparkle/Sparkle/SUUpdateDriver.m normal arm64 objective-c com.apple.compilers.llvm.clang.1_0.compiler (in target 'Sparkle' from project 'Sparkle')
    cd /Users/buddhirajgautam/Documents/Cherrygram-Mac/macOS-Swift/submodules/Sparkle
    
    Using response file: /Users/buddhirajgautam/Library/Developer/Xcode/DerivedData/Telegram-Mac-fygdgghdgmuleoelvxabfmqiotta/Build/Intermediates.noindex/Sparkle.build/Debug/Sparkle.build/Objects-normal/arm64/e6072d4f65d7061329687fe24e3d63a7-common-args.resp
    
    builtin-ScanDependencies -o /Users/buddhirajgautam/Library/Developer/Xcode/DerivedData/Telegram-Mac-fygdgghdgmuleoelvxabfmqiotta/Build/Intermediates.noindex/Sparkle.build/Debug/Sparkle.build/Objects-normal/arm64/SUUpdateDriver.o.scan -- /Applications/Xcode.app/Contents/Developer/Toolchains/XcodeDefault.xctoolchain/usr/bin/clang -x objective-c -ivfsstatcache /Users/buddhirajgautam/Library/Developer/Xcode/DerivedData/SDKStatCaches.noindex/macosx27.0-26A425-e829b21a6f8c9b70876ba0858053c0447231f6df4def33e022ae2eb8f782df1a.sdkstatcache -target arm64-apple-macos12.0 -fmessage-length\=0 -fdiagnostics-show-note-include-stack -fmacro-backtrace-limit\=0 -fno-color-diagnostics -fmodules-prune-interval\=86400 -fmodules-prune-after\=345600 -fbuild-session-file\=/Users/buddhirajgautam/Library/Developer/Xcode/DerivedData/ModuleCache.noindex/Session.modulevalidation -fmodules-validate-once-per-build-session -Wnon-modular-include-in-framework-module -Werror\=non-modular-include-in-framework-module -Wno-trigraphs -Werror\=incompatible-pointer-types -Werror\=implicit-function-declaration -Wmissing-field-initializers -Wmissing-prototypes -Wdocumentation -Wunreachable-code -Wimplicit-atomic-properties -Wno-objc-interface-ivars -Wobjc-missing-property-synthesis -Warc-repeated-use-of-weak -Wno-arc-maybe-repeated-use-of-weak -Wexplicit-ownership-type -Wimplicit-retain-self -Wduplicate-method-match -Wmissing-braces -Wparentheses -Wswitch -Wunused-function -Wunused-label -Wunused-parameter -Wunused-variable -Wunused-value -Wempty-body -Wuninitialized -Wunknown-pragmas -Wshadow -Wfour-char-constants -Wconversion -Wconstant-conversion -Wint-conversion -Wbool-conversion -Wenum-conversion -Wfloat-conversion -Wnon-literal-null-conversion -Wobjc-literal-conversion -Wassign-enum -Wsign-compare -Wshorten-64-to-32 -Wpointer-sign -Wnewline-eof -Wselector -Wstrict-selector-match -Wundeclared-selector -Wdeprecated-implementations -Wno-implicit-fallthrough -isysroot /Applications/Xcode.app/Contents/Developer/Platforms/MacOSX.platform/Developer/SDKs/MacOSX27.0.sdk -fstrict-aliasing -Wprotocol -Wdeprecated-declarations -Wsign-conversion -Winfinite-recursion -Wcomma -Wblock-capture-autoreleasing -Wstrict-prototypes -Wno-semicolon-before-method-body -index-store-path /Users/buddhirajgautam/Library/Developer/Xcode/DerivedData/Telegram-Mac-fygdgghdgmuleoelvxabfmqiotta/Index.noindex/DataStore -Wall -Weverything -Wno-unused-macros -Wno-gnu-statement-expression -Wno-arc-repeated-use-of-weak -Wno-auto-import -Wno-gnu-zero-variadic-macro-arguments -Wno-custom-atomic-properties -Wno-implicit-atomic-properties @/Users/buddhirajgautam/Library/Developer/Xcode/DerivedData/Telegram-Mac-fygdgghdgmuleoelvxabfmqiotta/Build/Intermediates.noindex/Sparkle.build/Debug/Sparkle.build/Objects-normal/arm64/e6072d4f65d7061329687fe24e3d63a7-common-args.resp -MMD -MT dependencies -MF /Users/buddhirajgautam/Library/Developer/Xcode/DerivedData/Telegram-Mac-fygdgghdgmuleoelvxabfmqiotta/Build/Intermediates.noindex/Sparkle.build/Debug/Sparkle.build/Objects-normal/arm64/SUUpdateDriver.d --serialize-diagnostics /Users/buddhirajgautam/Library/Developer/Xcode/DerivedData/Telegram-Mac-fygdgghdgmuleoelvxabfmqiotta/Build/Intermediates.noindex/Sparkle.build/Debug/Sparkle.build/Objects-normal/arm64/SUUpdateDriver.dia -c /Users/buddhirajgautam/Documents/Cherrygram-Mac/macOS-Swift/submodules/Sparkle/Sparkle/SUUpdateDriver.m -o /Users/buddhirajgautam/Library/Developer/Xcode/DerivedData/Telegram-Mac-fygdgghdgmuleoelvxabfmqiotta/Build/Intermediates.noindex/Sparkle.build/Debug/Sparkle.build/Objects-normal/arm64/SUUpdateDriver.o -index-unit-output-path /Sparkle.build/Debug/Sparkle.build/Objects-normal/arm64/SUUpdateDriver.o

ScanDependencies /Users/buddhirajgautam/Library/Developer/Xcode/DerivedData/Telegram-Mac-fygdgghdgmuleoelvxabfmqiotta/Build/Intermediates.noindex/Sparkle.build/Debug/Sparkle.build/Objects-normal/arm64/SUUpdateAlert.o /Users/buddhirajgautam/Documents/Cherrygram-Mac/macOS-Swift/submodules/Sparkle/Sparkle/SUUpdateAlert.m normal arm64 objective-c com.apple.compilers.llvm.clang.1_0.compiler (in target 'Sparkle' from project 'Sparkle')
    cd /Users/buddhirajgautam/Documents/Cherrygram-Mac/macOS-Swift/submodules/Sparkle
    
    Using response file: /Users/buddhirajgautam/Library/Developer/Xcode/DerivedData/Telegram-Mac-fygdgghdgmuleoelvxabfmqiotta/Build/Intermediates.noindex/Sparkle.build/Debug/Sparkle.build/Objects-normal/arm64/e6072d4f65d7061329687fe24e3d63a7-common-args.resp
    
    builtin-ScanDependencies -o /Users/buddhirajgautam/Library/Developer/Xcode/DerivedData/Telegram-Mac-fygdgghdgmuleoelvxabfmqiotta/Build/Intermediates.noindex/Sparkle.build/Debug/Sparkle.build/Objects-normal/arm64/SUUpdateAlert.o.scan -- /Applications/Xcode.app/Contents/Developer/Toolchains/XcodeDefault.xctoolchain/usr/bin/clang -x objective-c -ivfsstatcache /Users/buddhirajgautam/Library/Developer/Xcode/DerivedData/SDKStatCaches.noindex/macosx27.0-26A425-e829b21a6f8c9b70876ba0858053c0447231f6df4def33e022ae2eb8f782df1a.sdkstatcache -target arm64-apple-macos12.0 -fmessage-length\=0 -fdiagnostics-show-note-include-stack -fmacro-backtrace-limit\=0 -fno-color-diagnostics -fmodules-prune-interval\=86400 -fmodules-prune-after\=345600 -fbuild-session-file\=/Users/buddhirajgautam/Library/Developer/Xcode/DerivedData/ModuleCache.noindex/Session.modulevalidation -fmodules-validate-once-per-build-session -Wnon-modular-include-in-framework-module -Werror\=non-modular-include-in-framework-module -Wno-trigraphs -Werror\=incompatible-pointer-types -Werror\=implicit-function-declaration -Wmissing-field-initializers -Wmissing-prototypes -Wdocumentation -Wunreachable-code -Wimplicit-atomic-properties -Wno-objc-interface-ivars -Wobjc-missing-property-synthesis -Warc-repeated-use-of-weak -Wno-arc-maybe-repeated-use-of-weak -Wexplicit-ownership-type -Wimplicit-retain-self -Wduplicate-method-match -Wmissing-braces -Wparentheses -Wswitch -Wunused-function -Wunused-label -Wunused-parameter -Wunused-variable -Wunused-value -Wempty-body -Wuninitialized -Wunknown-pragmas -Wshadow -Wfour-char-constants -Wconversion -Wconstant-conversion -Wint-conversion -Wbool-conversion -Wenum-conversion -Wfloat-conversion -Wnon-literal-null-conversion -Wobjc-literal-conversion -Wassign-enum -Wsign-compare -Wshorten-64-to-32 -Wpointer-sign -Wnewline-eof -Wselector -Wstrict-selector-match -Wundeclared-selector -Wdeprecated-implementations -Wno-implicit-fallthrough -isysroot /Applications/Xcode.app/Contents/Developer/Platforms/MacOSX.platform/Developer/SDKs/MacOSX27.0.sdk -fstrict-aliasing -Wprotocol -Wdeprecated-declarations -Wsign-conversion -Winfinite-recursion -Wcomma -Wblock-capture-autoreleasing -Wstrict-prototypes -Wno-semicolon-before-method-body -index-store-path /Users/buddhirajgautam/Library/Developer/Xcode/DerivedData/Telegram-Mac-fygdgghdgmuleoelvxabfmqiotta/Index.noindex/DataStore -Wall -Weverything -Wno-unused-macros -Wno-gnu-statement-expression -Wno-arc-repeated-use-of-weak -Wno-auto-import -Wno-gnu-zero-variadic-macro-arguments -Wno-custom-atomic-properties -Wno-implicit-atomic-properties @/Users/buddhirajgautam/Library/Developer/Xcode/DerivedData/Telegram-Mac-fygdgghdgmuleoelvxabfmqiotta/Build/Intermediates.noindex/Sparkle.build/Debug/Sparkle.build/Objects-normal/arm64/e6072d4f65d7061329687fe24e3d63a7-common-args.resp -MMD -MT dependencies -MF /Users/buddhirajgautam/Library/Developer/Xcode/DerivedData/Telegram-Mac-fygdgghdgmuleoelvxabfmqiotta/Build/Intermediates.noindex/Sparkle.build/Debug/Sparkle.build/Objects-normal/arm64/SUUpdateAlert.d --serialize-diagnostics /Users/buddhirajgautam/Library/Developer/Xcode/DerivedData/Telegram-Mac-fygdgghdgmuleoelvxabfmqiotta/Build/Intermediates.noindex/Sparkle.build/Debug/Sparkle.build/Objects-normal/arm64/SUUpdateAlert.dia -c /Users/buddhirajgautam/Documents/Cherrygram-Mac/macOS-Swift/submodules/Sparkle/Sparkle/SUUpdateAlert.m -o /Users/buddhirajgautam/Library/Developer/Xcode/DerivedData/Telegram-Mac-fygdgghdgmuleoelvxabfmqiotta/Build/Intermediates.noindex/Sparkle.build/Debug/Sparkle.build/Objects-normal/arm64/SUUpdateAlert.o -index-unit-output-path /Sparkle.build/Debug/Sparkle.build/Objects-normal/arm64/SUUpdateAlert.o

ScanDependencies /Users/buddhirajgautam/Library/Developer/Xcode/DerivedData/Telegram-Mac-fygdgghdgmuleoelvxabfmqiotta/Build/Intermediates.noindex/Sparkle.build/Debug/Sparkle.build/Objects-normal/arm64/SUUnarchiverNotifier.o /Users/buddhirajgautam/Documents/Cherrygram-Mac/macOS-Swift/submodules/Sparkle/Sparkle/SUUnarchiverNotifier.m normal arm64 objective-c com.apple.compilers.llvm.clang.1_0.compiler (in target 'Sparkle' from project 'Sparkle')
    cd /Users/buddhirajgautam/Documents/Cherrygram-Mac/macOS-Swift/submodules/Sparkle
    
    Using response file: /Users/buddhirajgautam/Library/Developer/Xcode/DerivedData/Telegram-Mac-fygdgghdgmuleoelvxabfmqiotta/Build/Intermediates.noindex/Sparkle.build/Debug/Sparkle.build/Objects-normal/arm64/e6072d4f65d7061329687fe24e3d63a7-common-args.resp
    
    builtin-ScanDependencies -o /Users/buddhirajgautam/Library/Developer/Xcode/DerivedData/Telegram-Mac-fygdgghdgmuleoelvxabfmqiotta/Build/Intermediates.noindex/Sparkle.build/Debug/Sparkle.build/Objects-normal/arm64/SUUnarchiverNotifier.o.scan -- /Applications/Xcode.app/Contents/Developer/Toolchains/XcodeDefault.xctoolchain/usr/bin/clang -x objective-c -ivfsstatcache /Users/buddhirajgautam/Library/Developer/Xcode/DerivedData/SDKStatCaches.noindex/macosx27.0-26A425-e829b21a6f8c9b70876ba0858053c0447231f6df4def33e022ae2eb8f782df1a.sdkstatcache -target arm64-apple-macos12.0 -fmessage-length\=0 -fdiagnostics-show-note-include-stack -fmacro-backtrace-limit\=0 -fno-color-diagnostics -fmodules-prune-interval\=86400 -fmodules-prune-after\=345600 -fbuild-session-file\=/Users/buddhirajgautam/Library/Developer/Xcode/DerivedData/ModuleCache.noindex/Session.modulevalidation -fmodules-validate-once-per-build-session -Wnon-modular-include-in-framework-module -Werror\=non-modular-include-in-framework-module -Wno-trigraphs -Werror\=incompatible-pointer-types -Werror\=implicit-function-declaration -Wmissing-field-initializers -Wmissing-prototypes -Wdocumentation -Wunreachable-code -Wimplicit-atomic-properties -Wno-objc-interface-ivars -Wobjc-missing-property-synthesis -Warc-repeated-use-of-weak -Wno-arc-maybe-repeated-use-of-weak -Wexplicit-ownership-type -Wimplicit-retain-self -Wduplicate-method-match -Wmissing-braces -Wparentheses -Wswitch -Wunused-function -Wunused-label -Wunused-parameter -Wunused-variable -Wunused-value -Wempty-body -Wuninitialized -Wunknown-pragmas -Wshadow -Wfour-char-constants -Wconversion -Wconstant-conversion -Wint-conversion -Wbool-conversion -Wenum-conversion -Wfloat-conversion -Wnon-literal-null-conversion -Wobjc-literal-conversion -Wassign-enum -Wsign-compare -Wshorten-64-to-32 -Wpointer-sign -Wnewline-eof -Wselector -Wstrict-selector-match -Wundeclared-selector -Wdeprecated-implementations -Wno-implicit-fallthrough -isysroot /Applications/Xcode.app/Contents/Developer/Platforms/MacOSX.platform/Developer/SDKs/MacOSX27.0.sdk -fstrict-aliasing -Wprotocol -Wdeprecated-declarations -Wsign-conversion -Winfinite-recursion -Wcomma -Wblock-capture-autoreleasing -Wstrict-prototypes -Wno-semicolon-before-method-body -index-store-path /Users/buddhirajgautam/Library/Developer/Xcode/DerivedData/Telegram-Mac-fygdgghdgmuleoelvxabfmqiotta/Index.noindex/DataStore -Wall -Weverything -Wno-unused-macros -Wno-gnu-statement-expression -Wno-arc-repeated-use-of-weak -Wno-auto-import -Wno-gnu-zero-variadic-macro-arguments -Wno-custom-atomic-properties -Wno-implicit-atomic-properties @/Users/buddhirajgautam/Library/Developer/Xcode/DerivedData/Telegram-Mac-fygdgghdgmuleoelvxabfmqiotta/Build/Intermediates.noindex/Sparkle.build/Debug/Sparkle.build/Objects-normal/arm64/e6072d4f65d7061329687fe24e3d63a7-common-args.resp -MMD -MT dependencies -MF /Users/buddhirajgautam/Library/Developer/Xcode/DerivedData/Telegram-Mac-fygdgghdgmuleoelvxabfmqiotta/Build/Intermediates.noindex/Sparkle.build/Debug/Sparkle.build/Objects-normal/arm64/SUUnarchiverNotifier.d --serialize-diagnostics /Users/buddhirajgautam/Library/Developer/Xcode/DerivedData/Telegram-Mac-fygdgghdgmuleoelvxabfmqiotta/Build/Intermediates.noindex/Sparkle.build/Debug/Sparkle.build/Objects-normal/arm64/SUUnarchiverNotifier.dia -c /Users/buddhirajgautam/Documents/Cherrygram-Mac/macOS-Swift/submodules/Sparkle/Sparkle/SUUnarchiverNotifier.m -o /Users/buddhirajgautam/Library/Developer/Xcode/DerivedData/Telegram-Mac-fygdgghdgmuleoelvxabfmqiotta/Build/Intermediates.noindex/Sparkle.build/Debug/Sparkle.build/Objects-normal/arm64/SUUnarchiverNotifier.o -index-unit-output-path /Sparkle.build/Debug/Sparkle.build/Objects-normal/arm64/SUUnarchiverNotifier.o

ScanDependencies /Users/buddhirajgautam/Library/Developer/Xcode/DerivedData/Telegram-Mac-fygdgghdgmuleoelvxabfmqiotta/Build/Intermediates.noindex/Sparkle.build/Debug/Sparkle.build/Objects-normal/arm64/SUUnarchiver.o /Users/buddhirajgautam/Documents/Cherrygram-Mac/macOS-Swift/submodules/Sparkle/Sparkle/SUUnarchiver.m normal arm64 objective-c com.apple.compilers.llvm.clang.1_0.compiler (in target 'Sparkle' from project 'Sparkle')
    cd /Users/buddhirajgautam/Documents/Cherrygram-Mac/macOS-Swift/submodules/Sparkle
    
    Using response file: /Users/buddhirajgautam/Library/Developer/Xcode/DerivedData/Telegram-Mac-fygdgghdgmuleoelvxabfmqiotta/Build/Intermediates.noindex/Sparkle.build/Debug/Sparkle.build/Objects-normal/arm64/e6072d4f65d7061329687fe24e3d63a7-common-args.resp
    
    builtin-ScanDependencies -o /Users/buddhirajgautam/Library/Developer/Xcode/DerivedData/Telegram-Mac-fygdgghdgmuleoelvxabfmqiotta/Build/Intermediates.noindex/Sparkle.build/Debug/Sparkle.build/Objects-normal/arm64/SUUnarchiver.o.scan -- /Applications/Xcode.app/Contents/Developer/Toolchains/XcodeDefault.xctoolchain/usr/bin/clang -x objective-c -ivfsstatcache /Users/buddhirajgautam/Library/Developer/Xcode/DerivedData/SDKStatCaches.noindex/macosx27.0-26A425-e829b21a6f8c9b70876ba0858053c0447231f6df4def33e022ae2eb8f782df1a.sdkstatcache -target arm64-apple-macos12.0 -fmessage-length\=0 -fdiagnostics-show-note-include-stack -fmacro-backtrace-limit\=0 -fno-color-diagnostics -fmodules-prune-interval\=86400 -fmodules-prune-after\=345600 -fbuild-session-file\=/Users/buddhirajgautam/Library/Developer/Xcode/DerivedData/ModuleCache.noindex/Session.modulevalidation -fmodules-validate-once-per-build-session -Wnon-modular-include-in-framework-module -Werror\=non-modular-include-in-framework-module -Wno-trigraphs -Werror\=incompatible-pointer-types -Werror\=implicit-function-declaration -Wmissing-field-initializers -Wmissing-prototypes -Wdocumentation -Wunreachable-code -Wimplicit-atomic-properties -Wno-objc-interface-ivars -Wobjc-missing-property-synthesis -Warc-repeated-use-of-weak -Wno-arc-maybe-repeated-use-of-weak -Wexplicit-ownership-type -Wimplicit-retain-self -Wduplicate-method-match -Wmissing-braces -Wparentheses -Wswitch -Wunused-function -Wunused-label -Wunused-parameter -Wunused-variable -Wunused-value -Wempty-body -Wuninitialized -Wunknown-pragmas -Wshadow -Wfour-char-constants -Wconversion -Wconstant-conversion -Wint-conversion -Wbool-conversion -Wenum-conversion -Wfloat-conversion -Wnon-literal-null-conversion -Wobjc-literal-conversion -Wassign-enum -Wsign-compare -Wshorten-64-to-32 -Wpointer-sign -Wnewline-eof -Wselector -Wstrict-selector-match -Wundeclared-selector -Wdeprecated-implementations -Wno-implicit-fallthrough -isysroot /Applications/Xcode.app/Contents/Developer/Platforms/MacOSX.platform/Developer/SDKs/MacOSX27.0.sdk -fstrict-aliasing -Wprotocol -Wdeprecated-declarations -Wsign-conversion -Winfinite-recursion -Wcomma -Wblock-capture-autoreleasing -Wstrict-prototypes -Wno-semicolon-before-method-body -index-store-path /Users/buddhirajgautam/Library/Developer/Xcode/DerivedData/Telegram-Mac-fygdgghdgmuleoelvxabfmqiotta/Index.noindex/DataStore -Wall -Weverything -Wno-unused-macros -Wno-gnu-statement-expression -Wno-arc-repeated-use-of-weak -Wno-auto-import -Wno-gnu-zero-variadic-macro-arguments -Wno-custom-atomic-properties -Wno-implicit-atomic-properties @/Users/buddhirajgautam/Library/Developer/Xcode/DerivedData/Telegram-Mac-fygdgghdgmuleoelvxabfmqiotta/Build/Intermediates.noindex/Sparkle.build/Debug/Sparkle.build/Objects-normal/arm64/e6072d4f65d7061329687fe24e3d63a7-common-args.resp -MMD -MT dependencies -MF /Users/buddhirajgautam/Library/Developer/Xcode/DerivedData/Telegram-Mac-fygdgghdgmuleoelvxabfmqiotta/Build/Intermediates.noindex/Sparkle.build/Debug/Sparkle.build/Objects-normal/arm64/SUUnarchiver.d --serialize-diagnostics /Users/buddhirajgautam/Library/Developer/Xcode/DerivedData/Telegram-Mac-fygdgghdgmuleoelvxabfmqiotta/Build/Intermediates.noindex/Sparkle.build/Debug/Sparkle.build/Objects-normal/arm64/SUUnarchiver.dia -c /Users/buddhirajgautam/Documents/Cherrygram-Mac/macOS-Swift/submodules/Sparkle/Sparkle/SUUnarchiver.m -o /Users/buddhirajgautam/Library/Developer/Xcode/DerivedData/Telegram-Mac-fygdgghdgmuleoelvxabfmqiotta/Build/Intermediates.noindex/Sparkle.build/Debug/Sparkle.build/Objects-normal/arm64/SUUnarchiver.o -index-unit-output-path /Sparkle.build/Debug/Sparkle.build/Objects-normal/arm64/SUUnarchiver.o

PrecompileModule /Users/buddhirajgautam/Library/Developer/Xcode/DerivedData/Telegram-Mac-fygdgghdgmuleoelvxabfmqiotta/Build/Intermediates.noindex/ExplicitPrecompiledModules/_DarwinFoundation1-5VOEH5K2I6FD8XH1QD2ZMUMK5.scan
    cd /
    builtin-precompileModule /Users/buddhirajgautam/Library/Developer/Xcode/DerivedData/Telegram-Mac-fygdgghdgmuleoelvxabfmqiotta/Build/Intermediates.noindex/ExplicitPrecompiledModules/_DarwinFoundation1-5VOEH5K2I6FD8XH1QD2ZMUMK5.scan

SwiftGeneratePch normal arm64 Compiling\ bridging\ header (in target 'TelegramShare' from project 'Telegram')

ScanDependencies /Users/buddhirajgautam/Library/Developer/Xcode/DerivedData/Telegram-Mac-fygdgghdgmuleoelvxabfmqiotta/Build/Intermediates.noindex/Sparkle.build/Debug/Sparkle.build/Objects-normal/arm64/SUUIBasedUpdateDriver.o /Users/buddhirajgautam/Documents/Cherrygram-Mac/macOS-Swift/submodules/Sparkle/Sparkle/SUUIBasedUpdateDriver.m normal arm64 objective-c com.apple.compilers.llvm.clang.1_0.compiler (in target 'Sparkle' from project 'Sparkle')
    cd /Users/buddhirajgautam/Documents/Cherrygram-Mac/macOS-Swift/submodules/Sparkle
    
    Using response file: /Users/buddhirajgautam/Library/Developer/Xcode/DerivedData/Telegram-Mac-fygdgghdgmuleoelvxabfmqiotta/Build/Intermediates.noindex/Sparkle.build/Debug/Sparkle.build/Objects-normal/arm64/e6072d4f65d7061329687fe24e3d63a7-common-args.resp
    
    builtin-ScanDependencies -o /Users/buddhirajgautam/Library/Developer/Xcode/DerivedData/Telegram-Mac-fygdgghdgmuleoelvxabfmqiotta/Build/Intermediates.noindex/Sparkle.build/Debug/Sparkle.build/Objects-normal/arm64/SUUIBasedUpdateDriver.o.scan -- /Applications/Xcode.app/Contents/Developer/Toolchains/XcodeDefault.xctoolchain/usr/bin/clang -x objective-c -ivfsstatcache /Users/buddhirajgautam/Library/Developer/Xcode/DerivedData/SDKStatCaches.noindex/macosx27.0-26A425-e829b21a6f8c9b70876ba0858053c0447231f6df4def33e022ae2eb8f782df1a.sdkstatcache -target arm64-apple-macos12.0 -fmessage-length\=0 -fdiagnostics-show-note-include-stack -fmacro-backtrace-limit\=0 -fno-color-diagnostics -fmodules-prune-interval\=86400 -fmodules-prune-after\=345600 -fbuild-session-file\=/Users/buddhirajgautam/Library/Developer/Xcode/DerivedData/ModuleCache.noindex/Session.modulevalidation -fmodules-validate-once-per-build-session -Wnon-modular-include-in-framework-module -Werror\=non-modular-include-in-framework-module -Wno-trigraphs -Werror\=incompatible-pointer-types -Werror\=implicit-function-declaration -Wmissing-field-initializers -Wmissing-prototypes -Wdocumentation -Wunreachable-code -Wimplicit-atomic-properties -Wno-objc-interface-ivars -Wobjc-missing-property-synthesis -Warc-repeated-use-of-weak -Wno-arc-maybe-repeated-use-of-weak -Wexplicit-ownership-type -Wimplicit-retain-self -Wduplicate-method-match -Wmissing-braces -Wparentheses -Wswitch -Wunused-function -Wunused-label -Wunused-parameter -Wunused-variable -Wunused-value -Wempty-body -Wuninitialized -Wunknown-pragmas -Wshadow -Wfour-char-constants -Wconversion -Wconstant-conversion -Wint-conversion -Wbool-conversion -Wenum-conversion -Wfloat-conversion -Wnon-literal-null-conversion -Wobjc-literal-conversion -Wassign-enum -Wsign-compare -Wshorten-64-to-32 -Wpointer-sign -Wnewline-eof -Wselector -Wstrict-selector-match -Wundeclared-selector -Wdeprecated-implementations -Wno-implicit-fallthrough -isysroot /Applications/Xcode.app/Contents/Developer/Platforms/MacOSX.platform/Developer/SDKs/MacOSX27.0.sdk -fstrict-aliasing -Wprotocol -Wdeprecated-declarations -Wsign-conversion -Winfinite-recursion -Wcomma -Wblock-capture-autoreleasing -Wstrict-prototypes -Wno-semicolon-before-method-body -index-store-path /Users/buddhirajgautam/Library/Developer/Xcode/DerivedData/Telegram-Mac-fygdgghdgmuleoelvxabfmqiotta/Index.noindex/DataStore -Wall -Weverything -Wno-unused-macros -Wno-gnu-statement-expression -Wno-arc-repeated-use-of-weak -Wno-auto-import -Wno-gnu-zero-variadic-macro-arguments -Wno-custom-atomic-properties -Wno-implicit-atomic-properties @/Users/buddhirajgautam/Library/Developer/Xcode/DerivedData/Telegram-Mac-fygdgghdgmuleoelvxabfmqiotta/Build/Intermediates.noindex/Sparkle.build/Debug/Sparkle.build/Objects-normal/arm64/e6072d4f65d7061329687fe24e3d63a7-common-args.resp -MMD -MT dependencies -MF /Users/buddhirajgautam/Library/Developer/Xcode/DerivedData/Telegram-Mac-fygdgghdgmuleoelvxabfmqiotta/Build/Intermediates.noindex/Sparkle.build/Debug/Sparkle.build/Objects-normal/arm64/SUUIBasedUpdateDriver.d --serialize-diagnostics /Users/buddhirajgautam/Library/Developer/Xcode/DerivedData/Telegram-Mac-fygdgghdgmuleoelvxabfmqiotta/Build/Intermediates.noindex/Sparkle.build/Debug/Sparkle.build/Objects-normal/arm64/SUUIBasedUpdateDriver.dia -c /Users/buddhirajgautam/Documents/Cherrygram-Mac/macOS-Swift/submodules/Sparkle/Sparkle/SUUIBasedUpdateDriver.m -o /Users/buddhirajgautam/Library/Developer/Xcode/DerivedData/Telegram-Mac-fygdgghdgmuleoelvxabfmqiotta/Build/Intermediates.noindex/Sparkle.build/Debug/Sparkle.build/Objects-normal/arm64/SUUIBasedUpdateDriver.o -index-unit-output-path /Sparkle.build/Debug/Sparkle.build/Objects-normal/arm64/SUUIBasedUpdateDriver.o

ScanDependencies /Users/buddhirajgautam/Library/Developer/Xcode/DerivedData/Telegram-Mac-fygdgghdgmuleoelvxabfmqiotta/Build/Intermediates.noindex/Sparkle.build/Debug/Sparkle.build/Objects-normal/arm64/SUTouchBarButtonGroup.o /Users/buddhirajgautam/Documents/Cherrygram-Mac/macOS-Swift/submodules/Sparkle/Sparkle/SUTouchBarButtonGroup.m normal arm64 objective-c com.apple.compilers.llvm.clang.1_0.compiler (in target 'Sparkle' from project 'Sparkle')
    cd /Users/buddhirajgautam/Documents/Cherrygram-Mac/macOS-Swift/submodules/Sparkle
    
    Using response file: /Users/buddhirajgautam/Library/Developer/Xcode/DerivedData/Telegram-Mac-fygdgghdgmuleoelvxabfmqiotta/Build/Intermediates.noindex/Sparkle.build/Debug/Sparkle.build/Objects-normal/arm64/e6072d4f65d7061329687fe24e3d63a7-common-args.resp
    
    builtin-ScanDependencies -o /Users/buddhirajgautam/Library/Developer/Xcode/DerivedData/Telegram-Mac-fygdgghdgmuleoelvxabfmqiotta/Build/Intermediates.noindex/Sparkle.build/Debug/Sparkle.build/Objects-normal/arm64/SUTouchBarButtonGroup.o.scan -- /Applications/Xcode.app/Contents/Developer/Toolchains/XcodeDefault.xctoolchain/usr/bin/clang -x objective-c -ivfsstatcache /Users/buddhirajgautam/Library/Developer/Xcode/DerivedData/SDKStatCaches.noindex/macosx27.0-26A425-e829b21a6f8c9b70876ba0858053c0447231f6df4def33e022ae2eb8f782df1a.sdkstatcache -target arm64-apple-macos12.0 -fmessage-length\=0 -fdiagnostics-show-note-include-stack -fmacro-backtrace-limit\=0 -fno-color-diagnostics -fmodules-prune-interval\=86400 -fmodules-prune-after\=345600 -fbuild-session-file\=/Users/buddhirajgautam/Library/Developer/Xcode/DerivedData/ModuleCache.noindex/Session.modulevalidation -fmodules-validate-once-per-build-session -Wnon-modular-include-in-framework-module -Werror\=non-modular-include-in-framework-module -Wno-trigraphs -Werror\=incompatible-pointer-types -Werror\=implicit-function-declaration -Wmissing-field-initializers -Wmissing-prototypes -Wdocumentation -Wunreachable-code -Wimplicit-atomic-properties -Wno-objc-interface-ivars -Wobjc-missing-property-synthesis -Warc-repeated-use-of-weak -Wno-arc-maybe-repeated-use-of-weak -Wexplicit-ownership-type -Wimplicit-retain-self -Wduplicate-method-match -Wmissing-braces -Wparentheses -Wswitch -Wunused-function -Wunused-label -Wunused-parameter -Wunused-variable -Wunused-value -Wempty-body -Wuninitialized -Wunknown-pragmas -Wshadow -Wfour-char-constants -Wconversion -Wconstant-conversion -Wint-conversion -Wbool-conversion -Wenum-conversion -Wfloat-conversion -Wnon-literal-null-conversion -Wobjc-literal-conversion -Wassign-enum -Wsign-compare -Wshorten-64-to-32 -Wpointer-sign -Wnewline-eof -Wselector -Wstrict-selector-match -Wundeclared-selector -Wdeprecated-implementations -Wno-implicit-fallthrough -isysroot /Applications/Xcode.app/Contents/Developer/Platforms/MacOSX.platform/Developer/SDKs/MacOSX27.0.sdk -fstrict-aliasing -Wprotocol -Wdeprecated-declarations -Wsign-conversion -Winfinite-recursion -Wcomma -Wblock-capture-autoreleasing -Wstrict-prototypes -Wno-semicolon-before-method-body -index-store-path /Users/buddhirajgautam/Library/Developer/Xcode/DerivedData/Telegram-Mac-fygdgghdgmuleoelvxabfmqiotta/Index.noindex/DataStore -Wall -Weverything -Wno-unused-macros -Wno-gnu-statement-expression -Wno-arc-repeated-use-of-weak -Wno-auto-import -Wno-gnu-zero-variadic-macro-arguments -Wno-custom-atomic-properties -Wno-implicit-atomic-properties @/Users/buddhirajgautam/Library/Developer/Xcode/DerivedData/Telegram-Mac-fygdgghdgmuleoelvxabfmqiotta/Build/Intermediates.noindex/Sparkle.build/Debug/Sparkle.build/Objects-normal/arm64/e6072d4f65d7061329687fe24e3d63a7-common-args.resp -MMD -MT dependencies -MF /Users/buddhirajgautam/Library/Developer/Xcode/DerivedData/Telegram-Mac-fygdgghdgmuleoelvxabfmqiotta/Build/Intermediates.noindex/Sparkle.build/Debug/Sparkle.build/Objects-normal/arm64/SUTouchBarButtonGroup.d --serialize-diagnostics /Users/buddhirajgautam/Library/Developer/Xcode/DerivedData/Telegram-Mac-fygdgghdgmuleoelvxabfmqiotta/Build/Intermediates.noindex/Sparkle.build/Debug/Sparkle.build/Objects-normal/arm64/SUTouchBarButtonGroup.dia -c /Users/buddhirajgautam/Documents/Cherrygram-Mac/macOS-Swift/submodules/Sparkle/Sparkle/SUTouchBarButtonGroup.m -o /Users/buddhirajgautam/Library/Developer/Xcode/DerivedData/Telegram-Mac-fygdgghdgmuleoelvxabfmqiotta/Build/Intermediates.noindex/Sparkle.build/Debug/Sparkle.build/Objects-normal/arm64/SUTouchBarButtonGroup.o -index-unit-output-path /Sparkle.build/Debug/Sparkle.build/Objects-normal/arm64/SUTouchBarButtonGroup.o

ScanDependencies /Users/buddhirajgautam/Library/Developer/Xcode/DerivedData/Telegram-Mac-fygdgghdgmuleoelvxabfmqiotta/Build/Intermediates.noindex/Sparkle.build/Debug/Sparkle.build/Objects-normal/arm64/SUSystemUpdateInfo.o /Users/buddhirajgautam/Documents/Cherrygram-Mac/macOS-Swift/submodules/Sparkle/Sparkle/SUSystemUpdateInfo.m normal arm64 objective-c com.apple.compilers.llvm.clang.1_0.compiler (in target 'Sparkle' from project 'Sparkle')
    cd /Users/buddhirajgautam/Documents/Cherrygram-Mac/macOS-Swift/submodules/Sparkle
    
    Using response file: /Users/buddhirajgautam/Library/Developer/Xcode/DerivedData/Telegram-Mac-fygdgghdgmuleoelvxabfmqiotta/Build/Intermediates.noindex/Sparkle.build/Debug/Sparkle.build/Objects-normal/arm64/e6072d4f65d7061329687fe24e3d63a7-common-args.resp
    
    builtin-ScanDependencies -o /Users/buddhirajgautam/Library/Developer/Xcode/DerivedData/Telegram-Mac-fygdgghdgmuleoelvxabfmqiotta/Build/Intermediates.noindex/Sparkle.build/Debug/Sparkle.build/Objects-normal/arm64/SUSystemUpdateInfo.o.scan -- /Applications/Xcode.app/Contents/Developer/Toolchains/XcodeDefault.xctoolchain/usr/bin/clang -x objective-c -ivfsstatcache /Users/buddhirajgautam/Library/Developer/Xcode/DerivedData/SDKStatCaches.noindex/macosx27.0-26A425-e829b21a6f8c9b70876ba0858053c0447231f6df4def33e022ae2eb8f782df1a.sdkstatcache -target arm64-apple-macos12.0 -fmessage-length\=0 -fdiagnostics-show-note-include-stack -fmacro-backtrace-limit\=0 -fno-color-diagnostics -fmodules-prune-interval\=86400 -fmodules-prune-after\=345600 -fbuild-session-file\=/Users/buddhirajgautam/Library/Developer/Xcode/DerivedData/ModuleCache.noindex/Session.modulevalidation -fmodules-validate-once-per-build-session -Wnon-modular-include-in-framework-module -Werror\=non-modular-include-in-framework-module -Wno-trigraphs -Werror\=incompatible-pointer-types -Werror\=implicit-function-declaration -Wmissing-field-initializers -Wmissing-prototypes -Wdocumentation -Wunreachable-code -Wimplicit-atomic-properties -Wno-objc-interface-ivars -Wobjc-missing-property-synthesis -Warc-repeated-use-of-weak -Wno-arc-maybe-repeated-use-of-weak -Wexplicit-ownership-type -Wimplicit-retain-self -Wduplicate-method-match -Wmissing-braces -Wparentheses -Wswitch -Wunused-function -Wunused-label -Wunused-parameter -Wunused-variable -Wunused-value -Wempty-body -Wuninitialized -Wunknown-pragmas -Wshadow -Wfour-char-constants -Wconversion -Wconstant-conversion -Wint-conversion -Wbool-conversion -Wenum-conversion -Wfloat-conversion -Wnon-literal-null-conversion -Wobjc-literal-conversion -Wassign-enum -Wsign-compare -Wshorten-64-to-32 -Wpointer-sign -Wnewline-eof -Wselector -Wstrict-selector-match -Wundeclared-selector -Wdeprecated-implementations -Wno-implicit-fallthrough -isysroot /Applications/Xcode.app/Contents/Developer/Platforms/MacOSX.platform/Developer/SDKs/MacOSX27.0.sdk -fstrict-aliasing -Wprotocol -Wdeprecated-declarations -Wsign-conversion -Winfinite-recursion -Wcomma -Wblock-capture-autoreleasing -Wstrict-prototypes -Wno-semicolon-before-method-body -index-store-path /Users/buddhirajgautam/Library/Developer/Xcode/DerivedData/Telegram-Mac-fygdgghdgmuleoelvxabfmqiotta/Index.noindex/DataStore -Wall -Weverything -Wno-unused-macros -Wno-gnu-statement-expression -Wno-arc-repeated-use-of-weak -Wno-auto-import -Wno-gnu-zero-variadic-macro-arguments -Wno-custom-atomic-properties -Wno-implicit-atomic-properties @/Users/buddhirajgautam/Library/Developer/Xcode/DerivedData/Telegram-Mac-fygdgghdgmuleoelvxabfmqiotta/Build/Intermediates.noindex/Sparkle.build/Debug/Sparkle.build/Objects-normal/arm64/e6072d4f65d7061329687fe24e3d63a7-common-args.resp -MMD -MT dependencies -MF /Users/buddhirajgautam/Library/Developer/Xcode/DerivedData/Telegram-Mac-fygdgghdgmuleoelvxabfmqiotta/Build/Intermediates.noindex/Sparkle.build/Debug/Sparkle.build/Objects-normal/arm64/SUSystemUpdateInfo.d --serialize-diagnostics /Users/buddhirajgautam/Library/Developer/Xcode/DerivedData/Telegram-Mac-fygdgghdgmuleoelvxabfmqiotta/Build/Intermediates.noindex/Sparkle.build/Debug/Sparkle.build/Objects-normal/arm64/SUSystemUpdateInfo.dia -c /Users/buddhirajgautam/Documents/Cherrygram-Mac/macOS-Swift/submodules/Sparkle/Sparkle/SUSystemUpdateInfo.m -o /Users/buddhirajgautam/Library/Developer/Xcode/DerivedData/Telegram-Mac-fygdgghdgmuleoelvxabfmqiotta/Build/Intermediates.noindex/Sparkle.build/Debug/Sparkle.build/Objects-normal/arm64/SUSystemUpdateInfo.o -index-unit-output-path /Sparkle.build/Debug/Sparkle.build/Objects-normal/arm64/SUSystemUpdateInfo.o

ScanDependencies /Users/buddhirajgautam/Library/Developer/Xcode/DerivedData/Telegram-Mac-fygdgghdgmuleoelvxabfmqiotta/Build/Intermediates.noindex/Sparkle.build/Debug/Sparkle.build/Objects-normal/arm64/SUSystemProfiler.o /Users/buddhirajgautam/Documents/Cherrygram-Mac/macOS-Swift/submodules/Sparkle/Sparkle/SUSystemProfiler.m normal arm64 objective-c com.apple.compilers.llvm.clang.1_0.compiler (in target 'Sparkle' from project 'Sparkle')
    cd /Users/buddhirajgautam/Documents/Cherrygram-Mac/macOS-Swift/submodules/Sparkle
    
    Using response file: /Users/buddhirajgautam/Library/Developer/Xcode/DerivedData/Telegram-Mac-fygdgghdgmuleoelvxabfmqiotta/Build/Intermediates.noindex/Sparkle.build/Debug/Sparkle.build/Objects-normal/arm64/e6072d4f65d7061329687fe24e3d63a7-common-args.resp
    
    builtin-ScanDependencies -o /Users/buddhirajgautam/Library/Developer/Xcode/DerivedData/Telegram-Mac-fygdgghdgmuleoelvxabfmqiotta/Build/Intermediates.noindex/Sparkle.build/Debug/Sparkle.build/Objects-normal/arm64/SUSystemProfiler.o.scan -- /Applications/Xcode.app/Contents/Developer/Toolchains/XcodeDefault.xctoolchain/usr/bin/clang -x objective-c -ivfsstatcache /Users/buddhirajgautam/Library/Developer/Xcode/DerivedData/SDKStatCaches.noindex/macosx27.0-26A425-e829b21a6f8c9b70876ba0858053c0447231f6df4def33e022ae2eb8f782df1a.sdkstatcache -target arm64-apple-macos12.0 -fmessage-length\=0 -fdiagnostics-show-note-include-stack -fmacro-backtrace-limit\=0 -fno-color-diagnostics -fmodules-prune-interval\=86400 -fmodules-prune-after\=345600 -fbuild-session-file\=/Users/buddhirajgautam/Library/Developer/Xcode/DerivedData/ModuleCache.noindex/Session.modulevalidation -fmodules-validate-once-per-build-session -Wnon-modular-include-in-framework-module -Werror\=non-modular-include-in-framework-module -Wno-trigraphs -Werror\=incompatible-pointer-types -Werror\=implicit-function-declaration -Wmissing-field-initializers -Wmissing-prototypes -Wdocumentation -Wunreachable-code -Wimplicit-atomic-properties -Wno-objc-interface-ivars -Wobjc-missing-property-synthesis -Warc-repeated-use-of-weak -Wno-arc-maybe-repeated-use-of-weak -Wexplicit-ownership-type -Wimplicit-retain-self -Wduplicate-method-match -Wmissing-braces -Wparentheses -Wswitch -Wunused-function -Wunused-label -Wunused-parameter -Wunused-variable -Wunused-value -Wempty-body -Wuninitialized -Wunknown-pragmas -Wshadow -Wfour-char-constants -Wconversion -Wconstant-conversion -Wint-conversion -Wbool-conversion -Wenum-conversion -Wfloat-conversion -Wnon-literal-null-conversion -Wobjc-literal-conversion -Wassign-enum -Wsign-compare -Wshorten-64-to-32 -Wpointer-sign -Wnewline-eof -Wselector -Wstrict-selector-match -Wundeclared-selector -Wdeprecated-implementations -Wno-implicit-fallthrough -isysroot /Applications/Xcode.app/Contents/Developer/Platforms/MacOSX.platform/Developer/SDKs/MacOSX27.0.sdk -fstrict-aliasing -Wprotocol -Wdeprecated-declarations -Wsign-conversion -Winfinite-recursion -Wcomma -Wblock-capture-autoreleasing -Wstrict-prototypes -Wno-semicolon-before-method-body -index-store-path /Users/buddhirajgautam/Library/Developer/Xcode/DerivedData/Telegram-Mac-fygdgghdgmuleoelvxabfmqiotta/Index.noindex/DataStore -Wall -Weverything -Wno-unused-macros -Wno-gnu-statement-expression -Wno-arc-repeated-use-of-weak -Wno-auto-import -Wno-gnu-zero-variadic-macro-arguments -Wno-custom-atomic-properties -Wno-implicit-atomic-properties @/Users/buddhirajgautam/Library/Developer/Xcode/DerivedData/Telegram-Mac-fygdgghdgmuleoelvxabfmqiotta/Build/Intermediates.noindex/Sparkle.build/Debug/Sparkle.build/Objects-normal/arm64/e6072d4f65d7061329687fe24e3d63a7-common-args.resp -MMD -MT dependencies -MF /Users/buddhirajgautam/Library/Developer/Xcode/DerivedData/Telegram-Mac-fygdgghdgmuleoelvxabfmqiotta/Build/Intermediates.noindex/Sparkle.build/Debug/Sparkle.build/Objects-normal/arm64/SUSystemProfiler.d --serialize-diagnostics /Users/buddhirajgautam/Library/Developer/Xcode/DerivedData/Telegram-Mac-fygdgghdgmuleoelvxabfmqiotta/Build/Intermediates.noindex/Sparkle.build/Debug/Sparkle.build/Objects-normal/arm64/SUSystemProfiler.dia -c /Users/buddhirajgautam/Documents/Cherrygram-Mac/macOS-Swift/submodules/Sparkle/Sparkle/SUSystemProfiler.m -o /Users/buddhirajgautam/Library/Developer/Xcode/DerivedData/Telegram-Mac-fygdgghdgmuleoelvxabfmqiotta/Build/Intermediates.noindex/Sparkle.build/Debug/Sparkle.build/Objects-normal/arm64/SUSystemProfiler.o -index-unit-output-path /Sparkle.build/Debug/Sparkle.build/Objects-normal/arm64/SUSystemProfiler.o

ScanDependencies /Users/buddhirajgautam/Library/Developer/Xcode/DerivedData/Telegram-Mac-fygdgghdgmuleoelvxabfmqiotta/Build/Intermediates.noindex/Sparkle.build/Debug/Sparkle.build/Objects-normal/arm64/SUStatusController.o /Users/buddhirajgautam/Documents/Cherrygram-Mac/macOS-Swift/submodules/Sparkle/Sparkle/SUStatusController.m normal arm64 objective-c com.apple.compilers.llvm.clang.1_0.compiler (in target 'Sparkle' from project 'Sparkle')
    cd /Users/buddhirajgautam/Documents/Cherrygram-Mac/macOS-Swift/submodules/Sparkle
    
    Using response file: /Users/buddhirajgautam/Library/Developer/Xcode/DerivedData/Telegram-Mac-fygdgghdgmuleoelvxabfmqiotta/Build/Intermediates.noindex/Sparkle.build/Debug/Sparkle.build/Objects-normal/arm64/e6072d4f65d7061329687fe24e3d63a7-common-args.resp
    
    builtin-ScanDependencies -o /Users/buddhirajgautam/Library/Developer/Xcode/DerivedData/Telegram-Mac-fygdgghdgmuleoelvxabfmqiotta/Build/Intermediates.noindex/Sparkle.build/Debug/Sparkle.build/Objects-normal/arm64/SUStatusController.o.scan -- /Applications/Xcode.app/Contents/Developer/Toolchains/XcodeDefault.xctoolchain/usr/bin/clang -x objective-c -ivfsstatcache /Users/buddhirajgautam/Library/Developer/Xcode/DerivedData/SDKStatCaches.noindex/macosx27.0-26A425-e829b21a6f8c9b70876ba0858053c0447231f6df4def33e022ae2eb8f782df1a.sdkstatcache -target arm64-apple-macos12.0 -fmessage-length\=0 -fdiagnostics-show-note-include-stack -fmacro-backtrace-limit\=0 -fno-color-diagnostics -fmodules-prune-interval\=86400 -fmodules-prune-after\=345600 -fbuild-session-file\=/Users/buddhirajgautam/Library/Developer/Xcode/DerivedData/ModuleCache.noindex/Session.modulevalidation -fmodules-validate-once-per-build-session -Wnon-modular-include-in-framework-module -Werror\=non-modular-include-in-framework-module -Wno-trigraphs -Werror\=incompatible-pointer-types -Werror\=implicit-function-declaration -Wmissing-field-initializers -Wmissing-prototypes -Wdocumentation -Wunreachable-code -Wimplicit-atomic-properties -Wno-objc-interface-ivars -Wobjc-missing-property-synthesis -Warc-repeated-use-of-weak -Wno-arc-maybe-repeated-use-of-weak -Wexplicit-ownership-type -Wimplicit-retain-self -Wduplicate-method-match -Wmissing-braces -Wparentheses -Wswitch -Wunused-function -Wunused-label -Wunused-parameter -Wunused-variable -Wunused-value -Wempty-body -Wuninitialized -Wunknown-pragmas -Wshadow -Wfour-char-constants -Wconversion -Wconstant-conversion -Wint-conversion -Wbool-conversion -Wenum-conversion -Wfloat-conversion -Wnon-literal-null-conversion -Wobjc-literal-conversion -Wassign-enum -Wsign-compare -Wshorten-64-to-32 -Wpointer-sign -Wnewline-eof -Wselector -Wstrict-selector-match -Wundeclared-selector -Wdeprecated-implementations -Wno-implicit-fallthrough -isysroot /Applications/Xcode.app/Contents/Developer/Platforms/MacOSX.platform/Developer/SDKs/MacOSX27.0.sdk -fstrict-aliasing -Wprotocol -Wdeprecated-declarations -Wsign-conversion -Winfinite-recursion -Wcomma -Wblock-capture-autoreleasing -Wstrict-prototypes -Wno-semicolon-before-method-body -index-store-path /Users/buddhirajgautam/Library/Developer/Xcode/DerivedData/Telegram-Mac-fygdgghdgmuleoelvxabfmqiotta/Index.noindex/DataStore -Wall -Weverything -Wno-unused-macros -Wno-gnu-statement-expression -Wno-arc-repeated-use-of-weak -Wno-auto-import -Wno-gnu-zero-variadic-macro-arguments -Wno-custom-atomic-properties -Wno-implicit-atomic-properties @/Users/buddhirajgautam/Library/Developer/Xcode/DerivedData/Telegram-Mac-fygdgghdgmuleoelvxabfmqiotta/Build/Intermediates.noindex/Sparkle.build/Debug/Sparkle.build/Objects-normal/arm64/e6072d4f65d7061329687fe24e3d63a7-common-args.resp -MMD -MT dependencies -MF /Users/buddhirajgautam/Library/Developer/Xcode/DerivedData/Telegram-Mac-fygdgghdgmuleoelvxabfmqiotta/Build/Intermediates.noindex/Sparkle.build/Debug/Sparkle.build/Objects-normal/arm64/SUStatusController.d --serialize-diagnostics /Users/buddhirajgautam/Library/Developer/Xcode/DerivedData/Telegram-Mac-fygdgghdgmuleoelvxabfmqiotta/Build/Intermediates.noindex/Sparkle.build/Debug/Sparkle.build/Objects-normal/arm64/SUStatusController.dia -c /Users/buddhirajgautam/Documents/Cherrygram-Mac/macOS-Swift/submodules/Sparkle/Sparkle/SUStatusController.m -o /Users/buddhirajgautam/Library/Developer/Xcode/DerivedData/Telegram-Mac-fygdgghdgmuleoelvxabfmqiotta/Build/Intermediates.noindex/Sparkle.build/Debug/Sparkle.build/Objects-normal/arm64/SUStatusController.o -index-unit-output-path /Sparkle.build/Debug/Sparkle.build/Objects-normal/arm64/SUStatusController.o

ScanDependencies /Users/buddhirajgautam/Library/Developer/Xcode/DerivedData/Telegram-Mac-fygdgghdgmuleoelvxabfmqiotta/Build/Intermediates.noindex/Sparkle.build/Debug/Sparkle.build/Objects-normal/arm64/SUStandardVersionComparator.o /Users/buddhirajgautam/Documents/Cherrygram-Mac/macOS-Swift/submodules/Sparkle/Sparkle/SUStandardVersionComparator.m normal arm64 objective-c com.apple.compilers.llvm.clang.1_0.compiler (in target 'Sparkle' from project 'Sparkle')
    cd /Users/buddhirajgautam/Documents/Cherrygram-Mac/macOS-Swift/submodules/Sparkle
    
    Using response file: /Users/buddhirajgautam/Library/Developer/Xcode/DerivedData/Telegram-Mac-fygdgghdgmuleoelvxabfmqiotta/Build/Intermediates.noindex/Sparkle.build/Debug/Sparkle.build/Objects-normal/arm64/e6072d4f65d7061329687fe24e3d63a7-common-args.resp
    
    builtin-ScanDependencies -o /Users/buddhirajgautam/Library/Developer/Xcode/DerivedData/Telegram-Mac-fygdgghdgmuleoelvxabfmqiotta/Build/Intermediates.noindex/Sparkle.build/Debug/Sparkle.build/Objects-normal/arm64/SUStandardVersionComparator.o.scan -- /Applications/Xcode.app/Contents/Developer/Toolchains/XcodeDefault.xctoolchain/usr/bin/clang -x objective-c -ivfsstatcache /Users/buddhirajgautam/Library/Developer/Xcode/DerivedData/SDKStatCaches.noindex/macosx27.0-26A425-e829b21a6f8c9b70876ba0858053c0447231f6df4def33e022ae2eb8f782df1a.sdkstatcache -target arm64-apple-macos12.0 -fmessage-length\=0 -fdiagnostics-show-note-include-stack -fmacro-backtrace-limit\=0 -fno-color-diagnostics -fmodules-prune-interval\=86400 -fmodules-prune-after\=345600 -fbuild-session-file\=/Users/buddhirajgautam/Library/Developer/Xcode/DerivedData/ModuleCache.noindex/Session.modulevalidation -fmodules-validate-once-per-build-session -Wnon-modular-include-in-framework-module -Werror\=non-modular-include-in-framework-module -Wno-trigraphs -Werror\=incompatible-pointer-types -Werror\=implicit-function-declaration -Wmissing-field-initializers -Wmissing-prototypes -Wdocumentation -Wunreachable-code -Wimplicit-atomic-properties -Wno-objc-interface-ivars -Wobjc-missing-property-synthesis -Warc-repeated-use-of-weak -Wno-arc-maybe-repeated-use-of-weak -Wexplicit-ownership-type -Wimplicit-retain-self -Wduplicate-method-match -Wmissing-braces -Wparentheses -Wswitch -Wunused-function -Wunused-label -Wunused-parameter -Wunused-variable -Wunused-value -Wempty-body -Wuninitialized -Wunknown-pragmas -Wshadow -Wfour-char-constants -Wconversion -Wconstant-conversion -Wint-conversion -Wbool-conversion -Wenum-conversion -Wfloat-conversion -Wnon-literal-null-conversion -Wobjc-literal-conversion -Wassign-enum -Wsign-compare -Wshorten-64-to-32 -Wpointer-sign -Wnewline-eof -Wselector -Wstrict-selector-match -Wundeclared-selector -Wdeprecated-implementations -Wno-implicit-fallthrough -isysroot /Applications/Xcode.app/Contents/Developer/Platforms/MacOSX.platform/Developer/SDKs/MacOSX27.0.sdk -fstrict-aliasing -Wprotocol -Wdeprecated-declarations -Wsign-conversion -Winfinite-recursion -Wcomma -Wblock-capture-autoreleasing -Wstrict-prototypes -Wno-semicolon-before-method-body -index-store-path /Users/buddhirajgautam/Library/Developer/Xcode/DerivedData/Telegram-Mac-fygdgghdgmuleoelvxabfmqiotta/Index.noindex/DataStore -Wall -Weverything -Wno-unused-macros -Wno-gnu-statement-expression -Wno-arc-repeated-use-of-weak -Wno-auto-import -Wno-gnu-zero-variadic-macro-arguments -Wno-custom-atomic-properties -Wno-implicit-atomic-properties @/Users/buddhirajgautam/Library/Developer/Xcode/DerivedData/Telegram-Mac-fygdgghdgmuleoelvxabfmqiotta/Build/Intermediates.noindex/Sparkle.build/Debug/Sparkle.build/Objects-normal/arm64/e6072d4f65d7061329687fe24e3d63a7-common-args.resp -MMD -MT dependencies -MF /Users/buddhirajgautam/Library/Developer/Xcode/DerivedData/Telegram-Mac-fygdgghdgmuleoelvxabfmqiotta/Build/Intermediates.noindex/Sparkle.build/Debug/Sparkle.build/Objects-normal/arm64/SUStandardVersionComparator.d --serialize-diagnostics /Users/buddhirajgautam/Library/Developer/Xcode/DerivedData/Telegram-Mac-fygdgghdgmuleoelvxabfmqiotta/Build/Intermediates.noindex/Sparkle.build/Debug/Sparkle.build/Objects-normal/arm64/SUStandardVersionComparator.dia -c /Users/buddhirajgautam/Documents/Cherrygram-Mac/macOS-Swift/submodules/Sparkle/Sparkle/SUStandardVersionComparator.m -o /Users/buddhirajgautam/Library/Developer/Xcode/DerivedData/Telegram-Mac-fygdgghdgmuleoelvxabfmqiotta/Build/Intermediates.noindex/Sparkle.build/Debug/Sparkle.build/Objects-normal/arm64/SUStandardVersionComparator.o -index-unit-output-path /Sparkle.build/Debug/Sparkle.build/Objects-normal/arm64/SUStandardVersionComparator.o

PrecompileModule /Users/buddhirajgautam/Library/Developer/Xcode/DerivedData/Telegram-Mac-fygdgghdgmuleoelvxabfmqiotta/Build/Intermediates.noindex/ExplicitPrecompiledModules/_Builtin_limits-610CSMBE7B1TU1N0I59X5WSMT.scan
    cd /
    builtin-precompileModule /Users/buddhirajgautam/Library/Developer/Xcode/DerivedData/Telegram-Mac-fygdgghdgmuleoelvxabfmqiotta/Build/Intermediates.noindex/ExplicitPrecompiledModules/_Builtin_limits-610CSMBE7B1TU1N0I59X5WSMT.scan

PrecompileModule /Users/buddhirajgautam/Library/Developer/Xcode/DerivedData/Telegram-Mac-fygdgghdgmuleoelvxabfmqiotta/Build/Intermediates.noindex/ExplicitPrecompiledModules/_DarwinFoundation2-3QP1DBLELB3ZKRI88WPGXGP08.scan
    cd /
    builtin-precompileModule /Users/buddhirajgautam/Library/Developer/Xcode/DerivedData/Telegram-Mac-fygdgghdgmuleoelvxabfmqiotta/Build/Intermediates.noindex/ExplicitPrecompiledModules/_DarwinFoundation2-3QP1DBLELB3ZKRI88WPGXGP08.scan

ScanDependencies /Users/buddhirajgautam/Library/Developer/Xcode/DerivedData/Telegram-Mac-fygdgghdgmuleoelvxabfmqiotta/Build/Intermediates.noindex/Sparkle.build/Debug/Sparkle.build/Objects-normal/arm64/SUSignatures.o /Users/buddhirajgautam/Documents/Cherrygram-Mac/macOS-Swift/submodules/Sparkle/Sparkle/SUSignatures.m normal arm64 objective-c com.apple.compilers.llvm.clang.1_0.compiler (in target 'Sparkle' from project 'Sparkle')
    cd /Users/buddhirajgautam/Documents/Cherrygram-Mac/macOS-Swift/submodules/Sparkle
    
    Using response file: /Users/buddhirajgautam/Library/Developer/Xcode/DerivedData/Telegram-Mac-fygdgghdgmuleoelvxabfmqiotta/Build/Intermediates.noindex/Sparkle.build/Debug/Sparkle.build/Objects-normal/arm64/e6072d4f65d7061329687fe24e3d63a7-common-args.resp
    
    builtin-ScanDependencies -o /Users/buddhirajgautam/Library/Developer/Xcode/DerivedData/Telegram-Mac-fygdgghdgmuleoelvxabfmqiotta/Build/Intermediates.noindex/Sparkle.build/Debug/Sparkle.build/Objects-normal/arm64/SUSignatures.o.scan -- /Applications/Xcode.app/Contents/Developer/Toolchains/XcodeDefault.xctoolchain/usr/bin/clang -x objective-c -ivfsstatcache /Users/buddhirajgautam/Library/Developer/Xcode/DerivedData/SDKStatCaches.noindex/macosx27.0-26A425-e829b21a6f8c9b70876ba0858053c0447231f6df4def33e022ae2eb8f782df1a.sdkstatcache -target arm64-apple-macos12.0 -fmessage-length\=0 -fdiagnostics-show-note-include-stack -fmacro-backtrace-limit\=0 -fno-color-diagnostics -fmodules-prune-interval\=86400 -fmodules-prune-after\=345600 -fbuild-session-file\=/Users/buddhirajgautam/Library/Developer/Xcode/DerivedData/ModuleCache.noindex/Session.modulevalidation -fmodules-validate-once-per-build-session -Wnon-modular-include-in-framework-module -Werror\=non-modular-include-in-framework-module -Wno-trigraphs -Werror\=incompatible-pointer-types -Werror\=implicit-function-declaration -Wmissing-field-initializers -Wmissing-prototypes -Wdocumentation -Wunreachable-code -Wimplicit-atomic-properties -Wno-objc-interface-ivars -Wobjc-missing-property-synthesis -Warc-repeated-use-of-weak -Wno-arc-maybe-repeated-use-of-weak -Wexplicit-ownership-type -Wimplicit-retain-self -Wduplicate-method-match -Wmissing-braces -Wparentheses -Wswitch -Wunused-function -Wunused-label -Wunused-parameter -Wunused-variable -Wunused-value -Wempty-body -Wuninitialized -Wunknown-pragmas -Wshadow -Wfour-char-constants -Wconversion -Wconstant-conversion -Wint-conversion -Wbool-conversion -Wenum-conversion -Wfloat-conversion -Wnon-literal-null-conversion -Wobjc-literal-conversion -Wassign-enum -Wsign-compare -Wshorten-64-to-32 -Wpointer-sign -Wnewline-eof -Wselector -Wstrict-selector-match -Wundeclared-selector -Wdeprecated-implementations -Wno-implicit-fallthrough -isysroot /Applications/Xcode.app/Contents/Developer/Platforms/MacOSX.platform/Developer/SDKs/MacOSX27.0.sdk -fstrict-aliasing -Wprotocol -Wdeprecated-declarations -Wsign-conversion -Winfinite-recursion -Wcomma -Wblock-capture-autoreleasing -Wstrict-prototypes -Wno-semicolon-before-method-body -index-store-path /Users/buddhirajgautam/Library/Developer/Xcode/DerivedData/Telegram-Mac-fygdgghdgmuleoelvxabfmqiotta/Index.noindex/DataStore -Wall -Weverything -Wno-unused-macros -Wno-gnu-statement-expression -Wno-arc-repeated-use-of-weak -Wno-auto-import -Wno-gnu-zero-variadic-macro-arguments -Wno-custom-atomic-properties -Wno-implicit-atomic-properties @/Users/buddhirajgautam/Library/Developer/Xcode/DerivedData/Telegram-Mac-fygdgghdgmuleoelvxabfmqiotta/Build/Intermediates.noindex/Sparkle.build/Debug/Sparkle.build/Objects-normal/arm64/e6072d4f65d7061329687fe24e3d63a7-common-args.resp -MMD -MT dependencies -MF /Users/buddhirajgautam/Library/Developer/Xcode/DerivedData/Telegram-Mac-fygdgghdgmuleoelvxabfmqiotta/Build/Intermediates.noindex/Sparkle.build/Debug/Sparkle.build/Objects-normal/arm64/SUSignatures.d --serialize-diagnostics /Users/buddhirajgautam/Library/Developer/Xcode/DerivedData/Telegram-Mac-fygdgghdgmuleoelvxabfmqiotta/Build/Intermediates.noindex/Sparkle.build/Debug/Sparkle.build/Objects-normal/arm64/SUSignatures.dia -c /Users/buddhirajgautam/Documents/Cherrygram-Mac/macOS-Swift/submodules/Sparkle/Sparkle/SUSignatures.m -o /Users/buddhirajgautam/Library/Developer/Xcode/DerivedData/Telegram-Mac-fygdgghdgmuleoelvxabfmqiotta/Build/Intermediates.noindex/Sparkle.build/Debug/Sparkle.build/Objects-normal/arm64/SUSignatures.o -index-unit-output-path /Sparkle.build/Debug/Sparkle.build/Objects-normal/arm64/SUSignatures.o

ScanDependencies /Users/buddhirajgautam/Library/Developer/Xcode/DerivedData/Telegram-Mac-fygdgghdgmuleoelvxabfmqiotta/Build/Intermediates.noindex/Sparkle.build/Debug/Sparkle.build/Objects-normal/arm64/SUSignatureVerifier.o /Users/buddhirajgautam/Documents/Cherrygram-Mac/macOS-Swift/submodules/Sparkle/Sparkle/SUSignatureVerifier.m normal arm64 objective-c com.apple.compilers.llvm.clang.1_0.compiler (in target 'Sparkle' from project 'Sparkle')
    cd /Users/buddhirajgautam/Documents/Cherrygram-Mac/macOS-Swift/submodules/Sparkle
    
    Using response file: /Users/buddhirajgautam/Library/Developer/Xcode/DerivedData/Telegram-Mac-fygdgghdgmuleoelvxabfmqiotta/Build/Intermediates.noindex/Sparkle.build/Debug/Sparkle.build/Objects-normal/arm64/e6072d4f65d7061329687fe24e3d63a7-common-args.resp
    
    builtin-ScanDependencies -o /Users/buddhirajgautam/Library/Developer/Xcode/DerivedData/Telegram-Mac-fygdgghdgmuleoelvxabfmqiotta/Build/Intermediates.noindex/Sparkle.build/Debug/Sparkle.build/Objects-normal/arm64/SUSignatureVerifier.o.scan -- /Applications/Xcode.app/Contents/Developer/Toolchains/XcodeDefault.xctoolchain/usr/bin/clang -x objective-c -ivfsstatcache /Users/buddhirajgautam/Library/Developer/Xcode/DerivedData/SDKStatCaches.noindex/macosx27.0-26A425-e829b21a6f8c9b70876ba0858053c0447231f6df4def33e022ae2eb8f782df1a.sdkstatcache -target arm64-apple-macos12.0 -fmessage-length\=0 -fdiagnostics-show-note-include-stack -fmacro-backtrace-limit\=0 -fno-color-diagnostics -fmodules-prune-interval\=86400 -fmodules-prune-after\=345600 -fbuild-session-file\=/Users/buddhirajgautam/Library/Developer/Xcode/DerivedData/ModuleCache.noindex/Session.modulevalidation -fmodules-validate-once-per-build-session -Wnon-modular-include-in-framework-module -Werror\=non-modular-include-in-framework-module -Wno-trigraphs -Werror\=incompatible-pointer-types -Werror\=implicit-function-declaration -Wmissing-field-initializers -Wmissing-prototypes -Wdocumentation -Wunreachable-code -Wimplicit-atomic-properties -Wno-objc-interface-ivars -Wobjc-missing-property-synthesis -Warc-repeated-use-of-weak -Wno-arc-maybe-repeated-use-of-weak -Wexplicit-ownership-type -Wimplicit-retain-self -Wduplicate-method-match -Wmissing-braces -Wparentheses -Wswitch -Wunused-function -Wunused-label -Wunused-parameter -Wunused-variable -Wunused-value -Wempty-body -Wuninitialized -Wunknown-pragmas -Wshadow -Wfour-char-constants -Wconversion -Wconstant-conversion -Wint-conversion -Wbool-conversion -Wenum-conversion -Wfloat-conversion -Wnon-literal-null-conversion -Wobjc-literal-conversion -Wassign-enum -Wsign-compare -Wshorten-64-to-32 -Wpointer-sign -Wnewline-eof -Wselector -Wstrict-selector-match -Wundeclared-selector -Wdeprecated-implementations -Wno-implicit-fallthrough -isysroot /Applications/Xcode.app/Contents/Developer/Platforms/MacOSX.platform/Developer/SDKs/MacOSX27.0.sdk -fstrict-aliasing -Wprotocol -Wdeprecated-declarations -Wsign-conversion -Winfinite-recursion -Wcomma -Wblock-capture-autoreleasing -Wstrict-prototypes -Wno-semicolon-before-method-body -index-store-path /Users/buddhirajgautam/Library/Developer/Xcode/DerivedData/Telegram-Mac-fygdgghdgmuleoelvxabfmqiotta/Index.noindex/DataStore -Wall -Weverything -Wno-unused-macros -Wno-gnu-statement-expression -Wno-arc-repeated-use-of-weak -Wno-auto-import -Wno-gnu-zero-variadic-macro-arguments -Wno-custom-atomic-properties -Wno-implicit-atomic-properties @/Users/buddhirajgautam/Library/Developer/Xcode/DerivedData/Telegram-Mac-fygdgghdgmuleoelvxabfmqiotta/Build/Intermediates.noindex/Sparkle.build/Debug/Sparkle.build/Objects-normal/arm64/e6072d4f65d7061329687fe24e3d63a7-common-args.resp -Wno-deprecated-declarations -MMD -MT dependencies -MF /Users/buddhirajgautam/Library/Developer/Xcode/DerivedData/Telegram-Mac-fygdgghdgmuleoelvxabfmqiotta/Build/Intermediates.noindex/Sparkle.build/Debug/Sparkle.build/Objects-normal/arm64/SUSignatureVerifier.d --serialize-diagnostics /Users/buddhirajgautam/Library/Developer/Xcode/DerivedData/Telegram-Mac-fygdgghdgmuleoelvxabfmqiotta/Build/Intermediates.noindex/Sparkle.build/Debug/Sparkle.build/Objects-normal/arm64/SUSignatureVerifier.dia -c /Users/buddhirajgautam/Documents/Cherrygram-Mac/macOS-Swift/submodules/Sparkle/Sparkle/SUSignatureVerifier.m -o /Users/buddhirajgautam/Library/Developer/Xcode/DerivedData/Telegram-Mac-fygdgghdgmuleoelvxabfmqiotta/Build/Intermediates.noindex/Sparkle.build/Debug/Sparkle.build/Objects-normal/arm64/SUSignatureVerifier.o -index-unit-output-path /Sparkle.build/Debug/Sparkle.build/Objects-normal/arm64/SUSignatureVerifier.o

ScanDependencies /Users/buddhirajgautam/Library/Developer/Xcode/DerivedData/Telegram-Mac-fygdgghdgmuleoelvxabfmqiotta/Build/Intermediates.noindex/Sparkle.build/Debug/Sparkle.build/Objects-normal/arm64/SUScheduledUpdateDriver.o /Users/buddhirajgautam/Documents/Cherrygram-Mac/macOS-Swift/submodules/Sparkle/Sparkle/SUScheduledUpdateDriver.m normal arm64 objective-c com.apple.compilers.llvm.clang.1_0.compiler (in target 'Sparkle' from project 'Sparkle')
    cd /Users/buddhirajgautam/Documents/Cherrygram-Mac/macOS-Swift/submodules/Sparkle
    
    Using response file: /Users/buddhirajgautam/Library/Developer/Xcode/DerivedData/Telegram-Mac-fygdgghdgmuleoelvxabfmqiotta/Build/Intermediates.noindex/Sparkle.build/Debug/Sparkle.build/Objects-normal/arm64/e6072d4f65d7061329687fe24e3d63a7-common-args.resp
    
    builtin-ScanDependencies -o /Users/buddhirajgautam/Library/Developer/Xcode/DerivedData/Telegram-Mac-fygdgghdgmuleoelvxabfmqiotta/Build/Intermediates.noindex/Sparkle.build/Debug/Sparkle.build/Objects-normal/arm64/SUScheduledUpdateDriver.o.scan -- /Applications/Xcode.app/Contents/Developer/Toolchains/XcodeDefault.xctoolchain/usr/bin/clang -x objective-c -ivfsstatcache /Users/buddhirajgautam/Library/Developer/Xcode/DerivedData/SDKStatCaches.noindex/macosx27.0-26A425-e829b21a6f8c9b70876ba0858053c0447231f6df4def33e022ae2eb8f782df1a.sdkstatcache -target arm64-apple-macos12.0 -fmessage-length\=0 -fdiagnostics-show-note-include-stack -fmacro-backtrace-limit\=0 -fno-color-diagnostics -fmodules-prune-interval\=86400 -fmodules-prune-after\=345600 -fbuild-session-file\=/Users/buddhirajgautam/Library/Developer/Xcode/DerivedData/ModuleCache.noindex/Session.modulevalidation -fmodules-validate-once-per-build-session -Wnon-modular-include-in-framework-module -Werror\=non-modular-include-in-framework-module -Wno-trigraphs -Werror\=incompatible-pointer-types -Werror\=implicit-function-declaration -Wmissing-field-initializers -Wmissing-prototypes -Wdocumentation -Wunreachable-code -Wimplicit-atomic-properties -Wno-objc-interface-ivars -Wobjc-missing-property-synthesis -Warc-repeated-use-of-weak -Wno-arc-maybe-repeated-use-of-weak -Wexplicit-ownership-type -Wimplicit-retain-self -Wduplicate-method-match -Wmissing-braces -Wparentheses -Wswitch -Wunused-function -Wunused-label -Wunused-parameter -Wunused-variable -Wunused-value -Wempty-body -Wuninitialized -Wunknown-pragmas -Wshadow -Wfour-char-constants -Wconversion -Wconstant-conversion -Wint-conversion -Wbool-conversion -Wenum-conversion -Wfloat-conversion -Wnon-literal-null-conversion -Wobjc-literal-conversion -Wassign-enum -Wsign-compare -Wshorten-64-to-32 -Wpointer-sign -Wnewline-eof -Wselector -Wstrict-selector-match -Wundeclared-selector -Wdeprecated-implementations -Wno-implicit-fallthrough -isysroot /Applications/Xcode.app/Contents/Developer/Platforms/MacOSX.platform/Developer/SDKs/MacOSX27.0.sdk -fstrict-aliasing -Wprotocol -Wdeprecated-declarations -Wsign-conversion -Winfinite-recursion -Wcomma -Wblock-capture-autoreleasing -Wstrict-prototypes -Wno-semicolon-before-method-body -index-store-path /Users/buddhirajgautam/Library/Developer/Xcode/DerivedData/Telegram-Mac-fygdgghdgmuleoelvxabfmqiotta/Index.noindex/DataStore -Wall -Weverything -Wno-unused-macros -Wno-gnu-statement-expression -Wno-arc-repeated-use-of-weak -Wno-auto-import -Wno-gnu-zero-variadic-macro-arguments -Wno-custom-atomic-properties -Wno-implicit-atomic-properties @/Users/buddhirajgautam/Library/Developer/Xcode/DerivedData/Telegram-Mac-fygdgghdgmuleoelvxabfmqiotta/Build/Intermediates.noindex/Sparkle.build/Debug/Sparkle.build/Objects-normal/arm64/e6072d4f65d7061329687fe24e3d63a7-common-args.resp -MMD -MT dependencies -MF /Users/buddhirajgautam/Library/Developer/Xcode/DerivedData/Telegram-Mac-fygdgghdgmuleoelvxabfmqiotta/Build/Intermediates.noindex/Sparkle.build/Debug/Sparkle.build/Objects-normal/arm64/SUScheduledUpdateDriver.d --serialize-diagnostics /Users/buddhirajgautam/Library/Developer/Xcode/DerivedData/Telegram-Mac-fygdgghdgmuleoelvxabfmqiotta/Build/Intermediates.noindex/Sparkle.build/Debug/Sparkle.build/Objects-normal/arm64/SUScheduledUpdateDriver.dia -c /Users/buddhirajgautam/Documents/Cherrygram-Mac/macOS-Swift/submodules/Sparkle/Sparkle/SUScheduledUpdateDriver.m -o /Users/buddhirajgautam/Library/Developer/Xcode/DerivedData/Telegram-Mac-fygdgghdgmuleoelvxabfmqiotta/Build/Intermediates.noindex/Sparkle.build/Debug/Sparkle.build/Objects-normal/arm64/SUScheduledUpdateDriver.o -index-unit-output-path /Sparkle.build/Debug/Sparkle.build/Objects-normal/arm64/SUScheduledUpdateDriver.o

ScanDependencies /Users/buddhirajgautam/Library/Developer/Xcode/DerivedData/Telegram-Mac-fygdgghdgmuleoelvxabfmqiotta/Build/Intermediates.noindex/Sparkle.build/Debug/Sparkle.build/Objects-normal/arm64/SUProbingUpdateDriver.o /Users/buddhirajgautam/Documents/Cherrygram-Mac/macOS-Swift/submodules/Sparkle/Sparkle/SUProbingUpdateDriver.m normal arm64 objective-c com.apple.compilers.llvm.clang.1_0.compiler (in target 'Sparkle' from project 'Sparkle')
    cd /Users/buddhirajgautam/Documents/Cherrygram-Mac/macOS-Swift/submodules/Sparkle
    
    Using response file: /Users/buddhirajgautam/Library/Developer/Xcode/DerivedData/Telegram-Mac-fygdgghdgmuleoelvxabfmqiotta/Build/Intermediates.noindex/Sparkle.build/Debug/Sparkle.build/Objects-normal/arm64/e6072d4f65d7061329687fe24e3d63a7-common-args.resp
    
    builtin-ScanDependencies -o /Users/buddhirajgautam/Library/Developer/Xcode/DerivedData/Telegram-Mac-fygdgghdgmuleoelvxabfmqiotta/Build/Intermediates.noindex/Sparkle.build/Debug/Sparkle.build/Objects-normal/arm64/SUProbingUpdateDriver.o.scan -- /Applications/Xcode.app/Contents/Developer/Toolchains/XcodeDefault.xctoolchain/usr/bin/clang -x objective-c -ivfsstatcache /Users/buddhirajgautam/Library/Developer/Xcode/DerivedData/SDKStatCaches.noindex/macosx27.0-26A425-e829b21a6f8c9b70876ba0858053c0447231f6df4def33e022ae2eb8f782df1a.sdkstatcache -target arm64-apple-macos12.0 -fmessage-length\=0 -fdiagnostics-show-note-include-stack -fmacro-backtrace-limit\=0 -fno-color-diagnostics -fmodules-prune-interval\=86400 -fmodules-prune-after\=345600 -fbuild-session-file\=/Users/buddhirajgautam/Library/Developer/Xcode/DerivedData/ModuleCache.noindex/Session.modulevalidation -fmodules-validate-once-per-build-session -Wnon-modular-include-in-framework-module -Werror\=non-modular-include-in-framework-module -Wno-trigraphs -Werror\=incompatible-pointer-types -Werror\=implicit-function-declaration -Wmissing-field-initializers -Wmissing-prototypes -Wdocumentation -Wunreachable-code -Wimplicit-atomic-properties -Wno-objc-interface-ivars -Wobjc-missing-property-synthesis -Warc-repeated-use-of-weak -Wno-arc-maybe-repeated-use-of-weak -Wexplicit-ownership-type -Wimplicit-retain-self -Wduplicate-method-match -Wmissing-braces -Wparentheses -Wswitch -Wunused-function -Wunused-label -Wunused-parameter -Wunused-variable -Wunused-value -Wempty-body -Wuninitialized -Wunknown-pragmas -Wshadow -Wfour-char-constants -Wconversion -Wconstant-conversion -Wint-conversion -Wbool-conversion -Wenum-conversion -Wfloat-conversion -Wnon-literal-null-conversion -Wobjc-literal-conversion -Wassign-enum -Wsign-compare -Wshorten-64-to-32 -Wpointer-sign -Wnewline-eof -Wselector -Wstrict-selector-match -Wundeclared-selector -Wdeprecated-implementations -Wno-implicit-fallthrough -isysroot /Applications/Xcode.app/Contents/Developer/Platforms/MacOSX.platform/Developer/SDKs/MacOSX27.0.sdk -fstrict-aliasing -Wprotocol -Wdeprecated-declarations -Wsign-conversion -Winfinite-recursion -Wcomma -Wblock-capture-autoreleasing -Wstrict-prototypes -Wno-semicolon-before-method-body -index-store-path /Users/buddhirajgautam/Library/Developer/Xcode/DerivedData/Telegram-Mac-fygdgghdgmuleoelvxabfmqiotta/Index.noindex/DataStore -Wall -Weverything -Wno-unused-macros -Wno-gnu-statement-expression -Wno-arc-repeated-use-of-weak -Wno-auto-import -Wno-gnu-zero-variadic-macro-arguments -Wno-custom-atomic-properties -Wno-implicit-atomic-properties @/Users/buddhirajgautam/Library/Developer/Xcode/DerivedData/Telegram-Mac-fygdgghdgmuleoelvxabfmqiotta/Build/Intermediates.noindex/Sparkle.build/Debug/Sparkle.build/Objects-normal/arm64/e6072d4f65d7061329687fe24e3d63a7-common-args.resp -MMD -MT dependencies -MF /Users/buddhirajgautam/Library/Developer/Xcode/DerivedData/Telegram-Mac-fygdgghdgmuleoelvxabfmqiotta/Build/Intermediates.noindex/Sparkle.build/Debug/Sparkle.build/Objects-normal/arm64/SUProbingUpdateDriver.d --serialize-diagnostics /Users/buddhirajgautam/Library/Developer/Xcode/DerivedData/Telegram-Mac-fygdgghdgmuleoelvxabfmqiotta/Build/Intermediates.noindex/Sparkle.build/Debug/Sparkle.build/Objects-normal/arm64/SUProbingUpdateDriver.dia -c /Users/buddhirajgautam/Documents/Cherrygram-Mac/macOS-Swift/submodules/Sparkle/Sparkle/SUProbingUpdateDriver.m -o /Users/buddhirajgautam/Library/Developer/Xcode/DerivedData/Telegram-Mac-fygdgghdgmuleoelvxabfmqiotta/Build/Intermediates.noindex/Sparkle.build/Debug/Sparkle.build/Objects-normal/arm64/SUProbingUpdateDriver.o -index-unit-output-path /Sparkle.build/Debug/Sparkle.build/Objects-normal/arm64/SUProbingUpdateDriver.o

ScanDependencies /Users/buddhirajgautam/Library/Developer/Xcode/DerivedData/Telegram-Mac-fygdgghdgmuleoelvxabfmqiotta/Build/Intermediates.noindex/Sparkle.build/Debug/Sparkle.build/Objects-normal/arm64/SUPlainInstaller.o /Users/buddhirajgautam/Documents/Cherrygram-Mac/macOS-Swift/submodules/Sparkle/Sparkle/SUPlainInstaller.m normal arm64 objective-c com.apple.compilers.llvm.clang.1_0.compiler (in target 'Sparkle' from project 'Sparkle')
    cd /Users/buddhirajgautam/Documents/Cherrygram-Mac/macOS-Swift/submodules/Sparkle
    
    Using response file: /Users/buddhirajgautam/Library/Developer/Xcode/DerivedData/Telegram-Mac-fygdgghdgmuleoelvxabfmqiotta/Build/Intermediates.noindex/Sparkle.build/Debug/Sparkle.build/Objects-normal/arm64/e6072d4f65d7061329687fe24e3d63a7-common-args.resp
    
    builtin-ScanDependencies -o /Users/buddhirajgautam/Library/Developer/Xcode/DerivedData/Telegram-Mac-fygdgghdgmuleoelvxabfmqiotta/Build/Intermediates.noindex/Sparkle.build/Debug/Sparkle.build/Objects-normal/arm64/SUPlainInstaller.o.scan -- /Applications/Xcode.app/Contents/Developer/Toolchains/XcodeDefault.xctoolchain/usr/bin/clang -x objective-c -ivfsstatcache /Users/buddhirajgautam/Library/Developer/Xcode/DerivedData/SDKStatCaches.noindex/macosx27.0-26A425-e829b21a6f8c9b70876ba0858053c0447231f6df4def33e022ae2eb8f782df1a.sdkstatcache -target arm64-apple-macos12.0 -fmessage-length\=0 -fdiagnostics-show-note-include-stack -fmacro-backtrace-limit\=0 -fno-color-diagnostics -fmodules-prune-interval\=86400 -fmodules-prune-after\=345600 -fbuild-session-file\=/Users/buddhirajgautam/Library/Developer/Xcode/DerivedData/ModuleCache.noindex/Session.modulevalidation -fmodules-validate-once-per-build-session -Wnon-modular-include-in-framework-module -Werror\=non-modular-include-in-framework-module -Wno-trigraphs -Werror\=incompatible-pointer-types -Werror\=implicit-function-declaration -Wmissing-field-initializers -Wmissing-prototypes -Wdocumentation -Wunreachable-code -Wimplicit-atomic-properties -Wno-objc-interface-ivars -Wobjc-missing-property-synthesis -Warc-repeated-use-of-weak -Wno-arc-maybe-repeated-use-of-weak -Wexplicit-ownership-type -Wimplicit-retain-self -Wduplicate-method-match -Wmissing-braces -Wparentheses -Wswitch -Wunused-function -Wunused-label -Wunused-parameter -Wunused-variable -Wunused-value -Wempty-body -Wuninitialized -Wunknown-pragmas -Wshadow -Wfour-char-constants -Wconversion -Wconstant-conversion -Wint-conversion -Wbool-conversion -Wenum-conversion -Wfloat-conversion -Wnon-literal-null-conversion -Wobjc-literal-conversion -Wassign-enum -Wsign-compare -Wshorten-64-to-32 -Wpointer-sign -Wnewline-eof -Wselector -Wstrict-selector-match -Wundeclared-selector -Wdeprecated-implementations -Wno-implicit-fallthrough -isysroot /Applications/Xcode.app/Contents/Developer/Platforms/MacOSX.platform/Developer/SDKs/MacOSX27.0.sdk -fstrict-aliasing -Wprotocol -Wdeprecated-declarations -Wsign-conversion -Winfinite-recursion -Wcomma -Wblock-capture-autoreleasing -Wstrict-prototypes -Wno-semicolon-before-method-body -index-store-path /Users/buddhirajgautam/Library/Developer/Xcode/DerivedData/Telegram-Mac-fygdgghdgmuleoelvxabfmqiotta/Index.noindex/DataStore -Wall -Weverything -Wno-unused-macros -Wno-gnu-statement-expression -Wno-arc-repeated-use-of-weak -Wno-auto-import -Wno-gnu-zero-variadic-macro-arguments -Wno-custom-atomic-properties -Wno-implicit-atomic-properties @/Users/buddhirajgautam/Library/Developer/Xcode/DerivedData/Telegram-Mac-fygdgghdgmuleoelvxabfmqiotta/Build/Intermediates.noindex/Sparkle.build/Debug/Sparkle.build/Objects-normal/arm64/e6072d4f65d7061329687fe24e3d63a7-common-args.resp -MMD -MT dependencies -MF /Users/buddhirajgautam/Library/Developer/Xcode/DerivedData/Telegram-Mac-fygdgghdgmuleoelvxabfmqiotta/Build/Intermediates.noindex/Sparkle.build/Debug/Sparkle.build/Objects-normal/arm64/SUPlainInstaller.d --serialize-diagnostics /Users/buddhirajgautam/Library/Developer/Xcode/DerivedData/Telegram-Mac-fygdgghdgmuleoelvxabfmqiotta/Build/Intermediates.noindex/Sparkle.build/Debug/Sparkle.build/Objects-normal/arm64/SUPlainInstaller.dia -c /Users/buddhirajgautam/Documents/Cherrygram-Mac/macOS-Swift/submodules/Sparkle/Sparkle/SUPlainInstaller.m -o /Users/buddhirajgautam/Library/Developer/Xcode/DerivedData/Telegram-Mac-fygdgghdgmuleoelvxabfmqiotta/Build/Intermediates.noindex/Sparkle.build/Debug/Sparkle.build/Objects-normal/arm64/SUPlainInstaller.o -index-unit-output-path /Sparkle.build/Debug/Sparkle.build/Objects-normal/arm64/SUPlainInstaller.o

ScanDependencies /Users/buddhirajgautam/Library/Developer/Xcode/DerivedData/Telegram-Mac-fygdgghdgmuleoelvxabfmqiotta/Build/Intermediates.noindex/Sparkle.build/Debug/Sparkle.build/Objects-normal/arm64/SUPipedUnarchiver.o /Users/buddhirajgautam/Documents/Cherrygram-Mac/macOS-Swift/submodules/Sparkle/Sparkle/SUPipedUnarchiver.m normal arm64 objective-c com.apple.compilers.llvm.clang.1_0.compiler (in target 'Sparkle' from project 'Sparkle')
    cd /Users/buddhirajgautam/Documents/Cherrygram-Mac/macOS-Swift/submodules/Sparkle
    
    Using response file: /Users/buddhirajgautam/Library/Developer/Xcode/DerivedData/Telegram-Mac-fygdgghdgmuleoelvxabfmqiotta/Build/Intermediates.noindex/Sparkle.build/Debug/Sparkle.build/Objects-normal/arm64/e6072d4f65d7061329687fe24e3d63a7-common-args.resp
    
    builtin-ScanDependencies -o /Users/buddhirajgautam/Library/Developer/Xcode/DerivedData/Telegram-Mac-fygdgghdgmuleoelvxabfmqiotta/Build/Intermediates.noindex/Sparkle.build/Debug/Sparkle.build/Objects-normal/arm64/SUPipedUnarchiver.o.scan -- /Applications/Xcode.app/Contents/Developer/Toolchains/XcodeDefault.xctoolchain/usr/bin/clang -x objective-c -ivfsstatcache /Users/buddhirajgautam/Library/Developer/Xcode/DerivedData/SDKStatCaches.noindex/macosx27.0-26A425-e829b21a6f8c9b70876ba0858053c0447231f6df4def33e022ae2eb8f782df1a.sdkstatcache -target arm64-apple-macos12.0 -fmessage-length\=0 -fdiagnostics-show-note-include-stack -fmacro-backtrace-limit\=0 -fno-color-diagnostics -fmodules-prune-interval\=86400 -fmodules-prune-after\=345600 -fbuild-session-file\=/Users/buddhirajgautam/Library/Developer/Xcode/DerivedData/ModuleCache.noindex/Session.modulevalidation -fmodules-validate-once-per-build-session -Wnon-modular-include-in-framework-module -Werror\=non-modular-include-in-framework-module -Wno-trigraphs -Werror\=incompatible-pointer-types -Werror\=implicit-function-declaration -Wmissing-field-initializers -Wmissing-prototypes -Wdocumentation -Wunreachable-code -Wimplicit-atomic-properties -Wno-objc-interface-ivars -Wobjc-missing-property-synthesis -Warc-repeated-use-of-weak -Wno-arc-maybe-repeated-use-of-weak -Wexplicit-ownership-type -Wimplicit-retain-self -Wduplicate-method-match -Wmissing-braces -Wparentheses -Wswitch -Wunused-function -Wunused-label -Wunused-parameter -Wunused-variable -Wunused-value -Wempty-body -Wuninitialized -Wunknown-pragmas -Wshadow -Wfour-char-constants -Wconversion -Wconstant-conversion -Wint-conversion -Wbool-conversion -Wenum-conversion -Wfloat-conversion -Wnon-literal-null-conversion -Wobjc-literal-conversion -Wassign-enum -Wsign-compare -Wshorten-64-to-32 -Wpointer-sign -Wnewline-eof -Wselector -Wstrict-selector-match -Wundeclared-selector -Wdeprecated-implementations -Wno-implicit-fallthrough -isysroot /Applications/Xcode.app/Contents/Developer/Platforms/MacOSX.platform/Developer/SDKs/MacOSX27.0.sdk -fstrict-aliasing -Wprotocol -Wdeprecated-declarations -Wsign-conversion -Winfinite-recursion -Wcomma -Wblock-capture-autoreleasing -Wstrict-prototypes -Wno-semicolon-before-method-body -index-store-path /Users/buddhirajgautam/Library/Developer/Xcode/DerivedData/Telegram-Mac-fygdgghdgmuleoelvxabfmqiotta/Index.noindex/DataStore -Wall -Weverything -Wno-unused-macros -Wno-gnu-statement-expression -Wno-arc-repeated-use-of-weak -Wno-auto-import -Wno-gnu-zero-variadic-macro-arguments -Wno-custom-atomic-properties -Wno-implicit-atomic-properties @/Users/buddhirajgautam/Library/Developer/Xcode/DerivedData/Telegram-Mac-fygdgghdgmuleoelvxabfmqiotta/Build/Intermediates.noindex/Sparkle.build/Debug/Sparkle.build/Objects-normal/arm64/e6072d4f65d7061329687fe24e3d63a7-common-args.resp -MMD -MT dependencies -MF /Users/buddhirajgautam/Library/Developer/Xcode/DerivedData/Telegram-Mac-fygdgghdgmuleoelvxabfmqiotta/Build/Intermediates.noindex/Sparkle.build/Debug/Sparkle.build/Objects-normal/arm64/SUPipedUnarchiver.d --serialize-diagnostics /Users/buddhirajgautam/Library/Developer/Xcode/DerivedData/Telegram-Mac-fygdgghdgmuleoelvxabfmqiotta/Build/Intermediates.noindex/Sparkle.build/Debug/Sparkle.build/Objects-normal/arm64/SUPipedUnarchiver.dia -c /Users/buddhirajgautam/Documents/Cherrygram-Mac/macOS-Swift/submodules/Sparkle/Sparkle/SUPipedUnarchiver.m -o /Users/buddhirajgautam/Library/Developer/Xcode/DerivedData/Telegram-Mac-fygdgghdgmuleoelvxabfmqiotta/Build/Intermediates.noindex/Sparkle.build/Debug/Sparkle.build/Objects-normal/arm64/SUPipedUnarchiver.o -index-unit-output-path /Sparkle.build/Debug/Sparkle.build/Objects-normal/arm64/SUPipedUnarchiver.o

ScanDependencies /Users/buddhirajgautam/Library/Developer/Xcode/DerivedData/Telegram-Mac-fygdgghdgmuleoelvxabfmqiotta/Build/Intermediates.noindex/Sparkle.build/Debug/Sparkle.build/Objects-normal/arm64/SUPackageInstaller.o /Users/buddhirajgautam/Documents/Cherrygram-Mac/macOS-Swift/submodules/Sparkle/Sparkle/SUPackageInstaller.m normal arm64 objective-c com.apple.compilers.llvm.clang.1_0.compiler (in target 'Sparkle' from project 'Sparkle')
    cd /Users/buddhirajgautam/Documents/Cherrygram-Mac/macOS-Swift/submodules/Sparkle
    
    Using response file: /Users/buddhirajgautam/Library/Developer/Xcode/DerivedData/Telegram-Mac-fygdgghdgmuleoelvxabfmqiotta/Build/Intermediates.noindex/Sparkle.build/Debug/Sparkle.build/Objects-normal/arm64/e6072d4f65d7061329687fe24e3d63a7-common-args.resp
    
    builtin-ScanDependencies -o /Users/buddhirajgautam/Library/Developer/Xcode/DerivedData/Telegram-Mac-fygdgghdgmuleoelvxabfmqiotta/Build/Intermediates.noindex/Sparkle.build/Debug/Sparkle.build/Objects-normal/arm64/SUPackageInstaller.o.scan -- /Applications/Xcode.app/Contents/Developer/Toolchains/XcodeDefault.xctoolchain/usr/bin/clang -x objective-c -ivfsstatcache /Users/buddhirajgautam/Library/Developer/Xcode/DerivedData/SDKStatCaches.noindex/macosx27.0-26A425-e829b21a6f8c9b70876ba0858053c0447231f6df4def33e022ae2eb8f782df1a.sdkstatcache -target arm64-apple-macos12.0 -fmessage-length\=0 -fdiagnostics-show-note-include-stack -fmacro-backtrace-limit\=0 -fno-color-diagnostics -fmodules-prune-interval\=86400 -fmodules-prune-after\=345600 -fbuild-session-file\=/Users/buddhirajgautam/Library/Developer/Xcode/DerivedData/ModuleCache.noindex/Session.modulevalidation -fmodules-validate-once-per-build-session -Wnon-modular-include-in-framework-module -Werror\=non-modular-include-in-framework-module -Wno-trigraphs -Werror\=incompatible-pointer-types -Werror\=implicit-function-declaration -Wmissing-field-initializers -Wmissing-prototypes -Wdocumentation -Wunreachable-code -Wimplicit-atomic-properties -Wno-objc-interface-ivars -Wobjc-missing-property-synthesis -Warc-repeated-use-of-weak -Wno-arc-maybe-repeated-use-of-weak -Wexplicit-ownership-type -Wimplicit-retain-self -Wduplicate-method-match -Wmissing-braces -Wparentheses -Wswitch -Wunused-function -Wunused-label -Wunused-parameter -Wunused-variable -Wunused-value -Wempty-body -Wuninitialized -Wunknown-pragmas -Wshadow -Wfour-char-constants -Wconversion -Wconstant-conversion -Wint-conversion -Wbool-conversion -Wenum-conversion -Wfloat-conversion -Wnon-literal-null-conversion -Wobjc-literal-conversion -Wassign-enum -Wsign-compare -Wshorten-64-to-32 -Wpointer-sign -Wnewline-eof -Wselector -Wstrict-selector-match -Wundeclared-selector -Wdeprecated-implementations -Wno-implicit-fallthrough -isysroot /Applications/Xcode.app/Contents/Developer/Platforms/MacOSX.platform/Developer/SDKs/MacOSX27.0.sdk -fstrict-aliasing -Wprotocol -Wdeprecated-declarations -Wsign-conversion -Winfinite-recursion -Wcomma -Wblock-capture-autoreleasing -Wstrict-prototypes -Wno-semicolon-before-method-body -index-store-path /Users/buddhirajgautam/Library/Developer/Xcode/DerivedData/Telegram-Mac-fygdgghdgmuleoelvxabfmqiotta/Index.noindex/DataStore -Wall -Weverything -Wno-unused-macros -Wno-gnu-statement-expression -Wno-arc-repeated-use-of-weak -Wno-auto-import -Wno-gnu-zero-variadic-macro-arguments -Wno-custom-atomic-properties -Wno-implicit-atomic-properties @/Users/buddhirajgautam/Library/Developer/Xcode/DerivedData/Telegram-Mac-fygdgghdgmuleoelvxabfmqiotta/Build/Intermediates.noindex/Sparkle.build/Debug/Sparkle.build/Objects-normal/arm64/e6072d4f65d7061329687fe24e3d63a7-common-args.resp -MMD -MT dependencies -MF /Users/buddhirajgautam/Library/Developer/Xcode/DerivedData/Telegram-Mac-fygdgghdgmuleoelvxabfmqiotta/Build/Intermediates.noindex/Sparkle.build/Debug/Sparkle.build/Objects-normal/arm64/SUPackageInstaller.d --serialize-diagnostics /Users/buddhirajgautam/Library/Developer/Xcode/DerivedData/Telegram-Mac-fygdgghdgmuleoelvxabfmqiotta/Build/Intermediates.noindex/Sparkle.build/Debug/Sparkle.build/Objects-normal/arm64/SUPackageInstaller.dia -c /Users/buddhirajgautam/Documents/Cherrygram-Mac/macOS-Swift/submodules/Sparkle/Sparkle/SUPackageInstaller.m -o /Users/buddhirajgautam/Library/Developer/Xcode/DerivedData/Telegram-Mac-fygdgghdgmuleoelvxabfmqiotta/Build/Intermediates.noindex/Sparkle.build/Debug/Sparkle.build/Objects-normal/arm64/SUPackageInstaller.o -index-unit-output-path /Sparkle.build/Debug/Sparkle.build/Objects-normal/arm64/SUPackageInstaller.o

ScanDependencies /Users/buddhirajgautam/Library/Developer/Xcode/DerivedData/Telegram-Mac-fygdgghdgmuleoelvxabfmqiotta/Build/Intermediates.noindex/Sparkle.build/Debug/Sparkle.build/Objects-normal/arm64/SUOperatingSystem.o /Users/buddhirajgautam/Documents/Cherrygram-Mac/macOS-Swift/submodules/Sparkle/Sparkle/SUOperatingSystem.m normal arm64 objective-c com.apple.compilers.llvm.clang.1_0.compiler (in target 'Sparkle' from project 'Sparkle')
    cd /Users/buddhirajgautam/Documents/Cherrygram-Mac/macOS-Swift/submodules/Sparkle
    
    Using response file: /Users/buddhirajgautam/Library/Developer/Xcode/DerivedData/Telegram-Mac-fygdgghdgmuleoelvxabfmqiotta/Build/Intermediates.noindex/Sparkle.build/Debug/Sparkle.build/Objects-normal/arm64/e6072d4f65d7061329687fe24e3d63a7-common-args.resp
    
    builtin-ScanDependencies -o /Users/buddhirajgautam/Library/Developer/Xcode/DerivedData/Telegram-Mac-fygdgghdgmuleoelvxabfmqiotta/Build/Intermediates.noindex/Sparkle.build/Debug/Sparkle.build/Objects-normal/arm64/SUOperatingSystem.o.scan -- /Applications/Xcode.app/Contents/Developer/Toolchains/XcodeDefault.xctoolchain/usr/bin/clang -x objective-c -ivfsstatcache /Users/buddhirajgautam/Library/Developer/Xcode/DerivedData/SDKStatCaches.noindex/macosx27.0-26A425-e829b21a6f8c9b70876ba0858053c0447231f6df4def33e022ae2eb8f782df1a.sdkstatcache -target arm64-apple-macos12.0 -fmessage-length\=0 -fdiagnostics-show-note-include-stack -fmacro-backtrace-limit\=0 -fno-color-diagnostics -fmodules-prune-interval\=86400 -fmodules-prune-after\=345600 -fbuild-session-file\=/Users/buddhirajgautam/Library/Developer/Xcode/DerivedData/ModuleCache.noindex/Session.modulevalidation -fmodules-validate-once-per-build-session -Wnon-modular-include-in-framework-module -Werror\=non-modular-include-in-framework-module -Wno-trigraphs -Werror\=incompatible-pointer-types -Werror\=implicit-function-declaration -Wmissing-field-initializers -Wmissing-prototypes -Wdocumentation -Wunreachable-code -Wimplicit-atomic-properties -Wno-objc-interface-ivars -Wobjc-missing-property-synthesis -Warc-repeated-use-of-weak -Wno-arc-maybe-repeated-use-of-weak -Wexplicit-ownership-type -Wimplicit-retain-self -Wduplicate-method-match -Wmissing-braces -Wparentheses -Wswitch -Wunused-function -Wunused-label -Wunused-parameter -Wunused-variable -Wunused-value -Wempty-body -Wuninitialized -Wunknown-pragmas -Wshadow -Wfour-char-constants -Wconversion -Wconstant-conversion -Wint-conversion -Wbool-conversion -Wenum-conversion -Wfloat-conversion -Wnon-literal-null-conversion -Wobjc-literal-conversion -Wassign-enum -Wsign-compare -Wshorten-64-to-32 -Wpointer-sign -Wnewline-eof -Wselector -Wstrict-selector-match -Wundeclared-selector -Wdeprecated-implementations -Wno-implicit-fallthrough -isysroot /Applications/Xcode.app/Contents/Developer/Platforms/MacOSX.platform/Developer/SDKs/MacOSX27.0.sdk -fstrict-aliasing -Wprotocol -Wdeprecated-declarations -Wsign-conversion -Winfinite-recursion -Wcomma -Wblock-capture-autoreleasing -Wstrict-prototypes -Wno-semicolon-before-method-body -index-store-path /Users/buddhirajgautam/Library/Developer/Xcode/DerivedData/Telegram-Mac-fygdgghdgmuleoelvxabfmqiotta/Index.noindex/DataStore -Wall -Weverything -Wno-unused-macros -Wno-gnu-statement-expression -Wno-arc-repeated-use-of-weak -Wno-auto-import -Wno-gnu-zero-variadic-macro-arguments -Wno-custom-atomic-properties -Wno-implicit-atomic-properties @/Users/buddhirajgautam/Library/Developer/Xcode/DerivedData/Telegram-Mac-fygdgghdgmuleoelvxabfmqiotta/Build/Intermediates.noindex/Sparkle.build/Debug/Sparkle.build/Objects-normal/arm64/e6072d4f65d7061329687fe24e3d63a7-common-args.resp -MMD -MT dependencies -MF /Users/buddhirajgautam/Library/Developer/Xcode/DerivedData/Telegram-Mac-fygdgghdgmuleoelvxabfmqiotta/Build/Intermediates.noindex/Sparkle.build/Debug/Sparkle.build/Objects-normal/arm64/SUOperatingSystem.d --serialize-diagnostics /Users/buddhirajgautam/Library/Developer/Xcode/DerivedData/Telegram-Mac-fygdgghdgmuleoelvxabfmqiotta/Build/Intermediates.noindex/Sparkle.build/Debug/Sparkle.build/Objects-normal/arm64/SUOperatingSystem.dia -c /Users/buddhirajgautam/Documents/Cherrygram-Mac/macOS-Swift/submodules/Sparkle/Sparkle/SUOperatingSystem.m -o /Users/buddhirajgautam/Library/Developer/Xcode/DerivedData/Telegram-Mac-fygdgghdgmuleoelvxabfmqiotta/Build/Intermediates.noindex/Sparkle.build/Debug/Sparkle.build/Objects-normal/arm64/SUOperatingSystem.o -index-unit-output-path /Sparkle.build/Debug/Sparkle.build/Objects-normal/arm64/SUOperatingSystem.o

PrecompileModule /Users/buddhirajgautam/Library/Developer/Xcode/DerivedData/Telegram-Mac-fygdgghdgmuleoelvxabfmqiotta/Build/Intermediates.noindex/ExplicitPrecompiledModules/_Builtin_stdint-6V05IIBAJI4GIM70WM9QDOXZX.scan
    cd /
    builtin-precompileModule /Users/buddhirajgautam/Library/Developer/Xcode/DerivedData/Telegram-Mac-fygdgghdgmuleoelvxabfmqiotta/Build/Intermediates.noindex/ExplicitPrecompiledModules/_Builtin_stdint-6V05IIBAJI4GIM70WM9QDOXZX.scan

ScanDependencies /Users/buddhirajgautam/Library/Developer/Xcode/DerivedData/Telegram-Mac-fygdgghdgmuleoelvxabfmqiotta/Build/Intermediates.noindex/Sparkle.build/Debug/Sparkle.build/Objects-normal/arm64/SULog.o /Users/buddhirajgautam/Documents/Cherrygram-Mac/macOS-Swift/submodules/Sparkle/Sparkle/SULog.m normal arm64 objective-c com.apple.compilers.llvm.clang.1_0.compiler (in target 'Sparkle' from project 'Sparkle')
    cd /Users/buddhirajgautam/Documents/Cherrygram-Mac/macOS-Swift/submodules/Sparkle
    
    Using response file: /Users/buddhirajgautam/Library/Developer/Xcode/DerivedData/Telegram-Mac-fygdgghdgmuleoelvxabfmqiotta/Build/Intermediates.noindex/Sparkle.build/Debug/Sparkle.build/Objects-normal/arm64/e6072d4f65d7061329687fe24e3d63a7-common-args.resp
    
    builtin-ScanDependencies -o /Users/buddhirajgautam/Library/Developer/Xcode/DerivedData/Telegram-Mac-fygdgghdgmuleoelvxabfmqiotta/Build/Intermediates.noindex/Sparkle.build/Debug/Sparkle.build/Objects-normal/arm64/SULog.o.scan -- /Applications/Xcode.app/Contents/Developer/Toolchains/XcodeDefault.xctoolchain/usr/bin/clang -x objective-c -ivfsstatcache /Users/buddhirajgautam/Library/Developer/Xcode/DerivedData/SDKStatCaches.noindex/macosx27.0-26A425-e829b21a6f8c9b70876ba0858053c0447231f6df4def33e022ae2eb8f782df1a.sdkstatcache -target arm64-apple-macos12.0 -fmessage-length\=0 -fdiagnostics-show-note-include-stack -fmacro-backtrace-limit\=0 -fno-color-diagnostics -fmodules-prune-interval\=86400 -fmodules-prune-after\=345600 -fbuild-session-file\=/Users/buddhirajgautam/Library/Developer/Xcode/DerivedData/ModuleCache.noindex/Session.modulevalidation -fmodules-validate-once-per-build-session -Wnon-modular-include-in-framework-module -Werror\=non-modular-include-in-framework-module -Wno-trigraphs -Werror\=incompatible-pointer-types -Werror\=implicit-function-declaration -Wmissing-field-initializers -Wmissing-prototypes -Wdocumentation -Wunreachable-code -Wimplicit-atomic-properties -Wno-objc-interface-ivars -Wobjc-missing-property-synthesis -Warc-repeated-use-of-weak -Wno-arc-maybe-repeated-use-of-weak -Wexplicit-ownership-type -Wimplicit-retain-self -Wduplicate-method-match -Wmissing-braces -Wparentheses -Wswitch -Wunused-function -Wunused-label -Wunused-parameter -Wunused-variable -Wunused-value -Wempty-body -Wuninitialized -Wunknown-pragmas -Wshadow -Wfour-char-constants -Wconversion -Wconstant-conversion -Wint-conversion -Wbool-conversion -Wenum-conversion -Wfloat-conversion -Wnon-literal-null-conversion -Wobjc-literal-conversion -Wassign-enum -Wsign-compare -Wshorten-64-to-32 -Wpointer-sign -Wnewline-eof -Wselector -Wstrict-selector-match -Wundeclared-selector -Wdeprecated-implementations -Wno-implicit-fallthrough -isysroot /Applications/Xcode.app/Contents/Developer/Platforms/MacOSX.platform/Developer/SDKs/MacOSX27.0.sdk -fstrict-aliasing -Wprotocol -Wdeprecated-declarations -Wsign-conversion -Winfinite-recursion -Wcomma -Wblock-capture-autoreleasing -Wstrict-prototypes -Wno-semicolon-before-method-body -index-store-path /Users/buddhirajgautam/Library/Developer/Xcode/DerivedData/Telegram-Mac-fygdgghdgmuleoelvxabfmqiotta/Index.noindex/DataStore -Wall -Weverything -Wno-unused-macros -Wno-gnu-statement-expression -Wno-arc-repeated-use-of-weak -Wno-auto-import -Wno-gnu-zero-variadic-macro-arguments -Wno-custom-atomic-properties -Wno-implicit-atomic-properties @/Users/buddhirajgautam/Library/Developer/Xcode/DerivedData/Telegram-Mac-fygdgghdgmuleoelvxabfmqiotta/Build/Intermediates.noindex/Sparkle.build/Debug/Sparkle.build/Objects-normal/arm64/e6072d4f65d7061329687fe24e3d63a7-common-args.resp -MMD -MT dependencies -MF /Users/buddhirajgautam/Library/Developer/Xcode/DerivedData/Telegram-Mac-fygdgghdgmuleoelvxabfmqiotta/Build/Intermediates.noindex/Sparkle.build/Debug/Sparkle.build/Objects-normal/arm64/SULog.d --serialize-diagnostics /Users/buddhirajgautam/Library/Developer/Xcode/DerivedData/Telegram-Mac-fygdgghdgmuleoelvxabfmqiotta/Build/Intermediates.noindex/Sparkle.build/Debug/Sparkle.build/Objects-normal/arm64/SULog.dia -c /Users/buddhirajgautam/Documents/Cherrygram-Mac/macOS-Swift/submodules/Sparkle/Sparkle/SULog.m -o /Users/buddhirajgautam/Library/Developer/Xcode/DerivedData/Telegram-Mac-fygdgghdgmuleoelvxabfmqiotta/Build/Intermediates.noindex/Sparkle.build/Debug/Sparkle.build/Objects-normal/arm64/SULog.o -index-unit-output-path /Sparkle.build/Debug/Sparkle.build/Objects-normal/arm64/SULog.o

ScanDependencies /Users/buddhirajgautam/Library/Developer/Xcode/DerivedData/Telegram-Mac-fygdgghdgmuleoelvxabfmqiotta/Build/Intermediates.noindex/Sparkle.build/Debug/Sparkle.build/Objects-normal/arm64/SUInstaller.o /Users/buddhirajgautam/Documents/Cherrygram-Mac/macOS-Swift/submodules/Sparkle/Sparkle/SUInstaller.m normal arm64 objective-c com.apple.compilers.llvm.clang.1_0.compiler (in target 'Sparkle' from project 'Sparkle')
    cd /Users/buddhirajgautam/Documents/Cherrygram-Mac/macOS-Swift/submodules/Sparkle
    
    Using response file: /Users/buddhirajgautam/Library/Developer/Xcode/DerivedData/Telegram-Mac-fygdgghdgmuleoelvxabfmqiotta/Build/Intermediates.noindex/Sparkle.build/Debug/Sparkle.build/Objects-normal/arm64/e6072d4f65d7061329687fe24e3d63a7-common-args.resp
    
    builtin-ScanDependencies -o /Users/buddhirajgautam/Library/Developer/Xcode/DerivedData/Telegram-Mac-fygdgghdgmuleoelvxabfmqiotta/Build/Intermediates.noindex/Sparkle.build/Debug/Sparkle.build/Objects-normal/arm64/SUInstaller.o.scan -- /Applications/Xcode.app/Contents/Developer/Toolchains/XcodeDefault.xctoolchain/usr/bin/clang -x objective-c -ivfsstatcache /Users/buddhirajgautam/Library/Developer/Xcode/DerivedData/SDKStatCaches.noindex/macosx27.0-26A425-e829b21a6f8c9b70876ba0858053c0447231f6df4def33e022ae2eb8f782df1a.sdkstatcache -target arm64-apple-macos12.0 -fmessage-length\=0 -fdiagnostics-show-note-include-stack -fmacro-backtrace-limit\=0 -fno-color-diagnostics -fmodules-prune-interval\=86400 -fmodules-prune-after\=345600 -fbuild-session-file\=/Users/buddhirajgautam/Library/Developer/Xcode/DerivedData/ModuleCache.noindex/Session.modulevalidation -fmodules-validate-once-per-build-session -Wnon-modular-include-in-framework-module -Werror\=non-modular-include-in-framework-module -Wno-trigraphs -Werror\=incompatible-pointer-types -Werror\=implicit-function-declaration -Wmissing-field-initializers -Wmissing-prototypes -Wdocumentation -Wunreachable-code -Wimplicit-atomic-properties -Wno-objc-interface-ivars -Wobjc-missing-property-synthesis -Warc-repeated-use-of-weak -Wno-arc-maybe-repeated-use-of-weak -Wexplicit-ownership-type -Wimplicit-retain-self -Wduplicate-method-match -Wmissing-braces -Wparentheses -Wswitch -Wunused-function -Wunused-label -Wunused-parameter -Wunused-variable -Wunused-value -Wempty-body -Wuninitialized -Wunknown-pragmas -Wshadow -Wfour-char-constants -Wconversion -Wconstant-conversion -Wint-conversion -Wbool-conversion -Wenum-conversion -Wfloat-conversion -Wnon-literal-null-conversion -Wobjc-literal-conversion -Wassign-enum -Wsign-compare -Wshorten-64-to-32 -Wpointer-sign -Wnewline-eof -Wselector -Wstrict-selector-match -Wundeclared-selector -Wdeprecated-implementations -Wno-implicit-fallthrough -isysroot /Applications/Xcode.app/Contents/Developer/Platforms/MacOSX.platform/Developer/SDKs/MacOSX27.0.sdk -fstrict-aliasing -Wprotocol -Wdeprecated-declarations -Wsign-conversion -Winfinite-recursion -Wcomma -Wblock-capture-autoreleasing -Wstrict-prototypes -Wno-semicolon-before-method-body -index-store-path /Users/buddhirajgautam/Library/Developer/Xcode/DerivedData/Telegram-Mac-fygdgghdgmuleoelvxabfmqiotta/Index.noindex/DataStore -Wall -Weverything -Wno-unused-macros -Wno-gnu-statement-expression -Wno-arc-repeated-use-of-weak -Wno-auto-import -Wno-gnu-zero-variadic-macro-arguments -Wno-custom-atomic-properties -Wno-implicit-atomic-properties @/Users/buddhirajgautam/Library/Developer/Xcode/DerivedData/Telegram-Mac-fygdgghdgmuleoelvxabfmqiotta/Build/Intermediates.noindex/Sparkle.build/Debug/Sparkle.build/Objects-normal/arm64/e6072d4f65d7061329687fe24e3d63a7-common-args.resp -MMD -MT dependencies -MF /Users/buddhirajgautam/Library/Developer/Xcode/DerivedData/Telegram-Mac-fygdgghdgmuleoelvxabfmqiotta/Build/Intermediates.noindex/Sparkle.build/Debug/Sparkle.build/Objects-normal/arm64/SUInstaller.d --serialize-diagnostics /Users/buddhirajgautam/Library/Developer/Xcode/DerivedData/Telegram-Mac-fygdgghdgmuleoelvxabfmqiotta/Build/Intermediates.noindex/Sparkle.build/Debug/Sparkle.build/Objects-normal/arm64/SUInstaller.dia -c /Users/buddhirajgautam/Documents/Cherrygram-Mac/macOS-Swift/submodules/Sparkle/Sparkle/SUInstaller.m -o /Users/buddhirajgautam/Library/Developer/Xcode/DerivedData/Telegram-Mac-fygdgghdgmuleoelvxabfmqiotta/Build/Intermediates.noindex/Sparkle.build/Debug/Sparkle.build/Objects-normal/arm64/SUInstaller.o -index-unit-output-path /Sparkle.build/Debug/Sparkle.build/Objects-normal/arm64/SUInstaller.o

ScanDependencies /Users/buddhirajgautam/Library/Developer/Xcode/DerivedData/Telegram-Mac-fygdgghdgmuleoelvxabfmqiotta/Build/Intermediates.noindex/Sparkle.build/Debug/Sparkle.build/Objects-normal/arm64/SUHost.o /Users/buddhirajgautam/Documents/Cherrygram-Mac/macOS-Swift/submodules/Sparkle/Sparkle/SUHost.m normal arm64 objective-c com.apple.compilers.llvm.clang.1_0.compiler (in target 'Sparkle' from project 'Sparkle')
    cd /Users/buddhirajgautam/Documents/Cherrygram-Mac/macOS-Swift/submodules/Sparkle
    
    Using response file: /Users/buddhirajgautam/Library/Developer/Xcode/DerivedData/Telegram-Mac-fygdgghdgmuleoelvxabfmqiotta/Build/Intermediates.noindex/Sparkle.build/Debug/Sparkle.build/Objects-normal/arm64/e6072d4f65d7061329687fe24e3d63a7-common-args.resp
    
    builtin-ScanDependencies -o /Users/buddhirajgautam/Library/Developer/Xcode/DerivedData/Telegram-Mac-fygdgghdgmuleoelvxabfmqiotta/Build/Intermediates.noindex/Sparkle.build/Debug/Sparkle.build/Objects-normal/arm64/SUHost.o.scan -- /Applications/Xcode.app/Contents/Developer/Toolchains/XcodeDefault.xctoolchain/usr/bin/clang -x objective-c -ivfsstatcache /Users/buddhirajgautam/Library/Developer/Xcode/DerivedData/SDKStatCaches.noindex/macosx27.0-26A425-e829b21a6f8c9b70876ba0858053c0447231f6df4def33e022ae2eb8f782df1a.sdkstatcache -target arm64-apple-macos12.0 -fmessage-length\=0 -fdiagnostics-show-note-include-stack -fmacro-backtrace-limit\=0 -fno-color-diagnostics -fmodules-prune-interval\=86400 -fmodules-prune-after\=345600 -fbuild-session-file\=/Users/buddhirajgautam/Library/Developer/Xcode/DerivedData/ModuleCache.noindex/Session.modulevalidation -fmodules-validate-once-per-build-session -Wnon-modular-include-in-framework-module -Werror\=non-modular-include-in-framework-module -Wno-trigraphs -Werror\=incompatible-pointer-types -Werror\=implicit-function-declaration -Wmissing-field-initializers -Wmissing-prototypes -Wdocumentation -Wunreachable-code -Wimplicit-atomic-properties -Wno-objc-interface-ivars -Wobjc-missing-property-synthesis -Warc-repeated-use-of-weak -Wno-arc-maybe-repeated-use-of-weak -Wexplicit-ownership-type -Wimplicit-retain-self -Wduplicate-method-match -Wmissing-braces -Wparentheses -Wswitch -Wunused-function -Wunused-label -Wunused-parameter -Wunused-variable -Wunused-value -Wempty-body -Wuninitialized -Wunknown-pragmas -Wshadow -Wfour-char-constants -Wconversion -Wconstant-conversion -Wint-conversion -Wbool-conversion -Wenum-conversion -Wfloat-conversion -Wnon-literal-null-conversion -Wobjc-literal-conversion -Wassign-enum -Wsign-compare -Wshorten-64-to-32 -Wpointer-sign -Wnewline-eof -Wselector -Wstrict-selector-match -Wundeclared-selector -Wdeprecated-implementations -Wno-implicit-fallthrough -isysroot /Applications/Xcode.app/Contents/Developer/Platforms/MacOSX.platform/Developer/SDKs/MacOSX27.0.sdk -fstrict-aliasing -Wprotocol -Wdeprecated-declarations -Wsign-conversion -Winfinite-recursion -Wcomma -Wblock-capture-autoreleasing -Wstrict-prototypes -Wno-semicolon-before-method-body -index-store-path /Users/buddhirajgautam/Library/Developer/Xcode/DerivedData/Telegram-Mac-fygdgghdgmuleoelvxabfmqiotta/Index.noindex/DataStore -Wall -Weverything -Wno-unused-macros -Wno-gnu-statement-expression -Wno-arc-repeated-use-of-weak -Wno-auto-import -Wno-gnu-zero-variadic-macro-arguments -Wno-custom-atomic-properties -Wno-implicit-atomic-properties @/Users/buddhirajgautam/Library/Developer/Xcode/DerivedData/Telegram-Mac-fygdgghdgmuleoelvxabfmqiotta/Build/Intermediates.noindex/Sparkle.build/Debug/Sparkle.build/Objects-normal/arm64/e6072d4f65d7061329687fe24e3d63a7-common-args.resp -MMD -MT dependencies -MF /Users/buddhirajgautam/Library/Developer/Xcode/DerivedData/Telegram-Mac-fygdgghdgmuleoelvxabfmqiotta/Build/Intermediates.noindex/Sparkle.build/Debug/Sparkle.build/Objects-normal/arm64/SUHost.d --serialize-diagnostics /Users/buddhirajgautam/Library/Developer/Xcode/DerivedData/Telegram-Mac-fygdgghdgmuleoelvxabfmqiotta/Build/Intermediates.noindex/Sparkle.build/Debug/Sparkle.build/Objects-normal/arm64/SUHost.dia -c /Users/buddhirajgautam/Documents/Cherrygram-Mac/macOS-Swift/submodules/Sparkle/Sparkle/SUHost.m -o /Users/buddhirajgautam/Library/Developer/Xcode/DerivedData/Telegram-Mac-fygdgghdgmuleoelvxabfmqiotta/Build/Intermediates.noindex/Sparkle.build/Debug/Sparkle.build/Objects-normal/arm64/SUHost.o -index-unit-output-path /Sparkle.build/Debug/Sparkle.build/Objects-normal/arm64/SUHost.o

PrecompileModule /Users/buddhirajgautam/Library/Developer/Xcode/DerivedData/Telegram-Mac-fygdgghdgmuleoelvxabfmqiotta/Build/Intermediates.noindex/ExplicitPrecompiledModules/OpenGL-Z3B0PAUGYVQLPNVCAC28KV6J.scan
    cd /
    builtin-precompileModule /Users/buddhirajgautam/Library/Developer/Xcode/DerivedData/Telegram-Mac-fygdgghdgmuleoelvxabfmqiotta/Build/Intermediates.noindex/ExplicitPrecompiledModules/OpenGL-Z3B0PAUGYVQLPNVCAC28KV6J.scan

PrecompileModule /Users/buddhirajgautam/Library/Developer/Xcode/DerivedData/Telegram-Mac-fygdgghdgmuleoelvxabfmqiotta/Build/Intermediates.noindex/ExplicitPrecompiledModules/libDER-2QL3C3QQII65A6JWLBQC4LKUD.scan
    cd /
    builtin-precompileModule /Users/buddhirajgautam/Library/Developer/Xcode/DerivedData/Telegram-Mac-fygdgghdgmuleoelvxabfmqiotta/Build/Intermediates.noindex/ExplicitPrecompiledModules/libDER-2QL3C3QQII65A6JWLBQC4LKUD.scan

PrecompileModule /Users/buddhirajgautam/Library/Developer/Xcode/DerivedData/Telegram-Mac-fygdgghdgmuleoelvxabfmqiotta/Build/Intermediates.noindex/ExplicitPrecompiledModules/_DarwinFoundation3-E4WCT359WZFBY08ERDBL5XNXH.scan
    cd /
    builtin-precompileModule /Users/buddhirajgautam/Library/Developer/Xcode/DerivedData/Telegram-Mac-fygdgghdgmuleoelvxabfmqiotta/Build/Intermediates.noindex/ExplicitPrecompiledModules/_DarwinFoundation3-E4WCT359WZFBY08ERDBL5XNXH.scan

ScanDependencies /Users/buddhirajgautam/Library/Developer/Xcode/DerivedData/Telegram-Mac-fygdgghdgmuleoelvxabfmqiotta/Build/Intermediates.noindex/Sparkle.build/Debug/Sparkle.build/Objects-normal/arm64/SUGuidedPackageInstaller.o /Users/buddhirajgautam/Documents/Cherrygram-Mac/macOS-Swift/submodules/Sparkle/Sparkle/SUGuidedPackageInstaller.m normal arm64 objective-c com.apple.compilers.llvm.clang.1_0.compiler (in target 'Sparkle' from project 'Sparkle')
    cd /Users/buddhirajgautam/Documents/Cherrygram-Mac/macOS-Swift/submodules/Sparkle
    
    Using response file: /Users/buddhirajgautam/Library/Developer/Xcode/DerivedData/Telegram-Mac-fygdgghdgmuleoelvxabfmqiotta/Build/Intermediates.noindex/Sparkle.build/Debug/Sparkle.build/Objects-normal/arm64/e6072d4f65d7061329687fe24e3d63a7-common-args.resp
    
    builtin-ScanDependencies -o /Users/buddhirajgautam/Library/Developer/Xcode/DerivedData/Telegram-Mac-fygdgghdgmuleoelvxabfmqiotta/Build/Intermediates.noindex/Sparkle.build/Debug/Sparkle.build/Objects-normal/arm64/SUGuidedPackageInstaller.o.scan -- /Applications/Xcode.app/Contents/Developer/Toolchains/XcodeDefault.xctoolchain/usr/bin/clang -x objective-c -ivfsstatcache /Users/buddhirajgautam/Library/Developer/Xcode/DerivedData/SDKStatCaches.noindex/macosx27.0-26A425-e829b21a6f8c9b70876ba0858053c0447231f6df4def33e022ae2eb8f782df1a.sdkstatcache -target arm64-apple-macos12.0 -fmessage-length\=0 -fdiagnostics-show-note-include-stack -fmacro-backtrace-limit\=0 -fno-color-diagnostics -fmodules-prune-interval\=86400 -fmodules-prune-after\=345600 -fbuild-session-file\=/Users/buddhirajgautam/Library/Developer/Xcode/DerivedData/ModuleCache.noindex/Session.modulevalidation -fmodules-validate-once-per-build-session -Wnon-modular-include-in-framework-module -Werror\=non-modular-include-in-framework-module -Wno-trigraphs -Werror\=incompatible-pointer-types -Werror\=implicit-function-declaration -Wmissing-field-initializers -Wmissing-prototypes -Wdocumentation -Wunreachable-code -Wimplicit-atomic-properties -Wno-objc-interface-ivars -Wobjc-missing-property-synthesis -Warc-repeated-use-of-weak -Wno-arc-maybe-repeated-use-of-weak -Wexplicit-ownership-type -Wimplicit-retain-self -Wduplicate-method-match -Wmissing-braces -Wparentheses -Wswitch -Wunused-function -Wunused-label -Wunused-parameter -Wunused-variable -Wunused-value -Wempty-body -Wuninitialized -Wunknown-pragmas -Wshadow -Wfour-char-constants -Wconversion -Wconstant-conversion -Wint-conversion -Wbool-conversion -Wenum-conversion -Wfloat-conversion -Wnon-literal-null-conversion -Wobjc-literal-conversion -Wassign-enum -Wsign-compare -Wshorten-64-to-32 -Wpointer-sign -Wnewline-eof -Wselector -Wstrict-selector-match -Wundeclared-selector -Wdeprecated-implementations -Wno-implicit-fallthrough -isysroot /Applications/Xcode.app/Contents/Developer/Platforms/MacOSX.platform/Developer/SDKs/MacOSX27.0.sdk -fstrict-aliasing -Wprotocol -Wdeprecated-declarations -Wsign-conversion -Winfinite-recursion -Wcomma -Wblock-capture-autoreleasing -Wstrict-prototypes -Wno-semicolon-before-method-body -index-store-path /Users/buddhirajgautam/Library/Developer/Xcode/DerivedData/Telegram-Mac-fygdgghdgmuleoelvxabfmqiotta/Index.noindex/DataStore -Wall -Weverything -Wno-unused-macros -Wno-gnu-statement-expression -Wno-arc-repeated-use-of-weak -Wno-auto-import -Wno-gnu-zero-variadic-macro-arguments -Wno-custom-atomic-properties -Wno-implicit-atomic-properties @/Users/buddhirajgautam/Library/Developer/Xcode/DerivedData/Telegram-Mac-fygdgghdgmuleoelvxabfmqiotta/Build/Intermediates.noindex/Sparkle.build/Debug/Sparkle.build/Objects-normal/arm64/e6072d4f65d7061329687fe24e3d63a7-common-args.resp -MMD -MT dependencies -MF /Users/buddhirajgautam/Library/Developer/Xcode/DerivedData/Telegram-Mac-fygdgghdgmuleoelvxabfmqiotta/Build/Intermediates.noindex/Sparkle.build/Debug/Sparkle.build/Objects-normal/arm64/SUGuidedPackageInstaller.d --serialize-diagnostics /Users/buddhirajgautam/Library/Developer/Xcode/DerivedData/Telegram-Mac-fygdgghdgmuleoelvxabfmqiotta/Build/Intermediates.noindex/Sparkle.build/Debug/Sparkle.build/Objects-normal/arm64/SUGuidedPackageInstaller.dia -c /Users/buddhirajgautam/Documents/Cherrygram-Mac/macOS-Swift/submodules/Sparkle/Sparkle/SUGuidedPackageInstaller.m -o /Users/buddhirajgautam/Library/Developer/Xcode/DerivedData/Telegram-Mac-fygdgghdgmuleoelvxabfmqiotta/Build/Intermediates.noindex/Sparkle.build/Debug/Sparkle.build/Objects-normal/arm64/SUGuidedPackageInstaller.o -index-unit-output-path /Sparkle.build/Debug/Sparkle.build/Objects-normal/arm64/SUGuidedPackageInstaller.o

SwiftDriverJobDiscovery normal arm64 Compiling bridging header (in target 'TelegramShare' from project 'Telegram')

SwiftEmitModule normal arm64 Emitting\ module\ for\ TelegramShare (in target 'TelegramShare' from project 'Telegram')
/Users/buddhirajgautam/Documents/Cherrygram-Mac/macOS-Swift/TelegramShare/SEUIInputView.swift:563:1: warning: extension declares a conformance of imported type 'Updated_ChatTextInputState' to imported protocol 'Equatable'; this will not behave correctly if the owners of 'InputView' introduce this conformance in the future
561 | 
562 | 
563 | extension Updated_ChatTextInputState : Equatable {
    | |- warning: extension declares a conformance of imported type 'Updated_ChatTextInputState' to imported protocol 'Equatable'; this will not behave correctly if the owners of 'InputView' introduce this conformance in the future
    | `- note: add '@retroactive' to silence this warning
564 |     func textInputState() -> SE_TextInputState {
565 |         return .init(attributedText: self.inputText, selectionRange: self.selectionRange)

/Users/buddhirajgautam/Library/Developer/Xcode/DerivedData/Telegram-Mac-fygdgghdgmuleoelvxabfmqiotta/Build/Intermediates.noindex/Telegram.build/Debug/TelegramShare.build/DerivedSources/GeneratedAssetSymbols.swift:1852:14: warning: The "Icon_Profile_Call" image asset name resolves to the symbol "iconProfileCall" which already exists. Try renaming the asset.
1850 |     static let iconProfileBoost = ImageResource(name: "Icon_Profile_Boost", bundle: resourceBundle)
1851 | 
1852 |     #warning("The \"Icon_Profile_Call\" image asset name resolves to the symbol \"iconProfileCall\" which already exists. Try renaming the asset.")
     |              `- warning: The "Icon_Profile_Call" image asset name resolves to the symbol "iconProfileCall" which already exists. Try renaming the asset.
1853 | 
1854 |     /// The "Icon_Profile_ChannelSign" asset catalog image resource.

/Users/buddhirajgautam/Library/Developer/Xcode/DerivedData/Telegram-Mac-fygdgghdgmuleoelvxabfmqiotta/Build/Intermediates.noindex/Telegram.build/Debug/TelegramShare.build/DerivedSources/GeneratedAssetSymbols.swift:2454:14: warning: The "Icon_Story_Repost" image asset name resolves to the symbol "iconStoryRepost" which already exists. Try renaming the asset.
2452 |     static let iconStoryInlineReactionShadow = ImageResource(name: "Icon_Story_InlineReaction_Shadow", bundle: resourceBundle)
2453 | 
2454 |     #warning("The \"Icon_Story_Repost\" image asset name resolves to the symbol \"iconStoryRepost\" which already exists. Try renaming the asset.")
     |              `- warning: The "Icon_Story_Repost" image asset name resolves to the symbol "iconStoryRepost" which already exists. Try renaming the asset.
2455 | 
2456 |     /// The "Icon_Story_Selected_Contacts" asset catalog image resource.

SwiftCompile normal arm64 (in target 'TelegramShare' from project 'Telegram')
    cd /Users/buddhirajgautam/Documents/Cherrygram-Mac/macOS-Swift
    

SwiftCompile normal arm64 Compiling\ SEUIInputView.swift,\ InterfaceObserver.swift,\ ShareViewController.swift,\ SEUnauthorizedViewController.swift,\ SESelectController.swift,\ GeneratedAssetSymbols.swift /Users/buddhirajgautam/Documents/Cherrygram-Mac/macOS-Swift/TelegramShare/SEUIInputView.swift /Users/buddhirajgautam/Documents/Cherrygram-Mac/macOS-Swift/Telegram-Mac/InterfaceObserver.swift /Users/buddhirajgautam/Documents/Cherrygram-Mac/macOS-Swift/TelegramShare/ShareViewController.swift /Users/buddhirajgautam/Documents/Cherrygram-Mac/macOS-Swift/TelegramShare/SEUnauthorizedViewController.swift /Users/buddhirajgautam/Documents/Cherrygram-Mac/macOS-Swift/TelegramShare/SESelectController.swift /Users/buddhirajgautam/Library/Developer/Xcode/DerivedData/Telegram-Mac-fygdgghdgmuleoelvxabfmqiotta/Build/Intermediates.noindex/Telegram.build/Debug/TelegramShare.build/DerivedSources/GeneratedAssetSymbols.swift (in target 'TelegramShare' from project 'Telegram')
/Users/buddhirajgautam/Library/Developer/Xcode/DerivedData/Telegram-Mac-fygdgghdgmuleoelvxabfmqiotta/Build/Intermediates.noindex/Telegram.build/Debug/TelegramShare.build/DerivedSources/GeneratedAssetSymbols.swift:1852:14: warning: The "Icon_Profile_Call" image asset name resolves to the symbol "iconProfileCall" which already exists. Try renaming the asset.
1850 |     static let iconProfileBoost = ImageResource(name: "Icon_Profile_Boost", bundle: resourceBundle)
1851 | 
1852 |     #warning("The \"Icon_Profile_Call\" image asset name resolves to the symbol \"iconProfileCall\" which already exists. Try renaming the asset.")
     |              `- warning: The "Icon_Profile_Call" image asset name resolves to the symbol "iconProfileCall" which already exists. Try renaming the asset.
1853 | 
1854 |     /// The "Icon_Profile_ChannelSign" asset catalog image resource.

/Users/buddhirajgautam/Library/Developer/Xcode/DerivedData/Telegram-Mac-fygdgghdgmuleoelvxabfmqiotta/Build/Intermediates.noindex/Telegram.build/Debug/TelegramShare.build/DerivedSources/GeneratedAssetSymbols.swift:2454:14: warning: The "Icon_Story_Repost" image asset name resolves to the symbol "iconStoryRepost" which already exists. Try renaming the asset.
2452 |     static let iconStoryInlineReactionShadow = ImageResource(name: "Icon_Story_InlineReaction_Shadow", bundle: resourceBundle)
2453 | 
2454 |     #warning("The \"Icon_Story_Repost\" image asset name resolves to the symbol \"iconStoryRepost\" which already exists. Try renaming the asset.")
     |              `- warning: The "Icon_Story_Repost" image asset name resolves to the symbol "iconStoryRepost" which already exists. Try renaming the asset.
2455 | 
2456 |     /// The "Icon_Story_Selected_Contacts" asset catalog image resource.

/Users/buddhirajgautam/Documents/Cherrygram-Mac/macOS-Swift/TelegramShare/SEUIInputView.swift:563:1: warning: extension declares a conformance of imported type 'Updated_ChatTextInputState' to imported protocol 'Equatable'; this will not behave correctly if the owners of 'InputView' introduce this conformance in the future
561 | 
562 | 
563 | extension Updated_ChatTextInputState : Equatable {
    | |- warning: extension declares a conformance of imported type 'Updated_ChatTextInputState' to imported protocol 'Equatable'; this will not behave correctly if the owners of 'InputView' introduce this conformance in the future
    | `- note: add '@retroactive' to silence this warning
564 |     func textInputState() -> SE_TextInputState {
565 |         return .init(attributedText: self.inputText, selectionRange: self.selectionRange)

/Users/buddhirajgautam/Documents/Cherrygram-Mac/macOS-Swift/TelegramShare/SEUIInputView.swift:271:30: warning: immutable value 'language' was never used; consider replacing with '_' or removing it [#NoUsage]
269 |             case .code:
270 |                 result.addAttribute(TextInputAttributes.monospace, value: true as NSNumber, range: range)
271 |             case let .pre(_, language):
    |                              `- warning: immutable value 'language' was never used; consider replacing with '_' or removing it [#NoUsage]
272 |                 break
273 |             case .strikethrough:

/Users/buddhirajgautam/Documents/Cherrygram-Mac/macOS-Swift/TelegramShare/SEUIInputView.swift:333:13: warning: variable 'subText' was never mutated; consider changing to 'let' constant [#VariableNeverMutated]
331 |     func subInputState(from range: NSRange, theme: TelegramPresentationTheme = theme) -> SE_TextInputState {
332 |         
333 |         var subText = attributedString().attributedSubstring(from: range).trimmed
    |             `- warning: variable 'subText' was never mutated; consider changing to 'let' constant [#VariableNeverMutated]
334 | 
335 |         let localAttributes = chatTextAttributes(from: subText)

/Users/buddhirajgautam/Documents/Cherrygram-Mac/macOS-Swift/TelegramShare/SESelectController.swift:34:56: warning: 'dark' was deprecated in macOS 10.14: Use a semantic material instead.  To force the appearance of a view hierarchy, set the `appearance` property to an appropriate NSAppearance value. [#DeprecatedDeclaration]
  32 |         wantsLayer = true
  33 |         visualEffect.state = .active
  34 |         visualEffect.material = theme.colors.isDark ? .dark : .light
     |                                                        `- warning: 'dark' was deprecated in macOS 10.14: Use a semantic material instead.  To force the appearance of a view hierarchy, set the `appearance` property to an appropriate NSAppearance value. [#DeprecatedDeclaration]
  35 |         visualEffect.blendingMode = .behindWindow
  36 |         

/Users/buddhirajgautam/Documents/Cherrygram-Mac/macOS-Swift/TelegramShare/SESelectController.swift:34:64: warning: 'light' was deprecated in macOS 10.14: Use a semantic material instead.  To force the appearance of a view hierarchy, set the `appearance` property to an appropriate NSAppearance value. [#DeprecatedDeclaration]
  32 |         wantsLayer = true
  33 |         visualEffect.state = .active
  34 |         visualEffect.material = theme.colors.isDark ? .dark : .light
     |                                                                `- warning: 'light' was deprecated in macOS 10.14: Use a semantic material instead.  To force the appearance of a view hierarchy, set the `appearance` property to an appropriate NSAppearance value. [#DeprecatedDeclaration]
  35 |         visualEffect.blendingMode = .behindWindow
  36 |         

/Users/buddhirajgautam/Documents/Cherrygram-Mac/macOS-Swift/TelegramShare/SESelectController.swift:373:52: warning: variable 'self' was written to, but never read
 371 |             self.forumTopicsView = tableView
 372 |             
 373 |             tableView.getBackgroundColor = { [weak self] in
     |                                                    `- warning: variable 'self' was written to, but never read
 374 |                 return theme.colors.background
 375 |             }

/Users/buddhirajgautam/Documents/Cherrygram-Mac/macOS-Swift/TelegramShare/SESelectController.swift:620:72: warning: 'kUTTypeURL' was deprecated in macOS 12.0: Use UTTypeURL or UTType.url (swift) instead. [#DeprecatedDeclaration]
 618 |                         
 619 |                         for i in 0 ..< attachments.count {
 620 |                             attachments[i].loadItem(forTypeIdentifier: kUTTypeURL as String, options: nil, completionHandler: { (coding, error) in
     |                                                                        `- warning: 'kUTTypeURL' was deprecated in macOS 12.0: Use UTTypeURL or UTType.url (swift) instead. [#DeprecatedDeclaration]
 621 |                                 if let url = coding as? URL {
 622 |                                     if !url.isFileURL {

/Users/buddhirajgautam/Documents/Cherrygram-Mac/macOS-Swift/TelegramShare/SESelectController.swift:639:76: warning: 'kUTTypeImage' was deprecated in macOS 12.0: Use UTTypeImage or UTType.image (swift) instead. [#DeprecatedDeclaration]
 637 |                             })
 638 |                             if k != total {
 639 |                                 attachments[i].loadItem(forTypeIdentifier: kUTTypeImage as String, options: nil, completionHandler: { (coding, error) in
     |                                                                            `- warning: 'kUTTypeImage' was deprecated in macOS 12.0: Use UTTypeImage or UTType.image (swift) instead. [#DeprecatedDeclaration]
 640 |                                     if let data = (coding as? NSImage)?.tiffRepresentation {
 641 |                                         signals.append(self.sendMedia(nil, data, to:peerId, threadId: threadId))

/Users/buddhirajgautam/Documents/Cherrygram-Mac/macOS-Swift/TelegramShare/SESelectController.swift:557:13: warning: initialization of variable 'needWaitAsync' was never used; consider replacing with assignment to '_' or removing it [#NoUsage]
 555 |         var signals:[Signal<Float, NoError>] = []
 556 |                 
 557 |         var needWaitAsync = false
     |             `- warning: initialization of variable 'needWaitAsync' was never used; consider replacing with assignment to '_' or removing it [#NoUsage]
 558 |         var k:Int = 0
 559 |         let total = shareContext.inputItems.reduce(0) { (current, item) -> Int in

[#DeprecatedDeclaration]: <https://docs.swift.org/compiler/documentation/diagnostics/deprecated-declaration>
[#NoUsage]: <https://docs.swift.org/compiler/documentation/diagnostics/no-usage>
[#VariableNeverMutated]: <https://docs.swift.org/compiler/documentation/diagnostics/variable-never-mutated>

SwiftCompile normal arm64 /Users/buddhirajgautam/Documents/Cherrygram-Mac/macOS-Swift/TelegramShare/SEUIInputView.swift (in target 'TelegramShare' from project 'Telegram')
    cd /Users/buddhirajgautam/Documents/Cherrygram-Mac/macOS-Swift
    builtin-SwiftPerFileCompile SEUIInputView.swift

SwiftCompile normal arm64 /Users/buddhirajgautam/Documents/Cherrygram-Mac/macOS-Swift/Telegram-Mac/InterfaceObserver.swift (in target 'TelegramShare' from project 'Telegram')
    cd /Users/buddhirajgautam/Documents/Cherrygram-Mac/macOS-Swift
    builtin-SwiftPerFileCompile InterfaceObserver.swift

SwiftCompile normal arm64 /Users/buddhirajgautam/Documents/Cherrygram-Mac/macOS-Swift/TelegramShare/ShareViewController.swift (in target 'TelegramShare' from project 'Telegram')
    cd /Users/buddhirajgautam/Documents/Cherrygram-Mac/macOS-Swift
    builtin-SwiftPerFileCompile ShareViewController.swift

SwiftCompile normal arm64 /Users/buddhirajgautam/Documents/Cherrygram-Mac/macOS-Swift/TelegramShare/SEUnauthorizedViewController.swift (in target 'TelegramShare' from project 'Telegram')
    cd /Users/buddhirajgautam/Documents/Cherrygram-Mac/macOS-Swift
    builtin-SwiftPerFileCompile SEUnauthorizedViewController.swift

SwiftCompile normal arm64 /Users/buddhirajgautam/Documents/Cherrygram-Mac/macOS-Swift/TelegramShare/SESelectController.swift (in target 'TelegramShare' from project 'Telegram')
    cd /Users/buddhirajgautam/Documents/Cherrygram-Mac/macOS-Swift
    builtin-SwiftPerFileCompile SESelectController.swift

SwiftCompile normal arm64 /Users/buddhirajgautam/Library/Developer/Xcode/DerivedData/Telegram-Mac-fygdgghdgmuleoelvxabfmqiotta/Build/Intermediates.noindex/Telegram.build/Debug/TelegramShare.build/DerivedSources/GeneratedAssetSymbols.swift (in target 'TelegramShare' from project 'Telegram')
    cd /Users/buddhirajgautam/Documents/Cherrygram-Mac/macOS-Swift
    builtin-SwiftPerFileCompile GeneratedAssetSymbols.swift

SwiftCompile normal arm64 Compiling\ GlobalBadgeNode.swift,\ AccountContext.swift,\ SE_TopicRowItem.swift,\ SharedAccountContext.swift,\ Wallpapers.swift,\ PeerUtils.swift /Users/buddhirajgautam/Documents/Cherrygram-Mac/macOS-Swift/Telegram-Mac/GlobalBadgeNode.swift /Users/buddhirajgautam/Documents/Cherrygram-Mac/macOS-Swift/Telegram-Mac/AccountContext.swift /Users/buddhirajgautam/Documents/Cherrygram-Mac/macOS-Swift/TelegramShare/SE_TopicRowItem.swift /Users/buddhirajgautam/Documents/Cherrygram-Mac/macOS-Swift/Telegram-Mac/SharedAccountContext.swift /Users/buddhirajgautam/Documents/Cherrygram-Mac/macOS-Swift/Telegram-Mac/Wallpapers.swift /Users/buddhirajgautam/Documents/Cherrygram-Mac/macOS-Swift/Telegram-Mac/PeerUtils.swift (in target 'TelegramShare' from project 'Telegram')
/Users/buddhirajgautam/Documents/Cherrygram-Mac/macOS-Swift/Telegram-Mac/SharedAccountContext.swift:156:21: warning: 'image' was deprecated in macOS 10.14: Use the receiver's button.image instead [#DeprecatedDeclaration]
154 |             icon.isTemplate = true
155 |         }
156 |         statusItem?.image = icon
    |                     `- warning: 'image' was deprecated in macOS 10.14: Use the receiver's button.image instead [#DeprecatedDeclaration]
157 |     }
158 |     

/Users/buddhirajgautam/Library/Developer/Xcode/DerivedData/Telegram-Mac-fygdgghdgmuleoelvxabfmqiotta/Build/Intermediates.noindex/Telegram.build/Debug/TelegramShare.build/DerivedSources/GeneratedAssetSymbols.swift:1852:14: warning: The "Icon_Profile_Call" image asset name resolves to the symbol "iconProfileCall" which already exists. Try renaming the asset.
1850 |     static let iconProfileBoost = ImageResource(name: "Icon_Profile_Boost", bundle: resourceBundle)
1851 | 
1852 |     #warning("The \"Icon_Profile_Call\" image asset name resolves to the symbol \"iconProfileCall\" which already exists. Try renaming the asset.")
     |              `- warning: The "Icon_Profile_Call" image asset name resolves to the symbol "iconProfileCall" which already exists. Try renaming the asset.
1853 | 
1854 |     /// The "Icon_Profile_ChannelSign" asset catalog image resource.

/Users/buddhirajgautam/Library/Developer/Xcode/DerivedData/Telegram-Mac-fygdgghdgmuleoelvxabfmqiotta/Build/Intermediates.noindex/Telegram.build/Debug/TelegramShare.build/DerivedSources/GeneratedAssetSymbols.swift:2454:14: warning: The "Icon_Story_Repost" image asset name resolves to the symbol "iconStoryRepost" which already exists. Try renaming the asset.
2452 |     static let iconStoryInlineReactionShadow = ImageResource(name: "Icon_Story_InlineReaction_Shadow", bundle: resourceBundle)
2453 | 
2454 |     #warning("The \"Icon_Story_Repost\" image asset name resolves to the symbol \"iconStoryRepost\" which already exists. Try renaming the asset.")
     |              `- warning: The "Icon_Story_Repost" image asset name resolves to the symbol "iconStoryRepost" which already exists. Try renaming the asset.
2455 | 
2456 |     /// The "Icon_Story_Selected_Contacts" asset catalog image resource.

[#DeprecatedDeclaration]: <https://docs.swift.org/compiler/documentation/diagnostics/deprecated-declaration>

SwiftCompile normal arm64 /Users/buddhirajgautam/Documents/Cherrygram-Mac/macOS-Swift/Telegram-Mac/GlobalBadgeNode.swift (in target 'TelegramShare' from project 'Telegram')
    cd /Users/buddhirajgautam/Documents/Cherrygram-Mac/macOS-Swift
    builtin-SwiftPerFileCompile GlobalBadgeNode.swift

SwiftCompile normal arm64 /Users/buddhirajgautam/Documents/Cherrygram-Mac/macOS-Swift/Telegram-Mac/AccountContext.swift (in target 'TelegramShare' from project 'Telegram')
    cd /Users/buddhirajgautam/Documents/Cherrygram-Mac/macOS-Swift
    builtin-SwiftPerFileCompile AccountContext.swift

SwiftCompile normal arm64 /Users/buddhirajgautam/Documents/Cherrygram-Mac/macOS-Swift/TelegramShare/SE_TopicRowItem.swift (in target 'TelegramShare' from project 'Telegram')
    cd /Users/buddhirajgautam/Documents/Cherrygram-Mac/macOS-Swift
    builtin-SwiftPerFileCompile SE_TopicRowItem.swift

SwiftCompile normal arm64 /Users/buddhirajgautam/Documents/Cherrygram-Mac/macOS-Swift/Telegram-Mac/SharedAccountContext.swift (in target 'TelegramShare' from project 'Telegram')
    cd /Users/buddhirajgautam/Documents/Cherrygram-Mac/macOS-Swift
    builtin-SwiftPerFileCompile SharedAccountContext.swift

SwiftCompile normal arm64 /Users/buddhirajgautam/Documents/Cherrygram-Mac/macOS-Swift/Telegram-Mac/Wallpapers.swift (in target 'TelegramShare' from project 'Telegram')
    cd /Users/buddhirajgautam/Documents/Cherrygram-Mac/macOS-Swift
    builtin-SwiftPerFileCompile Wallpapers.swift

SwiftCompile normal arm64 /Users/buddhirajgautam/Documents/Cherrygram-Mac/macOS-Swift/Telegram-Mac/PeerUtils.swift (in target 'TelegramShare' from project 'Telegram')
    cd /Users/buddhirajgautam/Documents/Cherrygram-Mac/macOS-Swift
    builtin-SwiftPerFileCompile PeerUtils.swift

PrecompileModule /Users/buddhirajgautam/Library/Developer/Xcode/DerivedData/Telegram-Mac-fygdgghdgmuleoelvxabfmqiotta/Build/Intermediates.noindex/ExplicitPrecompiledModules/asl-DK8LGFWE4LBJJ8D4K5UYG3JZG.scan
    cd /
    builtin-precompileModule /Users/buddhirajgautam/Library/Developer/Xcode/DerivedData/Telegram-Mac-fygdgghdgmuleoelvxabfmqiotta/Build/Intermediates.noindex/ExplicitPrecompiledModules/asl-DK8LGFWE4LBJJ8D4K5UYG3JZG.scan

PrecompileModule /Users/buddhirajgautam/Library/Developer/Xcode/DerivedData/Telegram-Mac-fygdgghdgmuleoelvxabfmqiotta/Build/Intermediates.noindex/ExplicitPrecompiledModules/_Builtin_stdatomic-E0T95CUYCRLYXI6WNNUBMJAU0.scan
    cd /
    builtin-precompileModule /Users/buddhirajgautam/Library/Developer/Xcode/DerivedData/Telegram-Mac-fygdgghdgmuleoelvxabfmqiotta/Build/Intermediates.noindex/ExplicitPrecompiledModules/_Builtin_stdatomic-E0T95CUYCRLYXI6WNNUBMJAU0.scan

PrecompileModule /Users/buddhirajgautam/Library/Developer/Xcode/DerivedData/Telegram-Mac-fygdgghdgmuleoelvxabfmqiotta/Build/Intermediates.noindex/ExplicitPrecompiledModules/CommonCrypto-6IF0TMAMV00ZX15AO6PBYGTEK.scan
    cd /
    builtin-precompileModule /Users/buddhirajgautam/Library/Developer/Xcode/DerivedData/Telegram-Mac-fygdgghdgmuleoelvxabfmqiotta/Build/Intermediates.noindex/ExplicitPrecompiledModules/CommonCrypto-6IF0TMAMV00ZX15AO6PBYGTEK.scan

PrecompileModule /Users/buddhirajgautam/Library/Developer/Xcode/DerivedData/Telegram-Mac-fygdgghdgmuleoelvxabfmqiotta/Build/Intermediates.noindex/ExplicitPrecompiledModules/_Builtin_inttypes-E14T3DYVEHBSRROWIMUDVYTBM.scan
    cd /
    builtin-precompileModule /Users/buddhirajgautam/Library/Developer/Xcode/DerivedData/Telegram-Mac-fygdgghdgmuleoelvxabfmqiotta/Build/Intermediates.noindex/ExplicitPrecompiledModules/_Builtin_inttypes-E14T3DYVEHBSRROWIMUDVYTBM.scan

SwiftCompile normal arm64 Compiling\ ControllerExtension.swift,\ SyncCoreExtension.swift,\ ThumbUtils.swift,\ Appearance.swift,\ SearchEmptyRowItem.swift,\ MimeTypes.swift /Users/buddhirajgautam/Documents/Cherrygram-Mac/macOS-Swift/Telegram-Mac/ControllerExtension.swift /Users/buddhirajgautam/Documents/Cherrygram-Mac/macOS-Swift/Telegram-Mac/SyncCoreExtension.swift /Users/buddhirajgautam/Documents/Cherrygram-Mac/macOS-Swift/Telegram-Mac/ThumbUtils.swift /Users/buddhirajgautam/Documents/Cherrygram-Mac/macOS-Swift/Telegram-Mac/Appearance.swift /Users/buddhirajgautam/Documents/Cherrygram-Mac/macOS-Swift/Telegram-Mac/SearchEmptyRowItem.swift /Users/buddhirajgautam/Documents/Cherrygram-Mac/macOS-Swift/Telegram-Mac/MimeTypes.swift (in target 'TelegramShare' from project 'Telegram')
/Users/buddhirajgautam/Documents/Cherrygram-Mac/macOS-Swift/Telegram-Mac/SyncCoreExtension.swift:65:16: warning: value 'peer' was defined but never used; consider replacing with boolean test [#NoUsage]
 63 |             return false
 64 |         }
 65 |         if let peer = self as? TelegramGroup {
    |                `- warning: value 'peer' was defined but never used; consider replacing with boolean test [#NoUsage]
 66 |             return true
 67 |         }

/Users/buddhirajgautam/Library/Developer/Xcode/DerivedData/Telegram-Mac-fygdgghdgmuleoelvxabfmqiotta/Build/Intermediates.noindex/Telegram.build/Debug/TelegramShare.build/DerivedSources/GeneratedAssetSymbols.swift:1852:14: warning: The "Icon_Profile_Call" image asset name resolves to the symbol "iconProfileCall" which already exists. Try renaming the asset.
1850 |     static let iconProfileBoost = ImageResource(name: "Icon_Profile_Boost", bundle: resourceBundle)
1851 | 
1852 |     #warning("The \"Icon_Profile_Call\" image asset name resolves to the symbol \"iconProfileCall\" which already exists. Try renaming the asset.")
     |              `- warning: The "Icon_Profile_Call" image asset name resolves to the symbol "iconProfileCall" which already exists. Try renaming the asset.
1853 | 
1854 |     /// The "Icon_Profile_ChannelSign" asset catalog image resource.

/Users/buddhirajgautam/Library/Developer/Xcode/DerivedData/Telegram-Mac-fygdgghdgmuleoelvxabfmqiotta/Build/Intermediates.noindex/Telegram.build/Debug/TelegramShare.build/DerivedSources/GeneratedAssetSymbols.swift:2454:14: warning: The "Icon_Story_Repost" image asset name resolves to the symbol "iconStoryRepost" which already exists. Try renaming the asset.
2452 |     static let iconStoryInlineReactionShadow = ImageResource(name: "Icon_Story_InlineReaction_Shadow", bundle: resourceBundle)
2453 | 
2454 |     #warning("The \"Icon_Story_Repost\" image asset name resolves to the symbol \"iconStoryRepost\" which already exists. Try renaming the asset.")
     |              `- warning: The "Icon_Story_Repost" image asset name resolves to the symbol "iconStoryRepost" which already exists. Try renaming the asset.
2455 | 
2456 |     /// The "Icon_Story_Selected_Contacts" asset catalog image resource.

/Users/buddhirajgautam/Documents/Cherrygram-Mac/macOS-Swift/Telegram-Mac/Appearance.swift:434:9: warning: variable 'offset' was never mutated; consider changing to 'let' constant [#VariableNeverMutated]
 432 | func chatReplyLineDashTemplateImage(_ colors: PeerNameColors.Colors, flipped: Bool) -> CGImage? {
 433 |     let radius: CGFloat = 3.0
 434 |     var offset: CGFloat = 5.0
     |         `- warning: variable 'offset' was never mutated; consider changing to 'let' constant [#VariableNeverMutated]
 435 |         
 436 | 

/Users/buddhirajgautam/Documents/Cherrygram-Mac/macOS-Swift/Telegram-Mac/Appearance.swift:2086:23: warning: 'usingColorSpaceName' was deprecated in macOS 10.14: Use -colorUsingType: or -colorUsingColorSpace: instead [#DeprecatedDeclaration]
2084 |     var brightness: CGFloat = 0.0
2085 |     var alpha: CGFloat = 0.0
2086 |     let color = color.usingColorSpaceName(NSColorSpaceName.deviceRGB)!
     |                       `- warning: 'usingColorSpaceName' was deprecated in macOS 10.14: Use -colorUsingType: or -colorUsingColorSpace: instead [#DeprecatedDeclaration]
2087 |     color.getHue(&hue, saturation: &saturation, brightness: &brightness, alpha: &alpha)
2088 |     saturation = min(1.0, saturation + 0.1 + 0.1 * (1.0 - saturation))

/Users/buddhirajgautam/Documents/Cherrygram-Mac/macOS-Swift/Telegram-Mac/MimeTypes.swift:68:30: warning: 'UTTypeCreatePreferredIdentifierForTag' was deprecated in macOS 12.0: Use the UTType class instead. [#DeprecatedDeclaration]
66 |         } else {
67 |             if !fileExtension.isEmpty {
68 |                 let UTIRef = UTTypeCreatePreferredIdentifierForTag(kUTTagClassFilenameExtension, fileExtension as CFString, nil)
   |                              `- warning: 'UTTypeCreatePreferredIdentifierForTag' was deprecated in macOS 12.0: Use the UTType class instead. [#DeprecatedDeclaration]
69 |                 let UTI = UTIRef?.takeRetainedValue()
70 |                 if let UTI = UTI {

/Users/buddhirajgautam/Documents/Cherrygram-Mac/macOS-Swift/Telegram-Mac/MimeTypes.swift:68:68: warning: 'kUTTagClassFilenameExtension' was deprecated in macOS 12.0: Use UTTagClassFilenameExtension instead. [#DeprecatedDeclaration]
66 |         } else {
67 |             if !fileExtension.isEmpty {
68 |                 let UTIRef = UTTypeCreatePreferredIdentifierForTag(kUTTagClassFilenameExtension, fileExtension as CFString, nil)
   |                                                                    `- warning: 'kUTTagClassFilenameExtension' was deprecated in macOS 12.0: Use UTTagClassFilenameExtension instead. [#DeprecatedDeclaration]
69 |                 let UTI = UTIRef?.takeRetainedValue()
70 |                 if let UTI = UTI {

/Users/buddhirajgautam/Documents/Cherrygram-Mac/macOS-Swift/Telegram-Mac/MimeTypes.swift:71:39: warning: 'UTTypeCopyPreferredTagWithClass' was deprecated in macOS 12.0: Use the UTType class instead. [#DeprecatedDeclaration]
69 |                 let UTI = UTIRef?.takeRetainedValue()
70 |                 if let UTI = UTI {
71 |                     let MIMETypeRef = UTTypeCopyPreferredTagWithClass(UTI, kUTTagClassMIMEType)
   |                                       `- warning: 'UTTypeCopyPreferredTagWithClass' was deprecated in macOS 12.0: Use the UTType class instead. [#DeprecatedDeclaration]
72 |                     if MIMETypeRef != nil
73 |                     {

/Users/buddhirajgautam/Documents/Cherrygram-Mac/macOS-Swift/Telegram-Mac/MimeTypes.swift:71:76: warning: 'kUTTagClassMIMEType' was deprecated in macOS 12.0: Use UTTagClassMIMEType instead. [#DeprecatedDeclaration]
69 |                 let UTI = UTIRef?.takeRetainedValue()
70 |                 if let UTI = UTI {
71 |                     let MIMETypeRef = UTTypeCopyPreferredTagWithClass(UTI, kUTTagClassMIMEType)
   |                                                                            `- warning: 'kUTTagClassMIMEType' was deprecated in macOS 12.0: Use UTTagClassMIMEType instead. [#DeprecatedDeclaration]
72 |                     if MIMETypeRef != nil
73 |                     {

[#DeprecatedDeclaration]: <https://docs.swift.org/compiler/documentation/diagnostics/deprecated-declaration>
[#NoUsage]: <https://docs.swift.org/compiler/documentation/diagnostics/no-usage>
[#VariableNeverMutated]: <https://docs.swift.org/compiler/documentation/diagnostics/variable-never-mutated>

SwiftCompile normal arm64 /Users/buddhirajgautam/Documents/Cherrygram-Mac/macOS-Swift/Telegram-Mac/ControllerExtension.swift (in target 'TelegramShare' from project 'Telegram')
    cd /Users/buddhirajgautam/Documents/Cherrygram-Mac/macOS-Swift
    builtin-SwiftPerFileCompile ControllerExtension.swift

SwiftCompile normal arm64 /Users/buddhirajgautam/Documents/Cherrygram-Mac/macOS-Swift/Telegram-Mac/SyncCoreExtension.swift (in target 'TelegramShare' from project 'Telegram')
    cd /Users/buddhirajgautam/Documents/Cherrygram-Mac/macOS-Swift
    builtin-SwiftPerFileCompile SyncCoreExtension.swift

SwiftCompile normal arm64 /Users/buddhirajgautam/Documents/Cherrygram-Mac/macOS-Swift/Telegram-Mac/ThumbUtils.swift (in target 'TelegramShare' from project 'Telegram')
    cd /Users/buddhirajgautam/Documents/Cherrygram-Mac/macOS-Swift
    builtin-SwiftPerFileCompile ThumbUtils.swift

SwiftCompile normal arm64 /Users/buddhirajgautam/Documents/Cherrygram-Mac/macOS-Swift/Telegram-Mac/Appearance.swift (in target 'TelegramShare' from project 'Telegram')
    cd /Users/buddhirajgautam/Documents/Cherrygram-Mac/macOS-Swift
    builtin-SwiftPerFileCompile Appearance.swift

SwiftCompile normal arm64 /Users/buddhirajgautam/Documents/Cherrygram-Mac/macOS-Swift/Telegram-Mac/SearchEmptyRowItem.swift (in target 'TelegramShare' from project 'Telegram')
    cd /Users/buddhirajgautam/Documents/Cherrygram-Mac/macOS-Swift
    builtin-SwiftPerFileCompile SearchEmptyRowItem.swift

SwiftCompile normal arm64 /Users/buddhirajgautam/Documents/Cherrygram-Mac/macOS-Swift/Telegram-Mac/MimeTypes.swift (in target 'TelegramShare' from project 'Telegram')
    cd /Users/buddhirajgautam/Documents/Cherrygram-Mac/macOS-Swift
    builtin-SwiftPerFileCompile MimeTypes.swift

SwiftCompile normal arm64 Compiling\ SEPasslockController.swift,\ ImageUtils.swift,\ ChatListNothingItem.swift,\ AvatarLayer.swift,\ GeneralRowItem.swift,\ GeneralRowView.swift /Users/buddhirajgautam/Documents/Cherrygram-Mac/macOS-Swift/TelegramShare/SEPasslockController.swift /Users/buddhirajgautam/Documents/Cherrygram-Mac/macOS-Swift/Telegram-Mac/ImageUtils.swift /Users/buddhirajgautam/Documents/Cherrygram-Mac/macOS-Swift/Telegram-Mac/ChatListNothingItem.swift /Users/buddhirajgautam/Documents/Cherrygram-Mac/macOS-Swift/Telegram-Mac/AvatarLayer.swift /Users/buddhirajgautam/Documents/Cherrygram-Mac/macOS-Swift/Telegram-Mac/GeneralRowItem.swift /Users/buddhirajgautam/Documents/Cherrygram-Mac/macOS-Swift/Telegram-Mac/GeneralRowView.swift (in target 'TelegramShare' from project 'Telegram')
/Users/buddhirajgautam/Documents/Cherrygram-Mac/macOS-Swift/Telegram-Mac/ImageUtils.swift:356:42: warning: immutable value 'peerNameColor' was never used; consider replacing with '_' or removing it [#NoUsage]
354 |    
355 |     switch photo {
356 |     case let .peer(peer, representation, peerNameColor, displayLetters, message, cornerRadius):
    |                                          `- warning: immutable value 'peerNameColor' was never used; consider replacing with '_' or removing it [#NoUsage]
357 |         return peerImage(account: account, peer: peer, displayDimensions: displayDimensions, representation: representation, message: message, displayLetters: displayLetters, font: font, scale: scale, genCap: genCap, synchronousLoad: synchronousLoad, disableForum: disableForum, cornerRadius: cornerRadius)
358 |     case let .topic(info, isGeneral):

/Users/buddhirajgautam/Documents/Cherrygram-Mac/macOS-Swift/Telegram-Mac/GeneralRowItem.swift:190:36: warning: immutable value 'insets' was never used; consider replacing with '_' or removing it [#NoUsage]
188 |         case .legacy:
189 |             return []
190 |         case let .modern(position, insets):
    |                                    `- warning: immutable value 'insets' was never used; consider replacing with '_' or removing it [#NoUsage]
191 |             return isPlainMode ? [] : position.corners
192 |         }

[#NoUsage]: <https://docs.swift.org/compiler/documentation/diagnostics/no-usage>

SwiftCompile normal arm64 /Users/buddhirajgautam/Documents/Cherrygram-Mac/macOS-Swift/TelegramShare/SEPasslockController.swift (in target 'TelegramShare' from project 'Telegram')
    cd /Users/buddhirajgautam/Documents/Cherrygram-Mac/macOS-Swift
    builtin-SwiftPerFileCompile SEPasslockController.swift

SwiftCompile normal arm64 /Users/buddhirajgautam/Documents/Cherrygram-Mac/macOS-Swift/Telegram-Mac/ImageUtils.swift (in target 'TelegramShare' from project 'Telegram')
    cd /Users/buddhirajgautam/Documents/Cherrygram-Mac/macOS-Swift
    builtin-SwiftPerFileCompile ImageUtils.swift

SwiftCompile normal arm64 /Users/buddhirajgautam/Documents/Cherrygram-Mac/macOS-Swift/Telegram-Mac/ChatListNothingItem.swift (in target 'TelegramShare' from project 'Telegram')
    cd /Users/buddhirajgautam/Documents/Cherrygram-Mac/macOS-Swift
    builtin-SwiftPerFileCompile ChatListNothingItem.swift

SwiftCompile normal arm64 /Users/buddhirajgautam/Documents/Cherrygram-Mac/macOS-Swift/Telegram-Mac/AvatarLayer.swift (in target 'TelegramShare' from project 'Telegram')
    cd /Users/buddhirajgautam/Documents/Cherrygram-Mac/macOS-Swift
    builtin-SwiftPerFileCompile AvatarLayer.swift

SwiftCompile normal arm64 /Users/buddhirajgautam/Documents/Cherrygram-Mac/macOS-Swift/Telegram-Mac/GeneralRowItem.swift (in target 'TelegramShare' from project 'Telegram')
    cd /Users/buddhirajgautam/Documents/Cherrygram-Mac/macOS-Swift
    builtin-SwiftPerFileCompile GeneralRowItem.swift

SwiftCompile normal arm64 /Users/buddhirajgautam/Documents/Cherrygram-Mac/macOS-Swift/Telegram-Mac/GeneralRowView.swift (in target 'TelegramShare' from project 'Telegram')
    cd /Users/buddhirajgautam/Documents/Cherrygram-Mac/macOS-Swift
    builtin-SwiftPerFileCompile GeneralRowView.swift

SwiftCompile normal arm64 Compiling\ ChatPresentationInputQueryResult.swift,\ SELottiePlayer.swift,\ ImageCompression.swift,\ SlotMachineValue.swift,\ ParseAppearanceColors.swift,\ ChatMessageBubbleImages.swift /Users/buddhirajgautam/Documents/Cherrygram-Mac/macOS-Swift/Telegram-Mac/ChatPresentationInputQueryResult.swift /Users/buddhirajgautam/Documents/Cherrygram-Mac/macOS-Swift/TelegramShare/SELottiePlayer.swift /Users/buddhirajgautam/Documents/Cherrygram-Mac/macOS-Swift/Telegram-Mac/ImageCompression.swift /Users/buddhirajgautam/Documents/Cherrygram-Mac/macOS-Swift/Telegram-Mac/SlotMachineValue.swift /Users/buddhirajgautam/Documents/Cherrygram-Mac/macOS-Swift/Telegram-Mac/ParseAppearanceColors.swift /Users/buddhirajgautam/Documents/Cherrygram-Mac/macOS-Swift/Telegram-Mac/ChatMessageBubbleImages.swift (in target 'TelegramShare' from project 'Telegram')
/Users/buddhirajgautam/Documents/Cherrygram-Mac/macOS-Swift/Telegram-Mac/ImageCompression.swift:37:16: warning: 'withUnsafeMutableBytes' is deprecated: use `withUnsafeMutableBytes<R>(_: (UnsafeMutableRawBufferPointer) throws -> R) rethrows -> R` instead [#DeprecatedDeclaration]
35 |     resultData.append(data.subdata(in: 3 ..< data.count))
36 |     resultData.append(tinyThumbnailFooterPattern)
37 |     resultData.withUnsafeMutableBytes({ (resultBytes: UnsafeMutablePointer<UInt8>) -> Void in
   |                `- warning: 'withUnsafeMutableBytes' is deprecated: use `withUnsafeMutableBytes<R>(_: (UnsafeMutableRawBufferPointer) throws -> R) rethrows -> R` instead [#DeprecatedDeclaration]
38 |         resultBytes[164] = width
39 |         resultBytes[166] = height

/Users/buddhirajgautam/Documents/Cherrygram-Mac/macOS-Swift/Telegram-Mac/ParseAppearanceColors.swift:361:13: warning: variable 'accentList' was never mutated; consider changing to 'let' constant [#VariableNeverMutated]
359 |         var wallpaper: PaletteWallpaper?
360 |         var parent: TelegramBuiltinTheme = .dayClassic
361 |         var accentList:[PaletteAccentColor] = []
    |             `- warning: variable 'accentList' was never mutated; consider changing to 'let' constant [#VariableNeverMutated]
362 |         var colors:[String: NSColor] = [:]
363 |         var bubbleBackground_outgoing:[NSColor] = []

[#DeprecatedDeclaration]: <https://docs.swift.org/compiler/documentation/diagnostics/deprecated-declaration>
[#VariableNeverMutated]: <https://docs.swift.org/compiler/documentation/diagnostics/variable-never-mutated>

SwiftCompile normal arm64 /Users/buddhirajgautam/Documents/Cherrygram-Mac/macOS-Swift/Telegram-Mac/ChatPresentationInputQueryResult.swift (in target 'TelegramShare' from project 'Telegram')
    cd /Users/buddhirajgautam/Documents/Cherrygram-Mac/macOS-Swift
    builtin-SwiftPerFileCompile ChatPresentationInputQueryResult.swift

SwiftCompile normal arm64 /Users/buddhirajgautam/Documents/Cherrygram-Mac/macOS-Swift/TelegramShare/SELottiePlayer.swift (in target 'TelegramShare' from project 'Telegram')
    cd /Users/buddhirajgautam/Documents/Cherrygram-Mac/macOS-Swift
    builtin-SwiftPerFileCompile SELottiePlayer.swift

SwiftCompile normal arm64 /Users/buddhirajgautam/Documents/Cherrygram-Mac/macOS-Swift/Telegram-Mac/ImageCompression.swift (in target 'TelegramShare' from project 'Telegram')
    cd /Users/buddhirajgautam/Documents/Cherrygram-Mac/macOS-Swift
    builtin-SwiftPerFileCompile ImageCompression.swift

SwiftCompile normal arm64 /Users/buddhirajgautam/Documents/Cherrygram-Mac/macOS-Swift/Telegram-Mac/SlotMachineValue.swift (in target 'TelegramShare' from project 'Telegram')
    cd /Users/buddhirajgautam/Documents/Cherrygram-Mac/macOS-Swift
    builtin-SwiftPerFileCompile SlotMachineValue.swift

SwiftCompile normal arm64 /Users/buddhirajgautam/Documents/Cherrygram-Mac/macOS-Swift/Telegram-Mac/ParseAppearanceColors.swift (in target 'TelegramShare' from project 'Telegram')
    cd /Users/buddhirajgautam/Documents/Cherrygram-Mac/macOS-Swift
    builtin-SwiftPerFileCompile ParseAppearanceColors.swift

SwiftCompile normal arm64 /Users/buddhirajgautam/Documents/Cherrygram-Mac/macOS-Swift/Telegram-Mac/ChatMessageBubbleImages.swift (in target 'TelegramShare' from project 'Telegram')
    cd /Users/buddhirajgautam/Documents/Cherrygram-Mac/macOS-Swift
    builtin-SwiftPerFileCompile ChatMessageBubbleImages.swift

PrecompileModule /Users/buddhirajgautam/Library/Developer/Xcode/DerivedData/Telegram-Mac-fygdgghdgmuleoelvxabfmqiotta/Build/Intermediates.noindex/ExplicitPrecompiledModules/Darwin-A79XNI7RE2K2UNRYIPHWBZ0R2.scan
    cd /
    builtin-precompileModule /Users/buddhirajgautam/Library/Developer/Xcode/DerivedData/Telegram-Mac-fygdgghdgmuleoelvxabfmqiotta/Build/Intermediates.noindex/ExplicitPrecompiledModules/Darwin-A79XNI7RE2K2UNRYIPHWBZ0R2.scan

CompileC /Users/buddhirajgautam/Library/Developer/Xcode/DerivedData/Telegram-Mac-fygdgghdgmuleoelvxabfmqiotta/Build/Intermediates.noindex/Sparkle.build/Debug/Sparkle.build/Objects-normal/arm64/bspatch.o /Users/buddhirajgautam/Documents/Cherrygram-Mac/macOS-Swift/submodules/Sparkle/Vendor/bsdiff/bspatch.c normal arm64 c com.apple.compilers.llvm.clang.1_0.compiler (in target 'Sparkle' from project 'Sparkle')
    cd /Users/buddhirajgautam/Documents/Cherrygram-Mac/macOS-Swift/submodules/Sparkle
    
    Using response file: /Users/buddhirajgautam/Library/Developer/Xcode/DerivedData/Telegram-Mac-fygdgghdgmuleoelvxabfmqiotta/Build/Intermediates.noindex/Sparkle.build/Debug/Sparkle.build/Objects-normal/arm64/7187679823f38a2a940e0043cdf9d637-common-args.resp
    
    /Applications/Xcode.app/Contents/Developer/Toolchains/XcodeDefault.xctoolchain/usr/bin/clang -x c -ivfsstatcache /Users/buddhirajgautam/Library/Developer/Xcode/DerivedData/SDKStatCaches.noindex/macosx27.0-26A425-e829b21a6f8c9b70876ba0858053c0447231f6df4def33e022ae2eb8f782df1a.sdkstatcache -target arm64-apple-macos12.0 -fmessage-length\=0 -fdiagnostics-show-note-include-stack -fmacro-backtrace-limit\=0 -fno-color-diagnostics -fmodules-prune-interval\=86400 -fmodules-prune-after\=345600 -fbuild-session-file\=/Users/buddhirajgautam/Library/Developer/Xcode/DerivedData/ModuleCache.noindex/Session.modulevalidation -fmodules-validate-once-per-build-session -Wnon-modular-include-in-framework-module -Werror\=non-modular-include-in-framework-module -Wno-trigraphs -Werror\=incompatible-pointer-types -Werror\=implicit-function-declaration -Wmissing-field-initializers -Wmissing-prototypes -Wdocumentation -Wunreachable-code -Wmissing-braces -Wparentheses -Wswitch -Wunused-function -Wunused-label -Wunused-parameter -Wunused-variable -Wunused-value -Wempty-body -Wuninitialized -Wunknown-pragmas -Wshadow -Wfour-char-constants -Wconversion -Wconstant-conversion -Wint-conversion -Wbool-conversion -Wenum-conversion -Wfloat-conversion -Wnon-literal-null-conversion -Wobjc-literal-conversion -Wassign-enum -Wsign-compare -Wshorten-64-to-32 -Wpointer-sign -Wnewline-eof -Wno-implicit-fallthrough -isysroot /Applications/Xcode.app/Contents/Developer/Platforms/MacOSX.platform/Developer/SDKs/MacOSX27.0.sdk -fstrict-aliasing -Wdeprecated-declarations -Wsign-conversion -Winfinite-recursion -Wcomma -Wblock-capture-autoreleasing -Wstrict-prototypes -Wno-semicolon-before-method-body -index-store-path /Users/buddhirajgautam/Library/Developer/Xcode/DerivedData/Telegram-Mac-fygdgghdgmuleoelvxabfmqiotta/Index.noindex/DataStore -Wall -Weverything -Wno-unused-macros -Wno-gnu-statement-expression -Wno-arc-repeated-use-of-weak -Wno-auto-import -Wno-gnu-zero-variadic-macro-arguments -Wno-custom-atomic-properties -Wno-implicit-atomic-properties @/Users/buddhirajgautam/Library/Developer/Xcode/DerivedData/Telegram-Mac-fygdgghdgmuleoelvxabfmqiotta/Build/Intermediates.noindex/Sparkle.build/Debug/Sparkle.build/Objects-normal/arm64/7187679823f38a2a940e0043cdf9d637-common-args.resp -MMD -MT dependencies -MF /Users/buddhirajgautam/Library/Developer/Xcode/DerivedData/Telegram-Mac-fygdgghdgmuleoelvxabfmqiotta/Build/Intermediates.noindex/Sparkle.build/Debug/Sparkle.build/Objects-normal/arm64/bspatch.d --serialize-diagnostics /Users/buddhirajgautam/Library/Developer/Xcode/DerivedData/Telegram-Mac-fygdgghdgmuleoelvxabfmqiotta/Build/Intermediates.noindex/Sparkle.build/Debug/Sparkle.build/Objects-normal/arm64/bspatch.dia -c /Users/buddhirajgautam/Documents/Cherrygram-Mac/macOS-Swift/submodules/Sparkle/Vendor/bsdiff/bspatch.c -o /Users/buddhirajgautam/Library/Developer/Xcode/DerivedData/Telegram-Mac-fygdgghdgmuleoelvxabfmqiotta/Build/Intermediates.noindex/Sparkle.build/Debug/Sparkle.build/Objects-normal/arm64/bspatch.o -index-unit-output-path /Sparkle.build/Debug/Sparkle.build/Objects-normal/arm64/bspatch.o
/Users/buddhirajgautam/Documents/Cherrygram-Mac/macOS-Swift/submodules/Sparkle/Vendor/bsdiff/bspatch.c:138:26: warning: identifier 'new' conflicts with a C++ keyword [-Wc++-keyword]
  138 |     u_char *old = NULL, *new = NULL;
      |                          ^
/Users/buddhirajgautam/Documents/Cherrygram-Mac/macOS-Swift/submodules/Sparkle/Vendor/bsdiff/bspatch.c:259:9: warning: identifier 'new' conflicts with a C++ keyword [-Wc++-keyword]
  259 |     if((new=malloc((size_t)newsize+1))==NULL) {
      |         ^
/Users/buddhirajgautam/Documents/Cherrygram-Mac/macOS-Swift/submodules/Sparkle/Vendor/bsdiff/bspatch.c:259:12: warning: implicit conversion when assigning to 'u_char *' (aka 'unsigned char *') from type 'void *' is not permitted in C++ [-Wimplicit-void-ptr-cast]
  259 |     if((new=malloc((size_t)newsize+1))==NULL) {
      |            ^~~~~~~~~~~~~~~~~~~~~~~~~~
/Users/buddhirajgautam/Documents/Cherrygram-Mac/macOS-Swift/submodules/Sparkle/Vendor/bsdiff/bspatch.c:274:10: warning: empty expression statement has no effect; remove unnecessary ';' to silence this warning [-Wextra-semi-stmt]
  274 |         };
      |          ^
/Users/buddhirajgautam/Documents/Cherrygram-Mac/macOS-Swift/submodules/Sparkle/Vendor/bsdiff/bspatch.c:283:37: warning: identifier 'new' conflicts with a C++ keyword [-Wc++-keyword]
  283 |         lenread = io->read(dstream, new + newpos, ctrl[0]);
      |                                     ^
/Users/buddhirajgautam/Documents/Cherrygram-Mac/macOS-Swift/submodules/Sparkle/Vendor/bsdiff/bspatch.c:292:17: warning: identifier 'new' conflicts with a C++ keyword [-Wc++-keyword]
  292 |                 new[newpos+i]+=old[oldpos+i];
      |                 ^
/Users/buddhirajgautam/Documents/Cherrygram-Mac/macOS-Swift/submodules/Sparkle/Vendor/bsdiff/bspatch.c:305:37: warning: identifier 'new' conflicts with a C++ keyword [-Wc++-keyword]
  305 |         lenread = io->read(estream, new + newpos, ctrl[1]);
      |                                     ^
/Users/buddhirajgautam/Documents/Cherrygram-Mac/macOS-Swift/submodules/Sparkle/Vendor/bsdiff/bspatch.c:314:6: warning: empty expression statement has no effect; remove unnecessary ';' to silence this warning [-Wextra-semi-stmt]
  314 |     };
      |      ^
/Users/buddhirajgautam/Documents/Cherrygram-Mac/macOS-Swift/submodules/Sparkle/Vendor/bsdiff/bspatch.c:352:16: warning: identifier 'new' conflicts with a C++ keyword [-Wc++-keyword]
  352 |     if (fwrite(new, 1, (size_t)newsize, f) < (size_t)newsize) {
      |                ^
/Users/buddhirajgautam/Documents/Cherrygram-Mac/macOS-Swift/submodules/Sparkle/Vendor/bsdiff/bspatch.c:366:10: warning: identifier 'new' conflicts with a C++ keyword [-Wc++-keyword]
  366 |     free(new);
      |          ^
/Users/buddhirajgautam/Documents/Cherrygram-Mac/macOS-Swift/submodules/Sparkle/Vendor/bsdiff/bspatch.c:250:11: warning: mixing declarations and code is incompatible with standards before C99 [-Wdeclaration-after-statement]
  250 |     off_t size = 0;
      |           ^
/Users/buddhirajgautam/Documents/Cherrygram-Mac/macOS-Swift/submodules/Sparkle/Vendor/bsdiff/bspatch.c:248:9: warning: jump from this goto statement to its label is incompatible with C++ [-Wjump-misses-init]
  248 |         goto cleanup;
      |         ^
/Users/buddhirajgautam/Documents/Cherrygram-Mac/macOS-Swift/submodules/Sparkle/Vendor/bsdiff/bspatch.c:250:11: note: jump bypasses variable initialization
  250 |     off_t size = 0;
      |           ^
/Users/buddhirajgautam/Documents/Cherrygram-Mac/macOS-Swift/submodules/Sparkle/Vendor/bsdiff/bspatch.c:243:9: warning: jump from this goto statement to its label is incompatible with C++ [-Wjump-misses-init]
  243 |         goto cleanup;
      |         ^
/Users/buddhirajgautam/Documents/Cherrygram-Mac/macOS-Swift/submodules/Sparkle/Vendor/bsdiff/bspatch.c:250:11: note: jump bypasses variable initialization
  250 |     off_t size = 0;
      |           ^
/Users/buddhirajgautam/Documents/Cherrygram-Mac/macOS-Swift/submodules/Sparkle/Vendor/bsdiff/bspatch.c:238:9: warning: jump from this goto statement to its label is incompatible with C++ [-Wjump-misses-init]
  238 |         goto cleanup;
      |         ^
/Users/buddhirajgautam/Documents/Cherrygram-Mac/macOS-Swift/submodules/Sparkle/Vendor/bsdiff/bspatch.c:250:11: note: jump bypasses variable initialization
  250 |     off_t size = 0;
      |           ^
/Users/buddhirajgautam/Documents/Cherrygram-Mac/macOS-Swift/submodules/Sparkle/Vendor/bsdiff/bspatch.c:234:9: warning: jump from this goto statement to its label is incompatible with C++ [-Wjump-misses-init]
  234 |         goto cleanup;
      |         ^
/Users/buddhirajgautam/Documents/Cherrygram-Mac/macOS-Swift/submodules/Sparkle/Vendor/bsdiff/bspatch.c:250:11: note: jump bypasses variable initialization
  250 |     off_t size = 0;
      |           ^
/Users/buddhirajgautam/Documents/Cherrygram-Mac/macOS-Swift/submodules/Sparkle/Vendor/bsdiff/bspatch.c:229:9: warning: jump from this goto statement to its label is incompatible with C++ [-Wjump-misses-init]
  229 |         goto cleanup;
      |         ^
/Users/buddhirajgautam/Documents/Cherrygram-Mac/macOS-Swift/submodules/Sparkle/Vendor/bsdiff/bspatch.c:250:11: note: jump bypasses variable initialization
  250 |     off_t size = 0;
      |           ^
/Users/buddhirajgautam/Documents/Cherrygram-Mac/macOS-Swift/submodules/Sparkle/Vendor/bsdiff/bspatch.c:224:9: warning: jump from this goto statement to its label is incompatible with C++ [-Wjump-misses-init]
  224 |         goto cleanup;
      |         ^
/Users/buddhirajgautam/Documents/Cherrygram-Mac/macOS-Swift/submodules/Sparkle/Vendor/bsdiff/bspatch.c:250:11: note: jump bypasses variable initialization
  250 |     off_t size = 0;
      |           ^
/Users/buddhirajgautam/Documents/Cherrygram-Mac/macOS-Swift/submodules/Sparkle/Vendor/bsdiff/bspatch.c:220:9: warning: jump from this goto statement to its label is incompatible with C++ [-Wjump-misses-init]
  220 |         goto cleanup;
      |         ^
/Users/buddhirajgautam/Documents/Cherrygram-Mac/macOS-Swift/submodules/Sparkle/Vendor/bsdiff/bspatch.c:250:11: note: jump bypasses variable initialization
  250 |     off_t size = 0;
      |           ^
/Users/buddhirajgautam/Documents/Cherrygram-Mac/macOS-Swift/submodules/Sparkle/Vendor/bsdiff/bspatch.c:215:9: warning: jump from this goto statement to its label is incompatible with C++ [-Wjump-misses-init]
  215 |         goto cleanup;
      |         ^
/Users/buddhirajgautam/Documents/Cherrygram-Mac/macOS-Swift/submodules/Sparkle/Vendor/bsdiff/bspatch.c:250:11: note: jump bypasses variable initialization
  250 |     off_t size = 0;
      |           ^
/Users/buddhirajgautam/Documents/Cherrygram-Mac/macOS-Swift/submodules/Sparkle/Vendor/bsdiff/bspatch.c:210:9: warning: jump from this goto statement to its label is incompatible with C++ [-Wjump-misses-init]
  210 |         goto cleanup;
      |         ^
/Users/buddhirajgautam/Documents/Cherrygram-Mac/macOS-Swift/submodules/Sparkle/Vendor/bsdiff/bspatch.c:250:11: note: jump bypasses variable initialization
  250 |     off_t size = 0;
      |           ^
/Users/buddhirajgautam/Documents/Cherrygram-Mac/macOS-Swift/submodules/Sparkle/Vendor/bsdiff/bspatch.c:204:9: warning: jump from this goto statement to its label is incompatible with C++ [-Wjump-misses-init]
  204 |         goto cleanup;
      |         ^
/Users/buddhirajgautam/Documents/Cherrygram-Mac/macOS-Swift/submodules/Sparkle/Vendor/bsdiff/bspatch.c:250:11: note: jump bypasses variable initialization
  250 |     off_t size = 0;
      |           ^
/Users/buddhirajgautam/Documents/Cherrygram-Mac/macOS-Swift/submodules/Sparkle/Vendor/bsdiff/bspatch.c:197:9: warning: jump from this goto statement to its label is incompatible with C++ [-Wjump-misses-init]
  197 |         goto cleanup;
      |         ^
/Users/buddhirajgautam/Documents/Cherrygram-Mac/macOS-Swift/submodules/Sparkle/Vendor/bsdiff/bspatch.c:250:11: note: jump bypasses variable initialization
  250 |     off_t size = 0;
      |           ^
/Users/buddhirajgautam/Documents/Cherrygram-Mac/macOS-Swift/submodules/Sparkle/Vendor/bsdiff/bspatch.c:188:9: warning: jump from this goto statement to its label is incompatible with C++ [-Wjump-misses-init]
  188 |         goto cleanup;
      |         ^
/Users/buddhirajgautam/Documents/Cherrygram-Mac/macOS-Swift/submodules/Sparkle/Vendor/bsdiff/bspatch.c:250:11: note: jump bypasses variable initialization
  250 |     off_t size = 0;
      |           ^
/Users/buddhirajgautam/Documents/Cherrygram-Mac/macOS-Swift/submodules/Sparkle/Vendor/bsdiff/bspatch.c:178:9: warning: jump from this goto statement to its label is incompatible with C++ [-Wjump-misses-init]
  178 |         goto cleanup;
      |         ^
/Users/buddhirajgautam/Documents/Cherrygram-Mac/macOS-Swift/submodules/Sparkle/Vendor/bsdiff/bspatch.c:250:11: note: jump bypasses variable initialization
  250 |     off_t size = 0;
      |           ^
/Users/buddhirajgautam/Documents/Cherrygram-Mac/macOS-Swift/submodules/Sparkle/Vendor/bsdiff/bspatch.c:154:9: warning: jump from this goto statement to its label is incompatible with C++ [-Wjump-misses-init]
  154 |         goto cleanup;
      |         ^
/Users/buddhirajgautam/Documents/Cherrygram-Mac/macOS-Swift/submodules/Sparkle/Vendor/bsdiff/bspatch.c:250:11: note: jump bypasses variable initialization
  250 |     off_t size = 0;
      |           ^
/Users/buddhirajgautam/Documents/Cherrygram-Mac/macOS-Swift/submodules/Sparkle/Vendor/bsdiff/bspatch.c:148:9: warning: jump from this goto statement to its label is incompatible with C++ [-Wjump-misses-init]
  148 |         goto cleanup;
      |         ^
/Users/buddhirajgautam/Documents/Cherrygram-Mac/macOS-Swift/submodules/Sparkle/Vendor/bsdiff/bspatch.c:250:11: note: jump bypasses variable initialization
  250 |     off_t size = 0;
      |           ^
26 warnings generated.

PrecompileModule /Users/buddhirajgautam/Library/Developer/Xcode/DerivedData/Telegram-Mac-fygdgghdgmuleoelvxabfmqiotta/Build/Intermediates.noindex/ExplicitPrecompiledModules/launch-9B1WQG2Y8Z9PFHVWSSITAC3QS.scan
    cd /
    builtin-precompileModule /Users/buddhirajgautam/Library/Developer/Xcode/DerivedData/Telegram-Mac-fygdgghdgmuleoelvxabfmqiotta/Build/Intermediates.noindex/ExplicitPrecompiledModules/launch-9B1WQG2Y8Z9PFHVWSSITAC3QS.scan

PrecompileModule /Users/buddhirajgautam/Library/Developer/Xcode/DerivedData/Telegram-Mac-fygdgghdgmuleoelvxabfmqiotta/Build/Intermediates.noindex/ExplicitPrecompiledModules/libkern-4EFM0HFHJ8DT59LCRGZQUR5L3.scan
    cd /
    builtin-precompileModule /Users/buddhirajgautam/Library/Developer/Xcode/DerivedData/Telegram-Mac-fygdgghdgmuleoelvxabfmqiotta/Build/Intermediates.noindex/ExplicitPrecompiledModules/libkern-4EFM0HFHJ8DT59LCRGZQUR5L3.scan

PrecompileModule /Users/buddhirajgautam/Library/Developer/Xcode/DerivedData/Telegram-Mac-fygdgghdgmuleoelvxabfmqiotta/Build/Intermediates.noindex/ExplicitPrecompiledModules/MachO-ERH4WQXB4G8TB35VAT7F8GFTW.scan
    cd /
    builtin-precompileModule /Users/buddhirajgautam/Library/Developer/Xcode/DerivedData/Telegram-Mac-fygdgghdgmuleoelvxabfmqiotta/Build/Intermediates.noindex/ExplicitPrecompiledModules/MachO-ERH4WQXB4G8TB35VAT7F8GFTW.scan

PrecompileModule /Users/buddhirajgautam/Library/Developer/Xcode/DerivedData/Telegram-Mac-fygdgghdgmuleoelvxabfmqiotta/Build/Intermediates.noindex/ExplicitPrecompiledModules/CUPS-MHF388AYLLS1C09UA74S5ABS.scan
    cd /
    builtin-precompileModule /Users/buddhirajgautam/Library/Developer/Xcode/DerivedData/Telegram-Mac-fygdgghdgmuleoelvxabfmqiotta/Build/Intermediates.noindex/ExplicitPrecompiledModules/CUPS-MHF388AYLLS1C09UA74S5ABS.scan

PrecompileModule /Users/buddhirajgautam/Library/Developer/Xcode/DerivedData/Telegram-Mac-fygdgghdgmuleoelvxabfmqiotta/Build/Intermediates.noindex/ExplicitPrecompiledModules/ObjectiveC-4VATICWDD5QAJ9PUTRXCG3DJ6.scan
    cd /
    builtin-precompileModule /Users/buddhirajgautam/Library/Developer/Xcode/DerivedData/Telegram-Mac-fygdgghdgmuleoelvxabfmqiotta/Build/Intermediates.noindex/ExplicitPrecompiledModules/ObjectiveC-4VATICWDD5QAJ9PUTRXCG3DJ6.scan

SwiftCompile normal arm64 Compiling\ PhotoCache.swift,\ TransformOutgoingMessageMedia.swift,\ ManageSharedAccountInfo.swift,\ SharedAccountInfo.swift,\ IsEqualMessages.swift,\ UpdaterNotifySettings.swift /Users/buddhirajgautam/Documents/Cherrygram-Mac/macOS-Swift/Telegram-Mac/PhotoCache.swift /Users/buddhirajgautam/Documents/Cherrygram-Mac/macOS-Swift/Telegram-Mac/TransformOutgoingMessageMedia.swift /Users/buddhirajgautam/Documents/Cherrygram-Mac/macOS-Swift/Telegram-Mac/ManageSharedAccountInfo.swift /Users/buddhirajgautam/Documents/Cherrygram-Mac/macOS-Swift/Telegram-Mac/SharedAccountInfo.swift /Users/buddhirajgautam/Documents/Cherrygram-Mac/macOS-Swift/Telegram-Mac/IsEqualMessages.swift /Users/buddhirajgautam/Documents/Cherrygram-Mac/macOS-Swift/Telegram-Mac/UpdaterNotifySettings.swift (in target 'TelegramShare' from project 'Telegram')
/Users/buddhirajgautam/Documents/Cherrygram-Mac/macOS-Swift/Telegram-Mac/PhotoCache.swift:76:77: warning: immutable value 'isMonoforum' was never used; consider replacing with '_' or removing it [#NoUsage]
 74 |                 hasher.combine(nameColor.rawValue)
 75 |             }
 76 |         case let .emptyAvatar(peerId, letters, color, size, scale, isForum, isMonoforum):
    |                                                                             `- warning: immutable value 'isMonoforum' was never used; consider replacing with '_' or removing it [#NoUsage]
 77 |             hasher.combine("emptyAvatar")
 78 |             hasher.combine(peerId.toInt64())

/Users/buddhirajgautam/Documents/Cherrygram-Mac/macOS-Swift/Telegram-Mac/TransformOutgoingMessageMedia.swift:110:101: warning: 'kUTTypeJPEG' was deprecated in macOS 12.0: Use UTTypeJPEG or UTType.jpeg (swift) instead. [#DeprecatedDeclaration]
108 |                             
109 |                             let mutableData: CFMutableData = NSMutableData() as CFMutableData
110 |                             if let colorDestination = CGImageDestinationCreateWithData(mutableData, kUTTypeJPEG, 1, options) {
    |                                                                                                     `- warning: 'kUTTypeJPEG' was deprecated in macOS 12.0: Use UTTypeJPEG or UTType.jpeg (swift) instead. [#DeprecatedDeclaration]
111 |                                 CGImageDestinationSetProperties(colorDestination, nil)
112 |                                 

/Users/buddhirajgautam/Documents/Cherrygram-Mac/macOS-Swift/Telegram-Mac/UpdaterNotifySettings.swift:107:69: warning: 'encodedOffset' is deprecated: encodedOffset has been deprecated as most common usage is incorrect. Use utf16Offset(in:) to achieve the same behavior. [#DeprecatedDeclaration]
105 |             let index = applyText.firstIndex(of: "\n")
106 |             if let index = index {
107 |                 let boldLine = MessageTextEntity(range: 0 ..< index.encodedOffset, type: .Bold)
    |                                                                     `- warning: 'encodedOffset' is deprecated: encodedOffset has been deprecated as most common usage is incorrect. Use utf16Offset(in:) to achieve the same behavior. [#DeprecatedDeclaration]
108 |                 attributes.append(TextEntitiesMessageAttribute(entities: [boldLine]))
109 |                 

[#DeprecatedDeclaration]: <https://docs.swift.org/compiler/documentation/diagnostics/deprecated-declaration>
[#NoUsage]: <https://docs.swift.org/compiler/documentation/diagnostics/no-usage>

SwiftCompile normal arm64 /Users/buddhirajgautam/Documents/Cherrygram-Mac/macOS-Swift/Telegram-Mac/PhotoCache.swift (in target 'TelegramShare' from project 'Telegram')
    cd /Users/buddhirajgautam/Documents/Cherrygram-Mac/macOS-Swift
    builtin-SwiftPerFileCompile PhotoCache.swift

SwiftCompile normal arm64 /Users/buddhirajgautam/Documents/Cherrygram-Mac/macOS-Swift/Telegram-Mac/TransformOutgoingMessageMedia.swift (in target 'TelegramShare' from project 'Telegram')
    cd /Users/buddhirajgautam/Documents/Cherrygram-Mac/macOS-Swift
    builtin-SwiftPerFileCompile TransformOutgoingMessageMedia.swift

SwiftCompile normal arm64 /Users/buddhirajgautam/Documents/Cherrygram-Mac/macOS-Swift/Telegram-Mac/ManageSharedAccountInfo.swift (in target 'TelegramShare' from project 'Telegram')
    cd /Users/buddhirajgautam/Documents/Cherrygram-Mac/macOS-Swift
    builtin-SwiftPerFileCompile ManageSharedAccountInfo.swift

SwiftCompile normal arm64 /Users/buddhirajgautam/Documents/Cherrygram-Mac/macOS-Swift/Telegram-Mac/SharedAccountInfo.swift (in target 'TelegramShare' from project 'Telegram')
    cd /Users/buddhirajgautam/Documents/Cherrygram-Mac/macOS-Swift
    builtin-SwiftPerFileCompile SharedAccountInfo.swift

SwiftCompile normal arm64 /Users/buddhirajgautam/Documents/Cherrygram-Mac/macOS-Swift/Telegram-Mac/IsEqualMessages.swift (in target 'TelegramShare' from project 'Telegram')
    cd /Users/buddhirajgautam/Documents/Cherrygram-Mac/macOS-Swift
    builtin-SwiftPerFileCompile IsEqualMessages.swift

SwiftCompile normal arm64 /Users/buddhirajgautam/Documents/Cherrygram-Mac/macOS-Swift/Telegram-Mac/UpdaterNotifySettings.swift (in target 'TelegramShare' from project 'Telegram')
    cd /Users/buddhirajgautam/Documents/Cherrygram-Mac/macOS-Swift
    builtin-SwiftPerFileCompile UpdaterNotifySettings.swift

PrecompileModule /Users/buddhirajgautam/Library/Developer/Xcode/DerivedData/Telegram-Mac-fygdgghdgmuleoelvxabfmqiotta/Build/Intermediates.noindex/ExplicitPrecompiledModules/os_object-3K4ZHQG0L0A7TANH1LLHZHZRM.scan
    cd /
    builtin-precompileModule /Users/buddhirajgautam/Library/Developer/Xcode/DerivedData/Telegram-Mac-fygdgghdgmuleoelvxabfmqiotta/Build/Intermediates.noindex/ExplicitPrecompiledModules/os_object-3K4ZHQG0L0A7TANH1LLHZHZRM.scan

SwiftDriverJobDiscovery normal arm64 Emitting module for TelegramShare (in target 'TelegramShare' from project 'Telegram')

SwiftDriver\ Compilation\ Requirements TelegramShare normal arm64 com.apple.xcode.tools.swift.compiler (in target 'TelegramShare' from project 'Telegram')
    cd /Users/buddhirajgautam/Documents/Cherrygram-Mac/macOS-Swift
    builtin-Swift-Compilation-Requirements -- /Applications/Xcode.app/Contents/Developer/Toolchains/XcodeDefault.xctoolchain/usr/bin/swiftc -module-name TelegramShare -Onone @/Users/buddhirajgautam/Library/Developer/Xcode/DerivedData/Telegram-Mac-fygdgghdgmuleoelvxabfmqiotta/Build/Intermediates.noindex/Telegram.build/Debug/TelegramShare.build/Objects-normal/arm64/TelegramShare.SwiftFileList -DSHARE -Xcc -fmodule-map-file\=/Users/buddhirajgautam/Library/Developer/Xcode/DerivedData/Telegram-Mac-fygdgghdgmuleoelvxabfmqiotta/Build/Intermediates.noindex/GeneratedModuleMaps/YuvConversion.modulemap -Xcc -fmodule-map-file\=/Users/buddhirajgautam/Library/Developer/Xcode/DerivedData/Telegram-Mac-fygdgghdgmuleoelvxabfmqiotta/Build/Intermediates.noindex/GeneratedModuleMaps/MtProtoKit.modulemap -Xcc -fmodule-map-file\=/Users/buddhirajgautam/Library/Developer/Xcode/DerivedData/Telegram-Mac-fygdgghdgmuleoelvxabfmqiotta/Build/Intermediates.noindex/GeneratedModuleMaps/NetworkLogging.modulemap -Xcc -fmodule-map-file\=/Users/buddhirajgautam/Library/Developer/Xcode/DerivedData/Telegram-Mac-fygdgghdgmuleoelvxabfmqiotta/Build/Intermediates.noindex/GeneratedModuleMaps/LegacyReachability.modulemap -Xcc -fmodule-map-file\=/Users/buddhirajgautam/Library/Developer/Xcode/DerivedData/Telegram-Mac-fygdgghdgmuleoelvxabfmqiotta/Build/Intermediates.noindex/GeneratedModuleMaps/EncryptionProvider.modulemap -Xcc -fmodule-map-file\=/Users/buddhirajgautam/Library/Developer/Xcode/DerivedData/Telegram-Mac-fygdgghdgmuleoelvxabfmqiotta/Build/Intermediates.noindex/GeneratedModuleMaps/DateUtils.modulemap -Xcc -fmodule-map-file\=/Users/buddhirajgautam/Library/Developer/Xcode/DerivedData/Telegram-Mac-fygdgghdgmuleoelvxabfmqiotta/Build/Intermediates.noindex/GeneratedModuleMaps/RingBuffer.modulemap -Xcc -fmodule-map-file\=/Users/buddhirajgautam/Library/Developer/Xcode/DerivedData/Telegram-Mac-fygdgghdgmuleoelvxabfmqiotta/Build/Intermediates.noindex/GeneratedModuleMaps/OpenSSLEncryption.modulemap -Xcc -fmodule-map-file\=/Users/buddhirajgautam/Library/Developer/Xcode/DerivedData/Telegram-Mac-fygdgghdgmuleoelvxabfmqiotta/Build/Intermediates.noindex/GeneratedModuleMaps/NumberPluralization.modulemap -Xcc -fmodule-map-file\=/Users/buddhirajgautam/Library/Developer/Xcode/DerivedData/Telegram-Mac-fygdgghdgmuleoelvxabfmqiotta/Build/Intermediates.noindex/GeneratedModuleMaps/Mozjpeg.modulemap -Xcc -fmodule-map-file\=/Users/buddhirajgautam/Library/Developer/Xcode/DerivedData/Telegram-Mac-fygdgghdgmuleoelvxabfmqiotta/Build/Intermediates.noindex/GeneratedModuleMaps/CalendarUtils.modulemap -Xcc -fmodule-map-file\=/Users/buddhirajgautam/Library/Developer/Xcode/DerivedData/Telegram-Mac-fygdgghdgmuleoelvxabfmqiotta/Build/Intermediates.noindex/GeneratedModuleMaps/BuildConfig.modulemap -Xcc -fmodule-map-file\=/Users/buddhirajgautam/Library/Developer/Xcode/DerivedData/Telegram-Mac-fygdgghdgmuleoelvxabfmqiotta/Build/Intermediates.noindex/GeneratedModuleMaps/GZIP.modulemap -Xcc -fmodule-map-file\=/Users/buddhirajgautam/Library/Developer/Xcode/DerivedData/Telegram-Mac-fygdgghdgmuleoelvxabfmqiotta/Build/Intermediates.noindex/GeneratedModuleMaps/FFMpegBinding.modulemap -Xcc -fmodule-map-file\=/Users/buddhirajgautam/Library/Developer/Xcode/DerivedData/Telegram-Mac-fygdgghdgmuleoelvxabfmqiotta/Build/Intermediates.noindex/GeneratedModuleMaps/Svg.modulemap -Xcc -fmodule-map-file\=/Users/buddhirajgautam/Library/Developer/Xcode/DerivedData/Telegram-Mac-fygdgghdgmuleoelvxabfmqiotta/Build/Intermediates.noindex/GeneratedModuleMaps/ShelfPack.modulemap -Xcc -fmodule-map-file\=/Users/buddhirajgautam/Library/Developer/Xcode/DerivedData/Telegram-Mac-fygdgghdgmuleoelvxabfmqiotta/Build/Intermediates.noindex/GeneratedModuleMaps/FastBlur.modulemap -Xcc -fmodule-map-file\=/Users/buddhirajgautam/Library/Developer/Xcode/DerivedData/Telegram-Mac-fygdgghdgmuleoelvxabfmqiotta/Build/Intermediates.noindex/GeneratedModuleMaps/ObjcUtils.modulemap -Xcc -fmodule-map-file\=/Users/buddhirajgautam/Library/Developer/Xcode/DerivedData/Telegram-Mac-fygdgghdgmuleoelvxabfmqiotta/Build/Intermediates.noindex/GeneratedModuleMaps/libwebp.modulemap -Xcc -fmodule-map-file\=/Users/buddhirajgautam/Library/Developer/Xcode/DerivedData/Telegram-Mac-fygdgghdgmuleoelvxabfmqiotta/Build/Intermediates.noindex/GeneratedModuleMaps/MurMurHash32.modulemap -Xcc -fmodule-map-file\=/Users/buddhirajgautam/Library/Developer/Xcode/DerivedData/Telegram-Mac-fygdgghdgmuleoelvxabfmqiotta/Build/Intermediates.noindex/GeneratedModuleMaps/sqlcipher.modulemap -Xcc -fmodule-map-file\=/Users/buddhirajgautam/Library/Developer/Xcode/DerivedData/Telegram-Mac-fygdgghdgmuleoelvxabfmqiotta/Build/Intermediates.noindex/GeneratedModuleMaps/StringTransliteration.modulemap -Xcc -fmodule-map-file\=/Users/buddhirajgautam/Library/Developer/Xcode/DerivedData/Telegram-Mac-fygdgghdgmuleoelvxabfmqiotta/Build/Intermediates.noindex/GeneratedModuleMaps/DarwinDirStat.modulemap -Xcc -fmodule-map-file\=/Users/buddhirajgautam/Library/Developer/Xcode/DerivedData/Telegram-Mac-fygdgghdgmuleoelvxabfmqiotta/Build/Intermediates.noindex/GeneratedModuleMaps/CryptoUtils.modulemap -Xcc -fmodule-map-file\=/Users/buddhirajgautam/Library/Developer/Xcode/DerivedData/Telegram-Mac-fygdgghdgmuleoelvxabfmqiotta/Build/Intermediates.noindex/GeneratedModuleMaps/Crc32.modulemap -DBETA -enable-bare-slash-regex -enable-experimental-feature DebugDescriptionMacro -sdk /Applications/Xcode.app/Contents/Developer/Platforms/MacOSX.platform/Developer/SDKs/MacOSX27.0.sdk -target arm64-apple-macos12.0 -g -module-cache-path /Users/buddhirajgautam/Library/Developer/Xcode/DerivedData/ModuleCache.noindex -Xfrontend -serialize-debugging-options -application-extension -profile-coverage-mapping -profile-generate -index-store-path /Users/buddhirajgautam/Library/Developer/Xcode/DerivedData/Telegram-Mac-fygdgghdgmuleoelvxabfmqiotta/Index.noindex/DataStore -Xcc -D_LIBCPP_HARDENING_MODE\=_LIBCPP_HARDENING_MODE_DEBUG -swift-version 5 -I /Users/buddhirajgautam/Library/Developer/Xcode/DerivedData/Telegram-Mac-fygdgghdgmuleoelvxabfmqiotta/Build/Products/Debug -F /Users/buddhirajgautam/Library/Developer/Xcode/DerivedData/Telegram-Mac-fygdgghdgmuleoelvxabfmqiotta/Build/Products/Debug/PackageFrameworks -F /Users/buddhirajgautam/Library/Developer/Xcode/DerivedData/Telegram-Mac-fygdgghdgmuleoelvxabfmqiotta/Build/Products/Debug -c -j8 -enable-batch-mode -incremental -Xcc -ivfsstatcache -Xcc /Users/buddhirajgautam/Library/Developer/Xcode/DerivedData/SDKStatCaches.noindex/macosx27.0-26A425-e829b21a6f8c9b70876ba0858053c0447231f6df4def33e022ae2eb8f782df1a.sdkstatcache -output-file-map /Users/buddhirajgautam/Library/Developer/Xcode/DerivedData/Telegram-Mac-fygdgghdgmuleoelvxabfmqiotta/Build/Intermediates.noindex/Telegram.build/Debug/TelegramShare.build/Objects-normal/arm64/TelegramShare-OutputFileMap.json -save-temps -no-color-diagnostics -explicit-module-build -module-cache-path /Users/buddhirajgautam/Library/Developer/Xcode/DerivedData/Telegram-Mac-fygdgghdgmuleoelvxabfmqiotta/Build/Intermediates.noindex/SwiftExplicitPrecompiledModules -clang-scanner-module-cache-path /Users/buddhirajgautam/Library/Developer/Xcode/DerivedData/ModuleCache.noindex -sdk-module-cache-path /Users/buddhirajgautam/Library/Developer/Xcode/DerivedData/SDKExplicitPrecompiledModules -emit-dependencies -emit-module -emit-module-path /Users/buddhirajgautam/Library/Developer/Xcode/DerivedData/Telegram-Mac-fygdgghdgmuleoelvxabfmqiotta/Build/Intermediates.noindex/Telegram.build/Debug/TelegramShare.build/Objects-normal/arm64/TelegramShare.swiftmodule -serialize-diagnostics -dependency-scan-serialize-diagnostics-path /Users/buddhirajgautam/Library/Developer/Xcode/DerivedData/Telegram-Mac-fygdgghdgmuleoelvxabfmqiotta/Build/Intermediates.noindex/Telegram.build/Debug/TelegramShare.build/Objects-normal/arm64/TelegramShare-dependency-scan.dia -validate-clang-modules-once -clang-build-session-file /Users/buddhirajgautam/Library/Developer/Xcode/DerivedData/ModuleCache.noindex/Session.modulevalidation -Xcc -fmodules-prune-interval\=86400 -Xcc -fmodules-prune-after\=345600 -emit-const-values -const-gather-protocols-list /Users/buddhirajgautam/Library/Developer/Xcode/DerivedData/Telegram-Mac-fygdgghdgmuleoelvxabfmqiotta/Build/Intermediates.noindex/Telegram.build/Debug/TelegramShare.build/Objects-normal/arm64/TelegramShare_const_extract_protocols.json -Xcc -iquote -Xcc /Users/buddhirajgautam/Library/Developer/Xcode/DerivedData/Telegram-Mac-fygdgghdgmuleoelvxabfmqiotta/Build/Intermediates.noindex/Telegram.build/Debug/TelegramShare.build/TelegramShare-generated-files.hmap -Xcc -I/Users/buddhirajgautam/Library/Developer/Xcode/DerivedData/Telegram-Mac-fygdgghdgmuleoelvxabfmqiotta/Build/Intermediates.noindex/Telegram.build/Debug/TelegramShare.build/TelegramShare-own-target-headers.hmap -Xcc -I/Users/buddhirajgautam/Library/Developer/Xcode/DerivedData/Telegram-Mac-fygdgghdgmuleoelvxabfmqiotta/Build/Intermediates.noindex/Telegram.build/Debug/TelegramShare.build/TelegramShare-all-non-framework-target-headers.hmap -Xcc -ivfsoverlay -Xcc /Users/buddhirajgautam/Library/Developer/Xcode/DerivedData/Telegram-Mac-fygdgghdgmuleoelvxabfmqiotta/Build/Intermediates.noindex/Telegram.build/Debug/Telegram-dbe0546bccfdc52e72cb2837036a25ae-VFS/all-product-headers.yaml -Xcc -iquote -Xcc /Users/buddhirajgautam/Library/Developer/Xcode/DerivedData/Telegram-Mac-fygdgghdgmuleoelvxabfmqiotta/Build/Intermediates.noindex/Telegram.build/Debug/TelegramShare.build/TelegramShare-project-headers.hmap -Xcc -I/Users/buddhirajgautam/Documents/Cherrygram-Mac/macOS-Swift/submodules/telegram-ios/submodules/YuvConversion/PublicHeaders -Xcc -I/Users/buddhirajgautam/Documents/Cherrygram-Mac/macOS-Swift/submodules/telegram-ios/submodules/MtProtoKit/PublicHeaders -Xcc -I/Users/buddhirajgautam/Documents/Cherrygram-Mac/macOS-Swift/submodules/telegram-ios/submodules/NetworkLogging/PublicHeaders -Xcc -I/Users/buddhirajgautam/Documents/Cherrygram-Mac/macOS-Swift/submodules/telegram-ios/submodules/Reachability/LegacyReachability/PublicHeaders -Xcc -I/Users/buddhirajgautam/Documents/Cherrygram-Mac/macOS-Swift/submodules/telegram-ios/submodules/EncryptionProvider/PublicHeaders -Xcc -I/Users/buddhirajgautam/Documents/Cherrygram-Mac/macOS-Swift/packages/DateUtils/Sources/DateUtils -Xcc -I/Users/buddhirajgautam/Documents/Cherrygram-Mac/macOS-Swift/packages/RingBuffer/Sources/RingBuffer -Xcc -I/Users/buddhirajgautam/Documents/Cherrygram-Mac/macOS-Swift/submodules/telegram-ios/submodules/OpenSSLEncryptionProvider/PublicHeaders -Xcc -I/Users/buddhirajgautam/Documents/Cherrygram-Mac/macOS-Swift/packages/NumberPluralization/Sources/NumberPluralization -Xcc -I/Users/buddhirajgautam/Documents/Cherrygram-Mac/macOS-Swift/submodules/Mozjpeg/Sources -Xcc -I/Users/buddhirajgautam/Documents/Cherrygram-Mac/macOS-Swift/packages/CalendarUtils/Sources/CalendarUtils -Xcc -I/Users/buddhirajgautam/Documents/Cherrygram-Mac/macOS-Swift/submodules/BuildConfig/Sources/include -Xcc -I/Users/buddhirajgautam/Documents/Cherrygram-Mac/macOS-Swift/packages/GZIP/Sources/GZIP -Xcc -I/Users/buddhirajgautam/Documents/Cherrygram-Mac/macOS-Swift/submodules/telegram-ios/submodules/FFMpegBinding/Public -Xcc -I/Users/buddhirajgautam/Documents/Cherrygram-Mac/macOS-Swift/packages/Svg/PublicHeaders/Svg -Xcc -I/Users/buddhirajgautam/Documents/Cherrygram-Mac/macOS-Swift/submodules/telegram-ios/submodules/Utils/ShelfPack/PublicHeaders -Xcc -I/Users/buddhirajgautam/Documents/Cherrygram-Mac/macOS-Swift/packages/FastBlur/Sources/FastBlur -Xcc -I/Users/buddhirajgautam/Documents/Cherrygram-Mac/macOS-Swift/packages/ObjcUtils/Sources/ObjcUtils -Xcc -I/Users/buddhirajgautam/Documents/Cherrygram-Mac/macOS-Swift/submodules/libwebp/Sources -Xcc -I/Users/buddhirajgautam/Documents/Cherrygram-Mac/macOS-Swift/submodules/telegram-ios/submodules/MurMurHash32/PublicHeaders -Xcc -I/Users/buddhirajgautam/Documents/Cherrygram-Mac/macOS-Swift/submodules/telegram-ios/submodules/sqlcipher/PublicHeaders -Xcc -I/Users/buddhirajgautam/Documents/Cherrygram-Mac/macOS-Swift/submodules/telegram-ios/submodules/StringTransliteration/PublicHeaders -Xcc -I/Users/buddhirajgautam/Documents/Cherrygram-Mac/macOS-Swift/submodules/telegram-ios/submodules/Utils/DarwinDirStat/PublicHeaders -Xcc -I/Users/buddhirajgautam/Documents/Cherrygram-Mac/macOS-Swift/submodules/telegram-ios/submodules/CryptoUtils/PublicHeaders -Xcc -I/Users/buddhirajgautam/Documents/Cherrygram-Mac/macOS-Swift/submodules/telegram-ios/submodules/Crc32/PublicHeaders -Xcc -I/Users/buddhirajgautam/Library/Developer/Xcode/DerivedData/Telegram-Mac-fygdgghdgmuleoelvxabfmqiotta/Build/Products/Debug/include -Xcc -I/Users/buddhirajgautam/Library/Developer/Xcode/DerivedData/Telegram-Mac-fygdgghdgmuleoelvxabfmqiotta/Build/Intermediates.noindex/Telegram.build/Debug/TelegramShare.build/DerivedSources-normal/arm64 -Xcc -I/Users/buddhirajgautam/Library/Developer/Xcode/DerivedData/Telegram-Mac-fygdgghdgmuleoelvxabfmqiotta/Build/Intermediates.noindex/Telegram.build/Debug/TelegramShare.build/DerivedSources/arm64 -Xcc -I/Users/buddhirajgautam/Library/Developer/Xcode/DerivedData/Telegram-Mac-fygdgghdgmuleoelvxabfmqiotta/Build/Intermediates.noindex/Telegram.build/Debug/TelegramShare.build/DerivedSources -Xcc -DSHARE\=1 -emit-objc-header -emit-objc-header-path /Users/buddhirajgautam/Library/Developer/Xcode/DerivedData/Telegram-Mac-fygdgghdgmuleoelvxabfmqiotta/Build/Intermediates.noindex/Telegram.build/Debug/TelegramShare.build/Objects-normal/arm64/TelegramShare-Swift.h -import-objc-header /Users/buddhirajgautam/Documents/Cherrygram-Mac/macOS-Swift/Telegram-Mac/Telegram-Mac-Bridging-Header.h -working-directory /Users/buddhirajgautam/Documents/Cherrygram-Mac/macOS-Swift -experimental-emit-module-separately -disable-cmo

PrecompileModule /Users/buddhirajgautam/Library/Developer/Xcode/DerivedData/Telegram-Mac-fygdgghdgmuleoelvxabfmqiotta/Build/Intermediates.noindex/ExplicitPrecompiledModules/os_workgroup-33GWLNWM7WYJBWV7HNMOSUV4P.scan
    cd /
    builtin-precompileModule /Users/buddhirajgautam/Library/Developer/Xcode/DerivedData/Telegram-Mac-fygdgghdgmuleoelvxabfmqiotta/Build/Intermediates.noindex/ExplicitPrecompiledModules/os_workgroup-33GWLNWM7WYJBWV7HNMOSUV4P.scan

SwiftMergeGeneratedHeaders /Users/buddhirajgautam/Library/Developer/Xcode/DerivedData/Telegram-Mac-fygdgghdgmuleoelvxabfmqiotta/Build/Intermediates.noindex/Telegram.build/Debug/TelegramShare.build/DerivedSources/TelegramShare-Swift.h /Users/buddhirajgautam/Library/Developer/Xcode/DerivedData/Telegram-Mac-fygdgghdgmuleoelvxabfmqiotta/Build/Intermediates.noindex/Telegram.build/Debug/TelegramShare.build/Objects-normal/arm64/TelegramShare-Swift.h (in target 'TelegramShare' from project 'Telegram')
    cd /Users/buddhirajgautam/Documents/Cherrygram-Mac/macOS-Swift
    builtin-swiftHeaderTool -arch arm64 /Users/buddhirajgautam/Library/Developer/Xcode/DerivedData/Telegram-Mac-fygdgghdgmuleoelvxabfmqiotta/Build/Intermediates.noindex/Telegram.build/Debug/TelegramShare.build/Objects-normal/arm64/TelegramShare-Swift.h -o /Users/buddhirajgautam/Library/Developer/Xcode/DerivedData/Telegram-Mac-fygdgghdgmuleoelvxabfmqiotta/Build/Intermediates.noindex/Telegram.build/Debug/TelegramShare.build/DerivedSources/TelegramShare-Swift.h

Copy /Users/buddhirajgautam/Library/Developer/Xcode/DerivedData/Telegram-Mac-fygdgghdgmuleoelvxabfmqiotta/Build/Products/Debug/TelegramShare.swiftmodule/arm64-apple-macos.swiftmodule /Users/buddhirajgautam/Library/Developer/Xcode/DerivedData/Telegram-Mac-fygdgghdgmuleoelvxabfmqiotta/Build/Intermediates.noindex/Telegram.build/Debug/TelegramShare.build/Objects-normal/arm64/TelegramShare.swiftmodule (in target 'TelegramShare' from project 'Telegram')
    cd /Users/buddhirajgautam/Documents/Cherrygram-Mac/macOS-Swift
    builtin-copy -exclude .DS_Store -exclude CVS -exclude .svn -exclude .git -exclude .hg -resolve-src-symlinks -rename /Users/buddhirajgautam/Library/Developer/Xcode/DerivedData/Telegram-Mac-fygdgghdgmuleoelvxabfmqiotta/Build/Intermediates.noindex/Telegram.build/Debug/TelegramShare.build/Objects-normal/arm64/TelegramShare.swiftmodule /Users/buddhirajgautam/Library/Developer/Xcode/DerivedData/Telegram-Mac-fygdgghdgmuleoelvxabfmqiotta/Build/Products/Debug/TelegramShare.swiftmodule/arm64-apple-macos.swiftmodule

Copy /Users/buddhirajgautam/Library/Developer/Xcode/DerivedData/Telegram-Mac-fygdgghdgmuleoelvxabfmqiotta/Build/Products/Debug/TelegramShare.swiftmodule/arm64-apple-macos.swiftdoc /Users/buddhirajgautam/Library/Developer/Xcode/DerivedData/Telegram-Mac-fygdgghdgmuleoelvxabfmqiotta/Build/Intermediates.noindex/Telegram.build/Debug/TelegramShare.build/Objects-normal/arm64/TelegramShare.swiftdoc (in target 'TelegramShare' from project 'Telegram')
    cd /Users/buddhirajgautam/Documents/Cherrygram-Mac/macOS-Swift
    builtin-copy -exclude .DS_Store -exclude CVS -exclude .svn -exclude .git -exclude .hg -resolve-src-symlinks -rename /Users/buddhirajgautam/Library/Developer/Xcode/DerivedData/Telegram-Mac-fygdgghdgmuleoelvxabfmqiotta/Build/Intermediates.noindex/Telegram.build/Debug/TelegramShare.build/Objects-normal/arm64/TelegramShare.swiftdoc /Users/buddhirajgautam/Library/Developer/Xcode/DerivedData/Telegram-Mac-fygdgghdgmuleoelvxabfmqiotta/Build/Products/Debug/TelegramShare.swiftmodule/arm64-apple-macos.swiftdoc

Copy /Users/buddhirajgautam/Library/Developer/Xcode/DerivedData/Telegram-Mac-fygdgghdgmuleoelvxabfmqiotta/Build/Products/Debug/TelegramShare.swiftmodule/arm64-apple-macos.abi.json /Users/buddhirajgautam/Library/Developer/Xcode/DerivedData/Telegram-Mac-fygdgghdgmuleoelvxabfmqiotta/Build/Intermediates.noindex/Telegram.build/Debug/TelegramShare.build/Objects-normal/arm64/TelegramShare.abi.json (in target 'TelegramShare' from project 'Telegram')
    cd /Users/buddhirajgautam/Documents/Cherrygram-Mac/macOS-Swift
    builtin-copy -exclude .DS_Store -exclude CVS -exclude .svn -exclude .git -exclude .hg -resolve-src-symlinks -rename /Users/buddhirajgautam/Library/Developer/Xcode/DerivedData/Telegram-Mac-fygdgghdgmuleoelvxabfmqiotta/Build/Intermediates.noindex/Telegram.build/Debug/TelegramShare.build/Objects-normal/arm64/TelegramShare.abi.json /Users/buddhirajgautam/Library/Developer/Xcode/DerivedData/Telegram-Mac-fygdgghdgmuleoelvxabfmqiotta/Build/Products/Debug/TelegramShare.swiftmodule/arm64-apple-macos.abi.json

Copy /Users/buddhirajgautam/Library/Developer/Xcode/DerivedData/Telegram-Mac-fygdgghdgmuleoelvxabfmqiotta/Build/Products/Debug/TelegramShare.swiftmodule/Project/arm64-apple-macos.swiftsourceinfo /Users/buddhirajgautam/Library/Developer/Xcode/DerivedData/Telegram-Mac-fygdgghdgmuleoelvxabfmqiotta/Build/Intermediates.noindex/Telegram.build/Debug/TelegramShare.build/Objects-normal/arm64/TelegramShare.swiftsourceinfo (in target 'TelegramShare' from project 'Telegram')
    cd /Users/buddhirajgautam/Documents/Cherrygram-Mac/macOS-Swift
    builtin-copy -exclude .DS_Store -exclude CVS -exclude .svn -exclude .git -exclude .hg -resolve-src-symlinks -rename /Users/buddhirajgautam/Library/Developer/Xcode/DerivedData/Telegram-Mac-fygdgghdgmuleoelvxabfmqiotta/Build/Intermediates.noindex/Telegram.build/Debug/TelegramShare.build/Objects-normal/arm64/TelegramShare.swiftsourceinfo /Users/buddhirajgautam/Library/Developer/Xcode/DerivedData/Telegram-Mac-fygdgghdgmuleoelvxabfmqiotta/Build/Products/Debug/TelegramShare.swiftmodule/Project/arm64-apple-macos.swiftsourceinfo

PrecompileModule /Users/buddhirajgautam/Library/Developer/Xcode/DerivedData/Telegram-Mac-fygdgghdgmuleoelvxabfmqiotta/Build/Intermediates.noindex/ExplicitPrecompiledModules/Dispatch-5NOQRPQVLKLBX2Q1KR6BFDTJ.scan
    cd /
    builtin-precompileModule /Users/buddhirajgautam/Library/Developer/Xcode/DerivedData/Telegram-Mac-fygdgghdgmuleoelvxabfmqiotta/Build/Intermediates.noindex/ExplicitPrecompiledModules/Dispatch-5NOQRPQVLKLBX2Q1KR6BFDTJ.scan

PrecompileModule /Users/buddhirajgautam/Library/Developer/Xcode/DerivedData/Telegram-Mac-fygdgghdgmuleoelvxabfmqiotta/Build/Intermediates.noindex/ExplicitPrecompiledModules/XPC-BHFK5VUGTERM7MFCYOSL26GBT.scan
    cd /
    builtin-precompileModule /Users/buddhirajgautam/Library/Developer/Xcode/DerivedData/Telegram-Mac-fygdgghdgmuleoelvxabfmqiotta/Build/Intermediates.noindex/ExplicitPrecompiledModules/XPC-BHFK5VUGTERM7MFCYOSL26GBT.scan

PrecompileModule /Users/buddhirajgautam/Library/Developer/Xcode/DerivedData/Telegram-Mac-fygdgghdgmuleoelvxabfmqiotta/Build/Intermediates.noindex/ExplicitPrecompiledModules/CoreFoundation-BJ23NA93EZPI4AMMXO9OXB1SH.scan
    cd /
    builtin-precompileModule /Users/buddhirajgautam/Library/Developer/Xcode/DerivedData/Telegram-Mac-fygdgghdgmuleoelvxabfmqiotta/Build/Intermediates.noindex/ExplicitPrecompiledModules/CoreFoundation-BJ23NA93EZPI4AMMXO9OXB1SH.scan

PrecompileModule /Users/buddhirajgautam/Library/Developer/Xcode/DerivedData/Telegram-Mac-fygdgghdgmuleoelvxabfmqiotta/Build/Intermediates.noindex/ExplicitPrecompiledModules/dnssd-9NSYNGCOKRJFLC2BMGP1IVT21.scan
    cd /
    builtin-precompileModule /Users/buddhirajgautam/Library/Developer/Xcode/DerivedData/Telegram-Mac-fygdgghdgmuleoelvxabfmqiotta/Build/Intermediates.noindex/ExplicitPrecompiledModules/dnssd-9NSYNGCOKRJFLC2BMGP1IVT21.scan

PrecompileModule /Users/buddhirajgautam/Library/Developer/Xcode/DerivedData/Telegram-Mac-fygdgghdgmuleoelvxabfmqiotta/Build/Intermediates.noindex/ExplicitPrecompiledModules/Security-7O1JYXTZOCQ7P9C199PE6XMX6.scan
    cd /
    builtin-precompileModule /Users/buddhirajgautam/Library/Developer/Xcode/DerivedData/Telegram-Mac-fygdgghdgmuleoelvxabfmqiotta/Build/Intermediates.noindex/ExplicitPrecompiledModules/Security-7O1JYXTZOCQ7P9C199PE6XMX6.scan

PrecompileModule /Users/buddhirajgautam/Library/Developer/Xcode/DerivedData/Telegram-Mac-fygdgghdgmuleoelvxabfmqiotta/Build/Intermediates.noindex/ExplicitPrecompiledModules/IOKit-9MJC02BHEUC7Q7KWUIS6BKNXR.scan
    cd /
    builtin-precompileModule /Users/buddhirajgautam/Library/Developer/Xcode/DerivedData/Telegram-Mac-fygdgghdgmuleoelvxabfmqiotta/Build/Intermediates.noindex/ExplicitPrecompiledModules/IOKit-9MJC02BHEUC7Q7KWUIS6BKNXR.scan

PrecompileModule /Users/buddhirajgautam/Library/Developer/Xcode/DerivedData/Telegram-Mac-fygdgghdgmuleoelvxabfmqiotta/Build/Intermediates.noindex/ExplicitPrecompiledModules/ColorSync-8BY2Y8OYTPAW5WHXUPL04W3XM.scan
    cd /
    builtin-precompileModule /Users/buddhirajgautam/Library/Developer/Xcode/DerivedData/Telegram-Mac-fygdgghdgmuleoelvxabfmqiotta/Build/Intermediates.noindex/ExplicitPrecompiledModules/ColorSync-8BY2Y8OYTPAW5WHXUPL04W3XM.scan

PrecompileModule /Users/buddhirajgautam/Library/Developer/Xcode/DerivedData/Telegram-Mac-fygdgghdgmuleoelvxabfmqiotta/Build/Intermediates.noindex/ExplicitPrecompiledModules/DiskArbitration-2J72O4XFSZV8KEA89PNQ9RART.scan
    cd /
    builtin-precompileModule /Users/buddhirajgautam/Library/Developer/Xcode/DerivedData/Telegram-Mac-fygdgghdgmuleoelvxabfmqiotta/Build/Intermediates.noindex/ExplicitPrecompiledModules/DiskArbitration-2J72O4XFSZV8KEA89PNQ9RART.scan

PrecompileModule /Users/buddhirajgautam/Library/Developer/Xcode/DerivedData/Telegram-Mac-fygdgghdgmuleoelvxabfmqiotta/Build/Intermediates.noindex/ExplicitPrecompiledModules/CFNetwork-6PDMFH4I5H1S4FKZ2ETWPW28V.scan
    cd /
    builtin-precompileModule /Users/buddhirajgautam/Library/Developer/Xcode/DerivedData/Telegram-Mac-fygdgghdgmuleoelvxabfmqiotta/Build/Intermediates.noindex/ExplicitPrecompiledModules/CFNetwork-6PDMFH4I5H1S4FKZ2ETWPW28V.scan

PrecompileModule /Users/buddhirajgautam/Library/Developer/Xcode/DerivedData/Telegram-Mac-fygdgghdgmuleoelvxabfmqiotta/Build/Intermediates.noindex/ExplicitPrecompiledModules/SystemConfiguration-DWY1YPRP7SQKN07L6WDRCB5DV.scan
    cd /
    builtin-precompileModule /Users/buddhirajgautam/Library/Developer/Xcode/DerivedData/Telegram-Mac-fygdgghdgmuleoelvxabfmqiotta/Build/Intermediates.noindex/ExplicitPrecompiledModules/SystemConfiguration-DWY1YPRP7SQKN07L6WDRCB5DV.scan

PrecompileModule /Users/buddhirajgautam/Library/Developer/Xcode/DerivedData/Telegram-Mac-fygdgghdgmuleoelvxabfmqiotta/Build/Intermediates.noindex/ExplicitPrecompiledModules/CoreServices-3RCY5338ENCSP40H1GN8LCDMY.scan
    cd /
    builtin-precompileModule /Users/buddhirajgautam/Library/Developer/Xcode/DerivedData/Telegram-Mac-fygdgghdgmuleoelvxabfmqiotta/Build/Intermediates.noindex/ExplicitPrecompiledModules/CoreServices-3RCY5338ENCSP40H1GN8LCDMY.scan

PrecompileModule /Users/buddhirajgautam/Library/Developer/Xcode/DerivedData/Telegram-Mac-fygdgghdgmuleoelvxabfmqiotta/Build/Intermediates.noindex/ExplicitPrecompiledModules/os-BV2JK322HCHE7HJHBLAYYXQV8.scan
    cd /
    builtin-precompileModule /Users/buddhirajgautam/Library/Developer/Xcode/DerivedData/Telegram-Mac-fygdgghdgmuleoelvxabfmqiotta/Build/Intermediates.noindex/ExplicitPrecompiledModules/os-BV2JK322HCHE7HJHBLAYYXQV8.scan

PrecompileModule /Users/buddhirajgautam/Library/Developer/Xcode/DerivedData/Telegram-Mac-fygdgghdgmuleoelvxabfmqiotta/Build/Intermediates.noindex/ExplicitPrecompiledModules/CoreGraphics-466GNTWXSOO03QQ15BFBAE1IZ.scan
    cd /
    builtin-precompileModule /Users/buddhirajgautam/Library/Developer/Xcode/DerivedData/Telegram-Mac-fygdgghdgmuleoelvxabfmqiotta/Build/Intermediates.noindex/ExplicitPrecompiledModules/CoreGraphics-466GNTWXSOO03QQ15BFBAE1IZ.scan

SwiftCompile normal arm64 Compiling\ ChatListFilterPredicate.swift,\ PeerInfoUtils.swift,\ AvatarStoryControl.swift,\ PresenceStrings.swift,\ InlineStickersContext.swift,\ SEFoldersRowItem.swift /Users/buddhirajgautam/Documents/Cherrygram-Mac/macOS-Swift/Telegram-Mac/ChatListFilterPredicate.swift /Users/buddhirajgautam/Documents/Cherrygram-Mac/macOS-Swift/Telegram-Mac/PeerInfoUtils.swift /Users/buddhirajgautam/Documents/Cherrygram-Mac/macOS-Swift/Telegram-Mac/AvatarStoryControl.swift /Users/buddhirajgautam/Documents/Cherrygram-Mac/macOS-Swift/Telegram-Mac/PresenceStrings.swift /Users/buddhirajgautam/Documents/Cherrygram-Mac/macOS-Swift/Telegram-Mac/InlineStickersContext.swift /Users/buddhirajgautam/Documents/Cherrygram-Mac/macOS-Swift/TelegramShare/SEFoldersRowItem.swift (in target 'TelegramShare' from project 'Telegram')
/Users/buddhirajgautam/Documents/Cherrygram-Mac/macOS-Swift/Telegram-Mac/PeerInfoUtils.swift:45:13: warning: variable 'canPin' was never used; consider replacing with '_' or removing it [#NoUsage]
 43 |         var canManageDirect = false
 44 |         var canEditMessages = false
 45 |         var canPin: Bool
    |             `- warning: variable 'canPin' was never used; consider replacing with '_' or removing it [#NoUsage]
 46 |         var canManageGifts = false
 47 |         var canManageStories = false

[#NoUsage]: <https://docs.swift.org/compiler/documentation/diagnostics/no-usage>

SwiftCompile normal arm64 /Users/buddhirajgautam/Documents/Cherrygram-Mac/macOS-Swift/Telegram-Mac/ChatListFilterPredicate.swift (in target 'TelegramShare' from project 'Telegram')
    cd /Users/buddhirajgautam/Documents/Cherrygram-Mac/macOS-Swift
    builtin-SwiftPerFileCompile ChatListFilterPredicate.swift

SwiftCompile normal arm64 /Users/buddhirajgautam/Documents/Cherrygram-Mac/macOS-Swift/Telegram-Mac/PeerInfoUtils.swift (in target 'TelegramShare' from project 'Telegram')
    cd /Users/buddhirajgautam/Documents/Cherrygram-Mac/macOS-Swift
    builtin-SwiftPerFileCompile PeerInfoUtils.swift

SwiftCompile normal arm64 /Users/buddhirajgautam/Documents/Cherrygram-Mac/macOS-Swift/Telegram-Mac/AvatarStoryControl.swift (in target 'TelegramShare' from project 'Telegram')
    cd /Users/buddhirajgautam/Documents/Cherrygram-Mac/macOS-Swift
    builtin-SwiftPerFileCompile AvatarStoryControl.swift

SwiftCompile normal arm64 /Users/buddhirajgautam/Documents/Cherrygram-Mac/macOS-Swift/Telegram-Mac/PresenceStrings.swift (in target 'TelegramShare' from project 'Telegram')
    cd /Users/buddhirajgautam/Documents/Cherrygram-Mac/macOS-Swift
    builtin-SwiftPerFileCompile PresenceStrings.swift

SwiftCompile normal arm64 /Users/buddhirajgautam/Documents/Cherrygram-Mac/macOS-Swift/Telegram-Mac/InlineStickersContext.swift (in target 'TelegramShare' from project 'Telegram')
    cd /Users/buddhirajgautam/Documents/Cherrygram-Mac/macOS-Swift
    builtin-SwiftPerFileCompile InlineStickersContext.swift

SwiftCompile normal arm64 /Users/buddhirajgautam/Documents/Cherrygram-Mac/macOS-Swift/TelegramShare/SEFoldersRowItem.swift (in target 'TelegramShare' from project 'Telegram')
    cd /Users/buddhirajgautam/Documents/Cherrygram-Mac/macOS-Swift
    builtin-SwiftPerFileCompile SEFoldersRowItem.swift

SwiftDriverJobDiscovery normal arm64 Compiling PhotoCache.swift, TransformOutgoingMessageMedia.swift, ManageSharedAccountInfo.swift, SharedAccountInfo.swift, IsEqualMessages.swift, UpdaterNotifySettings.swift (in target 'TelegramShare' from project 'Telegram')

SwiftCompile normal arm64 Compiling\ AvatarStoryIndicatorComponent.swift,\ ShareApplicationContext.swift,\ ShortPeerRowItem.swift,\ ShortPeerRowView.swift,\ SEModalProgressView.swift,\ System.swift /Users/buddhirajgautam/Documents/Cherrygram-Mac/macOS-Swift/Telegram-Mac/AvatarStoryIndicatorComponent.swift /Users/buddhirajgautam/Documents/Cherrygram-Mac/macOS-Swift/TelegramShare/ShareApplicationContext.swift /Users/buddhirajgautam/Documents/Cherrygram-Mac/macOS-Swift/Telegram-Mac/ShortPeerRowItem.swift /Users/buddhirajgautam/Documents/Cherrygram-Mac/macOS-Swift/Telegram-Mac/ShortPeerRowView.swift /Users/buddhirajgautam/Documents/Cherrygram-Mac/macOS-Swift/TelegramShare/SEModalProgressView.swift /Users/buddhirajgautam/Documents/Cherrygram-Mac/macOS-Swift/Telegram-Mac/System.swift (in target 'TelegramShare' from project 'Telegram')
/Users/buddhirajgautam/Documents/Cherrygram-Mac/macOS-Swift/Telegram-Mac/AvatarStoryIndicatorComponent.swift:302:25: warning: initialization of immutable value 'imageDiameter' was never used; consider replacing with assignment to '_' or removing it [#NoUsage]
300 |                     let maxOuterInset: CGFloat = 3.0
301 |                     diameter = availableSize.width + maxOuterInset * 2.0
302 |                     let imageDiameter = availableSize.width + maxOuterInset * 2.0
    |                         `- warning: initialization of immutable value 'imageDiameter' was never used; consider replacing with assignment to '_' or removing it [#NoUsage]
303 |                     
304 |                     

/Users/buddhirajgautam/Documents/Cherrygram-Mac/macOS-Swift/Telegram-Mac/System.swift:107:33: warning: 'devices(for:)' was deprecated in macOS 10.15: Use AVCaptureDeviceDiscoverySession instead. [#DeprecatedDeclaration]
105 | 
106 | func DALDevices() -> [AVCaptureDevice] {
107 |     let video = AVCaptureDevice.devices(for: .video)
    |                                 `- warning: 'devices(for:)' was deprecated in macOS 10.15: Use AVCaptureDeviceDiscoverySession instead. [#DeprecatedDeclaration]
108 |     let muxed:[AVCaptureDevice] = AVCaptureDevice.devices(for: .muxed) //[]//
109 |     // && $0.hasMediaType(.video)

/Users/buddhirajgautam/Documents/Cherrygram-Mac/macOS-Swift/Telegram-Mac/System.swift:108:51: warning: 'devices(for:)' was deprecated in macOS 10.15: Use AVCaptureDeviceDiscoverySession instead. [#DeprecatedDeclaration]
106 | func DALDevices() -> [AVCaptureDevice] {
107 |     let video = AVCaptureDevice.devices(for: .video)
108 |     let muxed:[AVCaptureDevice] = AVCaptureDevice.devices(for: .muxed) //[]//
    |                                                   `- warning: 'devices(for:)' was deprecated in macOS 10.15: Use AVCaptureDeviceDiscoverySession instead. [#DeprecatedDeclaration]
109 |     // && $0.hasMediaType(.video)
110 |     

[#DeprecatedDeclaration]: <https://docs.swift.org/compiler/documentation/diagnostics/deprecated-declaration>
[#NoUsage]: <https://docs.swift.org/compiler/documentation/diagnostics/no-usage>

SwiftCompile normal arm64 /Users/buddhirajgautam/Documents/Cherrygram-Mac/macOS-Swift/Telegram-Mac/AvatarStoryIndicatorComponent.swift (in target 'TelegramShare' from project 'Telegram')
    cd /Users/buddhirajgautam/Documents/Cherrygram-Mac/macOS-Swift
    builtin-SwiftPerFileCompile AvatarStoryIndicatorComponent.swift

SwiftCompile normal arm64 /Users/buddhirajgautam/Documents/Cherrygram-Mac/macOS-Swift/TelegramShare/ShareApplicationContext.swift (in target 'TelegramShare' from project 'Telegram')
    cd /Users/buddhirajgautam/Documents/Cherrygram-Mac/macOS-Swift
    builtin-SwiftPerFileCompile ShareApplicationContext.swift

SwiftCompile normal arm64 /Users/buddhirajgautam/Documents/Cherrygram-Mac/macOS-Swift/Telegram-Mac/ShortPeerRowItem.swift (in target 'TelegramShare' from project 'Telegram')
    cd /Users/buddhirajgautam/Documents/Cherrygram-Mac/macOS-Swift
    builtin-SwiftPerFileCompile ShortPeerRowItem.swift

SwiftCompile normal arm64 /Users/buddhirajgautam/Documents/Cherrygram-Mac/macOS-Swift/Telegram-Mac/ShortPeerRowView.swift (in target 'TelegramShare' from project 'Telegram')
    cd /Users/buddhirajgautam/Documents/Cherrygram-Mac/macOS-Swift
    builtin-SwiftPerFileCompile ShortPeerRowView.swift

SwiftCompile normal arm64 /Users/buddhirajgautam/Documents/Cherrygram-Mac/macOS-Swift/TelegramShare/SEModalProgressView.swift (in target 'TelegramShare' from project 'Telegram')
    cd /Users/buddhirajgautam/Documents/Cherrygram-Mac/macOS-Swift
    builtin-SwiftPerFileCompile SEModalProgressView.swift

SwiftCompile normal arm64 /Users/buddhirajgautam/Documents/Cherrygram-Mac/macOS-Swift/Telegram-Mac/System.swift (in target 'TelegramShare' from project 'Telegram')
    cd /Users/buddhirajgautam/Documents/Cherrygram-Mac/macOS-Swift
    builtin-SwiftPerFileCompile System.swift

ScanDependencies /Users/buddhirajgautam/Library/Developer/Xcode/DerivedData/Telegram-Mac-fygdgghdgmuleoelvxabfmqiotta/Build/Intermediates.noindex/Sparkle.build/Debug/Sparkle.build/Objects-normal/arm64/SUFileOperationConstants.o /Users/buddhirajgautam/Documents/Cherrygram-Mac/macOS-Swift/submodules/Sparkle/fileop/SUFileOperationConstants.m normal arm64 objective-c com.apple.compilers.llvm.clang.1_0.compiler (in target 'Sparkle' from project 'Sparkle')
    cd /Users/buddhirajgautam/Documents/Cherrygram-Mac/macOS-Swift/submodules/Sparkle
    
    Using response file: /Users/buddhirajgautam/Library/Developer/Xcode/DerivedData/Telegram-Mac-fygdgghdgmuleoelvxabfmqiotta/Build/Intermediates.noindex/Sparkle.build/Debug/Sparkle.build/Objects-normal/arm64/e6072d4f65d7061329687fe24e3d63a7-common-args.resp
    
    builtin-ScanDependencies -o /Users/buddhirajgautam/Library/Developer/Xcode/DerivedData/Telegram-Mac-fygdgghdgmuleoelvxabfmqiotta/Build/Intermediates.noindex/Sparkle.build/Debug/Sparkle.build/Objects-normal/arm64/SUFileOperationConstants.o.scan -- /Applications/Xcode.app/Contents/Developer/Toolchains/XcodeDefault.xctoolchain/usr/bin/clang -x objective-c -ivfsstatcache /Users/buddhirajgautam/Library/Developer/Xcode/DerivedData/SDKStatCaches.noindex/macosx27.0-26A425-e829b21a6f8c9b70876ba0858053c0447231f6df4def33e022ae2eb8f782df1a.sdkstatcache -target arm64-apple-macos12.0 -fmessage-length\=0 -fdiagnostics-show-note-include-stack -fmacro-backtrace-limit\=0 -fno-color-diagnostics -fmodules-prune-interval\=86400 -fmodules-prune-after\=345600 -fbuild-session-file\=/Users/buddhirajgautam/Library/Developer/Xcode/DerivedData/ModuleCache.noindex/Session.modulevalidation -fmodules-validate-once-per-build-session -Wnon-modular-include-in-framework-module -Werror\=non-modular-include-in-framework-module -Wno-trigraphs -Werror\=incompatible-pointer-types -Werror\=implicit-function-declaration -Wmissing-field-initializers -Wmissing-prototypes -Wdocumentation -Wunreachable-code -Wimplicit-atomic-properties -Wno-objc-interface-ivars -Wobjc-missing-property-synthesis -Warc-repeated-use-of-weak -Wno-arc-maybe-repeated-use-of-weak -Wexplicit-ownership-type -Wimplicit-retain-self -Wduplicate-method-match -Wmissing-braces -Wparentheses -Wswitch -Wunused-function -Wunused-label -Wunused-parameter -Wunused-variable -Wunused-value -Wempty-body -Wuninitialized -Wunknown-pragmas -Wshadow -Wfour-char-constants -Wconversion -Wconstant-conversion -Wint-conversion -Wbool-conversion -Wenum-conversion -Wfloat-conversion -Wnon-literal-null-conversion -Wobjc-literal-conversion -Wassign-enum -Wsign-compare -Wshorten-64-to-32 -Wpointer-sign -Wnewline-eof -Wselector -Wstrict-selector-match -Wundeclared-selector -Wdeprecated-implementations -Wno-implicit-fallthrough -isysroot /Applications/Xcode.app/Contents/Developer/Platforms/MacOSX.platform/Developer/SDKs/MacOSX27.0.sdk -fstrict-aliasing -Wprotocol -Wdeprecated-declarations -Wsign-conversion -Winfinite-recursion -Wcomma -Wblock-capture-autoreleasing -Wstrict-prototypes -Wno-semicolon-before-method-body -index-store-path /Users/buddhirajgautam/Library/Developer/Xcode/DerivedData/Telegram-Mac-fygdgghdgmuleoelvxabfmqiotta/Index.noindex/DataStore -Wall -Weverything -Wno-unused-macros -Wno-gnu-statement-expression -Wno-arc-repeated-use-of-weak -Wno-auto-import -Wno-gnu-zero-variadic-macro-arguments -Wno-custom-atomic-properties -Wno-implicit-atomic-properties @/Users/buddhirajgautam/Library/Developer/Xcode/DerivedData/Telegram-Mac-fygdgghdgmuleoelvxabfmqiotta/Build/Intermediates.noindex/Sparkle.build/Debug/Sparkle.build/Objects-normal/arm64/e6072d4f65d7061329687fe24e3d63a7-common-args.resp -MMD -MT dependencies -MF /Users/buddhirajgautam/Library/Developer/Xcode/DerivedData/Telegram-Mac-fygdgghdgmuleoelvxabfmqiotta/Build/Intermediates.noindex/Sparkle.build/Debug/Sparkle.build/Objects-normal/arm64/SUFileOperationConstants.d --serialize-diagnostics /Users/buddhirajgautam/Library/Developer/Xcode/DerivedData/Telegram-Mac-fygdgghdgmuleoelvxabfmqiotta/Build/Intermediates.noindex/Sparkle.build/Debug/Sparkle.build/Objects-normal/arm64/SUFileOperationConstants.dia -c /Users/buddhirajgautam/Documents/Cherrygram-Mac/macOS-Swift/submodules/Sparkle/fileop/SUFileOperationConstants.m -o /Users/buddhirajgautam/Library/Developer/Xcode/DerivedData/Telegram-Mac-fygdgghdgmuleoelvxabfmqiotta/Build/Intermediates.noindex/Sparkle.build/Debug/Sparkle.build/Objects-normal/arm64/SUFileOperationConstants.o -index-unit-output-path /Sparkle.build/Debug/Sparkle.build/Objects-normal/arm64/SUFileOperationConstants.o

ScanDependencies /Users/buddhirajgautam/Library/Developer/Xcode/DerivedData/Telegram-Mac-fygdgghdgmuleoelvxabfmqiotta/Build/Intermediates.noindex/Sparkle.build/Debug/Sparkle.build/Objects-normal/arm64/SUFileManager.o /Users/buddhirajgautam/Documents/Cherrygram-Mac/macOS-Swift/submodules/Sparkle/Sparkle/SUFileManager.m normal arm64 objective-c com.apple.compilers.llvm.clang.1_0.compiler (in target 'Sparkle' from project 'Sparkle')
    cd /Users/buddhirajgautam/Documents/Cherrygram-Mac/macOS-Swift/submodules/Sparkle
    
    Using response file: /Users/buddhirajgautam/Library/Developer/Xcode/DerivedData/Telegram-Mac-fygdgghdgmuleoelvxabfmqiotta/Build/Intermediates.noindex/Sparkle.build/Debug/Sparkle.build/Objects-normal/arm64/e6072d4f65d7061329687fe24e3d63a7-common-args.resp
    
    builtin-ScanDependencies -o /Users/buddhirajgautam/Library/Developer/Xcode/DerivedData/Telegram-Mac-fygdgghdgmuleoelvxabfmqiotta/Build/Intermediates.noindex/Sparkle.build/Debug/Sparkle.build/Objects-normal/arm64/SUFileManager.o.scan -- /Applications/Xcode.app/Contents/Developer/Toolchains/XcodeDefault.xctoolchain/usr/bin/clang -x objective-c -ivfsstatcache /Users/buddhirajgautam/Library/Developer/Xcode/DerivedData/SDKStatCaches.noindex/macosx27.0-26A425-e829b21a6f8c9b70876ba0858053c0447231f6df4def33e022ae2eb8f782df1a.sdkstatcache -target arm64-apple-macos12.0 -fmessage-length\=0 -fdiagnostics-show-note-include-stack -fmacro-backtrace-limit\=0 -fno-color-diagnostics -fmodules-prune-interval\=86400 -fmodules-prune-after\=345600 -fbuild-session-file\=/Users/buddhirajgautam/Library/Developer/Xcode/DerivedData/ModuleCache.noindex/Session.modulevalidation -fmodules-validate-once-per-build-session -Wnon-modular-include-in-framework-module -Werror\=non-modular-include-in-framework-module -Wno-trigraphs -Werror\=incompatible-pointer-types -Werror\=implicit-function-declaration -Wmissing-field-initializers -Wmissing-prototypes -Wdocumentation -Wunreachable-code -Wimplicit-atomic-properties -Wno-objc-interface-ivars -Wobjc-missing-property-synthesis -Warc-repeated-use-of-weak -Wno-arc-maybe-repeated-use-of-weak -Wexplicit-ownership-type -Wimplicit-retain-self -Wduplicate-method-match -Wmissing-braces -Wparentheses -Wswitch -Wunused-function -Wunused-label -Wunused-parameter -Wunused-variable -Wunused-value -Wempty-body -Wuninitialized -Wunknown-pragmas -Wshadow -Wfour-char-constants -Wconversion -Wconstant-conversion -Wint-conversion -Wbool-conversion -Wenum-conversion -Wfloat-conversion -Wnon-literal-null-conversion -Wobjc-literal-conversion -Wassign-enum -Wsign-compare -Wshorten-64-to-32 -Wpointer-sign -Wnewline-eof -Wselector -Wstrict-selector-match -Wundeclared-selector -Wdeprecated-implementations -Wno-implicit-fallthrough -isysroot /Applications/Xcode.app/Contents/Developer/Platforms/MacOSX.platform/Developer/SDKs/MacOSX27.0.sdk -fstrict-aliasing -Wprotocol -Wdeprecated-declarations -Wsign-conversion -Winfinite-recursion -Wcomma -Wblock-capture-autoreleasing -Wstrict-prototypes -Wno-semicolon-before-method-body -index-store-path /Users/buddhirajgautam/Library/Developer/Xcode/DerivedData/Telegram-Mac-fygdgghdgmuleoelvxabfmqiotta/Index.noindex/DataStore -Wall -Weverything -Wno-unused-macros -Wno-gnu-statement-expression -Wno-arc-repeated-use-of-weak -Wno-auto-import -Wno-gnu-zero-variadic-macro-arguments -Wno-custom-atomic-properties -Wno-implicit-atomic-properties @/Users/buddhirajgautam/Library/Developer/Xcode/DerivedData/Telegram-Mac-fygdgghdgmuleoelvxabfmqiotta/Build/Intermediates.noindex/Sparkle.build/Debug/Sparkle.build/Objects-normal/arm64/e6072d4f65d7061329687fe24e3d63a7-common-args.resp -MMD -MT dependencies -MF /Users/buddhirajgautam/Library/Developer/Xcode/DerivedData/Telegram-Mac-fygdgghdgmuleoelvxabfmqiotta/Build/Intermediates.noindex/Sparkle.build/Debug/Sparkle.build/Objects-normal/arm64/SUFileManager.d --serialize-diagnostics /Users/buddhirajgautam/Library/Developer/Xcode/DerivedData/Telegram-Mac-fygdgghdgmuleoelvxabfmqiotta/Build/Intermediates.noindex/Sparkle.build/Debug/Sparkle.build/Objects-normal/arm64/SUFileManager.dia -c /Users/buddhirajgautam/Documents/Cherrygram-Mac/macOS-Swift/submodules/Sparkle/Sparkle/SUFileManager.m -o /Users/buddhirajgautam/Library/Developer/Xcode/DerivedData/Telegram-Mac-fygdgghdgmuleoelvxabfmqiotta/Build/Intermediates.noindex/Sparkle.build/Debug/Sparkle.build/Objects-normal/arm64/SUFileManager.o -index-unit-output-path /Sparkle.build/Debug/Sparkle.build/Objects-normal/arm64/SUFileManager.o

ScanDependencies /Users/buddhirajgautam/Library/Developer/Xcode/DerivedData/Telegram-Mac-fygdgghdgmuleoelvxabfmqiotta/Build/Intermediates.noindex/Sparkle.build/Debug/Sparkle.build/Objects-normal/arm64/SUDiskImageUnarchiver.o /Users/buddhirajgautam/Documents/Cherrygram-Mac/macOS-Swift/submodules/Sparkle/Sparkle/SUDiskImageUnarchiver.m normal arm64 objective-c com.apple.compilers.llvm.clang.1_0.compiler (in target 'Sparkle' from project 'Sparkle')
    cd /Users/buddhirajgautam/Documents/Cherrygram-Mac/macOS-Swift/submodules/Sparkle
    
    Using response file: /Users/buddhirajgautam/Library/Developer/Xcode/DerivedData/Telegram-Mac-fygdgghdgmuleoelvxabfmqiotta/Build/Intermediates.noindex/Sparkle.build/Debug/Sparkle.build/Objects-normal/arm64/e6072d4f65d7061329687fe24e3d63a7-common-args.resp
    
    builtin-ScanDependencies -o /Users/buddhirajgautam/Library/Developer/Xcode/DerivedData/Telegram-Mac-fygdgghdgmuleoelvxabfmqiotta/Build/Intermediates.noindex/Sparkle.build/Debug/Sparkle.build/Objects-normal/arm64/SUDiskImageUnarchiver.o.scan -- /Applications/Xcode.app/Contents/Developer/Toolchains/XcodeDefault.xctoolchain/usr/bin/clang -x objective-c -ivfsstatcache /Users/buddhirajgautam/Library/Developer/Xcode/DerivedData/SDKStatCaches.noindex/macosx27.0-26A425-e829b21a6f8c9b70876ba0858053c0447231f6df4def33e022ae2eb8f782df1a.sdkstatcache -target arm64-apple-macos12.0 -fmessage-length\=0 -fdiagnostics-show-note-include-stack -fmacro-backtrace-limit\=0 -fno-color-diagnostics -fmodules-prune-interval\=86400 -fmodules-prune-after\=345600 -fbuild-session-file\=/Users/buddhirajgautam/Library/Developer/Xcode/DerivedData/ModuleCache.noindex/Session.modulevalidation -fmodules-validate-once-per-build-session -Wnon-modular-include-in-framework-module -Werror\=non-modular-include-in-framework-module -Wno-trigraphs -Werror\=incompatible-pointer-types -Werror\=implicit-function-declaration -Wmissing-field-initializers -Wmissing-prototypes -Wdocumentation -Wunreachable-code -Wimplicit-atomic-properties -Wno-objc-interface-ivars -Wobjc-missing-property-synthesis -Warc-repeated-use-of-weak -Wno-arc-maybe-repeated-use-of-weak -Wexplicit-ownership-type -Wimplicit-retain-self -Wduplicate-method-match -Wmissing-braces -Wparentheses -Wswitch -Wunused-function -Wunused-label -Wunused-parameter -Wunused-variable -Wunused-value -Wempty-body -Wuninitialized -Wunknown-pragmas -Wshadow -Wfour-char-constants -Wconversion -Wconstant-conversion -Wint-conversion -Wbool-conversion -Wenum-conversion -Wfloat-conversion -Wnon-literal-null-conversion -Wobjc-literal-conversion -Wassign-enum -Wsign-compare -Wshorten-64-to-32 -Wpointer-sign -Wnewline-eof -Wselector -Wstrict-selector-match -Wundeclared-selector -Wdeprecated-implementations -Wno-implicit-fallthrough -isysroot /Applications/Xcode.app/Contents/Developer/Platforms/MacOSX.platform/Developer/SDKs/MacOSX27.0.sdk -fstrict-aliasing -Wprotocol -Wdeprecated-declarations -Wsign-conversion -Winfinite-recursion -Wcomma -Wblock-capture-autoreleasing -Wstrict-prototypes -Wno-semicolon-before-method-body -index-store-path /Users/buddhirajgautam/Library/Developer/Xcode/DerivedData/Telegram-Mac-fygdgghdgmuleoelvxabfmqiotta/Index.noindex/DataStore -Wall -Weverything -Wno-unused-macros -Wno-gnu-statement-expression -Wno-arc-repeated-use-of-weak -Wno-auto-import -Wno-gnu-zero-variadic-macro-arguments -Wno-custom-atomic-properties -Wno-implicit-atomic-properties @/Users/buddhirajgautam/Library/Developer/Xcode/DerivedData/Telegram-Mac-fygdgghdgmuleoelvxabfmqiotta/Build/Intermediates.noindex/Sparkle.build/Debug/Sparkle.build/Objects-normal/arm64/e6072d4f65d7061329687fe24e3d63a7-common-args.resp -MMD -MT dependencies -MF /Users/buddhirajgautam/Library/Developer/Xcode/DerivedData/Telegram-Mac-fygdgghdgmuleoelvxabfmqiotta/Build/Intermediates.noindex/Sparkle.build/Debug/Sparkle.build/Objects-normal/arm64/SUDiskImageUnarchiver.d --serialize-diagnostics /Users/buddhirajgautam/Library/Developer/Xcode/DerivedData/Telegram-Mac-fygdgghdgmuleoelvxabfmqiotta/Build/Intermediates.noindex/Sparkle.build/Debug/Sparkle.build/Objects-normal/arm64/SUDiskImageUnarchiver.dia -c /Users/buddhirajgautam/Documents/Cherrygram-Mac/macOS-Swift/submodules/Sparkle/Sparkle/SUDiskImageUnarchiver.m -o /Users/buddhirajgautam/Library/Developer/Xcode/DerivedData/Telegram-Mac-fygdgghdgmuleoelvxabfmqiotta/Build/Intermediates.noindex/Sparkle.build/Debug/Sparkle.build/Objects-normal/arm64/SUDiskImageUnarchiver.o -index-unit-output-path /Sparkle.build/Debug/Sparkle.build/Objects-normal/arm64/SUDiskImageUnarchiver.o

SwiftDriverJobDiscovery normal arm64 Compiling SEPasslockController.swift, ImageUtils.swift, ChatListNothingItem.swift, AvatarLayer.swift, GeneralRowItem.swift, GeneralRowView.swift (in target 'TelegramShare' from project 'Telegram')

SwiftDriverJobDiscovery normal arm64 Compiling ChatPresentationInputQueryResult.swift, SELottiePlayer.swift, ImageCompression.swift, SlotMachineValue.swift, ParseAppearanceColors.swift, ChatMessageBubbleImages.swift (in target 'TelegramShare' from project 'Telegram')

ScanDependencies /Users/buddhirajgautam/Library/Developer/Xcode/DerivedData/Telegram-Mac-fygdgghdgmuleoelvxabfmqiotta/Build/Intermediates.noindex/Sparkle.build/Debug/Sparkle.build/Objects-normal/arm64/SUConstants.o /Users/buddhirajgautam/Documents/Cherrygram-Mac/macOS-Swift/submodules/Sparkle/Sparkle/SUConstants.m normal arm64 objective-c com.apple.compilers.llvm.clang.1_0.compiler (in target 'Sparkle' from project 'Sparkle')
    cd /Users/buddhirajgautam/Documents/Cherrygram-Mac/macOS-Swift/submodules/Sparkle
    
    Using response file: /Users/buddhirajgautam/Library/Developer/Xcode/DerivedData/Telegram-Mac-fygdgghdgmuleoelvxabfmqiotta/Build/Intermediates.noindex/Sparkle.build/Debug/Sparkle.build/Objects-normal/arm64/e6072d4f65d7061329687fe24e3d63a7-common-args.resp
    
    builtin-ScanDependencies -o /Users/buddhirajgautam/Library/Developer/Xcode/DerivedData/Telegram-Mac-fygdgghdgmuleoelvxabfmqiotta/Build/Intermediates.noindex/Sparkle.build/Debug/Sparkle.build/Objects-normal/arm64/SUConstants.o.scan -- /Applications/Xcode.app/Contents/Developer/Toolchains/XcodeDefault.xctoolchain/usr/bin/clang -x objective-c -ivfsstatcache /Users/buddhirajgautam/Library/Developer/Xcode/DerivedData/SDKStatCaches.noindex/macosx27.0-26A425-e829b21a6f8c9b70876ba0858053c0447231f6df4def33e022ae2eb8f782df1a.sdkstatcache -target arm64-apple-macos12.0 -fmessage-length\=0 -fdiagnostics-show-note-include-stack -fmacro-backtrace-limit\=0 -fno-color-diagnostics -fmodules-prune-interval\=86400 -fmodules-prune-after\=345600 -fbuild-session-file\=/Users/buddhirajgautam/Library/Developer/Xcode/DerivedData/ModuleCache.noindex/Session.modulevalidation -fmodules-validate-once-per-build-session -Wnon-modular-include-in-framework-module -Werror\=non-modular-include-in-framework-module -Wno-trigraphs -Werror\=incompatible-pointer-types -Werror\=implicit-function-declaration -Wmissing-field-initializers -Wmissing-prototypes -Wdocumentation -Wunreachable-code -Wimplicit-atomic-properties -Wno-objc-interface-ivars -Wobjc-missing-property-synthesis -Warc-repeated-use-of-weak -Wno-arc-maybe-repeated-use-of-weak -Wexplicit-ownership-type -Wimplicit-retain-self -Wduplicate-method-match -Wmissing-braces -Wparentheses -Wswitch -Wunused-function -Wunused-label -Wunused-parameter -Wunused-variable -Wunused-value -Wempty-body -Wuninitialized -Wunknown-pragmas -Wshadow -Wfour-char-constants -Wconversion -Wconstant-conversion -Wint-conversion -Wbool-conversion -Wenum-conversion -Wfloat-conversion -Wnon-literal-null-conversion -Wobjc-literal-conversion -Wassign-enum -Wsign-compare -Wshorten-64-to-32 -Wpointer-sign -Wnewline-eof -Wselector -Wstrict-selector-match -Wundeclared-selector -Wdeprecated-implementations -Wno-implicit-fallthrough -isysroot /Applications/Xcode.app/Contents/Developer/Platforms/MacOSX.platform/Developer/SDKs/MacOSX27.0.sdk -fstrict-aliasing -Wprotocol -Wdeprecated-declarations -Wsign-conversion -Winfinite-recursion -Wcomma -Wblock-capture-autoreleasing -Wstrict-prototypes -Wno-semicolon-before-method-body -index-store-path /Users/buddhirajgautam/Library/Developer/Xcode/DerivedData/Telegram-Mac-fygdgghdgmuleoelvxabfmqiotta/Index.noindex/DataStore -Wall -Weverything -Wno-unused-macros -Wno-gnu-statement-expression -Wno-arc-repeated-use-of-weak -Wno-auto-import -Wno-gnu-zero-variadic-macro-arguments -Wno-custom-atomic-properties -Wno-implicit-atomic-properties @/Users/buddhirajgautam/Library/Developer/Xcode/DerivedData/Telegram-Mac-fygdgghdgmuleoelvxabfmqiotta/Build/Intermediates.noindex/Sparkle.build/Debug/Sparkle.build/Objects-normal/arm64/e6072d4f65d7061329687fe24e3d63a7-common-args.resp -MMD -MT dependencies -MF /Users/buddhirajgautam/Library/Developer/Xcode/DerivedData/Telegram-Mac-fygdgghdgmuleoelvxabfmqiotta/Build/Intermediates.noindex/Sparkle.build/Debug/Sparkle.build/Objects-normal/arm64/SUConstants.d --serialize-diagnostics /Users/buddhirajgautam/Library/Developer/Xcode/DerivedData/Telegram-Mac-fygdgghdgmuleoelvxabfmqiotta/Build/Intermediates.noindex/Sparkle.build/Debug/Sparkle.build/Objects-normal/arm64/SUConstants.dia -c /Users/buddhirajgautam/Documents/Cherrygram-Mac/macOS-Swift/submodules/Sparkle/Sparkle/SUConstants.m -o /Users/buddhirajgautam/Library/Developer/Xcode/DerivedData/Telegram-Mac-fygdgghdgmuleoelvxabfmqiotta/Build/Intermediates.noindex/Sparkle.build/Debug/Sparkle.build/Objects-normal/arm64/SUConstants.o -index-unit-output-path /Sparkle.build/Debug/Sparkle.build/Objects-normal/arm64/SUConstants.o

ScanDependencies /Users/buddhirajgautam/Library/Developer/Xcode/DerivedData/Telegram-Mac-fygdgghdgmuleoelvxabfmqiotta/Build/Intermediates.noindex/Sparkle.build/Debug/Sparkle.build/Objects-normal/arm64/SUCodeSigningVerifier.o /Users/buddhirajgautam/Documents/Cherrygram-Mac/macOS-Swift/submodules/Sparkle/Sparkle/SUCodeSigningVerifier.m normal arm64 objective-c com.apple.compilers.llvm.clang.1_0.compiler (in target 'Sparkle' from project 'Sparkle')
    cd /Users/buddhirajgautam/Documents/Cherrygram-Mac/macOS-Swift/submodules/Sparkle
    
    Using response file: /Users/buddhirajgautam/Library/Developer/Xcode/DerivedData/Telegram-Mac-fygdgghdgmuleoelvxabfmqiotta/Build/Intermediates.noindex/Sparkle.build/Debug/Sparkle.build/Objects-normal/arm64/e6072d4f65d7061329687fe24e3d63a7-common-args.resp
    
    builtin-ScanDependencies -o /Users/buddhirajgautam/Library/Developer/Xcode/DerivedData/Telegram-Mac-fygdgghdgmuleoelvxabfmqiotta/Build/Intermediates.noindex/Sparkle.build/Debug/Sparkle.build/Objects-normal/arm64/SUCodeSigningVerifier.o.scan -- /Applications/Xcode.app/Contents/Developer/Toolchains/XcodeDefault.xctoolchain/usr/bin/clang -x objective-c -ivfsstatcache /Users/buddhirajgautam/Library/Developer/Xcode/DerivedData/SDKStatCaches.noindex/macosx27.0-26A425-e829b21a6f8c9b70876ba0858053c0447231f6df4def33e022ae2eb8f782df1a.sdkstatcache -target arm64-apple-macos12.0 -fmessage-length\=0 -fdiagnostics-show-note-include-stack -fmacro-backtrace-limit\=0 -fno-color-diagnostics -fmodules-prune-interval\=86400 -fmodules-prune-after\=345600 -fbuild-session-file\=/Users/buddhirajgautam/Library/Developer/Xcode/DerivedData/ModuleCache.noindex/Session.modulevalidation -fmodules-validate-once-per-build-session -Wnon-modular-include-in-framework-module -Werror\=non-modular-include-in-framework-module -Wno-trigraphs -Werror\=incompatible-pointer-types -Werror\=implicit-function-declaration -Wmissing-field-initializers -Wmissing-prototypes -Wdocumentation -Wunreachable-code -Wimplicit-atomic-properties -Wno-objc-interface-ivars -Wobjc-missing-property-synthesis -Warc-repeated-use-of-weak -Wno-arc-maybe-repeated-use-of-weak -Wexplicit-ownership-type -Wimplicit-retain-self -Wduplicate-method-match -Wmissing-braces -Wparentheses -Wswitch -Wunused-function -Wunused-label -Wunused-parameter -Wunused-variable -Wunused-value -Wempty-body -Wuninitialized -Wunknown-pragmas -Wshadow -Wfour-char-constants -Wconversion -Wconstant-conversion -Wint-conversion -Wbool-conversion -Wenum-conversion -Wfloat-conversion -Wnon-literal-null-conversion -Wobjc-literal-conversion -Wassign-enum -Wsign-compare -Wshorten-64-to-32 -Wpointer-sign -Wnewline-eof -Wselector -Wstrict-selector-match -Wundeclared-selector -Wdeprecated-implementations -Wno-implicit-fallthrough -isysroot /Applications/Xcode.app/Contents/Developer/Platforms/MacOSX.platform/Developer/SDKs/MacOSX27.0.sdk -fstrict-aliasing -Wprotocol -Wdeprecated-declarations -Wsign-conversion -Winfinite-recursion -Wcomma -Wblock-capture-autoreleasing -Wstrict-prototypes -Wno-semicolon-before-method-body -index-store-path /Users/buddhirajgautam/Library/Developer/Xcode/DerivedData/Telegram-Mac-fygdgghdgmuleoelvxabfmqiotta/Index.noindex/DataStore -Wall -Weverything -Wno-unused-macros -Wno-gnu-statement-expression -Wno-arc-repeated-use-of-weak -Wno-auto-import -Wno-gnu-zero-variadic-macro-arguments -Wno-custom-atomic-properties -Wno-implicit-atomic-properties @/Users/buddhirajgautam/Library/Developer/Xcode/DerivedData/Telegram-Mac-fygdgghdgmuleoelvxabfmqiotta/Build/Intermediates.noindex/Sparkle.build/Debug/Sparkle.build/Objects-normal/arm64/e6072d4f65d7061329687fe24e3d63a7-common-args.resp -MMD -MT dependencies -MF /Users/buddhirajgautam/Library/Developer/Xcode/DerivedData/Telegram-Mac-fygdgghdgmuleoelvxabfmqiotta/Build/Intermediates.noindex/Sparkle.build/Debug/Sparkle.build/Objects-normal/arm64/SUCodeSigningVerifier.d --serialize-diagnostics /Users/buddhirajgautam/Library/Developer/Xcode/DerivedData/Telegram-Mac-fygdgghdgmuleoelvxabfmqiotta/Build/Intermediates.noindex/Sparkle.build/Debug/Sparkle.build/Objects-normal/arm64/SUCodeSigningVerifier.dia -c /Users/buddhirajgautam/Documents/Cherrygram-Mac/macOS-Swift/submodules/Sparkle/Sparkle/SUCodeSigningVerifier.m -o /Users/buddhirajgautam/Library/Developer/Xcode/DerivedData/Telegram-Mac-fygdgghdgmuleoelvxabfmqiotta/Build/Intermediates.noindex/Sparkle.build/Debug/Sparkle.build/Objects-normal/arm64/SUCodeSigningVerifier.o -index-unit-output-path /Sparkle.build/Debug/Sparkle.build/Objects-normal/arm64/SUCodeSigningVerifier.o

CompileC /Users/buddhirajgautam/Library/Developer/Xcode/DerivedData/Telegram-Mac-fygdgghdgmuleoelvxabfmqiotta/Build/Intermediates.noindex/Sparkle.build/Debug/Sparkle.build/Objects-normal/arm64/SUFileOperationConstants.o /Users/buddhirajgautam/Documents/Cherrygram-Mac/macOS-Swift/submodules/Sparkle/fileop/SUFileOperationConstants.m normal arm64 objective-c com.apple.compilers.llvm.clang.1_0.compiler (in target 'Sparkle' from project 'Sparkle')
    cd /Users/buddhirajgautam/Documents/Cherrygram-Mac/macOS-Swift/submodules/Sparkle
    
    Using response file: /Users/buddhirajgautam/Library/Developer/Xcode/DerivedData/Telegram-Mac-fygdgghdgmuleoelvxabfmqiotta/Build/Intermediates.noindex/Sparkle.build/Debug/Sparkle.build/Objects-normal/arm64/e6072d4f65d7061329687fe24e3d63a7-common-args.resp
    
    /Applications/Xcode.app/Contents/Developer/Toolchains/XcodeDefault.xctoolchain/usr/bin/clang -x objective-c -ivfsstatcache /Users/buddhirajgautam/Library/Developer/Xcode/DerivedData/SDKStatCaches.noindex/macosx27.0-26A425-e829b21a6f8c9b70876ba0858053c0447231f6df4def33e022ae2eb8f782df1a.sdkstatcache -target arm64-apple-macos12.0 -fmessage-length\=0 -fdiagnostics-show-note-include-stack -fmacro-backtrace-limit\=0 -fno-color-diagnostics -fmodules-prune-interval\=86400 -fmodules-prune-after\=345600 -fbuild-session-file\=/Users/buddhirajgautam/Library/Developer/Xcode/DerivedData/ModuleCache.noindex/Session.modulevalidation -fmodules-validate-once-per-build-session -Wnon-modular-include-in-framework-module -Werror\=non-modular-include-in-framework-module -Wno-trigraphs -Werror\=incompatible-pointer-types -Werror\=implicit-function-declaration -Wmissing-field-initializers -Wmissing-prototypes -Wdocumentation -Wunreachable-code -Wimplicit-atomic-properties -Wno-objc-interface-ivars -Wobjc-missing-property-synthesis -Warc-repeated-use-of-weak -Wno-arc-maybe-repeated-use-of-weak -Wexplicit-ownership-type -Wimplicit-retain-self -Wduplicate-method-match -Wmissing-braces -Wparentheses -Wswitch -Wunused-function -Wunused-label -Wunused-parameter -Wunused-variable -Wunused-value -Wempty-body -Wuninitialized -Wunknown-pragmas -Wshadow -Wfour-char-constants -Wconversion -Wconstant-conversion -Wint-conversion -Wbool-conversion -Wenum-conversion -Wfloat-conversion -Wnon-literal-null-conversion -Wobjc-literal-conversion -Wassign-enum -Wsign-compare -Wshorten-64-to-32 -Wpointer-sign -Wnewline-eof -Wselector -Wstrict-selector-match -Wundeclared-selector -Wdeprecated-implementations -Wno-implicit-fallthrough -isysroot /Applications/Xcode.app/Contents/Developer/Platforms/MacOSX.platform/Developer/SDKs/MacOSX27.0.sdk -fstrict-aliasing -Wprotocol -Wdeprecated-declarations -Wsign-conversion -Winfinite-recursion -Wcomma -Wblock-capture-autoreleasing -Wstrict-prototypes -Wno-semicolon-before-method-body -index-store-path /Users/buddhirajgautam/Library/Developer/Xcode/DerivedData/Telegram-Mac-fygdgghdgmuleoelvxabfmqiotta/Index.noindex/DataStore -Wall -Weverything -Wno-unused-macros -Wno-gnu-statement-expression -Wno-arc-repeated-use-of-weak -Wno-auto-import -Wno-gnu-zero-variadic-macro-arguments -Wno-custom-atomic-properties -Wno-implicit-atomic-properties @/Users/buddhirajgautam/Library/Developer/Xcode/DerivedData/Telegram-Mac-fygdgghdgmuleoelvxabfmqiotta/Build/Intermediates.noindex/Sparkle.build/Debug/Sparkle.build/Objects-normal/arm64/e6072d4f65d7061329687fe24e3d63a7-common-args.resp -MMD -MT dependencies -MF /Users/buddhirajgautam/Library/Developer/Xcode/DerivedData/Telegram-Mac-fygdgghdgmuleoelvxabfmqiotta/Build/Intermediates.noindex/Sparkle.build/Debug/Sparkle.build/Objects-normal/arm64/SUFileOperationConstants.d --serialize-diagnostics /Users/buddhirajgautam/Library/Developer/Xcode/DerivedData/Telegram-Mac-fygdgghdgmuleoelvxabfmqiotta/Build/Intermediates.noindex/Sparkle.build/Debug/Sparkle.build/Objects-normal/arm64/SUFileOperationConstants.dia -c /Users/buddhirajgautam/Documents/Cherrygram-Mac/macOS-Swift/submodules/Sparkle/fileop/SUFileOperationConstants.m -o /Users/buddhirajgautam/Library/Developer/Xcode/DerivedData/Telegram-Mac-fygdgghdgmuleoelvxabfmqiotta/Build/Intermediates.noindex/Sparkle.build/Debug/Sparkle.build/Objects-normal/arm64/SUFileOperationConstants.o -index-unit-output-path /Sparkle.build/Debug/Sparkle.build/Objects-normal/arm64/SUFileOperationConstants.o

PrecompileModule /Users/buddhirajgautam/Library/Developer/Xcode/DerivedData/Telegram-Mac-fygdgghdgmuleoelvxabfmqiotta/Build/Intermediates.noindex/ExplicitPrecompiledModules/CoreText-AUGGGYIECS3D5OP3AWBFCMULG.scan
    cd /
    builtin-precompileModule /Users/buddhirajgautam/Library/Developer/Xcode/DerivedData/Telegram-Mac-fygdgghdgmuleoelvxabfmqiotta/Build/Intermediates.noindex/ExplicitPrecompiledModules/CoreText-AUGGGYIECS3D5OP3AWBFCMULG.scan

PrecompileModule /Users/buddhirajgautam/Library/Developer/Xcode/DerivedData/Telegram-Mac-fygdgghdgmuleoelvxabfmqiotta/Build/Intermediates.noindex/ExplicitPrecompiledModules/Foundation-784HZ06DBRPIKOG5CMMNUFH8Z.scan
    cd /
    builtin-precompileModule /Users/buddhirajgautam/Library/Developer/Xcode/DerivedData/Telegram-Mac-fygdgghdgmuleoelvxabfmqiotta/Build/Intermediates.noindex/ExplicitPrecompiledModules/Foundation-784HZ06DBRPIKOG5CMMNUFH8Z.scan

SwiftDriverJobDiscovery normal arm64 Compiling GlobalBadgeNode.swift, AccountContext.swift, SE_TopicRowItem.swift, SharedAccountContext.swift, Wallpapers.swift, PeerUtils.swift (in target 'TelegramShare' from project 'Telegram')

PrecompileModule /Users/buddhirajgautam/Library/Developer/Xcode/DerivedData/Telegram-Mac-fygdgghdgmuleoelvxabfmqiotta/Build/Intermediates.noindex/ExplicitPrecompiledModules/ImageIO-BOJ9P7HE6AZ7WLTRJOP7U0OV8.scan
    cd /
    builtin-precompileModule /Users/buddhirajgautam/Library/Developer/Xcode/DerivedData/Telegram-Mac-fygdgghdgmuleoelvxabfmqiotta/Build/Intermediates.noindex/ExplicitPrecompiledModules/ImageIO-BOJ9P7HE6AZ7WLTRJOP7U0OV8.scan

ScanDependencies /Users/buddhirajgautam/Library/Developer/Xcode/DerivedData/Telegram-Mac-fygdgghdgmuleoelvxabfmqiotta/Build/Intermediates.noindex/Sparkle.build/Debug/Sparkle.build/Objects-normal/arm64/SUBundleIcon.o /Users/buddhirajgautam/Documents/Cherrygram-Mac/macOS-Swift/submodules/Sparkle/Sparkle/SUBundleIcon.m normal arm64 objective-c com.apple.compilers.llvm.clang.1_0.compiler (in target 'Sparkle' from project 'Sparkle')
    cd /Users/buddhirajgautam/Documents/Cherrygram-Mac/macOS-Swift/submodules/Sparkle
    
    Using response file: /Users/buddhirajgautam/Library/Developer/Xcode/DerivedData/Telegram-Mac-fygdgghdgmuleoelvxabfmqiotta/Build/Intermediates.noindex/Sparkle.build/Debug/Sparkle.build/Objects-normal/arm64/e6072d4f65d7061329687fe24e3d63a7-common-args.resp
    
    builtin-ScanDependencies -o /Users/buddhirajgautam/Library/Developer/Xcode/DerivedData/Telegram-Mac-fygdgghdgmuleoelvxabfmqiotta/Build/Intermediates.noindex/Sparkle.build/Debug/Sparkle.build/Objects-normal/arm64/SUBundleIcon.o.scan -- /Applications/Xcode.app/Contents/Developer/Toolchains/XcodeDefault.xctoolchain/usr/bin/clang -x objective-c -ivfsstatcache /Users/buddhirajgautam/Library/Developer/Xcode/DerivedData/SDKStatCaches.noindex/macosx27.0-26A425-e829b21a6f8c9b70876ba0858053c0447231f6df4def33e022ae2eb8f782df1a.sdkstatcache -target arm64-apple-macos12.0 -fmessage-length\=0 -fdiagnostics-show-note-include-stack -fmacro-backtrace-limit\=0 -fno-color-diagnostics -fmodules-prune-interval\=86400 -fmodules-prune-after\=345600 -fbuild-session-file\=/Users/buddhirajgautam/Library/Developer/Xcode/DerivedData/ModuleCache.noindex/Session.modulevalidation -fmodules-validate-once-per-build-session -Wnon-modular-include-in-framework-module -Werror\=non-modular-include-in-framework-module -Wno-trigraphs -Werror\=incompatible-pointer-types -Werror\=implicit-function-declaration -Wmissing-field-initializers -Wmissing-prototypes -Wdocumentation -Wunreachable-code -Wimplicit-atomic-properties -Wno-objc-interface-ivars -Wobjc-missing-property-synthesis -Warc-repeated-use-of-weak -Wno-arc-maybe-repeated-use-of-weak -Wexplicit-ownership-type -Wimplicit-retain-self -Wduplicate-method-match -Wmissing-braces -Wparentheses -Wswitch -Wunused-function -Wunused-label -Wunused-parameter -Wunused-variable -Wunused-value -Wempty-body -Wuninitialized -Wunknown-pragmas -Wshadow -Wfour-char-constants -Wconversion -Wconstant-conversion -Wint-conversion -Wbool-conversion -Wenum-conversion -Wfloat-conversion -Wnon-literal-null-conversion -Wobjc-literal-conversion -Wassign-enum -Wsign-compare -Wshorten-64-to-32 -Wpointer-sign -Wnewline-eof -Wselector -Wstrict-selector-match -Wundeclared-selector -Wdeprecated-implementations -Wno-implicit-fallthrough -isysroot /Applications/Xcode.app/Contents/Developer/Platforms/MacOSX.platform/Developer/SDKs/MacOSX27.0.sdk -fstrict-aliasing -Wprotocol -Wdeprecated-declarations -Wsign-conversion -Winfinite-recursion -Wcomma -Wblock-capture-autoreleasing -Wstrict-prototypes -Wno-semicolon-before-method-body -index-store-path /Users/buddhirajgautam/Library/Developer/Xcode/DerivedData/Telegram-Mac-fygdgghdgmuleoelvxabfmqiotta/Index.noindex/DataStore -Wall -Weverything -Wno-unused-macros -Wno-gnu-statement-expression -Wno-arc-repeated-use-of-weak -Wno-auto-import -Wno-gnu-zero-variadic-macro-arguments -Wno-custom-atomic-properties -Wno-implicit-atomic-properties @/Users/buddhirajgautam/Library/Developer/Xcode/DerivedData/Telegram-Mac-fygdgghdgmuleoelvxabfmqiotta/Build/Intermediates.noindex/Sparkle.build/Debug/Sparkle.build/Objects-normal/arm64/e6072d4f65d7061329687fe24e3d63a7-common-args.resp -MMD -MT dependencies -MF /Users/buddhirajgautam/Library/Developer/Xcode/DerivedData/Telegram-Mac-fygdgghdgmuleoelvxabfmqiotta/Build/Intermediates.noindex/Sparkle.build/Debug/Sparkle.build/Objects-normal/arm64/SUBundleIcon.d --serialize-diagnostics /Users/buddhirajgautam/Library/Developer/Xcode/DerivedData/Telegram-Mac-fygdgghdgmuleoelvxabfmqiotta/Build/Intermediates.noindex/Sparkle.build/Debug/Sparkle.build/Objects-normal/arm64/SUBundleIcon.dia -c /Users/buddhirajgautam/Documents/Cherrygram-Mac/macOS-Swift/submodules/Sparkle/Sparkle/SUBundleIcon.m -o /Users/buddhirajgautam/Library/Developer/Xcode/DerivedData/Telegram-Mac-fygdgghdgmuleoelvxabfmqiotta/Build/Intermediates.noindex/Sparkle.build/Debug/Sparkle.build/Objects-normal/arm64/SUBundleIcon.o -index-unit-output-path /Sparkle.build/Debug/Sparkle.build/Objects-normal/arm64/SUBundleIcon.o

ScanDependencies /Users/buddhirajgautam/Library/Developer/Xcode/DerivedData/Telegram-Mac-fygdgghdgmuleoelvxabfmqiotta/Build/Intermediates.noindex/Sparkle.build/Debug/Sparkle.build/Objects-normal/arm64/SUBinaryDeltaUnarchiver.o /Users/buddhirajgautam/Documents/Cherrygram-Mac/macOS-Swift/submodules/Sparkle/Sparkle/SUBinaryDeltaUnarchiver.m normal arm64 objective-c com.apple.compilers.llvm.clang.1_0.compiler (in target 'Sparkle' from project 'Sparkle')
    cd /Users/buddhirajgautam/Documents/Cherrygram-Mac/macOS-Swift/submodules/Sparkle
    
    Using response file: /Users/buddhirajgautam/Library/Developer/Xcode/DerivedData/Telegram-Mac-fygdgghdgmuleoelvxabfmqiotta/Build/Intermediates.noindex/Sparkle.build/Debug/Sparkle.build/Objects-normal/arm64/e6072d4f65d7061329687fe24e3d63a7-common-args.resp
    
    builtin-ScanDependencies -o /Users/buddhirajgautam/Library/Developer/Xcode/DerivedData/Telegram-Mac-fygdgghdgmuleoelvxabfmqiotta/Build/Intermediates.noindex/Sparkle.build/Debug/Sparkle.build/Objects-normal/arm64/SUBinaryDeltaUnarchiver.o.scan -- /Applications/Xcode.app/Contents/Developer/Toolchains/XcodeDefault.xctoolchain/usr/bin/clang -x objective-c -ivfsstatcache /Users/buddhirajgautam/Library/Developer/Xcode/DerivedData/SDKStatCaches.noindex/macosx27.0-26A425-e829b21a6f8c9b70876ba0858053c0447231f6df4def33e022ae2eb8f782df1a.sdkstatcache -target arm64-apple-macos12.0 -fmessage-length\=0 -fdiagnostics-show-note-include-stack -fmacro-backtrace-limit\=0 -fno-color-diagnostics -fmodules-prune-interval\=86400 -fmodules-prune-after\=345600 -fbuild-session-file\=/Users/buddhirajgautam/Library/Developer/Xcode/DerivedData/ModuleCache.noindex/Session.modulevalidation -fmodules-validate-once-per-build-session -Wnon-modular-include-in-framework-module -Werror\=non-modular-include-in-framework-module -Wno-trigraphs -Werror\=incompatible-pointer-types -Werror\=implicit-function-declaration -Wmissing-field-initializers -Wmissing-prototypes -Wdocumentation -Wunreachable-code -Wimplicit-atomic-properties -Wno-objc-interface-ivars -Wobjc-missing-property-synthesis -Warc-repeated-use-of-weak -Wno-arc-maybe-repeated-use-of-weak -Wexplicit-ownership-type -Wimplicit-retain-self -Wduplicate-method-match -Wmissing-braces -Wparentheses -Wswitch -Wunused-function -Wunused-label -Wunused-parameter -Wunused-variable -Wunused-value -Wempty-body -Wuninitialized -Wunknown-pragmas -Wshadow -Wfour-char-constants -Wconversion -Wconstant-conversion -Wint-conversion -Wbool-conversion -Wenum-conversion -Wfloat-conversion -Wnon-literal-null-conversion -Wobjc-literal-conversion -Wassign-enum -Wsign-compare -Wshorten-64-to-32 -Wpointer-sign -Wnewline-eof -Wselector -Wstrict-selector-match -Wundeclared-selector -Wdeprecated-implementations -Wno-implicit-fallthrough -isysroot /Applications/Xcode.app/Contents/Developer/Platforms/MacOSX.platform/Developer/SDKs/MacOSX27.0.sdk -fstrict-aliasing -Wprotocol -Wdeprecated-declarations -Wsign-conversion -Winfinite-recursion -Wcomma -Wblock-capture-autoreleasing -Wstrict-prototypes -Wno-semicolon-before-method-body -index-store-path /Users/buddhirajgautam/Library/Developer/Xcode/DerivedData/Telegram-Mac-fygdgghdgmuleoelvxabfmqiotta/Index.noindex/DataStore -Wall -Weverything -Wno-unused-macros -Wno-gnu-statement-expression -Wno-arc-repeated-use-of-weak -Wno-auto-import -Wno-gnu-zero-variadic-macro-arguments -Wno-custom-atomic-properties -Wno-implicit-atomic-properties @/Users/buddhirajgautam/Library/Developer/Xcode/DerivedData/Telegram-Mac-fygdgghdgmuleoelvxabfmqiotta/Build/Intermediates.noindex/Sparkle.build/Debug/Sparkle.build/Objects-normal/arm64/e6072d4f65d7061329687fe24e3d63a7-common-args.resp -MMD -MT dependencies -MF /Users/buddhirajgautam/Library/Developer/Xcode/DerivedData/Telegram-Mac-fygdgghdgmuleoelvxabfmqiotta/Build/Intermediates.noindex/Sparkle.build/Debug/Sparkle.build/Objects-normal/arm64/SUBinaryDeltaUnarchiver.d --serialize-diagnostics /Users/buddhirajgautam/Library/Developer/Xcode/DerivedData/Telegram-Mac-fygdgghdgmuleoelvxabfmqiotta/Build/Intermediates.noindex/Sparkle.build/Debug/Sparkle.build/Objects-normal/arm64/SUBinaryDeltaUnarchiver.dia -c /Users/buddhirajgautam/Documents/Cherrygram-Mac/macOS-Swift/submodules/Sparkle/Sparkle/SUBinaryDeltaUnarchiver.m -o /Users/buddhirajgautam/Library/Developer/Xcode/DerivedData/Telegram-Mac-fygdgghdgmuleoelvxabfmqiotta/Build/Intermediates.noindex/Sparkle.build/Debug/Sparkle.build/Objects-normal/arm64/SUBinaryDeltaUnarchiver.o -index-unit-output-path /Sparkle.build/Debug/Sparkle.build/Objects-normal/arm64/SUBinaryDeltaUnarchiver.o

ScanDependencies /Users/buddhirajgautam/Library/Developer/Xcode/DerivedData/Telegram-Mac-fygdgghdgmuleoelvxabfmqiotta/Build/Intermediates.noindex/Sparkle.build/Debug/Sparkle.build/Objects-normal/arm64/SUBinaryDeltaCommon.o /Users/buddhirajgautam/Documents/Cherrygram-Mac/macOS-Swift/submodules/Sparkle/Sparkle/SUBinaryDeltaCommon.m normal arm64 objective-c com.apple.compilers.llvm.clang.1_0.compiler (in target 'Sparkle' from project 'Sparkle')
    cd /Users/buddhirajgautam/Documents/Cherrygram-Mac/macOS-Swift/submodules/Sparkle
    
    Using response file: /Users/buddhirajgautam/Library/Developer/Xcode/DerivedData/Telegram-Mac-fygdgghdgmuleoelvxabfmqiotta/Build/Intermediates.noindex/Sparkle.build/Debug/Sparkle.build/Objects-normal/arm64/e6072d4f65d7061329687fe24e3d63a7-common-args.resp
    
    builtin-ScanDependencies -o /Users/buddhirajgautam/Library/Developer/Xcode/DerivedData/Telegram-Mac-fygdgghdgmuleoelvxabfmqiotta/Build/Intermediates.noindex/Sparkle.build/Debug/Sparkle.build/Objects-normal/arm64/SUBinaryDeltaCommon.o.scan -- /Applications/Xcode.app/Contents/Developer/Toolchains/XcodeDefault.xctoolchain/usr/bin/clang -x objective-c -ivfsstatcache /Users/buddhirajgautam/Library/Developer/Xcode/DerivedData/SDKStatCaches.noindex/macosx27.0-26A425-e829b21a6f8c9b70876ba0858053c0447231f6df4def33e022ae2eb8f782df1a.sdkstatcache -target arm64-apple-macos12.0 -fmessage-length\=0 -fdiagnostics-show-note-include-stack -fmacro-backtrace-limit\=0 -fno-color-diagnostics -fmodules-prune-interval\=86400 -fmodules-prune-after\=345600 -fbuild-session-file\=/Users/buddhirajgautam/Library/Developer/Xcode/DerivedData/ModuleCache.noindex/Session.modulevalidation -fmodules-validate-once-per-build-session -Wnon-modular-include-in-framework-module -Werror\=non-modular-include-in-framework-module -Wno-trigraphs -Werror\=incompatible-pointer-types -Werror\=implicit-function-declaration -Wmissing-field-initializers -Wmissing-prototypes -Wdocumentation -Wunreachable-code -Wimplicit-atomic-properties -Wno-objc-interface-ivars -Wobjc-missing-property-synthesis -Warc-repeated-use-of-weak -Wno-arc-maybe-repeated-use-of-weak -Wexplicit-ownership-type -Wimplicit-retain-self -Wduplicate-method-match -Wmissing-braces -Wparentheses -Wswitch -Wunused-function -Wunused-label -Wunused-parameter -Wunused-variable -Wunused-value -Wempty-body -Wuninitialized -Wunknown-pragmas -Wshadow -Wfour-char-constants -Wconversion -Wconstant-conversion -Wint-conversion -Wbool-conversion -Wenum-conversion -Wfloat-conversion -Wnon-literal-null-conversion -Wobjc-literal-conversion -Wassign-enum -Wsign-compare -Wshorten-64-to-32 -Wpointer-sign -Wnewline-eof -Wselector -Wstrict-selector-match -Wundeclared-selector -Wdeprecated-implementations -Wno-implicit-fallthrough -isysroot /Applications/Xcode.app/Contents/Developer/Platforms/MacOSX.platform/Developer/SDKs/MacOSX27.0.sdk -fstrict-aliasing -Wprotocol -Wdeprecated-declarations -Wsign-conversion -Winfinite-recursion -Wcomma -Wblock-capture-autoreleasing -Wstrict-prototypes -Wno-semicolon-before-method-body -index-store-path /Users/buddhirajgautam/Library/Developer/Xcode/DerivedData/Telegram-Mac-fygdgghdgmuleoelvxabfmqiotta/Index.noindex/DataStore -Wall -Weverything -Wno-unused-macros -Wno-gnu-statement-expression -Wno-arc-repeated-use-of-weak -Wno-auto-import -Wno-gnu-zero-variadic-macro-arguments -Wno-custom-atomic-properties -Wno-implicit-atomic-properties @/Users/buddhirajgautam/Library/Developer/Xcode/DerivedData/Telegram-Mac-fygdgghdgmuleoelvxabfmqiotta/Build/Intermediates.noindex/Sparkle.build/Debug/Sparkle.build/Objects-normal/arm64/e6072d4f65d7061329687fe24e3d63a7-common-args.resp -MMD -MT dependencies -MF /Users/buddhirajgautam/Library/Developer/Xcode/DerivedData/Telegram-Mac-fygdgghdgmuleoelvxabfmqiotta/Build/Intermediates.noindex/Sparkle.build/Debug/Sparkle.build/Objects-normal/arm64/SUBinaryDeltaCommon.d --serialize-diagnostics /Users/buddhirajgautam/Library/Developer/Xcode/DerivedData/Telegram-Mac-fygdgghdgmuleoelvxabfmqiotta/Build/Intermediates.noindex/Sparkle.build/Debug/Sparkle.build/Objects-normal/arm64/SUBinaryDeltaCommon.dia -c /Users/buddhirajgautam/Documents/Cherrygram-Mac/macOS-Swift/submodules/Sparkle/Sparkle/SUBinaryDeltaCommon.m -o /Users/buddhirajgautam/Library/Developer/Xcode/DerivedData/Telegram-Mac-fygdgghdgmuleoelvxabfmqiotta/Build/Intermediates.noindex/Sparkle.build/Debug/Sparkle.build/Objects-normal/arm64/SUBinaryDeltaCommon.o -index-unit-output-path /Sparkle.build/Debug/Sparkle.build/Objects-normal/arm64/SUBinaryDeltaCommon.o

ScanDependencies /Users/buddhirajgautam/Library/Developer/Xcode/DerivedData/Telegram-Mac-fygdgghdgmuleoelvxabfmqiotta/Build/Intermediates.noindex/Sparkle.build/Debug/Sparkle.build/Objects-normal/arm64/SUBinaryDeltaApply.o /Users/buddhirajgautam/Documents/Cherrygram-Mac/macOS-Swift/submodules/Sparkle/Sparkle/SUBinaryDeltaApply.m normal arm64 objective-c com.apple.compilers.llvm.clang.1_0.compiler (in target 'Sparkle' from project 'Sparkle')
    cd /Users/buddhirajgautam/Documents/Cherrygram-Mac/macOS-Swift/submodules/Sparkle
    
    Using response file: /Users/buddhirajgautam/Library/Developer/Xcode/DerivedData/Telegram-Mac-fygdgghdgmuleoelvxabfmqiotta/Build/Intermediates.noindex/Sparkle.build/Debug/Sparkle.build/Objects-normal/arm64/e6072d4f65d7061329687fe24e3d63a7-common-args.resp
    
    builtin-ScanDependencies -o /Users/buddhirajgautam/Library/Developer/Xcode/DerivedData/Telegram-Mac-fygdgghdgmuleoelvxabfmqiotta/Build/Intermediates.noindex/Sparkle.build/Debug/Sparkle.build/Objects-normal/arm64/SUBinaryDeltaApply.o.scan -- /Applications/Xcode.app/Contents/Developer/Toolchains/XcodeDefault.xctoolchain/usr/bin/clang -x objective-c -ivfsstatcache /Users/buddhirajgautam/Library/Developer/Xcode/DerivedData/SDKStatCaches.noindex/macosx27.0-26A425-e829b21a6f8c9b70876ba0858053c0447231f6df4def33e022ae2eb8f782df1a.sdkstatcache -target arm64-apple-macos12.0 -fmessage-length\=0 -fdiagnostics-show-note-include-stack -fmacro-backtrace-limit\=0 -fno-color-diagnostics -fmodules-prune-interval\=86400 -fmodules-prune-after\=345600 -fbuild-session-file\=/Users/buddhirajgautam/Library/Developer/Xcode/DerivedData/ModuleCache.noindex/Session.modulevalidation -fmodules-validate-once-per-build-session -Wnon-modular-include-in-framework-module -Werror\=non-modular-include-in-framework-module -Wno-trigraphs -Werror\=incompatible-pointer-types -Werror\=implicit-function-declaration -Wmissing-field-initializers -Wmissing-prototypes -Wdocumentation -Wunreachable-code -Wimplicit-atomic-properties -Wno-objc-interface-ivars -Wobjc-missing-property-synthesis -Warc-repeated-use-of-weak -Wno-arc-maybe-repeated-use-of-weak -Wexplicit-ownership-type -Wimplicit-retain-self -Wduplicate-method-match -Wmissing-braces -Wparentheses -Wswitch -Wunused-function -Wunused-label -Wunused-parameter -Wunused-variable -Wunused-value -Wempty-body -Wuninitialized -Wunknown-pragmas -Wshadow -Wfour-char-constants -Wconversion -Wconstant-conversion -Wint-conversion -Wbool-conversion -Wenum-conversion -Wfloat-conversion -Wnon-literal-null-conversion -Wobjc-literal-conversion -Wassign-enum -Wsign-compare -Wshorten-64-to-32 -Wpointer-sign -Wnewline-eof -Wselector -Wstrict-selector-match -Wundeclared-selector -Wdeprecated-implementations -Wno-implicit-fallthrough -isysroot /Applications/Xcode.app/Contents/Developer/Platforms/MacOSX.platform/Developer/SDKs/MacOSX27.0.sdk -fstrict-aliasing -Wprotocol -Wdeprecated-declarations -Wsign-conversion -Winfinite-recursion -Wcomma -Wblock-capture-autoreleasing -Wstrict-prototypes -Wno-semicolon-before-method-body -index-store-path /Users/buddhirajgautam/Library/Developer/Xcode/DerivedData/Telegram-Mac-fygdgghdgmuleoelvxabfmqiotta/Index.noindex/DataStore -Wall -Weverything -Wno-unused-macros -Wno-gnu-statement-expression -Wno-arc-repeated-use-of-weak -Wno-auto-import -Wno-gnu-zero-variadic-macro-arguments -Wno-custom-atomic-properties -Wno-implicit-atomic-properties @/Users/buddhirajgautam/Library/Developer/Xcode/DerivedData/Telegram-Mac-fygdgghdgmuleoelvxabfmqiotta/Build/Intermediates.noindex/Sparkle.build/Debug/Sparkle.build/Objects-normal/arm64/e6072d4f65d7061329687fe24e3d63a7-common-args.resp -MMD -MT dependencies -MF /Users/buddhirajgautam/Library/Developer/Xcode/DerivedData/Telegram-Mac-fygdgghdgmuleoelvxabfmqiotta/Build/Intermediates.noindex/Sparkle.build/Debug/Sparkle.build/Objects-normal/arm64/SUBinaryDeltaApply.d --serialize-diagnostics /Users/buddhirajgautam/Library/Developer/Xcode/DerivedData/Telegram-Mac-fygdgghdgmuleoelvxabfmqiotta/Build/Intermediates.noindex/Sparkle.build/Debug/Sparkle.build/Objects-normal/arm64/SUBinaryDeltaApply.dia -c /Users/buddhirajgautam/Documents/Cherrygram-Mac/macOS-Swift/submodules/Sparkle/Sparkle/SUBinaryDeltaApply.m -o /Users/buddhirajgautam/Library/Developer/Xcode/DerivedData/Telegram-Mac-fygdgghdgmuleoelvxabfmqiotta/Build/Intermediates.noindex/Sparkle.build/Debug/Sparkle.build/Objects-normal/arm64/SUBinaryDeltaApply.o -index-unit-output-path /Sparkle.build/Debug/Sparkle.build/Objects-normal/arm64/SUBinaryDeltaApply.o

ScanDependencies /Users/buddhirajgautam/Library/Developer/Xcode/DerivedData/Telegram-Mac-fygdgghdgmuleoelvxabfmqiotta/Build/Intermediates.noindex/Sparkle.build/Debug/Sparkle.build/Objects-normal/arm64/SUBasicUpdateDriver.o /Users/buddhirajgautam/Documents/Cherrygram-Mac/macOS-Swift/submodules/Sparkle/Sparkle/SUBasicUpdateDriver.m normal arm64 objective-c com.apple.compilers.llvm.clang.1_0.compiler (in target 'Sparkle' from project 'Sparkle')
    cd /Users/buddhirajgautam/Documents/Cherrygram-Mac/macOS-Swift/submodules/Sparkle
    
    Using response file: /Users/buddhirajgautam/Library/Developer/Xcode/DerivedData/Telegram-Mac-fygdgghdgmuleoelvxabfmqiotta/Build/Intermediates.noindex/Sparkle.build/Debug/Sparkle.build/Objects-normal/arm64/e6072d4f65d7061329687fe24e3d63a7-common-args.resp
    
    builtin-ScanDependencies -o /Users/buddhirajgautam/Library/Developer/Xcode/DerivedData/Telegram-Mac-fygdgghdgmuleoelvxabfmqiotta/Build/Intermediates.noindex/Sparkle.build/Debug/Sparkle.build/Objects-normal/arm64/SUBasicUpdateDriver.o.scan -- /Applications/Xcode.app/Contents/Developer/Toolchains/XcodeDefault.xctoolchain/usr/bin/clang -x objective-c -ivfsstatcache /Users/buddhirajgautam/Library/Developer/Xcode/DerivedData/SDKStatCaches.noindex/macosx27.0-26A425-e829b21a6f8c9b70876ba0858053c0447231f6df4def33e022ae2eb8f782df1a.sdkstatcache -target arm64-apple-macos12.0 -fmessage-length\=0 -fdiagnostics-show-note-include-stack -fmacro-backtrace-limit\=0 -fno-color-diagnostics -fmodules-prune-interval\=86400 -fmodules-prune-after\=345600 -fbuild-session-file\=/Users/buddhirajgautam/Library/Developer/Xcode/DerivedData/ModuleCache.noindex/Session.modulevalidation -fmodules-validate-once-per-build-session -Wnon-modular-include-in-framework-module -Werror\=non-modular-include-in-framework-module -Wno-trigraphs -Werror\=incompatible-pointer-types -Werror\=implicit-function-declaration -Wmissing-field-initializers -Wmissing-prototypes -Wdocumentation -Wunreachable-code -Wimplicit-atomic-properties -Wno-objc-interface-ivars -Wobjc-missing-property-synthesis -Warc-repeated-use-of-weak -Wno-arc-maybe-repeated-use-of-weak -Wexplicit-ownership-type -Wimplicit-retain-self -Wduplicate-method-match -Wmissing-braces -Wparentheses -Wswitch -Wunused-function -Wunused-label -Wunused-parameter -Wunused-variable -Wunused-value -Wempty-body -Wuninitialized -Wunknown-pragmas -Wshadow -Wfour-char-constants -Wconversion -Wconstant-conversion -Wint-conversion -Wbool-conversion -Wenum-conversion -Wfloat-conversion -Wnon-literal-null-conversion -Wobjc-literal-conversion -Wassign-enum -Wsign-compare -Wshorten-64-to-32 -Wpointer-sign -Wnewline-eof -Wselector -Wstrict-selector-match -Wundeclared-selector -Wdeprecated-implementations -Wno-implicit-fallthrough -isysroot /Applications/Xcode.app/Contents/Developer/Platforms/MacOSX.platform/Developer/SDKs/MacOSX27.0.sdk -fstrict-aliasing -Wprotocol -Wdeprecated-declarations -Wsign-conversion -Winfinite-recursion -Wcomma -Wblock-capture-autoreleasing -Wstrict-prototypes -Wno-semicolon-before-method-body -index-store-path /Users/buddhirajgautam/Library/Developer/Xcode/DerivedData/Telegram-Mac-fygdgghdgmuleoelvxabfmqiotta/Index.noindex/DataStore -Wall -Weverything -Wno-unused-macros -Wno-gnu-statement-expression -Wno-arc-repeated-use-of-weak -Wno-auto-import -Wno-gnu-zero-variadic-macro-arguments -Wno-custom-atomic-properties -Wno-implicit-atomic-properties @/Users/buddhirajgautam/Library/Developer/Xcode/DerivedData/Telegram-Mac-fygdgghdgmuleoelvxabfmqiotta/Build/Intermediates.noindex/Sparkle.build/Debug/Sparkle.build/Objects-normal/arm64/e6072d4f65d7061329687fe24e3d63a7-common-args.resp -MMD -MT dependencies -MF /Users/buddhirajgautam/Library/Developer/Xcode/DerivedData/Telegram-Mac-fygdgghdgmuleoelvxabfmqiotta/Build/Intermediates.noindex/Sparkle.build/Debug/Sparkle.build/Objects-normal/arm64/SUBasicUpdateDriver.d --serialize-diagnostics /Users/buddhirajgautam/Library/Developer/Xcode/DerivedData/Telegram-Mac-fygdgghdgmuleoelvxabfmqiotta/Build/Intermediates.noindex/Sparkle.build/Debug/Sparkle.build/Objects-normal/arm64/SUBasicUpdateDriver.dia -c /Users/buddhirajgautam/Documents/Cherrygram-Mac/macOS-Swift/submodules/Sparkle/Sparkle/SUBasicUpdateDriver.m -o /Users/buddhirajgautam/Library/Developer/Xcode/DerivedData/Telegram-Mac-fygdgghdgmuleoelvxabfmqiotta/Build/Intermediates.noindex/Sparkle.build/Debug/Sparkle.build/Objects-normal/arm64/SUBasicUpdateDriver.o -index-unit-output-path /Sparkle.build/Debug/Sparkle.build/Objects-normal/arm64/SUBasicUpdateDriver.o

ScanDependencies /Users/buddhirajgautam/Library/Developer/Xcode/DerivedData/Telegram-Mac-fygdgghdgmuleoelvxabfmqiotta/Build/Intermediates.noindex/Sparkle.build/Debug/Sparkle.build/Objects-normal/arm64/SUAutomaticUpdateDriver.o /Users/buddhirajgautam/Documents/Cherrygram-Mac/macOS-Swift/submodules/Sparkle/Sparkle/SUAutomaticUpdateDriver.m normal arm64 objective-c com.apple.compilers.llvm.clang.1_0.compiler (in target 'Sparkle' from project 'Sparkle')
    cd /Users/buddhirajgautam/Documents/Cherrygram-Mac/macOS-Swift/submodules/Sparkle
    
    Using response file: /Users/buddhirajgautam/Library/Developer/Xcode/DerivedData/Telegram-Mac-fygdgghdgmuleoelvxabfmqiotta/Build/Intermediates.noindex/Sparkle.build/Debug/Sparkle.build/Objects-normal/arm64/e6072d4f65d7061329687fe24e3d63a7-common-args.resp
    
    builtin-ScanDependencies -o /Users/buddhirajgautam/Library/Developer/Xcode/DerivedData/Telegram-Mac-fygdgghdgmuleoelvxabfmqiotta/Build/Intermediates.noindex/Sparkle.build/Debug/Sparkle.build/Objects-normal/arm64/SUAutomaticUpdateDriver.o.scan -- /Applications/Xcode.app/Contents/Developer/Toolchains/XcodeDefault.xctoolchain/usr/bin/clang -x objective-c -ivfsstatcache /Users/buddhirajgautam/Library/Developer/Xcode/DerivedData/SDKStatCaches.noindex/macosx27.0-26A425-e829b21a6f8c9b70876ba0858053c0447231f6df4def33e022ae2eb8f782df1a.sdkstatcache -target arm64-apple-macos12.0 -fmessage-length\=0 -fdiagnostics-show-note-include-stack -fmacro-backtrace-limit\=0 -fno-color-diagnostics -fmodules-prune-interval\=86400 -fmodules-prune-after\=345600 -fbuild-session-file\=/Users/buddhirajgautam/Library/Developer/Xcode/DerivedData/ModuleCache.noindex/Session.modulevalidation -fmodules-validate-once-per-build-session -Wnon-modular-include-in-framework-module -Werror\=non-modular-include-in-framework-module -Wno-trigraphs -Werror\=incompatible-pointer-types -Werror\=implicit-function-declaration -Wmissing-field-initializers -Wmissing-prototypes -Wdocumentation -Wunreachable-code -Wimplicit-atomic-properties -Wno-objc-interface-ivars -Wobjc-missing-property-synthesis -Warc-repeated-use-of-weak -Wno-arc-maybe-repeated-use-of-weak -Wexplicit-ownership-type -Wimplicit-retain-self -Wduplicate-method-match -Wmissing-braces -Wparentheses -Wswitch -Wunused-function -Wunused-label -Wunused-parameter -Wunused-variable -Wunused-value -Wempty-body -Wuninitialized -Wunknown-pragmas -Wshadow -Wfour-char-constants -Wconversion -Wconstant-conversion -Wint-conversion -Wbool-conversion -Wenum-conversion -Wfloat-conversion -Wnon-literal-null-conversion -Wobjc-literal-conversion -Wassign-enum -Wsign-compare -Wshorten-64-to-32 -Wpointer-sign -Wnewline-eof -Wselector -Wstrict-selector-match -Wundeclared-selector -Wdeprecated-implementations -Wno-implicit-fallthrough -isysroot /Applications/Xcode.app/Contents/Developer/Platforms/MacOSX.platform/Developer/SDKs/MacOSX27.0.sdk -fstrict-aliasing -Wprotocol -Wdeprecated-declarations -Wsign-conversion -Winfinite-recursion -Wcomma -Wblock-capture-autoreleasing -Wstrict-prototypes -Wno-semicolon-before-method-body -index-store-path /Users/buddhirajgautam/Library/Developer/Xcode/DerivedData/Telegram-Mac-fygdgghdgmuleoelvxabfmqiotta/Index.noindex/DataStore -Wall -Weverything -Wno-unused-macros -Wno-gnu-statement-expression -Wno-arc-repeated-use-of-weak -Wno-auto-import -Wno-gnu-zero-variadic-macro-arguments -Wno-custom-atomic-properties -Wno-implicit-atomic-properties @/Users/buddhirajgautam/Library/Developer/Xcode/DerivedData/Telegram-Mac-fygdgghdgmuleoelvxabfmqiotta/Build/Intermediates.noindex/Sparkle.build/Debug/Sparkle.build/Objects-normal/arm64/e6072d4f65d7061329687fe24e3d63a7-common-args.resp -MMD -MT dependencies -MF /Users/buddhirajgautam/Library/Developer/Xcode/DerivedData/Telegram-Mac-fygdgghdgmuleoelvxabfmqiotta/Build/Intermediates.noindex/Sparkle.build/Debug/Sparkle.build/Objects-normal/arm64/SUAutomaticUpdateDriver.d --serialize-diagnostics /Users/buddhirajgautam/Library/Developer/Xcode/DerivedData/Telegram-Mac-fygdgghdgmuleoelvxabfmqiotta/Build/Intermediates.noindex/Sparkle.build/Debug/Sparkle.build/Objects-normal/arm64/SUAutomaticUpdateDriver.dia -c /Users/buddhirajgautam/Documents/Cherrygram-Mac/macOS-Swift/submodules/Sparkle/Sparkle/SUAutomaticUpdateDriver.m -o /Users/buddhirajgautam/Library/Developer/Xcode/DerivedData/Telegram-Mac-fygdgghdgmuleoelvxabfmqiotta/Build/Intermediates.noindex/Sparkle.build/Debug/Sparkle.build/Objects-normal/arm64/SUAutomaticUpdateDriver.o -index-unit-output-path /Sparkle.build/Debug/Sparkle.build/Objects-normal/arm64/SUAutomaticUpdateDriver.o

ScanDependencies /Users/buddhirajgautam/Library/Developer/Xcode/DerivedData/Telegram-Mac-fygdgghdgmuleoelvxabfmqiotta/Build/Intermediates.noindex/Sparkle.build/Debug/Sparkle.build/Objects-normal/arm64/SUAutomaticUpdateAlert.o /Users/buddhirajgautam/Documents/Cherrygram-Mac/macOS-Swift/submodules/Sparkle/Sparkle/SUAutomaticUpdateAlert.m normal arm64 objective-c com.apple.compilers.llvm.clang.1_0.compiler (in target 'Sparkle' from project 'Sparkle')
    cd /Users/buddhirajgautam/Documents/Cherrygram-Mac/macOS-Swift/submodules/Sparkle
    
    Using response file: /Users/buddhirajgautam/Library/Developer/Xcode/DerivedData/Telegram-Mac-fygdgghdgmuleoelvxabfmqiotta/Build/Intermediates.noindex/Sparkle.build/Debug/Sparkle.build/Objects-normal/arm64/e6072d4f65d7061329687fe24e3d63a7-common-args.resp
    
    builtin-ScanDependencies -o /Users/buddhirajgautam/Library/Developer/Xcode/DerivedData/Telegram-Mac-fygdgghdgmuleoelvxabfmqiotta/Build/Intermediates.noindex/Sparkle.build/Debug/Sparkle.build/Objects-normal/arm64/SUAutomaticUpdateAlert.o.scan -- /Applications/Xcode.app/Contents/Developer/Toolchains/XcodeDefault.xctoolchain/usr/bin/clang -x objective-c -ivfsstatcache /Users/buddhirajgautam/Library/Developer/Xcode/DerivedData/SDKStatCaches.noindex/macosx27.0-26A425-e829b21a6f8c9b70876ba0858053c0447231f6df4def33e022ae2eb8f782df1a.sdkstatcache -target arm64-apple-macos12.0 -fmessage-length\=0 -fdiagnostics-show-note-include-stack -fmacro-backtrace-limit\=0 -fno-color-diagnostics -fmodules-prune-interval\=86400 -fmodules-prune-after\=345600 -fbuild-session-file\=/Users/buddhirajgautam/Library/Developer/Xcode/DerivedData/ModuleCache.noindex/Session.modulevalidation -fmodules-validate-once-per-build-session -Wnon-modular-include-in-framework-module -Werror\=non-modular-include-in-framework-module -Wno-trigraphs -Werror\=incompatible-pointer-types -Werror\=implicit-function-declaration -Wmissing-field-initializers -Wmissing-prototypes -Wdocumentation -Wunreachable-code -Wimplicit-atomic-properties -Wno-objc-interface-ivars -Wobjc-missing-property-synthesis -Warc-repeated-use-of-weak -Wno-arc-maybe-repeated-use-of-weak -Wexplicit-ownership-type -Wimplicit-retain-self -Wduplicate-method-match -Wmissing-braces -Wparentheses -Wswitch -Wunused-function -Wunused-label -Wunused-parameter -Wunused-variable -Wunused-value -Wempty-body -Wuninitialized -Wunknown-pragmas -Wshadow -Wfour-char-constants -Wconversion -Wconstant-conversion -Wint-conversion -Wbool-conversion -Wenum-conversion -Wfloat-conversion -Wnon-literal-null-conversion -Wobjc-literal-conversion -Wassign-enum -Wsign-compare -Wshorten-64-to-32 -Wpointer-sign -Wnewline-eof -Wselector -Wstrict-selector-match -Wundeclared-selector -Wdeprecated-implementations -Wno-implicit-fallthrough -isysroot /Applications/Xcode.app/Contents/Developer/Platforms/MacOSX.platform/Developer/SDKs/MacOSX27.0.sdk -fstrict-aliasing -Wprotocol -Wdeprecated-declarations -Wsign-conversion -Winfinite-recursion -Wcomma -Wblock-capture-autoreleasing -Wstrict-prototypes -Wno-semicolon-before-method-body -index-store-path /Users/buddhirajgautam/Library/Developer/Xcode/DerivedData/Telegram-Mac-fygdgghdgmuleoelvxabfmqiotta/Index.noindex/DataStore -Wall -Weverything -Wno-unused-macros -Wno-gnu-statement-expression -Wno-arc-repeated-use-of-weak -Wno-auto-import -Wno-gnu-zero-variadic-macro-arguments -Wno-custom-atomic-properties -Wno-implicit-atomic-properties @/Users/buddhirajgautam/Library/Developer/Xcode/DerivedData/Telegram-Mac-fygdgghdgmuleoelvxabfmqiotta/Build/Intermediates.noindex/Sparkle.build/Debug/Sparkle.build/Objects-normal/arm64/e6072d4f65d7061329687fe24e3d63a7-common-args.resp -MMD -MT dependencies -MF /Users/buddhirajgautam/Library/Developer/Xcode/DerivedData/Telegram-Mac-fygdgghdgmuleoelvxabfmqiotta/Build/Intermediates.noindex/Sparkle.build/Debug/Sparkle.build/Objects-normal/arm64/SUAutomaticUpdateAlert.d --serialize-diagnostics /Users/buddhirajgautam/Library/Developer/Xcode/DerivedData/Telegram-Mac-fygdgghdgmuleoelvxabfmqiotta/Build/Intermediates.noindex/Sparkle.build/Debug/Sparkle.build/Objects-normal/arm64/SUAutomaticUpdateAlert.dia -c /Users/buddhirajgautam/Documents/Cherrygram-Mac/macOS-Swift/submodules/Sparkle/Sparkle/SUAutomaticUpdateAlert.m -o /Users/buddhirajgautam/Library/Developer/Xcode/DerivedData/Telegram-Mac-fygdgghdgmuleoelvxabfmqiotta/Build/Intermediates.noindex/Sparkle.build/Debug/Sparkle.build/Objects-normal/arm64/SUAutomaticUpdateAlert.o -index-unit-output-path /Sparkle.build/Debug/Sparkle.build/Objects-normal/arm64/SUAutomaticUpdateAlert.o

ScanDependencies /Users/buddhirajgautam/Library/Developer/Xcode/DerivedData/Telegram-Mac-fygdgghdgmuleoelvxabfmqiotta/Build/Intermediates.noindex/Sparkle.build/Debug/Sparkle.build/Objects-normal/arm64/SUApplicationInfo.o /Users/buddhirajgautam/Documents/Cherrygram-Mac/macOS-Swift/submodules/Sparkle/Sparkle/SUApplicationInfo.m normal arm64 objective-c com.apple.compilers.llvm.clang.1_0.compiler (in target 'Sparkle' from project 'Sparkle')
    cd /Users/buddhirajgautam/Documents/Cherrygram-Mac/macOS-Swift/submodules/Sparkle
    
    Using response file: /Users/buddhirajgautam/Library/Developer/Xcode/DerivedData/Telegram-Mac-fygdgghdgmuleoelvxabfmqiotta/Build/Intermediates.noindex/Sparkle.build/Debug/Sparkle.build/Objects-normal/arm64/e6072d4f65d7061329687fe24e3d63a7-common-args.resp
    
    builtin-ScanDependencies -o /Users/buddhirajgautam/Library/Developer/Xcode/DerivedData/Telegram-Mac-fygdgghdgmuleoelvxabfmqiotta/Build/Intermediates.noindex/Sparkle.build/Debug/Sparkle.build/Objects-normal/arm64/SUApplicationInfo.o.scan -- /Applications/Xcode.app/Contents/Developer/Toolchains/XcodeDefault.xctoolchain/usr/bin/clang -x objective-c -ivfsstatcache /Users/buddhirajgautam/Library/Developer/Xcode/DerivedData/SDKStatCaches.noindex/macosx27.0-26A425-e829b21a6f8c9b70876ba0858053c0447231f6df4def33e022ae2eb8f782df1a.sdkstatcache -target arm64-apple-macos12.0 -fmessage-length\=0 -fdiagnostics-show-note-include-stack -fmacro-backtrace-limit\=0 -fno-color-diagnostics -fmodules-prune-interval\=86400 -fmodules-prune-after\=345600 -fbuild-session-file\=/Users/buddhirajgautam/Library/Developer/Xcode/DerivedData/ModuleCache.noindex/Session.modulevalidation -fmodules-validate-once-per-build-session -Wnon-modular-include-in-framework-module -Werror\=non-modular-include-in-framework-module -Wno-trigraphs -Werror\=incompatible-pointer-types -Werror\=implicit-function-declaration -Wmissing-field-initializers -Wmissing-prototypes -Wdocumentation -Wunreachable-code -Wimplicit-atomic-properties -Wno-objc-interface-ivars -Wobjc-missing-property-synthesis -Warc-repeated-use-of-weak -Wno-arc-maybe-repeated-use-of-weak -Wexplicit-ownership-type -Wimplicit-retain-self -Wduplicate-method-match -Wmissing-braces -Wparentheses -Wswitch -Wunused-function -Wunused-label -Wunused-parameter -Wunused-variable -Wunused-value -Wempty-body -Wuninitialized -Wunknown-pragmas -Wshadow -Wfour-char-constants -Wconversion -Wconstant-conversion -Wint-conversion -Wbool-conversion -Wenum-conversion -Wfloat-conversion -Wnon-literal-null-conversion -Wobjc-literal-conversion -Wassign-enum -Wsign-compare -Wshorten-64-to-32 -Wpointer-sign -Wnewline-eof -Wselector -Wstrict-selector-match -Wundeclared-selector -Wdeprecated-implementations -Wno-implicit-fallthrough -isysroot /Applications/Xcode.app/Contents/Developer/Platforms/MacOSX.platform/Developer/SDKs/MacOSX27.0.sdk -fstrict-aliasing -Wprotocol -Wdeprecated-declarations -Wsign-conversion -Winfinite-recursion -Wcomma -Wblock-capture-autoreleasing -Wstrict-prototypes -Wno-semicolon-before-method-body -index-store-path /Users/buddhirajgautam/Library/Developer/Xcode/DerivedData/Telegram-Mac-fygdgghdgmuleoelvxabfmqiotta/Index.noindex/DataStore -Wall -Weverything -Wno-unused-macros -Wno-gnu-statement-expression -Wno-arc-repeated-use-of-weak -Wno-auto-import -Wno-gnu-zero-variadic-macro-arguments -Wno-custom-atomic-properties -Wno-implicit-atomic-properties @/Users/buddhirajgautam/Library/Developer/Xcode/DerivedData/Telegram-Mac-fygdgghdgmuleoelvxabfmqiotta/Build/Intermediates.noindex/Sparkle.build/Debug/Sparkle.build/Objects-normal/arm64/e6072d4f65d7061329687fe24e3d63a7-common-args.resp -MMD -MT dependencies -MF /Users/buddhirajgautam/Library/Developer/Xcode/DerivedData/Telegram-Mac-fygdgghdgmuleoelvxabfmqiotta/Build/Intermediates.noindex/Sparkle.build/Debug/Sparkle.build/Objects-normal/arm64/SUApplicationInfo.d --serialize-diagnostics /Users/buddhirajgautam/Library/Developer/Xcode/DerivedData/Telegram-Mac-fygdgghdgmuleoelvxabfmqiotta/Build/Intermediates.noindex/Sparkle.build/Debug/Sparkle.build/Objects-normal/arm64/SUApplicationInfo.dia -c /Users/buddhirajgautam/Documents/Cherrygram-Mac/macOS-Swift/submodules/Sparkle/Sparkle/SUApplicationInfo.m -o /Users/buddhirajgautam/Library/Developer/Xcode/DerivedData/Telegram-Mac-fygdgghdgmuleoelvxabfmqiotta/Build/Intermediates.noindex/Sparkle.build/Debug/Sparkle.build/Objects-normal/arm64/SUApplicationInfo.o -index-unit-output-path /Sparkle.build/Debug/Sparkle.build/Objects-normal/arm64/SUApplicationInfo.o

ScanDependencies /Users/buddhirajgautam/Library/Developer/Xcode/DerivedData/Telegram-Mac-fygdgghdgmuleoelvxabfmqiotta/Build/Intermediates.noindex/Sparkle.build/Debug/Sparkle.build/Objects-normal/arm64/SUAppcastItem.o /Users/buddhirajgautam/Documents/Cherrygram-Mac/macOS-Swift/submodules/Sparkle/Sparkle/SUAppcastItem.m normal arm64 objective-c com.apple.compilers.llvm.clang.1_0.compiler (in target 'Sparkle' from project 'Sparkle')
    cd /Users/buddhirajgautam/Documents/Cherrygram-Mac/macOS-Swift/submodules/Sparkle
    
    Using response file: /Users/buddhirajgautam/Library/Developer/Xcode/DerivedData/Telegram-Mac-fygdgghdgmuleoelvxabfmqiotta/Build/Intermediates.noindex/Sparkle.build/Debug/Sparkle.build/Objects-normal/arm64/e6072d4f65d7061329687fe24e3d63a7-common-args.resp
    
    builtin-ScanDependencies -o /Users/buddhirajgautam/Library/Developer/Xcode/DerivedData/Telegram-Mac-fygdgghdgmuleoelvxabfmqiotta/Build/Intermediates.noindex/Sparkle.build/Debug/Sparkle.build/Objects-normal/arm64/SUAppcastItem.o.scan -- /Applications/Xcode.app/Contents/Developer/Toolchains/XcodeDefault.xctoolchain/usr/bin/clang -x objective-c -ivfsstatcache /Users/buddhirajgautam/Library/Developer/Xcode/DerivedData/SDKStatCaches.noindex/macosx27.0-26A425-e829b21a6f8c9b70876ba0858053c0447231f6df4def33e022ae2eb8f782df1a.sdkstatcache -target arm64-apple-macos12.0 -fmessage-length\=0 -fdiagnostics-show-note-include-stack -fmacro-backtrace-limit\=0 -fno-color-diagnostics -fmodules-prune-interval\=86400 -fmodules-prune-after\=345600 -fbuild-session-file\=/Users/buddhirajgautam/Library/Developer/Xcode/DerivedData/ModuleCache.noindex/Session.modulevalidation -fmodules-validate-once-per-build-session -Wnon-modular-include-in-framework-module -Werror\=non-modular-include-in-framework-module -Wno-trigraphs -Werror\=incompatible-pointer-types -Werror\=implicit-function-declaration -Wmissing-field-initializers -Wmissing-prototypes -Wdocumentation -Wunreachable-code -Wimplicit-atomic-properties -Wno-objc-interface-ivars -Wobjc-missing-property-synthesis -Warc-repeated-use-of-weak -Wno-arc-maybe-repeated-use-of-weak -Wexplicit-ownership-type -Wimplicit-retain-self -Wduplicate-method-match -Wmissing-braces -Wparentheses -Wswitch -Wunused-function -Wunused-label -Wunused-parameter -Wunused-variable -Wunused-value -Wempty-body -Wuninitialized -Wunknown-pragmas -Wshadow -Wfour-char-constants -Wconversion -Wconstant-conversion -Wint-conversion -Wbool-conversion -Wenum-conversion -Wfloat-conversion -Wnon-literal-null-conversion -Wobjc-literal-conversion -Wassign-enum -Wsign-compare -Wshorten-64-to-32 -Wpointer-sign -Wnewline-eof -Wselector -Wstrict-selector-match -Wundeclared-selector -Wdeprecated-implementations -Wno-implicit-fallthrough -isysroot /Applications/Xcode.app/Contents/Developer/Platforms/MacOSX.platform/Developer/SDKs/MacOSX27.0.sdk -fstrict-aliasing -Wprotocol -Wdeprecated-declarations -Wsign-conversion -Winfinite-recursion -Wcomma -Wblock-capture-autoreleasing -Wstrict-prototypes -Wno-semicolon-before-method-body -index-store-path /Users/buddhirajgautam/Library/Developer/Xcode/DerivedData/Telegram-Mac-fygdgghdgmuleoelvxabfmqiotta/Index.noindex/DataStore -Wall -Weverything -Wno-unused-macros -Wno-gnu-statement-expression -Wno-arc-repeated-use-of-weak -Wno-auto-import -Wno-gnu-zero-variadic-macro-arguments -Wno-custom-atomic-properties -Wno-implicit-atomic-properties @/Users/buddhirajgautam/Library/Developer/Xcode/DerivedData/Telegram-Mac-fygdgghdgmuleoelvxabfmqiotta/Build/Intermediates.noindex/Sparkle.build/Debug/Sparkle.build/Objects-normal/arm64/e6072d4f65d7061329687fe24e3d63a7-common-args.resp -MMD -MT dependencies -MF /Users/buddhirajgautam/Library/Developer/Xcode/DerivedData/Telegram-Mac-fygdgghdgmuleoelvxabfmqiotta/Build/Intermediates.noindex/Sparkle.build/Debug/Sparkle.build/Objects-normal/arm64/SUAppcastItem.d --serialize-diagnostics /Users/buddhirajgautam/Library/Developer/Xcode/DerivedData/Telegram-Mac-fygdgghdgmuleoelvxabfmqiotta/Build/Intermediates.noindex/Sparkle.build/Debug/Sparkle.build/Objects-normal/arm64/SUAppcastItem.dia -c /Users/buddhirajgautam/Documents/Cherrygram-Mac/macOS-Swift/submodules/Sparkle/Sparkle/SUAppcastItem.m -o /Users/buddhirajgautam/Library/Developer/Xcode/DerivedData/Telegram-Mac-fygdgghdgmuleoelvxabfmqiotta/Build/Intermediates.noindex/Sparkle.build/Debug/Sparkle.build/Objects-normal/arm64/SUAppcastItem.o -index-unit-output-path /Sparkle.build/Debug/Sparkle.build/Objects-normal/arm64/SUAppcastItem.o

ScanDependencies /Users/buddhirajgautam/Library/Developer/Xcode/DerivedData/Telegram-Mac-fygdgghdgmuleoelvxabfmqiotta/Build/Intermediates.noindex/Sparkle.build/Debug/Sparkle.build/Objects-normal/arm64/SUAppcast.o /Users/buddhirajgautam/Documents/Cherrygram-Mac/macOS-Swift/submodules/Sparkle/Sparkle/SUAppcast.m normal arm64 objective-c com.apple.compilers.llvm.clang.1_0.compiler (in target 'Sparkle' from project 'Sparkle')
    cd /Users/buddhirajgautam/Documents/Cherrygram-Mac/macOS-Swift/submodules/Sparkle
    
    Using response file: /Users/buddhirajgautam/Library/Developer/Xcode/DerivedData/Telegram-Mac-fygdgghdgmuleoelvxabfmqiotta/Build/Intermediates.noindex/Sparkle.build/Debug/Sparkle.build/Objects-normal/arm64/e6072d4f65d7061329687fe24e3d63a7-common-args.resp
    
    builtin-ScanDependencies -o /Users/buddhirajgautam/Library/Developer/Xcode/DerivedData/Telegram-Mac-fygdgghdgmuleoelvxabfmqiotta/Build/Intermediates.noindex/Sparkle.build/Debug/Sparkle.build/Objects-normal/arm64/SUAppcast.o.scan -- /Applications/Xcode.app/Contents/Developer/Toolchains/XcodeDefault.xctoolchain/usr/bin/clang -x objective-c -ivfsstatcache /Users/buddhirajgautam/Library/Developer/Xcode/DerivedData/SDKStatCaches.noindex/macosx27.0-26A425-e829b21a6f8c9b70876ba0858053c0447231f6df4def33e022ae2eb8f782df1a.sdkstatcache -target arm64-apple-macos12.0 -fmessage-length\=0 -fdiagnostics-show-note-include-stack -fmacro-backtrace-limit\=0 -fno-color-diagnostics -fmodules-prune-interval\=86400 -fmodules-prune-after\=345600 -fbuild-session-file\=/Users/buddhirajgautam/Library/Developer/Xcode/DerivedData/ModuleCache.noindex/Session.modulevalidation -fmodules-validate-once-per-build-session -Wnon-modular-include-in-framework-module -Werror\=non-modular-include-in-framework-module -Wno-trigraphs -Werror\=incompatible-pointer-types -Werror\=implicit-function-declaration -Wmissing-field-initializers -Wmissing-prototypes -Wdocumentation -Wunreachable-code -Wimplicit-atomic-properties -Wno-objc-interface-ivars -Wobjc-missing-property-synthesis -Warc-repeated-use-of-weak -Wno-arc-maybe-repeated-use-of-weak -Wexplicit-ownership-type -Wimplicit-retain-self -Wduplicate-method-match -Wmissing-braces -Wparentheses -Wswitch -Wunused-function -Wunused-label -Wunused-parameter -Wunused-variable -Wunused-value -Wempty-body -Wuninitialized -Wunknown-pragmas -Wshadow -Wfour-char-constants -Wconversion -Wconstant-conversion -Wint-conversion -Wbool-conversion -Wenum-conversion -Wfloat-conversion -Wnon-literal-null-conversion -Wobjc-literal-conversion -Wassign-enum -Wsign-compare -Wshorten-64-to-32 -Wpointer-sign -Wnewline-eof -Wselector -Wstrict-selector-match -Wundeclared-selector -Wdeprecated-implementations -Wno-implicit-fallthrough -isysroot /Applications/Xcode.app/Contents/Developer/Platforms/MacOSX.platform/Developer/SDKs/MacOSX27.0.sdk -fstrict-aliasing -Wprotocol -Wdeprecated-declarations -Wsign-conversion -Winfinite-recursion -Wcomma -Wblock-capture-autoreleasing -Wstrict-prototypes -Wno-semicolon-before-method-body -index-store-path /Users/buddhirajgautam/Library/Developer/Xcode/DerivedData/Telegram-Mac-fygdgghdgmuleoelvxabfmqiotta/Index.noindex/DataStore -Wall -Weverything -Wno-unused-macros -Wno-gnu-statement-expression -Wno-arc-repeated-use-of-weak -Wno-auto-import -Wno-gnu-zero-variadic-macro-arguments -Wno-custom-atomic-properties -Wno-implicit-atomic-properties @/Users/buddhirajgautam/Library/Developer/Xcode/DerivedData/Telegram-Mac-fygdgghdgmuleoelvxabfmqiotta/Build/Intermediates.noindex/Sparkle.build/Debug/Sparkle.build/Objects-normal/arm64/e6072d4f65d7061329687fe24e3d63a7-common-args.resp -MMD -MT dependencies -MF /Users/buddhirajgautam/Library/Developer/Xcode/DerivedData/Telegram-Mac-fygdgghdgmuleoelvxabfmqiotta/Build/Intermediates.noindex/Sparkle.build/Debug/Sparkle.build/Objects-normal/arm64/SUAppcast.d --serialize-diagnostics /Users/buddhirajgautam/Library/Developer/Xcode/DerivedData/Telegram-Mac-fygdgghdgmuleoelvxabfmqiotta/Build/Intermediates.noindex/Sparkle.build/Debug/Sparkle.build/Objects-normal/arm64/SUAppcast.dia -c /Users/buddhirajgautam/Documents/Cherrygram-Mac/macOS-Swift/submodules/Sparkle/Sparkle/SUAppcast.m -o /Users/buddhirajgautam/Library/Developer/Xcode/DerivedData/Telegram-Mac-fygdgghdgmuleoelvxabfmqiotta/Build/Intermediates.noindex/Sparkle.build/Debug/Sparkle.build/Objects-normal/arm64/SUAppcast.o -index-unit-output-path /Sparkle.build/Debug/Sparkle.build/Objects-normal/arm64/SUAppcast.o

ScanDependencies /Users/buddhirajgautam/Library/Developer/Xcode/DerivedData/Telegram-Mac-fygdgghdgmuleoelvxabfmqiotta/Build/Intermediates.noindex/Sparkle.build/Debug/Sparkle.build/Objects-normal/arm64/SPUURLRequest.o /Users/buddhirajgautam/Documents/Cherrygram-Mac/macOS-Swift/submodules/Sparkle/Sparkle/SPUURLRequest.m normal arm64 objective-c com.apple.compilers.llvm.clang.1_0.compiler (in target 'Sparkle' from project 'Sparkle')
    cd /Users/buddhirajgautam/Documents/Cherrygram-Mac/macOS-Swift/submodules/Sparkle
    
    Using response file: /Users/buddhirajgautam/Library/Developer/Xcode/DerivedData/Telegram-Mac-fygdgghdgmuleoelvxabfmqiotta/Build/Intermediates.noindex/Sparkle.build/Debug/Sparkle.build/Objects-normal/arm64/e6072d4f65d7061329687fe24e3d63a7-common-args.resp
    
    builtin-ScanDependencies -o /Users/buddhirajgautam/Library/Developer/Xcode/DerivedData/Telegram-Mac-fygdgghdgmuleoelvxabfmqiotta/Build/Intermediates.noindex/Sparkle.build/Debug/Sparkle.build/Objects-normal/arm64/SPUURLRequest.o.scan -- /Applications/Xcode.app/Contents/Developer/Toolchains/XcodeDefault.xctoolchain/usr/bin/clang -x objective-c -ivfsstatcache /Users/buddhirajgautam/Library/Developer/Xcode/DerivedData/SDKStatCaches.noindex/macosx27.0-26A425-e829b21a6f8c9b70876ba0858053c0447231f6df4def33e022ae2eb8f782df1a.sdkstatcache -target arm64-apple-macos12.0 -fmessage-length\=0 -fdiagnostics-show-note-include-stack -fmacro-backtrace-limit\=0 -fno-color-diagnostics -fmodules-prune-interval\=86400 -fmodules-prune-after\=345600 -fbuild-session-file\=/Users/buddhirajgautam/Library/Developer/Xcode/DerivedData/ModuleCache.noindex/Session.modulevalidation -fmodules-validate-once-per-build-session -Wnon-modular-include-in-framework-module -Werror\=non-modular-include-in-framework-module -Wno-trigraphs -Werror\=incompatible-pointer-types -Werror\=implicit-function-declaration -Wmissing-field-initializers -Wmissing-prototypes -Wdocumentation -Wunreachable-code -Wimplicit-atomic-properties -Wno-objc-interface-ivars -Wobjc-missing-property-synthesis -Warc-repeated-use-of-weak -Wno-arc-maybe-repeated-use-of-weak -Wexplicit-ownership-type -Wimplicit-retain-self -Wduplicate-method-match -Wmissing-braces -Wparentheses -Wswitch -Wunused-function -Wunused-label -Wunused-parameter -Wunused-variable -Wunused-value -Wempty-body -Wuninitialized -Wunknown-pragmas -Wshadow -Wfour-char-constants -Wconversion -Wconstant-conversion -Wint-conversion -Wbool-conversion -Wenum-conversion -Wfloat-conversion -Wnon-literal-null-conversion -Wobjc-literal-conversion -Wassign-enum -Wsign-compare -Wshorten-64-to-32 -Wpointer-sign -Wnewline-eof -Wselector -Wstrict-selector-match -Wundeclared-selector -Wdeprecated-implementations -Wno-implicit-fallthrough -isysroot /Applications/Xcode.app/Contents/Developer/Platforms/MacOSX.platform/Developer/SDKs/MacOSX27.0.sdk -fstrict-aliasing -Wprotocol -Wdeprecated-declarations -Wsign-conversion -Winfinite-recursion -Wcomma -Wblock-capture-autoreleasing -Wstrict-prototypes -Wno-semicolon-before-method-body -index-store-path /Users/buddhirajgautam/Library/Developer/Xcode/DerivedData/Telegram-Mac-fygdgghdgmuleoelvxabfmqiotta/Index.noindex/DataStore -Wall -Weverything -Wno-unused-macros -Wno-gnu-statement-expression -Wno-arc-repeated-use-of-weak -Wno-auto-import -Wno-gnu-zero-variadic-macro-arguments -Wno-custom-atomic-properties -Wno-implicit-atomic-properties @/Users/buddhirajgautam/Library/Developer/Xcode/DerivedData/Telegram-Mac-fygdgghdgmuleoelvxabfmqiotta/Build/Intermediates.noindex/Sparkle.build/Debug/Sparkle.build/Objects-normal/arm64/e6072d4f65d7061329687fe24e3d63a7-common-args.resp -MMD -MT dependencies -MF /Users/buddhirajgautam/Library/Developer/Xcode/DerivedData/Telegram-Mac-fygdgghdgmuleoelvxabfmqiotta/Build/Intermediates.noindex/Sparkle.build/Debug/Sparkle.build/Objects-normal/arm64/SPUURLRequest.d --serialize-diagnostics /Users/buddhirajgautam/Library/Developer/Xcode/DerivedData/Telegram-Mac-fygdgghdgmuleoelvxabfmqiotta/Build/Intermediates.noindex/Sparkle.build/Debug/Sparkle.build/Objects-normal/arm64/SPUURLRequest.dia -c /Users/buddhirajgautam/Documents/Cherrygram-Mac/macOS-Swift/submodules/Sparkle/Sparkle/SPUURLRequest.m -o /Users/buddhirajgautam/Library/Developer/Xcode/DerivedData/Telegram-Mac-fygdgghdgmuleoelvxabfmqiotta/Build/Intermediates.noindex/Sparkle.build/Debug/Sparkle.build/Objects-normal/arm64/SPUURLRequest.o -index-unit-output-path /Sparkle.build/Debug/Sparkle.build/Objects-normal/arm64/SPUURLRequest.o

ScanDependencies /Users/buddhirajgautam/Library/Developer/Xcode/DerivedData/Telegram-Mac-fygdgghdgmuleoelvxabfmqiotta/Build/Intermediates.noindex/Sparkle.build/Debug/Sparkle.build/Objects-normal/arm64/SPULocalCacheDirectory.o /Users/buddhirajgautam/Documents/Cherrygram-Mac/macOS-Swift/submodules/Sparkle/Sparkle/SPULocalCacheDirectory.m normal arm64 objective-c com.apple.compilers.llvm.clang.1_0.compiler (in target 'Sparkle' from project 'Sparkle')
    cd /Users/buddhirajgautam/Documents/Cherrygram-Mac/macOS-Swift/submodules/Sparkle
    
    Using response file: /Users/buddhirajgautam/Library/Developer/Xcode/DerivedData/Telegram-Mac-fygdgghdgmuleoelvxabfmqiotta/Build/Intermediates.noindex/Sparkle.build/Debug/Sparkle.build/Objects-normal/arm64/e6072d4f65d7061329687fe24e3d63a7-common-args.resp
    
    builtin-ScanDependencies -o /Users/buddhirajgautam/Library/Developer/Xcode/DerivedData/Telegram-Mac-fygdgghdgmuleoelvxabfmqiotta/Build/Intermediates.noindex/Sparkle.build/Debug/Sparkle.build/Objects-normal/arm64/SPULocalCacheDirectory.o.scan -- /Applications/Xcode.app/Contents/Developer/Toolchains/XcodeDefault.xctoolchain/usr/bin/clang -x objective-c -ivfsstatcache /Users/buddhirajgautam/Library/Developer/Xcode/DerivedData/SDKStatCaches.noindex/macosx27.0-26A425-e829b21a6f8c9b70876ba0858053c0447231f6df4def33e022ae2eb8f782df1a.sdkstatcache -target arm64-apple-macos12.0 -fmessage-length\=0 -fdiagnostics-show-note-include-stack -fmacro-backtrace-limit\=0 -fno-color-diagnostics -fmodules-prune-interval\=86400 -fmodules-prune-after\=345600 -fbuild-session-file\=/Users/buddhirajgautam/Library/Developer/Xcode/DerivedData/ModuleCache.noindex/Session.modulevalidation -fmodules-validate-once-per-build-session -Wnon-modular-include-in-framework-module -Werror\=non-modular-include-in-framework-module -Wno-trigraphs -Werror\=incompatible-pointer-types -Werror\=implicit-function-declaration -Wmissing-field-initializers -Wmissing-prototypes -Wdocumentation -Wunreachable-code -Wimplicit-atomic-properties -Wno-objc-interface-ivars -Wobjc-missing-property-synthesis -Warc-repeated-use-of-weak -Wno-arc-maybe-repeated-use-of-weak -Wexplicit-ownership-type -Wimplicit-retain-self -Wduplicate-method-match -Wmissing-braces -Wparentheses -Wswitch -Wunused-function -Wunused-label -Wunused-parameter -Wunused-variable -Wunused-value -Wempty-body -Wuninitialized -Wunknown-pragmas -Wshadow -Wfour-char-constants -Wconversion -Wconstant-conversion -Wint-conversion -Wbool-conversion -Wenum-conversion -Wfloat-conversion -Wnon-literal-null-conversion -Wobjc-literal-conversion -Wassign-enum -Wsign-compare -Wshorten-64-to-32 -Wpointer-sign -Wnewline-eof -Wselector -Wstrict-selector-match -Wundeclared-selector -Wdeprecated-implementations -Wno-implicit-fallthrough -isysroot /Applications/Xcode.app/Contents/Developer/Platforms/MacOSX.platform/Developer/SDKs/MacOSX27.0.sdk -fstrict-aliasing -Wprotocol -Wdeprecated-declarations -Wsign-conversion -Winfinite-recursion -Wcomma -Wblock-capture-autoreleasing -Wstrict-prototypes -Wno-semicolon-before-method-body -index-store-path /Users/buddhirajgautam/Library/Developer/Xcode/DerivedData/Telegram-Mac-fygdgghdgmuleoelvxabfmqiotta/Index.noindex/DataStore -Wall -Weverything -Wno-unused-macros -Wno-gnu-statement-expression -Wno-arc-repeated-use-of-weak -Wno-auto-import -Wno-gnu-zero-variadic-macro-arguments -Wno-custom-atomic-properties -Wno-implicit-atomic-properties @/Users/buddhirajgautam/Library/Developer/Xcode/DerivedData/Telegram-Mac-fygdgghdgmuleoelvxabfmqiotta/Build/Intermediates.noindex/Sparkle.build/Debug/Sparkle.build/Objects-normal/arm64/e6072d4f65d7061329687fe24e3d63a7-common-args.resp -MMD -MT dependencies -MF /Users/buddhirajgautam/Library/Developer/Xcode/DerivedData/Telegram-Mac-fygdgghdgmuleoelvxabfmqiotta/Build/Intermediates.noindex/Sparkle.build/Debug/Sparkle.build/Objects-normal/arm64/SPULocalCacheDirectory.d --serialize-diagnostics /Users/buddhirajgautam/Library/Developer/Xcode/DerivedData/Telegram-Mac-fygdgghdgmuleoelvxabfmqiotta/Build/Intermediates.noindex/Sparkle.build/Debug/Sparkle.build/Objects-normal/arm64/SPULocalCacheDirectory.dia -c /Users/buddhirajgautam/Documents/Cherrygram-Mac/macOS-Swift/submodules/Sparkle/Sparkle/SPULocalCacheDirectory.m -o /Users/buddhirajgautam/Library/Developer/Xcode/DerivedData/Telegram-Mac-fygdgghdgmuleoelvxabfmqiotta/Build/Intermediates.noindex/Sparkle.build/Debug/Sparkle.build/Objects-normal/arm64/SPULocalCacheDirectory.o -index-unit-output-path /Sparkle.build/Debug/Sparkle.build/Objects-normal/arm64/SPULocalCacheDirectory.o

ScanDependencies /Users/buddhirajgautam/Library/Developer/Xcode/DerivedData/Telegram-Mac-fygdgghdgmuleoelvxabfmqiotta/Build/Intermediates.noindex/Sparkle.build/Debug/Sparkle.build/Objects-normal/arm64/SPUDownloaderSession.o /Users/buddhirajgautam/Documents/Cherrygram-Mac/macOS-Swift/submodules/Sparkle/Sparkle/SPUDownloaderSession.m normal arm64 objective-c com.apple.compilers.llvm.clang.1_0.compiler (in target 'Sparkle' from project 'Sparkle')
    cd /Users/buddhirajgautam/Documents/Cherrygram-Mac/macOS-Swift/submodules/Sparkle
    
    Using response file: /Users/buddhirajgautam/Library/Developer/Xcode/DerivedData/Telegram-Mac-fygdgghdgmuleoelvxabfmqiotta/Build/Intermediates.noindex/Sparkle.build/Debug/Sparkle.build/Objects-normal/arm64/e6072d4f65d7061329687fe24e3d63a7-common-args.resp
    
    builtin-ScanDependencies -o /Users/buddhirajgautam/Library/Developer/Xcode/DerivedData/Telegram-Mac-fygdgghdgmuleoelvxabfmqiotta/Build/Intermediates.noindex/Sparkle.build/Debug/Sparkle.build/Objects-normal/arm64/SPUDownloaderSession.o.scan -- /Applications/Xcode.app/Contents/Developer/Toolchains/XcodeDefault.xctoolchain/usr/bin/clang -x objective-c -ivfsstatcache /Users/buddhirajgautam/Library/Developer/Xcode/DerivedData/SDKStatCaches.noindex/macosx27.0-26A425-e829b21a6f8c9b70876ba0858053c0447231f6df4def33e022ae2eb8f782df1a.sdkstatcache -target arm64-apple-macos12.0 -fmessage-length\=0 -fdiagnostics-show-note-include-stack -fmacro-backtrace-limit\=0 -fno-color-diagnostics -fmodules-prune-interval\=86400 -fmodules-prune-after\=345600 -fbuild-session-file\=/Users/buddhirajgautam/Library/Developer/Xcode/DerivedData/ModuleCache.noindex/Session.modulevalidation -fmodules-validate-once-per-build-session -Wnon-modular-include-in-framework-module -Werror\=non-modular-include-in-framework-module -Wno-trigraphs -Werror\=incompatible-pointer-types -Werror\=implicit-function-declaration -Wmissing-field-initializers -Wmissing-prototypes -Wdocumentation -Wunreachable-code -Wimplicit-atomic-properties -Wno-objc-interface-ivars -Wobjc-missing-property-synthesis -Warc-repeated-use-of-weak -Wno-arc-maybe-repeated-use-of-weak -Wexplicit-ownership-type -Wimplicit-retain-self -Wduplicate-method-match -Wmissing-braces -Wparentheses -Wswitch -Wunused-function -Wunused-label -Wunused-parameter -Wunused-variable -Wunused-value -Wempty-body -Wuninitialized -Wunknown-pragmas -Wshadow -Wfour-char-constants -Wconversion -Wconstant-conversion -Wint-conversion -Wbool-conversion -Wenum-conversion -Wfloat-conversion -Wnon-literal-null-conversion -Wobjc-literal-conversion -Wassign-enum -Wsign-compare -Wshorten-64-to-32 -Wpointer-sign -Wnewline-eof -Wselector -Wstrict-selector-match -Wundeclared-selector -Wdeprecated-implementations -Wno-implicit-fallthrough -isysroot /Applications/Xcode.app/Contents/Developer/Platforms/MacOSX.platform/Developer/SDKs/MacOSX27.0.sdk -fstrict-aliasing -Wprotocol -Wdeprecated-declarations -Wsign-conversion -Winfinite-recursion -Wcomma -Wblock-capture-autoreleasing -Wstrict-prototypes -Wno-semicolon-before-method-body -index-store-path /Users/buddhirajgautam/Library/Developer/Xcode/DerivedData/Telegram-Mac-fygdgghdgmuleoelvxabfmqiotta/Index.noindex/DataStore -Wall -Weverything -Wno-unused-macros -Wno-gnu-statement-expression -Wno-arc-repeated-use-of-weak -Wno-auto-import -Wno-gnu-zero-variadic-macro-arguments -Wno-custom-atomic-properties -Wno-implicit-atomic-properties @/Users/buddhirajgautam/Library/Developer/Xcode/DerivedData/Telegram-Mac-fygdgghdgmuleoelvxabfmqiotta/Build/Intermediates.noindex/Sparkle.build/Debug/Sparkle.build/Objects-normal/arm64/e6072d4f65d7061329687fe24e3d63a7-common-args.resp -MMD -MT dependencies -MF /Users/buddhirajgautam/Library/Developer/Xcode/DerivedData/Telegram-Mac-fygdgghdgmuleoelvxabfmqiotta/Build/Intermediates.noindex/Sparkle.build/Debug/Sparkle.build/Objects-normal/arm64/SPUDownloaderSession.d --serialize-diagnostics /Users/buddhirajgautam/Library/Developer/Xcode/DerivedData/Telegram-Mac-fygdgghdgmuleoelvxabfmqiotta/Build/Intermediates.noindex/Sparkle.build/Debug/Sparkle.build/Objects-normal/arm64/SPUDownloaderSession.dia -c /Users/buddhirajgautam/Documents/Cherrygram-Mac/macOS-Swift/submodules/Sparkle/Sparkle/SPUDownloaderSession.m -o /Users/buddhirajgautam/Library/Developer/Xcode/DerivedData/Telegram-Mac-fygdgghdgmuleoelvxabfmqiotta/Build/Intermediates.noindex/Sparkle.build/Debug/Sparkle.build/Objects-normal/arm64/SPUDownloaderSession.o -index-unit-output-path /Sparkle.build/Debug/Sparkle.build/Objects-normal/arm64/SPUDownloaderSession.o

ScanDependencies /Users/buddhirajgautam/Library/Developer/Xcode/DerivedData/Telegram-Mac-fygdgghdgmuleoelvxabfmqiotta/Build/Intermediates.noindex/Sparkle.build/Debug/Sparkle.build/Objects-normal/arm64/SPUDownloaderDeprecated.o /Users/buddhirajgautam/Documents/Cherrygram-Mac/macOS-Swift/submodules/Sparkle/Sparkle/SPUDownloaderDeprecated.m normal arm64 objective-c com.apple.compilers.llvm.clang.1_0.compiler (in target 'Sparkle' from project 'Sparkle')
    cd /Users/buddhirajgautam/Documents/Cherrygram-Mac/macOS-Swift/submodules/Sparkle
    
    Using response file: /Users/buddhirajgautam/Library/Developer/Xcode/DerivedData/Telegram-Mac-fygdgghdgmuleoelvxabfmqiotta/Build/Intermediates.noindex/Sparkle.build/Debug/Sparkle.build/Objects-normal/arm64/e6072d4f65d7061329687fe24e3d63a7-common-args.resp
    
    builtin-ScanDependencies -o /Users/buddhirajgautam/Library/Developer/Xcode/DerivedData/Telegram-Mac-fygdgghdgmuleoelvxabfmqiotta/Build/Intermediates.noindex/Sparkle.build/Debug/Sparkle.build/Objects-normal/arm64/SPUDownloaderDeprecated.o.scan -- /Applications/Xcode.app/Contents/Developer/Toolchains/XcodeDefault.xctoolchain/usr/bin/clang -x objective-c -ivfsstatcache /Users/buddhirajgautam/Library/Developer/Xcode/DerivedData/SDKStatCaches.noindex/macosx27.0-26A425-e829b21a6f8c9b70876ba0858053c0447231f6df4def33e022ae2eb8f782df1a.sdkstatcache -target arm64-apple-macos12.0 -fmessage-length\=0 -fdiagnostics-show-note-include-stack -fmacro-backtrace-limit\=0 -fno-color-diagnostics -fmodules-prune-interval\=86400 -fmodules-prune-after\=345600 -fbuild-session-file\=/Users/buddhirajgautam/Library/Developer/Xcode/DerivedData/ModuleCache.noindex/Session.modulevalidation -fmodules-validate-once-per-build-session -Wnon-modular-include-in-framework-module -Werror\=non-modular-include-in-framework-module -Wno-trigraphs -Werror\=incompatible-pointer-types -Werror\=implicit-function-declaration -Wmissing-field-initializers -Wmissing-prototypes -Wdocumentation -Wunreachable-code -Wimplicit-atomic-properties -Wno-objc-interface-ivars -Wobjc-missing-property-synthesis -Warc-repeated-use-of-weak -Wno-arc-maybe-repeated-use-of-weak -Wexplicit-ownership-type -Wimplicit-retain-self -Wduplicate-method-match -Wmissing-braces -Wparentheses -Wswitch -Wunused-function -Wunused-label -Wunused-parameter -Wunused-variable -Wunused-value -Wempty-body -Wuninitialized -Wunknown-pragmas -Wshadow -Wfour-char-constants -Wconversion -Wconstant-conversion -Wint-conversion -Wbool-conversion -Wenum-conversion -Wfloat-conversion -Wnon-literal-null-conversion -Wobjc-literal-conversion -Wassign-enum -Wsign-compare -Wshorten-64-to-32 -Wpointer-sign -Wnewline-eof -Wselector -Wstrict-selector-match -Wundeclared-selector -Wdeprecated-implementations -Wno-implicit-fallthrough -isysroot /Applications/Xcode.app/Contents/Developer/Platforms/MacOSX.platform/Developer/SDKs/MacOSX27.0.sdk -fstrict-aliasing -Wprotocol -Wdeprecated-declarations -Wsign-conversion -Winfinite-recursion -Wcomma -Wblock-capture-autoreleasing -Wstrict-prototypes -Wno-semicolon-before-method-body -index-store-path /Users/buddhirajgautam/Library/Developer/Xcode/DerivedData/Telegram-Mac-fygdgghdgmuleoelvxabfmqiotta/Index.noindex/DataStore -Wall -Weverything -Wno-unused-macros -Wno-gnu-statement-expression -Wno-arc-repeated-use-of-weak -Wno-auto-import -Wno-gnu-zero-variadic-macro-arguments -Wno-custom-atomic-properties -Wno-implicit-atomic-properties @/Users/buddhirajgautam/Library/Developer/Xcode/DerivedData/Telegram-Mac-fygdgghdgmuleoelvxabfmqiotta/Build/Intermediates.noindex/Sparkle.build/Debug/Sparkle.build/Objects-normal/arm64/e6072d4f65d7061329687fe24e3d63a7-common-args.resp -MMD -MT dependencies -MF /Users/buddhirajgautam/Library/Developer/Xcode/DerivedData/Telegram-Mac-fygdgghdgmuleoelvxabfmqiotta/Build/Intermediates.noindex/Sparkle.build/Debug/Sparkle.build/Objects-normal/arm64/SPUDownloaderDeprecated.d --serialize-diagnostics /Users/buddhirajgautam/Library/Developer/Xcode/DerivedData/Telegram-Mac-fygdgghdgmuleoelvxabfmqiotta/Build/Intermediates.noindex/Sparkle.build/Debug/Sparkle.build/Objects-normal/arm64/SPUDownloaderDeprecated.dia -c /Users/buddhirajgautam/Documents/Cherrygram-Mac/macOS-Swift/submodules/Sparkle/Sparkle/SPUDownloaderDeprecated.m -o /Users/buddhirajgautam/Library/Developer/Xcode/DerivedData/Telegram-Mac-fygdgghdgmuleoelvxabfmqiotta/Build/Intermediates.noindex/Sparkle.build/Debug/Sparkle.build/Objects-normal/arm64/SPUDownloaderDeprecated.o -index-unit-output-path /Sparkle.build/Debug/Sparkle.build/Objects-normal/arm64/SPUDownloaderDeprecated.o

ScanDependencies /Users/buddhirajgautam/Library/Developer/Xcode/DerivedData/Telegram-Mac-fygdgghdgmuleoelvxabfmqiotta/Build/Intermediates.noindex/Sparkle.build/Debug/Sparkle.build/Objects-normal/arm64/SPUDownloader.o /Users/buddhirajgautam/Documents/Cherrygram-Mac/macOS-Swift/submodules/Sparkle/Sparkle/SPUDownloader.m normal arm64 objective-c com.apple.compilers.llvm.clang.1_0.compiler (in target 'Sparkle' from project 'Sparkle')
    cd /Users/buddhirajgautam/Documents/Cherrygram-Mac/macOS-Swift/submodules/Sparkle
    
    Using response file: /Users/buddhirajgautam/Library/Developer/Xcode/DerivedData/Telegram-Mac-fygdgghdgmuleoelvxabfmqiotta/Build/Intermediates.noindex/Sparkle.build/Debug/Sparkle.build/Objects-normal/arm64/e6072d4f65d7061329687fe24e3d63a7-common-args.resp
    
    builtin-ScanDependencies -o /Users/buddhirajgautam/Library/Developer/Xcode/DerivedData/Telegram-Mac-fygdgghdgmuleoelvxabfmqiotta/Build/Intermediates.noindex/Sparkle.build/Debug/Sparkle.build/Objects-normal/arm64/SPUDownloader.o.scan -- /Applications/Xcode.app/Contents/Developer/Toolchains/XcodeDefault.xctoolchain/usr/bin/clang -x objective-c -ivfsstatcache /Users/buddhirajgautam/Library/Developer/Xcode/DerivedData/SDKStatCaches.noindex/macosx27.0-26A425-e829b21a6f8c9b70876ba0858053c0447231f6df4def33e022ae2eb8f782df1a.sdkstatcache -target arm64-apple-macos12.0 -fmessage-length\=0 -fdiagnostics-show-note-include-stack -fmacro-backtrace-limit\=0 -fno-color-diagnostics -fmodules-prune-interval\=86400 -fmodules-prune-after\=345600 -fbuild-session-file\=/Users/buddhirajgautam/Library/Developer/Xcode/DerivedData/ModuleCache.noindex/Session.modulevalidation -fmodules-validate-once-per-build-session -Wnon-modular-include-in-framework-module -Werror\=non-modular-include-in-framework-module -Wno-trigraphs -Werror\=incompatible-pointer-types -Werror\=implicit-function-declaration -Wmissing-field-initializers -Wmissing-prototypes -Wdocumentation -Wunreachable-code -Wimplicit-atomic-properties -Wno-objc-interface-ivars -Wobjc-missing-property-synthesis -Warc-repeated-use-of-weak -Wno-arc-maybe-repeated-use-of-weak -Wexplicit-ownership-type -Wimplicit-retain-self -Wduplicate-method-match -Wmissing-braces -Wparentheses -Wswitch -Wunused-function -Wunused-label -Wunused-parameter -Wunused-variable -Wunused-value -Wempty-body -Wuninitialized -Wunknown-pragmas -Wshadow -Wfour-char-constants -Wconversion -Wconstant-conversion -Wint-conversion -Wbool-conversion -Wenum-conversion -Wfloat-conversion -Wnon-literal-null-conversion -Wobjc-literal-conversion -Wassign-enum -Wsign-compare -Wshorten-64-to-32 -Wpointer-sign -Wnewline-eof -Wselector -Wstrict-selector-match -Wundeclared-selector -Wdeprecated-implementations -Wno-implicit-fallthrough -isysroot /Applications/Xcode.app/Contents/Developer/Platforms/MacOSX.platform/Developer/SDKs/MacOSX27.0.sdk -fstrict-aliasing -Wprotocol -Wdeprecated-declarations -Wsign-conversion -Winfinite-recursion -Wcomma -Wblock-capture-autoreleasing -Wstrict-prototypes -Wno-semicolon-before-method-body -index-store-path /Users/buddhirajgautam/Library/Developer/Xcode/DerivedData/Telegram-Mac-fygdgghdgmuleoelvxabfmqiotta/Index.noindex/DataStore -Wall -Weverything -Wno-unused-macros -Wno-gnu-statement-expression -Wno-arc-repeated-use-of-weak -Wno-auto-import -Wno-gnu-zero-variadic-macro-arguments -Wno-custom-atomic-properties -Wno-implicit-atomic-properties @/Users/buddhirajgautam/Library/Developer/Xcode/DerivedData/Telegram-Mac-fygdgghdgmuleoelvxabfmqiotta/Build/Intermediates.noindex/Sparkle.build/Debug/Sparkle.build/Objects-normal/arm64/e6072d4f65d7061329687fe24e3d63a7-common-args.resp -MMD -MT dependencies -MF /Users/buddhirajgautam/Library/Developer/Xcode/DerivedData/Telegram-Mac-fygdgghdgmuleoelvxabfmqiotta/Build/Intermediates.noindex/Sparkle.build/Debug/Sparkle.build/Objects-normal/arm64/SPUDownloader.d --serialize-diagnostics /Users/buddhirajgautam/Library/Developer/Xcode/DerivedData/Telegram-Mac-fygdgghdgmuleoelvxabfmqiotta/Build/Intermediates.noindex/Sparkle.build/Debug/Sparkle.build/Objects-normal/arm64/SPUDownloader.dia -c /Users/buddhirajgautam/Documents/Cherrygram-Mac/macOS-Swift/submodules/Sparkle/Sparkle/SPUDownloader.m -o /Users/buddhirajgautam/Library/Developer/Xcode/DerivedData/Telegram-Mac-fygdgghdgmuleoelvxabfmqiotta/Build/Intermediates.noindex/Sparkle.build/Debug/Sparkle.build/Objects-normal/arm64/SPUDownloader.o -index-unit-output-path /Sparkle.build/Debug/Sparkle.build/Objects-normal/arm64/SPUDownloader.o

ScanDependencies /Users/buddhirajgautam/Library/Developer/Xcode/DerivedData/Telegram-Mac-fygdgghdgmuleoelvxabfmqiotta/Build/Intermediates.noindex/Sparkle.build/Debug/Sparkle.build/Objects-normal/arm64/SPUDownloadData.o /Users/buddhirajgautam/Documents/Cherrygram-Mac/macOS-Swift/submodules/Sparkle/Sparkle/SPUDownloadData.m normal arm64 objective-c com.apple.compilers.llvm.clang.1_0.compiler (in target 'Sparkle' from project 'Sparkle')
    cd /Users/buddhirajgautam/Documents/Cherrygram-Mac/macOS-Swift/submodules/Sparkle
    
    Using response file: /Users/buddhirajgautam/Library/Developer/Xcode/DerivedData/Telegram-Mac-fygdgghdgmuleoelvxabfmqiotta/Build/Intermediates.noindex/Sparkle.build/Debug/Sparkle.build/Objects-normal/arm64/e6072d4f65d7061329687fe24e3d63a7-common-args.resp
    
    builtin-ScanDependencies -o /Users/buddhirajgautam/Library/Developer/Xcode/DerivedData/Telegram-Mac-fygdgghdgmuleoelvxabfmqiotta/Build/Intermediates.noindex/Sparkle.build/Debug/Sparkle.build/Objects-normal/arm64/SPUDownloadData.o.scan -- /Applications/Xcode.app/Contents/Developer/Toolchains/XcodeDefault.xctoolchain/usr/bin/clang -x objective-c -ivfsstatcache /Users/buddhirajgautam/Library/Developer/Xcode/DerivedData/SDKStatCaches.noindex/macosx27.0-26A425-e829b21a6f8c9b70876ba0858053c0447231f6df4def33e022ae2eb8f782df1a.sdkstatcache -target arm64-apple-macos12.0 -fmessage-length\=0 -fdiagnostics-show-note-include-stack -fmacro-backtrace-limit\=0 -fno-color-diagnostics -fmodules-prune-interval\=86400 -fmodules-prune-after\=345600 -fbuild-session-file\=/Users/buddhirajgautam/Library/Developer/Xcode/DerivedData/ModuleCache.noindex/Session.modulevalidation -fmodules-validate-once-per-build-session -Wnon-modular-include-in-framework-module -Werror\=non-modular-include-in-framework-module -Wno-trigraphs -Werror\=incompatible-pointer-types -Werror\=implicit-function-declaration -Wmissing-field-initializers -Wmissing-prototypes -Wdocumentation -Wunreachable-code -Wimplicit-atomic-properties -Wno-objc-interface-ivars -Wobjc-missing-property-synthesis -Warc-repeated-use-of-weak -Wno-arc-maybe-repeated-use-of-weak -Wexplicit-ownership-type -Wimplicit-retain-self -Wduplicate-method-match -Wmissing-braces -Wparentheses -Wswitch -Wunused-function -Wunused-label -Wunused-parameter -Wunused-variable -Wunused-value -Wempty-body -Wuninitialized -Wunknown-pragmas -Wshadow -Wfour-char-constants -Wconversion -Wconstant-conversion -Wint-conversion -Wbool-conversion -Wenum-conversion -Wfloat-conversion -Wnon-literal-null-conversion -Wobjc-literal-conversion -Wassign-enum -Wsign-compare -Wshorten-64-to-32 -Wpointer-sign -Wnewline-eof -Wselector -Wstrict-selector-match -Wundeclared-selector -Wdeprecated-implementations -Wno-implicit-fallthrough -isysroot /Applications/Xcode.app/Contents/Developer/Platforms/MacOSX.platform/Developer/SDKs/MacOSX27.0.sdk -fstrict-aliasing -Wprotocol -Wdeprecated-declarations -Wsign-conversion -Winfinite-recursion -Wcomma -Wblock-capture-autoreleasing -Wstrict-prototypes -Wno-semicolon-before-method-body -index-store-path /Users/buddhirajgautam/Library/Developer/Xcode/DerivedData/Telegram-Mac-fygdgghdgmuleoelvxabfmqiotta/Index.noindex/DataStore -Wall -Weverything -Wno-unused-macros -Wno-gnu-statement-expression -Wno-arc-repeated-use-of-weak -Wno-auto-import -Wno-gnu-zero-variadic-macro-arguments -Wno-custom-atomic-properties -Wno-implicit-atomic-properties @/Users/buddhirajgautam/Library/Developer/Xcode/DerivedData/Telegram-Mac-fygdgghdgmuleoelvxabfmqiotta/Build/Intermediates.noindex/Sparkle.build/Debug/Sparkle.build/Objects-normal/arm64/e6072d4f65d7061329687fe24e3d63a7-common-args.resp -MMD -MT dependencies -MF /Users/buddhirajgautam/Library/Developer/Xcode/DerivedData/Telegram-Mac-fygdgghdgmuleoelvxabfmqiotta/Build/Intermediates.noindex/Sparkle.build/Debug/Sparkle.build/Objects-normal/arm64/SPUDownloadData.d --serialize-diagnostics /Users/buddhirajgautam/Library/Developer/Xcode/DerivedData/Telegram-Mac-fygdgghdgmuleoelvxabfmqiotta/Build/Intermediates.noindex/Sparkle.build/Debug/Sparkle.build/Objects-normal/arm64/SPUDownloadData.dia -c /Users/buddhirajgautam/Documents/Cherrygram-Mac/macOS-Swift/submodules/Sparkle/Sparkle/SPUDownloadData.m -o /Users/buddhirajgautam/Library/Developer/Xcode/DerivedData/Telegram-Mac-fygdgghdgmuleoelvxabfmqiotta/Build/Intermediates.noindex/Sparkle.build/Debug/Sparkle.build/Objects-normal/arm64/SPUDownloadData.o -index-unit-output-path /Sparkle.build/Debug/Sparkle.build/Objects-normal/arm64/SPUDownloadData.o

SwiftCompile normal arm64 Compiling\ PeerCallPhotoView.swift,\ PeerCallRevealedSecretKeyView.swift /Users/buddhirajgautam/Documents/Cherrygram-Mac/macOS-Swift/packages/PrivateCallScreen/Sources/PeerCallPhotoView.swift /Users/buddhirajgautam/Documents/Cherrygram-Mac/macOS-Swift/packages/PrivateCallScreen/Sources/PeerCallRevealedSecretKeyView.swift (in target 'PrivateCallScreen' from project 'PrivateCallScreen')
/Users/buddhirajgautam/Documents/Cherrygram-Mac/macOS-Swift/packages/PrivateCallScreen/Sources/PeerCallRevealedSecretKeyView.swift:33:21: warning: 'ultraDark' was deprecated in macOS 10.14: Use a semantic material instead.  To force the appearance of a view hierarchy, set the `appearance` property to an appropriate NSAppearance value. [#DeprecatedDeclaration]
 31 |         state = .active
 32 |         blendingMode = .withinWindow
 33 |         material = .ultraDark
    |                     `- warning: 'ultraDark' was deprecated in macOS 10.14: Use a semantic material instead.  To force the appearance of a view hierarchy, set the `appearance` property to an appropriate NSAppearance value. [#DeprecatedDeclaration]
 34 |         
 35 |         layer?.cornerRadius = 10

[#DeprecatedDeclaration]: <https://docs.swift.org/compiler/documentation/diagnostics/deprecated-declaration>

SwiftCompile normal arm64 /Users/buddhirajgautam/Documents/Cherrygram-Mac/macOS-Swift/packages/PrivateCallScreen/Sources/PeerCallPhotoView.swift (in target 'PrivateCallScreen' from project 'PrivateCallScreen')
    cd /Users/buddhirajgautam/Documents/Cherrygram-Mac/macOS-Swift
    builtin-SwiftPerFileCompile PeerCallPhotoView.swift

SwiftCompile normal arm64 /Users/buddhirajgautam/Documents/Cherrygram-Mac/macOS-Swift/packages/PrivateCallScreen/Sources/PeerCallRevealedSecretKeyView.swift (in target 'PrivateCallScreen' from project 'PrivateCallScreen')
    cd /Users/buddhirajgautam/Documents/Cherrygram-Mac/macOS-Swift
    builtin-SwiftPerFileCompile PeerCallRevealedSecretKeyView.swift

SwiftCompile normal arm64 Compiling\ PeerCallScreen.swift,\ PeerCallScreenView.swift /Users/buddhirajgautam/Documents/Cherrygram-Mac/macOS-Swift/packages/PrivateCallScreen/Sources/PeerCallScreen.swift /Users/buddhirajgautam/Documents/Cherrygram-Mac/macOS-Swift/packages/PrivateCallScreen/Sources/PeerCallScreenView.swift (in target 'PrivateCallScreen' from project 'PrivateCallScreen')
/Users/buddhirajgautam/Documents/Cherrygram-Mac/macOS-Swift/packages/PrivateCallScreen/Sources/PeerCallScreenView.swift:113:26: warning: 'light' was deprecated in macOS 10.14: Use a semantic material instead.  To force the appearance of a view hierarchy, set the `appearance` property to an appropriate NSAppearance value. [#DeprecatedDeclaration]
 111 |         
 112 |         self.wantsLayer = true
 113 |         self.material = .light
     |                          `- warning: 'light' was deprecated in macOS 10.14: Use a semantic material instead.  To force the appearance of a view hierarchy, set the `appearance` property to an appropriate NSAppearance value. [#DeprecatedDeclaration]
 114 |         self.state = .active
 115 |         self.blendingMode = .withinWindow

/Users/buddhirajgautam/Documents/Cherrygram-Mac/macOS-Swift/packages/PrivateCallScreen/Sources/PeerCallScreenView.swift:670:37: warning: 'dark' was deprecated in macOS 10.14: Use a semantic material instead.  To force the appearance of a view hierarchy, set the `appearance` property to an appropriate NSAppearance value. [#DeprecatedDeclaration]
 668 |             } else {
 669 |                 current = NSVisualEffectView(frame: self.bounds)
 670 |                 current.material = .dark
     |                                     `- warning: 'dark' was deprecated in macOS 10.14: Use a semantic material instead.  To force the appearance of a view hierarchy, set the `appearance` property to an appropriate NSAppearance value. [#DeprecatedDeclaration]
 671 |                 current.state = .active
 672 |                 current.blendingMode = .withinWindow

[#DeprecatedDeclaration]: <https://docs.swift.org/compiler/documentation/diagnostics/deprecated-declaration>

SwiftCompile normal arm64 /Users/buddhirajgautam/Documents/Cherrygram-Mac/macOS-Swift/packages/PrivateCallScreen/Sources/PeerCallScreen.swift (in target 'PrivateCallScreen' from project 'PrivateCallScreen')
    cd /Users/buddhirajgautam/Documents/Cherrygram-Mac/macOS-Swift
    builtin-SwiftPerFileCompile PeerCallScreen.swift

SwiftCompile normal arm64 /Users/buddhirajgautam/Documents/Cherrygram-Mac/macOS-Swift/packages/PrivateCallScreen/Sources/PeerCallScreenView.swift (in target 'PrivateCallScreen' from project 'PrivateCallScreen')
    cd /Users/buddhirajgautam/Documents/Cherrygram-Mac/macOS-Swift
    builtin-SwiftPerFileCompile PeerCallScreenView.swift

SwiftCompile normal arm64 Compiling\ PeerCallTooltipStatusView.swift /Users/buddhirajgautam/Documents/Cherrygram-Mac/macOS-Swift/packages/PrivateCallScreen/Sources/PeerCallTooltipStatusView.swift (in target 'PrivateCallScreen' from project 'PrivateCallScreen')
/Users/buddhirajgautam/Documents/Cherrygram-Mac/macOS-Swift/packages/PrivateCallScreen/Sources/PeerCallTooltipStatusView.swift:76:26: warning: 'light' was deprecated in macOS 10.14: Use a semantic material instead.  To force the appearance of a view hierarchy, set the `appearance` property to an appropriate NSAppearance value. [#DeprecatedDeclaration]
 74 |         
 75 |         self.wantsLayer = true
 76 |         self.material = .light
    |                          `- warning: 'light' was deprecated in macOS 10.14: Use a semantic material instead.  To force the appearance of a view hierarchy, set the `appearance` property to an appropriate NSAppearance value. [#DeprecatedDeclaration]
 77 |         self.state = .active
 78 |         self.blendingMode = .withinWindow

[#DeprecatedDeclaration]: <https://docs.swift.org/compiler/documentation/diagnostics/deprecated-declaration>

SwiftCompile normal arm64 /Users/buddhirajgautam/Documents/Cherrygram-Mac/macOS-Swift/packages/PrivateCallScreen/Sources/PeerCallTooltipStatusView.swift (in target 'PrivateCallScreen' from project 'PrivateCallScreen')
    cd /Users/buddhirajgautam/Documents/Cherrygram-Mac/macOS-Swift
    builtin-SwiftPerFileCompile PeerCallTooltipStatusView.swift

CompileC /Users/buddhirajgautam/Library/Developer/Xcode/DerivedData/Telegram-Mac-fygdgghdgmuleoelvxabfmqiotta/Build/Intermediates.noindex/Sparkle.build/Debug/Sparkle.build/Objects-normal/arm64/SUUpdateValidator.o /Users/buddhirajgautam/Documents/Cherrygram-Mac/macOS-Swift/submodules/Sparkle/Sparkle/SUUpdateValidator.m normal arm64 objective-c com.apple.compilers.llvm.clang.1_0.compiler (in target 'Sparkle' from project 'Sparkle')
    cd /Users/buddhirajgautam/Documents/Cherrygram-Mac/macOS-Swift/submodules/Sparkle
    
    Using response file: /Users/buddhirajgautam/Library/Developer/Xcode/DerivedData/Telegram-Mac-fygdgghdgmuleoelvxabfmqiotta/Build/Intermediates.noindex/Sparkle.build/Debug/Sparkle.build/Objects-normal/arm64/e6072d4f65d7061329687fe24e3d63a7-common-args.resp
    
    /Applications/Xcode.app/Contents/Developer/Toolchains/XcodeDefault.xctoolchain/usr/bin/clang -x objective-c -ivfsstatcache /Users/buddhirajgautam/Library/Developer/Xcode/DerivedData/SDKStatCaches.noindex/macosx27.0-26A425-e829b21a6f8c9b70876ba0858053c0447231f6df4def33e022ae2eb8f782df1a.sdkstatcache -target arm64-apple-macos12.0 -fmessage-length\=0 -fdiagnostics-show-note-include-stack -fmacro-backtrace-limit\=0 -fno-color-diagnostics -fmodules-prune-interval\=86400 -fmodules-prune-after\=345600 -fbuild-session-file\=/Users/buddhirajgautam/Library/Developer/Xcode/DerivedData/ModuleCache.noindex/Session.modulevalidation -fmodules-validate-once-per-build-session -Wnon-modular-include-in-framework-module -Werror\=non-modular-include-in-framework-module -Wno-trigraphs -Werror\=incompatible-pointer-types -Werror\=implicit-function-declaration -Wmissing-field-initializers -Wmissing-prototypes -Wdocumentation -Wunreachable-code -Wimplicit-atomic-properties -Wno-objc-interface-ivars -Wobjc-missing-property-synthesis -Warc-repeated-use-of-weak -Wno-arc-maybe-repeated-use-of-weak -Wexplicit-ownership-type -Wimplicit-retain-self -Wduplicate-method-match -Wmissing-braces -Wparentheses -Wswitch -Wunused-function -Wunused-label -Wunused-parameter -Wunused-variable -Wunused-value -Wempty-body -Wuninitialized -Wunknown-pragmas -Wshadow -Wfour-char-constants -Wconversion -Wconstant-conversion -Wint-conversion -Wbool-conversion -Wenum-conversion -Wfloat-conversion -Wnon-literal-null-conversion -Wobjc-literal-conversion -Wassign-enum -Wsign-compare -Wshorten-64-to-32 -Wpointer-sign -Wnewline-eof -Wselector -Wstrict-selector-match -Wundeclared-selector -Wdeprecated-implementations -Wno-implicit-fallthrough -isysroot /Applications/Xcode.app/Contents/Developer/Platforms/MacOSX.platform/Developer/SDKs/MacOSX27.0.sdk -fstrict-aliasing -Wprotocol -Wdeprecated-declarations -Wsign-conversion -Winfinite-recursion -Wcomma -Wblock-capture-autoreleasing -Wstrict-prototypes -Wno-semicolon-before-method-body -index-store-path /Users/buddhirajgautam/Library/Developer/Xcode/DerivedData/Telegram-Mac-fygdgghdgmuleoelvxabfmqiotta/Index.noindex/DataStore -Wall -Weverything -Wno-unused-macros -Wno-gnu-statement-expression -Wno-arc-repeated-use-of-weak -Wno-auto-import -Wno-gnu-zero-variadic-macro-arguments -Wno-custom-atomic-properties -Wno-implicit-atomic-properties @/Users/buddhirajgautam/Library/Developer/Xcode/DerivedData/Telegram-Mac-fygdgghdgmuleoelvxabfmqiotta/Build/Intermediates.noindex/Sparkle.build/Debug/Sparkle.build/Objects-normal/arm64/e6072d4f65d7061329687fe24e3d63a7-common-args.resp -MMD -MT dependencies -MF /Users/buddhirajgautam/Library/Developer/Xcode/DerivedData/Telegram-Mac-fygdgghdgmuleoelvxabfmqiotta/Build/Intermediates.noindex/Sparkle.build/Debug/Sparkle.build/Objects-normal/arm64/SUUpdateValidator.d --serialize-diagnostics /Users/buddhirajgautam/Library/Developer/Xcode/DerivedData/Telegram-Mac-fygdgghdgmuleoelvxabfmqiotta/Build/Intermediates.noindex/Sparkle.build/Debug/Sparkle.build/Objects-normal/arm64/SUUpdateValidator.dia -c /Users/buddhirajgautam/Documents/Cherrygram-Mac/macOS-Swift/submodules/Sparkle/Sparkle/SUUpdateValidator.m -o /Users/buddhirajgautam/Library/Developer/Xcode/DerivedData/Telegram-Mac-fygdgghdgmuleoelvxabfmqiotta/Build/Intermediates.noindex/Sparkle.build/Debug/Sparkle.build/Objects-normal/arm64/SUUpdateValidator.o -index-unit-output-path /Sparkle.build/Debug/Sparkle.build/Objects-normal/arm64/SUUpdateValidator.o
/Users/buddhirajgautam/Documents/Cherrygram-Mac/macOS-Swift/submodules/Sparkle/Sparkle/SUUpdateValidator.m:73:19: warning: mixing declarations and code is incompatible with standards before C99 [-Wdeclaration-after-statement]
   73 |     SUSignatures *signatures = self.signatures;
      |                   ^
/Users/buddhirajgautam/Documents/Cherrygram-Mac/macOS-Swift/submodules/Sparkle/Sparkle/SUUpdateValidator.m:136:19: warning: mixing declarations and code is incompatible with standards before C99 [-Wdeclaration-after-statement]
  136 |     SUPublicKeys *publicKeys = host.publicKeys;
      |                   ^
2 warnings generated.

SwiftDriverJobDiscovery normal arm64 Compiling PeerCallTooltipStatusView.swift (in target 'PrivateCallScreen' from project 'PrivateCallScreen')

CompileC /Users/buddhirajgautam/Library/Developer/Xcode/DerivedData/Telegram-Mac-fygdgghdgmuleoelvxabfmqiotta/Build/Intermediates.noindex/Sparkle.build/Debug/Sparkle.build/Objects-normal/arm64/SUUpdatePermissionResponse.o /Users/buddhirajgautam/Documents/Cherrygram-Mac/macOS-Swift/submodules/Sparkle/Sparkle/SUUpdatePermissionResponse.m normal arm64 objective-c com.apple.compilers.llvm.clang.1_0.compiler (in target 'Sparkle' from project 'Sparkle')
    cd /Users/buddhirajgautam/Documents/Cherrygram-Mac/macOS-Swift/submodules/Sparkle
    
    Using response file: /Users/buddhirajgautam/Library/Developer/Xcode/DerivedData/Telegram-Mac-fygdgghdgmuleoelvxabfmqiotta/Build/Intermediates.noindex/Sparkle.build/Debug/Sparkle.build/Objects-normal/arm64/e6072d4f65d7061329687fe24e3d63a7-common-args.resp
    
    /Applications/Xcode.app/Contents/Developer/Toolchains/XcodeDefault.xctoolchain/usr/bin/clang -x objective-c -ivfsstatcache /Users/buddhirajgautam/Library/Developer/Xcode/DerivedData/SDKStatCaches.noindex/macosx27.0-26A425-e829b21a6f8c9b70876ba0858053c0447231f6df4def33e022ae2eb8f782df1a.sdkstatcache -target arm64-apple-macos12.0 -fmessage-length\=0 -fdiagnostics-show-note-include-stack -fmacro-backtrace-limit\=0 -fno-color-diagnostics -fmodules-prune-interval\=86400 -fmodules-prune-after\=345600 -fbuild-session-file\=/Users/buddhirajgautam/Library/Developer/Xcode/DerivedData/ModuleCache.noindex/Session.modulevalidation -fmodules-validate-once-per-build-session -Wnon-modular-include-in-framework-module -Werror\=non-modular-include-in-framework-module -Wno-trigraphs -Werror\=incompatible-pointer-types -Werror\=implicit-function-declaration -Wmissing-field-initializers -Wmissing-prototypes -Wdocumentation -Wunreachable-code -Wimplicit-atomic-properties -Wno-objc-interface-ivars -Wobjc-missing-property-synthesis -Warc-repeated-use-of-weak -Wno-arc-maybe-repeated-use-of-weak -Wexplicit-ownership-type -Wimplicit-retain-self -Wduplicate-method-match -Wmissing-braces -Wparentheses -Wswitch -Wunused-function -Wunused-label -Wunused-parameter -Wunused-variable -Wunused-value -Wempty-body -Wuninitialized -Wunknown-pragmas -Wshadow -Wfour-char-constants -Wconversion -Wconstant-conversion -Wint-conversion -Wbool-conversion -Wenum-conversion -Wfloat-conversion -Wnon-literal-null-conversion -Wobjc-literal-conversion -Wassign-enum -Wsign-compare -Wshorten-64-to-32 -Wpointer-sign -Wnewline-eof -Wselector -Wstrict-selector-match -Wundeclared-selector -Wdeprecated-implementations -Wno-implicit-fallthrough -isysroot /Applications/Xcode.app/Contents/Developer/Platforms/MacOSX.platform/Developer/SDKs/MacOSX27.0.sdk -fstrict-aliasing -Wprotocol -Wdeprecated-declarations -Wsign-conversion -Winfinite-recursion -Wcomma -Wblock-capture-autoreleasing -Wstrict-prototypes -Wno-semicolon-before-method-body -index-store-path /Users/buddhirajgautam/Library/Developer/Xcode/DerivedData/Telegram-Mac-fygdgghdgmuleoelvxabfmqiotta/Index.noindex/DataStore -Wall -Weverything -Wno-unused-macros -Wno-gnu-statement-expression -Wno-arc-repeated-use-of-weak -Wno-auto-import -Wno-gnu-zero-variadic-macro-arguments -Wno-custom-atomic-properties -Wno-implicit-atomic-properties @/Users/buddhirajgautam/Library/Developer/Xcode/DerivedData/Telegram-Mac-fygdgghdgmuleoelvxabfmqiotta/Build/Intermediates.noindex/Sparkle.build/Debug/Sparkle.build/Objects-normal/arm64/e6072d4f65d7061329687fe24e3d63a7-common-args.resp -MMD -MT dependencies -MF /Users/buddhirajgautam/Library/Developer/Xcode/DerivedData/Telegram-Mac-fygdgghdgmuleoelvxabfmqiotta/Build/Intermediates.noindex/Sparkle.build/Debug/Sparkle.build/Objects-normal/arm64/SUUpdatePermissionResponse.d --serialize-diagnostics /Users/buddhirajgautam/Library/Developer/Xcode/DerivedData/Telegram-Mac-fygdgghdgmuleoelvxabfmqiotta/Build/Intermediates.noindex/Sparkle.build/Debug/Sparkle.build/Objects-normal/arm64/SUUpdatePermissionResponse.dia -c /Users/buddhirajgautam/Documents/Cherrygram-Mac/macOS-Swift/submodules/Sparkle/Sparkle/SUUpdatePermissionResponse.m -o /Users/buddhirajgautam/Library/Developer/Xcode/DerivedData/Telegram-Mac-fygdgghdgmuleoelvxabfmqiotta/Build/Intermediates.noindex/Sparkle.build/Debug/Sparkle.build/Objects-normal/arm64/SUUpdatePermissionResponse.o -index-unit-output-path /Sparkle.build/Debug/Sparkle.build/Objects-normal/arm64/SUUpdatePermissionResponse.o

CompileC /Users/buddhirajgautam/Library/Developer/Xcode/DerivedData/Telegram-Mac-fygdgghdgmuleoelvxabfmqiotta/Build/Intermediates.noindex/Sparkle.build/Debug/Sparkle.build/Objects-normal/arm64/SUUnarchiverNotifier.o /Users/buddhirajgautam/Documents/Cherrygram-Mac/macOS-Swift/submodules/Sparkle/Sparkle/SUUnarchiverNotifier.m normal arm64 objective-c com.apple.compilers.llvm.clang.1_0.compiler (in target 'Sparkle' from project 'Sparkle')
    cd /Users/buddhirajgautam/Documents/Cherrygram-Mac/macOS-Swift/submodules/Sparkle
    
    Using response file: /Users/buddhirajgautam/Library/Developer/Xcode/DerivedData/Telegram-Mac-fygdgghdgmuleoelvxabfmqiotta/Build/Intermediates.noindex/Sparkle.build/Debug/Sparkle.build/Objects-normal/arm64/e6072d4f65d7061329687fe24e3d63a7-common-args.resp
    
    /Applications/Xcode.app/Contents/Developer/Toolchains/XcodeDefault.xctoolchain/usr/bin/clang -x objective-c -ivfsstatcache /Users/buddhirajgautam/Library/Developer/Xcode/DerivedData/SDKStatCaches.noindex/macosx27.0-26A425-e829b21a6f8c9b70876ba0858053c0447231f6df4def33e022ae2eb8f782df1a.sdkstatcache -target arm64-apple-macos12.0 -fmessage-length\=0 -fdiagnostics-show-note-include-stack -fmacro-backtrace-limit\=0 -fno-color-diagnostics -fmodules-prune-interval\=86400 -fmodules-prune-after\=345600 -fbuild-session-file\=/Users/buddhirajgautam/Library/Developer/Xcode/DerivedData/ModuleCache.noindex/Session.modulevalidation -fmodules-validate-once-per-build-session -Wnon-modular-include-in-framework-module -Werror\=non-modular-include-in-framework-module -Wno-trigraphs -Werror\=incompatible-pointer-types -Werror\=implicit-function-declaration -Wmissing-field-initializers -Wmissing-prototypes -Wdocumentation -Wunreachable-code -Wimplicit-atomic-properties -Wno-objc-interface-ivars -Wobjc-missing-property-synthesis -Warc-repeated-use-of-weak -Wno-arc-maybe-repeated-use-of-weak -Wexplicit-ownership-type -Wimplicit-retain-self -Wduplicate-method-match -Wmissing-braces -Wparentheses -Wswitch -Wunused-function -Wunused-label -Wunused-parameter -Wunused-variable -Wunused-value -Wempty-body -Wuninitialized -Wunknown-pragmas -Wshadow -Wfour-char-constants -Wconversion -Wconstant-conversion -Wint-conversion -Wbool-conversion -Wenum-conversion -Wfloat-conversion -Wnon-literal-null-conversion -Wobjc-literal-conversion -Wassign-enum -Wsign-compare -Wshorten-64-to-32 -Wpointer-sign -Wnewline-eof -Wselector -Wstrict-selector-match -Wundeclared-selector -Wdeprecated-implementations -Wno-implicit-fallthrough -isysroot /Applications/Xcode.app/Contents/Developer/Platforms/MacOSX.platform/Developer/SDKs/MacOSX27.0.sdk -fstrict-aliasing -Wprotocol -Wdeprecated-declarations -Wsign-conversion -Winfinite-recursion -Wcomma -Wblock-capture-autoreleasing -Wstrict-prototypes -Wno-semicolon-before-method-body -index-store-path /Users/buddhirajgautam/Library/Developer/Xcode/DerivedData/Telegram-Mac-fygdgghdgmuleoelvxabfmqiotta/Index.noindex/DataStore -Wall -Weverything -Wno-unused-macros -Wno-gnu-statement-expression -Wno-arc-repeated-use-of-weak -Wno-auto-import -Wno-gnu-zero-variadic-macro-arguments -Wno-custom-atomic-properties -Wno-implicit-atomic-properties @/Users/buddhirajgautam/Library/Developer/Xcode/DerivedData/Telegram-Mac-fygdgghdgmuleoelvxabfmqiotta/Build/Intermediates.noindex/Sparkle.build/Debug/Sparkle.build/Objects-normal/arm64/e6072d4f65d7061329687fe24e3d63a7-common-args.resp -MMD -MT dependencies -MF /Users/buddhirajgautam/Library/Developer/Xcode/DerivedData/Telegram-Mac-fygdgghdgmuleoelvxabfmqiotta/Build/Intermediates.noindex/Sparkle.build/Debug/Sparkle.build/Objects-normal/arm64/SUUnarchiverNotifier.d --serialize-diagnostics /Users/buddhirajgautam/Library/Developer/Xcode/DerivedData/Telegram-Mac-fygdgghdgmuleoelvxabfmqiotta/Build/Intermediates.noindex/Sparkle.build/Debug/Sparkle.build/Objects-normal/arm64/SUUnarchiverNotifier.dia -c /Users/buddhirajgautam/Documents/Cherrygram-Mac/macOS-Swift/submodules/Sparkle/Sparkle/SUUnarchiverNotifier.m -o /Users/buddhirajgautam/Library/Developer/Xcode/DerivedData/Telegram-Mac-fygdgghdgmuleoelvxabfmqiotta/Build/Intermediates.noindex/Sparkle.build/Debug/Sparkle.build/Objects-normal/arm64/SUUnarchiverNotifier.o -index-unit-output-path /Sparkle.build/Debug/Sparkle.build/Objects-normal/arm64/SUUnarchiverNotifier.o
/Users/buddhirajgautam/Documents/Cherrygram-Mac/macOS-Swift/submodules/Sparkle/Sparkle/SUUnarchiverNotifier.m:31:5: warning: completion handler is never used when taking false branch [-Wcompletion-handler]
   31 |     if (self != nil) {
      |     ^
/Users/buddhirajgautam/Documents/Cherrygram-Mac/macOS-Swift/submodules/Sparkle/Sparkle/SUUnarchiverNotifier.m:52:14: warning: mixing declarations and code is incompatible with standards before C99 [-Wdeclaration-after-statement]
   52 |     NSError *error = [NSError errorWithDomain:SUSparkleErrorDomain code:SUUnarchivingError userInfo:userInfo];
      |              ^
2 warnings generated.

SwiftDriverJobDiscovery normal arm64 Compiling PeerCallPhotoView.swift, PeerCallRevealedSecretKeyView.swift (in target 'PrivateCallScreen' from project 'PrivateCallScreen')

CompileC /Users/buddhirajgautam/Library/Developer/Xcode/DerivedData/Telegram-Mac-fygdgghdgmuleoelvxabfmqiotta/Build/Intermediates.noindex/Sparkle.build/Debug/Sparkle.build/Objects-normal/arm64/SUUnarchiver.o /Users/buddhirajgautam/Documents/Cherrygram-Mac/macOS-Swift/submodules/Sparkle/Sparkle/SUUnarchiver.m normal arm64 objective-c com.apple.compilers.llvm.clang.1_0.compiler (in target 'Sparkle' from project 'Sparkle')
    cd /Users/buddhirajgautam/Documents/Cherrygram-Mac/macOS-Swift/submodules/Sparkle
    
    Using response file: /Users/buddhirajgautam/Library/Developer/Xcode/DerivedData/Telegram-Mac-fygdgghdgmuleoelvxabfmqiotta/Build/Intermediates.noindex/Sparkle.build/Debug/Sparkle.build/Objects-normal/arm64/e6072d4f65d7061329687fe24e3d63a7-common-args.resp
    
    /Applications/Xcode.app/Contents/Developer/Toolchains/XcodeDefault.xctoolchain/usr/bin/clang -x objective-c -ivfsstatcache /Users/buddhirajgautam/Library/Developer/Xcode/DerivedData/SDKStatCaches.noindex/macosx27.0-26A425-e829b21a6f8c9b70876ba0858053c0447231f6df4def33e022ae2eb8f782df1a.sdkstatcache -target arm64-apple-macos12.0 -fmessage-length\=0 -fdiagnostics-show-note-include-stack -fmacro-backtrace-limit\=0 -fno-color-diagnostics -fmodules-prune-interval\=86400 -fmodules-prune-after\=345600 -fbuild-session-file\=/Users/buddhirajgautam/Library/Developer/Xcode/DerivedData/ModuleCache.noindex/Session.modulevalidation -fmodules-validate-once-per-build-session -Wnon-modular-include-in-framework-module -Werror\=non-modular-include-in-framework-module -Wno-trigraphs -Werror\=incompatible-pointer-types -Werror\=implicit-function-declaration -Wmissing-field-initializers -Wmissing-prototypes -Wdocumentation -Wunreachable-code -Wimplicit-atomic-properties -Wno-objc-interface-ivars -Wobjc-missing-property-synthesis -Warc-repeated-use-of-weak -Wno-arc-maybe-repeated-use-of-weak -Wexplicit-ownership-type -Wimplicit-retain-self -Wduplicate-method-match -Wmissing-braces -Wparentheses -Wswitch -Wunused-function -Wunused-label -Wunused-parameter -Wunused-variable -Wunused-value -Wempty-body -Wuninitialized -Wunknown-pragmas -Wshadow -Wfour-char-constants -Wconversion -Wconstant-conversion -Wint-conversion -Wbool-conversion -Wenum-conversion -Wfloat-conversion -Wnon-literal-null-conversion -Wobjc-literal-conversion -Wassign-enum -Wsign-compare -Wshorten-64-to-32 -Wpointer-sign -Wnewline-eof -Wselector -Wstrict-selector-match -Wundeclared-selector -Wdeprecated-implementations -Wno-implicit-fallthrough -isysroot /Applications/Xcode.app/Contents/Developer/Platforms/MacOSX.platform/Developer/SDKs/MacOSX27.0.sdk -fstrict-aliasing -Wprotocol -Wdeprecated-declarations -Wsign-conversion -Winfinite-recursion -Wcomma -Wblock-capture-autoreleasing -Wstrict-prototypes -Wno-semicolon-before-method-body -index-store-path /Users/buddhirajgautam/Library/Developer/Xcode/DerivedData/Telegram-Mac-fygdgghdgmuleoelvxabfmqiotta/Index.noindex/DataStore -Wall -Weverything -Wno-unused-macros -Wno-gnu-statement-expression -Wno-arc-repeated-use-of-weak -Wno-auto-import -Wno-gnu-zero-variadic-macro-arguments -Wno-custom-atomic-properties -Wno-implicit-atomic-properties @/Users/buddhirajgautam/Library/Developer/Xcode/DerivedData/Telegram-Mac-fygdgghdgmuleoelvxabfmqiotta/Build/Intermediates.noindex/Sparkle.build/Debug/Sparkle.build/Objects-normal/arm64/e6072d4f65d7061329687fe24e3d63a7-common-args.resp -MMD -MT dependencies -MF /Users/buddhirajgautam/Library/Developer/Xcode/DerivedData/Telegram-Mac-fygdgghdgmuleoelvxabfmqiotta/Build/Intermediates.noindex/Sparkle.build/Debug/Sparkle.build/Objects-normal/arm64/SUUnarchiver.d --serialize-diagnostics /Users/buddhirajgautam/Library/Developer/Xcode/DerivedData/Telegram-Mac-fygdgghdgmuleoelvxabfmqiotta/Build/Intermediates.noindex/Sparkle.build/Debug/Sparkle.build/Objects-normal/arm64/SUUnarchiver.dia -c /Users/buddhirajgautam/Documents/Cherrygram-Mac/macOS-Swift/submodules/Sparkle/Sparkle/SUUnarchiver.m -o /Users/buddhirajgautam/Library/Developer/Xcode/DerivedData/Telegram-Mac-fygdgghdgmuleoelvxabfmqiotta/Build/Intermediates.noindex/Sparkle.build/Debug/Sparkle.build/Objects-normal/arm64/SUUnarchiver.o -index-unit-output-path /Sparkle.build/Debug/Sparkle.build/Objects-normal/arm64/SUUnarchiver.o
/Users/buddhirajgautam/Documents/Cherrygram-Mac/macOS-Swift/submodules/Sparkle/Sparkle/SUUnarchiver.m:30:19: warning: mixing declarations and code is incompatible with standards before C99 [-Wdeclaration-after-statement]
   30 |         NSString *nonNullHostPath = hostPath;
      |                   ^
1 warning generated.

CompileC /Users/buddhirajgautam/Library/Developer/Xcode/DerivedData/Telegram-Mac-fygdgghdgmuleoelvxabfmqiotta/Build/Intermediates.noindex/Sparkle.build/Debug/Sparkle.build/Objects-normal/arm64/SUSystemUpdateInfo.o /Users/buddhirajgautam/Documents/Cherrygram-Mac/macOS-Swift/submodules/Sparkle/Sparkle/SUSystemUpdateInfo.m normal arm64 objective-c com.apple.compilers.llvm.clang.1_0.compiler (in target 'Sparkle' from project 'Sparkle')
    cd /Users/buddhirajgautam/Documents/Cherrygram-Mac/macOS-Swift/submodules/Sparkle
    
    Using response file: /Users/buddhirajgautam/Library/Developer/Xcode/DerivedData/Telegram-Mac-fygdgghdgmuleoelvxabfmqiotta/Build/Intermediates.noindex/Sparkle.build/Debug/Sparkle.build/Objects-normal/arm64/e6072d4f65d7061329687fe24e3d63a7-common-args.resp
    
    /Applications/Xcode.app/Contents/Developer/Toolchains/XcodeDefault.xctoolchain/usr/bin/clang -x objective-c -ivfsstatcache /Users/buddhirajgautam/Library/Developer/Xcode/DerivedData/SDKStatCaches.noindex/macosx27.0-26A425-e829b21a6f8c9b70876ba0858053c0447231f6df4def33e022ae2eb8f782df1a.sdkstatcache -target arm64-apple-macos12.0 -fmessage-length\=0 -fdiagnostics-show-note-include-stack -fmacro-backtrace-limit\=0 -fno-color-diagnostics -fmodules-prune-interval\=86400 -fmodules-prune-after\=345600 -fbuild-session-file\=/Users/buddhirajgautam/Library/Developer/Xcode/DerivedData/ModuleCache.noindex/Session.modulevalidation -fmodules-validate-once-per-build-session -Wnon-modular-include-in-framework-module -Werror\=non-modular-include-in-framework-module -Wno-trigraphs -Werror\=incompatible-pointer-types -Werror\=implicit-function-declaration -Wmissing-field-initializers -Wmissing-prototypes -Wdocumentation -Wunreachable-code -Wimplicit-atomic-properties -Wno-objc-interface-ivars -Wobjc-missing-property-synthesis -Warc-repeated-use-of-weak -Wno-arc-maybe-repeated-use-of-weak -Wexplicit-ownership-type -Wimplicit-retain-self -Wduplicate-method-match -Wmissing-braces -Wparentheses -Wswitch -Wunused-function -Wunused-label -Wunused-parameter -Wunused-variable -Wunused-value -Wempty-body -Wuninitialized -Wunknown-pragmas -Wshadow -Wfour-char-constants -Wconversion -Wconstant-conversion -Wint-conversion -Wbool-conversion -Wenum-conversion -Wfloat-conversion -Wnon-literal-null-conversion -Wobjc-literal-conversion -Wassign-enum -Wsign-compare -Wshorten-64-to-32 -Wpointer-sign -Wnewline-eof -Wselector -Wstrict-selector-match -Wundeclared-selector -Wdeprecated-implementations -Wno-implicit-fallthrough -isysroot /Applications/Xcode.app/Contents/Developer/Platforms/MacOSX.platform/Developer/SDKs/MacOSX27.0.sdk -fstrict-aliasing -Wprotocol -Wdeprecated-declarations -Wsign-conversion -Winfinite-recursion -Wcomma -Wblock-capture-autoreleasing -Wstrict-prototypes -Wno-semicolon-before-method-body -index-store-path /Users/buddhirajgautam/Library/Developer/Xcode/DerivedData/Telegram-Mac-fygdgghdgmuleoelvxabfmqiotta/Index.noindex/DataStore -Wall -Weverything -Wno-unused-macros -Wno-gnu-statement-expression -Wno-arc-repeated-use-of-weak -Wno-auto-import -Wno-gnu-zero-variadic-macro-arguments -Wno-custom-atomic-properties -Wno-implicit-atomic-properties @/Users/buddhirajgautam/Library/Developer/Xcode/DerivedData/Telegram-Mac-fygdgghdgmuleoelvxabfmqiotta/Build/Intermediates.noindex/Sparkle.build/Debug/Sparkle.build/Objects-normal/arm64/e6072d4f65d7061329687fe24e3d63a7-common-args.resp -MMD -MT dependencies -MF /Users/buddhirajgautam/Library/Developer/Xcode/DerivedData/Telegram-Mac-fygdgghdgmuleoelvxabfmqiotta/Build/Intermediates.noindex/Sparkle.build/Debug/Sparkle.build/Objects-normal/arm64/SUSystemUpdateInfo.d --serialize-diagnostics /Users/buddhirajgautam/Library/Developer/Xcode/DerivedData/Telegram-Mac-fygdgghdgmuleoelvxabfmqiotta/Build/Intermediates.noindex/Sparkle.build/Debug/Sparkle.build/Objects-normal/arm64/SUSystemUpdateInfo.dia -c /Users/buddhirajgautam/Documents/Cherrygram-Mac/macOS-Swift/submodules/Sparkle/Sparkle/SUSystemUpdateInfo.m -o /Users/buddhirajgautam/Library/Developer/Xcode/DerivedData/Telegram-Mac-fygdgghdgmuleoelvxabfmqiotta/Build/Intermediates.noindex/Sparkle.build/Debug/Sparkle.build/Objects-normal/arm64/SUSystemUpdateInfo.o -index-unit-output-path /Sparkle.build/Debug/Sparkle.build/Objects-normal/arm64/SUSystemUpdateInfo.o
/Users/buddhirajgautam/Documents/Cherrygram-Mac/macOS-Swift/submodules/Sparkle/Sparkle/SUSystemUpdateInfo.m:30:15: warning: mixing declarations and code is incompatible with standards before C99 [-Wdeclaration-after-statement]
   30 |     NSString *bundlePath = [host bundlePath];
      |               ^
1 warning generated.

CompileC /Users/buddhirajgautam/Library/Developer/Xcode/DerivedData/Telegram-Mac-fygdgghdgmuleoelvxabfmqiotta/Build/Intermediates.noindex/Sparkle.build/Debug/Sparkle.build/Objects-normal/arm64/SUSystemProfiler.o /Users/buddhirajgautam/Documents/Cherrygram-Mac/macOS-Swift/submodules/Sparkle/Sparkle/SUSystemProfiler.m normal arm64 objective-c com.apple.compilers.llvm.clang.1_0.compiler (in target 'Sparkle' from project 'Sparkle')
    cd /Users/buddhirajgautam/Documents/Cherrygram-Mac/macOS-Swift/submodules/Sparkle
    
    Using response file: /Users/buddhirajgautam/Library/Developer/Xcode/DerivedData/Telegram-Mac-fygdgghdgmuleoelvxabfmqiotta/Build/Intermediates.noindex/Sparkle.build/Debug/Sparkle.build/Objects-normal/arm64/e6072d4f65d7061329687fe24e3d63a7-common-args.resp
    
    /Applications/Xcode.app/Contents/Developer/Toolchains/XcodeDefault.xctoolchain/usr/bin/clang -x objective-c -ivfsstatcache /Users/buddhirajgautam/Library/Developer/Xcode/DerivedData/SDKStatCaches.noindex/macosx27.0-26A425-e829b21a6f8c9b70876ba0858053c0447231f6df4def33e022ae2eb8f782df1a.sdkstatcache -target arm64-apple-macos12.0 -fmessage-length\=0 -fdiagnostics-show-note-include-stack -fmacro-backtrace-limit\=0 -fno-color-diagnostics -fmodules-prune-interval\=86400 -fmodules-prune-after\=345600 -fbuild-session-file\=/Users/buddhirajgautam/Library/Developer/Xcode/DerivedData/ModuleCache.noindex/Session.modulevalidation -fmodules-validate-once-per-build-session -Wnon-modular-include-in-framework-module -Werror\=non-modular-include-in-framework-module -Wno-trigraphs -Werror\=incompatible-pointer-types -Werror\=implicit-function-declaration -Wmissing-field-initializers -Wmissing-prototypes -Wdocumentation -Wunreachable-code -Wimplicit-atomic-properties -Wno-objc-interface-ivars -Wobjc-missing-property-synthesis -Warc-repeated-use-of-weak -Wno-arc-maybe-repeated-use-of-weak -Wexplicit-ownership-type -Wimplicit-retain-self -Wduplicate-method-match -Wmissing-braces -Wparentheses -Wswitch -Wunused-function -Wunused-label -Wunused-parameter -Wunused-variable -Wunused-value -Wempty-body -Wuninitialized -Wunknown-pragmas -Wshadow -Wfour-char-constants -Wconversion -Wconstant-conversion -Wint-conversion -Wbool-conversion -Wenum-conversion -Wfloat-conversion -Wnon-literal-null-conversion -Wobjc-literal-conversion -Wassign-enum -Wsign-compare -Wshorten-64-to-32 -Wpointer-sign -Wnewline-eof -Wselector -Wstrict-selector-match -Wundeclared-selector -Wdeprecated-implementations -Wno-implicit-fallthrough -isysroot /Applications/Xcode.app/Contents/Developer/Platforms/MacOSX.platform/Developer/SDKs/MacOSX27.0.sdk -fstrict-aliasing -Wprotocol -Wdeprecated-declarations -Wsign-conversion -Winfinite-recursion -Wcomma -Wblock-capture-autoreleasing -Wstrict-prototypes -Wno-semicolon-before-method-body -index-store-path /Users/buddhirajgautam/Library/Developer/Xcode/DerivedData/Telegram-Mac-fygdgghdgmuleoelvxabfmqiotta/Index.noindex/DataStore -Wall -Weverything -Wno-unused-macros -Wno-gnu-statement-expression -Wno-arc-repeated-use-of-weak -Wno-auto-import -Wno-gnu-zero-variadic-macro-arguments -Wno-custom-atomic-properties -Wno-implicit-atomic-properties @/Users/buddhirajgautam/Library/Developer/Xcode/DerivedData/Telegram-Mac-fygdgghdgmuleoelvxabfmqiotta/Build/Intermediates.noindex/Sparkle.build/Debug/Sparkle.build/Objects-normal/arm64/e6072d4f65d7061329687fe24e3d63a7-common-args.resp -MMD -MT dependencies -MF /Users/buddhirajgautam/Library/Developer/Xcode/DerivedData/Telegram-Mac-fygdgghdgmuleoelvxabfmqiotta/Build/Intermediates.noindex/Sparkle.build/Debug/Sparkle.build/Objects-normal/arm64/SUSystemProfiler.d --serialize-diagnostics /Users/buddhirajgautam/Library/Developer/Xcode/DerivedData/Telegram-Mac-fygdgghdgmuleoelvxabfmqiotta/Build/Intermediates.noindex/Sparkle.build/Debug/Sparkle.build/Objects-normal/arm64/SUSystemProfiler.dia -c /Users/buddhirajgautam/Documents/Cherrygram-Mac/macOS-Swift/submodules/Sparkle/Sparkle/SUSystemProfiler.m -o /Users/buddhirajgautam/Library/Developer/Xcode/DerivedData/Telegram-Mac-fygdgghdgmuleoelvxabfmqiotta/Build/Intermediates.noindex/Sparkle.build/Debug/Sparkle.build/Objects-normal/arm64/SUSystemProfiler.o -index-unit-output-path /Sparkle.build/Debug/Sparkle.build/Objects-normal/arm64/SUSystemProfiler.o
/Users/buddhirajgautam/Documents/Cherrygram-Mac/macOS-Swift/submodules/Sparkle/Sparkle/SUSystemProfiler.m:62:19: warning: mixing declarations and code is incompatible with standards before C99 [-Wdeclaration-after-statement]
   62 |         NSString *visibleCPUType;
      |                   ^
/Users/buddhirajgautam/Documents/Cherrygram-Mac/macOS-Swift/submodules/Sparkle/Sparkle/SUSystemProfiler.m:152:134: warning: implicit conversion from 'unsigned long' to 'double' may lose precision [-Wimplicit-int-float-conversion]
  152 |         [profileArray addObject:[NSDictionary dictionaryWithObjects:@[SUSystemProfilerCPUFrequencyKey, @"CPU Speed (MHz)", @(mhz), @(mhz / 1000.)] forKeys:profileDictKeys]];
      |                                                                                                                                      ^~~ ~
/Users/buddhirajgautam/Documents/Cherrygram-Mac/macOS-Swift/submodules/Sparkle/Sparkle/SUSystemProfiler.m:159:28: warning: implicit conversion from 'unsigned long' to 'double' may lose precision [-Wimplicit-int-float-conversion]
  159 |         double megabytes = bytes / (1024. * 1024.);
      |                            ^~~~~ ~
/Users/buddhirajgautam/Documents/Cherrygram-Mac/macOS-Swift/submodules/Sparkle/Sparkle/SUSystemProfiler.m:59:9: warning: mixing declarations and code is incompatible with standards before C99 [-Wdeclaration-after-statement]
   59 |     int cpuType = -1;
      |         ^
4 warnings generated.

CompileC /Users/buddhirajgautam/Library/Developer/Xcode/DerivedData/Telegram-Mac-fygdgghdgmuleoelvxabfmqiotta/Build/Intermediates.noindex/Sparkle.build/Debug/Sparkle.build/Objects-normal/arm64/SUStandardVersionComparator.o /Users/buddhirajgautam/Documents/Cherrygram-Mac/macOS-Swift/submodules/Sparkle/Sparkle/SUStandardVersionComparator.m normal arm64 objective-c com.apple.compilers.llvm.clang.1_0.compiler (in target 'Sparkle' from project 'Sparkle')
    cd /Users/buddhirajgautam/Documents/Cherrygram-Mac/macOS-Swift/submodules/Sparkle
    
    Using response file: /Users/buddhirajgautam/Library/Developer/Xcode/DerivedData/Telegram-Mac-fygdgghdgmuleoelvxabfmqiotta/Build/Intermediates.noindex/Sparkle.build/Debug/Sparkle.build/Objects-normal/arm64/e6072d4f65d7061329687fe24e3d63a7-common-args.resp
    
    /Applications/Xcode.app/Contents/Developer/Toolchains/XcodeDefault.xctoolchain/usr/bin/clang -x objective-c -ivfsstatcache /Users/buddhirajgautam/Library/Developer/Xcode/DerivedData/SDKStatCaches.noindex/macosx27.0-26A425-e829b21a6f8c9b70876ba0858053c0447231f6df4def33e022ae2eb8f782df1a.sdkstatcache -target arm64-apple-macos12.0 -fmessage-length\=0 -fdiagnostics-show-note-include-stack -fmacro-backtrace-limit\=0 -fno-color-diagnostics -fmodules-prune-interval\=86400 -fmodules-prune-after\=345600 -fbuild-session-file\=/Users/buddhirajgautam/Library/Developer/Xcode/DerivedData/ModuleCache.noindex/Session.modulevalidation -fmodules-validate-once-per-build-session -Wnon-modular-include-in-framework-module -Werror\=non-modular-include-in-framework-module -Wno-trigraphs -Werror\=incompatible-pointer-types -Werror\=implicit-function-declaration -Wmissing-field-initializers -Wmissing-prototypes -Wdocumentation -Wunreachable-code -Wimplicit-atomic-properties -Wno-objc-interface-ivars -Wobjc-missing-property-synthesis -Warc-repeated-use-of-weak -Wno-arc-maybe-repeated-use-of-weak -Wexplicit-ownership-type -Wimplicit-retain-self -Wduplicate-method-match -Wmissing-braces -Wparentheses -Wswitch -Wunused-function -Wunused-label -Wunused-parameter -Wunused-variable -Wunused-value -Wempty-body -Wuninitialized -Wunknown-pragmas -Wshadow -Wfour-char-constants -Wconversion -Wconstant-conversion -Wint-conversion -Wbool-conversion -Wenum-conversion -Wfloat-conversion -Wnon-literal-null-conversion -Wobjc-literal-conversion -Wassign-enum -Wsign-compare -Wshorten-64-to-32 -Wpointer-sign -Wnewline-eof -Wselector -Wstrict-selector-match -Wundeclared-selector -Wdeprecated-implementations -Wno-implicit-fallthrough -isysroot /Applications/Xcode.app/Contents/Developer/Platforms/MacOSX.platform/Developer/SDKs/MacOSX27.0.sdk -fstrict-aliasing -Wprotocol -Wdeprecated-declarations -Wsign-conversion -Winfinite-recursion -Wcomma -Wblock-capture-autoreleasing -Wstrict-prototypes -Wno-semicolon-before-method-body -index-store-path /Users/buddhirajgautam/Library/Developer/Xcode/DerivedData/Telegram-Mac-fygdgghdgmuleoelvxabfmqiotta/Index.noindex/DataStore -Wall -Weverything -Wno-unused-macros -Wno-gnu-statement-expression -Wno-arc-repeated-use-of-weak -Wno-auto-import -Wno-gnu-zero-variadic-macro-arguments -Wno-custom-atomic-properties -Wno-implicit-atomic-properties @/Users/buddhirajgautam/Library/Developer/Xcode/DerivedData/Telegram-Mac-fygdgghdgmuleoelvxabfmqiotta/Build/Intermediates.noindex/Sparkle.build/Debug/Sparkle.build/Objects-normal/arm64/e6072d4f65d7061329687fe24e3d63a7-common-args.resp -MMD -MT dependencies -MF /Users/buddhirajgautam/Library/Developer/Xcode/DerivedData/Telegram-Mac-fygdgghdgmuleoelvxabfmqiotta/Build/Intermediates.noindex/Sparkle.build/Debug/Sparkle.build/Objects-normal/arm64/SUStandardVersionComparator.d --serialize-diagnostics /Users/buddhirajgautam/Library/Developer/Xcode/DerivedData/Telegram-Mac-fygdgghdgmuleoelvxabfmqiotta/Build/Intermediates.noindex/Sparkle.build/Debug/Sparkle.build/Objects-normal/arm64/SUStandardVersionComparator.dia -c /Users/buddhirajgautam/Documents/Cherrygram-Mac/macOS-Swift/submodules/Sparkle/Sparkle/SUStandardVersionComparator.m -o /Users/buddhirajgautam/Library/Developer/Xcode/DerivedData/Telegram-Mac-fygdgghdgmuleoelvxabfmqiotta/Build/Intermediates.noindex/Sparkle.build/Debug/Sparkle.build/Objects-normal/arm64/SUStandardVersionComparator.o -index-unit-output-path /Sparkle.build/Debug/Sparkle.build/Objects-normal/arm64/SUStandardVersionComparator.o

CompileC /Users/buddhirajgautam/Library/Developer/Xcode/DerivedData/Telegram-Mac-fygdgghdgmuleoelvxabfmqiotta/Build/Intermediates.noindex/Sparkle.build/Debug/Sparkle.build/Objects-normal/arm64/SUSignatures.o /Users/buddhirajgautam/Documents/Cherrygram-Mac/macOS-Swift/submodules/Sparkle/Sparkle/SUSignatures.m normal arm64 objective-c com.apple.compilers.llvm.clang.1_0.compiler (in target 'Sparkle' from project 'Sparkle')
    cd /Users/buddhirajgautam/Documents/Cherrygram-Mac/macOS-Swift/submodules/Sparkle
    
    Using response file: /Users/buddhirajgautam/Library/Developer/Xcode/DerivedData/Telegram-Mac-fygdgghdgmuleoelvxabfmqiotta/Build/Intermediates.noindex/Sparkle.build/Debug/Sparkle.build/Objects-normal/arm64/e6072d4f65d7061329687fe24e3d63a7-common-args.resp
    
    /Applications/Xcode.app/Contents/Developer/Toolchains/XcodeDefault.xctoolchain/usr/bin/clang -x objective-c -ivfsstatcache /Users/buddhirajgautam/Library/Developer/Xcode/DerivedData/SDKStatCaches.noindex/macosx27.0-26A425-e829b21a6f8c9b70876ba0858053c0447231f6df4def33e022ae2eb8f782df1a.sdkstatcache -target arm64-apple-macos12.0 -fmessage-length\=0 -fdiagnostics-show-note-include-stack -fmacro-backtrace-limit\=0 -fno-color-diagnostics -fmodules-prune-interval\=86400 -fmodules-prune-after\=345600 -fbuild-session-file\=/Users/buddhirajgautam/Library/Developer/Xcode/DerivedData/ModuleCache.noindex/Session.modulevalidation -fmodules-validate-once-per-build-session -Wnon-modular-include-in-framework-module -Werror\=non-modular-include-in-framework-module -Wno-trigraphs -Werror\=incompatible-pointer-types -Werror\=implicit-function-declaration -Wmissing-field-initializers -Wmissing-prototypes -Wdocumentation -Wunreachable-code -Wimplicit-atomic-properties -Wno-objc-interface-ivars -Wobjc-missing-property-synthesis -Warc-repeated-use-of-weak -Wno-arc-maybe-repeated-use-of-weak -Wexplicit-ownership-type -Wimplicit-retain-self -Wduplicate-method-match -Wmissing-braces -Wparentheses -Wswitch -Wunused-function -Wunused-label -Wunused-parameter -Wunused-variable -Wunused-value -Wempty-body -Wuninitialized -Wunknown-pragmas -Wshadow -Wfour-char-constants -Wconversion -Wconstant-conversion -Wint-conversion -Wbool-conversion -Wenum-conversion -Wfloat-conversion -Wnon-literal-null-conversion -Wobjc-literal-conversion -Wassign-enum -Wsign-compare -Wshorten-64-to-32 -Wpointer-sign -Wnewline-eof -Wselector -Wstrict-selector-match -Wundeclared-selector -Wdeprecated-implementations -Wno-implicit-fallthrough -isysroot /Applications/Xcode.app/Contents/Developer/Platforms/MacOSX.platform/Developer/SDKs/MacOSX27.0.sdk -fstrict-aliasing -Wprotocol -Wdeprecated-declarations -Wsign-conversion -Winfinite-recursion -Wcomma -Wblock-capture-autoreleasing -Wstrict-prototypes -Wno-semicolon-before-method-body -index-store-path /Users/buddhirajgautam/Library/Developer/Xcode/DerivedData/Telegram-Mac-fygdgghdgmuleoelvxabfmqiotta/Index.noindex/DataStore -Wall -Weverything -Wno-unused-macros -Wno-gnu-statement-expression -Wno-arc-repeated-use-of-weak -Wno-auto-import -Wno-gnu-zero-variadic-macro-arguments -Wno-custom-atomic-properties -Wno-implicit-atomic-properties @/Users/buddhirajgautam/Library/Developer/Xcode/DerivedData/Telegram-Mac-fygdgghdgmuleoelvxabfmqiotta/Build/Intermediates.noindex/Sparkle.build/Debug/Sparkle.build/Objects-normal/arm64/e6072d4f65d7061329687fe24e3d63a7-common-args.resp -MMD -MT dependencies -MF /Users/buddhirajgautam/Library/Developer/Xcode/DerivedData/Telegram-Mac-fygdgghdgmuleoelvxabfmqiotta/Build/Intermediates.noindex/Sparkle.build/Debug/Sparkle.build/Objects-normal/arm64/SUSignatures.d --serialize-diagnostics /Users/buddhirajgautam/Library/Developer/Xcode/DerivedData/Telegram-Mac-fygdgghdgmuleoelvxabfmqiotta/Build/Intermediates.noindex/Sparkle.build/Debug/Sparkle.build/Objects-normal/arm64/SUSignatures.dia -c /Users/buddhirajgautam/Documents/Cherrygram-Mac/macOS-Swift/submodules/Sparkle/Sparkle/SUSignatures.m -o /Users/buddhirajgautam/Library/Developer/Xcode/DerivedData/Telegram-Mac-fygdgghdgmuleoelvxabfmqiotta/Build/Intermediates.noindex/Sparkle.build/Debug/Sparkle.build/Objects-normal/arm64/SUSignatures.o -index-unit-output-path /Sparkle.build/Debug/Sparkle.build/Objects-normal/arm64/SUSignatures.o
/Users/buddhirajgautam/Documents/Cherrygram-Mac/macOS-Swift/submodules/Sparkle/Sparkle/SUSignatures.m:42:38: warning: instance variable 'ed25519_signature' is being directly accessed [-Wdirect-ivar-access]
   42 |     for(size_t i=0; i < sizeof(self->ed25519_signature); i++) {
      |                                      ^
/Users/buddhirajgautam/Documents/Cherrygram-Mac/macOS-Swift/submodules/Sparkle/Sparkle/SUSignatures.m:43:19: warning: instance variable 'ed25519_signature' is being directly accessed [-Wdirect-ivar-access]
   43 |         if (self->ed25519_signature[i] != 0) {
      |                   ^
/Users/buddhirajgautam/Documents/Cherrygram-Mac/macOS-Swift/submodules/Sparkle/Sparkle/SUSignatures.m:44:26: warning: instance variable 'ed25519_signature' is being directly accessed [-Wdirect-ivar-access]
   44 |             return self->ed25519_signature;
      |                          ^
/Users/buddhirajgautam/Documents/Cherrygram-Mac/macOS-Swift/submodules/Sparkle/Sparkle/SUSignatures.m:22:28: warning: 'initWithBase64Encoding:' is deprecated: first deprecated in macOS 10.9 - Use initWithBase64EncodedString:options: instead [-Wdeprecated-declarations]
   22 |     return [[NSData alloc] initWithBase64Encoding:stripped];
      |                            ^
In module 'Foundation' imported from /Users/buddhirajgautam/Documents/Cherrygram-Mac/macOS-Swift/submodules/Sparkle/Sparkle/SUSignatures.h:9:
/Applications/Xcode.app/Contents/Developer/Platforms/MacOSX.platform/Developer/SDKs/MacOSX27.0.sdk/System/Library/Frameworks/Foundation.framework/Headers/NSData.h:526:1: note: 'initWithBase64Encoding:' has been explicitly marked deprecated here
  526 | - (nullable id)initWithBase64Encoding:(NSString *)base64String API_DEPRECATED("Use initWithBase64EncodedString:options: instead", macos(10.6,10.9), ios(4.0,7.0), watchos(2.0,2.0), tvos(9.0,9.0));
      | ^
/Users/buddhirajgautam/Documents/Cherrygram-Mac/macOS-Swift/submodules/Sparkle/Sparkle/SUSignatures.m:21:15: warning: mixing declarations and code is incompatible with standards before C99 [-Wdeclaration-after-statement]
   21 |     NSString *stripped = [str stringByTrimmingCharactersInSet:NSCharacterSet.whitespaceAndNewlineCharacterSet];
      |               ^
/Users/buddhirajgautam/Documents/Cherrygram-Mac/macOS-Swift/submodules/Sparkle/Sparkle/SUSignatures.m:80:38: warning: instance variable 'ed25519_public_key' is being directly accessed [-Wdirect-ivar-access]
   80 |     for(size_t i=0; i < sizeof(self->ed25519_public_key); i++) {
      |                                      ^
/Users/buddhirajgautam/Documents/Cherrygram-Mac/macOS-Swift/submodules/Sparkle/Sparkle/SUSignatures.m:81:19: warning: instance variable 'ed25519_public_key' is being directly accessed [-Wdirect-ivar-access]
   81 |         if (self->ed25519_public_key[i] != 0) {
      |                   ^
/Users/buddhirajgautam/Documents/Cherrygram-Mac/macOS-Swift/submodules/Sparkle/Sparkle/SUSignatures.m:82:26: warning: instance variable 'ed25519_public_key' is being directly accessed [-Wdirect-ivar-access]
   82 |             return self->ed25519_public_key;
      |                          ^
8 warnings generated.

CompileC /Users/buddhirajgautam/Library/Developer/Xcode/DerivedData/Telegram-Mac-fygdgghdgmuleoelvxabfmqiotta/Build/Intermediates.noindex/Sparkle.build/Debug/Sparkle.build/Objects-normal/arm64/SUSignatureVerifier.o /Users/buddhirajgautam/Documents/Cherrygram-Mac/macOS-Swift/submodules/Sparkle/Sparkle/SUSignatureVerifier.m normal arm64 objective-c com.apple.compilers.llvm.clang.1_0.compiler (in target 'Sparkle' from project 'Sparkle')
    cd /Users/buddhirajgautam/Documents/Cherrygram-Mac/macOS-Swift/submodules/Sparkle
    
    Using response file: /Users/buddhirajgautam/Library/Developer/Xcode/DerivedData/Telegram-Mac-fygdgghdgmuleoelvxabfmqiotta/Build/Intermediates.noindex/Sparkle.build/Debug/Sparkle.build/Objects-normal/arm64/e6072d4f65d7061329687fe24e3d63a7-common-args.resp
    
    /Applications/Xcode.app/Contents/Developer/Toolchains/XcodeDefault.xctoolchain/usr/bin/clang -x objective-c -ivfsstatcache /Users/buddhirajgautam/Library/Developer/Xcode/DerivedData/SDKStatCaches.noindex/macosx27.0-26A425-e829b21a6f8c9b70876ba0858053c0447231f6df4def33e022ae2eb8f782df1a.sdkstatcache -target arm64-apple-macos12.0 -fmessage-length\=0 -fdiagnostics-show-note-include-stack -fmacro-backtrace-limit\=0 -fno-color-diagnostics -fmodules-prune-interval\=86400 -fmodules-prune-after\=345600 -fbuild-session-file\=/Users/buddhirajgautam/Library/Developer/Xcode/DerivedData/ModuleCache.noindex/Session.modulevalidation -fmodules-validate-once-per-build-session -Wnon-modular-include-in-framework-module -Werror\=non-modular-include-in-framework-module -Wno-trigraphs -Werror\=incompatible-pointer-types -Werror\=implicit-function-declaration -Wmissing-field-initializers -Wmissing-prototypes -Wdocumentation -Wunreachable-code -Wimplicit-atomic-properties -Wno-objc-interface-ivars -Wobjc-missing-property-synthesis -Warc-repeated-use-of-weak -Wno-arc-maybe-repeated-use-of-weak -Wexplicit-ownership-type -Wimplicit-retain-self -Wduplicate-method-match -Wmissing-braces -Wparentheses -Wswitch -Wunused-function -Wunused-label -Wunused-parameter -Wunused-variable -Wunused-value -Wempty-body -Wuninitialized -Wunknown-pragmas -Wshadow -Wfour-char-constants -Wconversion -Wconstant-conversion -Wint-conversion -Wbool-conversion -Wenum-conversion -Wfloat-conversion -Wnon-literal-null-conversion -Wobjc-literal-conversion -Wassign-enum -Wsign-compare -Wshorten-64-to-32 -Wpointer-sign -Wnewline-eof -Wselector -Wstrict-selector-match -Wundeclared-selector -Wdeprecated-implementations -Wno-implicit-fallthrough -isysroot /Applications/Xcode.app/Contents/Developer/Platforms/MacOSX.platform/Developer/SDKs/MacOSX27.0.sdk -fstrict-aliasing -Wprotocol -Wdeprecated-declarations -Wsign-conversion -Winfinite-recursion -Wcomma -Wblock-capture-autoreleasing -Wstrict-prototypes -Wno-semicolon-before-method-body -index-store-path /Users/buddhirajgautam/Library/Developer/Xcode/DerivedData/Telegram-Mac-fygdgghdgmuleoelvxabfmqiotta/Index.noindex/DataStore -Wall -Weverything -Wno-unused-macros -Wno-gnu-statement-expression -Wno-arc-repeated-use-of-weak -Wno-auto-import -Wno-gnu-zero-variadic-macro-arguments -Wno-custom-atomic-properties -Wno-implicit-atomic-properties @/Users/buddhirajgautam/Library/Developer/Xcode/DerivedData/Telegram-Mac-fygdgghdgmuleoelvxabfmqiotta/Build/Intermediates.noindex/Sparkle.build/Debug/Sparkle.build/Objects-normal/arm64/e6072d4f65d7061329687fe24e3d63a7-common-args.resp -Wno-deprecated-declarations -MMD -MT dependencies -MF /Users/buddhirajgautam/Library/Developer/Xcode/DerivedData/Telegram-Mac-fygdgghdgmuleoelvxabfmqiotta/Build/Intermediates.noindex/Sparkle.build/Debug/Sparkle.build/Objects-normal/arm64/SUSignatureVerifier.d --serialize-diagnostics /Users/buddhirajgautam/Library/Developer/Xcode/DerivedData/Telegram-Mac-fygdgghdgmuleoelvxabfmqiotta/Build/Intermediates.noindex/Sparkle.build/Debug/Sparkle.build/Objects-normal/arm64/SUSignatureVerifier.dia -c /Users/buddhirajgautam/Documents/Cherrygram-Mac/macOS-Swift/submodules/Sparkle/Sparkle/SUSignatureVerifier.m -o /Users/buddhirajgautam/Library/Developer/Xcode/DerivedData/Telegram-Mac-fygdgghdgmuleoelvxabfmqiotta/Build/Intermediates.noindex/Sparkle.build/Debug/Sparkle.build/Objects-normal/arm64/SUSignatureVerifier.o -index-unit-output-path /Sparkle.build/Debug/Sparkle.build/Objects-normal/arm64/SUSignatureVerifier.o
/Users/buddhirajgautam/Documents/Cherrygram-Mac/macOS-Swift/submodules/Sparkle/Sparkle/SUSignatureVerifier.m:60:23: warning: mixing declarations and code is incompatible with standards before C99 [-Wdeclaration-after-statement]
   60 |     SecExternalFormat format = kSecFormatOpenSSL;
      |                       ^
/Users/buddhirajgautam/Documents/Cherrygram-Mac/macOS-Swift/submodules/Sparkle/Sparkle/SUSignatureVerifier.m:115:41: warning: implicit conversion when passing 'const void *' to parameter of type 'const unsigned char *' is not permitted in C++ [-Wimplicit-void-ptr-cast]
  115 |         if (ed25519_verify(edSignature, data.bytes, data.length, edPubKey)) {
      |                                         ^~~~~~~~~~
In file included from /Users/buddhirajgautam/Documents/Cherrygram-Mac/macOS-Swift/submodules/Sparkle/Sparkle/SUSignatureVerifier.m:19:
/Users/buddhirajgautam/Documents/Cherrygram-Mac/macOS-Swift/submodules/Sparkle/Sparkle/../ed25519/src/ed25519.h:29:90: note: passing argument to parameter 'message' here
   29 | int ED25519_DECLSPEC ed25519_verify(const unsigned char *signature, const unsigned char *message, size_t message_len, const unsigned char *public_key);
      |                                                                                          ^
/Users/buddhirajgautam/Documents/Cherrygram-Mac/macOS-Swift/submodules/Sparkle/Sparkle/SUSignatureVerifier.m:98:13: warning: mixing declarations and code is incompatible with standards before C99 [-Wdeclaration-after-statement]
   98 |     NSData *dsaSignature = signatures.dsaSignature;
      |             ^
/Users/buddhirajgautam/Documents/Cherrygram-Mac/macOS-Swift/submodules/Sparkle/Sparkle/SUSignatureVerifier.m:149:15: warning: mixing declarations and code is incompatible with standards before C99 [-Wdeclaration-after-statement]
  149 |     SecKeyRef dsaPubKeySecKey = [self dsaSecKeyRef];
      |               ^
4 warnings generated.

CompileC /Users/buddhirajgautam/Library/Developer/Xcode/DerivedData/Telegram-Mac-fygdgghdgmuleoelvxabfmqiotta/Build/Intermediates.noindex/Sparkle.build/Debug/Sparkle.build/Objects-normal/arm64/SUPlainInstaller.o /Users/buddhirajgautam/Documents/Cherrygram-Mac/macOS-Swift/submodules/Sparkle/Sparkle/SUPlainInstaller.m normal arm64 objective-c com.apple.compilers.llvm.clang.1_0.compiler (in target 'Sparkle' from project 'Sparkle')
    cd /Users/buddhirajgautam/Documents/Cherrygram-Mac/macOS-Swift/submodules/Sparkle
    
    Using response file: /Users/buddhirajgautam/Library/Developer/Xcode/DerivedData/Telegram-Mac-fygdgghdgmuleoelvxabfmqiotta/Build/Intermediates.noindex/Sparkle.build/Debug/Sparkle.build/Objects-normal/arm64/e6072d4f65d7061329687fe24e3d63a7-common-args.resp
    
    /Applications/Xcode.app/Contents/Developer/Toolchains/XcodeDefault.xctoolchain/usr/bin/clang -x objective-c -ivfsstatcache /Users/buddhirajgautam/Library/Developer/Xcode/DerivedData/SDKStatCaches.noindex/macosx27.0-26A425-e829b21a6f8c9b70876ba0858053c0447231f6df4def33e022ae2eb8f782df1a.sdkstatcache -target arm64-apple-macos12.0 -fmessage-length\=0 -fdiagnostics-show-note-include-stack -fmacro-backtrace-limit\=0 -fno-color-diagnostics -fmodules-prune-interval\=86400 -fmodules-prune-after\=345600 -fbuild-session-file\=/Users/buddhirajgautam/Library/Developer/Xcode/DerivedData/ModuleCache.noindex/Session.modulevalidation -fmodules-validate-once-per-build-session -Wnon-modular-include-in-framework-module -Werror\=non-modular-include-in-framework-module -Wno-trigraphs -Werror\=incompatible-pointer-types -Werror\=implicit-function-declaration -Wmissing-field-initializers -Wmissing-prototypes -Wdocumentation -Wunreachable-code -Wimplicit-atomic-properties -Wno-objc-interface-ivars -Wobjc-missing-property-synthesis -Warc-repeated-use-of-weak -Wno-arc-maybe-repeated-use-of-weak -Wexplicit-ownership-type -Wimplicit-retain-self -Wduplicate-method-match -Wmissing-braces -Wparentheses -Wswitch -Wunused-function -Wunused-label -Wunused-parameter -Wunused-variable -Wunused-value -Wempty-body -Wuninitialized -Wunknown-pragmas -Wshadow -Wfour-char-constants -Wconversion -Wconstant-conversion -Wint-conversion -Wbool-conversion -Wenum-conversion -Wfloat-conversion -Wnon-literal-null-conversion -Wobjc-literal-conversion -Wassign-enum -Wsign-compare -Wshorten-64-to-32 -Wpointer-sign -Wnewline-eof -Wselector -Wstrict-selector-match -Wundeclared-selector -Wdeprecated-implementations -Wno-implicit-fallthrough -isysroot /Applications/Xcode.app/Contents/Developer/Platforms/MacOSX.platform/Developer/SDKs/MacOSX27.0.sdk -fstrict-aliasing -Wprotocol -Wdeprecated-declarations -Wsign-conversion -Winfinite-recursion -Wcomma -Wblock-capture-autoreleasing -Wstrict-prototypes -Wno-semicolon-before-method-body -index-store-path /Users/buddhirajgautam/Library/Developer/Xcode/DerivedData/Telegram-Mac-fygdgghdgmuleoelvxabfmqiotta/Index.noindex/DataStore -Wall -Weverything -Wno-unused-macros -Wno-gnu-statement-expression -Wno-arc-repeated-use-of-weak -Wno-auto-import -Wno-gnu-zero-variadic-macro-arguments -Wno-custom-atomic-properties -Wno-implicit-atomic-properties @/Users/buddhirajgautam/Library/Developer/Xcode/DerivedData/Telegram-Mac-fygdgghdgmuleoelvxabfmqiotta/Build/Intermediates.noindex/Sparkle.build/Debug/Sparkle.build/Objects-normal/arm64/e6072d4f65d7061329687fe24e3d63a7-common-args.resp -MMD -MT dependencies -MF /Users/buddhirajgautam/Library/Developer/Xcode/DerivedData/Telegram-Mac-fygdgghdgmuleoelvxabfmqiotta/Build/Intermediates.noindex/Sparkle.build/Debug/Sparkle.build/Objects-normal/arm64/SUPlainInstaller.d --serialize-diagnostics /Users/buddhirajgautam/Library/Developer/Xcode/DerivedData/Telegram-Mac-fygdgghdgmuleoelvxabfmqiotta/Build/Intermediates.noindex/Sparkle.build/Debug/Sparkle.build/Objects-normal/arm64/SUPlainInstaller.dia -c /Users/buddhirajgautam/Documents/Cherrygram-Mac/macOS-Swift/submodules/Sparkle/Sparkle/SUPlainInstaller.m -o /Users/buddhirajgautam/Library/Developer/Xcode/DerivedData/Telegram-Mac-fygdgghdgmuleoelvxabfmqiotta/Build/Intermediates.noindex/Sparkle.build/Debug/Sparkle.build/Objects-normal/arm64/SUPlainInstaller.o -index-unit-output-path /Sparkle.build/Debug/Sparkle.build/Objects-normal/arm64/SUPlainInstaller.o
/Users/buddhirajgautam/Documents/Cherrygram-Mac/macOS-Swift/submodules/Sparkle/Sparkle/SUPlainInstaller.m:79:20: warning: mixing declarations and code is incompatible with standards before C99 [-Wdeclaration-after-statement]
   79 |     SUFileManager *fileManager = [SUFileManager fileManagerWithAuthorizationToolPath:fileOperationToolPath];
      |                    ^
1 warning generated.

CompileC /Users/buddhirajgautam/Library/Developer/Xcode/DerivedData/Telegram-Mac-fygdgghdgmuleoelvxabfmqiotta/Build/Intermediates.noindex/Sparkle.build/Debug/Sparkle.build/Objects-normal/arm64/SUPipedUnarchiver.o /Users/buddhirajgautam/Documents/Cherrygram-Mac/macOS-Swift/submodules/Sparkle/Sparkle/SUPipedUnarchiver.m normal arm64 objective-c com.apple.compilers.llvm.clang.1_0.compiler (in target 'Sparkle' from project 'Sparkle')
    cd /Users/buddhirajgautam/Documents/Cherrygram-Mac/macOS-Swift/submodules/Sparkle
    
    Using response file: /Users/buddhirajgautam/Library/Developer/Xcode/DerivedData/Telegram-Mac-fygdgghdgmuleoelvxabfmqiotta/Build/Intermediates.noindex/Sparkle.build/Debug/Sparkle.build/Objects-normal/arm64/e6072d4f65d7061329687fe24e3d63a7-common-args.resp
    
    /Applications/Xcode.app/Contents/Developer/Toolchains/XcodeDefault.xctoolchain/usr/bin/clang -x objective-c -ivfsstatcache /Users/buddhirajgautam/Library/Developer/Xcode/DerivedData/SDKStatCaches.noindex/macosx27.0-26A425-e829b21a6f8c9b70876ba0858053c0447231f6df4def33e022ae2eb8f782df1a.sdkstatcache -target arm64-apple-macos12.0 -fmessage-length\=0 -fdiagnostics-show-note-include-stack -fmacro-backtrace-limit\=0 -fno-color-diagnostics -fmodules-prune-interval\=86400 -fmodules-prune-after\=345600 -fbuild-session-file\=/Users/buddhirajgautam/Library/Developer/Xcode/DerivedData/ModuleCache.noindex/Session.modulevalidation -fmodules-validate-once-per-build-session -Wnon-modular-include-in-framework-module -Werror\=non-modular-include-in-framework-module -Wno-trigraphs -Werror\=incompatible-pointer-types -Werror\=implicit-function-declaration -Wmissing-field-initializers -Wmissing-prototypes -Wdocumentation -Wunreachable-code -Wimplicit-atomic-properties -Wno-objc-interface-ivars -Wobjc-missing-property-synthesis -Warc-repeated-use-of-weak -Wno-arc-maybe-repeated-use-of-weak -Wexplicit-ownership-type -Wimplicit-retain-self -Wduplicate-method-match -Wmissing-braces -Wparentheses -Wswitch -Wunused-function -Wunused-label -Wunused-parameter -Wunused-variable -Wunused-value -Wempty-body -Wuninitialized -Wunknown-pragmas -Wshadow -Wfour-char-constants -Wconversion -Wconstant-conversion -Wint-conversion -Wbool-conversion -Wenum-conversion -Wfloat-conversion -Wnon-literal-null-conversion -Wobjc-literal-conversion -Wassign-enum -Wsign-compare -Wshorten-64-to-32 -Wpointer-sign -Wnewline-eof -Wselector -Wstrict-selector-match -Wundeclared-selector -Wdeprecated-implementations -Wno-implicit-fallthrough -isysroot /Applications/Xcode.app/Contents/Developer/Platforms/MacOSX.platform/Developer/SDKs/MacOSX27.0.sdk -fstrict-aliasing -Wprotocol -Wdeprecated-declarations -Wsign-conversion -Winfinite-recursion -Wcomma -Wblock-capture-autoreleasing -Wstrict-prototypes -Wno-semicolon-before-method-body -index-store-path /Users/buddhirajgautam/Library/Developer/Xcode/DerivedData/Telegram-Mac-fygdgghdgmuleoelvxabfmqiotta/Index.noindex/DataStore -Wall -Weverything -Wno-unused-macros -Wno-gnu-statement-expression -Wno-arc-repeated-use-of-weak -Wno-auto-import -Wno-gnu-zero-variadic-macro-arguments -Wno-custom-atomic-properties -Wno-implicit-atomic-properties @/Users/buddhirajgautam/Library/Developer/Xcode/DerivedData/Telegram-Mac-fygdgghdgmuleoelvxabfmqiotta/Build/Intermediates.noindex/Sparkle.build/Debug/Sparkle.build/Objects-normal/arm64/e6072d4f65d7061329687fe24e3d63a7-common-args.resp -MMD -MT dependencies -MF /Users/buddhirajgautam/Library/Developer/Xcode/DerivedData/Telegram-Mac-fygdgghdgmuleoelvxabfmqiotta/Build/Intermediates.noindex/Sparkle.build/Debug/Sparkle.build/Objects-normal/arm64/SUPipedUnarchiver.d --serialize-diagnostics /Users/buddhirajgautam/Library/Developer/Xcode/DerivedData/Telegram-Mac-fygdgghdgmuleoelvxabfmqiotta/Build/Intermediates.noindex/Sparkle.build/Debug/Sparkle.build/Objects-normal/arm64/SUPipedUnarchiver.dia -c /Users/buddhirajgautam/Documents/Cherrygram-Mac/macOS-Swift/submodules/Sparkle/Sparkle/SUPipedUnarchiver.m -o /Users/buddhirajgautam/Library/Developer/Xcode/DerivedData/Telegram-Mac-fygdgghdgmuleoelvxabfmqiotta/Build/Intermediates.noindex/Sparkle.build/Debug/Sparkle.build/Objects-normal/arm64/SUPipedUnarchiver.o -index-unit-output-path /Sparkle.build/Debug/Sparkle.build/Objects-normal/arm64/SUPipedUnarchiver.o
/Users/buddhirajgautam/Documents/Cherrygram-Mac/macOS-Swift/submodules/Sparkle/Sparkle/SUPipedUnarchiver.m:80:15: warning: mixing declarations and code is incompatible with standards before C99 [-Wdeclaration-after-statement]
   80 |     NSString *command = commandAndArguments.firstObject;
      |               ^
/Users/buddhirajgautam/Documents/Cherrygram-Mac/macOS-Swift/submodules/Sparkle/Sparkle/SUPipedUnarchiver.m:118:24: warning: mixing declarations and code is incompatible with standards before C99 [-Wdeclaration-after-statement]
  118 |             NSUInteger bytesRead = 0;
      |                        ^
/Users/buddhirajgautam/Documents/Cherrygram-Mac/macOS-Swift/submodules/Sparkle/Sparkle/SUPipedUnarchiver.m:102:23: warning: mixing declarations and code is incompatible with standards before C99 [-Wdeclaration-after-statement]
  102 |         NSDictionary *attributes = [[NSFileManager defaultManager] attributesOfItemAtPath:self.archivePath error:nil];
      |                       ^
3 warnings generated.

CompileC /Users/buddhirajgautam/Library/Developer/Xcode/DerivedData/Telegram-Mac-fygdgghdgmuleoelvxabfmqiotta/Build/Intermediates.noindex/Sparkle.build/Debug/Sparkle.build/Objects-normal/arm64/SUPackageInstaller.o /Users/buddhirajgautam/Documents/Cherrygram-Mac/macOS-Swift/submodules/Sparkle/Sparkle/SUPackageInstaller.m normal arm64 objective-c com.apple.compilers.llvm.clang.1_0.compiler (in target 'Sparkle' from project 'Sparkle')
    cd /Users/buddhirajgautam/Documents/Cherrygram-Mac/macOS-Swift/submodules/Sparkle
    
    Using response file: /Users/buddhirajgautam/Library/Developer/Xcode/DerivedData/Telegram-Mac-fygdgghdgmuleoelvxabfmqiotta/Build/Intermediates.noindex/Sparkle.build/Debug/Sparkle.build/Objects-normal/arm64/e6072d4f65d7061329687fe24e3d63a7-common-args.resp
    
    /Applications/Xcode.app/Contents/Developer/Toolchains/XcodeDefault.xctoolchain/usr/bin/clang -x objective-c -ivfsstatcache /Users/buddhirajgautam/Library/Developer/Xcode/DerivedData/SDKStatCaches.noindex/macosx27.0-26A425-e829b21a6f8c9b70876ba0858053c0447231f6df4def33e022ae2eb8f782df1a.sdkstatcache -target arm64-apple-macos12.0 -fmessage-length\=0 -fdiagnostics-show-note-include-stack -fmacro-backtrace-limit\=0 -fno-color-diagnostics -fmodules-prune-interval\=86400 -fmodules-prune-after\=345600 -fbuild-session-file\=/Users/buddhirajgautam/Library/Developer/Xcode/DerivedData/ModuleCache.noindex/Session.modulevalidation -fmodules-validate-once-per-build-session -Wnon-modular-include-in-framework-module -Werror\=non-modular-include-in-framework-module -Wno-trigraphs -Werror\=incompatible-pointer-types -Werror\=implicit-function-declaration -Wmissing-field-initializers -Wmissing-prototypes -Wdocumentation -Wunreachable-code -Wimplicit-atomic-properties -Wno-objc-interface-ivars -Wobjc-missing-property-synthesis -Warc-repeated-use-of-weak -Wno-arc-maybe-repeated-use-of-weak -Wexplicit-ownership-type -Wimplicit-retain-self -Wduplicate-method-match -Wmissing-braces -Wparentheses -Wswitch -Wunused-function -Wunused-label -Wunused-parameter -Wunused-variable -Wunused-value -Wempty-body -Wuninitialized -Wunknown-pragmas -Wshadow -Wfour-char-constants -Wconversion -Wconstant-conversion -Wint-conversion -Wbool-conversion -Wenum-conversion -Wfloat-conversion -Wnon-literal-null-conversion -Wobjc-literal-conversion -Wassign-enum -Wsign-compare -Wshorten-64-to-32 -Wpointer-sign -Wnewline-eof -Wselector -Wstrict-selector-match -Wundeclared-selector -Wdeprecated-implementations -Wno-implicit-fallthrough -isysroot /Applications/Xcode.app/Contents/Developer/Platforms/MacOSX.platform/Developer/SDKs/MacOSX27.0.sdk -fstrict-aliasing -Wprotocol -Wdeprecated-declarations -Wsign-conversion -Winfinite-recursion -Wcomma -Wblock-capture-autoreleasing -Wstrict-prototypes -Wno-semicolon-before-method-body -index-store-path /Users/buddhirajgautam/Library/Developer/Xcode/DerivedData/Telegram-Mac-fygdgghdgmuleoelvxabfmqiotta/Index.noindex/DataStore -Wall -Weverything -Wno-unused-macros -Wno-gnu-statement-expression -Wno-arc-repeated-use-of-weak -Wno-auto-import -Wno-gnu-zero-variadic-macro-arguments -Wno-custom-atomic-properties -Wno-implicit-atomic-properties @/Users/buddhirajgautam/Library/Developer/Xcode/DerivedData/Telegram-Mac-fygdgghdgmuleoelvxabfmqiotta/Build/Intermediates.noindex/Sparkle.build/Debug/Sparkle.build/Objects-normal/arm64/e6072d4f65d7061329687fe24e3d63a7-common-args.resp -MMD -MT dependencies -MF /Users/buddhirajgautam/Library/Developer/Xcode/DerivedData/Telegram-Mac-fygdgghdgmuleoelvxabfmqiotta/Build/Intermediates.noindex/Sparkle.build/Debug/Sparkle.build/Objects-normal/arm64/SUPackageInstaller.d --serialize-diagnostics /Users/buddhirajgautam/Library/Developer/Xcode/DerivedData/Telegram-Mac-fygdgghdgmuleoelvxabfmqiotta/Build/Intermediates.noindex/Sparkle.build/Debug/Sparkle.build/Objects-normal/arm64/SUPackageInstaller.dia -c /Users/buddhirajgautam/Documents/Cherrygram-Mac/macOS-Swift/submodules/Sparkle/Sparkle/SUPackageInstaller.m -o /Users/buddhirajgautam/Library/Developer/Xcode/DerivedData/Telegram-Mac-fygdgghdgmuleoelvxabfmqiotta/Build/Intermediates.noindex/Sparkle.build/Debug/Sparkle.build/Objects-normal/arm64/SUPackageInstaller.o -index-unit-output-path /Sparkle.build/Debug/Sparkle.build/Objects-normal/arm64/SUPackageInstaller.o

CompileC /Users/buddhirajgautam/Library/Developer/Xcode/DerivedData/Telegram-Mac-fygdgghdgmuleoelvxabfmqiotta/Build/Intermediates.noindex/Sparkle.build/Debug/Sparkle.build/Objects-normal/arm64/SUOperatingSystem.o /Users/buddhirajgautam/Documents/Cherrygram-Mac/macOS-Swift/submodules/Sparkle/Sparkle/SUOperatingSystem.m normal arm64 objective-c com.apple.compilers.llvm.clang.1_0.compiler (in target 'Sparkle' from project 'Sparkle')
    cd /Users/buddhirajgautam/Documents/Cherrygram-Mac/macOS-Swift/submodules/Sparkle
    
    Using response file: /Users/buddhirajgautam/Library/Developer/Xcode/DerivedData/Telegram-Mac-fygdgghdgmuleoelvxabfmqiotta/Build/Intermediates.noindex/Sparkle.build/Debug/Sparkle.build/Objects-normal/arm64/e6072d4f65d7061329687fe24e3d63a7-common-args.resp
    
    /Applications/Xcode.app/Contents/Developer/Toolchains/XcodeDefault.xctoolchain/usr/bin/clang -x objective-c -ivfsstatcache /Users/buddhirajgautam/Library/Developer/Xcode/DerivedData/SDKStatCaches.noindex/macosx27.0-26A425-e829b21a6f8c9b70876ba0858053c0447231f6df4def33e022ae2eb8f782df1a.sdkstatcache -target arm64-apple-macos12.0 -fmessage-length\=0 -fdiagnostics-show-note-include-stack -fmacro-backtrace-limit\=0 -fno-color-diagnostics -fmodules-prune-interval\=86400 -fmodules-prune-after\=345600 -fbuild-session-file\=/Users/buddhirajgautam/Library/Developer/Xcode/DerivedData/ModuleCache.noindex/Session.modulevalidation -fmodules-validate-once-per-build-session -Wnon-modular-include-in-framework-module -Werror\=non-modular-include-in-framework-module -Wno-trigraphs -Werror\=incompatible-pointer-types -Werror\=implicit-function-declaration -Wmissing-field-initializers -Wmissing-prototypes -Wdocumentation -Wunreachable-code -Wimplicit-atomic-properties -Wno-objc-interface-ivars -Wobjc-missing-property-synthesis -Warc-repeated-use-of-weak -Wno-arc-maybe-repeated-use-of-weak -Wexplicit-ownership-type -Wimplicit-retain-self -Wduplicate-method-match -Wmissing-braces -Wparentheses -Wswitch -Wunused-function -Wunused-label -Wunused-parameter -Wunused-variable -Wunused-value -Wempty-body -Wuninitialized -Wunknown-pragmas -Wshadow -Wfour-char-constants -Wconversion -Wconstant-conversion -Wint-conversion -Wbool-conversion -Wenum-conversion -Wfloat-conversion -Wnon-literal-null-conversion -Wobjc-literal-conversion -Wassign-enum -Wsign-compare -Wshorten-64-to-32 -Wpointer-sign -Wnewline-eof -Wselector -Wstrict-selector-match -Wundeclared-selector -Wdeprecated-implementations -Wno-implicit-fallthrough -isysroot /Applications/Xcode.app/Contents/Developer/Platforms/MacOSX.platform/Developer/SDKs/MacOSX27.0.sdk -fstrict-aliasing -Wprotocol -Wdeprecated-declarations -Wsign-conversion -Winfinite-recursion -Wcomma -Wblock-capture-autoreleasing -Wstrict-prototypes -Wno-semicolon-before-method-body -index-store-path /Users/buddhirajgautam/Library/Developer/Xcode/DerivedData/Telegram-Mac-fygdgghdgmuleoelvxabfmqiotta/Index.noindex/DataStore -Wall -Weverything -Wno-unused-macros -Wno-gnu-statement-expression -Wno-arc-repeated-use-of-weak -Wno-auto-import -Wno-gnu-zero-variadic-macro-arguments -Wno-custom-atomic-properties -Wno-implicit-atomic-properties @/Users/buddhirajgautam/Library/Developer/Xcode/DerivedData/Telegram-Mac-fygdgghdgmuleoelvxabfmqiotta/Build/Intermediates.noindex/Sparkle.build/Debug/Sparkle.build/Objects-normal/arm64/e6072d4f65d7061329687fe24e3d63a7-common-args.resp -MMD -MT dependencies -MF /Users/buddhirajgautam/Library/Developer/Xcode/DerivedData/Telegram-Mac-fygdgghdgmuleoelvxabfmqiotta/Build/Intermediates.noindex/Sparkle.build/Debug/Sparkle.build/Objects-normal/arm64/SUOperatingSystem.d --serialize-diagnostics /Users/buddhirajgautam/Library/Developer/Xcode/DerivedData/Telegram-Mac-fygdgghdgmuleoelvxabfmqiotta/Build/Intermediates.noindex/Sparkle.build/Debug/Sparkle.build/Objects-normal/arm64/SUOperatingSystem.dia -c /Users/buddhirajgautam/Documents/Cherrygram-Mac/macOS-Swift/submodules/Sparkle/Sparkle/SUOperatingSystem.m -o /Users/buddhirajgautam/Library/Developer/Xcode/DerivedData/Telegram-Mac-fygdgghdgmuleoelvxabfmqiotta/Build/Intermediates.noindex/Sparkle.build/Debug/Sparkle.build/Objects-normal/arm64/SUOperatingSystem.o -index-unit-output-path /Sparkle.build/Debug/Sparkle.build/Objects-normal/arm64/SUOperatingSystem.o

CompileC /Users/buddhirajgautam/Library/Developer/Xcode/DerivedData/Telegram-Mac-fygdgghdgmuleoelvxabfmqiotta/Build/Intermediates.noindex/Sparkle.build/Debug/Sparkle.build/Objects-normal/arm64/SULog.o /Users/buddhirajgautam/Documents/Cherrygram-Mac/macOS-Swift/submodules/Sparkle/Sparkle/SULog.m normal arm64 objective-c com.apple.compilers.llvm.clang.1_0.compiler (in target 'Sparkle' from project 'Sparkle')
    cd /Users/buddhirajgautam/Documents/Cherrygram-Mac/macOS-Swift/submodules/Sparkle
    
    Using response file: /Users/buddhirajgautam/Library/Developer/Xcode/DerivedData/Telegram-Mac-fygdgghdgmuleoelvxabfmqiotta/Build/Intermediates.noindex/Sparkle.build/Debug/Sparkle.build/Objects-normal/arm64/e6072d4f65d7061329687fe24e3d63a7-common-args.resp
    
    /Applications/Xcode.app/Contents/Developer/Toolchains/XcodeDefault.xctoolchain/usr/bin/clang -x objective-c -ivfsstatcache /Users/buddhirajgautam/Library/Developer/Xcode/DerivedData/SDKStatCaches.noindex/macosx27.0-26A425-e829b21a6f8c9b70876ba0858053c0447231f6df4def33e022ae2eb8f782df1a.sdkstatcache -target arm64-apple-macos12.0 -fmessage-length\=0 -fdiagnostics-show-note-include-stack -fmacro-backtrace-limit\=0 -fno-color-diagnostics -fmodules-prune-interval\=86400 -fmodules-prune-after\=345600 -fbuild-session-file\=/Users/buddhirajgautam/Library/Developer/Xcode/DerivedData/ModuleCache.noindex/Session.modulevalidation -fmodules-validate-once-per-build-session -Wnon-modular-include-in-framework-module -Werror\=non-modular-include-in-framework-module -Wno-trigraphs -Werror\=incompatible-pointer-types -Werror\=implicit-function-declaration -Wmissing-field-initializers -Wmissing-prototypes -Wdocumentation -Wunreachable-code -Wimplicit-atomic-properties -Wno-objc-interface-ivars -Wobjc-missing-property-synthesis -Warc-repeated-use-of-weak -Wno-arc-maybe-repeated-use-of-weak -Wexplicit-ownership-type -Wimplicit-retain-self -Wduplicate-method-match -Wmissing-braces -Wparentheses -Wswitch -Wunused-function -Wunused-label -Wunused-parameter -Wunused-variable -Wunused-value -Wempty-body -Wuninitialized -Wunknown-pragmas -Wshadow -Wfour-char-constants -Wconversion -Wconstant-conversion -Wint-conversion -Wbool-conversion -Wenum-conversion -Wfloat-conversion -Wnon-literal-null-conversion -Wobjc-literal-conversion -Wassign-enum -Wsign-compare -Wshorten-64-to-32 -Wpointer-sign -Wnewline-eof -Wselector -Wstrict-selector-match -Wundeclared-selector -Wdeprecated-implementations -Wno-implicit-fallthrough -isysroot /Applications/Xcode.app/Contents/Developer/Platforms/MacOSX.platform/Developer/SDKs/MacOSX27.0.sdk -fstrict-aliasing -Wprotocol -Wdeprecated-declarations -Wsign-conversion -Winfinite-recursion -Wcomma -Wblock-capture-autoreleasing -Wstrict-prototypes -Wno-semicolon-before-method-body -index-store-path /Users/buddhirajgautam/Library/Developer/Xcode/DerivedData/Telegram-Mac-fygdgghdgmuleoelvxabfmqiotta/Index.noindex/DataStore -Wall -Weverything -Wno-unused-macros -Wno-gnu-statement-expression -Wno-arc-repeated-use-of-weak -Wno-auto-import -Wno-gnu-zero-variadic-macro-arguments -Wno-custom-atomic-properties -Wno-implicit-atomic-properties @/Users/buddhirajgautam/Library/Developer/Xcode/DerivedData/Telegram-Mac-fygdgghdgmuleoelvxabfmqiotta/Build/Intermediates.noindex/Sparkle.build/Debug/Sparkle.build/Objects-normal/arm64/e6072d4f65d7061329687fe24e3d63a7-common-args.resp -MMD -MT dependencies -MF /Users/buddhirajgautam/Library/Developer/Xcode/DerivedData/Telegram-Mac-fygdgghdgmuleoelvxabfmqiotta/Build/Intermediates.noindex/Sparkle.build/Debug/Sparkle.build/Objects-normal/arm64/SULog.d --serialize-diagnostics /Users/buddhirajgautam/Library/Developer/Xcode/DerivedData/Telegram-Mac-fygdgghdgmuleoelvxabfmqiotta/Build/Intermediates.noindex/Sparkle.build/Debug/Sparkle.build/Objects-normal/arm64/SULog.dia -c /Users/buddhirajgautam/Documents/Cherrygram-Mac/macOS-Swift/submodules/Sparkle/Sparkle/SULog.m -o /Users/buddhirajgautam/Library/Developer/Xcode/DerivedData/Telegram-Mac-fygdgghdgmuleoelvxabfmqiotta/Build/Intermediates.noindex/Sparkle.build/Debug/Sparkle.build/Objects-normal/arm64/SULog.o -index-unit-output-path /Sparkle.build/Debug/Sparkle.build/Objects-normal/arm64/SULog.o
/Users/buddhirajgautam/Documents/Cherrygram-Mac/macOS-Swift/submodules/Sparkle/Sparkle/SULog.m:66:22: warning: 'asl_open' is deprecated: first deprecated in macOS 10.12 - os_log(3) has replaced asl(3); see os_log_create(3) [-Wdeprecated-declarations]
   66 |             client = asl_open([displayName stringByAppendingString:@" [Sparkle " TO_STRING(SPARKLE_VERSION) "]"].UTF8String, SPARKLE_BUNDLE_IDENTIFIER, options);
      |                      ^
In module 'asl' imported from /Users/buddhirajgautam/Documents/Cherrygram-Mac/macOS-Swift/submodules/Sparkle/Sparkle/SULog.m:11:
/Applications/Xcode.app/Contents/Developer/Platforms/MacOSX.platform/Developer/SDKs/MacOSX.sdk/usr/include/asl.h:342:14: note: 'asl_open' has been explicitly marked deprecated here
  342 | asl_object_t asl_open(const char *ident, const char *facility, uint32_t opts) __API_DEPRECATED("os_log(3) has replaced asl(3); see os_log_create(3)", macosx(10.4,10.12), ios(2.0,10.0), watchos(2.0,3.0), tvos(9.0,10.0));
      |              ^
/Users/buddhirajgautam/Documents/Cherrygram-Mac/macOS-Swift/submodules/Sparkle/Sparkle/SULog.m:65:23: warning: mixing declarations and code is incompatible with standards before C99 [-Wdeclaration-after-statement]
   65 |             NSString *displayName = [[NSFileManager defaultManager] displayNameAtPath:mainBundle.bundlePath];
      |                       ^
/Users/buddhirajgautam/Documents/Cherrygram-Mac/macOS-Swift/submodules/Sparkle/Sparkle/SULog.m:91:17: warning: '_Static_assert' is incompatible with C standards before C11 [-Wpre-c11-compat]
   91 |                 os_log(logger, "%{public}@", logMessage);
      |                 ^
In module 'os' imported from /Users/buddhirajgautam/Documents/Cherrygram-Mac/macOS-Swift/submodules/Sparkle/Sparkle/SULog.m:15:
/Applications/Xcode.app/Contents/Developer/Platforms/MacOSX.platform/Developer/SDKs/MacOSX.sdk/usr/include/os/log.h:241:9: note: expanded from macro 'os_log'
  241 |         os_log_with_type(log, OS_LOG_TYPE_DEFAULT, format, ##__VA_ARGS__)
      |         ^
/Applications/Xcode.app/Contents/Developer/Platforms/MacOSX.platform/Developer/SDKs/MacOSX.sdk/usr/include/os/log.h:206:9: note: expanded from macro 'os_log_with_type'
  206 |         OS_LOG_CALL_WITH_FORMAT(_os_log_impl, \
      |         ^
In module 'os' imported from /Users/buddhirajgautam/Documents/Cherrygram-Mac/macOS-Swift/submodules/Sparkle/Sparkle/SULog.m:15:
/Applications/Xcode.app/Contents/Developer/Platforms/MacOSX.platform/Developer/SDKs/MacOSX.sdk/usr/include/os/trace_base.h:129:28: note: expanded from macro 'OS_LOG_CALL_WITH_FORMAT'
  129 |         OS_LOG_PRAGMA_PUSH OS_LOG_STRING(LOG, _os_fmt_str, fmt); \
      |                            ^
/Applications/Xcode.app/Contents/Developer/Platforms/MacOSX.platform/Developer/SDKs/MacOSX.sdk/usr/include/os/trace_base.h:120:9: note: expanded from macro 'OS_LOG_STRING'
  120 |         _Static_assert(__builtin_constant_p(_str), \
      |         ^
/Users/buddhirajgautam/Documents/Cherrygram-Mac/macOS-Swift/submodules/Sparkle/Sparkle/SULog.m:91:17: warning: '_Alignas' is incompatible with C standards before C11 [-Wpre-c11-compat]
In module 'os' imported from /Users/buddhirajgautam/Documents/Cherrygram-Mac/macOS-Swift/submodules/Sparkle/Sparkle/SULog.m:15:
/Applications/Xcode.app/Contents/Developer/Platforms/MacOSX.platform/Developer/SDKs/MacOSX.sdk/usr/include/os/log.h:241:9: note: expanded from macro 'os_log'
  241 |         os_log_with_type(log, OS_LOG_TYPE_DEFAULT, format, ##__VA_ARGS__)
      |         ^
/Applications/Xcode.app/Contents/Developer/Platforms/MacOSX.platform/Developer/SDKs/MacOSX.sdk/usr/include/os/log.h:206:9: note: expanded from macro 'os_log_with_type'
  206 |         OS_LOG_CALL_WITH_FORMAT(_os_log_impl, \
      |         ^
In module 'os' imported from /Users/buddhirajgautam/Documents/Cherrygram-Mac/macOS-Swift/submodules/Sparkle/Sparkle/SULog.m:15:
/Applications/Xcode.app/Contents/Developer/Platforms/MacOSX.platform/Developer/SDKs/MacOSX.sdk/usr/include/os/trace_base.h:131:17: note: expanded from macro 'OS_LOG_CALL_WITH_FORMAT'
  131 |         uint8_t _Alignas(16) OS_LOG_UNINITIALIZED _os_fmt_buf[__builtin_os_log_format_buffer_size(fmt, ##__VA_ARGS__)]; \
      |                 ^
/Users/buddhirajgautam/Documents/Cherrygram-Mac/macOS-Swift/submodules/Sparkle/Sparkle/SULog.m:95:17: warning: '_Static_assert' is incompatible with C standards before C11 [-Wpre-c11-compat]
   95 |                 os_log_error(logger, "%{public}@", logMessage);
      |                 ^
In module 'os' imported from /Users/buddhirajgautam/Documents/Cherrygram-Mac/macOS-Swift/submodules/Sparkle/Sparkle/SULog.m:15:
/Applications/Xcode.app/Contents/Developer/Platforms/MacOSX.platform/Developer/SDKs/MacOSX.sdk/usr/include/os/log.h:357:9: note: expanded from macro 'os_log_error'
  357 |         OS_LOG_CALL_WITH_FORMAT(_os_log_error_impl, \
      |         ^
In module 'os' imported from /Users/buddhirajgautam/Documents/Cherrygram-Mac/macOS-Swift/submodules/Sparkle/Sparkle/SULog.m:15:
/Applications/Xcode.app/Contents/Developer/Platforms/MacOSX.platform/Developer/SDKs/MacOSX.sdk/usr/include/os/trace_base.h:129:28: note: expanded from macro 'OS_LOG_CALL_WITH_FORMAT'
  129 |         OS_LOG_PRAGMA_PUSH OS_LOG_STRING(LOG, _os_fmt_str, fmt); \
      |                            ^
/Applications/Xcode.app/Contents/Developer/Platforms/MacOSX.platform/Developer/SDKs/MacOSX.sdk/usr/include/os/trace_base.h:120:9: note: expanded from macro 'OS_LOG_STRING'
  120 |         _Static_assert(__builtin_constant_p(_str), \
      |         ^
/Users/buddhirajgautam/Documents/Cherrygram-Mac/macOS-Swift/submodules/Sparkle/Sparkle/SULog.m:95:17: warning: '_Alignas' is incompatible with C standards before C11 [-Wpre-c11-compat]
In module 'os' imported from /Users/buddhirajgautam/Documents/Cherrygram-Mac/macOS-Swift/submodules/Sparkle/Sparkle/SULog.m:15:
/Applications/Xcode.app/Contents/Developer/Platforms/MacOSX.platform/Developer/SDKs/MacOSX.sdk/usr/include/os/log.h:357:9: note: expanded from macro 'os_log_error'
  357 |         OS_LOG_CALL_WITH_FORMAT(_os_log_error_impl, \
      |         ^
In module 'os' imported from /Users/buddhirajgautam/Documents/Cherrygram-Mac/macOS-Swift/submodules/Sparkle/Sparkle/SULog.m:15:
/Applications/Xcode.app/Contents/Developer/Platforms/MacOSX.platform/Developer/SDKs/MacOSX.sdk/usr/include/os/trace_base.h:131:17: note: expanded from macro 'OS_LOG_CALL_WITH_FORMAT'
  131 |         uint8_t _Alignas(16) OS_LOG_UNINITIALIZED _os_fmt_buf[__builtin_os_log_format_buffer_size(fmt, ##__VA_ARGS__)]; \
      |                 ^
/Users/buddhirajgautam/Documents/Cherrygram-Mac/macOS-Swift/submodules/Sparkle/Sparkle/SULog.m:87:9: warning: 'switch' missing 'default' label [-Wswitch-default]
   87 |         switch (level) {
      |         ^
/Users/buddhirajgautam/Documents/Cherrygram-Mac/macOS-Swift/submodules/Sparkle/Sparkle/SULog.m:105:26: warning: 'asl_new' is deprecated: first deprecated in macOS 10.12 - os_log(3) has replaced asl(3) [-Wdeprecated-declarations]
  105 |         aslmsg message = asl_new(ASL_TYPE_MSG);
      |                          ^
In module 'asl' imported from /Users/buddhirajgautam/Documents/Cherrygram-Mac/macOS-Swift/submodules/Sparkle/Sparkle/SULog.m:11:
/Applications/Xcode.app/Contents/Developer/Platforms/MacOSX.platform/Developer/SDKs/MacOSX.sdk/usr/include/asl.h:514:14: note: 'asl_new' has been explicitly marked deprecated here
  514 | asl_object_t asl_new(uint32_t type) __API_DEPRECATED("os_log(3) has replaced asl(3)", macosx(10.4,10.12), ios(2.0,10.0), watchos(2.0,3.0), tvos(9.0,10.0));
      |              ^
/Users/buddhirajgautam/Documents/Cherrygram-Mac/macOS-Swift/submodules/Sparkle/Sparkle/SULog.m:110:13: warning: 'asl_set' is deprecated: first deprecated in macOS 10.12 - os_log(3) has replaced asl(3) [-Wdeprecated-declarations]
  110 |         if (asl_set(message, ASL_KEY_MSG, logMessage.UTF8String) != 0) {
      |             ^
In module 'asl' imported from /Users/buddhirajgautam/Documents/Cherrygram-Mac/macOS-Swift/submodules/Sparkle/Sparkle/SULog.m:11:
/Applications/Xcode.app/Contents/Developer/Platforms/MacOSX.platform/Developer/SDKs/MacOSX.sdk/usr/include/asl.h:529:5: note: 'asl_set' has been explicitly marked deprecated here
  529 | int asl_set(asl_object_t obj, const char *key, const char *value) __API_DEPRECATED("os_log(3) has replaced asl(3)", macosx(10.4,10.12), ios(2.0,10.0), watchos(2.0,3.0), tvos(9.0,10.0));
      |     ^
/Users/buddhirajgautam/Documents/Cherrygram-Mac/macOS-Swift/submodules/Sparkle/Sparkle/SULog.m:118:34: warning: 'asl_set' is deprecated: first deprecated in macOS 10.12 - os_log(3) has replaced asl(3) [-Wdeprecated-declarations]
  118 |                 levelSetResult = asl_set(message, ASL_KEY_LEVEL, TO_STRING(ASL_LEVEL_WARNING));
      |                                  ^
In module 'asl' imported from /Users/buddhirajgautam/Documents/Cherrygram-Mac/macOS-Swift/submodules/Sparkle/Sparkle/SULog.m:11:
/Applications/Xcode.app/Contents/Developer/Platforms/MacOSX.platform/Developer/SDKs/MacOSX.sdk/usr/include/asl.h:529:5: note: 'asl_set' has been explicitly marked deprecated here
  529 | int asl_set(asl_object_t obj, const char *key, const char *value) __API_DEPRECATED("os_log(3) has replaced asl(3)", macosx(10.4,10.12), ios(2.0,10.0), watchos(2.0,3.0), tvos(9.0,10.0));
      |     ^
/Users/buddhirajgautam/Documents/Cherrygram-Mac/macOS-Swift/submodules/Sparkle/Sparkle/SULog.m:121:34: warning: 'asl_set' is deprecated: first deprecated in macOS 10.12 - os_log(3) has replaced asl(3) [-Wdeprecated-declarations]
  121 |                 levelSetResult = asl_set(message, ASL_KEY_LEVEL, TO_STRING(ASL_LEVEL_ERR));
      |                                  ^
In module 'asl' imported from /Users/buddhirajgautam/Documents/Cherrygram-Mac/macOS-Swift/submodules/Sparkle/Sparkle/SULog.m:11:
/Applications/Xcode.app/Contents/Developer/Platforms/MacOSX.platform/Developer/SDKs/MacOSX.sdk/usr/include/asl.h:529:5: note: 'asl_set' has been explicitly marked deprecated here
  529 | int asl_set(asl_object_t obj, const char *key, const char *value) __API_DEPRECATED("os_log(3) has replaced asl(3)", macosx(10.4,10.12), ios(2.0,10.0), watchos(2.0,3.0), tvos(9.0,10.0));
      |     ^
/Users/buddhirajgautam/Documents/Cherrygram-Mac/macOS-Swift/submodules/Sparkle/Sparkle/SULog.m:115:9: warning: 'switch' missing 'default' label [-Wswitch-default]
  115 |         switch (level) {
      |         ^
/Users/buddhirajgautam/Documents/Cherrygram-Mac/macOS-Swift/submodules/Sparkle/Sparkle/SULog.m:128:9: warning: 'asl_send' is deprecated: first deprecated in macOS 10.12 - os_log(3) has replaced asl(3) [-Wdeprecated-declarations]
  128 |         asl_send(client, message);
      |         ^
In module 'asl' imported from /Users/buddhirajgautam/Documents/Cherrygram-Mac/macOS-Swift/submodules/Sparkle/Sparkle/SULog.m:11:
/Applications/Xcode.app/Contents/Developer/Platforms/MacOSX.platform/Developer/SDKs/MacOSX.sdk/usr/include/asl.h:640:5: note: 'asl_send' has been explicitly marked deprecated here
  640 | int asl_send(asl_object_t obj, asl_object_t msg) __not_tail_called __API_DEPRECATED("os_log(3) has replaced asl(3)", macosx(10.4,10.12), ios(2.0,10.0), watchos(2.0,3.0), tvos(9.0,10.0));
      |     ^
/Users/buddhirajgautam/Documents/Cherrygram-Mac/macOS-Swift/submodules/Sparkle/Sparkle/SULog.m:114:13: warning: mixing declarations and code is incompatible with standards before C99 [-Wdeclaration-after-statement]
  114 |         int levelSetResult;
      |             ^
/Users/buddhirajgautam/Documents/Cherrygram-Mac/macOS-Swift/submodules/Sparkle/Sparkle/SULog.m:75:13: warning: mixing declarations and code is incompatible with standards before C99 [-Wdeclaration-after-statement]
   75 |     va_list ap;
      |             ^
15 warnings generated.

CompileC /Users/buddhirajgautam/Library/Developer/Xcode/DerivedData/Telegram-Mac-fygdgghdgmuleoelvxabfmqiotta/Build/Intermediates.noindex/Sparkle.build/Debug/Sparkle.build/Objects-normal/arm64/SUInstaller.o /Users/buddhirajgautam/Documents/Cherrygram-Mac/macOS-Swift/submodules/Sparkle/Sparkle/SUInstaller.m normal arm64 objective-c com.apple.compilers.llvm.clang.1_0.compiler (in target 'Sparkle' from project 'Sparkle')
    cd /Users/buddhirajgautam/Documents/Cherrygram-Mac/macOS-Swift/submodules/Sparkle
    
    Using response file: /Users/buddhirajgautam/Library/Developer/Xcode/DerivedData/Telegram-Mac-fygdgghdgmuleoelvxabfmqiotta/Build/Intermediates.noindex/Sparkle.build/Debug/Sparkle.build/Objects-normal/arm64/e6072d4f65d7061329687fe24e3d63a7-common-args.resp
    
    /Applications/Xcode.app/Contents/Developer/Toolchains/XcodeDefault.xctoolchain/usr/bin/clang -x objective-c -ivfsstatcache /Users/buddhirajgautam/Library/Developer/Xcode/DerivedData/SDKStatCaches.noindex/macosx27.0-26A425-e829b21a6f8c9b70876ba0858053c0447231f6df4def33e022ae2eb8f782df1a.sdkstatcache -target arm64-apple-macos12.0 -fmessage-length\=0 -fdiagnostics-show-note-include-stack -fmacro-backtrace-limit\=0 -fno-color-diagnostics -fmodules-prune-interval\=86400 -fmodules-prune-after\=345600 -fbuild-session-file\=/Users/buddhirajgautam/Library/Developer/Xcode/DerivedData/ModuleCache.noindex/Session.modulevalidation -fmodules-validate-once-per-build-session -Wnon-modular-include-in-framework-module -Werror\=non-modular-include-in-framework-module -Wno-trigraphs -Werror\=incompatible-pointer-types -Werror\=implicit-function-declaration -Wmissing-field-initializers -Wmissing-prototypes -Wdocumentation -Wunreachable-code -Wimplicit-atomic-properties -Wno-objc-interface-ivars -Wobjc-missing-property-synthesis -Warc-repeated-use-of-weak -Wno-arc-maybe-repeated-use-of-weak -Wexplicit-ownership-type -Wimplicit-retain-self -Wduplicate-method-match -Wmissing-braces -Wparentheses -Wswitch -Wunused-function -Wunused-label -Wunused-parameter -Wunused-variable -Wunused-value -Wempty-body -Wuninitialized -Wunknown-pragmas -Wshadow -Wfour-char-constants -Wconversion -Wconstant-conversion -Wint-conversion -Wbool-conversion -Wenum-conversion -Wfloat-conversion -Wnon-literal-null-conversion -Wobjc-literal-conversion -Wassign-enum -Wsign-compare -Wshorten-64-to-32 -Wpointer-sign -Wnewline-eof -Wselector -Wstrict-selector-match -Wundeclared-selector -Wdeprecated-implementations -Wno-implicit-fallthrough -isysroot /Applications/Xcode.app/Contents/Developer/Platforms/MacOSX.platform/Developer/SDKs/MacOSX27.0.sdk -fstrict-aliasing -Wprotocol -Wdeprecated-declarations -Wsign-conversion -Winfinite-recursion -Wcomma -Wblock-capture-autoreleasing -Wstrict-prototypes -Wno-semicolon-before-method-body -index-store-path /Users/buddhirajgautam/Library/Developer/Xcode/DerivedData/Telegram-Mac-fygdgghdgmuleoelvxabfmqiotta/Index.noindex/DataStore -Wall -Weverything -Wno-unused-macros -Wno-gnu-statement-expression -Wno-arc-repeated-use-of-weak -Wno-auto-import -Wno-gnu-zero-variadic-macro-arguments -Wno-custom-atomic-properties -Wno-implicit-atomic-properties @/Users/buddhirajgautam/Library/Developer/Xcode/DerivedData/Telegram-Mac-fygdgghdgmuleoelvxabfmqiotta/Build/Intermediates.noindex/Sparkle.build/Debug/Sparkle.build/Objects-normal/arm64/e6072d4f65d7061329687fe24e3d63a7-common-args.resp -MMD -MT dependencies -MF /Users/buddhirajgautam/Library/Developer/Xcode/DerivedData/Telegram-Mac-fygdgghdgmuleoelvxabfmqiotta/Build/Intermediates.noindex/Sparkle.build/Debug/Sparkle.build/Objects-normal/arm64/SUInstaller.d --serialize-diagnostics /Users/buddhirajgautam/Library/Developer/Xcode/DerivedData/Telegram-Mac-fygdgghdgmuleoelvxabfmqiotta/Build/Intermediates.noindex/Sparkle.build/Debug/Sparkle.build/Objects-normal/arm64/SUInstaller.dia -c /Users/buddhirajgautam/Documents/Cherrygram-Mac/macOS-Swift/submodules/Sparkle/Sparkle/SUInstaller.m -o /Users/buddhirajgautam/Library/Developer/Xcode/DerivedData/Telegram-Mac-fygdgghdgmuleoelvxabfmqiotta/Build/Intermediates.noindex/Sparkle.build/Debug/Sparkle.build/Objects-normal/arm64/SUInstaller.o -index-unit-output-path /Sparkle.build/Debug/Sparkle.build/Objects-normal/arm64/SUInstaller.o
/Users/buddhirajgautam/Documents/Cherrygram-Mac/macOS-Swift/submodules/Sparkle/Sparkle/SUInstaller.m:27:15: warning: mixing declarations and code is incompatible with standards before C99 [-Wdeclaration-after-statement]
   27 |     NSNumber *directoryFlag = nil;
      |               ^
/Users/buddhirajgautam/Documents/Cherrygram-Mac/macOS-Swift/submodules/Sparkle/Sparkle/SUInstaller.m:38:15: warning: mixing declarations and code is incompatible with standards before C99 [-Wdeclaration-after-statement]
   38 |     NSString *currentFile,
      |               ^
/Users/buddhirajgautam/Documents/Cherrygram-Mac/macOS-Swift/submodules/Sparkle/Sparkle/SUInstaller.m:139:19: warning: mixing declarations and code is incompatible with standards before C99 [-Wdeclaration-after-statement]
  139 |         NSString *installationPath;
      |                   ^
/Users/buddhirajgautam/Documents/Cherrygram-Mac/macOS-Swift/submodules/Sparkle/Sparkle/SUInstaller.m:126:30: warning: mixing declarations and code is incompatible with standards before C99 [-Wdeclaration-after-statement]
  126 |     id <SUInstallerProtocol> installer;
      |                              ^
/Users/buddhirajgautam/Documents/Cherrygram-Mac/macOS-Swift/submodules/Sparkle/Sparkle/SUInstaller.m:156:15: warning: mixing declarations and code is incompatible with standards before C99 [-Wdeclaration-after-statement]
  156 |     NSString *normalizedAppPath = [[[bundle bundlePath] stringByDeletingLastPathComponent] stringByAppendingPathComponent:[NSString stringWithFormat:@"%@.%@", [host objectForInfoDictionaryKey:(__bridge NSString *)kCFBundleNameKey], [[bundle bundlePath] pathExtension]]];
      |               ^
5 warnings generated.

CompileC /Users/buddhirajgautam/Library/Developer/Xcode/DerivedData/Telegram-Mac-fygdgghdgmuleoelvxabfmqiotta/Build/Intermediates.noindex/Sparkle.build/Debug/Sparkle.build/Objects-normal/arm64/SUHost.o /Users/buddhirajgautam/Documents/Cherrygram-Mac/macOS-Swift/submodules/Sparkle/Sparkle/SUHost.m normal arm64 objective-c com.apple.compilers.llvm.clang.1_0.compiler (in target 'Sparkle' from project 'Sparkle')
    cd /Users/buddhirajgautam/Documents/Cherrygram-Mac/macOS-Swift/submodules/Sparkle
    
    Using response file: /Users/buddhirajgautam/Library/Developer/Xcode/DerivedData/Telegram-Mac-fygdgghdgmuleoelvxabfmqiotta/Build/Intermediates.noindex/Sparkle.build/Debug/Sparkle.build/Objects-normal/arm64/e6072d4f65d7061329687fe24e3d63a7-common-args.resp
    
    /Applications/Xcode.app/Contents/Developer/Toolchains/XcodeDefault.xctoolchain/usr/bin/clang -x objective-c -ivfsstatcache /Users/buddhirajgautam/Library/Developer/Xcode/DerivedData/SDKStatCaches.noindex/macosx27.0-26A425-e829b21a6f8c9b70876ba0858053c0447231f6df4def33e022ae2eb8f782df1a.sdkstatcache -target arm64-apple-macos12.0 -fmessage-length\=0 -fdiagnostics-show-note-include-stack -fmacro-backtrace-limit\=0 -fno-color-diagnostics -fmodules-prune-interval\=86400 -fmodules-prune-after\=345600 -fbuild-session-file\=/Users/buddhirajgautam/Library/Developer/Xcode/DerivedData/ModuleCache.noindex/Session.modulevalidation -fmodules-validate-once-per-build-session -Wnon-modular-include-in-framework-module -Werror\=non-modular-include-in-framework-module -Wno-trigraphs -Werror\=incompatible-pointer-types -Werror\=implicit-function-declaration -Wmissing-field-initializers -Wmissing-prototypes -Wdocumentation -Wunreachable-code -Wimplicit-atomic-properties -Wno-objc-interface-ivars -Wobjc-missing-property-synthesis -Warc-repeated-use-of-weak -Wno-arc-maybe-repeated-use-of-weak -Wexplicit-ownership-type -Wimplicit-retain-self -Wduplicate-method-match -Wmissing-braces -Wparentheses -Wswitch -Wunused-function -Wunused-label -Wunused-parameter -Wunused-variable -Wunused-value -Wempty-body -Wuninitialized -Wunknown-pragmas -Wshadow -Wfour-char-constants -Wconversion -Wconstant-conversion -Wint-conversion -Wbool-conversion -Wenum-conversion -Wfloat-conversion -Wnon-literal-null-conversion -Wobjc-literal-conversion -Wassign-enum -Wsign-compare -Wshorten-64-to-32 -Wpointer-sign -Wnewline-eof -Wselector -Wstrict-selector-match -Wundeclared-selector -Wdeprecated-implementations -Wno-implicit-fallthrough -isysroot /Applications/Xcode.app/Contents/Developer/Platforms/MacOSX.platform/Developer/SDKs/MacOSX27.0.sdk -fstrict-aliasing -Wprotocol -Wdeprecated-declarations -Wsign-conversion -Winfinite-recursion -Wcomma -Wblock-capture-autoreleasing -Wstrict-prototypes -Wno-semicolon-before-method-body -index-store-path /Users/buddhirajgautam/Library/Developer/Xcode/DerivedData/Telegram-Mac-fygdgghdgmuleoelvxabfmqiotta/Index.noindex/DataStore -Wall -Weverything -Wno-unused-macros -Wno-gnu-statement-expression -Wno-arc-repeated-use-of-weak -Wno-auto-import -Wno-gnu-zero-variadic-macro-arguments -Wno-custom-atomic-properties -Wno-implicit-atomic-properties @/Users/buddhirajgautam/Library/Developer/Xcode/DerivedData/Telegram-Mac-fygdgghdgmuleoelvxabfmqiotta/Build/Intermediates.noindex/Sparkle.build/Debug/Sparkle.build/Objects-normal/arm64/e6072d4f65d7061329687fe24e3d63a7-common-args.resp -MMD -MT dependencies -MF /Users/buddhirajgautam/Library/Developer/Xcode/DerivedData/Telegram-Mac-fygdgghdgmuleoelvxabfmqiotta/Build/Intermediates.noindex/Sparkle.build/Debug/Sparkle.build/Objects-normal/arm64/SUHost.d --serialize-diagnostics /Users/buddhirajgautam/Library/Developer/Xcode/DerivedData/Telegram-Mac-fygdgghdgmuleoelvxabfmqiotta/Build/Intermediates.noindex/Sparkle.build/Debug/Sparkle.build/Objects-normal/arm64/SUHost.dia -c /Users/buddhirajgautam/Documents/Cherrygram-Mac/macOS-Swift/submodules/Sparkle/Sparkle/SUHost.m -o /Users/buddhirajgautam/Library/Developer/Xcode/DerivedData/Telegram-Mac-fygdgghdgmuleoelvxabfmqiotta/Build/Intermediates.noindex/Sparkle.build/Debug/Sparkle.build/Objects-normal/arm64/SUHost.o -index-unit-output-path /Sparkle.build/Debug/Sparkle.build/Objects-normal/arm64/SUHost.o
/Users/buddhirajgautam/Documents/Cherrygram-Mac/macOS-Swift/submodules/Sparkle/Sparkle/SUHost.m:58:19: warning: mixing declarations and code is incompatible with standards before C99 [-Wdeclaration-after-statement]
   58 |         NSString *mainBundleIdentifier = NSBundle.mainBundle.bundleIdentifier;
      |                   ^
/Users/buddhirajgautam/Documents/Cherrygram-Mac/macOS-Swift/submodules/Sparkle/Sparkle/SUHost.m:127:15: warning: mixing declarations and code is incompatible with standards before C99 [-Wdeclaration-after-statement]
  127 |     NSString *keyFilename = [self publicDSAKeyFileKey];
      |               ^
/Users/buddhirajgautam/Documents/Cherrygram-Mac/macOS-Swift/submodules/Sparkle/Sparkle/SUHost.m:191:23: warning: mixing declarations and code is incompatible with standards before C99 [-Wdeclaration-after-statement]
  191 |     CFPropertyListRef obj = CFPreferencesCopyAppValue((__bridge CFStringRef)defaultName, (__bridge CFStringRef)self.defaultsDomain);
      |                       ^
/Users/buddhirajgautam/Documents/Cherrygram-Mac/macOS-Swift/submodules/Sparkle/Sparkle/SUHost.m:222:23: warning: cast from function call of type 'Boolean' (aka 'unsigned char') to non-matching type 'BOOL' (aka '_Bool') [-Wbad-function-cast]
  222 |         value = (BOOL)CFBooleanGetValue((CFBooleanRef)plr);
      |                       ^~~~~~~~~~~~~~~~~~~~~~~~~~~~~~~~~~~~
/Users/buddhirajgautam/Documents/Cherrygram-Mac/macOS-Swift/submodules/Sparkle/Sparkle/SUHost.m:215:10: warning: mixing declarations and code is incompatible with standards before C99 [-Wdeclaration-after-statement]
  215 |     BOOL value;
      |          ^
5 warnings generated.

CompileC /Users/buddhirajgautam/Library/Developer/Xcode/DerivedData/Telegram-Mac-fygdgghdgmuleoelvxabfmqiotta/Build/Intermediates.noindex/Sparkle.build/Debug/Sparkle.build/Objects-normal/arm64/SUGuidedPackageInstaller.o /Users/buddhirajgautam/Documents/Cherrygram-Mac/macOS-Swift/submodules/Sparkle/Sparkle/SUGuidedPackageInstaller.m normal arm64 objective-c com.apple.compilers.llvm.clang.1_0.compiler (in target 'Sparkle' from project 'Sparkle')
    cd /Users/buddhirajgautam/Documents/Cherrygram-Mac/macOS-Swift/submodules/Sparkle
    
    Using response file: /Users/buddhirajgautam/Library/Developer/Xcode/DerivedData/Telegram-Mac-fygdgghdgmuleoelvxabfmqiotta/Build/Intermediates.noindex/Sparkle.build/Debug/Sparkle.build/Objects-normal/arm64/e6072d4f65d7061329687fe24e3d63a7-common-args.resp
    
    /Applications/Xcode.app/Contents/Developer/Toolchains/XcodeDefault.xctoolchain/usr/bin/clang -x objective-c -ivfsstatcache /Users/buddhirajgautam/Library/Developer/Xcode/DerivedData/SDKStatCaches.noindex/macosx27.0-26A425-e829b21a6f8c9b70876ba0858053c0447231f6df4def33e022ae2eb8f782df1a.sdkstatcache -target arm64-apple-macos12.0 -fmessage-length\=0 -fdiagnostics-show-note-include-stack -fmacro-backtrace-limit\=0 -fno-color-diagnostics -fmodules-prune-interval\=86400 -fmodules-prune-after\=345600 -fbuild-session-file\=/Users/buddhirajgautam/Library/Developer/Xcode/DerivedData/ModuleCache.noindex/Session.modulevalidation -fmodules-validate-once-per-build-session -Wnon-modular-include-in-framework-module -Werror\=non-modular-include-in-framework-module -Wno-trigraphs -Werror\=incompatible-pointer-types -Werror\=implicit-function-declaration -Wmissing-field-initializers -Wmissing-prototypes -Wdocumentation -Wunreachable-code -Wimplicit-atomic-properties -Wno-objc-interface-ivars -Wobjc-missing-property-synthesis -Warc-repeated-use-of-weak -Wno-arc-maybe-repeated-use-of-weak -Wexplicit-ownership-type -Wimplicit-retain-self -Wduplicate-method-match -Wmissing-braces -Wparentheses -Wswitch -Wunused-function -Wunused-label -Wunused-parameter -Wunused-variable -Wunused-value -Wempty-body -Wuninitialized -Wunknown-pragmas -Wshadow -Wfour-char-constants -Wconversion -Wconstant-conversion -Wint-conversion -Wbool-conversion -Wenum-conversion -Wfloat-conversion -Wnon-literal-null-conversion -Wobjc-literal-conversion -Wassign-enum -Wsign-compare -Wshorten-64-to-32 -Wpointer-sign -Wnewline-eof -Wselector -Wstrict-selector-match -Wundeclared-selector -Wdeprecated-implementations -Wno-implicit-fallthrough -isysroot /Applications/Xcode.app/Contents/Developer/Platforms/MacOSX.platform/Developer/SDKs/MacOSX27.0.sdk -fstrict-aliasing -Wprotocol -Wdeprecated-declarations -Wsign-conversion -Winfinite-recursion -Wcomma -Wblock-capture-autoreleasing -Wstrict-prototypes -Wno-semicolon-before-method-body -index-store-path /Users/buddhirajgautam/Library/Developer/Xcode/DerivedData/Telegram-Mac-fygdgghdgmuleoelvxabfmqiotta/Index.noindex/DataStore -Wall -Weverything -Wno-unused-macros -Wno-gnu-statement-expression -Wno-arc-repeated-use-of-weak -Wno-auto-import -Wno-gnu-zero-variadic-macro-arguments -Wno-custom-atomic-properties -Wno-implicit-atomic-properties @/Users/buddhirajgautam/Library/Developer/Xcode/DerivedData/Telegram-Mac-fygdgghdgmuleoelvxabfmqiotta/Build/Intermediates.noindex/Sparkle.build/Debug/Sparkle.build/Objects-normal/arm64/e6072d4f65d7061329687fe24e3d63a7-common-args.resp -MMD -MT dependencies -MF /Users/buddhirajgautam/Library/Developer/Xcode/DerivedData/Telegram-Mac-fygdgghdgmuleoelvxabfmqiotta/Build/Intermediates.noindex/Sparkle.build/Debug/Sparkle.build/Objects-normal/arm64/SUGuidedPackageInstaller.d --serialize-diagnostics /Users/buddhirajgautam/Library/Developer/Xcode/DerivedData/Telegram-Mac-fygdgghdgmuleoelvxabfmqiotta/Build/Intermediates.noindex/Sparkle.build/Debug/Sparkle.build/Objects-normal/arm64/SUGuidedPackageInstaller.dia -c /Users/buddhirajgautam/Documents/Cherrygram-Mac/macOS-Swift/submodules/Sparkle/Sparkle/SUGuidedPackageInstaller.m -o /Users/buddhirajgautam/Library/Developer/Xcode/DerivedData/Telegram-Mac-fygdgghdgmuleoelvxabfmqiotta/Build/Intermediates.noindex/Sparkle.build/Debug/Sparkle.build/Objects-normal/arm64/SUGuidedPackageInstaller.o -index-unit-output-path /Sparkle.build/Debug/Sparkle.build/Objects-normal/arm64/SUGuidedPackageInstaller.o

CompileC /Users/buddhirajgautam/Library/Developer/Xcode/DerivedData/Telegram-Mac-fygdgghdgmuleoelvxabfmqiotta/Build/Intermediates.noindex/Sparkle.build/Debug/Sparkle.build/Objects-normal/arm64/SUFileManager.o /Users/buddhirajgautam/Documents/Cherrygram-Mac/macOS-Swift/submodules/Sparkle/Sparkle/SUFileManager.m normal arm64 objective-c com.apple.compilers.llvm.clang.1_0.compiler (in target 'Sparkle' from project 'Sparkle')
    cd /Users/buddhirajgautam/Documents/Cherrygram-Mac/macOS-Swift/submodules/Sparkle
    
    Using response file: /Users/buddhirajgautam/Library/Developer/Xcode/DerivedData/Telegram-Mac-fygdgghdgmuleoelvxabfmqiotta/Build/Intermediates.noindex/Sparkle.build/Debug/Sparkle.build/Objects-normal/arm64/e6072d4f65d7061329687fe24e3d63a7-common-args.resp
    
    /Applications/Xcode.app/Contents/Developer/Toolchains/XcodeDefault.xctoolchain/usr/bin/clang -x objective-c -ivfsstatcache /Users/buddhirajgautam/Library/Developer/Xcode/DerivedData/SDKStatCaches.noindex/macosx27.0-26A425-e829b21a6f8c9b70876ba0858053c0447231f6df4def33e022ae2eb8f782df1a.sdkstatcache -target arm64-apple-macos12.0 -fmessage-length\=0 -fdiagnostics-show-note-include-stack -fmacro-backtrace-limit\=0 -fno-color-diagnostics -fmodules-prune-interval\=86400 -fmodules-prune-after\=345600 -fbuild-session-file\=/Users/buddhirajgautam/Library/Developer/Xcode/DerivedData/ModuleCache.noindex/Session.modulevalidation -fmodules-validate-once-per-build-session -Wnon-modular-include-in-framework-module -Werror\=non-modular-include-in-framework-module -Wno-trigraphs -Werror\=incompatible-pointer-types -Werror\=implicit-function-declaration -Wmissing-field-initializers -Wmissing-prototypes -Wdocumentation -Wunreachable-code -Wimplicit-atomic-properties -Wno-objc-interface-ivars -Wobjc-missing-property-synthesis -Warc-repeated-use-of-weak -Wno-arc-maybe-repeated-use-of-weak -Wexplicit-ownership-type -Wimplicit-retain-self -Wduplicate-method-match -Wmissing-braces -Wparentheses -Wswitch -Wunused-function -Wunused-label -Wunused-parameter -Wunused-variable -Wunused-value -Wempty-body -Wuninitialized -Wunknown-pragmas -Wshadow -Wfour-char-constants -Wconversion -Wconstant-conversion -Wint-conversion -Wbool-conversion -Wenum-conversion -Wfloat-conversion -Wnon-literal-null-conversion -Wobjc-literal-conversion -Wassign-enum -Wsign-compare -Wshorten-64-to-32 -Wpointer-sign -Wnewline-eof -Wselector -Wstrict-selector-match -Wundeclared-selector -Wdeprecated-implementations -Wno-implicit-fallthrough -isysroot /Applications/Xcode.app/Contents/Developer/Platforms/MacOSX.platform/Developer/SDKs/MacOSX27.0.sdk -fstrict-aliasing -Wprotocol -Wdeprecated-declarations -Wsign-conversion -Winfinite-recursion -Wcomma -Wblock-capture-autoreleasing -Wstrict-prototypes -Wno-semicolon-before-method-body -index-store-path /Users/buddhirajgautam/Library/Developer/Xcode/DerivedData/Telegram-Mac-fygdgghdgmuleoelvxabfmqiotta/Index.noindex/DataStore -Wall -Weverything -Wno-unused-macros -Wno-gnu-statement-expression -Wno-arc-repeated-use-of-weak -Wno-auto-import -Wno-gnu-zero-variadic-macro-arguments -Wno-custom-atomic-properties -Wno-implicit-atomic-properties @/Users/buddhirajgautam/Library/Developer/Xcode/DerivedData/Telegram-Mac-fygdgghdgmuleoelvxabfmqiotta/Build/Intermediates.noindex/Sparkle.build/Debug/Sparkle.build/Objects-normal/arm64/e6072d4f65d7061329687fe24e3d63a7-common-args.resp -MMD -MT dependencies -MF /Users/buddhirajgautam/Library/Developer/Xcode/DerivedData/Telegram-Mac-fygdgghdgmuleoelvxabfmqiotta/Build/Intermediates.noindex/Sparkle.build/Debug/Sparkle.build/Objects-normal/arm64/SUFileManager.d --serialize-diagnostics /Users/buddhirajgautam/Library/Developer/Xcode/DerivedData/Telegram-Mac-fygdgghdgmuleoelvxabfmqiotta/Build/Intermediates.noindex/Sparkle.build/Debug/Sparkle.build/Objects-normal/arm64/SUFileManager.dia -c /Users/buddhirajgautam/Documents/Cherrygram-Mac/macOS-Swift/submodules/Sparkle/Sparkle/SUFileManager.m -o /Users/buddhirajgautam/Library/Developer/Xcode/DerivedData/Telegram-Mac-fygdgghdgmuleoelvxabfmqiotta/Build/Intermediates.noindex/Sparkle.build/Debug/Sparkle.build/Objects-normal/arm64/SUFileManager.o -index-unit-output-path /Sparkle.build/Debug/Sparkle.build/Objects-normal/arm64/SUFileManager.o
/Users/buddhirajgautam/Documents/Cherrygram-Mac/macOS-Swift/submodules/Sparkle/Sparkle/SUFileManager.m:35:14: warning: mixing declarations and code is incompatible with standards before C99 [-Wdeclaration-after-statement]
   35 |     OSStatus makeResult = FSPathMakeRefWithOptions((const UInt8 *)path, kFSPathMakeRefDoNotFollowLeafSymlink, ref, NULL);
      |              ^
/Users/buddhirajgautam/Documents/Cherrygram-Mac/macOS-Swift/submodules/Sparkle/Sparkle/SUFileManager.m:104:14: warning: mixing declarations and code is incompatible with standards before C99 [-Wdeclaration-after-statement]
  104 |     OSStatus createStatus = AuthorizationCreate(NULL, kAuthorizationEmptyEnvironment, kAuthorizationFlagDefaults, &_auth);
      |              ^
/Users/buddhirajgautam/Documents/Cherrygram-Mac/macOS-Swift/submodules/Sparkle/Sparkle/SUFileManager.m:160:11: warning: mixing declarations and code is incompatible with standards before C99 [-Wdeclaration-after-statement]
  160 |     char *arguments[] = { command, sourcePath, destinationPath, NULL };
      |           ^
/Users/buddhirajgautam/Documents/Cherrygram-Mac/macOS-Swift/submodules/Sparkle/Sparkle/SUFileManager.m:227:21: warning: implicit conversion when initializing 'const char *' with an expression of type 'const void *' is not permitted in C++ [-Wimplicit-void-ptr-cast]
  227 |         const char *bytes = data.bytes;
      |                     ^       ~~~~~~~~~~
/Users/buddhirajgautam/Documents/Cherrygram-Mac/macOS-Swift/submodules/Sparkle/Sparkle/SUFileManager.m:232:27: warning: mixing declarations and code is incompatible with standards before C99 [-Wdeclaration-after-statement]
  232 |                 NSString *fullLine = [[NSString alloc] initWithData:line encoding:NSUTF8StringEncoding];
      |                           ^
/Users/buddhirajgautam/Documents/Cherrygram-Mac/macOS-Swift/submodules/Sparkle/Sparkle/SUFileManager.m:227:21: warning: mixing declarations and code is incompatible with standards before C99 [-Wdeclaration-after-statement]
  227 |         const char *bytes = data.bytes;
      |                     ^
/Users/buddhirajgautam/Documents/Cherrygram-Mac/macOS-Swift/submodules/Sparkle/Sparkle/SUFileManager.m:266:19: warning: mixing declarations and code is incompatible with standards before C99 [-Wdeclaration-after-statement]
  266 |     NSDictionary *attributes = [_fileManager attributesOfItemAtPath:path error:NULL];
      |                   ^
/Users/buddhirajgautam/Documents/Cherrygram-Mac/macOS-Swift/submodules/Sparkle/Sparkle/SUFileManager.m:314:10: warning: mixing declarations and code is incompatible with standards before C99 [-Wdeclaration-after-statement]
  314 |     char path[PATH_MAX] = {0};
      |          ^
/Users/buddhirajgautam/Documents/Cherrygram-Mac/macOS-Swift/submodules/Sparkle/Sparkle/SUFileManager.m:342:12: warning: mixing declarations and code is incompatible with standards before C99 [-Wdeclaration-after-statement]
  342 |     BOOL (^releasingQuarantineRequiredAuthentication)(NSURL *, BOOL *, BOOL *) = ^(NSURL *fileURL, BOOL *didReleaseQuarantine, BOOL *success) {
      |            ^
/Users/buddhirajgautam/Documents/Cherrygram-Mac/macOS-Swift/submodules/Sparkle/Sparkle/SUFileManager.m:479:11: warning: mixing declarations and code is incompatible with standards before C99 [-Wdeclaration-after-statement]
  479 |     FSRef sourceRef;
      |           ^
/Users/buddhirajgautam/Documents/Cherrygram-Mac/macOS-Swift/submodules/Sparkle/Sparkle/SUFileManager.m:549:19: warning: mixing declarations and code is incompatible with standards before C99 [-Wdeclaration-after-statement]
  549 |     FSCatalogInfo catalogInfo;
      |                   ^
/Users/buddhirajgautam/Documents/Cherrygram-Mac/macOS-Swift/submodules/Sparkle/Sparkle/SUFileManager.m:574:12: warning: mixing declarations and code is incompatible with standards before C99 [-Wdeclaration-after-statement]
  574 |     NSURL *destinationURLParent = destinationURL.URLByDeletingLastPathComponent;
      |            ^
/Users/buddhirajgautam/Documents/Cherrygram-Mac/macOS-Swift/submodules/Sparkle/Sparkle/SUFileManager.m:656:9: warning: mixing declarations and code is incompatible with standards before C99 [-Wdeclaration-after-statement]
  656 |     int fileDescriptor = open(path, O_RDONLY | O_SYMLINK);
      |         ^
/Users/buddhirajgautam/Documents/Cherrygram-Mac/macOS-Swift/submodules/Sparkle/Sparkle/SUFileManager.m:701:14: warning: mixing declarations and code is incompatible with standards before C99 [-Wdeclaration-after-statement]
  701 |     NSError *matchFileAttributesError = nil;
      |              ^
/Users/buddhirajgautam/Documents/Cherrygram-Mac/macOS-Swift/submodules/Sparkle/Sparkle/SUFileManager.m:814:10: warning: mixing declarations and code is incompatible with standards before C99 [-Wdeclaration-after-statement]
  814 |     char path[PATH_MAX] = {0};
      |          ^
/Users/buddhirajgautam/Documents/Cherrygram-Mac/macOS-Swift/submodules/Sparkle/Sparkle/SUFileManager.m:869:12: warning: mixing declarations and code is incompatible with standards before C99 [-Wdeclaration-after-statement]
  869 |     NSURL *parentURL = [url URLByDeletingLastPathComponent];
      |            ^
/Users/buddhirajgautam/Documents/Cherrygram-Mac/macOS-Swift/submodules/Sparkle/Sparkle/SUFileManager.m:924:12: warning: mixing declarations and code is incompatible with standards before C99 [-Wdeclaration-after-statement]
  924 |     NSURL *desiredURL = [directoryURL URLByAppendingPathComponent:preferredName];
      |            ^
/Users/buddhirajgautam/Documents/Cherrygram-Mac/macOS-Swift/submodules/Sparkle/Sparkle/SUFileManager.m:942:14: warning: mixing declarations and code is incompatible with standards before C99 [-Wdeclaration-after-statement]
  942 |     NSError *removeError = nil;
      |              ^
/Users/buddhirajgautam/Documents/Cherrygram-Mac/macOS-Swift/submodules/Sparkle/Sparkle/SUFileManager.m:984:10: warning: mixing declarations and code is incompatible with standards before C99 [-Wdeclaration-after-statement]
  984 |     char path[PATH_MAX] = {0};
      |          ^
19 warnings generated.

SwiftDriverJobDiscovery normal arm64 Compiling ControllerExtension.swift, SyncCoreExtension.swift, ThumbUtils.swift, Appearance.swift, SearchEmptyRowItem.swift, MimeTypes.swift (in target 'TelegramShare' from project 'Telegram')

CompileC /Users/buddhirajgautam/Library/Developer/Xcode/DerivedData/Telegram-Mac-fygdgghdgmuleoelvxabfmqiotta/Build/Intermediates.noindex/Sparkle.build/Debug/Sparkle.build/Objects-normal/arm64/SUDiskImageUnarchiver.o /Users/buddhirajgautam/Documents/Cherrygram-Mac/macOS-Swift/submodules/Sparkle/Sparkle/SUDiskImageUnarchiver.m normal arm64 objective-c com.apple.compilers.llvm.clang.1_0.compiler (in target 'Sparkle' from project 'Sparkle')
    cd /Users/buddhirajgautam/Documents/Cherrygram-Mac/macOS-Swift/submodules/Sparkle
    
    Using response file: /Users/buddhirajgautam/Library/Developer/Xcode/DerivedData/Telegram-Mac-fygdgghdgmuleoelvxabfmqiotta/Build/Intermediates.noindex/Sparkle.build/Debug/Sparkle.build/Objects-normal/arm64/e6072d4f65d7061329687fe24e3d63a7-common-args.resp
    
    /Applications/Xcode.app/Contents/Developer/Toolchains/XcodeDefault.xctoolchain/usr/bin/clang -x objective-c -ivfsstatcache /Users/buddhirajgautam/Library/Developer/Xcode/DerivedData/SDKStatCaches.noindex/macosx27.0-26A425-e829b21a6f8c9b70876ba0858053c0447231f6df4def33e022ae2eb8f782df1a.sdkstatcache -target arm64-apple-macos12.0 -fmessage-length\=0 -fdiagnostics-show-note-include-stack -fmacro-backtrace-limit\=0 -fno-color-diagnostics -fmodules-prune-interval\=86400 -fmodules-prune-after\=345600 -fbuild-session-file\=/Users/buddhirajgautam/Library/Developer/Xcode/DerivedData/ModuleCache.noindex/Session.modulevalidation -fmodules-validate-once-per-build-session -Wnon-modular-include-in-framework-module -Werror\=non-modular-include-in-framework-module -Wno-trigraphs -Werror\=incompatible-pointer-types -Werror\=implicit-function-declaration -Wmissing-field-initializers -Wmissing-prototypes -Wdocumentation -Wunreachable-code -Wimplicit-atomic-properties -Wno-objc-interface-ivars -Wobjc-missing-property-synthesis -Warc-repeated-use-of-weak -Wno-arc-maybe-repeated-use-of-weak -Wexplicit-ownership-type -Wimplicit-retain-self -Wduplicate-method-match -Wmissing-braces -Wparentheses -Wswitch -Wunused-function -Wunused-label -Wunused-parameter -Wunused-variable -Wunused-value -Wempty-body -Wuninitialized -Wunknown-pragmas -Wshadow -Wfour-char-constants -Wconversion -Wconstant-conversion -Wint-conversion -Wbool-conversion -Wenum-conversion -Wfloat-conversion -Wnon-literal-null-conversion -Wobjc-literal-conversion -Wassign-enum -Wsign-compare -Wshorten-64-to-32 -Wpointer-sign -Wnewline-eof -Wselector -Wstrict-selector-match -Wundeclared-selector -Wdeprecated-implementations -Wno-implicit-fallthrough -isysroot /Applications/Xcode.app/Contents/Developer/Platforms/MacOSX.platform/Developer/SDKs/MacOSX27.0.sdk -fstrict-aliasing -Wprotocol -Wdeprecated-declarations -Wsign-conversion -Winfinite-recursion -Wcomma -Wblock-capture-autoreleasing -Wstrict-prototypes -Wno-semicolon-before-method-body -index-store-path /Users/buddhirajgautam/Library/Developer/Xcode/DerivedData/Telegram-Mac-fygdgghdgmuleoelvxabfmqiotta/Index.noindex/DataStore -Wall -Weverything -Wno-unused-macros -Wno-gnu-statement-expression -Wno-arc-repeated-use-of-weak -Wno-auto-import -Wno-gnu-zero-variadic-macro-arguments -Wno-custom-atomic-properties -Wno-implicit-atomic-properties @/Users/buddhirajgautam/Library/Developer/Xcode/DerivedData/Telegram-Mac-fygdgghdgmuleoelvxabfmqiotta/Build/Intermediates.noindex/Sparkle.build/Debug/Sparkle.build/Objects-normal/arm64/e6072d4f65d7061329687fe24e3d63a7-common-args.resp -MMD -MT dependencies -MF /Users/buddhirajgautam/Library/Developer/Xcode/DerivedData/Telegram-Mac-fygdgghdgmuleoelvxabfmqiotta/Build/Intermediates.noindex/Sparkle.build/Debug/Sparkle.build/Objects-normal/arm64/SUDiskImageUnarchiver.d --serialize-diagnostics /Users/buddhirajgautam/Library/Developer/Xcode/DerivedData/Telegram-Mac-fygdgghdgmuleoelvxabfmqiotta/Build/Intermediates.noindex/Sparkle.build/Debug/Sparkle.build/Objects-normal/arm64/SUDiskImageUnarchiver.dia -c /Users/buddhirajgautam/Documents/Cherrygram-Mac/macOS-Swift/submodules/Sparkle/Sparkle/SUDiskImageUnarchiver.m -o /Users/buddhirajgautam/Library/Developer/Xcode/DerivedData/Telegram-Mac-fygdgghdgmuleoelvxabfmqiotta/Build/Intermediates.noindex/Sparkle.build/Debug/Sparkle.build/Objects-normal/arm64/SUDiskImageUnarchiver.o -index-unit-output-path /Sparkle.build/Debug/Sparkle.build/Objects-normal/arm64/SUDiskImageUnarchiver.o
/Users/buddhirajgautam/Documents/Cherrygram-Mac/macOS-Swift/submodules/Sparkle/Sparkle/SUDiskImageUnarchiver.m:112:21: warning: mixing declarations and code is incompatible with standards before C99 [-Wdeclaration-after-statement]
  112 |             NSPipe *inputPipe = [NSPipe pipe];
      |                     ^
/Users/buddhirajgautam/Documents/Cherrygram-Mac/macOS-Swift/submodules/Sparkle/Sparkle/SUDiskImageUnarchiver.m:156:29: warning: implicit conversion from 'NSUInteger' (aka 'unsigned long') to 'double' may lose precision [-Wimplicit-int-float-conversion]
  156 |         double totalItems = [contents count];
      |                ~~~~~~~~~~   ^~~~~~~~~~~~~~~~
/Users/buddhirajgautam/Documents/Cherrygram-Mac/macOS-Swift/submodules/Sparkle/Sparkle/SUDiskImageUnarchiver.m:85:17: warning: mixing declarations and code is incompatible with standards before C99 [-Wdeclaration-after-statement]
   85 |         NSData *promptData = nil;
      |                 ^
/Users/buddhirajgautam/Documents/Cherrygram-Mac/macOS-Swift/submodules/Sparkle/Sparkle/SUDiskImageUnarchiver.m:152:13: warning: jump from this goto statement to its label is incompatible with C++ [-Wjump-misses-init]
  152 |             goto reportError;
      |             ^
/Users/buddhirajgautam/Documents/Cherrygram-Mac/macOS-Swift/submodules/Sparkle/Sparkle/SUDiskImageUnarchiver.m:156:16: note: jump bypasses variable initialization
  156 |         double totalItems = [contents count];
      |                ^
/Users/buddhirajgautam/Documents/Cherrygram-Mac/macOS-Swift/submodules/Sparkle/Sparkle/SUDiskImageUnarchiver.m:155:16: note: jump bypasses variable initialization
  155 |         double itemsCopied = 0;
      |                ^
/Users/buddhirajgautam/Documents/Cherrygram-Mac/macOS-Swift/submodules/Sparkle/Sparkle/SUDiskImageUnarchiver.m:142:13: warning: jump from this goto statement to its label is incompatible with C++ [-Wjump-misses-init]
  142 |             goto reportError;
      |             ^
/Users/buddhirajgautam/Documents/Cherrygram-Mac/macOS-Swift/submodules/Sparkle/Sparkle/SUDiskImageUnarchiver.m:156:16: note: jump bypasses variable initialization
  156 |         double totalItems = [contents count];
      |                ^
/Users/buddhirajgautam/Documents/Cherrygram-Mac/macOS-Swift/submodules/Sparkle/Sparkle/SUDiskImageUnarchiver.m:155:16: note: jump bypasses variable initialization
  155 |         double itemsCopied = 0;
      |                ^
/Users/buddhirajgautam/Documents/Cherrygram-Mac/macOS-Swift/submodules/Sparkle/Sparkle/SUDiskImageUnarchiver.m:133:13: warning: jump from this goto statement to its label is incompatible with C++ [-Wjump-misses-init]
  133 |             goto reportError;
      |             ^
/Users/buddhirajgautam/Documents/Cherrygram-Mac/macOS-Swift/submodules/Sparkle/Sparkle/SUDiskImageUnarchiver.m:156:16: note: jump bypasses variable initialization
  156 |         double totalItems = [contents count];
      |                ^
/Users/buddhirajgautam/Documents/Cherrygram-Mac/macOS-Swift/submodules/Sparkle/Sparkle/SUDiskImageUnarchiver.m:155:16: note: jump bypasses variable initialization
  155 |         double itemsCopied = 0;
      |                ^
6 warnings generated.

CompileC /Users/buddhirajgautam/Library/Developer/Xcode/DerivedData/Telegram-Mac-fygdgghdgmuleoelvxabfmqiotta/Build/Intermediates.noindex/Sparkle.build/Debug/Sparkle.build/Objects-normal/arm64/SUConstants.o /Users/buddhirajgautam/Documents/Cherrygram-Mac/macOS-Swift/submodules/Sparkle/Sparkle/SUConstants.m normal arm64 objective-c com.apple.compilers.llvm.clang.1_0.compiler (in target 'Sparkle' from project 'Sparkle')
    cd /Users/buddhirajgautam/Documents/Cherrygram-Mac/macOS-Swift/submodules/Sparkle
    
    Using response file: /Users/buddhirajgautam/Library/Developer/Xcode/DerivedData/Telegram-Mac-fygdgghdgmuleoelvxabfmqiotta/Build/Intermediates.noindex/Sparkle.build/Debug/Sparkle.build/Objects-normal/arm64/e6072d4f65d7061329687fe24e3d63a7-common-args.resp
    
    /Applications/Xcode.app/Contents/Developer/Toolchains/XcodeDefault.xctoolchain/usr/bin/clang -x objective-c -ivfsstatcache /Users/buddhirajgautam/Library/Developer/Xcode/DerivedData/SDKStatCaches.noindex/macosx27.0-26A425-e829b21a6f8c9b70876ba0858053c0447231f6df4def33e022ae2eb8f782df1a.sdkstatcache -target arm64-apple-macos12.0 -fmessage-length\=0 -fdiagnostics-show-note-include-stack -fmacro-backtrace-limit\=0 -fno-color-diagnostics -fmodules-prune-interval\=86400 -fmodules-prune-after\=345600 -fbuild-session-file\=/Users/buddhirajgautam/Library/Developer/Xcode/DerivedData/ModuleCache.noindex/Session.modulevalidation -fmodules-validate-once-per-build-session -Wnon-modular-include-in-framework-module -Werror\=non-modular-include-in-framework-module -Wno-trigraphs -Werror\=incompatible-pointer-types -Werror\=implicit-function-declaration -Wmissing-field-initializers -Wmissing-prototypes -Wdocumentation -Wunreachable-code -Wimplicit-atomic-properties -Wno-objc-interface-ivars -Wobjc-missing-property-synthesis -Warc-repeated-use-of-weak -Wno-arc-maybe-repeated-use-of-weak -Wexplicit-ownership-type -Wimplicit-retain-self -Wduplicate-method-match -Wmissing-braces -Wparentheses -Wswitch -Wunused-function -Wunused-label -Wunused-parameter -Wunused-variable -Wunused-value -Wempty-body -Wuninitialized -Wunknown-pragmas -Wshadow -Wfour-char-constants -Wconversion -Wconstant-conversion -Wint-conversion -Wbool-conversion -Wenum-conversion -Wfloat-conversion -Wnon-literal-null-conversion -Wobjc-literal-conversion -Wassign-enum -Wsign-compare -Wshorten-64-to-32 -Wpointer-sign -Wnewline-eof -Wselector -Wstrict-selector-match -Wundeclared-selector -Wdeprecated-implementations -Wno-implicit-fallthrough -isysroot /Applications/Xcode.app/Contents/Developer/Platforms/MacOSX.platform/Developer/SDKs/MacOSX27.0.sdk -fstrict-aliasing -Wprotocol -Wdeprecated-declarations -Wsign-conversion -Winfinite-recursion -Wcomma -Wblock-capture-autoreleasing -Wstrict-prototypes -Wno-semicolon-before-method-body -index-store-path /Users/buddhirajgautam/Library/Developer/Xcode/DerivedData/Telegram-Mac-fygdgghdgmuleoelvxabfmqiotta/Index.noindex/DataStore -Wall -Weverything -Wno-unused-macros -Wno-gnu-statement-expression -Wno-arc-repeated-use-of-weak -Wno-auto-import -Wno-gnu-zero-variadic-macro-arguments -Wno-custom-atomic-properties -Wno-implicit-atomic-properties @/Users/buddhirajgautam/Library/Developer/Xcode/DerivedData/Telegram-Mac-fygdgghdgmuleoelvxabfmqiotta/Build/Intermediates.noindex/Sparkle.build/Debug/Sparkle.build/Objects-normal/arm64/e6072d4f65d7061329687fe24e3d63a7-common-args.resp -MMD -MT dependencies -MF /Users/buddhirajgautam/Library/Developer/Xcode/DerivedData/Telegram-Mac-fygdgghdgmuleoelvxabfmqiotta/Build/Intermediates.noindex/Sparkle.build/Debug/Sparkle.build/Objects-normal/arm64/SUConstants.d --serialize-diagnostics /Users/buddhirajgautam/Library/Developer/Xcode/DerivedData/Telegram-Mac-fygdgghdgmuleoelvxabfmqiotta/Build/Intermediates.noindex/Sparkle.build/Debug/Sparkle.build/Objects-normal/arm64/SUConstants.dia -c /Users/buddhirajgautam/Documents/Cherrygram-Mac/macOS-Swift/submodules/Sparkle/Sparkle/SUConstants.m -o /Users/buddhirajgautam/Library/Developer/Xcode/DerivedData/Telegram-Mac-fygdgghdgmuleoelvxabfmqiotta/Build/Intermediates.noindex/Sparkle.build/Debug/Sparkle.build/Objects-normal/arm64/SUConstants.o -index-unit-output-path /Sparkle.build/Debug/Sparkle.build/Objects-normal/arm64/SUConstants.o

CompileC /Users/buddhirajgautam/Library/Developer/Xcode/DerivedData/Telegram-Mac-fygdgghdgmuleoelvxabfmqiotta/Build/Intermediates.noindex/Sparkle.build/Debug/Sparkle.build/Objects-normal/arm64/SUCodeSigningVerifier.o /Users/buddhirajgautam/Documents/Cherrygram-Mac/macOS-Swift/submodules/Sparkle/Sparkle/SUCodeSigningVerifier.m normal arm64 objective-c com.apple.compilers.llvm.clang.1_0.compiler (in target 'Sparkle' from project 'Sparkle')
    cd /Users/buddhirajgautam/Documents/Cherrygram-Mac/macOS-Swift/submodules/Sparkle
    
    Using response file: /Users/buddhirajgautam/Library/Developer/Xcode/DerivedData/Telegram-Mac-fygdgghdgmuleoelvxabfmqiotta/Build/Intermediates.noindex/Sparkle.build/Debug/Sparkle.build/Objects-normal/arm64/e6072d4f65d7061329687fe24e3d63a7-common-args.resp
    
    /Applications/Xcode.app/Contents/Developer/Toolchains/XcodeDefault.xctoolchain/usr/bin/clang -x objective-c -ivfsstatcache /Users/buddhirajgautam/Library/Developer/Xcode/DerivedData/SDKStatCaches.noindex/macosx27.0-26A425-e829b21a6f8c9b70876ba0858053c0447231f6df4def33e022ae2eb8f782df1a.sdkstatcache -target arm64-apple-macos12.0 -fmessage-length\=0 -fdiagnostics-show-note-include-stack -fmacro-backtrace-limit\=0 -fno-color-diagnostics -fmodules-prune-interval\=86400 -fmodules-prune-after\=345600 -fbuild-session-file\=/Users/buddhirajgautam/Library/Developer/Xcode/DerivedData/ModuleCache.noindex/Session.modulevalidation -fmodules-validate-once-per-build-session -Wnon-modular-include-in-framework-module -Werror\=non-modular-include-in-framework-module -Wno-trigraphs -Werror\=incompatible-pointer-types -Werror\=implicit-function-declaration -Wmissing-field-initializers -Wmissing-prototypes -Wdocumentation -Wunreachable-code -Wimplicit-atomic-properties -Wno-objc-interface-ivars -Wobjc-missing-property-synthesis -Warc-repeated-use-of-weak -Wno-arc-maybe-repeated-use-of-weak -Wexplicit-ownership-type -Wimplicit-retain-self -Wduplicate-method-match -Wmissing-braces -Wparentheses -Wswitch -Wunused-function -Wunused-label -Wunused-parameter -Wunused-variable -Wunused-value -Wempty-body -Wuninitialized -Wunknown-pragmas -Wshadow -Wfour-char-constants -Wconversion -Wconstant-conversion -Wint-conversion -Wbool-conversion -Wenum-conversion -Wfloat-conversion -Wnon-literal-null-conversion -Wobjc-literal-conversion -Wassign-enum -Wsign-compare -Wshorten-64-to-32 -Wpointer-sign -Wnewline-eof -Wselector -Wstrict-selector-match -Wundeclared-selector -Wdeprecated-implementations -Wno-implicit-fallthrough -isysroot /Applications/Xcode.app/Contents/Developer/Platforms/MacOSX.platform/Developer/SDKs/MacOSX27.0.sdk -fstrict-aliasing -Wprotocol -Wdeprecated-declarations -Wsign-conversion -Winfinite-recursion -Wcomma -Wblock-capture-autoreleasing -Wstrict-prototypes -Wno-semicolon-before-method-body -index-store-path /Users/buddhirajgautam/Library/Developer/Xcode/DerivedData/Telegram-Mac-fygdgghdgmuleoelvxabfmqiotta/Index.noindex/DataStore -Wall -Weverything -Wno-unused-macros -Wno-gnu-statement-expression -Wno-arc-repeated-use-of-weak -Wno-auto-import -Wno-gnu-zero-variadic-macro-arguments -Wno-custom-atomic-properties -Wno-implicit-atomic-properties @/Users/buddhirajgautam/Library/Developer/Xcode/DerivedData/Telegram-Mac-fygdgghdgmuleoelvxabfmqiotta/Build/Intermediates.noindex/Sparkle.build/Debug/Sparkle.build/Objects-normal/arm64/e6072d4f65d7061329687fe24e3d63a7-common-args.resp -MMD -MT dependencies -MF /Users/buddhirajgautam/Library/Developer/Xcode/DerivedData/Telegram-Mac-fygdgghdgmuleoelvxabfmqiotta/Build/Intermediates.noindex/Sparkle.build/Debug/Sparkle.build/Objects-normal/arm64/SUCodeSigningVerifier.d --serialize-diagnostics /Users/buddhirajgautam/Library/Developer/Xcode/DerivedData/Telegram-Mac-fygdgghdgmuleoelvxabfmqiotta/Build/Intermediates.noindex/Sparkle.build/Debug/Sparkle.build/Objects-normal/arm64/SUCodeSigningVerifier.dia -c /Users/buddhirajgautam/Documents/Cherrygram-Mac/macOS-Swift/submodules/Sparkle/Sparkle/SUCodeSigningVerifier.m -o /Users/buddhirajgautam/Library/Developer/Xcode/DerivedData/Telegram-Mac-fygdgghdgmuleoelvxabfmqiotta/Build/Intermediates.noindex/Sparkle.build/Debug/Sparkle.build/Objects-normal/arm64/SUCodeSigningVerifier.o -index-unit-output-path /Sparkle.build/Debug/Sparkle.build/Objects-normal/arm64/SUCodeSigningVerifier.o
/Users/buddhirajgautam/Documents/Cherrygram-Mac/macOS-Swift/submodules/Sparkle/Sparkle/SUCodeSigningVerifier.m:51:57: warning: bitwise operation between different enumeration types ('enum SecCSFlags' and 'enum (unnamed at /Applications/Xcode.app/Contents/Developer/Platforms/MacOSX.platform/Developer/SDKs/MacOSX27.0.sdk/System/Library/Frameworks/Security.framework/Headers/SecStaticCode.h:175:1)') [-Wanon-enum-enum-conversion]
   51 |     SecCSFlags flags = (SecCSFlags) (kSecCSDefaultFlags | kSecCSCheckAllArchitectures);
      |                                      ~~~~~~~~~~~~~~~~~~ ^ ~~~~~~~~~~~~~~~~~~~~~~~~~~~
/Users/buddhirajgautam/Documents/Cherrygram-Mac/macOS-Swift/submodules/Sparkle/Sparkle/SUCodeSigningVerifier.m:51:16: warning: mixing declarations and code is incompatible with standards before C99 [-Wdeclaration-after-statement]
   51 |     SecCSFlags flags = (SecCSFlags) (kSecCSDefaultFlags | kSecCSCheckAllArchitectures);
      |                ^
/Users/buddhirajgautam/Documents/Cherrygram-Mac/macOS-Swift/submodules/Sparkle/Sparkle/SUCodeSigningVerifier.m:44:9: warning: jump from this goto statement to its label is incompatible with C++ [-Wjump-misses-init]
   44 |         goto finally;
      |         ^
/Users/buddhirajgautam/Documents/Cherrygram-Mac/macOS-Swift/submodules/Sparkle/Sparkle/SUCodeSigningVerifier.m:51:16: note: jump bypasses variable initialization
   51 |     SecCSFlags flags = (SecCSFlags) (kSecCSDefaultFlags | kSecCSCheckAllArchitectures);
      |                ^
/Users/buddhirajgautam/Documents/Cherrygram-Mac/macOS-Swift/submodules/Sparkle/Sparkle/SUCodeSigningVerifier.m:38:9: warning: jump from this goto statement to its label is incompatible with C++ [-Wjump-misses-init]
   38 |         goto finally;
      |         ^
/Users/buddhirajgautam/Documents/Cherrygram-Mac/macOS-Swift/submodules/Sparkle/Sparkle/SUCodeSigningVerifier.m:51:16: note: jump bypasses variable initialization
   51 |     SecCSFlags flags = (SecCSFlags) (kSecCSDefaultFlags | kSecCSCheckAllArchitectures);
      |                ^
/Users/buddhirajgautam/Documents/Cherrygram-Mac/macOS-Swift/submodules/Sparkle/Sparkle/SUCodeSigningVerifier.m:98:57: warning: bitwise operation between different enumeration types ('enum SecCSFlags' and 'enum (unnamed at /Applications/Xcode.app/Contents/Developer/Platforms/MacOSX.platform/Developer/SDKs/MacOSX27.0.sdk/System/Library/Frameworks/Security.framework/Headers/SecStaticCode.h:175:1)') [-Wanon-enum-enum-conversion]
   98 |     SecCSFlags flags = (SecCSFlags) (kSecCSDefaultFlags | kSecCSCheckAllArchitectures);
      |                                      ~~~~~~~~~~~~~~~~~~ ^ ~~~~~~~~~~~~~~~~~~~~~~~~~~~
/Users/buddhirajgautam/Documents/Cherrygram-Mac/macOS-Swift/submodules/Sparkle/Sparkle/SUCodeSigningVerifier.m:98:16: warning: mixing declarations and code is incompatible with standards before C99 [-Wdeclaration-after-statement]
   98 |     SecCSFlags flags = (SecCSFlags) (kSecCSDefaultFlags | kSecCSCheckAllArchitectures);
      |                ^
/Users/buddhirajgautam/Documents/Cherrygram-Mac/macOS-Swift/submodules/Sparkle/Sparkle/SUCodeSigningVerifier.m:94:9: warning: jump from this goto statement to its label is incompatible with C++ [-Wjump-misses-init]
   94 |         goto finally;
      |         ^
/Users/buddhirajgautam/Documents/Cherrygram-Mac/macOS-Swift/submodules/Sparkle/Sparkle/SUCodeSigningVerifier.m:98:16: note: jump bypasses variable initialization
   98 |     SecCSFlags flags = (SecCSFlags) (kSecCSDefaultFlags | kSecCSCheckAllArchitectures);
      |                ^
/Users/buddhirajgautam/Documents/Cherrygram-Mac/macOS-Swift/submodules/Sparkle/Sparkle/SUCodeSigningVerifier.m:148:23: warning: mixing declarations and code is incompatible with standards before C99 [-Wdeclaration-after-statement]
  148 |         NSDictionary *infoPlist = [signingDict objectForKey:@"info-plist"];
      |                       ^
/Users/buddhirajgautam/Documents/Cherrygram-Mac/macOS-Swift/submodules/Sparkle/Sparkle/SUCodeSigningVerifier.m:171:23: warning: mixing declarations and code is incompatible with standards before C99 [-Wdeclaration-after-statement]
  171 |     SecRequirementRef requirement = NULL;
      |                       ^
9 warnings generated.

CompileC /Users/buddhirajgautam/Library/Developer/Xcode/DerivedData/Telegram-Mac-fygdgghdgmuleoelvxabfmqiotta/Build/Intermediates.noindex/Sparkle.build/Debug/Sparkle.build/Objects-normal/arm64/SUBundleIcon.o /Users/buddhirajgautam/Documents/Cherrygram-Mac/macOS-Swift/submodules/Sparkle/Sparkle/SUBundleIcon.m normal arm64 objective-c com.apple.compilers.llvm.clang.1_0.compiler (in target 'Sparkle' from project 'Sparkle')
    cd /Users/buddhirajgautam/Documents/Cherrygram-Mac/macOS-Swift/submodules/Sparkle
    
    Using response file: /Users/buddhirajgautam/Library/Developer/Xcode/DerivedData/Telegram-Mac-fygdgghdgmuleoelvxabfmqiotta/Build/Intermediates.noindex/Sparkle.build/Debug/Sparkle.build/Objects-normal/arm64/e6072d4f65d7061329687fe24e3d63a7-common-args.resp
    
    /Applications/Xcode.app/Contents/Developer/Toolchains/XcodeDefault.xctoolchain/usr/bin/clang -x objective-c -ivfsstatcache /Users/buddhirajgautam/Library/Developer/Xcode/DerivedData/SDKStatCaches.noindex/macosx27.0-26A425-e829b21a6f8c9b70876ba0858053c0447231f6df4def33e022ae2eb8f782df1a.sdkstatcache -target arm64-apple-macos12.0 -fmessage-length\=0 -fdiagnostics-show-note-include-stack -fmacro-backtrace-limit\=0 -fno-color-diagnostics -fmodules-prune-interval\=86400 -fmodules-prune-after\=345600 -fbuild-session-file\=/Users/buddhirajgautam/Library/Developer/Xcode/DerivedData/ModuleCache.noindex/Session.modulevalidation -fmodules-validate-once-per-build-session -Wnon-modular-include-in-framework-module -Werror\=non-modular-include-in-framework-module -Wno-trigraphs -Werror\=incompatible-pointer-types -Werror\=implicit-function-declaration -Wmissing-field-initializers -Wmissing-prototypes -Wdocumentation -Wunreachable-code -Wimplicit-atomic-properties -Wno-objc-interface-ivars -Wobjc-missing-property-synthesis -Warc-repeated-use-of-weak -Wno-arc-maybe-repeated-use-of-weak -Wexplicit-ownership-type -Wimplicit-retain-self -Wduplicate-method-match -Wmissing-braces -Wparentheses -Wswitch -Wunused-function -Wunused-label -Wunused-parameter -Wunused-variable -Wunused-value -Wempty-body -Wuninitialized -Wunknown-pragmas -Wshadow -Wfour-char-constants -Wconversion -Wconstant-conversion -Wint-conversion -Wbool-conversion -Wenum-conversion -Wfloat-conversion -Wnon-literal-null-conversion -Wobjc-literal-conversion -Wassign-enum -Wsign-compare -Wshorten-64-to-32 -Wpointer-sign -Wnewline-eof -Wselector -Wstrict-selector-match -Wundeclared-selector -Wdeprecated-implementations -Wno-implicit-fallthrough -isysroot /Applications/Xcode.app/Contents/Developer/Platforms/MacOSX.platform/Developer/SDKs/MacOSX27.0.sdk -fstrict-aliasing -Wprotocol -Wdeprecated-declarations -Wsign-conversion -Winfinite-recursion -Wcomma -Wblock-capture-autoreleasing -Wstrict-prototypes -Wno-semicolon-before-method-body -index-store-path /Users/buddhirajgautam/Library/Developer/Xcode/DerivedData/Telegram-Mac-fygdgghdgmuleoelvxabfmqiotta/Index.noindex/DataStore -Wall -Weverything -Wno-unused-macros -Wno-gnu-statement-expression -Wno-arc-repeated-use-of-weak -Wno-auto-import -Wno-gnu-zero-variadic-macro-arguments -Wno-custom-atomic-properties -Wno-implicit-atomic-properties @/Users/buddhirajgautam/Library/Developer/Xcode/DerivedData/Telegram-Mac-fygdgghdgmuleoelvxabfmqiotta/Build/Intermediates.noindex/Sparkle.build/Debug/Sparkle.build/Objects-normal/arm64/e6072d4f65d7061329687fe24e3d63a7-common-args.resp -MMD -MT dependencies -MF /Users/buddhirajgautam/Library/Developer/Xcode/DerivedData/Telegram-Mac-fygdgghdgmuleoelvxabfmqiotta/Build/Intermediates.noindex/Sparkle.build/Debug/Sparkle.build/Objects-normal/arm64/SUBundleIcon.d --serialize-diagnostics /Users/buddhirajgautam/Library/Developer/Xcode/DerivedData/Telegram-Mac-fygdgghdgmuleoelvxabfmqiotta/Build/Intermediates.noindex/Sparkle.build/Debug/Sparkle.build/Objects-normal/arm64/SUBundleIcon.dia -c /Users/buddhirajgautam/Documents/Cherrygram-Mac/macOS-Swift/submodules/Sparkle/Sparkle/SUBundleIcon.m -o /Users/buddhirajgautam/Library/Developer/Xcode/DerivedData/Telegram-Mac-fygdgghdgmuleoelvxabfmqiotta/Build/Intermediates.noindex/Sparkle.build/Debug/Sparkle.build/Objects-normal/arm64/SUBundleIcon.o -index-unit-output-path /Sparkle.build/Debug/Sparkle.build/Objects-normal/arm64/SUBundleIcon.o
/Users/buddhirajgautam/Documents/Cherrygram-Mac/macOS-Swift/submodules/Sparkle/Sparkle/SUBundleIcon.m:25:12: warning: mixing declarations and code is incompatible with standards before C99 [-Wdeclaration-after-statement]
   25 |     NSURL *iconURL = [host.bundle URLForResource:resource withExtension:@"icns"];
      |            ^
1 warning generated.

CompileC /Users/buddhirajgautam/Library/Developer/Xcode/DerivedData/Telegram-Mac-fygdgghdgmuleoelvxabfmqiotta/Build/Intermediates.noindex/Sparkle.build/Debug/Sparkle.build/Objects-normal/arm64/SUBinaryDeltaUnarchiver.o /Users/buddhirajgautam/Documents/Cherrygram-Mac/macOS-Swift/submodules/Sparkle/Sparkle/SUBinaryDeltaUnarchiver.m normal arm64 objective-c com.apple.compilers.llvm.clang.1_0.compiler (in target 'Sparkle' from project 'Sparkle')
    cd /Users/buddhirajgautam/Documents/Cherrygram-Mac/macOS-Swift/submodules/Sparkle
    
    Using response file: /Users/buddhirajgautam/Library/Developer/Xcode/DerivedData/Telegram-Mac-fygdgghdgmuleoelvxabfmqiotta/Build/Intermediates.noindex/Sparkle.build/Debug/Sparkle.build/Objects-normal/arm64/e6072d4f65d7061329687fe24e3d63a7-common-args.resp
    
    /Applications/Xcode.app/Contents/Developer/Toolchains/XcodeDefault.xctoolchain/usr/bin/clang -x objective-c -ivfsstatcache /Users/buddhirajgautam/Library/Developer/Xcode/DerivedData/SDKStatCaches.noindex/macosx27.0-26A425-e829b21a6f8c9b70876ba0858053c0447231f6df4def33e022ae2eb8f782df1a.sdkstatcache -target arm64-apple-macos12.0 -fmessage-length\=0 -fdiagnostics-show-note-include-stack -fmacro-backtrace-limit\=0 -fno-color-diagnostics -fmodules-prune-interval\=86400 -fmodules-prune-after\=345600 -fbuild-session-file\=/Users/buddhirajgautam/Library/Developer/Xcode/DerivedData/ModuleCache.noindex/Session.modulevalidation -fmodules-validate-once-per-build-session -Wnon-modular-include-in-framework-module -Werror\=non-modular-include-in-framework-module -Wno-trigraphs -Werror\=incompatible-pointer-types -Werror\=implicit-function-declaration -Wmissing-field-initializers -Wmissing-prototypes -Wdocumentation -Wunreachable-code -Wimplicit-atomic-properties -Wno-objc-interface-ivars -Wobjc-missing-property-synthesis -Warc-repeated-use-of-weak -Wno-arc-maybe-repeated-use-of-weak -Wexplicit-ownership-type -Wimplicit-retain-self -Wduplicate-method-match -Wmissing-braces -Wparentheses -Wswitch -Wunused-function -Wunused-label -Wunused-parameter -Wunused-variable -Wunused-value -Wempty-body -Wuninitialized -Wunknown-pragmas -Wshadow -Wfour-char-constants -Wconversion -Wconstant-conversion -Wint-conversion -Wbool-conversion -Wenum-conversion -Wfloat-conversion -Wnon-literal-null-conversion -Wobjc-literal-conversion -Wassign-enum -Wsign-compare -Wshorten-64-to-32 -Wpointer-sign -Wnewline-eof -Wselector -Wstrict-selector-match -Wundeclared-selector -Wdeprecated-implementations -Wno-implicit-fallthrough -isysroot /Applications/Xcode.app/Contents/Developer/Platforms/MacOSX.platform/Developer/SDKs/MacOSX27.0.sdk -fstrict-aliasing -Wprotocol -Wdeprecated-declarations -Wsign-conversion -Winfinite-recursion -Wcomma -Wblock-capture-autoreleasing -Wstrict-prototypes -Wno-semicolon-before-method-body -index-store-path /Users/buddhirajgautam/Library/Developer/Xcode/DerivedData/Telegram-Mac-fygdgghdgmuleoelvxabfmqiotta/Index.noindex/DataStore -Wall -Weverything -Wno-unused-macros -Wno-gnu-statement-expression -Wno-arc-repeated-use-of-weak -Wno-auto-import -Wno-gnu-zero-variadic-macro-arguments -Wno-custom-atomic-properties -Wno-implicit-atomic-properties @/Users/buddhirajgautam/Library/Developer/Xcode/DerivedData/Telegram-Mac-fygdgghdgmuleoelvxabfmqiotta/Build/Intermediates.noindex/Sparkle.build/Debug/Sparkle.build/Objects-normal/arm64/e6072d4f65d7061329687fe24e3d63a7-common-args.resp -MMD -MT dependencies -MF /Users/buddhirajgautam/Library/Developer/Xcode/DerivedData/Telegram-Mac-fygdgghdgmuleoelvxabfmqiotta/Build/Intermediates.noindex/Sparkle.build/Debug/Sparkle.build/Objects-normal/arm64/SUBinaryDeltaUnarchiver.d --serialize-diagnostics /Users/buddhirajgautam/Library/Developer/Xcode/DerivedData/Telegram-Mac-fygdgghdgmuleoelvxabfmqiotta/Build/Intermediates.noindex/Sparkle.build/Debug/Sparkle.build/Objects-normal/arm64/SUBinaryDeltaUnarchiver.dia -c /Users/buddhirajgautam/Documents/Cherrygram-Mac/macOS-Swift/submodules/Sparkle/Sparkle/SUBinaryDeltaUnarchiver.m -o /Users/buddhirajgautam/Library/Developer/Xcode/DerivedData/Telegram-Mac-fygdgghdgmuleoelvxabfmqiotta/Build/Intermediates.noindex/Sparkle.build/Debug/Sparkle.build/Objects-normal/arm64/SUBinaryDeltaUnarchiver.o -index-unit-output-path /Sparkle.build/Debug/Sparkle.build/Objects-normal/arm64/SUBinaryDeltaUnarchiver.o
/Users/buddhirajgautam/Documents/Cherrygram-Mac/macOS-Swift/submodules/Sparkle/Sparkle/SUBinaryDeltaUnarchiver.m:66:24: warning: mixing declarations and code is incompatible with standards before C99 [-Wdeclaration-after-statement]
   66 |         SUFileManager *fileManager = [SUFileManager defaultManager];
      |                        ^
1 warning generated.

CompileC /Users/buddhirajgautam/Library/Developer/Xcode/DerivedData/Telegram-Mac-fygdgghdgmuleoelvxabfmqiotta/Build/Intermediates.noindex/Sparkle.build/Debug/Sparkle.build/Objects-normal/arm64/SUBinaryDeltaCommon.o /Users/buddhirajgautam/Documents/Cherrygram-Mac/macOS-Swift/submodules/Sparkle/Sparkle/SUBinaryDeltaCommon.m normal arm64 objective-c com.apple.compilers.llvm.clang.1_0.compiler (in target 'Sparkle' from project 'Sparkle')
    cd /Users/buddhirajgautam/Documents/Cherrygram-Mac/macOS-Swift/submodules/Sparkle
    
    Using response file: /Users/buddhirajgautam/Library/Developer/Xcode/DerivedData/Telegram-Mac-fygdgghdgmuleoelvxabfmqiotta/Build/Intermediates.noindex/Sparkle.build/Debug/Sparkle.build/Objects-normal/arm64/e6072d4f65d7061329687fe24e3d63a7-common-args.resp
    
    /Applications/Xcode.app/Contents/Developer/Toolchains/XcodeDefault.xctoolchain/usr/bin/clang -x objective-c -ivfsstatcache /Users/buddhirajgautam/Library/Developer/Xcode/DerivedData/SDKStatCaches.noindex/macosx27.0-26A425-e829b21a6f8c9b70876ba0858053c0447231f6df4def33e022ae2eb8f782df1a.sdkstatcache -target arm64-apple-macos12.0 -fmessage-length\=0 -fdiagnostics-show-note-include-stack -fmacro-backtrace-limit\=0 -fno-color-diagnostics -fmodules-prune-interval\=86400 -fmodules-prune-after\=345600 -fbuild-session-file\=/Users/buddhirajgautam/Library/Developer/Xcode/DerivedData/ModuleCache.noindex/Session.modulevalidation -fmodules-validate-once-per-build-session -Wnon-modular-include-in-framework-module -Werror\=non-modular-include-in-framework-module -Wno-trigraphs -Werror\=incompatible-pointer-types -Werror\=implicit-function-declaration -Wmissing-field-initializers -Wmissing-prototypes -Wdocumentation -Wunreachable-code -Wimplicit-atomic-properties -Wno-objc-interface-ivars -Wobjc-missing-property-synthesis -Warc-repeated-use-of-weak -Wno-arc-maybe-repeated-use-of-weak -Wexplicit-ownership-type -Wimplicit-retain-self -Wduplicate-method-match -Wmissing-braces -Wparentheses -Wswitch -Wunused-function -Wunused-label -Wunused-parameter -Wunused-variable -Wunused-value -Wempty-body -Wuninitialized -Wunknown-pragmas -Wshadow -Wfour-char-constants -Wconversion -Wconstant-conversion -Wint-conversion -Wbool-conversion -Wenum-conversion -Wfloat-conversion -Wnon-literal-null-conversion -Wobjc-literal-conversion -Wassign-enum -Wsign-compare -Wshorten-64-to-32 -Wpointer-sign -Wnewline-eof -Wselector -Wstrict-selector-match -Wundeclared-selector -Wdeprecated-implementations -Wno-implicit-fallthrough -isysroot /Applications/Xcode.app/Contents/Developer/Platforms/MacOSX.platform/Developer/SDKs/MacOSX27.0.sdk -fstrict-aliasing -Wprotocol -Wdeprecated-declarations -Wsign-conversion -Winfinite-recursion -Wcomma -Wblock-capture-autoreleasing -Wstrict-prototypes -Wno-semicolon-before-method-body -index-store-path /Users/buddhirajgautam/Library/Developer/Xcode/DerivedData/Telegram-Mac-fygdgghdgmuleoelvxabfmqiotta/Index.noindex/DataStore -Wall -Weverything -Wno-unused-macros -Wno-gnu-statement-expression -Wno-arc-repeated-use-of-weak -Wno-auto-import -Wno-gnu-zero-variadic-macro-arguments -Wno-custom-atomic-properties -Wno-implicit-atomic-properties @/Users/buddhirajgautam/Library/Developer/Xcode/DerivedData/Telegram-Mac-fygdgghdgmuleoelvxabfmqiotta/Build/Intermediates.noindex/Sparkle.build/Debug/Sparkle.build/Objects-normal/arm64/e6072d4f65d7061329687fe24e3d63a7-common-args.resp -MMD -MT dependencies -MF /Users/buddhirajgautam/Library/Developer/Xcode/DerivedData/Telegram-Mac-fygdgghdgmuleoelvxabfmqiotta/Build/Intermediates.noindex/Sparkle.build/Debug/Sparkle.build/Objects-normal/arm64/SUBinaryDeltaCommon.d --serialize-diagnostics /Users/buddhirajgautam/Library/Developer/Xcode/DerivedData/Telegram-Mac-fygdgghdgmuleoelvxabfmqiotta/Build/Intermediates.noindex/Sparkle.build/Debug/Sparkle.build/Objects-normal/arm64/SUBinaryDeltaCommon.dia -c /Users/buddhirajgautam/Documents/Cherrygram-Mac/macOS-Swift/submodules/Sparkle/Sparkle/SUBinaryDeltaCommon.m -o /Users/buddhirajgautam/Library/Developer/Xcode/DerivedData/Telegram-Mac-fygdgghdgmuleoelvxabfmqiotta/Build/Intermediates.noindex/Sparkle.build/Debug/Sparkle.build/Objects-normal/arm64/SUBinaryDeltaCommon.o -index-unit-output-path /Sparkle.build/Debug/Sparkle.build/Objects-normal/arm64/SUBinaryDeltaCommon.o
/Users/buddhirajgautam/Documents/Cherrygram-Mac/macOS-Swift/submodules/Sparkle/Sparkle/SUBinaryDeltaCommon.m:44:5: warning: 'switch' missing 'default' label [-Wswitch-default]
   44 |     switch (majorVersion) {
      |     ^
/Users/buddhirajgautam/Documents/Cherrygram-Mac/macOS-Swift/submodules/Sparkle/Sparkle/SUBinaryDeltaCommon.m:59:11: warning: implicit conversion when initializing 'char *' with an expression of type 'void *' is not permitted in C++ [-Wimplicit-void-ptr-cast]
   59 |     char *buffer = data.mutableBytes;
      |           ^        ~~~~~~~~~~~~~~~~~
/Users/buddhirajgautam/Documents/Cherrygram-Mac/macOS-Swift/submodules/Sparkle/Sparkle/SUBinaryDeltaCommon.m:59:11: warning: mixing declarations and code is incompatible with standards before C99 [-Wdeclaration-after-statement]
/Users/buddhirajgautam/Documents/Cherrygram-Mac/macOS-Swift/submodules/Sparkle/Sparkle/SUBinaryDeltaCommon.m:80:11: warning: implicit conversion when initializing 'char *' with an expression of type 'void *' is not permitted in C++ [-Wimplicit-void-ptr-cast]
   80 |     char *buffer = data.mutableBytes;
      |           ^        ~~~~~~~~~~~~~~~~~
/Users/buddhirajgautam/Documents/Cherrygram-Mac/macOS-Swift/submodules/Sparkle/Sparkle/SUBinaryDeltaCommon.m:80:11: warning: mixing declarations and code is incompatible with standards before C99 [-Wdeclaration-after-statement]
/Users/buddhirajgautam/Documents/Cherrygram-Mac/macOS-Swift/submodules/Sparkle/Sparkle/SUBinaryDeltaCommon.m:90:13: warning: identifier '_hashOfBuffer' is reserved because it starts with '_' at global scope [-Wreserved-identifier]
   90 | static void _hashOfBuffer(unsigned char *hash, const char *buffer, ssize_t bufferLength)
      |             ^
/Users/buddhirajgautam/Documents/Cherrygram-Mac/macOS-Swift/submodules/Sparkle/Sparkle/SUBinaryDeltaCommon.m:93:17: warning: mixing declarations and code is incompatible with standards before C99 [-Wdeclaration-after-statement]
   93 |     CC_SHA1_CTX hashContext;
      |                 ^
/Users/buddhirajgautam/Documents/Cherrygram-Mac/macOS-Swift/submodules/Sparkle/Sparkle/SUBinaryDeltaCommon.m:99:13: warning: identifier '_hashOfFileContents' is reserved because it starts with '_' at global scope [-Wreserved-identifier]
   99 | static BOOL _hashOfFileContents(unsigned char *hash, FTSENT *ent)
      |             ^
/Users/buddhirajgautam/Documents/Cherrygram-Mac/macOS-Swift/submodules/Sparkle/Sparkle/SUBinaryDeltaCommon.m:128:33: warning: implicit conversion when passing 'void *' to parameter of type 'const char *' is not permitted in C++ [-Wimplicit-void-ptr-cast]
  128 |             _hashOfBuffer(hash, buffer, fileSize);
      |                                 ^~~~~~
/Users/buddhirajgautam/Documents/Cherrygram-Mac/macOS-Swift/submodules/Sparkle/Sparkle/SUBinaryDeltaCommon.m:90:60: note: passing argument to parameter 'buffer' here
   90 | static void _hashOfBuffer(unsigned char *hash, const char *buffer, ssize_t bufferLength)
      |                                                            ^
/Users/buddhirajgautam/Documents/Cherrygram-Mac/macOS-Swift/submodules/Sparkle/Sparkle/SUBinaryDeltaCommon.m:117:17: warning: mixing declarations and code is incompatible with standards before C99 [-Wdeclaration-after-statement]
  117 |         ssize_t fileSize = ent->fts_statp->st_size;
      |                 ^
/Users/buddhirajgautam/Documents/Cherrygram-Mac/macOS-Swift/submodules/Sparkle/Sparkle/SUBinaryDeltaCommon.m:198:22: warning: mixing declarations and code is incompatible with standards before C99 [-Wdeclaration-after-statement]
  198 |             uint16_t type = ent->fts_info;
      |                      ^
/Users/buddhirajgautam/Documents/Cherrygram-Mac/macOS-Swift/submodules/Sparkle/Sparkle/SUBinaryDeltaCommon.m:178:19: warning: mixing declarations and code is incompatible with standards before C99 [-Wdeclaration-after-statement]
  178 |         NSString *relativePath = pathRelativeToDirectory(normalizedPath, stringWithFileSystemRepresentation(ent->fts_path));
      |                   ^
/Users/buddhirajgautam/Documents/Cherrygram-Mac/macOS-Swift/submodules/Sparkle/Sparkle/SUBinaryDeltaCommon.m:156:17: warning: mixing declarations and code is incompatible with standards before C99 [-Wdeclaration-after-statement]
  156 |     char *const sourcePaths[] = { pathBuffer, 0 };
      |                 ^
/Users/buddhirajgautam/Documents/Cherrygram-Mac/macOS-Swift/submodules/Sparkle/Sparkle/SUBinaryDeltaCommon.m:245:15: warning: mixing declarations and code is incompatible with standards before C99 [-Wdeclaration-after-statement]
  245 |     NSNumber *permissions = [attributes objectForKey:NSFilePosixPermissions];
      |               ^
14 warnings generated.

CompileC /Users/buddhirajgautam/Library/Developer/Xcode/DerivedData/Telegram-Mac-fygdgghdgmuleoelvxabfmqiotta/Build/Intermediates.noindex/Sparkle.build/Debug/Sparkle.build/Objects-normal/arm64/SUBinaryDeltaApply.o /Users/buddhirajgautam/Documents/Cherrygram-Mac/macOS-Swift/submodules/Sparkle/Sparkle/SUBinaryDeltaApply.m normal arm64 objective-c com.apple.compilers.llvm.clang.1_0.compiler (in target 'Sparkle' from project 'Sparkle')
    cd /Users/buddhirajgautam/Documents/Cherrygram-Mac/macOS-Swift/submodules/Sparkle
    
    Using response file: /Users/buddhirajgautam/Library/Developer/Xcode/DerivedData/Telegram-Mac-fygdgghdgmuleoelvxabfmqiotta/Build/Intermediates.noindex/Sparkle.build/Debug/Sparkle.build/Objects-normal/arm64/e6072d4f65d7061329687fe24e3d63a7-common-args.resp
    
    /Applications/Xcode.app/Contents/Developer/Toolchains/XcodeDefault.xctoolchain/usr/bin/clang -x objective-c -ivfsstatcache /Users/buddhirajgautam/Library/Developer/Xcode/DerivedData/SDKStatCaches.noindex/macosx27.0-26A425-e829b21a6f8c9b70876ba0858053c0447231f6df4def33e022ae2eb8f782df1a.sdkstatcache -target arm64-apple-macos12.0 -fmessage-length\=0 -fdiagnostics-show-note-include-stack -fmacro-backtrace-limit\=0 -fno-color-diagnostics -fmodules-prune-interval\=86400 -fmodules-prune-after\=345600 -fbuild-session-file\=/Users/buddhirajgautam/Library/Developer/Xcode/DerivedData/ModuleCache.noindex/Session.modulevalidation -fmodules-validate-once-per-build-session -Wnon-modular-include-in-framework-module -Werror\=non-modular-include-in-framework-module -Wno-trigraphs -Werror\=incompatible-pointer-types -Werror\=implicit-function-declaration -Wmissing-field-initializers -Wmissing-prototypes -Wdocumentation -Wunreachable-code -Wimplicit-atomic-properties -Wno-objc-interface-ivars -Wobjc-missing-property-synthesis -Warc-repeated-use-of-weak -Wno-arc-maybe-repeated-use-of-weak -Wexplicit-ownership-type -Wimplicit-retain-self -Wduplicate-method-match -Wmissing-braces -Wparentheses -Wswitch -Wunused-function -Wunused-label -Wunused-parameter -Wunused-variable -Wunused-value -Wempty-body -Wuninitialized -Wunknown-pragmas -Wshadow -Wfour-char-constants -Wconversion -Wconstant-conversion -Wint-conversion -Wbool-conversion -Wenum-conversion -Wfloat-conversion -Wnon-literal-null-conversion -Wobjc-literal-conversion -Wassign-enum -Wsign-compare -Wshorten-64-to-32 -Wpointer-sign -Wnewline-eof -Wselector -Wstrict-selector-match -Wundeclared-selector -Wdeprecated-implementations -Wno-implicit-fallthrough -isysroot /Applications/Xcode.app/Contents/Developer/Platforms/MacOSX.platform/Developer/SDKs/MacOSX27.0.sdk -fstrict-aliasing -Wprotocol -Wdeprecated-declarations -Wsign-conversion -Winfinite-recursion -Wcomma -Wblock-capture-autoreleasing -Wstrict-prototypes -Wno-semicolon-before-method-body -index-store-path /Users/buddhirajgautam/Library/Developer/Xcode/DerivedData/Telegram-Mac-fygdgghdgmuleoelvxabfmqiotta/Index.noindex/DataStore -Wall -Weverything -Wno-unused-macros -Wno-gnu-statement-expression -Wno-arc-repeated-use-of-weak -Wno-auto-import -Wno-gnu-zero-variadic-macro-arguments -Wno-custom-atomic-properties -Wno-implicit-atomic-properties @/Users/buddhirajgautam/Library/Developer/Xcode/DerivedData/Telegram-Mac-fygdgghdgmuleoelvxabfmqiotta/Build/Intermediates.noindex/Sparkle.build/Debug/Sparkle.build/Objects-normal/arm64/e6072d4f65d7061329687fe24e3d63a7-common-args.resp -MMD -MT dependencies -MF /Users/buddhirajgautam/Library/Developer/Xcode/DerivedData/Telegram-Mac-fygdgghdgmuleoelvxabfmqiotta/Build/Intermediates.noindex/Sparkle.build/Debug/Sparkle.build/Objects-normal/arm64/SUBinaryDeltaApply.d --serialize-diagnostics /Users/buddhirajgautam/Library/Developer/Xcode/DerivedData/Telegram-Mac-fygdgghdgmuleoelvxabfmqiotta/Build/Intermediates.noindex/Sparkle.build/Debug/Sparkle.build/Objects-normal/arm64/SUBinaryDeltaApply.dia -c /Users/buddhirajgautam/Documents/Cherrygram-Mac/macOS-Swift/submodules/Sparkle/Sparkle/SUBinaryDeltaApply.m -o /Users/buddhirajgautam/Library/Developer/Xcode/DerivedData/Telegram-Mac-fygdgghdgmuleoelvxabfmqiotta/Build/Intermediates.noindex/Sparkle.build/Debug/Sparkle.build/Objects-normal/arm64/SUBinaryDeltaApply.o -index-unit-output-path /Sparkle.build/Debug/Sparkle.build/Objects-normal/arm64/SUBinaryDeltaApply.o
/Users/buddhirajgautam/Documents/Cherrygram-Mac/macOS-Swift/submodules/Sparkle/Sparkle/SUBinaryDeltaApply.m:24:17: warning: mixing declarations and code is incompatible with standards before C99 [-Wdeclaration-after-statement]
   24 |     const char *argv[] = { "/usr/bin/bspatch", [sourceFilePath fileSystemRepresentation], [destinationFilePath fileSystemRepresentation], [patchFile fileSystemRepresentation] };
      |                 ^
/Users/buddhirajgautam/Documents/Cherrygram-Mac/macOS-Swift/submodules/Sparkle/Sparkle/SUBinaryDeltaApply.m:32:15: warning: 'xar_open' is deprecated: first deprecated in macOS 12.0 - xar is a deprecated file format and should not be used. [-Wdeprecated-declarations]
   32 |     xar_t x = xar_open([patchFile fileSystemRepresentation], READ);
      |               ^
In file included from /Users/buddhirajgautam/Documents/Cherrygram-Mac/macOS-Swift/submodules/Sparkle/Sparkle/SUBinaryDeltaApply.m:16:
/Applications/Xcode.app/Contents/Developer/Platforms/MacOSX.platform/Developer/SDKs/MacOSX27.0.sdk/usr/include/xar/xar.h:159:7: note: 'xar_open' has been explicitly marked deprecated here
  159 | xar_t xar_open(const char *file, int32_t flags) API_DEPRECATED("xar is a deprecated file format and should not be used.", macos(10.4,12.0));
      |       ^
/Users/buddhirajgautam/Documents/Cherrygram-Mac/macOS-Swift/submodules/Sparkle/Sparkle/SUBinaryDeltaApply.m:115:80: warning: format specifies type 'unsigned int' but the argument has type 'int' [-Wformat]
  115 |         fprintf(stderr, "Applying version %u.%u patch...\n", majorDiffVersion, minorDiffVersion);
      |                                              ~~                                ^~~~~~~~~~~~~~~~
      |                                              %d
/Users/buddhirajgautam/Documents/Cherrygram-Mac/macOS-Swift/submodules/Sparkle/Sparkle/SUBinaryDeltaApply.m:181:28: warning: 'xar_get_path' is deprecated: first deprecated in macOS 12.0 - Use xar_get_safe_path instead [-Wdeprecated-declarations]
  181 |         NSString *path = @(xar_get_path(file));
      |                            ^
In file included from /Users/buddhirajgautam/Documents/Cherrygram-Mac/macOS-Swift/submodules/Sparkle/Sparkle/SUBinaryDeltaApply.m:16:
/Applications/Xcode.app/Contents/Developer/Platforms/MacOSX.platform/Developer/SDKs/MacOSX27.0.sdk/usr/include/xar/xar.h:270:7: note: 'xar_get_path' has been explicitly marked deprecated here
  270 | char *xar_get_path(xar_file_t f) API_DEPRECATED("Use xar_get_safe_path instead", macos(10.4,12.0));
      |       ^
/Users/buddhirajgautam/Documents/Cherrygram-Mac/macOS-Swift/submodules/Sparkle/Sparkle/SUBinaryDeltaApply.m:40:31: warning: mixing declarations and code is incompatible with standards before C99 [-Wdeclaration-after-statement]
   40 |     SUBinaryDeltaMajorVersion majorDiffVersion = FIRST_DELTA_DIFF_MAJOR_VERSION;
      |                               ^
5 warnings generated.

CompileC /Users/buddhirajgautam/Library/Developer/Xcode/DerivedData/Telegram-Mac-fygdgghdgmuleoelvxabfmqiotta/Build/Intermediates.noindex/Sparkle.build/Debug/Sparkle.build/Objects-normal/arm64/SUAppcastItem.o /Users/buddhirajgautam/Documents/Cherrygram-Mac/macOS-Swift/submodules/Sparkle/Sparkle/SUAppcastItem.m normal arm64 objective-c com.apple.compilers.llvm.clang.1_0.compiler (in target 'Sparkle' from project 'Sparkle')
    cd /Users/buddhirajgautam/Documents/Cherrygram-Mac/macOS-Swift/submodules/Sparkle
    
    Using response file: /Users/buddhirajgautam/Library/Developer/Xcode/DerivedData/Telegram-Mac-fygdgghdgmuleoelvxabfmqiotta/Build/Intermediates.noindex/Sparkle.build/Debug/Sparkle.build/Objects-normal/arm64/e6072d4f65d7061329687fe24e3d63a7-common-args.resp
    
    /Applications/Xcode.app/Contents/Developer/Toolchains/XcodeDefault.xctoolchain/usr/bin/clang -x objective-c -ivfsstatcache /Users/buddhirajgautam/Library/Developer/Xcode/DerivedData/SDKStatCaches.noindex/macosx27.0-26A425-e829b21a6f8c9b70876ba0858053c0447231f6df4def33e022ae2eb8f782df1a.sdkstatcache -target arm64-apple-macos12.0 -fmessage-length\=0 -fdiagnostics-show-note-include-stack -fmacro-backtrace-limit\=0 -fno-color-diagnostics -fmodules-prune-interval\=86400 -fmodules-prune-after\=345600 -fbuild-session-file\=/Users/buddhirajgautam/Library/Developer/Xcode/DerivedData/ModuleCache.noindex/Session.modulevalidation -fmodules-validate-once-per-build-session -Wnon-modular-include-in-framework-module -Werror\=non-modular-include-in-framework-module -Wno-trigraphs -Werror\=incompatible-pointer-types -Werror\=implicit-function-declaration -Wmissing-field-initializers -Wmissing-prototypes -Wdocumentation -Wunreachable-code -Wimplicit-atomic-properties -Wno-objc-interface-ivars -Wobjc-missing-property-synthesis -Warc-repeated-use-of-weak -Wno-arc-maybe-repeated-use-of-weak -Wexplicit-ownership-type -Wimplicit-retain-self -Wduplicate-method-match -Wmissing-braces -Wparentheses -Wswitch -Wunused-function -Wunused-label -Wunused-parameter -Wunused-variable -Wunused-value -Wempty-body -Wuninitialized -Wunknown-pragmas -Wshadow -Wfour-char-constants -Wconversion -Wconstant-conversion -Wint-conversion -Wbool-conversion -Wenum-conversion -Wfloat-conversion -Wnon-literal-null-conversion -Wobjc-literal-conversion -Wassign-enum -Wsign-compare -Wshorten-64-to-32 -Wpointer-sign -Wnewline-eof -Wselector -Wstrict-selector-match -Wundeclared-selector -Wdeprecated-implementations -Wno-implicit-fallthrough -isysroot /Applications/Xcode.app/Contents/Developer/Platforms/MacOSX.platform/Developer/SDKs/MacOSX27.0.sdk -fstrict-aliasing -Wprotocol -Wdeprecated-declarations -Wsign-conversion -Winfinite-recursion -Wcomma -Wblock-capture-autoreleasing -Wstrict-prototypes -Wno-semicolon-before-method-body -index-store-path /Users/buddhirajgautam/Library/Developer/Xcode/DerivedData/Telegram-Mac-fygdgghdgmuleoelvxabfmqiotta/Index.noindex/DataStore -Wall -Weverything -Wno-unused-macros -Wno-gnu-statement-expression -Wno-arc-repeated-use-of-weak -Wno-auto-import -Wno-gnu-zero-variadic-macro-arguments -Wno-custom-atomic-properties -Wno-implicit-atomic-properties @/Users/buddhirajgautam/Library/Developer/Xcode/DerivedData/Telegram-Mac-fygdgghdgmuleoelvxabfmqiotta/Build/Intermediates.noindex/Sparkle.build/Debug/Sparkle.build/Objects-normal/arm64/e6072d4f65d7061329687fe24e3d63a7-common-args.resp -MMD -MT dependencies -MF /Users/buddhirajgautam/Library/Developer/Xcode/DerivedData/Telegram-Mac-fygdgghdgmuleoelvxabfmqiotta/Build/Intermediates.noindex/Sparkle.build/Debug/Sparkle.build/Objects-normal/arm64/SUAppcastItem.d --serialize-diagnostics /Users/buddhirajgautam/Library/Developer/Xcode/DerivedData/Telegram-Mac-fygdgghdgmuleoelvxabfmqiotta/Build/Intermediates.noindex/Sparkle.build/Debug/Sparkle.build/Objects-normal/arm64/SUAppcastItem.dia -c /Users/buddhirajgautam/Documents/Cherrygram-Mac/macOS-Swift/submodules/Sparkle/Sparkle/SUAppcastItem.m -o /Users/buddhirajgautam/Library/Developer/Xcode/DerivedData/Telegram-Mac-fygdgghdgmuleoelvxabfmqiotta/Build/Intermediates.noindex/Sparkle.build/Debug/Sparkle.build/Objects-normal/arm64/SUAppcastItem.o -index-unit-output-path /Sparkle.build/Debug/Sparkle.build/Objects-normal/arm64/SUAppcastItem.o
/Users/buddhirajgautam/Documents/Cherrygram-Mac/macOS-Swift/submodules/Sparkle/Sparkle/SUAppcastItem.m:109:34: warning: mixing declarations and code is incompatible with standards before C99 [-Wdeclaration-after-statement]
  109 |             NSArray<NSString *> *fileComponents = [(NSString *)[enclosure objectForKey:SURSSAttributeURL] componentsSeparatedByString:@"_"];
      |                                  ^
/Users/buddhirajgautam/Documents/Cherrygram-Mac/macOS-Swift/submodules/Sparkle/Sparkle/SUAppcastItem.m:175:23: warning: mixing declarations and code is incompatible with standards before C99 [-Wdeclaration-after-statement]
  175 |             NSString *c = [enclosure objectForKey:SUAppcastAttributeCritical];
      |                       ^
/Users/buddhirajgautam/Documents/Cherrygram-Mac/macOS-Swift/submodules/Sparkle/Sparkle/SUAppcastItem.m:223:38: warning: mixing declarations and code is incompatible with standards before C99 [-Wdeclaration-after-statement]
  223 |                 NSMutableDictionary *fakeAppCastDict = [dict mutableCopy];
      |                                      ^
/Users/buddhirajgautam/Documents/Cherrygram-Mac/macOS-Swift/submodules/Sparkle/Sparkle/SUAppcastItem.m:128:19: warning: mixing declarations and code is incompatible with standards before C99 [-Wdeclaration-after-statement]
  128 |         NSString *theInfoURL = [dict objectForKey:SURSSElementLink];
      |                   ^
4 warnings generated.

CompileC /Users/buddhirajgautam/Library/Developer/Xcode/DerivedData/Telegram-Mac-fygdgghdgmuleoelvxabfmqiotta/Build/Intermediates.noindex/Sparkle.build/Debug/Sparkle.build/Objects-normal/arm64/SUAppcast.o /Users/buddhirajgautam/Documents/Cherrygram-Mac/macOS-Swift/submodules/Sparkle/Sparkle/SUAppcast.m normal arm64 objective-c com.apple.compilers.llvm.clang.1_0.compiler (in target 'Sparkle' from project 'Sparkle')
    cd /Users/buddhirajgautam/Documents/Cherrygram-Mac/macOS-Swift/submodules/Sparkle
    
    Using response file: /Users/buddhirajgautam/Library/Developer/Xcode/DerivedData/Telegram-Mac-fygdgghdgmuleoelvxabfmqiotta/Build/Intermediates.noindex/Sparkle.build/Debug/Sparkle.build/Objects-normal/arm64/e6072d4f65d7061329687fe24e3d63a7-common-args.resp
    
    /Applications/Xcode.app/Contents/Developer/Toolchains/XcodeDefault.xctoolchain/usr/bin/clang -x objective-c -ivfsstatcache /Users/buddhirajgautam/Library/Developer/Xcode/DerivedData/SDKStatCaches.noindex/macosx27.0-26A425-e829b21a6f8c9b70876ba0858053c0447231f6df4def33e022ae2eb8f782df1a.sdkstatcache -target arm64-apple-macos12.0 -fmessage-length\=0 -fdiagnostics-show-note-include-stack -fmacro-backtrace-limit\=0 -fno-color-diagnostics -fmodules-prune-interval\=86400 -fmodules-prune-after\=345600 -fbuild-session-file\=/Users/buddhirajgautam/Library/Developer/Xcode/DerivedData/ModuleCache.noindex/Session.modulevalidation -fmodules-validate-once-per-build-session -Wnon-modular-include-in-framework-module -Werror\=non-modular-include-in-framework-module -Wno-trigraphs -Werror\=incompatible-pointer-types -Werror\=implicit-function-declaration -Wmissing-field-initializers -Wmissing-prototypes -Wdocumentation -Wunreachable-code -Wimplicit-atomic-properties -Wno-objc-interface-ivars -Wobjc-missing-property-synthesis -Warc-repeated-use-of-weak -Wno-arc-maybe-repeated-use-of-weak -Wexplicit-ownership-type -Wimplicit-retain-self -Wduplicate-method-match -Wmissing-braces -Wparentheses -Wswitch -Wunused-function -Wunused-label -Wunused-parameter -Wunused-variable -Wunused-value -Wempty-body -Wuninitialized -Wunknown-pragmas -Wshadow -Wfour-char-constants -Wconversion -Wconstant-conversion -Wint-conversion -Wbool-conversion -Wenum-conversion -Wfloat-conversion -Wnon-literal-null-conversion -Wobjc-literal-conversion -Wassign-enum -Wsign-compare -Wshorten-64-to-32 -Wpointer-sign -Wnewline-eof -Wselector -Wstrict-selector-match -Wundeclared-selector -Wdeprecated-implementations -Wno-implicit-fallthrough -isysroot /Applications/Xcode.app/Contents/Developer/Platforms/MacOSX.platform/Developer/SDKs/MacOSX27.0.sdk -fstrict-aliasing -Wprotocol -Wdeprecated-declarations -Wsign-conversion -Winfinite-recursion -Wcomma -Wblock-capture-autoreleasing -Wstrict-prototypes -Wno-semicolon-before-method-body -index-store-path /Users/buddhirajgautam/Library/Developer/Xcode/DerivedData/Telegram-Mac-fygdgghdgmuleoelvxabfmqiotta/Index.noindex/DataStore -Wall -Weverything -Wno-unused-macros -Wno-gnu-statement-expression -Wno-arc-repeated-use-of-weak -Wno-auto-import -Wno-gnu-zero-variadic-macro-arguments -Wno-custom-atomic-properties -Wno-implicit-atomic-properties @/Users/buddhirajgautam/Library/Developer/Xcode/DerivedData/Telegram-Mac-fygdgghdgmuleoelvxabfmqiotta/Build/Intermediates.noindex/Sparkle.build/Debug/Sparkle.build/Objects-normal/arm64/e6072d4f65d7061329687fe24e3d63a7-common-args.resp -MMD -MT dependencies -MF /Users/buddhirajgautam/Library/Developer/Xcode/DerivedData/Telegram-Mac-fygdgghdgmuleoelvxabfmqiotta/Build/Intermediates.noindex/Sparkle.build/Debug/Sparkle.build/Objects-normal/arm64/SUAppcast.d --serialize-diagnostics /Users/buddhirajgautam/Library/Developer/Xcode/DerivedData/Telegram-Mac-fygdgghdgmuleoelvxabfmqiotta/Build/Intermediates.noindex/Sparkle.build/Debug/Sparkle.build/Objects-normal/arm64/SUAppcast.dia -c /Users/buddhirajgautam/Documents/Cherrygram-Mac/macOS-Swift/submodules/Sparkle/Sparkle/SUAppcast.m -o /Users/buddhirajgautam/Library/Developer/Xcode/DerivedData/Telegram-Mac-fygdgghdgmuleoelvxabfmqiotta/Build/Intermediates.noindex/Sparkle.build/Debug/Sparkle.build/Objects-normal/arm64/SUAppcast.o -index-unit-output-path /Sparkle.build/Debug/Sparkle.build/Objects-normal/arm64/SUAppcast.o
/Users/buddhirajgautam/Documents/Cherrygram-Mac/macOS-Swift/submodules/Sparkle/Sparkle/SUAppcast.m:38:19: warning: mixing declarations and code is incompatible with standards before C99 [-Wdeclaration-after-statement]
   38 |         NSString *attributeStringValue = [attribute stringValue];
      |                   ^
/Users/buddhirajgautam/Documents/Cherrygram-Mac/macOS-Swift/submodules/Sparkle/Sparkle/SUAppcast.m:78:26: warning: mixing declarations and code is incompatible with standards before C99 [-Wdeclaration-after-statement]
   78 |     NSMutableURLRequest *request = [NSMutableURLRequest requestWithURL:url cachePolicy:NSURLRequestReloadIgnoringCacheData timeoutInterval:30.0];
      |                          ^
/Users/buddhirajgautam/Documents/Cherrygram-Mac/macOS-Swift/submodules/Sparkle/Sparkle/SUAppcast.m:127:68: warning: implicit conversion from nullable pointer 'NSData * _Nullable' to non-nullable pointer type 'NSData * _Nonnull' [-Wnullable-to-nonnull-conversion]
  127 |         NSArray *appcastItems = [self parseAppcastItemsFromXMLData:downloadData.data error:&parseError];
      |                                                                    ^
/Users/buddhirajgautam/Documents/Cherrygram-Mac/macOS-Swift/submodules/Sparkle/Sparkle/SUAppcast.m:147:23: warning: mixing declarations and code is incompatible with standards before C99 [-Wdeclaration-after-statement]
  147 |         NSDictionary *userInfo = [NSDictionary
      |                       ^
/Users/buddhirajgautam/Documents/Cherrygram-Mac/macOS-Swift/submodules/Sparkle/Sparkle/SUAppcast.m:174:19: warning: mixing declarations and code is incompatible with standards before C99 [-Wdeclaration-after-statement]
  174 |         NSString *stringValue = [attribute stringValue];
      |                   ^
/Users/buddhirajgautam/Documents/Cherrygram-Mac/macOS-Swift/submodules/Sparkle/Sparkle/SUAppcast.m:209:87: warning: implicit conversion from 'NSUInteger' (aka 'unsigned long') to enumeration type 'NSXMLNodeOptions' (aka 'enum NSXMLNodeOptions') is invalid in C++ [-Wimplicit-int-enum-cast]
  209 |     NSXMLDocument *document = [[NSXMLDocument alloc] initWithData:appcastData options:options error:errorp];
      |                               ~                                                       ^~~~~~~
/Users/buddhirajgautam/Documents/Cherrygram-Mac/macOS-Swift/submodules/Sparkle/Sparkle/SUAppcast.m:290:19: warning: mixing declarations and code is incompatible with standards before C99 [-Wdeclaration-after-statement]
  290 |         NSString *errString;
      |                   ^
/Users/buddhirajgautam/Documents/Cherrygram-Mac/macOS-Swift/submodules/Sparkle/Sparkle/SUAppcast.m:208:16: warning: mixing declarations and code is incompatible with standards before C99 [-Wdeclaration-after-statement]
  208 |     NSUInteger options = NSXMLNodeLoadExternalEntitiesNever; // Prevent inclusion from file://
      |                ^
/Users/buddhirajgautam/Documents/Cherrygram-Mac/macOS-Swift/submodules/Sparkle/Sparkle/SUAppcast.m:334:21: warning: mixing declarations and code is incompatible with standards before C99 [-Wdeclaration-after-statement]
  334 |     NSMutableArray *languages = [NSMutableArray array];
      |                     ^
9 warnings generated.

CompileC /Users/buddhirajgautam/Library/Developer/Xcode/DerivedData/Telegram-Mac-fygdgghdgmuleoelvxabfmqiotta/Build/Intermediates.noindex/Sparkle.build/Debug/Sparkle.build/Objects-normal/arm64/SPUURLRequest.o /Users/buddhirajgautam/Documents/Cherrygram-Mac/macOS-Swift/submodules/Sparkle/Sparkle/SPUURLRequest.m normal arm64 objective-c com.apple.compilers.llvm.clang.1_0.compiler (in target 'Sparkle' from project 'Sparkle')
    cd /Users/buddhirajgautam/Documents/Cherrygram-Mac/macOS-Swift/submodules/Sparkle
    
    Using response file: /Users/buddhirajgautam/Library/Developer/Xcode/DerivedData/Telegram-Mac-fygdgghdgmuleoelvxabfmqiotta/Build/Intermediates.noindex/Sparkle.build/Debug/Sparkle.build/Objects-normal/arm64/e6072d4f65d7061329687fe24e3d63a7-common-args.resp
    
    /Applications/Xcode.app/Contents/Developer/Toolchains/XcodeDefault.xctoolchain/usr/bin/clang -x objective-c -ivfsstatcache /Users/buddhirajgautam/Library/Developer/Xcode/DerivedData/SDKStatCaches.noindex/macosx27.0-26A425-e829b21a6f8c9b70876ba0858053c0447231f6df4def33e022ae2eb8f782df1a.sdkstatcache -target arm64-apple-macos12.0 -fmessage-length\=0 -fdiagnostics-show-note-include-stack -fmacro-backtrace-limit\=0 -fno-color-diagnostics -fmodules-prune-interval\=86400 -fmodules-prune-after\=345600 -fbuild-session-file\=/Users/buddhirajgautam/Library/Developer/Xcode/DerivedData/ModuleCache.noindex/Session.modulevalidation -fmodules-validate-once-per-build-session -Wnon-modular-include-in-framework-module -Werror\=non-modular-include-in-framework-module -Wno-trigraphs -Werror\=incompatible-pointer-types -Werror\=implicit-function-declaration -Wmissing-field-initializers -Wmissing-prototypes -Wdocumentation -Wunreachable-code -Wimplicit-atomic-properties -Wno-objc-interface-ivars -Wobjc-missing-property-synthesis -Warc-repeated-use-of-weak -Wno-arc-maybe-repeated-use-of-weak -Wexplicit-ownership-type -Wimplicit-retain-self -Wduplicate-method-match -Wmissing-braces -Wparentheses -Wswitch -Wunused-function -Wunused-label -Wunused-parameter -Wunused-variable -Wunused-value -Wempty-body -Wuninitialized -Wunknown-pragmas -Wshadow -Wfour-char-constants -Wconversion -Wconstant-conversion -Wint-conversion -Wbool-conversion -Wenum-conversion -Wfloat-conversion -Wnon-literal-null-conversion -Wobjc-literal-conversion -Wassign-enum -Wsign-compare -Wshorten-64-to-32 -Wpointer-sign -Wnewline-eof -Wselector -Wstrict-selector-match -Wundeclared-selector -Wdeprecated-implementations -Wno-implicit-fallthrough -isysroot /Applications/Xcode.app/Contents/Developer/Platforms/MacOSX.platform/Developer/SDKs/MacOSX27.0.sdk -fstrict-aliasing -Wprotocol -Wdeprecated-declarations -Wsign-conversion -Winfinite-recursion -Wcomma -Wblock-capture-autoreleasing -Wstrict-prototypes -Wno-semicolon-before-method-body -index-store-path /Users/buddhirajgautam/Library/Developer/Xcode/DerivedData/Telegram-Mac-fygdgghdgmuleoelvxabfmqiotta/Index.noindex/DataStore -Wall -Weverything -Wno-unused-macros -Wno-gnu-statement-expression -Wno-arc-repeated-use-of-weak -Wno-auto-import -Wno-gnu-zero-variadic-macro-arguments -Wno-custom-atomic-properties -Wno-implicit-atomic-properties @/Users/buddhirajgautam/Library/Developer/Xcode/DerivedData/Telegram-Mac-fygdgghdgmuleoelvxabfmqiotta/Build/Intermediates.noindex/Sparkle.build/Debug/Sparkle.build/Objects-normal/arm64/e6072d4f65d7061329687fe24e3d63a7-common-args.resp -MMD -MT dependencies -MF /Users/buddhirajgautam/Library/Developer/Xcode/DerivedData/Telegram-Mac-fygdgghdgmuleoelvxabfmqiotta/Build/Intermediates.noindex/Sparkle.build/Debug/Sparkle.build/Objects-normal/arm64/SPUURLRequest.d --serialize-diagnostics /Users/buddhirajgautam/Library/Developer/Xcode/DerivedData/Telegram-Mac-fygdgghdgmuleoelvxabfmqiotta/Build/Intermediates.noindex/Sparkle.build/Debug/Sparkle.build/Objects-normal/arm64/SPUURLRequest.dia -c /Users/buddhirajgautam/Documents/Cherrygram-Mac/macOS-Swift/submodules/Sparkle/Sparkle/SPUURLRequest.m -o /Users/buddhirajgautam/Library/Developer/Xcode/DerivedData/Telegram-Mac-fygdgghdgmuleoelvxabfmqiotta/Build/Intermediates.noindex/Sparkle.build/Debug/Sparkle.build/Objects-normal/arm64/SPUURLRequest.o -index-unit-output-path /Sparkle.build/Debug/Sparkle.build/Objects-normal/arm64/SPUURLRequest.o
/Users/buddhirajgautam/Documents/Cherrygram-Mac/macOS-Swift/submodules/Sparkle/Sparkle/SPUURLRequest.m:64:26: warning: implicit conversion changes signedness: 'NSURLRequestCachePolicy' (aka 'enum NSURLRequestCachePolicy') to 'NSInteger' (aka 'long') [-Wsign-conversion]
   64 |     [coder encodeInteger:self.cachePolicy forKey:SPUURLRequestCachePolicyKey];
      |     ~                    ^~~~~~~~~~~~~~~~
/Users/buddhirajgautam/Documents/Cherrygram-Mac/macOS-Swift/submodules/Sparkle/Sparkle/SPUURLRequest.m:66:26: warning: implicit conversion changes signedness: 'NSURLRequestNetworkServiceType' (aka 'enum NSURLRequestNetworkServiceType') to 'NSInteger' (aka 'long') [-Wsign-conversion]
   66 |     [coder encodeInteger:self.networkServiceType forKey:SPUURLRequestNetworkServiceTypeKey];
      |     ~                    ^~~~~~~~~~~~~~~~~~~~~~~
2 warnings generated.

CompileC /Users/buddhirajgautam/Library/Developer/Xcode/DerivedData/Telegram-Mac-fygdgghdgmuleoelvxabfmqiotta/Build/Intermediates.noindex/Sparkle.build/Debug/Sparkle.build/Objects-normal/arm64/SPULocalCacheDirectory.o /Users/buddhirajgautam/Documents/Cherrygram-Mac/macOS-Swift/submodules/Sparkle/Sparkle/SPULocalCacheDirectory.m normal arm64 objective-c com.apple.compilers.llvm.clang.1_0.compiler (in target 'Sparkle' from project 'Sparkle')
    cd /Users/buddhirajgautam/Documents/Cherrygram-Mac/macOS-Swift/submodules/Sparkle
    
    Using response file: /Users/buddhirajgautam/Library/Developer/Xcode/DerivedData/Telegram-Mac-fygdgghdgmuleoelvxabfmqiotta/Build/Intermediates.noindex/Sparkle.build/Debug/Sparkle.build/Objects-normal/arm64/e6072d4f65d7061329687fe24e3d63a7-common-args.resp
    
    /Applications/Xcode.app/Contents/Developer/Toolchains/XcodeDefault.xctoolchain/usr/bin/clang -x objective-c -ivfsstatcache /Users/buddhirajgautam/Library/Developer/Xcode/DerivedData/SDKStatCaches.noindex/macosx27.0-26A425-e829b21a6f8c9b70876ba0858053c0447231f6df4def33e022ae2eb8f782df1a.sdkstatcache -target arm64-apple-macos12.0 -fmessage-length\=0 -fdiagnostics-show-note-include-stack -fmacro-backtrace-limit\=0 -fno-color-diagnostics -fmodules-prune-interval\=86400 -fmodules-prune-after\=345600 -fbuild-session-file\=/Users/buddhirajgautam/Library/Developer/Xcode/DerivedData/ModuleCache.noindex/Session.modulevalidation -fmodules-validate-once-per-build-session -Wnon-modular-include-in-framework-module -Werror\=non-modular-include-in-framework-module -Wno-trigraphs -Werror\=incompatible-pointer-types -Werror\=implicit-function-declaration -Wmissing-field-initializers -Wmissing-prototypes -Wdocumentation -Wunreachable-code -Wimplicit-atomic-properties -Wno-objc-interface-ivars -Wobjc-missing-property-synthesis -Warc-repeated-use-of-weak -Wno-arc-maybe-repeated-use-of-weak -Wexplicit-ownership-type -Wimplicit-retain-self -Wduplicate-method-match -Wmissing-braces -Wparentheses -Wswitch -Wunused-function -Wunused-label -Wunused-parameter -Wunused-variable -Wunused-value -Wempty-body -Wuninitialized -Wunknown-pragmas -Wshadow -Wfour-char-constants -Wconversion -Wconstant-conversion -Wint-conversion -Wbool-conversion -Wenum-conversion -Wfloat-conversion -Wnon-literal-null-conversion -Wobjc-literal-conversion -Wassign-enum -Wsign-compare -Wshorten-64-to-32 -Wpointer-sign -Wnewline-eof -Wselector -Wstrict-selector-match -Wundeclared-selector -Wdeprecated-implementations -Wno-implicit-fallthrough -isysroot /Applications/Xcode.app/Contents/Developer/Platforms/MacOSX.platform/Developer/SDKs/MacOSX27.0.sdk -fstrict-aliasing -Wprotocol -Wdeprecated-declarations -Wsign-conversion -Winfinite-recursion -Wcomma -Wblock-capture-autoreleasing -Wstrict-prototypes -Wno-semicolon-before-method-body -index-store-path /Users/buddhirajgautam/Library/Developer/Xcode/DerivedData/Telegram-Mac-fygdgghdgmuleoelvxabfmqiotta/Index.noindex/DataStore -Wall -Weverything -Wno-unused-macros -Wno-gnu-statement-expression -Wno-arc-repeated-use-of-weak -Wno-auto-import -Wno-gnu-zero-variadic-macro-arguments -Wno-custom-atomic-properties -Wno-implicit-atomic-properties @/Users/buddhirajgautam/Library/Developer/Xcode/DerivedData/Telegram-Mac-fygdgghdgmuleoelvxabfmqiotta/Build/Intermediates.noindex/Sparkle.build/Debug/Sparkle.build/Objects-normal/arm64/e6072d4f65d7061329687fe24e3d63a7-common-args.resp -MMD -MT dependencies -MF /Users/buddhirajgautam/Library/Developer/Xcode/DerivedData/Telegram-Mac-fygdgghdgmuleoelvxabfmqiotta/Build/Intermediates.noindex/Sparkle.build/Debug/Sparkle.build/Objects-normal/arm64/SPULocalCacheDirectory.d --serialize-diagnostics /Users/buddhirajgautam/Library/Developer/Xcode/DerivedData/Telegram-Mac-fygdgghdgmuleoelvxabfmqiotta/Build/Intermediates.noindex/Sparkle.build/Debug/Sparkle.build/Objects-normal/arm64/SPULocalCacheDirectory.dia -c /Users/buddhirajgautam/Documents/Cherrygram-Mac/macOS-Swift/submodules/Sparkle/Sparkle/SPULocalCacheDirectory.m -o /Users/buddhirajgautam/Library/Developer/Xcode/DerivedData/Telegram-Mac-fygdgghdgmuleoelvxabfmqiotta/Build/Intermediates.noindex/Sparkle.build/Debug/Sparkle.build/Objects-normal/arm64/SPULocalCacheDirectory.o -index-unit-output-path /Sparkle.build/Debug/Sparkle.build/Objects-normal/arm64/SPULocalCacheDirectory.o
/Users/buddhirajgautam/Documents/Cherrygram-Mac/macOS-Swift/submodules/Sparkle/Sparkle/SPULocalCacheDirectory.m:26:15: warning: mixing declarations and code is incompatible with standards before C99 [-Wdeclaration-after-statement]
   26 |     NSString *resultPath = [[[cacheURL URLByAppendingPathComponent:bundleIdentifier] URLByAppendingPathComponent:@SPARKLE_BUNDLE_IDENTIFIER] path];
      |               ^
/Users/buddhirajgautam/Documents/Cherrygram-Mac/macOS-Swift/submodules/Sparkle/Sparkle/SPULocalCacheDirectory.m:70:15: warning: mixing declarations and code is incompatible with standards before C99 [-Wdeclaration-after-statement]
   70 |     NSString *templateString = [directory stringByAppendingPathComponent:@"XXXXXXXXX"];
      |               ^
2 warnings generated.

CompileC /Users/buddhirajgautam/Library/Developer/Xcode/DerivedData/Telegram-Mac-fygdgghdgmuleoelvxabfmqiotta/Build/Intermediates.noindex/Sparkle.build/Debug/Sparkle.build/Objects-normal/arm64/SPUDownloaderSession.o /Users/buddhirajgautam/Documents/Cherrygram-Mac/macOS-Swift/submodules/Sparkle/Sparkle/SPUDownloaderSession.m normal arm64 objective-c com.apple.compilers.llvm.clang.1_0.compiler (in target 'Sparkle' from project 'Sparkle')
    cd /Users/buddhirajgautam/Documents/Cherrygram-Mac/macOS-Swift/submodules/Sparkle
    
    Using response file: /Users/buddhirajgautam/Library/Developer/Xcode/DerivedData/Telegram-Mac-fygdgghdgmuleoelvxabfmqiotta/Build/Intermediates.noindex/Sparkle.build/Debug/Sparkle.build/Objects-normal/arm64/e6072d4f65d7061329687fe24e3d63a7-common-args.resp
    
    /Applications/Xcode.app/Contents/Developer/Toolchains/XcodeDefault.xctoolchain/usr/bin/clang -x objective-c -ivfsstatcache /Users/buddhirajgautam/Library/Developer/Xcode/DerivedData/SDKStatCaches.noindex/macosx27.0-26A425-e829b21a6f8c9b70876ba0858053c0447231f6df4def33e022ae2eb8f782df1a.sdkstatcache -target arm64-apple-macos12.0 -fmessage-length\=0 -fdiagnostics-show-note-include-stack -fmacro-backtrace-limit\=0 -fno-color-diagnostics -fmodules-prune-interval\=86400 -fmodules-prune-after\=345600 -fbuild-session-file\=/Users/buddhirajgautam/Library/Developer/Xcode/DerivedData/ModuleCache.noindex/Session.modulevalidation -fmodules-validate-once-per-build-session -Wnon-modular-include-in-framework-module -Werror\=non-modular-include-in-framework-module -Wno-trigraphs -Werror\=incompatible-pointer-types -Werror\=implicit-function-declaration -Wmissing-field-initializers -Wmissing-prototypes -Wdocumentation -Wunreachable-code -Wimplicit-atomic-properties -Wno-objc-interface-ivars -Wobjc-missing-property-synthesis -Warc-repeated-use-of-weak -Wno-arc-maybe-repeated-use-of-weak -Wexplicit-ownership-type -Wimplicit-retain-self -Wduplicate-method-match -Wmissing-braces -Wparentheses -Wswitch -Wunused-function -Wunused-label -Wunused-parameter -Wunused-variable -Wunused-value -Wempty-body -Wuninitialized -Wunknown-pragmas -Wshadow -Wfour-char-constants -Wconversion -Wconstant-conversion -Wint-conversion -Wbool-conversion -Wenum-conversion -Wfloat-conversion -Wnon-literal-null-conversion -Wobjc-literal-conversion -Wassign-enum -Wsign-compare -Wshorten-64-to-32 -Wpointer-sign -Wnewline-eof -Wselector -Wstrict-selector-match -Wundeclared-selector -Wdeprecated-implementations -Wno-implicit-fallthrough -isysroot /Applications/Xcode.app/Contents/Developer/Platforms/MacOSX.platform/Developer/SDKs/MacOSX27.0.sdk -fstrict-aliasing -Wprotocol -Wdeprecated-declarations -Wsign-conversion -Winfinite-recursion -Wcomma -Wblock-capture-autoreleasing -Wstrict-prototypes -Wno-semicolon-before-method-body -index-store-path /Users/buddhirajgautam/Library/Developer/Xcode/DerivedData/Telegram-Mac-fygdgghdgmuleoelvxabfmqiotta/Index.noindex/DataStore -Wall -Weverything -Wno-unused-macros -Wno-gnu-statement-expression -Wno-arc-repeated-use-of-weak -Wno-auto-import -Wno-gnu-zero-variadic-macro-arguments -Wno-custom-atomic-properties -Wno-implicit-atomic-properties @/Users/buddhirajgautam/Library/Developer/Xcode/DerivedData/Telegram-Mac-fygdgghdgmuleoelvxabfmqiotta/Build/Intermediates.noindex/Sparkle.build/Debug/Sparkle.build/Objects-normal/arm64/e6072d4f65d7061329687fe24e3d63a7-common-args.resp -MMD -MT dependencies -MF /Users/buddhirajgautam/Library/Developer/Xcode/DerivedData/Telegram-Mac-fygdgghdgmuleoelvxabfmqiotta/Build/Intermediates.noindex/Sparkle.build/Debug/Sparkle.build/Objects-normal/arm64/SPUDownloaderSession.d --serialize-diagnostics /Users/buddhirajgautam/Library/Developer/Xcode/DerivedData/Telegram-Mac-fygdgghdgmuleoelvxabfmqiotta/Build/Intermediates.noindex/Sparkle.build/Debug/Sparkle.build/Objects-normal/arm64/SPUDownloaderSession.dia -c /Users/buddhirajgautam/Documents/Cherrygram-Mac/macOS-Swift/submodules/Sparkle/Sparkle/SPUDownloaderSession.m -o /Users/buddhirajgautam/Library/Developer/Xcode/DerivedData/Telegram-Mac-fygdgghdgmuleoelvxabfmqiotta/Build/Intermediates.noindex/Sparkle.build/Debug/Sparkle.build/Objects-normal/arm64/SPUDownloaderSession.o -index-unit-output-path /Sparkle.build/Debug/Sparkle.build/Objects-normal/arm64/SPUDownloaderSession.o
/Users/buddhirajgautam/Documents/Cherrygram-Mac/macOS-Swift/submodules/Sparkle/Sparkle/SPUDownloaderSession.m:106:27: warning: mixing declarations and code is incompatible with standards before C99 [-Wdeclaration-after-statement]
  106 |                 NSString *toPath = [downloadFileNameDirectory stringByAppendingPathComponent:name];
      |                           ^
/Users/buddhirajgautam/Documents/Cherrygram-Mac/macOS-Swift/submodules/Sparkle/Sparkle/SPUDownloaderSession.m:157:22: warning: mixing declarations and code is incompatible with standards before C99 [-Wdeclaration-after-statement]
  157 |     SPUDownloadData *downloadData = nil;
      |                      ^
2 warnings generated.

CompileC /Users/buddhirajgautam/Library/Developer/Xcode/DerivedData/Telegram-Mac-fygdgghdgmuleoelvxabfmqiotta/Build/Intermediates.noindex/Sparkle.build/Debug/Sparkle.build/Objects-normal/arm64/SPUDownloaderDeprecated.o /Users/buddhirajgautam/Documents/Cherrygram-Mac/macOS-Swift/submodules/Sparkle/Sparkle/SPUDownloaderDeprecated.m normal arm64 objective-c com.apple.compilers.llvm.clang.1_0.compiler (in target 'Sparkle' from project 'Sparkle')
    cd /Users/buddhirajgautam/Documents/Cherrygram-Mac/macOS-Swift/submodules/Sparkle
    
    Using response file: /Users/buddhirajgautam/Library/Developer/Xcode/DerivedData/Telegram-Mac-fygdgghdgmuleoelvxabfmqiotta/Build/Intermediates.noindex/Sparkle.build/Debug/Sparkle.build/Objects-normal/arm64/e6072d4f65d7061329687fe24e3d63a7-common-args.resp
    
    /Applications/Xcode.app/Contents/Developer/Toolchains/XcodeDefault.xctoolchain/usr/bin/clang -x objective-c -ivfsstatcache /Users/buddhirajgautam/Library/Developer/Xcode/DerivedData/SDKStatCaches.noindex/macosx27.0-26A425-e829b21a6f8c9b70876ba0858053c0447231f6df4def33e022ae2eb8f782df1a.sdkstatcache -target arm64-apple-macos12.0 -fmessage-length\=0 -fdiagnostics-show-note-include-stack -fmacro-backtrace-limit\=0 -fno-color-diagnostics -fmodules-prune-interval\=86400 -fmodules-prune-after\=345600 -fbuild-session-file\=/Users/buddhirajgautam/Library/Developer/Xcode/DerivedData/ModuleCache.noindex/Session.modulevalidation -fmodules-validate-once-per-build-session -Wnon-modular-include-in-framework-module -Werror\=non-modular-include-in-framework-module -Wno-trigraphs -Werror\=incompatible-pointer-types -Werror\=implicit-function-declaration -Wmissing-field-initializers -Wmissing-prototypes -Wdocumentation -Wunreachable-code -Wimplicit-atomic-properties -Wno-objc-interface-ivars -Wobjc-missing-property-synthesis -Warc-repeated-use-of-weak -Wno-arc-maybe-repeated-use-of-weak -Wexplicit-ownership-type -Wimplicit-retain-self -Wduplicate-method-match -Wmissing-braces -Wparentheses -Wswitch -Wunused-function -Wunused-label -Wunused-parameter -Wunused-variable -Wunused-value -Wempty-body -Wuninitialized -Wunknown-pragmas -Wshadow -Wfour-char-constants -Wconversion -Wconstant-conversion -Wint-conversion -Wbool-conversion -Wenum-conversion -Wfloat-conversion -Wnon-literal-null-conversion -Wobjc-literal-conversion -Wassign-enum -Wsign-compare -Wshorten-64-to-32 -Wpointer-sign -Wnewline-eof -Wselector -Wstrict-selector-match -Wundeclared-selector -Wdeprecated-implementations -Wno-implicit-fallthrough -isysroot /Applications/Xcode.app/Contents/Developer/Platforms/MacOSX.platform/Developer/SDKs/MacOSX27.0.sdk -fstrict-aliasing -Wprotocol -Wdeprecated-declarations -Wsign-conversion -Winfinite-recursion -Wcomma -Wblock-capture-autoreleasing -Wstrict-prototypes -Wno-semicolon-before-method-body -index-store-path /Users/buddhirajgautam/Library/Developer/Xcode/DerivedData/Telegram-Mac-fygdgghdgmuleoelvxabfmqiotta/Index.noindex/DataStore -Wall -Weverything -Wno-unused-macros -Wno-gnu-statement-expression -Wno-arc-repeated-use-of-weak -Wno-auto-import -Wno-gnu-zero-variadic-macro-arguments -Wno-custom-atomic-properties -Wno-implicit-atomic-properties @/Users/buddhirajgautam/Library/Developer/Xcode/DerivedData/Telegram-Mac-fygdgghdgmuleoelvxabfmqiotta/Build/Intermediates.noindex/Sparkle.build/Debug/Sparkle.build/Objects-normal/arm64/e6072d4f65d7061329687fe24e3d63a7-common-args.resp -MMD -MT dependencies -MF /Users/buddhirajgautam/Library/Developer/Xcode/DerivedData/Telegram-Mac-fygdgghdgmuleoelvxabfmqiotta/Build/Intermediates.noindex/Sparkle.build/Debug/Sparkle.build/Objects-normal/arm64/SPUDownloaderDeprecated.d --serialize-diagnostics /Users/buddhirajgautam/Library/Developer/Xcode/DerivedData/Telegram-Mac-fygdgghdgmuleoelvxabfmqiotta/Build/Intermediates.noindex/Sparkle.build/Debug/Sparkle.build/Objects-normal/arm64/SPUDownloaderDeprecated.dia -c /Users/buddhirajgautam/Documents/Cherrygram-Mac/macOS-Swift/submodules/Sparkle/Sparkle/SPUDownloaderDeprecated.m -o /Users/buddhirajgautam/Library/Developer/Xcode/DerivedData/Telegram-Mac-fygdgghdgmuleoelvxabfmqiotta/Build/Intermediates.noindex/Sparkle.build/Debug/Sparkle.build/Objects-normal/arm64/SPUDownloaderDeprecated.o -index-unit-output-path /Sparkle.build/Debug/Sparkle.build/Objects-normal/arm64/SPUDownloaderDeprecated.o
/Users/buddhirajgautam/Documents/Cherrygram-Mac/macOS-Swift/submodules/Sparkle/Sparkle/SPUDownloaderDeprecated.m:41:52: warning: 'initWithRequest:delegate:' is deprecated: first deprecated in macOS 10.11 - Use NSURLSession downloadTask (see NSURLSession.h) [-Wdeprecated-declarations]
   41 |             self.download = [[NSURLDownload alloc] initWithRequest:request.request delegate:self];
      |                                                    ^
In module 'Foundation' imported from /Users/buddhirajgautam/Documents/Cherrygram-Mac/macOS-Swift/submodules/Sparkle/Sparkle/SPUDownloader.h:10:
/Applications/Xcode.app/Contents/Developer/Platforms/MacOSX.platform/Developer/SDKs/MacOSX27.0.sdk/System/Library/Frameworks/Foundation.framework/Headers/NSURLDownload.h:66:1: note: 'initWithRequest:delegate:' has been explicitly marked deprecated here
   66 | - (instancetype)initWithRequest:(NSURLRequest *)request delegate:(nullable id <NSURLDownloadDelegate>)delegate API_DEPRECATED("Use NSURLSession downloadTask (see NSURLSession.h)", macos(10.3,10.11), ios(2.0,9.0), watchos(2.0,2.0), tvos(9.0,9.0));
      | ^
/Users/buddhirajgautam/Documents/Cherrygram-Mac/macOS-Swift/submodules/Sparkle/Sparkle/SPUDownloaderDeprecated.m:55:52: warning: 'initWithRequest:delegate:' is deprecated: first deprecated in macOS 10.11 - Use NSURLSession downloadTask (see NSURLSession.h) [-Wdeprecated-declarations]
   55 |             self.download = [[NSURLDownload alloc] initWithRequest:request.request delegate:self];
      |                                                    ^
In module 'Foundation' imported from /Users/buddhirajgautam/Documents/Cherrygram-Mac/macOS-Swift/submodules/Sparkle/Sparkle/SPUDownloader.h:10:
/Applications/Xcode.app/Contents/Developer/Platforms/MacOSX.platform/Developer/SDKs/MacOSX27.0.sdk/System/Library/Frameworks/Foundation.framework/Headers/NSURLDownload.h:66:1: note: 'initWithRequest:delegate:' has been explicitly marked deprecated here
   66 | - (instancetype)initWithRequest:(NSURLRequest *)request delegate:(nullable id <NSURLDownloadDelegate>)delegate API_DEPRECATED("Use NSURLSession downloadTask (see NSURLSession.h)", macos(10.3,10.11), ios(2.0,9.0), watchos(2.0,2.0), tvos(9.0,9.0));
      | ^
/Users/buddhirajgautam/Documents/Cherrygram-Mac/macOS-Swift/submodules/Sparkle/Sparkle/SPUDownloaderDeprecated.m:140:22: warning: mixing declarations and code is incompatible with standards before C99 [-Wdeclaration-after-statement]
  140 |     SPUDownloadData *downloadData = nil;
      |                      ^
3 warnings generated.

CompileC /Users/buddhirajgautam/Library/Developer/Xcode/DerivedData/Telegram-Mac-fygdgghdgmuleoelvxabfmqiotta/Build/Intermediates.noindex/Sparkle.build/Debug/Sparkle.build/Objects-normal/arm64/SPUDownloader.o /Users/buddhirajgautam/Documents/Cherrygram-Mac/macOS-Swift/submodules/Sparkle/Sparkle/SPUDownloader.m normal arm64 objective-c com.apple.compilers.llvm.clang.1_0.compiler (in target 'Sparkle' from project 'Sparkle')
    cd /Users/buddhirajgautam/Documents/Cherrygram-Mac/macOS-Swift/submodules/Sparkle
    
    Using response file: /Users/buddhirajgautam/Library/Developer/Xcode/DerivedData/Telegram-Mac-fygdgghdgmuleoelvxabfmqiotta/Build/Intermediates.noindex/Sparkle.build/Debug/Sparkle.build/Objects-normal/arm64/e6072d4f65d7061329687fe24e3d63a7-common-args.resp
    
    /Applications/Xcode.app/Contents/Developer/Toolchains/XcodeDefault.xctoolchain/usr/bin/clang -x objective-c -ivfsstatcache /Users/buddhirajgautam/Library/Developer/Xcode/DerivedData/SDKStatCaches.noindex/macosx27.0-26A425-e829b21a6f8c9b70876ba0858053c0447231f6df4def33e022ae2eb8f782df1a.sdkstatcache -target arm64-apple-macos12.0 -fmessage-length\=0 -fdiagnostics-show-note-include-stack -fmacro-backtrace-limit\=0 -fno-color-diagnostics -fmodules-prune-interval\=86400 -fmodules-prune-after\=345600 -fbuild-session-file\=/Users/buddhirajgautam/Library/Developer/Xcode/DerivedData/ModuleCache.noindex/Session.modulevalidation -fmodules-validate-once-per-build-session -Wnon-modular-include-in-framework-module -Werror\=non-modular-include-in-framework-module -Wno-trigraphs -Werror\=incompatible-pointer-types -Werror\=implicit-function-declaration -Wmissing-field-initializers -Wmissing-prototypes -Wdocumentation -Wunreachable-code -Wimplicit-atomic-properties -Wno-objc-interface-ivars -Wobjc-missing-property-synthesis -Warc-repeated-use-of-weak -Wno-arc-maybe-repeated-use-of-weak -Wexplicit-ownership-type -Wimplicit-retain-self -Wduplicate-method-match -Wmissing-braces -Wparentheses -Wswitch -Wunused-function -Wunused-label -Wunused-parameter -Wunused-variable -Wunused-value -Wempty-body -Wuninitialized -Wunknown-pragmas -Wshadow -Wfour-char-constants -Wconversion -Wconstant-conversion -Wint-conversion -Wbool-conversion -Wenum-conversion -Wfloat-conversion -Wnon-literal-null-conversion -Wobjc-literal-conversion -Wassign-enum -Wsign-compare -Wshorten-64-to-32 -Wpointer-sign -Wnewline-eof -Wselector -Wstrict-selector-match -Wundeclared-selector -Wdeprecated-implementations -Wno-implicit-fallthrough -isysroot /Applications/Xcode.app/Contents/Developer/Platforms/MacOSX.platform/Developer/SDKs/MacOSX27.0.sdk -fstrict-aliasing -Wprotocol -Wdeprecated-declarations -Wsign-conversion -Winfinite-recursion -Wcomma -Wblock-capture-autoreleasing -Wstrict-prototypes -Wno-semicolon-before-method-body -index-store-path /Users/buddhirajgautam/Library/Developer/Xcode/DerivedData/Telegram-Mac-fygdgghdgmuleoelvxabfmqiotta/Index.noindex/DataStore -Wall -Weverything -Wno-unused-macros -Wno-gnu-statement-expression -Wno-arc-repeated-use-of-weak -Wno-auto-import -Wno-gnu-zero-variadic-macro-arguments -Wno-custom-atomic-properties -Wno-implicit-atomic-properties @/Users/buddhirajgautam/Library/Developer/Xcode/DerivedData/Telegram-Mac-fygdgghdgmuleoelvxabfmqiotta/Build/Intermediates.noindex/Sparkle.build/Debug/Sparkle.build/Objects-normal/arm64/e6072d4f65d7061329687fe24e3d63a7-common-args.resp -MMD -MT dependencies -MF /Users/buddhirajgautam/Library/Developer/Xcode/DerivedData/Telegram-Mac-fygdgghdgmuleoelvxabfmqiotta/Build/Intermediates.noindex/Sparkle.build/Debug/Sparkle.build/Objects-normal/arm64/SPUDownloader.d --serialize-diagnostics /Users/buddhirajgautam/Library/Developer/Xcode/DerivedData/Telegram-Mac-fygdgghdgmuleoelvxabfmqiotta/Build/Intermediates.noindex/Sparkle.build/Debug/Sparkle.build/Objects-normal/arm64/SPUDownloader.dia -c /Users/buddhirajgautam/Documents/Cherrygram-Mac/macOS-Swift/submodules/Sparkle/Sparkle/SPUDownloader.m -o /Users/buddhirajgautam/Library/Developer/Xcode/DerivedData/Telegram-Mac-fygdgghdgmuleoelvxabfmqiotta/Build/Intermediates.noindex/Sparkle.build/Debug/Sparkle.build/Objects-normal/arm64/SPUDownloader.o -index-unit-output-path /Sparkle.build/Debug/Sparkle.build/Objects-normal/arm64/SPUDownloader.o
/Users/buddhirajgautam/Documents/Cherrygram-Mac/macOS-Swift/submodules/Sparkle/Sparkle/SPUDownloader.m:86:5: warning: 'switch' missing 'default' label [-Wswitch-default]
   86 |     switch (self.mode) {
      |     ^
/Users/buddhirajgautam/Documents/Cherrygram-Mac/macOS-Swift/submodules/Sparkle/Sparkle/SPUDownloader.m:106:15: warning: mixing declarations and code is incompatible with standards before C99 [-Wdeclaration-after-statement]
  106 |     NSString *tempDir = [SPULocalCacheDirectory createUniqueDirectoryInDirectory:rootPersistentDownloadCachePath];
      |               ^
2 warnings generated.

CompileC /Users/buddhirajgautam/Library/Developer/Xcode/DerivedData/Telegram-Mac-fygdgghdgmuleoelvxabfmqiotta/Build/Intermediates.noindex/Sparkle.build/Debug/Sparkle.build/Objects-normal/arm64/SPUDownloadData.o /Users/buddhirajgautam/Documents/Cherrygram-Mac/macOS-Swift/submodules/Sparkle/Sparkle/SPUDownloadData.m normal arm64 objective-c com.apple.compilers.llvm.clang.1_0.compiler (in target 'Sparkle' from project 'Sparkle')
    cd /Users/buddhirajgautam/Documents/Cherrygram-Mac/macOS-Swift/submodules/Sparkle
    
    Using response file: /Users/buddhirajgautam/Library/Developer/Xcode/DerivedData/Telegram-Mac-fygdgghdgmuleoelvxabfmqiotta/Build/Intermediates.noindex/Sparkle.build/Debug/Sparkle.build/Objects-normal/arm64/e6072d4f65d7061329687fe24e3d63a7-common-args.resp
    
    /Applications/Xcode.app/Contents/Developer/Toolchains/XcodeDefault.xctoolchain/usr/bin/clang -x objective-c -ivfsstatcache /Users/buddhirajgautam/Library/Developer/Xcode/DerivedData/SDKStatCaches.noindex/macosx27.0-26A425-e829b21a6f8c9b70876ba0858053c0447231f6df4def33e022ae2eb8f782df1a.sdkstatcache -target arm64-apple-macos12.0 -fmessage-length\=0 -fdiagnostics-show-note-include-stack -fmacro-backtrace-limit\=0 -fno-color-diagnostics -fmodules-prune-interval\=86400 -fmodules-prune-after\=345600 -fbuild-session-file\=/Users/buddhirajgautam/Library/Developer/Xcode/DerivedData/ModuleCache.noindex/Session.modulevalidation -fmodules-validate-once-per-build-session -Wnon-modular-include-in-framework-module -Werror\=non-modular-include-in-framework-module -Wno-trigraphs -Werror\=incompatible-pointer-types -Werror\=implicit-function-declaration -Wmissing-field-initializers -Wmissing-prototypes -Wdocumentation -Wunreachable-code -Wimplicit-atomic-properties -Wno-objc-interface-ivars -Wobjc-missing-property-synthesis -Warc-repeated-use-of-weak -Wno-arc-maybe-repeated-use-of-weak -Wexplicit-ownership-type -Wimplicit-retain-self -Wduplicate-method-match -Wmissing-braces -Wparentheses -Wswitch -Wunused-function -Wunused-label -Wunused-parameter -Wunused-variable -Wunused-value -Wempty-body -Wuninitialized -Wunknown-pragmas -Wshadow -Wfour-char-constants -Wconversion -Wconstant-conversion -Wint-conversion -Wbool-conversion -Wenum-conversion -Wfloat-conversion -Wnon-literal-null-conversion -Wobjc-literal-conversion -Wassign-enum -Wsign-compare -Wshorten-64-to-32 -Wpointer-sign -Wnewline-eof -Wselector -Wstrict-selector-match -Wundeclared-selector -Wdeprecated-implementations -Wno-implicit-fallthrough -isysroot /Applications/Xcode.app/Contents/Developer/Platforms/MacOSX.platform/Developer/SDKs/MacOSX27.0.sdk -fstrict-aliasing -Wprotocol -Wdeprecated-declarations -Wsign-conversion -Winfinite-recursion -Wcomma -Wblock-capture-autoreleasing -Wstrict-prototypes -Wno-semicolon-before-method-body -index-store-path /Users/buddhirajgautam/Library/Developer/Xcode/DerivedData/Telegram-Mac-fygdgghdgmuleoelvxabfmqiotta/Index.noindex/DataStore -Wall -Weverything -Wno-unused-macros -Wno-gnu-statement-expression -Wno-arc-repeated-use-of-weak -Wno-auto-import -Wno-gnu-zero-variadic-macro-arguments -Wno-custom-atomic-properties -Wno-implicit-atomic-properties @/Users/buddhirajgautam/Library/Developer/Xcode/DerivedData/Telegram-Mac-fygdgghdgmuleoelvxabfmqiotta/Build/Intermediates.noindex/Sparkle.build/Debug/Sparkle.build/Objects-normal/arm64/e6072d4f65d7061329687fe24e3d63a7-common-args.resp -MMD -MT dependencies -MF /Users/buddhirajgautam/Library/Developer/Xcode/DerivedData/Telegram-Mac-fygdgghdgmuleoelvxabfmqiotta/Build/Intermediates.noindex/Sparkle.build/Debug/Sparkle.build/Objects-normal/arm64/SPUDownloadData.d --serialize-diagnostics /Users/buddhirajgautam/Library/Developer/Xcode/DerivedData/Telegram-Mac-fygdgghdgmuleoelvxabfmqiotta/Build/Intermediates.noindex/Sparkle.build/Debug/Sparkle.build/Objects-normal/arm64/SPUDownloadData.dia -c /Users/buddhirajgautam/Documents/Cherrygram-Mac/macOS-Swift/submodules/Sparkle/Sparkle/SPUDownloadData.m -o /Users/buddhirajgautam/Library/Developer/Xcode/DerivedData/Telegram-Mac-fygdgghdgmuleoelvxabfmqiotta/Build/Intermediates.noindex/Sparkle.build/Debug/Sparkle.build/Objects-normal/arm64/SPUDownloadData.o -index-unit-output-path /Sparkle.build/Debug/Sparkle.build/Objects-normal/arm64/SPUDownloadData.o
/Users/buddhirajgautam/Documents/Cherrygram-Mac/macOS-Swift/submodules/Sparkle/Sparkle/SPUDownloadData.m:61:19: warning: mixing declarations and code is incompatible with standards before C99 [-Wdeclaration-after-statement]
   61 |         NSString *textEncodingName = [decoder decodeObjectOfClass:[NSString class] forKey:SPUDownloadTextEncodingKey];
      |                   ^
1 warning generated.

PrecompileModule /Users/buddhirajgautam/Library/Developer/Xcode/DerivedData/Telegram-Mac-fygdgghdgmuleoelvxabfmqiotta/Build/Intermediates.noindex/ExplicitPrecompiledModules/IOSurface-394TXXY5DHVYHB2BNLF1LUI8I.scan
    cd /
    builtin-precompileModule /Users/buddhirajgautam/Library/Developer/Xcode/DerivedData/Telegram-Mac-fygdgghdgmuleoelvxabfmqiotta/Build/Intermediates.noindex/ExplicitPrecompiledModules/IOSurface-394TXXY5DHVYHB2BNLF1LUI8I.scan

PrecompileModule /Users/buddhirajgautam/Library/Developer/Xcode/DerivedData/Telegram-Mac-fygdgghdgmuleoelvxabfmqiotta/Build/Intermediates.noindex/ExplicitPrecompiledModules/JavaScriptCore-DA8FTCUN1X6GS5RKMYTM8IQKC.scan
    cd /
    builtin-precompileModule /Users/buddhirajgautam/Library/Developer/Xcode/DerivedData/Telegram-Mac-fygdgghdgmuleoelvxabfmqiotta/Build/Intermediates.noindex/ExplicitPrecompiledModules/JavaScriptCore-DA8FTCUN1X6GS5RKMYTM8IQKC.scan

PrecompileModule /Users/buddhirajgautam/Library/Developer/Xcode/DerivedData/Telegram-Mac-fygdgghdgmuleoelvxabfmqiotta/Build/Intermediates.noindex/ExplicitPrecompiledModules/Network-8D3HCL5F4RQWES0Z8OXA8D8ML.scan
    cd /
    builtin-precompileModule /Users/buddhirajgautam/Library/Developer/Xcode/DerivedData/Telegram-Mac-fygdgghdgmuleoelvxabfmqiotta/Build/Intermediates.noindex/ExplicitPrecompiledModules/Network-8D3HCL5F4RQWES0Z8OXA8D8ML.scan

PrecompileModule /Users/buddhirajgautam/Library/Developer/Xcode/DerivedData/Telegram-Mac-fygdgghdgmuleoelvxabfmqiotta/Build/Intermediates.noindex/ExplicitPrecompiledModules/ApplicationServices-84LKWVBY1WVKJJ3FJ9EOJ2EMH.scan
    cd /
    builtin-precompileModule /Users/buddhirajgautam/Library/Developer/Xcode/DerivedData/Telegram-Mac-fygdgghdgmuleoelvxabfmqiotta/Build/Intermediates.noindex/ExplicitPrecompiledModules/ApplicationServices-84LKWVBY1WVKJJ3FJ9EOJ2EMH.scan

PrecompileModule /Users/buddhirajgautam/Library/Developer/Xcode/DerivedData/Telegram-Mac-fygdgghdgmuleoelvxabfmqiotta/Build/Intermediates.noindex/ExplicitPrecompiledModules/Metal-CGFL2S8PSFKIQ4O6FSJ7QOI68.scan
    cd /
    builtin-precompileModule /Users/buddhirajgautam/Library/Developer/Xcode/DerivedData/Telegram-Mac-fygdgghdgmuleoelvxabfmqiotta/Build/Intermediates.noindex/ExplicitPrecompiledModules/Metal-CGFL2S8PSFKIQ4O6FSJ7QOI68.scan

PrecompileModule /Users/buddhirajgautam/Library/Developer/Xcode/DerivedData/Telegram-Mac-fygdgghdgmuleoelvxabfmqiotta/Build/Intermediates.noindex/ExplicitPrecompiledModules/_LocationEssentials-B40CTGRHUMPOLBIMOWYY8A4PT.scan
    cd /
    builtin-precompileModule /Users/buddhirajgautam/Library/Developer/Xcode/DerivedData/Telegram-Mac-fygdgghdgmuleoelvxabfmqiotta/Build/Intermediates.noindex/ExplicitPrecompiledModules/_LocationEssentials-B40CTGRHUMPOLBIMOWYY8A4PT.scan

PrecompileModule /Users/buddhirajgautam/Library/Developer/Xcode/DerivedData/Telegram-Mac-fygdgghdgmuleoelvxabfmqiotta/Build/Intermediates.noindex/ExplicitPrecompiledModules/Symbols-D8TY8IZS94A6SZCS6V4UCGPAP.scan
    cd /
    builtin-precompileModule /Users/buddhirajgautam/Library/Developer/Xcode/DerivedData/Telegram-Mac-fygdgghdgmuleoelvxabfmqiotta/Build/Intermediates.noindex/ExplicitPrecompiledModules/Symbols-D8TY8IZS94A6SZCS6V4UCGPAP.scan

PrecompileModule /Users/buddhirajgautam/Library/Developer/Xcode/DerivedData/Telegram-Mac-fygdgghdgmuleoelvxabfmqiotta/Build/Intermediates.noindex/ExplicitPrecompiledModules/CoreLocation-6KHG63UFQPKC8Q5O245LJ74I.scan
    cd /
    builtin-precompileModule /Users/buddhirajgautam/Library/Developer/Xcode/DerivedData/Telegram-Mac-fygdgghdgmuleoelvxabfmqiotta/Build/Intermediates.noindex/ExplicitPrecompiledModules/CoreLocation-6KHG63UFQPKC8Q5O245LJ74I.scan

SwiftCompile normal arm64 Compiling\ PeerCallArguments.swift,\ PeerCallParticipantsView.swift /Users/buddhirajgautam/Documents/Cherrygram-Mac/macOS-Swift/packages/PrivateCallScreen/Sources/PeerCallArguments.swift /Users/buddhirajgautam/Documents/Cherrygram-Mac/macOS-Swift/packages/PrivateCallScreen/Sources/PeerCallParticipantsView.swift (in target 'PrivateCallScreen' from project 'PrivateCallScreen')

SwiftCompile normal arm64 /Users/buddhirajgautam/Documents/Cherrygram-Mac/macOS-Swift/packages/PrivateCallScreen/Sources/PeerCallArguments.swift (in target 'PrivateCallScreen' from project 'PrivateCallScreen')
    cd /Users/buddhirajgautam/Documents/Cherrygram-Mac/macOS-Swift
    builtin-SwiftPerFileCompile PeerCallArguments.swift

SwiftCompile normal arm64 /Users/buddhirajgautam/Documents/Cherrygram-Mac/macOS-Swift/packages/PrivateCallScreen/Sources/PeerCallParticipantsView.swift (in target 'PrivateCallScreen' from project 'PrivateCallScreen')
    cd /Users/buddhirajgautam/Documents/Cherrygram-Mac/macOS-Swift
    builtin-SwiftPerFileCompile PeerCallParticipantsView.swift

PrecompileModule /Users/buddhirajgautam/Library/Developer/Xcode/DerivedData/Telegram-Mac-fygdgghdgmuleoelvxabfmqiotta/Build/Intermediates.noindex/ExplicitPrecompiledModules/CoreVideo-832E65YOEAT1GIEJE719O1X5Q.scan
    cd /
    builtin-precompileModule /Users/buddhirajgautam/Library/Developer/Xcode/DerivedData/Telegram-Mac-fygdgghdgmuleoelvxabfmqiotta/Build/Intermediates.noindex/ExplicitPrecompiledModules/CoreVideo-832E65YOEAT1GIEJE719O1X5Q.scan

PrecompileModule /Users/buddhirajgautam/Library/Developer/Xcode/DerivedData/Telegram-Mac-fygdgghdgmuleoelvxabfmqiotta/Build/Intermediates.noindex/ExplicitPrecompiledModules/CloudKit-4M8CL9WK2OSQKEMC0XK9QR0S0.scan
    cd /
    builtin-precompileModule /Users/buddhirajgautam/Library/Developer/Xcode/DerivedData/Telegram-Mac-fygdgghdgmuleoelvxabfmqiotta/Build/Intermediates.noindex/ExplicitPrecompiledModules/CloudKit-4M8CL9WK2OSQKEMC0XK9QR0S0.scan

PrecompileModule /Users/buddhirajgautam/Library/Developer/Xcode/DerivedData/Telegram-Mac-fygdgghdgmuleoelvxabfmqiotta/Build/Intermediates.noindex/ExplicitPrecompiledModules/QuartzCore-75ASQRG2H6TW6QFE2WORWXWEZ.scan
    cd /
    builtin-precompileModule /Users/buddhirajgautam/Library/Developer/Xcode/DerivedData/Telegram-Mac-fygdgghdgmuleoelvxabfmqiotta/Build/Intermediates.noindex/ExplicitPrecompiledModules/QuartzCore-75ASQRG2H6TW6QFE2WORWXWEZ.scan

PrecompileModule /Users/buddhirajgautam/Library/Developer/Xcode/DerivedData/Telegram-Mac-fygdgghdgmuleoelvxabfmqiotta/Build/Intermediates.noindex/ExplicitPrecompiledModules/CoreImage-1Y1CGDP1LNZLPZS7BM7F5BOR.scan
    cd /
    builtin-precompileModule /Users/buddhirajgautam/Library/Developer/Xcode/DerivedData/Telegram-Mac-fygdgghdgmuleoelvxabfmqiotta/Build/Intermediates.noindex/ExplicitPrecompiledModules/CoreImage-1Y1CGDP1LNZLPZS7BM7F5BOR.scan

PrecompileModule /Users/buddhirajgautam/Library/Developer/Xcode/DerivedData/Telegram-Mac-fygdgghdgmuleoelvxabfmqiotta/Build/Intermediates.noindex/ExplicitPrecompiledModules/CoreData-6U0ANAQ9DVS14BHXASI1RZEKU.scan
    cd /
    builtin-precompileModule /Users/buddhirajgautam/Library/Developer/Xcode/DerivedData/Telegram-Mac-fygdgghdgmuleoelvxabfmqiotta/Build/Intermediates.noindex/ExplicitPrecompiledModules/CoreData-6U0ANAQ9DVS14BHXASI1RZEKU.scan

SwiftCompile normal arm64 Compiling\ PeerCallSecretKeyView.swift,\ PeerCallStatusView.swift /Users/buddhirajgautam/Documents/Cherrygram-Mac/macOS-Swift/packages/PrivateCallScreen/Sources/PeerCallSecretKeyView.swift /Users/buddhirajgautam/Documents/Cherrygram-Mac/macOS-Swift/packages/PrivateCallScreen/Sources/PeerCallStatusView.swift (in target 'PrivateCallScreen' from project 'PrivateCallScreen')
/Users/buddhirajgautam/Documents/Cherrygram-Mac/macOS-Swift/packages/PrivateCallScreen/Sources/PeerCallStatusView.swift:127:13: warning: initialization of immutable value 'previousStatus' was never used; consider replacing with assignment to '_' or removing it [#NoUsage]
125 |     func updateState(_ state: PeerCallState, arguments: Arguments, transition: ContainedViewLayoutTransition) {
126 |         
127 |         let previousStatus = self.status
    |             `- warning: initialization of immutable value 'previousStatus' was never used; consider replacing with assignment to '_' or removing it [#NoUsage]
128 |         let status = state.status
129 |         

[#NoUsage]: <https://docs.swift.org/compiler/documentation/diagnostics/no-usage>

SwiftCompile normal arm64 /Users/buddhirajgautam/Documents/Cherrygram-Mac/macOS-Swift/packages/PrivateCallScreen/Sources/PeerCallSecretKeyView.swift (in target 'PrivateCallScreen' from project 'PrivateCallScreen')
    cd /Users/buddhirajgautam/Documents/Cherrygram-Mac/macOS-Swift
    builtin-SwiftPerFileCompile PeerCallSecretKeyView.swift

SwiftCompile normal arm64 /Users/buddhirajgautam/Documents/Cherrygram-Mac/macOS-Swift/packages/PrivateCallScreen/Sources/PeerCallStatusView.swift (in target 'PrivateCallScreen' from project 'PrivateCallScreen')
    cd /Users/buddhirajgautam/Documents/Cherrygram-Mac/macOS-Swift
    builtin-SwiftPerFileCompile PeerCallStatusView.swift

SwiftCompile normal arm64 Compiling\ State.swift /Users/buddhirajgautam/Documents/Cherrygram-Mac/macOS-Swift/packages/PrivateCallScreen/Sources/State.swift (in target 'PrivateCallScreen' from project 'PrivateCallScreen')

SwiftCompile normal arm64 /Users/buddhirajgautam/Documents/Cherrygram-Mac/macOS-Swift/packages/PrivateCallScreen/Sources/State.swift (in target 'PrivateCallScreen' from project 'PrivateCallScreen')
    cd /Users/buddhirajgautam/Documents/Cherrygram-Mac/macOS-Swift
    builtin-SwiftPerFileCompile State.swift

PrecompileModule /Users/buddhirajgautam/Library/Developer/Xcode/DerivedData/Telegram-Mac-fygdgghdgmuleoelvxabfmqiotta/Build/Intermediates.noindex/ExplicitPrecompiledModules/AppKit-PYQYWVL2J4400ZBSAVN79PHJ.scan
    cd /
    builtin-precompileModule /Users/buddhirajgautam/Library/Developer/Xcode/DerivedData/Telegram-Mac-fygdgghdgmuleoelvxabfmqiotta/Build/Intermediates.noindex/ExplicitPrecompiledModules/AppKit-PYQYWVL2J4400ZBSAVN79PHJ.scan

SwiftDriverJobDiscovery normal arm64 Compiling PeerCallScreen.swift, PeerCallScreenView.swift (in target 'PrivateCallScreen' from project 'PrivateCallScreen')

SwiftCompile normal arm64 Compiling\ GeneratedAssetSymbols.swift /Users/buddhirajgautam/Library/Developer/Xcode/DerivedData/Telegram-Mac-fygdgghdgmuleoelvxabfmqiotta/Build/Intermediates.noindex/PrivateCallScreen.build/Debug/PrivateCallScreen-t.build/DerivedSources/GeneratedAssetSymbols.swift (in target 'PrivateCallScreen' from project 'PrivateCallScreen')

SwiftCompile normal arm64 /Users/buddhirajgautam/Library/Developer/Xcode/DerivedData/Telegram-Mac-fygdgghdgmuleoelvxabfmqiotta/Build/Intermediates.noindex/PrivateCallScreen.build/Debug/PrivateCallScreen-t.build/DerivedSources/GeneratedAssetSymbols.swift (in target 'PrivateCallScreen' from project 'PrivateCallScreen')
    cd /Users/buddhirajgautam/Documents/Cherrygram-Mac/macOS-Swift
    builtin-SwiftPerFileCompile GeneratedAssetSymbols.swift

SwiftDriverJobDiscovery normal arm64 Compiling SEUIInputView.swift, InterfaceObserver.swift, ShareViewController.swift, SEUnauthorizedViewController.swift, SESelectController.swift, GeneratedAssetSymbols.swift (in target 'TelegramShare' from project 'Telegram')

SwiftCompile normal arm64 Compiling\ resource_bundle_accessor.swift,\ PeerCallAction.swift /Users/buddhirajgautam/Library/Developer/Xcode/DerivedData/Telegram-Mac-fygdgghdgmuleoelvxabfmqiotta/Build/Intermediates.noindex/PrivateCallScreen.build/Debug/PrivateCallScreen-t.build/DerivedSources/resource_bundle_accessor.swift /Users/buddhirajgautam/Documents/Cherrygram-Mac/macOS-Swift/packages/PrivateCallScreen/Sources/PeerCallAction.swift (in target 'PrivateCallScreen' from project 'PrivateCallScreen')
/Users/buddhirajgautam/Documents/Cherrygram-Mac/macOS-Swift/packages/PrivateCallScreen/Sources/PeerCallAction.swift:136:36: warning: 'light' was deprecated in macOS 10.14: Use a semantic material instead.  To force the appearance of a view hierarchy, set the `appearance` property to an appropriate NSAppearance value. [#DeprecatedDeclaration]
134 |         
135 |         backgroundView.wantsLayer = true
136 |         backgroundView.material = .light
    |                                    `- warning: 'light' was deprecated in macOS 10.14: Use a semantic material instead.  To force the appearance of a view hierarchy, set the `appearance` property to an appropriate NSAppearance value. [#DeprecatedDeclaration]
137 |         backgroundView.state = .active
138 |         backgroundView.blendingMode = .withinWindow

[#DeprecatedDeclaration]: <https://docs.swift.org/compiler/documentation/diagnostics/deprecated-declaration>

SwiftCompile normal arm64 /Users/buddhirajgautam/Library/Developer/Xcode/DerivedData/Telegram-Mac-fygdgghdgmuleoelvxabfmqiotta/Build/Intermediates.noindex/PrivateCallScreen.build/Debug/PrivateCallScreen-t.build/DerivedSources/resource_bundle_accessor.swift (in target 'PrivateCallScreen' from project 'PrivateCallScreen')
    cd /Users/buddhirajgautam/Documents/Cherrygram-Mac/macOS-Swift
    builtin-SwiftPerFileCompile resource_bundle_accessor.swift

SwiftCompile normal arm64 /Users/buddhirajgautam/Documents/Cherrygram-Mac/macOS-Swift/packages/PrivateCallScreen/Sources/PeerCallAction.swift (in target 'PrivateCallScreen' from project 'PrivateCallScreen')
    cd /Users/buddhirajgautam/Documents/Cherrygram-Mac/macOS-Swift
    builtin-SwiftPerFileCompile PeerCallAction.swift

SwiftDriverJobDiscovery normal arm64 Compiling PeerCallArguments.swift, PeerCallParticipantsView.swift (in target 'PrivateCallScreen' from project 'PrivateCallScreen')

ExtractAppIntentsMetadata (in target 'MetalEngine' from project 'MetalEngine')
    cd /Users/buddhirajgautam/Documents/Cherrygram-Mac/macOS-Swift/submodules/telegram-ios/submodules/MetalEngine
    /Applications/Xcode.app/Contents/Developer/Toolchains/XcodeDefault.xctoolchain/usr/bin/appintentsmetadataprocessor --toolchain-dir /var/run/com.apple.security.cryptexd/mnt/com.apple.MobileAsset.MetalToolchain-v27.1.266.1.Pr1pMU/Metal.xctoolchain --module-name MetalEngine --sdk-root /Applications/Xcode.app/Contents/Developer/Platforms/MacOSX.platform/Developer/SDKs/MacOSX27.0.sdk --xcode-version 27A266a --platform-family macOS --deployment-target 12.0 --bundle-identifier metalengine.MetalEngine --output /Users/buddhirajgautam/Library/Developer/Xcode/DerivedData/Telegram-Mac-fygdgghdgmuleoelvxabfmqiotta/Build/Products/Debug/MetalEngine.appintents --target-triple arm64-apple-macos12.0 --binary-file /Users/buddhirajgautam/Library/Developer/Xcode/DerivedData/Telegram-Mac-fygdgghdgmuleoelvxabfmqiotta/Build/Products/Debug/MetalEngine.o --dependency-file /Users/buddhirajgautam/Library/Developer/Xcode/DerivedData/Telegram-Mac-fygdgghdgmuleoelvxabfmqiotta/Build/Intermediates.noindex/MetalEngine.build/Debug/MetalEngine-t.build/Objects-normal/arm64/MetalEngine_dependency_info.dat --stringsdata-file /Users/buddhirajgautam/Library/Developer/Xcode/DerivedData/Telegram-Mac-fygdgghdgmuleoelvxabfmqiotta/Build/Intermediates.noindex/MetalEngine.build/Debug/MetalEngine-t.build/Objects-normal/arm64/ExtractedAppShortcutsMetadata.stringsdata --source-file-list /Users/buddhirajgautam/Library/Developer/Xcode/DerivedData/Telegram-Mac-fygdgghdgmuleoelvxabfmqiotta/Build/Intermediates.noindex/MetalEngine.build/Debug/MetalEngine-t.build/Objects-normal/arm64/MetalEngine.SwiftFileList --metadata-file-list /Users/buddhirajgautam/Library/Developer/Xcode/DerivedData/Telegram-Mac-fygdgghdgmuleoelvxabfmqiotta/Build/Intermediates.noindex/MetalEngine.build/Debug/MetalEngine-t.build/MetalEngine.DependencyMetadataFileList --static-metadata-file-list /Users/buddhirajgautam/Library/Developer/Xcode/DerivedData/Telegram-Mac-fygdgghdgmuleoelvxabfmqiotta/Build/Intermediates.noindex/MetalEngine.build/Debug/MetalEngine-t.build/MetalEngine.DependencyStaticMetadataFileList --swift-const-vals-list /Users/buddhirajgautam/Library/Developer/Xcode/DerivedData/Telegram-Mac-fygdgghdgmuleoelvxabfmqiotta/Build/Intermediates.noindex/MetalEngine.build/Debug/MetalEngine-t.build/Objects-normal/arm64/MetalEngine.SwiftConstValuesFileList --force --compile-time-extraction --deployment-aware-processing --no-app-shortcuts-localization
2026-09-21 20:25:50.982 appintentsmetadataprocessor[56995:3891813] Starting appintentsmetadataprocessor export
2026-09-21 20:25:51.155 appintentsmetadataprocessor[56995:3891813] Extracted no relevant App Intents symbols, skipping writing output

SwiftDriverJobDiscovery normal arm64 Compiling GeneratedAssetSymbols.swift (in target 'PrivateCallScreen' from project 'PrivateCallScreen')

ExtractAppIntentsMetadata (in target 'Localization' from project 'Localization')
    cd /Users/buddhirajgautam/Documents/Cherrygram-Mac/macOS-Swift/packages/Localization
    /Applications/Xcode.app/Contents/Developer/Toolchains/XcodeDefault.xctoolchain/usr/bin/appintentsmetadataprocessor --toolchain-dir /var/run/com.apple.security.cryptexd/mnt/com.apple.MobileAsset.MetalToolchain-v27.1.266.1.Pr1pMU/Metal.xctoolchain --module-name Localization --sdk-root /Applications/Xcode.app/Contents/Developer/Platforms/MacOSX.platform/Developer/SDKs/MacOSX27.0.sdk --xcode-version 27A266a --platform-family macOS --deployment-target 12.0 --bundle-identifier localization.Localization --output /Users/buddhirajgautam/Library/Developer/Xcode/DerivedData/Telegram-Mac-fygdgghdgmuleoelvxabfmqiotta/Build/Products/Debug/Localization.appintents --target-triple arm64-apple-macos12.0 --binary-file /Users/buddhirajgautam/Library/Developer/Xcode/DerivedData/Telegram-Mac-fygdgghdgmuleoelvxabfmqiotta/Build/Products/Debug/Localization.o --dependency-file /Users/buddhirajgautam/Library/Developer/Xcode/DerivedData/Telegram-Mac-fygdgghdgmuleoelvxabfmqiotta/Build/Intermediates.noindex/Localization.build/Debug/Localization-t.build/Objects-normal/arm64/Localization_dependency_info.dat --stringsdata-file /Users/buddhirajgautam/Library/Developer/Xcode/DerivedData/Telegram-Mac-fygdgghdgmuleoelvxabfmqiotta/Build/Intermediates.noindex/Localization.build/Debug/Localization-t.build/Objects-normal/arm64/ExtractedAppShortcutsMetadata.stringsdata --source-file-list /Users/buddhirajgautam/Library/Developer/Xcode/DerivedData/Telegram-Mac-fygdgghdgmuleoelvxabfmqiotta/Build/Intermediates.noindex/Localization.build/Debug/Localization-t.build/Objects-normal/arm64/Localization.SwiftFileList --metadata-file-list /Users/buddhirajgautam/Library/Developer/Xcode/DerivedData/Telegram-Mac-fygdgghdgmuleoelvxabfmqiotta/Build/Intermediates.noindex/Localization.build/Debug/Localization-t.build/Localization.DependencyMetadataFileList --static-metadata-file-list /Users/buddhirajgautam/Library/Developer/Xcode/DerivedData/Telegram-Mac-fygdgghdgmuleoelvxabfmqiotta/Build/Intermediates.noindex/Localization.build/Debug/Localization-t.build/Localization.DependencyStaticMetadataFileList --swift-const-vals-list /Users/buddhirajgautam/Library/Developer/Xcode/DerivedData/Telegram-Mac-fygdgghdgmuleoelvxabfmqiotta/Build/Intermediates.noindex/Localization.build/Debug/Localization-t.build/Objects-normal/arm64/Localization.SwiftConstValuesFileList --force --compile-time-extraction --deployment-aware-processing --no-app-shortcuts-localization
2026-09-21 20:25:51.039 appintentsmetadataprocessor[56996:3891818] Starting appintentsmetadataprocessor export
2026-09-21 20:25:51.137 appintentsmetadataprocessor[56996:3891818] Extracted no relevant App Intents symbols, skipping writing output

SwiftDriverJobDiscovery normal arm64 Compiling ChatListFilterPredicate.swift, PeerInfoUtils.swift, AvatarStoryControl.swift, PresenceStrings.swift, InlineStickersContext.swift, SEFoldersRowItem.swift (in target 'TelegramShare' from project 'Telegram')

ExtractAppIntentsMetadata (in target 'InAppSettings' from project 'InAppSettings')
    cd /Users/buddhirajgautam/Documents/Cherrygram-Mac/macOS-Swift/packages/InAppSettings
    /Applications/Xcode.app/Contents/Developer/Toolchains/XcodeDefault.xctoolchain/usr/bin/appintentsmetadataprocessor --toolchain-dir /var/run/com.apple.security.cryptexd/mnt/com.apple.MobileAsset.MetalToolchain-v27.1.266.1.Pr1pMU/Metal.xctoolchain --module-name InAppSettings --sdk-root /Applications/Xcode.app/Contents/Developer/Platforms/MacOSX.platform/Developer/SDKs/MacOSX27.0.sdk --xcode-version 27A266a --platform-family macOS --deployment-target 12.0 --bundle-identifier inappsettings.InAppSettings --output /Users/buddhirajgautam/Library/Developer/Xcode/DerivedData/Telegram-Mac-fygdgghdgmuleoelvxabfmqiotta/Build/Products/Debug/InAppSettings.appintents --target-triple arm64-apple-macos12.0 --binary-file /Users/buddhirajgautam/Library/Developer/Xcode/DerivedData/Telegram-Mac-fygdgghdgmuleoelvxabfmqiotta/Build/Products/Debug/InAppSettings.o --dependency-file /Users/buddhirajgautam/Library/Developer/Xcode/DerivedData/Telegram-Mac-fygdgghdgmuleoelvxabfmqiotta/Build/Intermediates.noindex/InAppSettings.build/Debug/InAppSettings-t.build/Objects-normal/arm64/InAppSettings_dependency_info.dat --stringsdata-file /Users/buddhirajgautam/Library/Developer/Xcode/DerivedData/Telegram-Mac-fygdgghdgmuleoelvxabfmqiotta/Build/Intermediates.noindex/InAppSettings.build/Debug/InAppSettings-t.build/Objects-normal/arm64/ExtractedAppShortcutsMetadata.stringsdata --source-file-list /Users/buddhirajgautam/Library/Developer/Xcode/DerivedData/Telegram-Mac-fygdgghdgmuleoelvxabfmqiotta/Build/Intermediates.noindex/InAppSettings.build/Debug/InAppSettings-t.build/Objects-normal/arm64/InAppSettings.SwiftFileList --metadata-file-list /Users/buddhirajgautam/Library/Developer/Xcode/DerivedData/Telegram-Mac-fygdgghdgmuleoelvxabfmqiotta/Build/Intermediates.noindex/InAppSettings.build/Debug/InAppSettings-t.build/InAppSettings.DependencyMetadataFileList --static-metadata-file-list /Users/buddhirajgautam/Library/Developer/Xcode/DerivedData/Telegram-Mac-fygdgghdgmuleoelvxabfmqiotta/Build/Intermediates.noindex/InAppSettings.build/Debug/InAppSettings-t.build/InAppSettings.DependencyStaticMetadataFileList --swift-const-vals-list /Users/buddhirajgautam/Library/Developer/Xcode/DerivedData/Telegram-Mac-fygdgghdgmuleoelvxabfmqiotta/Build/Intermediates.noindex/InAppSettings.build/Debug/InAppSettings-t.build/Objects-normal/arm64/InAppSettings.SwiftConstValuesFileList --force --compile-time-extraction --deployment-aware-processing --no-app-shortcuts-localization
2026-09-21 20:25:51.169 appintentsmetadataprocessor[56997:3891824] Starting appintentsmetadataprocessor export
2026-09-21 20:25:51.284 appintentsmetadataprocessor[56997:3891824] Extracted no relevant App Intents symbols, skipping writing output

ExtractAppIntentsMetadata (in target 'GraphUI' from project 'GraphUI')
    cd /Users/buddhirajgautam/Documents/Cherrygram-Mac/macOS-Swift/packages/GraphUI
    /Applications/Xcode.app/Contents/Developer/Toolchains/XcodeDefault.xctoolchain/usr/bin/appintentsmetadataprocessor --toolchain-dir /var/run/com.apple.security.cryptexd/mnt/com.apple.MobileAsset.MetalToolchain-v27.1.266.1.Pr1pMU/Metal.xctoolchain --module-name GraphUI --sdk-root /Applications/Xcode.app/Contents/Developer/Platforms/MacOSX.platform/Developer/SDKs/MacOSX27.0.sdk --xcode-version 27A266a --platform-family macOS --deployment-target 12.0 --bundle-identifier graphui.GraphUI --output /Users/buddhirajgautam/Library/Developer/Xcode/DerivedData/Telegram-Mac-fygdgghdgmuleoelvxabfmqiotta/Build/Products/Debug/GraphUI.appintents --target-triple arm64-apple-macos12.0 --binary-file /Users/buddhirajgautam/Library/Developer/Xcode/DerivedData/Telegram-Mac-fygdgghdgmuleoelvxabfmqiotta/Build/Products/Debug/GraphUI.o --dependency-file /Users/buddhirajgautam/Library/Developer/Xcode/DerivedData/Telegram-Mac-fygdgghdgmuleoelvxabfmqiotta/Build/Intermediates.noindex/GraphUI.build/Debug/GraphUI-t.build/Objects-normal/arm64/GraphUI_dependency_info.dat --stringsdata-file /Users/buddhirajgautam/Library/Developer/Xcode/DerivedData/Telegram-Mac-fygdgghdgmuleoelvxabfmqiotta/Build/Intermediates.noindex/GraphUI.build/Debug/GraphUI-t.build/Objects-normal/arm64/ExtractedAppShortcutsMetadata.stringsdata --source-file-list /Users/buddhirajgautam/Library/Developer/Xcode/DerivedData/Telegram-Mac-fygdgghdgmuleoelvxabfmqiotta/Build/Intermediates.noindex/GraphUI.build/Debug/GraphUI-t.build/Objects-normal/arm64/GraphUI.SwiftFileList --metadata-file-list /Users/buddhirajgautam/Library/Developer/Xcode/DerivedData/Telegram-Mac-fygdgghdgmuleoelvxabfmqiotta/Build/Intermediates.noindex/GraphUI.build/Debug/GraphUI-t.build/GraphUI.DependencyMetadataFileList --static-metadata-file-list /Users/buddhirajgautam/Library/Developer/Xcode/DerivedData/Telegram-Mac-fygdgghdgmuleoelvxabfmqiotta/Build/Intermediates.noindex/GraphUI.build/Debug/GraphUI-t.build/GraphUI.DependencyStaticMetadataFileList --swift-const-vals-list /Users/buddhirajgautam/Library/Developer/Xcode/DerivedData/Telegram-Mac-fygdgghdgmuleoelvxabfmqiotta/Build/Intermediates.noindex/GraphUI.build/Debug/GraphUI-t.build/Objects-normal/arm64/GraphUI.SwiftConstValuesFileList --force --compile-time-extraction --deployment-aware-processing --no-app-shortcuts-localization
2026-09-21 20:25:51.203 appintentsmetadataprocessor[56998:3891825] Starting appintentsmetadataprocessor export
2026-09-21 20:25:51.306 appintentsmetadataprocessor[56998:3891825] Extracted no relevant App Intents symbols, skipping writing output

ExtractAppIntentsMetadata (in target 'Dock' from project 'Dock')
    cd /Users/buddhirajgautam/Documents/Cherrygram-Mac/macOS-Swift/packages/Dock
    /Applications/Xcode.app/Contents/Developer/Toolchains/XcodeDefault.xctoolchain/usr/bin/appintentsmetadataprocessor --toolchain-dir /var/run/com.apple.security.cryptexd/mnt/com.apple.MobileAsset.MetalToolchain-v27.1.266.1.Pr1pMU/Metal.xctoolchain --module-name Dock --sdk-root /Applications/Xcode.app/Contents/Developer/Platforms/MacOSX.platform/Developer/SDKs/MacOSX27.0.sdk --xcode-version 27A266a --platform-family macOS --deployment-target 12.0 --bundle-identifier dock.Dock --output /Users/buddhirajgautam/Library/Developer/Xcode/DerivedData/Telegram-Mac-fygdgghdgmuleoelvxabfmqiotta/Build/Products/Debug/Dock.appintents --target-triple arm64-apple-macos12.0 --binary-file /Users/buddhirajgautam/Library/Developer/Xcode/DerivedData/Telegram-Mac-fygdgghdgmuleoelvxabfmqiotta/Build/Products/Debug/Dock.o --dependency-file /Users/buddhirajgautam/Library/Developer/Xcode/DerivedData/Telegram-Mac-fygdgghdgmuleoelvxabfmqiotta/Build/Intermediates.noindex/Dock.build/Debug/Dock-t.build/Objects-normal/arm64/Dock_dependency_info.dat --stringsdata-file /Users/buddhirajgautam/Library/Developer/Xcode/DerivedData/Telegram-Mac-fygdgghdgmuleoelvxabfmqiotta/Build/Intermediates.noindex/Dock.build/Debug/Dock-t.build/Objects-normal/arm64/ExtractedAppShortcutsMetadata.stringsdata --source-file-list /Users/buddhirajgautam/Library/Developer/Xcode/DerivedData/Telegram-Mac-fygdgghdgmuleoelvxabfmqiotta/Build/Intermediates.noindex/Dock.build/Debug/Dock-t.build/Objects-normal/arm64/Dock.SwiftFileList --metadata-file-list /Users/buddhirajgautam/Library/Developer/Xcode/DerivedData/Telegram-Mac-fygdgghdgmuleoelvxabfmqiotta/Build/Intermediates.noindex/Dock.build/Debug/Dock-t.build/Dock.DependencyMetadataFileList --static-metadata-file-list /Users/buddhirajgautam/Library/Developer/Xcode/DerivedData/Telegram-Mac-fygdgghdgmuleoelvxabfmqiotta/Build/Intermediates.noindex/Dock.build/Debug/Dock-t.build/Dock.DependencyStaticMetadataFileList --swift-const-vals-list /Users/buddhirajgautam/Library/Developer/Xcode/DerivedData/Telegram-Mac-fygdgghdgmuleoelvxabfmqiotta/Build/Intermediates.noindex/Dock.build/Debug/Dock-t.build/Objects-normal/arm64/Dock.SwiftConstValuesFileList --force --compile-time-extraction --deployment-aware-processing --no-app-shortcuts-localization
2026-09-21 20:25:51.228 appintentsmetadataprocessor[56999:3891829] Starting appintentsmetadataprocessor export
2026-09-21 20:25:51.339 appintentsmetadataprocessor[56999:3891829] Extracted no relevant App Intents symbols, skipping writing output

PrecompileModule /Users/buddhirajgautam/Library/Developer/Xcode/DerivedData/Telegram-Mac-fygdgghdgmuleoelvxabfmqiotta/Build/Intermediates.noindex/ExplicitPrecompiledModules/WebKit-VZL1JV3K2IITO4N8UYAHFKT0.scan
    cd /
    builtin-precompileModule /Users/buddhirajgautam/Library/Developer/Xcode/DerivedData/Telegram-Mac-fygdgghdgmuleoelvxabfmqiotta/Build/Intermediates.noindex/ExplicitPrecompiledModules/WebKit-VZL1JV3K2IITO4N8UYAHFKT0.scan

PrecompileModule /Users/buddhirajgautam/Library/Developer/Xcode/DerivedData/Telegram-Mac-fygdgghdgmuleoelvxabfmqiotta/Build/Intermediates.noindex/ExplicitPrecompiledModules/Cocoa-ACQM0RE9YYD1AHDRJQ540ZCYJ.scan
    cd /
    builtin-precompileModule /Users/buddhirajgautam/Library/Developer/Xcode/DerivedData/Telegram-Mac-fygdgghdgmuleoelvxabfmqiotta/Build/Intermediates.noindex/ExplicitPrecompiledModules/Cocoa-ACQM0RE9YYD1AHDRJQ540ZCYJ.scan

SwiftDriverJobDiscovery normal arm64 Compiling State.swift (in target 'PrivateCallScreen' from project 'PrivateCallScreen')

SwiftDriverJobDiscovery normal arm64 Compiling PeerCallSecretKeyView.swift, PeerCallStatusView.swift (in target 'PrivateCallScreen' from project 'PrivateCallScreen')

CompileC /Users/buddhirajgautam/Library/Developer/Xcode/DerivedData/Telegram-Mac-fygdgghdgmuleoelvxabfmqiotta/Build/Intermediates.noindex/Sparkle.build/Debug/Sparkle.build/Objects-normal/arm64/SUUserInitiatedUpdateDriver.o /Users/buddhirajgautam/Documents/Cherrygram-Mac/macOS-Swift/submodules/Sparkle/Sparkle/SUUserInitiatedUpdateDriver.m normal arm64 objective-c com.apple.compilers.llvm.clang.1_0.compiler (in target 'Sparkle' from project 'Sparkle')
    cd /Users/buddhirajgautam/Documents/Cherrygram-Mac/macOS-Swift/submodules/Sparkle
    
    Using response file: /Users/buddhirajgautam/Library/Developer/Xcode/DerivedData/Telegram-Mac-fygdgghdgmuleoelvxabfmqiotta/Build/Intermediates.noindex/Sparkle.build/Debug/Sparkle.build/Objects-normal/arm64/e6072d4f65d7061329687fe24e3d63a7-common-args.resp
    
    /Applications/Xcode.app/Contents/Developer/Toolchains/XcodeDefault.xctoolchain/usr/bin/clang -x objective-c -ivfsstatcache /Users/buddhirajgautam/Library/Developer/Xcode/DerivedData/SDKStatCaches.noindex/macosx27.0-26A425-e829b21a6f8c9b70876ba0858053c0447231f6df4def33e022ae2eb8f782df1a.sdkstatcache -target arm64-apple-macos12.0 -fmessage-length\=0 -fdiagnostics-show-note-include-stack -fmacro-backtrace-limit\=0 -fno-color-diagnostics -fmodules-prune-interval\=86400 -fmodules-prune-after\=345600 -fbuild-session-file\=/Users/buddhirajgautam/Library/Developer/Xcode/DerivedData/ModuleCache.noindex/Session.modulevalidation -fmodules-validate-once-per-build-session -Wnon-modular-include-in-framework-module -Werror\=non-modular-include-in-framework-module -Wno-trigraphs -Werror\=incompatible-pointer-types -Werror\=implicit-function-declaration -Wmissing-field-initializers -Wmissing-prototypes -Wdocumentation -Wunreachable-code -Wimplicit-atomic-properties -Wno-objc-interface-ivars -Wobjc-missing-property-synthesis -Warc-repeated-use-of-weak -Wno-arc-maybe-repeated-use-of-weak -Wexplicit-ownership-type -Wimplicit-retain-self -Wduplicate-method-match -Wmissing-braces -Wparentheses -Wswitch -Wunused-function -Wunused-label -Wunused-parameter -Wunused-variable -Wunused-value -Wempty-body -Wuninitialized -Wunknown-pragmas -Wshadow -Wfour-char-constants -Wconversion -Wconstant-conversion -Wint-conversion -Wbool-conversion -Wenum-conversion -Wfloat-conversion -Wnon-literal-null-conversion -Wobjc-literal-conversion -Wassign-enum -Wsign-compare -Wshorten-64-to-32 -Wpointer-sign -Wnewline-eof -Wselector -Wstrict-selector-match -Wundeclared-selector -Wdeprecated-implementations -Wno-implicit-fallthrough -isysroot /Applications/Xcode.app/Contents/Developer/Platforms/MacOSX.platform/Developer/SDKs/MacOSX27.0.sdk -fstrict-aliasing -Wprotocol -Wdeprecated-declarations -Wsign-conversion -Winfinite-recursion -Wcomma -Wblock-capture-autoreleasing -Wstrict-prototypes -Wno-semicolon-before-method-body -index-store-path /Users/buddhirajgautam/Library/Developer/Xcode/DerivedData/Telegram-Mac-fygdgghdgmuleoelvxabfmqiotta/Index.noindex/DataStore -Wall -Weverything -Wno-unused-macros -Wno-gnu-statement-expression -Wno-arc-repeated-use-of-weak -Wno-auto-import -Wno-gnu-zero-variadic-macro-arguments -Wno-custom-atomic-properties -Wno-implicit-atomic-properties @/Users/buddhirajgautam/Library/Developer/Xcode/DerivedData/Telegram-Mac-fygdgghdgmuleoelvxabfmqiotta/Build/Intermediates.noindex/Sparkle.build/Debug/Sparkle.build/Objects-normal/arm64/e6072d4f65d7061329687fe24e3d63a7-common-args.resp -MMD -MT dependencies -MF /Users/buddhirajgautam/Library/Developer/Xcode/DerivedData/Telegram-Mac-fygdgghdgmuleoelvxabfmqiotta/Build/Intermediates.noindex/Sparkle.build/Debug/Sparkle.build/Objects-normal/arm64/SUUserInitiatedUpdateDriver.d --serialize-diagnostics /Users/buddhirajgautam/Library/Developer/Xcode/DerivedData/Telegram-Mac-fygdgghdgmuleoelvxabfmqiotta/Build/Intermediates.noindex/Sparkle.build/Debug/Sparkle.build/Objects-normal/arm64/SUUserInitiatedUpdateDriver.dia -c /Users/buddhirajgautam/Documents/Cherrygram-Mac/macOS-Swift/submodules/Sparkle/Sparkle/SUUserInitiatedUpdateDriver.m -o /Users/buddhirajgautam/Library/Developer/Xcode/DerivedData/Telegram-Mac-fygdgghdgmuleoelvxabfmqiotta/Build/Intermediates.noindex/Sparkle.build/Debug/Sparkle.build/Objects-normal/arm64/SUUserInitiatedUpdateDriver.o -index-unit-output-path /Sparkle.build/Debug/Sparkle.build/Objects-normal/arm64/SUUserInitiatedUpdateDriver.o

CompileC /Users/buddhirajgautam/Library/Developer/Xcode/DerivedData/Telegram-Mac-fygdgghdgmuleoelvxabfmqiotta/Build/Intermediates.noindex/Sparkle.build/Debug/Sparkle.build/Objects-normal/arm64/SUUpdater.o /Users/buddhirajgautam/Documents/Cherrygram-Mac/macOS-Swift/submodules/Sparkle/Sparkle/SUUpdater.m normal arm64 objective-c com.apple.compilers.llvm.clang.1_0.compiler (in target 'Sparkle' from project 'Sparkle')
    cd /Users/buddhirajgautam/Documents/Cherrygram-Mac/macOS-Swift/submodules/Sparkle
    
    Using response file: /Users/buddhirajgautam/Library/Developer/Xcode/DerivedData/Telegram-Mac-fygdgghdgmuleoelvxabfmqiotta/Build/Intermediates.noindex/Sparkle.build/Debug/Sparkle.build/Objects-normal/arm64/e6072d4f65d7061329687fe24e3d63a7-common-args.resp
    
    /Applications/Xcode.app/Contents/Developer/Toolchains/XcodeDefault.xctoolchain/usr/bin/clang -x objective-c -ivfsstatcache /Users/buddhirajgautam/Library/Developer/Xcode/DerivedData/SDKStatCaches.noindex/macosx27.0-26A425-e829b21a6f8c9b70876ba0858053c0447231f6df4def33e022ae2eb8f782df1a.sdkstatcache -target arm64-apple-macos12.0 -fmessage-length\=0 -fdiagnostics-show-note-include-stack -fmacro-backtrace-limit\=0 -fno-color-diagnostics -fmodules-prune-interval\=86400 -fmodules-prune-after\=345600 -fbuild-session-file\=/Users/buddhirajgautam/Library/Developer/Xcode/DerivedData/ModuleCache.noindex/Session.modulevalidation -fmodules-validate-once-per-build-session -Wnon-modular-include-in-framework-module -Werror\=non-modular-include-in-framework-module -Wno-trigraphs -Werror\=incompatible-pointer-types -Werror\=implicit-function-declaration -Wmissing-field-initializers -Wmissing-prototypes -Wdocumentation -Wunreachable-code -Wimplicit-atomic-properties -Wno-objc-interface-ivars -Wobjc-missing-property-synthesis -Warc-repeated-use-of-weak -Wno-arc-maybe-repeated-use-of-weak -Wexplicit-ownership-type -Wimplicit-retain-self -Wduplicate-method-match -Wmissing-braces -Wparentheses -Wswitch -Wunused-function -Wunused-label -Wunused-parameter -Wunused-variable -Wunused-value -Wempty-body -Wuninitialized -Wunknown-pragmas -Wshadow -Wfour-char-constants -Wconversion -Wconstant-conversion -Wint-conversion -Wbool-conversion -Wenum-conversion -Wfloat-conversion -Wnon-literal-null-conversion -Wobjc-literal-conversion -Wassign-enum -Wsign-compare -Wshorten-64-to-32 -Wpointer-sign -Wnewline-eof -Wselector -Wstrict-selector-match -Wundeclared-selector -Wdeprecated-implementations -Wno-implicit-fallthrough -isysroot /Applications/Xcode.app/Contents/Developer/Platforms/MacOSX.platform/Developer/SDKs/MacOSX27.0.sdk -fstrict-aliasing -Wprotocol -Wdeprecated-declarations -Wsign-conversion -Winfinite-recursion -Wcomma -Wblock-capture-autoreleasing -Wstrict-prototypes -Wno-semicolon-before-method-body -index-store-path /Users/buddhirajgautam/Library/Developer/Xcode/DerivedData/Telegram-Mac-fygdgghdgmuleoelvxabfmqiotta/Index.noindex/DataStore -Wall -Weverything -Wno-unused-macros -Wno-gnu-statement-expression -Wno-arc-repeated-use-of-weak -Wno-auto-import -Wno-gnu-zero-variadic-macro-arguments -Wno-custom-atomic-properties -Wno-implicit-atomic-properties @/Users/buddhirajgautam/Library/Developer/Xcode/DerivedData/Telegram-Mac-fygdgghdgmuleoelvxabfmqiotta/Build/Intermediates.noindex/Sparkle.build/Debug/Sparkle.build/Objects-normal/arm64/e6072d4f65d7061329687fe24e3d63a7-common-args.resp -MMD -MT dependencies -MF /Users/buddhirajgautam/Library/Developer/Xcode/DerivedData/Telegram-Mac-fygdgghdgmuleoelvxabfmqiotta/Build/Intermediates.noindex/Sparkle.build/Debug/Sparkle.build/Objects-normal/arm64/SUUpdater.d --serialize-diagnostics /Users/buddhirajgautam/Library/Developer/Xcode/DerivedData/Telegram-Mac-fygdgghdgmuleoelvxabfmqiotta/Build/Intermediates.noindex/Sparkle.build/Debug/Sparkle.build/Objects-normal/arm64/SUUpdater.dia -c /Users/buddhirajgautam/Documents/Cherrygram-Mac/macOS-Swift/submodules/Sparkle/Sparkle/SUUpdater.m -o /Users/buddhirajgautam/Library/Developer/Xcode/DerivedData/Telegram-Mac-fygdgghdgmuleoelvxabfmqiotta/Build/Intermediates.noindex/Sparkle.build/Debug/Sparkle.build/Objects-normal/arm64/SUUpdater.o -index-unit-output-path /Sparkle.build/Debug/Sparkle.build/Objects-normal/arm64/SUUpdater.o
/Users/buddhirajgautam/Documents/Cherrygram-Mac/macOS-Swift/submodules/Sparkle/Sparkle/SUUpdater.m:72:5: warning: 'DEBUG' is not defined, evaluates to 0 [-Wundef]
   72 | #if DEBUG
      |     ^
/Users/buddhirajgautam/Documents/Cherrygram-Mac/macOS-Swift/submodules/Sparkle/Sparkle/SUUpdater.m:90:8: warning: mixing declarations and code is incompatible with standards before C99 [-Wdeclaration-after-statement]
   90 |     id updater = [sharedUpdaters objectForKey:[NSValue valueWithNonretainedObject:bundle]];
      |        ^
/Users/buddhirajgautam/Documents/Cherrygram-Mac/macOS-Swift/submodules/Sparkle/Sparkle/SUUpdater.m:115:8: warning: mixing declarations and code is incompatible with standards before C99 [-Wdeclaration-after-statement]
  115 |     id updater = [sharedUpdaters objectForKey:[NSValue valueWithNonretainedObject:bundle]];
      |        ^
/Users/buddhirajgautam/Documents/Cherrygram-Mac/macOS-Swift/submodules/Sparkle/Sparkle/SUUpdater.m:281:13: warning: mixing declarations and code is incompatible with standards before C99 [-Wdeclaration-after-statement]
  281 |     NSDate *lastCheckDate = [self lastUpdateCheckDate];
      |             ^
/Users/buddhirajgautam/Documents/Cherrygram-Mac/macOS-Swift/submodules/Sparkle/Sparkle/SUUpdater.m:314:21: warning: mixing declarations and code is incompatible with standards before C99 [-Wdeclaration-after-statement]
  314 |     SUUpdateDriver *theUpdateDriver = [(SUBasicUpdateDriver *)[(automatic ? [SUAutomaticUpdateDriver class] : [SUScheduledUpdateDriver class])alloc] initWithUpdater:self];
      |                     ^
/Users/buddhirajgautam/Documents/Cherrygram-Mac/macOS-Swift/submodules/Sparkle/Sparkle/SUUpdater.m:345:28: warning: mixing declarations and code is incompatible with standards before C99 [-Wdeclaration-after-statement]
  345 |     SUUIBasedUpdateDriver *theUpdateDriver = [[SUUserInitiatedUpdateDriver alloc] initWithUpdater:self];
      |                            ^
/Users/buddhirajgautam/Documents/Cherrygram-Mac/macOS-Swift/submodules/Sparkle/Sparkle/SUUpdater.m:374:12: warning: mixing declarations and code is incompatible with standards before C99 [-Wdeclaration-after-statement]
  374 |     NSURL *theFeedURL = [self parameterizedFeedURL];
      |            ^
/Users/buddhirajgautam/Documents/Cherrygram-Mac/macOS-Swift/submodules/Sparkle/Sparkle/SUUpdater.m:475:15: warning: mixing declarations and code is incompatible with standards before C99 [-Wdeclaration-after-statement]
  475 |     NSString *appcastString = [self.host objectForKey:SUFeedURLKey];
      |               ^
/Users/buddhirajgautam/Documents/Cherrygram-Mac/macOS-Swift/submodules/Sparkle/Sparkle/SUUpdater.m:498:15: warning: mixing declarations and code is incompatible with standards before C99 [-Wdeclaration-after-statement]
  498 |     NSString *version = [self.sparkleBundle objectForInfoDictionaryKey:(__bridge NSString *)kCFBundleVersionKey];
      |               ^
/Users/buddhirajgautam/Documents/Cherrygram-Mac/macOS-Swift/submodules/Sparkle/Sparkle/SUUpdater.m:533:26: warning: mixing declarations and code is incompatible with standards before C99 [-Wdeclaration-after-statement]
  533 |     const NSTimeInterval oneWeek = 60 * 60 * 24 * 7;
      |                          ^
/Users/buddhirajgautam/Documents/Cherrygram-Mac/macOS-Swift/submodules/Sparkle/Sparkle/SUUpdater.m:515:20: warning: 'stringByAddingPercentEscapesUsingEncoding:' is deprecated: first deprecated in macOS 10.11 - Use -stringByAddingPercentEncodingWithAllowedCharacters: instead, which always uses the recommended UTF-8 encoding, and which encodes for a specific URL component or subcomponent since each URL component or subcomponent has different rules for what characters are valid. [-Wdeprecated-declarations]
  515 |     return [[[[str stringByAddingPercentEscapesUsingEncoding:NSUTF8StringEncoding]
      |                    ^
In module 'Foundation' imported from /Users/buddhirajgautam/Documents/Cherrygram-Mac/macOS-Swift/submodules/Sparkle/Sparkle/SUVersionComparisonProtocol.h:13:
/Applications/Xcode.app/Contents/Developer/Platforms/MacOSX.platform/Developer/SDKs/MacOSX27.0.sdk/System/Library/Frameworks/Foundation.framework/Headers/NSURL.h:1384:1: note: 'stringByAddingPercentEscapesUsingEncoding:' has been explicitly marked deprecated here
 1384 | - (nullable NSString *)stringByAddingPercentEscapesUsingEncoding:(NSStringEncoding)enc API_DEPRECATED("Use -stringByAddingPercentEncodingWithAllowedCharacters: instead, which always uses the recommended UTF-8 encoding, and which encodes for a specific URL component or subcomponent since each URL component or subcomponent has different rules for what characters are valid.", macos(10.0,10.11), ios(2.0,9.0), watchos(2.0,2.0), tvos(9.0,9.0));
      | ^
11 warnings generated.

CompileC /Users/buddhirajgautam/Library/Developer/Xcode/DerivedData/Telegram-Mac-fygdgghdgmuleoelvxabfmqiotta/Build/Intermediates.noindex/Sparkle.build/Debug/Sparkle.build/Objects-normal/arm64/SUUpdatePermissionPrompt.o /Users/buddhirajgautam/Documents/Cherrygram-Mac/macOS-Swift/submodules/Sparkle/Sparkle/SUUpdatePermissionPrompt.m normal arm64 objective-c com.apple.compilers.llvm.clang.1_0.compiler (in target 'Sparkle' from project 'Sparkle')
    cd /Users/buddhirajgautam/Documents/Cherrygram-Mac/macOS-Swift/submodules/Sparkle
    
    Using response file: /Users/buddhirajgautam/Library/Developer/Xcode/DerivedData/Telegram-Mac-fygdgghdgmuleoelvxabfmqiotta/Build/Intermediates.noindex/Sparkle.build/Debug/Sparkle.build/Objects-normal/arm64/e6072d4f65d7061329687fe24e3d63a7-common-args.resp
    
    /Applications/Xcode.app/Contents/Developer/Toolchains/XcodeDefault.xctoolchain/usr/bin/clang -x objective-c -ivfsstatcache /Users/buddhirajgautam/Library/Developer/Xcode/DerivedData/SDKStatCaches.noindex/macosx27.0-26A425-e829b21a6f8c9b70876ba0858053c0447231f6df4def33e022ae2eb8f782df1a.sdkstatcache -target arm64-apple-macos12.0 -fmessage-length\=0 -fdiagnostics-show-note-include-stack -fmacro-backtrace-limit\=0 -fno-color-diagnostics -fmodules-prune-interval\=86400 -fmodules-prune-after\=345600 -fbuild-session-file\=/Users/buddhirajgautam/Library/Developer/Xcode/DerivedData/ModuleCache.noindex/Session.modulevalidation -fmodules-validate-once-per-build-session -Wnon-modular-include-in-framework-module -Werror\=non-modular-include-in-framework-module -Wno-trigraphs -Werror\=incompatible-pointer-types -Werror\=implicit-function-declaration -Wmissing-field-initializers -Wmissing-prototypes -Wdocumentation -Wunreachable-code -Wimplicit-atomic-properties -Wno-objc-interface-ivars -Wobjc-missing-property-synthesis -Warc-repeated-use-of-weak -Wno-arc-maybe-repeated-use-of-weak -Wexplicit-ownership-type -Wimplicit-retain-self -Wduplicate-method-match -Wmissing-braces -Wparentheses -Wswitch -Wunused-function -Wunused-label -Wunused-parameter -Wunused-variable -Wunused-value -Wempty-body -Wuninitialized -Wunknown-pragmas -Wshadow -Wfour-char-constants -Wconversion -Wconstant-conversion -Wint-conversion -Wbool-conversion -Wenum-conversion -Wfloat-conversion -Wnon-literal-null-conversion -Wobjc-literal-conversion -Wassign-enum -Wsign-compare -Wshorten-64-to-32 -Wpointer-sign -Wnewline-eof -Wselector -Wstrict-selector-match -Wundeclared-selector -Wdeprecated-implementations -Wno-implicit-fallthrough -isysroot /Applications/Xcode.app/Contents/Developer/Platforms/MacOSX.platform/Developer/SDKs/MacOSX27.0.sdk -fstrict-aliasing -Wprotocol -Wdeprecated-declarations -Wsign-conversion -Winfinite-recursion -Wcomma -Wblock-capture-autoreleasing -Wstrict-prototypes -Wno-semicolon-before-method-body -index-store-path /Users/buddhirajgautam/Library/Developer/Xcode/DerivedData/Telegram-Mac-fygdgghdgmuleoelvxabfmqiotta/Index.noindex/DataStore -Wall -Weverything -Wno-unused-macros -Wno-gnu-statement-expression -Wno-arc-repeated-use-of-weak -Wno-auto-import -Wno-gnu-zero-variadic-macro-arguments -Wno-custom-atomic-properties -Wno-implicit-atomic-properties @/Users/buddhirajgautam/Library/Developer/Xcode/DerivedData/Telegram-Mac-fygdgghdgmuleoelvxabfmqiotta/Build/Intermediates.noindex/Sparkle.build/Debug/Sparkle.build/Objects-normal/arm64/e6072d4f65d7061329687fe24e3d63a7-common-args.resp -MMD -MT dependencies -MF /Users/buddhirajgautam/Library/Developer/Xcode/DerivedData/Telegram-Mac-fygdgghdgmuleoelvxabfmqiotta/Build/Intermediates.noindex/Sparkle.build/Debug/Sparkle.build/Objects-normal/arm64/SUUpdatePermissionPrompt.d --serialize-diagnostics /Users/buddhirajgautam/Library/Developer/Xcode/DerivedData/Telegram-Mac-fygdgghdgmuleoelvxabfmqiotta/Build/Intermediates.noindex/Sparkle.build/Debug/Sparkle.build/Objects-normal/arm64/SUUpdatePermissionPrompt.dia -c /Users/buddhirajgautam/Documents/Cherrygram-Mac/macOS-Swift/submodules/Sparkle/Sparkle/SUUpdatePermissionPrompt.m -o /Users/buddhirajgautam/Library/Developer/Xcode/DerivedData/Telegram-Mac-fygdgghdgmuleoelvxabfmqiotta/Build/Intermediates.noindex/Sparkle.build/Debug/Sparkle.build/Objects-normal/arm64/SUUpdatePermissionPrompt.o -index-unit-output-path /Sparkle.build/Debug/Sparkle.build/Objects-normal/arm64/SUUpdatePermissionPrompt.o
/Users/buddhirajgautam/Documents/Cherrygram-Mac/macOS-Swift/submodules/Sparkle/Sparkle/SUUpdatePermissionPrompt.m:61:2: warning: completion handler is never used when taking false branch [-Wcompletion-handler]
   61 |         if (self)
      |         ^
/Users/buddhirajgautam/Documents/Cherrygram-Mac/macOS-Swift/submodules/Sparkle/Sparkle/SUUpdatePermissionPrompt.m:82:5: warning: completion handler is never called when taking false branch [-Wcompletion-handler]
   82 |     if (![NSApp modalWindow]) { // do not prompt if there is is another modal window on screen
      |     ^
/Users/buddhirajgautam/Documents/Cherrygram-Mac/macOS-Swift/submodules/Sparkle/Sparkle/SUUpdatePermissionPrompt.m:116:66: warning: positional arguments are not supported by ISO C [-Wformat-non-iso]
  116 |     return [NSString stringWithFormat:SULocalizedString(@"Should %1$@ automatically check for updates? You can always check for updates manually from the %1$@ menu.", nil), [self.host name]];
      |                                                                  ^~~
In file included from /Users/buddhirajgautam/Documents/Cherrygram-Mac/macOS-Swift/submodules/Sparkle/Sparkle/SUUpdatePermissionPrompt.m:14:
/Users/buddhirajgautam/Documents/Cherrygram-Mac/macOS-Swift/submodules/Sparkle/Sparkle/SULocalizations.h:14:76: note: expanded from macro 'SULocalizedString'
   14 | #define SULocalizedString(key, comment) NSLocalizedStringFromTableInBundle(key, @"Sparkle", (NSBundle * _Nonnull)([NSBundle bundleWithIdentifier:SUBundleIdentifier] ? [NSBundle bundleWithIdentifier:SUBundleIdentifier] : [NSBundle mainBundle]), comment)
      |                                                                            ^~~
In module 'Foundation' imported from /Users/buddhirajgautam/Documents/Cherrygram-Mac/macOS-Swift/submodules/Sparkle/Sparkle/SUUpdatePermissionResponse.h:9:
/Applications/Xcode.app/Contents/Developer/Platforms/MacOSX.platform/Developer/SDKs/MacOSX27.0.sdk/System/Library/Frameworks/Foundation.framework/Headers/NSBundle.h:622:37: note: expanded from macro 'NSLocalizedStringFromTableInBundle'
  622 |             [bundle localizedStringForKey:(key) value:@"" table:(tbl)]
      |                                            ^~~
/Users/buddhirajgautam/Documents/Cherrygram-Mac/macOS-Swift/submodules/Sparkle/Sparkle/SUUpdatePermissionPrompt.m:116:155: warning: positional arguments are not supported by ISO C [-Wformat-non-iso]
  116 |     return [NSString stringWithFormat:SULocalizedString(@"Should %1$@ automatically check for updates? You can always check for updates manually from the %1$@ menu.", nil), [self.host name]];
      |                                                                                                                                                           ^~~
In file included from /Users/buddhirajgautam/Documents/Cherrygram-Mac/macOS-Swift/submodules/Sparkle/Sparkle/SUUpdatePermissionPrompt.m:14:
/Users/buddhirajgautam/Documents/Cherrygram-Mac/macOS-Swift/submodules/Sparkle/Sparkle/SULocalizations.h:14:76: note: expanded from macro 'SULocalizedString'
   14 | #define SULocalizedString(key, comment) NSLocalizedStringFromTableInBundle(key, @"Sparkle", (NSBundle * _Nonnull)([NSBundle bundleWithIdentifier:SUBundleIdentifier] ? [NSBundle bundleWithIdentifier:SUBundleIdentifier] : [NSBundle mainBundle]), comment)
      |                                                                            ^~~
In module 'Foundation' imported from /Users/buddhirajgautam/Documents/Cherrygram-Mac/macOS-Swift/submodules/Sparkle/Sparkle/SUUpdatePermissionResponse.h:9:
/Applications/Xcode.app/Contents/Developer/Platforms/MacOSX.platform/Developer/SDKs/MacOSX27.0.sdk/System/Library/Frameworks/Foundation.framework/Headers/NSBundle.h:622:37: note: expanded from macro 'NSLocalizedStringFromTableInBundle'
  622 |             [bundle localizedStringForKey:(key) value:@"" table:(tbl)]
      |                                            ^~~
/Users/buddhirajgautam/Documents/Cherrygram-Mac/macOS-Swift/submodules/Sparkle/Sparkle/SUUpdatePermissionPrompt.m:123:13: warning: mixing declarations and code is incompatible with standards before C99 [-Wdeclaration-after-statement]
  123 |     NSView *contentView = [[self window] contentView];
      |             ^
5 warnings generated.

CompileC /Users/buddhirajgautam/Library/Developer/Xcode/DerivedData/Telegram-Mac-fygdgghdgmuleoelvxabfmqiotta/Build/Intermediates.noindex/Sparkle.build/Debug/Sparkle.build/Objects-normal/arm64/SUUpdateDriver.o /Users/buddhirajgautam/Documents/Cherrygram-Mac/macOS-Swift/submodules/Sparkle/Sparkle/SUUpdateDriver.m normal arm64 objective-c com.apple.compilers.llvm.clang.1_0.compiler (in target 'Sparkle' from project 'Sparkle')
    cd /Users/buddhirajgautam/Documents/Cherrygram-Mac/macOS-Swift/submodules/Sparkle
    
    Using response file: /Users/buddhirajgautam/Library/Developer/Xcode/DerivedData/Telegram-Mac-fygdgghdgmuleoelvxabfmqiotta/Build/Intermediates.noindex/Sparkle.build/Debug/Sparkle.build/Objects-normal/arm64/e6072d4f65d7061329687fe24e3d63a7-common-args.resp
    
    /Applications/Xcode.app/Contents/Developer/Toolchains/XcodeDefault.xctoolchain/usr/bin/clang -x objective-c -ivfsstatcache /Users/buddhirajgautam/Library/Developer/Xcode/DerivedData/SDKStatCaches.noindex/macosx27.0-26A425-e829b21a6f8c9b70876ba0858053c0447231f6df4def33e022ae2eb8f782df1a.sdkstatcache -target arm64-apple-macos12.0 -fmessage-length\=0 -fdiagnostics-show-note-include-stack -fmacro-backtrace-limit\=0 -fno-color-diagnostics -fmodules-prune-interval\=86400 -fmodules-prune-after\=345600 -fbuild-session-file\=/Users/buddhirajgautam/Library/Developer/Xcode/DerivedData/ModuleCache.noindex/Session.modulevalidation -fmodules-validate-once-per-build-session -Wnon-modular-include-in-framework-module -Werror\=non-modular-include-in-framework-module -Wno-trigraphs -Werror\=incompatible-pointer-types -Werror\=implicit-function-declaration -Wmissing-field-initializers -Wmissing-prototypes -Wdocumentation -Wunreachable-code -Wimplicit-atomic-properties -Wno-objc-interface-ivars -Wobjc-missing-property-synthesis -Warc-repeated-use-of-weak -Wno-arc-maybe-repeated-use-of-weak -Wexplicit-ownership-type -Wimplicit-retain-self -Wduplicate-method-match -Wmissing-braces -Wparentheses -Wswitch -Wunused-function -Wunused-label -Wunused-parameter -Wunused-variable -Wunused-value -Wempty-body -Wuninitialized -Wunknown-pragmas -Wshadow -Wfour-char-constants -Wconversion -Wconstant-conversion -Wint-conversion -Wbool-conversion -Wenum-conversion -Wfloat-conversion -Wnon-literal-null-conversion -Wobjc-literal-conversion -Wassign-enum -Wsign-compare -Wshorten-64-to-32 -Wpointer-sign -Wnewline-eof -Wselector -Wstrict-selector-match -Wundeclared-selector -Wdeprecated-implementations -Wno-implicit-fallthrough -isysroot /Applications/Xcode.app/Contents/Developer/Platforms/MacOSX.platform/Developer/SDKs/MacOSX27.0.sdk -fstrict-aliasing -Wprotocol -Wdeprecated-declarations -Wsign-conversion -Winfinite-recursion -Wcomma -Wblock-capture-autoreleasing -Wstrict-prototypes -Wno-semicolon-before-method-body -index-store-path /Users/buddhirajgautam/Library/Developer/Xcode/DerivedData/Telegram-Mac-fygdgghdgmuleoelvxabfmqiotta/Index.noindex/DataStore -Wall -Weverything -Wno-unused-macros -Wno-gnu-statement-expression -Wno-arc-repeated-use-of-weak -Wno-auto-import -Wno-gnu-zero-variadic-macro-arguments -Wno-custom-atomic-properties -Wno-implicit-atomic-properties @/Users/buddhirajgautam/Library/Developer/Xcode/DerivedData/Telegram-Mac-fygdgghdgmuleoelvxabfmqiotta/Build/Intermediates.noindex/Sparkle.build/Debug/Sparkle.build/Objects-normal/arm64/e6072d4f65d7061329687fe24e3d63a7-common-args.resp -MMD -MT dependencies -MF /Users/buddhirajgautam/Library/Developer/Xcode/DerivedData/Telegram-Mac-fygdgghdgmuleoelvxabfmqiotta/Build/Intermediates.noindex/Sparkle.build/Debug/Sparkle.build/Objects-normal/arm64/SUUpdateDriver.d --serialize-diagnostics /Users/buddhirajgautam/Library/Developer/Xcode/DerivedData/Telegram-Mac-fygdgghdgmuleoelvxabfmqiotta/Build/Intermediates.noindex/Sparkle.build/Debug/Sparkle.build/Objects-normal/arm64/SUUpdateDriver.dia -c /Users/buddhirajgautam/Documents/Cherrygram-Mac/macOS-Swift/submodules/Sparkle/Sparkle/SUUpdateDriver.m -o /Users/buddhirajgautam/Library/Developer/Xcode/DerivedData/Telegram-Mac-fygdgghdgmuleoelvxabfmqiotta/Build/Intermediates.noindex/Sparkle.build/Debug/Sparkle.build/Objects-normal/arm64/SUUpdateDriver.o -index-unit-output-path /Sparkle.build/Debug/Sparkle.build/Objects-normal/arm64/SUUpdateDriver.o

CompileC /Users/buddhirajgautam/Library/Developer/Xcode/DerivedData/Telegram-Mac-fygdgghdgmuleoelvxabfmqiotta/Build/Intermediates.noindex/Sparkle.build/Debug/Sparkle.build/Objects-normal/arm64/SUUIBasedUpdateDriver.o /Users/buddhirajgautam/Documents/Cherrygram-Mac/macOS-Swift/submodules/Sparkle/Sparkle/SUUIBasedUpdateDriver.m normal arm64 objective-c com.apple.compilers.llvm.clang.1_0.compiler (in target 'Sparkle' from project 'Sparkle')
    cd /Users/buddhirajgautam/Documents/Cherrygram-Mac/macOS-Swift/submodules/Sparkle
    
    Using response file: /Users/buddhirajgautam/Library/Developer/Xcode/DerivedData/Telegram-Mac-fygdgghdgmuleoelvxabfmqiotta/Build/Intermediates.noindex/Sparkle.build/Debug/Sparkle.build/Objects-normal/arm64/e6072d4f65d7061329687fe24e3d63a7-common-args.resp
    
    /Applications/Xcode.app/Contents/Developer/Toolchains/XcodeDefault.xctoolchain/usr/bin/clang -x objective-c -ivfsstatcache /Users/buddhirajgautam/Library/Developer/Xcode/DerivedData/SDKStatCaches.noindex/macosx27.0-26A425-e829b21a6f8c9b70876ba0858053c0447231f6df4def33e022ae2eb8f782df1a.sdkstatcache -target arm64-apple-macos12.0 -fmessage-length\=0 -fdiagnostics-show-note-include-stack -fmacro-backtrace-limit\=0 -fno-color-diagnostics -fmodules-prune-interval\=86400 -fmodules-prune-after\=345600 -fbuild-session-file\=/Users/buddhirajgautam/Library/Developer/Xcode/DerivedData/ModuleCache.noindex/Session.modulevalidation -fmodules-validate-once-per-build-session -Wnon-modular-include-in-framework-module -Werror\=non-modular-include-in-framework-module -Wno-trigraphs -Werror\=incompatible-pointer-types -Werror\=implicit-function-declaration -Wmissing-field-initializers -Wmissing-prototypes -Wdocumentation -Wunreachable-code -Wimplicit-atomic-properties -Wno-objc-interface-ivars -Wobjc-missing-property-synthesis -Warc-repeated-use-of-weak -Wno-arc-maybe-repeated-use-of-weak -Wexplicit-ownership-type -Wimplicit-retain-self -Wduplicate-method-match -Wmissing-braces -Wparentheses -Wswitch -Wunused-function -Wunused-label -Wunused-parameter -Wunused-variable -Wunused-value -Wempty-body -Wuninitialized -Wunknown-pragmas -Wshadow -Wfour-char-constants -Wconversion -Wconstant-conversion -Wint-conversion -Wbool-conversion -Wenum-conversion -Wfloat-conversion -Wnon-literal-null-conversion -Wobjc-literal-conversion -Wassign-enum -Wsign-compare -Wshorten-64-to-32 -Wpointer-sign -Wnewline-eof -Wselector -Wstrict-selector-match -Wundeclared-selector -Wdeprecated-implementations -Wno-implicit-fallthrough -isysroot /Applications/Xcode.app/Contents/Developer/Platforms/MacOSX.platform/Developer/SDKs/MacOSX27.0.sdk -fstrict-aliasing -Wprotocol -Wdeprecated-declarations -Wsign-conversion -Winfinite-recursion -Wcomma -Wblock-capture-autoreleasing -Wstrict-prototypes -Wno-semicolon-before-method-body -index-store-path /Users/buddhirajgautam/Library/Developer/Xcode/DerivedData/Telegram-Mac-fygdgghdgmuleoelvxabfmqiotta/Index.noindex/DataStore -Wall -Weverything -Wno-unused-macros -Wno-gnu-statement-expression -Wno-arc-repeated-use-of-weak -Wno-auto-import -Wno-gnu-zero-variadic-macro-arguments -Wno-custom-atomic-properties -Wno-implicit-atomic-properties @/Users/buddhirajgautam/Library/Developer/Xcode/DerivedData/Telegram-Mac-fygdgghdgmuleoelvxabfmqiotta/Build/Intermediates.noindex/Sparkle.build/Debug/Sparkle.build/Objects-normal/arm64/e6072d4f65d7061329687fe24e3d63a7-common-args.resp -MMD -MT dependencies -MF /Users/buddhirajgautam/Library/Developer/Xcode/DerivedData/Telegram-Mac-fygdgghdgmuleoelvxabfmqiotta/Build/Intermediates.noindex/Sparkle.build/Debug/Sparkle.build/Objects-normal/arm64/SUUIBasedUpdateDriver.d --serialize-diagnostics /Users/buddhirajgautam/Library/Developer/Xcode/DerivedData/Telegram-Mac-fygdgghdgmuleoelvxabfmqiotta/Build/Intermediates.noindex/Sparkle.build/Debug/Sparkle.build/Objects-normal/arm64/SUUIBasedUpdateDriver.dia -c /Users/buddhirajgautam/Documents/Cherrygram-Mac/macOS-Swift/submodules/Sparkle/Sparkle/SUUIBasedUpdateDriver.m -o /Users/buddhirajgautam/Library/Developer/Xcode/DerivedData/Telegram-Mac-fygdgghdgmuleoelvxabfmqiotta/Build/Intermediates.noindex/Sparkle.build/Debug/Sparkle.build/Objects-normal/arm64/SUUIBasedUpdateDriver.o -index-unit-output-path /Sparkle.build/Debug/Sparkle.build/Objects-normal/arm64/SUUIBasedUpdateDriver.o
/Users/buddhirajgautam/Documents/Cherrygram-Mac/macOS-Swift/submodules/Sparkle/Sparkle/SUUIBasedUpdateDriver.m:75:26: warning: mixing declarations and code is incompatible with standards before C99 [-Wdeclaration-after-statement]
   75 |     id<SUVersionDisplay> versDisp = nil;
      |                          ^
/Users/buddhirajgautam/Documents/Cherrygram-Mac/macOS-Swift/submodules/Sparkle/Sparkle/SUUIBasedUpdateDriver.m:132:5: warning: 'switch' missing 'default' label [-Wswitch-default]
  132 |     switch (choice) {
      |     ^
/Users/buddhirajgautam/Documents/Cherrygram-Mac/macOS-Swift/submodules/Sparkle/Sparkle/SUUIBasedUpdateDriver.m:175:80: warning: implicit conversion from 'const int64_t' (aka 'const long long') to 'double' may lose precision [-Wimplicit-int-float-conversion]
  175 |         [self.statusController setMaxProgressValue:expectedContentLength > 0 ? expectedContentLength : self.updateItem.contentLength];
      |         ~                                                                      ^~~~~~~~~~~~~~~~~~~~~
/Users/buddhirajgautam/Documents/Cherrygram-Mac/macOS-Swift/submodules/Sparkle/Sparkle/SUUIBasedUpdateDriver.m:175:104: warning: implicit conversion from 'uint64_t' (aka 'unsigned long long') to 'double' may lose precision [-Wimplicit-int-float-conversion]
  175 |         [self.statusController setMaxProgressValue:expectedContentLength > 0 ? expectedContentLength : self.updateItem.contentLength];
      |         ~                                                                                              ^~~~~~~~~~~~~~~~~~~~~~~~~~~~~
/Users/buddhirajgautam/Documents/Cherrygram-Mac/macOS-Swift/submodules/Sparkle/Sparkle/SUUIBasedUpdateDriver.m:183:60: warning: implicit conversion from 'long long' to 'double' may lose precision [-Wimplicit-int-float-conversion]
  183 |             return [NSString stringWithFormat:@"%.0lf %@", value / 1.0,
      |                                                            ^~~~~ ~
/Users/buddhirajgautam/Documents/Cherrygram-Mac/macOS-Swift/submodules/Sparkle/Sparkle/SUUIBasedUpdateDriver.m:188:60: warning: implicit conversion from 'long long' to 'double' may lose precision [-Wimplicit-int-float-conversion]
  188 |             return [NSString stringWithFormat:@"%.0lf %@", value / 1000.0,
      |                                                            ^~~~~ ~
/Users/buddhirajgautam/Documents/Cherrygram-Mac/macOS-Swift/submodules/Sparkle/Sparkle/SUUIBasedUpdateDriver.m:193:60: warning: implicit conversion from 'long long' to 'double' may lose precision [-Wimplicit-int-float-conversion]
  193 |             return [NSString stringWithFormat:@"%.1lf %@", value / 1000.0 / 1000.0,
      |                                                            ^~~~~ ~
/Users/buddhirajgautam/Documents/Cherrygram-Mac/macOS-Swift/submodules/Sparkle/Sparkle/SUUIBasedUpdateDriver.m:197:56: warning: implicit conversion from 'long long' to 'double' may lose precision [-Wimplicit-int-float-conversion]
  197 |         return [NSString stringWithFormat:@"%.2lf %@", value / 1000.0 / 1000.0 / 1000.0,
      |                                                        ^~~~~ ~
/Users/buddhirajgautam/Documents/Cherrygram-Mac/macOS-Swift/submodules/Sparkle/Sparkle/SUUIBasedUpdateDriver.m:203:27: warning: mixing declarations and code is incompatible with standards before C99 [-Wdeclaration-after-statement]
  203 |     NSByteCountFormatter *formatter = [[NSByteCountFormatter alloc] init];
      |                           ^
/Users/buddhirajgautam/Documents/Cherrygram-Mac/macOS-Swift/submodules/Sparkle/Sparkle/SUUIBasedUpdateDriver.m:234:30: warning: mixing declarations and code is incompatible with standards before C99 [-Wdeclaration-after-statement]
  234 |         id<SUUpdaterPrivate> updater = self.updater;
      |                              ^
10 warnings generated.

CompileC /Users/buddhirajgautam/Library/Developer/Xcode/DerivedData/Telegram-Mac-fygdgghdgmuleoelvxabfmqiotta/Build/Intermediates.noindex/Sparkle.build/Debug/Sparkle.build/Objects-normal/arm64/SUUpdateAlert.o /Users/buddhirajgautam/Documents/Cherrygram-Mac/macOS-Swift/submodules/Sparkle/Sparkle/SUUpdateAlert.m normal arm64 objective-c com.apple.compilers.llvm.clang.1_0.compiler (in target 'Sparkle' from project 'Sparkle')
    cd /Users/buddhirajgautam/Documents/Cherrygram-Mac/macOS-Swift/submodules/Sparkle
    
    Using response file: /Users/buddhirajgautam/Library/Developer/Xcode/DerivedData/Telegram-Mac-fygdgghdgmuleoelvxabfmqiotta/Build/Intermediates.noindex/Sparkle.build/Debug/Sparkle.build/Objects-normal/arm64/e6072d4f65d7061329687fe24e3d63a7-common-args.resp
    
    /Applications/Xcode.app/Contents/Developer/Toolchains/XcodeDefault.xctoolchain/usr/bin/clang -x objective-c -ivfsstatcache /Users/buddhirajgautam/Library/Developer/Xcode/DerivedData/SDKStatCaches.noindex/macosx27.0-26A425-e829b21a6f8c9b70876ba0858053c0447231f6df4def33e022ae2eb8f782df1a.sdkstatcache -target arm64-apple-macos12.0 -fmessage-length\=0 -fdiagnostics-show-note-include-stack -fmacro-backtrace-limit\=0 -fno-color-diagnostics -fmodules-prune-interval\=86400 -fmodules-prune-after\=345600 -fbuild-session-file\=/Users/buddhirajgautam/Library/Developer/Xcode/DerivedData/ModuleCache.noindex/Session.modulevalidation -fmodules-validate-once-per-build-session -Wnon-modular-include-in-framework-module -Werror\=non-modular-include-in-framework-module -Wno-trigraphs -Werror\=incompatible-pointer-types -Werror\=implicit-function-declaration -Wmissing-field-initializers -Wmissing-prototypes -Wdocumentation -Wunreachable-code -Wimplicit-atomic-properties -Wno-objc-interface-ivars -Wobjc-missing-property-synthesis -Warc-repeated-use-of-weak -Wno-arc-maybe-repeated-use-of-weak -Wexplicit-ownership-type -Wimplicit-retain-self -Wduplicate-method-match -Wmissing-braces -Wparentheses -Wswitch -Wunused-function -Wunused-label -Wunused-parameter -Wunused-variable -Wunused-value -Wempty-body -Wuninitialized -Wunknown-pragmas -Wshadow -Wfour-char-constants -Wconversion -Wconstant-conversion -Wint-conversion -Wbool-conversion -Wenum-conversion -Wfloat-conversion -Wnon-literal-null-conversion -Wobjc-literal-conversion -Wassign-enum -Wsign-compare -Wshorten-64-to-32 -Wpointer-sign -Wnewline-eof -Wselector -Wstrict-selector-match -Wundeclared-selector -Wdeprecated-implementations -Wno-implicit-fallthrough -isysroot /Applications/Xcode.app/Contents/Developer/Platforms/MacOSX.platform/Developer/SDKs/MacOSX27.0.sdk -fstrict-aliasing -Wprotocol -Wdeprecated-declarations -Wsign-conversion -Winfinite-recursion -Wcomma -Wblock-capture-autoreleasing -Wstrict-prototypes -Wno-semicolon-before-method-body -index-store-path /Users/buddhirajgautam/Library/Developer/Xcode/DerivedData/Telegram-Mac-fygdgghdgmuleoelvxabfmqiotta/Index.noindex/DataStore -Wall -Weverything -Wno-unused-macros -Wno-gnu-statement-expression -Wno-arc-repeated-use-of-weak -Wno-auto-import -Wno-gnu-zero-variadic-macro-arguments -Wno-custom-atomic-properties -Wno-implicit-atomic-properties @/Users/buddhirajgautam/Library/Developer/Xcode/DerivedData/Telegram-Mac-fygdgghdgmuleoelvxabfmqiotta/Build/Intermediates.noindex/Sparkle.build/Debug/Sparkle.build/Objects-normal/arm64/e6072d4f65d7061329687fe24e3d63a7-common-args.resp -MMD -MT dependencies -MF /Users/buddhirajgautam/Library/Developer/Xcode/DerivedData/Telegram-Mac-fygdgghdgmuleoelvxabfmqiotta/Build/Intermediates.noindex/Sparkle.build/Debug/Sparkle.build/Objects-normal/arm64/SUUpdateAlert.d --serialize-diagnostics /Users/buddhirajgautam/Library/Developer/Xcode/DerivedData/Telegram-Mac-fygdgghdgmuleoelvxabfmqiotta/Build/Intermediates.noindex/Sparkle.build/Debug/Sparkle.build/Objects-normal/arm64/SUUpdateAlert.dia -c /Users/buddhirajgautam/Documents/Cherrygram-Mac/macOS-Swift/submodules/Sparkle/Sparkle/SUUpdateAlert.m -o /Users/buddhirajgautam/Library/Developer/Xcode/DerivedData/Telegram-Mac-fygdgghdgmuleoelvxabfmqiotta/Build/Intermediates.noindex/Sparkle.build/Debug/Sparkle.build/Objects-normal/arm64/SUUpdateAlert.o -index-unit-output-path /Sparkle.build/Debug/Sparkle.build/Objects-normal/arm64/SUUpdateAlert.o
/Users/buddhirajgautam/Documents/Cherrygram-Mac/macOS-Swift/submodules/Sparkle/Sparkle/SUUpdateAlert.m:38:30: warning: 'WebFrameLoadDelegate' is deprecated: first deprecated in macOS 10.14 [-Wdeprecated-declarations]
   38 | @interface SUUpdateAlert () <WebFrameLoadDelegate, WebPolicyDelegate, NSTouchBarDelegate>
      |                              ^
In module 'WebKit' imported from /Users/buddhirajgautam/Documents/Cherrygram-Mac/macOS-Swift/submodules/Sparkle/Sparkle/SUUpdateAlert.m:16:
/Applications/Xcode.app/Contents/Developer/Platforms/MacOSX.platform/Developer/SDKs/MacOSX27.0.sdk/System/Library/Frameworks/WebKit.framework/Headers/WebFrameLoadDelegate.h:52:11: note: 'WebFrameLoadDelegate' has been explicitly marked deprecated here
   52 | @protocol WebFrameLoadDelegate <NSObject>
      |           ^
/Users/buddhirajgautam/Documents/Cherrygram-Mac/macOS-Swift/submodules/Sparkle/Sparkle/SUUpdateAlert.m:38:52: warning: 'WebPolicyDelegate' is deprecated: first deprecated in macOS 10.14 [-Wdeprecated-declarations]
   38 | @interface SUUpdateAlert () <WebFrameLoadDelegate, WebPolicyDelegate, NSTouchBarDelegate>
      |                                                    ^
In module 'WebKit' imported from /Users/buddhirajgautam/Documents/Cherrygram-Mac/macOS-Swift/submodules/Sparkle/Sparkle/SUUpdateAlert.m:16:
/Applications/Xcode.app/Contents/Developer/Platforms/MacOSX.platform/Developer/SDKs/MacOSX27.0.sdk/System/Library/Frameworks/WebKit.framework/Headers/WebPolicyDelegate.h:141:11: note: 'WebPolicyDelegate' has been explicitly marked deprecated here
  141 | @protocol WebPolicyDelegate <NSObject>
      |           ^
/Users/buddhirajgautam/Documents/Cherrygram-Mac/macOS-Swift/submodules/Sparkle/Sparkle/SUUpdateAlert.m:47:27: warning: 'WebView' is deprecated: first deprecated in macOS 10.14 - No longer supported; please adopt WKWebView. [-Wdeprecated-declarations]
   47 | @property (weak) IBOutlet WebView *releaseNotesView;
      |                           ^
In module 'WebKit' imported from /Users/buddhirajgautam/Documents/Cherrygram-Mac/macOS-Swift/submodules/Sparkle/Sparkle/SUUpdateAlert.m:16:
/Applications/Xcode.app/Contents/Developer/Platforms/MacOSX.platform/Developer/SDKs/MacOSX27.0.sdk/System/Library/Frameworks/WebKit.framework/Headers/WebView.h:119:12: note: 'WebView' has been explicitly marked deprecated here
  119 | @interface WebView : NSView
      |            ^
/Users/buddhirajgautam/Documents/Cherrygram-Mac/macOS-Swift/submodules/Sparkle/Sparkle/SUUpdateAlert.m:266:18: warning: 'WebView' is deprecated: first deprecated in macOS 10.14 - No longer supported; please adopt WKWebView. [-Wdeprecated-declarations]
  266 | - (void)webView:(WebView *)sender didFinishLoadForFrame:(WebFrame *)frame
      |                  ^
In module 'WebKit' imported from /Users/buddhirajgautam/Documents/Cherrygram-Mac/macOS-Swift/submodules/Sparkle/Sparkle/SUUpdateAlert.m:16:
/Applications/Xcode.app/Contents/Developer/Platforms/MacOSX.platform/Developer/SDKs/MacOSX27.0.sdk/System/Library/Frameworks/WebKit.framework/Headers/WebView.h:119:12: note: 'WebView' has been explicitly marked deprecated here
  119 | @interface WebView : NSView
      |            ^
/Users/buddhirajgautam/Documents/Cherrygram-Mac/macOS-Swift/submodules/Sparkle/Sparkle/SUUpdateAlert.m:266:58: warning: 'WebFrame' is deprecated: first deprecated in macOS 10.14 [-Wdeprecated-declarations]
  266 | - (void)webView:(WebView *)sender didFinishLoadForFrame:(WebFrame *)frame
      |                                                          ^
In module 'WebKit' imported from /Users/buddhirajgautam/Documents/Cherrygram-Mac/macOS-Swift/submodules/Sparkle/Sparkle/SUUpdateAlert.m:16:
/Applications/Xcode.app/Contents/Developer/Platforms/MacOSX.platform/Developer/SDKs/MacOSX27.0.sdk/System/Library/Frameworks/WebKit.framework/Headers/WebFrame.h:50:12: note: 'WebFrame' has been explicitly marked deprecated here
   50 | @interface WebFrame : NSObject
      |            ^
/Users/buddhirajgautam/Documents/Cherrygram-Mac/macOS-Swift/submodules/Sparkle/Sparkle/SUUpdateAlert.m:275:18: warning: 'WebView' is deprecated: first deprecated in macOS 10.14 - No longer supported; please adopt WKWebView. [-Wdeprecated-declarations]
  275 | - (void)webView:(WebView *)__unused sender decidePolicyForNavigationAction:(NSDictionary *)__unused actionInformation request:(NSURLRequest *)request frame:(WebFrame *)__unused frame decisionListener:(id<WebPolicyDecisionListener>)listener
      |                  ^
In module 'WebKit' imported from /Users/buddhirajgautam/Documents/Cherrygram-Mac/macOS-Swift/submodules/Sparkle/Sparkle/SUUpdateAlert.m:16:
/Applications/Xcode.app/Contents/Developer/Platforms/MacOSX.platform/Developer/SDKs/MacOSX27.0.sdk/System/Library/Frameworks/WebKit.framework/Headers/WebView.h:119:12: note: 'WebView' has been explicitly marked deprecated here
  119 | @interface WebView : NSView
      |            ^
/Users/buddhirajgautam/Documents/Cherrygram-Mac/macOS-Swift/submodules/Sparkle/Sparkle/SUUpdateAlert.m:275:158: warning: 'WebFrame' is deprecated: first deprecated in macOS 10.14 [-Wdeprecated-declarations]
  275 | - (void)webView:(WebView *)__unused sender decidePolicyForNavigationAction:(NSDictionary *)__unused actionInformation request:(NSURLRequest *)request frame:(WebFrame *)__unused frame decisionListener:(id<WebPolicyDecisionListener>)listener
      |                                                                                                                                                              ^
In module 'WebKit' imported from /Users/buddhirajgautam/Documents/Cherrygram-Mac/macOS-Swift/submodules/Sparkle/Sparkle/SUUpdateAlert.m:16:
/Applications/Xcode.app/Contents/Developer/Platforms/MacOSX.platform/Developer/SDKs/MacOSX27.0.sdk/System/Library/Frameworks/WebKit.framework/Headers/WebFrame.h:50:12: note: 'WebFrame' has been explicitly marked deprecated here
   50 | @interface WebFrame : NSObject
      |            ^
/Users/buddhirajgautam/Documents/Cherrygram-Mac/macOS-Swift/submodules/Sparkle/Sparkle/SUUpdateAlert.m:275:205: warning: 'WebPolicyDecisionListener' is deprecated: first deprecated in macOS 10.14 [-Wdeprecated-declarations]
  275 | - (void)webView:(WebView *)__unused sender decidePolicyForNavigationAction:(NSDictionary *)__unused actionInformation request:(NSURLRequest *)request frame:(WebFrame *)__unused frame decisionListener:(id<WebPolicyDecisionListener>)listener
      |                                                                                                                                                                                                             ^
In module 'WebKit' imported from /Users/buddhirajgautam/Documents/Cherrygram-Mac/macOS-Swift/submodules/Sparkle/Sparkle/SUUpdateAlert.m:16:
/Applications/Xcode.app/Contents/Developer/Platforms/MacOSX.platform/Developer/SDKs/MacOSX27.0.sdk/System/Library/Frameworks/WebKit.framework/Headers/WebPolicyDelegate.h:76:11: note: 'WebPolicyDecisionListener' has been explicitly marked deprecated here
   76 | @protocol WebPolicyDecisionListener <NSObject>
      |           ^
/Users/buddhirajgautam/Documents/Cherrygram-Mac/macOS-Swift/submodules/Sparkle/Sparkle/SUUpdateAlert.m:301:23: warning: 'WebView' is deprecated: first deprecated in macOS 10.14 - No longer supported; please adopt WKWebView. [-Wdeprecated-declarations]
  301 | - (NSArray *)webView:(WebView *)__unused sender contextMenuItemsForElement:(NSDictionary *)__unused element defaultMenuItems:(NSArray *)defaultMenuItems
      |                       ^
In module 'WebKit' imported from /Users/buddhirajgautam/Documents/Cherrygram-Mac/macOS-Swift/submodules/Sparkle/Sparkle/SUUpdateAlert.m:16:
/Applications/Xcode.app/Contents/Developer/Platforms/MacOSX.platform/Developer/SDKs/MacOSX27.0.sdk/System/Library/Frameworks/WebKit.framework/Headers/WebView.h:119:12: note: 'WebView' has been explicitly marked deprecated here
  119 | @interface WebView : NSView
      |            ^
/Users/buddhirajgautam/Documents/Cherrygram-Mac/macOS-Swift/submodules/Sparkle/Sparkle/SUUpdateAlert.m:89:18: warning: 'WebView' is deprecated: first deprecated in macOS 10.14 - No longer supported; please adopt WKWebView. [-Wdeprecated-declarations]
   89 |         [WebView MIMETypesShownAsHTML];
      |                  ^
In module 'WebKit' imported from /Users/buddhirajgautam/Documents/Cherrygram-Mac/macOS-Swift/submodules/Sparkle/Sparkle/SUUpdateAlert.m:16:
/Applications/Xcode.app/Contents/Developer/Platforms/MacOSX.platform/Developer/SDKs/MacOSX27.0.sdk/System/Library/Frameworks/WebKit.framework/Headers/WebView.h:119:12: note: 'WebView' has been explicitly marked deprecated here
  119 | @interface WebView : NSView
      |            ^
/Users/buddhirajgautam/Documents/Cherrygram-Mac/macOS-Swift/submodules/Sparkle/Sparkle/SUUpdateAlert.m:134:5: warning: 'WebPreferences' is deprecated: first deprecated in macOS 10.14 [-Wdeprecated-declarations]
  134 |     WebPreferences *prefs = [self.releaseNotesView preferences];
      |     ^
In module 'WebKit' imported from /Users/buddhirajgautam/Documents/Cherrygram-Mac/macOS-Swift/submodules/Sparkle/Sparkle/SUUpdateAlert.m:16:
/Applications/Xcode.app/Contents/Developer/Platforms/MacOSX.platform/Developer/SDKs/MacOSX27.0.sdk/System/Library/Frameworks/WebKit.framework/Headers/WebPreferences.h:75:12: note: 'WebPreferences' has been explicitly marked deprecated here
   75 | @interface WebPreferences: NSObject <NSCoding>
      |            ^
/Users/buddhirajgautam/Documents/Cherrygram-Mac/macOS-Swift/submodules/Sparkle/Sparkle/SUUpdateAlert.m:136:11: warning: 'javaEnabled' is deprecated: first deprecated in macOS 10.15 [-Wdeprecated-declarations]
  136 |     prefs.javaEnabled = NO;
      |           ^
In module 'WebKit' imported from /Users/buddhirajgautam/Documents/Cherrygram-Mac/macOS-Swift/submodules/Sparkle/Sparkle/SUUpdateAlert.m:16:
/Applications/Xcode.app/Contents/Developer/Platforms/MacOSX.platform/Developer/SDKs/MacOSX27.0.sdk/System/Library/Frameworks/WebKit.framework/Headers/WebPreferences.h:173:50: note: 'javaEnabled' has been explicitly marked deprecated here
  173 | @property (nonatomic, getter=isJavaEnabled) BOOL javaEnabled WEBKIT_DEPRECATED_MAC(10_3, 10_15);
      |                                                  ^
/Users/buddhirajgautam/Documents/Cherrygram-Mac/macOS-Swift/submodules/Sparkle/Sparkle/SUUpdateAlert.m:149:40: warning: 'NSProgressIndicatorSpinningStyle' is deprecated: first deprecated in macOS 10.14 [-Wdeprecated-declarations]
  149 |     [self.releaseNotesSpinner setStyle:NSProgressIndicatorSpinningStyle];
      |                                        ^~~~~~~~~~~~~~~~~~~~~~~~~~~~~~~~
      |                                        NSProgressIndicatorStyleSpinning
In module 'Cocoa' imported from /Users/buddhirajgautam/Documents/Cherrygram-Mac/macOS-Swift/submodules/Sparkle/Sparkle/SUUpdateAlert.h:12:
In module 'AppKit' imported from /Applications/Xcode.app/Contents/Developer/Platforms/MacOSX.platform/Developer/SDKs/MacOSX.sdk/System/Library/Frameworks/Cocoa.framework/Headers/Cocoa.h:13:
/Applications/Xcode.app/Contents/Developer/Platforms/MacOSX.platform/Developer/SDKs/MacOSX27.0.sdk/System/Library/Frameworks/AppKit.framework/Headers/NSProgressIndicator.h:78:39: note: 'NSProgressIndicatorSpinningStyle' has been explicitly marked deprecated here
   78 | static const NSProgressIndicatorStyle NSProgressIndicatorSpinningStyle API_DEPRECATED_WITH_REPLACEMENT("NSProgressIndicatorStyleSpinning", macos(10.2,10.14)) = NSProgressIndicatorStyleSpinning;
      |                                       ^
/Users/buddhirajgautam/Documents/Cherrygram-Mac/macOS-Swift/submodules/Sparkle/Sparkle/SUUpdateAlert.m:134:21: warning: mixing declarations and code is incompatible with standards before C99 [-Wdeclaration-after-statement]
  134 |     WebPreferences *prefs = [self.releaseNotesView preferences];
      |                     ^
/Users/buddhirajgautam/Documents/Cherrygram-Mac/macOS-Swift/submodules/Sparkle/Sparkle/SUUpdateAlert.m:256:15: warning: mixing declarations and code is incompatible with standards before C99 [-Wdeclaration-after-statement]
  256 |     NSString *finalString = nil;
      |               ^
/Users/buddhirajgautam/Documents/Cherrygram-Mac/macOS-Swift/submodules/Sparkle/Sparkle/SUUpdateAlert.m:313:22: warning: 'WebMenuItemTagOpenLinkInNewWindow' is deprecated: first deprecated in macOS 10.14 [-Wdeprecated-declarations]
  313 |                 case WebMenuItemTagOpenLinkInNewWindow:
      |                      ^
In module 'WebKit' imported from /Users/buddhirajgautam/Documents/Cherrygram-Mac/macOS-Swift/submodules/Sparkle/Sparkle/SUUpdateAlert.m:16:
/Applications/Xcode.app/Contents/Developer/Platforms/MacOSX.platform/Developer/SDKs/MacOSX27.0.sdk/System/Library/Frameworks/WebKit.framework/Headers/WebUIDelegate.h:42:1: note: 'enum (unnamed at /Applications/Xcode.app/Contents/Developer/Platforms/MacOSX.platform/Developer/SDKs/MacOSX27.0.sdk/System/Library/Frameworks/WebKit.framework/Headers/WebUIDelegate.h:42:1)' has been explicitly marked deprecated here
   42 | enum {
      | ^
/Users/buddhirajgautam/Documents/Cherrygram-Mac/macOS-Swift/submodules/Sparkle/Sparkle/SUUpdateAlert.m:314:22: warning: 'WebMenuItemTagDownloadLinkToDisk' is deprecated: first deprecated in macOS 10.14 [-Wdeprecated-declarations]
  314 |                 case WebMenuItemTagDownloadLinkToDisk:
      |                      ^
In module 'WebKit' imported from /Users/buddhirajgautam/Documents/Cherrygram-Mac/macOS-Swift/submodules/Sparkle/Sparkle/SUUpdateAlert.m:16:
/Applications/Xcode.app/Contents/Developer/Platforms/MacOSX.platform/Developer/SDKs/MacOSX27.0.sdk/System/Library/Frameworks/WebKit.framework/Headers/WebUIDelegate.h:42:1: note: 'enum (unnamed at /Applications/Xcode.app/Contents/Developer/Platforms/MacOSX.platform/Developer/SDKs/MacOSX27.0.sdk/System/Library/Frameworks/WebKit.framework/Headers/WebUIDelegate.h:42:1)' has been explicitly marked deprecated here
   42 | enum {
      | ^
/Users/buddhirajgautam/Documents/Cherrygram-Mac/macOS-Swift/submodules/Sparkle/Sparkle/SUUpdateAlert.m:315:22: warning: 'WebMenuItemTagOpenImageInNewWindow' is deprecated: first deprecated in macOS 10.14 [-Wdeprecated-declarations]
  315 |                 case WebMenuItemTagOpenImageInNewWindow:
      |                      ^
In module 'WebKit' imported from /Users/buddhirajgautam/Documents/Cherrygram-Mac/macOS-Swift/submodules/Sparkle/Sparkle/SUUpdateAlert.m:16:
/Applications/Xcode.app/Contents/Developer/Platforms/MacOSX.platform/Developer/SDKs/MacOSX27.0.sdk/System/Library/Frameworks/WebKit.framework/Headers/WebUIDelegate.h:42:1: note: 'enum (unnamed at /Applications/Xcode.app/Contents/Developer/Platforms/MacOSX.platform/Developer/SDKs/MacOSX27.0.sdk/System/Library/Frameworks/WebKit.framework/Headers/WebUIDelegate.h:42:1)' has been explicitly marked deprecated here
   42 | enum {
      | ^
/Users/buddhirajgautam/Documents/Cherrygram-Mac/macOS-Swift/submodules/Sparkle/Sparkle/SUUpdateAlert.m:316:22: warning: 'WebMenuItemTagDownloadImageToDisk' is deprecated: first deprecated in macOS 10.14 [-Wdeprecated-declarations]
  316 |                 case WebMenuItemTagDownloadImageToDisk:
      |                      ^
In module 'WebKit' imported from /Users/buddhirajgautam/Documents/Cherrygram-Mac/macOS-Swift/submodules/Sparkle/Sparkle/SUUpdateAlert.m:16:
/Applications/Xcode.app/Contents/Developer/Platforms/MacOSX.platform/Developer/SDKs/MacOSX27.0.sdk/System/Library/Frameworks/WebKit.framework/Headers/WebUIDelegate.h:42:1: note: 'enum (unnamed at /Applications/Xcode.app/Contents/Developer/Platforms/MacOSX.platform/Developer/SDKs/MacOSX27.0.sdk/System/Library/Frameworks/WebKit.framework/Headers/WebUIDelegate.h:42:1)' has been explicitly marked deprecated here
   42 | enum {
      | ^
/Users/buddhirajgautam/Documents/Cherrygram-Mac/macOS-Swift/submodules/Sparkle/Sparkle/SUUpdateAlert.m:317:22: warning: 'WebMenuItemTagOpenFrameInNewWindow' is deprecated: first deprecated in macOS 10.14 [-Wdeprecated-declarations]
  317 |                 case WebMenuItemTagOpenFrameInNewWindow:
      |                      ^
In module 'WebKit' imported from /Users/buddhirajgautam/Documents/Cherrygram-Mac/macOS-Swift/submodules/Sparkle/Sparkle/SUUpdateAlert.m:16:
/Applications/Xcode.app/Contents/Developer/Platforms/MacOSX.platform/Developer/SDKs/MacOSX27.0.sdk/System/Library/Frameworks/WebKit.framework/Headers/WebUIDelegate.h:42:1: note: 'enum (unnamed at /Applications/Xcode.app/Contents/Developer/Platforms/MacOSX.platform/Developer/SDKs/MacOSX27.0.sdk/System/Library/Frameworks/WebKit.framework/Headers/WebUIDelegate.h:42:1)' has been explicitly marked deprecated here
   42 | enum {
      | ^
/Users/buddhirajgautam/Documents/Cherrygram-Mac/macOS-Swift/submodules/Sparkle/Sparkle/SUUpdateAlert.m:318:22: warning: 'WebMenuItemTagGoBack' is deprecated: first deprecated in macOS 10.14 [-Wdeprecated-declarations]
  318 |                 case WebMenuItemTagGoBack:
      |                      ^
In module 'WebKit' imported from /Users/buddhirajgautam/Documents/Cherrygram-Mac/macOS-Swift/submodules/Sparkle/Sparkle/SUUpdateAlert.m:16:
/Applications/Xcode.app/Contents/Developer/Platforms/MacOSX.platform/Developer/SDKs/MacOSX27.0.sdk/System/Library/Frameworks/WebKit.framework/Headers/WebUIDelegate.h:42:1: note: 'enum (unnamed at /Applications/Xcode.app/Contents/Developer/Platforms/MacOSX.platform/Developer/SDKs/MacOSX27.0.sdk/System/Library/Frameworks/WebKit.framework/Headers/WebUIDelegate.h:42:1)' has been explicitly marked deprecated here
   42 | enum {
      | ^
/Users/buddhirajgautam/Documents/Cherrygram-Mac/macOS-Swift/submodules/Sparkle/Sparkle/SUUpdateAlert.m:319:22: warning: 'WebMenuItemTagGoForward' is deprecated: first deprecated in macOS 10.14 [-Wdeprecated-declarations]
  319 |                 case WebMenuItemTagGoForward:
      |                      ^
In module 'WebKit' imported from /Users/buddhirajgautam/Documents/Cherrygram-Mac/macOS-Swift/submodules/Sparkle/Sparkle/SUUpdateAlert.m:16:
/Applications/Xcode.app/Contents/Developer/Platforms/MacOSX.platform/Developer/SDKs/MacOSX27.0.sdk/System/Library/Frameworks/WebKit.framework/Headers/WebUIDelegate.h:42:1: note: 'enum (unnamed at /Applications/Xcode.app/Contents/Developer/Platforms/MacOSX.platform/Developer/SDKs/MacOSX27.0.sdk/System/Library/Frameworks/WebKit.framework/Headers/WebUIDelegate.h:42:1)' has been explicitly marked deprecated here
   42 | enum {
      | ^
/Users/buddhirajgautam/Documents/Cherrygram-Mac/macOS-Swift/submodules/Sparkle/Sparkle/SUUpdateAlert.m:320:22: warning: 'WebMenuItemTagStop' is deprecated: first deprecated in macOS 10.14 [-Wdeprecated-declarations]
  320 |                 case WebMenuItemTagStop:
      |                      ^
In module 'WebKit' imported from /Users/buddhirajgautam/Documents/Cherrygram-Mac/macOS-Swift/submodules/Sparkle/Sparkle/SUUpdateAlert.m:16:
/Applications/Xcode.app/Contents/Developer/Platforms/MacOSX.platform/Developer/SDKs/MacOSX27.0.sdk/System/Library/Frameworks/WebKit.framework/Headers/WebUIDelegate.h:42:1: note: 'enum (unnamed at /Applications/Xcode.app/Contents/Developer/Platforms/MacOSX.platform/Developer/SDKs/MacOSX27.0.sdk/System/Library/Frameworks/WebKit.framework/Headers/WebUIDelegate.h:42:1)' has been explicitly marked deprecated here
   42 | enum {
      | ^
/Users/buddhirajgautam/Documents/Cherrygram-Mac/macOS-Swift/submodules/Sparkle/Sparkle/SUUpdateAlert.m:321:22: warning: 'WebMenuItemTagReload' is deprecated: first deprecated in macOS 10.14 [-Wdeprecated-declarations]
  321 |                 case WebMenuItemTagReload:
      |                      ^
In module 'WebKit' imported from /Users/buddhirajgautam/Documents/Cherrygram-Mac/macOS-Swift/submodules/Sparkle/Sparkle/SUUpdateAlert.m:16:
/Applications/Xcode.app/Contents/Developer/Platforms/MacOSX.platform/Developer/SDKs/MacOSX27.0.sdk/System/Library/Frameworks/WebKit.framework/Headers/WebUIDelegate.h:42:1: note: 'enum (unnamed at /Applications/Xcode.app/Contents/Developer/Platforms/MacOSX.platform/Developer/SDKs/MacOSX27.0.sdk/System/Library/Frameworks/WebKit.framework/Headers/WebUIDelegate.h:42:1)' has been explicitly marked deprecated here
   42 | enum {
      | ^
/Users/buddhirajgautam/Documents/Cherrygram-Mac/macOS-Swift/submodules/Sparkle/Sparkle/SUUpdateAlert.m:311:4: warning: 'switch' missing 'default' label [-Wswitch-default]
  311 |                         switch (tag)
      |                         ^
25 warnings generated.

CompileC /Users/buddhirajgautam/Library/Developer/Xcode/DerivedData/Telegram-Mac-fygdgghdgmuleoelvxabfmqiotta/Build/Intermediates.noindex/Sparkle.build/Debug/Sparkle.build/Objects-normal/arm64/SUTouchBarButtonGroup.o /Users/buddhirajgautam/Documents/Cherrygram-Mac/macOS-Swift/submodules/Sparkle/Sparkle/SUTouchBarButtonGroup.m normal arm64 objective-c com.apple.compilers.llvm.clang.1_0.compiler (in target 'Sparkle' from project 'Sparkle')
    cd /Users/buddhirajgautam/Documents/Cherrygram-Mac/macOS-Swift/submodules/Sparkle
    
    Using response file: /Users/buddhirajgautam/Library/Developer/Xcode/DerivedData/Telegram-Mac-fygdgghdgmuleoelvxabfmqiotta/Build/Intermediates.noindex/Sparkle.build/Debug/Sparkle.build/Objects-normal/arm64/e6072d4f65d7061329687fe24e3d63a7-common-args.resp
    
    /Applications/Xcode.app/Contents/Developer/Toolchains/XcodeDefault.xctoolchain/usr/bin/clang -x objective-c -ivfsstatcache /Users/buddhirajgautam/Library/Developer/Xcode/DerivedData/SDKStatCaches.noindex/macosx27.0-26A425-e829b21a6f8c9b70876ba0858053c0447231f6df4def33e022ae2eb8f782df1a.sdkstatcache -target arm64-apple-macos12.0 -fmessage-length\=0 -fdiagnostics-show-note-include-stack -fmacro-backtrace-limit\=0 -fno-color-diagnostics -fmodules-prune-interval\=86400 -fmodules-prune-after\=345600 -fbuild-session-file\=/Users/buddhirajgautam/Library/Developer/Xcode/DerivedData/ModuleCache.noindex/Session.modulevalidation -fmodules-validate-once-per-build-session -Wnon-modular-include-in-framework-module -Werror\=non-modular-include-in-framework-module -Wno-trigraphs -Werror\=incompatible-pointer-types -Werror\=implicit-function-declaration -Wmissing-field-initializers -Wmissing-prototypes -Wdocumentation -Wunreachable-code -Wimplicit-atomic-properties -Wno-objc-interface-ivars -Wobjc-missing-property-synthesis -Warc-repeated-use-of-weak -Wno-arc-maybe-repeated-use-of-weak -Wexplicit-ownership-type -Wimplicit-retain-self -Wduplicate-method-match -Wmissing-braces -Wparentheses -Wswitch -Wunused-function -Wunused-label -Wunused-parameter -Wunused-variable -Wunused-value -Wempty-body -Wuninitialized -Wunknown-pragmas -Wshadow -Wfour-char-constants -Wconversion -Wconstant-conversion -Wint-conversion -Wbool-conversion -Wenum-conversion -Wfloat-conversion -Wnon-literal-null-conversion -Wobjc-literal-conversion -Wassign-enum -Wsign-compare -Wshorten-64-to-32 -Wpointer-sign -Wnewline-eof -Wselector -Wstrict-selector-match -Wundeclared-selector -Wdeprecated-implementations -Wno-implicit-fallthrough -isysroot /Applications/Xcode.app/Contents/Developer/Platforms/MacOSX.platform/Developer/SDKs/MacOSX27.0.sdk -fstrict-aliasing -Wprotocol -Wdeprecated-declarations -Wsign-conversion -Winfinite-recursion -Wcomma -Wblock-capture-autoreleasing -Wstrict-prototypes -Wno-semicolon-before-method-body -index-store-path /Users/buddhirajgautam/Library/Developer/Xcode/DerivedData/Telegram-Mac-fygdgghdgmuleoelvxabfmqiotta/Index.noindex/DataStore -Wall -Weverything -Wno-unused-macros -Wno-gnu-statement-expression -Wno-arc-repeated-use-of-weak -Wno-auto-import -Wno-gnu-zero-variadic-macro-arguments -Wno-custom-atomic-properties -Wno-implicit-atomic-properties @/Users/buddhirajgautam/Library/Developer/Xcode/DerivedData/Telegram-Mac-fygdgghdgmuleoelvxabfmqiotta/Build/Intermediates.noindex/Sparkle.build/Debug/Sparkle.build/Objects-normal/arm64/e6072d4f65d7061329687fe24e3d63a7-common-args.resp -MMD -MT dependencies -MF /Users/buddhirajgautam/Library/Developer/Xcode/DerivedData/Telegram-Mac-fygdgghdgmuleoelvxabfmqiotta/Build/Intermediates.noindex/Sparkle.build/Debug/Sparkle.build/Objects-normal/arm64/SUTouchBarButtonGroup.d --serialize-diagnostics /Users/buddhirajgautam/Library/Developer/Xcode/DerivedData/Telegram-Mac-fygdgghdgmuleoelvxabfmqiotta/Build/Intermediates.noindex/Sparkle.build/Debug/Sparkle.build/Objects-normal/arm64/SUTouchBarButtonGroup.dia -c /Users/buddhirajgautam/Documents/Cherrygram-Mac/macOS-Swift/submodules/Sparkle/Sparkle/SUTouchBarButtonGroup.m -o /Users/buddhirajgautam/Library/Developer/Xcode/DerivedData/Telegram-Mac-fygdgghdgmuleoelvxabfmqiotta/Build/Intermediates.noindex/Sparkle.build/Debug/Sparkle.build/Objects-normal/arm64/SUTouchBarButtonGroup.o -index-unit-output-path /Sparkle.build/Debug/Sparkle.build/Objects-normal/arm64/SUTouchBarButtonGroup.o
/Users/buddhirajgautam/Documents/Cherrygram-Mac/macOS-Swift/submodules/Sparkle/Sparkle/SUTouchBarButtonGroup.m:26:13: warning: mixing declarations and code is incompatible with standards before C99 [-Wdeclaration-after-statement]
   26 |     NSView *buttonGroup = [[NSView alloc] initWithFrame:NSZeroRect];
      |             ^
1 warning generated.

CompileC /Users/buddhirajgautam/Library/Developer/Xcode/DerivedData/Telegram-Mac-fygdgghdgmuleoelvxabfmqiotta/Build/Intermediates.noindex/Sparkle.build/Debug/Sparkle.build/Objects-normal/arm64/SUStatusController.o /Users/buddhirajgautam/Documents/Cherrygram-Mac/macOS-Swift/submodules/Sparkle/Sparkle/SUStatusController.m normal arm64 objective-c com.apple.compilers.llvm.clang.1_0.compiler (in target 'Sparkle' from project 'Sparkle')
    cd /Users/buddhirajgautam/Documents/Cherrygram-Mac/macOS-Swift/submodules/Sparkle
    
    Using response file: /Users/buddhirajgautam/Library/Developer/Xcode/DerivedData/Telegram-Mac-fygdgghdgmuleoelvxabfmqiotta/Build/Intermediates.noindex/Sparkle.build/Debug/Sparkle.build/Objects-normal/arm64/e6072d4f65d7061329687fe24e3d63a7-common-args.resp
    
    /Applications/Xcode.app/Contents/Developer/Toolchains/XcodeDefault.xctoolchain/usr/bin/clang -x objective-c -ivfsstatcache /Users/buddhirajgautam/Library/Developer/Xcode/DerivedData/SDKStatCaches.noindex/macosx27.0-26A425-e829b21a6f8c9b70876ba0858053c0447231f6df4def33e022ae2eb8f782df1a.sdkstatcache -target arm64-apple-macos12.0 -fmessage-length\=0 -fdiagnostics-show-note-include-stack -fmacro-backtrace-limit\=0 -fno-color-diagnostics -fmodules-prune-interval\=86400 -fmodules-prune-after\=345600 -fbuild-session-file\=/Users/buddhirajgautam/Library/Developer/Xcode/DerivedData/ModuleCache.noindex/Session.modulevalidation -fmodules-validate-once-per-build-session -Wnon-modular-include-in-framework-module -Werror\=non-modular-include-in-framework-module -Wno-trigraphs -Werror\=incompatible-pointer-types -Werror\=implicit-function-declaration -Wmissing-field-initializers -Wmissing-prototypes -Wdocumentation -Wunreachable-code -Wimplicit-atomic-properties -Wno-objc-interface-ivars -Wobjc-missing-property-synthesis -Warc-repeated-use-of-weak -Wno-arc-maybe-repeated-use-of-weak -Wexplicit-ownership-type -Wimplicit-retain-self -Wduplicate-method-match -Wmissing-braces -Wparentheses -Wswitch -Wunused-function -Wunused-label -Wunused-parameter -Wunused-variable -Wunused-value -Wempty-body -Wuninitialized -Wunknown-pragmas -Wshadow -Wfour-char-constants -Wconversion -Wconstant-conversion -Wint-conversion -Wbool-conversion -Wenum-conversion -Wfloat-conversion -Wnon-literal-null-conversion -Wobjc-literal-conversion -Wassign-enum -Wsign-compare -Wshorten-64-to-32 -Wpointer-sign -Wnewline-eof -Wselector -Wstrict-selector-match -Wundeclared-selector -Wdeprecated-implementations -Wno-implicit-fallthrough -isysroot /Applications/Xcode.app/Contents/Developer/Platforms/MacOSX.platform/Developer/SDKs/MacOSX27.0.sdk -fstrict-aliasing -Wprotocol -Wdeprecated-declarations -Wsign-conversion -Winfinite-recursion -Wcomma -Wblock-capture-autoreleasing -Wstrict-prototypes -Wno-semicolon-before-method-body -index-store-path /Users/buddhirajgautam/Library/Developer/Xcode/DerivedData/Telegram-Mac-fygdgghdgmuleoelvxabfmqiotta/Index.noindex/DataStore -Wall -Weverything -Wno-unused-macros -Wno-gnu-statement-expression -Wno-arc-repeated-use-of-weak -Wno-auto-import -Wno-gnu-zero-variadic-macro-arguments -Wno-custom-atomic-properties -Wno-implicit-atomic-properties @/Users/buddhirajgautam/Library/Developer/Xcode/DerivedData/Telegram-Mac-fygdgghdgmuleoelvxabfmqiotta/Build/Intermediates.noindex/Sparkle.build/Debug/Sparkle.build/Objects-normal/arm64/e6072d4f65d7061329687fe24e3d63a7-common-args.resp -MMD -MT dependencies -MF /Users/buddhirajgautam/Library/Developer/Xcode/DerivedData/Telegram-Mac-fygdgghdgmuleoelvxabfmqiotta/Build/Intermediates.noindex/Sparkle.build/Debug/Sparkle.build/Objects-normal/arm64/SUStatusController.d --serialize-diagnostics /Users/buddhirajgautam/Library/Developer/Xcode/DerivedData/Telegram-Mac-fygdgghdgmuleoelvxabfmqiotta/Build/Intermediates.noindex/Sparkle.build/Debug/Sparkle.build/Objects-normal/arm64/SUStatusController.dia -c /Users/buddhirajgautam/Documents/Cherrygram-Mac/macOS-Swift/submodules/Sparkle/Sparkle/SUStatusController.m -o /Users/buddhirajgautam/Library/Developer/Xcode/DerivedData/Telegram-Mac-fygdgghdgmuleoelvxabfmqiotta/Build/Intermediates.noindex/Sparkle.build/Debug/Sparkle.build/Objects-normal/arm64/SUStatusController.o -index-unit-output-path /Sparkle.build/Debug/Sparkle.build/Objects-normal/arm64/SUStatusController.o

CompileC /Users/buddhirajgautam/Library/Developer/Xcode/DerivedData/Telegram-Mac-fygdgghdgmuleoelvxabfmqiotta/Build/Intermediates.noindex/Sparkle.build/Debug/Sparkle.build/Objects-normal/arm64/SUScheduledUpdateDriver.o /Users/buddhirajgautam/Documents/Cherrygram-Mac/macOS-Swift/submodules/Sparkle/Sparkle/SUScheduledUpdateDriver.m normal arm64 objective-c com.apple.compilers.llvm.clang.1_0.compiler (in target 'Sparkle' from project 'Sparkle')
    cd /Users/buddhirajgautam/Documents/Cherrygram-Mac/macOS-Swift/submodules/Sparkle
    
    Using response file: /Users/buddhirajgautam/Library/Developer/Xcode/DerivedData/Telegram-Mac-fygdgghdgmuleoelvxabfmqiotta/Build/Intermediates.noindex/Sparkle.build/Debug/Sparkle.build/Objects-normal/arm64/e6072d4f65d7061329687fe24e3d63a7-common-args.resp
    
    /Applications/Xcode.app/Contents/Developer/Toolchains/XcodeDefault.xctoolchain/usr/bin/clang -x objective-c -ivfsstatcache /Users/buddhirajgautam/Library/Developer/Xcode/DerivedData/SDKStatCaches.noindex/macosx27.0-26A425-e829b21a6f8c9b70876ba0858053c0447231f6df4def33e022ae2eb8f782df1a.sdkstatcache -target arm64-apple-macos12.0 -fmessage-length\=0 -fdiagnostics-show-note-include-stack -fmacro-backtrace-limit\=0 -fno-color-diagnostics -fmodules-prune-interval\=86400 -fmodules-prune-after\=345600 -fbuild-session-file\=/Users/buddhirajgautam/Library/Developer/Xcode/DerivedData/ModuleCache.noindex/Session.modulevalidation -fmodules-validate-once-per-build-session -Wnon-modular-include-in-framework-module -Werror\=non-modular-include-in-framework-module -Wno-trigraphs -Werror\=incompatible-pointer-types -Werror\=implicit-function-declaration -Wmissing-field-initializers -Wmissing-prototypes -Wdocumentation -Wunreachable-code -Wimplicit-atomic-properties -Wno-objc-interface-ivars -Wobjc-missing-property-synthesis -Warc-repeated-use-of-weak -Wno-arc-maybe-repeated-use-of-weak -Wexplicit-ownership-type -Wimplicit-retain-self -Wduplicate-method-match -Wmissing-braces -Wparentheses -Wswitch -Wunused-function -Wunused-label -Wunused-parameter -Wunused-variable -Wunused-value -Wempty-body -Wuninitialized -Wunknown-pragmas -Wshadow -Wfour-char-constants -Wconversion -Wconstant-conversion -Wint-conversion -Wbool-conversion -Wenum-conversion -Wfloat-conversion -Wnon-literal-null-conversion -Wobjc-literal-conversion -Wassign-enum -Wsign-compare -Wshorten-64-to-32 -Wpointer-sign -Wnewline-eof -Wselector -Wstrict-selector-match -Wundeclared-selector -Wdeprecated-implementations -Wno-implicit-fallthrough -isysroot /Applications/Xcode.app/Contents/Developer/Platforms/MacOSX.platform/Developer/SDKs/MacOSX27.0.sdk -fstrict-aliasing -Wprotocol -Wdeprecated-declarations -Wsign-conversion -Winfinite-recursion -Wcomma -Wblock-capture-autoreleasing -Wstrict-prototypes -Wno-semicolon-before-method-body -index-store-path /Users/buddhirajgautam/Library/Developer/Xcode/DerivedData/Telegram-Mac-fygdgghdgmuleoelvxabfmqiotta/Index.noindex/DataStore -Wall -Weverything -Wno-unused-macros -Wno-gnu-statement-expression -Wno-arc-repeated-use-of-weak -Wno-auto-import -Wno-gnu-zero-variadic-macro-arguments -Wno-custom-atomic-properties -Wno-implicit-atomic-properties @/Users/buddhirajgautam/Library/Developer/Xcode/DerivedData/Telegram-Mac-fygdgghdgmuleoelvxabfmqiotta/Build/Intermediates.noindex/Sparkle.build/Debug/Sparkle.build/Objects-normal/arm64/e6072d4f65d7061329687fe24e3d63a7-common-args.resp -MMD -MT dependencies -MF /Users/buddhirajgautam/Library/Developer/Xcode/DerivedData/Telegram-Mac-fygdgghdgmuleoelvxabfmqiotta/Build/Intermediates.noindex/Sparkle.build/Debug/Sparkle.build/Objects-normal/arm64/SUScheduledUpdateDriver.d --serialize-diagnostics /Users/buddhirajgautam/Library/Developer/Xcode/DerivedData/Telegram-Mac-fygdgghdgmuleoelvxabfmqiotta/Build/Intermediates.noindex/Sparkle.build/Debug/Sparkle.build/Objects-normal/arm64/SUScheduledUpdateDriver.dia -c /Users/buddhirajgautam/Documents/Cherrygram-Mac/macOS-Swift/submodules/Sparkle/Sparkle/SUScheduledUpdateDriver.m -o /Users/buddhirajgautam/Library/Developer/Xcode/DerivedData/Telegram-Mac-fygdgghdgmuleoelvxabfmqiotta/Build/Intermediates.noindex/Sparkle.build/Debug/Sparkle.build/Objects-normal/arm64/SUScheduledUpdateDriver.o -index-unit-output-path /Sparkle.build/Debug/Sparkle.build/Objects-normal/arm64/SUScheduledUpdateDriver.o

CompileC /Users/buddhirajgautam/Library/Developer/Xcode/DerivedData/Telegram-Mac-fygdgghdgmuleoelvxabfmqiotta/Build/Intermediates.noindex/Sparkle.build/Debug/Sparkle.build/Objects-normal/arm64/SUProbingUpdateDriver.o /Users/buddhirajgautam/Documents/Cherrygram-Mac/macOS-Swift/submodules/Sparkle/Sparkle/SUProbingUpdateDriver.m normal arm64 objective-c com.apple.compilers.llvm.clang.1_0.compiler (in target 'Sparkle' from project 'Sparkle')
    cd /Users/buddhirajgautam/Documents/Cherrygram-Mac/macOS-Swift/submodules/Sparkle
    
    Using response file: /Users/buddhirajgautam/Library/Developer/Xcode/DerivedData/Telegram-Mac-fygdgghdgmuleoelvxabfmqiotta/Build/Intermediates.noindex/Sparkle.build/Debug/Sparkle.build/Objects-normal/arm64/e6072d4f65d7061329687fe24e3d63a7-common-args.resp
    
    /Applications/Xcode.app/Contents/Developer/Toolchains/XcodeDefault.xctoolchain/usr/bin/clang -x objective-c -ivfsstatcache /Users/buddhirajgautam/Library/Developer/Xcode/DerivedData/SDKStatCaches.noindex/macosx27.0-26A425-e829b21a6f8c9b70876ba0858053c0447231f6df4def33e022ae2eb8f782df1a.sdkstatcache -target arm64-apple-macos12.0 -fmessage-length\=0 -fdiagnostics-show-note-include-stack -fmacro-backtrace-limit\=0 -fno-color-diagnostics -fmodules-prune-interval\=86400 -fmodules-prune-after\=345600 -fbuild-session-file\=/Users/buddhirajgautam/Library/Developer/Xcode/DerivedData/ModuleCache.noindex/Session.modulevalidation -fmodules-validate-once-per-build-session -Wnon-modular-include-in-framework-module -Werror\=non-modular-include-in-framework-module -Wno-trigraphs -Werror\=incompatible-pointer-types -Werror\=implicit-function-declaration -Wmissing-field-initializers -Wmissing-prototypes -Wdocumentation -Wunreachable-code -Wimplicit-atomic-properties -Wno-objc-interface-ivars -Wobjc-missing-property-synthesis -Warc-repeated-use-of-weak -Wno-arc-maybe-repeated-use-of-weak -Wexplicit-ownership-type -Wimplicit-retain-self -Wduplicate-method-match -Wmissing-braces -Wparentheses -Wswitch -Wunused-function -Wunused-label -Wunused-parameter -Wunused-variable -Wunused-value -Wempty-body -Wuninitialized -Wunknown-pragmas -Wshadow -Wfour-char-constants -Wconversion -Wconstant-conversion -Wint-conversion -Wbool-conversion -Wenum-conversion -Wfloat-conversion -Wnon-literal-null-conversion -Wobjc-literal-conversion -Wassign-enum -Wsign-compare -Wshorten-64-to-32 -Wpointer-sign -Wnewline-eof -Wselector -Wstrict-selector-match -Wundeclared-selector -Wdeprecated-implementations -Wno-implicit-fallthrough -isysroot /Applications/Xcode.app/Contents/Developer/Platforms/MacOSX.platform/Developer/SDKs/MacOSX27.0.sdk -fstrict-aliasing -Wprotocol -Wdeprecated-declarations -Wsign-conversion -Winfinite-recursion -Wcomma -Wblock-capture-autoreleasing -Wstrict-prototypes -Wno-semicolon-before-method-body -index-store-path /Users/buddhirajgautam/Library/Developer/Xcode/DerivedData/Telegram-Mac-fygdgghdgmuleoelvxabfmqiotta/Index.noindex/DataStore -Wall -Weverything -Wno-unused-macros -Wno-gnu-statement-expression -Wno-arc-repeated-use-of-weak -Wno-auto-import -Wno-gnu-zero-variadic-macro-arguments -Wno-custom-atomic-properties -Wno-implicit-atomic-properties @/Users/buddhirajgautam/Library/Developer/Xcode/DerivedData/Telegram-Mac-fygdgghdgmuleoelvxabfmqiotta/Build/Intermediates.noindex/Sparkle.build/Debug/Sparkle.build/Objects-normal/arm64/e6072d4f65d7061329687fe24e3d63a7-common-args.resp -MMD -MT dependencies -MF /Users/buddhirajgautam/Library/Developer/Xcode/DerivedData/Telegram-Mac-fygdgghdgmuleoelvxabfmqiotta/Build/Intermediates.noindex/Sparkle.build/Debug/Sparkle.build/Objects-normal/arm64/SUProbingUpdateDriver.d --serialize-diagnostics /Users/buddhirajgautam/Library/Developer/Xcode/DerivedData/Telegram-Mac-fygdgghdgmuleoelvxabfmqiotta/Build/Intermediates.noindex/Sparkle.build/Debug/Sparkle.build/Objects-normal/arm64/SUProbingUpdateDriver.dia -c /Users/buddhirajgautam/Documents/Cherrygram-Mac/macOS-Swift/submodules/Sparkle/Sparkle/SUProbingUpdateDriver.m -o /Users/buddhirajgautam/Library/Developer/Xcode/DerivedData/Telegram-Mac-fygdgghdgmuleoelvxabfmqiotta/Build/Intermediates.noindex/Sparkle.build/Debug/Sparkle.build/Objects-normal/arm64/SUProbingUpdateDriver.o -index-unit-output-path /Sparkle.build/Debug/Sparkle.build/Objects-normal/arm64/SUProbingUpdateDriver.o
/Users/buddhirajgautam/Documents/Cherrygram-Mac/macOS-Swift/submodules/Sparkle/Sparkle/SUProbingUpdateDriver.m:24:19: warning: mixing declarations and code is incompatible with standards before C99 [-Wdeclaration-after-statement]
   24 |     NSDictionary *userInfo = (self.updateItem != nil) ? @{ SUUpdaterAppcastItemNotificationKey: self.updateItem } : nil;
      |                   ^
1 warning generated.

CompileC /Users/buddhirajgautam/Library/Developer/Xcode/DerivedData/Telegram-Mac-fygdgghdgmuleoelvxabfmqiotta/Build/Intermediates.noindex/Sparkle.build/Debug/Sparkle.build/Objects-normal/arm64/SUBasicUpdateDriver.o /Users/buddhirajgautam/Documents/Cherrygram-Mac/macOS-Swift/submodules/Sparkle/Sparkle/SUBasicUpdateDriver.m normal arm64 objective-c com.apple.compilers.llvm.clang.1_0.compiler (in target 'Sparkle' from project 'Sparkle')
    cd /Users/buddhirajgautam/Documents/Cherrygram-Mac/macOS-Swift/submodules/Sparkle
    
    Using response file: /Users/buddhirajgautam/Library/Developer/Xcode/DerivedData/Telegram-Mac-fygdgghdgmuleoelvxabfmqiotta/Build/Intermediates.noindex/Sparkle.build/Debug/Sparkle.build/Objects-normal/arm64/e6072d4f65d7061329687fe24e3d63a7-common-args.resp
    
    /Applications/Xcode.app/Contents/Developer/Toolchains/XcodeDefault.xctoolchain/usr/bin/clang -x objective-c -ivfsstatcache /Users/buddhirajgautam/Library/Developer/Xcode/DerivedData/SDKStatCaches.noindex/macosx27.0-26A425-e829b21a6f8c9b70876ba0858053c0447231f6df4def33e022ae2eb8f782df1a.sdkstatcache -target arm64-apple-macos12.0 -fmessage-length\=0 -fdiagnostics-show-note-include-stack -fmacro-backtrace-limit\=0 -fno-color-diagnostics -fmodules-prune-interval\=86400 -fmodules-prune-after\=345600 -fbuild-session-file\=/Users/buddhirajgautam/Library/Developer/Xcode/DerivedData/ModuleCache.noindex/Session.modulevalidation -fmodules-validate-once-per-build-session -Wnon-modular-include-in-framework-module -Werror\=non-modular-include-in-framework-module -Wno-trigraphs -Werror\=incompatible-pointer-types -Werror\=implicit-function-declaration -Wmissing-field-initializers -Wmissing-prototypes -Wdocumentation -Wunreachable-code -Wimplicit-atomic-properties -Wno-objc-interface-ivars -Wobjc-missing-property-synthesis -Warc-repeated-use-of-weak -Wno-arc-maybe-repeated-use-of-weak -Wexplicit-ownership-type -Wimplicit-retain-self -Wduplicate-method-match -Wmissing-braces -Wparentheses -Wswitch -Wunused-function -Wunused-label -Wunused-parameter -Wunused-variable -Wunused-value -Wempty-body -Wuninitialized -Wunknown-pragmas -Wshadow -Wfour-char-constants -Wconversion -Wconstant-conversion -Wint-conversion -Wbool-conversion -Wenum-conversion -Wfloat-conversion -Wnon-literal-null-conversion -Wobjc-literal-conversion -Wassign-enum -Wsign-compare -Wshorten-64-to-32 -Wpointer-sign -Wnewline-eof -Wselector -Wstrict-selector-match -Wundeclared-selector -Wdeprecated-implementations -Wno-implicit-fallthrough -isysroot /Applications/Xcode.app/Contents/Developer/Platforms/MacOSX.platform/Developer/SDKs/MacOSX27.0.sdk -fstrict-aliasing -Wprotocol -Wdeprecated-declarations -Wsign-conversion -Winfinite-recursion -Wcomma -Wblock-capture-autoreleasing -Wstrict-prototypes -Wno-semicolon-before-method-body -index-store-path /Users/buddhirajgautam/Library/Developer/Xcode/DerivedData/Telegram-Mac-fygdgghdgmuleoelvxabfmqiotta/Index.noindex/DataStore -Wall -Weverything -Wno-unused-macros -Wno-gnu-statement-expression -Wno-arc-repeated-use-of-weak -Wno-auto-import -Wno-gnu-zero-variadic-macro-arguments -Wno-custom-atomic-properties -Wno-implicit-atomic-properties @/Users/buddhirajgautam/Library/Developer/Xcode/DerivedData/Telegram-Mac-fygdgghdgmuleoelvxabfmqiotta/Build/Intermediates.noindex/Sparkle.build/Debug/Sparkle.build/Objects-normal/arm64/e6072d4f65d7061329687fe24e3d63a7-common-args.resp -MMD -MT dependencies -MF /Users/buddhirajgautam/Library/Developer/Xcode/DerivedData/Telegram-Mac-fygdgghdgmuleoelvxabfmqiotta/Build/Intermediates.noindex/Sparkle.build/Debug/Sparkle.build/Objects-normal/arm64/SUBasicUpdateDriver.d --serialize-diagnostics /Users/buddhirajgautam/Library/Developer/Xcode/DerivedData/Telegram-Mac-fygdgghdgmuleoelvxabfmqiotta/Build/Intermediates.noindex/Sparkle.build/Debug/Sparkle.build/Objects-normal/arm64/SUBasicUpdateDriver.dia -c /Users/buddhirajgautam/Documents/Cherrygram-Mac/macOS-Swift/submodules/Sparkle/Sparkle/SUBasicUpdateDriver.m -o /Users/buddhirajgautam/Library/Developer/Xcode/DerivedData/Telegram-Mac-fygdgghdgmuleoelvxabfmqiotta/Build/Intermediates.noindex/Sparkle.build/Debug/Sparkle.build/Objects-normal/arm64/SUBasicUpdateDriver.o -index-unit-output-path /Sparkle.build/Debug/Sparkle.build/Objects-normal/arm64/SUBasicUpdateDriver.o
/Users/buddhirajgautam/Documents/Cherrygram-Mac/macOS-Swift/submodules/Sparkle/Sparkle/SUBasicUpdateDriver.m:59:201: warning: positional arguments are not supported by ISO C [-Wformat-non-iso]
   59 |         [self abortUpdateWithError:[NSError errorWithDomain:SUSparkleErrorDomain code:SURunningFromDiskImageError userInfo:@{ NSLocalizedDescriptionKey: [NSString stringWithFormat:SULocalizedString(@"%1$@ can't be updated, because it was opened from a read-only or a temporary location. Use Finder to copy %1$@ to the Applications folder, relaunch it from there, and try again.", nil), [aHost name]] }]];
      |                                                                                                                                                                                                         ^~~
In file included from /Users/buddhirajgautam/Documents/Cherrygram-Mac/macOS-Swift/submodules/Sparkle/Sparkle/SUBasicUpdateDriver.m:23:
/Users/buddhirajgautam/Documents/Cherrygram-Mac/macOS-Swift/submodules/Sparkle/Sparkle/SULocalizations.h:14:76: note: expanded from macro 'SULocalizedString'
   14 | #define SULocalizedString(key, comment) NSLocalizedStringFromTableInBundle(key, @"Sparkle", (NSBundle * _Nonnull)([NSBundle bundleWithIdentifier:SUBundleIdentifier] ? [NSBundle bundleWithIdentifier:SUBundleIdentifier] : [NSBundle mainBundle]), comment)
      |                                                                            ^~~
In module 'Foundation' imported from /Users/buddhirajgautam/Documents/Cherrygram-Mac/macOS-Swift/submodules/Sparkle/Sparkle/SPUDownloader.h:10:
/Applications/Xcode.app/Contents/Developer/Platforms/MacOSX.platform/Developer/SDKs/MacOSX27.0.sdk/System/Library/Frameworks/Foundation.framework/Headers/NSBundle.h:622:37: note: expanded from macro 'NSLocalizedStringFromTableInBundle'
  622 |             [bundle localizedStringForKey:(key) value:@"" table:(tbl)]
      |                                            ^~~
/Users/buddhirajgautam/Documents/Cherrygram-Mac/macOS-Swift/submodules/Sparkle/Sparkle/SUBasicUpdateDriver.m:59:307: warning: positional arguments are not supported by ISO C [-Wformat-non-iso]
   59 |         [self abortUpdateWithError:[NSError errorWithDomain:SUSparkleErrorDomain code:SURunningFromDiskImageError userInfo:@{ NSLocalizedDescriptionKey: [NSString stringWithFormat:SULocalizedString(@"%1$@ can't be updated, because it was opened from a read-only or a temporary location. Use Finder to copy %1$@ to the Applications folder, relaunch it from there, and try again.", nil), [aHost name]] }]];
      |                                                                                                                                                                                                                                                                                                                   ^~~
In file included from /Users/buddhirajgautam/Documents/Cherrygram-Mac/macOS-Swift/submodules/Sparkle/Sparkle/SUBasicUpdateDriver.m:23:
/Users/buddhirajgautam/Documents/Cherrygram-Mac/macOS-Swift/submodules/Sparkle/Sparkle/SULocalizations.h:14:76: note: expanded from macro 'SULocalizedString'
   14 | #define SULocalizedString(key, comment) NSLocalizedStringFromTableInBundle(key, @"Sparkle", (NSBundle * _Nonnull)([NSBundle bundleWithIdentifier:SUBundleIdentifier] ? [NSBundle bundleWithIdentifier:SUBundleIdentifier] : [NSBundle mainBundle]), comment)
      |                                                                            ^~~
In module 'Foundation' imported from /Users/buddhirajgautam/Documents/Cherrygram-Mac/macOS-Swift/submodules/Sparkle/Sparkle/SPUDownloader.h:10:
/Applications/Xcode.app/Contents/Developer/Platforms/MacOSX.platform/Developer/SDKs/MacOSX27.0.sdk/System/Library/Frameworks/Foundation.framework/Headers/NSBundle.h:622:37: note: expanded from macro 'NSLocalizedStringFromTableInBundle'
  622 |             [bundle localizedStringForKey:(key) value:@"" table:(tbl)]
      |                                            ^~~
/Users/buddhirajgautam/Documents/Cherrygram-Mac/macOS-Swift/submodules/Sparkle/Sparkle/SUBasicUpdateDriver.m:63:16: warning: mixing declarations and code is incompatible with standards before C99 [-Wdeclaration-after-statement]
   63 |     SUAppcast *appcast = [[SUAppcast alloc] initWithDomain:domain];
      |                ^
/Users/buddhirajgautam/Documents/Cherrygram-Mac/macOS-Swift/submodules/Sparkle/Sparkle/SUBasicUpdateDriver.m:122:10: warning: mixing declarations and code is incompatible with standards before C99 [-Wdeclaration-after-statement]
  122 |     BOOL osOK = [ui isMacOsUpdate];
      |          ^
/Users/buddhirajgautam/Documents/Cherrygram-Mac/macOS-Swift/submodules/Sparkle/Sparkle/SUBasicUpdateDriver.m:170:19: warning: mixing declarations and code is incompatible with standards before C99 [-Wdeclaration-after-statement]
  170 |     NSDictionary *userInfo = @{ SUUpdaterAppcastNotificationKey: ac };
      |                   ^
/Users/buddhirajgautam/Documents/Cherrygram-Mac/macOS-Swift/submodules/Sparkle/Sparkle/SUBasicUpdateDriver.m:212:26: warning: mixing declarations and code is incompatible with standards before C99 [-Wdeclaration-after-statement]
  212 |     id<SUUpdaterPrivate> updater = self.updater;
      |                          ^
/Users/buddhirajgautam/Documents/Cherrygram-Mac/macOS-Swift/submodules/Sparkle/Sparkle/SUBasicUpdateDriver.m:253:15: warning: mixing declarations and code is incompatible with standards before C99 [-Wdeclaration-after-statement]
  253 |     NSString *name = [self.host.bundle bundleIdentifier];
      |               ^
/Users/buddhirajgautam/Documents/Cherrygram-Mac/macOS-Swift/submodules/Sparkle/Sparkle/SUBasicUpdateDriver.m:266:15: warning: mixing declarations and code is incompatible with standards before C99 [-Wdeclaration-after-statement]
  266 |     NSString *bundleIdentifier = self.host.bundle.bundleIdentifier;
      |               ^
/Users/buddhirajgautam/Documents/Cherrygram-Mac/macOS-Swift/submodules/Sparkle/Sparkle/SUBasicUpdateDriver.m:324:26: warning: mixing declarations and code is incompatible with standards before C99 [-Wdeclaration-after-statement]
  324 |     id<SUUpdaterPrivate> updater = self.updater;
      |                          ^
/Users/buddhirajgautam/Documents/Cherrygram-Mac/macOS-Swift/submodules/Sparkle/Sparkle/SUBasicUpdateDriver.m:339:26: warning: mixing declarations and code is incompatible with standards before C99 [-Wdeclaration-after-statement]
  339 |     id<SUUpdaterPrivate> updater = self.updater;
      |                          ^
/Users/buddhirajgautam/Documents/Cherrygram-Mac/macOS-Swift/submodules/Sparkle/Sparkle/SUBasicUpdateDriver.m:370:14: warning: mixing declarations and code is incompatible with standards before C99 [-Wdeclaration-after-statement]
  370 |         BOOL needsPrevalidation = [[unarchiver class] mustValidateBeforeExtraction];
      |              ^
/Users/buddhirajgautam/Documents/Cherrygram-Mac/macOS-Swift/submodules/Sparkle/Sparkle/SUBasicUpdateDriver.m:565:22: warning: mixing declarations and code is incompatible with standards before C99 [-Wdeclaration-after-statement]
  565 |             NSError *quarantineError = nil;
      |                      ^
/Users/buddhirajgautam/Documents/Cherrygram-Mac/macOS-Swift/submodules/Sparkle/Sparkle/SUBasicUpdateDriver.m:549:19: warning: mixing declarations and code is incompatible with standards before C99 [-Wdeclaration-after-statement]
  549 |         NSString *relaunchCopyBaseName = [NSString stringWithFormat:@"%@ (Autoupdate).app", hostBundleBaseName];
      |                   ^
/Users/buddhirajgautam/Documents/Cherrygram-Mac/macOS-Swift/submodules/Sparkle/Sparkle/SUBasicUpdateDriver.m:574:123: warning: positional arguments are not supported by ISO C [-Wformat-non-iso]
  574 |             NSLocalizedDescriptionKey: [NSString stringWithFormat:SULocalizedString(@"An error occurred while relaunching %1$@, but the new version will be available next time you run %1$@.", nil), [self.host name]],
      |                                                                                                                           ^~~
In file included from /Users/buddhirajgautam/Documents/Cherrygram-Mac/macOS-Swift/submodules/Sparkle/Sparkle/SUBasicUpdateDriver.m:23:
/Users/buddhirajgautam/Documents/Cherrygram-Mac/macOS-Swift/submodules/Sparkle/Sparkle/SULocalizations.h:14:76: note: expanded from macro 'SULocalizedString'
   14 | #define SULocalizedString(key, comment) NSLocalizedStringFromTableInBundle(key, @"Sparkle", (NSBundle * _Nonnull)([NSBundle bundleWithIdentifier:SUBundleIdentifier] ? [NSBundle bundleWithIdentifier:SUBundleIdentifier] : [NSBundle mainBundle]), comment)
      |                                                                            ^~~
In module 'Foundation' imported from /Users/buddhirajgautam/Documents/Cherrygram-Mac/macOS-Swift/submodules/Sparkle/Sparkle/SPUDownloader.h:10:
/Applications/Xcode.app/Contents/Developer/Platforms/MacOSX.platform/Developer/SDKs/MacOSX27.0.sdk/System/Library/Frameworks/Foundation.framework/Headers/NSBundle.h:622:37: note: expanded from macro 'NSLocalizedStringFromTableInBundle'
  622 |             [bundle localizedStringForKey:(key) value:@"" table:(tbl)]
      |                                            ^~~
/Users/buddhirajgautam/Documents/Cherrygram-Mac/macOS-Swift/submodules/Sparkle/Sparkle/SUBasicUpdateDriver.m:574:185: warning: positional arguments are not supported by ISO C [-Wformat-non-iso]
  574 |             NSLocalizedDescriptionKey: [NSString stringWithFormat:SULocalizedString(@"An error occurred while relaunching %1$@, but the new version will be available next time you run %1$@.", nil), [self.host name]],
      |                                                                                                                                                                                         ^~~
In file included from /Users/buddhirajgautam/Documents/Cherrygram-Mac/macOS-Swift/submodules/Sparkle/Sparkle/SUBasicUpdateDriver.m:23:
/Users/buddhirajgautam/Documents/Cherrygram-Mac/macOS-Swift/submodules/Sparkle/Sparkle/SULocalizations.h:14:76: note: expanded from macro 'SULocalizedString'
   14 | #define SULocalizedString(key, comment) NSLocalizedStringFromTableInBundle(key, @"Sparkle", (NSBundle * _Nonnull)([NSBundle bundleWithIdentifier:SUBundleIdentifier] ? [NSBundle bundleWithIdentifier:SUBundleIdentifier] : [NSBundle mainBundle]), comment)
      |                                                                            ^~~
In module 'Foundation' imported from /Users/buddhirajgautam/Documents/Cherrygram-Mac/macOS-Swift/submodules/Sparkle/Sparkle/SPUDownloader.h:10:
/Applications/Xcode.app/Contents/Developer/Platforms/MacOSX.platform/Developer/SDKs/MacOSX27.0.sdk/System/Library/Frameworks/Foundation.framework/Headers/NSBundle.h:622:37: note: expanded from macro 'NSLocalizedStringFromTableInBundle'
  622 |             [bundle localizedStringForKey:(key) value:@"" table:(tbl)]
      |                                            ^~~
/Users/buddhirajgautam/Documents/Cherrygram-Mac/macOS-Swift/submodules/Sparkle/Sparkle/SUBasicUpdateDriver.m:590:123: warning: positional arguments are not supported by ISO C [-Wformat-non-iso]
  590 |             NSLocalizedDescriptionKey: [NSString stringWithFormat:SULocalizedString(@"An error occurred while relaunching %1$@, but the new version will be available next time you run %1$@.", nil), [self.host name]],
      |                                                                                                                           ^~~
In file included from /Users/buddhirajgautam/Documents/Cherrygram-Mac/macOS-Swift/submodules/Sparkle/Sparkle/SUBasicUpdateDriver.m:23:
/Users/buddhirajgautam/Documents/Cherrygram-Mac/macOS-Swift/submodules/Sparkle/Sparkle/SULocalizations.h:14:76: note: expanded from macro 'SULocalizedString'
   14 | #define SULocalizedString(key, comment) NSLocalizedStringFromTableInBundle(key, @"Sparkle", (NSBundle * _Nonnull)([NSBundle bundleWithIdentifier:SUBundleIdentifier] ? [NSBundle bundleWithIdentifier:SUBundleIdentifier] : [NSBundle mainBundle]), comment)
      |                                                                            ^~~
In module 'Foundation' imported from /Users/buddhirajgautam/Documents/Cherrygram-Mac/macOS-Swift/submodules/Sparkle/Sparkle/SPUDownloader.h:10:
/Applications/Xcode.app/Contents/Developer/Platforms/MacOSX.platform/Developer/SDKs/MacOSX27.0.sdk/System/Library/Frameworks/Foundation.framework/Headers/NSBundle.h:622:37: note: expanded from macro 'NSLocalizedStringFromTableInBundle'
  622 |             [bundle localizedStringForKey:(key) value:@"" table:(tbl)]
      |                                            ^~~
/Users/buddhirajgautam/Documents/Cherrygram-Mac/macOS-Swift/submodules/Sparkle/Sparkle/SUBasicUpdateDriver.m:590:185: warning: positional arguments are not supported by ISO C [-Wformat-non-iso]
  590 |             NSLocalizedDescriptionKey: [NSString stringWithFormat:SULocalizedString(@"An error occurred while relaunching %1$@, but the new version will be available next time you run %1$@.", nil), [self.host name]],
      |                                                                                                                                                                                         ^~~
In file included from /Users/buddhirajgautam/Documents/Cherrygram-Mac/macOS-Swift/submodules/Sparkle/Sparkle/SUBasicUpdateDriver.m:23:
/Users/buddhirajgautam/Documents/Cherrygram-Mac/macOS-Swift/submodules/Sparkle/Sparkle/SULocalizations.h:14:76: note: expanded from macro 'SULocalizedString'
   14 | #define SULocalizedString(key, comment) NSLocalizedStringFromTableInBundle(key, @"Sparkle", (NSBundle * _Nonnull)([NSBundle bundleWithIdentifier:SUBundleIdentifier] ? [NSBundle bundleWithIdentifier:SUBundleIdentifier] : [NSBundle mainBundle]), comment)
      |                                                                            ^~~
In module 'Foundation' imported from /Users/buddhirajgautam/Documents/Cherrygram-Mac/macOS-Swift/submodules/Sparkle/Sparkle/SPUDownloader.h:10:
/Applications/Xcode.app/Contents/Developer/Platforms/MacOSX.platform/Developer/SDKs/MacOSX27.0.sdk/System/Library/Frameworks/Foundation.framework/Headers/NSBundle.h:622:37: note: expanded from macro 'NSLocalizedStringFromTableInBundle'
  622 |             [bundle localizedStringForKey:(key) value:@"" table:(tbl)]
      |                                            ^~~
/Users/buddhirajgautam/Documents/Cherrygram-Mac/macOS-Swift/submodules/Sparkle/Sparkle/SUBasicUpdateDriver.m:484:10: warning: mixing declarations and code is incompatible with standards before C99 [-Wdeclaration-after-statement]
  484 |     BOOL validationCheckSuccess = [self.updateValidator validateWithUpdateDirectory:self.tempDir];
      |          ^
/Users/buddhirajgautam/Documents/Cherrygram-Mac/macOS-Swift/submodules/Sparkle/Sparkle/SUBasicUpdateDriver.m:632:65: warning: 'NSWorkspaceRecycleOperation' is deprecated: first deprecated in macOS 10.11 - Use -[NSWorkspace recycleURLs:completionHandler:] instead. [-Wdeprecated-declarations]
  632 |             [[NSWorkspace sharedWorkspace] performFileOperation:NSWorkspaceRecycleOperation source:[self.tempDir stringByDeletingLastPathComponent] destination:@"" files:@[[self.tempDir lastPathComponent]] tag:NULL];
      |                                                                 ^
In module 'Cocoa' imported from /Users/buddhirajgautam/Documents/Cherrygram-Mac/macOS-Swift/submodules/Sparkle/Sparkle/SUUpdateDriver.h:13:
In module 'AppKit' imported from /Applications/Xcode.app/Contents/Developer/Platforms/MacOSX.platform/Developer/SDKs/MacOSX.sdk/System/Library/Frameworks/Cocoa.framework/Headers/Cocoa.h:13:
/Applications/Xcode.app/Contents/Developer/Platforms/MacOSX.platform/Developer/SDKs/MacOSX27.0.sdk/System/Library/Frameworks/AppKit.framework/Headers/NSWorkspace.h:502:44: note: 'NSWorkspaceRecycleOperation' has been explicitly marked deprecated here
  502 | APPKIT_EXTERN NSWorkspaceFileOperationName NSWorkspaceRecycleOperation API_DEPRECATED("Use -[NSWorkspace recycleURLs:completionHandler:] instead.", macos(10.0,10.11));
      |                                            ^
/Users/buddhirajgautam/Documents/Cherrygram-Mac/macOS-Swift/submodules/Sparkle/Sparkle/SUBasicUpdateDriver.m:632:44: warning: 'performFileOperation:source:destination:files:tag:' is deprecated: first deprecated in macOS 10.11 [-Wdeprecated-declarations]
  632 |             [[NSWorkspace sharedWorkspace] performFileOperation:NSWorkspaceRecycleOperation source:[self.tempDir stringByDeletingLastPathComponent] destination:@"" files:@[[self.tempDir lastPathComponent]] tag:NULL];
      |                                            ^
In module 'Cocoa' imported from /Users/buddhirajgautam/Documents/Cherrygram-Mac/macOS-Swift/submodules/Sparkle/Sparkle/SUUpdateDriver.h:13:
In module 'AppKit' imported from /Applications/Xcode.app/Contents/Developer/Platforms/MacOSX.platform/Developer/SDKs/MacOSX.sdk/System/Library/Frameworks/Cocoa.framework/Headers/Cocoa.h:13:
/Applications/Xcode.app/Contents/Developer/Platforms/MacOSX.platform/Developer/SDKs/MacOSX27.0.sdk/System/Library/Frameworks/AppKit.framework/Headers/NSWorkspace.h:450:1: note: 'performFileOperation:source:destination:files:tag:' has been explicitly marked deprecated here
  450 | - (BOOL)performFileOperation:(NSWorkspaceFileOperationName)operation source:(NSString *)source destination:(NSString *)destination files:(NSArray *)files tag:(nullable NSInteger *)tag API_DEPRECATED("", macos(10.0,10.11));
      | ^
/Users/buddhirajgautam/Documents/Cherrygram-Mac/macOS-Swift/submodules/Sparkle/Sparkle/SUBasicUpdateDriver.m:641:14: warning: mixing declarations and code is incompatible with standards before C99 [-Wdeclaration-after-statement]
  641 |     NSError *dontThrow = nil;
      |              ^
/Users/buddhirajgautam/Documents/Cherrygram-Mac/macOS-Swift/submodules/Sparkle/Sparkle/SUBasicUpdateDriver.m:673:26: warning: mixing declarations and code is incompatible with standards before C99 [-Wdeclaration-after-statement]
  673 |     id<SUUpdaterPrivate> updater = self.updater;
      |                          ^
22 warnings generated.

CompileC /Users/buddhirajgautam/Library/Developer/Xcode/DerivedData/Telegram-Mac-fygdgghdgmuleoelvxabfmqiotta/Build/Intermediates.noindex/Sparkle.build/Debug/Sparkle.build/Objects-normal/arm64/SUAutomaticUpdateDriver.o /Users/buddhirajgautam/Documents/Cherrygram-Mac/macOS-Swift/submodules/Sparkle/Sparkle/SUAutomaticUpdateDriver.m normal arm64 objective-c com.apple.compilers.llvm.clang.1_0.compiler (in target 'Sparkle' from project 'Sparkle')
    cd /Users/buddhirajgautam/Documents/Cherrygram-Mac/macOS-Swift/submodules/Sparkle
    
    Using response file: /Users/buddhirajgautam/Library/Developer/Xcode/DerivedData/Telegram-Mac-fygdgghdgmuleoelvxabfmqiotta/Build/Intermediates.noindex/Sparkle.build/Debug/Sparkle.build/Objects-normal/arm64/e6072d4f65d7061329687fe24e3d63a7-common-args.resp
    
    /Applications/Xcode.app/Contents/Developer/Toolchains/XcodeDefault.xctoolchain/usr/bin/clang -x objective-c -ivfsstatcache /Users/buddhirajgautam/Library/Developer/Xcode/DerivedData/SDKStatCaches.noindex/macosx27.0-26A425-e829b21a6f8c9b70876ba0858053c0447231f6df4def33e022ae2eb8f782df1a.sdkstatcache -target arm64-apple-macos12.0 -fmessage-length\=0 -fdiagnostics-show-note-include-stack -fmacro-backtrace-limit\=0 -fno-color-diagnostics -fmodules-prune-interval\=86400 -fmodules-prune-after\=345600 -fbuild-session-file\=/Users/buddhirajgautam/Library/Developer/Xcode/DerivedData/ModuleCache.noindex/Session.modulevalidation -fmodules-validate-once-per-build-session -Wnon-modular-include-in-framework-module -Werror\=non-modular-include-in-framework-module -Wno-trigraphs -Werror\=incompatible-pointer-types -Werror\=implicit-function-declaration -Wmissing-field-initializers -Wmissing-prototypes -Wdocumentation -Wunreachable-code -Wimplicit-atomic-properties -Wno-objc-interface-ivars -Wobjc-missing-property-synthesis -Warc-repeated-use-of-weak -Wno-arc-maybe-repeated-use-of-weak -Wexplicit-ownership-type -Wimplicit-retain-self -Wduplicate-method-match -Wmissing-braces -Wparentheses -Wswitch -Wunused-function -Wunused-label -Wunused-parameter -Wunused-variable -Wunused-value -Wempty-body -Wuninitialized -Wunknown-pragmas -Wshadow -Wfour-char-constants -Wconversion -Wconstant-conversion -Wint-conversion -Wbool-conversion -Wenum-conversion -Wfloat-conversion -Wnon-literal-null-conversion -Wobjc-literal-conversion -Wassign-enum -Wsign-compare -Wshorten-64-to-32 -Wpointer-sign -Wnewline-eof -Wselector -Wstrict-selector-match -Wundeclared-selector -Wdeprecated-implementations -Wno-implicit-fallthrough -isysroot /Applications/Xcode.app/Contents/Developer/Platforms/MacOSX.platform/Developer/SDKs/MacOSX27.0.sdk -fstrict-aliasing -Wprotocol -Wdeprecated-declarations -Wsign-conversion -Winfinite-recursion -Wcomma -Wblock-capture-autoreleasing -Wstrict-prototypes -Wno-semicolon-before-method-body -index-store-path /Users/buddhirajgautam/Library/Developer/Xcode/DerivedData/Telegram-Mac-fygdgghdgmuleoelvxabfmqiotta/Index.noindex/DataStore -Wall -Weverything -Wno-unused-macros -Wno-gnu-statement-expression -Wno-arc-repeated-use-of-weak -Wno-auto-import -Wno-gnu-zero-variadic-macro-arguments -Wno-custom-atomic-properties -Wno-implicit-atomic-properties @/Users/buddhirajgautam/Library/Developer/Xcode/DerivedData/Telegram-Mac-fygdgghdgmuleoelvxabfmqiotta/Build/Intermediates.noindex/Sparkle.build/Debug/Sparkle.build/Objects-normal/arm64/e6072d4f65d7061329687fe24e3d63a7-common-args.resp -MMD -MT dependencies -MF /Users/buddhirajgautam/Library/Developer/Xcode/DerivedData/Telegram-Mac-fygdgghdgmuleoelvxabfmqiotta/Build/Intermediates.noindex/Sparkle.build/Debug/Sparkle.build/Objects-normal/arm64/SUAutomaticUpdateDriver.d --serialize-diagnostics /Users/buddhirajgautam/Library/Developer/Xcode/DerivedData/Telegram-Mac-fygdgghdgmuleoelvxabfmqiotta/Build/Intermediates.noindex/Sparkle.build/Debug/Sparkle.build/Objects-normal/arm64/SUAutomaticUpdateDriver.dia -c /Users/buddhirajgautam/Documents/Cherrygram-Mac/macOS-Swift/submodules/Sparkle/Sparkle/SUAutomaticUpdateDriver.m -o /Users/buddhirajgautam/Library/Developer/Xcode/DerivedData/Telegram-Mac-fygdgghdgmuleoelvxabfmqiotta/Build/Intermediates.noindex/Sparkle.build/Debug/Sparkle.build/Objects-normal/arm64/SUAutomaticUpdateDriver.o -index-unit-output-path /Sparkle.build/Debug/Sparkle.build/Objects-normal/arm64/SUAutomaticUpdateDriver.o
/Users/buddhirajgautam/Documents/Cherrygram-Mac/macOS-Swift/submodules/Sparkle/Sparkle/SUAutomaticUpdateDriver.m:80:20: warning: mixing declarations and code is incompatible with standards before C99 [-Wdeclaration-after-statement]
   80 |     NSProcessInfo *processInfo = [NSProcessInfo processInfo];
      |                    ^
/Users/buddhirajgautam/Documents/Cherrygram-Mac/macOS-Swift/submodules/Sparkle/Sparkle/SUAutomaticUpdateDriver.m:133:24: warning: mixing declarations and code is incompatible with standards before C99 [-Wdeclaration-after-statement]
  133 |         NSProcessInfo *processInfo = [NSProcessInfo processInfo];
      |                        ^
/Users/buddhirajgautam/Documents/Cherrygram-Mac/macOS-Swift/submodules/Sparkle/Sparkle/SUAutomaticUpdateDriver.m:176:2: warning: 'switch' missing 'default' label [-Wswitch-default]
  176 |         switch (choice)
      |         ^
3 warnings generated.

CompileC /Users/buddhirajgautam/Library/Developer/Xcode/DerivedData/Telegram-Mac-fygdgghdgmuleoelvxabfmqiotta/Build/Intermediates.noindex/Sparkle.build/Debug/Sparkle.build/Objects-normal/arm64/SUAutomaticUpdateAlert.o /Users/buddhirajgautam/Documents/Cherrygram-Mac/macOS-Swift/submodules/Sparkle/Sparkle/SUAutomaticUpdateAlert.m normal arm64 objective-c com.apple.compilers.llvm.clang.1_0.compiler (in target 'Sparkle' from project 'Sparkle')
    cd /Users/buddhirajgautam/Documents/Cherrygram-Mac/macOS-Swift/submodules/Sparkle
    
    Using response file: /Users/buddhirajgautam/Library/Developer/Xcode/DerivedData/Telegram-Mac-fygdgghdgmuleoelvxabfmqiotta/Build/Intermediates.noindex/Sparkle.build/Debug/Sparkle.build/Objects-normal/arm64/e6072d4f65d7061329687fe24e3d63a7-common-args.resp
    
    /Applications/Xcode.app/Contents/Developer/Toolchains/XcodeDefault.xctoolchain/usr/bin/clang -x objective-c -ivfsstatcache /Users/buddhirajgautam/Library/Developer/Xcode/DerivedData/SDKStatCaches.noindex/macosx27.0-26A425-e829b21a6f8c9b70876ba0858053c0447231f6df4def33e022ae2eb8f782df1a.sdkstatcache -target arm64-apple-macos12.0 -fmessage-length\=0 -fdiagnostics-show-note-include-stack -fmacro-backtrace-limit\=0 -fno-color-diagnostics -fmodules-prune-interval\=86400 -fmodules-prune-after\=345600 -fbuild-session-file\=/Users/buddhirajgautam/Library/Developer/Xcode/DerivedData/ModuleCache.noindex/Session.modulevalidation -fmodules-validate-once-per-build-session -Wnon-modular-include-in-framework-module -Werror\=non-modular-include-in-framework-module -Wno-trigraphs -Werror\=incompatible-pointer-types -Werror\=implicit-function-declaration -Wmissing-field-initializers -Wmissing-prototypes -Wdocumentation -Wunreachable-code -Wimplicit-atomic-properties -Wno-objc-interface-ivars -Wobjc-missing-property-synthesis -Warc-repeated-use-of-weak -Wno-arc-maybe-repeated-use-of-weak -Wexplicit-ownership-type -Wimplicit-retain-self -Wduplicate-method-match -Wmissing-braces -Wparentheses -Wswitch -Wunused-function -Wunused-label -Wunused-parameter -Wunused-variable -Wunused-value -Wempty-body -Wuninitialized -Wunknown-pragmas -Wshadow -Wfour-char-constants -Wconversion -Wconstant-conversion -Wint-conversion -Wbool-conversion -Wenum-conversion -Wfloat-conversion -Wnon-literal-null-conversion -Wobjc-literal-conversion -Wassign-enum -Wsign-compare -Wshorten-64-to-32 -Wpointer-sign -Wnewline-eof -Wselector -Wstrict-selector-match -Wundeclared-selector -Wdeprecated-implementations -Wno-implicit-fallthrough -isysroot /Applications/Xcode.app/Contents/Developer/Platforms/MacOSX.platform/Developer/SDKs/MacOSX27.0.sdk -fstrict-aliasing -Wprotocol -Wdeprecated-declarations -Wsign-conversion -Winfinite-recursion -Wcomma -Wblock-capture-autoreleasing -Wstrict-prototypes -Wno-semicolon-before-method-body -index-store-path /Users/buddhirajgautam/Library/Developer/Xcode/DerivedData/Telegram-Mac-fygdgghdgmuleoelvxabfmqiotta/Index.noindex/DataStore -Wall -Weverything -Wno-unused-macros -Wno-gnu-statement-expression -Wno-arc-repeated-use-of-weak -Wno-auto-import -Wno-gnu-zero-variadic-macro-arguments -Wno-custom-atomic-properties -Wno-implicit-atomic-properties @/Users/buddhirajgautam/Library/Developer/Xcode/DerivedData/Telegram-Mac-fygdgghdgmuleoelvxabfmqiotta/Build/Intermediates.noindex/Sparkle.build/Debug/Sparkle.build/Objects-normal/arm64/e6072d4f65d7061329687fe24e3d63a7-common-args.resp -MMD -MT dependencies -MF /Users/buddhirajgautam/Library/Developer/Xcode/DerivedData/Telegram-Mac-fygdgghdgmuleoelvxabfmqiotta/Build/Intermediates.noindex/Sparkle.build/Debug/Sparkle.build/Objects-normal/arm64/SUAutomaticUpdateAlert.d --serialize-diagnostics /Users/buddhirajgautam/Library/Developer/Xcode/DerivedData/Telegram-Mac-fygdgghdgmuleoelvxabfmqiotta/Build/Intermediates.noindex/Sparkle.build/Debug/Sparkle.build/Objects-normal/arm64/SUAutomaticUpdateAlert.dia -c /Users/buddhirajgautam/Documents/Cherrygram-Mac/macOS-Swift/submodules/Sparkle/Sparkle/SUAutomaticUpdateAlert.m -o /Users/buddhirajgautam/Library/Developer/Xcode/DerivedData/Telegram-Mac-fygdgghdgmuleoelvxabfmqiotta/Build/Intermediates.noindex/Sparkle.build/Debug/Sparkle.build/Objects-normal/arm64/SUAutomaticUpdateAlert.o -index-unit-output-path /Sparkle.build/Debug/Sparkle.build/Objects-normal/arm64/SUAutomaticUpdateAlert.o
/Users/buddhirajgautam/Documents/Cherrygram-Mac/macOS-Swift/submodules/Sparkle/Sparkle/SUAutomaticUpdateAlert.m:91:59: warning: positional arguments are not supported by ISO C [-Wformat-non-iso]
   91 |     return [NSString stringWithFormat:SULocalizedString(@"%1$@ %2$@ has been downloaded and is ready to use! Would you like to install it and relaunch %1$@ now?", nil), [self.host name], [self.updateItem displayVersionString]];
      |                                                           ^~~
In file included from /Users/buddhirajgautam/Documents/Cherrygram-Mac/macOS-Swift/submodules/Sparkle/Sparkle/SUAutomaticUpdateAlert.m:10:
/Users/buddhirajgautam/Documents/Cherrygram-Mac/macOS-Swift/submodules/Sparkle/Sparkle/SULocalizations.h:14:76: note: expanded from macro 'SULocalizedString'
   14 | #define SULocalizedString(key, comment) NSLocalizedStringFromTableInBundle(key, @"Sparkle", (NSBundle * _Nonnull)([NSBundle bundleWithIdentifier:SUBundleIdentifier] ? [NSBundle bundleWithIdentifier:SUBundleIdentifier] : [NSBundle mainBundle]), comment)
      |                                                                            ^~~
In module 'Foundation' imported from /Users/buddhirajgautam/Documents/Cherrygram-Mac/macOS-Swift/submodules/Sparkle/Sparkle/SUConstants.h:13:
/Applications/Xcode.app/Contents/Developer/Platforms/MacOSX.platform/Developer/SDKs/MacOSX27.0.sdk/System/Library/Frameworks/Foundation.framework/Headers/NSBundle.h:622:37: note: expanded from macro 'NSLocalizedStringFromTableInBundle'
  622 |             [bundle localizedStringForKey:(key) value:@"" table:(tbl)]
      |                                            ^~~
/Users/buddhirajgautam/Documents/Cherrygram-Mac/macOS-Swift/submodules/Sparkle/Sparkle/SUAutomaticUpdateAlert.m:91:64: warning: positional arguments are not supported by ISO C [-Wformat-non-iso]
   91 |     return [NSString stringWithFormat:SULocalizedString(@"%1$@ %2$@ has been downloaded and is ready to use! Would you like to install it and relaunch %1$@ now?", nil), [self.host name], [self.updateItem displayVersionString]];
      |                                                                ^~~
In file included from /Users/buddhirajgautam/Documents/Cherrygram-Mac/macOS-Swift/submodules/Sparkle/Sparkle/SUAutomaticUpdateAlert.m:10:
/Users/buddhirajgautam/Documents/Cherrygram-Mac/macOS-Swift/submodules/Sparkle/Sparkle/SULocalizations.h:14:76: note: expanded from macro 'SULocalizedString'
   14 | #define SULocalizedString(key, comment) NSLocalizedStringFromTableInBundle(key, @"Sparkle", (NSBundle * _Nonnull)([NSBundle bundleWithIdentifier:SUBundleIdentifier] ? [NSBundle bundleWithIdentifier:SUBundleIdentifier] : [NSBundle mainBundle]), comment)
      |                                                                            ^~~
In module 'Foundation' imported from /Users/buddhirajgautam/Documents/Cherrygram-Mac/macOS-Swift/submodules/Sparkle/Sparkle/SUConstants.h:13:
/Applications/Xcode.app/Contents/Developer/Platforms/MacOSX.platform/Developer/SDKs/MacOSX27.0.sdk/System/Library/Frameworks/Foundation.framework/Headers/NSBundle.h:622:37: note: expanded from macro 'NSLocalizedStringFromTableInBundle'
  622 |             [bundle localizedStringForKey:(key) value:@"" table:(tbl)]
      |                                            ^~~
/Users/buddhirajgautam/Documents/Cherrygram-Mac/macOS-Swift/submodules/Sparkle/Sparkle/SUAutomaticUpdateAlert.m:91:152: warning: positional arguments are not supported by ISO C [-Wformat-non-iso]
   91 |     return [NSString stringWithFormat:SULocalizedString(@"%1$@ %2$@ has been downloaded and is ready to use! Would you like to install it and relaunch %1$@ now?", nil), [self.host name], [self.updateItem displayVersionString]];
      |                                                                                                                                                        ^~~
In file included from /Users/buddhirajgautam/Documents/Cherrygram-Mac/macOS-Swift/submodules/Sparkle/Sparkle/SUAutomaticUpdateAlert.m:10:
/Users/buddhirajgautam/Documents/Cherrygram-Mac/macOS-Swift/submodules/Sparkle/Sparkle/SULocalizations.h:14:76: note: expanded from macro 'SULocalizedString'
   14 | #define SULocalizedString(key, comment) NSLocalizedStringFromTableInBundle(key, @"Sparkle", (NSBundle * _Nonnull)([NSBundle bundleWithIdentifier:SUBundleIdentifier] ? [NSBundle bundleWithIdentifier:SUBundleIdentifier] : [NSBundle mainBundle]), comment)
      |                                                                            ^~~
In module 'Foundation' imported from /Users/buddhirajgautam/Documents/Cherrygram-Mac/macOS-Swift/submodules/Sparkle/Sparkle/SUConstants.h:13:
/Applications/Xcode.app/Contents/Developer/Platforms/MacOSX.platform/Developer/SDKs/MacOSX27.0.sdk/System/Library/Frameworks/Foundation.framework/Headers/NSBundle.h:622:37: note: expanded from macro 'NSLocalizedStringFromTableInBundle'
  622 |             [bundle localizedStringForKey:(key) value:@"" table:(tbl)]
      |                                            ^~~
3 warnings generated.

CompileC /Users/buddhirajgautam/Library/Developer/Xcode/DerivedData/Telegram-Mac-fygdgghdgmuleoelvxabfmqiotta/Build/Intermediates.noindex/Sparkle.build/Debug/Sparkle.build/Objects-normal/arm64/SUApplicationInfo.o /Users/buddhirajgautam/Documents/Cherrygram-Mac/macOS-Swift/submodules/Sparkle/Sparkle/SUApplicationInfo.m normal arm64 objective-c com.apple.compilers.llvm.clang.1_0.compiler (in target 'Sparkle' from project 'Sparkle')
    cd /Users/buddhirajgautam/Documents/Cherrygram-Mac/macOS-Swift/submodules/Sparkle
    
    Using response file: /Users/buddhirajgautam/Library/Developer/Xcode/DerivedData/Telegram-Mac-fygdgghdgmuleoelvxabfmqiotta/Build/Intermediates.noindex/Sparkle.build/Debug/Sparkle.build/Objects-normal/arm64/e6072d4f65d7061329687fe24e3d63a7-common-args.resp
    
    /Applications/Xcode.app/Contents/Developer/Toolchains/XcodeDefault.xctoolchain/usr/bin/clang -x objective-c -ivfsstatcache /Users/buddhirajgautam/Library/Developer/Xcode/DerivedData/SDKStatCaches.noindex/macosx27.0-26A425-e829b21a6f8c9b70876ba0858053c0447231f6df4def33e022ae2eb8f782df1a.sdkstatcache -target arm64-apple-macos12.0 -fmessage-length\=0 -fdiagnostics-show-note-include-stack -fmacro-backtrace-limit\=0 -fno-color-diagnostics -fmodules-prune-interval\=86400 -fmodules-prune-after\=345600 -fbuild-session-file\=/Users/buddhirajgautam/Library/Developer/Xcode/DerivedData/ModuleCache.noindex/Session.modulevalidation -fmodules-validate-once-per-build-session -Wnon-modular-include-in-framework-module -Werror\=non-modular-include-in-framework-module -Wno-trigraphs -Werror\=incompatible-pointer-types -Werror\=implicit-function-declaration -Wmissing-field-initializers -Wmissing-prototypes -Wdocumentation -Wunreachable-code -Wimplicit-atomic-properties -Wno-objc-interface-ivars -Wobjc-missing-property-synthesis -Warc-repeated-use-of-weak -Wno-arc-maybe-repeated-use-of-weak -Wexplicit-ownership-type -Wimplicit-retain-self -Wduplicate-method-match -Wmissing-braces -Wparentheses -Wswitch -Wunused-function -Wunused-label -Wunused-parameter -Wunused-variable -Wunused-value -Wempty-body -Wuninitialized -Wunknown-pragmas -Wshadow -Wfour-char-constants -Wconversion -Wconstant-conversion -Wint-conversion -Wbool-conversion -Wenum-conversion -Wfloat-conversion -Wnon-literal-null-conversion -Wobjc-literal-conversion -Wassign-enum -Wsign-compare -Wshorten-64-to-32 -Wpointer-sign -Wnewline-eof -Wselector -Wstrict-selector-match -Wundeclared-selector -Wdeprecated-implementations -Wno-implicit-fallthrough -isysroot /Applications/Xcode.app/Contents/Developer/Platforms/MacOSX.platform/Developer/SDKs/MacOSX27.0.sdk -fstrict-aliasing -Wprotocol -Wdeprecated-declarations -Wsign-conversion -Winfinite-recursion -Wcomma -Wblock-capture-autoreleasing -Wstrict-prototypes -Wno-semicolon-before-method-body -index-store-path /Users/buddhirajgautam/Library/Developer/Xcode/DerivedData/Telegram-Mac-fygdgghdgmuleoelvxabfmqiotta/Index.noindex/DataStore -Wall -Weverything -Wno-unused-macros -Wno-gnu-statement-expression -Wno-arc-repeated-use-of-weak -Wno-auto-import -Wno-gnu-zero-variadic-macro-arguments -Wno-custom-atomic-properties -Wno-implicit-atomic-properties @/Users/buddhirajgautam/Library/Developer/Xcode/DerivedData/Telegram-Mac-fygdgghdgmuleoelvxabfmqiotta/Build/Intermediates.noindex/Sparkle.build/Debug/Sparkle.build/Objects-normal/arm64/e6072d4f65d7061329687fe24e3d63a7-common-args.resp -MMD -MT dependencies -MF /Users/buddhirajgautam/Library/Developer/Xcode/DerivedData/Telegram-Mac-fygdgghdgmuleoelvxabfmqiotta/Build/Intermediates.noindex/Sparkle.build/Debug/Sparkle.build/Objects-normal/arm64/SUApplicationInfo.d --serialize-diagnostics /Users/buddhirajgautam/Library/Developer/Xcode/DerivedData/Telegram-Mac-fygdgghdgmuleoelvxabfmqiotta/Build/Intermediates.noindex/Sparkle.build/Debug/Sparkle.build/Objects-normal/arm64/SUApplicationInfo.dia -c /Users/buddhirajgautam/Documents/Cherrygram-Mac/macOS-Swift/submodules/Sparkle/Sparkle/SUApplicationInfo.m -o /Users/buddhirajgautam/Library/Developer/Xcode/DerivedData/Telegram-Mac-fygdgghdgmuleoelvxabfmqiotta/Build/Intermediates.noindex/Sparkle.build/Debug/Sparkle.build/Objects-normal/arm64/SUApplicationInfo.o -index-unit-output-path /Sparkle.build/Debug/Sparkle.build/Objects-normal/arm64/SUApplicationInfo.o
/Users/buddhirajgautam/Documents/Cherrygram-Mac/macOS-Swift/submodules/Sparkle/Sparkle/SUApplicationInfo.m:31:66: warning: 'kUTTypeApplication' is deprecated: first deprecated in macOS 12.0 - Use UTTypeApplication or UTType.application (swift) instead. [-Wdeprecated-declarations]
   31 |         NSString *fileType = isMainBundle ? (__bridge NSString *)kUTTypeApplication : (__bridge NSString *)kUTTypeBundle;
      |                                                                  ^
In module 'Foundation' imported from /Users/buddhirajgautam/Documents/Cherrygram-Mac/macOS-Swift/submodules/Sparkle/Sparkle/SUBundleIcon.h:9:
In module 'CoreServices' imported from /Applications/Xcode.app/Contents/Developer/Platforms/MacOSX.platform/Developer/SDKs/MacOSX27.0.sdk/System/Library/Frameworks/Foundation.framework/Headers/NSURLError.h:15:
/Applications/Xcode.app/Contents/Developer/Platforms/MacOSX.platform/Developer/SDKs/MacOSX.sdk/System/Library/Frameworks/CoreServices.framework/Frameworks/LaunchServices.framework/Headers/UTCoreTypes.h:1068:26: note: 'kUTTypeApplication' has been explicitly marked deprecated here
 1068 | extern const CFStringRef kUTTypeApplication                          API_DEPRECATED("Use UTTypeApplication or UTType.application (swift) instead.", ios(3.0, 15.0), macos(10.4, 12.0), tvos(9.0, 15.0), watchos(1.0, 8.0));
      |                          ^
/Users/buddhirajgautam/Documents/Cherrygram-Mac/macOS-Swift/submodules/Sparkle/Sparkle/SUApplicationInfo.m:31:108: warning: 'kUTTypeBundle' is deprecated: first deprecated in macOS 12.0 - Use UTTypeBundle or UTType.bundle (swift) instead. [-Wdeprecated-declarations]
   31 |         NSString *fileType = isMainBundle ? (__bridge NSString *)kUTTypeApplication : (__bridge NSString *)kUTTypeBundle;
      |                                                                                                            ^
In module 'Foundation' imported from /Users/buddhirajgautam/Documents/Cherrygram-Mac/macOS-Swift/submodules/Sparkle/Sparkle/SUBundleIcon.h:9:
In module 'CoreServices' imported from /Applications/Xcode.app/Contents/Developer/Platforms/MacOSX.platform/Developer/SDKs/MacOSX27.0.sdk/System/Library/Frameworks/Foundation.framework/Headers/NSURLError.h:15:
/Applications/Xcode.app/Contents/Developer/Platforms/MacOSX.platform/Developer/SDKs/MacOSX.sdk/System/Library/Frameworks/CoreServices.framework/Frameworks/LaunchServices.framework/Headers/UTCoreTypes.h:993:26: note: 'kUTTypeBundle' has been explicitly marked deprecated here
  993 | extern const CFStringRef kUTTypeBundle                               API_DEPRECATED("Use UTTypeBundle or UTType.bundle (swift) instead.", ios(3.0, 15.0), macos(10.4, 12.0), tvos(9.0, 15.0), watchos(1.0, 8.0));
      |                          ^
/Users/buddhirajgautam/Documents/Cherrygram-Mac/macOS-Swift/submodules/Sparkle/Sparkle/SUApplicationInfo.m:32:47: warning: 'iconForFileType:' is deprecated: first deprecated in macOS 12.0 - Use -[NSWorkspace iconForContentType:] instead. [-Wdeprecated-declarations]
   32 |         icon = [[NSWorkspace sharedWorkspace] iconForFileType:fileType];
      |                                               ^
In module 'Cocoa' imported from /Users/buddhirajgautam/Documents/Cherrygram-Mac/macOS-Swift/submodules/Sparkle/Sparkle/SUApplicationInfo.h:9:
In module 'AppKit' imported from /Applications/Xcode.app/Contents/Developer/Platforms/MacOSX.platform/Developer/SDKs/MacOSX.sdk/System/Library/Frameworks/Cocoa.framework/Headers/Cocoa.h:13:
/Applications/Xcode.app/Contents/Developer/Platforms/MacOSX.platform/Developer/SDKs/MacOSX27.0.sdk/System/Library/Frameworks/AppKit.framework/Headers/NSWorkspace.h:456:1: note: 'iconForFileType:' has been explicitly marked deprecated here
  456 | - (NSImage *)iconForFileType:(NSString *)fileType API_DEPRECATED("Use -[NSWorkspace iconForContentType:] instead.", macos(10.0, 12.0));
      | ^
3 warnings generated.

Ld /Users/buddhirajgautam/Library/Developer/Xcode/DerivedData/Telegram-Mac-fygdgghdgmuleoelvxabfmqiotta/Build/Products/Debug/DustLayer.o normal (in target 'DustLayer' from project 'DustLayer')
    cd /Users/buddhirajgautam/Documents/Cherrygram-Mac/macOS-Swift/packages/DustLayer
    /Applications/Xcode.app/Contents/Developer/Toolchains/XcodeDefault.xctoolchain/usr/bin/clang -Xlinker -reproducible -target arm64-apple-macos12.0 -r -isysroot /Applications/Xcode.app/Contents/Developer/Platforms/MacOSX.platform/Developer/SDKs/MacOSX27.0.sdk -O0 -Xlinker -no_warn_duplicate_libraries -F/Users/buddhirajgautam/Library/Developer/Xcode/DerivedData/Telegram-Mac-fygdgghdgmuleoelvxabfmqiotta/Build/Intermediates.noindex/EagerLinkingTBDs/Debug -F/Users/buddhirajgautam/Library/Developer/Xcode/DerivedData/Telegram-Mac-fygdgghdgmuleoelvxabfmqiotta/Build/Products/Debug/PackageFrameworks -F/Users/buddhirajgautam/Library/Developer/Xcode/DerivedData/Telegram-Mac-fygdgghdgmuleoelvxabfmqiotta/Build/Products/Debug -iframework /Applications/Xcode.app/Contents/Developer/Platforms/MacOSX.platform/Developer/Library/Frameworks -filelist /Users/buddhirajgautam/Library/Developer/Xcode/DerivedData/Telegram-Mac-fygdgghdgmuleoelvxabfmqiotta/Build/Intermediates.noindex/DustLayer.build/Debug/DustLayer-t.build/Objects-normal/arm64/DustLayer.LinkFileList -nostdlib -Xlinker -object_path_lto -Xlinker /Users/buddhirajgautam/Library/Developer/Xcode/DerivedData/Telegram-Mac-fygdgghdgmuleoelvxabfmqiotta/Build/Intermediates.noindex/DustLayer.build/Debug/DustLayer-t.build/Objects-normal/arm64/DustLayer_lto.o -Xlinker -no_deduplicate -Xlinker -debug_variant -Xlinker -dependency_info -Xlinker /Users/buddhirajgautam/Library/Developer/Xcode/DerivedData/Telegram-Mac-fygdgghdgmuleoelvxabfmqiotta/Build/Intermediates.noindex/DustLayer.build/Debug/DustLayer-t.build/Objects-normal/arm64/DustLayer_dependency_info.dat -fobjc-link-runtime -L/Applications/Xcode.app/Contents/Developer/Toolchains/XcodeDefault.xctoolchain/usr/lib/swift/macosx -L/usr/lib/swift -Xlinker -add_ast_path -Xlinker /Users/buddhirajgautam/Library/Developer/Xcode/DerivedData/Telegram-Mac-fygdgghdgmuleoelvxabfmqiotta/Build/Intermediates.noindex/DustLayer.build/Debug/DustLayer-t.build/Objects-normal/arm64/DustLayer.swiftmodule -o /Users/buddhirajgautam/Library/Developer/Xcode/DerivedData/Telegram-Mac-fygdgghdgmuleoelvxabfmqiotta/Build/Products/Debug/DustLayer.o

Ld /Users/buddhirajgautam/Library/Developer/Xcode/DerivedData/Telegram-Mac-fygdgghdgmuleoelvxabfmqiotta/Build/Products/Debug/CallVideoLayer.o normal (in target 'CallVideoLayer' from project 'CallVideoLayer')
    cd /Users/buddhirajgautam/Documents/Cherrygram-Mac/macOS-Swift/packages/CallVideoLayer
    /Applications/Xcode.app/Contents/Developer/Toolchains/XcodeDefault.xctoolchain/usr/bin/clang -Xlinker -reproducible -target arm64-apple-macos12.0 -r -isysroot /Applications/Xcode.app/Contents/Developer/Platforms/MacOSX.platform/Developer/SDKs/MacOSX27.0.sdk -O0 -Xlinker -no_warn_duplicate_libraries -F/Users/buddhirajgautam/Library/Developer/Xcode/DerivedData/Telegram-Mac-fygdgghdgmuleoelvxabfmqiotta/Build/Intermediates.noindex/EagerLinkingTBDs/Debug -F/Users/buddhirajgautam/Library/Developer/Xcode/DerivedData/Telegram-Mac-fygdgghdgmuleoelvxabfmqiotta/Build/Products/Debug/PackageFrameworks -F/Users/buddhirajgautam/Library/Developer/Xcode/DerivedData/Telegram-Mac-fygdgghdgmuleoelvxabfmqiotta/Build/Products/Debug -iframework /Applications/Xcode.app/Contents/Developer/Platforms/MacOSX.platform/Developer/Library/Frameworks -filelist /Users/buddhirajgautam/Library/Developer/Xcode/DerivedData/Telegram-Mac-fygdgghdgmuleoelvxabfmqiotta/Build/Intermediates.noindex/CallVideoLayer.build/Debug/CallVideoLayer-t.build/Objects-normal/arm64/CallVideoLayer.LinkFileList -nostdlib -Xlinker -object_path_lto -Xlinker /Users/buddhirajgautam/Library/Developer/Xcode/DerivedData/Telegram-Mac-fygdgghdgmuleoelvxabfmqiotta/Build/Intermediates.noindex/CallVideoLayer.build/Debug/CallVideoLayer-t.build/Objects-normal/arm64/CallVideoLayer_lto.o -Xlinker -no_deduplicate -Xlinker -debug_variant -Xlinker -dependency_info -Xlinker /Users/buddhirajgautam/Library/Developer/Xcode/DerivedData/Telegram-Mac-fygdgghdgmuleoelvxabfmqiotta/Build/Intermediates.noindex/CallVideoLayer.build/Debug/CallVideoLayer-t.build/Objects-normal/arm64/CallVideoLayer_dependency_info.dat -fobjc-link-runtime -L/Applications/Xcode.app/Contents/Developer/Toolchains/XcodeDefault.xctoolchain/usr/lib/swift/macosx -L/usr/lib/swift -Xlinker -add_ast_path -Xlinker /Users/buddhirajgautam/Library/Developer/Xcode/DerivedData/Telegram-Mac-fygdgghdgmuleoelvxabfmqiotta/Build/Intermediates.noindex/CallVideoLayer.build/Debug/CallVideoLayer-t.build/Objects-normal/arm64/CallVideoLayer.swiftmodule -o /Users/buddhirajgautam/Library/Developer/Xcode/DerivedData/Telegram-Mac-fygdgghdgmuleoelvxabfmqiotta/Build/Products/Debug/CallVideoLayer.o

SwiftDriverJobDiscovery normal arm64 Compiling resource_bundle_accessor.swift, PeerCallAction.swift (in target 'PrivateCallScreen' from project 'PrivateCallScreen')

SwiftDriver\ Compilation PrivateCallScreen normal arm64 com.apple.xcode.tools.swift.compiler (in target 'PrivateCallScreen' from project 'PrivateCallScreen')
    cd /Users/buddhirajgautam/Documents/Cherrygram-Mac/macOS-Swift
    builtin-Swift-Compilation -- /Applications/Xcode.app/Contents/Developer/Toolchains/XcodeDefault.xctoolchain/usr/bin/swiftc -parse-as-library -module-name PrivateCallScreen -Onone @/Users/buddhirajgautam/Library/Developer/Xcode/DerivedData/Telegram-Mac-fygdgghdgmuleoelvxabfmqiotta/Build/Intermediates.noindex/PrivateCallScreen.build/Debug/PrivateCallScreen-t.build/Objects-normal/arm64/PrivateCallScreen.SwiftFileList -DSWIFT_PACKAGE -DDEBUG -DSWIFT_MODULE_RESOURCE_BUNDLE_AVAILABLE -Xcc -fmodule-map-file\=/Users/buddhirajgautam/Library/Developer/Xcode/DerivedData/Telegram-Mac-fygdgghdgmuleoelvxabfmqiotta/Build/Intermediates.noindex/GeneratedModuleMaps/ShelfPack.modulemap -Xcc -fmodule-map-file\=/Users/buddhirajgautam/Library/Developer/Xcode/DerivedData/Telegram-Mac-fygdgghdgmuleoelvxabfmqiotta/Build/Intermediates.noindex/GeneratedModuleMaps/MtProtoKit.modulemap -Xcc -fmodule-map-file\=/Users/buddhirajgautam/Library/Developer/Xcode/DerivedData/Telegram-Mac-fygdgghdgmuleoelvxabfmqiotta/Build/Intermediates.noindex/GeneratedModuleMaps/NetworkLogging.modulemap -Xcc -fmodule-map-file\=/Users/buddhirajgautam/Library/Developer/Xcode/DerivedData/Telegram-Mac-fygdgghdgmuleoelvxabfmqiotta/Build/Intermediates.noindex/GeneratedModuleMaps/LegacyReachability.modulemap -Xcc -fmodule-map-file\=/Users/buddhirajgautam/Library/Developer/Xcode/DerivedData/Telegram-Mac-fygdgghdgmuleoelvxabfmqiotta/Build/Intermediates.noindex/GeneratedModuleMaps/EncryptionProvider.modulemap -Xcc -fmodule-map-file\=/Users/buddhirajgautam/Library/Developer/Xcode/DerivedData/Telegram-Mac-fygdgghdgmuleoelvxabfmqiotta/Build/Intermediates.noindex/GeneratedModuleMaps/MurMurHash32.modulemap -Xcc -fmodule-map-file\=/Users/buddhirajgautam/Library/Developer/Xcode/DerivedData/Telegram-Mac-fygdgghdgmuleoelvxabfmqiotta/Build/Intermediates.noindex/GeneratedModuleMaps/sqlcipher.modulemap -Xcc -fmodule-map-file\=/Users/buddhirajgautam/Library/Developer/Xcode/DerivedData/Telegram-Mac-fygdgghdgmuleoelvxabfmqiotta/Build/Intermediates.noindex/GeneratedModuleMaps/StringTransliteration.modulemap -Xcc -fmodule-map-file\=/Users/buddhirajgautam/Library/Developer/Xcode/DerivedData/Telegram-Mac-fygdgghdgmuleoelvxabfmqiotta/Build/Intermediates.noindex/GeneratedModuleMaps/DarwinDirStat.modulemap -Xcc -fmodule-map-file\=/Users/buddhirajgautam/Library/Developer/Xcode/DerivedData/Telegram-Mac-fygdgghdgmuleoelvxabfmqiotta/Build/Intermediates.noindex/GeneratedModuleMaps/CryptoUtils.modulemap -Xcc -fmodule-map-file\=/Users/buddhirajgautam/Library/Developer/Xcode/DerivedData/Telegram-Mac-fygdgghdgmuleoelvxabfmqiotta/Build/Intermediates.noindex/GeneratedModuleMaps/Crc32.modulemap -Xcc -fmodule-map-file\=/Users/buddhirajgautam/Library/Developer/Xcode/DerivedData/Telegram-Mac-fygdgghdgmuleoelvxabfmqiotta/Build/Intermediates.noindex/GeneratedModuleMaps/TgVoipWebrtc.modulemap -Xcc -fmodule-map-file\=/Users/buddhirajgautam/Library/Developer/Xcode/DerivedData/Telegram-Mac-fygdgghdgmuleoelvxabfmqiotta/Build/Intermediates.noindex/GeneratedModuleMaps/GZIP.modulemap -Xcc -fmodule-map-file\=/Users/buddhirajgautam/Library/Developer/Xcode/DerivedData/Telegram-Mac-fygdgghdgmuleoelvxabfmqiotta/Build/Intermediates.noindex/GeneratedModuleMaps/libwebp.modulemap -Xcc -fmodule-map-file\=/Users/buddhirajgautam/Library/Developer/Xcode/DerivedData/Telegram-Mac-fygdgghdgmuleoelvxabfmqiotta/Build/Intermediates.noindex/GeneratedModuleMaps/ObjcUtils.modulemap -Xcc -fmodule-map-file\=/Users/buddhirajgautam/Library/Developer/Xcode/DerivedData/Telegram-Mac-fygdgghdgmuleoelvxabfmqiotta/Build/Intermediates.noindex/GeneratedModuleMaps/YuvConversion.modulemap -Xcc -fmodule-map-file\=/Users/buddhirajgautam/Library/Developer/Xcode/DerivedData/Telegram-Mac-fygdgghdgmuleoelvxabfmqiotta/Build/Intermediates.noindex/GeneratedModuleMaps/RingBuffer.modulemap -Xcc -fmodule-map-file\=/Users/buddhirajgautam/Library/Developer/Xcode/DerivedData/Telegram-Mac-fygdgghdgmuleoelvxabfmqiotta/Build/Intermediates.noindex/GeneratedModuleMaps/OpusBinding.modulemap -Xcc -fmodule-map-file\=/Users/buddhirajgautam/Library/Developer/Xcode/DerivedData/Telegram-Mac-fygdgghdgmuleoelvxabfmqiotta/Build/Intermediates.noindex/GeneratedModuleMaps/FFMpegBinding.modulemap -Xcc -fmodule-map-file\=/Users/buddhirajgautam/Library/Developer/Xcode/DerivedData/Telegram-Mac-fygdgghdgmuleoelvxabfmqiotta/Build/Intermediates.noindex/GeneratedModuleMaps/NumberPluralization.modulemap -DXcode -plugin-path /Applications/Xcode.app/Contents/Developer/Toolchains/XcodeDefault.xctoolchain/usr/lib/swift/host/plugins/testing -enable-experimental-feature DebugDescriptionMacro -sdk /Applications/Xcode.app/Contents/Developer/Platforms/MacOSX.platform/Developer/SDKs/MacOSX27.0.sdk -target arm64-apple-macos12.0 -g -module-cache-path /Users/buddhirajgautam/Library/Developer/Xcode/DerivedData/ModuleCache.noindex -Xfrontend -serialize-debugging-options -profile-coverage-mapping -profile-generate -enable-testing -index-store-path /Users/buddhirajgautam/Library/Developer/Xcode/DerivedData/Telegram-Mac-fygdgghdgmuleoelvxabfmqiotta/Index.noindex/DataStore -Xcc -D_LIBCPP_HARDENING_MODE\=_LIBCPP_HARDENING_MODE_DEBUG -swift-version 5 -I /Users/buddhirajgautam/Library/Developer/Xcode/DerivedData/Telegram-Mac-fygdgghdgmuleoelvxabfmqiotta/Build/Products/Debug -Isystem /Applications/Xcode.app/Contents/Developer/Platforms/MacOSX.platform/Developer/usr/lib -F /Users/buddhirajgautam/Library/Developer/Xcode/DerivedData/Telegram-Mac-fygdgghdgmuleoelvxabfmqiotta/Build/Products/Debug/PackageFrameworks -F /Users/buddhirajgautam/Library/Developer/Xcode/DerivedData/Telegram-Mac-fygdgghdgmuleoelvxabfmqiotta/Build/Products/Debug -F /Applications/Xcode.app/Contents/Developer/Platforms/MacOSX.platform/Developer/Library/Frameworks -c -j8 -enable-batch-mode -incremental -Xcc -ivfsstatcache -Xcc /Users/buddhirajgautam/Library/Developer/Xcode/DerivedData/SDKStatCaches.noindex/macosx27.0-26A425-e829b21a6f8c9b70876ba0858053c0447231f6df4def33e022ae2eb8f782df1a.sdkstatcache -output-file-map /Users/buddhirajgautam/Library/Developer/Xcode/DerivedData/Telegram-Mac-fygdgghdgmuleoelvxabfmqiotta/Build/Intermediates.noindex/PrivateCallScreen.build/Debug/PrivateCallScreen-t.build/Objects-normal/arm64/PrivateCallScreen-OutputFileMap.json -save-temps -no-color-diagnostics -explicit-module-build -module-cache-path /Users/buddhirajgautam/Library/Developer/Xcode/DerivedData/Telegram-Mac-fygdgghdgmuleoelvxabfmqiotta/Build/Intermediates.noindex/SwiftExplicitPrecompiledModules -clang-scanner-module-cache-path /Users/buddhirajgautam/Library/Developer/Xcode/DerivedData/ModuleCache.noindex -sdk-module-cache-path /Users/buddhirajgautam/Library/Developer/Xcode/DerivedData/SDKExplicitPrecompiledModules -emit-dependencies -emit-module -emit-module-path /Users/buddhirajgautam/Library/Developer/Xcode/DerivedData/Telegram-Mac-fygdgghdgmuleoelvxabfmqiotta/Build/Intermediates.noindex/PrivateCallScreen.build/Debug/PrivateCallScreen-t.build/Objects-normal/arm64/PrivateCallScreen.swiftmodule -serialize-diagnostics -dependency-scan-serialize-diagnostics-path /Users/buddhirajgautam/Library/Developer/Xcode/DerivedData/Telegram-Mac-fygdgghdgmuleoelvxabfmqiotta/Build/Intermediates.noindex/PrivateCallScreen.build/Debug/PrivateCallScreen-t.build/Objects-normal/arm64/PrivateCallScreen-dependency-scan.dia -validate-clang-modules-once -clang-build-session-file /Users/buddhirajgautam/Library/Developer/Xcode/DerivedData/ModuleCache.noindex/Session.modulevalidation -Xcc -fmodules-prune-interval\=86400 -Xcc -fmodules-prune-after\=345600 -emit-const-values -const-gather-protocols-list /Users/buddhirajgautam/Library/Developer/Xcode/DerivedData/Telegram-Mac-fygdgghdgmuleoelvxabfmqiotta/Build/Intermediates.noindex/PrivateCallScreen.build/Debug/PrivateCallScreen-t.build/Objects-normal/arm64/PrivateCallScreen_const_extract_protocols.json -Xcc -I/Users/buddhirajgautam/Documents/Cherrygram-Mac/macOS-Swift/submodules/telegram-ios/submodules/Utils/ShelfPack/PublicHeaders -Xcc -I/Users/buddhirajgautam/Documents/Cherrygram-Mac/macOS-Swift/submodules/telegram-ios/submodules/MtProtoKit/PublicHeaders -Xcc -I/Users/buddhirajgautam/Documents/Cherrygram-Mac/macOS-Swift/submodules/telegram-ios/submodules/NetworkLogging/PublicHeaders -Xcc -I/Users/buddhirajgautam/Documents/Cherrygram-Mac/macOS-Swift/submodules/telegram-ios/submodules/Reachability/LegacyReachability/PublicHeaders -Xcc -I/Users/buddhirajgautam/Documents/Cherrygram-Mac/macOS-Swift/submodules/telegram-ios/submodules/EncryptionProvider/PublicHeaders -Xcc -I/Users/buddhirajgautam/Documents/Cherrygram-Mac/macOS-Swift/submodules/telegram-ios/submodules/MurMurHash32/PublicHeaders -Xcc -I/Users/buddhirajgautam/Documents/Cherrygram-Mac/macOS-Swift/submodules/telegram-ios/submodules/sqlcipher/PublicHeaders -Xcc -I/Users/buddhirajgautam/Documents/Cherrygram-Mac/macOS-Swift/submodules/telegram-ios/submodules/StringTransliteration/PublicHeaders -Xcc -I/Users/buddhirajgautam/Documents/Cherrygram-Mac/macOS-Swift/submodules/telegram-ios/submodules/Utils/DarwinDirStat/PublicHeaders -Xcc -I/Users/buddhirajgautam/Documents/Cherrygram-Mac/macOS-Swift/submodules/telegram-ios/submodules/CryptoUtils/PublicHeaders -Xcc -I/Users/buddhirajgautam/Documents/Cherrygram-Mac/macOS-Swift/submodules/telegram-ios/submodules/Crc32/PublicHeaders -Xcc -I/Users/buddhirajgautam/Documents/Cherrygram-Mac/macOS-Swift/submodules/tgcalls/macos/PublicHeaders -Xcc -I/Users/buddhirajgautam/Documents/Cherrygram-Mac/macOS-Swift/packages/GZIP/Sources/GZIP -Xcc -I/Users/buddhirajgautam/Documents/Cherrygram-Mac/macOS-Swift/submodules/libwebp/Sources -Xcc -I/Users/buddhirajgautam/Documents/Cherrygram-Mac/macOS-Swift/packages/ObjcUtils/Sources/ObjcUtils -Xcc -I/Users/buddhirajgautam/Documents/Cherrygram-Mac/macOS-Swift/submodules/telegram-ios/submodules/YuvConversion/PublicHeaders -Xcc -I/Users/buddhirajgautam/Documents/Cherrygram-Mac/macOS-Swift/packages/RingBuffer/Sources/RingBuffer -Xcc -I/Users/buddhirajgautam/Documents/Cherrygram-Mac/macOS-Swift/submodules/telegram-ios/submodules/OpusBinding/PublicHeaders -Xcc -I/Users/buddhirajgautam/Documents/Cherrygram-Mac/macOS-Swift/submodules/telegram-ios/submodules/FFMpegBinding/Public -Xcc -I/Users/buddhirajgautam/Documents/Cherrygram-Mac/macOS-Swift/packages/NumberPluralization/Sources/NumberPluralization -Xcc -I/Users/buddhirajgautam/Library/Developer/Xcode/DerivedData/Telegram-Mac-fygdgghdgmuleoelvxabfmqiotta/Build/Products/Debug/include -Xcc -I/Users/buddhirajgautam/Library/Developer/Xcode/DerivedData/Telegram-Mac-fygdgghdgmuleoelvxabfmqiotta/Build/Intermediates.noindex/PrivateCallScreen.build/Debug/PrivateCallScreen-t.build/DerivedSources-normal/arm64 -Xcc -I/Users/buddhirajgautam/Library/Developer/Xcode/DerivedData/Telegram-Mac-fygdgghdgmuleoelvxabfmqiotta/Build/Intermediates.noindex/PrivateCallScreen.build/Debug/PrivateCallScreen-t.build/DerivedSources/arm64 -Xcc -I/Users/buddhirajgautam/Library/Developer/Xcode/DerivedData/Telegram-Mac-fygdgghdgmuleoelvxabfmqiotta/Build/Intermediates.noindex/PrivateCallScreen.build/Debug/PrivateCallScreen-t.build/DerivedSources -Xcc -DSWIFT_PACKAGE -Xcc -DDEBUG\=1 -emit-objc-header -emit-objc-header-path /Users/buddhirajgautam/Library/Developer/Xcode/DerivedData/Telegram-Mac-fygdgghdgmuleoelvxabfmqiotta/Build/Intermediates.noindex/PrivateCallScreen.build/Debug/PrivateCallScreen-t.build/Objects-normal/arm64/PrivateCallScreen-Swift.h -working-directory /Users/buddhirajgautam/Documents/Cherrygram-Mac/macOS-Swift -experimental-emit-module-separately -disable-cmo

Ld /Users/buddhirajgautam/Library/Developer/Xcode/DerivedData/Telegram-Mac-fygdgghdgmuleoelvxabfmqiotta/Build/Products/Debug/InputView.o normal (in target 'InputView' from project 'InputView')
    cd /Users/buddhirajgautam/Documents/Cherrygram-Mac/macOS-Swift/packages/InputView
    /Applications/Xcode.app/Contents/Developer/Toolchains/XcodeDefault.xctoolchain/usr/bin/clang -Xlinker -reproducible -target arm64-apple-macos12.0 -r -isysroot /Applications/Xcode.app/Contents/Developer/Platforms/MacOSX.platform/Developer/SDKs/MacOSX27.0.sdk -O0 -Xlinker -no_warn_duplicate_libraries -F/Users/buddhirajgautam/Library/Developer/Xcode/DerivedData/Telegram-Mac-fygdgghdgmuleoelvxabfmqiotta/Build/Intermediates.noindex/EagerLinkingTBDs/Debug -F/Users/buddhirajgautam/Library/Developer/Xcode/DerivedData/Telegram-Mac-fygdgghdgmuleoelvxabfmqiotta/Build/Products/Debug/PackageFrameworks -F/Users/buddhirajgautam/Library/Developer/Xcode/DerivedData/Telegram-Mac-fygdgghdgmuleoelvxabfmqiotta/Build/Products/Debug -iframework /Applications/Xcode.app/Contents/Developer/Platforms/MacOSX.platform/Developer/Library/Frameworks -filelist /Users/buddhirajgautam/Library/Developer/Xcode/DerivedData/Telegram-Mac-fygdgghdgmuleoelvxabfmqiotta/Build/Intermediates.noindex/InputView.build/Debug/InputView-t.build/Objects-normal/arm64/InputView.LinkFileList -nostdlib -Xlinker -object_path_lto -Xlinker /Users/buddhirajgautam/Library/Developer/Xcode/DerivedData/Telegram-Mac-fygdgghdgmuleoelvxabfmqiotta/Build/Intermediates.noindex/InputView.build/Debug/InputView-t.build/Objects-normal/arm64/InputView_lto.o -Xlinker -no_deduplicate -Xlinker -debug_variant -Xlinker -dependency_info -Xlinker /Users/buddhirajgautam/Library/Developer/Xcode/DerivedData/Telegram-Mac-fygdgghdgmuleoelvxabfmqiotta/Build/Intermediates.noindex/InputView.build/Debug/InputView-t.build/Objects-normal/arm64/InputView_dependency_info.dat -fobjc-link-runtime -L/Applications/Xcode.app/Contents/Developer/Toolchains/XcodeDefault.xctoolchain/usr/lib/swift/macosx -L/usr/lib/swift -Xlinker -add_ast_path -Xlinker /Users/buddhirajgautam/Library/Developer/Xcode/DerivedData/Telegram-Mac-fygdgghdgmuleoelvxabfmqiotta/Build/Intermediates.noindex/InputView.build/Debug/InputView-t.build/Objects-normal/arm64/InputView.swiftmodule -o /Users/buddhirajgautam/Library/Developer/Xcode/DerivedData/Telegram-Mac-fygdgghdgmuleoelvxabfmqiotta/Build/Products/Debug/InputView.o

Ld /Users/buddhirajgautam/Library/Developer/Xcode/DerivedData/Telegram-Mac-fygdgghdgmuleoelvxabfmqiotta/Build/Products/Debug/ThemeSettings.o normal (in target 'ThemeSettings' from project 'ThemeSettings')
    cd /Users/buddhirajgautam/Documents/Cherrygram-Mac/macOS-Swift/packages/ThemeSettings
    /Applications/Xcode.app/Contents/Developer/Toolchains/XcodeDefault.xctoolchain/usr/bin/clang -Xlinker -reproducible -target arm64-apple-macos12.0 -r -isysroot /Applications/Xcode.app/Contents/Developer/Platforms/MacOSX.platform/Developer/SDKs/MacOSX27.0.sdk -O0 -Xlinker -no_warn_duplicate_libraries -F/Users/buddhirajgautam/Library/Developer/Xcode/DerivedData/Telegram-Mac-fygdgghdgmuleoelvxabfmqiotta/Build/Intermediates.noindex/EagerLinkingTBDs/Debug -F/Users/buddhirajgautam/Library/Developer/Xcode/DerivedData/Telegram-Mac-fygdgghdgmuleoelvxabfmqiotta/Build/Products/Debug/PackageFrameworks -F/Users/buddhirajgautam/Library/Developer/Xcode/DerivedData/Telegram-Mac-fygdgghdgmuleoelvxabfmqiotta/Build/Products/Debug -iframework /Applications/Xcode.app/Contents/Developer/Platforms/MacOSX.platform/Developer/Library/Frameworks -filelist /Users/buddhirajgautam/Library/Developer/Xcode/DerivedData/Telegram-Mac-fygdgghdgmuleoelvxabfmqiotta/Build/Intermediates.noindex/ThemeSettings.build/Debug/ThemeSettings-t.build/Objects-normal/arm64/ThemeSettings.LinkFileList -nostdlib -Xlinker -object_path_lto -Xlinker /Users/buddhirajgautam/Library/Developer/Xcode/DerivedData/Telegram-Mac-fygdgghdgmuleoelvxabfmqiotta/Build/Intermediates.noindex/ThemeSettings.build/Debug/ThemeSettings-t.build/Objects-normal/arm64/ThemeSettings_lto.o -Xlinker -no_deduplicate -Xlinker -debug_variant -Xlinker -dependency_info -Xlinker /Users/buddhirajgautam/Library/Developer/Xcode/DerivedData/Telegram-Mac-fygdgghdgmuleoelvxabfmqiotta/Build/Intermediates.noindex/ThemeSettings.build/Debug/ThemeSettings-t.build/Objects-normal/arm64/ThemeSettings_dependency_info.dat -fobjc-link-runtime -L/Applications/Xcode.app/Contents/Developer/Toolchains/XcodeDefault.xctoolchain/usr/lib/swift/macosx -L/usr/lib/swift -Xlinker -add_ast_path -Xlinker /Users/buddhirajgautam/Library/Developer/Xcode/DerivedData/Telegram-Mac-fygdgghdgmuleoelvxabfmqiotta/Build/Intermediates.noindex/ThemeSettings.build/Debug/ThemeSettings-t.build/Objects-normal/arm64/ThemeSettings.swiftmodule -o /Users/buddhirajgautam/Library/Developer/Xcode/DerivedData/Telegram-Mac-fygdgghdgmuleoelvxabfmqiotta/Build/Products/Debug/ThemeSettings.o

Ld /Users/buddhirajgautam/Library/Developer/Xcode/DerivedData/Telegram-Mac-fygdgghdgmuleoelvxabfmqiotta/Build/Products/Debug/Reactions.o normal (in target 'Reactions' from project 'Reactions')
    cd /Users/buddhirajgautam/Documents/Cherrygram-Mac/macOS-Swift/packages/Reactions
    /Applications/Xcode.app/Contents/Developer/Toolchains/XcodeDefault.xctoolchain/usr/bin/clang -Xlinker -reproducible -target arm64-apple-macos12.0 -r -isysroot /Applications/Xcode.app/Contents/Developer/Platforms/MacOSX.platform/Developer/SDKs/MacOSX27.0.sdk -O0 -Xlinker -no_warn_duplicate_libraries -F/Users/buddhirajgautam/Library/Developer/Xcode/DerivedData/Telegram-Mac-fygdgghdgmuleoelvxabfmqiotta/Build/Intermediates.noindex/EagerLinkingTBDs/Debug -F/Users/buddhirajgautam/Library/Developer/Xcode/DerivedData/Telegram-Mac-fygdgghdgmuleoelvxabfmqiotta/Build/Products/Debug/PackageFrameworks -F/Users/buddhirajgautam/Library/Developer/Xcode/DerivedData/Telegram-Mac-fygdgghdgmuleoelvxabfmqiotta/Build/Products/Debug -iframework /Applications/Xcode.app/Contents/Developer/Platforms/MacOSX.platform/Developer/Library/Frameworks -filelist /Users/buddhirajgautam/Library/Developer/Xcode/DerivedData/Telegram-Mac-fygdgghdgmuleoelvxabfmqiotta/Build/Intermediates.noindex/Reactions.build/Debug/Reactions-t.build/Objects-normal/arm64/Reactions.LinkFileList -nostdlib -Xlinker -object_path_lto -Xlinker /Users/buddhirajgautam/Library/Developer/Xcode/DerivedData/Telegram-Mac-fygdgghdgmuleoelvxabfmqiotta/Build/Intermediates.noindex/Reactions.build/Debug/Reactions-t.build/Objects-normal/arm64/Reactions_lto.o -Xlinker -no_deduplicate -Xlinker -debug_variant -Xlinker -dependency_info -Xlinker /Users/buddhirajgautam/Library/Developer/Xcode/DerivedData/Telegram-Mac-fygdgghdgmuleoelvxabfmqiotta/Build/Intermediates.noindex/Reactions.build/Debug/Reactions-t.build/Objects-normal/arm64/Reactions_dependency_info.dat -fobjc-link-runtime -L/Applications/Xcode.app/Contents/Developer/Toolchains/XcodeDefault.xctoolchain/usr/lib/swift/macosx -L/usr/lib/swift -Xlinker -add_ast_path -Xlinker /Users/buddhirajgautam/Library/Developer/Xcode/DerivedData/Telegram-Mac-fygdgghdgmuleoelvxabfmqiotta/Build/Intermediates.noindex/Reactions.build/Debug/Reactions-t.build/Objects-normal/arm64/Reactions.swiftmodule -o /Users/buddhirajgautam/Library/Developer/Xcode/DerivedData/Telegram-Mac-fygdgghdgmuleoelvxabfmqiotta/Build/Products/Debug/Reactions.o

Ld /Users/buddhirajgautam/Library/Developer/Xcode/DerivedData/Telegram-Mac-fygdgghdgmuleoelvxabfmqiotta/Build/Products/Debug/InAppPurchaseManager.o normal (in target 'InAppPurchaseManager' from project 'InAppPurchaseManager')
    cd /Users/buddhirajgautam/Documents/Cherrygram-Mac/macOS-Swift/packages/InAppPurchaseManager
    /Applications/Xcode.app/Contents/Developer/Toolchains/XcodeDefault.xctoolchain/usr/bin/clang -Xlinker -reproducible -target arm64-apple-macos12.0 -r -isysroot /Applications/Xcode.app/Contents/Developer/Platforms/MacOSX.platform/Developer/SDKs/MacOSX27.0.sdk -O0 -Xlinker -no_warn_duplicate_libraries -F/Users/buddhirajgautam/Library/Developer/Xcode/DerivedData/Telegram-Mac-fygdgghdgmuleoelvxabfmqiotta/Build/Intermediates.noindex/EagerLinkingTBDs/Debug -F/Users/buddhirajgautam/Library/Developer/Xcode/DerivedData/Telegram-Mac-fygdgghdgmuleoelvxabfmqiotta/Build/Products/Debug/PackageFrameworks -F/Users/buddhirajgautam/Library/Developer/Xcode/DerivedData/Telegram-Mac-fygdgghdgmuleoelvxabfmqiotta/Build/Products/Debug -iframework /Applications/Xcode.app/Contents/Developer/Platforms/MacOSX.platform/Developer/Library/Frameworks -filelist /Users/buddhirajgautam/Library/Developer/Xcode/DerivedData/Telegram-Mac-fygdgghdgmuleoelvxabfmqiotta/Build/Intermediates.noindex/InAppPurchaseManager.build/Debug/InAppPurchaseManager-t.build/Objects-normal/arm64/InAppPurchaseManager.LinkFileList -nostdlib -Xlinker -object_path_lto -Xlinker /Users/buddhirajgautam/Library/Developer/Xcode/DerivedData/Telegram-Mac-fygdgghdgmuleoelvxabfmqiotta/Build/Intermediates.noindex/InAppPurchaseManager.build/Debug/InAppPurchaseManager-t.build/Objects-normal/arm64/InAppPurchaseManager_lto.o -Xlinker -no_deduplicate -Xlinker -debug_variant -Xlinker -dependency_info -Xlinker /Users/buddhirajgautam/Library/Developer/Xcode/DerivedData/Telegram-Mac-fygdgghdgmuleoelvxabfmqiotta/Build/Intermediates.noindex/InAppPurchaseManager.build/Debug/InAppPurchaseManager-t.build/Objects-normal/arm64/InAppPurchaseManager_dependency_info.dat -fobjc-link-runtime -L/Applications/Xcode.app/Contents/Developer/Toolchains/XcodeDefault.xctoolchain/usr/lib/swift/macosx -L/usr/lib/swift -Xlinker -add_ast_path -Xlinker /Users/buddhirajgautam/Library/Developer/Xcode/DerivedData/Telegram-Mac-fygdgghdgmuleoelvxabfmqiotta/Build/Intermediates.noindex/InAppPurchaseManager.build/Debug/InAppPurchaseManager-t.build/Objects-normal/arm64/InAppPurchaseManager.swiftmodule -o /Users/buddhirajgautam/Library/Developer/Xcode/DerivedData/Telegram-Mac-fygdgghdgmuleoelvxabfmqiotta/Build/Products/Debug/InAppPurchaseManager.o

Ld /Users/buddhirajgautam/Library/Developer/Xcode/DerivedData/Telegram-Mac-fygdgghdgmuleoelvxabfmqiotta/Build/Products/Debug/Sparkle.framework/Versions/A/Sparkle normal (in target 'Sparkle' from project 'Sparkle')
    cd /Users/buddhirajgautam/Documents/Cherrygram-Mac/macOS-Swift/submodules/Sparkle
    /Applications/Xcode.app/Contents/Developer/Toolchains/XcodeDefault.xctoolchain/usr/bin/clang -Xlinker -reproducible -target arm64-apple-macos12.0 -dynamiclib -isysroot /Applications/Xcode.app/Contents/Developer/Platforms/MacOSX.platform/Developer/SDKs/MacOSX27.0.sdk -O0 -Xlinker -no_warn_duplicate_libraries -L/Users/buddhirajgautam/Library/Developer/Xcode/DerivedData/Telegram-Mac-fygdgghdgmuleoelvxabfmqiotta/Build/Intermediates.noindex/EagerLinkingTBDs/Debug -L/Users/buddhirajgautam/Library/Developer/Xcode/DerivedData/Telegram-Mac-fygdgghdgmuleoelvxabfmqiotta/Build/Products/Debug -F/Users/buddhirajgautam/Library/Developer/Xcode/DerivedData/Telegram-Mac-fygdgghdgmuleoelvxabfmqiotta/Build/Intermediates.noindex/EagerLinkingTBDs/Debug -F/Users/buddhirajgautam/Library/Developer/Xcode/DerivedData/Telegram-Mac-fygdgghdgmuleoelvxabfmqiotta/Build/Products/Debug -filelist /Users/buddhirajgautam/Library/Developer/Xcode/DerivedData/Telegram-Mac-fygdgghdgmuleoelvxabfmqiotta/Build/Intermediates.noindex/Sparkle.build/Debug/Sparkle.build/Objects-normal/arm64/Sparkle.LinkFileList -install_name @rpath/Sparkle.framework/Versions/A/Sparkle -Xlinker -rpath -Xlinker @executable_path/../Frameworks -Xlinker -rpath -Xlinker @loader_path/Frameworks -Xlinker -dead_strip -Xlinker -object_path_lto -Xlinker /Users/buddhirajgautam/Library/Developer/Xcode/DerivedData/Telegram-Mac-fygdgghdgmuleoelvxabfmqiotta/Build/Intermediates.noindex/Sparkle.build/Debug/Sparkle.build/Objects-normal/arm64/Sparkle_lto.o -Xlinker -no_deduplicate -Xlinker -debug_variant -Xlinker -dependency_info -Xlinker /Users/buddhirajgautam/Library/Developer/Xcode/DerivedData/Telegram-Mac-fygdgghdgmuleoelvxabfmqiotta/Build/Intermediates.noindex/Sparkle.build/Debug/Sparkle.build/Objects-normal/arm64/Sparkle_dependency_info.dat -fobjc-arc -fobjc-link-runtime -fprofile-instr-generate -Wl,-U,_NSURLQuarantinePropertiesKey -framework Cocoa -framework AppKit -framework Foundation -framework IOKit -lbz2 -lxar.1 -lz -framework Security -framework SystemConfiguration -framework WebKit -compatibility_version 1.6 -current_version 1.21.0 -o /Users/buddhirajgautam/Library/Developer/Xcode/DerivedData/Telegram-Mac-fygdgghdgmuleoelvxabfmqiotta/Build/Products/Debug/Sparkle.framework/Versions/A/Sparkle

Ld /Users/buddhirajgautam/Library/Developer/Xcode/DerivedData/Telegram-Mac-fygdgghdgmuleoelvxabfmqiotta/Build/Products/Debug/FirebaseAnalyticsWrapper.o normal (in target 'FirebaseAnalyticsWrapper' from project 'Firebase')
    cd /Users/buddhirajgautam/Library/Developer/Xcode/DerivedData/Telegram-Mac-fygdgghdgmuleoelvxabfmqiotta/SourcePackages/checkouts/firebase-ios-sdk
    /Applications/Xcode.app/Contents/Developer/Toolchains/XcodeDefault.xctoolchain/usr/bin/clang -Xlinker -reproducible -target arm64-apple-macos12.0 -r -isysroot /Applications/Xcode.app/Contents/Developer/Platforms/MacOSX.platform/Developer/SDKs/MacOSX27.0.sdk -O0 -w -Xlinker -no_warn_duplicate_libraries -F/Users/buddhirajgautam/Library/Developer/Xcode/DerivedData/Telegram-Mac-fygdgghdgmuleoelvxabfmqiotta/Build/Intermediates.noindex/EagerLinkingTBDs/Debug -F/Users/buddhirajgautam/Library/Developer/Xcode/DerivedData/Telegram-Mac-fygdgghdgmuleoelvxabfmqiotta/Build/Products/Debug/PackageFrameworks -F/Users/buddhirajgautam/Library/Developer/Xcode/DerivedData/Telegram-Mac-fygdgghdgmuleoelvxabfmqiotta/Build/Products/Debug -iframework /Applications/Xcode.app/Contents/Developer/Platforms/MacOSX.platform/Developer/Library/Frameworks -filelist /Users/buddhirajgautam/Library/Developer/Xcode/DerivedData/Telegram-Mac-fygdgghdgmuleoelvxabfmqiotta/Build/Intermediates.noindex/Firebase.build/Debug/FirebaseAnalyticsWrapper-t.build/Objects-normal/arm64/FirebaseAnalyticsWrapper.LinkFileList -nostdlib -Xlinker -object_path_lto -Xlinker /Users/buddhirajgautam/Library/Developer/Xcode/DerivedData/Telegram-Mac-fygdgghdgmuleoelvxabfmqiotta/Build/Intermediates.noindex/Firebase.build/Debug/FirebaseAnalyticsWrapper-t.build/Objects-normal/arm64/FirebaseAnalyticsWrapper_lto.o -Xlinker -no_deduplicate -Xlinker -debug_variant -Xlinker -dependency_info -Xlinker /Users/buddhirajgautam/Library/Developer/Xcode/DerivedData/Telegram-Mac-fygdgghdgmuleoelvxabfmqiotta/Build/Intermediates.noindex/Firebase.build/Debug/FirebaseAnalyticsWrapper-t.build/Objects-normal/arm64/FirebaseAnalyticsWrapper_dependency_info.dat -fobjc-arc -fobjc-link-runtime -o /Users/buddhirajgautam/Library/Developer/Xcode/DerivedData/Telegram-Mac-fygdgghdgmuleoelvxabfmqiotta/Build/Products/Debug/FirebaseAnalyticsWrapper.o

SwiftDriverJobDiscovery normal arm64 Compiling AvatarStoryIndicatorComponent.swift, ShareApplicationContext.swift, ShortPeerRowItem.swift, ShortPeerRowView.swift, SEModalProgressView.swift, System.swift (in target 'TelegramShare' from project 'Telegram')

SwiftDriver\ Compilation TelegramShare normal arm64 com.apple.xcode.tools.swift.compiler (in target 'TelegramShare' from project 'Telegram')
    cd /Users/buddhirajgautam/Documents/Cherrygram-Mac/macOS-Swift
    builtin-Swift-Compilation -- /Applications/Xcode.app/Contents/Developer/Toolchains/XcodeDefault.xctoolchain/usr/bin/swiftc -module-name TelegramShare -Onone @/Users/buddhirajgautam/Library/Developer/Xcode/DerivedData/Telegram-Mac-fygdgghdgmuleoelvxabfmqiotta/Build/Intermediates.noindex/Telegram.build/Debug/TelegramShare.build/Objects-normal/arm64/TelegramShare.SwiftFileList -DSHARE -Xcc -fmodule-map-file\=/Users/buddhirajgautam/Library/Developer/Xcode/DerivedData/Telegram-Mac-fygdgghdgmuleoelvxabfmqiotta/Build/Intermediates.noindex/GeneratedModuleMaps/YuvConversion.modulemap -Xcc -fmodule-map-file\=/Users/buddhirajgautam/Library/Developer/Xcode/DerivedData/Telegram-Mac-fygdgghdgmuleoelvxabfmqiotta/Build/Intermediates.noindex/GeneratedModuleMaps/MtProtoKit.modulemap -Xcc -fmodule-map-file\=/Users/buddhirajgautam/Library/Developer/Xcode/DerivedData/Telegram-Mac-fygdgghdgmuleoelvxabfmqiotta/Build/Intermediates.noindex/GeneratedModuleMaps/NetworkLogging.modulemap -Xcc -fmodule-map-file\=/Users/buddhirajgautam/Library/Developer/Xcode/DerivedData/Telegram-Mac-fygdgghdgmuleoelvxabfmqiotta/Build/Intermediates.noindex/GeneratedModuleMaps/LegacyReachability.modulemap -Xcc -fmodule-map-file\=/Users/buddhirajgautam/Library/Developer/Xcode/DerivedData/Telegram-Mac-fygdgghdgmuleoelvxabfmqiotta/Build/Intermediates.noindex/GeneratedModuleMaps/EncryptionProvider.modulemap -Xcc -fmodule-map-file\=/Users/buddhirajgautam/Library/Developer/Xcode/DerivedData/Telegram-Mac-fygdgghdgmuleoelvxabfmqiotta/Build/Intermediates.noindex/GeneratedModuleMaps/DateUtils.modulemap -Xcc -fmodule-map-file\=/Users/buddhirajgautam/Library/Developer/Xcode/DerivedData/Telegram-Mac-fygdgghdgmuleoelvxabfmqiotta/Build/Intermediates.noindex/GeneratedModuleMaps/RingBuffer.modulemap -Xcc -fmodule-map-file\=/Users/buddhirajgautam/Library/Developer/Xcode/DerivedData/Telegram-Mac-fygdgghdgmuleoelvxabfmqiotta/Build/Intermediates.noindex/GeneratedModuleMaps/OpenSSLEncryption.modulemap -Xcc -fmodule-map-file\=/Users/buddhirajgautam/Library/Developer/Xcode/DerivedData/Telegram-Mac-fygdgghdgmuleoelvxabfmqiotta/Build/Intermediates.noindex/GeneratedModuleMaps/NumberPluralization.modulemap -Xcc -fmodule-map-file\=/Users/buddhirajgautam/Library/Developer/Xcode/DerivedData/Telegram-Mac-fygdgghdgmuleoelvxabfmqiotta/Build/Intermediates.noindex/GeneratedModuleMaps/Mozjpeg.modulemap -Xcc -fmodule-map-file\=/Users/buddhirajgautam/Library/Developer/Xcode/DerivedData/Telegram-Mac-fygdgghdgmuleoelvxabfmqiotta/Build/Intermediates.noindex/GeneratedModuleMaps/CalendarUtils.modulemap -Xcc -fmodule-map-file\=/Users/buddhirajgautam/Library/Developer/Xcode/DerivedData/Telegram-Mac-fygdgghdgmuleoelvxabfmqiotta/Build/Intermediates.noindex/GeneratedModuleMaps/BuildConfig.modulemap -Xcc -fmodule-map-file\=/Users/buddhirajgautam/Library/Developer/Xcode/DerivedData/Telegram-Mac-fygdgghdgmuleoelvxabfmqiotta/Build/Intermediates.noindex/GeneratedModuleMaps/GZIP.modulemap -Xcc -fmodule-map-file\=/Users/buddhirajgautam/Library/Developer/Xcode/DerivedData/Telegram-Mac-fygdgghdgmuleoelvxabfmqiotta/Build/Intermediates.noindex/GeneratedModuleMaps/FFMpegBinding.modulemap -Xcc -fmodule-map-file\=/Users/buddhirajgautam/Library/Developer/Xcode/DerivedData/Telegram-Mac-fygdgghdgmuleoelvxabfmqiotta/Build/Intermediates.noindex/GeneratedModuleMaps/Svg.modulemap -Xcc -fmodule-map-file\=/Users/buddhirajgautam/Library/Developer/Xcode/DerivedData/Telegram-Mac-fygdgghdgmuleoelvxabfmqiotta/Build/Intermediates.noindex/GeneratedModuleMaps/ShelfPack.modulemap -Xcc -fmodule-map-file\=/Users/buddhirajgautam/Library/Developer/Xcode/DerivedData/Telegram-Mac-fygdgghdgmuleoelvxabfmqiotta/Build/Intermediates.noindex/GeneratedModuleMaps/FastBlur.modulemap -Xcc -fmodule-map-file\=/Users/buddhirajgautam/Library/Developer/Xcode/DerivedData/Telegram-Mac-fygdgghdgmuleoelvxabfmqiotta/Build/Intermediates.noindex/GeneratedModuleMaps/ObjcUtils.modulemap -Xcc -fmodule-map-file\=/Users/buddhirajgautam/Library/Developer/Xcode/DerivedData/Telegram-Mac-fygdgghdgmuleoelvxabfmqiotta/Build/Intermediates.noindex/GeneratedModuleMaps/libwebp.modulemap -Xcc -fmodule-map-file\=/Users/buddhirajgautam/Library/Developer/Xcode/DerivedData/Telegram-Mac-fygdgghdgmuleoelvxabfmqiotta/Build/Intermediates.noindex/GeneratedModuleMaps/MurMurHash32.modulemap -Xcc -fmodule-map-file\=/Users/buddhirajgautam/Library/Developer/Xcode/DerivedData/Telegram-Mac-fygdgghdgmuleoelvxabfmqiotta/Build/Intermediates.noindex/GeneratedModuleMaps/sqlcipher.modulemap -Xcc -fmodule-map-file\=/Users/buddhirajgautam/Library/Developer/Xcode/DerivedData/Telegram-Mac-fygdgghdgmuleoelvxabfmqiotta/Build/Intermediates.noindex/GeneratedModuleMaps/StringTransliteration.modulemap -Xcc -fmodule-map-file\=/Users/buddhirajgautam/Library/Developer/Xcode/DerivedData/Telegram-Mac-fygdgghdgmuleoelvxabfmqiotta/Build/Intermediates.noindex/GeneratedModuleMaps/DarwinDirStat.modulemap -Xcc -fmodule-map-file\=/Users/buddhirajgautam/Library/Developer/Xcode/DerivedData/Telegram-Mac-fygdgghdgmuleoelvxabfmqiotta/Build/Intermediates.noindex/GeneratedModuleMaps/CryptoUtils.modulemap -Xcc -fmodule-map-file\=/Users/buddhirajgautam/Library/Developer/Xcode/DerivedData/Telegram-Mac-fygdgghdgmuleoelvxabfmqiotta/Build/Intermediates.noindex/GeneratedModuleMaps/Crc32.modulemap -DBETA -enable-bare-slash-regex -enable-experimental-feature DebugDescriptionMacro -sdk /Applications/Xcode.app/Contents/Developer/Platforms/MacOSX.platform/Developer/SDKs/MacOSX27.0.sdk -target arm64-apple-macos12.0 -g -module-cache-path /Users/buddhirajgautam/Library/Developer/Xcode/DerivedData/ModuleCache.noindex -Xfrontend -serialize-debugging-options -application-extension -profile-coverage-mapping -profile-generate -index-store-path /Users/buddhirajgautam/Library/Developer/Xcode/DerivedData/Telegram-Mac-fygdgghdgmuleoelvxabfmqiotta/Index.noindex/DataStore -Xcc -D_LIBCPP_HARDENING_MODE\=_LIBCPP_HARDENING_MODE_DEBUG -swift-version 5 -I /Users/buddhirajgautam/Library/Developer/Xcode/DerivedData/Telegram-Mac-fygdgghdgmuleoelvxabfmqiotta/Build/Products/Debug -F /Users/buddhirajgautam/Library/Developer/Xcode/DerivedData/Telegram-Mac-fygdgghdgmuleoelvxabfmqiotta/Build/Products/Debug/PackageFrameworks -F /Users/buddhirajgautam/Library/Developer/Xcode/DerivedData/Telegram-Mac-fygdgghdgmuleoelvxabfmqiotta/Build/Products/Debug -c -j8 -enable-batch-mode -incremental -Xcc -ivfsstatcache -Xcc /Users/buddhirajgautam/Library/Developer/Xcode/DerivedData/SDKStatCaches.noindex/macosx27.0-26A425-e829b21a6f8c9b70876ba0858053c0447231f6df4def33e022ae2eb8f782df1a.sdkstatcache -output-file-map /Users/buddhirajgautam/Library/Developer/Xcode/DerivedData/Telegram-Mac-fygdgghdgmuleoelvxabfmqiotta/Build/Intermediates.noindex/Telegram.build/Debug/TelegramShare.build/Objects-normal/arm64/TelegramShare-OutputFileMap.json -save-temps -no-color-diagnostics -explicit-module-build -module-cache-path /Users/buddhirajgautam/Library/Developer/Xcode/DerivedData/Telegram-Mac-fygdgghdgmuleoelvxabfmqiotta/Build/Intermediates.noindex/SwiftExplicitPrecompiledModules -clang-scanner-module-cache-path /Users/buddhirajgautam/Library/Developer/Xcode/DerivedData/ModuleCache.noindex -sdk-module-cache-path /Users/buddhirajgautam/Library/Developer/Xcode/DerivedData/SDKExplicitPrecompiledModules -emit-dependencies -emit-module -emit-module-path /Users/buddhirajgautam/Library/Developer/Xcode/DerivedData/Telegram-Mac-fygdgghdgmuleoelvxabfmqiotta/Build/Intermediates.noindex/Telegram.build/Debug/TelegramShare.build/Objects-normal/arm64/TelegramShare.swiftmodule -serialize-diagnostics -dependency-scan-serialize-diagnostics-path /Users/buddhirajgautam/Library/Developer/Xcode/DerivedData/Telegram-Mac-fygdgghdgmuleoelvxabfmqiotta/Build/Intermediates.noindex/Telegram.build/Debug/TelegramShare.build/Objects-normal/arm64/TelegramShare-dependency-scan.dia -validate-clang-modules-once -clang-build-session-file /Users/buddhirajgautam/Library/Developer/Xcode/DerivedData/ModuleCache.noindex/Session.modulevalidation -Xcc -fmodules-prune-interval\=86400 -Xcc -fmodules-prune-after\=345600 -emit-const-values -const-gather-protocols-list /Users/buddhirajgautam/Library/Developer/Xcode/DerivedData/Telegram-Mac-fygdgghdgmuleoelvxabfmqiotta/Build/Intermediates.noindex/Telegram.build/Debug/TelegramShare.build/Objects-normal/arm64/TelegramShare_const_extract_protocols.json -Xcc -iquote -Xcc /Users/buddhirajgautam/Library/Developer/Xcode/DerivedData/Telegram-Mac-fygdgghdgmuleoelvxabfmqiotta/Build/Intermediates.noindex/Telegram.build/Debug/TelegramShare.build/TelegramShare-generated-files.hmap -Xcc -I/Users/buddhirajgautam/Library/Developer/Xcode/DerivedData/Telegram-Mac-fygdgghdgmuleoelvxabfmqiotta/Build/Intermediates.noindex/Telegram.build/Debug/TelegramShare.build/TelegramShare-own-target-headers.hmap -Xcc -I/Users/buddhirajgautam/Library/Developer/Xcode/DerivedData/Telegram-Mac-fygdgghdgmuleoelvxabfmqiotta/Build/Intermediates.noindex/Telegram.build/Debug/TelegramShare.build/TelegramShare-all-non-framework-target-headers.hmap -Xcc -ivfsoverlay -Xcc /Users/buddhirajgautam/Library/Developer/Xcode/DerivedData/Telegram-Mac-fygdgghdgmuleoelvxabfmqiotta/Build/Intermediates.noindex/Telegram.build/Debug/Telegram-dbe0546bccfdc52e72cb2837036a25ae-VFS/all-product-headers.yaml -Xcc -iquote -Xcc /Users/buddhirajgautam/Library/Developer/Xcode/DerivedData/Telegram-Mac-fygdgghdgmuleoelvxabfmqiotta/Build/Intermediates.noindex/Telegram.build/Debug/TelegramShare.build/TelegramShare-project-headers.hmap -Xcc -I/Users/buddhirajgautam/Documents/Cherrygram-Mac/macOS-Swift/submodules/telegram-ios/submodules/YuvConversion/PublicHeaders -Xcc -I/Users/buddhirajgautam/Documents/Cherrygram-Mac/macOS-Swift/submodules/telegram-ios/submodules/MtProtoKit/PublicHeaders -Xcc -I/Users/buddhirajgautam/Documents/Cherrygram-Mac/macOS-Swift/submodules/telegram-ios/submodules/NetworkLogging/PublicHeaders -Xcc -I/Users/buddhirajgautam/Documents/Cherrygram-Mac/macOS-Swift/submodules/telegram-ios/submodules/Reachability/LegacyReachability/PublicHeaders -Xcc -I/Users/buddhirajgautam/Documents/Cherrygram-Mac/macOS-Swift/submodules/telegram-ios/submodules/EncryptionProvider/PublicHeaders -Xcc -I/Users/buddhirajgautam/Documents/Cherrygram-Mac/macOS-Swift/packages/DateUtils/Sources/DateUtils -Xcc -I/Users/buddhirajgautam/Documents/Cherrygram-Mac/macOS-Swift/packages/RingBuffer/Sources/RingBuffer -Xcc -I/Users/buddhirajgautam/Documents/Cherrygram-Mac/macOS-Swift/submodules/telegram-ios/submodules/OpenSSLEncryptionProvider/PublicHeaders -Xcc -I/Users/buddhirajgautam/Documents/Cherrygram-Mac/macOS-Swift/packages/NumberPluralization/Sources/NumberPluralization -Xcc -I/Users/buddhirajgautam/Documents/Cherrygram-Mac/macOS-Swift/submodules/Mozjpeg/Sources -Xcc -I/Users/buddhirajgautam/Documents/Cherrygram-Mac/macOS-Swift/packages/CalendarUtils/Sources/CalendarUtils -Xcc -I/Users/buddhirajgautam/Documents/Cherrygram-Mac/macOS-Swift/submodules/BuildConfig/Sources/include -Xcc -I/Users/buddhirajgautam/Documents/Cherrygram-Mac/macOS-Swift/packages/GZIP/Sources/GZIP -Xcc -I/Users/buddhirajgautam/Documents/Cherrygram-Mac/macOS-Swift/submodules/telegram-ios/submodules/FFMpegBinding/Public -Xcc -I/Users/buddhirajgautam/Documents/Cherrygram-Mac/macOS-Swift/packages/Svg/PublicHeaders/Svg -Xcc -I/Users/buddhirajgautam/Documents/Cherrygram-Mac/macOS-Swift/submodules/telegram-ios/submodules/Utils/ShelfPack/PublicHeaders -Xcc -I/Users/buddhirajgautam/Documents/Cherrygram-Mac/macOS-Swift/packages/FastBlur/Sources/FastBlur -Xcc -I/Users/buddhirajgautam/Documents/Cherrygram-Mac/macOS-Swift/packages/ObjcUtils/Sources/ObjcUtils -Xcc -I/Users/buddhirajgautam/Documents/Cherrygram-Mac/macOS-Swift/submodules/libwebp/Sources -Xcc -I/Users/buddhirajgautam/Documents/Cherrygram-Mac/macOS-Swift/submodules/telegram-ios/submodules/MurMurHash32/PublicHeaders -Xcc -I/Users/buddhirajgautam/Documents/Cherrygram-Mac/macOS-Swift/submodules/telegram-ios/submodules/sqlcipher/PublicHeaders -Xcc -I/Users/buddhirajgautam/Documents/Cherrygram-Mac/macOS-Swift/submodules/telegram-ios/submodules/StringTransliteration/PublicHeaders -Xcc -I/Users/buddhirajgautam/Documents/Cherrygram-Mac/macOS-Swift/submodules/telegram-ios/submodules/Utils/DarwinDirStat/PublicHeaders -Xcc -I/Users/buddhirajgautam/Documents/Cherrygram-Mac/macOS-Swift/submodules/telegram-ios/submodules/CryptoUtils/PublicHeaders -Xcc -I/Users/buddhirajgautam/Documents/Cherrygram-Mac/macOS-Swift/submodules/telegram-ios/submodules/Crc32/PublicHeaders -Xcc -I/Users/buddhirajgautam/Library/Developer/Xcode/DerivedData/Telegram-Mac-fygdgghdgmuleoelvxabfmqiotta/Build/Products/Debug/include -Xcc -I/Users/buddhirajgautam/Library/Developer/Xcode/DerivedData/Telegram-Mac-fygdgghdgmuleoelvxabfmqiotta/Build/Intermediates.noindex/Telegram.build/Debug/TelegramShare.build/DerivedSources-normal/arm64 -Xcc -I/Users/buddhirajgautam/Library/Developer/Xcode/DerivedData/Telegram-Mac-fygdgghdgmuleoelvxabfmqiotta/Build/Intermediates.noindex/Telegram.build/Debug/TelegramShare.build/DerivedSources/arm64 -Xcc -I/Users/buddhirajgautam/Library/Developer/Xcode/DerivedData/Telegram-Mac-fygdgghdgmuleoelvxabfmqiotta/Build/Intermediates.noindex/Telegram.build/Debug/TelegramShare.build/DerivedSources -Xcc -DSHARE\=1 -emit-objc-header -emit-objc-header-path /Users/buddhirajgautam/Library/Developer/Xcode/DerivedData/Telegram-Mac-fygdgghdgmuleoelvxabfmqiotta/Build/Intermediates.noindex/Telegram.build/Debug/TelegramShare.build/Objects-normal/arm64/TelegramShare-Swift.h -import-objc-header /Users/buddhirajgautam/Documents/Cherrygram-Mac/macOS-Swift/Telegram-Mac/Telegram-Mac-Bridging-Header.h -working-directory /Users/buddhirajgautam/Documents/Cherrygram-Mac/macOS-Swift -experimental-emit-module-separately -disable-cmo

ExtractAppIntentsMetadata (in target 'InputView' from project 'InputView')
    cd /Users/buddhirajgautam/Documents/Cherrygram-Mac/macOS-Swift/packages/InputView
    /Applications/Xcode.app/Contents/Developer/Toolchains/XcodeDefault.xctoolchain/usr/bin/appintentsmetadataprocessor --toolchain-dir /var/run/com.apple.security.cryptexd/mnt/com.apple.MobileAsset.MetalToolchain-v27.1.266.1.Pr1pMU/Metal.xctoolchain --module-name InputView --sdk-root /Applications/Xcode.app/Contents/Developer/Platforms/MacOSX.platform/Developer/SDKs/MacOSX27.0.sdk --xcode-version 27A266a --platform-family macOS --deployment-target 12.0 --bundle-identifier inputview.InputView --output /Users/buddhirajgautam/Library/Developer/Xcode/DerivedData/Telegram-Mac-fygdgghdgmuleoelvxabfmqiotta/Build/Products/Debug/InputView.appintents --target-triple arm64-apple-macos12.0 --binary-file /Users/buddhirajgautam/Library/Developer/Xcode/DerivedData/Telegram-Mac-fygdgghdgmuleoelvxabfmqiotta/Build/Products/Debug/InputView.o --dependency-file /Users/buddhirajgautam/Library/Developer/Xcode/DerivedData/Telegram-Mac-fygdgghdgmuleoelvxabfmqiotta/Build/Intermediates.noindex/InputView.build/Debug/InputView-t.build/Objects-normal/arm64/InputView_dependency_info.dat --stringsdata-file /Users/buddhirajgautam/Library/Developer/Xcode/DerivedData/Telegram-Mac-fygdgghdgmuleoelvxabfmqiotta/Build/Intermediates.noindex/InputView.build/Debug/InputView-t.build/Objects-normal/arm64/ExtractedAppShortcutsMetadata.stringsdata --source-file-list /Users/buddhirajgautam/Library/Developer/Xcode/DerivedData/Telegram-Mac-fygdgghdgmuleoelvxabfmqiotta/Build/Intermediates.noindex/InputView.build/Debug/InputView-t.build/Objects-normal/arm64/InputView.SwiftFileList --metadata-file-list /Users/buddhirajgautam/Library/Developer/Xcode/DerivedData/Telegram-Mac-fygdgghdgmuleoelvxabfmqiotta/Build/Intermediates.noindex/InputView.build/Debug/InputView-t.build/InputView.DependencyMetadataFileList --static-metadata-file-list /Users/buddhirajgautam/Library/Developer/Xcode/DerivedData/Telegram-Mac-fygdgghdgmuleoelvxabfmqiotta/Build/Intermediates.noindex/InputView.build/Debug/InputView-t.build/InputView.DependencyStaticMetadataFileList --swift-const-vals-list /Users/buddhirajgautam/Library/Developer/Xcode/DerivedData/Telegram-Mac-fygdgghdgmuleoelvxabfmqiotta/Build/Intermediates.noindex/InputView.build/Debug/InputView-t.build/Objects-normal/arm64/InputView.SwiftConstValuesFileList --force --compile-time-extraction --deployment-aware-processing --no-app-shortcuts-localization
2026-09-21 20:25:52.066 appintentsmetadataprocessor[57033:3891947] Starting appintentsmetadataprocessor export
2026-09-21 20:25:52.292 appintentsmetadataprocessor[57033:3891947] Extracted no relevant App Intents symbols, skipping writing output

ExtractAppIntentsMetadata (in target 'ThemeSettings' from project 'ThemeSettings')
    cd /Users/buddhirajgautam/Documents/Cherrygram-Mac/macOS-Swift/packages/ThemeSettings
    /Applications/Xcode.app/Contents/Developer/Toolchains/XcodeDefault.xctoolchain/usr/bin/appintentsmetadataprocessor --toolchain-dir /var/run/com.apple.security.cryptexd/mnt/com.apple.MobileAsset.MetalToolchain-v27.1.266.1.Pr1pMU/Metal.xctoolchain --module-name ThemeSettings --sdk-root /Applications/Xcode.app/Contents/Developer/Platforms/MacOSX.platform/Developer/SDKs/MacOSX27.0.sdk --xcode-version 27A266a --platform-family macOS --deployment-target 12.0 --bundle-identifier themesettings.ThemeSettings --output /Users/buddhirajgautam/Library/Developer/Xcode/DerivedData/Telegram-Mac-fygdgghdgmuleoelvxabfmqiotta/Build/Products/Debug/ThemeSettings.appintents --target-triple arm64-apple-macos12.0 --binary-file /Users/buddhirajgautam/Library/Developer/Xcode/DerivedData/Telegram-Mac-fygdgghdgmuleoelvxabfmqiotta/Build/Products/Debug/ThemeSettings.o --dependency-file /Users/buddhirajgautam/Library/Developer/Xcode/DerivedData/Telegram-Mac-fygdgghdgmuleoelvxabfmqiotta/Build/Intermediates.noindex/ThemeSettings.build/Debug/ThemeSettings-t.build/Objects-normal/arm64/ThemeSettings_dependency_info.dat --stringsdata-file /Users/buddhirajgautam/Library/Developer/Xcode/DerivedData/Telegram-Mac-fygdgghdgmuleoelvxabfmqiotta/Build/Intermediates.noindex/ThemeSettings.build/Debug/ThemeSettings-t.build/Objects-normal/arm64/ExtractedAppShortcutsMetadata.stringsdata --source-file-list /Users/buddhirajgautam/Library/Developer/Xcode/DerivedData/Telegram-Mac-fygdgghdgmuleoelvxabfmqiotta/Build/Intermediates.noindex/ThemeSettings.build/Debug/ThemeSettings-t.build/Objects-normal/arm64/ThemeSettings.SwiftFileList --metadata-file-list /Users/buddhirajgautam/Library/Developer/Xcode/DerivedData/Telegram-Mac-fygdgghdgmuleoelvxabfmqiotta/Build/Intermediates.noindex/ThemeSettings.build/Debug/ThemeSettings-t.build/ThemeSettings.DependencyMetadataFileList --static-metadata-file-list /Users/buddhirajgautam/Library/Developer/Xcode/DerivedData/Telegram-Mac-fygdgghdgmuleoelvxabfmqiotta/Build/Intermediates.noindex/ThemeSettings.build/Debug/ThemeSettings-t.build/ThemeSettings.DependencyStaticMetadataFileList --swift-const-vals-list /Users/buddhirajgautam/Library/Developer/Xcode/DerivedData/Telegram-Mac-fygdgghdgmuleoelvxabfmqiotta/Build/Intermediates.noindex/ThemeSettings.build/Debug/ThemeSettings-t.build/Objects-normal/arm64/ThemeSettings.SwiftConstValuesFileList --force --compile-time-extraction --deployment-aware-processing --no-app-shortcuts-localization
2026-09-21 20:25:52.063 appintentsmetadataprocessor[57035:3891949] Starting appintentsmetadataprocessor export
2026-09-21 20:25:52.243 appintentsmetadataprocessor[57035:3891949] Extracted no relevant App Intents symbols, skipping writing output

ExtractAppIntentsMetadata (in target 'Reactions' from project 'Reactions')
    cd /Users/buddhirajgautam/Documents/Cherrygram-Mac/macOS-Swift/packages/Reactions
    /Applications/Xcode.app/Contents/Developer/Toolchains/XcodeDefault.xctoolchain/usr/bin/appintentsmetadataprocessor --toolchain-dir /var/run/com.apple.security.cryptexd/mnt/com.apple.MobileAsset.MetalToolchain-v27.1.266.1.Pr1pMU/Metal.xctoolchain --module-name Reactions --sdk-root /Applications/Xcode.app/Contents/Developer/Platforms/MacOSX.platform/Developer/SDKs/MacOSX27.0.sdk --xcode-version 27A266a --platform-family macOS --deployment-target 12.0 --bundle-identifier reactions.Reactions --output /Users/buddhirajgautam/Library/Developer/Xcode/DerivedData/Telegram-Mac-fygdgghdgmuleoelvxabfmqiotta/Build/Products/Debug/Reactions.appintents --target-triple arm64-apple-macos12.0 --binary-file /Users/buddhirajgautam/Library/Developer/Xcode/DerivedData/Telegram-Mac-fygdgghdgmuleoelvxabfmqiotta/Build/Products/Debug/Reactions.o --dependency-file /Users/buddhirajgautam/Library/Developer/Xcode/DerivedData/Telegram-Mac-fygdgghdgmuleoelvxabfmqiotta/Build/Intermediates.noindex/Reactions.build/Debug/Reactions-t.build/Objects-normal/arm64/Reactions_dependency_info.dat --stringsdata-file /Users/buddhirajgautam/Library/Developer/Xcode/DerivedData/Telegram-Mac-fygdgghdgmuleoelvxabfmqiotta/Build/Intermediates.noindex/Reactions.build/Debug/Reactions-t.build/Objects-normal/arm64/ExtractedAppShortcutsMetadata.stringsdata --source-file-list /Users/buddhirajgautam/Library/Developer/Xcode/DerivedData/Telegram-Mac-fygdgghdgmuleoelvxabfmqiotta/Build/Intermediates.noindex/Reactions.build/Debug/Reactions-t.build/Objects-normal/arm64/Reactions.SwiftFileList --metadata-file-list /Users/buddhirajgautam/Library/Developer/Xcode/DerivedData/Telegram-Mac-fygdgghdgmuleoelvxabfmqiotta/Build/Intermediates.noindex/Reactions.build/Debug/Reactions-t.build/Reactions.DependencyMetadataFileList --static-metadata-file-list /Users/buddhirajgautam/Library/Developer/Xcode/DerivedData/Telegram-Mac-fygdgghdgmuleoelvxabfmqiotta/Build/Intermediates.noindex/Reactions.build/Debug/Reactions-t.build/Reactions.DependencyStaticMetadataFileList --swift-const-vals-list /Users/buddhirajgautam/Library/Developer/Xcode/DerivedData/Telegram-Mac-fygdgghdgmuleoelvxabfmqiotta/Build/Intermediates.noindex/Reactions.build/Debug/Reactions-t.build/Objects-normal/arm64/Reactions.SwiftConstValuesFileList --force --compile-time-extraction --deployment-aware-processing --no-app-shortcuts-localization
2026-09-21 20:25:52.060 appintentsmetadataprocessor[57034:3891948] Starting appintentsmetadataprocessor export
2026-09-21 20:25:52.244 appintentsmetadataprocessor[57034:3891948] Extracted no relevant App Intents symbols, skipping writing output

ExtractAppIntentsMetadata (in target 'DustLayer' from project 'DustLayer')
    cd /Users/buddhirajgautam/Documents/Cherrygram-Mac/macOS-Swift/packages/DustLayer
    /Applications/Xcode.app/Contents/Developer/Toolchains/XcodeDefault.xctoolchain/usr/bin/appintentsmetadataprocessor --toolchain-dir /var/run/com.apple.security.cryptexd/mnt/com.apple.MobileAsset.MetalToolchain-v27.1.266.1.Pr1pMU/Metal.xctoolchain --module-name DustLayer --sdk-root /Applications/Xcode.app/Contents/Developer/Platforms/MacOSX.platform/Developer/SDKs/MacOSX27.0.sdk --xcode-version 27A266a --platform-family macOS --deployment-target 12.0 --bundle-identifier dustlayer.DustLayer --output /Users/buddhirajgautam/Library/Developer/Xcode/DerivedData/Telegram-Mac-fygdgghdgmuleoelvxabfmqiotta/Build/Products/Debug/DustLayer.appintents --target-triple arm64-apple-macos12.0 --binary-file /Users/buddhirajgautam/Library/Developer/Xcode/DerivedData/Telegram-Mac-fygdgghdgmuleoelvxabfmqiotta/Build/Products/Debug/DustLayer.o --dependency-file /Users/buddhirajgautam/Library/Developer/Xcode/DerivedData/Telegram-Mac-fygdgghdgmuleoelvxabfmqiotta/Build/Intermediates.noindex/DustLayer.build/Debug/DustLayer-t.build/Objects-normal/arm64/DustLayer_dependency_info.dat --stringsdata-file /Users/buddhirajgautam/Library/Developer/Xcode/DerivedData/Telegram-Mac-fygdgghdgmuleoelvxabfmqiotta/Build/Intermediates.noindex/DustLayer.build/Debug/DustLayer-t.build/Objects-normal/arm64/ExtractedAppShortcutsMetadata.stringsdata --source-file-list /Users/buddhirajgautam/Library/Developer/Xcode/DerivedData/Telegram-Mac-fygdgghdgmuleoelvxabfmqiotta/Build/Intermediates.noindex/DustLayer.build/Debug/DustLayer-t.build/Objects-normal/arm64/DustLayer.SwiftFileList --metadata-file-list /Users/buddhirajgautam/Library/Developer/Xcode/DerivedData/Telegram-Mac-fygdgghdgmuleoelvxabfmqiotta/Build/Intermediates.noindex/DustLayer.build/Debug/DustLayer-t.build/DustLayer.DependencyMetadataFileList --static-metadata-file-list /Users/buddhirajgautam/Library/Developer/Xcode/DerivedData/Telegram-Mac-fygdgghdgmuleoelvxabfmqiotta/Build/Intermediates.noindex/DustLayer.build/Debug/DustLayer-t.build/DustLayer.DependencyStaticMetadataFileList --swift-const-vals-list /Users/buddhirajgautam/Library/Developer/Xcode/DerivedData/Telegram-Mac-fygdgghdgmuleoelvxabfmqiotta/Build/Intermediates.noindex/DustLayer.build/Debug/DustLayer-t.build/Objects-normal/arm64/DustLayer.SwiftConstValuesFileList --force --compile-time-extraction --deployment-aware-processing --no-app-shortcuts-localization
2026-09-21 20:25:52.064 appintentsmetadataprocessor[57036:3891950] Starting appintentsmetadataprocessor export
2026-09-21 20:25:52.228 appintentsmetadataprocessor[57036:3891950] Extracted no relevant App Intents symbols, skipping writing output

ExtractAppIntentsMetadata (in target 'CallVideoLayer' from project 'CallVideoLayer')
    cd /Users/buddhirajgautam/Documents/Cherrygram-Mac/macOS-Swift/packages/CallVideoLayer
    /Applications/Xcode.app/Contents/Developer/Toolchains/XcodeDefault.xctoolchain/usr/bin/appintentsmetadataprocessor --toolchain-dir /var/run/com.apple.security.cryptexd/mnt/com.apple.MobileAsset.MetalToolchain-v27.1.266.1.Pr1pMU/Metal.xctoolchain --module-name CallVideoLayer --sdk-root /Applications/Xcode.app/Contents/Developer/Platforms/MacOSX.platform/Developer/SDKs/MacOSX27.0.sdk --xcode-version 27A266a --platform-family macOS --deployment-target 12.0 --bundle-identifier callvideolayer.CallVideoLayer --output /Users/buddhirajgautam/Library/Developer/Xcode/DerivedData/Telegram-Mac-fygdgghdgmuleoelvxabfmqiotta/Build/Products/Debug/CallVideoLayer.appintents --target-triple arm64-apple-macos12.0 --binary-file /Users/buddhirajgautam/Library/Developer/Xcode/DerivedData/Telegram-Mac-fygdgghdgmuleoelvxabfmqiotta/Build/Products/Debug/CallVideoLayer.o --dependency-file /Users/buddhirajgautam/Library/Developer/Xcode/DerivedData/Telegram-Mac-fygdgghdgmuleoelvxabfmqiotta/Build/Intermediates.noindex/CallVideoLayer.build/Debug/CallVideoLayer-t.build/Objects-normal/arm64/CallVideoLayer_dependency_info.dat --stringsdata-file /Users/buddhirajgautam/Library/Developer/Xcode/DerivedData/Telegram-Mac-fygdgghdgmuleoelvxabfmqiotta/Build/Intermediates.noindex/CallVideoLayer.build/Debug/CallVideoLayer-t.build/Objects-normal/arm64/ExtractedAppShortcutsMetadata.stringsdata --source-file-list /Users/buddhirajgautam/Library/Developer/Xcode/DerivedData/Telegram-Mac-fygdgghdgmuleoelvxabfmqiotta/Build/Intermediates.noindex/CallVideoLayer.build/Debug/CallVideoLayer-t.build/Objects-normal/arm64/CallVideoLayer.SwiftFileList --metadata-file-list /Users/buddhirajgautam/Library/Developer/Xcode/DerivedData/Telegram-Mac-fygdgghdgmuleoelvxabfmqiotta/Build/Intermediates.noindex/CallVideoLayer.build/Debug/CallVideoLayer-t.build/CallVideoLayer.DependencyMetadataFileList --static-metadata-file-list /Users/buddhirajgautam/Library/Developer/Xcode/DerivedData/Telegram-Mac-fygdgghdgmuleoelvxabfmqiotta/Build/Intermediates.noindex/CallVideoLayer.build/Debug/CallVideoLayer-t.build/CallVideoLayer.DependencyStaticMetadataFileList --swift-const-vals-list /Users/buddhirajgautam/Library/Developer/Xcode/DerivedData/Telegram-Mac-fygdgghdgmuleoelvxabfmqiotta/Build/Intermediates.noindex/CallVideoLayer.build/Debug/CallVideoLayer-t.build/Objects-normal/arm64/CallVideoLayer.SwiftConstValuesFileList --force --compile-time-extraction --deployment-aware-processing --no-app-shortcuts-localization
2026-09-21 20:25:52.063 appintentsmetadataprocessor[57037:3891951] Starting appintentsmetadataprocessor export
2026-09-21 20:25:52.285 appintentsmetadataprocessor[57037:3891951] Extracted no relevant App Intents symbols, skipping writing output

ExtractAppIntentsMetadata (in target 'InAppPurchaseManager' from project 'InAppPurchaseManager')
    cd /Users/buddhirajgautam/Documents/Cherrygram-Mac/macOS-Swift/packages/InAppPurchaseManager
    /Applications/Xcode.app/Contents/Developer/Toolchains/XcodeDefault.xctoolchain/usr/bin/appintentsmetadataprocessor --toolchain-dir /var/run/com.apple.security.cryptexd/mnt/com.apple.MobileAsset.MetalToolchain-v27.1.266.1.Pr1pMU/Metal.xctoolchain --module-name InAppPurchaseManager --sdk-root /Applications/Xcode.app/Contents/Developer/Platforms/MacOSX.platform/Developer/SDKs/MacOSX27.0.sdk --xcode-version 27A266a --platform-family macOS --deployment-target 12.0 --bundle-identifier inapppurchasemanager.InAppPurchaseManager --output /Users/buddhirajgautam/Library/Developer/Xcode/DerivedData/Telegram-Mac-fygdgghdgmuleoelvxabfmqiotta/Build/Products/Debug/InAppPurchaseManager.appintents --target-triple arm64-apple-macos12.0 --binary-file /Users/buddhirajgautam/Library/Developer/Xcode/DerivedData/Telegram-Mac-fygdgghdgmuleoelvxabfmqiotta/Build/Products/Debug/InAppPurchaseManager.o --dependency-file /Users/buddhirajgautam/Library/Developer/Xcode/DerivedData/Telegram-Mac-fygdgghdgmuleoelvxabfmqiotta/Build/Intermediates.noindex/InAppPurchaseManager.build/Debug/InAppPurchaseManager-t.build/Objects-normal/arm64/InAppPurchaseManager_dependency_info.dat --stringsdata-file /Users/buddhirajgautam/Library/Developer/Xcode/DerivedData/Telegram-Mac-fygdgghdgmuleoelvxabfmqiotta/Build/Intermediates.noindex/InAppPurchaseManager.build/Debug/InAppPurchaseManager-t.build/Objects-normal/arm64/ExtractedAppShortcutsMetadata.stringsdata --source-file-list /Users/buddhirajgautam/Library/Developer/Xcode/DerivedData/Telegram-Mac-fygdgghdgmuleoelvxabfmqiotta/Build/Intermediates.noindex/InAppPurchaseManager.build/Debug/InAppPurchaseManager-t.build/Objects-normal/arm64/InAppPurchaseManager.SwiftFileList --metadata-file-list /Users/buddhirajgautam/Library/Developer/Xcode/DerivedData/Telegram-Mac-fygdgghdgmuleoelvxabfmqiotta/Build/Intermediates.noindex/InAppPurchaseManager.build/Debug/InAppPurchaseManager-t.build/InAppPurchaseManager.DependencyMetadataFileList --static-metadata-file-list /Users/buddhirajgautam/Library/Developer/Xcode/DerivedData/Telegram-Mac-fygdgghdgmuleoelvxabfmqiotta/Build/Intermediates.noindex/InAppPurchaseManager.build/Debug/InAppPurchaseManager-t.build/InAppPurchaseManager.DependencyStaticMetadataFileList --swift-const-vals-list /Users/buddhirajgautam/Library/Developer/Xcode/DerivedData/Telegram-Mac-fygdgghdgmuleoelvxabfmqiotta/Build/Intermediates.noindex/InAppPurchaseManager.build/Debug/InAppPurchaseManager-t.build/Objects-normal/arm64/InAppPurchaseManager.SwiftConstValuesFileList --force --compile-time-extraction --deployment-aware-processing --no-app-shortcuts-localization
2026-09-21 20:25:52.075 appintentsmetadataprocessor[57038:3891952] Starting appintentsmetadataprocessor export
2026-09-21 20:25:52.381 appintentsmetadataprocessor[57038:3891952] Extracted no relevant App Intents symbols, skipping writing output

Ld /Users/buddhirajgautam/Library/Developer/Xcode/DerivedData/Telegram-Mac-fygdgghdgmuleoelvxabfmqiotta/Build/Products/Debug/FirebaseAnalyticsTarget.o normal (in target 'FirebaseAnalyticsTarget' from project 'Firebase')
    cd /Users/buddhirajgautam/Library/Developer/Xcode/DerivedData/Telegram-Mac-fygdgghdgmuleoelvxabfmqiotta/SourcePackages/checkouts/firebase-ios-sdk
    /Applications/Xcode.app/Contents/Developer/Toolchains/XcodeDefault.xctoolchain/usr/bin/clang -Xlinker -reproducible -target arm64-apple-macos12.0 -r -isysroot /Applications/Xcode.app/Contents/Developer/Platforms/MacOSX.platform/Developer/SDKs/MacOSX27.0.sdk -O0 -w -Xlinker -no_warn_duplicate_libraries -F/Users/buddhirajgautam/Library/Developer/Xcode/DerivedData/Telegram-Mac-fygdgghdgmuleoelvxabfmqiotta/Build/Intermediates.noindex/EagerLinkingTBDs/Debug -F/Users/buddhirajgautam/Library/Developer/Xcode/DerivedData/Telegram-Mac-fygdgghdgmuleoelvxabfmqiotta/Build/Products/Debug/PackageFrameworks -F/Users/buddhirajgautam/Library/Developer/Xcode/DerivedData/Telegram-Mac-fygdgghdgmuleoelvxabfmqiotta/Build/Products/Debug -iframework /Applications/Xcode.app/Contents/Developer/Platforms/MacOSX.platform/Developer/Library/Frameworks -filelist /Users/buddhirajgautam/Library/Developer/Xcode/DerivedData/Telegram-Mac-fygdgghdgmuleoelvxabfmqiotta/Build/Intermediates.noindex/Firebase.build/Debug/FirebaseAnalyticsTarget-t.build/Objects-normal/arm64/FirebaseAnalyticsTarget.LinkFileList -nostdlib -Xlinker -object_path_lto -Xlinker /Users/buddhirajgautam/Library/Developer/Xcode/DerivedData/Telegram-Mac-fygdgghdgmuleoelvxabfmqiotta/Build/Intermediates.noindex/Firebase.build/Debug/FirebaseAnalyticsTarget-t.build/Objects-normal/arm64/FirebaseAnalyticsTarget_lto.o -Xlinker -no_deduplicate -Xlinker -debug_variant -Xlinker -dependency_info -Xlinker /Users/buddhirajgautam/Library/Developer/Xcode/DerivedData/Telegram-Mac-fygdgghdgmuleoelvxabfmqiotta/Build/Intermediates.noindex/Firebase.build/Debug/FirebaseAnalyticsTarget-t.build/Objects-normal/arm64/FirebaseAnalyticsTarget_dependency_info.dat -fobjc-arc -fobjc-link-runtime -o /Users/buddhirajgautam/Library/Developer/Xcode/DerivedData/Telegram-Mac-fygdgghdgmuleoelvxabfmqiotta/Build/Products/Debug/FirebaseAnalyticsTarget.o

Ld /Users/buddhirajgautam/Library/Developer/Xcode/DerivedData/Telegram-Mac-fygdgghdgmuleoelvxabfmqiotta/Build/Products/Debug/TelegramMedia.o normal (in target 'TelegramMedia' from project 'TelegramMedia')
    cd /Users/buddhirajgautam/Documents/Cherrygram-Mac/macOS-Swift/packages/TelegramMedia
    /Applications/Xcode.app/Contents/Developer/Toolchains/XcodeDefault.xctoolchain/usr/bin/clang -Xlinker -reproducible -target arm64-apple-macos12.0 -r -isysroot /Applications/Xcode.app/Contents/Developer/Platforms/MacOSX.platform/Developer/SDKs/MacOSX27.0.sdk -O0 -Xlinker -no_warn_duplicate_libraries -F/Users/buddhirajgautam/Library/Developer/Xcode/DerivedData/Telegram-Mac-fygdgghdgmuleoelvxabfmqiotta/Build/Intermediates.noindex/EagerLinkingTBDs/Debug -F/Users/buddhirajgautam/Library/Developer/Xcode/DerivedData/Telegram-Mac-fygdgghdgmuleoelvxabfmqiotta/Build/Products/Debug/PackageFrameworks -F/Users/buddhirajgautam/Library/Developer/Xcode/DerivedData/Telegram-Mac-fygdgghdgmuleoelvxabfmqiotta/Build/Products/Debug -iframework /Applications/Xcode.app/Contents/Developer/Platforms/MacOSX.platform/Developer/Library/Frameworks -filelist /Users/buddhirajgautam/Library/Developer/Xcode/DerivedData/Telegram-Mac-fygdgghdgmuleoelvxabfmqiotta/Build/Intermediates.noindex/TelegramMedia.build/Debug/TelegramMedia-t.build/Objects-normal/arm64/TelegramMedia.LinkFileList -nostdlib -Xlinker -object_path_lto -Xlinker /Users/buddhirajgautam/Library/Developer/Xcode/DerivedData/Telegram-Mac-fygdgghdgmuleoelvxabfmqiotta/Build/Intermediates.noindex/TelegramMedia.build/Debug/TelegramMedia-t.build/Objects-normal/arm64/TelegramMedia_lto.o -Xlinker -no_deduplicate -Xlinker -debug_variant -Xlinker -dependency_info -Xlinker /Users/buddhirajgautam/Library/Developer/Xcode/DerivedData/Telegram-Mac-fygdgghdgmuleoelvxabfmqiotta/Build/Intermediates.noindex/TelegramMedia.build/Debug/TelegramMedia-t.build/Objects-normal/arm64/TelegramMedia_dependency_info.dat -fobjc-link-runtime -L/Applications/Xcode.app/Contents/Developer/Toolchains/XcodeDefault.xctoolchain/usr/lib/swift/macosx -L/usr/lib/swift -Xlinker -add_ast_path -Xlinker /Users/buddhirajgautam/Library/Developer/Xcode/DerivedData/Telegram-Mac-fygdgghdgmuleoelvxabfmqiotta/Build/Intermediates.noindex/TelegramMedia.build/Debug/TelegramMedia-t.build/Objects-normal/arm64/TelegramMedia.swiftmodule -o /Users/buddhirajgautam/Library/Developer/Xcode/DerivedData/Telegram-Mac-fygdgghdgmuleoelvxabfmqiotta/Build/Products/Debug/TelegramMedia.o

CpResource /Users/buddhirajgautam/Library/Developer/Xcode/DerivedData/Telegram-Mac-fygdgghdgmuleoelvxabfmqiotta/Build/Products/Debug/TelegramShare.appex/Contents/Resources/duck_uploads.tgs /Users/buddhirajgautam/Documents/Cherrygram-Mac/macOS-Swift/Telegram-Mac/tgs/duck_uploads.tgs (in target 'TelegramShare' from project 'Telegram')
    cd /Users/buddhirajgautam/Documents/Cherrygram-Mac/macOS-Swift
    builtin-copy -exclude .DS_Store -exclude CVS -exclude .svn -exclude .git -exclude .hg -resolve-src-symlinks /Users/buddhirajgautam/Documents/Cherrygram-Mac/macOS-Swift/Telegram-Mac/tgs/duck_uploads.tgs /Users/buddhirajgautam/Library/Developer/Xcode/DerivedData/Telegram-Mac-fygdgghdgmuleoelvxabfmqiotta/Build/Products/Debug/TelegramShare.appex/Contents/Resources

CpResource /Users/buddhirajgautam/Library/Developer/Xcode/DerivedData/Telegram-Mac-fygdgghdgmuleoelvxabfmqiotta/Build/Products/Debug/TelegramShare.appex/Contents/Resources/duck_upload_complete.tgs /Users/buddhirajgautam/Documents/Cherrygram-Mac/macOS-Swift/Telegram-Mac/tgs/duck_upload_complete.tgs (in target 'TelegramShare' from project 'Telegram')
    cd /Users/buddhirajgautam/Documents/Cherrygram-Mac/macOS-Swift
    builtin-copy -exclude .DS_Store -exclude CVS -exclude .svn -exclude .git -exclude .hg -resolve-src-symlinks /Users/buddhirajgautam/Documents/Cherrygram-Mac/macOS-Swift/Telegram-Mac/tgs/duck_upload_complete.tgs /Users/buddhirajgautam/Library/Developer/Xcode/DerivedData/Telegram-Mac-fygdgghdgmuleoelvxabfmqiotta/Build/Products/Debug/TelegramShare.appex/Contents/Resources

CpResource /Users/buddhirajgautam/Library/Developer/Xcode/DerivedData/Telegram-Mac-fygdgghdgmuleoelvxabfmqiotta/Build/Products/Debug/TelegramShare.appex/Contents/Resources/icon.icns /Users/buddhirajgautam/Documents/Cherrygram-Mac/macOS-Swift/TelegramShare/icon.icns (in target 'TelegramShare' from project 'Telegram')
    cd /Users/buddhirajgautam/Documents/Cherrygram-Mac/macOS-Swift
    builtin-copy -exclude .DS_Store -exclude CVS -exclude .svn -exclude .git -exclude .hg -resolve-src-symlinks /Users/buddhirajgautam/Documents/Cherrygram-Mac/macOS-Swift/TelegramShare/icon.icns /Users/buddhirajgautam/Library/Developer/Xcode/DerivedData/Telegram-Mac-fygdgghdgmuleoelvxabfmqiotta/Build/Products/Debug/TelegramShare.appex/Contents/Resources

Ld /Users/buddhirajgautam/Library/Developer/Xcode/DerivedData/Telegram-Mac-fygdgghdgmuleoelvxabfmqiotta/Build/Products/Debug/TelegramShare.appex/Contents/MacOS/__preview.dylib normal (in target 'TelegramShare' from project 'Telegram')
    cd /Users/buddhirajgautam/Documents/Cherrygram-Mac/macOS-Swift
    /Applications/Xcode.app/Contents/Developer/Toolchains/XcodeDefault.xctoolchain/usr/bin/clang -Xlinker -reproducible -target arm64-apple-macos12.0 -dynamiclib -isysroot /Applications/Xcode.app/Contents/Developer/Platforms/MacOSX.platform/Developer/SDKs/MacOSX27.0.sdk -O0 -Xlinker -no_warn_duplicate_libraries -L/Users/buddhirajgautam/Library/Developer/Xcode/DerivedData/Telegram-Mac-fygdgghdgmuleoelvxabfmqiotta/Build/Products/Debug -L/Users/buddhirajgautam/Documents/Cherrygram-Mac/macOS-Swift/core-xprojects/ffmpeg/build/ffmpeg/lib -L/Users/buddhirajgautam/Documents/Cherrygram-Mac/macOS-Swift/core-xprojects/Mozjpeg/build -L/Users/buddhirajgautam/Documents/Cherrygram-Mac/macOS-Swift/core-xprojects/openssl/build/openssl/lib -L/Users/buddhirajgautam/Documents/Cherrygram-Mac/macOS-Swift/core-xprojects/libopus/build/libopus/lib -L/Users/buddhirajgautam/Documents/Cherrygram-Mac/macOS-Swift/core-xprojects/libvpx/build/libvpx/lib -L/Users/buddhirajgautam/Documents/Cherrygram-Mac/macOS-Swift/core-xprojects/libwebp/build/libwebp/lib -L/Users/buddhirajgautam/Documents/Cherrygram-Mac/macOS-Swift/core-xprojects/dav1d/build/dav1d/lib -F/Users/buddhirajgautam/Library/Developer/Xcode/DerivedData/Telegram-Mac-fygdgghdgmuleoelvxabfmqiotta/Build/Products/Debug/PackageFrameworks -F/Users/buddhirajgautam/Library/Developer/Xcode/DerivedData/Telegram-Mac-fygdgghdgmuleoelvxabfmqiotta/Build/Products/Debug -install_name @rpath/TelegramShare.debug.dylib -Xlinker -no_deduplicate -Xlinker -debug_variant -Xlinker -dependency_info -Xlinker /Users/buddhirajgautam/Library/Developer/Xcode/DerivedData/Telegram-Mac-fygdgghdgmuleoelvxabfmqiotta/Build/Intermediates.noindex/Telegram.build/Debug/TelegramShare.build/Objects-normal/arm64/TelegramShare_dependency_info.dat -o /Users/buddhirajgautam/Library/Developer/Xcode/DerivedData/Telegram-Mac-fygdgghdgmuleoelvxabfmqiotta/Build/Products/Debug/TelegramShare.appex/Contents/MacOS/__preview.dylib

Ld /Users/buddhirajgautam/Library/Developer/Xcode/DerivedData/Telegram-Mac-fygdgghdgmuleoelvxabfmqiotta/Build/Products/Debug/TelegramShare.appex/Contents/MacOS/TelegramShare.debug.dylib normal (in target 'TelegramShare' from project 'Telegram')
    cd /Users/buddhirajgautam/Documents/Cherrygram-Mac/macOS-Swift
    /Applications/Xcode.app/Contents/Developer/Toolchains/XcodeDefault.xctoolchain/usr/bin/clang -Xlinker -reproducible -target arm64-apple-macos12.0 -dynamiclib -isysroot /Applications/Xcode.app/Contents/Developer/Platforms/MacOSX.platform/Developer/SDKs/MacOSX27.0.sdk -O0 -Xlinker -no_warn_duplicate_libraries -L/Users/buddhirajgautam/Library/Developer/Xcode/DerivedData/Telegram-Mac-fygdgghdgmuleoelvxabfmqiotta/Build/Intermediates.noindex/EagerLinkingTBDs/Debug -L/Users/buddhirajgautam/Library/Developer/Xcode/DerivedData/Telegram-Mac-fygdgghdgmuleoelvxabfmqiotta/Build/Products/Debug -L/Users/buddhirajgautam/Documents/Cherrygram-Mac/macOS-Swift/core-xprojects/ffmpeg/build/ffmpeg/lib -L/Users/buddhirajgautam/Documents/Cherrygram-Mac/macOS-Swift/core-xprojects/Mozjpeg/build -L/Users/buddhirajgautam/Documents/Cherrygram-Mac/macOS-Swift/core-xprojects/openssl/build/openssl/lib -L/Users/buddhirajgautam/Documents/Cherrygram-Mac/macOS-Swift/core-xprojects/libopus/build/libopus/lib -L/Users/buddhirajgautam/Documents/Cherrygram-Mac/macOS-Swift/core-xprojects/libvpx/build/libvpx/lib -L/Users/buddhirajgautam/Documents/Cherrygram-Mac/macOS-Swift/core-xprojects/libwebp/build/libwebp/lib -L/Users/buddhirajgautam/Documents/Cherrygram-Mac/macOS-Swift/core-xprojects/dav1d/build/dav1d/lib -F/Users/buddhirajgautam/Library/Developer/Xcode/DerivedData/Telegram-Mac-fygdgghdgmuleoelvxabfmqiotta/Build/Intermediates.noindex/EagerLinkingTBDs/Debug -F/Users/buddhirajgautam/Library/Developer/Xcode/DerivedData/Telegram-Mac-fygdgghdgmuleoelvxabfmqiotta/Build/Products/Debug/PackageFrameworks -F/Users/buddhirajgautam/Library/Developer/Xcode/DerivedData/Telegram-Mac-fygdgghdgmuleoelvxabfmqiotta/Build/Products/Debug -filelist /Users/buddhirajgautam/Library/Developer/Xcode/DerivedData/Telegram-Mac-fygdgghdgmuleoelvxabfmqiotta/Build/Intermediates.noindex/Telegram.build/Debug/TelegramShare.build/Objects-normal/arm64/TelegramShare.LinkFileList -install_name @rpath/TelegramShare.debug.dylib -Xlinker -rpath -Xlinker /usr/lib/swift -Xlinker -rpath -Xlinker @loader_path -Xlinker -rpath -Xlinker /Users/buddhirajgautam/Library/Developer/Xcode/DerivedData/Telegram-Mac-fygdgghdgmuleoelvxabfmqiotta/Build/Products/Debug/PackageFrameworks -Xlinker -rpath -Xlinker @executable_path/../Frameworks -Xlinker -rpath -Xlinker @executable_path/../../../../Frameworks -Xlinker -object_path_lto -Xlinker /Users/buddhirajgautam/Library/Developer/Xcode/DerivedData/Telegram-Mac-fygdgghdgmuleoelvxabfmqiotta/Build/Intermediates.noindex/Telegram.build/Debug/TelegramShare.build/Objects-normal/arm64/TelegramShare_lto.o -rdynamic -Xlinker -no_deduplicate -Xlinker -debug_variant -Xlinker -dependency_info -Xlinker /Users/buddhirajgautam/Library/Developer/Xcode/DerivedData/Telegram-Mac-fygdgghdgmuleoelvxabfmqiotta/Build/Intermediates.noindex/Telegram.build/Debug/TelegramShare.build/Objects-normal/arm64/TelegramShare_dependency_info.dat -fapplication-extension -fobjc-link-runtime -fprofile-instr-generate -L/Applications/Xcode.app/Contents/Developer/Toolchains/XcodeDefault.xctoolchain/usr/lib/swift/macosx -L/usr/lib/swift -Xlinker -add_ast_path -Xlinker /Users/buddhirajgautam/Library/Developer/Xcode/DerivedData/Telegram-Mac-fygdgghdgmuleoelvxabfmqiotta/Build/Intermediates.noindex/Telegram.build/Debug/TelegramShare.build/Objects-normal/arm64/TelegramShare.swiftmodule -lc++ -lc++ -lc++ -Xlinker -alias -Xlinker _NSExtensionMain -Xlinker ___debug_main_executable_dylib_entry_point -lswresample -lsharpyuv -lavcodec -lssl -ldav1d -ljpeg -lavformat -lcrypto -lbz2.1.0 -ljpeg -ljpeg -lavutil -lwebp -framework RLottie -ljpeg -liconv -lwebpdecoder -lwebpdemux -lopus -lvpx -o /Users/buddhirajgautam/Library/Developer/Xcode/DerivedData/Telegram-Mac-fygdgghdgmuleoelvxabfmqiotta/Build/Products/Debug/TelegramShare.appex/Contents/MacOS/TelegramShare.debug.dylib
/Users/buddhirajgautam/Documents/Cherrygram-Mac/macOS-Swift/Telegram.xcodeproj: TelegramShare: ld: warning: reducing alignment of section __DATA,__common from 0x8000 to 0x4000 because it exceeds segment maximum alignment

CpResource /Users/buddhirajgautam/Library/Developer/Xcode/DerivedData/Telegram-Mac-fygdgghdgmuleoelvxabfmqiotta/Build/Products/Debug/TelegramShare.appex/Contents/Resources/SFCompactRounded-Semibold.otf /Users/buddhirajgautam/Documents/Cherrygram-Mac/macOS-Swift/Telegram-Mac/SFCompactRounded-Semibold.otf (in target 'TelegramShare' from project 'Telegram')
    cd /Users/buddhirajgautam/Documents/Cherrygram-Mac/macOS-Swift
    builtin-copy -exclude .DS_Store -exclude CVS -exclude .svn -exclude .git -exclude .hg -resolve-src-symlinks /Users/buddhirajgautam/Documents/Cherrygram-Mac/macOS-Swift/Telegram-Mac/SFCompactRounded-Semibold.otf /Users/buddhirajgautam/Library/Developer/Xcode/DerivedData/Telegram-Mac-fygdgghdgmuleoelvxabfmqiotta/Build/Products/Debug/TelegramShare.appex/Contents/Resources

CpResource /Users/buddhirajgautam/Library/Developer/Xcode/DerivedData/Telegram-Mac-fygdgghdgmuleoelvxabfmqiotta/Build/Products/Debug/TelegramShare.appex/Contents/Resources/duck_passcode.tgs /Users/buddhirajgautam/Documents/Cherrygram-Mac/macOS-Swift/Telegram-Mac/tgs/duck_passcode.tgs (in target 'TelegramShare' from project 'Telegram')
    cd /Users/buddhirajgautam/Documents/Cherrygram-Mac/macOS-Swift
    builtin-copy -exclude .DS_Store -exclude CVS -exclude .svn -exclude .git -exclude .hg -resolve-src-symlinks /Users/buddhirajgautam/Documents/Cherrygram-Mac/macOS-Swift/Telegram-Mac/tgs/duck_passcode.tgs /Users/buddhirajgautam/Library/Developer/Xcode/DerivedData/Telegram-Mac-fygdgghdgmuleoelvxabfmqiotta/Build/Products/Debug/TelegramShare.appex/Contents/Resources

CopyStringsFile /Users/buddhirajgautam/Library/Developer/Xcode/DerivedData/Telegram-Mac-fygdgghdgmuleoelvxabfmqiotta/Build/Products/Debug/TelegramShare.appex/Contents/Resources/uk.lproj/Localizable.strings /Users/buddhirajgautam/Documents/Cherrygram-Mac/macOS-Swift/Telegram-Mac/uk.lproj/Localizable.strings (in target 'TelegramShare' from project 'Telegram')
    cd /Users/buddhirajgautam/Documents/Cherrygram-Mac/macOS-Swift
    builtin-copyStrings --validate --inputencoding utf-16 --outputencoding UTF-16 --outfilename Localizable.strings --outdir /Users/buddhirajgautam/Library/Developer/Xcode/DerivedData/Telegram-Mac-fygdgghdgmuleoelvxabfmqiotta/Build/Products/Debug/TelegramShare.appex/Contents/Resources/uk.lproj -- /Users/buddhirajgautam/Documents/Cherrygram-Mac/macOS-Swift/Telegram-Mac/uk.lproj/Localizable.strings

CopyStringsFile /Users/buddhirajgautam/Library/Developer/Xcode/DerivedData/Telegram-Mac-fygdgghdgmuleoelvxabfmqiotta/Build/Products/Debug/TelegramShare.appex/Contents/Resources/ru.lproj/Localizable.strings /Users/buddhirajgautam/Documents/Cherrygram-Mac/macOS-Swift/Telegram-Mac/ru.lproj/Localizable.strings (in target 'TelegramShare' from project 'Telegram')
    cd /Users/buddhirajgautam/Documents/Cherrygram-Mac/macOS-Swift
    builtin-copyStrings --validate --inputencoding utf-16 --outputencoding UTF-16 --outfilename Localizable.strings --outdir /Users/buddhirajgautam/Library/Developer/Xcode/DerivedData/Telegram-Mac-fygdgghdgmuleoelvxabfmqiotta/Build/Products/Debug/TelegramShare.appex/Contents/Resources/ru.lproj -- /Users/buddhirajgautam/Documents/Cherrygram-Mac/macOS-Swift/Telegram-Mac/ru.lproj/Localizable.strings

CopyStringsFile /Users/buddhirajgautam/Library/Developer/Xcode/DerivedData/Telegram-Mac-fygdgghdgmuleoelvxabfmqiotta/Build/Products/Debug/TelegramShare.appex/Contents/Resources/pt-BR.lproj/Localizable.strings /Users/buddhirajgautam/Documents/Cherrygram-Mac/macOS-Swift/Telegram-Mac/pt-BR.lproj/Localizable.strings (in target 'TelegramShare' from project 'Telegram')
    cd /Users/buddhirajgautam/Documents/Cherrygram-Mac/macOS-Swift
    builtin-copyStrings --validate --inputencoding utf-16 --outputencoding UTF-16 --outfilename Localizable.strings --outdir /Users/buddhirajgautam/Library/Developer/Xcode/DerivedData/Telegram-Mac-fygdgghdgmuleoelvxabfmqiotta/Build/Products/Debug/TelegramShare.appex/Contents/Resources/pt-BR.lproj -- /Users/buddhirajgautam/Documents/Cherrygram-Mac/macOS-Swift/Telegram-Mac/pt-BR.lproj/Localizable.strings

CopyStringsFile /Users/buddhirajgautam/Library/Developer/Xcode/DerivedData/Telegram-Mac-fygdgghdgmuleoelvxabfmqiotta/Build/Products/Debug/TelegramShare.appex/Contents/Resources/nl.lproj/Localizable.strings /Users/buddhirajgautam/Documents/Cherrygram-Mac/macOS-Swift/Telegram-Mac/nl.lproj/Localizable.strings (in target 'TelegramShare' from project 'Telegram')
    cd /Users/buddhirajgautam/Documents/Cherrygram-Mac/macOS-Swift
    builtin-copyStrings --validate --inputencoding utf-16 --outputencoding UTF-16 --outfilename Localizable.strings --outdir /Users/buddhirajgautam/Library/Developer/Xcode/DerivedData/Telegram-Mac-fygdgghdgmuleoelvxabfmqiotta/Build/Products/Debug/TelegramShare.appex/Contents/Resources/nl.lproj -- /Users/buddhirajgautam/Documents/Cherrygram-Mac/macOS-Swift/Telegram-Mac/nl.lproj/Localizable.strings

CopyStringsFile /Users/buddhirajgautam/Library/Developer/Xcode/DerivedData/Telegram-Mac-fygdgghdgmuleoelvxabfmqiotta/Build/Products/Debug/TelegramShare.appex/Contents/Resources/it.lproj/Localizable.strings /Users/buddhirajgautam/Documents/Cherrygram-Mac/macOS-Swift/Telegram-Mac/it.lproj/Localizable.strings (in target 'TelegramShare' from project 'Telegram')
    cd /Users/buddhirajgautam/Documents/Cherrygram-Mac/macOS-Swift
    builtin-copyStrings --validate --inputencoding utf-16 --outputencoding UTF-16 --outfilename Localizable.strings --outdir /Users/buddhirajgautam/Library/Developer/Xcode/DerivedData/Telegram-Mac-fygdgghdgmuleoelvxabfmqiotta/Build/Products/Debug/TelegramShare.appex/Contents/Resources/it.lproj -- /Users/buddhirajgautam/Documents/Cherrygram-Mac/macOS-Swift/Telegram-Mac/it.lproj/Localizable.strings

CopyStringsFile /Users/buddhirajgautam/Library/Developer/Xcode/DerivedData/Telegram-Mac-fygdgghdgmuleoelvxabfmqiotta/Build/Products/Debug/TelegramShare.appex/Contents/Resources/es.lproj/Localizable.strings /Users/buddhirajgautam/Documents/Cherrygram-Mac/macOS-Swift/Telegram-Mac/es.lproj/Localizable.strings (in target 'TelegramShare' from project 'Telegram')
    cd /Users/buddhirajgautam/Documents/Cherrygram-Mac/macOS-Swift
    builtin-copyStrings --validate --inputencoding utf-16 --outputencoding UTF-16 --outfilename Localizable.strings --outdir /Users/buddhirajgautam/Library/Developer/Xcode/DerivedData/Telegram-Mac-fygdgghdgmuleoelvxabfmqiotta/Build/Products/Debug/TelegramShare.appex/Contents/Resources/es.lproj -- /Users/buddhirajgautam/Documents/Cherrygram-Mac/macOS-Swift/Telegram-Mac/es.lproj/Localizable.strings

CopyStringsFile /Users/buddhirajgautam/Library/Developer/Xcode/DerivedData/Telegram-Mac-fygdgghdgmuleoelvxabfmqiotta/Build/Products/Debug/TelegramShare.appex/Contents/Resources/en.lproj/Localizable.strings /Users/buddhirajgautam/Documents/Cherrygram-Mac/macOS-Swift/Telegram-Mac/en.lproj/Localizable.strings (in target 'TelegramShare' from project 'Telegram')
    cd /Users/buddhirajgautam/Documents/Cherrygram-Mac/macOS-Swift
    builtin-copyStrings --validate --inputencoding utf-16 --outputencoding UTF-16 --outfilename Localizable.strings --outdir /Users/buddhirajgautam/Library/Developer/Xcode/DerivedData/Telegram-Mac-fygdgghdgmuleoelvxabfmqiotta/Build/Products/Debug/TelegramShare.appex/Contents/Resources/en.lproj -- /Users/buddhirajgautam/Documents/Cherrygram-Mac/macOS-Swift/Telegram-Mac/en.lproj/Localizable.strings

CopyStringsFile /Users/buddhirajgautam/Library/Developer/Xcode/DerivedData/Telegram-Mac-fygdgghdgmuleoelvxabfmqiotta/Build/Products/Debug/TelegramShare.appex/Contents/Resources/de.lproj/Localizable.strings /Users/buddhirajgautam/Documents/Cherrygram-Mac/macOS-Swift/Telegram-Mac/de.lproj/Localizable.strings (in target 'TelegramShare' from project 'Telegram')
    cd /Users/buddhirajgautam/Documents/Cherrygram-Mac/macOS-Swift
    builtin-copyStrings --validate --inputencoding utf-16 --outputencoding UTF-16 --outfilename Localizable.strings --outdir /Users/buddhirajgautam/Library/Developer/Xcode/DerivedData/Telegram-Mac-fygdgghdgmuleoelvxabfmqiotta/Build/Products/Debug/TelegramShare.appex/Contents/Resources/de.lproj -- /Users/buddhirajgautam/Documents/Cherrygram-Mac/macOS-Swift/Telegram-Mac/de.lproj/Localizable.strings

CompileXIB /Users/buddhirajgautam/Documents/Cherrygram-Mac/macOS-Swift/TelegramShare/Base.lproj/ShareViewController.xib (in target 'TelegramShare' from project 'Telegram')
    cd /Users/buddhirajgautam/Documents/Cherrygram-Mac/macOS-Swift
    /Applications/Xcode.app/Contents/Developer/usr/bin/ibtool --errors --warnings --notices --companion-strings-file es:/Users/buddhirajgautam/Documents/Cherrygram-Mac/macOS-Swift/TelegramShare/es.lproj/ShareViewController.strings --companion-strings-file de:/Users/buddhirajgautam/Documents/Cherrygram-Mac/macOS-Swift/TelegramShare/de.lproj/ShareViewController.strings --companion-strings-file it:/Users/buddhirajgautam/Documents/Cherrygram-Mac/macOS-Swift/TelegramShare/it.lproj/ShareViewController.strings --companion-strings-file nl:/Users/buddhirajgautam/Documents/Cherrygram-Mac/macOS-Swift/TelegramShare/nl.lproj/ShareViewController.strings --companion-strings-file pt-BR:/Users/buddhirajgautam/Documents/Cherrygram-Mac/macOS-Swift/TelegramShare/pt-BR.lproj/ShareViewController.strings --module TelegramShare --output-partial-info-plist /Users/buddhirajgautam/Library/Developer/Xcode/DerivedData/Telegram-Mac-fygdgghdgmuleoelvxabfmqiotta/Build/Intermediates.noindex/Telegram.build/Debug/TelegramShare.build/Base.lproj/ShareViewController-PartialInfo.plist --auto-activate-custom-fonts --target-device mac --minimum-deployment-target 12.0 --output-format human-readable-text --compile /Users/buddhirajgautam/Library/Developer/Xcode/DerivedData/Telegram-Mac-fygdgghdgmuleoelvxabfmqiotta/Build/Products/Debug/TelegramShare.appex/Contents/Resources/Base.lproj/ShareViewController.nib /Users/buddhirajgautam/Documents/Cherrygram-Mac/macOS-Swift/TelegramShare/Base.lproj/ShareViewController.xib

PhaseScriptExecution Run\ Script:\ Set\ Git\ Version\ Info /Users/buddhirajgautam/Library/Developer/Xcode/DerivedData/Telegram-Mac-fygdgghdgmuleoelvxabfmqiotta/Build/Intermediates.noindex/Sparkle.build/Debug/Sparkle.build/Script-6131B1910DDCDE32005215F0.sh (in target 'Sparkle' from project 'Sparkle')
    cd /Users/buddhirajgautam/Documents/Cherrygram-Mac/macOS-Swift/submodules/Sparkle
    /bin/sh -c /Users/buddhirajgautam/Library/Developer/Xcode/DerivedData/Telegram-Mac-fygdgghdgmuleoelvxabfmqiotta/Build/Intermediates.noindex/Sparkle.build/Debug/Sparkle.build/Script-6131B1910DDCDE32005215F0.sh
fatal: No names found, cannot describe anything.
/Users/buddhirajgautam/Documents/Cherrygram-Mac/macOS-Swift/submodules/Sparkle/Configurations/set-git-version-info.sh: Can't find a Git hash!

ExtractAppIntentsMetadata (in target 'TelegramMedia' from project 'TelegramMedia')
    cd /Users/buddhirajgautam/Documents/Cherrygram-Mac/macOS-Swift/packages/TelegramMedia
    /Applications/Xcode.app/Contents/Developer/Toolchains/XcodeDefault.xctoolchain/usr/bin/appintentsmetadataprocessor --toolchain-dir /var/run/com.apple.security.cryptexd/mnt/com.apple.MobileAsset.MetalToolchain-v27.1.266.1.Pr1pMU/Metal.xctoolchain --module-name TelegramMedia --sdk-root /Applications/Xcode.app/Contents/Developer/Platforms/MacOSX.platform/Developer/SDKs/MacOSX27.0.sdk --xcode-version 27A266a --platform-family macOS --deployment-target 12.0 --bundle-identifier telegrammedia.TelegramMedia --output /Users/buddhirajgautam/Library/Developer/Xcode/DerivedData/Telegram-Mac-fygdgghdgmuleoelvxabfmqiotta/Build/Products/Debug/TelegramMedia.appintents --target-triple arm64-apple-macos12.0 --binary-file /Users/buddhirajgautam/Library/Developer/Xcode/DerivedData/Telegram-Mac-fygdgghdgmuleoelvxabfmqiotta/Build/Products/Debug/TelegramMedia.o --dependency-file /Users/buddhirajgautam/Library/Developer/Xcode/DerivedData/Telegram-Mac-fygdgghdgmuleoelvxabfmqiotta/Build/Intermediates.noindex/TelegramMedia.build/Debug/TelegramMedia-t.build/Objects-normal/arm64/TelegramMedia_dependency_info.dat --stringsdata-file /Users/buddhirajgautam/Library/Developer/Xcode/DerivedData/Telegram-Mac-fygdgghdgmuleoelvxabfmqiotta/Build/Intermediates.noindex/TelegramMedia.build/Debug/TelegramMedia-t.build/Objects-normal/arm64/ExtractedAppShortcutsMetadata.stringsdata --source-file-list /Users/buddhirajgautam/Library/Developer/Xcode/DerivedData/Telegram-Mac-fygdgghdgmuleoelvxabfmqiotta/Build/Intermediates.noindex/TelegramMedia.build/Debug/TelegramMedia-t.build/Objects-normal/arm64/TelegramMedia.SwiftFileList --metadata-file-list /Users/buddhirajgautam/Library/Developer/Xcode/DerivedData/Telegram-Mac-fygdgghdgmuleoelvxabfmqiotta/Build/Intermediates.noindex/TelegramMedia.build/Debug/TelegramMedia-t.build/TelegramMedia.DependencyMetadataFileList --static-metadata-file-list /Users/buddhirajgautam/Library/Developer/Xcode/DerivedData/Telegram-Mac-fygdgghdgmuleoelvxabfmqiotta/Build/Intermediates.noindex/TelegramMedia.build/Debug/TelegramMedia-t.build/TelegramMedia.DependencyStaticMetadataFileList --swift-const-vals-list /Users/buddhirajgautam/Library/Developer/Xcode/DerivedData/Telegram-Mac-fygdgghdgmuleoelvxabfmqiotta/Build/Intermediates.noindex/TelegramMedia.build/Debug/TelegramMedia-t.build/Objects-normal/arm64/TelegramMedia.SwiftConstValuesFileList --force --compile-time-extraction --deployment-aware-processing --no-app-shortcuts-localization
2026-09-21 20:25:52.427 appintentsmetadataprocessor[57049:3892018] Starting appintentsmetadataprocessor export
2026-09-21 20:25:52.709 appintentsmetadataprocessor[57049:3892018] Extracted no relevant App Intents symbols, skipping writing output

Ld /Users/buddhirajgautam/Library/Developer/Xcode/DerivedData/Telegram-Mac-fygdgghdgmuleoelvxabfmqiotta/Build/Products/Debug/PrivateCallScreen.o normal (in target 'PrivateCallScreen' from project 'PrivateCallScreen')
    cd /Users/buddhirajgautam/Documents/Cherrygram-Mac/macOS-Swift/packages/PrivateCallScreen
    /Applications/Xcode.app/Contents/Developer/Toolchains/XcodeDefault.xctoolchain/usr/bin/clang -Xlinker -reproducible -target arm64-apple-macos12.0 -r -isysroot /Applications/Xcode.app/Contents/Developer/Platforms/MacOSX.platform/Developer/SDKs/MacOSX27.0.sdk -O0 -Xlinker -no_warn_duplicate_libraries -F/Users/buddhirajgautam/Library/Developer/Xcode/DerivedData/Telegram-Mac-fygdgghdgmuleoelvxabfmqiotta/Build/Intermediates.noindex/EagerLinkingTBDs/Debug -F/Users/buddhirajgautam/Library/Developer/Xcode/DerivedData/Telegram-Mac-fygdgghdgmuleoelvxabfmqiotta/Build/Products/Debug/PackageFrameworks -F/Users/buddhirajgautam/Library/Developer/Xcode/DerivedData/Telegram-Mac-fygdgghdgmuleoelvxabfmqiotta/Build/Products/Debug -iframework /Applications/Xcode.app/Contents/Developer/Platforms/MacOSX.platform/Developer/Library/Frameworks -filelist /Users/buddhirajgautam/Library/Developer/Xcode/DerivedData/Telegram-Mac-fygdgghdgmuleoelvxabfmqiotta/Build/Intermediates.noindex/PrivateCallScreen.build/Debug/PrivateCallScreen-t.build/Objects-normal/arm64/PrivateCallScreen.LinkFileList -nostdlib -Xlinker -object_path_lto -Xlinker /Users/buddhirajgautam/Library/Developer/Xcode/DerivedData/Telegram-Mac-fygdgghdgmuleoelvxabfmqiotta/Build/Intermediates.noindex/PrivateCallScreen.build/Debug/PrivateCallScreen-t.build/Objects-normal/arm64/PrivateCallScreen_lto.o -Xlinker -no_deduplicate -Xlinker -debug_variant -Xlinker -dependency_info -Xlinker /Users/buddhirajgautam/Library/Developer/Xcode/DerivedData/Telegram-Mac-fygdgghdgmuleoelvxabfmqiotta/Build/Intermediates.noindex/PrivateCallScreen.build/Debug/PrivateCallScreen-t.build/Objects-normal/arm64/PrivateCallScreen_dependency_info.dat -fobjc-link-runtime -L/Applications/Xcode.app/Contents/Developer/Toolchains/XcodeDefault.xctoolchain/usr/lib/swift/macosx -L/usr/lib/swift -Xlinker -add_ast_path -Xlinker /Users/buddhirajgautam/Library/Developer/Xcode/DerivedData/Telegram-Mac-fygdgghdgmuleoelvxabfmqiotta/Build/Intermediates.noindex/PrivateCallScreen.build/Debug/PrivateCallScreen-t.build/Objects-normal/arm64/PrivateCallScreen.swiftmodule -o /Users/buddhirajgautam/Library/Developer/Xcode/DerivedData/Telegram-Mac-fygdgghdgmuleoelvxabfmqiotta/Build/Products/Debug/PrivateCallScreen.o

ExtractAppIntentsMetadata (in target 'PrivateCallScreen' from project 'PrivateCallScreen')
    cd /Users/buddhirajgautam/Documents/Cherrygram-Mac/macOS-Swift/packages/PrivateCallScreen
    /Applications/Xcode.app/Contents/Developer/Toolchains/XcodeDefault.xctoolchain/usr/bin/appintentsmetadataprocessor --toolchain-dir /var/run/com.apple.security.cryptexd/mnt/com.apple.MobileAsset.MetalToolchain-v27.1.266.1.Pr1pMU/Metal.xctoolchain --module-name PrivateCallScreen --sdk-root /Applications/Xcode.app/Contents/Developer/Platforms/MacOSX.platform/Developer/SDKs/MacOSX27.0.sdk --xcode-version 27A266a --platform-family macOS --deployment-target 12.0 --bundle-identifier privatecallscreen.PrivateCallScreen --output /Users/buddhirajgautam/Library/Developer/Xcode/DerivedData/Telegram-Mac-fygdgghdgmuleoelvxabfmqiotta/Build/Products/Debug/PrivateCallScreen.appintents --target-triple arm64-apple-macos12.0 --binary-file /Users/buddhirajgautam/Library/Developer/Xcode/DerivedData/Telegram-Mac-fygdgghdgmuleoelvxabfmqiotta/Build/Products/Debug/PrivateCallScreen.o --dependency-file /Users/buddhirajgautam/Library/Developer/Xcode/DerivedData/Telegram-Mac-fygdgghdgmuleoelvxabfmqiotta/Build/Intermediates.noindex/PrivateCallScreen.build/Debug/PrivateCallScreen-t.build/Objects-normal/arm64/PrivateCallScreen_dependency_info.dat --stringsdata-file /Users/buddhirajgautam/Library/Developer/Xcode/DerivedData/Telegram-Mac-fygdgghdgmuleoelvxabfmqiotta/Build/Intermediates.noindex/PrivateCallScreen.build/Debug/PrivateCallScreen-t.build/Objects-normal/arm64/ExtractedAppShortcutsMetadata.stringsdata --source-file-list /Users/buddhirajgautam/Library/Developer/Xcode/DerivedData/Telegram-Mac-fygdgghdgmuleoelvxabfmqiotta/Build/Intermediates.noindex/PrivateCallScreen.build/Debug/PrivateCallScreen-t.build/Objects-normal/arm64/PrivateCallScreen.SwiftFileList --metadata-file-list /Users/buddhirajgautam/Library/Developer/Xcode/DerivedData/Telegram-Mac-fygdgghdgmuleoelvxabfmqiotta/Build/Intermediates.noindex/PrivateCallScreen.build/Debug/PrivateCallScreen-t.build/PrivateCallScreen.DependencyMetadataFileList --static-metadata-file-list /Users/buddhirajgautam/Library/Developer/Xcode/DerivedData/Telegram-Mac-fygdgghdgmuleoelvxabfmqiotta/Build/Intermediates.noindex/PrivateCallScreen.build/Debug/PrivateCallScreen-t.build/PrivateCallScreen.DependencyStaticMetadataFileList --swift-const-vals-list /Users/buddhirajgautam/Library/Developer/Xcode/DerivedData/Telegram-Mac-fygdgghdgmuleoelvxabfmqiotta/Build/Intermediates.noindex/PrivateCallScreen.build/Debug/PrivateCallScreen-t.build/Objects-normal/arm64/PrivateCallScreen.SwiftConstValuesFileList --force --compile-time-extraction --deployment-aware-processing --no-app-shortcuts-localization
2026-09-21 20:25:52.800 appintentsmetadataprocessor[57056:3892054] Starting appintentsmetadataprocessor export
2026-09-21 20:25:52.917 appintentsmetadataprocessor[57056:3892054] Extracted no relevant App Intents symbols, skipping writing output

PhaseScriptExecution Run\ Script:\ Link\ fr_CA\ to\ fr /Users/buddhirajgautam/Library/Developer/Xcode/DerivedData/Telegram-Mac-fygdgghdgmuleoelvxabfmqiotta/Build/Intermediates.noindex/Sparkle.build/Debug/Sparkle.build/Script-6195D4B40E40505A00D41A50.sh (in target 'Sparkle' from project 'Sparkle')
    cd /Users/buddhirajgautam/Documents/Cherrygram-Mac/macOS-Swift/submodules/Sparkle
    /bin/sh -c /Users/buddhirajgautam/Library/Developer/Xcode/DerivedData/Telegram-Mac-fygdgghdgmuleoelvxabfmqiotta/Build/Intermediates.noindex/Sparkle.build/Debug/Sparkle.build/Script-6195D4B40E40505A00D41A50.sh

PhaseScriptExecution Run\ Script:\ Link\ pt\ to\ pt_BR /Users/buddhirajgautam/Library/Developer/Xcode/DerivedData/Telegram-Mac-fygdgghdgmuleoelvxabfmqiotta/Build/Intermediates.noindex/Sparkle.build/Debug/Sparkle.build/Script-61E31A85103299750051D188.sh (in target 'Sparkle' from project 'Sparkle')
    cd /Users/buddhirajgautam/Documents/Cherrygram-Mac/macOS-Swift/submodules/Sparkle
    /bin/sh -c /Users/buddhirajgautam/Library/Developer/Xcode/DerivedData/Telegram-Mac-fygdgghdgmuleoelvxabfmqiotta/Build/Intermediates.noindex/Sparkle.build/Debug/Sparkle.build/Script-61E31A85103299750051D188.sh

GenerateTAPI /Users/buddhirajgautam/Library/Developer/Xcode/DerivedData/Telegram-Mac-fygdgghdgmuleoelvxabfmqiotta/Build/Intermediates.noindex/EagerLinkingTBDs/Debug/Sparkle.framework/Versions/A/Sparkle.tbd (in target 'Sparkle' from project 'Sparkle')
    cd /Users/buddhirajgautam/Documents/Cherrygram-Mac/macOS-Swift/submodules/Sparkle
    /Applications/Xcode.app/Contents/Developer/Toolchains/XcodeDefault.xctoolchain/usr/bin/tapi stubify -isysroot /Applications/Xcode.app/Contents/Developer/Platforms/MacOSX.platform/Developer/SDKs/MacOSX27.0.sdk -F/Users/buddhirajgautam/Library/Developer/Xcode/DerivedData/Telegram-Mac-fygdgghdgmuleoelvxabfmqiotta/Build/Products/Debug -L/Users/buddhirajgautam/Library/Developer/Xcode/DerivedData/Telegram-Mac-fygdgghdgmuleoelvxabfmqiotta/Build/Products/Debug /Users/buddhirajgautam/Library/Developer/Xcode/DerivedData/Telegram-Mac-fygdgghdgmuleoelvxabfmqiotta/Build/Products/Debug/Sparkle.framework/Versions/A/Sparkle -o /Users/buddhirajgautam/Library/Developer/Xcode/DerivedData/Telegram-Mac-fygdgghdgmuleoelvxabfmqiotta/Build/Intermediates.noindex/EagerLinkingTBDs/Debug/Sparkle.framework/Versions/A/Sparkle.tbd

RegisterExecutionPolicyException /Users/buddhirajgautam/Library/Developer/Xcode/DerivedData/Telegram-Mac-fygdgghdgmuleoelvxabfmqiotta/Build/Products/Debug/Sparkle.framework (in target 'Sparkle' from project 'Sparkle')
    cd /Users/buddhirajgautam/Documents/Cherrygram-Mac/macOS-Swift/submodules/Sparkle
    builtin-RegisterExecutionPolicyException /Users/buddhirajgautam/Library/Developer/Xcode/DerivedData/Telegram-Mac-fygdgghdgmuleoelvxabfmqiotta/Build/Products/Debug/Sparkle.framework

SymLink /Users/buddhirajgautam/Library/Developer/Xcode/DerivedData/Telegram-Mac-fygdgghdgmuleoelvxabfmqiotta/Build/Intermediates.noindex/EagerLinkingTBDs/Debug/Sparkle.framework/Sparkle.tbd /Users/buddhirajgautam/Library/Developer/Xcode/DerivedData/Telegram-Mac-fygdgghdgmuleoelvxabfmqiotta/Build/Intermediates.noindex/EagerLinkingTBDs/Debug/Sparkle.framework/Versions/A/Sparkle.tbd (in target 'Sparkle' from project 'Sparkle')
    cd /Users/buddhirajgautam/Documents/Cherrygram-Mac/macOS-Swift/submodules/Sparkle
    /bin/ln -sfh /Users/buddhirajgautam/Library/Developer/Xcode/DerivedData/Telegram-Mac-fygdgghdgmuleoelvxabfmqiotta/Build/Intermediates.noindex/EagerLinkingTBDs/Debug/Sparkle.framework/Versions/A/Sparkle.tbd /Users/buddhirajgautam/Library/Developer/Xcode/DerivedData/Telegram-Mac-fygdgghdgmuleoelvxabfmqiotta/Build/Intermediates.noindex/EagerLinkingTBDs/Debug/Sparkle.framework/Sparkle.tbd

Touch /Users/buddhirajgautam/Library/Developer/Xcode/DerivedData/Telegram-Mac-fygdgghdgmuleoelvxabfmqiotta/Build/Products/Debug/Sparkle.framework (in target 'Sparkle' from project 'Sparkle')
    cd /Users/buddhirajgautam/Documents/Cherrygram-Mac/macOS-Swift/submodules/Sparkle
    /usr/bin/touch -c /Users/buddhirajgautam/Library/Developer/Xcode/DerivedData/Telegram-Mac-fygdgghdgmuleoelvxabfmqiotta/Build/Products/Debug/Sparkle.framework

ConstructStubExecutorLinkFileList /Users/buddhirajgautam/Library/Developer/Xcode/DerivedData/Telegram-Mac-fygdgghdgmuleoelvxabfmqiotta/Build/Intermediates.noindex/Telegram.build/Debug/TelegramShare.build/TelegramShare-ExecutorLinkFileList-normal-arm64.txt (in target 'TelegramShare' from project 'Telegram')
    cd /Users/buddhirajgautam/Documents/Cherrygram-Mac/macOS-Swift
    construct-stub-executor-link-file-list /Users/buddhirajgautam/Library/Developer/Xcode/DerivedData/Telegram-Mac-fygdgghdgmuleoelvxabfmqiotta/Build/Products/Debug/TelegramShare.appex/Contents/MacOS/TelegramShare.debug.dylib /Applications/Xcode.app/Contents/Developer/Platforms/MacOSX.platform/Developer/usr/lib/libPreviewsJITStubExecutor_no_swift_entry_point.a /Applications/Xcode.app/Contents/Developer/Platforms/MacOSX.platform/Developer/usr/lib/libPreviewsJITStubExecutor.a --output /Users/buddhirajgautam/Library/Developer/Xcode/DerivedData/Telegram-Mac-fygdgghdgmuleoelvxabfmqiotta/Build/Intermediates.noindex/Telegram.build/Debug/TelegramShare.build/TelegramShare-ExecutorLinkFileList-normal-arm64.txt
note: Using stub executor library without Swift entry point. (in target 'TelegramShare' from project 'Telegram')

Ld /Users/buddhirajgautam/Library/Developer/Xcode/DerivedData/Telegram-Mac-fygdgghdgmuleoelvxabfmqiotta/Build/Products/Debug/TelegramShare.appex/Contents/MacOS/TelegramShare normal (in target 'TelegramShare' from project 'Telegram')
    cd /Users/buddhirajgautam/Documents/Cherrygram-Mac/macOS-Swift
    /Applications/Xcode.app/Contents/Developer/Toolchains/XcodeDefault.xctoolchain/usr/bin/clang -Xlinker -reproducible -target arm64-apple-macos12.0 -isysroot /Applications/Xcode.app/Contents/Developer/Platforms/MacOSX.platform/Developer/SDKs/MacOSX27.0.sdk -O0 -Xlinker -no_warn_duplicate_libraries -L/Users/buddhirajgautam/Library/Developer/Xcode/DerivedData/Telegram-Mac-fygdgghdgmuleoelvxabfmqiotta/Build/Products/Debug -L/Users/buddhirajgautam/Documents/Cherrygram-Mac/macOS-Swift/core-xprojects/ffmpeg/build/ffmpeg/lib -L/Users/buddhirajgautam/Documents/Cherrygram-Mac/macOS-Swift/core-xprojects/Mozjpeg/build -L/Users/buddhirajgautam/Documents/Cherrygram-Mac/macOS-Swift/core-xprojects/openssl/build/openssl/lib -L/Users/buddhirajgautam/Documents/Cherrygram-Mac/macOS-Swift/core-xprojects/libopus/build/libopus/lib -L/Users/buddhirajgautam/Documents/Cherrygram-Mac/macOS-Swift/core-xprojects/libvpx/build/libvpx/lib -L/Users/buddhirajgautam/Documents/Cherrygram-Mac/macOS-Swift/core-xprojects/libwebp/build/libwebp/lib -L/Users/buddhirajgautam/Documents/Cherrygram-Mac/macOS-Swift/core-xprojects/dav1d/build/dav1d/lib -F/Users/buddhirajgautam/Library/Developer/Xcode/DerivedData/Telegram-Mac-fygdgghdgmuleoelvxabfmqiotta/Build/Products/Debug/PackageFrameworks -F/Users/buddhirajgautam/Library/Developer/Xcode/DerivedData/Telegram-Mac-fygdgghdgmuleoelvxabfmqiotta/Build/Products/Debug -Xlinker -rpath -Xlinker @executable_path -Xlinker -rpath -Xlinker @loader_path -Xlinker -rpath -Xlinker /Users/buddhirajgautam/Library/Developer/Xcode/DerivedData/Telegram-Mac-fygdgghdgmuleoelvxabfmqiotta/Build/Products/Debug/PackageFrameworks -Xlinker -rpath -Xlinker @executable_path/../Frameworks -Xlinker -rpath -Xlinker @executable_path/../../../../Frameworks -rdynamic -Xlinker -no_deduplicate -Xlinker -debug_variant -e ___debug_blank_executor_main -Xlinker -sectcreate -Xlinker __TEXT -Xlinker __debug_dylib -Xlinker /Users/buddhirajgautam/Library/Developer/Xcode/DerivedData/Telegram-Mac-fygdgghdgmuleoelvxabfmqiotta/Build/Intermediates.noindex/Telegram.build/Debug/TelegramShare.build/TelegramShare-DebugDylibPath-normal-arm64.txt -Xlinker -sectcreate -Xlinker __TEXT -Xlinker __debug_entry -Xlinker /Users/buddhirajgautam/Library/Developer/Xcode/DerivedData/Telegram-Mac-fygdgghdgmuleoelvxabfmqiotta/Build/Intermediates.noindex/Telegram.build/Debug/TelegramShare.build/TelegramShare-DebugEntryPoint-normal-arm64.txt -Xlinker -sectcreate -Xlinker __TEXT -Xlinker __debug_instlnm -Xlinker /Users/buddhirajgautam/Library/Developer/Xcode/DerivedData/Telegram-Mac-fygdgghdgmuleoelvxabfmqiotta/Build/Intermediates.noindex/Telegram.build/Debug/TelegramShare.build/TelegramShare-DebugDylibInstallName-normal-arm64.txt -Xlinker -filelist -Xlinker /Users/buddhirajgautam/Library/Developer/Xcode/DerivedData/Telegram-Mac-fygdgghdgmuleoelvxabfmqiotta/Build/Intermediates.noindex/Telegram.build/Debug/TelegramShare.build/TelegramShare-ExecutorLinkFileList-normal-arm64.txt /Users/buddhirajgautam/Library/Developer/Xcode/DerivedData/Telegram-Mac-fygdgghdgmuleoelvxabfmqiotta/Build/Products/Debug/TelegramShare.appex/Contents/MacOS/TelegramShare.debug.dylib -o /Users/buddhirajgautam/Library/Developer/Xcode/DerivedData/Telegram-Mac-fygdgghdgmuleoelvxabfmqiotta/Build/Products/Debug/TelegramShare.appex/Contents/MacOS/TelegramShare

LinkAssetCatalog /Users/buddhirajgautam/Documents/Cherrygram-Mac/macOS-Swift/Telegram-Mac/Assets.xcassets (in target 'TelegramShare' from project 'Telegram')
    cd /Users/buddhirajgautam/Documents/Cherrygram-Mac/macOS-Swift
    builtin-linkAssetCatalog --thinned /Users/buddhirajgautam/Library/Developer/Xcode/DerivedData/Telegram-Mac-fygdgghdgmuleoelvxabfmqiotta/Build/Intermediates.noindex/Telegram.build/Debug/TelegramShare.build/assetcatalog_output/thinned --thinned-dependencies /Users/buddhirajgautam/Library/Developer/Xcode/DerivedData/Telegram-Mac-fygdgghdgmuleoelvxabfmqiotta/Build/Intermediates.noindex/Telegram.build/Debug/TelegramShare.build/assetcatalog_dependencies_thinned --thinned-info-plist-content /Users/buddhirajgautam/Library/Developer/Xcode/DerivedData/Telegram-Mac-fygdgghdgmuleoelvxabfmqiotta/Build/Intermediates.noindex/Telegram.build/Debug/TelegramShare.build/assetcatalog_generated_info.plist_thinned --unthinned /Users/buddhirajgautam/Library/Developer/Xcode/DerivedData/Telegram-Mac-fygdgghdgmuleoelvxabfmqiotta/Build/Intermediates.noindex/Telegram.build/Debug/TelegramShare.build/assetcatalog_output/unthinned --unthinned-dependencies /Users/buddhirajgautam/Library/Developer/Xcode/DerivedData/Telegram-Mac-fygdgghdgmuleoelvxabfmqiotta/Build/Intermediates.noindex/Telegram.build/Debug/TelegramShare.build/assetcatalog_dependencies_unthinned --unthinned-info-plist-content /Users/buddhirajgautam/Library/Developer/Xcode/DerivedData/Telegram-Mac-fygdgghdgmuleoelvxabfmqiotta/Build/Intermediates.noindex/Telegram.build/Debug/TelegramShare.build/assetcatalog_generated_info.plist_unthinned --output /Users/buddhirajgautam/Library/Developer/Xcode/DerivedData/Telegram-Mac-fygdgghdgmuleoelvxabfmqiotta/Build/Products/Debug/TelegramShare.appex/Contents/Resources --plist-output /Users/buddhirajgautam/Library/Developer/Xcode/DerivedData/Telegram-Mac-fygdgghdgmuleoelvxabfmqiotta/Build/Intermediates.noindex/Telegram.build/Debug/TelegramShare.build/assetcatalog_generated_info.plist
note: Emplaced /Users/buddhirajgautam/Library/Developer/Xcode/DerivedData/Telegram-Mac-fygdgghdgmuleoelvxabfmqiotta/Build/Products/Debug/TelegramShare.appex/Contents/Resources/Assets.car (in target 'TelegramShare' from project 'Telegram')

ProcessInfoPlistFile /Users/buddhirajgautam/Library/Developer/Xcode/DerivedData/Telegram-Mac-fygdgghdgmuleoelvxabfmqiotta/Build/Products/Debug/TelegramShare.appex/Contents/Info.plist /Users/buddhirajgautam/Documents/Cherrygram-Mac/macOS-Swift/TelegramShare/Info.plist (in target 'TelegramShare' from project 'Telegram')
    cd /Users/buddhirajgautam/Documents/Cherrygram-Mac/macOS-Swift
    builtin-infoPlistUtility /Users/buddhirajgautam/Documents/Cherrygram-Mac/macOS-Swift/TelegramShare/Info.plist -producttype com.apple.product-type.app-extension -expandbuildsettings -platform macosx -additionalcontentfile /Users/buddhirajgautam/Library/Developer/Xcode/DerivedData/Telegram-Mac-fygdgghdgmuleoelvxabfmqiotta/Build/Intermediates.noindex/Telegram.build/Debug/TelegramShare.build/assetcatalog_generated_info.plist -additionalcontentfile /Users/buddhirajgautam/Library/Developer/Xcode/DerivedData/Telegram-Mac-fygdgghdgmuleoelvxabfmqiotta/Build/Intermediates.noindex/Telegram.build/Debug/TelegramShare.build/Base.lproj/ShareViewController-PartialInfo.plist -o /Users/buddhirajgautam/Library/Developer/Xcode/DerivedData/Telegram-Mac-fygdgghdgmuleoelvxabfmqiotta/Build/Products/Debug/TelegramShare.appex/Contents/Info.plist

Copy /Users/buddhirajgautam/Library/Developer/Xcode/DerivedData/Telegram-Mac-fygdgghdgmuleoelvxabfmqiotta/Build/Products/Debug/TelegramShare.appex/Contents/Resources/fonts/SFCompactRounded-Semibold.otf /Users/buddhirajgautam/Documents/Cherrygram-Mac/macOS-Swift/Telegram-Mac/SFCompactRounded-Semibold.otf (in target 'TelegramShare' from project 'Telegram')
    cd /Users/buddhirajgautam/Documents/Cherrygram-Mac/macOS-Swift
    builtin-copy -exclude .DS_Store -exclude CVS -exclude .svn -exclude .git -exclude .hg -resolve-src-symlinks -remove-static-executable /Users/buddhirajgautam/Documents/Cherrygram-Mac/macOS-Swift/Telegram-Mac/SFCompactRounded-Semibold.otf /Users/buddhirajgautam/Library/Developer/Xcode/DerivedData/Telegram-Mac-fygdgghdgmuleoelvxabfmqiotta/Build/Products/Debug/TelegramShare.appex/Contents/Resources/fonts

ExtractAppIntentsMetadata (in target 'TelegramShare' from project 'Telegram')
    cd /Users/buddhirajgautam/Documents/Cherrygram-Mac/macOS-Swift
    /Applications/Xcode.app/Contents/Developer/Toolchains/XcodeDefault.xctoolchain/usr/bin/appintentsmetadataprocessor --toolchain-dir /var/run/com.apple.security.cryptexd/mnt/com.apple.MobileAsset.MetalToolchain-v27.1.266.1.Pr1pMU/Metal.xctoolchain --module-name TelegramShare --sdk-root /Applications/Xcode.app/Contents/Developer/Platforms/MacOSX.platform/Developer/SDKs/MacOSX27.0.sdk --xcode-version 27A266a --platform-family macOS --deployment-target 12.0 --bundle-identifier ru.keepcoder.Telegram.TelegramShare --output /Users/buddhirajgautam/Library/Developer/Xcode/DerivedData/Telegram-Mac-fygdgghdgmuleoelvxabfmqiotta/Build/Products/Debug/TelegramShare.appex/Contents/Resources --target-triple arm64-apple-macos12.0 --binary-file /Users/buddhirajgautam/Library/Developer/Xcode/DerivedData/Telegram-Mac-fygdgghdgmuleoelvxabfmqiotta/Build/Products/Debug/TelegramShare.appex/Contents/MacOS/TelegramShare --dependency-file /Users/buddhirajgautam/Library/Developer/Xcode/DerivedData/Telegram-Mac-fygdgghdgmuleoelvxabfmqiotta/Build/Intermediates.noindex/Telegram.build/Debug/TelegramShare.build/Objects-normal/arm64/TelegramShare_dependency_info.dat --stringsdata-file /Users/buddhirajgautam/Library/Developer/Xcode/DerivedData/Telegram-Mac-fygdgghdgmuleoelvxabfmqiotta/Build/Intermediates.noindex/Telegram.build/Debug/TelegramShare.build/Objects-normal/arm64/ExtractedAppShortcutsMetadata.stringsdata --source-file-list /Users/buddhirajgautam/Library/Developer/Xcode/DerivedData/Telegram-Mac-fygdgghdgmuleoelvxabfmqiotta/Build/Intermediates.noindex/Telegram.build/Debug/TelegramShare.build/Objects-normal/arm64/TelegramShare.SwiftFileList --metadata-file-list /Users/buddhirajgautam/Library/Developer/Xcode/DerivedData/Telegram-Mac-fygdgghdgmuleoelvxabfmqiotta/Build/Intermediates.noindex/Telegram.build/Debug/TelegramShare.build/TelegramShare.DependencyMetadataFileList --static-metadata-file-list /Users/buddhirajgautam/Library/Developer/Xcode/DerivedData/Telegram-Mac-fygdgghdgmuleoelvxabfmqiotta/Build/Intermediates.noindex/Telegram.build/Debug/TelegramShare.build/TelegramShare.DependencyStaticMetadataFileList --swift-const-vals-list /Users/buddhirajgautam/Library/Developer/Xcode/DerivedData/Telegram-Mac-fygdgghdgmuleoelvxabfmqiotta/Build/Intermediates.noindex/Telegram.build/Debug/TelegramShare.build/Objects-normal/arm64/TelegramShare.SwiftConstValuesFileList --compile-time-extraction --deployment-aware-processing --no-app-shortcuts-localization
2026-09-21 20:25:54.402 appintentsmetadataprocessor[57068:3892139] Starting appintentsmetadataprocessor export
2026-09-21 20:25:54.406 appintentsmetadataprocessor[57068:3892139] warning: Metadata extraction skipped, no AppIntents.framework dependency found

RegisterExecutionPolicyException /Users/buddhirajgautam/Library/Developer/Xcode/DerivedData/Telegram-Mac-fygdgghdgmuleoelvxabfmqiotta/Build/Products/Debug/TelegramShare.appex (in target 'TelegramShare' from project 'Telegram')
    cd /Users/buddhirajgautam/Documents/Cherrygram-Mac/macOS-Swift
    builtin-RegisterExecutionPolicyException /Users/buddhirajgautam/Library/Developer/Xcode/DerivedData/Telegram-Mac-fygdgghdgmuleoelvxabfmqiotta/Build/Products/Debug/TelegramShare.appex

Touch /Users/buddhirajgautam/Library/Developer/Xcode/DerivedData/Telegram-Mac-fygdgghdgmuleoelvxabfmqiotta/Build/Products/Debug/TelegramShare.appex (in target 'TelegramShare' from project 'Telegram')
    cd /Users/buddhirajgautam/Documents/Cherrygram-Mac/macOS-Swift
    /usr/bin/touch -c /Users/buddhirajgautam/Library/Developer/Xcode/DerivedData/Telegram-Mac-fygdgghdgmuleoelvxabfmqiotta/Build/Products/Debug/TelegramShare.appex

warning: Run script build phase 'Run Script' will be run during every build because it does not specify any outputs. To address this issue, either add output dependencies to the script phase, or configure it to run in every build by unchecking "Based on dependency analysis" in the script phase. (in target 'Telegram' from project 'Telegram')
warning: Run script build phase 'Run Script' will be run during every build because it does not specify any outputs. To address this issue, either add output dependencies to the script phase, or configure it to run in every build by unchecking "Based on dependency analysis" in the script phase. (in target 'Telegram' from project 'Telegram')
warning: Run script build phase 'Fix Shallow Bundles' will be run during every build because it does not specify any outputs. To address this issue, either add output dependencies to the script phase, or configure it to run in every build by unchecking "Based on dependency analysis" in the script phase. (in target 'Telegram' from project 'Telegram')
warning: Skipping duplicate build file in Copy Bundle Resources build phase: /Users/buddhirajgautam/Documents/Cherrygram-Mac/macOS-Swift/Telegram-Mac/Base.lproj/MainMenu.xib (in target 'Telegram' from project 'Telegram')
Copy /Users/buddhirajgautam/Library/Developer/Xcode/DerivedData/Telegram-Mac-fygdgghdgmuleoelvxabfmqiotta/Build/Products/Debug/Telegram.app/Contents/Resources/Promises_FBLPromises.bundle /Users/buddhirajgautam/Library/Developer/Xcode/DerivedData/Telegram-Mac-fygdgghdgmuleoelvxabfmqiotta/Build/Products/Debug/Promises_FBLPromises.bundle (in target 'Telegram' from project 'Telegram')
    cd /Users/buddhirajgautam/Documents/Cherrygram-Mac/macOS-Swift
    builtin-copy -exclude .DS_Store -exclude CVS -exclude .svn -exclude .git -exclude .hg -resolve-src-symlinks /Users/buddhirajgautam/Library/Developer/Xcode/DerivedData/Telegram-Mac-fygdgghdgmuleoelvxabfmqiotta/Build/Products/Debug/Promises_FBLPromises.bundle /Users/buddhirajgautam/Library/Developer/Xcode/DerivedData/Telegram-Mac-fygdgghdgmuleoelvxabfmqiotta/Build/Products/Debug/Telegram.app/Contents/Resources

Copy /Users/buddhirajgautam/Library/Developer/Xcode/DerivedData/Telegram-Mac-fygdgghdgmuleoelvxabfmqiotta/Build/Products/Debug/Telegram.app/Contents/Resources/GoogleUtilities_GoogleUtilities-Network.bundle /Users/buddhirajgautam/Library/Developer/Xcode/DerivedData/Telegram-Mac-fygdgghdgmuleoelvxabfmqiotta/Build/Products/Debug/GoogleUtilities_GoogleUtilities-Network.bundle (in target 'Telegram' from project 'Telegram')
    cd /Users/buddhirajgautam/Documents/Cherrygram-Mac/macOS-Swift
    builtin-copy -exclude .DS_Store -exclude CVS -exclude .svn -exclude .git -exclude .hg -resolve-src-symlinks /Users/buddhirajgautam/Library/Developer/Xcode/DerivedData/Telegram-Mac-fygdgghdgmuleoelvxabfmqiotta/Build/Products/Debug/GoogleUtilities_GoogleUtilities-Network.bundle /Users/buddhirajgautam/Library/Developer/Xcode/DerivedData/Telegram-Mac-fygdgghdgmuleoelvxabfmqiotta/Build/Products/Debug/Telegram.app/Contents/Resources

Copy /Users/buddhirajgautam/Library/Developer/Xcode/DerivedData/Telegram-Mac-fygdgghdgmuleoelvxabfmqiotta/Build/Products/Debug/Telegram.app/Contents/Resources/GoogleUtilities_GoogleUtilities-NSData.bundle /Users/buddhirajgautam/Library/Developer/Xcode/DerivedData/Telegram-Mac-fygdgghdgmuleoelvxabfmqiotta/Build/Products/Debug/GoogleUtilities_GoogleUtilities-NSData.bundle (in target 'Telegram' from project 'Telegram')
    cd /Users/buddhirajgautam/Documents/Cherrygram-Mac/macOS-Swift
    builtin-copy -exclude .DS_Store -exclude CVS -exclude .svn -exclude .git -exclude .hg -resolve-src-symlinks /Users/buddhirajgautam/Library/Developer/Xcode/DerivedData/Telegram-Mac-fygdgghdgmuleoelvxabfmqiotta/Build/Products/Debug/GoogleUtilities_GoogleUtilities-NSData.bundle /Users/buddhirajgautam/Library/Developer/Xcode/DerivedData/Telegram-Mac-fygdgghdgmuleoelvxabfmqiotta/Build/Products/Debug/Telegram.app/Contents/Resources

Copy /Users/buddhirajgautam/Library/Developer/Xcode/DerivedData/Telegram-Mac-fygdgghdgmuleoelvxabfmqiotta/Build/Products/Debug/Telegram.app/Contents/Resources/MetalEngine_MetalEngine.bundle /Users/buddhirajgautam/Library/Developer/Xcode/DerivedData/Telegram-Mac-fygdgghdgmuleoelvxabfmqiotta/Build/Products/Debug/MetalEngine_MetalEngine.bundle (in target 'Telegram' from project 'Telegram')
    cd /Users/buddhirajgautam/Documents/Cherrygram-Mac/macOS-Swift
    builtin-copy -exclude .DS_Store -exclude CVS -exclude .svn -exclude .git -exclude .hg -resolve-src-symlinks /Users/buddhirajgautam/Library/Developer/Xcode/DerivedData/Telegram-Mac-fygdgghdgmuleoelvxabfmqiotta/Build/Products/Debug/MetalEngine_MetalEngine.bundle /Users/buddhirajgautam/Library/Developer/Xcode/DerivedData/Telegram-Mac-fygdgghdgmuleoelvxabfmqiotta/Build/Products/Debug/Telegram.app/Contents/Resources

Copy /Users/buddhirajgautam/Library/Developer/Xcode/DerivedData/Telegram-Mac-fygdgghdgmuleoelvxabfmqiotta/Build/Products/Debug/Telegram.app/Contents/Resources/GoogleUtilities_GoogleUtilities-UserDefaults.bundle /Users/buddhirajgautam/Library/Developer/Xcode/DerivedData/Telegram-Mac-fygdgghdgmuleoelvxabfmqiotta/Build/Products/Debug/GoogleUtilities_GoogleUtilities-UserDefaults.bundle (in target 'Telegram' from project 'Telegram')
    cd /Users/buddhirajgautam/Documents/Cherrygram-Mac/macOS-Swift
    builtin-copy -exclude .DS_Store -exclude CVS -exclude .svn -exclude .git -exclude .hg -resolve-src-symlinks /Users/buddhirajgautam/Library/Developer/Xcode/DerivedData/Telegram-Mac-fygdgghdgmuleoelvxabfmqiotta/Build/Products/Debug/GoogleUtilities_GoogleUtilities-UserDefaults.bundle /Users/buddhirajgautam/Library/Developer/Xcode/DerivedData/Telegram-Mac-fygdgghdgmuleoelvxabfmqiotta/Build/Products/Debug/Telegram.app/Contents/Resources

Copy /Users/buddhirajgautam/Library/Developer/Xcode/DerivedData/Telegram-Mac-fygdgghdgmuleoelvxabfmqiotta/Build/Products/Debug/Telegram.app/Contents/Resources/PrivateCallScreen_PrivateCallScreen.bundle /Users/buddhirajgautam/Library/Developer/Xcode/DerivedData/Telegram-Mac-fygdgghdgmuleoelvxabfmqiotta/Build/Products/Debug/PrivateCallScreen_PrivateCallScreen.bundle (in target 'Telegram' from project 'Telegram')
    cd /Users/buddhirajgautam/Documents/Cherrygram-Mac/macOS-Swift
    builtin-copy -exclude .DS_Store -exclude CVS -exclude .svn -exclude .git -exclude .hg -resolve-src-symlinks /Users/buddhirajgautam/Library/Developer/Xcode/DerivedData/Telegram-Mac-fygdgghdgmuleoelvxabfmqiotta/Build/Products/Debug/PrivateCallScreen_PrivateCallScreen.bundle /Users/buddhirajgautam/Library/Developer/Xcode/DerivedData/Telegram-Mac-fygdgghdgmuleoelvxabfmqiotta/Build/Products/Debug/Telegram.app/Contents/Resources

Copy /Users/buddhirajgautam/Library/Developer/Xcode/DerivedData/Telegram-Mac-fygdgghdgmuleoelvxabfmqiotta/Build/Products/Debug/Telegram.app/Contents/Resources/GoogleUtilities_GoogleUtilities-Reachability.bundle /Users/buddhirajgautam/Library/Developer/Xcode/DerivedData/Telegram-Mac-fygdgghdgmuleoelvxabfmqiotta/Build/Products/Debug/GoogleUtilities_GoogleUtilities-Reachability.bundle (in target 'Telegram' from project 'Telegram')
    cd /Users/buddhirajgautam/Documents/Cherrygram-Mac/macOS-Swift
    builtin-copy -exclude .DS_Store -exclude CVS -exclude .svn -exclude .git -exclude .hg -resolve-src-symlinks /Users/buddhirajgautam/Library/Developer/Xcode/DerivedData/Telegram-Mac-fygdgghdgmuleoelvxabfmqiotta/Build/Products/Debug/GoogleUtilities_GoogleUtilities-Reachability.bundle /Users/buddhirajgautam/Library/Developer/Xcode/DerivedData/Telegram-Mac-fygdgghdgmuleoelvxabfmqiotta/Build/Products/Debug/Telegram.app/Contents/Resources

Copy /Users/buddhirajgautam/Library/Developer/Xcode/DerivedData/Telegram-Mac-fygdgghdgmuleoelvxabfmqiotta/Build/Products/Debug/Telegram.app/Contents/Resources/GoogleUtilities_GoogleUtilities-MethodSwizzler.bundle /Users/buddhirajgautam/Library/Developer/Xcode/DerivedData/Telegram-Mac-fygdgghdgmuleoelvxabfmqiotta/Build/Products/Debug/GoogleUtilities_GoogleUtilities-MethodSwizzler.bundle (in target 'Telegram' from project 'Telegram')
    cd /Users/buddhirajgautam/Documents/Cherrygram-Mac/macOS-Swift
    builtin-copy -exclude .DS_Store -exclude CVS -exclude .svn -exclude .git -exclude .hg -resolve-src-symlinks /Users/buddhirajgautam/Library/Developer/Xcode/DerivedData/Telegram-Mac-fygdgghdgmuleoelvxabfmqiotta/Build/Products/Debug/GoogleUtilities_GoogleUtilities-MethodSwizzler.bundle /Users/buddhirajgautam/Library/Developer/Xcode/DerivedData/Telegram-Mac-fygdgghdgmuleoelvxabfmqiotta/Build/Products/Debug/Telegram.app/Contents/Resources

Copy /Users/buddhirajgautam/Library/Developer/Xcode/DerivedData/Telegram-Mac-fygdgghdgmuleoelvxabfmqiotta/Build/Products/Debug/Telegram.app/Contents/Resources/GoogleUtilities_GoogleUtilities-Logger.bundle /Users/buddhirajgautam/Library/Developer/Xcode/DerivedData/Telegram-Mac-fygdgghdgmuleoelvxabfmqiotta/Build/Products/Debug/GoogleUtilities_GoogleUtilities-Logger.bundle (in target 'Telegram' from project 'Telegram')
    cd /Users/buddhirajgautam/Documents/Cherrygram-Mac/macOS-Swift
    builtin-copy -exclude .DS_Store -exclude CVS -exclude .svn -exclude .git -exclude .hg -resolve-src-symlinks /Users/buddhirajgautam/Library/Developer/Xcode/DerivedData/Telegram-Mac-fygdgghdgmuleoelvxabfmqiotta/Build/Products/Debug/GoogleUtilities_GoogleUtilities-Logger.bundle /Users/buddhirajgautam/Library/Developer/Xcode/DerivedData/Telegram-Mac-fygdgghdgmuleoelvxabfmqiotta/Build/Products/Debug/Telegram.app/Contents/Resources

Copy /Users/buddhirajgautam/Library/Developer/Xcode/DerivedData/Telegram-Mac-fygdgghdgmuleoelvxabfmqiotta/Build/Products/Debug/Telegram.app/Contents/Resources/GoogleUtilities_GoogleUtilities-Environment.bundle /Users/buddhirajgautam/Library/Developer/Xcode/DerivedData/Telegram-Mac-fygdgghdgmuleoelvxabfmqiotta/Build/Products/Debug/GoogleUtilities_GoogleUtilities-Environment.bundle (in target 'Telegram' from project 'Telegram')
    cd /Users/buddhirajgautam/Documents/Cherrygram-Mac/macOS-Swift
    builtin-copy -exclude .DS_Store -exclude CVS -exclude .svn -exclude .git -exclude .hg -resolve-src-symlinks /Users/buddhirajgautam/Library/Developer/Xcode/DerivedData/Telegram-Mac-fygdgghdgmuleoelvxabfmqiotta/Build/Products/Debug/GoogleUtilities_GoogleUtilities-Environment.bundle /Users/buddhirajgautam/Library/Developer/Xcode/DerivedData/Telegram-Mac-fygdgghdgmuleoelvxabfmqiotta/Build/Products/Debug/Telegram.app/Contents/Resources

Copy /Users/buddhirajgautam/Library/Developer/Xcode/DerivedData/Telegram-Mac-fygdgghdgmuleoelvxabfmqiotta/Build/Products/Debug/Telegram.app/Contents/Resources/GoogleUtilities_GoogleUtilities-AppDelegateSwizzler.bundle /Users/buddhirajgautam/Library/Developer/Xcode/DerivedData/Telegram-Mac-fygdgghdgmuleoelvxabfmqiotta/Build/Products/Debug/GoogleUtilities_GoogleUtilities-AppDelegateSwizzler.bundle (in target 'Telegram' from project 'Telegram')
    cd /Users/buddhirajgautam/Documents/Cherrygram-Mac/macOS-Swift
    builtin-copy -exclude .DS_Store -exclude CVS -exclude .svn -exclude .git -exclude .hg -resolve-src-symlinks /Users/buddhirajgautam/Library/Developer/Xcode/DerivedData/Telegram-Mac-fygdgghdgmuleoelvxabfmqiotta/Build/Products/Debug/GoogleUtilities_GoogleUtilities-AppDelegateSwizzler.bundle /Users/buddhirajgautam/Library/Developer/Xcode/DerivedData/Telegram-Mac-fygdgghdgmuleoelvxabfmqiotta/Build/Products/Debug/Telegram.app/Contents/Resources

Copy /Users/buddhirajgautam/Library/Developer/Xcode/DerivedData/Telegram-Mac-fygdgghdgmuleoelvxabfmqiotta/Build/Products/Debug/Telegram.app/Contents/Resources/DustLayer_DustLayer.bundle /Users/buddhirajgautam/Library/Developer/Xcode/DerivedData/Telegram-Mac-fygdgghdgmuleoelvxabfmqiotta/Build/Products/Debug/DustLayer_DustLayer.bundle (in target 'Telegram' from project 'Telegram')
    cd /Users/buddhirajgautam/Documents/Cherrygram-Mac/macOS-Swift
    builtin-copy -exclude .DS_Store -exclude CVS -exclude .svn -exclude .git -exclude .hg -resolve-src-symlinks /Users/buddhirajgautam/Library/Developer/Xcode/DerivedData/Telegram-Mac-fygdgghdgmuleoelvxabfmqiotta/Build/Products/Debug/DustLayer_DustLayer.bundle /Users/buddhirajgautam/Library/Developer/Xcode/DerivedData/Telegram-Mac-fygdgghdgmuleoelvxabfmqiotta/Build/Products/Debug/Telegram.app/Contents/Resources

Copy /Users/buddhirajgautam/Library/Developer/Xcode/DerivedData/Telegram-Mac-fygdgghdgmuleoelvxabfmqiotta/Build/Products/Debug/Telegram.app/Contents/Resources/GoogleDataTransport_GoogleDataTransport.bundle /Users/buddhirajgautam/Library/Developer/Xcode/DerivedData/Telegram-Mac-fygdgghdgmuleoelvxabfmqiotta/Build/Products/Debug/GoogleDataTransport_GoogleDataTransport.bundle (in target 'Telegram' from project 'Telegram')
    cd /Users/buddhirajgautam/Documents/Cherrygram-Mac/macOS-Swift
    builtin-copy -exclude .DS_Store -exclude CVS -exclude .svn -exclude .git -exclude .hg -resolve-src-symlinks /Users/buddhirajgautam/Library/Developer/Xcode/DerivedData/Telegram-Mac-fygdgghdgmuleoelvxabfmqiotta/Build/Products/Debug/GoogleDataTransport_GoogleDataTransport.bundle /Users/buddhirajgautam/Library/Developer/Xcode/DerivedData/Telegram-Mac-fygdgghdgmuleoelvxabfmqiotta/Build/Products/Debug/Telegram.app/Contents/Resources

Copy /Users/buddhirajgautam/Library/Developer/Xcode/DerivedData/Telegram-Mac-fygdgghdgmuleoelvxabfmqiotta/Build/Products/Debug/Telegram.app/Contents/Resources/CallVideoLayer_CallVideoLayer.bundle /Users/buddhirajgautam/Library/Developer/Xcode/DerivedData/Telegram-Mac-fygdgghdgmuleoelvxabfmqiotta/Build/Products/Debug/CallVideoLayer_CallVideoLayer.bundle (in target 'Telegram' from project 'Telegram')
    cd /Users/buddhirajgautam/Documents/Cherrygram-Mac/macOS-Swift
    builtin-copy -exclude .DS_Store -exclude CVS -exclude .svn -exclude .git -exclude .hg -resolve-src-symlinks /Users/buddhirajgautam/Library/Developer/Xcode/DerivedData/Telegram-Mac-fygdgghdgmuleoelvxabfmqiotta/Build/Products/Debug/CallVideoLayer_CallVideoLayer.bundle /Users/buddhirajgautam/Library/Developer/Xcode/DerivedData/Telegram-Mac-fygdgghdgmuleoelvxabfmqiotta/Build/Products/Debug/Telegram.app/Contents/Resources

Copy /Users/buddhirajgautam/Library/Developer/Xcode/DerivedData/Telegram-Mac-fygdgghdgmuleoelvxabfmqiotta/Build/Products/Debug/Telegram.app/Contents/Frameworks/Sparkle.framework /Users/buddhirajgautam/Library/Developer/Xcode/DerivedData/Telegram-Mac-fygdgghdgmuleoelvxabfmqiotta/Build/Products/Debug/Sparkle.framework (in target 'Telegram' from project 'Telegram')
    cd /Users/buddhirajgautam/Documents/Cherrygram-Mac/macOS-Swift
    builtin-copy -exclude .DS_Store -exclude CVS -exclude .svn -exclude .git -exclude .hg -exclude Headers -exclude PrivateHeaders -exclude Modules -exclude \*.tbd -resolve-src-symlinks -remove-static-executable /Users/buddhirajgautam/Library/Developer/Xcode/DerivedData/Telegram-Mac-fygdgghdgmuleoelvxabfmqiotta/Build/Products/Debug/Sparkle.framework /Users/buddhirajgautam/Library/Developer/Xcode/DerivedData/Telegram-Mac-fygdgghdgmuleoelvxabfmqiotta/Build/Products/Debug/Telegram.app/Contents/Frameworks

Copy /Users/buddhirajgautam/Library/Developer/Xcode/DerivedData/Telegram-Mac-fygdgghdgmuleoelvxabfmqiotta/Build/Products/Debug/Telegram.app/Contents/Frameworks/GoogleAppMeasurementIdentitySupport.framework /Users/buddhirajgautam/Library/Developer/Xcode/DerivedData/Telegram-Mac-fygdgghdgmuleoelvxabfmqiotta/SourcePackages/artifacts/googleappmeasurement/GoogleAppMeasurementIdentitySupport/GoogleAppMeasurementIdentitySupport.xcframework/macos-arm64_x86_64/GoogleAppMeasurementIdentitySupport.framework (in target 'Telegram' from project 'Telegram')
    cd /Users/buddhirajgautam/Documents/Cherrygram-Mac/macOS-Swift
    builtin-copy -exclude .DS_Store -exclude CVS -exclude .svn -exclude .git -exclude .hg -exclude Headers -exclude PrivateHeaders -exclude Modules -exclude \*.tbd -resolve-src-symlinks -remove-static-executable /Users/buddhirajgautam/Library/Developer/Xcode/DerivedData/Telegram-Mac-fygdgghdgmuleoelvxabfmqiotta/SourcePackages/artifacts/googleappmeasurement/GoogleAppMeasurementIdentitySupport/GoogleAppMeasurementIdentitySupport.xcframework/macos-arm64_x86_64/GoogleAppMeasurementIdentitySupport.framework /Users/buddhirajgautam/Library/Developer/Xcode/DerivedData/Telegram-Mac-fygdgghdgmuleoelvxabfmqiotta/Build/Products/Debug/Telegram.app/Contents/Frameworks
note: Injecting stub binary into codeless framework (in target 'Telegram' from project 'Telegram')
    /Applications/Xcode.app/Contents/Developer/Toolchains/XcodeDefault.xctoolchain/usr/bin/clang -isysroot /Applications/Xcode.app/Contents/Developer/Platforms/MacOSX.platform/Developer/SDKs/MacOSX27.0.sdk -x c -c /dev/null -target arm64-apple-macos12.0 -o /private/var/folders/1r/mr_9bsw975sc6ww6lwqf1nzh0000gn/T/swbuild.tmp.h9UQNzlM/Data.noindex/arm64-apple.o
    /Applications/Xcode.app/Contents/Developer/Toolchains/XcodeDefault.xctoolchain/usr/bin/clang -isysroot /Applications/Xcode.app/Contents/Developer/Platforms/MacOSX.platform/Developer/SDKs/MacOSX27.0.sdk -dynamiclib -Xlinker -adhoc_codesign -target arm64-apple-macos12.0 -install_name @rpath/GoogleAppMeasurementIdentitySupport.framework/GoogleAppMeasurementIdentitySupport -o /private/var/folders/1r/mr_9bsw975sc6ww6lwqf1nzh0000gn/T/swbuild.tmp.h9UQNzlM/Data.noindex/arm64-apple /private/var/folders/1r/mr_9bsw975sc6ww6lwqf1nzh0000gn/T/swbuild.tmp.h9UQNzlM/Data.noindex/arm64-apple.o
    /Applications/Xcode.app/Contents/Developer/Toolchains/XcodeDefault.xctoolchain/usr/bin/lipo -create -output /Users/buddhirajgautam/Library/Developer/Xcode/DerivedData/Telegram-Mac-fygdgghdgmuleoelvxabfmqiotta/Build/Products/Debug/Telegram.app/Contents/Frameworks/GoogleAppMeasurementIdentitySupport.framework/GoogleAppMeasurementIdentitySupport /private/var/folders/1r/mr_9bsw975sc6ww6lwqf1nzh0000gn/T/swbuild.tmp.h9UQNzlM/Data.noindex/arm64-apple

Copy /Users/buddhirajgautam/Library/Developer/Xcode/DerivedData/Telegram-Mac-fygdgghdgmuleoelvxabfmqiotta/Build/Products/Debug/Telegram.app/Contents/Frameworks/GoogleAppMeasurement.framework /Users/buddhirajgautam/Library/Developer/Xcode/DerivedData/Telegram-Mac-fygdgghdgmuleoelvxabfmqiotta/SourcePackages/artifacts/googleappmeasurement/GoogleAppMeasurement/GoogleAppMeasurement.xcframework/macos-arm64_x86_64/GoogleAppMeasurement.framework (in target 'Telegram' from project 'Telegram')
    cd /Users/buddhirajgautam/Documents/Cherrygram-Mac/macOS-Swift
    builtin-copy -exclude .DS_Store -exclude CVS -exclude .svn -exclude .git -exclude .hg -exclude Headers -exclude PrivateHeaders -exclude Modules -exclude \*.tbd -resolve-src-symlinks -remove-static-executable /Users/buddhirajgautam/Library/Developer/Xcode/DerivedData/Telegram-Mac-fygdgghdgmuleoelvxabfmqiotta/SourcePackages/artifacts/googleappmeasurement/GoogleAppMeasurement/GoogleAppMeasurement.xcframework/macos-arm64_x86_64/GoogleAppMeasurement.framework /Users/buddhirajgautam/Library/Developer/Xcode/DerivedData/Telegram-Mac-fygdgghdgmuleoelvxabfmqiotta/Build/Products/Debug/Telegram.app/Contents/Frameworks
note: Injecting stub binary into codeless framework (in target 'Telegram' from project 'Telegram')
    /Applications/Xcode.app/Contents/Developer/Toolchains/XcodeDefault.xctoolchain/usr/bin/clang -isysroot /Applications/Xcode.app/Contents/Developer/Platforms/MacOSX.platform/Developer/SDKs/MacOSX27.0.sdk -x c -c /dev/null -target arm64-apple-macos12.0 -o /private/var/folders/1r/mr_9bsw975sc6ww6lwqf1nzh0000gn/T/swbuild.tmp.NmrRIhBS/Data.noindex/arm64-apple.o
    /Applications/Xcode.app/Contents/Developer/Toolchains/XcodeDefault.xctoolchain/usr/bin/clang -isysroot /Applications/Xcode.app/Contents/Developer/Platforms/MacOSX.platform/Developer/SDKs/MacOSX27.0.sdk -dynamiclib -Xlinker -adhoc_codesign -target arm64-apple-macos12.0 -install_name @rpath/GoogleAppMeasurement.framework/GoogleAppMeasurement -o /private/var/folders/1r/mr_9bsw975sc6ww6lwqf1nzh0000gn/T/swbuild.tmp.NmrRIhBS/Data.noindex/arm64-apple /private/var/folders/1r/mr_9bsw975sc6ww6lwqf1nzh0000gn/T/swbuild.tmp.NmrRIhBS/Data.noindex/arm64-apple.o
    /Applications/Xcode.app/Contents/Developer/Toolchains/XcodeDefault.xctoolchain/usr/bin/lipo -create -output /Users/buddhirajgautam/Library/Developer/Xcode/DerivedData/Telegram-Mac-fygdgghdgmuleoelvxabfmqiotta/Build/Products/Debug/Telegram.app/Contents/Frameworks/GoogleAppMeasurement.framework/GoogleAppMeasurement /private/var/folders/1r/mr_9bsw975sc6ww6lwqf1nzh0000gn/T/swbuild.tmp.NmrRIhBS/Data.noindex/arm64-apple

Copy /Users/buddhirajgautam/Library/Developer/Xcode/DerivedData/Telegram-Mac-fygdgghdgmuleoelvxabfmqiotta/Build/Products/Debug/Telegram.app/Contents/Frameworks/FirebaseAnalytics.framework /Users/buddhirajgautam/Library/Developer/Xcode/DerivedData/Telegram-Mac-fygdgghdgmuleoelvxabfmqiotta/SourcePackages/artifacts/firebase-ios-sdk/FirebaseAnalytics/FirebaseAnalytics.xcframework/macos-arm64_x86_64/FirebaseAnalytics.framework (in target 'Telegram' from project 'Telegram')
    cd /Users/buddhirajgautam/Documents/Cherrygram-Mac/macOS-Swift
    builtin-copy -exclude .DS_Store -exclude CVS -exclude .svn -exclude .git -exclude .hg -exclude Headers -exclude PrivateHeaders -exclude Modules -exclude \*.tbd -resolve-src-symlinks -remove-static-executable /Users/buddhirajgautam/Library/Developer/Xcode/DerivedData/Telegram-Mac-fygdgghdgmuleoelvxabfmqiotta/SourcePackages/artifacts/firebase-ios-sdk/FirebaseAnalytics/FirebaseAnalytics.xcframework/macos-arm64_x86_64/FirebaseAnalytics.framework /Users/buddhirajgautam/Library/Developer/Xcode/DerivedData/Telegram-Mac-fygdgghdgmuleoelvxabfmqiotta/Build/Products/Debug/Telegram.app/Contents/Frameworks
note: Injecting stub binary into codeless framework (in target 'Telegram' from project 'Telegram')
    /Applications/Xcode.app/Contents/Developer/Toolchains/XcodeDefault.xctoolchain/usr/bin/clang -isysroot /Applications/Xcode.app/Contents/Developer/Platforms/MacOSX.platform/Developer/SDKs/MacOSX27.0.sdk -x c -c /dev/null -target arm64-apple-macos12.0 -o /private/var/folders/1r/mr_9bsw975sc6ww6lwqf1nzh0000gn/T/swbuild.tmp.9NAc85FG/Data.noindex/arm64-apple.o
    /Applications/Xcode.app/Contents/Developer/Toolchains/XcodeDefault.xctoolchain/usr/bin/clang -isysroot /Applications/Xcode.app/Contents/Developer/Platforms/MacOSX.platform/Developer/SDKs/MacOSX27.0.sdk -dynamiclib -Xlinker -adhoc_codesign -target arm64-apple-macos12.0 -install_name @rpath/FirebaseAnalytics.framework/FirebaseAnalytics -o /private/var/folders/1r/mr_9bsw975sc6ww6lwqf1nzh0000gn/T/swbuild.tmp.9NAc85FG/Data.noindex/arm64-apple /private/var/folders/1r/mr_9bsw975sc6ww6lwqf1nzh0000gn/T/swbuild.tmp.9NAc85FG/Data.noindex/arm64-apple.o
    /Applications/Xcode.app/Contents/Developer/Toolchains/XcodeDefault.xctoolchain/usr/bin/lipo -create -output /Users/buddhirajgautam/Library/Developer/Xcode/DerivedData/Telegram-Mac-fygdgghdgmuleoelvxabfmqiotta/Build/Products/Debug/Telegram.app/Contents/Frameworks/FirebaseAnalytics.framework/FirebaseAnalytics /private/var/folders/1r/mr_9bsw975sc6ww6lwqf1nzh0000gn/T/swbuild.tmp.9NAc85FG/Data.noindex/arm64-apple

CpResource /Users/buddhirajgautam/Library/Developer/Xcode/DerivedData/Telegram-Mac-fygdgghdgmuleoelvxabfmqiotta/Build/Products/Debug/Telegram.app/Contents/Resources/zoom.tgs /Users/buddhirajgautam/Documents/Cherrygram-Mac/macOS-Swift/Telegram-Mac/tgs/zoom.tgs (in target 'Telegram' from project 'Telegram')
    cd /Users/buddhirajgautam/Documents/Cherrygram-Mac/macOS-Swift
    builtin-copy -exclude .DS_Store -exclude CVS -exclude .svn -exclude .git -exclude .hg -resolve-src-symlinks /Users/buddhirajgautam/Documents/Cherrygram-Mac/macOS-Swift/Telegram-Mac/tgs/zoom.tgs /Users/buddhirajgautam/Library/Developer/Xcode/DerivedData/Telegram-Mac-fygdgghdgmuleoelvxabfmqiotta/Build/Products/Debug/Telegram.app/Contents/Resources

CpResource /Users/buddhirajgautam/Library/Developer/Xcode/DerivedData/Telegram-Mac-fygdgghdgmuleoelvxabfmqiotta/Build/Products/Debug/Telegram.app/Contents/Resources/write_words.tgs /Users/buddhirajgautam/Documents/Cherrygram-Mac/macOS-Swift/Telegram-Mac/tgs/write_words.tgs (in target 'Telegram' from project 'Telegram')
    cd /Users/buddhirajgautam/Documents/Cherrygram-Mac/macOS-Swift
    builtin-copy -exclude .DS_Store -exclude CVS -exclude .svn -exclude .git -exclude .hg -resolve-src-symlinks /Users/buddhirajgautam/Documents/Cherrygram-Mac/macOS-Swift/Telegram-Mac/tgs/write_words.tgs /Users/buddhirajgautam/Library/Developer/Xcode/DerivedData/Telegram-Mac-fygdgghdgmuleoelvxabfmqiotta/Build/Products/Debug/Telegram.app/Contents/Resources

CpResource /Users/buddhirajgautam/Library/Developer/Xcode/DerivedData/Telegram-Mac-fygdgghdgmuleoelvxabfmqiotta/Build/Products/Debug/Telegram.app/Contents/Resources/wallet_success_created.tgs /Users/buddhirajgautam/Documents/Cherrygram-Mac/macOS-Swift/Telegram-Mac/tgs/wallet_success_created.tgs (in target 'Telegram' from project 'Telegram')
    cd /Users/buddhirajgautam/Documents/Cherrygram-Mac/macOS-Swift
    builtin-copy -exclude .DS_Store -exclude CVS -exclude .svn -exclude .git -exclude .hg -resolve-src-symlinks /Users/buddhirajgautam/Documents/Cherrygram-Mac/macOS-Swift/Telegram-Mac/tgs/wallet_success_created.tgs /Users/buddhirajgautam/Library/Developer/Xcode/DerivedData/Telegram-Mac-fygdgghdgmuleoelvxabfmqiotta/Build/Products/Debug/Telegram.app/Contents/Resources

CpResource /Users/buddhirajgautam/Library/Developer/Xcode/DerivedData/Telegram-Mac-fygdgghdgmuleoelvxabfmqiotta/Build/Products/Debug/Telegram.app/Contents/Resources/voip_ringback.caf /Users/buddhirajgautam/Documents/Cherrygram-Mac/macOS-Swift/Telegram-Mac/voip_ringback.caf (in target 'Telegram' from project 'Telegram')
    cd /Users/buddhirajgautam/Documents/Cherrygram-Mac/macOS-Swift
    builtin-copy -exclude .DS_Store -exclude CVS -exclude .svn -exclude .git -exclude .hg -resolve-src-symlinks /Users/buddhirajgautam/Documents/Cherrygram-Mac/macOS-Swift/Telegram-Mac/voip_ringback.caf /Users/buddhirajgautam/Library/Developer/Xcode/DerivedData/Telegram-Mac-fygdgghdgmuleoelvxabfmqiotta/Build/Products/Debug/Telegram.app/Contents/Resources

MkDir /Users/buddhirajgautam/Library/Developer/Xcode/DerivedData/Telegram-Mac-fygdgghdgmuleoelvxabfmqiotta/Build/Intermediates.noindex/Telegram.build/Debug/Telegram.build/assetcatalog_output/thinned (in target 'Telegram' from project 'Telegram')
    cd /Users/buddhirajgautam/Documents/Cherrygram-Mac/macOS-Swift
    /bin/mkdir -p /Users/buddhirajgautam/Library/Developer/Xcode/DerivedData/Telegram-Mac-fygdgghdgmuleoelvxabfmqiotta/Build/Intermediates.noindex/Telegram.build/Debug/Telegram.build/assetcatalog_output/thinned

MkDir /Users/buddhirajgautam/Library/Developer/Xcode/DerivedData/Telegram-Mac-fygdgghdgmuleoelvxabfmqiotta/Build/Intermediates.noindex/Telegram.build/Debug/Telegram.build/assetcatalog_output/unthinned (in target 'Telegram' from project 'Telegram')
    cd /Users/buddhirajgautam/Documents/Cherrygram-Mac/macOS-Swift
    /bin/mkdir -p /Users/buddhirajgautam/Library/Developer/Xcode/DerivedData/Telegram-Mac-fygdgghdgmuleoelvxabfmqiotta/Build/Intermediates.noindex/Telegram.build/Debug/Telegram.build/assetcatalog_output/unthinned

GenerateAssetSymbols /Users/buddhirajgautam/Documents/Cherrygram-Mac/macOS-Swift/Telegram-Mac/Assets.xcassets (in target 'Telegram' from project 'Telegram')
    cd /Users/buddhirajgautam/Documents/Cherrygram-Mac/macOS-Swift
    /Applications/Xcode.app/Contents/Developer/usr/bin/actool /Users/buddhirajgautam/Documents/Cherrygram-Mac/macOS-Swift/Telegram-Mac/Assets.xcassets --compile /Users/buddhirajgautam/Library/Developer/Xcode/DerivedData/Telegram-Mac-fygdgghdgmuleoelvxabfmqiotta/Build/Products/Debug/Telegram.app/Contents/Resources --output-format human-readable-text --notices --warnings --export-dependency-info /Users/buddhirajgautam/Library/Developer/Xcode/DerivedData/Telegram-Mac-fygdgghdgmuleoelvxabfmqiotta/Build/Intermediates.noindex/Telegram.build/Debug/Telegram.build/assetcatalog_dependencies --output-partial-info-plist /Users/buddhirajgautam/Library/Developer/Xcode/DerivedData/Telegram-Mac-fygdgghdgmuleoelvxabfmqiotta/Build/Intermediates.noindex/Telegram.build/Debug/Telegram.build/assetcatalog_generated_info.plist --app-icon AppIcon --enable-on-demand-resources NO --development-region English --target-device mac --minimum-deployment-target 12.0 --platform macosx --bundle-identifier ru.keepcoder.Telegram --generate-swift-asset-symbol-extensions NO --generate-swift-asset-symbols /Users/buddhirajgautam/Library/Developer/Xcode/DerivedData/Telegram-Mac-fygdgghdgmuleoelvxabfmqiotta/Build/Intermediates.noindex/Telegram.build/Debug/Telegram.build/DerivedSources/GeneratedAssetSymbols.swift --generate-objc-asset-symbols /Users/buddhirajgautam/Library/Developer/Xcode/DerivedData/Telegram-Mac-fygdgghdgmuleoelvxabfmqiotta/Build/Intermediates.noindex/Telegram.build/Debug/Telegram.build/DerivedSources/GeneratedAssetSymbols.h --generate-asset-symbol-index /Users/buddhirajgautam/Library/Developer/Xcode/DerivedData/Telegram-Mac-fygdgghdgmuleoelvxabfmqiotta/Build/Intermediates.noindex/Telegram.build/Debug/Telegram.build/DerivedSources/GeneratedAssetSymbols-Index.plist
/* com.apple.actool.compilation-results */
/Users/buddhirajgautam/Library/Developer/Xcode/DerivedData/Telegram-Mac-fygdgghdgmuleoelvxabfmqiotta/Build/Intermediates.noindex/Telegram.build/Debug/Telegram.build/DerivedSources/GeneratedAssetSymbols-Index.plist
/Users/buddhirajgautam/Library/Developer/Xcode/DerivedData/Telegram-Mac-fygdgghdgmuleoelvxabfmqiotta/Build/Intermediates.noindex/Telegram.build/Debug/Telegram.build/DerivedSources/GeneratedAssetSymbols.h
/Users/buddhirajgautam/Library/Developer/Xcode/DerivedData/Telegram-Mac-fygdgghdgmuleoelvxabfmqiotta/Build/Intermediates.noindex/Telegram.build/Debug/Telegram.build/DerivedSources/GeneratedAssetSymbols.swift


Ld /Users/buddhirajgautam/Library/Developer/Xcode/DerivedData/Telegram-Mac-fygdgghdgmuleoelvxabfmqiotta/Build/Products/Debug/Telegram.app/Contents/MacOS/__preview.dylib normal (in target 'Telegram' from project 'Telegram')
    cd /Users/buddhirajgautam/Documents/Cherrygram-Mac/macOS-Swift
    /Applications/Xcode.app/Contents/Developer/Toolchains/XcodeDefault.xctoolchain/usr/bin/clang -Xlinker -reproducible -target arm64-apple-macos12.0 -dynamiclib -isysroot /Applications/Xcode.app/Contents/Developer/Platforms/MacOSX.platform/Developer/SDKs/MacOSX27.0.sdk -O0 -Xlinker -no_warn_duplicate_libraries -L/Users/buddhirajgautam/Library/Developer/Xcode/DerivedData/Telegram-Mac-fygdgghdgmuleoelvxabfmqiotta/Build/Products/Debug -L/Users/buddhirajgautam/Documents/Cherrygram-Mac/macOS-Swift/core-xprojects/libvpx/build/libvpx/lib -L/Users/buddhirajgautam/Documents/Cherrygram-Mac/macOS-Swift/core-xprojects/ffmpeg/build/ffmpeg/lib -L/Users/buddhirajgautam/Documents/Cherrygram-Mac/macOS-Swift/core-xprojects/libopus/build/libopus/lib -L/Users/buddhirajgautam/Documents/Cherrygram-Mac/macOS-Swift/core-xprojects/libwebp/build/libwebp/lib -L/Users/buddhirajgautam/Documents/Cherrygram-Mac/macOS-Swift/core-xprojects/Mozjpeg/build -L/Users/buddhirajgautam/Documents/Cherrygram-Mac/macOS-Swift/core-xprojects/openssl/build/openssl/lib -L/Users/buddhirajgautam/Documents/Cherrygram-Mac/macOS-Swift/core-xprojects/webrtc/build/webrtc -L/Users/buddhirajgautam/Documents/Cherrygram-Mac/macOS-Swift/core-xprojects/OpenH264/build/output/lib -L/Users/buddhirajgautam/Documents/Cherrygram-Mac/macOS-Swift/core-xprojects/dav1d/build/dav1d/lib -L/Users/buddhirajgautam/Documents/Cherrygram-Mac/macOS-Swift/core-xprojects/tde2e/build/tde2e/lib -F/Users/buddhirajgautam/Library/Developer/Xcode/DerivedData/Telegram-Mac-fygdgghdgmuleoelvxabfmqiotta/Build/Products/Debug/PackageFrameworks -F/Users/buddhirajgautam/Library/Developer/Xcode/DerivedData/Telegram-Mac-fygdgghdgmuleoelvxabfmqiotta/Build/Products/Debug -F/Users/buddhirajgautam/Documents/Cherrygram-Mac/macOS-Swift -F/Applications/Xcode.app/Contents/Developer/Platforms/MacOSX.platform/Developer/SDKs/MacOSX27.0.sdk/System/Library/PrivateFrameworks -F/Users/buddhirajgautam/Documents/Cherrygram-Mac/macOS-Swift/submodules -F/Users/buddhirajgautam/Documents/Cherrygram-Mac/macOS-Swift/submodules/AppCenter -install_name @rpath/Telegram.debug.dylib -Xlinker -dead_strip -Xlinker -no_deduplicate -Xlinker -debug_variant -Xlinker -dependency_info -Xlinker /Users/buddhirajgautam/Library/Developer/Xcode/DerivedData/Telegram-Mac-fygdgghdgmuleoelvxabfmqiotta/Build/Intermediates.noindex/Telegram.build/Debug/Telegram.build/Objects-normal/arm64/Telegram_dependency_info.dat -o /Users/buddhirajgautam/Library/Developer/Xcode/DerivedData/Telegram-Mac-fygdgghdgmuleoelvxabfmqiotta/Build/Products/Debug/Telegram.app/Contents/MacOS/__preview.dylib

CpResource /Users/buddhirajgautam/Library/Developer/Xcode/DerivedData/Telegram-Mac-fygdgghdgmuleoelvxabfmqiotta/Build/Products/Debug/Telegram.app/Contents/Resources/voip_group_recording_started.mp3 /Users/buddhirajgautam/Documents/Cherrygram-Mac/macOS-Swift/Telegram-Mac/sounds/voip_group_recording_started.mp3 (in target 'Telegram' from project 'Telegram')
    cd /Users/buddhirajgautam/Documents/Cherrygram-Mac/macOS-Swift
    builtin-copy -exclude .DS_Store -exclude CVS -exclude .svn -exclude .git -exclude .hg -resolve-src-symlinks /Users/buddhirajgautam/Documents/Cherrygram-Mac/macOS-Swift/Telegram-Mac/sounds/voip_group_recording_started.mp3 /Users/buddhirajgautam/Library/Developer/Xcode/DerivedData/Telegram-Mac-fygdgghdgmuleoelvxabfmqiotta/Build/Products/Debug/Telegram.app/Contents/Resources

CpResource /Users/buddhirajgautam/Library/Developer/Xcode/DerivedData/Telegram-Mac-fygdgghdgmuleoelvxabfmqiotta/Build/Products/Debug/Telegram.app/Contents/Resources/voip_group_unmuted.mp3 /Users/buddhirajgautam/Documents/Cherrygram-Mac/macOS-Swift/Telegram-Mac/sounds/voip_group_unmuted.mp3 (in target 'Telegram' from project 'Telegram')
    cd /Users/buddhirajgautam/Documents/Cherrygram-Mac/macOS-Swift
    builtin-copy -exclude .DS_Store -exclude CVS -exclude .svn -exclude .git -exclude .hg -resolve-src-symlinks /Users/buddhirajgautam/Documents/Cherrygram-Mac/macOS-Swift/Telegram-Mac/sounds/voip_group_unmuted.mp3 /Users/buddhirajgautam/Library/Developer/Xcode/DerivedData/Telegram-Mac-fygdgghdgmuleoelvxabfmqiotta/Build/Products/Debug/Telegram.app/Contents/Resources

CpResource /Users/buddhirajgautam/Library/Developer/Xcode/DerivedData/Telegram-Mac-fygdgghdgmuleoelvxabfmqiotta/Build/Products/Debug/Telegram.app/Contents/Resources/voip_fail.caf /Users/buddhirajgautam/Documents/Cherrygram-Mac/macOS-Swift/Telegram-Mac/voip_fail.caf (in target 'Telegram' from project 'Telegram')
    cd /Users/buddhirajgautam/Documents/Cherrygram-Mac/macOS-Swift
    builtin-copy -exclude .DS_Store -exclude CVS -exclude .svn -exclude .git -exclude .hg -resolve-src-symlinks /Users/buddhirajgautam/Documents/Cherrygram-Mac/macOS-Swift/Telegram-Mac/voip_fail.caf /Users/buddhirajgautam/Library/Developer/Xcode/DerivedData/Telegram-Mac-fygdgghdgmuleoelvxabfmqiotta/Build/Products/Debug/Telegram.app/Contents/Resources

CpResource /Users/buddhirajgautam/Library/Developer/Xcode/DerivedData/Telegram-Mac-fygdgghdgmuleoelvxabfmqiotta/Build/Products/Debug/Telegram.app/Contents/Resources/voip_end.caf /Users/buddhirajgautam/Documents/Cherrygram-Mac/macOS-Swift/Telegram-Mac/voip_end.caf (in target 'Telegram' from project 'Telegram')
    cd /Users/buddhirajgautam/Documents/Cherrygram-Mac/macOS-Swift
    builtin-copy -exclude .DS_Store -exclude CVS -exclude .svn -exclude .git -exclude .hg -resolve-src-symlinks /Users/buddhirajgautam/Documents/Cherrygram-Mac/macOS-Swift/Telegram-Mac/voip_end.caf /Users/buddhirajgautam/Library/Developer/Xcode/DerivedData/Telegram-Mac-fygdgghdgmuleoelvxabfmqiotta/Build/Products/Debug/Telegram.app/Contents/Resources

CpResource /Users/buddhirajgautam/Library/Developer/Xcode/DerivedData/Telegram-Mac-fygdgghdgmuleoelvxabfmqiotta/Build/Products/Debug/Telegram.app/Contents/Resources/voip_connecting.mp3 /Users/buddhirajgautam/Documents/Cherrygram-Mac/macOS-Swift/Telegram-Mac/voip_connecting.mp3 (in target 'Telegram' from project 'Telegram')
    cd /Users/buddhirajgautam/Documents/Cherrygram-Mac/macOS-Swift
    builtin-copy -exclude .DS_Store -exclude CVS -exclude .svn -exclude .git -exclude .hg -resolve-src-symlinks /Users/buddhirajgautam/Documents/Cherrygram-Mac/macOS-Swift/Telegram-Mac/voip_connecting.mp3 /Users/buddhirajgautam/Library/Developer/Xcode/DerivedData/Telegram-Mac-fygdgghdgmuleoelvxabfmqiotta/Build/Products/Debug/Telegram.app/Contents/Resources

CpResource /Users/buddhirajgautam/Library/Developer/Xcode/DerivedData/Telegram-Mac-fygdgghdgmuleoelvxabfmqiotta/Build/Products/Debug/Telegram.app/Contents/Resources/voip_busy.caf /Users/buddhirajgautam/Documents/Cherrygram-Mac/macOS-Swift/Telegram-Mac/voip_busy.caf (in target 'Telegram' from project 'Telegram')
    cd /Users/buddhirajgautam/Documents/Cherrygram-Mac/macOS-Swift
    builtin-copy -exclude .DS_Store -exclude CVS -exclude .svn -exclude .git -exclude .hg -resolve-src-symlinks /Users/buddhirajgautam/Documents/Cherrygram-Mac/macOS-Swift/Telegram-Mac/voip_busy.caf /Users/buddhirajgautam/Library/Developer/Xcode/DerivedData/Telegram-Mac-fygdgghdgmuleoelvxabfmqiotta/Build/Products/Debug/Telegram.app/Contents/Resources

CpResource /Users/buddhirajgautam/Library/Developer/Xcode/DerivedData/Telegram-Mac-fygdgghdgmuleoelvxabfmqiotta/Build/Products/Debug/Telegram.app/Contents/Resources/voice_to_text.tgs /Users/buddhirajgautam/Documents/Cherrygram-Mac/macOS-Swift/Telegram-Mac/tgs/voice_to_text.tgs (in target 'Telegram' from project 'Telegram')
    cd /Users/buddhirajgautam/Documents/Cherrygram-Mac/macOS-Swift
    builtin-copy -exclude .DS_Store -exclude CVS -exclude .svn -exclude .git -exclude .hg -resolve-src-symlinks /Users/buddhirajgautam/Documents/Cherrygram-Mac/macOS-Swift/Telegram-Mac/tgs/voice_to_text.tgs /Users/buddhirajgautam/Library/Developer/Xcode/DerivedData/Telegram-Mac-fygdgghdgmuleoelvxabfmqiotta/Build/Products/Debug/Telegram.app/Contents/Resources

CpResource /Users/buddhirajgautam/Library/Developer/Xcode/DerivedData/Telegram-Mac-fygdgghdgmuleoelvxabfmqiotta/Build/Products/Debug/Telegram.app/Contents/Resources/voice_dots.tgs /Users/buddhirajgautam/Documents/Cherrygram-Mac/macOS-Swift/Telegram-Mac/tgs/voice_dots.tgs (in target 'Telegram' from project 'Telegram')
    cd /Users/buddhirajgautam/Documents/Cherrygram-Mac/macOS-Swift
    builtin-copy -exclude .DS_Store -exclude CVS -exclude .svn -exclude .git -exclude .hg -resolve-src-symlinks /Users/buddhirajgautam/Documents/Cherrygram-Mac/macOS-Swift/Telegram-Mac/tgs/voice_dots.tgs /Users/buddhirajgautam/Library/Developer/Xcode/DerivedData/Telegram-Mac-fygdgghdgmuleoelvxabfmqiotta/Build/Products/Debug/Telegram.app/Contents/Resources

CpResource /Users/buddhirajgautam/Library/Developer/Xcode/DerivedData/Telegram-Mac-fygdgghdgmuleoelvxabfmqiotta/Build/Products/Debug/Telegram.app/Contents/Resources/voice_chat_unmute.tgs /Users/buddhirajgautam/Documents/Cherrygram-Mac/macOS-Swift/Telegram-Mac/tgs/voice_chat_unmute.tgs (in target 'Telegram' from project 'Telegram')
    cd /Users/buddhirajgautam/Documents/Cherrygram-Mac/macOS-Swift
    builtin-copy -exclude .DS_Store -exclude CVS -exclude .svn -exclude .git -exclude .hg -resolve-src-symlinks /Users/buddhirajgautam/Documents/Cherrygram-Mac/macOS-Swift/Telegram-Mac/tgs/voice_chat_unmute.tgs /Users/buddhirajgautam/Library/Developer/Xcode/DerivedData/Telegram-Mac-fygdgghdgmuleoelvxabfmqiotta/Build/Products/Debug/Telegram.app/Contents/Resources

CpResource /Users/buddhirajgautam/Library/Developer/Xcode/DerivedData/Telegram-Mac-fygdgghdgmuleoelvxabfmqiotta/Build/Products/Debug/Telegram.app/Contents/Resources/voice_chat_start_chat_to_mute.tgs /Users/buddhirajgautam/Documents/Cherrygram-Mac/macOS-Swift/Telegram-Mac/tgs/voice_chat_start_chat_to_mute.tgs (in target 'Telegram' from project 'Telegram')
    cd /Users/buddhirajgautam/Documents/Cherrygram-Mac/macOS-Swift
    builtin-copy -exclude .DS_Store -exclude CVS -exclude .svn -exclude .git -exclude .hg -resolve-src-symlinks /Users/buddhirajgautam/Documents/Cherrygram-Mac/macOS-Swift/Telegram-Mac/tgs/voice_chat_start_chat_to_mute.tgs /Users/buddhirajgautam/Library/Developer/Xcode/DerivedData/Telegram-Mac-fygdgghdgmuleoelvxabfmqiotta/Build/Products/Debug/Telegram.app/Contents/Resources

CpResource /Users/buddhirajgautam/Library/Developer/Xcode/DerivedData/Telegram-Mac-fygdgghdgmuleoelvxabfmqiotta/Build/Products/Debug/Telegram.app/Contents/Resources/voice_chat_set_reminder_to_raise_hand.tgs /Users/buddhirajgautam/Documents/Cherrygram-Mac/macOS-Swift/Telegram-Mac/tgs/voice_chat_set_reminder_to_raise_hand.tgs (in target 'Telegram' from project 'Telegram')
    cd /Users/buddhirajgautam/Documents/Cherrygram-Mac/macOS-Swift
    builtin-copy -exclude .DS_Store -exclude CVS -exclude .svn -exclude .git -exclude .hg -resolve-src-symlinks /Users/buddhirajgautam/Documents/Cherrygram-Mac/macOS-Swift/Telegram-Mac/tgs/voice_chat_set_reminder_to_raise_hand.tgs /Users/buddhirajgautam/Library/Developer/Xcode/DerivedData/Telegram-Mac-fygdgghdgmuleoelvxabfmqiotta/Build/Products/Debug/Telegram.app/Contents/Resources

CpResource /Users/buddhirajgautam/Library/Developer/Xcode/DerivedData/Telegram-Mac-fygdgghdgmuleoelvxabfmqiotta/Build/Products/Debug/Telegram.app/Contents/Resources/voice_chat_set_reminder_to_mute.tgs /Users/buddhirajgautam/Documents/Cherrygram-Mac/macOS-Swift/Telegram-Mac/tgs/voice_chat_set_reminder_to_mute.tgs (in target 'Telegram' from project 'Telegram')
    cd /Users/buddhirajgautam/Documents/Cherrygram-Mac/macOS-Swift
    builtin-copy -exclude .DS_Store -exclude CVS -exclude .svn -exclude .git -exclude .hg -resolve-src-symlinks /Users/buddhirajgautam/Documents/Cherrygram-Mac/macOS-Swift/Telegram-Mac/tgs/voice_chat_set_reminder_to_mute.tgs /Users/buddhirajgautam/Library/Developer/Xcode/DerivedData/Telegram-Mac-fygdgghdgmuleoelvxabfmqiotta/Build/Products/Debug/Telegram.app/Contents/Resources

CpResource /Users/buddhirajgautam/Library/Developer/Xcode/DerivedData/Telegram-Mac-fygdgghdgmuleoelvxabfmqiotta/Build/Products/Debug/Telegram.app/Contents/Resources/voice_chat_set_reminder.tgs /Users/buddhirajgautam/Documents/Cherrygram-Mac/macOS-Swift/Telegram-Mac/tgs/voice_chat_set_reminder.tgs (in target 'Telegram' from project 'Telegram')
    cd /Users/buddhirajgautam/Documents/Cherrygram-Mac/macOS-Swift
    builtin-copy -exclude .DS_Store -exclude CVS -exclude .svn -exclude .git -exclude .hg -resolve-src-symlinks /Users/buddhirajgautam/Documents/Cherrygram-Mac/macOS-Swift/Telegram-Mac/tgs/voice_chat_set_reminder.tgs /Users/buddhirajgautam/Library/Developer/Xcode/DerivedData/Telegram-Mac-fygdgghdgmuleoelvxabfmqiotta/Build/Products/Debug/Telegram.app/Contents/Resources

CpResource /Users/buddhirajgautam/Library/Developer/Xcode/DerivedData/Telegram-Mac-fygdgghdgmuleoelvxabfmqiotta/Build/Products/Debug/Telegram.app/Contents/Resources/voice_chat_raise_hand_7.tgs /Users/buddhirajgautam/Documents/Cherrygram-Mac/macOS-Swift/Telegram-Mac/tgs/voice_chat_raise_hand_7.tgs (in target 'Telegram' from project 'Telegram')
    cd /Users/buddhirajgautam/Documents/Cherrygram-Mac/macOS-Swift
    builtin-copy -exclude .DS_Store -exclude CVS -exclude .svn -exclude .git -exclude .hg -resolve-src-symlinks /Users/buddhirajgautam/Documents/Cherrygram-Mac/macOS-Swift/Telegram-Mac/tgs/voice_chat_raise_hand_7.tgs /Users/buddhirajgautam/Library/Developer/Xcode/DerivedData/Telegram-Mac-fygdgghdgmuleoelvxabfmqiotta/Build/Products/Debug/Telegram.app/Contents/Resources

CpResource /Users/buddhirajgautam/Library/Developer/Xcode/DerivedData/Telegram-Mac-fygdgghdgmuleoelvxabfmqiotta/Build/Products/Debug/Telegram.app/Contents/Resources/voice_chat_raise_hand_6.tgs /Users/buddhirajgautam/Documents/Cherrygram-Mac/macOS-Swift/Telegram-Mac/tgs/voice_chat_raise_hand_6.tgs (in target 'Telegram' from project 'Telegram')
    cd /Users/buddhirajgautam/Documents/Cherrygram-Mac/macOS-Swift
    builtin-copy -exclude .DS_Store -exclude CVS -exclude .svn -exclude .git -exclude .hg -resolve-src-symlinks /Users/buddhirajgautam/Documents/Cherrygram-Mac/macOS-Swift/Telegram-Mac/tgs/voice_chat_raise_hand_6.tgs /Users/buddhirajgautam/Library/Developer/Xcode/DerivedData/Telegram-Mac-fygdgghdgmuleoelvxabfmqiotta/Build/Products/Debug/Telegram.app/Contents/Resources

CpResource /Users/buddhirajgautam/Library/Developer/Xcode/DerivedData/Telegram-Mac-fygdgghdgmuleoelvxabfmqiotta/Build/Products/Debug/Telegram.app/Contents/Resources/voice_chat_raise_hand_5.tgs /Users/buddhirajgautam/Documents/Cherrygram-Mac/macOS-Swift/Telegram-Mac/tgs/voice_chat_raise_hand_5.tgs (in target 'Telegram' from project 'Telegram')
    cd /Users/buddhirajgautam/Documents/Cherrygram-Mac/macOS-Swift
    builtin-copy -exclude .DS_Store -exclude CVS -exclude .svn -exclude .git -exclude .hg -resolve-src-symlinks /Users/buddhirajgautam/Documents/Cherrygram-Mac/macOS-Swift/Telegram-Mac/tgs/voice_chat_raise_hand_5.tgs /Users/buddhirajgautam/Library/Developer/Xcode/DerivedData/Telegram-Mac-fygdgghdgmuleoelvxabfmqiotta/Build/Products/Debug/Telegram.app/Contents/Resources

CpResource /Users/buddhirajgautam/Library/Developer/Xcode/DerivedData/Telegram-Mac-fygdgghdgmuleoelvxabfmqiotta/Build/Products/Debug/Telegram.app/Contents/Resources/voice_chat_raise_hand_4.tgs /Users/buddhirajgautam/Documents/Cherrygram-Mac/macOS-Swift/Telegram-Mac/tgs/voice_chat_raise_hand_4.tgs (in target 'Telegram' from project 'Telegram')
    cd /Users/buddhirajgautam/Documents/Cherrygram-Mac/macOS-Swift
    builtin-copy -exclude .DS_Store -exclude CVS -exclude .svn -exclude .git -exclude .hg -resolve-src-symlinks /Users/buddhirajgautam/Documents/Cherrygram-Mac/macOS-Swift/Telegram-Mac/tgs/voice_chat_raise_hand_4.tgs /Users/buddhirajgautam/Library/Developer/Xcode/DerivedData/Telegram-Mac-fygdgghdgmuleoelvxabfmqiotta/Build/Products/Debug/Telegram.app/Contents/Resources

CpResource /Users/buddhirajgautam/Library/Developer/Xcode/DerivedData/Telegram-Mac-fygdgghdgmuleoelvxabfmqiotta/Build/Products/Debug/Telegram.app/Contents/Resources/voice_chat_raise_hand_3.tgs /Users/buddhirajgautam/Documents/Cherrygram-Mac/macOS-Swift/Telegram-Mac/tgs/voice_chat_raise_hand_3.tgs (in target 'Telegram' from project 'Telegram')
    cd /Users/buddhirajgautam/Documents/Cherrygram-Mac/macOS-Swift
    builtin-copy -exclude .DS_Store -exclude CVS -exclude .svn -exclude .git -exclude .hg -resolve-src-symlinks /Users/buddhirajgautam/Documents/Cherrygram-Mac/macOS-Swift/Telegram-Mac/tgs/voice_chat_raise_hand_3.tgs /Users/buddhirajgautam/Library/Developer/Xcode/DerivedData/Telegram-Mac-fygdgghdgmuleoelvxabfmqiotta/Build/Products/Debug/Telegram.app/Contents/Resources

CpResource /Users/buddhirajgautam/Library/Developer/Xcode/DerivedData/Telegram-Mac-fygdgghdgmuleoelvxabfmqiotta/Build/Products/Debug/Telegram.app/Contents/Resources/voice_chat_raise_hand_2.tgs /Users/buddhirajgautam/Documents/Cherrygram-Mac/macOS-Swift/Telegram-Mac/tgs/voice_chat_raise_hand_2.tgs (in target 'Telegram' from project 'Telegram')
    cd /Users/buddhirajgautam/Documents/Cherrygram-Mac/macOS-Swift
    builtin-copy -exclude .DS_Store -exclude CVS -exclude .svn -exclude .git -exclude .hg -resolve-src-symlinks /Users/buddhirajgautam/Documents/Cherrygram-Mac/macOS-Swift/Telegram-Mac/tgs/voice_chat_raise_hand_2.tgs /Users/buddhirajgautam/Library/Developer/Xcode/DerivedData/Telegram-Mac-fygdgghdgmuleoelvxabfmqiotta/Build/Products/Debug/Telegram.app/Contents/Resources

CpResource /Users/buddhirajgautam/Library/Developer/Xcode/DerivedData/Telegram-Mac-fygdgghdgmuleoelvxabfmqiotta/Build/Products/Debug/Telegram.app/Contents/Resources/voice_chat_raise_hand_1.tgs /Users/buddhirajgautam/Documents/Cherrygram-Mac/macOS-Swift/Telegram-Mac/tgs/voice_chat_raise_hand_1.tgs (in target 'Telegram' from project 'Telegram')
    cd /Users/buddhirajgautam/Documents/Cherrygram-Mac/macOS-Swift
    builtin-copy -exclude .DS_Store -exclude CVS -exclude .svn -exclude .git -exclude .hg -resolve-src-symlinks /Users/buddhirajgautam/Documents/Cherrygram-Mac/macOS-Swift/Telegram-Mac/tgs/voice_chat_raise_hand_1.tgs /Users/buddhirajgautam/Library/Developer/Xcode/DerivedData/Telegram-Mac-fygdgghdgmuleoelvxabfmqiotta/Build/Products/Debug/Telegram.app/Contents/Resources

CpResource /Users/buddhirajgautam/Library/Developer/Xcode/DerivedData/Telegram-Mac-fygdgghdgmuleoelvxabfmqiotta/Build/Products/Debug/Telegram.app/Contents/Resources/voice_chat_mute.tgs /Users/buddhirajgautam/Documents/Cherrygram-Mac/macOS-Swift/Telegram-Mac/tgs/voice_chat_mute.tgs (in target 'Telegram' from project 'Telegram')
    cd /Users/buddhirajgautam/Documents/Cherrygram-Mac/macOS-Swift
    builtin-copy -exclude .DS_Store -exclude CVS -exclude .svn -exclude .git -exclude .hg -resolve-src-symlinks /Users/buddhirajgautam/Documents/Cherrygram-Mac/macOS-Swift/Telegram-Mac/tgs/voice_chat_mute.tgs /Users/buddhirajgautam/Library/Developer/Xcode/DerivedData/Telegram-Mac-fygdgghdgmuleoelvxabfmqiotta/Build/Products/Debug/Telegram.app/Contents/Resources

CpResource /Users/buddhirajgautam/Library/Developer/Xcode/DerivedData/Telegram-Mac-fygdgghdgmuleoelvxabfmqiotta/Build/Products/Debug/Telegram.app/Contents/Resources/voice_chat_hand_on_unmuted.tgs /Users/buddhirajgautam/Documents/Cherrygram-Mac/macOS-Swift/Telegram-Mac/tgs/voice_chat_hand_on_unmuted.tgs (in target 'Telegram' from project 'Telegram')
    cd /Users/buddhirajgautam/Documents/Cherrygram-Mac/macOS-Swift
    builtin-copy -exclude .DS_Store -exclude CVS -exclude .svn -exclude .git -exclude .hg -resolve-src-symlinks /Users/buddhirajgautam/Documents/Cherrygram-Mac/macOS-Swift/Telegram-Mac/tgs/voice_chat_hand_on_unmuted.tgs /Users/buddhirajgautam/Library/Developer/Xcode/DerivedData/Telegram-Mac-fygdgghdgmuleoelvxabfmqiotta/Build/Products/Debug/Telegram.app/Contents/Resources

CpResource /Users/buddhirajgautam/Library/Developer/Xcode/DerivedData/Telegram-Mac-fygdgghdgmuleoelvxabfmqiotta/Build/Products/Debug/Telegram.app/Contents/Resources/voice_chat_hand_on_muted.tgs /Users/buddhirajgautam/Documents/Cherrygram-Mac/macOS-Swift/Telegram-Mac/tgs/voice_chat_hand_on_muted.tgs (in target 'Telegram' from project 'Telegram')
    cd /Users/buddhirajgautam/Documents/Cherrygram-Mac/macOS-Swift
    builtin-copy -exclude .DS_Store -exclude CVS -exclude .svn -exclude .git -exclude .hg -resolve-src-symlinks /Users/buddhirajgautam/Documents/Cherrygram-Mac/macOS-Swift/Telegram-Mac/tgs/voice_chat_hand_on_muted.tgs /Users/buddhirajgautam/Library/Developer/Xcode/DerivedData/Telegram-Mac-fygdgghdgmuleoelvxabfmqiotta/Build/Products/Debug/Telegram.app/Contents/Resources

CpResource /Users/buddhirajgautam/Library/Developer/Xcode/DerivedData/Telegram-Mac-fygdgghdgmuleoelvxabfmqiotta/Build/Products/Debug/Telegram.app/Contents/Resources/voice_chat_hand_off.tgs /Users/buddhirajgautam/Documents/Cherrygram-Mac/macOS-Swift/Telegram-Mac/tgs/voice_chat_hand_off.tgs (in target 'Telegram' from project 'Telegram')
    cd /Users/buddhirajgautam/Documents/Cherrygram-Mac/macOS-Swift
    builtin-copy -exclude .DS_Store -exclude CVS -exclude .svn -exclude .git -exclude .hg -resolve-src-symlinks /Users/buddhirajgautam/Documents/Cherrygram-Mac/macOS-Swift/Telegram-Mac/tgs/voice_chat_hand_off.tgs /Users/buddhirajgautam/Library/Developer/Xcode/DerivedData/Telegram-Mac-fygdgghdgmuleoelvxabfmqiotta/Build/Products/Debug/Telegram.app/Contents/Resources

CpResource /Users/buddhirajgautam/Library/Developer/Xcode/DerivedData/Telegram-Mac-fygdgghdgmuleoelvxabfmqiotta/Build/Products/Debug/Telegram.app/Contents/Resources/voice_chat_cancel_reminder_to_raise_hand.tgs /Users/buddhirajgautam/Documents/Cherrygram-Mac/macOS-Swift/Telegram-Mac/tgs/voice_chat_cancel_reminder_to_raise_hand.tgs (in target 'Telegram' from project 'Telegram')
    cd /Users/buddhirajgautam/Documents/Cherrygram-Mac/macOS-Swift
    builtin-copy -exclude .DS_Store -exclude CVS -exclude .svn -exclude .git -exclude .hg -resolve-src-symlinks /Users/buddhirajgautam/Documents/Cherrygram-Mac/macOS-Swift/Telegram-Mac/tgs/voice_chat_cancel_reminder_to_raise_hand.tgs /Users/buddhirajgautam/Library/Developer/Xcode/DerivedData/Telegram-Mac-fygdgghdgmuleoelvxabfmqiotta/Build/Products/Debug/Telegram.app/Contents/Resources

CpResource /Users/buddhirajgautam/Library/Developer/Xcode/DerivedData/Telegram-Mac-fygdgghdgmuleoelvxabfmqiotta/Build/Products/Debug/Telegram.app/Contents/Resources/voice_chat_cancel_reminder_to_mute.tgs /Users/buddhirajgautam/Documents/Cherrygram-Mac/macOS-Swift/Telegram-Mac/tgs/voice_chat_cancel_reminder_to_mute.tgs (in target 'Telegram' from project 'Telegram')
    cd /Users/buddhirajgautam/Documents/Cherrygram-Mac/macOS-Swift
    builtin-copy -exclude .DS_Store -exclude CVS -exclude .svn -exclude .git -exclude .hg -resolve-src-symlinks /Users/buddhirajgautam/Documents/Cherrygram-Mac/macOS-Swift/Telegram-Mac/tgs/voice_chat_cancel_reminder_to_mute.tgs /Users/buddhirajgautam/Library/Developer/Xcode/DerivedData/Telegram-Mac-fygdgghdgmuleoelvxabfmqiotta/Build/Products/Debug/Telegram.app/Contents/Resources

CpResource /Users/buddhirajgautam/Library/Developer/Xcode/DerivedData/Telegram-Mac-fygdgghdgmuleoelvxabfmqiotta/Build/Products/Debug/Telegram.app/Contents/Resources/voice_chat_cancel_reminder.tgs /Users/buddhirajgautam/Documents/Cherrygram-Mac/macOS-Swift/Telegram-Mac/tgs/voice_chat_cancel_reminder.tgs (in target 'Telegram' from project 'Telegram')
    cd /Users/buddhirajgautam/Documents/Cherrygram-Mac/macOS-Swift
    builtin-copy -exclude .DS_Store -exclude CVS -exclude .svn -exclude .git -exclude .hg -resolve-src-symlinks /Users/buddhirajgautam/Documents/Cherrygram-Mac/macOS-Swift/Telegram-Mac/tgs/voice_chat_cancel_reminder.tgs /Users/buddhirajgautam/Library/Developer/Xcode/DerivedData/Telegram-Mac-fygdgghdgmuleoelvxabfmqiotta/Build/Products/Debug/Telegram.app/Contents/Resources

CpResource /Users/buddhirajgautam/Library/Developer/Xcode/DerivedData/Telegram-Mac-fygdgghdgmuleoelvxabfmqiotta/Build/Products/Debug/Telegram.app/Contents/Resources/url-schemes.txt /Users/buddhirajgautam/Documents/Cherrygram-Mac/macOS-Swift/Telegram-Mac/url-schemes.txt (in target 'Telegram' from project 'Telegram')
    cd /Users/buddhirajgautam/Documents/Cherrygram-Mac/macOS-Swift
    builtin-copy -exclude .DS_Store -exclude CVS -exclude .svn -exclude .git -exclude .hg -resolve-src-symlinks /Users/buddhirajgautam/Documents/Cherrygram-Mac/macOS-Swift/Telegram-Mac/url-schemes.txt /Users/buddhirajgautam/Library/Developer/Xcode/DerivedData/Telegram-Mac-fygdgghdgmuleoelvxabfmqiotta/Build/Products/Debug/Telegram.app/Contents/Resources

CpResource /Users/buddhirajgautam/Library/Developer/Xcode/DerivedData/Telegram-Mac-fygdgghdgmuleoelvxabfmqiotta/Build/Products/Debug/Telegram.app/Contents/Resources/transcription_locked.tgs /Users/buddhirajgautam/Documents/Cherrygram-Mac/macOS-Swift/Telegram-Mac/tgs/transcription_locked.tgs (in target 'Telegram' from project 'Telegram')
    cd /Users/buddhirajgautam/Documents/Cherrygram-Mac/macOS-Swift
    builtin-copy -exclude .DS_Store -exclude CVS -exclude .svn -exclude .git -exclude .hg -resolve-src-symlinks /Users/buddhirajgautam/Documents/Cherrygram-Mac/macOS-Swift/Telegram-Mac/tgs/transcription_locked.tgs /Users/buddhirajgautam/Library/Developer/Xcode/DerivedData/Telegram-Mac-fygdgghdgmuleoelvxabfmqiotta/Build/Products/Debug/Telegram.app/Contents/Resources

CpResource /Users/buddhirajgautam/Library/Developer/Xcode/DerivedData/Telegram-Mac-fygdgghdgmuleoelvxabfmqiotta/Build/Products/Debug/Telegram.app/Contents/Resources/topics.tgs /Users/buddhirajgautam/Documents/Cherrygram-Mac/macOS-Swift/Telegram-Mac/tgs/topics.tgs (in target 'Telegram' from project 'Telegram')
    cd /Users/buddhirajgautam/Documents/Cherrygram-Mac/macOS-Swift
    builtin-copy -exclude .DS_Store -exclude CVS -exclude .svn -exclude .git -exclude .hg -resolve-src-symlinks /Users/buddhirajgautam/Documents/Cherrygram-Mac/macOS-Swift/Telegram-Mac/tgs/topics.tgs /Users/buddhirajgautam/Library/Developer/Xcode/DerivedData/Telegram-Mac-fygdgghdgmuleoelvxabfmqiotta/Build/Products/Debug/Telegram.app/Contents/Resources

CpResource /Users/buddhirajgautam/Library/Developer/Xcode/DerivedData/Telegram-Mac-fygdgghdgmuleoelvxabfmqiotta/Build/Products/Debug/Telegram.app/Contents/Resources/ton_logo.tgs /Users/buddhirajgautam/Documents/Cherrygram-Mac/macOS-Swift/Telegram-Mac/tgs/ton_logo.tgs (in target 'Telegram' from project 'Telegram')
    cd /Users/buddhirajgautam/Documents/Cherrygram-Mac/macOS-Swift
    builtin-copy -exclude .DS_Store -exclude CVS -exclude .svn -exclude .git -exclude .hg -resolve-src-symlinks /Users/buddhirajgautam/Documents/Cherrygram-Mac/macOS-Swift/Telegram-Mac/tgs/ton_logo.tgs /Users/buddhirajgautam/Library/Developer/Xcode/DerivedData/Telegram-Mac-fygdgghdgmuleoelvxabfmqiotta/Build/Products/Debug/Telegram.app/Contents/Resources

CpResource /Users/buddhirajgautam/Library/Developer/Xcode/DerivedData/Telegram-Mac-fygdgghdgmuleoelvxabfmqiotta/Build/Products/Debug/Telegram.app/Contents/Resources/ton_gift_red.tgs /Users/buddhirajgautam/Documents/Cherrygram-Mac/macOS-Swift/Telegram-Mac/tgs/ton_gift_red.tgs (in target 'Telegram' from project 'Telegram')
    cd /Users/buddhirajgautam/Documents/Cherrygram-Mac/macOS-Swift
    builtin-copy -exclude .DS_Store -exclude CVS -exclude .svn -exclude .git -exclude .hg -resolve-src-symlinks /Users/buddhirajgautam/Documents/Cherrygram-Mac/macOS-Swift/Telegram-Mac/tgs/ton_gift_red.tgs /Users/buddhirajgautam/Library/Developer/Xcode/DerivedData/Telegram-Mac-fygdgghdgmuleoelvxabfmqiotta/Build/Products/Debug/Telegram.app/Contents/Resources

CpResource /Users/buddhirajgautam/Library/Developer/Xcode/DerivedData/Telegram-Mac-fygdgghdgmuleoelvxabfmqiotta/Build/Products/Debug/Telegram.app/Contents/Resources/ton_gift_green.tgs /Users/buddhirajgautam/Documents/Cherrygram-Mac/macOS-Swift/Telegram-Mac/tgs/ton_gift_green.tgs (in target 'Telegram' from project 'Telegram')
    cd /Users/buddhirajgautam/Documents/Cherrygram-Mac/macOS-Swift
    builtin-copy -exclude .DS_Store -exclude CVS -exclude .svn -exclude .git -exclude .hg -resolve-src-symlinks /Users/buddhirajgautam/Documents/Cherrygram-Mac/macOS-Swift/Telegram-Mac/tgs/ton_gift_green.tgs /Users/buddhirajgautam/Library/Developer/Xcode/DerivedData/Telegram-Mac-fygdgghdgmuleoelvxabfmqiotta/Build/Products/Debug/Telegram.app/Contents/Resources

CpResource /Users/buddhirajgautam/Library/Developer/Xcode/DerivedData/Telegram-Mac-fygdgghdgmuleoelvxabfmqiotta/Build/Products/Debug/Telegram.app/Contents/Resources/ton_gift_blue.tgs /Users/buddhirajgautam/Documents/Cherrygram-Mac/macOS-Swift/Telegram-Mac/tgs/ton_gift_blue.tgs (in target 'Telegram' from project 'Telegram')
    cd /Users/buddhirajgautam/Documents/Cherrygram-Mac/macOS-Swift
    builtin-copy -exclude .DS_Store -exclude CVS -exclude .svn -exclude .git -exclude .hg -resolve-src-symlinks /Users/buddhirajgautam/Documents/Cherrygram-Mac/macOS-Swift/Telegram-Mac/tgs/ton_gift_blue.tgs /Users/buddhirajgautam/Library/Developer/Xcode/DerivedData/Telegram-Mac-fygdgghdgmuleoelvxabfmqiotta/Build/Products/Debug/Telegram.app/Contents/Resources

CpResource /Users/buddhirajgautam/Library/Developer/Xcode/DerivedData/Telegram-Mac-fygdgghdgmuleoelvxabfmqiotta/Build/Products/Debug/Telegram.app/Contents/Resources/thumbsup.tgs /Users/buddhirajgautam/Documents/Cherrygram-Mac/macOS-Swift/Telegram-Mac/tgs/thumbsup.tgs (in target 'Telegram' from project 'Telegram')
    cd /Users/buddhirajgautam/Documents/Cherrygram-Mac/macOS-Swift
    builtin-copy -exclude .DS_Store -exclude CVS -exclude .svn -exclude .git -exclude .hg -resolve-src-symlinks /Users/buddhirajgautam/Documents/Cherrygram-Mac/macOS-Swift/Telegram-Mac/tgs/thumbsup.tgs /Users/buddhirajgautam/Library/Developer/Xcode/DerivedData/Telegram-Mac-fygdgghdgmuleoelvxabfmqiotta/Build/Products/Debug/Telegram.app/Contents/Resources

CpResource /Users/buddhirajgautam/Library/Developer/Xcode/DerivedData/Telegram-Mac-fygdgghdgmuleoelvxabfmqiotta/Build/Products/Debug/Telegram.app/Contents/Resources/think_spectacular.tgs /Users/buddhirajgautam/Documents/Cherrygram-Mac/macOS-Swift/Telegram-Mac/tgs/think_spectacular.tgs (in target 'Telegram' from project 'Telegram')
    cd /Users/buddhirajgautam/Documents/Cherrygram-Mac/macOS-Swift
    builtin-copy -exclude .DS_Store -exclude CVS -exclude .svn -exclude .git -exclude .hg -resolve-src-symlinks /Users/buddhirajgautam/Documents/Cherrygram-Mac/macOS-Swift/Telegram-Mac/tgs/think_spectacular.tgs /Users/buddhirajgautam/Library/Developer/Xcode/DerivedData/Telegram-Mac-fygdgghdgmuleoelvxabfmqiotta/Build/Products/Debug/Telegram.app/Contents/Resources

CpResource /Users/buddhirajgautam/Library/Developer/Xcode/DerivedData/Telegram-Mac-fygdgghdgmuleoelvxabfmqiotta/Build/Products/Debug/Telegram.app/Contents/Resources/texture.jpg /Users/buddhirajgautam/Documents/Cherrygram-Mac/macOS-Swift/Telegram-Mac/premium/texture.jpg (in target 'Telegram' from project 'Telegram')
    cd /Users/buddhirajgautam/Documents/Cherrygram-Mac/macOS-Swift
    builtin-copy -exclude .DS_Store -exclude CVS -exclude .svn -exclude .git -exclude .hg -resolve-src-symlinks /Users/buddhirajgautam/Documents/Cherrygram-Mac/macOS-Swift/Telegram-Mac/premium/texture.jpg /Users/buddhirajgautam/Library/Developer/Xcode/DerivedData/Telegram-Mac-fygdgghdgmuleoelvxabfmqiotta/Build/Products/Debug/Telegram.app/Contents/Resources

CpResource /Users/buddhirajgautam/Library/Developer/Xcode/DerivedData/Telegram-Mac-fygdgghdgmuleoelvxabfmqiotta/Build/Products/Debug/Telegram.app/Contents/Resources/text_to_voice.tgs /Users/buddhirajgautam/Documents/Cherrygram-Mac/macOS-Swift/Telegram-Mac/tgs/text_to_voice.tgs (in target 'Telegram' from project 'Telegram')
    cd /Users/buddhirajgautam/Documents/Cherrygram-Mac/macOS-Swift
    builtin-copy -exclude .DS_Store -exclude CVS -exclude .svn -exclude .git -exclude .hg -resolve-src-symlinks /Users/buddhirajgautam/Documents/Cherrygram-Mac/macOS-Swift/Telegram-Mac/tgs/text_to_voice.tgs /Users/buddhirajgautam/Library/Developer/Xcode/DerivedData/Telegram-Mac-fygdgghdgmuleoelvxabfmqiotta/Build/Products/Debug/Telegram.app/Contents/Resources

CpResource /Users/buddhirajgautam/Library/Developer/Xcode/DerivedData/Telegram-Mac-fygdgghdgmuleoelvxabfmqiotta/Build/Products/Debug/Telegram.app/Contents/Resources/symbols.tgs /Users/buddhirajgautam/Documents/Cherrygram-Mac/macOS-Swift/Telegram-Mac/tgs/emojies/symbols.tgs (in target 'Telegram' from project 'Telegram')
    cd /Users/buddhirajgautam/Documents/Cherrygram-Mac/macOS-Swift
    builtin-copy -exclude .DS_Store -exclude CVS -exclude .svn -exclude .git -exclude .hg -resolve-src-symlinks /Users/buddhirajgautam/Documents/Cherrygram-Mac/macOS-Swift/Telegram-Mac/tgs/emojies/symbols.tgs /Users/buddhirajgautam/Library/Developer/Xcode/DerivedData/Telegram-Mac-fygdgghdgmuleoelvxabfmqiotta/Build/Products/Debug/Telegram.app/Contents/Resources

CpResource /Users/buddhirajgautam/Library/Developer/Xcode/DerivedData/Telegram-Mac-fygdgghdgmuleoelvxabfmqiotta/Build/Products/Debug/Telegram.app/Contents/Resources/swap_money.tgs /Users/buddhirajgautam/Documents/Cherrygram-Mac/macOS-Swift/Telegram-Mac/tgs/swap_money.tgs (in target 'Telegram' from project 'Telegram')
    cd /Users/buddhirajgautam/Documents/Cherrygram-Mac/macOS-Swift
    builtin-copy -exclude .DS_Store -exclude CVS -exclude .svn -exclude .git -exclude .hg -resolve-src-symlinks /Users/buddhirajgautam/Documents/Cherrygram-Mac/macOS-Swift/Telegram-Mac/tgs/swap_money.tgs /Users/buddhirajgautam/Library/Developer/Xcode/DerivedData/Telegram-Mac-fygdgghdgmuleoelvxabfmqiotta/Build/Products/Debug/Telegram.app/Contents/Resources

CpResource /Users/buddhirajgautam/Library/Developer/Xcode/DerivedData/Telegram-Mac-fygdgghdgmuleoelvxabfmqiotta/Build/Products/Debug/Telegram.app/Contents/Resources/success_saved.tgs /Users/buddhirajgautam/Documents/Cherrygram-Mac/macOS-Swift/Telegram-Mac/tgs/success_saved.tgs (in target 'Telegram' from project 'Telegram')
    cd /Users/buddhirajgautam/Documents/Cherrygram-Mac/macOS-Swift
    builtin-copy -exclude .DS_Store -exclude CVS -exclude .svn -exclude .git -exclude .hg -resolve-src-symlinks /Users/buddhirajgautam/Documents/Cherrygram-Mac/macOS-Swift/Telegram-Mac/tgs/success_saved.tgs /Users/buddhirajgautam/Library/Developer/Xcode/DerivedData/Telegram-Mac-fygdgghdgmuleoelvxabfmqiotta/Build/Products/Debug/Telegram.app/Contents/Resources

CpResource /Users/buddhirajgautam/Library/Developer/Xcode/DerivedData/Telegram-Mac-fygdgghdgmuleoelvxabfmqiotta/Build/Products/Debug/Telegram.app/Contents/Resources/stories_archive.tgs /Users/buddhirajgautam/Documents/Cherrygram-Mac/macOS-Swift/Telegram-Mac/tgs/stories_archive.tgs (in target 'Telegram' from project 'Telegram')
    cd /Users/buddhirajgautam/Documents/Cherrygram-Mac/macOS-Swift
    builtin-copy -exclude .DS_Store -exclude CVS -exclude .svn -exclude .git -exclude .hg -resolve-src-symlinks /Users/buddhirajgautam/Documents/Cherrygram-Mac/macOS-Swift/Telegram-Mac/tgs/stories_archive.tgs /Users/buddhirajgautam/Library/Developer/Xcode/DerivedData/Telegram-Mac-fygdgghdgmuleoelvxabfmqiotta/Build/Products/Debug/Telegram.app/Contents/Resources

CpResource /Users/buddhirajgautam/Library/Developer/Xcode/DerivedData/Telegram-Mac-fygdgghdgmuleoelvxabfmqiotta/Build/Products/Debug/Telegram.app/Contents/Resources/star_currency_part_new.tgs /Users/buddhirajgautam/Documents/Cherrygram-Mac/macOS-Swift/Telegram-Mac/tgs/star_currency_part_new.tgs (in target 'Telegram' from project 'Telegram')
    cd /Users/buddhirajgautam/Documents/Cherrygram-Mac/macOS-Swift
    builtin-copy -exclude .DS_Store -exclude CVS -exclude .svn -exclude .git -exclude .hg -resolve-src-symlinks /Users/buddhirajgautam/Documents/Cherrygram-Mac/macOS-Swift/Telegram-Mac/tgs/star_currency_part_new.tgs /Users/buddhirajgautam/Library/Developer/Xcode/DerivedData/Telegram-Mac-fygdgghdgmuleoelvxabfmqiotta/Build/Products/Debug/Telegram.app/Contents/Resources

CpResource /Users/buddhirajgautam/Library/Developer/Xcode/DerivedData/Telegram-Mac-fygdgghdgmuleoelvxabfmqiotta/Build/Products/Debug/Telegram.app/Contents/Resources/star_currency_new.tgs /Users/buddhirajgautam/Documents/Cherrygram-Mac/macOS-Swift/Telegram-Mac/tgs/star_currency_new.tgs (in target 'Telegram' from project 'Telegram')
    cd /Users/buddhirajgautam/Documents/Cherrygram-Mac/macOS-Swift
    builtin-copy -exclude .DS_Store -exclude CVS -exclude .svn -exclude .git -exclude .hg -resolve-src-symlinks /Users/buddhirajgautam/Documents/Cherrygram-Mac/macOS-Swift/Telegram-Mac/tgs/star_currency_new.tgs /Users/buddhirajgautam/Library/Developer/Xcode/DerivedData/Telegram-Mac-fygdgghdgmuleoelvxabfmqiotta/Build/Products/Debug/Telegram.app/Contents/Resources

CpResource /Users/buddhirajgautam/Library/Developer/Xcode/DerivedData/Telegram-Mac-fygdgghdgmuleoelvxabfmqiotta/Build/Products/Debug/Telegram.app/Contents/Resources/sound_a.caf /Users/buddhirajgautam/Documents/Cherrygram-Mac/macOS-Swift/Telegram-Mac/sound_a.caf (in target 'Telegram' from project 'Telegram')
    cd /Users/buddhirajgautam/Documents/Cherrygram-Mac/macOS-Swift
    builtin-copy -exclude .DS_Store -exclude CVS -exclude .svn -exclude .git -exclude .hg -resolve-src-symlinks /Users/buddhirajgautam/Documents/Cherrygram-Mac/macOS-Swift/Telegram-Mac/sound_a.caf /Users/buddhirajgautam/Library/Developer/Xcode/DerivedData/Telegram-Mac-fygdgghdgmuleoelvxabfmqiotta/Build/Products/Debug/Telegram.app/Contents/Resources

CpResource /Users/buddhirajgautam/Library/Developer/Xcode/DerivedData/Telegram-Mac-fygdgghdgmuleoelvxabfmqiotta/Build/Products/Debug/Telegram.app/Contents/Resources/smiles.tgs /Users/buddhirajgautam/Documents/Cherrygram-Mac/macOS-Swift/Telegram-Mac/tgs/emojies/smiles.tgs (in target 'Telegram' from project 'Telegram')
    cd /Users/buddhirajgautam/Documents/Cherrygram-Mac/macOS-Swift
    builtin-copy -exclude .DS_Store -exclude CVS -exclude .svn -exclude .git -exclude .hg -resolve-src-symlinks /Users/buddhirajgautam/Documents/Cherrygram-Mac/macOS-Swift/Telegram-Mac/tgs/emojies/smiles.tgs /Users/buddhirajgautam/Library/Developer/Xcode/DerivedData/Telegram-Mac-fygdgghdgmuleoelvxabfmqiotta/Build/Products/Debug/Telegram.app/Contents/Resources

CpResource /Users/buddhirajgautam/Library/Developer/Xcode/DerivedData/Telegram-Mac-fygdgghdgmuleoelvxabfmqiotta/Build/Products/Debug/Telegram.app/Contents/Resources/smart_guy.tgs /Users/buddhirajgautam/Documents/Cherrygram-Mac/macOS-Swift/Telegram-Mac/tgs/smart_guy.tgs (in target 'Telegram' from project 'Telegram')
    cd /Users/buddhirajgautam/Documents/Cherrygram-Mac/macOS-Swift
    builtin-copy -exclude .DS_Store -exclude CVS -exclude .svn -exclude .git -exclude .hg -resolve-src-symlinks /Users/buddhirajgautam/Documents/Cherrygram-Mac/macOS-Swift/Telegram-Mac/tgs/smart_guy.tgs /Users/buddhirajgautam/Library/Developer/Xcode/DerivedData/Telegram-Mac-fygdgghdgmuleoelvxabfmqiotta/Build/Products/Debug/Telegram.app/Contents/Resources

CpResource /Users/buddhirajgautam/Library/Developer/Xcode/DerivedData/Telegram-Mac-fygdgghdgmuleoelvxabfmqiotta/Build/Products/Debug/Telegram.app/Contents/Resources/single_voice_fire.tgs /Users/buddhirajgautam/Documents/Cherrygram-Mac/macOS-Swift/Telegram-Mac/tgs/single_voice_fire.tgs (in target 'Telegram' from project 'Telegram')
    cd /Users/buddhirajgautam/Documents/Cherrygram-Mac/macOS-Swift
    builtin-copy -exclude .DS_Store -exclude CVS -exclude .svn -exclude .git -exclude .hg -resolve-src-symlinks /Users/buddhirajgautam/Documents/Cherrygram-Mac/macOS-Swift/Telegram-Mac/tgs/single_voice_fire.tgs /Users/buddhirajgautam/Library/Developer/Xcode/DerivedData/Telegram-Mac-fygdgghdgmuleoelvxabfmqiotta/Build/Products/Debug/Telegram.app/Contents/Resources

CpResource /Users/buddhirajgautam/Library/Developer/Xcode/DerivedData/Telegram-Mac-fygdgghdgmuleoelvxabfmqiotta/Build/Products/Debug/Telegram.app/Contents/Resources/show_status_read.tgs /Users/buddhirajgautam/Documents/Cherrygram-Mac/macOS-Swift/Telegram-Mac/tgs/show_status_read.tgs (in target 'Telegram' from project 'Telegram')
    cd /Users/buddhirajgautam/Documents/Cherrygram-Mac/macOS-Swift
    builtin-copy -exclude .DS_Store -exclude CVS -exclude .svn -exclude .git -exclude .hg -resolve-src-symlinks /Users/buddhirajgautam/Documents/Cherrygram-Mac/macOS-Swift/Telegram-Mac/tgs/show_status_read.tgs /Users/buddhirajgautam/Library/Developer/Xcode/DerivedData/Telegram-Mac-fygdgghdgmuleoelvxabfmqiotta/Build/Products/Debug/Telegram.app/Contents/Resources

CpResource /Users/buddhirajgautam/Library/Developer/Xcode/DerivedData/Telegram-Mac-fygdgghdgmuleoelvxabfmqiotta/Build/Products/Debug/Telegram.app/Contents/Resources/show_status_profile.tgs /Users/buddhirajgautam/Documents/Cherrygram-Mac/macOS-Swift/Telegram-Mac/tgs/show_status_profile.tgs (in target 'Telegram' from project 'Telegram')
    cd /Users/buddhirajgautam/Documents/Cherrygram-Mac/macOS-Swift
    builtin-copy -exclude .DS_Store -exclude CVS -exclude .svn -exclude .git -exclude .hg -resolve-src-symlinks /Users/buddhirajgautam/Documents/Cherrygram-Mac/macOS-Swift/Telegram-Mac/tgs/show_status_profile.tgs /Users/buddhirajgautam/Library/Developer/Xcode/DerivedData/Telegram-Mac-fygdgghdgmuleoelvxabfmqiotta/Build/Products/Debug/Telegram.app/Contents/Resources

CpResource /Users/buddhirajgautam/Library/Developer/Xcode/DerivedData/Telegram-Mac-fygdgghdgmuleoelvxabfmqiotta/Build/Products/Debug/Telegram.app/Contents/Resources/share_folder.tgs /Users/buddhirajgautam/Documents/Cherrygram-Mac/macOS-Swift/Telegram-Mac/tgs/share_folder.tgs (in target 'Telegram' from project 'Telegram')
    cd /Users/buddhirajgautam/Documents/Cherrygram-Mac/macOS-Swift
    builtin-copy -exclude .DS_Store -exclude CVS -exclude .svn -exclude .git -exclude .hg -resolve-src-symlinks /Users/buddhirajgautam/Documents/Cherrygram-Mac/macOS-Swift/Telegram-Mac/tgs/share_folder.tgs /Users/buddhirajgautam/Library/Developer/Xcode/DerivedData/Telegram-Mac-fygdgghdgmuleoelvxabfmqiotta/Build/Products/Debug/Telegram.app/Contents/Resources

CpResource /Users/buddhirajgautam/Library/Developer/Xcode/DerivedData/Telegram-Mac-fygdgghdgmuleoelvxabfmqiotta/Build/Products/Debug/Telegram.app/Contents/Resources/sent.mp3 /Users/buddhirajgautam/Documents/Cherrygram-Mac/macOS-Swift/Telegram-Mac/sent.mp3 (in target 'Telegram' from project 'Telegram')
    cd /Users/buddhirajgautam/Documents/Cherrygram-Mac/macOS-Swift
    builtin-copy -exclude .DS_Store -exclude CVS -exclude .svn -exclude .git -exclude .hg -resolve-src-symlinks /Users/buddhirajgautam/Documents/Cherrygram-Mac/macOS-Swift/Telegram-Mac/sent.mp3 /Users/buddhirajgautam/Library/Developer/Xcode/DerivedData/Telegram-Mac-fygdgghdgmuleoelvxabfmqiotta/Build/Products/Debug/Telegram.app/Contents/Resources

CpResource /Users/buddhirajgautam/Library/Developer/Xcode/DerivedData/Telegram-Mac-fygdgghdgmuleoelvxabfmqiotta/Build/Products/Debug/Telegram.app/Contents/Resources/screenon.tgs /Users/buddhirajgautam/Documents/Cherrygram-Mac/macOS-Swift/Telegram-Mac/tgs/screenon.tgs (in target 'Telegram' from project 'Telegram')
    cd /Users/buddhirajgautam/Documents/Cherrygram-Mac/macOS-Swift
    builtin-copy -exclude .DS_Store -exclude CVS -exclude .svn -exclude .git -exclude .hg -resolve-src-symlinks /Users/buddhirajgautam/Documents/Cherrygram-Mac/macOS-Swift/Telegram-Mac/tgs/screenon.tgs /Users/buddhirajgautam/Library/Developer/Xcode/DerivedData/Telegram-Mac-fygdgghdgmuleoelvxabfmqiotta/Build/Products/Debug/Telegram.app/Contents/Resources

CpResource /Users/buddhirajgautam/Library/Developer/Xcode/DerivedData/Telegram-Mac-fygdgghdgmuleoelvxabfmqiotta/Build/Products/Debug/Telegram.app/Contents/Resources/screenoff.tgs /Users/buddhirajgautam/Documents/Cherrygram-Mac/macOS-Swift/Telegram-Mac/tgs/screenoff.tgs (in target 'Telegram' from project 'Telegram')
    cd /Users/buddhirajgautam/Documents/Cherrygram-Mac/macOS-Swift
    builtin-copy -exclude .DS_Store -exclude CVS -exclude .svn -exclude .git -exclude .hg -resolve-src-symlinks /Users/buddhirajgautam/Documents/Cherrygram-Mac/macOS-Swift/Telegram-Mac/tgs/screenoff.tgs /Users/buddhirajgautam/Library/Developer/Xcode/DerivedData/Telegram-Mac-fygdgghdgmuleoelvxabfmqiotta/Build/Products/Debug/Telegram.app/Contents/Resources

CpResource /Users/buddhirajgautam/Library/Developer/Xcode/DerivedData/Telegram-Mac-fygdgghdgmuleoelvxabfmqiotta/Build/Products/Debug/Telegram.app/Contents/Resources/sad_man.tgs /Users/buddhirajgautam/Documents/Cherrygram-Mac/macOS-Swift/Telegram-Mac/tgs/sad_man.tgs (in target 'Telegram' from project 'Telegram')
    cd /Users/buddhirajgautam/Documents/Cherrygram-Mac/macOS-Swift
    builtin-copy -exclude .DS_Store -exclude CVS -exclude .svn -exclude .git -exclude .hg -resolve-src-symlinks /Users/buddhirajgautam/Documents/Cherrygram-Mac/macOS-Swift/Telegram-Mac/tgs/sad_man.tgs /Users/buddhirajgautam/Library/Developer/Xcode/DerivedData/Telegram-Mac-fygdgghdgmuleoelvxabfmqiotta/Build/Products/Debug/Telegram.app/Contents/Resources

CpResource /Users/buddhirajgautam/Library/Developer/Xcode/DerivedData/Telegram-Mac-fygdgghdgmuleoelvxabfmqiotta/Build/Products/Debug/Telegram.app/Contents/Resources/request_join_link.tgs /Users/buddhirajgautam/Documents/Cherrygram-Mac/macOS-Swift/Telegram-Mac/tgs/request_join_link.tgs (in target 'Telegram' from project 'Telegram')
    cd /Users/buddhirajgautam/Documents/Cherrygram-Mac/macOS-Swift
    builtin-copy -exclude .DS_Store -exclude CVS -exclude .svn -exclude .git -exclude .hg -resolve-src-symlinks /Users/buddhirajgautam/Documents/Cherrygram-Mac/macOS-Swift/Telegram-Mac/tgs/request_join_link.tgs /Users/buddhirajgautam/Library/Developer/Xcode/DerivedData/Telegram-Mac-fygdgghdgmuleoelvxabfmqiotta/Build/Products/Debug/Telegram.app/Contents/Resources

CpResource /Users/buddhirajgautam/Library/Developer/Xcode/DerivedData/Telegram-Mac-fygdgghdgmuleoelvxabfmqiotta/Build/Products/Debug/Telegram.app/Contents/Resources/reconnecting.mp3 /Users/buddhirajgautam/Documents/Cherrygram-Mac/macOS-Swift/Telegram-Mac/sounds/reconnecting.mp3 (in target 'Telegram' from project 'Telegram')
    cd /Users/buddhirajgautam/Documents/Cherrygram-Mac/macOS-Swift
    builtin-copy -exclude .DS_Store -exclude CVS -exclude .svn -exclude .git -exclude .hg -resolve-src-symlinks /Users/buddhirajgautam/Documents/Cherrygram-Mac/macOS-Swift/Telegram-Mac/sounds/reconnecting.mp3 /Users/buddhirajgautam/Library/Developer/Xcode/DerivedData/Telegram-Mac-fygdgghdgmuleoelvxabfmqiotta/Build/Products/Debug/Telegram.app/Contents/Resources

CpResource /Users/buddhirajgautam/Library/Developer/Xcode/DerivedData/Telegram-Mac-fygdgghdgmuleoelvxabfmqiotta/Build/Products/Debug/Telegram.app/Contents/Resources/random.jpg /Users/buddhirajgautam/Documents/Cherrygram-Mac/macOS-Swift/Telegram-Mac/premium/matrix/random.jpg (in target 'Telegram' from project 'Telegram')
    cd /Users/buddhirajgautam/Documents/Cherrygram-Mac/macOS-Swift
    builtin-copy -exclude .DS_Store -exclude CVS -exclude .svn -exclude .git -exclude .hg -resolve-src-symlinks /Users/buddhirajgautam/Documents/Cherrygram-Mac/macOS-Swift/Telegram-Mac/premium/matrix/random.jpg /Users/buddhirajgautam/Library/Developer/Xcode/DerivedData/Telegram-Mac-fygdgghdgmuleoelvxabfmqiotta/Build/Products/Debug/Telegram.app/Contents/Resources

CpResource /Users/buddhirajgautam/Library/Developer/Xcode/DerivedData/Telegram-Mac-fygdgghdgmuleoelvxabfmqiotta/Build/Products/Debug/Telegram.app/Contents/Resources/quiz-incorrect.mp3 /Users/buddhirajgautam/Documents/Cherrygram-Mac/macOS-Swift/Telegram-Mac/sounds/quiz-incorrect.mp3 (in target 'Telegram' from project 'Telegram')
    cd /Users/buddhirajgautam/Documents/Cherrygram-Mac/macOS-Swift
    builtin-copy -exclude .DS_Store -exclude CVS -exclude .svn -exclude .git -exclude .hg -resolve-src-symlinks /Users/buddhirajgautam/Documents/Cherrygram-Mac/macOS-Swift/Telegram-Mac/sounds/quiz-incorrect.mp3 /Users/buddhirajgautam/Library/Developer/Xcode/DerivedData/Telegram-Mac-fygdgghdgmuleoelvxabfmqiotta/Build/Products/Debug/Telegram.app/Contents/Resources

CpResource /Users/buddhirajgautam/Library/Developer/Xcode/DerivedData/Telegram-Mac-fygdgghdgmuleoelvxabfmqiotta/Build/Products/Debug/Telegram.app/Contents/Resources/quiz-correct.mp3 /Users/buddhirajgautam/Documents/Cherrygram-Mac/macOS-Swift/Telegram-Mac/sounds/quiz-correct.mp3 (in target 'Telegram' from project 'Telegram')
    cd /Users/buddhirajgautam/Documents/Cherrygram-Mac/macOS-Swift
    builtin-copy -exclude .DS_Store -exclude CVS -exclude .svn -exclude .git -exclude .hg -resolve-src-symlinks /Users/buddhirajgautam/Documents/Cherrygram-Mac/macOS-Swift/Telegram-Mac/sounds/quiz-correct.mp3 /Users/buddhirajgautam/Library/Developer/Xcode/DerivedData/Telegram-Mac-fygdgghdgmuleoelvxabfmqiotta/Build/Products/Debug/Telegram.app/Contents/Resources

CpResource /Users/buddhirajgautam/Library/Developer/Xcode/DerivedData/Telegram-Mac-fygdgghdgmuleoelvxabfmqiotta/Build/Products/Debug/Telegram.app/Contents/Resources/qrcode_matrix.tgs /Users/buddhirajgautam/Documents/Cherrygram-Mac/macOS-Swift/Telegram-Mac/tgs/qrcode_matrix.tgs (in target 'Telegram' from project 'Telegram')
    cd /Users/buddhirajgautam/Documents/Cherrygram-Mac/macOS-Swift
    builtin-copy -exclude .DS_Store -exclude CVS -exclude .svn -exclude .git -exclude .hg -resolve-src-symlinks /Users/buddhirajgautam/Documents/Cherrygram-Mac/macOS-Swift/Telegram-Mac/tgs/qrcode_matrix.tgs /Users/buddhirajgautam/Library/Developer/Xcode/DerivedData/Telegram-Mac-fygdgghdgmuleoelvxabfmqiotta/Build/Products/Debug/Telegram.app/Contents/Resources

CpResource /Users/buddhirajgautam/Library/Developer/Xcode/DerivedData/Telegram-Mac-fygdgghdgmuleoelvxabfmqiotta/Build/Products/Debug/Telegram.app/Contents/Resources/premium_unlock.tgs /Users/buddhirajgautam/Documents/Cherrygram-Mac/macOS-Swift/Telegram-Mac/tgs/premium_unlock.tgs (in target 'Telegram' from project 'Telegram')
    cd /Users/buddhirajgautam/Documents/Cherrygram-Mac/macOS-Swift
    builtin-copy -exclude .DS_Store -exclude CVS -exclude .svn -exclude .git -exclude .hg -resolve-src-symlinks /Users/buddhirajgautam/Documents/Cherrygram-Mac/macOS-Swift/Telegram-Mac/tgs/premium_unlock.tgs /Users/buddhirajgautam/Library/Developer/Xcode/DerivedData/Telegram-Mac-fygdgghdgmuleoelvxabfmqiotta/Build/Products/Debug/Telegram.app/Contents/Resources

CpResource /Users/buddhirajgautam/Library/Developer/Xcode/DerivedData/Telegram-Mac-fygdgghdgmuleoelvxabfmqiotta/Build/Products/Debug/Telegram.app/Contents/Resources/premium_reaction_effect_5.tgs /Users/buddhirajgautam/Documents/Cherrygram-Mac/macOS-Swift/Telegram-Mac/tgs/premium_reactions/premium_reaction_effect_5.tgs (in target 'Telegram' from project 'Telegram')
    cd /Users/buddhirajgautam/Documents/Cherrygram-Mac/macOS-Swift
    builtin-copy -exclude .DS_Store -exclude CVS -exclude .svn -exclude .git -exclude .hg -resolve-src-symlinks /Users/buddhirajgautam/Documents/Cherrygram-Mac/macOS-Swift/Telegram-Mac/tgs/premium_reactions/premium_reaction_effect_5.tgs /Users/buddhirajgautam/Library/Developer/Xcode/DerivedData/Telegram-Mac-fygdgghdgmuleoelvxabfmqiotta/Build/Products/Debug/Telegram.app/Contents/Resources

CpResource /Users/buddhirajgautam/Library/Developer/Xcode/DerivedData/Telegram-Mac-fygdgghdgmuleoelvxabfmqiotta/Build/Products/Debug/Telegram.app/Contents/Resources/premium_reaction_effect_4.tgs /Users/buddhirajgautam/Documents/Cherrygram-Mac/macOS-Swift/Telegram-Mac/tgs/premium_reactions/premium_reaction_effect_4.tgs (in target 'Telegram' from project 'Telegram')
    cd /Users/buddhirajgautam/Documents/Cherrygram-Mac/macOS-Swift
    builtin-copy -exclude .DS_Store -exclude CVS -exclude .svn -exclude .git -exclude .hg -resolve-src-symlinks /Users/buddhirajgautam/Documents/Cherrygram-Mac/macOS-Swift/Telegram-Mac/tgs/premium_reactions/premium_reaction_effect_4.tgs /Users/buddhirajgautam/Library/Developer/Xcode/DerivedData/Telegram-Mac-fygdgghdgmuleoelvxabfmqiotta/Build/Products/Debug/Telegram.app/Contents/Resources

CpResource /Users/buddhirajgautam/Library/Developer/Xcode/DerivedData/Telegram-Mac-fygdgghdgmuleoelvxabfmqiotta/Build/Products/Debug/Telegram.app/Contents/Resources/premium_reaction_effect_3.tgs /Users/buddhirajgautam/Documents/Cherrygram-Mac/macOS-Swift/Telegram-Mac/tgs/premium_reactions/premium_reaction_effect_3.tgs (in target 'Telegram' from project 'Telegram')
    cd /Users/buddhirajgautam/Documents/Cherrygram-Mac/macOS-Swift
    builtin-copy -exclude .DS_Store -exclude CVS -exclude .svn -exclude .git -exclude .hg -resolve-src-symlinks /Users/buddhirajgautam/Documents/Cherrygram-Mac/macOS-Swift/Telegram-Mac/tgs/premium_reactions/premium_reaction_effect_3.tgs /Users/buddhirajgautam/Library/Developer/Xcode/DerivedData/Telegram-Mac-fygdgghdgmuleoelvxabfmqiotta/Build/Products/Debug/Telegram.app/Contents/Resources

CpResource /Users/buddhirajgautam/Library/Developer/Xcode/DerivedData/Telegram-Mac-fygdgghdgmuleoelvxabfmqiotta/Build/Products/Debug/Telegram.app/Contents/Resources/premium_reaction_effect_2.tgs /Users/buddhirajgautam/Documents/Cherrygram-Mac/macOS-Swift/Telegram-Mac/tgs/premium_reactions/premium_reaction_effect_2.tgs (in target 'Telegram' from project 'Telegram')
    cd /Users/buddhirajgautam/Documents/Cherrygram-Mac/macOS-Swift
    builtin-copy -exclude .DS_Store -exclude CVS -exclude .svn -exclude .git -exclude .hg -resolve-src-symlinks /Users/buddhirajgautam/Documents/Cherrygram-Mac/macOS-Swift/Telegram-Mac/tgs/premium_reactions/premium_reaction_effect_2.tgs /Users/buddhirajgautam/Library/Developer/Xcode/DerivedData/Telegram-Mac-fygdgghdgmuleoelvxabfmqiotta/Build/Products/Debug/Telegram.app/Contents/Resources

CpResource /Users/buddhirajgautam/Library/Developer/Xcode/DerivedData/Telegram-Mac-fygdgghdgmuleoelvxabfmqiotta/Build/Products/Debug/Telegram.app/Contents/Resources/premium_reaction_effect_1.tgs /Users/buddhirajgautam/Documents/Cherrygram-Mac/macOS-Swift/Telegram-Mac/tgs/premium_reactions/premium_reaction_effect_1.tgs (in target 'Telegram' from project 'Telegram')
    cd /Users/buddhirajgautam/Documents/Cherrygram-Mac/macOS-Swift
    builtin-copy -exclude .DS_Store -exclude CVS -exclude .svn -exclude .git -exclude .hg -resolve-src-symlinks /Users/buddhirajgautam/Documents/Cherrygram-Mac/macOS-Swift/Telegram-Mac/tgs/premium_reactions/premium_reaction_effect_1.tgs /Users/buddhirajgautam/Library/Developer/Xcode/DerivedData/Telegram-Mac-fygdgghdgmuleoelvxabfmqiotta/Build/Products/Debug/Telegram.app/Contents/Resources

CpResource /Users/buddhirajgautam/Library/Developer/Xcode/DerivedData/Telegram-Mac-fygdgghdgmuleoelvxabfmqiotta/Build/Products/Debug/Telegram.app/Contents/Resources/premium_reaction_6.tgs /Users/buddhirajgautam/Documents/Cherrygram-Mac/macOS-Swift/Telegram-Mac/tgs/premium_reactions/premium_reaction_6.tgs (in target 'Telegram' from project 'Telegram')
    cd /Users/buddhirajgautam/Documents/Cherrygram-Mac/macOS-Swift
    builtin-copy -exclude .DS_Store -exclude CVS -exclude .svn -exclude .git -exclude .hg -resolve-src-symlinks /Users/buddhirajgautam/Documents/Cherrygram-Mac/macOS-Swift/Telegram-Mac/tgs/premium_reactions/premium_reaction_6.tgs /Users/buddhirajgautam/Library/Developer/Xcode/DerivedData/Telegram-Mac-fygdgghdgmuleoelvxabfmqiotta/Build/Products/Debug/Telegram.app/Contents/Resources

CpResource /Users/buddhirajgautam/Library/Developer/Xcode/DerivedData/Telegram-Mac-fygdgghdgmuleoelvxabfmqiotta/Build/Products/Debug/Telegram.app/Contents/Resources/premium_gift_6.tgs /Users/buddhirajgautam/Documents/Cherrygram-Mac/macOS-Swift/Telegram-Mac/tgs/premium_gift_6.tgs (in target 'Telegram' from project 'Telegram')
    cd /Users/buddhirajgautam/Documents/Cherrygram-Mac/macOS-Swift
    builtin-copy -exclude .DS_Store -exclude CVS -exclude .svn -exclude .git -exclude .hg -resolve-src-symlinks /Users/buddhirajgautam/Documents/Cherrygram-Mac/macOS-Swift/Telegram-Mac/tgs/premium_gift_6.tgs /Users/buddhirajgautam/Library/Developer/Xcode/DerivedData/Telegram-Mac-fygdgghdgmuleoelvxabfmqiotta/Build/Products/Debug/Telegram.app/Contents/Resources

CpResource /Users/buddhirajgautam/Library/Developer/Xcode/DerivedData/Telegram-Mac-fygdgghdgmuleoelvxabfmqiotta/Build/Products/Debug/Telegram.app/Contents/Resources/premium_gift_3.tgs /Users/buddhirajgautam/Documents/Cherrygram-Mac/macOS-Swift/Telegram-Mac/tgs/premium_gift_3.tgs (in target 'Telegram' from project 'Telegram')
    cd /Users/buddhirajgautam/Documents/Cherrygram-Mac/macOS-Swift
    builtin-copy -exclude .DS_Store -exclude CVS -exclude .svn -exclude .git -exclude .hg -resolve-src-symlinks /Users/buddhirajgautam/Documents/Cherrygram-Mac/macOS-Swift/Telegram-Mac/tgs/premium_gift_3.tgs /Users/buddhirajgautam/Library/Developer/Xcode/DerivedData/Telegram-Mac-fygdgghdgmuleoelvxabfmqiotta/Build/Products/Debug/Telegram.app/Contents/Resources

CpResource /Users/buddhirajgautam/Library/Developer/Xcode/DerivedData/Telegram-Mac-fygdgghdgmuleoelvxabfmqiotta/Build/Products/Debug/Telegram.app/Contents/Resources/premium_gift_12.tgs /Users/buddhirajgautam/Documents/Cherrygram-Mac/macOS-Swift/Telegram-Mac/tgs/premium_gift_12.tgs (in target 'Telegram' from project 'Telegram')
    cd /Users/buddhirajgautam/Documents/Cherrygram-Mac/macOS-Swift
    builtin-copy -exclude .DS_Store -exclude CVS -exclude .svn -exclude .git -exclude .hg -resolve-src-symlinks /Users/buddhirajgautam/Documents/Cherrygram-Mac/macOS-Swift/Telegram-Mac/tgs/premium_gift_12.tgs /Users/buddhirajgautam/Library/Developer/Xcode/DerivedData/Telegram-Mac-fygdgghdgmuleoelvxabfmqiotta/Build/Products/Debug/Telegram.app/Contents/Resources

CpResource /Users/buddhirajgautam/Library/Developer/Xcode/DerivedData/Telegram-Mac-fygdgghdgmuleoelvxabfmqiotta/Build/Products/Debug/Telegram.app/Contents/Resources/premium_double.tgs /Users/buddhirajgautam/Documents/Cherrygram-Mac/macOS-Swift/Telegram-Mac/tgs/premium_double.tgs (in target 'Telegram' from project 'Telegram')
    cd /Users/buddhirajgautam/Documents/Cherrygram-Mac/macOS-Swift
    builtin-copy -exclude .DS_Store -exclude CVS -exclude .svn -exclude .git -exclude .hg -resolve-src-symlinks /Users/buddhirajgautam/Documents/Cherrygram-Mac/macOS-Swift/Telegram-Mac/tgs/premium_double.tgs /Users/buddhirajgautam/Library/Developer/Xcode/DerivedData/Telegram-Mac-fygdgghdgmuleoelvxabfmqiotta/Build/Products/Debug/Telegram.app/Contents/Resources

CpResource /Users/buddhirajgautam/Library/Developer/Xcode/DerivedData/Telegram-Mac-fygdgghdgmuleoelvxabfmqiotta/Build/Products/Debug/Telegram.app/Contents/Resources/premium_addone.tgs /Users/buddhirajgautam/Documents/Cherrygram-Mac/macOS-Swift/Telegram-Mac/tgs/premium_addone.tgs (in target 'Telegram' from project 'Telegram')
    cd /Users/buddhirajgautam/Documents/Cherrygram-Mac/macOS-Swift
    builtin-copy -exclude .DS_Store -exclude CVS -exclude .svn -exclude .git -exclude .hg -resolve-src-symlinks /Users/buddhirajgautam/Documents/Cherrygram-Mac/macOS-Swift/Telegram-Mac/tgs/premium_addone.tgs /Users/buddhirajgautam/Library/Developer/Xcode/DerivedData/Telegram-Mac-fygdgghdgmuleoelvxabfmqiotta/Build/Products/Debug/Telegram.app/Contents/Resources

CpResource /Users/buddhirajgautam/Library/Developer/Xcode/DerivedData/Telegram-Mac-fygdgghdgmuleoelvxabfmqiotta/Build/Products/Debug/Telegram.app/Contents/Resources/police.tgs /Users/buddhirajgautam/Documents/Cherrygram-Mac/macOS-Swift/Telegram-Mac/tgs/police.tgs (in target 'Telegram' from project 'Telegram')
    cd /Users/buddhirajgautam/Documents/Cherrygram-Mac/macOS-Swift
    builtin-copy -exclude .DS_Store -exclude CVS -exclude .svn -exclude .git -exclude .hg -resolve-src-symlinks /Users/buddhirajgautam/Documents/Cherrygram-Mac/macOS-Swift/Telegram-Mac/tgs/police.tgs /Users/buddhirajgautam/Library/Developer/Xcode/DerivedData/Telegram-Mac-fygdgghdgmuleoelvxabfmqiotta/Build/Products/Debug/Telegram.app/Contents/Resources

CpResource /Users/buddhirajgautam/Library/Developer/Xcode/DerivedData/Telegram-Mac-fygdgghdgmuleoelvxabfmqiotta/Build/Products/Debug/Telegram.app/Contents/Resources/playlist_play_pause.tgs /Users/buddhirajgautam/Documents/Cherrygram-Mac/macOS-Swift/Telegram-Mac/tgs/playlist_play_pause.tgs (in target 'Telegram' from project 'Telegram')
    cd /Users/buddhirajgautam/Documents/Cherrygram-Mac/macOS-Swift
    builtin-copy -exclude .DS_Store -exclude CVS -exclude .svn -exclude .git -exclude .hg -resolve-src-symlinks /Users/buddhirajgautam/Documents/Cherrygram-Mac/macOS-Swift/Telegram-Mac/tgs/playlist_play_pause.tgs /Users/buddhirajgautam/Library/Developer/Xcode/DerivedData/Telegram-Mac-fygdgghdgmuleoelvxabfmqiotta/Build/Products/Debug/Telegram.app/Contents/Resources

CpResource /Users/buddhirajgautam/Library/Developer/Xcode/DerivedData/Telegram-Mac-fygdgghdgmuleoelvxabfmqiotta/Build/Products/Debug/Telegram.app/Contents/Resources/playlist_pause_play.tgs /Users/buddhirajgautam/Documents/Cherrygram-Mac/macOS-Swift/Telegram-Mac/tgs/playlist_pause_play.tgs (in target 'Telegram' from project 'Telegram')
    cd /Users/buddhirajgautam/Documents/Cherrygram-Mac/macOS-Swift
    builtin-copy -exclude .DS_Store -exclude CVS -exclude .svn -exclude .git -exclude .hg -resolve-src-symlinks /Users/buddhirajgautam/Documents/Cherrygram-Mac/macOS-Swift/Telegram-Mac/tgs/playlist_pause_play.tgs /Users/buddhirajgautam/Library/Developer/Xcode/DerivedData/Telegram-Mac-fygdgghdgmuleoelvxabfmqiotta/Build/Products/Debug/Telegram.app/Contents/Resources

CpResource /Users/buddhirajgautam/Library/Developer/Xcode/DerivedData/Telegram-Mac-fygdgghdgmuleoelvxabfmqiotta/Build/Products/Debug/Telegram.app/Contents/Resources/places.tgs /Users/buddhirajgautam/Documents/Cherrygram-Mac/macOS-Swift/Telegram-Mac/tgs/emojies/places.tgs (in target 'Telegram' from project 'Telegram')
    cd /Users/buddhirajgautam/Documents/Cherrygram-Mac/macOS-Swift
    builtin-copy -exclude .DS_Store -exclude CVS -exclude .svn -exclude .git -exclude .hg -resolve-src-symlinks /Users/buddhirajgautam/Documents/Cherrygram-Mac/macOS-Swift/Telegram-Mac/tgs/emojies/places.tgs /Users/buddhirajgautam/Library/Developer/Xcode/DerivedData/Telegram-Mac-fygdgghdgmuleoelvxabfmqiotta/Build/Products/Debug/Telegram.app/Contents/Resources

CpResource /Users/buddhirajgautam/Library/Developer/Xcode/DerivedData/Telegram-Mac-fygdgghdgmuleoelvxabfmqiotta/Build/Products/Debug/Telegram.app/Contents/Resources/pirate_flag.tgs /Users/buddhirajgautam/Documents/Cherrygram-Mac/macOS-Swift/Telegram-Mac/tgs/pirate_flag.tgs (in target 'Telegram' from project 'Telegram')
    cd /Users/buddhirajgautam/Documents/Cherrygram-Mac/macOS-Swift
    builtin-copy -exclude .DS_Store -exclude CVS -exclude .svn -exclude .git -exclude .hg -resolve-src-symlinks /Users/buddhirajgautam/Documents/Cherrygram-Mac/macOS-Swift/Telegram-Mac/tgs/pirate_flag.tgs /Users/buddhirajgautam/Library/Developer/Xcode/DerivedData/Telegram-Mac-fygdgghdgmuleoelvxabfmqiotta/Build/Products/Debug/Telegram.app/Contents/Resources

CpResource /Users/buddhirajgautam/Library/Developer/Xcode/DerivedData/Telegram-Mac-fygdgghdgmuleoelvxabfmqiotta/Build/Products/Debug/Telegram.app/Contents/Resources/opening.mp3 /Users/buddhirajgautam/Documents/Cherrygram-Mac/macOS-Swift/Telegram-Mac/opening.mp3 (in target 'Telegram' from project 'Telegram')
    cd /Users/buddhirajgautam/Documents/Cherrygram-Mac/macOS-Swift
    builtin-copy -exclude .DS_Store -exclude CVS -exclude .svn -exclude .git -exclude .hg -resolve-src-symlinks /Users/buddhirajgautam/Documents/Cherrygram-Mac/macOS-Swift/Telegram-Mac/opening.mp3 /Users/buddhirajgautam/Library/Developer/Xcode/DerivedData/Telegram-Mac-fygdgghdgmuleoelvxabfmqiotta/Build/Products/Debug/Telegram.app/Contents/Resources

CpResource /Users/buddhirajgautam/Library/Developer/Xcode/DerivedData/Telegram-Mac-fygdgghdgmuleoelvxabfmqiotta/Build/Products/Debug/Telegram.app/Contents/Resources/opening.m4a /Users/buddhirajgautam/Documents/Cherrygram-Mac/macOS-Swift/Telegram-Mac/opening.m4a (in target 'Telegram' from project 'Telegram')
    cd /Users/buddhirajgautam/Documents/Cherrygram-Mac/macOS-Swift
    builtin-copy -exclude .DS_Store -exclude CVS -exclude .svn -exclude .git -exclude .hg -resolve-src-symlinks /Users/buddhirajgautam/Documents/Cherrygram-Mac/macOS-Swift/Telegram-Mac/opening.m4a /Users/buddhirajgautam/Library/Developer/Xcode/DerivedData/Telegram-Mac-fygdgghdgmuleoelvxabfmqiotta/Build/Products/Debug/Telegram.app/Contents/Resources

CpResource /Users/buddhirajgautam/Library/Developer/Xcode/DerivedData/Telegram-Mac-fygdgghdgmuleoelvxabfmqiotta/Build/Products/Debug/Telegram.app/Contents/Resources/ocr_nn.bin /Users/buddhirajgautam/Documents/Cherrygram-Mac/macOS-Swift/Telegram-Mac/ocr_nn.bin (in target 'Telegram' from project 'Telegram')
    cd /Users/buddhirajgautam/Documents/Cherrygram-Mac/macOS-Swift
    builtin-copy -exclude .DS_Store -exclude CVS -exclude .svn -exclude .git -exclude .hg -resolve-src-symlinks /Users/buddhirajgautam/Documents/Cherrygram-Mac/macOS-Swift/Telegram-Mac/ocr_nn.bin /Users/buddhirajgautam/Library/Developer/Xcode/DerivedData/Telegram-Mac-fygdgghdgmuleoelvxabfmqiotta/Build/Products/Debug/Telegram.app/Contents/Resources

CpResource /Users/buddhirajgautam/Library/Developer/Xcode/DerivedData/Telegram-Mac-fygdgghdgmuleoelvxabfmqiotta/Build/Products/Debug/Telegram.app/Contents/Resources/objects.tgs /Users/buddhirajgautam/Documents/Cherrygram-Mac/macOS-Swift/Telegram-Mac/tgs/emojies/objects.tgs (in target 'Telegram' from project 'Telegram')
    cd /Users/buddhirajgautam/Documents/Cherrygram-Mac/macOS-Swift
    builtin-copy -exclude .DS_Store -exclude CVS -exclude .svn -exclude .git -exclude .hg -resolve-src-symlinks /Users/buddhirajgautam/Documents/Cherrygram-Mac/macOS-Swift/Telegram-Mac/tgs/emojies/objects.tgs /Users/buddhirajgautam/Library/Developer/Xcode/DerivedData/Telegram-Mac-fygdgghdgmuleoelvxabfmqiotta/Build/Products/Debug/Telegram.app/Contents/Resources

CpResource /Users/buddhirajgautam/Library/Developer/Xcode/DerivedData/Telegram-Mac-fygdgghdgmuleoelvxabfmqiotta/Build/Products/Debug/Telegram.app/Contents/Resources/new_folder.tgs /Users/buddhirajgautam/Documents/Cherrygram-Mac/macOS-Swift/Telegram-Mac/tgs/new_folder.tgs (in target 'Telegram' from project 'Telegram')
    cd /Users/buddhirajgautam/Documents/Cherrygram-Mac/macOS-Swift
    builtin-copy -exclude .DS_Store -exclude CVS -exclude .svn -exclude .git -exclude .hg -resolve-src-symlinks /Users/buddhirajgautam/Documents/Cherrygram-Mac/macOS-Swift/Telegram-Mac/tgs/new_folder.tgs /Users/buddhirajgautam/Library/Developer/Xcode/DerivedData/Telegram-Mac-fygdgghdgmuleoelvxabfmqiotta/Build/Products/Debug/Telegram.app/Contents/Resources

CpResource /Users/buddhirajgautam/Library/Developer/Xcode/DerivedData/Telegram-Mac-fygdgghdgmuleoelvxabfmqiotta/Build/Products/Debug/Telegram.app/Contents/Resources/monkey_unsee.tgs /Users/buddhirajgautam/Documents/Cherrygram-Mac/macOS-Swift/Telegram-Mac/tgs/monkey_unsee.tgs (in target 'Telegram' from project 'Telegram')
    cd /Users/buddhirajgautam/Documents/Cherrygram-Mac/macOS-Swift
    builtin-copy -exclude .DS_Store -exclude CVS -exclude .svn -exclude .git -exclude .hg -resolve-src-symlinks /Users/buddhirajgautam/Documents/Cherrygram-Mac/macOS-Swift/Telegram-Mac/tgs/monkey_unsee.tgs /Users/buddhirajgautam/Library/Developer/Xcode/DerivedData/Telegram-Mac-fygdgghdgmuleoelvxabfmqiotta/Build/Products/Debug/Telegram.app/Contents/Resources

CpResource /Users/buddhirajgautam/Library/Developer/Xcode/DerivedData/Telegram-Mac-fygdgghdgmuleoelvxabfmqiotta/Build/Products/Debug/Telegram.app/Contents/Resources/monkey_see.tgs /Users/buddhirajgautam/Documents/Cherrygram-Mac/macOS-Swift/Telegram-Mac/tgs/monkey_see.tgs (in target 'Telegram' from project 'Telegram')
    cd /Users/buddhirajgautam/Documents/Cherrygram-Mac/macOS-Swift
    builtin-copy -exclude .DS_Store -exclude CVS -exclude .svn -exclude .git -exclude .hg -resolve-src-symlinks /Users/buddhirajgautam/Documents/Cherrygram-Mac/macOS-Swift/Telegram-Mac/tgs/monkey_see.tgs /Users/buddhirajgautam/Library/Developer/Xcode/DerivedData/Telegram-Mac-fygdgghdgmuleoelvxabfmqiotta/Build/Products/Debug/Telegram.app/Contents/Resources

CpResource /Users/buddhirajgautam/Library/Developer/Xcode/DerivedData/Telegram-Mac-fygdgghdgmuleoelvxabfmqiotta/Build/Products/Debug/Telegram.app/Contents/Resources/mime-types.txt /Users/buddhirajgautam/Documents/Cherrygram-Mac/macOS-Swift/Telegram-Mac/mime-types.txt (in target 'Telegram' from project 'Telegram')
    cd /Users/buddhirajgautam/Documents/Cherrygram-Mac/macOS-Swift
    builtin-copy -exclude .DS_Store -exclude CVS -exclude .svn -exclude .git -exclude .hg -resolve-src-symlinks /Users/buddhirajgautam/Documents/Cherrygram-Mac/macOS-Swift/Telegram-Mac/mime-types.txt /Users/buddhirajgautam/Library/Developer/Xcode/DerivedData/Telegram-Mac-fygdgghdgmuleoelvxabfmqiotta/Build/Products/Debug/Telegram.app/Contents/Resources

CpResource /Users/buddhirajgautam/Library/Developer/Xcode/DerivedData/Telegram-Mac-fygdgghdgmuleoelvxabfmqiotta/Build/Products/Debug/Telegram.app/Contents/Resources/menu_webapp_placeholder.tgs /Users/buddhirajgautam/Documents/Cherrygram-Mac/macOS-Swift/Telegram-Mac/tgs/menu/menu_webapp_placeholder.tgs (in target 'Telegram' from project 'Telegram')
    cd /Users/buddhirajgautam/Documents/Cherrygram-Mac/macOS-Swift
    builtin-copy -exclude .DS_Store -exclude CVS -exclude .svn -exclude .git -exclude .hg -resolve-src-symlinks /Users/buddhirajgautam/Documents/Cherrygram-Mac/macOS-Swift/Telegram-Mac/tgs/menu/menu_webapp_placeholder.tgs /Users/buddhirajgautam/Library/Developer/Xcode/DerivedData/Telegram-Mac-fygdgghdgmuleoelvxabfmqiotta/Build/Products/Debug/Telegram.app/Contents/Resources

CpResource /Users/buddhirajgautam/Library/Developer/Xcode/DerivedData/Telegram-Mac-fygdgghdgmuleoelvxabfmqiotta/Build/Products/Debug/Telegram.app/Contents/Resources/menu_wearoff.tgs /Users/buddhirajgautam/Documents/Cherrygram-Mac/macOS-Swift/Telegram-Mac/tgs/menu_wearoff.tgs (in target 'Telegram' from project 'Telegram')
    cd /Users/buddhirajgautam/Documents/Cherrygram-Mac/macOS-Swift
    builtin-copy -exclude .DS_Store -exclude CVS -exclude .svn -exclude .git -exclude .hg -resolve-src-symlinks /Users/buddhirajgautam/Documents/Cherrygram-Mac/macOS-Swift/Telegram-Mac/tgs/menu_wearoff.tgs /Users/buddhirajgautam/Library/Developer/Xcode/DerivedData/Telegram-Mac-fygdgghdgmuleoelvxabfmqiotta/Build/Products/Debug/Telegram.app/Contents/Resources

CpResource /Users/buddhirajgautam/Library/Developer/Xcode/DerivedData/Telegram-Mac-fygdgghdgmuleoelvxabfmqiotta/Build/Products/Debug/Telegram.app/Contents/Resources/menu_wear.tgs /Users/buddhirajgautam/Documents/Cherrygram-Mac/macOS-Swift/Telegram-Mac/tgs/menu_wear.tgs (in target 'Telegram' from project 'Telegram')
    cd /Users/buddhirajgautam/Documents/Cherrygram-Mac/macOS-Swift
    builtin-copy -exclude .DS_Store -exclude CVS -exclude .svn -exclude .git -exclude .hg -resolve-src-symlinks /Users/buddhirajgautam/Documents/Cherrygram-Mac/macOS-Swift/Telegram-Mac/tgs/menu_wear.tgs /Users/buddhirajgautam/Library/Developer/Xcode/DerivedData/Telegram-Mac-fygdgghdgmuleoelvxabfmqiotta/Build/Products/Debug/Telegram.app/Contents/Resources

CpResource /Users/buddhirajgautam/Library/Developer/Xcode/DerivedData/Telegram-Mac-fygdgghdgmuleoelvxabfmqiotta/Build/Products/Debug/Telegram.app/Contents/Resources/menu_voice.tgs /Users/buddhirajgautam/Documents/Cherrygram-Mac/macOS-Swift/Telegram-Mac/tgs/menu/menu_voice.tgs (in target 'Telegram' from project 'Telegram')
    cd /Users/buddhirajgautam/Documents/Cherrygram-Mac/macOS-Swift
    builtin-copy -exclude .DS_Store -exclude CVS -exclude .svn -exclude .git -exclude .hg -resolve-src-symlinks /Users/buddhirajgautam/Documents/Cherrygram-Mac/macOS-Swift/Telegram-Mac/tgs/menu/menu_voice.tgs /Users/buddhirajgautam/Library/Developer/Xcode/DerivedData/Telegram-Mac-fygdgghdgmuleoelvxabfmqiotta/Build/Products/Debug/Telegram.app/Contents/Resources

CpResource /Users/buddhirajgautam/Library/Developer/Xcode/DerivedData/Telegram-Mac-fygdgghdgmuleoelvxabfmqiotta/Build/Products/Debug/Telegram.app/Contents/Resources/menu_violence.tgs /Users/buddhirajgautam/Documents/Cherrygram-Mac/macOS-Swift/Telegram-Mac/tgs/menu/menu_violence.tgs (in target 'Telegram' from project 'Telegram')
    cd /Users/buddhirajgautam/Documents/Cherrygram-Mac/macOS-Swift
    builtin-copy -exclude .DS_Store -exclude CVS -exclude .svn -exclude .git -exclude .hg -resolve-src-symlinks /Users/buddhirajgautam/Documents/Cherrygram-Mac/macOS-Swift/Telegram-Mac/tgs/menu/menu_violence.tgs /Users/buddhirajgautam/Library/Developer/Xcode/DerivedData/Telegram-Mac-fygdgghdgmuleoelvxabfmqiotta/Build/Products/Debug/Telegram.app/Contents/Resources

CpResource /Users/buddhirajgautam/Library/Developer/Xcode/DerivedData/Telegram-Mac-fygdgghdgmuleoelvxabfmqiotta/Build/Products/Debug/Telegram.app/Contents/Resources/menu_view_sticker_set.tgs /Users/buddhirajgautam/Documents/Cherrygram-Mac/macOS-Swift/Telegram-Mac/tgs/menu/menu_view_sticker_set.tgs (in target 'Telegram' from project 'Telegram')
    cd /Users/buddhirajgautam/Documents/Cherrygram-Mac/macOS-Swift
    builtin-copy -exclude .DS_Store -exclude CVS -exclude .svn -exclude .git -exclude .hg -resolve-src-symlinks /Users/buddhirajgautam/Documents/Cherrygram-Mac/macOS-Swift/Telegram-Mac/tgs/menu/menu_view_sticker_set.tgs /Users/buddhirajgautam/Library/Developer/Xcode/DerivedData/Telegram-Mac-fygdgghdgmuleoelvxabfmqiotta/Build/Products/Debug/Telegram.app/Contents/Resources

CpResource /Users/buddhirajgautam/Library/Developer/Xcode/DerivedData/Telegram-Mac-fygdgghdgmuleoelvxabfmqiotta/Build/Products/Debug/Telegram.app/Contents/Resources/menu_view_replies.tgs /Users/buddhirajgautam/Documents/Cherrygram-Mac/macOS-Swift/Telegram-Mac/tgs/menu/menu_view_replies.tgs (in target 'Telegram' from project 'Telegram')
    cd /Users/buddhirajgautam/Documents/Cherrygram-Mac/macOS-Swift
    builtin-copy -exclude .DS_Store -exclude CVS -exclude .svn -exclude .git -exclude .hg -resolve-src-symlinks /Users/buddhirajgautam/Documents/Cherrygram-Mac/macOS-Swift/Telegram-Mac/tgs/menu/menu_view_replies.tgs /Users/buddhirajgautam/Library/Developer/Xcode/DerivedData/Telegram-Mac-fygdgghdgmuleoelvxabfmqiotta/Build/Products/Debug/Telegram.app/Contents/Resources

CpResource /Users/buddhirajgautam/Library/Developer/Xcode/DerivedData/Telegram-Mac-fygdgghdgmuleoelvxabfmqiotta/Build/Products/Debug/Telegram.app/Contents/Resources/menu_video_chat.tgs /Users/buddhirajgautam/Documents/Cherrygram-Mac/macOS-Swift/Telegram-Mac/tgs/menu/menu_video_chat.tgs (in target 'Telegram' from project 'Telegram')
    cd /Users/buddhirajgautam/Documents/Cherrygram-Mac/macOS-Swift
    builtin-copy -exclude .DS_Store -exclude CVS -exclude .svn -exclude .git -exclude .hg -resolve-src-symlinks /Users/buddhirajgautam/Documents/Cherrygram-Mac/macOS-Swift/Telegram-Mac/tgs/menu/menu_video_chat.tgs /Users/buddhirajgautam/Library/Developer/Xcode/DerivedData/Telegram-Mac-fygdgghdgmuleoelvxabfmqiotta/Build/Products/Debug/Telegram.app/Contents/Resources

CpResource /Users/buddhirajgautam/Library/Developer/Xcode/DerivedData/Telegram-Mac-fygdgghdgmuleoelvxabfmqiotta/Build/Products/Debug/Telegram.app/Contents/Resources/menu_video_call.tgs /Users/buddhirajgautam/Documents/Cherrygram-Mac/macOS-Swift/Telegram-Mac/tgs/menu/menu_video_call.tgs (in target 'Telegram' from project 'Telegram')
    cd /Users/buddhirajgautam/Documents/Cherrygram-Mac/macOS-Swift
    builtin-copy -exclude .DS_Store -exclude CVS -exclude .svn -exclude .git -exclude .hg -resolve-src-symlinks /Users/buddhirajgautam/Documents/Cherrygram-Mac/macOS-Swift/Telegram-Mac/tgs/menu/menu_video_call.tgs /Users/buddhirajgautam/Library/Developer/Xcode/DerivedData/Telegram-Mac-fygdgghdgmuleoelvxabfmqiotta/Build/Products/Debug/Telegram.app/Contents/Resources

CpResource /Users/buddhirajgautam/Library/Developer/Xcode/DerivedData/Telegram-Mac-fygdgghdgmuleoelvxabfmqiotta/Build/Products/Debug/Telegram.app/Contents/Resources/menu_video.tgs /Users/buddhirajgautam/Documents/Cherrygram-Mac/macOS-Swift/Telegram-Mac/tgs/menu/menu_video.tgs (in target 'Telegram' from project 'Telegram')
    cd /Users/buddhirajgautam/Documents/Cherrygram-Mac/macOS-Swift
    builtin-copy -exclude .DS_Store -exclude CVS -exclude .svn -exclude .git -exclude .hg -resolve-src-symlinks /Users/buddhirajgautam/Documents/Cherrygram-Mac/macOS-Swift/Telegram-Mac/tgs/menu/menu_video.tgs /Users/buddhirajgautam/Library/Developer/Xcode/DerivedData/Telegram-Mac-fygdgghdgmuleoelvxabfmqiotta/Build/Products/Debug/Telegram.app/Contents/Resources

CpResource /Users/buddhirajgautam/Library/Developer/Xcode/DerivedData/Telegram-Mac-fygdgghdgmuleoelvxabfmqiotta/Build/Products/Debug/Telegram.app/Contents/Resources/menu_verification.tgs /Users/buddhirajgautam/Documents/Cherrygram-Mac/macOS-Swift/Telegram-Mac/tgs/menu/menu_verification.tgs (in target 'Telegram' from project 'Telegram')
    cd /Users/buddhirajgautam/Documents/Cherrygram-Mac/macOS-Swift
    builtin-copy -exclude .DS_Store -exclude CVS -exclude .svn -exclude .git -exclude .hg -resolve-src-symlinks /Users/buddhirajgautam/Documents/Cherrygram-Mac/macOS-Swift/Telegram-Mac/tgs/menu/menu_verification.tgs /Users/buddhirajgautam/Library/Developer/Xcode/DerivedData/Telegram-Mac-fygdgghdgmuleoelvxabfmqiotta/Build/Products/Debug/Telegram.app/Contents/Resources

CpResource /Users/buddhirajgautam/Library/Developer/Xcode/DerivedData/Telegram-Mac-fygdgghdgmuleoelvxabfmqiotta/Build/Products/Debug/Telegram.app/Contents/Resources/menu_unread.tgs /Users/buddhirajgautam/Documents/Cherrygram-Mac/macOS-Swift/Telegram-Mac/tgs/menu/menu_unread.tgs (in target 'Telegram' from project 'Telegram')
    cd /Users/buddhirajgautam/Documents/Cherrygram-Mac/macOS-Swift
    builtin-copy -exclude .DS_Store -exclude CVS -exclude .svn -exclude .git -exclude .hg -resolve-src-symlinks /Users/buddhirajgautam/Documents/Cherrygram-Mac/macOS-Swift/Telegram-Mac/tgs/menu/menu_unread.tgs /Users/buddhirajgautam/Library/Developer/Xcode/DerivedData/Telegram-Mac-fygdgghdgmuleoelvxabfmqiotta/Build/Products/Debug/Telegram.app/Contents/Resources

CpResource /Users/buddhirajgautam/Library/Developer/Xcode/DerivedData/Telegram-Mac-fygdgghdgmuleoelvxabfmqiotta/Build/Products/Debug/Telegram.app/Contents/Resources/menu_unpin.tgs /Users/buddhirajgautam/Documents/Cherrygram-Mac/macOS-Swift/Telegram-Mac/tgs/menu/menu_unpin.tgs (in target 'Telegram' from project 'Telegram')
    cd /Users/buddhirajgautam/Documents/Cherrygram-Mac/macOS-Swift
    builtin-copy -exclude .DS_Store -exclude CVS -exclude .svn -exclude .git -exclude .hg -resolve-src-symlinks /Users/buddhirajgautam/Documents/Cherrygram-Mac/macOS-Swift/Telegram-Mac/tgs/menu/menu_unpin.tgs /Users/buddhirajgautam/Library/Developer/Xcode/DerivedData/Telegram-Mac-fygdgghdgmuleoelvxabfmqiotta/Build/Products/Debug/Telegram.app/Contents/Resources

CpResource /Users/buddhirajgautam/Library/Developer/Xcode/DerivedData/Telegram-Mac-fygdgghdgmuleoelvxabfmqiotta/Build/Products/Debug/Telegram.app/Contents/Resources/menu_unmuted.tgs /Users/buddhirajgautam/Documents/Cherrygram-Mac/macOS-Swift/Telegram-Mac/tgs/menu/menu_unmuted.tgs (in target 'Telegram' from project 'Telegram')
    cd /Users/buddhirajgautam/Documents/Cherrygram-Mac/macOS-Swift
    builtin-copy -exclude .DS_Store -exclude CVS -exclude .svn -exclude .git -exclude .hg -resolve-src-symlinks /Users/buddhirajgautam/Documents/Cherrygram-Mac/macOS-Swift/Telegram-Mac/tgs/menu/menu_unmuted.tgs /Users/buddhirajgautam/Library/Developer/Xcode/DerivedData/Telegram-Mac-fygdgghdgmuleoelvxabfmqiotta/Build/Products/Debug/Telegram.app/Contents/Resources

CpResource /Users/buddhirajgautam/Library/Developer/Xcode/DerivedData/Telegram-Mac-fygdgghdgmuleoelvxabfmqiotta/Build/Products/Debug/Telegram.app/Contents/Resources/menu_unlock.tgs /Users/buddhirajgautam/Documents/Cherrygram-Mac/macOS-Swift/Telegram-Mac/tgs/menu/menu_unlock.tgs (in target 'Telegram' from project 'Telegram')
    cd /Users/buddhirajgautam/Documents/Cherrygram-Mac/macOS-Swift
    builtin-copy -exclude .DS_Store -exclude CVS -exclude .svn -exclude .git -exclude .hg -resolve-src-symlinks /Users/buddhirajgautam/Documents/Cherrygram-Mac/macOS-Swift/Telegram-Mac/tgs/menu/menu_unlock.tgs /Users/buddhirajgautam/Library/Developer/Xcode/DerivedData/Telegram-Mac-fygdgghdgmuleoelvxabfmqiotta/Build/Products/Debug/Telegram.app/Contents/Resources

CpResource /Users/buddhirajgautam/Library/Developer/Xcode/DerivedData/Telegram-Mac-fygdgghdgmuleoelvxabfmqiotta/Build/Products/Debug/Telegram.app/Contents/Resources/menu_uncheck.tgs /Users/buddhirajgautam/Documents/Cherrygram-Mac/macOS-Swift/Telegram-Mac/tgs/menu/menu_uncheck.tgs (in target 'Telegram' from project 'Telegram')
    cd /Users/buddhirajgautam/Documents/Cherrygram-Mac/macOS-Swift
    builtin-copy -exclude .DS_Store -exclude CVS -exclude .svn -exclude .git -exclude .hg -resolve-src-symlinks /Users/buddhirajgautam/Documents/Cherrygram-Mac/macOS-Swift/Telegram-Mac/tgs/menu/menu_uncheck.tgs /Users/buddhirajgautam/Library/Developer/Xcode/DerivedData/Telegram-Mac-fygdgghdgmuleoelvxabfmqiotta/Build/Products/Debug/Telegram.app/Contents/Resources

CpResource /Users/buddhirajgautam/Library/Developer/Xcode/DerivedData/Telegram-Mac-fygdgghdgmuleoelvxabfmqiotta/Build/Products/Debug/Telegram.app/Contents/Resources/menu_unblock.tgs /Users/buddhirajgautam/Documents/Cherrygram-Mac/macOS-Swift/Telegram-Mac/tgs/menu/menu_unblock.tgs (in target 'Telegram' from project 'Telegram')
    cd /Users/buddhirajgautam/Documents/Cherrygram-Mac/macOS-Swift
    builtin-copy -exclude .DS_Store -exclude CVS -exclude .svn -exclude .git -exclude .hg -resolve-src-symlinks /Users/buddhirajgautam/Documents/Cherrygram-Mac/macOS-Swift/Telegram-Mac/tgs/menu/menu_unblock.tgs /Users/buddhirajgautam/Library/Developer/Xcode/DerivedData/Telegram-Mac-fygdgghdgmuleoelvxabfmqiotta/Build/Products/Debug/Telegram.app/Contents/Resources

CpResource /Users/buddhirajgautam/Library/Developer/Xcode/DerivedData/Telegram-Mac-fygdgghdgmuleoelvxabfmqiotta/Build/Products/Debug/Telegram.app/Contents/Resources/menu_unarchive.tgs /Users/buddhirajgautam/Documents/Cherrygram-Mac/macOS-Swift/Telegram-Mac/tgs/menu/menu_unarchive.tgs (in target 'Telegram' from project 'Telegram')
    cd /Users/buddhirajgautam/Documents/Cherrygram-Mac/macOS-Swift
    builtin-copy -exclude .DS_Store -exclude CVS -exclude .svn -exclude .git -exclude .hg -resolve-src-symlinks /Users/buddhirajgautam/Documents/Cherrygram-Mac/macOS-Swift/Telegram-Mac/tgs/menu/menu_unarchive.tgs /Users/buddhirajgautam/Library/Developer/Xcode/DerivedData/Telegram-Mac-fygdgghdgmuleoelvxabfmqiotta/Build/Products/Debug/Telegram.app/Contents/Resources

CpResource /Users/buddhirajgautam/Library/Developer/Xcode/DerivedData/Telegram-Mac-fygdgghdgmuleoelvxabfmqiotta/Build/Products/Debug/Telegram.app/Contents/Resources/menu_translate.tgs /Users/buddhirajgautam/Documents/Cherrygram-Mac/macOS-Swift/Telegram-Mac/tgs/menu/menu_translate.tgs (in target 'Telegram' from project 'Telegram')
    cd /Users/buddhirajgautam/Documents/Cherrygram-Mac/macOS-Swift
    builtin-copy -exclude .DS_Store -exclude CVS -exclude .svn -exclude .git -exclude .hg -resolve-src-symlinks /Users/buddhirajgautam/Documents/Cherrygram-Mac/macOS-Swift/Telegram-Mac/tgs/menu/menu_translate.tgs /Users/buddhirajgautam/Library/Developer/Xcode/DerivedData/Telegram-Mac-fygdgghdgmuleoelvxabfmqiotta/Build/Products/Debug/Telegram.app/Contents/Resources

CpResource /Users/buddhirajgautam/Library/Developer/Xcode/DerivedData/Telegram-Mac-fygdgghdgmuleoelvxabfmqiotta/Build/Products/Debug/Telegram.app/Contents/Resources/menu_transfer.tgs /Users/buddhirajgautam/Documents/Cherrygram-Mac/macOS-Swift/Telegram-Mac/tgs/menu_transfer.tgs (in target 'Telegram' from project 'Telegram')
    cd /Users/buddhirajgautam/Documents/Cherrygram-Mac/macOS-Swift
    builtin-copy -exclude .DS_Store -exclude CVS -exclude .svn -exclude .git -exclude .hg -resolve-src-symlinks /Users/buddhirajgautam/Documents/Cherrygram-Mac/macOS-Swift/Telegram-Mac/tgs/menu_transfer.tgs /Users/buddhirajgautam/Library/Developer/Xcode/DerivedData/Telegram-Mac-fygdgghdgmuleoelvxabfmqiotta/Build/Products/Debug/Telegram.app/Contents/Resources

CpResource /Users/buddhirajgautam/Library/Developer/Xcode/DerivedData/Telegram-Mac-fygdgghdgmuleoelvxabfmqiotta/Build/Products/Debug/Telegram.app/Contents/Resources/menu_topics.tgs /Users/buddhirajgautam/Documents/Cherrygram-Mac/macOS-Swift/Telegram-Mac/tgs/menu/menu_topics.tgs (in target 'Telegram' from project 'Telegram')
    cd /Users/buddhirajgautam/Documents/Cherrygram-Mac/macOS-Swift
    builtin-copy -exclude .DS_Store -exclude CVS -exclude .svn -exclude .git -exclude .hg -resolve-src-symlinks /Users/buddhirajgautam/Documents/Cherrygram-Mac/macOS-Swift/Telegram-Mac/tgs/menu/menu_topics.tgs /Users/buddhirajgautam/Library/Developer/Xcode/DerivedData/Telegram-Mac-fygdgghdgmuleoelvxabfmqiotta/Build/Products/Debug/Telegram.app/Contents/Resources

CpResource /Users/buddhirajgautam/Library/Developer/Xcode/DerivedData/Telegram-Mac-fygdgghdgmuleoelvxabfmqiotta/Build/Products/Debug/Telegram.app/Contents/Resources/menu_tag_rename.tgs /Users/buddhirajgautam/Documents/Cherrygram-Mac/macOS-Swift/Telegram-Mac/tgs/menu/menu_tag_rename.tgs (in target 'Telegram' from project 'Telegram')
    cd /Users/buddhirajgautam/Documents/Cherrygram-Mac/macOS-Swift
    builtin-copy -exclude .DS_Store -exclude CVS -exclude .svn -exclude .git -exclude .hg -resolve-src-symlinks /Users/buddhirajgautam/Documents/Cherrygram-Mac/macOS-Swift/Telegram-Mac/tgs/menu/menu_tag_rename.tgs /Users/buddhirajgautam/Library/Developer/Xcode/DerivedData/Telegram-Mac-fygdgghdgmuleoelvxabfmqiotta/Build/Products/Debug/Telegram.app/Contents/Resources

CpResource /Users/buddhirajgautam/Library/Developer/Xcode/DerivedData/Telegram-Mac-fygdgghdgmuleoelvxabfmqiotta/Build/Products/Debug/Telegram.app/Contents/Resources/menu_tag_remove.tgs /Users/buddhirajgautam/Documents/Cherrygram-Mac/macOS-Swift/Telegram-Mac/tgs/menu/menu_tag_remove.tgs (in target 'Telegram' from project 'Telegram')
    cd /Users/buddhirajgautam/Documents/Cherrygram-Mac/macOS-Swift
    builtin-copy -exclude .DS_Store -exclude CVS -exclude .svn -exclude .git -exclude .hg -resolve-src-symlinks /Users/buddhirajgautam/Documents/Cherrygram-Mac/macOS-Swift/Telegram-Mac/tgs/menu/menu_tag_remove.tgs /Users/buddhirajgautam/Library/Developer/Xcode/DerivedData/Telegram-Mac-fygdgghdgmuleoelvxabfmqiotta/Build/Products/Debug/Telegram.app/Contents/Resources

CpResource /Users/buddhirajgautam/Library/Developer/Xcode/DerivedData/Telegram-Mac-fygdgghdgmuleoelvxabfmqiotta/Build/Products/Debug/Telegram.app/Contents/Resources/menu_tag_filter.tgs /Users/buddhirajgautam/Documents/Cherrygram-Mac/macOS-Swift/Telegram-Mac/tgs/menu/menu_tag_filter.tgs (in target 'Telegram' from project 'Telegram')
    cd /Users/buddhirajgautam/Documents/Cherrygram-Mac/macOS-Swift
    builtin-copy -exclude .DS_Store -exclude CVS -exclude .svn -exclude .git -exclude .hg -resolve-src-symlinks /Users/buddhirajgautam/Documents/Cherrygram-Mac/macOS-Swift/Telegram-Mac/tgs/menu/menu_tag_filter.tgs /Users/buddhirajgautam/Library/Developer/Xcode/DerivedData/Telegram-Mac-fygdgghdgmuleoelvxabfmqiotta/Build/Products/Debug/Telegram.app/Contents/Resources

CpResource /Users/buddhirajgautam/Library/Developer/Xcode/DerivedData/Telegram-Mac-fygdgghdgmuleoelvxabfmqiotta/Build/Products/Debug/Telegram.app/Contents/Resources/menu_sun.tgs /Users/buddhirajgautam/Documents/Cherrygram-Mac/macOS-Swift/Telegram-Mac/tgs/menu/menu_sun.tgs (in target 'Telegram' from project 'Telegram')
    cd /Users/buddhirajgautam/Documents/Cherrygram-Mac/macOS-Swift
    builtin-copy -exclude .DS_Store -exclude CVS -exclude .svn -exclude .git -exclude .hg -resolve-src-symlinks /Users/buddhirajgautam/Documents/Cherrygram-Mac/macOS-Swift/Telegram-Mac/tgs/menu/menu_sun.tgs /Users/buddhirajgautam/Library/Developer/Xcode/DerivedData/Telegram-Mac-fygdgghdgmuleoelvxabfmqiotta/Build/Products/Debug/Telegram.app/Contents/Resources

CpResource /Users/buddhirajgautam/Library/Developer/Xcode/DerivedData/Telegram-Mac-fygdgghdgmuleoelvxabfmqiotta/Build/Products/Debug/Telegram.app/Contents/Resources/menu_success.tgs /Users/buddhirajgautam/Documents/Cherrygram-Mac/macOS-Swift/Telegram-Mac/tgs/menu/menu_success.tgs (in target 'Telegram' from project 'Telegram')
    cd /Users/buddhirajgautam/Documents/Cherrygram-Mac/macOS-Swift
    builtin-copy -exclude .DS_Store -exclude CVS -exclude .svn -exclude .git -exclude .hg -resolve-src-symlinks /Users/buddhirajgautam/Documents/Cherrygram-Mac/macOS-Swift/Telegram-Mac/tgs/menu/menu_success.tgs /Users/buddhirajgautam/Library/Developer/Xcode/DerivedData/Telegram-Mac-fygdgghdgmuleoelvxabfmqiotta/Build/Products/Debug/Telegram.app/Contents/Resources

CpResource /Users/buddhirajgautam/Library/Developer/Xcode/DerivedData/Telegram-Mac-fygdgghdgmuleoelvxabfmqiotta/Build/Products/Debug/Telegram.app/Contents/Resources/menu_stories.tgs /Users/buddhirajgautam/Documents/Cherrygram-Mac/macOS-Swift/Telegram-Mac/tgs/menu/menu_stories.tgs (in target 'Telegram' from project 'Telegram')
    cd /Users/buddhirajgautam/Documents/Cherrygram-Mac/macOS-Swift
    builtin-copy -exclude .DS_Store -exclude CVS -exclude .svn -exclude .git -exclude .hg -resolve-src-symlinks /Users/buddhirajgautam/Documents/Cherrygram-Mac/macOS-Swift/Telegram-Mac/tgs/menu/menu_stories.tgs /Users/buddhirajgautam/Library/Developer/Xcode/DerivedData/Telegram-Mac-fygdgghdgmuleoelvxabfmqiotta/Build/Products/Debug/Telegram.app/Contents/Resources

CpResource /Users/buddhirajgautam/Library/Developer/Xcode/DerivedData/Telegram-Mac-fygdgghdgmuleoelvxabfmqiotta/Build/Products/Debug/Telegram.app/Contents/Resources/menu_stop_poll.tgs /Users/buddhirajgautam/Documents/Cherrygram-Mac/macOS-Swift/Telegram-Mac/tgs/menu/menu_stop_poll.tgs (in target 'Telegram' from project 'Telegram')
    cd /Users/buddhirajgautam/Documents/Cherrygram-Mac/macOS-Swift
    builtin-copy -exclude .DS_Store -exclude CVS -exclude .svn -exclude .git -exclude .hg -resolve-src-symlinks /Users/buddhirajgautam/Documents/Cherrygram-Mac/macOS-Swift/Telegram-Mac/tgs/menu/menu_stop_poll.tgs /Users/buddhirajgautam/Library/Developer/Xcode/DerivedData/Telegram-Mac-fygdgghdgmuleoelvxabfmqiotta/Build/Products/Debug/Telegram.app/Contents/Resources

CpResource /Users/buddhirajgautam/Library/Developer/Xcode/DerivedData/Telegram-Mac-fygdgghdgmuleoelvxabfmqiotta/Build/Products/Debug/Telegram.app/Contents/Resources/menu_statistics.tgs /Users/buddhirajgautam/Documents/Cherrygram-Mac/macOS-Swift/Telegram-Mac/tgs/menu/menu_statistics.tgs (in target 'Telegram' from project 'Telegram')
    cd /Users/buddhirajgautam/Documents/Cherrygram-Mac/macOS-Swift
    builtin-copy -exclude .DS_Store -exclude CVS -exclude .svn -exclude .git -exclude .hg -resolve-src-symlinks /Users/buddhirajgautam/Documents/Cherrygram-Mac/macOS-Swift/Telegram-Mac/tgs/menu/menu_statistics.tgs /Users/buddhirajgautam/Library/Developer/Xcode/DerivedData/Telegram-Mac-fygdgghdgmuleoelvxabfmqiotta/Build/Products/Debug/Telegram.app/Contents/Resources

CpResource /Users/buddhirajgautam/Library/Developer/Xcode/DerivedData/Telegram-Mac-fygdgghdgmuleoelvxabfmqiotta/Build/Products/Debug/Telegram.app/Contents/Resources/menu_speed.tgs /Users/buddhirajgautam/Documents/Cherrygram-Mac/macOS-Swift/Telegram-Mac/tgs/menu/menu_speed.tgs (in target 'Telegram' from project 'Telegram')
    cd /Users/buddhirajgautam/Documents/Cherrygram-Mac/macOS-Swift
    builtin-copy -exclude .DS_Store -exclude CVS -exclude .svn -exclude .git -exclude .hg -resolve-src-symlinks /Users/buddhirajgautam/Documents/Cherrygram-Mac/macOS-Swift/Telegram-Mac/tgs/menu/menu_speed.tgs /Users/buddhirajgautam/Library/Developer/Xcode/DerivedData/Telegram-Mac-fygdgghdgmuleoelvxabfmqiotta/Build/Products/Debug/Telegram.app/Contents/Resources

CpResource /Users/buddhirajgautam/Library/Developer/Xcode/DerivedData/Telegram-Mac-fygdgghdgmuleoelvxabfmqiotta/Build/Products/Debug/Telegram.app/Contents/Resources/menu_speaker_muted.tgs /Users/buddhirajgautam/Documents/Cherrygram-Mac/macOS-Swift/Telegram-Mac/tgs/menu/menu_speaker_muted.tgs (in target 'Telegram' from project 'Telegram')
    cd /Users/buddhirajgautam/Documents/Cherrygram-Mac/macOS-Swift
    builtin-copy -exclude .DS_Store -exclude CVS -exclude .svn -exclude .git -exclude .hg -resolve-src-symlinks /Users/buddhirajgautam/Documents/Cherrygram-Mac/macOS-Swift/Telegram-Mac/tgs/menu/menu_speaker_muted.tgs /Users/buddhirajgautam/Library/Developer/Xcode/DerivedData/Telegram-Mac-fygdgghdgmuleoelvxabfmqiotta/Build/Products/Debug/Telegram.app/Contents/Resources

CpResource /Users/buddhirajgautam/Library/Developer/Xcode/DerivedData/Telegram-Mac-fygdgghdgmuleoelvxabfmqiotta/Build/Products/Debug/Telegram.app/Contents/Resources/menu_speaker.tgs /Users/buddhirajgautam/Documents/Cherrygram-Mac/macOS-Swift/Telegram-Mac/tgs/menu/menu_speaker.tgs (in target 'Telegram' from project 'Telegram')
    cd /Users/buddhirajgautam/Documents/Cherrygram-Mac/macOS-Swift
    builtin-copy -exclude .DS_Store -exclude CVS -exclude .svn -exclude .git -exclude .hg -resolve-src-symlinks /Users/buddhirajgautam/Documents/Cherrygram-Mac/macOS-Swift/Telegram-Mac/tgs/menu/menu_speaker.tgs /Users/buddhirajgautam/Library/Developer/Xcode/DerivedData/Telegram-Mac-fygdgghdgmuleoelvxabfmqiotta/Build/Products/Debug/Telegram.app/Contents/Resources

CpResource /Users/buddhirajgautam/Library/Developer/Xcode/DerivedData/Telegram-Mac-fygdgghdgmuleoelvxabfmqiotta/Build/Products/Debug/Telegram.app/Contents/Resources/menu_sort_up.tgs /Users/buddhirajgautam/Documents/Cherrygram-Mac/macOS-Swift/Telegram-Mac/tgs/menu/menu_sort_up.tgs (in target 'Telegram' from project 'Telegram')
    cd /Users/buddhirajgautam/Documents/Cherrygram-Mac/macOS-Swift
    builtin-copy -exclude .DS_Store -exclude CVS -exclude .svn -exclude .git -exclude .hg -resolve-src-symlinks /Users/buddhirajgautam/Documents/Cherrygram-Mac/macOS-Swift/Telegram-Mac/tgs/menu/menu_sort_up.tgs /Users/buddhirajgautam/Library/Developer/Xcode/DerivedData/Telegram-Mac-fygdgghdgmuleoelvxabfmqiotta/Build/Products/Debug/Telegram.app/Contents/Resources

CpResource /Users/buddhirajgautam/Library/Developer/Xcode/DerivedData/Telegram-Mac-fygdgghdgmuleoelvxabfmqiotta/Build/Products/Debug/Telegram.app/Contents/Resources/menu_sort_down.tgs /Users/buddhirajgautam/Documents/Cherrygram-Mac/macOS-Swift/Telegram-Mac/tgs/menu/menu_sort_down.tgs (in target 'Telegram' from project 'Telegram')
    cd /Users/buddhirajgautam/Documents/Cherrygram-Mac/macOS-Swift
    builtin-copy -exclude .DS_Store -exclude CVS -exclude .svn -exclude .git -exclude .hg -resolve-src-symlinks /Users/buddhirajgautam/Documents/Cherrygram-Mac/macOS-Swift/Telegram-Mac/tgs/menu/menu_sort_down.tgs /Users/buddhirajgautam/Library/Developer/Xcode/DerivedData/Telegram-Mac-fygdgghdgmuleoelvxabfmqiotta/Build/Products/Debug/Telegram.app/Contents/Resources

CpResource /Users/buddhirajgautam/Library/Developer/Xcode/DerivedData/Telegram-Mac-fygdgghdgmuleoelvxabfmqiotta/Build/Products/Debug/Telegram.app/Contents/Resources/menu_smile.tgs /Users/buddhirajgautam/Documents/Cherrygram-Mac/macOS-Swift/Telegram-Mac/tgs/menu/menu_smile.tgs (in target 'Telegram' from project 'Telegram')
    cd /Users/buddhirajgautam/Documents/Cherrygram-Mac/macOS-Swift
    builtin-copy -exclude .DS_Store -exclude CVS -exclude .svn -exclude .git -exclude .hg -resolve-src-symlinks /Users/buddhirajgautam/Documents/Cherrygram-Mac/macOS-Swift/Telegram-Mac/tgs/menu/menu_smile.tgs /Users/buddhirajgautam/Library/Developer/Xcode/DerivedData/Telegram-Mac-fygdgghdgmuleoelvxabfmqiotta/Build/Products/Debug/Telegram.app/Contents/Resources

CpResource /Users/buddhirajgautam/Library/Developer/Xcode/DerivedData/Telegram-Mac-fygdgghdgmuleoelvxabfmqiotta/Build/Products/Debug/Telegram.app/Contents/Resources/menu_show_message.tgs /Users/buddhirajgautam/Documents/Cherrygram-Mac/macOS-Swift/Telegram-Mac/tgs/menu/menu_show_message.tgs (in target 'Telegram' from project 'Telegram')
    cd /Users/buddhirajgautam/Documents/Cherrygram-Mac/macOS-Swift
    builtin-copy -exclude .DS_Store -exclude CVS -exclude .svn -exclude .git -exclude .hg -resolve-src-symlinks /Users/buddhirajgautam/Documents/Cherrygram-Mac/macOS-Swift/Telegram-Mac/tgs/menu/menu_show_message.tgs /Users/buddhirajgautam/Library/Developer/Xcode/DerivedData/Telegram-Mac-fygdgghdgmuleoelvxabfmqiotta/Build/Products/Debug/Telegram.app/Contents/Resources

CpResource /Users/buddhirajgautam/Library/Developer/Xcode/DerivedData/Telegram-Mac-fygdgghdgmuleoelvxabfmqiotta/Build/Products/Debug/Telegram.app/Contents/Resources/menu_show_info.tgs /Users/buddhirajgautam/Documents/Cherrygram-Mac/macOS-Swift/Telegram-Mac/tgs/menu/menu_show_info.tgs (in target 'Telegram' from project 'Telegram')
    cd /Users/buddhirajgautam/Documents/Cherrygram-Mac/macOS-Swift
    builtin-copy -exclude .DS_Store -exclude CVS -exclude .svn -exclude .git -exclude .hg -resolve-src-symlinks /Users/buddhirajgautam/Documents/Cherrygram-Mac/macOS-Swift/Telegram-Mac/tgs/menu/menu_show_info.tgs /Users/buddhirajgautam/Library/Developer/Xcode/DerivedData/Telegram-Mac-fygdgghdgmuleoelvxabfmqiotta/Build/Products/Debug/Telegram.app/Contents/Resources

CpResource /Users/buddhirajgautam/Library/Developer/Xcode/DerivedData/Telegram-Mac-fygdgghdgmuleoelvxabfmqiotta/Build/Products/Debug/Telegram.app/Contents/Resources/menu_show_in_finder.tgs /Users/buddhirajgautam/Documents/Cherrygram-Mac/macOS-Swift/Telegram-Mac/tgs/menu/menu_show_in_finder.tgs (in target 'Telegram' from project 'Telegram')
    cd /Users/buddhirajgautam/Documents/Cherrygram-Mac/macOS-Swift
    builtin-copy -exclude .DS_Store -exclude CVS -exclude .svn -exclude .git -exclude .hg -resolve-src-symlinks /Users/buddhirajgautam/Documents/Cherrygram-Mac/macOS-Swift/Telegram-Mac/tgs/menu/menu_show_in_finder.tgs /Users/buddhirajgautam/Library/Developer/Xcode/DerivedData/Telegram-Mac-fygdgghdgmuleoelvxabfmqiotta/Build/Products/Debug/Telegram.app/Contents/Resources

CpResource /Users/buddhirajgautam/Library/Developer/Xcode/DerivedData/Telegram-Mac-fygdgghdgmuleoelvxabfmqiotta/Build/Products/Debug/Telegram.app/Contents/Resources/menu_show.tgs /Users/buddhirajgautam/Documents/Cherrygram-Mac/macOS-Swift/Telegram-Mac/tgs/menu/menu_show.tgs (in target 'Telegram' from project 'Telegram')
    cd /Users/buddhirajgautam/Documents/Cherrygram-Mac/macOS-Swift
    builtin-copy -exclude .DS_Store -exclude CVS -exclude .svn -exclude .git -exclude .hg -resolve-src-symlinks /Users/buddhirajgautam/Documents/Cherrygram-Mac/macOS-Swift/Telegram-Mac/tgs/menu/menu_show.tgs /Users/buddhirajgautam/Library/Developer/Xcode/DerivedData/Telegram-Mac-fygdgghdgmuleoelvxabfmqiotta/Build/Products/Debug/Telegram.app/Contents/Resources

CpResource /Users/buddhirajgautam/Library/Developer/Xcode/DerivedData/Telegram-Mac-fygdgghdgmuleoelvxabfmqiotta/Build/Products/Debug/Telegram.app/Contents/Resources/menu_sharescreen_slash.tgs /Users/buddhirajgautam/Documents/Cherrygram-Mac/macOS-Swift/Telegram-Mac/tgs/menu/menu_sharescreen_slash.tgs (in target 'Telegram' from project 'Telegram')
    cd /Users/buddhirajgautam/Documents/Cherrygram-Mac/macOS-Swift
    builtin-copy -exclude .DS_Store -exclude CVS -exclude .svn -exclude .git -exclude .hg -resolve-src-symlinks /Users/buddhirajgautam/Documents/Cherrygram-Mac/macOS-Swift/Telegram-Mac/tgs/menu/menu_sharescreen_slash.tgs /Users/buddhirajgautam/Library/Developer/Xcode/DerivedData/Telegram-Mac-fygdgghdgmuleoelvxabfmqiotta/Build/Products/Debug/Telegram.app/Contents/Resources

CpResource /Users/buddhirajgautam/Library/Developer/Xcode/DerivedData/Telegram-Mac-fygdgghdgmuleoelvxabfmqiotta/Build/Products/Debug/Telegram.app/Contents/Resources/menu_sharescreen.tgs /Users/buddhirajgautam/Documents/Cherrygram-Mac/macOS-Swift/Telegram-Mac/tgs/menu/menu_sharescreen.tgs (in target 'Telegram' from project 'Telegram')
    cd /Users/buddhirajgautam/Documents/Cherrygram-Mac/macOS-Swift
    builtin-copy -exclude .DS_Store -exclude CVS -exclude .svn -exclude .git -exclude .hg -resolve-src-symlinks /Users/buddhirajgautam/Documents/Cherrygram-Mac/macOS-Swift/Telegram-Mac/tgs/menu/menu_sharescreen.tgs /Users/buddhirajgautam/Library/Developer/Xcode/DerivedData/Telegram-Mac-fygdgghdgmuleoelvxabfmqiotta/Build/Products/Debug/Telegram.app/Contents/Resources

CpResource /Users/buddhirajgautam/Library/Developer/Xcode/DerivedData/Telegram-Mac-fygdgghdgmuleoelvxabfmqiotta/Build/Products/Debug/Telegram.app/Contents/Resources/menu_shared_media.tgs /Users/buddhirajgautam/Documents/Cherrygram-Mac/macOS-Swift/Telegram-Mac/tgs/menu/menu_shared_media.tgs (in target 'Telegram' from project 'Telegram')
    cd /Users/buddhirajgautam/Documents/Cherrygram-Mac/macOS-Swift
    builtin-copy -exclude .DS_Store -exclude CVS -exclude .svn -exclude .git -exclude .hg -resolve-src-symlinks /Users/buddhirajgautam/Documents/Cherrygram-Mac/macOS-Swift/Telegram-Mac/tgs/menu/menu_shared_media.tgs /Users/buddhirajgautam/Library/Developer/Xcode/DerivedData/Telegram-Mac-fygdgghdgmuleoelvxabfmqiotta/Build/Products/Debug/Telegram.app/Contents/Resources

CpResource /Users/buddhirajgautam/Library/Developer/Xcode/DerivedData/Telegram-Mac-fygdgghdgmuleoelvxabfmqiotta/Build/Products/Debug/Telegram.app/Contents/Resources/menu_share.tgs /Users/buddhirajgautam/Documents/Cherrygram-Mac/macOS-Swift/Telegram-Mac/tgs/menu/menu_share.tgs (in target 'Telegram' from project 'Telegram')
    cd /Users/buddhirajgautam/Documents/Cherrygram-Mac/macOS-Swift
    builtin-copy -exclude .DS_Store -exclude CVS -exclude .svn -exclude .git -exclude .hg -resolve-src-symlinks /Users/buddhirajgautam/Documents/Cherrygram-Mac/macOS-Swift/Telegram-Mac/tgs/menu/menu_share.tgs /Users/buddhirajgautam/Library/Developer/Xcode/DerivedData/Telegram-Mac-fygdgghdgmuleoelvxabfmqiotta/Build/Products/Debug/Telegram.app/Contents/Resources

CpResource /Users/buddhirajgautam/Library/Developer/Xcode/DerivedData/Telegram-Mac-fygdgghdgmuleoelvxabfmqiotta/Build/Products/Debug/Telegram.app/Contents/Resources/menu_send_spoiler.tgs /Users/buddhirajgautam/Documents/Cherrygram-Mac/macOS-Swift/Telegram-Mac/tgs/menu/menu_send_spoiler.tgs (in target 'Telegram' from project 'Telegram')
    cd /Users/buddhirajgautam/Documents/Cherrygram-Mac/macOS-Swift
    builtin-copy -exclude .DS_Store -exclude CVS -exclude .svn -exclude .git -exclude .hg -resolve-src-symlinks /Users/buddhirajgautam/Documents/Cherrygram-Mac/macOS-Swift/Telegram-Mac/tgs/menu/menu_send_spoiler.tgs /Users/buddhirajgautam/Library/Developer/Xcode/DerivedData/Telegram-Mac-fygdgghdgmuleoelvxabfmqiotta/Build/Products/Debug/Telegram.app/Contents/Resources

CpResource /Users/buddhirajgautam/Library/Developer/Xcode/DerivedData/Telegram-Mac-fygdgghdgmuleoelvxabfmqiotta/Build/Products/Debug/Telegram.app/Contents/Resources/menu_send_now.tgs /Users/buddhirajgautam/Documents/Cherrygram-Mac/macOS-Swift/Telegram-Mac/tgs/menu/menu_send_now.tgs (in target 'Telegram' from project 'Telegram')
    cd /Users/buddhirajgautam/Documents/Cherrygram-Mac/macOS-Swift
    builtin-copy -exclude .DS_Store -exclude CVS -exclude .svn -exclude .git -exclude .hg -resolve-src-symlinks /Users/buddhirajgautam/Documents/Cherrygram-Mac/macOS-Swift/Telegram-Mac/tgs/menu/menu_send_now.tgs /Users/buddhirajgautam/Library/Developer/Xcode/DerivedData/Telegram-Mac-fygdgghdgmuleoelvxabfmqiotta/Build/Products/Debug/Telegram.app/Contents/Resources

CpResource /Users/buddhirajgautam/Library/Developer/Xcode/DerivedData/Telegram-Mac-fygdgghdgmuleoelvxabfmqiotta/Build/Products/Debug/Telegram.app/Contents/Resources/menu_select_multiple.tgs /Users/buddhirajgautam/Documents/Cherrygram-Mac/macOS-Swift/Telegram-Mac/tgs/menu/menu_select_multiple.tgs (in target 'Telegram' from project 'Telegram')
    cd /Users/buddhirajgautam/Documents/Cherrygram-Mac/macOS-Swift
    builtin-copy -exclude .DS_Store -exclude CVS -exclude .svn -exclude .git -exclude .hg -resolve-src-symlinks /Users/buddhirajgautam/Documents/Cherrygram-Mac/macOS-Swift/Telegram-Mac/tgs/menu/menu_select_multiple.tgs /Users/buddhirajgautam/Library/Developer/Xcode/DerivedData/Telegram-Mac-fygdgghdgmuleoelvxabfmqiotta/Build/Products/Debug/Telegram.app/Contents/Resources

CpResource /Users/buddhirajgautam/Library/Developer/Xcode/DerivedData/Telegram-Mac-fygdgghdgmuleoelvxabfmqiotta/Build/Products/Debug/Telegram.app/Contents/Resources/menu_select_messages.tgs /Users/buddhirajgautam/Documents/Cherrygram-Mac/macOS-Swift/Telegram-Mac/tgs/menu/menu_select_messages.tgs (in target 'Telegram' from project 'Telegram')
    cd /Users/buddhirajgautam/Documents/Cherrygram-Mac/macOS-Swift
    builtin-copy -exclude .DS_Store -exclude CVS -exclude .svn -exclude .git -exclude .hg -resolve-src-symlinks /Users/buddhirajgautam/Documents/Cherrygram-Mac/macOS-Swift/Telegram-Mac/tgs/menu/menu_select_messages.tgs /Users/buddhirajgautam/Library/Developer/Xcode/DerivedData/Telegram-Mac-fygdgghdgmuleoelvxabfmqiotta/Build/Products/Debug/Telegram.app/Contents/Resources

CpResource /Users/buddhirajgautam/Library/Developer/Xcode/DerivedData/Telegram-Mac-fygdgghdgmuleoelvxabfmqiotta/Build/Products/Debug/Telegram.app/Contents/Resources/menu_seen.tgs /Users/buddhirajgautam/Documents/Cherrygram-Mac/macOS-Swift/Telegram-Mac/tgs/menu/menu_seen.tgs (in target 'Telegram' from project 'Telegram')
    cd /Users/buddhirajgautam/Documents/Cherrygram-Mac/macOS-Swift
    builtin-copy -exclude .DS_Store -exclude CVS -exclude .svn -exclude .git -exclude .hg -resolve-src-symlinks /Users/buddhirajgautam/Documents/Cherrygram-Mac/macOS-Swift/Telegram-Mac/tgs/menu/menu_seen.tgs /Users/buddhirajgautam/Library/Developer/Xcode/DerivedData/Telegram-Mac-fygdgghdgmuleoelvxabfmqiotta/Build/Products/Debug/Telegram.app/Contents/Resources

CpResource /Users/buddhirajgautam/Library/Developer/Xcode/DerivedData/Telegram-Mac-fygdgghdgmuleoelvxabfmqiotta/Build/Products/Debug/Telegram.app/Contents/Resources/menu_secret_chat.tgs /Users/buddhirajgautam/Documents/Cherrygram-Mac/macOS-Swift/Telegram-Mac/tgs/menu/menu_secret_chat.tgs (in target 'Telegram' from project 'Telegram')
    cd /Users/buddhirajgautam/Documents/Cherrygram-Mac/macOS-Swift
    builtin-copy -exclude .DS_Store -exclude CVS -exclude .svn -exclude .git -exclude .hg -resolve-src-symlinks /Users/buddhirajgautam/Documents/Cherrygram-Mac/macOS-Swift/Telegram-Mac/tgs/menu/menu_secret_chat.tgs /Users/buddhirajgautam/Library/Developer/Xcode/DerivedData/Telegram-Mac-fygdgghdgmuleoelvxabfmqiotta/Build/Products/Debug/Telegram.app/Contents/Resources

CpResource /Users/buddhirajgautam/Library/Developer/Xcode/DerivedData/Telegram-Mac-fygdgghdgmuleoelvxabfmqiotta/Build/Products/Debug/Telegram.app/Contents/Resources/menu_search.tgs /Users/buddhirajgautam/Documents/Cherrygram-Mac/macOS-Swift/Telegram-Mac/tgs/menu/menu_search.tgs (in target 'Telegram' from project 'Telegram')
    cd /Users/buddhirajgautam/Documents/Cherrygram-Mac/macOS-Swift
    builtin-copy -exclude .DS_Store -exclude CVS -exclude .svn -exclude .git -exclude .hg -resolve-src-symlinks /Users/buddhirajgautam/Documents/Cherrygram-Mac/macOS-Swift/Telegram-Mac/tgs/menu/menu_search.tgs /Users/buddhirajgautam/Library/Developer/Xcode/DerivedData/Telegram-Mac-fygdgghdgmuleoelvxabfmqiotta/Build/Products/Debug/Telegram.app/Contents/Resources

CpResource /Users/buddhirajgautam/Library/Developer/Xcode/DerivedData/Telegram-Mac-fygdgghdgmuleoelvxabfmqiotta/Build/Products/Debug/Telegram.app/Contents/Resources/menu_sd.tgs /Users/buddhirajgautam/Documents/Cherrygram-Mac/macOS-Swift/Telegram-Mac/tgs/menu/menu_sd.tgs (in target 'Telegram' from project 'Telegram')
    cd /Users/buddhirajgautam/Documents/Cherrygram-Mac/macOS-Swift
    builtin-copy -exclude .DS_Store -exclude CVS -exclude .svn -exclude .git -exclude .hg -resolve-src-symlinks /Users/buddhirajgautam/Documents/Cherrygram-Mac/macOS-Swift/Telegram-Mac/tgs/menu/menu_sd.tgs /Users/buddhirajgautam/Library/Developer/Xcode/DerivedData/Telegram-Mac-fygdgghdgmuleoelvxabfmqiotta/Build/Products/Debug/Telegram.app/Contents/Resources

CpResource /Users/buddhirajgautam/Library/Developer/Xcode/DerivedData/Telegram-Mac-fygdgghdgmuleoelvxabfmqiotta/Build/Products/Debug/Telegram.app/Contents/Resources/menu_schedule_message.tgs /Users/buddhirajgautam/Documents/Cherrygram-Mac/macOS-Swift/Telegram-Mac/tgs/menu/menu_schedule_message.tgs (in target 'Telegram' from project 'Telegram')
    cd /Users/buddhirajgautam/Documents/Cherrygram-Mac/macOS-Swift
    builtin-copy -exclude .DS_Store -exclude CVS -exclude .svn -exclude .git -exclude .hg -resolve-src-symlinks /Users/buddhirajgautam/Documents/Cherrygram-Mac/macOS-Swift/Telegram-Mac/tgs/menu/menu_schedule_message.tgs /Users/buddhirajgautam/Library/Developer/Xcode/DerivedData/Telegram-Mac-fygdgghdgmuleoelvxabfmqiotta/Build/Products/Debug/Telegram.app/Contents/Resources

CpResource /Users/buddhirajgautam/Library/Developer/Xcode/DerivedData/Telegram-Mac-fygdgghdgmuleoelvxabfmqiotta/Build/Products/Debug/Telegram.app/Contents/Resources/menu_save_to_profile.tgs /Users/buddhirajgautam/Documents/Cherrygram-Mac/macOS-Swift/Telegram-Mac/tgs/menu/menu_save_to_profile.tgs (in target 'Telegram' from project 'Telegram')
    cd /Users/buddhirajgautam/Documents/Cherrygram-Mac/macOS-Swift
    builtin-copy -exclude .DS_Store -exclude CVS -exclude .svn -exclude .git -exclude .hg -resolve-src-symlinks /Users/buddhirajgautam/Documents/Cherrygram-Mac/macOS-Swift/Telegram-Mac/tgs/menu/menu_save_to_profile.tgs /Users/buddhirajgautam/Library/Developer/Xcode/DerivedData/Telegram-Mac-fygdgghdgmuleoelvxabfmqiotta/Build/Products/Debug/Telegram.app/Contents/Resources

CpResource /Users/buddhirajgautam/Library/Developer/Xcode/DerivedData/Telegram-Mac-fygdgghdgmuleoelvxabfmqiotta/Build/Products/Debug/Telegram.app/Contents/Resources/menu_save_as.tgs /Users/buddhirajgautam/Documents/Cherrygram-Mac/macOS-Swift/Telegram-Mac/tgs/menu/menu_save_as.tgs (in target 'Telegram' from project 'Telegram')
    cd /Users/buddhirajgautam/Documents/Cherrygram-Mac/macOS-Swift
    builtin-copy -exclude .DS_Store -exclude CVS -exclude .svn -exclude .git -exclude .hg -resolve-src-symlinks /Users/buddhirajgautam/Documents/Cherrygram-Mac/macOS-Swift/Telegram-Mac/tgs/menu/menu_save_as.tgs /Users/buddhirajgautam/Library/Developer/Xcode/DerivedData/Telegram-Mac-fygdgghdgmuleoelvxabfmqiotta/Build/Products/Debug/Telegram.app/Contents/Resources

CpResource /Users/buddhirajgautam/Library/Developer/Xcode/DerivedData/Telegram-Mac-fygdgghdgmuleoelvxabfmqiotta/Build/Products/Debug/Telegram.app/Contents/Resources/menu_retract_vote.tgs /Users/buddhirajgautam/Documents/Cherrygram-Mac/macOS-Swift/Telegram-Mac/tgs/menu/menu_retract_vote.tgs (in target 'Telegram' from project 'Telegram')
    cd /Users/buddhirajgautam/Documents/Cherrygram-Mac/macOS-Swift
    builtin-copy -exclude .DS_Store -exclude CVS -exclude .svn -exclude .git -exclude .hg -resolve-src-symlinks /Users/buddhirajgautam/Documents/Cherrygram-Mac/macOS-Swift/Telegram-Mac/tgs/menu/menu_retract_vote.tgs /Users/buddhirajgautam/Library/Developer/Xcode/DerivedData/Telegram-Mac-fygdgghdgmuleoelvxabfmqiotta/Build/Products/Debug/Telegram.app/Contents/Resources

CpResource /Users/buddhirajgautam/Library/Developer/Xcode/DerivedData/Telegram-Mac-fygdgghdgmuleoelvxabfmqiotta/Build/Products/Debug/Telegram.app/Contents/Resources/menu_restrict.tgs /Users/buddhirajgautam/Documents/Cherrygram-Mac/macOS-Swift/Telegram-Mac/tgs/menu/menu_restrict.tgs (in target 'Telegram' from project 'Telegram')
    cd /Users/buddhirajgautam/Documents/Cherrygram-Mac/macOS-Swift
    builtin-copy -exclude .DS_Store -exclude CVS -exclude .svn -exclude .git -exclude .hg -resolve-src-symlinks /Users/buddhirajgautam/Documents/Cherrygram-Mac/macOS-Swift/Telegram-Mac/tgs/menu/menu_restrict.tgs /Users/buddhirajgautam/Library/Developer/Xcode/DerivedData/Telegram-Mac-fygdgghdgmuleoelvxabfmqiotta/Build/Products/Debug/Telegram.app/Contents/Resources

CpResource /Users/buddhirajgautam/Library/Developer/Xcode/DerivedData/Telegram-Mac-fygdgghdgmuleoelvxabfmqiotta/Build/Products/Debug/Telegram.app/Contents/Resources/menu_reset.tgs /Users/buddhirajgautam/Documents/Cherrygram-Mac/macOS-Swift/Telegram-Mac/tgs/menu/menu_reset.tgs (in target 'Telegram' from project 'Telegram')
    cd /Users/buddhirajgautam/Documents/Cherrygram-Mac/macOS-Swift
    builtin-copy -exclude .DS_Store -exclude CVS -exclude .svn -exclude .git -exclude .hg -resolve-src-symlinks /Users/buddhirajgautam/Documents/Cherrygram-Mac/macOS-Swift/Telegram-Mac/tgs/menu/menu_reset.tgs /Users/buddhirajgautam/Library/Developer/Xcode/DerivedData/Telegram-Mac-fygdgghdgmuleoelvxabfmqiotta/Build/Products/Debug/Telegram.app/Contents/Resources

CpResource /Users/buddhirajgautam/Library/Developer/Xcode/DerivedData/Telegram-Mac-fygdgghdgmuleoelvxabfmqiotta/Build/Products/Debug/Telegram.app/Contents/Resources/menu_report_false_positive.tgs /Users/buddhirajgautam/Documents/Cherrygram-Mac/macOS-Swift/Telegram-Mac/tgs/menu/menu_report_false_positive.tgs (in target 'Telegram' from project 'Telegram')
    cd /Users/buddhirajgautam/Documents/Cherrygram-Mac/macOS-Swift
    builtin-copy -exclude .DS_Store -exclude CVS -exclude .svn -exclude .git -exclude .hg -resolve-src-symlinks /Users/buddhirajgautam/Documents/Cherrygram-Mac/macOS-Swift/Telegram-Mac/tgs/menu/menu_report_false_positive.tgs /Users/buddhirajgautam/Library/Developer/Xcode/DerivedData/Telegram-Mac-fygdgghdgmuleoelvxabfmqiotta/Build/Products/Debug/Telegram.app/Contents/Resources

CpResource /Users/buddhirajgautam/Library/Developer/Xcode/DerivedData/Telegram-Mac-fygdgghdgmuleoelvxabfmqiotta/Build/Products/Debug/Telegram.app/Contents/Resources/menu_report.tgs /Users/buddhirajgautam/Documents/Cherrygram-Mac/macOS-Swift/Telegram-Mac/tgs/menu/menu_report.tgs (in target 'Telegram' from project 'Telegram')
    cd /Users/buddhirajgautam/Documents/Cherrygram-Mac/macOS-Swift
    builtin-copy -exclude .DS_Store -exclude CVS -exclude .svn -exclude .git -exclude .hg -resolve-src-symlinks /Users/buddhirajgautam/Documents/Cherrygram-Mac/macOS-Swift/Telegram-Mac/tgs/menu/menu_report.tgs /Users/buddhirajgautam/Library/Developer/Xcode/DerivedData/Telegram-Mac-fygdgghdgmuleoelvxabfmqiotta/Build/Products/Debug/Telegram.app/Contents/Resources

CpResource /Users/buddhirajgautam/Library/Developer/Xcode/DerivedData/Telegram-Mac-fygdgghdgmuleoelvxabfmqiotta/Build/Products/Debug/Telegram.app/Contents/Resources/menu_reply.tgs /Users/buddhirajgautam/Documents/Cherrygram-Mac/macOS-Swift/Telegram-Mac/tgs/menu/menu_reply.tgs (in target 'Telegram' from project 'Telegram')
    cd /Users/buddhirajgautam/Documents/Cherrygram-Mac/macOS-Swift
    builtin-copy -exclude .DS_Store -exclude CVS -exclude .svn -exclude .git -exclude .hg -resolve-src-symlinks /Users/buddhirajgautam/Documents/Cherrygram-Mac/macOS-Swift/Telegram-Mac/tgs/menu/menu_reply.tgs /Users/buddhirajgautam/Library/Developer/Xcode/DerivedData/Telegram-Mac-fygdgghdgmuleoelvxabfmqiotta/Build/Products/Debug/Telegram.app/Contents/Resources

CpResource /Users/buddhirajgautam/Library/Developer/Xcode/DerivedData/Telegram-Mac-fygdgghdgmuleoelvxabfmqiotta/Build/Products/Debug/Telegram.app/Contents/Resources/menu_replace.tgs /Users/buddhirajgautam/Documents/Cherrygram-Mac/macOS-Swift/Telegram-Mac/tgs/menu/menu_replace.tgs (in target 'Telegram' from project 'Telegram')
    cd /Users/buddhirajgautam/Documents/Cherrygram-Mac/macOS-Swift
    builtin-copy -exclude .DS_Store -exclude CVS -exclude .svn -exclude .git -exclude .hg -resolve-src-symlinks /Users/buddhirajgautam/Documents/Cherrygram-Mac/macOS-Swift/Telegram-Mac/tgs/menu/menu_replace.tgs /Users/buddhirajgautam/Library/Developer/Xcode/DerivedData/Telegram-Mac-fygdgghdgmuleoelvxabfmqiotta/Build/Products/Debug/Telegram.app/Contents/Resources

CpResource /Users/buddhirajgautam/Library/Developer/Xcode/DerivedData/Telegram-Mac-fygdgghdgmuleoelvxabfmqiotta/Build/Products/Debug/Telegram.app/Contents/Resources/menu_remove_gif.tgs /Users/buddhirajgautam/Documents/Cherrygram-Mac/macOS-Swift/Telegram-Mac/tgs/menu/menu_remove_gif.tgs (in target 'Telegram' from project 'Telegram')
    cd /Users/buddhirajgautam/Documents/Cherrygram-Mac/macOS-Swift
    builtin-copy -exclude .DS_Store -exclude CVS -exclude .svn -exclude .git -exclude .hg -resolve-src-symlinks /Users/buddhirajgautam/Documents/Cherrygram-Mac/macOS-Swift/Telegram-Mac/tgs/menu/menu_remove_gif.tgs /Users/buddhirajgautam/Library/Developer/Xcode/DerivedData/Telegram-Mac-fygdgghdgmuleoelvxabfmqiotta/Build/Products/Debug/Telegram.app/Contents/Resources

CpResource /Users/buddhirajgautam/Library/Developer/Xcode/DerivedData/Telegram-Mac-fygdgghdgmuleoelvxabfmqiotta/Build/Products/Debug/Telegram.app/Contents/Resources/menu_remove_from_favorites.tgs /Users/buddhirajgautam/Documents/Cherrygram-Mac/macOS-Swift/Telegram-Mac/tgs/menu/menu_remove_from_favorites.tgs (in target 'Telegram' from project 'Telegram')
    cd /Users/buddhirajgautam/Documents/Cherrygram-Mac/macOS-Swift
    builtin-copy -exclude .DS_Store -exclude CVS -exclude .svn -exclude .git -exclude .hg -resolve-src-symlinks /Users/buddhirajgautam/Documents/Cherrygram-Mac/macOS-Swift/Telegram-Mac/tgs/menu/menu_remove_from_favorites.tgs /Users/buddhirajgautam/Library/Developer/Xcode/DerivedData/Telegram-Mac-fygdgghdgmuleoelvxabfmqiotta/Build/Products/Debug/Telegram.app/Contents/Resources

CpResource /Users/buddhirajgautam/Library/Developer/Xcode/DerivedData/Telegram-Mac-fygdgghdgmuleoelvxabfmqiotta/Build/Products/Debug/Telegram.app/Contents/Resources/menu_reload.tgs /Users/buddhirajgautam/Documents/Cherrygram-Mac/macOS-Swift/Telegram-Mac/tgs/menu/menu_reload.tgs (in target 'Telegram' from project 'Telegram')
    cd /Users/buddhirajgautam/Documents/Cherrygram-Mac/macOS-Swift
    builtin-copy -exclude .DS_Store -exclude CVS -exclude .svn -exclude .git -exclude .hg -resolve-src-symlinks /Users/buddhirajgautam/Documents/Cherrygram-Mac/macOS-Swift/Telegram-Mac/tgs/menu/menu_reload.tgs /Users/buddhirajgautam/Library/Developer/Xcode/DerivedData/Telegram-Mac-fygdgghdgmuleoelvxabfmqiotta/Build/Products/Debug/Telegram.app/Contents/Resources

CpResource /Users/buddhirajgautam/Library/Developer/Xcode/DerivedData/Telegram-Mac-fygdgghdgmuleoelvxabfmqiotta/Build/Products/Debug/Telegram.app/Contents/Resources/menu_read.tgs /Users/buddhirajgautam/Documents/Cherrygram-Mac/macOS-Swift/Telegram-Mac/tgs/menu/menu_read.tgs (in target 'Telegram' from project 'Telegram')
    cd /Users/buddhirajgautam/Documents/Cherrygram-Mac/macOS-Swift
    builtin-copy -exclude .DS_Store -exclude CVS -exclude .svn -exclude .git -exclude .hg -resolve-src-symlinks /Users/buddhirajgautam/Documents/Cherrygram-Mac/macOS-Swift/Telegram-Mac/tgs/menu/menu_read.tgs /Users/buddhirajgautam/Library/Developer/Xcode/DerivedData/Telegram-Mac-fygdgghdgmuleoelvxabfmqiotta/Build/Products/Debug/Telegram.app/Contents/Resources

CpResource /Users/buddhirajgautam/Library/Developer/Xcode/DerivedData/Telegram-Mac-fygdgghdgmuleoelvxabfmqiotta/Build/Products/Debug/Telegram.app/Contents/Resources/menu_reactions.tgs /Users/buddhirajgautam/Documents/Cherrygram-Mac/macOS-Swift/Telegram-Mac/tgs/menu/menu_reactions.tgs (in target 'Telegram' from project 'Telegram')
    cd /Users/buddhirajgautam/Documents/Cherrygram-Mac/macOS-Swift
    builtin-copy -exclude .DS_Store -exclude CVS -exclude .svn -exclude .git -exclude .hg -resolve-src-symlinks /Users/buddhirajgautam/Documents/Cherrygram-Mac/macOS-Swift/Telegram-Mac/tgs/menu/menu_reactions.tgs /Users/buddhirajgautam/Library/Developer/Xcode/DerivedData/Telegram-Mac-fygdgghdgmuleoelvxabfmqiotta/Build/Products/Debug/Telegram.app/Contents/Resources

CpResource /Users/buddhirajgautam/Library/Developer/Xcode/DerivedData/Telegram-Mac-fygdgghdgmuleoelvxabfmqiotta/Build/Products/Debug/Telegram.app/Contents/Resources/menu_quote.tgs /Users/buddhirajgautam/Documents/Cherrygram-Mac/macOS-Swift/Telegram-Mac/tgs/menu/menu_quote.tgs (in target 'Telegram' from project 'Telegram')
    cd /Users/buddhirajgautam/Documents/Cherrygram-Mac/macOS-Swift
    builtin-copy -exclude .DS_Store -exclude CVS -exclude .svn -exclude .git -exclude .hg -resolve-src-symlinks /Users/buddhirajgautam/Documents/Cherrygram-Mac/macOS-Swift/Telegram-Mac/tgs/menu/menu_quote.tgs /Users/buddhirajgautam/Library/Developer/Xcode/DerivedData/Telegram-Mac-fygdgghdgmuleoelvxabfmqiotta/Build/Products/Debug/Telegram.app/Contents/Resources

CpResource /Users/buddhirajgautam/Library/Developer/Xcode/DerivedData/Telegram-Mac-fygdgghdgmuleoelvxabfmqiotta/Build/Products/Debug/Telegram.app/Contents/Resources/menu_promote.tgs /Users/buddhirajgautam/Documents/Cherrygram-Mac/macOS-Swift/Telegram-Mac/tgs/menu/menu_promote.tgs (in target 'Telegram' from project 'Telegram')
    cd /Users/buddhirajgautam/Documents/Cherrygram-Mac/macOS-Swift
    builtin-copy -exclude .DS_Store -exclude CVS -exclude .svn -exclude .git -exclude .hg -resolve-src-symlinks /Users/buddhirajgautam/Documents/Cherrygram-Mac/macOS-Swift/Telegram-Mac/tgs/menu/menu_promote.tgs /Users/buddhirajgautam/Library/Developer/Xcode/DerivedData/Telegram-Mac-fygdgghdgmuleoelvxabfmqiotta/Build/Products/Debug/Telegram.app/Contents/Resources

CpResource /Users/buddhirajgautam/Library/Developer/Xcode/DerivedData/Telegram-Mac-fygdgghdgmuleoelvxabfmqiotta/Build/Products/Debug/Telegram.app/Contents/Resources/menu_pornography.tgs /Users/buddhirajgautam/Documents/Cherrygram-Mac/macOS-Swift/Telegram-Mac/tgs/menu/menu_pornography.tgs (in target 'Telegram' from project 'Telegram')
    cd /Users/buddhirajgautam/Documents/Cherrygram-Mac/macOS-Swift
    builtin-copy -exclude .DS_Store -exclude CVS -exclude .svn -exclude .git -exclude .hg -resolve-src-symlinks /Users/buddhirajgautam/Documents/Cherrygram-Mac/macOS-Swift/Telegram-Mac/tgs/menu/menu_pornography.tgs /Users/buddhirajgautam/Library/Developer/Xcode/DerivedData/Telegram-Mac-fygdgghdgmuleoelvxabfmqiotta/Build/Products/Debug/Telegram.app/Contents/Resources

CpResource /Users/buddhirajgautam/Library/Developer/Xcode/DerivedData/Telegram-Mac-fygdgghdgmuleoelvxabfmqiotta/Build/Products/Debug/Telegram.app/Contents/Resources/menu_poll.tgs /Users/buddhirajgautam/Documents/Cherrygram-Mac/macOS-Swift/Telegram-Mac/tgs/menu/menu_poll.tgs (in target 'Telegram' from project 'Telegram')
    cd /Users/buddhirajgautam/Documents/Cherrygram-Mac/macOS-Swift
    builtin-copy -exclude .DS_Store -exclude CVS -exclude .svn -exclude .git -exclude .hg -resolve-src-symlinks /Users/buddhirajgautam/Documents/Cherrygram-Mac/macOS-Swift/Telegram-Mac/tgs/menu/menu_poll.tgs /Users/buddhirajgautam/Library/Developer/Xcode/DerivedData/Telegram-Mac-fygdgghdgmuleoelvxabfmqiotta/Build/Products/Debug/Telegram.app/Contents/Resources

CpResource /Users/buddhirajgautam/Library/Developer/Xcode/DerivedData/Telegram-Mac-fygdgghdgmuleoelvxabfmqiotta/Build/Products/Debug/Telegram.app/Contents/Resources/menu_plus.tgs /Users/buddhirajgautam/Documents/Cherrygram-Mac/macOS-Swift/Telegram-Mac/tgs/menu/menu_plus.tgs (in target 'Telegram' from project 'Telegram')
    cd /Users/buddhirajgautam/Documents/Cherrygram-Mac/macOS-Swift
    builtin-copy -exclude .DS_Store -exclude CVS -exclude .svn -exclude .git -exclude .hg -resolve-src-symlinks /Users/buddhirajgautam/Documents/Cherrygram-Mac/macOS-Swift/Telegram-Mac/tgs/menu/menu_plus.tgs /Users/buddhirajgautam/Library/Developer/Xcode/DerivedData/Telegram-Mac-fygdgghdgmuleoelvxabfmqiotta/Build/Products/Debug/Telegram.app/Contents/Resources

CpResource /Users/buddhirajgautam/Library/Developer/Xcode/DerivedData/Telegram-Mac-fygdgghdgmuleoelvxabfmqiotta/Build/Products/Debug/Telegram.app/Contents/Resources/menu_play.tgs /Users/buddhirajgautam/Documents/Cherrygram-Mac/macOS-Swift/Telegram-Mac/tgs/menu/menu_play.tgs (in target 'Telegram' from project 'Telegram')
    cd /Users/buddhirajgautam/Documents/Cherrygram-Mac/macOS-Swift
    builtin-copy -exclude .DS_Store -exclude CVS -exclude .svn -exclude .git -exclude .hg -resolve-src-symlinks /Users/buddhirajgautam/Documents/Cherrygram-Mac/macOS-Swift/Telegram-Mac/tgs/menu/menu_play.tgs /Users/buddhirajgautam/Library/Developer/Xcode/DerivedData/Telegram-Mac-fygdgghdgmuleoelvxabfmqiotta/Build/Products/Debug/Telegram.app/Contents/Resources

CpResource /Users/buddhirajgautam/Library/Developer/Xcode/DerivedData/Telegram-Mac-fygdgghdgmuleoelvxabfmqiotta/Build/Products/Debug/Telegram.app/Contents/Resources/menu_pin.tgs /Users/buddhirajgautam/Documents/Cherrygram-Mac/macOS-Swift/Telegram-Mac/tgs/menu/menu_pin.tgs (in target 'Telegram' from project 'Telegram')
    cd /Users/buddhirajgautam/Documents/Cherrygram-Mac/macOS-Swift
    builtin-copy -exclude .DS_Store -exclude CVS -exclude .svn -exclude .git -exclude .hg -resolve-src-symlinks /Users/buddhirajgautam/Documents/Cherrygram-Mac/macOS-Swift/Telegram-Mac/tgs/menu/menu_pin.tgs /Users/buddhirajgautam/Library/Developer/Xcode/DerivedData/Telegram-Mac-fygdgghdgmuleoelvxabfmqiotta/Build/Products/Debug/Telegram.app/Contents/Resources

CpResource /Users/buddhirajgautam/Library/Developer/Xcode/DerivedData/Telegram-Mac-fygdgghdgmuleoelvxabfmqiotta/Build/Products/Debug/Telegram.app/Contents/Resources/menu_pause.tgs /Users/buddhirajgautam/Documents/Cherrygram-Mac/macOS-Swift/Telegram-Mac/tgs/menu/menu_pause.tgs (in target 'Telegram' from project 'Telegram')
    cd /Users/buddhirajgautam/Documents/Cherrygram-Mac/macOS-Swift
    builtin-copy -exclude .DS_Store -exclude CVS -exclude .svn -exclude .git -exclude .hg -resolve-src-symlinks /Users/buddhirajgautam/Documents/Cherrygram-Mac/macOS-Swift/Telegram-Mac/tgs/menu/menu_pause.tgs /Users/buddhirajgautam/Library/Developer/Xcode/DerivedData/Telegram-Mac-fygdgghdgmuleoelvxabfmqiotta/Build/Products/Debug/Telegram.app/Contents/Resources

CpResource /Users/buddhirajgautam/Library/Developer/Xcode/DerivedData/Telegram-Mac-fygdgghdgmuleoelvxabfmqiotta/Build/Products/Debug/Telegram.app/Contents/Resources/menu_open_with.tgs /Users/buddhirajgautam/Documents/Cherrygram-Mac/macOS-Swift/Telegram-Mac/tgs/menu/menu_open_with.tgs (in target 'Telegram' from project 'Telegram')
    cd /Users/buddhirajgautam/Documents/Cherrygram-Mac/macOS-Swift
    builtin-copy -exclude .DS_Store -exclude CVS -exclude .svn -exclude .git -exclude .hg -resolve-src-symlinks /Users/buddhirajgautam/Documents/Cherrygram-Mac/macOS-Swift/Telegram-Mac/tgs/menu/menu_open_with.tgs /Users/buddhirajgautam/Library/Developer/Xcode/DerivedData/Telegram-Mac-fygdgghdgmuleoelvxabfmqiotta/Build/Products/Debug/Telegram.app/Contents/Resources

CpResource /Users/buddhirajgautam/Library/Developer/Xcode/DerivedData/Telegram-Mac-fygdgghdgmuleoelvxabfmqiotta/Build/Products/Debug/Telegram.app/Contents/Resources/menu_paid.tgs /Users/buddhirajgautam/Documents/Cherrygram-Mac/macOS-Swift/Telegram-Mac/tgs/menu_paid.tgs (in target 'Telegram' from project 'Telegram')
    cd /Users/buddhirajgautam/Documents/Cherrygram-Mac/macOS-Swift
    builtin-copy -exclude .DS_Store -exclude CVS -exclude .svn -exclude .git -exclude .hg -resolve-src-symlinks /Users/buddhirajgautam/Documents/Cherrygram-Mac/macOS-Swift/Telegram-Mac/tgs/menu_paid.tgs /Users/buddhirajgautam/Library/Developer/Xcode/DerivedData/Telegram-Mac-fygdgghdgmuleoelvxabfmqiotta/Build/Products/Debug/Telegram.app/Contents/Resources

CpResource /Users/buddhirajgautam/Library/Developer/Xcode/DerivedData/Telegram-Mac-fygdgghdgmuleoelvxabfmqiotta/Build/Products/Debug/Telegram.app/Contents/Resources/menu_open_profile.tgs /Users/buddhirajgautam/Documents/Cherrygram-Mac/macOS-Swift/Telegram-Mac/tgs/menu/menu_open_profile.tgs (in target 'Telegram' from project 'Telegram')
    cd /Users/buddhirajgautam/Documents/Cherrygram-Mac/macOS-Swift
    builtin-copy -exclude .DS_Store -exclude CVS -exclude .svn -exclude .git -exclude .hg -resolve-src-symlinks /Users/buddhirajgautam/Documents/Cherrygram-Mac/macOS-Swift/Telegram-Mac/tgs/menu/menu_open_profile.tgs /Users/buddhirajgautam/Library/Developer/Xcode/DerivedData/Telegram-Mac-fygdgghdgmuleoelvxabfmqiotta/Build/Products/Debug/Telegram.app/Contents/Resources

CpResource /Users/buddhirajgautam/Library/Developer/Xcode/DerivedData/Telegram-Mac-fygdgghdgmuleoelvxabfmqiotta/Build/Products/Debug/Telegram.app/Contents/Resources/menu_online.tgs /Users/buddhirajgautam/Documents/Cherrygram-Mac/macOS-Swift/Telegram-Mac/tgs/menu/menu_online.tgs (in target 'Telegram' from project 'Telegram')
    cd /Users/buddhirajgautam/Documents/Cherrygram-Mac/macOS-Swift
    builtin-copy -exclude .DS_Store -exclude CVS -exclude .svn -exclude .git -exclude .hg -resolve-src-symlinks /Users/buddhirajgautam/Documents/Cherrygram-Mac/macOS-Swift/Telegram-Mac/tgs/menu/menu_online.tgs /Users/buddhirajgautam/Library/Developer/Xcode/DerivedData/Telegram-Mac-fygdgghdgmuleoelvxabfmqiotta/Build/Products/Debug/Telegram.app/Contents/Resources

CpResource /Users/buddhirajgautam/Library/Developer/Xcode/DerivedData/Telegram-Mac-fygdgghdgmuleoelvxabfmqiotta/Build/Products/Debug/Telegram.app/Contents/Resources/menu_note_slash.tgs /Users/buddhirajgautam/Documents/Cherrygram-Mac/macOS-Swift/Telegram-Mac/tgs/menu/menu_note_slash.tgs (in target 'Telegram' from project 'Telegram')
    cd /Users/buddhirajgautam/Documents/Cherrygram-Mac/macOS-Swift
    builtin-copy -exclude .DS_Store -exclude CVS -exclude .svn -exclude .git -exclude .hg -resolve-src-symlinks /Users/buddhirajgautam/Documents/Cherrygram-Mac/macOS-Swift/Telegram-Mac/tgs/menu/menu_note_slash.tgs /Users/buddhirajgautam/Library/Developer/Xcode/DerivedData/Telegram-Mac-fygdgghdgmuleoelvxabfmqiotta/Build/Products/Debug/Telegram.app/Contents/Resources

CpResource /Users/buddhirajgautam/Library/Developer/Xcode/DerivedData/Telegram-Mac-fygdgghdgmuleoelvxabfmqiotta/Build/Products/Debug/Telegram.app/Contents/Resources/menu_note_download.tgs /Users/buddhirajgautam/Documents/Cherrygram-Mac/macOS-Swift/Telegram-Mac/tgs/menu/menu_note_download.tgs (in target 'Telegram' from project 'Telegram')
    cd /Users/buddhirajgautam/Documents/Cherrygram-Mac/macOS-Swift
    builtin-copy -exclude .DS_Store -exclude CVS -exclude .svn -exclude .git -exclude .hg -resolve-src-symlinks /Users/buddhirajgautam/Documents/Cherrygram-Mac/macOS-Swift/Telegram-Mac/tgs/menu/menu_note_download.tgs /Users/buddhirajgautam/Library/Developer/Xcode/DerivedData/Telegram-Mac-fygdgghdgmuleoelvxabfmqiotta/Build/Products/Debug/Telegram.app/Contents/Resources

CpResource /Users/buddhirajgautam/Library/Developer/Xcode/DerivedData/Telegram-Mac-fygdgghdgmuleoelvxabfmqiotta/Build/Products/Debug/Telegram.app/Contents/Resources/menu_mute_for_2_days.tgs /Users/buddhirajgautam/Documents/Cherrygram-Mac/macOS-Swift/Telegram-Mac/tgs/menu/menu_mute_for_2_days.tgs (in target 'Telegram' from project 'Telegram')
    cd /Users/buddhirajgautam/Documents/Cherrygram-Mac/macOS-Swift
    builtin-copy -exclude .DS_Store -exclude CVS -exclude .svn -exclude .git -exclude .hg -resolve-src-symlinks /Users/buddhirajgautam/Documents/Cherrygram-Mac/macOS-Swift/Telegram-Mac/tgs/menu/menu_mute_for_2_days.tgs /Users/buddhirajgautam/Library/Developer/Xcode/DerivedData/Telegram-Mac-fygdgghdgmuleoelvxabfmqiotta/Build/Products/Debug/Telegram.app/Contents/Resources

CpResource /Users/buddhirajgautam/Library/Developer/Xcode/DerivedData/Telegram-Mac-fygdgghdgmuleoelvxabfmqiotta/Build/Products/Debug/Telegram.app/Contents/Resources/menu_mute_for_1_hour.tgs /Users/buddhirajgautam/Documents/Cherrygram-Mac/macOS-Swift/Telegram-Mac/tgs/menu/menu_mute_for_1_hour.tgs (in target 'Telegram' from project 'Telegram')
    cd /Users/buddhirajgautam/Documents/Cherrygram-Mac/macOS-Swift
    builtin-copy -exclude .DS_Store -exclude CVS -exclude .svn -exclude .git -exclude .hg -resolve-src-symlinks /Users/buddhirajgautam/Documents/Cherrygram-Mac/macOS-Swift/Telegram-Mac/tgs/menu/menu_mute_for_1_hour.tgs /Users/buddhirajgautam/Library/Developer/Xcode/DerivedData/Telegram-Mac-fygdgghdgmuleoelvxabfmqiotta/Build/Products/Debug/Telegram.app/Contents/Resources

CpResource /Users/buddhirajgautam/Library/Developer/Xcode/DerivedData/Telegram-Mac-fygdgghdgmuleoelvxabfmqiotta/Build/Products/Debug/Telegram.app/Contents/Resources/menu_mute.tgs /Users/buddhirajgautam/Documents/Cherrygram-Mac/macOS-Swift/Telegram-Mac/tgs/menu/menu_mute.tgs (in target 'Telegram' from project 'Telegram')
    cd /Users/buddhirajgautam/Documents/Cherrygram-Mac/macOS-Swift
    builtin-copy -exclude .DS_Store -exclude CVS -exclude .svn -exclude .git -exclude .hg -resolve-src-symlinks /Users/buddhirajgautam/Documents/Cherrygram-Mac/macOS-Swift/Telegram-Mac/tgs/menu/menu_mute.tgs /Users/buddhirajgautam/Library/Developer/Xcode/DerivedData/Telegram-Mac-fygdgghdgmuleoelvxabfmqiotta/Build/Products/Debug/Telegram.app/Contents/Resources

CpResource /Users/buddhirajgautam/Library/Developer/Xcode/DerivedData/Telegram-Mac-fygdgghdgmuleoelvxabfmqiotta/Build/Products/Debug/Telegram.app/Contents/Resources/menu_music.tgs /Users/buddhirajgautam/Documents/Cherrygram-Mac/macOS-Swift/Telegram-Mac/tgs/menu/menu_music.tgs (in target 'Telegram' from project 'Telegram')
    cd /Users/buddhirajgautam/Documents/Cherrygram-Mac/macOS-Swift
    builtin-copy -exclude .DS_Store -exclude CVS -exclude .svn -exclude .git -exclude .hg -resolve-src-symlinks /Users/buddhirajgautam/Documents/Cherrygram-Mac/macOS-Swift/Telegram-Mac/tgs/menu/menu_music.tgs /Users/buddhirajgautam/Library/Developer/Xcode/DerivedData/Telegram-Mac-fygdgghdgmuleoelvxabfmqiotta/Build/Products/Debug/Telegram.app/Contents/Resources

CpResource /Users/buddhirajgautam/Library/Developer/Xcode/DerivedData/Telegram-Mac-fygdgghdgmuleoelvxabfmqiotta/Build/Products/Debug/Telegram.app/Contents/Resources/menu_move_to_contacts.tgs /Users/buddhirajgautam/Documents/Cherrygram-Mac/macOS-Swift/Telegram-Mac/tgs/menu/menu_move_to_contacts.tgs (in target 'Telegram' from project 'Telegram')
    cd /Users/buddhirajgautam/Documents/Cherrygram-Mac/macOS-Swift
    builtin-copy -exclude .DS_Store -exclude CVS -exclude .svn -exclude .git -exclude .hg -resolve-src-symlinks /Users/buddhirajgautam/Documents/Cherrygram-Mac/macOS-Swift/Telegram-Mac/tgs/menu/menu_move_to_contacts.tgs /Users/buddhirajgautam/Library/Developer/Xcode/DerivedData/Telegram-Mac-fygdgghdgmuleoelvxabfmqiotta/Build/Products/Debug/Telegram.app/Contents/Resources

CpResource /Users/buddhirajgautam/Library/Developer/Xcode/DerivedData/Telegram-Mac-fygdgghdgmuleoelvxabfmqiotta/Build/Products/Debug/Telegram.app/Contents/Resources/menu_more.tgs /Users/buddhirajgautam/Documents/Cherrygram-Mac/macOS-Swift/Telegram-Mac/tgs/menu/menu_more.tgs (in target 'Telegram' from project 'Telegram')
    cd /Users/buddhirajgautam/Documents/Cherrygram-Mac/macOS-Swift
    builtin-copy -exclude .DS_Store -exclude CVS -exclude .svn -exclude .git -exclude .hg -resolve-src-symlinks /Users/buddhirajgautam/Documents/Cherrygram-Mac/macOS-Swift/Telegram-Mac/tgs/menu/menu_more.tgs /Users/buddhirajgautam/Library/Developer/Xcode/DerivedData/Telegram-Mac-fygdgghdgmuleoelvxabfmqiotta/Build/Products/Debug/Telegram.app/Contents/Resources

CpResource /Users/buddhirajgautam/Library/Developer/Xcode/DerivedData/Telegram-Mac-fygdgghdgmuleoelvxabfmqiotta/Build/Products/Debug/Telegram.app/Contents/Resources/menu_moon.tgs /Users/buddhirajgautam/Documents/Cherrygram-Mac/macOS-Swift/Telegram-Mac/tgs/menu/menu_moon.tgs (in target 'Telegram' from project 'Telegram')
    cd /Users/buddhirajgautam/Documents/Cherrygram-Mac/macOS-Swift
    builtin-copy -exclude .DS_Store -exclude CVS -exclude .svn -exclude .git -exclude .hg -resolve-src-symlinks /Users/buddhirajgautam/Documents/Cherrygram-Mac/macOS-Swift/Telegram-Mac/tgs/menu/menu_moon.tgs /Users/buddhirajgautam/Library/Developer/Xcode/DerivedData/Telegram-Mac-fygdgghdgmuleoelvxabfmqiotta/Build/Products/Debug/Telegram.app/Contents/Resources

CpResource /Users/buddhirajgautam/Library/Developer/Xcode/DerivedData/Telegram-Mac-fygdgghdgmuleoelvxabfmqiotta/Build/Products/Debug/Telegram.app/Contents/Resources/menu_monogram.tgs /Users/buddhirajgautam/Documents/Cherrygram-Mac/macOS-Swift/Telegram-Mac/tgs/menu/menu_monogram.tgs (in target 'Telegram' from project 'Telegram')
    cd /Users/buddhirajgautam/Documents/Cherrygram-Mac/macOS-Swift
    builtin-copy -exclude .DS_Store -exclude CVS -exclude .svn -exclude .git -exclude .hg -resolve-src-symlinks /Users/buddhirajgautam/Documents/Cherrygram-Mac/macOS-Swift/Telegram-Mac/tgs/menu/menu_monogram.tgs /Users/buddhirajgautam/Library/Developer/Xcode/DerivedData/Telegram-Mac-fygdgghdgmuleoelvxabfmqiotta/Build/Products/Debug/Telegram.app/Contents/Resources

CpResource /Users/buddhirajgautam/Library/Developer/Xcode/DerivedData/Telegram-Mac-fygdgghdgmuleoelvxabfmqiotta/Build/Products/Debug/Telegram.app/Contents/Resources/menu_lock.tgs /Users/buddhirajgautam/Documents/Cherrygram-Mac/macOS-Swift/Telegram-Mac/tgs/menu/menu_lock.tgs (in target 'Telegram' from project 'Telegram')
    cd /Users/buddhirajgautam/Documents/Cherrygram-Mac/macOS-Swift
    builtin-copy -exclude .DS_Store -exclude CVS -exclude .svn -exclude .git -exclude .hg -resolve-src-symlinks /Users/buddhirajgautam/Documents/Cherrygram-Mac/macOS-Swift/Telegram-Mac/tgs/menu/menu_lock.tgs /Users/buddhirajgautam/Library/Developer/Xcode/DerivedData/Telegram-Mac-fygdgghdgmuleoelvxabfmqiotta/Build/Products/Debug/Telegram.app/Contents/Resources

CpResource /Users/buddhirajgautam/Library/Developer/Xcode/DerivedData/Telegram-Mac-fygdgghdgmuleoelvxabfmqiotta/Build/Products/Debug/Telegram.app/Contents/Resources/menu_location.tgs /Users/buddhirajgautam/Documents/Cherrygram-Mac/macOS-Swift/Telegram-Mac/tgs/menu/menu_location.tgs (in target 'Telegram' from project 'Telegram')
    cd /Users/buddhirajgautam/Documents/Cherrygram-Mac/macOS-Swift
    builtin-copy -exclude .DS_Store -exclude CVS -exclude .svn -exclude .git -exclude .hg -resolve-src-symlinks /Users/buddhirajgautam/Documents/Cherrygram-Mac/macOS-Swift/Telegram-Mac/tgs/menu/menu_location.tgs /Users/buddhirajgautam/Library/Developer/Xcode/DerivedData/Telegram-Mac-fygdgghdgmuleoelvxabfmqiotta/Build/Products/Debug/Telegram.app/Contents/Resources

CpResource /Users/buddhirajgautam/Library/Developer/Xcode/DerivedData/Telegram-Mac-fygdgghdgmuleoelvxabfmqiotta/Build/Products/Debug/Telegram.app/Contents/Resources/menu_list.tgs /Users/buddhirajgautam/Documents/Cherrygram-Mac/macOS-Swift/Telegram-Mac/tgs/menu/menu_list.tgs (in target 'Telegram' from project 'Telegram')
    cd /Users/buddhirajgautam/Documents/Cherrygram-Mac/macOS-Swift
    builtin-copy -exclude .DS_Store -exclude CVS -exclude .svn -exclude .git -exclude .hg -resolve-src-symlinks /Users/buddhirajgautam/Documents/Cherrygram-Mac/macOS-Swift/Telegram-Mac/tgs/menu/menu_list.tgs /Users/buddhirajgautam/Library/Developer/Xcode/DerivedData/Telegram-Mac-fygdgghdgmuleoelvxabfmqiotta/Build/Products/Debug/Telegram.app/Contents/Resources

CpResource /Users/buddhirajgautam/Library/Developer/Xcode/DerivedData/Telegram-Mac-fygdgghdgmuleoelvxabfmqiotta/Build/Products/Debug/Telegram.app/Contents/Resources/menu_lighting.tgs /Users/buddhirajgautam/Documents/Cherrygram-Mac/macOS-Swift/Telegram-Mac/tgs/menu/menu_lighting.tgs (in target 'Telegram' from project 'Telegram')
    cd /Users/buddhirajgautam/Documents/Cherrygram-Mac/macOS-Swift
    builtin-copy -exclude .DS_Store -exclude CVS -exclude .svn -exclude .git -exclude .hg -resolve-src-symlinks /Users/buddhirajgautam/Documents/Cherrygram-Mac/macOS-Swift/Telegram-Mac/tgs/menu/menu_lighting.tgs /Users/buddhirajgautam/Library/Developer/Xcode/DerivedData/Telegram-Mac-fygdgghdgmuleoelvxabfmqiotta/Build/Products/Debug/Telegram.app/Contents/Resources

CpResource /Users/buddhirajgautam/Library/Developer/Xcode/DerivedData/Telegram-Mac-fygdgghdgmuleoelvxabfmqiotta/Build/Products/Debug/Telegram.app/Contents/Resources/menu_leave.tgs /Users/buddhirajgautam/Documents/Cherrygram-Mac/macOS-Swift/Telegram-Mac/tgs/menu/menu_leave.tgs (in target 'Telegram' from project 'Telegram')
    cd /Users/buddhirajgautam/Documents/Cherrygram-Mac/macOS-Swift
    builtin-copy -exclude .DS_Store -exclude CVS -exclude .svn -exclude .git -exclude .hg -resolve-src-symlinks /Users/buddhirajgautam/Documents/Cherrygram-Mac/macOS-Swift/Telegram-Mac/tgs/menu/menu_leave.tgs /Users/buddhirajgautam/Library/Developer/Xcode/DerivedData/Telegram-Mac-fygdgghdgmuleoelvxabfmqiotta/Build/Products/Debug/Telegram.app/Contents/Resources

CpResource /Users/buddhirajgautam/Library/Developer/Xcode/DerivedData/Telegram-Mac-fygdgghdgmuleoelvxabfmqiotta/Build/Products/Debug/Telegram.app/Contents/Resources/menu_hide.tgs /Users/buddhirajgautam/Documents/Cherrygram-Mac/macOS-Swift/Telegram-Mac/tgs/menu/menu_hide.tgs (in target 'Telegram' from project 'Telegram')
    cd /Users/buddhirajgautam/Documents/Cherrygram-Mac/macOS-Swift
    builtin-copy -exclude .DS_Store -exclude CVS -exclude .svn -exclude .git -exclude .hg -resolve-src-symlinks /Users/buddhirajgautam/Documents/Cherrygram-Mac/macOS-Swift/Telegram-Mac/tgs/menu/menu_hide.tgs /Users/buddhirajgautam/Library/Developer/Xcode/DerivedData/Telegram-Mac-fygdgghdgmuleoelvxabfmqiotta/Build/Products/Debug/Telegram.app/Contents/Resources

CpResource /Users/buddhirajgautam/Library/Developer/Xcode/DerivedData/Telegram-Mac-fygdgghdgmuleoelvxabfmqiotta/Build/Products/Debug/Telegram.app/Contents/Resources/menu_hd_lock.tgs /Users/buddhirajgautam/Documents/Cherrygram-Mac/macOS-Swift/Telegram-Mac/tgs/menu/menu_hd_lock.tgs (in target 'Telegram' from project 'Telegram')
    cd /Users/buddhirajgautam/Documents/Cherrygram-Mac/macOS-Swift
    builtin-copy -exclude .DS_Store -exclude CVS -exclude .svn -exclude .git -exclude .hg -resolve-src-symlinks /Users/buddhirajgautam/Documents/Cherrygram-Mac/macOS-Swift/Telegram-Mac/tgs/menu/menu_hd_lock.tgs /Users/buddhirajgautam/Library/Developer/Xcode/DerivedData/Telegram-Mac-fygdgghdgmuleoelvxabfmqiotta/Build/Products/Debug/Telegram.app/Contents/Resources

CpResource /Users/buddhirajgautam/Library/Developer/Xcode/DerivedData/Telegram-Mac-fygdgghdgmuleoelvxabfmqiotta/Build/Products/Debug/Telegram.app/Contents/Resources/menu_hd.tgs /Users/buddhirajgautam/Documents/Cherrygram-Mac/macOS-Swift/Telegram-Mac/tgs/menu/menu_hd.tgs (in target 'Telegram' from project 'Telegram')
    cd /Users/buddhirajgautam/Documents/Cherrygram-Mac/macOS-Swift
    builtin-copy -exclude .DS_Store -exclude CVS -exclude .svn -exclude .git -exclude .hg -resolve-src-symlinks /Users/buddhirajgautam/Documents/Cherrygram-Mac/macOS-Swift/Telegram-Mac/tgs/menu/menu_hd.tgs /Users/buddhirajgautam/Library/Developer/Xcode/DerivedData/Telegram-Mac-fygdgghdgmuleoelvxabfmqiotta/Build/Products/Debug/Telegram.app/Contents/Resources

CpResource /Users/buddhirajgautam/Library/Developer/Xcode/DerivedData/Telegram-Mac-fygdgghdgmuleoelvxabfmqiotta/Build/Products/Debug/Telegram.app/Contents/Resources/menu_hashtag_up.tgs /Users/buddhirajgautam/Documents/Cherrygram-Mac/macOS-Swift/Telegram-Mac/tgs/menu/menu_hashtag_up.tgs (in target 'Telegram' from project 'Telegram')
    cd /Users/buddhirajgautam/Documents/Cherrygram-Mac/macOS-Swift
    builtin-copy -exclude .DS_Store -exclude CVS -exclude .svn -exclude .git -exclude .hg -resolve-src-symlinks /Users/buddhirajgautam/Documents/Cherrygram-Mac/macOS-Swift/Telegram-Mac/tgs/menu/menu_hashtag_up.tgs /Users/buddhirajgautam/Library/Developer/Xcode/DerivedData/Telegram-Mac-fygdgghdgmuleoelvxabfmqiotta/Build/Products/Debug/Telegram.app/Contents/Resources

CpResource /Users/buddhirajgautam/Library/Developer/Xcode/DerivedData/Telegram-Mac-fygdgghdgmuleoelvxabfmqiotta/Build/Products/Debug/Telegram.app/Contents/Resources/menu_gift.tgs /Users/buddhirajgautam/Documents/Cherrygram-Mac/macOS-Swift/Telegram-Mac/tgs/menu/menu_gift.tgs (in target 'Telegram' from project 'Telegram')
    cd /Users/buddhirajgautam/Documents/Cherrygram-Mac/macOS-Swift
    builtin-copy -exclude .DS_Store -exclude CVS -exclude .svn -exclude .git -exclude .hg -resolve-src-symlinks /Users/buddhirajgautam/Documents/Cherrygram-Mac/macOS-Swift/Telegram-Mac/tgs/menu/menu_gift.tgs /Users/buddhirajgautam/Library/Developer/Xcode/DerivedData/Telegram-Mac-fygdgghdgmuleoelvxabfmqiotta/Build/Products/Debug/Telegram.app/Contents/Resources

CpResource /Users/buddhirajgautam/Library/Developer/Xcode/DerivedData/Telegram-Mac-fygdgghdgmuleoelvxabfmqiotta/Build/Products/Debug/Telegram.app/Contents/Resources/menu_gear.tgs /Users/buddhirajgautam/Documents/Cherrygram-Mac/macOS-Swift/Telegram-Mac/tgs/menu/menu_gear.tgs (in target 'Telegram' from project 'Telegram')
    cd /Users/buddhirajgautam/Documents/Cherrygram-Mac/macOS-Swift
    builtin-copy -exclude .DS_Store -exclude CVS -exclude .svn -exclude .git -exclude .hg -resolve-src-symlinks /Users/buddhirajgautam/Documents/Cherrygram-Mac/macOS-Swift/Telegram-Mac/tgs/menu/menu_gear.tgs /Users/buddhirajgautam/Library/Developer/Xcode/DerivedData/Telegram-Mac-fygdgghdgmuleoelvxabfmqiotta/Build/Products/Debug/Telegram.app/Contents/Resources

CpResource /Users/buddhirajgautam/Library/Developer/Xcode/DerivedData/Telegram-Mac-fygdgghdgmuleoelvxabfmqiotta/Build/Products/Debug/Telegram.app/Contents/Resources/menu_forward.tgs /Users/buddhirajgautam/Documents/Cherrygram-Mac/macOS-Swift/Telegram-Mac/tgs/menu/menu_forward.tgs (in target 'Telegram' from project 'Telegram')
    cd /Users/buddhirajgautam/Documents/Cherrygram-Mac/macOS-Swift
    builtin-copy -exclude .DS_Store -exclude CVS -exclude .svn -exclude .git -exclude .hg -resolve-src-symlinks /Users/buddhirajgautam/Documents/Cherrygram-Mac/macOS-Swift/Telegram-Mac/tgs/menu/menu_forward.tgs /Users/buddhirajgautam/Library/Developer/Xcode/DerivedData/Telegram-Mac-fygdgghdgmuleoelvxabfmqiotta/Build/Products/Debug/Telegram.app/Contents/Resources

CpResource /Users/buddhirajgautam/Library/Developer/Xcode/DerivedData/Telegram-Mac-fygdgghdgmuleoelvxabfmqiotta/Build/Products/Debug/Telegram.app/Contents/Resources/menu_forever.tgs /Users/buddhirajgautam/Documents/Cherrygram-Mac/macOS-Swift/Telegram-Mac/tgs/menu/menu_forever.tgs (in target 'Telegram' from project 'Telegram')
    cd /Users/buddhirajgautam/Documents/Cherrygram-Mac/macOS-Swift
    builtin-copy -exclude .DS_Store -exclude CVS -exclude .svn -exclude .git -exclude .hg -resolve-src-symlinks /Users/buddhirajgautam/Documents/Cherrygram-Mac/macOS-Swift/Telegram-Mac/tgs/menu/menu_forever.tgs /Users/buddhirajgautam/Library/Developer/Xcode/DerivedData/Telegram-Mac-fygdgghdgmuleoelvxabfmqiotta/Build/Products/Debug/Telegram.app/Contents/Resources

CpResource /Users/buddhirajgautam/Library/Developer/Xcode/DerivedData/Telegram-Mac-fygdgghdgmuleoelvxabfmqiotta/Build/Products/Debug/Telegram.app/Contents/Resources/menu_folder_work.tgs /Users/buddhirajgautam/Documents/Cherrygram-Mac/macOS-Swift/Telegram-Mac/tgs/menu/folders/menu_folder_work.tgs (in target 'Telegram' from project 'Telegram')
    cd /Users/buddhirajgautam/Documents/Cherrygram-Mac/macOS-Swift
    builtin-copy -exclude .DS_Store -exclude CVS -exclude .svn -exclude .git -exclude .hg -resolve-src-symlinks /Users/buddhirajgautam/Documents/Cherrygram-Mac/macOS-Swift/Telegram-Mac/tgs/menu/folders/menu_folder_work.tgs /Users/buddhirajgautam/Library/Developer/Xcode/DerivedData/Telegram-Mac-fygdgghdgmuleoelvxabfmqiotta/Build/Products/Debug/Telegram.app/Contents/Resources

CpResource /Users/buddhirajgautam/Library/Developer/Xcode/DerivedData/Telegram-Mac-fygdgghdgmuleoelvxabfmqiotta/Build/Products/Debug/Telegram.app/Contents/Resources/menu_folder_virus.tgs /Users/buddhirajgautam/Documents/Cherrygram-Mac/macOS-Swift/Telegram-Mac/tgs/menu/folders/menu_folder_virus.tgs (in target 'Telegram' from project 'Telegram')
    cd /Users/buddhirajgautam/Documents/Cherrygram-Mac/macOS-Swift
    builtin-copy -exclude .DS_Store -exclude CVS -exclude .svn -exclude .git -exclude .hg -resolve-src-symlinks /Users/buddhirajgautam/Documents/Cherrygram-Mac/macOS-Swift/Telegram-Mac/tgs/menu/folders/menu_folder_virus.tgs /Users/buddhirajgautam/Library/Developer/Xcode/DerivedData/Telegram-Mac-fygdgghdgmuleoelvxabfmqiotta/Build/Products/Debug/Telegram.app/Contents/Resources

CpResource /Users/buddhirajgautam/Library/Developer/Xcode/DerivedData/Telegram-Mac-fygdgghdgmuleoelvxabfmqiotta/Build/Products/Debug/Telegram.app/Contents/Resources/menu_folder_unread.tgs /Users/buddhirajgautam/Documents/Cherrygram-Mac/macOS-Swift/Telegram-Mac/tgs/menu/folders/menu_folder_unread.tgs (in target 'Telegram' from project 'Telegram')
    cd /Users/buddhirajgautam/Documents/Cherrygram-Mac/macOS-Swift
    builtin-copy -exclude .DS_Store -exclude CVS -exclude .svn -exclude .git -exclude .hg -resolve-src-symlinks /Users/buddhirajgautam/Documents/Cherrygram-Mac/macOS-Swift/Telegram-Mac/tgs/menu/folders/menu_folder_unread.tgs /Users/buddhirajgautam/Library/Developer/Xcode/DerivedData/Telegram-Mac-fygdgghdgmuleoelvxabfmqiotta/Build/Products/Debug/Telegram.app/Contents/Resources

CpResource /Users/buddhirajgautam/Library/Developer/Xcode/DerivedData/Telegram-Mac-fygdgghdgmuleoelvxabfmqiotta/Build/Products/Debug/Telegram.app/Contents/Resources/menu_folder_telegram.tgs /Users/buddhirajgautam/Documents/Cherrygram-Mac/macOS-Swift/Telegram-Mac/tgs/menu/folders/menu_folder_telegram.tgs (in target 'Telegram' from project 'Telegram')
    cd /Users/buddhirajgautam/Documents/Cherrygram-Mac/macOS-Swift
    builtin-copy -exclude .DS_Store -exclude CVS -exclude .svn -exclude .git -exclude .hg -resolve-src-symlinks /Users/buddhirajgautam/Documents/Cherrygram-Mac/macOS-Swift/Telegram-Mac/tgs/menu/folders/menu_folder_telegram.tgs /Users/buddhirajgautam/Library/Developer/Xcode/DerivedData/Telegram-Mac-fygdgghdgmuleoelvxabfmqiotta/Build/Products/Debug/Telegram.app/Contents/Resources

CpResource /Users/buddhirajgautam/Library/Developer/Xcode/DerivedData/Telegram-Mac-fygdgghdgmuleoelvxabfmqiotta/Build/Products/Debug/Telegram.app/Contents/Resources/menu_folder_student.tgs /Users/buddhirajgautam/Documents/Cherrygram-Mac/macOS-Swift/Telegram-Mac/tgs/menu/folders/menu_folder_student.tgs (in target 'Telegram' from project 'Telegram')
    cd /Users/buddhirajgautam/Documents/Cherrygram-Mac/macOS-Swift
    builtin-copy -exclude .DS_Store -exclude CVS -exclude .svn -exclude .git -exclude .hg -resolve-src-symlinks /Users/buddhirajgautam/Documents/Cherrygram-Mac/macOS-Swift/Telegram-Mac/tgs/menu/folders/menu_folder_student.tgs /Users/buddhirajgautam/Library/Developer/Xcode/DerivedData/Telegram-Mac-fygdgghdgmuleoelvxabfmqiotta/Build/Products/Debug/Telegram.app/Contents/Resources

CpResource /Users/buddhirajgautam/Library/Developer/Xcode/DerivedData/Telegram-Mac-fygdgghdgmuleoelvxabfmqiotta/Build/Products/Debug/Telegram.app/Contents/Resources/menu_folder_star.tgs /Users/buddhirajgautam/Documents/Cherrygram-Mac/macOS-Swift/Telegram-Mac/tgs/menu/folders/menu_folder_star.tgs (in target 'Telegram' from project 'Telegram')
    cd /Users/buddhirajgautam/Documents/Cherrygram-Mac/macOS-Swift
    builtin-copy -exclude .DS_Store -exclude CVS -exclude .svn -exclude .git -exclude .hg -resolve-src-symlinks /Users/buddhirajgautam/Documents/Cherrygram-Mac/macOS-Swift/Telegram-Mac/tgs/menu/folders/menu_folder_star.tgs /Users/buddhirajgautam/Library/Developer/Xcode/DerivedData/Telegram-Mac-fygdgghdgmuleoelvxabfmqiotta/Build/Products/Debug/Telegram.app/Contents/Resources

CpResource /Users/buddhirajgautam/Library/Developer/Xcode/DerivedData/Telegram-Mac-fygdgghdgmuleoelvxabfmqiotta/Build/Products/Debug/Telegram.app/Contents/Resources/menu_folder_sport.tgs /Users/buddhirajgautam/Documents/Cherrygram-Mac/macOS-Swift/Telegram-Mac/tgs/menu/folders/menu_folder_sport.tgs (in target 'Telegram' from project 'Telegram')
    cd /Users/buddhirajgautam/Documents/Cherrygram-Mac/macOS-Swift
    builtin-copy -exclude .DS_Store -exclude CVS -exclude .svn -exclude .git -exclude .hg -resolve-src-symlinks /Users/buddhirajgautam/Documents/Cherrygram-Mac/macOS-Swift/Telegram-Mac/tgs/menu/folders/menu_folder_sport.tgs /Users/buddhirajgautam/Library/Developer/Xcode/DerivedData/Telegram-Mac-fygdgghdgmuleoelvxabfmqiotta/Build/Products/Debug/Telegram.app/Contents/Resources

CpResource /Users/buddhirajgautam/Library/Developer/Xcode/DerivedData/Telegram-Mac-fygdgghdgmuleoelvxabfmqiotta/Build/Products/Debug/Telegram.app/Contents/Resources/menu_folder_read.tgs /Users/buddhirajgautam/Documents/Cherrygram-Mac/macOS-Swift/Telegram-Mac/tgs/menu/folders/menu_folder_read.tgs (in target 'Telegram' from project 'Telegram')
    cd /Users/buddhirajgautam/Documents/Cherrygram-Mac/macOS-Swift
    builtin-copy -exclude .DS_Store -exclude CVS -exclude .svn -exclude .git -exclude .hg -resolve-src-symlinks /Users/buddhirajgautam/Documents/Cherrygram-Mac/macOS-Swift/Telegram-Mac/tgs/menu/folders/menu_folder_read.tgs /Users/buddhirajgautam/Library/Developer/Xcode/DerivedData/Telegram-Mac-fygdgghdgmuleoelvxabfmqiotta/Build/Products/Debug/Telegram.app/Contents/Resources

CpResource /Users/buddhirajgautam/Library/Developer/Xcode/DerivedData/Telegram-Mac-fygdgghdgmuleoelvxabfmqiotta/Build/Products/Debug/Telegram.app/Contents/Resources/menu_folder_plane.tgs /Users/buddhirajgautam/Documents/Cherrygram-Mac/macOS-Swift/Telegram-Mac/tgs/menu/folders/menu_folder_plane.tgs (in target 'Telegram' from project 'Telegram')
    cd /Users/buddhirajgautam/Documents/Cherrygram-Mac/macOS-Swift
    builtin-copy -exclude .DS_Store -exclude CVS -exclude .svn -exclude .git -exclude .hg -resolve-src-symlinks /Users/buddhirajgautam/Documents/Cherrygram-Mac/macOS-Swift/Telegram-Mac/tgs/menu/folders/menu_folder_plane.tgs /Users/buddhirajgautam/Library/Developer/Xcode/DerivedData/Telegram-Mac-fygdgghdgmuleoelvxabfmqiotta/Build/Products/Debug/Telegram.app/Contents/Resources

CpResource /Users/buddhirajgautam/Library/Developer/Xcode/DerivedData/Telegram-Mac-fygdgghdgmuleoelvxabfmqiotta/Build/Products/Debug/Telegram.app/Contents/Resources/menu_folder_personal.tgs /Users/buddhirajgautam/Documents/Cherrygram-Mac/macOS-Swift/Telegram-Mac/tgs/menu/folders/menu_folder_personal.tgs (in target 'Telegram' from project 'Telegram')
    cd /Users/buddhirajgautam/Documents/Cherrygram-Mac/macOS-Swift
    builtin-copy -exclude .DS_Store -exclude CVS -exclude .svn -exclude .git -exclude .hg -resolve-src-symlinks /Users/buddhirajgautam/Documents/Cherrygram-Mac/macOS-Swift/Telegram-Mac/tgs/menu/folders/menu_folder_personal.tgs /Users/buddhirajgautam/Library/Developer/Xcode/DerivedData/Telegram-Mac-fygdgghdgmuleoelvxabfmqiotta/Build/Products/Debug/Telegram.app/Contents/Resources

CpResource /Users/buddhirajgautam/Library/Developer/Xcode/DerivedData/Telegram-Mac-fygdgghdgmuleoelvxabfmqiotta/Build/Products/Debug/Telegram.app/Contents/Resources/menu_folder_paint.tgs /Users/buddhirajgautam/Documents/Cherrygram-Mac/macOS-Swift/Telegram-Mac/tgs/menu/folders/menu_folder_paint.tgs (in target 'Telegram' from project 'Telegram')
    cd /Users/buddhirajgautam/Documents/Cherrygram-Mac/macOS-Swift
    builtin-copy -exclude .DS_Store -exclude CVS -exclude .svn -exclude .git -exclude .hg -resolve-src-symlinks /Users/buddhirajgautam/Documents/Cherrygram-Mac/macOS-Swift/Telegram-Mac/tgs/menu/folders/menu_folder_paint.tgs /Users/buddhirajgautam/Library/Developer/Xcode/DerivedData/Telegram-Mac-fygdgghdgmuleoelvxabfmqiotta/Build/Products/Debug/Telegram.app/Contents/Resources

CpResource /Users/buddhirajgautam/Library/Developer/Xcode/DerivedData/Telegram-Mac-fygdgghdgmuleoelvxabfmqiotta/Build/Products/Debug/Telegram.app/Contents/Resources/menu_folder_music.tgs /Users/buddhirajgautam/Documents/Cherrygram-Mac/macOS-Swift/Telegram-Mac/tgs/menu/folders/menu_folder_music.tgs (in target 'Telegram' from project 'Telegram')
    cd /Users/buddhirajgautam/Documents/Cherrygram-Mac/macOS-Swift
    builtin-copy -exclude .DS_Store -exclude CVS -exclude .svn -exclude .git -exclude .hg -resolve-src-symlinks /Users/buddhirajgautam/Documents/Cherrygram-Mac/macOS-Swift/Telegram-Mac/tgs/menu/folders/menu_folder_music.tgs /Users/buddhirajgautam/Library/Developer/Xcode/DerivedData/Telegram-Mac-fygdgghdgmuleoelvxabfmqiotta/Build/Products/Debug/Telegram.app/Contents/Resources

CpResource /Users/buddhirajgautam/Library/Developer/Xcode/DerivedData/Telegram-Mac-fygdgghdgmuleoelvxabfmqiotta/Build/Products/Debug/Telegram.app/Contents/Resources/menu_folder_math.tgs /Users/buddhirajgautam/Documents/Cherrygram-Mac/macOS-Swift/Telegram-Mac/tgs/menu/folders/menu_folder_math.tgs (in target 'Telegram' from project 'Telegram')
    cd /Users/buddhirajgautam/Documents/Cherrygram-Mac/macOS-Swift
    builtin-copy -exclude .DS_Store -exclude CVS -exclude .svn -exclude .git -exclude .hg -resolve-src-symlinks /Users/buddhirajgautam/Documents/Cherrygram-Mac/macOS-Swift/Telegram-Mac/tgs/menu/folders/menu_folder_math.tgs /Users/buddhirajgautam/Library/Developer/Xcode/DerivedData/Telegram-Mac-fygdgghdgmuleoelvxabfmqiotta/Build/Products/Debug/Telegram.app/Contents/Resources

CpResource /Users/buddhirajgautam/Library/Developer/Xcode/DerivedData/Telegram-Mac-fygdgghdgmuleoelvxabfmqiotta/Build/Products/Debug/Telegram.app/Contents/Resources/menu_folder_love.tgs /Users/buddhirajgautam/Documents/Cherrygram-Mac/macOS-Swift/Telegram-Mac/tgs/menu/folders/menu_folder_love.tgs (in target 'Telegram' from project 'Telegram')
    cd /Users/buddhirajgautam/Documents/Cherrygram-Mac/macOS-Swift
    builtin-copy -exclude .DS_Store -exclude CVS -exclude .svn -exclude .git -exclude .hg -resolve-src-symlinks /Users/buddhirajgautam/Documents/Cherrygram-Mac/macOS-Swift/Telegram-Mac/tgs/menu/folders/menu_folder_love.tgs /Users/buddhirajgautam/Library/Developer/Xcode/DerivedData/Telegram-Mac-fygdgghdgmuleoelvxabfmqiotta/Build/Products/Debug/Telegram.app/Contents/Resources

CpResource /Users/buddhirajgautam/Library/Developer/Xcode/DerivedData/Telegram-Mac-fygdgghdgmuleoelvxabfmqiotta/Build/Products/Debug/Telegram.app/Contents/Resources/menu_folder_lock.tgs /Users/buddhirajgautam/Documents/Cherrygram-Mac/macOS-Swift/Telegram-Mac/tgs/menu/folders/menu_folder_lock.tgs (in target 'Telegram' from project 'Telegram')
    cd /Users/buddhirajgautam/Documents/Cherrygram-Mac/macOS-Swift
    builtin-copy -exclude .DS_Store -exclude CVS -exclude .svn -exclude .git -exclude .hg -resolve-src-symlinks /Users/buddhirajgautam/Documents/Cherrygram-Mac/macOS-Swift/Telegram-Mac/tgs/menu/folders/menu_folder_lock.tgs /Users/buddhirajgautam/Library/Developer/Xcode/DerivedData/Telegram-Mac-fygdgghdgmuleoelvxabfmqiotta/Build/Products/Debug/Telegram.app/Contents/Resources

CpResource /Users/buddhirajgautam/Library/Developer/Xcode/DerivedData/Telegram-Mac-fygdgghdgmuleoelvxabfmqiotta/Build/Products/Debug/Telegram.app/Contents/Resources/menu_folder_like.tgs /Users/buddhirajgautam/Documents/Cherrygram-Mac/macOS-Swift/Telegram-Mac/tgs/menu/folders/menu_folder_like.tgs (in target 'Telegram' from project 'Telegram')
    cd /Users/buddhirajgautam/Documents/Cherrygram-Mac/macOS-Swift
    builtin-copy -exclude .DS_Store -exclude CVS -exclude .svn -exclude .git -exclude .hg -resolve-src-symlinks /Users/buddhirajgautam/Documents/Cherrygram-Mac/macOS-Swift/Telegram-Mac/tgs/menu/folders/menu_folder_like.tgs /Users/buddhirajgautam/Library/Developer/Xcode/DerivedData/Telegram-Mac-fygdgghdgmuleoelvxabfmqiotta/Build/Products/Debug/Telegram.app/Contents/Resources

CpResource /Users/buddhirajgautam/Library/Developer/Xcode/DerivedData/Telegram-Mac-fygdgghdgmuleoelvxabfmqiotta/Build/Products/Debug/Telegram.app/Contents/Resources/menu_folder_lamp.tgs /Users/buddhirajgautam/Documents/Cherrygram-Mac/macOS-Swift/Telegram-Mac/tgs/menu/folders/menu_folder_lamp.tgs (in target 'Telegram' from project 'Telegram')
    cd /Users/buddhirajgautam/Documents/Cherrygram-Mac/macOS-Swift
    builtin-copy -exclude .DS_Store -exclude CVS -exclude .svn -exclude .git -exclude .hg -resolve-src-symlinks /Users/buddhirajgautam/Documents/Cherrygram-Mac/macOS-Swift/Telegram-Mac/tgs/menu/folders/menu_folder_lamp.tgs /Users/buddhirajgautam/Library/Developer/Xcode/DerivedData/Telegram-Mac-fygdgghdgmuleoelvxabfmqiotta/Build/Products/Debug/Telegram.app/Contents/Resources

CpResource /Users/buddhirajgautam/Library/Developer/Xcode/DerivedData/Telegram-Mac-fygdgghdgmuleoelvxabfmqiotta/Build/Products/Debug/Telegram.app/Contents/Resources/menu_folder_home.tgs /Users/buddhirajgautam/Documents/Cherrygram-Mac/macOS-Swift/Telegram-Mac/tgs/menu/folders/menu_folder_home.tgs (in target 'Telegram' from project 'Telegram')
    cd /Users/buddhirajgautam/Documents/Cherrygram-Mac/macOS-Swift
    builtin-copy -exclude .DS_Store -exclude CVS -exclude .svn -exclude .git -exclude .hg -resolve-src-symlinks /Users/buddhirajgautam/Documents/Cherrygram-Mac/macOS-Swift/Telegram-Mac/tgs/menu/folders/menu_folder_home.tgs /Users/buddhirajgautam/Library/Developer/Xcode/DerivedData/Telegram-Mac-fygdgghdgmuleoelvxabfmqiotta/Build/Products/Debug/Telegram.app/Contents/Resources

CpResource /Users/buddhirajgautam/Library/Developer/Xcode/DerivedData/Telegram-Mac-fygdgghdgmuleoelvxabfmqiotta/Build/Products/Debug/Telegram.app/Contents/Resources/menu_folder_group.tgs /Users/buddhirajgautam/Documents/Cherrygram-Mac/macOS-Swift/Telegram-Mac/tgs/menu/folders/menu_folder_group.tgs (in target 'Telegram' from project 'Telegram')
    cd /Users/buddhirajgautam/Documents/Cherrygram-Mac/macOS-Swift
    builtin-copy -exclude .DS_Store -exclude CVS -exclude .svn -exclude .git -exclude .hg -resolve-src-symlinks /Users/buddhirajgautam/Documents/Cherrygram-Mac/macOS-Swift/Telegram-Mac/tgs/menu/folders/menu_folder_group.tgs /Users/buddhirajgautam/Library/Developer/Xcode/DerivedData/Telegram-Mac-fygdgghdgmuleoelvxabfmqiotta/Build/Products/Debug/Telegram.app/Contents/Resources

CpResource /Users/buddhirajgautam/Library/Developer/Xcode/DerivedData/Telegram-Mac-fygdgghdgmuleoelvxabfmqiotta/Build/Products/Debug/Telegram.app/Contents/Resources/menu_folder_game.tgs /Users/buddhirajgautam/Documents/Cherrygram-Mac/macOS-Swift/Telegram-Mac/tgs/menu/folders/menu_folder_game.tgs (in target 'Telegram' from project 'Telegram')
    cd /Users/buddhirajgautam/Documents/Cherrygram-Mac/macOS-Swift
    builtin-copy -exclude .DS_Store -exclude CVS -exclude .svn -exclude .git -exclude .hg -resolve-src-symlinks /Users/buddhirajgautam/Documents/Cherrygram-Mac/macOS-Swift/Telegram-Mac/tgs/menu/folders/menu_folder_game.tgs /Users/buddhirajgautam/Library/Developer/Xcode/DerivedData/Telegram-Mac-fygdgghdgmuleoelvxabfmqiotta/Build/Products/Debug/Telegram.app/Contents/Resources

CpResource /Users/buddhirajgautam/Library/Developer/Xcode/DerivedData/Telegram-Mac-fygdgghdgmuleoelvxabfmqiotta/Build/Products/Debug/Telegram.app/Contents/Resources/menu_folder_folder.tgs /Users/buddhirajgautam/Documents/Cherrygram-Mac/macOS-Swift/Telegram-Mac/tgs/menu/folders/menu_folder_folder.tgs (in target 'Telegram' from project 'Telegram')
    cd /Users/buddhirajgautam/Documents/Cherrygram-Mac/macOS-Swift
    builtin-copy -exclude .DS_Store -exclude CVS -exclude .svn -exclude .git -exclude .hg -resolve-src-symlinks /Users/buddhirajgautam/Documents/Cherrygram-Mac/macOS-Swift/Telegram-Mac/tgs/menu/folders/menu_folder_folder.tgs /Users/buddhirajgautam/Library/Developer/Xcode/DerivedData/Telegram-Mac-fygdgghdgmuleoelvxabfmqiotta/Build/Products/Debug/Telegram.app/Contents/Resources

CpResource /Users/buddhirajgautam/Library/Developer/Xcode/DerivedData/Telegram-Mac-fygdgghdgmuleoelvxabfmqiotta/Build/Products/Debug/Telegram.app/Contents/Resources/menu_folder_flash.tgs /Users/buddhirajgautam/Documents/Cherrygram-Mac/macOS-Swift/Telegram-Mac/tgs/menu/folders/menu_folder_flash.tgs (in target 'Telegram' from project 'Telegram')
    cd /Users/buddhirajgautam/Documents/Cherrygram-Mac/macOS-Swift
    builtin-copy -exclude .DS_Store -exclude CVS -exclude .svn -exclude .git -exclude .hg -resolve-src-symlinks /Users/buddhirajgautam/Documents/Cherrygram-Mac/macOS-Swift/Telegram-Mac/tgs/menu/folders/menu_folder_flash.tgs /Users/buddhirajgautam/Library/Developer/Xcode/DerivedData/Telegram-Mac-fygdgghdgmuleoelvxabfmqiotta/Build/Products/Debug/Telegram.app/Contents/Resources

CpResource /Users/buddhirajgautam/Library/Developer/Xcode/DerivedData/Telegram-Mac-fygdgghdgmuleoelvxabfmqiotta/Build/Products/Debug/Telegram.app/Contents/Resources/menu_folder_coin.tgs /Users/buddhirajgautam/Documents/Cherrygram-Mac/macOS-Swift/Telegram-Mac/tgs/menu/folders/menu_folder_coin.tgs (in target 'Telegram' from project 'Telegram')
    cd /Users/buddhirajgautam/Documents/Cherrygram-Mac/macOS-Swift
    builtin-copy -exclude .DS_Store -exclude CVS -exclude .svn -exclude .git -exclude .hg -resolve-src-symlinks /Users/buddhirajgautam/Documents/Cherrygram-Mac/macOS-Swift/Telegram-Mac/tgs/menu/folders/menu_folder_coin.tgs /Users/buddhirajgautam/Library/Developer/Xcode/DerivedData/Telegram-Mac-fygdgghdgmuleoelvxabfmqiotta/Build/Products/Debug/Telegram.app/Contents/Resources

CpResource /Users/buddhirajgautam/Library/Developer/Xcode/DerivedData/Telegram-Mac-fygdgghdgmuleoelvxabfmqiotta/Build/Products/Debug/Telegram.app/Contents/Resources/menu_folder_bot.tgs /Users/buddhirajgautam/Documents/Cherrygram-Mac/macOS-Swift/Telegram-Mac/tgs/menu/folders/menu_folder_bot.tgs (in target 'Telegram' from project 'Telegram')
    cd /Users/buddhirajgautam/Documents/Cherrygram-Mac/macOS-Swift
    builtin-copy -exclude .DS_Store -exclude CVS -exclude .svn -exclude .git -exclude .hg -resolve-src-symlinks /Users/buddhirajgautam/Documents/Cherrygram-Mac/macOS-Swift/Telegram-Mac/tgs/menu/folders/menu_folder_bot.tgs /Users/buddhirajgautam/Library/Developer/Xcode/DerivedData/Telegram-Mac-fygdgghdgmuleoelvxabfmqiotta/Build/Products/Debug/Telegram.app/Contents/Resources

CpResource /Users/buddhirajgautam/Library/Developer/Xcode/DerivedData/Telegram-Mac-fygdgghdgmuleoelvxabfmqiotta/Build/Products/Debug/Telegram.app/Contents/Resources/menu_folder_book.tgs /Users/buddhirajgautam/Documents/Cherrygram-Mac/macOS-Swift/Telegram-Mac/tgs/menu/folders/menu_folder_book.tgs (in target 'Telegram' from project 'Telegram')
    cd /Users/buddhirajgautam/Documents/Cherrygram-Mac/macOS-Swift
    builtin-copy -exclude .DS_Store -exclude CVS -exclude .svn -exclude .git -exclude .hg -resolve-src-symlinks /Users/buddhirajgautam/Documents/Cherrygram-Mac/macOS-Swift/Telegram-Mac/tgs/menu/folders/menu_folder_book.tgs /Users/buddhirajgautam/Library/Developer/Xcode/DerivedData/Telegram-Mac-fygdgghdgmuleoelvxabfmqiotta/Build/Products/Debug/Telegram.app/Contents/Resources

CpResource /Users/buddhirajgautam/Library/Developer/Xcode/DerivedData/Telegram-Mac-fygdgghdgmuleoelvxabfmqiotta/Build/Products/Debug/Telegram.app/Contents/Resources/menu_folder_animal.tgs /Users/buddhirajgautam/Documents/Cherrygram-Mac/macOS-Swift/Telegram-Mac/tgs/menu/folders/menu_folder_animal.tgs (in target 'Telegram' from project 'Telegram')
    cd /Users/buddhirajgautam/Documents/Cherrygram-Mac/macOS-Swift
    builtin-copy -exclude .DS_Store -exclude CVS -exclude .svn -exclude .git -exclude .hg -resolve-src-symlinks /Users/buddhirajgautam/Documents/Cherrygram-Mac/macOS-Swift/Telegram-Mac/tgs/menu/folders/menu_folder_animal.tgs /Users/buddhirajgautam/Library/Developer/Xcode/DerivedData/Telegram-Mac-fygdgghdgmuleoelvxabfmqiotta/Build/Products/Debug/Telegram.app/Contents/Resources

CpResource /Users/buddhirajgautam/Library/Developer/Xcode/DerivedData/Telegram-Mac-fygdgghdgmuleoelvxabfmqiotta/Build/Products/Debug/Telegram.app/Contents/Resources/menu_folder_all_chats.tgs /Users/buddhirajgautam/Documents/Cherrygram-Mac/macOS-Swift/Telegram-Mac/tgs/menu/folders/menu_folder_all_chats.tgs (in target 'Telegram' from project 'Telegram')
    cd /Users/buddhirajgautam/Documents/Cherrygram-Mac/macOS-Swift
    builtin-copy -exclude .DS_Store -exclude CVS -exclude .svn -exclude .git -exclude .hg -resolve-src-symlinks /Users/buddhirajgautam/Documents/Cherrygram-Mac/macOS-Swift/Telegram-Mac/tgs/menu/folders/menu_folder_all_chats.tgs /Users/buddhirajgautam/Library/Developer/Xcode/DerivedData/Telegram-Mac-fygdgghdgmuleoelvxabfmqiotta/Build/Products/Debug/Telegram.app/Contents/Resources

CpResource /Users/buddhirajgautam/Library/Developer/Xcode/DerivedData/Telegram-Mac-fygdgghdgmuleoelvxabfmqiotta/Build/Products/Debug/Telegram.app/Contents/Resources/menu_folder_add.tgs /Users/buddhirajgautam/Documents/Cherrygram-Mac/macOS-Swift/Telegram-Mac/tgs/menu/menu_folder_add.tgs (in target 'Telegram' from project 'Telegram')
    cd /Users/buddhirajgautam/Documents/Cherrygram-Mac/macOS-Swift
    builtin-copy -exclude .DS_Store -exclude CVS -exclude .svn -exclude .git -exclude .hg -resolve-src-symlinks /Users/buddhirajgautam/Documents/Cherrygram-Mac/macOS-Swift/Telegram-Mac/tgs/menu/menu_folder_add.tgs /Users/buddhirajgautam/Library/Developer/Xcode/DerivedData/Telegram-Mac-fygdgghdgmuleoelvxabfmqiotta/Build/Products/Debug/Telegram.app/Contents/Resources

CpResource /Users/buddhirajgautam/Library/Developer/Xcode/DerivedData/Telegram-Mac-fygdgghdgmuleoelvxabfmqiotta/Build/Products/Debug/Telegram.app/Contents/Resources/menu_folder.tgs /Users/buddhirajgautam/Documents/Cherrygram-Mac/macOS-Swift/Telegram-Mac/tgs/menu/menu_folder.tgs (in target 'Telegram' from project 'Telegram')
    cd /Users/buddhirajgautam/Documents/Cherrygram-Mac/macOS-Swift
    builtin-copy -exclude .DS_Store -exclude CVS -exclude .svn -exclude .git -exclude .hg -resolve-src-symlinks /Users/buddhirajgautam/Documents/Cherrygram-Mac/macOS-Swift/Telegram-Mac/tgs/menu/menu_folder.tgs /Users/buddhirajgautam/Library/Developer/Xcode/DerivedData/Telegram-Mac-fygdgghdgmuleoelvxabfmqiotta/Build/Products/Debug/Telegram.app/Contents/Resources

CpResource /Users/buddhirajgautam/Library/Developer/Xcode/DerivedData/Telegram-Mac-fygdgghdgmuleoelvxabfmqiotta/Build/Products/Debug/Telegram.app/Contents/Resources/menu_file.tgs /Users/buddhirajgautam/Documents/Cherrygram-Mac/macOS-Swift/Telegram-Mac/tgs/menu/menu_file.tgs (in target 'Telegram' from project 'Telegram')
    cd /Users/buddhirajgautam/Documents/Cherrygram-Mac/macOS-Swift
    builtin-copy -exclude .DS_Store -exclude CVS -exclude .svn -exclude .git -exclude .hg -resolve-src-symlinks /Users/buddhirajgautam/Documents/Cherrygram-Mac/macOS-Swift/Telegram-Mac/tgs/menu/menu_file.tgs /Users/buddhirajgautam/Library/Developer/Xcode/DerivedData/Telegram-Mac-fygdgghdgmuleoelvxabfmqiotta/Build/Products/Debug/Telegram.app/Contents/Resources

CpResource /Users/buddhirajgautam/Library/Developer/Xcode/DerivedData/Telegram-Mac-fygdgghdgmuleoelvxabfmqiotta/Build/Products/Debug/Telegram.app/Contents/Resources/menu_eye_slash.tgs /Users/buddhirajgautam/Documents/Cherrygram-Mac/macOS-Swift/Telegram-Mac/tgs/menu/menu_eye_slash.tgs (in target 'Telegram' from project 'Telegram')
    cd /Users/buddhirajgautam/Documents/Cherrygram-Mac/macOS-Swift
    builtin-copy -exclude .DS_Store -exclude CVS -exclude .svn -exclude .git -exclude .hg -resolve-src-symlinks /Users/buddhirajgautam/Documents/Cherrygram-Mac/macOS-Swift/Telegram-Mac/tgs/menu/menu_eye_slash.tgs /Users/buddhirajgautam/Library/Developer/Xcode/DerivedData/Telegram-Mac-fygdgghdgmuleoelvxabfmqiotta/Build/Products/Debug/Telegram.app/Contents/Resources

CpResource /Users/buddhirajgautam/Library/Developer/Xcode/DerivedData/Telegram-Mac-fygdgghdgmuleoelvxabfmqiotta/Build/Products/Debug/Telegram.app/Contents/Resources/menu_eye_locked.tgs /Users/buddhirajgautam/Documents/Cherrygram-Mac/macOS-Swift/Telegram-Mac/tgs/menu/menu_eye_locked.tgs (in target 'Telegram' from project 'Telegram')
    cd /Users/buddhirajgautam/Documents/Cherrygram-Mac/macOS-Swift
    builtin-copy -exclude .DS_Store -exclude CVS -exclude .svn -exclude .git -exclude .hg -resolve-src-symlinks /Users/buddhirajgautam/Documents/Cherrygram-Mac/macOS-Swift/Telegram-Mac/tgs/menu/menu_eye_locked.tgs /Users/buddhirajgautam/Library/Developer/Xcode/DerivedData/Telegram-Mac-fygdgghdgmuleoelvxabfmqiotta/Build/Products/Debug/Telegram.app/Contents/Resources

CpResource /Users/buddhirajgautam/Library/Developer/Xcode/DerivedData/Telegram-Mac-fygdgghdgmuleoelvxabfmqiotta/Build/Products/Debug/Telegram.app/Contents/Resources/menu_eye.tgs /Users/buddhirajgautam/Documents/Cherrygram-Mac/macOS-Swift/Telegram-Mac/tgs/menu/menu_eye.tgs (in target 'Telegram' from project 'Telegram')
    cd /Users/buddhirajgautam/Documents/Cherrygram-Mac/macOS-Swift
    builtin-copy -exclude .DS_Store -exclude CVS -exclude .svn -exclude .git -exclude .hg -resolve-src-symlinks /Users/buddhirajgautam/Documents/Cherrygram-Mac/macOS-Swift/Telegram-Mac/tgs/menu/menu_eye.tgs /Users/buddhirajgautam/Library/Developer/Xcode/DerivedData/Telegram-Mac-fygdgghdgmuleoelvxabfmqiotta/Build/Products/Debug/Telegram.app/Contents/Resources

CpResource /Users/buddhirajgautam/Library/Developer/Xcode/DerivedData/Telegram-Mac-fygdgghdgmuleoelvxabfmqiotta/Build/Products/Debug/Telegram.app/Contents/Resources/menu_expand.tgs /Users/buddhirajgautam/Documents/Cherrygram-Mac/macOS-Swift/Telegram-Mac/tgs/menu/menu_expand.tgs (in target 'Telegram' from project 'Telegram')
    cd /Users/buddhirajgautam/Documents/Cherrygram-Mac/macOS-Swift
    builtin-copy -exclude .DS_Store -exclude CVS -exclude .svn -exclude .git -exclude .hg -resolve-src-symlinks /Users/buddhirajgautam/Documents/Cherrygram-Mac/macOS-Swift/Telegram-Mac/tgs/menu/menu_expand.tgs /Users/buddhirajgautam/Library/Developer/Xcode/DerivedData/Telegram-Mac-fygdgghdgmuleoelvxabfmqiotta/Build/Products/Debug/Telegram.app/Contents/Resources

CpResource /Users/buddhirajgautam/Library/Developer/Xcode/DerivedData/Telegram-Mac-fygdgghdgmuleoelvxabfmqiotta/Build/Products/Debug/Telegram.app/Contents/Resources/menu_edited.tgs /Users/buddhirajgautam/Documents/Cherrygram-Mac/macOS-Swift/Telegram-Mac/tgs/menu/menu_edited.tgs (in target 'Telegram' from project 'Telegram')
    cd /Users/buddhirajgautam/Documents/Cherrygram-Mac/macOS-Swift
    builtin-copy -exclude .DS_Store -exclude CVS -exclude .svn -exclude .git -exclude .hg -resolve-src-symlinks /Users/buddhirajgautam/Documents/Cherrygram-Mac/macOS-Swift/Telegram-Mac/tgs/menu/menu_edited.tgs /Users/buddhirajgautam/Library/Developer/Xcode/DerivedData/Telegram-Mac-fygdgghdgmuleoelvxabfmqiotta/Build/Products/Debug/Telegram.app/Contents/Resources

CpResource /Users/buddhirajgautam/Library/Developer/Xcode/DerivedData/Telegram-Mac-fygdgghdgmuleoelvxabfmqiotta/Build/Products/Debug/Telegram.app/Contents/Resources/menu_edit.tgs /Users/buddhirajgautam/Documents/Cherrygram-Mac/macOS-Swift/Telegram-Mac/tgs/menu/menu_edit.tgs (in target 'Telegram' from project 'Telegram')
    cd /Users/buddhirajgautam/Documents/Cherrygram-Mac/macOS-Swift
    builtin-copy -exclude .DS_Store -exclude CVS -exclude .svn -exclude .git -exclude .hg -resolve-src-symlinks /Users/buddhirajgautam/Documents/Cherrygram-Mac/macOS-Swift/Telegram-Mac/tgs/menu/menu_edit.tgs /Users/buddhirajgautam/Library/Developer/Xcode/DerivedData/Telegram-Mac-fygdgghdgmuleoelvxabfmqiotta/Build/Products/Debug/Telegram.app/Contents/Resources

CpResource /Users/buddhirajgautam/Library/Developer/Xcode/DerivedData/Telegram-Mac-fygdgghdgmuleoelvxabfmqiotta/Build/Products/Debug/Telegram.app/Contents/Resources/menu_drugs.tgs /Users/buddhirajgautam/Documents/Cherrygram-Mac/macOS-Swift/Telegram-Mac/tgs/menu/menu_drugs.tgs (in target 'Telegram' from project 'Telegram')
    cd /Users/buddhirajgautam/Documents/Cherrygram-Mac/macOS-Swift
    builtin-copy -exclude .DS_Store -exclude CVS -exclude .svn -exclude .git -exclude .hg -resolve-src-symlinks /Users/buddhirajgautam/Documents/Cherrygram-Mac/macOS-Swift/Telegram-Mac/tgs/menu/menu_drugs.tgs /Users/buddhirajgautam/Library/Developer/Xcode/DerivedData/Telegram-Mac-fygdgghdgmuleoelvxabfmqiotta/Build/Products/Debug/Telegram.app/Contents/Resources

CpResource /Users/buddhirajgautam/Library/Developer/Xcode/DerivedData/Telegram-Mac-fygdgghdgmuleoelvxabfmqiotta/Build/Products/Debug/Telegram.app/Contents/Resources/menu_download_circle_lock.tgs /Users/buddhirajgautam/Documents/Cherrygram-Mac/macOS-Swift/Telegram-Mac/tgs/menu/menu_download_circle_lock.tgs (in target 'Telegram' from project 'Telegram')
    cd /Users/buddhirajgautam/Documents/Cherrygram-Mac/macOS-Swift
    builtin-copy -exclude .DS_Store -exclude CVS -exclude .svn -exclude .git -exclude .hg -resolve-src-symlinks /Users/buddhirajgautam/Documents/Cherrygram-Mac/macOS-Swift/Telegram-Mac/tgs/menu/menu_download_circle_lock.tgs /Users/buddhirajgautam/Library/Developer/Xcode/DerivedData/Telegram-Mac-fygdgghdgmuleoelvxabfmqiotta/Build/Products/Debug/Telegram.app/Contents/Resources

CpResource /Users/buddhirajgautam/Library/Developer/Xcode/DerivedData/Telegram-Mac-fygdgghdgmuleoelvxabfmqiotta/Build/Products/Debug/Telegram.app/Contents/Resources/menu_download_circle.tgs /Users/buddhirajgautam/Documents/Cherrygram-Mac/macOS-Swift/Telegram-Mac/tgs/menu/menu_download_circle.tgs (in target 'Telegram' from project 'Telegram')
    cd /Users/buddhirajgautam/Documents/Cherrygram-Mac/macOS-Swift
    builtin-copy -exclude .DS_Store -exclude CVS -exclude .svn -exclude .git -exclude .hg -resolve-src-symlinks /Users/buddhirajgautam/Documents/Cherrygram-Mac/macOS-Swift/Telegram-Mac/tgs/menu/menu_download_circle.tgs /Users/buddhirajgautam/Library/Developer/Xcode/DerivedData/Telegram-Mac-fygdgghdgmuleoelvxabfmqiotta/Build/Products/Debug/Telegram.app/Contents/Resources

CpResource /Users/buddhirajgautam/Library/Developer/Xcode/DerivedData/Telegram-Mac-fygdgghdgmuleoelvxabfmqiotta/Build/Products/Debug/Telegram.app/Contents/Resources/menu_delete.tgs /Users/buddhirajgautam/Documents/Cherrygram-Mac/macOS-Swift/Telegram-Mac/tgs/menu/menu_delete.tgs (in target 'Telegram' from project 'Telegram')
    cd /Users/buddhirajgautam/Documents/Cherrygram-Mac/macOS-Swift
    builtin-copy -exclude .DS_Store -exclude CVS -exclude .svn -exclude .git -exclude .hg -resolve-src-symlinks /Users/buddhirajgautam/Documents/Cherrygram-Mac/macOS-Swift/Telegram-Mac/tgs/menu/menu_delete.tgs /Users/buddhirajgautam/Library/Developer/Xcode/DerivedData/Telegram-Mac-fygdgghdgmuleoelvxabfmqiotta/Build/Products/Debug/Telegram.app/Contents/Resources

CpResource /Users/buddhirajgautam/Library/Developer/Xcode/DerivedData/Telegram-Mac-fygdgghdgmuleoelvxabfmqiotta/Build/Products/Debug/Telegram.app/Contents/Resources/menu_create_group.tgs /Users/buddhirajgautam/Documents/Cherrygram-Mac/macOS-Swift/Telegram-Mac/tgs/menu/menu_create_group.tgs (in target 'Telegram' from project 'Telegram')
    cd /Users/buddhirajgautam/Documents/Cherrygram-Mac/macOS-Swift
    builtin-copy -exclude .DS_Store -exclude CVS -exclude .svn -exclude .git -exclude .hg -resolve-src-symlinks /Users/buddhirajgautam/Documents/Cherrygram-Mac/macOS-Swift/Telegram-Mac/tgs/menu/menu_create_group.tgs /Users/buddhirajgautam/Library/Developer/Xcode/DerivedData/Telegram-Mac-fygdgghdgmuleoelvxabfmqiotta/Build/Products/Debug/Telegram.app/Contents/Resources

CpResource /Users/buddhirajgautam/Library/Developer/Xcode/DerivedData/Telegram-Mac-fygdgghdgmuleoelvxabfmqiotta/Build/Products/Debug/Telegram.app/Contents/Resources/menu_copyright.tgs /Users/buddhirajgautam/Documents/Cherrygram-Mac/macOS-Swift/Telegram-Mac/tgs/menu/menu_copyright.tgs (in target 'Telegram' from project 'Telegram')
    cd /Users/buddhirajgautam/Documents/Cherrygram-Mac/macOS-Swift
    builtin-copy -exclude .DS_Store -exclude CVS -exclude .svn -exclude .git -exclude .hg -resolve-src-symlinks /Users/buddhirajgautam/Documents/Cherrygram-Mac/macOS-Swift/Telegram-Mac/tgs/menu/menu_copyright.tgs /Users/buddhirajgautam/Library/Developer/Xcode/DerivedData/Telegram-Mac-fygdgghdgmuleoelvxabfmqiotta/Build/Products/Debug/Telegram.app/Contents/Resources

CpResource /Users/buddhirajgautam/Library/Developer/Xcode/DerivedData/Telegram-Mac-fygdgghdgmuleoelvxabfmqiotta/Build/Products/Debug/Telegram.app/Contents/Resources/menu_copy_media.tgs /Users/buddhirajgautam/Documents/Cherrygram-Mac/macOS-Swift/Telegram-Mac/tgs/menu/menu_copy_media.tgs (in target 'Telegram' from project 'Telegram')
    cd /Users/buddhirajgautam/Documents/Cherrygram-Mac/macOS-Swift
    builtin-copy -exclude .DS_Store -exclude CVS -exclude .svn -exclude .git -exclude .hg -resolve-src-symlinks /Users/buddhirajgautam/Documents/Cherrygram-Mac/macOS-Swift/Telegram-Mac/tgs/menu/menu_copy_media.tgs /Users/buddhirajgautam/Library/Developer/Xcode/DerivedData/Telegram-Mac-fygdgghdgmuleoelvxabfmqiotta/Build/Products/Debug/Telegram.app/Contents/Resources

CpResource /Users/buddhirajgautam/Library/Developer/Xcode/DerivedData/Telegram-Mac-fygdgghdgmuleoelvxabfmqiotta/Build/Products/Debug/Telegram.app/Contents/Resources/menu_copy_link.tgs /Users/buddhirajgautam/Documents/Cherrygram-Mac/macOS-Swift/Telegram-Mac/tgs/menu/menu_copy_link.tgs (in target 'Telegram' from project 'Telegram')
    cd /Users/buddhirajgautam/Documents/Cherrygram-Mac/macOS-Swift
    builtin-copy -exclude .DS_Store -exclude CVS -exclude .svn -exclude .git -exclude .hg -resolve-src-symlinks /Users/buddhirajgautam/Documents/Cherrygram-Mac/macOS-Swift/Telegram-Mac/tgs/menu/menu_copy_link.tgs /Users/buddhirajgautam/Library/Developer/Xcode/DerivedData/Telegram-Mac-fygdgghdgmuleoelvxabfmqiotta/Build/Products/Debug/Telegram.app/Contents/Resources

CpResource /Users/buddhirajgautam/Library/Developer/Xcode/DerivedData/Telegram-Mac-fygdgghdgmuleoelvxabfmqiotta/Build/Products/Debug/Telegram.app/Contents/Resources/menu_copy.tgs /Users/buddhirajgautam/Documents/Cherrygram-Mac/macOS-Swift/Telegram-Mac/tgs/menu/menu_copy.tgs (in target 'Telegram' from project 'Telegram')
    cd /Users/buddhirajgautam/Documents/Cherrygram-Mac/macOS-Swift
    builtin-copy -exclude .DS_Store -exclude CVS -exclude .svn -exclude .git -exclude .hg -resolve-src-symlinks /Users/buddhirajgautam/Documents/Cherrygram-Mac/macOS-Swift/Telegram-Mac/tgs/menu/menu_copy.tgs /Users/buddhirajgautam/Library/Developer/Xcode/DerivedData/Telegram-Mac-fygdgghdgmuleoelvxabfmqiotta/Build/Products/Debug/Telegram.app/Contents/Resources

CpResource /Users/buddhirajgautam/Library/Developer/Xcode/DerivedData/Telegram-Mac-fygdgghdgmuleoelvxabfmqiotta/Build/Products/Debug/Telegram.app/Contents/Resources/menu_collapse.tgs /Users/buddhirajgautam/Documents/Cherrygram-Mac/macOS-Swift/Telegram-Mac/tgs/menu/menu_collapse.tgs (in target 'Telegram' from project 'Telegram')
    cd /Users/buddhirajgautam/Documents/Cherrygram-Mac/macOS-Swift
    builtin-copy -exclude .DS_Store -exclude CVS -exclude .svn -exclude .git -exclude .hg -resolve-src-symlinks /Users/buddhirajgautam/Documents/Cherrygram-Mac/macOS-Swift/Telegram-Mac/tgs/menu/menu_collapse.tgs /Users/buddhirajgautam/Library/Developer/Xcode/DerivedData/Telegram-Mac-fygdgghdgmuleoelvxabfmqiotta/Build/Products/Debug/Telegram.app/Contents/Resources

CpResource /Users/buddhirajgautam/Library/Developer/Xcode/DerivedData/Telegram-Mac-fygdgghdgmuleoelvxabfmqiotta/Build/Products/Debug/Telegram.app/Contents/Resources/menu_close_multiple.tgs /Users/buddhirajgautam/Documents/Cherrygram-Mac/macOS-Swift/Telegram-Mac/tgs/menu/menu_close_multiple.tgs (in target 'Telegram' from project 'Telegram')
    cd /Users/buddhirajgautam/Documents/Cherrygram-Mac/macOS-Swift
    builtin-copy -exclude .DS_Store -exclude CVS -exclude .svn -exclude .git -exclude .hg -resolve-src-symlinks /Users/buddhirajgautam/Documents/Cherrygram-Mac/macOS-Swift/Telegram-Mac/tgs/menu/menu_close_multiple.tgs /Users/buddhirajgautam/Library/Developer/Xcode/DerivedData/Telegram-Mac-fygdgghdgmuleoelvxabfmqiotta/Build/Products/Debug/Telegram.app/Contents/Resources

CpResource /Users/buddhirajgautam/Library/Developer/Xcode/DerivedData/Telegram-Mac-fygdgghdgmuleoelvxabfmqiotta/Build/Products/Debug/Telegram.app/Contents/Resources/menu_clear_messages.tgs /Users/buddhirajgautam/Documents/Cherrygram-Mac/macOS-Swift/Telegram-Mac/tgs/menu/menu_clear_messages.tgs (in target 'Telegram' from project 'Telegram')
    cd /Users/buddhirajgautam/Documents/Cherrygram-Mac/macOS-Swift
    builtin-copy -exclude .DS_Store -exclude CVS -exclude .svn -exclude .git -exclude .hg -resolve-src-symlinks /Users/buddhirajgautam/Documents/Cherrygram-Mac/macOS-Swift/Telegram-Mac/tgs/menu/menu_clear_messages.tgs /Users/buddhirajgautam/Library/Developer/Xcode/DerivedData/Telegram-Mac-fygdgghdgmuleoelvxabfmqiotta/Build/Products/Debug/Telegram.app/Contents/Resources

CpResource /Users/buddhirajgautam/Library/Developer/Xcode/DerivedData/Telegram-Mac-fygdgghdgmuleoelvxabfmqiotta/Build/Products/Debug/Telegram.app/Contents/Resources/menu_clear_history.tgs /Users/buddhirajgautam/Documents/Cherrygram-Mac/macOS-Swift/Telegram-Mac/tgs/menu/menu_clear_history.tgs (in target 'Telegram' from project 'Telegram')
    cd /Users/buddhirajgautam/Documents/Cherrygram-Mac/macOS-Swift
    builtin-copy -exclude .DS_Store -exclude CVS -exclude .svn -exclude .git -exclude .hg -resolve-src-symlinks /Users/buddhirajgautam/Documents/Cherrygram-Mac/macOS-Swift/Telegram-Mac/tgs/menu/menu_clear_history.tgs /Users/buddhirajgautam/Library/Developer/Xcode/DerivedData/Telegram-Mac-fygdgghdgmuleoelvxabfmqiotta/Build/Products/Debug/Telegram.app/Contents/Resources

CpResource /Users/buddhirajgautam/Library/Developer/Xcode/DerivedData/Telegram-Mac-fygdgghdgmuleoelvxabfmqiotta/Build/Products/Debug/Telegram.app/Contents/Resources/menu_check_selected.tgs /Users/buddhirajgautam/Documents/Cherrygram-Mac/macOS-Swift/Telegram-Mac/tgs/menu/menu_check_selected.tgs (in target 'Telegram' from project 'Telegram')
    cd /Users/buddhirajgautam/Documents/Cherrygram-Mac/macOS-Swift
    builtin-copy -exclude .DS_Store -exclude CVS -exclude .svn -exclude .git -exclude .hg -resolve-src-symlinks /Users/buddhirajgautam/Documents/Cherrygram-Mac/macOS-Swift/Telegram-Mac/tgs/menu/menu_check_selected.tgs /Users/buddhirajgautam/Library/Developer/Xcode/DerivedData/Telegram-Mac-fygdgghdgmuleoelvxabfmqiotta/Build/Products/Debug/Telegram.app/Contents/Resources

CpResource /Users/buddhirajgautam/Library/Developer/Xcode/DerivedData/Telegram-Mac-fygdgghdgmuleoelvxabfmqiotta/Build/Products/Debug/Telegram.app/Contents/Resources/menu_check.tgs /Users/buddhirajgautam/Documents/Cherrygram-Mac/macOS-Swift/Telegram-Mac/tgs/menu/menu_check.tgs (in target 'Telegram' from project 'Telegram')
    cd /Users/buddhirajgautam/Documents/Cherrygram-Mac/macOS-Swift
    builtin-copy -exclude .DS_Store -exclude CVS -exclude .svn -exclude .git -exclude .hg -resolve-src-symlinks /Users/buddhirajgautam/Documents/Cherrygram-Mac/macOS-Swift/Telegram-Mac/tgs/menu/menu_check.tgs /Users/buddhirajgautam/Library/Developer/Xcode/DerivedData/Telegram-Mac-fygdgghdgmuleoelvxabfmqiotta/Build/Products/Debug/Telegram.app/Contents/Resources

CpResource /Users/buddhirajgautam/Library/Developer/Xcode/DerivedData/Telegram-Mac-fygdgghdgmuleoelvxabfmqiotta/Build/Products/Debug/Telegram.app/Contents/Resources/menu_channel.tgs /Users/buddhirajgautam/Documents/Cherrygram-Mac/macOS-Swift/Telegram-Mac/tgs/menu/menu_channel.tgs (in target 'Telegram' from project 'Telegram')
    cd /Users/buddhirajgautam/Documents/Cherrygram-Mac/macOS-Swift
    builtin-copy -exclude .DS_Store -exclude CVS -exclude .svn -exclude .git -exclude .hg -resolve-src-symlinks /Users/buddhirajgautam/Documents/Cherrygram-Mac/macOS-Swift/Telegram-Mac/tgs/menu/menu_channel.tgs /Users/buddhirajgautam/Library/Developer/Xcode/DerivedData/Telegram-Mac-fygdgghdgmuleoelvxabfmqiotta/Build/Products/Debug/Telegram.app/Contents/Resources

CpResource /Users/buddhirajgautam/Library/Developer/Xcode/DerivedData/Telegram-Mac-fygdgghdgmuleoelvxabfmqiotta/Build/Products/Debug/Telegram.app/Contents/Resources/menu_change_colors.tgs /Users/buddhirajgautam/Documents/Cherrygram-Mac/macOS-Swift/Telegram-Mac/tgs/menu/menu_change_colors.tgs (in target 'Telegram' from project 'Telegram')
    cd /Users/buddhirajgautam/Documents/Cherrygram-Mac/macOS-Swift
    builtin-copy -exclude .DS_Store -exclude CVS -exclude .svn -exclude .git -exclude .hg -resolve-src-symlinks /Users/buddhirajgautam/Documents/Cherrygram-Mac/macOS-Swift/Telegram-Mac/tgs/menu/menu_change_colors.tgs /Users/buddhirajgautam/Library/Developer/Xcode/DerivedData/Telegram-Mac-fygdgghdgmuleoelvxabfmqiotta/Build/Products/Debug/Telegram.app/Contents/Resources

CpResource /Users/buddhirajgautam/Library/Developer/Xcode/DerivedData/Telegram-Mac-fygdgghdgmuleoelvxabfmqiotta/Build/Products/Debug/Telegram.app/Contents/Resources/menu_cash_up.tgs /Users/buddhirajgautam/Documents/Cherrygram-Mac/macOS-Swift/Telegram-Mac/tgs/menu/menu_cash_up.tgs (in target 'Telegram' from project 'Telegram')
    cd /Users/buddhirajgautam/Documents/Cherrygram-Mac/macOS-Swift
    builtin-copy -exclude .DS_Store -exclude CVS -exclude .svn -exclude .git -exclude .hg -resolve-src-symlinks /Users/buddhirajgautam/Documents/Cherrygram-Mac/macOS-Swift/Telegram-Mac/tgs/menu/menu_cash_up.tgs /Users/buddhirajgautam/Library/Developer/Xcode/DerivedData/Telegram-Mac-fygdgghdgmuleoelvxabfmqiotta/Build/Products/Debug/Telegram.app/Contents/Resources

CpResource /Users/buddhirajgautam/Library/Developer/Xcode/DerivedData/Telegram-Mac-fygdgghdgmuleoelvxabfmqiotta/Build/Products/Debug/Telegram.app/Contents/Resources/menu_camera.tgs /Users/buddhirajgautam/Documents/Cherrygram-Mac/macOS-Swift/Telegram-Mac/tgs/menu/menu_camera.tgs (in target 'Telegram' from project 'Telegram')
    cd /Users/buddhirajgautam/Documents/Cherrygram-Mac/macOS-Swift
    builtin-copy -exclude .DS_Store -exclude CVS -exclude .svn -exclude .git -exclude .hg -resolve-src-symlinks /Users/buddhirajgautam/Documents/Cherrygram-Mac/macOS-Swift/Telegram-Mac/tgs/menu/menu_camera.tgs /Users/buddhirajgautam/Library/Developer/Xcode/DerivedData/Telegram-Mac-fygdgghdgmuleoelvxabfmqiotta/Build/Products/Debug/Telegram.app/Contents/Resources

CpResource /Users/buddhirajgautam/Library/Developer/Xcode/DerivedData/Telegram-Mac-fygdgghdgmuleoelvxabfmqiotta/Build/Products/Debug/Telegram.app/Contents/Resources/menu_call.tgs /Users/buddhirajgautam/Documents/Cherrygram-Mac/macOS-Swift/Telegram-Mac/tgs/menu/menu_call.tgs (in target 'Telegram' from project 'Telegram')
    cd /Users/buddhirajgautam/Documents/Cherrygram-Mac/macOS-Swift
    builtin-copy -exclude .DS_Store -exclude CVS -exclude .svn -exclude .git -exclude .hg -resolve-src-symlinks /Users/buddhirajgautam/Documents/Cherrygram-Mac/macOS-Swift/Telegram-Mac/tgs/menu/menu_call.tgs /Users/buddhirajgautam/Library/Developer/Xcode/DerivedData/Telegram-Mac-fygdgghdgmuleoelvxabfmqiotta/Build/Products/Debug/Telegram.app/Contents/Resources

CpResource /Users/buddhirajgautam/Library/Developer/Xcode/DerivedData/Telegram-Mac-fygdgghdgmuleoelvxabfmqiotta/Build/Products/Debug/Telegram.app/Contents/Resources/menu_calendar_up.tgs /Users/buddhirajgautam/Documents/Cherrygram-Mac/macOS-Swift/Telegram-Mac/tgs/menu/menu_calendar_up.tgs (in target 'Telegram' from project 'Telegram')
    cd /Users/buddhirajgautam/Documents/Cherrygram-Mac/macOS-Swift
    builtin-copy -exclude .DS_Store -exclude CVS -exclude .svn -exclude .git -exclude .hg -resolve-src-symlinks /Users/buddhirajgautam/Documents/Cherrygram-Mac/macOS-Swift/Telegram-Mac/tgs/menu/menu_calendar_up.tgs /Users/buddhirajgautam/Library/Developer/Xcode/DerivedData/Telegram-Mac-fygdgghdgmuleoelvxabfmqiotta/Build/Products/Debug/Telegram.app/Contents/Resources

CpResource /Users/buddhirajgautam/Library/Developer/Xcode/DerivedData/Telegram-Mac-fygdgghdgmuleoelvxabfmqiotta/Build/Products/Debug/Telegram.app/Contents/Resources/menu_calendar.tgs /Users/buddhirajgautam/Documents/Cherrygram-Mac/macOS-Swift/Telegram-Mac/tgs/menu/menu_calendar.tgs (in target 'Telegram' from project 'Telegram')
    cd /Users/buddhirajgautam/Documents/Cherrygram-Mac/macOS-Swift
    builtin-copy -exclude .DS_Store -exclude CVS -exclude .svn -exclude .git -exclude .hg -resolve-src-symlinks /Users/buddhirajgautam/Documents/Cherrygram-Mac/macOS-Swift/Telegram-Mac/tgs/menu/menu_calendar.tgs /Users/buddhirajgautam/Library/Developer/Xcode/DerivedData/Telegram-Mac-fygdgghdgmuleoelvxabfmqiotta/Build/Products/Debug/Telegram.app/Contents/Resources

CpResource /Users/buddhirajgautam/Library/Developer/Xcode/DerivedData/Telegram-Mac-fygdgghdgmuleoelvxabfmqiotta/Build/Products/Debug/Telegram.app/Contents/Resources/menu_boost_plus.tgs /Users/buddhirajgautam/Documents/Cherrygram-Mac/macOS-Swift/Telegram-Mac/tgs/menu/menu_boost_plus.tgs (in target 'Telegram' from project 'Telegram')
    cd /Users/buddhirajgautam/Documents/Cherrygram-Mac/macOS-Swift
    builtin-copy -exclude .DS_Store -exclude CVS -exclude .svn -exclude .git -exclude .hg -resolve-src-symlinks /Users/buddhirajgautam/Documents/Cherrygram-Mac/macOS-Swift/Telegram-Mac/tgs/menu/menu_boost_plus.tgs /Users/buddhirajgautam/Library/Developer/Xcode/DerivedData/Telegram-Mac-fygdgghdgmuleoelvxabfmqiotta/Build/Products/Debug/Telegram.app/Contents/Resources

CpResource /Users/buddhirajgautam/Library/Developer/Xcode/DerivedData/Telegram-Mac-fygdgghdgmuleoelvxabfmqiotta/Build/Products/Debug/Telegram.app/Contents/Resources/menu_boost.tgs /Users/buddhirajgautam/Documents/Cherrygram-Mac/macOS-Swift/Telegram-Mac/tgs/menu/menu_boost.tgs (in target 'Telegram' from project 'Telegram')
    cd /Users/buddhirajgautam/Documents/Cherrygram-Mac/macOS-Swift
    builtin-copy -exclude .DS_Store -exclude CVS -exclude .svn -exclude .git -exclude .hg -resolve-src-symlinks /Users/buddhirajgautam/Documents/Cherrygram-Mac/macOS-Swift/Telegram-Mac/tgs/menu/menu_boost.tgs /Users/buddhirajgautam/Library/Developer/Xcode/DerivedData/Telegram-Mac-fygdgghdgmuleoelvxabfmqiotta/Build/Products/Debug/Telegram.app/Contents/Resources

CpResource /Users/buddhirajgautam/Library/Developer/Xcode/DerivedData/Telegram-Mac-fygdgghdgmuleoelvxabfmqiotta/Build/Products/Debug/Telegram.app/Contents/Resources/menu_bio.tgs /Users/buddhirajgautam/Documents/Cherrygram-Mac/macOS-Swift/Telegram-Mac/tgs/menu/menu_bio.tgs (in target 'Telegram' from project 'Telegram')
    cd /Users/buddhirajgautam/Documents/Cherrygram-Mac/macOS-Swift
    builtin-copy -exclude .DS_Store -exclude CVS -exclude .svn -exclude .git -exclude .hg -resolve-src-symlinks /Users/buddhirajgautam/Documents/Cherrygram-Mac/macOS-Swift/Telegram-Mac/tgs/menu/menu_bio.tgs /Users/buddhirajgautam/Library/Developer/Xcode/DerivedData/Telegram-Mac-fygdgghdgmuleoelvxabfmqiotta/Build/Products/Debug/Telegram.app/Contents/Resources

CpResource /Users/buddhirajgautam/Library/Developer/Xcode/DerivedData/Telegram-Mac-fygdgghdgmuleoelvxabfmqiotta/Build/Products/Debug/Telegram.app/Contents/Resources/menu_ban.tgs /Users/buddhirajgautam/Documents/Cherrygram-Mac/macOS-Swift/Telegram-Mac/tgs/menu/menu_ban.tgs (in target 'Telegram' from project 'Telegram')
    cd /Users/buddhirajgautam/Documents/Cherrygram-Mac/macOS-Swift
    builtin-copy -exclude .DS_Store -exclude CVS -exclude .svn -exclude .git -exclude .hg -resolve-src-symlinks /Users/buddhirajgautam/Documents/Cherrygram-Mac/macOS-Swift/Telegram-Mac/tgs/menu/menu_ban.tgs /Users/buddhirajgautam/Library/Developer/Xcode/DerivedData/Telegram-Mac-fygdgghdgmuleoelvxabfmqiotta/Build/Products/Debug/Telegram.app/Contents/Resources

CpResource /Users/buddhirajgautam/Library/Developer/Xcode/DerivedData/Telegram-Mac-fygdgghdgmuleoelvxabfmqiotta/Build/Products/Debug/Telegram.app/Contents/Resources/menu_autodelete_never.tgs /Users/buddhirajgautam/Documents/Cherrygram-Mac/macOS-Swift/Telegram-Mac/tgs/menu/menu_autodelete_never.tgs (in target 'Telegram' from project 'Telegram')
    cd /Users/buddhirajgautam/Documents/Cherrygram-Mac/macOS-Swift
    builtin-copy -exclude .DS_Store -exclude CVS -exclude .svn -exclude .git -exclude .hg -resolve-src-symlinks /Users/buddhirajgautam/Documents/Cherrygram-Mac/macOS-Swift/Telegram-Mac/tgs/menu/menu_autodelete_never.tgs /Users/buddhirajgautam/Library/Developer/Xcode/DerivedData/Telegram-Mac-fygdgghdgmuleoelvxabfmqiotta/Build/Products/Debug/Telegram.app/Contents/Resources

CpResource /Users/buddhirajgautam/Library/Developer/Xcode/DerivedData/Telegram-Mac-fygdgghdgmuleoelvxabfmqiotta/Build/Products/Debug/Telegram.app/Contents/Resources/menu_autodelete_customize.tgs /Users/buddhirajgautam/Documents/Cherrygram-Mac/macOS-Swift/Telegram-Mac/tgs/menu/menu_autodelete_customize.tgs (in target 'Telegram' from project 'Telegram')
    cd /Users/buddhirajgautam/Documents/Cherrygram-Mac/macOS-Swift
    builtin-copy -exclude .DS_Store -exclude CVS -exclude .svn -exclude .git -exclude .hg -resolve-src-symlinks /Users/buddhirajgautam/Documents/Cherrygram-Mac/macOS-Swift/Telegram-Mac/tgs/menu/menu_autodelete_customize.tgs /Users/buddhirajgautam/Library/Developer/Xcode/DerivedData/Telegram-Mac-fygdgghdgmuleoelvxabfmqiotta/Build/Products/Debug/Telegram.app/Contents/Resources

CpResource /Users/buddhirajgautam/Library/Developer/Xcode/DerivedData/Telegram-Mac-fygdgghdgmuleoelvxabfmqiotta/Build/Products/Debug/Telegram.app/Contents/Resources/menu_autodelete_1w.tgs /Users/buddhirajgautam/Documents/Cherrygram-Mac/macOS-Swift/Telegram-Mac/tgs/menu/menu_autodelete_1w.tgs (in target 'Telegram' from project 'Telegram')
    cd /Users/buddhirajgautam/Documents/Cherrygram-Mac/macOS-Swift
    builtin-copy -exclude .DS_Store -exclude CVS -exclude .svn -exclude .git -exclude .hg -resolve-src-symlinks /Users/buddhirajgautam/Documents/Cherrygram-Mac/macOS-Swift/Telegram-Mac/tgs/menu/menu_autodelete_1w.tgs /Users/buddhirajgautam/Library/Developer/Xcode/DerivedData/Telegram-Mac-fygdgghdgmuleoelvxabfmqiotta/Build/Products/Debug/Telegram.app/Contents/Resources

CpResource /Users/buddhirajgautam/Library/Developer/Xcode/DerivedData/Telegram-Mac-fygdgghdgmuleoelvxabfmqiotta/Build/Products/Debug/Telegram.app/Contents/Resources/menu_autodelete_1m.tgs /Users/buddhirajgautam/Documents/Cherrygram-Mac/macOS-Swift/Telegram-Mac/tgs/menu/menu_autodelete_1m.tgs (in target 'Telegram' from project 'Telegram')
    cd /Users/buddhirajgautam/Documents/Cherrygram-Mac/macOS-Swift
    builtin-copy -exclude .DS_Store -exclude CVS -exclude .svn -exclude .git -exclude .hg -resolve-src-symlinks /Users/buddhirajgautam/Documents/Cherrygram-Mac/macOS-Swift/Telegram-Mac/tgs/menu/menu_autodelete_1m.tgs /Users/buddhirajgautam/Library/Developer/Xcode/DerivedData/Telegram-Mac-fygdgghdgmuleoelvxabfmqiotta/Build/Products/Debug/Telegram.app/Contents/Resources

CpResource /Users/buddhirajgautam/Library/Developer/Xcode/DerivedData/Telegram-Mac-fygdgghdgmuleoelvxabfmqiotta/Build/Products/Debug/Telegram.app/Contents/Resources/menu_autodelete_1h.tgs /Users/buddhirajgautam/Documents/Cherrygram-Mac/macOS-Swift/Telegram-Mac/tgs/menu/menu_autodelete_1h.tgs (in target 'Telegram' from project 'Telegram')
    cd /Users/buddhirajgautam/Documents/Cherrygram-Mac/macOS-Swift
    builtin-copy -exclude .DS_Store -exclude CVS -exclude .svn -exclude .git -exclude .hg -resolve-src-symlinks /Users/buddhirajgautam/Documents/Cherrygram-Mac/macOS-Swift/Telegram-Mac/tgs/menu/menu_autodelete_1h.tgs /Users/buddhirajgautam/Library/Developer/Xcode/DerivedData/Telegram-Mac-fygdgghdgmuleoelvxabfmqiotta/Build/Products/Debug/Telegram.app/Contents/Resources

CpResource /Users/buddhirajgautam/Library/Developer/Xcode/DerivedData/Telegram-Mac-fygdgghdgmuleoelvxabfmqiotta/Build/Products/Debug/Telegram.app/Contents/Resources/menu_autodelete_1d.tgs /Users/buddhirajgautam/Documents/Cherrygram-Mac/macOS-Swift/Telegram-Mac/tgs/menu/menu_autodelete_1d.tgs (in target 'Telegram' from project 'Telegram')
    cd /Users/buddhirajgautam/Documents/Cherrygram-Mac/macOS-Swift
    builtin-copy -exclude .DS_Store -exclude CVS -exclude .svn -exclude .git -exclude .hg -resolve-src-symlinks /Users/buddhirajgautam/Documents/Cherrygram-Mac/macOS-Swift/Telegram-Mac/tgs/menu/menu_autodelete_1d.tgs /Users/buddhirajgautam/Library/Developer/Xcode/DerivedData/Telegram-Mac-fygdgghdgmuleoelvxabfmqiotta/Build/Products/Debug/Telegram.app/Contents/Resources

CpResource /Users/buddhirajgautam/Library/Developer/Xcode/DerivedData/Telegram-Mac-fygdgghdgmuleoelvxabfmqiotta/Build/Products/Debug/Telegram.app/Contents/Resources/menu_atsign.tgs /Users/buddhirajgautam/Documents/Cherrygram-Mac/macOS-Swift/Telegram-Mac/tgs/menu/menu_atsign.tgs (in target 'Telegram' from project 'Telegram')
    cd /Users/buddhirajgautam/Documents/Cherrygram-Mac/macOS-Swift
    builtin-copy -exclude .DS_Store -exclude CVS -exclude .svn -exclude .git -exclude .hg -resolve-src-symlinks /Users/buddhirajgautam/Documents/Cherrygram-Mac/macOS-Swift/Telegram-Mac/tgs/menu/menu_atsign.tgs /Users/buddhirajgautam/Library/Developer/Xcode/DerivedData/Telegram-Mac-fygdgghdgmuleoelvxabfmqiotta/Build/Products/Debug/Telegram.app/Contents/Resources

CpResource /Users/buddhirajgautam/Library/Developer/Xcode/DerivedData/Telegram-Mac-fygdgghdgmuleoelvxabfmqiotta/Build/Products/Debug/Telegram.app/Contents/Resources/menu_archive.tgs /Users/buddhirajgautam/Documents/Cherrygram-Mac/macOS-Swift/Telegram-Mac/tgs/menu/menu_archive.tgs (in target 'Telegram' from project 'Telegram')
    cd /Users/buddhirajgautam/Documents/Cherrygram-Mac/macOS-Swift
    builtin-copy -exclude .DS_Store -exclude CVS -exclude .svn -exclude .git -exclude .hg -resolve-src-symlinks /Users/buddhirajgautam/Documents/Cherrygram-Mac/macOS-Swift/Telegram-Mac/tgs/menu/menu_archive.tgs /Users/buddhirajgautam/Library/Developer/Xcode/DerivedData/Telegram-Mac-fygdgghdgmuleoelvxabfmqiotta/Build/Products/Debug/Telegram.app/Contents/Resources

CpResource /Users/buddhirajgautam/Library/Developer/Xcode/DerivedData/Telegram-Mac-fygdgghdgmuleoelvxabfmqiotta/Build/Products/Debug/Telegram.app/Contents/Resources/menu_apps.tgs /Users/buddhirajgautam/Documents/Cherrygram-Mac/macOS-Swift/Telegram-Mac/tgs/menu_apps.tgs (in target 'Telegram' from project 'Telegram')
    cd /Users/buddhirajgautam/Documents/Cherrygram-Mac/macOS-Swift
    builtin-copy -exclude .DS_Store -exclude CVS -exclude .svn -exclude .git -exclude .hg -resolve-src-symlinks /Users/buddhirajgautam/Documents/Cherrygram-Mac/macOS-Swift/Telegram-Mac/tgs/menu_apps.tgs /Users/buddhirajgautam/Library/Developer/Xcode/DerivedData/Telegram-Mac-fygdgghdgmuleoelvxabfmqiotta/Build/Products/Debug/Telegram.app/Contents/Resources

CpResource /Users/buddhirajgautam/Library/Developer/Xcode/DerivedData/Telegram-Mac-fygdgghdgmuleoelvxabfmqiotta/Build/Products/Debug/Telegram.app/Contents/Resources/menu_adult_slash.tgs /Users/buddhirajgautam/Documents/Cherrygram-Mac/macOS-Swift/Telegram-Mac/tgs/menu/menu_adult_slash.tgs (in target 'Telegram' from project 'Telegram')
    cd /Users/buddhirajgautam/Documents/Cherrygram-Mac/macOS-Swift
    builtin-copy -exclude .DS_Store -exclude CVS -exclude .svn -exclude .git -exclude .hg -resolve-src-symlinks /Users/buddhirajgautam/Documents/Cherrygram-Mac/macOS-Swift/Telegram-Mac/tgs/menu/menu_adult_slash.tgs /Users/buddhirajgautam/Library/Developer/Xcode/DerivedData/Telegram-Mac-fygdgghdgmuleoelvxabfmqiotta/Build/Products/Debug/Telegram.app/Contents/Resources

CpResource /Users/buddhirajgautam/Library/Developer/Xcode/DerivedData/Telegram-Mac-fygdgghdgmuleoelvxabfmqiotta/Build/Products/Debug/Telegram.app/Contents/Resources/menu_adult.tgs /Users/buddhirajgautam/Documents/Cherrygram-Mac/macOS-Swift/Telegram-Mac/tgs/menu/menu_adult.tgs (in target 'Telegram' from project 'Telegram')
    cd /Users/buddhirajgautam/Documents/Cherrygram-Mac/macOS-Swift
    builtin-copy -exclude .DS_Store -exclude CVS -exclude .svn -exclude .git -exclude .hg -resolve-src-symlinks /Users/buddhirajgautam/Documents/Cherrygram-Mac/macOS-Swift/Telegram-Mac/tgs/menu/menu_adult.tgs /Users/buddhirajgautam/Library/Developer/Xcode/DerivedData/Telegram-Mac-fygdgghdgmuleoelvxabfmqiotta/Build/Products/Debug/Telegram.app/Contents/Resources

CpResource /Users/buddhirajgautam/Library/Developer/Xcode/DerivedData/Telegram-Mac-fygdgghdgmuleoelvxabfmqiotta/Build/Products/Debug/Telegram.app/Contents/Resources/menu_add_to_folder.tgs /Users/buddhirajgautam/Documents/Cherrygram-Mac/macOS-Swift/Telegram-Mac/tgs/menu/menu_add_to_folder.tgs (in target 'Telegram' from project 'Telegram')
    cd /Users/buddhirajgautam/Documents/Cherrygram-Mac/macOS-Swift
    builtin-copy -exclude .DS_Store -exclude CVS -exclude .svn -exclude .git -exclude .hg -resolve-src-symlinks /Users/buddhirajgautam/Documents/Cherrygram-Mac/macOS-Swift/Telegram-Mac/tgs/menu/menu_add_to_folder.tgs /Users/buddhirajgautam/Library/Developer/Xcode/DerivedData/Telegram-Mac-fygdgghdgmuleoelvxabfmqiotta/Build/Products/Debug/Telegram.app/Contents/Resources

CpResource /Users/buddhirajgautam/Library/Developer/Xcode/DerivedData/Telegram-Mac-fygdgghdgmuleoelvxabfmqiotta/Build/Products/Debug/Telegram.app/Contents/Resources/menu_add_to_favorites.tgs /Users/buddhirajgautam/Documents/Cherrygram-Mac/macOS-Swift/Telegram-Mac/tgs/menu/menu_add_to_favorites.tgs (in target 'Telegram' from project 'Telegram')
    cd /Users/buddhirajgautam/Documents/Cherrygram-Mac/macOS-Swift
    builtin-copy -exclude .DS_Store -exclude CVS -exclude .svn -exclude .git -exclude .hg -resolve-src-symlinks /Users/buddhirajgautam/Documents/Cherrygram-Mac/macOS-Swift/Telegram-Mac/tgs/menu/menu_add_to_favorites.tgs /Users/buddhirajgautam/Library/Developer/Xcode/DerivedData/Telegram-Mac-fygdgghdgmuleoelvxabfmqiotta/Build/Products/Debug/Telegram.app/Contents/Resources

CpResource /Users/buddhirajgautam/Library/Developer/Xcode/DerivedData/Telegram-Mac-fygdgghdgmuleoelvxabfmqiotta/Build/Products/Debug/Telegram.app/Contents/Resources/menu_add_member.tgs /Users/buddhirajgautam/Documents/Cherrygram-Mac/macOS-Swift/Telegram-Mac/tgs/menu/menu_add_member.tgs (in target 'Telegram' from project 'Telegram')
    cd /Users/buddhirajgautam/Documents/Cherrygram-Mac/macOS-Swift
    builtin-copy -exclude .DS_Store -exclude CVS -exclude .svn -exclude .git -exclude .hg -resolve-src-symlinks /Users/buddhirajgautam/Documents/Cherrygram-Mac/macOS-Swift/Telegram-Mac/tgs/menu/menu_add_member.tgs /Users/buddhirajgautam/Library/Developer/Xcode/DerivedData/Telegram-Mac-fygdgghdgmuleoelvxabfmqiotta/Build/Products/Debug/Telegram.app/Contents/Resources

CpResource /Users/buddhirajgautam/Library/Developer/Xcode/DerivedData/Telegram-Mac-fygdgghdgmuleoelvxabfmqiotta/Build/Products/Debug/Telegram.app/Contents/Resources/menu_add_gif.tgs /Users/buddhirajgautam/Documents/Cherrygram-Mac/macOS-Swift/Telegram-Mac/tgs/menu/menu_add_gif.tgs (in target 'Telegram' from project 'Telegram')
    cd /Users/buddhirajgautam/Documents/Cherrygram-Mac/macOS-Swift
    builtin-copy -exclude .DS_Store -exclude CVS -exclude .svn -exclude .git -exclude .hg -resolve-src-symlinks /Users/buddhirajgautam/Documents/Cherrygram-Mac/macOS-Swift/Telegram-Mac/tgs/menu/menu_add_gif.tgs /Users/buddhirajgautam/Library/Developer/Xcode/DerivedData/Telegram-Mac-fygdgghdgmuleoelvxabfmqiotta/Build/Products/Debug/Telegram.app/Contents/Resources

CpResource /Users/buddhirajgautam/Library/Developer/Xcode/DerivedData/Telegram-Mac-fygdgghdgmuleoelvxabfmqiotta/Build/Products/Debug/Telegram.app/Contents/Resources/menu_add.tgs /Users/buddhirajgautam/Documents/Cherrygram-Mac/macOS-Swift/Telegram-Mac/tgs/menu/menu_add.tgs (in target 'Telegram' from project 'Telegram')
    cd /Users/buddhirajgautam/Documents/Cherrygram-Mac/macOS-Swift
    builtin-copy -exclude .DS_Store -exclude CVS -exclude .svn -exclude .git -exclude .hg -resolve-src-symlinks /Users/buddhirajgautam/Documents/Cherrygram-Mac/macOS-Swift/Telegram-Mac/tgs/menu/menu_add.tgs /Users/buddhirajgautam/Library/Developer/Xcode/DerivedData/Telegram-Mac-fygdgghdgmuleoelvxabfmqiotta/Build/Products/Debug/Telegram.app/Contents/Resources

CpResource /Users/buddhirajgautam/Library/Developer/Xcode/DerivedData/Telegram-Mac-fygdgghdgmuleoelvxabfmqiotta/Build/Products/Debug/Telegram.app/Contents/Resources/maccheck.json /Users/buddhirajgautam/Documents/Cherrygram-Mac/macOS-Swift/Telegram-Mac/lottie/maccheck.json (in target 'Telegram' from project 'Telegram')
    cd /Users/buddhirajgautam/Documents/Cherrygram-Mac/macOS-Swift
    builtin-copy -exclude .DS_Store -exclude CVS -exclude .svn -exclude .git -exclude .hg -resolve-src-symlinks /Users/buddhirajgautam/Documents/Cherrygram-Mac/macOS-Swift/Telegram-Mac/lottie/maccheck.json /Users/buddhirajgautam/Library/Developer/Xcode/DerivedData/Telegram-Mac-fygdgghdgmuleoelvxabfmqiotta/Build/Products/Debug/Telegram.app/Contents/Resources

CpResource /Users/buddhirajgautam/Library/Developer/Xcode/DerivedData/Telegram-Mac-fygdgghdgmuleoelvxabfmqiotta/Build/Products/Debug/Telegram.app/Contents/Resources/login_word.tgs /Users/buddhirajgautam/Documents/Cherrygram-Mac/macOS-Swift/Telegram-Mac/tgs/login_word.tgs (in target 'Telegram' from project 'Telegram')
    cd /Users/buddhirajgautam/Documents/Cherrygram-Mac/macOS-Swift
    builtin-copy -exclude .DS_Store -exclude CVS -exclude .svn -exclude .git -exclude .hg -resolve-src-symlinks /Users/buddhirajgautam/Documents/Cherrygram-Mac/macOS-Swift/Telegram-Mac/tgs/login_word.tgs /Users/buddhirajgautam/Library/Developer/Xcode/DerivedData/Telegram-Mac-fygdgghdgmuleoelvxabfmqiotta/Build/Products/Debug/Telegram.app/Contents/Resources

CpResource /Users/buddhirajgautam/Library/Developer/Xcode/DerivedData/Telegram-Mac-fygdgghdgmuleoelvxabfmqiotta/Build/Products/Debug/Telegram.app/Contents/Resources/login_airplane.tgs /Users/buddhirajgautam/Documents/Cherrygram-Mac/macOS-Swift/Telegram-Mac/tgs/login_airplane.tgs (in target 'Telegram' from project 'Telegram')
    cd /Users/buddhirajgautam/Documents/Cherrygram-Mac/macOS-Swift
    builtin-copy -exclude .DS_Store -exclude CVS -exclude .svn -exclude .git -exclude .hg -resolve-src-symlinks /Users/buddhirajgautam/Documents/Cherrygram-Mac/macOS-Swift/Telegram-Mac/tgs/login_airplane.tgs /Users/buddhirajgautam/Library/Developer/Xcode/DerivedData/Telegram-Mac-fygdgghdgmuleoelvxabfmqiotta/Build/Products/Debug/Telegram.app/Contents/Resources

CpResource /Users/buddhirajgautam/Library/Developer/Xcode/DerivedData/Telegram-Mac-fygdgghdgmuleoelvxabfmqiotta/Build/Products/Debug/Telegram.app/Contents/Resources/lighterTexture.jpg /Users/buddhirajgautam/Documents/Cherrygram-Mac/macOS-Swift/Telegram-Mac/premium/lighterTexture.jpg (in target 'Telegram' from project 'Telegram')
    cd /Users/buddhirajgautam/Documents/Cherrygram-Mac/macOS-Swift
    builtin-copy -exclude .DS_Store -exclude CVS -exclude .svn -exclude .git -exclude .hg -resolve-src-symlinks /Users/buddhirajgautam/Documents/Cherrygram-Mac/macOS-Swift/Telegram-Mac/premium/lighterTexture.jpg /Users/buddhirajgautam/Library/Developer/Xcode/DerivedData/Telegram-Mac-fygdgghdgmuleoelvxabfmqiotta/Build/Products/Debug/Telegram.app/Contents/Resources

CpResource /Users/buddhirajgautam/Library/Developer/Xcode/DerivedData/Telegram-Mac-fygdgghdgmuleoelvxabfmqiotta/Build/Products/Debug/Telegram.app/Contents/Resources/keychain.tgs /Users/buddhirajgautam/Documents/Cherrygram-Mac/macOS-Swift/Telegram-Mac/tgs/keychain.tgs (in target 'Telegram' from project 'Telegram')
    cd /Users/buddhirajgautam/Documents/Cherrygram-Mac/macOS-Swift
    builtin-copy -exclude .DS_Store -exclude CVS -exclude .svn -exclude .git -exclude .hg -resolve-src-symlinks /Users/buddhirajgautam/Documents/Cherrygram-Mac/macOS-Swift/Telegram-Mac/tgs/keychain.tgs /Users/buddhirajgautam/Library/Developer/Xcode/DerivedData/Telegram-Mac-fygdgghdgmuleoelvxabfmqiotta/Build/Products/Debug/Telegram.app/Contents/Resources

CpResource /Users/buddhirajgautam/Library/Developer/Xcode/DerivedData/Telegram-Mac-fygdgghdgmuleoelvxabfmqiotta/Build/Products/Debug/Telegram.app/Contents/Resources/keyboard_typing.tgs /Users/buddhirajgautam/Documents/Cherrygram-Mac/macOS-Swift/Telegram-Mac/tgs/keyboard_typing.tgs (in target 'Telegram' from project 'Telegram')
    cd /Users/buddhirajgautam/Documents/Cherrygram-Mac/macOS-Swift
    builtin-copy -exclude .DS_Store -exclude CVS -exclude .svn -exclude .git -exclude .hg -resolve-src-symlinks /Users/buddhirajgautam/Documents/Cherrygram-Mac/macOS-Swift/Telegram-Mac/tgs/keyboard_typing.tgs /Users/buddhirajgautam/Library/Developer/Xcode/DerivedData/Telegram-Mac-fygdgghdgmuleoelvxabfmqiotta/Build/Products/Debug/Telegram.app/Contents/Resources

CpResource /Users/buddhirajgautam/Library/Developer/Xcode/DerivedData/Telegram-Mac-fygdgghdgmuleoelvxabfmqiotta/Build/Products/Debug/Telegram.app/Contents/Resources/invitations.tgs /Users/buddhirajgautam/Documents/Cherrygram-Mac/macOS-Swift/Telegram-Mac/tgs/invitations.tgs (in target 'Telegram' from project 'Telegram')
    cd /Users/buddhirajgautam/Documents/Cherrygram-Mac/macOS-Swift
    builtin-copy -exclude .DS_Store -exclude CVS -exclude .svn -exclude .git -exclude .hg -resolve-src-symlinks /Users/buddhirajgautam/Documents/Cherrygram-Mac/macOS-Swift/Telegram-Mac/tgs/invitations.tgs /Users/buddhirajgautam/Library/Developer/Xcode/DerivedData/Telegram-Mac-fygdgghdgmuleoelvxabfmqiotta/Build/Products/Debug/Telegram.app/Contents/Resources

CpResource /Users/buddhirajgautam/Library/Developer/Xcode/DerivedData/Telegram-Mac-fygdgghdgmuleoelvxabfmqiotta/Build/Products/Debug/Telegram.app/Contents/Resources/index.html /Users/buddhirajgautam/Documents/Cherrygram-Mac/macOS-Swift/Telegram-Mac/hls/index/index.html (in target 'Telegram' from project 'Telegram')
    cd /Users/buddhirajgautam/Documents/Cherrygram-Mac/macOS-Swift
    builtin-copy -exclude .DS_Store -exclude CVS -exclude .svn -exclude .git -exclude .hg -resolve-src-symlinks /Users/buddhirajgautam/Documents/Cherrygram-Mac/macOS-Swift/Telegram-Mac/hls/index/index.html /Users/buddhirajgautam/Library/Developer/Xcode/DerivedData/Telegram-Mac-fygdgghdgmuleoelvxabfmqiotta/Build/Products/Debug/Telegram.app/Contents/Resources

CpResource /Users/buddhirajgautam/Library/Developer/Xcode/DerivedData/Telegram-Mac-fygdgghdgmuleoelvxabfmqiotta/Build/Products/Debug/Telegram.app/Contents/Resources/index.bundle.js.LICENSE.txt /Users/buddhirajgautam/Documents/Cherrygram-Mac/macOS-Swift/Telegram-Mac/hls/index/index.bundle.js.LICENSE.txt (in target 'Telegram' from project 'Telegram')
    cd /Users/buddhirajgautam/Documents/Cherrygram-Mac/macOS-Swift
    builtin-copy -exclude .DS_Store -exclude CVS -exclude .svn -exclude .git -exclude .hg -resolve-src-symlinks /Users/buddhirajgautam/Documents/Cherrygram-Mac/macOS-Swift/Telegram-Mac/hls/index/index.bundle.js.LICENSE.txt /Users/buddhirajgautam/Library/Developer/Xcode/DerivedData/Telegram-Mac-fygdgghdgmuleoelvxabfmqiotta/Build/Products/Debug/Telegram.app/Contents/Resources

CpResource /Users/buddhirajgautam/Library/Developer/Xcode/DerivedData/Telegram-Mac-fygdgghdgmuleoelvxabfmqiotta/Build/Products/Debug/Telegram.app/Contents/Resources/index.bundle.js /Users/buddhirajgautam/Documents/Cherrygram-Mac/macOS-Swift/Telegram-Mac/hls/index/index.bundle.js (in target 'Telegram' from project 'Telegram')
    cd /Users/buddhirajgautam/Documents/Cherrygram-Mac/macOS-Swift
    builtin-copy -exclude .DS_Store -exclude CVS -exclude .svn -exclude .git -exclude .hg -resolve-src-symlinks /Users/buddhirajgautam/Documents/Cherrygram-Mac/macOS-Swift/Telegram-Mac/hls/index/index.bundle.js /Users/buddhirajgautam/Library/Developer/Xcode/DerivedData/Telegram-Mac-fygdgghdgmuleoelvxabfmqiotta/Build/Products/Debug/Telegram.app/Contents/Resources

CpResource /Users/buddhirajgautam/Library/Developer/Xcode/DerivedData/Telegram-Mac-fygdgghdgmuleoelvxabfmqiotta/Build/Products/Debug/Telegram.app/Contents/Resources/improving_video.tgs /Users/buddhirajgautam/Documents/Cherrygram-Mac/macOS-Swift/Telegram-Mac/tgs/improving_video.tgs (in target 'Telegram' from project 'Telegram')
    cd /Users/buddhirajgautam/Documents/Cherrygram-Mac/macOS-Swift
    builtin-copy -exclude .DS_Store -exclude CVS -exclude .svn -exclude .git -exclude .hg -resolve-src-symlinks /Users/buddhirajgautam/Documents/Cherrygram-Mac/macOS-Swift/Telegram-Mac/tgs/improving_video.tgs /Users/buddhirajgautam/Library/Developer/Xcode/DerivedData/Telegram-Mac-fygdgghdgmuleoelvxabfmqiotta/Build/Products/Debug/Telegram.app/Contents/Resources

CpResource /Users/buddhirajgautam/Library/Developer/Xcode/DerivedData/Telegram-Mac-fygdgghdgmuleoelvxabfmqiotta/Build/Products/Debug/Telegram.app/Contents/Resources/headless_prologue.js /Users/buddhirajgautam/Documents/Cherrygram-Mac/macOS-Swift/Telegram-Mac/hls/headless_prologue.js (in target 'Telegram' from project 'Telegram')
    cd /Users/buddhirajgautam/Documents/Cherrygram-Mac/macOS-Swift
    builtin-copy -exclude .DS_Store -exclude CVS -exclude .svn -exclude .git -exclude .hg -resolve-src-symlinks /Users/buddhirajgautam/Documents/Cherrygram-Mac/macOS-Swift/Telegram-Mac/hls/headless_prologue.js /Users/buddhirajgautam/Library/Developer/Xcode/DerivedData/Telegram-Mac-fygdgghdgmuleoelvxabfmqiotta/Build/Products/Debug/Telegram.app/Contents/Resources

CpResource /Users/buddhirajgautam/Library/Developer/Xcode/DerivedData/Telegram-Mac-fygdgghdgmuleoelvxabfmqiotta/Build/Products/Debug/Telegram.app/Contents/Resources/hand_animation.tgs /Users/buddhirajgautam/Documents/Cherrygram-Mac/macOS-Swift/Telegram-Mac/tgs/hand_animation.tgs (in target 'Telegram' from project 'Telegram')
    cd /Users/buddhirajgautam/Documents/Cherrygram-Mac/macOS-Swift
    builtin-copy -exclude .DS_Store -exclude CVS -exclude .svn -exclude .git -exclude .hg -resolve-src-symlinks /Users/buddhirajgautam/Documents/Cherrygram-Mac/macOS-Swift/Telegram-Mac/tgs/hand_animation.tgs /Users/buddhirajgautam/Library/Developer/Xcode/DerivedData/Telegram-Mac-fygdgghdgmuleoelvxabfmqiotta/Build/Products/Debug/Telegram.app/Contents/Resources

CpResource /Users/buddhirajgautam/Library/Developer/Xcode/DerivedData/Telegram-Mac-fygdgghdgmuleoelvxabfmqiotta/Build/Products/Debug/Telegram.app/Contents/Resources/group_call_stream_empty /Users/buddhirajgautam/Documents/Cherrygram-Mac/macOS-Swift/Telegram-Mac/tgs/group_call_stream_empty (in target 'Telegram' from project 'Telegram')
    cd /Users/buddhirajgautam/Documents/Cherrygram-Mac/macOS-Swift
    builtin-copy -exclude .DS_Store -exclude CVS -exclude .svn -exclude .git -exclude .hg -resolve-src-symlinks /Users/buddhirajgautam/Documents/Cherrygram-Mac/macOS-Swift/Telegram-Mac/tgs/group_call_stream_empty /Users/buddhirajgautam/Library/Developer/Xcode/DerivedData/Telegram-Mac-fygdgghdgmuleoelvxabfmqiotta/Build/Products/Debug/Telegram.app/Contents/Resources

CpResource /Users/buddhirajgautam/Library/Developer/Xcode/DerivedData/Telegram-Mac-fygdgghdgmuleoelvxabfmqiotta/Build/Products/Debug/Telegram.app/Contents/Resources/group_call_speaker_unmute.json /Users/buddhirajgautam/Documents/Cherrygram-Mac/macOS-Swift/Telegram-Mac/lottie/group_call_speaker_unmute.json (in target 'Telegram' from project 'Telegram')
    cd /Users/buddhirajgautam/Documents/Cherrygram-Mac/macOS-Swift
    builtin-copy -exclude .DS_Store -exclude CVS -exclude .svn -exclude .git -exclude .hg -resolve-src-symlinks /Users/buddhirajgautam/Documents/Cherrygram-Mac/macOS-Swift/Telegram-Mac/lottie/group_call_speaker_unmute.json /Users/buddhirajgautam/Library/Developer/Xcode/DerivedData/Telegram-Mac-fygdgghdgmuleoelvxabfmqiotta/Build/Products/Debug/Telegram.app/Contents/Resources

CpResource /Users/buddhirajgautam/Library/Developer/Xcode/DerivedData/Telegram-Mac-fygdgghdgmuleoelvxabfmqiotta/Build/Products/Debug/Telegram.app/Contents/Resources/group_call_speaker_mute.json /Users/buddhirajgautam/Documents/Cherrygram-Mac/macOS-Swift/Telegram-Mac/lottie/group_call_speaker_mute.json (in target 'Telegram' from project 'Telegram')
    cd /Users/buddhirajgautam/Documents/Cherrygram-Mac/macOS-Swift
    builtin-copy -exclude .DS_Store -exclude CVS -exclude .svn -exclude .git -exclude .hg -resolve-src-symlinks /Users/buddhirajgautam/Documents/Cherrygram-Mac/macOS-Swift/Telegram-Mac/lottie/group_call_speaker_mute.json /Users/buddhirajgautam/Library/Developer/Xcode/DerivedData/Telegram-Mac-fygdgghdgmuleoelvxabfmqiotta/Build/Products/Debug/Telegram.app/Contents/Resources

CpResource /Users/buddhirajgautam/Library/Developer/Xcode/DerivedData/Telegram-Mac-fygdgghdgmuleoelvxabfmqiotta/Build/Products/Debug/Telegram.app/Contents/Resources/group_call_share.tgs /Users/buddhirajgautam/Documents/Cherrygram-Mac/macOS-Swift/Telegram-Mac/tgs/group_call_share.tgs (in target 'Telegram' from project 'Telegram')
    cd /Users/buddhirajgautam/Documents/Cherrygram-Mac/macOS-Swift
    builtin-copy -exclude .DS_Store -exclude CVS -exclude .svn -exclude .git -exclude .hg -resolve-src-symlinks /Users/buddhirajgautam/Documents/Cherrygram-Mac/macOS-Swift/Telegram-Mac/tgs/group_call_share.tgs /Users/buddhirajgautam/Library/Developer/Xcode/DerivedData/Telegram-Mac-fygdgghdgmuleoelvxabfmqiotta/Build/Products/Debug/Telegram.app/Contents/Resources

CpResource /Users/buddhirajgautam/Library/Developer/Xcode/DerivedData/Telegram-Mac-fygdgghdgmuleoelvxabfmqiotta/Build/Products/Debug/Telegram.app/Contents/Resources/group_call_minmax.tgs /Users/buddhirajgautam/Documents/Cherrygram-Mac/macOS-Swift/Telegram-Mac/tgs/group_call_minmax.tgs (in target 'Telegram' from project 'Telegram')
    cd /Users/buddhirajgautam/Documents/Cherrygram-Mac/macOS-Swift
    builtin-copy -exclude .DS_Store -exclude CVS -exclude .svn -exclude .git -exclude .hg -resolve-src-symlinks /Users/buddhirajgautam/Documents/Cherrygram-Mac/macOS-Swift/Telegram-Mac/tgs/group_call_minmax.tgs /Users/buddhirajgautam/Library/Developer/Xcode/DerivedData/Telegram-Mac-fygdgghdgmuleoelvxabfmqiotta/Build/Products/Debug/Telegram.app/Contents/Resources

CpResource /Users/buddhirajgautam/Library/Developer/Xcode/DerivedData/Telegram-Mac-fygdgghdgmuleoelvxabfmqiotta/Build/Products/Debug/Telegram.app/Contents/Resources/group_call_member_unmute.json /Users/buddhirajgautam/Documents/Cherrygram-Mac/macOS-Swift/Telegram-Mac/lottie/group_call_member_unmute.json (in target 'Telegram' from project 'Telegram')
    cd /Users/buddhirajgautam/Documents/Cherrygram-Mac/macOS-Swift
    builtin-copy -exclude .DS_Store -exclude CVS -exclude .svn -exclude .git -exclude .hg -resolve-src-symlinks /Users/buddhirajgautam/Documents/Cherrygram-Mac/macOS-Swift/Telegram-Mac/lottie/group_call_member_unmute.json /Users/buddhirajgautam/Library/Developer/Xcode/DerivedData/Telegram-Mac-fygdgghdgmuleoelvxabfmqiotta/Build/Products/Debug/Telegram.app/Contents/Resources

CpResource /Users/buddhirajgautam/Library/Developer/Xcode/DerivedData/Telegram-Mac-fygdgghdgmuleoelvxabfmqiotta/Build/Products/Debug/Telegram.app/Contents/Resources/group_call_member_mute.json /Users/buddhirajgautam/Documents/Cherrygram-Mac/macOS-Swift/Telegram-Mac/lottie/group_call_member_mute.json (in target 'Telegram' from project 'Telegram')
    cd /Users/buddhirajgautam/Documents/Cherrygram-Mac/macOS-Swift
    builtin-copy -exclude .DS_Store -exclude CVS -exclude .svn -exclude .git -exclude .hg -resolve-src-symlinks /Users/buddhirajgautam/Documents/Cherrygram-Mac/macOS-Swift/Telegram-Mac/lottie/group_call_member_mute.json /Users/buddhirajgautam/Library/Developer/Xcode/DerivedData/Telegram-Mac-fygdgghdgmuleoelvxabfmqiotta/Build/Products/Debug/Telegram.app/Contents/Resources

CpResource /Users/buddhirajgautam/Library/Developer/Xcode/DerivedData/Telegram-Mac-fygdgghdgmuleoelvxabfmqiotta/Build/Products/Debug/Telegram.app/Contents/Resources/group_call_maxmin.tgs /Users/buddhirajgautam/Documents/Cherrygram-Mac/macOS-Swift/Telegram-Mac/tgs/group_call_maxmin.tgs (in target 'Telegram' from project 'Telegram')
    cd /Users/buddhirajgautam/Documents/Cherrygram-Mac/macOS-Swift
    builtin-copy -exclude .DS_Store -exclude CVS -exclude .svn -exclude .git -exclude .hg -resolve-src-symlinks /Users/buddhirajgautam/Documents/Cherrygram-Mac/macOS-Swift/Telegram-Mac/tgs/group_call_maxmin.tgs /Users/buddhirajgautam/Library/Developer/Xcode/DerivedData/Telegram-Mac-fygdgghdgmuleoelvxabfmqiotta/Build/Products/Debug/Telegram.app/Contents/Resources

CpResource /Users/buddhirajgautam/Library/Developer/Xcode/DerivedData/Telegram-Mac-fygdgghdgmuleoelvxabfmqiotta/Build/Products/Debug/Telegram.app/Contents/Resources/group_call_chatlist_typing.json /Users/buddhirajgautam/Documents/Cherrygram-Mac/macOS-Swift/Telegram-Mac/lottie/group_call_chatlist_typing.json (in target 'Telegram' from project 'Telegram')
    cd /Users/buddhirajgautam/Documents/Cherrygram-Mac/macOS-Swift
    builtin-copy -exclude .DS_Store -exclude CVS -exclude .svn -exclude .git -exclude .hg -resolve-src-symlinks /Users/buddhirajgautam/Documents/Cherrygram-Mac/macOS-Swift/Telegram-Mac/lottie/group_call_chatlist_typing.json /Users/buddhirajgautam/Library/Developer/Xcode/DerivedData/Telegram-Mac-fygdgghdgmuleoelvxabfmqiotta/Build/Products/Debug/Telegram.app/Contents/Resources

CpResource /Users/buddhirajgautam/Library/Developer/Xcode/DerivedData/Telegram-Mac-fygdgghdgmuleoelvxabfmqiotta/Build/Products/Debug/Telegram.app/Contents/Resources/graph_loading.tgs /Users/buddhirajgautam/Documents/Cherrygram-Mac/macOS-Swift/Telegram-Mac/tgs/graph_loading.tgs (in target 'Telegram' from project 'Telegram')
    cd /Users/buddhirajgautam/Documents/Cherrygram-Mac/macOS-Swift
    builtin-copy -exclude .DS_Store -exclude CVS -exclude .svn -exclude .git -exclude .hg -resolve-src-symlinks /Users/buddhirajgautam/Documents/Cherrygram-Mac/macOS-Swift/Telegram-Mac/tgs/graph_loading.tgs /Users/buddhirajgautam/Library/Developer/Xcode/DerivedData/Telegram-Mac-fygdgghdgmuleoelvxabfmqiotta/Build/Products/Debug/Telegram.app/Contents/Resources

CpResource /Users/buddhirajgautam/Library/Developer/Xcode/DerivedData/Telegram-Mac-fygdgghdgmuleoelvxabfmqiotta/Build/Products/Debug/Telegram.app/Contents/Resources/grammars.dat /Users/buddhirajgautam/Documents/Cherrygram-Mac/macOS-Swift/submodules/libprisma/libprisma/grammars.dat (in target 'Telegram' from project 'Telegram')
    cd /Users/buddhirajgautam/Documents/Cherrygram-Mac/macOS-Swift
    builtin-copy -exclude .DS_Store -exclude CVS -exclude .svn -exclude .git -exclude .hg -resolve-src-symlinks /Users/buddhirajgautam/Documents/Cherrygram-Mac/macOS-Swift/submodules/libprisma/libprisma/grammars.dat /Users/buddhirajgautam/Library/Developer/Xcode/DerivedData/Telegram-Mac-fygdgghdgmuleoelvxabfmqiotta/Build/Products/Debug/Telegram.app/Contents/Resources

CpResource /Users/buddhirajgautam/Library/Developer/Xcode/DerivedData/Telegram-Mac-fygdgghdgmuleoelvxabfmqiotta/Build/Products/Debug/Telegram.app/Contents/Resources/global_autoremove.tgs /Users/buddhirajgautam/Documents/Cherrygram-Mac/macOS-Swift/Telegram-Mac/tgs/global_autoremove.tgs (in target 'Telegram' from project 'Telegram')
    cd /Users/buddhirajgautam/Documents/Cherrygram-Mac/macOS-Swift
    builtin-copy -exclude .DS_Store -exclude CVS -exclude .svn -exclude .git -exclude .hg -resolve-src-symlinks /Users/buddhirajgautam/Documents/Cherrygram-Mac/macOS-Swift/Telegram-Mac/tgs/global_autoremove.tgs /Users/buddhirajgautam/Library/Developer/Xcode/DerivedData/Telegram-Mac-fygdgghdgmuleoelvxabfmqiotta/Build/Products/Debug/Telegram.app/Contents/Resources

CpResource /Users/buddhirajgautam/Library/Developer/Xcode/DerivedData/Telegram-Mac-fygdgghdgmuleoelvxabfmqiotta/Build/Products/Debug/Telegram.app/Contents/Resources/gigagroup.tgs /Users/buddhirajgautam/Documents/Cherrygram-Mac/macOS-Swift/Telegram-Mac/tgs/gigagroup.tgs (in target 'Telegram' from project 'Telegram')
    cd /Users/buddhirajgautam/Documents/Cherrygram-Mac/macOS-Swift
    builtin-copy -exclude .DS_Store -exclude CVS -exclude .svn -exclude .git -exclude .hg -resolve-src-symlinks /Users/buddhirajgautam/Documents/Cherrygram-Mac/macOS-Swift/Telegram-Mac/tgs/gigagroup.tgs /Users/buddhirajgautam/Library/Developer/Xcode/DerivedData/Telegram-Mac-fygdgghdgmuleoelvxabfmqiotta/Build/Products/Debug/Telegram.app/Contents/Resources

CpResource /Users/buddhirajgautam/Library/Developer/Xcode/DerivedData/Telegram-Mac-fygdgghdgmuleoelvxabfmqiotta/Build/Products/Debug/Telegram.app/Contents/Resources/gift.tgs /Users/buddhirajgautam/Documents/Cherrygram-Mac/macOS-Swift/Telegram-Mac/tgs/gift.tgs (in target 'Telegram' from project 'Telegram')
    cd /Users/buddhirajgautam/Documents/Cherrygram-Mac/macOS-Swift
    builtin-copy -exclude .DS_Store -exclude CVS -exclude .svn -exclude .git -exclude .hg -resolve-src-symlinks /Users/buddhirajgautam/Documents/Cherrygram-Mac/macOS-Swift/Telegram-Mac/tgs/gift.tgs /Users/buddhirajgautam/Library/Developer/Xcode/DerivedData/Telegram-Mac-fygdgghdgmuleoelvxabfmqiotta/Build/Products/Debug/Telegram.app/Contents/Resources

CpResource /Users/buddhirajgautam/Library/Developer/Xcode/DerivedData/Telegram-Mac-fygdgghdgmuleoelvxabfmqiotta/Build/Products/Debug/Telegram.app/Contents/Resources/freeze_duck.tgs /Users/buddhirajgautam/Documents/Cherrygram-Mac/macOS-Swift/Telegram-Mac/tgs/freeze_duck.tgs (in target 'Telegram' from project 'Telegram')
    cd /Users/buddhirajgautam/Documents/Cherrygram-Mac/macOS-Swift
    builtin-copy -exclude .DS_Store -exclude CVS -exclude .svn -exclude .git -exclude .hg -resolve-src-symlinks /Users/buddhirajgautam/Documents/Cherrygram-Mac/macOS-Swift/Telegram-Mac/tgs/freeze_duck.tgs /Users/buddhirajgautam/Library/Developer/Xcode/DerivedData/Telegram-Mac-fygdgghdgmuleoelvxabfmqiotta/Build/Products/Debug/Telegram.app/Contents/Resources

CpResource /Users/buddhirajgautam/Library/Developer/Xcode/DerivedData/Telegram-Mac-fygdgghdgmuleoelvxabfmqiotta/Build/Products/Debug/Telegram.app/Contents/Resources/fragment_username.tgs /Users/buddhirajgautam/Documents/Cherrygram-Mac/macOS-Swift/Telegram-Mac/tgs/fragment_username.tgs (in target 'Telegram' from project 'Telegram')
    cd /Users/buddhirajgautam/Documents/Cherrygram-Mac/macOS-Swift
    builtin-copy -exclude .DS_Store -exclude CVS -exclude .svn -exclude .git -exclude .hg -resolve-src-symlinks /Users/buddhirajgautam/Documents/Cherrygram-Mac/macOS-Swift/Telegram-Mac/tgs/fragment_username.tgs /Users/buddhirajgautam/Library/Developer/Xcode/DerivedData/Telegram-Mac-fygdgghdgmuleoelvxabfmqiotta/Build/Products/Debug/Telegram.app/Contents/Resources

CpResource /Users/buddhirajgautam/Library/Developer/Xcode/DerivedData/Telegram-Mac-fygdgghdgmuleoelvxabfmqiotta/Build/Products/Debug/Telegram.app/Contents/Resources/fragment.tgs /Users/buddhirajgautam/Documents/Cherrygram-Mac/macOS-Swift/Telegram-Mac/tgs/fragment.tgs (in target 'Telegram' from project 'Telegram')
    cd /Users/buddhirajgautam/Documents/Cherrygram-Mac/macOS-Swift
    builtin-copy -exclude .DS_Store -exclude CVS -exclude .svn -exclude .git -exclude .hg -resolve-src-symlinks /Users/buddhirajgautam/Documents/Cherrygram-Mac/macOS-Swift/Telegram-Mac/tgs/fragment.tgs /Users/buddhirajgautam/Library/Developer/Xcode/DerivedData/Telegram-Mac-fygdgghdgmuleoelvxabfmqiotta/Build/Products/Debug/Telegram.app/Contents/Resources

CpResource /Users/buddhirajgautam/Library/Developer/Xcode/DerivedData/Telegram-Mac-fygdgghdgmuleoelvxabfmqiotta/Build/Products/Debug/Telegram.app/Contents/Resources/forum_topic.tgs /Users/buddhirajgautam/Documents/Cherrygram-Mac/macOS-Swift/Telegram-Mac/tgs/forum_topic.tgs (in target 'Telegram' from project 'Telegram')
    cd /Users/buddhirajgautam/Documents/Cherrygram-Mac/macOS-Swift
    builtin-copy -exclude .DS_Store -exclude CVS -exclude .svn -exclude .git -exclude .hg -resolve-src-symlinks /Users/buddhirajgautam/Documents/Cherrygram-Mac/macOS-Swift/Telegram-Mac/tgs/forum_topic.tgs /Users/buddhirajgautam/Library/Developer/Xcode/DerivedData/Telegram-Mac-fygdgghdgmuleoelvxabfmqiotta/Build/Products/Debug/Telegram.app/Contents/Resources

CpResource /Users/buddhirajgautam/Library/Developer/Xcode/DerivedData/Telegram-Mac-fygdgghdgmuleoelvxabfmqiotta/Build/Products/Debug/Telegram.app/Contents/Resources/food.tgs /Users/buddhirajgautam/Documents/Cherrygram-Mac/macOS-Swift/Telegram-Mac/tgs/emojies/food.tgs (in target 'Telegram' from project 'Telegram')
    cd /Users/buddhirajgautam/Documents/Cherrygram-Mac/macOS-Swift
    builtin-copy -exclude .DS_Store -exclude CVS -exclude .svn -exclude .git -exclude .hg -resolve-src-symlinks /Users/buddhirajgautam/Documents/Cherrygram-Mac/macOS-Swift/Telegram-Mac/tgs/emojies/food.tgs /Users/buddhirajgautam/Library/Developer/Xcode/DerivedData/Telegram-Mac-fygdgghdgmuleoelvxabfmqiotta/Build/Products/Debug/Telegram.app/Contents/Resources

CpResource /Users/buddhirajgautam/Library/Developer/Xcode/DerivedData/Telegram-Mac-fygdgghdgmuleoelvxabfmqiotta/Build/Products/Debug/Telegram.app/Contents/Resources/folder_empty.tgs /Users/buddhirajgautam/Documents/Cherrygram-Mac/macOS-Swift/Telegram-Mac/tgs/folder_empty.tgs (in target 'Telegram' from project 'Telegram')
    cd /Users/buddhirajgautam/Documents/Cherrygram-Mac/macOS-Swift
    builtin-copy -exclude .DS_Store -exclude CVS -exclude .svn -exclude .git -exclude .hg -resolve-src-symlinks /Users/buddhirajgautam/Documents/Cherrygram-Mac/macOS-Swift/Telegram-Mac/tgs/folder_empty.tgs /Users/buddhirajgautam/Library/Developer/Xcode/DerivedData/Telegram-Mac-fygdgghdgmuleoelvxabfmqiotta/Build/Products/Debug/Telegram.app/Contents/Resources

CpResource /Users/buddhirajgautam/Library/Developer/Xcode/DerivedData/Telegram-Mac-fygdgghdgmuleoelvxabfmqiotta/Build/Products/Debug/Telegram.app/Contents/Resources/folder.tgs /Users/buddhirajgautam/Documents/Cherrygram-Mac/macOS-Swift/Telegram-Mac/tgs/folder.tgs (in target 'Telegram' from project 'Telegram')
    cd /Users/buddhirajgautam/Documents/Cherrygram-Mac/macOS-Swift
    builtin-copy -exclude .DS_Store -exclude CVS -exclude .svn -exclude .git -exclude .hg -resolve-src-symlinks /Users/buddhirajgautam/Documents/Cherrygram-Mac/macOS-Swift/Telegram-Mac/tgs/folder.tgs /Users/buddhirajgautam/Library/Developer/Xcode/DerivedData/Telegram-Mac-fygdgghdgmuleoelvxabfmqiotta/Build/Products/Debug/Telegram.app/Contents/Resources

CpResource /Users/buddhirajgautam/Library/Developer/Xcode/DerivedData/Telegram-Mac-fygdgghdgmuleoelvxabfmqiotta/Build/Products/Debug/Telegram.app/Contents/Resources/fly_dollar.tgs /Users/buddhirajgautam/Documents/Cherrygram-Mac/macOS-Swift/Telegram-Mac/tgs/fly_dollar.tgs (in target 'Telegram' from project 'Telegram')
    cd /Users/buddhirajgautam/Documents/Cherrygram-Mac/macOS-Swift
    builtin-copy -exclude .DS_Store -exclude CVS -exclude .svn -exclude .git -exclude .hg -resolve-src-symlinks /Users/buddhirajgautam/Documents/Cherrygram-Mac/macOS-Swift/Telegram-Mac/tgs/fly_dollar.tgs /Users/buddhirajgautam/Library/Developer/Xcode/DerivedData/Telegram-Mac-fygdgghdgmuleoelvxabfmqiotta/Build/Products/Debug/Telegram.app/Contents/Resources

CpResource /Users/buddhirajgautam/Library/Developer/Xcode/DerivedData/Telegram-Mac-fygdgghdgmuleoelvxabfmqiotta/Build/Products/Debug/Telegram.app/Contents/Resources/flecks.jpg /Users/buddhirajgautam/Documents/Cherrygram-Mac/macOS-Swift/Telegram-Mac/premium/flecks.jpg (in target 'Telegram' from project 'Telegram')
    cd /Users/buddhirajgautam/Documents/Cherrygram-Mac/macOS-Swift
    builtin-copy -exclude .DS_Store -exclude CVS -exclude .svn -exclude .git -exclude .hg -resolve-src-symlinks /Users/buddhirajgautam/Documents/Cherrygram-Mac/macOS-Swift/Telegram-Mac/premium/flecks.jpg /Users/buddhirajgautam/Library/Developer/Xcode/DerivedData/Telegram-Mac-fygdgghdgmuleoelvxabfmqiotta/Build/Products/Debug/Telegram.app/Contents/Resources

CpResource /Users/buddhirajgautam/Library/Developer/Xcode/DerivedData/Telegram-Mac-fygdgghdgmuleoelvxabfmqiotta/Build/Products/Debug/Telegram.app/Contents/Resources/flags.tgs /Users/buddhirajgautam/Documents/Cherrygram-Mac/macOS-Swift/Telegram-Mac/tgs/emojies/flags.tgs (in target 'Telegram' from project 'Telegram')
    cd /Users/buddhirajgautam/Documents/Cherrygram-Mac/macOS-Swift
    builtin-copy -exclude .DS_Store -exclude CVS -exclude .svn -exclude .git -exclude .hg -resolve-src-symlinks /Users/buddhirajgautam/Documents/Cherrygram-Mac/macOS-Swift/Telegram-Mac/tgs/emojies/flags.tgs /Users/buddhirajgautam/Library/Developer/Xcode/DerivedData/Telegram-Mac-fygdgghdgmuleoelvxabfmqiotta/Build/Products/Debug/Telegram.app/Contents/Resources

CpResource /Users/buddhirajgautam/Library/Developer/Xcode/DerivedData/Telegram-Mac-fygdgghdgmuleoelvxabfmqiotta/Build/Products/Debug/Telegram.app/Contents/Resources/expired_story.tgs /Users/buddhirajgautam/Documents/Cherrygram-Mac/macOS-Swift/Telegram-Mac/tgs/expired_story.tgs (in target 'Telegram' from project 'Telegram')
    cd /Users/buddhirajgautam/Documents/Cherrygram-Mac/macOS-Swift
    builtin-copy -exclude .DS_Store -exclude CVS -exclude .svn -exclude .git -exclude .hg -resolve-src-symlinks /Users/buddhirajgautam/Documents/Cherrygram-Mac/macOS-Swift/Telegram-Mac/tgs/expired_story.tgs /Users/buddhirajgautam/Library/Developer/Xcode/DerivedData/Telegram-Mac-fygdgghdgmuleoelvxabfmqiotta/Build/Products/Debug/Telegram.app/Contents/Resources

CpResource /Users/buddhirajgautam/Library/Developer/Xcode/DerivedData/Telegram-Mac-fygdgghdgmuleoelvxabfmqiotta/Build/Products/Debug/Telegram.app/Contents/Resources/emoji_category_work.tgs /Users/buddhirajgautam/Documents/Cherrygram-Mac/macOS-Swift/Telegram-Mac/tgs/emojies/categories/emoji_category_work.tgs (in target 'Telegram' from project 'Telegram')
    cd /Users/buddhirajgautam/Documents/Cherrygram-Mac/macOS-Swift
    builtin-copy -exclude .DS_Store -exclude CVS -exclude .svn -exclude .git -exclude .hg -resolve-src-symlinks /Users/buddhirajgautam/Documents/Cherrygram-Mac/macOS-Swift/Telegram-Mac/tgs/emojies/categories/emoji_category_work.tgs /Users/buddhirajgautam/Library/Developer/Xcode/DerivedData/Telegram-Mac-fygdgghdgmuleoelvxabfmqiotta/Build/Products/Debug/Telegram.app/Contents/Resources

CpResource /Users/buddhirajgautam/Library/Developer/Xcode/DerivedData/Telegram-Mac-fygdgghdgmuleoelvxabfmqiotta/Build/Products/Debug/Telegram.app/Contents/Resources/emoji_category_what.tgs /Users/buddhirajgautam/Documents/Cherrygram-Mac/macOS-Swift/Telegram-Mac/tgs/emojies/categories/emoji_category_what.tgs (in target 'Telegram' from project 'Telegram')
    cd /Users/buddhirajgautam/Documents/Cherrygram-Mac/macOS-Swift
    builtin-copy -exclude .DS_Store -exclude CVS -exclude .svn -exclude .git -exclude .hg -resolve-src-symlinks /Users/buddhirajgautam/Documents/Cherrygram-Mac/macOS-Swift/Telegram-Mac/tgs/emojies/categories/emoji_category_what.tgs /Users/buddhirajgautam/Library/Developer/Xcode/DerivedData/Telegram-Mac-fygdgghdgmuleoelvxabfmqiotta/Build/Products/Debug/Telegram.app/Contents/Resources

CpResource /Users/buddhirajgautam/Library/Developer/Xcode/DerivedData/Telegram-Mac-fygdgghdgmuleoelvxabfmqiotta/Build/Products/Debug/Telegram.app/Contents/Resources/emoji_category_vacation.tgs /Users/buddhirajgautam/Documents/Cherrygram-Mac/macOS-Swift/Telegram-Mac/tgs/emojies/categories/emoji_category_vacation.tgs (in target 'Telegram' from project 'Telegram')
    cd /Users/buddhirajgautam/Documents/Cherrygram-Mac/macOS-Swift
    builtin-copy -exclude .DS_Store -exclude CVS -exclude .svn -exclude .git -exclude .hg -resolve-src-symlinks /Users/buddhirajgautam/Documents/Cherrygram-Mac/macOS-Swift/Telegram-Mac/tgs/emojies/categories/emoji_category_vacation.tgs /Users/buddhirajgautam/Library/Developer/Xcode/DerivedData/Telegram-Mac-fygdgghdgmuleoelvxabfmqiotta/Build/Products/Debug/Telegram.app/Contents/Resources

CpResource /Users/buddhirajgautam/Library/Developer/Xcode/DerivedData/Telegram-Mac-fygdgghdgmuleoelvxabfmqiotta/Build/Products/Debug/Telegram.app/Contents/Resources/emoji_category_tongue.tgs /Users/buddhirajgautam/Documents/Cherrygram-Mac/macOS-Swift/Telegram-Mac/tgs/emojies/categories/emoji_category_tongue.tgs (in target 'Telegram' from project 'Telegram')
    cd /Users/buddhirajgautam/Documents/Cherrygram-Mac/macOS-Swift
    builtin-copy -exclude .DS_Store -exclude CVS -exclude .svn -exclude .git -exclude .hg -resolve-src-symlinks /Users/buddhirajgautam/Documents/Cherrygram-Mac/macOS-Swift/Telegram-Mac/tgs/emojies/categories/emoji_category_tongue.tgs /Users/buddhirajgautam/Library/Developer/Xcode/DerivedData/Telegram-Mac-fygdgghdgmuleoelvxabfmqiotta/Build/Products/Debug/Telegram.app/Contents/Resources

CpResource /Users/buddhirajgautam/Library/Developer/Xcode/DerivedData/Telegram-Mac-fygdgghdgmuleoelvxabfmqiotta/Build/Products/Debug/Telegram.app/Contents/Resources/emoji_category_study.tgs /Users/buddhirajgautam/Documents/Cherrygram-Mac/macOS-Swift/Telegram-Mac/tgs/emojies/categories/emoji_category_study.tgs (in target 'Telegram' from project 'Telegram')
    cd /Users/buddhirajgautam/Documents/Cherrygram-Mac/macOS-Swift
    builtin-copy -exclude .DS_Store -exclude CVS -exclude .svn -exclude .git -exclude .hg -resolve-src-symlinks /Users/buddhirajgautam/Documents/Cherrygram-Mac/macOS-Swift/Telegram-Mac/tgs/emojies/categories/emoji_category_study.tgs /Users/buddhirajgautam/Library/Developer/Xcode/DerivedData/Telegram-Mac-fygdgghdgmuleoelvxabfmqiotta/Build/Products/Debug/Telegram.app/Contents/Resources

CpResource /Users/buddhirajgautam/Library/Developer/Xcode/DerivedData/Telegram-Mac-fygdgghdgmuleoelvxabfmqiotta/Build/Products/Debug/Telegram.app/Contents/Resources/emoji_category_sleep.tgs /Users/buddhirajgautam/Documents/Cherrygram-Mac/macOS-Swift/Telegram-Mac/tgs/emojies/categories/emoji_category_sleep.tgs (in target 'Telegram' from project 'Telegram')
    cd /Users/buddhirajgautam/Documents/Cherrygram-Mac/macOS-Swift
    builtin-copy -exclude .DS_Store -exclude CVS -exclude .svn -exclude .git -exclude .hg -resolve-src-symlinks /Users/buddhirajgautam/Documents/Cherrygram-Mac/macOS-Swift/Telegram-Mac/tgs/emojies/categories/emoji_category_sleep.tgs /Users/buddhirajgautam/Library/Developer/Xcode/DerivedData/Telegram-Mac-fygdgghdgmuleoelvxabfmqiotta/Build/Products/Debug/Telegram.app/Contents/Resources

CpResource /Users/buddhirajgautam/Library/Developer/Xcode/DerivedData/Telegram-Mac-fygdgghdgmuleoelvxabfmqiotta/Build/Products/Debug/Telegram.app/Contents/Resources/emoji_category_search_to_arrow.tgs /Users/buddhirajgautam/Documents/Cherrygram-Mac/macOS-Swift/Telegram-Mac/tgs/emojies/categories/emoji_category_search_to_arrow.tgs (in target 'Telegram' from project 'Telegram')
    cd /Users/buddhirajgautam/Documents/Cherrygram-Mac/macOS-Swift
    builtin-copy -exclude .DS_Store -exclude CVS -exclude .svn -exclude .git -exclude .hg -resolve-src-symlinks /Users/buddhirajgautam/Documents/Cherrygram-Mac/macOS-Swift/Telegram-Mac/tgs/emojies/categories/emoji_category_search_to_arrow.tgs /Users/buddhirajgautam/Library/Developer/Xcode/DerivedData/Telegram-Mac-fygdgghdgmuleoelvxabfmqiotta/Build/Products/Debug/Telegram.app/Contents/Resources

CpResource /Users/buddhirajgautam/Library/Developer/Xcode/DerivedData/Telegram-Mac-fygdgghdgmuleoelvxabfmqiotta/Build/Products/Debug/Telegram.app/Contents/Resources/emoji_category_sad.tgs /Users/buddhirajgautam/Documents/Cherrygram-Mac/macOS-Swift/Telegram-Mac/tgs/emojies/categories/emoji_category_sad.tgs (in target 'Telegram' from project 'Telegram')
    cd /Users/buddhirajgautam/Documents/Cherrygram-Mac/macOS-Swift
    builtin-copy -exclude .DS_Store -exclude CVS -exclude .svn -exclude .git -exclude .hg -resolve-src-symlinks /Users/buddhirajgautam/Documents/Cherrygram-Mac/macOS-Swift/Telegram-Mac/tgs/emojies/categories/emoji_category_sad.tgs /Users/buddhirajgautam/Library/Developer/Xcode/DerivedData/Telegram-Mac-fygdgghdgmuleoelvxabfmqiotta/Build/Products/Debug/Telegram.app/Contents/Resources

CpResource /Users/buddhirajgautam/Library/Developer/Xcode/DerivedData/Telegram-Mac-fygdgghdgmuleoelvxabfmqiotta/Build/Products/Debug/Telegram.app/Contents/Resources/emoji_category_recent.tgs /Users/buddhirajgautam/Documents/Cherrygram-Mac/macOS-Swift/Telegram-Mac/tgs/emojies/categories/emoji_category_recent.tgs (in target 'Telegram' from project 'Telegram')
    cd /Users/buddhirajgautam/Documents/Cherrygram-Mac/macOS-Swift
    builtin-copy -exclude .DS_Store -exclude CVS -exclude .svn -exclude .git -exclude .hg -resolve-src-symlinks /Users/buddhirajgautam/Documents/Cherrygram-Mac/macOS-Swift/Telegram-Mac/tgs/emojies/categories/emoji_category_recent.tgs /Users/buddhirajgautam/Library/Developer/Xcode/DerivedData/Telegram-Mac-fygdgghdgmuleoelvxabfmqiotta/Build/Products/Debug/Telegram.app/Contents/Resources

CpResource /Users/buddhirajgautam/Library/Developer/Xcode/DerivedData/Telegram-Mac-fygdgghdgmuleoelvxabfmqiotta/Build/Products/Debug/Telegram.app/Contents/Resources/emoji_category_party.tgs /Users/buddhirajgautam/Documents/Cherrygram-Mac/macOS-Swift/Telegram-Mac/tgs/emojies/categories/emoji_category_party.tgs (in target 'Telegram' from project 'Telegram')
    cd /Users/buddhirajgautam/Documents/Cherrygram-Mac/macOS-Swift
    builtin-copy -exclude .DS_Store -exclude CVS -exclude .svn -exclude .git -exclude .hg -resolve-src-symlinks /Users/buddhirajgautam/Documents/Cherrygram-Mac/macOS-Swift/Telegram-Mac/tgs/emojies/categories/emoji_category_party.tgs /Users/buddhirajgautam/Library/Developer/Xcode/DerivedData/Telegram-Mac-fygdgghdgmuleoelvxabfmqiotta/Build/Products/Debug/Telegram.app/Contents/Resources

CpResource /Users/buddhirajgautam/Library/Developer/Xcode/DerivedData/Telegram-Mac-fygdgghdgmuleoelvxabfmqiotta/Build/Products/Debug/Telegram.app/Contents/Resources/emoji_category_omg.tgs /Users/buddhirajgautam/Documents/Cherrygram-Mac/macOS-Swift/Telegram-Mac/tgs/emojies/categories/emoji_category_omg.tgs (in target 'Telegram' from project 'Telegram')
    cd /Users/buddhirajgautam/Documents/Cherrygram-Mac/macOS-Swift
    builtin-copy -exclude .DS_Store -exclude CVS -exclude .svn -exclude .git -exclude .hg -resolve-src-symlinks /Users/buddhirajgautam/Documents/Cherrygram-Mac/macOS-Swift/Telegram-Mac/tgs/emojies/categories/emoji_category_omg.tgs /Users/buddhirajgautam/Library/Developer/Xcode/DerivedData/Telegram-Mac-fygdgghdgmuleoelvxabfmqiotta/Build/Products/Debug/Telegram.app/Contents/Resources

CpResource /Users/buddhirajgautam/Library/Developer/Xcode/DerivedData/Telegram-Mac-fygdgghdgmuleoelvxabfmqiotta/Build/Products/Debug/Telegram.app/Contents/Resources/emoji_category_neutral.tgs /Users/buddhirajgautam/Documents/Cherrygram-Mac/macOS-Swift/Telegram-Mac/tgs/emojies/categories/emoji_category_neutral.tgs (in target 'Telegram' from project 'Telegram')
    cd /Users/buddhirajgautam/Documents/Cherrygram-Mac/macOS-Swift
    builtin-copy -exclude .DS_Store -exclude CVS -exclude .svn -exclude .git -exclude .hg -resolve-src-symlinks /Users/buddhirajgautam/Documents/Cherrygram-Mac/macOS-Swift/Telegram-Mac/tgs/emojies/categories/emoji_category_neutral.tgs /Users/buddhirajgautam/Library/Developer/Xcode/DerivedData/Telegram-Mac-fygdgghdgmuleoelvxabfmqiotta/Build/Products/Debug/Telegram.app/Contents/Resources

CpResource /Users/buddhirajgautam/Library/Developer/Xcode/DerivedData/Telegram-Mac-fygdgghdgmuleoelvxabfmqiotta/Build/Products/Debug/Telegram.app/Contents/Resources/emoji_category_like.tgs /Users/buddhirajgautam/Documents/Cherrygram-Mac/macOS-Swift/Telegram-Mac/tgs/emojies/categories/emoji_category_like.tgs (in target 'Telegram' from project 'Telegram')
    cd /Users/buddhirajgautam/Documents/Cherrygram-Mac/macOS-Swift
    builtin-copy -exclude .DS_Store -exclude CVS -exclude .svn -exclude .git -exclude .hg -resolve-src-symlinks /Users/buddhirajgautam/Documents/Cherrygram-Mac/macOS-Swift/Telegram-Mac/tgs/emojies/categories/emoji_category_like.tgs /Users/buddhirajgautam/Library/Developer/Xcode/DerivedData/Telegram-Mac-fygdgghdgmuleoelvxabfmqiotta/Build/Products/Debug/Telegram.app/Contents/Resources

CpResource /Users/buddhirajgautam/Library/Developer/Xcode/DerivedData/Telegram-Mac-fygdgghdgmuleoelvxabfmqiotta/Build/Products/Debug/Telegram.app/Contents/Resources/emoji_category_home.tgs /Users/buddhirajgautam/Documents/Cherrygram-Mac/macOS-Swift/Telegram-Mac/tgs/emojies/categories/emoji_category_home.tgs (in target 'Telegram' from project 'Telegram')
    cd /Users/buddhirajgautam/Documents/Cherrygram-Mac/macOS-Swift
    builtin-copy -exclude .DS_Store -exclude CVS -exclude .svn -exclude .git -exclude .hg -resolve-src-symlinks /Users/buddhirajgautam/Documents/Cherrygram-Mac/macOS-Swift/Telegram-Mac/tgs/emojies/categories/emoji_category_home.tgs /Users/buddhirajgautam/Library/Developer/Xcode/DerivedData/Telegram-Mac-fygdgghdgmuleoelvxabfmqiotta/Build/Products/Debug/Telegram.app/Contents/Resources

CpResource /Users/buddhirajgautam/Library/Developer/Xcode/DerivedData/Telegram-Mac-fygdgghdgmuleoelvxabfmqiotta/Build/Products/Debug/Telegram.app/Contents/Resources/emoji_category_hi.tgs /Users/buddhirajgautam/Documents/Cherrygram-Mac/macOS-Swift/Telegram-Mac/tgs/emojies/categories/emoji_category_hi.tgs (in target 'Telegram' from project 'Telegram')
    cd /Users/buddhirajgautam/Documents/Cherrygram-Mac/macOS-Swift
    builtin-copy -exclude .DS_Store -exclude CVS -exclude .svn -exclude .git -exclude .hg -resolve-src-symlinks /Users/buddhirajgautam/Documents/Cherrygram-Mac/macOS-Swift/Telegram-Mac/tgs/emojies/categories/emoji_category_hi.tgs /Users/buddhirajgautam/Library/Developer/Xcode/DerivedData/Telegram-Mac-fygdgghdgmuleoelvxabfmqiotta/Build/Products/Debug/Telegram.app/Contents/Resources

CpResource /Users/buddhirajgautam/Library/Developer/Xcode/DerivedData/Telegram-Mac-fygdgghdgmuleoelvxabfmqiotta/Build/Products/Debug/Telegram.app/Contents/Resources/emoji_category_heart.tgs /Users/buddhirajgautam/Documents/Cherrygram-Mac/macOS-Swift/Telegram-Mac/tgs/emojies/categories/emoji_category_heart.tgs (in target 'Telegram' from project 'Telegram')
    cd /Users/buddhirajgautam/Documents/Cherrygram-Mac/macOS-Swift
    builtin-copy -exclude .DS_Store -exclude CVS -exclude .svn -exclude .git -exclude .hg -resolve-src-symlinks /Users/buddhirajgautam/Documents/Cherrygram-Mac/macOS-Swift/Telegram-Mac/tgs/emojies/categories/emoji_category_heart.tgs /Users/buddhirajgautam/Library/Developer/Xcode/DerivedData/Telegram-Mac-fygdgghdgmuleoelvxabfmqiotta/Build/Products/Debug/Telegram.app/Contents/Resources

CpResource /Users/buddhirajgautam/Library/Developer/Xcode/DerivedData/Telegram-Mac-fygdgghdgmuleoelvxabfmqiotta/Build/Products/Debug/Telegram.app/Contents/Resources/emoji_category_happy.tgs /Users/buddhirajgautam/Documents/Cherrygram-Mac/macOS-Swift/Telegram-Mac/tgs/emojies/categories/emoji_category_happy.tgs (in target 'Telegram' from project 'Telegram')
    cd /Users/buddhirajgautam/Documents/Cherrygram-Mac/macOS-Swift
    builtin-copy -exclude .DS_Store -exclude CVS -exclude .svn -exclude .git -exclude .hg -resolve-src-symlinks /Users/buddhirajgautam/Documents/Cherrygram-Mac/macOS-Swift/Telegram-Mac/tgs/emojies/categories/emoji_category_happy.tgs /Users/buddhirajgautam/Library/Developer/Xcode/DerivedData/Telegram-Mac-fygdgghdgmuleoelvxabfmqiotta/Build/Products/Debug/Telegram.app/Contents/Resources

CpResource /Users/buddhirajgautam/Library/Developer/Xcode/DerivedData/Telegram-Mac-fygdgghdgmuleoelvxabfmqiotta/Build/Products/Debug/Telegram.app/Contents/Resources/emoji_category_food.tgs /Users/buddhirajgautam/Documents/Cherrygram-Mac/macOS-Swift/Telegram-Mac/tgs/emojies/categories/emoji_category_food.tgs (in target 'Telegram' from project 'Telegram')
    cd /Users/buddhirajgautam/Documents/Cherrygram-Mac/macOS-Swift
    builtin-copy -exclude .DS_Store -exclude CVS -exclude .svn -exclude .git -exclude .hg -resolve-src-symlinks /Users/buddhirajgautam/Documents/Cherrygram-Mac/macOS-Swift/Telegram-Mac/tgs/emojies/categories/emoji_category_food.tgs /Users/buddhirajgautam/Library/Developer/Xcode/DerivedData/Telegram-Mac-fygdgghdgmuleoelvxabfmqiotta/Build/Products/Debug/Telegram.app/Contents/Resources

CpResource /Users/buddhirajgautam/Library/Developer/Xcode/DerivedData/Telegram-Mac-fygdgghdgmuleoelvxabfmqiotta/Build/Products/Debug/Telegram.app/Contents/Resources/emoji_category_dislike.tgs /Users/buddhirajgautam/Documents/Cherrygram-Mac/macOS-Swift/Telegram-Mac/tgs/emojies/categories/emoji_category_dislike.tgs (in target 'Telegram' from project 'Telegram')
    cd /Users/buddhirajgautam/Documents/Cherrygram-Mac/macOS-Swift
    builtin-copy -exclude .DS_Store -exclude CVS -exclude .svn -exclude .git -exclude .hg -resolve-src-symlinks /Users/buddhirajgautam/Documents/Cherrygram-Mac/macOS-Swift/Telegram-Mac/tgs/emojies/categories/emoji_category_dislike.tgs /Users/buddhirajgautam/Library/Developer/Xcode/DerivedData/Telegram-Mac-fygdgghdgmuleoelvxabfmqiotta/Build/Products/Debug/Telegram.app/Contents/Resources

CpResource /Users/buddhirajgautam/Library/Developer/Xcode/DerivedData/Telegram-Mac-fygdgghdgmuleoelvxabfmqiotta/Build/Products/Debug/Telegram.app/Contents/Resources/emoji_category_busy.tgs /Users/buddhirajgautam/Documents/Cherrygram-Mac/macOS-Swift/Telegram-Mac/tgs/emojies/categories/emoji_category_busy.tgs (in target 'Telegram' from project 'Telegram')
    cd /Users/buddhirajgautam/Documents/Cherrygram-Mac/macOS-Swift
    builtin-copy -exclude .DS_Store -exclude CVS -exclude .svn -exclude .git -exclude .hg -resolve-src-symlinks /Users/buddhirajgautam/Documents/Cherrygram-Mac/macOS-Swift/Telegram-Mac/tgs/emojies/categories/emoji_category_busy.tgs /Users/buddhirajgautam/Library/Developer/Xcode/DerivedData/Telegram-Mac-fygdgghdgmuleoelvxabfmqiotta/Build/Products/Debug/Telegram.app/Contents/Resources

CpResource /Users/buddhirajgautam/Library/Developer/Xcode/DerivedData/Telegram-Mac-fygdgghdgmuleoelvxabfmqiotta/Build/Products/Debug/Telegram.app/Contents/Resources/emoji_category_bath.tgs /Users/buddhirajgautam/Documents/Cherrygram-Mac/macOS-Swift/Telegram-Mac/tgs/emojies/categories/emoji_category_bath.tgs (in target 'Telegram' from project 'Telegram')
    cd /Users/buddhirajgautam/Documents/Cherrygram-Mac/macOS-Swift
    builtin-copy -exclude .DS_Store -exclude CVS -exclude .svn -exclude .git -exclude .hg -resolve-src-symlinks /Users/buddhirajgautam/Documents/Cherrygram-Mac/macOS-Swift/Telegram-Mac/tgs/emojies/categories/emoji_category_bath.tgs /Users/buddhirajgautam/Library/Developer/Xcode/DerivedData/Telegram-Mac-fygdgghdgmuleoelvxabfmqiotta/Build/Products/Debug/Telegram.app/Contents/Resources

CpResource /Users/buddhirajgautam/Library/Developer/Xcode/DerivedData/Telegram-Mac-fygdgghdgmuleoelvxabfmqiotta/Build/Products/Debug/Telegram.app/Contents/Resources/emoji_category_away.tgs /Users/buddhirajgautam/Documents/Cherrygram-Mac/macOS-Swift/Telegram-Mac/tgs/emojies/categories/emoji_category_away.tgs (in target 'Telegram' from project 'Telegram')
    cd /Users/buddhirajgautam/Documents/Cherrygram-Mac/macOS-Swift
    builtin-copy -exclude .DS_Store -exclude CVS -exclude .svn -exclude .git -exclude .hg -resolve-src-symlinks /Users/buddhirajgautam/Documents/Cherrygram-Mac/macOS-Swift/Telegram-Mac/tgs/emojies/categories/emoji_category_away.tgs /Users/buddhirajgautam/Library/Developer/Xcode/DerivedData/Telegram-Mac-fygdgghdgmuleoelvxabfmqiotta/Build/Products/Debug/Telegram.app/Contents/Resources

CpResource /Users/buddhirajgautam/Library/Developer/Xcode/DerivedData/Telegram-Mac-fygdgghdgmuleoelvxabfmqiotta/Build/Products/Debug/Telegram.app/Contents/Resources/emoji_category_arrow_to_search.tgs /Users/buddhirajgautam/Documents/Cherrygram-Mac/macOS-Swift/Telegram-Mac/tgs/emojies/categories/emoji_category_arrow_to_search.tgs (in target 'Telegram' from project 'Telegram')
    cd /Users/buddhirajgautam/Documents/Cherrygram-Mac/macOS-Swift
    builtin-copy -exclude .DS_Store -exclude CVS -exclude .svn -exclude .git -exclude .hg -resolve-src-symlinks /Users/buddhirajgautam/Documents/Cherrygram-Mac/macOS-Swift/Telegram-Mac/tgs/emojies/categories/emoji_category_arrow_to_search.tgs /Users/buddhirajgautam/Library/Developer/Xcode/DerivedData/Telegram-Mac-fygdgghdgmuleoelvxabfmqiotta/Build/Products/Debug/Telegram.app/Contents/Resources

CpResource /Users/buddhirajgautam/Library/Developer/Xcode/DerivedData/Telegram-Mac-fygdgghdgmuleoelvxabfmqiotta/Build/Products/Debug/Telegram.app/Contents/Resources/emoji_category_angry.tgs /Users/buddhirajgautam/Documents/Cherrygram-Mac/macOS-Swift/Telegram-Mac/tgs/emojies/categories/emoji_category_angry.tgs (in target 'Telegram' from project 'Telegram')
    cd /Users/buddhirajgautam/Documents/Cherrygram-Mac/macOS-Swift
    builtin-copy -exclude .DS_Store -exclude CVS -exclude .svn -exclude .git -exclude .hg -resolve-src-symlinks /Users/buddhirajgautam/Documents/Cherrygram-Mac/macOS-Swift/Telegram-Mac/tgs/emojies/categories/emoji_category_angry.tgs /Users/buddhirajgautam/Library/Developer/Xcode/DerivedData/Telegram-Mac-fygdgghdgmuleoelvxabfmqiotta/Build/Products/Debug/Telegram.app/Contents/Resources

CpResource /Users/buddhirajgautam/Library/Developer/Xcode/DerivedData/Telegram-Mac-fygdgghdgmuleoelvxabfmqiotta/Build/Products/Debug/Telegram.app/Contents/Resources/emoji_category_activities.tgs /Users/buddhirajgautam/Documents/Cherrygram-Mac/macOS-Swift/Telegram-Mac/tgs/emojies/categories/emoji_category_activities.tgs (in target 'Telegram' from project 'Telegram')
    cd /Users/buddhirajgautam/Documents/Cherrygram-Mac/macOS-Swift
    builtin-copy -exclude .DS_Store -exclude CVS -exclude .svn -exclude .git -exclude .hg -resolve-src-symlinks /Users/buddhirajgautam/Documents/Cherrygram-Mac/macOS-Swift/Telegram-Mac/tgs/emojies/categories/emoji_category_activities.tgs /Users/buddhirajgautam/Library/Developer/Xcode/DerivedData/Telegram-Mac-fygdgghdgmuleoelvxabfmqiotta/Build/Products/Debug/Telegram.app/Contents/Resources

CpResource /Users/buddhirajgautam/Library/Developer/Xcode/DerivedData/Telegram-Mac-fygdgghdgmuleoelvxabfmqiotta/Build/Products/Debug/Telegram.app/Contents/Resources/emoji144.txt /Users/buddhirajgautam/Documents/Cherrygram-Mac/macOS-Swift/Telegram-Mac/emoji/emoji144.txt (in target 'Telegram' from project 'Telegram')
    cd /Users/buddhirajgautam/Documents/Cherrygram-Mac/macOS-Swift
    builtin-copy -exclude .DS_Store -exclude CVS -exclude .svn -exclude .git -exclude .hg -resolve-src-symlinks /Users/buddhirajgautam/Documents/Cherrygram-Mac/macOS-Swift/Telegram-Mac/emoji/emoji144.txt /Users/buddhirajgautam/Library/Developer/Xcode/DerivedData/Telegram-Mac-fygdgghdgmuleoelvxabfmqiotta/Build/Products/Debug/Telegram.app/Contents/Resources

CpResource /Users/buddhirajgautam/Library/Developer/Xcode/DerivedData/Telegram-Mac-fygdgghdgmuleoelvxabfmqiotta/Build/Products/Debug/Telegram.app/Contents/Resources/emoji1016.txt /Users/buddhirajgautam/Documents/Cherrygram-Mac/macOS-Swift/Telegram-Mac/emoji/emoji1016.txt (in target 'Telegram' from project 'Telegram')
    cd /Users/buddhirajgautam/Documents/Cherrygram-Mac/macOS-Swift
    builtin-copy -exclude .DS_Store -exclude CVS -exclude .svn -exclude .git -exclude .hg -resolve-src-symlinks /Users/buddhirajgautam/Documents/Cherrygram-Mac/macOS-Swift/Telegram-Mac/emoji/emoji1016.txt /Users/buddhirajgautam/Library/Developer/Xcode/DerivedData/Telegram-Mac-fygdgghdgmuleoelvxabfmqiotta/Build/Products/Debug/Telegram.app/Contents/Resources

CpResource /Users/buddhirajgautam/Library/Developer/Xcode/DerivedData/Telegram-Mac-fygdgghdgmuleoelvxabfmqiotta/Build/Products/Debug/Telegram.app/Contents/Resources/emoji14.txt /Users/buddhirajgautam/Documents/Cherrygram-Mac/macOS-Swift/Telegram-Mac/emoji/emoji14.txt (in target 'Telegram' from project 'Telegram')
    cd /Users/buddhirajgautam/Documents/Cherrygram-Mac/macOS-Swift
    builtin-copy -exclude .DS_Store -exclude CVS -exclude .svn -exclude .git -exclude .hg -resolve-src-symlinks /Users/buddhirajgautam/Documents/Cherrygram-Mac/macOS-Swift/Telegram-Mac/emoji/emoji14.txt /Users/buddhirajgautam/Library/Developer/Xcode/DerivedData/Telegram-Mac-fygdgghdgmuleoelvxabfmqiotta/Build/Products/Debug/Telegram.app/Contents/Resources

CpResource /Users/buddhirajgautam/Library/Developer/Xcode/DerivedData/Telegram-Mac-fygdgghdgmuleoelvxabfmqiotta/Build/Products/Debug/Telegram.app/Contents/Resources/emoji1014.txt /Users/buddhirajgautam/Documents/Cherrygram-Mac/macOS-Swift/Telegram-Mac/emoji/emoji1014.txt (in target 'Telegram' from project 'Telegram')
    cd /Users/buddhirajgautam/Documents/Cherrygram-Mac/macOS-Swift
    builtin-copy -exclude .DS_Store -exclude CVS -exclude .svn -exclude .git -exclude .hg -resolve-src-symlinks /Users/buddhirajgautam/Documents/Cherrygram-Mac/macOS-Swift/Telegram-Mac/emoji/emoji1014.txt /Users/buddhirajgautam/Library/Developer/Xcode/DerivedData/Telegram-Mac-fygdgghdgmuleoelvxabfmqiotta/Build/Products/Debug/Telegram.app/Contents/Resources

CpResource /Users/buddhirajgautam/Library/Developer/Xcode/DerivedData/Telegram-Mac-fygdgghdgmuleoelvxabfmqiotta/Build/Products/Debug/Telegram.app/Contents/Resources/email_recovery.tgs /Users/buddhirajgautam/Documents/Cherrygram-Mac/macOS-Swift/Telegram-Mac/tgs/email_recovery.tgs (in target 'Telegram' from project 'Telegram')
    cd /Users/buddhirajgautam/Documents/Cherrygram-Mac/macOS-Swift
    builtin-copy -exclude .DS_Store -exclude CVS -exclude .svn -exclude .git -exclude .hg -resolve-src-symlinks /Users/buddhirajgautam/Documents/Cherrygram-Mac/macOS-Swift/Telegram-Mac/tgs/email_recovery.tgs /Users/buddhirajgautam/Library/Developer/Xcode/DerivedData/Telegram-Mac-fygdgghdgmuleoelvxabfmqiotta/Build/Products/Debug/Telegram.app/Contents/Resources

CpResource /Users/buddhirajgautam/Library/Developer/Xcode/DerivedData/Telegram-Mac-fygdgghdgmuleoelvxabfmqiotta/Build/Products/Debug/Telegram.app/Contents/Resources/emoji.txt /Users/buddhirajgautam/Documents/Cherrygram-Mac/macOS-Swift/Telegram-Mac/emoji/emoji.txt (in target 'Telegram' from project 'Telegram')
    cd /Users/buddhirajgautam/Documents/Cherrygram-Mac/macOS-Swift
    builtin-copy -exclude .DS_Store -exclude CVS -exclude .svn -exclude .git -exclude .hg -resolve-src-symlinks /Users/buddhirajgautam/Documents/Cherrygram-Mac/macOS-Swift/Telegram-Mac/emoji/emoji.txt /Users/buddhirajgautam/Library/Developer/Xcode/DerivedData/Telegram-Mac-fygdgghdgmuleoelvxabfmqiotta/Build/Products/Debug/Telegram.app/Contents/Resources

CpResource /Users/buddhirajgautam/Library/Developer/Xcode/DerivedData/Telegram-Mac-fygdgghdgmuleoelvxabfmqiotta/Build/Products/Debug/Telegram.app/Contents/Resources/durgerking.placeholder /Users/buddhirajgautam/Documents/Cherrygram-Mac/macOS-Swift/Telegram-Mac/durgerking.placeholder (in target 'Telegram' from project 'Telegram')
    cd /Users/buddhirajgautam/Documents/Cherrygram-Mac/macOS-Swift
    builtin-copy -exclude .DS_Store -exclude CVS -exclude .svn -exclude .git -exclude .hg -resolve-src-symlinks /Users/buddhirajgautam/Documents/Cherrygram-Mac/macOS-Swift/Telegram-Mac/durgerking.placeholder /Users/buddhirajgautam/Library/Developer/Xcode/DerivedData/Telegram-Mac-fygdgghdgmuleoelvxabfmqiotta/Build/Products/Debug/Telegram.app/Contents/Resources

CpResource /Users/buddhirajgautam/Library/Developer/Xcode/DerivedData/Telegram-Mac-fygdgghdgmuleoelvxabfmqiotta/Build/Products/Debug/Telegram.app/Contents/Resources/duck_webapp_error.tgs /Users/buddhirajgautam/Documents/Cherrygram-Mac/macOS-Swift/Telegram-Mac/tgs/duck_webapp_error.tgs (in target 'Telegram' from project 'Telegram')
    cd /Users/buddhirajgautam/Documents/Cherrygram-Mac/macOS-Swift
    builtin-copy -exclude .DS_Store -exclude CVS -exclude .svn -exclude .git -exclude .hg -resolve-src-symlinks /Users/buddhirajgautam/Documents/Cherrygram-Mac/macOS-Swift/Telegram-Mac/tgs/duck_webapp_error.tgs /Users/buddhirajgautam/Library/Developer/Xcode/DerivedData/Telegram-Mac-fygdgghdgmuleoelvxabfmqiotta/Build/Products/Debug/Telegram.app/Contents/Resources

CpResource /Users/buddhirajgautam/Library/Developer/Xcode/DerivedData/Telegram-Mac-fygdgghdgmuleoelvxabfmqiotta/Build/Products/Debug/Telegram.app/Contents/Resources/duck_uploads.tgs /Users/buddhirajgautam/Documents/Cherrygram-Mac/macOS-Swift/Telegram-Mac/tgs/duck_uploads.tgs (in target 'Telegram' from project 'Telegram')
    cd /Users/buddhirajgautam/Documents/Cherrygram-Mac/macOS-Swift
    builtin-copy -exclude .DS_Store -exclude CVS -exclude .svn -exclude .git -exclude .hg -resolve-src-symlinks /Users/buddhirajgautam/Documents/Cherrygram-Mac/macOS-Swift/Telegram-Mac/tgs/duck_uploads.tgs /Users/buddhirajgautam/Library/Developer/Xcode/DerivedData/Telegram-Mac-fygdgghdgmuleoelvxabfmqiotta/Build/Products/Debug/Telegram.app/Contents/Resources

CpResource /Users/buddhirajgautam/Library/Developer/Xcode/DerivedData/Telegram-Mac-fygdgghdgmuleoelvxabfmqiotta/Build/Products/Debug/Telegram.app/Contents/Resources/duck_upload_complete.tgs /Users/buddhirajgautam/Documents/Cherrygram-Mac/macOS-Swift/Telegram-Mac/tgs/duck_upload_complete.tgs (in target 'Telegram' from project 'Telegram')
    cd /Users/buddhirajgautam/Documents/Cherrygram-Mac/macOS-Swift
    builtin-copy -exclude .DS_Store -exclude CVS -exclude .svn -exclude .git -exclude .hg -resolve-src-symlinks /Users/buddhirajgautam/Documents/Cherrygram-Mac/macOS-Swift/Telegram-Mac/tgs/duck_upload_complete.tgs /Users/buddhirajgautam/Library/Developer/Xcode/DerivedData/Telegram-Mac-fygdgghdgmuleoelvxabfmqiotta/Build/Products/Debug/Telegram.app/Contents/Resources

CpResource /Users/buddhirajgautam/Library/Developer/Xcode/DerivedData/Telegram-Mac-fygdgghdgmuleoelvxabfmqiotta/Build/Products/Debug/Telegram.app/Contents/Resources/duck_passcode.tgs /Users/buddhirajgautam/Documents/Cherrygram-Mac/macOS-Swift/Telegram-Mac/tgs/duck_passcode.tgs (in target 'Telegram' from project 'Telegram')
    cd /Users/buddhirajgautam/Documents/Cherrygram-Mac/macOS-Swift
    builtin-copy -exclude .DS_Store -exclude CVS -exclude .svn -exclude .git -exclude .hg -resolve-src-symlinks /Users/buddhirajgautam/Documents/Cherrygram-Mac/macOS-Swift/Telegram-Mac/tgs/duck_passcode.tgs /Users/buddhirajgautam/Library/Developer/Xcode/DerivedData/Telegram-Mac-fygdgghdgmuleoelvxabfmqiotta/Build/Products/Debug/Telegram.app/Contents/Resources

CpResource /Users/buddhirajgautam/Library/Developer/Xcode/DerivedData/Telegram-Mac-fygdgghdgmuleoelvxabfmqiotta/Build/Products/Debug/Telegram.app/Contents/Resources/duck_empty.tgs /Users/buddhirajgautam/Documents/Cherrygram-Mac/macOS-Swift/Telegram-Mac/tgs/duck_empty.tgs (in target 'Telegram' from project 'Telegram')
    cd /Users/buddhirajgautam/Documents/Cherrygram-Mac/macOS-Swift
    builtin-copy -exclude .DS_Store -exclude CVS -exclude .svn -exclude .git -exclude .hg -resolve-src-symlinks /Users/buddhirajgautam/Documents/Cherrygram-Mac/macOS-Swift/Telegram-Mac/tgs/duck_empty.tgs /Users/buddhirajgautam/Library/Developer/Xcode/DerivedData/Telegram-Mac-fygdgghdgmuleoelvxabfmqiotta/Build/Products/Debug/Telegram.app/Contents/Resources

CpResource /Users/buddhirajgautam/Library/Developer/Xcode/DerivedData/Telegram-Mac-fygdgghdgmuleoelvxabfmqiotta/Build/Products/Debug/Telegram.app/Contents/Resources/dsa_pub_prod.pem /Users/buddhirajgautam/Documents/Cherrygram-Mac/macOS-Swift/Telegram-Mac/dsa_pub_prod.pem (in target 'Telegram' from project 'Telegram')
    cd /Users/buddhirajgautam/Documents/Cherrygram-Mac/macOS-Swift
    builtin-copy -exclude .DS_Store -exclude CVS -exclude .svn -exclude .git -exclude .hg -resolve-src-symlinks /Users/buddhirajgautam/Documents/Cherrygram-Mac/macOS-Swift/Telegram-Mac/dsa_pub_prod.pem /Users/buddhirajgautam/Library/Developer/Xcode/DerivedData/Telegram-Mac-fygdgghdgmuleoelvxabfmqiotta/Build/Products/Debug/Telegram.app/Contents/Resources

CpResource /Users/buddhirajgautam/Library/Developer/Xcode/DerivedData/Telegram-Mac-fygdgghdgmuleoelvxabfmqiotta/Build/Products/Debug/Telegram.app/Contents/Resources/dsa_pub.pem /Users/buddhirajgautam/Documents/Cherrygram-Mac/macOS-Swift/Telegram-Mac/dsa_pub.pem (in target 'Telegram' from project 'Telegram')
    cd /Users/buddhirajgautam/Documents/Cherrygram-Mac/macOS-Swift
    builtin-copy -exclude .DS_Store -exclude CVS -exclude .svn -exclude .git -exclude .hg -resolve-src-symlinks /Users/buddhirajgautam/Documents/Cherrygram-Mac/macOS-Swift/Telegram-Mac/dsa_pub.pem /Users/buddhirajgautam/Library/Developer/Xcode/DerivedData/Telegram-Mac-fygdgghdgmuleoelvxabfmqiotta/Build/Products/Debug/Telegram.app/Contents/Resources

CpResource /Users/buddhirajgautam/Library/Developer/Xcode/DerivedData/Telegram-Mac-fygdgghdgmuleoelvxabfmqiotta/Build/Products/Debug/Telegram.app/Contents/Resources/discussion.tgs /Users/buddhirajgautam/Documents/Cherrygram-Mac/macOS-Swift/Telegram-Mac/tgs/discussion.tgs (in target 'Telegram' from project 'Telegram')
    cd /Users/buddhirajgautam/Documents/Cherrygram-Mac/macOS-Swift
    builtin-copy -exclude .DS_Store -exclude CVS -exclude .svn -exclude .git -exclude .hg -resolve-src-symlinks /Users/buddhirajgautam/Documents/Cherrygram-Mac/macOS-Swift/Telegram-Mac/tgs/discussion.tgs /Users/buddhirajgautam/Library/Developer/Xcode/DerivedData/Telegram-Mac-fygdgghdgmuleoelvxabfmqiotta/Build/Products/Debug/Telegram.app/Contents/Resources

CpResource /Users/buddhirajgautam/Library/Developer/Xcode/DerivedData/Telegram-Mac-fygdgghdgmuleoelvxabfmqiotta/Build/Products/Debug/Telegram.app/Contents/Resources/direct_messages.tgs /Users/buddhirajgautam/Documents/Cherrygram-Mac/macOS-Swift/Telegram-Mac/tgs/direct_messages.tgs (in target 'Telegram' from project 'Telegram')
    cd /Users/buddhirajgautam/Documents/Cherrygram-Mac/macOS-Swift
    builtin-copy -exclude .DS_Store -exclude CVS -exclude .svn -exclude .git -exclude .hg -resolve-src-symlinks /Users/buddhirajgautam/Documents/Cherrygram-Mac/macOS-Swift/Telegram-Mac/tgs/direct_messages.tgs /Users/buddhirajgautam/Library/Developer/Xcode/DerivedData/Telegram-Mac-fygdgghdgmuleoelvxabfmqiotta/Build/Products/Debug/Telegram.app/Contents/Resources

CpResource /Users/buddhirajgautam/Library/Developer/Xcode/DerivedData/Telegram-Mac-fygdgghdgmuleoelvxabfmqiotta/Build/Products/Debug/Telegram.app/Contents/Resources/dice_idle.tgs /Users/buddhirajgautam/Documents/Cherrygram-Mac/macOS-Swift/Telegram-Mac/tgs/dice_idle.tgs (in target 'Telegram' from project 'Telegram')
    cd /Users/buddhirajgautam/Documents/Cherrygram-Mac/macOS-Swift
    builtin-copy -exclude .DS_Store -exclude CVS -exclude .svn -exclude .git -exclude .hg -resolve-src-symlinks /Users/buddhirajgautam/Documents/Cherrygram-Mac/macOS-Swift/Telegram-Mac/tgs/dice_idle.tgs /Users/buddhirajgautam/Library/Developer/Xcode/DerivedData/Telegram-Mac-fygdgghdgmuleoelvxabfmqiotta/Build/Products/Debug/Telegram.app/Contents/Resources

CpResource /Users/buddhirajgautam/Library/Developer/Xcode/DerivedData/Telegram-Mac-fygdgghdgmuleoelvxabfmqiotta/Build/Products/Debug/Telegram.app/Contents/Resources/diamond.tgs /Users/buddhirajgautam/Documents/Cherrygram-Mac/macOS-Swift/Telegram-Mac/tgs/diamond.tgs (in target 'Telegram' from project 'Telegram')
    cd /Users/buddhirajgautam/Documents/Cherrygram-Mac/macOS-Swift
    builtin-copy -exclude .DS_Store -exclude CVS -exclude .svn -exclude .git -exclude .hg -resolve-src-symlinks /Users/buddhirajgautam/Documents/Cherrygram-Mac/macOS-Swift/Telegram-Mac/tgs/diamond.tgs /Users/buddhirajgautam/Library/Developer/Xcode/DerivedData/Telegram-Mac-fygdgghdgmuleoelvxabfmqiotta/Build/Products/Debug/Telegram.app/Contents/Resources

CpResource /Users/buddhirajgautam/Library/Developer/Xcode/DerivedData/Telegram-Mac-fygdgghdgmuleoelvxabfmqiotta/Build/Products/Debug/Telegram.app/Contents/Resources/device_windows.tgs /Users/buddhirajgautam/Documents/Cherrygram-Mac/macOS-Swift/Telegram-Mac/tgs/device_windows.tgs (in target 'Telegram' from project 'Telegram')
    cd /Users/buddhirajgautam/Documents/Cherrygram-Mac/macOS-Swift
    builtin-copy -exclude .DS_Store -exclude CVS -exclude .svn -exclude .git -exclude .hg -resolve-src-symlinks /Users/buddhirajgautam/Documents/Cherrygram-Mac/macOS-Swift/Telegram-Mac/tgs/device_windows.tgs /Users/buddhirajgautam/Library/Developer/Xcode/DerivedData/Telegram-Mac-fygdgghdgmuleoelvxabfmqiotta/Build/Products/Debug/Telegram.app/Contents/Resources

CpResource /Users/buddhirajgautam/Library/Developer/Xcode/DerivedData/Telegram-Mac-fygdgghdgmuleoelvxabfmqiotta/Build/Products/Debug/Telegram.app/Contents/Resources/device_ubuntu.tgs /Users/buddhirajgautam/Documents/Cherrygram-Mac/macOS-Swift/Telegram-Mac/tgs/device_ubuntu.tgs (in target 'Telegram' from project 'Telegram')
    cd /Users/buddhirajgautam/Documents/Cherrygram-Mac/macOS-Swift
    builtin-copy -exclude .DS_Store -exclude CVS -exclude .svn -exclude .git -exclude .hg -resolve-src-symlinks /Users/buddhirajgautam/Documents/Cherrygram-Mac/macOS-Swift/Telegram-Mac/tgs/device_ubuntu.tgs /Users/buddhirajgautam/Library/Developer/Xcode/DerivedData/Telegram-Mac-fygdgghdgmuleoelvxabfmqiotta/Build/Products/Debug/Telegram.app/Contents/Resources

CpResource /Users/buddhirajgautam/Library/Developer/Xcode/DerivedData/Telegram-Mac-fygdgghdgmuleoelvxabfmqiotta/Build/Products/Debug/Telegram.app/Contents/Resources/device_safari.tgs /Users/buddhirajgautam/Documents/Cherrygram-Mac/macOS-Swift/Telegram-Mac/tgs/device_safari.tgs (in target 'Telegram' from project 'Telegram')
    cd /Users/buddhirajgautam/Documents/Cherrygram-Mac/macOS-Swift
    builtin-copy -exclude .DS_Store -exclude CVS -exclude .svn -exclude .git -exclude .hg -resolve-src-symlinks /Users/buddhirajgautam/Documents/Cherrygram-Mac/macOS-Swift/Telegram-Mac/tgs/device_safari.tgs /Users/buddhirajgautam/Library/Developer/Xcode/DerivedData/Telegram-Mac-fygdgghdgmuleoelvxabfmqiotta/Build/Products/Debug/Telegram.app/Contents/Resources

CpResource /Users/buddhirajgautam/Library/Developer/Xcode/DerivedData/Telegram-Mac-fygdgghdgmuleoelvxabfmqiotta/Build/Products/Debug/Telegram.app/Contents/Resources/device_mac.tgs /Users/buddhirajgautam/Documents/Cherrygram-Mac/macOS-Swift/Telegram-Mac/tgs/device_mac.tgs (in target 'Telegram' from project 'Telegram')
    cd /Users/buddhirajgautam/Documents/Cherrygram-Mac/macOS-Swift
    builtin-copy -exclude .DS_Store -exclude CVS -exclude .svn -exclude .git -exclude .hg -resolve-src-symlinks /Users/buddhirajgautam/Documents/Cherrygram-Mac/macOS-Swift/Telegram-Mac/tgs/device_mac.tgs /Users/buddhirajgautam/Library/Developer/Xcode/DerivedData/Telegram-Mac-fygdgghdgmuleoelvxabfmqiotta/Build/Products/Debug/Telegram.app/Contents/Resources

CpResource /Users/buddhirajgautam/Library/Developer/Xcode/DerivedData/Telegram-Mac-fygdgghdgmuleoelvxabfmqiotta/Build/Products/Debug/Telegram.app/Contents/Resources/device_linux.tgs /Users/buddhirajgautam/Documents/Cherrygram-Mac/macOS-Swift/Telegram-Mac/tgs/device_linux.tgs (in target 'Telegram' from project 'Telegram')
    cd /Users/buddhirajgautam/Documents/Cherrygram-Mac/macOS-Swift
    builtin-copy -exclude .DS_Store -exclude CVS -exclude .svn -exclude .git -exclude .hg -resolve-src-symlinks /Users/buddhirajgautam/Documents/Cherrygram-Mac/macOS-Swift/Telegram-Mac/tgs/device_linux.tgs /Users/buddhirajgautam/Library/Developer/Xcode/DerivedData/Telegram-Mac-fygdgghdgmuleoelvxabfmqiotta/Build/Products/Debug/Telegram.app/Contents/Resources

CpResource /Users/buddhirajgautam/Library/Developer/Xcode/DerivedData/Telegram-Mac-fygdgghdgmuleoelvxabfmqiotta/Build/Products/Debug/Telegram.app/Contents/Resources/device_iphone.tgs /Users/buddhirajgautam/Documents/Cherrygram-Mac/macOS-Swift/Telegram-Mac/tgs/device_iphone.tgs (in target 'Telegram' from project 'Telegram')
    cd /Users/buddhirajgautam/Documents/Cherrygram-Mac/macOS-Swift
    builtin-copy -exclude .DS_Store -exclude CVS -exclude .svn -exclude .git -exclude .hg -resolve-src-symlinks /Users/buddhirajgautam/Documents/Cherrygram-Mac/macOS-Swift/Telegram-Mac/tgs/device_iphone.tgs /Users/buddhirajgautam/Library/Developer/Xcode/DerivedData/Telegram-Mac-fygdgghdgmuleoelvxabfmqiotta/Build/Products/Debug/Telegram.app/Contents/Resources

CpResource /Users/buddhirajgautam/Library/Developer/Xcode/DerivedData/Telegram-Mac-fygdgghdgmuleoelvxabfmqiotta/Build/Products/Debug/Telegram.app/Contents/Resources/device_ipad.tgs /Users/buddhirajgautam/Documents/Cherrygram-Mac/macOS-Swift/Telegram-Mac/tgs/device_ipad.tgs (in target 'Telegram' from project 'Telegram')
    cd /Users/buddhirajgautam/Documents/Cherrygram-Mac/macOS-Swift
    builtin-copy -exclude .DS_Store -exclude CVS -exclude .svn -exclude .git -exclude .hg -resolve-src-symlinks /Users/buddhirajgautam/Documents/Cherrygram-Mac/macOS-Swift/Telegram-Mac/tgs/device_ipad.tgs /Users/buddhirajgautam/Library/Developer/Xcode/DerivedData/Telegram-Mac-fygdgghdgmuleoelvxabfmqiotta/Build/Products/Debug/Telegram.app/Contents/Resources

CpResource /Users/buddhirajgautam/Library/Developer/Xcode/DerivedData/Telegram-Mac-fygdgghdgmuleoelvxabfmqiotta/Build/Products/Debug/Telegram.app/Contents/Resources/device_firefox.tgs /Users/buddhirajgautam/Documents/Cherrygram-Mac/macOS-Swift/Telegram-Mac/tgs/device_firefox.tgs (in target 'Telegram' from project 'Telegram')
    cd /Users/buddhirajgautam/Documents/Cherrygram-Mac/macOS-Swift
    builtin-copy -exclude .DS_Store -exclude CVS -exclude .svn -exclude .git -exclude .hg -resolve-src-symlinks /Users/buddhirajgautam/Documents/Cherrygram-Mac/macOS-Swift/Telegram-Mac/tgs/device_firefox.tgs /Users/buddhirajgautam/Library/Developer/Xcode/DerivedData/Telegram-Mac-fygdgghdgmuleoelvxabfmqiotta/Build/Products/Debug/Telegram.app/Contents/Resources

CpResource /Users/buddhirajgautam/Library/Developer/Xcode/DerivedData/Telegram-Mac-fygdgghdgmuleoelvxabfmqiotta/Build/Products/Debug/Telegram.app/Contents/Resources/device_edge.tgs /Users/buddhirajgautam/Documents/Cherrygram-Mac/macOS-Swift/Telegram-Mac/tgs/device_edge.tgs (in target 'Telegram' from project 'Telegram')
    cd /Users/buddhirajgautam/Documents/Cherrygram-Mac/macOS-Swift
    builtin-copy -exclude .DS_Store -exclude CVS -exclude .svn -exclude .git -exclude .hg -resolve-src-symlinks /Users/buddhirajgautam/Documents/Cherrygram-Mac/macOS-Swift/Telegram-Mac/tgs/device_edge.tgs /Users/buddhirajgautam/Library/Developer/Xcode/DerivedData/Telegram-Mac-fygdgghdgmuleoelvxabfmqiotta/Build/Products/Debug/Telegram.app/Contents/Resources

CpResource /Users/buddhirajgautam/Library/Developer/Xcode/DerivedData/Telegram-Mac-fygdgghdgmuleoelvxabfmqiotta/Build/Products/Debug/Telegram.app/Contents/Resources/device_chrome.tgs /Users/buddhirajgautam/Documents/Cherrygram-Mac/macOS-Swift/Telegram-Mac/tgs/device_chrome.tgs (in target 'Telegram' from project 'Telegram')
    cd /Users/buddhirajgautam/Documents/Cherrygram-Mac/macOS-Swift
    builtin-copy -exclude .DS_Store -exclude CVS -exclude .svn -exclude .git -exclude .hg -resolve-src-symlinks /Users/buddhirajgautam/Documents/Cherrygram-Mac/macOS-Swift/Telegram-Mac/tgs/device_chrome.tgs /Users/buddhirajgautam/Library/Developer/Xcode/DerivedData/Telegram-Mac-fygdgghdgmuleoelvxabfmqiotta/Build/Products/Debug/Telegram.app/Contents/Resources

CpResource /Users/buddhirajgautam/Library/Developer/Xcode/DerivedData/Telegram-Mac-fygdgghdgmuleoelvxabfmqiotta/Build/Products/Debug/Telegram.app/Contents/Resources/device_android.tgs /Users/buddhirajgautam/Documents/Cherrygram-Mac/macOS-Swift/Telegram-Mac/tgs/device_android.tgs (in target 'Telegram' from project 'Telegram')
    cd /Users/buddhirajgautam/Documents/Cherrygram-Mac/macOS-Swift
    builtin-copy -exclude .DS_Store -exclude CVS -exclude .svn -exclude .git -exclude .hg -resolve-src-symlinks /Users/buddhirajgautam/Documents/Cherrygram-Mac/macOS-Swift/Telegram-Mac/tgs/device_android.tgs /Users/buddhirajgautam/Library/Developer/Xcode/DerivedData/Telegram-Mac-fygdgghdgmuleoelvxabfmqiotta/Build/Products/Debug/Telegram.app/Contents/Resources

CpResource /Users/buddhirajgautam/Library/Developer/Xcode/DerivedData/Telegram-Mac-fygdgghdgmuleoelvxabfmqiotta/Build/Products/Debug/Telegram.app/Contents/Resources/destructor.tgs /Users/buddhirajgautam/Documents/Cherrygram-Mac/macOS-Swift/Telegram-Mac/tgs/destructor.tgs (in target 'Telegram' from project 'Telegram')
    cd /Users/buddhirajgautam/Documents/Cherrygram-Mac/macOS-Swift
    builtin-copy -exclude .DS_Store -exclude CVS -exclude .svn -exclude .git -exclude .hg -resolve-src-symlinks /Users/buddhirajgautam/Documents/Cherrygram-Mac/macOS-Swift/Telegram-Mac/tgs/destructor.tgs /Users/buddhirajgautam/Library/Developer/Xcode/DerivedData/Telegram-Mac-fygdgghdgmuleoelvxabfmqiotta/Build/Products/Debug/Telegram.app/Contents/Resources

CpResource /Users/buddhirajgautam/Library/Developer/Xcode/DerivedData/Telegram-Mac-fygdgghdgmuleoelvxabfmqiotta/Build/Products/Debug/Telegram.app/Contents/Resources/dart_idle.tgs /Users/buddhirajgautam/Documents/Cherrygram-Mac/macOS-Swift/Telegram-Mac/tgs/dart_idle.tgs (in target 'Telegram' from project 'Telegram')
    cd /Users/buddhirajgautam/Documents/Cherrygram-Mac/macOS-Swift
    builtin-copy -exclude .DS_Store -exclude CVS -exclude .svn -exclude .git -exclude .hg -resolve-src-symlinks /Users/buddhirajgautam/Documents/Cherrygram-Mac/macOS-Swift/Telegram-Mac/tgs/dart_idle.tgs /Users/buddhirajgautam/Library/Developer/Xcode/DerivedData/Telegram-Mac-fygdgghdgmuleoelvxabfmqiotta/Build/Products/Debug/Telegram.app/Contents/Resources

CpResource /Users/buddhirajgautam/Library/Developer/Xcode/DerivedData/Telegram-Mac-fygdgghdgmuleoelvxabfmqiotta/Build/Products/Debug/Telegram.app/Contents/Resources/darkerTexture.jpg /Users/buddhirajgautam/Documents/Cherrygram-Mac/macOS-Swift/Telegram-Mac/premium/darkerTexture.jpg (in target 'Telegram' from project 'Telegram')
    cd /Users/buddhirajgautam/Documents/Cherrygram-Mac/macOS-Swift
    builtin-copy -exclude .DS_Store -exclude CVS -exclude .svn -exclude .git -exclude .hg -resolve-src-symlinks /Users/buddhirajgautam/Documents/Cherrygram-Mac/macOS-Swift/Telegram-Mac/premium/darkerTexture.jpg /Users/buddhirajgautam/Library/Developer/Xcode/DerivedData/Telegram-Mac-fygdgghdgmuleoelvxabfmqiotta/Build/Products/Debug/Telegram.app/Contents/Resources

CpResource /Users/buddhirajgautam/Library/Developer/Xcode/DerivedData/Telegram-Mac-fygdgghdgmuleoelvxabfmqiotta/Build/Products/Debug/Telegram.app/Contents/Resources/custom_reaction.tgs /Users/buddhirajgautam/Documents/Cherrygram-Mac/macOS-Swift/Telegram-Mac/tgs/custom_reaction.tgs (in target 'Telegram' from project 'Telegram')
    cd /Users/buddhirajgautam/Documents/Cherrygram-Mac/macOS-Swift
    builtin-copy -exclude .DS_Store -exclude CVS -exclude .svn -exclude .git -exclude .hg -resolve-src-symlinks /Users/buddhirajgautam/Documents/Cherrygram-Mac/macOS-Swift/Telegram-Mac/tgs/custom_reaction.tgs /Users/buddhirajgautam/Library/Developer/Xcode/DerivedData/Telegram-Mac-fygdgghdgmuleoelvxabfmqiotta/Build/Products/Debug/Telegram.app/Contents/Resources

CpResource /Users/buddhirajgautam/Library/Developer/Xcode/DerivedData/Telegram-Mac-fygdgghdgmuleoelvxabfmqiotta/Build/Products/Debug/Telegram.app/Contents/Resources/currencies.json /Users/buddhirajgautam/Documents/Cherrygram-Mac/macOS-Swift/Telegram-Mac/currencies.json (in target 'Telegram' from project 'Telegram')
    cd /Users/buddhirajgautam/Documents/Cherrygram-Mac/macOS-Swift
    builtin-copy -exclude .DS_Store -exclude CVS -exclude .svn -exclude .git -exclude .hg -resolve-src-symlinks /Users/buddhirajgautam/Documents/Cherrygram-Mac/macOS-Swift/Telegram-Mac/currencies.json /Users/buddhirajgautam/Library/Developer/Xcode/DerivedData/Telegram-Mac-fygdgghdgmuleoelvxabfmqiotta/Build/Products/Debug/Telegram.app/Contents/Resources

CpResource /Users/buddhirajgautam/Library/Developer/Xcode/DerivedData/Telegram-Mac-fygdgghdgmuleoelvxabfmqiotta/Build/Products/Debug/Telegram.app/Contents/Resources/countries /Users/buddhirajgautam/Documents/Cherrygram-Mac/macOS-Swift/Telegram-Mac/countries (in target 'Telegram' from project 'Telegram')
    cd /Users/buddhirajgautam/Documents/Cherrygram-Mac/macOS-Swift
    builtin-copy -exclude .DS_Store -exclude CVS -exclude .svn -exclude .git -exclude .hg -resolve-src-symlinks /Users/buddhirajgautam/Documents/Cherrygram-Mac/macOS-Swift/Telegram-Mac/countries /Users/buddhirajgautam/Library/Developer/Xcode/DerivedData/Telegram-Mac-fygdgghdgmuleoelvxabfmqiotta/Build/Products/Debug/Telegram.app/Contents/Resources

CpResource /Users/buddhirajgautam/Library/Developer/Xcode/DerivedData/Telegram-Mac-fygdgghdgmuleoelvxabfmqiotta/Build/Products/Debug/Telegram.app/Contents/Resources/countdown5s.tgs /Users/buddhirajgautam/Documents/Cherrygram-Mac/macOS-Swift/Telegram-Mac/tgs/countdown5s.tgs (in target 'Telegram' from project 'Telegram')
    cd /Users/buddhirajgautam/Documents/Cherrygram-Mac/macOS-Swift
    builtin-copy -exclude .DS_Store -exclude CVS -exclude .svn -exclude .git -exclude .hg -resolve-src-symlinks /Users/buddhirajgautam/Documents/Cherrygram-Mac/macOS-Swift/Telegram-Mac/tgs/countdown5s.tgs /Users/buddhirajgautam/Library/Developer/Xcode/DerivedData/Telegram-Mac-fygdgghdgmuleoelvxabfmqiotta/Build/Products/Debug/Telegram.app/Contents/Resources

CpResource /Users/buddhirajgautam/Library/Developer/Xcode/DerivedData/Telegram-Mac-fygdgghdgmuleoelvxabfmqiotta/Build/Products/Debug/Telegram.app/Contents/Resources/confetti.mp3 /Users/buddhirajgautam/Documents/Cherrygram-Mac/macOS-Swift/Telegram-Mac/sounds/confetti.mp3 (in target 'Telegram' from project 'Telegram')
    cd /Users/buddhirajgautam/Documents/Cherrygram-Mac/macOS-Swift
    builtin-copy -exclude .DS_Store -exclude CVS -exclude .svn -exclude .git -exclude .hg -resolve-src-symlinks /Users/buddhirajgautam/Documents/Cherrygram-Mac/macOS-Swift/Telegram-Mac/sounds/confetti.mp3 /Users/buddhirajgautam/Library/Developer/Xcode/DerivedData/Telegram-Mac-fygdgghdgmuleoelvxabfmqiotta/Build/Products/Debug/Telegram.app/Contents/Resources

CpResource /Users/buddhirajgautam/Library/Developer/Xcode/DerivedData/Telegram-Mac-fygdgghdgmuleoelvxabfmqiotta/Build/Products/Debug/Telegram.app/Contents/Resources/code_note.tgs /Users/buddhirajgautam/Documents/Cherrygram-Mac/macOS-Swift/Telegram-Mac/tgs/code_note.tgs (in target 'Telegram' from project 'Telegram')
    cd /Users/buddhirajgautam/Documents/Cherrygram-Mac/macOS-Swift
    builtin-copy -exclude .DS_Store -exclude CVS -exclude .svn -exclude .git -exclude .hg -resolve-src-symlinks /Users/buddhirajgautam/Documents/Cherrygram-Mac/macOS-Swift/Telegram-Mac/tgs/code_note.tgs /Users/buddhirajgautam/Library/Developer/Xcode/DerivedData/Telegram-Mac-fygdgghdgmuleoelvxabfmqiotta/Build/Products/Debug/Telegram.app/Contents/Resources

CpResource /Users/buddhirajgautam/Library/Developer/Xcode/DerivedData/Telegram-Mac-fygdgghdgmuleoelvxabfmqiotta/Build/Products/Debug/Telegram.app/Contents/Resources/chiken_born.tgs /Users/buddhirajgautam/Documents/Cherrygram-Mac/macOS-Swift/Telegram-Mac/tgs/chiken_born.tgs (in target 'Telegram' from project 'Telegram')
    cd /Users/buddhirajgautam/Documents/Cherrygram-Mac/macOS-Swift
    builtin-copy -exclude .DS_Store -exclude CVS -exclude .svn -exclude .git -exclude .hg -resolve-src-symlinks /Users/buddhirajgautam/Documents/Cherrygram-Mac/macOS-Swift/Telegram-Mac/tgs/chiken_born.tgs /Users/buddhirajgautam/Library/Developer/Xcode/DerivedData/Telegram-Mac-fygdgghdgmuleoelvxabfmqiotta/Build/Products/Debug/Telegram.app/Contents/Resources

CpResource /Users/buddhirajgautam/Library/Developer/Xcode/DerivedData/Telegram-Mac-fygdgghdgmuleoelvxabfmqiotta/Build/Products/Debug/Telegram.app/Contents/Resources/chatlist_voice.tgs /Users/buddhirajgautam/Documents/Cherrygram-Mac/macOS-Swift/Telegram-Mac/tgs/chatlist/chatlist_voice.tgs (in target 'Telegram' from project 'Telegram')
    cd /Users/buddhirajgautam/Documents/Cherrygram-Mac/macOS-Swift
    builtin-copy -exclude .DS_Store -exclude CVS -exclude .svn -exclude .git -exclude .hg -resolve-src-symlinks /Users/buddhirajgautam/Documents/Cherrygram-Mac/macOS-Swift/Telegram-Mac/tgs/chatlist/chatlist_voice.tgs /Users/buddhirajgautam/Library/Developer/Xcode/DerivedData/Telegram-Mac-fygdgghdgmuleoelvxabfmqiotta/Build/Products/Debug/Telegram.app/Contents/Resources

CpResource /Users/buddhirajgautam/Library/Developer/Xcode/DerivedData/Telegram-Mac-fygdgghdgmuleoelvxabfmqiotta/Build/Products/Debug/Telegram.app/Contents/Resources/chatlist_music.tgs /Users/buddhirajgautam/Documents/Cherrygram-Mac/macOS-Swift/Telegram-Mac/tgs/chatlist/chatlist_music.tgs (in target 'Telegram' from project 'Telegram')
    cd /Users/buddhirajgautam/Documents/Cherrygram-Mac/macOS-Swift
    builtin-copy -exclude .DS_Store -exclude CVS -exclude .svn -exclude .git -exclude .hg -resolve-src-symlinks /Users/buddhirajgautam/Documents/Cherrygram-Mac/macOS-Swift/Telegram-Mac/tgs/chatlist/chatlist_music.tgs /Users/buddhirajgautam/Library/Developer/Xcode/DerivedData/Telegram-Mac-fygdgghdgmuleoelvxabfmqiotta/Build/Products/Debug/Telegram.app/Contents/Resources

CpResource /Users/buddhirajgautam/Library/Developer/Xcode/DerivedData/Telegram-Mac-fygdgghdgmuleoelvxabfmqiotta/Build/Products/Debug/Telegram.app/Contents/Resources/chatlist_poll.tgs /Users/buddhirajgautam/Documents/Cherrygram-Mac/macOS-Swift/Telegram-Mac/tgs/chatlist/chatlist_poll.tgs (in target 'Telegram' from project 'Telegram')
    cd /Users/buddhirajgautam/Documents/Cherrygram-Mac/macOS-Swift
    builtin-copy -exclude .DS_Store -exclude CVS -exclude .svn -exclude .git -exclude .hg -resolve-src-symlinks /Users/buddhirajgautam/Documents/Cherrygram-Mac/macOS-Swift/Telegram-Mac/tgs/chatlist/chatlist_poll.tgs /Users/buddhirajgautam/Library/Developer/Xcode/DerivedData/Telegram-Mac-fygdgghdgmuleoelvxabfmqiotta/Build/Products/Debug/Telegram.app/Contents/Resources

CpResource /Users/buddhirajgautam/Library/Developer/Xcode/DerivedData/Telegram-Mac-fygdgghdgmuleoelvxabfmqiotta/Build/Products/Debug/Telegram.app/Contents/Resources/chatlist_game.tgs /Users/buddhirajgautam/Documents/Cherrygram-Mac/macOS-Swift/Telegram-Mac/tgs/chatlist/chatlist_game.tgs (in target 'Telegram' from project 'Telegram')
    cd /Users/buddhirajgautam/Documents/Cherrygram-Mac/macOS-Swift
    builtin-copy -exclude .DS_Store -exclude CVS -exclude .svn -exclude .git -exclude .hg -resolve-src-symlinks /Users/buddhirajgautam/Documents/Cherrygram-Mac/macOS-Swift/Telegram-Mac/tgs/chatlist/chatlist_game.tgs /Users/buddhirajgautam/Library/Developer/Xcode/DerivedData/Telegram-Mac-fygdgghdgmuleoelvxabfmqiotta/Build/Products/Debug/Telegram.app/Contents/Resources

CpResource /Users/buddhirajgautam/Library/Developer/Xcode/DerivedData/Telegram-Mac-fygdgghdgmuleoelvxabfmqiotta/Build/Products/Debug/Telegram.app/Contents/Resources/change_sim.tgs /Users/buddhirajgautam/Documents/Cherrygram-Mac/macOS-Swift/Telegram-Mac/tgs/change_sim.tgs (in target 'Telegram' from project 'Telegram')
    cd /Users/buddhirajgautam/Documents/Cherrygram-Mac/macOS-Swift
    builtin-copy -exclude .DS_Store -exclude CVS -exclude .svn -exclude .git -exclude .hg -resolve-src-symlinks /Users/buddhirajgautam/Documents/Cherrygram-Mac/macOS-Swift/Telegram-Mac/tgs/change_sim.tgs /Users/buddhirajgautam/Library/Developer/Xcode/DerivedData/Telegram-Mac-fygdgghdgmuleoelvxabfmqiotta/Build/Products/Debug/Telegram.app/Contents/Resources

CpResource /Users/buddhirajgautam/Library/Developer/Xcode/DerivedData/Telegram-Mac-fygdgghdgmuleoelvxabfmqiotta/Build/Products/Debug/Telegram.app/Contents/Resources/cameraon.tgs /Users/buddhirajgautam/Documents/Cherrygram-Mac/macOS-Swift/Telegram-Mac/tgs/cameraon.tgs (in target 'Telegram' from project 'Telegram')
    cd /Users/buddhirajgautam/Documents/Cherrygram-Mac/macOS-Swift
    builtin-copy -exclude .DS_Store -exclude CVS -exclude .svn -exclude .git -exclude .hg -resolve-src-symlinks /Users/buddhirajgautam/Documents/Cherrygram-Mac/macOS-Swift/Telegram-Mac/tgs/cameraon.tgs /Users/buddhirajgautam/Library/Developer/Xcode/DerivedData/Telegram-Mac-fygdgghdgmuleoelvxabfmqiotta/Build/Products/Debug/Telegram.app/Contents/Resources

CpResource /Users/buddhirajgautam/Library/Developer/Xcode/DerivedData/Telegram-Mac-fygdgghdgmuleoelvxabfmqiotta/Build/Products/Debug/Telegram.app/Contents/Resources/cameraoff.tgs /Users/buddhirajgautam/Documents/Cherrygram-Mac/macOS-Swift/Telegram-Mac/tgs/cameraoff.tgs (in target 'Telegram' from project 'Telegram')
    cd /Users/buddhirajgautam/Documents/Cherrygram-Mac/macOS-Swift
    builtin-copy -exclude .DS_Store -exclude CVS -exclude .svn -exclude .git -exclude .hg -resolve-src-symlinks /Users/buddhirajgautam/Documents/Cherrygram-Mac/macOS-Swift/Telegram-Mac/tgs/cameraoff.tgs /Users/buddhirajgautam/Library/Developer/Xcode/DerivedData/Telegram-Mac-fygdgghdgmuleoelvxabfmqiotta/Build/Products/Debug/Telegram.app/Contents/Resources

CpResource /Users/buddhirajgautam/Library/Developer/Xcode/DerivedData/Telegram-Mac-fygdgghdgmuleoelvxabfmqiotta/Build/Products/Debug/Telegram.app/Contents/Resources/call\ up.mp3 /Users/buddhirajgautam/Documents/Cherrygram-Mac/macOS-Swift/Telegram-Mac/sounds/call\ up.mp3 (in target 'Telegram' from project 'Telegram')
    cd /Users/buddhirajgautam/Documents/Cherrygram-Mac/macOS-Swift
    builtin-copy -exclude .DS_Store -exclude CVS -exclude .svn -exclude .git -exclude .hg -resolve-src-symlinks /Users/buddhirajgautam/Documents/Cherrygram-Mac/macOS-Swift/Telegram-Mac/sounds/call\ up.mp3 /Users/buddhirajgautam/Library/Developer/Xcode/DerivedData/Telegram-Mac-fygdgghdgmuleoelvxabfmqiotta/Build/Products/Debug/Telegram.app/Contents/Resources

CpResource /Users/buddhirajgautam/Library/Developer/Xcode/DerivedData/Telegram-Mac-fygdgghdgmuleoelvxabfmqiotta/Build/Products/Debug/Telegram.app/Contents/Resources/call\ down.mp3 /Users/buddhirajgautam/Documents/Cherrygram-Mac/macOS-Swift/Telegram-Mac/sounds/call\ down.mp3 (in target 'Telegram' from project 'Telegram')
    cd /Users/buddhirajgautam/Documents/Cherrygram-Mac/macOS-Swift
    builtin-copy -exclude .DS_Store -exclude CVS -exclude .svn -exclude .git -exclude .hg -resolve-src-symlinks /Users/buddhirajgautam/Documents/Cherrygram-Mac/macOS-Swift/Telegram-Mac/sounds/call\ down.mp3 /Users/buddhirajgautam/Library/Developer/Xcode/DerivedData/Telegram-Mac-fygdgghdgmuleoelvxabfmqiotta/Build/Products/Debug/Telegram.app/Contents/Resources

CpResource /Users/buddhirajgautam/Library/Developer/Xcode/DerivedData/Telegram-Mac-fygdgghdgmuleoelvxabfmqiotta/Build/Products/Debug/Telegram.app/Contents/Resources/business_quick_reply.tgs /Users/buddhirajgautam/Documents/Cherrygram-Mac/macOS-Swift/Telegram-Mac/tgs/business_quick_reply.tgs (in target 'Telegram' from project 'Telegram')
    cd /Users/buddhirajgautam/Documents/Cherrygram-Mac/macOS-Swift
    builtin-copy -exclude .DS_Store -exclude CVS -exclude .svn -exclude .git -exclude .hg -resolve-src-symlinks /Users/buddhirajgautam/Documents/Cherrygram-Mac/macOS-Swift/Telegram-Mac/tgs/business_quick_reply.tgs /Users/buddhirajgautam/Library/Developer/Xcode/DerivedData/Telegram-Mac-fygdgghdgmuleoelvxabfmqiotta/Build/Products/Debug/Telegram.app/Contents/Resources

CpResource /Users/buddhirajgautam/Library/Developer/Xcode/DerivedData/Telegram-Mac-fygdgghdgmuleoelvxabfmqiotta/Build/Products/Debug/Telegram.app/Contents/Resources/business_location.tgs /Users/buddhirajgautam/Documents/Cherrygram-Mac/macOS-Swift/Telegram-Mac/tgs/business_location.tgs (in target 'Telegram' from project 'Telegram')
    cd /Users/buddhirajgautam/Documents/Cherrygram-Mac/macOS-Swift
    builtin-copy -exclude .DS_Store -exclude CVS -exclude .svn -exclude .git -exclude .hg -resolve-src-symlinks /Users/buddhirajgautam/Documents/Cherrygram-Mac/macOS-Swift/Telegram-Mac/tgs/business_location.tgs /Users/buddhirajgautam/Library/Developer/Xcode/DerivedData/Telegram-Mac-fygdgghdgmuleoelvxabfmqiotta/Build/Products/Debug/Telegram.app/Contents/Resources

CpResource /Users/buddhirajgautam/Library/Developer/Xcode/DerivedData/Telegram-Mac-fygdgghdgmuleoelvxabfmqiotta/Build/Products/Debug/Telegram.app/Contents/Resources/business_links.tgs /Users/buddhirajgautam/Documents/Cherrygram-Mac/macOS-Swift/Telegram-Mac/tgs/business_links.tgs (in target 'Telegram' from project 'Telegram')
    cd /Users/buddhirajgautam/Documents/Cherrygram-Mac/macOS-Swift
    builtin-copy -exclude .DS_Store -exclude CVS -exclude .svn -exclude .git -exclude .hg -resolve-src-symlinks /Users/buddhirajgautam/Documents/Cherrygram-Mac/macOS-Swift/Telegram-Mac/tgs/business_links.tgs /Users/buddhirajgautam/Library/Developer/Xcode/DerivedData/Telegram-Mac-fygdgghdgmuleoelvxabfmqiotta/Build/Products/Debug/Telegram.app/Contents/Resources

CpResource /Users/buddhirajgautam/Library/Developer/Xcode/DerivedData/Telegram-Mac-fygdgghdgmuleoelvxabfmqiotta/Build/Products/Debug/Telegram.app/Contents/Resources/business_hours.tgs /Users/buddhirajgautam/Documents/Cherrygram-Mac/macOS-Swift/Telegram-Mac/tgs/business_hours.tgs (in target 'Telegram' from project 'Telegram')
    cd /Users/buddhirajgautam/Documents/Cherrygram-Mac/macOS-Swift
    builtin-copy -exclude .DS_Store -exclude CVS -exclude .svn -exclude .git -exclude .hg -resolve-src-symlinks /Users/buddhirajgautam/Documents/Cherrygram-Mac/macOS-Swift/Telegram-Mac/tgs/business_hours.tgs /Users/buddhirajgautam/Library/Developer/Xcode/DerivedData/Telegram-Mac-fygdgghdgmuleoelvxabfmqiotta/Build/Products/Debug/Telegram.app/Contents/Resources

CpResource /Users/buddhirajgautam/Library/Developer/Xcode/DerivedData/Telegram-Mac-fygdgghdgmuleoelvxabfmqiotta/Build/Products/Debug/Telegram.app/Contents/Resources/business_greeting_message.tgs /Users/buddhirajgautam/Documents/Cherrygram-Mac/macOS-Swift/Telegram-Mac/tgs/business_greeting_message.tgs (in target 'Telegram' from project 'Telegram')
    cd /Users/buddhirajgautam/Documents/Cherrygram-Mac/macOS-Swift
    builtin-copy -exclude .DS_Store -exclude CVS -exclude .svn -exclude .git -exclude .hg -resolve-src-symlinks /Users/buddhirajgautam/Documents/Cherrygram-Mac/macOS-Swift/Telegram-Mac/tgs/business_greeting_message.tgs /Users/buddhirajgautam/Library/Developer/Xcode/DerivedData/Telegram-Mac-fygdgghdgmuleoelvxabfmqiotta/Build/Products/Debug/Telegram.app/Contents/Resources

CpResource /Users/buddhirajgautam/Library/Developer/Xcode/DerivedData/Telegram-Mac-fygdgghdgmuleoelvxabfmqiotta/Build/Products/Debug/Telegram.app/Contents/Resources/business_chatbot.tgs /Users/buddhirajgautam/Documents/Cherrygram-Mac/macOS-Swift/Telegram-Mac/tgs/business_chatbot.tgs (in target 'Telegram' from project 'Telegram')
    cd /Users/buddhirajgautam/Documents/Cherrygram-Mac/macOS-Swift
    builtin-copy -exclude .DS_Store -exclude CVS -exclude .svn -exclude .git -exclude .hg -resolve-src-symlinks /Users/buddhirajgautam/Documents/Cherrygram-Mac/macOS-Swift/Telegram-Mac/tgs/business_chatbot.tgs /Users/buddhirajgautam/Library/Developer/Xcode/DerivedData/Telegram-Mac-fygdgghdgmuleoelvxabfmqiotta/Build/Products/Debug/Telegram.app/Contents/Resources

CpResource /Users/buddhirajgautam/Library/Developer/Xcode/DerivedData/Telegram-Mac-fygdgghdgmuleoelvxabfmqiotta/Build/Products/Debug/Telegram.app/Contents/Resources/business_away_message.tgs /Users/buddhirajgautam/Documents/Cherrygram-Mac/macOS-Swift/Telegram-Mac/tgs/business_away_message.tgs (in target 'Telegram' from project 'Telegram')
    cd /Users/buddhirajgautam/Documents/Cherrygram-Mac/macOS-Swift
    builtin-copy -exclude .DS_Store -exclude CVS -exclude .svn -exclude .git -exclude .hg -resolve-src-symlinks /Users/buddhirajgautam/Documents/Cherrygram-Mac/macOS-Swift/Telegram-Mac/tgs/business_away_message.tgs /Users/buddhirajgautam/Library/Developer/Xcode/DerivedData/Telegram-Mac-fygdgghdgmuleoelvxabfmqiotta/Build/Products/Debug/Telegram.app/Contents/Resources

CpResource /Users/buddhirajgautam/Library/Developer/Xcode/DerivedData/Telegram-Mac-fygdgghdgmuleoelvxabfmqiotta/Build/Products/Debug/Telegram.app/Contents/Resources/bulb.tgs /Users/buddhirajgautam/Documents/Cherrygram-Mac/macOS-Swift/Telegram-Mac/tgs/bulb.tgs (in target 'Telegram' from project 'Telegram')
    cd /Users/buddhirajgautam/Documents/Cherrygram-Mac/macOS-Swift
    builtin-copy -exclude .DS_Store -exclude CVS -exclude .svn -exclude .git -exclude .hg -resolve-src-symlinks /Users/buddhirajgautam/Documents/Cherrygram-Mac/macOS-Swift/Telegram-Mac/tgs/bulb.tgs /Users/buddhirajgautam/Library/Developer/Xcode/DerivedData/Telegram-Mac-fygdgghdgmuleoelvxabfmqiotta/Build/Products/Debug/Telegram.app/Contents/Resources

CpResource /Users/buddhirajgautam/Library/Developer/Xcode/DerivedData/Telegram-Mac-fygdgghdgmuleoelvxabfmqiotta/Build/Products/Debug/Telegram.app/Contents/Resources/builtin-wallpaper-svg /Users/buddhirajgautam/Documents/Cherrygram-Mac/macOS-Swift/Telegram-Mac/builtin-wallpaper-svg (in target 'Telegram' from project 'Telegram')
    cd /Users/buddhirajgautam/Documents/Cherrygram-Mac/macOS-Swift
    builtin-copy -exclude .DS_Store -exclude CVS -exclude .svn -exclude .git -exclude .hg -resolve-src-symlinks /Users/buddhirajgautam/Documents/Cherrygram-Mac/macOS-Swift/Telegram-Mac/builtin-wallpaper-svg /Users/buddhirajgautam/Library/Developer/Xcode/DerivedData/Telegram-Mac-fygdgghdgmuleoelvxabfmqiotta/Build/Products/Debug/Telegram.app/Contents/Resources

CpResource /Users/buddhirajgautam/Library/Developer/Xcode/DerivedData/Telegram-Mac-fygdgghdgmuleoelvxabfmqiotta/Build/Products/Debug/Telegram.app/Contents/Resources/browser_more.tgs /Users/buddhirajgautam/Documents/Cherrygram-Mac/macOS-Swift/Telegram-Mac/tgs/browser_more.tgs (in target 'Telegram' from project 'Telegram')
    cd /Users/buddhirajgautam/Documents/Cherrygram-Mac/macOS-Swift
    builtin-copy -exclude .DS_Store -exclude CVS -exclude .svn -exclude .git -exclude .hg -resolve-src-symlinks /Users/buddhirajgautam/Documents/Cherrygram-Mac/macOS-Swift/Telegram-Mac/tgs/browser_more.tgs /Users/buddhirajgautam/Library/Developer/Xcode/DerivedData/Telegram-Mac-fygdgghdgmuleoelvxabfmqiotta/Build/Products/Debug/Telegram.app/Contents/Resources

CpResource /Users/buddhirajgautam/Library/Developer/Xcode/DerivedData/Telegram-Mac-fygdgghdgmuleoelvxabfmqiotta/Build/Products/Debug/Telegram.app/Contents/Resources/browser_close_to_back.tgs /Users/buddhirajgautam/Documents/Cherrygram-Mac/macOS-Swift/Telegram-Mac/tgs/browser_close_to_back.tgs (in target 'Telegram' from project 'Telegram')
    cd /Users/buddhirajgautam/Documents/Cherrygram-Mac/macOS-Swift
    builtin-copy -exclude .DS_Store -exclude CVS -exclude .svn -exclude .git -exclude .hg -resolve-src-symlinks /Users/buddhirajgautam/Documents/Cherrygram-Mac/macOS-Swift/Telegram-Mac/tgs/browser_close_to_back.tgs /Users/buddhirajgautam/Library/Developer/Xcode/DerivedData/Telegram-Mac-fygdgghdgmuleoelvxabfmqiotta/Build/Products/Debug/Telegram.app/Contents/Resources

CpResource /Users/buddhirajgautam/Library/Developer/Xcode/DerivedData/Telegram-Mac-fygdgghdgmuleoelvxabfmqiotta/Build/Products/Debug/Telegram.app/Contents/Resources/browser_back_to_close.tgs /Users/buddhirajgautam/Documents/Cherrygram-Mac/macOS-Swift/Telegram-Mac/tgs/browser_back_to_close.tgs (in target 'Telegram' from project 'Telegram')
    cd /Users/buddhirajgautam/Documents/Cherrygram-Mac/macOS-Swift
    builtin-copy -exclude .DS_Store -exclude CVS -exclude .svn -exclude .git -exclude .hg -resolve-src-symlinks /Users/buddhirajgautam/Documents/Cherrygram-Mac/macOS-Swift/Telegram-Mac/tgs/browser_back_to_close.tgs /Users/buddhirajgautam/Library/Developer/Xcode/DerivedData/Telegram-Mac-fygdgghdgmuleoelvxabfmqiotta/Build/Products/Debug/Telegram.app/Contents/Resources

CpResource /Users/buddhirajgautam/Library/Developer/Xcode/DerivedData/Telegram-Mac-fygdgghdgmuleoelvxabfmqiotta/Build/Products/Debug/Telegram.app/Contents/Resources/brilliant_static.tgs /Users/buddhirajgautam/Documents/Cherrygram-Mac/macOS-Swift/Telegram-Mac/tgs/brilliant_static.tgs (in target 'Telegram' from project 'Telegram')
    cd /Users/buddhirajgautam/Documents/Cherrygram-Mac/macOS-Swift
    builtin-copy -exclude .DS_Store -exclude CVS -exclude .svn -exclude .git -exclude .hg -resolve-src-symlinks /Users/buddhirajgautam/Documents/Cherrygram-Mac/macOS-Swift/Telegram-Mac/tgs/brilliant_static.tgs /Users/buddhirajgautam/Library/Developer/Xcode/DerivedData/Telegram-Mac-fygdgghdgmuleoelvxabfmqiotta/Build/Products/Debug/Telegram.app/Contents/Resources

CpResource /Users/buddhirajgautam/Library/Developer/Xcode/DerivedData/Telegram-Mac-fygdgghdgmuleoelvxabfmqiotta/Build/Products/Debug/Telegram.app/Contents/Resources/brilliant_loading.tgs /Users/buddhirajgautam/Documents/Cherrygram-Mac/macOS-Swift/Telegram-Mac/tgs/brilliant_loading.tgs (in target 'Telegram' from project 'Telegram')
    cd /Users/buddhirajgautam/Documents/Cherrygram-Mac/macOS-Swift
    builtin-copy -exclude .DS_Store -exclude CVS -exclude .svn -exclude .git -exclude .hg -resolve-src-symlinks /Users/buddhirajgautam/Documents/Cherrygram-Mac/macOS-Swift/Telegram-Mac/tgs/brilliant_loading.tgs /Users/buddhirajgautam/Library/Developer/Xcode/DerivedData/Telegram-Mac-fygdgghdgmuleoelvxabfmqiotta/Build/Products/Debug/Telegram.app/Contents/Resources

CpResource /Users/buddhirajgautam/Library/Developer/Xcode/DerivedData/Telegram-Mac-fygdgghdgmuleoelvxabfmqiotta/Build/Products/Debug/Telegram.app/Contents/Resources/bot_menu_web_app.tgs /Users/buddhirajgautam/Documents/Cherrygram-Mac/macOS-Swift/Telegram-Mac/tgs/bot_menu_web_app.tgs (in target 'Telegram' from project 'Telegram')
    cd /Users/buddhirajgautam/Documents/Cherrygram-Mac/macOS-Swift
    builtin-copy -exclude .DS_Store -exclude CVS -exclude .svn -exclude .git -exclude .hg -resolve-src-symlinks /Users/buddhirajgautam/Documents/Cherrygram-Mac/macOS-Swift/Telegram-Mac/tgs/bot_menu_web_app.tgs /Users/buddhirajgautam/Library/Developer/Xcode/DerivedData/Telegram-Mac-fygdgghdgmuleoelvxabfmqiotta/Build/Products/Debug/Telegram.app/Contents/Resources

CpResource /Users/buddhirajgautam/Library/Developer/Xcode/DerivedData/Telegram-Mac-fygdgghdgmuleoelvxabfmqiotta/Build/Products/Debug/Telegram.app/Contents/Resources/bot_menu_close.tgs /Users/buddhirajgautam/Documents/Cherrygram-Mac/macOS-Swift/Telegram-Mac/tgs/bot_menu_close.tgs (in target 'Telegram' from project 'Telegram')
    cd /Users/buddhirajgautam/Documents/Cherrygram-Mac/macOS-Swift
    builtin-copy -exclude .DS_Store -exclude CVS -exclude .svn -exclude .git -exclude .hg -resolve-src-symlinks /Users/buddhirajgautam/Documents/Cherrygram-Mac/macOS-Swift/Telegram-Mac/tgs/bot_menu_close.tgs /Users/buddhirajgautam/Library/Developer/Xcode/DerivedData/Telegram-Mac-fygdgghdgmuleoelvxabfmqiotta/Build/Products/Debug/Telegram.app/Contents/Resources

CpResource /Users/buddhirajgautam/Library/Developer/Xcode/DerivedData/Telegram-Mac-fygdgghdgmuleoelvxabfmqiotta/Build/Products/Debug/Telegram.app/Contents/Resources/bot_close_menu.tgs /Users/buddhirajgautam/Documents/Cherrygram-Mac/macOS-Swift/Telegram-Mac/tgs/bot_close_menu.tgs (in target 'Telegram' from project 'Telegram')
    cd /Users/buddhirajgautam/Documents/Cherrygram-Mac/macOS-Swift
    builtin-copy -exclude .DS_Store -exclude CVS -exclude .svn -exclude .git -exclude .hg -resolve-src-symlinks /Users/buddhirajgautam/Documents/Cherrygram-Mac/macOS-Swift/Telegram-Mac/tgs/bot_close_menu.tgs /Users/buddhirajgautam/Library/Developer/Xcode/DerivedData/Telegram-Mac-fygdgghdgmuleoelvxabfmqiotta/Build/Products/Debug/Telegram.app/Contents/Resources

CpResource /Users/buddhirajgautam/Library/Developer/Xcode/DerivedData/Telegram-Mac-fygdgghdgmuleoelvxabfmqiotta/Build/Products/Debug/Telegram.app/Contents/Resources/begin_record.caf /Users/buddhirajgautam/Documents/Cherrygram-Mac/macOS-Swift/Telegram-Mac/begin_record.caf (in target 'Telegram' from project 'Telegram')
    cd /Users/buddhirajgautam/Documents/Cherrygram-Mac/macOS-Swift
    builtin-copy -exclude .DS_Store -exclude CVS -exclude .svn -exclude .git -exclude .hg -resolve-src-symlinks /Users/buddhirajgautam/Documents/Cherrygram-Mac/macOS-Swift/Telegram-Mac/begin_record.caf /Users/buddhirajgautam/Library/Developer/Xcode/DerivedData/Telegram-Mac-fygdgghdgmuleoelvxabfmqiotta/Build/Products/Debug/Telegram.app/Contents/Resources

CpResource /Users/buddhirajgautam/Library/Developer/Xcode/DerivedData/Telegram-Mac-fygdgghdgmuleoelvxabfmqiotta/Build/Products/Debug/Telegram.app/Contents/Resources/archiveAvatar.json /Users/buddhirajgautam/Documents/Cherrygram-Mac/macOS-Swift/Telegram-Mac/lottie/archiveAvatar.json (in target 'Telegram' from project 'Telegram')
    cd /Users/buddhirajgautam/Documents/Cherrygram-Mac/macOS-Swift
    builtin-copy -exclude .DS_Store -exclude CVS -exclude .svn -exclude .git -exclude .hg -resolve-src-symlinks /Users/buddhirajgautam/Documents/Cherrygram-Mac/macOS-Swift/Telegram-Mac/lottie/archiveAvatar.json /Users/buddhirajgautam/Library/Developer/Xcode/DerivedData/Telegram-Mac-fygdgghdgmuleoelvxabfmqiotta/Build/Products/Debug/Telegram.app/Contents/Resources

CpResource /Users/buddhirajgautam/Library/Developer/Xcode/DerivedData/Telegram-Mac-fygdgghdgmuleoelvxabfmqiotta/Build/Products/Debug/Telegram.app/Contents/Resources/animals.tgs /Users/buddhirajgautam/Documents/Cherrygram-Mac/macOS-Swift/Telegram-Mac/tgs/emojies/animals.tgs (in target 'Telegram' from project 'Telegram')
    cd /Users/buddhirajgautam/Documents/Cherrygram-Mac/macOS-Swift
    builtin-copy -exclude .DS_Store -exclude CVS -exclude .svn -exclude .git -exclude .hg -resolve-src-symlinks /Users/buddhirajgautam/Documents/Cherrygram-Mac/macOS-Swift/Telegram-Mac/tgs/emojies/animals.tgs /Users/buddhirajgautam/Library/Developer/Xcode/DerivedData/Telegram-Mac-fygdgghdgmuleoelvxabfmqiotta/Build/Products/Debug/Telegram.app/Contents/Resources

CpResource /Users/buddhirajgautam/Library/Developer/Xcode/DerivedData/Telegram-Mac-fygdgghdgmuleoelvxabfmqiotta/Build/Products/Debug/Telegram.app/Contents/Resources/anim_unread.json /Users/buddhirajgautam/Documents/Cherrygram-Mac/macOS-Swift/Telegram-Mac/lottie/anim_unread.json (in target 'Telegram' from project 'Telegram')
    cd /Users/buddhirajgautam/Documents/Cherrygram-Mac/macOS-Swift
    builtin-copy -exclude .DS_Store -exclude CVS -exclude .svn -exclude .git -exclude .hg -resolve-src-symlinks /Users/buddhirajgautam/Documents/Cherrygram-Mac/macOS-Swift/Telegram-Mac/lottie/anim_unread.json /Users/buddhirajgautam/Library/Developer/Xcode/DerivedData/Telegram-Mac-fygdgghdgmuleoelvxabfmqiotta/Build/Products/Debug/Telegram.app/Contents/Resources

CpResource /Users/buddhirajgautam/Library/Developer/Xcode/DerivedData/Telegram-Mac-fygdgghdgmuleoelvxabfmqiotta/Build/Products/Debug/Telegram.app/Contents/Resources/anim_unpin.json /Users/buddhirajgautam/Documents/Cherrygram-Mac/macOS-Swift/Telegram-Mac/lottie/anim_unpin.json (in target 'Telegram' from project 'Telegram')
    cd /Users/buddhirajgautam/Documents/Cherrygram-Mac/macOS-Swift
    builtin-copy -exclude .DS_Store -exclude CVS -exclude .svn -exclude .git -exclude .hg -resolve-src-symlinks /Users/buddhirajgautam/Documents/Cherrygram-Mac/macOS-Swift/Telegram-Mac/lottie/anim_unpin.json /Users/buddhirajgautam/Library/Developer/Xcode/DerivedData/Telegram-Mac-fygdgghdgmuleoelvxabfmqiotta/Build/Products/Debug/Telegram.app/Contents/Resources

CpResource /Users/buddhirajgautam/Library/Developer/Xcode/DerivedData/Telegram-Mac-fygdgghdgmuleoelvxabfmqiotta/Build/Products/Debug/Telegram.app/Contents/Resources/anim_unmute.json /Users/buddhirajgautam/Documents/Cherrygram-Mac/macOS-Swift/Telegram-Mac/lottie/anim_unmute.json (in target 'Telegram' from project 'Telegram')
    cd /Users/buddhirajgautam/Documents/Cherrygram-Mac/macOS-Swift
    builtin-copy -exclude .DS_Store -exclude CVS -exclude .svn -exclude .git -exclude .hg -resolve-src-symlinks /Users/buddhirajgautam/Documents/Cherrygram-Mac/macOS-Swift/Telegram-Mac/lottie/anim_unmute.json /Users/buddhirajgautam/Library/Developer/Xcode/DerivedData/Telegram-Mac-fygdgghdgmuleoelvxabfmqiotta/Build/Products/Debug/Telegram.app/Contents/Resources

CpResource /Users/buddhirajgautam/Library/Developer/Xcode/DerivedData/Telegram-Mac-fygdgghdgmuleoelvxabfmqiotta/Build/Products/Debug/Telegram.app/Contents/Resources/anim_ungroup.json /Users/buddhirajgautam/Documents/Cherrygram-Mac/macOS-Swift/Telegram-Mac/lottie/anim_ungroup.json (in target 'Telegram' from project 'Telegram')
    cd /Users/buddhirajgautam/Documents/Cherrygram-Mac/macOS-Swift
    builtin-copy -exclude .DS_Store -exclude CVS -exclude .svn -exclude .git -exclude .hg -resolve-src-symlinks /Users/buddhirajgautam/Documents/Cherrygram-Mac/macOS-Swift/Telegram-Mac/lottie/anim_ungroup.json /Users/buddhirajgautam/Library/Developer/Xcode/DerivedData/Telegram-Mac-fygdgghdgmuleoelvxabfmqiotta/Build/Products/Debug/Telegram.app/Contents/Resources

CpResource /Users/buddhirajgautam/Library/Developer/Xcode/DerivedData/Telegram-Mac-fygdgghdgmuleoelvxabfmqiotta/Build/Products/Debug/Telegram.app/Contents/Resources/anim_unarchive.json /Users/buddhirajgautam/Documents/Cherrygram-Mac/macOS-Swift/Telegram-Mac/lottie/anim_unarchive.json (in target 'Telegram' from project 'Telegram')
    cd /Users/buddhirajgautam/Documents/Cherrygram-Mac/macOS-Swift
    builtin-copy -exclude .DS_Store -exclude CVS -exclude .svn -exclude .git -exclude .hg -resolve-src-symlinks /Users/buddhirajgautam/Documents/Cherrygram-Mac/macOS-Swift/Telegram-Mac/lottie/anim_unarchive.json /Users/buddhirajgautam/Library/Developer/Xcode/DerivedData/Telegram-Mac-fygdgghdgmuleoelvxabfmqiotta/Build/Products/Debug/Telegram.app/Contents/Resources

CpResource /Users/buddhirajgautam/Library/Developer/Xcode/DerivedData/Telegram-Mac-fygdgghdgmuleoelvxabfmqiotta/Build/Products/Debug/Telegram.app/Contents/Resources/anim_read.json /Users/buddhirajgautam/Documents/Cherrygram-Mac/macOS-Swift/Telegram-Mac/lottie/anim_read.json (in target 'Telegram' from project 'Telegram')
    cd /Users/buddhirajgautam/Documents/Cherrygram-Mac/macOS-Swift
    builtin-copy -exclude .DS_Store -exclude CVS -exclude .svn -exclude .git -exclude .hg -resolve-src-symlinks /Users/buddhirajgautam/Documents/Cherrygram-Mac/macOS-Swift/Telegram-Mac/lottie/anim_read.json /Users/buddhirajgautam/Library/Developer/Xcode/DerivedData/Telegram-Mac-fygdgghdgmuleoelvxabfmqiotta/Build/Products/Debug/Telegram.app/Contents/Resources

CpResource /Users/buddhirajgautam/Library/Developer/Xcode/DerivedData/Telegram-Mac-fygdgghdgmuleoelvxabfmqiotta/Build/Products/Debug/Telegram.app/Contents/Resources/anim_play.json /Users/buddhirajgautam/Documents/Cherrygram-Mac/macOS-Swift/Telegram-Mac/lottie/anim_play.json (in target 'Telegram' from project 'Telegram')
    cd /Users/buddhirajgautam/Documents/Cherrygram-Mac/macOS-Swift
    builtin-copy -exclude .DS_Store -exclude CVS -exclude .svn -exclude .git -exclude .hg -resolve-src-symlinks /Users/buddhirajgautam/Documents/Cherrygram-Mac/macOS-Swift/Telegram-Mac/lottie/anim_play.json /Users/buddhirajgautam/Library/Developer/Xcode/DerivedData/Telegram-Mac-fygdgghdgmuleoelvxabfmqiotta/Build/Products/Debug/Telegram.app/Contents/Resources

CpResource /Users/buddhirajgautam/Library/Developer/Xcode/DerivedData/Telegram-Mac-fygdgghdgmuleoelvxabfmqiotta/Build/Products/Debug/Telegram.app/Contents/Resources/anim_pin.json /Users/buddhirajgautam/Documents/Cherrygram-Mac/macOS-Swift/Telegram-Mac/lottie/anim_pin.json (in target 'Telegram' from project 'Telegram')
    cd /Users/buddhirajgautam/Documents/Cherrygram-Mac/macOS-Swift
    builtin-copy -exclude .DS_Store -exclude CVS -exclude .svn -exclude .git -exclude .hg -resolve-src-symlinks /Users/buddhirajgautam/Documents/Cherrygram-Mac/macOS-Swift/Telegram-Mac/lottie/anim_pin.json /Users/buddhirajgautam/Library/Developer/Xcode/DerivedData/Telegram-Mac-fygdgghdgmuleoelvxabfmqiotta/Build/Products/Debug/Telegram.app/Contents/Resources

CpResource /Users/buddhirajgautam/Library/Developer/Xcode/DerivedData/Telegram-Mac-fygdgghdgmuleoelvxabfmqiotta/Build/Products/Debug/Telegram.app/Contents/Resources/anim_pause.json /Users/buddhirajgautam/Documents/Cherrygram-Mac/macOS-Swift/Telegram-Mac/lottie/anim_pause.json (in target 'Telegram' from project 'Telegram')
    cd /Users/buddhirajgautam/Documents/Cherrygram-Mac/macOS-Swift
    builtin-copy -exclude .DS_Store -exclude CVS -exclude .svn -exclude .git -exclude .hg -resolve-src-symlinks /Users/buddhirajgautam/Documents/Cherrygram-Mac/macOS-Swift/Telegram-Mac/lottie/anim_pause.json /Users/buddhirajgautam/Library/Developer/Xcode/DerivedData/Telegram-Mac-fygdgghdgmuleoelvxabfmqiotta/Build/Products/Debug/Telegram.app/Contents/Resources

CpResource /Users/buddhirajgautam/Library/Developer/Xcode/DerivedData/Telegram-Mac-fygdgghdgmuleoelvxabfmqiotta/Build/Products/Debug/Telegram.app/Contents/Resources/anim_mute.json /Users/buddhirajgautam/Documents/Cherrygram-Mac/macOS-Swift/Telegram-Mac/lottie/anim_mute.json (in target 'Telegram' from project 'Telegram')
    cd /Users/buddhirajgautam/Documents/Cherrygram-Mac/macOS-Swift
    builtin-copy -exclude .DS_Store -exclude CVS -exclude .svn -exclude .git -exclude .hg -resolve-src-symlinks /Users/buddhirajgautam/Documents/Cherrygram-Mac/macOS-Swift/Telegram-Mac/lottie/anim_mute.json /Users/buddhirajgautam/Library/Developer/Xcode/DerivedData/Telegram-Mac-fygdgghdgmuleoelvxabfmqiotta/Build/Products/Debug/Telegram.app/Contents/Resources

CpResource /Users/buddhirajgautam/Library/Developer/Xcode/DerivedData/Telegram-Mac-fygdgghdgmuleoelvxabfmqiotta/Build/Products/Debug/Telegram.app/Contents/Resources/anim_hide.json /Users/buddhirajgautam/Documents/Cherrygram-Mac/macOS-Swift/Telegram-Mac/lottie/anim_hide.json (in target 'Telegram' from project 'Telegram')
    cd /Users/buddhirajgautam/Documents/Cherrygram-Mac/macOS-Swift
    builtin-copy -exclude .DS_Store -exclude CVS -exclude .svn -exclude .git -exclude .hg -resolve-src-symlinks /Users/buddhirajgautam/Documents/Cherrygram-Mac/macOS-Swift/Telegram-Mac/lottie/anim_hide.json /Users/buddhirajgautam/Library/Developer/Xcode/DerivedData/Telegram-Mac-fygdgghdgmuleoelvxabfmqiotta/Build/Products/Debug/Telegram.app/Contents/Resources

CpResource /Users/buddhirajgautam/Library/Developer/Xcode/DerivedData/Telegram-Mac-fygdgghdgmuleoelvxabfmqiotta/Build/Products/Debug/Telegram.app/Contents/Resources/anim_group.json /Users/buddhirajgautam/Documents/Cherrygram-Mac/macOS-Swift/Telegram-Mac/lottie/anim_group.json (in target 'Telegram' from project 'Telegram')
    cd /Users/buddhirajgautam/Documents/Cherrygram-Mac/macOS-Swift
    builtin-copy -exclude .DS_Store -exclude CVS -exclude .svn -exclude .git -exclude .hg -resolve-src-symlinks /Users/buddhirajgautam/Documents/Cherrygram-Mac/macOS-Swift/Telegram-Mac/lottie/anim_group.json /Users/buddhirajgautam/Library/Developer/Xcode/DerivedData/Telegram-Mac-fygdgghdgmuleoelvxabfmqiotta/Build/Products/Debug/Telegram.app/Contents/Resources

CpResource /Users/buddhirajgautam/Library/Developer/Xcode/DerivedData/Telegram-Mac-fygdgghdgmuleoelvxabfmqiotta/Build/Products/Debug/Telegram.app/Contents/Resources/anim_delete.json /Users/buddhirajgautam/Documents/Cherrygram-Mac/macOS-Swift/Telegram-Mac/lottie/anim_delete.json (in target 'Telegram' from project 'Telegram')
    cd /Users/buddhirajgautam/Documents/Cherrygram-Mac/macOS-Swift
    builtin-copy -exclude .DS_Store -exclude CVS -exclude .svn -exclude .git -exclude .hg -resolve-src-symlinks /Users/buddhirajgautam/Documents/Cherrygram-Mac/macOS-Swift/Telegram-Mac/lottie/anim_delete.json /Users/buddhirajgautam/Library/Developer/Xcode/DerivedData/Telegram-Mac-fygdgghdgmuleoelvxabfmqiotta/Build/Products/Debug/Telegram.app/Contents/Resources

CpResource /Users/buddhirajgautam/Library/Developer/Xcode/DerivedData/Telegram-Mac-fygdgghdgmuleoelvxabfmqiotta/Build/Products/Debug/Telegram.app/Contents/Resources/anim_archive.json /Users/buddhirajgautam/Documents/Cherrygram-Mac/macOS-Swift/Telegram-Mac/lottie/anim_archive.json (in target 'Telegram' from project 'Telegram')
    cd /Users/buddhirajgautam/Documents/Cherrygram-Mac/macOS-Swift
    builtin-copy -exclude .DS_Store -exclude CVS -exclude .svn -exclude .git -exclude .hg -resolve-src-symlinks /Users/buddhirajgautam/Documents/Cherrygram-Mac/macOS-Swift/Telegram-Mac/lottie/anim_archive.json /Users/buddhirajgautam/Library/Developer/Xcode/DerivedData/Telegram-Mac-fygdgghdgmuleoelvxabfmqiotta/Build/Products/Debug/Telegram.app/Contents/Resources

CpResource /Users/buddhirajgautam/Library/Developer/Xcode/DerivedData/Telegram-Mac-fygdgghdgmuleoelvxabfmqiotta/Build/Products/Debug/Telegram.app/Contents/Resources/affiliate_link.tgs /Users/buddhirajgautam/Documents/Cherrygram-Mac/macOS-Swift/Telegram-Mac/tgs/affiliate_link.tgs (in target 'Telegram' from project 'Telegram')
    cd /Users/buddhirajgautam/Documents/Cherrygram-Mac/macOS-Swift
    builtin-copy -exclude .DS_Store -exclude CVS -exclude .svn -exclude .git -exclude .hg -resolve-src-symlinks /Users/buddhirajgautam/Documents/Cherrygram-Mac/macOS-Swift/Telegram-Mac/tgs/affiliate_link.tgs /Users/buddhirajgautam/Library/Developer/Xcode/DerivedData/Telegram-Mac-fygdgghdgmuleoelvxabfmqiotta/Build/Products/Debug/Telegram.app/Contents/Resources

CpResource /Users/buddhirajgautam/Library/Developer/Xcode/DerivedData/Telegram-Mac-fygdgghdgmuleoelvxabfmqiotta/Build/Products/Debug/Telegram.app/Contents/Resources/activity.tgs /Users/buddhirajgautam/Documents/Cherrygram-Mac/macOS-Swift/Telegram-Mac/tgs/emojies/activity.tgs (in target 'Telegram' from project 'Telegram')
    cd /Users/buddhirajgautam/Documents/Cherrygram-Mac/macOS-Swift
    builtin-copy -exclude .DS_Store -exclude CVS -exclude .svn -exclude .git -exclude .hg -resolve-src-symlinks /Users/buddhirajgautam/Documents/Cherrygram-Mac/macOS-Swift/Telegram-Mac/tgs/emojies/activity.tgs /Users/buddhirajgautam/Library/Developer/Xcode/DerivedData/Telegram-Mac-fygdgghdgmuleoelvxabfmqiotta/Build/Products/Debug/Telegram.app/Contents/Resources

CpResource /Users/buddhirajgautam/Library/Developer/Xcode/DerivedData/Telegram-Mac-fygdgghdgmuleoelvxabfmqiotta/Build/Products/Debug/Telegram.app/Contents/Resources/VideoMessage.vsh /Users/buddhirajgautam/Documents/Cherrygram-Mac/macOS-Swift/Telegram-Mac/VideoMessage.vsh (in target 'Telegram' from project 'Telegram')
    cd /Users/buddhirajgautam/Documents/Cherrygram-Mac/macOS-Swift
    builtin-copy -exclude .DS_Store -exclude CVS -exclude .svn -exclude .git -exclude .hg -resolve-src-symlinks /Users/buddhirajgautam/Documents/Cherrygram-Mac/macOS-Swift/Telegram-Mac/VideoMessage.vsh /Users/buddhirajgautam/Library/Developer/Xcode/DerivedData/Telegram-Mac-fygdgghdgmuleoelvxabfmqiotta/Build/Products/Debug/Telegram.app/Contents/Resources

CpResource /Users/buddhirajgautam/Library/Developer/Xcode/DerivedData/Telegram-Mac-fygdgghdgmuleoelvxabfmqiotta/Build/Products/Debug/Telegram.app/Contents/Resources/VideoMessage.fsh /Users/buddhirajgautam/Documents/Cherrygram-Mac/macOS-Swift/Telegram-Mac/VideoMessage.fsh (in target 'Telegram' from project 'Telegram')
    cd /Users/buddhirajgautam/Documents/Cherrygram-Mac/macOS-Swift
    builtin-copy -exclude .DS_Store -exclude CVS -exclude .svn -exclude .git -exclude .hg -resolve-src-symlinks /Users/buddhirajgautam/Documents/Cherrygram-Mac/macOS-Swift/Telegram-Mac/VideoMessage.fsh /Users/buddhirajgautam/Library/Developer/Xcode/DerivedData/Telegram-Mac-fygdgghdgmuleoelvxabfmqiotta/Build/Products/Debug/Telegram.app/Contents/Resources

CpResource /Users/buddhirajgautam/Library/Developer/Xcode/DerivedData/Telegram-Mac-fygdgghdgmuleoelvxabfmqiotta/Build/Products/Debug/Telegram.app/Contents/Resources/Purr.wav /Users/buddhirajgautam/Documents/Cherrygram-Mac/macOS-Swift/Telegram-Mac/sounds/Purr.wav (in target 'Telegram' from project 'Telegram')
    cd /Users/buddhirajgautam/Documents/Cherrygram-Mac/macOS-Swift
    builtin-copy -exclude .DS_Store -exclude CVS -exclude .svn -exclude .git -exclude .hg -resolve-src-symlinks /Users/buddhirajgautam/Documents/Cherrygram-Mac/macOS-Swift/Telegram-Mac/sounds/Purr.wav /Users/buddhirajgautam/Library/Developer/Xcode/DerivedData/Telegram-Mac-fygdgghdgmuleoelvxabfmqiotta/Build/Products/Debug/Telegram.app/Contents/Resources

CpResource /Users/buddhirajgautam/Library/Developer/Xcode/DerivedData/Telegram-Mac-fygdgghdgmuleoelvxabfmqiotta/Build/Products/Debug/Telegram.app/Contents/Resources/SFCompactRounded-Semibold.otf /Users/buddhirajgautam/Documents/Cherrygram-Mac/macOS-Swift/Telegram-Mac/SFCompactRounded-Semibold.otf (in target 'Telegram' from project 'Telegram')
    cd /Users/buddhirajgautam/Documents/Cherrygram-Mac/macOS-Swift
    builtin-copy -exclude .DS_Store -exclude CVS -exclude .svn -exclude .git -exclude .hg -resolve-src-symlinks /Users/buddhirajgautam/Documents/Cherrygram-Mac/macOS-Swift/Telegram-Mac/SFCompactRounded-Semibold.otf /Users/buddhirajgautam/Library/Developer/Xcode/DerivedData/Telegram-Mac-fygdgghdgmuleoelvxabfmqiotta/Build/Products/Debug/Telegram.app/Contents/Resources

CpResource /Users/buddhirajgautam/Library/Developer/Xcode/DerivedData/Telegram-Mac-fygdgghdgmuleoelvxabfmqiotta/Build/Products/Debug/Telegram.app/Contents/Resources/Pop.wav /Users/buddhirajgautam/Documents/Cherrygram-Mac/macOS-Swift/Telegram-Mac/sounds/Pop.wav (in target 'Telegram' from project 'Telegram')
    cd /Users/buddhirajgautam/Documents/Cherrygram-Mac/macOS-Swift
    builtin-copy -exclude .DS_Store -exclude CVS -exclude .svn -exclude .git -exclude .hg -resolve-src-symlinks /Users/buddhirajgautam/Documents/Cherrygram-Mac/macOS-Swift/Telegram-Mac/sounds/Pop.wav /Users/buddhirajgautam/Library/Developer/Xcode/DerivedData/Telegram-Mac-fygdgghdgmuleoelvxabfmqiotta/Build/Products/Debug/Telegram.app/Contents/Resources

CpResource /Users/buddhirajgautam/Library/Developer/Xcode/DerivedData/Telegram-Mac-fygdgghdgmuleoelvxabfmqiotta/Build/Products/Debug/Telegram.app/Contents/Resources/PhoneCountries.txt /Users/buddhirajgautam/Documents/Cherrygram-Mac/macOS-Swift/Telegram-Mac/PhoneCountries.txt (in target 'Telegram' from project 'Telegram')
    cd /Users/buddhirajgautam/Documents/Cherrygram-Mac/macOS-Swift
    builtin-copy -exclude .DS_Store -exclude CVS -exclude .svn -exclude .git -exclude .hg -resolve-src-symlinks /Users/buddhirajgautam/Documents/Cherrygram-Mac/macOS-Swift/Telegram-Mac/PhoneCountries.txt /Users/buddhirajgautam/Library/Developer/Xcode/DerivedData/Telegram-Mac-fygdgghdgmuleoelvxabfmqiotta/Build/Products/Debug/Telegram.app/Contents/Resources

CpResource /Users/buddhirajgautam/Library/Developer/Xcode/DerivedData/Telegram-Mac-fygdgghdgmuleoelvxabfmqiotta/Build/Products/Debug/Telegram.app/Contents/Resources/9.m4a /Users/buddhirajgautam/Documents/Cherrygram-Mac/macOS-Swift/Telegram-Mac/notifies/9.m4a (in target 'Telegram' from project 'Telegram')
    cd /Users/buddhirajgautam/Documents/Cherrygram-Mac/macOS-Swift
    builtin-copy -exclude .DS_Store -exclude CVS -exclude .svn -exclude .git -exclude .hg -resolve-src-symlinks /Users/buddhirajgautam/Documents/Cherrygram-Mac/macOS-Swift/Telegram-Mac/notifies/9.m4a /Users/buddhirajgautam/Library/Developer/Xcode/DerivedData/Telegram-Mac-fygdgghdgmuleoelvxabfmqiotta/Build/Products/Debug/Telegram.app/Contents/Resources

CpResource /Users/buddhirajgautam/Library/Developer/Xcode/DerivedData/Telegram-Mac-fygdgghdgmuleoelvxabfmqiotta/Build/Products/Debug/Telegram.app/Contents/Resources/8.m4a /Users/buddhirajgautam/Documents/Cherrygram-Mac/macOS-Swift/Telegram-Mac/notifies/8.m4a (in target 'Telegram' from project 'Telegram')
    cd /Users/buddhirajgautam/Documents/Cherrygram-Mac/macOS-Swift
    builtin-copy -exclude .DS_Store -exclude CVS -exclude .svn -exclude .git -exclude .hg -resolve-src-symlinks /Users/buddhirajgautam/Documents/Cherrygram-Mac/macOS-Swift/Telegram-Mac/notifies/8.m4a /Users/buddhirajgautam/Library/Developer/Xcode/DerivedData/Telegram-Mac-fygdgghdgmuleoelvxabfmqiotta/Build/Products/Debug/Telegram.app/Contents/Resources

CpResource /Users/buddhirajgautam/Library/Developer/Xcode/DerivedData/Telegram-Mac-fygdgghdgmuleoelvxabfmqiotta/Build/Products/Debug/Telegram.app/Contents/Resources/7.m4a /Users/buddhirajgautam/Documents/Cherrygram-Mac/macOS-Swift/Telegram-Mac/notifies/7.m4a (in target 'Telegram' from project 'Telegram')
    cd /Users/buddhirajgautam/Documents/Cherrygram-Mac/macOS-Swift
    builtin-copy -exclude .DS_Store -exclude CVS -exclude .svn -exclude .git -exclude .hg -resolve-src-symlinks /Users/buddhirajgautam/Documents/Cherrygram-Mac/macOS-Swift/Telegram-Mac/notifies/7.m4a /Users/buddhirajgautam/Library/Developer/Xcode/DerivedData/Telegram-Mac-fygdgghdgmuleoelvxabfmqiotta/Build/Products/Debug/Telegram.app/Contents/Resources

CpResource /Users/buddhirajgautam/Library/Developer/Xcode/DerivedData/Telegram-Mac-fygdgghdgmuleoelvxabfmqiotta/Build/Products/Debug/Telegram.app/Contents/Resources/6.m4a /Users/buddhirajgautam/Documents/Cherrygram-Mac/macOS-Swift/Telegram-Mac/notifies/6.m4a (in target 'Telegram' from project 'Telegram')
    cd /Users/buddhirajgautam/Documents/Cherrygram-Mac/macOS-Swift
    builtin-copy -exclude .DS_Store -exclude CVS -exclude .svn -exclude .git -exclude .hg -resolve-src-symlinks /Users/buddhirajgautam/Documents/Cherrygram-Mac/macOS-Swift/Telegram-Mac/notifies/6.m4a /Users/buddhirajgautam/Library/Developer/Xcode/DerivedData/Telegram-Mac-fygdgghdgmuleoelvxabfmqiotta/Build/Products/Debug/Telegram.app/Contents/Resources

CpResource /Users/buddhirajgautam/Library/Developer/Xcode/DerivedData/Telegram-Mac-fygdgghdgmuleoelvxabfmqiotta/Build/Products/Debug/Telegram.app/Contents/Resources/5.m4a /Users/buddhirajgautam/Documents/Cherrygram-Mac/macOS-Swift/Telegram-Mac/notifies/5.m4a (in target 'Telegram' from project 'Telegram')
    cd /Users/buddhirajgautam/Documents/Cherrygram-Mac/macOS-Swift
    builtin-copy -exclude .DS_Store -exclude CVS -exclude .svn -exclude .git -exclude .hg -resolve-src-symlinks /Users/buddhirajgautam/Documents/Cherrygram-Mac/macOS-Swift/Telegram-Mac/notifies/5.m4a /Users/buddhirajgautam/Library/Developer/Xcode/DerivedData/Telegram-Mac-fygdgghdgmuleoelvxabfmqiotta/Build/Products/Debug/Telegram.app/Contents/Resources

CpResource /Users/buddhirajgautam/Library/Developer/Xcode/DerivedData/Telegram-Mac-fygdgghdgmuleoelvxabfmqiotta/Build/Products/Debug/Telegram.app/Contents/Resources/4.m4a /Users/buddhirajgautam/Documents/Cherrygram-Mac/macOS-Swift/Telegram-Mac/notifies/4.m4a (in target 'Telegram' from project 'Telegram')
    cd /Users/buddhirajgautam/Documents/Cherrygram-Mac/macOS-Swift
    builtin-copy -exclude .DS_Store -exclude CVS -exclude .svn -exclude .git -exclude .hg -resolve-src-symlinks /Users/buddhirajgautam/Documents/Cherrygram-Mac/macOS-Swift/Telegram-Mac/notifies/4.m4a /Users/buddhirajgautam/Library/Developer/Xcode/DerivedData/Telegram-Mac-fygdgghdgmuleoelvxabfmqiotta/Build/Products/Debug/Telegram.app/Contents/Resources

CpResource /Users/buddhirajgautam/Library/Developer/Xcode/DerivedData/Telegram-Mac-fygdgghdgmuleoelvxabfmqiotta/Build/Products/Debug/Telegram.app/Contents/Resources/3.m4a /Users/buddhirajgautam/Documents/Cherrygram-Mac/macOS-Swift/Telegram-Mac/notifies/3.m4a (in target 'Telegram' from project 'Telegram')
    cd /Users/buddhirajgautam/Documents/Cherrygram-Mac/macOS-Swift
    builtin-copy -exclude .DS_Store -exclude CVS -exclude .svn -exclude .git -exclude .hg -resolve-src-symlinks /Users/buddhirajgautam/Documents/Cherrygram-Mac/macOS-Swift/Telegram-Mac/notifies/3.m4a /Users/buddhirajgautam/Library/Developer/Xcode/DerivedData/Telegram-Mac-fygdgghdgmuleoelvxabfmqiotta/Build/Products/Debug/Telegram.app/Contents/Resources

CpResource /Users/buddhirajgautam/Library/Developer/Xcode/DerivedData/Telegram-Mac-fygdgghdgmuleoelvxabfmqiotta/Build/Products/Debug/Telegram.app/Contents/Resources/2.m4a /Users/buddhirajgautam/Documents/Cherrygram-Mac/macOS-Swift/Telegram-Mac/notifies/2.m4a (in target 'Telegram' from project 'Telegram')
    cd /Users/buddhirajgautam/Documents/Cherrygram-Mac/macOS-Swift
    builtin-copy -exclude .DS_Store -exclude CVS -exclude .svn -exclude .git -exclude .hg -resolve-src-symlinks /Users/buddhirajgautam/Documents/Cherrygram-Mac/macOS-Swift/Telegram-Mac/notifies/2.m4a /Users/buddhirajgautam/Library/Developer/Xcode/DerivedData/Telegram-Mac-fygdgghdgmuleoelvxabfmqiotta/Build/Products/Debug/Telegram.app/Contents/Resources

CpResource /Users/buddhirajgautam/Library/Developer/Xcode/DerivedData/Telegram-Mac-fygdgghdgmuleoelvxabfmqiotta/Build/Products/Debug/Telegram.app/Contents/Resources/111.m4a /Users/buddhirajgautam/Documents/Cherrygram-Mac/macOS-Swift/Telegram-Mac/notifies/111.m4a (in target 'Telegram' from project 'Telegram')
    cd /Users/buddhirajgautam/Documents/Cherrygram-Mac/macOS-Swift
    builtin-copy -exclude .DS_Store -exclude CVS -exclude .svn -exclude .git -exclude .hg -resolve-src-symlinks /Users/buddhirajgautam/Documents/Cherrygram-Mac/macOS-Swift/Telegram-Mac/notifies/111.m4a /Users/buddhirajgautam/Library/Developer/Xcode/DerivedData/Telegram-Mac-fygdgghdgmuleoelvxabfmqiotta/Build/Products/Debug/Telegram.app/Contents/Resources

CpResource /Users/buddhirajgautam/Library/Developer/Xcode/DerivedData/Telegram-Mac-fygdgghdgmuleoelvxabfmqiotta/Build/Products/Debug/Telegram.app/Contents/Resources/110.m4a /Users/buddhirajgautam/Documents/Cherrygram-Mac/macOS-Swift/Telegram-Mac/notifies/110.m4a (in target 'Telegram' from project 'Telegram')
    cd /Users/buddhirajgautam/Documents/Cherrygram-Mac/macOS-Swift
    builtin-copy -exclude .DS_Store -exclude CVS -exclude .svn -exclude .git -exclude .hg -resolve-src-symlinks /Users/buddhirajgautam/Documents/Cherrygram-Mac/macOS-Swift/Telegram-Mac/notifies/110.m4a /Users/buddhirajgautam/Library/Developer/Xcode/DerivedData/Telegram-Mac-fygdgghdgmuleoelvxabfmqiotta/Build/Products/Debug/Telegram.app/Contents/Resources

CpResource /Users/buddhirajgautam/Library/Developer/Xcode/DerivedData/Telegram-Mac-fygdgghdgmuleoelvxabfmqiotta/Build/Products/Debug/Telegram.app/Contents/Resources/109.m4a /Users/buddhirajgautam/Documents/Cherrygram-Mac/macOS-Swift/Telegram-Mac/notifies/109.m4a (in target 'Telegram' from project 'Telegram')
    cd /Users/buddhirajgautam/Documents/Cherrygram-Mac/macOS-Swift
    builtin-copy -exclude .DS_Store -exclude CVS -exclude .svn -exclude .git -exclude .hg -resolve-src-symlinks /Users/buddhirajgautam/Documents/Cherrygram-Mac/macOS-Swift/Telegram-Mac/notifies/109.m4a /Users/buddhirajgautam/Library/Developer/Xcode/DerivedData/Telegram-Mac-fygdgghdgmuleoelvxabfmqiotta/Build/Products/Debug/Telegram.app/Contents/Resources

CpResource /Users/buddhirajgautam/Library/Developer/Xcode/DerivedData/Telegram-Mac-fygdgghdgmuleoelvxabfmqiotta/Build/Products/Debug/Telegram.app/Contents/Resources/108.m4a /Users/buddhirajgautam/Documents/Cherrygram-Mac/macOS-Swift/Telegram-Mac/notifies/108.m4a (in target 'Telegram' from project 'Telegram')
    cd /Users/buddhirajgautam/Documents/Cherrygram-Mac/macOS-Swift
    builtin-copy -exclude .DS_Store -exclude CVS -exclude .svn -exclude .git -exclude .hg -resolve-src-symlinks /Users/buddhirajgautam/Documents/Cherrygram-Mac/macOS-Swift/Telegram-Mac/notifies/108.m4a /Users/buddhirajgautam/Library/Developer/Xcode/DerivedData/Telegram-Mac-fygdgghdgmuleoelvxabfmqiotta/Build/Products/Debug/Telegram.app/Contents/Resources

CpResource /Users/buddhirajgautam/Library/Developer/Xcode/DerivedData/Telegram-Mac-fygdgghdgmuleoelvxabfmqiotta/Build/Products/Debug/Telegram.app/Contents/Resources/107.m4a /Users/buddhirajgautam/Documents/Cherrygram-Mac/macOS-Swift/Telegram-Mac/notifies/107.m4a (in target 'Telegram' from project 'Telegram')
    cd /Users/buddhirajgautam/Documents/Cherrygram-Mac/macOS-Swift
    builtin-copy -exclude .DS_Store -exclude CVS -exclude .svn -exclude .git -exclude .hg -resolve-src-symlinks /Users/buddhirajgautam/Documents/Cherrygram-Mac/macOS-Swift/Telegram-Mac/notifies/107.m4a /Users/buddhirajgautam/Library/Developer/Xcode/DerivedData/Telegram-Mac-fygdgghdgmuleoelvxabfmqiotta/Build/Products/Debug/Telegram.app/Contents/Resources

CpResource /Users/buddhirajgautam/Library/Developer/Xcode/DerivedData/Telegram-Mac-fygdgghdgmuleoelvxabfmqiotta/Build/Products/Debug/Telegram.app/Contents/Resources/105.m4a /Users/buddhirajgautam/Documents/Cherrygram-Mac/macOS-Swift/Telegram-Mac/notifies/105.m4a (in target 'Telegram' from project 'Telegram')
    cd /Users/buddhirajgautam/Documents/Cherrygram-Mac/macOS-Swift
    builtin-copy -exclude .DS_Store -exclude CVS -exclude .svn -exclude .git -exclude .hg -resolve-src-symlinks /Users/buddhirajgautam/Documents/Cherrygram-Mac/macOS-Swift/Telegram-Mac/notifies/105.m4a /Users/buddhirajgautam/Library/Developer/Xcode/DerivedData/Telegram-Mac-fygdgghdgmuleoelvxabfmqiotta/Build/Products/Debug/Telegram.app/Contents/Resources

CpResource /Users/buddhirajgautam/Library/Developer/Xcode/DerivedData/Telegram-Mac-fygdgghdgmuleoelvxabfmqiotta/Build/Products/Debug/Telegram.app/Contents/Resources/104.m4a /Users/buddhirajgautam/Documents/Cherrygram-Mac/macOS-Swift/Telegram-Mac/notifies/104.m4a (in target 'Telegram' from project 'Telegram')
    cd /Users/buddhirajgautam/Documents/Cherrygram-Mac/macOS-Swift
    builtin-copy -exclude .DS_Store -exclude CVS -exclude .svn -exclude .git -exclude .hg -resolve-src-symlinks /Users/buddhirajgautam/Documents/Cherrygram-Mac/macOS-Swift/Telegram-Mac/notifies/104.m4a /Users/buddhirajgautam/Library/Developer/Xcode/DerivedData/Telegram-Mac-fygdgghdgmuleoelvxabfmqiotta/Build/Products/Debug/Telegram.app/Contents/Resources

CpResource /Users/buddhirajgautam/Library/Developer/Xcode/DerivedData/Telegram-Mac-fygdgghdgmuleoelvxabfmqiotta/Build/Products/Debug/Telegram.app/Contents/Resources/106.m4a /Users/buddhirajgautam/Documents/Cherrygram-Mac/macOS-Swift/Telegram-Mac/notifies/106.m4a (in target 'Telegram' from project 'Telegram')
    cd /Users/buddhirajgautam/Documents/Cherrygram-Mac/macOS-Swift
    builtin-copy -exclude .DS_Store -exclude CVS -exclude .svn -exclude .git -exclude .hg -resolve-src-symlinks /Users/buddhirajgautam/Documents/Cherrygram-Mac/macOS-Swift/Telegram-Mac/notifies/106.m4a /Users/buddhirajgautam/Library/Developer/Xcode/DerivedData/Telegram-Mac-fygdgghdgmuleoelvxabfmqiotta/Build/Products/Debug/Telegram.app/Contents/Resources

CpResource /Users/buddhirajgautam/Library/Developer/Xcode/DerivedData/Telegram-Mac-fygdgghdgmuleoelvxabfmqiotta/Build/Products/Debug/Telegram.app/Contents/Resources/103.m4a /Users/buddhirajgautam/Documents/Cherrygram-Mac/macOS-Swift/Telegram-Mac/notifies/103.m4a (in target 'Telegram' from project 'Telegram')
    cd /Users/buddhirajgautam/Documents/Cherrygram-Mac/macOS-Swift
    builtin-copy -exclude .DS_Store -exclude CVS -exclude .svn -exclude .git -exclude .hg -resolve-src-symlinks /Users/buddhirajgautam/Documents/Cherrygram-Mac/macOS-Swift/Telegram-Mac/notifies/103.m4a /Users/buddhirajgautam/Library/Developer/Xcode/DerivedData/Telegram-Mac-fygdgghdgmuleoelvxabfmqiotta/Build/Products/Debug/Telegram.app/Contents/Resources

CpResource /Users/buddhirajgautam/Library/Developer/Xcode/DerivedData/Telegram-Mac-fygdgghdgmuleoelvxabfmqiotta/Build/Products/Debug/Telegram.app/Contents/Resources/102.m4a /Users/buddhirajgautam/Documents/Cherrygram-Mac/macOS-Swift/Telegram-Mac/notifies/102.m4a (in target 'Telegram' from project 'Telegram')
    cd /Users/buddhirajgautam/Documents/Cherrygram-Mac/macOS-Swift
    builtin-copy -exclude .DS_Store -exclude CVS -exclude .svn -exclude .git -exclude .hg -resolve-src-symlinks /Users/buddhirajgautam/Documents/Cherrygram-Mac/macOS-Swift/Telegram-Mac/notifies/102.m4a /Users/buddhirajgautam/Library/Developer/Xcode/DerivedData/Telegram-Mac-fygdgghdgmuleoelvxabfmqiotta/Build/Products/Debug/Telegram.app/Contents/Resources

CpResource /Users/buddhirajgautam/Library/Developer/Xcode/DerivedData/Telegram-Mac-fygdgghdgmuleoelvxabfmqiotta/Build/Products/Debug/Telegram.app/Contents/Resources/101.m4a /Users/buddhirajgautam/Documents/Cherrygram-Mac/macOS-Swift/Telegram-Mac/notifies/101.m4a (in target 'Telegram' from project 'Telegram')
    cd /Users/buddhirajgautam/Documents/Cherrygram-Mac/macOS-Swift
    builtin-copy -exclude .DS_Store -exclude CVS -exclude .svn -exclude .git -exclude .hg -resolve-src-symlinks /Users/buddhirajgautam/Documents/Cherrygram-Mac/macOS-Swift/Telegram-Mac/notifies/101.m4a /Users/buddhirajgautam/Library/Developer/Xcode/DerivedData/Telegram-Mac-fygdgghdgmuleoelvxabfmqiotta/Build/Products/Debug/Telegram.app/Contents/Resources

CpResource /Users/buddhirajgautam/Library/Developer/Xcode/DerivedData/Telegram-Mac-fygdgghdgmuleoelvxabfmqiotta/Build/Products/Debug/Telegram.app/Contents/Resources/100.m4a /Users/buddhirajgautam/Documents/Cherrygram-Mac/macOS-Swift/Telegram-Mac/notifies/100.m4a (in target 'Telegram' from project 'Telegram')
    cd /Users/buddhirajgautam/Documents/Cherrygram-Mac/macOS-Swift
    builtin-copy -exclude .DS_Store -exclude CVS -exclude .svn -exclude .git -exclude .hg -resolve-src-symlinks /Users/buddhirajgautam/Documents/Cherrygram-Mac/macOS-Swift/Telegram-Mac/notifies/100.m4a /Users/buddhirajgautam/Library/Developer/Xcode/DerivedData/Telegram-Mac-fygdgghdgmuleoelvxabfmqiotta/Build/Products/Debug/Telegram.app/Contents/Resources

CpResource /Users/buddhirajgautam/Library/Developer/Xcode/DerivedData/Telegram-Mac-fygdgghdgmuleoelvxabfmqiotta/Build/Products/Debug/Telegram.app/Contents/Resources/1.m4a /Users/buddhirajgautam/Documents/Cherrygram-Mac/macOS-Swift/Telegram-Mac/notifies/1.m4a (in target 'Telegram' from project 'Telegram')
    cd /Users/buddhirajgautam/Documents/Cherrygram-Mac/macOS-Swift
    builtin-copy -exclude .DS_Store -exclude CVS -exclude .svn -exclude .git -exclude .hg -resolve-src-symlinks /Users/buddhirajgautam/Documents/Cherrygram-Mac/macOS-Swift/Telegram-Mac/notifies/1.m4a /Users/buddhirajgautam/Library/Developer/Xcode/DerivedData/Telegram-Mac-fygdgghdgmuleoelvxabfmqiotta/Build/Products/Debug/Telegram.app/Contents/Resources

CpResource /Users/buddhirajgautam/Library/Developer/Xcode/DerivedData/Telegram-Mac-fygdgghdgmuleoelvxabfmqiotta/Build/Products/Debug/Telegram.app/Contents/Resources/0.m4a /Users/buddhirajgautam/Documents/Cherrygram-Mac/macOS-Swift/Telegram-Mac/notifies/0.m4a (in target 'Telegram' from project 'Telegram')
    cd /Users/buddhirajgautam/Documents/Cherrygram-Mac/macOS-Swift
    builtin-copy -exclude .DS_Store -exclude CVS -exclude .svn -exclude .git -exclude .hg -resolve-src-symlinks /Users/buddhirajgautam/Documents/Cherrygram-Mac/macOS-Swift/Telegram-Mac/notifies/0.m4a /Users/buddhirajgautam/Library/Developer/Xcode/DerivedData/Telegram-Mac-fygdgghdgmuleoelvxabfmqiotta/Build/Products/Debug/Telegram.app/Contents/Resources

CopyStringsFile /Users/buddhirajgautam/Library/Developer/Xcode/DerivedData/Telegram-Mac-fygdgghdgmuleoelvxabfmqiotta/Build/Products/Debug/Telegram.app/Contents/Resources/uk.lproj/Localizable.strings /Users/buddhirajgautam/Documents/Cherrygram-Mac/macOS-Swift/Telegram-Mac/uk.lproj/Localizable.strings (in target 'Telegram' from project 'Telegram')
    cd /Users/buddhirajgautam/Documents/Cherrygram-Mac/macOS-Swift
    builtin-copyStrings --validate --inputencoding utf-16 --outputencoding UTF-16 --outfilename Localizable.strings --outdir /Users/buddhirajgautam/Library/Developer/Xcode/DerivedData/Telegram-Mac-fygdgghdgmuleoelvxabfmqiotta/Build/Products/Debug/Telegram.app/Contents/Resources/uk.lproj -- /Users/buddhirajgautam/Documents/Cherrygram-Mac/macOS-Swift/Telegram-Mac/uk.lproj/Localizable.strings

CopyStringsFile /Users/buddhirajgautam/Library/Developer/Xcode/DerivedData/Telegram-Mac-fygdgghdgmuleoelvxabfmqiotta/Build/Products/Debug/Telegram.app/Contents/Resources/ru.lproj/Localizable.strings /Users/buddhirajgautam/Documents/Cherrygram-Mac/macOS-Swift/Telegram-Mac/ru.lproj/Localizable.strings (in target 'Telegram' from project 'Telegram')
    cd /Users/buddhirajgautam/Documents/Cherrygram-Mac/macOS-Swift
    builtin-copyStrings --validate --inputencoding utf-16 --outputencoding UTF-16 --outfilename Localizable.strings --outdir /Users/buddhirajgautam/Library/Developer/Xcode/DerivedData/Telegram-Mac-fygdgghdgmuleoelvxabfmqiotta/Build/Products/Debug/Telegram.app/Contents/Resources/ru.lproj -- /Users/buddhirajgautam/Documents/Cherrygram-Mac/macOS-Swift/Telegram-Mac/ru.lproj/Localizable.strings

CopyStringsFile /Users/buddhirajgautam/Library/Developer/Xcode/DerivedData/Telegram-Mac-fygdgghdgmuleoelvxabfmqiotta/Build/Products/Debug/Telegram.app/Contents/Resources/pt-BR.lproj/Localizable.strings /Users/buddhirajgautam/Documents/Cherrygram-Mac/macOS-Swift/Telegram-Mac/pt-BR.lproj/Localizable.strings (in target 'Telegram' from project 'Telegram')
    cd /Users/buddhirajgautam/Documents/Cherrygram-Mac/macOS-Swift
    builtin-copyStrings --validate --inputencoding utf-16 --outputencoding UTF-16 --outfilename Localizable.strings --outdir /Users/buddhirajgautam/Library/Developer/Xcode/DerivedData/Telegram-Mac-fygdgghdgmuleoelvxabfmqiotta/Build/Products/Debug/Telegram.app/Contents/Resources/pt-BR.lproj -- /Users/buddhirajgautam/Documents/Cherrygram-Mac/macOS-Swift/Telegram-Mac/pt-BR.lproj/Localizable.strings

CopyStringsFile /Users/buddhirajgautam/Library/Developer/Xcode/DerivedData/Telegram-Mac-fygdgghdgmuleoelvxabfmqiotta/Build/Products/Debug/Telegram.app/Contents/Resources/nl.lproj/Localizable.strings /Users/buddhirajgautam/Documents/Cherrygram-Mac/macOS-Swift/Telegram-Mac/nl.lproj/Localizable.strings (in target 'Telegram' from project 'Telegram')
    cd /Users/buddhirajgautam/Documents/Cherrygram-Mac/macOS-Swift
    builtin-copyStrings --validate --inputencoding utf-16 --outputencoding UTF-16 --outfilename Localizable.strings --outdir /Users/buddhirajgautam/Library/Developer/Xcode/DerivedData/Telegram-Mac-fygdgghdgmuleoelvxabfmqiotta/Build/Products/Debug/Telegram.app/Contents/Resources/nl.lproj -- /Users/buddhirajgautam/Documents/Cherrygram-Mac/macOS-Swift/Telegram-Mac/nl.lproj/Localizable.strings

CopyStringsFile /Users/buddhirajgautam/Library/Developer/Xcode/DerivedData/Telegram-Mac-fygdgghdgmuleoelvxabfmqiotta/Build/Products/Debug/Telegram.app/Contents/Resources/it.lproj/Localizable.strings /Users/buddhirajgautam/Documents/Cherrygram-Mac/macOS-Swift/Telegram-Mac/it.lproj/Localizable.strings (in target 'Telegram' from project 'Telegram')
    cd /Users/buddhirajgautam/Documents/Cherrygram-Mac/macOS-Swift
    builtin-copyStrings --validate --inputencoding utf-16 --outputencoding UTF-16 --outfilename Localizable.strings --outdir /Users/buddhirajgautam/Library/Developer/Xcode/DerivedData/Telegram-Mac-fygdgghdgmuleoelvxabfmqiotta/Build/Products/Debug/Telegram.app/Contents/Resources/it.lproj -- /Users/buddhirajgautam/Documents/Cherrygram-Mac/macOS-Swift/Telegram-Mac/it.lproj/Localizable.strings

CopyStringsFile /Users/buddhirajgautam/Library/Developer/Xcode/DerivedData/Telegram-Mac-fygdgghdgmuleoelvxabfmqiotta/Build/Products/Debug/Telegram.app/Contents/Resources/es.lproj/Localizable.strings /Users/buddhirajgautam/Documents/Cherrygram-Mac/macOS-Swift/Telegram-Mac/es.lproj/Localizable.strings (in target 'Telegram' from project 'Telegram')
    cd /Users/buddhirajgautam/Documents/Cherrygram-Mac/macOS-Swift
    builtin-copyStrings --validate --inputencoding utf-16 --outputencoding UTF-16 --outfilename Localizable.strings --outdir /Users/buddhirajgautam/Library/Developer/Xcode/DerivedData/Telegram-Mac-fygdgghdgmuleoelvxabfmqiotta/Build/Products/Debug/Telegram.app/Contents/Resources/es.lproj -- /Users/buddhirajgautam/Documents/Cherrygram-Mac/macOS-Swift/Telegram-Mac/es.lproj/Localizable.strings

CopyStringsFile /Users/buddhirajgautam/Library/Developer/Xcode/DerivedData/Telegram-Mac-fygdgghdgmuleoelvxabfmqiotta/Build/Products/Debug/Telegram.app/Contents/Resources/en.lproj/Localizable.strings /Users/buddhirajgautam/Documents/Cherrygram-Mac/macOS-Swift/Telegram-Mac/en.lproj/Localizable.strings (in target 'Telegram' from project 'Telegram')
    cd /Users/buddhirajgautam/Documents/Cherrygram-Mac/macOS-Swift
    builtin-copyStrings --validate --inputencoding utf-16 --outputencoding UTF-16 --outfilename Localizable.strings --outdir /Users/buddhirajgautam/Library/Developer/Xcode/DerivedData/Telegram-Mac-fygdgghdgmuleoelvxabfmqiotta/Build/Products/Debug/Telegram.app/Contents/Resources/en.lproj -- /Users/buddhirajgautam/Documents/Cherrygram-Mac/macOS-Swift/Telegram-Mac/en.lproj/Localizable.strings

CopyStringsFile /Users/buddhirajgautam/Library/Developer/Xcode/DerivedData/Telegram-Mac-fygdgghdgmuleoelvxabfmqiotta/Build/Products/Debug/Telegram.app/Contents/Resources/de.lproj/Localizable.strings /Users/buddhirajgautam/Documents/Cherrygram-Mac/macOS-Swift/Telegram-Mac/de.lproj/Localizable.strings (in target 'Telegram' from project 'Telegram')
    cd /Users/buddhirajgautam/Documents/Cherrygram-Mac/macOS-Swift
    builtin-copyStrings --validate --inputencoding utf-16 --outputencoding UTF-16 --outfilename Localizable.strings --outdir /Users/buddhirajgautam/Library/Developer/Xcode/DerivedData/Telegram-Mac-fygdgghdgmuleoelvxabfmqiotta/Build/Products/Debug/Telegram.app/Contents/Resources/de.lproj -- /Users/buddhirajgautam/Documents/Cherrygram-Mac/macOS-Swift/Telegram-Mac/de.lproj/Localizable.strings

CopyPlistFile /Users/buddhirajgautam/Library/Developer/Xcode/DerivedData/Telegram-Mac-fygdgghdgmuleoelvxabfmqiotta/Build/Products/Debug/Telegram.app/Contents/Resources/star.scn /Users/buddhirajgautam/Documents/Cherrygram-Mac/macOS-Swift/Telegram-Mac/premium/star.scn (in target 'Telegram' from project 'Telegram')
    cd /Users/buddhirajgautam/Documents/Cherrygram-Mac/macOS-Swift
    builtin-copyPlist --outdir /Users/buddhirajgautam/Library/Developer/Xcode/DerivedData/Telegram-Mac-fygdgghdgmuleoelvxabfmqiotta/Build/Products/Debug/Telegram.app/Contents/Resources -- /Users/buddhirajgautam/Documents/Cherrygram-Mac/macOS-Swift/Telegram-Mac/premium/star.scn

CopyPlistFile /Users/buddhirajgautam/Library/Developer/Xcode/DerivedData/Telegram-Mac-fygdgghdgmuleoelvxabfmqiotta/Build/Products/Debug/Telegram.app/Contents/Resources/swirl.scn /Users/buddhirajgautam/Documents/Cherrygram-Mac/macOS-Swift/Telegram-Mac/premium/swirl.scn (in target 'Telegram' from project 'Telegram')
    cd /Users/buddhirajgautam/Documents/Cherrygram-Mac/macOS-Swift
    builtin-copyPlist --outdir /Users/buddhirajgautam/Library/Developer/Xcode/DerivedData/Telegram-Mac-fygdgghdgmuleoelvxabfmqiotta/Build/Products/Debug/Telegram.app/Contents/Resources -- /Users/buddhirajgautam/Documents/Cherrygram-Mac/macOS-Swift/Telegram-Mac/premium/swirl.scn

CopyPlistFile /Users/buddhirajgautam/Library/Developer/Xcode/DerivedData/Telegram-Mac-fygdgghdgmuleoelvxabfmqiotta/Build/Products/Debug/Telegram.app/Contents/Resources/star2.scn /Users/buddhirajgautam/Documents/Cherrygram-Mac/macOS-Swift/Telegram-Mac/premium/star2.scn (in target 'Telegram' from project 'Telegram')
    cd /Users/buddhirajgautam/Documents/Cherrygram-Mac/macOS-Swift
    builtin-copyPlist --outdir /Users/buddhirajgautam/Library/Developer/Xcode/DerivedData/Telegram-Mac-fygdgghdgmuleoelvxabfmqiotta/Build/Products/Debug/Telegram.app/Contents/Resources -- /Users/buddhirajgautam/Documents/Cherrygram-Mac/macOS-Swift/Telegram-Mac/premium/star2.scn

CopyPlistFile /Users/buddhirajgautam/Library/Developer/Xcode/DerivedData/Telegram-Mac-fygdgghdgmuleoelvxabfmqiotta/Build/Products/Debug/Telegram.app/Contents/Resources/lightspeed.scn /Users/buddhirajgautam/Documents/Cherrygram-Mac/macOS-Swift/Telegram-Mac/premium/lightspeed.scn (in target 'Telegram' from project 'Telegram')
    cd /Users/buddhirajgautam/Documents/Cherrygram-Mac/macOS-Swift
    builtin-copyPlist --outdir /Users/buddhirajgautam/Library/Developer/Xcode/DerivedData/Telegram-Mac-fygdgghdgmuleoelvxabfmqiotta/Build/Products/Debug/Telegram.app/Contents/Resources -- /Users/buddhirajgautam/Documents/Cherrygram-Mac/macOS-Swift/Telegram-Mac/premium/lightspeed.scn

CopyPlistFile /Users/buddhirajgautam/Library/Developer/Xcode/DerivedData/Telegram-Mac-fygdgghdgmuleoelvxabfmqiotta/Build/Products/Debug/Telegram.app/Contents/Resources/gift.scn /Users/buddhirajgautam/Documents/Cherrygram-Mac/macOS-Swift/Telegram-Mac/premium/gift.scn (in target 'Telegram' from project 'Telegram')
    cd /Users/buddhirajgautam/Documents/Cherrygram-Mac/macOS-Swift
    builtin-copyPlist --outdir /Users/buddhirajgautam/Library/Developer/Xcode/DerivedData/Telegram-Mac-fygdgghdgmuleoelvxabfmqiotta/Build/Products/Debug/Telegram.app/Contents/Resources -- /Users/buddhirajgautam/Documents/Cherrygram-Mac/macOS-Swift/Telegram-Mac/premium/gift.scn

CopyPlistFile /Users/buddhirajgautam/Library/Developer/Xcode/DerivedData/Telegram-Mac-fygdgghdgmuleoelvxabfmqiotta/Build/Products/Debug/Telegram.app/Contents/Resources/diamond.scn /Users/buddhirajgautam/Documents/Cherrygram-Mac/macOS-Swift/Telegram-Mac/premium/diamond.scn (in target 'Telegram' from project 'Telegram')
    cd /Users/buddhirajgautam/Documents/Cherrygram-Mac/macOS-Swift
    builtin-copyPlist --outdir /Users/buddhirajgautam/Library/Developer/Xcode/DerivedData/Telegram-Mac-fygdgghdgmuleoelvxabfmqiotta/Build/Products/Debug/Telegram.app/Contents/Resources -- /Users/buddhirajgautam/Documents/Cherrygram-Mac/macOS-Swift/Telegram-Mac/premium/diamond.scn

CopyPlistFile /Users/buddhirajgautam/Library/Developer/Xcode/DerivedData/Telegram-Mac-fygdgghdgmuleoelvxabfmqiotta/Build/Products/Debug/Telegram.app/Contents/Resources/coin.scn /Users/buddhirajgautam/Documents/Cherrygram-Mac/macOS-Swift/Telegram-Mac/premium/coin.scn (in target 'Telegram' from project 'Telegram')
    cd /Users/buddhirajgautam/Documents/Cherrygram-Mac/macOS-Swift
    builtin-copyPlist --outdir /Users/buddhirajgautam/Library/Developer/Xcode/DerivedData/Telegram-Mac-fygdgghdgmuleoelvxabfmqiotta/Build/Products/Debug/Telegram.app/Contents/Resources -- /Users/buddhirajgautam/Documents/Cherrygram-Mac/macOS-Swift/Telegram-Mac/premium/coin.scn

CopyPlistFile /Users/buddhirajgautam/Library/Developer/Xcode/DerivedData/Telegram-Mac-fygdgghdgmuleoelvxabfmqiotta/Build/Products/Debug/Telegram.app/Contents/Resources/business.scn /Users/buddhirajgautam/Documents/Cherrygram-Mac/macOS-Swift/Telegram-Mac/premium/business.scn (in target 'Telegram' from project 'Telegram')
    cd /Users/buddhirajgautam/Documents/Cherrygram-Mac/macOS-Swift
    builtin-copyPlist --outdir /Users/buddhirajgautam/Library/Developer/Xcode/DerivedData/Telegram-Mac-fygdgghdgmuleoelvxabfmqiotta/Build/Products/Debug/Telegram.app/Contents/Resources -- /Users/buddhirajgautam/Documents/Cherrygram-Mac/macOS-Swift/Telegram-Mac/premium/business.scn

CopyPlistFile /Users/buddhirajgautam/Library/Developer/Xcode/DerivedData/Telegram-Mac-fygdgghdgmuleoelvxabfmqiotta/Build/Products/Debug/Telegram.app/Contents/Resources/badge.scn /Users/buddhirajgautam/Documents/Cherrygram-Mac/macOS-Swift/Telegram-Mac/premium/badge.scn (in target 'Telegram' from project 'Telegram')
    cd /Users/buddhirajgautam/Documents/Cherrygram-Mac/macOS-Swift
    builtin-copyPlist --outdir /Users/buddhirajgautam/Library/Developer/Xcode/DerivedData/Telegram-Mac-fygdgghdgmuleoelvxabfmqiotta/Build/Products/Debug/Telegram.app/Contents/Resources -- /Users/buddhirajgautam/Documents/Cherrygram-Mac/macOS-Swift/Telegram-Mac/premium/badge.scn

CopyPlistFile /Users/buddhirajgautam/Library/Developer/Xcode/DerivedData/Telegram-Mac-fygdgghdgmuleoelvxabfmqiotta/Build/Products/Debug/Telegram.app/Contents/Resources/GoogleService-Info.plist /Users/buddhirajgautam/Documents/Cherrygram-Mac/macOS-Swift/Telegram-Mac/GoogleService-Info.plist (in target 'Telegram' from project 'Telegram')
    cd /Users/buddhirajgautam/Documents/Cherrygram-Mac/macOS-Swift
    builtin-copyPlist --outdir /Users/buddhirajgautam/Library/Developer/Xcode/DerivedData/Telegram-Mac-fygdgghdgmuleoelvxabfmqiotta/Build/Products/Debug/Telegram.app/Contents/Resources -- /Users/buddhirajgautam/Documents/Cherrygram-Mac/macOS-Swift/Telegram-Mac/GoogleService-Info.plist

CopyPNGFile /Users/buddhirajgautam/Library/Developer/Xcode/DerivedData/Telegram-Mac-fygdgghdgmuleoelvxabfmqiotta/Build/Products/Debug/Telegram.app/Contents/Resources/top.png /Users/buddhirajgautam/Documents/Cherrygram-Mac/macOS-Swift/Telegram-Mac/premium/top.png (in target 'Telegram' from project 'Telegram')
    cd /Users/buddhirajgautam/Documents/Cherrygram-Mac/macOS-Swift
    /Applications/Xcode.app/Contents/Developer/usr/bin/copypng /Users/buddhirajgautam/Documents/Cherrygram-Mac/macOS-Swift/Telegram-Mac/premium/top.png /Users/buddhirajgautam/Library/Developer/Xcode/DerivedData/Telegram-Mac-fygdgghdgmuleoelvxabfmqiotta/Build/Products/Debug/Telegram.app/Contents/Resources/top.png

CopyPNGFile /Users/buddhirajgautam/Library/Developer/Xcode/DerivedData/Telegram-Mac-fygdgghdgmuleoelvxabfmqiotta/Build/Products/Debug/Telegram.app/Contents/Resources/shine.png /Users/buddhirajgautam/Documents/Cherrygram-Mac/macOS-Swift/Telegram-Mac/premium/shine.png (in target 'Telegram' from project 'Telegram')
    cd /Users/buddhirajgautam/Documents/Cherrygram-Mac/macOS-Swift
    /Applications/Xcode.app/Contents/Developer/usr/bin/copypng /Users/buddhirajgautam/Documents/Cherrygram-Mac/macOS-Swift/Telegram-Mac/premium/shine.png /Users/buddhirajgautam/Library/Developer/Xcode/DerivedData/Telegram-Mac-fygdgghdgmuleoelvxabfmqiotta/Build/Products/Debug/Telegram.app/Contents/Resources/shine.png

CopyPNGFile /Users/buddhirajgautam/Library/Developer/Xcode/DerivedData/Telegram-Mac-fygdgghdgmuleoelvxabfmqiotta/Build/Products/Debug/Telegram.app/Contents/Resources/right.png /Users/buddhirajgautam/Documents/Cherrygram-Mac/macOS-Swift/Telegram-Mac/premium/right.png (in target 'Telegram' from project 'Telegram')
    cd /Users/buddhirajgautam/Documents/Cherrygram-Mac/macOS-Swift
    /Applications/Xcode.app/Contents/Developer/usr/bin/copypng /Users/buddhirajgautam/Documents/Cherrygram-Mac/macOS-Swift/Telegram-Mac/premium/right.png /Users/buddhirajgautam/Library/Developer/Xcode/DerivedData/Telegram-Mac-fygdgghdgmuleoelvxabfmqiotta/Build/Products/Debug/Telegram.app/Contents/Resources/right.png

CopyPNGFile /Users/buddhirajgautam/Library/Developer/Xcode/DerivedData/Telegram-Mac-fygdgghdgmuleoelvxabfmqiotta/Build/Products/Debug/Telegram.app/Contents/Resources/particles.png /Users/buddhirajgautam/Documents/Cherrygram-Mac/macOS-Swift/Telegram-Mac/premium/particles.png (in target 'Telegram' from project 'Telegram')
    cd /Users/buddhirajgautam/Documents/Cherrygram-Mac/macOS-Swift
    /Applications/Xcode.app/Contents/Developer/usr/bin/copypng /Users/buddhirajgautam/Documents/Cherrygram-Mac/macOS-Swift/Telegram-Mac/premium/particles.png /Users/buddhirajgautam/Library/Developer/Xcode/DerivedData/Telegram-Mac-fygdgghdgmuleoelvxabfmqiotta/Build/Products/Debug/Telegram.app/Contents/Resources/particles.png

CopyPNGFile /Users/buddhirajgautam/Library/Developer/Xcode/DerivedData/Telegram-Mac-fygdgghdgmuleoelvxabfmqiotta/Build/Products/Debug/Telegram.app/Contents/Resources/particle.png /Users/buddhirajgautam/Documents/Cherrygram-Mac/macOS-Swift/Telegram-Mac/premium/particle.png (in target 'Telegram' from project 'Telegram')
    cd /Users/buddhirajgautam/Documents/Cherrygram-Mac/macOS-Swift
    /Applications/Xcode.app/Contents/Developer/usr/bin/copypng /Users/buddhirajgautam/Documents/Cherrygram-Mac/macOS-Swift/Telegram-Mac/premium/particle.png /Users/buddhirajgautam/Library/Developer/Xcode/DerivedData/Telegram-Mac-fygdgghdgmuleoelvxabfmqiotta/Build/Products/Debug/Telegram.app/Contents/Resources/particle.png

CopyPNGFile /Users/buddhirajgautam/Library/Developer/Xcode/DerivedData/Telegram-Mac-fygdgghdgmuleoelvxabfmqiotta/Build/Products/Debug/Telegram.app/Contents/Resources/lightstreak.png /Users/buddhirajgautam/Documents/Cherrygram-Mac/macOS-Swift/Telegram-Mac/premium/lightstreak.png (in target 'Telegram' from project 'Telegram')
    cd /Users/buddhirajgautam/Documents/Cherrygram-Mac/macOS-Swift
    /Applications/Xcode.app/Contents/Developer/usr/bin/copypng /Users/buddhirajgautam/Documents/Cherrygram-Mac/macOS-Swift/Telegram-Mac/premium/lightstreak.png /Users/buddhirajgautam/Library/Developer/Xcode/DerivedData/Telegram-Mac-fygdgghdgmuleoelvxabfmqiotta/Build/Products/Debug/Telegram.app/Contents/Resources/lightstreak.png

CopyPNGFile /Users/buddhirajgautam/Library/Developer/Xcode/DerivedData/Telegram-Mac-fygdgghdgmuleoelvxabfmqiotta/Build/Products/Debug/Telegram.app/Contents/Resources/left.png /Users/buddhirajgautam/Documents/Cherrygram-Mac/macOS-Swift/Telegram-Mac/premium/left.png (in target 'Telegram' from project 'Telegram')
    cd /Users/buddhirajgautam/Documents/Cherrygram-Mac/macOS-Swift
    /Applications/Xcode.app/Contents/Developer/usr/bin/copypng /Users/buddhirajgautam/Documents/Cherrygram-Mac/macOS-Swift/Telegram-Mac/premium/left.png /Users/buddhirajgautam/Library/Developer/Xcode/DerivedData/Telegram-Mac-fygdgghdgmuleoelvxabfmqiotta/Build/Products/Debug/Telegram.app/Contents/Resources/left.png

CopyPNGFile /Users/buddhirajgautam/Library/Developer/Xcode/DerivedData/Telegram-Mac-fygdgghdgmuleoelvxabfmqiotta/Build/Products/Debug/Telegram.app/Contents/Resources/front.png /Users/buddhirajgautam/Documents/Cherrygram-Mac/macOS-Swift/Telegram-Mac/premium/front.png (in target 'Telegram' from project 'Telegram')
    cd /Users/buddhirajgautam/Documents/Cherrygram-Mac/macOS-Swift
    /Applications/Xcode.app/Contents/Developer/usr/bin/copypng /Users/buddhirajgautam/Documents/Cherrygram-Mac/macOS-Swift/Telegram-Mac/premium/front.png /Users/buddhirajgautam/Library/Developer/Xcode/DerivedData/Telegram-Mac-fygdgghdgmuleoelvxabfmqiotta/Build/Products/Debug/Telegram.app/Contents/Resources/front.png

CopyPNGFile /Users/buddhirajgautam/Library/Developer/Xcode/DerivedData/Telegram-Mac-fygdgghdgmuleoelvxabfmqiotta/Build/Products/Debug/Telegram.app/Contents/Resources/diagonal_shine.png /Users/buddhirajgautam/Documents/Cherrygram-Mac/macOS-Swift/Telegram-Mac/premium/diagonal_shine.png (in target 'Telegram' from project 'Telegram')
    cd /Users/buddhirajgautam/Documents/Cherrygram-Mac/macOS-Swift
    /Applications/Xcode.app/Contents/Developer/usr/bin/copypng /Users/buddhirajgautam/Documents/Cherrygram-Mac/macOS-Swift/Telegram-Mac/premium/diagonal_shine.png /Users/buddhirajgautam/Library/Developer/Xcode/DerivedData/Telegram-Mac-fygdgghdgmuleoelvxabfmqiotta/Build/Products/Debug/Telegram.app/Contents/Resources/diagonal_shine.png

CopyPNGFile /Users/buddhirajgautam/Library/Developer/Xcode/DerivedData/Telegram-Mac-fygdgghdgmuleoelvxabfmqiotta/Build/Products/Debug/Telegram.app/Contents/Resources/coin_edge.png /Users/buddhirajgautam/Documents/Cherrygram-Mac/macOS-Swift/Telegram-Mac/premium/coin_edge.png (in target 'Telegram' from project 'Telegram')
    cd /Users/buddhirajgautam/Documents/Cherrygram-Mac/macOS-Swift
    /Applications/Xcode.app/Contents/Developer/usr/bin/copypng /Users/buddhirajgautam/Documents/Cherrygram-Mac/macOS-Swift/Telegram-Mac/premium/coin_edge.png /Users/buddhirajgautam/Library/Developer/Xcode/DerivedData/Telegram-Mac-fygdgghdgmuleoelvxabfmqiotta/Build/Products/Debug/Telegram.app/Contents/Resources/coin_edge.png

CopyPNGFile /Users/buddhirajgautam/Library/Developer/Xcode/DerivedData/Telegram-Mac-fygdgghdgmuleoelvxabfmqiotta/Build/Products/Debug/Telegram.app/Contents/Resources/coin_anim.png /Users/buddhirajgautam/Documents/Cherrygram-Mac/macOS-Swift/Telegram-Mac/premium/coin_anim.png (in target 'Telegram' from project 'Telegram')
    cd /Users/buddhirajgautam/Documents/Cherrygram-Mac/macOS-Swift
    /Applications/Xcode.app/Contents/Developer/usr/bin/copypng /Users/buddhirajgautam/Documents/Cherrygram-Mac/macOS-Swift/Telegram-Mac/premium/coin_anim.png /Users/buddhirajgautam/Library/Developer/Xcode/DerivedData/Telegram-Mac-fygdgghdgmuleoelvxabfmqiotta/Build/Products/Debug/Telegram.app/Contents/Resources/coin_anim.png

CopyPNGFile /Users/buddhirajgautam/Library/Developer/Xcode/DerivedData/Telegram-Mac-fygdgghdgmuleoelvxabfmqiotta/Build/Products/Debug/Telegram.app/Contents/Resources/coin.png /Users/buddhirajgautam/Documents/Cherrygram-Mac/macOS-Swift/Telegram-Mac/premium/coin.png (in target 'Telegram' from project 'Telegram')
    cd /Users/buddhirajgautam/Documents/Cherrygram-Mac/macOS-Swift
    /Applications/Xcode.app/Contents/Developer/usr/bin/copypng /Users/buddhirajgautam/Documents/Cherrygram-Mac/macOS-Swift/Telegram-Mac/premium/coin.png /Users/buddhirajgautam/Library/Developer/Xcode/DerivedData/Telegram-Mac-fygdgghdgmuleoelvxabfmqiotta/Build/Products/Debug/Telegram.app/Contents/Resources/coin.png

CopyPNGFile /Users/buddhirajgautam/Library/Developer/Xcode/DerivedData/Telegram-Mac-fygdgghdgmuleoelvxabfmqiotta/Build/Products/Debug/Telegram.app/Contents/Resources/chars.png /Users/buddhirajgautam/Documents/Cherrygram-Mac/macOS-Swift/Telegram-Mac/premium/matrix/chars.png (in target 'Telegram' from project 'Telegram')
    cd /Users/buddhirajgautam/Documents/Cherrygram-Mac/macOS-Swift
    /Applications/Xcode.app/Contents/Developer/usr/bin/copypng /Users/buddhirajgautam/Documents/Cherrygram-Mac/macOS-Swift/Telegram-Mac/premium/matrix/chars.png /Users/buddhirajgautam/Library/Developer/Xcode/DerivedData/Telegram-Mac-fygdgghdgmuleoelvxabfmqiotta/Build/Products/Debug/Telegram.app/Contents/Resources/chars.png

CopyPNGFile /Users/buddhirajgautam/Library/Developer/Xcode/DerivedData/Telegram-Mac-fygdgghdgmuleoelvxabfmqiotta/Build/Products/Debug/Telegram.app/Contents/Resources/business.png /Users/buddhirajgautam/Documents/Cherrygram-Mac/macOS-Swift/Telegram-Mac/premium/business.png (in target 'Telegram' from project 'Telegram')
    cd /Users/buddhirajgautam/Documents/Cherrygram-Mac/macOS-Swift
    /Applications/Xcode.app/Contents/Developer/usr/bin/copypng /Users/buddhirajgautam/Documents/Cherrygram-Mac/macOS-Swift/Telegram-Mac/premium/business.png /Users/buddhirajgautam/Library/Developer/Xcode/DerivedData/Telegram-Mac-fygdgghdgmuleoelvxabfmqiotta/Build/Products/Debug/Telegram.app/Contents/Resources/business.png

CopyPNGFile /Users/buddhirajgautam/Library/Developer/Xcode/DerivedData/Telegram-Mac-fygdgghdgmuleoelvxabfmqiotta/Build/Products/Debug/Telegram.app/Contents/Resources/bottom.png /Users/buddhirajgautam/Documents/Cherrygram-Mac/macOS-Swift/Telegram-Mac/premium/bottom.png (in target 'Telegram' from project 'Telegram')
    cd /Users/buddhirajgautam/Documents/Cherrygram-Mac/macOS-Swift
    /Applications/Xcode.app/Contents/Developer/usr/bin/copypng /Users/buddhirajgautam/Documents/Cherrygram-Mac/macOS-Swift/Telegram-Mac/premium/bottom.png /Users/buddhirajgautam/Library/Developer/Xcode/DerivedData/Telegram-Mac-fygdgghdgmuleoelvxabfmqiotta/Build/Products/Debug/Telegram.app/Contents/Resources/bottom.png

CopyPNGFile /Users/buddhirajgautam/Library/Developer/Xcode/DerivedData/Telegram-Mac-fygdgghdgmuleoelvxabfmqiotta/Build/Products/Debug/Telegram.app/Contents/Resources/badgestar.png /Users/buddhirajgautam/Documents/Cherrygram-Mac/macOS-Swift/Telegram-Mac/premium/badgestar.png (in target 'Telegram' from project 'Telegram')
    cd /Users/buddhirajgautam/Documents/Cherrygram-Mac/macOS-Swift
    /Applications/Xcode.app/Contents/Developer/usr/bin/copypng /Users/buddhirajgautam/Documents/Cherrygram-Mac/macOS-Swift/Telegram-Mac/premium/badgestar.png /Users/buddhirajgautam/Library/Developer/Xcode/DerivedData/Telegram-Mac-fygdgghdgmuleoelvxabfmqiotta/Build/Products/Debug/Telegram.app/Contents/Resources/badgestar.png

CopyPNGFile /Users/buddhirajgautam/Library/Developer/Xcode/DerivedData/Telegram-Mac-fygdgghdgmuleoelvxabfmqiotta/Build/Products/Debug/Telegram.app/Contents/Resources/back.png /Users/buddhirajgautam/Documents/Cherrygram-Mac/macOS-Swift/Telegram-Mac/premium/back.png (in target 'Telegram' from project 'Telegram')
    cd /Users/buddhirajgautam/Documents/Cherrygram-Mac/macOS-Swift
    /Applications/Xcode.app/Contents/Developer/usr/bin/copypng /Users/buddhirajgautam/Documents/Cherrygram-Mac/macOS-Swift/Telegram-Mac/premium/back.png /Users/buddhirajgautam/Library/Developer/Xcode/DerivedData/Telegram-Mac-fygdgghdgmuleoelvxabfmqiotta/Build/Products/Debug/Telegram.app/Contents/Resources/back.png

CompileXIB /Users/buddhirajgautam/Documents/Cherrygram-Mac/macOS-Swift/Telegram-Mac/Base.lproj/MainMenu.xib (in target 'Telegram' from project 'Telegram')
    cd /Users/buddhirajgautam/Documents/Cherrygram-Mac/macOS-Swift
    /Applications/Xcode.app/Contents/Developer/usr/bin/ibtool --errors --warnings --notices --module Telegram --output-partial-info-plist /Users/buddhirajgautam/Library/Developer/Xcode/DerivedData/Telegram-Mac-fygdgghdgmuleoelvxabfmqiotta/Build/Intermediates.noindex/Telegram.build/Debug/Telegram.build/Base.lproj/MainMenu-PartialInfo.plist --auto-activate-custom-fonts --target-device mac --minimum-deployment-target 12.0 --output-format human-readable-text --compile /Users/buddhirajgautam/Library/Developer/Xcode/DerivedData/Telegram-Mac-fygdgghdgmuleoelvxabfmqiotta/Build/Products/Debug/Telegram.app/Contents/Resources/Base.lproj/MainMenu.nib /Users/buddhirajgautam/Documents/Cherrygram-Mac/macOS-Swift/Telegram-Mac/Base.lproj/MainMenu.xib

CompileMetalFile /Users/buddhirajgautam/Documents/Cherrygram-Mac/macOS-Swift/Telegram-Mac/MetalFunctions.metal (in target 'Telegram' from project 'Telegram')
    cd /Users/buddhirajgautam/Documents/Cherrygram-Mac/macOS-Swift
    /var/run/com.apple.security.cryptexd/mnt/com.apple.MobileAsset.MetalToolchain-v27.1.266.1.Pr1pMU/Metal.xctoolchain/usr/bin/metal -c -target air64-apple-macos12.0 -I/Users/buddhirajgautam/Library/Developer/Xcode/DerivedData/Telegram-Mac-fygdgghdgmuleoelvxabfmqiotta/Build/Products/Debug/include -F/Users/buddhirajgautam/Library/Developer/Xcode/DerivedData/Telegram-Mac-fygdgghdgmuleoelvxabfmqiotta/Build/Products/Debug -isysroot /Applications/Xcode.app/Contents/Developer/Platforms/MacOSX.platform/Developer/SDKs/MacOSX27.0.sdk -fmetal-math-mode\=fast -fmetal-math-fp32-functions\=fast -serialize-diagnostics /Users/buddhirajgautam/Library/Developer/Xcode/DerivedData/Telegram-Mac-fygdgghdgmuleoelvxabfmqiotta/Build/Intermediates.noindex/Telegram.build/Debug/Telegram.build/Metal/MetalFunctions.dia -o /Users/buddhirajgautam/Library/Developer/Xcode/DerivedData/Telegram-Mac-fygdgghdgmuleoelvxabfmqiotta/Build/Intermediates.noindex/Telegram.build/Debug/Telegram.build/Metal/MetalFunctions.air -MMD -MT dependencies -MF /Users/buddhirajgautam/Library/Developer/Xcode/DerivedData/Telegram-Mac-fygdgghdgmuleoelvxabfmqiotta/Build/Intermediates.noindex/Telegram.build/Debug/Telegram.build/Metal/MetalFunctions.dat /Users/buddhirajgautam/Documents/Cherrygram-Mac/macOS-Swift/Telegram-Mac/MetalFunctions.metal

CompileAssetCatalogVariant thinned /Users/buddhirajgautam/Library/Developer/Xcode/DerivedData/Telegram-Mac-fygdgghdgmuleoelvxabfmqiotta/Build/Products/Debug/Telegram.app/Contents/Resources /Users/buddhirajgautam/Documents/Cherrygram-Mac/macOS-Swift/Telegram-Mac/Assets.xcassets (in target 'Telegram' from project 'Telegram')
    cd /Users/buddhirajgautam/Documents/Cherrygram-Mac/macOS-Swift
    /Applications/Xcode.app/Contents/Developer/usr/bin/actool /Users/buddhirajgautam/Documents/Cherrygram-Mac/macOS-Swift/Telegram-Mac/Assets.xcassets --compile /Users/buddhirajgautam/Library/Developer/Xcode/DerivedData/Telegram-Mac-fygdgghdgmuleoelvxabfmqiotta/Build/Intermediates.noindex/Telegram.build/Debug/Telegram.build/assetcatalog_output/thinned --output-format human-readable-text --notices --warnings --export-dependency-info /Users/buddhirajgautam/Library/Developer/Xcode/DerivedData/Telegram-Mac-fygdgghdgmuleoelvxabfmqiotta/Build/Intermediates.noindex/Telegram.build/Debug/Telegram.build/assetcatalog_dependencies_thinned --output-partial-info-plist /Users/buddhirajgautam/Library/Developer/Xcode/DerivedData/Telegram-Mac-fygdgghdgmuleoelvxabfmqiotta/Build/Intermediates.noindex/Telegram.build/Debug/Telegram.build/assetcatalog_generated_info.plist_thinned --app-icon AppIcon --enable-on-demand-resources NO --development-region English --target-device mac --minimum-deployment-target 12.0 --platform macosx
/* com.apple.actool.compilation-results */
/Users/buddhirajgautam/Library/Developer/Xcode/DerivedData/Telegram-Mac-fygdgghdgmuleoelvxabfmqiotta/Build/Intermediates.noindex/Telegram.build/Debug/Telegram.build/assetcatalog_generated_info.plist_thinned
/Users/buddhirajgautam/Library/Developer/Xcode/DerivedData/Telegram-Mac-fygdgghdgmuleoelvxabfmqiotta/Build/Intermediates.noindex/Telegram.build/Debug/Telegram.build/assetcatalog_output/thinned/AppIcon.icns
/Users/buddhirajgautam/Library/Developer/Xcode/DerivedData/Telegram-Mac-fygdgghdgmuleoelvxabfmqiotta/Build/Intermediates.noindex/Telegram.build/Debug/Telegram.build/assetcatalog_output/thinned/Assets.car


SwiftDriver Telegram normal arm64 com.apple.xcode.tools.swift.compiler (in target 'Telegram' from project 'Telegram')
    cd /Users/buddhirajgautam/Documents/Cherrygram-Mac/macOS-Swift
    builtin-SwiftDriver -- /Applications/Xcode.app/Contents/Developer/Toolchains/XcodeDefault.xctoolchain/usr/bin/swiftc -module-name Telegram -Onone -enforce-exclusivity\=unchecked @/Users/buddhirajgautam/Library/Developer/Xcode/DerivedData/Telegram-Mac-fygdgghdgmuleoelvxabfmqiotta/Build/Intermediates.noindex/Telegram.build/Debug/Telegram.build/Objects-normal/arm64/Telegram.SwiftFileList -DDEBUG -Xcc -fmodule-map-file\=/Users/buddhirajgautam/Library/Developer/Xcode/DerivedData/Telegram-Mac-fygdgghdgmuleoelvxabfmqiotta/Build/Intermediates.noindex/GeneratedModuleMaps/HotKey.modulemap -Xcc -fmodule-map-file\=/Users/buddhirajgautam/Library/Developer/Xcode/DerivedData/Telegram-Mac-fygdgghdgmuleoelvxabfmqiotta/Build/Intermediates.noindex/GeneratedModuleMaps/sqlcipher.modulemap -Xcc -fmodule-map-file\=/Users/buddhirajgautam/Library/Developer/Xcode/DerivedData/Telegram-Mac-fygdgghdgmuleoelvxabfmqiotta/Build/Intermediates.noindex/GeneratedModuleMaps/StringTransliteration.modulemap -Xcc -fmodule-map-file\=/Users/buddhirajgautam/Library/Developer/Xcode/DerivedData/Telegram-Mac-fygdgghdgmuleoelvxabfmqiotta/Build/Intermediates.noindex/GeneratedModuleMaps/Crc32.modulemap -Xcc -fmodule-map-file\=/Users/buddhirajgautam/Library/Developer/Xcode/DerivedData/Telegram-Mac-fygdgghdgmuleoelvxabfmqiotta/Build/Intermediates.noindex/GeneratedModuleMaps/minizip.modulemap -Xcc -fmodule-map-file\=/Users/buddhirajgautam/Library/Developer/Xcode/DerivedData/Telegram-Mac-fygdgghdgmuleoelvxabfmqiotta/Build/Intermediates.noindex/GeneratedModuleMaps/libphonenumber.modulemap -Xcc -fmodule-map-file\=/Users/buddhirajgautam/Library/Developer/Xcode/DerivedData/Telegram-Mac-fygdgghdgmuleoelvxabfmqiotta/Build/Intermediates.noindex/GeneratedModuleMaps/MurMurHash32.modulemap -Xcc -fmodule-map-file\=/Users/buddhirajgautam/Library/Developer/Xcode/DerivedData/Telegram-Mac-fygdgghdgmuleoelvxabfmqiotta/Build/Intermediates.noindex/GeneratedModuleMaps/Stripe.modulemap -Xcc -fmodule-map-file\=/Users/buddhirajgautam/Library/Developer/Xcode/DerivedData/Telegram-Mac-fygdgghdgmuleoelvxabfmqiotta/Build/Intermediates.noindex/GeneratedModuleMaps/FastBlur.modulemap -Xcc -fmodule-map-file\=/Users/buddhirajgautam/Library/Developer/Xcode/DerivedData/Telegram-Mac-fygdgghdgmuleoelvxabfmqiotta/Build/Intermediates.noindex/GeneratedModuleMaps/TGCurrencyFormatter.modulemap -Xcc -fmodule-map-file\=/Users/buddhirajgautam/Library/Developer/Xcode/DerivedData/Telegram-Mac-fygdgghdgmuleoelvxabfmqiotta/Build/Intermediates.noindex/GeneratedModuleMaps/FFMpegBinding.modulemap -Xcc -fmodule-map-file\=/Users/buddhirajgautam/Library/Developer/Xcode/DerivedData/Telegram-Mac-fygdgghdgmuleoelvxabfmqiotta/Build/Intermediates.noindex/GeneratedModuleMaps/TgVoipWebrtc.modulemap -Xcc -fmodule-map-file\=/Users/buddhirajgautam/Library/Developer/Xcode/DerivedData/Telegram-Mac-fygdgghdgmuleoelvxabfmqiotta/Build/Intermediates.noindex/GeneratedModuleMaps/rnoise.modulemap -Xcc -fmodule-map-file\=/Users/buddhirajgautam/Library/Developer/Xcode/DerivedData/Telegram-Mac-fygdgghdgmuleoelvxabfmqiotta/Build/Intermediates.noindex/GeneratedModuleMaps/YuvConversion.modulemap -Xcc -fmodule-map-file\=/Users/buddhirajgautam/Library/Developer/Xcode/DerivedData/Telegram-Mac-fygdgghdgmuleoelvxabfmqiotta/Build/Intermediates.noindex/GeneratedModuleMaps/NetworkLogging.modulemap -Xcc -fmodule-map-file\=/Users/buddhirajgautam/Library/Developer/Xcode/DerivedData/Telegram-Mac-fygdgghdgmuleoelvxabfmqiotta/Build/Intermediates.noindex/GeneratedModuleMaps/DarwinDirStat.modulemap -Xcc -fmodule-map-file\=/Users/buddhirajgautam/Library/Developer/Xcode/DerivedData/Telegram-Mac-fygdgghdgmuleoelvxabfmqiotta/Build/Intermediates.noindex/GeneratedModuleMaps/LegacyReachability.modulemap -Xcc -fmodule-map-file\=/Users/buddhirajgautam/Library/Developer/Xcode/DerivedData/Telegram-Mac-fygdgghdgmuleoelvxabfmqiotta/Build/Intermediates.noindex/GeneratedModuleMaps/DateUtils.modulemap -Xcc -fmodule-map-file\=/Users/buddhirajgautam/Library/Developer/Xcode/DerivedData/Telegram-Mac-fygdgghdgmuleoelvxabfmqiotta/Build/Intermediates.noindex/GeneratedModuleMaps/NumberPluralization.modulemap -Xcc -fmodule-map-file\=/Users/buddhirajgautam/Library/Developer/Xcode/DerivedData/Telegram-Mac-fygdgghdgmuleoelvxabfmqiotta/Build/Intermediates.noindex/GeneratedModuleMaps/TGModernGrowingTextView.modulemap -Xcc -fmodule-map-file\=/Users/buddhirajgautam/Library/Developer/Xcode/DerivedData/Telegram-Mac-fygdgghdgmuleoelvxabfmqiotta/Build/Intermediates.noindex/GeneratedModuleMaps/HackUtils.modulemap -Xcc -fmodule-map-file\=/Users/buddhirajgautam/Library/Developer/Xcode/DerivedData/Telegram-Mac-fygdgghdgmuleoelvxabfmqiotta/Build/Intermediates.noindex/GeneratedModuleMaps/InAppVideoServices.modulemap -Xcc -fmodule-map-file\=/Users/buddhirajgautam/Library/Developer/Xcode/DerivedData/Telegram-Mac-fygdgghdgmuleoelvxabfmqiotta/Build/Intermediates.noindex/GeneratedModuleMaps/ShelfPack.modulemap -Xcc -fmodule-map-file\=/Users/buddhirajgautam/Library/Developer/Xcode/DerivedData/Telegram-Mac-fygdgghdgmuleoelvxabfmqiotta/Build/Intermediates.noindex/GeneratedModuleMaps/Mozjpeg.modulemap -Xcc -fmodule-map-file\=/Users/buddhirajgautam/Library/Developer/Xcode/DerivedData/Telegram-Mac-fygdgghdgmuleoelvxabfmqiotta/Build/Intermediates.noindex/GeneratedModuleMaps/TdBinding.modulemap -Xcc -fmodule-map-file\=/Users/buddhirajgautam/Library/Developer/Xcode/DerivedData/Telegram-Mac-fygdgghdgmuleoelvxabfmqiotta/Build/Intermediates.noindex/GeneratedModuleMaps/LokiRng.modulemap -Xcc -fmodule-map-file\=/Users/buddhirajgautam/Library/Developer/Xcode/DerivedData/Telegram-Mac-fygdgghdgmuleoelvxabfmqiotta/Build/Intermediates.noindex/GeneratedModuleMaps/CryptoUtils.modulemap -Xcc -fmodule-map-file\=/Users/buddhirajgautam/Library/Developer/Xcode/DerivedData/Telegram-Mac-fygdgghdgmuleoelvxabfmqiotta/Build/Intermediates.noindex/GeneratedModuleMaps/BuildConfig.modulemap -Xcc -fmodule-map-file\=/Users/buddhirajgautam/Library/Developer/Xcode/DerivedData/Telegram-Mac-fygdgghdgmuleoelvxabfmqiotta/Build/Intermediates.noindex/GeneratedModuleMaps/OpenSSLEncryption.modulemap -Xcc -fmodule-map-file\=/Users/buddhirajgautam/Library/Developer/Xcode/DerivedData/Telegram-Mac-fygdgghdgmuleoelvxabfmqiotta/Build/Intermediates.noindex/GeneratedModuleMaps/EDSunriseSet.modulemap -Xcc -fmodule-map-file\=/Users/buddhirajgautam/Library/Developer/Xcode/DerivedData/Telegram-Mac-fygdgghdgmuleoelvxabfmqiotta/Build/Intermediates.noindex/GeneratedModuleMaps/OCR.modulemap -Xcc -fmodule-map-file\=/Users/buddhirajgautam/Library/Developer/Xcode/DerivedData/Telegram-Mac-fygdgghdgmuleoelvxabfmqiotta/Build/Intermediates.noindex/GeneratedModuleMaps/GoogleDataTransport.modulemap -Xcc -fmodule-map-file\=/Users/buddhirajgautam/Library/Developer/Xcode/DerivedData/Telegram-Mac-fygdgghdgmuleoelvxabfmqiotta/Build/Intermediates.noindex/GeneratedModuleMaps/FirebaseCrashlytics.modulemap -Xcc -fmodule-map-file\=/Users/buddhirajgautam/Library/Developer/Xcode/DerivedData/Telegram-Mac-fygdgghdgmuleoelvxabfmqiotta/Build/Intermediates.noindex/GeneratedModuleMaps/CalendarUtils.modulemap -Xcc -fmodule-map-file\=/Users/buddhirajgautam/Library/Developer/Xcode/DerivedData/Telegram-Mac-fygdgghdgmuleoelvxabfmqiotta/SourcePackages/checkouts/promises/Sources/FBLPromises/include/module.modulemap -Xcc -fmodule-map-file\=/Users/buddhirajgautam/Library/Developer/Xcode/DerivedData/Telegram-Mac-fygdgghdgmuleoelvxabfmqiotta/Build/Intermediates.noindex/GeneratedModuleMaps/GoogleUtilities-UserDefaults.modulemap -Xcc -fmodule-map-file\=/Users/buddhirajgautam/Library/Developer/Xcode/DerivedData/Telegram-Mac-fygdgghdgmuleoelvxabfmqiotta/Build/Intermediates.noindex/GeneratedModuleMaps/GoogleAppMeasurementTarget.modulemap -Xcc -fmodule-map-file\=/Users/buddhirajgautam/Library/Developer/Xcode/DerivedData/Telegram-Mac-fygdgghdgmuleoelvxabfmqiotta/Build/Intermediates.noindex/GeneratedModuleMaps/GoogleUtilities-AppDelegateSwizzler.modulemap -Xcc -fmodule-map-file\=/Users/buddhirajgautam/Library/Developer/Xcode/DerivedData/Telegram-Mac-fygdgghdgmuleoelvxabfmqiotta/Build/Intermediates.noindex/GeneratedModuleMaps/GoogleUtilities-MethodSwizzler.modulemap -Xcc -fmodule-map-file\=/Users/buddhirajgautam/Library/Developer/Xcode/DerivedData/Telegram-Mac-fygdgghdgmuleoelvxabfmqiotta/Build/Intermediates.noindex/GeneratedModuleMaps/GoogleUtilities-Reachability.modulemap -Xcc -fmodule-map-file\=/Users/buddhirajgautam/Library/Developer/Xcode/DerivedData/Telegram-Mac-fygdgghdgmuleoelvxabfmqiotta/Build/Intermediates.noindex/GeneratedModuleMaps/GoogleUtilities-NSData.modulemap -Xcc -fmodule-map-file\=/Users/buddhirajgautam/Library/Developer/Xcode/DerivedData/Telegram-Mac-fygdgghdgmuleoelvxabfmqiotta/Build/Intermediates.noindex/GeneratedModuleMaps/GoogleUtilities-Logger.modulemap -Xcc -fmodule-map-file\=/Users/buddhirajgautam/Library/Developer/Xcode/DerivedData/Telegram-Mac-fygdgghdgmuleoelvxabfmqiotta/Build/Intermediates.noindex/GeneratedModuleMaps/GoogleUtilities-Environment.modulemap -Xcc -fmodule-map-file\=/Users/buddhirajgautam/Library/Developer/Xcode/DerivedData/Telegram-Mac-fygdgghdgmuleoelvxabfmqiotta/Build/Intermediates.noindex/GeneratedModuleMaps/third-party-IsAppEncrypted.modulemap -Xcc -fmodule-map-file\=/Users/buddhirajgautam/Library/Developer/Xcode/DerivedData/Telegram-Mac-fygdgghdgmuleoelvxabfmqiotta/Build/Intermediates.noindex/GeneratedModuleMaps/GoogleUtilities-Network.modulemap -Xcc -fmodule-map-file\=/Users/buddhirajgautam/Library/Developer/Xcode/DerivedData/Telegram-Mac-fygdgghdgmuleoelvxabfmqiotta/Build/Intermediates.noindex/GeneratedModuleMaps/nanopb.modulemap -Xcc -fmodule-map-file\=/Users/buddhirajgautam/Library/Developer/Xcode/DerivedData/Telegram-Mac-fygdgghdgmuleoelvxabfmqiotta/Build/Intermediates.noindex/GeneratedModuleMaps/FirebaseAnalyticsWrapper.modulemap -Xcc -fmodule-map-file\=/Users/buddhirajgautam/Library/Developer/Xcode/DerivedData/Telegram-Mac-fygdgghdgmuleoelvxabfmqiotta/Build/Intermediates.noindex/GeneratedModuleMaps/FirebaseInstallations.modulemap -Xcc -fmodule-map-file\=/Users/buddhirajgautam/Library/Developer/Xcode/DerivedData/Telegram-Mac-fygdgghdgmuleoelvxabfmqiotta/Build/Intermediates.noindex/GeneratedModuleMaps/FirebaseCore.modulemap -Xcc -fmodule-map-file\=/Users/buddhirajgautam/Library/Developer/Xcode/DerivedData/Telegram-Mac-fygdgghdgmuleoelvxabfmqiotta/SourcePackages/checkouts/firebase-ios-sdk/CoreOnly/Sources/module.modulemap -Xcc -fmodule-map-file\=/Users/buddhirajgautam/Library/Developer/Xcode/DerivedData/Telegram-Mac-fygdgghdgmuleoelvxabfmqiotta/Build/Intermediates.noindex/GeneratedModuleMaps/FirebaseAnalyticsTarget.modulemap -Xcc -fmodule-map-file\=/Users/buddhirajgautam/Library/Developer/Xcode/DerivedData/Telegram-Mac-fygdgghdgmuleoelvxabfmqiotta/Build/Intermediates.noindex/GeneratedModuleMaps/GZIP.modulemap -Xcc -fmodule-map-file\=/Users/buddhirajgautam/Library/Developer/Xcode/DerivedData/Telegram-Mac-fygdgghdgmuleoelvxabfmqiotta/Build/Intermediates.noindex/GeneratedModuleMaps/EncryptionProvider.modulemap -Xcc -fmodule-map-file\=/Users/buddhirajgautam/Library/Developer/Xcode/DerivedData/Telegram-Mac-fygdgghdgmuleoelvxabfmqiotta/Build/Intermediates.noindex/GeneratedModuleMaps/MtProtoKit.modulemap -Xcc -fmodule-map-file\=/Users/buddhirajgautam/Library/Developer/Xcode/DerivedData/Telegram-Mac-fygdgghdgmuleoelvxabfmqiotta/Build/Intermediates.noindex/GeneratedModuleMaps/OpusBinding.modulemap -Xcc -fmodule-map-file\=/Users/buddhirajgautam/Library/Developer/Xcode/DerivedData/Telegram-Mac-fygdgghdgmuleoelvxabfmqiotta/Build/Intermediates.noindex/GeneratedModuleMaps/ObjcUtils.modulemap -Xcc -fmodule-map-file\=/Users/buddhirajgautam/Library/Developer/Xcode/DerivedData/Telegram-Mac-fygdgghdgmuleoelvxabfmqiotta/Build/Intermediates.noindex/GeneratedModuleMaps/TGVideoCameraMovie.modulemap -Xcc -fmodule-map-file\=/Users/buddhirajgautam/Library/Developer/Xcode/DerivedData/Telegram-Mac-fygdgghdgmuleoelvxabfmqiotta/Build/Intermediates.noindex/GeneratedModuleMaps/TGGifConverter.modulemap -Xcc -fmodule-map-file\=/Users/buddhirajgautam/Library/Developer/Xcode/DerivedData/Telegram-Mac-fygdgghdgmuleoelvxabfmqiotta/Build/Intermediates.noindex/GeneratedModuleMaps/RingBuffer.modulemap -Xcc -fmodule-map-file\=/Users/buddhirajgautam/Library/Developer/Xcode/DerivedData/Telegram-Mac-fygdgghdgmuleoelvxabfmqiotta/Build/Intermediates.noindex/GeneratedModuleMaps/TGPassportMRZ.modulemap -Xcc -fmodule-map-file\=/Users/buddhirajgautam/Library/Developer/Xcode/DerivedData/Telegram-Mac-fygdgghdgmuleoelvxabfmqiotta/Build/Intermediates.noindex/GeneratedModuleMaps/libwebp.modulemap -Xcc -fmodule-map-file\=/Users/buddhirajgautam/Library/Developer/Xcode/DerivedData/Telegram-Mac-fygdgghdgmuleoelvxabfmqiotta/Build/Intermediates.noindex/GeneratedModuleMaps/DetectSpeech.modulemap -Xcc -fmodule-map-file\=/Users/buddhirajgautam/Library/Developer/Xcode/DerivedData/Telegram-Mac-fygdgghdgmuleoelvxabfmqiotta/Build/Intermediates.noindex/GeneratedModuleMaps/EmojiSuggestions.modulemap -Xcc -fmodule-map-file\=/Users/buddhirajgautam/Library/Developer/Xcode/DerivedData/Telegram-Mac-fygdgghdgmuleoelvxabfmqiotta/Build/Intermediates.noindex/GeneratedModuleMaps/Svg.modulemap -DBETA -enable-bare-slash-regex -enable-experimental-feature DebugDescriptionMacro -sdk /Applications/Xcode.app/Contents/Developer/Platforms/MacOSX.platform/Developer/SDKs/MacOSX27.0.sdk -target arm64-apple-macos12.0 -g -module-cache-path /Users/buddhirajgautam/Library/Developer/Xcode/DerivedData/ModuleCache.noindex -Xfrontend -serialize-debugging-options -profile-coverage-mapping -profile-generate -Xfrontend -disable-reflection-metadata -index-store-path /Users/buddhirajgautam/Library/Developer/Xcode/DerivedData/Telegram-Mac-fygdgghdgmuleoelvxabfmqiotta/Index.noindex/DataStore -Xcc -D_LIBCPP_HARDENING_MODE\=_LIBCPP_HARDENING_MODE_DEBUG -swift-version 5 -I /Users/buddhirajgautam/Library/Developer/Xcode/DerivedData/Telegram-Mac-fygdgghdgmuleoelvxabfmqiotta/Build/Products/Debug -F /Users/buddhirajgautam/Library/Developer/Xcode/DerivedData/Telegram-Mac-fygdgghdgmuleoelvxabfmqiotta/Build/Products/Debug/PackageFrameworks -F /Users/buddhirajgautam/Library/Developer/Xcode/DerivedData/Telegram-Mac-fygdgghdgmuleoelvxabfmqiotta/Build/Products/Debug -F /Users/buddhirajgautam/Documents/Cherrygram-Mac/macOS-Swift -F /Applications/Xcode.app/Contents/Developer/Platforms/MacOSX.platform/Developer/SDKs/MacOSX27.0.sdk/System/Library/PrivateFrameworks -F /Users/buddhirajgautam/Documents/Cherrygram-Mac/macOS-Swift/submodules -F /Users/buddhirajgautam/Documents/Cherrygram-Mac/macOS-Swift/submodules/AppCenter -c -j8 -enable-batch-mode -incremental -Xcc -ivfsstatcache -Xcc /Users/buddhirajgautam/Library/Developer/Xcode/DerivedData/SDKStatCaches.noindex/macosx27.0-26A425-e829b21a6f8c9b70876ba0858053c0447231f6df4def33e022ae2eb8f782df1a.sdkstatcache -output-file-map /Users/buddhirajgautam/Library/Developer/Xcode/DerivedData/Telegram-Mac-fygdgghdgmuleoelvxabfmqiotta/Build/Intermediates.noindex/Telegram.build/Debug/Telegram.build/Objects-normal/arm64/Telegram-OutputFileMap.json -save-temps -no-color-diagnostics -explicit-module-build -module-cache-path /Users/buddhirajgautam/Library/Developer/Xcode/DerivedData/Telegram-Mac-fygdgghdgmuleoelvxabfmqiotta/Build/Intermediates.noindex/SwiftExplicitPrecompiledModules -clang-scanner-module-cache-path /Users/buddhirajgautam/Library/Developer/Xcode/DerivedData/ModuleCache.noindex -sdk-module-cache-path /Users/buddhirajgautam/Library/Developer/Xcode/DerivedData/SDKExplicitPrecompiledModules -emit-dependencies -emit-module -emit-module-path /Users/buddhirajgautam/Library/Developer/Xcode/DerivedData/Telegram-Mac-fygdgghdgmuleoelvxabfmqiotta/Build/Intermediates.noindex/Telegram.build/Debug/Telegram.build/Objects-normal/arm64/Telegram.swiftmodule -serialize-diagnostics -dependency-scan-serialize-diagnostics-path /Users/buddhirajgautam/Library/Developer/Xcode/DerivedData/Telegram-Mac-fygdgghdgmuleoelvxabfmqiotta/Build/Intermediates.noindex/Telegram.build/Debug/Telegram.build/Objects-normal/arm64/Telegram-dependency-scan.dia -validate-clang-modules-once -clang-build-session-file /Users/buddhirajgautam/Library/Developer/Xcode/DerivedData/ModuleCache.noindex/Session.modulevalidation -Xcc -fmodules-prune-interval\=86400 -Xcc -fmodules-prune-after\=345600 -emit-const-values -const-gather-protocols-list /Users/buddhirajgautam/Library/Developer/Xcode/DerivedData/Telegram-Mac-fygdgghdgmuleoelvxabfmqiotta/Build/Intermediates.noindex/Telegram.build/Debug/Telegram.build/Objects-normal/arm64/Telegram_const_extract_protocols.json -Xcc -iquote -Xcc /Users/buddhirajgautam/Library/Developer/Xcode/DerivedData/Telegram-Mac-fygdgghdgmuleoelvxabfmqiotta/Build/Intermediates.noindex/Telegram.build/Debug/Telegram.build/Telegram-generated-files.hmap -Xcc -I/Users/buddhirajgautam/Library/Developer/Xcode/DerivedData/Telegram-Mac-fygdgghdgmuleoelvxabfmqiotta/Build/Intermediates.noindex/Telegram.build/Debug/Telegram.build/Telegram-own-target-headers.hmap -Xcc -I/Users/buddhirajgautam/Library/Developer/Xcode/DerivedData/Telegram-Mac-fygdgghdgmuleoelvxabfmqiotta/Build/Intermediates.noindex/Telegram.build/Debug/Telegram.build/Telegram-all-non-framework-target-headers.hmap -Xcc -ivfsoverlay -Xcc /Users/buddhirajgautam/Library/Developer/Xcode/DerivedData/Telegram-Mac-fygdgghdgmuleoelvxabfmqiotta/Build/Intermediates.noindex/Telegram.build/Debug/Telegram-dbe0546bccfdc52e72cb2837036a25ae-VFS/all-product-headers.yaml -Xcc -iquote -Xcc /Users/buddhirajgautam/Library/Developer/Xcode/DerivedData/Telegram-Mac-fygdgghdgmuleoelvxabfmqiotta/Build/Intermediates.noindex/Telegram.build/Debug/Telegram.build/Telegram-project-headers.hmap -Xcc -I/Users/buddhirajgautam/Documents/Cherrygram-Mac/macOS-Swift/packages/HotKey/Sources/include -Xcc -I/Users/buddhirajgautam/Documents/Cherrygram-Mac/macOS-Swift/submodules/telegram-ios/submodules/sqlcipher/PublicHeaders -Xcc -I/Users/buddhirajgautam/Documents/Cherrygram-Mac/macOS-Swift/submodules/telegram-ios/submodules/StringTransliteration/PublicHeaders -Xcc -I/Users/buddhirajgautam/Documents/Cherrygram-Mac/macOS-Swift/submodules/telegram-ios/submodules/Crc32/PublicHeaders -Xcc -I/Users/buddhirajgautam/Documents/Cherrygram-Mac/macOS-Swift/submodules/minizip/Sources -Xcc -I/Users/buddhirajgautam/Documents/Cherrygram-Mac/macOS-Swift/submodules/telegram-ios/submodules/libphonenumber/PublicHeaders -Xcc -I/Users/buddhirajgautam/Documents/Cherrygram-Mac/macOS-Swift/submodules/telegram-ios/submodules/MurMurHash32/PublicHeaders -Xcc -I/Users/buddhirajgautam/Documents/Cherrygram-Mac/macOS-Swift/submodules/Stripe/PublicHeaders -Xcc -I/Users/buddhirajgautam/Documents/Cherrygram-Mac/macOS-Swift/packages/FastBlur/Sources/FastBlur -Xcc -I/Users/buddhirajgautam/Documents/Cherrygram-Mac/macOS-Swift/packages/TGCurrencyFormatter/Sources/TGCurrencyFormatter -Xcc -I/Users/buddhirajgautam/Documents/Cherrygram-Mac/macOS-Swift/submodules/telegram-ios/submodules/FFMpegBinding/Public -Xcc -I/Users/buddhirajgautam/Documents/Cherrygram-Mac/macOS-Swift/submodules/tgcalls/macos/PublicHeaders -Xcc -I/Users/buddhirajgautam/Documents/Cherrygram-Mac/macOS-Swift/submodules/telegram-ios/third-party/rnnoise/PublicHeaders -Xcc -I/Users/buddhirajgautam/Documents/Cherrygram-Mac/macOS-Swift/submodules/telegram-ios/submodules/YuvConversion/PublicHeaders -Xcc -I/Users/buddhirajgautam/Documents/Cherrygram-Mac/macOS-Swift/submodules/telegram-ios/submodules/NetworkLogging/PublicHeaders -Xcc -I/Users/buddhirajgautam/Documents/Cherrygram-Mac/macOS-Swift/submodules/telegram-ios/submodules/Utils/DarwinDirStat/PublicHeaders -Xcc -I/Users/buddhirajgautam/Documents/Cherrygram-Mac/macOS-Swift/submodules/telegram-ios/submodules/Reachability/LegacyReachability/PublicHeaders -Xcc -I/Users/buddhirajgautam/Documents/Cherrygram-Mac/macOS-Swift/packages/DateUtils/Sources/DateUtils -Xcc -I/Users/buddhirajgautam/Documents/Cherrygram-Mac/macOS-Swift/packages/NumberPluralization/Sources/NumberPluralization -Xcc -I/Users/buddhirajgautam/Documents/Cherrygram-Mac/macOS-Swift/packages/TGModernGrowingTextView/Sources/TGModernGrowingTextView -Xcc -I/Users/buddhirajgautam/Documents/Cherrygram-Mac/macOS-Swift/packages/HackUtils/Sources/HackUtils -Xcc -I/Users/buddhirajgautam/Documents/Cherrygram-Mac/macOS-Swift/packages/InAppVideoServices/PublicHeaders/InAppVideoServices -Xcc -I/Users/buddhirajgautam/Documents/Cherrygram-Mac/macOS-Swift/submodules/telegram-ios/submodules/Utils/ShelfPack/PublicHeaders -Xcc -I/Users/buddhirajgautam/Documents/Cherrygram-Mac/macOS-Swift/submodules/Mozjpeg/Sources -Xcc -I/Users/buddhirajgautam/Documents/Cherrygram-Mac/macOS-Swift/submodules/telegram-ios/third-party/td/TdBinding/Public -Xcc -I/Users/buddhirajgautam/Documents/Cherrygram-Mac/macOS-Swift/submodules/telegram-ios/submodules/Utils/LokiRng/PublicHeaders -Xcc -I/Users/buddhirajgautam/Documents/Cherrygram-Mac/macOS-Swift/submodules/telegram-ios/submodules/CryptoUtils/PublicHeaders -Xcc -I/Users/buddhirajgautam/Documents/Cherrygram-Mac/macOS-Swift/submodules/BuildConfig/Sources/include -Xcc -I/Users/buddhirajgautam/Documents/Cherrygram-Mac/macOS-Swift/submodules/telegram-ios/submodules/OpenSSLEncryptionProvider/PublicHeaders -Xcc -I/Users/buddhirajgautam/Documents/Cherrygram-Mac/macOS-Swift/packages/EDSunriseSet/Sources/EDSunriseSet -Xcc -I/Users/buddhirajgautam/Documents/Cherrygram-Mac/macOS-Swift/packages/OCR/PublicHeaders -Xcc -I/Users/buddhirajgautam/Library/Developer/Xcode/DerivedData/Telegram-Mac-fygdgghdgmuleoelvxabfmqiotta/SourcePackages/checkouts/GoogleDataTransport/GoogleDataTransport/GDTCORLibrary/Public -Xcc -I/Users/buddhirajgautam/Library/Developer/Xcode/DerivedData/Telegram-Mac-fygdgghdgmuleoelvxabfmqiotta/SourcePackages/checkouts/firebase-ios-sdk/Crashlytics/Crashlytics/Public -Xcc -I/Users/buddhirajgautam/Documents/Cherrygram-Mac/macOS-Swift/packages/CalendarUtils/Sources/CalendarUtils -Xcc -I/Users/buddhirajgautam/Library/Developer/Xcode/DerivedData/Telegram-Mac-fygdgghdgmuleoelvxabfmqiotta/SourcePackages/checkouts/promises/Sources/FBLPromises/include -Xcc -I/Users/buddhirajgautam/Library/Developer/Xcode/DerivedData/Telegram-Mac-fygdgghdgmuleoelvxabfmqiotta/SourcePackages/checkouts/GoogleUtilities/GoogleUtilities/UserDefaults/Public -Xcc -I/Users/buddhirajgautam/Library/Developer/Xcode/DerivedData/Telegram-Mac-fygdgghdgmuleoelvxabfmqiotta/SourcePackages/checkouts/GoogleAppMeasurement/GoogleAppMeasurementWrapper/include -Xcc -I/Users/buddhirajgautam/Library/Developer/Xcode/DerivedData/Telegram-Mac-fygdgghdgmuleoelvxabfmqiotta/SourcePackages/checkouts/GoogleUtilities/GoogleUtilities/AppDelegateSwizzler/Public -Xcc -I/Users/buddhirajgautam/Library/Developer/Xcode/DerivedData/Telegram-Mac-fygdgghdgmuleoelvxabfmqiotta/SourcePackages/checkouts/GoogleUtilities/GoogleUtilities/MethodSwizzler/Public -Xcc -I/Users/buddhirajgautam/Library/Developer/Xcode/DerivedData/Telegram-Mac-fygdgghdgmuleoelvxabfmqiotta/SourcePackages/checkouts/GoogleUtilities/GoogleUtilities/Reachability/Public -Xcc -I/Users/buddhirajgautam/Library/Developer/Xcode/DerivedData/Telegram-Mac-fygdgghdgmuleoelvxabfmqiotta/SourcePackages/checkouts/GoogleUtilities/GoogleUtilities/NSData+zlib/Public -Xcc -I/Users/buddhirajgautam/Library/Developer/Xcode/DerivedData/Telegram-Mac-fygdgghdgmuleoelvxabfmqiotta/SourcePackages/checkouts/GoogleUtilities/GoogleUtilities/Logger/Public -Xcc -I/Users/buddhirajgautam/Library/Developer/Xcode/DerivedData/Telegram-Mac-fygdgghdgmuleoelvxabfmqiotta/SourcePackages/checkouts/GoogleUtilities/GoogleUtilities/Environment/Public -Xcc -I/Users/buddhirajgautam/Library/Developer/Xcode/DerivedData/Telegram-Mac-fygdgghdgmuleoelvxabfmqiotta/SourcePackages/checkouts/GoogleUtilities/third_party/IsAppEncrypted/Public -Xcc -I/Users/buddhirajgautam/Library/Developer/Xcode/DerivedData/Telegram-Mac-fygdgghdgmuleoelvxabfmqiotta/SourcePackages/checkouts/GoogleUtilities/GoogleUtilities/Network/Public -Xcc -I/Users/buddhirajgautam/Library/Developer/Xcode/DerivedData/Telegram-Mac-fygdgghdgmuleoelvxabfmqiotta/SourcePackages/checkouts/nanopb/spm_headers -Xcc -I/Users/buddhirajgautam/Library/Developer/Xcode/DerivedData/Telegram-Mac-fygdgghdgmuleoelvxabfmqiotta/SourcePackages/checkouts/firebase-ios-sdk/FirebaseAnalyticsWrapper/include -Xcc -I/Users/buddhirajgautam/Library/Developer/Xcode/DerivedData/Telegram-Mac-fygdgghdgmuleoelvxabfmqiotta/SourcePackages/checkouts/firebase-ios-sdk/FirebaseInstallations/Source/Library/Public -Xcc -I/Users/buddhirajgautam/Library/Developer/Xcode/DerivedData/Telegram-Mac-fygdgghdgmuleoelvxabfmqiotta/SourcePackages/checkouts/firebase-ios-sdk/FirebaseCore/Sources/Public -Xcc -I/Users/buddhirajgautam/Library/Developer/Xcode/DerivedData/Telegram-Mac-fygdgghdgmuleoelvxabfmqiotta/SourcePackages/checkouts/firebase-ios-sdk/CoreOnly/Sources -Xcc -I/Users/buddhirajgautam/Library/Developer/Xcode/DerivedData/Telegram-Mac-fygdgghdgmuleoelvxabfmqiotta/SourcePackages/checkouts/firebase-ios-sdk/SwiftPM-PlatformExclude/FirebaseAnalyticsWrap/include -Xcc -I/Users/buddhirajgautam/Documents/Cherrygram-Mac/macOS-Swift/packages/GZIP/Sources/GZIP -Xcc -I/Users/buddhirajgautam/Documents/Cherrygram-Mac/macOS-Swift/submodules/telegram-ios/submodules/EncryptionProvider/PublicHeaders -Xcc -I/Users/buddhirajgautam/Documents/Cherrygram-Mac/macOS-Swift/submodules/telegram-ios/submodules/MtProtoKit/PublicHeaders -Xcc -I/Users/buddhirajgautam/Documents/Cherrygram-Mac/macOS-Swift/submodules/telegram-ios/submodules/OpusBinding/PublicHeaders -Xcc -I/Users/buddhirajgautam/Documents/Cherrygram-Mac/macOS-Swift/packages/ObjcUtils/Sources/ObjcUtils -Xcc -I/Users/buddhirajgautam/Documents/Cherrygram-Mac/macOS-Swift/packages/TGVideoCameraMovie/PublicHeaders/TGVideoCameraMovie -Xcc -I/Users/buddhirajgautam/Documents/Cherrygram-Mac/macOS-Swift/packages/TGGifConverter/Sources/TGGifConverter -Xcc -I/Users/buddhirajgautam/Documents/Cherrygram-Mac/macOS-Swift/packages/RingBuffer/Sources/RingBuffer -Xcc -I/Users/buddhirajgautam/Documents/Cherrygram-Mac/macOS-Swift/packages/TGPassportMRZ/Sources/TGPassportMRZ -Xcc -I/Users/buddhirajgautam/Documents/Cherrygram-Mac/macOS-Swift/submodules/libwebp/Sources -Xcc -I/Users/buddhirajgautam/Documents/Cherrygram-Mac/macOS-Swift/packages/DetectSpeech/Sources/DetectSpeech -Xcc -I/Users/buddhirajgautam/Documents/Cherrygram-Mac/macOS-Swift/packages/EmojiSuggestions/PublicHeaders -Xcc -I/Users/buddhirajgautam/Documents/Cherrygram-Mac/macOS-Swift/packages/Svg/PublicHeaders/Svg -Xcc -I/Users/buddhirajgautam/Library/Developer/Xcode/DerivedData/Telegram-Mac-fygdgghdgmuleoelvxabfmqiotta/Build/Products/Debug/include -Xcc -I/Users/buddhirajgautam/Documents/Cherrygram-Mac/macOS-Swift/submodules/libtgvoip -Xcc -I/Users/buddhirajgautam/Library/Developer/Xcode/DerivedData/Telegram-Mac-fygdgghdgmuleoelvxabfmqiotta/Build/Intermediates.noindex/Telegram.build/Debug/Telegram.build/DerivedSources-normal/arm64 -Xcc -I/Users/buddhirajgautam/Library/Developer/Xcode/DerivedData/Telegram-Mac-fygdgghdgmuleoelvxabfmqiotta/Build/Intermediates.noindex/Telegram.build/Debug/Telegram.build/DerivedSources/arm64 -Xcc -I/Users/buddhirajgautam/Library/Developer/Xcode/DerivedData/Telegram-Mac-fygdgghdgmuleoelvxabfmqiotta/Build/Intermediates.noindex/Telegram.build/Debug/Telegram.build/DerivedSources -Xcc -DWEBRTC_MAC\=1 -Xcc -DWEBRTC_MAC\=1 -emit-objc-header -emit-objc-header-path /Users/buddhirajgautam/Library/Developer/Xcode/DerivedData/Telegram-Mac-fygdgghdgmuleoelvxabfmqiotta/Build/Intermediates.noindex/Telegram.build/Debug/Telegram.build/Objects-normal/arm64/Telegram-Swift.h -import-objc-header /Users/buddhirajgautam/Documents/Cherrygram-Mac/macOS-Swift/Telegram-Mac/Telegram-Mac-Bridging-Header.h -working-directory /Users/buddhirajgautam/Documents/Cherrygram-Mac/macOS-Swift -experimental-emit-module-separately -disable-cmo
/Users/buddhirajgautam/Documents/Cherrygram-Mac/macOS-Swift/Telegram-Mac/ChatEmptyPeerItem.swift:27:12: warning: Extraneous whitespace between attribute name and '('; this is an error in the Swift 6 language mode (in target 'Telegram' from project 'Telegram')
/Users/buddhirajgautam/Documents/Cherrygram-Mac/macOS-Swift/Telegram-Mac/ChatUrlPreviewModel.swift:18:12: warning: Extraneous whitespace between attribute name and '('; this is an error in the Swift 6 language mode (in target 'Telegram' from project 'Telegram')
/Users/buddhirajgautam/Documents/Cherrygram-Mac/macOS-Swift/Telegram-Mac/InstantPageDetailsItem.swift:348:12: warning: Extraneous whitespace between attribute name and '('; this is an error in the Swift 6 language mode (in target 'Telegram' from project 'Telegram')
/Users/buddhirajgautam/Library/Developer/Xcode/DerivedData/Telegram-Mac-fygdgghdgmuleoelvxabfmqiotta/Build/Intermediates.noindex/Telegram.build/Debug/Telegram.build/DerivedSources/GeneratedAssetSymbols.swift:1852:14: warning: The "Icon_Profile_Call" image asset name resolves to the symbol "iconProfileCall" which already exists. Try renaming the asset. (in target 'Telegram' from project 'Telegram')
/Users/buddhirajgautam/Library/Developer/Xcode/DerivedData/Telegram-Mac-fygdgghdgmuleoelvxabfmqiotta/Build/Intermediates.noindex/Telegram.build/Debug/Telegram.build/DerivedSources/GeneratedAssetSymbols.swift:2454:14: warning: The "Icon_Story_Repost" image asset name resolves to the symbol "iconStoryRepost" which already exists. Try renaming the asset. (in target 'Telegram' from project 'Telegram')

MetalLink /Users/buddhirajgautam/Library/Developer/Xcode/DerivedData/Telegram-Mac-fygdgghdgmuleoelvxabfmqiotta/Build/Products/Debug/Telegram.app/Contents/Resources/default.metallib (in target 'Telegram' from project 'Telegram')
    cd /Users/buddhirajgautam/Documents/Cherrygram-Mac/macOS-Swift
    /var/run/com.apple.security.cryptexd/mnt/com.apple.MobileAsset.MetalToolchain-v27.1.266.1.Pr1pMU/Metal.xctoolchain/usr/bin/metal -target air64-apple-macos12.0 -o /Users/buddhirajgautam/Library/Developer/Xcode/DerivedData/Telegram-Mac-fygdgghdgmuleoelvxabfmqiotta/Build/Products/Debug/Telegram.app/Contents/Resources/default.metallib /Users/buddhirajgautam/Library/Developer/Xcode/DerivedData/Telegram-Mac-fygdgghdgmuleoelvxabfmqiotta/Build/Intermediates.noindex/Telegram.build/Debug/Telegram.build/Metal/MetalFunctions.air

SwiftExplicitDependencyGeneratePcm arm64 /Users/buddhirajgautam/Library/Developer/Xcode/DerivedData/Telegram-Mac-fygdgghdgmuleoelvxabfmqiotta/Build/Intermediates.noindex/SwiftExplicitPrecompiledModules/NetworkLogging-9NVPHDLN9FMSODDYFYM74VQQK.pcm

SwiftExplicitDependencyGeneratePcm arm64 /Users/buddhirajgautam/Library/Developer/Xcode/DerivedData/Telegram-Mac-fygdgghdgmuleoelvxabfmqiotta/Build/Intermediates.noindex/SwiftExplicitPrecompiledModules/TgVoipWebrtc-ABEZV5KPSWUAWMA64B1JS4ILL.pcm

SwiftExplicitDependencyGeneratePcm arm64 /Users/buddhirajgautam/Library/Developer/Xcode/DerivedData/Telegram-Mac-fygdgghdgmuleoelvxabfmqiotta/Build/Intermediates.noindex/SwiftExplicitPrecompiledModules/TGGifConverter-CMG19248Y79W6PFP1Z8VLL6MV.pcm

SwiftExplicitDependencyGeneratePcm arm64 /Users/buddhirajgautam/Library/Developer/Xcode/DerivedData/Telegram-Mac-fygdgghdgmuleoelvxabfmqiotta/Build/Intermediates.noindex/SwiftExplicitPrecompiledModules/CodeSyntax-5F0CCKO35QJDVBJWANDEO2MNY.pcm

SwiftExplicitDependencyGeneratePcm arm64 /Users/buddhirajgautam/Library/Developer/Xcode/DerivedData/Telegram-Mac-fygdgghdgmuleoelvxabfmqiotta/Build/Intermediates.noindex/SwiftExplicitPrecompiledModules/DateUtils-5MMKRCMQC35CKA7ITMLGHB1O9.pcm

SwiftExplicitDependencyGeneratePcm arm64 /Users/buddhirajgautam/Library/Developer/Xcode/DerivedData/Telegram-Mac-fygdgghdgmuleoelvxabfmqiotta/Build/Intermediates.noindex/SwiftExplicitPrecompiledModules/YuvConversion-5KT5QX0LCXLNWNRFEH3RRCLFD.pcm

SwiftExplicitDependencyGeneratePcm arm64 /Users/buddhirajgautam/Library/Developer/Xcode/DerivedData/Telegram-Mac-fygdgghdgmuleoelvxabfmqiotta/Build/Intermediates.noindex/SwiftExplicitPrecompiledModules/ObjcUtils-EGKSL2RP8KMOAIEIIWMN5BR4N.pcm
<module-includes>:1:9: note: in file included from <module-includes>:1:
1 | #import "/Users/buddhirajgautam/Documents/Cherrygram-Mac/macOS-Swift/packages/ObjcUtils/Sources/ObjcUtils/ObjcUtils.h"
  |         `- note: in file included from <module-includes>:1:
2 | 

/Users/buddhirajgautam/Documents/Cherrygram-Mac/macOS-Swift/packages/ObjcUtils/Sources/ObjcUtils/ObjcUtils.h:16:49: warning: pointer is missing a nullability type specifier (_Nonnull, _Nullable, or _Null_unspecified)
14 | 
15 | @interface OpenWithObject : NSObject
16 | @property (nonatomic, strong,readonly) NSString *fullname;
   |                                                 |- warning: pointer is missing a nullability type specifier (_Nonnull, _Nullable, or _Null_unspecified)
   |                                                 |- note: insert '_Nullable' if the pointer may be null
   |                                                 `- note: insert '_Nonnull' if the pointer should never be null
17 | @property (nonatomic, strong,readonly) NSURL *app;
18 | @property (nonatomic, strong,readonly) NSImage *icon;

<module-includes>:1:9: note: in file included from <module-includes>:1:
1 | #import "/Users/buddhirajgautam/Documents/Cherrygram-Mac/macOS-Swift/packages/ObjcUtils/Sources/ObjcUtils/ObjcUtils.h"
  |         `- note: in file included from <module-includes>:1:
2 | 

/Users/buddhirajgautam/Documents/Cherrygram-Mac/macOS-Swift/packages/ObjcUtils/Sources/ObjcUtils/ObjcUtils.h:33:23: warning: pointer is missing a nullability type specifier (_Nonnull, _Nullable, or _Null_unspecified)
31 | +(NSArray<NSView *> *__nonnull)findElementsByClass:(NSString *__nonnull)className inView:(NSView *__nonnull)view;
32 | +(NSString * __nonnull)stringForEmojiHashOfData:(NSData *__nonnull)data count:(NSInteger)count positionExtractor:(int32_t (^__nonnull)(uint8_t *__nonnull, int32_t, int32_t))positionExtractor;
33 | +(NSArray<NSNumber *> *)bufferList:(CMSampleBufferRef)sampleBuffer;
   |                       |- warning: pointer is missing a nullability type specifier (_Nonnull, _Nullable, or _Null_unspecified)
   |                       |- note: insert '_Nullable' if the pointer may be null
   |                       `- note: insert '_Nonnull' if the pointer should never be null
34 | +(NSString * __nonnull)callEmojies:(NSData *__nonnull)keySha256;
35 | +(NSString * __nonnull)randomCallsEmoji;

<module-includes>:1:9: note: in file included from <module-includes>:1:
1 | #import "/Users/buddhirajgautam/Documents/Cherrygram-Mac/macOS-Swift/packages/ObjcUtils/Sources/ObjcUtils/ObjcUtils.h"
  |         `- note: in file included from <module-includes>:1:
2 | 

/Users/buddhirajgautam/Documents/Cherrygram-Mac/macOS-Swift/packages/ObjcUtils/Sources/ObjcUtils/ObjcUtils.h:33:37: warning: pointer is missing a nullability type specifier (_Nonnull, _Nullable, or _Null_unspecified)
31 | +(NSArray<NSView *> *__nonnull)findElementsByClass:(NSString *__nonnull)className inView:(NSView *__nonnull)view;
32 | +(NSString * __nonnull)stringForEmojiHashOfData:(NSData *__nonnull)data count:(NSInteger)count positionExtractor:(int32_t (^__nonnull)(uint8_t *__nonnull, int32_t, int32_t))positionExtractor;
33 | +(NSArray<NSNumber *> *)bufferList:(CMSampleBufferRef)sampleBuffer;
   |                                     |- warning: pointer is missing a nullability type specifier (_Nonnull, _Nullable, or _Null_unspecified)
   |                                     |- note: insert '_Nullable' if the pointer may be null
   |                                     `- note: insert '_Nonnull' if the pointer should never be null
34 | +(NSString * __nonnull)callEmojies:(NSData *__nonnull)keySha256;
35 | +(NSString * __nonnull)randomCallsEmoji;

<module-includes>:1:9: note: in file included from <module-includes>:1:
1 | #import "/Users/buddhirajgautam/Documents/Cherrygram-Mac/macOS-Swift/packages/ObjcUtils/Sources/ObjcUtils/ObjcUtils.h"
  |         `- note: in file included from <module-includes>:1:
2 | 

/Users/buddhirajgautam/Documents/Cherrygram-Mac/macOS-Swift/packages/ObjcUtils/Sources/ObjcUtils/ObjcUtils.h:44:151: warning: pointer is missing a nullability type specifier (_Nonnull, _Nullable, or _Null_unspecified)
42 | +(NSArray<NSString *> * __nonnull)notificationTones:(NSString * __nonnull)def;
43 | +(NSString * __nullable)youtubeIdentifier:(NSString * __nonnull)url;;
44 | + (NSString * __nullable)_youtubeVideoIdFromText:(NSString * __nullable)text originalUrl:(NSString * __nullable)originalUrl startTime:(NSTimeInterval *)startTime;
   |                                                                                                                                                       |- warning: pointer is missing a nullability type specifier (_Nonnull, _Nullable, or _Null_unspecified)
   |                                                                                                                                                       |- note: insert '_Nullable' if the pointer may be null
   |                                                                                                                                                       `- note: insert '_Nonnull' if the pointer should never be null
45 | +(NSArray<OpenWithObject *> *)appsForFileUrl:(NSString *)fileUrl;
46 | 

<module-includes>:1:9: note: in file included from <module-includes>:1:
1 | #import "/Users/buddhirajgautam/Documents/Cherrygram-Mac/macOS-Swift/packages/ObjcUtils/Sources/ObjcUtils/ObjcUtils.h"
  |         `- note: in file included from <module-includes>:1:
2 | 

/Users/buddhirajgautam/Documents/Cherrygram-Mac/macOS-Swift/packages/ObjcUtils/Sources/ObjcUtils/ObjcUtils.h:45:29: warning: pointer is missing a nullability type specifier (_Nonnull, _Nullable, or _Null_unspecified)
43 | +(NSString * __nullable)youtubeIdentifier:(NSString * __nonnull)url;;
44 | + (NSString * __nullable)_youtubeVideoIdFromText:(NSString * __nullable)text originalUrl:(NSString * __nullable)originalUrl startTime:(NSTimeInterval *)startTime;
45 | +(NSArray<OpenWithObject *> *)appsForFileUrl:(NSString *)fileUrl;
   |                             |- warning: pointer is missing a nullability type specifier (_Nonnull, _Nullable, or _Null_unspecified)
   |                             |- note: insert '_Nullable' if the pointer may be null
   |                             `- note: insert '_Nonnull' if the pointer should never be null
46 | 
47 |     

<module-includes>:1:9: note: in file included from <module-includes>:1:
1 | #import "/Users/buddhirajgautam/Documents/Cherrygram-Mac/macOS-Swift/packages/ObjcUtils/Sources/ObjcUtils/ObjcUtils.h"
  |         `- note: in file included from <module-includes>:1:
2 | 

/Users/buddhirajgautam/Documents/Cherrygram-Mac/macOS-Swift/packages/ObjcUtils/Sources/ObjcUtils/ObjcUtils.h:45:56: warning: pointer is missing a nullability type specifier (_Nonnull, _Nullable, or _Null_unspecified)
43 | +(NSString * __nullable)youtubeIdentifier:(NSString * __nonnull)url;;
44 | + (NSString * __nullable)_youtubeVideoIdFromText:(NSString * __nullable)text originalUrl:(NSString * __nullable)originalUrl startTime:(NSTimeInterval *)startTime;
45 | +(NSArray<OpenWithObject *> *)appsForFileUrl:(NSString *)fileUrl;
   |                                                        |- warning: pointer is missing a nullability type specifier (_Nonnull, _Nullable, or _Null_unspecified)
   |                                                        |- note: insert '_Nullable' if the pointer may be null
   |                                                        `- note: insert '_Nonnull' if the pointer should never be null
46 | 
47 |     

<module-includes>:1:9: note: in file included from <module-includes>:1:
1 | #import "/Users/buddhirajgautam/Documents/Cherrygram-Mac/macOS-Swift/packages/ObjcUtils/Sources/ObjcUtils/ObjcUtils.h"
  |         `- note: in file included from <module-includes>:1:
2 | 

/Users/buddhirajgautam/Documents/Cherrygram-Mac/macOS-Swift/packages/ObjcUtils/Sources/ObjcUtils/ObjcUtils.h:60:60: warning: pointer is missing a nullability type specifier (_Nonnull, _Nullable, or _Null_unspecified)
58 | //@end
59 | 
60 | NSArray<NSString *> *  __nonnull cut_long_message(NSString *message, int max_length);
   |                                                            |- warning: pointer is missing a nullability type specifier (_Nonnull, _Nullable, or _Null_unspecified)
   |                                                            |- note: insert '_Nullable' if the pointer may be null
   |                                                            `- note: insert '_Nonnull' if the pointer should never be null
61 | int64_t SystemIdleTime(void);
62 | NSDictionary<NSString *, NSString *> * __nonnull audioTags(AVURLAsset *asset);

<module-includes>:1:9: note: in file included from <module-includes>:1:
1 | #import "/Users/buddhirajgautam/Documents/Cherrygram-Mac/macOS-Swift/packages/ObjcUtils/Sources/ObjcUtils/ObjcUtils.h"
  |         `- note: in file included from <module-includes>:1:
2 | 

/Users/buddhirajgautam/Documents/Cherrygram-Mac/macOS-Swift/packages/ObjcUtils/Sources/ObjcUtils/ObjcUtils.h:62:71: warning: pointer is missing a nullability type specifier (_Nonnull, _Nullable, or _Null_unspecified)
60 | NSArray<NSString *> *  __nonnull cut_long_message(NSString *message, int max_length);
61 | int64_t SystemIdleTime(void);
62 | NSDictionary<NSString *, NSString *> * __nonnull audioTags(AVURLAsset *asset);
   |                                                                       |- warning: pointer is missing a nullability type specifier (_Nonnull, _Nullable, or _Null_unspecified)
   |                                                                       |- note: insert '_Nullable' if the pointer may be null
   |                                                                       `- note: insert '_Nonnull' if the pointer should never be null
63 | NSImage *  __nonnull TGIdenticonImage(NSData *data, NSData *additionalData, CGSize size);
64 | 

<module-includes>:1:9: note: in file included from <module-includes>:1:
1 | #import "/Users/buddhirajgautam/Documents/Cherrygram-Mac/macOS-Swift/packages/ObjcUtils/Sources/ObjcUtils/ObjcUtils.h"
  |         `- note: in file included from <module-includes>:1:
2 | 

/Users/buddhirajgautam/Documents/Cherrygram-Mac/macOS-Swift/packages/ObjcUtils/Sources/ObjcUtils/ObjcUtils.h:63:46: warning: pointer is missing a nullability type specifier (_Nonnull, _Nullable, or _Null_unspecified)
61 | int64_t SystemIdleTime(void);
62 | NSDictionary<NSString *, NSString *> * __nonnull audioTags(AVURLAsset *asset);
63 | NSImage *  __nonnull TGIdenticonImage(NSData *data, NSData *additionalData, CGSize size);
   |                                              |- warning: pointer is missing a nullability type specifier (_Nonnull, _Nullable, or _Null_unspecified)
   |                                              |- note: insert '_Nullable' if the pointer may be null
   |                                              `- note: insert '_Nonnull' if the pointer should never be null
64 | 
65 | @interface NSData (TG)

<module-includes>:1:9: note: in file included from <module-includes>:1:
1 | #import "/Users/buddhirajgautam/Documents/Cherrygram-Mac/macOS-Swift/packages/ObjcUtils/Sources/ObjcUtils/ObjcUtils.h"
  |         `- note: in file included from <module-includes>:1:
2 | 

/Users/buddhirajgautam/Documents/Cherrygram-Mac/macOS-Swift/packages/ObjcUtils/Sources/ObjcUtils/ObjcUtils.h:63:60: warning: pointer is missing a nullability type specifier (_Nonnull, _Nullable, or _Null_unspecified)
61 | int64_t SystemIdleTime(void);
62 | NSDictionary<NSString *, NSString *> * __nonnull audioTags(AVURLAsset *asset);
63 | NSImage *  __nonnull TGIdenticonImage(NSData *data, NSData *additionalData, CGSize size);
   |                                                            |- warning: pointer is missing a nullability type specifier (_Nonnull, _Nullable, or _Null_unspecified)
   |                                                            |- note: insert '_Nullable' if the pointer may be null
   |                                                            `- note: insert '_Nonnull' if the pointer should never be null
64 | 
65 | @interface NSData (TG)

<module-includes>:1:9: note: in file included from <module-includes>:1:
1 | #import "/Users/buddhirajgautam/Documents/Cherrygram-Mac/macOS-Swift/packages/ObjcUtils/Sources/ObjcUtils/ObjcUtils.h"
  |         `- note: in file included from <module-includes>:1:
2 | 

/Users/buddhirajgautam/Documents/Cherrygram-Mac/macOS-Swift/packages/ObjcUtils/Sources/ObjcUtils/ObjcUtils.h:69:32: warning: pointer is missing a nullability type specifier (_Nonnull, _Nullable, or _Null_unspecified)
67 | @end
68 | 
69 | BOOL isEnterAccessObjc(NSEvent *theEvent, BOOL byCmdEnter);
   |                                |- warning: pointer is missing a nullability type specifier (_Nonnull, _Nullable, or _Null_unspecified)
   |                                |- note: insert '_Nullable' if the pointer may be null
   |                                `- note: insert '_Nonnull' if the pointer should never be null
70 | BOOL isEnterEventObjc(NSEvent *theEvent);
71 | 

<module-includes>:1:9: note: in file included from <module-includes>:1:
1 | #import "/Users/buddhirajgautam/Documents/Cherrygram-Mac/macOS-Swift/packages/ObjcUtils/Sources/ObjcUtils/ObjcUtils.h"
  |         `- note: in file included from <module-includes>:1:
2 | 

/Users/buddhirajgautam/Documents/Cherrygram-Mac/macOS-Swift/packages/ObjcUtils/Sources/ObjcUtils/ObjcUtils.h:70:31: warning: pointer is missing a nullability type specifier (_Nonnull, _Nullable, or _Null_unspecified)
68 | 
69 | BOOL isEnterAccessObjc(NSEvent *theEvent, BOOL byCmdEnter);
70 | BOOL isEnterEventObjc(NSEvent *theEvent);
   |                               |- warning: pointer is missing a nullability type specifier (_Nonnull, _Nullable, or _Null_unspecified)
   |                               |- note: insert '_Nullable' if the pointer may be null
   |                               `- note: insert '_Nonnull' if the pointer should never be null
71 | 
72 | int colorIndexForGroupId(int64_t groupId);

<module-includes>:1:9: note: in file included from <module-includes>:1:
1 | #import "/Users/buddhirajgautam/Documents/Cherrygram-Mac/macOS-Swift/packages/ObjcUtils/Sources/ObjcUtils/ObjcUtils.h"
  |         `- note: in file included from <module-includes>:1:
2 | 

/Users/buddhirajgautam/Documents/Cherrygram-Mac/macOS-Swift/packages/ObjcUtils/Sources/ObjcUtils/ObjcUtils.h:82:32: warning: pointer is missing a nullability type specifier (_Nonnull, _Nullable, or _Null_unspecified)
80 | double mappingRange(double x, double in_min, double in_max, double out_min, double out_max);
81 | 
82 | CGImageRef TGBlurredAlphaImage(CGImageRef source, CGSize size, CGFloat scale);
   |                                |- warning: pointer is missing a nullability type specifier (_Nonnull, _Nullable, or _Null_unspecified)
   |                                |- note: insert '_Nullable' if the pointer may be null
   |                                `- note: insert '_Nonnull' if the pointer should never be null
83 | 

<module-includes>:1:9: note: in file included from <module-includes>:1:
1 | #import "/Users/buddhirajgautam/Documents/Cherrygram-Mac/macOS-Swift/packages/ObjcUtils/Sources/ObjcUtils/ObjcUtils.h"
  |         `- note: in file included from <module-includes>:1:
2 | 

14 warnings generated.
/Users/buddhirajgautam/Documents/Cherrygram-Mac/macOS-Swift/packages/ObjcUtils/Sources/ObjcUtils/ObjcUtils.h:82:1: warning: pointer is missing a nullability type specifier (_Nonnull, _Nullable, or _Null_unspecified)
80 | double mappingRange(double x, double in_min, double in_max, double out_min, double out_max);
81 | 
82 | CGImageRef TGBlurredAlphaImage(CGImageRef source, CGSize size, CGFloat scale);
   | |- warning: pointer is missing a nullability type specifier (_Nonnull, _Nullable, or _Null_unspecified)
   | |- note: insert '_Nullable' if the pointer may be null
   | `- note: insert '_Nonnull' if the pointer should never be null
83 | 

SwiftExplicitDependencyGeneratePcm arm64 /Users/buddhirajgautam/Library/Developer/Xcode/DerivedData/Telegram-Mac-fygdgghdgmuleoelvxabfmqiotta/Build/Intermediates.noindex/SwiftExplicitPrecompiledModules/Sparkle-D3KNKYSH3OJFWYIQQQNZ2J6VY.pcm
<module-includes>:1:9: note: in file included from <module-includes>:1:
1 | #import "Headers/Sparkle.h"
  |         `- note: in file included from <module-includes>:1:
2 | 

/Users/buddhirajgautam/Library/Developer/Xcode/DerivedData/Telegram-Mac-fygdgghdgmuleoelvxabfmqiotta/Build/Products/Debug/Sparkle.framework/Headers/Sparkle.h:36:1: warning: umbrella header for module 'Sparkle' does not include header 'SUGuidedPackageInstaller.h'
34 | #import "SUUpdaterPrivate.h"
35 | #endif
36 | 
   | `- warning: umbrella header for module 'Sparkle' does not include header 'SUGuidedPackageInstaller.h'

<module-includes>:1:9: note: in file included from <module-includes>:1:
1 | #import "Headers/Sparkle.h"
  |         `- note: in file included from <module-includes>:1:
2 | 

/Users/buddhirajgautam/Library/Developer/Xcode/DerivedData/Telegram-Mac-fygdgghdgmuleoelvxabfmqiotta/Build/Products/Debug/Sparkle.framework/Headers/Sparkle.h:36:1: warning: umbrella header for module 'Sparkle' does not include header 'SUAutomaticUpdateDriver.h'
34 | #import "SUUpdaterPrivate.h"
35 | #endif
36 | 
   | `- warning: umbrella header for module 'Sparkle' does not include header 'SUAutomaticUpdateDriver.h'

<module-includes>:1:9: note: in file included from <module-includes>:1:
1 | #import "Headers/Sparkle.h"
  |         `- note: in file included from <module-includes>:1:
2 | 

/Users/buddhirajgautam/Library/Developer/Xcode/DerivedData/Telegram-Mac-fygdgghdgmuleoelvxabfmqiotta/Build/Products/Debug/Sparkle.framework/Headers/Sparkle.h:36:1: warning: umbrella header for module 'Sparkle' does not include header 'SUUpdatePermissionPrompt.h'
34 | #import "SUUpdaterPrivate.h"
35 | #endif
36 | 
   | `- warning: umbrella header for module 'Sparkle' does not include header 'SUUpdatePermissionPrompt.h'

<module-includes>:1:9: note: in file included from <module-includes>:1:
1 | #import "Headers/Sparkle.h"
  |         `- note: in file included from <module-includes>:1:
2 | 

/Users/buddhirajgautam/Library/Developer/Xcode/DerivedData/Telegram-Mac-fygdgghdgmuleoelvxabfmqiotta/Build/Products/Debug/Sparkle.framework/Headers/Sparkle.h:36:1: warning: umbrella header for module 'Sparkle' does not include header 'SUPackageInstaller.h'
34 | #import "SUUpdaterPrivate.h"
35 | #endif
36 | 
   | `- warning: umbrella header for module 'Sparkle' does not include header 'SUPackageInstaller.h'

<module-includes>:1:9: note: in file included from <module-includes>:1:
1 | #import "Headers/Sparkle.h"
  |         `- note: in file included from <module-includes>:1:
2 | 

/Users/buddhirajgautam/Library/Developer/Xcode/DerivedData/Telegram-Mac-fygdgghdgmuleoelvxabfmqiotta/Build/Products/Debug/Sparkle.framework/Headers/Sparkle.h:36:1: warning: umbrella header for module 'Sparkle' does not include header 'SUPlainInstaller.h'
34 | #import "SUUpdaterPrivate.h"
35 | #endif
36 | 
   | `- warning: umbrella header for module 'Sparkle' does not include header 'SUPlainInstaller.h'

<module-includes>:1:9: note: in file included from <module-includes>:1:
1 | #import "Headers/Sparkle.h"
  |         `- note: in file included from <module-includes>:1:
2 | 

/Users/buddhirajgautam/Library/Developer/Xcode/DerivedData/Telegram-Mac-fygdgghdgmuleoelvxabfmqiotta/Build/Products/Debug/Sparkle.framework/Headers/Sparkle.h:36:1: warning: umbrella header for module 'Sparkle' does not include header 'SUPipedUnarchiver.h'
34 | #import "SUUpdaterPrivate.h"
35 | #endif
36 | 
   | `- warning: umbrella header for module 'Sparkle' does not include header 'SUPipedUnarchiver.h'

<module-includes>:1:9: note: in file included from <module-includes>:1:
1 | #import "Headers/Sparkle.h"
  |         `- note: in file included from <module-includes>:1:
2 | 

/Users/buddhirajgautam/Library/Developer/Xcode/DerivedData/Telegram-Mac-fygdgghdgmuleoelvxabfmqiotta/Build/Products/Debug/Sparkle.framework/Headers/Sparkle.h:36:1: warning: umbrella header for module 'Sparkle' does not include header 'SUUserInitiatedUpdateDriver.h'
34 | #import "SUUpdaterPrivate.h"
35 | #endif
36 | 
   | `- warning: umbrella header for module 'Sparkle' does not include header 'SUUserInitiatedUpdateDriver.h'

<module-includes>:1:9: note: in file included from <module-includes>:1:
1 | #import "Headers/Sparkle.h"
  |         `- note: in file included from <module-includes>:1:
2 | 

/Users/buddhirajgautam/Library/Developer/Xcode/DerivedData/Telegram-Mac-fygdgghdgmuleoelvxabfmqiotta/Build/Products/Debug/Sparkle.framework/Headers/Sparkle.h:36:1: warning: umbrella header for module 'Sparkle' does not include header 'precomp_data.h'
34 | #import "SUUpdaterPrivate.h"
35 | #endif
36 | 
   | `- warning: umbrella header for module 'Sparkle' does not include header 'precomp_data.h'

<module-includes>:1:9: note: in file included from <module-includes>:1:
1 | #import "Headers/Sparkle.h"
  |         `- note: in file included from <module-includes>:1:
2 | 

/Users/buddhirajgautam/Library/Developer/Xcode/DerivedData/Telegram-Mac-fygdgghdgmuleoelvxabfmqiotta/Build/Products/Debug/Sparkle.framework/Headers/Sparkle.h:36:1: warning: umbrella header for module 'Sparkle' does not include header 'SUBinaryDeltaUnarchiver.h'
34 | #import "SUUpdaterPrivate.h"
35 | #endif
36 | 
   | `- warning: umbrella header for module 'Sparkle' does not include header 'SUBinaryDeltaUnarchiver.h'

<module-includes>:1:9: note: in file included from <module-includes>:1:
1 | #import "Headers/Sparkle.h"
  |         `- note: in file included from <module-includes>:1:
2 | 

/Users/buddhirajgautam/Library/Developer/Xcode/DerivedData/Telegram-Mac-fygdgghdgmuleoelvxabfmqiotta/Build/Products/Debug/Sparkle.framework/Headers/Sparkle.h:36:1: warning: umbrella header for module 'Sparkle' does not include header 'SUDiskImageUnarchiver.h'
34 | #import "SUUpdaterPrivate.h"
35 | #endif
36 | 
   | `- warning: umbrella header for module 'Sparkle' does not include header 'SUDiskImageUnarchiver.h'

<module-includes>:1:9: note: in file included from <module-includes>:1:
1 | #import "Headers/Sparkle.h"
  |         `- note: in file included from <module-includes>:1:
2 | 

/Users/buddhirajgautam/Library/Developer/Xcode/DerivedData/Telegram-Mac-fygdgghdgmuleoelvxabfmqiotta/Build/Products/Debug/Sparkle.framework/Headers/Sparkle.h:36:1: warning: umbrella header for module 'Sparkle' does not include header 'SUConstants.h'
34 | #import "SUUpdaterPrivate.h"
35 | #endif
36 | 
   | `- warning: umbrella header for module 'Sparkle' does not include header 'SUConstants.h'

<module-includes>:1:9: note: in file included from <module-includes>:1:
1 | #import "Headers/Sparkle.h"
  |         `- note: in file included from <module-includes>:1:
2 | 

/Users/buddhirajgautam/Library/Developer/Xcode/DerivedData/Telegram-Mac-fygdgghdgmuleoelvxabfmqiotta/Build/Products/Debug/Sparkle.framework/Headers/Sparkle.h:36:1: warning: umbrella header for module 'Sparkle' does not include header 'SUUnarchiverNotifier.h'
34 | #import "SUUpdaterPrivate.h"
35 | #endif
36 | 
   | `- warning: umbrella header for module 'Sparkle' does not include header 'SUUnarchiverNotifier.h'

<module-includes>:1:9: note: in file included from <module-includes>:1:
1 | #import "Headers/Sparkle.h"
  |         `- note: in file included from <module-includes>:1:
2 | 

/Users/buddhirajgautam/Library/Developer/Xcode/DerivedData/Telegram-Mac-fygdgghdgmuleoelvxabfmqiotta/Build/Products/Debug/Sparkle.framework/Headers/Sparkle.h:36:1: warning: umbrella header for module 'Sparkle' does not include header 'SUUnarchiverProtocol.h'
34 | #import "SUUpdaterPrivate.h"
35 | #endif
36 | 
   | `- warning: umbrella header for module 'Sparkle' does not include header 'SUUnarchiverProtocol.h'

<module-includes>:1:9: note: in file included from <module-includes>:1:
1 | #import "Headers/Sparkle.h"
  |         `- note: in file included from <module-includes>:1:
2 | 

/Users/buddhirajgautam/Library/Developer/Xcode/DerivedData/Telegram-Mac-fygdgghdgmuleoelvxabfmqiotta/Build/Products/Debug/Sparkle.framework/Headers/Sparkle.h:36:1: warning: umbrella header for module 'Sparkle' does not include header 'SUUIBasedUpdateDriver.h'
34 | #import "SUUpdaterPrivate.h"
35 | #endif
36 | 
   | `- warning: umbrella header for module 'Sparkle' does not include header 'SUUIBasedUpdateDriver.h'

<module-includes>:1:9: note: in file included from <module-includes>:1:
1 | #import "Headers/Sparkle.h"
  |         `- note: in file included from <module-includes>:1:
2 | 

/Users/buddhirajgautam/Library/Developer/Xcode/DerivedData/Telegram-Mac-fygdgghdgmuleoelvxabfmqiotta/Build/Products/Debug/Sparkle.framework/Headers/Sparkle.h:36:1: warning: umbrella header for module 'Sparkle' does not include header 'SUFileOperationConstants.h'
34 | #import "SUUpdaterPrivate.h"
35 | #endif
36 | 
   | `- warning: umbrella header for module 'Sparkle' does not include header 'SUFileOperationConstants.h'

<module-includes>:1:9: note: in file included from <module-includes>:1:
1 | #import "Headers/Sparkle.h"
  |         `- note: in file included from <module-includes>:1:
2 | 

/Users/buddhirajgautam/Library/Developer/Xcode/DerivedData/Telegram-Mac-fygdgghdgmuleoelvxabfmqiotta/Build/Products/Debug/Sparkle.framework/Headers/Sparkle.h:36:1: warning: umbrella header for module 'Sparkle' does not include header 'SULocalizations.h'
34 | #import "SUUpdaterPrivate.h"
35 | #endif
36 | 
   | `- warning: umbrella header for module 'Sparkle' does not include header 'SULocalizations.h'

<module-includes>:1:9: note: in file included from <module-includes>:1:
1 | #import "Headers/Sparkle.h"
  |         `- note: in file included from <module-includes>:1:
2 | 

/Users/buddhirajgautam/Library/Developer/Xcode/DerivedData/Telegram-Mac-fygdgghdgmuleoelvxabfmqiotta/Build/Products/Debug/Sparkle.framework/Headers/Sparkle.h:36:1: warning: umbrella header for module 'Sparkle' does not include header 'SUInstaller.h'
34 | #import "SUUpdaterPrivate.h"
35 | #endif
36 | 
   | `- warning: umbrella header for module 'Sparkle' does not include header 'SUInstaller.h'

<module-includes>:1:9: note: in file included from <module-includes>:1:
1 | #import "Headers/Sparkle.h"
  |         `- note: in file included from <module-includes>:1:
2 | 

/Users/buddhirajgautam/Library/Developer/Xcode/DerivedData/Telegram-Mac-fygdgghdgmuleoelvxabfmqiotta/Build/Products/Debug/Sparkle.framework/Headers/Sparkle.h:36:1: warning: umbrella header for module 'Sparkle' does not include header 'SUUpdateAlert.h'
34 | #import "SUUpdaterPrivate.h"
35 | #endif
36 | 
   | `- warning: umbrella header for module 'Sparkle' does not include header 'SUUpdateAlert.h'

<module-includes>:1:9: note: in file included from <module-includes>:1:
1 | #import "Headers/Sparkle.h"
  |         `- note: in file included from <module-includes>:1:
2 | 

/Users/buddhirajgautam/Library/Developer/Xcode/DerivedData/Telegram-Mac-fygdgghdgmuleoelvxabfmqiotta/Build/Products/Debug/Sparkle.framework/Headers/Sparkle.h:36:1: warning: umbrella header for module 'Sparkle' does not include header 'SULog.h'
34 | #import "SUUpdaterPrivate.h"
35 | #endif
36 | 
   | `- warning: umbrella header for module 'Sparkle' does not include header 'SULog.h'

<module-includes>:1:9: note: in file included from <module-includes>:1:
1 | #import "Headers/Sparkle.h"
  |         `- note: in file included from <module-includes>:1:
2 | 

/Users/buddhirajgautam/Library/Developer/Xcode/DerivedData/Telegram-Mac-fygdgghdgmuleoelvxabfmqiotta/Build/Products/Debug/Sparkle.framework/Headers/Sparkle.h:36:1: warning: umbrella header for module 'Sparkle' does not include header 'sha512.h'
34 | #import "SUUpdaterPrivate.h"
35 | #endif
36 | 
   | `- warning: umbrella header for module 'Sparkle' does not include header 'sha512.h'

<module-includes>:1:9: note: in file included from <module-includes>:1:
1 | #import "Headers/Sparkle.h"
  |         `- note: in file included from <module-includes>:1:
2 | 

/Users/buddhirajgautam/Library/Developer/Xcode/DerivedData/Telegram-Mac-fygdgghdgmuleoelvxabfmqiotta/Build/Products/Debug/Sparkle.framework/Headers/Sparkle.h:36:1: warning: umbrella header for module 'Sparkle' does not include header 'SUAutomaticUpdateAlert.h'
34 | #import "SUUpdaterPrivate.h"
35 | #endif
36 | 
   | `- warning: umbrella header for module 'Sparkle' does not include header 'SUAutomaticUpdateAlert.h'

<module-includes>:1:9: note: in file included from <module-includes>:1:
1 | #import "Headers/Sparkle.h"
  |         `- note: in file included from <module-includes>:1:
2 | 

/Users/buddhirajgautam/Library/Developer/Xcode/DerivedData/Telegram-Mac-fygdgghdgmuleoelvxabfmqiotta/Build/Products/Debug/Sparkle.framework/Headers/Sparkle.h:36:1: warning: umbrella header for module 'Sparkle' does not include header 'bspatch.h'
34 | #import "SUUpdaterPrivate.h"
35 | #endif
36 | 
   | `- warning: umbrella header for module 'Sparkle' does not include header 'bspatch.h'

<module-includes>:1:9: note: in file included from <module-includes>:1:
1 | #import "Headers/Sparkle.h"
  |         `- note: in file included from <module-includes>:1:
2 | 

/Users/buddhirajgautam/Library/Developer/Xcode/DerivedData/Telegram-Mac-fygdgghdgmuleoelvxabfmqiotta/Build/Products/Debug/Sparkle.framework/Headers/Sparkle.h:36:1: warning: umbrella header for module 'Sparkle' does not include header 'SUSignatures.h'
34 | #import "SUUpdaterPrivate.h"
35 | #endif
36 | 
   | `- warning: umbrella header for module 'Sparkle' does not include header 'SUSignatures.h'

<module-includes>:1:9: note: in file included from <module-includes>:1:
1 | #import "Headers/Sparkle.h"
  |         `- note: in file included from <module-includes>:1:
2 | 

/Users/buddhirajgautam/Library/Developer/Xcode/DerivedData/Telegram-Mac-fygdgghdgmuleoelvxabfmqiotta/Build/Products/Debug/Sparkle.framework/Headers/Sparkle.h:36:1: warning: umbrella header for module 'Sparkle' does not include header 'SUStatusController.h'
34 | #import "SUUpdaterPrivate.h"
35 | #endif
36 | 
   | `- warning: umbrella header for module 'Sparkle' does not include header 'SUStatusController.h'

<module-includes>:1:9: note: in file included from <module-includes>:1:
1 | #import "Headers/Sparkle.h"
  |         `- note: in file included from <module-includes>:1:
2 | 

/Users/buddhirajgautam/Library/Developer/Xcode/DerivedData/Telegram-Mac-fygdgghdgmuleoelvxabfmqiotta/Build/Products/Debug/Sparkle.framework/Headers/Sparkle.h:36:1: warning: umbrella header for module 'Sparkle' does not include header 'SPULocalCacheDirectory.h'
34 | #import "SUUpdaterPrivate.h"
35 | #endif
36 | 
   | `- warning: umbrella header for module 'Sparkle' does not include header 'SPULocalCacheDirectory.h'

<module-includes>:1:9: note: in file included from <module-includes>:1:
1 | #import "Headers/Sparkle.h"
  |         `- note: in file included from <module-includes>:1:
2 | 

/Users/buddhirajgautam/Library/Developer/Xcode/DerivedData/Telegram-Mac-fygdgghdgmuleoelvxabfmqiotta/Build/Products/Debug/Sparkle.framework/Headers/Sparkle.h:36:1: warning: umbrella header for module 'Sparkle' does not include header 'SUScheduledUpdateDriver.h'
34 | #import "SUUpdaterPrivate.h"
35 | #endif
36 | 
   | `- warning: umbrella header for module 'Sparkle' does not include header 'SUScheduledUpdateDriver.h'

<module-includes>:1:9: note: in file included from <module-includes>:1:
1 | #import "Headers/Sparkle.h"
  |         `- note: in file included from <module-includes>:1:
2 | 

/Users/buddhirajgautam/Library/Developer/Xcode/DerivedData/Telegram-Mac-fygdgghdgmuleoelvxabfmqiotta/Build/Products/Debug/Sparkle.framework/Headers/Sparkle.h:36:1: warning: umbrella header for module 'Sparkle' does not include header 'ed25519.h'
34 | #import "SUUpdaterPrivate.h"
35 | #endif
36 | 
   | `- warning: umbrella header for module 'Sparkle' does not include header 'ed25519.h'

<module-includes>:1:9: note: in file included from <module-includes>:1:
1 | #import "Headers/Sparkle.h"
  |         `- note: in file included from <module-includes>:1:
2 | 

/Users/buddhirajgautam/Library/Developer/Xcode/DerivedData/Telegram-Mac-fygdgghdgmuleoelvxabfmqiotta/Build/Products/Debug/Sparkle.framework/Headers/Sparkle.h:36:1: warning: umbrella header for module 'Sparkle' does not include header 'fe.h'
34 | #import "SUUpdaterPrivate.h"
35 | #endif
36 | 
   | `- warning: umbrella header for module 'Sparkle' does not include header 'fe.h'

<module-includes>:1:9: note: in file included from <module-includes>:1:
1 | #import "Headers/Sparkle.h"
  |         `- note: in file included from <module-includes>:1:
2 | 

/Users/buddhirajgautam/Library/Developer/Xcode/DerivedData/Telegram-Mac-fygdgghdgmuleoelvxabfmqiotta/Build/Products/Debug/Sparkle.framework/Headers/Sparkle.h:36:1: warning: umbrella header for module 'Sparkle' does not include header 'bscommon.h'
34 | #import "SUUpdaterPrivate.h"
35 | #endif
36 | 
   | `- warning: umbrella header for module 'Sparkle' does not include header 'bscommon.h'

<module-includes>:1:9: note: in file included from <module-includes>:1:
1 | #import "Headers/Sparkle.h"
  |         `- note: in file included from <module-includes>:1:
2 | 

/Users/buddhirajgautam/Library/Developer/Xcode/DerivedData/Telegram-Mac-fygdgghdgmuleoelvxabfmqiotta/Build/Products/Debug/Sparkle.framework/Headers/Sparkle.h:36:1: warning: umbrella header for module 'Sparkle' does not include header 'SUOperatingSystem.h'
34 | #import "SUUpdaterPrivate.h"
35 | #endif
36 | 
   | `- warning: umbrella header for module 'Sparkle' does not include header 'SUOperatingSystem.h'

<module-includes>:1:9: note: in file included from <module-includes>:1:
1 | #import "Headers/Sparkle.h"
  |         `- note: in file included from <module-includes>:1:
2 | 

/Users/buddhirajgautam/Library/Developer/Xcode/DerivedData/Telegram-Mac-fygdgghdgmuleoelvxabfmqiotta/Build/Products/Debug/Sparkle.framework/Headers/Sparkle.h:36:1: warning: umbrella header for module 'Sparkle' does not include header 'SUSystemProfiler.h'
34 | #import "SUUpdaterPrivate.h"
35 | #endif
36 | 
   | `- warning: umbrella header for module 'Sparkle' does not include header 'SUSystemProfiler.h'

<module-includes>:1:9: note: in file included from <module-includes>:1:
1 | #import "Headers/Sparkle.h"
  |         `- note: in file included from <module-includes>:1:
2 | 

/Users/buddhirajgautam/Library/Developer/Xcode/DerivedData/Telegram-Mac-fygdgghdgmuleoelvxabfmqiotta/Build/Products/Debug/Sparkle.framework/Headers/Sparkle.h:36:1: warning: umbrella header for module 'Sparkle' does not include header 'SUProbingUpdateDriver.h'
34 | #import "SUUpdaterPrivate.h"
35 | #endif
36 | 
   | `- warning: umbrella header for module 'Sparkle' does not include header 'SUProbingUpdateDriver.h'

<module-includes>:1:9: note: in file included from <module-includes>:1:
1 | #import "Headers/Sparkle.h"
  |         `- note: in file included from <module-includes>:1:
2 | 

/Users/buddhirajgautam/Library/Developer/Xcode/DerivedData/Telegram-Mac-fygdgghdgmuleoelvxabfmqiotta/Build/Products/Debug/Sparkle.framework/Headers/Sparkle.h:36:1: warning: umbrella header for module 'Sparkle' does not include header 'fixedint.h'
34 | #import "SUUpdaterPrivate.h"
35 | #endif
36 | 
   | `- warning: umbrella header for module 'Sparkle' does not include header 'fixedint.h'

<module-includes>:1:9: note: in file included from <module-includes>:1:
1 | #import "Headers/Sparkle.h"
  |         `- note: in file included from <module-includes>:1:
2 | 

/Users/buddhirajgautam/Library/Developer/Xcode/DerivedData/Telegram-Mac-fygdgghdgmuleoelvxabfmqiotta/Build/Products/Debug/Sparkle.framework/Headers/Sparkle.h:36:1: warning: umbrella header for module 'Sparkle' does not include header 'SUUpdateValidator.h'
34 | #import "SUUpdaterPrivate.h"
35 | #endif
36 | 
   | `- warning: umbrella header for module 'Sparkle' does not include header 'SUUpdateValidator.h'

<module-includes>:1:9: note: in file included from <module-includes>:1:
1 | #import "Headers/Sparkle.h"
  |         `- note: in file included from <module-includes>:1:
2 | 

/Users/buddhirajgautam/Library/Developer/Xcode/DerivedData/Telegram-Mac-fygdgghdgmuleoelvxabfmqiotta/Build/Products/Debug/Sparkle.framework/Headers/Sparkle.h:36:1: warning: umbrella header for module 'Sparkle' does not include header 'SUApplicationInfo.h'
34 | #import "SUUpdaterPrivate.h"
35 | #endif
36 | 
   | `- warning: umbrella header for module 'Sparkle' does not include header 'SUApplicationInfo.h'

<module-includes>:1:9: note: in file included from <module-includes>:1:
1 | #import "Headers/Sparkle.h"
  |         `- note: in file included from <module-includes>:1:
2 | 

/Users/buddhirajgautam/Library/Developer/Xcode/DerivedData/Telegram-Mac-fygdgghdgmuleoelvxabfmqiotta/Build/Products/Debug/Sparkle.framework/Headers/Sparkle.h:36:1: warning: umbrella header for module 'Sparkle' does not include header 'sc.h'
34 | #import "SUUpdaterPrivate.h"
35 | #endif
36 | 
   | `- warning: umbrella header for module 'Sparkle' does not include header 'sc.h'

<module-includes>:1:9: note: in file included from <module-includes>:1:
1 | #import "Headers/Sparkle.h"
  |         `- note: in file included from <module-includes>:1:
2 | 

/Users/buddhirajgautam/Library/Developer/Xcode/DerivedData/Telegram-Mac-fygdgghdgmuleoelvxabfmqiotta/Build/Products/Debug/Sparkle.framework/Headers/Sparkle.h:36:1: warning: umbrella header for module 'Sparkle' does not include header 'SUTouchBarButtonGroup.h'
34 | #import "SUUpdaterPrivate.h"
35 | #endif
36 | 
   | `- warning: umbrella header for module 'Sparkle' does not include header 'SUTouchBarButtonGroup.h'

<module-includes>:1:9: note: in file included from <module-includes>:1:
1 | #import "Headers/Sparkle.h"
  |         `- note: in file included from <module-includes>:1:
2 | 

/Users/buddhirajgautam/Library/Developer/Xcode/DerivedData/Telegram-Mac-fygdgghdgmuleoelvxabfmqiotta/Build/Products/Debug/Sparkle.framework/Headers/Sparkle.h:36:1: warning: umbrella header for module 'Sparkle' does not include header 'ge.h'
34 | #import "SUUpdaterPrivate.h"
35 | #endif
36 | 
   | `- warning: umbrella header for module 'Sparkle' does not include header 'ge.h'

<module-includes>:1:9: note: in file included from <module-includes>:1:
1 | #import "Headers/Sparkle.h"
  |         `- note: in file included from <module-includes>:1:
2 | 

/Users/buddhirajgautam/Library/Developer/Xcode/DerivedData/Telegram-Mac-fygdgghdgmuleoelvxabfmqiotta/Build/Products/Debug/Sparkle.framework/Headers/Sparkle.h:36:1: warning: umbrella header for module 'Sparkle' does not include header 'SUSignatureVerifier.h'
34 | #import "SUUpdaterPrivate.h"
35 | #endif
36 | 
   | `- warning: umbrella header for module 'Sparkle' does not include header 'SUSignatureVerifier.h'

<module-includes>:1:9: note: in file included from <module-includes>:1:
1 | #import "Headers/Sparkle.h"
  |         `- note: in file included from <module-includes>:1:
2 | 

/Users/buddhirajgautam/Library/Developer/Xcode/DerivedData/Telegram-Mac-fygdgghdgmuleoelvxabfmqiotta/Build/Products/Debug/Sparkle.framework/Headers/Sparkle.h:36:1: warning: umbrella header for module 'Sparkle' does not include header 'SUUpdatePermissionResponse.h'
34 | #import "SUUpdaterPrivate.h"
35 | #endif
36 | 
   | `- warning: umbrella header for module 'Sparkle' does not include header 'SUUpdatePermissionResponse.h'

<module-includes>:1:9: note: in file included from <module-includes>:1:
1 | #import "Headers/Sparkle.h"
  |         `- note: in file included from <module-includes>:1:
2 | 

/Users/buddhirajgautam/Library/Developer/Xcode/DerivedData/Telegram-Mac-fygdgghdgmuleoelvxabfmqiotta/Build/Products/Debug/Sparkle.framework/Headers/Sparkle.h:36:1: warning: umbrella header for module 'Sparkle' does not include header 'SUFileManager.h'
34 | #import "SUUpdaterPrivate.h"
35 | #endif
36 | 
   | `- warning: umbrella header for module 'Sparkle' does not include header 'SUFileManager.h'

<module-includes>:1:9: note: in file included from <module-includes>:1:
1 | #import "Headers/Sparkle.h"
  |         `- note: in file included from <module-includes>:1:
2 | 

/Users/buddhirajgautam/Library/Developer/Xcode/DerivedData/Telegram-Mac-fygdgghdgmuleoelvxabfmqiotta/Build/Products/Debug/Sparkle.framework/Headers/Sparkle.h:36:1: warning: umbrella header for module 'Sparkle' does not include header 'SUSystemUpdateInfo.h'
34 | #import "SUUpdaterPrivate.h"
35 | #endif
36 | 
   | `- warning: umbrella header for module 'Sparkle' does not include header 'SUSystemUpdateInfo.h'

<module-includes>:1:9: note: in file included from <module-includes>:1:
1 | #import "Headers/Sparkle.h"
  |         `- note: in file included from <module-includes>:1:
2 | 

43 warnings generated.
/Users/buddhirajgautam/Library/Developer/Xcode/DerivedData/Telegram-Mac-fygdgghdgmuleoelvxabfmqiotta/Build/Products/Debug/Sparkle.framework/Headers/Sparkle.h:36:1: warning: umbrella header for module 'Sparkle' does not include header 'SUBundleIcon.h'
34 | #import "SUUpdaterPrivate.h"
35 | #endif
36 | 
   | `- warning: umbrella header for module 'Sparkle' does not include header 'SUBundleIcon.h'

SwiftExplicitDependencyGeneratePcm arm64 /Users/buddhirajgautam/Library/Developer/Xcode/DerivedData/Telegram-Mac-fygdgghdgmuleoelvxabfmqiotta/Build/Intermediates.noindex/SwiftExplicitPrecompiledModules/Mozjpeg-5IDLPZWC0I35TEXO1BJGQFQXP.pcm

SwiftExplicitDependencyGeneratePcm arm64 /Users/buddhirajgautam/Library/Developer/Xcode/DerivedData/Telegram-Mac-fygdgghdgmuleoelvxabfmqiotta/Build/Intermediates.noindex/SwiftExplicitPrecompiledModules/FirebaseAnalytics-9896YH5GXT5R64W5K1V2IQ3SP.pcm

SwiftExplicitDependencyGeneratePcm arm64 /Users/buddhirajgautam/Library/Developer/Xcode/DerivedData/Telegram-Mac-fygdgghdgmuleoelvxabfmqiotta/Build/Intermediates.noindex/SwiftExplicitPrecompiledModules/FFMpegBinding-CFE04IGYXUI25WDHINFPCM5DY.pcm
<module-includes>:1:9: note: in file included from <module-includes>:1:
1 | #import "/Users/buddhirajgautam/Documents/Cherrygram-Mac/macOS-Swift/submodules/telegram-ios/submodules/FFMpegBinding/Public/FFMpegBinding/FFMpegBinding.h"
  |         `- note: in file included from <module-includes>:1:
2 | 

/Users/buddhirajgautam/Documents/Cherrygram-Mac/macOS-Swift/submodules/telegram-ios/submodules/FFMpegBinding/Public/FFMpegBinding/FFMpegBinding.h:15:1: warning: umbrella header for module 'FFMpegBinding' does not include header 'FFMpegVideoWriter.h'
13 | #import <FFMpegBinding/FFMpegLiveMuxer.h>
14 | #import <FFMpegBinding/FrameConverter.h>
15 | 
   | `- warning: umbrella header for module 'FFMpegBinding' does not include header 'FFMpegVideoWriter.h'

<module-includes>:1:9: note: in file included from <module-includes>:1:
1 | #import "/Users/buddhirajgautam/Documents/Cherrygram-Mac/macOS-Swift/submodules/telegram-ios/submodules/FFMpegBinding/Public/FFMpegBinding/FFMpegBinding.h"
  |         `- note: in file included from <module-includes>:1:
2 | 

2 warnings generated.
/Users/buddhirajgautam/Documents/Cherrygram-Mac/macOS-Swift/submodules/telegram-ios/submodules/FFMpegBinding/Public/FFMpegBinding/FFMpegBinding.h:15:1: warning: umbrella header for module 'FFMpegBinding' does not include header 'FFMpegOpusTrimmer.h'
13 | #import <FFMpegBinding/FFMpegLiveMuxer.h>
14 | #import <FFMpegBinding/FrameConverter.h>
15 | 
   | `- warning: umbrella header for module 'FFMpegBinding' does not include header 'FFMpegOpusTrimmer.h'

SwiftExplicitDependencyGeneratePcm arm64 /Users/buddhirajgautam/Library/Developer/Xcode/DerivedData/Telegram-Mac-fygdgghdgmuleoelvxabfmqiotta/Build/Intermediates.noindex/SwiftExplicitPrecompiledModules/TGModernGrowingTextView-A9L47KZ7IJSG5E4HH1JZY2LNY.pcm
<module-includes>:1:9: note: in file included from <module-includes>:1:
1 | #import "/Users/buddhirajgautam/Documents/Cherrygram-Mac/macOS-Swift/packages/TGModernGrowingTextView/Sources/TGModernGrowingTextView/TGModernGrowingTextView.h"
  |         `- note: in file included from <module-includes>:1:
2 | 

/Users/buddhirajgautam/Documents/Cherrygram-Mac/macOS-Swift/packages/TGModernGrowingTextView/Sources/TGModernGrowingTextView/TGModernGrowingTextView.h:28:50: warning: pointer is missing a nullability type specifier (_Nonnull, _Nullable, or _Null_unspecified)
 26 | 
 27 | @interface MarkdownUndoItem : NSObject
 28 | @property (nonatomic, strong) NSAttributedString *was;
    |                                                  |- warning: pointer is missing a nullability type specifier (_Nonnull, _Nullable, or _Null_unspecified)
    |                                                  |- note: insert '_Nullable' if the pointer may be null
    |                                                  `- note: insert '_Nonnull' if the pointer should never be null
 29 | @property (nonatomic, strong) NSAttributedString *be;
 30 | @property (nonatomic, assign) NSRange inRange;

<module-includes>:1:9: note: in file included from <module-includes>:1:
1 | #import "/Users/buddhirajgautam/Documents/Cherrygram-Mac/macOS-Swift/packages/TGModernGrowingTextView/Sources/TGModernGrowingTextView/TGModernGrowingTextView.h"
  |         `- note: in file included from <module-includes>:1:
2 | 

/Users/buddhirajgautam/Documents/Cherrygram-Mac/macOS-Swift/packages/TGModernGrowingTextView/Sources/TGModernGrowingTextView/TGModernGrowingTextView.h:29:50: warning: pointer is missing a nullability type specifier (_Nonnull, _Nullable, or _Null_unspecified)
 27 | @interface MarkdownUndoItem : NSObject
 28 | @property (nonatomic, strong) NSAttributedString *was;
 29 | @property (nonatomic, strong) NSAttributedString *be;
    |                                                  |- warning: pointer is missing a nullability type specifier (_Nonnull, _Nullable, or _Null_unspecified)
    |                                                  |- note: insert '_Nullable' if the pointer may be null
    |                                                  `- note: insert '_Nonnull' if the pointer should never be null
 30 | @property (nonatomic, assign) NSRange inRange;
 31 | -(id)initWithAttributedString:(NSAttributedString *)was be: (NSAttributedString *)be inRange:(NSRange)inRange;

<module-includes>:1:9: note: in file included from <module-includes>:1:
1 | #import "/Users/buddhirajgautam/Documents/Cherrygram-Mac/macOS-Swift/packages/TGModernGrowingTextView/Sources/TGModernGrowingTextView/TGModernGrowingTextView.h"
  |         `- note: in file included from <module-includes>:1:
2 | 

/Users/buddhirajgautam/Documents/Cherrygram-Mac/macOS-Swift/packages/TGModernGrowingTextView/Sources/TGModernGrowingTextView/TGModernGrowingTextView.h:31:3: warning: pointer is missing a nullability type specifier (_Nonnull, _Nullable, or _Null_unspecified)
 29 | @property (nonatomic, strong) NSAttributedString *be;
 30 | @property (nonatomic, assign) NSRange inRange;
 31 | -(id)initWithAttributedString:(NSAttributedString *)was be: (NSAttributedString *)be inRange:(NSRange)inRange;
    |   |- warning: pointer is missing a nullability type specifier (_Nonnull, _Nullable, or _Null_unspecified)
    |   |- note: insert '_Nullable' if the pointer may be null
    |   `- note: insert '_Nonnull' if the pointer should never be null
 32 | @end
 33 | 

<module-includes>:1:9: note: in file included from <module-includes>:1:
1 | #import "/Users/buddhirajgautam/Documents/Cherrygram-Mac/macOS-Swift/packages/TGModernGrowingTextView/Sources/TGModernGrowingTextView/TGModernGrowingTextView.h"
  |         `- note: in file included from <module-includes>:1:
2 | 

/Users/buddhirajgautam/Documents/Cherrygram-Mac/macOS-Swift/packages/TGModernGrowingTextView/Sources/TGModernGrowingTextView/TGModernGrowingTextView.h:31:51: warning: pointer is missing a nullability type specifier (_Nonnull, _Nullable, or _Null_unspecified)
 29 | @property (nonatomic, strong) NSAttributedString *be;
 30 | @property (nonatomic, assign) NSRange inRange;
 31 | -(id)initWithAttributedString:(NSAttributedString *)was be: (NSAttributedString *)be inRange:(NSRange)inRange;
    |                                                   |- warning: pointer is missing a nullability type specifier (_Nonnull, _Nullable, or _Null_unspecified)
    |                                                   |- note: insert '_Nullable' if the pointer may be null
    |                                                   `- note: insert '_Nonnull' if the pointer should never be null
 32 | @end
 33 | 

<module-includes>:1:9: note: in file included from <module-includes>:1:
1 | #import "/Users/buddhirajgautam/Documents/Cherrygram-Mac/macOS-Swift/packages/TGModernGrowingTextView/Sources/TGModernGrowingTextView/TGModernGrowingTextView.h"
  |         `- note: in file included from <module-includes>:1:
2 | 

/Users/buddhirajgautam/Documents/Cherrygram-Mac/macOS-Swift/packages/TGModernGrowingTextView/Sources/TGModernGrowingTextView/TGModernGrowingTextView.h:31:81: warning: pointer is missing a nullability type specifier (_Nonnull, _Nullable, or _Null_unspecified)
 29 | @property (nonatomic, strong) NSAttributedString *be;
 30 | @property (nonatomic, assign) NSRange inRange;
 31 | -(id)initWithAttributedString:(NSAttributedString *)was be: (NSAttributedString *)be inRange:(NSRange)inRange;
    |                                                                                 |- warning: pointer is missing a nullability type specifier (_Nonnull, _Nullable, or _Null_unspecified)
    |                                                                                 |- note: insert '_Nullable' if the pointer may be null
    |                                                                                 `- note: insert '_Nonnull' if the pointer should never be null
 32 | @end
 33 | 

<module-includes>:1:9: note: in file included from <module-includes>:1:
1 | #import "/Users/buddhirajgautam/Documents/Cherrygram-Mac/macOS-Swift/packages/TGModernGrowingTextView/Sources/TGModernGrowingTextView/TGModernGrowingTextView.h"
  |         `- note: in file included from <module-includes>:1:
2 | 

/Users/buddhirajgautam/Documents/Cherrygram-Mac/macOS-Swift/packages/TGModernGrowingTextView/Sources/TGModernGrowingTextView/TGModernGrowingTextView.h:36:50: warning: pointer is missing a nullability type specifier (_Nonnull, _Nullable, or _Null_unspecified)
 34 | 
 35 | @interface SimpleUndoItem : NSObject
 36 | @property (nonatomic, strong) NSAttributedString *was;
    |                                                  |- warning: pointer is missing a nullability type specifier (_Nonnull, _Nullable, or _Null_unspecified)
    |                                                  |- note: insert '_Nullable' if the pointer may be null
    |                                                  `- note: insert '_Nonnull' if the pointer should never be null
 37 | @property (nonatomic, strong) NSAttributedString *be;
 38 | @property (nonatomic, assign) NSRange wasRange;

<module-includes>:1:9: note: in file included from <module-includes>:1:
1 | #import "/Users/buddhirajgautam/Documents/Cherrygram-Mac/macOS-Swift/packages/TGModernGrowingTextView/Sources/TGModernGrowingTextView/TGModernGrowingTextView.h"
  |         `- note: in file included from <module-includes>:1:
2 | 

/Users/buddhirajgautam/Documents/Cherrygram-Mac/macOS-Swift/packages/TGModernGrowingTextView/Sources/TGModernGrowingTextView/TGModernGrowingTextView.h:37:50: warning: pointer is missing a nullability type specifier (_Nonnull, _Nullable, or _Null_unspecified)
 35 | @interface SimpleUndoItem : NSObject
 36 | @property (nonatomic, strong) NSAttributedString *was;
 37 | @property (nonatomic, strong) NSAttributedString *be;
    |                                                  |- warning: pointer is missing a nullability type specifier (_Nonnull, _Nullable, or _Null_unspecified)
    |                                                  |- note: insert '_Nullable' if the pointer may be null
    |                                                  `- note: insert '_Nonnull' if the pointer should never be null
 38 | @property (nonatomic, assign) NSRange wasRange;
 39 | @property (nonatomic, assign) NSRange beRange;

<module-includes>:1:9: note: in file included from <module-includes>:1:
1 | #import "/Users/buddhirajgautam/Documents/Cherrygram-Mac/macOS-Swift/packages/TGModernGrowingTextView/Sources/TGModernGrowingTextView/TGModernGrowingTextView.h"
  |         `- note: in file included from <module-includes>:1:
2 | 

/Users/buddhirajgautam/Documents/Cherrygram-Mac/macOS-Swift/packages/TGModernGrowingTextView/Sources/TGModernGrowingTextView/TGModernGrowingTextView.h:40:3: warning: pointer is missing a nullability type specifier (_Nonnull, _Nullable, or _Null_unspecified)
 38 | @property (nonatomic, assign) NSRange wasRange;
 39 | @property (nonatomic, assign) NSRange beRange;
 40 | -(id)initWithAttributedString:(NSAttributedString *)was be: (NSAttributedString *)be wasRange:(NSRange)wasRange beRange:(NSRange)beRange;
    |   |- warning: pointer is missing a nullability type specifier (_Nonnull, _Nullable, or _Null_unspecified)
    |   |- note: insert '_Nullable' if the pointer may be null
    |   `- note: insert '_Nonnull' if the pointer should never be null
 41 | @end
 42 | 

<module-includes>:1:9: note: in file included from <module-includes>:1:
1 | #import "/Users/buddhirajgautam/Documents/Cherrygram-Mac/macOS-Swift/packages/TGModernGrowingTextView/Sources/TGModernGrowingTextView/TGModernGrowingTextView.h"
  |         `- note: in file included from <module-includes>:1:
2 | 

/Users/buddhirajgautam/Documents/Cherrygram-Mac/macOS-Swift/packages/TGModernGrowingTextView/Sources/TGModernGrowingTextView/TGModernGrowingTextView.h:40:51: warning: pointer is missing a nullability type specifier (_Nonnull, _Nullable, or _Null_unspecified)
 38 | @property (nonatomic, assign) NSRange wasRange;
 39 | @property (nonatomic, assign) NSRange beRange;
 40 | -(id)initWithAttributedString:(NSAttributedString *)was be: (NSAttributedString *)be wasRange:(NSRange)wasRange beRange:(NSRange)beRange;
    |                                                   |- warning: pointer is missing a nullability type specifier (_Nonnull, _Nullable, or _Null_unspecified)
    |                                                   |- note: insert '_Nullable' if the pointer may be null
    |                                                   `- note: insert '_Nonnull' if the pointer should never be null
 41 | @end
 42 | 

<module-includes>:1:9: note: in file included from <module-includes>:1:
1 | #import "/Users/buddhirajgautam/Documents/Cherrygram-Mac/macOS-Swift/packages/TGModernGrowingTextView/Sources/TGModernGrowingTextView/TGModernGrowingTextView.h"
  |         `- note: in file included from <module-includes>:1:
2 | 

/Users/buddhirajgautam/Documents/Cherrygram-Mac/macOS-Swift/packages/TGModernGrowingTextView/Sources/TGModernGrowingTextView/TGModernGrowingTextView.h:40:81: warning: pointer is missing a nullability type specifier (_Nonnull, _Nullable, or _Null_unspecified)
 38 | @property (nonatomic, assign) NSRange wasRange;
 39 | @property (nonatomic, assign) NSRange beRange;
 40 | -(id)initWithAttributedString:(NSAttributedString *)was be: (NSAttributedString *)be wasRange:(NSRange)wasRange beRange:(NSRange)beRange;
    |                                                                                 |- warning: pointer is missing a nullability type specifier (_Nonnull, _Nullable, or _Null_unspecified)
    |                                                                                 |- note: insert '_Nullable' if the pointer may be null
    |                                                                                 `- note: insert '_Nonnull' if the pointer should never be null
 41 | @end
 42 | 

<module-includes>:1:9: note: in file included from <module-includes>:1:
1 | #import "/Users/buddhirajgautam/Documents/Cherrygram-Mac/macOS-Swift/packages/TGModernGrowingTextView/Sources/TGModernGrowingTextView/TGModernGrowingTextView.h"
  |         `- note: in file included from <module-includes>:1:
2 | 

/Users/buddhirajgautam/Documents/Cherrygram-Mac/macOS-Swift/packages/TGModernGrowingTextView/Sources/TGModernGrowingTextView/TGModernGrowingTextView.h:50:51: warning: pointer is missing a nullability type specifier (_Nonnull, _Nullable, or _Null_unspecified)
 48 | -(void) textViewTextDidChangeSelectedRange:(NSRange)range;
 49 | -(BOOL)textViewDidPaste:(NSPasteboard * __nonnull)pasteboard;
 50 | -(int)maxCharactersLimit:(TGModernGrowingTextView *)textView;
    |                                                   |- warning: pointer is missing a nullability type specifier (_Nonnull, _Nullable, or _Null_unspecified)
    |                                                   |- note: insert '_Nullable' if the pointer may be null
    |                                                   `- note: insert '_Nonnull' if the pointer should never be null
 51 | 
 52 | -(NSSize)textViewSize:(TGModernGrowingTextView *)textView;

<module-includes>:1:9: note: in file included from <module-includes>:1:
1 | #import "/Users/buddhirajgautam/Documents/Cherrygram-Mac/macOS-Swift/packages/TGModernGrowingTextView/Sources/TGModernGrowingTextView/TGModernGrowingTextView.h"
  |         `- note: in file included from <module-includes>:1:
2 | 

/Users/buddhirajgautam/Documents/Cherrygram-Mac/macOS-Swift/packages/TGModernGrowingTextView/Sources/TGModernGrowingTextView/TGModernGrowingTextView.h:52:48: warning: pointer is missing a nullability type specifier (_Nonnull, _Nullable, or _Null_unspecified)
 50 | -(int)maxCharactersLimit:(TGModernGrowingTextView *)textView;
 51 | 
 52 | -(NSSize)textViewSize:(TGModernGrowingTextView *)textView;
    |                                                |- warning: pointer is missing a nullability type specifier (_Nonnull, _Nullable, or _Null_unspecified)
    |                                                |- note: insert '_Nullable' if the pointer may be null
    |                                                `- note: insert '_Nonnull' if the pointer should never be null
 53 | -(BOOL)textViewIsTypingEnabled;
 54 | 

<module-includes>:1:9: note: in file included from <module-includes>:1:
1 | #import "/Users/buddhirajgautam/Documents/Cherrygram-Mac/macOS-Swift/packages/TGModernGrowingTextView/Sources/TGModernGrowingTextView/TGModernGrowingTextView.h"
  |         `- note: in file included from <module-includes>:1:
2 | 

/Users/buddhirajgautam/Documents/Cherrygram-Mac/macOS-Swift/packages/TGModernGrowingTextView/Sources/TGModernGrowingTextView/TGModernGrowingTextView.h:63:45: warning: pointer is missing a nullability type specifier (_Nonnull, _Nullable, or _Null_unspecified)
 61 | - (void)makeUrlOfRange: (NSRange)range;
 62 | - (void)makeQuoteOfRange: (NSRange)range;
 63 | - (BOOL)copyTextWithRTF:(NSAttributedString *)rtf;
    |                                             |- warning: pointer is missing a nullability type specifier (_Nonnull, _Nullable, or _Null_unspecified)
    |                                             |- note: insert '_Nullable' if the pointer may be null
    |                                             `- note: insert '_Nonnull' if the pointer should never be null
 64 | - (NSArray<NSTouchBarItemIdentifier> *)textView:(NSTextView *)textView shouldUpdateTouchBarItemIdentifiers:(NSArray<NSTouchBarItemIdentifier> *)identifiers;
 65 | @end

<module-includes>:1:9: note: in file included from <module-includes>:1:
1 | #import "/Users/buddhirajgautam/Documents/Cherrygram-Mac/macOS-Swift/packages/TGModernGrowingTextView/Sources/TGModernGrowingTextView/TGModernGrowingTextView.h"
  |         `- note: in file included from <module-includes>:1:
2 | 

/Users/buddhirajgautam/Documents/Cherrygram-Mac/macOS-Swift/packages/TGModernGrowingTextView/Sources/TGModernGrowingTextView/TGModernGrowingTextView.h:64:38: warning: pointer is missing a nullability type specifier (_Nonnull, _Nullable, or _Null_unspecified)
 62 | - (void)makeQuoteOfRange: (NSRange)range;
 63 | - (BOOL)copyTextWithRTF:(NSAttributedString *)rtf;
 64 | - (NSArray<NSTouchBarItemIdentifier> *)textView:(NSTextView *)textView shouldUpdateTouchBarItemIdentifiers:(NSArray<NSTouchBarItemIdentifier> *)identifiers;
    |                                      |- warning: pointer is missing a nullability type specifier (_Nonnull, _Nullable, or _Null_unspecified)
    |                                      |- note: insert '_Nullable' if the pointer may be null
    |                                      `- note: insert '_Nonnull' if the pointer should never be null
 65 | @end
 66 | 

<module-includes>:1:9: note: in file included from <module-includes>:1:
1 | #import "/Users/buddhirajgautam/Documents/Cherrygram-Mac/macOS-Swift/packages/TGModernGrowingTextView/Sources/TGModernGrowingTextView/TGModernGrowingTextView.h"
  |         `- note: in file included from <module-includes>:1:
2 | 

/Users/buddhirajgautam/Documents/Cherrygram-Mac/macOS-Swift/packages/TGModernGrowingTextView/Sources/TGModernGrowingTextView/TGModernGrowingTextView.h:64:61: warning: pointer is missing a nullability type specifier (_Nonnull, _Nullable, or _Null_unspecified)
 62 | - (void)makeQuoteOfRange: (NSRange)range;
 63 | - (BOOL)copyTextWithRTF:(NSAttributedString *)rtf;
 64 | - (NSArray<NSTouchBarItemIdentifier> *)textView:(NSTextView *)textView shouldUpdateTouchBarItemIdentifiers:(NSArray<NSTouchBarItemIdentifier> *)identifiers;
    |                                                             |- warning: pointer is missing a nullability type specifier (_Nonnull, _Nullable, or _Null_unspecified)
    |                                                             |- note: insert '_Nullable' if the pointer may be null
    |                                                             `- note: insert '_Nonnull' if the pointer should never be null
 65 | @end
 66 | 

<module-includes>:1:9: note: in file included from <module-includes>:1:
1 | #import "/Users/buddhirajgautam/Documents/Cherrygram-Mac/macOS-Swift/packages/TGModernGrowingTextView/Sources/TGModernGrowingTextView/TGModernGrowingTextView.h"
  |         `- note: in file included from <module-includes>:1:
2 | 

/Users/buddhirajgautam/Documents/Cherrygram-Mac/macOS-Swift/packages/TGModernGrowingTextView/Sources/TGModernGrowingTextView/TGModernGrowingTextView.h:64:143: warning: pointer is missing a nullability type specifier (_Nonnull, _Nullable, or _Null_unspecified)
 62 | - (void)makeQuoteOfRange: (NSRange)range;
 63 | - (BOOL)copyTextWithRTF:(NSAttributedString *)rtf;
 64 | - (NSArray<NSTouchBarItemIdentifier> *)textView:(NSTextView *)textView shouldUpdateTouchBarItemIdentifiers:(NSArray<NSTouchBarItemIdentifier> *)identifiers;
    |                                                                                                                                               |- warning: pointer is missing a nullability type specifier (_Nonnull, _Nullable, or _Null_unspecified)
    |                                                                                                                                               |- note: insert '_Nullable' if the pointer may be null
    |                                                                                                                                               `- note: insert '_Nonnull' if the pointer should never be null
 65 | @end
 66 | 

<module-includes>:1:9: note: in file included from <module-includes>:1:
1 | #import "/Users/buddhirajgautam/Documents/Cherrygram-Mac/macOS-Swift/packages/TGModernGrowingTextView/Sources/TGModernGrowingTextView/TGModernGrowingTextView.h"
  |         `- note: in file included from <module-includes>:1:
2 | 

/Users/buddhirajgautam/Documents/Cherrygram-Mac/macOS-Swift/packages/TGModernGrowingTextView/Sources/TGModernGrowingTextView/TGModernGrowingTextView.h:81:3: warning: pointer is missing a nullability type specifier (_Nonnull, _Nullable, or _Null_unspecified)
 79 | @interface TGModernGrowingTextView : NSView<NSServicesMenuRequestor>
 80 | 
 81 | -(instancetype)initWithFrame:(NSRect)frameRect unscrollable:(BOOL)unscrollable;
    |   |- warning: pointer is missing a nullability type specifier (_Nonnull, _Nullable, or _Null_unspecified)
    |   |- note: insert '_Nullable' if the pointer may be null
    |   `- note: insert '_Nonnull' if the pointer should never be null
 82 | 
 83 | @property (nonatomic,assign) BOOL animates;

<module-includes>:1:9: note: in file included from <module-includes>:1:
1 | #import "/Users/buddhirajgautam/Documents/Cherrygram-Mac/macOS-Swift/packages/TGModernGrowingTextView/Sources/TGModernGrowingTextView/TGModernGrowingTextView.h"
  |         `- note: in file included from <module-includes>:1:
2 | 

18 warnings generated.
/Users/buddhirajgautam/Documents/Cherrygram-Mac/macOS-Swift/packages/TGModernGrowingTextView/Sources/TGModernGrowingTextView/TGModernGrowingTextView.h:146:39: warning: pointer is missing a nullability type specifier (_Nonnull, _Nullable, or _Null_unspecified)
144 | - (void)textDidChange:( NSNotification * _Nullable )notification;
145 | 
146 | - (void)addSimpleItem:(SimpleUndoItem *)item;
    |                                       |- warning: pointer is missing a nullability type specifier (_Nonnull, _Nullable, or _Null_unspecified)
    |                                       |- note: insert '_Nullable' if the pointer may be null
    |                                       `- note: insert '_Nonnull' if the pointer should never be null
147 | 
148 | -(void)setBackgroundColor:(NSColor * __nonnull)color;

SwiftExplicitDependencyGeneratePcm arm64 /Users/buddhirajgautam/Library/Developer/Xcode/DerivedData/Telegram-Mac-fygdgghdgmuleoelvxabfmqiotta/Build/Intermediates.noindex/SwiftExplicitPrecompiledModules/StringTransliteration-9RE566E2GELBCN3XRG0F9ICVL.pcm

SwiftExplicitDependencyGeneratePcm arm64 /Users/buddhirajgautam/Library/Developer/Xcode/DerivedData/Telegram-Mac-fygdgghdgmuleoelvxabfmqiotta/Build/Intermediates.noindex/SwiftExplicitPrecompiledModules/DarwinDirStat-17NV341LICT4PA99K4YQEKTQ1.pcm

SwiftExplicitDependencyGeneratePcm arm64 /Users/buddhirajgautam/Library/Developer/Xcode/DerivedData/Telegram-Mac-fygdgghdgmuleoelvxabfmqiotta/Build/Intermediates.noindex/SwiftExplicitPrecompiledModules/FirebaseCrashlytics-4INRKXD9OL22RFJS98TGIQIO7.pcm

SwiftExplicitDependencyGeneratePcm arm64 /Users/buddhirajgautam/Library/Developer/Xcode/DerivedData/Telegram-Mac-fygdgghdgmuleoelvxabfmqiotta/Build/Intermediates.noindex/SwiftExplicitPrecompiledModules/Svg-A0HDQH33942QBXCUBENRD4LEO.pcm

SwiftExplicitDependencyGeneratePcm arm64 /Users/buddhirajgautam/Library/Developer/Xcode/DerivedData/Telegram-Mac-fygdgghdgmuleoelvxabfmqiotta/Build/Intermediates.noindex/SwiftExplicitPrecompiledModules/RLottie-9ICY2IUGYMQZJ7X5U9CZALF43.pcm

SwiftExplicitDependencyGeneratePcm arm64 /Users/buddhirajgautam/Library/Developer/Xcode/DerivedData/Telegram-Mac-fygdgghdgmuleoelvxabfmqiotta/Build/Intermediates.noindex/SwiftExplicitPrecompiledModules/Crc32-8UXLRVWWCPHK69WUBNA87QEKM.pcm

SwiftExplicitDependencyGeneratePcm arm64 /Users/buddhirajgautam/Library/Developer/Xcode/DerivedData/Telegram-Mac-fygdgghdgmuleoelvxabfmqiotta/Build/Intermediates.noindex/SwiftExplicitPrecompiledModules/TdBinding-20Q1WOLIDAGHPPODL25RUWX4Y.pcm

SwiftExplicitDependencyGeneratePcm arm64 /Users/buddhirajgautam/Library/Developer/Xcode/DerivedData/Telegram-Mac-fygdgghdgmuleoelvxabfmqiotta/Build/Intermediates.noindex/SwiftExplicitPrecompiledModules/CryptoUtils-30DRQVS15M81GG5ZJRJBNGWDQ.pcm

SwiftExplicitDependencyGeneratePcm arm64 /Users/buddhirajgautam/Library/Developer/Xcode/DerivedData/Telegram-Mac-fygdgghdgmuleoelvxabfmqiotta/Build/Intermediates.noindex/SwiftExplicitPrecompiledModules/BuildConfig-60FHJILDCXL5V16EIIQ2CVIGI.pcm
<module-includes>:1:9: note: in file included from <module-includes>:1:
1 | #import "/Users/buddhirajgautam/Documents/Cherrygram-Mac/macOS-Swift/submodules/BuildConfig/Sources/include/BuildConfig/BuildConfig.h"
  |         `- note: in file included from <module-includes>:1:
2 | 

1 warning generated.
/Users/buddhirajgautam/Documents/Cherrygram-Mac/macOS-Swift/submodules/BuildConfig/Sources/include/BuildConfig/BuildConfig.h:30:71: warning: pointer is missing a nullability type specifier (_Nonnull, _Nullable, or _Null_unspecified)
28 | + (NSString * _Nonnull)defaultKey;
29 | - (NSData * _Nullable)encrypt:(NSData * _Nonnull)data;
30 | - (NSData * _Nullable)decrypt:(NSData * _Nonnull)data cancelled:(bool *)cancelled;
   |                                                                       |- warning: pointer is missing a nullability type specifier (_Nonnull, _Nullable, or _Null_unspecified)
   |                                                                       |- note: insert '_Nullable' if the pointer may be null
   |                                                                       `- note: insert '_Nonnull' if the pointer should never be null
31 | 
32 | @end

SwiftExplicitDependencyGeneratePcm arm64 /Users/buddhirajgautam/Library/Developer/Xcode/DerivedData/Telegram-Mac-fygdgghdgmuleoelvxabfmqiotta/Build/Intermediates.noindex/SwiftExplicitPrecompiledModules/libwebp-87XYH3XPXW4I0TG67KI2R3QZE.pcm

SwiftExplicitDependencyGeneratePcm arm64 /Users/buddhirajgautam/Library/Developer/Xcode/DerivedData/Telegram-Mac-fygdgghdgmuleoelvxabfmqiotta/Build/Intermediates.noindex/SwiftExplicitPrecompiledModules/TGVideoCameraMovie-99TX00SKLJ9LCDTSVZU50FORZ.pcm
<module-includes>:1:9: note: in file included from <module-includes>:1:
1 | #import "/Users/buddhirajgautam/Documents/Cherrygram-Mac/macOS-Swift/packages/TGVideoCameraMovie/PublicHeaders/TGVideoCameraMovie/TGVideoCameraGLRenderer.h"
  |         `- note: in file included from <module-includes>:1:
2 | #import "/Users/buddhirajgautam/Documents/Cherrygram-Mac/macOS-Swift/packages/TGVideoCameraMovie/PublicHeaders/TGVideoCameraMovie/TGVideoCameraMovieRecorder.h"
3 | 

1 warning generated.
/Users/buddhirajgautam/Documents/Cherrygram-Mac/macOS-Swift/packages/TGVideoCameraMovie/PublicHeaders/TGVideoCameraMovie/TGVideoCameraGLRenderer.h:8:31: warning: 'AVCaptureVideoOrientation' is deprecated: first deprecated in macOS 14.0 - Use AVCaptureDeviceRotationCoordinator instead
 6 | 
 7 | @property (nonatomic, readonly) __attribute__((NSObject)) CMFormatDescriptionRef outputFormatDescription;
 8 | @property (nonatomic, assign) AVCaptureVideoOrientation orientation;
   |                               `- warning: 'AVCaptureVideoOrientation' is deprecated: first deprecated in macOS 14.0 - Use AVCaptureDeviceRotationCoordinator instead
 9 | @property (nonatomic, assign) bool mirror;
10 | @property (nonatomic, assign) CGFloat opacity;

/Applications/Xcode.app/Contents/Developer/Platforms/MacOSX.platform/Developer/SDKs/MacOSX27.0.sdk/System/Library/Frameworks/AVFoundation.framework/Headers/AVCaptureDevice.h:104:28: note: 'AVCaptureVideoOrientation' has been explicitly marked deprecated here
 102 | 
 103 | /// Constants indicating video orientation, for use with AVCaptureDeviceRotationCoordinator.
 104 | typedef NS_ENUM(NSInteger, AVCaptureVideoOrientation) {
     |                            `- note: 'AVCaptureVideoOrientation' has been explicitly marked deprecated here
 105 |     /// Indicates that video should be oriented vertically, port on the bottom.
 106 |     AVCaptureVideoOrientationPortrait           = 1,

SwiftExplicitDependencyGeneratePcm arm64 /Users/buddhirajgautam/Library/Developer/Xcode/DerivedData/Telegram-Mac-fygdgghdgmuleoelvxabfmqiotta/Build/Intermediates.noindex/SwiftExplicitPrecompiledModules/FirebaseInstallations-5NXVFJY6JDWUEYBG5BPYRSE5R.pcm

SwiftExplicitDependencyGeneratePcm arm64 /Users/buddhirajgautam/Library/Developer/Xcode/DerivedData/Telegram-Mac-fygdgghdgmuleoelvxabfmqiotta/Build/Intermediates.noindex/SwiftExplicitPrecompiledModules/NumberPluralization-89JD228Q5GF1M7LERLD18R0MQ.pcm

SwiftExplicitDependencyGeneratePcm arm64 /Users/buddhirajgautam/Library/Developer/Xcode/DerivedData/Telegram-Mac-fygdgghdgmuleoelvxabfmqiotta/Build/Intermediates.noindex/SwiftExplicitPrecompiledModules/LegacyReachability-8YH6L1APT6O66ZOVIUNJ1ZH4Q.pcm

SwiftExplicitDependencyGeneratePcm arm64 /Users/buddhirajgautam/Library/Developer/Xcode/DerivedData/Telegram-Mac-fygdgghdgmuleoelvxabfmqiotta/Build/Intermediates.noindex/SwiftExplicitPrecompiledModules/HotKey-19S7Y4TLNHKGOEA2GEYKMGM0B.pcm

SwiftExplicitDependencyGeneratePcm arm64 /Users/buddhirajgautam/Library/Developer/Xcode/DerivedData/Telegram-Mac-fygdgghdgmuleoelvxabfmqiotta/Build/Intermediates.noindex/SwiftExplicitPrecompiledModules/MurMurHash32-4D3OEVHQ0PSIQSFQJCR830J16.pcm

SwiftExplicitDependencyGeneratePcm arm64 /Users/buddhirajgautam/Library/Developer/Xcode/DerivedData/Telegram-Mac-fygdgghdgmuleoelvxabfmqiotta/Build/Intermediates.noindex/SwiftExplicitPrecompiledModules/OCR-77JN7DUJ3395ZR5QSKX8CKR7Y.pcm

SwiftExplicitDependencyGeneratePcm arm64 /Users/buddhirajgautam/Library/Developer/Xcode/DerivedData/Telegram-Mac-fygdgghdgmuleoelvxabfmqiotta/Build/Intermediates.noindex/SwiftExplicitPrecompiledModules/FirebaseCore-A95TWLXGTP641WO4DUA43Q81P.pcm

SwiftExplicitDependencyGeneratePcm arm64 /Users/buddhirajgautam/Library/Developer/Xcode/DerivedData/Telegram-Mac-fygdgghdgmuleoelvxabfmqiotta/Build/Intermediates.noindex/SwiftExplicitPrecompiledModules/CalendarUtils-4XN8KOX49GWEG271OHZ26LT9K.pcm

SwiftExplicitDependencyGeneratePcm arm64 /Users/buddhirajgautam/Library/Developer/Xcode/DerivedData/Telegram-Mac-fygdgghdgmuleoelvxabfmqiotta/Build/Intermediates.noindex/SwiftExplicitPrecompiledModules/InAppVideoServices-EG6AQTMUHPSK2Y2EWOSQ5MPQ.pcm

SwiftExplicitDependencyGeneratePcm arm64 /Users/buddhirajgautam/Library/Developer/Xcode/DerivedData/Telegram-Mac-fygdgghdgmuleoelvxabfmqiotta/Build/Intermediates.noindex/SwiftExplicitPrecompiledModules/TGPassportMRZ-CNJLJFYZ748ZCETK3OSRQ1APJ.pcm

SwiftExplicitDependencyGeneratePcm arm64 /Users/buddhirajgautam/Library/Developer/Xcode/DerivedData/Telegram-Mac-fygdgghdgmuleoelvxabfmqiotta/Build/Intermediates.noindex/SwiftExplicitPrecompiledModules/libphonenumber-EJHNDDIB0HODB4QVZ1SH3ENWQ.pcm

SwiftExplicitDependencyGeneratePcm arm64 /Users/buddhirajgautam/Library/Developer/Xcode/DerivedData/Telegram-Mac-fygdgghdgmuleoelvxabfmqiotta/Build/Intermediates.noindex/SwiftExplicitPrecompiledModules/GZIP-65JXE71JLIX5BH1UHFRABFS9.pcm

SwiftExplicitDependencyGeneratePcm arm64 /Users/buddhirajgautam/Library/Developer/Xcode/DerivedData/Telegram-Mac-fygdgghdgmuleoelvxabfmqiotta/Build/Intermediates.noindex/SwiftExplicitPrecompiledModules/sqlcipher-187IVPNUY7C9C2I65HMTV6QWT.pcm

SwiftExplicitDependencyGeneratePcm arm64 /Users/buddhirajgautam/Library/Developer/Xcode/DerivedData/Telegram-Mac-fygdgghdgmuleoelvxabfmqiotta/Build/Intermediates.noindex/SwiftExplicitPrecompiledModules/TGCurrencyFormatter-BUCICS0H9PGXTFDTI04BKXL4T.pcm

SwiftExplicitDependencyGeneratePcm arm64 /Users/buddhirajgautam/Library/Developer/Xcode/DerivedData/Telegram-Mac-fygdgghdgmuleoelvxabfmqiotta/Build/Intermediates.noindex/SwiftExplicitPrecompiledModules/Firebase-4JGSKMQX0ET5YG4EON9WCAYIK.pcm

SwiftExplicitDependencyGeneratePcm arm64 /Users/buddhirajgautam/Library/Developer/Xcode/DerivedData/Telegram-Mac-fygdgghdgmuleoelvxabfmqiotta/Build/Intermediates.noindex/SwiftExplicitPrecompiledModules/Stripe-1DHKLT33EHVH06H50FAQUAZ61.pcm

SwiftExplicitDependencyGeneratePcm arm64 /Users/buddhirajgautam/Library/Developer/Xcode/DerivedData/Telegram-Mac-fygdgghdgmuleoelvxabfmqiotta/Build/Intermediates.noindex/SwiftExplicitPrecompiledModules/EncryptionProvider-ELTHPESST409BBAF40AL0GGW4.pcm

SwiftExplicitDependencyGeneratePcm arm64 /Users/buddhirajgautam/Library/Developer/Xcode/DerivedData/Telegram-Mac-fygdgghdgmuleoelvxabfmqiotta/Build/Intermediates.noindex/SwiftExplicitPrecompiledModules/minizip-2B4DCLLR7BL1N931XTYWXECG8.pcm

SwiftExplicitDependencyGeneratePcm arm64 /Users/buddhirajgautam/Library/Developer/Xcode/DerivedData/Telegram-Mac-fygdgghdgmuleoelvxabfmqiotta/Build/Intermediates.noindex/SwiftExplicitPrecompiledModules/LokiRng-2D95GFA7MN0630853S58KFUE0.pcm

SwiftExplicitDependencyGeneratePcm arm64 /Users/buddhirajgautam/Library/Developer/Xcode/DerivedData/Telegram-Mac-fygdgghdgmuleoelvxabfmqiotta/Build/Intermediates.noindex/SwiftExplicitPrecompiledModules/RingBuffer-AL7GK2W5GTZPB383TT75ZIB5T.pcm

SwiftExplicitDependencyGeneratePcm arm64 /Users/buddhirajgautam/Library/Developer/Xcode/DerivedData/Telegram-Mac-fygdgghdgmuleoelvxabfmqiotta/Build/Intermediates.noindex/SwiftExplicitPrecompiledModules/ShelfPack-B0WO6Z79DS0ZHKILS3S3HPJQ6.pcm

SwiftExplicitDependencyGeneratePcm arm64 /Users/buddhirajgautam/Library/Developer/Xcode/DerivedData/Telegram-Mac-fygdgghdgmuleoelvxabfmqiotta/Build/Intermediates.noindex/SwiftExplicitPrecompiledModules/EDSunriseSet-B1H7YT9OZA9T7C2VI6Q04S48D.pcm

SwiftExplicitDependencyGeneratePcm arm64 /Users/buddhirajgautam/Library/Developer/Xcode/DerivedData/Telegram-Mac-fygdgghdgmuleoelvxabfmqiotta/Build/Intermediates.noindex/SwiftExplicitPrecompiledModules/HackUtils-94MGLH488TV86UH6ML0UJXQ98.pcm

SwiftExplicitDependencyGeneratePcm arm64 /Users/buddhirajgautam/Library/Developer/Xcode/DerivedData/Telegram-Mac-fygdgghdgmuleoelvxabfmqiotta/Build/Intermediates.noindex/SwiftExplicitPrecompiledModules/OpenSSLEncryption-9SFNXFK8W1ZU8EWJ10BDSW1CF.pcm

SwiftExplicitDependencyGeneratePcm arm64 /Users/buddhirajgautam/Library/Developer/Xcode/DerivedData/Telegram-Mac-fygdgghdgmuleoelvxabfmqiotta/Build/Intermediates.noindex/SwiftExplicitPrecompiledModules/MtProtoKit-7EDP1HURDNM42K6HQYWLD2UB2.pcm

SwiftExplicitDependencyGeneratePcm arm64 /Users/buddhirajgautam/Library/Developer/Xcode/DerivedData/Telegram-Mac-fygdgghdgmuleoelvxabfmqiotta/Build/Intermediates.noindex/SwiftExplicitPrecompiledModules/FastBlur-3S12D2GONEU2HPWLNQB2CHAVP.pcm

SwiftExplicitDependencyGeneratePcm arm64 /Users/buddhirajgautam/Library/Developer/Xcode/DerivedData/Telegram-Mac-fygdgghdgmuleoelvxabfmqiotta/Build/Intermediates.noindex/SwiftExplicitPrecompiledModules/DetectSpeech-BUJ8IA8BZQR7IDTHFUTB6QHE4.pcm

SwiftExplicitDependencyGeneratePcm arm64 /Users/buddhirajgautam/Library/Developer/Xcode/DerivedData/Telegram-Mac-fygdgghdgmuleoelvxabfmqiotta/Build/Intermediates.noindex/SwiftExplicitPrecompiledModules/EmojiSuggestions-4J2W4LOH3MM3CL5V07EV35EVA.pcm

SwiftExplicitDependencyGeneratePcm arm64 /Users/buddhirajgautam/Library/Developer/Xcode/DerivedData/Telegram-Mac-fygdgghdgmuleoelvxabfmqiotta/Build/Intermediates.noindex/SwiftExplicitPrecompiledModules/OpusBinding-CG166MKM01TIT0EIYHDX67Z10.pcm

SwiftGeneratePch normal arm64 Compiling\ bridging\ header (in target 'Telegram' from project 'Telegram')

SwiftDriverJobDiscovery normal arm64 Compiling bridging header (in target 'Telegram' from project 'Telegram')

SwiftCompile normal arm64 Compiling\ GeneralLoadingRowItem.swift,\ VerticalTabsView.swift,\ InstantPageSelectText.swift,\ WebAppPermissionsState.swift,\ AddReactionManager.swift,\ InstantPageShapeItem.swift,\ InputURLFormatterModalController.swift,\ GroupCallAvatarMenuItem.swift,\ StorageUsageController.swift,\ MessageStatsController.swift,\ PreviewSenderController.swift,\ WidgetAppIconController.swift,\ MonoforumHorizontalView.swift,\ InputDataTableBasedItem.swift,\ ListViewIntermediateState.swift,\ StorageUsageHeaderItem.swift,\ CallStatusView.swift,\ MediaPaidSetterController.swift,\ ChannelWallpapersController.swift,\ ChatWallpaperModalController.swift,\ LocalizationPreviewModalController.swift,\ SmartThemeListRowItem.swift,\ GeneralInputRow.swift,\ SearchEmptyRowItem.swift /Users/buddhirajgautam/Documents/Cherrygram-Mac/macOS-Swift/Telegram-Mac/GeneralLoadingRowItem.swift /Users/buddhirajgautam/Documents/Cherrygram-Mac/macOS-Swift/Telegram-Mac/VerticalTabsView.swift /Users/buddhirajgautam/Documents/Cherrygram-Mac/macOS-Swift/Telegram-Mac/InstantPageSelectText.swift /Users/buddhirajgautam/Documents/Cherrygram-Mac/macOS-Swift/Telegram-Mac/WebAppPermissionsState.swift /Users/buddhirajgautam/Documents/Cherrygram-Mac/macOS-Swift/Telegram-Mac/AddReactionManager.swift /Users/buddhirajgautam/Documents/Cherrygram-Mac/macOS-Swift/Telegram-Mac/InstantPageShapeItem.swift /Users/buddhirajgautam/Documents/Cherrygram-Mac/macOS-Swift/Telegram-Mac/InputURLFormatterModalController.swift /Users/buddhirajgautam/Documents/Cherrygram-Mac/macOS-Swift/Telegram-Mac/GroupCallAvatarMenuItem.swift /Users/buddhirajgautam/Documents/Cherrygram-Mac/macOS-Swift/Telegram-Mac/StorageUsageController.swift /Users/buddhirajgautam/Documents/Cherrygram-Mac/macOS-Swift/Telegram-Mac/MessageStatsController.swift /Users/buddhirajgautam/Documents/Cherrygram-Mac/macOS-Swift/Telegram-Mac/PreviewSenderController.swift /Users/buddhirajgautam/Documents/Cherrygram-Mac/macOS-Swift/Telegram-Mac/WidgetAppIconController.swift /Users/buddhirajgautam/Documents/Cherrygram-Mac/macOS-Swift/Telegram-Mac/monoforum/MonoforumHorizontalView.swift /Users/buddhirajgautam/Documents/Cherrygram-Mac/macOS-Swift/Telegram-Mac/InputDataTableBasedItem.swift /Users/buddhirajgautam/Documents/Cherrygram-Mac/macOS-Swift/Telegram-Mac/ListViewIntermediateState.swift /Users/buddhirajgautam/Documents/Cherrygram-Mac/macOS-Swift/Telegram-Mac/StorageUsageHeaderItem.swift /Users/buddhirajgautam/Documents/Cherrygram-Mac/macOS-Swift/Telegram-Mac/CallStatusView.swift /Users/buddhirajgautam/Documents/Cherrygram-Mac/macOS-Swift/Telegram-Mac/MediaPaidSetterController.swift /Users/buddhirajgautam/Documents/Cherrygram-Mac/macOS-Swift/Telegram-Mac/ChannelWallpapersController.swift /Users/buddhirajgautam/Documents/Cherrygram-Mac/macOS-Swift/Telegram-Mac/ChatWallpaperModalController.swift /Users/buddhirajgautam/Documents/Cherrygram-Mac/macOS-Swift/Telegram-Mac/LocalizationPreviewModalController.swift /Users/buddhirajgautam/Documents/Cherrygram-Mac/macOS-Swift/Telegram-Mac/SmartThemeListRowItem.swift /Users/buddhirajgautam/Documents/Cherrygram-Mac/macOS-Swift/Telegram-Mac/GeneralInputRow.swift /Users/buddhirajgautam/Documents/Cherrygram-Mac/macOS-Swift/Telegram-Mac/SearchEmptyRowItem.swift (in target 'Telegram' from project 'Telegram')
/Users/buddhirajgautam/Documents/Cherrygram-Mac/macOS-Swift/Telegram-Mac/InstantPageSelectText.swift:330:54: warning: result of call to 'playOrPause()' is unused [#NoUsage]
328 |                             if view?.hitTest(point) is RadialProgressView, let view = view as? InstantPageAudioView {
329 |                                 if view.controller != nil {
330 |                                     view.controller?.playOrPause()
    |                                                      `- warning: result of call to 'playOrPause()' is unused [#NoUsage]
331 |                                 } else {
332 |                                     let audio = APSingleResourceController(context: context, wrapper: view.wrapper, streamable: true)

/Users/buddhirajgautam/Documents/Cherrygram-Mac/macOS-Swift/Telegram-Mac/InstantPageSelectText.swift:318:44: warning: 'index(of:)' is deprecated: renamed to 'firstIndex(of:)' [#DeprecatedDeclaration]
316 |                         })
317 |                         
318 |                         var index = medias.index(of: item.medias.first!)!
    |                                            |- warning: 'index(of:)' is deprecated: renamed to 'firstIndex(of:)' [#DeprecatedDeclaration]
    |                                            `- note: use 'firstIndex(of:)' instead
319 |                         
320 |                         let view = self.interactive?.contentInteractionView(for: AnyHashable(index), animateIn: false)

/Users/buddhirajgautam/Documents/Cherrygram-Mac/macOS-Swift/Telegram-Mac/InstantPageSelectText.swift:200:24: warning: value 'documentView' was defined but never used; consider replacing with boolean test [#NoUsage]
198 |             let isInDocument = self?.scroll.documentView?.isInnerView(window?.contentView?.hitTest(event.locationInWindow)) ?? false
199 |             if isInDocument {
200 |                 if let documentView = self?.scroll.documentView {
    |                        `- warning: value 'documentView' was defined but never used; consider replacing with boolean test [#NoUsage]
201 |                     if !instantSelectManager.isEmpty {
202 |                         let textView = NSTextView()

/Users/buddhirajgautam/Documents/Cherrygram-Mac/macOS-Swift/Telegram-Mac/AddReactionManager.swift:552:60: warning: 'dark' was deprecated in macOS 10.14: Use a semantic material instead.  To force the appearance of a view hierarchy, set the `appearance` property to an appropriate NSAppearance value. [#DeprecatedDeclaration]
 550 |         
 551 |         if !isLite(.blur) {
 552 |             visualEffect.material = theme.colors.isDark ? .dark : .mediumLight
     |                                                            `- warning: 'dark' was deprecated in macOS 10.14: Use a semantic material instead.  To force the appearance of a view hierarchy, set the `appearance` property to an appropriate NSAppearance value. [#DeprecatedDeclaration]
 553 |         }
 554 |         

/Users/buddhirajgautam/Documents/Cherrygram-Mac/macOS-Swift/Telegram-Mac/AddReactionManager.swift:552:68: warning: 'mediumLight' was deprecated in macOS 10.14: Use a semantic material instead.  To force the appearance of a view hierarchy, set the `appearance` property to an appropriate NSAppearance value. [#DeprecatedDeclaration]
 550 |         
 551 |         if !isLite(.blur) {
 552 |             visualEffect.material = theme.colors.isDark ? .dark : .mediumLight
     |                                                                    `- warning: 'mediumLight' was deprecated in macOS 10.14: Use a semantic material instead.  To force the appearance of a view hierarchy, set the `appearance` property to an appropriate NSAppearance value. [#DeprecatedDeclaration]
 553 |         }
 554 |         

/Users/buddhirajgautam/Documents/Cherrygram-Mac/macOS-Swift/Telegram-Mac/StorageUsageController.swift:183:1: warning: extension declares a conformance of imported type 'CacheUsageStatsResult' to imported protocol 'Equatable'; this will not behave correctly if the owners of 'TelegramCore' introduce this conformance in the future
 181 | }
 182 | 
 183 | extension CacheUsageStatsResult : Equatable {
     | |- warning: extension declares a conformance of imported type 'CacheUsageStatsResult' to imported protocol 'Equatable'; this will not behave correctly if the owners of 'TelegramCore' introduce this conformance in the future
     | `- note: add '@retroactive' to silence this warning
 184 |     public static func == (lhs: CacheUsageStatsResult, rhs: CacheUsageStatsResult) -> Bool {
 185 |         switch lhs {

/Users/buddhirajgautam/Documents/Cherrygram-Mac/macOS-Swift/Telegram-Mac/StorageUsageController.swift:203:1: warning: extension declares a conformance of imported type 'CacheUsageStats' to imported protocol 'Equatable'; this will not behave correctly if the owners of 'TelegramCore' introduce this conformance in the future
 201 |     
 202 | }
 203 | extension CacheUsageStats : Equatable {
     | |- warning: extension declares a conformance of imported type 'CacheUsageStats' to imported protocol 'Equatable'; this will not behave correctly if the owners of 'TelegramCore' introduce this conformance in the future
     | `- note: add '@retroactive' to silence this warning
 204 |     public static func == (lhs: CacheUsageStats, rhs: CacheUsageStats) -> Bool {
 205 |         if lhs.media != rhs.media  {

/Users/buddhirajgautam/Documents/Cherrygram-Mac/macOS-Swift/Telegram-Mac/StorageUsageController.swift:249:1: warning: extension declares a conformance of imported type 'AllStorageUsageStats' to imported protocol 'Equatable'; this will not behave correctly if the owners of 'TelegramCore' introduce this conformance in the future
 247 | }
 248 | 
 249 | extension AllStorageUsageStats : Equatable {
     | |- warning: extension declares a conformance of imported type 'AllStorageUsageStats' to imported protocol 'Equatable'; this will not behave correctly if the owners of 'TelegramCore' introduce this conformance in the future
     | `- note: add '@retroactive' to silence this warning
 250 |     public static func ==(lhs: AllStorageUsageStats, rhs: AllStorageUsageStats) -> Bool {
 251 |         return lhs === rhs

/Users/buddhirajgautam/Documents/Cherrygram-Mac/macOS-Swift/Telegram-Mac/StorageUsageController.swift:254:1: warning: extension declares a conformance of imported type 'StorageUsageStats' to imported protocol 'Equatable'; this will not behave correctly if the owners of 'TelegramCore' introduce this conformance in the future
 252 |     }
 253 | }
 254 | extension StorageUsageStats : Equatable {
     | |- warning: extension declares a conformance of imported type 'StorageUsageStats' to imported protocol 'Equatable'; this will not behave correctly if the owners of 'TelegramCore' introduce this conformance in the future
     | `- note: add '@retroactive' to silence this warning
 255 |     public static func ==(lhs: StorageUsageStats, rhs: StorageUsageStats) -> Bool {
 256 |         return lhs === rhs

/Users/buddhirajgautam/Documents/Cherrygram-Mac/macOS-Swift/Telegram-Mac/StorageUsageController.swift:276:1: warning: extension declares a conformance of imported type 'CategoryData' to imported protocol 'Equatable'; this will not behave correctly if the owners of 'TelegramCore' introduce this conformance in the future
 274 |     }
 275 | }
 276 | extension StorageUsageStats.CategoryData : Equatable {
     | |- warning: extension declares a conformance of imported type 'CategoryData' to imported protocol 'Equatable'; this will not behave correctly if the owners of 'TelegramCore' introduce this conformance in the future
     | `- note: add '@retroactive' to silence this warning
 277 |     public static func ==(lhs: StorageUsageStats.CategoryData, rhs: StorageUsageStats.CategoryData) -> Bool {
 278 |         return lhs.size == rhs.size

/Users/buddhirajgautam/Documents/Cherrygram-Mac/macOS-Swift/Telegram-Mac/PreviewSenderController.swift:269:17: warning: initialization of immutable value 'optons' was never used; consider replacing with assignment to '_' or removing it [#NoUsage]
 267 |             let canCollage = self.canCollage
 268 |             let canSpoiler = self.canSpoiler
 269 |             let optons = self.options
     |                 `- warning: initialization of immutable value 'optons' was never used; consider replacing with assignment to '_' or removing it [#NoUsage]
 270 |             let totalCount = self.totalCount
 271 |             let newValue = self.state

/Users/buddhirajgautam/Documents/Cherrygram-Mac/macOS-Swift/Telegram-Mac/PreviewSenderController.swift:1884:41: warning: immutable value 'window' was never used; consider replacing with '_' or removing it [#NoUsage]
1882 |                 
1883 |                 let invoke:()->Void = { [weak self] in
1884 |                     guard let self, let window = self.window else {
     |                                         `- warning: immutable value 'window' was never used; consider replacing with '_' or removing it [#NoUsage]
1885 |                         return
1886 |                     }

/Users/buddhirajgautam/Library/Developer/Xcode/DerivedData/Telegram-Mac-fygdgghdgmuleoelvxabfmqiotta/Build/Intermediates.noindex/Telegram.build/Debug/Telegram.build/DerivedSources/GeneratedAssetSymbols.swift:1852:14: warning: The "Icon_Profile_Call" image asset name resolves to the symbol "iconProfileCall" which already exists. Try renaming the asset.
1850 |     static let iconProfileBoost = ImageResource(name: "Icon_Profile_Boost", bundle: resourceBundle)
1851 | 
1852 |     #warning("The \"Icon_Profile_Call\" image asset name resolves to the symbol \"iconProfileCall\" which already exists. Try renaming the asset.")
     |              `- warning: The "Icon_Profile_Call" image asset name resolves to the symbol "iconProfileCall" which already exists. Try renaming the asset.
1853 | 
1854 |     /// The "Icon_Profile_ChannelSign" asset catalog image resource.


SwiftCompile normal arm64 /Users/buddhirajgautam/Documents/Cherrygram-Mac/macOS-Swift/Telegram-Mac/GeneralLoadingRowItem.swift (in target 'Telegram' from project 'Telegram')
    cd /Users/buddhirajgautam/Documents/Cherrygram-Mac/macOS-Swift
    builtin-SwiftPerFileCompile GeneralLoadingRowItem.swift

SwiftCompile normal arm64 /Users/buddhirajgautam/Documents/Cherrygram-Mac/macOS-Swift/Telegram-Mac/VerticalTabsView.swift (in target 'Telegram' from project 'Telegram')
    cd /Users/buddhirajgautam/Documents/Cherrygram-Mac/macOS-Swift
    builtin-SwiftPerFileCompile VerticalTabsView.swift

SwiftCompile normal arm64 /Users/buddhirajgautam/Documents/Cherrygram-Mac/macOS-Swift/Telegram-Mac/InstantPageSelectText.swift (in target 'Telegram' from project 'Telegram')
    cd /Users/buddhirajgautam/Documents/Cherrygram-Mac/macOS-Swift
    builtin-SwiftPerFileCompile InstantPageSelectText.swift

SwiftCompile normal arm64 /Users/buddhirajgautam/Documents/Cherrygram-Mac/macOS-Swift/Telegram-Mac/WebAppPermissionsState.swift (in target 'Telegram' from project 'Telegram')
    cd /Users/buddhirajgautam/Documents/Cherrygram-Mac/macOS-Swift
    builtin-SwiftPerFileCompile WebAppPermissionsState.swift

SwiftCompile normal arm64 /Users/buddhirajgautam/Documents/Cherrygram-Mac/macOS-Swift/Telegram-Mac/AddReactionManager.swift (in target 'Telegram' from project 'Telegram')
    cd /Users/buddhirajgautam/Documents/Cherrygram-Mac/macOS-Swift
    builtin-SwiftPerFileCompile AddReactionManager.swift

SwiftCompile normal arm64 /Users/buddhirajgautam/Documents/Cherrygram-Mac/macOS-Swift/Telegram-Mac/InstantPageShapeItem.swift (in target 'Telegram' from project 'Telegram')
    cd /Users/buddhirajgautam/Documents/Cherrygram-Mac/macOS-Swift
    builtin-SwiftPerFileCompile InstantPageShapeItem.swift

SwiftCompile normal arm64 /Users/buddhirajgautam/Documents/Cherrygram-Mac/macOS-Swift/Telegram-Mac/InputURLFormatterModalController.swift (in target 'Telegram' from project 'Telegram')
    cd /Users/buddhirajgautam/Documents/Cherrygram-Mac/macOS-Swift
    builtin-SwiftPerFileCompile InputURLFormatterModalController.swift

SwiftCompile normal arm64 /Users/buddhirajgautam/Documents/Cherrygram-Mac/macOS-Swift/Telegram-Mac/GroupCallAvatarMenuItem.swift (in target 'Telegram' from project 'Telegram')
    cd /Users/buddhirajgautam/Documents/Cherrygram-Mac/macOS-Swift
    builtin-SwiftPerFileCompile GroupCallAvatarMenuItem.swift

SwiftCompile normal arm64 /Users/buddhirajgautam/Documents/Cherrygram-Mac/macOS-Swift/Telegram-Mac/StorageUsageController.swift (in target 'Telegram' from project 'Telegram')
    cd /Users/buddhirajgautam/Documents/Cherrygram-Mac/macOS-Swift
    builtin-SwiftPerFileCompile StorageUsageController.swift

SwiftCompile normal arm64 /Users/buddhirajgautam/Documents/Cherrygram-Mac/macOS-Swift/Telegram-Mac/MessageStatsController.swift (in target 'Telegram' from project 'Telegram')
    cd /Users/buddhirajgautam/Documents/Cherrygram-Mac/macOS-Swift
    builtin-SwiftPerFileCompile MessageStatsController.swift

SwiftCompile normal arm64 /Users/buddhirajgautam/Documents/Cherrygram-Mac/macOS-Swift/Telegram-Mac/PreviewSenderController.swift (in target 'Telegram' from project 'Telegram')
    cd /Users/buddhirajgautam/Documents/Cherrygram-Mac/macOS-Swift
    builtin-SwiftPerFileCompile PreviewSenderController.swift

SwiftCompile normal arm64 /Users/buddhirajgautam/Documents/Cherrygram-Mac/macOS-Swift/Telegram-Mac/WidgetAppIconController.swift (in target 'Telegram' from project 'Telegram')
    cd /Users/buddhirajgautam/Documents/Cherrygram-Mac/macOS-Swift
    builtin-SwiftPerFileCompile WidgetAppIconController.swift

SwiftCompile normal arm64 /Users/buddhirajgautam/Documents/Cherrygram-Mac/macOS-Swift/Telegram-Mac/monoforum/MonoforumHorizontalView.swift (in target 'Telegram' from project 'Telegram')
    cd /Users/buddhirajgautam/Documents/Cherrygram-Mac/macOS-Swift
    builtin-SwiftPerFileCompile MonoforumHorizontalView.swift

SwiftCompile normal arm64 /Users/buddhirajgautam/Documents/Cherrygram-Mac/macOS-Swift/Telegram-Mac/InputDataTableBasedItem.swift (in target 'Telegram' from project 'Telegram')
    cd /Users/buddhirajgautam/Documents/Cherrygram-Mac/macOS-Swift
    builtin-SwiftPerFileCompile InputDataTableBasedItem.swift

SwiftCompile normal arm64 /Users/buddhirajgautam/Documents/Cherrygram-Mac/macOS-Swift/Telegram-Mac/ListViewIntermediateState.swift (in target 'Telegram' from project 'Telegram')
    cd /Users/buddhirajgautam/Documents/Cherrygram-Mac/macOS-Swift
    builtin-SwiftPerFileCompile ListViewIntermediateState.swift

SwiftCompile normal arm64 /Users/buddhirajgautam/Documents/Cherrygram-Mac/macOS-Swift/Telegram-Mac/StorageUsageHeaderItem.swift (in target 'Telegram' from project 'Telegram')
    cd /Users/buddhirajgautam/Documents/Cherrygram-Mac/macOS-Swift
    builtin-SwiftPerFileCompile StorageUsageHeaderItem.swift

SwiftCompile normal arm64 /Users/buddhirajgautam/Documents/Cherrygram-Mac/macOS-Swift/Telegram-Mac/CallStatusView.swift (in target 'Telegram' from project 'Telegram')
    cd /Users/buddhirajgautam/Documents/Cherrygram-Mac/macOS-Swift
    builtin-SwiftPerFileCompile CallStatusView.swift

SwiftCompile normal arm64 /Users/buddhirajgautam/Documents/Cherrygram-Mac/macOS-Swift/Telegram-Mac/MediaPaidSetterController.swift (in target 'Telegram' from project 'Telegram')
    cd /Users/buddhirajgautam/Documents/Cherrygram-Mac/macOS-Swift
    builtin-SwiftPerFileCompile MediaPaidSetterController.swift

SwiftCompile normal arm64 /Users/buddhirajgautam/Documents/Cherrygram-Mac/macOS-Swift/Telegram-Mac/ChannelWallpapersController.swift (in target 'Telegram' from project 'Telegram')
    cd /Users/buddhirajgautam/Documents/Cherrygram-Mac/macOS-Swift
    builtin-SwiftPerFileCompile ChannelWallpapersController.swift

SwiftCompile normal arm64 /Users/buddhirajgautam/Documents/Cherrygram-Mac/macOS-Swift/Telegram-Mac/ChatWallpaperModalController.swift (in target 'Telegram' from project 'Telegram')
    cd /Users/buddhirajgautam/Documents/Cherrygram-Mac/macOS-Swift
    builtin-SwiftPerFileCompile ChatWallpaperModalController.swift

SwiftCompile normal arm64 /Users/buddhirajgautam/Documents/Cherrygram-Mac/macOS-Swift/Telegram-Mac/LocalizationPreviewModalController.swift (in target 'Telegram' from project 'Telegram')
    cd /Users/buddhirajgautam/Documents/Cherrygram-Mac/macOS-Swift
    builtin-SwiftPerFileCompile LocalizationPreviewModalController.swift

SwiftCompile normal arm64 /Users/buddhirajgautam/Documents/Cherrygram-Mac/macOS-Swift/Telegram-Mac/SmartThemeListRowItem.swift (in target 'Telegram' from project 'Telegram')
    cd /Users/buddhirajgautam/Documents/Cherrygram-Mac/macOS-Swift
    builtin-SwiftPerFileCompile SmartThemeListRowItem.swift

SwiftCompile normal arm64 /Users/buddhirajgautam/Documents/Cherrygram-Mac/macOS-Swift/Telegram-Mac/GeneralInputRow.swift (in target 'Telegram' from project 'Telegram')
    cd /Users/buddhirajgautam/Documents/Cherrygram-Mac/macOS-Swift
    builtin-SwiftPerFileCompile GeneralInputRow.swift

SwiftCompile normal arm64 /Users/buddhirajgautam/Documents/Cherrygram-Mac/macOS-Swift/Telegram-Mac/SearchEmptyRowItem.swift (in target 'Telegram' from project 'Telegram')
    cd /Users/buddhirajgautam/Documents/Cherrygram-Mac/macOS-Swift
    builtin-SwiftPerFileCompile SearchEmptyRowItem.swift

/Users/buddhirajgautam/Library/Developer/Xcode/DerivedData/Telegram-Mac-fygdgghdgmuleoelvxabfmqiotta/Build/Intermediates.noindex/Telegram.build/Debug/Telegram.build/DerivedSources/GeneratedAssetSymbols.swift:2454:14: warning: The "Icon_Story_Repost" image asset name resolves to the symbol "iconStoryRepost" which already exists. Try renaming the asset.
2452 |     static let iconStoryInlineReactionShadow = ImageResource(name: "Icon_Story_InlineReaction_Shadow", bundle: resourceBundle)
2453 | 
2454 |     #warning("The \"Icon_Story_Repost\" image asset name resolves to the symbol \"iconStoryRepost\" which already exists. Try renaming the asset.")
     |              `- warning: The "Icon_Story_Repost" image asset name resolves to the symbol "iconStoryRepost" which already exists. Try renaming the asset.
2455 | 
2456 |     /// The "Icon_Story_Selected_Contacts" asset catalog image resource.

/Users/buddhirajgautam/Documents/Cherrygram-Mac/macOS-Swift/Telegram-Mac/monoforum/MonoforumHorizontalView.swift:236:13: warning: variable 'offsetIndex' was never mutated; consider changing to 'let' constant [#VariableNeverMutated]
234 |         
235 |         var pinned: [Int64] = []
236 |         var offsetIndex = 3
    |             `- warning: variable 'offsetIndex' was never mutated; consider changing to 'let' constant [#VariableNeverMutated]
237 |         
238 |         for (i, item) in items.enumerated() {

/Users/buddhirajgautam/Documents/Cherrygram-Mac/macOS-Swift/Telegram-Mac/ChannelWallpapersController.swift:266:9: warning: variable 'index' was never mutated; consider changing to 'let' constant [#VariableNeverMutated]
264 |     
265 |     var sectionId:Int32 = 0
266 |     var index: Int32 = 0
    |         `- warning: variable 'index' was never mutated; consider changing to 'let' constant [#VariableNeverMutated]
267 |     
268 |     entries.append(.sectionId(sectionId, type: .normal))

/Users/buddhirajgautam/Documents/Cherrygram-Mac/macOS-Swift/Telegram-Mac/ChannelWallpapersController.swift:395:93: warning: 'kUTTypeJPEG' was deprecated in macOS 12.0: Use UTTypeJPEG or UTType.jpeg (swift) instead. [#DeprecatedDeclaration]
393 |                     let mutableData: CFMutableData = NSMutableData() as CFMutableData
394 |                     
395 |                     if let colorDestination = CGImageDestinationCreateWithData(mutableData, kUTTypeJPEG, 1, nil) {
    |                                                                                             `- warning: 'kUTTypeJPEG' was deprecated in macOS 12.0: Use UTTypeJPEG or UTType.jpeg (swift) instead. [#DeprecatedDeclaration]
396 |                         CGImageDestinationAddImage(colorDestination, image, options as CFDictionary)
397 |                         if CGImageDestinationFinalize(colorDestination) {

/Users/buddhirajgautam/Documents/Cherrygram-Mac/macOS-Swift/Telegram-Mac/ChatWallpaperModalController.swift:132:97: warning: 'kUTTypeJPEG' was deprecated in macOS 12.0: Use UTTypeJPEG or UTType.jpeg (swift) instead. [#DeprecatedDeclaration]
130 |                         let mutableData: CFMutableData = NSMutableData() as CFMutableData
131 |                         
132 |                         if let colorDestination = CGImageDestinationCreateWithData(mutableData, kUTTypeJPEG, 1, nil) {
    |                                                                                                 `- warning: 'kUTTypeJPEG' was deprecated in macOS 12.0: Use UTTypeJPEG or UTType.jpeg (swift) instead. [#DeprecatedDeclaration]
133 |                             CGImageDestinationAddImage(colorDestination, image, options as CFDictionary)
134 |                             if CGImageDestinationFinalize(colorDestination) {

/Users/buddhirajgautam/Documents/Cherrygram-Mac/macOS-Swift/Telegram-Mac/SmartThemeListRowItem.swift:106:14: warning: immutable value 'i' was never used; consider replacing with '_' or removing it [#NoUsage]
104 |         
105 |         
106 |         for (i, smartTheme) in item.list.enumerated() {
    |              `- warning: immutable value 'i' was never used; consider replacing with '_' or removing it [#NoUsage]
107 |             let data = smartTheme.data
108 |             let selected: Bool = item.theme.colors.accent == data.appTheme.colors.accent && item.theme.wallpaper.wallpaper == data.appTheme.wallpaper.wallpaper

[#DeprecatedDeclaration]: <https://docs.swift.org/compiler/documentation/diagnostics/deprecated-declaration>
[#NoUsage]: <https://docs.swift.org/compiler/documentation/diagnostics/no-usage>
[#VariableNeverMutated]: <https://docs.swift.org/compiler/documentation/diagnostics/variable-never-mutated>
SwiftCompile normal arm64 Compiling\ WebappTransferDataController.swift,\ NewPollController.swift,\ BusinessLinksController.swift,\ Star_Subscription.swift,\ GroupCallStatusBar.swift,\ InstantPageMedia.swift,\ InstantPageView.swift,\ RecentCallsViewController.swift,\ MGalleryItem.swift,\ ForumNameRowItem.swift,\ ChatServiceRowView.swift,\ MainViewController.swift,\ InputSources.swift,\ Report.swift,\ WebAppSecureStorage.swift,\ ForgotPasswordController.swift,\ GalleryViewer.swift,\ ChannelMemberCategoryListContext.swift,\ LocationSendCurrentItem.swift,\ AudioPlayerController.swift,\ Star_TransactionRowItem.swift,\ GeminiService.swift,\ CherrygramSettingsViewController.swift,\ GeneratedAssetSymbols.swift /Users/buddhirajgautam/Documents/Cherrygram-Mac/macOS-Swift/Telegram-Mac/WebappTransferDataController.swift /Users/buddhirajgautam/Documents/Cherrygram-Mac/macOS-Swift/Telegram-Mac/NewPollController.swift /Users/buddhirajgautam/Documents/Cherrygram-Mac/macOS-Swift/Telegram-Mac/BusinessLinksController.swift /Users/buddhirajgautam/Documents/Cherrygram-Mac/macOS-Swift/Telegram-Mac/Star_Subscription.swift /Users/buddhirajgautam/Documents/Cherrygram-Mac/macOS-Swift/Telegram-Mac/GroupCallStatusBar.swift /Users/buddhirajgautam/Documents/Cherrygram-Mac/macOS-Swift/Telegram-Mac/InstantPageMedia.swift /Users/buddhirajgautam/Documents/Cherrygram-Mac/macOS-Swift/Telegram-Mac/InstantPageView.swift /Users/buddhirajgautam/Documents/Cherrygram-Mac/macOS-Swift/Telegram-Mac/RecentCallsViewController.swift /Users/buddhirajgautam/Documents/Cherrygram-Mac/macOS-Swift/Telegram-Mac/MGalleryItem.swift /Users/buddhirajgautam/Documents/Cherrygram-Mac/macOS-Swift/Telegram-Mac/ForumNameRowItem.swift /Users/buddhirajgautam/Documents/Cherrygram-Mac/macOS-Swift/Telegram-Mac/ChatServiceRowView.swift /Users/buddhirajgautam/Documents/Cherrygram-Mac/macOS-Swift/Telegram-Mac/MainViewController.swift /Users/buddhirajgautam/Documents/Cherrygram-Mac/macOS-Swift/Telegram-Mac/InputSources.swift /Users/buddhirajgautam/Documents/Cherrygram-Mac/macOS-Swift/Telegram-Mac/Report.swift /Users/buddhirajgautam/Documents/Cherrygram-Mac/macOS-Swift/Telegram-Mac/WebAppSecureStorage.swift /Users/buddhirajgautam/Documents/Cherrygram-Mac/macOS-Swift/Telegram-Mac/ForgotPasswordController.swift /Users/buddhirajgautam/Documents/Cherrygram-Mac/macOS-Swift/Telegram-Mac/GalleryViewer.swift /Users/buddhirajgautam/Documents/Cherrygram-Mac/macOS-Swift/Telegram-Mac/ChannelMemberCategoryListContext.swift /Users/buddhirajgautam/Documents/Cherrygram-Mac/macOS-Swift/Telegram-Mac/LocationSendCurrentItem.swift /Users/buddhirajgautam/Documents/Cherrygram-Mac/macOS-Swift/Telegram-Mac/AudioPlayerController.swift /Users/buddhirajgautam/Documents/Cherrygram-Mac/macOS-Swift/Telegram-Mac/Star_TransactionRowItem.swift /Users/buddhirajgautam/Documents/Cherrygram-Mac/macOS-Swift/Telegram-Mac/GeminiService.swift /Users/buddhirajgautam/Documents/Cherrygram-Mac/macOS-Swift/Telegram-Mac/CherrygramSettingsViewController.swift /Users/buddhirajgautam/Library/Developer/Xcode/DerivedData/Telegram-Mac-fygdgghdgmuleoelvxabfmqiotta/Build/Intermediates.noindex/Telegram.build/Debug/Telegram.build/DerivedSources/GeneratedAssetSymbols.swift (in target 'Telegram' from project 'Telegram')
/Users/buddhirajgautam/Library/Developer/Xcode/DerivedData/Telegram-Mac-fygdgghdgmuleoelvxabfmqiotta/Build/Intermediates.noindex/Telegram.build/Debug/Telegram.build/DerivedSources/GeneratedAssetSymbols.swift:1852:14: warning: The "Icon_Profile_Call" image asset name resolves to the symbol "iconProfileCall" which already exists. Try renaming the asset.
1850 |     static let iconProfileBoost = ImageResource(name: "Icon_Profile_Boost", bundle: resourceBundle)
1851 | 
1852 |     #warning("The \"Icon_Profile_Call\" image asset name resolves to the symbol \"iconProfileCall\" which already exists. Try renaming the asset.")
     |              `- warning: The "Icon_Profile_Call" image asset name resolves to the symbol "iconProfileCall" which already exists. Try renaming the asset.
1853 | 
1854 |     /// The "Icon_Profile_ChannelSign" asset catalog image resource.

/Users/buddhirajgautam/Library/Developer/Xcode/DerivedData/Telegram-Mac-fygdgghdgmuleoelvxabfmqiotta/Build/Intermediates.noindex/Telegram.build/Debug/Telegram.build/DerivedSources/GeneratedAssetSymbols.swift:2454:14: warning: The "Icon_Story_Repost" image asset name resolves to the symbol "iconStoryRepost" which already exists. Try renaming the asset.
2452 |     static let iconStoryInlineReactionShadow = ImageResource(name: "Icon_Story_InlineReaction_Shadow", bundle: resourceBundle)
2453 | 
2454 |     #warning("The \"Icon_Story_Repost\" image asset name resolves to the symbol \"iconStoryRepost\" which already exists. Try renaming the asset.")
     |              `- warning: The "Icon_Story_Repost" image asset name resolves to the symbol "iconStoryRepost" which already exists. Try renaming the asset.
2455 | 
2456 |     /// The "Icon_Story_Selected_Contacts" asset catalog image resource.

/Users/buddhirajgautam/Documents/Cherrygram-Mac/macOS-Swift/Telegram-Mac/Star_Subscription.swift:328:9: warning: immutable value 'updateState' was never used; consider replacing with '_' or removing it [#NoUsage]
326 |     let statePromise = ValuePromise(initialState, ignoreRepeated: true)
327 |     let stateValue = Atomic(value: initialState)
328 |     let updateState: ((State) -> State) -> Void = { f in
    |         `- warning: immutable value 'updateState' was never used; consider replacing with '_' or removing it [#NoUsage]
329 |         statePromise.set(stateValue.modify (f))
330 |     }

/Users/buddhirajgautam/Documents/Cherrygram-Mac/macOS-Swift/Telegram-Mac/RecentCallsViewController.swift:296:42: warning: immutable value 'directionHint' was never used; consider replacing with '_' or removing it [#NoUsage]
294 |     if let scrollPosition = scrollPosition {
295 |         loop: switch scrollPosition {
296 |         case let .index(index, position, directionHint, animated: animated):
    |                                          `- warning: immutable value 'directionHint' was never used; consider replacing with '_' or removing it [#NoUsage]
297 |             
298 |             var stableId: AnyHashable?

/Users/buddhirajgautam/Documents/Cherrygram-Mac/macOS-Swift/Telegram-Mac/RecentCallsViewController.swift:296:67: warning: immutable value 'animated' was never used; consider replacing with '_' or removing it [#NoUsage]
294 |     if let scrollPosition = scrollPosition {
295 |         loop: switch scrollPosition {
296 |         case let .index(index, position, directionHint, animated: animated):
    |                                                                   `- warning: immutable value 'animated' was never used; consider replacing with '_' or removing it [#NoUsage]
297 |             
298 |             var stableId: AnyHashable?

/Users/buddhirajgautam/Documents/Cherrygram-Mac/macOS-Swift/Telegram-Mac/MGalleryItem.swift:148:26: warning: immutable value 'media' was never used; consider replacing with '_' or removing it [#NoUsage]
146 |         case let .instantMedia(media, _):
147 |             return media.index
148 |         case  let .media(media, index, message):
    |                          `- warning: immutable value 'media' was never used; consider replacing with '_' or removing it [#NoUsage]
149 |             return ChatHistoryEntryId.mediaId(index, message)
150 |         case let .secureIdDocument(document, _):

/Users/buddhirajgautam/Documents/Cherrygram-Mac/macOS-Swift/Telegram-Mac/MainViewController.swift:262:17: warning: variable 'shakeDelay' was never mutated; consider changing to 'let' constant [#VariableNeverMutated]
260 |             genericView.centerX(y: layout == .minimisize ? bottom - 10 : bottom - 60)
261 |             
262 |             var shakeDelay: Double = 60 * 60
    |                 `- warning: variable 'shakeDelay' was never mutated; consider changing to 'let' constant [#VariableNeverMutated]
263 |            
264 |             

/Users/buddhirajgautam/Documents/Cherrygram-Mac/macOS-Swift/Telegram-Mac/WebAppSecureStorage.swift:186:21: warning: initialization of immutable value 'inactiveAccountKeys' was never used; consider replacing with assignment to '_' or removing it [#NoUsage]
184 |             return combineLatest(signals)
185 |             |> map { activeUuids in
186 |                 let inactiveAccountKeys = storedKeys.filter { !activeUuids.contains($0.uuid) }
    |                     `- warning: initialization of immutable value 'inactiveAccountKeys' was never used; consider replacing with assignment to '_' or removing it [#NoUsage]
187 |                 return storedKeys
188 |             }

/Users/buddhirajgautam/Documents/Cherrygram-Mac/macOS-Swift/Telegram-Mac/GalleryViewer.swift:755:37: warning: variable 'firstCheck' was never mutated; consider changing to 'let' constant [#VariableNeverMutated]
 753 |                             switch entry {
 754 |                             case let .MessageEntry(message, _, _, _, _, _, _):
 755 |                                 var firstCheck = message.id.peerId.namespace == Namespaces.Peer.SecretChat || !message.containsSecretMedia && mediaForMessage(message: message, postbox: context.account.postbox) != nil
     |                                     `- warning: variable 'firstCheck' was never mutated; consider changing to 'let' constant [#VariableNeverMutated]
 756 |                                 
 757 |                                 if !firstCheck {

/Users/buddhirajgautam/Documents/Cherrygram-Mac/macOS-Swift/Telegram-Mac/GalleryViewer.swift:885:91: warning: immutable value 'attribute' was never used; consider replacing with '_' or removing it [#NoUsage]
 883 |                             strongSelf.pager.selectedIndex.set(newIndex)
 884 |                             strongSelf.pager.set(index: newIndex, animated: false)
 885 |                             if !new.isEmpty && newIndex < new.count && newIndex >= 0, let attribute = new[newIndex].message?.autoremoveAttribute {
     |                                                                                           `- warning: immutable value 'attribute' was never used; consider replacing with '_' or removing it [#NoUsage]
 886 |                                // (self?.controls as? GallerySecretControls)?.update(with: attribute, outgoing: !new[newIndex].message!.flags.contains(.Incoming))
 887 |                             }

/Users/buddhirajgautam/Documents/Cherrygram-Mac/macOS-Swift/Telegram-Mac/GalleryViewer.swift:909:21: warning: initialization of immutable value 'current' was never used; consider replacing with assignment to '_' or removing it [#NoUsage]
 907 |             if let location = current.location {
 908 |                 let total = location.count
 909 |                 let current = reversed ? total - location.index : location.index
     |                     `- warning: initialization of immutable value 'current' was never used; consider replacing with assignment to '_' or removing it [#NoUsage]
 910 |                 self.controls.update(self.pager.selectedItem)
 911 |             } else  {

/Users/buddhirajgautam/Documents/Cherrygram-Mac/macOS-Swift/Telegram-Mac/GalleryViewer.swift:1005:32: warning: conditional cast from 'TelegramMediaFile' to 'TelegramMediaFile' always succeeds
1003 |                         
1004 |                         let file = item.media.alternativeRepresentations.compactMap({
1005 |                             $0 as? TelegramMediaFile
     |                                `- warning: conditional cast from 'TelegramMediaFile' to 'TelegramMediaFile' always succeeds
1006 |                         }).first(where: {
1007 |                             $0.dimensions?.height == Int32(value)

/Users/buddhirajgautam/Documents/Cherrygram-Mac/macOS-Swift/Telegram-Mac/GalleryViewer.swift:1084:38: warning: immutable value 'contents' was never used; consider replacing with '_' or removing it [#NoUsage]
1082 |         let acceptInteractions: Bool
1083 |         switch chatMode {
1084 |         case .customChatContents(let contents):
     |                                      `- warning: immutable value 'contents' was never used; consider replacing with '_' or removing it [#NoUsage]
1085 |             acceptInteractions = false
1086 |         default:

/Users/buddhirajgautam/Documents/Cherrygram-Mac/macOS-Swift/Telegram-Mac/GalleryViewer.swift:1092:16: warning: immutable value 'contentInteractions' was never used; consider replacing with '_' or removing it [#NoUsage]
1090 |         let paidMedia = pager.selectedItem?.entry.paidMedia ?? false
1091 |         
1092 |         if let contentInteractions = self.contentInteractions, acceptInteractions {
     |                `- warning: immutable value 'contentInteractions' was never used; consider replacing with '_' or removing it [#NoUsage]
1093 |             if let message = pager.selectedItem?.entry.message, let pageItem = pager.selectedItem {
1094 |                 if self.type == .history {


SwiftCompile normal arm64 /Users/buddhirajgautam/Documents/Cherrygram-Mac/macOS-Swift/Telegram-Mac/WebappTransferDataController.swift (in target 'Telegram' from project 'Telegram')
    cd /Users/buddhirajgautam/Documents/Cherrygram-Mac/macOS-Swift
    builtin-SwiftPerFileCompile WebappTransferDataController.swift

SwiftCompile normal arm64 /Users/buddhirajgautam/Documents/Cherrygram-Mac/macOS-Swift/Telegram-Mac/NewPollController.swift (in target 'Telegram' from project 'Telegram')
    cd /Users/buddhirajgautam/Documents/Cherrygram-Mac/macOS-Swift
    builtin-SwiftPerFileCompile NewPollController.swift

SwiftCompile normal arm64 /Users/buddhirajgautam/Documents/Cherrygram-Mac/macOS-Swift/Telegram-Mac/BusinessLinksController.swift (in target 'Telegram' from project 'Telegram')
    cd /Users/buddhirajgautam/Documents/Cherrygram-Mac/macOS-Swift
    builtin-SwiftPerFileCompile BusinessLinksController.swift

SwiftCompile normal arm64 /Users/buddhirajgautam/Documents/Cherrygram-Mac/macOS-Swift/Telegram-Mac/Star_Subscription.swift (in target 'Telegram' from project 'Telegram')
    cd /Users/buddhirajgautam/Documents/Cherrygram-Mac/macOS-Swift
    builtin-SwiftPerFileCompile Star_Subscription.swift

SwiftCompile normal arm64 /Users/buddhirajgautam/Documents/Cherrygram-Mac/macOS-Swift/Telegram-Mac/GroupCallStatusBar.swift (in target 'Telegram' from project 'Telegram')
    cd /Users/buddhirajgautam/Documents/Cherrygram-Mac/macOS-Swift
    builtin-SwiftPerFileCompile GroupCallStatusBar.swift

SwiftCompile normal arm64 /Users/buddhirajgautam/Documents/Cherrygram-Mac/macOS-Swift/Telegram-Mac/InstantPageMedia.swift (in target 'Telegram' from project 'Telegram')
    cd /Users/buddhirajgautam/Documents/Cherrygram-Mac/macOS-Swift
    builtin-SwiftPerFileCompile InstantPageMedia.swift

SwiftCompile normal arm64 /Users/buddhirajgautam/Documents/Cherrygram-Mac/macOS-Swift/Telegram-Mac/InstantPageView.swift (in target 'Telegram' from project 'Telegram')
    cd /Users/buddhirajgautam/Documents/Cherrygram-Mac/macOS-Swift
    builtin-SwiftPerFileCompile InstantPageView.swift

SwiftCompile normal arm64 /Users/buddhirajgautam/Documents/Cherrygram-Mac/macOS-Swift/Telegram-Mac/RecentCallsViewController.swift (in target 'Telegram' from project 'Telegram')
    cd /Users/buddhirajgautam/Documents/Cherrygram-Mac/macOS-Swift
    builtin-SwiftPerFileCompile RecentCallsViewController.swift

SwiftCompile normal arm64 /Users/buddhirajgautam/Documents/Cherrygram-Mac/macOS-Swift/Telegram-Mac/MGalleryItem.swift (in target 'Telegram' from project 'Telegram')
    cd /Users/buddhirajgautam/Documents/Cherrygram-Mac/macOS-Swift
    builtin-SwiftPerFileCompile MGalleryItem.swift

SwiftCompile normal arm64 /Users/buddhirajgautam/Documents/Cherrygram-Mac/macOS-Swift/Telegram-Mac/ForumNameRowItem.swift (in target 'Telegram' from project 'Telegram')
    cd /Users/buddhirajgautam/Documents/Cherrygram-Mac/macOS-Swift
    builtin-SwiftPerFileCompile ForumNameRowItem.swift

SwiftCompile normal arm64 /Users/buddhirajgautam/Documents/Cherrygram-Mac/macOS-Swift/Telegram-Mac/ChatServiceRowView.swift (in target 'Telegram' from project 'Telegram')
    cd /Users/buddhirajgautam/Documents/Cherrygram-Mac/macOS-Swift
    builtin-SwiftPerFileCompile ChatServiceRowView.swift

SwiftCompile normal arm64 /Users/buddhirajgautam/Documents/Cherrygram-Mac/macOS-Swift/Telegram-Mac/MainViewController.swift (in target 'Telegram' from project 'Telegram')
    cd /Users/buddhirajgautam/Documents/Cherrygram-Mac/macOS-Swift
    builtin-SwiftPerFileCompile MainViewController.swift

SwiftCompile normal arm64 /Users/buddhirajgautam/Documents/Cherrygram-Mac/macOS-Swift/Telegram-Mac/InputSources.swift (in target 'Telegram' from project 'Telegram')
    cd /Users/buddhirajgautam/Documents/Cherrygram-Mac/macOS-Swift
    builtin-SwiftPerFileCompile InputSources.swift

SwiftCompile normal arm64 /Users/buddhirajgautam/Documents/Cherrygram-Mac/macOS-Swift/Telegram-Mac/Report.swift (in target 'Telegram' from project 'Telegram')
    cd /Users/buddhirajgautam/Documents/Cherrygram-Mac/macOS-Swift
    builtin-SwiftPerFileCompile Report.swift

SwiftCompile normal arm64 /Users/buddhirajgautam/Documents/Cherrygram-Mac/macOS-Swift/Telegram-Mac/WebAppSecureStorage.swift (in target 'Telegram' from project 'Telegram')
    cd /Users/buddhirajgautam/Documents/Cherrygram-Mac/macOS-Swift
    builtin-SwiftPerFileCompile WebAppSecureStorage.swift

SwiftCompile normal arm64 /Users/buddhirajgautam/Documents/Cherrygram-Mac/macOS-Swift/Telegram-Mac/ForgotPasswordController.swift (in target 'Telegram' from project 'Telegram')
    cd /Users/buddhirajgautam/Documents/Cherrygram-Mac/macOS-Swift
    builtin-SwiftPerFileCompile ForgotPasswordController.swift

SwiftCompile normal arm64 /Users/buddhirajgautam/Documents/Cherrygram-Mac/macOS-Swift/Telegram-Mac/GalleryViewer.swift (in target 'Telegram' from project 'Telegram')
    cd /Users/buddhirajgautam/Documents/Cherrygram-Mac/macOS-Swift
    builtin-SwiftPerFileCompile GalleryViewer.swift

SwiftCompile normal arm64 /Users/buddhirajgautam/Documents/Cherrygram-Mac/macOS-Swift/Telegram-Mac/ChannelMemberCategoryListContext.swift (in target 'Telegram' from project 'Telegram')
    cd /Users/buddhirajgautam/Documents/Cherrygram-Mac/macOS-Swift
    builtin-SwiftPerFileCompile ChannelMemberCategoryListContext.swift

SwiftCompile normal arm64 /Users/buddhirajgautam/Documents/Cherrygram-Mac/macOS-Swift/Telegram-Mac/LocationSendCurrentItem.swift (in target 'Telegram' from project 'Telegram')
    cd /Users/buddhirajgautam/Documents/Cherrygram-Mac/macOS-Swift
    builtin-SwiftPerFileCompile LocationSendCurrentItem.swift

SwiftCompile normal arm64 /Users/buddhirajgautam/Documents/Cherrygram-Mac/macOS-Swift/Telegram-Mac/AudioPlayerController.swift (in target 'Telegram' from project 'Telegram')
    cd /Users/buddhirajgautam/Documents/Cherrygram-Mac/macOS-Swift
    builtin-SwiftPerFileCompile AudioPlayerController.swift

SwiftCompile normal arm64 /Users/buddhirajgautam/Documents/Cherrygram-Mac/macOS-Swift/Telegram-Mac/Star_TransactionRowItem.swift (in target 'Telegram' from project 'Telegram')
    cd /Users/buddhirajgautam/Documents/Cherrygram-Mac/macOS-Swift
    builtin-SwiftPerFileCompile Star_TransactionRowItem.swift

SwiftCompile normal arm64 /Users/buddhirajgautam/Documents/Cherrygram-Mac/macOS-Swift/Telegram-Mac/GeminiService.swift (in target 'Telegram' from project 'Telegram')
    cd /Users/buddhirajgautam/Documents/Cherrygram-Mac/macOS-Swift
    builtin-SwiftPerFileCompile GeminiService.swift

SwiftCompile normal arm64 /Users/buddhirajgautam/Documents/Cherrygram-Mac/macOS-Swift/Telegram-Mac/CherrygramSettingsViewController.swift (in target 'Telegram' from project 'Telegram')
    cd /Users/buddhirajgautam/Documents/Cherrygram-Mac/macOS-Swift
    builtin-SwiftPerFileCompile CherrygramSettingsViewController.swift

SwiftCompile normal arm64 /Users/buddhirajgautam/Library/Developer/Xcode/DerivedData/Telegram-Mac-fygdgghdgmuleoelvxabfmqiotta/Build/Intermediates.noindex/Telegram.build/Debug/Telegram.build/DerivedSources/GeneratedAssetSymbols.swift (in target 'Telegram' from project 'Telegram')
    cd /Users/buddhirajgautam/Documents/Cherrygram-Mac/macOS-Swift
    builtin-SwiftPerFileCompile GeneratedAssetSymbols.swift

/Users/buddhirajgautam/Documents/Cherrygram-Mac/macOS-Swift/Telegram-Mac/GalleryViewer.swift:1238:17: warning: variable 'chatMode' was never mutated; consider changing to 'let' constant [#VariableNeverMutated]
1236 |             
1237 |             
1238 |             var chatMode: ChatMode = self.chatMode ?? .history
     |                 `- warning: variable 'chatMode' was never mutated; consider changing to 'let' constant [#VariableNeverMutated]
1239 |             let chatLocation = self.chatLocation ?? .peer(context.peerId)
1240 |            

/Users/buddhirajgautam/Documents/Cherrygram-Mac/macOS-Swift/Telegram-Mac/GalleryViewer.swift:1259:21: warning: variable '_mustDeleteForEveryoneMessage' was written to, but never read
1257 |                 var canDeleteForEveryone = true
1258 |                 var otherCounter:Int32 = 0
1259 |                 var _mustDeleteForEveryoneMessage: Bool = true
     |                     `- warning: variable '_mustDeleteForEveryoneMessage' was written to, but never read
1260 |                 for message in messages {
1261 |                     if !canDeleteMessage(message, account: self.context.account, chatLocation: chatLocation, mode: chatMode) {

/Users/buddhirajgautam/Documents/Cherrygram-Mac/macOS-Swift/Telegram-Mac/GalleryViewer.swift:1642:28: warning: value 'stableId' was defined but never used; consider replacing with boolean test [#NoUsage]
1640 |                     strongSelf?.backgroundView._change(opacity: 1, animated: true)
1641 |                 }, addAccesoryOnCopiedView: { stableId, view in
1642 |                     if let stableId = stableId {
     |                            `- warning: value 'stableId' was defined but never used; consider replacing with boolean test [#NoUsage]
1643 |                         //self?.delegate?.addAccesoryOnCopiedView(for: stableId, view: view)
1644 |                     }

/Users/buddhirajgautam/Documents/Cherrygram-Mac/macOS-Swift/Telegram-Mac/ChannelMemberCategoryListContext.swift:757:56: warning: type 'String' is not optional, value can never be nil; this is an error in the Swift 6 language mode
755 |         let emptyTimeout: Double
756 |         switch key {
757 |         case .admins(nil), .banned(nil), .recentSearch(nil), .restricted(nil), .restrictedAndBanned(nil), .recent:
    |                                                        `- warning: type 'String' is not optional, value can never be nil; this is an error in the Swift 6 language mode
758 |             emptyTimeout = defaultEmptyTimeout
759 |         default:

/Users/buddhirajgautam/Documents/Cherrygram-Mac/macOS-Swift/Telegram-Mac/AudioPlayerController.swift:987:17: warning: result of call to 'playOrPause()' is unused [#NoUsage]
 985 |                 dequeueCurrent()
 986 |             } else {
 987 |                 playOrPause()
     |                 `- warning: result of call to 'playOrPause()' is unused [#NoUsage]
 988 |             }
 989 |             return true

/Users/buddhirajgautam/Documents/Cherrygram-Mac/macOS-Swift/Telegram-Mac/CherrygramSettingsViewController.swift:118:27: warning: immutable value 'sectionId' was never used; consider replacing with '_' or removing it [#NoUsage]
116 |     func item(context: AccountContext, initialSize: NSSize) -> TableRowItem {
117 |         switch self {
118 |         case let .section(sectionId):
    |                           `- warning: immutable value 'sectionId' was never used; consider replacing with '_' or removing it [#NoUsage]
119 |             return GeneralRowItem(initialSize, height: 30, stableId: stableId, viewType: .separator)
120 |         case let .header(_, text):

[#NoUsage]: <https://docs.swift.org/compiler/documentation/diagnostics/no-usage>
[#VariableNeverMutated]: <https://docs.swift.org/compiler/documentation/diagnostics/variable-never-mutated>
SwiftCompile normal arm64 Compiling\ DockIconRowItem.swift,\ TitleAndInfoAlertItem.swift,\ GeneralActionButtonRowItem.swift,\ ChannelDisscussionGroup.swift,\ PaymentsShippingInfoController.swift,\ SearchSettingsController.swift,\ DataRainView.swift,\ InlineAudioPlayerView.swift,\ JoinLinkPreviewModalController.swift,\ SelectivePrivacySettingsController.swift,\ GlobalBadgeNode.swift,\ UITextField.swift,\ WidgetController.swift,\ TimeRangeSelectorController.swift,\ PhoneNumberConfirmController.swift,\ Auth_Loading.swift,\ InstantPageItem.swift,\ FasterStarsView.swift,\ AppIntentDataModel.swift,\ ChatGiveawayRowItem.swift,\ GIFContainerView.swift,\ PassportSettingsHeaderItem.swift,\ ChatVoiceContentView.swift,\ GeneralInteractedRowView.swift /Users/buddhirajgautam/Documents/Cherrygram-Mac/macOS-Swift/Telegram-Mac/DockIconRowItem.swift /Users/buddhirajgautam/Documents/Cherrygram-Mac/macOS-Swift/Telegram-Mac/TitleAndInfoAlertItem.swift /Users/buddhirajgautam/Documents/Cherrygram-Mac/macOS-Swift/Telegram-Mac/GeneralActionButtonRowItem.swift /Users/buddhirajgautam/Documents/Cherrygram-Mac/macOS-Swift/Telegram-Mac/ChannelDisscussionGroup.swift /Users/buddhirajgautam/Documents/Cherrygram-Mac/macOS-Swift/Telegram-Mac/PaymentsShippingInfoController.swift /Users/buddhirajgautam/Documents/Cherrygram-Mac/macOS-Swift/Telegram-Mac/SearchSettingsController.swift /Users/buddhirajgautam/Documents/Cherrygram-Mac/macOS-Swift/Telegram-Mac/DataRainView.swift /Users/buddhirajgautam/Documents/Cherrygram-Mac/macOS-Swift/Telegram-Mac/InlineAudioPlayerView.swift /Users/buddhirajgautam/Documents/Cherrygram-Mac/macOS-Swift/Telegram-Mac/JoinLinkPreviewModalController.swift /Users/buddhirajgautam/Documents/Cherrygram-Mac/macOS-Swift/Telegram-Mac/SelectivePrivacySettingsController.swift /Users/buddhirajgautam/Documents/Cherrygram-Mac/macOS-Swift/Telegram-Mac/GlobalBadgeNode.swift /Users/buddhirajgautam/Documents/Cherrygram-Mac/macOS-Swift/Telegram-Mac/UITextField.swift /Users/buddhirajgautam/Documents/Cherrygram-Mac/macOS-Swift/Telegram-Mac/WidgetController.swift /Users/buddhirajgautam/Documents/Cherrygram-Mac/macOS-Swift/Telegram-Mac/TimeRangeSelectorController.swift /Users/buddhirajgautam/Documents/Cherrygram-Mac/macOS-Swift/Telegram-Mac/PhoneNumberConfirmController.swift /Users/buddhirajgautam/Documents/Cherrygram-Mac/macOS-Swift/Telegram-Mac/Auth_Loading.swift /Users/buddhirajgautam/Documents/Cherrygram-Mac/macOS-Swift/Telegram-Mac/InstantPageItem.swift /Users/buddhirajgautam/Documents/Cherrygram-Mac/macOS-Swift/Telegram-Mac/FasterStarsView.swift /Users/buddhirajgautam/Documents/Cherrygram-Mac/macOS-Swift/Telegram-Mac/AppIntentDataModel.swift /Users/buddhirajgautam/Documents/Cherrygram-Mac/macOS-Swift/Telegram-Mac/ChatGiveawayRowItem.swift /Users/buddhirajgautam/Documents/Cherrygram-Mac/macOS-Swift/Telegram-Mac/GIFContainerView.swift /Users/buddhirajgautam/Documents/Cherrygram-Mac/macOS-Swift/Telegram-Mac/PassportSettingsHeaderItem.swift /Users/buddhirajgautam/Documents/Cherrygram-Mac/macOS-Swift/Telegram-Mac/ChatVoiceContentView.swift /Users/buddhirajgautam/Documents/Cherrygram-Mac/macOS-Swift/Telegram-Mac/GeneralInteractedRowView.swift (in target 'Telegram' from project 'Telegram')
/Users/buddhirajgautam/Documents/Cherrygram-Mac/macOS-Swift/Telegram-Mac/DockIconRowItem.swift:312:34: warning: 'light' was deprecated in macOS 10.14: Use a semantic material instead.  To force the appearance of a view hierarchy, set the `appearance` property to an appropriate NSAppearance value. [#DeprecatedDeclaration]
310 |         visualEffect.blendingMode = .withinWindow
311 |         visualEffect.autoresizingMask = []
312 |         visualEffect.material = .light
    |                                  `- warning: 'light' was deprecated in macOS 10.14: Use a semantic material instead.  To force the appearance of a view hierarchy, set the `appearance` property to an appropriate NSAppearance value. [#DeprecatedDeclaration]
313 |         
314 |         visualEffect.layer?.cornerRadius = 10

/Users/buddhirajgautam/Documents/Cherrygram-Mac/macOS-Swift/Telegram-Mac/InlineAudioPlayerView.swift:153:31: warning: result of call to 'playOrPause()' is unused [#NoUsage]
151 |         
152 |         playPause.set(handler: { [weak self] _ in
153 |             self?.controller?.playOrPause()
    |                               `- warning: result of call to 'playOrPause()' is unused [#NoUsage]
154 |         }, for: .Click)
155 |         

/Users/buddhirajgautam/Documents/Cherrygram-Mac/macOS-Swift/Telegram-Mac/InlineAudioPlayerView.swift:318:31: warning: immutable value 'message' was never used; consider replacing with '_' or removing it [#NoUsage]
316 |         if let controller = controller as? APChatMusicController, let song = controller.currentSong {
317 |             switch song.stableId {
318 |             case let .message(message):
    |                               `- warning: immutable value 'message' was never used; consider replacing with '_' or removing it [#NoUsage]
319 |                 return true
320 |             default:

/Users/buddhirajgautam/Documents/Cherrygram-Mac/macOS-Swift/Telegram-Mac/InlineAudioPlayerView.swift:328:19: warning: immutable value 'window' was never used; consider replacing with '_' or removing it [#NoUsage]
326 |     
327 |     private func showAudioPlayerList() {
328 |         guard let window = _window, let context = self.context else {return}
    |                   `- warning: immutable value 'window' was never used; consider replacing with '_' or removing it [#NoUsage]
329 |         if let controller = controller as? APChatMusicController, let song = controller.currentSong {
330 |             switch song.stableId {

/Users/buddhirajgautam/Documents/Cherrygram-Mac/macOS-Swift/Telegram-Mac/SelectivePrivacySettingsController.swift:669:46: warning: immutable value 'enableForCloseFriends' was never used; consider replacing with '_' or removing it [#NoUsage]
 667 | 
 668 |         switch current {
 669 |         case let .disableEveryone(enableFor, enableForCloseFriends, _enableForPremium, _enableForBots):
     |                                              `- warning: immutable value 'enableForCloseFriends' was never used; consider replacing with '_' or removing it [#NoUsage]
 670 |             initialEnableFor = enableFor
 671 |             enableForPremium = _enableForPremium

/Users/buddhirajgautam/Documents/Cherrygram-Mac/macOS-Swift/Telegram-Mac/SelectivePrivacySettingsController.swift:686:50: warning: immutable value 'enableForCloseFriends' was never used; consider replacing with '_' or removing it [#NoUsage]
 684 |         if let callCurrent = callSettings {
 685 |             switch callCurrent {
 686 |             case let .disableEveryone(enableFor, enableForCloseFriends, _, _):
     |                                                  `- warning: immutable value 'enableForCloseFriends' was never used; consider replacing with '_' or removing it [#NoUsage]
 687 |                 initialCallP2PEnableFor = enableFor
 688 |                 initialCallP2PDisableFor = [:]

/Users/buddhirajgautam/Documents/Cherrygram-Mac/macOS-Swift/Telegram-Mac/TimeRangeSelectorController.swift:136:9: warning: variable 'index' was never mutated; consider changing to 'let' constant [#VariableNeverMutated]
134 |     
135 |     var sectionId:Int32 = 0
136 |     var index: Int32 = 0
    |         `- warning: variable 'index' was never mutated; consider changing to 'let' constant [#VariableNeverMutated]
137 |     
138 |     entries.append(.sectionId(sectionId, type: .customModern(10)))

/Users/buddhirajgautam/Documents/Cherrygram-Mac/macOS-Swift/Telegram-Mac/ChatGiveawayRowItem.swift:104:13: warning: variable 'stars' was written to, but never read
102 |         
103 |         var months: Int32 = 0
104 |         var stars: Int64 = 0
    |             `- warning: variable 'stars' was written to, but never read
105 |         switch media.prize {
106 |         case let .premium(monthsValue):

/Users/buddhirajgautam/Documents/Cherrygram-Mac/macOS-Swift/Telegram-Mac/ChatGiveawayRowItem.swift:262:17: warning: initialization of immutable value 'startDate' was never used; consider replacing with assignment to '_' or removing it [#NoUsage]
260 |             
261 |             let untilDate = stringForFullDate(timestamp: giveaway.untilDate)
262 |             let startDate = stringForFullDate(timestamp: message.timestamp)
    |                 `- warning: initialization of immutable value 'startDate' was never used; consider replacing with assignment to '_' or removing it [#NoUsage]
263 | 
264 | 

/Users/buddhirajgautam/Documents/Cherrygram-Mac/macOS-Swift/Telegram-Mac/ChatGiveawayRowItem.swift:275:17: warning: variable 'stars' was written to, but never read
273 |             
274 |             var months: Int32 = 0
275 |             var stars: Int64 = 0
    |                 `- warning: variable 'stars' was written to, but never read
276 |             switch giveaway.prize {
277 |             case let .premium(monthsValue):

/Users/buddhirajgautam/Documents/Cherrygram-Mac/macOS-Swift/Telegram-Mac/ChatGiveawayRowItem.swift:285:17: warning: variable 'disclaimer' was never used; consider replacing with '_' or removing it [#NoUsage]
283 |             
284 |             var ok: String = strings().alertOK
285 |             var disclaimer: String? = nil
    |                 `- warning: variable 'disclaimer' was never used; consider replacing with '_' or removing it [#NoUsage]
286 |             var cancel: String? = nil
287 |             var prizeSlug: String? = nil

/Users/buddhirajgautam/Documents/Cherrygram-Mac/macOS-Swift/Telegram-Mac/ChatGiveawayRowItem.swift:289:17: warning: variable 'openSlug' was never mutated; consider changing to 'let' constant [#VariableNeverMutated]
287 |             var prizeSlug: String? = nil
288 |             
289 |             var openSlug:(String)->Void = { slug in
    |                 `- warning: variable 'openSlug' was never mutated; consider changing to 'let' constant [#VariableNeverMutated]
290 |                 execute(inapp: .gift(link: "", slug: slug, context: context))
291 |             }

/Users/buddhirajgautam/Documents/Cherrygram-Mac/macOS-Swift/Telegram-Mac/ChatGiveawayRowItem.swift:321:37: warning: immutable value 'amount' was never used; consider replacing with '_' or removing it [#NoUsage]
319 |                     case .premium:
320 |                         intro = strings().chatGiveawayInfoEndedIntro(peerName, intro1, intro2)
321 |                     case let .stars(amount):
    |                                     `- warning: immutable value 'amount' was never used; consider replacing with '_' or removing it [#NoUsage]
322 |                         intro = strings().chatGiveawayInfoEndedIntroStars(peerName, intro1)
323 |                     }

/Users/buddhirajgautam/Documents/Cherrygram-Mac/macOS-Swift/Telegram-Mac/ChatGiveawayRowItem.swift:328:37: warning: immutable value 'amount' was never used; consider replacing with '_' or removing it [#NoUsage]
326 |                     case .premium:
327 |                         intro = strings().chatGiveawayInfoOngoingIntro(peerName, intro1, intro2)
328 |                     case let .stars(amount):
    |                                     `- warning: immutable value 'amount' was never used; consider replacing with '_' or removing it [#NoUsage]
329 |                         intro = strings().chatGiveawayInfoOngoingIntroStars(peerName, intro1)
330 |                     }

/Users/buddhirajgautam/Documents/Cherrygram-Mac/macOS-Swift/Telegram-Mac/ChatGiveawayRowItem.swift:571:13: warning: variable 'size' was never mutated; consider changing to 'let' constant [#VariableNeverMutated]
569 |     
570 |     var channelsSize: NSSize {
571 |         var size: NSSize = .zero
    |             `- warning: variable 'size' was never mutated; consider changing to 'let' constant [#VariableNeverMutated]
572 |         if let last = channels.last {
573 |             return NSMakeSize(contentSize.width, last.rect.maxY)

/Users/buddhirajgautam/Documents/Cherrygram-Mac/macOS-Swift/Telegram-Mac/GeneralInteractedRowView.swift:352:25: warning: variable 'f' was never mutated; consider changing to 'let' constant [#VariableNeverMutated]
350 |                 let t = item.isSelected ? item.activeThumb : item.thumb
351 |                 if let thumb = t {
352 |                     var f = focus(thumb.thumb.systemSize)
    |                         `- warning: variable 'f' was never mutated; consider changing to 'let' constant [#VariableNeverMutated]
353 |                     
354 |                     let icon = thumb.thumb

/Users/buddhirajgautam/Documents/Cherrygram-Mac/macOS-Swift/Telegram-Mac/GeneralInteractedRowView.swift:590:25: warning: variable 'width' was never mutated; consider changing to 'let' constant [#VariableNeverMutated]
588 |                 
589 |                 if let textView = textView {
590 |                     var width:CGFloat = containerView.frame.width - item.nameLayout.layoutSize.width - innerInsets.right - insets.left - 10
    |                         `- warning: variable 'width' was never mutated; consider changing to 'let' constant [#VariableNeverMutated]
591 |                     textView.textLayout?.measure(width: width)
592 |                     textView.update(textView.textLayout)

[#DeprecatedDeclaration]: <https://docs.swift.org/compiler/documentation/diagnostics/deprecated-declaration>
[#NoUsage]: <https://docs.swift.org/compiler/documentation/diagnostics/no-usage>
[#VariableNeverMutated]: <https://docs.swift.org/compiler/documentation/diagnostics/variable-never-mutated>

SwiftCompile normal arm64 /Users/buddhirajgautam/Documents/Cherrygram-Mac/macOS-Swift/Telegram-Mac/DockIconRowItem.swift (in target 'Telegram' from project 'Telegram')
    cd /Users/buddhirajgautam/Documents/Cherrygram-Mac/macOS-Swift
    builtin-SwiftPerFileCompile DockIconRowItem.swift

SwiftCompile normal arm64 /Users/buddhirajgautam/Documents/Cherrygram-Mac/macOS-Swift/Telegram-Mac/TitleAndInfoAlertItem.swift (in target 'Telegram' from project 'Telegram')
    cd /Users/buddhirajgautam/Documents/Cherrygram-Mac/macOS-Swift
    builtin-SwiftPerFileCompile TitleAndInfoAlertItem.swift

SwiftCompile normal arm64 /Users/buddhirajgautam/Documents/Cherrygram-Mac/macOS-Swift/Telegram-Mac/GeneralActionButtonRowItem.swift (in target 'Telegram' from project 'Telegram')
    cd /Users/buddhirajgautam/Documents/Cherrygram-Mac/macOS-Swift
    builtin-SwiftPerFileCompile GeneralActionButtonRowItem.swift

SwiftCompile normal arm64 /Users/buddhirajgautam/Documents/Cherrygram-Mac/macOS-Swift/Telegram-Mac/ChannelDisscussionGroup.swift (in target 'Telegram' from project 'Telegram')
    cd /Users/buddhirajgautam/Documents/Cherrygram-Mac/macOS-Swift
    builtin-SwiftPerFileCompile ChannelDisscussionGroup.swift

SwiftCompile normal arm64 /Users/buddhirajgautam/Documents/Cherrygram-Mac/macOS-Swift/Telegram-Mac/PaymentsShippingInfoController.swift (in target 'Telegram' from project 'Telegram')
    cd /Users/buddhirajgautam/Documents/Cherrygram-Mac/macOS-Swift
    builtin-SwiftPerFileCompile PaymentsShippingInfoController.swift

SwiftCompile normal arm64 /Users/buddhirajgautam/Documents/Cherrygram-Mac/macOS-Swift/Telegram-Mac/SearchSettingsController.swift (in target 'Telegram' from project 'Telegram')
    cd /Users/buddhirajgautam/Documents/Cherrygram-Mac/macOS-Swift
    builtin-SwiftPerFileCompile SearchSettingsController.swift

SwiftCompile normal arm64 /Users/buddhirajgautam/Documents/Cherrygram-Mac/macOS-Swift/Telegram-Mac/DataRainView.swift (in target 'Telegram' from project 'Telegram')
    cd /Users/buddhirajgautam/Documents/Cherrygram-Mac/macOS-Swift
    builtin-SwiftPerFileCompile DataRainView.swift

SwiftCompile normal arm64 /Users/buddhirajgautam/Documents/Cherrygram-Mac/macOS-Swift/Telegram-Mac/InlineAudioPlayerView.swift (in target 'Telegram' from project 'Telegram')
    cd /Users/buddhirajgautam/Documents/Cherrygram-Mac/macOS-Swift
    builtin-SwiftPerFileCompile InlineAudioPlayerView.swift

SwiftCompile normal arm64 /Users/buddhirajgautam/Documents/Cherrygram-Mac/macOS-Swift/Telegram-Mac/JoinLinkPreviewModalController.swift (in target 'Telegram' from project 'Telegram')
    cd /Users/buddhirajgautam/Documents/Cherrygram-Mac/macOS-Swift
    builtin-SwiftPerFileCompile JoinLinkPreviewModalController.swift

SwiftCompile normal arm64 /Users/buddhirajgautam/Documents/Cherrygram-Mac/macOS-Swift/Telegram-Mac/SelectivePrivacySettingsController.swift (in target 'Telegram' from project 'Telegram')
    cd /Users/buddhirajgautam/Documents/Cherrygram-Mac/macOS-Swift
    builtin-SwiftPerFileCompile SelectivePrivacySettingsController.swift

SwiftCompile normal arm64 /Users/buddhirajgautam/Documents/Cherrygram-Mac/macOS-Swift/Telegram-Mac/GlobalBadgeNode.swift (in target 'Telegram' from project 'Telegram')
    cd /Users/buddhirajgautam/Documents/Cherrygram-Mac/macOS-Swift
    builtin-SwiftPerFileCompile GlobalBadgeNode.swift

SwiftCompile normal arm64 /Users/buddhirajgautam/Documents/Cherrygram-Mac/macOS-Swift/Telegram-Mac/UITextField.swift (in target 'Telegram' from project 'Telegram')
    cd /Users/buddhirajgautam/Documents/Cherrygram-Mac/macOS-Swift
    builtin-SwiftPerFileCompile UITextField.swift

SwiftCompile normal arm64 /Users/buddhirajgautam/Documents/Cherrygram-Mac/macOS-Swift/Telegram-Mac/WidgetController.swift (in target 'Telegram' from project 'Telegram')
    cd /Users/buddhirajgautam/Documents/Cherrygram-Mac/macOS-Swift
    builtin-SwiftPerFileCompile WidgetController.swift

SwiftCompile normal arm64 /Users/buddhirajgautam/Documents/Cherrygram-Mac/macOS-Swift/Telegram-Mac/TimeRangeSelectorController.swift (in target 'Telegram' from project 'Telegram')
    cd /Users/buddhirajgautam/Documents/Cherrygram-Mac/macOS-Swift
    builtin-SwiftPerFileCompile TimeRangeSelectorController.swift

SwiftCompile normal arm64 /Users/buddhirajgautam/Documents/Cherrygram-Mac/macOS-Swift/Telegram-Mac/PhoneNumberConfirmController.swift (in target 'Telegram' from project 'Telegram')
    cd /Users/buddhirajgautam/Documents/Cherrygram-Mac/macOS-Swift
    builtin-SwiftPerFileCompile PhoneNumberConfirmController.swift

SwiftCompile normal arm64 /Users/buddhirajgautam/Documents/Cherrygram-Mac/macOS-Swift/Telegram-Mac/Auth_Loading.swift (in target 'Telegram' from project 'Telegram')
    cd /Users/buddhirajgautam/Documents/Cherrygram-Mac/macOS-Swift
    builtin-SwiftPerFileCompile Auth_Loading.swift

SwiftCompile normal arm64 /Users/buddhirajgautam/Documents/Cherrygram-Mac/macOS-Swift/Telegram-Mac/InstantPageItem.swift (in target 'Telegram' from project 'Telegram')
    cd /Users/buddhirajgautam/Documents/Cherrygram-Mac/macOS-Swift
    builtin-SwiftPerFileCompile InstantPageItem.swift

SwiftCompile normal arm64 /Users/buddhirajgautam/Documents/Cherrygram-Mac/macOS-Swift/Telegram-Mac/FasterStarsView.swift (in target 'Telegram' from project 'Telegram')
    cd /Users/buddhirajgautam/Documents/Cherrygram-Mac/macOS-Swift
    builtin-SwiftPerFileCompile FasterStarsView.swift

SwiftCompile normal arm64 /Users/buddhirajgautam/Documents/Cherrygram-Mac/macOS-Swift/Telegram-Mac/AppIntentDataModel.swift (in target 'Telegram' from project 'Telegram')
    cd /Users/buddhirajgautam/Documents/Cherrygram-Mac/macOS-Swift
    builtin-SwiftPerFileCompile AppIntentDataModel.swift

SwiftCompile normal arm64 /Users/buddhirajgautam/Documents/Cherrygram-Mac/macOS-Swift/Telegram-Mac/ChatGiveawayRowItem.swift (in target 'Telegram' from project 'Telegram')
    cd /Users/buddhirajgautam/Documents/Cherrygram-Mac/macOS-Swift
    builtin-SwiftPerFileCompile ChatGiveawayRowItem.swift

SwiftCompile normal arm64 /Users/buddhirajgautam/Documents/Cherrygram-Mac/macOS-Swift/Telegram-Mac/GIFContainerView.swift (in target 'Telegram' from project 'Telegram')
    cd /Users/buddhirajgautam/Documents/Cherrygram-Mac/macOS-Swift
    builtin-SwiftPerFileCompile GIFContainerView.swift

SwiftCompile normal arm64 /Users/buddhirajgautam/Documents/Cherrygram-Mac/macOS-Swift/Telegram-Mac/PassportSettingsHeaderItem.swift (in target 'Telegram' from project 'Telegram')
    cd /Users/buddhirajgautam/Documents/Cherrygram-Mac/macOS-Swift
    builtin-SwiftPerFileCompile PassportSettingsHeaderItem.swift

SwiftCompile normal arm64 /Users/buddhirajgautam/Documents/Cherrygram-Mac/macOS-Swift/Telegram-Mac/ChatVoiceContentView.swift (in target 'Telegram' from project 'Telegram')
    cd /Users/buddhirajgautam/Documents/Cherrygram-Mac/macOS-Swift
    builtin-SwiftPerFileCompile ChatVoiceContentView.swift

SwiftCompile normal arm64 /Users/buddhirajgautam/Documents/Cherrygram-Mac/macOS-Swift/Telegram-Mac/GeneralInteractedRowView.swift (in target 'Telegram' from project 'Telegram')
    cd /Users/buddhirajgautam/Documents/Cherrygram-Mac/macOS-Swift
    builtin-SwiftPerFileCompile GeneralInteractedRowView.swift

SwiftCompile normal arm64 Compiling\ InterfaceObserver.swift,\ ModalPreviewViews.swift,\ ManageSharedAccountInfo.swift,\ ChatCommentsHeaderItem.swift,\ SearchPeerMembers.swift,\ ChatListController.swift,\ StorageUsageMediaItem.swift,\ JoinVoiceChatAlertController.swift,\ DownloadsControl.swift,\ MediaGroupPreviewRowItem.swift,\ StorageUsageClearButtonItem.swift,\ SecureIdVerificationDocumentsContext.swift,\ EditAccountInfoController.swift,\ ChatMessageBubbleImages.swift,\ InputDataDataSelectorRowItem.swift,\ StickerPackItems.swift,\ Wallpapers.swift,\ FactCheckController.swift,\ IsEqualMessages.swift,\ Star_ListScreen.swift,\ SImageView.swift,\ GifPlayerBufferView.swift,\ PasscodeSettingsViewController.swift,\ ChatPresentationInputQueryResult.swift /Users/buddhirajgautam/Documents/Cherrygram-Mac/macOS-Swift/Telegram-Mac/InterfaceObserver.swift /Users/buddhirajgautam/Documents/Cherrygram-Mac/macOS-Swift/Telegram-Mac/ModalPreviewViews.swift /Users/buddhirajgautam/Documents/Cherrygram-Mac/macOS-Swift/Telegram-Mac/ManageSharedAccountInfo.swift /Users/buddhirajgautam/Documents/Cherrygram-Mac/macOS-Swift/Telegram-Mac/ChatCommentsHeaderItem.swift /Users/buddhirajgautam/Documents/Cherrygram-Mac/macOS-Swift/Telegram-Mac/SearchPeerMembers.swift /Users/buddhirajgautam/Documents/Cherrygram-Mac/macOS-Swift/Telegram-Mac/ChatListController.swift /Users/buddhirajgautam/Documents/Cherrygram-Mac/macOS-Swift/Telegram-Mac/StorageUsageMediaItem.swift /Users/buddhirajgautam/Documents/Cherrygram-Mac/macOS-Swift/Telegram-Mac/JoinVoiceChatAlertController.swift /Users/buddhirajgautam/Documents/Cherrygram-Mac/macOS-Swift/Telegram-Mac/DownloadsControl.swift /Users/buddhirajgautam/Documents/Cherrygram-Mac/macOS-Swift/Telegram-Mac/MediaGroupPreviewRowItem.swift /Users/buddhirajgautam/Documents/Cherrygram-Mac/macOS-Swift/Telegram-Mac/StorageUsageClearButtonItem.swift /Users/buddhirajgautam/Documents/Cherrygram-Mac/macOS-Swift/Telegram-Mac/SecureIdVerificationDocumentsContext.swift /Users/buddhirajgautam/Documents/Cherrygram-Mac/macOS-Swift/Telegram-Mac/EditAccountInfoController.swift /Users/buddhirajgautam/Documents/Cherrygram-Mac/macOS-Swift/Telegram-Mac/ChatMessageBubbleImages.swift /Users/buddhirajgautam/Documents/Cherrygram-Mac/macOS-Swift/Telegram-Mac/InputDataDataSelectorRowItem.swift /Users/buddhirajgautam/Documents/Cherrygram-Mac/macOS-Swift/Telegram-Mac/StickerPackItems.swift /Users/buddhirajgautam/Documents/Cherrygram-Mac/macOS-Swift/Telegram-Mac/Wallpapers.swift /Users/buddhirajgautam/Documents/Cherrygram-Mac/macOS-Swift/Telegram-Mac/FactCheckController.swift /Users/buddhirajgautam/Documents/Cherrygram-Mac/macOS-Swift/Telegram-Mac/IsEqualMessages.swift /Users/buddhirajgautam/Documents/Cherrygram-Mac/macOS-Swift/Telegram-Mac/Star_ListScreen.swift /Users/buddhirajgautam/Documents/Cherrygram-Mac/macOS-Swift/Telegram-Mac/SImageView.swift /Users/buddhirajgautam/Documents/Cherrygram-Mac/macOS-Swift/Telegram-Mac/GifPlayerBufferView.swift /Users/buddhirajgautam/Documents/Cherrygram-Mac/macOS-Swift/Telegram-Mac/PasscodeSettingsViewController.swift /Users/buddhirajgautam/Documents/Cherrygram-Mac/macOS-Swift/Telegram-Mac/ChatPresentationInputQueryResult.swift (in target 'Telegram' from project 'Telegram')
/Users/buddhirajgautam/Documents/Cherrygram-Mac/macOS-Swift/Telegram-Mac/ChatListController.swift:1634:25: warning: initialization of immutable value 'peerId' was never used; consider replacing with assignment to '_' or removing it [#NoUsage]
1632 |             let invoke = { [weak self] in
1633 |                 if let peer {
1634 |                     let peerId = peer.id
     |                         `- warning: initialization of immutable value 'peerId' was never used; consider replacing with assignment to '_' or removing it [#NoUsage]
1635 |                     let mode: PeerListState.SelectedSearchTag = isSuperTag ? .hashtagThisChat : peer._asPeer().isChannel ? .hashtagPublicPosts : .hashtagMyMessages
1636 |                     self?.makeHashtag(.init(mode: mode, peer: peer, text: query), cached: cached)

/Users/buddhirajgautam/Documents/Cherrygram-Mac/macOS-Swift/Telegram-Mac/JoinVoiceChatAlertController.swift:35:9: warning: variable 'index' was never mutated; consider changing to 'let' constant [#VariableNeverMutated]
 33 |     
 34 |     var sectionId:Int32 = 0
 35 |     var index: Int32 = 0
    |         `- warning: variable 'index' was never mutated; consider changing to 'let' constant [#VariableNeverMutated]
 36 |     
 37 |     entries.append(.sectionId(sectionId, type: .normal))

/Users/buddhirajgautam/Documents/Cherrygram-Mac/macOS-Swift/Telegram-Mac/JoinVoiceChatAlertController.swift:62:9: warning: immutable value 'updateState' was never used; consider replacing with '_' or removing it [#NoUsage]
 60 |     let statePromise = ValuePromise(initialState, ignoreRepeated: true)
 61 |     let stateValue = Atomic(value: initialState)
 62 |     let updateState: ((State) -> State) -> Void = { f in
    |         `- warning: immutable value 'updateState' was never used; consider replacing with '_' or removing it [#NoUsage]
 63 |         statePromise.set(stateValue.modify (f))
 64 |     }

/Users/buddhirajgautam/Documents/Cherrygram-Mac/macOS-Swift/Telegram-Mac/MediaGroupPreviewRowItem.swift:83:30: warning: 'ultraDark' was deprecated in macOS 10.14: Use a semantic material instead.  To force the appearance of a view hierarchy, set the `appearance` property to an appropriate NSAppearance value. [#DeprecatedDeclaration]
 81 |             super.init(frame: frameRect)
 82 |             self.wantsLayer = true
 83 |             self.material = .ultraDark
    |                              `- warning: 'ultraDark' was deprecated in macOS 10.14: Use a semantic material instead.  To force the appearance of a view hierarchy, set the `appearance` property to an appropriate NSAppearance value. [#DeprecatedDeclaration]
 84 |             self.blendingMode = .withinWindow
 85 |             self.state = .active

/Users/buddhirajgautam/Documents/Cherrygram-Mac/macOS-Swift/Telegram-Mac/SecureIdVerificationDocumentsContext.swift:51:54: warning: enum case 'result' has 2 associated values; matching them as a tuple is deprecated [#deprecation]
49 |                                             strongSelf.update(info.id, .uploading(value))
50 |                                         }
51 |                                     case let .result(file):
   |                                                      `- warning: enum case 'result' has 2 associated values; matching them as a tuple is deprecated [#deprecation]
52 |                                         if strongSelf.contexts[info.id] != nil {
53 |                                             strongSelf.update(info.id, .uploaded(file.0))

<unknown>:0: note: 'result' declared here
/Users/buddhirajgautam/Documents/Cherrygram-Mac/macOS-Swift/Telegram-Mac/SecureIdVerificationDocumentsContext.swift:58:36: warning: value 'strongSelf' was defined but never used; consider replacing with boolean test [#NoUsage]
56 |                             }
57 |                         }, error: { [weak self] _ in
58 |                             if let strongSelf = self {
   |                                    `- warning: value 'strongSelf' was defined but never used; consider replacing with boolean test [#NoUsage]
59 |                                 
60 |                             }

/Users/buddhirajgautam/Documents/Cherrygram-Mac/macOS-Swift/Telegram-Mac/EditAccountInfoController.swift:611:16: warning: value 'control' was defined but never used; consider replacing with boolean test [#NoUsage]
609 |         let view = controller.tableView.item(stableId: InputDataEntryId.general(_id_birthday))?.view as? GeneralInteractedRowView
610 |         
611 |         if let control = view?.textView {
    |                `- warning: value 'control' was defined but never used; consider replacing with boolean test [#NoUsage]
612 |             let controller = CalendarController(NSMakeRect(0, 0, 300, 300), context.window, current: Date(), lowYear: 1900, canBeNoYear: true, selectHandler: { date in
613 |                 editAccountUpdateBirthday(date, context: context)

/Users/buddhirajgautam/Documents/Cherrygram-Mac/macOS-Swift/Telegram-Mac/EditAccountInfoController.swift:710:21: warning: initialization of immutable value 'updates' was never used; consider replacing with assignment to '_' or removing it [#NoUsage]
708 |             let current = stateValue.modify {$0}
709 |             if let peerView = peerView {
710 |                 let updates = valuesRequiringUpdate(state: current, view: peerView)
    |                     `- warning: initialization of immutable value 'updates' was never used; consider replacing with assignment to '_' or removing it [#NoUsage]
711 |                 f(.enabled(strings().navigationDone))
712 |             } else {

/Users/buddhirajgautam/Documents/Cherrygram-Mac/macOS-Swift/Telegram-Mac/InputDataDataSelectorRowItem.swift:103:38: warning: 'index(where:)' is deprecated: renamed to 'firstIndex(where:)' [#DeprecatedDeclaration]
101 |         
102 |         var selected: ValuesSelectorValue<InputDataValue>?
103 |         let index:Int? = item.values.index(where: { entry -> Bool in
    |                                      |- warning: 'index(where:)' is deprecated: renamed to 'firstIndex(where:)' [#DeprecatedDeclaration]
    |                                      `- note: use 'firstIndex(where:)' instead
104 |             return entry.value == item.value
105 |         })

/Users/buddhirajgautam/Documents/Cherrygram-Mac/macOS-Swift/Telegram-Mac/StickerPackItems.swift:61:13: warning: immutable value 'text' was never used; consider removing it [#NoUsage]
 59 |         let id = ItemCollectionId(namespace: info.namespace, id: info.id)
 60 |         
 61 |         let text: String
    |             `- warning: immutable value 'text' was never used; consider removing it [#NoUsage]
 62 |         let option: RemoveStickerPackOption
 63 |         let animation: MenuAnimation

/Users/buddhirajgautam/Documents/Cherrygram-Mac/macOS-Swift/Telegram-Mac/StickerPackItems.swift:137:44: warning: value 'data' was defined but never used; consider replacing with boolean test [#NoUsage]
135 |                             for (i, file) in items.enumerated() {
136 |                                 if let file {
137 |                                     if let data = try? Data(contentsOf: URL(fileURLWithPath: file)) {
    |                                            `- warning: value 'data' was defined but never used; consider replacing with boolean test [#NoUsage]
138 |                                         let path = directory + "/" + "\(i + 1).png"
139 |                                         try? FileManager.default.moveItem(atPath: file, toPath: path)

/Users/buddhirajgautam/Documents/Cherrygram-Mac/macOS-Swift/Telegram-Mac/FactCheckController.swift:65:42: warning: immutable value 'country' was never used; consider replacing with '_' or removing it [#NoUsage]
 63 |     if let factCheck = message.factCheckAttribute {
 64 |         switch factCheck.content {
 65 |         case let .Loaded(text, entities, country):
    |                                          `- warning: immutable value 'country' was never used; consider replacing with '_' or removing it [#NoUsage]
 66 |             inputState = ChatTextInputState(inputText: text, selectionRange: text.length ..< text.length, attributes: chatTextAttributes(from: TextEntitiesMessageAttribute(entities: entities), associatedMedia: message.associatedMedia)).textInputState()
 67 |         default:

/Users/buddhirajgautam/Documents/Cherrygram-Mac/macOS-Swift/Telegram-Mac/Star_ListScreen.swift:93:23: warning: immutable value 'suffix' was never used; consider replacing with '_' or removing it [#NoUsage]
  91 |         let text: String
  92 |         switch source {
  93 |         case let .buy(suffix, amount):
     |                       `- warning: immutable value 'suffix' was never used; consider replacing with '_' or removing it [#NoUsage]
  94 |             if let amount {
  95 |                 let need = Int(amount - myBalance.value)

/Users/buddhirajgautam/Library/Developer/Xcode/DerivedData/Telegram-Mac-fygdgghdgmuleoelvxabfmqiotta/Build/Intermediates.noindex/Telegram.build/Debug/Telegram.build/DerivedSources/GeneratedAssetSymbols.swift:1852:14: warning: The "Icon_Profile_Call" image asset name resolves to the symbol "iconProfileCall" which already exists. Try renaming the asset.
1850 |     static let iconProfileBoost = ImageResource(name: "Icon_Profile_Boost", bundle: resourceBundle)
1851 | 
1852 |     #warning("The \"Icon_Profile_Call\" image asset name resolves to the symbol \"iconProfileCall\" which already exists. Try renaming the asset.")
     |              `- warning: The "Icon_Profile_Call" image asset name resolves to the symbol "iconProfileCall" which already exists. Try renaming the asset.
1853 | 
1854 |     /// The "Icon_Profile_ChannelSign" asset catalog image resource.

/Users/buddhirajgautam/Library/Developer/Xcode/DerivedData/Telegram-Mac-fygdgghdgmuleoelvxabfmqiotta/Build/Intermediates.noindex/Telegram.build/Debug/Telegram.build/DerivedSources/GeneratedAssetSymbols.swift:2454:14: warning: The "Icon_Story_Repost" image asset name resolves to the symbol "iconStoryRepost" which already exists. Try renaming the asset.
2452 |     static let iconStoryInlineReactionShadow = ImageResource(name: "Icon_Story_InlineReaction_Shadow", bundle: resourceBundle)
2453 | 
2454 |     #warning("The \"Icon_Story_Repost\" image asset name resolves to the symbol \"iconStoryRepost\" which already exists. Try renaming the asset.")
     |              `- warning: The "Icon_Story_Repost" image asset name resolves to the symbol "iconStoryRepost" which already exists. Try renaming the asset.
2455 | 
2456 |     /// The "Icon_Story_Selected_Contacts" asset catalog image resource.

/Users/buddhirajgautam/Documents/Cherrygram-Mac/macOS-Swift/Telegram-Mac/PasscodeSettingsViewController.swift:87:30: warning: 'let' pattern has no effect; sub-pattern didn't bind any variables
 85 |         entries.append(.turnOn(sectionId: sectionId, viewType: .singleItem))
 86 |         entries.append(.turnOnDescription(sectionId: sectionId, viewType: .textBottomItem))
 87 |     case .plaintextPassword, let .numericalPassword:
    |                              `- warning: 'let' pattern has no effect; sub-pattern didn't bind any variables
 88 |         entries.append(.turnOff(sectionId: sectionId, viewType: .firstItem))
 89 |         entries.append(.change(sectionId: sectionId, viewType: .lastItem))

/Users/buddhirajgautam/Documents/Cherrygram-Mac/macOS-Swift/Telegram-Mac/Star_ListScreen.swift:253:13: warning: code after 'return' will never be executed
 251 |             return "Add Funds via Fragment"
 252 |             #endif
 253 |             return ""
     |             `- warning: code after 'return' will never be executed
 254 |         default:
 255 |             return self.canWithdraw ? strings().starListTopUp : strings().starListBuyMoreStars

/Users/buddhirajgautam/Documents/Cherrygram-Mac/macOS-Swift/Telegram-Mac/Star_ListScreen.swift:265:13: warning: code after 'return' will never be executed
 263 |             return false
 264 |             #endif
 265 |             return true
     |             `- warning: code after 'return' will never be executed
 266 |         case .stars:
 267 |             return false

[#DeprecatedDeclaration]: <https://docs.swift.org/compiler/documentation/diagnostics/deprecated-declaration>
[#NoUsage]: <https://docs.swift.org/compiler/documentation/diagnostics/no-usage>
[#VariableNeverMutated]: <https://docs.swift.org/compiler/documentation/diagnostics/variable-never-mutated>

SwiftCompile normal arm64 /Users/buddhirajgautam/Documents/Cherrygram-Mac/macOS-Swift/Telegram-Mac/InterfaceObserver.swift (in target 'Telegram' from project 'Telegram')
    cd /Users/buddhirajgautam/Documents/Cherrygram-Mac/macOS-Swift
    builtin-SwiftPerFileCompile InterfaceObserver.swift

SwiftCompile normal arm64 /Users/buddhirajgautam/Documents/Cherrygram-Mac/macOS-Swift/Telegram-Mac/ModalPreviewViews.swift (in target 'Telegram' from project 'Telegram')
    cd /Users/buddhirajgautam/Documents/Cherrygram-Mac/macOS-Swift
    builtin-SwiftPerFileCompile ModalPreviewViews.swift

SwiftCompile normal arm64 /Users/buddhirajgautam/Documents/Cherrygram-Mac/macOS-Swift/Telegram-Mac/ManageSharedAccountInfo.swift (in target 'Telegram' from project 'Telegram')
    cd /Users/buddhirajgautam/Documents/Cherrygram-Mac/macOS-Swift
    builtin-SwiftPerFileCompile ManageSharedAccountInfo.swift

SwiftCompile normal arm64 /Users/buddhirajgautam/Documents/Cherrygram-Mac/macOS-Swift/Telegram-Mac/ChatCommentsHeaderItem.swift (in target 'Telegram' from project 'Telegram')
    cd /Users/buddhirajgautam/Documents/Cherrygram-Mac/macOS-Swift
    builtin-SwiftPerFileCompile ChatCommentsHeaderItem.swift

SwiftCompile normal arm64 /Users/buddhirajgautam/Documents/Cherrygram-Mac/macOS-Swift/Telegram-Mac/SearchPeerMembers.swift (in target 'Telegram' from project 'Telegram')
    cd /Users/buddhirajgautam/Documents/Cherrygram-Mac/macOS-Swift
    builtin-SwiftPerFileCompile SearchPeerMembers.swift

SwiftCompile normal arm64 /Users/buddhirajgautam/Documents/Cherrygram-Mac/macOS-Swift/Telegram-Mac/ChatListController.swift (in target 'Telegram' from project 'Telegram')
    cd /Users/buddhirajgautam/Documents/Cherrygram-Mac/macOS-Swift
    builtin-SwiftPerFileCompile ChatListController.swift

SwiftCompile normal arm64 /Users/buddhirajgautam/Documents/Cherrygram-Mac/macOS-Swift/Telegram-Mac/StorageUsageMediaItem.swift (in target 'Telegram' from project 'Telegram')
    cd /Users/buddhirajgautam/Documents/Cherrygram-Mac/macOS-Swift
    builtin-SwiftPerFileCompile StorageUsageMediaItem.swift

SwiftCompile normal arm64 /Users/buddhirajgautam/Documents/Cherrygram-Mac/macOS-Swift/Telegram-Mac/JoinVoiceChatAlertController.swift (in target 'Telegram' from project 'Telegram')
    cd /Users/buddhirajgautam/Documents/Cherrygram-Mac/macOS-Swift
    builtin-SwiftPerFileCompile JoinVoiceChatAlertController.swift

SwiftCompile normal arm64 /Users/buddhirajgautam/Documents/Cherrygram-Mac/macOS-Swift/Telegram-Mac/DownloadsControl.swift (in target 'Telegram' from project 'Telegram')
    cd /Users/buddhirajgautam/Documents/Cherrygram-Mac/macOS-Swift
    builtin-SwiftPerFileCompile DownloadsControl.swift

SwiftCompile normal arm64 /Users/buddhirajgautam/Documents/Cherrygram-Mac/macOS-Swift/Telegram-Mac/MediaGroupPreviewRowItem.swift (in target 'Telegram' from project 'Telegram')
    cd /Users/buddhirajgautam/Documents/Cherrygram-Mac/macOS-Swift
    builtin-SwiftPerFileCompile MediaGroupPreviewRowItem.swift

SwiftCompile normal arm64 /Users/buddhirajgautam/Documents/Cherrygram-Mac/macOS-Swift/Telegram-Mac/StorageUsageClearButtonItem.swift (in target 'Telegram' from project 'Telegram')
    cd /Users/buddhirajgautam/Documents/Cherrygram-Mac/macOS-Swift
    builtin-SwiftPerFileCompile StorageUsageClearButtonItem.swift

SwiftCompile normal arm64 /Users/buddhirajgautam/Documents/Cherrygram-Mac/macOS-Swift/Telegram-Mac/SecureIdVerificationDocumentsContext.swift (in target 'Telegram' from project 'Telegram')
    cd /Users/buddhirajgautam/Documents/Cherrygram-Mac/macOS-Swift
    builtin-SwiftPerFileCompile SecureIdVerificationDocumentsContext.swift

SwiftCompile normal arm64 /Users/buddhirajgautam/Documents/Cherrygram-Mac/macOS-Swift/Telegram-Mac/EditAccountInfoController.swift (in target 'Telegram' from project 'Telegram')
    cd /Users/buddhirajgautam/Documents/Cherrygram-Mac/macOS-Swift
    builtin-SwiftPerFileCompile EditAccountInfoController.swift

SwiftCompile normal arm64 /Users/buddhirajgautam/Documents/Cherrygram-Mac/macOS-Swift/Telegram-Mac/ChatMessageBubbleImages.swift (in target 'Telegram' from project 'Telegram')
    cd /Users/buddhirajgautam/Documents/Cherrygram-Mac/macOS-Swift
    builtin-SwiftPerFileCompile ChatMessageBubbleImages.swift

SwiftCompile normal arm64 /Users/buddhirajgautam/Documents/Cherrygram-Mac/macOS-Swift/Telegram-Mac/InputDataDataSelectorRowItem.swift (in target 'Telegram' from project 'Telegram')
    cd /Users/buddhirajgautam/Documents/Cherrygram-Mac/macOS-Swift
    builtin-SwiftPerFileCompile InputDataDataSelectorRowItem.swift

SwiftCompile normal arm64 /Users/buddhirajgautam/Documents/Cherrygram-Mac/macOS-Swift/Telegram-Mac/StickerPackItems.swift (in target 'Telegram' from project 'Telegram')
    cd /Users/buddhirajgautam/Documents/Cherrygram-Mac/macOS-Swift
    builtin-SwiftPerFileCompile StickerPackItems.swift

SwiftCompile normal arm64 /Users/buddhirajgautam/Documents/Cherrygram-Mac/macOS-Swift/Telegram-Mac/Wallpapers.swift (in target 'Telegram' from project 'Telegram')
    cd /Users/buddhirajgautam/Documents/Cherrygram-Mac/macOS-Swift
    builtin-SwiftPerFileCompile Wallpapers.swift

SwiftCompile normal arm64 /Users/buddhirajgautam/Documents/Cherrygram-Mac/macOS-Swift/Telegram-Mac/FactCheckController.swift (in target 'Telegram' from project 'Telegram')
    cd /Users/buddhirajgautam/Documents/Cherrygram-Mac/macOS-Swift
    builtin-SwiftPerFileCompile FactCheckController.swift

SwiftCompile normal arm64 /Users/buddhirajgautam/Documents/Cherrygram-Mac/macOS-Swift/Telegram-Mac/IsEqualMessages.swift (in target 'Telegram' from project 'Telegram')
    cd /Users/buddhirajgautam/Documents/Cherrygram-Mac/macOS-Swift
    builtin-SwiftPerFileCompile IsEqualMessages.swift

SwiftCompile normal arm64 /Users/buddhirajgautam/Documents/Cherrygram-Mac/macOS-Swift/Telegram-Mac/Star_ListScreen.swift (in target 'Telegram' from project 'Telegram')
    cd /Users/buddhirajgautam/Documents/Cherrygram-Mac/macOS-Swift
    builtin-SwiftPerFileCompile Star_ListScreen.swift

SwiftCompile normal arm64 /Users/buddhirajgautam/Documents/Cherrygram-Mac/macOS-Swift/Telegram-Mac/SImageView.swift (in target 'Telegram' from project 'Telegram')
    cd /Users/buddhirajgautam/Documents/Cherrygram-Mac/macOS-Swift
    builtin-SwiftPerFileCompile SImageView.swift

SwiftCompile normal arm64 /Users/buddhirajgautam/Documents/Cherrygram-Mac/macOS-Swift/Telegram-Mac/GifPlayerBufferView.swift (in target 'Telegram' from project 'Telegram')
    cd /Users/buddhirajgautam/Documents/Cherrygram-Mac/macOS-Swift
    builtin-SwiftPerFileCompile GifPlayerBufferView.swift

SwiftCompile normal arm64 /Users/buddhirajgautam/Documents/Cherrygram-Mac/macOS-Swift/Telegram-Mac/PasscodeSettingsViewController.swift (in target 'Telegram' from project 'Telegram')
    cd /Users/buddhirajgautam/Documents/Cherrygram-Mac/macOS-Swift
    builtin-SwiftPerFileCompile PasscodeSettingsViewController.swift

SwiftCompile normal arm64 /Users/buddhirajgautam/Documents/Cherrygram-Mac/macOS-Swift/Telegram-Mac/ChatPresentationInputQueryResult.swift (in target 'Telegram' from project 'Telegram')
    cd /Users/buddhirajgautam/Documents/Cherrygram-Mac/macOS-Swift
    builtin-SwiftPerFileCompile ChatPresentationInputQueryResult.swift

SwiftCompile normal arm64 Compiling\ ChannelOverviewStatsRowItem.swift,\ PremiumGiftRowItem.swift,\ MessageReadMenuItem.swift,\ PremiumDemoPhoneControl.swift,\ SuggestPostController.swift,\ TopicInfoEntries.swift,\ InlineStickerItemLayer.swift,\ DeleteSupergroupMessagesModalController.swift,\ ChatMessageView.swift,\ InlineStickersContext.swift,\ InputSwapSuggestionsPanel.swift,\ WPMediaContentView.swift,\ PremiumBoardingExtraFeatures.swift,\ StickerPremiumHolderView.swift,\ SlotsMediaContentView.swift,\ StoryModalController.swift,\ InstantPagePeerReferenceItem.swift,\ PhoneNumberUtils.swift,\ GroupCallIncomingView.swift,\ PremiumStickersDemoView.swift,\ SharedAccountContext.swift,\ Notices.swift,\ AvatarContentView.swift,\ LocationPlaceSuggestionRowItem.swift,\ Star_GoldenStar.swift /Users/buddhirajgautam/Documents/Cherrygram-Mac/macOS-Swift/Telegram-Mac/ChannelOverviewStatsRowItem.swift /Users/buddhirajgautam/Documents/Cherrygram-Mac/macOS-Swift/Telegram-Mac/PremiumGiftRowItem.swift /Users/buddhirajgautam/Documents/Cherrygram-Mac/macOS-Swift/Telegram-Mac/MessageReadMenuItem.swift /Users/buddhirajgautam/Documents/Cherrygram-Mac/macOS-Swift/Telegram-Mac/PremiumDemoPhoneControl.swift /Users/buddhirajgautam/Documents/Cherrygram-Mac/macOS-Swift/Telegram-Mac/suggest-post/SuggestPostController.swift /Users/buddhirajgautam/Documents/Cherrygram-Mac/macOS-Swift/Telegram-Mac/TopicInfoEntries.swift /Users/buddhirajgautam/Documents/Cherrygram-Mac/macOS-Swift/Telegram-Mac/InlineStickerItemLayer.swift /Users/buddhirajgautam/Documents/Cherrygram-Mac/macOS-Swift/Telegram-Mac/DeleteSupergroupMessagesModalController.swift /Users/buddhirajgautam/Documents/Cherrygram-Mac/macOS-Swift/Telegram-Mac/ChatMessageView.swift /Users/buddhirajgautam/Documents/Cherrygram-Mac/macOS-Swift/Telegram-Mac/InlineStickersContext.swift /Users/buddhirajgautam/Documents/Cherrygram-Mac/macOS-Swift/Telegram-Mac/InputSwapSuggestionsPanel.swift /Users/buddhirajgautam/Documents/Cherrygram-Mac/macOS-Swift/Telegram-Mac/WPMediaContentView.swift /Users/buddhirajgautam/Documents/Cherrygram-Mac/macOS-Swift/Telegram-Mac/PremiumBoardingExtraFeatures.swift /Users/buddhirajgautam/Documents/Cherrygram-Mac/macOS-Swift/Telegram-Mac/StickerPremiumHolderView.swift /Users/buddhirajgautam/Documents/Cherrygram-Mac/macOS-Swift/Telegram-Mac/SlotsMediaContentView.swift /Users/buddhirajgautam/Documents/Cherrygram-Mac/macOS-Swift/Telegram-Mac/StoryModalController.swift /Users/buddhirajgautam/Documents/Cherrygram-Mac/macOS-Swift/Telegram-Mac/InstantPagePeerReferenceItem.swift /Users/buddhirajgautam/Documents/Cherrygram-Mac/macOS-Swift/Telegram-Mac/PhoneNumberUtils.swift /Users/buddhirajgautam/Documents/Cherrygram-Mac/macOS-Swift/Telegram-Mac/GroupCallIncomingView.swift /Users/buddhirajgautam/Documents/Cherrygram-Mac/macOS-Swift/Telegram-Mac/PremiumStickersDemoView.swift /Users/buddhirajgautam/Documents/Cherrygram-Mac/macOS-Swift/Telegram-Mac/SharedAccountContext.swift /Users/buddhirajgautam/Documents/Cherrygram-Mac/macOS-Swift/Telegram-Mac/Notices.swift /Users/buddhirajgautam/Documents/Cherrygram-Mac/macOS-Swift/Telegram-Mac/AvatarContentView.swift /Users/buddhirajgautam/Documents/Cherrygram-Mac/macOS-Swift/Telegram-Mac/LocationPlaceSuggestionRowItem.swift /Users/buddhirajgautam/Documents/Cherrygram-Mac/macOS-Swift/Telegram-Mac/Star_GoldenStar.swift (in target 'Telegram' from project 'Telegram')
/Users/buddhirajgautam/Documents/Cherrygram-Mac/macOS-Swift/Telegram-Mac/MessageReadMenuItem.swift:1015:13: warning: variable 'state' was never mutated; consider changing to 'let' constant [#VariableNeverMutated]
1013 |         
1014 |         
1015 |         var state = containerView.controlState
     |             `- warning: variable 'state' was never mutated; consider changing to 'let' constant [#VariableNeverMutated]
1016 | 
1017 |         

/Users/buddhirajgautam/Documents/Cherrygram-Mac/macOS-Swift/Telegram-Mac/MessageReadMenuItem.swift:1315:19: warning: value 'item' was defined but never used; consider replacing with boolean test [#NoUsage]
1313 |         super.set(item: item, animated: animated)
1314 |         
1315 |         guard let item = item as? MessageAuthorMenuRowItem else {
     |                   `- warning: value 'item' was defined but never used; consider replacing with boolean test [#NoUsage]
1316 |             return
1317 |         }

/Users/buddhirajgautam/Documents/Cherrygram-Mac/macOS-Swift/Telegram-Mac/PremiumDemoPhoneControl.swift:178:42: warning: immutable value 'file' was never used; consider replacing with '_' or removing it [#NoUsage]
176 |     func setup(context: AccountContext, videoFile: TelegramMediaFile?) {
177 |         
178 |         guard self.videoView == nil, let file = videoFile else {
    |                                          `- warning: immutable value 'file' was never used; consider replacing with '_' or removing it [#NoUsage]
179 |             return
180 |         }

/Users/buddhirajgautam/Documents/Cherrygram-Mac/macOS-Swift/Telegram-Mac/PremiumDemoPhoneControl.swift:244:16: warning: immutable value 'videoView' was never used; consider replacing with '_' or removing it [#NoUsage]
242 |     private var isPlaying = false
243 |     func play() {
244 |         if let videoView = self.videoView, !self.isPlaying {
    |                `- warning: immutable value 'videoView' was never used; consider replacing with '_' or removing it [#NoUsage]
245 |             self.isPlaying = true
246 |           //  videoView.play()

/Users/buddhirajgautam/Documents/Cherrygram-Mac/macOS-Swift/Telegram-Mac/PremiumDemoPhoneControl.swift:251:16: warning: value 'videoView' was defined but never used; consider replacing with boolean test [#NoUsage]
249 |     
250 |     func reset() {
251 |         if let videoView = self.videoView {
    |                `- warning: value 'videoView' was defined but never used; consider replacing with boolean test [#NoUsage]
252 |             self.isPlaying = false
253 | //            videoView.pause()

/Users/buddhirajgautam/Documents/Cherrygram-Mac/macOS-Swift/Telegram-Mac/InlineStickerItemLayer.swift:580:22: warning: weak variable 'layer' was never mutated; consider changing to 'let' constant [#VariableNeverMutated::WeakMutability]
578 |         self.animation = animation
579 |         if let animation = animation, let isPlayable = self.isPlayable, isPlayable, !stopped {
580 |             weak var layer: InlineStickerItemLayer? = self
    |                      `- warning: weak variable 'layer' was never mutated; consider changing to 'let' constant [#VariableNeverMutated::WeakMutability]
581 |             let key: MultiTargetContextCache.Key = .init(key: animation.key, unique: unique)
582 |             

/Users/buddhirajgautam/Documents/Cherrygram-Mac/macOS-Swift/Telegram-Mac/InlineStickerItemLayer.swift:631:13: warning: variable 'initWithFrame' was written to, but never read
629 |     
630 |     func jump(to frame: Int32) -> Void {
631 |         var initWithFrame: Bool = true
    |             `- warning: variable 'initWithFrame' was written to, but never read
632 |         if let key = self.contextToken {
633 |             if let context = MultiTargetContextCache.find(key.1) {

/Users/buddhirajgautam/Documents/Cherrygram-Mac/macOS-Swift/Telegram-Mac/DeleteSupergroupMessagesModalController.swift:90:17: warning: using '_' to ignore the result of a Void-returning function is redundant
 88 |             if let strongSelf = self, let peer = peerViewMainPeer(peerView) as? TelegramChannel {
 89 |                 
 90 |                 _ = strongSelf.genericView.removeAll()
    |                 `- warning: using '_' to ignore the result of a Void-returning function is redundant
 91 |                 
 92 |                 _ = strongSelf.genericView.addItem(item: GeneralRowItem(initialSize, height: 20, stableId: 0))

/Users/buddhirajgautam/Library/Developer/Xcode/DerivedData/Telegram-Mac-fygdgghdgmuleoelvxabfmqiotta/Build/Intermediates.noindex/Telegram.build/Debug/Telegram.build/DerivedSources/GeneratedAssetSymbols.swift:1852:14: warning: The "Icon_Profile_Call" image asset name resolves to the symbol "iconProfileCall" which already exists. Try renaming the asset.
1850 |     static let iconProfileBoost = ImageResource(name: "Icon_Profile_Boost", bundle: resourceBundle)
1851 | 
1852 |     #warning("The \"Icon_Profile_Call\" image asset name resolves to the symbol \"iconProfileCall\" which already exists. Try renaming the asset.")
     |              `- warning: The "Icon_Profile_Call" image asset name resolves to the symbol "iconProfileCall" which already exists. Try renaming the asset.
1853 | 
1854 |     /// The "Icon_Profile_ChannelSign" asset catalog image resource.

/Users/buddhirajgautam/Library/Developer/Xcode/DerivedData/Telegram-Mac-fygdgghdgmuleoelvxabfmqiotta/Build/Intermediates.noindex/Telegram.build/Debug/Telegram.build/DerivedSources/GeneratedAssetSymbols.swift:2454:14: warning: The "Icon_Story_Repost" image asset name resolves to the symbol "iconStoryRepost" which already exists. Try renaming the asset.
2452 |     static let iconStoryInlineReactionShadow = ImageResource(name: "Icon_Story_InlineReaction_Shadow", bundle: resourceBundle)
2453 | 
2454 |     #warning("The \"Icon_Story_Repost\" image asset name resolves to the symbol \"iconStoryRepost\" which already exists. Try renaming the asset.")
     |              `- warning: The "Icon_Story_Repost" image asset name resolves to the symbol "iconStoryRepost" which already exists. Try renaming the asset.
2455 | 
2456 |     /// The "Icon_Story_Selected_Contacts" asset catalog image resource.

/Users/buddhirajgautam/Documents/Cherrygram-Mac/macOS-Swift/Telegram-Mac/ChatMessageView.swift:281:13: warning: initialization of immutable value 'point' was never used; consider replacing with assignment to '_' or removing it [#NoUsage]
279 |     
280 |     override func canMultiselectTextIn(_ location: NSPoint) -> Bool {
281 |         let point = self.contentView.convert(location, from: nil)
    |             `- warning: initialization of immutable value 'point' was never used; consider replacing with assignment to '_' or removing it [#NoUsage]
282 |         return true
283 |     }

/Users/buddhirajgautam/Documents/Cherrygram-Mac/macOS-Swift/Telegram-Mac/ChatMessageView.swift:382:20: warning: value 'adAttribute' was defined but never used; consider replacing with boolean test [#NoUsage]
380 |             }
381 |                         
382 |             if let adAttribute = item.message?.adAttribute {
    |                    `- warning: value 'adAttribute' was defined but never used; consider replacing with boolean test [#NoUsage]
383 |                 let current: AdSettingsView
384 |                 if let view = self.adSettingView {

/Users/buddhirajgautam/Documents/Cherrygram-Mac/macOS-Swift/Telegram-Mac/ChatMessageView.swift:407:19: warning: value 'item' was defined but never used; consider replacing with boolean test [#NoUsage]
405 |     
406 |     override func clickInContent(point: NSPoint) -> Bool {
407 |         guard let item = item as? ChatMessageItem else {return true}
    |                   `- warning: value 'item' was defined but never used; consider replacing with boolean test [#NoUsage]
408 |         
409 |         if let text = self.text {

/Users/buddhirajgautam/Documents/Cherrygram-Mac/macOS-Swift/Telegram-Mac/StickerPremiumHolderView.swift:102:48: warning: 'dark' was deprecated in macOS 10.14: Use a semantic material instead.  To force the appearance of a view hierarchy, set the `appearance` property to an appropriate NSAppearance value. [#DeprecatedDeclaration]
100 |         self.state = .active
101 |         self.blendingMode = .withinWindow
102 |         self.material = theme.colors.isDark ? .dark : .light
    |                                                `- warning: 'dark' was deprecated in macOS 10.14: Use a semantic material instead.  To force the appearance of a view hierarchy, set the `appearance` property to an appropriate NSAppearance value. [#DeprecatedDeclaration]
103 |         
104 |         textView.userInteractionEnabled = false

/Users/buddhirajgautam/Documents/Cherrygram-Mac/macOS-Swift/Telegram-Mac/StickerPremiumHolderView.swift:102:56: warning: 'light' was deprecated in macOS 10.14: Use a semantic material instead.  To force the appearance of a view hierarchy, set the `appearance` property to an appropriate NSAppearance value. [#DeprecatedDeclaration]
100 |         self.state = .active
101 |         self.blendingMode = .withinWindow
102 |         self.material = theme.colors.isDark ? .dark : .light
    |                                                        `- warning: 'light' was deprecated in macOS 10.14: Use a semantic material instead.  To force the appearance of a view hierarchy, set the `appearance` property to an appropriate NSAppearance value. [#DeprecatedDeclaration]
103 |         
104 |         textView.userInteractionEnabled = false

/Users/buddhirajgautam/Documents/Cherrygram-Mac/macOS-Swift/Telegram-Mac/StoryModalController.swift:76:46: warning: 'weak' ownership of capture 'self' differs from implicitly-captured strong reference in outer scope [#ImplicitStrongCapture]
  54 |     
  55 |     func addOrUpdate(_ id: Value) {
  56 |         self.queue.async {
     |                          |- note: 'self' implicitly strongly captured here
     |                          `- note: add 'self' as a capture list item to silence
  57 |             let previous = self.currentIds
  58 |             
     :
  74 |                         completionImpl?()
  75 |                     }, queue: self.queue)
  76 |                     completionImpl = { [weak self, weak timer] in
     |                                              |- warning: 'weak' ownership of capture 'self' differs from implicitly-captured strong reference in outer scope [#ImplicitStrongCapture]
     |                                              `- note: explicitly assign the capture list item to silence
  77 |                         if let strongSelf = self {
  78 |                             if let timer = timer, strongSelf.timer === timer {

/Users/buddhirajgautam/Documents/Cherrygram-Mac/macOS-Swift/Telegram-Mac/StoryModalController.swift:837:30: warning: 'ultraDark' was deprecated in macOS 10.14: Use a semantic material instead.  To force the appearance of a view hierarchy, set the `appearance` property to an appropriate NSAppearance value. [#DeprecatedDeclaration]
 835 |             self.wantsLayer = true
 836 |             self.state = .active
 837 |             self.material = .ultraDark
     |                              `- warning: 'ultraDark' was deprecated in macOS 10.14: Use a semantic material instead.  To force the appearance of a view hierarchy, set the `appearance` property to an appropriate NSAppearance value. [#DeprecatedDeclaration]
 838 |             self.blendingMode = .withinWindow
 839 |             textView.isSelectable = false

/Users/buddhirajgautam/Documents/Cherrygram-Mac/macOS-Swift/Telegram-Mac/StoryModalController.swift:2745:21: warning: initialization of immutable value 'peerId' was never used; consider replacing with assignment to '_' or removing it [#NoUsage]
2743 |                 let stealthModeState = self?.arguments?.interaction.presentation.stealthMode
2744 |                 
2745 |                 let peerId = peer.id
     |                     `- warning: initialization of immutable value 'peerId' was never used; consider replacing with assignment to '_' or removing it [#NoUsage]
2746 |                 
2747 |                 if story.canCopyLink {

/Users/buddhirajgautam/Documents/Cherrygram-Mac/macOS-Swift/Telegram-Mac/StoryModalController.swift:2764:24: warning: value 'presentaion' was defined but never used; consider replacing with boolean test [#NoUsage]
2762 |                 }
2763 |                 
2764 |                 if let presentaion = self?.arguments?.interaction.presentation {
     |                        `- warning: value 'presentaion' was defined but never used; consider replacing with boolean test [#NoUsage]
2765 |                     if context.isPremium {
2766 |                         

/Users/buddhirajgautam/Documents/Cherrygram-Mac/macOS-Swift/Telegram-Mac/StoryModalController.swift:2915:32: warning: immutable value 'venue' was never used; consider replacing with '_' or removing it [#NoUsage]
2913 |         }, invokeMediaArea: { [weak self] area in
2914 |             switch area {
2915 |             case let .venue(_, venue):
     |                                `- warning: immutable value 'venue' was never used; consider replacing with '_' or removing it [#NoUsage]
2916 |                 showModal(with: StoryFoundListController(context: context, source: .mediaArea(area), presentation: darkAppearance), for: context.window)
2917 |             case let .channelMessage(_, messageId):

/Users/buddhirajgautam/Documents/Cherrygram-Mac/macOS-Swift/Telegram-Mac/StoryModalController.swift:3305:32: warning: immutable value 'slowmode' was never used; consider replacing with '_' or removing it [#NoUsage]
3303 |                         }
3304 |                         
3305 |                         if let slowmode = state.slice?.additionalPeerData.slowModeTimeout, state.slice?.additionalPeerData.canAvoidRestrictions == false {
     |                                `- warning: immutable value 'slowmode' was never used; consider replacing with '_' or removing it [#NoUsage]
3306 |                             let slowmodeValidUntilTimeout = state.slice?.additionalPeerData.slowModeValidUntilTimestamp
3307 |                             current = current.updateSlowMode({ value in

/Users/buddhirajgautam/Documents/Cherrygram-Mac/macOS-Swift/Telegram-Mac/SharedAccountContext.swift:156:21: warning: 'image' was deprecated in macOS 10.14: Use the receiver's button.image instead [#DeprecatedDeclaration]
154 |             icon.isTemplate = true
155 |         }
156 |         statusItem?.image = icon
    |                     `- warning: 'image' was deprecated in macOS 10.14: Use the receiver's button.image instead [#DeprecatedDeclaration]
157 |     }
158 |     

/Users/buddhirajgautam/Documents/Cherrygram-Mac/macOS-Swift/Telegram-Mac/Notices.swift:234:20: warning: value 'entry' was defined but never used; consider replacing with boolean test [#NoUsage]
232 |     public static func addPlayedMessageEffects(accountManager: AccountManager<TelegramAccountManagerTypes>, values: [MessageId]) -> Signal<Void, NoError> {
233 |         return accountManager.transaction { transaction -> Void in
234 |             if let entry = CodableEntry(ApplicationSpecificMessageIdArrayNotice(values: values)) {
    |                    `- warning: value 'entry' was defined but never used; consider replacing with boolean test [#NoUsage]
235 |                 var current = transaction.getNotice(ApplicationSpecificNoticeKeys.playedMessageEffects())?.get(ApplicationSpecificMessageIdArrayNotice.self)
236 |                 if let c = current {

/Users/buddhirajgautam/Documents/Cherrygram-Mac/macOS-Swift/Telegram-Mac/AvatarContentView.swift:100:15: warning: immutable value 'audioLevelScale' was never used; consider removing it [#NoUsage]
 98 | 
 99 |           let avatarScale: CGFloat
100 |           let audioLevelScale: CGFloat
    |               `- warning: immutable value 'audioLevelScale' was never used; consider removing it [#NoUsage]
101 |           if value > 0.0 {
102 |               audioLevelView.startAnimating()

/Users/buddhirajgautam/Documents/Cherrygram-Mac/macOS-Swift/Telegram-Mac/AvatarContentView.swift:144:13: warning: initialization of immutable value 'frameSize' was never used; consider replacing with assignment to '_' or removing it [#NoUsage]
142 |     private func updateImage(image: CGImage, clipImage: CGImage) {
143 |         self.unclippedView.image = image
144 |         let frameSize = NSMakeSize(frame.height, frame.height)
    |             `- warning: initialization of immutable value 'frameSize' was never used; consider replacing with assignment to '_' or removing it [#NoUsage]
145 |         self.clippedView.image = clipImage
146 |     }

/Users/buddhirajgautam/Documents/Cherrygram-Mac/macOS-Swift/Telegram-Mac/Star_GoldenStar.swift:197:91: warning: immutable value 'color' was never used; consider replacing with '_' or removing it [#NoUsage]
195 |         let particleColor = NSColor(rgb: 0xf9b004)
196 |         
197 |         if let node = scene.rootNode.childNode(withName: "star", recursively: false), let color = colors.first {
    |                                                                                           `- warning: immutable value 'color' was never used; consider replacing with '_' or removing it [#NoUsage]
198 |             node.geometry?.materials.first?.diffuse.contents = generateDiffuseTexture(colors: colors)
199 |             

[#DeprecatedDeclaration]: <https://docs.swift.org/compiler/documentation/diagnostics/deprecated-declaration>
[#ImplicitStrongCapture]: <https://docs.swift.org/compiler/documentation/diagnostics/implicit-strong-capture>
[#NoUsage]: <https://docs.swift.org/compiler/documentation/diagnostics/no-usage>
[#VariableNeverMutated]: <https://docs.swift.org/compiler/documentation/diagnostics/variable-never-mutated>
[#WeakMutability]: <https://docs.swift.org/compiler/documentation/diagnostics/weak-mutability>

SwiftCompile normal arm64 /Users/buddhirajgautam/Documents/Cherrygram-Mac/macOS-Swift/Telegram-Mac/ChannelOverviewStatsRowItem.swift (in target 'Telegram' from project 'Telegram')
    cd /Users/buddhirajgautam/Documents/Cherrygram-Mac/macOS-Swift
    builtin-SwiftPerFileCompile ChannelOverviewStatsRowItem.swift

SwiftCompile normal arm64 /Users/buddhirajgautam/Documents/Cherrygram-Mac/macOS-Swift/Telegram-Mac/PremiumGiftRowItem.swift (in target 'Telegram' from project 'Telegram')
    cd /Users/buddhirajgautam/Documents/Cherrygram-Mac/macOS-Swift
    builtin-SwiftPerFileCompile PremiumGiftRowItem.swift

SwiftCompile normal arm64 /Users/buddhirajgautam/Documents/Cherrygram-Mac/macOS-Swift/Telegram-Mac/MessageReadMenuItem.swift (in target 'Telegram' from project 'Telegram')
    cd /Users/buddhirajgautam/Documents/Cherrygram-Mac/macOS-Swift
    builtin-SwiftPerFileCompile MessageReadMenuItem.swift

SwiftCompile normal arm64 /Users/buddhirajgautam/Documents/Cherrygram-Mac/macOS-Swift/Telegram-Mac/PremiumDemoPhoneControl.swift (in target 'Telegram' from project 'Telegram')
    cd /Users/buddhirajgautam/Documents/Cherrygram-Mac/macOS-Swift
    builtin-SwiftPerFileCompile PremiumDemoPhoneControl.swift

SwiftCompile normal arm64 /Users/buddhirajgautam/Documents/Cherrygram-Mac/macOS-Swift/Telegram-Mac/suggest-post/SuggestPostController.swift (in target 'Telegram' from project 'Telegram')
    cd /Users/buddhirajgautam/Documents/Cherrygram-Mac/macOS-Swift
    builtin-SwiftPerFileCompile SuggestPostController.swift

SwiftCompile normal arm64 /Users/buddhirajgautam/Documents/Cherrygram-Mac/macOS-Swift/Telegram-Mac/TopicInfoEntries.swift (in target 'Telegram' from project 'Telegram')
    cd /Users/buddhirajgautam/Documents/Cherrygram-Mac/macOS-Swift
    builtin-SwiftPerFileCompile TopicInfoEntries.swift

SwiftCompile normal arm64 /Users/buddhirajgautam/Documents/Cherrygram-Mac/macOS-Swift/Telegram-Mac/InlineStickerItemLayer.swift (in target 'Telegram' from project 'Telegram')
    cd /Users/buddhirajgautam/Documents/Cherrygram-Mac/macOS-Swift
    builtin-SwiftPerFileCompile InlineStickerItemLayer.swift

SwiftCompile normal arm64 /Users/buddhirajgautam/Documents/Cherrygram-Mac/macOS-Swift/Telegram-Mac/DeleteSupergroupMessagesModalController.swift (in target 'Telegram' from project 'Telegram')
    cd /Users/buddhirajgautam/Documents/Cherrygram-Mac/macOS-Swift
    builtin-SwiftPerFileCompile DeleteSupergroupMessagesModalController.swift

SwiftCompile normal arm64 /Users/buddhirajgautam/Documents/Cherrygram-Mac/macOS-Swift/Telegram-Mac/ChatMessageView.swift (in target 'Telegram' from project 'Telegram')
    cd /Users/buddhirajgautam/Documents/Cherrygram-Mac/macOS-Swift
    builtin-SwiftPerFileCompile ChatMessageView.swift

SwiftCompile normal arm64 /Users/buddhirajgautam/Documents/Cherrygram-Mac/macOS-Swift/Telegram-Mac/InlineStickersContext.swift (in target 'Telegram' from project 'Telegram')
    cd /Users/buddhirajgautam/Documents/Cherrygram-Mac/macOS-Swift
    builtin-SwiftPerFileCompile InlineStickersContext.swift

SwiftCompile normal arm64 /Users/buddhirajgautam/Documents/Cherrygram-Mac/macOS-Swift/Telegram-Mac/InputSwapSuggestionsPanel.swift (in target 'Telegram' from project 'Telegram')
    cd /Users/buddhirajgautam/Documents/Cherrygram-Mac/macOS-Swift
    builtin-SwiftPerFileCompile InputSwapSuggestionsPanel.swift

SwiftCompile normal arm64 /Users/buddhirajgautam/Documents/Cherrygram-Mac/macOS-Swift/Telegram-Mac/WPMediaContentView.swift (in target 'Telegram' from project 'Telegram')
    cd /Users/buddhirajgautam/Documents/Cherrygram-Mac/macOS-Swift
    builtin-SwiftPerFileCompile WPMediaContentView.swift

SwiftCompile normal arm64 /Users/buddhirajgautam/Documents/Cherrygram-Mac/macOS-Swift/Telegram-Mac/PremiumBoardingExtraFeatures.swift (in target 'Telegram' from project 'Telegram')
    cd /Users/buddhirajgautam/Documents/Cherrygram-Mac/macOS-Swift
    builtin-SwiftPerFileCompile PremiumBoardingExtraFeatures.swift

SwiftCompile normal arm64 /Users/buddhirajgautam/Documents/Cherrygram-Mac/macOS-Swift/Telegram-Mac/StickerPremiumHolderView.swift (in target 'Telegram' from project 'Telegram')
    cd /Users/buddhirajgautam/Documents/Cherrygram-Mac/macOS-Swift
    builtin-SwiftPerFileCompile StickerPremiumHolderView.swift

SwiftCompile normal arm64 /Users/buddhirajgautam/Documents/Cherrygram-Mac/macOS-Swift/Telegram-Mac/SlotsMediaContentView.swift (in target 'Telegram' from project 'Telegram')
    cd /Users/buddhirajgautam/Documents/Cherrygram-Mac/macOS-Swift
    builtin-SwiftPerFileCompile SlotsMediaContentView.swift

SwiftCompile normal arm64 /Users/buddhirajgautam/Documents/Cherrygram-Mac/macOS-Swift/Telegram-Mac/StoryModalController.swift (in target 'Telegram' from project 'Telegram')
    cd /Users/buddhirajgautam/Documents/Cherrygram-Mac/macOS-Swift
    builtin-SwiftPerFileCompile StoryModalController.swift

SwiftCompile normal arm64 /Users/buddhirajgautam/Documents/Cherrygram-Mac/macOS-Swift/Telegram-Mac/InstantPagePeerReferenceItem.swift (in target 'Telegram' from project 'Telegram')
    cd /Users/buddhirajgautam/Documents/Cherrygram-Mac/macOS-Swift
    builtin-SwiftPerFileCompile InstantPagePeerReferenceItem.swift

SwiftCompile normal arm64 /Users/buddhirajgautam/Documents/Cherrygram-Mac/macOS-Swift/Telegram-Mac/PhoneNumberUtils.swift (in target 'Telegram' from project 'Telegram')
    cd /Users/buddhirajgautam/Documents/Cherrygram-Mac/macOS-Swift
    builtin-SwiftPerFileCompile PhoneNumberUtils.swift

SwiftCompile normal arm64 /Users/buddhirajgautam/Documents/Cherrygram-Mac/macOS-Swift/Telegram-Mac/GroupCallIncomingView.swift (in target 'Telegram' from project 'Telegram')
    cd /Users/buddhirajgautam/Documents/Cherrygram-Mac/macOS-Swift
    builtin-SwiftPerFileCompile GroupCallIncomingView.swift

SwiftCompile normal arm64 /Users/buddhirajgautam/Documents/Cherrygram-Mac/macOS-Swift/Telegram-Mac/PremiumStickersDemoView.swift (in target 'Telegram' from project 'Telegram')
    cd /Users/buddhirajgautam/Documents/Cherrygram-Mac/macOS-Swift
    builtin-SwiftPerFileCompile PremiumStickersDemoView.swift

SwiftCompile normal arm64 /Users/buddhirajgautam/Documents/Cherrygram-Mac/macOS-Swift/Telegram-Mac/SharedAccountContext.swift (in target 'Telegram' from project 'Telegram')
    cd /Users/buddhirajgautam/Documents/Cherrygram-Mac/macOS-Swift
    builtin-SwiftPerFileCompile SharedAccountContext.swift

SwiftCompile normal arm64 /Users/buddhirajgautam/Documents/Cherrygram-Mac/macOS-Swift/Telegram-Mac/Notices.swift (in target 'Telegram' from project 'Telegram')
    cd /Users/buddhirajgautam/Documents/Cherrygram-Mac/macOS-Swift
    builtin-SwiftPerFileCompile Notices.swift

SwiftCompile normal arm64 /Users/buddhirajgautam/Documents/Cherrygram-Mac/macOS-Swift/Telegram-Mac/AvatarContentView.swift (in target 'Telegram' from project 'Telegram')
    cd /Users/buddhirajgautam/Documents/Cherrygram-Mac/macOS-Swift
    builtin-SwiftPerFileCompile AvatarContentView.swift

SwiftCompile normal arm64 /Users/buddhirajgautam/Documents/Cherrygram-Mac/macOS-Swift/Telegram-Mac/LocationPlaceSuggestionRowItem.swift (in target 'Telegram' from project 'Telegram')
    cd /Users/buddhirajgautam/Documents/Cherrygram-Mac/macOS-Swift
    builtin-SwiftPerFileCompile LocationPlaceSuggestionRowItem.swift

SwiftCompile normal arm64 /Users/buddhirajgautam/Documents/Cherrygram-Mac/macOS-Swift/Telegram-Mac/Star_GoldenStar.swift (in target 'Telegram' from project 'Telegram')
    cd /Users/buddhirajgautam/Documents/Cherrygram-Mac/macOS-Swift
    builtin-SwiftPerFileCompile Star_GoldenStar.swift

SwiftEmitModule normal arm64 Emitting\ module\ for\ Telegram (in target 'Telegram' from project 'Telegram')
/Users/buddhirajgautam/Library/Developer/Xcode/DerivedData/Telegram-Mac-fygdgghdgmuleoelvxabfmqiotta/Build/Intermediates.noindex/Telegram.build/Debug/Telegram.build/DerivedSources/GeneratedAssetSymbols.swift:1852:14: warning: The "Icon_Profile_Call" image asset name resolves to the symbol "iconProfileCall" which already exists. Try renaming the asset.
1850 |     static let iconProfileBoost = ImageResource(name: "Icon_Profile_Boost", bundle: resourceBundle)
1851 | 
1852 |     #warning("The \"Icon_Profile_Call\" image asset name resolves to the symbol \"iconProfileCall\" which already exists. Try renaming the asset.")
     |              `- warning: The "Icon_Profile_Call" image asset name resolves to the symbol "iconProfileCall" which already exists. Try renaming the asset.
1853 | 
1854 |     /// The "Icon_Profile_ChannelSign" asset catalog image resource.

/Users/buddhirajgautam/Library/Developer/Xcode/DerivedData/Telegram-Mac-fygdgghdgmuleoelvxabfmqiotta/Build/Intermediates.noindex/Telegram.build/Debug/Telegram.build/DerivedSources/GeneratedAssetSymbols.swift:2454:14: warning: The "Icon_Story_Repost" image asset name resolves to the symbol "iconStoryRepost" which already exists. Try renaming the asset.
2452 |     static let iconStoryInlineReactionShadow = ImageResource(name: "Icon_Story_InlineReaction_Shadow", bundle: resourceBundle)
2453 | 
2454 |     #warning("The \"Icon_Story_Repost\" image asset name resolves to the symbol \"iconStoryRepost\" which already exists. Try renaming the asset.")
     |              `- warning: The "Icon_Story_Repost" image asset name resolves to the symbol "iconStoryRepost" which already exists. Try renaming the asset.
2455 | 
2456 |     /// The "Icon_Story_Selected_Contacts" asset catalog image resource.

/Users/buddhirajgautam/Documents/Cherrygram-Mac/macOS-Swift/Telegram-Mac/BusinessChatbotController.swift:604:21: warning: variable 'selectedCount' was never mutated; consider changing to 'let' constant [#VariableNeverMutated]
 602 |             
 603 |             if let subpermissions = permission.subpermissions {
 604 |                 var selectedCount = subpermissions.filter({ $0.value == true }).count
     |                     `- warning: variable 'selectedCount' was never mutated; consider changing to 'let' constant [#VariableNeverMutated]
 605 |                 afterNameImage = generateAfterMedia( "\(selectedCount)/\(subpermissions.count)", revealed: permission.expanded == true)
 606 |                 

/Users/buddhirajgautam/Documents/Cherrygram-Mac/macOS-Swift/Telegram-Mac/PresentationGroupCallManager.swift:310:34: warning: using 'class' keyword to define a class-constrained protocol is deprecated; use 'AnyObject' instead [#deprecation]
308 | }
309 | 
310 | protocol PresentationGroupCall : class {
    |                                  `- warning: using 'class' keyword to define a class-constrained protocol is deprecated; use 'AnyObject' instead [#deprecation]
311 |     
312 | 

/Users/buddhirajgautam/Documents/Cherrygram-Mac/macOS-Swift/Telegram-Mac/PresentationGroupCall.swift:1283:21: warning: variable 'addedParticipants' was never used; consider replacing with '_' or removing it [#NoUsage]
1281 |             }
1282 |             if case let .established(callInfo, _, _, _, _) = strongSelf.internalState {
1283 |                 var addedParticipants: [(UInt32, String?, String?)] = []
     |                     `- warning: variable 'addedParticipants' was never used; consider replacing with '_' or removing it [#NoUsage]
1284 |                 var removedSsrc: [UInt32] = []
1285 |                 for (callId, update) in updates {

/Users/buddhirajgautam/Documents/Cherrygram-Mac/macOS-Swift/Telegram-Mac/PresentationGroupCall.swift:3244:13: warning: initialization of immutable value 'account' was never used; consider replacing with assignment to '_' or removing it [#NoUsage]
3242 |         }
3243 |         
3244 |         let account = self.account
     |             `- warning: initialization of immutable value 'account' was never used; consider replacing with assignment to '_' or removing it [#NoUsage]
3245 |         
3246 |         let currentCall: Signal<GroupCallInfo?, CallError>

/Users/buddhirajgautam/Documents/Cherrygram-Mac/macOS-Swift/Telegram-Mac/PassportController.swift:138:9: warning: 'Hashable.hashValue' is deprecated as a protocol requirement; conform type 'FieldRequest' to 'Hashable' by implementing 'hash(into:)' instead [#DeprecatedDeclaration]
 136 |     }
 137 |     
 138 |     var hashValue: Int {
     |         `- warning: 'Hashable.hashValue' is deprecated as a protocol requirement; conform type 'FieldRequest' to 'Hashable' by implementing 'hash(into:)' instead [#DeprecatedDeclaration]
 139 |         return 0
 140 |     }

/Users/buddhirajgautam/Documents/Cherrygram-Mac/macOS-Swift/Telegram-Mac/PassportController.swift:188:9: warning: 'Hashable.hashValue' is deprecated as a protocol requirement; conform type 'PassportEntryId' to 'Hashable' by implementing 'hash(into:)' instead [#DeprecatedDeclaration]
 186 |     case settingsHeader
 187 |     case inputEmailCode
 188 |     var hashValue: Int {
     |         `- warning: 'Hashable.hashValue' is deprecated as a protocol requirement; conform type 'PassportEntryId' to 'Hashable' by implementing 'hash(into:)' instead [#DeprecatedDeclaration]
 189 |         return 0
 190 |     }

/Users/buddhirajgautam/Documents/Cherrygram-Mac/macOS-Swift/Telegram-Mac/PremiumBoardingController.swift:946:27: warning: 'override' is implied when overriding a required initializer
 944 |         }
 945 |         
 946 |         override required init(frame frameRect: NSRect) {
     |                           `- warning: 'override' is implied when overriding a required initializer
 947 |             fatalError("init(frame:) has not been implemented")
 948 |         }

TGUIKit.View.init:2:37: note: overridden required initializer is here
1 | class View {
2 | @MainActor override required public init(frame frameRect: NSRect)}
  |                                     `- note: overridden required initializer is here
3 | 

/Users/buddhirajgautam/Documents/Cherrygram-Mac/macOS-Swift/Telegram-Mac/PremiumBoardingController.swift:686:28: warning: immutable value 'toId' was never used; consider replacing with '_' or removing it [#NoUsage]
 684 |     
 685 |     switch state.source {
 686 |     case let .gift(fromId, toId, _, slug, unclaimed):
     |                            `- warning: immutable value 'toId' was never used; consider replacing with '_' or removing it [#NoUsage]
 687 |         if fromId != arguments.context.peerId, let slug = slug, unclaimed {
 688 |             let link = "t.me/giftcode/\(slug.prefixWithDots(20))"

/Users/buddhirajgautam/Documents/Cherrygram-Mac/macOS-Swift/Telegram-Mac/ThemeGridControllerItem.swift:54:23: warning: 'override' is implied when overriding a required initializer
 52 |     }
 53 |     
 54 |     required override init(frame frameRect: NSRect) {
    |                       `- warning: 'override' is implied when overriding a required initializer
 55 |         fatalError("init(frame:) has not been implemented")
 56 |     }

TGUIKit.BackgroundView.init:2:28: note: overridden required initializer is here
1 | class BackgroundView {
2 | @MainActor required public init(frame frameRect: NSRect)}
  |                            `- note: overridden required initializer is here
3 | 

/Users/buddhirajgautam/Documents/Cherrygram-Mac/macOS-Swift/Telegram-Mac/BoostReassignController.swift:116:9: warning: variable 'index' was never mutated; consider changing to 'let' constant [#VariableNeverMutated]
114 |     
115 |     var sectionId:Int32 = 0
116 |     var index: Int32 = 0
    |         `- warning: variable 'index' was never mutated; consider changing to 'let' constant [#VariableNeverMutated]
117 |     
118 |     entries.append(.sectionId(sectionId, type: .normal))

/Users/buddhirajgautam/Documents/Cherrygram-Mac/macOS-Swift/Telegram-Mac/GroupInfoEntries.swift:707:40: warning: 'weak' ownership of capture 'self' differs from implicitly-captured strong reference in outer scope [#ImplicitStrongCapture]
 694 |         
 695 |         
 696 |         let addMember = getCachedDataView(peerId: peerId, postbox: context.account.postbox) |> take(1) |> deliverOnMainQueue |> mapToSignal{ cachedData -> Signal<Result, NoError> in
     |                                                                                                                                            |- note: 'self' implicitly strongly captured here
     |                                                                                                                                            `- note: add 'self' as a capture list item to silence
 697 |             
 698 |             var excludePeerIds:[PeerId] = []
     :
 705 |             var linkInvation: ((Int)->Void)? = nil
 706 |             if canInviteByLink {
 707 |                 linkInvation = { [weak self] _  in
     |                                        |- warning: 'weak' ownership of capture 'self' differs from implicitly-captured strong reference in outer scope [#ImplicitStrongCapture]
     |                                        `- note: explicitly assign the capture list item to silence
 708 |                     self?.invation()
 709 |                 }

/Users/buddhirajgautam/Documents/Cherrygram-Mac/macOS-Swift/Telegram-Mac/DeveloperViewController.swift:63:9: warning: 'Hashable.hashValue' is deprecated as a protocol requirement; conform type 'DeveloperEntryId' to 'Hashable' by implementing 'hash(into:)' instead [#DeprecatedDeclaration]
 61 |     case showPeerId
 62 |     case section(Int32)
 63 |     var hashValue: Int {
    |         `- warning: 'Hashable.hashValue' is deprecated as a protocol requirement; conform type 'DeveloperEntryId' to 'Hashable' by implementing 'hash(into:)' instead [#DeprecatedDeclaration]
 64 |         switch self {
 65 |         case .importColors:

/Users/buddhirajgautam/Documents/Cherrygram-Mac/macOS-Swift/Telegram-Mac/SelectColorController.swift:1218:18: warning: immutable value 'i' was never used; consider replacing with '_' or removing it [#NoUsage]
1216 |             var tupls: [Tuple] = []
1217 |             
1218 |             for (i, chunk) in chunks.enumerated() {
     |                  `- warning: immutable value 'i' was never used; consider replacing with '_' or removing it [#NoUsage]
1219 |                 tupls.append(.init(chunk: chunk, viewType: .innerItem, selected: selected))
1220 |             }

/Users/buddhirajgautam/Documents/Cherrygram-Mac/macOS-Swift/Telegram-Mac/PopularPeersRowItem.swift:19:9: warning: 'Hashable.hashValue' is deprecated as a protocol requirement; conform type 'PopularItemType' to 'Hashable' by implementing 'hash(into:)' instead [#DeprecatedDeclaration]
 17 |     
 18 |     
 19 |     var hashValue: Int {
    |         `- warning: 'Hashable.hashValue' is deprecated as a protocol requirement; conform type 'PopularItemType' to 'Hashable' by implementing 'hash(into:)' instead [#DeprecatedDeclaration]
 20 |         return 0
 21 |     }

/Users/buddhirajgautam/Documents/Cherrygram-Mac/macOS-Swift/Telegram-Mac/ChannelCommentsControls.swift:44:13: warning: initialization of immutable value 'previousLastTextPosition' was never used; consider replacing with assignment to '_' or removing it [#NoUsage]
 42 |     
 43 |     func update(data: ChannelCommentsRenderData, size: NSSize, animated: Bool) {
 44 |         let previousLastTextPosition = lastTextPosition
    |             `- warning: initialization of immutable value 'previousLastTextPosition' was never used; consider replacing with assignment to '_' or removing it [#NoUsage]
 45 |         self.size = size
 46 |         self.renderData = data

/Users/buddhirajgautam/Documents/Cherrygram-Mac/macOS-Swift/Telegram-Mac/ChannelCommentsControls.swift:118:29: warning: initialization of immutable value 'prevPos' was never used; consider replacing with assignment to '_' or removing it [#NoUsage]
116 |                         current.layer?.animateAlpha(from: 0, to: 1, duration: duration)
117 |                     case .numeric:
118 |                         let prevPos = previousTextPos[layout.1.hashValue] ?? pos
    |                             `- warning: initialization of immutable value 'prevPos' was never used; consider replacing with assignment to '_' or removing it [#NoUsage]
119 |                         let direction = addition[layout.1.hashValue]
120 |                         switch direction {

/Users/buddhirajgautam/Documents/Cherrygram-Mac/macOS-Swift/Telegram-Mac/ThemePreviewModalController.swift:71:23: warning: 'override' is implied when overriding a required initializer
 69 |     }
 70 |     
 71 |     required override init(frame frameRect: NSRect) {
    |                       `- warning: 'override' is implied when overriding a required initializer
 72 |         fatalError("init(frame:) has not been implemented")
 73 |     }

TGUIKit.BackgroundView.init:2:28: note: overridden required initializer is here
1 | class BackgroundView {
2 | @MainActor required public init(frame frameRect: NSRect)}
  |                            `- note: overridden required initializer is here
3 | 

/Users/buddhirajgautam/Documents/Cherrygram-Mac/macOS-Swift/Telegram-Mac/PreHistorySettingsController.swift:31:9: warning: 'Hashable.hashValue' is deprecated as a protocol requirement; conform type 'PreHistoryEntryId' to 'Hashable' by implementing 'hash(into:)' instead [#DeprecatedDeclaration]
 29 |     case text(Int32)
 30 |     case section(Int32)
 31 |     var hashValue: Int {
    |         `- warning: 'Hashable.hashValue' is deprecated as a protocol requirement; conform type 'PreHistoryEntryId' to 'Hashable' by implementing 'hash(into:)' instead [#DeprecatedDeclaration]
 32 |         switch self {
 33 |         case .type(let index):

/Users/buddhirajgautam/Documents/Cherrygram-Mac/macOS-Swift/Telegram-Mac/BusinessQuickReplyController.swift:442:9: warning: variable 'index' was never mutated; consider changing to 'let' constant [#VariableNeverMutated]
440 |     
441 |     var sectionId:Int32 = 0
442 |     var index: Int32 = 0
    |         `- warning: variable 'index' was never mutated; consider changing to 'let' constant [#VariableNeverMutated]
443 |     
444 |     entries.append(.sectionId(sectionId, type: .normal))

/Users/buddhirajgautam/Documents/Cherrygram-Mac/macOS-Swift/Telegram-Mac/WebpageModalController.swift:2110:202: warning: 'weak' ownership of capture 'self' differs from implicitly-captured strong reference in outer scope [#ImplicitStrongCapture]
2106 |                 let duration = (json["duration"] as? String).flatMap(Int32.init)
2107 |                 if let bot {
2108 |                     _ = showModalProgress(signal: context.inlinePacksContext.load(fileId: emojiId) |> take(1), for: window).start(next: { file in
     |                                                                                                                                         |- note: 'self' implicitly strongly captured here
     |                                                                                                                                         `- note: add 'self' as a capture list item to silence
2109 |                         if let file {
2110 |                             showModal(with: WebbotEmojisetModal(context: context, bot: .init(bot), file: file, expirationDate: duration != nil ? context.timestamp + duration! : nil, completed: { [weak self] result in
     |                                                                                                                                                                                                          |- warning: 'weak' ownership of capture 'self' differs from implicitly-captured strong reference in outer scope [#ImplicitStrongCapture]
     |                                                                                                                                                                                                          `- note: explicitly assign the capture list item to silence
2111 |                                 if result == .fail {
2112 |                                     self?.sendEvent(name: "emoji_status_failed", data: nil)

/Users/buddhirajgautam/Documents/Cherrygram-Mac/macOS-Swift/Telegram-Mac/WebpageModalController.swift:1611:21: warning: initialization of immutable value 'currentTimestamp' was never used; consider replacing with assignment to '_' or removing it [#NoUsage]
1609 |         case "web_app_read_text_from_clipboard":
1610 |             if let json = json, let requestId = json["req_id"] as? String {
1611 |                 let currentTimestamp = CACurrentMediaTime()
     |                     `- warning: initialization of immutable value 'currentTimestamp' was never used; consider replacing with assignment to '_' or removing it [#NoUsage]
1612 |                 self.sendClipboardTextEvent(requestId: requestId, fillData: clickCount > 0)
1613 |             }

/Users/buddhirajgautam/Documents/Cherrygram-Mac/macOS-Swift/Telegram-Mac/WebpageModalController.swift:1964:17: warning: initialization of immutable value 'accountId' was never used; consider replacing with assignment to '_' or removing it [#NoUsage]
1962 |             }
1963 |             
1964 |             let accountId = context.peerId
     |                 `- warning: initialization of immutable value 'accountId' was never used; consider replacing with assignment to '_' or removing it [#NoUsage]
1965 |             
1966 |             if let json = json, let token = json["token"] as? String {

/Users/buddhirajgautam/Documents/Cherrygram-Mac/macOS-Swift/Telegram-Mac/WebpageModalController.swift:1974:21: warning: variable 'secQuery' was never mutated; consider changing to 'let' constant [#VariableNeverMutated]
1972 |                                             nil);
1973 | 
1974 |                 var secQuery: NSMutableDictionary = [
     |                     `- warning: variable 'secQuery' was never mutated; consider changing to 'let' constant [#VariableNeverMutated]
1975 |                     kSecClass: kSecClassGenericPassword,
1976 |                     kSecAttrAccessControl: sacObject!,

/Users/buddhirajgautam/Documents/Cherrygram-Mac/macOS-Swift/Telegram-Mac/WebpageModalController.swift:2019:22: warning: weak variable 'controller' was never mutated; consider changing to 'let' constant [#VariableNeverMutated::WeakMutability]
2017 |             ];
2018 |             
2019 |             weak var controller = self
     |                      `- warning: weak variable 'controller' was never mutated; consider changing to 'let' constant [#VariableNeverMutated::WeakMutability]
2020 |             
2021 |             

/Users/buddhirajgautam/Documents/Cherrygram-Mac/macOS-Swift/Telegram-Mac/WebpageModalController.swift:2680:65: warning: 'weak' ownership of capture 'window' differs from implicitly-captured strong reference in outer scope [#ImplicitStrongCapture]
2653 |         let context = self.context
2654 |         
2655 |         verifyAlert(for: window, header: title!, information: strings().webappDocumentDownloadInfo(bot.displayTitle, "**\(fileName)**\(fileSize)"), ok: strings().webappDocumentDownloadOK, successHandler: { [weak self] _ in
     |                                                                                                                                                                                                             |- note: 'window' implicitly strongly captured here
     |                                                                                                                                                                                                             `- note: add 'window' as a capture list item to silence
2656 |             
2657 |             self?.sendEvent(name: "file_download_requested", data: "{status: \"downloading\"}")
     :
2678 |             })
2679 |             
2680 |             _ = signal.startStandalone(next: { [weak self, weak window] result in
     |                                                                 |- warning: 'weak' ownership of capture 'window' differs from implicitly-captured strong reference in outer scope [#ImplicitStrongCapture]
     |                                                                 `- note: explicitly assign the capture list item to silence
2681 |                 guard let strongSelf = self, let window = window else {
2682 |                     return

/Users/buddhirajgautam/Documents/Cherrygram-Mac/macOS-Swift/Telegram-Mac/WebpageModalController.swift:2627:13: warning: variable 'isMedia' was written to, but never read
2625 | 
2626 |     private func downloadFile(url: String, fileName: String, fileSize: String, bot: Peer, window: Window) {
2627 |         var isMedia = true
     |             `- warning: variable 'isMedia' was written to, but never read
2628 |         var title: String?
2629 |         let photoExtensions = [".jpg", ".png", ".gif", ".tiff"]

/Users/buddhirajgautam/Documents/Cherrygram-Mac/macOS-Swift/Telegram-Mac/WebpageModalController.swift:2681:27: warning: immutable value 'strongSelf' was never used; consider replacing with '_' or removing it [#NoUsage]
2679 |             
2680 |             _ = signal.startStandalone(next: { [weak self, weak window] result in
2681 |                 guard let strongSelf = self, let window = window else {
     |                           `- warning: immutable value 'strongSelf' was never used; consider replacing with '_' or removing it [#NoUsage]
2682 |                     return
2683 |                 }

/Users/buddhirajgautam/Documents/Cherrygram-Mac/macOS-Swift/Telegram-Mac/UIInputView.swift:86:1: warning: extension declares a conformance of imported type 'Updated_ChatTextInputState' to imported protocol 'Equatable'; this will not behave correctly if the owners of 'InputView' introduce this conformance in the future
 84 | 
 85 | 
 86 | extension Updated_ChatTextInputState : Equatable {
    | |- warning: extension declares a conformance of imported type 'Updated_ChatTextInputState' to imported protocol 'Equatable'; this will not behave correctly if the owners of 'InputView' introduce this conformance in the future
    | `- note: add '@retroactive' to silence this warning
 87 |     func textInputState() -> ChatTextInputState {
 88 |         return .init(attributedText: self.inputText, selectionRange: self.selectionRange)

/Users/buddhirajgautam/Documents/Cherrygram-Mac/macOS-Swift/Telegram-Mac/PeerMediaPhotosController.swift:15:1: warning: extension declares a conformance of imported type 'Message' to imported protocol 'Equatable'; this will not behave correctly if the owners of 'Postbox' introduce this conformance in the future
 13 | import Postbox
 14 | import SwiftSignalKit
 15 | extension Message : Equatable {
    | |- warning: extension declares a conformance of imported type 'Message' to imported protocol 'Equatable'; this will not behave correctly if the owners of 'Postbox' introduce this conformance in the future
    | `- note: add '@retroactive' to silence this warning
 16 |     public static func ==(lhs: Message, rhs: Message) -> Bool {
 17 |         return isEqualMessages(lhs, rhs)

/Users/buddhirajgautam/Documents/Cherrygram-Mac/macOS-Swift/Telegram-Mac/ChatContactRowItem.swift:282:17: warning: variable 'x' was never mutated; consider changing to 'let' constant [#VariableNeverMutated]
280 |             phoneView.update(item.phoneLayout)
281 |             
282 |             var x: CGFloat = 0
    |                 `- warning: variable 'x' was never mutated; consider changing to 'let' constant [#VariableNeverMutated]
283 |             var y: CGFloat = 0
284 |             var width: CGFloat = 3

/Users/buddhirajgautam/Documents/Cherrygram-Mac/macOS-Swift/Telegram-Mac/ChatContactRowItem.swift:283:17: warning: variable 'y' was never mutated; consider changing to 'let' constant [#VariableNeverMutated]
281 |             
282 |             var x: CGFloat = 0
283 |             var y: CGFloat = 0
    |                 `- warning: variable 'y' was never mutated; consider changing to 'let' constant [#VariableNeverMutated]
284 |             var width: CGFloat = 3
285 |             var height: CGFloat = item.contentSize.height

/Users/buddhirajgautam/Documents/Cherrygram-Mac/macOS-Swift/Telegram-Mac/ChatContactRowItem.swift:284:17: warning: variable 'width' was never mutated; consider changing to 'let' constant [#VariableNeverMutated]
282 |             var x: CGFloat = 0
283 |             var y: CGFloat = 0
284 |             var width: CGFloat = 3
    |                 `- warning: variable 'width' was never mutated; consider changing to 'let' constant [#VariableNeverMutated]
285 |             var height: CGFloat = item.contentSize.height
286 |             var cornerRadius: CGFloat = 0

/Users/buddhirajgautam/Documents/Cherrygram-Mac/macOS-Swift/Telegram-Mac/ChatContactRowItem.swift:285:17: warning: variable 'height' was never mutated; consider changing to 'let' constant [#VariableNeverMutated]
283 |             var y: CGFloat = 0
284 |             var width: CGFloat = 3
285 |             var height: CGFloat = item.contentSize.height
    |                 `- warning: variable 'height' was never mutated; consider changing to 'let' constant [#VariableNeverMutated]
286 |             var cornerRadius: CGFloat = 0
287 |             

/Users/buddhirajgautam/Documents/Cherrygram-Mac/macOS-Swift/Telegram-Mac/ChatContactRowItem.swift:286:17: warning: variable 'cornerRadius' was never mutated; consider changing to 'let' constant [#VariableNeverMutated]
284 |             var width: CGFloat = 3
285 |             var height: CGFloat = item.contentSize.height
286 |             var cornerRadius: CGFloat = 0
    |                 `- warning: variable 'cornerRadius' was never mutated; consider changing to 'let' constant [#VariableNeverMutated]
287 |             
288 |             

/Users/buddhirajgautam/Documents/Cherrygram-Mac/macOS-Swift/Telegram-Mac/SavedPeersController.swift:93:9: warning: variable 'sectionId' was never mutated; consider changing to 'let' constant [#VariableNeverMutated]
 91 |     var entries:[InputDataEntry] = []
 92 |     
 93 |     var sectionId:Int32 = 0
    |         `- warning: variable 'sectionId' was never mutated; consider changing to 'let' constant [#VariableNeverMutated]
 94 |     var index: Int32 = 0
 95 |       

/Users/buddhirajgautam/Documents/Cherrygram-Mac/macOS-Swift/Telegram-Mac/SavedPeersController.swift:94:9: warning: variable 'index' was never mutated; consider changing to 'let' constant [#VariableNeverMutated]
 92 |     
 93 |     var sectionId:Int32 = 0
 94 |     var index: Int32 = 0
    |         `- warning: variable 'index' was never mutated; consider changing to 'let' constant [#VariableNeverMutated]
 95 |       
 96 |     struct Tuple : Equatable {

/Users/buddhirajgautam/Documents/Cherrygram-Mac/macOS-Swift/Telegram-Mac/ChatEmptyPeerItem.swift:27:12: warning: extraneous whitespace between attribute name and '('; this is an error in the Swift 6 language mode
 25 |     private(set) var linkText: TextViewLayout?
 26 |     
 27 |     private (set) var introInfo: TextViewLayout?
    |            `- warning: extraneous whitespace between attribute name and '('; this is an error in the Swift 6 language mode
 28 |     
 29 |     override var stableId: AnyHashable {

/Users/buddhirajgautam/Documents/Cherrygram-Mac/macOS-Swift/Telegram-Mac/LinkInvationController.swift:22:9: warning: 'Hashable.hashValue' is deprecated as a protocol requirement; conform type 'GroupLinkInvationEntryStableId' to 'Hashable' by implementing 'hash(into:)' instead [#DeprecatedDeclaration]
 20 |     case loading
 21 |     
 22 |     var hashValue: Int {
    |         `- warning: 'Hashable.hashValue' is deprecated as a protocol requirement; conform type 'GroupLinkInvationEntryStableId' to 'Hashable' by implementing 'hash(into:)' instead [#DeprecatedDeclaration]
 23 |         switch self {
 24 |         case let .section(id):

/Users/buddhirajgautam/Documents/Cherrygram-Mac/macOS-Swift/Telegram-Mac/MediaUtils.swift:1939:9: warning: 'Hashable.hashValue' is deprecated as a protocol requirement; conform type 'Corner' to 'Hashable' by implementing 'hash(into:)' instead [#DeprecatedDeclaration]
1937 |     case TopLeft(Int), TopRight(Int), BottomLeft(Int), BottomRight(Int)
1938 |     
1939 |     var hashValue: Int {
     |         `- warning: 'Hashable.hashValue' is deprecated as a protocol requirement; conform type 'Corner' to 'Hashable' by implementing 'hash(into:)' instead [#DeprecatedDeclaration]
1940 |         switch self {
1941 |         case let .TopLeft(radius):

/Users/buddhirajgautam/Documents/Cherrygram-Mac/macOS-Swift/Telegram-Mac/MediaUtils.swift:1972:9: warning: 'Hashable.hashValue' is deprecated as a protocol requirement; conform type 'Tail' to 'Hashable' by implementing 'hash(into:)' instead [#DeprecatedDeclaration]
1970 |     case BottomRight(Int)
1971 |     
1972 |     var hashValue: Int {
     |         `- warning: 'Hashable.hashValue' is deprecated as a protocol requirement; conform type 'Tail' to 'Hashable' by implementing 'hash(into:)' instead [#DeprecatedDeclaration]
1973 |         switch self {
1974 |         case let .BottomLeft(radius):

/Users/buddhirajgautam/Documents/Cherrygram-Mac/macOS-Swift/Telegram-Mac/ChannelMembersViewController.swift:58:9: warning: 'Hashable.hashValue' is deprecated as a protocol requirement; conform type 'ChannelMembersEntryStableId' to 'Hashable' by implementing 'hash(into:)' instead [#DeprecatedDeclaration]
 56 |     case contactsHeader
 57 |     case otherHeader
 58 |     var hashValue: Int {
    |         `- warning: 'Hashable.hashValue' is deprecated as a protocol requirement; conform type 'ChannelMembersEntryStableId' to 'Hashable' by implementing 'hash(into:)' instead [#DeprecatedDeclaration]
 59 |         switch self {
 60 |         case let .peer(peerId):

/Users/buddhirajgautam/Documents/Cherrygram-Mac/macOS-Swift/Telegram-Mac/MediaObjectToAvatar.swift:462:67: warning: 'AVVideoCodecH264' was deprecated in macOS 10.13: renamed to 'AVVideoCodecType.h264' [#DeprecatedDeclaration]
460 |     private let codec: String
461 |     
462 |     init(context: AccountContext, object: Object, codec: String = AVVideoCodecH264) {
    |                                                                   |- warning: 'AVVideoCodecH264' was deprecated in macOS 10.13: renamed to 'AVVideoCodecType.h264' [#DeprecatedDeclaration]
    |                                                                   `- note: use 'AVVideoCodecType.h264' instead
463 |         self.object = object
464 |         self.context = context

/Users/buddhirajgautam/Documents/Cherrygram-Mac/macOS-Swift/Telegram-Mac/StickerPackPreviewModalController.swift:55:1: warning: extension declares a conformance of imported type 'FeaturedStickerPackItem' to imported protocol 'Equatable'; this will not behave correctly if the owners of 'TelegramCore' introduce this conformance in the future
 53 | }
 54 | 
 55 | extension FeaturedStickerPackItem : Equatable {
    | |- warning: extension declares a conformance of imported type 'FeaturedStickerPackItem' to imported protocol 'Equatable'; this will not behave correctly if the owners of 'TelegramCore' introduce this conformance in the future
    | `- note: add '@retroactive' to silence this warning
 56 |     public static func == (lhs: FeaturedStickerPackItem, rhs: FeaturedStickerPackItem) -> Bool {
 57 |         return lhs.info == rhs.info && lhs.unread == rhs.unread && lhs.topItems == rhs.topItems

/Users/buddhirajgautam/Documents/Cherrygram-Mac/macOS-Swift/Telegram-Mac/GifKeyboardController.swift:129:9: warning: variable 'sectionId' was never mutated; consider changing to 'let' constant [#VariableNeverMutated]
127 |     
128 |     var index: Int32 = 0
129 |     var sectionId:Int32 = 0
    |         `- warning: variable 'sectionId' was never mutated; consider changing to 'let' constant [#VariableNeverMutated]
130 |     
131 |     entries.append(.custom(sectionId: sectionId, index: index, value: .none, identifier: .init("left"), equatable: nil, comparable: nil, item: { initialSize, stableId in

/Users/buddhirajgautam/Documents/Cherrygram-Mac/macOS-Swift/Telegram-Mac/GifKeyboardController.swift:174:9: warning: variable 'sectionId' was never mutated; consider changing to 'let' constant [#VariableNeverMutated]
172 |     var entries:[InputDataEntry] = []
173 |     
174 |     var sectionId:Int32 = 0
    |         `- warning: variable 'sectionId' was never mutated; consider changing to 'let' constant [#VariableNeverMutated]
175 |     var index: Int32 = 0
176 |         

/Users/buddhirajgautam/Documents/Cherrygram-Mac/macOS-Swift/Telegram-Mac/PersonalChannelController.swift:113:9: warning: variable 'index' was never mutated; consider changing to 'let' constant [#VariableNeverMutated]
111 |     
112 |     var sectionId:Int32 = 0
113 |     var index: Int32 = 0
    |         `- warning: variable 'index' was never mutated; consider changing to 'let' constant [#VariableNeverMutated]
114 |     
115 |     entries.append(.sectionId(sectionId, type: .normal))

/Users/buddhirajgautam/Documents/Cherrygram-Mac/macOS-Swift/Telegram-Mac/SelectGiftsModalController.swift:55:9: warning: variable 'index' was never mutated; consider changing to 'let' constant [#VariableNeverMutated]
 53 |     
 54 |     var sectionId:Int32 = 0
 55 |     var index: Int32 = 0
    |         `- warning: variable 'index' was never mutated; consider changing to 'let' constant [#VariableNeverMutated]
 56 |     
 57 |     entries.append(.sectionId(sectionId, type: .customModern(10)))

/Users/buddhirajgautam/Documents/Cherrygram-Mac/macOS-Swift/Telegram-Mac/InAppLinks.swift:112:1: warning: extension declares a conformance of imported type 'ResolvePeerResult' to imported protocol 'Equatable'; this will not behave correctly if the owners of 'TelegramCore' introduce this conformance in the future
 110 | }
 111 | 
 112 | extension ResolvePeerResult : Equatable {
     | |- warning: extension declares a conformance of imported type 'ResolvePeerResult' to imported protocol 'Equatable'; this will not behave correctly if the owners of 'TelegramCore' introduce this conformance in the future
     | `- note: add '@retroactive' to silence this warning
 113 |     var result: EnginePeer? {
 114 |         switch self {

/Users/buddhirajgautam/Documents/Cherrygram-Mac/macOS-Swift/Telegram-Mac/InAppLinks.swift:1351:34: warning: immutable value 'context' was never used; consider replacing with '_' or removing it [#NoUsage]
1349 |         }
1350 |         afterComplete(true)
1351 |     case let .restorePurchase(_, context):
     |                                  `- warning: immutable value 'context' was never used; consider replacing with '_' or removing it [#NoUsage]
1352 |         if let modal = findModal(PremiumBoardingController.self) {
1353 |             modal.restore()

/Users/buddhirajgautam/Documents/Cherrygram-Mac/macOS-Swift/Telegram-Mac/InAppLinks.swift:1445:34: warning: immutable value 'link' was never used; consider replacing with '_' or removing it [#NoUsage]
1443 |         })
1444 |         afterComplete(true)
1445 |     case .businessLink(link: let link, slug: let slug, context: let context):
     |                                  `- warning: immutable value 'link' was never used; consider replacing with '_' or removing it [#NoUsage]
1446 |         _ = showModalProgress(signal: context.engine.peers.resolveMessageLink(slug: slug), for: getWindow(context)).startStandalone(next: { link in
1447 |             if let link {

/Users/buddhirajgautam/Documents/Cherrygram-Mac/macOS-Swift/Telegram-Mac/InstalledStickerPacksController.swift:77:9: warning: 'Hashable.hashValue' is deprecated as a protocol requirement; conform type 'InstalledStickerPacksEntryId' to 'Hashable' by implementing 'hash(into:)' instead [#DeprecatedDeclaration]
 75 |     case pack(ItemCollectionId)
 76 |     
 77 |     var hashValue: Int {
    |         `- warning: 'Hashable.hashValue' is deprecated as a protocol requirement; conform type 'InstalledStickerPacksEntryId' to 'Hashable' by implementing 'hash(into:)' instead [#DeprecatedDeclaration]
 78 |         switch self {
 79 |         case let .index(index):

/Users/buddhirajgautam/Documents/Cherrygram-Mac/macOS-Swift/Telegram-Mac/ChatListFilterController.swift:675:22: warning: immutable value 'id' was never used; consider replacing with '_' or removing it [#NoUsage]
 673 |     case .allChats:
 674 |         break
 675 |     case let .filter(id, title, emoticon, data):
     |                      `- warning: immutable value 'id' was never used; consider replacing with '_' or removing it [#NoUsage]
 676 |         if data.categories.contains(.groups) {
 677 |             includePeers.insert(TelegramFilterCategory(category: .groups), at: 0)

/Users/buddhirajgautam/Documents/Cherrygram-Mac/macOS-Swift/Telegram-Mac/ChatListFilterController.swift:675:26: warning: immutable value 'title' was never used; consider replacing with '_' or removing it [#NoUsage]
 673 |     case .allChats:
 674 |         break
 675 |     case let .filter(id, title, emoticon, data):
     |                          `- warning: immutable value 'title' was never used; consider replacing with '_' or removing it [#NoUsage]
 676 |         if data.categories.contains(.groups) {
 677 |             includePeers.insert(TelegramFilterCategory(category: .groups), at: 0)

/Users/buddhirajgautam/Documents/Cherrygram-Mac/macOS-Swift/Telegram-Mac/ChatListFilterController.swift:675:33: warning: immutable value 'emoticon' was never used; consider replacing with '_' or removing it [#NoUsage]
 673 |     case .allChats:
 674 |         break
 675 |     case let .filter(id, title, emoticon, data):
     |                                 `- warning: immutable value 'emoticon' was never used; consider replacing with '_' or removing it [#NoUsage]
 676 |         if data.categories.contains(.groups) {
 677 |             includePeers.insert(TelegramFilterCategory(category: .groups), at: 0)

/Users/buddhirajgautam/Documents/Cherrygram-Mac/macOS-Swift/Telegram-Mac/FeaturedStickerPacksController.swift:36:9: warning: 'Hashable.hashValue' is deprecated as a protocol requirement; conform type 'FeaturedStickerPacksEntryId' to 'Hashable' by implementing 'hash(into:)' instead [#DeprecatedDeclaration]
 34 |     case pack(ItemCollectionId)
 35 |     case section(Int32)
 36 |     var hashValue: Int {
    |         `- warning: 'Hashable.hashValue' is deprecated as a protocol requirement; conform type 'FeaturedStickerPacksEntryId' to 'Hashable' by implementing 'hash(into:)' instead [#DeprecatedDeclaration]
 37 |         switch self {
 38 |         case let .pack(id):

/Users/buddhirajgautam/Documents/Cherrygram-Mac/macOS-Swift/Telegram-Mac/SelectBotRequestChat.swift:418:145: warning: 'weak' ownership of capture 'self' differs from implicitly-captured strong reference in outer scope [#ImplicitStrongCapture]
415 |                 button = ""
416 |             }
417 |             entries.append(.empty(GeneralRowItem.Theme(), nil, { initialSize, stableId in
    |                                                                |- note: 'self' implicitly strongly captured here
    |                                                                `- note: add 'self' as a capture list item to silence
418 |                 return SelectBotRequestEmptyItem(initialSize, stableId: stableId, requirements: requirements, button: button, callback: { [weak self] in
    |                                                                                                                                                 |- warning: 'weak' ownership of capture 'self' differs from implicitly-captured strong reference in outer scope [#ImplicitStrongCapture]
    |                                                                                                                                                 `- note: explicitly assign the capture list item to silence
419 |                     switch peerType {
420 |                     case .channel:

/Users/buddhirajgautam/Documents/Cherrygram-Mac/macOS-Swift/Telegram-Mac/SelectivePrivacySettingsPeersController.swift:37:9: warning: 'Hashable.hashValue' is deprecated as a protocol requirement; conform type 'SelectivePrivacyPeersEntryStableId' to 'Hashable' by implementing 'hash(into:)' instead [#DeprecatedDeclaration]
 35 |     case add
 36 |     case section(Int32)
 37 |     var hashValue: Int {
    |         `- warning: 'Hashable.hashValue' is deprecated as a protocol requirement; conform type 'SelectivePrivacyPeersEntryStableId' to 'Hashable' by implementing 'hash(into:)' instead [#DeprecatedDeclaration]
 38 |         switch self {
 39 |         case let .peer(peerId):

/Users/buddhirajgautam/Documents/Cherrygram-Mac/macOS-Swift/Telegram-Mac/Confetti.swift:241:23: warning: 'override' is implied when overriding a required initializer
239 |     }
240 |     
241 |     override required init(frame frameRect: NSRect) {
    |                       `- warning: 'override' is implied when overriding a required initializer
242 |         fatalError("init(frame:) has not been implemented")
243 |     }

TGUIKit.View.init:2:37: note: overridden required initializer is here
1 | class View {
2 | @MainActor override required public init(frame frameRect: NSRect)}
  |                                     `- note: overridden required initializer is here
3 | 

/Users/buddhirajgautam/Documents/Cherrygram-Mac/macOS-Swift/Telegram-Mac/ChatUrlPreviewModel.swift:18:12: warning: extraneous whitespace between attribute name and '('; this is an error in the Swift 6 language mode
16 |     private let webpageDisposable = MetaDisposable()
17 |     
18 |     private (set) var webpage: TelegramMediaWebpage
   |            `- warning: extraneous whitespace between attribute name and '('; this is an error in the Swift 6 language mode
19 |     private let url:String
20 |     init(context: AccountContext, webpage: TelegramMediaWebpage, url:String) {

/Users/buddhirajgautam/Documents/Cherrygram-Mac/macOS-Swift/Telegram-Mac/ChannelStatisticsController.swift:19:66: warning: 'WebView' was deprecated in macOS 10.14: No longer supported; please adopt WKWebView. [#DeprecatedDeclaration]
17 | 
18 | 
19 | class ChannelStatisticsController: TelegramGenericViewController<WebView> {
   |                                                                  `- warning: 'WebView' was deprecated in macOS 10.14: No longer supported; please adopt WKWebView. [#DeprecatedDeclaration]
20 |     private let peerId:PeerId
21 |     

/Users/buddhirajgautam/Documents/Cherrygram-Mac/macOS-Swift/Telegram-Mac/GroupStickerSetController.swift:36:9: warning: 'Hashable.hashValue' is deprecated as a protocol requirement; conform type 'GroupStickersetEntryId' to 'Hashable' by implementing 'hash(into:)' instead [#DeprecatedDeclaration]
 34 |     case pack(ItemCollectionId)
 35 |     
 36 |     var hashValue: Int {
    |         `- warning: 'Hashable.hashValue' is deprecated as a protocol requirement; conform type 'GroupStickersetEntryId' to 'Hashable' by implementing 'hash(into:)' instead [#DeprecatedDeclaration]
 37 |         return 0
 38 |     }

/Users/buddhirajgautam/Documents/Cherrygram-Mac/macOS-Swift/Telegram-Mac/SimilarChannelsController.swift:41:9: warning: variable 'index' was never mutated; consider changing to 'let' constant [#VariableNeverMutated]
 39 |     
 40 |     var sectionId:Int32 = 0
 41 |     var index: Int32 = 0
    |         `- warning: variable 'index' was never mutated; consider changing to 'let' constant [#VariableNeverMutated]
 42 |         
 43 |     if let channels = state.channels {

/Users/buddhirajgautam/Documents/Cherrygram-Mac/macOS-Swift/Telegram-Mac/EmojiesController.swift:140:15: warning: unnecessary check for 'macOS'; enclosing scope ensures guard will always be true [#UselessAvailabilityCheck]
 136 |     } else if #available(OSX 14.0, *) {
 137 |         resource = Bundle.main.url(forResource:"emoji14", withExtension:"txt")
 138 |     } else if #available(OSX 11.1, *) {
     |            `- note: enclosing scope here
 139 |         resource = Bundle.main.url(forResource:"emoji1016", withExtension:"txt")
 140 |     } else if #available(OSX 10.14.1, *) {
     |               `- warning: unnecessary check for 'macOS'; enclosing scope ensures guard will always be true [#UselessAvailabilityCheck]
 141 |         resource = Bundle.main.url(forResource:"emoji1014", withExtension:"txt")
 142 |     } else {

/Users/buddhirajgautam/Documents/Cherrygram-Mac/macOS-Swift/Telegram-Mac/EmojiesController.swift:936:1: warning: extension declares a conformance of imported type 'Group' to imported protocols 'Identifiable', 'Comparable'; this will not behave correctly if the owners of 'TelegramCore' introduce this conformance in the future
 934 | }
 935 | 
 936 | extension EmojiSearchCategories.Group : Identifiable, Comparable {
     | |- warning: extension declares a conformance of imported type 'Group' to imported protocols 'Identifiable', 'Comparable'; this will not behave correctly if the owners of 'TelegramCore' introduce this conformance in the future
     | `- note: add '@retroactive' to silence this warning
 937 |     public static func < (lhs: EmojiSearchCategories.Group, rhs: EmojiSearchCategories.Group) -> Bool {
 938 |         return false

/Users/buddhirajgautam/Documents/Cherrygram-Mac/macOS-Swift/Telegram-Mac/EmojiesController.swift:493:9: warning: variable 'sectionId' was never mutated; consider changing to 'let' constant [#VariableNeverMutated]
 491 |     var entries:[InputDataEntry] = []
 492 |     
 493 |     var sectionId:Int32 = 0
     |         `- warning: variable 'sectionId' was never mutated; consider changing to 'let' constant [#VariableNeverMutated]
 494 |     
 495 |     var index: Int32 = 0

/Users/buddhirajgautam/Documents/Cherrygram-Mac/macOS-Swift/Telegram-Mac/PeerInfoHeadItem.swift:93:1: warning: extension declares a conformance of imported type 'TelegramPeerPhoto' to imported protocol 'Equatable'; this will not behave correctly if the owners of 'TelegramCore' introduce this conformance in the future
  91 | }
  92 | 
  93 | extension TelegramPeerPhoto : Equatable {
     | |- warning: extension declares a conformance of imported type 'TelegramPeerPhoto' to imported protocol 'Equatable'; this will not behave correctly if the owners of 'TelegramCore' introduce this conformance in the future
     | `- note: add '@retroactive' to silence this warning
  94 |     public static func ==(lhs: TelegramPeerPhoto, rhs: TelegramPeerPhoto) -> Bool {
  95 |         if lhs.date != rhs.date {

/Users/buddhirajgautam/Documents/Cherrygram-Mac/macOS-Swift/Telegram-Mac/AuthController.swift:21:1: warning: extension declares a conformance of imported type 'AuthTransferExportedToken' to imported protocol 'Equatable'; this will not behave correctly if the owners of 'TelegramCore' introduce this conformance in the future
  19 | private let languageKey: String = "Login.ContinueOnLanguage"
  20 | 
  21 | extension AuthTransferExportedToken : Equatable {
     | |- warning: extension declares a conformance of imported type 'AuthTransferExportedToken' to imported protocol 'Equatable'; this will not behave correctly if the owners of 'TelegramCore' introduce this conformance in the future
     | `- note: add '@retroactive' to silence this warning
  22 |     public static func == (lhs: AuthTransferExportedToken, rhs: AuthTransferExportedToken) -> Bool {
  23 |         return lhs.value == rhs.value && lhs.validUntil == rhs.validUntil

/Users/buddhirajgautam/Documents/Cherrygram-Mac/macOS-Swift/Telegram-Mac/AuthController.swift:26:1: warning: extension declares a conformance of imported type 'AuthorizationCodeRequestError' to imported protocol 'Equatable'; this will not behave correctly if the owners of 'TelegramCore' introduce this conformance in the future
  24 |     }
  25 | }
  26 | extension AuthorizationCodeRequestError : Equatable {
     | |- warning: extension declares a conformance of imported type 'AuthorizationCodeRequestError' to imported protocol 'Equatable'; this will not behave correctly if the owners of 'TelegramCore' introduce this conformance in the future
     | `- note: add '@retroactive' to silence this warning
  27 |     public static func == (lhs: AuthorizationCodeRequestError, rhs: AuthorizationCodeRequestError) -> Bool {
  28 |         switch lhs {

/Users/buddhirajgautam/Documents/Cherrygram-Mac/macOS-Swift/Telegram-Mac/AuthController.swift:64:1: warning: extension declares a conformance of imported type 'ExportAuthTransferTokenResult' to imported protocol 'Equatable'; this will not behave correctly if the owners of 'TelegramCore' introduce this conformance in the future
  62 | }
  63 | 
  64 | extension ExportAuthTransferTokenResult : Equatable {
     | |- warning: extension declares a conformance of imported type 'ExportAuthTransferTokenResult' to imported protocol 'Equatable'; this will not behave correctly if the owners of 'TelegramCore' introduce this conformance in the future
     | `- note: add '@retroactive' to silence this warning
  65 |     public static func == (lhs: ExportAuthTransferTokenResult, rhs: ExportAuthTransferTokenResult) -> Bool {
  66 |         switch lhs {

/Users/buddhirajgautam/Documents/Cherrygram-Mac/macOS-Swift/Telegram-Mac/StoryViewersModalController.swift:552:9: warning: variable 'sectionId' was never mutated; consider changing to 'let' constant [#VariableNeverMutated]
 550 |     var entries:[InputDataEntry] = []
 551 |     
 552 |     var sectionId:Int32 = 0
     |         `- warning: variable 'sectionId' was never mutated; consider changing to 'let' constant [#VariableNeverMutated]
 553 |     var index: Int32 = 0
 554 |     

/Users/buddhirajgautam/Documents/Cherrygram-Mac/macOS-Swift/Telegram-Mac/StoryViewersModalController.swift:564:9: warning: variable 'needToLoad' was never used; consider replacing with '_' or removing it [#NoUsage]
 562 |     }
 563 |   
 564 |     var needToLoad: Bool = true
     |         `- warning: variable 'needToLoad' was never used; consider replacing with '_' or removing it [#NoUsage]
 565 |     
 566 |     var views = state.views

/Users/buddhirajgautam/Documents/Cherrygram-Mac/macOS-Swift/Telegram-Mac/ArchivedStickerPacksController.swift:35:9: warning: 'Hashable.hashValue' is deprecated as a protocol requirement; conform type 'ArchivedStickerPacksEntryId' to 'Hashable' by implementing 'hash(into:)' instead [#DeprecatedDeclaration]
 33 |     case pack(ItemCollectionId)
 34 |     case loading
 35 |     var hashValue: Int {
    |         `- warning: 'Hashable.hashValue' is deprecated as a protocol requirement; conform type 'ArchivedStickerPacksEntryId' to 'Hashable' by implementing 'hash(into:)' instead [#DeprecatedDeclaration]
 36 |         switch self {
 37 |         case let .index(index):

/Users/buddhirajgautam/Documents/Cherrygram-Mac/macOS-Swift/Telegram-Mac/UNUserNotifications.swift:136:30: warning: 'NSUserNotification' was deprecated in macOS 11.0: All NSUserNotifications API should be replaced with UserNotifications.frameworks API [#DeprecatedDeclaration]
134 |     }
135 |     
136 |     func add(_ notification: NSUserNotification) -> Void {
    |                              `- warning: 'NSUserNotification' was deprecated in macOS 11.0: All NSUserNotifications API should be replaced with UserNotifications.frameworks API [#DeprecatedDeclaration]
137 |         
138 |     }

/Users/buddhirajgautam/Documents/Cherrygram-Mac/macOS-Swift/Telegram-Mac/UNUserNotifications.swift:157:43: warning: 'NSUserNotificationCenter' was deprecated in macOS 11.0: All NSUserNotifications API should be replaced with UserNotifications.frameworks API [#DeprecatedDeclaration]
155 | 
156 | final class UNUserNotificationsOld : UNUserNotifications, NSUserNotificationCenterDelegate {
157 |     func userNotificationCenter(_ center: NSUserNotificationCenter, didDeliver notification: NSUserNotification) {
    |                                           `- warning: 'NSUserNotificationCenter' was deprecated in macOS 11.0: All NSUserNotifications API should be replaced with UserNotifications.frameworks API [#DeprecatedDeclaration]
158 |         
159 |         let window: Window?

/Users/buddhirajgautam/Documents/Cherrygram-Mac/macOS-Swift/Telegram-Mac/UNUserNotifications.swift:157:94: warning: 'NSUserNotification' was deprecated in macOS 11.0: All NSUserNotifications API should be replaced with UserNotifications.frameworks API [#DeprecatedDeclaration]
155 | 
156 | final class UNUserNotificationsOld : UNUserNotifications, NSUserNotificationCenterDelegate {
157 |     func userNotificationCenter(_ center: NSUserNotificationCenter, didDeliver notification: NSUserNotification) {
    |                                                                                              `- warning: 'NSUserNotification' was deprecated in macOS 11.0: All NSUserNotifications API should be replaced with UserNotifications.frameworks API [#DeprecatedDeclaration]
158 |         
159 |         let window: Window?

/Users/buddhirajgautam/Documents/Cherrygram-Mac/macOS-Swift/Telegram-Mac/UNUserNotifications.swift:187:49: warning: 'NSUserNotificationCenter' was deprecated in macOS 11.0: All NSUserNotifications API should be replaced with UserNotifications.frameworks API [#DeprecatedDeclaration]
185 |     
186 | 
187 |     @objc func userNotificationCenter(_ center: NSUserNotificationCenter, didDismissAlert notification: NSUserNotification) {
    |                                                 `- warning: 'NSUserNotificationCenter' was deprecated in macOS 11.0: All NSUserNotifications API should be replaced with UserNotifications.frameworks API [#DeprecatedDeclaration]
188 |         if let userInfo = notification.userInfo, let timestamp = userInfo["timestamp"] as? Int32, let _ = userInfo["accountId"] as? Int64, let messageId = getNotificationMessageId(userInfo: userInfo, for: "reply") {
189 |             

/Users/buddhirajgautam/Documents/Cherrygram-Mac/macOS-Swift/Telegram-Mac/UNUserNotifications.swift:187:105: warning: 'NSUserNotification' was deprecated in macOS 11.0: All NSUserNotifications API should be replaced with UserNotifications.frameworks API [#DeprecatedDeclaration]
185 |     
186 | 
187 |     @objc func userNotificationCenter(_ center: NSUserNotificationCenter, didDismissAlert notification: NSUserNotification) {
    |                                                                                                         `- warning: 'NSUserNotification' was deprecated in macOS 11.0: All NSUserNotifications API should be replaced with UserNotifications.frameworks API [#DeprecatedDeclaration]
188 |         if let userInfo = notification.userInfo, let timestamp = userInfo["timestamp"] as? Int32, let _ = userInfo["accountId"] as? Int64, let messageId = getNotificationMessageId(userInfo: userInfo, for: "reply") {
189 |             

/Users/buddhirajgautam/Documents/Cherrygram-Mac/macOS-Swift/Telegram-Mac/UNUserNotifications.swift:194:43: warning: 'NSUserNotificationCenter' was deprecated in macOS 11.0: All NSUserNotifications API should be replaced with UserNotifications.frameworks API [#DeprecatedDeclaration]
192 |     }
193 |     
194 |     func userNotificationCenter(_ center: NSUserNotificationCenter, didActivate notification: NSUserNotification) {
    |                                           `- warning: 'NSUserNotificationCenter' was deprecated in macOS 11.0: All NSUserNotifications API should be replaced with UserNotifications.frameworks API [#DeprecatedDeclaration]
195 |         center.removeDeliveredNotification(notification)
196 |     }

/Users/buddhirajgautam/Documents/Cherrygram-Mac/macOS-Swift/Telegram-Mac/UNUserNotifications.swift:194:95: warning: 'NSUserNotification' was deprecated in macOS 11.0: All NSUserNotifications API should be replaced with UserNotifications.frameworks API [#DeprecatedDeclaration]
192 |     }
193 |     
194 |     func userNotificationCenter(_ center: NSUserNotificationCenter, didActivate notification: NSUserNotification) {
    |                                                                                               `- warning: 'NSUserNotification' was deprecated in macOS 11.0: All NSUserNotifications API should be replaced with UserNotifications.frameworks API [#DeprecatedDeclaration]
195 |         center.removeDeliveredNotification(notification)
196 |     }

/Users/buddhirajgautam/Documents/Cherrygram-Mac/macOS-Swift/Telegram-Mac/UNUserNotifications.swift:238:39: warning: 'NSUserNotification' was deprecated in macOS 11.0: All NSUserNotifications API should be replaced with UserNotifications.frameworks API [#DeprecatedDeclaration]
236 |     }
237 |     
238 |     override func add(_ notification: NSUserNotification) -> Void {
    |                                       `- warning: 'NSUserNotification' was deprecated in macOS 11.0: All NSUserNotifications API should be replaced with UserNotifications.frameworks API [#DeprecatedDeclaration]
239 |         NSUserNotificationCenter.default.deliver(notification)
240 |     }

/Users/buddhirajgautam/Documents/Cherrygram-Mac/macOS-Swift/Telegram-Mac/UNUserNotifications.swift:291:39: warning: 'NSUserNotification' was deprecated in macOS 11.0: All NSUserNotifications API should be replaced with UserNotifications.frameworks API [#DeprecatedDeclaration]
289 |         }
290 |     }
291 |     override func add(_ notification: NSUserNotification) -> Void {
    |                                       `- warning: 'NSUserNotification' was deprecated in macOS 11.0: All NSUserNotifications API should be replaced with UserNotifications.frameworks API [#DeprecatedDeclaration]
292 |         let content = UNMutableNotificationContent()
293 |         content.title = notification.title ?? ""

/Users/buddhirajgautam/Documents/Cherrygram-Mac/macOS-Swift/Telegram-Mac/WebappBrowser.swift:833:1: warning: extension declares a conformance of imported type 'RequestWebViewResult' to imported protocol 'Equatable'; this will not behave correctly if the owners of 'TelegramCore' introduce this conformance in the future
 831 | }
 832 | 
 833 | extension RequestWebViewResult : Equatable {
     | |- warning: extension declares a conformance of imported type 'RequestWebViewResult' to imported protocol 'Equatable'; this will not behave correctly if the owners of 'TelegramCore' introduce this conformance in the future
     | `- note: add '@retroactive' to silence this warning
 834 |     public static func == (lhs: RequestWebViewResult, rhs: RequestWebViewResult) -> Bool {
 835 |         return lhs.queryId == rhs.queryId  && lhs.flags == rhs.flags && lhs.url == rhs.url

/Users/buddhirajgautam/Documents/Cherrygram-Mac/macOS-Swift/Telegram-Mac/ArchiverContext.swift:42:9: warning: 'Hashable.hashValue' is deprecated as a protocol requirement; conform type 'ArchiveSource' to 'Hashable' by implementing 'hash(into:)' instead [#DeprecatedDeclaration]
 40 |     
 41 |     
 42 |     var hashValue: Int {
    |         `- warning: 'Hashable.hashValue' is deprecated as a protocol requirement; conform type 'ArchiveSource' to 'Hashable' by implementing 'hash(into:)' instead [#DeprecatedDeclaration]
 43 |         switch self {
 44 |         case let .resource(resource):

/Users/buddhirajgautam/Documents/Cherrygram-Mac/macOS-Swift/Telegram-Mac/RecentSessionsController.swift:96:9: warning: 'Hashable.hashValue' is deprecated as a protocol requirement; conform type 'RecentSessionsEntryStableId' to 'Hashable' by implementing 'hash(into:)' instead [#DeprecatedDeclaration]
 94 |     case index(Int32)
 95 |     case section(Int)
 96 |     var hashValue: Int {
    |         `- warning: 'Hashable.hashValue' is deprecated as a protocol requirement; conform type 'RecentSessionsEntryStableId' to 'Hashable' by implementing 'hash(into:)' instead [#DeprecatedDeclaration]
 97 |         switch self {
 98 |         case let .session(hash):

/Users/buddhirajgautam/Documents/Cherrygram-Mac/macOS-Swift/Telegram-Mac/WebSessionsController.swift:35:9: warning: 'Hashable.hashValue' is deprecated as a protocol requirement; conform type 'WebSessionEntryStableId' to 'Hashable' by implementing 'hash(into:)' instead [#DeprecatedDeclaration]
 33 |     case loadingId
 34 |     case sectionId(Int32)
 35 |     var hashValue: Int {
    |         `- warning: 'Hashable.hashValue' is deprecated as a protocol requirement; conform type 'WebSessionEntryStableId' to 'Hashable' by implementing 'hash(into:)' instead [#DeprecatedDeclaration]
 36 |         switch self {
 37 |         case let .sectionId(id):

/Users/buddhirajgautam/Documents/Cherrygram-Mac/macOS-Swift/Telegram-Mac/SimilarBotsController.swift:41:9: warning: variable 'index' was never mutated; consider changing to 'let' constant [#VariableNeverMutated]
 39 |     
 40 |     var sectionId:Int32 = 0
 41 |     var index: Int32 = 0
    |         `- warning: variable 'index' was never mutated; consider changing to 'let' constant [#VariableNeverMutated]
 42 |         
 43 |     if let bots = state.bots {

/Users/buddhirajgautam/Documents/Cherrygram-Mac/macOS-Swift/Telegram-Mac/AppDelegate.swift:206:1: warning: extension declares a conformance of imported type 'RLottieBridge' to imported protocol 'R_LottieBridge'; this will not behave correctly if the owners of 'RLottie' introduce this conformance in the future
 204 | }
 205 | 
 206 | extension RLottieBridge : R_LottieBridge {
     | |- warning: extension declares a conformance of imported type 'RLottieBridge' to imported protocol 'R_LottieBridge'; this will not behave correctly if the owners of 'RLottie' introduce this conformance in the future
     | `- note: add '@retroactive' to silence this warning
 207 |    
 208 | }

/Users/buddhirajgautam/Documents/Cherrygram-Mac/macOS-Swift/Telegram-Mac/FragmentMonetizationController.swift:803:19: warning: left side of nil coalescing operator '??' has non-optional type '[Star_Transaction]', so the right side is never used
 801 |                     
 802 |                     return Star_Transaction(id: value.id, currency: value.count.currency, amount: value.count.amount, date: value.date, name: "", peer: botPeer, type: type, native: value)
 803 |                 } ?? []
     |                   `- warning: left side of nil coalescing operator '??' has non-optional type '[Star_Transaction]', so the right side is never used
 804 |                 
 805 |                 current.transactionsState = transactions

/Users/buddhirajgautam/Documents/Cherrygram-Mac/macOS-Swift/Telegram-Mac/CoreExtension.swift:1767:45: warning: conformance of 'TwoStepVerificationPendingEmail' to protocol 'Equatable' was already stated in the type's module 'TelegramCore'
1765 |     }
1766 | }
1767 | extension TwoStepVerificationPendingEmail : Equatable {
     |                                             `- warning: conformance of 'TwoStepVerificationPendingEmail' to protocol 'Equatable' was already stated in the type's module 'TelegramCore'
1768 |     public static func == (lhs: TwoStepVerificationPendingEmail, rhs: TwoStepVerificationPendingEmail) -> Bool {
     |                        `- note: operator function '==' will not be used to satisfy the conformance to 'Equatable'
1769 |         return lhs.codeLength == rhs.codeLength && lhs.pattern == rhs.pattern
1770 |     }

TelegramCore.TwoStepVerificationPendingEmail:1:15: note: 'TwoStepVerificationPendingEmail' declares conformance to protocol 'Equatable' here
1 | public struct TwoStepVerificationPendingEmail : Equatable {
  |               `- note: 'TwoStepVerificationPendingEmail' declares conformance to protocol 'Equatable' here
2 |     public let pattern: String
3 |     public let codeLength: Int32?

/Users/buddhirajgautam/Documents/Cherrygram-Mac/macOS-Swift/Telegram-Mac/CoreExtension.swift:1775:1: warning: extension declares a conformance of imported type 'UpdateTwoStepVerificationPasswordResult' to imported protocol 'Equatable'; this will not behave correctly if the owners of 'TelegramCore' introduce this conformance in the future
1773 | }
1774 | 
1775 | extension UpdateTwoStepVerificationPasswordResult : Equatable {
     | |- warning: extension declares a conformance of imported type 'UpdateTwoStepVerificationPasswordResult' to imported protocol 'Equatable'; this will not behave correctly if the owners of 'TelegramCore' introduce this conformance in the future
     | `- note: add '@retroactive' to silence this warning
1776 |     public static func ==(lhs: UpdateTwoStepVerificationPasswordResult, rhs: UpdateTwoStepVerificationPasswordResult) -> Bool {
1777 |         switch lhs {

/Users/buddhirajgautam/Documents/Cherrygram-Mac/macOS-Swift/Telegram-Mac/CoreExtension.swift:3441:1: warning: extension declares a conformance of imported type 'LocalFileReferenceMediaResource' to imported protocol 'Equatable'; this will not behave correctly if the owners of 'TelegramCore' introduce this conformance in the future
3439 | }
3440 | 
3441 | extension LocalFileReferenceMediaResource : Equatable {
     | |- warning: extension declares a conformance of imported type 'LocalFileReferenceMediaResource' to imported protocol 'Equatable'; this will not behave correctly if the owners of 'TelegramCore' introduce this conformance in the future
     | `- note: add '@retroactive' to silence this warning
3442 |     public static func ==(lhs: LocalFileReferenceMediaResource, rhs: LocalFileReferenceMediaResource) -> Bool {
3443 |         return lhs.isEqual(to: rhs)

/Users/buddhirajgautam/Documents/Cherrygram-Mac/macOS-Swift/Telegram-Mac/RestictedModalViewController.swift:42:9: warning: 'Hashable.hashValue' is deprecated as a protocol requirement; conform type 'RestrictedEntryStableId' to 'Hashable' by implementing 'hash(into:)' instead [#DeprecatedDeclaration]
 40 |     case exceptionInfo
 41 |     case delete
 42 |     var hashValue: Int {
    |         `- warning: 'Hashable.hashValue' is deprecated as a protocol requirement; conform type 'RestrictedEntryStableId' to 'Hashable' by implementing 'hash(into:)' instead [#DeprecatedDeclaration]
 43 |         return 0
 44 |     }

/Users/buddhirajgautam/Documents/Cherrygram-Mac/macOS-Swift/Telegram-Mac/SelectStoryModalController.swift:41:9: warning: variable 'sectionId' was never mutated; consider changing to 'let' constant [#VariableNeverMutated]
 39 |     var entries:[InputDataEntry] = []
 40 |     
 41 |     var sectionId:Int32 = 0
    |         `- warning: variable 'sectionId' was never mutated; consider changing to 'let' constant [#VariableNeverMutated]
 42 |     var index: Int32 = 0
 43 |     

/Users/buddhirajgautam/Documents/Cherrygram-Mac/macOS-Swift/Telegram-Mac/SelectStoryModalController.swift:42:9: warning: variable 'index' was never mutated; consider changing to 'let' constant [#VariableNeverMutated]
 40 |     
 41 |     var sectionId:Int32 = 0
 42 |     var index: Int32 = 0
    |         `- warning: variable 'index' was never mutated; consider changing to 'let' constant [#VariableNeverMutated]
 43 |     
 44 | //    entries.append(.sectionId(sectionId, type: .normal))

/Users/buddhirajgautam/Documents/Cherrygram-Mac/macOS-Swift/Telegram-Mac/SecureIdVerificationDocument.swift:67:9: warning: 'Hashable.hashValue' is deprecated as a protocol requirement; conform type 'SecureIdVerificationDocumentId' to 'Hashable' by implementing 'hash(into:)' instead [#DeprecatedDeclaration]
 65 |     }
 66 |     
 67 |     var hashValue: Int {
    |         `- warning: 'Hashable.hashValue' is deprecated as a protocol requirement; conform type 'SecureIdVerificationDocumentId' to 'Hashable' by implementing 'hash(into:)' instead [#DeprecatedDeclaration]
 68 |         switch self {
 69 |             case let .local(id):

/Users/buddhirajgautam/Documents/Cherrygram-Mac/macOS-Swift/Telegram-Mac/PremiumGiftingController.swift:512:9: warning: variable 'i' was never used; consider replacing with '_' or removing it [#NoUsage]
510 |     var paymentOptions: [PaymentTuple] = []
511 |     
512 |     var i: Int32 = 0
    |         `- warning: variable 'i' was never used; consider replacing with '_' or removing it [#NoUsage]
513 |     var existingMonths = Set<Int32>()
514 |     

/Users/buddhirajgautam/Documents/Cherrygram-Mac/macOS-Swift/Telegram-Mac/SharedNotificationManager.swift:586:48: warning: 'NSUserNotification' was deprecated in macOS 11.0: All NSUserNotifications API should be replaced with UserNotifications.frameworks API [#DeprecatedDeclaration]
584 |                             }
585 |                             
586 |                             let notification = NSUserNotification()
    |                                                `- warning: 'NSUserNotification' was deprecated in macOS 11.0: All NSUserNotifications API should be replaced with UserNotifications.frameworks API [#DeprecatedDeclaration]
587 |                             
588 |                             notification.identifier = "msg_\(message.id.string)"

/Users/buddhirajgautam/Documents/Cherrygram-Mac/macOS-Swift/Telegram-Mac/LocationModalController.swift:479:1: warning: extension declares a conformance of imported type 'CLLocationCoordinate2D' to imported protocol 'Equatable'; this will not behave correctly if the owners of '_LocationEssentials' introduce this conformance in the future
477 | }
478 | 
479 | extension CLLocationCoordinate2D : Equatable {
    | |- warning: extension declares a conformance of imported type 'CLLocationCoordinate2D' to imported protocol 'Equatable'; this will not behave correctly if the owners of '_LocationEssentials' introduce this conformance in the future
    | `- note: add '@retroactive' to silence this warning
480 |     public static func == (lhs: CLLocationCoordinate2D, rhs: CLLocationCoordinate2D) -> Bool {
481 |         return lhs.latitude == rhs.latitude && lhs.longitude == rhs.longitude

/Users/buddhirajgautam/Documents/Cherrygram-Mac/macOS-Swift/Telegram-Mac/GiveawayModalController.swift:682:25: warning: variable 'sizes' was never mutated; consider changing to 'let' constant [#VariableNeverMutated]
 680 |             if state.type == .stars, let starOptions = state.selectedStarOption, let selectedWinner = state.selectedWinner {
 681 |                 item = { initialSize, stableId in
 682 |                     var sizes: [Int32] = starOptions.native.winners.map { $0.users }
     |                         `- warning: variable 'sizes' was never mutated; consider changing to 'let' constant [#VariableNeverMutated]
 683 |                     return SelectSizeRowItem(initialSize, stableId: stableId, current: selectedWinner.users, sizes: sizes, hasMarkers: false, titles: sizes.map { "\($0)" }, viewType: .singleItem, selectAction: { index in
 684 |                         arguments.updateStarWinners(starOptions.native.winners[index])

/Users/buddhirajgautam/Documents/Cherrygram-Mac/macOS-Swift/Telegram-Mac/GiveawayModalController.swift:727:13: warning: variable 'channels' was never mutated; consider changing to 'let' constant [#VariableNeverMutated]
 725 |         index += 1
 726 |         
 727 |         var channels: [PeerEquatable] = state.channels
     |             `- warning: variable 'channels' was never mutated; consider changing to 'let' constant [#VariableNeverMutated]
 728 |         
 729 |         struct ChannelTuple: Equatable {

/Users/buddhirajgautam/Documents/Cherrygram-Mac/macOS-Swift/Telegram-Mac/GiveawayModalController.swift:911:13: warning: variable 'i' was never used; consider replacing with '_' or removing it [#NoUsage]
 909 |         var paymentOptions: [PaymentTuple] = []
 910 |         
 911 |         var i: Int32 = 0
     |             `- warning: variable 'i' was never used; consider replacing with '_' or removing it [#NoUsage]
 912 |         var existingMonths = Set<Int32>()
 913 |         

/Users/buddhirajgautam/Documents/Cherrygram-Mac/macOS-Swift/Telegram-Mac/InstantPageDetailsItem.swift:348:12: warning: extraneous whitespace between attribute name and '('; this is an error in the Swift 6 language mode
346 |         }
347 |     }
348 |     private (set) var open: Bool
    |            `- warning: extraneous whitespace between attribute name and '('; this is an error in the Swift 6 language mode
349 |     
350 |     private var progress: CGFloat = 0.0

/Users/buddhirajgautam/Documents/Cherrygram-Mac/macOS-Swift/Telegram-Mac/InstantPageScrollableItem.swift:8:37: warning: using 'class' keyword to define a class-constrained protocol is deprecated; use 'AnyObject' instead [#deprecation]
  6 | import TGUIKit
  7 | 
  8 | protocol InstantPageScrollableItem: class, InstantPageItem {
    |                                     `- warning: using 'class' keyword to define a class-constrained protocol is deprecated; use 'AnyObject' instead [#deprecation]
  9 |     var contentSize: CGSize { get }
 10 |     var horizontalInset: CGFloat { get }

/Users/buddhirajgautam/Documents/Cherrygram-Mac/macOS-Swift/Telegram-Mac/StorageUsage_Block_MediaList.swift:87:9: warning: variable 'index' was never mutated; consider changing to 'let' constant [#VariableNeverMutated]
 85 |     
 86 |     var sectionId:Int32 = 0
 87 |     var index: Int32 = 0
    |         `- warning: variable 'index' was never mutated; consider changing to 'let' constant [#VariableNeverMutated]
 88 |     
 89 |     let sizes:[EngineMessage.Id : Int64] = state.msgSizes

/Users/buddhirajgautam/Documents/Cherrygram-Mac/macOS-Swift/Telegram-Mac/ExternalVideoLoader.swift:62:16: warning: 'Hashable.hashValue' is deprecated as a protocol requirement; conform type 'WrappedExternalVideoId' to 'Hashable' by implementing 'hash(into:)' instead [#DeprecatedDeclaration]
 60 |     }
 61 |     
 62 |     public var hashValue: Int {
    |                `- warning: 'Hashable.hashValue' is deprecated as a protocol requirement; conform type 'WrappedExternalVideoId' to 'Hashable' by implementing 'hash(into:)' instead [#DeprecatedDeclaration]
 63 |         return self.id.hashValue
 64 |     }

/Users/buddhirajgautam/Documents/Cherrygram-Mac/macOS-Swift/Telegram-Mac/InputDataControllerEntries.swift:26:9: warning: 'Hashable.hashValue' is deprecated as a protocol requirement; conform type 'InputDataEntryId' to 'Hashable' by implementing 'hash(into:)' instead [#DeprecatedDeclaration]
 24 |     case loading
 25 |     case sectionId(Int32)
 26 |     var hashValue: Int {
    |         `- warning: 'Hashable.hashValue' is deprecated as a protocol requirement; conform type 'InputDataEntryId' to 'Hashable' by implementing 'hash(into:)' instead [#DeprecatedDeclaration]
 27 |         return 0
 28 |     }

/Users/buddhirajgautam/Documents/Cherrygram-Mac/macOS-Swift/Telegram-Mac/ChatInteractiveContentView.swift:18:1: warning: extension declares a conformance of imported type 'AutoremoveTimeoutMessageAttribute' to imported protocol 'Equatable'; this will not behave correctly if the owners of 'TelegramCore' introduce this conformance in the future
  16 | import TelegramMediaPlayer
  17 | 
  18 | extension AutoremoveTimeoutMessageAttribute : Equatable {
     | |- warning: extension declares a conformance of imported type 'AutoremoveTimeoutMessageAttribute' to imported protocol 'Equatable'; this will not behave correctly if the owners of 'TelegramCore' introduce this conformance in the future
     | `- note: add '@retroactive' to silence this warning
  19 |     public static func == (lhs: AutoremoveTimeoutMessageAttribute, rhs: AutoremoveTimeoutMessageAttribute) -> Bool {
  20 |         return lhs.timeout == rhs.timeout && lhs.countdownBeginTime == rhs.countdownBeginTime && lhs.associatedMessageIds == rhs.associatedMessageIds

/Users/buddhirajgautam/Documents/Cherrygram-Mac/macOS-Swift/Telegram-Mac/ChannelEventLogItem.swift:401:101: warning: immutable value 'prevSubscriptionUntilDate' was never used; consider replacing with '_' or removing it [#NoUsage]
 399 |             case let .participantToggleAdmin(prev, new):
 400 |                 switch prev.participant {
 401 |                 case let .member(memberId, _, adminInfo: prevAdminInfo, banInfo: _, rank: prevRank, prevSubscriptionUntilDate):
     |                                                                                                     `- warning: immutable value 'prevSubscriptionUntilDate' was never used; consider replacing with '_' or removing it [#NoUsage]
 402 |                     switch new.participant {
 403 |                     case let .member(_, _, adminInfo: newAdminInfo, banInfo: _, rank: newRank, newSubscriptionUntilDate):

/Users/buddhirajgautam/Documents/Cherrygram-Mac/macOS-Swift/Telegram-Mac/ChannelEventLogItem.swift:403:96: warning: immutable value 'newSubscriptionUntilDate' was never used; consider replacing with '_' or removing it [#NoUsage]
 401 |                 case let .member(memberId, _, adminInfo: prevAdminInfo, banInfo: _, rank: prevRank, prevSubscriptionUntilDate):
 402 |                     switch new.participant {
 403 |                     case let .member(_, _, adminInfo: newAdminInfo, banInfo: _, rank: newRank, newSubscriptionUntilDate):
     |                                                                                                `- warning: immutable value 'newSubscriptionUntilDate' was never used; consider replacing with '_' or removing it [#NoUsage]
 404 |                         if let memberPeer = entry.peers[memberId] {
 405 |                             let message = NSMutableAttributedString()

/Users/buddhirajgautam/Documents/Cherrygram-Mac/macOS-Swift/Telegram-Mac/ChannelEventLogItem.swift:609:92: warning: immutable value 'prevVubscriptionUntilDate' was never used; consider replacing with '_' or removing it [#NoUsage]
 607 |             case let .participantToggleBan(prev, new):
 608 |                 switch prev.participant {
 609 |                 case let .member(memberId, _, adminInfo: _, banInfo: prevBanInfo, rank: _, prevVubscriptionUntilDate):
     |                                                                                            `- warning: immutable value 'prevVubscriptionUntilDate' was never used; consider replacing with '_' or removing it [#NoUsage]
 610 |                     switch new.participant {
 611 |                     case let .member(_, _, adminInfo: _, banInfo: newBanInfo, rank: _, newSubscriptionUntilDate):

/Users/buddhirajgautam/Documents/Cherrygram-Mac/macOS-Swift/Telegram-Mac/ChannelEventLogItem.swift:611:88: warning: immutable value 'newSubscriptionUntilDate' was never used; consider replacing with '_' or removing it [#NoUsage]
 609 |                 case let .member(memberId, _, adminInfo: _, banInfo: prevBanInfo, rank: _, prevVubscriptionUntilDate):
 610 |                     switch new.participant {
 611 |                     case let .member(_, _, adminInfo: _, banInfo: newBanInfo, rank: _, newSubscriptionUntilDate):
     |                                                                                        `- warning: immutable value 'newSubscriptionUntilDate' was never used; consider replacing with '_' or removing it [#NoUsage]
 612 |                         let message = NSMutableAttributedString()
 613 |                         if let memberPeer = entry.peers[memberId] {

/Users/buddhirajgautam/Documents/Cherrygram-Mac/macOS-Swift/Telegram-Mac/ChannelEventLogItem.swift:849:39: warning: immutable value 'prev' was never used; consider replacing with '_' or removing it [#NoUsage]
 847 |                     serviceInfo = ServiceTextInfo(text: text, firstLink: peerLink, secondLink: nil)
 848 |                 }
 849 |             case let .changeWallpaper(prev, new):
     |                                       `- warning: immutable value 'prev' was never used; consider replacing with '_' or removing it [#NoUsage]
 850 |                 let text = strings().channelEventLogMessageChangedWallpaper(peer.displayTitle)
 851 |                 serviceInfo = ServiceTextInfo(text: text, firstLink: peerLink, secondLink: nil)

/Users/buddhirajgautam/Documents/Cherrygram-Mac/macOS-Swift/Telegram-Mac/ChannelEventLogItem.swift:849:45: warning: immutable value 'new' was never used; consider replacing with '_' or removing it [#NoUsage]
 847 |                     serviceInfo = ServiceTextInfo(text: text, firstLink: peerLink, secondLink: nil)
 848 |                 }
 849 |             case let .changeWallpaper(prev, new):
     |                                             `- warning: immutable value 'new' was never used; consider replacing with '_' or removing it [#NoUsage]
 850 |                 let text = strings().channelEventLogMessageChangedWallpaper(peer.displayTitle)
 851 |                 serviceInfo = ServiceTextInfo(text: text, firstLink: peerLink, secondLink: nil)

/Users/buddhirajgautam/Documents/Cherrygram-Mac/macOS-Swift/Telegram-Mac/ChannelBlocklistViewController.swift:42:9: warning: 'Hashable.hashValue' is deprecated as a protocol requirement; conform type 'ChannelBlacklistEntryStableId' to 'Hashable' by implementing 'hash(into:)' instead [#DeprecatedDeclaration]
 40 |     case section(Int32)
 41 |     case header(Int32)
 42 |     var hashValue: Int {
    |         `- warning: 'Hashable.hashValue' is deprecated as a protocol requirement; conform type 'ChannelBlacklistEntryStableId' to 'Hashable' by implementing 'hash(into:)' instead [#DeprecatedDeclaration]
 43 |         switch self {
 44 |         case let .peer(peerId):

/Users/buddhirajgautam/Documents/Cherrygram-Mac/macOS-Swift/Telegram-Mac/ChannelAdminController.swift:81:9: warning: 'Hashable.hashValue' is deprecated as a protocol requirement; conform type 'ChannelAdminEntryStableId' to 'Hashable' by implementing 'hash(into:)' instead [#DeprecatedDeclaration]
  79 |     case roleDesc
  80 |     case dismiss
  81 |     var hashValue: Int {
     |         `- warning: 'Hashable.hashValue' is deprecated as a protocol requirement; conform type 'ChannelAdminEntryStableId' to 'Hashable' by implementing 'hash(into:)' instead [#DeprecatedDeclaration]
  82 |         return 0
  83 |     }

/Users/buddhirajgautam/Documents/Cherrygram-Mac/macOS-Swift/Telegram-Mac/BlockedPeersViewController.swift:26:9: warning: 'Hashable.hashValue' is deprecated as a protocol requirement; conform type 'BlockedPeerEntryStableId' to 'Hashable' by implementing 'hash(into:)' instead [#DeprecatedDeclaration]
 24 |     case empty
 25 |     case sectionId(Int32)
 26 |     var hashValue: Int {
    |         `- warning: 'Hashable.hashValue' is deprecated as a protocol requirement; conform type 'BlockedPeerEntryStableId' to 'Hashable' by implementing 'hash(into:)' instead [#DeprecatedDeclaration]
 27 |         switch self {
 28 |         case let .peer(peerId):

/Users/buddhirajgautam/Documents/Cherrygram-Mac/macOS-Swift/Telegram-Mac/ChatController.swift:4001:141: warning: 'weak' ownership of capture 'strongSelf' differs from implicitly-captured strong reference in outer scope [#ImplicitStrongCapture]
 3998 |                             apply(strongSelf, atDate: atDate)
 3999 |                         } else if presentation.state != .editing, let peer = chatInteraction.peer {
 4000 |                             DispatchQueue.main.async {
      |                                                      |- note: 'strongSelf' implicitly strongly captured here
      |                                                      `- note: add 'strongSelf' as a capture list item to silence
 4001 |                                 showModal(with: DateSelectorModalController(context: context, mode: .schedule(peer.id), selectedAt: { [weak strongSelf] date in
      |                                                                                                                                             |- warning: 'weak' ownership of capture 'strongSelf' differs from implicitly-captured strong reference in outer scope [#ImplicitStrongCapture]
      |                                                                                                                                             `- note: explicitly assign the capture list item to silence
 4002 |                                     if let strongSelf = strongSelf {
 4003 |                                         apply(strongSelf, atDate: date)

/Users/buddhirajgautam/Documents/Cherrygram-Mac/macOS-Swift/Telegram-Mac/ChatController.swift:5592:133: warning: 'weak' ownership of capture 'strongSelf' differs from implicitly-captured strong reference in outer scope [#ImplicitStrongCapture]
 5566 |             if let strongSelf = self, let peer = strongSelf.chatInteraction.peer, peer.canSendMessage(strongSelf.mode.isThreadMode, media: file, threadData: strongSelf.chatInteraction.presentation.threadInfo, cachedData: strongSelf.chatInteraction.presentation.cachedData) {
 5567 |                 
 5568 |                 let invoke:()->Void = {
      |                                       |- note: 'strongSelf' implicitly strongly captured here
      |                                       `- note: add 'strongSelf' as a capture list item to silence
 5569 |                     let hasFwd = !strongSelf.chatInteraction.presentation.interfaceState.forwardMessageIds.isEmpty
 5570 |                     func apply(_ controller: ChatController, atDate: Date?) {
      :
 5590 |                     
 5591 |                     if shouldSchedule {
 5592 |                         showModal(with: DateSelectorModalController(context: context, mode: .schedule(peer.id), selectedAt: { [weak strongSelf] date in
      |                                                                                                                                     |- warning: 'weak' ownership of capture 'strongSelf' differs from implicitly-captured strong reference in outer scope [#ImplicitStrongCapture]
      |                                                                                                                                     `- note: explicitly assign the capture list item to silence
 5593 |                             if let controller = strongSelf {
 5594 |                                 apply(controller, atDate: date)

/Users/buddhirajgautam/Documents/Cherrygram-Mac/macOS-Swift/Telegram-Mac/ChatController.swift:5661:62: warning: 'weak' ownership of capture 'strongSelf' differs from implicitly-captured strong reference in outer scope [#ImplicitStrongCapture]
 5652 |                 if canSend {
 5653 |                     
 5654 |                     let invoke:()->Void = {
      |                                           |- note: 'strongSelf' implicitly strongly captured here
      |                                           `- note: add 'strongSelf' as a capture list item to silence
 5655 |                         func apply(_ controller: ChatController, atDate: Date?) {
 5656 |                             let _ = (Sender.enqueue(media: medias, caption: caption, context: context, peerId: controller.chatInteraction.peerId, replyId: takeReplyId(), threadId: threadId64(), isCollage: isCollage, additionText: additionText, silent: silent, atDate: atDate, isSpoiler: isSpoiler, customChatContents: customChatContents, messageEffect: messageEffect, leadingText: leadingText, sendPaidMessageStars: takePaidMessageStars(), suggestPost: presentation.interfaceState.suggestPost) |> deliverOnMainQueue).start(completed: scrollAfterSend)
      :
 5659 |                         switch strongSelf.mode {
 5660 |                         case .history, .thread, .customChatContents:
 5661 |                             DispatchQueue.main.async { [weak strongSelf] in
      |                                                              |- warning: 'weak' ownership of capture 'strongSelf' differs from implicitly-captured strong reference in outer scope [#ImplicitStrongCapture]
      |                                                              `- note: explicitly assign the capture list item to silence
 5662 |                                 if let _ = atDate {
 5663 |                                     strongSelf?.openScheduledChat()

/Users/buddhirajgautam/Documents/Cherrygram-Mac/macOS-Swift/Telegram-Mac/ChatController.swift:5671:141: warning: 'weak' ownership of capture 'strongSelf' differs from implicitly-captured strong reference in outer scope [#ImplicitStrongCapture]
 5652 |                 if canSend {
 5653 |                     
 5654 |                     let invoke:()->Void = {
      |                                           |- note: 'strongSelf' implicitly strongly captured here
      |                                           `- note: add 'strongSelf' as a capture list item to silence
 5655 |                         func apply(_ controller: ChatController, atDate: Date?) {
 5656 |                             let _ = (Sender.enqueue(media: medias, caption: caption, context: context, peerId: controller.chatInteraction.peerId, replyId: takeReplyId(), threadId: threadId64(), isCollage: isCollage, additionText: additionText, silent: silent, atDate: atDate, isSpoiler: isSpoiler, customChatContents: customChatContents, messageEffect: messageEffect, leadingText: leadingText, sendPaidMessageStars: takePaidMessageStars(), suggestPost: presentation.interfaceState.suggestPost) |> deliverOnMainQueue).start(completed: scrollAfterSend)
      :
 5669 |                                 apply(strongSelf, atDate: atDate)
 5670 |                             } else {
 5671 |                                 showModal(with: DateSelectorModalController(context: context, mode: .schedule(peer.id), selectedAt: { [weak strongSelf] date in
      |                                                                                                                                             |- warning: 'weak' ownership of capture 'strongSelf' differs from implicitly-captured strong reference in outer scope [#ImplicitStrongCapture]
      |                                                                                                                                             `- note: explicitly assign the capture list item to silence
 5672 |                                     if let strongSelf = strongSelf {
 5673 |                                         apply(strongSelf, atDate: date)

/Users/buddhirajgautam/Documents/Cherrygram-Mac/macOS-Swift/Telegram-Mac/ChatController.swift:5726:133: warning: 'weak' ownership of capture 'strongSelf' differs from implicitly-captured strong reference in outer scope [#ImplicitStrongCapture]
 5723 |                 switch strongSelf.mode {
 5724 |                 case .scheduled:
 5725 |                     DispatchQueue.main.async {
      |                                              |- note: 'strongSelf' implicitly strongly captured here
      |                                              `- note: add 'strongSelf' as a capture list item to silence
 5726 |                         showModal(with: DateSelectorModalController(context: context, mode: .schedule(peer.id), selectedAt: { [weak strongSelf] date in
      |                                                                                                                                     |- warning: 'weak' ownership of capture 'strongSelf' differs from implicitly-captured strong reference in outer scope [#ImplicitStrongCapture]
      |                                                                                                                                     `- note: explicitly assign the capture list item to silence
 5727 |                             if let strongSelf = strongSelf {
 5728 |                                 apply(strongSelf, atDate: date)

/Users/buddhirajgautam/Documents/Cherrygram-Mac/macOS-Swift/Telegram-Mac/ShareModalController.swift:1439:9: warning: 'Hashable.hashValue' is deprecated as a protocol requirement; conform type 'SelectablePeersEntryStableId' to 'Hashable' by implementing 'hash(into:)' instead [#DeprecatedDeclaration]
1437 |     case separator(ChatListIndex)
1438 |     case folders
1439 |     var hashValue: Int {
     |         `- warning: 'Hashable.hashValue' is deprecated as a protocol requirement; conform type 'SelectablePeersEntryStableId' to 'Hashable' by implementing 'hash(into:)' instead [#DeprecatedDeclaration]
1440 |         switch self {
1441 |         case let .plain(peerId, _):

/Users/buddhirajgautam/Documents/Cherrygram-Mac/macOS-Swift/Telegram-Mac/PaymentsCheckoutController.swift:173:34: warning: conformance of 'TelegramMediaInvoice' to protocol 'Equatable' was already stated in the type's module 'TelegramCore'
171 | }
172 | 
173 | extension TelegramMediaInvoice : Equatable {
    |                                  `- warning: conformance of 'TelegramMediaInvoice' to protocol 'Equatable' was already stated in the type's module 'TelegramCore'
174 |     public static func == (lhs: TelegramMediaInvoice, rhs: TelegramMediaInvoice) -> Bool {
    |                        `- note: operator function '==' will not be used to satisfy the conformance to 'Equatable'
175 |         return lhs.id == rhs.id
176 |     }

TelegramCore.TelegramMediaInvoice:1:20: note: 'TelegramMediaInvoice' declares conformance to protocol 'Equatable' here
 1 | final public class TelegramMediaInvoice : Postbox.Media, Equatable {
   |                    `- note: 'TelegramMediaInvoice' declares conformance to protocol 'Equatable' here
 2 |     public static let lastVersion: Int32
 3 |     public var peerIds: [Postbox.PeerId]

/Users/buddhirajgautam/Documents/Cherrygram-Mac/macOS-Swift/Telegram-Mac/SaveModalController.swift:17:23: warning: 'override' is implied when overriding a required initializer
 15 |     private let imageView:MediaAnimatedStickerView = MediaAnimatedStickerView(frame: NSZeroRect)
 16 |     private let textView: TextView = TextView()
 17 |     required override init(frame frameRect: NSRect) {
    |                       `- warning: 'override' is implied when overriding a required initializer
 18 |         super.init(frame: frameRect)
 19 |         addSubview(imageView)

TGUIKit.View.init:2:37: note: overridden required initializer is here
1 | class View {
2 | @MainActor override required public init(frame frameRect: NSRect)}
  |                                     `- note: overridden required initializer is here
3 | 

/Users/buddhirajgautam/Documents/Cherrygram-Mac/macOS-Swift/Telegram-Mac/PollResultController.swift:122:9: warning: variable 'isEmpty' was written to, but never read
120 |     
121 |     
122 |     var isEmpty = false
    |         `- warning: variable 'isEmpty' was written to, but never read
123 |     if let resultsState = state.results {
124 |         for (_, optionState) in resultsState.options {

/Users/buddhirajgautam/Documents/Cherrygram-Mac/macOS-Swift/Telegram-Mac/PremiumFeatureSlideView.swift:88:23: warning: 'override' is implied when overriding a required initializer
 86 |     }
 87 |     
 88 |     override required init(frame frameRect: NSRect) {
    |                       `- warning: 'override' is implied when overriding a required initializer
 89 |         fatalError("init(frame:) has not been implemented")
 90 |     }

TGUIKit.View.init:2:37: note: overridden required initializer is here
1 | class View {
2 | @MainActor override required public init(frame frameRect: NSRect)}
  |                                     `- note: overridden required initializer is here
3 | 

/Users/buddhirajgautam/Documents/Cherrygram-Mac/macOS-Swift/Telegram-Mac/QuickSwitcherModalController.swift:32:9: warning: 'Hashable.hashValue' is deprecated as a protocol requirement; conform type 'QuickSwitcherStableId' to 'Hashable' by implementing 'hash(into:)' instead [#DeprecatedDeclaration]
 30 |     case separator(QuickSwitcherSeparator)
 31 |     case empty
 32 |     var hashValue: Int {
    |         `- warning: 'Hashable.hashValue' is deprecated as a protocol requirement; conform type 'QuickSwitcherStableId' to 'Hashable' by implementing 'hash(into:)' instead [#DeprecatedDeclaration]
 33 |         return 0
 34 |     }

